[0.015s][info][gc,init] Initializing The Z Garbage Collector
[0.015s][info][gc,init] Version: 20+36-2344 (release)
[0.015s][info][gc,init] NUMA Support: Disabled
[0.015s][info][gc,init] CPUs: 48 total, 48 available
[0.016s][info][gc,init] Memory: 391843M
[0.016s][info][gc,init] Large Page Support: Disabled
[0.016s][info][gc,init] GC Workers: 12 (dynamic)
[0.017s][info][gc,init] Address Space Type: Contiguous/Unrestricted/Complete
[0.017s][info][gc,init] Address Space Size: 491488M x 3 = 1474464M
[0.018s][info][gc,init] Min Capacity: 8M
[0.018s][info][gc,init] Initial Capacity: 2048M
[0.027s][info][gc,init] Max Capacity: 30718M
[0.027s][info][gc,init] Medium Page Size: 32M
[0.027s][info][gc,init] Pre-touch: Disabled
[0.027s][info][gc,init] Uncommit: Enabled
[0.027s][info][gc,init] Uncommit Delay: 300s
[0.103s][info][gc,init] Runtime Workers: 29
[0.106s][info][gc     ] Using The Z Garbage Collector
[0.107s][info][gc,metaspace] CDS archive(s) mapped at: [0x0000000800000000-0x0000000800c60000-0x0000000800c60000), size 12976128, SharedBaseAddress: 0x0000000800000000, ArchiveRelocationMode: 0.
[0.107s][info][gc,metaspace] Compressed class space mapped at: 0x0000000801000000-0x0000000841000000, reserved size: 1073741824
[0.107s][info][gc,metaspace] Narrow klass base: 0x0000000800000000, Narrow klass shift: 0, Narrow klass range: 0x100000000
[1.463s][info][gc,start    ] GC(0) Garbage Collection (System.gc())
[1.463s][info][gc,task     ] GC(0) Using 12 workers
[1.464s][info][gc,phases   ] GC(0) Pause Mark Start 0.017ms
[1.489s][info][gc,phases   ] GC(0) Concurrent Mark 24.935ms
[1.489s][info][gc,phases   ] GC(0) Pause Mark End 0.026ms
[1.489s][info][gc,phases   ] GC(0) Concurrent Mark Free 0.001ms
[1.490s][info][gc,phases   ] GC(0) Concurrent Process Non-Strong References 1.124ms
[1.490s][info][gc,phases   ] GC(0) Concurrent Reset Relocation Set 0.001ms
[1.506s][info][gc,phases   ] GC(0) Concurrent Select Relocation Set 15.566ms
[1.506s][info][gc,phases   ] GC(0) Pause Relocate Start 0.016ms
[1.509s][info][gc,phases   ] GC(0) Concurrent Relocate 3.219ms
[1.509s][info][gc,load     ] GC(0) Load: 0.00/0.00/0.00
[1.509s][info][gc,mmu      ] GC(0) MMU: 2ms/98.7%, 5ms/99.5%, 10ms/99.7%, 20ms/99.8%, 50ms/99.9%, 100ms/99.9%
[1.509s][info][gc,marking  ] GC(0) Mark: 8 stripe(s), 2 proactive flush(es), 1 terminate flush(es), 0 completion(s), 0 continuation(s) 
[1.509s][info][gc,marking  ] GC(0) Mark Stack Usage: 32M
[1.509s][info][gc,nmethod  ] GC(0) NMethods: 1156 registered, 137 unregistered
[1.510s][info][gc,metaspace] GC(0) Metaspace: 13M used, 14M committed, 1088M reserved
[1.510s][info][gc,ref      ] GC(0) Soft: 194 encountered, 0 discovered, 0 enqueued
[1.510s][info][gc,ref      ] GC(0) Weak: 899 encountered, 440 discovered, 283 enqueued
[1.510s][info][gc,ref      ] GC(0) Final: 0 encountered, 0 discovered, 0 enqueued
[1.510s][info][gc,ref      ] GC(0) Phantom: 242 encountered, 228 discovered, 207 enqueued
[1.510s][info][gc,reloc    ] GC(0) Small Pages: 28 / 56M, Empty: 0M, Relocated: 3M, In-Place: 0
[1.510s][info][gc,reloc    ] GC(0) Medium Pages: 0 / 0M, Empty: 0M, Relocated: 0M, In-Place: 0
[1.510s][info][gc,reloc    ] GC(0) Large Pages: 0 / 0M, Empty: 0M, Relocated: 0M, In-Place: 0
[1.510s][info][gc,reloc    ] GC(0) Forwarding Usage: 1M
[1.510s][info][gc,heap     ] GC(0) Min Capacity: 8M(0%)
[1.510s][info][gc,heap     ] GC(0) Max Capacity: 30718M(100%)
[1.510s][info][gc,heap     ] GC(0) Soft Max Capacity: 30718M(100%)
[1.510s][info][gc,heap     ] GC(0)                Mark Start          Mark End        Relocate Start      Relocate End           High               Low         
[1.510s][info][gc,heap     ] GC(0)  Capacity:     2048M (7%)         2048M (7%)         2048M (7%)         2048M (7%)         2048M (7%)         2048M (7%)     
[1.510s][info][gc,heap     ] GC(0)      Free:    30662M (100%)      30662M (100%)      30658M (100%)      30686M (100%)      30686M (100%)      30644M (100%)   
[1.510s][info][gc,heap     ] GC(0)      Used:       56M (0%)           56M (0%)           60M (0%)           32M (0%)           74M (0%)           32M (0%)     
[1.510s][info][gc,heap     ] GC(0)      Live:         -                 5M (0%)            5M (0%)            5M (0%)             -                  -          
[1.510s][info][gc,heap     ] GC(0) Allocated:         -                 0M (0%)            4M (0%)            4M (0%)             -                  -          
[1.510s][info][gc,heap     ] GC(0)   Garbage:         -                50M (0%)           50M (0%)           22M (0%)             -                  -          
[1.510s][info][gc,heap     ] GC(0) Reclaimed:         -                  -                 0M (0%)           28M (0%)             -                  -          
[1.510s][info][gc          ] GC(0) Garbage Collection (System.gc()) 56M(0%)->32M(0%)
[6.238s][info][gc,start    ] GC(1) Garbage Collection (Warmup)
[6.238s][info][gc,task     ] GC(1) Using 12 workers
[6.253s][info][gc,phases   ] GC(1) Pause Mark Start 0.014ms
[6.613s][info][gc,phases   ] GC(1) Concurrent Mark 359.093ms
[6.628s][info][gc,phases   ] GC(1) Pause Mark End 0.028ms
[6.660s][info][gc,phases   ] GC(1) Concurrent Mark Free 0.002ms
[6.747s][info][gc,phases   ] GC(1) Concurrent Process Non-Strong References 86.797ms
[6.747s][info][gc,phases   ] GC(1) Concurrent Reset Relocation Set 0.008ms
[6.770s][info][gc,phases   ] GC(1) Concurrent Select Relocation Set 23.135ms
[6.879s][info][gc,phases   ] GC(1) Pause Relocate Start 0.010ms
[6.886s][info][gc,phases   ] GC(1) Concurrent Relocate 6.950ms
[6.886s][info][gc,load     ] GC(1) Load: 0.00/0.00/0.00
[6.886s][info][gc,mmu      ] GC(1) MMU: 2ms/98.6%, 5ms/99.4%, 10ms/99.7%, 20ms/99.8%, 50ms/99.9%, 100ms/99.9%
[6.886s][info][gc,marking  ] GC(1) Mark: 8 stripe(s), 3 proactive flush(es), 1 terminate flush(es), 0 completion(s), 0 continuation(s) 
[6.886s][info][gc,marking  ] GC(1) Mark Stack Usage: 32M
[6.886s][info][gc,nmethod  ] GC(1) NMethods: 2135 registered, 430 unregistered
[6.886s][info][gc,metaspace] GC(1) Metaspace: 15M used, 15M committed, 1088M reserved
[6.886s][info][gc,ref      ] GC(1) Soft: 231 encountered, 0 discovered, 0 enqueued
[6.886s][info][gc,ref      ] GC(1) Weak: 941 encountered, 312 discovered, 89 enqueued
[6.886s][info][gc,ref      ] GC(1) Final: 0 encountered, 0 discovered, 0 enqueued
[6.886s][info][gc,ref      ] GC(1) Phantom: 70 encountered, 57 discovered, 35 enqueued
[6.886s][info][gc,reloc    ] GC(1) Small Pages: 1592 / 3184M, Empty: 2608M, Relocated: 6M, In-Place: 0
[6.886s][info][gc,reloc    ] GC(1) Medium Pages: 0 / 0M, Empty: 0M, Relocated: 0M, In-Place: 0
[6.886s][info][gc,reloc    ] GC(1) Large Pages: 0 / 0M, Empty: 0M, Relocated: 0M, In-Place: 0
[6.886s][info][gc,reloc    ] GC(1) Forwarding Usage: 2M
[6.886s][info][gc,heap     ] GC(1) Min Capacity: 8M(0%)
[6.886s][info][gc,heap     ] GC(1) Max Capacity: 30718M(100%)
[6.886s][info][gc,heap     ] GC(1) Soft Max Capacity: 30718M(100%)
[6.886s][info][gc,heap     ] GC(1)                Mark Start          Mark End        Relocate Start      Relocate End           High               Low         
[6.886s][info][gc,heap     ] GC(1)  Capacity:     3188M (10%)        3708M (12%)        3860M (13%)        3860M (13%)        3860M (13%)        3188M (10%)    
[6.886s][info][gc,heap     ] GC(1)      Free:    27534M (90%)       27028M (88%)       29332M (95%)       29848M (97%)       29858M (97%)       26858M (87%)    
[6.886s][info][gc,heap     ] GC(1)      Used:     3184M (10%)        3690M (12%)        1386M (5%)          870M (3%)         3860M (13%)         860M (3%)     
[6.886s][info][gc,heap     ] GC(1)      Live:         -                 8M (0%)            8M (0%)            8M (0%)             -                  -          
[6.886s][info][gc,heap     ] GC(1) Allocated:         -               506M (2%)          810M (3%)          843M (3%)             -                  -          
[6.886s][info][gc,heap     ] GC(1)   Garbage:         -              3175M (10%)         567M (2%)           17M (0%)             -                  -          
[6.886s][info][gc,heap     ] GC(1) Reclaimed:         -                  -              2608M (8%)         3157M (10%)            -                  -          
[6.886s][info][gc          ] GC(1) Garbage Collection (Warmup) 3184M(10%)->870M(3%)
[10.138s][info][gc,stats    ] === Garbage Collection Statistics =======================================================================================================================
[10.138s][info][gc,stats    ]                                                              Last 10s              Last 10m              Last 10h                Total
[10.138s][info][gc,stats    ]                                                              Avg / Max             Avg / Max             Avg / Max             Avg / Max
[10.138s][info][gc,stats    ]   Collector: Garbage Collection Cycle                    346.972 / 647.919     346.972 / 647.919     346.972 / 647.919     346.972 / 647.919     ms
[10.138s][info][gc,stats    ]  Contention: Mark Segment Reset Contention                     3 / 37                3 / 37                3 / 37                3 / 37          ops/s
[10.138s][info][gc,stats    ]  Contention: Mark SeqNum Reset Contention                      0 / 1                 0 / 1                 0 / 1                 0 / 1           ops/s
[10.138s][info][gc,stats    ]    Critical: Allocation Stall                                  0 / 0                 0 / 0                 0 / 0                 0 / 0           ops/s
[10.138s][info][gc,stats    ]    Critical: Allocation Stall                              0.000 / 0.000         0.000 / 0.000         0.000 / 0.000         0.000 / 0.000       ms
[10.138s][info][gc,stats    ]    Critical: GC Locker Stall                                   0 / 0                 0 / 0                 0 / 0                 0 / 0           ops/s
[10.139s][info][gc,stats    ]    Critical: GC Locker Stall                               0.000 / 0.000         0.000 / 0.000         0.000 / 0.000         0.000 / 0.000       ms
[10.139s][info][gc,stats    ]    Critical: Relocation Stall                                  0 / 0                 0 / 0                 0 / 0                 0 / 0           ops/s
[10.139s][info][gc,stats    ]    Critical: Relocation Stall                              0.000 / 0.000         0.000 / 0.000         0.000 / 0.000         0.000 / 0.000       ms
[10.139s][info][gc,stats    ]      Memory: Allocation Rate                                 597 / 2004            597 / 2004            597 / 2004            597 / 2004        MB/s
[10.139s][info][gc,stats    ]      Memory: Defragment                                        0 / 0                 0 / 0                 0 / 0                 0 / 0           ops/s
[10.139s][info][gc,stats    ]      Memory: Out Of Memory                                     0 / 0                 0 / 0                 0 / 0                 0 / 0           ops/s
[10.139s][info][gc,stats    ]      Memory: Page Cache Flush                                  0 / 0                 0 / 0                 0 / 0                 0 / 0           MB/s
[10.139s][info][gc,stats    ]      Memory: Page Cache Hit L1                               106 / 557             106 / 557             106 / 557             106 / 557         ops/s
[10.139s][info][gc,stats    ]      Memory: Page Cache Hit L2                                 0 / 0                 0 / 0                 0 / 0                 0 / 0           ops/s
[10.139s][info][gc,stats    ]      Memory: Page Cache Hit L3                               102 / 688             102 / 688             102 / 688             102 / 688         ops/s
[10.139s][info][gc,stats    ]      Memory: Page Cache Miss                                  90 / 489              90 / 489              90 / 489              90 / 489         ops/s
[10.139s][info][gc,stats    ]      Memory: Uncommit                                          0 / 0                 0 / 0                 0 / 0                 0 / 0           MB/s
[10.139s][info][gc,stats    ]      Memory: Undo Object Allocation Failed                     0 / 0                 0 / 0                 0 / 0                 0 / 0           ops/s
[10.139s][info][gc,stats    ]      Memory: Undo Object Allocation Succeeded                  8 / 85                8 / 85                8 / 85                8 / 85          ops/s
[10.139s][info][gc,stats    ]      Memory: Undo Page Allocation                             10 / 101              10 / 101              10 / 101              10 / 101         ops/s
[10.139s][info][gc,stats    ]       Phase: Concurrent Mark                             192.014 / 359.093     192.014 / 359.093     192.014 / 359.093     192.014 / 359.093     ms
[10.139s][info][gc,stats    ]       Phase: Concurrent Mark Continue                      0.000 / 0.000         0.000 / 0.000         0.000 / 0.000         0.000 / 0.000       ms
[10.139s][info][gc,stats    ]       Phase: Concurrent Mark Free                          0.002 / 0.002         0.002 / 0.002         0.002 / 0.002         0.002 / 0.002       ms
[10.139s][info][gc,stats    ]       Phase: Concurrent Process Non-Strong References     43.960 / 86.797       43.960 / 86.797       43.960 / 86.797       43.960 / 86.797      ms
[10.139s][info][gc,stats    ]       Phase: Concurrent Relocate                           5.084 / 6.950         5.084 / 6.950         5.084 / 6.950         5.084 / 6.950       ms
[10.139s][info][gc,stats    ]       Phase: Concurrent Reset Relocation Set               0.004 / 0.008         0.004 / 0.008         0.004 / 0.008         0.004 / 0.008       ms
[10.139s][info][gc,stats    ]       Phase: Concurrent Select Relocation Set             19.351 / 23.135       19.351 / 23.135       19.351 / 23.135       19.351 / 23.135      ms
[10.139s][info][gc,stats    ]       Phase: Pause Mark End                                0.027 / 0.028         0.027 / 0.028         0.027 / 0.028         0.027 / 0.028       ms
[10.139s][info][gc,stats    ]       Phase: Pause Mark Start                              0.015 / 0.017         0.015 / 0.017         0.015 / 0.017         0.015 / 0.017       ms
[10.139s][info][gc,stats    ]       Phase: Pause Relocate Start                          0.013 / 0.016         0.013 / 0.016         0.013 / 0.016         0.013 / 0.016       ms
[10.139s][info][gc,stats    ]    Subphase: Concurrent Classes Purge                      4.743 / 8.983         4.743 / 8.983         4.743 / 8.983         4.743 / 8.983       ms
[10.139s][info][gc,stats    ]    Subphase: Concurrent Classes Unlink                     5.391 / 10.397        5.391 / 10.397        5.391 / 10.397        5.391 / 10.397      ms
[10.139s][info][gc,stats    ]    Subphase: Concurrent Mark                             182.615 / 344.053     182.615 / 344.053     182.615 / 344.053     182.615 / 344.053     ms
[10.139s][info][gc,stats    ]    Subphase: Concurrent Mark Try Flush                    38.851 / 99.957       38.851 / 99.957       38.851 / 99.957       38.851 / 99.957      ms
[10.140s][info][gc,stats    ]    Subphase: Concurrent Mark Try Terminate                14.864 / 62.504       14.864 / 62.504       14.864 / 62.504       14.864 / 62.504      ms
[10.140s][info][gc,stats    ]    Subphase: Concurrent References Enqueue                 0.005 / 0.005         0.005 / 0.005         0.005 / 0.005         0.005 / 0.005       ms
[10.140s][info][gc,stats    ]    Subphase: Concurrent References Process                 0.076 / 0.077         0.076 / 0.077         0.076 / 0.077         0.076 / 0.077       ms
[10.140s][info][gc,stats    ]    Subphase: Concurrent Roots ClassLoaderDataGraph         0.230 / 1.633         0.230 / 1.633         0.230 / 1.633         0.230 / 1.633       ms
[10.140s][info][gc,stats    ]    Subphase: Concurrent Roots CodeCache                    0.000 / 0.000         0.000 / 0.000         0.000 / 0.000         0.000 / 0.000       ms
[10.140s][info][gc,stats    ]    Subphase: Concurrent Roots JavaThreads                  6.634 / 13.523        6.634 / 13.523        6.634 / 13.523        6.634 / 13.523      ms
[10.140s][info][gc,stats    ]    Subphase: Concurrent Roots OopStorageSet                0.644 / 1.478         0.644 / 1.478         0.644 / 1.478         0.644 / 1.478       ms
[10.140s][info][gc,stats    ]    Subphase: Concurrent Weak Roots OopStorageSet           0.107 / 0.149         0.107 / 0.149         0.107 / 0.149         0.107 / 0.149       ms
[10.140s][info][gc,stats    ]    Subphase: Pause Mark Try Complete                       0.000 / 0.000         0.000 / 0.000         0.000 / 0.000         0.000 / 0.000       ms
[10.140s][info][gc,stats    ]      System: Java Threads                                     45 / 72               45 / 72               45 / 72               45 / 72          threads
[10.140s][info][gc,stats    ] =========================================================================================================================================================
[20.126s][info][gc,stats    ] === Garbage Collection Statistics =======================================================================================================================
[20.126s][info][gc,stats    ]                                                              Last 10s              Last 10m              Last 10h                Total
[20.126s][info][gc,stats    ]                                                              Avg / Max             Avg / Max             Avg / Max             Avg / Max
[20.126s][info][gc,stats    ]   Collector: Garbage Collection Cycle                      0.000 / 0.000       346.972 / 647.919     346.972 / 647.919     346.972 / 647.919     ms
[20.126s][info][gc,stats    ]  Contention: Mark Segment Reset Contention                     0 / 0                 1 / 37                1 / 37                1 / 37          ops/s
[20.126s][info][gc,stats    ]  Contention: Mark SeqNum Reset Contention                      0 / 0                 0 / 1                 0 / 1                 0 / 1           ops/s
[20.126s][info][gc,stats    ]    Critical: Allocation Stall                                  0 / 0                 0 / 0                 0 / 0                 0 / 0           ops/s
[20.126s][info][gc,stats    ]    Critical: Allocation Stall                              0.000 / 0.000         0.000 / 0.000         0.000 / 0.000         0.000 / 0.000       ms
[20.126s][info][gc,stats    ]    Critical: GC Locker Stall                                   0 / 0                 0 / 0                 0 / 0                 0 / 0           ops/s
[20.126s][info][gc,stats    ]    Critical: GC Locker Stall                               0.000 / 0.000         0.000 / 0.000         0.000 / 0.000         0.000 / 0.000       ms
[20.126s][info][gc,stats    ]    Critical: Relocation Stall                                  0 / 0                 0 / 0                 0 / 0                 0 / 0           ops/s
[20.126s][info][gc,stats    ]    Critical: Relocation Stall                              0.000 / 0.000         0.000 / 0.000         0.000 / 0.000         0.000 / 0.000       ms
[20.126s][info][gc,stats    ]      Memory: Allocation Rate                                 251 / 1336            424 / 2004            424 / 2004            424 / 2004        MB/s
[20.126s][info][gc,stats    ]      Memory: Defragment                                        0 / 0                 0 / 0                 0 / 0                 0 / 0           ops/s
[20.126s][info][gc,stats    ]      Memory: Out Of Memory                                     0 / 0                 0 / 0                 0 / 0                 0 / 0           ops/s
[20.126s][info][gc,stats    ]      Memory: Page Cache Flush                                  0 / 0                 0 / 0                 0 / 0                 0 / 0           MB/s
[20.126s][info][gc,stats    ]      Memory: Page Cache Hit L1                                65 / 653              86 / 653              86 / 653              86 / 653         ops/s
[20.126s][info][gc,stats    ]      Memory: Page Cache Hit L2                                 0 / 0                 0 / 0                 0 / 0                 0 / 0           ops/s
[20.126s][info][gc,stats    ]      Memory: Page Cache Hit L3                                 0 / 0                51 / 688              51 / 688              51 / 688         ops/s
[20.126s][info][gc,stats    ]      Memory: Page Cache Miss                                  60 / 282              75 / 489              75 / 489              75 / 489         ops/s
[20.127s][info][gc,stats    ]      Memory: Uncommit                                          0 / 0                 0 / 0                 0 / 0                 0 / 0           MB/s
[20.127s][info][gc,stats    ]      Memory: Undo Object Allocation Failed                     0 / 0                 0 / 0                 0 / 0                 0 / 0           ops/s
[20.127s][info][gc,stats    ]      Memory: Undo Object Allocation Succeeded                  0 / 0                 4 / 85                4 / 85                4 / 85          ops/s
[20.127s][info][gc,stats    ]      Memory: Undo Page Allocation                              0 / 0                 5 / 101               5 / 101               5 / 101         ops/s
[20.127s][info][gc,stats    ]       Phase: Concurrent Mark                               0.000 / 0.000       192.014 / 359.093     192.014 / 359.093     192.014 / 359.093     ms
[20.127s][info][gc,stats    ]       Phase: Concurrent Mark Continue                      0.000 / 0.000         0.000 / 0.000         0.000 / 0.000         0.000 / 0.000       ms
[20.127s][info][gc,stats    ]       Phase: Concurrent Mark Free                          0.000 / 0.000         0.002 / 0.002         0.002 / 0.002         0.002 / 0.002       ms
[20.127s][info][gc,stats    ]       Phase: Concurrent Process Non-Strong References      0.000 / 0.000        43.960 / 86.797       43.960 / 86.797       43.960 / 86.797      ms
[20.127s][info][gc,stats    ]       Phase: Concurrent Relocate                           0.000 / 0.000         5.084 / 6.950         5.084 / 6.950         5.084 / 6.950       ms
[20.127s][info][gc,stats    ]       Phase: Concurrent Reset Relocation Set               0.000 / 0.000         0.004 / 0.008         0.004 / 0.008         0.004 / 0.008       ms
[20.127s][info][gc,stats    ]       Phase: Concurrent Select Relocation Set              0.000 / 0.000        19.351 / 23.135       19.351 / 23.135       19.351 / 23.135      ms
[20.127s][info][gc,stats    ]       Phase: Pause Mark End                                0.000 / 0.000         0.027 / 0.028         0.027 / 0.028         0.027 / 0.028       ms
[20.127s][info][gc,stats    ]       Phase: Pause Mark Start                              0.000 / 0.000         0.015 / 0.017         0.015 / 0.017         0.015 / 0.017       ms
[20.127s][info][gc,stats    ]       Phase: Pause Relocate Start                          0.000 / 0.000         0.013 / 0.016         0.013 / 0.016         0.013 / 0.016       ms
[20.127s][info][gc,stats    ]    Subphase: Concurrent Classes Purge                      0.000 / 0.000         4.743 / 8.983         4.743 / 8.983         4.743 / 8.983       ms
[20.127s][info][gc,stats    ]    Subphase: Concurrent Classes Unlink                     0.000 / 0.000         5.391 / 10.397        5.391 / 10.397        5.391 / 10.397      ms
[20.127s][info][gc,stats    ]    Subphase: Concurrent Mark                               0.000 / 0.000       182.615 / 344.053     182.615 / 344.053     182.615 / 344.053     ms
[20.127s][info][gc,stats    ]    Subphase: Concurrent Mark Try Flush                     0.000 / 0.000        38.851 / 99.957       38.851 / 99.957       38.851 / 99.957      ms
[20.127s][info][gc,stats    ]    Subphase: Concurrent Mark Try Terminate                 0.000 / 0.000        14.864 / 62.504       14.864 / 62.504       14.864 / 62.504      ms
[20.127s][info][gc,stats    ]    Subphase: Concurrent References Enqueue                 0.000 / 0.000         0.005 / 0.005         0.005 / 0.005         0.005 / 0.005       ms
[20.127s][info][gc,stats    ]    Subphase: Concurrent References Process                 0.000 / 0.000         0.076 / 0.077         0.076 / 0.077         0.076 / 0.077       ms
[20.127s][info][gc,stats    ]    Subphase: Concurrent Roots ClassLoaderDataGraph         0.000 / 0.000         0.230 / 1.633         0.230 / 1.633         0.230 / 1.633       ms
[20.127s][info][gc,stats    ]    Subphase: Concurrent Roots CodeCache                    0.000 / 0.000         0.000 / 0.000         0.000 / 0.000         0.000 / 0.000       ms
[20.127s][info][gc,stats    ]    Subphase: Concurrent Roots JavaThreads                  0.000 / 0.000         6.634 / 13.523        6.634 / 13.523        6.634 / 13.523      ms
[20.127s][info][gc,stats    ]    Subphase: Concurrent Roots OopStorageSet                0.000 / 0.000         0.644 / 1.478         0.644 / 1.478         0.644 / 1.478       ms
[20.127s][info][gc,stats    ]    Subphase: Concurrent Weak Roots OopStorageSet           0.000 / 0.000         0.107 / 0.149         0.107 / 0.149         0.107 / 0.149       ms
[20.127s][info][gc,stats    ]    Subphase: Pause Mark Try Complete                       0.000 / 0.000         0.000 / 0.000         0.000 / 0.000         0.000 / 0.000       ms
[20.127s][info][gc,stats    ]      System: Java Threads                                      0 / 0                45 / 72               45 / 72               45 / 72          threads
[20.127s][info][gc,stats    ] =========================================================================================================================================================
[20.513s][info][gc,start    ] GC(2) Garbage Collection (System.gc())
[20.513s][info][gc,task     ] GC(2) Using 12 workers
[20.513s][info][gc,phases   ] GC(2) Pause Mark Start 0.034ms
[20.539s][info][gc,phases   ] GC(2) Concurrent Mark 25.618ms
[20.539s][info][gc,phases   ] GC(2) Pause Mark End 0.023ms
[20.539s][info][gc,phases   ] GC(2) Concurrent Mark Free 0.001ms
[20.553s][info][gc,phases   ] GC(2) Concurrent Process Non-Strong References 13.677ms
[20.553s][info][gc,phases   ] GC(2) Concurrent Reset Relocation Set 0.093ms
[20.560s][info][gc,phases   ] GC(2) Concurrent Select Relocation Set 7.058ms
[20.560s][info][gc,phases   ] GC(2) Pause Relocate Start 0.009ms
[20.563s][info][gc,phases   ] GC(2) Concurrent Relocate 3.318ms
[20.563s][info][gc,load     ] GC(2) Load: 0.00/0.00/0.00
[20.563s][info][gc,mmu      ] GC(2) MMU: 2ms/98.3%, 5ms/99.3%, 10ms/99.7%, 20ms/99.8%, 50ms/99.9%, 100ms/99.9%
[20.564s][info][gc,marking  ] GC(2) Mark: 8 stripe(s), 1 proactive flush(es), 1 terminate flush(es), 0 completion(s), 0 continuation(s) 
[20.564s][info][gc,marking  ] GC(2) Mark Stack Usage: 32M
[20.564s][info][gc,nmethod  ] GC(2) NMethods: 2435 registered, 189 unregistered
[20.564s][info][gc,metaspace] GC(2) Metaspace: 16M used, 17M committed, 1088M reserved
[20.564s][info][gc,ref      ] GC(2) Soft: 250 encountered, 0 discovered, 0 enqueued
[20.564s][info][gc,ref      ] GC(2) Weak: 1168 encountered, 372 discovered, 198 enqueued
[20.564s][info][gc,ref      ] GC(2) Final: 0 encountered, 0 discovered, 0 enqueued
[20.564s][info][gc,ref      ] GC(2) Phantom: 210 encountered, 197 discovered, 175 enqueued
[20.564s][info][gc,reloc    ] GC(2) Small Pages: 2537 / 5074M, Empty: 4712M, Relocated: 6M, In-Place: 0
[20.564s][info][gc,reloc    ] GC(2) Medium Pages: 1 / 32M, Empty: 32M, Relocated: 0M, In-Place: 0
[20.564s][info][gc,reloc    ] GC(2) Large Pages: 2 / 12M, Empty: 12M, Relocated: 0M, In-Place: 0
[20.564s][info][gc,reloc    ] GC(2) Forwarding Usage: 2M
[20.564s][info][gc,heap     ] GC(2) Min Capacity: 8M(0%)
[20.564s][info][gc,heap     ] GC(2) Max Capacity: 30718M(100%)
[20.564s][info][gc,heap     ] GC(2) Soft Max Capacity: 30718M(100%)
[20.564s][info][gc,heap     ] GC(2)                Mark Start          Mark End        Relocate Start      Relocate End           High               Low         
[20.564s][info][gc,heap     ] GC(2)  Capacity:     5118M (17%)        5118M (17%)        5118M (17%)        5118M (17%)        5118M (17%)        5118M (17%)    
[20.564s][info][gc,heap     ] GC(2)      Free:    25600M (83%)       25600M (83%)       30352M (99%)       30688M (100%)      30688M (100%)      25600M (83%)    
[20.564s][info][gc,heap     ] GC(2)      Used:     5118M (17%)        5118M (17%)         366M (1%)           30M (0%)         5118M (17%)          30M (0%)     
[20.564s][info][gc,heap     ] GC(2)      Live:         -                 8M (0%)            8M (0%)            8M (0%)             -                  -          
[20.564s][info][gc,heap     ] GC(2) Allocated:         -                 0M (0%)            4M (0%)            4M (0%)             -                  -          
[20.564s][info][gc,heap     ] GC(2)   Garbage:         -              5109M (17%)         353M (1%)           17M (0%)             -                  -          
[20.564s][info][gc,heap     ] GC(2) Reclaimed:         -                  -              4756M (15%)        5092M (17%)            -                  -          
[20.564s][info][gc          ] GC(2) Garbage Collection (System.gc()) 5118M(17%)->30M(0%)
[30.126s][info][gc,stats    ] === Garbage Collection Statistics =======================================================================================================================
[30.126s][info][gc,stats    ]                                                              Last 10s              Last 10m              Last 10h                Total
[30.126s][info][gc,stats    ]                                                              Avg / Max             Avg / Max             Avg / Max             Avg / Max
[30.126s][info][gc,stats    ]   Collector: Garbage Collection Cycle                     50.805 / 50.805      248.250 / 647.919     248.250 / 647.919     248.250 / 647.919     ms
[30.126s][info][gc,stats    ]  Contention: Mark Segment Reset Contention                     0 / 3                 1 / 37                1 / 37                1 / 37          ops/s
[30.126s][info][gc,stats    ]  Contention: Mark SeqNum Reset Contention                      0 / 0                 0 / 1                 0 / 1                 0 / 1           ops/s
[30.126s][info][gc,stats    ]    Critical: Allocation Stall                                  0 / 0                 0 / 0                 0 / 0                 0 / 0           ops/s
[30.126s][info][gc,stats    ]    Critical: Allocation Stall                              0.000 / 0.000         0.000 / 0.000         0.000 / 0.000         0.000 / 0.000       ms
[30.126s][info][gc,stats    ]    Critical: GC Locker Stall                                   0 / 0                 0 / 0                 0 / 0                 0 / 0           ops/s
[30.126s][info][gc,stats    ]    Critical: GC Locker Stall                               0.000 / 0.000         0.000 / 0.000         0.000 / 0.000         0.000 / 0.000       ms
[30.126s][info][gc,stats    ]    Critical: Relocation Stall                                  0 / 0                 0 / 0                 0 / 0                 0 / 0           ops/s
[30.126s][info][gc,stats    ]    Critical: Relocation Stall                              0.000 / 0.000         0.000 / 0.000         0.000 / 0.000         0.000 / 0.000       ms
[30.126s][info][gc,stats    ]      Memory: Allocation Rate                                 572 / 4646            474 / 4646            474 / 4646            474 / 4646        MB/s
[30.126s][info][gc,stats    ]      Memory: Defragment                                        0 / 6                 0 / 6                 0 / 6                 0 / 6           ops/s
[30.126s][info][gc,stats    ]      Memory: Out Of Memory                                     0 / 0                 0 / 0                 0 / 0                 0 / 0           ops/s
[30.126s][info][gc,stats    ]      Memory: Page Cache Flush                                  1 / 12                0 / 12                0 / 12                0 / 12          MB/s
[30.126s][info][gc,stats    ]      Memory: Page Cache Hit L1                               253 / 2308            142 / 2308            142 / 2308            142 / 2308        ops/s
[30.126s][info][gc,stats    ]      Memory: Page Cache Hit L2                                 0 / 0                 0 / 0                 0 / 0                 0 / 0           ops/s
[30.126s][info][gc,stats    ]      Memory: Page Cache Hit L3                                 0 / 4                34 / 688              34 / 688              34 / 688         ops/s
[30.126s][info][gc,stats    ]      Memory: Page Cache Miss                                  31 / 268              60 / 489              60 / 489              60 / 489         ops/s
[30.126s][info][gc,stats    ]      Memory: Uncommit                                          0 / 0                 0 / 0                 0 / 0                 0 / 0           MB/s
[30.126s][info][gc,stats    ]      Memory: Undo Object Allocation Failed                     0 / 0                 0 / 0                 0 / 0                 0 / 0           ops/s
[30.126s][info][gc,stats    ]      Memory: Undo Object Allocation Succeeded                  0 / 0                 2 / 85                2 / 85                2 / 85          ops/s
[30.126s][info][gc,stats    ]      Memory: Undo Page Allocation                              0 / 0                 3 / 101               3 / 101               3 / 101         ops/s
[30.127s][info][gc,stats    ]       Phase: Concurrent Mark                              25.618 / 25.618      136.549 / 359.093     136.549 / 359.093     136.549 / 359.093     ms
[30.127s][info][gc,stats    ]       Phase: Concurrent Mark Continue                      0.000 / 0.000         0.000 / 0.000         0.000 / 0.000         0.000 / 0.000       ms
[30.127s][info][gc,stats    ]       Phase: Concurrent Mark Free                          0.001 / 0.001         0.001 / 0.002         0.001 / 0.002         0.001 / 0.002       ms
[30.127s][info][gc,stats    ]       Phase: Concurrent Process Non-Strong References     13.677 / 13.677       33.866 / 86.797       33.866 / 86.797       33.866 / 86.797      ms
[30.127s][info][gc,stats    ]       Phase: Concurrent Relocate                           3.318 / 3.318         4.496 / 6.950         4.496 / 6.950         4.496 / 6.950       ms
[30.127s][info][gc,stats    ]       Phase: Concurrent Reset Relocation Set               0.093 / 0.093         0.034 / 0.093         0.034 / 0.093         0.034 / 0.093       ms
[30.127s][info][gc,stats    ]       Phase: Concurrent Select Relocation Set              7.058 / 7.058        15.253 / 23.135       15.253 / 23.135       15.253 / 23.135      ms
[30.127s][info][gc,stats    ]       Phase: Pause Mark End                                0.023 / 0.023         0.026 / 0.028         0.026 / 0.028         0.026 / 0.028       ms
[30.127s][info][gc,stats    ]       Phase: Pause Mark Start                              0.034 / 0.034         0.021 / 0.034         0.021 / 0.034         0.021 / 0.034       ms
[30.127s][info][gc,stats    ]       Phase: Pause Relocate Start                          0.009 / 0.009         0.012 / 0.016         0.012 / 0.016         0.012 / 0.016       ms
[30.127s][info][gc,stats    ]    Subphase: Concurrent Classes Purge                      1.535 / 1.535         3.674 / 8.983         3.674 / 8.983         3.674 / 8.983       ms
[30.127s][info][gc,stats    ]    Subphase: Concurrent Classes Unlink                    11.741 / 11.741        7.507 / 11.741        7.507 / 11.741        7.507 / 11.741      ms
[30.127s][info][gc,stats    ]    Subphase: Concurrent Mark                               9.967 / 24.336      125.066 / 344.053     125.066 / 344.053     125.066 / 344.053     ms
[30.127s][info][gc,stats    ]    Subphase: Concurrent Mark Try Flush                     0.112 / 0.116        30.243 / 99.957       30.243 / 99.957       30.243 / 99.957      ms
[30.127s][info][gc,stats    ]    Subphase: Concurrent Mark Try Terminate                 4.334 / 16.382       14.305 / 62.504       14.305 / 62.504       14.305 / 62.504      ms
[30.127s][info][gc,stats    ]    Subphase: Concurrent References Enqueue                 0.003 / 0.003         0.004 / 0.005         0.004 / 0.005         0.004 / 0.005       ms
[30.127s][info][gc,stats    ]    Subphase: Concurrent References Process                 0.102 / 0.102         0.085 / 0.102         0.085 / 0.102         0.085 / 0.102       ms
[30.127s][info][gc,stats    ]    Subphase: Concurrent Roots ClassLoaderDataGraph         0.079 / 0.348         0.169 / 1.633         0.169 / 1.633         0.169 / 1.633       ms
[30.127s][info][gc,stats    ]    Subphase: Concurrent Roots CodeCache                    0.000 / 0.000         0.000 / 0.000         0.000 / 0.000         0.000 / 0.000       ms
[30.127s][info][gc,stats    ]    Subphase: Concurrent Roots JavaThreads                  0.850 / 1.141         4.531 / 13.523        4.531 / 13.523        4.531 / 13.523      ms
[30.127s][info][gc,stats    ]    Subphase: Concurrent Roots OopStorageSet                0.049 / 0.113         0.418 / 1.478         0.418 / 1.478         0.418 / 1.478       ms
[30.127s][info][gc,stats    ]    Subphase: Concurrent Weak Roots OopStorageSet           0.160 / 0.169         0.125 / 0.169         0.125 / 0.169         0.125 / 0.169       ms
[30.127s][info][gc,stats    ]    Subphase: Pause Mark Try Complete                       0.000 / 0.000         0.000 / 0.000         0.000 / 0.000         0.000 / 0.000       ms
[30.127s][info][gc,stats    ]      System: Java Threads                                     66 / 66               52 / 72               52 / 72               52 / 72          threads
[30.127s][info][gc,stats    ] =========================================================================================================================================================
[33.436s][info][gc,start    ] GC(3) Garbage Collection (Warmup)
[33.437s][info][gc,task     ] GC(3) Using 12 workers
[33.437s][info][gc,phases   ] GC(3) Pause Mark Start 0.020ms
[33.593s][info][gc,phases   ] GC(3) Concurrent Mark 155.725ms
[33.593s][info][gc,phases   ] GC(3) Pause Mark End 0.026ms
[33.593s][info][gc,phases   ] GC(3) Concurrent Mark Free 0.001ms
[33.594s][info][gc,phases   ] GC(3) Concurrent Process Non-Strong References 0.898ms
[33.594s][info][gc,phases   ] GC(3) Concurrent Reset Relocation Set 0.014ms
[33.628s][info][gc,phases   ] GC(3) Concurrent Select Relocation Set 34.546ms
[33.628s][info][gc,phases   ] GC(3) Pause Relocate Start 0.010ms
[33.675s][info][gc,phases   ] GC(3) Concurrent Relocate 46.398ms
[33.675s][info][gc,load     ] GC(3) Load: 0.00/0.00/0.00
[33.675s][info][gc,mmu      ] GC(3) MMU: 2ms/98.3%, 5ms/99.3%, 10ms/99.7%, 20ms/99.8%, 50ms/99.9%, 100ms/99.9%
[33.675s][info][gc,marking  ] GC(3) Mark: 8 stripe(s), 2 proactive flush(es), 1 terminate flush(es), 0 completion(s), 0 continuation(s) 
[33.675s][info][gc,marking  ] GC(3) Mark Stack Usage: 32M
[33.675s][info][gc,nmethod  ] GC(3) NMethods: 2468 registered, 222 unregistered
[33.675s][info][gc,metaspace] GC(3) Metaspace: 16M used, 17M committed, 1088M reserved
[33.675s][info][gc,ref      ] GC(3) Soft: 250 encountered, 0 discovered, 0 enqueued
[33.675s][info][gc,ref      ] GC(3) Weak: 978 encountered, 288 discovered, 7 enqueued
[33.675s][info][gc,ref      ] GC(3) Final: 0 encountered, 0 discovered, 0 enqueued
[33.675s][info][gc,ref      ] GC(3) Phantom: 35 encountered, 25 discovered, 0 enqueued
[33.675s][info][gc,reloc    ] GC(3) Small Pages: 3100 / 6200M, Empty: 5586M, Relocated: 192M, In-Place: 0
[33.675s][info][gc,reloc    ] GC(3) Medium Pages: 1 / 32M, Empty: 32M, Relocated: 0M, In-Place: 0
[33.675s][info][gc,reloc    ] GC(3) Large Pages: 0 / 0M, Empty: 0M, Relocated: 0M, In-Place: 0
[33.675s][info][gc,reloc    ] GC(3) Forwarding Usage: 125M
[33.675s][info][gc,heap     ] GC(3) Min Capacity: 8M(0%)
[33.675s][info][gc,heap     ] GC(3) Max Capacity: 30718M(100%)
[33.675s][info][gc,heap     ] GC(3) Soft Max Capacity: 30718M(100%)
[33.675s][info][gc,heap     ] GC(3)                Mark Start          Mark End        Relocate Start      Relocate End           High               Low         
[33.675s][info][gc,heap     ] GC(3)  Capacity:     6232M (20%)        6286M (20%)        6288M (20%)        6288M (20%)        6288M (20%)        6232M (20%)    
[33.675s][info][gc,heap     ] GC(3)      Free:    24486M (80%)       24432M (80%)       30024M (98%)       30408M (99%)       30408M (99%)       24430M (80%)    
[33.675s][info][gc,heap     ] GC(3)      Used:     6232M (20%)        6286M (20%)         694M (2%)          310M (1%)         6288M (20%)         310M (1%)     
[33.675s][info][gc,heap     ] GC(3)      Live:         -               196M (1%)          196M (1%)          196M (1%)             -                  -          
[33.675s][info][gc,heap     ] GC(3) Allocated:         -                54M (0%)           80M (0%)           98M (0%)             -                  -          
[33.675s][info][gc,heap     ] GC(3)   Garbage:         -              6035M (20%)         417M (1%)           15M (0%)             -                  -          
[33.675s][info][gc,heap     ] GC(3) Reclaimed:         -                  -              5618M (18%)        6020M (20%)            -                  -          
[33.675s][info][gc          ] GC(3) Garbage Collection (Warmup) 6232M(20%)->310M(1%)
[38.148s][info][gc,start    ] GC(4) Garbage Collection (System.gc())
[38.149s][info][gc,task     ] GC(4) Using 12 workers
[38.149s][info][gc,phases   ] GC(4) Pause Mark Start 0.018ms
[38.183s][info][gc,phases   ] GC(4) Concurrent Mark 34.055ms
[38.183s][info][gc,phases   ] GC(4) Pause Mark End 0.021ms
[38.183s][info][gc,phases   ] GC(4) Concurrent Mark Free 0.001ms
[38.184s][info][gc,phases   ] GC(4) Concurrent Process Non-Strong References 1.087ms
[38.184s][info][gc,phases   ] GC(4) Concurrent Reset Relocation Set 0.079ms
[38.211s][info][gc,phases   ] GC(4) Concurrent Select Relocation Set 26.467ms
[38.211s][info][gc,phases   ] GC(4) Pause Relocate Start 0.008ms
[38.214s][info][gc,phases   ] GC(4) Concurrent Relocate 3.395ms
[38.215s][info][gc,load     ] GC(4) Load: 0.00/0.00/0.00
[38.215s][info][gc,mmu      ] GC(4) MMU: 2ms/98.3%, 5ms/99.3%, 10ms/99.7%, 20ms/99.8%, 50ms/99.9%, 100ms/99.9%
[38.215s][info][gc,marking  ] GC(4) Mark: 8 stripe(s), 2 proactive flush(es), 1 terminate flush(es), 0 completion(s), 0 continuation(s) 
[38.215s][info][gc,marking  ] GC(4) Mark Stack Usage: 32M
[38.215s][info][gc,nmethod  ] GC(4) NMethods: 2474 registered, 229 unregistered
[38.215s][info][gc,metaspace] GC(4) Metaspace: 16M used, 17M committed, 1088M reserved
[38.215s][info][gc,ref      ] GC(4) Soft: 250 encountered, 0 discovered, 0 enqueued
[38.215s][info][gc,ref      ] GC(4) Weak: 975 encountered, 139 discovered, 3 enqueued
[38.215s][info][gc,ref      ] GC(4) Final: 0 encountered, 0 discovered, 0 enqueued
[38.215s][info][gc,ref      ] GC(4) Phantom: 35 encountered, 18 discovered, 0 enqueued
[38.215s][info][gc,reloc    ] GC(4) Small Pages: 1160 / 2320M, Empty: 2276M, Relocated: 8M, In-Place: 0
[38.215s][info][gc,reloc    ] GC(4) Medium Pages: 0 / 0M, Empty: 0M, Relocated: 0M, In-Place: 0
[38.215s][info][gc,reloc    ] GC(4) Large Pages: 2 / 12M, Empty: 12M, Relocated: 0M, In-Place: 0
[38.215s][info][gc,reloc    ] GC(4) Forwarding Usage: 2M
[38.215s][info][gc,heap     ] GC(4) Min Capacity: 8M(0%)
[38.215s][info][gc,heap     ] GC(4) Max Capacity: 30718M(100%)
[38.215s][info][gc,heap     ] GC(4) Soft Max Capacity: 30718M(100%)
[38.215s][info][gc,heap     ] GC(4)                Mark Start          Mark End        Relocate Start      Relocate End           High               Low         
[38.215s][info][gc,heap     ] GC(4)  Capacity:     6288M (20%)        6288M (20%)        6288M (20%)        6288M (20%)        6288M (20%)        6288M (20%)    
[38.215s][info][gc,heap     ] GC(4)      Free:    28386M (92%)       28386M (92%)       30674M (100%)      30692M (100%)      30692M (100%)      28386M (92%)    
[38.215s][info][gc,heap     ] GC(4)      Used:     2332M (8%)         2332M (8%)           44M (0%)           26M (0%)         2332M (8%)           26M (0%)     
[38.215s][info][gc,heap     ] GC(4)      Live:         -                 9M (0%)            9M (0%)            9M (0%)             -                  -          
[38.215s][info][gc,heap     ] GC(4) Allocated:         -                 0M (0%)            0M (0%)            0M (0%)             -                  -          
[38.215s][info][gc,heap     ] GC(4)   Garbage:         -              2322M (8%)           34M (0%)           16M (0%)             -                  -          
[38.215s][info][gc,heap     ] GC(4) Reclaimed:         -                  -              2288M (7%)         2306M (8%)             -                  -          
[38.215s][info][gc          ] GC(4) Garbage Collection (System.gc()) 2332M(8%)->26M(0%)
[40.125s][info][gc,stats    ] === Garbage Collection Statistics =======================================================================================================================
[40.126s][info][gc,stats    ]                                                              Last 10s              Last 10m              Last 10h                Total
[40.126s][info][gc,stats    ]                                                              Avg / Max             Avg / Max             Avg / Max             Avg / Max
[40.126s][info][gc,stats    ]   Collector: Garbage Collection Cycle                    152.341 / 238.597     209.886 / 647.919     209.886 / 647.919     209.886 / 647.919     ms
[40.126s][info][gc,stats    ]  Contention: Mark Segment Reset Contention                     1 / 12                1 / 37                1 / 37                1 / 37          ops/s
[40.126s][info][gc,stats    ]  Contention: Mark SeqNum Reset Contention                      0 / 1                 0 / 1                 0 / 1                 0 / 1           ops/s
[40.126s][info][gc,stats    ]    Critical: Allocation Stall                                  0 / 0                 0 / 0                 0 / 0                 0 / 0           ops/s
[40.126s][info][gc,stats    ]    Critical: Allocation Stall                              0.000 / 0.000         0.000 / 0.000         0.000 / 0.000         0.000 / 0.000       ms
[40.126s][info][gc,stats    ]    Critical: GC Locker Stall                                   0 / 0                 0 / 0                 0 / 0                 0 / 0           ops/s
[40.126s][info][gc,stats    ]    Critical: GC Locker Stall                               0.000 / 0.000         0.000 / 0.000         0.000 / 0.000         0.000 / 0.000       ms
[40.126s][info][gc,stats    ]    Critical: Relocation Stall                                  0 / 0                 0 / 0                 0 / 0                 0 / 0           ops/s
[40.126s][info][gc,stats    ]    Critical: Relocation Stall                              0.000 / 0.000         0.000 / 0.000         0.000 / 0.000         0.000 / 0.000       ms
[40.126s][info][gc,stats    ]      Memory: Allocation Rate                                 276 / 930             424 / 4646            424 / 4646            424 / 4646        MB/s
[40.126s][info][gc,stats    ]      Memory: Defragment                                        0 / 0                 0 / 6                 0 / 6                 0 / 6           ops/s
[40.126s][info][gc,stats    ]      Memory: Out Of Memory                                     0 / 0                 0 / 0                 0 / 0                 0 / 0           ops/s
[40.126s][info][gc,stats    ]      Memory: Page Cache Flush                                  0 / 0                 0 / 12                0 / 12                0 / 12          MB/s
[40.126s][info][gc,stats    ]      Memory: Page Cache Hit L1                               121 / 400             136 / 2308            136 / 2308            136 / 2308        ops/s
[40.126s][info][gc,stats    ]      Memory: Page Cache Hit L2                                 0 / 0                 0 / 0                 0 / 0                 0 / 0           ops/s
[40.126s][info][gc,stats    ]      Memory: Page Cache Hit L3                                 0 / 2                25 / 688              25 / 688              25 / 688         ops/s
[40.126s][info][gc,stats    ]      Memory: Page Cache Miss                                  27 / 167              52 / 489              52 / 489              52 / 489         ops/s
[40.126s][info][gc,stats    ]      Memory: Uncommit                                          0 / 0                 0 / 0                 0 / 0                 0 / 0           MB/s
[40.126s][info][gc,stats    ]      Memory: Undo Object Allocation Failed                     0 / 0                 0 / 0                 0 / 0                 0 / 0           ops/s
[40.126s][info][gc,stats    ]      Memory: Undo Object Allocation Succeeded                  0 / 1                 2 / 85                2 / 85                2 / 85          ops/s
[40.126s][info][gc,stats    ]      Memory: Undo Page Allocation                              0 / 0                 2 / 101               2 / 101               2 / 101         ops/s
[40.127s][info][gc,stats    ]       Phase: Concurrent Mark                              94.890 / 155.725     119.885 / 359.093     119.885 / 359.093     119.885 / 359.093     ms
[40.127s][info][gc,stats    ]       Phase: Concurrent Mark Continue                      0.000 / 0.000         0.000 / 0.000         0.000 / 0.000         0.000 / 0.000       ms
[40.127s][info][gc,stats    ]       Phase: Concurrent Mark Free                          0.001 / 0.001         0.001 / 0.002         0.001 / 0.002         0.001 / 0.002       ms
[40.127s][info][gc,stats    ]       Phase: Concurrent Process Non-Strong References      0.993 / 1.087        20.717 / 86.797       20.717 / 86.797       20.717 / 86.797      ms
[40.127s][info][gc,stats    ]       Phase: Concurrent Relocate                          24.897 / 46.398       12.656 / 46.398       12.656 / 46.398       12.656 / 46.398      ms
[40.127s][info][gc,stats    ]       Phase: Concurrent Reset Relocation Set               0.047 / 0.079         0.039 / 0.093         0.039 / 0.093         0.039 / 0.093       ms
[40.127s][info][gc,stats    ]       Phase: Concurrent Select Relocation Set             30.506 / 34.546       21.354 / 34.546       21.354 / 34.546       21.354 / 34.546      ms
[40.127s][info][gc,stats    ]       Phase: Pause Mark End                                0.023 / 0.026         0.025 / 0.028         0.025 / 0.028         0.025 / 0.028       ms
[40.127s][info][gc,stats    ]       Phase: Pause Mark Start                              0.019 / 0.020         0.020 / 0.034         0.020 / 0.034         0.020 / 0.034       ms
[40.127s][info][gc,stats    ]       Phase: Pause Relocate Start                          0.009 / 0.010         0.011 / 0.016         0.011 / 0.016         0.011 / 0.016       ms
[40.127s][info][gc,stats    ]    Subphase: Concurrent Classes Purge                      0.102 / 0.137         2.245 / 8.983         2.245 / 8.983         2.245 / 8.983       ms
[40.127s][info][gc,stats    ]    Subphase: Concurrent Classes Unlink                     0.620 / 0.733         4.752 / 11.741        4.752 / 11.741        4.752 / 11.741      ms
[40.127s][info][gc,stats    ]    Subphase: Concurrent Mark                              92.414 / 154.356     112.005 / 344.053     112.005 / 344.053     112.005 / 344.053     ms
[40.127s][info][gc,stats    ]    Subphase: Concurrent Mark Try Flush                     0.070 / 0.112        18.173 / 99.957       18.173 / 99.957       18.173 / 99.957      ms
[40.127s][info][gc,stats    ]    Subphase: Concurrent Mark Try Terminate                13.140 / 15.651       14.152 / 62.504       14.152 / 62.504       14.152 / 62.504      ms
[40.127s][info][gc,stats    ]    Subphase: Concurrent References Enqueue                 0.003 / 0.004         0.004 / 0.005         0.004 / 0.005         0.004 / 0.005       ms
[40.127s][info][gc,stats    ]    Subphase: Concurrent References Process                 0.034 / 0.038         0.064 / 0.102         0.064 / 0.102         0.064 / 0.102       ms
[40.127s][info][gc,stats    ]    Subphase: Concurrent Roots ClassLoaderDataGraph         0.053 / 0.508         0.109 / 1.633         0.109 / 1.633         0.109 / 1.633       ms
[40.127s][info][gc,stats    ]    Subphase: Concurrent Roots CodeCache                    0.000 / 0.000         0.000 / 0.000         0.000 / 0.000         0.000 / 0.000       ms
[40.127s][info][gc,stats    ]    Subphase: Concurrent Roots JavaThreads                  0.745 / 1.258         2.936 / 13.523        2.936 / 13.523        2.936 / 13.523      ms
[40.127s][info][gc,stats    ]    Subphase: Concurrent Roots OopStorageSet                0.022 / 0.055         0.247 / 1.478         0.247 / 1.478         0.247 / 1.478       ms
[40.127s][info][gc,stats    ]    Subphase: Concurrent Weak Roots OopStorageSet           0.140 / 0.148         0.131 / 0.169         0.131 / 0.169         0.131 / 0.169       ms
[40.127s][info][gc,stats    ]    Subphase: Pause Mark Try Complete                       0.000 / 0.000         0.000 / 0.000         0.000 / 0.000         0.000 / 0.000       ms
[40.127s][info][gc,stats    ]      System: Java Threads                                     62 / 62               56 / 72               56 / 72               56 / 72          threads
[40.127s][info][gc,stats    ] =========================================================================================================================================================
[50.129s][info][gc,stats    ] === Garbage Collection Statistics =======================================================================================================================
[50.129s][info][gc,stats    ]                                                              Last 10s              Last 10m              Last 10h                Total
[50.129s][info][gc,stats    ]                                                              Avg / Max             Avg / Max             Avg / Max             Avg / Max
[50.129s][info][gc,stats    ]   Collector: Garbage Collection Cycle                      0.000 / 0.000       209.886 / 647.919     209.886 / 647.919     209.886 / 647.919     ms
[50.129s][info][gc,stats    ]  Contention: Mark Segment Reset Contention                     0 / 0                 1 / 37                1 / 37                1 / 37          ops/s
[50.129s][info][gc,stats    ]  Contention: Mark SeqNum Reset Contention                      0 / 0                 0 / 1                 0 / 1                 0 / 1           ops/s
[50.129s][info][gc,stats    ]    Critical: Allocation Stall                                  0 / 0                 0 / 0                 0 / 0                 0 / 0           ops/s
[50.129s][info][gc,stats    ]    Critical: Allocation Stall                              0.000 / 0.000         0.000 / 0.000         0.000 / 0.000         0.000 / 0.000       ms
[50.129s][info][gc,stats    ]    Critical: GC Locker Stall                                   0 / 0                 0 / 0                 0 / 0                 0 / 0           ops/s
[50.129s][info][gc,stats    ]    Critical: GC Locker Stall                               0.000 / 0.000         0.000 / 0.000         0.000 / 0.000         0.000 / 0.000       ms
[50.129s][info][gc,stats    ]    Critical: Relocation Stall                                  0 / 0                 0 / 0                 0 / 0                 0 / 0           ops/s
[50.129s][info][gc,stats    ]    Critical: Relocation Stall                              0.000 / 0.000         0.000 / 0.000         0.000 / 0.000         0.000 / 0.000       ms
[50.129s][info][gc,stats    ]      Memory: Allocation Rate                                 563 / 3750            452 / 4646            452 / 4646            452 / 4646        MB/s
[50.129s][info][gc,stats    ]      Memory: Defragment                                        0 / 0                 0 / 6                 0 / 6                 0 / 6           ops/s
[50.129s][info][gc,stats    ]      Memory: Out Of Memory                                     0 / 0                 0 / 0                 0 / 0                 0 / 0           ops/s
[50.129s][info][gc,stats    ]      Memory: Page Cache Flush                                  0 / 0                 0 / 12                0 / 12                0 / 12          MB/s
[50.129s][info][gc,stats    ]      Memory: Page Cache Hit L1                               280 / 1875            165 / 2308            165 / 2308            165 / 2308        ops/s
[50.130s][info][gc,stats    ]      Memory: Page Cache Hit L2                                 0 / 0                 0 / 0                 0 / 0                 0 / 0           ops/s
[50.130s][info][gc,stats    ]      Memory: Page Cache Hit L3                                 0 / 0                20 / 688              20 / 688              20 / 688         ops/s
[50.130s][info][gc,stats    ]      Memory: Page Cache Miss                                   0 / 1                42 / 489              42 / 489              42 / 489         ops/s
[50.130s][info][gc,stats    ]      Memory: Uncommit                                          0 / 0                 0 / 0                 0 / 0                 0 / 0           MB/s
[50.130s][info][gc,stats    ]      Memory: Undo Object Allocation Failed                     0 / 0                 0 / 0                 0 / 0                 0 / 0           ops/s
[50.130s][info][gc,stats    ]      Memory: Undo Object Allocation Succeeded                  0 / 0                 1 / 85                1 / 85                1 / 85          ops/s
[50.130s][info][gc,stats    ]      Memory: Undo Page Allocation                              0 / 0                 2 / 101               2 / 101               2 / 101         ops/s
[50.130s][info][gc,stats    ]       Phase: Concurrent Mark                               0.000 / 0.000       119.885 / 359.093     119.885 / 359.093     119.885 / 359.093     ms
[50.130s][info][gc,stats    ]       Phase: Concurrent Mark Continue                      0.000 / 0.000         0.000 / 0.000         0.000 / 0.000         0.000 / 0.000       ms
[50.130s][info][gc,stats    ]       Phase: Concurrent Mark Free                          0.000 / 0.000         0.001 / 0.002         0.001 / 0.002         0.001 / 0.002       ms
[50.130s][info][gc,stats    ]       Phase: Concurrent Process Non-Strong References      0.000 / 0.000        20.717 / 86.797       20.717 / 86.797       20.717 / 86.797      ms
[50.130s][info][gc,stats    ]       Phase: Concurrent Relocate                           0.000 / 0.000        12.656 / 46.398       12.656 / 46.398       12.656 / 46.398      ms
[50.130s][info][gc,stats    ]       Phase: Concurrent Reset Relocation Set               0.000 / 0.000         0.039 / 0.093         0.039 / 0.093         0.039 / 0.093       ms
[50.130s][info][gc,stats    ]       Phase: Concurrent Select Relocation Set              0.000 / 0.000        21.354 / 34.546       21.354 / 34.546       21.354 / 34.546      ms
[50.130s][info][gc,stats    ]       Phase: Pause Mark End                                0.000 / 0.000         0.025 / 0.028         0.025 / 0.028         0.025 / 0.028       ms
[50.130s][info][gc,stats    ]       Phase: Pause Mark Start                              0.000 / 0.000         0.020 / 0.034         0.020 / 0.034         0.020 / 0.034       ms
[50.130s][info][gc,stats    ]       Phase: Pause Relocate Start                          0.000 / 0.000         0.011 / 0.016         0.011 / 0.016         0.011 / 0.016       ms
[50.130s][info][gc,stats    ]    Subphase: Concurrent Classes Purge                      0.000 / 0.000         2.245 / 8.983         2.245 / 8.983         2.245 / 8.983       ms
[50.130s][info][gc,stats    ]    Subphase: Concurrent Classes Unlink                     0.000 / 0.000         4.752 / 11.741        4.752 / 11.741        4.752 / 11.741      ms
[50.130s][info][gc,stats    ]    Subphase: Concurrent Mark                               0.000 / 0.000       112.005 / 344.053     112.005 / 344.053     112.005 / 344.053     ms
[50.130s][info][gc,stats    ]    Subphase: Concurrent Mark Try Flush                     0.000 / 0.000        18.173 / 99.957       18.173 / 99.957       18.173 / 99.957      ms
[50.130s][info][gc,stats    ]    Subphase: Concurrent Mark Try Terminate                 0.000 / 0.000        14.152 / 62.504       14.152 / 62.504       14.152 / 62.504      ms
[50.130s][info][gc,stats    ]    Subphase: Concurrent References Enqueue                 0.000 / 0.000         0.004 / 0.005         0.004 / 0.005         0.004 / 0.005       ms
[50.130s][info][gc,stats    ]    Subphase: Concurrent References Process                 0.000 / 0.000         0.064 / 0.102         0.064 / 0.102         0.064 / 0.102       ms
[50.130s][info][gc,stats    ]    Subphase: Concurrent Roots ClassLoaderDataGraph         0.000 / 0.000         0.109 / 1.633         0.109 / 1.633         0.109 / 1.633       ms
[50.130s][info][gc,stats    ]    Subphase: Concurrent Roots CodeCache                    0.000 / 0.000         0.000 / 0.000         0.000 / 0.000         0.000 / 0.000       ms
[50.130s][info][gc,stats    ]    Subphase: Concurrent Roots JavaThreads                  0.000 / 0.000         2.936 / 13.523        2.936 / 13.523        2.936 / 13.523      ms
[50.130s][info][gc,stats    ]    Subphase: Concurrent Roots OopStorageSet                0.000 / 0.000         0.247 / 1.478         0.247 / 1.478         0.247 / 1.478       ms
[50.131s][info][gc,stats    ]    Subphase: Concurrent Weak Roots OopStorageSet           0.000 / 0.000         0.131 / 0.169         0.131 / 0.169         0.131 / 0.169       ms
[50.131s][info][gc,stats    ]    Subphase: Pause Mark Try Complete                       0.000 / 0.000         0.000 / 0.000         0.000 / 0.000         0.000 / 0.000       ms
[50.131s][info][gc,stats    ]      System: Java Threads                                      0 / 0                56 / 72               56 / 72               56 / 72          threads
[50.131s][info][gc,stats    ] =========================================================================================================================================================
[56.192s][info][gc,start    ] GC(5) Garbage Collection (System.gc())
[56.192s][info][gc,task     ] GC(5) Using 12 workers
[56.192s][info][gc,phases   ] GC(5) Pause Mark Start 0.017ms
[56.201s][info][gc,phases   ] GC(5) Concurrent Mark 8.795ms
[56.201s][info][gc,phases   ] GC(5) Pause Mark End 0.024ms
[56.201s][info][gc,phases   ] GC(5) Concurrent Mark Free 0.001ms
[56.202s][info][gc,phases   ] GC(5) Concurrent Process Non-Strong References 1.102ms
[56.203s][info][gc,phases   ] GC(5) Concurrent Reset Relocation Set 0.004ms
[56.207s][info][gc,phases   ] GC(5) Concurrent Select Relocation Set 4.542ms
[56.207s][info][gc,phases   ] GC(5) Pause Relocate Start 0.008ms
[56.210s][info][gc,phases   ] GC(5) Concurrent Relocate 2.291ms
[56.210s][info][gc,load     ] GC(5) Load: 0.00/0.00/0.00
[56.210s][info][gc,mmu      ] GC(5) MMU: 2ms/98.3%, 5ms/99.3%, 10ms/99.6%, 20ms/99.8%, 50ms/99.9%, 100ms/99.9%
[56.210s][info][gc,marking  ] GC(5) Mark: 8 stripe(s), 3 proactive flush(es), 1 terminate flush(es), 0 completion(s), 0 continuation(s) 
[56.210s][info][gc,marking  ] GC(5) Mark Stack Usage: 32M
[56.210s][info][gc,nmethod  ] GC(5) NMethods: 2488 registered, 236 unregistered
[56.210s][info][gc,metaspace] GC(5) Metaspace: 16M used, 17M committed, 1088M reserved
[56.210s][info][gc,ref      ] GC(5) Soft: 250 encountered, 0 discovered, 0 enqueued
[56.210s][info][gc,ref      ] GC(5) Weak: 988 encountered, 212 discovered, 8 enqueued
[56.210s][info][gc,ref      ] GC(5) Final: 0 encountered, 0 discovered, 0 enqueued
[56.210s][info][gc,ref      ] GC(5) Phantom: 35 encountered, 19 discovered, 0 enqueued
[56.210s][info][gc,reloc    ] GC(5) Small Pages: 4180 / 8360M, Empty: 8226M, Relocated: 8M, In-Place: 0
[56.210s][info][gc,reloc    ] GC(5) Medium Pages: 1 / 32M, Empty: 32M, Relocated: 0M, In-Place: 0
[56.210s][info][gc,reloc    ] GC(5) Large Pages: 2 / 12M, Empty: 12M, Relocated: 0M, In-Place: 0
[56.210s][info][gc,reloc    ] GC(5) Forwarding Usage: 2M
[56.210s][info][gc,heap     ] GC(5) Min Capacity: 8M(0%)
[56.210s][info][gc,heap     ] GC(5) Max Capacity: 30718M(100%)
[56.210s][info][gc,heap     ] GC(5) Soft Max Capacity: 30718M(100%)
[56.210s][info][gc,heap     ] GC(5)                Mark Start          Mark End        Relocate Start      Relocate End           High               Low         
[56.210s][info][gc,heap     ] GC(5)  Capacity:     8404M (27%)        8404M (27%)        8404M (27%)        8404M (27%)        8404M (27%)        8404M (27%)    
[56.210s][info][gc,heap     ] GC(5)      Free:    22314M (73%)       22314M (73%)       30584M (100%)      30688M (100%)      30688M (100%)      22314M (73%)    
[56.210s][info][gc,heap     ] GC(5)      Used:     8404M (27%)        8404M (27%)         134M (0%)           30M (0%)         8404M (27%)          30M (0%)     
[56.210s][info][gc,heap     ] GC(5)      Live:         -                12M (0%)           12M (0%)           12M (0%)             -                  -          
[56.210s][info][gc,heap     ] GC(5) Allocated:         -                 0M (0%)            0M (0%)            0M (0%)             -                  -          
[56.210s][info][gc,heap     ] GC(5)   Garbage:         -              8391M (27%)         121M (0%)           17M (0%)             -                  -          
[56.211s][info][gc,heap     ] GC(5) Reclaimed:         -                  -              8270M (27%)        8374M (27%)            -                  -          
[56.211s][info][gc          ] GC(5) Garbage Collection (System.gc()) 8404M(27%)->30M(0%)
[60.133s][info][gc,stats    ] === Garbage Collection Statistics =======================================================================================================================
[60.133s][info][gc,stats    ]                                                              Last 10s              Last 10m              Last 10h                Total
[60.133s][info][gc,stats    ]                                                              Avg / Max             Avg / Max             Avg / Max             Avg / Max
[60.133s][info][gc,stats    ]   Collector: Garbage Collection Cycle                     17.778 / 17.778      177.868 / 647.919     177.868 / 647.919     177.868 / 647.919     ms
[60.133s][info][gc,stats    ]  Contention: Mark Segment Reset Contention                     0 / 2                 0 / 37                0 / 37                0 / 37          ops/s
[60.133s][info][gc,stats    ]  Contention: Mark SeqNum Reset Contention                      0 / 1                 0 / 1                 0 / 1                 0 / 1           ops/s
[60.133s][info][gc,stats    ]    Critical: Allocation Stall                                  0 / 0                 0 / 0                 0 / 0                 0 / 0           ops/s
[60.133s][info][gc,stats    ]    Critical: Allocation Stall                              0.000 / 0.000         0.000 / 0.000         0.000 / 0.000         0.000 / 0.000       ms
[60.133s][info][gc,stats    ]    Critical: GC Locker Stall                                   0 / 0                 0 / 0                 0 / 0                 0 / 0           ops/s
[60.133s][info][gc,stats    ]    Critical: GC Locker Stall                               0.000 / 0.000         0.000 / 0.000         0.000 / 0.000         0.000 / 0.000       ms
[60.133s][info][gc,stats    ]    Critical: Relocation Stall                                  0 / 0                 0 / 0                 0 / 0                 0 / 0           ops/s
[60.133s][info][gc,stats    ]    Critical: Relocation Stall                              0.000 / 0.000         0.000 / 0.000         0.000 / 0.000         0.000 / 0.000       ms
[60.133s][info][gc,stats    ]      Memory: Allocation Rate                                 823 / 4550            514 / 4646            514 / 4646            514 / 4646        MB/s
[60.133s][info][gc,stats    ]      Memory: Defragment                                        1 / 16                0 / 16                0 / 16                0 / 16          ops/s
[60.133s][info][gc,stats    ]      Memory: Out Of Memory                                     0 / 0                 0 / 0                 0 / 0                 0 / 0           ops/s
[60.133s][info][gc,stats    ]      Memory: Page Cache Flush                                  3 / 32                0 / 32                0 / 32                0 / 32          MB/s
[60.133s][info][gc,stats    ]      Memory: Page Cache Hit L1                               305 / 2260            188 / 2308            188 / 2308            188 / 2308        ops/s
[60.134s][info][gc,stats    ]      Memory: Page Cache Hit L2                                 0 / 0                 0 / 0                 0 / 0                 0 / 0           ops/s
[60.134s][info][gc,stats    ]      Memory: Page Cache Hit L3                                 1 / 13               17 / 688              17 / 688              17 / 688         ops/s
[60.134s][info][gc,stats    ]      Memory: Page Cache Miss                                 103 / 412              52 / 489              52 / 489              52 / 489         ops/s
[60.134s][info][gc,stats    ]      Memory: Uncommit                                          0 / 0                 0 / 0                 0 / 0                 0 / 0           MB/s
[60.134s][info][gc,stats    ]      Memory: Undo Object Allocation Failed                     0 / 0                 0 / 0                 0 / 0                 0 / 0           ops/s
[60.134s][info][gc,stats    ]      Memory: Undo Object Allocation Succeeded                  0 / 0                 1 / 85                1 / 85                1 / 85          ops/s
[60.134s][info][gc,stats    ]      Memory: Undo Page Allocation                              0 / 0                 1 / 101               1 / 101               1 / 101         ops/s
[60.134s][info][gc,stats    ]       Phase: Concurrent Mark                               8.795 / 8.795       101.370 / 359.093     101.370 / 359.093     101.370 / 359.093     ms
[60.134s][info][gc,stats    ]       Phase: Concurrent Mark Continue                      0.000 / 0.000         0.000 / 0.000         0.000 / 0.000         0.000 / 0.000       ms
[60.134s][info][gc,stats    ]       Phase: Concurrent Mark Free                          0.001 / 0.001         0.001 / 0.002         0.001 / 0.002         0.001 / 0.002       ms
[60.134s][info][gc,stats    ]       Phase: Concurrent Process Non-Strong References      1.102 / 1.102        17.447 / 86.797       17.447 / 86.797       17.447 / 86.797      ms
[60.134s][info][gc,stats    ]       Phase: Concurrent Relocate                           2.291 / 2.291        10.929 / 46.398       10.929 / 46.398       10.929 / 46.398      ms
[60.134s][info][gc,stats    ]       Phase: Concurrent Reset Relocation Set               0.004 / 0.004         0.033 / 0.093         0.033 / 0.093         0.033 / 0.093       ms
[60.134s][info][gc,stats    ]       Phase: Concurrent Select Relocation Set              4.542 / 4.542        18.552 / 34.546       18.552 / 34.546       18.552 / 34.546      ms
[60.134s][info][gc,stats    ]       Phase: Pause Mark End                                0.024 / 0.024         0.025 / 0.028         0.025 / 0.028         0.025 / 0.028       ms
[60.134s][info][gc,stats    ]       Phase: Pause Mark Start                              0.017 / 0.017         0.020 / 0.034         0.020 / 0.034         0.020 / 0.034       ms
[60.134s][info][gc,stats    ]       Phase: Pause Relocate Start                          0.008 / 0.008         0.010 / 0.016         0.010 / 0.016         0.010 / 0.016       ms
[60.134s][info][gc,stats    ]    Subphase: Concurrent Classes Purge                      0.063 / 0.063         1.881 / 8.983         1.881 / 8.983         1.881 / 8.983       ms
[60.134s][info][gc,stats    ]    Subphase: Concurrent Classes Unlink                     0.688 / 0.688         4.075 / 11.741        4.075 / 11.741        4.075 / 11.741      ms
[60.134s][info][gc,stats    ]    Subphase: Concurrent Mark                               7.535 / 7.659        94.593 / 344.053      94.593 / 344.053      94.593 / 344.053     ms
[60.134s][info][gc,stats    ]    Subphase: Concurrent Mark Try Flush                     0.080 / 0.123        14.364 / 99.957       14.364 / 99.957       14.364 / 99.957      ms
[60.134s][info][gc,stats    ]    Subphase: Concurrent Mark Try Terminate                 1.979 / 2.760        13.616 / 62.504       13.616 / 62.504       13.616 / 62.504      ms
[60.134s][info][gc,stats    ]    Subphase: Concurrent References Enqueue                 0.004 / 0.004         0.004 / 0.005         0.004 / 0.005         0.004 / 0.005       ms
[60.134s][info][gc,stats    ]    Subphase: Concurrent References Process                 0.045 / 0.045         0.061 / 0.102         0.061 / 0.102         0.061 / 0.102       ms
[60.134s][info][gc,stats    ]    Subphase: Concurrent Roots ClassLoaderDataGraph         0.047 / 0.269         0.097 / 1.633         0.097 / 1.633         0.097 / 1.633       ms
[60.134s][info][gc,stats    ]    Subphase: Concurrent Roots CodeCache                    0.000 / 0.000         0.000 / 0.000         0.000 / 0.000         0.000 / 0.000       ms
[60.134s][info][gc,stats    ]    Subphase: Concurrent Roots JavaThreads                  0.762 / 1.030         2.558 / 13.523        2.558 / 13.523        2.558 / 13.523      ms
[60.134s][info][gc,stats    ]    Subphase: Concurrent Roots OopStorageSet                0.022 / 0.074         0.207 / 1.478         0.207 / 1.478         0.207 / 1.478       ms
[60.134s][info][gc,stats    ]    Subphase: Concurrent Weak Roots OopStorageSet           0.177 / 0.189         0.139 / 0.189         0.139 / 0.189         0.139 / 0.189       ms
[60.134s][info][gc,stats    ]    Subphase: Pause Mark Try Complete                       0.000 / 0.000         0.000 / 0.000         0.000 / 0.000         0.000 / 0.000       ms
[60.134s][info][gc,stats    ]      System: Java Threads                                     62 / 62               57 / 72               57 / 72               57 / 72          threads
[60.134s][info][gc,stats    ] =========================================================================================================================================================
[70.137s][info][gc,stats    ] === Garbage Collection Statistics =======================================================================================================================
[70.137s][info][gc,stats    ]                                                              Last 10s              Last 10m              Last 10h                Total
[70.137s][info][gc,stats    ]                                                              Avg / Max             Avg / Max             Avg / Max             Avg / Max
[70.137s][info][gc,stats    ]   Collector: Garbage Collection Cycle                      0.000 / 0.000       177.868 / 647.919     177.868 / 647.919     177.868 / 647.919     ms
[70.137s][info][gc,stats    ]  Contention: Mark Segment Reset Contention                     0 / 0                 0 / 37                0 / 37                0 / 37          ops/s
[70.137s][info][gc,stats    ]  Contention: Mark SeqNum Reset Contention                      0 / 0                 0 / 1                 0 / 1                 0 / 1           ops/s
[70.137s][info][gc,stats    ]    Critical: Allocation Stall                                  0 / 0                 0 / 0                 0 / 0                 0 / 0           ops/s
[70.137s][info][gc,stats    ]    Critical: Allocation Stall                              0.000 / 0.000         0.000 / 0.000         0.000 / 0.000         0.000 / 0.000       ms
[70.137s][info][gc,stats    ]    Critical: GC Locker Stall                                   0 / 0                 0 / 0                 0 / 0                 0 / 0           ops/s
[70.137s][info][gc,stats    ]    Critical: GC Locker Stall                               0.000 / 0.000         0.000 / 0.000         0.000 / 0.000         0.000 / 0.000       ms
[70.137s][info][gc,stats    ]    Critical: Relocation Stall                                  0 / 0                 0 / 0                 0 / 0                 0 / 0           ops/s
[70.138s][info][gc,stats    ]    Critical: Relocation Stall                              0.000 / 0.000         0.000 / 0.000         0.000 / 0.000         0.000 / 0.000       ms
[70.138s][info][gc,stats    ]      Memory: Allocation Rate                                 189 / 1386            467 / 4646            467 / 4646            467 / 4646        MB/s
[70.138s][info][gc,stats    ]      Memory: Defragment                                        0 / 0                 0 / 16                0 / 16                0 / 16          ops/s
[70.138s][info][gc,stats    ]      Memory: Out Of Memory                                     0 / 0                 0 / 0                 0 / 0                 0 / 0           ops/s
[70.138s][info][gc,stats    ]      Memory: Page Cache Flush                                  0 / 0                 0 / 32                0 / 32                0 / 32          MB/s
[70.138s][info][gc,stats    ]      Memory: Page Cache Hit L1                                94 / 693             175 / 2308            175 / 2308            175 / 2308        ops/s
[70.138s][info][gc,stats    ]      Memory: Page Cache Hit L2                                 0 / 0                 0 / 0                 0 / 0                 0 / 0           ops/s
[70.138s][info][gc,stats    ]      Memory: Page Cache Hit L3                                 0 / 0                14 / 688              14 / 688              14 / 688         ops/s
[70.138s][info][gc,stats    ]      Memory: Page Cache Miss                                   0 / 0                44 / 489              44 / 489              44 / 489         ops/s
[70.138s][info][gc,stats    ]      Memory: Uncommit                                          0 / 0                 0 / 0                 0 / 0                 0 / 0           MB/s
[70.138s][info][gc,stats    ]      Memory: Undo Object Allocation Failed                     0 / 0                 0 / 0                 0 / 0                 0 / 0           ops/s
[70.138s][info][gc,stats    ]      Memory: Undo Object Allocation Succeeded                  0 / 0                 1 / 85                1 / 85                1 / 85          ops/s
[70.138s][info][gc,stats    ]      Memory: Undo Page Allocation                              0 / 0                 1 / 101               1 / 101               1 / 101         ops/s
[70.138s][info][gc,stats    ]       Phase: Concurrent Mark                               0.000 / 0.000       101.370 / 359.093     101.370 / 359.093     101.370 / 359.093     ms
[70.138s][info][gc,stats    ]       Phase: Concurrent Mark Continue                      0.000 / 0.000         0.000 / 0.000         0.000 / 0.000         0.000 / 0.000       ms
[70.138s][info][gc,stats    ]       Phase: Concurrent Mark Free                          0.000 / 0.000         0.001 / 0.002         0.001 / 0.002         0.001 / 0.002       ms
[70.138s][info][gc,stats    ]       Phase: Concurrent Process Non-Strong References      0.000 / 0.000        17.447 / 86.797       17.447 / 86.797       17.447 / 86.797      ms
[70.138s][info][gc,stats    ]       Phase: Concurrent Relocate                           0.000 / 0.000        10.929 / 46.398       10.929 / 46.398       10.929 / 46.398      ms
[70.138s][info][gc,stats    ]       Phase: Concurrent Reset Relocation Set               0.000 / 0.000         0.033 / 0.093         0.033 / 0.093         0.033 / 0.093       ms
[70.138s][info][gc,stats    ]       Phase: Concurrent Select Relocation Set              0.000 / 0.000        18.552 / 34.546       18.552 / 34.546       18.552 / 34.546      ms
[70.138s][info][gc,stats    ]       Phase: Pause Mark End                                0.000 / 0.000         0.025 / 0.028         0.025 / 0.028         0.025 / 0.028       ms
[70.138s][info][gc,stats    ]       Phase: Pause Mark Start                              0.000 / 0.000         0.020 / 0.034         0.020 / 0.034         0.020 / 0.034       ms
[70.138s][info][gc,stats    ]       Phase: Pause Relocate Start                          0.000 / 0.000         0.010 / 0.016         0.010 / 0.016         0.010 / 0.016       ms
[70.138s][info][gc,stats    ]    Subphase: Concurrent Classes Purge                      0.000 / 0.000         1.881 / 8.983         1.881 / 8.983         1.881 / 8.983       ms
[70.138s][info][gc,stats    ]    Subphase: Concurrent Classes Unlink                     0.000 / 0.000         4.075 / 11.741        4.075 / 11.741        4.075 / 11.741      ms
[70.138s][info][gc,stats    ]    Subphase: Concurrent Mark                               0.000 / 0.000        94.593 / 344.053      94.593 / 344.053      94.593 / 344.053     ms
[70.138s][info][gc,stats    ]    Subphase: Concurrent Mark Try Flush                     0.000 / 0.000        14.364 / 99.957       14.364 / 99.957       14.364 / 99.957      ms
[70.138s][info][gc,stats    ]    Subphase: Concurrent Mark Try Terminate                 0.000 / 0.000        13.616 / 62.504       13.616 / 62.504       13.616 / 62.504      ms
[70.139s][info][gc,stats    ]    Subphase: Concurrent References Enqueue                 0.000 / 0.000         0.004 / 0.005         0.004 / 0.005         0.004 / 0.005       ms
[70.139s][info][gc,stats    ]    Subphase: Concurrent References Process                 0.000 / 0.000         0.061 / 0.102         0.061 / 0.102         0.061 / 0.102       ms
[70.139s][info][gc,stats    ]    Subphase: Concurrent Roots ClassLoaderDataGraph         0.000 / 0.000         0.097 / 1.633         0.097 / 1.633         0.097 / 1.633       ms
[70.139s][info][gc,stats    ]    Subphase: Concurrent Roots CodeCache                    0.000 / 0.000         0.000 / 0.000         0.000 / 0.000         0.000 / 0.000       ms
[70.139s][info][gc,stats    ]    Subphase: Concurrent Roots JavaThreads                  0.000 / 0.000         2.558 / 13.523        2.558 / 13.523        2.558 / 13.523      ms
[70.139s][info][gc,stats    ]    Subphase: Concurrent Roots OopStorageSet                0.000 / 0.000         0.207 / 1.478         0.207 / 1.478         0.207 / 1.478       ms
[70.139s][info][gc,stats    ]    Subphase: Concurrent Weak Roots OopStorageSet           0.000 / 0.000         0.139 / 0.189         0.139 / 0.189         0.139 / 0.189       ms
[70.139s][info][gc,stats    ]    Subphase: Pause Mark Try Complete                       0.000 / 0.000         0.000 / 0.000         0.000 / 0.000         0.000 / 0.000       ms
[70.139s][info][gc,stats    ]      System: Java Threads                                      0 / 0                57 / 72               57 / 72               57 / 72          threads
[70.139s][info][gc,stats    ] =========================================================================================================================================================
[72.893s][info][gc,start    ] GC(6) Garbage Collection (System.gc())
[72.894s][info][gc,task     ] GC(6) Using 12 workers
[72.894s][info][gc,phases   ] GC(6) Pause Mark Start 0.018ms
[72.915s][info][gc,phases   ] GC(6) Concurrent Mark 20.879ms
[72.915s][info][gc,phases   ] GC(6) Pause Mark End 0.018ms
[72.915s][info][gc,phases   ] GC(6) Concurrent Mark Free 0.002ms
[72.916s][info][gc,phases   ] GC(6) Concurrent Process Non-Strong References 1.116ms
[72.916s][info][gc,phases   ] GC(6) Concurrent Reset Relocation Set 0.007ms
[72.928s][info][gc,phases   ] GC(6) Concurrent Select Relocation Set 12.018ms
[72.928s][info][gc,phases   ] GC(6) Pause Relocate Start 0.007ms
[72.931s][info][gc,phases   ] GC(6) Concurrent Relocate 2.686ms
[72.931s][info][gc,load     ] GC(6) Load: 0.00/0.00/0.00
[72.931s][info][gc,mmu      ] GC(6) MMU: 2ms/98.3%, 5ms/99.3%, 10ms/99.6%, 20ms/99.8%, 50ms/99.9%, 100ms/99.9%
[72.931s][info][gc,marking  ] GC(6) Mark: 8 stripe(s), 2 proactive flush(es), 1 terminate flush(es), 0 completion(s), 0 continuation(s) 
[72.931s][info][gc,marking  ] GC(6) Mark Stack Usage: 32M
[72.931s][info][gc,nmethod  ] GC(6) NMethods: 2494 registered, 243 unregistered
[72.931s][info][gc,metaspace] GC(6) Metaspace: 16M used, 17M committed, 1088M reserved
[72.931s][info][gc,ref      ] GC(6) Soft: 250 encountered, 0 discovered, 0 enqueued
[72.931s][info][gc,ref      ] GC(6) Weak: 986 encountered, 177 discovered, 6 enqueued
[72.931s][info][gc,ref      ] GC(6) Final: 0 encountered, 0 discovered, 0 enqueued
[72.931s][info][gc,ref      ] GC(6) Phantom: 35 encountered, 20 discovered, 0 enqueued
[72.931s][info][gc,reloc    ] GC(6) Small Pages: 4178 / 8356M, Empty: 8200M, Relocated: 8M, In-Place: 0
[72.932s][info][gc,reloc    ] GC(6) Medium Pages: 1 / 32M, Empty: 32M, Relocated: 0M, In-Place: 0
[72.932s][info][gc,reloc    ] GC(6) Large Pages: 2 / 12M, Empty: 12M, Relocated: 0M, In-Place: 0
[72.932s][info][gc,reloc    ] GC(6) Forwarding Usage: 2M
[72.932s][info][gc,heap     ] GC(6) Min Capacity: 8M(0%)
[72.932s][info][gc,heap     ] GC(6) Max Capacity: 30718M(100%)
[72.932s][info][gc,heap     ] GC(6) Soft Max Capacity: 30718M(100%)
[72.932s][info][gc,heap     ] GC(6)                Mark Start          Mark End        Relocate Start      Relocate End           High               Low         
[72.932s][info][gc,heap     ] GC(6)  Capacity:     8404M (27%)        8404M (27%)        8404M (27%)        8404M (27%)        8404M (27%)        8404M (27%)    
[72.932s][info][gc,heap     ] GC(6)      Free:    22318M (73%)       22318M (73%)       30562M (99%)       30684M (100%)      30684M (100%)      22318M (73%)    
[72.932s][info][gc,heap     ] GC(6)      Used:     8400M (27%)        8400M (27%)         156M (1%)           34M (0%)         8400M (27%)          34M (0%)     
[72.932s][info][gc,heap     ] GC(6)      Live:         -                13M (0%)           13M (0%)           13M (0%)             -                  -          
[72.932s][info][gc,heap     ] GC(6) Allocated:         -                 0M (0%)            0M (0%)            1M (0%)             -                  -          
[72.932s][info][gc,heap     ] GC(6)   Garbage:         -              8386M (27%)         142M (0%)           18M (0%)             -                  -          
[72.932s][info][gc,heap     ] GC(6) Reclaimed:         -                  -              8244M (27%)        8367M (27%)            -                  -          
[72.932s][info][gc          ] GC(6) Garbage Collection (System.gc()) 8400M(27%)->34M(0%)
[80.127s][info][gc,stats    ] === Garbage Collection Statistics =======================================================================================================================
[80.127s][info][gc,stats    ]                                                              Last 10s              Last 10m              Last 10h                Total
[80.127s][info][gc,stats    ]                                                              Avg / Max             Avg / Max             Avg / Max             Avg / Max
[80.127s][info][gc,stats    ]   Collector: Garbage Collection Cycle                     37.761 / 37.761      157.853 / 647.919     157.853 / 647.919     157.853 / 647.919     ms
[80.127s][info][gc,stats    ]  Contention: Mark Segment Reset Contention                     0 / 6                 0 / 37                0 / 37                0 / 37          ops/s
[80.127s][info][gc,stats    ]  Contention: Mark SeqNum Reset Contention                      0 / 1                 0 / 1                 0 / 1                 0 / 1           ops/s
[80.127s][info][gc,stats    ]    Critical: Allocation Stall                                  0 / 0                 0 / 0                 0 / 0                 0 / 0           ops/s
[80.127s][info][gc,stats    ]    Critical: Allocation Stall                              0.000 / 0.000         0.000 / 0.000         0.000 / 0.000         0.000 / 0.000       ms
[80.127s][info][gc,stats    ]    Critical: GC Locker Stall                                   0 / 0                 0 / 0                 0 / 0                 0 / 0           ops/s
[80.127s][info][gc,stats    ]    Critical: GC Locker Stall                               0.000 / 0.000         0.000 / 0.000         0.000 / 0.000         0.000 / 0.000       ms
[80.127s][info][gc,stats    ]    Critical: Relocation Stall                                  0 / 0                 0 / 0                 0 / 0                 0 / 0           ops/s
[80.127s][info][gc,stats    ]    Critical: Relocation Stall                              0.000 / 0.000         0.000 / 0.000         0.000 / 0.000         0.000 / 0.000       ms
[80.127s][info][gc,stats    ]      Memory: Allocation Rate                                 655 / 3370            491 / 4646            491 / 4646            491 / 4646        MB/s
[80.127s][info][gc,stats    ]      Memory: Defragment                                        0 / 0                 0 / 16                0 / 16                0 / 16          ops/s
[80.127s][info][gc,stats    ]      Memory: Out Of Memory                                     0 / 0                 0 / 0                 0 / 0                 0 / 0           ops/s
[80.127s][info][gc,stats    ]      Memory: Page Cache Flush                                  0 / 0                 0 / 32                0 / 32                0 / 32          MB/s
[80.127s][info][gc,stats    ]      Memory: Page Cache Hit L1                               327 / 1684            194 / 2308            194 / 2308            194 / 2308        ops/s
[80.127s][info][gc,stats    ]      Memory: Page Cache Hit L2                                 0 / 0                 0 / 0                 0 / 0                 0 / 0           ops/s
[80.127s][info][gc,stats    ]      Memory: Page Cache Hit L3                                 0 / 0                13 / 688              13 / 688              13 / 688         ops/s
[80.127s][info][gc,stats    ]      Memory: Page Cache Miss                                   0 / 0                39 / 489              39 / 489              39 / 489         ops/s
[80.127s][info][gc,stats    ]      Memory: Uncommit                                          0 / 0                 0 / 0                 0 / 0                 0 / 0           MB/s
[80.127s][info][gc,stats    ]      Memory: Undo Object Allocation Failed                     0 / 0                 0 / 0                 0 / 0                 0 / 0           ops/s
[80.127s][info][gc,stats    ]      Memory: Undo Object Allocation Succeeded                  0 / 0                 1 / 85                1 / 85                1 / 85          ops/s
[80.127s][info][gc,stats    ]      Memory: Undo Page Allocation                              0 / 0                 1 / 101               1 / 101               1 / 101         ops/s
[80.127s][info][gc,stats    ]       Phase: Concurrent Mark                              20.879 / 20.879       89.872 / 359.093      89.872 / 359.093      89.872 / 359.093     ms
[80.127s][info][gc,stats    ]       Phase: Concurrent Mark Continue                      0.000 / 0.000         0.000 / 0.000         0.000 / 0.000         0.000 / 0.000       ms
[80.127s][info][gc,stats    ]       Phase: Concurrent Mark Free                          0.002 / 0.002         0.001 / 0.002         0.001 / 0.002         0.001 / 0.002       ms
[80.128s][info][gc,stats    ]       Phase: Concurrent Process Non-Strong References      1.116 / 1.116        15.114 / 86.797       15.114 / 86.797       15.114 / 86.797      ms
[80.128s][info][gc,stats    ]       Phase: Concurrent Relocate                           2.686 / 2.686         9.751 / 46.398        9.751 / 46.398        9.751 / 46.398      ms
[80.128s][info][gc,stats    ]       Phase: Concurrent Reset Relocation Set               0.007 / 0.007         0.029 / 0.093         0.029 / 0.093         0.029 / 0.093       ms
[80.128s][info][gc,stats    ]       Phase: Concurrent Select Relocation Set             12.018 / 12.018       17.619 / 34.546       17.619 / 34.546       17.619 / 34.546      ms
[80.128s][info][gc,stats    ]       Phase: Pause Mark End                                0.018 / 0.018         0.024 / 0.028         0.024 / 0.028         0.024 / 0.028       ms
[80.128s][info][gc,stats    ]       Phase: Pause Mark Start                              0.018 / 0.018         0.019 / 0.034         0.019 / 0.034         0.019 / 0.034       ms
[80.128s][info][gc,stats    ]       Phase: Pause Relocate Start                          0.007 / 0.007         0.010 / 0.016         0.010 / 0.016         0.010 / 0.016       ms
[80.128s][info][gc,stats    ]    Subphase: Concurrent Classes Purge                      0.051 / 0.051         1.620 / 8.983         1.620 / 8.983         1.620 / 8.983       ms
[80.128s][info][gc,stats    ]    Subphase: Concurrent Classes Unlink                     0.718 / 0.718         3.595 / 11.741        3.595 / 11.741        3.595 / 11.741      ms
[80.128s][info][gc,stats    ]    Subphase: Concurrent Mark                              19.524 / 19.768       83.869 / 344.053      83.869 / 344.053      83.869 / 344.053     ms
[80.128s][info][gc,stats    ]    Subphase: Concurrent Mark Try Flush                     0.049 / 0.089        12.412 / 99.957       12.412 / 99.957       12.412 / 99.957      ms
[80.128s][info][gc,stats    ]    Subphase: Concurrent Mark Try Terminate                 9.308 / 16.131       13.381 / 62.504       13.381 / 62.504       13.381 / 62.504      ms
[80.128s][info][gc,stats    ]    Subphase: Concurrent References Enqueue                 0.003 / 0.003         0.004 / 0.005         0.004 / 0.005         0.004 / 0.005       ms
[80.128s][info][gc,stats    ]    Subphase: Concurrent References Process                 0.051 / 0.051         0.060 / 0.102         0.060 / 0.102         0.060 / 0.102       ms
[80.128s][info][gc,stats    ]    Subphase: Concurrent Roots ClassLoaderDataGraph         0.070 / 0.370         0.093 / 1.633         0.093 / 1.633         0.093 / 1.633       ms
[80.128s][info][gc,stats    ]    Subphase: Concurrent Roots CodeCache                    0.000 / 0.000         0.000 / 0.000         0.000 / 0.000         0.000 / 0.000       ms
[80.128s][info][gc,stats    ]    Subphase: Concurrent Roots JavaThreads                  0.714 / 1.002         2.285 / 13.523        2.285 / 13.523        2.285 / 13.523      ms
[80.128s][info][gc,stats    ]    Subphase: Concurrent Roots OopStorageSet                0.021 / 0.050         0.177 / 1.478         0.177 / 1.478         0.177 / 1.478       ms
[80.128s][info][gc,stats    ]    Subphase: Concurrent Weak Roots OopStorageSet           0.159 / 0.168         0.141 / 0.189         0.141 / 0.189         0.141 / 0.189       ms
[80.128s][info][gc,stats    ]    Subphase: Pause Mark Try Complete                       0.000 / 0.000         0.000 / 0.000         0.000 / 0.000         0.000 / 0.000       ms
[80.128s][info][gc,stats    ]      System: Java Threads                                     62 / 62               57 / 72               57 / 72               57 / 72          threads
[80.128s][info][gc,stats    ] =========================================================================================================================================================
[88.884s][info][gc,start    ] GC(7) Garbage Collection (System.gc())
[88.885s][info][gc,task     ] GC(7) Using 12 workers
[88.885s][info][gc,phases   ] GC(7) Pause Mark Start 0.018ms
[88.919s][info][gc,phases   ] GC(7) Concurrent Mark 34.291ms
[88.919s][info][gc,phases   ] GC(7) Pause Mark End 0.028ms
[88.919s][info][gc,phases   ] GC(7) Concurrent Mark Free 0.001ms
[88.921s][info][gc,phases   ] GC(7) Concurrent Process Non-Strong References 1.276ms
[88.921s][info][gc,phases   ] GC(7) Concurrent Reset Relocation Set 0.010ms
[88.925s][info][gc,phases   ] GC(7) Concurrent Select Relocation Set 4.465ms
[88.925s][info][gc,phases   ] GC(7) Pause Relocate Start 0.007ms
[88.928s][info][gc,phases   ] GC(7) Concurrent Relocate 2.880ms
[88.928s][info][gc,load     ] GC(7) Load: 0.00/0.00/0.00
[88.928s][info][gc,mmu      ] GC(7) MMU: 2ms/98.3%, 5ms/99.3%, 10ms/99.6%, 20ms/99.8%, 50ms/99.9%, 100ms/99.9%
[88.928s][info][gc,marking  ] GC(7) Mark: 8 stripe(s), 4 proactive flush(es), 1 terminate flush(es), 0 completion(s), 0 continuation(s) 
[88.929s][info][gc,marking  ] GC(7) Mark Stack Usage: 32M
[88.929s][info][gc,nmethod  ] GC(7) NMethods: 2515 registered, 252 unregistered
[88.929s][info][gc,metaspace] GC(7) Metaspace: 16M used, 17M committed, 1088M reserved
[88.929s][info][gc,ref      ] GC(7) Soft: 250 encountered, 0 discovered, 0 enqueued
[88.929s][info][gc,ref      ] GC(7) Weak: 997 encountered, 184 discovered, 8 enqueued
[88.929s][info][gc,ref      ] GC(7) Final: 0 encountered, 0 discovered, 0 enqueued
[88.929s][info][gc,ref      ] GC(7) Phantom: 35 encountered, 21 discovered, 0 enqueued
[88.929s][info][gc,reloc    ] GC(7) Small Pages: 4173 / 8346M, Empty: 8226M, Relocated: 8M, In-Place: 0
[88.929s][info][gc,reloc    ] GC(7) Medium Pages: 1 / 32M, Empty: 32M, Relocated: 0M, In-Place: 0
[88.929s][info][gc,reloc    ] GC(7) Large Pages: 2 / 12M, Empty: 12M, Relocated: 0M, In-Place: 0
[88.929s][info][gc,reloc    ] GC(7) Forwarding Usage: 2M
[88.929s][info][gc,heap     ] GC(7) Min Capacity: 8M(0%)
[88.929s][info][gc,heap     ] GC(7) Max Capacity: 30718M(100%)
[88.929s][info][gc,heap     ] GC(7) Soft Max Capacity: 30718M(100%)
[88.929s][info][gc,heap     ] GC(7)                Mark Start          Mark End        Relocate Start      Relocate End           High               Low         
[88.929s][info][gc,heap     ] GC(7)  Capacity:     8404M (27%)        8404M (27%)        8404M (27%)        8404M (27%)        8404M (27%)        8404M (27%)    
[88.929s][info][gc,heap     ] GC(7)      Free:    22328M (73%)       22326M (73%)       30596M (100%)      30680M (100%)      30680M (100%)      22326M (73%)    
[88.929s][info][gc,heap     ] GC(7)      Used:     8390M (27%)        8392M (27%)         122M (0%)           38M (0%)         8392M (27%)          38M (0%)     
[88.929s][info][gc,heap     ] GC(7)      Live:         -                16M (0%)           16M (0%)           16M (0%)             -                  -          
[88.929s][info][gc,heap     ] GC(7) Allocated:         -                 2M (0%)            2M (0%)            2M (0%)             -                  -          
[88.929s][info][gc,heap     ] GC(7)   Garbage:         -              8373M (27%)         103M (0%)           19M (0%)             -                  -          
[88.929s][info][gc,heap     ] GC(7) Reclaimed:         -                  -              8270M (27%)        8354M (27%)            -                  -          
[88.929s][info][gc          ] GC(7) Garbage Collection (System.gc()) 8390M(27%)->38M(0%)
[90.126s][info][gc,stats    ] === Garbage Collection Statistics =======================================================================================================================
[90.126s][info][gc,stats    ]                                                              Last 10s              Last 10m              Last 10h                Total
[90.126s][info][gc,stats    ]                                                              Avg / Max             Avg / Max             Avg / Max             Avg / Max
[90.126s][info][gc,stats    ]   Collector: Garbage Collection Cycle                     44.025 / 44.025      143.624 / 647.919     143.624 / 647.919     143.624 / 647.919     ms
[90.126s][info][gc,stats    ]  Contention: Mark Segment Reset Contention                     0 / 7                 0 / 37                0 / 37                0 / 37          ops/s
[90.126s][info][gc,stats    ]  Contention: Mark SeqNum Reset Contention                      0 / 0                 0 / 1                 0 / 1                 0 / 1           ops/s
[90.126s][info][gc,stats    ]    Critical: Allocation Stall                                  0 / 0                 0 / 0                 0 / 0                 0 / 0           ops/s
[90.126s][info][gc,stats    ]    Critical: Allocation Stall                              0.000 / 0.000         0.000 / 0.000         0.000 / 0.000         0.000 / 0.000       ms
[90.126s][info][gc,stats    ]    Critical: GC Locker Stall                                   0 / 0                 0 / 0                 0 / 0                 0 / 0           ops/s
[90.126s][info][gc,stats    ]    Critical: GC Locker Stall                               0.000 / 0.000         0.000 / 0.000         0.000 / 0.000         0.000 / 0.000       ms
[90.126s][info][gc,stats    ]    Critical: Relocation Stall                                  0 / 0                 0 / 0                 0 / 0                 0 / 0           ops/s
[90.126s][info][gc,stats    ]    Critical: Relocation Stall                              0.000 / 0.000         0.000 / 0.000         0.000 / 0.000         0.000 / 0.000       ms
[90.126s][info][gc,stats    ]      Memory: Allocation Rate                                 274 / 1372            467 / 4646            467 / 4646            467 / 4646        MB/s
[90.126s][info][gc,stats    ]      Memory: Defragment                                        0 / 0                 0 / 16                0 / 16                0 / 16          ops/s
[90.126s][info][gc,stats    ]      Memory: Out Of Memory                                     0 / 0                 0 / 0                 0 / 0                 0 / 0           ops/s
[90.126s][info][gc,stats    ]      Memory: Page Cache Flush                                  0 / 0                 0 / 32                0 / 32                0 / 32          MB/s
[90.126s][info][gc,stats    ]      Memory: Page Cache Hit L1                               138 / 686             188 / 2308            188 / 2308            188 / 2308        ops/s
[90.126s][info][gc,stats    ]      Memory: Page Cache Hit L2                                 0 / 0                 0 / 0                 0 / 0                 0 / 0           ops/s
[90.127s][info][gc,stats    ]      Memory: Page Cache Hit L3                                 0 / 0                11 / 688              11 / 688              11 / 688         ops/s
[90.127s][info][gc,stats    ]      Memory: Page Cache Miss                                   0 / 0                34 / 489              34 / 489              34 / 489         ops/s
[90.127s][info][gc,stats    ]      Memory: Uncommit                                          0 / 0                 0 / 0                 0 / 0                 0 / 0           MB/s
[90.127s][info][gc,stats    ]      Memory: Undo Object Allocation Failed                     0 / 0                 0 / 0                 0 / 0                 0 / 0           ops/s
[90.127s][info][gc,stats    ]      Memory: Undo Object Allocation Succeeded                  0 / 0                 0 / 85                0 / 85                0 / 85          ops/s
[90.127s][info][gc,stats    ]      Memory: Undo Page Allocation                              0 / 1                 1 / 101               1 / 101               1 / 101         ops/s
[90.127s][info][gc,stats    ]       Phase: Concurrent Mark                              34.291 / 34.291       82.924 / 359.093      82.924 / 359.093      82.924 / 359.093     ms
[90.127s][info][gc,stats    ]       Phase: Concurrent Mark Continue                      0.000 / 0.000         0.000 / 0.000         0.000 / 0.000         0.000 / 0.000       ms
[90.127s][info][gc,stats    ]       Phase: Concurrent Mark Free                          0.001 / 0.001         0.001 / 0.002         0.001 / 0.002         0.001 / 0.002       ms
[90.127s][info][gc,stats    ]       Phase: Concurrent Process Non-Strong References      1.276 / 1.276        13.385 / 86.797       13.385 / 86.797       13.385 / 86.797      ms
[90.127s][info][gc,stats    ]       Phase: Concurrent Relocate                           2.880 / 2.880         8.892 / 46.398        8.892 / 46.398        8.892 / 46.398      ms
[90.127s][info][gc,stats    ]       Phase: Concurrent Reset Relocation Set               0.010 / 0.010         0.027 / 0.093         0.027 / 0.093         0.027 / 0.093       ms
[90.127s][info][gc,stats    ]       Phase: Concurrent Select Relocation Set              4.465 / 4.465        15.975 / 34.546       15.975 / 34.546       15.975 / 34.546      ms
[90.127s][info][gc,stats    ]       Phase: Pause Mark End                                0.028 / 0.028         0.024 / 0.028         0.024 / 0.028         0.024 / 0.028       ms
[90.127s][info][gc,stats    ]       Phase: Pause Mark Start                              0.018 / 0.018         0.019 / 0.034         0.019 / 0.034         0.019 / 0.034       ms
[90.127s][info][gc,stats    ]       Phase: Pause Relocate Start                          0.007 / 0.007         0.009 / 0.016         0.009 / 0.016         0.009 / 0.016       ms
[90.127s][info][gc,stats    ]    Subphase: Concurrent Classes Purge                      0.123 / 0.123         1.433 / 8.983         1.433 / 8.983         1.433 / 8.983       ms
[90.127s][info][gc,stats    ]    Subphase: Concurrent Classes Unlink                     0.772 / 0.772         3.242 / 11.741        3.242 / 11.741        3.242 / 11.741      ms
[90.127s][info][gc,stats    ]    Subphase: Concurrent Mark                              31.941 / 33.183       77.378 / 344.053      77.378 / 344.053      77.378 / 344.053     ms
[90.127s][info][gc,stats    ]    Subphase: Concurrent Mark Try Flush                     0.085 / 0.108        10.129 / 99.957       10.129 / 99.957       10.129 / 99.957      ms
[90.127s][info][gc,stats    ]    Subphase: Concurrent Mark Try Terminate                12.656 / 15.648       13.329 / 62.504       13.329 / 62.504       13.329 / 62.504      ms
[90.127s][info][gc,stats    ]    Subphase: Concurrent References Enqueue                 0.003 / 0.003         0.004 / 0.005         0.004 / 0.005         0.004 / 0.005       ms
[90.127s][info][gc,stats    ]    Subphase: Concurrent References Process                 0.052 / 0.052         0.059 / 0.102         0.059 / 0.102         0.059 / 0.102       ms
[90.127s][info][gc,stats    ]    Subphase: Concurrent Roots ClassLoaderDataGraph         0.068 / 0.354         0.090 / 1.633         0.090 / 1.633         0.090 / 1.633       ms
[90.127s][info][gc,stats    ]    Subphase: Concurrent Roots CodeCache                    0.000 / 0.000         0.000 / 0.000         0.000 / 0.000         0.000 / 0.000       ms
[90.127s][info][gc,stats    ]    Subphase: Concurrent Roots JavaThreads                  0.708 / 1.006         2.082 / 13.523        2.082 / 13.523        2.082 / 13.523      ms
[90.127s][info][gc,stats    ]    Subphase: Concurrent Roots OopStorageSet                0.023 / 0.039         0.159 / 1.478         0.159 / 1.478         0.159 / 1.478       ms
[90.128s][info][gc,stats    ]    Subphase: Concurrent Weak Roots OopStorageSet           0.193 / 0.203         0.148 / 0.203         0.148 / 0.203         0.148 / 0.203       ms
[90.128s][info][gc,stats    ]    Subphase: Pause Mark Try Complete                       0.000 / 0.000         0.000 / 0.000         0.000 / 0.000         0.000 / 0.000       ms
[90.128s][info][gc,stats    ]      System: Java Threads                                     62 / 62               58 / 72               58 / 72               58 / 72          threads
[90.128s][info][gc,stats    ] =========================================================================================================================================================
[100.131s][info][gc,stats    ] === Garbage Collection Statistics =======================================================================================================================
[100.132s][info][gc,stats    ]                                                              Last 10s              Last 10m              Last 10h                Total
[100.132s][info][gc,stats    ]                                                              Avg / Max             Avg / Max             Avg / Max             Avg / Max
[100.132s][info][gc,stats    ]   Collector: Garbage Collection Cycle                      0.000 / 0.000       143.624 / 647.919     143.624 / 647.919     143.624 / 647.919     ms
[100.132s][info][gc,stats    ]  Contention: Mark Segment Reset Contention                     0 / 0                 0 / 37                0 / 37                0 / 37          ops/s
[100.132s][info][gc,stats    ]  Contention: Mark SeqNum Reset Contention                      0 / 0                 0 / 1                 0 / 1                 0 / 1           ops/s
[100.132s][info][gc,stats    ]    Critical: Allocation Stall                                  0 / 0                 0 / 0                 0 / 0                 0 / 0           ops/s
[100.132s][info][gc,stats    ]    Critical: Allocation Stall                              0.000 / 0.000         0.000 / 0.000         0.000 / 0.000         0.000 / 0.000       ms
[100.132s][info][gc,stats    ]    Critical: GC Locker Stall                                   0 / 0                 0 / 0                 0 / 0                 0 / 0           ops/s
[100.132s][info][gc,stats    ]    Critical: GC Locker Stall                               0.000 / 0.000         0.000 / 0.000         0.000 / 0.000         0.000 / 0.000       ms
[100.132s][info][gc,stats    ]    Critical: Relocation Stall                                  0 / 0                 0 / 0                 0 / 0                 0 / 0           ops/s
[100.132s][info][gc,stats    ]    Critical: Relocation Stall                              0.000 / 0.000         0.000 / 0.000         0.000 / 0.000         0.000 / 0.000       ms
[100.132s][info][gc,stats    ]      Memory: Allocation Rate                                 576 / 4912            478 / 4912            478 / 4912            478 / 4912        MB/s
[100.132s][info][gc,stats    ]      Memory: Defragment                                        0 / 0                 0 / 16                0 / 16                0 / 16          ops/s
[100.132s][info][gc,stats    ]      Memory: Out Of Memory                                     0 / 0                 0 / 0                 0 / 0                 0 / 0           ops/s
[100.132s][info][gc,stats    ]      Memory: Page Cache Flush                                  0 / 0                 0 / 32                0 / 32                0 / 32          MB/s
[100.132s][info][gc,stats    ]      Memory: Page Cache Hit L1                               286 / 2441            197 / 2441            197 / 2441            197 / 2441        ops/s
[100.132s][info][gc,stats    ]      Memory: Page Cache Hit L2                                 0 / 0                 0 / 0                 0 / 0                 0 / 0           ops/s
[100.132s][info][gc,stats    ]      Memory: Page Cache Hit L3                                 0 / 0                10 / 688              10 / 688              10 / 688         ops/s
[100.132s][info][gc,stats    ]      Memory: Page Cache Miss                                   0 / 0                31 / 489              31 / 489              31 / 489         ops/s
[100.132s][info][gc,stats    ]      Memory: Uncommit                                          0 / 0                 0 / 0                 0 / 0                 0 / 0           MB/s
[100.132s][info][gc,stats    ]      Memory: Undo Object Allocation Failed                     0 / 0                 0 / 0                 0 / 0                 0 / 0           ops/s
[100.132s][info][gc,stats    ]      Memory: Undo Object Allocation Succeeded                  0 / 0                 0 / 85                0 / 85                0 / 85          ops/s
[100.132s][info][gc,stats    ]      Memory: Undo Page Allocation                              0 / 0                 1 / 101               1 / 101               1 / 101         ops/s
[100.132s][info][gc,stats    ]       Phase: Concurrent Mark                               0.000 / 0.000        82.924 / 359.093      82.924 / 359.093      82.924 / 359.093     ms
[100.132s][info][gc,stats    ]       Phase: Concurrent Mark Continue                      0.000 / 0.000         0.000 / 0.000         0.000 / 0.000         0.000 / 0.000       ms
[100.132s][info][gc,stats    ]       Phase: Concurrent Mark Free                          0.000 / 0.000         0.001 / 0.002         0.001 / 0.002         0.001 / 0.002       ms
[100.132s][info][gc,stats    ]       Phase: Concurrent Process Non-Strong References      0.000 / 0.000        13.385 / 86.797       13.385 / 86.797       13.385 / 86.797      ms
[100.132s][info][gc,stats    ]       Phase: Concurrent Relocate                           0.000 / 0.000         8.892 / 46.398        8.892 / 46.398        8.892 / 46.398      ms
[100.133s][info][gc,stats    ]       Phase: Concurrent Reset Relocation Set               0.000 / 0.000         0.027 / 0.093         0.027 / 0.093         0.027 / 0.093       ms
[100.133s][info][gc,stats    ]       Phase: Concurrent Select Relocation Set              0.000 / 0.000        15.975 / 34.546       15.975 / 34.546       15.975 / 34.546      ms
[100.133s][info][gc,stats    ]       Phase: Pause Mark End                                0.000 / 0.000         0.024 / 0.028         0.024 / 0.028         0.024 / 0.028       ms
[100.133s][info][gc,stats    ]       Phase: Pause Mark Start                              0.000 / 0.000         0.019 / 0.034         0.019 / 0.034         0.019 / 0.034       ms
[100.133s][info][gc,stats    ]       Phase: Pause Relocate Start                          0.000 / 0.000         0.009 / 0.016         0.009 / 0.016         0.009 / 0.016       ms
[100.133s][info][gc,stats    ]    Subphase: Concurrent Classes Purge                      0.000 / 0.000         1.433 / 8.983         1.433 / 8.983         1.433 / 8.983       ms
[100.133s][info][gc,stats    ]    Subphase: Concurrent Classes Unlink                     0.000 / 0.000         3.242 / 11.741        3.242 / 11.741        3.242 / 11.741      ms
[100.133s][info][gc,stats    ]    Subphase: Concurrent Mark                               0.000 / 0.000        77.378 / 344.053      77.378 / 344.053      77.378 / 344.053     ms
[100.133s][info][gc,stats    ]    Subphase: Concurrent Mark Try Flush                     0.000 / 0.000        10.129 / 99.957       10.129 / 99.957       10.129 / 99.957      ms
[100.133s][info][gc,stats    ]    Subphase: Concurrent Mark Try Terminate                 0.000 / 0.000        13.329 / 62.504       13.329 / 62.504       13.329 / 62.504      ms
[100.133s][info][gc,stats    ]    Subphase: Concurrent References Enqueue                 0.000 / 0.000         0.004 / 0.005         0.004 / 0.005         0.004 / 0.005       ms
[100.133s][info][gc,stats    ]    Subphase: Concurrent References Process                 0.000 / 0.000         0.059 / 0.102         0.059 / 0.102         0.059 / 0.102       ms
[100.133s][info][gc,stats    ]    Subphase: Concurrent Roots ClassLoaderDataGraph         0.000 / 0.000         0.090 / 1.633         0.090 / 1.633         0.090 / 1.633       ms
[100.133s][info][gc,stats    ]    Subphase: Concurrent Roots CodeCache                    0.000 / 0.000         0.000 / 0.000         0.000 / 0.000         0.000 / 0.000       ms
[100.133s][info][gc,stats    ]    Subphase: Concurrent Roots JavaThreads                  0.000 / 0.000         2.082 / 13.523        2.082 / 13.523        2.082 / 13.523      ms
[100.133s][info][gc,stats    ]    Subphase: Concurrent Roots OopStorageSet                0.000 / 0.000         0.159 / 1.478         0.159 / 1.478         0.159 / 1.478       ms
[100.133s][info][gc,stats    ]    Subphase: Concurrent Weak Roots OopStorageSet           0.000 / 0.000         0.148 / 0.203         0.148 / 0.203         0.148 / 0.203       ms
[100.133s][info][gc,stats    ]    Subphase: Pause Mark Try Complete                       0.000 / 0.000         0.000 / 0.000         0.000 / 0.000         0.000 / 0.000       ms
[100.133s][info][gc,stats    ]      System: Java Threads                                      0 / 0                58 / 72               58 / 72               58 / 72          threads
[100.133s][info][gc,stats    ] =========================================================================================================================================================
[110.127s][info][gc,stats    ] === Garbage Collection Statistics =======================================================================================================================
[110.127s][info][gc,stats    ]                                                              Last 10s              Last 10m              Last 10h                Total
[110.127s][info][gc,stats    ]                                                              Avg / Max             Avg / Max             Avg / Max             Avg / Max
[110.127s][info][gc,stats    ]   Collector: Garbage Collection Cycle                      0.000 / 0.000       143.624 / 647.919     143.624 / 647.919     143.624 / 647.919     ms
[110.127s][info][gc,stats    ]  Contention: Mark Segment Reset Contention                     0 / 0                 0 / 37                0 / 37                0 / 37          ops/s
[110.127s][info][gc,stats    ]  Contention: Mark SeqNum Reset Contention                      0 / 0                 0 / 1                 0 / 1                 0 / 1           ops/s
[110.127s][info][gc,stats    ]    Critical: Allocation Stall                                  0 / 0                 0 / 0                 0 / 0                 0 / 0           ops/s
[110.127s][info][gc,stats    ]    Critical: Allocation Stall                              0.000 / 0.000         0.000 / 0.000         0.000 / 0.000         0.000 / 0.000       ms
[110.127s][info][gc,stats    ]    Critical: GC Locker Stall                                   0 / 0                 0 / 0                 0 / 0                 0 / 0           ops/s
[110.127s][info][gc,stats    ]    Critical: GC Locker Stall                               0.000 / 0.000         0.000 / 0.000         0.000 / 0.000         0.000 / 0.000       ms
[110.127s][info][gc,stats    ]    Critical: Relocation Stall                                  0 / 0                 0 / 0                 0 / 0                 0 / 0           ops/s
[110.127s][info][gc,stats    ]    Critical: Relocation Stall                              0.000 / 0.000         0.000 / 0.000         0.000 / 0.000         0.000 / 0.000       ms
[110.127s][info][gc,stats    ]      Memory: Allocation Rate                                 267 / 950             458 / 4912            458 / 4912            458 / 4912        MB/s
[110.127s][info][gc,stats    ]      Memory: Defragment                                        0 / 0                 0 / 16                0 / 16                0 / 16          ops/s
[110.127s][info][gc,stats    ]      Memory: Out Of Memory                                     0 / 0                 0 / 0                 0 / 0                 0 / 0           ops/s
[110.127s][info][gc,stats    ]      Memory: Page Cache Flush                                  0 / 0                 0 / 32                0 / 32                0 / 32          MB/s
[110.127s][info][gc,stats    ]      Memory: Page Cache Hit L1                               124 / 475             191 / 2441            191 / 2441            191 / 2441        ops/s
[110.127s][info][gc,stats    ]      Memory: Page Cache Hit L2                                 0 / 0                 0 / 0                 0 / 0                 0 / 0           ops/s
[110.127s][info][gc,stats    ]      Memory: Page Cache Hit L3                                 0 / 0                 9 / 688               9 / 688               9 / 688         ops/s
[110.127s][info][gc,stats    ]      Memory: Page Cache Miss                                   8 / 58               29 / 489              29 / 489              29 / 489         ops/s
[110.127s][info][gc,stats    ]      Memory: Uncommit                                          0 / 0                 0 / 0                 0 / 0                 0 / 0           MB/s
[110.127s][info][gc,stats    ]      Memory: Undo Object Allocation Failed                     0 / 0                 0 / 0                 0 / 0                 0 / 0           ops/s
[110.127s][info][gc,stats    ]      Memory: Undo Object Allocation Succeeded                  0 / 0                 0 / 85                0 / 85                0 / 85          ops/s
[110.127s][info][gc,stats    ]      Memory: Undo Page Allocation                              0 / 0                 0 / 101               0 / 101               0 / 101         ops/s
[110.127s][info][gc,stats    ]       Phase: Concurrent Mark                               0.000 / 0.000        82.924 / 359.093      82.924 / 359.093      82.924 / 359.093     ms
[110.127s][info][gc,stats    ]       Phase: Concurrent Mark Continue                      0.000 / 0.000         0.000 / 0.000         0.000 / 0.000         0.000 / 0.000       ms
[110.127s][info][gc,stats    ]       Phase: Concurrent Mark Free                          0.000 / 0.000         0.001 / 0.002         0.001 / 0.002         0.001 / 0.002       ms
[110.128s][info][gc,stats    ]       Phase: Concurrent Process Non-Strong References      0.000 / 0.000        13.385 / 86.797       13.385 / 86.797       13.385 / 86.797      ms
[110.128s][info][gc,stats    ]       Phase: Concurrent Relocate                           0.000 / 0.000         8.892 / 46.398        8.892 / 46.398        8.892 / 46.398      ms
[110.128s][info][gc,stats    ]       Phase: Concurrent Reset Relocation Set               0.000 / 0.000         0.027 / 0.093         0.027 / 0.093         0.027 / 0.093       ms
[110.128s][info][gc,stats    ]       Phase: Concurrent Select Relocation Set              0.000 / 0.000        15.975 / 34.546       15.975 / 34.546       15.975 / 34.546      ms
[110.128s][info][gc,stats    ]       Phase: Pause Mark End                                0.000 / 0.000         0.024 / 0.028         0.024 / 0.028         0.024 / 0.028       ms
[110.128s][info][gc,stats    ]       Phase: Pause Mark Start                              0.000 / 0.000         0.019 / 0.034         0.019 / 0.034         0.019 / 0.034       ms
[110.128s][info][gc,stats    ]       Phase: Pause Relocate Start                          0.000 / 0.000         0.009 / 0.016         0.009 / 0.016         0.009 / 0.016       ms
[110.128s][info][gc,stats    ]    Subphase: Concurrent Classes Purge                      0.000 / 0.000         1.433 / 8.983         1.433 / 8.983         1.433 / 8.983       ms
[110.128s][info][gc,stats    ]    Subphase: Concurrent Classes Unlink                     0.000 / 0.000         3.242 / 11.741        3.242 / 11.741        3.242 / 11.741      ms
[110.128s][info][gc,stats    ]    Subphase: Concurrent Mark                               0.000 / 0.000        77.378 / 344.053      77.378 / 344.053      77.378 / 344.053     ms
[110.128s][info][gc,stats    ]    Subphase: Concurrent Mark Try Flush                     0.000 / 0.000        10.129 / 99.957       10.129 / 99.957       10.129 / 99.957      ms
[110.128s][info][gc,stats    ]    Subphase: Concurrent Mark Try Terminate                 0.000 / 0.000        13.329 / 62.504       13.329 / 62.504       13.329 / 62.504      ms
[110.128s][info][gc,stats    ]    Subphase: Concurrent References Enqueue                 0.000 / 0.000         0.004 / 0.005         0.004 / 0.005         0.004 / 0.005       ms
[110.128s][info][gc,stats    ]    Subphase: Concurrent References Process                 0.000 / 0.000         0.059 / 0.102         0.059 / 0.102         0.059 / 0.102       ms
[110.128s][info][gc,stats    ]    Subphase: Concurrent Roots ClassLoaderDataGraph         0.000 / 0.000         0.090 / 1.633         0.090 / 1.633         0.090 / 1.633       ms
[110.128s][info][gc,stats    ]    Subphase: Concurrent Roots CodeCache                    0.000 / 0.000         0.000 / 0.000         0.000 / 0.000         0.000 / 0.000       ms
[110.128s][info][gc,stats    ]    Subphase: Concurrent Roots JavaThreads                  0.000 / 0.000         2.082 / 13.523        2.082 / 13.523        2.082 / 13.523      ms
[110.128s][info][gc,stats    ]    Subphase: Concurrent Roots OopStorageSet                0.000 / 0.000         0.159 / 1.478         0.159 / 1.478         0.159 / 1.478       ms
[110.128s][info][gc,stats    ]    Subphase: Concurrent Weak Roots OopStorageSet           0.000 / 0.000         0.148 / 0.203         0.148 / 0.203         0.148 / 0.203       ms
[110.128s][info][gc,stats    ]    Subphase: Pause Mark Try Complete                       0.000 / 0.000         0.000 / 0.000         0.000 / 0.000         0.000 / 0.000       ms
[110.128s][info][gc,stats    ]      System: Java Threads                                      0 / 0                58 / 72               58 / 72               58 / 72          threads
[110.128s][info][gc,stats    ] =========================================================================================================================================================
[110.153s][info][gc,start    ] GC(8) Garbage Collection (System.gc())
[110.153s][info][gc,task     ] GC(8) Using 12 workers
[110.153s][info][gc,phases   ] GC(8) Pause Mark Start 0.017ms
[110.173s][info][gc,phases   ] GC(8) Concurrent Mark 20.255ms
[110.174s][info][gc,phases   ] GC(8) Pause Mark End 0.027ms
[110.174s][info][gc,phases   ] GC(8) Concurrent Mark Free 0.001ms
[110.175s][info][gc,phases   ] GC(8) Concurrent Process Non-Strong References 1.119ms
[110.175s][info][gc,phases   ] GC(8) Concurrent Reset Relocation Set 0.005ms
[110.180s][info][gc,phases   ] GC(8) Concurrent Select Relocation Set 5.024ms
[110.180s][info][gc,phases   ] GC(8) Pause Relocate Start 0.010ms
[110.182s][info][gc,phases   ] GC(8) Concurrent Relocate 2.283ms
[110.182s][info][gc,load     ] GC(8) Load: 0.00/0.00/0.00
[110.182s][info][gc,mmu      ] GC(8) MMU: 2ms/98.3%, 5ms/99.3%, 10ms/99.6%, 20ms/99.8%, 50ms/99.9%, 100ms/99.9%
[110.182s][info][gc,marking  ] GC(8) Mark: 8 stripe(s), 1 proactive flush(es), 1 terminate flush(es), 0 completion(s), 0 continuation(s) 
[110.182s][info][gc,marking  ] GC(8) Mark Stack Usage: 32M
[110.182s][info][gc,nmethod  ] GC(8) NMethods: 2520 registered, 268 unregistered
[110.182s][info][gc,metaspace] GC(8) Metaspace: 16M used, 17M committed, 1088M reserved
[110.182s][info][gc,ref      ] GC(8) Soft: 250 encountered, 0 discovered, 0 enqueued
[110.182s][info][gc,ref      ] GC(8) Weak: 994 encountered, 312 discovered, 6 enqueued
[110.182s][info][gc,ref      ] GC(8) Final: 0 encountered, 0 discovered, 0 enqueued
[110.182s][info][gc,ref      ] GC(8) Phantom: 35 encountered, 17 discovered, 0 enqueued
[110.183s][info][gc,reloc    ] GC(8) Small Pages: 4263 / 8526M, Empty: 8370M, Relocated: 8M, In-Place: 0
[110.183s][info][gc,reloc    ] GC(8) Medium Pages: 1 / 32M, Empty: 32M, Relocated: 0M, In-Place: 0
[110.183s][info][gc,reloc    ] GC(8) Large Pages: 2 / 12M, Empty: 12M, Relocated: 0M, In-Place: 0
[110.183s][info][gc,reloc    ] GC(8) Forwarding Usage: 2M
[110.183s][info][gc,heap     ] GC(8) Min Capacity: 8M(0%)
[110.183s][info][gc,heap     ] GC(8) Max Capacity: 30718M(100%)
[110.183s][info][gc,heap     ] GC(8) Soft Max Capacity: 30718M(100%)
[110.183s][info][gc,heap     ] GC(8)                Mark Start          Mark End        Relocate Start      Relocate End           High               Low         
[110.183s][info][gc,heap     ] GC(8)  Capacity:     8570M (28%)        8570M (28%)        8570M (28%)        8570M (28%)        8570M (28%)        8570M (28%)    
[110.183s][info][gc,heap     ] GC(8)      Free:    22148M (72%)       22148M (72%)       30562M (99%)       30680M (100%)      30680M (100%)      22148M (72%)    
[110.183s][info][gc,heap     ] GC(8)      Used:     8570M (28%)        8570M (28%)         156M (1%)           38M (0%)         8570M (28%)          38M (0%)     
[110.183s][info][gc,heap     ] GC(8)      Live:         -                18M (0%)           18M (0%)           18M (0%)             -                  -          
[110.183s][info][gc,heap     ] GC(8) Allocated:         -                 0M (0%)            0M (0%)            0M (0%)             -                  -          
[110.183s][info][gc,heap     ] GC(8)   Garbage:         -              8551M (28%)         137M (0%)           19M (0%)             -                  -          
[110.183s][info][gc,heap     ] GC(8) Reclaimed:         -                  -              8414M (27%)        8532M (28%)            -                  -          
[110.183s][info][gc          ] GC(8) Garbage Collection (System.gc()) 8570M(28%)->38M(0%)
[120.138s][info][gc,stats    ] === Garbage Collection Statistics =======================================================================================================================
[120.138s][info][gc,stats    ]                                                              Last 10s              Last 10m              Last 10h                Total
[120.138s][info][gc,stats    ]                                                              Avg / Max             Avg / Max             Avg / Max             Avg / Max
[120.138s][info][gc,stats    ]   Collector: Garbage Collection Cycle                     29.541 / 29.541      130.948 / 647.919     130.948 / 647.919     130.948 / 647.919     ms
[120.138s][info][gc,stats    ]  Contention: Mark Segment Reset Contention                     0 / 4                 0 / 37                0 / 37                0 / 37          ops/s
[120.138s][info][gc,stats    ]  Contention: Mark SeqNum Reset Contention                      0 / 1                 0 / 1                 0 / 1                 0 / 1           ops/s
[120.138s][info][gc,stats    ]    Critical: Allocation Stall                                  0 / 0                 0 / 0                 0 / 0                 0 / 0           ops/s
[120.138s][info][gc,stats    ]    Critical: Allocation Stall                              0.000 / 0.000         0.000 / 0.000         0.000 / 0.000         0.000 / 0.000       ms
[120.138s][info][gc,stats    ]    Critical: GC Locker Stall                                   0 / 0                 0 / 0                 0 / 0                 0 / 0           ops/s
[120.138s][info][gc,stats    ]    Critical: GC Locker Stall                               0.000 / 0.000         0.000 / 0.000         0.000 / 0.000         0.000 / 0.000       ms
[120.138s][info][gc,stats    ]    Critical: Relocation Stall                                  0 / 0                 0 / 0                 0 / 0                 0 / 0           ops/s
[120.138s][info][gc,stats    ]    Critical: Relocation Stall                              0.000 / 0.000         0.000 / 0.000         0.000 / 0.000         0.000 / 0.000       ms
[120.138s][info][gc,stats    ]      Memory: Allocation Rate                                 574 / 4164            468 / 4912            468 / 4912            468 / 4912        MB/s
[120.138s][info][gc,stats    ]      Memory: Defragment                                        0 / 0                 0 / 16                0 / 16                0 / 16          ops/s
[120.138s][info][gc,stats    ]      Memory: Out Of Memory                                     0 / 0                 0 / 0                 0 / 0                 0 / 0           ops/s
[120.138s][info][gc,stats    ]      Memory: Page Cache Flush                                  0 / 0                 0 / 32                0 / 32                0 / 32          MB/s
[120.138s][info][gc,stats    ]      Memory: Page Cache Hit L1                               287 / 2082            199 / 2441            199 / 2441            199 / 2441        ops/s
[120.138s][info][gc,stats    ]      Memory: Page Cache Hit L2                                 0 / 0                 0 / 0                 0 / 0                 0 / 0           ops/s
[120.139s][info][gc,stats    ]      Memory: Page Cache Hit L3                                 0 / 0                 8 / 688               8 / 688               8 / 688         ops/s
[120.139s][info][gc,stats    ]      Memory: Page Cache Miss                                   0 / 0                26 / 489              26 / 489              26 / 489         ops/s
[120.139s][info][gc,stats    ]      Memory: Uncommit                                          0 / 0                 0 / 0                 0 / 0                 0 / 0           MB/s
[120.139s][info][gc,stats    ]      Memory: Undo Object Allocation Failed                     0 / 0                 0 / 0                 0 / 0                 0 / 0           ops/s
[120.139s][info][gc,stats    ]      Memory: Undo Object Allocation Succeeded                  0 / 0                 0 / 85                0 / 85                0 / 85          ops/s
[120.139s][info][gc,stats    ]      Memory: Undo Page Allocation                              0 / 0                 0 / 101               0 / 101               0 / 101         ops/s
[120.139s][info][gc,stats    ]       Phase: Concurrent Mark                              20.255 / 20.255       75.961 / 359.093      75.961 / 359.093      75.961 / 359.093     ms
[120.139s][info][gc,stats    ]       Phase: Concurrent Mark Continue                      0.000 / 0.000         0.000 / 0.000         0.000 / 0.000         0.000 / 0.000       ms
[120.139s][info][gc,stats    ]       Phase: Concurrent Mark Free                          0.001 / 0.001         0.001 / 0.002         0.001 / 0.002         0.001 / 0.002       ms
[120.139s][info][gc,stats    ]       Phase: Concurrent Process Non-Strong References      1.119 / 1.119        12.022 / 86.797       12.022 / 86.797       12.022 / 86.797      ms
[120.139s][info][gc,stats    ]       Phase: Concurrent Relocate                           2.283 / 2.283         8.158 / 46.398        8.158 / 46.398        8.158 / 46.398      ms
[120.139s][info][gc,stats    ]       Phase: Concurrent Reset Relocation Set               0.005 / 0.005         0.025 / 0.093         0.025 / 0.093         0.025 / 0.093       ms
[120.139s][info][gc,stats    ]       Phase: Concurrent Select Relocation Set              5.024 / 5.024        14.758 / 34.546       14.758 / 34.546       14.758 / 34.546      ms
[120.139s][info][gc,stats    ]       Phase: Pause Mark End                                0.027 / 0.027         0.024 / 0.028         0.024 / 0.028         0.024 / 0.028       ms
[120.139s][info][gc,stats    ]       Phase: Pause Mark Start                              0.017 / 0.017         0.019 / 0.034         0.019 / 0.034         0.019 / 0.034       ms
[120.139s][info][gc,stats    ]       Phase: Pause Relocate Start                          0.010 / 0.010         0.010 / 0.016         0.010 / 0.016         0.010 / 0.016       ms
[120.139s][info][gc,stats    ]    Subphase: Concurrent Classes Purge                      0.072 / 0.072         1.282 / 8.983         1.282 / 8.983         1.282 / 8.983       ms
[120.139s][info][gc,stats    ]    Subphase: Concurrent Classes Unlink                     0.708 / 0.708         2.961 / 11.741        2.961 / 11.741        2.961 / 11.741      ms
[120.139s][info][gc,stats    ]    Subphase: Concurrent Mark                              18.739 / 19.347       70.862 / 344.053      70.862 / 344.053      70.862 / 344.053     ms
[120.139s][info][gc,stats    ]    Subphase: Concurrent Mark Try Flush                     0.096 / 0.103         9.437 / 99.957        9.437 / 99.957        9.437 / 99.957      ms
[120.139s][info][gc,stats    ]    Subphase: Concurrent Mark Try Terminate                10.890 / 15.043       13.239 / 62.504       13.239 / 62.504       13.239 / 62.504      ms
[120.139s][info][gc,stats    ]    Subphase: Concurrent References Enqueue                 0.003 / 0.003         0.004 / 0.005         0.004 / 0.005         0.004 / 0.005       ms
[120.139s][info][gc,stats    ]    Subphase: Concurrent References Process                 0.040 / 0.040         0.057 / 0.102         0.057 / 0.102         0.057 / 0.102       ms
[120.139s][info][gc,stats    ]    Subphase: Concurrent Roots ClassLoaderDataGraph         0.053 / 0.362         0.085 / 1.633         0.085 / 1.633         0.085 / 1.633       ms
[120.139s][info][gc,stats    ]    Subphase: Concurrent Roots CodeCache                    0.000 / 0.000         0.000 / 0.000         0.000 / 0.000         0.000 / 0.000       ms
[120.140s][info][gc,stats    ]    Subphase: Concurrent Roots JavaThreads                  0.717 / 0.814         1.926 / 13.523        1.926 / 13.523        1.926 / 13.523      ms
[120.140s][info][gc,stats    ]    Subphase: Concurrent Roots OopStorageSet                0.019 / 0.037         0.145 / 1.478         0.145 / 1.478         0.145 / 1.478       ms
[120.140s][info][gc,stats    ]    Subphase: Concurrent Weak Roots OopStorageSet           0.186 / 0.196         0.152 / 0.203         0.152 / 0.203         0.152 / 0.203       ms
[120.140s][info][gc,stats    ]    Subphase: Pause Mark Try Complete                       0.000 / 0.000         0.000 / 0.000         0.000 / 0.000         0.000 / 0.000       ms
[120.140s][info][gc,stats    ]      System: Java Threads                                     62 / 62               58 / 72               58 / 72               58 / 72          threads
[120.140s][info][gc,stats    ] =========================================================================================================================================================
[127.758s][info][gc,start    ] GC(9) Garbage Collection (System.gc())
[127.759s][info][gc,task     ] GC(9) Using 12 workers
[127.759s][info][gc,phases   ] GC(9) Pause Mark Start 0.017ms
[127.780s][info][gc,phases   ] GC(9) Concurrent Mark 21.028ms
[127.780s][info][gc,phases   ] GC(9) Pause Mark End 0.025ms
[127.780s][info][gc,phases   ] GC(9) Concurrent Mark Free 0.001ms
[127.781s][info][gc,phases   ] GC(9) Concurrent Process Non-Strong References 0.950ms
[127.781s][info][gc,phases   ] GC(9) Concurrent Reset Relocation Set 0.006ms
[127.787s][info][gc,phases   ] GC(9) Concurrent Select Relocation Set 5.958ms
[127.787s][info][gc,phases   ] GC(9) Pause Relocate Start 0.007ms
[127.790s][info][gc,phases   ] GC(9) Concurrent Relocate 2.608ms
[127.790s][info][gc,load     ] GC(9) Load: 0.00/0.00/0.00
[127.790s][info][gc,mmu      ] GC(9) MMU: 2ms/98.3%, 5ms/99.3%, 10ms/99.6%, 20ms/99.8%, 50ms/99.9%, 100ms/99.9%
[127.790s][info][gc,marking  ] GC(9) Mark: 8 stripe(s), 2 proactive flush(es), 1 terminate flush(es), 0 completion(s), 0 continuation(s) 
[127.790s][info][gc,marking  ] GC(9) Mark Stack Usage: 32M
[127.790s][info][gc,nmethod  ] GC(9) NMethods: 2533 registered, 269 unregistered
[127.790s][info][gc,metaspace] GC(9) Metaspace: 16M used, 17M committed, 1088M reserved
[127.790s][info][gc,ref      ] GC(9) Soft: 250 encountered, 0 discovered, 0 enqueued
[127.790s][info][gc,ref      ] GC(9) Weak: 1002 encountered, 229 discovered, 8 enqueued
[127.790s][info][gc,ref      ] GC(9) Final: 0 encountered, 0 discovered, 0 enqueued
[127.790s][info][gc,ref      ] GC(9) Phantom: 35 encountered, 26 discovered, 0 enqueued
[127.790s][info][gc,reloc    ] GC(9) Small Pages: 4207 / 8414M, Empty: 8270M, Relocated: 11M, In-Place: 0
[127.790s][info][gc,reloc    ] GC(9) Medium Pages: 1 / 32M, Empty: 32M, Relocated: 0M, In-Place: 0
[127.790s][info][gc,reloc    ] GC(9) Large Pages: 2 / 12M, Empty: 12M, Relocated: 0M, In-Place: 0
[127.790s][info][gc,reloc    ] GC(9) Forwarding Usage: 2M
[127.790s][info][gc,heap     ] GC(9) Min Capacity: 8M(0%)
[127.790s][info][gc,heap     ] GC(9) Max Capacity: 30718M(100%)
[127.790s][info][gc,heap     ] GC(9) Soft Max Capacity: 30718M(100%)
[127.790s][info][gc,heap     ] GC(9)                Mark Start          Mark End        Relocate Start      Relocate End           High               Low         
[127.790s][info][gc,heap     ] GC(9)  Capacity:     8570M (28%)        8570M (28%)        8570M (28%)        8570M (28%)        8570M (28%)        8570M (28%)    
[127.790s][info][gc,heap     ] GC(9)      Free:    22260M (72%)       22260M (72%)       30574M (100%)      30680M (100%)      30680M (100%)      22260M (72%)    
[127.790s][info][gc,heap     ] GC(9)      Used:     8458M (28%)        8458M (28%)         144M (0%)           38M (0%)         8458M (28%)          38M (0%)     
[127.790s][info][gc,heap     ] GC(9)      Live:         -                20M (0%)           20M (0%)           20M (0%)             -                  -          
[127.790s][info][gc,heap     ] GC(9) Allocated:         -                 0M (0%)            0M (0%)            0M (0%)             -                  -          
[127.790s][info][gc,heap     ] GC(9)   Garbage:         -              8437M (27%)         123M (0%)           17M (0%)             -                  -          
[127.790s][info][gc,heap     ] GC(9) Reclaimed:         -                  -              8314M (27%)        8420M (27%)            -                  -          
[127.790s][info][gc          ] GC(9) Garbage Collection (System.gc()) 8458M(28%)->38M(0%)
[130.127s][info][gc,stats    ] === Garbage Collection Statistics =======================================================================================================================
[130.127s][info][gc,stats    ]                                                              Last 10s              Last 10m              Last 10h                Total
[130.127s][info][gc,stats    ]                                                              Avg / Max             Avg / Max             Avg / Max             Avg / Max
[130.128s][info][gc,stats    ]   Collector: Garbage Collection Cycle                     31.406 / 31.406      120.994 / 647.919     120.994 / 647.919     120.994 / 647.919     ms
[130.128s][info][gc,stats    ]  Contention: Mark Segment Reset Contention                     0 / 6                 0 / 37                0 / 37                0 / 37          ops/s
[130.128s][info][gc,stats    ]  Contention: Mark SeqNum Reset Contention                      0 / 2                 0 / 2                 0 / 2                 0 / 2           ops/s
[130.128s][info][gc,stats    ]    Critical: Allocation Stall                                  0 / 0                 0 / 0                 0 / 0                 0 / 0           ops/s
[130.128s][info][gc,stats    ]    Critical: Allocation Stall                              0.000 / 0.000         0.000 / 0.000         0.000 / 0.000         0.000 / 0.000       ms
[130.128s][info][gc,stats    ]    Critical: GC Locker Stall                                   0 / 0                 0 / 0                 0 / 0                 0 / 0           ops/s
[130.128s][info][gc,stats    ]    Critical: GC Locker Stall                               0.000 / 0.000         0.000 / 0.000         0.000 / 0.000         0.000 / 0.000       ms
[130.128s][info][gc,stats    ]    Critical: Relocation Stall                                  0 / 0                 0 / 0                 0 / 0                 0 / 0           ops/s
[130.128s][info][gc,stats    ]    Critical: Relocation Stall                              0.000 / 0.000         0.000 / 0.000         0.000 / 0.000         0.000 / 0.000       ms
[130.128s][info][gc,stats    ]      Memory: Allocation Rate                                 282 / 1434            454 / 4912            454 / 4912            454 / 4912        MB/s
[130.128s][info][gc,stats    ]      Memory: Defragment                                        0 / 0                 0 / 16                0 / 16                0 / 16          ops/s
[130.128s][info][gc,stats    ]      Memory: Out Of Memory                                     0 / 0                 0 / 0                 0 / 0                 0 / 0           ops/s
[130.128s][info][gc,stats    ]      Memory: Page Cache Flush                                  0 / 0                 0 / 32                0 / 32                0 / 32          MB/s
[130.128s][info][gc,stats    ]      Memory: Page Cache Hit L1                               142 / 717             194 / 2441            194 / 2441            194 / 2441        ops/s
[130.128s][info][gc,stats    ]      Memory: Page Cache Hit L2                                 0 / 0                 0 / 0                 0 / 0                 0 / 0           ops/s
[130.128s][info][gc,stats    ]      Memory: Page Cache Hit L3                                 0 / 0                 8 / 688               8 / 688               8 / 688         ops/s
[130.128s][info][gc,stats    ]      Memory: Page Cache Miss                                   0 / 0                24 / 489              24 / 489              24 / 489         ops/s
[130.128s][info][gc,stats    ]      Memory: Uncommit                                          0 / 0                 0 / 0                 0 / 0                 0 / 0           MB/s
[130.128s][info][gc,stats    ]      Memory: Undo Object Allocation Failed                     0 / 0                 0 / 0                 0 / 0                 0 / 0           ops/s
[130.128s][info][gc,stats    ]      Memory: Undo Object Allocation Succeeded                  0 / 0                 0 / 85                0 / 85                0 / 85          ops/s
[130.128s][info][gc,stats    ]      Memory: Undo Page Allocation                              0 / 0                 0 / 101               0 / 101               0 / 101         ops/s
[130.128s][info][gc,stats    ]       Phase: Concurrent Mark                              21.028 / 21.028       70.468 / 359.093      70.468 / 359.093      70.468 / 359.093     ms
[130.128s][info][gc,stats    ]       Phase: Concurrent Mark Continue                      0.000 / 0.000         0.000 / 0.000         0.000 / 0.000         0.000 / 0.000       ms
[130.128s][info][gc,stats    ]       Phase: Concurrent Mark Free                          0.001 / 0.001         0.001 / 0.002         0.001 / 0.002         0.001 / 0.002       ms
[130.128s][info][gc,stats    ]       Phase: Concurrent Process Non-Strong References      0.950 / 0.950        10.915 / 86.797       10.915 / 86.797       10.915 / 86.797      ms
[130.128s][info][gc,stats    ]       Phase: Concurrent Relocate                           2.608 / 2.608         7.603 / 46.398        7.603 / 46.398        7.603 / 46.398      ms
[130.128s][info][gc,stats    ]       Phase: Concurrent Reset Relocation Set               0.006 / 0.006         0.023 / 0.093         0.023 / 0.093         0.023 / 0.093       ms
[130.128s][info][gc,stats    ]       Phase: Concurrent Select Relocation Set              5.958 / 5.958        13.878 / 34.546       13.878 / 34.546       13.878 / 34.546      ms
[130.128s][info][gc,stats    ]       Phase: Pause Mark End                                0.025 / 0.025         0.025 / 0.028         0.025 / 0.028         0.025 / 0.028       ms
[130.128s][info][gc,stats    ]       Phase: Pause Mark Start                              0.017 / 0.017         0.019 / 0.034         0.019 / 0.034         0.019 / 0.034       ms
[130.129s][info][gc,stats    ]       Phase: Pause Relocate Start                          0.007 / 0.007         0.009 / 0.016         0.009 / 0.016         0.009 / 0.016       ms
[130.129s][info][gc,stats    ]    Subphase: Concurrent Classes Purge                      0.015 / 0.015         1.155 / 8.983         1.155 / 8.983         1.155 / 8.983       ms
[130.129s][info][gc,stats    ]    Subphase: Concurrent Classes Unlink                     0.612 / 0.612         2.726 / 11.741        2.726 / 11.741        2.726 / 11.741      ms
[130.129s][info][gc,stats    ]    Subphase: Concurrent Mark                              19.186 / 19.820       65.695 / 344.053      65.695 / 344.053      65.695 / 344.053     ms
[130.129s][info][gc,stats    ]    Subphase: Concurrent Mark Try Flush                     0.067 / 0.108         8.559 / 99.957        8.559 / 99.957        8.559 / 99.957      ms
[130.129s][info][gc,stats    ]    Subphase: Concurrent Mark Try Terminate                 8.683 / 15.974       13.051 / 62.504       13.051 / 62.504       13.051 / 62.504      ms
[130.129s][info][gc,stats    ]    Subphase: Concurrent References Enqueue                 0.017 / 0.017         0.005 / 0.017         0.005 / 0.017         0.005 / 0.017       ms
[130.129s][info][gc,stats    ]    Subphase: Concurrent References Process                 0.034 / 0.034         0.054 / 0.102         0.054 / 0.102         0.054 / 0.102       ms
[130.129s][info][gc,stats    ]    Subphase: Concurrent Roots ClassLoaderDataGraph         0.107 / 0.389         0.086 / 1.633         0.086 / 1.633         0.086 / 1.633       ms
[130.129s][info][gc,stats    ]    Subphase: Concurrent Roots CodeCache                    0.000 / 0.000         0.000 / 0.000         0.000 / 0.000         0.000 / 0.000       ms
[130.129s][info][gc,stats    ]    Subphase: Concurrent Roots JavaThreads                  0.803 / 1.117         1.810 / 13.523        1.810 / 13.523        1.810 / 13.523      ms
[130.129s][info][gc,stats    ]    Subphase: Concurrent Roots OopStorageSet                0.034 / 0.069         0.132 / 1.478         0.132 / 1.478         0.132 / 1.478       ms
[130.129s][info][gc,stats    ]    Subphase: Concurrent Weak Roots OopStorageSet           0.165 / 0.180         0.153 / 0.203         0.153 / 0.203         0.153 / 0.203       ms
[130.129s][info][gc,stats    ]    Subphase: Pause Mark Try Complete                       0.000 / 0.000         0.000 / 0.000         0.000 / 0.000         0.000 / 0.000       ms
[130.129s][info][gc,stats    ]      System: Java Threads                                     62 / 62               59 / 72               59 / 72               59 / 72          threads
[130.129s][info][gc,stats    ] =========================================================================================================================================================
[140.126s][info][gc,stats    ] === Garbage Collection Statistics =======================================================================================================================
[140.126s][info][gc,stats    ]                                                              Last 10s              Last 10m              Last 10h                Total
[140.127s][info][gc,stats    ]                                                              Avg / Max             Avg / Max             Avg / Max             Avg / Max
[140.127s][info][gc,stats    ]   Collector: Garbage Collection Cycle                      0.000 / 0.000       120.994 / 647.919     120.994 / 647.919     120.994 / 647.919     ms
[140.127s][info][gc,stats    ]  Contention: Mark Segment Reset Contention                     0 / 0                 0 / 37                0 / 37                0 / 37          ops/s
[140.127s][info][gc,stats    ]  Contention: Mark SeqNum Reset Contention                      0 / 0                 0 / 2                 0 / 2                 0 / 2           ops/s
[140.127s][info][gc,stats    ]    Critical: Allocation Stall                                  0 / 0                 0 / 0                 0 / 0                 0 / 0           ops/s
[140.127s][info][gc,stats    ]    Critical: Allocation Stall                              0.000 / 0.000         0.000 / 0.000         0.000 / 0.000         0.000 / 0.000       ms
[140.127s][info][gc,stats    ]    Critical: GC Locker Stall                                   0 / 0                 0 / 0                 0 / 0                 0 / 0           ops/s
[140.127s][info][gc,stats    ]    Critical: GC Locker Stall                               0.000 / 0.000         0.000 / 0.000         0.000 / 0.000         0.000 / 0.000       ms
[140.127s][info][gc,stats    ]    Critical: Relocation Stall                                  0 / 0                 0 / 0                 0 / 0                 0 / 0           ops/s
[140.127s][info][gc,stats    ]    Critical: Relocation Stall                              0.000 / 0.000         0.000 / 0.000         0.000 / 0.000         0.000 / 0.000       ms
[140.127s][info][gc,stats    ]      Memory: Allocation Rate                                 561 / 4612            461 / 4912            461 / 4912            461 / 4912        MB/s
[140.127s][info][gc,stats    ]      Memory: Defragment                                        0 / 0                 0 / 16                0 / 16                0 / 16          ops/s
[140.127s][info][gc,stats    ]      Memory: Out Of Memory                                     0 / 0                 0 / 0                 0 / 0                 0 / 0           ops/s
[140.127s][info][gc,stats    ]      Memory: Page Cache Flush                                  0 / 0                 0 / 32                0 / 32                0 / 32          MB/s
[140.127s][info][gc,stats    ]      Memory: Page Cache Hit L1                               279 / 2291            200 / 2441            200 / 2441            200 / 2441        ops/s
[140.127s][info][gc,stats    ]      Memory: Page Cache Hit L2                                 0 / 0                 0 / 0                 0 / 0                 0 / 0           ops/s
[140.127s][info][gc,stats    ]      Memory: Page Cache Hit L3                                 0 / 0                 7 / 688               7 / 688               7 / 688         ops/s
[140.127s][info][gc,stats    ]      Memory: Page Cache Miss                                   0 / 0                23 / 489              23 / 489              23 / 489         ops/s
[140.127s][info][gc,stats    ]      Memory: Uncommit                                          0 / 0                 0 / 0                 0 / 0                 0 / 0           MB/s
[140.127s][info][gc,stats    ]      Memory: Undo Object Allocation Failed                     0 / 0                 0 / 0                 0 / 0                 0 / 0           ops/s
[140.127s][info][gc,stats    ]      Memory: Undo Object Allocation Succeeded                  0 / 0                 0 / 85                0 / 85                0 / 85          ops/s
[140.127s][info][gc,stats    ]      Memory: Undo Page Allocation                              0 / 0                 0 / 101               0 / 101               0 / 101         ops/s
[140.127s][info][gc,stats    ]       Phase: Concurrent Mark                               0.000 / 0.000        70.468 / 359.093      70.468 / 359.093      70.468 / 359.093     ms
[140.127s][info][gc,stats    ]       Phase: Concurrent Mark Continue                      0.000 / 0.000         0.000 / 0.000         0.000 / 0.000         0.000 / 0.000       ms
[140.127s][info][gc,stats    ]       Phase: Concurrent Mark Free                          0.000 / 0.000         0.001 / 0.002         0.001 / 0.002         0.001 / 0.002       ms
[140.127s][info][gc,stats    ]       Phase: Concurrent Process Non-Strong References      0.000 / 0.000        10.915 / 86.797       10.915 / 86.797       10.915 / 86.797      ms
[140.127s][info][gc,stats    ]       Phase: Concurrent Relocate                           0.000 / 0.000         7.603 / 46.398        7.603 / 46.398        7.603 / 46.398      ms
[140.127s][info][gc,stats    ]       Phase: Concurrent Reset Relocation Set               0.000 / 0.000         0.023 / 0.093         0.023 / 0.093         0.023 / 0.093       ms
[140.127s][info][gc,stats    ]       Phase: Concurrent Select Relocation Set              0.000 / 0.000        13.878 / 34.546       13.878 / 34.546       13.878 / 34.546      ms
[140.127s][info][gc,stats    ]       Phase: Pause Mark End                                0.000 / 0.000         0.025 / 0.028         0.025 / 0.028         0.025 / 0.028       ms
[140.128s][info][gc,stats    ]       Phase: Pause Mark Start                              0.000 / 0.000         0.019 / 0.034         0.019 / 0.034         0.019 / 0.034       ms
[140.128s][info][gc,stats    ]       Phase: Pause Relocate Start                          0.000 / 0.000         0.009 / 0.016         0.009 / 0.016         0.009 / 0.016       ms
[140.128s][info][gc,stats    ]    Subphase: Concurrent Classes Purge                      0.000 / 0.000         1.155 / 8.983         1.155 / 8.983         1.155 / 8.983       ms
[140.128s][info][gc,stats    ]    Subphase: Concurrent Classes Unlink                     0.000 / 0.000         2.726 / 11.741        2.726 / 11.741        2.726 / 11.741      ms
[140.128s][info][gc,stats    ]    Subphase: Concurrent Mark                               0.000 / 0.000        65.695 / 344.053      65.695 / 344.053      65.695 / 344.053     ms
[140.128s][info][gc,stats    ]    Subphase: Concurrent Mark Try Flush                     0.000 / 0.000         8.559 / 99.957        8.559 / 99.957        8.559 / 99.957      ms
[140.128s][info][gc,stats    ]    Subphase: Concurrent Mark Try Terminate                 0.000 / 0.000        13.051 / 62.504       13.051 / 62.504       13.051 / 62.504      ms
[140.128s][info][gc,stats    ]    Subphase: Concurrent References Enqueue                 0.000 / 0.000         0.005 / 0.017         0.005 / 0.017         0.005 / 0.017       ms
[140.128s][info][gc,stats    ]    Subphase: Concurrent References Process                 0.000 / 0.000         0.054 / 0.102         0.054 / 0.102         0.054 / 0.102       ms
[140.128s][info][gc,stats    ]    Subphase: Concurrent Roots ClassLoaderDataGraph         0.000 / 0.000         0.086 / 1.633         0.086 / 1.633         0.086 / 1.633       ms
[140.128s][info][gc,stats    ]    Subphase: Concurrent Roots CodeCache                    0.000 / 0.000         0.000 / 0.000         0.000 / 0.000         0.000 / 0.000       ms
[140.128s][info][gc,stats    ]    Subphase: Concurrent Roots JavaThreads                  0.000 / 0.000         1.810 / 13.523        1.810 / 13.523        1.810 / 13.523      ms
[140.128s][info][gc,stats    ]    Subphase: Concurrent Roots OopStorageSet                0.000 / 0.000         0.132 / 1.478         0.132 / 1.478         0.132 / 1.478       ms
[140.128s][info][gc,stats    ]    Subphase: Concurrent Weak Roots OopStorageSet           0.000 / 0.000         0.153 / 0.203         0.153 / 0.203         0.153 / 0.203       ms
[140.128s][info][gc,stats    ]    Subphase: Pause Mark Try Complete                       0.000 / 0.000         0.000 / 0.000         0.000 / 0.000         0.000 / 0.000       ms
[140.128s][info][gc,stats    ]      System: Java Threads                                      0 / 0                59 / 72               59 / 72               59 / 72          threads
[140.128s][info][gc,stats    ] =========================================================================================================================================================
[144.980s][info][gc,start    ] GC(10) Garbage Collection (System.gc())
[144.980s][info][gc,task     ] GC(10) Using 12 workers
[144.980s][info][gc,phases   ] GC(10) Pause Mark Start 0.018ms
[145.017s][info][gc,phases   ] GC(10) Concurrent Mark 37.121ms
[145.018s][info][gc,phases   ] GC(10) Pause Mark End 0.025ms
[145.018s][info][gc,phases   ] GC(10) Concurrent Mark Free 0.001ms
[145.019s][info][gc,phases   ] GC(10) Concurrent Process Non-Strong References 1.192ms
[145.019s][info][gc,phases   ] GC(10) Concurrent Reset Relocation Set 0.009ms
[145.028s][info][gc,phases   ] GC(10) Concurrent Select Relocation Set 9.019ms
[145.028s][info][gc,phases   ] GC(10) Pause Relocate Start 0.007ms
[145.031s][info][gc,phases   ] GC(10) Concurrent Relocate 3.025ms
[145.031s][info][gc,load     ] GC(10) Load: 0.00/0.00/0.00
[145.031s][info][gc,mmu      ] GC(10) MMU: 2ms/98.3%, 5ms/99.3%, 10ms/99.6%, 20ms/99.8%, 50ms/99.9%, 100ms/99.9%
[145.031s][info][gc,marking  ] GC(10) Mark: 8 stripe(s), 3 proactive flush(es), 1 terminate flush(es), 0 completion(s), 0 continuation(s) 
[145.031s][info][gc,marking  ] GC(10) Mark Stack Usage: 32M
[145.031s][info][gc,nmethod  ] GC(10) NMethods: 2543 registered, 271 unregistered
[145.031s][info][gc,metaspace] GC(10) Metaspace: 16M used, 17M committed, 1088M reserved
[145.032s][info][gc,ref      ] GC(10) Soft: 250 encountered, 0 discovered, 0 enqueued
[145.032s][info][gc,ref      ] GC(10) Weak: 998 encountered, 279 discovered, 6 enqueued
[145.032s][info][gc,ref      ] GC(10) Final: 0 encountered, 0 discovered, 0 enqueued
[145.032s][info][gc,ref      ] GC(10) Phantom: 35 encountered, 18 discovered, 0 enqueued
[145.032s][info][gc,reloc    ] GC(10) Small Pages: 4220 / 8440M, Empty: 8288M, Relocated: 12M, In-Place: 0
[145.032s][info][gc,reloc    ] GC(10) Medium Pages: 1 / 32M, Empty: 32M, Relocated: 0M, In-Place: 0
[145.032s][info][gc,reloc    ] GC(10) Large Pages: 2 / 12M, Empty: 12M, Relocated: 0M, In-Place: 0
[145.032s][info][gc,reloc    ] GC(10) Forwarding Usage: 3M
[145.032s][info][gc,heap     ] GC(10) Min Capacity: 8M(0%)
[145.032s][info][gc,heap     ] GC(10) Max Capacity: 30718M(100%)
[145.032s][info][gc,heap     ] GC(10) Soft Max Capacity: 30718M(100%)
[145.032s][info][gc,heap     ] GC(10)                Mark Start          Mark End        Relocate Start      Relocate End           High               Low         
[145.032s][info][gc,heap     ] GC(10)  Capacity:     8570M (28%)        8570M (28%)        8570M (28%)        8570M (28%)        8570M (28%)        8570M (28%)    
[145.032s][info][gc,heap     ] GC(10)      Free:    22234M (72%)       22232M (72%)       30564M (99%)       30678M (100%)      30678M (100%)      22232M (72%)    
[145.032s][info][gc,heap     ] GC(10)      Used:     8484M (28%)        8486M (28%)         154M (1%)           40M (0%)         8486M (28%)          40M (0%)     
[145.032s][info][gc,heap     ] GC(10)      Live:         -                21M (0%)           21M (0%)           21M (0%)             -                  -          
[145.032s][info][gc,heap     ] GC(10) Allocated:         -                 2M (0%)            2M (0%)            2M (0%)             -                  -          
[145.032s][info][gc,heap     ] GC(10)   Garbage:         -              8462M (28%)         130M (0%)           16M (0%)             -                  -          
[145.032s][info][gc,heap     ] GC(10) Reclaimed:         -                  -              8332M (27%)        8446M (27%)            -                  -          
[145.032s][info][gc          ] GC(10) Garbage Collection (System.gc()) 8484M(28%)->40M(0%)
[150.131s][info][gc,stats    ] === Garbage Collection Statistics =======================================================================================================================
[150.131s][info][gc,stats    ]                                                              Last 10s              Last 10m              Last 10h                Total
[150.131s][info][gc,stats    ]                                                              Avg / Max             Avg / Max             Avg / Max             Avg / Max
[150.131s][info][gc,stats    ]   Collector: Garbage Collection Cycle                     51.394 / 51.394      114.667 / 647.919     114.667 / 647.919     114.667 / 647.919     ms
[150.131s][info][gc,stats    ]  Contention: Mark Segment Reset Contention                     0 / 7                 0 / 37                0 / 37                0 / 37          ops/s
[150.131s][info][gc,stats    ]  Contention: Mark SeqNum Reset Contention                      0 / 1                 0 / 2                 0 / 2                 0 / 2           ops/s
[150.131s][info][gc,stats    ]    Critical: Allocation Stall                                  0 / 0                 0 / 0                 0 / 0                 0 / 0           ops/s
[150.131s][info][gc,stats    ]    Critical: Allocation Stall                              0.000 / 0.000         0.000 / 0.000         0.000 / 0.000         0.000 / 0.000       ms
[150.131s][info][gc,stats    ]    Critical: GC Locker Stall                                   0 / 0                 0 / 0                 0 / 0                 0 / 0           ops/s
[150.131s][info][gc,stats    ]    Critical: GC Locker Stall                               0.000 / 0.000         0.000 / 0.000         0.000 / 0.000         0.000 / 0.000       ms
[150.131s][info][gc,stats    ]    Critical: Relocation Stall                                  0 / 0                 0 / 0                 0 / 0                 0 / 0           ops/s
[150.131s][info][gc,stats    ]    Critical: Relocation Stall                              0.000 / 0.000         0.000 / 0.000         0.000 / 0.000         0.000 / 0.000       ms
[150.131s][info][gc,stats    ]      Memory: Allocation Rate                                 842 / 4486            487 / 4912            487 / 4912            487 / 4912        MB/s
[150.131s][info][gc,stats    ]      Memory: Defragment                                        0 / 0                 0 / 16                0 / 16                0 / 16          ops/s
[150.131s][info][gc,stats    ]      Memory: Out Of Memory                                     0 / 0                 0 / 0                 0 / 0                 0 / 0           ops/s
[150.131s][info][gc,stats    ]      Memory: Page Cache Flush                                  0 / 0                 0 / 32                0 / 32                0 / 32          MB/s
[150.131s][info][gc,stats    ]      Memory: Page Cache Hit L1                               420 / 2228            215 / 2441            215 / 2441            215 / 2441        ops/s
[150.131s][info][gc,stats    ]      Memory: Page Cache Hit L2                                 0 / 0                 0 / 0                 0 / 0                 0 / 0           ops/s
[150.131s][info][gc,stats    ]      Memory: Page Cache Hit L3                                 0 / 0                 6 / 688               6 / 688               6 / 688         ops/s
[150.131s][info][gc,stats    ]      Memory: Page Cache Miss                                   0 / 0                21 / 489              21 / 489              21 / 489         ops/s
[150.131s][info][gc,stats    ]      Memory: Uncommit                                          0 / 0                 0 / 0                 0 / 0                 0 / 0           MB/s
[150.131s][info][gc,stats    ]      Memory: Undo Object Allocation Failed                     0 / 0                 0 / 0                 0 / 0                 0 / 0           ops/s
[150.131s][info][gc,stats    ]      Memory: Undo Object Allocation Succeeded                  0 / 0                 0 / 85                0 / 85                0 / 85          ops/s
[150.131s][info][gc,stats    ]      Memory: Undo Page Allocation                              0 / 0                 0 / 101               0 / 101               0 / 101         ops/s
[150.131s][info][gc,stats    ]       Phase: Concurrent Mark                              37.121 / 37.121       67.436 / 359.093      67.436 / 359.093      67.436 / 359.093     ms
[150.131s][info][gc,stats    ]       Phase: Concurrent Mark Continue                      0.000 / 0.000         0.000 / 0.000         0.000 / 0.000         0.000 / 0.000       ms
[150.131s][info][gc,stats    ]       Phase: Concurrent Mark Free                          0.001 / 0.001         0.001 / 0.002         0.001 / 0.002         0.001 / 0.002       ms
[150.131s][info][gc,stats    ]       Phase: Concurrent Process Non-Strong References      1.192 / 1.192        10.031 / 86.797       10.031 / 86.797       10.031 / 86.797      ms
[150.131s][info][gc,stats    ]       Phase: Concurrent Relocate                           3.025 / 3.025         7.187 / 46.398        7.187 / 46.398        7.187 / 46.398      ms
[150.131s][info][gc,stats    ]       Phase: Concurrent Reset Relocation Set               0.009 / 0.009         0.022 / 0.093         0.022 / 0.093         0.022 / 0.093       ms
[150.131s][info][gc,stats    ]       Phase: Concurrent Select Relocation Set              9.019 / 9.019        13.436 / 34.546       13.436 / 34.546       13.436 / 34.546      ms
[150.131s][info][gc,stats    ]       Phase: Pause Mark End                                0.025 / 0.025         0.025 / 0.028         0.025 / 0.028         0.025 / 0.028       ms
[150.131s][info][gc,stats    ]       Phase: Pause Mark Start                              0.018 / 0.018         0.019 / 0.034         0.019 / 0.034         0.019 / 0.034       ms
[150.131s][info][gc,stats    ]       Phase: Pause Relocate Start                          0.007 / 0.007         0.009 / 0.016         0.009 / 0.016         0.009 / 0.016       ms
[150.131s][info][gc,stats    ]    Subphase: Concurrent Classes Purge                      0.027 / 0.027         1.052 / 8.983         1.052 / 8.983         1.052 / 8.983       ms
[150.131s][info][gc,stats    ]    Subphase: Concurrent Classes Unlink                     0.749 / 0.749         2.546 / 11.741        2.546 / 11.741        2.546 / 11.741      ms
[150.131s][info][gc,stats    ]    Subphase: Concurrent Mark                              35.430 / 36.032       62.944 / 344.053      62.944 / 344.053      62.944 / 344.053     ms
[150.131s][info][gc,stats    ]    Subphase: Concurrent Mark Try Flush                     0.091 / 0.110         7.618 / 99.957        7.618 / 99.957        7.618 / 99.957      ms
[150.131s][info][gc,stats    ]    Subphase: Concurrent Mark Try Terminate                10.855 / 15.387       12.884 / 62.504       12.884 / 62.504       12.884 / 62.504      ms
[150.131s][info][gc,stats    ]    Subphase: Concurrent References Enqueue                 0.003 / 0.003         0.005 / 0.017         0.005 / 0.017         0.005 / 0.017       ms
[150.131s][info][gc,stats    ]    Subphase: Concurrent References Process                 0.055 / 0.055         0.054 / 0.102         0.054 / 0.102         0.054 / 0.102       ms
[150.131s][info][gc,stats    ]    Subphase: Concurrent Roots ClassLoaderDataGraph         0.093 / 0.419         0.087 / 1.633         0.087 / 1.633         0.087 / 1.633       ms
[150.131s][info][gc,stats    ]    Subphase: Concurrent Roots CodeCache                    0.000 / 0.000         0.000 / 0.000         0.000 / 0.000         0.000 / 0.000       ms
[150.131s][info][gc,stats    ]    Subphase: Concurrent Roots JavaThreads                  0.688 / 0.987         1.706 / 13.523        1.706 / 13.523        1.706 / 13.523      ms
[150.131s][info][gc,stats    ]    Subphase: Concurrent Roots OopStorageSet                0.032 / 0.071         0.123 / 1.478         0.123 / 1.478         0.123 / 1.478       ms
[150.131s][info][gc,stats    ]    Subphase: Concurrent Weak Roots OopStorageSet           0.237 / 0.251         0.161 / 0.251         0.161 / 0.251         0.161 / 0.251       ms
[150.131s][info][gc,stats    ]    Subphase: Pause Mark Try Complete                       0.000 / 0.000         0.000 / 0.000         0.000 / 0.000         0.000 / 0.000       ms
[150.131s][info][gc,stats    ]      System: Java Threads                                     62 / 62               59 / 72               59 / 72               59 / 72          threads
[150.131s][info][gc,stats    ] =========================================================================================================================================================
[160.133s][info][gc,stats    ] === Garbage Collection Statistics =======================================================================================================================
[160.133s][info][gc,stats    ]                                                              Last 10s              Last 10m              Last 10h                Total
[160.133s][info][gc,stats    ]                                                              Avg / Max             Avg / Max             Avg / Max             Avg / Max
[160.133s][info][gc,stats    ]   Collector: Garbage Collection Cycle                      0.000 / 0.000       114.667 / 647.919     114.667 / 647.919     114.667 / 647.919     ms
[160.133s][info][gc,stats    ]  Contention: Mark Segment Reset Contention                     0 / 0                 0 / 37                0 / 37                0 / 37          ops/s
[160.133s][info][gc,stats    ]  Contention: Mark SeqNum Reset Contention                      0 / 0                 0 / 2                 0 / 2                 0 / 2           ops/s
[160.133s][info][gc,stats    ]    Critical: Allocation Stall                                  0 / 0                 0 / 0                 0 / 0                 0 / 0           ops/s
[160.133s][info][gc,stats    ]    Critical: Allocation Stall                              0.000 / 0.000         0.000 / 0.000         0.000 / 0.000         0.000 / 0.000       ms
[160.133s][info][gc,stats    ]    Critical: GC Locker Stall                                   0 / 0                 0 / 0                 0 / 0                 0 / 0           ops/s
[160.133s][info][gc,stats    ]    Critical: GC Locker Stall                               0.000 / 0.000         0.000 / 0.000         0.000 / 0.000         0.000 / 0.000       ms
[160.133s][info][gc,stats    ]    Critical: Relocation Stall                                  0 / 0                 0 / 0                 0 / 0                 0 / 0           ops/s
[160.133s][info][gc,stats    ]    Critical: Relocation Stall                              0.000 / 0.000         0.000 / 0.000         0.000 / 0.000         0.000 / 0.000       ms
[160.133s][info][gc,stats    ]      Memory: Allocation Rate                                 264 / 1144            473 / 4912            473 / 4912            473 / 4912        MB/s
[160.133s][info][gc,stats    ]      Memory: Defragment                                        0 / 0                 0 / 16                0 / 16                0 / 16          ops/s
[160.133s][info][gc,stats    ]      Memory: Out Of Memory                                     0 / 0                 0 / 0                 0 / 0                 0 / 0           ops/s
[160.133s][info][gc,stats    ]      Memory: Page Cache Flush                                  0 / 0                 0 / 32                0 / 32                0 / 32          MB/s
[160.133s][info][gc,stats    ]      Memory: Page Cache Hit L1                               131 / 572             210 / 2441            210 / 2441            210 / 2441        ops/s
[160.133s][info][gc,stats    ]      Memory: Page Cache Hit L2                                 0 / 0                 0 / 0                 0 / 0                 0 / 0           ops/s
[160.133s][info][gc,stats    ]      Memory: Page Cache Hit L3                                 0 / 0                 6 / 688               6 / 688               6 / 688         ops/s
[160.133s][info][gc,stats    ]      Memory: Page Cache Miss                                   0 / 0                20 / 489              20 / 489              20 / 489         ops/s
[160.133s][info][gc,stats    ]      Memory: Uncommit                                          0 / 0                 0 / 0                 0 / 0                 0 / 0           MB/s
[160.133s][info][gc,stats    ]      Memory: Undo Object Allocation Failed                     0 / 0                 0 / 0                 0 / 0                 0 / 0           ops/s
[160.134s][info][gc,stats    ]      Memory: Undo Object Allocation Succeeded                  0 / 0                 0 / 85                0 / 85                0 / 85          ops/s
[160.134s][info][gc,stats    ]      Memory: Undo Page Allocation                              0 / 0                 0 / 101               0 / 101               0 / 101         ops/s
[160.134s][info][gc,stats    ]       Phase: Concurrent Mark                               0.000 / 0.000        67.436 / 359.093      67.436 / 359.093      67.436 / 359.093     ms
[160.134s][info][gc,stats    ]       Phase: Concurrent Mark Continue                      0.000 / 0.000         0.000 / 0.000         0.000 / 0.000         0.000 / 0.000       ms
[160.134s][info][gc,stats    ]       Phase: Concurrent Mark Free                          0.000 / 0.000         0.001 / 0.002         0.001 / 0.002         0.001 / 0.002       ms
[160.134s][info][gc,stats    ]       Phase: Concurrent Process Non-Strong References      0.000 / 0.000        10.031 / 86.797       10.031 / 86.797       10.031 / 86.797      ms
[160.134s][info][gc,stats    ]       Phase: Concurrent Relocate                           0.000 / 0.000         7.187 / 46.398        7.187 / 46.398        7.187 / 46.398      ms
[160.134s][info][gc,stats    ]       Phase: Concurrent Reset Relocation Set               0.000 / 0.000         0.022 / 0.093         0.022 / 0.093         0.022 / 0.093       ms
[160.134s][info][gc,stats    ]       Phase: Concurrent Select Relocation Set              0.000 / 0.000        13.436 / 34.546       13.436 / 34.546       13.436 / 34.546      ms
[160.134s][info][gc,stats    ]       Phase: Pause Mark End                                0.000 / 0.000         0.025 / 0.028         0.025 / 0.028         0.025 / 0.028       ms
[160.134s][info][gc,stats    ]       Phase: Pause Mark Start                              0.000 / 0.000         0.019 / 0.034         0.019 / 0.034         0.019 / 0.034       ms
[160.134s][info][gc,stats    ]       Phase: Pause Relocate Start                          0.000 / 0.000         0.009 / 0.016         0.009 / 0.016         0.009 / 0.016       ms
[160.134s][info][gc,stats    ]    Subphase: Concurrent Classes Purge                      0.000 / 0.000         1.052 / 8.983         1.052 / 8.983         1.052 / 8.983       ms
[160.134s][info][gc,stats    ]    Subphase: Concurrent Classes Unlink                     0.000 / 0.000         2.546 / 11.741        2.546 / 11.741        2.546 / 11.741      ms
[160.134s][info][gc,stats    ]    Subphase: Concurrent Mark                               0.000 / 0.000        62.944 / 344.053      62.944 / 344.053      62.944 / 344.053     ms
[160.134s][info][gc,stats    ]    Subphase: Concurrent Mark Try Flush                     0.000 / 0.000         7.618 / 99.957        7.618 / 99.957        7.618 / 99.957      ms
[160.134s][info][gc,stats    ]    Subphase: Concurrent Mark Try Terminate                 0.000 / 0.000        12.884 / 62.504       12.884 / 62.504       12.884 / 62.504      ms
[160.134s][info][gc,stats    ]    Subphase: Concurrent References Enqueue                 0.000 / 0.000         0.005 / 0.017         0.005 / 0.017         0.005 / 0.017       ms
[160.134s][info][gc,stats    ]    Subphase: Concurrent References Process                 0.000 / 0.000         0.054 / 0.102         0.054 / 0.102         0.054 / 0.102       ms
[160.134s][info][gc,stats    ]    Subphase: Concurrent Roots ClassLoaderDataGraph         0.000 / 0.000         0.087 / 1.633         0.087 / 1.633         0.087 / 1.633       ms
[160.134s][info][gc,stats    ]    Subphase: Concurrent Roots CodeCache                    0.000 / 0.000         0.000 / 0.000         0.000 / 0.000         0.000 / 0.000       ms
[160.134s][info][gc,stats    ]    Subphase: Concurrent Roots JavaThreads                  0.000 / 0.000         1.706 / 13.523        1.706 / 13.523        1.706 / 13.523      ms
[160.134s][info][gc,stats    ]    Subphase: Concurrent Roots OopStorageSet                0.000 / 0.000         0.123 / 1.478         0.123 / 1.478         0.123 / 1.478       ms
[160.134s][info][gc,stats    ]    Subphase: Concurrent Weak Roots OopStorageSet           0.000 / 0.000         0.161 / 0.251         0.161 / 0.251         0.161 / 0.251       ms
[160.134s][info][gc,stats    ]    Subphase: Pause Mark Try Complete                       0.000 / 0.000         0.000 / 0.000         0.000 / 0.000         0.000 / 0.000       ms
[160.134s][info][gc,stats    ]      System: Java Threads                                      0 / 0                59 / 72               59 / 72               59 / 72          threads
[160.134s][info][gc,stats    ] =========================================================================================================================================================
[161.008s][info][gc,start    ] GC(11) Garbage Collection (System.gc())
[161.008s][info][gc,task     ] GC(11) Using 12 workers
[161.009s][info][gc,phases   ] GC(11) Pause Mark Start 0.017ms
[161.045s][info][gc,phases   ] GC(11) Concurrent Mark 35.896ms
[161.045s][info][gc,phases   ] GC(11) Pause Mark End 0.027ms
[161.045s][info][gc,phases   ] GC(11) Concurrent Mark Free 0.001ms
[161.046s][info][gc,phases   ] GC(11) Concurrent Process Non-Strong References 1.165ms
[161.046s][info][gc,phases   ] GC(11) Concurrent Reset Relocation Set 0.008ms
[161.051s][info][gc,phases   ] GC(11) Concurrent Select Relocation Set 5.019ms
[161.051s][info][gc,phases   ] GC(11) Pause Relocate Start 0.008ms
[161.054s][info][gc,phases   ] GC(11) Concurrent Relocate 2.940ms
[161.054s][info][gc,load     ] GC(11) Load: 0.00/0.00/0.00
[161.054s][info][gc,mmu      ] GC(11) MMU: 2ms/98.3%, 5ms/99.3%, 10ms/99.6%, 20ms/99.8%, 50ms/99.9%, 100ms/99.9%
[161.054s][info][gc,marking  ] GC(11) Mark: 8 stripe(s), 3 proactive flush(es), 1 terminate flush(es), 0 completion(s), 0 continuation(s) 
[161.054s][info][gc,marking  ] GC(11) Mark Stack Usage: 32M
[161.055s][info][gc,nmethod  ] GC(11) NMethods: 2547 registered, 271 unregistered
[161.055s][info][gc,metaspace] GC(11) Metaspace: 16M used, 17M committed, 1088M reserved
[161.055s][info][gc,ref      ] GC(11) Soft: 250 encountered, 0 discovered, 0 enqueued
[161.055s][info][gc,ref      ] GC(11) Weak: 1006 encountered, 268 discovered, 8 enqueued
[161.055s][info][gc,ref      ] GC(11) Final: 0 encountered, 0 discovered, 0 enqueued
[161.055s][info][gc,ref      ] GC(11) Phantom: 35 encountered, 23 discovered, 0 enqueued
[161.055s][info][gc,reloc    ] GC(11) Small Pages: 4211 / 8422M, Empty: 8298M, Relocated: 6M, In-Place: 0
[161.055s][info][gc,reloc    ] GC(11) Medium Pages: 1 / 32M, Empty: 32M, Relocated: 0M, In-Place: 0
[161.055s][info][gc,reloc    ] GC(11) Large Pages: 2 / 12M, Empty: 12M, Relocated: 0M, In-Place: 0
[161.055s][info][gc,reloc    ] GC(11) Forwarding Usage: 1M
[161.055s][info][gc,heap     ] GC(11) Min Capacity: 8M(0%)
[161.055s][info][gc,heap     ] GC(11) Max Capacity: 30718M(100%)
[161.055s][info][gc,heap     ] GC(11) Soft Max Capacity: 30718M(100%)
[161.055s][info][gc,heap     ] GC(11)                Mark Start          Mark End        Relocate Start      Relocate End           High               Low         
[161.055s][info][gc,heap     ] GC(11)  Capacity:     8570M (28%)        8570M (28%)        8570M (28%)        8570M (28%)        8570M (28%)        8570M (28%)    
[161.055s][info][gc,heap     ] GC(11)      Free:    22252M (72%)       22252M (72%)       30594M (100%)      30672M (100%)      30672M (100%)      22252M (72%)    
[161.055s][info][gc,heap     ] GC(11)      Used:     8466M (28%)        8466M (28%)         124M (0%)           46M (0%)         8466M (28%)          46M (0%)     
[161.055s][info][gc,heap     ] GC(11)      Live:         -                24M (0%)           24M (0%)           24M (0%)             -                  -          
[161.055s][info][gc,heap     ] GC(11) Allocated:         -                 0M (0%)            0M (0%)            0M (0%)             -                  -          
[161.055s][info][gc,heap     ] GC(11)   Garbage:         -              8441M (27%)          99M (0%)           21M (0%)             -                  -          
[161.055s][info][gc,heap     ] GC(11) Reclaimed:         -                  -              8342M (27%)        8420M (27%)            -                  -          
[161.055s][info][gc          ] GC(11) Garbage Collection (System.gc()) 8466M(28%)->46M(0%)
[170.138s][info][gc,stats    ] === Garbage Collection Statistics =======================================================================================================================
[170.139s][info][gc,stats    ]                                                              Last 10s              Last 10m              Last 10h                Total
[170.139s][info][gc,stats    ]                                                              Avg / Max             Avg / Max             Avg / Max             Avg / Max
[170.139s][info][gc,stats    ]   Collector: Garbage Collection Cycle                     46.055 / 46.055      108.949 / 647.919     108.949 / 647.919     108.949 / 647.919     ms
[170.139s][info][gc,stats    ]  Contention: Mark Segment Reset Contention                     0 / 1                 0 / 37                0 / 37                0 / 37          ops/s
[170.139s][info][gc,stats    ]  Contention: Mark SeqNum Reset Contention                      0 / 1                 0 / 2                 0 / 2                 0 / 2           ops/s
[170.139s][info][gc,stats    ]    Critical: Allocation Stall                                  0 / 0                 0 / 0                 0 / 0                 0 / 0           ops/s
[170.139s][info][gc,stats    ]    Critical: Allocation Stall                              0.000 / 0.000         0.000 / 0.000         0.000 / 0.000         0.000 / 0.000       ms
[170.139s][info][gc,stats    ]    Critical: GC Locker Stall                                   0 / 0                 0 / 0                 0 / 0                 0 / 0           ops/s
[170.139s][info][gc,stats    ]    Critical: GC Locker Stall                               0.000 / 0.000         0.000 / 0.000         0.000 / 0.000         0.000 / 0.000       ms
[170.139s][info][gc,stats    ]    Critical: Relocation Stall                                  0 / 0                 0 / 0                 0 / 0                 0 / 0           ops/s
[170.139s][info][gc,stats    ]    Critical: Relocation Stall                              0.000 / 0.000         0.000 / 0.000         0.000 / 0.000         0.000 / 0.000       ms
[170.139s][info][gc,stats    ]      Memory: Allocation Rate                                 578 / 4610            479 / 4912            479 / 4912            479 / 4912        MB/s
[170.139s][info][gc,stats    ]      Memory: Defragment                                        0 / 0                 0 / 16                0 / 16                0 / 16          ops/s
[170.139s][info][gc,stats    ]      Memory: Out Of Memory                                     0 / 0                 0 / 0                 0 / 0                 0 / 0           ops/s
[170.139s][info][gc,stats    ]      Memory: Page Cache Flush                                  0 / 0                 0 / 32                0 / 32                0 / 32          MB/s
[170.139s][info][gc,stats    ]      Memory: Page Cache Hit L1                               288 / 2290            214 / 2441            214 / 2441            214 / 2441        ops/s
[170.139s][info][gc,stats    ]      Memory: Page Cache Hit L2                                 0 / 0                 0 / 0                 0 / 0                 0 / 0           ops/s
[170.139s][info][gc,stats    ]      Memory: Page Cache Hit L3                                 0 / 0                 6 / 688               6 / 688               6 / 688         ops/s
[170.139s][info][gc,stats    ]      Memory: Page Cache Miss                                   0 / 0                18 / 489              18 / 489              18 / 489         ops/s
[170.139s][info][gc,stats    ]      Memory: Uncommit                                          0 / 0                 0 / 0                 0 / 0                 0 / 0           MB/s
[170.139s][info][gc,stats    ]      Memory: Undo Object Allocation Failed                     0 / 0                 0 / 0                 0 / 0                 0 / 0           ops/s
[170.139s][info][gc,stats    ]      Memory: Undo Object Allocation Succeeded                  0 / 0                 0 / 85                0 / 85                0 / 85          ops/s
[170.139s][info][gc,stats    ]      Memory: Undo Page Allocation                              0 / 1                 0 / 101               0 / 101               0 / 101         ops/s
[170.139s][info][gc,stats    ]       Phase: Concurrent Mark                              35.896 / 35.896       64.808 / 359.093      64.808 / 359.093      64.808 / 359.093     ms
[170.139s][info][gc,stats    ]       Phase: Concurrent Mark Continue                      0.000 / 0.000         0.000 / 0.000         0.000 / 0.000         0.000 / 0.000       ms
[170.139s][info][gc,stats    ]       Phase: Concurrent Mark Free                          0.001 / 0.001         0.001 / 0.002         0.001 / 0.002         0.001 / 0.002       ms
[170.139s][info][gc,stats    ]       Phase: Concurrent Process Non-Strong References      1.165 / 1.165         9.292 / 86.797        9.292 / 86.797        9.292 / 86.797      ms
[170.139s][info][gc,stats    ]       Phase: Concurrent Relocate                           2.940 / 2.940         6.833 / 46.398        6.833 / 46.398        6.833 / 46.398      ms
[170.139s][info][gc,stats    ]       Phase: Concurrent Reset Relocation Set               0.008 / 0.008         0.020 / 0.093         0.020 / 0.093         0.020 / 0.093       ms
[170.140s][info][gc,stats    ]       Phase: Concurrent Select Relocation Set              5.019 / 5.019        12.735 / 34.546       12.735 / 34.546       12.735 / 34.546      ms
[170.140s][info][gc,stats    ]       Phase: Pause Mark End                                0.027 / 0.027         0.025 / 0.028         0.025 / 0.028         0.025 / 0.028       ms
[170.140s][info][gc,stats    ]       Phase: Pause Mark Start                              0.017 / 0.017         0.018 / 0.034         0.018 / 0.034         0.018 / 0.034       ms
[170.140s][info][gc,stats    ]       Phase: Pause Relocate Start                          0.008 / 0.008         0.009 / 0.016         0.009 / 0.016         0.009 / 0.016       ms
[170.140s][info][gc,stats    ]    Subphase: Concurrent Classes Purge                      0.006 / 0.006         0.965 / 8.983         0.965 / 8.983         0.965 / 8.983       ms
[170.140s][info][gc,stats    ]    Subphase: Concurrent Classes Unlink                     0.734 / 0.734         2.395 / 11.741        2.395 / 11.741        2.395 / 11.741      ms
[170.140s][info][gc,stats    ]    Subphase: Concurrent Mark                              34.230 / 35.007       60.551 / 344.053      60.551 / 344.053      60.551 / 344.053     ms
[170.140s][info][gc,stats    ]    Subphase: Concurrent Mark Try Flush                     0.083 / 0.102         6.864 / 99.957        6.864 / 99.957        6.864 / 99.957      ms
[170.140s][info][gc,stats    ]    Subphase: Concurrent Mark Try Terminate                 9.010 / 15.635       12.576 / 62.504       12.576 / 62.504       12.576 / 62.504      ms
[170.140s][info][gc,stats    ]    Subphase: Concurrent References Enqueue                 0.004 / 0.004         0.005 / 0.017         0.005 / 0.017         0.005 / 0.017       ms
[170.140s][info][gc,stats    ]    Subphase: Concurrent References Process                 0.048 / 0.048         0.054 / 0.102         0.054 / 0.102         0.054 / 0.102       ms
[170.140s][info][gc,stats    ]    Subphase: Concurrent Roots ClassLoaderDataGraph         0.044 / 0.322         0.082 / 1.633         0.082 / 1.633         0.082 / 1.633       ms
[170.140s][info][gc,stats    ]    Subphase: Concurrent Roots CodeCache                    0.000 / 0.000         0.000 / 0.000         0.000 / 0.000         0.000 / 0.000       ms
[170.140s][info][gc,stats    ]    Subphase: Concurrent Roots JavaThreads                  0.696 / 0.786         1.620 / 13.523        1.620 / 13.523        1.620 / 13.523      ms
[170.140s][info][gc,stats    ]    Subphase: Concurrent Roots OopStorageSet                0.015 / 0.031         0.113 / 1.478         0.113 / 1.478         0.113 / 1.478       ms
[170.140s][info][gc,stats    ]    Subphase: Concurrent Weak Roots OopStorageSet           0.248 / 0.258         0.168 / 0.258         0.168 / 0.258         0.168 / 0.258       ms
[170.140s][info][gc,stats    ]    Subphase: Pause Mark Try Complete                       0.000 / 0.000         0.000 / 0.000         0.000 / 0.000         0.000 / 0.000       ms
[170.140s][info][gc,stats    ]      System: Java Threads                                     62 / 62               59 / 72               59 / 72               59 / 72          threads
[170.140s][info][gc,stats    ] =========================================================================================================================================================
[176.789s][info][gc,heap,exit] Heap
[176.789s][info][gc,heap,exit]  ZHeap           used 8478M, capacity 8570M, max capacity 30718M
[176.789s][info][gc,heap,exit]  Metaspace       used 16752K, committed 17856K, reserved 1114112K
[176.789s][info][gc,heap,exit]   class space    used 2439K, committed 2816K, reserved 1048576K
