[0.017s][info][gc] Using Epsilon
[0.022s][info][gc,init] Version: 20+36-2344 (release)
[0.022s][info][gc,init] CPUs: 48 total, 48 available
[0.022s][info][gc,init] Memory: 382G
[0.022s][info][gc,init] Large Page Support: Disabled
[0.022s][info][gc,init] NUMA Support: Disabled
[0.022s][info][gc,init] Compressed Oops: Enabled (Zero based)
[0.022s][info][gc,init] Heap Min Capacity: 6656K
[0.022s][info][gc,init] Heap Initial Capacity: 2G
[0.022s][info][gc,init] Heap Max Capacity: 30718M
[0.022s][info][gc,init] Pre-touch: Disabled
[0.022s][warning][gc,init] Consider setting -Xms equal to -Xmx to avoid resizing hiccups
[0.032s][warning][gc,init] Consider enabling -XX:+AlwaysPreTouch to avoid memory commit hiccups
[0.032s][info   ][gc,init] TLAB Size Max: 4M
[0.032s][info   ][gc,init] TLAB Size Elasticity: 1.10x
[0.032s][info   ][gc,init] TLAB Size Decay Time: 1000ms
[0.034s][info   ][gc,metaspace] CDS archive(s) mapped at: [0x0000000800000000-0x0000000800c60000-0x0000000800c60000), size 12976128, SharedBaseAddress: 0x0000000800000000, ArchiveRelocationMode: 0.
[0.034s][info   ][gc,metaspace] Compressed class space mapped at: 0x0000000801000000-0x0000000841000000, reserved size: 1073741824
[0.034s][info   ][gc,metaspace] Narrow klass base: 0x0000000800000000, Narrow klass shift: 0, Narrow klass range: 0x100000000
[1.575s][info   ][gc          ] GC request for "System.gc()" is ignored
[4.394s][info   ][gc,heap,exit] Heap
[4.394s][info   ][gc,heap,exit] Epsilon Heap
[4.394s][info   ][gc,heap,exit] Allocation space:
[4.394s][info   ][gc,heap,exit]  space 2097152K,  22% used [0x0000000080200000, 0x000000009c5f5a98, 0x0000000100200000)
[4.394s][info   ][gc,heap,exit]  Metaspace       used 9324K, committed 9728K, reserved 1114112K
[4.394s][info   ][gc,heap,exit]   class space    used 1055K, committed 1216K, reserved 1048576K
[4.394s][info   ][gc          ] Heap: 30718M reserved, 2048M (6.67%) committed, 451M (1.47%) used
[4.394s][info   ][gc,metaspace] Metaspace: 1088M reserved, 9728K (0.87%) committed, 9324K (0.84%) used
