[0.015s][info][gc,init] CardTable entry size: 512
[0.016s][info][gc     ] Using G1
[0.026s][info][gc,init] Version: 20+36-2344 (release)
[0.026s][info][gc,init] CPUs: 48 total, 48 available
[0.026s][info][gc,init] Memory: 382G
[0.026s][info][gc,init] Large Page Support: Disabled
[0.026s][info][gc,init] NUMA Support: Disabled
[0.026s][info][gc,init] Compressed Oops: Enabled (Zero based)
[0.026s][info][gc,init] Heap Region Size: 16M
[0.026s][info][gc,init] Heap Min Capacity: 16M
[0.026s][info][gc,init] Heap Initial Capacity: 2G
[0.026s][info][gc,init] Heap Max Capacity: 30208M
[0.026s][info][gc,init] Pre-touch: Disabled
[0.026s][info][gc,init] Parallel Workers: 33
[0.026s][info][gc,init] Concurrent Workers: 8
[0.034s][info][gc,init] Concurrent Refinement Workers: 33
[0.034s][info][gc,init] Periodic GC: Disabled
[0.035s][info][gc,metaspace] CDS archive(s) mapped at: [0x0000000800000000-0x0000000800c60000-0x0000000800c60000), size 12976128, SharedBaseAddress: 0x0000000800000000, ArchiveRelocationMode: 0.
[0.035s][info][gc,metaspace] Compressed class space mapped at: 0x0000000801000000-0x0000000841000000, reserved size: 1073741824
[0.035s][info][gc,metaspace] Narrow klass base: 0x0000000800000000, Narrow klass shift: 0, Narrow klass range: 0x100000000
[4.996s][info][gc,start    ] GC(0) Pause Full (System.gc())
[4.997s][info][gc,task     ] GC(0) Using 2 workers of 33 for full compaction
[4.997s][info][gc,phases,start] GC(0) Phase 1: Mark live objects
[5.001s][info][gc,phases      ] GC(0) Phase 1: Mark live objects 3.782ms
[5.001s][info][gc,phases,start] GC(0) Phase 2: Prepare compaction
[5.004s][info][gc,phases      ] GC(0) Phase 2: Prepare compaction 3.625ms
[5.004s][info][gc,phases,start] GC(0) Phase 3: Adjust pointers
[5.006s][info][gc,phases      ] GC(0) Phase 3: Adjust pointers 2.040ms
[5.006s][info][gc,phases,start] GC(0) Phase 4: Compact heap
[5.008s][info][gc,phases      ] GC(0) Phase 4: Compact heap 1.801ms
[5.021s][info][gc,heap        ] GC(0) Eden regions: 2->0(1)
[5.021s][info][gc,heap        ] GC(0) Survivor regions: 0->0(0)
[5.022s][info][gc,heap        ] GC(0) Old regions: 0->2
[5.022s][info][gc,heap        ] GC(0) Archive regions: 0->0
[5.022s][info][gc,heap        ] GC(0) Humongous regions: 0->0
[5.022s][info][gc,metaspace   ] GC(0) Metaspace: 1268K(1408K)->1268K(1408K) NonClass: 1174K(1280K)->1174K(1280K) Class: 94K(128K)->94K(128K)
[5.022s][info][gc             ] GC(0) Pause Full (System.gc()) 31M->1M(112M) 25.277ms
[5.022s][info][gc,cpu         ] GC(0) User=0.05s Sys=0.05s Real=0.03s
[5.441s][info][gc,start       ] GC(1) Pause Young (Normal) (G1 Evacuation Pause)
[5.443s][info][gc,task        ] GC(1) Using 33 workers of 33 for evacuation
[5.447s][info][gc,phases      ] GC(1)   Pre Evacuate Collection Set: 0.1ms
[5.447s][info][gc,phases      ] GC(1)   Merge Heap Roots: 0.4ms
[5.447s][info][gc,phases      ] GC(1)   Evacuate Collection Set: 2.8ms
[5.447s][info][gc,phases      ] GC(1)   Post Evacuate Collection Set: 0.6ms
[5.447s][info][gc,phases      ] GC(1)   Other: 1.4ms
[5.447s][info][gc,heap        ] GC(1) Eden regions: 1->0(1)
[5.447s][info][gc,heap        ] GC(1) Survivor regions: 0->1(1)
[5.447s][info][gc,heap        ] GC(1) Old regions: 2->2
[5.447s][info][gc,heap        ] GC(1) Archive regions: 0->0
[5.447s][info][gc,heap        ] GC(1) Humongous regions: 0->0
[5.447s][info][gc,metaspace   ] GC(1) Metaspace: 3749K(3904K)->3749K(3904K) NonClass: 3258K(3328K)->3258K(3328K) Class: 490K(576K)->490K(576K)
[5.447s][info][gc             ] GC(1) Pause Young (Normal) (G1 Evacuation Pause) 17M->3M(112M) 5.721ms
[5.447s][info][gc,cpu         ] GC(1) User=0.00s Sys=0.00s Real=0.00s
[5.585s][info][gc,start       ] GC(2) Pause Young (Normal) (G1 Evacuation Pause)
[5.585s][info][gc,task        ] GC(2) Using 33 workers of 33 for evacuation
[5.594s][info][gc,phases      ] GC(2)   Pre Evacuate Collection Set: 0.1ms
[5.594s][info][gc,phases      ] GC(2)   Merge Heap Roots: 0.1ms
[5.594s][info][gc,phases      ] GC(2)   Evacuate Collection Set: 7.8ms
[5.594s][info][gc,phases      ] GC(2)   Post Evacuate Collection Set: 0.4ms
[5.594s][info][gc,phases      ] GC(2)   Other: 0.1ms
[5.594s][info][gc,heap        ] GC(2) Eden regions: 1->0(1)
[5.594s][info][gc,heap        ] GC(2) Survivor regions: 1->1(1)
[5.594s][info][gc,heap        ] GC(2) Old regions: 2->2
[5.594s][info][gc,heap        ] GC(2) Archive regions: 0->0
[5.594s][info][gc,heap        ] GC(2) Humongous regions: 0->0
[5.594s][info][gc,metaspace   ] GC(2) Metaspace: 4121K(4224K)->4121K(4224K) NonClass: 3616K(3648K)->3616K(3648K) Class: 504K(576K)->504K(576K)
[5.594s][info][gc             ] GC(2) Pause Young (Normal) (G1 Evacuation Pause) 19M->12M(112M) 8.795ms
[5.594s][info][gc,cpu         ] GC(2) User=0.00s Sys=0.00s Real=0.00s
[5.680s][info][gc,start       ] GC(3) Pause Young (Normal) (G1 Evacuation Pause)
[5.680s][info][gc,task        ] GC(3) Using 33 workers of 33 for evacuation
[5.686s][info][gc,phases      ] GC(3)   Pre Evacuate Collection Set: 0.1ms
[5.686s][info][gc,phases      ] GC(3)   Merge Heap Roots: 0.1ms
[5.686s][info][gc,phases      ] GC(3)   Evacuate Collection Set: 4.9ms
[5.686s][info][gc,phases      ] GC(3)   Post Evacuate Collection Set: 0.4ms
[5.686s][info][gc,phases      ] GC(3)   Other: 0.1ms
[5.686s][info][gc,heap        ] GC(3) Eden regions: 1->0(1)
[5.686s][info][gc,heap        ] GC(3) Survivor regions: 1->1(1)
[5.686s][info][gc,heap        ] GC(3) Old regions: 2->3
[5.686s][info][gc,heap        ] GC(3) Archive regions: 0->0
[5.686s][info][gc,heap        ] GC(3) Humongous regions: 0->0
[5.686s][info][gc,metaspace   ] GC(3) Metaspace: 4727K(4864K)->4727K(4864K) NonClass: 4188K(4224K)->4188K(4224K) Class: 539K(640K)->539K(640K)
[5.686s][info][gc             ] GC(3) Pause Young (Normal) (G1 Evacuation Pause) 28M->11M(112M) 5.776ms
[5.686s][info][gc,cpu         ] GC(3) User=0.00s Sys=0.00s Real=0.00s
[5.856s][info][gc,start       ] GC(4) Pause Young (Normal) (G1 Evacuation Pause)
[5.856s][info][gc,task        ] GC(4) Using 33 workers of 33 for evacuation
[5.859s][info][gc,phases      ] GC(4)   Pre Evacuate Collection Set: 0.1ms
[5.859s][info][gc,phases      ] GC(4)   Merge Heap Roots: 0.2ms
[5.859s][info][gc,phases      ] GC(4)   Evacuate Collection Set: 2.5ms
[5.860s][info][gc,phases      ] GC(4)   Post Evacuate Collection Set: 0.7ms
[5.860s][info][gc,phases      ] GC(4)   Other: 0.1ms
[5.860s][info][gc,heap        ] GC(4) Eden regions: 1->0(1)
[5.860s][info][gc,heap        ] GC(4) Survivor regions: 1->1(1)
[5.860s][info][gc,heap        ] GC(4) Old regions: 3->3
[5.860s][info][gc,heap        ] GC(4) Archive regions: 0->0
[5.860s][info][gc,heap        ] GC(4) Humongous regions: 0->0
[5.860s][info][gc,metaspace   ] GC(4) Metaspace: 5785K(5952K)->5785K(5952K) NonClass: 5136K(5248K)->5136K(5248K) Class: 649K(704K)->649K(704K)
[5.860s][info][gc             ] GC(4) Pause Young (Normal) (G1 Evacuation Pause) 27M->11M(112M) 4.057ms
[5.860s][info][gc,cpu         ] GC(4) User=0.00s Sys=0.00s Real=0.00s
[5.947s][info][gc,start       ] GC(5) Pause Young (Normal) (G1 Evacuation Pause)
[5.947s][info][gc,task        ] GC(5) Using 33 workers of 33 for evacuation
[5.951s][info][gc,phases      ] GC(5)   Pre Evacuate Collection Set: 0.1ms
[5.951s][info][gc,phases      ] GC(5)   Merge Heap Roots: 0.1ms
[5.951s][info][gc,phases      ] GC(5)   Evacuate Collection Set: 2.9ms
[5.951s][info][gc,phases      ] GC(5)   Post Evacuate Collection Set: 0.4ms
[5.951s][info][gc,phases      ] GC(5)   Other: 0.1ms
[5.951s][info][gc,heap        ] GC(5) Eden regions: 1->0(1)
[5.951s][info][gc,heap        ] GC(5) Survivor regions: 1->1(1)
[5.951s][info][gc,heap        ] GC(5) Old regions: 3->3
[5.951s][info][gc,heap        ] GC(5) Archive regions: 0->0
[5.951s][info][gc,heap        ] GC(5) Humongous regions: 0->0
[5.951s][info][gc,metaspace   ] GC(5) Metaspace: 6049K(6208K)->6049K(6208K) NonClass: 5387K(5440K)->5387K(5440K) Class: 662K(768K)->662K(768K)
[5.951s][info][gc             ] GC(5) Pause Young (Normal) (G1 Evacuation Pause) 27M->13M(112M) 3.885ms
[5.951s][info][gc,cpu         ] GC(5) User=0.00s Sys=0.00s Real=0.00s
[6.005s][info][gc,start       ] GC(6) Pause Young (Normal) (G1 Evacuation Pause)
[6.005s][info][gc,task        ] GC(6) Using 33 workers of 33 for evacuation
[6.013s][info][gc,phases      ] GC(6)   Pre Evacuate Collection Set: 0.1ms
[6.013s][info][gc,phases      ] GC(6)   Merge Heap Roots: 0.1ms
[6.013s][info][gc,phases      ] GC(6)   Evacuate Collection Set: 4.5ms
[6.013s][info][gc,phases      ] GC(6)   Post Evacuate Collection Set: 3.0ms
[6.013s][info][gc,phases      ] GC(6)   Other: 0.1ms
[6.013s][info][gc,heap        ] GC(6) Eden regions: 1->0(12)
[6.013s][info][gc,heap        ] GC(6) Survivor regions: 1->1(1)
[6.013s][info][gc,heap        ] GC(6) Old regions: 3->3
[6.013s][info][gc,heap        ] GC(6) Archive regions: 0->0
[6.013s][info][gc,heap        ] GC(6) Humongous regions: 0->0
[6.013s][info][gc,metaspace   ] GC(6) Metaspace: 6067K(6208K)->6067K(6208K) NonClass: 5404K(5440K)->5404K(5440K) Class: 662K(768K)->662K(768K)
[6.013s][info][gc             ] GC(6) Pause Young (Normal) (G1 Evacuation Pause) 29M->15M(1088M) 8.070ms
[6.013s][info][gc,cpu         ] GC(6) User=0.00s Sys=0.00s Real=0.00s
[6.440s][info][gc,start       ] GC(7) Pause Young (Normal) (G1 Evacuation Pause)
[6.440s][info][gc,task        ] GC(7) Using 30 workers of 33 for evacuation
[6.464s][info][gc,phases      ] GC(7)   Pre Evacuate Collection Set: 0.1ms
[6.464s][info][gc,phases      ] GC(7)   Merge Heap Roots: 0.2ms
[6.464s][info][gc,phases      ] GC(7)   Evacuate Collection Set: 23.1ms
[6.464s][info][gc,phases      ] GC(7)   Post Evacuate Collection Set: 0.6ms
[6.464s][info][gc,phases      ] GC(7)   Other: 0.1ms
[6.464s][info][gc,heap        ] GC(7) Eden regions: 12->0(14)
[6.464s][info][gc,heap        ] GC(7) Survivor regions: 1->2(2)
[6.464s][info][gc,heap        ] GC(7) Old regions: 3->3
[6.464s][info][gc,heap        ] GC(7) Archive regions: 0->0
[6.464s][info][gc,heap        ] GC(7) Humongous regions: 0->0
[6.464s][info][gc,metaspace   ] GC(7) Metaspace: 8189K(8640K)->8189K(8640K) NonClass: 7292K(7552K)->7292K(7552K) Class: 896K(1088K)->896K(1088K)
[6.464s][info][gc             ] GC(7) Pause Young (Normal) (G1 Evacuation Pause) 207M->42M(1088M) 24.327ms
[6.465s][info][gc,cpu         ] GC(7) User=0.34s Sys=0.73s Real=0.03s
[7.807s][info][gc,heap,exit   ] Heap
[7.807s][info][gc,heap,exit   ]  garbage-first heap   total 1114112K, used 209122K [0x00000000a0000000, 0x0000000800000000)
[7.807s][info][gc,heap,exit   ]   region size 16384K, 13 young (212992K), 2 survivors (32768K)
[7.807s][info][gc,heap,exit   ]  Metaspace       used 9328K, committed 9728K, reserved 1114112K
[7.807s][info][gc,heap,exit   ]   class space    used 1050K, committed 1216K, reserved 1048576K
