[0.017s][info][gc,init] CardTable entry size: 512
[0.017s][info][gc     ] Using Parallel
[0.029s][info][gc,init] Version: 20+36-2344 (release)
[0.029s][info][gc,init] CPUs: 48 total, 48 available
[0.029s][info][gc,init] Memory: 382G
[0.029s][info][gc,init] Large Page Support: Disabled
[0.029s][info][gc,init] NUMA Support: Disabled
[0.029s][info][gc,init] Compressed Oops: Enabled (Zero based)
[0.030s][info][gc,init] Alignments: Space 512K, Generation 512K, Heap 2M
[0.030s][info][gc,init] Heap Min Capacity: 8M
[0.030s][info][gc,init] Heap Initial Capacity: 2G
[0.030s][info][gc,init] Heap Max Capacity: 30718M
[0.041s][info][gc,init] Pre-touch: Disabled
[0.041s][info][gc,init] Parallel Workers: 33
[0.043s][info][gc,metaspace] CDS archive(s) mapped at: [0x0000000800000000-0x0000000800c60000-0x0000000800c60000), size 12976128, SharedBaseAddress: 0x0000000800000000, ArchiveRelocationMode: 0.
[0.043s][info][gc,metaspace] Compressed class space mapped at: 0x0000000801000000-0x0000000841000000, reserved size: 1073741824
[0.043s][info][gc,metaspace] Narrow klass base: 0x0000000800000000, Narrow klass shift: 0, Narrow klass range: 0x100000000
[2.409s][info][gc,start    ] GC(0) Pause Young (System.gc())
[2.415s][info][gc,heap     ] GC(0) PSYoungGen: 104976K(611840K)->1957K(611840K) Eden: 104976K(524800K)->0K(524800K) From: 0K(87040K)->1957K(87040K)
[2.415s][info][gc,heap     ] GC(0) ParOldGen: 0K(1398272K)->8K(1398272K)
[2.415s][info][gc,metaspace] GC(0) Metaspace: 1268K(1408K)->1268K(1408K) NonClass: 1174K(1280K)->1174K(1280K) Class: 94K(128K)->94K(128K)
[2.415s][info][gc          ] GC(0) Pause Young (System.gc()) 102M->1M(1963M) 6.063ms
[2.416s][info][gc,cpu      ] GC(0) User=0.52s Sys=0.00s Real=0.01s
[2.416s][info][gc,start    ] GC(1) Pause Full (System.gc())
[2.416s][info][gc,phases,start] GC(1) Marking Phase
[2.421s][info][gc,phases      ] GC(1) Marking Phase 5.221ms
[2.421s][info][gc,phases,start] GC(1) Summary Phase
[2.421s][info][gc,phases      ] GC(1) Summary Phase 0.029ms
[2.421s][info][gc,phases,start] GC(1) Adjust Roots
[2.423s][info][gc,phases      ] GC(1) Adjust Roots 1.448ms
[2.423s][info][gc,phases,start] GC(1) Compaction Phase
[2.430s][info][gc,phases      ] GC(1) Compaction Phase 7.161ms
[2.430s][info][gc,phases,start] GC(1) Post Compact
[2.430s][info][gc,phases      ] GC(1) Post Compact 0.580ms
[2.430s][info][gc,heap        ] GC(1) PSYoungGen: 1957K(611840K)->0K(611840K) Eden: 0K(524800K)->0K(524800K) From: 1957K(87040K)->0K(87040K)
[2.430s][info][gc,heap        ] GC(1) ParOldGen: 8K(1398272K)->1286K(1398272K)
[2.430s][info][gc,metaspace   ] GC(1) Metaspace: 1268K(1408K)->1268K(1408K) NonClass: 1174K(1280K)->1174K(1280K) Class: 94K(128K)->94K(128K)
[2.431s][info][gc             ] GC(1) Pause Full (System.gc()) 1M->1M(1963M) 14.784ms
[2.431s][info][gc,cpu         ] GC(1) User=0.02s Sys=0.00s Real=0.02s
[4.608s][info][gc,start       ] GC(2) Pause Young (Allocation Failure)
[4.638s][info][gc,heap        ] GC(2) PSYoungGen: 524800K(611840K)->35912K(611840K) Eden: 524800K(524800K)->0K(524800K) From: 0K(87040K)->35912K(87040K)
[4.638s][info][gc,heap        ] GC(2) ParOldGen: 1286K(1398272K)->1366K(1398272K)
[4.638s][info][gc,metaspace   ] GC(2) Metaspace: 8843K(9280K)->8843K(9280K) NonClass: 7843K(8064K)->7843K(8064K) Class: 999K(1216K)->999K(1216K)
[4.638s][info][gc             ] GC(2) Pause Young (Allocation Failure) 513M->36M(1963M) 29.136ms
[4.638s][info][gc,cpu         ] GC(2) User=0.23s Sys=0.86s Real=0.03s
[5.493s][info][gc,heap,exit   ] Heap
[5.493s][info][gc,heap,exit   ]  PSYoungGen      total 611840K, used 91867K [0x0000000580100000, 0x00000005cac00000, 0x0000000800000000)
[5.493s][info][gc,heap,exit   ]   eden space 524800K, 10% used [0x0000000580100000,0x00000005837a4bd0,0x00000005a0180000)
[5.493s][info][gc,heap,exit   ]   from space 87040K, 41% used [0x00000005a5680000,0x00000005a79921d0,0x00000005aab80000)
[5.493s][info][gc,heap,exit   ]   to   space 87040K, 0% used [0x00000005a0180000,0x00000005a0180000,0x00000005a5680000)
[5.493s][info][gc,heap,exit   ]  ParOldGen       total 1398272K, used 1366K [0x0000000080200000, 0x00000000d5780000, 0x0000000580100000)
[5.494s][info][gc,heap,exit   ]   object space 1398272K, 0% used [0x0000000080200000,0x0000000080355b80,0x00000000d5780000)
[5.494s][info][gc,heap,exit   ]  Metaspace       used 9301K, committed 9728K, reserved 1114112K
[5.494s][info][gc,heap,exit   ]   class space    used 1050K, committed 1216K, reserved 1048576K
