[0.017s][info][gc,init] CardTable entry size: 512
[0.018s][info][gc     ] Using G1
[0.033s][info][gc,init] Version: 20+36-2344 (release)
[0.033s][info][gc,init] CPUs: 48 total, 48 available
[0.033s][info][gc,init] Memory: 382G
[0.033s][info][gc,init] Large Page Support: Disabled
[0.033s][info][gc,init] NUMA Support: Disabled
[0.033s][info][gc,init] Compressed Oops: Enabled (Zero based)
[0.033s][info][gc,init] Heap Region Size: 16M
[0.033s][info][gc,init] Heap Min Capacity: 16M
[0.033s][info][gc,init] Heap Initial Capacity: 2G
[0.033s][info][gc,init] Heap Max Capacity: 30208M
[0.033s][info][gc,init] Pre-touch: Disabled
[0.042s][info][gc,init] Parallel Workers: 33
[0.042s][info][gc,init] Concurrent Workers: 8
[0.042s][info][gc,init] Concurrent Refinement Workers: 33
[0.042s][info][gc,init] Periodic GC: Disabled
[0.044s][info][gc,metaspace] CDS archive(s) mapped at: [0x0000000800000000-0x0000000800c60000-0x0000000800c60000), size 12976128, SharedBaseAddress: 0x0000000800000000, ArchiveRelocationMode: 0.
[0.044s][info][gc,metaspace] Compressed class space mapped at: 0x0000000801000000-0x0000000841000000, reserved size: 1073741824
[0.044s][info][gc,metaspace] Narrow klass base: 0x0000000800000000, Narrow klass shift: 0, Narrow klass range: 0x100000000
[1.346s][info][gc,start    ] GC(0) Pause Full (System.gc())
[1.347s][info][gc,task     ] GC(0) Using 2 workers of 33 for full compaction
[1.347s][info][gc,phases,start] GC(0) Phase 1: Mark live objects
[1.350s][info][gc,phases      ] GC(0) Phase 1: Mark live objects 3.545ms
[1.350s][info][gc,phases,start] GC(0) Phase 2: Prepare compaction
[1.354s][info][gc,phases      ] GC(0) Phase 2: Prepare compaction 3.195ms
[1.354s][info][gc,phases,start] GC(0) Phase 3: Adjust pointers
[1.355s][info][gc,phases      ] GC(0) Phase 3: Adjust pointers 1.859ms
[1.355s][info][gc,phases,start] GC(0) Phase 4: Compact heap
[1.357s][info][gc,phases      ] GC(0) Phase 4: Compact heap 1.672ms
[1.373s][info][gc,heap        ] GC(0) Eden regions: 2->0(1)
[1.373s][info][gc,heap        ] GC(0) Survivor regions: 0->0(0)
[1.373s][info][gc,heap        ] GC(0) Old regions: 0->2
[1.373s][info][gc,heap        ] GC(0) Archive regions: 0->0
[1.373s][info][gc,heap        ] GC(0) Humongous regions: 0->0
[1.373s][info][gc,metaspace   ] GC(0) Metaspace: 1065K(1216K)->1065K(1216K) NonClass: 988K(1088K)->988K(1088K) Class: 76K(128K)->76K(128K)
[1.373s][info][gc             ] GC(0) Pause Full (System.gc()) 17M->1M(112M) 26.868ms
[1.373s][info][gc,cpu         ] GC(0) User=0.06s Sys=0.03s Real=0.03s
[1.572s][info][gc,start       ] GC(1) Pause Young (Normal) (G1 Evacuation Pause)
[1.572s][info][gc,task        ] GC(1) Using 2 workers of 33 for evacuation
[1.576s][info][gc,phases      ] GC(1)   Pre Evacuate Collection Set: 0.1ms
[1.576s][info][gc,phases      ] GC(1)   Merge Heap Roots: 0.5ms
[1.576s][info][gc,phases      ] GC(1)   Evacuate Collection Set: 2.9ms
[1.576s][info][gc,phases      ] GC(1)   Post Evacuate Collection Set: 0.7ms
[1.576s][info][gc,phases      ] GC(1)   Other: 0.1ms
[1.576s][info][gc,heap        ] GC(1) Eden regions: 1->0(1)
[1.576s][info][gc,heap        ] GC(1) Survivor regions: 0->1(1)
[1.576s][info][gc,heap        ] GC(1) Old regions: 2->2
[1.577s][info][gc,heap        ] GC(1) Archive regions: 0->0
[1.577s][info][gc,heap        ] GC(1) Humongous regions: 0->0
[1.577s][info][gc,metaspace   ] GC(1) Metaspace: 2956K(3072K)->2956K(3072K) NonClass: 2589K(2688K)->2589K(2688K) Class: 366K(384K)->366K(384K)
[1.577s][info][gc             ] GC(1) Pause Young (Normal) (G1 Evacuation Pause) 17M->2M(112M) 4.856ms
[1.577s][info][gc,cpu         ] GC(1) User=0.03s Sys=0.00s Real=0.02s
[3.940s][info][gc,start       ] GC(2) Pause Young (Normal) (G1 Evacuation Pause)
[3.940s][info][gc,task        ] GC(2) Using 14 workers of 33 for evacuation
[3.943s][info][gc,phases      ] GC(2)   Pre Evacuate Collection Set: 0.1ms
[3.943s][info][gc,phases      ] GC(2)   Merge Heap Roots: 0.2ms
[3.943s][info][gc,phases      ] GC(2)   Evacuate Collection Set: 2.0ms
[3.944s][info][gc,phases      ] GC(2)   Post Evacuate Collection Set: 0.6ms
[3.944s][info][gc,phases      ] GC(2)   Other: 0.8ms
[3.944s][info][gc,heap        ] GC(2) Eden regions: 1->0(1)
[3.944s][info][gc,heap        ] GC(2) Survivor regions: 1->1(1)
[3.944s][info][gc,heap        ] GC(2) Old regions: 2->2
[3.944s][info][gc,heap        ] GC(2) Archive regions: 0->0
[3.944s][info][gc,heap        ] GC(2) Humongous regions: 0->0
[3.944s][info][gc,metaspace   ] GC(2) Metaspace: 3472K(3584K)->3472K(3584K) NonClass: 3077K(3136K)->3077K(3136K) Class: 394K(448K)->394K(448K)
[3.944s][info][gc             ] GC(2) Pause Young (Normal) (G1 Evacuation Pause) 18M->2M(112M) 4.356ms
[3.944s][info][gc,cpu         ] GC(2) User=0.11s Sys=0.11s Real=0.00s
[6.382s][info][gc,start       ] GC(3) Pause Young (Normal) (G1 Evacuation Pause)
[6.382s][info][gc,task        ] GC(3) Using 14 workers of 33 for evacuation
[6.384s][info][gc,phases      ] GC(3)   Pre Evacuate Collection Set: 0.1ms
[6.385s][info][gc,phases      ] GC(3)   Merge Heap Roots: 0.2ms
[6.385s][info][gc,phases      ] GC(3)   Evacuate Collection Set: 1.5ms
[6.385s][info][gc,phases      ] GC(3)   Post Evacuate Collection Set: 0.6ms
[6.385s][info][gc,phases      ] GC(3)   Other: 0.1ms
[6.385s][info][gc,heap        ] GC(3) Eden regions: 1->0(2)
[6.385s][info][gc,heap        ] GC(3) Survivor regions: 1->1(1)
[6.385s][info][gc,heap        ] GC(3) Old regions: 2->2
[6.385s][info][gc,heap        ] GC(3) Archive regions: 0->0
[6.385s][info][gc,heap        ] GC(3) Humongous regions: 0->0
[6.385s][info][gc,metaspace   ] GC(3) Metaspace: 3498K(3584K)->3498K(3584K) NonClass: 3103K(3136K)->3103K(3136K) Class: 395K(448K)->395K(448K)
[6.385s][info][gc             ] GC(3) Pause Young (Normal) (G1 Evacuation Pause) 18M->2M(112M) 3.119ms
[6.385s][info][gc,cpu         ] GC(3) User=0.00s Sys=0.00s Real=0.00s
[9.097s][info][gc,heap,exit   ] Heap
[9.097s][info][gc,heap,exit   ]  garbage-first heap   total 114688K, used 21407K [0x00000000a0000000, 0x0000000800000000)
[9.097s][info][gc,heap,exit   ]   region size 16384K, 3 young (49152K), 1 survivors (16384K)
[9.097s][info][gc,heap,exit   ]  Metaspace       used 3937K, committed 4096K, reserved 1114112K
[9.097s][info][gc,heap,exit   ]   class space    used 446K, committed 512K, reserved 1048576K
