[0.016s][info][gc,init] CardTable entry size: 512
[0.016s][info][gc     ] Using Parallel
[0.029s][info][gc,init] Version: 20+36-2344 (release)
[0.029s][info][gc,init] CPUs: 48 total, 48 available
[0.029s][info][gc,init] Memory: 382G
[0.029s][info][gc,init] Large Page Support: Disabled
[0.029s][info][gc,init] NUMA Support: Disabled
[0.029s][info][gc,init] Compressed Oops: Enabled (Zero based)
[0.029s][info][gc,init] Alignments: Space 512K, Generation 512K, Heap 2M
[0.029s][info][gc,init] Heap Min Capacity: 8M
[0.029s][info][gc,init] Heap Initial Capacity: 2G
[0.029s][info][gc,init] Heap Max Capacity: 30718M
[0.037s][info][gc,init] Pre-touch: Disabled
[0.037s][info][gc,init] Parallel Workers: 33
[0.038s][info][gc,metaspace] CDS archive(s) mapped at: [0x0000000800000000-0x0000000800c60000-0x0000000800c60000), size 12976128, SharedBaseAddress: 0x0000000800000000, ArchiveRelocationMode: 0.
[0.038s][info][gc,metaspace] Compressed class space mapped at: 0x0000000801000000-0x0000000841000000, reserved size: 1073741824
[0.038s][info][gc,metaspace] Narrow klass base: 0x0000000800000000, Narrow klass shift: 0, Narrow klass range: 0x100000000
[1.894s][info][gc,start    ] GC(0) Pause Young (System.gc())
[1.900s][info][gc,heap     ] GC(0) PSYoungGen: 83968K(611840K)->1728K(611840K) Eden: 83968K(524800K)->0K(524800K) From: 0K(87040K)->1728K(87040K)
[1.900s][info][gc,heap     ] GC(0) ParOldGen: 0K(1398272K)->8K(1398272K)
[1.900s][info][gc,metaspace] GC(0) Metaspace: 1065K(1216K)->1065K(1216K) NonClass: 988K(1088K)->988K(1088K) Class: 76K(128K)->76K(128K)
[1.900s][info][gc          ] GC(0) Pause Young (System.gc()) 82M->1M(1963M) 5.828ms
[1.900s][info][gc,cpu      ] GC(0) User=0.00s Sys=0.00s Real=0.00s
[1.900s][info][gc,start    ] GC(1) Pause Full (System.gc())
[1.900s][info][gc,phases,start] GC(1) Marking Phase
[1.904s][info][gc,phases      ] GC(1) Marking Phase 4.391ms
[1.904s][info][gc,phases,start] GC(1) Summary Phase
[1.904s][info][gc,phases      ] GC(1) Summary Phase 0.031ms
[1.904s][info][gc,phases,start] GC(1) Adjust Roots
[1.906s][info][gc,phases      ] GC(1) Adjust Roots 1.479ms
[1.906s][info][gc,phases,start] GC(1) Compaction Phase
[1.913s][info][gc,phases      ] GC(1) Compaction Phase 7.567ms
[1.914s][info][gc,phases,start] GC(1) Post Compact
[1.914s][info][gc,phases      ] GC(1) Post Compact 0.806ms
[1.914s][info][gc,heap        ] GC(1) PSYoungGen: 1728K(611840K)->0K(611840K) Eden: 0K(524800K)->0K(524800K) From: 1728K(87040K)->0K(87040K)
[1.914s][info][gc,heap        ] GC(1) ParOldGen: 8K(1398272K)->1031K(1398272K)
[1.914s][info][gc,metaspace   ] GC(1) Metaspace: 1065K(1216K)->1065K(1216K) NonClass: 988K(1088K)->988K(1088K) Class: 76K(128K)->76K(128K)
[1.914s][info][gc             ] GC(1) Pause Full (System.gc()) 1M->1M(1963M) 14.629ms
[1.915s][info][gc,cpu         ] GC(1) User=0.03s Sys=0.00s Real=0.01s
[9.599s][info][gc,heap,exit   ] Heap
[9.599s][info][gc,heap,exit   ]  PSYoungGen      total 611840K, used 102337K [0x0000000580100000, 0x00000005aab80000, 0x0000000800000000)
[9.599s][info][gc,heap,exit   ]   eden space 524800K, 19% used [0x0000000580100000,0x00000005864f05f0,0x00000005a0180000)
[9.599s][info][gc,heap,exit   ]   from space 87040K, 0% used [0x00000005a0180000,0x00000005a0180000,0x00000005a5680000)
[9.599s][info][gc,heap,exit   ]   to   space 87040K, 0% used [0x00000005a5680000,0x00000005a5680000,0x00000005aab80000)
[9.599s][info][gc,heap,exit   ]  ParOldGen       total 1398272K, used 1031K [0x0000000080200000, 0x00000000d5780000, 0x0000000580100000)
[9.599s][info][gc,heap,exit   ]   object space 1398272K, 0% used [0x0000000080200000,0x0000000080301c88,0x00000000d5780000)
[9.599s][info][gc,heap,exit   ]  Metaspace       used 3938K, committed 4096K, reserved 1114112K
[9.599s][info][gc,heap,exit   ]   class space    used 446K, committed 512K, reserved 1048576K
