[0.017s][info][gc] Using Epsilon
[0.023s][info][gc,init] Version: 20+36-2344 (release)
[0.023s][info][gc,init] CPUs: 48 total, 48 available
[0.023s][info][gc,init] Memory: 382G
[0.023s][info][gc,init] Large Page Support: Disabled
[0.023s][info][gc,init] NUMA Support: Disabled
[0.023s][info][gc,init] Compressed Oops: Enabled (Zero based)
[0.023s][info][gc,init] Heap Min Capacity: 6656K
[0.023s][info][gc,init] Heap Initial Capacity: 2G
[0.023s][info][gc,init] Heap Max Capacity: 4G
[0.023s][info][gc,init] Pre-touch: Disabled
[0.024s][warning][gc,init] Consider setting -Xms equal to -Xmx to avoid resizing hiccups
[0.032s][warning][gc,init] Consider enabling -XX:+AlwaysPreTouch to avoid memory commit hiccups
[0.032s][info   ][gc,init] TLAB Size Max: 4M
[0.032s][info   ][gc,init] TLAB Size Elasticity: 1.10x
[0.032s][info   ][gc,init] TLAB Size Decay Time: 1000ms
[0.034s][info   ][gc,metaspace] CDS archive(s) mapped at: [0x0000000800000000-0x0000000800c60000-0x0000000800c60000), size 12976128, SharedBaseAddress: 0x0000000800000000, ArchiveRelocationMode: 0.
[0.034s][info   ][gc,metaspace] Compressed class space mapped at: 0x0000000801000000-0x0000000841000000, reserved size: 1073741824
[0.034s][info   ][gc,metaspace] Narrow klass base: 0x0000000800000000, Narrow klass shift: 0, Narrow klass range: 0x100000000
[4.521s][info   ][gc          ] GC request for "Metadata GC Threshold" is handled
[4.521s][info   ][gc,metaspace] Metaspace: 1088M reserved, 21504K (1.93%) committed, 21260K (1.91%) used
[5.299s][info   ][gc          ] GC request for "System.gc()" is ignored
[5.625s][info   ][gc          ] GC request for "Metadata GC Threshold" is handled
[5.625s][info   ][gc,metaspace] Metaspace: 1088M reserved, 35840K (3.22%) committed, 35539K (3.19%) used
[6.337s][info   ][gc          ] Heap: 4096M reserved, 2048M (50.00%) committed, 204M (5.00%) used
[6.337s][info   ][gc,metaspace] Metaspace: 1088M reserved, 47872K (4.30%) committed, 47445K (4.26%) used
[6.992s][info   ][gc          ] GC request for "Metadata GC Threshold" is handled
[6.992s][info   ][gc,metaspace] Metaspace: 1088M reserved, 59776K (5.37%) committed, 58660K (5.27%) used
[7.978s][info   ][gc          ] Heap: 4096M reserved, 2048M (50.00%) committed, 409M (10.01%) used
[7.979s][info   ][gc,metaspace] Metaspace: 1088M reserved, 72960K (6.55%) committed, 71810K (6.45%) used
[8.425s][info   ][gc          ] Heap: 4096M reserved, 2048M (50.00%) committed, 614M (15.01%) used
[8.425s][info   ][gc,metaspace] Metaspace: 1088M reserved, 73024K (6.55%) committed, 71928K (6.46%) used
[8.730s][info   ][gc          ] Heap: 4096M reserved, 2048M (50.00%) committed, 820M (20.02%) used
[8.730s][info   ][gc,metaspace] Metaspace: 1088M reserved, 73216K (6.57%) committed, 72058K (6.47%) used
[8.977s][info   ][gc          ] Heap: 4096M reserved, 2048M (50.00%) committed, 1025M (25.02%) used
[8.977s][info   ][gc,metaspace] Metaspace: 1088M reserved, 73216K (6.57%) committed, 72059K (6.47%) used
[9.198s][info   ][gc          ] Heap: 4096M reserved, 2048M (50.00%) committed, 1229M (30.03%) used
[9.198s][info   ][gc,metaspace] Metaspace: 1088M reserved, 73216K (6.57%) committed, 72071K (6.47%) used
[9.398s][info   ][gc          ] Heap: 4096M reserved, 2048M (50.00%) committed, 1436M (35.06%) used
[9.398s][info   ][gc,metaspace] Metaspace: 1088M reserved, 73216K (6.57%) committed, 72071K (6.47%) used
[9.584s][info   ][gc          ] Heap: 4096M reserved, 2048M (50.00%) committed, 1640M (40.06%) used
[9.585s][info   ][gc,metaspace] Metaspace: 1088M reserved, 73216K (6.57%) committed, 72071K (6.47%) used
[9.746s][info   ][gc          ] Heap: 4096M reserved, 2048M (50.00%) committed, 1847M (45.10%) used
[9.746s][info   ][gc,metaspace] Metaspace: 1088M reserved, 73216K (6.57%) committed, 72075K (6.47%) used
[9.908s][info   ][gc          ] Heap: 4096M reserved, 2176M (53.13%) committed, 2053M (50.13%) used
[9.908s][info   ][gc,metaspace] Metaspace: 1088M reserved, 73216K (6.57%) committed, 72079K (6.47%) used
[10.078s][info   ][gc          ] Heap: 4096M reserved, 2304M (56.25%) committed, 2258M (55.14%) used
[10.078s][info   ][gc,metaspace] Metaspace: 1088M reserved, 73216K (6.57%) committed, 72084K (6.47%) used
[10.220s][info   ][gc          ] Heap: 4096M reserved, 2560M (62.50%) committed, 2463M (60.15%) used
[10.220s][info   ][gc,metaspace] Metaspace: 1088M reserved, 73216K (6.57%) committed, 72084K (6.47%) used
[10.361s][info   ][gc          ] Heap: 4096M reserved, 2688M (65.63%) committed, 2668M (65.16%) used
[10.361s][info   ][gc,metaspace] Metaspace: 1088M reserved, 73280K (6.58%) committed, 72106K (6.47%) used
[10.479s][info   ][gc          ] Heap: 4096M reserved, 2944M (71.88%) committed, 2876M (70.21%) used
[10.479s][info   ][gc,metaspace] Metaspace: 1088M reserved, 73280K (6.58%) committed, 72112K (6.47%) used
[10.590s][info   ][gc          ] Heap: 4096M reserved, 3200M (78.13%) committed, 3081M (75.23%) used
[10.590s][info   ][gc,metaspace] Metaspace: 1088M reserved, 73280K (6.58%) committed, 72112K (6.47%) used
[10.703s][info   ][gc          ] Heap: 4096M reserved, 3328M (81.25%) committed, 3287M (80.25%) used
[10.704s][info   ][gc,metaspace] Metaspace: 1088M reserved, 73280K (6.58%) committed, 72158K (6.48%) used
[10.808s][info   ][gc          ] Heap: 4096M reserved, 3584M (87.50%) committed, 3492M (85.26%) used
[10.808s][info   ][gc,metaspace] Metaspace: 1088M reserved, 73280K (6.58%) committed, 72158K (6.48%) used
[10.908s][info   ][gc          ] Heap: 4096M reserved, 3712M (90.63%) committed, 3697M (90.28%) used
[10.908s][info   ][gc,metaspace] Metaspace: 1088M reserved, 73280K (6.58%) committed, 72158K (6.48%) used
[11.004s][info   ][gc          ] Heap: 4096M reserved, 3968M (96.88%) committed, 3904M (95.33%) used
[11.004s][info   ][gc,metaspace] Metaspace: 1088M reserved, 73280K (6.58%) committed, 72158K (6.48%) used
