[0.016s][info][gc,init] CardTable entry size: 512
[0.016s][info][gc     ] Using G1
[0.039s][info][gc,init] Version: 20+36-2344 (release)
[0.039s][info][gc,init] CPUs: 48 total, 48 available
[0.039s][info][gc,init] Memory: 382G
[0.039s][info][gc,init] Large Page Support: Disabled
[0.039s][info][gc,init] NUMA Support: Disabled
[0.039s][info][gc,init] Compressed Oops: Enabled (32-bit)
[0.039s][info][gc,init] Heap Region Size: 1M
[0.039s][info][gc,init] Heap Min Capacity: 8M
[0.039s][info][gc,init] Heap Initial Capacity: 2G
[0.039s][info][gc,init] Heap Max Capacity: 2G
[0.046s][info][gc,init] Pre-touch: Disabled
[0.046s][info][gc,init] Parallel Workers: 33
[0.046s][info][gc,init] Concurrent Workers: 8
[0.046s][info][gc,init] Concurrent Refinement Workers: 33
[0.046s][info][gc,init] Periodic GC: Disabled
[0.047s][info][gc,metaspace] CDS archive(s) mapped at: [0x0000000800000000-0x0000000800c60000-0x0000000800c60000), size 12976128, SharedBaseAddress: 0x0000000800000000, ArchiveRelocationMode: 0.
[0.047s][info][gc,metaspace] Compressed class space mapped at: 0x0000000801000000-0x0000000841000000, reserved size: 1073741824
[0.047s][info][gc,metaspace] Narrow klass base: 0x0000000800000000, Narrow klass shift: 0, Narrow klass range: 0x100000000
[4.367s][info][gc,start    ] GC(0) Pause Young (Concurrent Start) (Metadata GC Threshold)
[4.369s][info][gc,task     ] GC(0) Using 33 workers of 33 for evacuation
[4.384s][info][gc,phases   ] GC(0)   Pre Evacuate Collection Set: 0.8ms
[4.384s][info][gc,phases   ] GC(0)   Merge Heap Roots: 0.3ms
[4.384s][info][gc,phases   ] GC(0)   Evacuate Collection Set: 12.7ms
[4.384s][info][gc,phases   ] GC(0)   Post Evacuate Collection Set: 1.1ms
[4.384s][info][gc,phases   ] GC(0)   Other: 2.2ms
[4.384s][info][gc,heap     ] GC(0) Eden regions: 74->0(93)
[4.384s][info][gc,heap     ] GC(0) Survivor regions: 0->9(13)
[4.384s][info][gc,heap     ] GC(0) Old regions: 0->0
[4.384s][info][gc,heap     ] GC(0) Archive regions: 0->0
[4.384s][info][gc,heap     ] GC(0) Humongous regions: 0->0
[4.384s][info][gc,metaspace] GC(0) Metaspace: 21258K(21504K)->21258K(21504K) NonClass: 18523K(18624K)->18523K(18624K) Class: 2734K(2880K)->2734K(2880K)
[4.384s][info][gc          ] GC(0) Pause Young (Concurrent Start) (Metadata GC Threshold) 73M->8M(2048M) 17.796ms
[4.384s][info][gc,cpu      ] GC(0) User=0.22s Sys=0.02s Real=0.02s
[4.385s][info][gc          ] GC(1) Concurrent Mark Cycle
[4.385s][info][gc,marking  ] GC(1) Concurrent Scan Root Regions
[4.387s][info][gc,marking  ] GC(1) Concurrent Scan Root Regions 2.760ms
[4.387s][info][gc,marking  ] GC(1) Concurrent Mark
[4.387s][info][gc,marking  ] GC(1) Concurrent Mark From Roots
[4.387s][info][gc,task     ] GC(1) Using 8 workers of 8 for marking
[4.388s][info][gc,marking  ] GC(1) Concurrent Mark From Roots 0.901ms
[4.388s][info][gc,marking  ] GC(1) Concurrent Preclean
[4.388s][info][gc,marking  ] GC(1) Concurrent Preclean 0.028ms
[4.388s][info][gc,start    ] GC(1) Pause Remark
[4.391s][info][gc          ] GC(1) Pause Remark 9M->9M(34M) 2.892ms
[4.391s][info][gc,cpu      ] GC(1) User=0.00s Sys=0.00s Real=0.00s
[4.391s][info][gc,marking  ] GC(1) Concurrent Mark 4.081ms
[4.392s][info][gc,marking  ] GC(1) Concurrent Rebuild Remembered Sets and Scrub Regions
[4.392s][info][gc,marking  ] GC(1) Concurrent Rebuild Remembered Sets and Scrub Regions 0.076ms
[4.393s][info][gc,start    ] GC(1) Pause Cleanup
[4.393s][info][gc          ] GC(1) Pause Cleanup 9M->9M(34M) 0.027ms
[4.393s][info][gc,cpu      ] GC(1) User=0.00s Sys=0.00s Real=0.00s
[4.393s][info][gc,marking  ] GC(1) Concurrent Clear Claimed Marks
[4.393s][info][gc,marking  ] GC(1) Concurrent Clear Claimed Marks 0.044ms
[4.393s][info][gc,marking  ] GC(1) Concurrent Cleanup for Next Mark
[4.393s][info][gc,marking  ] GC(1) Concurrent Cleanup for Next Mark 0.329ms
[4.393s][info][gc          ] GC(1) Concurrent Mark Cycle 8.705ms
[4.839s][info][gc,start    ] GC(2) Pause Young (Normal) (G1 Evacuation Pause)
[4.839s][info][gc,task     ] GC(2) Using 17 workers of 33 for evacuation
[4.849s][info][gc,phases   ] GC(2)   Pre Evacuate Collection Set: 0.1ms
[4.849s][info][gc,phases   ] GC(2)   Merge Heap Roots: 0.1ms
[4.849s][info][gc,phases   ] GC(2)   Evacuate Collection Set: 9.3ms
[4.849s][info][gc,phases   ] GC(2)   Post Evacuate Collection Set: 0.7ms
[4.850s][info][gc,phases   ] GC(2)   Other: 0.2ms
[4.850s][info][gc,heap     ] GC(2) Eden regions: 25->0(23)
[4.850s][info][gc,heap     ] GC(2) Survivor regions: 9->4(13)
[4.850s][info][gc,heap     ] GC(2) Old regions: 0->8
[4.850s][info][gc,heap     ] GC(2) Archive regions: 0->0
[4.850s][info][gc,heap     ] GC(2) Humongous regions: 0->0
[4.850s][info][gc,metaspace] GC(2) Metaspace: 27995K(28224K)->27995K(28224K) NonClass: 24259K(24384K)->24259K(24384K) Class: 3735K(3840K)->3735K(3840K)
[4.850s][info][gc          ] GC(2) Pause Young (Normal) (G1 Evacuation Pause) 33M->11M(46M) 10.734ms
[4.850s][info][gc,cpu      ] GC(2) User=0.00s Sys=0.00s Real=0.01s
[5.136s][info][gc,start    ] GC(3) Pause Full (System.gc())
[5.136s][info][gc,task     ] GC(3) Using 4 workers of 33 for full compaction
[5.136s][info][gc,phases,start] GC(3) Phase 1: Mark live objects
[5.155s][info][gc,phases      ] GC(3) Phase 1: Mark live objects 18.798ms
[5.155s][info][gc,phases,start] GC(3) Phase 2: Prepare compaction
[5.157s][info][gc,phases      ] GC(3) Phase 2: Prepare compaction 2.120ms
[5.157s][info][gc,phases,start] GC(3) Phase 3: Adjust pointers
[5.162s][info][gc,phases      ] GC(3) Phase 3: Adjust pointers 4.613ms
[5.162s][info][gc,phases,start] GC(3) Phase 4: Compact heap
[5.165s][info][gc,phases      ] GC(3) Phase 4: Compact heap 2.894ms
[5.175s][info][gc,heap        ] GC(3) Eden regions: 12->0(25)
[5.175s][info][gc,heap        ] GC(3) Survivor regions: 4->0(13)
[5.175s][info][gc,heap        ] GC(3) Old regions: 8->15
[5.175s][info][gc,heap        ] GC(3) Archive regions: 0->0
[5.175s][info][gc,heap        ] GC(3) Humongous regions: 0->0
[5.175s][info][gc,metaspace   ] GC(3) Metaspace: 30271K(30592K)->30271K(30592K) NonClass: 26227K(26432K)->26227K(26432K) Class: 4044K(4160K)->4044K(4160K)
[5.175s][info][gc             ] GC(3) Pause Full (System.gc()) 23M->12M(46M) 39.765ms
[5.175s][info][gc,cpu         ] GC(3) User=0.08s Sys=0.02s Real=0.03s
[5.512s][info][gc,start       ] GC(4) Pause Young (Normal) (G1 Evacuation Pause)
[5.512s][info][gc,task        ] GC(4) Using 33 workers of 33 for evacuation
[5.515s][info][gc,phases      ] GC(4)   Pre Evacuate Collection Set: 0.1ms
[5.515s][info][gc,phases      ] GC(4)   Merge Heap Roots: 0.1ms
[5.515s][info][gc,phases      ] GC(4)   Evacuate Collection Set: 2.6ms
[5.515s][info][gc,phases      ] GC(4)   Post Evacuate Collection Set: 0.5ms
[5.515s][info][gc,phases      ] GC(4)   Other: 0.1ms
[5.516s][info][gc,heap        ] GC(4) Eden regions: 25->0(23)
[5.516s][info][gc,heap        ] GC(4) Survivor regions: 0->2(4)
[5.516s][info][gc,heap        ] GC(4) Old regions: 15->15
[5.516s][info][gc,heap        ] GC(4) Archive regions: 0->0
[5.516s][info][gc,heap        ] GC(4) Humongous regions: 0->0
[5.516s][info][gc,metaspace   ] GC(4) Metaspace: 35442K(35840K)->35442K(35840K) NonClass: 30094K(30336K)->30094K(30336K) Class: 5348K(5504K)->5348K(5504K)
[5.516s][info][gc             ] GC(4) Pause Young (Normal) (G1 Evacuation Pause) 37M->13M(46M) 3.639ms
[5.516s][info][gc,cpu         ] GC(4) User=0.00s Sys=0.00s Real=0.00s
[5.725s][info][gc,start       ] GC(5) Pause Young (Normal) (G1 Evacuation Pause)
[5.725s][info][gc,task        ] GC(5) Using 33 workers of 33 for evacuation
[5.730s][info][gc,phases      ] GC(5)   Pre Evacuate Collection Set: 0.1ms
[5.730s][info][gc,phases      ] GC(5)   Merge Heap Roots: 0.1ms
[5.731s][info][gc,phases      ] GC(5)   Evacuate Collection Set: 4.5ms
[5.731s][info][gc,phases      ] GC(5)   Post Evacuate Collection Set: 0.5ms
[5.731s][info][gc,phases      ] GC(5)   Other: 0.1ms
[5.731s][info][gc,heap        ] GC(5) Eden regions: 23->0(24)
[5.731s][info][gc,heap        ] GC(5) Survivor regions: 2->2(4)
[5.731s][info][gc,heap        ] GC(5) Old regions: 15->15
[5.731s][info][gc,heap        ] GC(5) Archive regions: 0->0
[5.731s][info][gc,heap        ] GC(5) Humongous regions: 0->0
[5.731s][info][gc,metaspace   ] GC(5) Metaspace: 37705K(38016K)->37705K(38016K) NonClass: 31806K(32000K)->31806K(32000K) Class: 5898K(6016K)->5898K(6016K)
[5.731s][info][gc             ] GC(5) Pause Young (Normal) (G1 Evacuation Pause) 36M->14M(46M) 5.644ms
[5.731s][info][gc,cpu         ] GC(5) User=0.00s Sys=0.00s Real=0.00s
[5.933s][info][gc,start       ] GC(6) Pause Young (Normal) (G1 Evacuation Pause)
[5.934s][info][gc,task        ] GC(6) Using 33 workers of 33 for evacuation
[5.938s][info][gc,phases      ] GC(6)   Pre Evacuate Collection Set: 0.1ms
[5.939s][info][gc,phases      ] GC(6)   Merge Heap Roots: 0.1ms
[5.939s][info][gc,phases      ] GC(6)   Evacuate Collection Set: 3.9ms
[5.939s][info][gc,phases      ] GC(6)   Post Evacuate Collection Set: 0.7ms
[5.939s][info][gc,phases      ] GC(6)   Other: 0.1ms
[5.939s][info][gc,heap        ] GC(6) Eden regions: 24->0(22)
[5.939s][info][gc,heap        ] GC(6) Survivor regions: 2->3(4)
[5.939s][info][gc,heap        ] GC(6) Old regions: 15->15
[5.939s][info][gc,heap        ] GC(6) Archive regions: 0->0
[5.939s][info][gc,heap        ] GC(6) Humongous regions: 0->0
[5.939s][info][gc,metaspace   ] GC(6) Metaspace: 41944K(42368K)->41944K(42368K) NonClass: 34591K(34816K)->34591K(34816K) Class: 7353K(7552K)->7353K(7552K)
[5.939s][info][gc             ] GC(6) Pause Young (Normal) (G1 Evacuation Pause) 38M->14M(46M) 5.192ms
[5.939s][info][gc,cpu         ] GC(6) User=0.00s Sys=0.00s Real=0.00s
[6.154s][info][gc,start       ] GC(7) Pause Young (Normal) (G1 Evacuation Pause)
[6.154s][info][gc,task        ] GC(7) Using 33 workers of 33 for evacuation
[6.160s][info][gc,phases      ] GC(7)   Pre Evacuate Collection Set: 0.1ms
[6.160s][info][gc,phases      ] GC(7)   Merge Heap Roots: 0.1ms
[6.160s][info][gc,phases      ] GC(7)   Evacuate Collection Set: 5.0ms
[6.160s][info][gc,phases      ] GC(7)   Post Evacuate Collection Set: 0.6ms
[6.160s][info][gc,phases      ] GC(7)   Other: 0.1ms
[6.160s][info][gc,heap        ] GC(7) Eden regions: 22->0(21)
[6.160s][info][gc,heap        ] GC(7) Survivor regions: 3->3(4)
[6.161s][info][gc,heap        ] GC(7) Old regions: 15->16
[6.161s][info][gc,heap        ] GC(7) Archive regions: 0->0
[6.161s][info][gc,heap        ] GC(7) Humongous regions: 0->0
[6.161s][info][gc,metaspace   ] GC(7) Metaspace: 45544K(45952K)->45544K(45952K) NonClass: 37116K(37376K)->37116K(37376K) Class: 8427K(8576K)->8427K(8576K)
[6.161s][info][gc             ] GC(7) Pause Young (Normal) (G1 Evacuation Pause) 36M->15M(46M) 6.181ms
[6.161s][info][gc,cpu         ] GC(7) User=0.00s Sys=0.00s Real=0.00s
[6.352s][info][gc,start       ] GC(8) Pause Young (Normal) (G1 Evacuation Pause)
[6.352s][info][gc,task        ] GC(8) Using 33 workers of 33 for evacuation
[6.363s][info][gc,phases      ] GC(8)   Pre Evacuate Collection Set: 0.1ms
[6.363s][info][gc,phases      ] GC(8)   Merge Heap Roots: 0.1ms
[6.363s][info][gc,phases      ] GC(8)   Evacuate Collection Set: 5.2ms
[6.363s][info][gc,phases      ] GC(8)   Post Evacuate Collection Set: 5.8ms
[6.363s][info][gc,phases      ] GC(8)   Other: 0.1ms
[6.363s][info][gc,heap        ] GC(8) Eden regions: 21->0(462)
[6.363s][info][gc,heap        ] GC(8) Survivor regions: 3->3(3)
[6.363s][info][gc,heap        ] GC(8) Old regions: 16->17
[6.363s][info][gc,heap        ] GC(8) Archive regions: 0->0
[6.363s][info][gc,heap        ] GC(8) Humongous regions: 0->0
[6.363s][info][gc,metaspace   ] GC(8) Metaspace: 48966K(49664K)->48966K(49664K) NonClass: 39600K(40000K)->39600K(40000K) Class: 9365K(9664K)->9365K(9664K)
[6.363s][info][gc             ] GC(8) Pause Young (Normal) (G1 Evacuation Pause) 36M->16M(1047M) 11.553ms
[6.363s][info][gc,cpu         ] GC(8) User=0.00s Sys=0.00s Real=0.00s
[6.450s][info][gc,start       ] GC(9) Pause Young (Concurrent Start) (Metadata GC Threshold)
[6.450s][info][gc,task        ] GC(9) Using 33 workers of 33 for evacuation
[6.456s][info][gc,phases      ] GC(9)   Pre Evacuate Collection Set: 0.3ms
[6.456s][info][gc,phases      ] GC(9)   Merge Heap Roots: 0.1ms
[6.456s][info][gc,phases      ] GC(9)   Evacuate Collection Set: 4.9ms
[6.456s][info][gc,phases      ] GC(9)   Post Evacuate Collection Set: 0.6ms
[6.456s][info][gc,phases      ] GC(9)   Other: 0.1ms
[6.456s][info][gc,heap        ] GC(9) Eden regions: 10->0(625)
[6.456s][info][gc,heap        ] GC(9) Survivor regions: 3->3(59)
[6.456s][info][gc,heap        ] GC(9) Old regions: 17->17
[6.456s][info][gc,heap        ] GC(9) Archive regions: 0->0
[6.456s][info][gc,heap        ] GC(9) Humongous regions: 0->0
[6.456s][info][gc,metaspace   ] GC(9) Metaspace: 50246K(51008K)->50246K(51008K) NonClass: 40535K(41024K)->40535K(41024K) Class: 9711K(9984K)->9711K(9984K)
[6.456s][info][gc             ] GC(9) Pause Young (Concurrent Start) (Metadata GC Threshold) 25M->16M(1047M) 6.250ms
[6.456s][info][gc             ] GC(10) Concurrent Mark Cycle
[6.456s][info][gc,cpu         ] GC(9) User=0.00s Sys=0.00s Real=0.01s
[6.456s][info][gc,marking     ] GC(10) Concurrent Scan Root Regions
[6.458s][info][gc,marking     ] GC(10) Concurrent Scan Root Regions 1.946ms
[6.458s][info][gc,marking     ] GC(10) Concurrent Mark
[6.458s][info][gc,marking     ] GC(10) Concurrent Mark From Roots
[6.458s][info][gc,task        ] GC(10) Using 8 workers of 8 for marking
[6.465s][info][gc,marking     ] GC(10) Concurrent Mark From Roots 7.141ms
[6.465s][info][gc,marking     ] GC(10) Concurrent Preclean
[6.465s][info][gc,marking     ] GC(10) Concurrent Preclean 0.063ms
[6.466s][info][gc,start       ] GC(10) Pause Remark
[6.474s][info][gc             ] GC(10) Pause Remark 26M->26M(100M) 8.459ms
[6.474s][info][gc,cpu         ] GC(10) User=0.00s Sys=0.00s Real=0.01s
[6.474s][info][gc,marking     ] GC(10) Concurrent Mark 16.248ms
[6.474s][info][gc,marking     ] GC(10) Concurrent Rebuild Remembered Sets and Scrub Regions
[6.477s][info][gc,marking     ] GC(10) Concurrent Rebuild Remembered Sets and Scrub Regions 2.504ms
[6.477s][info][gc,start       ] GC(10) Pause Cleanup
[6.478s][info][gc             ] GC(10) Pause Cleanup 27M->27M(100M) 0.148ms
[6.478s][info][gc,cpu         ] GC(10) User=0.00s Sys=0.00s Real=0.00s
[6.478s][info][gc,marking     ] GC(10) Concurrent Clear Claimed Marks
[6.478s][info][gc,marking     ] GC(10) Concurrent Clear Claimed Marks 0.101ms
[6.478s][info][gc,marking     ] GC(10) Concurrent Cleanup for Next Mark
[6.478s][info][gc,marking     ] GC(10) Concurrent Cleanup for Next Mark 0.393ms
[6.478s][info][gc             ] GC(10) Concurrent Mark Cycle 22.185ms
[7.100s][info][gc,start       ] GC(11) Pause Young (Prepare Mixed) (G1 Evacuation Pause)
[7.100s][info][gc,task        ] GC(11) Using 33 workers of 33 for evacuation
[7.112s][info][gc,phases      ] GC(11)   Pre Evacuate Collection Set: 0.2ms
[7.112s][info][gc,phases      ] GC(11)   Merge Heap Roots: 0.2ms
[7.112s][info][gc,phases      ] GC(11)   Evacuate Collection Set: 10.2ms
[7.112s][info][gc,phases      ] GC(11)   Post Evacuate Collection Set: 1.0ms
[7.112s][info][gc,phases      ] GC(11)   Other: 0.1ms
[7.112s][info][gc,heap        ] GC(11) Eden regions: 80->0(57)
[7.112s][info][gc,heap        ] GC(11) Survivor regions: 3->7(79)
[7.112s][info][gc,heap        ] GC(11) Old regions: 17->17
[7.112s][info][gc,heap        ] GC(11) Archive regions: 0->0
[7.112s][info][gc,heap        ] GC(11) Humongous regions: 0->0
[7.112s][info][gc,metaspace   ] GC(11) Metaspace: 60312K(61312K)->60312K(61312K) NonClass: 47792K(48384K)->47792K(48384K) Class: 12519K(12928K)->12519K(12928K)
[7.112s][info][gc             ] GC(11) Pause Young (Prepare Mixed) (G1 Evacuation Pause) 96M->19M(107M) 11.964ms
[7.112s][info][gc,cpu         ] GC(11) User=0.30s Sys=0.25s Real=0.01s
[7.568s][info][gc,start       ] GC(12) Pause Young (Mixed) (G1 Evacuation Pause)
[7.568s][info][gc,task        ] GC(12) Using 33 workers of 33 for evacuation
[7.581s][info][gc,phases      ] GC(12)   Pre Evacuate Collection Set: 0.2ms
[7.581s][info][gc,phases      ] GC(12)   Merge Heap Roots: 0.2ms
[7.581s][info][gc,phases      ] GC(12)   Evacuate Collection Set: 12.4ms
[7.581s][info][gc,phases      ] GC(12)   Post Evacuate Collection Set: 0.7ms
[7.581s][info][gc,phases      ] GC(12)   Other: 0.1ms
[7.581s][info][gc,heap        ] GC(12) Eden regions: 57->0(49)
[7.581s][info][gc,heap        ] GC(12) Survivor regions: 7->8(8)
[7.581s][info][gc,heap        ] GC(12) Old regions: 17->31
[7.581s][info][gc,heap        ] GC(12) Archive regions: 0->0
[7.581s][info][gc,heap        ] GC(12) Humongous regions: 0->0
[7.581s][info][gc,metaspace   ] GC(12) Metaspace: 65909K(66944K)->65909K(66944K) NonClass: 52007K(52608K)->52007K(52608K) Class: 13901K(14336K)->13901K(14336K)
[7.582s][info][gc             ] GC(12) Pause Young (Mixed) (G1 Evacuation Pause) 76M->35M(107M) 13.930ms
[7.582s][info][gc,cpu         ] GC(12) User=0.00s Sys=0.00s Real=0.00s
[8.006s][info][gc,start       ] GC(13) Pause Young (Normal) (G1 Evacuation Pause)
[8.006s][info][gc,task        ] GC(13) Using 33 workers of 33 for evacuation
[8.011s][info][gc,phases      ] GC(13)   Pre Evacuate Collection Set: 0.2ms
[8.011s][info][gc,phases      ] GC(13)   Merge Heap Roots: 0.2ms
[8.011s][info][gc,phases      ] GC(13)   Evacuate Collection Set: 4.0ms
[8.011s][info][gc,phases      ] GC(13)   Post Evacuate Collection Set: 0.7ms
[8.011s][info][gc,phases      ] GC(13)   Other: 0.1ms
[8.011s][info][gc,heap        ] GC(13) Eden regions: 49->0(48)
[8.011s][info][gc,heap        ] GC(13) Survivor regions: 8->4(8)
[8.011s][info][gc,heap        ] GC(13) Old regions: 31->39
[8.011s][info][gc,heap        ] GC(13) Archive regions: 0->0
[8.011s][info][gc,heap        ] GC(13) Humongous regions: 0->0
[8.011s][info][gc,metaspace   ] GC(13) Metaspace: 71818K(72832K)->71818K(72832K) NonClass: 56539K(57152K)->56539K(57152K) Class: 15278K(15680K)->15278K(15680K)
[8.012s][info][gc             ] GC(13) Pause Young (Normal) (G1 Evacuation Pause) 84M->40M(107M) 5.495ms
[8.012s][info][gc,cpu         ] GC(13) User=0.56s Sys=0.00s Real=0.02s
[8.150s][info][gc,start       ] GC(14) Pause Young (Normal) (G1 Evacuation Pause)
[8.150s][info][gc,task        ] GC(14) Using 33 workers of 33 for evacuation
[8.158s][info][gc,phases      ] GC(14)   Pre Evacuate Collection Set: 0.2ms
[8.158s][info][gc,phases      ] GC(14)   Merge Heap Roots: 0.2ms
[8.158s][info][gc,phases      ] GC(14)   Evacuate Collection Set: 2.2ms
[8.158s][info][gc,phases      ] GC(14)   Post Evacuate Collection Set: 5.6ms
[8.158s][info][gc,phases      ] GC(14)   Other: 0.1ms
[8.158s][info][gc,heap        ] GC(14) Eden regions: 48->0(641)
[8.158s][info][gc,heap        ] GC(14) Survivor regions: 4->5(7)
[8.158s][info][gc,heap        ] GC(14) Old regions: 39->39
[8.158s][info][gc,heap        ] GC(14) Archive regions: 0->0
[8.158s][info][gc,heap        ] GC(14) Humongous regions: 0->0
[8.158s][info][gc,metaspace   ] GC(14) Metaspace: 72508K(73536K)->72508K(73536K) NonClass: 57230K(57856K)->57230K(57856K) Class: 15278K(15680K)->15278K(15680K)
[8.158s][info][gc             ] GC(14) Pause Young (Normal) (G1 Evacuation Pause) 88M->40M(1078M) 8.524ms
[8.158s][info][gc,cpu         ] GC(14) User=0.00s Sys=0.00s Real=0.00s
[9.266s][info][gc,start       ] GC(15) Pause Young (Normal) (G1 Evacuation Pause)
[9.266s][info][gc,task        ] GC(15) Using 33 workers of 33 for evacuation
[9.272s][info][gc,phases      ] GC(15)   Pre Evacuate Collection Set: 0.3ms
[9.272s][info][gc,phases      ] GC(15)   Merge Heap Roots: 0.3ms
[9.272s][info][gc,phases      ] GC(15)   Evacuate Collection Set: 4.1ms
[9.272s][info][gc,phases      ] GC(15)   Post Evacuate Collection Set: 1.0ms
[9.272s][info][gc,phases      ] GC(15)   Other: 0.3ms
[9.272s][info][gc,heap        ] GC(15) Eden regions: 641->0(641)
[9.272s][info][gc,heap        ] GC(15) Survivor regions: 5->5(81)
[9.272s][info][gc,heap        ] GC(15) Old regions: 39->39
[9.272s][info][gc,heap        ] GC(15) Archive regions: 0->0
[9.272s][info][gc,heap        ] GC(15) Humongous regions: 0->0
[9.272s][info][gc,metaspace   ] GC(15) Metaspace: 72743K(73792K)->72743K(73792K) NonClass: 57461K(58112K)->57461K(58112K) Class: 15282K(15680K)->15282K(15680K)
[9.272s][info][gc             ] GC(15) Pause Young (Normal) (G1 Evacuation Pause) 681M->40M(1078M) 6.175ms
[9.272s][info][gc,cpu         ] GC(15) User=0.00s Sys=0.00s Real=0.00s
[9.970s][info][gc,start       ] GC(16) Pause Young (Normal) (G1 Evacuation Pause)
[9.971s][info][gc,task        ] GC(16) Using 33 workers of 33 for evacuation
[9.977s][info][gc,phases      ] GC(16)   Pre Evacuate Collection Set: 0.3ms
[9.977s][info][gc,phases      ] GC(16)   Merge Heap Roots: 0.3ms
[9.977s][info][gc,phases      ] GC(16)   Evacuate Collection Set: 4.4ms
[9.977s][info][gc,phases      ] GC(16)   Post Evacuate Collection Set: 0.9ms
[9.977s][info][gc,phases      ] GC(16)   Other: 0.1ms
[9.977s][info][gc,heap        ] GC(16) Eden regions: 641->0(641)
[9.977s][info][gc,heap        ] GC(16) Survivor regions: 5->5(81)
[9.977s][info][gc,heap        ] GC(16) Old regions: 39->39
[9.977s][info][gc,heap        ] GC(16) Archive regions: 0->0
[9.977s][info][gc,heap        ] GC(16) Humongous regions: 0->0
[9.977s][info][gc,metaspace   ] GC(16) Metaspace: 72758K(73792K)->72758K(73792K) NonClass: 57476K(58112K)->57476K(58112K) Class: 15282K(15680K)->15282K(15680K)
[9.977s][info][gc             ] GC(16) Pause Young (Normal) (G1 Evacuation Pause) 681M->40M(1078M) 6.309ms
[9.977s][info][gc,cpu         ] GC(16) User=0.00s Sys=0.00s Real=0.00s
[10.492s][info][gc,start       ] GC(17) Pause Young (Normal) (G1 Evacuation Pause)
[10.493s][info][gc,task        ] GC(17) Using 33 workers of 33 for evacuation
[10.497s][info][gc,phases      ] GC(17)   Pre Evacuate Collection Set: 0.3ms
[10.497s][info][gc,phases      ] GC(17)   Merge Heap Roots: 0.3ms
[10.497s][info][gc,phases      ] GC(17)   Evacuate Collection Set: 2.3ms
[10.497s][info][gc,phases      ] GC(17)   Post Evacuate Collection Set: 1.1ms
[10.497s][info][gc,phases      ] GC(17)   Other: 0.1ms
[10.497s][info][gc,heap        ] GC(17) Eden regions: 641->0(641)
[10.497s][info][gc,heap        ] GC(17) Survivor regions: 5->5(81)
[10.497s][info][gc,heap        ] GC(17) Old regions: 39->39
[10.497s][info][gc,heap        ] GC(17) Archive regions: 0->0
[10.497s][info][gc,heap        ] GC(17) Humongous regions: 0->0
[10.497s][info][gc,metaspace   ] GC(17) Metaspace: 72766K(73792K)->72766K(73792K) NonClass: 57483K(58112K)->57483K(58112K) Class: 15282K(15680K)->15282K(15680K)
[10.497s][info][gc             ] GC(17) Pause Young (Normal) (G1 Evacuation Pause) 681M->40M(1078M) 4.376ms
[10.497s][info][gc,cpu         ] GC(17) User=0.14s Sys=0.00s Real=0.02s
[10.966s][info][gc,start       ] GC(18) Pause Young (Normal) (G1 Evacuation Pause)
[10.966s][info][gc,task        ] GC(18) Using 33 workers of 33 for evacuation
[10.970s][info][gc,phases      ] GC(18)   Pre Evacuate Collection Set: 0.3ms
[10.970s][info][gc,phases      ] GC(18)   Merge Heap Roots: 0.3ms
[10.970s][info][gc,phases      ] GC(18)   Evacuate Collection Set: 2.4ms
[10.970s][info][gc,phases      ] GC(18)   Post Evacuate Collection Set: 1.0ms
[10.970s][info][gc,phases      ] GC(18)   Other: 0.1ms
[10.970s][info][gc,heap        ] GC(18) Eden regions: 641->0(641)
[10.970s][info][gc,heap        ] GC(18) Survivor regions: 5->5(81)
[10.970s][info][gc,heap        ] GC(18) Old regions: 39->39
[10.970s][info][gc,heap        ] GC(18) Archive regions: 0->0
[10.971s][info][gc,heap        ] GC(18) Humongous regions: 0->0
[10.971s][info][gc,metaspace   ] GC(18) Metaspace: 72812K(73856K)->72812K(73856K) NonClass: 57521K(58176K)->57521K(58176K) Class: 15291K(15680K)->15291K(15680K)
[10.971s][info][gc             ] GC(18) Pause Young (Normal) (G1 Evacuation Pause) 681M->40M(1078M) 4.280ms
[10.971s][info][gc,cpu         ] GC(18) User=0.00s Sys=0.00s Real=0.01s
[11.370s][info][gc,start       ] GC(19) Pause Young (Normal) (G1 Evacuation Pause)
[11.370s][info][gc,task        ] GC(19) Using 33 workers of 33 for evacuation
[11.374s][info][gc,phases      ] GC(19)   Pre Evacuate Collection Set: 0.3ms
[11.374s][info][gc,phases      ] GC(19)   Merge Heap Roots: 0.3ms
[11.374s][info][gc,phases      ] GC(19)   Evacuate Collection Set: 2.2ms
[11.374s][info][gc,phases      ] GC(19)   Post Evacuate Collection Set: 0.9ms
[11.374s][info][gc,phases      ] GC(19)   Other: 0.1ms
[11.374s][info][gc,heap        ] GC(19) Eden regions: 641->0(641)
[11.374s][info][gc,heap        ] GC(19) Survivor regions: 5->5(81)
[11.374s][info][gc,heap        ] GC(19) Old regions: 39->39
[11.374s][info][gc,heap        ] GC(19) Archive regions: 0->0
[11.374s][info][gc,heap        ] GC(19) Humongous regions: 0->0
[11.374s][info][gc,metaspace   ] GC(19) Metaspace: 72839K(73856K)->72839K(73856K) NonClass: 57545K(58176K)->57545K(58176K) Class: 15293K(15680K)->15293K(15680K)
[11.374s][info][gc             ] GC(19) Pause Young (Normal) (G1 Evacuation Pause) 681M->40M(1078M) 3.965ms
[11.374s][info][gc,cpu         ] GC(19) User=0.08s Sys=0.00s Real=0.00s
[11.694s][info][gc,start       ] GC(20) Pause Young (Normal) (G1 Evacuation Pause)
[11.695s][info][gc,task        ] GC(20) Using 33 workers of 33 for evacuation
[11.699s][info][gc,phases      ] GC(20)   Pre Evacuate Collection Set: 0.3ms
[11.699s][info][gc,phases      ] GC(20)   Merge Heap Roots: 0.2ms
[11.699s][info][gc,phases      ] GC(20)   Evacuate Collection Set: 2.7ms
[11.699s][info][gc,phases      ] GC(20)   Post Evacuate Collection Set: 0.9ms
[11.699s][info][gc,phases      ] GC(20)   Other: 0.1ms
[11.699s][info][gc,heap        ] GC(20) Eden regions: 641->0(641)
[11.699s][info][gc,heap        ] GC(20) Survivor regions: 5->5(81)
[11.699s][info][gc,heap        ] GC(20) Old regions: 39->39
[11.699s][info][gc,heap        ] GC(20) Archive regions: 0->0
[11.699s][info][gc,heap        ] GC(20) Humongous regions: 0->0
[11.699s][info][gc,metaspace   ] GC(20) Metaspace: 72839K(73856K)->72839K(73856K) NonClass: 57545K(58176K)->57545K(58176K) Class: 15293K(15680K)->15293K(15680K)
[11.699s][info][gc             ] GC(20) Pause Young (Normal) (G1 Evacuation Pause) 681M->40M(1078M) 4.518ms
[11.699s][info][gc,cpu         ] GC(20) User=0.00s Sys=0.00s Real=0.00s
[11.986s][info][gc,start       ] GC(21) Pause Young (Normal) (G1 Evacuation Pause)
[11.987s][info][gc,task        ] GC(21) Using 33 workers of 33 for evacuation
[11.991s][info][gc,phases      ] GC(21)   Pre Evacuate Collection Set: 0.3ms
[11.991s][info][gc,phases      ] GC(21)   Merge Heap Roots: 0.2ms
[11.991s][info][gc,phases      ] GC(21)   Evacuate Collection Set: 2.3ms
[11.991s][info][gc,phases      ] GC(21)   Post Evacuate Collection Set: 1.0ms
[11.991s][info][gc,phases      ] GC(21)   Other: 0.1ms
[11.991s][info][gc,heap        ] GC(21) Eden regions: 641->0(641)
[11.991s][info][gc,heap        ] GC(21) Survivor regions: 5->5(81)
[11.991s][info][gc,heap        ] GC(21) Old regions: 39->39
[11.991s][info][gc,heap        ] GC(21) Archive regions: 0->0
[11.991s][info][gc,heap        ] GC(21) Humongous regions: 0->0
[11.991s][info][gc,metaspace   ] GC(21) Metaspace: 72840K(73856K)->72840K(73856K) NonClass: 57546K(58176K)->57546K(58176K) Class: 15293K(15680K)->15293K(15680K)
[11.991s][info][gc             ] GC(21) Pause Young (Normal) (G1 Evacuation Pause) 681M->40M(1078M) 4.264ms
[11.991s][info][gc,cpu         ] GC(21) User=0.00s Sys=0.00s Real=0.00s
[12.249s][info][gc,start       ] GC(22) Pause Young (Normal) (G1 Evacuation Pause)
[12.250s][info][gc,task        ] GC(22) Using 33 workers of 33 for evacuation
[12.254s][info][gc,phases      ] GC(22)   Pre Evacuate Collection Set: 0.3ms
[12.254s][info][gc,phases      ] GC(22)   Merge Heap Roots: 0.3ms
[12.254s][info][gc,phases      ] GC(22)   Evacuate Collection Set: 2.6ms
[12.254s][info][gc,phases      ] GC(22)   Post Evacuate Collection Set: 0.9ms
[12.254s][info][gc,phases      ] GC(22)   Other: 0.1ms
[12.254s][info][gc,heap        ] GC(22) Eden regions: 641->0(641)
[12.254s][info][gc,heap        ] GC(22) Survivor regions: 5->5(81)
[12.254s][info][gc,heap        ] GC(22) Old regions: 39->39
[12.254s][info][gc,heap        ] GC(22) Archive regions: 0->0
[12.254s][info][gc,heap        ] GC(22) Humongous regions: 0->0
[12.254s][info][gc,metaspace   ] GC(22) Metaspace: 72840K(73856K)->72840K(73856K) NonClass: 57546K(58176K)->57546K(58176K) Class: 15293K(15680K)->15293K(15680K)
[12.254s][info][gc             ] GC(22) Pause Young (Normal) (G1 Evacuation Pause) 681M->40M(1078M) 4.400ms
[12.254s][info][gc,cpu         ] GC(22) User=0.00s Sys=0.00s Real=0.00s
[12.486s][info][gc,start       ] GC(23) Pause Young (Normal) (G1 Evacuation Pause)
[12.486s][info][gc,task        ] GC(23) Using 33 workers of 33 for evacuation
[12.490s][info][gc,phases      ] GC(23)   Pre Evacuate Collection Set: 0.3ms
[12.490s][info][gc,phases      ] GC(23)   Merge Heap Roots: 0.2ms
[12.490s][info][gc,phases      ] GC(23)   Evacuate Collection Set: 2.2ms
[12.490s][info][gc,phases      ] GC(23)   Post Evacuate Collection Set: 1.0ms
[12.490s][info][gc,phases      ] GC(23)   Other: 0.1ms
[12.490s][info][gc,heap        ] GC(23) Eden regions: 641->0(641)
[12.490s][info][gc,heap        ] GC(23) Survivor regions: 5->5(81)
[12.490s][info][gc,heap        ] GC(23) Old regions: 39->39
[12.490s][info][gc,heap        ] GC(23) Archive regions: 0->0
[12.490s][info][gc,heap        ] GC(23) Humongous regions: 0->0
[12.490s][info][gc,metaspace   ] GC(23) Metaspace: 72840K(73856K)->72840K(73856K) NonClass: 57547K(58176K)->57547K(58176K) Class: 15293K(15680K)->15293K(15680K)
[12.490s][info][gc             ] GC(23) Pause Young (Normal) (G1 Evacuation Pause) 681M->40M(1078M) 4.112ms
[12.490s][info][gc,cpu         ] GC(23) User=0.00s Sys=0.00s Real=0.00s
[12.736s][info][gc,start       ] GC(24) Pause Young (Normal) (G1 Evacuation Pause)
[12.736s][info][gc,task        ] GC(24) Using 33 workers of 33 for evacuation
[12.741s][info][gc,phases      ] GC(24)   Pre Evacuate Collection Set: 0.3ms
[12.741s][info][gc,phases      ] GC(24)   Merge Heap Roots: 0.3ms
[12.741s][info][gc,phases      ] GC(24)   Evacuate Collection Set: 2.7ms
[12.741s][info][gc,phases      ] GC(24)   Post Evacuate Collection Set: 1.0ms
[12.741s][info][gc,phases      ] GC(24)   Other: 0.1ms
[12.741s][info][gc,heap        ] GC(24) Eden regions: 641->0(641)
[12.741s][info][gc,heap        ] GC(24) Survivor regions: 5->5(81)
[12.741s][info][gc,heap        ] GC(24) Old regions: 39->39
[12.741s][info][gc,heap        ] GC(24) Archive regions: 0->0
[12.741s][info][gc,heap        ] GC(24) Humongous regions: 0->0
[12.741s][info][gc,metaspace   ] GC(24) Metaspace: 72860K(73856K)->72860K(73856K) NonClass: 57564K(58176K)->57564K(58176K) Class: 15295K(15680K)->15295K(15680K)
[12.741s][info][gc             ] GC(24) Pause Young (Normal) (G1 Evacuation Pause) 681M->40M(1078M) 4.637ms
[12.741s][info][gc,cpu         ] GC(24) User=0.00s Sys=0.00s Real=0.00s
[13.012s][info][gc,start       ] GC(25) Pause Young (Normal) (G1 Evacuation Pause)
[13.012s][info][gc,task        ] GC(25) Using 33 workers of 33 for evacuation
[13.016s][info][gc,phases      ] GC(25)   Pre Evacuate Collection Set: 0.3ms
[13.016s][info][gc,phases      ] GC(25)   Merge Heap Roots: 0.3ms
[13.016s][info][gc,phases      ] GC(25)   Evacuate Collection Set: 2.7ms
[13.016s][info][gc,phases      ] GC(25)   Post Evacuate Collection Set: 1.0ms
[13.016s][info][gc,phases      ] GC(25)   Other: 0.1ms
[13.016s][info][gc,heap        ] GC(25) Eden regions: 641->0(641)
[13.016s][info][gc,heap        ] GC(25) Survivor regions: 5->5(81)
[13.016s][info][gc,heap        ] GC(25) Old regions: 39->39
[13.016s][info][gc,heap        ] GC(25) Archive regions: 0->0
[13.016s][info][gc,heap        ] GC(25) Humongous regions: 0->0
[13.016s][info][gc,metaspace   ] GC(25) Metaspace: 72860K(73856K)->72860K(73856K) NonClass: 57564K(58176K)->57564K(58176K) Class: 15295K(15680K)->15295K(15680K)
[13.016s][info][gc             ] GC(25) Pause Young (Normal) (G1 Evacuation Pause) 681M->40M(1078M) 4.600ms
[13.016s][info][gc,cpu         ] GC(25) User=0.00s Sys=0.00s Real=0.00s
[13.246s][info][gc,start       ] GC(26) Pause Young (Normal) (G1 Evacuation Pause)
[13.246s][info][gc,task        ] GC(26) Using 33 workers of 33 for evacuation
[13.250s][info][gc,phases      ] GC(26)   Pre Evacuate Collection Set: 0.3ms
[13.250s][info][gc,phases      ] GC(26)   Merge Heap Roots: 0.2ms
[13.250s][info][gc,phases      ] GC(26)   Evacuate Collection Set: 2.5ms
[13.250s][info][gc,phases      ] GC(26)   Post Evacuate Collection Set: 0.9ms
[13.250s][info][gc,phases      ] GC(26)   Other: 0.1ms
[13.250s][info][gc,heap        ] GC(26) Eden regions: 641->0(641)
[13.250s][info][gc,heap        ] GC(26) Survivor regions: 5->5(81)
[13.250s][info][gc,heap        ] GC(26) Old regions: 39->39
[13.250s][info][gc,heap        ] GC(26) Archive regions: 0->0
[13.250s][info][gc,heap        ] GC(26) Humongous regions: 0->0
[13.250s][info][gc,metaspace   ] GC(26) Metaspace: 72867K(73856K)->72867K(73856K) NonClass: 57570K(58176K)->57570K(58176K) Class: 15297K(15680K)->15297K(15680K)
[13.250s][info][gc             ] GC(26) Pause Young (Normal) (G1 Evacuation Pause) 681M->40M(1078M) 4.414ms
[13.250s][info][gc,cpu         ] GC(26) User=0.00s Sys=0.00s Real=0.00s
[13.486s][info][gc,start       ] GC(27) Pause Young (Normal) (G1 Evacuation Pause)
[13.486s][info][gc,task        ] GC(27) Using 33 workers of 33 for evacuation
[13.490s][info][gc,phases      ] GC(27)   Pre Evacuate Collection Set: 0.3ms
[13.490s][info][gc,phases      ] GC(27)   Merge Heap Roots: 0.3ms
[13.490s][info][gc,phases      ] GC(27)   Evacuate Collection Set: 2.7ms
[13.490s][info][gc,phases      ] GC(27)   Post Evacuate Collection Set: 0.9ms
[13.490s][info][gc,phases      ] GC(27)   Other: 0.1ms
[13.490s][info][gc,heap        ] GC(27) Eden regions: 641->0(641)
[13.490s][info][gc,heap        ] GC(27) Survivor regions: 5->5(81)
[13.490s][info][gc,heap        ] GC(27) Old regions: 39->39
[13.490s][info][gc,heap        ] GC(27) Archive regions: 0->0
[13.490s][info][gc,heap        ] GC(27) Humongous regions: 0->0
[13.490s][info][gc,metaspace   ] GC(27) Metaspace: 72867K(73856K)->72867K(73856K) NonClass: 57570K(58176K)->57570K(58176K) Class: 15297K(15680K)->15297K(15680K)
[13.490s][info][gc             ] GC(27) Pause Young (Normal) (G1 Evacuation Pause) 681M->40M(1078M) 4.512ms
[13.490s][info][gc,cpu         ] GC(27) User=0.00s Sys=0.00s Real=0.00s
[13.698s][info][gc,start       ] GC(28) Pause Young (Normal) (G1 Evacuation Pause)
[13.698s][info][gc,task        ] GC(28) Using 33 workers of 33 for evacuation
[13.702s][info][gc,phases      ] GC(28)   Pre Evacuate Collection Set: 0.3ms
[13.702s][info][gc,phases      ] GC(28)   Merge Heap Roots: 0.3ms
[13.702s][info][gc,phases      ] GC(28)   Evacuate Collection Set: 2.7ms
[13.702s][info][gc,phases      ] GC(28)   Post Evacuate Collection Set: 0.8ms
[13.702s][info][gc,phases      ] GC(28)   Other: 0.1ms
[13.702s][info][gc,heap        ] GC(28) Eden regions: 641->0(643)
[13.702s][info][gc,heap        ] GC(28) Survivor regions: 5->3(81)
[13.702s][info][gc,heap        ] GC(28) Old regions: 39->42
[13.702s][info][gc,heap        ] GC(28) Archive regions: 0->0
[13.702s][info][gc,heap        ] GC(28) Humongous regions: 0->0
[13.702s][info][gc,metaspace   ] GC(28) Metaspace: 72867K(73856K)->72867K(73856K) NonClass: 57570K(58176K)->57570K(58176K) Class: 15297K(15680K)->15297K(15680K)
[13.702s][info][gc             ] GC(28) Pause Young (Normal) (G1 Evacuation Pause) 681M->40M(1078M) 4.443ms
[13.703s][info][gc,cpu         ] GC(28) User=0.00s Sys=0.00s Real=0.00s
[13.908s][info][gc,start       ] GC(29) Pause Young (Normal) (G1 Evacuation Pause)
[13.908s][info][gc,task        ] GC(29) Using 33 workers of 33 for evacuation
[13.911s][info][gc,phases      ] GC(29)   Pre Evacuate Collection Set: 0.3ms
[13.911s][info][gc,phases      ] GC(29)   Merge Heap Roots: 0.3ms
[13.911s][info][gc,phases      ] GC(29)   Evacuate Collection Set: 1.8ms
[13.911s][info][gc,phases      ] GC(29)   Post Evacuate Collection Set: 0.8ms
[13.911s][info][gc,phases      ] GC(29)   Other: 0.2ms
[13.911s][info][gc,heap        ] GC(29) Eden regions: 643->0(644)
[13.911s][info][gc,heap        ] GC(29) Survivor regions: 3->2(81)
[13.911s][info][gc,heap        ] GC(29) Old regions: 42->42
[13.911s][info][gc,heap        ] GC(29) Archive regions: 0->0
[13.911s][info][gc,heap        ] GC(29) Humongous regions: 0->0
[13.911s][info][gc,metaspace   ] GC(29) Metaspace: 72867K(73856K)->72867K(73856K) NonClass: 57570K(58176K)->57570K(58176K) Class: 15297K(15680K)->15297K(15680K)
[13.911s][info][gc             ] GC(29) Pause Young (Normal) (G1 Evacuation Pause) 683M->40M(1078M) 3.700ms
[13.911s][info][gc,cpu         ] GC(29) User=0.00s Sys=0.00s Real=0.00s
[14.117s][info][gc,start       ] GC(30) Pause Young (Normal) (G1 Evacuation Pause)
[14.117s][info][gc,task        ] GC(30) Using 33 workers of 33 for evacuation
[14.119s][info][gc,phases      ] GC(30)   Pre Evacuate Collection Set: 0.2ms
[14.119s][info][gc,phases      ] GC(30)   Merge Heap Roots: 0.3ms
[14.119s][info][gc,phases      ] GC(30)   Evacuate Collection Set: 1.3ms
[14.119s][info][gc,phases      ] GC(30)   Post Evacuate Collection Set: 0.8ms
[14.119s][info][gc,phases      ] GC(30)   Other: 0.1ms
[14.119s][info][gc,heap        ] GC(30) Eden regions: 644->0(644)
[14.119s][info][gc,heap        ] GC(30) Survivor regions: 2->2(81)
[14.119s][info][gc,heap        ] GC(30) Old regions: 42->42
[14.119s][info][gc,heap        ] GC(30) Archive regions: 0->0
[14.120s][info][gc,heap        ] GC(30) Humongous regions: 0->0
[14.120s][info][gc,metaspace   ] GC(30) Metaspace: 72867K(73856K)->72867K(73856K) NonClass: 57570K(58176K)->57570K(58176K) Class: 15297K(15680K)->15297K(15680K)
[14.120s][info][gc             ] GC(30) Pause Young (Normal) (G1 Evacuation Pause) 684M->40M(1078M) 2.933ms
[14.120s][info][gc,cpu         ] GC(30) User=0.00s Sys=0.00s Real=0.00s
[14.295s][info][gc,start       ] GC(31) Pause Young (Normal) (G1 Evacuation Pause)
[14.295s][info][gc,task        ] GC(31) Using 33 workers of 33 for evacuation
[14.297s][info][gc,phases      ] GC(31)   Pre Evacuate Collection Set: 0.3ms
[14.297s][info][gc,phases      ] GC(31)   Merge Heap Roots: 0.3ms
[14.297s][info][gc,phases      ] GC(31)   Evacuate Collection Set: 0.9ms
[14.297s][info][gc,phases      ] GC(31)   Post Evacuate Collection Set: 0.7ms
[14.297s][info][gc,phases      ] GC(31)   Other: 0.1ms
[14.297s][info][gc,heap        ] GC(31) Eden regions: 644->0(644)
[14.297s][info][gc,heap        ] GC(31) Survivor regions: 2->2(81)
[14.297s][info][gc,heap        ] GC(31) Old regions: 42->42
[14.297s][info][gc,heap        ] GC(31) Archive regions: 0->0
[14.297s][info][gc,heap        ] GC(31) Humongous regions: 0->0
[14.297s][info][gc,metaspace   ] GC(31) Metaspace: 72873K(73856K)->72873K(73856K) NonClass: 57576K(58176K)->57576K(58176K) Class: 15297K(15680K)->15297K(15680K)
[14.297s][info][gc             ] GC(31) Pause Young (Normal) (G1 Evacuation Pause) 684M->40M(1078M) 2.466ms
[14.297s][info][gc,cpu         ] GC(31) User=0.00s Sys=0.00s Real=0.00s
[14.466s][info][gc,start       ] GC(32) Pause Young (Normal) (G1 Evacuation Pause)
[14.466s][info][gc,task        ] GC(32) Using 33 workers of 33 for evacuation
[14.468s][info][gc,phases      ] GC(32)   Pre Evacuate Collection Set: 0.2ms
[14.468s][info][gc,phases      ] GC(32)   Merge Heap Roots: 0.2ms
[14.468s][info][gc,phases      ] GC(32)   Evacuate Collection Set: 0.9ms
[14.468s][info][gc,phases      ] GC(32)   Post Evacuate Collection Set: 0.7ms
[14.468s][info][gc,phases      ] GC(32)   Other: 0.1ms
[14.468s][info][gc,heap        ] GC(32) Eden regions: 644->0(644)
[14.468s][info][gc,heap        ] GC(32) Survivor regions: 2->2(81)
[14.468s][info][gc,heap        ] GC(32) Old regions: 42->42
[14.468s][info][gc,heap        ] GC(32) Archive regions: 0->0
[14.468s][info][gc,heap        ] GC(32) Humongous regions: 0->0
[14.468s][info][gc,metaspace   ] GC(32) Metaspace: 72873K(73856K)->72873K(73856K) NonClass: 57576K(58176K)->57576K(58176K) Class: 15297K(15680K)->15297K(15680K)
[14.468s][info][gc             ] GC(32) Pause Young (Normal) (G1 Evacuation Pause) 684M->40M(1078M) 2.437ms
[14.468s][info][gc,cpu         ] GC(32) User=0.00s Sys=0.00s Real=0.00s
[14.635s][info][gc,start       ] GC(33) Pause Young (Normal) (G1 Evacuation Pause)
[14.636s][info][gc,task        ] GC(33) Using 33 workers of 33 for evacuation
[14.638s][info][gc,phases      ] GC(33)   Pre Evacuate Collection Set: 0.2ms
[14.638s][info][gc,phases      ] GC(33)   Merge Heap Roots: 0.2ms
[14.638s][info][gc,phases      ] GC(33)   Evacuate Collection Set: 0.9ms
[14.638s][info][gc,phases      ] GC(33)   Post Evacuate Collection Set: 0.6ms
[14.638s][info][gc,phases      ] GC(33)   Other: 0.1ms
[14.638s][info][gc,heap        ] GC(33) Eden regions: 644->0(644)
[14.638s][info][gc,heap        ] GC(33) Survivor regions: 2->2(81)
[14.638s][info][gc,heap        ] GC(33) Old regions: 42->42
[14.638s][info][gc,heap        ] GC(33) Archive regions: 0->0
[14.638s][info][gc,heap        ] GC(33) Humongous regions: 0->0
[14.638s][info][gc,metaspace   ] GC(33) Metaspace: 72874K(73856K)->72874K(73856K) NonClass: 57577K(58176K)->57577K(58176K) Class: 15297K(15680K)->15297K(15680K)
[14.638s][info][gc             ] GC(33) Pause Young (Normal) (G1 Evacuation Pause) 684M->40M(1078M) 2.396ms
[14.638s][info][gc,cpu         ] GC(33) User=0.02s Sys=0.00s Real=0.00s
[14.809s][info][gc,start       ] GC(34) Pause Young (Normal) (G1 Evacuation Pause)
[14.809s][info][gc,task        ] GC(34) Using 33 workers of 33 for evacuation
[14.811s][info][gc,phases      ] GC(34)   Pre Evacuate Collection Set: 0.2ms
[14.811s][info][gc,phases      ] GC(34)   Merge Heap Roots: 0.2ms
[14.811s][info][gc,phases      ] GC(34)   Evacuate Collection Set: 0.9ms
[14.811s][info][gc,phases      ] GC(34)   Post Evacuate Collection Set: 0.6ms
[14.811s][info][gc,phases      ] GC(34)   Other: 0.1ms
[14.811s][info][gc,heap        ] GC(34) Eden regions: 644->0(644)
[14.811s][info][gc,heap        ] GC(34) Survivor regions: 2->2(81)
[14.811s][info][gc,heap        ] GC(34) Old regions: 42->43
[14.811s][info][gc,heap        ] GC(34) Archive regions: 0->0
[14.811s][info][gc,heap        ] GC(34) Humongous regions: 0->0
[14.811s][info][gc,metaspace   ] GC(34) Metaspace: 72874K(73856K)->72874K(73856K) NonClass: 57577K(58176K)->57577K(58176K) Class: 15297K(15680K)->15297K(15680K)
[14.812s][info][gc             ] GC(34) Pause Young (Normal) (G1 Evacuation Pause) 684M->40M(1078M) 2.425ms
[14.812s][info][gc,cpu         ] GC(34) User=0.00s Sys=0.00s Real=0.00s
[14.977s][info][gc,start       ] GC(35) Pause Young (Normal) (G1 Evacuation Pause)
[14.977s][info][gc,task        ] GC(35) Using 33 workers of 33 for evacuation
[14.979s][info][gc,phases      ] GC(35)   Pre Evacuate Collection Set: 0.2ms
[14.979s][info][gc,phases      ] GC(35)   Merge Heap Roots: 0.3ms
[14.979s][info][gc,phases      ] GC(35)   Evacuate Collection Set: 0.9ms
[14.979s][info][gc,phases      ] GC(35)   Post Evacuate Collection Set: 0.7ms
[14.979s][info][gc,phases      ] GC(35)   Other: 0.1ms
[14.979s][info][gc,heap        ] GC(35) Eden regions: 644->0(644)
[14.979s][info][gc,heap        ] GC(35) Survivor regions: 2->2(81)
[14.979s][info][gc,heap        ] GC(35) Old regions: 43->43
[14.979s][info][gc,heap        ] GC(35) Archive regions: 0->0
[14.979s][info][gc,heap        ] GC(35) Humongous regions: 0->0
[14.979s][info][gc,metaspace   ] GC(35) Metaspace: 72874K(73856K)->72874K(73856K) NonClass: 57577K(58176K)->57577K(58176K) Class: 15297K(15680K)->15297K(15680K)
[14.979s][info][gc             ] GC(35) Pause Young (Normal) (G1 Evacuation Pause) 684M->40M(1078M) 2.404ms
[14.979s][info][gc,cpu         ] GC(35) User=0.02s Sys=0.00s Real=0.00s
[15.145s][info][gc,start       ] GC(36) Pause Young (Normal) (G1 Evacuation Pause)
[15.145s][info][gc,task        ] GC(36) Using 33 workers of 33 for evacuation
[15.148s][info][gc,phases      ] GC(36)   Pre Evacuate Collection Set: 0.2ms
[15.148s][info][gc,phases      ] GC(36)   Merge Heap Roots: 0.3ms
[15.148s][info][gc,phases      ] GC(36)   Evacuate Collection Set: 0.9ms
[15.148s][info][gc,phases      ] GC(36)   Post Evacuate Collection Set: 0.7ms
[15.148s][info][gc,phases      ] GC(36)   Other: 0.1ms
[15.148s][info][gc,heap        ] GC(36) Eden regions: 644->0(644)
[15.148s][info][gc,heap        ] GC(36) Survivor regions: 2->2(81)
[15.148s][info][gc,heap        ] GC(36) Old regions: 43->43
[15.148s][info][gc,heap        ] GC(36) Archive regions: 0->0
[15.148s][info][gc,heap        ] GC(36) Humongous regions: 0->0
[15.148s][info][gc,metaspace   ] GC(36) Metaspace: 72878K(73856K)->72878K(73856K) NonClass: 57580K(58176K)->57580K(58176K) Class: 15297K(15680K)->15297K(15680K)
[15.148s][info][gc             ] GC(36) Pause Young (Normal) (G1 Evacuation Pause) 684M->40M(1078M) 2.476ms
[15.148s][info][gc,cpu         ] GC(36) User=0.00s Sys=0.00s Real=0.00s
[15.333s][info][gc,start       ] GC(37) Pause Young (Normal) (G1 Evacuation Pause)
[15.333s][info][gc,task        ] GC(37) Using 33 workers of 33 for evacuation
[15.336s][info][gc,phases      ] GC(37)   Pre Evacuate Collection Set: 0.2ms
[15.336s][info][gc,phases      ] GC(37)   Merge Heap Roots: 0.3ms
[15.336s][info][gc,phases      ] GC(37)   Evacuate Collection Set: 0.9ms
[15.336s][info][gc,phases      ] GC(37)   Post Evacuate Collection Set: 0.7ms
[15.336s][info][gc,phases      ] GC(37)   Other: 0.1ms
[15.336s][info][gc,heap        ] GC(37) Eden regions: 644->0(644)
[15.336s][info][gc,heap        ] GC(37) Survivor regions: 2->2(81)
[15.336s][info][gc,heap        ] GC(37) Old regions: 43->43
[15.336s][info][gc,heap        ] GC(37) Archive regions: 0->0
[15.336s][info][gc,heap        ] GC(37) Humongous regions: 0->0
[15.336s][info][gc,metaspace   ] GC(37) Metaspace: 72945K(73984K)->72945K(73984K) NonClass: 57627K(58240K)->57627K(58240K) Class: 15318K(15744K)->15318K(15744K)
[15.336s][info][gc             ] GC(37) Pause Young (Normal) (G1 Evacuation Pause) 684M->41M(1078M) 2.391ms
[15.336s][info][gc,cpu         ] GC(37) User=0.00s Sys=0.00s Real=0.00s
[15.516s][info][gc,start       ] GC(38) Pause Young (Normal) (G1 Evacuation Pause)
[15.516s][info][gc,task        ] GC(38) Using 33 workers of 33 for evacuation
[15.519s][info][gc,phases      ] GC(38)   Pre Evacuate Collection Set: 0.2ms
[15.519s][info][gc,phases      ] GC(38)   Merge Heap Roots: 0.2ms
[15.519s][info][gc,phases      ] GC(38)   Evacuate Collection Set: 1.0ms
[15.519s][info][gc,phases      ] GC(38)   Post Evacuate Collection Set: 0.7ms
[15.519s][info][gc,phases      ] GC(38)   Other: 0.1ms
[15.519s][info][gc,heap        ] GC(38) Eden regions: 644->0(644)
[15.519s][info][gc,heap        ] GC(38) Survivor regions: 2->2(81)
[15.519s][info][gc,heap        ] GC(38) Old regions: 43->43
[15.519s][info][gc,heap        ] GC(38) Archive regions: 0->0
[15.519s][info][gc,heap        ] GC(38) Humongous regions: 0->0
[15.519s][info][gc,metaspace   ] GC(38) Metaspace: 73030K(74048K)->73030K(74048K) NonClass: 57695K(58304K)->57695K(58304K) Class: 15335K(15744K)->15335K(15744K)
[15.519s][info][gc             ] GC(38) Pause Young (Normal) (G1 Evacuation Pause) 685M->41M(1078M) 2.538ms
[15.519s][info][gc,cpu         ] GC(38) User=0.00s Sys=0.00s Real=0.00s
[15.688s][info][gc,start       ] GC(39) Pause Young (Normal) (G1 Evacuation Pause)
[15.689s][info][gc,task        ] GC(39) Using 33 workers of 33 for evacuation
[15.691s][info][gc,phases      ] GC(39)   Pre Evacuate Collection Set: 0.3ms
[15.691s][info][gc,phases      ] GC(39)   Merge Heap Roots: 0.3ms
[15.691s][info][gc,phases      ] GC(39)   Evacuate Collection Set: 0.9ms
[15.691s][info][gc,phases      ] GC(39)   Post Evacuate Collection Set: 0.7ms
[15.691s][info][gc,phases      ] GC(39)   Other: 0.1ms
[15.691s][info][gc,heap        ] GC(39) Eden regions: 644->0(644)
[15.691s][info][gc,heap        ] GC(39) Survivor regions: 2->2(81)
[15.691s][info][gc,heap        ] GC(39) Old regions: 43->43
[15.691s][info][gc,heap        ] GC(39) Archive regions: 0->0
[15.691s][info][gc,heap        ] GC(39) Humongous regions: 0->0
[15.691s][info][gc,metaspace   ] GC(39) Metaspace: 73042K(74048K)->73042K(74048K) NonClass: 57706K(58304K)->57706K(58304K) Class: 15335K(15744K)->15335K(15744K)
[15.691s][info][gc             ] GC(39) Pause Young (Normal) (G1 Evacuation Pause) 685M->41M(1078M) 2.454ms
[15.691s][info][gc,cpu         ] GC(39) User=0.00s Sys=0.00s Real=0.00s
[15.875s][info][gc,start       ] GC(40) Pause Young (Normal) (G1 Evacuation Pause)
[15.875s][info][gc,task        ] GC(40) Using 33 workers of 33 for evacuation
[15.877s][info][gc,phases      ] GC(40)   Pre Evacuate Collection Set: 0.2ms
[15.878s][info][gc,phases      ] GC(40)   Merge Heap Roots: 0.3ms
[15.878s][info][gc,phases      ] GC(40)   Evacuate Collection Set: 0.9ms
[15.878s][info][gc,phases      ] GC(40)   Post Evacuate Collection Set: 0.7ms
[15.878s][info][gc,phases      ] GC(40)   Other: 0.1ms
[15.878s][info][gc,heap        ] GC(40) Eden regions: 644->0(644)
[15.878s][info][gc,heap        ] GC(40) Survivor regions: 2->2(81)
[15.878s][info][gc,heap        ] GC(40) Old regions: 43->43
[15.878s][info][gc,heap        ] GC(40) Archive regions: 0->0
[15.878s][info][gc,heap        ] GC(40) Humongous regions: 0->0
[15.878s][info][gc,metaspace   ] GC(40) Metaspace: 73055K(74112K)->73055K(74112K) NonClass: 57719K(58368K)->57719K(58368K) Class: 15335K(15744K)->15335K(15744K)
[15.878s][info][gc             ] GC(40) Pause Young (Normal) (G1 Evacuation Pause) 685M->41M(1078M) 2.472ms
[15.878s][info][gc,cpu         ] GC(40) User=0.00s Sys=0.00s Real=0.00s
[16.075s][info][gc,start       ] GC(41) Pause Young (Normal) (G1 Evacuation Pause)
[16.075s][info][gc,task        ] GC(41) Using 33 workers of 33 for evacuation
[16.077s][info][gc,phases      ] GC(41)   Pre Evacuate Collection Set: 0.3ms
[16.077s][info][gc,phases      ] GC(41)   Merge Heap Roots: 0.3ms
[16.077s][info][gc,phases      ] GC(41)   Evacuate Collection Set: 1.0ms
[16.077s][info][gc,phases      ] GC(41)   Post Evacuate Collection Set: 0.7ms
[16.077s][info][gc,phases      ] GC(41)   Other: 0.1ms
[16.077s][info][gc,heap        ] GC(41) Eden regions: 644->0(644)
[16.077s][info][gc,heap        ] GC(41) Survivor regions: 2->2(81)
[16.077s][info][gc,heap        ] GC(41) Old regions: 43->43
[16.077s][info][gc,heap        ] GC(41) Archive regions: 0->0
[16.077s][info][gc,heap        ] GC(41) Humongous regions: 0->0
[16.077s][info][gc,metaspace   ] GC(41) Metaspace: 73063K(74112K)->73063K(74112K) NonClass: 57728K(58368K)->57728K(58368K) Class: 15335K(15744K)->15335K(15744K)
[16.077s][info][gc             ] GC(41) Pause Young (Normal) (G1 Evacuation Pause) 685M->41M(1078M) 2.651ms
[16.077s][info][gc,cpu         ] GC(41) User=0.00s Sys=0.00s Real=0.00s
[16.262s][info][gc,start       ] GC(42) Pause Young (Normal) (G1 Evacuation Pause)
[16.262s][info][gc,task        ] GC(42) Using 33 workers of 33 for evacuation
[16.265s][info][gc,phases      ] GC(42)   Pre Evacuate Collection Set: 0.2ms
[16.265s][info][gc,phases      ] GC(42)   Merge Heap Roots: 0.2ms
[16.265s][info][gc,phases      ] GC(42)   Evacuate Collection Set: 0.9ms
[16.265s][info][gc,phases      ] GC(42)   Post Evacuate Collection Set: 0.7ms
[16.265s][info][gc,phases      ] GC(42)   Other: 0.1ms
[16.265s][info][gc,heap        ] GC(42) Eden regions: 644->0(644)
[16.265s][info][gc,heap        ] GC(42) Survivor regions: 2->2(81)
[16.265s][info][gc,heap        ] GC(42) Old regions: 43->43
[16.265s][info][gc,heap        ] GC(42) Archive regions: 0->0
[16.265s][info][gc,heap        ] GC(42) Humongous regions: 0->0
[16.265s][info][gc,metaspace   ] GC(42) Metaspace: 73068K(74112K)->73068K(74112K) NonClass: 57733K(58368K)->57733K(58368K) Class: 15335K(15744K)->15335K(15744K)
[16.265s][info][gc             ] GC(42) Pause Young (Normal) (G1 Evacuation Pause) 685M->41M(1078M) 2.462ms
[16.265s][info][gc,cpu         ] GC(42) User=0.00s Sys=0.00s Real=0.00s
[16.445s][info][gc,start       ] GC(43) Pause Young (Normal) (G1 Evacuation Pause)
[16.445s][info][gc,task        ] GC(43) Using 33 workers of 33 for evacuation
[16.447s][info][gc,phases      ] GC(43)   Pre Evacuate Collection Set: 0.2ms
[16.447s][info][gc,phases      ] GC(43)   Merge Heap Roots: 0.2ms
[16.447s][info][gc,phases      ] GC(43)   Evacuate Collection Set: 0.9ms
[16.447s][info][gc,phases      ] GC(43)   Post Evacuate Collection Set: 0.7ms
[16.447s][info][gc,phases      ] GC(43)   Other: 0.1ms
[16.447s][info][gc,heap        ] GC(43) Eden regions: 644->0(644)
[16.447s][info][gc,heap        ] GC(43) Survivor regions: 2->2(81)
[16.447s][info][gc,heap        ] GC(43) Old regions: 43->43
[16.447s][info][gc,heap        ] GC(43) Archive regions: 0->0
[16.447s][info][gc,heap        ] GC(43) Humongous regions: 0->0
[16.447s][info][gc,metaspace   ] GC(43) Metaspace: 73073K(74112K)->73073K(74112K) NonClass: 57738K(58368K)->57738K(58368K) Class: 15335K(15744K)->15335K(15744K)
[16.447s][info][gc             ] GC(43) Pause Young (Normal) (G1 Evacuation Pause) 685M->41M(1078M) 2.344ms
[16.447s][info][gc,cpu         ] GC(43) User=0.00s Sys=0.00s Real=0.00s
[16.653s][info][gc,start       ] GC(44) Pause Young (Normal) (G1 Evacuation Pause)
[16.653s][info][gc,task        ] GC(44) Using 33 workers of 33 for evacuation
[16.655s][info][gc,phases      ] GC(44)   Pre Evacuate Collection Set: 0.2ms
[16.655s][info][gc,phases      ] GC(44)   Merge Heap Roots: 0.2ms
[16.655s][info][gc,phases      ] GC(44)   Evacuate Collection Set: 1.0ms
[16.655s][info][gc,phases      ] GC(44)   Post Evacuate Collection Set: 0.7ms
[16.655s][info][gc,phases      ] GC(44)   Other: 0.1ms
[16.655s][info][gc,heap        ] GC(44) Eden regions: 644->0(644)
[16.655s][info][gc,heap        ] GC(44) Survivor regions: 2->2(81)
[16.655s][info][gc,heap        ] GC(44) Old regions: 43->43
[16.655s][info][gc,heap        ] GC(44) Archive regions: 0->0
[16.655s][info][gc,heap        ] GC(44) Humongous regions: 0->0
[16.655s][info][gc,metaspace   ] GC(44) Metaspace: 73083K(74112K)->73083K(74112K) NonClass: 57748K(58368K)->57748K(58368K) Class: 15335K(15744K)->15335K(15744K)
[16.655s][info][gc             ] GC(44) Pause Young (Normal) (G1 Evacuation Pause) 685M->41M(1078M) 2.355ms
[16.655s][info][gc,cpu         ] GC(44) User=0.00s Sys=0.00s Real=0.00s
[16.874s][info][gc,start       ] GC(45) Pause Young (Normal) (G1 Evacuation Pause)
[16.874s][info][gc,task        ] GC(45) Using 33 workers of 33 for evacuation
[16.876s][info][gc,phases      ] GC(45)   Pre Evacuate Collection Set: 0.2ms
[16.876s][info][gc,phases      ] GC(45)   Merge Heap Roots: 0.2ms
[16.876s][info][gc,phases      ] GC(45)   Evacuate Collection Set: 0.8ms
[16.876s][info][gc,phases      ] GC(45)   Post Evacuate Collection Set: 0.7ms
[16.876s][info][gc,phases      ] GC(45)   Other: 0.1ms
[16.876s][info][gc,heap        ] GC(45) Eden regions: 644->0(644)
[16.876s][info][gc,heap        ] GC(45) Survivor regions: 2->2(81)
[16.876s][info][gc,heap        ] GC(45) Old regions: 43->43
[16.876s][info][gc,heap        ] GC(45) Archive regions: 0->0
[16.876s][info][gc,heap        ] GC(45) Humongous regions: 0->0
[16.876s][info][gc,metaspace   ] GC(45) Metaspace: 73085K(74112K)->73085K(74112K) NonClass: 57750K(58368K)->57750K(58368K) Class: 15335K(15744K)->15335K(15744K)
[16.876s][info][gc             ] GC(45) Pause Young (Normal) (G1 Evacuation Pause) 685M->41M(1078M) 2.298ms
[16.876s][info][gc,cpu         ] GC(45) User=0.00s Sys=0.00s Real=0.00s
[17.139s][info][gc,start       ] GC(46) Pause Young (Normal) (G1 Evacuation Pause)
[17.139s][info][gc,task        ] GC(46) Using 33 workers of 33 for evacuation
[17.141s][info][gc,phases      ] GC(46)   Pre Evacuate Collection Set: 0.2ms
[17.141s][info][gc,phases      ] GC(46)   Merge Heap Roots: 0.2ms
[17.141s][info][gc,phases      ] GC(46)   Evacuate Collection Set: 0.8ms
[17.141s][info][gc,phases      ] GC(46)   Post Evacuate Collection Set: 0.7ms
[17.141s][info][gc,phases      ] GC(46)   Other: 0.1ms
[17.141s][info][gc,heap        ] GC(46) Eden regions: 644->0(644)
[17.141s][info][gc,heap        ] GC(46) Survivor regions: 2->2(81)
[17.141s][info][gc,heap        ] GC(46) Old regions: 43->43
[17.141s][info][gc,heap        ] GC(46) Archive regions: 0->0
[17.141s][info][gc,heap        ] GC(46) Humongous regions: 0->0
[17.141s][info][gc,metaspace   ] GC(46) Metaspace: 73095K(74112K)->73095K(74112K) NonClass: 57759K(58368K)->57759K(58368K) Class: 15335K(15744K)->15335K(15744K)
[17.141s][info][gc             ] GC(46) Pause Young (Normal) (G1 Evacuation Pause) 685M->41M(1078M) 2.266ms
[17.141s][info][gc,cpu         ] GC(46) User=0.00s Sys=0.00s Real=0.00s
[17.445s][info][gc,start       ] GC(47) Pause Young (Normal) (G1 Evacuation Pause)
[17.446s][info][gc,task        ] GC(47) Using 29 workers of 33 for evacuation
[17.447s][info][gc,phases      ] GC(47)   Pre Evacuate Collection Set: 0.2ms
[17.447s][info][gc,phases      ] GC(47)   Merge Heap Roots: 0.2ms
[17.447s][info][gc,phases      ] GC(47)   Evacuate Collection Set: 0.8ms
[17.448s][info][gc,phases      ] GC(47)   Post Evacuate Collection Set: 0.7ms
[17.448s][info][gc,phases      ] GC(47)   Other: 0.1ms
[17.448s][info][gc,heap        ] GC(47) Eden regions: 644->0(644)
[17.448s][info][gc,heap        ] GC(47) Survivor regions: 2->2(81)
[17.448s][info][gc,heap        ] GC(47) Old regions: 43->43
[17.448s][info][gc,heap        ] GC(47) Archive regions: 0->0
[17.448s][info][gc,heap        ] GC(47) Humongous regions: 0->0
[17.448s][info][gc,metaspace   ] GC(47) Metaspace: 73102K(74112K)->73102K(74112K) NonClass: 57767K(58368K)->57767K(58368K) Class: 15335K(15744K)->15335K(15744K)
[17.448s][info][gc             ] GC(47) Pause Young (Normal) (G1 Evacuation Pause) 685M->41M(1078M) 2.152ms
[17.448s][info][gc,cpu         ] GC(47) User=0.00s Sys=0.00s Real=0.00s
[17.844s][info][gc,start       ] GC(48) Pause Young (Normal) (G1 Evacuation Pause)
[17.844s][info][gc,task        ] GC(48) Using 27 workers of 33 for evacuation
[17.846s][info][gc,phases      ] GC(48)   Pre Evacuate Collection Set: 0.2ms
[17.846s][info][gc,phases      ] GC(48)   Merge Heap Roots: 0.2ms
[17.846s][info][gc,phases      ] GC(48)   Evacuate Collection Set: 0.9ms
[17.846s][info][gc,phases      ] GC(48)   Post Evacuate Collection Set: 0.7ms
[17.846s][info][gc,phases      ] GC(48)   Other: 0.1ms
[17.846s][info][gc,heap        ] GC(48) Eden regions: 644->0(644)
[17.846s][info][gc,heap        ] GC(48) Survivor regions: 2->2(81)
[17.846s][info][gc,heap        ] GC(48) Old regions: 43->43
[17.846s][info][gc,heap        ] GC(48) Archive regions: 0->0
[17.846s][info][gc,heap        ] GC(48) Humongous regions: 0->0
[17.846s][info][gc,metaspace   ] GC(48) Metaspace: 73752K(74752K)->73752K(74752K) NonClass: 58199K(58816K)->58199K(58816K) Class: 15552K(15936K)->15552K(15936K)
[17.846s][info][gc             ] GC(48) Pause Young (Normal) (G1 Evacuation Pause) 685M->41M(1078M) 2.354ms
[17.846s][info][gc,cpu         ] GC(48) User=0.00s Sys=0.00s Real=0.00s
[18.289s][info][gc,start       ] GC(49) Pause Young (Normal) (G1 Evacuation Pause)
[18.289s][info][gc,task        ] GC(49) Using 26 workers of 33 for evacuation
[18.291s][info][gc,phases      ] GC(49)   Pre Evacuate Collection Set: 0.2ms
[18.291s][info][gc,phases      ] GC(49)   Merge Heap Roots: 0.2ms
[18.291s][info][gc,phases      ] GC(49)   Evacuate Collection Set: 0.7ms
[18.291s][info][gc,phases      ] GC(49)   Post Evacuate Collection Set: 0.6ms
[18.291s][info][gc,phases      ] GC(49)   Other: 0.1ms
[18.291s][info][gc,heap        ] GC(49) Eden regions: 644->0(644)
[18.291s][info][gc,heap        ] GC(49) Survivor regions: 2->2(81)
[18.291s][info][gc,heap        ] GC(49) Old regions: 43->43
[18.291s][info][gc,heap        ] GC(49) Archive regions: 0->0
[18.291s][info][gc,heap        ] GC(49) Humongous regions: 0->0
[18.291s][info][gc,metaspace   ] GC(49) Metaspace: 73752K(74752K)->73752K(74752K) NonClass: 58199K(58816K)->58199K(58816K) Class: 15552K(15936K)->15552K(15936K)
[18.291s][info][gc             ] GC(49) Pause Young (Normal) (G1 Evacuation Pause) 685M->41M(1078M) 1.995ms
[18.291s][info][gc,cpu         ] GC(49) User=0.00s Sys=0.00s Real=0.00s
[18.730s][info][gc,start       ] GC(50) Pause Young (Normal) (G1 Evacuation Pause)
[18.730s][info][gc,task        ] GC(50) Using 25 workers of 33 for evacuation
[18.732s][info][gc,phases      ] GC(50)   Pre Evacuate Collection Set: 0.2ms
[18.732s][info][gc,phases      ] GC(50)   Merge Heap Roots: 0.2ms
[18.732s][info][gc,phases      ] GC(50)   Evacuate Collection Set: 1.2ms
[18.732s][info][gc,phases      ] GC(50)   Post Evacuate Collection Set: 0.7ms
[18.732s][info][gc,phases      ] GC(50)   Other: 0.1ms
[18.732s][info][gc,heap        ] GC(50) Eden regions: 644->0(644)
[18.732s][info][gc,heap        ] GC(50) Survivor regions: 2->2(81)
[18.732s][info][gc,heap        ] GC(50) Old regions: 43->43
[18.732s][info][gc,heap        ] GC(50) Archive regions: 0->0
[18.732s][info][gc,heap        ] GC(50) Humongous regions: 0->0
[18.732s][info][gc,metaspace   ] GC(50) Metaspace: 73752K(74752K)->73752K(74752K) NonClass: 58199K(58816K)->58199K(58816K) Class: 15552K(15936K)->15552K(15936K)
[18.732s][info][gc             ] GC(50) Pause Young (Normal) (G1 Evacuation Pause) 685M->41M(1078M) 2.582ms
[18.732s][info][gc,cpu         ] GC(50) User=0.00s Sys=0.00s Real=0.00s
[18.885s][info][gc,start       ] GC(51) Pause Full (System.gc())
[18.885s][info][gc,task        ] GC(51) Using 25 workers of 33 for full compaction
[18.886s][info][gc,phases,start] GC(51) Phase 1: Mark live objects
[18.925s][info][gc,phases      ] GC(51) Phase 1: Mark live objects 38.123ms
[18.925s][info][gc,phases,start] GC(51) Phase 2: Prepare compaction
[18.929s][info][gc,phases      ] GC(51) Phase 2: Prepare compaction 4.688ms
[18.929s][info][gc,phases,start] GC(51) Phase 3: Adjust pointers
[18.942s][info][gc,phases      ] GC(51) Phase 3: Adjust pointers 12.238ms
[18.942s][info][gc,phases,start] GC(51) Phase 4: Compact heap
[18.943s][info][gc,phases      ] GC(51) Phase 4: Compact heap 1.312ms
[18.962s][info][gc,heap        ] GC(51) Eden regions: 168->0(84)
[18.962s][info][gc,heap        ] GC(51) Survivor regions: 2->0(81)
[18.962s][info][gc,heap        ] GC(51) Old regions: 43->42
[18.962s][info][gc,heap        ] GC(51) Archive regions: 0->0
[18.962s][info][gc,heap        ] GC(51) Humongous regions: 0->0
[18.962s][info][gc,metaspace   ] GC(51) Metaspace: 73799K(74816K)->73044K(74816K) NonClass: 58240K(58816K)->57713K(58816K) Class: 15558K(16000K)->15330K(16000K)
[18.963s][info][gc             ] GC(51) Pause Full (System.gc()) 209M->34M(140M) 77.842ms
[18.963s][info][gc,cpu         ] GC(51) User=0.81s Sys=0.02s Real=0.08s
[19.121s][info][gc,start       ] GC(52) Pause Young (Normal) (G1 Evacuation Pause)
[19.121s][info][gc,task        ] GC(52) Using 33 workers of 33 for evacuation
[19.124s][info][gc,phases      ] GC(52)   Pre Evacuate Collection Set: 0.2ms
[19.124s][info][gc,phases      ] GC(52)   Merge Heap Roots: 0.2ms
[19.124s][info][gc,phases      ] GC(52)   Evacuate Collection Set: 1.4ms
[19.124s][info][gc,phases      ] GC(52)   Post Evacuate Collection Set: 0.7ms
[19.124s][info][gc,phases      ] GC(52)   Other: 0.1ms
[19.124s][info][gc,heap        ] GC(52) Eden regions: 84->0(80)
[19.124s][info][gc,heap        ] GC(52) Survivor regions: 0->4(11)
[19.124s][info][gc,heap        ] GC(52) Old regions: 42->42
[19.124s][info][gc,heap        ] GC(52) Archive regions: 0->0
[19.124s][info][gc,heap        ] GC(52) Humongous regions: 0->0
[19.124s][info][gc,metaspace   ] GC(52) Metaspace: 73149K(74880K)->73149K(74880K) NonClass: 57809K(58880K)->57809K(58880K) Class: 15340K(16000K)->15340K(16000K)
[19.124s][info][gc             ] GC(52) Pause Young (Normal) (G1 Evacuation Pause) 118M->38M(140M) 2.892ms
[19.124s][info][gc,cpu         ] GC(52) User=0.00s Sys=0.00s Real=0.00s
[19.180s][info][gc,start       ] GC(53) Pause Young (Normal) (G1 Evacuation Pause)
[19.180s][info][gc,task        ] GC(53) Using 33 workers of 33 for evacuation
[19.182s][info][gc,phases      ] GC(53)   Pre Evacuate Collection Set: 0.2ms
[19.182s][info][gc,phases      ] GC(53)   Merge Heap Roots: 0.2ms
[19.182s][info][gc,phases      ] GC(53)   Evacuate Collection Set: 1.5ms
[19.182s][info][gc,phases      ] GC(53)   Post Evacuate Collection Set: 0.7ms
[19.182s][info][gc,phases      ] GC(53)   Other: 0.1ms
[19.182s][info][gc,heap        ] GC(53) Eden regions: 80->0(80)
[19.182s][info][gc,heap        ] GC(53) Survivor regions: 4->4(11)
[19.182s][info][gc,heap        ] GC(53) Old regions: 42->42
[19.182s][info][gc,heap        ] GC(53) Archive regions: 0->0
[19.182s][info][gc,heap        ] GC(53) Humongous regions: 0->0
[19.182s][info][gc,metaspace   ] GC(53) Metaspace: 73149K(74880K)->73149K(74880K) NonClass: 57809K(58880K)->57809K(58880K) Class: 15340K(16000K)->15340K(16000K)
[19.182s][info][gc             ] GC(53) Pause Young (Normal) (G1 Evacuation Pause) 118M->38M(140M) 2.942ms
[19.183s][info][gc,cpu         ] GC(53) User=0.00s Sys=0.00s Real=0.00s
[19.223s][info][gc,start       ] GC(54) Pause Young (Normal) (G1 Evacuation Pause)
[19.223s][info][gc,task        ] GC(54) Using 33 workers of 33 for evacuation
[19.226s][info][gc,phases      ] GC(54)   Pre Evacuate Collection Set: 0.2ms
[19.226s][info][gc,phases      ] GC(54)   Merge Heap Roots: 0.2ms
[19.226s][info][gc,phases      ] GC(54)   Evacuate Collection Set: 1.3ms
[19.226s][info][gc,phases      ] GC(54)   Post Evacuate Collection Set: 0.7ms
[19.226s][info][gc,phases      ] GC(54)   Other: 0.1ms
[19.226s][info][gc,heap        ] GC(54) Eden regions: 80->0(80)
[19.226s][info][gc,heap        ] GC(54) Survivor regions: 4->4(11)
[19.226s][info][gc,heap        ] GC(54) Old regions: 42->42
[19.226s][info][gc,heap        ] GC(54) Archive regions: 0->0
[19.226s][info][gc,heap        ] GC(54) Humongous regions: 0->0
[19.226s][info][gc,metaspace   ] GC(54) Metaspace: 73149K(74880K)->73149K(74880K) NonClass: 57809K(58880K)->57809K(58880K) Class: 15340K(16000K)->15340K(16000K)
[19.226s][info][gc             ] GC(54) Pause Young (Normal) (G1 Evacuation Pause) 118M->38M(140M) 2.837ms
[19.226s][info][gc,cpu         ] GC(54) User=0.00s Sys=0.00s Real=0.00s
[19.264s][info][gc,start       ] GC(55) Pause Young (Normal) (G1 Evacuation Pause)
[19.264s][info][gc,task        ] GC(55) Using 33 workers of 33 for evacuation
[19.272s][info][gc,phases      ] GC(55)   Pre Evacuate Collection Set: 0.2ms
[19.272s][info][gc,phases      ] GC(55)   Merge Heap Roots: 0.2ms
[19.272s][info][gc,phases      ] GC(55)   Evacuate Collection Set: 1.5ms
[19.272s][info][gc,phases      ] GC(55)   Post Evacuate Collection Set: 5.5ms
[19.272s][info][gc,phases      ] GC(55)   Other: 0.1ms
[19.272s][info][gc,heap        ] GC(55) Eden regions: 80->0(652)
[19.272s][info][gc,heap        ] GC(55) Survivor regions: 4->4(11)
[19.272s][info][gc,heap        ] GC(55) Old regions: 42->42
[19.272s][info][gc,heap        ] GC(55) Archive regions: 0->0
[19.272s][info][gc,heap        ] GC(55) Humongous regions: 0->0
[19.272s][info][gc,metaspace   ] GC(55) Metaspace: 73149K(74880K)->73149K(74880K) NonClass: 57809K(58880K)->57809K(58880K) Class: 15340K(16000K)->15340K(16000K)
[19.272s][info][gc             ] GC(55) Pause Young (Normal) (G1 Evacuation Pause) 118M->38M(1094M) 7.784ms
[19.272s][info][gc,cpu         ] GC(55) User=0.00s Sys=0.00s Real=0.00s
[19.696s][info][gc,start       ] GC(56) Pause Young (Normal) (G1 Evacuation Pause)
[19.696s][info][gc,task        ] GC(56) Using 33 workers of 33 for evacuation
[19.701s][info][gc,phases      ] GC(56)   Pre Evacuate Collection Set: 0.2ms
[19.701s][info][gc,phases      ] GC(56)   Merge Heap Roots: 0.3ms
[19.701s][info][gc,phases      ] GC(56)   Evacuate Collection Set: 3.2ms
[19.701s][info][gc,phases      ] GC(56)   Post Evacuate Collection Set: 0.9ms
[19.701s][info][gc,phases      ] GC(56)   Other: 0.2ms
[19.701s][info][gc,heap        ] GC(56) Eden regions: 652->0(651)
[19.701s][info][gc,heap        ] GC(56) Survivor regions: 4->5(82)
[19.701s][info][gc,heap        ] GC(56) Old regions: 42->42
[19.701s][info][gc,heap        ] GC(56) Archive regions: 0->0
[19.701s][info][gc,heap        ] GC(56) Humongous regions: 0->0
[19.701s][info][gc,metaspace   ] GC(56) Metaspace: 73149K(74880K)->73149K(74880K) NonClass: 57809K(58880K)->57809K(58880K) Class: 15340K(16000K)->15340K(16000K)
[19.701s][info][gc             ] GC(56) Pause Young (Normal) (G1 Evacuation Pause) 690M->38M(1094M) 5.065ms
[19.701s][info][gc,cpu         ] GC(56) User=0.16s Sys=0.41s Real=0.01s
[19.924s][info][gc,start       ] GC(57) Pause Young (Normal) (G1 Evacuation Pause)
[19.924s][info][gc,task        ] GC(57) Using 33 workers of 33 for evacuation
[19.928s][info][gc,phases      ] GC(57)   Pre Evacuate Collection Set: 0.3ms
[19.928s][info][gc,phases      ] GC(57)   Merge Heap Roots: 0.3ms
[19.928s][info][gc,phases      ] GC(57)   Evacuate Collection Set: 2.6ms
[19.928s][info][gc,phases      ] GC(57)   Post Evacuate Collection Set: 0.8ms
[19.928s][info][gc,phases      ] GC(57)   Other: 0.1ms
[19.928s][info][gc,heap        ] GC(57) Eden regions: 651->0(652)
[19.928s][info][gc,heap        ] GC(57) Survivor regions: 5->4(82)
[19.928s][info][gc,heap        ] GC(57) Old regions: 42->42
[19.928s][info][gc,heap        ] GC(57) Archive regions: 0->0
[19.928s][info][gc,heap        ] GC(57) Humongous regions: 0->0
[19.928s][info][gc,metaspace   ] GC(57) Metaspace: 73149K(74880K)->73149K(74880K) NonClass: 57809K(58880K)->57809K(58880K) Class: 15340K(16000K)->15340K(16000K)
[19.928s][info][gc             ] GC(57) Pause Young (Normal) (G1 Evacuation Pause) 689M->38M(1094M) 4.425ms
[19.928s][info][gc,cpu         ] GC(57) User=0.00s Sys=0.00s Real=0.00s
[20.120s][info][gc,start       ] GC(58) Pause Young (Normal) (G1 Evacuation Pause)
[20.121s][info][gc,task        ] GC(58) Using 33 workers of 33 for evacuation
[20.123s][info][gc,phases      ] GC(58)   Pre Evacuate Collection Set: 0.2ms
[20.123s][info][gc,phases      ] GC(58)   Merge Heap Roots: 0.2ms
[20.123s][info][gc,phases      ] GC(58)   Evacuate Collection Set: 1.5ms
[20.124s][info][gc,phases      ] GC(58)   Post Evacuate Collection Set: 0.8ms
[20.124s][info][gc,phases      ] GC(58)   Other: 0.1ms
[20.124s][info][gc,heap        ] GC(58) Eden regions: 652->0(652)
[20.124s][info][gc,heap        ] GC(58) Survivor regions: 4->4(82)
[20.124s][info][gc,heap        ] GC(58) Old regions: 42->42
[20.124s][info][gc,heap        ] GC(58) Archive regions: 0->0
[20.124s][info][gc,heap        ] GC(58) Humongous regions: 0->0
[20.124s][info][gc,metaspace   ] GC(58) Metaspace: 73149K(74880K)->73149K(74880K) NonClass: 57809K(58880K)->57809K(58880K) Class: 15340K(16000K)->15340K(16000K)
[20.124s][info][gc             ] GC(58) Pause Young (Normal) (G1 Evacuation Pause) 690M->38M(1094M) 3.160ms
[20.124s][info][gc,cpu         ] GC(58) User=0.00s Sys=0.00s Real=0.00s
[20.295s][info][gc,start       ] GC(59) Pause Young (Normal) (G1 Evacuation Pause)
[20.295s][info][gc,task        ] GC(59) Using 33 workers of 33 for evacuation
[20.298s][info][gc,phases      ] GC(59)   Pre Evacuate Collection Set: 0.2ms
[20.298s][info][gc,phases      ] GC(59)   Merge Heap Roots: 0.3ms
[20.298s][info][gc,phases      ] GC(59)   Evacuate Collection Set: 1.3ms
[20.298s][info][gc,phases      ] GC(59)   Post Evacuate Collection Set: 0.8ms
[20.298s][info][gc,phases      ] GC(59)   Other: 0.1ms
[20.298s][info][gc,heap        ] GC(59) Eden regions: 652->0(652)
[20.298s][info][gc,heap        ] GC(59) Survivor regions: 4->4(82)
[20.298s][info][gc,heap        ] GC(59) Old regions: 42->42
[20.298s][info][gc,heap        ] GC(59) Archive regions: 0->0
[20.298s][info][gc,heap        ] GC(59) Humongous regions: 0->0
[20.298s][info][gc,metaspace   ] GC(59) Metaspace: 73149K(74880K)->73149K(74880K) NonClass: 57809K(58880K)->57809K(58880K) Class: 15340K(16000K)->15340K(16000K)
[20.298s][info][gc             ] GC(59) Pause Young (Normal) (G1 Evacuation Pause) 690M->38M(1094M) 2.951ms
[20.298s][info][gc,cpu         ] GC(59) User=0.00s Sys=0.00s Real=0.00s
[20.473s][info][gc,start       ] GC(60) Pause Young (Normal) (G1 Evacuation Pause)
[20.473s][info][gc,task        ] GC(60) Using 33 workers of 33 for evacuation
[20.476s][info][gc,phases      ] GC(60)   Pre Evacuate Collection Set: 0.3ms
[20.476s][info][gc,phases      ] GC(60)   Merge Heap Roots: 0.3ms
[20.476s][info][gc,phases      ] GC(60)   Evacuate Collection Set: 1.3ms
[20.476s][info][gc,phases      ] GC(60)   Post Evacuate Collection Set: 0.8ms
[20.476s][info][gc,phases      ] GC(60)   Other: 0.1ms
[20.476s][info][gc,heap        ] GC(60) Eden regions: 652->0(652)
[20.476s][info][gc,heap        ] GC(60) Survivor regions: 4->4(82)
[20.476s][info][gc,heap        ] GC(60) Old regions: 42->42
[20.476s][info][gc,heap        ] GC(60) Archive regions: 0->0
[20.476s][info][gc,heap        ] GC(60) Humongous regions: 0->0
[20.476s][info][gc,metaspace   ] GC(60) Metaspace: 73149K(74880K)->73149K(74880K) NonClass: 57809K(58880K)->57809K(58880K) Class: 15340K(16000K)->15340K(16000K)
[20.476s][info][gc             ] GC(60) Pause Young (Normal) (G1 Evacuation Pause) 690M->38M(1094M) 2.935ms
[20.476s][info][gc,cpu         ] GC(60) User=0.00s Sys=0.00s Real=0.00s
[20.653s][info][gc,start       ] GC(61) Pause Young (Normal) (G1 Evacuation Pause)
[20.653s][info][gc,task        ] GC(61) Using 33 workers of 33 for evacuation
[20.656s][info][gc,phases      ] GC(61)   Pre Evacuate Collection Set: 0.2ms
[20.656s][info][gc,phases      ] GC(61)   Merge Heap Roots: 0.3ms
[20.656s][info][gc,phases      ] GC(61)   Evacuate Collection Set: 1.3ms
[20.656s][info][gc,phases      ] GC(61)   Post Evacuate Collection Set: 0.8ms
[20.656s][info][gc,phases      ] GC(61)   Other: 0.1ms
[20.656s][info][gc,heap        ] GC(61) Eden regions: 652->0(652)
[20.656s][info][gc,heap        ] GC(61) Survivor regions: 4->4(82)
[20.656s][info][gc,heap        ] GC(61) Old regions: 42->42
[20.656s][info][gc,heap        ] GC(61) Archive regions: 0->0
[20.656s][info][gc,heap        ] GC(61) Humongous regions: 0->0
[20.656s][info][gc,metaspace   ] GC(61) Metaspace: 73149K(74880K)->73149K(74880K) NonClass: 57809K(58880K)->57809K(58880K) Class: 15340K(16000K)->15340K(16000K)
[20.656s][info][gc             ] GC(61) Pause Young (Normal) (G1 Evacuation Pause) 690M->38M(1094M) 2.995ms
[20.656s][info][gc,cpu         ] GC(61) User=0.00s Sys=0.00s Real=0.00s
[20.828s][info][gc,start       ] GC(62) Pause Young (Normal) (G1 Evacuation Pause)
[20.829s][info][gc,task        ] GC(62) Using 33 workers of 33 for evacuation
[20.831s][info][gc,phases      ] GC(62)   Pre Evacuate Collection Set: 0.2ms
[20.831s][info][gc,phases      ] GC(62)   Merge Heap Roots: 0.3ms
[20.831s][info][gc,phases      ] GC(62)   Evacuate Collection Set: 1.2ms
[20.831s][info][gc,phases      ] GC(62)   Post Evacuate Collection Set: 0.9ms
[20.831s][info][gc,phases      ] GC(62)   Other: 0.1ms
[20.831s][info][gc,heap        ] GC(62) Eden regions: 652->0(652)
[20.831s][info][gc,heap        ] GC(62) Survivor regions: 4->4(82)
[20.831s][info][gc,heap        ] GC(62) Old regions: 42->42
[20.831s][info][gc,heap        ] GC(62) Archive regions: 0->0
[20.831s][info][gc,heap        ] GC(62) Humongous regions: 0->0
[20.831s][info][gc,metaspace   ] GC(62) Metaspace: 73149K(74880K)->73149K(74880K) NonClass: 57809K(58880K)->57809K(58880K) Class: 15340K(16000K)->15340K(16000K)
[20.831s][info][gc             ] GC(62) Pause Young (Normal) (G1 Evacuation Pause) 690M->38M(1094M) 2.954ms
[20.831s][info][gc,cpu         ] GC(62) User=0.00s Sys=0.00s Real=0.00s
[20.999s][info][gc,start       ] GC(63) Pause Young (Normal) (G1 Evacuation Pause)
[20.999s][info][gc,task        ] GC(63) Using 33 workers of 33 for evacuation
[21.001s][info][gc,phases      ] GC(63)   Pre Evacuate Collection Set: 0.2ms
[21.001s][info][gc,phases      ] GC(63)   Merge Heap Roots: 0.3ms
[21.001s][info][gc,phases      ] GC(63)   Evacuate Collection Set: 1.3ms
[21.001s][info][gc,phases      ] GC(63)   Post Evacuate Collection Set: 0.8ms
[21.001s][info][gc,phases      ] GC(63)   Other: 0.1ms
[21.001s][info][gc,heap        ] GC(63) Eden regions: 652->0(651)
[21.001s][info][gc,heap        ] GC(63) Survivor regions: 4->5(82)
[21.001s][info][gc,heap        ] GC(63) Old regions: 42->42
[21.002s][info][gc,heap        ] GC(63) Archive regions: 0->0
[21.002s][info][gc,heap        ] GC(63) Humongous regions: 0->0
[21.002s][info][gc,metaspace   ] GC(63) Metaspace: 73149K(74880K)->73149K(74880K) NonClass: 57809K(58880K)->57809K(58880K) Class: 15340K(16000K)->15340K(16000K)
[21.002s][info][gc             ] GC(63) Pause Young (Normal) (G1 Evacuation Pause) 690M->38M(1094M) 2.883ms
[21.002s][info][gc,cpu         ] GC(63) User=0.00s Sys=0.00s Real=0.00s
[21.168s][info][gc,start       ] GC(64) Pause Young (Normal) (G1 Evacuation Pause)
[21.168s][info][gc,task        ] GC(64) Using 33 workers of 33 for evacuation
[21.171s][info][gc,phases      ] GC(64)   Pre Evacuate Collection Set: 0.2ms
[21.171s][info][gc,phases      ] GC(64)   Merge Heap Roots: 0.2ms
[21.171s][info][gc,phases      ] GC(64)   Evacuate Collection Set: 1.4ms
[21.171s][info][gc,phases      ] GC(64)   Post Evacuate Collection Set: 0.8ms
[21.171s][info][gc,phases      ] GC(64)   Other: 0.1ms
[21.171s][info][gc,heap        ] GC(64) Eden regions: 651->0(652)
[21.171s][info][gc,heap        ] GC(64) Survivor regions: 5->4(82)
[21.171s][info][gc,heap        ] GC(64) Old regions: 42->42
[21.171s][info][gc,heap        ] GC(64) Archive regions: 0->0
[21.171s][info][gc,heap        ] GC(64) Humongous regions: 0->0
[21.171s][info][gc,metaspace   ] GC(64) Metaspace: 73149K(74880K)->73149K(74880K) NonClass: 57809K(58880K)->57809K(58880K) Class: 15340K(16000K)->15340K(16000K)
[21.171s][info][gc             ] GC(64) Pause Young (Normal) (G1 Evacuation Pause) 689M->38M(1094M) 2.982ms
[21.171s][info][gc,cpu         ] GC(64) User=0.00s Sys=0.00s Real=0.00s
[21.337s][info][gc,start       ] GC(65) Pause Young (Normal) (G1 Evacuation Pause)
[21.338s][info][gc,task        ] GC(65) Using 33 workers of 33 for evacuation
[21.340s][info][gc,phases      ] GC(65)   Pre Evacuate Collection Set: 0.3ms
[21.340s][info][gc,phases      ] GC(65)   Merge Heap Roots: 0.3ms
[21.340s][info][gc,phases      ] GC(65)   Evacuate Collection Set: 1.2ms
[21.340s][info][gc,phases      ] GC(65)   Post Evacuate Collection Set: 0.8ms
[21.340s][info][gc,phases      ] GC(65)   Other: 0.1ms
[21.340s][info][gc,heap        ] GC(65) Eden regions: 652->0(652)
[21.340s][info][gc,heap        ] GC(65) Survivor regions: 4->4(82)
[21.340s][info][gc,heap        ] GC(65) Old regions: 42->42
[21.340s][info][gc,heap        ] GC(65) Archive regions: 0->0
[21.340s][info][gc,heap        ] GC(65) Humongous regions: 0->0
[21.340s][info][gc,metaspace   ] GC(65) Metaspace: 73149K(74880K)->73149K(74880K) NonClass: 57809K(58880K)->57809K(58880K) Class: 15340K(16000K)->15340K(16000K)
[21.340s][info][gc             ] GC(65) Pause Young (Normal) (G1 Evacuation Pause) 690M->38M(1094M) 2.912ms
[21.340s][info][gc,cpu         ] GC(65) User=0.00s Sys=0.00s Real=0.00s
[21.506s][info][gc,start       ] GC(66) Pause Young (Normal) (G1 Evacuation Pause)
[21.506s][info][gc,task        ] GC(66) Using 33 workers of 33 for evacuation
[21.509s][info][gc,phases      ] GC(66)   Pre Evacuate Collection Set: 0.2ms
[21.509s][info][gc,phases      ] GC(66)   Merge Heap Roots: 0.3ms
[21.509s][info][gc,phases      ] GC(66)   Evacuate Collection Set: 1.2ms
[21.509s][info][gc,phases      ] GC(66)   Post Evacuate Collection Set: 0.8ms
[21.509s][info][gc,phases      ] GC(66)   Other: 0.1ms
[21.509s][info][gc,heap        ] GC(66) Eden regions: 652->0(652)
[21.509s][info][gc,heap        ] GC(66) Survivor regions: 4->4(82)
[21.509s][info][gc,heap        ] GC(66) Old regions: 42->42
[21.509s][info][gc,heap        ] GC(66) Archive regions: 0->0
[21.509s][info][gc,heap        ] GC(66) Humongous regions: 0->0
[21.509s][info][gc,metaspace   ] GC(66) Metaspace: 73149K(74880K)->73149K(74880K) NonClass: 57809K(58880K)->57809K(58880K) Class: 15340K(16000K)->15340K(16000K)
[21.509s][info][gc             ] GC(66) Pause Young (Normal) (G1 Evacuation Pause) 690M->38M(1094M) 2.867ms
[21.509s][info][gc,cpu         ] GC(66) User=0.00s Sys=0.00s Real=0.00s
[21.676s][info][gc,start       ] GC(67) Pause Young (Normal) (G1 Evacuation Pause)
[21.676s][info][gc,task        ] GC(67) Using 33 workers of 33 for evacuation
[21.678s][info][gc,phases      ] GC(67)   Pre Evacuate Collection Set: 0.2ms
[21.678s][info][gc,phases      ] GC(67)   Merge Heap Roots: 0.3ms
[21.678s][info][gc,phases      ] GC(67)   Evacuate Collection Set: 1.2ms
[21.678s][info][gc,phases      ] GC(67)   Post Evacuate Collection Set: 0.6ms
[21.678s][info][gc,phases      ] GC(67)   Other: 0.1ms
[21.678s][info][gc,heap        ] GC(67) Eden regions: 652->0(654)
[21.678s][info][gc,heap        ] GC(67) Survivor regions: 4->2(82)
[21.678s][info][gc,heap        ] GC(67) Old regions: 42->45
[21.678s][info][gc,heap        ] GC(67) Archive regions: 0->0
[21.678s][info][gc,heap        ] GC(67) Humongous regions: 0->0
[21.678s][info][gc,metaspace   ] GC(67) Metaspace: 73149K(74880K)->73149K(74880K) NonClass: 57809K(58880K)->57809K(58880K) Class: 15340K(16000K)->15340K(16000K)
[21.678s][info][gc             ] GC(67) Pause Young (Normal) (G1 Evacuation Pause) 690M->38M(1094M) 2.704ms
[21.678s][info][gc,cpu         ] GC(67) User=0.00s Sys=0.00s Real=0.00s
[21.845s][info][gc,start       ] GC(68) Pause Young (Normal) (G1 Evacuation Pause)
[21.845s][info][gc,task        ] GC(68) Using 33 workers of 33 for evacuation
[21.847s][info][gc,phases      ] GC(68)   Pre Evacuate Collection Set: 0.2ms
[21.847s][info][gc,phases      ] GC(68)   Merge Heap Roots: 0.3ms
[21.847s][info][gc,phases      ] GC(68)   Evacuate Collection Set: 0.9ms
[21.847s][info][gc,phases      ] GC(68)   Post Evacuate Collection Set: 0.6ms
[21.847s][info][gc,phases      ] GC(68)   Other: 0.1ms
[21.847s][info][gc,heap        ] GC(68) Eden regions: 654->0(654)
[21.847s][info][gc,heap        ] GC(68) Survivor regions: 2->2(82)
[21.847s][info][gc,heap        ] GC(68) Old regions: 45->45
[21.847s][info][gc,heap        ] GC(68) Archive regions: 0->0
[21.847s][info][gc,heap        ] GC(68) Humongous regions: 0->0
[21.847s][info][gc,metaspace   ] GC(68) Metaspace: 73149K(74880K)->73149K(74880K) NonClass: 57809K(58880K)->57809K(58880K) Class: 15340K(16000K)->15340K(16000K)
[21.847s][info][gc             ] GC(68) Pause Young (Normal) (G1 Evacuation Pause) 692M->38M(1094M) 2.352ms
[21.847s][info][gc,cpu         ] GC(68) User=0.00s Sys=0.00s Real=0.00s
[22.016s][info][gc,start       ] GC(69) Pause Young (Normal) (G1 Evacuation Pause)
[22.016s][info][gc,task        ] GC(69) Using 33 workers of 33 for evacuation
[22.018s][info][gc,phases      ] GC(69)   Pre Evacuate Collection Set: 0.2ms
[22.018s][info][gc,phases      ] GC(69)   Merge Heap Roots: 0.2ms
[22.018s][info][gc,phases      ] GC(69)   Evacuate Collection Set: 0.9ms
[22.018s][info][gc,phases      ] GC(69)   Post Evacuate Collection Set: 0.6ms
[22.018s][info][gc,phases      ] GC(69)   Other: 0.1ms
[22.018s][info][gc,heap        ] GC(69) Eden regions: 654->0(654)
[22.018s][info][gc,heap        ] GC(69) Survivor regions: 2->2(82)
[22.018s][info][gc,heap        ] GC(69) Old regions: 45->45
[22.018s][info][gc,heap        ] GC(69) Archive regions: 0->0
[22.018s][info][gc,heap        ] GC(69) Humongous regions: 0->0
[22.018s][info][gc,metaspace   ] GC(69) Metaspace: 73149K(74880K)->73149K(74880K) NonClass: 57809K(58880K)->57809K(58880K) Class: 15340K(16000K)->15340K(16000K)
[22.018s][info][gc             ] GC(69) Pause Young (Normal) (G1 Evacuation Pause) 692M->38M(1094M) 2.297ms
[22.018s][info][gc,cpu         ] GC(69) User=0.00s Sys=0.00s Real=0.00s
[22.185s][info][gc,start       ] GC(70) Pause Young (Normal) (G1 Evacuation Pause)
[22.185s][info][gc,task        ] GC(70) Using 33 workers of 33 for evacuation
[22.187s][info][gc,phases      ] GC(70)   Pre Evacuate Collection Set: 0.2ms
[22.187s][info][gc,phases      ] GC(70)   Merge Heap Roots: 0.3ms
[22.187s][info][gc,phases      ] GC(70)   Evacuate Collection Set: 0.8ms
[22.187s][info][gc,phases      ] GC(70)   Post Evacuate Collection Set: 0.6ms
[22.187s][info][gc,phases      ] GC(70)   Other: 0.1ms
[22.187s][info][gc,heap        ] GC(70) Eden regions: 654->0(654)
[22.187s][info][gc,heap        ] GC(70) Survivor regions: 2->2(82)
[22.187s][info][gc,heap        ] GC(70) Old regions: 45->45
[22.187s][info][gc,heap        ] GC(70) Archive regions: 0->0
[22.187s][info][gc,heap        ] GC(70) Humongous regions: 0->0
[22.187s][info][gc,metaspace   ] GC(70) Metaspace: 73149K(74880K)->73149K(74880K) NonClass: 57809K(58880K)->57809K(58880K) Class: 15340K(16000K)->15340K(16000K)
[22.187s][info][gc             ] GC(70) Pause Young (Normal) (G1 Evacuation Pause) 692M->38M(1094M) 2.316ms
[22.187s][info][gc,cpu         ] GC(70) User=0.00s Sys=0.00s Real=0.00s
[22.356s][info][gc,start       ] GC(71) Pause Young (Normal) (G1 Evacuation Pause)
[22.356s][info][gc,task        ] GC(71) Using 33 workers of 33 for evacuation
[22.358s][info][gc,phases      ] GC(71)   Pre Evacuate Collection Set: 0.2ms
[22.358s][info][gc,phases      ] GC(71)   Merge Heap Roots: 0.3ms
[22.358s][info][gc,phases      ] GC(71)   Evacuate Collection Set: 0.9ms
[22.358s][info][gc,phases      ] GC(71)   Post Evacuate Collection Set: 0.7ms
[22.359s][info][gc,phases      ] GC(71)   Other: 0.1ms
[22.359s][info][gc,heap        ] GC(71) Eden regions: 654->0(654)
[22.359s][info][gc,heap        ] GC(71) Survivor regions: 2->2(82)
[22.359s][info][gc,heap        ] GC(71) Old regions: 45->45
[22.359s][info][gc,heap        ] GC(71) Archive regions: 0->0
[22.359s][info][gc,heap        ] GC(71) Humongous regions: 0->0
[22.359s][info][gc,metaspace   ] GC(71) Metaspace: 73149K(74880K)->73149K(74880K) NonClass: 57809K(58880K)->57809K(58880K) Class: 15340K(16000K)->15340K(16000K)
[22.359s][info][gc             ] GC(71) Pause Young (Normal) (G1 Evacuation Pause) 692M->38M(1094M) 2.395ms
[22.359s][info][gc,cpu         ] GC(71) User=0.00s Sys=0.00s Real=0.00s
[22.526s][info][gc,start       ] GC(72) Pause Young (Normal) (G1 Evacuation Pause)
[22.526s][info][gc,task        ] GC(72) Using 33 workers of 33 for evacuation
[22.528s][info][gc,phases      ] GC(72)   Pre Evacuate Collection Set: 0.2ms
[22.528s][info][gc,phases      ] GC(72)   Merge Heap Roots: 0.2ms
[22.528s][info][gc,phases      ] GC(72)   Evacuate Collection Set: 0.8ms
[22.528s][info][gc,phases      ] GC(72)   Post Evacuate Collection Set: 0.6ms
[22.528s][info][gc,phases      ] GC(72)   Other: 0.1ms
[22.528s][info][gc,heap        ] GC(72) Eden regions: 654->0(654)
[22.528s][info][gc,heap        ] GC(72) Survivor regions: 2->2(82)
[22.528s][info][gc,heap        ] GC(72) Old regions: 45->45
[22.528s][info][gc,heap        ] GC(72) Archive regions: 0->0
[22.528s][info][gc,heap        ] GC(72) Humongous regions: 0->0
[22.528s][info][gc,metaspace   ] GC(72) Metaspace: 73149K(74880K)->73149K(74880K) NonClass: 57809K(58880K)->57809K(58880K) Class: 15340K(16000K)->15340K(16000K)
[22.529s][info][gc             ] GC(72) Pause Young (Normal) (G1 Evacuation Pause) 692M->38M(1094M) 2.258ms
[22.529s][info][gc,cpu         ] GC(72) User=0.00s Sys=0.00s Real=0.00s
[22.696s][info][gc,start       ] GC(73) Pause Young (Normal) (G1 Evacuation Pause)
[22.696s][info][gc,task        ] GC(73) Using 33 workers of 33 for evacuation
[22.698s][info][gc,phases      ] GC(73)   Pre Evacuate Collection Set: 0.2ms
[22.698s][info][gc,phases      ] GC(73)   Merge Heap Roots: 0.3ms
[22.698s][info][gc,phases      ] GC(73)   Evacuate Collection Set: 0.9ms
[22.698s][info][gc,phases      ] GC(73)   Post Evacuate Collection Set: 0.6ms
[22.698s][info][gc,phases      ] GC(73)   Other: 0.1ms
[22.698s][info][gc,heap        ] GC(73) Eden regions: 654->0(654)
[22.698s][info][gc,heap        ] GC(73) Survivor regions: 2->2(82)
[22.698s][info][gc,heap        ] GC(73) Old regions: 45->45
[22.698s][info][gc,heap        ] GC(73) Archive regions: 0->0
[22.698s][info][gc,heap        ] GC(73) Humongous regions: 0->0
[22.698s][info][gc,metaspace   ] GC(73) Metaspace: 73150K(74880K)->73150K(74880K) NonClass: 57810K(58880K)->57810K(58880K) Class: 15340K(16000K)->15340K(16000K)
[22.698s][info][gc             ] GC(73) Pause Young (Normal) (G1 Evacuation Pause) 692M->38M(1094M) 2.289ms
[22.698s][info][gc,cpu         ] GC(73) User=0.00s Sys=0.00s Real=0.00s
[22.865s][info][gc,start       ] GC(74) Pause Young (Normal) (G1 Evacuation Pause)
[22.865s][info][gc,task        ] GC(74) Using 33 workers of 33 for evacuation
[22.867s][info][gc,phases      ] GC(74)   Pre Evacuate Collection Set: 0.2ms
[22.868s][info][gc,phases      ] GC(74)   Merge Heap Roots: 0.3ms
[22.868s][info][gc,phases      ] GC(74)   Evacuate Collection Set: 0.9ms
[22.868s][info][gc,phases      ] GC(74)   Post Evacuate Collection Set: 0.6ms
[22.868s][info][gc,phases      ] GC(74)   Other: 0.1ms
[22.868s][info][gc,heap        ] GC(74) Eden regions: 654->0(654)
[22.868s][info][gc,heap        ] GC(74) Survivor regions: 2->2(82)
[22.868s][info][gc,heap        ] GC(74) Old regions: 45->45
[22.868s][info][gc,heap        ] GC(74) Archive regions: 0->0
[22.868s][info][gc,heap        ] GC(74) Humongous regions: 0->0
[22.868s][info][gc,metaspace   ] GC(74) Metaspace: 73150K(74880K)->73150K(74880K) NonClass: 57810K(58880K)->57810K(58880K) Class: 15340K(16000K)->15340K(16000K)
[22.868s][info][gc             ] GC(74) Pause Young (Normal) (G1 Evacuation Pause) 692M->38M(1094M) 2.333ms
[22.868s][info][gc,cpu         ] GC(74) User=0.00s Sys=0.00s Real=0.00s
[23.036s][info][gc,start       ] GC(75) Pause Young (Normal) (G1 Evacuation Pause)
[23.036s][info][gc,task        ] GC(75) Using 33 workers of 33 for evacuation
[23.038s][info][gc,phases      ] GC(75)   Pre Evacuate Collection Set: 0.2ms
[23.038s][info][gc,phases      ] GC(75)   Merge Heap Roots: 0.3ms
[23.038s][info][gc,phases      ] GC(75)   Evacuate Collection Set: 0.9ms
[23.038s][info][gc,phases      ] GC(75)   Post Evacuate Collection Set: 0.6ms
[23.038s][info][gc,phases      ] GC(75)   Other: 0.1ms
[23.038s][info][gc,heap        ] GC(75) Eden regions: 654->0(654)
[23.038s][info][gc,heap        ] GC(75) Survivor regions: 2->2(82)
[23.038s][info][gc,heap        ] GC(75) Old regions: 45->45
[23.038s][info][gc,heap        ] GC(75) Archive regions: 0->0
[23.038s][info][gc,heap        ] GC(75) Humongous regions: 0->0
[23.038s][info][gc,metaspace   ] GC(75) Metaspace: 73150K(74880K)->73150K(74880K) NonClass: 57810K(58880K)->57810K(58880K) Class: 15340K(16000K)->15340K(16000K)
[23.038s][info][gc             ] GC(75) Pause Young (Normal) (G1 Evacuation Pause) 692M->38M(1094M) 2.314ms
[23.038s][info][gc,cpu         ] GC(75) User=0.00s Sys=0.00s Real=0.00s
[23.205s][info][gc,start       ] GC(76) Pause Young (Normal) (G1 Evacuation Pause)
[23.205s][info][gc,task        ] GC(76) Using 33 workers of 33 for evacuation
[23.207s][info][gc,phases      ] GC(76)   Pre Evacuate Collection Set: 0.2ms
[23.207s][info][gc,phases      ] GC(76)   Merge Heap Roots: 0.3ms
[23.207s][info][gc,phases      ] GC(76)   Evacuate Collection Set: 0.8ms
[23.207s][info][gc,phases      ] GC(76)   Post Evacuate Collection Set: 0.6ms
[23.207s][info][gc,phases      ] GC(76)   Other: 0.1ms
[23.207s][info][gc,heap        ] GC(76) Eden regions: 654->0(654)
[23.207s][info][gc,heap        ] GC(76) Survivor regions: 2->2(82)
[23.207s][info][gc,heap        ] GC(76) Old regions: 45->45
[23.207s][info][gc,heap        ] GC(76) Archive regions: 0->0
[23.207s][info][gc,heap        ] GC(76) Humongous regions: 0->0
[23.207s][info][gc,metaspace   ] GC(76) Metaspace: 73150K(74880K)->73150K(74880K) NonClass: 57810K(58880K)->57810K(58880K) Class: 15340K(16000K)->15340K(16000K)
[23.207s][info][gc             ] GC(76) Pause Young (Normal) (G1 Evacuation Pause) 692M->38M(1094M) 2.293ms
[23.207s][info][gc,cpu         ] GC(76) User=0.00s Sys=0.00s Real=0.00s
[23.373s][info][gc,start       ] GC(77) Pause Young (Normal) (G1 Evacuation Pause)
[23.373s][info][gc,task        ] GC(77) Using 33 workers of 33 for evacuation
[23.375s][info][gc,phases      ] GC(77)   Pre Evacuate Collection Set: 0.2ms
[23.375s][info][gc,phases      ] GC(77)   Merge Heap Roots: 0.3ms
[23.375s][info][gc,phases      ] GC(77)   Evacuate Collection Set: 0.9ms
[23.375s][info][gc,phases      ] GC(77)   Post Evacuate Collection Set: 0.6ms
[23.375s][info][gc,phases      ] GC(77)   Other: 0.1ms
[23.375s][info][gc,heap        ] GC(77) Eden regions: 654->0(654)
[23.375s][info][gc,heap        ] GC(77) Survivor regions: 2->2(82)
[23.375s][info][gc,heap        ] GC(77) Old regions: 45->45
[23.375s][info][gc,heap        ] GC(77) Archive regions: 0->0
[23.375s][info][gc,heap        ] GC(77) Humongous regions: 0->0
[23.375s][info][gc,metaspace   ] GC(77) Metaspace: 73150K(74880K)->73150K(74880K) NonClass: 57810K(58880K)->57810K(58880K) Class: 15340K(16000K)->15340K(16000K)
[23.376s][info][gc             ] GC(77) Pause Young (Normal) (G1 Evacuation Pause) 692M->38M(1094M) 2.318ms
[23.376s][info][gc,cpu         ] GC(77) User=0.00s Sys=0.00s Real=0.00s
[23.542s][info][gc,start       ] GC(78) Pause Young (Normal) (G1 Evacuation Pause)
[23.543s][info][gc,task        ] GC(78) Using 33 workers of 33 for evacuation
[23.545s][info][gc,phases      ] GC(78)   Pre Evacuate Collection Set: 0.2ms
[23.545s][info][gc,phases      ] GC(78)   Merge Heap Roots: 0.3ms
[23.545s][info][gc,phases      ] GC(78)   Evacuate Collection Set: 0.8ms
[23.545s][info][gc,phases      ] GC(78)   Post Evacuate Collection Set: 0.6ms
[23.545s][info][gc,phases      ] GC(78)   Other: 0.1ms
[23.545s][info][gc,heap        ] GC(78) Eden regions: 654->0(654)
[23.545s][info][gc,heap        ] GC(78) Survivor regions: 2->2(82)
[23.545s][info][gc,heap        ] GC(78) Old regions: 45->45
[23.545s][info][gc,heap        ] GC(78) Archive regions: 0->0
[23.545s][info][gc,heap        ] GC(78) Humongous regions: 0->0
[23.545s][info][gc,metaspace   ] GC(78) Metaspace: 73150K(74880K)->73150K(74880K) NonClass: 57810K(58880K)->57810K(58880K) Class: 15340K(16000K)->15340K(16000K)
[23.545s][info][gc             ] GC(78) Pause Young (Normal) (G1 Evacuation Pause) 692M->38M(1094M) 2.300ms
[23.545s][info][gc,cpu         ] GC(78) User=0.00s Sys=0.00s Real=0.00s
[23.711s][info][gc,start       ] GC(79) Pause Young (Normal) (G1 Evacuation Pause)
[23.711s][info][gc,task        ] GC(79) Using 33 workers of 33 for evacuation
[23.714s][info][gc,phases      ] GC(79)   Pre Evacuate Collection Set: 0.2ms
[23.714s][info][gc,phases      ] GC(79)   Merge Heap Roots: 0.3ms
[23.714s][info][gc,phases      ] GC(79)   Evacuate Collection Set: 0.9ms
[23.714s][info][gc,phases      ] GC(79)   Post Evacuate Collection Set: 0.6ms
[23.714s][info][gc,phases      ] GC(79)   Other: 0.1ms
[23.714s][info][gc,heap        ] GC(79) Eden regions: 654->0(654)
[23.714s][info][gc,heap        ] GC(79) Survivor regions: 2->2(82)
[23.714s][info][gc,heap        ] GC(79) Old regions: 45->45
[23.714s][info][gc,heap        ] GC(79) Archive regions: 0->0
[23.714s][info][gc,heap        ] GC(79) Humongous regions: 0->0
[23.714s][info][gc,metaspace   ] GC(79) Metaspace: 73150K(74880K)->73150K(74880K) NonClass: 57810K(58880K)->57810K(58880K) Class: 15340K(16000K)->15340K(16000K)
[23.714s][info][gc             ] GC(79) Pause Young (Normal) (G1 Evacuation Pause) 692M->38M(1094M) 2.342ms
[23.714s][info][gc,cpu         ] GC(79) User=0.00s Sys=0.00s Real=0.00s
[23.880s][info][gc,start       ] GC(80) Pause Young (Normal) (G1 Evacuation Pause)
[23.880s][info][gc,task        ] GC(80) Using 33 workers of 33 for evacuation
[23.882s][info][gc,phases      ] GC(80)   Pre Evacuate Collection Set: 0.2ms
[23.882s][info][gc,phases      ] GC(80)   Merge Heap Roots: 0.3ms
[23.882s][info][gc,phases      ] GC(80)   Evacuate Collection Set: 0.9ms
[23.882s][info][gc,phases      ] GC(80)   Post Evacuate Collection Set: 0.6ms
[23.882s][info][gc,phases      ] GC(80)   Other: 0.1ms
[23.882s][info][gc,heap        ] GC(80) Eden regions: 654->0(654)
[23.882s][info][gc,heap        ] GC(80) Survivor regions: 2->2(82)
[23.882s][info][gc,heap        ] GC(80) Old regions: 45->45
[23.882s][info][gc,heap        ] GC(80) Archive regions: 0->0
[23.882s][info][gc,heap        ] GC(80) Humongous regions: 0->0
[23.882s][info][gc,metaspace   ] GC(80) Metaspace: 73150K(74880K)->73150K(74880K) NonClass: 57810K(58880K)->57810K(58880K) Class: 15340K(16000K)->15340K(16000K)
[23.882s][info][gc             ] GC(80) Pause Young (Normal) (G1 Evacuation Pause) 692M->38M(1094M) 2.356ms
[23.883s][info][gc,cpu         ] GC(80) User=0.00s Sys=0.00s Real=0.00s
[24.052s][info][gc,start       ] GC(81) Pause Young (Normal) (G1 Evacuation Pause)
[24.052s][info][gc,task        ] GC(81) Using 33 workers of 33 for evacuation
[24.054s][info][gc,phases      ] GC(81)   Pre Evacuate Collection Set: 0.2ms
[24.054s][info][gc,phases      ] GC(81)   Merge Heap Roots: 0.2ms
[24.054s][info][gc,phases      ] GC(81)   Evacuate Collection Set: 0.9ms
[24.054s][info][gc,phases      ] GC(81)   Post Evacuate Collection Set: 0.7ms
[24.054s][info][gc,phases      ] GC(81)   Other: 0.1ms
[24.054s][info][gc,heap        ] GC(81) Eden regions: 654->0(654)
[24.054s][info][gc,heap        ] GC(81) Survivor regions: 2->2(82)
[24.054s][info][gc,heap        ] GC(81) Old regions: 45->45
[24.054s][info][gc,heap        ] GC(81) Archive regions: 0->0
[24.054s][info][gc,heap        ] GC(81) Humongous regions: 0->0
[24.054s][info][gc,metaspace   ] GC(81) Metaspace: 73169K(74880K)->73169K(74880K) NonClass: 57829K(58880K)->57829K(58880K) Class: 15340K(16000K)->15340K(16000K)
[24.055s][info][gc             ] GC(81) Pause Young (Normal) (G1 Evacuation Pause) 692M->38M(1094M) 2.425ms
[24.055s][info][gc,cpu         ] GC(81) User=0.00s Sys=0.00s Real=0.00s
[24.223s][info][gc,start       ] GC(82) Pause Young (Normal) (G1 Evacuation Pause)
[24.223s][info][gc,task        ] GC(82) Using 33 workers of 33 for evacuation
[24.225s][info][gc,phases      ] GC(82)   Pre Evacuate Collection Set: 0.2ms
[24.225s][info][gc,phases      ] GC(82)   Merge Heap Roots: 0.2ms
[24.225s][info][gc,phases      ] GC(82)   Evacuate Collection Set: 0.9ms
[24.225s][info][gc,phases      ] GC(82)   Post Evacuate Collection Set: 0.7ms
[24.225s][info][gc,phases      ] GC(82)   Other: 0.1ms
[24.225s][info][gc,heap        ] GC(82) Eden regions: 654->0(654)
[24.225s][info][gc,heap        ] GC(82) Survivor regions: 2->2(82)
[24.225s][info][gc,heap        ] GC(82) Old regions: 45->45
[24.225s][info][gc,heap        ] GC(82) Archive regions: 0->0
[24.225s][info][gc,heap        ] GC(82) Humongous regions: 0->0
[24.225s][info][gc,metaspace   ] GC(82) Metaspace: 73176K(74880K)->73176K(74880K) NonClass: 57836K(58880K)->57836K(58880K) Class: 15340K(16000K)->15340K(16000K)
[24.225s][info][gc             ] GC(82) Pause Young (Normal) (G1 Evacuation Pause) 692M->38M(1094M) 2.358ms
[24.225s][info][gc,cpu         ] GC(82) User=0.00s Sys=0.00s Real=0.00s
[24.395s][info][gc,start       ] GC(83) Pause Young (Normal) (G1 Evacuation Pause)
[24.395s][info][gc,task        ] GC(83) Using 33 workers of 33 for evacuation
[24.397s][info][gc,phases      ] GC(83)   Pre Evacuate Collection Set: 0.2ms
[24.397s][info][gc,phases      ] GC(83)   Merge Heap Roots: 0.3ms
[24.397s][info][gc,phases      ] GC(83)   Evacuate Collection Set: 0.9ms
[24.397s][info][gc,phases      ] GC(83)   Post Evacuate Collection Set: 0.7ms
[24.397s][info][gc,phases      ] GC(83)   Other: 0.1ms
[24.397s][info][gc,heap        ] GC(83) Eden regions: 654->0(654)
[24.397s][info][gc,heap        ] GC(83) Survivor regions: 2->2(82)
[24.397s][info][gc,heap        ] GC(83) Old regions: 45->45
[24.397s][info][gc,heap        ] GC(83) Archive regions: 0->0
[24.397s][info][gc,heap        ] GC(83) Humongous regions: 0->0
[24.397s][info][gc,metaspace   ] GC(83) Metaspace: 73180K(74880K)->73180K(74880K) NonClass: 57840K(58880K)->57840K(58880K) Class: 15340K(16000K)->15340K(16000K)
[24.397s][info][gc             ] GC(83) Pause Young (Normal) (G1 Evacuation Pause) 692M->38M(1094M) 2.421ms
[24.397s][info][gc,cpu         ] GC(83) User=0.00s Sys=0.00s Real=0.00s
[24.574s][info][gc,start       ] GC(84) Pause Young (Normal) (G1 Evacuation Pause)
[24.574s][info][gc,task        ] GC(84) Using 33 workers of 33 for evacuation
[24.576s][info][gc,phases      ] GC(84)   Pre Evacuate Collection Set: 0.2ms
[24.576s][info][gc,phases      ] GC(84)   Merge Heap Roots: 0.3ms
[24.576s][info][gc,phases      ] GC(84)   Evacuate Collection Set: 0.9ms
[24.576s][info][gc,phases      ] GC(84)   Post Evacuate Collection Set: 0.7ms
[24.576s][info][gc,phases      ] GC(84)   Other: 0.1ms
[24.576s][info][gc,heap        ] GC(84) Eden regions: 654->0(654)
[24.576s][info][gc,heap        ] GC(84) Survivor regions: 2->2(82)
[24.576s][info][gc,heap        ] GC(84) Old regions: 45->45
[24.576s][info][gc,heap        ] GC(84) Archive regions: 0->0
[24.576s][info][gc,heap        ] GC(84) Humongous regions: 0->0
[24.576s][info][gc,metaspace   ] GC(84) Metaspace: 73184K(74880K)->73184K(74880K) NonClass: 57844K(58880K)->57844K(58880K) Class: 15340K(16000K)->15340K(16000K)
[24.576s][info][gc             ] GC(84) Pause Young (Normal) (G1 Evacuation Pause) 692M->38M(1094M) 2.370ms
[24.577s][info][gc,cpu         ] GC(84) User=0.00s Sys=0.00s Real=0.00s
[24.771s][info][gc,start       ] GC(85) Pause Young (Normal) (G1 Evacuation Pause)
[24.771s][info][gc,task        ] GC(85) Using 33 workers of 33 for evacuation
[24.773s][info][gc,phases      ] GC(85)   Pre Evacuate Collection Set: 0.2ms
[24.773s][info][gc,phases      ] GC(85)   Merge Heap Roots: 0.3ms
[24.773s][info][gc,phases      ] GC(85)   Evacuate Collection Set: 0.8ms
[24.773s][info][gc,phases      ] GC(85)   Post Evacuate Collection Set: 0.7ms
[24.773s][info][gc,phases      ] GC(85)   Other: 0.1ms
[24.773s][info][gc,heap        ] GC(85) Eden regions: 654->0(654)
[24.773s][info][gc,heap        ] GC(85) Survivor regions: 2->2(82)
[24.773s][info][gc,heap        ] GC(85) Old regions: 45->45
[24.773s][info][gc,heap        ] GC(85) Archive regions: 0->0
[24.773s][info][gc,heap        ] GC(85) Humongous regions: 0->0
[24.773s][info][gc,metaspace   ] GC(85) Metaspace: 73199K(74880K)->73199K(74880K) NonClass: 57859K(58880K)->57859K(58880K) Class: 15340K(16000K)->15340K(16000K)
[24.773s][info][gc             ] GC(85) Pause Young (Normal) (G1 Evacuation Pause) 692M->38M(1094M) 2.299ms
[24.773s][info][gc,cpu         ] GC(85) User=0.00s Sys=0.00s Real=0.00s
[25.017s][info][gc,start       ] GC(86) Pause Young (Normal) (G1 Evacuation Pause)
[25.017s][info][gc,task        ] GC(86) Using 33 workers of 33 for evacuation
[25.019s][info][gc,phases      ] GC(86)   Pre Evacuate Collection Set: 0.2ms
[25.019s][info][gc,phases      ] GC(86)   Merge Heap Roots: 0.3ms
[25.019s][info][gc,phases      ] GC(86)   Evacuate Collection Set: 0.9ms
[25.019s][info][gc,phases      ] GC(86)   Post Evacuate Collection Set: 0.7ms
[25.019s][info][gc,phases      ] GC(86)   Other: 0.1ms
[25.019s][info][gc,heap        ] GC(86) Eden regions: 654->0(654)
[25.019s][info][gc,heap        ] GC(86) Survivor regions: 2->2(82)
[25.019s][info][gc,heap        ] GC(86) Old regions: 45->45
[25.019s][info][gc,heap        ] GC(86) Archive regions: 0->0
[25.020s][info][gc,heap        ] GC(86) Humongous regions: 0->0
[25.020s][info][gc,metaspace   ] GC(86) Metaspace: 73203K(74880K)->73203K(74880K) NonClass: 57863K(58880K)->57863K(58880K) Class: 15340K(16000K)->15340K(16000K)
[25.020s][info][gc             ] GC(86) Pause Young (Normal) (G1 Evacuation Pause) 692M->38M(1094M) 2.434ms
[25.020s][info][gc,cpu         ] GC(86) User=0.00s Sys=0.00s Real=0.00s
[25.346s][info][gc,start       ] GC(87) Pause Young (Normal) (G1 Evacuation Pause)
[25.346s][info][gc,task        ] GC(87) Using 29 workers of 33 for evacuation
[25.348s][info][gc,phases      ] GC(87)   Pre Evacuate Collection Set: 0.2ms
[25.348s][info][gc,phases      ] GC(87)   Merge Heap Roots: 0.2ms
[25.348s][info][gc,phases      ] GC(87)   Evacuate Collection Set: 0.7ms
[25.348s][info][gc,phases      ] GC(87)   Post Evacuate Collection Set: 0.6ms
[25.348s][info][gc,phases      ] GC(87)   Other: 0.1ms
[25.348s][info][gc,heap        ] GC(87) Eden regions: 654->0(654)
[25.348s][info][gc,heap        ] GC(87) Survivor regions: 2->2(82)
[25.348s][info][gc,heap        ] GC(87) Old regions: 45->45
[25.348s][info][gc,heap        ] GC(87) Archive regions: 0->0
[25.348s][info][gc,heap        ] GC(87) Humongous regions: 0->0
[25.348s][info][gc,metaspace   ] GC(87) Metaspace: 73206K(74880K)->73206K(74880K) NonClass: 57866K(58880K)->57866K(58880K) Class: 15340K(16000K)->15340K(16000K)
[25.348s][info][gc             ] GC(87) Pause Young (Normal) (G1 Evacuation Pause) 692M->38M(1094M) 2.063ms
[25.348s][info][gc,cpu         ] GC(87) User=0.00s Sys=0.00s Real=0.00s
[25.728s][info][gc,start       ] GC(88) Pause Young (Normal) (G1 Evacuation Pause)
[25.728s][info][gc,task        ] GC(88) Using 27 workers of 33 for evacuation
[25.729s][info][gc,phases      ] GC(88)   Pre Evacuate Collection Set: 0.2ms
[25.729s][info][gc,phases      ] GC(88)   Merge Heap Roots: 0.2ms
[25.729s][info][gc,phases      ] GC(88)   Evacuate Collection Set: 0.6ms
[25.729s][info][gc,phases      ] GC(88)   Post Evacuate Collection Set: 0.6ms
[25.729s][info][gc,phases      ] GC(88)   Other: 0.1ms
[25.729s][info][gc,heap        ] GC(88) Eden regions: 654->0(654)
[25.729s][info][gc,heap        ] GC(88) Survivor regions: 2->2(82)
[25.729s][info][gc,heap        ] GC(88) Old regions: 45->45
[25.730s][info][gc,heap        ] GC(88) Archive regions: 0->0
[25.730s][info][gc,heap        ] GC(88) Humongous regions: 0->0
[25.730s][info][gc,metaspace   ] GC(88) Metaspace: 73206K(74880K)->73206K(74880K) NonClass: 57866K(58880K)->57866K(58880K) Class: 15340K(16000K)->15340K(16000K)
[25.730s][info][gc             ] GC(88) Pause Young (Normal) (G1 Evacuation Pause) 692M->38M(1094M) 1.959ms
[25.730s][info][gc,cpu         ] GC(88) User=0.00s Sys=0.02s Real=0.00s
[26.104s][info][gc,start       ] GC(89) Pause Young (Normal) (G1 Evacuation Pause)
[26.104s][info][gc,task        ] GC(89) Using 26 workers of 33 for evacuation
[26.106s][info][gc,phases      ] GC(89)   Pre Evacuate Collection Set: 0.2ms
[26.106s][info][gc,phases      ] GC(89)   Merge Heap Roots: 0.2ms
[26.106s][info][gc,phases      ] GC(89)   Evacuate Collection Set: 0.6ms
[26.106s][info][gc,phases      ] GC(89)   Post Evacuate Collection Set: 0.6ms
[26.106s][info][gc,phases      ] GC(89)   Other: 0.1ms
[26.106s][info][gc,heap        ] GC(89) Eden regions: 654->0(654)
[26.106s][info][gc,heap        ] GC(89) Survivor regions: 2->2(82)
[26.106s][info][gc,heap        ] GC(89) Old regions: 45->45
[26.106s][info][gc,heap        ] GC(89) Archive regions: 0->0
[26.106s][info][gc,heap        ] GC(89) Humongous regions: 0->0
[26.106s][info][gc,metaspace   ] GC(89) Metaspace: 73206K(74880K)->73206K(74880K) NonClass: 57866K(58880K)->57866K(58880K) Class: 15340K(16000K)->15340K(16000K)
[26.106s][info][gc             ] GC(89) Pause Young (Normal) (G1 Evacuation Pause) 692M->38M(1094M) 1.910ms
[26.106s][info][gc,cpu         ] GC(89) User=0.00s Sys=0.00s Real=0.00s
[26.480s][info][gc,start       ] GC(90) Pause Young (Normal) (G1 Evacuation Pause)
[26.480s][info][gc,task        ] GC(90) Using 26 workers of 33 for evacuation
[26.482s][info][gc,phases      ] GC(90)   Pre Evacuate Collection Set: 0.2ms
[26.482s][info][gc,phases      ] GC(90)   Merge Heap Roots: 0.2ms
[26.482s][info][gc,phases      ] GC(90)   Evacuate Collection Set: 0.6ms
[26.482s][info][gc,phases      ] GC(90)   Post Evacuate Collection Set: 0.6ms
[26.482s][info][gc,phases      ] GC(90)   Other: 0.1ms
[26.482s][info][gc,heap        ] GC(90) Eden regions: 654->0(654)
[26.482s][info][gc,heap        ] GC(90) Survivor regions: 2->2(82)
[26.482s][info][gc,heap        ] GC(90) Old regions: 45->45
[26.482s][info][gc,heap        ] GC(90) Archive regions: 0->0
[26.482s][info][gc,heap        ] GC(90) Humongous regions: 0->0
[26.482s][info][gc,metaspace   ] GC(90) Metaspace: 73206K(74880K)->73206K(74880K) NonClass: 57866K(58880K)->57866K(58880K) Class: 15340K(16000K)->15340K(16000K)
[26.482s][info][gc             ] GC(90) Pause Young (Normal) (G1 Evacuation Pause) 692M->38M(1094M) 1.941ms
[26.482s][info][gc,cpu         ] GC(90) User=0.00s Sys=0.00s Real=0.00s
[26.540s][info][gc,start       ] GC(91) Pause Full (System.gc())
[26.540s][info][gc,task        ] GC(91) Using 26 workers of 33 for full compaction
[26.542s][info][gc,phases,start] GC(91) Phase 1: Mark live objects
[26.584s][info][gc,phases      ] GC(91) Phase 1: Mark live objects 41.985ms
[26.584s][info][gc,phases,start] GC(91) Phase 2: Prepare compaction
[26.587s][info][gc,phases      ] GC(91) Phase 2: Prepare compaction 3.353ms
[26.587s][info][gc,phases,start] GC(91) Phase 3: Adjust pointers
[26.597s][info][gc,phases      ] GC(91) Phase 3: Adjust pointers 10.283ms
[26.597s][info][gc,phases,start] GC(91) Phase 4: Compact heap
[26.598s][info][gc,phases      ] GC(91) Phase 4: Compact heap 0.844ms
[26.615s][info][gc,heap        ] GC(91) Eden regions: 66->0(96)
[26.615s][info][gc,heap        ] GC(91) Survivor regions: 2->0(82)
[26.615s][info][gc,heap        ] GC(91) Old regions: 45->48
[26.615s][info][gc,heap        ] GC(91) Archive regions: 0->0
[26.615s][info][gc,heap        ] GC(91) Humongous regions: 0->0
[26.615s][info][gc,metaspace   ] GC(91) Metaspace: 73248K(74880K)->73234K(74880K) NonClass: 57907K(58880K)->57897K(58880K) Class: 15341K(16000K)->15337K(16000K)
[26.615s][info][gc             ] GC(91) Pause Full (System.gc()) 104M->35M(160M) 75.029ms
[26.615s][info][gc,cpu         ] GC(91) User=0.83s Sys=0.67s Real=0.06s
[26.681s][info][gc,start       ] GC(92) Pause Young (Normal) (G1 Evacuation Pause)
[26.681s][info][gc,task        ] GC(92) Using 33 workers of 33 for evacuation
[26.683s][info][gc,phases      ] GC(92)   Pre Evacuate Collection Set: 0.2ms
[26.683s][info][gc,phases      ] GC(92)   Merge Heap Roots: 0.2ms
[26.683s][info][gc,phases      ] GC(92)   Evacuate Collection Set: 1.3ms
[26.683s][info][gc,phases      ] GC(92)   Post Evacuate Collection Set: 0.7ms
[26.683s][info][gc,phases      ] GC(92)   Other: 0.1ms
[26.683s][info][gc,heap        ] GC(92) Eden regions: 96->0(92)
[26.683s][info][gc,heap        ] GC(92) Survivor regions: 0->4(12)
[26.683s][info][gc,heap        ] GC(92) Old regions: 48->48
[26.683s][info][gc,heap        ] GC(92) Archive regions: 0->0
[26.683s][info][gc,heap        ] GC(92) Humongous regions: 0->0
[26.683s][info][gc,metaspace   ] GC(92) Metaspace: 73380K(74944K)->73380K(74944K) NonClass: 58042K(58944K)->58042K(58944K) Class: 15337K(16000K)->15337K(16000K)
[26.684s][info][gc             ] GC(92) Pause Young (Normal) (G1 Evacuation Pause) 131M->38M(160M) 2.692ms
[26.684s][info][gc,cpu         ] GC(92) User=0.00s Sys=0.00s Real=0.00s
[26.712s][info][gc,start       ] GC(93) Pause Young (Normal) (G1 Evacuation Pause)
[26.712s][info][gc,task        ] GC(93) Using 33 workers of 33 for evacuation
[26.714s][info][gc,phases      ] GC(93)   Pre Evacuate Collection Set: 0.2ms
[26.714s][info][gc,phases      ] GC(93)   Merge Heap Roots: 0.2ms
[26.714s][info][gc,phases      ] GC(93)   Evacuate Collection Set: 1.1ms
[26.714s][info][gc,phases      ] GC(93)   Post Evacuate Collection Set: 0.6ms
[26.714s][info][gc,phases      ] GC(93)   Other: 0.1ms
[26.714s][info][gc,heap        ] GC(93) Eden regions: 92->0(92)
[26.714s][info][gc,heap        ] GC(93) Survivor regions: 4->4(12)
[26.714s][info][gc,heap        ] GC(93) Old regions: 48->48
[26.714s][info][gc,heap        ] GC(93) Archive regions: 0->0
[26.714s][info][gc,heap        ] GC(93) Humongous regions: 0->0
[26.714s][info][gc,metaspace   ] GC(93) Metaspace: 73380K(74944K)->73380K(74944K) NonClass: 58042K(58944K)->58042K(58944K) Class: 15337K(16000K)->15337K(16000K)
[26.714s][info][gc             ] GC(93) Pause Young (Normal) (G1 Evacuation Pause) 130M->39M(160M) 2.455ms
[26.714s][info][gc,cpu         ] GC(93) User=0.00s Sys=0.00s Real=0.00s
[26.756s][info][gc,start       ] GC(94) Pause Young (Normal) (G1 Evacuation Pause)
[26.756s][info][gc,task        ] GC(94) Using 33 workers of 33 for evacuation
[26.758s][info][gc,phases      ] GC(94)   Pre Evacuate Collection Set: 0.2ms
[26.759s][info][gc,phases      ] GC(94)   Merge Heap Roots: 0.2ms
[26.759s][info][gc,phases      ] GC(94)   Evacuate Collection Set: 1.3ms
[26.759s][info][gc,phases      ] GC(94)   Post Evacuate Collection Set: 0.7ms
[26.759s][info][gc,phases      ] GC(94)   Other: 0.1ms
[26.759s][info][gc,heap        ] GC(94) Eden regions: 92->0(92)
[26.759s][info][gc,heap        ] GC(94) Survivor regions: 4->4(12)
[26.759s][info][gc,heap        ] GC(94) Old regions: 48->48
[26.759s][info][gc,heap        ] GC(94) Archive regions: 0->0
[26.759s][info][gc,heap        ] GC(94) Humongous regions: 0->0
[26.759s][info][gc,metaspace   ] GC(94) Metaspace: 73380K(74944K)->73380K(74944K) NonClass: 58042K(58944K)->58042K(58944K) Class: 15337K(16000K)->15337K(16000K)
[26.759s][info][gc             ] GC(94) Pause Young (Normal) (G1 Evacuation Pause) 131M->39M(160M) 2.941ms
[26.759s][info][gc,cpu         ] GC(94) User=0.00s Sys=0.00s Real=0.00s
[26.789s][info][gc,start       ] GC(95) Pause Young (Normal) (G1 Evacuation Pause)
[26.789s][info][gc,task        ] GC(95) Using 33 workers of 33 for evacuation
[26.796s][info][gc,phases      ] GC(95)   Pre Evacuate Collection Set: 0.2ms
[26.796s][info][gc,phases      ] GC(95)   Merge Heap Roots: 0.2ms
[26.796s][info][gc,phases      ] GC(95)   Evacuate Collection Set: 1.2ms
[26.796s][info][gc,phases      ] GC(95)   Post Evacuate Collection Set: 4.8ms
[26.796s][info][gc,phases      ] GC(95)   Other: 0.1ms
[26.796s][info][gc,heap        ] GC(95) Eden regions: 92->0(658)
[26.796s][info][gc,heap        ] GC(95) Survivor regions: 4->4(12)
[26.796s][info][gc,heap        ] GC(95) Old regions: 48->48
[26.796s][info][gc,heap        ] GC(95) Archive regions: 0->0
[26.796s][info][gc,heap        ] GC(95) Humongous regions: 0->0
[26.796s][info][gc,metaspace   ] GC(95) Metaspace: 73380K(74944K)->73380K(74944K) NonClass: 58042K(58944K)->58042K(58944K) Class: 15337K(16000K)->15337K(16000K)
[26.796s][info][gc             ] GC(95) Pause Young (Normal) (G1 Evacuation Pause) 131M->39M(1104M) 6.722ms
[26.796s][info][gc,cpu         ] GC(95) User=0.00s Sys=0.00s Real=0.00s
[27.051s][info][gc,start       ] GC(96) Pause Young (Normal) (G1 Evacuation Pause)
[27.051s][info][gc,task        ] GC(96) Using 33 workers of 33 for evacuation
[27.055s][info][gc,phases      ] GC(96)   Pre Evacuate Collection Set: 0.2ms
[27.055s][info][gc,phases      ] GC(96)   Merge Heap Roots: 0.2ms
[27.055s][info][gc,phases      ] GC(96)   Evacuate Collection Set: 2.7ms
[27.055s][info][gc,phases      ] GC(96)   Post Evacuate Collection Set: 0.8ms
[27.055s][info][gc,phases      ] GC(96)   Other: 0.2ms
[27.055s][info][gc,heap        ] GC(96) Eden regions: 658->0(658)
[27.055s][info][gc,heap        ] GC(96) Survivor regions: 4->4(83)
[27.055s][info][gc,heap        ] GC(96) Old regions: 48->48
[27.055s][info][gc,heap        ] GC(96) Archive regions: 0->0
[27.055s][info][gc,heap        ] GC(96) Humongous regions: 0->0
[27.055s][info][gc,metaspace   ] GC(96) Metaspace: 73380K(74944K)->73380K(74944K) NonClass: 58042K(58944K)->58042K(58944K) Class: 15337K(16000K)->15337K(16000K)
[27.055s][info][gc             ] GC(96) Pause Young (Normal) (G1 Evacuation Pause) 697M->39M(1104M) 4.393ms
[27.055s][info][gc,cpu         ] GC(96) User=0.00s Sys=0.00s Real=0.00s
[27.223s][info][gc,start       ] GC(97) Pause Young (Normal) (G1 Evacuation Pause)
[27.223s][info][gc,task        ] GC(97) Using 33 workers of 33 for evacuation
[27.227s][info][gc,phases      ] GC(97)   Pre Evacuate Collection Set: 0.2ms
[27.227s][info][gc,phases      ] GC(97)   Merge Heap Roots: 0.2ms
[27.227s][info][gc,phases      ] GC(97)   Evacuate Collection Set: 2.7ms
[27.227s][info][gc,phases      ] GC(97)   Post Evacuate Collection Set: 0.8ms
[27.227s][info][gc,phases      ] GC(97)   Other: 0.1ms
[27.227s][info][gc,heap        ] GC(97) Eden regions: 658->0(658)
[27.227s][info][gc,heap        ] GC(97) Survivor regions: 4->4(83)
[27.227s][info][gc,heap        ] GC(97) Old regions: 48->48
[27.227s][info][gc,heap        ] GC(97) Archive regions: 0->0
[27.227s][info][gc,heap        ] GC(97) Humongous regions: 0->0
[27.227s][info][gc,metaspace   ] GC(97) Metaspace: 73380K(74944K)->73380K(74944K) NonClass: 58042K(58944K)->58042K(58944K) Class: 15337K(16000K)->15337K(16000K)
[27.227s][info][gc             ] GC(97) Pause Young (Normal) (G1 Evacuation Pause) 697M->39M(1104M) 4.328ms
[27.227s][info][gc,cpu         ] GC(97) User=0.00s Sys=0.00s Real=0.00s
[27.393s][info][gc,start       ] GC(98) Pause Young (Normal) (G1 Evacuation Pause)
[27.393s][info][gc,task        ] GC(98) Using 33 workers of 33 for evacuation
[27.396s][info][gc,phases      ] GC(98)   Pre Evacuate Collection Set: 0.3ms
[27.396s][info][gc,phases      ] GC(98)   Merge Heap Roots: 0.3ms
[27.396s][info][gc,phases      ] GC(98)   Evacuate Collection Set: 1.2ms
[27.396s][info][gc,phases      ] GC(98)   Post Evacuate Collection Set: 0.8ms
[27.396s][info][gc,phases      ] GC(98)   Other: 0.1ms
[27.396s][info][gc,heap        ] GC(98) Eden regions: 658->0(658)
[27.396s][info][gc,heap        ] GC(98) Survivor regions: 4->4(83)
[27.396s][info][gc,heap        ] GC(98) Old regions: 48->48
[27.396s][info][gc,heap        ] GC(98) Archive regions: 0->0
[27.396s][info][gc,heap        ] GC(98) Humongous regions: 0->0
[27.396s][info][gc,metaspace   ] GC(98) Metaspace: 73380K(74944K)->73380K(74944K) NonClass: 58042K(58944K)->58042K(58944K) Class: 15337K(16000K)->15337K(16000K)
[27.396s][info][gc             ] GC(98) Pause Young (Normal) (G1 Evacuation Pause) 697M->39M(1104M) 2.886ms
[27.396s][info][gc,cpu         ] GC(98) User=0.00s Sys=0.00s Real=0.00s
[27.562s][info][gc,start       ] GC(99) Pause Young (Normal) (G1 Evacuation Pause)
[27.562s][info][gc,task        ] GC(99) Using 33 workers of 33 for evacuation
[27.565s][info][gc,phases      ] GC(99)   Pre Evacuate Collection Set: 0.2ms
[27.565s][info][gc,phases      ] GC(99)   Merge Heap Roots: 0.3ms
[27.565s][info][gc,phases      ] GC(99)   Evacuate Collection Set: 1.2ms
[27.565s][info][gc,phases      ] GC(99)   Post Evacuate Collection Set: 0.8ms
[27.565s][info][gc,phases      ] GC(99)   Other: 0.1ms
[27.565s][info][gc,heap        ] GC(99) Eden regions: 658->0(658)
[27.565s][info][gc,heap        ] GC(99) Survivor regions: 4->4(83)
[27.565s][info][gc,heap        ] GC(99) Old regions: 48->48
[27.565s][info][gc,heap        ] GC(99) Archive regions: 0->0
[27.565s][info][gc,heap        ] GC(99) Humongous regions: 0->0
[27.565s][info][gc,metaspace   ] GC(99) Metaspace: 73380K(74944K)->73380K(74944K) NonClass: 58042K(58944K)->58042K(58944K) Class: 15337K(16000K)->15337K(16000K)
[27.565s][info][gc             ] GC(99) Pause Young (Normal) (G1 Evacuation Pause) 697M->39M(1104M) 2.858ms
[27.565s][info][gc,cpu         ] GC(99) User=0.00s Sys=0.00s Real=0.00s
[27.731s][info][gc,start       ] GC(100) Pause Young (Normal) (G1 Evacuation Pause)
[27.731s][info][gc,task        ] GC(100) Using 33 workers of 33 for evacuation
[27.734s][info][gc,phases      ] GC(100)   Pre Evacuate Collection Set: 0.2ms
[27.734s][info][gc,phases      ] GC(100)   Merge Heap Roots: 0.2ms
[27.734s][info][gc,phases      ] GC(100)   Evacuate Collection Set: 1.2ms
[27.734s][info][gc,phases      ] GC(100)   Post Evacuate Collection Set: 0.8ms
[27.734s][info][gc,phases      ] GC(100)   Other: 0.1ms
[27.734s][info][gc,heap        ] GC(100) Eden regions: 658->0(658)
[27.734s][info][gc,heap        ] GC(100) Survivor regions: 4->4(83)
[27.734s][info][gc,heap        ] GC(100) Old regions: 48->48
[27.734s][info][gc,heap        ] GC(100) Archive regions: 0->0
[27.734s][info][gc,heap        ] GC(100) Humongous regions: 0->0
[27.734s][info][gc,metaspace   ] GC(100) Metaspace: 73380K(74944K)->73380K(74944K) NonClass: 58042K(58944K)->58042K(58944K) Class: 15337K(16000K)->15337K(16000K)
[27.734s][info][gc             ] GC(100) Pause Young (Normal) (G1 Evacuation Pause) 697M->39M(1104M) 2.783ms
[27.734s][info][gc,cpu         ] GC(100) User=0.00s Sys=0.00s Real=0.00s
[27.900s][info][gc,start       ] GC(101) Pause Young (Normal) (G1 Evacuation Pause)
[27.900s][info][gc,task        ] GC(101) Using 33 workers of 33 for evacuation
[27.903s][info][gc,phases      ] GC(101)   Pre Evacuate Collection Set: 0.2ms
[27.903s][info][gc,phases      ] GC(101)   Merge Heap Roots: 0.2ms
[27.903s][info][gc,phases      ] GC(101)   Evacuate Collection Set: 1.2ms
[27.903s][info][gc,phases      ] GC(101)   Post Evacuate Collection Set: 0.8ms
[27.903s][info][gc,phases      ] GC(101)   Other: 0.1ms
[27.903s][info][gc,heap        ] GC(101) Eden regions: 658->0(658)
[27.903s][info][gc,heap        ] GC(101) Survivor regions: 4->4(83)
[27.903s][info][gc,heap        ] GC(101) Old regions: 48->48
[27.903s][info][gc,heap        ] GC(101) Archive regions: 0->0
[27.903s][info][gc,heap        ] GC(101) Humongous regions: 0->0
[27.903s][info][gc,metaspace   ] GC(101) Metaspace: 73380K(74944K)->73380K(74944K) NonClass: 58042K(58944K)->58042K(58944K) Class: 15337K(16000K)->15337K(16000K)
[27.903s][info][gc             ] GC(101) Pause Young (Normal) (G1 Evacuation Pause) 697M->39M(1104M) 2.859ms
[27.903s][info][gc,cpu         ] GC(101) User=0.00s Sys=0.00s Real=0.00s
[28.071s][info][gc,start       ] GC(102) Pause Young (Normal) (G1 Evacuation Pause)
[28.071s][info][gc,task        ] GC(102) Using 33 workers of 33 for evacuation
[28.074s][info][gc,phases      ] GC(102)   Pre Evacuate Collection Set: 0.3ms
[28.074s][info][gc,phases      ] GC(102)   Merge Heap Roots: 0.2ms
[28.074s][info][gc,phases      ] GC(102)   Evacuate Collection Set: 1.2ms
[28.074s][info][gc,phases      ] GC(102)   Post Evacuate Collection Set: 0.8ms
[28.074s][info][gc,phases      ] GC(102)   Other: 0.1ms
[28.074s][info][gc,heap        ] GC(102) Eden regions: 658->0(658)
[28.074s][info][gc,heap        ] GC(102) Survivor regions: 4->4(83)
[28.074s][info][gc,heap        ] GC(102) Old regions: 48->48
[28.074s][info][gc,heap        ] GC(102) Archive regions: 0->0
[28.074s][info][gc,heap        ] GC(102) Humongous regions: 0->0
[28.074s][info][gc,metaspace   ] GC(102) Metaspace: 73380K(74944K)->73380K(74944K) NonClass: 58042K(58944K)->58042K(58944K) Class: 15337K(16000K)->15337K(16000K)
[28.074s][info][gc             ] GC(102) Pause Young (Normal) (G1 Evacuation Pause) 697M->39M(1104M) 2.809ms
[28.074s][info][gc,cpu         ] GC(102) User=0.52s Sys=0.00s Real=0.00s
[28.241s][info][gc,start       ] GC(103) Pause Young (Normal) (G1 Evacuation Pause)
[28.241s][info][gc,task        ] GC(103) Using 33 workers of 33 for evacuation
[28.244s][info][gc,phases      ] GC(103)   Pre Evacuate Collection Set: 0.2ms
[28.244s][info][gc,phases      ] GC(103)   Merge Heap Roots: 0.2ms
[28.244s][info][gc,phases      ] GC(103)   Evacuate Collection Set: 1.2ms
[28.244s][info][gc,phases      ] GC(103)   Post Evacuate Collection Set: 0.8ms
[28.244s][info][gc,phases      ] GC(103)   Other: 0.1ms
[28.244s][info][gc,heap        ] GC(103) Eden regions: 658->0(658)
[28.244s][info][gc,heap        ] GC(103) Survivor regions: 4->4(83)
[28.244s][info][gc,heap        ] GC(103) Old regions: 48->48
[28.244s][info][gc,heap        ] GC(103) Archive regions: 0->0
[28.244s][info][gc,heap        ] GC(103) Humongous regions: 0->0
[28.244s][info][gc,metaspace   ] GC(103) Metaspace: 73380K(74944K)->73380K(74944K) NonClass: 58042K(58944K)->58042K(58944K) Class: 15337K(16000K)->15337K(16000K)
[28.244s][info][gc             ] GC(103) Pause Young (Normal) (G1 Evacuation Pause) 697M->39M(1104M) 2.829ms
[28.244s][info][gc,cpu         ] GC(103) User=0.00s Sys=0.00s Real=0.00s
[28.411s][info][gc,start       ] GC(104) Pause Young (Normal) (G1 Evacuation Pause)
[28.411s][info][gc,task        ] GC(104) Using 33 workers of 33 for evacuation
[28.414s][info][gc,phases      ] GC(104)   Pre Evacuate Collection Set: 0.2ms
[28.414s][info][gc,phases      ] GC(104)   Merge Heap Roots: 0.2ms
[28.414s][info][gc,phases      ] GC(104)   Evacuate Collection Set: 1.3ms
[28.414s][info][gc,phases      ] GC(104)   Post Evacuate Collection Set: 0.8ms
[28.414s][info][gc,phases      ] GC(104)   Other: 0.1ms
[28.414s][info][gc,heap        ] GC(104) Eden regions: 658->0(658)
[28.414s][info][gc,heap        ] GC(104) Survivor regions: 4->4(83)
[28.414s][info][gc,heap        ] GC(104) Old regions: 48->48
[28.414s][info][gc,heap        ] GC(104) Archive regions: 0->0
[28.414s][info][gc,heap        ] GC(104) Humongous regions: 0->0
[28.414s][info][gc,metaspace   ] GC(104) Metaspace: 73380K(74944K)->73380K(74944K) NonClass: 58042K(58944K)->58042K(58944K) Class: 15337K(16000K)->15337K(16000K)
[28.414s][info][gc             ] GC(104) Pause Young (Normal) (G1 Evacuation Pause) 697M->39M(1104M) 2.907ms
[28.414s][info][gc,cpu         ] GC(104) User=0.00s Sys=0.00s Real=0.00s
[28.582s][info][gc,start       ] GC(105) Pause Young (Normal) (G1 Evacuation Pause)
[28.582s][info][gc,task        ] GC(105) Using 33 workers of 33 for evacuation
[28.585s][info][gc,phases      ] GC(105)   Pre Evacuate Collection Set: 0.2ms
[28.585s][info][gc,phases      ] GC(105)   Merge Heap Roots: 0.3ms
[28.585s][info][gc,phases      ] GC(105)   Evacuate Collection Set: 1.2ms
[28.585s][info][gc,phases      ] GC(105)   Post Evacuate Collection Set: 0.8ms
[28.585s][info][gc,phases      ] GC(105)   Other: 0.1ms
[28.585s][info][gc,heap        ] GC(105) Eden regions: 658->0(658)
[28.585s][info][gc,heap        ] GC(105) Survivor regions: 4->4(83)
[28.585s][info][gc,heap        ] GC(105) Old regions: 48->48
[28.585s][info][gc,heap        ] GC(105) Archive regions: 0->0
[28.585s][info][gc,heap        ] GC(105) Humongous regions: 0->0
[28.585s][info][gc,metaspace   ] GC(105) Metaspace: 73380K(74944K)->73380K(74944K) NonClass: 58042K(58944K)->58042K(58944K) Class: 15337K(16000K)->15337K(16000K)
[28.585s][info][gc             ] GC(105) Pause Young (Normal) (G1 Evacuation Pause) 697M->39M(1104M) 2.840ms
[28.585s][info][gc,cpu         ] GC(105) User=0.00s Sys=0.00s Real=0.00s
[28.751s][info][gc,start       ] GC(106) Pause Young (Normal) (G1 Evacuation Pause)
[28.751s][info][gc,task        ] GC(106) Using 33 workers of 33 for evacuation
[28.754s][info][gc,phases      ] GC(106)   Pre Evacuate Collection Set: 0.2ms
[28.754s][info][gc,phases      ] GC(106)   Merge Heap Roots: 0.2ms
[28.754s][info][gc,phases      ] GC(106)   Evacuate Collection Set: 1.2ms
[28.754s][info][gc,phases      ] GC(106)   Post Evacuate Collection Set: 0.8ms
[28.754s][info][gc,phases      ] GC(106)   Other: 0.1ms
[28.754s][info][gc,heap        ] GC(106) Eden regions: 658->0(658)
[28.754s][info][gc,heap        ] GC(106) Survivor regions: 4->4(83)
[28.754s][info][gc,heap        ] GC(106) Old regions: 48->48
[28.754s][info][gc,heap        ] GC(106) Archive regions: 0->0
[28.754s][info][gc,heap        ] GC(106) Humongous regions: 0->0
[28.754s][info][gc,metaspace   ] GC(106) Metaspace: 73380K(74944K)->73380K(74944K) NonClass: 58042K(58944K)->58042K(58944K) Class: 15337K(16000K)->15337K(16000K)
[28.754s][info][gc             ] GC(106) Pause Young (Normal) (G1 Evacuation Pause) 697M->39M(1104M) 2.771ms
[28.754s][info][gc,cpu         ] GC(106) User=0.00s Sys=0.00s Real=0.00s
[28.920s][info][gc,start       ] GC(107) Pause Young (Normal) (G1 Evacuation Pause)
[28.920s][info][gc,task        ] GC(107) Using 33 workers of 33 for evacuation
[28.922s][info][gc,phases      ] GC(107)   Pre Evacuate Collection Set: 0.2ms
[28.922s][info][gc,phases      ] GC(107)   Merge Heap Roots: 0.2ms
[28.922s][info][gc,phases      ] GC(107)   Evacuate Collection Set: 1.4ms
[28.923s][info][gc,phases      ] GC(107)   Post Evacuate Collection Set: 0.6ms
[28.923s][info][gc,phases      ] GC(107)   Other: 0.1ms
[28.923s][info][gc,heap        ] GC(107) Eden regions: 658->0(660)
[28.923s][info][gc,heap        ] GC(107) Survivor regions: 4->2(83)
[28.923s][info][gc,heap        ] GC(107) Old regions: 48->51
[28.923s][info][gc,heap        ] GC(107) Archive regions: 0->0
[28.923s][info][gc,heap        ] GC(107) Humongous regions: 0->0
[28.923s][info][gc,metaspace   ] GC(107) Metaspace: 73380K(74944K)->73380K(74944K) NonClass: 58042K(58944K)->58042K(58944K) Class: 15337K(16000K)->15337K(16000K)
[28.923s][info][gc             ] GC(107) Pause Young (Normal) (G1 Evacuation Pause) 697M->39M(1104M) 2.799ms
[28.923s][info][gc,cpu         ] GC(107) User=0.00s Sys=0.00s Real=0.00s
[29.091s][info][gc,start       ] GC(108) Pause Young (Normal) (G1 Evacuation Pause)
[29.091s][info][gc,task        ] GC(108) Using 33 workers of 33 for evacuation
[29.093s][info][gc,phases      ] GC(108)   Pre Evacuate Collection Set: 0.2ms
[29.093s][info][gc,phases      ] GC(108)   Merge Heap Roots: 0.2ms
[29.093s][info][gc,phases      ] GC(108)   Evacuate Collection Set: 0.9ms
[29.093s][info][gc,phases      ] GC(108)   Post Evacuate Collection Set: 0.6ms
[29.093s][info][gc,phases      ] GC(108)   Other: 0.1ms
[29.093s][info][gc,heap        ] GC(108) Eden regions: 660->0(660)
[29.093s][info][gc,heap        ] GC(108) Survivor regions: 2->2(83)
[29.093s][info][gc,heap        ] GC(108) Old regions: 51->51
[29.093s][info][gc,heap        ] GC(108) Archive regions: 0->0
[29.093s][info][gc,heap        ] GC(108) Humongous regions: 0->0
[29.093s][info][gc,metaspace   ] GC(108) Metaspace: 73385K(74944K)->73385K(74944K) NonClass: 58048K(58944K)->58048K(58944K) Class: 15337K(16000K)->15337K(16000K)
[29.093s][info][gc             ] GC(108) Pause Young (Normal) (G1 Evacuation Pause) 699M->39M(1104M) 2.350ms
[29.093s][info][gc,cpu         ] GC(108) User=0.00s Sys=0.00s Real=0.00s
[29.261s][info][gc,start       ] GC(109) Pause Young (Normal) (G1 Evacuation Pause)
[29.261s][info][gc,task        ] GC(109) Using 33 workers of 33 for evacuation
[29.263s][info][gc,phases      ] GC(109)   Pre Evacuate Collection Set: 0.2ms
[29.263s][info][gc,phases      ] GC(109)   Merge Heap Roots: 0.2ms
[29.263s][info][gc,phases      ] GC(109)   Evacuate Collection Set: 0.8ms
[29.263s][info][gc,phases      ] GC(109)   Post Evacuate Collection Set: 0.6ms
[29.263s][info][gc,phases      ] GC(109)   Other: 0.1ms
[29.263s][info][gc,heap        ] GC(109) Eden regions: 660->0(660)
[29.263s][info][gc,heap        ] GC(109) Survivor regions: 2->2(83)
[29.263s][info][gc,heap        ] GC(109) Old regions: 51->51
[29.263s][info][gc,heap        ] GC(109) Archive regions: 0->0
[29.263s][info][gc,heap        ] GC(109) Humongous regions: 0->0
[29.263s][info][gc,metaspace   ] GC(109) Metaspace: 73385K(74944K)->73385K(74944K) NonClass: 58048K(58944K)->58048K(58944K) Class: 15337K(16000K)->15337K(16000K)
[29.263s][info][gc             ] GC(109) Pause Young (Normal) (G1 Evacuation Pause) 699M->39M(1104M) 2.252ms
[29.263s][info][gc,cpu         ] GC(109) User=0.00s Sys=0.00s Real=0.00s
[29.516s][info][gc,start       ] GC(110) Pause Young (Normal) (G1 Evacuation Pause)
[29.517s][info][gc,task        ] GC(110) Using 33 workers of 33 for evacuation
[29.519s][info][gc,phases      ] GC(110)   Pre Evacuate Collection Set: 0.2ms
[29.519s][info][gc,phases      ] GC(110)   Merge Heap Roots: 0.3ms
[29.519s][info][gc,phases      ] GC(110)   Evacuate Collection Set: 0.9ms
[29.519s][info][gc,phases      ] GC(110)   Post Evacuate Collection Set: 0.6ms
[29.519s][info][gc,phases      ] GC(110)   Other: 0.1ms
[29.519s][info][gc,heap        ] GC(110) Eden regions: 660->0(660)
[29.519s][info][gc,heap        ] GC(110) Survivor regions: 2->2(83)
[29.519s][info][gc,heap        ] GC(110) Old regions: 51->51
[29.519s][info][gc,heap        ] GC(110) Archive regions: 0->0
[29.519s][info][gc,heap        ] GC(110) Humongous regions: 0->0
[29.519s][info][gc,metaspace   ] GC(110) Metaspace: 73385K(74944K)->73385K(74944K) NonClass: 58048K(58944K)->58048K(58944K) Class: 15337K(16000K)->15337K(16000K)
[29.519s][info][gc             ] GC(110) Pause Young (Normal) (G1 Evacuation Pause) 699M->39M(1104M) 2.390ms
[29.519s][info][gc,cpu         ] GC(110) User=0.00s Sys=0.00s Real=0.00s
[29.686s][info][gc,start       ] GC(111) Pause Young (Normal) (G1 Evacuation Pause)
[29.686s][info][gc,task        ] GC(111) Using 33 workers of 33 for evacuation
[29.689s][info][gc,phases      ] GC(111)   Pre Evacuate Collection Set: 0.3ms
[29.689s][info][gc,phases      ] GC(111)   Merge Heap Roots: 0.2ms
[29.689s][info][gc,phases      ] GC(111)   Evacuate Collection Set: 0.9ms
[29.689s][info][gc,phases      ] GC(111)   Post Evacuate Collection Set: 0.6ms
[29.689s][info][gc,phases      ] GC(111)   Other: 0.1ms
[29.689s][info][gc,heap        ] GC(111) Eden regions: 660->0(660)
[29.689s][info][gc,heap        ] GC(111) Survivor regions: 2->2(83)
[29.689s][info][gc,heap        ] GC(111) Old regions: 51->51
[29.689s][info][gc,heap        ] GC(111) Archive regions: 0->0
[29.689s][info][gc,heap        ] GC(111) Humongous regions: 0->0
[29.689s][info][gc,metaspace   ] GC(111) Metaspace: 73385K(74944K)->73385K(74944K) NonClass: 58048K(58944K)->58048K(58944K) Class: 15337K(16000K)->15337K(16000K)
[29.689s][info][gc             ] GC(111) Pause Young (Normal) (G1 Evacuation Pause) 699M->39M(1104M) 2.356ms
[29.689s][info][gc,cpu         ] GC(111) User=0.00s Sys=0.00s Real=0.00s
[29.856s][info][gc,start       ] GC(112) Pause Young (Normal) (G1 Evacuation Pause)
[29.856s][info][gc,task        ] GC(112) Using 33 workers of 33 for evacuation
[29.858s][info][gc,phases      ] GC(112)   Pre Evacuate Collection Set: 0.2ms
[29.858s][info][gc,phases      ] GC(112)   Merge Heap Roots: 0.3ms
[29.858s][info][gc,phases      ] GC(112)   Evacuate Collection Set: 0.9ms
[29.858s][info][gc,phases      ] GC(112)   Post Evacuate Collection Set: 0.6ms
[29.858s][info][gc,phases      ] GC(112)   Other: 0.2ms
[29.858s][info][gc,heap        ] GC(112) Eden regions: 660->0(660)
[29.858s][info][gc,heap        ] GC(112) Survivor regions: 2->2(83)
[29.858s][info][gc,heap        ] GC(112) Old regions: 51->51
[29.858s][info][gc,heap        ] GC(112) Archive regions: 0->0
[29.858s][info][gc,heap        ] GC(112) Humongous regions: 0->0
[29.858s][info][gc,metaspace   ] GC(112) Metaspace: 73385K(74944K)->73385K(74944K) NonClass: 58048K(58944K)->58048K(58944K) Class: 15337K(16000K)->15337K(16000K)
[29.858s][info][gc             ] GC(112) Pause Young (Normal) (G1 Evacuation Pause) 699M->39M(1104M) 2.433ms
[29.858s][info][gc,cpu         ] GC(112) User=0.00s Sys=0.00s Real=0.00s
[30.026s][info][gc,start       ] GC(113) Pause Young (Normal) (G1 Evacuation Pause)
[30.026s][info][gc,task        ] GC(113) Using 33 workers of 33 for evacuation
[30.028s][info][gc,phases      ] GC(113)   Pre Evacuate Collection Set: 0.2ms
[30.028s][info][gc,phases      ] GC(113)   Merge Heap Roots: 0.2ms
[30.028s][info][gc,phases      ] GC(113)   Evacuate Collection Set: 0.9ms
[30.028s][info][gc,phases      ] GC(113)   Post Evacuate Collection Set: 0.6ms
[30.028s][info][gc,phases      ] GC(113)   Other: 0.1ms
[30.028s][info][gc,heap        ] GC(113) Eden regions: 660->0(660)
[30.028s][info][gc,heap        ] GC(113) Survivor regions: 2->2(83)
[30.028s][info][gc,heap        ] GC(113) Old regions: 51->51
[30.028s][info][gc,heap        ] GC(113) Archive regions: 0->0
[30.028s][info][gc,heap        ] GC(113) Humongous regions: 0->0
[30.028s][info][gc,metaspace   ] GC(113) Metaspace: 73385K(74944K)->73385K(74944K) NonClass: 58048K(58944K)->58048K(58944K) Class: 15337K(16000K)->15337K(16000K)
[30.028s][info][gc             ] GC(113) Pause Young (Normal) (G1 Evacuation Pause) 699M->39M(1104M) 2.262ms
[30.028s][info][gc,cpu         ] GC(113) User=0.00s Sys=0.00s Real=0.00s
[30.195s][info][gc,start       ] GC(114) Pause Young (Normal) (G1 Evacuation Pause)
[30.195s][info][gc,task        ] GC(114) Using 33 workers of 33 for evacuation
[30.197s][info][gc,phases      ] GC(114)   Pre Evacuate Collection Set: 0.3ms
[30.197s][info][gc,phases      ] GC(114)   Merge Heap Roots: 0.2ms
[30.197s][info][gc,phases      ] GC(114)   Evacuate Collection Set: 0.9ms
[30.197s][info][gc,phases      ] GC(114)   Post Evacuate Collection Set: 0.6ms
[30.197s][info][gc,phases      ] GC(114)   Other: 0.1ms
[30.197s][info][gc,heap        ] GC(114) Eden regions: 660->0(660)
[30.197s][info][gc,heap        ] GC(114) Survivor regions: 2->2(83)
[30.197s][info][gc,heap        ] GC(114) Old regions: 51->51
[30.197s][info][gc,heap        ] GC(114) Archive regions: 0->0
[30.197s][info][gc,heap        ] GC(114) Humongous regions: 0->0
[30.197s][info][gc,metaspace   ] GC(114) Metaspace: 73385K(74944K)->73385K(74944K) NonClass: 58048K(58944K)->58048K(58944K) Class: 15337K(16000K)->15337K(16000K)
[30.197s][info][gc             ] GC(114) Pause Young (Normal) (G1 Evacuation Pause) 699M->39M(1104M) 2.330ms
[30.197s][info][gc,cpu         ] GC(114) User=0.00s Sys=0.00s Real=0.00s
[30.366s][info][gc,start       ] GC(115) Pause Young (Normal) (G1 Evacuation Pause)
[30.408s][info][gc,task        ] GC(115) Using 33 workers of 33 for evacuation
[30.411s][info][gc,phases      ] GC(115)   Pre Evacuate Collection Set: 0.4ms
[30.412s][info][gc,phases      ] GC(115)   Merge Heap Roots: 0.4ms
[30.412s][info][gc,phases      ] GC(115)   Evacuate Collection Set: 1.5ms
[30.412s][info][gc,phases      ] GC(115)   Post Evacuate Collection Set: 0.9ms
[30.412s][info][gc,phases      ] GC(115)   Other: 0.2ms
[30.412s][info][gc,heap        ] GC(115) Eden regions: 660->0(660)
[30.412s][info][gc,heap        ] GC(115) Survivor regions: 2->2(83)
[30.412s][info][gc,heap        ] GC(115) Old regions: 51->51
[30.412s][info][gc,heap        ] GC(115) Archive regions: 0->0
[30.412s][info][gc,heap        ] GC(115) Humongous regions: 0->0
[30.412s][info][gc,metaspace   ] GC(115) Metaspace: 73385K(74944K)->73385K(74944K) NonClass: 58048K(58944K)->58048K(58944K) Class: 15337K(16000K)->15337K(16000K)
[30.412s][info][gc             ] GC(115) Pause Young (Normal) (G1 Evacuation Pause) 699M->39M(1104M) 46.328ms
[30.412s][info][gc,cpu         ] GC(115) User=0.00s Sys=0.00s Real=0.05s
[30.590s][info][gc,start       ] GC(116) Pause Young (Normal) (G1 Evacuation Pause)
[30.590s][info][gc,task        ] GC(116) Using 33 workers of 33 for evacuation
[30.592s][info][gc,phases      ] GC(116)   Pre Evacuate Collection Set: 0.2ms
[30.592s][info][gc,phases      ] GC(116)   Merge Heap Roots: 0.2ms
[30.592s][info][gc,phases      ] GC(116)   Evacuate Collection Set: 0.9ms
[30.592s][info][gc,phases      ] GC(116)   Post Evacuate Collection Set: 0.6ms
[30.592s][info][gc,phases      ] GC(116)   Other: 0.1ms
[30.592s][info][gc,heap        ] GC(116) Eden regions: 660->0(660)
[30.592s][info][gc,heap        ] GC(116) Survivor regions: 2->2(83)
[30.592s][info][gc,heap        ] GC(116) Old regions: 51->51
[30.592s][info][gc,heap        ] GC(116) Archive regions: 0->0
[30.592s][info][gc,heap        ] GC(116) Humongous regions: 0->0
[30.592s][info][gc,metaspace   ] GC(116) Metaspace: 73385K(74944K)->73385K(74944K) NonClass: 58048K(58944K)->58048K(58944K) Class: 15337K(16000K)->15337K(16000K)
[30.592s][info][gc             ] GC(116) Pause Young (Normal) (G1 Evacuation Pause) 699M->39M(1104M) 2.305ms
[30.592s][info][gc,cpu         ] GC(116) User=0.00s Sys=0.00s Real=0.00s
[30.767s][info][gc,start       ] GC(117) Pause Young (Normal) (G1 Evacuation Pause)
[30.767s][info][gc,task        ] GC(117) Using 33 workers of 33 for evacuation
[30.769s][info][gc,phases      ] GC(117)   Pre Evacuate Collection Set: 0.2ms
[30.769s][info][gc,phases      ] GC(117)   Merge Heap Roots: 0.2ms
[30.769s][info][gc,phases      ] GC(117)   Evacuate Collection Set: 0.9ms
[30.769s][info][gc,phases      ] GC(117)   Post Evacuate Collection Set: 0.6ms
[30.769s][info][gc,phases      ] GC(117)   Other: 0.1ms
[30.769s][info][gc,heap        ] GC(117) Eden regions: 660->0(660)
[30.769s][info][gc,heap        ] GC(117) Survivor regions: 2->2(83)
[30.769s][info][gc,heap        ] GC(117) Old regions: 51->51
[30.769s][info][gc,heap        ] GC(117) Archive regions: 0->0
[30.769s][info][gc,heap        ] GC(117) Humongous regions: 0->0
[30.769s][info][gc,metaspace   ] GC(117) Metaspace: 73385K(74944K)->73385K(74944K) NonClass: 58048K(58944K)->58048K(58944K) Class: 15337K(16000K)->15337K(16000K)
[30.769s][info][gc             ] GC(117) Pause Young (Normal) (G1 Evacuation Pause) 699M->39M(1104M) 2.385ms
[30.769s][info][gc,cpu         ] GC(117) User=0.00s Sys=0.00s Real=0.00s
[30.937s][info][gc,start       ] GC(118) Pause Young (Normal) (G1 Evacuation Pause)
[30.937s][info][gc,task        ] GC(118) Using 33 workers of 33 for evacuation
[30.939s][info][gc,phases      ] GC(118)   Pre Evacuate Collection Set: 0.2ms
[30.939s][info][gc,phases      ] GC(118)   Merge Heap Roots: 0.2ms
[30.939s][info][gc,phases      ] GC(118)   Evacuate Collection Set: 0.8ms
[30.939s][info][gc,phases      ] GC(118)   Post Evacuate Collection Set: 0.6ms
[30.939s][info][gc,phases      ] GC(118)   Other: 0.1ms
[30.939s][info][gc,heap        ] GC(118) Eden regions: 660->0(660)
[30.939s][info][gc,heap        ] GC(118) Survivor regions: 2->2(83)
[30.939s][info][gc,heap        ] GC(118) Old regions: 51->51
[30.939s][info][gc,heap        ] GC(118) Archive regions: 0->0
[30.939s][info][gc,heap        ] GC(118) Humongous regions: 0->0
[30.939s][info][gc,metaspace   ] GC(118) Metaspace: 73386K(74944K)->73386K(74944K) NonClass: 58048K(58944K)->58048K(58944K) Class: 15337K(16000K)->15337K(16000K)
[30.939s][info][gc             ] GC(118) Pause Young (Normal) (G1 Evacuation Pause) 699M->39M(1104M) 2.268ms
[30.939s][info][gc,cpu         ] GC(118) User=0.00s Sys=0.00s Real=0.00s
[31.106s][info][gc,start       ] GC(119) Pause Young (Normal) (G1 Evacuation Pause)
[31.106s][info][gc,task        ] GC(119) Using 33 workers of 33 for evacuation
[31.108s][info][gc,phases      ] GC(119)   Pre Evacuate Collection Set: 0.2ms
[31.108s][info][gc,phases      ] GC(119)   Merge Heap Roots: 0.2ms
[31.108s][info][gc,phases      ] GC(119)   Evacuate Collection Set: 0.8ms
[31.108s][info][gc,phases      ] GC(119)   Post Evacuate Collection Set: 0.6ms
[31.108s][info][gc,phases      ] GC(119)   Other: 0.1ms
[31.108s][info][gc,heap        ] GC(119) Eden regions: 660->0(660)
[31.108s][info][gc,heap        ] GC(119) Survivor regions: 2->2(83)
[31.108s][info][gc,heap        ] GC(119) Old regions: 51->51
[31.108s][info][gc,heap        ] GC(119) Archive regions: 0->0
[31.108s][info][gc,heap        ] GC(119) Humongous regions: 0->0
[31.108s][info][gc,metaspace   ] GC(119) Metaspace: 73386K(74944K)->73386K(74944K) NonClass: 58048K(58944K)->58048K(58944K) Class: 15337K(16000K)->15337K(16000K)
[31.108s][info][gc             ] GC(119) Pause Young (Normal) (G1 Evacuation Pause) 699M->39M(1104M) 2.313ms
[31.108s][info][gc,cpu         ] GC(119) User=0.00s Sys=0.00s Real=0.00s
[31.275s][info][gc,start       ] GC(120) Pause Young (Normal) (G1 Evacuation Pause)
[31.275s][info][gc,task        ] GC(120) Using 33 workers of 33 for evacuation
[31.277s][info][gc,phases      ] GC(120)   Pre Evacuate Collection Set: 0.2ms
[31.277s][info][gc,phases      ] GC(120)   Merge Heap Roots: 0.3ms
[31.277s][info][gc,phases      ] GC(120)   Evacuate Collection Set: 0.8ms
[31.277s][info][gc,phases      ] GC(120)   Post Evacuate Collection Set: 0.6ms
[31.277s][info][gc,phases      ] GC(120)   Other: 0.1ms
[31.277s][info][gc,heap        ] GC(120) Eden regions: 660->0(660)
[31.277s][info][gc,heap        ] GC(120) Survivor regions: 2->2(83)
[31.277s][info][gc,heap        ] GC(120) Old regions: 51->51
[31.277s][info][gc,heap        ] GC(120) Archive regions: 0->0
[31.277s][info][gc,heap        ] GC(120) Humongous regions: 0->0
[31.277s][info][gc,metaspace   ] GC(120) Metaspace: 73386K(74944K)->73386K(74944K) NonClass: 58048K(58944K)->58048K(58944K) Class: 15337K(16000K)->15337K(16000K)
[31.277s][info][gc             ] GC(120) Pause Young (Normal) (G1 Evacuation Pause) 699M->39M(1104M) 2.313ms
[31.277s][info][gc,cpu         ] GC(120) User=0.03s Sys=0.00s Real=0.00s
[31.445s][info][gc,start       ] GC(121) Pause Young (Normal) (G1 Evacuation Pause)
[31.445s][info][gc,task        ] GC(121) Using 33 workers of 33 for evacuation
[31.447s][info][gc,phases      ] GC(121)   Pre Evacuate Collection Set: 0.2ms
[31.447s][info][gc,phases      ] GC(121)   Merge Heap Roots: 0.2ms
[31.447s][info][gc,phases      ] GC(121)   Evacuate Collection Set: 0.9ms
[31.447s][info][gc,phases      ] GC(121)   Post Evacuate Collection Set: 0.6ms
[31.447s][info][gc,phases      ] GC(121)   Other: 0.1ms
[31.447s][info][gc,heap        ] GC(121) Eden regions: 660->0(660)
[31.447s][info][gc,heap        ] GC(121) Survivor regions: 2->2(83)
[31.447s][info][gc,heap        ] GC(121) Old regions: 51->51
[31.447s][info][gc,heap        ] GC(121) Archive regions: 0->0
[31.447s][info][gc,heap        ] GC(121) Humongous regions: 0->0
[31.447s][info][gc,metaspace   ] GC(121) Metaspace: 73386K(74944K)->73386K(74944K) NonClass: 58048K(58944K)->58048K(58944K) Class: 15337K(16000K)->15337K(16000K)
[31.447s][info][gc             ] GC(121) Pause Young (Normal) (G1 Evacuation Pause) 699M->39M(1104M) 2.280ms
[31.447s][info][gc,cpu         ] GC(121) User=0.00s Sys=0.00s Real=0.00s
[31.617s][info][gc,start       ] GC(122) Pause Young (Normal) (G1 Evacuation Pause)
[31.617s][info][gc,task        ] GC(122) Using 33 workers of 33 for evacuation
[31.620s][info][gc,phases      ] GC(122)   Pre Evacuate Collection Set: 0.2ms
[31.620s][info][gc,phases      ] GC(122)   Merge Heap Roots: 0.2ms
[31.620s][info][gc,phases      ] GC(122)   Evacuate Collection Set: 0.8ms
[31.620s][info][gc,phases      ] GC(122)   Post Evacuate Collection Set: 0.7ms
[31.620s][info][gc,phases      ] GC(122)   Other: 0.1ms
[31.620s][info][gc,heap        ] GC(122) Eden regions: 660->0(660)
[31.620s][info][gc,heap        ] GC(122) Survivor regions: 2->2(83)
[31.620s][info][gc,heap        ] GC(122) Old regions: 51->51
[31.620s][info][gc,heap        ] GC(122) Archive regions: 0->0
[31.620s][info][gc,heap        ] GC(122) Humongous regions: 0->0
[31.620s][info][gc,metaspace   ] GC(122) Metaspace: 73391K(74944K)->73391K(74944K) NonClass: 58054K(58944K)->58054K(58944K) Class: 15337K(16000K)->15337K(16000K)
[31.620s][info][gc             ] GC(122) Pause Young (Normal) (G1 Evacuation Pause) 699M->39M(1104M) 2.375ms
[31.620s][info][gc,cpu         ] GC(122) User=0.00s Sys=0.00s Real=0.00s
[31.790s][info][gc,start       ] GC(123) Pause Young (Normal) (G1 Evacuation Pause)
[31.791s][info][gc,task        ] GC(123) Using 33 workers of 33 for evacuation
[31.793s][info][gc,phases      ] GC(123)   Pre Evacuate Collection Set: 0.2ms
[31.793s][info][gc,phases      ] GC(123)   Merge Heap Roots: 0.2ms
[31.793s][info][gc,phases      ] GC(123)   Evacuate Collection Set: 0.9ms
[31.793s][info][gc,phases      ] GC(123)   Post Evacuate Collection Set: 0.7ms
[31.793s][info][gc,phases      ] GC(123)   Other: 0.1ms
[31.793s][info][gc,heap        ] GC(123) Eden regions: 660->0(660)
[31.793s][info][gc,heap        ] GC(123) Survivor regions: 2->2(83)
[31.793s][info][gc,heap        ] GC(123) Old regions: 51->51
[31.793s][info][gc,heap        ] GC(123) Archive regions: 0->0
[31.793s][info][gc,heap        ] GC(123) Humongous regions: 0->0
[31.793s][info][gc,metaspace   ] GC(123) Metaspace: 73414K(74944K)->73414K(74944K) NonClass: 58077K(58944K)->58077K(58944K) Class: 15337K(16000K)->15337K(16000K)
[31.793s][info][gc             ] GC(123) Pause Young (Normal) (G1 Evacuation Pause) 699M->39M(1104M) 2.339ms
[31.793s][info][gc,cpu         ] GC(123) User=0.03s Sys=0.00s Real=0.00s
[31.969s][info][gc,start       ] GC(124) Pause Young (Normal) (G1 Evacuation Pause)
[31.969s][info][gc,task        ] GC(124) Using 33 workers of 33 for evacuation
[31.971s][info][gc,phases      ] GC(124)   Pre Evacuate Collection Set: 0.2ms
[31.971s][info][gc,phases      ] GC(124)   Merge Heap Roots: 0.3ms
[31.971s][info][gc,phases      ] GC(124)   Evacuate Collection Set: 0.9ms
[31.971s][info][gc,phases      ] GC(124)   Post Evacuate Collection Set: 0.7ms
[31.971s][info][gc,phases      ] GC(124)   Other: 0.1ms
[31.971s][info][gc,heap        ] GC(124) Eden regions: 660->0(660)
[31.971s][info][gc,heap        ] GC(124) Survivor regions: 2->2(83)
[31.971s][info][gc,heap        ] GC(124) Old regions: 51->51
[31.971s][info][gc,heap        ] GC(124) Archive regions: 0->0
[31.971s][info][gc,heap        ] GC(124) Humongous regions: 0->0
[31.971s][info][gc,metaspace   ] GC(124) Metaspace: 73419K(74944K)->73419K(74944K) NonClass: 58082K(58944K)->58082K(58944K) Class: 15337K(16000K)->15337K(16000K)
[31.971s][info][gc             ] GC(124) Pause Young (Normal) (G1 Evacuation Pause) 699M->39M(1104M) 2.454ms
[31.971s][info][gc,cpu         ] GC(124) User=0.00s Sys=0.00s Real=0.00s
[32.170s][info][gc,start       ] GC(125) Pause Young (Normal) (G1 Evacuation Pause)
[32.171s][info][gc,task        ] GC(125) Using 33 workers of 33 for evacuation
[32.172s][info][gc,phases      ] GC(125)   Pre Evacuate Collection Set: 0.2ms
[32.173s][info][gc,phases      ] GC(125)   Merge Heap Roots: 0.2ms
[32.173s][info][gc,phases      ] GC(125)   Evacuate Collection Set: 0.8ms
[32.173s][info][gc,phases      ] GC(125)   Post Evacuate Collection Set: 0.6ms
[32.173s][info][gc,phases      ] GC(125)   Other: 0.1ms
[32.173s][info][gc,heap        ] GC(125) Eden regions: 660->0(660)
[32.173s][info][gc,heap        ] GC(125) Survivor regions: 2->2(83)
[32.173s][info][gc,heap        ] GC(125) Old regions: 51->51
[32.173s][info][gc,heap        ] GC(125) Archive regions: 0->0
[32.173s][info][gc,heap        ] GC(125) Humongous regions: 0->0
[32.173s][info][gc,metaspace   ] GC(125) Metaspace: 73467K(74944K)->73467K(74944K) NonClass: 58130K(58944K)->58130K(58944K) Class: 15337K(16000K)->15337K(16000K)
[32.173s][info][gc             ] GC(125) Pause Young (Normal) (G1 Evacuation Pause) 699M->39M(1104M) 2.175ms
[32.173s][info][gc,cpu         ] GC(125) User=0.00s Sys=0.00s Real=0.00s
[32.436s][info][gc,start       ] GC(126) Pause Young (Normal) (G1 Evacuation Pause)
[32.437s][info][gc,task        ] GC(126) Using 33 workers of 33 for evacuation
[32.439s][info][gc,phases      ] GC(126)   Pre Evacuate Collection Set: 0.2ms
[32.439s][info][gc,phases      ] GC(126)   Merge Heap Roots: 0.2ms
[32.439s][info][gc,phases      ] GC(126)   Evacuate Collection Set: 0.9ms
[32.439s][info][gc,phases      ] GC(126)   Post Evacuate Collection Set: 0.7ms
[32.439s][info][gc,phases      ] GC(126)   Other: 0.1ms
[32.439s][info][gc,heap        ] GC(126) Eden regions: 660->0(660)
[32.439s][info][gc,heap        ] GC(126) Survivor regions: 2->2(83)
[32.439s][info][gc,heap        ] GC(126) Old regions: 51->51
[32.439s][info][gc,heap        ] GC(126) Archive regions: 0->0
[32.439s][info][gc,heap        ] GC(126) Humongous regions: 0->0
[32.439s][info][gc,metaspace   ] GC(126) Metaspace: 73488K(74944K)->73488K(74944K) NonClass: 58151K(58944K)->58151K(58944K) Class: 15337K(16000K)->15337K(16000K)
[32.439s][info][gc             ] GC(126) Pause Young (Normal) (G1 Evacuation Pause) 699M->39M(1104M) 2.390ms
[32.439s][info][gc,cpu         ] GC(126) User=0.00s Sys=0.00s Real=0.00s
[32.758s][info][gc,start       ] GC(127) Pause Young (Normal) (G1 Evacuation Pause)
[32.758s][info][gc,task        ] GC(127) Using 29 workers of 33 for evacuation
[32.760s][info][gc,phases      ] GC(127)   Pre Evacuate Collection Set: 0.2ms
[32.760s][info][gc,phases      ] GC(127)   Merge Heap Roots: 0.2ms
[32.760s][info][gc,phases      ] GC(127)   Evacuate Collection Set: 0.8ms
[32.760s][info][gc,phases      ] GC(127)   Post Evacuate Collection Set: 0.7ms
[32.760s][info][gc,phases      ] GC(127)   Other: 0.1ms
[32.760s][info][gc,heap        ] GC(127) Eden regions: 660->0(660)
[32.760s][info][gc,heap        ] GC(127) Survivor regions: 2->2(83)
[32.760s][info][gc,heap        ] GC(127) Old regions: 51->51
[32.760s][info][gc,heap        ] GC(127) Archive regions: 0->0
[32.760s][info][gc,heap        ] GC(127) Humongous regions: 0->0
[32.760s][info][gc,metaspace   ] GC(127) Metaspace: 73496K(74944K)->73496K(74944K) NonClass: 58159K(58944K)->58159K(58944K) Class: 15337K(16000K)->15337K(16000K)
[32.760s][info][gc             ] GC(127) Pause Young (Normal) (G1 Evacuation Pause) 699M->39M(1104M) 2.183ms
[32.760s][info][gc,cpu         ] GC(127) User=0.00s Sys=0.00s Real=0.00s
[33.192s][info][gc,start       ] GC(128) Pause Young (Normal) (G1 Evacuation Pause)
[33.192s][info][gc,task        ] GC(128) Using 27 workers of 33 for evacuation
[33.194s][info][gc,phases      ] GC(128)   Pre Evacuate Collection Set: 0.2ms
[33.194s][info][gc,phases      ] GC(128)   Merge Heap Roots: 0.2ms
[33.194s][info][gc,phases      ] GC(128)   Evacuate Collection Set: 0.7ms
[33.194s][info][gc,phases      ] GC(128)   Post Evacuate Collection Set: 0.6ms
[33.194s][info][gc,phases      ] GC(128)   Other: 0.1ms
[33.194s][info][gc,heap        ] GC(128) Eden regions: 660->0(660)
[33.194s][info][gc,heap        ] GC(128) Survivor regions: 2->2(83)
[33.194s][info][gc,heap        ] GC(128) Old regions: 51->51
[33.194s][info][gc,heap        ] GC(128) Archive regions: 0->0
[33.194s][info][gc,heap        ] GC(128) Humongous regions: 0->0
[33.194s][info][gc,metaspace   ] GC(128) Metaspace: 73496K(74944K)->73496K(74944K) NonClass: 58159K(58944K)->58159K(58944K) Class: 15337K(16000K)->15337K(16000K)
[33.194s][info][gc             ] GC(128) Pause Young (Normal) (G1 Evacuation Pause) 699M->39M(1104M) 2.064ms
[33.194s][info][gc,cpu         ] GC(128) User=0.00s Sys=0.00s Real=0.00s
[33.655s][info][gc,start       ] GC(129) Pause Young (Normal) (G1 Evacuation Pause)
[33.656s][info][gc,task        ] GC(129) Using 26 workers of 33 for evacuation
[33.657s][info][gc,phases      ] GC(129)   Pre Evacuate Collection Set: 0.2ms
[33.657s][info][gc,phases      ] GC(129)   Merge Heap Roots: 0.2ms
[33.657s][info][gc,phases      ] GC(129)   Evacuate Collection Set: 0.6ms
[33.657s][info][gc,phases      ] GC(129)   Post Evacuate Collection Set: 0.6ms
[33.657s][info][gc,phases      ] GC(129)   Other: 0.1ms
[33.657s][info][gc,heap        ] GC(129) Eden regions: 660->0(660)
[33.657s][info][gc,heap        ] GC(129) Survivor regions: 2->2(83)
[33.657s][info][gc,heap        ] GC(129) Old regions: 51->51
[33.657s][info][gc,heap        ] GC(129) Archive regions: 0->0
[33.657s][info][gc,heap        ] GC(129) Humongous regions: 0->0
[33.657s][info][gc,metaspace   ] GC(129) Metaspace: 73496K(74944K)->73496K(74944K) NonClass: 58159K(58944K)->58159K(58944K) Class: 15337K(16000K)->15337K(16000K)
[33.657s][info][gc             ] GC(129) Pause Young (Normal) (G1 Evacuation Pause) 699M->39M(1104M) 1.953ms
[33.657s][info][gc,cpu         ] GC(129) User=0.00s Sys=0.00s Real=0.00s
[34.061s][info][gc,start       ] GC(130) Pause Full (System.gc())
[34.061s][info][gc,task        ] GC(130) Using 26 workers of 33 for full compaction
[34.063s][info][gc,phases,start] GC(130) Phase 1: Mark live objects
[34.092s][info][gc,phases      ] GC(130) Phase 1: Mark live objects 28.894ms
[34.092s][info][gc,phases,start] GC(130) Phase 2: Prepare compaction
[34.095s][info][gc,phases      ] GC(130) Phase 2: Prepare compaction 2.877ms
[34.095s][info][gc,phases,start] GC(130) Phase 3: Adjust pointers
[34.103s][info][gc,phases      ] GC(130) Phase 3: Adjust pointers 8.304ms
[34.103s][info][gc,phases,start] GC(130) Phase 4: Compact heap
[34.104s][info][gc,phases      ] GC(130) Phase 4: Compact heap 0.853ms
[34.116s][info][gc,heap        ] GC(130) Eden regions: 436->0(98)
[34.117s][info][gc,heap        ] GC(130) Survivor regions: 2->0(83)
[34.117s][info][gc,heap        ] GC(130) Old regions: 51->49
[34.117s][info][gc,heap        ] GC(130) Archive regions: 0->0
[34.117s][info][gc,heap        ] GC(130) Humongous regions: 0->0
[34.117s][info][gc,metaspace   ] GC(130) Metaspace: 73518K(74944K)->73518K(74944K) NonClass: 58181K(58944K)->58181K(58944K) Class: 15337K(16000K)->15337K(16000K)
[34.117s][info][gc             ] GC(130) Pause Full (System.gc()) 475M->35M(164M) 55.290ms
[34.117s][info][gc,cpu         ] GC(130) User=0.81s Sys=0.02s Real=0.06s
[34.167s][info][gc,start       ] GC(131) Pause Young (Normal) (G1 Evacuation Pause)
[34.167s][info][gc,task        ] GC(131) Using 33 workers of 33 for evacuation
[34.170s][info][gc,phases      ] GC(131)   Pre Evacuate Collection Set: 0.2ms
[34.170s][info][gc,phases      ] GC(131)   Merge Heap Roots: 0.2ms
[34.170s][info][gc,phases      ] GC(131)   Evacuate Collection Set: 1.5ms
[34.170s][info][gc,phases      ] GC(131)   Post Evacuate Collection Set: 0.7ms
[34.170s][info][gc,phases      ] GC(131)   Other: 0.1ms
[34.170s][info][gc,heap        ] GC(131) Eden regions: 98->0(94)
[34.170s][info][gc,heap        ] GC(131) Survivor regions: 0->4(13)
[34.170s][info][gc,heap        ] GC(131) Old regions: 49->49
[34.170s][info][gc,heap        ] GC(131) Archive regions: 0->0
[34.170s][info][gc,heap        ] GC(131) Humongous regions: 0->0
[34.170s][info][gc,metaspace   ] GC(131) Metaspace: 73624K(74944K)->73624K(74944K) NonClass: 58286K(58944K)->58286K(58944K) Class: 15337K(16000K)->15337K(16000K)
[34.170s][info][gc             ] GC(131) Pause Young (Normal) (G1 Evacuation Pause) 133M->38M(164M) 2.877ms
[34.170s][info][gc,cpu         ] GC(131) User=0.00s Sys=0.00s Real=0.00s
[34.197s][info][gc,start       ] GC(132) Pause Young (Normal) (G1 Evacuation Pause)
[34.197s][info][gc,task        ] GC(132) Using 33 workers of 33 for evacuation
[34.199s][info][gc,phases      ] GC(132)   Pre Evacuate Collection Set: 0.2ms
[34.199s][info][gc,phases      ] GC(132)   Merge Heap Roots: 0.2ms
[34.199s][info][gc,phases      ] GC(132)   Evacuate Collection Set: 1.1ms
[34.199s][info][gc,phases      ] GC(132)   Post Evacuate Collection Set: 0.6ms
[34.199s][info][gc,phases      ] GC(132)   Other: 0.1ms
[34.199s][info][gc,heap        ] GC(132) Eden regions: 94->0(94)
[34.199s][info][gc,heap        ] GC(132) Survivor regions: 4->4(13)
[34.199s][info][gc,heap        ] GC(132) Old regions: 49->49
[34.199s][info][gc,heap        ] GC(132) Archive regions: 0->0
[34.199s][info][gc,heap        ] GC(132) Humongous regions: 0->0
[34.199s][info][gc,metaspace   ] GC(132) Metaspace: 73624K(74944K)->73624K(74944K) NonClass: 58286K(58944K)->58286K(58944K) Class: 15337K(16000K)->15337K(16000K)
[34.199s][info][gc             ] GC(132) Pause Young (Normal) (G1 Evacuation Pause) 132M->39M(164M) 2.455ms
[34.199s][info][gc,cpu         ] GC(132) User=0.53s Sys=0.00s Real=0.00s
[34.225s][info][gc,start       ] GC(133) Pause Young (Normal) (G1 Evacuation Pause)
[34.225s][info][gc,task        ] GC(133) Using 33 workers of 33 for evacuation
[34.227s][info][gc,phases      ] GC(133)   Pre Evacuate Collection Set: 0.2ms
[34.227s][info][gc,phases      ] GC(133)   Merge Heap Roots: 0.2ms
[34.227s][info][gc,phases      ] GC(133)   Evacuate Collection Set: 1.2ms
[34.227s][info][gc,phases      ] GC(133)   Post Evacuate Collection Set: 0.7ms
[34.227s][info][gc,phases      ] GC(133)   Other: 0.1ms
[34.227s][info][gc,heap        ] GC(133) Eden regions: 94->0(94)
[34.227s][info][gc,heap        ] GC(133) Survivor regions: 4->4(13)
[34.227s][info][gc,heap        ] GC(133) Old regions: 49->49
[34.227s][info][gc,heap        ] GC(133) Archive regions: 0->0
[34.227s][info][gc,heap        ] GC(133) Humongous regions: 0->0
[34.227s][info][gc,metaspace   ] GC(133) Metaspace: 73624K(74944K)->73624K(74944K) NonClass: 58286K(58944K)->58286K(58944K) Class: 15337K(16000K)->15337K(16000K)
[34.227s][info][gc             ] GC(133) Pause Young (Normal) (G1 Evacuation Pause) 133M->39M(164M) 2.551ms
[34.227s][info][gc,cpu         ] GC(133) User=0.00s Sys=0.00s Real=0.00s
[34.259s][info][gc,start       ] GC(134) Pause Young (Normal) (G1 Evacuation Pause)
[34.259s][info][gc,task        ] GC(134) Using 33 workers of 33 for evacuation
[34.266s][info][gc,phases      ] GC(134)   Pre Evacuate Collection Set: 0.2ms
[34.266s][info][gc,phases      ] GC(134)   Merge Heap Roots: 0.2ms
[34.266s][info][gc,phases      ] GC(134)   Evacuate Collection Set: 1.2ms
[34.266s][info][gc,phases      ] GC(134)   Post Evacuate Collection Set: 5.7ms
[34.266s][info][gc,phases      ] GC(134)   Other: 0.1ms
[34.266s][info][gc,heap        ] GC(134) Eden regions: 94->0(659)
[34.266s][info][gc,heap        ] GC(134) Survivor regions: 4->4(13)
[34.266s][info][gc,heap        ] GC(134) Old regions: 49->49
[34.266s][info][gc,heap        ] GC(134) Archive regions: 0->0
[34.266s][info][gc,heap        ] GC(134) Humongous regions: 0->0
[34.266s][info][gc,metaspace   ] GC(134) Metaspace: 73624K(74944K)->73624K(74944K) NonClass: 58286K(58944K)->58286K(58944K) Class: 15337K(16000K)->15337K(16000K)
[34.266s][info][gc             ] GC(134) Pause Young (Normal) (G1 Evacuation Pause) 133M->39M(1106M) 7.652ms
[34.267s][info][gc,cpu         ] GC(134) User=0.03s Sys=0.00s Real=0.01s
[34.476s][info][gc,start       ] GC(135) Pause Young (Normal) (G1 Evacuation Pause)
[34.476s][info][gc,task        ] GC(135) Using 33 workers of 33 for evacuation
[34.480s][info][gc,phases      ] GC(135)   Pre Evacuate Collection Set: 0.2ms
[34.480s][info][gc,phases      ] GC(135)   Merge Heap Roots: 0.3ms
[34.480s][info][gc,phases      ] GC(135)   Evacuate Collection Set: 2.4ms
[34.480s][info][gc,phases      ] GC(135)   Post Evacuate Collection Set: 0.8ms
[34.480s][info][gc,phases      ] GC(135)   Other: 0.1ms
[34.480s][info][gc,heap        ] GC(135) Eden regions: 659->0(658)
[34.480s][info][gc,heap        ] GC(135) Survivor regions: 4->5(83)
[34.480s][info][gc,heap        ] GC(135) Old regions: 49->49
[34.480s][info][gc,heap        ] GC(135) Archive regions: 0->0
[34.480s][info][gc,heap        ] GC(135) Humongous regions: 0->0
[34.480s][info][gc,metaspace   ] GC(135) Metaspace: 73624K(74944K)->73624K(74944K) NonClass: 58286K(58944K)->58286K(58944K) Class: 15337K(16000K)->15337K(16000K)
[34.480s][info][gc             ] GC(135) Pause Young (Normal) (G1 Evacuation Pause) 698M->39M(1106M) 4.043ms
[34.480s][info][gc,cpu         ] GC(135) User=0.00s Sys=0.00s Real=0.00s
[34.648s][info][gc,start       ] GC(136) Pause Young (Normal) (G1 Evacuation Pause)
[34.648s][info][gc,task        ] GC(136) Using 33 workers of 33 for evacuation
[34.652s][info][gc,phases      ] GC(136)   Pre Evacuate Collection Set: 0.3ms
[34.652s][info][gc,phases      ] GC(136)   Merge Heap Roots: 0.2ms
[34.652s][info][gc,phases      ] GC(136)   Evacuate Collection Set: 2.1ms
[34.652s][info][gc,phases      ] GC(136)   Post Evacuate Collection Set: 0.8ms
[34.652s][info][gc,phases      ] GC(136)   Other: 0.1ms
[34.652s][info][gc,heap        ] GC(136) Eden regions: 658->0(659)
[34.652s][info][gc,heap        ] GC(136) Survivor regions: 5->4(83)
[34.652s][info][gc,heap        ] GC(136) Old regions: 49->49
[34.652s][info][gc,heap        ] GC(136) Archive regions: 0->0
[34.652s][info][gc,heap        ] GC(136) Humongous regions: 0->0
[34.652s][info][gc,metaspace   ] GC(136) Metaspace: 73624K(74944K)->73624K(74944K) NonClass: 58286K(58944K)->58286K(58944K) Class: 15337K(16000K)->15337K(16000K)
[34.652s][info][gc             ] GC(136) Pause Young (Normal) (G1 Evacuation Pause) 697M->39M(1106M) 3.681ms
[34.652s][info][gc,cpu         ] GC(136) User=0.00s Sys=0.00s Real=0.00s
[34.819s][info][gc,start       ] GC(137) Pause Young (Normal) (G1 Evacuation Pause)
[34.819s][info][gc,task        ] GC(137) Using 33 workers of 33 for evacuation
[34.822s][info][gc,phases      ] GC(137)   Pre Evacuate Collection Set: 0.2ms
[34.822s][info][gc,phases      ] GC(137)   Merge Heap Roots: 0.2ms
[34.822s][info][gc,phases      ] GC(137)   Evacuate Collection Set: 1.4ms
[34.822s][info][gc,phases      ] GC(137)   Post Evacuate Collection Set: 0.8ms
[34.822s][info][gc,phases      ] GC(137)   Other: 0.1ms
[34.822s][info][gc,heap        ] GC(137) Eden regions: 659->0(659)
[34.822s][info][gc,heap        ] GC(137) Survivor regions: 4->4(83)
[34.822s][info][gc,heap        ] GC(137) Old regions: 49->49
[34.822s][info][gc,heap        ] GC(137) Archive regions: 0->0
[34.822s][info][gc,heap        ] GC(137) Humongous regions: 0->0
[34.822s][info][gc,metaspace   ] GC(137) Metaspace: 73624K(74944K)->73624K(74944K) NonClass: 58286K(58944K)->58286K(58944K) Class: 15337K(16000K)->15337K(16000K)
[34.822s][info][gc             ] GC(137) Pause Young (Normal) (G1 Evacuation Pause) 698M->39M(1106M) 3.030ms
[34.822s][info][gc,cpu         ] GC(137) User=0.00s Sys=0.00s Real=0.00s
[34.989s][info][gc,start       ] GC(138) Pause Young (Normal) (G1 Evacuation Pause)
[34.989s][info][gc,task        ] GC(138) Using 33 workers of 33 for evacuation
[34.992s][info][gc,phases      ] GC(138)   Pre Evacuate Collection Set: 0.2ms
[34.992s][info][gc,phases      ] GC(138)   Merge Heap Roots: 0.2ms
[34.992s][info][gc,phases      ] GC(138)   Evacuate Collection Set: 1.2ms
[34.992s][info][gc,phases      ] GC(138)   Post Evacuate Collection Set: 0.8ms
[34.992s][info][gc,phases      ] GC(138)   Other: 0.1ms
[34.992s][info][gc,heap        ] GC(138) Eden regions: 659->0(659)
[34.992s][info][gc,heap        ] GC(138) Survivor regions: 4->4(83)
[34.992s][info][gc,heap        ] GC(138) Old regions: 49->49
[34.992s][info][gc,heap        ] GC(138) Archive regions: 0->0
[34.992s][info][gc,heap        ] GC(138) Humongous regions: 0->0
[34.992s][info][gc,metaspace   ] GC(138) Metaspace: 73624K(74944K)->73624K(74944K) NonClass: 58286K(58944K)->58286K(58944K) Class: 15337K(16000K)->15337K(16000K)
[34.992s][info][gc             ] GC(138) Pause Young (Normal) (G1 Evacuation Pause) 698M->39M(1106M) 2.766ms
[34.992s][info][gc,cpu         ] GC(138) User=0.00s Sys=0.00s Real=0.00s
[35.159s][info][gc,start       ] GC(139) Pause Young (Normal) (G1 Evacuation Pause)
[35.159s][info][gc,task        ] GC(139) Using 33 workers of 33 for evacuation
[35.162s][info][gc,phases      ] GC(139)   Pre Evacuate Collection Set: 0.2ms
[35.162s][info][gc,phases      ] GC(139)   Merge Heap Roots: 0.2ms
[35.162s][info][gc,phases      ] GC(139)   Evacuate Collection Set: 1.2ms
[35.162s][info][gc,phases      ] GC(139)   Post Evacuate Collection Set: 0.8ms
[35.162s][info][gc,phases      ] GC(139)   Other: 0.1ms
[35.162s][info][gc,heap        ] GC(139) Eden regions: 659->0(659)
[35.162s][info][gc,heap        ] GC(139) Survivor regions: 4->4(83)
[35.162s][info][gc,heap        ] GC(139) Old regions: 49->49
[35.162s][info][gc,heap        ] GC(139) Archive regions: 0->0
[35.162s][info][gc,heap        ] GC(139) Humongous regions: 0->0
[35.162s][info][gc,metaspace   ] GC(139) Metaspace: 73624K(74944K)->73624K(74944K) NonClass: 58286K(58944K)->58286K(58944K) Class: 15337K(16000K)->15337K(16000K)
[35.162s][info][gc             ] GC(139) Pause Young (Normal) (G1 Evacuation Pause) 698M->39M(1106M) 2.827ms
[35.162s][info][gc,cpu         ] GC(139) User=0.00s Sys=0.00s Real=0.00s
[35.330s][info][gc,start       ] GC(140) Pause Young (Normal) (G1 Evacuation Pause)
[35.330s][info][gc,task        ] GC(140) Using 33 workers of 33 for evacuation
[35.332s][info][gc,phases      ] GC(140)   Pre Evacuate Collection Set: 0.2ms
[35.332s][info][gc,phases      ] GC(140)   Merge Heap Roots: 0.3ms
[35.332s][info][gc,phases      ] GC(140)   Evacuate Collection Set: 1.1ms
[35.332s][info][gc,phases      ] GC(140)   Post Evacuate Collection Set: 0.8ms
[35.332s][info][gc,phases      ] GC(140)   Other: 0.1ms
[35.332s][info][gc,heap        ] GC(140) Eden regions: 659->0(659)
[35.332s][info][gc,heap        ] GC(140) Survivor regions: 4->4(83)
[35.332s][info][gc,heap        ] GC(140) Old regions: 49->49
[35.332s][info][gc,heap        ] GC(140) Archive regions: 0->0
[35.332s][info][gc,heap        ] GC(140) Humongous regions: 0->0
[35.332s][info][gc,metaspace   ] GC(140) Metaspace: 73624K(74944K)->73624K(74944K) NonClass: 58286K(58944K)->58286K(58944K) Class: 15337K(16000K)->15337K(16000K)
[35.332s][info][gc             ] GC(140) Pause Young (Normal) (G1 Evacuation Pause) 698M->39M(1106M) 2.773ms
[35.333s][info][gc,cpu         ] GC(140) User=0.00s Sys=0.00s Real=0.00s
[35.500s][info][gc,start       ] GC(141) Pause Young (Normal) (G1 Evacuation Pause)
[35.500s][info][gc,task        ] GC(141) Using 33 workers of 33 for evacuation
[35.503s][info][gc,phases      ] GC(141)   Pre Evacuate Collection Set: 0.2ms
[35.503s][info][gc,phases      ] GC(141)   Merge Heap Roots: 0.3ms
[35.503s][info][gc,phases      ] GC(141)   Evacuate Collection Set: 1.2ms
[35.503s][info][gc,phases      ] GC(141)   Post Evacuate Collection Set: 0.8ms
[35.503s][info][gc,phases      ] GC(141)   Other: 0.1ms
[35.503s][info][gc,heap        ] GC(141) Eden regions: 659->0(659)
[35.503s][info][gc,heap        ] GC(141) Survivor regions: 4->4(83)
[35.503s][info][gc,heap        ] GC(141) Old regions: 49->49
[35.503s][info][gc,heap        ] GC(141) Archive regions: 0->0
[35.503s][info][gc,heap        ] GC(141) Humongous regions: 0->0
[35.503s][info][gc,metaspace   ] GC(141) Metaspace: 73624K(74944K)->73624K(74944K) NonClass: 58286K(58944K)->58286K(58944K) Class: 15337K(16000K)->15337K(16000K)
[35.503s][info][gc             ] GC(141) Pause Young (Normal) (G1 Evacuation Pause) 698M->39M(1106M) 2.865ms
[35.503s][info][gc,cpu         ] GC(141) User=0.00s Sys=0.00s Real=0.00s
[35.671s][info][gc,start       ] GC(142) Pause Young (Normal) (G1 Evacuation Pause)
[35.671s][info][gc,task        ] GC(142) Using 33 workers of 33 for evacuation
[35.674s][info][gc,phases      ] GC(142)   Pre Evacuate Collection Set: 0.2ms
[35.674s][info][gc,phases      ] GC(142)   Merge Heap Roots: 0.2ms
[35.674s][info][gc,phases      ] GC(142)   Evacuate Collection Set: 1.1ms
[35.674s][info][gc,phases      ] GC(142)   Post Evacuate Collection Set: 0.8ms
[35.674s][info][gc,phases      ] GC(142)   Other: 0.1ms
[35.674s][info][gc,heap        ] GC(142) Eden regions: 659->0(659)
[35.674s][info][gc,heap        ] GC(142) Survivor regions: 4->4(83)
[35.674s][info][gc,heap        ] GC(142) Old regions: 49->49
[35.674s][info][gc,heap        ] GC(142) Archive regions: 0->0
[35.674s][info][gc,heap        ] GC(142) Humongous regions: 0->0
[35.674s][info][gc,metaspace   ] GC(142) Metaspace: 73624K(74944K)->73624K(74944K) NonClass: 58286K(58944K)->58286K(58944K) Class: 15337K(16000K)->15337K(16000K)
[35.674s][info][gc             ] GC(142) Pause Young (Normal) (G1 Evacuation Pause) 698M->39M(1106M) 2.741ms
[35.674s][info][gc,cpu         ] GC(142) User=0.00s Sys=0.00s Real=0.00s
[35.843s][info][gc,start       ] GC(143) Pause Young (Normal) (G1 Evacuation Pause)
[35.843s][info][gc,task        ] GC(143) Using 33 workers of 33 for evacuation
[35.846s][info][gc,phases      ] GC(143)   Pre Evacuate Collection Set: 0.2ms
[35.846s][info][gc,phases      ] GC(143)   Merge Heap Roots: 0.3ms
[35.846s][info][gc,phases      ] GC(143)   Evacuate Collection Set: 1.2ms
[35.846s][info][gc,phases      ] GC(143)   Post Evacuate Collection Set: 0.8ms
[35.846s][info][gc,phases      ] GC(143)   Other: 0.1ms
[35.846s][info][gc,heap        ] GC(143) Eden regions: 659->0(659)
[35.846s][info][gc,heap        ] GC(143) Survivor regions: 4->4(83)
[35.846s][info][gc,heap        ] GC(143) Old regions: 49->49
[35.846s][info][gc,heap        ] GC(143) Archive regions: 0->0
[35.846s][info][gc,heap        ] GC(143) Humongous regions: 0->0
[35.846s][info][gc,metaspace   ] GC(143) Metaspace: 73624K(74944K)->73624K(74944K) NonClass: 58286K(58944K)->58286K(58944K) Class: 15337K(16000K)->15337K(16000K)
[35.846s][info][gc             ] GC(143) Pause Young (Normal) (G1 Evacuation Pause) 698M->39M(1106M) 2.886ms
[35.846s][info][gc,cpu         ] GC(143) User=0.00s Sys=0.00s Real=0.00s
[36.013s][info][gc,start       ] GC(144) Pause Young (Normal) (G1 Evacuation Pause)
[36.013s][info][gc,task        ] GC(144) Using 33 workers of 33 for evacuation
[36.016s][info][gc,phases      ] GC(144)   Pre Evacuate Collection Set: 0.2ms
[36.016s][info][gc,phases      ] GC(144)   Merge Heap Roots: 0.2ms
[36.016s][info][gc,phases      ] GC(144)   Evacuate Collection Set: 1.3ms
[36.016s][info][gc,phases      ] GC(144)   Post Evacuate Collection Set: 0.8ms
[36.016s][info][gc,phases      ] GC(144)   Other: 0.1ms
[36.016s][info][gc,heap        ] GC(144) Eden regions: 659->0(659)
[36.016s][info][gc,heap        ] GC(144) Survivor regions: 4->4(83)
[36.016s][info][gc,heap        ] GC(144) Old regions: 49->49
[36.016s][info][gc,heap        ] GC(144) Archive regions: 0->0
[36.016s][info][gc,heap        ] GC(144) Humongous regions: 0->0
[36.016s][info][gc,metaspace   ] GC(144) Metaspace: 73624K(74944K)->73624K(74944K) NonClass: 58286K(58944K)->58286K(58944K) Class: 15337K(16000K)->15337K(16000K)
[36.016s][info][gc             ] GC(144) Pause Young (Normal) (G1 Evacuation Pause) 698M->39M(1106M) 2.923ms
[36.016s][info][gc,cpu         ] GC(144) User=0.00s Sys=0.00s Real=0.00s
[36.184s][info][gc,start       ] GC(145) Pause Young (Normal) (G1 Evacuation Pause)
[36.184s][info][gc,task        ] GC(145) Using 33 workers of 33 for evacuation
[36.186s][info][gc,phases      ] GC(145)   Pre Evacuate Collection Set: 0.2ms
[36.186s][info][gc,phases      ] GC(145)   Merge Heap Roots: 0.2ms
[36.186s][info][gc,phases      ] GC(145)   Evacuate Collection Set: 1.2ms
[36.186s][info][gc,phases      ] GC(145)   Post Evacuate Collection Set: 0.8ms
[36.186s][info][gc,phases      ] GC(145)   Other: 0.1ms
[36.186s][info][gc,heap        ] GC(145) Eden regions: 659->0(659)
[36.186s][info][gc,heap        ] GC(145) Survivor regions: 4->4(83)
[36.186s][info][gc,heap        ] GC(145) Old regions: 49->49
[36.186s][info][gc,heap        ] GC(145) Archive regions: 0->0
[36.186s][info][gc,heap        ] GC(145) Humongous regions: 0->0
[36.186s][info][gc,metaspace   ] GC(145) Metaspace: 73624K(74944K)->73624K(74944K) NonClass: 58286K(58944K)->58286K(58944K) Class: 15337K(16000K)->15337K(16000K)
[36.186s][info][gc             ] GC(145) Pause Young (Normal) (G1 Evacuation Pause) 698M->39M(1106M) 2.764ms
[36.186s][info][gc,cpu         ] GC(145) User=0.00s Sys=0.00s Real=0.00s
[36.354s][info][gc,start       ] GC(146) Pause Young (Normal) (G1 Evacuation Pause)
[36.354s][info][gc,task        ] GC(146) Using 33 workers of 33 for evacuation
[36.356s][info][gc,phases      ] GC(146)   Pre Evacuate Collection Set: 0.2ms
[36.356s][info][gc,phases      ] GC(146)   Merge Heap Roots: 0.2ms
[36.356s][info][gc,phases      ] GC(146)   Evacuate Collection Set: 1.3ms
[36.356s][info][gc,phases      ] GC(146)   Post Evacuate Collection Set: 0.6ms
[36.356s][info][gc,phases      ] GC(146)   Other: 0.1ms
[36.356s][info][gc,heap        ] GC(146) Eden regions: 659->0(661)
[36.356s][info][gc,heap        ] GC(146) Survivor regions: 4->2(83)
[36.356s][info][gc,heap        ] GC(146) Old regions: 49->52
[36.356s][info][gc,heap        ] GC(146) Archive regions: 0->0
[36.356s][info][gc,heap        ] GC(146) Humongous regions: 0->0
[36.356s][info][gc,metaspace   ] GC(146) Metaspace: 73624K(74944K)->73624K(74944K) NonClass: 58286K(58944K)->58286K(58944K) Class: 15337K(16000K)->15337K(16000K)
[36.356s][info][gc             ] GC(146) Pause Young (Normal) (G1 Evacuation Pause) 698M->39M(1106M) 2.744ms
[36.356s][info][gc,cpu         ] GC(146) User=0.00s Sys=0.00s Real=0.00s
[36.525s][info][gc,start       ] GC(147) Pause Young (Normal) (G1 Evacuation Pause)
[36.525s][info][gc,task        ] GC(147) Using 33 workers of 33 for evacuation
[36.527s][info][gc,phases      ] GC(147)   Pre Evacuate Collection Set: 0.2ms
[36.527s][info][gc,phases      ] GC(147)   Merge Heap Roots: 0.3ms
[36.527s][info][gc,phases      ] GC(147)   Evacuate Collection Set: 0.9ms
[36.527s][info][gc,phases      ] GC(147)   Post Evacuate Collection Set: 0.6ms
[36.527s][info][gc,phases      ] GC(147)   Other: 0.2ms
[36.527s][info][gc,heap        ] GC(147) Eden regions: 661->0(661)
[36.527s][info][gc,heap        ] GC(147) Survivor regions: 2->2(83)
[36.527s][info][gc,heap        ] GC(147) Old regions: 52->52
[36.527s][info][gc,heap        ] GC(147) Archive regions: 0->0
[36.527s][info][gc,heap        ] GC(147) Humongous regions: 0->0
[36.527s][info][gc,metaspace   ] GC(147) Metaspace: 73624K(74944K)->73624K(74944K) NonClass: 58286K(58944K)->58286K(58944K) Class: 15337K(16000K)->15337K(16000K)
[36.527s][info][gc             ] GC(147) Pause Young (Normal) (G1 Evacuation Pause) 700M->39M(1106M) 2.339ms
[36.527s][info][gc,cpu         ] GC(147) User=0.00s Sys=0.00s Real=0.00s
[36.697s][info][gc,start       ] GC(148) Pause Young (Normal) (G1 Evacuation Pause)
[36.697s][info][gc,task        ] GC(148) Using 33 workers of 33 for evacuation
[36.699s][info][gc,phases      ] GC(148)   Pre Evacuate Collection Set: 0.2ms
[36.699s][info][gc,phases      ] GC(148)   Merge Heap Roots: 0.3ms
[36.699s][info][gc,phases      ] GC(148)   Evacuate Collection Set: 0.9ms
[36.699s][info][gc,phases      ] GC(148)   Post Evacuate Collection Set: 0.6ms
[36.699s][info][gc,phases      ] GC(148)   Other: 0.1ms
[36.699s][info][gc,heap        ] GC(148) Eden regions: 661->0(661)
[36.699s][info][gc,heap        ] GC(148) Survivor regions: 2->2(83)
[36.699s][info][gc,heap        ] GC(148) Old regions: 52->52
[36.699s][info][gc,heap        ] GC(148) Archive regions: 0->0
[36.699s][info][gc,heap        ] GC(148) Humongous regions: 0->0
[36.699s][info][gc,metaspace   ] GC(148) Metaspace: 73642K(74944K)->73642K(74944K) NonClass: 58305K(58944K)->58305K(58944K) Class: 15337K(16000K)->15337K(16000K)
[36.699s][info][gc             ] GC(148) Pause Young (Normal) (G1 Evacuation Pause) 700M->39M(1106M) 2.308ms
[36.699s][info][gc,cpu         ] GC(148) User=0.00s Sys=0.00s Real=0.00s
[36.868s][info][gc,start       ] GC(149) Pause Young (Normal) (G1 Evacuation Pause)
[36.868s][info][gc,task        ] GC(149) Using 33 workers of 33 for evacuation
[36.870s][info][gc,phases      ] GC(149)   Pre Evacuate Collection Set: 0.2ms
[36.870s][info][gc,phases      ] GC(149)   Merge Heap Roots: 0.3ms
[36.870s][info][gc,phases      ] GC(149)   Evacuate Collection Set: 0.8ms
[36.870s][info][gc,phases      ] GC(149)   Post Evacuate Collection Set: 0.6ms
[36.870s][info][gc,phases      ] GC(149)   Other: 0.1ms
[36.870s][info][gc,heap        ] GC(149) Eden regions: 661->0(661)
[36.870s][info][gc,heap        ] GC(149) Survivor regions: 2->2(83)
[36.870s][info][gc,heap        ] GC(149) Old regions: 52->52
[36.870s][info][gc,heap        ] GC(149) Archive regions: 0->0
[36.870s][info][gc,heap        ] GC(149) Humongous regions: 0->0
[36.870s][info][gc,metaspace   ] GC(149) Metaspace: 73642K(74944K)->73642K(74944K) NonClass: 58305K(58944K)->58305K(58944K) Class: 15337K(16000K)->15337K(16000K)
[36.870s][info][gc             ] GC(149) Pause Young (Normal) (G1 Evacuation Pause) 700M->39M(1106M) 2.256ms
[36.870s][info][gc,cpu         ] GC(149) User=0.00s Sys=0.02s Real=0.00s
[37.044s][info][gc,start       ] GC(150) Pause Young (Normal) (G1 Evacuation Pause)
[37.044s][info][gc,task        ] GC(150) Using 33 workers of 33 for evacuation
[37.046s][info][gc,phases      ] GC(150)   Pre Evacuate Collection Set: 0.2ms
[37.046s][info][gc,phases      ] GC(150)   Merge Heap Roots: 0.3ms
[37.046s][info][gc,phases      ] GC(150)   Evacuate Collection Set: 0.8ms
[37.046s][info][gc,phases      ] GC(150)   Post Evacuate Collection Set: 0.6ms
[37.046s][info][gc,phases      ] GC(150)   Other: 0.1ms
[37.046s][info][gc,heap        ] GC(150) Eden regions: 661->0(661)
[37.046s][info][gc,heap        ] GC(150) Survivor regions: 2->2(83)
[37.046s][info][gc,heap        ] GC(150) Old regions: 52->52
[37.046s][info][gc,heap        ] GC(150) Archive regions: 0->0
[37.046s][info][gc,heap        ] GC(150) Humongous regions: 0->0
[37.046s][info][gc,metaspace   ] GC(150) Metaspace: 73642K(74944K)->73642K(74944K) NonClass: 58305K(58944K)->58305K(58944K) Class: 15337K(16000K)->15337K(16000K)
[37.046s][info][gc             ] GC(150) Pause Young (Normal) (G1 Evacuation Pause) 700M->39M(1106M) 2.214ms
[37.046s][info][gc,cpu         ] GC(150) User=0.00s Sys=0.00s Real=0.00s
[37.215s][info][gc,start       ] GC(151) Pause Young (Normal) (G1 Evacuation Pause)
[37.215s][info][gc,task        ] GC(151) Using 33 workers of 33 for evacuation
[37.217s][info][gc,phases      ] GC(151)   Pre Evacuate Collection Set: 0.2ms
[37.217s][info][gc,phases      ] GC(151)   Merge Heap Roots: 0.3ms
[37.217s][info][gc,phases      ] GC(151)   Evacuate Collection Set: 0.8ms
[37.217s][info][gc,phases      ] GC(151)   Post Evacuate Collection Set: 0.6ms
[37.217s][info][gc,phases      ] GC(151)   Other: 0.1ms
[37.217s][info][gc,heap        ] GC(151) Eden regions: 661->0(661)
[37.217s][info][gc,heap        ] GC(151) Survivor regions: 2->2(83)
[37.217s][info][gc,heap        ] GC(151) Old regions: 52->52
[37.217s][info][gc,heap        ] GC(151) Archive regions: 0->0
[37.217s][info][gc,heap        ] GC(151) Humongous regions: 0->0
[37.217s][info][gc,metaspace   ] GC(151) Metaspace: 73642K(74944K)->73642K(74944K) NonClass: 58305K(58944K)->58305K(58944K) Class: 15337K(16000K)->15337K(16000K)
[37.217s][info][gc             ] GC(151) Pause Young (Normal) (G1 Evacuation Pause) 700M->39M(1106M) 2.300ms
[37.217s][info][gc,cpu         ] GC(151) User=0.00s Sys=0.00s Real=0.00s
[37.386s][info][gc,start       ] GC(152) Pause Young (Normal) (G1 Evacuation Pause)
[37.386s][info][gc,task        ] GC(152) Using 33 workers of 33 for evacuation
[37.388s][info][gc,phases      ] GC(152)   Pre Evacuate Collection Set: 0.2ms
[37.388s][info][gc,phases      ] GC(152)   Merge Heap Roots: 0.3ms
[37.388s][info][gc,phases      ] GC(152)   Evacuate Collection Set: 0.9ms
[37.388s][info][gc,phases      ] GC(152)   Post Evacuate Collection Set: 0.6ms
[37.388s][info][gc,phases      ] GC(152)   Other: 0.1ms
[37.388s][info][gc,heap        ] GC(152) Eden regions: 661->0(661)
[37.388s][info][gc,heap        ] GC(152) Survivor regions: 2->2(83)
[37.388s][info][gc,heap        ] GC(152) Old regions: 52->52
[37.388s][info][gc,heap        ] GC(152) Archive regions: 0->0
[37.388s][info][gc,heap        ] GC(152) Humongous regions: 0->0
[37.388s][info][gc,metaspace   ] GC(152) Metaspace: 73642K(74944K)->73642K(74944K) NonClass: 58305K(58944K)->58305K(58944K) Class: 15337K(16000K)->15337K(16000K)
[37.388s][info][gc             ] GC(152) Pause Young (Normal) (G1 Evacuation Pause) 700M->39M(1106M) 2.346ms
[37.388s][info][gc,cpu         ] GC(152) User=0.00s Sys=0.00s Real=0.00s
[37.557s][info][gc,start       ] GC(153) Pause Young (Normal) (G1 Evacuation Pause)
[37.557s][info][gc,task        ] GC(153) Using 33 workers of 33 for evacuation
[37.559s][info][gc,phases      ] GC(153)   Pre Evacuate Collection Set: 0.2ms
[37.559s][info][gc,phases      ] GC(153)   Merge Heap Roots: 0.3ms
[37.559s][info][gc,phases      ] GC(153)   Evacuate Collection Set: 0.8ms
[37.559s][info][gc,phases      ] GC(153)   Post Evacuate Collection Set: 0.6ms
[37.559s][info][gc,phases      ] GC(153)   Other: 0.1ms
[37.559s][info][gc,heap        ] GC(153) Eden regions: 661->0(661)
[37.559s][info][gc,heap        ] GC(153) Survivor regions: 2->2(83)
[37.559s][info][gc,heap        ] GC(153) Old regions: 52->52
[37.559s][info][gc,heap        ] GC(153) Archive regions: 0->0
[37.559s][info][gc,heap        ] GC(153) Humongous regions: 0->0
[37.559s][info][gc,metaspace   ] GC(153) Metaspace: 73642K(74944K)->73642K(74944K) NonClass: 58305K(58944K)->58305K(58944K) Class: 15337K(16000K)->15337K(16000K)
[37.559s][info][gc             ] GC(153) Pause Young (Normal) (G1 Evacuation Pause) 700M->39M(1106M) 2.266ms
[37.559s][info][gc,cpu         ] GC(153) User=0.00s Sys=0.02s Real=0.00s
[37.728s][info][gc,start       ] GC(154) Pause Young (Normal) (G1 Evacuation Pause)
[37.728s][info][gc,task        ] GC(154) Using 33 workers of 33 for evacuation
[37.730s][info][gc,phases      ] GC(154)   Pre Evacuate Collection Set: 0.2ms
[37.730s][info][gc,phases      ] GC(154)   Merge Heap Roots: 0.3ms
[37.730s][info][gc,phases      ] GC(154)   Evacuate Collection Set: 0.9ms
[37.730s][info][gc,phases      ] GC(154)   Post Evacuate Collection Set: 0.6ms
[37.730s][info][gc,phases      ] GC(154)   Other: 0.1ms
[37.730s][info][gc,heap        ] GC(154) Eden regions: 661->0(661)
[37.730s][info][gc,heap        ] GC(154) Survivor regions: 2->2(83)
[37.730s][info][gc,heap        ] GC(154) Old regions: 52->52
[37.730s][info][gc,heap        ] GC(154) Archive regions: 0->0
[37.730s][info][gc,heap        ] GC(154) Humongous regions: 0->0
[37.730s][info][gc,metaspace   ] GC(154) Metaspace: 73642K(74944K)->73642K(74944K) NonClass: 58305K(58944K)->58305K(58944K) Class: 15337K(16000K)->15337K(16000K)
[37.730s][info][gc             ] GC(154) Pause Young (Normal) (G1 Evacuation Pause) 700M->39M(1106M) 2.333ms
[37.730s][info][gc,cpu         ] GC(154) User=0.00s Sys=0.00s Real=0.00s
[37.899s][info][gc,start       ] GC(155) Pause Young (Normal) (G1 Evacuation Pause)
[37.899s][info][gc,task        ] GC(155) Using 33 workers of 33 for evacuation
[37.901s][info][gc,phases      ] GC(155)   Pre Evacuate Collection Set: 0.2ms
[37.901s][info][gc,phases      ] GC(155)   Merge Heap Roots: 0.3ms
[37.901s][info][gc,phases      ] GC(155)   Evacuate Collection Set: 0.9ms
[37.901s][info][gc,phases      ] GC(155)   Post Evacuate Collection Set: 0.6ms
[37.901s][info][gc,phases      ] GC(155)   Other: 0.1ms
[37.901s][info][gc,heap        ] GC(155) Eden regions: 661->0(661)
[37.901s][info][gc,heap        ] GC(155) Survivor regions: 2->2(83)
[37.901s][info][gc,heap        ] GC(155) Old regions: 52->52
[37.901s][info][gc,heap        ] GC(155) Archive regions: 0->0
[37.901s][info][gc,heap        ] GC(155) Humongous regions: 0->0
[37.901s][info][gc,metaspace   ] GC(155) Metaspace: 73642K(74944K)->73642K(74944K) NonClass: 58305K(58944K)->58305K(58944K) Class: 15337K(16000K)->15337K(16000K)
[37.901s][info][gc             ] GC(155) Pause Young (Normal) (G1 Evacuation Pause) 700M->39M(1106M) 2.344ms
[37.901s][info][gc,cpu         ] GC(155) User=0.00s Sys=0.00s Real=0.00s
[38.069s][info][gc,start       ] GC(156) Pause Young (Normal) (G1 Evacuation Pause)
[38.069s][info][gc,task        ] GC(156) Using 33 workers of 33 for evacuation
[38.072s][info][gc,phases      ] GC(156)   Pre Evacuate Collection Set: 0.2ms
[38.072s][info][gc,phases      ] GC(156)   Merge Heap Roots: 0.3ms
[38.072s][info][gc,phases      ] GC(156)   Evacuate Collection Set: 0.9ms
[38.072s][info][gc,phases      ] GC(156)   Post Evacuate Collection Set: 0.6ms
[38.072s][info][gc,phases      ] GC(156)   Other: 0.1ms
[38.072s][info][gc,heap        ] GC(156) Eden regions: 661->0(661)
[38.072s][info][gc,heap        ] GC(156) Survivor regions: 2->2(83)
[38.072s][info][gc,heap        ] GC(156) Old regions: 52->52
[38.072s][info][gc,heap        ] GC(156) Archive regions: 0->0
[38.072s][info][gc,heap        ] GC(156) Humongous regions: 0->0
[38.072s][info][gc,metaspace   ] GC(156) Metaspace: 73642K(74944K)->73642K(74944K) NonClass: 58305K(58944K)->58305K(58944K) Class: 15337K(16000K)->15337K(16000K)
[38.072s][info][gc             ] GC(156) Pause Young (Normal) (G1 Evacuation Pause) 700M->39M(1106M) 2.319ms
[38.072s][info][gc,cpu         ] GC(156) User=0.00s Sys=0.00s Real=0.00s
[38.240s][info][gc,start       ] GC(157) Pause Young (Normal) (G1 Evacuation Pause)
[38.240s][info][gc,task        ] GC(157) Using 33 workers of 33 for evacuation
[38.242s][info][gc,phases      ] GC(157)   Pre Evacuate Collection Set: 0.2ms
[38.242s][info][gc,phases      ] GC(157)   Merge Heap Roots: 0.2ms
[38.242s][info][gc,phases      ] GC(157)   Evacuate Collection Set: 0.8ms
[38.242s][info][gc,phases      ] GC(157)   Post Evacuate Collection Set: 0.6ms
[38.242s][info][gc,phases      ] GC(157)   Other: 0.1ms
[38.242s][info][gc,heap        ] GC(157) Eden regions: 661->0(661)
[38.242s][info][gc,heap        ] GC(157) Survivor regions: 2->2(83)
[38.242s][info][gc,heap        ] GC(157) Old regions: 52->52
[38.242s][info][gc,heap        ] GC(157) Archive regions: 0->0
[38.242s][info][gc,heap        ] GC(157) Humongous regions: 0->0
[38.242s][info][gc,metaspace   ] GC(157) Metaspace: 73642K(74944K)->73642K(74944K) NonClass: 58305K(58944K)->58305K(58944K) Class: 15337K(16000K)->15337K(16000K)
[38.242s][info][gc             ] GC(157) Pause Young (Normal) (G1 Evacuation Pause) 700M->39M(1106M) 2.266ms
[38.242s][info][gc,cpu         ] GC(157) User=0.00s Sys=0.00s Real=0.00s
[38.410s][info][gc,start       ] GC(158) Pause Young (Normal) (G1 Evacuation Pause)
[38.411s][info][gc,task        ] GC(158) Using 33 workers of 33 for evacuation
[38.413s][info][gc,phases      ] GC(158)   Pre Evacuate Collection Set: 0.2ms
[38.413s][info][gc,phases      ] GC(158)   Merge Heap Roots: 0.3ms
[38.413s][info][gc,phases      ] GC(158)   Evacuate Collection Set: 0.9ms
[38.413s][info][gc,phases      ] GC(158)   Post Evacuate Collection Set: 0.6ms
[38.413s][info][gc,phases      ] GC(158)   Other: 0.1ms
[38.413s][info][gc,heap        ] GC(158) Eden regions: 661->0(661)
[38.413s][info][gc,heap        ] GC(158) Survivor regions: 2->2(83)
[38.413s][info][gc,heap        ] GC(158) Old regions: 52->52
[38.413s][info][gc,heap        ] GC(158) Archive regions: 0->0
[38.413s][info][gc,heap        ] GC(158) Humongous regions: 0->0
[38.413s][info][gc,metaspace   ] GC(158) Metaspace: 73642K(74944K)->73642K(74944K) NonClass: 58305K(58944K)->58305K(58944K) Class: 15337K(16000K)->15337K(16000K)
[38.413s][info][gc             ] GC(158) Pause Young (Normal) (G1 Evacuation Pause) 700M->39M(1106M) 2.337ms
[38.413s][info][gc,cpu         ] GC(158) User=0.00s Sys=0.00s Real=0.00s
[38.582s][info][gc,start       ] GC(159) Pause Young (Normal) (G1 Evacuation Pause)
[38.582s][info][gc,task        ] GC(159) Using 33 workers of 33 for evacuation
[38.584s][info][gc,phases      ] GC(159)   Pre Evacuate Collection Set: 0.2ms
[38.584s][info][gc,phases      ] GC(159)   Merge Heap Roots: 0.3ms
[38.584s][info][gc,phases      ] GC(159)   Evacuate Collection Set: 0.9ms
[38.584s][info][gc,phases      ] GC(159)   Post Evacuate Collection Set: 0.6ms
[38.584s][info][gc,phases      ] GC(159)   Other: 0.1ms
[38.584s][info][gc,heap        ] GC(159) Eden regions: 661->0(661)
[38.584s][info][gc,heap        ] GC(159) Survivor regions: 2->2(83)
[38.584s][info][gc,heap        ] GC(159) Old regions: 52->52
[38.584s][info][gc,heap        ] GC(159) Archive regions: 0->0
[38.584s][info][gc,heap        ] GC(159) Humongous regions: 0->0
[38.584s][info][gc,metaspace   ] GC(159) Metaspace: 73642K(74944K)->73642K(74944K) NonClass: 58305K(58944K)->58305K(58944K) Class: 15337K(16000K)->15337K(16000K)
[38.584s][info][gc             ] GC(159) Pause Young (Normal) (G1 Evacuation Pause) 700M->39M(1106M) 2.317ms
[38.584s][info][gc,cpu         ] GC(159) User=0.00s Sys=0.00s Real=0.00s
[38.753s][info][gc,start       ] GC(160) Pause Young (Normal) (G1 Evacuation Pause)
[38.753s][info][gc,task        ] GC(160) Using 33 workers of 33 for evacuation
[38.755s][info][gc,phases      ] GC(160)   Pre Evacuate Collection Set: 0.2ms
[38.755s][info][gc,phases      ] GC(160)   Merge Heap Roots: 0.3ms
[38.755s][info][gc,phases      ] GC(160)   Evacuate Collection Set: 0.8ms
[38.755s][info][gc,phases      ] GC(160)   Post Evacuate Collection Set: 0.6ms
[38.755s][info][gc,phases      ] GC(160)   Other: 0.1ms
[38.755s][info][gc,heap        ] GC(160) Eden regions: 661->0(661)
[38.755s][info][gc,heap        ] GC(160) Survivor regions: 2->2(83)
[38.755s][info][gc,heap        ] GC(160) Old regions: 52->52
[38.755s][info][gc,heap        ] GC(160) Archive regions: 0->0
[38.755s][info][gc,heap        ] GC(160) Humongous regions: 0->0
[38.755s][info][gc,metaspace   ] GC(160) Metaspace: 73642K(74944K)->73642K(74944K) NonClass: 58305K(58944K)->58305K(58944K) Class: 15337K(16000K)->15337K(16000K)
[38.755s][info][gc             ] GC(160) Pause Young (Normal) (G1 Evacuation Pause) 700M->39M(1106M) 2.301ms
[38.755s][info][gc,cpu         ] GC(160) User=0.00s Sys=0.00s Real=0.00s
[38.924s][info][gc,start       ] GC(161) Pause Young (Normal) (G1 Evacuation Pause)
[38.924s][info][gc,task        ] GC(161) Using 33 workers of 33 for evacuation
[38.926s][info][gc,phases      ] GC(161)   Pre Evacuate Collection Set: 0.2ms
[38.926s][info][gc,phases      ] GC(161)   Merge Heap Roots: 0.3ms
[38.926s][info][gc,phases      ] GC(161)   Evacuate Collection Set: 0.9ms
[38.926s][info][gc,phases      ] GC(161)   Post Evacuate Collection Set: 0.7ms
[38.926s][info][gc,phases      ] GC(161)   Other: 0.1ms
[38.926s][info][gc,heap        ] GC(161) Eden regions: 661->0(661)
[38.926s][info][gc,heap        ] GC(161) Survivor regions: 2->2(83)
[38.926s][info][gc,heap        ] GC(161) Old regions: 52->52
[38.926s][info][gc,heap        ] GC(161) Archive regions: 0->0
[38.926s][info][gc,heap        ] GC(161) Humongous regions: 0->0
[38.926s][info][gc,metaspace   ] GC(161) Metaspace: 73642K(74944K)->73642K(74944K) NonClass: 58305K(58944K)->58305K(58944K) Class: 15337K(16000K)->15337K(16000K)
[38.926s][info][gc             ] GC(161) Pause Young (Normal) (G1 Evacuation Pause) 700M->39M(1106M) 2.403ms
[38.926s][info][gc,cpu         ] GC(161) User=0.00s Sys=0.00s Real=0.00s
[39.099s][info][gc,start       ] GC(162) Pause Young (Normal) (G1 Evacuation Pause)
[39.099s][info][gc,task        ] GC(162) Using 33 workers of 33 for evacuation
[39.101s][info][gc,phases      ] GC(162)   Pre Evacuate Collection Set: 0.2ms
[39.101s][info][gc,phases      ] GC(162)   Merge Heap Roots: 0.3ms
[39.101s][info][gc,phases      ] GC(162)   Evacuate Collection Set: 0.9ms
[39.101s][info][gc,phases      ] GC(162)   Post Evacuate Collection Set: 0.7ms
[39.101s][info][gc,phases      ] GC(162)   Other: 0.1ms
[39.101s][info][gc,heap        ] GC(162) Eden regions: 661->0(661)
[39.101s][info][gc,heap        ] GC(162) Survivor regions: 2->2(83)
[39.101s][info][gc,heap        ] GC(162) Old regions: 52->52
[39.101s][info][gc,heap        ] GC(162) Archive regions: 0->0
[39.101s][info][gc,heap        ] GC(162) Humongous regions: 0->0
[39.101s][info][gc,metaspace   ] GC(162) Metaspace: 73671K(74944K)->73671K(74944K) NonClass: 58333K(58944K)->58333K(58944K) Class: 15337K(16000K)->15337K(16000K)
[39.101s][info][gc             ] GC(162) Pause Young (Normal) (G1 Evacuation Pause) 700M->39M(1106M) 2.406ms
[39.101s][info][gc,cpu         ] GC(162) User=0.00s Sys=0.00s Real=0.00s
[39.277s][info][gc,start       ] GC(163) Pause Young (Normal) (G1 Evacuation Pause)
[39.277s][info][gc,task        ] GC(163) Using 33 workers of 33 for evacuation
[39.279s][info][gc,phases      ] GC(163)   Pre Evacuate Collection Set: 0.2ms
[39.279s][info][gc,phases      ] GC(163)   Merge Heap Roots: 0.2ms
[39.279s][info][gc,phases      ] GC(163)   Evacuate Collection Set: 0.9ms
[39.279s][info][gc,phases      ] GC(163)   Post Evacuate Collection Set: 0.7ms
[39.279s][info][gc,phases      ] GC(163)   Other: 0.1ms
[39.279s][info][gc,heap        ] GC(163) Eden regions: 661->0(661)
[39.279s][info][gc,heap        ] GC(163) Survivor regions: 2->2(83)
[39.279s][info][gc,heap        ] GC(163) Old regions: 52->52
[39.279s][info][gc,heap        ] GC(163) Archive regions: 0->0
[39.279s][info][gc,heap        ] GC(163) Humongous regions: 0->0
[39.279s][info][gc,metaspace   ] GC(163) Metaspace: 73671K(74944K)->73671K(74944K) NonClass: 58334K(58944K)->58334K(58944K) Class: 15337K(16000K)->15337K(16000K)
[39.279s][info][gc             ] GC(163) Pause Young (Normal) (G1 Evacuation Pause) 700M->39M(1106M) 2.359ms
[39.279s][info][gc,cpu         ] GC(163) User=0.00s Sys=0.00s Real=0.00s
[39.467s][info][gc,start       ] GC(164) Pause Young (Normal) (G1 Evacuation Pause)
[39.467s][info][gc,task        ] GC(164) Using 33 workers of 33 for evacuation
[39.469s][info][gc,phases      ] GC(164)   Pre Evacuate Collection Set: 0.2ms
[39.469s][info][gc,phases      ] GC(164)   Merge Heap Roots: 0.2ms
[39.469s][info][gc,phases      ] GC(164)   Evacuate Collection Set: 0.8ms
[39.469s][info][gc,phases      ] GC(164)   Post Evacuate Collection Set: 0.6ms
[39.469s][info][gc,phases      ] GC(164)   Other: 0.1ms
[39.469s][info][gc,heap        ] GC(164) Eden regions: 661->0(661)
[39.469s][info][gc,heap        ] GC(164) Survivor regions: 2->2(83)
[39.469s][info][gc,heap        ] GC(164) Old regions: 52->52
[39.469s][info][gc,heap        ] GC(164) Archive regions: 0->0
[39.469s][info][gc,heap        ] GC(164) Humongous regions: 0->0
[39.469s][info][gc,metaspace   ] GC(164) Metaspace: 73671K(74944K)->73671K(74944K) NonClass: 58334K(58944K)->58334K(58944K) Class: 15337K(16000K)->15337K(16000K)
[39.469s][info][gc             ] GC(164) Pause Young (Normal) (G1 Evacuation Pause) 700M->39M(1106M) 2.261ms
[39.469s][info][gc,cpu         ] GC(164) User=0.00s Sys=0.00s Real=0.00s
[39.695s][info][gc,start       ] GC(165) Pause Young (Normal) (G1 Evacuation Pause)
[39.695s][info][gc,task        ] GC(165) Using 33 workers of 33 for evacuation
[39.698s][info][gc,phases      ] GC(165)   Pre Evacuate Collection Set: 0.2ms
[39.698s][info][gc,phases      ] GC(165)   Merge Heap Roots: 0.2ms
[39.698s][info][gc,phases      ] GC(165)   Evacuate Collection Set: 0.8ms
[39.698s][info][gc,phases      ] GC(165)   Post Evacuate Collection Set: 0.7ms
[39.698s][info][gc,phases      ] GC(165)   Other: 0.1ms
[39.698s][info][gc,heap        ] GC(165) Eden regions: 661->0(661)
[39.698s][info][gc,heap        ] GC(165) Survivor regions: 2->2(83)
[39.698s][info][gc,heap        ] GC(165) Old regions: 52->52
[39.698s][info][gc,heap        ] GC(165) Archive regions: 0->0
[39.698s][info][gc,heap        ] GC(165) Humongous regions: 0->0
[39.698s][info][gc,metaspace   ] GC(165) Metaspace: 73671K(74944K)->73671K(74944K) NonClass: 58334K(58944K)->58334K(58944K) Class: 15337K(16000K)->15337K(16000K)
[39.698s][info][gc             ] GC(165) Pause Young (Normal) (G1 Evacuation Pause) 700M->39M(1106M) 2.303ms
[39.698s][info][gc,cpu         ] GC(165) User=0.00s Sys=0.00s Real=0.00s
[40.058s][info][gc,start       ] GC(166) Pause Young (Normal) (G1 Evacuation Pause)
[40.058s][info][gc,task        ] GC(166) Using 29 workers of 33 for evacuation
[40.060s][info][gc,phases      ] GC(166)   Pre Evacuate Collection Set: 0.2ms
[40.060s][info][gc,phases      ] GC(166)   Merge Heap Roots: 0.2ms
[40.060s][info][gc,phases      ] GC(166)   Evacuate Collection Set: 0.8ms
[40.060s][info][gc,phases      ] GC(166)   Post Evacuate Collection Set: 0.7ms
[40.060s][info][gc,phases      ] GC(166)   Other: 0.1ms
[40.060s][info][gc,heap        ] GC(166) Eden regions: 661->0(661)
[40.060s][info][gc,heap        ] GC(166) Survivor regions: 2->2(83)
[40.060s][info][gc,heap        ] GC(166) Old regions: 52->52
[40.061s][info][gc,heap        ] GC(166) Archive regions: 0->0
[40.061s][info][gc,heap        ] GC(166) Humongous regions: 0->0
[40.061s][info][gc,metaspace   ] GC(166) Metaspace: 73671K(74944K)->73671K(74944K) NonClass: 58334K(58944K)->58334K(58944K) Class: 15337K(16000K)->15337K(16000K)
[40.061s][info][gc             ] GC(166) Pause Young (Normal) (G1 Evacuation Pause) 700M->39M(1106M) 2.314ms
[40.061s][info][gc,cpu         ] GC(166) User=0.02s Sys=0.00s Real=0.02s
[40.672s][info][gc,start       ] GC(167) Pause Young (Normal) (G1 Evacuation Pause)
[40.672s][info][gc,task        ] GC(167) Using 27 workers of 33 for evacuation
[40.674s][info][gc,phases      ] GC(167)   Pre Evacuate Collection Set: 0.2ms
[40.674s][info][gc,phases      ] GC(167)   Merge Heap Roots: 0.3ms
[40.674s][info][gc,phases      ] GC(167)   Evacuate Collection Set: 0.8ms
[40.674s][info][gc,phases      ] GC(167)   Post Evacuate Collection Set: 0.6ms
[40.674s][info][gc,phases      ] GC(167)   Other: 0.1ms
[40.674s][info][gc,heap        ] GC(167) Eden regions: 661->0(661)
[40.674s][info][gc,heap        ] GC(167) Survivor regions: 2->2(83)
[40.674s][info][gc,heap        ] GC(167) Old regions: 52->52
[40.674s][info][gc,heap        ] GC(167) Archive regions: 0->0
[40.674s][info][gc,heap        ] GC(167) Humongous regions: 0->0
[40.674s][info][gc,metaspace   ] GC(167) Metaspace: 73671K(74944K)->73671K(74944K) NonClass: 58334K(58944K)->58334K(58944K) Class: 15337K(16000K)->15337K(16000K)
[40.674s][info][gc             ] GC(167) Pause Young (Normal) (G1 Evacuation Pause) 700M->39M(1106M) 2.185ms
[40.674s][info][gc,cpu         ] GC(167) User=0.00s Sys=0.00s Real=0.00s
[41.270s][info][gc,start       ] GC(168) Pause Young (Normal) (G1 Evacuation Pause)
[41.270s][info][gc,task        ] GC(168) Using 26 workers of 33 for evacuation
[41.272s][info][gc,phases      ] GC(168)   Pre Evacuate Collection Set: 0.2ms
[41.272s][info][gc,phases      ] GC(168)   Merge Heap Roots: 0.3ms
[41.272s][info][gc,phases      ] GC(168)   Evacuate Collection Set: 0.7ms
[41.272s][info][gc,phases      ] GC(168)   Post Evacuate Collection Set: 0.6ms
[41.272s][info][gc,phases      ] GC(168)   Other: 0.1ms
[41.272s][info][gc,heap        ] GC(168) Eden regions: 661->0(661)
[41.272s][info][gc,heap        ] GC(168) Survivor regions: 2->2(83)
[41.272s][info][gc,heap        ] GC(168) Old regions: 52->52
[41.272s][info][gc,heap        ] GC(168) Archive regions: 0->0
[41.272s][info][gc,heap        ] GC(168) Humongous regions: 0->0
[41.272s][info][gc,metaspace   ] GC(168) Metaspace: 73671K(74944K)->73671K(74944K) NonClass: 58334K(58944K)->58334K(58944K) Class: 15337K(16000K)->15337K(16000K)
[41.272s][info][gc             ] GC(168) Pause Young (Normal) (G1 Evacuation Pause) 700M->39M(1106M) 2.205ms
[41.272s][info][gc,cpu         ] GC(168) User=0.00s Sys=0.00s Real=0.00s
[41.767s][info][gc,start       ] GC(169) Pause Full (System.gc())
[41.767s][info][gc,task        ] GC(169) Using 26 workers of 33 for full compaction
[41.769s][info][gc,phases,start] GC(169) Phase 1: Mark live objects
[41.795s][info][gc,phases      ] GC(169) Phase 1: Mark live objects 26.472ms
[41.795s][info][gc,phases,start] GC(169) Phase 2: Prepare compaction
[41.798s][info][gc,phases      ] GC(169) Phase 2: Prepare compaction 2.627ms
[41.798s][info][gc,phases,start] GC(169) Phase 3: Adjust pointers
[41.806s][info][gc,phases      ] GC(169) Phase 3: Adjust pointers 8.483ms
[41.806s][info][gc,phases,start] GC(169) Phase 4: Compact heap
[41.807s][info][gc,phases      ] GC(169) Phase 4: Compact heap 0.678ms
[41.821s][info][gc,heap        ] GC(169) Eden regions: 389->0(94)
[41.821s][info][gc,heap        ] GC(169) Survivor regions: 2->0(83)
[41.821s][info][gc,heap        ] GC(169) Old regions: 52->47
[41.821s][info][gc,heap        ] GC(169) Archive regions: 0->0
[41.821s][info][gc,heap        ] GC(169) Humongous regions: 0->0
[41.821s][info][gc,metaspace   ] GC(169) Metaspace: 73699K(74944K)->73699K(74944K) NonClass: 58362K(58944K)->58362K(58944K) Class: 15337K(16000K)->15337K(16000K)
[41.821s][info][gc             ] GC(169) Pause Full (System.gc()) 428M->35M(157M) 54.105ms
[41.821s][info][gc,cpu         ] GC(169) User=1.05s Sys=0.05s Real=0.05s
[41.873s][info][gc,start       ] GC(170) Pause Young (Normal) (G1 Evacuation Pause)
[41.873s][info][gc,task        ] GC(170) Using 33 workers of 33 for evacuation
[41.876s][info][gc,phases      ] GC(170)   Pre Evacuate Collection Set: 0.2ms
[41.876s][info][gc,phases      ] GC(170)   Merge Heap Roots: 0.2ms
[41.876s][info][gc,phases      ] GC(170)   Evacuate Collection Set: 1.3ms
[41.876s][info][gc,phases      ] GC(170)   Post Evacuate Collection Set: 0.7ms
[41.876s][info][gc,phases      ] GC(170)   Other: 0.1ms
[41.876s][info][gc,heap        ] GC(170) Eden regions: 94->0(90)
[41.876s][info][gc,heap        ] GC(170) Survivor regions: 0->4(12)
[41.876s][info][gc,heap        ] GC(170) Old regions: 47->47
[41.876s][info][gc,heap        ] GC(170) Archive regions: 0->0
[41.876s][info][gc,heap        ] GC(170) Humongous regions: 0->0
[41.876s][info][gc,metaspace   ] GC(170) Metaspace: 73845K(74944K)->73845K(74944K) NonClass: 58507K(58944K)->58507K(58944K) Class: 15337K(16000K)->15337K(16000K)
[41.876s][info][gc             ] GC(170) Pause Young (Normal) (G1 Evacuation Pause) 129M->38M(157M) 2.684ms
[41.876s][info][gc,cpu         ] GC(170) User=0.00s Sys=0.00s Real=0.00s
[41.900s][info][gc,start       ] GC(171) Pause Young (Normal) (G1 Evacuation Pause)
[41.900s][info][gc,task        ] GC(171) Using 33 workers of 33 for evacuation
[41.902s][info][gc,phases      ] GC(171)   Pre Evacuate Collection Set: 0.2ms
[41.902s][info][gc,phases      ] GC(171)   Merge Heap Roots: 0.2ms
[41.902s][info][gc,phases      ] GC(171)   Evacuate Collection Set: 1.1ms
[41.902s][info][gc,phases      ] GC(171)   Post Evacuate Collection Set: 0.6ms
[41.902s][info][gc,phases      ] GC(171)   Other: 0.1ms
[41.902s][info][gc,heap        ] GC(171) Eden regions: 90->0(90)
[41.902s][info][gc,heap        ] GC(171) Survivor regions: 4->4(12)
[41.902s][info][gc,heap        ] GC(171) Old regions: 47->47
[41.902s][info][gc,heap        ] GC(171) Archive regions: 0->0
[41.902s][info][gc,heap        ] GC(171) Humongous regions: 0->0
[41.902s][info][gc,metaspace   ] GC(171) Metaspace: 73845K(74944K)->73845K(74944K) NonClass: 58507K(58944K)->58507K(58944K) Class: 15337K(16000K)->15337K(16000K)
[41.902s][info][gc             ] GC(171) Pause Young (Normal) (G1 Evacuation Pause) 128M->38M(157M) 2.463ms
[41.902s][info][gc,cpu         ] GC(171) User=0.00s Sys=0.00s Real=0.00s
[41.926s][info][gc,start       ] GC(172) Pause Young (Normal) (G1 Evacuation Pause)
[41.926s][info][gc,task        ] GC(172) Using 33 workers of 33 for evacuation
[41.928s][info][gc,phases      ] GC(172)   Pre Evacuate Collection Set: 0.2ms
[41.928s][info][gc,phases      ] GC(172)   Merge Heap Roots: 0.2ms
[41.928s][info][gc,phases      ] GC(172)   Evacuate Collection Set: 1.2ms
[41.928s][info][gc,phases      ] GC(172)   Post Evacuate Collection Set: 0.7ms
[41.928s][info][gc,phases      ] GC(172)   Other: 0.1ms
[41.929s][info][gc,heap        ] GC(172) Eden regions: 90->0(90)
[41.929s][info][gc,heap        ] GC(172) Survivor regions: 4->4(12)
[41.929s][info][gc,heap        ] GC(172) Old regions: 47->47
[41.929s][info][gc,heap        ] GC(172) Archive regions: 0->0
[41.929s][info][gc,heap        ] GC(172) Humongous regions: 0->0
[41.929s][info][gc,metaspace   ] GC(172) Metaspace: 73845K(74944K)->73845K(74944K) NonClass: 58507K(58944K)->58507K(58944K) Class: 15337K(16000K)->15337K(16000K)
[41.929s][info][gc             ] GC(172) Pause Young (Normal) (G1 Evacuation Pause) 128M->38M(157M) 2.543ms
[41.929s][info][gc,cpu         ] GC(172) User=0.00s Sys=0.00s Real=0.00s
[41.953s][info][gc,start       ] GC(173) Pause Young (Normal) (G1 Evacuation Pause)
[41.953s][info][gc,task        ] GC(173) Using 33 workers of 33 for evacuation
[41.959s][info][gc,phases      ] GC(173)   Pre Evacuate Collection Set: 0.2ms
[41.960s][info][gc,phases      ] GC(173)   Merge Heap Roots: 0.2ms
[41.960s][info][gc,phases      ] GC(173)   Evacuate Collection Set: 1.2ms
[41.960s][info][gc,phases      ] GC(173)   Post Evacuate Collection Set: 4.9ms
[41.960s][info][gc,phases      ] GC(173)   Other: 0.1ms
[41.960s][info][gc,heap        ] GC(173) Eden regions: 90->0(657)
[41.960s][info][gc,heap        ] GC(173) Survivor regions: 4->4(12)
[41.960s][info][gc,heap        ] GC(173) Old regions: 47->47
[41.960s][info][gc,heap        ] GC(173) Archive regions: 0->0
[41.960s][info][gc,heap        ] GC(173) Humongous regions: 0->0
[41.960s][info][gc,metaspace   ] GC(173) Metaspace: 73845K(74944K)->73845K(74944K) NonClass: 58507K(58944K)->58507K(58944K) Class: 15337K(16000K)->15337K(16000K)
[41.960s][info][gc             ] GC(173) Pause Young (Normal) (G1 Evacuation Pause) 128M->39M(1103M) 6.820ms
[41.960s][info][gc,cpu         ] GC(173) User=0.00s Sys=0.00s Real=0.00s
[42.161s][info][gc,start       ] GC(174) Pause Young (Normal) (G1 Evacuation Pause)
[42.161s][info][gc,task        ] GC(174) Using 33 workers of 33 for evacuation
[42.166s][info][gc,phases      ] GC(174)   Pre Evacuate Collection Set: 0.2ms
[42.166s][info][gc,phases      ] GC(174)   Merge Heap Roots: 0.3ms
[42.166s][info][gc,phases      ] GC(174)   Evacuate Collection Set: 2.6ms
[42.166s][info][gc,phases      ] GC(174)   Post Evacuate Collection Set: 0.9ms
[42.166s][info][gc,phases      ] GC(174)   Other: 0.1ms
[42.166s][info][gc,heap        ] GC(174) Eden regions: 657->0(656)
[42.166s][info][gc,heap        ] GC(174) Survivor regions: 4->5(83)
[42.166s][info][gc,heap        ] GC(174) Old regions: 47->47
[42.166s][info][gc,heap        ] GC(174) Archive regions: 0->0
[42.166s][info][gc,heap        ] GC(174) Humongous regions: 0->0
[42.166s][info][gc,metaspace   ] GC(174) Metaspace: 73845K(74944K)->73845K(74944K) NonClass: 58507K(58944K)->58507K(58944K) Class: 15337K(16000K)->15337K(16000K)
[42.166s][info][gc             ] GC(174) Pause Young (Normal) (G1 Evacuation Pause) 696M->39M(1103M) 4.331ms
[42.166s][info][gc,cpu         ] GC(174) User=0.00s Sys=0.00s Real=0.00s
[42.331s][info][gc,start       ] GC(175) Pause Young (Normal) (G1 Evacuation Pause)
[42.331s][info][gc,task        ] GC(175) Using 33 workers of 33 for evacuation
[42.335s][info][gc,phases      ] GC(175)   Pre Evacuate Collection Set: 0.2ms
[42.335s][info][gc,phases      ] GC(175)   Merge Heap Roots: 0.3ms
[42.335s][info][gc,phases      ] GC(175)   Evacuate Collection Set: 2.1ms
[42.335s][info][gc,phases      ] GC(175)   Post Evacuate Collection Set: 0.8ms
[42.335s][info][gc,phases      ] GC(175)   Other: 0.1ms
[42.335s][info][gc,heap        ] GC(175) Eden regions: 656->0(657)
[42.335s][info][gc,heap        ] GC(175) Survivor regions: 5->4(83)
[42.335s][info][gc,heap        ] GC(175) Old regions: 47->47
[42.335s][info][gc,heap        ] GC(175) Archive regions: 0->0
[42.335s][info][gc,heap        ] GC(175) Humongous regions: 0->0
[42.335s][info][gc,metaspace   ] GC(175) Metaspace: 73845K(74944K)->73845K(74944K) NonClass: 58507K(58944K)->58507K(58944K) Class: 15337K(16000K)->15337K(16000K)
[42.335s][info][gc             ] GC(175) Pause Young (Normal) (G1 Evacuation Pause) 695M->39M(1103M) 3.748ms
[42.335s][info][gc,cpu         ] GC(175) User=0.00s Sys=0.00s Real=0.00s
[42.501s][info][gc,start       ] GC(176) Pause Young (Normal) (G1 Evacuation Pause)
[42.501s][info][gc,task        ] GC(176) Using 33 workers of 33 for evacuation
[42.504s][info][gc,phases      ] GC(176)   Pre Evacuate Collection Set: 0.2ms
[42.504s][info][gc,phases      ] GC(176)   Merge Heap Roots: 0.2ms
[42.504s][info][gc,phases      ] GC(176)   Evacuate Collection Set: 1.4ms
[42.504s][info][gc,phases      ] GC(176)   Post Evacuate Collection Set: 0.8ms
[42.504s][info][gc,phases      ] GC(176)   Other: 0.1ms
[42.504s][info][gc,heap        ] GC(176) Eden regions: 657->0(657)
[42.504s][info][gc,heap        ] GC(176) Survivor regions: 4->4(83)
[42.504s][info][gc,heap        ] GC(176) Old regions: 47->47
[42.504s][info][gc,heap        ] GC(176) Archive regions: 0->0
[42.504s][info][gc,heap        ] GC(176) Humongous regions: 0->0
[42.504s][info][gc,metaspace   ] GC(176) Metaspace: 73845K(74944K)->73845K(74944K) NonClass: 58507K(58944K)->58507K(58944K) Class: 15337K(16000K)->15337K(16000K)
[42.504s][info][gc             ] GC(176) Pause Young (Normal) (G1 Evacuation Pause) 696M->39M(1103M) 3.035ms
[42.504s][info][gc,cpu         ] GC(176) User=0.00s Sys=0.00s Real=0.00s
[42.673s][info][gc,start       ] GC(177) Pause Young (Normal) (G1 Evacuation Pause)
[42.673s][info][gc,task        ] GC(177) Using 33 workers of 33 for evacuation
[42.675s][info][gc,phases      ] GC(177)   Pre Evacuate Collection Set: 0.2ms
[42.675s][info][gc,phases      ] GC(177)   Merge Heap Roots: 0.3ms
[42.675s][info][gc,phases      ] GC(177)   Evacuate Collection Set: 1.2ms
[42.675s][info][gc,phases      ] GC(177)   Post Evacuate Collection Set: 0.8ms
[42.675s][info][gc,phases      ] GC(177)   Other: 0.1ms
[42.675s][info][gc,heap        ] GC(177) Eden regions: 657->0(657)
[42.675s][info][gc,heap        ] GC(177) Survivor regions: 4->4(83)
[42.675s][info][gc,heap        ] GC(177) Old regions: 47->47
[42.675s][info][gc,heap        ] GC(177) Archive regions: 0->0
[42.675s][info][gc,heap        ] GC(177) Humongous regions: 0->0
[42.675s][info][gc,metaspace   ] GC(177) Metaspace: 73845K(74944K)->73845K(74944K) NonClass: 58507K(58944K)->58507K(58944K) Class: 15337K(16000K)->15337K(16000K)
[42.675s][info][gc             ] GC(177) Pause Young (Normal) (G1 Evacuation Pause) 696M->39M(1103M) 2.859ms
[42.676s][info][gc,cpu         ] GC(177) User=0.00s Sys=0.00s Real=0.00s
[42.843s][info][gc,start       ] GC(178) Pause Young (Normal) (G1 Evacuation Pause)
[42.843s][info][gc,task        ] GC(178) Using 33 workers of 33 for evacuation
[42.846s][info][gc,phases      ] GC(178)   Pre Evacuate Collection Set: 0.2ms
[42.846s][info][gc,phases      ] GC(178)   Merge Heap Roots: 0.2ms
[42.846s][info][gc,phases      ] GC(178)   Evacuate Collection Set: 1.2ms
[42.846s][info][gc,phases      ] GC(178)   Post Evacuate Collection Set: 0.8ms
[42.846s][info][gc,phases      ] GC(178)   Other: 0.1ms
[42.846s][info][gc,heap        ] GC(178) Eden regions: 657->0(657)
[42.846s][info][gc,heap        ] GC(178) Survivor regions: 4->4(83)
[42.846s][info][gc,heap        ] GC(178) Old regions: 47->47
[42.846s][info][gc,heap        ] GC(178) Archive regions: 0->0
[42.846s][info][gc,heap        ] GC(178) Humongous regions: 0->0
[42.846s][info][gc,metaspace   ] GC(178) Metaspace: 73845K(74944K)->73845K(74944K) NonClass: 58507K(58944K)->58507K(58944K) Class: 15337K(16000K)->15337K(16000K)
[42.846s][info][gc             ] GC(178) Pause Young (Normal) (G1 Evacuation Pause) 696M->39M(1103M) 2.863ms
[42.846s][info][gc,cpu         ] GC(178) User=0.00s Sys=0.00s Real=0.00s
[43.014s][info][gc,start       ] GC(179) Pause Young (Normal) (G1 Evacuation Pause)
[43.014s][info][gc,task        ] GC(179) Using 33 workers of 33 for evacuation
[43.016s][info][gc,phases      ] GC(179)   Pre Evacuate Collection Set: 0.3ms
[43.016s][info][gc,phases      ] GC(179)   Merge Heap Roots: 0.2ms
[43.016s][info][gc,phases      ] GC(179)   Evacuate Collection Set: 1.2ms
[43.016s][info][gc,phases      ] GC(179)   Post Evacuate Collection Set: 0.8ms
[43.016s][info][gc,phases      ] GC(179)   Other: 0.1ms
[43.016s][info][gc,heap        ] GC(179) Eden regions: 657->0(657)
[43.016s][info][gc,heap        ] GC(179) Survivor regions: 4->4(83)
[43.016s][info][gc,heap        ] GC(179) Old regions: 47->47
[43.016s][info][gc,heap        ] GC(179) Archive regions: 0->0
[43.016s][info][gc,heap        ] GC(179) Humongous regions: 0->0
[43.016s][info][gc,metaspace   ] GC(179) Metaspace: 73845K(74944K)->73845K(74944K) NonClass: 58507K(58944K)->58507K(58944K) Class: 15337K(16000K)->15337K(16000K)
[43.016s][info][gc             ] GC(179) Pause Young (Normal) (G1 Evacuation Pause) 696M->39M(1103M) 2.924ms
[43.016s][info][gc,cpu         ] GC(179) User=0.00s Sys=0.00s Real=0.00s
[43.183s][info][gc,start       ] GC(180) Pause Young (Normal) (G1 Evacuation Pause)
[43.183s][info][gc,task        ] GC(180) Using 33 workers of 33 for evacuation
[43.186s][info][gc,phases      ] GC(180)   Pre Evacuate Collection Set: 0.3ms
[43.186s][info][gc,phases      ] GC(180)   Merge Heap Roots: 0.2ms
[43.186s][info][gc,phases      ] GC(180)   Evacuate Collection Set: 1.2ms
[43.186s][info][gc,phases      ] GC(180)   Post Evacuate Collection Set: 0.8ms
[43.186s][info][gc,phases      ] GC(180)   Other: 0.1ms
[43.186s][info][gc,heap        ] GC(180) Eden regions: 657->0(657)
[43.186s][info][gc,heap        ] GC(180) Survivor regions: 4->4(83)
[43.186s][info][gc,heap        ] GC(180) Old regions: 47->47
[43.186s][info][gc,heap        ] GC(180) Archive regions: 0->0
[43.186s][info][gc,heap        ] GC(180) Humongous regions: 0->0
[43.186s][info][gc,metaspace   ] GC(180) Metaspace: 73845K(74944K)->73845K(74944K) NonClass: 58507K(58944K)->58507K(58944K) Class: 15337K(16000K)->15337K(16000K)
[43.186s][info][gc             ] GC(180) Pause Young (Normal) (G1 Evacuation Pause) 696M->39M(1103M) 2.914ms
[43.186s][info][gc,cpu         ] GC(180) User=0.00s Sys=0.00s Real=0.00s
[43.354s][info][gc,start       ] GC(181) Pause Young (Normal) (G1 Evacuation Pause)
[43.354s][info][gc,task        ] GC(181) Using 33 workers of 33 for evacuation
[43.357s][info][gc,phases      ] GC(181)   Pre Evacuate Collection Set: 0.3ms
[43.357s][info][gc,phases      ] GC(181)   Merge Heap Roots: 0.3ms
[43.357s][info][gc,phases      ] GC(181)   Evacuate Collection Set: 1.2ms
[43.357s][info][gc,phases      ] GC(181)   Post Evacuate Collection Set: 0.9ms
[43.357s][info][gc,phases      ] GC(181)   Other: 0.1ms
[43.357s][info][gc,heap        ] GC(181) Eden regions: 657->0(657)
[43.357s][info][gc,heap        ] GC(181) Survivor regions: 4->4(83)
[43.357s][info][gc,heap        ] GC(181) Old regions: 47->47
[43.357s][info][gc,heap        ] GC(181) Archive regions: 0->0
[43.357s][info][gc,heap        ] GC(181) Humongous regions: 0->0
[43.357s][info][gc,metaspace   ] GC(181) Metaspace: 73845K(74944K)->73845K(74944K) NonClass: 58507K(58944K)->58507K(58944K) Class: 15337K(16000K)->15337K(16000K)
[43.357s][info][gc             ] GC(181) Pause Young (Normal) (G1 Evacuation Pause) 696M->39M(1103M) 2.973ms
[43.357s][info][gc,cpu         ] GC(181) User=0.00s Sys=0.00s Real=0.00s
[43.525s][info][gc,start       ] GC(182) Pause Young (Normal) (G1 Evacuation Pause)
[43.525s][info][gc,task        ] GC(182) Using 33 workers of 33 for evacuation
[43.527s][info][gc,phases      ] GC(182)   Pre Evacuate Collection Set: 0.2ms
[43.527s][info][gc,phases      ] GC(182)   Merge Heap Roots: 0.3ms
[43.527s][info][gc,phases      ] GC(182)   Evacuate Collection Set: 1.2ms
[43.528s][info][gc,phases      ] GC(182)   Post Evacuate Collection Set: 0.8ms
[43.528s][info][gc,phases      ] GC(182)   Other: 0.1ms
[43.528s][info][gc,heap        ] GC(182) Eden regions: 657->0(657)
[43.528s][info][gc,heap        ] GC(182) Survivor regions: 4->4(83)
[43.528s][info][gc,heap        ] GC(182) Old regions: 47->47
[43.528s][info][gc,heap        ] GC(182) Archive regions: 0->0
[43.528s][info][gc,heap        ] GC(182) Humongous regions: 0->0
[43.528s][info][gc,metaspace   ] GC(182) Metaspace: 73845K(74944K)->73845K(74944K) NonClass: 58507K(58944K)->58507K(58944K) Class: 15337K(16000K)->15337K(16000K)
[43.528s][info][gc             ] GC(182) Pause Young (Normal) (G1 Evacuation Pause) 696M->39M(1103M) 2.941ms
[43.528s][info][gc,cpu         ] GC(182) User=0.52s Sys=0.00s Real=0.00s
[43.696s][info][gc,start       ] GC(183) Pause Young (Normal) (G1 Evacuation Pause)
[43.696s][info][gc,task        ] GC(183) Using 33 workers of 33 for evacuation
[43.698s][info][gc,phases      ] GC(183)   Pre Evacuate Collection Set: 0.2ms
[43.698s][info][gc,phases      ] GC(183)   Merge Heap Roots: 0.3ms
[43.698s][info][gc,phases      ] GC(183)   Evacuate Collection Set: 1.2ms
[43.698s][info][gc,phases      ] GC(183)   Post Evacuate Collection Set: 0.8ms
[43.698s][info][gc,phases      ] GC(183)   Other: 0.1ms
[43.698s][info][gc,heap        ] GC(183) Eden regions: 657->0(657)
[43.698s][info][gc,heap        ] GC(183) Survivor regions: 4->4(83)
[43.698s][info][gc,heap        ] GC(183) Old regions: 47->47
[43.698s][info][gc,heap        ] GC(183) Archive regions: 0->0
[43.698s][info][gc,heap        ] GC(183) Humongous regions: 0->0
[43.698s][info][gc,metaspace   ] GC(183) Metaspace: 73845K(74944K)->73845K(74944K) NonClass: 58507K(58944K)->58507K(58944K) Class: 15337K(16000K)->15337K(16000K)
[43.698s][info][gc             ] GC(183) Pause Young (Normal) (G1 Evacuation Pause) 696M->39M(1103M) 2.827ms
[43.698s][info][gc,cpu         ] GC(183) User=0.05s Sys=0.00s Real=0.00s
[43.864s][info][gc,start       ] GC(184) Pause Young (Normal) (G1 Evacuation Pause)
[43.864s][info][gc,task        ] GC(184) Using 33 workers of 33 for evacuation
[43.867s][info][gc,phases      ] GC(184)   Pre Evacuate Collection Set: 0.2ms
[43.867s][info][gc,phases      ] GC(184)   Merge Heap Roots: 0.3ms
[43.867s][info][gc,phases      ] GC(184)   Evacuate Collection Set: 1.2ms
[43.867s][info][gc,phases      ] GC(184)   Post Evacuate Collection Set: 0.8ms
[43.867s][info][gc,phases      ] GC(184)   Other: 0.1ms
[43.867s][info][gc,heap        ] GC(184) Eden regions: 657->0(657)
[43.867s][info][gc,heap        ] GC(184) Survivor regions: 4->4(83)
[43.867s][info][gc,heap        ] GC(184) Old regions: 47->47
[43.867s][info][gc,heap        ] GC(184) Archive regions: 0->0
[43.867s][info][gc,heap        ] GC(184) Humongous regions: 0->0
[43.867s][info][gc,metaspace   ] GC(184) Metaspace: 73845K(74944K)->73845K(74944K) NonClass: 58507K(58944K)->58507K(58944K) Class: 15337K(16000K)->15337K(16000K)
[43.867s][info][gc             ] GC(184) Pause Young (Normal) (G1 Evacuation Pause) 696M->39M(1103M) 2.882ms
[43.867s][info][gc,cpu         ] GC(184) User=0.00s Sys=0.00s Real=0.00s
[44.034s][info][gc,start       ] GC(185) Pause Young (Normal) (G1 Evacuation Pause)
[44.034s][info][gc,task        ] GC(185) Using 33 workers of 33 for evacuation
[44.036s][info][gc,phases      ] GC(185)   Pre Evacuate Collection Set: 0.2ms
[44.036s][info][gc,phases      ] GC(185)   Merge Heap Roots: 0.2ms
[44.036s][info][gc,phases      ] GC(185)   Evacuate Collection Set: 1.2ms
[44.036s][info][gc,phases      ] GC(185)   Post Evacuate Collection Set: 0.6ms
[44.036s][info][gc,phases      ] GC(185)   Other: 0.1ms
[44.036s][info][gc,heap        ] GC(185) Eden regions: 657->0(659)
[44.036s][info][gc,heap        ] GC(185) Survivor regions: 4->2(83)
[44.036s][info][gc,heap        ] GC(185) Old regions: 47->50
[44.036s][info][gc,heap        ] GC(185) Archive regions: 0->0
[44.036s][info][gc,heap        ] GC(185) Humongous regions: 0->0
[44.036s][info][gc,metaspace   ] GC(185) Metaspace: 73845K(74944K)->73845K(74944K) NonClass: 58507K(58944K)->58507K(58944K) Class: 15337K(16000K)->15337K(16000K)
[44.036s][info][gc             ] GC(185) Pause Young (Normal) (G1 Evacuation Pause) 696M->39M(1103M) 2.675ms
[44.036s][info][gc,cpu         ] GC(185) User=0.00s Sys=0.00s Real=0.00s
[44.204s][info][gc,start       ] GC(186) Pause Young (Normal) (G1 Evacuation Pause)
[44.204s][info][gc,task        ] GC(186) Using 33 workers of 33 for evacuation
[44.206s][info][gc,phases      ] GC(186)   Pre Evacuate Collection Set: 0.2ms
[44.206s][info][gc,phases      ] GC(186)   Merge Heap Roots: 0.2ms
[44.206s][info][gc,phases      ] GC(186)   Evacuate Collection Set: 0.8ms
[44.206s][info][gc,phases      ] GC(186)   Post Evacuate Collection Set: 0.6ms
[44.206s][info][gc,phases      ] GC(186)   Other: 0.1ms
[44.206s][info][gc,heap        ] GC(186) Eden regions: 659->0(659)
[44.206s][info][gc,heap        ] GC(186) Survivor regions: 2->2(83)
[44.206s][info][gc,heap        ] GC(186) Old regions: 50->50
[44.206s][info][gc,heap        ] GC(186) Archive regions: 0->0
[44.206s][info][gc,heap        ] GC(186) Humongous regions: 0->0
[44.206s][info][gc,metaspace   ] GC(186) Metaspace: 73846K(74944K)->73846K(74944K) NonClass: 58509K(58944K)->58509K(58944K) Class: 15337K(16000K)->15337K(16000K)
[44.206s][info][gc             ] GC(186) Pause Young (Normal) (G1 Evacuation Pause) 698M->39M(1103M) 2.262ms
[44.206s][info][gc,cpu         ] GC(186) User=0.00s Sys=0.00s Real=0.00s
[44.373s][info][gc,start       ] GC(187) Pause Young (Normal) (G1 Evacuation Pause)
[44.373s][info][gc,task        ] GC(187) Using 33 workers of 33 for evacuation
[44.375s][info][gc,phases      ] GC(187)   Pre Evacuate Collection Set: 0.2ms
[44.375s][info][gc,phases      ] GC(187)   Merge Heap Roots: 0.2ms
[44.375s][info][gc,phases      ] GC(187)   Evacuate Collection Set: 0.8ms
[44.375s][info][gc,phases      ] GC(187)   Post Evacuate Collection Set: 0.6ms
[44.375s][info][gc,phases      ] GC(187)   Other: 0.1ms
[44.375s][info][gc,heap        ] GC(187) Eden regions: 659->0(659)
[44.375s][info][gc,heap        ] GC(187) Survivor regions: 2->2(83)
[44.375s][info][gc,heap        ] GC(187) Old regions: 50->50
[44.375s][info][gc,heap        ] GC(187) Archive regions: 0->0
[44.375s][info][gc,heap        ] GC(187) Humongous regions: 0->0
[44.375s][info][gc,metaspace   ] GC(187) Metaspace: 73846K(74944K)->73846K(74944K) NonClass: 58509K(58944K)->58509K(58944K) Class: 15337K(16000K)->15337K(16000K)
[44.375s][info][gc             ] GC(187) Pause Young (Normal) (G1 Evacuation Pause) 698M->39M(1103M) 2.280ms
[44.375s][info][gc,cpu         ] GC(187) User=0.00s Sys=0.00s Real=0.00s
[44.548s][info][gc,start       ] GC(188) Pause Young (Normal) (G1 Evacuation Pause)
[44.548s][info][gc,task        ] GC(188) Using 33 workers of 33 for evacuation
[44.550s][info][gc,phases      ] GC(188)   Pre Evacuate Collection Set: 0.2ms
[44.550s][info][gc,phases      ] GC(188)   Merge Heap Roots: 0.3ms
[44.550s][info][gc,phases      ] GC(188)   Evacuate Collection Set: 0.8ms
[44.550s][info][gc,phases      ] GC(188)   Post Evacuate Collection Set: 0.6ms
[44.550s][info][gc,phases      ] GC(188)   Other: 0.1ms
[44.550s][info][gc,heap        ] GC(188) Eden regions: 659->0(659)
[44.550s][info][gc,heap        ] GC(188) Survivor regions: 2->2(83)
[44.550s][info][gc,heap        ] GC(188) Old regions: 50->50
[44.550s][info][gc,heap        ] GC(188) Archive regions: 0->0
[44.550s][info][gc,heap        ] GC(188) Humongous regions: 0->0
[44.550s][info][gc,metaspace   ] GC(188) Metaspace: 73846K(74944K)->73846K(74944K) NonClass: 58509K(58944K)->58509K(58944K) Class: 15337K(16000K)->15337K(16000K)
[44.550s][info][gc             ] GC(188) Pause Young (Normal) (G1 Evacuation Pause) 698M->39M(1103M) 2.244ms
[44.550s][info][gc,cpu         ] GC(188) User=0.00s Sys=0.00s Real=0.00s
[44.717s][info][gc,start       ] GC(189) Pause Young (Normal) (G1 Evacuation Pause)
[44.717s][info][gc,task        ] GC(189) Using 33 workers of 33 for evacuation
[44.719s][info][gc,phases      ] GC(189)   Pre Evacuate Collection Set: 0.2ms
[44.720s][info][gc,phases      ] GC(189)   Merge Heap Roots: 0.3ms
[44.720s][info][gc,phases      ] GC(189)   Evacuate Collection Set: 0.9ms
[44.720s][info][gc,phases      ] GC(189)   Post Evacuate Collection Set: 0.6ms
[44.720s][info][gc,phases      ] GC(189)   Other: 0.1ms
[44.720s][info][gc,heap        ] GC(189) Eden regions: 659->0(659)
[44.720s][info][gc,heap        ] GC(189) Survivor regions: 2->2(83)
[44.720s][info][gc,heap        ] GC(189) Old regions: 50->50
[44.720s][info][gc,heap        ] GC(189) Archive regions: 0->0
[44.720s][info][gc,heap        ] GC(189) Humongous regions: 0->0
[44.720s][info][gc,metaspace   ] GC(189) Metaspace: 73846K(74944K)->73846K(74944K) NonClass: 58509K(58944K)->58509K(58944K) Class: 15337K(16000K)->15337K(16000K)
[44.720s][info][gc             ] GC(189) Pause Young (Normal) (G1 Evacuation Pause) 698M->39M(1103M) 2.304ms
[44.720s][info][gc,cpu         ] GC(189) User=0.00s Sys=0.00s Real=0.00s
[44.886s][info][gc,start       ] GC(190) Pause Young (Normal) (G1 Evacuation Pause)
[44.886s][info][gc,task        ] GC(190) Using 33 workers of 33 for evacuation
[44.888s][info][gc,phases      ] GC(190)   Pre Evacuate Collection Set: 0.2ms
[44.888s][info][gc,phases      ] GC(190)   Merge Heap Roots: 0.2ms
[44.888s][info][gc,phases      ] GC(190)   Evacuate Collection Set: 0.9ms
[44.888s][info][gc,phases      ] GC(190)   Post Evacuate Collection Set: 0.6ms
[44.888s][info][gc,phases      ] GC(190)   Other: 0.1ms
[44.888s][info][gc,heap        ] GC(190) Eden regions: 659->0(659)
[44.888s][info][gc,heap        ] GC(190) Survivor regions: 2->2(83)
[44.888s][info][gc,heap        ] GC(190) Old regions: 50->50
[44.888s][info][gc,heap        ] GC(190) Archive regions: 0->0
[44.888s][info][gc,heap        ] GC(190) Humongous regions: 0->0
[44.888s][info][gc,metaspace   ] GC(190) Metaspace: 73846K(74944K)->73846K(74944K) NonClass: 58509K(58944K)->58509K(58944K) Class: 15337K(16000K)->15337K(16000K)
[44.888s][info][gc             ] GC(190) Pause Young (Normal) (G1 Evacuation Pause) 698M->39M(1103M) 2.307ms
[44.888s][info][gc,cpu         ] GC(190) User=0.00s Sys=0.00s Real=0.00s
[45.055s][info][gc,start       ] GC(191) Pause Young (Normal) (G1 Evacuation Pause)
[45.056s][info][gc,task        ] GC(191) Using 33 workers of 33 for evacuation
[45.058s][info][gc,phases      ] GC(191)   Pre Evacuate Collection Set: 0.2ms
[45.058s][info][gc,phases      ] GC(191)   Merge Heap Roots: 0.3ms
[45.058s][info][gc,phases      ] GC(191)   Evacuate Collection Set: 0.8ms
[45.058s][info][gc,phases      ] GC(191)   Post Evacuate Collection Set: 0.6ms
[45.058s][info][gc,phases      ] GC(191)   Other: 0.1ms
[45.058s][info][gc,heap        ] GC(191) Eden regions: 659->0(659)
[45.058s][info][gc,heap        ] GC(191) Survivor regions: 2->2(83)
[45.058s][info][gc,heap        ] GC(191) Old regions: 50->50
[45.058s][info][gc,heap        ] GC(191) Archive regions: 0->0
[45.058s][info][gc,heap        ] GC(191) Humongous regions: 0->0
[45.058s][info][gc,metaspace   ] GC(191) Metaspace: 73846K(74944K)->73846K(74944K) NonClass: 58509K(58944K)->58509K(58944K) Class: 15337K(16000K)->15337K(16000K)
[45.058s][info][gc             ] GC(191) Pause Young (Normal) (G1 Evacuation Pause) 698M->39M(1103M) 2.255ms
[45.058s][info][gc,cpu         ] GC(191) User=0.00s Sys=0.00s Real=0.00s
[45.225s][info][gc,start       ] GC(192) Pause Young (Normal) (G1 Evacuation Pause)
[45.225s][info][gc,task        ] GC(192) Using 33 workers of 33 for evacuation
[45.227s][info][gc,phases      ] GC(192)   Pre Evacuate Collection Set: 0.2ms
[45.227s][info][gc,phases      ] GC(192)   Merge Heap Roots: 0.3ms
[45.227s][info][gc,phases      ] GC(192)   Evacuate Collection Set: 0.8ms
[45.227s][info][gc,phases      ] GC(192)   Post Evacuate Collection Set: 0.6ms
[45.227s][info][gc,phases      ] GC(192)   Other: 0.1ms
[45.227s][info][gc,heap        ] GC(192) Eden regions: 659->0(659)
[45.227s][info][gc,heap        ] GC(192) Survivor regions: 2->2(83)
[45.227s][info][gc,heap        ] GC(192) Old regions: 50->50
[45.227s][info][gc,heap        ] GC(192) Archive regions: 0->0
[45.227s][info][gc,heap        ] GC(192) Humongous regions: 0->0
[45.227s][info][gc,metaspace   ] GC(192) Metaspace: 73846K(74944K)->73846K(74944K) NonClass: 58509K(58944K)->58509K(58944K) Class: 15337K(16000K)->15337K(16000K)
[45.227s][info][gc             ] GC(192) Pause Young (Normal) (G1 Evacuation Pause) 698M->39M(1103M) 2.261ms
[45.227s][info][gc,cpu         ] GC(192) User=0.00s Sys=0.00s Real=0.00s
[45.393s][info][gc,start       ] GC(193) Pause Young (Normal) (G1 Evacuation Pause)
[45.393s][info][gc,task        ] GC(193) Using 33 workers of 33 for evacuation
[45.396s][info][gc,phases      ] GC(193)   Pre Evacuate Collection Set: 0.2ms
[45.396s][info][gc,phases      ] GC(193)   Merge Heap Roots: 0.3ms
[45.396s][info][gc,phases      ] GC(193)   Evacuate Collection Set: 0.8ms
[45.396s][info][gc,phases      ] GC(193)   Post Evacuate Collection Set: 0.6ms
[45.396s][info][gc,phases      ] GC(193)   Other: 0.1ms
[45.396s][info][gc,heap        ] GC(193) Eden regions: 659->0(659)
[45.396s][info][gc,heap        ] GC(193) Survivor regions: 2->2(83)
[45.396s][info][gc,heap        ] GC(193) Old regions: 50->50
[45.396s][info][gc,heap        ] GC(193) Archive regions: 0->0
[45.396s][info][gc,heap        ] GC(193) Humongous regions: 0->0
[45.396s][info][gc,metaspace   ] GC(193) Metaspace: 73846K(74944K)->73846K(74944K) NonClass: 58509K(58944K)->58509K(58944K) Class: 15337K(16000K)->15337K(16000K)
[45.396s][info][gc             ] GC(193) Pause Young (Normal) (G1 Evacuation Pause) 698M->39M(1103M) 2.319ms
[45.396s][info][gc,cpu         ] GC(193) User=0.00s Sys=0.00s Real=0.00s
[45.562s][info][gc,start       ] GC(194) Pause Young (Normal) (G1 Evacuation Pause)
[45.563s][info][gc,task        ] GC(194) Using 33 workers of 33 for evacuation
[45.565s][info][gc,phases      ] GC(194)   Pre Evacuate Collection Set: 0.2ms
[45.565s][info][gc,phases      ] GC(194)   Merge Heap Roots: 0.3ms
[45.565s][info][gc,phases      ] GC(194)   Evacuate Collection Set: 0.8ms
[45.565s][info][gc,phases      ] GC(194)   Post Evacuate Collection Set: 0.6ms
[45.565s][info][gc,phases      ] GC(194)   Other: 0.1ms
[45.565s][info][gc,heap        ] GC(194) Eden regions: 659->0(659)
[45.565s][info][gc,heap        ] GC(194) Survivor regions: 2->2(83)
[45.565s][info][gc,heap        ] GC(194) Old regions: 50->50
[45.565s][info][gc,heap        ] GC(194) Archive regions: 0->0
[45.565s][info][gc,heap        ] GC(194) Humongous regions: 0->0
[45.565s][info][gc,metaspace   ] GC(194) Metaspace: 73846K(74944K)->73846K(74944K) NonClass: 58509K(58944K)->58509K(58944K) Class: 15337K(16000K)->15337K(16000K)
[45.565s][info][gc             ] GC(194) Pause Young (Normal) (G1 Evacuation Pause) 698M->39M(1103M) 2.267ms
[45.565s][info][gc,cpu         ] GC(194) User=0.00s Sys=0.00s Real=0.00s
[45.733s][info][gc,start       ] GC(195) Pause Young (Normal) (G1 Evacuation Pause)
[45.733s][info][gc,task        ] GC(195) Using 33 workers of 33 for evacuation
[45.735s][info][gc,phases      ] GC(195)   Pre Evacuate Collection Set: 0.2ms
[45.735s][info][gc,phases      ] GC(195)   Merge Heap Roots: 0.3ms
[45.735s][info][gc,phases      ] GC(195)   Evacuate Collection Set: 0.8ms
[45.735s][info][gc,phases      ] GC(195)   Post Evacuate Collection Set: 0.6ms
[45.735s][info][gc,phases      ] GC(195)   Other: 0.1ms
[45.735s][info][gc,heap        ] GC(195) Eden regions: 659->0(659)
[45.735s][info][gc,heap        ] GC(195) Survivor regions: 2->2(83)
[45.735s][info][gc,heap        ] GC(195) Old regions: 50->50
[45.735s][info][gc,heap        ] GC(195) Archive regions: 0->0
[45.735s][info][gc,heap        ] GC(195) Humongous regions: 0->0
[45.735s][info][gc,metaspace   ] GC(195) Metaspace: 73846K(74944K)->73846K(74944K) NonClass: 58509K(58944K)->58509K(58944K) Class: 15337K(16000K)->15337K(16000K)
[45.735s][info][gc             ] GC(195) Pause Young (Normal) (G1 Evacuation Pause) 698M->39M(1103M) 2.277ms
[45.735s][info][gc,cpu         ] GC(195) User=0.00s Sys=0.00s Real=0.00s
[45.903s][info][gc,start       ] GC(196) Pause Young (Normal) (G1 Evacuation Pause)
[45.903s][info][gc,task        ] GC(196) Using 33 workers of 33 for evacuation
[45.906s][info][gc,phases      ] GC(196)   Pre Evacuate Collection Set: 0.2ms
[45.906s][info][gc,phases      ] GC(196)   Merge Heap Roots: 0.3ms
[45.906s][info][gc,phases      ] GC(196)   Evacuate Collection Set: 0.9ms
[45.906s][info][gc,phases      ] GC(196)   Post Evacuate Collection Set: 0.6ms
[45.906s][info][gc,phases      ] GC(196)   Other: 0.1ms
[45.906s][info][gc,heap        ] GC(196) Eden regions: 659->0(659)
[45.906s][info][gc,heap        ] GC(196) Survivor regions: 2->2(83)
[45.906s][info][gc,heap        ] GC(196) Old regions: 50->50
[45.906s][info][gc,heap        ] GC(196) Archive regions: 0->0
[45.906s][info][gc,heap        ] GC(196) Humongous regions: 0->0
[45.906s][info][gc,metaspace   ] GC(196) Metaspace: 73846K(74944K)->73846K(74944K) NonClass: 58509K(58944K)->58509K(58944K) Class: 15337K(16000K)->15337K(16000K)
[45.906s][info][gc             ] GC(196) Pause Young (Normal) (G1 Evacuation Pause) 698M->39M(1103M) 2.335ms
[45.906s][info][gc,cpu         ] GC(196) User=0.00s Sys=0.00s Real=0.00s
[46.076s][info][gc,start       ] GC(197) Pause Young (Normal) (G1 Evacuation Pause)
[46.076s][info][gc,task        ] GC(197) Using 33 workers of 33 for evacuation
[46.078s][info][gc,phases      ] GC(197)   Pre Evacuate Collection Set: 0.3ms
[46.079s][info][gc,phases      ] GC(197)   Merge Heap Roots: 0.3ms
[46.079s][info][gc,phases      ] GC(197)   Evacuate Collection Set: 0.9ms
[46.079s][info][gc,phases      ] GC(197)   Post Evacuate Collection Set: 0.6ms
[46.079s][info][gc,phases      ] GC(197)   Other: 0.1ms
[46.079s][info][gc,heap        ] GC(197) Eden regions: 659->0(659)
[46.079s][info][gc,heap        ] GC(197) Survivor regions: 2->2(83)
[46.079s][info][gc,heap        ] GC(197) Old regions: 50->50
[46.079s][info][gc,heap        ] GC(197) Archive regions: 0->0
[46.079s][info][gc,heap        ] GC(197) Humongous regions: 0->0
[46.079s][info][gc,metaspace   ] GC(197) Metaspace: 73846K(74944K)->73846K(74944K) NonClass: 58509K(58944K)->58509K(58944K) Class: 15337K(16000K)->15337K(16000K)
[46.079s][info][gc             ] GC(197) Pause Young (Normal) (G1 Evacuation Pause) 698M->39M(1103M) 2.389ms
[46.079s][info][gc,cpu         ] GC(197) User=0.00s Sys=0.00s Real=0.00s
[46.250s][info][gc,start       ] GC(198) Pause Young (Normal) (G1 Evacuation Pause)
[46.250s][info][gc,task        ] GC(198) Using 33 workers of 33 for evacuation
[46.252s][info][gc,phases      ] GC(198)   Pre Evacuate Collection Set: 0.3ms
[46.252s][info][gc,phases      ] GC(198)   Merge Heap Roots: 0.3ms
[46.252s][info][gc,phases      ] GC(198)   Evacuate Collection Set: 0.9ms
[46.252s][info][gc,phases      ] GC(198)   Post Evacuate Collection Set: 0.6ms
[46.252s][info][gc,phases      ] GC(198)   Other: 0.1ms
[46.252s][info][gc,heap        ] GC(198) Eden regions: 659->0(659)
[46.252s][info][gc,heap        ] GC(198) Survivor regions: 2->2(83)
[46.252s][info][gc,heap        ] GC(198) Old regions: 50->50
[46.252s][info][gc,heap        ] GC(198) Archive regions: 0->0
[46.252s][info][gc,heap        ] GC(198) Humongous regions: 0->0
[46.252s][info][gc,metaspace   ] GC(198) Metaspace: 73846K(74944K)->73846K(74944K) NonClass: 58509K(58944K)->58509K(58944K) Class: 15337K(16000K)->15337K(16000K)
[46.253s][info][gc             ] GC(198) Pause Young (Normal) (G1 Evacuation Pause) 698M->39M(1103M) 2.324ms
[46.253s][info][gc,cpu         ] GC(198) User=0.00s Sys=0.00s Real=0.00s
[46.421s][info][gc,start       ] GC(199) Pause Young (Normal) (G1 Evacuation Pause)
[46.421s][info][gc,task        ] GC(199) Using 33 workers of 33 for evacuation
[46.423s][info][gc,phases      ] GC(199)   Pre Evacuate Collection Set: 0.2ms
[46.423s][info][gc,phases      ] GC(199)   Merge Heap Roots: 0.2ms
[46.423s][info][gc,phases      ] GC(199)   Evacuate Collection Set: 0.8ms
[46.423s][info][gc,phases      ] GC(199)   Post Evacuate Collection Set: 0.6ms
[46.423s][info][gc,phases      ] GC(199)   Other: 0.1ms
[46.423s][info][gc,heap        ] GC(199) Eden regions: 659->0(659)
[46.423s][info][gc,heap        ] GC(199) Survivor regions: 2->2(83)
[46.423s][info][gc,heap        ] GC(199) Old regions: 50->50
[46.423s][info][gc,heap        ] GC(199) Archive regions: 0->0
[46.423s][info][gc,heap        ] GC(199) Humongous regions: 0->0
[46.423s][info][gc,metaspace   ] GC(199) Metaspace: 73846K(74944K)->73846K(74944K) NonClass: 58509K(58944K)->58509K(58944K) Class: 15337K(16000K)->15337K(16000K)
[46.423s][info][gc             ] GC(199) Pause Young (Normal) (G1 Evacuation Pause) 698M->39M(1103M) 2.288ms
[46.423s][info][gc,cpu         ] GC(199) User=0.00s Sys=0.00s Real=0.00s
[46.591s][info][gc,start       ] GC(200) Pause Young (Normal) (G1 Evacuation Pause)
[46.591s][info][gc,task        ] GC(200) Using 33 workers of 33 for evacuation
[46.593s][info][gc,phases      ] GC(200)   Pre Evacuate Collection Set: 0.2ms
[46.593s][info][gc,phases      ] GC(200)   Merge Heap Roots: 0.3ms
[46.593s][info][gc,phases      ] GC(200)   Evacuate Collection Set: 0.9ms
[46.593s][info][gc,phases      ] GC(200)   Post Evacuate Collection Set: 0.7ms
[46.593s][info][gc,phases      ] GC(200)   Other: 0.1ms
[46.593s][info][gc,heap        ] GC(200) Eden regions: 659->0(659)
[46.593s][info][gc,heap        ] GC(200) Survivor regions: 2->2(83)
[46.593s][info][gc,heap        ] GC(200) Old regions: 50->50
[46.593s][info][gc,heap        ] GC(200) Archive regions: 0->0
[46.593s][info][gc,heap        ] GC(200) Humongous regions: 0->0
[46.593s][info][gc,metaspace   ] GC(200) Metaspace: 73847K(74944K)->73847K(74944K) NonClass: 58510K(58944K)->58510K(58944K) Class: 15337K(16000K)->15337K(16000K)
[46.593s][info][gc             ] GC(200) Pause Young (Normal) (G1 Evacuation Pause) 698M->39M(1103M) 2.411ms
[46.593s][info][gc,cpu         ] GC(200) User=0.00s Sys=0.00s Real=0.00s
[46.771s][info][gc,start       ] GC(201) Pause Young (Normal) (G1 Evacuation Pause)
[46.771s][info][gc,task        ] GC(201) Using 33 workers of 33 for evacuation
[46.773s][info][gc,phases      ] GC(201)   Pre Evacuate Collection Set: 0.2ms
[46.773s][info][gc,phases      ] GC(201)   Merge Heap Roots: 0.3ms
[46.773s][info][gc,phases      ] GC(201)   Evacuate Collection Set: 0.9ms
[46.773s][info][gc,phases      ] GC(201)   Post Evacuate Collection Set: 0.7ms
[46.773s][info][gc,phases      ] GC(201)   Other: 0.1ms
[46.773s][info][gc,heap        ] GC(201) Eden regions: 659->0(659)
[46.773s][info][gc,heap        ] GC(201) Survivor regions: 2->2(83)
[46.773s][info][gc,heap        ] GC(201) Old regions: 50->50
[46.773s][info][gc,heap        ] GC(201) Archive regions: 0->0
[46.773s][info][gc,heap        ] GC(201) Humongous regions: 0->0
[46.773s][info][gc,metaspace   ] GC(201) Metaspace: 73848K(74944K)->73848K(74944K) NonClass: 58510K(58944K)->58510K(58944K) Class: 15337K(16000K)->15337K(16000K)
[46.773s][info][gc             ] GC(201) Pause Young (Normal) (G1 Evacuation Pause) 698M->39M(1103M) 2.462ms
[46.773s][info][gc,cpu         ] GC(201) User=0.00s Sys=0.00s Real=0.00s
[46.960s][info][gc,start       ] GC(202) Pause Young (Normal) (G1 Evacuation Pause)
[46.961s][info][gc,task        ] GC(202) Using 33 workers of 33 for evacuation
[46.963s][info][gc,phases      ] GC(202)   Pre Evacuate Collection Set: 0.2ms
[46.963s][info][gc,phases      ] GC(202)   Merge Heap Roots: 0.3ms
[46.963s][info][gc,phases      ] GC(202)   Evacuate Collection Set: 0.8ms
[46.963s][info][gc,phases      ] GC(202)   Post Evacuate Collection Set: 0.7ms
[46.963s][info][gc,phases      ] GC(202)   Other: 0.1ms
[46.963s][info][gc,heap        ] GC(202) Eden regions: 659->0(659)
[46.963s][info][gc,heap        ] GC(202) Survivor regions: 2->2(83)
[46.963s][info][gc,heap        ] GC(202) Old regions: 50->50
[46.963s][info][gc,heap        ] GC(202) Archive regions: 0->0
[46.963s][info][gc,heap        ] GC(202) Humongous regions: 0->0
[46.963s][info][gc,metaspace   ] GC(202) Metaspace: 73856K(74944K)->73856K(74944K) NonClass: 58518K(58944K)->58518K(58944K) Class: 15337K(16000K)->15337K(16000K)
[46.963s][info][gc             ] GC(202) Pause Young (Normal) (G1 Evacuation Pause) 698M->39M(1103M) 2.344ms
[46.963s][info][gc,cpu         ] GC(202) User=0.00s Sys=0.00s Real=0.00s
[47.164s][info][gc,start       ] GC(203) Pause Young (Normal) (G1 Evacuation Pause)
[47.164s][info][gc,task        ] GC(203) Using 33 workers of 33 for evacuation
[47.166s][info][gc,phases      ] GC(203)   Pre Evacuate Collection Set: 0.2ms
[47.166s][info][gc,phases      ] GC(203)   Merge Heap Roots: 0.2ms
[47.166s][info][gc,phases      ] GC(203)   Evacuate Collection Set: 0.8ms
[47.166s][info][gc,phases      ] GC(203)   Post Evacuate Collection Set: 0.6ms
[47.166s][info][gc,phases      ] GC(203)   Other: 0.1ms
[47.166s][info][gc,heap        ] GC(203) Eden regions: 659->0(659)
[47.166s][info][gc,heap        ] GC(203) Survivor regions: 2->2(83)
[47.166s][info][gc,heap        ] GC(203) Old regions: 50->50
[47.166s][info][gc,heap        ] GC(203) Archive regions: 0->0
[47.166s][info][gc,heap        ] GC(203) Humongous regions: 0->0
[47.166s][info][gc,metaspace   ] GC(203) Metaspace: 73856K(74944K)->73856K(74944K) NonClass: 58518K(58944K)->58518K(58944K) Class: 15337K(16000K)->15337K(16000K)
[47.166s][info][gc             ] GC(203) Pause Young (Normal) (G1 Evacuation Pause) 698M->39M(1103M) 2.226ms
[47.166s][info][gc,cpu         ] GC(203) User=0.00s Sys=0.00s Real=0.00s
[47.407s][info][gc,start       ] GC(204) Pause Young (Normal) (G1 Evacuation Pause)
[47.407s][info][gc,task        ] GC(204) Using 33 workers of 33 for evacuation
[47.409s][info][gc,phases      ] GC(204)   Pre Evacuate Collection Set: 0.2ms
[47.409s][info][gc,phases      ] GC(204)   Merge Heap Roots: 0.2ms
[47.409s][info][gc,phases      ] GC(204)   Evacuate Collection Set: 0.7ms
[47.409s][info][gc,phases      ] GC(204)   Post Evacuate Collection Set: 0.7ms
[47.409s][info][gc,phases      ] GC(204)   Other: 0.1ms
[47.409s][info][gc,heap        ] GC(204) Eden regions: 659->0(659)
[47.409s][info][gc,heap        ] GC(204) Survivor regions: 2->2(83)
[47.409s][info][gc,heap        ] GC(204) Old regions: 50->50
[47.409s][info][gc,heap        ] GC(204) Archive regions: 0->0
[47.409s][info][gc,heap        ] GC(204) Humongous regions: 0->0
[47.409s][info][gc,metaspace   ] GC(204) Metaspace: 73856K(74944K)->73856K(74944K) NonClass: 58518K(58944K)->58518K(58944K) Class: 15337K(16000K)->15337K(16000K)
[47.409s][info][gc             ] GC(204) Pause Young (Normal) (G1 Evacuation Pause) 698M->39M(1103M) 2.221ms
[47.409s][info][gc,cpu         ] GC(204) User=0.00s Sys=0.00s Real=0.00s
[47.709s][info][gc,start       ] GC(205) Pause Young (Normal) (G1 Evacuation Pause)
[47.709s][info][gc,task        ] GC(205) Using 29 workers of 33 for evacuation
[47.711s][info][gc,phases      ] GC(205)   Pre Evacuate Collection Set: 0.2ms
[47.711s][info][gc,phases      ] GC(205)   Merge Heap Roots: 0.2ms
[47.711s][info][gc,phases      ] GC(205)   Evacuate Collection Set: 0.8ms
[47.711s][info][gc,phases      ] GC(205)   Post Evacuate Collection Set: 0.7ms
[47.711s][info][gc,phases      ] GC(205)   Other: 0.1ms
[47.711s][info][gc,heap        ] GC(205) Eden regions: 659->0(659)
[47.711s][info][gc,heap        ] GC(205) Survivor regions: 2->2(83)
[47.711s][info][gc,heap        ] GC(205) Old regions: 50->50
[47.711s][info][gc,heap        ] GC(205) Archive regions: 0->0
[47.711s][info][gc,heap        ] GC(205) Humongous regions: 0->0
[47.711s][info][gc,metaspace   ] GC(205) Metaspace: 73856K(74944K)->73856K(74944K) NonClass: 58518K(58944K)->58518K(58944K) Class: 15337K(16000K)->15337K(16000K)
[47.711s][info][gc             ] GC(205) Pause Young (Normal) (G1 Evacuation Pause) 698M->39M(1103M) 2.145ms
[47.711s][info][gc,cpu         ] GC(205) User=0.00s Sys=0.00s Real=0.00s
[48.168s][info][gc,start       ] GC(206) Pause Young (Normal) (G1 Evacuation Pause)
[48.168s][info][gc,task        ] GC(206) Using 27 workers of 33 for evacuation
[48.170s][info][gc,phases      ] GC(206)   Pre Evacuate Collection Set: 0.2ms
[48.170s][info][gc,phases      ] GC(206)   Merge Heap Roots: 0.2ms
[48.170s][info][gc,phases      ] GC(206)   Evacuate Collection Set: 0.8ms
[48.170s][info][gc,phases      ] GC(206)   Post Evacuate Collection Set: 0.7ms
[48.170s][info][gc,phases      ] GC(206)   Other: 0.1ms
[48.170s][info][gc,heap        ] GC(206) Eden regions: 659->0(659)
[48.170s][info][gc,heap        ] GC(206) Survivor regions: 2->2(83)
[48.170s][info][gc,heap        ] GC(206) Old regions: 50->50
[48.170s][info][gc,heap        ] GC(206) Archive regions: 0->0
[48.170s][info][gc,heap        ] GC(206) Humongous regions: 0->0
[48.170s][info][gc,metaspace   ] GC(206) Metaspace: 73856K(74944K)->73856K(74944K) NonClass: 58518K(58944K)->58518K(58944K) Class: 15337K(16000K)->15337K(16000K)
[48.170s][info][gc             ] GC(206) Pause Young (Normal) (G1 Evacuation Pause) 698M->39M(1103M) 2.151ms
[48.170s][info][gc,cpu         ] GC(206) User=0.00s Sys=0.00s Real=0.00s
[48.710s][info][gc,start       ] GC(207) Pause Young (Normal) (G1 Evacuation Pause)
[48.710s][info][gc,task        ] GC(207) Using 26 workers of 33 for evacuation
[48.711s][info][gc,phases      ] GC(207)   Pre Evacuate Collection Set: 0.2ms
[48.711s][info][gc,phases      ] GC(207)   Merge Heap Roots: 0.2ms
[48.711s][info][gc,phases      ] GC(207)   Evacuate Collection Set: 0.6ms
[48.711s][info][gc,phases      ] GC(207)   Post Evacuate Collection Set: 0.6ms
[48.711s][info][gc,phases      ] GC(207)   Other: 0.1ms
[48.712s][info][gc,heap        ] GC(207) Eden regions: 659->0(659)
[48.712s][info][gc,heap        ] GC(207) Survivor regions: 2->2(83)
[48.712s][info][gc,heap        ] GC(207) Old regions: 50->50
[48.712s][info][gc,heap        ] GC(207) Archive regions: 0->0
[48.712s][info][gc,heap        ] GC(207) Humongous regions: 0->0
[48.712s][info][gc,metaspace   ] GC(207) Metaspace: 73856K(74944K)->73856K(74944K) NonClass: 58518K(58944K)->58518K(58944K) Class: 15337K(16000K)->15337K(16000K)
[48.712s][info][gc             ] GC(207) Pause Young (Normal) (G1 Evacuation Pause) 698M->39M(1103M) 1.955ms
[48.712s][info][gc,cpu         ] GC(207) User=0.00s Sys=0.00s Real=0.00s
[49.160s][info][gc,start       ] GC(208) Pause Full (System.gc())
[49.160s][info][gc,task        ] GC(208) Using 26 workers of 33 for full compaction
[49.162s][info][gc,phases,start] GC(208) Phase 1: Mark live objects
[49.189s][info][gc,phases      ] GC(208) Phase 1: Mark live objects 27.436ms
[49.189s][info][gc,phases,start] GC(208) Phase 2: Prepare compaction
[49.191s][info][gc,phases      ] GC(208) Phase 2: Prepare compaction 2.146ms
[49.191s][info][gc,phases,start] GC(208) Phase 3: Adjust pointers
[49.200s][info][gc,phases      ] GC(208) Phase 3: Adjust pointers 8.404ms
[49.200s][info][gc,phases,start] GC(208) Phase 4: Compact heap
[49.201s][info][gc,phases      ] GC(208) Phase 4: Compact heap 0.842ms
[49.214s][info][gc,heap        ] GC(208) Eden regions: 484->0(96)
[49.214s][info][gc,heap        ] GC(208) Survivor regions: 2->0(83)
[49.214s][info][gc,heap        ] GC(208) Old regions: 50->48
[49.214s][info][gc,heap        ] GC(208) Archive regions: 0->0
[49.214s][info][gc,heap        ] GC(208) Humongous regions: 0->0
[49.215s][info][gc,metaspace   ] GC(208) Metaspace: 73871K(74944K)->73871K(74944K) NonClass: 58533K(58944K)->58533K(58944K) Class: 15337K(16000K)->15337K(16000K)
[49.215s][info][gc             ] GC(208) Pause Full (System.gc()) 523M->35M(160M) 54.665ms
[49.215s][info][gc,cpu         ] GC(208) User=0.83s Sys=0.02s Real=0.06s
[49.267s][info][gc,start       ] GC(209) Pause Young (Normal) (G1 Evacuation Pause)
[49.267s][info][gc,task        ] GC(209) Using 33 workers of 33 for evacuation
[49.269s][info][gc,phases      ] GC(209)   Pre Evacuate Collection Set: 0.2ms
[49.269s][info][gc,phases      ] GC(209)   Merge Heap Roots: 0.2ms
[49.269s][info][gc,phases      ] GC(209)   Evacuate Collection Set: 1.4ms
[49.269s][info][gc,phases      ] GC(209)   Post Evacuate Collection Set: 0.7ms
[49.269s][info][gc,phases      ] GC(209)   Other: 0.1ms
[49.269s][info][gc,heap        ] GC(209) Eden regions: 96->0(92)
[49.269s][info][gc,heap        ] GC(209) Survivor regions: 0->4(12)
[49.269s][info][gc,heap        ] GC(209) Old regions: 48->48
[49.269s][info][gc,heap        ] GC(209) Archive regions: 0->0
[49.270s][info][gc,heap        ] GC(209) Humongous regions: 0->0
[49.270s][info][gc,metaspace   ] GC(209) Metaspace: 74023K(75072K)->74023K(75072K) NonClass: 58685K(59072K)->58685K(59072K) Class: 15337K(16000K)->15337K(16000K)
[49.270s][info][gc             ] GC(209) Pause Young (Normal) (G1 Evacuation Pause) 131M->38M(160M) 2.865ms
[49.270s][info][gc,cpu         ] GC(209) User=0.00s Sys=0.00s Real=0.00s
[49.294s][info][gc,start       ] GC(210) Pause Young (Normal) (G1 Evacuation Pause)
[49.294s][info][gc,task        ] GC(210) Using 33 workers of 33 for evacuation
[49.297s][info][gc,phases      ] GC(210)   Pre Evacuate Collection Set: 0.2ms
[49.297s][info][gc,phases      ] GC(210)   Merge Heap Roots: 0.2ms
[49.297s][info][gc,phases      ] GC(210)   Evacuate Collection Set: 1.2ms
[49.297s][info][gc,phases      ] GC(210)   Post Evacuate Collection Set: 0.6ms
[49.297s][info][gc,phases      ] GC(210)   Other: 0.1ms
[49.297s][info][gc,heap        ] GC(210) Eden regions: 92->0(92)
[49.297s][info][gc,heap        ] GC(210) Survivor regions: 4->4(12)
[49.297s][info][gc,heap        ] GC(210) Old regions: 48->48
[49.297s][info][gc,heap        ] GC(210) Archive regions: 0->0
[49.297s][info][gc,heap        ] GC(210) Humongous regions: 0->0
[49.297s][info][gc,metaspace   ] GC(210) Metaspace: 74023K(75072K)->74023K(75072K) NonClass: 58685K(59072K)->58685K(59072K) Class: 15337K(16000K)->15337K(16000K)
[49.297s][info][gc             ] GC(210) Pause Young (Normal) (G1 Evacuation Pause) 130M->38M(160M) 2.454ms
[49.297s][info][gc,cpu         ] GC(210) User=0.00s Sys=0.00s Real=0.00s
[49.322s][info][gc,start       ] GC(211) Pause Young (Normal) (G1 Evacuation Pause)
[49.322s][info][gc,task        ] GC(211) Using 33 workers of 33 for evacuation
[49.324s][info][gc,phases      ] GC(211)   Pre Evacuate Collection Set: 0.2ms
[49.324s][info][gc,phases      ] GC(211)   Merge Heap Roots: 0.2ms
[49.324s][info][gc,phases      ] GC(211)   Evacuate Collection Set: 1.2ms
[49.324s][info][gc,phases      ] GC(211)   Post Evacuate Collection Set: 0.6ms
[49.324s][info][gc,phases      ] GC(211)   Other: 0.1ms
[49.324s][info][gc,heap        ] GC(211) Eden regions: 92->0(92)
[49.324s][info][gc,heap        ] GC(211) Survivor regions: 4->4(12)
[49.324s][info][gc,heap        ] GC(211) Old regions: 48->48
[49.324s][info][gc,heap        ] GC(211) Archive regions: 0->0
[49.324s][info][gc,heap        ] GC(211) Humongous regions: 0->0
[49.324s][info][gc,metaspace   ] GC(211) Metaspace: 74023K(75072K)->74023K(75072K) NonClass: 58685K(59072K)->58685K(59072K) Class: 15337K(16000K)->15337K(16000K)
[49.324s][info][gc             ] GC(211) Pause Young (Normal) (G1 Evacuation Pause) 130M->38M(160M) 2.573ms
[49.324s][info][gc,cpu         ] GC(211) User=0.52s Sys=0.00s Real=0.00s
[49.349s][info][gc,start       ] GC(212) Pause Young (Normal) (G1 Evacuation Pause)
[49.349s][info][gc,task        ] GC(212) Using 33 workers of 33 for evacuation
[49.356s][info][gc,phases      ] GC(212)   Pre Evacuate Collection Set: 0.2ms
[49.356s][info][gc,phases      ] GC(212)   Merge Heap Roots: 0.2ms
[49.356s][info][gc,phases      ] GC(212)   Evacuate Collection Set: 1.2ms
[49.356s][info][gc,phases      ] GC(212)   Post Evacuate Collection Set: 4.6ms
[49.356s][info][gc,phases      ] GC(212)   Other: 0.1ms
[49.356s][info][gc,heap        ] GC(212) Eden regions: 92->0(658)
[49.356s][info][gc,heap        ] GC(212) Survivor regions: 4->4(12)
[49.356s][info][gc,heap        ] GC(212) Old regions: 48->48
[49.356s][info][gc,heap        ] GC(212) Archive regions: 0->0
[49.356s][info][gc,heap        ] GC(212) Humongous regions: 0->0
[49.356s][info][gc,metaspace   ] GC(212) Metaspace: 74023K(75072K)->74023K(75072K) NonClass: 58685K(59072K)->58685K(59072K) Class: 15337K(16000K)->15337K(16000K)
[49.356s][info][gc             ] GC(212) Pause Young (Normal) (G1 Evacuation Pause) 130M->38M(1104M) 6.499ms
[49.356s][info][gc,cpu         ] GC(212) User=0.02s Sys=0.00s Real=0.01s
[49.564s][info][gc,start       ] GC(213) Pause Young (Normal) (G1 Evacuation Pause)
[49.564s][info][gc,task        ] GC(213) Using 33 workers of 33 for evacuation
[49.568s][info][gc,phases      ] GC(213)   Pre Evacuate Collection Set: 0.2ms
[49.568s][info][gc,phases      ] GC(213)   Merge Heap Roots: 0.3ms
[49.568s][info][gc,phases      ] GC(213)   Evacuate Collection Set: 2.7ms
[49.568s][info][gc,phases      ] GC(213)   Post Evacuate Collection Set: 0.9ms
[49.568s][info][gc,phases      ] GC(213)   Other: 0.1ms
[49.568s][info][gc,heap        ] GC(213) Eden regions: 658->0(658)
[49.568s][info][gc,heap        ] GC(213) Survivor regions: 4->4(83)
[49.568s][info][gc,heap        ] GC(213) Old regions: 48->48
[49.568s][info][gc,heap        ] GC(213) Archive regions: 0->0
[49.568s][info][gc,heap        ] GC(213) Humongous regions: 0->0
[49.568s][info][gc,metaspace   ] GC(213) Metaspace: 74023K(75072K)->74023K(75072K) NonClass: 58685K(59072K)->58685K(59072K) Class: 15337K(16000K)->15337K(16000K)
[49.568s][info][gc             ] GC(213) Pause Young (Normal) (G1 Evacuation Pause) 696M->39M(1104M) 4.365ms
[49.568s][info][gc,cpu         ] GC(213) User=0.00s Sys=0.00s Real=0.00s
[49.736s][info][gc,start       ] GC(214) Pause Young (Normal) (G1 Evacuation Pause)
[49.736s][info][gc,task        ] GC(214) Using 33 workers of 33 for evacuation
[49.740s][info][gc,phases      ] GC(214)   Pre Evacuate Collection Set: 0.2ms
[49.740s][info][gc,phases      ] GC(214)   Merge Heap Roots: 0.3ms
[49.740s][info][gc,phases      ] GC(214)   Evacuate Collection Set: 2.6ms
[49.740s][info][gc,phases      ] GC(214)   Post Evacuate Collection Set: 0.9ms
[49.740s][info][gc,phases      ] GC(214)   Other: 0.1ms
[49.740s][info][gc,heap        ] GC(214) Eden regions: 658->0(658)
[49.740s][info][gc,heap        ] GC(214) Survivor regions: 4->4(83)
[49.740s][info][gc,heap        ] GC(214) Old regions: 48->48
[49.740s][info][gc,heap        ] GC(214) Archive regions: 0->0
[49.740s][info][gc,heap        ] GC(214) Humongous regions: 0->0
[49.740s][info][gc,metaspace   ] GC(214) Metaspace: 74023K(75072K)->74023K(75072K) NonClass: 58685K(59072K)->58685K(59072K) Class: 15337K(16000K)->15337K(16000K)
[49.740s][info][gc             ] GC(214) Pause Young (Normal) (G1 Evacuation Pause) 697M->39M(1104M) 4.342ms
[49.740s][info][gc,cpu         ] GC(214) User=0.00s Sys=0.00s Real=0.00s
[49.909s][info][gc,start       ] GC(215) Pause Young (Normal) (G1 Evacuation Pause)
[49.909s][info][gc,task        ] GC(215) Using 33 workers of 33 for evacuation
[49.912s][info][gc,phases      ] GC(215)   Pre Evacuate Collection Set: 0.2ms
[49.912s][info][gc,phases      ] GC(215)   Merge Heap Roots: 0.3ms
[49.912s][info][gc,phases      ] GC(215)   Evacuate Collection Set: 1.2ms
[49.912s][info][gc,phases      ] GC(215)   Post Evacuate Collection Set: 0.8ms
[49.912s][info][gc,phases      ] GC(215)   Other: 0.1ms
[49.912s][info][gc,heap        ] GC(215) Eden regions: 658->0(658)
[49.912s][info][gc,heap        ] GC(215) Survivor regions: 4->4(83)
[49.912s][info][gc,heap        ] GC(215) Old regions: 48->48
[49.912s][info][gc,heap        ] GC(215) Archive regions: 0->0
[49.912s][info][gc,heap        ] GC(215) Humongous regions: 0->0
[49.912s][info][gc,metaspace   ] GC(215) Metaspace: 74023K(75072K)->74023K(75072K) NonClass: 58685K(59072K)->58685K(59072K) Class: 15337K(16000K)->15337K(16000K)
[49.912s][info][gc             ] GC(215) Pause Young (Normal) (G1 Evacuation Pause) 697M->38M(1104M) 2.873ms
[49.912s][info][gc,cpu         ] GC(215) User=0.00s Sys=0.00s Real=0.00s
[50.084s][info][gc,start       ] GC(216) Pause Young (Normal) (G1 Evacuation Pause)
[50.084s][info][gc,task        ] GC(216) Using 33 workers of 33 for evacuation
[50.087s][info][gc,phases      ] GC(216)   Pre Evacuate Collection Set: 0.3ms
[50.087s][info][gc,phases      ] GC(216)   Merge Heap Roots: 0.3ms
[50.087s][info][gc,phases      ] GC(216)   Evacuate Collection Set: 1.2ms
[50.087s][info][gc,phases      ] GC(216)   Post Evacuate Collection Set: 0.8ms
[50.087s][info][gc,phases      ] GC(216)   Other: 0.1ms
[50.087s][info][gc,heap        ] GC(216) Eden regions: 658->0(658)
[50.087s][info][gc,heap        ] GC(216) Survivor regions: 4->4(83)
[50.087s][info][gc,heap        ] GC(216) Old regions: 48->48
[50.087s][info][gc,heap        ] GC(216) Archive regions: 0->0
[50.087s][info][gc,heap        ] GC(216) Humongous regions: 0->0
[50.087s][info][gc,metaspace   ] GC(216) Metaspace: 74023K(75072K)->74023K(75072K) NonClass: 58685K(59072K)->58685K(59072K) Class: 15337K(16000K)->15337K(16000K)
[50.087s][info][gc             ] GC(216) Pause Young (Normal) (G1 Evacuation Pause) 696M->38M(1104M) 2.884ms
[50.087s][info][gc,cpu         ] GC(216) User=0.00s Sys=0.00s Real=0.00s
[50.260s][info][gc,start       ] GC(217) Pause Young (Normal) (G1 Evacuation Pause)
[50.260s][info][gc,task        ] GC(217) Using 33 workers of 33 for evacuation
[50.263s][info][gc,phases      ] GC(217)   Pre Evacuate Collection Set: 0.2ms
[50.263s][info][gc,phases      ] GC(217)   Merge Heap Roots: 0.3ms
[50.263s][info][gc,phases      ] GC(217)   Evacuate Collection Set: 1.2ms
[50.263s][info][gc,phases      ] GC(217)   Post Evacuate Collection Set: 0.8ms
[50.263s][info][gc,phases      ] GC(217)   Other: 0.1ms
[50.263s][info][gc,heap        ] GC(217) Eden regions: 658->0(658)
[50.263s][info][gc,heap        ] GC(217) Survivor regions: 4->4(83)
[50.263s][info][gc,heap        ] GC(217) Old regions: 48->48
[50.263s][info][gc,heap        ] GC(217) Archive regions: 0->0
[50.263s][info][gc,heap        ] GC(217) Humongous regions: 0->0
[50.263s][info][gc,metaspace   ] GC(217) Metaspace: 74023K(75072K)->74023K(75072K) NonClass: 58685K(59072K)->58685K(59072K) Class: 15337K(16000K)->15337K(16000K)
[50.263s][info][gc             ] GC(217) Pause Young (Normal) (G1 Evacuation Pause) 696M->38M(1104M) 3.073ms
[50.263s][info][gc,cpu         ] GC(217) User=0.52s Sys=0.00s Real=0.00s
[50.430s][info][gc,start       ] GC(218) Pause Young (Normal) (G1 Evacuation Pause)
[50.430s][info][gc,task        ] GC(218) Using 33 workers of 33 for evacuation
[50.433s][info][gc,phases      ] GC(218)   Pre Evacuate Collection Set: 0.2ms
[50.433s][info][gc,phases      ] GC(218)   Merge Heap Roots: 0.3ms
[50.433s][info][gc,phases      ] GC(218)   Evacuate Collection Set: 1.2ms
[50.433s][info][gc,phases      ] GC(218)   Post Evacuate Collection Set: 0.8ms
[50.433s][info][gc,phases      ] GC(218)   Other: 0.1ms
[50.433s][info][gc,heap        ] GC(218) Eden regions: 658->0(658)
[50.433s][info][gc,heap        ] GC(218) Survivor regions: 4->4(83)
[50.433s][info][gc,heap        ] GC(218) Old regions: 48->48
[50.433s][info][gc,heap        ] GC(218) Archive regions: 0->0
[50.433s][info][gc,heap        ] GC(218) Humongous regions: 0->0
[50.433s][info][gc,metaspace   ] GC(218) Metaspace: 74023K(75072K)->74023K(75072K) NonClass: 58685K(59072K)->58685K(59072K) Class: 15337K(16000K)->15337K(16000K)
[50.433s][info][gc             ] GC(218) Pause Young (Normal) (G1 Evacuation Pause) 696M->38M(1104M) 2.878ms
[50.433s][info][gc,cpu         ] GC(218) User=0.05s Sys=0.00s Real=0.00s
[50.600s][info][gc,start       ] GC(219) Pause Young (Normal) (G1 Evacuation Pause)
[50.600s][info][gc,task        ] GC(219) Using 33 workers of 33 for evacuation
[50.603s][info][gc,phases      ] GC(219)   Pre Evacuate Collection Set: 0.3ms
[50.603s][info][gc,phases      ] GC(219)   Merge Heap Roots: 0.3ms
[50.603s][info][gc,phases      ] GC(219)   Evacuate Collection Set: 1.2ms
[50.603s][info][gc,phases      ] GC(219)   Post Evacuate Collection Set: 0.8ms
[50.603s][info][gc,phases      ] GC(219)   Other: 0.1ms
[50.603s][info][gc,heap        ] GC(219) Eden regions: 658->0(658)
[50.603s][info][gc,heap        ] GC(219) Survivor regions: 4->4(83)
[50.603s][info][gc,heap        ] GC(219) Old regions: 48->48
[50.603s][info][gc,heap        ] GC(219) Archive regions: 0->0
[50.603s][info][gc,heap        ] GC(219) Humongous regions: 0->0
[50.603s][info][gc,metaspace   ] GC(219) Metaspace: 74023K(75072K)->74023K(75072K) NonClass: 58685K(59072K)->58685K(59072K) Class: 15337K(16000K)->15337K(16000K)
[50.603s][info][gc             ] GC(219) Pause Young (Normal) (G1 Evacuation Pause) 696M->38M(1104M) 2.907ms
[50.603s][info][gc,cpu         ] GC(219) User=0.00s Sys=0.00s Real=0.00s
[50.770s][info][gc,start       ] GC(220) Pause Young (Normal) (G1 Evacuation Pause)
[50.770s][info][gc,task        ] GC(220) Using 33 workers of 33 for evacuation
[50.773s][info][gc,phases      ] GC(220)   Pre Evacuate Collection Set: 0.2ms
[50.773s][info][gc,phases      ] GC(220)   Merge Heap Roots: 0.3ms
[50.773s][info][gc,phases      ] GC(220)   Evacuate Collection Set: 1.2ms
[50.773s][info][gc,phases      ] GC(220)   Post Evacuate Collection Set: 0.8ms
[50.773s][info][gc,phases      ] GC(220)   Other: 0.1ms
[50.773s][info][gc,heap        ] GC(220) Eden regions: 658->0(658)
[50.773s][info][gc,heap        ] GC(220) Survivor regions: 4->4(83)
[50.773s][info][gc,heap        ] GC(220) Old regions: 48->48
[50.773s][info][gc,heap        ] GC(220) Archive regions: 0->0
[50.773s][info][gc,heap        ] GC(220) Humongous regions: 0->0
[50.773s][info][gc,metaspace   ] GC(220) Metaspace: 74024K(75072K)->74024K(75072K) NonClass: 58686K(59072K)->58686K(59072K) Class: 15338K(16000K)->15338K(16000K)
[50.773s][info][gc             ] GC(220) Pause Young (Normal) (G1 Evacuation Pause) 696M->38M(1104M) 2.879ms
[50.773s][info][gc,cpu         ] GC(220) User=0.00s Sys=0.00s Real=0.00s
[50.941s][info][gc,start       ] GC(221) Pause Young (Normal) (G1 Evacuation Pause)
[50.941s][info][gc,task        ] GC(221) Using 33 workers of 33 for evacuation
[50.944s][info][gc,phases      ] GC(221)   Pre Evacuate Collection Set: 0.2ms
[50.944s][info][gc,phases      ] GC(221)   Merge Heap Roots: 0.3ms
[50.944s][info][gc,phases      ] GC(221)   Evacuate Collection Set: 1.2ms
[50.944s][info][gc,phases      ] GC(221)   Post Evacuate Collection Set: 0.8ms
[50.944s][info][gc,phases      ] GC(221)   Other: 0.1ms
[50.944s][info][gc,heap        ] GC(221) Eden regions: 658->0(658)
[50.944s][info][gc,heap        ] GC(221) Survivor regions: 4->4(83)
[50.944s][info][gc,heap        ] GC(221) Old regions: 48->48
[50.944s][info][gc,heap        ] GC(221) Archive regions: 0->0
[50.944s][info][gc,heap        ] GC(221) Humongous regions: 0->0
[50.944s][info][gc,metaspace   ] GC(221) Metaspace: 74024K(75072K)->74024K(75072K) NonClass: 58686K(59072K)->58686K(59072K) Class: 15338K(16000K)->15338K(16000K)
[50.944s][info][gc             ] GC(221) Pause Young (Normal) (G1 Evacuation Pause) 696M->38M(1104M) 2.940ms
[50.944s][info][gc,cpu         ] GC(221) User=0.00s Sys=0.00s Real=0.00s
[51.114s][info][gc,start       ] GC(222) Pause Young (Normal) (G1 Evacuation Pause)
[51.114s][info][gc,task        ] GC(222) Using 33 workers of 33 for evacuation
[51.116s][info][gc,phases      ] GC(222)   Pre Evacuate Collection Set: 0.2ms
[51.116s][info][gc,phases      ] GC(222)   Merge Heap Roots: 0.3ms
[51.116s][info][gc,phases      ] GC(222)   Evacuate Collection Set: 1.2ms
[51.116s][info][gc,phases      ] GC(222)   Post Evacuate Collection Set: 0.8ms
[51.116s][info][gc,phases      ] GC(222)   Other: 0.1ms
[51.116s][info][gc,heap        ] GC(222) Eden regions: 658->0(658)
[51.116s][info][gc,heap        ] GC(222) Survivor regions: 4->4(83)
[51.116s][info][gc,heap        ] GC(222) Old regions: 48->48
[51.116s][info][gc,heap        ] GC(222) Archive regions: 0->0
[51.116s][info][gc,heap        ] GC(222) Humongous regions: 0->0
[51.116s][info][gc,metaspace   ] GC(222) Metaspace: 74024K(75072K)->74024K(75072K) NonClass: 58686K(59072K)->58686K(59072K) Class: 15338K(16000K)->15338K(16000K)
[51.117s][info][gc             ] GC(222) Pause Young (Normal) (G1 Evacuation Pause) 696M->38M(1104M) 2.861ms
[51.117s][info][gc,cpu         ] GC(222) User=0.00s Sys=0.00s Real=0.00s
[51.283s][info][gc,start       ] GC(223) Pause Young (Normal) (G1 Evacuation Pause)
[51.283s][info][gc,task        ] GC(223) Using 33 workers of 33 for evacuation
[51.286s][info][gc,phases      ] GC(223)   Pre Evacuate Collection Set: 0.2ms
[51.286s][info][gc,phases      ] GC(223)   Merge Heap Roots: 0.2ms
[51.286s][info][gc,phases      ] GC(223)   Evacuate Collection Set: 1.2ms
[51.286s][info][gc,phases      ] GC(223)   Post Evacuate Collection Set: 0.8ms
[51.286s][info][gc,phases      ] GC(223)   Other: 0.1ms
[51.286s][info][gc,heap        ] GC(223) Eden regions: 658->0(658)
[51.286s][info][gc,heap        ] GC(223) Survivor regions: 4->4(83)
[51.286s][info][gc,heap        ] GC(223) Old regions: 48->48
[51.286s][info][gc,heap        ] GC(223) Archive regions: 0->0
[51.286s][info][gc,heap        ] GC(223) Humongous regions: 0->0
[51.286s][info][gc,metaspace   ] GC(223) Metaspace: 74024K(75072K)->74024K(75072K) NonClass: 58686K(59072K)->58686K(59072K) Class: 15338K(16000K)->15338K(16000K)
[51.286s][info][gc             ] GC(223) Pause Young (Normal) (G1 Evacuation Pause) 696M->38M(1104M) 2.874ms
[51.286s][info][gc,cpu         ] GC(223) User=0.00s Sys=0.00s Real=0.00s
[51.452s][info][gc,start       ] GC(224) Pause Young (Normal) (G1 Evacuation Pause)
[51.452s][info][gc,task        ] GC(224) Using 33 workers of 33 for evacuation
[51.455s][info][gc,phases      ] GC(224)   Pre Evacuate Collection Set: 0.2ms
[51.455s][info][gc,phases      ] GC(224)   Merge Heap Roots: 0.3ms
[51.455s][info][gc,phases      ] GC(224)   Evacuate Collection Set: 1.3ms
[51.455s][info][gc,phases      ] GC(224)   Post Evacuate Collection Set: 0.6ms
[51.455s][info][gc,phases      ] GC(224)   Other: 0.1ms
[51.455s][info][gc,heap        ] GC(224) Eden regions: 658->0(660)
[51.455s][info][gc,heap        ] GC(224) Survivor regions: 4->2(83)
[51.455s][info][gc,heap        ] GC(224) Old regions: 48->51
[51.455s][info][gc,heap        ] GC(224) Archive regions: 0->0
[51.455s][info][gc,heap        ] GC(224) Humongous regions: 0->0
[51.455s][info][gc,metaspace   ] GC(224) Metaspace: 74024K(75072K)->74024K(75072K) NonClass: 58686K(59072K)->58686K(59072K) Class: 15338K(16000K)->15338K(16000K)
[51.455s][info][gc             ] GC(224) Pause Young (Normal) (G1 Evacuation Pause) 696M->39M(1104M) 2.766ms
[51.455s][info][gc,cpu         ] GC(224) User=0.00s Sys=0.00s Real=0.00s
[51.623s][info][gc,start       ] GC(225) Pause Young (Normal) (G1 Evacuation Pause)
[51.623s][info][gc,task        ] GC(225) Using 33 workers of 33 for evacuation
[51.625s][info][gc,phases      ] GC(225)   Pre Evacuate Collection Set: 0.2ms
[51.625s][info][gc,phases      ] GC(225)   Merge Heap Roots: 0.2ms
[51.625s][info][gc,phases      ] GC(225)   Evacuate Collection Set: 0.9ms
[51.625s][info][gc,phases      ] GC(225)   Post Evacuate Collection Set: 0.6ms
[51.625s][info][gc,phases      ] GC(225)   Other: 0.1ms
[51.625s][info][gc,heap        ] GC(225) Eden regions: 660->0(660)
[51.625s][info][gc,heap        ] GC(225) Survivor regions: 2->2(83)
[51.625s][info][gc,heap        ] GC(225) Old regions: 51->51
[51.625s][info][gc,heap        ] GC(225) Archive regions: 0->0
[51.625s][info][gc,heap        ] GC(225) Humongous regions: 0->0
[51.625s][info][gc,metaspace   ] GC(225) Metaspace: 74024K(75072K)->74024K(75072K) NonClass: 58686K(59072K)->58686K(59072K) Class: 15338K(16000K)->15338K(16000K)
[51.625s][info][gc             ] GC(225) Pause Young (Normal) (G1 Evacuation Pause) 699M->39M(1104M) 2.342ms
[51.625s][info][gc,cpu         ] GC(225) User=0.00s Sys=0.00s Real=0.00s
[51.793s][info][gc,start       ] GC(226) Pause Young (Normal) (G1 Evacuation Pause)
[51.793s][info][gc,task        ] GC(226) Using 33 workers of 33 for evacuation
[51.795s][info][gc,phases      ] GC(226)   Pre Evacuate Collection Set: 0.3ms
[51.795s][info][gc,phases      ] GC(226)   Merge Heap Roots: 0.3ms
[51.795s][info][gc,phases      ] GC(226)   Evacuate Collection Set: 0.8ms
[51.795s][info][gc,phases      ] GC(226)   Post Evacuate Collection Set: 0.6ms
[51.795s][info][gc,phases      ] GC(226)   Other: 0.1ms
[51.795s][info][gc,heap        ] GC(226) Eden regions: 660->0(660)
[51.795s][info][gc,heap        ] GC(226) Survivor regions: 2->2(83)
[51.795s][info][gc,heap        ] GC(226) Old regions: 51->51
[51.795s][info][gc,heap        ] GC(226) Archive regions: 0->0
[51.795s][info][gc,heap        ] GC(226) Humongous regions: 0->0
[51.795s][info][gc,metaspace   ] GC(226) Metaspace: 74024K(75072K)->74024K(75072K) NonClass: 58686K(59072K)->58686K(59072K) Class: 15338K(16000K)->15338K(16000K)
[51.795s][info][gc             ] GC(226) Pause Young (Normal) (G1 Evacuation Pause) 699M->38M(1104M) 2.298ms
[51.795s][info][gc,cpu         ] GC(226) User=0.00s Sys=0.00s Real=0.00s
[51.965s][info][gc,start       ] GC(227) Pause Young (Normal) (G1 Evacuation Pause)
[51.965s][info][gc,task        ] GC(227) Using 33 workers of 33 for evacuation
[51.967s][info][gc,phases      ] GC(227)   Pre Evacuate Collection Set: 0.3ms
[51.967s][info][gc,phases      ] GC(227)   Merge Heap Roots: 0.2ms
[51.967s][info][gc,phases      ] GC(227)   Evacuate Collection Set: 0.9ms
[51.967s][info][gc,phases      ] GC(227)   Post Evacuate Collection Set: 0.6ms
[51.967s][info][gc,phases      ] GC(227)   Other: 0.1ms
[51.967s][info][gc,heap        ] GC(227) Eden regions: 660->0(660)
[51.967s][info][gc,heap        ] GC(227) Survivor regions: 2->2(83)
[51.967s][info][gc,heap        ] GC(227) Old regions: 51->51
[51.967s][info][gc,heap        ] GC(227) Archive regions: 0->0
[51.967s][info][gc,heap        ] GC(227) Humongous regions: 0->0
[51.967s][info][gc,metaspace   ] GC(227) Metaspace: 74026K(75072K)->74026K(75072K) NonClass: 58688K(59072K)->58688K(59072K) Class: 15338K(16000K)->15338K(16000K)
[51.967s][info][gc             ] GC(227) Pause Young (Normal) (G1 Evacuation Pause) 698M->39M(1104M) 2.340ms
[51.967s][info][gc,cpu         ] GC(227) User=0.00s Sys=0.00s Real=0.00s
[52.135s][info][gc,start       ] GC(228) Pause Young (Normal) (G1 Evacuation Pause)
[52.135s][info][gc,task        ] GC(228) Using 33 workers of 33 for evacuation
[52.137s][info][gc,phases      ] GC(228)   Pre Evacuate Collection Set: 0.2ms
[52.137s][info][gc,phases      ] GC(228)   Merge Heap Roots: 0.2ms
[52.138s][info][gc,phases      ] GC(228)   Evacuate Collection Set: 0.9ms
[52.138s][info][gc,phases      ] GC(228)   Post Evacuate Collection Set: 0.6ms
[52.138s][info][gc,phases      ] GC(228)   Other: 0.1ms
[52.138s][info][gc,heap        ] GC(228) Eden regions: 660->0(660)
[52.138s][info][gc,heap        ] GC(228) Survivor regions: 2->2(83)
[52.138s][info][gc,heap        ] GC(228) Old regions: 51->51
[52.138s][info][gc,heap        ] GC(228) Archive regions: 0->0
[52.138s][info][gc,heap        ] GC(228) Humongous regions: 0->0
[52.138s][info][gc,metaspace   ] GC(228) Metaspace: 74026K(75072K)->74026K(75072K) NonClass: 58688K(59072K)->58688K(59072K) Class: 15338K(16000K)->15338K(16000K)
[52.138s][info][gc             ] GC(228) Pause Young (Normal) (G1 Evacuation Pause) 699M->39M(1104M) 2.343ms
[52.138s][info][gc,cpu         ] GC(228) User=0.52s Sys=0.00s Real=0.00s
[52.305s][info][gc,start       ] GC(229) Pause Young (Normal) (G1 Evacuation Pause)
[52.305s][info][gc,task        ] GC(229) Using 33 workers of 33 for evacuation
[52.307s][info][gc,phases      ] GC(229)   Pre Evacuate Collection Set: 0.2ms
[52.307s][info][gc,phases      ] GC(229)   Merge Heap Roots: 0.3ms
[52.307s][info][gc,phases      ] GC(229)   Evacuate Collection Set: 0.9ms
[52.307s][info][gc,phases      ] GC(229)   Post Evacuate Collection Set: 0.6ms
[52.307s][info][gc,phases      ] GC(229)   Other: 0.1ms
[52.307s][info][gc,heap        ] GC(229) Eden regions: 660->0(660)
[52.307s][info][gc,heap        ] GC(229) Survivor regions: 2->2(83)
[52.307s][info][gc,heap        ] GC(229) Old regions: 51->51
[52.307s][info][gc,heap        ] GC(229) Archive regions: 0->0
[52.307s][info][gc,heap        ] GC(229) Humongous regions: 0->0
[52.307s][info][gc,metaspace   ] GC(229) Metaspace: 74026K(75072K)->74026K(75072K) NonClass: 58688K(59072K)->58688K(59072K) Class: 15338K(16000K)->15338K(16000K)
[52.307s][info][gc             ] GC(229) Pause Young (Normal) (G1 Evacuation Pause) 699M->39M(1104M) 2.346ms
[52.307s][info][gc,cpu         ] GC(229) User=0.00s Sys=0.00s Real=0.00s
[52.474s][info][gc,start       ] GC(230) Pause Young (Normal) (G1 Evacuation Pause)
[52.475s][info][gc,task        ] GC(230) Using 33 workers of 33 for evacuation
[52.476s][info][gc,phases      ] GC(230)   Pre Evacuate Collection Set: 0.2ms
[52.477s][info][gc,phases      ] GC(230)   Merge Heap Roots: 0.2ms
[52.477s][info][gc,phases      ] GC(230)   Evacuate Collection Set: 0.8ms
[52.477s][info][gc,phases      ] GC(230)   Post Evacuate Collection Set: 0.6ms
[52.477s][info][gc,phases      ] GC(230)   Other: 0.1ms
[52.477s][info][gc,heap        ] GC(230) Eden regions: 660->0(660)
[52.477s][info][gc,heap        ] GC(230) Survivor regions: 2->2(83)
[52.477s][info][gc,heap        ] GC(230) Old regions: 51->51
[52.477s][info][gc,heap        ] GC(230) Archive regions: 0->0
[52.477s][info][gc,heap        ] GC(230) Humongous regions: 0->0
[52.477s][info][gc,metaspace   ] GC(230) Metaspace: 74026K(75072K)->74026K(75072K) NonClass: 58688K(59072K)->58688K(59072K) Class: 15338K(16000K)->15338K(16000K)
[52.477s][info][gc             ] GC(230) Pause Young (Normal) (G1 Evacuation Pause) 699M->39M(1104M) 2.217ms
[52.477s][info][gc,cpu         ] GC(230) User=0.00s Sys=0.00s Real=0.00s
[52.645s][info][gc,start       ] GC(231) Pause Young (Normal) (G1 Evacuation Pause)
[52.645s][info][gc,task        ] GC(231) Using 33 workers of 33 for evacuation
[52.647s][info][gc,phases      ] GC(231)   Pre Evacuate Collection Set: 0.2ms
[52.647s][info][gc,phases      ] GC(231)   Merge Heap Roots: 0.2ms
[52.648s][info][gc,phases      ] GC(231)   Evacuate Collection Set: 0.9ms
[52.648s][info][gc,phases      ] GC(231)   Post Evacuate Collection Set: 0.6ms
[52.648s][info][gc,phases      ] GC(231)   Other: 0.1ms
[52.648s][info][gc,heap        ] GC(231) Eden regions: 660->0(660)
[52.648s][info][gc,heap        ] GC(231) Survivor regions: 2->2(83)
[52.648s][info][gc,heap        ] GC(231) Old regions: 51->51
[52.648s][info][gc,heap        ] GC(231) Archive regions: 0->0
[52.648s][info][gc,heap        ] GC(231) Humongous regions: 0->0
[52.648s][info][gc,metaspace   ] GC(231) Metaspace: 74026K(75072K)->74026K(75072K) NonClass: 58688K(59072K)->58688K(59072K) Class: 15338K(16000K)->15338K(16000K)
[52.648s][info][gc             ] GC(231) Pause Young (Normal) (G1 Evacuation Pause) 699M->39M(1104M) 2.269ms
[52.648s][info][gc,cpu         ] GC(231) User=0.00s Sys=0.00s Real=0.00s
[52.818s][info][gc,start       ] GC(232) Pause Young (Normal) (G1 Evacuation Pause)
[52.818s][info][gc,task        ] GC(232) Using 33 workers of 33 for evacuation
[52.820s][info][gc,phases      ] GC(232)   Pre Evacuate Collection Set: 0.2ms
[52.820s][info][gc,phases      ] GC(232)   Merge Heap Roots: 0.3ms
[52.820s][info][gc,phases      ] GC(232)   Evacuate Collection Set: 0.9ms
[52.820s][info][gc,phases      ] GC(232)   Post Evacuate Collection Set: 0.7ms
[52.820s][info][gc,phases      ] GC(232)   Other: 0.1ms
[52.820s][info][gc,heap        ] GC(232) Eden regions: 660->0(660)
[52.820s][info][gc,heap        ] GC(232) Survivor regions: 2->2(83)
[52.820s][info][gc,heap        ] GC(232) Old regions: 51->51
[52.820s][info][gc,heap        ] GC(232) Archive regions: 0->0
[52.820s][info][gc,heap        ] GC(232) Humongous regions: 0->0
[52.820s][info][gc,metaspace   ] GC(232) Metaspace: 74026K(75072K)->74026K(75072K) NonClass: 58688K(59072K)->58688K(59072K) Class: 15338K(16000K)->15338K(16000K)
[52.820s][info][gc             ] GC(232) Pause Young (Normal) (G1 Evacuation Pause) 699M->39M(1104M) 2.379ms
[52.820s][info][gc,cpu         ] GC(232) User=0.00s Sys=0.00s Real=0.00s
[52.989s][info][gc,start       ] GC(233) Pause Young (Normal) (G1 Evacuation Pause)
[52.989s][info][gc,task        ] GC(233) Using 33 workers of 33 for evacuation
[52.991s][info][gc,phases      ] GC(233)   Pre Evacuate Collection Set: 0.2ms
[52.991s][info][gc,phases      ] GC(233)   Merge Heap Roots: 0.3ms
[52.991s][info][gc,phases      ] GC(233)   Evacuate Collection Set: 0.9ms
[52.991s][info][gc,phases      ] GC(233)   Post Evacuate Collection Set: 0.6ms
[52.991s][info][gc,phases      ] GC(233)   Other: 0.1ms
[52.991s][info][gc,heap        ] GC(233) Eden regions: 660->0(660)
[52.991s][info][gc,heap        ] GC(233) Survivor regions: 2->2(83)
[52.991s][info][gc,heap        ] GC(233) Old regions: 51->51
[52.991s][info][gc,heap        ] GC(233) Archive regions: 0->0
[52.991s][info][gc,heap        ] GC(233) Humongous regions: 0->0
[52.991s][info][gc,metaspace   ] GC(233) Metaspace: 74026K(75072K)->74026K(75072K) NonClass: 58688K(59072K)->58688K(59072K) Class: 15338K(16000K)->15338K(16000K)
[52.991s][info][gc             ] GC(233) Pause Young (Normal) (G1 Evacuation Pause) 699M->39M(1104M) 2.362ms
[52.991s][info][gc,cpu         ] GC(233) User=0.00s Sys=0.00s Real=0.00s
[53.158s][info][gc,start       ] GC(234) Pause Young (Normal) (G1 Evacuation Pause)
[53.158s][info][gc,task        ] GC(234) Using 33 workers of 33 for evacuation
[53.160s][info][gc,phases      ] GC(234)   Pre Evacuate Collection Set: 0.2ms
[53.160s][info][gc,phases      ] GC(234)   Merge Heap Roots: 0.2ms
[53.160s][info][gc,phases      ] GC(234)   Evacuate Collection Set: 0.9ms
[53.160s][info][gc,phases      ] GC(234)   Post Evacuate Collection Set: 0.6ms
[53.160s][info][gc,phases      ] GC(234)   Other: 0.1ms
[53.160s][info][gc,heap        ] GC(234) Eden regions: 660->0(660)
[53.160s][info][gc,heap        ] GC(234) Survivor regions: 2->2(83)
[53.160s][info][gc,heap        ] GC(234) Old regions: 51->51
[53.160s][info][gc,heap        ] GC(234) Archive regions: 0->0
[53.160s][info][gc,heap        ] GC(234) Humongous regions: 0->0
[53.160s][info][gc,metaspace   ] GC(234) Metaspace: 74026K(75072K)->74026K(75072K) NonClass: 58688K(59072K)->58688K(59072K) Class: 15338K(16000K)->15338K(16000K)
[53.160s][info][gc             ] GC(234) Pause Young (Normal) (G1 Evacuation Pause) 699M->39M(1104M) 2.256ms
[53.160s][info][gc,cpu         ] GC(234) User=0.00s Sys=0.00s Real=0.00s
[53.327s][info][gc,start       ] GC(235) Pause Young (Normal) (G1 Evacuation Pause)
[53.327s][info][gc,task        ] GC(235) Using 33 workers of 33 for evacuation
[53.330s][info][gc,phases      ] GC(235)   Pre Evacuate Collection Set: 0.2ms
[53.330s][info][gc,phases      ] GC(235)   Merge Heap Roots: 0.2ms
[53.330s][info][gc,phases      ] GC(235)   Evacuate Collection Set: 0.9ms
[53.330s][info][gc,phases      ] GC(235)   Post Evacuate Collection Set: 0.6ms
[53.330s][info][gc,phases      ] GC(235)   Other: 0.1ms
[53.330s][info][gc,heap        ] GC(235) Eden regions: 660->0(660)
[53.330s][info][gc,heap        ] GC(235) Survivor regions: 2->2(83)
[53.330s][info][gc,heap        ] GC(235) Old regions: 51->51
[53.330s][info][gc,heap        ] GC(235) Archive regions: 0->0
[53.330s][info][gc,heap        ] GC(235) Humongous regions: 0->0
[53.330s][info][gc,metaspace   ] GC(235) Metaspace: 74026K(75072K)->74026K(75072K) NonClass: 58688K(59072K)->58688K(59072K) Class: 15338K(16000K)->15338K(16000K)
[53.330s][info][gc             ] GC(235) Pause Young (Normal) (G1 Evacuation Pause) 699M->39M(1104M) 2.313ms
[53.330s][info][gc,cpu         ] GC(235) User=0.00s Sys=0.00s Real=0.00s
[53.497s][info][gc,start       ] GC(236) Pause Young (Normal) (G1 Evacuation Pause)
[53.497s][info][gc,task        ] GC(236) Using 33 workers of 33 for evacuation
[53.499s][info][gc,phases      ] GC(236)   Pre Evacuate Collection Set: 0.2ms
[53.499s][info][gc,phases      ] GC(236)   Merge Heap Roots: 0.2ms
[53.499s][info][gc,phases      ] GC(236)   Evacuate Collection Set: 0.9ms
[53.499s][info][gc,phases      ] GC(236)   Post Evacuate Collection Set: 0.6ms
[53.499s][info][gc,phases      ] GC(236)   Other: 0.1ms
[53.499s][info][gc,heap        ] GC(236) Eden regions: 660->0(660)
[53.499s][info][gc,heap        ] GC(236) Survivor regions: 2->2(83)
[53.499s][info][gc,heap        ] GC(236) Old regions: 51->51
[53.499s][info][gc,heap        ] GC(236) Archive regions: 0->0
[53.499s][info][gc,heap        ] GC(236) Humongous regions: 0->0
[53.499s][info][gc,metaspace   ] GC(236) Metaspace: 74026K(75072K)->74026K(75072K) NonClass: 58688K(59072K)->58688K(59072K) Class: 15338K(16000K)->15338K(16000K)
[53.499s][info][gc             ] GC(236) Pause Young (Normal) (G1 Evacuation Pause) 699M->39M(1104M) 2.263ms
[53.499s][info][gc,cpu         ] GC(236) User=0.00s Sys=0.00s Real=0.00s
[53.667s][info][gc,start       ] GC(237) Pause Young (Normal) (G1 Evacuation Pause)
[53.667s][info][gc,task        ] GC(237) Using 33 workers of 33 for evacuation
[53.669s][info][gc,phases      ] GC(237)   Pre Evacuate Collection Set: 0.2ms
[53.669s][info][gc,phases      ] GC(237)   Merge Heap Roots: 0.2ms
[53.669s][info][gc,phases      ] GC(237)   Evacuate Collection Set: 0.9ms
[53.669s][info][gc,phases      ] GC(237)   Post Evacuate Collection Set: 0.6ms
[53.669s][info][gc,phases      ] GC(237)   Other: 0.1ms
[53.669s][info][gc,heap        ] GC(237) Eden regions: 660->0(660)
[53.669s][info][gc,heap        ] GC(237) Survivor regions: 2->2(83)
[53.669s][info][gc,heap        ] GC(237) Old regions: 51->51
[53.669s][info][gc,heap        ] GC(237) Archive regions: 0->0
[53.669s][info][gc,heap        ] GC(237) Humongous regions: 0->0
[53.669s][info][gc,metaspace   ] GC(237) Metaspace: 74026K(75072K)->74026K(75072K) NonClass: 58688K(59072K)->58688K(59072K) Class: 15338K(16000K)->15338K(16000K)
[53.669s][info][gc             ] GC(237) Pause Young (Normal) (G1 Evacuation Pause) 699M->39M(1104M) 2.377ms
[53.669s][info][gc,cpu         ] GC(237) User=0.02s Sys=0.00s Real=0.00s
[53.836s][info][gc,start       ] GC(238) Pause Young (Normal) (G1 Evacuation Pause)
[53.836s][info][gc,task        ] GC(238) Using 33 workers of 33 for evacuation
[53.839s][info][gc,phases      ] GC(238)   Pre Evacuate Collection Set: 0.2ms
[53.839s][info][gc,phases      ] GC(238)   Merge Heap Roots: 0.3ms
[53.839s][info][gc,phases      ] GC(238)   Evacuate Collection Set: 0.8ms
[53.839s][info][gc,phases      ] GC(238)   Post Evacuate Collection Set: 0.6ms
[53.839s][info][gc,phases      ] GC(238)   Other: 0.1ms
[53.839s][info][gc,heap        ] GC(238) Eden regions: 660->0(660)
[53.839s][info][gc,heap        ] GC(238) Survivor regions: 2->2(83)
[53.839s][info][gc,heap        ] GC(238) Old regions: 51->51
[53.839s][info][gc,heap        ] GC(238) Archive regions: 0->0
[53.839s][info][gc,heap        ] GC(238) Humongous regions: 0->0
[53.839s][info][gc,metaspace   ] GC(238) Metaspace: 74026K(75072K)->74026K(75072K) NonClass: 58688K(59072K)->58688K(59072K) Class: 15338K(16000K)->15338K(16000K)
[53.839s][info][gc             ] GC(238) Pause Young (Normal) (G1 Evacuation Pause) 699M->39M(1104M) 2.257ms
[53.839s][info][gc,cpu         ] GC(238) User=0.50s Sys=0.02s Real=0.00s
[54.007s][info][gc,start       ] GC(239) Pause Young (Normal) (G1 Evacuation Pause)
[54.007s][info][gc,task        ] GC(239) Using 33 workers of 33 for evacuation
[54.010s][info][gc,phases      ] GC(239)   Pre Evacuate Collection Set: 0.2ms
[54.010s][info][gc,phases      ] GC(239)   Merge Heap Roots: 0.3ms
[54.010s][info][gc,phases      ] GC(239)   Evacuate Collection Set: 0.9ms
[54.010s][info][gc,phases      ] GC(239)   Post Evacuate Collection Set: 0.7ms
[54.010s][info][gc,phases      ] GC(239)   Other: 0.1ms
[54.010s][info][gc,heap        ] GC(239) Eden regions: 660->0(660)
[54.010s][info][gc,heap        ] GC(239) Survivor regions: 2->2(83)
[54.010s][info][gc,heap        ] GC(239) Old regions: 51->51
[54.010s][info][gc,heap        ] GC(239) Archive regions: 0->0
[54.010s][info][gc,heap        ] GC(239) Humongous regions: 0->0
[54.010s][info][gc,metaspace   ] GC(239) Metaspace: 74026K(75072K)->74026K(75072K) NonClass: 58688K(59072K)->58688K(59072K) Class: 15338K(16000K)->15338K(16000K)
[54.010s][info][gc             ] GC(239) Pause Young (Normal) (G1 Evacuation Pause) 699M->39M(1104M) 2.405ms
[54.010s][info][gc,cpu         ] GC(239) User=0.00s Sys=0.00s Real=0.00s
[54.182s][info][gc,start       ] GC(240) Pause Young (Normal) (G1 Evacuation Pause)
[54.182s][info][gc,task        ] GC(240) Using 33 workers of 33 for evacuation
[54.184s][info][gc,phases      ] GC(240)   Pre Evacuate Collection Set: 0.2ms
[54.184s][info][gc,phases      ] GC(240)   Merge Heap Roots: 0.2ms
[54.184s][info][gc,phases      ] GC(240)   Evacuate Collection Set: 0.8ms
[54.184s][info][gc,phases      ] GC(240)   Post Evacuate Collection Set: 0.6ms
[54.184s][info][gc,phases      ] GC(240)   Other: 0.1ms
[54.184s][info][gc,heap        ] GC(240) Eden regions: 660->0(660)
[54.184s][info][gc,heap        ] GC(240) Survivor regions: 2->2(83)
[54.184s][info][gc,heap        ] GC(240) Old regions: 51->51
[54.184s][info][gc,heap        ] GC(240) Archive regions: 0->0
[54.184s][info][gc,heap        ] GC(240) Humongous regions: 0->0
[54.184s][info][gc,metaspace   ] GC(240) Metaspace: 74051K(75072K)->74051K(75072K) NonClass: 58713K(59072K)->58713K(59072K) Class: 15338K(16000K)->15338K(16000K)
[54.184s][info][gc             ] GC(240) Pause Young (Normal) (G1 Evacuation Pause) 699M->39M(1104M) 2.306ms
[54.184s][info][gc,cpu         ] GC(240) User=0.52s Sys=0.00s Real=0.00s
[54.376s][info][gc,start       ] GC(241) Pause Young (Normal) (G1 Evacuation Pause)
[54.376s][info][gc,task        ] GC(241) Using 33 workers of 33 for evacuation
[54.378s][info][gc,phases      ] GC(241)   Pre Evacuate Collection Set: 0.2ms
[54.378s][info][gc,phases      ] GC(241)   Merge Heap Roots: 0.2ms
[54.378s][info][gc,phases      ] GC(241)   Evacuate Collection Set: 0.8ms
[54.378s][info][gc,phases      ] GC(241)   Post Evacuate Collection Set: 0.6ms
[54.378s][info][gc,phases      ] GC(241)   Other: 0.1ms
[54.378s][info][gc,heap        ] GC(241) Eden regions: 660->0(660)
[54.378s][info][gc,heap        ] GC(241) Survivor regions: 2->2(83)
[54.378s][info][gc,heap        ] GC(241) Old regions: 51->51
[54.378s][info][gc,heap        ] GC(241) Archive regions: 0->0
[54.378s][info][gc,heap        ] GC(241) Humongous regions: 0->0
[54.378s][info][gc,metaspace   ] GC(241) Metaspace: 74085K(75072K)->74085K(75072K) NonClass: 58747K(59072K)->58747K(59072K) Class: 15338K(16000K)->15338K(16000K)
[54.378s][info][gc             ] GC(241) Pause Young (Normal) (G1 Evacuation Pause) 699M->39M(1104M) 2.306ms
[54.378s][info][gc,cpu         ] GC(241) User=0.00s Sys=0.00s Real=0.00s
[54.588s][info][gc,start       ] GC(242) Pause Young (Normal) (G1 Evacuation Pause)
[54.588s][info][gc,task        ] GC(242) Using 33 workers of 33 for evacuation
[54.590s][info][gc,phases      ] GC(242)   Pre Evacuate Collection Set: 0.2ms
[54.590s][info][gc,phases      ] GC(242)   Merge Heap Roots: 0.2ms
[54.590s][info][gc,phases      ] GC(242)   Evacuate Collection Set: 0.8ms
[54.590s][info][gc,phases      ] GC(242)   Post Evacuate Collection Set: 0.7ms
[54.590s][info][gc,phases      ] GC(242)   Other: 0.1ms
[54.590s][info][gc,heap        ] GC(242) Eden regions: 660->0(660)
[54.590s][info][gc,heap        ] GC(242) Survivor regions: 2->2(83)
[54.590s][info][gc,heap        ] GC(242) Old regions: 51->51
[54.590s][info][gc,heap        ] GC(242) Archive regions: 0->0
[54.590s][info][gc,heap        ] GC(242) Humongous regions: 0->0
[54.590s][info][gc,metaspace   ] GC(242) Metaspace: 74085K(75072K)->74085K(75072K) NonClass: 58747K(59072K)->58747K(59072K) Class: 15338K(16000K)->15338K(16000K)
[54.590s][info][gc             ] GC(242) Pause Young (Normal) (G1 Evacuation Pause) 699M->39M(1104M) 2.237ms
[54.590s][info][gc,cpu         ] GC(242) User=0.52s Sys=0.00s Real=0.00s
[54.837s][info][gc,start       ] GC(243) Pause Young (Normal) (G1 Evacuation Pause)
[54.837s][info][gc,task        ] GC(243) Using 33 workers of 33 for evacuation
[54.839s][info][gc,phases      ] GC(243)   Pre Evacuate Collection Set: 0.2ms
[54.839s][info][gc,phases      ] GC(243)   Merge Heap Roots: 0.2ms
[54.839s][info][gc,phases      ] GC(243)   Evacuate Collection Set: 0.8ms
[54.839s][info][gc,phases      ] GC(243)   Post Evacuate Collection Set: 0.7ms
[54.839s][info][gc,phases      ] GC(243)   Other: 0.1ms
[54.839s][info][gc,heap        ] GC(243) Eden regions: 660->0(660)
[54.839s][info][gc,heap        ] GC(243) Survivor regions: 2->2(83)
[54.839s][info][gc,heap        ] GC(243) Old regions: 51->51
[54.839s][info][gc,heap        ] GC(243) Archive regions: 0->0
[54.839s][info][gc,heap        ] GC(243) Humongous regions: 0->0
[54.839s][info][gc,metaspace   ] GC(243) Metaspace: 74085K(75072K)->74085K(75072K) NonClass: 58747K(59072K)->58747K(59072K) Class: 15338K(16000K)->15338K(16000K)
[54.839s][info][gc             ] GC(243) Pause Young (Normal) (G1 Evacuation Pause) 699M->39M(1104M) 2.327ms
[54.839s][info][gc,cpu         ] GC(243) User=0.33s Sys=0.03s Real=0.00s
[55.127s][info][gc,start       ] GC(244) Pause Young (Normal) (G1 Evacuation Pause)
[55.127s][info][gc,task        ] GC(244) Using 30 workers of 33 for evacuation
[55.129s][info][gc,phases      ] GC(244)   Pre Evacuate Collection Set: 0.2ms
[55.129s][info][gc,phases      ] GC(244)   Merge Heap Roots: 0.2ms
[55.129s][info][gc,phases      ] GC(244)   Evacuate Collection Set: 0.8ms
[55.129s][info][gc,phases      ] GC(244)   Post Evacuate Collection Set: 0.7ms
[55.129s][info][gc,phases      ] GC(244)   Other: 0.1ms
[55.129s][info][gc,heap        ] GC(244) Eden regions: 660->0(660)
[55.129s][info][gc,heap        ] GC(244) Survivor regions: 2->2(83)
[55.129s][info][gc,heap        ] GC(244) Old regions: 51->51
[55.129s][info][gc,heap        ] GC(244) Archive regions: 0->0
[55.129s][info][gc,heap        ] GC(244) Humongous regions: 0->0
[55.129s][info][gc,metaspace   ] GC(244) Metaspace: 74085K(75072K)->74085K(75072K) NonClass: 58747K(59072K)->58747K(59072K) Class: 15338K(16000K)->15338K(16000K)
[55.129s][info][gc             ] GC(244) Pause Young (Normal) (G1 Evacuation Pause) 699M->39M(1104M) 2.265ms
[55.129s][info][gc,cpu         ] GC(244) User=0.00s Sys=0.00s Real=0.00s
[55.778s][info][gc,start       ] GC(245) Pause Young (Normal) (G1 Evacuation Pause)
[55.778s][info][gc,task        ] GC(245) Using 28 workers of 33 for evacuation
[55.781s][info][gc,phases      ] GC(245)   Pre Evacuate Collection Set: 0.2ms
[55.781s][info][gc,phases      ] GC(245)   Merge Heap Roots: 0.3ms
[55.781s][info][gc,phases      ] GC(245)   Evacuate Collection Set: 1.0ms
[55.781s][info][gc,phases      ] GC(245)   Post Evacuate Collection Set: 0.8ms
[55.781s][info][gc,phases      ] GC(245)   Other: 0.2ms
[55.781s][info][gc,heap        ] GC(245) Eden regions: 660->0(660)
[55.781s][info][gc,heap        ] GC(245) Survivor regions: 2->2(83)
[55.781s][info][gc,heap        ] GC(245) Old regions: 51->51
[55.781s][info][gc,heap        ] GC(245) Archive regions: 0->0
[55.781s][info][gc,heap        ] GC(245) Humongous regions: 0->0
[55.781s][info][gc,metaspace   ] GC(245) Metaspace: 74088K(75072K)->74088K(75072K) NonClass: 58749K(59072K)->58749K(59072K) Class: 15338K(16000K)->15338K(16000K)
[55.781s][info][gc             ] GC(245) Pause Young (Normal) (G1 Evacuation Pause) 699M->39M(1104M) 2.818ms
[55.781s][info][gc,cpu         ] GC(245) User=0.00s Sys=0.00s Real=0.00s
[56.725s][info][gc,start       ] GC(246) Pause Young (Normal) (G1 Evacuation Pause)
[56.725s][info][gc,task        ] GC(246) Using 27 workers of 33 for evacuation
[56.727s][info][gc,phases      ] GC(246)   Pre Evacuate Collection Set: 0.2ms
[56.727s][info][gc,phases      ] GC(246)   Merge Heap Roots: 0.3ms
[56.727s][info][gc,phases      ] GC(246)   Evacuate Collection Set: 1.0ms
[56.727s][info][gc,phases      ] GC(246)   Post Evacuate Collection Set: 0.7ms
[56.727s][info][gc,phases      ] GC(246)   Other: 0.2ms
[56.727s][info][gc,heap        ] GC(246) Eden regions: 660->0(660)
[56.727s][info][gc,heap        ] GC(246) Survivor regions: 2->2(83)
[56.727s][info][gc,heap        ] GC(246) Old regions: 51->51
[56.727s][info][gc,heap        ] GC(246) Archive regions: 0->0
[56.727s][info][gc,heap        ] GC(246) Humongous regions: 0->0
[56.727s][info][gc,metaspace   ] GC(246) Metaspace: 74088K(75072K)->74088K(75072K) NonClass: 58749K(59072K)->58749K(59072K) Class: 15338K(16000K)->15338K(16000K)
[56.727s][info][gc             ] GC(246) Pause Young (Normal) (G1 Evacuation Pause) 699M->39M(1104M) 2.764ms
[56.727s][info][gc,cpu         ] GC(246) User=0.00s Sys=0.00s Real=0.00s
[57.570s][info][gc,start       ] GC(247) Pause Full (System.gc())
[57.570s][info][gc,task        ] GC(247) Using 26 workers of 33 for full compaction
[57.572s][info][gc,phases,start] GC(247) Phase 1: Mark live objects
[57.597s][info][gc,phases      ] GC(247) Phase 1: Mark live objects 25.600ms
[57.597s][info][gc,phases,start] GC(247) Phase 2: Prepare compaction
[57.601s][info][gc,phases      ] GC(247) Phase 2: Prepare compaction 3.833ms
[57.601s][info][gc,phases,start] GC(247) Phase 3: Adjust pointers
[57.610s][info][gc,phases      ] GC(247) Phase 3: Adjust pointers 8.948ms
[57.610s][info][gc,phases,start] GC(247) Phase 4: Compact heap
[57.611s][info][gc,phases      ] GC(247) Phase 4: Compact heap 0.662ms
[57.624s][info][gc,heap        ] GC(247) Eden regions: 433->0(98)
[57.624s][info][gc,heap        ] GC(247) Survivor regions: 2->0(83)
[57.624s][info][gc,heap        ] GC(247) Old regions: 51->49
[57.624s][info][gc,heap        ] GC(247) Archive regions: 0->0
[57.624s][info][gc,heap        ] GC(247) Humongous regions: 0->0
[57.624s][info][gc,metaspace   ] GC(247) Metaspace: 74100K(75072K)->74100K(75072K) NonClass: 58762K(59072K)->58762K(59072K) Class: 15338K(16000K)->15338K(16000K)
[57.624s][info][gc             ] GC(247) Pause Full (System.gc()) 471M->35M(164M) 53.913ms
[57.624s][info][gc,cpu         ] GC(247) User=0.73s Sys=0.02s Real=0.05s
[57.677s][info][gc,start       ] GC(248) Pause Young (Normal) (G1 Evacuation Pause)
[57.677s][info][gc,task        ] GC(248) Using 33 workers of 33 for evacuation
[57.680s][info][gc,phases      ] GC(248)   Pre Evacuate Collection Set: 0.3ms
[57.680s][info][gc,phases      ] GC(248)   Merge Heap Roots: 0.2ms
[57.680s][info][gc,phases      ] GC(248)   Evacuate Collection Set: 1.3ms
[57.680s][info][gc,phases      ] GC(248)   Post Evacuate Collection Set: 0.7ms
[57.680s][info][gc,phases      ] GC(248)   Other: 0.1ms
[57.680s][info][gc,heap        ] GC(248) Eden regions: 98->0(94)
[57.680s][info][gc,heap        ] GC(248) Survivor regions: 0->4(13)
[57.680s][info][gc,heap        ] GC(248) Old regions: 49->49
[57.680s][info][gc,heap        ] GC(248) Archive regions: 0->0
[57.680s][info][gc,heap        ] GC(248) Humongous regions: 0->0
[57.680s][info][gc,metaspace   ] GC(248) Metaspace: 74159K(75136K)->74159K(75136K) NonClass: 58821K(59136K)->58821K(59136K) Class: 15338K(16000K)->15338K(16000K)
[57.680s][info][gc             ] GC(248) Pause Young (Normal) (G1 Evacuation Pause) 133M->38M(164M) 2.789ms
[57.680s][info][gc,cpu         ] GC(248) User=0.00s Sys=0.00s Real=0.00s
[57.704s][info][gc,start       ] GC(249) Pause Young (Normal) (G1 Evacuation Pause)
[57.704s][info][gc,task        ] GC(249) Using 33 workers of 33 for evacuation
[57.707s][info][gc,phases      ] GC(249)   Pre Evacuate Collection Set: 0.2ms
[57.707s][info][gc,phases      ] GC(249)   Merge Heap Roots: 0.2ms
[57.707s][info][gc,phases      ] GC(249)   Evacuate Collection Set: 1.2ms
[57.707s][info][gc,phases      ] GC(249)   Post Evacuate Collection Set: 0.7ms
[57.707s][info][gc,phases      ] GC(249)   Other: 0.1ms
[57.707s][info][gc,heap        ] GC(249) Eden regions: 94->0(94)
[57.707s][info][gc,heap        ] GC(249) Survivor regions: 4->4(13)
[57.707s][info][gc,heap        ] GC(249) Old regions: 49->49
[57.707s][info][gc,heap        ] GC(249) Archive regions: 0->0
[57.707s][info][gc,heap        ] GC(249) Humongous regions: 0->0
[57.707s][info][gc,metaspace   ] GC(249) Metaspace: 74159K(75136K)->74159K(75136K) NonClass: 58821K(59136K)->58821K(59136K) Class: 15338K(16000K)->15338K(16000K)
[57.707s][info][gc             ] GC(249) Pause Young (Normal) (G1 Evacuation Pause) 132M->38M(164M) 2.537ms
[57.707s][info][gc,cpu         ] GC(249) User=0.00s Sys=0.00s Real=0.00s
[57.731s][info][gc,start       ] GC(250) Pause Young (Normal) (G1 Evacuation Pause)
[57.731s][info][gc,task        ] GC(250) Using 33 workers of 33 for evacuation
[57.734s][info][gc,phases      ] GC(250)   Pre Evacuate Collection Set: 0.2ms
[57.734s][info][gc,phases      ] GC(250)   Merge Heap Roots: 0.2ms
[57.734s][info][gc,phases      ] GC(250)   Evacuate Collection Set: 1.2ms
[57.734s][info][gc,phases      ] GC(250)   Post Evacuate Collection Set: 0.6ms
[57.734s][info][gc,phases      ] GC(250)   Other: 0.1ms
[57.734s][info][gc,heap        ] GC(250) Eden regions: 94->0(94)
[57.734s][info][gc,heap        ] GC(250) Survivor regions: 4->4(13)
[57.734s][info][gc,heap        ] GC(250) Old regions: 49->49
[57.734s][info][gc,heap        ] GC(250) Archive regions: 0->0
[57.734s][info][gc,heap        ] GC(250) Humongous regions: 0->0
[57.734s][info][gc,metaspace   ] GC(250) Metaspace: 74159K(75136K)->74159K(75136K) NonClass: 58821K(59136K)->58821K(59136K) Class: 15338K(16000K)->15338K(16000K)
[57.734s][info][gc             ] GC(250) Pause Young (Normal) (G1 Evacuation Pause) 132M->38M(164M) 2.509ms
[57.734s][info][gc,cpu         ] GC(250) User=0.00s Sys=0.00s Real=0.00s
[57.759s][info][gc,start       ] GC(251) Pause Young (Normal) (G1 Evacuation Pause)
[57.759s][info][gc,task        ] GC(251) Using 33 workers of 33 for evacuation
[57.765s][info][gc,phases      ] GC(251)   Pre Evacuate Collection Set: 0.2ms
[57.765s][info][gc,phases      ] GC(251)   Merge Heap Roots: 0.2ms
[57.765s][info][gc,phases      ] GC(251)   Evacuate Collection Set: 1.2ms
[57.765s][info][gc,phases      ] GC(251)   Post Evacuate Collection Set: 4.5ms
[57.765s][info][gc,phases      ] GC(251)   Other: 0.1ms
[57.765s][info][gc,heap        ] GC(251) Eden regions: 94->0(659)
[57.765s][info][gc,heap        ] GC(251) Survivor regions: 4->4(13)
[57.765s][info][gc,heap        ] GC(251) Old regions: 49->49
[57.765s][info][gc,heap        ] GC(251) Archive regions: 0->0
[57.765s][info][gc,heap        ] GC(251) Humongous regions: 0->0
[57.765s][info][gc,metaspace   ] GC(251) Metaspace: 74159K(75136K)->74159K(75136K) NonClass: 58821K(59136K)->58821K(59136K) Class: 15338K(16000K)->15338K(16000K)
[57.765s][info][gc             ] GC(251) Pause Young (Normal) (G1 Evacuation Pause) 132M->38M(1106M) 6.456ms
[57.765s][info][gc,cpu         ] GC(251) User=0.02s Sys=0.00s Real=0.00s
[57.970s][info][gc,start       ] GC(252) Pause Young (Normal) (G1 Evacuation Pause)
[57.970s][info][gc,task        ] GC(252) Using 33 workers of 33 for evacuation
[57.974s][info][gc,phases      ] GC(252)   Pre Evacuate Collection Set: 0.2ms
[57.974s][info][gc,phases      ] GC(252)   Merge Heap Roots: 0.3ms
[57.974s][info][gc,phases      ] GC(252)   Evacuate Collection Set: 2.4ms
[57.974s][info][gc,phases      ] GC(252)   Post Evacuate Collection Set: 0.9ms
[57.974s][info][gc,phases      ] GC(252)   Other: 0.1ms
[57.974s][info][gc,heap        ] GC(252) Eden regions: 659->0(659)
[57.974s][info][gc,heap        ] GC(252) Survivor regions: 4->4(83)
[57.974s][info][gc,heap        ] GC(252) Old regions: 49->49
[57.974s][info][gc,heap        ] GC(252) Archive regions: 0->0
[57.974s][info][gc,heap        ] GC(252) Humongous regions: 0->0
[57.974s][info][gc,metaspace   ] GC(252) Metaspace: 74159K(75136K)->74159K(75136K) NonClass: 58821K(59136K)->58821K(59136K) Class: 15338K(16000K)->15338K(16000K)
[57.974s][info][gc             ] GC(252) Pause Young (Normal) (G1 Evacuation Pause) 697M->39M(1106M) 4.092ms
[57.974s][info][gc,cpu         ] GC(252) User=0.00s Sys=0.00s Real=0.00s
[58.140s][info][gc,start       ] GC(253) Pause Young (Normal) (G1 Evacuation Pause)
[58.140s][info][gc,task        ] GC(253) Using 33 workers of 33 for evacuation
[58.144s][info][gc,phases      ] GC(253)   Pre Evacuate Collection Set: 0.2ms
[58.144s][info][gc,phases      ] GC(253)   Merge Heap Roots: 0.2ms
[58.144s][info][gc,phases      ] GC(253)   Evacuate Collection Set: 2.5ms
[58.144s][info][gc,phases      ] GC(253)   Post Evacuate Collection Set: 0.8ms
[58.144s][info][gc,phases      ] GC(253)   Other: 0.1ms
[58.144s][info][gc,heap        ] GC(253) Eden regions: 659->0(659)
[58.144s][info][gc,heap        ] GC(253) Survivor regions: 4->4(83)
[58.144s][info][gc,heap        ] GC(253) Old regions: 49->49
[58.144s][info][gc,heap        ] GC(253) Archive regions: 0->0
[58.144s][info][gc,heap        ] GC(253) Humongous regions: 0->0
[58.144s][info][gc,metaspace   ] GC(253) Metaspace: 74159K(75136K)->74159K(75136K) NonClass: 58821K(59136K)->58821K(59136K) Class: 15338K(16000K)->15338K(16000K)
[58.145s][info][gc             ] GC(253) Pause Young (Normal) (G1 Evacuation Pause) 698M->38M(1106M) 4.174ms
[58.145s][info][gc,cpu         ] GC(253) User=0.00s Sys=0.00s Real=0.00s
[58.312s][info][gc,start       ] GC(254) Pause Young (Normal) (G1 Evacuation Pause)
[58.312s][info][gc,task        ] GC(254) Using 33 workers of 33 for evacuation
[58.315s][info][gc,phases      ] GC(254)   Pre Evacuate Collection Set: 0.3ms
[58.315s][info][gc,phases      ] GC(254)   Merge Heap Roots: 0.3ms
[58.315s][info][gc,phases      ] GC(254)   Evacuate Collection Set: 1.4ms
[58.315s][info][gc,phases      ] GC(254)   Post Evacuate Collection Set: 0.8ms
[58.315s][info][gc,phases      ] GC(254)   Other: 0.1ms
[58.315s][info][gc,heap        ] GC(254) Eden regions: 659->0(659)
[58.315s][info][gc,heap        ] GC(254) Survivor regions: 4->4(83)
[58.315s][info][gc,heap        ] GC(254) Old regions: 49->49
[58.315s][info][gc,heap        ] GC(254) Archive regions: 0->0
[58.315s][info][gc,heap        ] GC(254) Humongous regions: 0->0
[58.315s][info][gc,metaspace   ] GC(254) Metaspace: 74159K(75136K)->74159K(75136K) NonClass: 58821K(59136K)->58821K(59136K) Class: 15338K(16000K)->15338K(16000K)
[58.315s][info][gc             ] GC(254) Pause Young (Normal) (G1 Evacuation Pause) 697M->38M(1106M) 3.027ms
[58.315s][info][gc,cpu         ] GC(254) User=0.00s Sys=0.00s Real=0.00s
[58.482s][info][gc,start       ] GC(255) Pause Young (Normal) (G1 Evacuation Pause)
[58.482s][info][gc,task        ] GC(255) Using 33 workers of 33 for evacuation
[58.485s][info][gc,phases      ] GC(255)   Pre Evacuate Collection Set: 0.3ms
[58.485s][info][gc,phases      ] GC(255)   Merge Heap Roots: 0.2ms
[58.485s][info][gc,phases      ] GC(255)   Evacuate Collection Set: 1.3ms
[58.485s][info][gc,phases      ] GC(255)   Post Evacuate Collection Set: 0.8ms
[58.485s][info][gc,phases      ] GC(255)   Other: 0.1ms
[58.485s][info][gc,heap        ] GC(255) Eden regions: 659->0(659)
[58.485s][info][gc,heap        ] GC(255) Survivor regions: 4->4(83)
[58.485s][info][gc,heap        ] GC(255) Old regions: 49->49
[58.485s][info][gc,heap        ] GC(255) Archive regions: 0->0
[58.485s][info][gc,heap        ] GC(255) Humongous regions: 0->0
[58.485s][info][gc,metaspace   ] GC(255) Metaspace: 74159K(75136K)->74159K(75136K) NonClass: 58821K(59136K)->58821K(59136K) Class: 15338K(16000K)->15338K(16000K)
[58.485s][info][gc             ] GC(255) Pause Young (Normal) (G1 Evacuation Pause) 697M->38M(1106M) 2.924ms
[58.485s][info][gc,cpu         ] GC(255) User=0.00s Sys=0.00s Real=0.00s
[58.652s][info][gc,start       ] GC(256) Pause Young (Normal) (G1 Evacuation Pause)
[58.653s][info][gc,task        ] GC(256) Using 33 workers of 33 for evacuation
[58.655s][info][gc,phases      ] GC(256)   Pre Evacuate Collection Set: 0.2ms
[58.655s][info][gc,phases      ] GC(256)   Merge Heap Roots: 0.2ms
[58.655s][info][gc,phases      ] GC(256)   Evacuate Collection Set: 1.3ms
[58.655s][info][gc,phases      ] GC(256)   Post Evacuate Collection Set: 0.8ms
[58.655s][info][gc,phases      ] GC(256)   Other: 0.1ms
[58.655s][info][gc,heap        ] GC(256) Eden regions: 659->0(659)
[58.655s][info][gc,heap        ] GC(256) Survivor regions: 4->4(83)
[58.655s][info][gc,heap        ] GC(256) Old regions: 49->49
[58.655s][info][gc,heap        ] GC(256) Archive regions: 0->0
[58.655s][info][gc,heap        ] GC(256) Humongous regions: 0->0
[58.655s][info][gc,metaspace   ] GC(256) Metaspace: 74159K(75136K)->74159K(75136K) NonClass: 58821K(59136K)->58821K(59136K) Class: 15338K(16000K)->15338K(16000K)
[58.655s][info][gc             ] GC(256) Pause Young (Normal) (G1 Evacuation Pause) 697M->38M(1106M) 2.865ms
[58.655s][info][gc,cpu         ] GC(256) User=0.00s Sys=0.00s Real=0.00s
[58.822s][info][gc,start       ] GC(257) Pause Young (Normal) (G1 Evacuation Pause)
[58.822s][info][gc,task        ] GC(257) Using 33 workers of 33 for evacuation
[58.825s][info][gc,phases      ] GC(257)   Pre Evacuate Collection Set: 0.2ms
[58.825s][info][gc,phases      ] GC(257)   Merge Heap Roots: 0.3ms
[58.825s][info][gc,phases      ] GC(257)   Evacuate Collection Set: 1.2ms
[58.825s][info][gc,phases      ] GC(257)   Post Evacuate Collection Set: 0.8ms
[58.825s][info][gc,phases      ] GC(257)   Other: 0.1ms
[58.825s][info][gc,heap        ] GC(257) Eden regions: 659->0(659)
[58.825s][info][gc,heap        ] GC(257) Survivor regions: 4->4(83)
[58.825s][info][gc,heap        ] GC(257) Old regions: 49->49
[58.825s][info][gc,heap        ] GC(257) Archive regions: 0->0
[58.825s][info][gc,heap        ] GC(257) Humongous regions: 0->0
[58.825s][info][gc,metaspace   ] GC(257) Metaspace: 74159K(75136K)->74159K(75136K) NonClass: 58821K(59136K)->58821K(59136K) Class: 15338K(16000K)->15338K(16000K)
[58.825s][info][gc             ] GC(257) Pause Young (Normal) (G1 Evacuation Pause) 697M->38M(1106M) 2.902ms
[58.825s][info][gc,cpu         ] GC(257) User=0.52s Sys=0.00s Real=0.00s
[58.991s][info][gc,start       ] GC(258) Pause Young (Normal) (G1 Evacuation Pause)
[58.991s][info][gc,task        ] GC(258) Using 33 workers of 33 for evacuation
[58.994s][info][gc,phases      ] GC(258)   Pre Evacuate Collection Set: 0.2ms
[58.994s][info][gc,phases      ] GC(258)   Merge Heap Roots: 0.2ms
[58.994s][info][gc,phases      ] GC(258)   Evacuate Collection Set: 1.2ms
[58.994s][info][gc,phases      ] GC(258)   Post Evacuate Collection Set: 0.9ms
[58.994s][info][gc,phases      ] GC(258)   Other: 0.1ms
[58.994s][info][gc,heap        ] GC(258) Eden regions: 659->0(659)
[58.994s][info][gc,heap        ] GC(258) Survivor regions: 4->4(83)
[58.994s][info][gc,heap        ] GC(258) Old regions: 49->49
[58.994s][info][gc,heap        ] GC(258) Archive regions: 0->0
[58.994s][info][gc,heap        ] GC(258) Humongous regions: 0->0
[58.994s][info][gc,metaspace   ] GC(258) Metaspace: 74159K(75136K)->74159K(75136K) NonClass: 58821K(59136K)->58821K(59136K) Class: 15338K(16000K)->15338K(16000K)
[58.994s][info][gc             ] GC(258) Pause Young (Normal) (G1 Evacuation Pause) 697M->38M(1106M) 2.891ms
[58.994s][info][gc,cpu         ] GC(258) User=0.00s Sys=0.00s Real=0.00s
[59.161s][info][gc,start       ] GC(259) Pause Young (Normal) (G1 Evacuation Pause)
[59.161s][info][gc,task        ] GC(259) Using 33 workers of 33 for evacuation
[59.164s][info][gc,phases      ] GC(259)   Pre Evacuate Collection Set: 0.3ms
[59.164s][info][gc,phases      ] GC(259)   Merge Heap Roots: 0.3ms
[59.164s][info][gc,phases      ] GC(259)   Evacuate Collection Set: 1.2ms
[59.164s][info][gc,phases      ] GC(259)   Post Evacuate Collection Set: 0.8ms
[59.164s][info][gc,phases      ] GC(259)   Other: 0.1ms
[59.164s][info][gc,heap        ] GC(259) Eden regions: 659->0(659)
[59.164s][info][gc,heap        ] GC(259) Survivor regions: 4->4(83)
[59.164s][info][gc,heap        ] GC(259) Old regions: 49->49
[59.164s][info][gc,heap        ] GC(259) Archive regions: 0->0
[59.164s][info][gc,heap        ] GC(259) Humongous regions: 0->0
[59.164s][info][gc,metaspace   ] GC(259) Metaspace: 74159K(75136K)->74159K(75136K) NonClass: 58821K(59136K)->58821K(59136K) Class: 15338K(16000K)->15338K(16000K)
[59.164s][info][gc             ] GC(259) Pause Young (Normal) (G1 Evacuation Pause) 697M->38M(1106M) 2.850ms
[59.164s][info][gc,cpu         ] GC(259) User=0.00s Sys=0.00s Real=0.00s
[59.331s][info][gc,start       ] GC(260) Pause Young (Normal) (G1 Evacuation Pause)
[59.332s][info][gc,task        ] GC(260) Using 33 workers of 33 for evacuation
[59.334s][info][gc,phases      ] GC(260)   Pre Evacuate Collection Set: 0.3ms
[59.334s][info][gc,phases      ] GC(260)   Merge Heap Roots: 0.2ms
[59.334s][info][gc,phases      ] GC(260)   Evacuate Collection Set: 1.2ms
[59.334s][info][gc,phases      ] GC(260)   Post Evacuate Collection Set: 0.8ms
[59.334s][info][gc,phases      ] GC(260)   Other: 0.1ms
[59.334s][info][gc,heap        ] GC(260) Eden regions: 659->0(659)
[59.334s][info][gc,heap        ] GC(260) Survivor regions: 4->4(83)
[59.334s][info][gc,heap        ] GC(260) Old regions: 49->49
[59.334s][info][gc,heap        ] GC(260) Archive regions: 0->0
[59.334s][info][gc,heap        ] GC(260) Humongous regions: 0->0
[59.334s][info][gc,metaspace   ] GC(260) Metaspace: 74163K(75136K)->74163K(75136K) NonClass: 58824K(59136K)->58824K(59136K) Class: 15338K(16000K)->15338K(16000K)
[59.334s][info][gc             ] GC(260) Pause Young (Normal) (G1 Evacuation Pause) 697M->38M(1106M) 2.842ms
[59.334s][info][gc,cpu         ] GC(260) User=0.00s Sys=0.00s Real=0.00s
[59.502s][info][gc,start       ] GC(261) Pause Young (Normal) (G1 Evacuation Pause)
[59.502s][info][gc,task        ] GC(261) Using 33 workers of 33 for evacuation
[59.505s][info][gc,phases      ] GC(261)   Pre Evacuate Collection Set: 0.2ms
[59.505s][info][gc,phases      ] GC(261)   Merge Heap Roots: 0.3ms
[59.505s][info][gc,phases      ] GC(261)   Evacuate Collection Set: 1.2ms
[59.505s][info][gc,phases      ] GC(261)   Post Evacuate Collection Set: 0.8ms
[59.505s][info][gc,phases      ] GC(261)   Other: 0.1ms
[59.505s][info][gc,heap        ] GC(261) Eden regions: 659->0(659)
[59.505s][info][gc,heap        ] GC(261) Survivor regions: 4->4(83)
[59.505s][info][gc,heap        ] GC(261) Old regions: 49->49
[59.505s][info][gc,heap        ] GC(261) Archive regions: 0->0
[59.505s][info][gc,heap        ] GC(261) Humongous regions: 0->0
[59.505s][info][gc,metaspace   ] GC(261) Metaspace: 74163K(75136K)->74163K(75136K) NonClass: 58824K(59136K)->58824K(59136K) Class: 15338K(16000K)->15338K(16000K)
[59.505s][info][gc             ] GC(261) Pause Young (Normal) (G1 Evacuation Pause) 697M->38M(1106M) 2.840ms
[59.505s][info][gc,cpu         ] GC(261) User=0.00s Sys=0.00s Real=0.00s
[59.672s][info][gc,start       ] GC(262) Pause Young (Normal) (G1 Evacuation Pause)
[59.672s][info][gc,task        ] GC(262) Using 33 workers of 33 for evacuation
[59.675s][info][gc,phases      ] GC(262)   Pre Evacuate Collection Set: 0.2ms
[59.675s][info][gc,phases      ] GC(262)   Merge Heap Roots: 0.3ms
[59.675s][info][gc,phases      ] GC(262)   Evacuate Collection Set: 1.2ms
[59.675s][info][gc,phases      ] GC(262)   Post Evacuate Collection Set: 0.8ms
[59.675s][info][gc,phases      ] GC(262)   Other: 0.1ms
[59.675s][info][gc,heap        ] GC(262) Eden regions: 659->0(659)
[59.675s][info][gc,heap        ] GC(262) Survivor regions: 4->4(83)
[59.675s][info][gc,heap        ] GC(262) Old regions: 49->49
[59.675s][info][gc,heap        ] GC(262) Archive regions: 0->0
[59.675s][info][gc,heap        ] GC(262) Humongous regions: 0->0
[59.675s][info][gc,metaspace   ] GC(262) Metaspace: 74163K(75136K)->74163K(75136K) NonClass: 58824K(59136K)->58824K(59136K) Class: 15338K(16000K)->15338K(16000K)
[59.675s][info][gc             ] GC(262) Pause Young (Normal) (G1 Evacuation Pause) 697M->38M(1106M) 2.804ms
[59.675s][info][gc,cpu         ] GC(262) User=0.00s Sys=0.00s Real=0.00s
[59.842s][info][gc,start       ] GC(263) Pause Young (Normal) (G1 Evacuation Pause)
[59.842s][info][gc,task        ] GC(263) Using 33 workers of 33 for evacuation
[59.845s][info][gc,phases      ] GC(263)   Pre Evacuate Collection Set: 0.2ms
[59.845s][info][gc,phases      ] GC(263)   Merge Heap Roots: 0.2ms
[59.845s][info][gc,phases      ] GC(263)   Evacuate Collection Set: 1.3ms
[59.845s][info][gc,phases      ] GC(263)   Post Evacuate Collection Set: 0.6ms
[59.845s][info][gc,phases      ] GC(263)   Other: 0.1ms
[59.845s][info][gc,heap        ] GC(263) Eden regions: 659->0(661)
[59.845s][info][gc,heap        ] GC(263) Survivor regions: 4->2(83)
[59.845s][info][gc,heap        ] GC(263) Old regions: 49->52
[59.845s][info][gc,heap        ] GC(263) Archive regions: 0->0
[59.845s][info][gc,heap        ] GC(263) Humongous regions: 0->0
[59.845s][info][gc,metaspace   ] GC(263) Metaspace: 74163K(75136K)->74163K(75136K) NonClass: 58824K(59136K)->58824K(59136K) Class: 15338K(16000K)->15338K(16000K)
[59.845s][info][gc             ] GC(263) Pause Young (Normal) (G1 Evacuation Pause) 697M->38M(1106M) 2.727ms
[59.845s][info][gc,cpu         ] GC(263) User=0.00s Sys=0.00s Real=0.00s
[60.013s][info][gc,start       ] GC(264) Pause Young (Normal) (G1 Evacuation Pause)
[60.013s][info][gc,task        ] GC(264) Using 33 workers of 33 for evacuation
[60.016s][info][gc,phases      ] GC(264)   Pre Evacuate Collection Set: 0.2ms
[60.016s][info][gc,phases      ] GC(264)   Merge Heap Roots: 0.2ms
[60.016s][info][gc,phases      ] GC(264)   Evacuate Collection Set: 0.9ms
[60.016s][info][gc,phases      ] GC(264)   Post Evacuate Collection Set: 0.6ms
[60.016s][info][gc,phases      ] GC(264)   Other: 0.1ms
[60.016s][info][gc,heap        ] GC(264) Eden regions: 661->0(661)
[60.016s][info][gc,heap        ] GC(264) Survivor regions: 2->2(83)
[60.016s][info][gc,heap        ] GC(264) Old regions: 52->52
[60.016s][info][gc,heap        ] GC(264) Archive regions: 0->0
[60.016s][info][gc,heap        ] GC(264) Humongous regions: 0->0
[60.016s][info][gc,metaspace   ] GC(264) Metaspace: 74163K(75136K)->74163K(75136K) NonClass: 58824K(59136K)->58824K(59136K) Class: 15338K(16000K)->15338K(16000K)
[60.016s][info][gc             ] GC(264) Pause Young (Normal) (G1 Evacuation Pause) 699M->39M(1106M) 2.304ms
[60.016s][info][gc,cpu         ] GC(264) User=0.00s Sys=0.00s Real=0.00s
[60.184s][info][gc,start       ] GC(265) Pause Young (Normal) (G1 Evacuation Pause)
[60.184s][info][gc,task        ] GC(265) Using 33 workers of 33 for evacuation
[60.186s][info][gc,phases      ] GC(265)   Pre Evacuate Collection Set: 0.2ms
[60.186s][info][gc,phases      ] GC(265)   Merge Heap Roots: 0.3ms
[60.186s][info][gc,phases      ] GC(265)   Evacuate Collection Set: 0.8ms
[60.186s][info][gc,phases      ] GC(265)   Post Evacuate Collection Set: 0.6ms
[60.186s][info][gc,phases      ] GC(265)   Other: 0.1ms
[60.186s][info][gc,heap        ] GC(265) Eden regions: 661->0(661)
[60.186s][info][gc,heap        ] GC(265) Survivor regions: 2->2(83)
[60.186s][info][gc,heap        ] GC(265) Old regions: 52->52
[60.186s][info][gc,heap        ] GC(265) Archive regions: 0->0
[60.186s][info][gc,heap        ] GC(265) Humongous regions: 0->0
[60.186s][info][gc,metaspace   ] GC(265) Metaspace: 74163K(75136K)->74163K(75136K) NonClass: 58824K(59136K)->58824K(59136K) Class: 15338K(16000K)->15338K(16000K)
[60.186s][info][gc             ] GC(265) Pause Young (Normal) (G1 Evacuation Pause) 700M->39M(1106M) 2.288ms
[60.187s][info][gc,cpu         ] GC(265) User=0.00s Sys=0.00s Real=0.00s
[60.355s][info][gc,start       ] GC(266) Pause Young (Normal) (G1 Evacuation Pause)
[60.355s][info][gc,task        ] GC(266) Using 33 workers of 33 for evacuation
[60.357s][info][gc,phases      ] GC(266)   Pre Evacuate Collection Set: 0.2ms
[60.357s][info][gc,phases      ] GC(266)   Merge Heap Roots: 0.2ms
[60.357s][info][gc,phases      ] GC(266)   Evacuate Collection Set: 0.8ms
[60.357s][info][gc,phases      ] GC(266)   Post Evacuate Collection Set: 0.7ms
[60.357s][info][gc,phases      ] GC(266)   Other: 0.1ms
[60.357s][info][gc,heap        ] GC(266) Eden regions: 661->0(661)
[60.357s][info][gc,heap        ] GC(266) Survivor regions: 2->2(83)
[60.357s][info][gc,heap        ] GC(266) Old regions: 52->52
[60.357s][info][gc,heap        ] GC(266) Archive regions: 0->0
[60.357s][info][gc,heap        ] GC(266) Humongous regions: 0->0
[60.357s][info][gc,metaspace   ] GC(266) Metaspace: 74163K(75136K)->74163K(75136K) NonClass: 58824K(59136K)->58824K(59136K) Class: 15338K(16000K)->15338K(16000K)
[60.358s][info][gc             ] GC(266) Pause Young (Normal) (G1 Evacuation Pause) 700M->39M(1106M) 2.341ms
[60.358s][info][gc,cpu         ] GC(266) User=0.00s Sys=0.00s Real=0.00s
[60.527s][info][gc,start       ] GC(267) Pause Young (Normal) (G1 Evacuation Pause)
[60.527s][info][gc,task        ] GC(267) Using 33 workers of 33 for evacuation
[60.529s][info][gc,phases      ] GC(267)   Pre Evacuate Collection Set: 0.2ms
[60.529s][info][gc,phases      ] GC(267)   Merge Heap Roots: 0.3ms
[60.529s][info][gc,phases      ] GC(267)   Evacuate Collection Set: 0.8ms
[60.529s][info][gc,phases      ] GC(267)   Post Evacuate Collection Set: 0.6ms
[60.529s][info][gc,phases      ] GC(267)   Other: 0.1ms
[60.529s][info][gc,heap        ] GC(267) Eden regions: 661->0(661)
[60.529s][info][gc,heap        ] GC(267) Survivor regions: 2->2(83)
[60.529s][info][gc,heap        ] GC(267) Old regions: 52->52
[60.529s][info][gc,heap        ] GC(267) Archive regions: 0->0
[60.529s][info][gc,heap        ] GC(267) Humongous regions: 0->0
[60.529s][info][gc,metaspace   ] GC(267) Metaspace: 74163K(75136K)->74163K(75136K) NonClass: 58824K(59136K)->58824K(59136K) Class: 15338K(16000K)->15338K(16000K)
[60.529s][info][gc             ] GC(267) Pause Young (Normal) (G1 Evacuation Pause) 700M->39M(1106M) 2.290ms
[60.529s][info][gc,cpu         ] GC(267) User=0.00s Sys=0.00s Real=0.00s
[60.697s][info][gc,start       ] GC(268) Pause Young (Normal) (G1 Evacuation Pause)
[60.697s][info][gc,task        ] GC(268) Using 33 workers of 33 for evacuation
[60.699s][info][gc,phases      ] GC(268)   Pre Evacuate Collection Set: 0.2ms
[60.699s][info][gc,phases      ] GC(268)   Merge Heap Roots: 0.2ms
[60.699s][info][gc,phases      ] GC(268)   Evacuate Collection Set: 0.8ms
[60.699s][info][gc,phases      ] GC(268)   Post Evacuate Collection Set: 0.6ms
[60.699s][info][gc,phases      ] GC(268)   Other: 0.1ms
[60.699s][info][gc,heap        ] GC(268) Eden regions: 661->0(661)
[60.699s][info][gc,heap        ] GC(268) Survivor regions: 2->2(83)
[60.699s][info][gc,heap        ] GC(268) Old regions: 52->52
[60.699s][info][gc,heap        ] GC(268) Archive regions: 0->0
[60.699s][info][gc,heap        ] GC(268) Humongous regions: 0->0
[60.699s][info][gc,metaspace   ] GC(268) Metaspace: 74163K(75136K)->74163K(75136K) NonClass: 58824K(59136K)->58824K(59136K) Class: 15338K(16000K)->15338K(16000K)
[60.699s][info][gc             ] GC(268) Pause Young (Normal) (G1 Evacuation Pause) 700M->39M(1106M) 2.257ms
[60.699s][info][gc,cpu         ] GC(268) User=0.00s Sys=0.45s Real=0.00s
[60.868s][info][gc,start       ] GC(269) Pause Young (Normal) (G1 Evacuation Pause)
[60.868s][info][gc,task        ] GC(269) Using 33 workers of 33 for evacuation
[60.870s][info][gc,phases      ] GC(269)   Pre Evacuate Collection Set: 0.2ms
[60.870s][info][gc,phases      ] GC(269)   Merge Heap Roots: 0.3ms
[60.870s][info][gc,phases      ] GC(269)   Evacuate Collection Set: 0.9ms
[60.870s][info][gc,phases      ] GC(269)   Post Evacuate Collection Set: 0.6ms
[60.870s][info][gc,phases      ] GC(269)   Other: 0.1ms
[60.870s][info][gc,heap        ] GC(269) Eden regions: 661->0(661)
[60.870s][info][gc,heap        ] GC(269) Survivor regions: 2->2(83)
[60.870s][info][gc,heap        ] GC(269) Old regions: 52->52
[60.870s][info][gc,heap        ] GC(269) Archive regions: 0->0
[60.870s][info][gc,heap        ] GC(269) Humongous regions: 0->0
[60.870s][info][gc,metaspace   ] GC(269) Metaspace: 74163K(75136K)->74163K(75136K) NonClass: 58824K(59136K)->58824K(59136K) Class: 15338K(16000K)->15338K(16000K)
[60.870s][info][gc             ] GC(269) Pause Young (Normal) (G1 Evacuation Pause) 700M->39M(1106M) 2.260ms
[60.870s][info][gc,cpu         ] GC(269) User=0.00s Sys=0.00s Real=0.00s
[61.039s][info][gc,start       ] GC(270) Pause Young (Normal) (G1 Evacuation Pause)
[61.039s][info][gc,task        ] GC(270) Using 33 workers of 33 for evacuation
[61.042s][info][gc,phases      ] GC(270)   Pre Evacuate Collection Set: 0.2ms
[61.042s][info][gc,phases      ] GC(270)   Merge Heap Roots: 0.3ms
[61.042s][info][gc,phases      ] GC(270)   Evacuate Collection Set: 0.9ms
[61.042s][info][gc,phases      ] GC(270)   Post Evacuate Collection Set: 0.6ms
[61.042s][info][gc,phases      ] GC(270)   Other: 0.1ms
[61.042s][info][gc,heap        ] GC(270) Eden regions: 661->0(661)
[61.042s][info][gc,heap        ] GC(270) Survivor regions: 2->2(83)
[61.042s][info][gc,heap        ] GC(270) Old regions: 52->52
[61.042s][info][gc,heap        ] GC(270) Archive regions: 0->0
[61.042s][info][gc,heap        ] GC(270) Humongous regions: 0->0
[61.042s][info][gc,metaspace   ] GC(270) Metaspace: 74163K(75136K)->74163K(75136K) NonClass: 58824K(59136K)->58824K(59136K) Class: 15338K(16000K)->15338K(16000K)
[61.042s][info][gc             ] GC(270) Pause Young (Normal) (G1 Evacuation Pause) 700M->39M(1106M) 2.346ms
[61.042s][info][gc,cpu         ] GC(270) User=0.02s Sys=0.00s Real=0.00s
[61.213s][info][gc,start       ] GC(271) Pause Young (Normal) (G1 Evacuation Pause)
[61.213s][info][gc,task        ] GC(271) Using 33 workers of 33 for evacuation
[61.215s][info][gc,phases      ] GC(271)   Pre Evacuate Collection Set: 0.2ms
[61.215s][info][gc,phases      ] GC(271)   Merge Heap Roots: 0.3ms
[61.215s][info][gc,phases      ] GC(271)   Evacuate Collection Set: 0.9ms
[61.215s][info][gc,phases      ] GC(271)   Post Evacuate Collection Set: 0.6ms
[61.215s][info][gc,phases      ] GC(271)   Other: 0.1ms
[61.215s][info][gc,heap        ] GC(271) Eden regions: 661->0(661)
[61.215s][info][gc,heap        ] GC(271) Survivor regions: 2->2(83)
[61.215s][info][gc,heap        ] GC(271) Old regions: 52->52
[61.215s][info][gc,heap        ] GC(271) Archive regions: 0->0
[61.215s][info][gc,heap        ] GC(271) Humongous regions: 0->0
[61.215s][info][gc,metaspace   ] GC(271) Metaspace: 74163K(75136K)->74163K(75136K) NonClass: 58824K(59136K)->58824K(59136K) Class: 15338K(16000K)->15338K(16000K)
[61.215s][info][gc             ] GC(271) Pause Young (Normal) (G1 Evacuation Pause) 700M->39M(1106M) 2.359ms
[61.215s][info][gc,cpu         ] GC(271) User=0.52s Sys=0.00s Real=0.00s
[61.383s][info][gc,start       ] GC(272) Pause Young (Normal) (G1 Evacuation Pause)
[61.383s][info][gc,task        ] GC(272) Using 33 workers of 33 for evacuation
[61.385s][info][gc,phases      ] GC(272)   Pre Evacuate Collection Set: 0.3ms
[61.385s][info][gc,phases      ] GC(272)   Merge Heap Roots: 0.3ms
[61.386s][info][gc,phases      ] GC(272)   Evacuate Collection Set: 0.9ms
[61.386s][info][gc,phases      ] GC(272)   Post Evacuate Collection Set: 0.6ms
[61.386s][info][gc,phases      ] GC(272)   Other: 0.1ms
[61.386s][info][gc,heap        ] GC(272) Eden regions: 661->0(661)
[61.386s][info][gc,heap        ] GC(272) Survivor regions: 2->2(83)
[61.386s][info][gc,heap        ] GC(272) Old regions: 52->52
[61.386s][info][gc,heap        ] GC(272) Archive regions: 0->0
[61.386s][info][gc,heap        ] GC(272) Humongous regions: 0->0
[61.386s][info][gc,metaspace   ] GC(272) Metaspace: 74163K(75136K)->74163K(75136K) NonClass: 58824K(59136K)->58824K(59136K) Class: 15338K(16000K)->15338K(16000K)
[61.386s][info][gc             ] GC(272) Pause Young (Normal) (G1 Evacuation Pause) 700M->39M(1106M) 2.381ms
[61.386s][info][gc,cpu         ] GC(272) User=0.00s Sys=0.02s Real=0.00s
[61.554s][info][gc,start       ] GC(273) Pause Young (Normal) (G1 Evacuation Pause)
[61.554s][info][gc,task        ] GC(273) Using 33 workers of 33 for evacuation
[61.556s][info][gc,phases      ] GC(273)   Pre Evacuate Collection Set: 0.2ms
[61.556s][info][gc,phases      ] GC(273)   Merge Heap Roots: 0.3ms
[61.556s][info][gc,phases      ] GC(273)   Evacuate Collection Set: 0.9ms
[61.556s][info][gc,phases      ] GC(273)   Post Evacuate Collection Set: 0.6ms
[61.556s][info][gc,phases      ] GC(273)   Other: 0.1ms
[61.556s][info][gc,heap        ] GC(273) Eden regions: 661->0(661)
[61.556s][info][gc,heap        ] GC(273) Survivor regions: 2->2(83)
[61.556s][info][gc,heap        ] GC(273) Old regions: 52->52
[61.556s][info][gc,heap        ] GC(273) Archive regions: 0->0
[61.556s][info][gc,heap        ] GC(273) Humongous regions: 0->0
[61.556s][info][gc,metaspace   ] GC(273) Metaspace: 74163K(75136K)->74163K(75136K) NonClass: 58824K(59136K)->58824K(59136K) Class: 15338K(16000K)->15338K(16000K)
[61.557s][info][gc             ] GC(273) Pause Young (Normal) (G1 Evacuation Pause) 700M->39M(1106M) 2.327ms
[61.557s][info][gc,cpu         ] GC(273) User=0.00s Sys=0.00s Real=0.00s
[61.727s][info][gc,start       ] GC(274) Pause Young (Normal) (G1 Evacuation Pause)
[61.727s][info][gc,task        ] GC(274) Using 33 workers of 33 for evacuation
[61.729s][info][gc,phases      ] GC(274)   Pre Evacuate Collection Set: 0.2ms
[61.729s][info][gc,phases      ] GC(274)   Merge Heap Roots: 0.2ms
[61.729s][info][gc,phases      ] GC(274)   Evacuate Collection Set: 0.9ms
[61.729s][info][gc,phases      ] GC(274)   Post Evacuate Collection Set: 0.6ms
[61.729s][info][gc,phases      ] GC(274)   Other: 0.1ms
[61.729s][info][gc,heap        ] GC(274) Eden regions: 661->0(661)
[61.729s][info][gc,heap        ] GC(274) Survivor regions: 2->2(83)
[61.729s][info][gc,heap        ] GC(274) Old regions: 52->52
[61.729s][info][gc,heap        ] GC(274) Archive regions: 0->0
[61.729s][info][gc,heap        ] GC(274) Humongous regions: 0->0
[61.729s][info][gc,metaspace   ] GC(274) Metaspace: 74163K(75136K)->74163K(75136K) NonClass: 58824K(59136K)->58824K(59136K) Class: 15338K(16000K)->15338K(16000K)
[61.729s][info][gc             ] GC(274) Pause Young (Normal) (G1 Evacuation Pause) 700M->39M(1106M) 2.266ms
[61.729s][info][gc,cpu         ] GC(274) User=0.00s Sys=0.00s Real=0.00s
[61.899s][info][gc,start       ] GC(275) Pause Young (Normal) (G1 Evacuation Pause)
[61.899s][info][gc,task        ] GC(275) Using 33 workers of 33 for evacuation
[61.901s][info][gc,phases      ] GC(275)   Pre Evacuate Collection Set: 0.2ms
[61.901s][info][gc,phases      ] GC(275)   Merge Heap Roots: 0.3ms
[61.901s][info][gc,phases      ] GC(275)   Evacuate Collection Set: 0.8ms
[61.901s][info][gc,phases      ] GC(275)   Post Evacuate Collection Set: 0.6ms
[61.901s][info][gc,phases      ] GC(275)   Other: 0.1ms
[61.902s][info][gc,heap        ] GC(275) Eden regions: 661->0(661)
[61.902s][info][gc,heap        ] GC(275) Survivor regions: 2->2(83)
[61.902s][info][gc,heap        ] GC(275) Old regions: 52->52
[61.902s][info][gc,heap        ] GC(275) Archive regions: 0->0
[61.902s][info][gc,heap        ] GC(275) Humongous regions: 0->0
[61.902s][info][gc,metaspace   ] GC(275) Metaspace: 74163K(75136K)->74163K(75136K) NonClass: 58824K(59136K)->58824K(59136K) Class: 15338K(16000K)->15338K(16000K)
[61.902s][info][gc             ] GC(275) Pause Young (Normal) (G1 Evacuation Pause) 700M->39M(1106M) 2.335ms
[61.902s][info][gc,cpu         ] GC(275) User=0.06s Sys=0.00s Real=0.00s
[62.071s][info][gc,start       ] GC(276) Pause Young (Normal) (G1 Evacuation Pause)
[62.071s][info][gc,task        ] GC(276) Using 33 workers of 33 for evacuation
[62.073s][info][gc,phases      ] GC(276)   Pre Evacuate Collection Set: 0.2ms
[62.073s][info][gc,phases      ] GC(276)   Merge Heap Roots: 0.2ms
[62.073s][info][gc,phases      ] GC(276)   Evacuate Collection Set: 0.8ms
[62.073s][info][gc,phases      ] GC(276)   Post Evacuate Collection Set: 0.6ms
[62.073s][info][gc,phases      ] GC(276)   Other: 0.1ms
[62.073s][info][gc,heap        ] GC(276) Eden regions: 661->0(661)
[62.073s][info][gc,heap        ] GC(276) Survivor regions: 2->2(83)
[62.073s][info][gc,heap        ] GC(276) Old regions: 52->52
[62.073s][info][gc,heap        ] GC(276) Archive regions: 0->0
[62.073s][info][gc,heap        ] GC(276) Humongous regions: 0->0
[62.073s][info][gc,metaspace   ] GC(276) Metaspace: 74163K(75136K)->74163K(75136K) NonClass: 58824K(59136K)->58824K(59136K) Class: 15338K(16000K)->15338K(16000K)
[62.073s][info][gc             ] GC(276) Pause Young (Normal) (G1 Evacuation Pause) 700M->39M(1106M) 2.259ms
[62.073s][info][gc,cpu         ] GC(276) User=0.02s Sys=0.00s Real=0.00s
[62.241s][info][gc,start       ] GC(277) Pause Young (Normal) (G1 Evacuation Pause)
[62.241s][info][gc,task        ] GC(277) Using 33 workers of 33 for evacuation
[62.243s][info][gc,phases      ] GC(277)   Pre Evacuate Collection Set: 0.3ms
[62.243s][info][gc,phases      ] GC(277)   Merge Heap Roots: 0.2ms
[62.244s][info][gc,phases      ] GC(277)   Evacuate Collection Set: 0.9ms
[62.244s][info][gc,phases      ] GC(277)   Post Evacuate Collection Set: 0.8ms
[62.244s][info][gc,phases      ] GC(277)   Other: 0.1ms
[62.244s][info][gc,heap        ] GC(277) Eden regions: 661->0(661)
[62.244s][info][gc,heap        ] GC(277) Survivor regions: 2->2(83)
[62.244s][info][gc,heap        ] GC(277) Old regions: 52->52
[62.244s][info][gc,heap        ] GC(277) Archive regions: 0->0
[62.244s][info][gc,heap        ] GC(277) Humongous regions: 0->0
[62.244s][info][gc,metaspace   ] GC(277) Metaspace: 74163K(75136K)->74163K(75136K) NonClass: 58824K(59136K)->58824K(59136K) Class: 15338K(16000K)->15338K(16000K)
[62.244s][info][gc             ] GC(277) Pause Young (Normal) (G1 Evacuation Pause) 700M->39M(1106M) 2.596ms
[62.244s][info][gc,cpu         ] GC(277) User=0.00s Sys=0.00s Real=0.00s
[62.416s][info][gc,start       ] GC(278) Pause Young (Normal) (G1 Evacuation Pause)
[62.416s][info][gc,task        ] GC(278) Using 33 workers of 33 for evacuation
[62.418s][info][gc,phases      ] GC(278)   Pre Evacuate Collection Set: 0.2ms
[62.418s][info][gc,phases      ] GC(278)   Merge Heap Roots: 0.3ms
[62.418s][info][gc,phases      ] GC(278)   Evacuate Collection Set: 0.8ms
[62.418s][info][gc,phases      ] GC(278)   Post Evacuate Collection Set: 0.7ms
[62.418s][info][gc,phases      ] GC(278)   Other: 0.1ms
[62.418s][info][gc,heap        ] GC(278) Eden regions: 661->0(661)
[62.418s][info][gc,heap        ] GC(278) Survivor regions: 2->2(83)
[62.418s][info][gc,heap        ] GC(278) Old regions: 52->52
[62.418s][info][gc,heap        ] GC(278) Archive regions: 0->0
[62.418s][info][gc,heap        ] GC(278) Humongous regions: 0->0
[62.418s][info][gc,metaspace   ] GC(278) Metaspace: 74163K(75136K)->74163K(75136K) NonClass: 58824K(59136K)->58824K(59136K) Class: 15338K(16000K)->15338K(16000K)
[62.418s][info][gc             ] GC(278) Pause Young (Normal) (G1 Evacuation Pause) 700M->39M(1106M) 2.354ms
[62.418s][info][gc,cpu         ] GC(278) User=0.00s Sys=0.00s Real=0.00s
[62.589s][info][gc,start       ] GC(279) Pause Young (Normal) (G1 Evacuation Pause)
[62.589s][info][gc,task        ] GC(279) Using 33 workers of 33 for evacuation
[62.591s][info][gc,phases      ] GC(279)   Pre Evacuate Collection Set: 0.3ms
[62.591s][info][gc,phases      ] GC(279)   Merge Heap Roots: 0.3ms
[62.591s][info][gc,phases      ] GC(279)   Evacuate Collection Set: 0.9ms
[62.591s][info][gc,phases      ] GC(279)   Post Evacuate Collection Set: 0.7ms
[62.591s][info][gc,phases      ] GC(279)   Other: 0.1ms
[62.591s][info][gc,heap        ] GC(279) Eden regions: 661->0(661)
[62.591s][info][gc,heap        ] GC(279) Survivor regions: 2->2(83)
[62.591s][info][gc,heap        ] GC(279) Old regions: 52->52
[62.591s][info][gc,heap        ] GC(279) Archive regions: 0->0
[62.591s][info][gc,heap        ] GC(279) Humongous regions: 0->0
[62.591s][info][gc,metaspace   ] GC(279) Metaspace: 74166K(75136K)->74166K(75136K) NonClass: 58828K(59136K)->58828K(59136K) Class: 15338K(16000K)->15338K(16000K)
[62.591s][info][gc             ] GC(279) Pause Young (Normal) (G1 Evacuation Pause) 700M->39M(1106M) 2.494ms
[62.591s][info][gc,cpu         ] GC(279) User=0.45s Sys=0.02s Real=0.00s
[62.771s][info][gc,start       ] GC(280) Pause Young (Normal) (G1 Evacuation Pause)
[62.771s][info][gc,task        ] GC(280) Using 33 workers of 33 for evacuation
[62.773s][info][gc,phases      ] GC(280)   Pre Evacuate Collection Set: 0.2ms
[62.773s][info][gc,phases      ] GC(280)   Merge Heap Roots: 0.3ms
[62.773s][info][gc,phases      ] GC(280)   Evacuate Collection Set: 0.9ms
[62.773s][info][gc,phases      ] GC(280)   Post Evacuate Collection Set: 0.7ms
[62.773s][info][gc,phases      ] GC(280)   Other: 0.1ms
[62.773s][info][gc,heap        ] GC(280) Eden regions: 661->0(661)
[62.773s][info][gc,heap        ] GC(280) Survivor regions: 2->2(83)
[62.774s][info][gc,heap        ] GC(280) Old regions: 52->52
[62.774s][info][gc,heap        ] GC(280) Archive regions: 0->0
[62.774s][info][gc,heap        ] GC(280) Humongous regions: 0->0
[62.774s][info][gc,metaspace   ] GC(280) Metaspace: 74171K(75136K)->74171K(75136K) NonClass: 58833K(59136K)->58833K(59136K) Class: 15338K(16000K)->15338K(16000K)
[62.774s][info][gc             ] GC(280) Pause Young (Normal) (G1 Evacuation Pause) 700M->39M(1106M) 2.374ms
[62.774s][info][gc,cpu         ] GC(280) User=0.00s Sys=0.00s Real=0.00s
[62.979s][info][gc,start       ] GC(281) Pause Young (Normal) (G1 Evacuation Pause)
[62.979s][info][gc,task        ] GC(281) Using 33 workers of 33 for evacuation
[62.981s][info][gc,phases      ] GC(281)   Pre Evacuate Collection Set: 0.2ms
[62.981s][info][gc,phases      ] GC(281)   Merge Heap Roots: 0.2ms
[62.981s][info][gc,phases      ] GC(281)   Evacuate Collection Set: 0.8ms
[62.981s][info][gc,phases      ] GC(281)   Post Evacuate Collection Set: 0.7ms
[62.981s][info][gc,phases      ] GC(281)   Other: 0.1ms
[62.981s][info][gc,heap        ] GC(281) Eden regions: 661->0(661)
[62.981s][info][gc,heap        ] GC(281) Survivor regions: 2->2(83)
[62.981s][info][gc,heap        ] GC(281) Old regions: 52->52
[62.981s][info][gc,heap        ] GC(281) Archive regions: 0->0
[62.981s][info][gc,heap        ] GC(281) Humongous regions: 0->0
[62.981s][info][gc,metaspace   ] GC(281) Metaspace: 74171K(75136K)->74171K(75136K) NonClass: 58833K(59136K)->58833K(59136K) Class: 15338K(16000K)->15338K(16000K)
[62.981s][info][gc             ] GC(281) Pause Young (Normal) (G1 Evacuation Pause) 700M->39M(1106M) 2.193ms
[62.981s][info][gc,cpu         ] GC(281) User=0.52s Sys=0.00s Real=0.00s
[63.249s][info][gc,start       ] GC(282) Pause Young (Normal) (G1 Evacuation Pause)
[63.249s][info][gc,task        ] GC(282) Using 33 workers of 33 for evacuation
[63.251s][info][gc,phases      ] GC(282)   Pre Evacuate Collection Set: 0.2ms
[63.251s][info][gc,phases      ] GC(282)   Merge Heap Roots: 0.3ms
[63.251s][info][gc,phases      ] GC(282)   Evacuate Collection Set: 0.8ms
[63.251s][info][gc,phases      ] GC(282)   Post Evacuate Collection Set: 0.7ms
[63.251s][info][gc,phases      ] GC(282)   Other: 0.1ms
[63.251s][info][gc,heap        ] GC(282) Eden regions: 661->0(661)
[63.251s][info][gc,heap        ] GC(282) Survivor regions: 2->2(83)
[63.251s][info][gc,heap        ] GC(282) Old regions: 52->52
[63.251s][info][gc,heap        ] GC(282) Archive regions: 0->0
[63.251s][info][gc,heap        ] GC(282) Humongous regions: 0->0
[63.251s][info][gc,metaspace   ] GC(282) Metaspace: 74171K(75136K)->74171K(75136K) NonClass: 58833K(59136K)->58833K(59136K) Class: 15338K(16000K)->15338K(16000K)
[63.251s][info][gc             ] GC(282) Pause Young (Normal) (G1 Evacuation Pause) 700M->39M(1106M) 2.339ms
[63.251s][info][gc,cpu         ] GC(282) User=0.00s Sys=0.00s Real=0.00s
[63.610s][info][gc,start       ] GC(283) Pause Young (Normal) (G1 Evacuation Pause)
[63.610s][info][gc,task        ] GC(283) Using 29 workers of 33 for evacuation
[63.612s][info][gc,phases      ] GC(283)   Pre Evacuate Collection Set: 0.2ms
[63.612s][info][gc,phases      ] GC(283)   Merge Heap Roots: 0.2ms
[63.612s][info][gc,phases      ] GC(283)   Evacuate Collection Set: 0.7ms
[63.612s][info][gc,phases      ] GC(283)   Post Evacuate Collection Set: 0.6ms
[63.612s][info][gc,phases      ] GC(283)   Other: 0.1ms
[63.612s][info][gc,heap        ] GC(283) Eden regions: 661->0(661)
[63.612s][info][gc,heap        ] GC(283) Survivor regions: 2->2(83)
[63.612s][info][gc,heap        ] GC(283) Old regions: 52->52
[63.612s][info][gc,heap        ] GC(283) Archive regions: 0->0
[63.612s][info][gc,heap        ] GC(283) Humongous regions: 0->0
[63.612s][info][gc,metaspace   ] GC(283) Metaspace: 74171K(75136K)->74171K(75136K) NonClass: 58833K(59136K)->58833K(59136K) Class: 15338K(16000K)->15338K(16000K)
[63.612s][info][gc             ] GC(283) Pause Young (Normal) (G1 Evacuation Pause) 700M->39M(1106M) 2.057ms
[63.612s][info][gc,cpu         ] GC(283) User=0.00s Sys=0.00s Real=0.00s
[64.066s][info][gc,start       ] GC(284) Pause Young (Normal) (G1 Evacuation Pause)
[64.066s][info][gc,task        ] GC(284) Using 27 workers of 33 for evacuation
[64.068s][info][gc,phases      ] GC(284)   Pre Evacuate Collection Set: 0.2ms
[64.068s][info][gc,phases      ] GC(284)   Merge Heap Roots: 0.2ms
[64.068s][info][gc,phases      ] GC(284)   Evacuate Collection Set: 0.6ms
[64.068s][info][gc,phases      ] GC(284)   Post Evacuate Collection Set: 0.6ms
[64.068s][info][gc,phases      ] GC(284)   Other: 0.1ms
[64.068s][info][gc,heap        ] GC(284) Eden regions: 661->0(661)
[64.068s][info][gc,heap        ] GC(284) Survivor regions: 2->2(83)
[64.068s][info][gc,heap        ] GC(284) Old regions: 52->52
[64.068s][info][gc,heap        ] GC(284) Archive regions: 0->0
[64.068s][info][gc,heap        ] GC(284) Humongous regions: 0->0
[64.068s][info][gc,metaspace   ] GC(284) Metaspace: 74171K(75136K)->74171K(75136K) NonClass: 58833K(59136K)->58833K(59136K) Class: 15338K(16000K)->15338K(16000K)
[64.068s][info][gc             ] GC(284) Pause Young (Normal) (G1 Evacuation Pause) 700M->39M(1106M) 1.922ms
[64.068s][info][gc,cpu         ] GC(284) User=0.00s Sys=0.00s Real=0.00s
[64.521s][info][gc,start       ] GC(285) Pause Young (Normal) (G1 Evacuation Pause)
[64.521s][info][gc,task        ] GC(285) Using 26 workers of 33 for evacuation
[64.523s][info][gc,phases      ] GC(285)   Pre Evacuate Collection Set: 0.2ms
[64.523s][info][gc,phases      ] GC(285)   Merge Heap Roots: 0.2ms
[64.523s][info][gc,phases      ] GC(285)   Evacuate Collection Set: 0.6ms
[64.523s][info][gc,phases      ] GC(285)   Post Evacuate Collection Set: 0.6ms
[64.523s][info][gc,phases      ] GC(285)   Other: 0.1ms
[64.523s][info][gc,heap        ] GC(285) Eden regions: 661->0(661)
[64.523s][info][gc,heap        ] GC(285) Survivor regions: 2->2(83)
[64.523s][info][gc,heap        ] GC(285) Old regions: 52->52
[64.523s][info][gc,heap        ] GC(285) Archive regions: 0->0
[64.523s][info][gc,heap        ] GC(285) Humongous regions: 0->0
[64.523s][info][gc,metaspace   ] GC(285) Metaspace: 74171K(75136K)->74171K(75136K) NonClass: 58833K(59136K)->58833K(59136K) Class: 15338K(16000K)->15338K(16000K)
[64.523s][info][gc             ] GC(285) Pause Young (Normal) (G1 Evacuation Pause) 700M->39M(1106M) 1.904ms
[64.523s][info][gc,cpu         ] GC(285) User=0.00s Sys=0.00s Real=0.00s
[64.800s][info][gc,start       ] GC(286) Pause Full (System.gc())
[64.800s][info][gc,task        ] GC(286) Using 26 workers of 33 for full compaction
[64.801s][info][gc,phases,start] GC(286) Phase 1: Mark live objects
[64.822s][info][gc,phases      ] GC(286) Phase 1: Mark live objects 21.335ms
[64.822s][info][gc,phases,start] GC(286) Phase 2: Prepare compaction
[64.825s][info][gc,phases      ] GC(286) Phase 2: Prepare compaction 2.728ms
[64.825s][info][gc,phases,start] GC(286) Phase 3: Adjust pointers
[64.834s][info][gc,phases      ] GC(286) Phase 3: Adjust pointers 8.715ms
[64.834s][info][gc,phases,start] GC(286) Phase 4: Compact heap
[64.834s][info][gc,phases      ] GC(286) Phase 4: Compact heap 0.736ms
[64.848s][info][gc,heap        ] GC(286) Eden regions: 391->0(96)
[64.848s][info][gc,heap        ] GC(286) Survivor regions: 2->0(83)
[64.848s][info][gc,heap        ] GC(286) Old regions: 52->48
[64.848s][info][gc,heap        ] GC(286) Archive regions: 0->0
[64.848s][info][gc,heap        ] GC(286) Humongous regions: 0->0
[64.848s][info][gc,metaspace   ] GC(286) Metaspace: 74178K(75136K)->74178K(75136K) NonClass: 58840K(59136K)->58840K(59136K) Class: 15338K(16000K)->15338K(16000K)
[64.848s][info][gc             ] GC(286) Pause Full (System.gc()) 429M->35M(160M) 48.291ms
[64.848s][info][gc,cpu         ] GC(286) User=0.66s Sys=0.17s Real=0.05s
[64.900s][info][gc,start       ] GC(287) Pause Young (Normal) (G1 Evacuation Pause)
[64.900s][info][gc,task        ] GC(287) Using 33 workers of 33 for evacuation
[64.903s][info][gc,phases      ] GC(287)   Pre Evacuate Collection Set: 0.2ms
[64.903s][info][gc,phases      ] GC(287)   Merge Heap Roots: 0.2ms
[64.903s][info][gc,phases      ] GC(287)   Evacuate Collection Set: 1.2ms
[64.903s][info][gc,phases      ] GC(287)   Post Evacuate Collection Set: 0.7ms
[64.903s][info][gc,phases      ] GC(287)   Other: 0.1ms
[64.903s][info][gc,heap        ] GC(287) Eden regions: 96->0(92)
[64.903s][info][gc,heap        ] GC(287) Survivor regions: 0->4(12)
[64.903s][info][gc,heap        ] GC(287) Old regions: 48->48
[64.903s][info][gc,heap        ] GC(287) Archive regions: 0->0
[64.903s][info][gc,heap        ] GC(287) Humongous regions: 0->0
[64.903s][info][gc,metaspace   ] GC(287) Metaspace: 74255K(75200K)->74255K(75200K) NonClass: 58917K(59200K)->58917K(59200K) Class: 15338K(16000K)->15338K(16000K)
[64.903s][info][gc             ] GC(287) Pause Young (Normal) (G1 Evacuation Pause) 131M->38M(160M) 2.647ms
[64.903s][info][gc,cpu         ] GC(287) User=0.53s Sys=0.02s Real=0.00s
[64.928s][info][gc,start       ] GC(288) Pause Young (Normal) (G1 Evacuation Pause)
[64.928s][info][gc,task        ] GC(288) Using 33 workers of 33 for evacuation
[64.931s][info][gc,phases      ] GC(288)   Pre Evacuate Collection Set: 0.2ms
[64.931s][info][gc,phases      ] GC(288)   Merge Heap Roots: 0.2ms
[64.931s][info][gc,phases      ] GC(288)   Evacuate Collection Set: 1.2ms
[64.931s][info][gc,phases      ] GC(288)   Post Evacuate Collection Set: 0.7ms
[64.931s][info][gc,phases      ] GC(288)   Other: 0.1ms
[64.931s][info][gc,heap        ] GC(288) Eden regions: 92->0(92)
[64.931s][info][gc,heap        ] GC(288) Survivor regions: 4->4(12)
[64.931s][info][gc,heap        ] GC(288) Old regions: 48->48
[64.931s][info][gc,heap        ] GC(288) Archive regions: 0->0
[64.931s][info][gc,heap        ] GC(288) Humongous regions: 0->0
[64.931s][info][gc,metaspace   ] GC(288) Metaspace: 74255K(75200K)->74255K(75200K) NonClass: 58917K(59200K)->58917K(59200K) Class: 15338K(16000K)->15338K(16000K)
[64.931s][info][gc             ] GC(288) Pause Young (Normal) (G1 Evacuation Pause) 130M->38M(160M) 2.518ms
[64.931s][info][gc,cpu         ] GC(288) User=0.00s Sys=0.00s Real=0.00s
[64.955s][info][gc,start       ] GC(289) Pause Young (Normal) (G1 Evacuation Pause)
[64.955s][info][gc,task        ] GC(289) Using 33 workers of 33 for evacuation
[64.957s][info][gc,phases      ] GC(289)   Pre Evacuate Collection Set: 0.2ms
[64.957s][info][gc,phases      ] GC(289)   Merge Heap Roots: 0.2ms
[64.957s][info][gc,phases      ] GC(289)   Evacuate Collection Set: 1.2ms
[64.957s][info][gc,phases      ] GC(289)   Post Evacuate Collection Set: 0.6ms
[64.957s][info][gc,phases      ] GC(289)   Other: 0.1ms
[64.957s][info][gc,heap        ] GC(289) Eden regions: 92->0(92)
[64.957s][info][gc,heap        ] GC(289) Survivor regions: 4->4(12)
[64.957s][info][gc,heap        ] GC(289) Old regions: 48->48
[64.957s][info][gc,heap        ] GC(289) Archive regions: 0->0
[64.957s][info][gc,heap        ] GC(289) Humongous regions: 0->0
[64.957s][info][gc,metaspace   ] GC(289) Metaspace: 74255K(75200K)->74255K(75200K) NonClass: 58917K(59200K)->58917K(59200K) Class: 15338K(16000K)->15338K(16000K)
[64.957s][info][gc             ] GC(289) Pause Young (Normal) (G1 Evacuation Pause) 130M->39M(160M) 2.523ms
[64.957s][info][gc,cpu         ] GC(289) User=0.00s Sys=0.00s Real=0.00s
[64.982s][info][gc,start       ] GC(290) Pause Young (Normal) (G1 Evacuation Pause)
[64.982s][info][gc,task        ] GC(290) Using 33 workers of 33 for evacuation
[64.988s][info][gc,phases      ] GC(290)   Pre Evacuate Collection Set: 0.2ms
[64.988s][info][gc,phases      ] GC(290)   Merge Heap Roots: 0.2ms
[64.988s][info][gc,phases      ] GC(290)   Evacuate Collection Set: 1.2ms
[64.988s][info][gc,phases      ] GC(290)   Post Evacuate Collection Set: 4.6ms
[64.988s][info][gc,phases      ] GC(290)   Other: 0.1ms
[64.988s][info][gc,heap        ] GC(290) Eden regions: 92->0(658)
[64.988s][info][gc,heap        ] GC(290) Survivor regions: 4->4(12)
[64.988s][info][gc,heap        ] GC(290) Old regions: 48->48
[64.988s][info][gc,heap        ] GC(290) Archive regions: 0->0
[64.988s][info][gc,heap        ] GC(290) Humongous regions: 0->0
[64.988s][info][gc,metaspace   ] GC(290) Metaspace: 74255K(75200K)->74255K(75200K) NonClass: 58917K(59200K)->58917K(59200K) Class: 15338K(16000K)->15338K(16000K)
[64.988s][info][gc             ] GC(290) Pause Young (Normal) (G1 Evacuation Pause) 131M->39M(1104M) 6.473ms
[64.988s][info][gc,cpu         ] GC(290) User=0.00s Sys=0.00s Real=0.01s
[65.193s][info][gc,start       ] GC(291) Pause Young (Normal) (G1 Evacuation Pause)
[65.193s][info][gc,task        ] GC(291) Using 33 workers of 33 for evacuation
[65.197s][info][gc,phases      ] GC(291)   Pre Evacuate Collection Set: 0.3ms
[65.197s][info][gc,phases      ] GC(291)   Merge Heap Roots: 0.3ms
[65.197s][info][gc,phases      ] GC(291)   Evacuate Collection Set: 2.6ms
[65.197s][info][gc,phases      ] GC(291)   Post Evacuate Collection Set: 0.8ms
[65.197s][info][gc,phases      ] GC(291)   Other: 0.1ms
[65.197s][info][gc,heap        ] GC(291) Eden regions: 658->0(658)
[65.197s][info][gc,heap        ] GC(291) Survivor regions: 4->4(83)
[65.197s][info][gc,heap        ] GC(291) Old regions: 48->48
[65.197s][info][gc,heap        ] GC(291) Archive regions: 0->0
[65.197s][info][gc,heap        ] GC(291) Humongous regions: 0->0
[65.197s][info][gc,metaspace   ] GC(291) Metaspace: 74255K(75200K)->74255K(75200K) NonClass: 58917K(59200K)->58917K(59200K) Class: 15338K(16000K)->15338K(16000K)
[65.197s][info][gc             ] GC(291) Pause Young (Normal) (G1 Evacuation Pause) 697M->39M(1104M) 4.330ms
[65.197s][info][gc,cpu         ] GC(291) User=0.00s Sys=0.00s Real=0.00s
[65.365s][info][gc,start       ] GC(292) Pause Young (Normal) (G1 Evacuation Pause)
[65.365s][info][gc,task        ] GC(292) Using 33 workers of 33 for evacuation
[65.369s][info][gc,phases      ] GC(292)   Pre Evacuate Collection Set: 0.2ms
[65.369s][info][gc,phases      ] GC(292)   Merge Heap Roots: 0.3ms
[65.369s][info][gc,phases      ] GC(292)   Evacuate Collection Set: 2.8ms
[65.369s][info][gc,phases      ] GC(292)   Post Evacuate Collection Set: 0.8ms
[65.369s][info][gc,phases      ] GC(292)   Other: 0.1ms
[65.369s][info][gc,heap        ] GC(292) Eden regions: 658->0(658)
[65.369s][info][gc,heap        ] GC(292) Survivor regions: 4->4(83)
[65.369s][info][gc,heap        ] GC(292) Old regions: 48->48
[65.369s][info][gc,heap        ] GC(292) Archive regions: 0->0
[65.369s][info][gc,heap        ] GC(292) Humongous regions: 0->0
[65.369s][info][gc,metaspace   ] GC(292) Metaspace: 74255K(75200K)->74255K(75200K) NonClass: 58917K(59200K)->58917K(59200K) Class: 15338K(16000K)->15338K(16000K)
[65.369s][info][gc             ] GC(292) Pause Young (Normal) (G1 Evacuation Pause) 697M->39M(1104M) 4.522ms
[65.369s][info][gc,cpu         ] GC(292) User=0.00s Sys=0.00s Real=0.00s
[65.535s][info][gc,start       ] GC(293) Pause Young (Normal) (G1 Evacuation Pause)
[65.535s][info][gc,task        ] GC(293) Using 33 workers of 33 for evacuation
[65.538s][info][gc,phases      ] GC(293)   Pre Evacuate Collection Set: 0.3ms
[65.538s][info][gc,phases      ] GC(293)   Merge Heap Roots: 0.2ms
[65.538s][info][gc,phases      ] GC(293)   Evacuate Collection Set: 1.2ms
[65.538s][info][gc,phases      ] GC(293)   Post Evacuate Collection Set: 0.9ms
[65.538s][info][gc,phases      ] GC(293)   Other: 0.1ms
[65.538s][info][gc,heap        ] GC(293) Eden regions: 658->0(658)
[65.538s][info][gc,heap        ] GC(293) Survivor regions: 4->4(83)
[65.538s][info][gc,heap        ] GC(293) Old regions: 48->48
[65.538s][info][gc,heap        ] GC(293) Archive regions: 0->0
[65.538s][info][gc,heap        ] GC(293) Humongous regions: 0->0
[65.538s][info][gc,metaspace   ] GC(293) Metaspace: 74255K(75200K)->74255K(75200K) NonClass: 58917K(59200K)->58917K(59200K) Class: 15338K(16000K)->15338K(16000K)
[65.538s][info][gc             ] GC(293) Pause Young (Normal) (G1 Evacuation Pause) 697M->39M(1104M) 2.893ms
[65.538s][info][gc,cpu         ] GC(293) User=0.00s Sys=0.00s Real=0.00s
[65.704s][info][gc,start       ] GC(294) Pause Young (Normal) (G1 Evacuation Pause)
[65.704s][info][gc,task        ] GC(294) Using 33 workers of 33 for evacuation
[65.707s][info][gc,phases      ] GC(294)   Pre Evacuate Collection Set: 0.3ms
[65.707s][info][gc,phases      ] GC(294)   Merge Heap Roots: 0.2ms
[65.707s][info][gc,phases      ] GC(294)   Evacuate Collection Set: 1.2ms
[65.707s][info][gc,phases      ] GC(294)   Post Evacuate Collection Set: 0.8ms
[65.707s][info][gc,phases      ] GC(294)   Other: 0.1ms
[65.707s][info][gc,heap        ] GC(294) Eden regions: 658->0(658)
[65.707s][info][gc,heap        ] GC(294) Survivor regions: 4->4(83)
[65.707s][info][gc,heap        ] GC(294) Old regions: 48->48
[65.707s][info][gc,heap        ] GC(294) Archive regions: 0->0
[65.707s][info][gc,heap        ] GC(294) Humongous regions: 0->0
[65.707s][info][gc,metaspace   ] GC(294) Metaspace: 74255K(75200K)->74255K(75200K) NonClass: 58917K(59200K)->58917K(59200K) Class: 15338K(16000K)->15338K(16000K)
[65.707s][info][gc             ] GC(294) Pause Young (Normal) (G1 Evacuation Pause) 697M->39M(1104M) 2.932ms
[65.707s][info][gc,cpu         ] GC(294) User=0.00s Sys=0.00s Real=0.00s
[65.874s][info][gc,start       ] GC(295) Pause Young (Normal) (G1 Evacuation Pause)
[65.875s][info][gc,task        ] GC(295) Using 33 workers of 33 for evacuation
[65.877s][info][gc,phases      ] GC(295)   Pre Evacuate Collection Set: 0.2ms
[65.877s][info][gc,phases      ] GC(295)   Merge Heap Roots: 0.2ms
[65.877s][info][gc,phases      ] GC(295)   Evacuate Collection Set: 1.2ms
[65.877s][info][gc,phases      ] GC(295)   Post Evacuate Collection Set: 0.8ms
[65.877s][info][gc,phases      ] GC(295)   Other: 0.1ms
[65.877s][info][gc,heap        ] GC(295) Eden regions: 658->0(658)
[65.877s][info][gc,heap        ] GC(295) Survivor regions: 4->4(83)
[65.877s][info][gc,heap        ] GC(295) Old regions: 48->48
[65.877s][info][gc,heap        ] GC(295) Archive regions: 0->0
[65.877s][info][gc,heap        ] GC(295) Humongous regions: 0->0
[65.877s][info][gc,metaspace   ] GC(295) Metaspace: 74255K(75200K)->74255K(75200K) NonClass: 58917K(59200K)->58917K(59200K) Class: 15338K(16000K)->15338K(16000K)
[65.877s][info][gc             ] GC(295) Pause Young (Normal) (G1 Evacuation Pause) 697M->39M(1104M) 2.893ms
[65.877s][info][gc,cpu         ] GC(295) User=0.00s Sys=0.00s Real=0.00s
[66.044s][info][gc,start       ] GC(296) Pause Young (Normal) (G1 Evacuation Pause)
[66.044s][info][gc,task        ] GC(296) Using 33 workers of 33 for evacuation
[66.047s][info][gc,phases      ] GC(296)   Pre Evacuate Collection Set: 0.3ms
[66.047s][info][gc,phases      ] GC(296)   Merge Heap Roots: 0.3ms
[66.047s][info][gc,phases      ] GC(296)   Evacuate Collection Set: 1.3ms
[66.047s][info][gc,phases      ] GC(296)   Post Evacuate Collection Set: 0.9ms
[66.047s][info][gc,phases      ] GC(296)   Other: 0.1ms
[66.047s][info][gc,heap        ] GC(296) Eden regions: 658->0(658)
[66.047s][info][gc,heap        ] GC(296) Survivor regions: 4->4(83)
[66.047s][info][gc,heap        ] GC(296) Old regions: 48->48
[66.047s][info][gc,heap        ] GC(296) Archive regions: 0->0
[66.047s][info][gc,heap        ] GC(296) Humongous regions: 0->0
[66.047s][info][gc,metaspace   ] GC(296) Metaspace: 74255K(75200K)->74255K(75200K) NonClass: 58917K(59200K)->58917K(59200K) Class: 15338K(16000K)->15338K(16000K)
[66.047s][info][gc             ] GC(296) Pause Young (Normal) (G1 Evacuation Pause) 697M->39M(1104M) 3.068ms
[66.047s][info][gc,cpu         ] GC(296) User=0.00s Sys=0.00s Real=0.00s
[66.216s][info][gc,start       ] GC(297) Pause Young (Normal) (G1 Evacuation Pause)
[66.216s][info][gc,task        ] GC(297) Using 33 workers of 33 for evacuation
[66.219s][info][gc,phases      ] GC(297)   Pre Evacuate Collection Set: 0.2ms
[66.219s][info][gc,phases      ] GC(297)   Merge Heap Roots: 0.2ms
[66.219s][info][gc,phases      ] GC(297)   Evacuate Collection Set: 1.2ms
[66.219s][info][gc,phases      ] GC(297)   Post Evacuate Collection Set: 0.8ms
[66.219s][info][gc,phases      ] GC(297)   Other: 0.1ms
[66.219s][info][gc,heap        ] GC(297) Eden regions: 658->0(658)
[66.219s][info][gc,heap        ] GC(297) Survivor regions: 4->4(83)
[66.219s][info][gc,heap        ] GC(297) Old regions: 48->48
[66.219s][info][gc,heap        ] GC(297) Archive regions: 0->0
[66.219s][info][gc,heap        ] GC(297) Humongous regions: 0->0
[66.219s][info][gc,metaspace   ] GC(297) Metaspace: 74255K(75200K)->74255K(75200K) NonClass: 58917K(59200K)->58917K(59200K) Class: 15338K(16000K)->15338K(16000K)
[66.219s][info][gc             ] GC(297) Pause Young (Normal) (G1 Evacuation Pause) 697M->38M(1104M) 2.844ms
[66.219s][info][gc,cpu         ] GC(297) User=0.00s Sys=0.00s Real=0.00s
[66.387s][info][gc,start       ] GC(298) Pause Young (Normal) (G1 Evacuation Pause)
[66.387s][info][gc,task        ] GC(298) Using 33 workers of 33 for evacuation
[66.389s][info][gc,phases      ] GC(298)   Pre Evacuate Collection Set: 0.3ms
[66.389s][info][gc,phases      ] GC(298)   Merge Heap Roots: 0.3ms
[66.389s][info][gc,phases      ] GC(298)   Evacuate Collection Set: 1.2ms
[66.389s][info][gc,phases      ] GC(298)   Post Evacuate Collection Set: 0.8ms
[66.389s][info][gc,phases      ] GC(298)   Other: 0.1ms
[66.389s][info][gc,heap        ] GC(298) Eden regions: 658->0(658)
[66.389s][info][gc,heap        ] GC(298) Survivor regions: 4->4(83)
[66.389s][info][gc,heap        ] GC(298) Old regions: 48->48
[66.389s][info][gc,heap        ] GC(298) Archive regions: 0->0
[66.389s][info][gc,heap        ] GC(298) Humongous regions: 0->0
[66.390s][info][gc,metaspace   ] GC(298) Metaspace: 74255K(75200K)->74255K(75200K) NonClass: 58917K(59200K)->58917K(59200K) Class: 15338K(16000K)->15338K(16000K)
[66.390s][info][gc             ] GC(298) Pause Young (Normal) (G1 Evacuation Pause) 696M->39M(1104M) 2.880ms
[66.390s][info][gc,cpu         ] GC(298) User=0.00s Sys=0.00s Real=0.00s
[66.556s][info][gc,start       ] GC(299) Pause Young (Normal) (G1 Evacuation Pause)
[66.556s][info][gc,task        ] GC(299) Using 33 workers of 33 for evacuation
[66.559s][info][gc,phases      ] GC(299)   Pre Evacuate Collection Set: 0.2ms
[66.559s][info][gc,phases      ] GC(299)   Merge Heap Roots: 0.3ms
[66.559s][info][gc,phases      ] GC(299)   Evacuate Collection Set: 1.3ms
[66.559s][info][gc,phases      ] GC(299)   Post Evacuate Collection Set: 0.8ms
[66.559s][info][gc,phases      ] GC(299)   Other: 0.1ms
[66.559s][info][gc,heap        ] GC(299) Eden regions: 658->0(658)
[66.559s][info][gc,heap        ] GC(299) Survivor regions: 4->4(83)
[66.559s][info][gc,heap        ] GC(299) Old regions: 48->48
[66.559s][info][gc,heap        ] GC(299) Archive regions: 0->0
[66.559s][info][gc,heap        ] GC(299) Humongous regions: 0->0
[66.559s][info][gc,metaspace   ] GC(299) Metaspace: 74255K(75200K)->74255K(75200K) NonClass: 58917K(59200K)->58917K(59200K) Class: 15338K(16000K)->15338K(16000K)
[66.559s][info][gc             ] GC(299) Pause Young (Normal) (G1 Evacuation Pause) 697M->39M(1104M) 2.975ms
[66.559s][info][gc,cpu         ] GC(299) User=0.52s Sys=0.00s Real=0.00s
[66.728s][info][gc,start       ] GC(300) Pause Young (Normal) (G1 Evacuation Pause)
[66.728s][info][gc,task        ] GC(300) Using 33 workers of 33 for evacuation
[66.731s][info][gc,phases      ] GC(300)   Pre Evacuate Collection Set: 0.2ms
[66.731s][info][gc,phases      ] GC(300)   Merge Heap Roots: 0.3ms
[66.731s][info][gc,phases      ] GC(300)   Evacuate Collection Set: 1.2ms
[66.731s][info][gc,phases      ] GC(300)   Post Evacuate Collection Set: 0.8ms
[66.731s][info][gc,phases      ] GC(300)   Other: 0.1ms
[66.731s][info][gc,heap        ] GC(300) Eden regions: 658->0(658)
[66.731s][info][gc,heap        ] GC(300) Survivor regions: 4->4(83)
[66.731s][info][gc,heap        ] GC(300) Old regions: 48->48
[66.731s][info][gc,heap        ] GC(300) Archive regions: 0->0
[66.731s][info][gc,heap        ] GC(300) Humongous regions: 0->0
[66.731s][info][gc,metaspace   ] GC(300) Metaspace: 74255K(75200K)->74255K(75200K) NonClass: 58917K(59200K)->58917K(59200K) Class: 15338K(16000K)->15338K(16000K)
[66.731s][info][gc             ] GC(300) Pause Young (Normal) (G1 Evacuation Pause) 697M->39M(1104M) 2.951ms
[66.731s][info][gc,cpu         ] GC(300) User=0.52s Sys=0.00s Real=0.00s
[66.898s][info][gc,start       ] GC(301) Pause Young (Normal) (G1 Evacuation Pause)
[66.898s][info][gc,task        ] GC(301) Using 33 workers of 33 for evacuation
[66.900s][info][gc,phases      ] GC(301)   Pre Evacuate Collection Set: 0.3ms
[66.900s][info][gc,phases      ] GC(301)   Merge Heap Roots: 0.3ms
[66.900s][info][gc,phases      ] GC(301)   Evacuate Collection Set: 1.2ms
[66.900s][info][gc,phases      ] GC(301)   Post Evacuate Collection Set: 0.8ms
[66.900s][info][gc,phases      ] GC(301)   Other: 0.1ms
[66.900s][info][gc,heap        ] GC(301) Eden regions: 658->0(658)
[66.901s][info][gc,heap        ] GC(301) Survivor regions: 4->4(83)
[66.901s][info][gc,heap        ] GC(301) Old regions: 48->48
[66.901s][info][gc,heap        ] GC(301) Archive regions: 0->0
[66.901s][info][gc,heap        ] GC(301) Humongous regions: 0->0
[66.901s][info][gc,metaspace   ] GC(301) Metaspace: 74255K(75200K)->74255K(75200K) NonClass: 58917K(59200K)->58917K(59200K) Class: 15338K(16000K)->15338K(16000K)
[66.901s][info][gc             ] GC(301) Pause Young (Normal) (G1 Evacuation Pause) 697M->39M(1104M) 2.946ms
[66.901s][info][gc,cpu         ] GC(301) User=0.00s Sys=0.00s Real=0.00s
[67.067s][info][gc,start       ] GC(302) Pause Young (Normal) (G1 Evacuation Pause)
[67.067s][info][gc,task        ] GC(302) Using 33 workers of 33 for evacuation
[67.069s][info][gc,phases      ] GC(302)   Pre Evacuate Collection Set: 0.2ms
[67.069s][info][gc,phases      ] GC(302)   Merge Heap Roots: 0.2ms
[67.069s][info][gc,phases      ] GC(302)   Evacuate Collection Set: 1.2ms
[67.069s][info][gc,phases      ] GC(302)   Post Evacuate Collection Set: 0.6ms
[67.070s][info][gc,phases      ] GC(302)   Other: 0.1ms
[67.070s][info][gc,heap        ] GC(302) Eden regions: 658->0(660)
[67.070s][info][gc,heap        ] GC(302) Survivor regions: 4->2(83)
[67.070s][info][gc,heap        ] GC(302) Old regions: 48->51
[67.070s][info][gc,heap        ] GC(302) Archive regions: 0->0
[67.070s][info][gc,heap        ] GC(302) Humongous regions: 0->0
[67.070s][info][gc,metaspace   ] GC(302) Metaspace: 74255K(75200K)->74255K(75200K) NonClass: 58917K(59200K)->58917K(59200K) Class: 15338K(16000K)->15338K(16000K)
[67.070s][info][gc             ] GC(302) Pause Young (Normal) (G1 Evacuation Pause) 697M->39M(1104M) 2.655ms
[67.070s][info][gc,cpu         ] GC(302) User=0.00s Sys=0.00s Real=0.00s
[67.238s][info][gc,start       ] GC(303) Pause Young (Normal) (G1 Evacuation Pause)
[67.238s][info][gc,task        ] GC(303) Using 33 workers of 33 for evacuation
[67.240s][info][gc,phases      ] GC(303)   Pre Evacuate Collection Set: 0.3ms
[67.240s][info][gc,phases      ] GC(303)   Merge Heap Roots: 0.2ms
[67.240s][info][gc,phases      ] GC(303)   Evacuate Collection Set: 0.9ms
[67.240s][info][gc,phases      ] GC(303)   Post Evacuate Collection Set: 0.6ms
[67.240s][info][gc,phases      ] GC(303)   Other: 0.1ms
[67.240s][info][gc,heap        ] GC(303) Eden regions: 660->0(660)
[67.240s][info][gc,heap        ] GC(303) Survivor regions: 2->2(83)
[67.240s][info][gc,heap        ] GC(303) Old regions: 51->51
[67.240s][info][gc,heap        ] GC(303) Archive regions: 0->0
[67.240s][info][gc,heap        ] GC(303) Humongous regions: 0->0
[67.240s][info][gc,metaspace   ] GC(303) Metaspace: 74255K(75200K)->74255K(75200K) NonClass: 58917K(59200K)->58917K(59200K) Class: 15338K(16000K)->15338K(16000K)
[67.240s][info][gc             ] GC(303) Pause Young (Normal) (G1 Evacuation Pause) 699M->39M(1104M) 2.333ms
[67.240s][info][gc,cpu         ] GC(303) User=0.00s Sys=0.00s Real=0.00s
[67.408s][info][gc,start       ] GC(304) Pause Young (Normal) (G1 Evacuation Pause)
[67.409s][info][gc,task        ] GC(304) Using 33 workers of 33 for evacuation
[67.411s][info][gc,phases      ] GC(304)   Pre Evacuate Collection Set: 0.2ms
[67.411s][info][gc,phases      ] GC(304)   Merge Heap Roots: 0.3ms
[67.411s][info][gc,phases      ] GC(304)   Evacuate Collection Set: 1.0ms
[67.411s][info][gc,phases      ] GC(304)   Post Evacuate Collection Set: 0.6ms
[67.411s][info][gc,phases      ] GC(304)   Other: 0.1ms
[67.411s][info][gc,heap        ] GC(304) Eden regions: 660->0(660)
[67.411s][info][gc,heap        ] GC(304) Survivor regions: 2->2(83)
[67.411s][info][gc,heap        ] GC(304) Old regions: 51->51
[67.411s][info][gc,heap        ] GC(304) Archive regions: 0->0
[67.411s][info][gc,heap        ] GC(304) Humongous regions: 0->0
[67.411s][info][gc,metaspace   ] GC(304) Metaspace: 74255K(75200K)->74255K(75200K) NonClass: 58917K(59200K)->58917K(59200K) Class: 15338K(16000K)->15338K(16000K)
[67.411s][info][gc             ] GC(304) Pause Young (Normal) (G1 Evacuation Pause) 699M->39M(1104M) 2.453ms
[67.411s][info][gc,cpu         ] GC(304) User=0.00s Sys=0.00s Real=0.00s
[67.581s][info][gc,start       ] GC(305) Pause Young (Normal) (G1 Evacuation Pause)
[67.581s][info][gc,task        ] GC(305) Using 33 workers of 33 for evacuation
[67.583s][info][gc,phases      ] GC(305)   Pre Evacuate Collection Set: 0.2ms
[67.583s][info][gc,phases      ] GC(305)   Merge Heap Roots: 0.2ms
[67.583s][info][gc,phases      ] GC(305)   Evacuate Collection Set: 0.9ms
[67.583s][info][gc,phases      ] GC(305)   Post Evacuate Collection Set: 0.6ms
[67.583s][info][gc,phases      ] GC(305)   Other: 0.1ms
[67.583s][info][gc,heap        ] GC(305) Eden regions: 660->0(660)
[67.583s][info][gc,heap        ] GC(305) Survivor regions: 2->2(83)
[67.583s][info][gc,heap        ] GC(305) Old regions: 51->51
[67.583s][info][gc,heap        ] GC(305) Archive regions: 0->0
[67.583s][info][gc,heap        ] GC(305) Humongous regions: 0->0
[67.583s][info][gc,metaspace   ] GC(305) Metaspace: 74255K(75200K)->74255K(75200K) NonClass: 58917K(59200K)->58917K(59200K) Class: 15338K(16000K)->15338K(16000K)
[67.583s][info][gc             ] GC(305) Pause Young (Normal) (G1 Evacuation Pause) 699M->39M(1104M) 2.301ms
[67.583s][info][gc,cpu         ] GC(305) User=0.00s Sys=0.00s Real=0.00s
[67.753s][info][gc,start       ] GC(306) Pause Young (Normal) (G1 Evacuation Pause)
[67.753s][info][gc,task        ] GC(306) Using 33 workers of 33 for evacuation
[67.755s][info][gc,phases      ] GC(306)   Pre Evacuate Collection Set: 0.2ms
[67.755s][info][gc,phases      ] GC(306)   Merge Heap Roots: 0.2ms
[67.755s][info][gc,phases      ] GC(306)   Evacuate Collection Set: 0.8ms
[67.755s][info][gc,phases      ] GC(306)   Post Evacuate Collection Set: 0.6ms
[67.755s][info][gc,phases      ] GC(306)   Other: 0.1ms
[67.755s][info][gc,heap        ] GC(306) Eden regions: 660->0(660)
[67.755s][info][gc,heap        ] GC(306) Survivor regions: 2->2(83)
[67.755s][info][gc,heap        ] GC(306) Old regions: 51->51
[67.755s][info][gc,heap        ] GC(306) Archive regions: 0->0
[67.755s][info][gc,heap        ] GC(306) Humongous regions: 0->0
[67.755s][info][gc,metaspace   ] GC(306) Metaspace: 74255K(75200K)->74255K(75200K) NonClass: 58917K(59200K)->58917K(59200K) Class: 15338K(16000K)->15338K(16000K)
[67.755s][info][gc             ] GC(306) Pause Young (Normal) (G1 Evacuation Pause) 699M->39M(1104M) 2.275ms
[67.755s][info][gc,cpu         ] GC(306) User=0.00s Sys=0.00s Real=0.00s
[67.924s][info][gc,start       ] GC(307) Pause Young (Normal) (G1 Evacuation Pause)
[67.924s][info][gc,task        ] GC(307) Using 33 workers of 33 for evacuation
[67.926s][info][gc,phases      ] GC(307)   Pre Evacuate Collection Set: 0.2ms
[67.926s][info][gc,phases      ] GC(307)   Merge Heap Roots: 0.2ms
[67.926s][info][gc,phases      ] GC(307)   Evacuate Collection Set: 0.9ms
[67.927s][info][gc,phases      ] GC(307)   Post Evacuate Collection Set: 0.6ms
[67.927s][info][gc,phases      ] GC(307)   Other: 0.1ms
[67.927s][info][gc,heap        ] GC(307) Eden regions: 660->0(660)
[67.927s][info][gc,heap        ] GC(307) Survivor regions: 2->2(83)
[67.927s][info][gc,heap        ] GC(307) Old regions: 51->51
[67.927s][info][gc,heap        ] GC(307) Archive regions: 0->0
[67.927s][info][gc,heap        ] GC(307) Humongous regions: 0->0
[67.927s][info][gc,metaspace   ] GC(307) Metaspace: 74255K(75200K)->74255K(75200K) NonClass: 58917K(59200K)->58917K(59200K) Class: 15338K(16000K)->15338K(16000K)
[67.927s][info][gc             ] GC(307) Pause Young (Normal) (G1 Evacuation Pause) 699M->39M(1104M) 2.314ms
[67.927s][info][gc,cpu         ] GC(307) User=0.00s Sys=0.00s Real=0.00s
[68.096s][info][gc,start       ] GC(308) Pause Young (Normal) (G1 Evacuation Pause)
[68.096s][info][gc,task        ] GC(308) Using 33 workers of 33 for evacuation
[68.098s][info][gc,phases      ] GC(308)   Pre Evacuate Collection Set: 0.3ms
[68.099s][info][gc,phases      ] GC(308)   Merge Heap Roots: 0.3ms
[68.099s][info][gc,phases      ] GC(308)   Evacuate Collection Set: 0.8ms
[68.099s][info][gc,phases      ] GC(308)   Post Evacuate Collection Set: 0.6ms
[68.099s][info][gc,phases      ] GC(308)   Other: 0.1ms
[68.099s][info][gc,heap        ] GC(308) Eden regions: 660->0(660)
[68.099s][info][gc,heap        ] GC(308) Survivor regions: 2->2(83)
[68.099s][info][gc,heap        ] GC(308) Old regions: 51->51
[68.099s][info][gc,heap        ] GC(308) Archive regions: 0->0
[68.099s][info][gc,heap        ] GC(308) Humongous regions: 0->0
[68.099s][info][gc,metaspace   ] GC(308) Metaspace: 74255K(75200K)->74255K(75200K) NonClass: 58917K(59200K)->58917K(59200K) Class: 15338K(16000K)->15338K(16000K)
[68.099s][info][gc             ] GC(308) Pause Young (Normal) (G1 Evacuation Pause) 699M->39M(1104M) 2.310ms
[68.099s][info][gc,cpu         ] GC(308) User=0.00s Sys=0.00s Real=0.00s
[68.266s][info][gc,start       ] GC(309) Pause Young (Normal) (G1 Evacuation Pause)
[68.266s][info][gc,task        ] GC(309) Using 33 workers of 33 for evacuation
[68.268s][info][gc,phases      ] GC(309)   Pre Evacuate Collection Set: 0.2ms
[68.268s][info][gc,phases      ] GC(309)   Merge Heap Roots: 0.3ms
[68.268s][info][gc,phases      ] GC(309)   Evacuate Collection Set: 0.8ms
[68.268s][info][gc,phases      ] GC(309)   Post Evacuate Collection Set: 0.6ms
[68.268s][info][gc,phases      ] GC(309)   Other: 0.1ms
[68.268s][info][gc,heap        ] GC(309) Eden regions: 660->0(660)
[68.268s][info][gc,heap        ] GC(309) Survivor regions: 2->2(83)
[68.268s][info][gc,heap        ] GC(309) Old regions: 51->51
[68.268s][info][gc,heap        ] GC(309) Archive regions: 0->0
[68.268s][info][gc,heap        ] GC(309) Humongous regions: 0->0
[68.268s][info][gc,metaspace   ] GC(309) Metaspace: 74255K(75200K)->74255K(75200K) NonClass: 58917K(59200K)->58917K(59200K) Class: 15338K(16000K)->15338K(16000K)
[68.268s][info][gc             ] GC(309) Pause Young (Normal) (G1 Evacuation Pause) 699M->39M(1104M) 2.273ms
[68.268s][info][gc,cpu         ] GC(309) User=0.00s Sys=0.00s Real=0.00s
[68.437s][info][gc,start       ] GC(310) Pause Young (Normal) (G1 Evacuation Pause)
[68.437s][info][gc,task        ] GC(310) Using 33 workers of 33 for evacuation
[68.439s][info][gc,phases      ] GC(310)   Pre Evacuate Collection Set: 0.2ms
[68.439s][info][gc,phases      ] GC(310)   Merge Heap Roots: 0.3ms
[68.439s][info][gc,phases      ] GC(310)   Evacuate Collection Set: 0.9ms
[68.439s][info][gc,phases      ] GC(310)   Post Evacuate Collection Set: 0.6ms
[68.439s][info][gc,phases      ] GC(310)   Other: 0.1ms
[68.439s][info][gc,heap        ] GC(310) Eden regions: 660->0(660)
[68.439s][info][gc,heap        ] GC(310) Survivor regions: 2->2(83)
[68.439s][info][gc,heap        ] GC(310) Old regions: 51->51
[68.439s][info][gc,heap        ] GC(310) Archive regions: 0->0
[68.439s][info][gc,heap        ] GC(310) Humongous regions: 0->0
[68.439s][info][gc,metaspace   ] GC(310) Metaspace: 74255K(75200K)->74255K(75200K) NonClass: 58917K(59200K)->58917K(59200K) Class: 15338K(16000K)->15338K(16000K)
[68.439s][info][gc             ] GC(310) Pause Young (Normal) (G1 Evacuation Pause) 699M->39M(1104M) 2.321ms
[68.439s][info][gc,cpu         ] GC(310) User=0.00s Sys=0.00s Real=0.00s
[68.608s][info][gc,start       ] GC(311) Pause Young (Normal) (G1 Evacuation Pause)
[68.608s][info][gc,task        ] GC(311) Using 33 workers of 33 for evacuation
[68.610s][info][gc,phases      ] GC(311)   Pre Evacuate Collection Set: 0.2ms
[68.610s][info][gc,phases      ] GC(311)   Merge Heap Roots: 0.3ms
[68.610s][info][gc,phases      ] GC(311)   Evacuate Collection Set: 0.8ms
[68.610s][info][gc,phases      ] GC(311)   Post Evacuate Collection Set: 0.6ms
[68.610s][info][gc,phases      ] GC(311)   Other: 0.1ms
[68.610s][info][gc,heap        ] GC(311) Eden regions: 660->0(660)
[68.610s][info][gc,heap        ] GC(311) Survivor regions: 2->2(83)
[68.610s][info][gc,heap        ] GC(311) Old regions: 51->51
[68.610s][info][gc,heap        ] GC(311) Archive regions: 0->0
[68.610s][info][gc,heap        ] GC(311) Humongous regions: 0->0
[68.610s][info][gc,metaspace   ] GC(311) Metaspace: 74255K(75200K)->74255K(75200K) NonClass: 58917K(59200K)->58917K(59200K) Class: 15338K(16000K)->15338K(16000K)
[68.610s][info][gc             ] GC(311) Pause Young (Normal) (G1 Evacuation Pause) 699M->39M(1104M) 2.292ms
[68.610s][info][gc,cpu         ] GC(311) User=0.00s Sys=0.00s Real=0.00s
[68.778s][info][gc,start       ] GC(312) Pause Young (Normal) (G1 Evacuation Pause)
[68.778s][info][gc,task        ] GC(312) Using 33 workers of 33 for evacuation
[68.780s][info][gc,phases      ] GC(312)   Pre Evacuate Collection Set: 0.2ms
[68.780s][info][gc,phases      ] GC(312)   Merge Heap Roots: 0.3ms
[68.780s][info][gc,phases      ] GC(312)   Evacuate Collection Set: 0.8ms
[68.780s][info][gc,phases      ] GC(312)   Post Evacuate Collection Set: 0.6ms
[68.780s][info][gc,phases      ] GC(312)   Other: 0.1ms
[68.780s][info][gc,heap        ] GC(312) Eden regions: 660->0(660)
[68.780s][info][gc,heap        ] GC(312) Survivor regions: 2->2(83)
[68.780s][info][gc,heap        ] GC(312) Old regions: 51->51
[68.780s][info][gc,heap        ] GC(312) Archive regions: 0->0
[68.780s][info][gc,heap        ] GC(312) Humongous regions: 0->0
[68.780s][info][gc,metaspace   ] GC(312) Metaspace: 74255K(75200K)->74255K(75200K) NonClass: 58917K(59200K)->58917K(59200K) Class: 15338K(16000K)->15338K(16000K)
[68.781s][info][gc             ] GC(312) Pause Young (Normal) (G1 Evacuation Pause) 699M->39M(1104M) 2.313ms
[68.781s][info][gc,cpu         ] GC(312) User=0.00s Sys=0.00s Real=0.00s
[68.948s][info][gc,start       ] GC(313) Pause Young (Normal) (G1 Evacuation Pause)
[68.948s][info][gc,task        ] GC(313) Using 33 workers of 33 for evacuation
[68.950s][info][gc,phases      ] GC(313)   Pre Evacuate Collection Set: 0.2ms
[68.950s][info][gc,phases      ] GC(313)   Merge Heap Roots: 0.3ms
[68.950s][info][gc,phases      ] GC(313)   Evacuate Collection Set: 0.9ms
[68.950s][info][gc,phases      ] GC(313)   Post Evacuate Collection Set: 0.6ms
[68.950s][info][gc,phases      ] GC(313)   Other: 0.1ms
[68.950s][info][gc,heap        ] GC(313) Eden regions: 660->0(660)
[68.950s][info][gc,heap        ] GC(313) Survivor regions: 2->2(83)
[68.950s][info][gc,heap        ] GC(313) Old regions: 51->51
[68.950s][info][gc,heap        ] GC(313) Archive regions: 0->0
[68.950s][info][gc,heap        ] GC(313) Humongous regions: 0->0
[68.950s][info][gc,metaspace   ] GC(313) Metaspace: 74255K(75200K)->74255K(75200K) NonClass: 58917K(59200K)->58917K(59200K) Class: 15338K(16000K)->15338K(16000K)
[68.950s][info][gc             ] GC(313) Pause Young (Normal) (G1 Evacuation Pause) 699M->39M(1104M) 2.315ms
[68.950s][info][gc,cpu         ] GC(313) User=0.00s Sys=0.00s Real=0.00s
[69.121s][info][gc,start       ] GC(314) Pause Young (Normal) (G1 Evacuation Pause)
[69.121s][info][gc,task        ] GC(314) Using 33 workers of 33 for evacuation
[69.123s][info][gc,phases      ] GC(314)   Pre Evacuate Collection Set: 0.2ms
[69.123s][info][gc,phases      ] GC(314)   Merge Heap Roots: 0.3ms
[69.123s][info][gc,phases      ] GC(314)   Evacuate Collection Set: 0.9ms
[69.123s][info][gc,phases      ] GC(314)   Post Evacuate Collection Set: 0.6ms
[69.123s][info][gc,phases      ] GC(314)   Other: 0.1ms
[69.123s][info][gc,heap        ] GC(314) Eden regions: 660->0(660)
[69.123s][info][gc,heap        ] GC(314) Survivor regions: 2->2(83)
[69.123s][info][gc,heap        ] GC(314) Old regions: 51->51
[69.123s][info][gc,heap        ] GC(314) Archive regions: 0->0
[69.123s][info][gc,heap        ] GC(314) Humongous regions: 0->0
[69.123s][info][gc,metaspace   ] GC(314) Metaspace: 74255K(75200K)->74255K(75200K) NonClass: 58917K(59200K)->58917K(59200K) Class: 15338K(16000K)->15338K(16000K)
[69.123s][info][gc             ] GC(314) Pause Young (Normal) (G1 Evacuation Pause) 699M->39M(1104M) 2.302ms
[69.123s][info][gc,cpu         ] GC(314) User=0.00s Sys=0.00s Real=0.00s
[69.294s][info][gc,start       ] GC(315) Pause Young (Normal) (G1 Evacuation Pause)
[69.294s][info][gc,task        ] GC(315) Using 33 workers of 33 for evacuation
[69.296s][info][gc,phases      ] GC(315)   Pre Evacuate Collection Set: 0.3ms
[69.297s][info][gc,phases      ] GC(315)   Merge Heap Roots: 0.3ms
[69.297s][info][gc,phases      ] GC(315)   Evacuate Collection Set: 0.8ms
[69.297s][info][gc,phases      ] GC(315)   Post Evacuate Collection Set: 0.6ms
[69.297s][info][gc,phases      ] GC(315)   Other: 0.1ms
[69.297s][info][gc,heap        ] GC(315) Eden regions: 660->0(660)
[69.297s][info][gc,heap        ] GC(315) Survivor regions: 2->2(83)
[69.297s][info][gc,heap        ] GC(315) Old regions: 51->51
[69.297s][info][gc,heap        ] GC(315) Archive regions: 0->0
[69.297s][info][gc,heap        ] GC(315) Humongous regions: 0->0
[69.297s][info][gc,metaspace   ] GC(315) Metaspace: 74255K(75200K)->74255K(75200K) NonClass: 58917K(59200K)->58917K(59200K) Class: 15338K(16000K)->15338K(16000K)
[69.297s][info][gc             ] GC(315) Pause Young (Normal) (G1 Evacuation Pause) 699M->39M(1104M) 2.320ms
[69.297s][info][gc,cpu         ] GC(315) User=0.00s Sys=0.00s Real=0.00s
[69.472s][info][gc,start       ] GC(316) Pause Young (Normal) (G1 Evacuation Pause)
[69.472s][info][gc,task        ] GC(316) Using 33 workers of 33 for evacuation
[69.474s][info][gc,phases      ] GC(316)   Pre Evacuate Collection Set: 0.3ms
[69.474s][info][gc,phases      ] GC(316)   Merge Heap Roots: 0.3ms
[69.474s][info][gc,phases      ] GC(316)   Evacuate Collection Set: 0.9ms
[69.474s][info][gc,phases      ] GC(316)   Post Evacuate Collection Set: 0.7ms
[69.474s][info][gc,phases      ] GC(316)   Other: 0.1ms
[69.474s][info][gc,heap        ] GC(316) Eden regions: 660->0(660)
[69.474s][info][gc,heap        ] GC(316) Survivor regions: 2->2(83)
[69.474s][info][gc,heap        ] GC(316) Old regions: 51->51
[69.474s][info][gc,heap        ] GC(316) Archive regions: 0->0
[69.474s][info][gc,heap        ] GC(316) Humongous regions: 0->0
[69.474s][info][gc,metaspace   ] GC(316) Metaspace: 74255K(75200K)->74255K(75200K) NonClass: 58917K(59200K)->58917K(59200K) Class: 15338K(16000K)->15338K(16000K)
[69.474s][info][gc             ] GC(316) Pause Young (Normal) (G1 Evacuation Pause) 699M->39M(1104M) 2.467ms
[69.474s][info][gc,cpu         ] GC(316) User=0.00s Sys=0.00s Real=0.00s
[69.642s][info][gc,start       ] GC(317) Pause Young (Normal) (G1 Evacuation Pause)
[69.642s][info][gc,task        ] GC(317) Using 33 workers of 33 for evacuation
[69.645s][info][gc,phases      ] GC(317)   Pre Evacuate Collection Set: 0.2ms
[69.645s][info][gc,phases      ] GC(317)   Merge Heap Roots: 0.3ms
[69.645s][info][gc,phases      ] GC(317)   Evacuate Collection Set: 0.8ms
[69.645s][info][gc,phases      ] GC(317)   Post Evacuate Collection Set: 0.7ms
[69.645s][info][gc,phases      ] GC(317)   Other: 0.1ms
[69.645s][info][gc,heap        ] GC(317) Eden regions: 660->0(660)
[69.645s][info][gc,heap        ] GC(317) Survivor regions: 2->2(83)
[69.645s][info][gc,heap        ] GC(317) Old regions: 51->51
[69.645s][info][gc,heap        ] GC(317) Archive regions: 0->0
[69.645s][info][gc,heap        ] GC(317) Humongous regions: 0->0
[69.645s][info][gc,metaspace   ] GC(317) Metaspace: 74255K(75200K)->74255K(75200K) NonClass: 58917K(59200K)->58917K(59200K) Class: 15338K(16000K)->15338K(16000K)
[69.645s][info][gc             ] GC(317) Pause Young (Normal) (G1 Evacuation Pause) 699M->39M(1104M) 2.390ms
[69.645s][info][gc,cpu         ] GC(317) User=0.00s Sys=0.00s Real=0.00s
[69.816s][info][gc,start       ] GC(318) Pause Young (Normal) (G1 Evacuation Pause)
[69.816s][info][gc,task        ] GC(318) Using 33 workers of 33 for evacuation
[69.818s][info][gc,phases      ] GC(318)   Pre Evacuate Collection Set: 0.2ms
[69.818s][info][gc,phases      ] GC(318)   Merge Heap Roots: 0.3ms
[69.818s][info][gc,phases      ] GC(318)   Evacuate Collection Set: 0.9ms
[69.818s][info][gc,phases      ] GC(318)   Post Evacuate Collection Set: 0.7ms
[69.818s][info][gc,phases      ] GC(318)   Other: 0.1ms
[69.818s][info][gc,heap        ] GC(318) Eden regions: 660->0(660)
[69.818s][info][gc,heap        ] GC(318) Survivor regions: 2->2(83)
[69.818s][info][gc,heap        ] GC(318) Old regions: 51->51
[69.818s][info][gc,heap        ] GC(318) Archive regions: 0->0
[69.818s][info][gc,heap        ] GC(318) Humongous regions: 0->0
[69.818s][info][gc,metaspace   ] GC(318) Metaspace: 74255K(75200K)->74255K(75200K) NonClass: 58917K(59200K)->58917K(59200K) Class: 15338K(16000K)->15338K(16000K)
[69.818s][info][gc             ] GC(318) Pause Young (Normal) (G1 Evacuation Pause) 699M->39M(1104M) 2.434ms
[69.818s][info][gc,cpu         ] GC(318) User=0.00s Sys=0.00s Real=0.00s
[69.999s][info][gc,start       ] GC(319) Pause Young (Normal) (G1 Evacuation Pause)
[69.999s][info][gc,task        ] GC(319) Using 33 workers of 33 for evacuation
[70.001s][info][gc,phases      ] GC(319)   Pre Evacuate Collection Set: 0.2ms
[70.001s][info][gc,phases      ] GC(319)   Merge Heap Roots: 0.3ms
[70.001s][info][gc,phases      ] GC(319)   Evacuate Collection Set: 0.8ms
[70.001s][info][gc,phases      ] GC(319)   Post Evacuate Collection Set: 0.7ms
[70.001s][info][gc,phases      ] GC(319)   Other: 0.1ms
[70.001s][info][gc,heap        ] GC(319) Eden regions: 660->0(660)
[70.001s][info][gc,heap        ] GC(319) Survivor regions: 2->2(83)
[70.001s][info][gc,heap        ] GC(319) Old regions: 51->51
[70.001s][info][gc,heap        ] GC(319) Archive regions: 0->0
[70.001s][info][gc,heap        ] GC(319) Humongous regions: 0->0
[70.001s][info][gc,metaspace   ] GC(319) Metaspace: 74256K(75200K)->74256K(75200K) NonClass: 58918K(59200K)->58918K(59200K) Class: 15338K(16000K)->15338K(16000K)
[70.001s][info][gc             ] GC(319) Pause Young (Normal) (G1 Evacuation Pause) 699M->39M(1104M) 2.304ms
[70.001s][info][gc,cpu         ] GC(319) User=0.00s Sys=0.00s Real=0.00s
[70.200s][info][gc,start       ] GC(320) Pause Young (Normal) (G1 Evacuation Pause)
[70.200s][info][gc,task        ] GC(320) Using 33 workers of 33 for evacuation
[70.202s][info][gc,phases      ] GC(320)   Pre Evacuate Collection Set: 0.2ms
[70.202s][info][gc,phases      ] GC(320)   Merge Heap Roots: 0.2ms
[70.202s][info][gc,phases      ] GC(320)   Evacuate Collection Set: 0.7ms
[70.202s][info][gc,phases      ] GC(320)   Post Evacuate Collection Set: 0.7ms
[70.202s][info][gc,phases      ] GC(320)   Other: 0.1ms
[70.202s][info][gc,heap        ] GC(320) Eden regions: 660->0(660)
[70.202s][info][gc,heap        ] GC(320) Survivor regions: 2->2(83)
[70.202s][info][gc,heap        ] GC(320) Old regions: 51->51
[70.202s][info][gc,heap        ] GC(320) Archive regions: 0->0
[70.202s][info][gc,heap        ] GC(320) Humongous regions: 0->0
[70.202s][info][gc,metaspace   ] GC(320) Metaspace: 74256K(75200K)->74256K(75200K) NonClass: 58918K(59200K)->58918K(59200K) Class: 15338K(16000K)->15338K(16000K)
[70.202s][info][gc             ] GC(320) Pause Young (Normal) (G1 Evacuation Pause) 699M->39M(1104M) 2.216ms
[70.202s][info][gc,cpu         ] GC(320) User=0.00s Sys=0.00s Real=0.00s
[70.445s][info][gc,start       ] GC(321) Pause Young (Normal) (G1 Evacuation Pause)
[70.445s][info][gc,task        ] GC(321) Using 33 workers of 33 for evacuation
[70.447s][info][gc,phases      ] GC(321)   Pre Evacuate Collection Set: 0.2ms
[70.447s][info][gc,phases      ] GC(321)   Merge Heap Roots: 0.3ms
[70.447s][info][gc,phases      ] GC(321)   Evacuate Collection Set: 0.9ms
[70.447s][info][gc,phases      ] GC(321)   Post Evacuate Collection Set: 0.7ms
[70.447s][info][gc,phases      ] GC(321)   Other: 0.1ms
[70.447s][info][gc,heap        ] GC(321) Eden regions: 660->0(660)
[70.447s][info][gc,heap        ] GC(321) Survivor regions: 2->2(83)
[70.447s][info][gc,heap        ] GC(321) Old regions: 51->51
[70.447s][info][gc,heap        ] GC(321) Archive regions: 0->0
[70.447s][info][gc,heap        ] GC(321) Humongous regions: 0->0
[70.447s][info][gc,metaspace   ] GC(321) Metaspace: 74256K(75200K)->74256K(75200K) NonClass: 58918K(59200K)->58918K(59200K) Class: 15338K(16000K)->15338K(16000K)
[70.447s][info][gc             ] GC(321) Pause Young (Normal) (G1 Evacuation Pause) 699M->39M(1104M) 2.410ms
[70.447s][info][gc,cpu         ] GC(321) User=0.00s Sys=0.00s Real=0.00s
[70.729s][info][gc,start       ] GC(322) Pause Young (Normal) (G1 Evacuation Pause)
[70.756s][info][gc,task        ] GC(322) Using 33 workers of 33 for evacuation
[70.779s][info][gc,phases      ] GC(322)   Pre Evacuate Collection Set: 0.3ms
[70.779s][info][gc,phases      ] GC(322)   Merge Heap Roots: 0.4ms
[70.779s][info][gc,phases      ] GC(322)   Evacuate Collection Set: 1.4ms
[70.780s][info][gc,phases      ] GC(322)   Post Evacuate Collection Set: 1.1ms
[70.780s][info][gc,phases      ] GC(322)   Other: 20.0ms
[70.780s][info][gc,heap        ] GC(322) Eden regions: 660->0(660)
[70.780s][info][gc,heap        ] GC(322) Survivor regions: 2->2(83)
[70.780s][info][gc,heap        ] GC(322) Old regions: 51->51
[70.780s][info][gc,heap        ] GC(322) Archive regions: 0->0
[70.780s][info][gc,heap        ] GC(322) Humongous regions: 0->0
[70.780s][info][gc,metaspace   ] GC(322) Metaspace: 74256K(75200K)->74256K(75200K) NonClass: 58918K(59200K)->58918K(59200K) Class: 15338K(16000K)->15338K(16000K)
[70.780s][info][gc             ] GC(322) Pause Young (Normal) (G1 Evacuation Pause) 699M->39M(1104M) 51.246ms
[70.780s][info][gc,cpu         ] GC(322) User=0.00s Sys=0.00s Real=0.04s
[71.130s][info][gc,start       ] GC(323) Pause Young (Normal) (G1 Evacuation Pause)
[71.130s][info][gc,task        ] GC(323) Using 29 workers of 33 for evacuation
[71.132s][info][gc,phases      ] GC(323)   Pre Evacuate Collection Set: 0.2ms
[71.132s][info][gc,phases      ] GC(323)   Merge Heap Roots: 0.2ms
[71.132s][info][gc,phases      ] GC(323)   Evacuate Collection Set: 0.7ms
[71.132s][info][gc,phases      ] GC(323)   Post Evacuate Collection Set: 0.6ms
[71.132s][info][gc,phases      ] GC(323)   Other: 0.1ms
[71.132s][info][gc,heap        ] GC(323) Eden regions: 660->0(660)
[71.132s][info][gc,heap        ] GC(323) Survivor regions: 2->2(83)
[71.132s][info][gc,heap        ] GC(323) Old regions: 51->51
[71.132s][info][gc,heap        ] GC(323) Archive regions: 0->0
[71.132s][info][gc,heap        ] GC(323) Humongous regions: 0->0
[71.132s][info][gc,metaspace   ] GC(323) Metaspace: 74256K(75200K)->74256K(75200K) NonClass: 58918K(59200K)->58918K(59200K) Class: 15338K(16000K)->15338K(16000K)
[71.132s][info][gc             ] GC(323) Pause Young (Normal) (G1 Evacuation Pause) 699M->39M(1104M) 2.000ms
[71.132s][info][gc,cpu         ] GC(323) User=0.00s Sys=0.00s Real=0.00s
[71.673s][info][gc,start       ] GC(324) Pause Young (Normal) (G1 Evacuation Pause)
[71.673s][info][gc,task        ] GC(324) Using 27 workers of 33 for evacuation
[71.675s][info][gc,phases      ] GC(324)   Pre Evacuate Collection Set: 0.2ms
[71.675s][info][gc,phases      ] GC(324)   Merge Heap Roots: 0.2ms
[71.675s][info][gc,phases      ] GC(324)   Evacuate Collection Set: 0.7ms
[71.675s][info][gc,phases      ] GC(324)   Post Evacuate Collection Set: 0.6ms
[71.675s][info][gc,phases      ] GC(324)   Other: 0.1ms
[71.675s][info][gc,heap        ] GC(324) Eden regions: 660->0(660)
[71.675s][info][gc,heap        ] GC(324) Survivor regions: 2->2(83)
[71.675s][info][gc,heap        ] GC(324) Old regions: 51->51
[71.675s][info][gc,heap        ] GC(324) Archive regions: 0->0
[71.675s][info][gc,heap        ] GC(324) Humongous regions: 0->0
[71.675s][info][gc,metaspace   ] GC(324) Metaspace: 74256K(75200K)->74256K(75200K) NonClass: 58918K(59200K)->58918K(59200K) Class: 15338K(16000K)->15338K(16000K)
[71.675s][info][gc             ] GC(324) Pause Young (Normal) (G1 Evacuation Pause) 699M->39M(1104M) 1.981ms
[71.675s][info][gc,cpu         ] GC(324) User=0.00s Sys=0.00s Real=0.00s
[72.070s][info][gc,start       ] GC(325) Pause Full (System.gc())
[72.087s][info][gc,task        ] GC(325) Using 26 workers of 33 for full compaction
[72.089s][info][gc,phases,start] GC(325) Phase 1: Mark live objects
[72.119s][info][gc,phases      ] GC(325) Phase 1: Mark live objects 30.241ms
[72.119s][info][gc,phases,start] GC(325) Phase 2: Prepare compaction
[72.122s][info][gc,phases      ] GC(325) Phase 2: Prepare compaction 2.828ms
[72.122s][info][gc,phases,start] GC(325) Phase 3: Adjust pointers
[72.131s][info][gc,phases      ] GC(325) Phase 3: Adjust pointers 8.747ms
[72.131s][info][gc,phases,start] GC(325) Phase 4: Compact heap
[72.132s][info][gc,phases      ] GC(325) Phase 4: Compact heap 0.782ms
[72.147s][info][gc,heap        ] GC(325) Eden regions: 435->0(98)
[72.147s][info][gc,heap        ] GC(325) Survivor regions: 2->0(83)
[72.147s][info][gc,heap        ] GC(325) Old regions: 51->49
[72.147s][info][gc,heap        ] GC(325) Archive regions: 0->0
[72.147s][info][gc,heap        ] GC(325) Humongous regions: 0->0
[72.147s][info][gc,metaspace   ] GC(325) Metaspace: 74291K(75264K)->74291K(75264K) NonClass: 58953K(59264K)->58953K(59264K) Class: 15338K(16000K)->15338K(16000K)
[72.148s][info][gc             ] GC(325) Pause Full (System.gc()) 473M->35M(164M) 77.176ms
[72.148s][info][gc,cpu         ] GC(325) User=0.44s Sys=0.42s Real=0.08s
[72.197s][info][gc,start       ] GC(326) Pause Young (Normal) (G1 Evacuation Pause)
[72.197s][info][gc,task        ] GC(326) Using 33 workers of 33 for evacuation
[72.200s][info][gc,phases      ] GC(326)   Pre Evacuate Collection Set: 0.2ms
[72.200s][info][gc,phases      ] GC(326)   Merge Heap Roots: 0.2ms
[72.200s][info][gc,phases      ] GC(326)   Evacuate Collection Set: 1.3ms
[72.200s][info][gc,phases      ] GC(326)   Post Evacuate Collection Set: 0.7ms
[72.200s][info][gc,phases      ] GC(326)   Other: 0.1ms
[72.200s][info][gc,heap        ] GC(326) Eden regions: 98->0(94)
[72.200s][info][gc,heap        ] GC(326) Survivor regions: 0->4(13)
[72.200s][info][gc,heap        ] GC(326) Old regions: 49->49
[72.200s][info][gc,heap        ] GC(326) Archive regions: 0->0
[72.200s][info][gc,heap        ] GC(326) Humongous regions: 0->0
[72.200s][info][gc,metaspace   ] GC(326) Metaspace: 74448K(75392K)->74448K(75392K) NonClass: 59110K(59392K)->59110K(59392K) Class: 15338K(16000K)->15338K(16000K)
[72.200s][info][gc             ] GC(326) Pause Young (Normal) (G1 Evacuation Pause) 133M->38M(164M) 2.873ms
[72.200s][info][gc,cpu         ] GC(326) User=0.55s Sys=0.00s Real=0.00s
[72.225s][info][gc,start       ] GC(327) Pause Young (Normal) (G1 Evacuation Pause)
[72.225s][info][gc,task        ] GC(327) Using 33 workers of 33 for evacuation
[72.228s][info][gc,phases      ] GC(327)   Pre Evacuate Collection Set: 0.2ms
[72.228s][info][gc,phases      ] GC(327)   Merge Heap Roots: 0.2ms
[72.228s][info][gc,phases      ] GC(327)   Evacuate Collection Set: 1.1ms
[72.228s][info][gc,phases      ] GC(327)   Post Evacuate Collection Set: 0.6ms
[72.228s][info][gc,phases      ] GC(327)   Other: 0.1ms
[72.228s][info][gc,heap        ] GC(327) Eden regions: 94->0(94)
[72.228s][info][gc,heap        ] GC(327) Survivor regions: 4->4(13)
[72.228s][info][gc,heap        ] GC(327) Old regions: 49->49
[72.228s][info][gc,heap        ] GC(327) Archive regions: 0->0
[72.228s][info][gc,heap        ] GC(327) Humongous regions: 0->0
[72.228s][info][gc,metaspace   ] GC(327) Metaspace: 74448K(75392K)->74448K(75392K) NonClass: 59110K(59392K)->59110K(59392K) Class: 15338K(16000K)->15338K(16000K)
[72.228s][info][gc             ] GC(327) Pause Young (Normal) (G1 Evacuation Pause) 132M->38M(164M) 2.427ms
[72.228s][info][gc,cpu         ] GC(327) User=0.00s Sys=0.00s Real=0.00s
[72.253s][info][gc,start       ] GC(328) Pause Young (Normal) (G1 Evacuation Pause)
[72.253s][info][gc,task        ] GC(328) Using 33 workers of 33 for evacuation
[72.256s][info][gc,phases      ] GC(328)   Pre Evacuate Collection Set: 0.2ms
[72.256s][info][gc,phases      ] GC(328)   Merge Heap Roots: 0.2ms
[72.256s][info][gc,phases      ] GC(328)   Evacuate Collection Set: 1.3ms
[72.256s][info][gc,phases      ] GC(328)   Post Evacuate Collection Set: 0.7ms
[72.256s][info][gc,phases      ] GC(328)   Other: 0.1ms
[72.256s][info][gc,heap        ] GC(328) Eden regions: 94->0(94)
[72.256s][info][gc,heap        ] GC(328) Survivor regions: 4->4(13)
[72.256s][info][gc,heap        ] GC(328) Old regions: 49->49
[72.256s][info][gc,heap        ] GC(328) Archive regions: 0->0
[72.256s][info][gc,heap        ] GC(328) Humongous regions: 0->0
[72.256s][info][gc,metaspace   ] GC(328) Metaspace: 74448K(75392K)->74448K(75392K) NonClass: 59110K(59392K)->59110K(59392K) Class: 15338K(16000K)->15338K(16000K)
[72.256s][info][gc             ] GC(328) Pause Young (Normal) (G1 Evacuation Pause) 132M->38M(164M) 2.743ms
[72.256s][info][gc,cpu         ] GC(328) User=0.00s Sys=0.00s Real=0.00s
[72.282s][info][gc,start       ] GC(329) Pause Young (Normal) (G1 Evacuation Pause)
[72.282s][info][gc,task        ] GC(329) Using 33 workers of 33 for evacuation
[72.288s][info][gc,phases      ] GC(329)   Pre Evacuate Collection Set: 0.2ms
[72.288s][info][gc,phases      ] GC(329)   Merge Heap Roots: 0.2ms
[72.288s][info][gc,phases      ] GC(329)   Evacuate Collection Set: 1.3ms
[72.288s][info][gc,phases      ] GC(329)   Post Evacuate Collection Set: 4.7ms
[72.288s][info][gc,phases      ] GC(329)   Other: 0.1ms
[72.288s][info][gc,heap        ] GC(329) Eden regions: 94->0(659)
[72.288s][info][gc,heap        ] GC(329) Survivor regions: 4->4(13)
[72.288s][info][gc,heap        ] GC(329) Old regions: 49->49
[72.288s][info][gc,heap        ] GC(329) Archive regions: 0->0
[72.288s][info][gc,heap        ] GC(329) Humongous regions: 0->0
[72.288s][info][gc,metaspace   ] GC(329) Metaspace: 74448K(75392K)->74448K(75392K) NonClass: 59110K(59392K)->59110K(59392K) Class: 15338K(16000K)->15338K(16000K)
[72.288s][info][gc             ] GC(329) Pause Young (Normal) (G1 Evacuation Pause) 132M->38M(1106M) 6.752ms
[72.288s][info][gc,cpu         ] GC(329) User=0.00s Sys=0.00s Real=0.01s
[72.501s][info][gc,start       ] GC(330) Pause Young (Normal) (G1 Evacuation Pause)
[72.501s][info][gc,task        ] GC(330) Using 33 workers of 33 for evacuation
[72.505s][info][gc,phases      ] GC(330)   Pre Evacuate Collection Set: 0.2ms
[72.505s][info][gc,phases      ] GC(330)   Merge Heap Roots: 0.3ms
[72.505s][info][gc,phases      ] GC(330)   Evacuate Collection Set: 2.4ms
[72.505s][info][gc,phases      ] GC(330)   Post Evacuate Collection Set: 0.9ms
[72.505s][info][gc,phases      ] GC(330)   Other: 0.1ms
[72.505s][info][gc,heap        ] GC(330) Eden regions: 659->0(659)
[72.505s][info][gc,heap        ] GC(330) Survivor regions: 4->4(83)
[72.505s][info][gc,heap        ] GC(330) Old regions: 49->49
[72.505s][info][gc,heap        ] GC(330) Archive regions: 0->0
[72.505s][info][gc,heap        ] GC(330) Humongous regions: 0->0
[72.505s][info][gc,metaspace   ] GC(330) Metaspace: 74448K(75392K)->74448K(75392K) NonClass: 59110K(59392K)->59110K(59392K) Class: 15338K(16000K)->15338K(16000K)
[72.505s][info][gc             ] GC(330) Pause Young (Normal) (G1 Evacuation Pause) 697M->38M(1106M) 4.114ms
[72.505s][info][gc,cpu         ] GC(330) User=0.00s Sys=0.00s Real=0.00s
[72.673s][info][gc,start       ] GC(331) Pause Young (Normal) (G1 Evacuation Pause)
[72.673s][info][gc,task        ] GC(331) Using 33 workers of 33 for evacuation
[72.677s][info][gc,phases      ] GC(331)   Pre Evacuate Collection Set: 0.3ms
[72.677s][info][gc,phases      ] GC(331)   Merge Heap Roots: 0.3ms
[72.677s][info][gc,phases      ] GC(331)   Evacuate Collection Set: 2.5ms
[72.677s][info][gc,phases      ] GC(331)   Post Evacuate Collection Set: 0.8ms
[72.677s][info][gc,phases      ] GC(331)   Other: 0.1ms
[72.677s][info][gc,heap        ] GC(331) Eden regions: 659->0(659)
[72.677s][info][gc,heap        ] GC(331) Survivor regions: 4->4(83)
[72.677s][info][gc,heap        ] GC(331) Old regions: 49->49
[72.677s][info][gc,heap        ] GC(331) Archive regions: 0->0
[72.677s][info][gc,heap        ] GC(331) Humongous regions: 0->0
[72.677s][info][gc,metaspace   ] GC(331) Metaspace: 74448K(75392K)->74448K(75392K) NonClass: 59110K(59392K)->59110K(59392K) Class: 15338K(16000K)->15338K(16000K)
[72.677s][info][gc             ] GC(331) Pause Young (Normal) (G1 Evacuation Pause) 697M->39M(1106M) 4.144ms
[72.677s][info][gc,cpu         ] GC(331) User=0.00s Sys=0.00s Real=0.00s
[72.845s][info][gc,start       ] GC(332) Pause Young (Normal) (G1 Evacuation Pause)
[72.845s][info][gc,task        ] GC(332) Using 33 workers of 33 for evacuation
[72.847s][info][gc,phases      ] GC(332)   Pre Evacuate Collection Set: 0.2ms
[72.848s][info][gc,phases      ] GC(332)   Merge Heap Roots: 0.2ms
[72.848s][info][gc,phases      ] GC(332)   Evacuate Collection Set: 1.2ms
[72.848s][info][gc,phases      ] GC(332)   Post Evacuate Collection Set: 0.8ms
[72.848s][info][gc,phases      ] GC(332)   Other: 0.1ms
[72.848s][info][gc,heap        ] GC(332) Eden regions: 659->0(659)
[72.848s][info][gc,heap        ] GC(332) Survivor regions: 4->4(83)
[72.848s][info][gc,heap        ] GC(332) Old regions: 49->49
[72.848s][info][gc,heap        ] GC(332) Archive regions: 0->0
[72.848s][info][gc,heap        ] GC(332) Humongous regions: 0->0
[72.848s][info][gc,metaspace   ] GC(332) Metaspace: 74448K(75392K)->74448K(75392K) NonClass: 59110K(59392K)->59110K(59392K) Class: 15338K(16000K)->15338K(16000K)
[72.848s][info][gc             ] GC(332) Pause Young (Normal) (G1 Evacuation Pause) 698M->38M(1106M) 2.857ms
[72.848s][info][gc,cpu         ] GC(332) User=0.00s Sys=0.00s Real=0.00s
[73.018s][info][gc,start       ] GC(333) Pause Young (Normal) (G1 Evacuation Pause)
[73.018s][info][gc,task        ] GC(333) Using 33 workers of 33 for evacuation
[73.020s][info][gc,phases      ] GC(333)   Pre Evacuate Collection Set: 0.2ms
[73.020s][info][gc,phases      ] GC(333)   Merge Heap Roots: 0.3ms
[73.020s][info][gc,phases      ] GC(333)   Evacuate Collection Set: 1.2ms
[73.020s][info][gc,phases      ] GC(333)   Post Evacuate Collection Set: 0.8ms
[73.020s][info][gc,phases      ] GC(333)   Other: 0.1ms
[73.020s][info][gc,heap        ] GC(333) Eden regions: 659->0(659)
[73.020s][info][gc,heap        ] GC(333) Survivor regions: 4->4(83)
[73.020s][info][gc,heap        ] GC(333) Old regions: 49->49
[73.020s][info][gc,heap        ] GC(333) Archive regions: 0->0
[73.020s][info][gc,heap        ] GC(333) Humongous regions: 0->0
[73.020s][info][gc,metaspace   ] GC(333) Metaspace: 74448K(75392K)->74448K(75392K) NonClass: 59110K(59392K)->59110K(59392K) Class: 15338K(16000K)->15338K(16000K)
[73.020s][info][gc             ] GC(333) Pause Young (Normal) (G1 Evacuation Pause) 697M->38M(1106M) 2.822ms
[73.020s][info][gc,cpu         ] GC(333) User=0.00s Sys=0.00s Real=0.00s
[73.188s][info][gc,start       ] GC(334) Pause Young (Normal) (G1 Evacuation Pause)
[73.189s][info][gc,task        ] GC(334) Using 33 workers of 33 for evacuation
[73.191s][info][gc,phases      ] GC(334)   Pre Evacuate Collection Set: 0.3ms
[73.191s][info][gc,phases      ] GC(334)   Merge Heap Roots: 0.2ms
[73.191s][info][gc,phases      ] GC(334)   Evacuate Collection Set: 1.2ms
[73.191s][info][gc,phases      ] GC(334)   Post Evacuate Collection Set: 0.8ms
[73.191s][info][gc,phases      ] GC(334)   Other: 0.1ms
[73.191s][info][gc,heap        ] GC(334) Eden regions: 659->0(659)
[73.191s][info][gc,heap        ] GC(334) Survivor regions: 4->4(83)
[73.191s][info][gc,heap        ] GC(334) Old regions: 49->49
[73.191s][info][gc,heap        ] GC(334) Archive regions: 0->0
[73.191s][info][gc,heap        ] GC(334) Humongous regions: 0->0
[73.191s][info][gc,metaspace   ] GC(334) Metaspace: 74448K(75392K)->74448K(75392K) NonClass: 59110K(59392K)->59110K(59392K) Class: 15338K(16000K)->15338K(16000K)
[73.191s][info][gc             ] GC(334) Pause Young (Normal) (G1 Evacuation Pause) 697M->38M(1106M) 2.831ms
[73.191s][info][gc,cpu         ] GC(334) User=0.00s Sys=0.00s Real=0.00s
[73.361s][info][gc,start       ] GC(335) Pause Young (Normal) (G1 Evacuation Pause)
[73.361s][info][gc,task        ] GC(335) Using 33 workers of 33 for evacuation
[73.363s][info][gc,phases      ] GC(335)   Pre Evacuate Collection Set: 0.2ms
[73.363s][info][gc,phases      ] GC(335)   Merge Heap Roots: 0.3ms
[73.363s][info][gc,phases      ] GC(335)   Evacuate Collection Set: 1.2ms
[73.363s][info][gc,phases      ] GC(335)   Post Evacuate Collection Set: 0.8ms
[73.363s][info][gc,phases      ] GC(335)   Other: 0.1ms
[73.363s][info][gc,heap        ] GC(335) Eden regions: 659->0(659)
[73.363s][info][gc,heap        ] GC(335) Survivor regions: 4->4(83)
[73.363s][info][gc,heap        ] GC(335) Old regions: 49->49
[73.363s][info][gc,heap        ] GC(335) Archive regions: 0->0
[73.363s][info][gc,heap        ] GC(335) Humongous regions: 0->0
[73.363s][info][gc,metaspace   ] GC(335) Metaspace: 74448K(75392K)->74448K(75392K) NonClass: 59110K(59392K)->59110K(59392K) Class: 15338K(16000K)->15338K(16000K)
[73.363s][info][gc             ] GC(335) Pause Young (Normal) (G1 Evacuation Pause) 697M->38M(1106M) 2.904ms
[73.363s][info][gc,cpu         ] GC(335) User=0.00s Sys=0.00s Real=0.00s
[73.532s][info][gc,start       ] GC(336) Pause Young (Normal) (G1 Evacuation Pause)
[73.532s][info][gc,task        ] GC(336) Using 33 workers of 33 for evacuation
[73.534s][info][gc,phases      ] GC(336)   Pre Evacuate Collection Set: 0.2ms
[73.534s][info][gc,phases      ] GC(336)   Merge Heap Roots: 0.3ms
[73.534s][info][gc,phases      ] GC(336)   Evacuate Collection Set: 1.2ms
[73.534s][info][gc,phases      ] GC(336)   Post Evacuate Collection Set: 0.8ms
[73.534s][info][gc,phases      ] GC(336)   Other: 0.1ms
[73.534s][info][gc,heap        ] GC(336) Eden regions: 659->0(659)
[73.534s][info][gc,heap        ] GC(336) Survivor regions: 4->4(83)
[73.534s][info][gc,heap        ] GC(336) Old regions: 49->49
[73.534s][info][gc,heap        ] GC(336) Archive regions: 0->0
[73.534s][info][gc,heap        ] GC(336) Humongous regions: 0->0
[73.534s][info][gc,metaspace   ] GC(336) Metaspace: 74448K(75392K)->74448K(75392K) NonClass: 59110K(59392K)->59110K(59392K) Class: 15338K(16000K)->15338K(16000K)
[73.534s][info][gc             ] GC(336) Pause Young (Normal) (G1 Evacuation Pause) 697M->38M(1106M) 2.892ms
[73.534s][info][gc,cpu         ] GC(336) User=0.00s Sys=0.00s Real=0.00s
[73.703s][info][gc,start       ] GC(337) Pause Young (Normal) (G1 Evacuation Pause)
[73.703s][info][gc,task        ] GC(337) Using 33 workers of 33 for evacuation
[73.705s][info][gc,phases      ] GC(337)   Pre Evacuate Collection Set: 0.3ms
[73.705s][info][gc,phases      ] GC(337)   Merge Heap Roots: 0.2ms
[73.705s][info][gc,phases      ] GC(337)   Evacuate Collection Set: 1.2ms
[73.705s][info][gc,phases      ] GC(337)   Post Evacuate Collection Set: 0.8ms
[73.705s][info][gc,phases      ] GC(337)   Other: 0.1ms
[73.705s][info][gc,heap        ] GC(337) Eden regions: 659->0(659)
[73.705s][info][gc,heap        ] GC(337) Survivor regions: 4->4(83)
[73.705s][info][gc,heap        ] GC(337) Old regions: 49->49
[73.705s][info][gc,heap        ] GC(337) Archive regions: 0->0
[73.705s][info][gc,heap        ] GC(337) Humongous regions: 0->0
[73.705s][info][gc,metaspace   ] GC(337) Metaspace: 74448K(75392K)->74448K(75392K) NonClass: 59110K(59392K)->59110K(59392K) Class: 15338K(16000K)->15338K(16000K)
[73.705s][info][gc             ] GC(337) Pause Young (Normal) (G1 Evacuation Pause) 697M->38M(1106M) 2.881ms
[73.705s][info][gc,cpu         ] GC(337) User=0.00s Sys=0.00s Real=0.00s
[73.874s][info][gc,start       ] GC(338) Pause Young (Normal) (G1 Evacuation Pause)
[73.874s][info][gc,task        ] GC(338) Using 33 workers of 33 for evacuation
[73.877s][info][gc,phases      ] GC(338)   Pre Evacuate Collection Set: 0.2ms
[73.877s][info][gc,phases      ] GC(338)   Merge Heap Roots: 0.2ms
[73.877s][info][gc,phases      ] GC(338)   Evacuate Collection Set: 1.2ms
[73.877s][info][gc,phases      ] GC(338)   Post Evacuate Collection Set: 0.8ms
[73.877s][info][gc,phases      ] GC(338)   Other: 0.1ms
[73.877s][info][gc,heap        ] GC(338) Eden regions: 659->0(659)
[73.877s][info][gc,heap        ] GC(338) Survivor regions: 4->4(83)
[73.877s][info][gc,heap        ] GC(338) Old regions: 49->49
[73.877s][info][gc,heap        ] GC(338) Archive regions: 0->0
[73.877s][info][gc,heap        ] GC(338) Humongous regions: 0->0
[73.877s][info][gc,metaspace   ] GC(338) Metaspace: 74448K(75392K)->74448K(75392K) NonClass: 59110K(59392K)->59110K(59392K) Class: 15338K(16000K)->15338K(16000K)
[73.877s][info][gc             ] GC(338) Pause Young (Normal) (G1 Evacuation Pause) 697M->38M(1106M) 2.817ms
[73.877s][info][gc,cpu         ] GC(338) User=0.00s Sys=0.00s Real=0.00s
[74.050s][info][gc,start       ] GC(339) Pause Young (Normal) (G1 Evacuation Pause)
[74.050s][info][gc,task        ] GC(339) Using 33 workers of 33 for evacuation
[74.053s][info][gc,phases      ] GC(339)   Pre Evacuate Collection Set: 0.2ms
[74.053s][info][gc,phases      ] GC(339)   Merge Heap Roots: 0.2ms
[74.053s][info][gc,phases      ] GC(339)   Evacuate Collection Set: 1.2ms
[74.053s][info][gc,phases      ] GC(339)   Post Evacuate Collection Set: 0.8ms
[74.053s][info][gc,phases      ] GC(339)   Other: 0.1ms
[74.053s][info][gc,heap        ] GC(339) Eden regions: 659->0(659)
[74.053s][info][gc,heap        ] GC(339) Survivor regions: 4->4(83)
[74.053s][info][gc,heap        ] GC(339) Old regions: 49->49
[74.053s][info][gc,heap        ] GC(339) Archive regions: 0->0
[74.053s][info][gc,heap        ] GC(339) Humongous regions: 0->0
[74.053s][info][gc,metaspace   ] GC(339) Metaspace: 74448K(75392K)->74448K(75392K) NonClass: 59110K(59392K)->59110K(59392K) Class: 15338K(16000K)->15338K(16000K)
[74.053s][info][gc             ] GC(339) Pause Young (Normal) (G1 Evacuation Pause) 697M->38M(1106M) 2.911ms
[74.053s][info][gc,cpu         ] GC(339) User=0.00s Sys=0.00s Real=0.00s
[74.220s][info][gc,start       ] GC(340) Pause Young (Normal) (G1 Evacuation Pause)
[74.220s][info][gc,task        ] GC(340) Using 33 workers of 33 for evacuation
[74.223s][info][gc,phases      ] GC(340)   Pre Evacuate Collection Set: 0.2ms
[74.223s][info][gc,phases      ] GC(340)   Merge Heap Roots: 0.3ms
[74.223s][info][gc,phases      ] GC(340)   Evacuate Collection Set: 1.2ms
[74.223s][info][gc,phases      ] GC(340)   Post Evacuate Collection Set: 0.8ms
[74.223s][info][gc,phases      ] GC(340)   Other: 0.1ms
[74.223s][info][gc,heap        ] GC(340) Eden regions: 659->0(659)
[74.223s][info][gc,heap        ] GC(340) Survivor regions: 4->4(83)
[74.223s][info][gc,heap        ] GC(340) Old regions: 49->49
[74.223s][info][gc,heap        ] GC(340) Archive regions: 0->0
[74.223s][info][gc,heap        ] GC(340) Humongous regions: 0->0
[74.223s][info][gc,metaspace   ] GC(340) Metaspace: 74448K(75392K)->74448K(75392K) NonClass: 59110K(59392K)->59110K(59392K) Class: 15338K(16000K)->15338K(16000K)
[74.223s][info][gc             ] GC(340) Pause Young (Normal) (G1 Evacuation Pause) 697M->38M(1106M) 2.891ms
[74.223s][info][gc,cpu         ] GC(340) User=0.00s Sys=0.00s Real=0.00s
[74.394s][info][gc,start       ] GC(341) Pause Young (Normal) (G1 Evacuation Pause)
[74.394s][info][gc,task        ] GC(341) Using 33 workers of 33 for evacuation
[74.397s][info][gc,phases      ] GC(341)   Pre Evacuate Collection Set: 0.3ms
[74.397s][info][gc,phases      ] GC(341)   Merge Heap Roots: 0.2ms
[74.397s][info][gc,phases      ] GC(341)   Evacuate Collection Set: 1.4ms
[74.397s][info][gc,phases      ] GC(341)   Post Evacuate Collection Set: 0.7ms
[74.397s][info][gc,phases      ] GC(341)   Other: 0.1ms
[74.397s][info][gc,heap        ] GC(341) Eden regions: 659->0(661)
[74.397s][info][gc,heap        ] GC(341) Survivor regions: 4->2(83)
[74.397s][info][gc,heap        ] GC(341) Old regions: 49->52
[74.397s][info][gc,heap        ] GC(341) Archive regions: 0->0
[74.397s][info][gc,heap        ] GC(341) Humongous regions: 0->0
[74.397s][info][gc,metaspace   ] GC(341) Metaspace: 74448K(75392K)->74448K(75392K) NonClass: 59110K(59392K)->59110K(59392K) Class: 15338K(16000K)->15338K(16000K)
[74.397s][info][gc             ] GC(341) Pause Young (Normal) (G1 Evacuation Pause) 697M->39M(1106M) 2.881ms
[74.397s][info][gc,cpu         ] GC(341) User=0.00s Sys=0.00s Real=0.00s
[74.582s][info][gc,start       ] GC(342) Pause Young (Normal) (G1 Evacuation Pause)
[74.582s][info][gc,task        ] GC(342) Using 33 workers of 33 for evacuation
[74.585s][info][gc,phases      ] GC(342)   Pre Evacuate Collection Set: 0.3ms
[74.585s][info][gc,phases      ] GC(342)   Merge Heap Roots: 0.3ms
[74.585s][info][gc,phases      ] GC(342)   Evacuate Collection Set: 0.9ms
[74.585s][info][gc,phases      ] GC(342)   Post Evacuate Collection Set: 0.6ms
[74.585s][info][gc,phases      ] GC(342)   Other: 0.1ms
[74.585s][info][gc,heap        ] GC(342) Eden regions: 661->0(661)
[74.585s][info][gc,heap        ] GC(342) Survivor regions: 2->2(83)
[74.585s][info][gc,heap        ] GC(342) Old regions: 52->52
[74.585s][info][gc,heap        ] GC(342) Archive regions: 0->0
[74.585s][info][gc,heap        ] GC(342) Humongous regions: 0->0
[74.585s][info][gc,metaspace   ] GC(342) Metaspace: 74448K(75392K)->74448K(75392K) NonClass: 59110K(59392K)->59110K(59392K) Class: 15338K(16000K)->15338K(16000K)
[74.585s][info][gc             ] GC(342) Pause Young (Normal) (G1 Evacuation Pause) 700M->39M(1106M) 2.464ms
[74.585s][info][gc,cpu         ] GC(342) User=0.00s Sys=0.00s Real=0.00s
[74.757s][info][gc,start       ] GC(343) Pause Young (Normal) (G1 Evacuation Pause)
[74.757s][info][gc,task        ] GC(343) Using 33 workers of 33 for evacuation
[74.759s][info][gc,phases      ] GC(343)   Pre Evacuate Collection Set: 0.3ms
[74.759s][info][gc,phases      ] GC(343)   Merge Heap Roots: 0.3ms
[74.760s][info][gc,phases      ] GC(343)   Evacuate Collection Set: 0.9ms
[74.760s][info][gc,phases      ] GC(343)   Post Evacuate Collection Set: 0.6ms
[74.760s][info][gc,phases      ] GC(343)   Other: 0.1ms
[74.760s][info][gc,heap        ] GC(343) Eden regions: 661->0(661)
[74.760s][info][gc,heap        ] GC(343) Survivor regions: 2->2(83)
[74.760s][info][gc,heap        ] GC(343) Old regions: 52->52
[74.760s][info][gc,heap        ] GC(343) Archive regions: 0->0
[74.760s][info][gc,heap        ] GC(343) Humongous regions: 0->0
[74.760s][info][gc,metaspace   ] GC(343) Metaspace: 74448K(75392K)->74448K(75392K) NonClass: 59110K(59392K)->59110K(59392K) Class: 15338K(16000K)->15338K(16000K)
[74.760s][info][gc             ] GC(343) Pause Young (Normal) (G1 Evacuation Pause) 700M->39M(1106M) 2.439ms
[74.760s][info][gc,cpu         ] GC(343) User=0.00s Sys=0.00s Real=0.00s
[74.931s][info][gc,start       ] GC(344) Pause Young (Normal) (G1 Evacuation Pause)
[74.931s][info][gc,task        ] GC(344) Using 33 workers of 33 for evacuation
[74.933s][info][gc,phases      ] GC(344)   Pre Evacuate Collection Set: 0.2ms
[74.933s][info][gc,phases      ] GC(344)   Merge Heap Roots: 0.3ms
[74.933s][info][gc,phases      ] GC(344)   Evacuate Collection Set: 0.9ms
[74.933s][info][gc,phases      ] GC(344)   Post Evacuate Collection Set: 0.6ms
[74.933s][info][gc,phases      ] GC(344)   Other: 0.1ms
[74.933s][info][gc,heap        ] GC(344) Eden regions: 661->0(661)
[74.933s][info][gc,heap        ] GC(344) Survivor regions: 2->2(83)
[74.933s][info][gc,heap        ] GC(344) Old regions: 52->52
[74.933s][info][gc,heap        ] GC(344) Archive regions: 0->0
[74.933s][info][gc,heap        ] GC(344) Humongous regions: 0->0
[74.933s][info][gc,metaspace   ] GC(344) Metaspace: 74450K(75392K)->74450K(75392K) NonClass: 59112K(59392K)->59112K(59392K) Class: 15338K(16000K)->15338K(16000K)
[74.933s][info][gc             ] GC(344) Pause Young (Normal) (G1 Evacuation Pause) 700M->39M(1106M) 2.373ms
[74.933s][info][gc,cpu         ] GC(344) User=0.00s Sys=0.00s Real=0.00s
[75.102s][info][gc,start       ] GC(345) Pause Young (Normal) (G1 Evacuation Pause)
[75.102s][info][gc,task        ] GC(345) Using 33 workers of 33 for evacuation
[75.104s][info][gc,phases      ] GC(345)   Pre Evacuate Collection Set: 0.2ms
[75.104s][info][gc,phases      ] GC(345)   Merge Heap Roots: 0.2ms
[75.104s][info][gc,phases      ] GC(345)   Evacuate Collection Set: 0.9ms
[75.104s][info][gc,phases      ] GC(345)   Post Evacuate Collection Set: 0.6ms
[75.104s][info][gc,phases      ] GC(345)   Other: 0.1ms
[75.104s][info][gc,heap        ] GC(345) Eden regions: 661->0(661)
[75.104s][info][gc,heap        ] GC(345) Survivor regions: 2->2(83)
[75.104s][info][gc,heap        ] GC(345) Old regions: 52->52
[75.104s][info][gc,heap        ] GC(345) Archive regions: 0->0
[75.104s][info][gc,heap        ] GC(345) Humongous regions: 0->0
[75.104s][info][gc,metaspace   ] GC(345) Metaspace: 74450K(75392K)->74450K(75392K) NonClass: 59112K(59392K)->59112K(59392K) Class: 15338K(16000K)->15338K(16000K)
[75.104s][info][gc             ] GC(345) Pause Young (Normal) (G1 Evacuation Pause) 700M->39M(1106M) 2.308ms
[75.104s][info][gc,cpu         ] GC(345) User=0.00s Sys=0.00s Real=0.00s
[75.272s][info][gc,start       ] GC(346) Pause Young (Normal) (G1 Evacuation Pause)
[75.272s][info][gc,task        ] GC(346) Using 33 workers of 33 for evacuation
[75.274s][info][gc,phases      ] GC(346)   Pre Evacuate Collection Set: 0.2ms
[75.274s][info][gc,phases      ] GC(346)   Merge Heap Roots: 0.2ms
[75.274s][info][gc,phases      ] GC(346)   Evacuate Collection Set: 0.9ms
[75.274s][info][gc,phases      ] GC(346)   Post Evacuate Collection Set: 0.6ms
[75.275s][info][gc,phases      ] GC(346)   Other: 0.1ms
[75.275s][info][gc,heap        ] GC(346) Eden regions: 661->0(661)
[75.275s][info][gc,heap        ] GC(346) Survivor regions: 2->2(83)
[75.275s][info][gc,heap        ] GC(346) Old regions: 52->52
[75.275s][info][gc,heap        ] GC(346) Archive regions: 0->0
[75.275s][info][gc,heap        ] GC(346) Humongous regions: 0->0
[75.275s][info][gc,metaspace   ] GC(346) Metaspace: 74450K(75392K)->74450K(75392K) NonClass: 59112K(59392K)->59112K(59392K) Class: 15338K(16000K)->15338K(16000K)
[75.275s][info][gc             ] GC(346) Pause Young (Normal) (G1 Evacuation Pause) 700M->39M(1106M) 2.335ms
[75.275s][info][gc,cpu         ] GC(346) User=0.00s Sys=0.00s Real=0.00s
[75.443s][info][gc,start       ] GC(347) Pause Young (Normal) (G1 Evacuation Pause)
[75.443s][info][gc,task        ] GC(347) Using 33 workers of 33 for evacuation
[75.445s][info][gc,phases      ] GC(347)   Pre Evacuate Collection Set: 0.2ms
[75.445s][info][gc,phases      ] GC(347)   Merge Heap Roots: 0.3ms
[75.445s][info][gc,phases      ] GC(347)   Evacuate Collection Set: 0.8ms
[75.445s][info][gc,phases      ] GC(347)   Post Evacuate Collection Set: 0.6ms
[75.445s][info][gc,phases      ] GC(347)   Other: 0.1ms
[75.445s][info][gc,heap        ] GC(347) Eden regions: 661->0(661)
[75.445s][info][gc,heap        ] GC(347) Survivor regions: 2->2(83)
[75.445s][info][gc,heap        ] GC(347) Old regions: 52->52
[75.445s][info][gc,heap        ] GC(347) Archive regions: 0->0
[75.445s][info][gc,heap        ] GC(347) Humongous regions: 0->0
[75.445s][info][gc,metaspace   ] GC(347) Metaspace: 74450K(75392K)->74450K(75392K) NonClass: 59112K(59392K)->59112K(59392K) Class: 15338K(16000K)->15338K(16000K)
[75.445s][info][gc             ] GC(347) Pause Young (Normal) (G1 Evacuation Pause) 700M->39M(1106M) 2.256ms
[75.446s][info][gc,cpu         ] GC(347) User=0.00s Sys=0.00s Real=0.00s
[75.615s][info][gc,start       ] GC(348) Pause Young (Normal) (G1 Evacuation Pause)
[75.615s][info][gc,task        ] GC(348) Using 33 workers of 33 for evacuation
[75.618s][info][gc,phases      ] GC(348)   Pre Evacuate Collection Set: 0.3ms
[75.618s][info][gc,phases      ] GC(348)   Merge Heap Roots: 0.3ms
[75.618s][info][gc,phases      ] GC(348)   Evacuate Collection Set: 0.9ms
[75.618s][info][gc,phases      ] GC(348)   Post Evacuate Collection Set: 0.6ms
[75.618s][info][gc,phases      ] GC(348)   Other: 0.1ms
[75.618s][info][gc,heap        ] GC(348) Eden regions: 661->0(661)
[75.618s][info][gc,heap        ] GC(348) Survivor regions: 2->2(83)
[75.618s][info][gc,heap        ] GC(348) Old regions: 52->52
[75.618s][info][gc,heap        ] GC(348) Archive regions: 0->0
[75.618s][info][gc,heap        ] GC(348) Humongous regions: 0->0
[75.618s][info][gc,metaspace   ] GC(348) Metaspace: 74450K(75392K)->74450K(75392K) NonClass: 59112K(59392K)->59112K(59392K) Class: 15338K(16000K)->15338K(16000K)
[75.618s][info][gc             ] GC(348) Pause Young (Normal) (G1 Evacuation Pause) 700M->39M(1106M) 2.421ms
[75.618s][info][gc,cpu         ] GC(348) User=0.00s Sys=0.00s Real=0.00s
[75.787s][info][gc,start       ] GC(349) Pause Young (Normal) (G1 Evacuation Pause)
[75.787s][info][gc,task        ] GC(349) Using 33 workers of 33 for evacuation
[75.790s][info][gc,phases      ] GC(349)   Pre Evacuate Collection Set: 0.3ms
[75.790s][info][gc,phases      ] GC(349)   Merge Heap Roots: 0.3ms
[75.790s][info][gc,phases      ] GC(349)   Evacuate Collection Set: 0.9ms
[75.790s][info][gc,phases      ] GC(349)   Post Evacuate Collection Set: 0.6ms
[75.790s][info][gc,phases      ] GC(349)   Other: 0.1ms
[75.790s][info][gc,heap        ] GC(349) Eden regions: 661->0(661)
[75.790s][info][gc,heap        ] GC(349) Survivor regions: 2->2(83)
[75.790s][info][gc,heap        ] GC(349) Old regions: 52->52
[75.790s][info][gc,heap        ] GC(349) Archive regions: 0->0
[75.790s][info][gc,heap        ] GC(349) Humongous regions: 0->0
[75.790s][info][gc,metaspace   ] GC(349) Metaspace: 74450K(75392K)->74450K(75392K) NonClass: 59112K(59392K)->59112K(59392K) Class: 15338K(16000K)->15338K(16000K)
[75.790s][info][gc             ] GC(349) Pause Young (Normal) (G1 Evacuation Pause) 700M->39M(1106M) 2.372ms
[75.790s][info][gc,cpu         ] GC(349) User=0.00s Sys=0.00s Real=0.00s
[75.961s][info][gc,start       ] GC(350) Pause Young (Normal) (G1 Evacuation Pause)
[75.961s][info][gc,task        ] GC(350) Using 33 workers of 33 for evacuation
[75.964s][info][gc,phases      ] GC(350)   Pre Evacuate Collection Set: 0.3ms
[75.964s][info][gc,phases      ] GC(350)   Merge Heap Roots: 0.3ms
[75.964s][info][gc,phases      ] GC(350)   Evacuate Collection Set: 0.9ms
[75.964s][info][gc,phases      ] GC(350)   Post Evacuate Collection Set: 0.6ms
[75.964s][info][gc,phases      ] GC(350)   Other: 0.1ms
[75.964s][info][gc,heap        ] GC(350) Eden regions: 661->0(661)
[75.964s][info][gc,heap        ] GC(350) Survivor regions: 2->2(83)
[75.964s][info][gc,heap        ] GC(350) Old regions: 52->52
[75.964s][info][gc,heap        ] GC(350) Archive regions: 0->0
[75.964s][info][gc,heap        ] GC(350) Humongous regions: 0->0
[75.964s][info][gc,metaspace   ] GC(350) Metaspace: 74450K(75392K)->74450K(75392K) NonClass: 59112K(59392K)->59112K(59392K) Class: 15338K(16000K)->15338K(16000K)
[75.964s][info][gc             ] GC(350) Pause Young (Normal) (G1 Evacuation Pause) 700M->39M(1106M) 2.486ms
[75.964s][info][gc,cpu         ] GC(350) User=0.02s Sys=0.00s Real=0.00s
[76.135s][info][gc,start       ] GC(351) Pause Young (Normal) (G1 Evacuation Pause)
[76.135s][info][gc,task        ] GC(351) Using 33 workers of 33 for evacuation
[76.137s][info][gc,phases      ] GC(351)   Pre Evacuate Collection Set: 0.3ms
[76.137s][info][gc,phases      ] GC(351)   Merge Heap Roots: 0.3ms
[76.137s][info][gc,phases      ] GC(351)   Evacuate Collection Set: 0.9ms
[76.137s][info][gc,phases      ] GC(351)   Post Evacuate Collection Set: 0.6ms
[76.137s][info][gc,phases      ] GC(351)   Other: 0.1ms
[76.137s][info][gc,heap        ] GC(351) Eden regions: 661->0(661)
[76.137s][info][gc,heap        ] GC(351) Survivor regions: 2->2(83)
[76.137s][info][gc,heap        ] GC(351) Old regions: 52->52
[76.137s][info][gc,heap        ] GC(351) Archive regions: 0->0
[76.138s][info][gc,heap        ] GC(351) Humongous regions: 0->0
[76.138s][info][gc,metaspace   ] GC(351) Metaspace: 74450K(75392K)->74450K(75392K) NonClass: 59112K(59392K)->59112K(59392K) Class: 15338K(16000K)->15338K(16000K)
[76.138s][info][gc             ] GC(351) Pause Young (Normal) (G1 Evacuation Pause) 700M->39M(1106M) 2.374ms
[76.138s][info][gc,cpu         ] GC(351) User=0.50s Sys=0.02s Real=0.00s
[76.307s][info][gc,start       ] GC(352) Pause Young (Normal) (G1 Evacuation Pause)
[76.307s][info][gc,task        ] GC(352) Using 33 workers of 33 for evacuation
[76.309s][info][gc,phases      ] GC(352)   Pre Evacuate Collection Set: 0.2ms
[76.309s][info][gc,phases      ] GC(352)   Merge Heap Roots: 0.3ms
[76.309s][info][gc,phases      ] GC(352)   Evacuate Collection Set: 0.9ms
[76.309s][info][gc,phases      ] GC(352)   Post Evacuate Collection Set: 0.6ms
[76.309s][info][gc,phases      ] GC(352)   Other: 0.1ms
[76.309s][info][gc,heap        ] GC(352) Eden regions: 661->0(661)
[76.309s][info][gc,heap        ] GC(352) Survivor regions: 2->2(83)
[76.309s][info][gc,heap        ] GC(352) Old regions: 52->52
[76.309s][info][gc,heap        ] GC(352) Archive regions: 0->0
[76.309s][info][gc,heap        ] GC(352) Humongous regions: 0->0
[76.309s][info][gc,metaspace   ] GC(352) Metaspace: 74450K(75392K)->74450K(75392K) NonClass: 59112K(59392K)->59112K(59392K) Class: 15338K(16000K)->15338K(16000K)
[76.309s][info][gc             ] GC(352) Pause Young (Normal) (G1 Evacuation Pause) 700M->39M(1106M) 2.417ms
[76.309s][info][gc,cpu         ] GC(352) User=0.52s Sys=0.00s Real=0.00s
[76.478s][info][gc,start       ] GC(353) Pause Young (Normal) (G1 Evacuation Pause)
[76.478s][info][gc,task        ] GC(353) Using 33 workers of 33 for evacuation
[76.480s][info][gc,phases      ] GC(353)   Pre Evacuate Collection Set: 0.2ms
[76.480s][info][gc,phases      ] GC(353)   Merge Heap Roots: 0.3ms
[76.480s][info][gc,phases      ] GC(353)   Evacuate Collection Set: 0.8ms
[76.480s][info][gc,phases      ] GC(353)   Post Evacuate Collection Set: 0.6ms
[76.480s][info][gc,phases      ] GC(353)   Other: 0.1ms
[76.480s][info][gc,heap        ] GC(353) Eden regions: 661->0(661)
[76.480s][info][gc,heap        ] GC(353) Survivor regions: 2->2(83)
[76.480s][info][gc,heap        ] GC(353) Old regions: 52->52
[76.480s][info][gc,heap        ] GC(353) Archive regions: 0->0
[76.480s][info][gc,heap        ] GC(353) Humongous regions: 0->0
[76.480s][info][gc,metaspace   ] GC(353) Metaspace: 74450K(75392K)->74450K(75392K) NonClass: 59112K(59392K)->59112K(59392K) Class: 15338K(16000K)->15338K(16000K)
[76.481s][info][gc             ] GC(353) Pause Young (Normal) (G1 Evacuation Pause) 700M->39M(1106M) 2.331ms
[76.481s][info][gc,cpu         ] GC(353) User=0.52s Sys=0.00s Real=0.00s
[76.650s][info][gc,start       ] GC(354) Pause Young (Normal) (G1 Evacuation Pause)
[76.650s][info][gc,task        ] GC(354) Using 33 workers of 33 for evacuation
[76.652s][info][gc,phases      ] GC(354)   Pre Evacuate Collection Set: 0.3ms
[76.652s][info][gc,phases      ] GC(354)   Merge Heap Roots: 0.3ms
[76.652s][info][gc,phases      ] GC(354)   Evacuate Collection Set: 0.9ms
[76.652s][info][gc,phases      ] GC(354)   Post Evacuate Collection Set: 0.6ms
[76.652s][info][gc,phases      ] GC(354)   Other: 0.1ms
[76.652s][info][gc,heap        ] GC(354) Eden regions: 661->0(661)
[76.652s][info][gc,heap        ] GC(354) Survivor regions: 2->2(83)
[76.652s][info][gc,heap        ] GC(354) Old regions: 52->52
[76.652s][info][gc,heap        ] GC(354) Archive regions: 0->0
[76.652s][info][gc,heap        ] GC(354) Humongous regions: 0->0
[76.652s][info][gc,metaspace   ] GC(354) Metaspace: 74450K(75392K)->74450K(75392K) NonClass: 59112K(59392K)->59112K(59392K) Class: 15338K(16000K)->15338K(16000K)
[76.652s][info][gc             ] GC(354) Pause Young (Normal) (G1 Evacuation Pause) 700M->39M(1106M) 2.386ms
[76.652s][info][gc,cpu         ] GC(354) User=0.52s Sys=0.00s Real=0.00s
[76.822s][info][gc,start       ] GC(355) Pause Young (Normal) (G1 Evacuation Pause)
[76.822s][info][gc,task        ] GC(355) Using 33 workers of 33 for evacuation
[76.824s][info][gc,phases      ] GC(355)   Pre Evacuate Collection Set: 0.2ms
[76.824s][info][gc,phases      ] GC(355)   Merge Heap Roots: 0.3ms
[76.824s][info][gc,phases      ] GC(355)   Evacuate Collection Set: 0.8ms
[76.824s][info][gc,phases      ] GC(355)   Post Evacuate Collection Set: 0.6ms
[76.824s][info][gc,phases      ] GC(355)   Other: 0.1ms
[76.824s][info][gc,heap        ] GC(355) Eden regions: 661->0(661)
[76.824s][info][gc,heap        ] GC(355) Survivor regions: 2->2(83)
[76.824s][info][gc,heap        ] GC(355) Old regions: 52->52
[76.824s][info][gc,heap        ] GC(355) Archive regions: 0->0
[76.824s][info][gc,heap        ] GC(355) Humongous regions: 0->0
[76.824s][info][gc,metaspace   ] GC(355) Metaspace: 74450K(75392K)->74450K(75392K) NonClass: 59112K(59392K)->59112K(59392K) Class: 15338K(16000K)->15338K(16000K)
[76.824s][info][gc             ] GC(355) Pause Young (Normal) (G1 Evacuation Pause) 700M->39M(1106M) 2.317ms
[76.824s][info][gc,cpu         ] GC(355) User=0.05s Sys=0.00s Real=0.00s
[76.995s][info][gc,start       ] GC(356) Pause Young (Normal) (G1 Evacuation Pause)
[76.995s][info][gc,task        ] GC(356) Using 33 workers of 33 for evacuation
[76.997s][info][gc,phases      ] GC(356)   Pre Evacuate Collection Set: 0.3ms
[76.997s][info][gc,phases      ] GC(356)   Merge Heap Roots: 0.3ms
[76.997s][info][gc,phases      ] GC(356)   Evacuate Collection Set: 0.9ms
[76.997s][info][gc,phases      ] GC(356)   Post Evacuate Collection Set: 0.7ms
[76.997s][info][gc,phases      ] GC(356)   Other: 0.1ms
[76.997s][info][gc,heap        ] GC(356) Eden regions: 661->0(661)
[76.997s][info][gc,heap        ] GC(356) Survivor regions: 2->2(83)
[76.997s][info][gc,heap        ] GC(356) Old regions: 52->52
[76.997s][info][gc,heap        ] GC(356) Archive regions: 0->0
[76.997s][info][gc,heap        ] GC(356) Humongous regions: 0->0
[76.997s][info][gc,metaspace   ] GC(356) Metaspace: 74462K(75392K)->74462K(75392K) NonClass: 59124K(59392K)->59124K(59392K) Class: 15338K(16000K)->15338K(16000K)
[76.997s][info][gc             ] GC(356) Pause Young (Normal) (G1 Evacuation Pause) 700M->39M(1106M) 2.437ms
[76.997s][info][gc,cpu         ] GC(356) User=0.52s Sys=0.00s Real=0.00s
[77.168s][info][gc,start       ] GC(357) Pause Young (Normal) (G1 Evacuation Pause)
[77.168s][info][gc,task        ] GC(357) Using 33 workers of 33 for evacuation
[77.170s][info][gc,phases      ] GC(357)   Pre Evacuate Collection Set: 0.2ms
[77.170s][info][gc,phases      ] GC(357)   Merge Heap Roots: 0.3ms
[77.170s][info][gc,phases      ] GC(357)   Evacuate Collection Set: 0.9ms
[77.170s][info][gc,phases      ] GC(357)   Post Evacuate Collection Set: 0.7ms
[77.170s][info][gc,phases      ] GC(357)   Other: 0.1ms
[77.170s][info][gc,heap        ] GC(357) Eden regions: 661->0(661)
[77.170s][info][gc,heap        ] GC(357) Survivor regions: 2->2(83)
[77.170s][info][gc,heap        ] GC(357) Old regions: 52->52
[77.170s][info][gc,heap        ] GC(357) Archive regions: 0->0
[77.171s][info][gc,heap        ] GC(357) Humongous regions: 0->0
[77.171s][info][gc,metaspace   ] GC(357) Metaspace: 74473K(75392K)->74473K(75392K) NonClass: 59135K(59392K)->59135K(59392K) Class: 15338K(16000K)->15338K(16000K)
[77.171s][info][gc             ] GC(357) Pause Young (Normal) (G1 Evacuation Pause) 700M->39M(1106M) 2.494ms
[77.171s][info][gc,cpu         ] GC(357) User=0.00s Sys=0.00s Real=0.00s
[77.348s][info][gc,start       ] GC(358) Pause Young (Normal) (G1 Evacuation Pause)
[77.348s][info][gc,task        ] GC(358) Using 33 workers of 33 for evacuation
[77.350s][info][gc,phases      ] GC(358)   Pre Evacuate Collection Set: 0.2ms
[77.350s][info][gc,phases      ] GC(358)   Merge Heap Roots: 0.2ms
[77.350s][info][gc,phases      ] GC(358)   Evacuate Collection Set: 0.9ms
[77.350s][info][gc,phases      ] GC(358)   Post Evacuate Collection Set: 0.7ms
[77.350s][info][gc,phases      ] GC(358)   Other: 0.1ms
[77.350s][info][gc,heap        ] GC(358) Eden regions: 661->0(661)
[77.350s][info][gc,heap        ] GC(358) Survivor regions: 2->2(83)
[77.350s][info][gc,heap        ] GC(358) Old regions: 52->52
[77.350s][info][gc,heap        ] GC(358) Archive regions: 0->0
[77.350s][info][gc,heap        ] GC(358) Humongous regions: 0->0
[77.350s][info][gc,metaspace   ] GC(358) Metaspace: 74473K(75392K)->74473K(75392K) NonClass: 59135K(59392K)->59135K(59392K) Class: 15338K(16000K)->15338K(16000K)
[77.350s][info][gc             ] GC(358) Pause Young (Normal) (G1 Evacuation Pause) 700M->39M(1106M) 2.380ms
[77.350s][info][gc,cpu         ] GC(358) User=0.00s Sys=0.00s Real=0.00s
[77.556s][info][gc,start       ] GC(359) Pause Young (Normal) (G1 Evacuation Pause)
[77.556s][info][gc,task        ] GC(359) Using 33 workers of 33 for evacuation
[77.558s][info][gc,phases      ] GC(359)   Pre Evacuate Collection Set: 0.2ms
[77.559s][info][gc,phases      ] GC(359)   Merge Heap Roots: 0.2ms
[77.559s][info][gc,phases      ] GC(359)   Evacuate Collection Set: 0.8ms
[77.559s][info][gc,phases      ] GC(359)   Post Evacuate Collection Set: 0.7ms
[77.559s][info][gc,phases      ] GC(359)   Other: 0.1ms
[77.559s][info][gc,heap        ] GC(359) Eden regions: 661->0(661)
[77.559s][info][gc,heap        ] GC(359) Survivor regions: 2->2(83)
[77.559s][info][gc,heap        ] GC(359) Old regions: 52->52
[77.559s][info][gc,heap        ] GC(359) Archive regions: 0->0
[77.559s][info][gc,heap        ] GC(359) Humongous regions: 0->0
[77.559s][info][gc,metaspace   ] GC(359) Metaspace: 74473K(75392K)->74473K(75392K) NonClass: 59135K(59392K)->59135K(59392K) Class: 15338K(16000K)->15338K(16000K)
[77.559s][info][gc             ] GC(359) Pause Young (Normal) (G1 Evacuation Pause) 700M->39M(1106M) 2.299ms
[77.559s][info][gc,cpu         ] GC(359) User=0.00s Sys=0.00s Real=0.00s
[77.824s][info][gc,start       ] GC(360) Pause Young (Normal) (G1 Evacuation Pause)
[77.824s][info][gc,task        ] GC(360) Using 31 workers of 33 for evacuation
[77.826s][info][gc,phases      ] GC(360)   Pre Evacuate Collection Set: 0.2ms
[77.826s][info][gc,phases      ] GC(360)   Merge Heap Roots: 0.2ms
[77.826s][info][gc,phases      ] GC(360)   Evacuate Collection Set: 0.9ms
[77.826s][info][gc,phases      ] GC(360)   Post Evacuate Collection Set: 0.7ms
[77.826s][info][gc,phases      ] GC(360)   Other: 0.1ms
[77.826s][info][gc,heap        ] GC(360) Eden regions: 661->0(661)
[77.826s][info][gc,heap        ] GC(360) Survivor regions: 2->2(83)
[77.826s][info][gc,heap        ] GC(360) Old regions: 52->52
[77.826s][info][gc,heap        ] GC(360) Archive regions: 0->0
[77.826s][info][gc,heap        ] GC(360) Humongous regions: 0->0
[77.826s][info][gc,metaspace   ] GC(360) Metaspace: 74473K(75392K)->74473K(75392K) NonClass: 59135K(59392K)->59135K(59392K) Class: 15338K(16000K)->15338K(16000K)
[77.826s][info][gc             ] GC(360) Pause Young (Normal) (G1 Evacuation Pause) 700M->39M(1106M) 2.375ms
[77.826s][info][gc,cpu         ] GC(360) User=0.00s Sys=0.00s Real=0.00s
[78.216s][info][gc,start       ] GC(361) Pause Young (Normal) (G1 Evacuation Pause)
[78.216s][info][gc,task        ] GC(361) Using 28 workers of 33 for evacuation
[78.218s][info][gc,phases      ] GC(361)   Pre Evacuate Collection Set: 0.2ms
[78.218s][info][gc,phases      ] GC(361)   Merge Heap Roots: 0.2ms
[78.218s][info][gc,phases      ] GC(361)   Evacuate Collection Set: 0.7ms
[78.218s][info][gc,phases      ] GC(361)   Post Evacuate Collection Set: 0.6ms
[78.218s][info][gc,phases      ] GC(361)   Other: 0.1ms
[78.218s][info][gc,heap        ] GC(361) Eden regions: 661->0(661)
[78.218s][info][gc,heap        ] GC(361) Survivor regions: 2->2(83)
[78.218s][info][gc,heap        ] GC(361) Old regions: 52->52
[78.218s][info][gc,heap        ] GC(361) Archive regions: 0->0
[78.218s][info][gc,heap        ] GC(361) Humongous regions: 0->0
[78.218s][info][gc,metaspace   ] GC(361) Metaspace: 74473K(75392K)->74473K(75392K) NonClass: 59135K(59392K)->59135K(59392K) Class: 15338K(16000K)->15338K(16000K)
[78.218s][info][gc             ] GC(361) Pause Young (Normal) (G1 Evacuation Pause) 700M->39M(1106M) 2.047ms
[78.218s][info][gc,cpu         ] GC(361) User=0.00s Sys=0.00s Real=0.00s
[78.637s][info][gc,start       ] GC(362) Pause Young (Normal) (G1 Evacuation Pause)
[78.637s][info][gc,task        ] GC(362) Using 27 workers of 33 for evacuation
[78.638s][info][gc,phases      ] GC(362)   Pre Evacuate Collection Set: 0.2ms
[78.638s][info][gc,phases      ] GC(362)   Merge Heap Roots: 0.2ms
[78.638s][info][gc,phases      ] GC(362)   Evacuate Collection Set: 0.6ms
[78.638s][info][gc,phases      ] GC(362)   Post Evacuate Collection Set: 0.6ms
[78.638s][info][gc,phases      ] GC(362)   Other: 0.1ms
[78.638s][info][gc,heap        ] GC(362) Eden regions: 661->0(661)
[78.638s][info][gc,heap        ] GC(362) Survivor regions: 2->2(83)
[78.638s][info][gc,heap        ] GC(362) Old regions: 52->52
[78.638s][info][gc,heap        ] GC(362) Archive regions: 0->0
[78.639s][info][gc,heap        ] GC(362) Humongous regions: 0->0
[78.639s][info][gc,metaspace   ] GC(362) Metaspace: 74473K(75392K)->74473K(75392K) NonClass: 59135K(59392K)->59135K(59392K) Class: 15338K(16000K)->15338K(16000K)
[78.639s][info][gc             ] GC(362) Pause Young (Normal) (G1 Evacuation Pause) 700M->39M(1106M) 1.917ms
[78.639s][info][gc,cpu         ] GC(362) User=0.02s Sys=0.00s Real=0.02s
[79.058s][info][gc,start       ] GC(363) Pause Young (Normal) (G1 Evacuation Pause)
[79.058s][info][gc,task        ] GC(363) Using 26 workers of 33 for evacuation
[79.060s][info][gc,phases      ] GC(363)   Pre Evacuate Collection Set: 0.2ms
[79.060s][info][gc,phases      ] GC(363)   Merge Heap Roots: 0.2ms
[79.060s][info][gc,phases      ] GC(363)   Evacuate Collection Set: 0.6ms
[79.060s][info][gc,phases      ] GC(363)   Post Evacuate Collection Set: 0.6ms
[79.060s][info][gc,phases      ] GC(363)   Other: 0.1ms
[79.060s][info][gc,heap        ] GC(363) Eden regions: 661->0(661)
[79.060s][info][gc,heap        ] GC(363) Survivor regions: 2->2(83)
[79.060s][info][gc,heap        ] GC(363) Old regions: 52->52
[79.060s][info][gc,heap        ] GC(363) Archive regions: 0->0
[79.060s][info][gc,heap        ] GC(363) Humongous regions: 0->0
[79.060s][info][gc,metaspace   ] GC(363) Metaspace: 74473K(75392K)->74473K(75392K) NonClass: 59135K(59392K)->59135K(59392K) Class: 15338K(16000K)->15338K(16000K)
[79.060s][info][gc             ] GC(363) Pause Young (Normal) (G1 Evacuation Pause) 700M->39M(1106M) 1.981ms
[79.060s][info][gc,cpu         ] GC(363) User=0.02s Sys=0.00s Real=0.02s
[79.335s][info][gc,start       ] GC(364) Pause Full (System.gc())
[79.335s][info][gc,task        ] GC(364) Using 26 workers of 33 for full compaction
[79.337s][info][gc,phases,start] GC(364) Phase 1: Mark live objects
[79.357s][info][gc,phases      ] GC(364) Phase 1: Mark live objects 20.136ms
[79.357s][info][gc,phases,start] GC(364) Phase 2: Prepare compaction
[79.360s][info][gc,phases      ] GC(364) Phase 2: Prepare compaction 2.960ms
[79.360s][info][gc,phases,start] GC(364) Phase 3: Adjust pointers
[79.370s][info][gc,phases      ] GC(364) Phase 3: Adjust pointers 10.075ms
[79.370s][info][gc,phases,start] GC(364) Phase 4: Compact heap
[79.371s][info][gc,phases      ] GC(364) Phase 4: Compact heap 0.745ms
[79.383s][info][gc,heap        ] GC(364) Eden regions: 390->0(96)
[79.383s][info][gc,heap        ] GC(364) Survivor regions: 2->0(83)
[79.383s][info][gc,heap        ] GC(364) Old regions: 52->48
[79.383s][info][gc,heap        ] GC(364) Archive regions: 0->0
[79.383s][info][gc,heap        ] GC(364) Humongous regions: 0->0
[79.383s][info][gc,metaspace   ] GC(364) Metaspace: 74474K(75392K)->74474K(75392K) NonClass: 59136K(59392K)->59136K(59392K) Class: 15338K(16000K)->15338K(16000K)
[79.383s][info][gc             ] GC(364) Pause Full (System.gc()) 429M->35M(160M) 48.342ms
[79.384s][info][gc,cpu         ] GC(364) User=0.44s Sys=0.00s Real=0.05s
[79.430s][info][gc,start       ] GC(365) Pause Young (Normal) (G1 Evacuation Pause)
[79.430s][info][gc,task        ] GC(365) Using 33 workers of 33 for evacuation
[79.433s][info][gc,phases      ] GC(365)   Pre Evacuate Collection Set: 0.2ms
[79.433s][info][gc,phases      ] GC(365)   Merge Heap Roots: 0.2ms
[79.433s][info][gc,phases      ] GC(365)   Evacuate Collection Set: 1.3ms
[79.433s][info][gc,phases      ] GC(365)   Post Evacuate Collection Set: 0.6ms
[79.433s][info][gc,phases      ] GC(365)   Other: 0.1ms
[79.433s][info][gc,heap        ] GC(365) Eden regions: 96->0(92)
[79.433s][info][gc,heap        ] GC(365) Survivor regions: 0->4(12)
[79.433s][info][gc,heap        ] GC(365) Old regions: 48->48
[79.433s][info][gc,heap        ] GC(365) Archive regions: 0->0
[79.433s][info][gc,heap        ] GC(365) Humongous regions: 0->0
[79.433s][info][gc,metaspace   ] GC(365) Metaspace: 74532K(75456K)->74532K(75456K) NonClass: 59193K(59456K)->59193K(59456K) Class: 15338K(16000K)->15338K(16000K)
[79.433s][info][gc             ] GC(365) Pause Young (Normal) (G1 Evacuation Pause) 131M->38M(160M) 2.647ms
[79.433s][info][gc,cpu         ] GC(365) User=0.02s Sys=0.00s Real=0.00s
[79.457s][info][gc,start       ] GC(366) Pause Young (Normal) (G1 Evacuation Pause)
[79.458s][info][gc,task        ] GC(366) Using 33 workers of 33 for evacuation
[79.460s][info][gc,phases      ] GC(366)   Pre Evacuate Collection Set: 0.2ms
[79.460s][info][gc,phases      ] GC(366)   Merge Heap Roots: 0.2ms
[79.460s][info][gc,phases      ] GC(366)   Evacuate Collection Set: 1.2ms
[79.460s][info][gc,phases      ] GC(366)   Post Evacuate Collection Set: 0.6ms
[79.460s][info][gc,phases      ] GC(366)   Other: 0.1ms
[79.460s][info][gc,heap        ] GC(366) Eden regions: 92->0(92)
[79.460s][info][gc,heap        ] GC(366) Survivor regions: 4->4(12)
[79.460s][info][gc,heap        ] GC(366) Old regions: 48->48
[79.460s][info][gc,heap        ] GC(366) Archive regions: 0->0
[79.460s][info][gc,heap        ] GC(366) Humongous regions: 0->0
[79.460s][info][gc,metaspace   ] GC(366) Metaspace: 74532K(75456K)->74532K(75456K) NonClass: 59193K(59456K)->59193K(59456K) Class: 15338K(16000K)->15338K(16000K)
[79.460s][info][gc             ] GC(366) Pause Young (Normal) (G1 Evacuation Pause) 130M->38M(160M) 2.463ms
[79.460s][info][gc,cpu         ] GC(366) User=0.00s Sys=0.00s Real=0.00s
[79.484s][info][gc,start       ] GC(367) Pause Young (Normal) (G1 Evacuation Pause)
[79.484s][info][gc,task        ] GC(367) Using 33 workers of 33 for evacuation
[79.487s][info][gc,phases      ] GC(367)   Pre Evacuate Collection Set: 0.2ms
[79.487s][info][gc,phases      ] GC(367)   Merge Heap Roots: 0.2ms
[79.487s][info][gc,phases      ] GC(367)   Evacuate Collection Set: 1.2ms
[79.487s][info][gc,phases      ] GC(367)   Post Evacuate Collection Set: 0.6ms
[79.487s][info][gc,phases      ] GC(367)   Other: 0.1ms
[79.487s][info][gc,heap        ] GC(367) Eden regions: 92->0(92)
[79.487s][info][gc,heap        ] GC(367) Survivor regions: 4->4(12)
[79.487s][info][gc,heap        ] GC(367) Old regions: 48->48
[79.487s][info][gc,heap        ] GC(367) Archive regions: 0->0
[79.487s][info][gc,heap        ] GC(367) Humongous regions: 0->0
[79.487s][info][gc,metaspace   ] GC(367) Metaspace: 74532K(75456K)->74532K(75456K) NonClass: 59193K(59456K)->59193K(59456K) Class: 15338K(16000K)->15338K(16000K)
[79.487s][info][gc             ] GC(367) Pause Young (Normal) (G1 Evacuation Pause) 130M->39M(160M) 2.468ms
[79.487s][info][gc,cpu         ] GC(367) User=0.00s Sys=0.00s Real=0.00s
[79.522s][info][gc,start       ] GC(368) Pause Young (Normal) (G1 Evacuation Pause)
[79.522s][info][gc,task        ] GC(368) Using 33 workers of 33 for evacuation
[79.529s][info][gc,phases      ] GC(368)   Pre Evacuate Collection Set: 0.2ms
[79.529s][info][gc,phases      ] GC(368)   Merge Heap Roots: 0.2ms
[79.529s][info][gc,phases      ] GC(368)   Evacuate Collection Set: 1.2ms
[79.529s][info][gc,phases      ] GC(368)   Post Evacuate Collection Set: 5.3ms
[79.529s][info][gc,phases      ] GC(368)   Other: 0.1ms
[79.529s][info][gc,heap        ] GC(368) Eden regions: 92->0(658)
[79.529s][info][gc,heap        ] GC(368) Survivor regions: 4->4(12)
[79.529s][info][gc,heap        ] GC(368) Old regions: 48->48
[79.529s][info][gc,heap        ] GC(368) Archive regions: 0->0
[79.529s][info][gc,heap        ] GC(368) Humongous regions: 0->0
[79.529s][info][gc,metaspace   ] GC(368) Metaspace: 74532K(75456K)->74532K(75456K) NonClass: 59193K(59456K)->59193K(59456K) Class: 15338K(16000K)->15338K(16000K)
[79.529s][info][gc             ] GC(368) Pause Young (Normal) (G1 Evacuation Pause) 131M->38M(1104M) 7.253ms
[79.529s][info][gc,cpu         ] GC(368) User=0.00s Sys=0.00s Real=0.00s
[79.736s][info][gc,start       ] GC(369) Pause Young (Normal) (G1 Evacuation Pause)
[79.736s][info][gc,task        ] GC(369) Using 33 workers of 33 for evacuation
[79.740s][info][gc,phases      ] GC(369)   Pre Evacuate Collection Set: 0.2ms
[79.740s][info][gc,phases      ] GC(369)   Merge Heap Roots: 0.3ms
[79.740s][info][gc,phases      ] GC(369)   Evacuate Collection Set: 2.5ms
[79.740s][info][gc,phases      ] GC(369)   Post Evacuate Collection Set: 0.8ms
[79.740s][info][gc,phases      ] GC(369)   Other: 0.1ms
[79.740s][info][gc,heap        ] GC(369) Eden regions: 658->0(658)
[79.740s][info][gc,heap        ] GC(369) Survivor regions: 4->4(83)
[79.740s][info][gc,heap        ] GC(369) Old regions: 48->48
[79.740s][info][gc,heap        ] GC(369) Archive regions: 0->0
[79.740s][info][gc,heap        ] GC(369) Humongous regions: 0->0
[79.740s][info][gc,metaspace   ] GC(369) Metaspace: 74532K(75456K)->74532K(75456K) NonClass: 59193K(59456K)->59193K(59456K) Class: 15338K(16000K)->15338K(16000K)
[79.740s][info][gc             ] GC(369) Pause Young (Normal) (G1 Evacuation Pause) 696M->39M(1104M) 4.195ms
[79.740s][info][gc,cpu         ] GC(369) User=0.00s Sys=0.00s Real=0.00s
[79.909s][info][gc,start       ] GC(370) Pause Young (Normal) (G1 Evacuation Pause)
[79.909s][info][gc,task        ] GC(370) Using 33 workers of 33 for evacuation
[79.913s][info][gc,phases      ] GC(370)   Pre Evacuate Collection Set: 0.3ms
[79.913s][info][gc,phases      ] GC(370)   Merge Heap Roots: 0.3ms
[79.913s][info][gc,phases      ] GC(370)   Evacuate Collection Set: 2.8ms
[79.913s][info][gc,phases      ] GC(370)   Post Evacuate Collection Set: 0.8ms
[79.913s][info][gc,phases      ] GC(370)   Other: 0.1ms
[79.913s][info][gc,heap        ] GC(370) Eden regions: 658->0(658)
[79.913s][info][gc,heap        ] GC(370) Survivor regions: 4->4(83)
[79.913s][info][gc,heap        ] GC(370) Old regions: 48->48
[79.913s][info][gc,heap        ] GC(370) Archive regions: 0->0
[79.913s][info][gc,heap        ] GC(370) Humongous regions: 0->0
[79.913s][info][gc,metaspace   ] GC(370) Metaspace: 74532K(75456K)->74532K(75456K) NonClass: 59193K(59456K)->59193K(59456K) Class: 15338K(16000K)->15338K(16000K)
[79.913s][info][gc             ] GC(370) Pause Young (Normal) (G1 Evacuation Pause) 697M->38M(1104M) 4.491ms
[79.913s][info][gc,cpu         ] GC(370) User=0.00s Sys=0.00s Real=0.00s
[80.081s][info][gc,start       ] GC(371) Pause Young (Normal) (G1 Evacuation Pause)
[80.081s][info][gc,task        ] GC(371) Using 33 workers of 33 for evacuation
[80.084s][info][gc,phases      ] GC(371)   Pre Evacuate Collection Set: 0.3ms
[80.084s][info][gc,phases      ] GC(371)   Merge Heap Roots: 0.3ms
[80.084s][info][gc,phases      ] GC(371)   Evacuate Collection Set: 1.2ms
[80.084s][info][gc,phases      ] GC(371)   Post Evacuate Collection Set: 0.8ms
[80.084s][info][gc,phases      ] GC(371)   Other: 0.1ms
[80.084s][info][gc,heap        ] GC(371) Eden regions: 658->0(658)
[80.084s][info][gc,heap        ] GC(371) Survivor regions: 4->4(83)
[80.084s][info][gc,heap        ] GC(371) Old regions: 48->48
[80.084s][info][gc,heap        ] GC(371) Archive regions: 0->0
[80.084s][info][gc,heap        ] GC(371) Humongous regions: 0->0
[80.084s][info][gc,metaspace   ] GC(371) Metaspace: 74532K(75456K)->74532K(75456K) NonClass: 59193K(59456K)->59193K(59456K) Class: 15338K(16000K)->15338K(16000K)
[80.084s][info][gc             ] GC(371) Pause Young (Normal) (G1 Evacuation Pause) 696M->38M(1104M) 2.833ms
[80.084s][info][gc,cpu         ] GC(371) User=0.00s Sys=0.00s Real=0.00s
[80.252s][info][gc,start       ] GC(372) Pause Young (Normal) (G1 Evacuation Pause)
[80.252s][info][gc,task        ] GC(372) Using 33 workers of 33 for evacuation
[80.254s][info][gc,phases      ] GC(372)   Pre Evacuate Collection Set: 0.3ms
[80.254s][info][gc,phases      ] GC(372)   Merge Heap Roots: 0.3ms
[80.254s][info][gc,phases      ] GC(372)   Evacuate Collection Set: 1.2ms
[80.254s][info][gc,phases      ] GC(372)   Post Evacuate Collection Set: 0.8ms
[80.254s][info][gc,phases      ] GC(372)   Other: 0.1ms
[80.254s][info][gc,heap        ] GC(372) Eden regions: 658->0(658)
[80.254s][info][gc,heap        ] GC(372) Survivor regions: 4->4(83)
[80.254s][info][gc,heap        ] GC(372) Old regions: 48->48
[80.254s][info][gc,heap        ] GC(372) Archive regions: 0->0
[80.254s][info][gc,heap        ] GC(372) Humongous regions: 0->0
[80.255s][info][gc,metaspace   ] GC(372) Metaspace: 74532K(75456K)->74532K(75456K) NonClass: 59193K(59456K)->59193K(59456K) Class: 15338K(16000K)->15338K(16000K)
[80.255s][info][gc             ] GC(372) Pause Young (Normal) (G1 Evacuation Pause) 696M->39M(1104M) 2.864ms
[80.255s][info][gc,cpu         ] GC(372) User=0.00s Sys=0.00s Real=0.00s
[80.425s][info][gc,start       ] GC(373) Pause Young (Normal) (G1 Evacuation Pause)
[80.425s][info][gc,task        ] GC(373) Using 33 workers of 33 for evacuation
[80.428s][info][gc,phases      ] GC(373)   Pre Evacuate Collection Set: 0.2ms
[80.428s][info][gc,phases      ] GC(373)   Merge Heap Roots: 0.3ms
[80.428s][info][gc,phases      ] GC(373)   Evacuate Collection Set: 1.2ms
[80.428s][info][gc,phases      ] GC(373)   Post Evacuate Collection Set: 0.8ms
[80.428s][info][gc,phases      ] GC(373)   Other: 0.1ms
[80.428s][info][gc,heap        ] GC(373) Eden regions: 658->0(658)
[80.428s][info][gc,heap        ] GC(373) Survivor regions: 4->4(83)
[80.428s][info][gc,heap        ] GC(373) Old regions: 48->48
[80.428s][info][gc,heap        ] GC(373) Archive regions: 0->0
[80.428s][info][gc,heap        ] GC(373) Humongous regions: 0->0
[80.428s][info][gc,metaspace   ] GC(373) Metaspace: 74532K(75456K)->74532K(75456K) NonClass: 59193K(59456K)->59193K(59456K) Class: 15338K(16000K)->15338K(16000K)
[80.428s][info][gc             ] GC(373) Pause Young (Normal) (G1 Evacuation Pause) 697M->38M(1104M) 2.899ms
[80.428s][info][gc,cpu         ] GC(373) User=0.00s Sys=0.00s Real=0.00s
[80.599s][info][gc,start       ] GC(374) Pause Young (Normal) (G1 Evacuation Pause)
[80.599s][info][gc,task        ] GC(374) Using 33 workers of 33 for evacuation
[80.602s][info][gc,phases      ] GC(374)   Pre Evacuate Collection Set: 0.2ms
[80.602s][info][gc,phases      ] GC(374)   Merge Heap Roots: 0.3ms
[80.602s][info][gc,phases      ] GC(374)   Evacuate Collection Set: 1.2ms
[80.602s][info][gc,phases      ] GC(374)   Post Evacuate Collection Set: 0.8ms
[80.602s][info][gc,phases      ] GC(374)   Other: 0.1ms
[80.602s][info][gc,heap        ] GC(374) Eden regions: 658->0(658)
[80.602s][info][gc,heap        ] GC(374) Survivor regions: 4->4(83)
[80.602s][info][gc,heap        ] GC(374) Old regions: 48->48
[80.602s][info][gc,heap        ] GC(374) Archive regions: 0->0
[80.602s][info][gc,heap        ] GC(374) Humongous regions: 0->0
[80.602s][info][gc,metaspace   ] GC(374) Metaspace: 74532K(75456K)->74532K(75456K) NonClass: 59193K(59456K)->59193K(59456K) Class: 15338K(16000K)->15338K(16000K)
[80.602s][info][gc             ] GC(374) Pause Young (Normal) (G1 Evacuation Pause) 696M->39M(1104M) 2.878ms
[80.602s][info][gc,cpu         ] GC(374) User=0.00s Sys=0.00s Real=0.00s
[80.771s][info][gc,start       ] GC(375) Pause Young (Normal) (G1 Evacuation Pause)
[80.771s][info][gc,task        ] GC(375) Using 33 workers of 33 for evacuation
[80.774s][info][gc,phases      ] GC(375)   Pre Evacuate Collection Set: 0.2ms
[80.774s][info][gc,phases      ] GC(375)   Merge Heap Roots: 0.3ms
[80.774s][info][gc,phases      ] GC(375)   Evacuate Collection Set: 1.2ms
[80.774s][info][gc,phases      ] GC(375)   Post Evacuate Collection Set: 0.8ms
[80.774s][info][gc,phases      ] GC(375)   Other: 0.1ms
[80.774s][info][gc,heap        ] GC(375) Eden regions: 658->0(658)
[80.774s][info][gc,heap        ] GC(375) Survivor regions: 4->4(83)
[80.774s][info][gc,heap        ] GC(375) Old regions: 48->48
[80.774s][info][gc,heap        ] GC(375) Archive regions: 0->0
[80.774s][info][gc,heap        ] GC(375) Humongous regions: 0->0
[80.774s][info][gc,metaspace   ] GC(375) Metaspace: 74532K(75456K)->74532K(75456K) NonClass: 59193K(59456K)->59193K(59456K) Class: 15338K(16000K)->15338K(16000K)
[80.774s][info][gc             ] GC(375) Pause Young (Normal) (G1 Evacuation Pause) 697M->39M(1104M) 2.833ms
[80.774s][info][gc,cpu         ] GC(375) User=0.00s Sys=0.00s Real=0.00s
[80.943s][info][gc,start       ] GC(376) Pause Young (Normal) (G1 Evacuation Pause)
[80.943s][info][gc,task        ] GC(376) Using 33 workers of 33 for evacuation
[80.945s][info][gc,phases      ] GC(376)   Pre Evacuate Collection Set: 0.2ms
[80.945s][info][gc,phases      ] GC(376)   Merge Heap Roots: 0.3ms
[80.945s][info][gc,phases      ] GC(376)   Evacuate Collection Set: 1.2ms
[80.945s][info][gc,phases      ] GC(376)   Post Evacuate Collection Set: 0.8ms
[80.945s][info][gc,phases      ] GC(376)   Other: 0.1ms
[80.945s][info][gc,heap        ] GC(376) Eden regions: 658->0(658)
[80.945s][info][gc,heap        ] GC(376) Survivor regions: 4->4(83)
[80.945s][info][gc,heap        ] GC(376) Old regions: 48->48
[80.945s][info][gc,heap        ] GC(376) Archive regions: 0->0
[80.945s][info][gc,heap        ] GC(376) Humongous regions: 0->0
[80.945s][info][gc,metaspace   ] GC(376) Metaspace: 74532K(75456K)->74532K(75456K) NonClass: 59193K(59456K)->59193K(59456K) Class: 15338K(16000K)->15338K(16000K)
[80.946s][info][gc             ] GC(376) Pause Young (Normal) (G1 Evacuation Pause) 697M->39M(1104M) 2.954ms
[80.946s][info][gc,cpu         ] GC(376) User=0.00s Sys=0.00s Real=0.00s
[81.113s][info][gc,start       ] GC(377) Pause Young (Normal) (G1 Evacuation Pause)
[81.114s][info][gc,task        ] GC(377) Using 33 workers of 33 for evacuation
[81.116s][info][gc,phases      ] GC(377)   Pre Evacuate Collection Set: 0.2ms
[81.116s][info][gc,phases      ] GC(377)   Merge Heap Roots: 0.3ms
[81.116s][info][gc,phases      ] GC(377)   Evacuate Collection Set: 1.3ms
[81.116s][info][gc,phases      ] GC(377)   Post Evacuate Collection Set: 0.8ms
[81.116s][info][gc,phases      ] GC(377)   Other: 0.1ms
[81.116s][info][gc,heap        ] GC(377) Eden regions: 658->0(658)
[81.116s][info][gc,heap        ] GC(377) Survivor regions: 4->4(83)
[81.116s][info][gc,heap        ] GC(377) Old regions: 48->48
[81.116s][info][gc,heap        ] GC(377) Archive regions: 0->0
[81.116s][info][gc,heap        ] GC(377) Humongous regions: 0->0
[81.116s][info][gc,metaspace   ] GC(377) Metaspace: 74532K(75456K)->74532K(75456K) NonClass: 59193K(59456K)->59193K(59456K) Class: 15338K(16000K)->15338K(16000K)
[81.116s][info][gc             ] GC(377) Pause Young (Normal) (G1 Evacuation Pause) 697M->38M(1104M) 2.917ms
[81.116s][info][gc,cpu         ] GC(377) User=0.00s Sys=0.00s Real=0.00s
[81.285s][info][gc,start       ] GC(378) Pause Young (Normal) (G1 Evacuation Pause)
[81.285s][info][gc,task        ] GC(378) Using 33 workers of 33 for evacuation
[81.287s][info][gc,phases      ] GC(378)   Pre Evacuate Collection Set: 0.2ms
[81.287s][info][gc,phases      ] GC(378)   Merge Heap Roots: 0.3ms
[81.287s][info][gc,phases      ] GC(378)   Evacuate Collection Set: 1.1ms
[81.287s][info][gc,phases      ] GC(378)   Post Evacuate Collection Set: 0.8ms
[81.287s][info][gc,phases      ] GC(378)   Other: 0.1ms
[81.287s][info][gc,heap        ] GC(378) Eden regions: 658->0(658)
[81.287s][info][gc,heap        ] GC(378) Survivor regions: 4->4(83)
[81.287s][info][gc,heap        ] GC(378) Old regions: 48->48
[81.287s][info][gc,heap        ] GC(378) Archive regions: 0->0
[81.287s][info][gc,heap        ] GC(378) Humongous regions: 0->0
[81.287s][info][gc,metaspace   ] GC(378) Metaspace: 74532K(75456K)->74532K(75456K) NonClass: 59193K(59456K)->59193K(59456K) Class: 15338K(16000K)->15338K(16000K)
[81.287s][info][gc             ] GC(378) Pause Young (Normal) (G1 Evacuation Pause) 696M->38M(1104M) 2.855ms
[81.287s][info][gc,cpu         ] GC(378) User=0.00s Sys=0.00s Real=0.00s
[81.456s][info][gc,start       ] GC(379) Pause Young (Normal) (G1 Evacuation Pause)
[81.456s][info][gc,task        ] GC(379) Using 33 workers of 33 for evacuation
[81.458s][info][gc,phases      ] GC(379)   Pre Evacuate Collection Set: 0.2ms
[81.458s][info][gc,phases      ] GC(379)   Merge Heap Roots: 0.3ms
[81.458s][info][gc,phases      ] GC(379)   Evacuate Collection Set: 1.2ms
[81.458s][info][gc,phases      ] GC(379)   Post Evacuate Collection Set: 0.8ms
[81.458s][info][gc,phases      ] GC(379)   Other: 0.1ms
[81.458s][info][gc,heap        ] GC(379) Eden regions: 658->0(658)
[81.458s][info][gc,heap        ] GC(379) Survivor regions: 4->4(83)
[81.459s][info][gc,heap        ] GC(379) Old regions: 48->48
[81.459s][info][gc,heap        ] GC(379) Archive regions: 0->0
[81.459s][info][gc,heap        ] GC(379) Humongous regions: 0->0
[81.459s][info][gc,metaspace   ] GC(379) Metaspace: 74532K(75456K)->74532K(75456K) NonClass: 59193K(59456K)->59193K(59456K) Class: 15338K(16000K)->15338K(16000K)
[81.459s][info][gc             ] GC(379) Pause Young (Normal) (G1 Evacuation Pause) 696M->39M(1104M) 2.839ms
[81.459s][info][gc,cpu         ] GC(379) User=0.00s Sys=0.00s Real=0.00s
[81.627s][info][gc,start       ] GC(380) Pause Young (Normal) (G1 Evacuation Pause)
[81.627s][info][gc,task        ] GC(380) Using 33 workers of 33 for evacuation
[81.629s][info][gc,phases      ] GC(380)   Pre Evacuate Collection Set: 0.2ms
[81.629s][info][gc,phases      ] GC(380)   Merge Heap Roots: 0.3ms
[81.629s][info][gc,phases      ] GC(380)   Evacuate Collection Set: 1.3ms
[81.629s][info][gc,phases      ] GC(380)   Post Evacuate Collection Set: 0.6ms
[81.629s][info][gc,phases      ] GC(380)   Other: 0.1ms
[81.629s][info][gc,heap        ] GC(380) Eden regions: 658->0(660)
[81.629s][info][gc,heap        ] GC(380) Survivor regions: 4->2(83)
[81.629s][info][gc,heap        ] GC(380) Old regions: 48->51
[81.629s][info][gc,heap        ] GC(380) Archive regions: 0->0
[81.629s][info][gc,heap        ] GC(380) Humongous regions: 0->0
[81.629s][info][gc,metaspace   ] GC(380) Metaspace: 74532K(75456K)->74532K(75456K) NonClass: 59193K(59456K)->59193K(59456K) Class: 15338K(16000K)->15338K(16000K)
[81.629s][info][gc             ] GC(380) Pause Young (Normal) (G1 Evacuation Pause) 697M->39M(1104M) 2.767ms
[81.630s][info][gc,cpu         ] GC(380) User=0.00s Sys=0.00s Real=0.00s
[81.798s][info][gc,start       ] GC(381) Pause Young (Normal) (G1 Evacuation Pause)
[81.808s][info][gc,task        ] GC(381) Using 33 workers of 33 for evacuation
[81.810s][info][gc,phases      ] GC(381)   Pre Evacuate Collection Set: 0.3ms
[81.810s][info][gc,phases      ] GC(381)   Merge Heap Roots: 0.3ms
[81.810s][info][gc,phases      ] GC(381)   Evacuate Collection Set: 0.9ms
[81.810s][info][gc,phases      ] GC(381)   Post Evacuate Collection Set: 0.7ms
[81.811s][info][gc,phases      ] GC(381)   Other: 0.1ms
[81.811s][info][gc,heap        ] GC(381) Eden regions: 660->0(660)
[81.811s][info][gc,heap        ] GC(381) Survivor regions: 2->2(83)
[81.811s][info][gc,heap        ] GC(381) Old regions: 51->51
[81.811s][info][gc,heap        ] GC(381) Archive regions: 0->0
[81.811s][info][gc,heap        ] GC(381) Humongous regions: 0->0
[81.811s][info][gc,metaspace   ] GC(381) Metaspace: 74532K(75456K)->74532K(75456K) NonClass: 59193K(59456K)->59193K(59456K) Class: 15338K(16000K)->15338K(16000K)
[81.811s][info][gc             ] GC(381) Pause Young (Normal) (G1 Evacuation Pause) 699M->39M(1104M) 12.567ms
[81.811s][info][gc,cpu         ] GC(381) User=0.00s Sys=0.00s Real=0.01s
[81.982s][info][gc,start       ] GC(382) Pause Young (Normal) (G1 Evacuation Pause)
[81.983s][info][gc,task        ] GC(382) Using 33 workers of 33 for evacuation
[81.985s][info][gc,phases      ] GC(382)   Pre Evacuate Collection Set: 0.2ms
[81.985s][info][gc,phases      ] GC(382)   Merge Heap Roots: 0.3ms
[81.985s][info][gc,phases      ] GC(382)   Evacuate Collection Set: 0.8ms
[81.985s][info][gc,phases      ] GC(382)   Post Evacuate Collection Set: 0.6ms
[81.985s][info][gc,phases      ] GC(382)   Other: 0.1ms
[81.985s][info][gc,heap        ] GC(382) Eden regions: 660->0(660)
[81.985s][info][gc,heap        ] GC(382) Survivor regions: 2->2(83)
[81.985s][info][gc,heap        ] GC(382) Old regions: 51->51
[81.985s][info][gc,heap        ] GC(382) Archive regions: 0->0
[81.985s][info][gc,heap        ] GC(382) Humongous regions: 0->0
[81.985s][info][gc,metaspace   ] GC(382) Metaspace: 74532K(75456K)->74532K(75456K) NonClass: 59193K(59456K)->59193K(59456K) Class: 15338K(16000K)->15338K(16000K)
[81.985s][info][gc             ] GC(382) Pause Young (Normal) (G1 Evacuation Pause) 699M->39M(1104M) 2.263ms
[81.985s][info][gc,cpu         ] GC(382) User=0.00s Sys=0.00s Real=0.00s
[82.154s][info][gc,start       ] GC(383) Pause Young (Normal) (G1 Evacuation Pause)
[82.154s][info][gc,task        ] GC(383) Using 33 workers of 33 for evacuation
[82.156s][info][gc,phases      ] GC(383)   Pre Evacuate Collection Set: 0.2ms
[82.156s][info][gc,phases      ] GC(383)   Merge Heap Roots: 0.3ms
[82.156s][info][gc,phases      ] GC(383)   Evacuate Collection Set: 0.8ms
[82.156s][info][gc,phases      ] GC(383)   Post Evacuate Collection Set: 0.6ms
[82.156s][info][gc,phases      ] GC(383)   Other: 0.1ms
[82.156s][info][gc,heap        ] GC(383) Eden regions: 660->0(660)
[82.156s][info][gc,heap        ] GC(383) Survivor regions: 2->2(83)
[82.156s][info][gc,heap        ] GC(383) Old regions: 51->51
[82.156s][info][gc,heap        ] GC(383) Archive regions: 0->0
[82.156s][info][gc,heap        ] GC(383) Humongous regions: 0->0
[82.156s][info][gc,metaspace   ] GC(383) Metaspace: 74532K(75456K)->74532K(75456K) NonClass: 59193K(59456K)->59193K(59456K) Class: 15338K(16000K)->15338K(16000K)
[82.156s][info][gc             ] GC(383) Pause Young (Normal) (G1 Evacuation Pause) 699M->39M(1104M) 2.309ms
[82.156s][info][gc,cpu         ] GC(383) User=0.00s Sys=0.00s Real=0.00s
[82.326s][info][gc,start       ] GC(384) Pause Young (Normal) (G1 Evacuation Pause)
[82.326s][info][gc,task        ] GC(384) Using 33 workers of 33 for evacuation
[82.328s][info][gc,phases      ] GC(384)   Pre Evacuate Collection Set: 0.3ms
[82.328s][info][gc,phases      ] GC(384)   Merge Heap Roots: 0.3ms
[82.328s][info][gc,phases      ] GC(384)   Evacuate Collection Set: 0.9ms
[82.328s][info][gc,phases      ] GC(384)   Post Evacuate Collection Set: 0.6ms
[82.328s][info][gc,phases      ] GC(384)   Other: 0.1ms
[82.328s][info][gc,heap        ] GC(384) Eden regions: 660->0(660)
[82.328s][info][gc,heap        ] GC(384) Survivor regions: 2->2(83)
[82.328s][info][gc,heap        ] GC(384) Old regions: 51->51
[82.328s][info][gc,heap        ] GC(384) Archive regions: 0->0
[82.328s][info][gc,heap        ] GC(384) Humongous regions: 0->0
[82.328s][info][gc,metaspace   ] GC(384) Metaspace: 74536K(75456K)->74536K(75456K) NonClass: 59198K(59456K)->59198K(59456K) Class: 15338K(16000K)->15338K(16000K)
[82.328s][info][gc             ] GC(384) Pause Young (Normal) (G1 Evacuation Pause) 699M->39M(1104M) 2.345ms
[82.328s][info][gc,cpu         ] GC(384) User=0.00s Sys=0.00s Real=0.00s
[82.500s][info][gc,start       ] GC(385) Pause Young (Normal) (G1 Evacuation Pause)
[82.500s][info][gc,task        ] GC(385) Using 33 workers of 33 for evacuation
[82.502s][info][gc,phases      ] GC(385)   Pre Evacuate Collection Set: 0.2ms
[82.502s][info][gc,phases      ] GC(385)   Merge Heap Roots: 0.3ms
[82.502s][info][gc,phases      ] GC(385)   Evacuate Collection Set: 0.8ms
[82.502s][info][gc,phases      ] GC(385)   Post Evacuate Collection Set: 0.6ms
[82.502s][info][gc,phases      ] GC(385)   Other: 0.1ms
[82.502s][info][gc,heap        ] GC(385) Eden regions: 660->0(660)
[82.502s][info][gc,heap        ] GC(385) Survivor regions: 2->2(83)
[82.502s][info][gc,heap        ] GC(385) Old regions: 51->51
[82.502s][info][gc,heap        ] GC(385) Archive regions: 0->0
[82.502s][info][gc,heap        ] GC(385) Humongous regions: 0->0
[82.502s][info][gc,metaspace   ] GC(385) Metaspace: 74536K(75456K)->74536K(75456K) NonClass: 59198K(59456K)->59198K(59456K) Class: 15338K(16000K)->15338K(16000K)
[82.502s][info][gc             ] GC(385) Pause Young (Normal) (G1 Evacuation Pause) 699M->39M(1104M) 2.277ms
[82.502s][info][gc,cpu         ] GC(385) User=0.00s Sys=0.00s Real=0.00s
[82.673s][info][gc,start       ] GC(386) Pause Young (Normal) (G1 Evacuation Pause)
[82.673s][info][gc,task        ] GC(386) Using 33 workers of 33 for evacuation
[82.675s][info][gc,phases      ] GC(386)   Pre Evacuate Collection Set: 0.3ms
[82.675s][info][gc,phases      ] GC(386)   Merge Heap Roots: 0.3ms
[82.675s][info][gc,phases      ] GC(386)   Evacuate Collection Set: 0.9ms
[82.675s][info][gc,phases      ] GC(386)   Post Evacuate Collection Set: 0.6ms
[82.675s][info][gc,phases      ] GC(386)   Other: 0.1ms
[82.675s][info][gc,heap        ] GC(386) Eden regions: 660->0(660)
[82.675s][info][gc,heap        ] GC(386) Survivor regions: 2->2(83)
[82.675s][info][gc,heap        ] GC(386) Old regions: 51->51
[82.675s][info][gc,heap        ] GC(386) Archive regions: 0->0
[82.675s][info][gc,heap        ] GC(386) Humongous regions: 0->0
[82.676s][info][gc,metaspace   ] GC(386) Metaspace: 74536K(75456K)->74536K(75456K) NonClass: 59198K(59456K)->59198K(59456K) Class: 15338K(16000K)->15338K(16000K)
[82.676s][info][gc             ] GC(386) Pause Young (Normal) (G1 Evacuation Pause) 699M->39M(1104M) 2.349ms
[82.676s][info][gc,cpu         ] GC(386) User=0.00s Sys=0.00s Real=0.00s
[82.846s][info][gc,start       ] GC(387) Pause Young (Normal) (G1 Evacuation Pause)
[82.846s][info][gc,task        ] GC(387) Using 33 workers of 33 for evacuation
[82.848s][info][gc,phases      ] GC(387)   Pre Evacuate Collection Set: 0.2ms
[82.848s][info][gc,phases      ] GC(387)   Merge Heap Roots: 0.3ms
[82.848s][info][gc,phases      ] GC(387)   Evacuate Collection Set: 0.9ms
[82.848s][info][gc,phases      ] GC(387)   Post Evacuate Collection Set: 0.6ms
[82.848s][info][gc,phases      ] GC(387)   Other: 0.1ms
[82.848s][info][gc,heap        ] GC(387) Eden regions: 660->0(660)
[82.848s][info][gc,heap        ] GC(387) Survivor regions: 2->2(83)
[82.848s][info][gc,heap        ] GC(387) Old regions: 51->51
[82.848s][info][gc,heap        ] GC(387) Archive regions: 0->0
[82.848s][info][gc,heap        ] GC(387) Humongous regions: 0->0
[82.848s][info][gc,metaspace   ] GC(387) Metaspace: 74536K(75456K)->74536K(75456K) NonClass: 59198K(59456K)->59198K(59456K) Class: 15338K(16000K)->15338K(16000K)
[82.848s][info][gc             ] GC(387) Pause Young (Normal) (G1 Evacuation Pause) 699M->39M(1104M) 2.325ms
[82.848s][info][gc,cpu         ] GC(387) User=0.00s Sys=0.00s Real=0.00s
[83.017s][info][gc,start       ] GC(388) Pause Young (Normal) (G1 Evacuation Pause)
[83.017s][info][gc,task        ] GC(388) Using 33 workers of 33 for evacuation
[83.019s][info][gc,phases      ] GC(388)   Pre Evacuate Collection Set: 0.2ms
[83.019s][info][gc,phases      ] GC(388)   Merge Heap Roots: 0.3ms
[83.019s][info][gc,phases      ] GC(388)   Evacuate Collection Set: 0.9ms
[83.019s][info][gc,phases      ] GC(388)   Post Evacuate Collection Set: 0.6ms
[83.019s][info][gc,phases      ] GC(388)   Other: 0.1ms
[83.019s][info][gc,heap        ] GC(388) Eden regions: 660->0(660)
[83.019s][info][gc,heap        ] GC(388) Survivor regions: 2->2(83)
[83.019s][info][gc,heap        ] GC(388) Old regions: 51->51
[83.019s][info][gc,heap        ] GC(388) Archive regions: 0->0
[83.019s][info][gc,heap        ] GC(388) Humongous regions: 0->0
[83.019s][info][gc,metaspace   ] GC(388) Metaspace: 74536K(75456K)->74536K(75456K) NonClass: 59198K(59456K)->59198K(59456K) Class: 15338K(16000K)->15338K(16000K)
[83.019s][info][gc             ] GC(388) Pause Young (Normal) (G1 Evacuation Pause) 699M->39M(1104M) 2.350ms
[83.019s][info][gc,cpu         ] GC(388) User=0.00s Sys=0.00s Real=0.00s
[83.188s][info][gc,start       ] GC(389) Pause Young (Normal) (G1 Evacuation Pause)
[83.189s][info][gc,task        ] GC(389) Using 33 workers of 33 for evacuation
[83.191s][info][gc,phases      ] GC(389)   Pre Evacuate Collection Set: 0.2ms
[83.191s][info][gc,phases      ] GC(389)   Merge Heap Roots: 0.2ms
[83.191s][info][gc,phases      ] GC(389)   Evacuate Collection Set: 0.9ms
[83.191s][info][gc,phases      ] GC(389)   Post Evacuate Collection Set: 0.6ms
[83.191s][info][gc,phases      ] GC(389)   Other: 0.1ms
[83.191s][info][gc,heap        ] GC(389) Eden regions: 660->0(660)
[83.191s][info][gc,heap        ] GC(389) Survivor regions: 2->2(83)
[83.191s][info][gc,heap        ] GC(389) Old regions: 51->51
[83.191s][info][gc,heap        ] GC(389) Archive regions: 0->0
[83.191s][info][gc,heap        ] GC(389) Humongous regions: 0->0
[83.191s][info][gc,metaspace   ] GC(389) Metaspace: 74536K(75456K)->74536K(75456K) NonClass: 59198K(59456K)->59198K(59456K) Class: 15338K(16000K)->15338K(16000K)
[83.191s][info][gc             ] GC(389) Pause Young (Normal) (G1 Evacuation Pause) 699M->39M(1104M) 2.814ms
[83.191s][info][gc,cpu         ] GC(389) User=0.00s Sys=0.00s Real=0.00s
[83.359s][info][gc,start       ] GC(390) Pause Young (Normal) (G1 Evacuation Pause)
[83.360s][info][gc,task        ] GC(390) Using 33 workers of 33 for evacuation
[83.362s][info][gc,phases      ] GC(390)   Pre Evacuate Collection Set: 0.2ms
[83.362s][info][gc,phases      ] GC(390)   Merge Heap Roots: 0.3ms
[83.362s][info][gc,phases      ] GC(390)   Evacuate Collection Set: 0.8ms
[83.362s][info][gc,phases      ] GC(390)   Post Evacuate Collection Set: 0.6ms
[83.362s][info][gc,phases      ] GC(390)   Other: 0.1ms
[83.362s][info][gc,heap        ] GC(390) Eden regions: 660->0(660)
[83.362s][info][gc,heap        ] GC(390) Survivor regions: 2->2(83)
[83.362s][info][gc,heap        ] GC(390) Old regions: 51->51
[83.362s][info][gc,heap        ] GC(390) Archive regions: 0->0
[83.362s][info][gc,heap        ] GC(390) Humongous regions: 0->0
[83.362s][info][gc,metaspace   ] GC(390) Metaspace: 74536K(75456K)->74536K(75456K) NonClass: 59198K(59456K)->59198K(59456K) Class: 15338K(16000K)->15338K(16000K)
[83.362s][info][gc             ] GC(390) Pause Young (Normal) (G1 Evacuation Pause) 699M->39M(1104M) 2.271ms
[83.362s][info][gc,cpu         ] GC(390) User=0.00s Sys=0.00s Real=0.00s
[83.530s][info][gc,start       ] GC(391) Pause Young (Normal) (G1 Evacuation Pause)
[83.530s][info][gc,task        ] GC(391) Using 33 workers of 33 for evacuation
[83.532s][info][gc,phases      ] GC(391)   Pre Evacuate Collection Set: 0.2ms
[83.532s][info][gc,phases      ] GC(391)   Merge Heap Roots: 0.2ms
[83.532s][info][gc,phases      ] GC(391)   Evacuate Collection Set: 0.8ms
[83.532s][info][gc,phases      ] GC(391)   Post Evacuate Collection Set: 0.6ms
[83.532s][info][gc,phases      ] GC(391)   Other: 0.1ms
[83.533s][info][gc,heap        ] GC(391) Eden regions: 660->0(660)
[83.533s][info][gc,heap        ] GC(391) Survivor regions: 2->2(83)
[83.533s][info][gc,heap        ] GC(391) Old regions: 51->51
[83.533s][info][gc,heap        ] GC(391) Archive regions: 0->0
[83.533s][info][gc,heap        ] GC(391) Humongous regions: 0->0
[83.533s][info][gc,metaspace   ] GC(391) Metaspace: 74536K(75456K)->74536K(75456K) NonClass: 59198K(59456K)->59198K(59456K) Class: 15338K(16000K)->15338K(16000K)
[83.533s][info][gc             ] GC(391) Pause Young (Normal) (G1 Evacuation Pause) 699M->39M(1104M) 2.284ms
[83.533s][info][gc,cpu         ] GC(391) User=0.00s Sys=0.00s Real=0.00s
[83.701s][info][gc,start       ] GC(392) Pause Young (Normal) (G1 Evacuation Pause)
[83.701s][info][gc,task        ] GC(392) Using 33 workers of 33 for evacuation
[83.704s][info][gc,phases      ] GC(392)   Pre Evacuate Collection Set: 0.2ms
[83.704s][info][gc,phases      ] GC(392)   Merge Heap Roots: 0.3ms
[83.704s][info][gc,phases      ] GC(392)   Evacuate Collection Set: 0.8ms
[83.704s][info][gc,phases      ] GC(392)   Post Evacuate Collection Set: 0.6ms
[83.704s][info][gc,phases      ] GC(392)   Other: 0.1ms
[83.704s][info][gc,heap        ] GC(392) Eden regions: 660->0(660)
[83.704s][info][gc,heap        ] GC(392) Survivor regions: 2->2(83)
[83.704s][info][gc,heap        ] GC(392) Old regions: 51->51
[83.704s][info][gc,heap        ] GC(392) Archive regions: 0->0
[83.704s][info][gc,heap        ] GC(392) Humongous regions: 0->0
[83.704s][info][gc,metaspace   ] GC(392) Metaspace: 74536K(75456K)->74536K(75456K) NonClass: 59198K(59456K)->59198K(59456K) Class: 15338K(16000K)->15338K(16000K)
[83.704s][info][gc             ] GC(392) Pause Young (Normal) (G1 Evacuation Pause) 699M->39M(1104M) 2.305ms
[83.704s][info][gc,cpu         ] GC(392) User=0.00s Sys=0.00s Real=0.00s
[83.872s][info][gc,start       ] GC(393) Pause Young (Normal) (G1 Evacuation Pause)
[83.872s][info][gc,task        ] GC(393) Using 33 workers of 33 for evacuation
[83.874s][info][gc,phases      ] GC(393)   Pre Evacuate Collection Set: 0.3ms
[83.874s][info][gc,phases      ] GC(393)   Merge Heap Roots: 0.3ms
[83.874s][info][gc,phases      ] GC(393)   Evacuate Collection Set: 0.8ms
[83.874s][info][gc,phases      ] GC(393)   Post Evacuate Collection Set: 0.6ms
[83.875s][info][gc,phases      ] GC(393)   Other: 0.1ms
[83.875s][info][gc,heap        ] GC(393) Eden regions: 660->0(660)
[83.875s][info][gc,heap        ] GC(393) Survivor regions: 2->2(83)
[83.875s][info][gc,heap        ] GC(393) Old regions: 51->51
[83.875s][info][gc,heap        ] GC(393) Archive regions: 0->0
[83.875s][info][gc,heap        ] GC(393) Humongous regions: 0->0
[83.875s][info][gc,metaspace   ] GC(393) Metaspace: 74536K(75456K)->74536K(75456K) NonClass: 59198K(59456K)->59198K(59456K) Class: 15338K(16000K)->15338K(16000K)
[83.875s][info][gc             ] GC(393) Pause Young (Normal) (G1 Evacuation Pause) 699M->39M(1104M) 2.271ms
[83.875s][info][gc,cpu         ] GC(393) User=0.00s Sys=0.00s Real=0.00s
[84.043s][info][gc,start       ] GC(394) Pause Young (Normal) (G1 Evacuation Pause)
[84.044s][info][gc,task        ] GC(394) Using 33 workers of 33 for evacuation
[84.046s][info][gc,phases      ] GC(394)   Pre Evacuate Collection Set: 0.2ms
[84.046s][info][gc,phases      ] GC(394)   Merge Heap Roots: 0.3ms
[84.046s][info][gc,phases      ] GC(394)   Evacuate Collection Set: 0.9ms
[84.046s][info][gc,phases      ] GC(394)   Post Evacuate Collection Set: 0.7ms
[84.046s][info][gc,phases      ] GC(394)   Other: 0.1ms
[84.046s][info][gc,heap        ] GC(394) Eden regions: 660->0(660)
[84.046s][info][gc,heap        ] GC(394) Survivor regions: 2->2(83)
[84.046s][info][gc,heap        ] GC(394) Old regions: 51->51
[84.046s][info][gc,heap        ] GC(394) Archive regions: 0->0
[84.046s][info][gc,heap        ] GC(394) Humongous regions: 0->0
[84.046s][info][gc,metaspace   ] GC(394) Metaspace: 74536K(75456K)->74536K(75456K) NonClass: 59198K(59456K)->59198K(59456K) Class: 15338K(16000K)->15338K(16000K)
[84.046s][info][gc             ] GC(394) Pause Young (Normal) (G1 Evacuation Pause) 699M->39M(1104M) 2.458ms
[84.046s][info][gc,cpu         ] GC(394) User=0.00s Sys=0.00s Real=0.00s
[84.216s][info][gc,start       ] GC(395) Pause Young (Normal) (G1 Evacuation Pause)
[84.216s][info][gc,task        ] GC(395) Using 33 workers of 33 for evacuation
[84.218s][info][gc,phases      ] GC(395)   Pre Evacuate Collection Set: 0.2ms
[84.218s][info][gc,phases      ] GC(395)   Merge Heap Roots: 0.3ms
[84.218s][info][gc,phases      ] GC(395)   Evacuate Collection Set: 0.8ms
[84.218s][info][gc,phases      ] GC(395)   Post Evacuate Collection Set: 0.7ms
[84.218s][info][gc,phases      ] GC(395)   Other: 0.1ms
[84.218s][info][gc,heap        ] GC(395) Eden regions: 660->0(660)
[84.218s][info][gc,heap        ] GC(395) Survivor regions: 2->2(83)
[84.218s][info][gc,heap        ] GC(395) Old regions: 51->51
[84.218s][info][gc,heap        ] GC(395) Archive regions: 0->0
[84.218s][info][gc,heap        ] GC(395) Humongous regions: 0->0
[84.218s][info][gc,metaspace   ] GC(395) Metaspace: 74536K(75456K)->74536K(75456K) NonClass: 59198K(59456K)->59198K(59456K) Class: 15338K(16000K)->15338K(16000K)
[84.218s][info][gc             ] GC(395) Pause Young (Normal) (G1 Evacuation Pause) 699M->39M(1104M) 2.320ms
[84.218s][info][gc,cpu         ] GC(395) User=0.00s Sys=0.00s Real=0.00s
[84.389s][info][gc,start       ] GC(396) Pause Young (Normal) (G1 Evacuation Pause)
[84.389s][info][gc,task        ] GC(396) Using 33 workers of 33 for evacuation
[84.391s][info][gc,phases      ] GC(396)   Pre Evacuate Collection Set: 0.3ms
[84.391s][info][gc,phases      ] GC(396)   Merge Heap Roots: 0.3ms
[84.391s][info][gc,phases      ] GC(396)   Evacuate Collection Set: 0.8ms
[84.391s][info][gc,phases      ] GC(396)   Post Evacuate Collection Set: 0.7ms
[84.391s][info][gc,phases      ] GC(396)   Other: 0.1ms
[84.391s][info][gc,heap        ] GC(396) Eden regions: 660->0(660)
[84.391s][info][gc,heap        ] GC(396) Survivor regions: 2->2(83)
[84.391s][info][gc,heap        ] GC(396) Old regions: 51->51
[84.391s][info][gc,heap        ] GC(396) Archive regions: 0->0
[84.391s][info][gc,heap        ] GC(396) Humongous regions: 0->0
[84.391s][info][gc,metaspace   ] GC(396) Metaspace: 74538K(75456K)->74538K(75456K) NonClass: 59200K(59456K)->59200K(59456K) Class: 15338K(16000K)->15338K(16000K)
[84.391s][info][gc             ] GC(396) Pause Young (Normal) (G1 Evacuation Pause) 699M->39M(1104M) 2.377ms
[84.391s][info][gc,cpu         ] GC(396) User=0.00s Sys=0.00s Real=0.00s
[84.566s][info][gc,start       ] GC(397) Pause Young (Normal) (G1 Evacuation Pause)
[84.607s][info][gc,task        ] GC(397) Using 33 workers of 33 for evacuation
[84.610s][info][gc,phases      ] GC(397)   Pre Evacuate Collection Set: 0.3ms
[84.610s][info][gc,phases      ] GC(397)   Merge Heap Roots: 0.4ms
[84.610s][info][gc,phases      ] GC(397)   Evacuate Collection Set: 1.5ms
[84.610s][info][gc,phases      ] GC(397)   Post Evacuate Collection Set: 1.1ms
[84.610s][info][gc,phases      ] GC(397)   Other: 0.2ms
[84.611s][info][gc,heap        ] GC(397) Eden regions: 660->0(660)
[84.611s][info][gc,heap        ] GC(397) Survivor regions: 2->2(83)
[84.611s][info][gc,heap        ] GC(397) Old regions: 51->51
[84.611s][info][gc,heap        ] GC(397) Archive regions: 0->0
[84.611s][info][gc,heap        ] GC(397) Humongous regions: 0->0
[84.611s][info][gc,metaspace   ] GC(397) Metaspace: 74538K(75456K)->74538K(75456K) NonClass: 59200K(59456K)->59200K(59456K) Class: 15338K(16000K)->15338K(16000K)
[84.611s][info][gc             ] GC(397) Pause Young (Normal) (G1 Evacuation Pause) 699M->39M(1104M) 45.023ms
[84.611s][info][gc,cpu         ] GC(397) User=0.00s Sys=0.00s Real=0.04s
[84.819s][info][gc,start       ] GC(398) Pause Young (Normal) (G1 Evacuation Pause)
[84.819s][info][gc,task        ] GC(398) Using 33 workers of 33 for evacuation
[84.821s][info][gc,phases      ] GC(398)   Pre Evacuate Collection Set: 0.2ms
[84.821s][info][gc,phases      ] GC(398)   Merge Heap Roots: 0.2ms
[84.821s][info][gc,phases      ] GC(398)   Evacuate Collection Set: 0.8ms
[84.821s][info][gc,phases      ] GC(398)   Post Evacuate Collection Set: 0.7ms
[84.821s][info][gc,phases      ] GC(398)   Other: 0.1ms
[84.821s][info][gc,heap        ] GC(398) Eden regions: 660->0(660)
[84.821s][info][gc,heap        ] GC(398) Survivor regions: 2->2(83)
[84.821s][info][gc,heap        ] GC(398) Old regions: 51->51
[84.821s][info][gc,heap        ] GC(398) Archive regions: 0->0
[84.821s][info][gc,heap        ] GC(398) Humongous regions: 0->0
[84.821s][info][gc,metaspace   ] GC(398) Metaspace: 74538K(75456K)->74538K(75456K) NonClass: 59200K(59456K)->59200K(59456K) Class: 15338K(16000K)->15338K(16000K)
[84.821s][info][gc             ] GC(398) Pause Young (Normal) (G1 Evacuation Pause) 699M->39M(1104M) 2.238ms
[84.821s][info][gc,cpu         ] GC(398) User=0.00s Sys=0.00s Real=0.00s
[85.075s][info][gc,start       ] GC(399) Pause Young (Normal) (G1 Evacuation Pause)
[85.075s][info][gc,task        ] GC(399) Using 33 workers of 33 for evacuation
[85.077s][info][gc,phases      ] GC(399)   Pre Evacuate Collection Set: 0.2ms
[85.077s][info][gc,phases      ] GC(399)   Merge Heap Roots: 0.3ms
[85.077s][info][gc,phases      ] GC(399)   Evacuate Collection Set: 0.8ms
[85.077s][info][gc,phases      ] GC(399)   Post Evacuate Collection Set: 0.8ms
[85.077s][info][gc,phases      ] GC(399)   Other: 0.1ms
[85.077s][info][gc,heap        ] GC(399) Eden regions: 660->0(660)
[85.077s][info][gc,heap        ] GC(399) Survivor regions: 2->2(83)
[85.077s][info][gc,heap        ] GC(399) Old regions: 51->51
[85.077s][info][gc,heap        ] GC(399) Archive regions: 0->0
[85.077s][info][gc,heap        ] GC(399) Humongous regions: 0->0
[85.077s][info][gc,metaspace   ] GC(399) Metaspace: 74538K(75456K)->74538K(75456K) NonClass: 59200K(59456K)->59200K(59456K) Class: 15338K(16000K)->15338K(16000K)
[85.077s][info][gc             ] GC(399) Pause Young (Normal) (G1 Evacuation Pause) 699M->39M(1104M) 2.451ms
[85.077s][info][gc,cpu         ] GC(399) User=0.00s Sys=0.00s Real=0.00s
[85.435s][info][gc,start       ] GC(400) Pause Young (Normal) (G1 Evacuation Pause)
[85.435s][info][gc,task        ] GC(400) Using 29 workers of 33 for evacuation
[85.437s][info][gc,phases      ] GC(400)   Pre Evacuate Collection Set: 0.2ms
[85.437s][info][gc,phases      ] GC(400)   Merge Heap Roots: 0.2ms
[85.437s][info][gc,phases      ] GC(400)   Evacuate Collection Set: 0.7ms
[85.437s][info][gc,phases      ] GC(400)   Post Evacuate Collection Set: 0.7ms
[85.437s][info][gc,phases      ] GC(400)   Other: 0.1ms
[85.437s][info][gc,heap        ] GC(400) Eden regions: 660->0(660)
[85.437s][info][gc,heap        ] GC(400) Survivor regions: 2->2(83)
[85.437s][info][gc,heap        ] GC(400) Old regions: 51->51
[85.437s][info][gc,heap        ] GC(400) Archive regions: 0->0
[85.437s][info][gc,heap        ] GC(400) Humongous regions: 0->0
[85.437s][info][gc,metaspace   ] GC(400) Metaspace: 74538K(75456K)->74538K(75456K) NonClass: 59200K(59456K)->59200K(59456K) Class: 15338K(16000K)->15338K(16000K)
[85.437s][info][gc             ] GC(400) Pause Young (Normal) (G1 Evacuation Pause) 699M->39M(1104M) 2.207ms
[85.437s][info][gc,cpu         ] GC(400) User=0.00s Sys=0.00s Real=0.00s
[85.913s][info][gc,start       ] GC(401) Pause Young (Normal) (G1 Evacuation Pause)
[85.913s][info][gc,task        ] GC(401) Using 27 workers of 33 for evacuation
[85.915s][info][gc,phases      ] GC(401)   Pre Evacuate Collection Set: 0.2ms
[85.915s][info][gc,phases      ] GC(401)   Merge Heap Roots: 0.2ms
[85.915s][info][gc,phases      ] GC(401)   Evacuate Collection Set: 0.7ms
[85.915s][info][gc,phases      ] GC(401)   Post Evacuate Collection Set: 0.6ms
[85.915s][info][gc,phases      ] GC(401)   Other: 0.1ms
[85.915s][info][gc,heap        ] GC(401) Eden regions: 660->0(660)
[85.915s][info][gc,heap        ] GC(401) Survivor regions: 2->2(83)
[85.915s][info][gc,heap        ] GC(401) Old regions: 51->51
[85.915s][info][gc,heap        ] GC(401) Archive regions: 0->0
[85.915s][info][gc,heap        ] GC(401) Humongous regions: 0->0
[85.915s][info][gc,metaspace   ] GC(401) Metaspace: 74538K(75456K)->74538K(75456K) NonClass: 59200K(59456K)->59200K(59456K) Class: 15338K(16000K)->15338K(16000K)
[85.915s][info][gc             ] GC(401) Pause Young (Normal) (G1 Evacuation Pause) 699M->39M(1104M) 2.005ms
[85.915s][info][gc,cpu         ] GC(401) User=0.00s Sys=0.00s Real=0.00s
[86.386s][info][gc,start       ] GC(402) Pause Young (Normal) (G1 Evacuation Pause)
[86.386s][info][gc,task        ] GC(402) Using 26 workers of 33 for evacuation
[86.388s][info][gc,phases      ] GC(402)   Pre Evacuate Collection Set: 0.2ms
[86.388s][info][gc,phases      ] GC(402)   Merge Heap Roots: 0.2ms
[86.388s][info][gc,phases      ] GC(402)   Evacuate Collection Set: 0.6ms
[86.388s][info][gc,phases      ] GC(402)   Post Evacuate Collection Set: 0.6ms
[86.388s][info][gc,phases      ] GC(402)   Other: 0.1ms
[86.388s][info][gc,heap        ] GC(402) Eden regions: 660->0(660)
[86.388s][info][gc,heap        ] GC(402) Survivor regions: 2->2(83)
[86.388s][info][gc,heap        ] GC(402) Old regions: 51->51
[86.388s][info][gc,heap        ] GC(402) Archive regions: 0->0
[86.388s][info][gc,heap        ] GC(402) Humongous regions: 0->0
[86.388s][info][gc,metaspace   ] GC(402) Metaspace: 74538K(75456K)->74538K(75456K) NonClass: 59200K(59456K)->59200K(59456K) Class: 15338K(16000K)->15338K(16000K)
[86.388s][info][gc             ] GC(402) Pause Young (Normal) (G1 Evacuation Pause) 699M->39M(1104M) 1.969ms
[86.388s][info][gc,cpu         ] GC(402) User=0.00s Sys=0.00s Real=0.00s
[86.749s][info][gc,start       ] GC(403) Pause Full (System.gc())
[86.749s][info][gc,task        ] GC(403) Using 26 workers of 33 for full compaction
[86.750s][info][gc,phases,start] GC(403) Phase 1: Mark live objects
[86.775s][info][gc,phases      ] GC(403) Phase 1: Mark live objects 25.198ms
[86.776s][info][gc,phases,start] GC(403) Phase 2: Prepare compaction
[86.778s][info][gc,phases      ] GC(403) Phase 2: Prepare compaction 2.990ms
[86.779s][info][gc,phases,start] GC(403) Phase 3: Adjust pointers
[86.792s][info][gc,phases      ] GC(403) Phase 3: Adjust pointers 13.373ms
[86.792s][info][gc,phases,start] GC(403) Phase 4: Compact heap
[86.793s][info][gc,phases      ] GC(403) Phase 4: Compact heap 0.697ms
[86.809s][info][gc,heap        ] GC(403) Eden regions: 433->0(98)
[86.809s][info][gc,heap        ] GC(403) Survivor regions: 2->0(83)
[86.809s][info][gc,heap        ] GC(403) Old regions: 51->49
[86.809s][info][gc,heap        ] GC(403) Archive regions: 0->0
[86.809s][info][gc,heap        ] GC(403) Humongous regions: 0->0
[86.809s][info][gc,metaspace   ] GC(403) Metaspace: 74568K(75456K)->74568K(75456K) NonClass: 59230K(59456K)->59230K(59456K) Class: 15338K(16000K)->15338K(16000K)
[86.809s][info][gc             ] GC(403) Pause Full (System.gc()) 471M->35M(164M) 60.282ms
[86.809s][info][gc,cpu         ] GC(403) User=0.83s Sys=0.02s Real=0.06s
[86.865s][info][gc,start       ] GC(404) Pause Young (Normal) (G1 Evacuation Pause)
[86.865s][info][gc,task        ] GC(404) Using 33 workers of 33 for evacuation
[86.868s][info][gc,phases      ] GC(404)   Pre Evacuate Collection Set: 0.2ms
[86.868s][info][gc,phases      ] GC(404)   Merge Heap Roots: 0.2ms
[86.868s][info][gc,phases      ] GC(404)   Evacuate Collection Set: 1.3ms
[86.868s][info][gc,phases      ] GC(404)   Post Evacuate Collection Set: 0.7ms
[86.868s][info][gc,phases      ] GC(404)   Other: 0.1ms
[86.868s][info][gc,heap        ] GC(404) Eden regions: 98->0(94)
[86.868s][info][gc,heap        ] GC(404) Survivor regions: 0->4(13)
[86.868s][info][gc,heap        ] GC(404) Old regions: 49->49
[86.868s][info][gc,heap        ] GC(404) Archive regions: 0->0
[86.868s][info][gc,heap        ] GC(404) Humongous regions: 0->0
[86.868s][info][gc,metaspace   ] GC(404) Metaspace: 74747K(75648K)->74747K(75648K) NonClass: 59409K(59648K)->59409K(59648K) Class: 15338K(16000K)->15338K(16000K)
[86.868s][info][gc             ] GC(404) Pause Young (Normal) (G1 Evacuation Pause) 133M->38M(164M) 2.721ms
[86.868s][info][gc,cpu         ] GC(404) User=0.00s Sys=0.00s Real=0.00s
[86.892s][info][gc,start       ] GC(405) Pause Young (Normal) (G1 Evacuation Pause)
[86.892s][info][gc,task        ] GC(405) Using 33 workers of 33 for evacuation
[86.895s][info][gc,phases      ] GC(405)   Pre Evacuate Collection Set: 0.2ms
[86.895s][info][gc,phases      ] GC(405)   Merge Heap Roots: 0.2ms
[86.895s][info][gc,phases      ] GC(405)   Evacuate Collection Set: 1.2ms
[86.895s][info][gc,phases      ] GC(405)   Post Evacuate Collection Set: 0.7ms
[86.895s][info][gc,phases      ] GC(405)   Other: 0.1ms
[86.895s][info][gc,heap        ] GC(405) Eden regions: 94->0(94)
[86.895s][info][gc,heap        ] GC(405) Survivor regions: 4->4(13)
[86.895s][info][gc,heap        ] GC(405) Old regions: 49->49
[86.895s][info][gc,heap        ] GC(405) Archive regions: 0->0
[86.895s][info][gc,heap        ] GC(405) Humongous regions: 0->0
[86.895s][info][gc,metaspace   ] GC(405) Metaspace: 74747K(75648K)->74747K(75648K) NonClass: 59409K(59648K)->59409K(59648K) Class: 15338K(16000K)->15338K(16000K)
[86.895s][info][gc             ] GC(405) Pause Young (Normal) (G1 Evacuation Pause) 132M->39M(164M) 2.490ms
[86.895s][info][gc,cpu         ] GC(405) User=0.00s Sys=0.00s Real=0.00s
[86.919s][info][gc,start       ] GC(406) Pause Young (Normal) (G1 Evacuation Pause)
[86.919s][info][gc,task        ] GC(406) Using 33 workers of 33 for evacuation
[86.922s][info][gc,phases      ] GC(406)   Pre Evacuate Collection Set: 0.2ms
[86.922s][info][gc,phases      ] GC(406)   Merge Heap Roots: 0.2ms
[86.922s][info][gc,phases      ] GC(406)   Evacuate Collection Set: 1.1ms
[86.922s][info][gc,phases      ] GC(406)   Post Evacuate Collection Set: 0.6ms
[86.922s][info][gc,phases      ] GC(406)   Other: 0.1ms
[86.922s][info][gc,heap        ] GC(406) Eden regions: 94->0(94)
[86.922s][info][gc,heap        ] GC(406) Survivor regions: 4->4(13)
[86.922s][info][gc,heap        ] GC(406) Old regions: 49->49
[86.922s][info][gc,heap        ] GC(406) Archive regions: 0->0
[86.922s][info][gc,heap        ] GC(406) Humongous regions: 0->0
[86.922s][info][gc,metaspace   ] GC(406) Metaspace: 74747K(75648K)->74747K(75648K) NonClass: 59409K(59648K)->59409K(59648K) Class: 15338K(16000K)->15338K(16000K)
[86.922s][info][gc             ] GC(406) Pause Young (Normal) (G1 Evacuation Pause) 133M->39M(164M) 2.474ms
[86.922s][info][gc,cpu         ] GC(406) User=0.00s Sys=0.00s Real=0.00s
[86.947s][info][gc,start       ] GC(407) Pause Young (Normal) (G1 Evacuation Pause)
[86.947s][info][gc,task        ] GC(407) Using 33 workers of 33 for evacuation
[86.953s][info][gc,phases      ] GC(407)   Pre Evacuate Collection Set: 0.2ms
[86.953s][info][gc,phases      ] GC(407)   Merge Heap Roots: 0.2ms
[86.953s][info][gc,phases      ] GC(407)   Evacuate Collection Set: 1.2ms
[86.953s][info][gc,phases      ] GC(407)   Post Evacuate Collection Set: 4.6ms
[86.953s][info][gc,phases      ] GC(407)   Other: 0.1ms
[86.953s][info][gc,heap        ] GC(407) Eden regions: 94->0(659)
[86.953s][info][gc,heap        ] GC(407) Survivor regions: 4->4(13)
[86.953s][info][gc,heap        ] GC(407) Old regions: 49->49
[86.953s][info][gc,heap        ] GC(407) Archive regions: 0->0
[86.953s][info][gc,heap        ] GC(407) Humongous regions: 0->0
[86.953s][info][gc,metaspace   ] GC(407) Metaspace: 74747K(75648K)->74747K(75648K) NonClass: 59409K(59648K)->59409K(59648K) Class: 15338K(16000K)->15338K(16000K)
[86.953s][info][gc             ] GC(407) Pause Young (Normal) (G1 Evacuation Pause) 133M->39M(1106M) 6.517ms
[86.953s][info][gc,cpu         ] GC(407) User=0.52s Sys=0.00s Real=0.01s
[87.159s][info][gc,start       ] GC(408) Pause Young (Normal) (G1 Evacuation Pause)
[87.159s][info][gc,task        ] GC(408) Using 33 workers of 33 for evacuation
[87.163s][info][gc,phases      ] GC(408)   Pre Evacuate Collection Set: 0.3ms
[87.163s][info][gc,phases      ] GC(408)   Merge Heap Roots: 0.2ms
[87.163s][info][gc,phases      ] GC(408)   Evacuate Collection Set: 2.5ms
[87.163s][info][gc,phases      ] GC(408)   Post Evacuate Collection Set: 0.8ms
[87.163s][info][gc,phases      ] GC(408)   Other: 0.1ms
[87.163s][info][gc,heap        ] GC(408) Eden regions: 659->0(659)
[87.163s][info][gc,heap        ] GC(408) Survivor regions: 4->4(83)
[87.163s][info][gc,heap        ] GC(408) Old regions: 49->49
[87.163s][info][gc,heap        ] GC(408) Archive regions: 0->0
[87.163s][info][gc,heap        ] GC(408) Humongous regions: 0->0
[87.163s][info][gc,metaspace   ] GC(408) Metaspace: 74747K(75648K)->74747K(75648K) NonClass: 59409K(59648K)->59409K(59648K) Class: 15338K(16000K)->15338K(16000K)
[87.163s][info][gc             ] GC(408) Pause Young (Normal) (G1 Evacuation Pause) 698M->39M(1106M) 4.199ms
[87.163s][info][gc,cpu         ] GC(408) User=0.00s Sys=0.00s Real=0.00s
[87.330s][info][gc,start       ] GC(409) Pause Young (Normal) (G1 Evacuation Pause)
[87.330s][info][gc,task        ] GC(409) Using 33 workers of 33 for evacuation
[87.334s][info][gc,phases      ] GC(409)   Pre Evacuate Collection Set: 0.2ms
[87.334s][info][gc,phases      ] GC(409)   Merge Heap Roots: 0.3ms
[87.334s][info][gc,phases      ] GC(409)   Evacuate Collection Set: 2.5ms
[87.334s][info][gc,phases      ] GC(409)   Post Evacuate Collection Set: 0.9ms
[87.334s][info][gc,phases      ] GC(409)   Other: 0.1ms
[87.334s][info][gc,heap        ] GC(409) Eden regions: 659->0(659)
[87.334s][info][gc,heap        ] GC(409) Survivor regions: 4->4(83)
[87.335s][info][gc,heap        ] GC(409) Old regions: 49->49
[87.335s][info][gc,heap        ] GC(409) Archive regions: 0->0
[87.335s][info][gc,heap        ] GC(409) Humongous regions: 0->0
[87.335s][info][gc,metaspace   ] GC(409) Metaspace: 74747K(75648K)->74747K(75648K) NonClass: 59409K(59648K)->59409K(59648K) Class: 15338K(16000K)->15338K(16000K)
[87.335s][info][gc             ] GC(409) Pause Young (Normal) (G1 Evacuation Pause) 698M->39M(1106M) 4.166ms
[87.335s][info][gc,cpu         ] GC(409) User=0.00s Sys=0.00s Real=0.00s
[87.502s][info][gc,start       ] GC(410) Pause Young (Normal) (G1 Evacuation Pause)
[87.502s][info][gc,task        ] GC(410) Using 33 workers of 33 for evacuation
[87.505s][info][gc,phases      ] GC(410)   Pre Evacuate Collection Set: 0.2ms
[87.505s][info][gc,phases      ] GC(410)   Merge Heap Roots: 0.3ms
[87.505s][info][gc,phases      ] GC(410)   Evacuate Collection Set: 1.2ms
[87.505s][info][gc,phases      ] GC(410)   Post Evacuate Collection Set: 0.8ms
[87.505s][info][gc,phases      ] GC(410)   Other: 0.1ms
[87.505s][info][gc,heap        ] GC(410) Eden regions: 659->0(659)
[87.505s][info][gc,heap        ] GC(410) Survivor regions: 4->4(83)
[87.505s][info][gc,heap        ] GC(410) Old regions: 49->49
[87.505s][info][gc,heap        ] GC(410) Archive regions: 0->0
[87.505s][info][gc,heap        ] GC(410) Humongous regions: 0->0
[87.505s][info][gc,metaspace   ] GC(410) Metaspace: 74747K(75648K)->74747K(75648K) NonClass: 59409K(59648K)->59409K(59648K) Class: 15338K(16000K)->15338K(16000K)
[87.505s][info][gc             ] GC(410) Pause Young (Normal) (G1 Evacuation Pause) 698M->39M(1106M) 2.876ms
[87.505s][info][gc,cpu         ] GC(410) User=0.00s Sys=0.00s Real=0.00s
[87.676s][info][gc,start       ] GC(411) Pause Young (Normal) (G1 Evacuation Pause)
[87.676s][info][gc,task        ] GC(411) Using 33 workers of 33 for evacuation
[87.678s][info][gc,phases      ] GC(411)   Pre Evacuate Collection Set: 0.3ms
[87.678s][info][gc,phases      ] GC(411)   Merge Heap Roots: 0.2ms
[87.678s][info][gc,phases      ] GC(411)   Evacuate Collection Set: 1.2ms
[87.678s][info][gc,phases      ] GC(411)   Post Evacuate Collection Set: 0.9ms
[87.678s][info][gc,phases      ] GC(411)   Other: 0.1ms
[87.678s][info][gc,heap        ] GC(411) Eden regions: 659->0(659)
[87.678s][info][gc,heap        ] GC(411) Survivor regions: 4->4(83)
[87.678s][info][gc,heap        ] GC(411) Old regions: 49->49
[87.678s][info][gc,heap        ] GC(411) Archive regions: 0->0
[87.678s][info][gc,heap        ] GC(411) Humongous regions: 0->0
[87.679s][info][gc,metaspace   ] GC(411) Metaspace: 74747K(75648K)->74747K(75648K) NonClass: 59409K(59648K)->59409K(59648K) Class: 15338K(16000K)->15338K(16000K)
[87.679s][info][gc             ] GC(411) Pause Young (Normal) (G1 Evacuation Pause) 698M->39M(1106M) 2.934ms
[87.679s][info][gc,cpu         ] GC(411) User=0.00s Sys=0.00s Real=0.00s
[87.846s][info][gc,start       ] GC(412) Pause Young (Normal) (G1 Evacuation Pause)
[87.847s][info][gc,task        ] GC(412) Using 33 workers of 33 for evacuation
[87.849s][info][gc,phases      ] GC(412)   Pre Evacuate Collection Set: 0.2ms
[87.849s][info][gc,phases      ] GC(412)   Merge Heap Roots: 0.3ms
[87.849s][info][gc,phases      ] GC(412)   Evacuate Collection Set: 1.2ms
[87.849s][info][gc,phases      ] GC(412)   Post Evacuate Collection Set: 0.8ms
[87.849s][info][gc,phases      ] GC(412)   Other: 0.1ms
[87.849s][info][gc,heap        ] GC(412) Eden regions: 659->0(659)
[87.849s][info][gc,heap        ] GC(412) Survivor regions: 4->4(83)
[87.849s][info][gc,heap        ] GC(412) Old regions: 49->49
[87.849s][info][gc,heap        ] GC(412) Archive regions: 0->0
[87.849s][info][gc,heap        ] GC(412) Humongous regions: 0->0
[87.849s][info][gc,metaspace   ] GC(412) Metaspace: 74747K(75648K)->74747K(75648K) NonClass: 59409K(59648K)->59409K(59648K) Class: 15338K(16000K)->15338K(16000K)
[87.849s][info][gc             ] GC(412) Pause Young (Normal) (G1 Evacuation Pause) 698M->39M(1106M) 2.842ms
[87.849s][info][gc,cpu         ] GC(412) User=0.00s Sys=0.00s Real=0.00s
[88.017s][info][gc,start       ] GC(413) Pause Young (Normal) (G1 Evacuation Pause)
[88.017s][info][gc,task        ] GC(413) Using 33 workers of 33 for evacuation
[88.020s][info][gc,phases      ] GC(413)   Pre Evacuate Collection Set: 0.2ms
[88.020s][info][gc,phases      ] GC(413)   Merge Heap Roots: 0.3ms
[88.020s][info][gc,phases      ] GC(413)   Evacuate Collection Set: 1.2ms
[88.020s][info][gc,phases      ] GC(413)   Post Evacuate Collection Set: 0.8ms
[88.020s][info][gc,phases      ] GC(413)   Other: 0.1ms
[88.020s][info][gc,heap        ] GC(413) Eden regions: 659->0(659)
[88.020s][info][gc,heap        ] GC(413) Survivor regions: 4->4(83)
[88.020s][info][gc,heap        ] GC(413) Old regions: 49->49
[88.020s][info][gc,heap        ] GC(413) Archive regions: 0->0
[88.020s][info][gc,heap        ] GC(413) Humongous regions: 0->0
[88.020s][info][gc,metaspace   ] GC(413) Metaspace: 74747K(75648K)->74747K(75648K) NonClass: 59409K(59648K)->59409K(59648K) Class: 15338K(16000K)->15338K(16000K)
[88.020s][info][gc             ] GC(413) Pause Young (Normal) (G1 Evacuation Pause) 698M->39M(1106M) 2.878ms
[88.020s][info][gc,cpu         ] GC(413) User=0.00s Sys=0.00s Real=0.00s
[88.187s][info][gc,start       ] GC(414) Pause Young (Normal) (G1 Evacuation Pause)
[88.187s][info][gc,task        ] GC(414) Using 33 workers of 33 for evacuation
[88.190s][info][gc,phases      ] GC(414)   Pre Evacuate Collection Set: 0.2ms
[88.190s][info][gc,phases      ] GC(414)   Merge Heap Roots: 0.2ms
[88.190s][info][gc,phases      ] GC(414)   Evacuate Collection Set: 1.2ms
[88.190s][info][gc,phases      ] GC(414)   Post Evacuate Collection Set: 0.8ms
[88.190s][info][gc,phases      ] GC(414)   Other: 0.1ms
[88.190s][info][gc,heap        ] GC(414) Eden regions: 659->0(659)
[88.190s][info][gc,heap        ] GC(414) Survivor regions: 4->4(83)
[88.190s][info][gc,heap        ] GC(414) Old regions: 49->49
[88.190s][info][gc,heap        ] GC(414) Archive regions: 0->0
[88.190s][info][gc,heap        ] GC(414) Humongous regions: 0->0
[88.190s][info][gc,metaspace   ] GC(414) Metaspace: 74747K(75648K)->74747K(75648K) NonClass: 59409K(59648K)->59409K(59648K) Class: 15338K(16000K)->15338K(16000K)
[88.190s][info][gc             ] GC(414) Pause Young (Normal) (G1 Evacuation Pause) 698M->39M(1106M) 2.861ms
[88.190s][info][gc,cpu         ] GC(414) User=0.00s Sys=0.00s Real=0.00s
[88.357s][info][gc,start       ] GC(415) Pause Young (Normal) (G1 Evacuation Pause)
[88.357s][info][gc,task        ] GC(415) Using 33 workers of 33 for evacuation
[88.360s][info][gc,phases      ] GC(415)   Pre Evacuate Collection Set: 0.3ms
[88.360s][info][gc,phases      ] GC(415)   Merge Heap Roots: 0.3ms
[88.360s][info][gc,phases      ] GC(415)   Evacuate Collection Set: 1.3ms
[88.360s][info][gc,phases      ] GC(415)   Post Evacuate Collection Set: 0.8ms
[88.360s][info][gc,phases      ] GC(415)   Other: 0.1ms
[88.360s][info][gc,heap        ] GC(415) Eden regions: 659->0(659)
[88.360s][info][gc,heap        ] GC(415) Survivor regions: 4->4(83)
[88.360s][info][gc,heap        ] GC(415) Old regions: 49->49
[88.360s][info][gc,heap        ] GC(415) Archive regions: 0->0
[88.360s][info][gc,heap        ] GC(415) Humongous regions: 0->0
[88.360s][info][gc,metaspace   ] GC(415) Metaspace: 74747K(75648K)->74747K(75648K) NonClass: 59409K(59648K)->59409K(59648K) Class: 15338K(16000K)->15338K(16000K)
[88.360s][info][gc             ] GC(415) Pause Young (Normal) (G1 Evacuation Pause) 698M->39M(1106M) 2.953ms
[88.360s][info][gc,cpu         ] GC(415) User=0.00s Sys=0.00s Real=0.00s
[88.528s][info][gc,start       ] GC(416) Pause Young (Normal) (G1 Evacuation Pause)
[88.528s][info][gc,task        ] GC(416) Using 33 workers of 33 for evacuation
[88.531s][info][gc,phases      ] GC(416)   Pre Evacuate Collection Set: 0.3ms
[88.531s][info][gc,phases      ] GC(416)   Merge Heap Roots: 0.3ms
[88.531s][info][gc,phases      ] GC(416)   Evacuate Collection Set: 1.2ms
[88.531s][info][gc,phases      ] GC(416)   Post Evacuate Collection Set: 0.9ms
[88.531s][info][gc,phases      ] GC(416)   Other: 0.1ms
[88.531s][info][gc,heap        ] GC(416) Eden regions: 659->0(659)
[88.531s][info][gc,heap        ] GC(416) Survivor regions: 4->4(83)
[88.531s][info][gc,heap        ] GC(416) Old regions: 49->49
[88.531s][info][gc,heap        ] GC(416) Archive regions: 0->0
[88.531s][info][gc,heap        ] GC(416) Humongous regions: 0->0
[88.531s][info][gc,metaspace   ] GC(416) Metaspace: 74747K(75648K)->74747K(75648K) NonClass: 59409K(59648K)->59409K(59648K) Class: 15338K(16000K)->15338K(16000K)
[88.531s][info][gc             ] GC(416) Pause Young (Normal) (G1 Evacuation Pause) 698M->39M(1106M) 2.961ms
[88.531s][info][gc,cpu         ] GC(416) User=0.00s Sys=0.00s Real=0.00s
[88.705s][info][gc,start       ] GC(417) Pause Young (Normal) (G1 Evacuation Pause)
[88.705s][info][gc,task        ] GC(417) Using 33 workers of 33 for evacuation
[88.708s][info][gc,phases      ] GC(417)   Pre Evacuate Collection Set: 0.3ms
[88.708s][info][gc,phases      ] GC(417)   Merge Heap Roots: 0.2ms
[88.708s][info][gc,phases      ] GC(417)   Evacuate Collection Set: 1.2ms
[88.708s][info][gc,phases      ] GC(417)   Post Evacuate Collection Set: 0.8ms
[88.708s][info][gc,phases      ] GC(417)   Other: 0.1ms
[88.708s][info][gc,heap        ] GC(417) Eden regions: 659->0(659)
[88.708s][info][gc,heap        ] GC(417) Survivor regions: 4->4(83)
[88.708s][info][gc,heap        ] GC(417) Old regions: 49->49
[88.708s][info][gc,heap        ] GC(417) Archive regions: 0->0
[88.708s][info][gc,heap        ] GC(417) Humongous regions: 0->0
[88.708s][info][gc,metaspace   ] GC(417) Metaspace: 74747K(75648K)->74747K(75648K) NonClass: 59409K(59648K)->59409K(59648K) Class: 15338K(16000K)->15338K(16000K)
[88.708s][info][gc             ] GC(417) Pause Young (Normal) (G1 Evacuation Pause) 698M->39M(1106M) 2.944ms
[88.708s][info][gc,cpu         ] GC(417) User=0.00s Sys=0.00s Real=0.00s
[88.877s][info][gc,start       ] GC(418) Pause Young (Normal) (G1 Evacuation Pause)
[88.877s][info][gc,task        ] GC(418) Using 33 workers of 33 for evacuation
[88.880s][info][gc,phases      ] GC(418)   Pre Evacuate Collection Set: 0.3ms
[88.880s][info][gc,phases      ] GC(418)   Merge Heap Roots: 0.2ms
[88.880s][info][gc,phases      ] GC(418)   Evacuate Collection Set: 1.2ms
[88.880s][info][gc,phases      ] GC(418)   Post Evacuate Collection Set: 0.8ms
[88.880s][info][gc,phases      ] GC(418)   Other: 0.1ms
[88.880s][info][gc,heap        ] GC(418) Eden regions: 659->0(659)
[88.880s][info][gc,heap        ] GC(418) Survivor regions: 4->4(83)
[88.880s][info][gc,heap        ] GC(418) Old regions: 49->49
[88.880s][info][gc,heap        ] GC(418) Archive regions: 0->0
[88.880s][info][gc,heap        ] GC(418) Humongous regions: 0->0
[88.880s][info][gc,metaspace   ] GC(418) Metaspace: 74747K(75648K)->74747K(75648K) NonClass: 59409K(59648K)->59409K(59648K) Class: 15338K(16000K)->15338K(16000K)
[88.880s][info][gc             ] GC(418) Pause Young (Normal) (G1 Evacuation Pause) 698M->39M(1106M) 2.958ms
[88.880s][info][gc,cpu         ] GC(418) User=0.00s Sys=0.00s Real=0.00s
[89.048s][info][gc,start       ] GC(419) Pause Young (Normal) (G1 Evacuation Pause)
[89.048s][info][gc,task        ] GC(419) Using 33 workers of 33 for evacuation
[89.051s][info][gc,phases      ] GC(419)   Pre Evacuate Collection Set: 0.3ms
[89.051s][info][gc,phases      ] GC(419)   Merge Heap Roots: 0.3ms
[89.051s][info][gc,phases      ] GC(419)   Evacuate Collection Set: 1.2ms
[89.051s][info][gc,phases      ] GC(419)   Post Evacuate Collection Set: 0.6ms
[89.051s][info][gc,phases      ] GC(419)   Other: 0.1ms
[89.051s][info][gc,heap        ] GC(419) Eden regions: 659->0(661)
[89.051s][info][gc,heap        ] GC(419) Survivor regions: 4->2(83)
[89.051s][info][gc,heap        ] GC(419) Old regions: 49->52
[89.051s][info][gc,heap        ] GC(419) Archive regions: 0->0
[89.051s][info][gc,heap        ] GC(419) Humongous regions: 0->0
[89.051s][info][gc,metaspace   ] GC(419) Metaspace: 74747K(75648K)->74747K(75648K) NonClass: 59409K(59648K)->59409K(59648K) Class: 15338K(16000K)->15338K(16000K)
[89.051s][info][gc             ] GC(419) Pause Young (Normal) (G1 Evacuation Pause) 698M->39M(1106M) 2.732ms
[89.051s][info][gc,cpu         ] GC(419) User=0.00s Sys=0.00s Real=0.00s
[89.220s][info][gc,start       ] GC(420) Pause Young (Normal) (G1 Evacuation Pause)
[89.220s][info][gc,task        ] GC(420) Using 33 workers of 33 for evacuation
[89.222s][info][gc,phases      ] GC(420)   Pre Evacuate Collection Set: 0.3ms
[89.222s][info][gc,phases      ] GC(420)   Merge Heap Roots: 0.3ms
[89.222s][info][gc,phases      ] GC(420)   Evacuate Collection Set: 0.9ms
[89.222s][info][gc,phases      ] GC(420)   Post Evacuate Collection Set: 0.6ms
[89.222s][info][gc,phases      ] GC(420)   Other: 0.1ms
[89.222s][info][gc,heap        ] GC(420) Eden regions: 661->0(661)
[89.222s][info][gc,heap        ] GC(420) Survivor regions: 2->2(83)
[89.222s][info][gc,heap        ] GC(420) Old regions: 52->52
[89.222s][info][gc,heap        ] GC(420) Archive regions: 0->0
[89.222s][info][gc,heap        ] GC(420) Humongous regions: 0->0
[89.222s][info][gc,metaspace   ] GC(420) Metaspace: 74747K(75648K)->74747K(75648K) NonClass: 59409K(59648K)->59409K(59648K) Class: 15338K(16000K)->15338K(16000K)
[89.222s][info][gc             ] GC(420) Pause Young (Normal) (G1 Evacuation Pause) 700M->39M(1106M) 2.345ms
[89.222s][info][gc,cpu         ] GC(420) User=0.00s Sys=0.00s Real=0.00s
[89.392s][info][gc,start       ] GC(421) Pause Young (Normal) (G1 Evacuation Pause)
[89.392s][info][gc,task        ] GC(421) Using 33 workers of 33 for evacuation
[89.394s][info][gc,phases      ] GC(421)   Pre Evacuate Collection Set: 0.3ms
[89.394s][info][gc,phases      ] GC(421)   Merge Heap Roots: 0.3ms
[89.394s][info][gc,phases      ] GC(421)   Evacuate Collection Set: 0.9ms
[89.394s][info][gc,phases      ] GC(421)   Post Evacuate Collection Set: 0.6ms
[89.394s][info][gc,phases      ] GC(421)   Other: 0.1ms
[89.394s][info][gc,heap        ] GC(421) Eden regions: 661->0(661)
[89.394s][info][gc,heap        ] GC(421) Survivor regions: 2->2(83)
[89.394s][info][gc,heap        ] GC(421) Old regions: 52->52
[89.394s][info][gc,heap        ] GC(421) Archive regions: 0->0
[89.394s][info][gc,heap        ] GC(421) Humongous regions: 0->0
[89.394s][info][gc,metaspace   ] GC(421) Metaspace: 74747K(75648K)->74747K(75648K) NonClass: 59409K(59648K)->59409K(59648K) Class: 15338K(16000K)->15338K(16000K)
[89.394s][info][gc             ] GC(421) Pause Young (Normal) (G1 Evacuation Pause) 700M->39M(1106M) 2.394ms
[89.395s][info][gc,cpu         ] GC(421) User=0.00s Sys=0.00s Real=0.00s
[89.564s][info][gc,start       ] GC(422) Pause Young (Normal) (G1 Evacuation Pause)
[89.565s][info][gc,task        ] GC(422) Using 33 workers of 33 for evacuation
[89.567s][info][gc,phases      ] GC(422)   Pre Evacuate Collection Set: 0.2ms
[89.567s][info][gc,phases      ] GC(422)   Merge Heap Roots: 0.3ms
[89.567s][info][gc,phases      ] GC(422)   Evacuate Collection Set: 0.9ms
[89.567s][info][gc,phases      ] GC(422)   Post Evacuate Collection Set: 0.6ms
[89.567s][info][gc,phases      ] GC(422)   Other: 0.1ms
[89.567s][info][gc,heap        ] GC(422) Eden regions: 661->0(661)
[89.567s][info][gc,heap        ] GC(422) Survivor regions: 2->2(83)
[89.567s][info][gc,heap        ] GC(422) Old regions: 52->52
[89.567s][info][gc,heap        ] GC(422) Archive regions: 0->0
[89.567s][info][gc,heap        ] GC(422) Humongous regions: 0->0
[89.567s][info][gc,metaspace   ] GC(422) Metaspace: 74747K(75648K)->74747K(75648K) NonClass: 59409K(59648K)->59409K(59648K) Class: 15338K(16000K)->15338K(16000K)
[89.567s][info][gc             ] GC(422) Pause Young (Normal) (G1 Evacuation Pause) 700M->39M(1106M) 2.310ms
[89.567s][info][gc,cpu         ] GC(422) User=0.00s Sys=0.00s Real=0.00s
[89.737s][info][gc,start       ] GC(423) Pause Young (Normal) (G1 Evacuation Pause)
[89.737s][info][gc,task        ] GC(423) Using 33 workers of 33 for evacuation
[89.739s][info][gc,phases      ] GC(423)   Pre Evacuate Collection Set: 0.3ms
[89.739s][info][gc,phases      ] GC(423)   Merge Heap Roots: 0.2ms
[89.739s][info][gc,phases      ] GC(423)   Evacuate Collection Set: 0.9ms
[89.739s][info][gc,phases      ] GC(423)   Post Evacuate Collection Set: 0.6ms
[89.739s][info][gc,phases      ] GC(423)   Other: 0.1ms
[89.739s][info][gc,heap        ] GC(423) Eden regions: 661->0(661)
[89.739s][info][gc,heap        ] GC(423) Survivor regions: 2->2(83)
[89.739s][info][gc,heap        ] GC(423) Old regions: 52->52
[89.740s][info][gc,heap        ] GC(423) Archive regions: 0->0
[89.740s][info][gc,heap        ] GC(423) Humongous regions: 0->0
[89.740s][info][gc,metaspace   ] GC(423) Metaspace: 74747K(75648K)->74747K(75648K) NonClass: 59409K(59648K)->59409K(59648K) Class: 15338K(16000K)->15338K(16000K)
[89.740s][info][gc             ] GC(423) Pause Young (Normal) (G1 Evacuation Pause) 700M->39M(1106M) 2.369ms
[89.740s][info][gc,cpu         ] GC(423) User=0.00s Sys=0.00s Real=0.00s
[89.909s][info][gc,start       ] GC(424) Pause Young (Normal) (G1 Evacuation Pause)
[89.909s][info][gc,task        ] GC(424) Using 33 workers of 33 for evacuation
[89.912s][info][gc,phases      ] GC(424)   Pre Evacuate Collection Set: 0.2ms
[89.912s][info][gc,phases      ] GC(424)   Merge Heap Roots: 0.2ms
[89.912s][info][gc,phases      ] GC(424)   Evacuate Collection Set: 0.9ms
[89.912s][info][gc,phases      ] GC(424)   Post Evacuate Collection Set: 0.6ms
[89.912s][info][gc,phases      ] GC(424)   Other: 0.1ms
[89.912s][info][gc,heap        ] GC(424) Eden regions: 661->0(661)
[89.912s][info][gc,heap        ] GC(424) Survivor regions: 2->2(83)
[89.912s][info][gc,heap        ] GC(424) Old regions: 52->52
[89.912s][info][gc,heap        ] GC(424) Archive regions: 0->0
[89.912s][info][gc,heap        ] GC(424) Humongous regions: 0->0
[89.912s][info][gc,metaspace   ] GC(424) Metaspace: 74747K(75648K)->74747K(75648K) NonClass: 59409K(59648K)->59409K(59648K) Class: 15338K(16000K)->15338K(16000K)
[89.912s][info][gc             ] GC(424) Pause Young (Normal) (G1 Evacuation Pause) 700M->39M(1106M) 2.331ms
[89.912s][info][gc,cpu         ] GC(424) User=0.00s Sys=0.00s Real=0.00s
[90.081s][info][gc,start       ] GC(425) Pause Young (Normal) (G1 Evacuation Pause)
[90.081s][info][gc,task        ] GC(425) Using 33 workers of 33 for evacuation
[90.083s][info][gc,phases      ] GC(425)   Pre Evacuate Collection Set: 0.3ms
[90.084s][info][gc,phases      ] GC(425)   Merge Heap Roots: 0.2ms
[90.084s][info][gc,phases      ] GC(425)   Evacuate Collection Set: 0.8ms
[90.084s][info][gc,phases      ] GC(425)   Post Evacuate Collection Set: 0.6ms
[90.084s][info][gc,phases      ] GC(425)   Other: 0.1ms
[90.084s][info][gc,heap        ] GC(425) Eden regions: 661->0(661)
[90.084s][info][gc,heap        ] GC(425) Survivor regions: 2->2(83)
[90.084s][info][gc,heap        ] GC(425) Old regions: 52->52
[90.084s][info][gc,heap        ] GC(425) Archive regions: 0->0
[90.084s][info][gc,heap        ] GC(425) Humongous regions: 0->0
[90.084s][info][gc,metaspace   ] GC(425) Metaspace: 74747K(75648K)->74747K(75648K) NonClass: 59409K(59648K)->59409K(59648K) Class: 15338K(16000K)->15338K(16000K)
[90.084s][info][gc             ] GC(425) Pause Young (Normal) (G1 Evacuation Pause) 700M->39M(1106M) 2.263ms
[90.084s][info][gc,cpu         ] GC(425) User=0.00s Sys=0.00s Real=0.00s
[90.255s][info][gc,start       ] GC(426) Pause Young (Normal) (G1 Evacuation Pause)
[90.255s][info][gc,task        ] GC(426) Using 33 workers of 33 for evacuation
[90.257s][info][gc,phases      ] GC(426)   Pre Evacuate Collection Set: 0.2ms
[90.257s][info][gc,phases      ] GC(426)   Merge Heap Roots: 0.3ms
[90.257s][info][gc,phases      ] GC(426)   Evacuate Collection Set: 0.8ms
[90.257s][info][gc,phases      ] GC(426)   Post Evacuate Collection Set: 0.6ms
[90.257s][info][gc,phases      ] GC(426)   Other: 0.1ms
[90.257s][info][gc,heap        ] GC(426) Eden regions: 661->0(661)
[90.257s][info][gc,heap        ] GC(426) Survivor regions: 2->2(83)
[90.257s][info][gc,heap        ] GC(426) Old regions: 52->52
[90.257s][info][gc,heap        ] GC(426) Archive regions: 0->0
[90.257s][info][gc,heap        ] GC(426) Humongous regions: 0->0
[90.257s][info][gc,metaspace   ] GC(426) Metaspace: 74747K(75648K)->74747K(75648K) NonClass: 59409K(59648K)->59409K(59648K) Class: 15338K(16000K)->15338K(16000K)
[90.257s][info][gc             ] GC(426) Pause Young (Normal) (G1 Evacuation Pause) 700M->39M(1106M) 2.331ms
[90.257s][info][gc,cpu         ] GC(426) User=0.00s Sys=0.00s Real=0.00s
[90.431s][info][gc,start       ] GC(427) Pause Young (Normal) (G1 Evacuation Pause)
[90.431s][info][gc,task        ] GC(427) Using 33 workers of 33 for evacuation
[90.433s][info][gc,phases      ] GC(427)   Pre Evacuate Collection Set: 0.3ms
[90.433s][info][gc,phases      ] GC(427)   Merge Heap Roots: 0.3ms
[90.433s][info][gc,phases      ] GC(427)   Evacuate Collection Set: 0.9ms
[90.433s][info][gc,phases      ] GC(427)   Post Evacuate Collection Set: 0.7ms
[90.433s][info][gc,phases      ] GC(427)   Other: 0.1ms
[90.433s][info][gc,heap        ] GC(427) Eden regions: 661->0(661)
[90.433s][info][gc,heap        ] GC(427) Survivor regions: 2->2(83)
[90.433s][info][gc,heap        ] GC(427) Old regions: 52->52
[90.433s][info][gc,heap        ] GC(427) Archive regions: 0->0
[90.433s][info][gc,heap        ] GC(427) Humongous regions: 0->0
[90.433s][info][gc,metaspace   ] GC(427) Metaspace: 74747K(75648K)->74747K(75648K) NonClass: 59409K(59648K)->59409K(59648K) Class: 15338K(16000K)->15338K(16000K)
[90.433s][info][gc             ] GC(427) Pause Young (Normal) (G1 Evacuation Pause) 700M->39M(1106M) 2.520ms
[90.433s][info][gc,cpu         ] GC(427) User=0.50s Sys=0.02s Real=0.00s
[90.609s][info][gc,start       ] GC(428) Pause Young (Normal) (G1 Evacuation Pause)
[90.609s][info][gc,task        ] GC(428) Using 33 workers of 33 for evacuation
[90.611s][info][gc,phases      ] GC(428)   Pre Evacuate Collection Set: 0.3ms
[90.611s][info][gc,phases      ] GC(428)   Merge Heap Roots: 0.3ms
[90.611s][info][gc,phases      ] GC(428)   Evacuate Collection Set: 0.9ms
[90.611s][info][gc,phases      ] GC(428)   Post Evacuate Collection Set: 0.6ms
[90.611s][info][gc,phases      ] GC(428)   Other: 0.1ms
[90.611s][info][gc,heap        ] GC(428) Eden regions: 661->0(661)
[90.611s][info][gc,heap        ] GC(428) Survivor regions: 2->2(83)
[90.611s][info][gc,heap        ] GC(428) Old regions: 52->52
[90.611s][info][gc,heap        ] GC(428) Archive regions: 0->0
[90.611s][info][gc,heap        ] GC(428) Humongous regions: 0->0
[90.611s][info][gc,metaspace   ] GC(428) Metaspace: 74747K(75648K)->74747K(75648K) NonClass: 59409K(59648K)->59409K(59648K) Class: 15338K(16000K)->15338K(16000K)
[90.611s][info][gc             ] GC(428) Pause Young (Normal) (G1 Evacuation Pause) 700M->39M(1106M) 2.452ms
[90.611s][info][gc,cpu         ] GC(428) User=0.00s Sys=0.00s Real=0.00s
[90.784s][info][gc,start       ] GC(429) Pause Young (Normal) (G1 Evacuation Pause)
[90.784s][info][gc,task        ] GC(429) Using 33 workers of 33 for evacuation
[90.787s][info][gc,phases      ] GC(429)   Pre Evacuate Collection Set: 0.3ms
[90.787s][info][gc,phases      ] GC(429)   Merge Heap Roots: 0.3ms
[90.787s][info][gc,phases      ] GC(429)   Evacuate Collection Set: 0.9ms
[90.787s][info][gc,phases      ] GC(429)   Post Evacuate Collection Set: 0.7ms
[90.787s][info][gc,phases      ] GC(429)   Other: 0.1ms
[90.787s][info][gc,heap        ] GC(429) Eden regions: 661->0(661)
[90.787s][info][gc,heap        ] GC(429) Survivor regions: 2->2(83)
[90.787s][info][gc,heap        ] GC(429) Old regions: 52->52
[90.787s][info][gc,heap        ] GC(429) Archive regions: 0->0
[90.787s][info][gc,heap        ] GC(429) Humongous regions: 0->0
[90.787s][info][gc,metaspace   ] GC(429) Metaspace: 74747K(75648K)->74747K(75648K) NonClass: 59409K(59648K)->59409K(59648K) Class: 15338K(16000K)->15338K(16000K)
[90.787s][info][gc             ] GC(429) Pause Young (Normal) (G1 Evacuation Pause) 700M->39M(1106M) 2.467ms
[90.787s][info][gc,cpu         ] GC(429) User=0.00s Sys=0.00s Real=0.00s
[90.960s][info][gc,start       ] GC(430) Pause Young (Normal) (G1 Evacuation Pause)
[90.960s][info][gc,task        ] GC(430) Using 33 workers of 33 for evacuation
[90.962s][info][gc,phases      ] GC(430)   Pre Evacuate Collection Set: 0.3ms
[90.962s][info][gc,phases      ] GC(430)   Merge Heap Roots: 0.3ms
[90.962s][info][gc,phases      ] GC(430)   Evacuate Collection Set: 0.9ms
[90.962s][info][gc,phases      ] GC(430)   Post Evacuate Collection Set: 0.7ms
[90.962s][info][gc,phases      ] GC(430)   Other: 0.1ms
[90.962s][info][gc,heap        ] GC(430) Eden regions: 661->0(661)
[90.962s][info][gc,heap        ] GC(430) Survivor regions: 2->2(83)
[90.962s][info][gc,heap        ] GC(430) Old regions: 52->52
[90.962s][info][gc,heap        ] GC(430) Archive regions: 0->0
[90.962s][info][gc,heap        ] GC(430) Humongous regions: 0->0
[90.962s][info][gc,metaspace   ] GC(430) Metaspace: 74747K(75648K)->74747K(75648K) NonClass: 59409K(59648K)->59409K(59648K) Class: 15338K(16000K)->15338K(16000K)
[90.962s][info][gc             ] GC(430) Pause Young (Normal) (G1 Evacuation Pause) 700M->39M(1106M) 2.527ms
[90.962s][info][gc,cpu         ] GC(430) User=0.00s Sys=0.00s Real=0.00s
[91.137s][info][gc,start       ] GC(431) Pause Young (Normal) (G1 Evacuation Pause)
[91.137s][info][gc,task        ] GC(431) Using 33 workers of 33 for evacuation
[91.139s][info][gc,phases      ] GC(431)   Pre Evacuate Collection Set: 0.3ms
[91.139s][info][gc,phases      ] GC(431)   Merge Heap Roots: 0.3ms
[91.139s][info][gc,phases      ] GC(431)   Evacuate Collection Set: 0.9ms
[91.139s][info][gc,phases      ] GC(431)   Post Evacuate Collection Set: 0.6ms
[91.139s][info][gc,phases      ] GC(431)   Other: 0.1ms
[91.139s][info][gc,heap        ] GC(431) Eden regions: 661->0(661)
[91.139s][info][gc,heap        ] GC(431) Survivor regions: 2->2(83)
[91.139s][info][gc,heap        ] GC(431) Old regions: 52->52
[91.139s][info][gc,heap        ] GC(431) Archive regions: 0->0
[91.139s][info][gc,heap        ] GC(431) Humongous regions: 0->0
[91.139s][info][gc,metaspace   ] GC(431) Metaspace: 74747K(75648K)->74747K(75648K) NonClass: 59409K(59648K)->59409K(59648K) Class: 15338K(16000K)->15338K(16000K)
[91.139s][info][gc             ] GC(431) Pause Young (Normal) (G1 Evacuation Pause) 700M->39M(1106M) 2.349ms
[91.139s][info][gc,cpu         ] GC(431) User=0.00s Sys=0.00s Real=0.00s
[91.314s][info][gc,start       ] GC(432) Pause Young (Normal) (G1 Evacuation Pause)
[91.314s][info][gc,task        ] GC(432) Using 33 workers of 33 for evacuation
[91.316s][info][gc,phases      ] GC(432)   Pre Evacuate Collection Set: 0.3ms
[91.316s][info][gc,phases      ] GC(432)   Merge Heap Roots: 0.3ms
[91.316s][info][gc,phases      ] GC(432)   Evacuate Collection Set: 0.8ms
[91.316s][info][gc,phases      ] GC(432)   Post Evacuate Collection Set: 0.6ms
[91.316s][info][gc,phases      ] GC(432)   Other: 0.1ms
[91.316s][info][gc,heap        ] GC(432) Eden regions: 661->0(661)
[91.316s][info][gc,heap        ] GC(432) Survivor regions: 2->2(83)
[91.316s][info][gc,heap        ] GC(432) Old regions: 52->52
[91.316s][info][gc,heap        ] GC(432) Archive regions: 0->0
[91.316s][info][gc,heap        ] GC(432) Humongous regions: 0->0
[91.316s][info][gc,metaspace   ] GC(432) Metaspace: 74747K(75648K)->74747K(75648K) NonClass: 59409K(59648K)->59409K(59648K) Class: 15338K(16000K)->15338K(16000K)
[91.316s][info][gc             ] GC(432) Pause Young (Normal) (G1 Evacuation Pause) 700M->39M(1106M) 2.312ms
[91.316s][info][gc,cpu         ] GC(432) User=0.00s Sys=0.00s Real=0.00s
[91.491s][info][gc,start       ] GC(433) Pause Young (Normal) (G1 Evacuation Pause)
[91.491s][info][gc,task        ] GC(433) Using 33 workers of 33 for evacuation
[91.494s][info][gc,phases      ] GC(433)   Pre Evacuate Collection Set: 0.3ms
[91.494s][info][gc,phases      ] GC(433)   Merge Heap Roots: 0.3ms
[91.494s][info][gc,phases      ] GC(433)   Evacuate Collection Set: 0.9ms
[91.494s][info][gc,phases      ] GC(433)   Post Evacuate Collection Set: 0.7ms
[91.494s][info][gc,phases      ] GC(433)   Other: 0.1ms
[91.494s][info][gc,heap        ] GC(433) Eden regions: 661->0(661)
[91.494s][info][gc,heap        ] GC(433) Survivor regions: 2->2(83)
[91.494s][info][gc,heap        ] GC(433) Old regions: 52->52
[91.494s][info][gc,heap        ] GC(433) Archive regions: 0->0
[91.494s][info][gc,heap        ] GC(433) Humongous regions: 0->0
[91.494s][info][gc,metaspace   ] GC(433) Metaspace: 74747K(75648K)->74747K(75648K) NonClass: 59409K(59648K)->59409K(59648K) Class: 15338K(16000K)->15338K(16000K)
[91.494s][info][gc             ] GC(433) Pause Young (Normal) (G1 Evacuation Pause) 700M->39M(1106M) 2.472ms
[91.494s][info][gc,cpu         ] GC(433) User=0.00s Sys=0.00s Real=0.00s
[91.675s][info][gc,start       ] GC(434) Pause Young (Normal) (G1 Evacuation Pause)
[91.675s][info][gc,task        ] GC(434) Using 33 workers of 33 for evacuation
[91.677s][info][gc,phases      ] GC(434)   Pre Evacuate Collection Set: 0.2ms
[91.677s][info][gc,phases      ] GC(434)   Merge Heap Roots: 0.3ms
[91.677s][info][gc,phases      ] GC(434)   Evacuate Collection Set: 0.9ms
[91.677s][info][gc,phases      ] GC(434)   Post Evacuate Collection Set: 0.7ms
[91.677s][info][gc,phases      ] GC(434)   Other: 0.1ms
[91.677s][info][gc,heap        ] GC(434) Eden regions: 661->0(661)
[91.677s][info][gc,heap        ] GC(434) Survivor regions: 2->2(83)
[91.677s][info][gc,heap        ] GC(434) Old regions: 52->52
[91.677s][info][gc,heap        ] GC(434) Archive regions: 0->0
[91.677s][info][gc,heap        ] GC(434) Humongous regions: 0->0
[91.677s][info][gc,metaspace   ] GC(434) Metaspace: 74747K(75648K)->74747K(75648K) NonClass: 59409K(59648K)->59409K(59648K) Class: 15338K(16000K)->15338K(16000K)
[91.677s][info][gc             ] GC(434) Pause Young (Normal) (G1 Evacuation Pause) 700M->39M(1106M) 2.435ms
[91.677s][info][gc,cpu         ] GC(434) User=0.00s Sys=0.00s Real=0.00s
[91.856s][info][gc,start       ] GC(435) Pause Young (Normal) (G1 Evacuation Pause)
[91.856s][info][gc,task        ] GC(435) Using 33 workers of 33 for evacuation
[91.858s][info][gc,phases      ] GC(435)   Pre Evacuate Collection Set: 0.3ms
[91.858s][info][gc,phases      ] GC(435)   Merge Heap Roots: 0.3ms
[91.858s][info][gc,phases      ] GC(435)   Evacuate Collection Set: 0.9ms
[91.858s][info][gc,phases      ] GC(435)   Post Evacuate Collection Set: 0.7ms
[91.858s][info][gc,phases      ] GC(435)   Other: 0.1ms
[91.858s][info][gc,heap        ] GC(435) Eden regions: 661->0(661)
[91.858s][info][gc,heap        ] GC(435) Survivor regions: 2->2(83)
[91.858s][info][gc,heap        ] GC(435) Old regions: 52->52
[91.858s][info][gc,heap        ] GC(435) Archive regions: 0->0
[91.858s][info][gc,heap        ] GC(435) Humongous regions: 0->0
[91.858s][info][gc,metaspace   ] GC(435) Metaspace: 74748K(75648K)->74748K(75648K) NonClass: 59410K(59648K)->59410K(59648K) Class: 15338K(16000K)->15338K(16000K)
[91.858s][info][gc             ] GC(435) Pause Young (Normal) (G1 Evacuation Pause) 700M->39M(1106M) 2.529ms
[91.858s][info][gc,cpu         ] GC(435) User=0.00s Sys=0.00s Real=0.00s
[92.048s][info][gc,start       ] GC(436) Pause Young (Normal) (G1 Evacuation Pause)
[92.048s][info][gc,task        ] GC(436) Using 33 workers of 33 for evacuation
[92.050s][info][gc,phases      ] GC(436)   Pre Evacuate Collection Set: 0.2ms
[92.050s][info][gc,phases      ] GC(436)   Merge Heap Roots: 0.2ms
[92.050s][info][gc,phases      ] GC(436)   Evacuate Collection Set: 0.8ms
[92.050s][info][gc,phases      ] GC(436)   Post Evacuate Collection Set: 0.7ms
[92.050s][info][gc,phases      ] GC(436)   Other: 0.1ms
[92.050s][info][gc,heap        ] GC(436) Eden regions: 661->0(661)
[92.050s][info][gc,heap        ] GC(436) Survivor regions: 2->2(83)
[92.050s][info][gc,heap        ] GC(436) Old regions: 52->52
[92.050s][info][gc,heap        ] GC(436) Archive regions: 0->0
[92.050s][info][gc,heap        ] GC(436) Humongous regions: 0->0
[92.050s][info][gc,metaspace   ] GC(436) Metaspace: 74748K(75648K)->74748K(75648K) NonClass: 59410K(59648K)->59410K(59648K) Class: 15338K(16000K)->15338K(16000K)
[92.050s][info][gc             ] GC(436) Pause Young (Normal) (G1 Evacuation Pause) 700M->39M(1106M) 2.244ms
[92.050s][info][gc,cpu         ] GC(436) User=0.00s Sys=0.00s Real=0.00s
[92.260s][info][gc,start       ] GC(437) Pause Young (Normal) (G1 Evacuation Pause)
[92.261s][info][gc,task        ] GC(437) Using 33 workers of 33 for evacuation
[92.262s][info][gc,phases      ] GC(437)   Pre Evacuate Collection Set: 0.2ms
[92.263s][info][gc,phases      ] GC(437)   Merge Heap Roots: 0.2ms
[92.263s][info][gc,phases      ] GC(437)   Evacuate Collection Set: 0.7ms
[92.263s][info][gc,phases      ] GC(437)   Post Evacuate Collection Set: 0.7ms
[92.263s][info][gc,phases      ] GC(437)   Other: 0.1ms
[92.263s][info][gc,heap        ] GC(437) Eden regions: 661->0(661)
[92.263s][info][gc,heap        ] GC(437) Survivor regions: 2->2(83)
[92.263s][info][gc,heap        ] GC(437) Old regions: 52->52
[92.263s][info][gc,heap        ] GC(437) Archive regions: 0->0
[92.263s][info][gc,heap        ] GC(437) Humongous regions: 0->0
[92.263s][info][gc,metaspace   ] GC(437) Metaspace: 74748K(75648K)->74748K(75648K) NonClass: 59410K(59648K)->59410K(59648K) Class: 15338K(16000K)->15338K(16000K)
[92.263s][info][gc             ] GC(437) Pause Young (Normal) (G1 Evacuation Pause) 700M->39M(1106M) 2.194ms
[92.263s][info][gc,cpu         ] GC(437) User=0.00s Sys=0.00s Real=0.00s
[92.520s][info][gc,start       ] GC(438) Pause Young (Normal) (G1 Evacuation Pause)
[92.520s][info][gc,task        ] GC(438) Using 33 workers of 33 for evacuation
[92.522s][info][gc,phases      ] GC(438)   Pre Evacuate Collection Set: 0.2ms
[92.522s][info][gc,phases      ] GC(438)   Merge Heap Roots: 0.3ms
[92.522s][info][gc,phases      ] GC(438)   Evacuate Collection Set: 0.8ms
[92.522s][info][gc,phases      ] GC(438)   Post Evacuate Collection Set: 0.7ms
[92.522s][info][gc,phases      ] GC(438)   Other: 0.1ms
[92.522s][info][gc,heap        ] GC(438) Eden regions: 661->0(661)
[92.522s][info][gc,heap        ] GC(438) Survivor regions: 2->2(83)
[92.522s][info][gc,heap        ] GC(438) Old regions: 52->52
[92.522s][info][gc,heap        ] GC(438) Archive regions: 0->0
[92.522s][info][gc,heap        ] GC(438) Humongous regions: 0->0
[92.522s][info][gc,metaspace   ] GC(438) Metaspace: 74748K(75648K)->74748K(75648K) NonClass: 59410K(59648K)->59410K(59648K) Class: 15338K(16000K)->15338K(16000K)
[92.522s][info][gc             ] GC(438) Pause Young (Normal) (G1 Evacuation Pause) 700M->39M(1106M) 2.345ms
[92.523s][info][gc,cpu         ] GC(438) User=0.00s Sys=0.00s Real=0.00s
[92.876s][info][gc,start       ] GC(439) Pause Young (Normal) (G1 Evacuation Pause)
[92.876s][info][gc,task        ] GC(439) Using 29 workers of 33 for evacuation
[92.878s][info][gc,phases      ] GC(439)   Pre Evacuate Collection Set: 0.2ms
[92.878s][info][gc,phases      ] GC(439)   Merge Heap Roots: 0.2ms
[92.878s][info][gc,phases      ] GC(439)   Evacuate Collection Set: 0.8ms
[92.878s][info][gc,phases      ] GC(439)   Post Evacuate Collection Set: 0.7ms
[92.878s][info][gc,phases      ] GC(439)   Other: 0.1ms
[92.878s][info][gc,heap        ] GC(439) Eden regions: 661->0(661)
[92.878s][info][gc,heap        ] GC(439) Survivor regions: 2->2(83)
[92.878s][info][gc,heap        ] GC(439) Old regions: 52->52
[92.878s][info][gc,heap        ] GC(439) Archive regions: 0->0
[92.878s][info][gc,heap        ] GC(439) Humongous regions: 0->0
[92.878s][info][gc,metaspace   ] GC(439) Metaspace: 74779K(75648K)->74779K(75648K) NonClass: 59441K(59648K)->59441K(59648K) Class: 15338K(16000K)->15338K(16000K)
[92.878s][info][gc             ] GC(439) Pause Young (Normal) (G1 Evacuation Pause) 700M->39M(1106M) 2.222ms
[92.878s][info][gc,cpu         ] GC(439) User=0.00s Sys=0.00s Real=0.00s
[93.340s][info][gc,start       ] GC(440) Pause Young (Normal) (G1 Evacuation Pause)
[93.340s][info][gc,task        ] GC(440) Using 27 workers of 33 for evacuation
[93.342s][info][gc,phases      ] GC(440)   Pre Evacuate Collection Set: 0.2ms
[93.342s][info][gc,phases      ] GC(440)   Merge Heap Roots: 0.2ms
[93.342s][info][gc,phases      ] GC(440)   Evacuate Collection Set: 0.6ms
[93.342s][info][gc,phases      ] GC(440)   Post Evacuate Collection Set: 0.6ms
[93.342s][info][gc,phases      ] GC(440)   Other: 0.1ms
[93.342s][info][gc,heap        ] GC(440) Eden regions: 661->0(661)
[93.342s][info][gc,heap        ] GC(440) Survivor regions: 2->2(83)
[93.342s][info][gc,heap        ] GC(440) Old regions: 52->52
[93.342s][info][gc,heap        ] GC(440) Archive regions: 0->0
[93.342s][info][gc,heap        ] GC(440) Humongous regions: 0->0
[93.342s][info][gc,metaspace   ] GC(440) Metaspace: 74779K(75648K)->74779K(75648K) NonClass: 59441K(59648K)->59441K(59648K) Class: 15338K(16000K)->15338K(16000K)
[93.342s][info][gc             ] GC(440) Pause Young (Normal) (G1 Evacuation Pause) 700M->39M(1106M) 1.950ms
[93.342s][info][gc,cpu         ] GC(440) User=0.00s Sys=0.00s Real=0.00s
[93.804s][info][gc,start       ] GC(441) Pause Young (Normal) (G1 Evacuation Pause)
[93.804s][info][gc,task        ] GC(441) Using 26 workers of 33 for evacuation
[93.805s][info][gc,phases      ] GC(441)   Pre Evacuate Collection Set: 0.2ms
[93.805s][info][gc,phases      ] GC(441)   Merge Heap Roots: 0.2ms
[93.805s][info][gc,phases      ] GC(441)   Evacuate Collection Set: 0.6ms
[93.805s][info][gc,phases      ] GC(441)   Post Evacuate Collection Set: 0.5ms
[93.805s][info][gc,phases      ] GC(441)   Other: 0.1ms
[93.805s][info][gc,heap        ] GC(441) Eden regions: 661->0(661)
[93.805s][info][gc,heap        ] GC(441) Survivor regions: 2->2(83)
[93.805s][info][gc,heap        ] GC(441) Old regions: 52->52
[93.805s][info][gc,heap        ] GC(441) Archive regions: 0->0
[93.805s][info][gc,heap        ] GC(441) Humongous regions: 0->0
[93.805s][info][gc,metaspace   ] GC(441) Metaspace: 74779K(75648K)->74779K(75648K) NonClass: 59441K(59648K)->59441K(59648K) Class: 15338K(16000K)->15338K(16000K)
[93.805s][info][gc             ] GC(441) Pause Young (Normal) (G1 Evacuation Pause) 700M->39M(1106M) 1.857ms
[93.805s][info][gc,cpu         ] GC(441) User=0.00s Sys=0.00s Real=0.00s
[94.099s][info][gc,start       ] GC(442) Pause Full (System.gc())
[94.099s][info][gc,task        ] GC(442) Using 26 workers of 33 for full compaction
[94.100s][info][gc,phases,start] GC(442) Phase 1: Mark live objects
[94.132s][info][gc,phases      ] GC(442) Phase 1: Mark live objects 32.023ms
[94.132s][info][gc,phases,start] GC(442) Phase 2: Prepare compaction
[94.135s][info][gc,phases      ] GC(442) Phase 2: Prepare compaction 2.795ms
[94.135s][info][gc,phases,start] GC(442) Phase 3: Adjust pointers
[94.145s][info][gc,phases      ] GC(442) Phase 3: Adjust pointers 9.597ms
[94.145s][info][gc,phases,start] GC(442) Phase 4: Compact heap
[94.146s][info][gc,phases      ] GC(442) Phase 4: Compact heap 0.789ms
[94.159s][info][gc,heap        ] GC(442) Eden regions: 389->0(96)
[94.159s][info][gc,heap        ] GC(442) Survivor regions: 2->0(83)
[94.159s][info][gc,heap        ] GC(442) Old regions: 52->48
[94.159s][info][gc,heap        ] GC(442) Archive regions: 0->0
[94.159s][info][gc,heap        ] GC(442) Humongous regions: 0->0
[94.159s][info][gc,metaspace   ] GC(442) Metaspace: 74843K(75712K)->74843K(75712K) NonClass: 59504K(59712K)->59504K(59712K) Class: 15338K(16000K)->15338K(16000K)
[94.159s][info][gc             ] GC(442) Pause Full (System.gc()) 427M->35M(160M) 59.511ms
[94.159s][info][gc,cpu         ] GC(442) User=0.84s Sys=0.00s Real=0.06s
[94.210s][info][gc,start       ] GC(443) Pause Young (Normal) (G1 Evacuation Pause)
[94.210s][info][gc,task        ] GC(443) Using 33 workers of 33 for evacuation
[94.213s][info][gc,phases      ] GC(443)   Pre Evacuate Collection Set: 0.2ms
[94.213s][info][gc,phases      ] GC(443)   Merge Heap Roots: 0.2ms
[94.213s][info][gc,phases      ] GC(443)   Evacuate Collection Set: 1.3ms
[94.213s][info][gc,phases      ] GC(443)   Post Evacuate Collection Set: 0.7ms
[94.213s][info][gc,phases      ] GC(443)   Other: 0.1ms
[94.213s][info][gc,heap        ] GC(443) Eden regions: 96->0(92)
[94.213s][info][gc,heap        ] GC(443) Survivor regions: 0->4(12)
[94.213s][info][gc,heap        ] GC(443) Old regions: 48->48
[94.213s][info][gc,heap        ] GC(443) Archive regions: 0->0
[94.213s][info][gc,heap        ] GC(443) Humongous regions: 0->0
[94.213s][info][gc,metaspace   ] GC(443) Metaspace: 75094K(75968K)->75094K(75968K) NonClass: 59755K(59968K)->59755K(59968K) Class: 15338K(16000K)->15338K(16000K)
[94.213s][info][gc             ] GC(443) Pause Young (Normal) (G1 Evacuation Pause) 131M->38M(160M) 2.724ms
[94.213s][info][gc,cpu         ] GC(443) User=0.00s Sys=0.00s Real=0.00s
[94.236s][info][gc,start       ] GC(444) Pause Young (Normal) (G1 Evacuation Pause)
[94.236s][info][gc,task        ] GC(444) Using 33 workers of 33 for evacuation
[94.239s][info][gc,phases      ] GC(444)   Pre Evacuate Collection Set: 0.2ms
[94.239s][info][gc,phases      ] GC(444)   Merge Heap Roots: 0.2ms
[94.239s][info][gc,phases      ] GC(444)   Evacuate Collection Set: 1.1ms
[94.239s][info][gc,phases      ] GC(444)   Post Evacuate Collection Set: 0.6ms
[94.239s][info][gc,phases      ] GC(444)   Other: 0.1ms
[94.239s][info][gc,heap        ] GC(444) Eden regions: 92->0(92)
[94.239s][info][gc,heap        ] GC(444) Survivor regions: 4->4(12)
[94.239s][info][gc,heap        ] GC(444) Old regions: 48->48
[94.239s][info][gc,heap        ] GC(444) Archive regions: 0->0
[94.239s][info][gc,heap        ] GC(444) Humongous regions: 0->0
[94.239s][info][gc,metaspace   ] GC(444) Metaspace: 75094K(75968K)->75094K(75968K) NonClass: 59755K(59968K)->59755K(59968K) Class: 15338K(16000K)->15338K(16000K)
[94.239s][info][gc             ] GC(444) Pause Young (Normal) (G1 Evacuation Pause) 130M->38M(160M) 2.421ms
[94.239s][info][gc,cpu         ] GC(444) User=0.00s Sys=0.00s Real=0.00s
[94.263s][info][gc,start       ] GC(445) Pause Young (Normal) (G1 Evacuation Pause)
[94.263s][info][gc,task        ] GC(445) Using 33 workers of 33 for evacuation
[94.265s][info][gc,phases      ] GC(445)   Pre Evacuate Collection Set: 0.2ms
[94.265s][info][gc,phases      ] GC(445)   Merge Heap Roots: 0.2ms
[94.265s][info][gc,phases      ] GC(445)   Evacuate Collection Set: 1.1ms
[94.265s][info][gc,phases      ] GC(445)   Post Evacuate Collection Set: 0.6ms
[94.265s][info][gc,phases      ] GC(445)   Other: 0.1ms
[94.265s][info][gc,heap        ] GC(445) Eden regions: 92->0(92)
[94.265s][info][gc,heap        ] GC(445) Survivor regions: 4->4(12)
[94.265s][info][gc,heap        ] GC(445) Old regions: 48->48
[94.265s][info][gc,heap        ] GC(445) Archive regions: 0->0
[94.265s][info][gc,heap        ] GC(445) Humongous regions: 0->0
[94.265s][info][gc,metaspace   ] GC(445) Metaspace: 75094K(75968K)->75094K(75968K) NonClass: 59755K(59968K)->59755K(59968K) Class: 15338K(16000K)->15338K(16000K)
[94.265s][info][gc             ] GC(445) Pause Young (Normal) (G1 Evacuation Pause) 130M->38M(160M) 2.444ms
[94.265s][info][gc,cpu         ] GC(445) User=0.00s Sys=0.00s Real=0.00s
[94.301s][info][gc,start       ] GC(446) Pause Young (Normal) (G1 Evacuation Pause)
[94.301s][info][gc,task        ] GC(446) Using 33 workers of 33 for evacuation
[94.308s][info][gc,phases      ] GC(446)   Pre Evacuate Collection Set: 0.2ms
[94.308s][info][gc,phases      ] GC(446)   Merge Heap Roots: 0.2ms
[94.308s][info][gc,phases      ] GC(446)   Evacuate Collection Set: 1.2ms
[94.308s][info][gc,phases      ] GC(446)   Post Evacuate Collection Set: 5.3ms
[94.308s][info][gc,phases      ] GC(446)   Other: 0.1ms
[94.308s][info][gc,heap        ] GC(446) Eden regions: 92->0(658)
[94.308s][info][gc,heap        ] GC(446) Survivor regions: 4->4(12)
[94.308s][info][gc,heap        ] GC(446) Old regions: 48->48
[94.308s][info][gc,heap        ] GC(446) Archive regions: 0->0
[94.308s][info][gc,heap        ] GC(446) Humongous regions: 0->0
[94.308s][info][gc,metaspace   ] GC(446) Metaspace: 75094K(75968K)->75094K(75968K) NonClass: 59755K(59968K)->59755K(59968K) Class: 15338K(16000K)->15338K(16000K)
[94.308s][info][gc             ] GC(446) Pause Young (Normal) (G1 Evacuation Pause) 130M->38M(1104M) 7.286ms
[94.308s][info][gc,cpu         ] GC(446) User=0.00s Sys=0.02s Real=0.01s
[94.517s][info][gc,start       ] GC(447) Pause Young (Normal) (G1 Evacuation Pause)
[94.517s][info][gc,task        ] GC(447) Using 33 workers of 33 for evacuation
[94.521s][info][gc,phases      ] GC(447)   Pre Evacuate Collection Set: 0.2ms
[94.521s][info][gc,phases      ] GC(447)   Merge Heap Roots: 0.2ms
[94.521s][info][gc,phases      ] GC(447)   Evacuate Collection Set: 2.5ms
[94.521s][info][gc,phases      ] GC(447)   Post Evacuate Collection Set: 0.9ms
[94.521s][info][gc,phases      ] GC(447)   Other: 0.1ms
[94.521s][info][gc,heap        ] GC(447) Eden regions: 658->0(658)
[94.521s][info][gc,heap        ] GC(447) Survivor regions: 4->4(83)
[94.521s][info][gc,heap        ] GC(447) Old regions: 48->48
[94.521s][info][gc,heap        ] GC(447) Archive regions: 0->0
[94.521s][info][gc,heap        ] GC(447) Humongous regions: 0->0
[94.521s][info][gc,metaspace   ] GC(447) Metaspace: 75094K(75968K)->75094K(75968K) NonClass: 59755K(59968K)->59755K(59968K) Class: 15338K(16000K)->15338K(16000K)
[94.521s][info][gc             ] GC(447) Pause Young (Normal) (G1 Evacuation Pause) 696M->38M(1104M) 4.179ms
[94.521s][info][gc,cpu         ] GC(447) User=0.00s Sys=0.00s Real=0.00s
[94.689s][info][gc,start       ] GC(448) Pause Young (Normal) (G1 Evacuation Pause)
[94.689s][info][gc,task        ] GC(448) Using 33 workers of 33 for evacuation
[94.693s][info][gc,phases      ] GC(448)   Pre Evacuate Collection Set: 0.2ms
[94.693s][info][gc,phases      ] GC(448)   Merge Heap Roots: 0.3ms
[94.693s][info][gc,phases      ] GC(448)   Evacuate Collection Set: 2.6ms
[94.693s][info][gc,phases      ] GC(448)   Post Evacuate Collection Set: 0.8ms
[94.693s][info][gc,phases      ] GC(448)   Other: 0.1ms
[94.693s][info][gc,heap        ] GC(448) Eden regions: 658->0(658)
[94.693s][info][gc,heap        ] GC(448) Survivor regions: 4->4(83)
[94.693s][info][gc,heap        ] GC(448) Old regions: 48->48
[94.693s][info][gc,heap        ] GC(448) Archive regions: 0->0
[94.693s][info][gc,heap        ] GC(448) Humongous regions: 0->0
[94.693s][info][gc,metaspace   ] GC(448) Metaspace: 75094K(75968K)->75094K(75968K) NonClass: 59755K(59968K)->59755K(59968K) Class: 15338K(16000K)->15338K(16000K)
[94.693s][info][gc             ] GC(448) Pause Young (Normal) (G1 Evacuation Pause) 696M->38M(1104M) 4.303ms
[94.693s][info][gc,cpu         ] GC(448) User=0.00s Sys=0.00s Real=0.00s
[94.861s][info][gc,start       ] GC(449) Pause Young (Normal) (G1 Evacuation Pause)
[94.861s][info][gc,task        ] GC(449) Using 33 workers of 33 for evacuation
[94.864s][info][gc,phases      ] GC(449)   Pre Evacuate Collection Set: 0.2ms
[94.864s][info][gc,phases      ] GC(449)   Merge Heap Roots: 0.3ms
[94.864s][info][gc,phases      ] GC(449)   Evacuate Collection Set: 1.2ms
[94.864s][info][gc,phases      ] GC(449)   Post Evacuate Collection Set: 0.8ms
[94.864s][info][gc,phases      ] GC(449)   Other: 0.1ms
[94.864s][info][gc,heap        ] GC(449) Eden regions: 658->0(658)
[94.864s][info][gc,heap        ] GC(449) Survivor regions: 4->4(83)
[94.864s][info][gc,heap        ] GC(449) Old regions: 48->48
[94.864s][info][gc,heap        ] GC(449) Archive regions: 0->0
[94.864s][info][gc,heap        ] GC(449) Humongous regions: 0->0
[94.864s][info][gc,metaspace   ] GC(449) Metaspace: 75094K(75968K)->75094K(75968K) NonClass: 59755K(59968K)->59755K(59968K) Class: 15338K(16000K)->15338K(16000K)
[94.864s][info][gc             ] GC(449) Pause Young (Normal) (G1 Evacuation Pause) 696M->38M(1104M) 2.886ms
[94.864s][info][gc,cpu         ] GC(449) User=0.00s Sys=0.00s Real=0.00s
[95.032s][info][gc,start       ] GC(450) Pause Young (Normal) (G1 Evacuation Pause)
[95.032s][info][gc,task        ] GC(450) Using 33 workers of 33 for evacuation
[95.035s][info][gc,phases      ] GC(450)   Pre Evacuate Collection Set: 0.2ms
[95.035s][info][gc,phases      ] GC(450)   Merge Heap Roots: 0.3ms
[95.035s][info][gc,phases      ] GC(450)   Evacuate Collection Set: 1.2ms
[95.035s][info][gc,phases      ] GC(450)   Post Evacuate Collection Set: 0.8ms
[95.035s][info][gc,phases      ] GC(450)   Other: 0.1ms
[95.035s][info][gc,heap        ] GC(450) Eden regions: 658->0(658)
[95.035s][info][gc,heap        ] GC(450) Survivor regions: 4->4(83)
[95.035s][info][gc,heap        ] GC(450) Old regions: 48->48
[95.035s][info][gc,heap        ] GC(450) Archive regions: 0->0
[95.035s][info][gc,heap        ] GC(450) Humongous regions: 0->0
[95.035s][info][gc,metaspace   ] GC(450) Metaspace: 75094K(75968K)->75094K(75968K) NonClass: 59755K(59968K)->59755K(59968K) Class: 15338K(16000K)->15338K(16000K)
[95.035s][info][gc             ] GC(450) Pause Young (Normal) (G1 Evacuation Pause) 696M->38M(1104M) 2.833ms
[95.035s][info][gc,cpu         ] GC(450) User=0.00s Sys=0.00s Real=0.00s
[95.204s][info][gc,start       ] GC(451) Pause Young (Normal) (G1 Evacuation Pause)
[95.204s][info][gc,task        ] GC(451) Using 33 workers of 33 for evacuation
[95.207s][info][gc,phases      ] GC(451)   Pre Evacuate Collection Set: 0.3ms
[95.207s][info][gc,phases      ] GC(451)   Merge Heap Roots: 0.3ms
[95.207s][info][gc,phases      ] GC(451)   Evacuate Collection Set: 1.2ms
[95.207s][info][gc,phases      ] GC(451)   Post Evacuate Collection Set: 0.8ms
[95.207s][info][gc,phases      ] GC(451)   Other: 0.1ms
[95.207s][info][gc,heap        ] GC(451) Eden regions: 658->0(658)
[95.207s][info][gc,heap        ] GC(451) Survivor regions: 4->4(83)
[95.207s][info][gc,heap        ] GC(451) Old regions: 48->48
[95.207s][info][gc,heap        ] GC(451) Archive regions: 0->0
[95.207s][info][gc,heap        ] GC(451) Humongous regions: 0->0
[95.207s][info][gc,metaspace   ] GC(451) Metaspace: 75094K(75968K)->75094K(75968K) NonClass: 59755K(59968K)->59755K(59968K) Class: 15338K(16000K)->15338K(16000K)
[95.207s][info][gc             ] GC(451) Pause Young (Normal) (G1 Evacuation Pause) 696M->38M(1104M) 2.885ms
[95.207s][info][gc,cpu         ] GC(451) User=0.00s Sys=0.00s Real=0.00s
[95.374s][info][gc,start       ] GC(452) Pause Young (Normal) (G1 Evacuation Pause)
[95.375s][info][gc,task        ] GC(452) Using 33 workers of 33 for evacuation
[95.377s][info][gc,phases      ] GC(452)   Pre Evacuate Collection Set: 0.3ms
[95.377s][info][gc,phases      ] GC(452)   Merge Heap Roots: 0.3ms
[95.377s][info][gc,phases      ] GC(452)   Evacuate Collection Set: 1.2ms
[95.377s][info][gc,phases      ] GC(452)   Post Evacuate Collection Set: 0.8ms
[95.377s][info][gc,phases      ] GC(452)   Other: 0.1ms
[95.377s][info][gc,heap        ] GC(452) Eden regions: 658->0(658)
[95.377s][info][gc,heap        ] GC(452) Survivor regions: 4->4(83)
[95.377s][info][gc,heap        ] GC(452) Old regions: 48->48
[95.377s][info][gc,heap        ] GC(452) Archive regions: 0->0
[95.377s][info][gc,heap        ] GC(452) Humongous regions: 0->0
[95.377s][info][gc,metaspace   ] GC(452) Metaspace: 75094K(75968K)->75094K(75968K) NonClass: 59755K(59968K)->59755K(59968K) Class: 15338K(16000K)->15338K(16000K)
[95.377s][info][gc             ] GC(452) Pause Young (Normal) (G1 Evacuation Pause) 696M->38M(1104M) 2.853ms
[95.377s][info][gc,cpu         ] GC(452) User=0.00s Sys=0.00s Real=0.00s
[95.546s][info][gc,start       ] GC(453) Pause Young (Normal) (G1 Evacuation Pause)
[95.546s][info][gc,task        ] GC(453) Using 33 workers of 33 for evacuation
[95.548s][info][gc,phases      ] GC(453)   Pre Evacuate Collection Set: 0.3ms
[95.548s][info][gc,phases      ] GC(453)   Merge Heap Roots: 0.3ms
[95.548s][info][gc,phases      ] GC(453)   Evacuate Collection Set: 1.2ms
[95.548s][info][gc,phases      ] GC(453)   Post Evacuate Collection Set: 0.8ms
[95.548s][info][gc,phases      ] GC(453)   Other: 0.1ms
[95.548s][info][gc,heap        ] GC(453) Eden regions: 658->0(658)
[95.548s][info][gc,heap        ] GC(453) Survivor regions: 4->4(83)
[95.548s][info][gc,heap        ] GC(453) Old regions: 48->48
[95.548s][info][gc,heap        ] GC(453) Archive regions: 0->0
[95.548s][info][gc,heap        ] GC(453) Humongous regions: 0->0
[95.548s][info][gc,metaspace   ] GC(453) Metaspace: 75094K(75968K)->75094K(75968K) NonClass: 59755K(59968K)->59755K(59968K) Class: 15338K(16000K)->15338K(16000K)
[95.548s][info][gc             ] GC(453) Pause Young (Normal) (G1 Evacuation Pause) 696M->38M(1104M) 2.877ms
[95.548s][info][gc,cpu         ] GC(453) User=0.00s Sys=0.00s Real=0.00s
[95.718s][info][gc,start       ] GC(454) Pause Young (Normal) (G1 Evacuation Pause)
[95.718s][info][gc,task        ] GC(454) Using 33 workers of 33 for evacuation
[95.720s][info][gc,phases      ] GC(454)   Pre Evacuate Collection Set: 0.2ms
[95.720s][info][gc,phases      ] GC(454)   Merge Heap Roots: 0.3ms
[95.721s][info][gc,phases      ] GC(454)   Evacuate Collection Set: 1.2ms
[95.721s][info][gc,phases      ] GC(454)   Post Evacuate Collection Set: 0.8ms
[95.721s][info][gc,phases      ] GC(454)   Other: 0.1ms
[95.721s][info][gc,heap        ] GC(454) Eden regions: 658->0(658)
[95.721s][info][gc,heap        ] GC(454) Survivor regions: 4->4(83)
[95.721s][info][gc,heap        ] GC(454) Old regions: 48->48
[95.721s][info][gc,heap        ] GC(454) Archive regions: 0->0
[95.721s][info][gc,heap        ] GC(454) Humongous regions: 0->0
[95.721s][info][gc,metaspace   ] GC(454) Metaspace: 75094K(75968K)->75094K(75968K) NonClass: 59755K(59968K)->59755K(59968K) Class: 15338K(16000K)->15338K(16000K)
[95.721s][info][gc             ] GC(454) Pause Young (Normal) (G1 Evacuation Pause) 696M->38M(1104M) 2.832ms
[95.721s][info][gc,cpu         ] GC(454) User=0.00s Sys=0.00s Real=0.00s
[95.890s][info][gc,start       ] GC(455) Pause Young (Normal) (G1 Evacuation Pause)
[95.890s][info][gc,task        ] GC(455) Using 33 workers of 33 for evacuation
[95.893s][info][gc,phases      ] GC(455)   Pre Evacuate Collection Set: 0.3ms
[95.893s][info][gc,phases      ] GC(455)   Merge Heap Roots: 0.2ms
[95.893s][info][gc,phases      ] GC(455)   Evacuate Collection Set: 1.2ms
[95.893s][info][gc,phases      ] GC(455)   Post Evacuate Collection Set: 0.8ms
[95.893s][info][gc,phases      ] GC(455)   Other: 0.1ms
[95.893s][info][gc,heap        ] GC(455) Eden regions: 658->0(658)
[95.893s][info][gc,heap        ] GC(455) Survivor regions: 4->4(83)
[95.893s][info][gc,heap        ] GC(455) Old regions: 48->48
[95.893s][info][gc,heap        ] GC(455) Archive regions: 0->0
[95.893s][info][gc,heap        ] GC(455) Humongous regions: 0->0
[95.893s][info][gc,metaspace   ] GC(455) Metaspace: 75094K(75968K)->75094K(75968K) NonClass: 59755K(59968K)->59755K(59968K) Class: 15338K(16000K)->15338K(16000K)
[95.893s][info][gc             ] GC(455) Pause Young (Normal) (G1 Evacuation Pause) 696M->38M(1104M) 2.795ms
[95.893s][info][gc,cpu         ] GC(455) User=0.00s Sys=0.00s Real=0.00s
[96.065s][info][gc,start       ] GC(456) Pause Young (Normal) (G1 Evacuation Pause)
[96.065s][info][gc,task        ] GC(456) Using 33 workers of 33 for evacuation
[96.068s][info][gc,phases      ] GC(456)   Pre Evacuate Collection Set: 0.2ms
[96.068s][info][gc,phases      ] GC(456)   Merge Heap Roots: 0.2ms
[96.068s][info][gc,phases      ] GC(456)   Evacuate Collection Set: 1.2ms
[96.068s][info][gc,phases      ] GC(456)   Post Evacuate Collection Set: 0.8ms
[96.068s][info][gc,phases      ] GC(456)   Other: 0.1ms
[96.068s][info][gc,heap        ] GC(456) Eden regions: 658->0(658)
[96.068s][info][gc,heap        ] GC(456) Survivor regions: 4->4(83)
[96.068s][info][gc,heap        ] GC(456) Old regions: 48->48
[96.068s][info][gc,heap        ] GC(456) Archive regions: 0->0
[96.068s][info][gc,heap        ] GC(456) Humongous regions: 0->0
[96.068s][info][gc,metaspace   ] GC(456) Metaspace: 75094K(75968K)->75094K(75968K) NonClass: 59755K(59968K)->59755K(59968K) Class: 15338K(16000K)->15338K(16000K)
[96.068s][info][gc             ] GC(456) Pause Young (Normal) (G1 Evacuation Pause) 696M->38M(1104M) 2.789ms
[96.068s][info][gc,cpu         ] GC(456) User=0.00s Sys=0.00s Real=0.00s
[96.240s][info][gc,start       ] GC(457) Pause Young (Normal) (G1 Evacuation Pause)
[96.240s][info][gc,task        ] GC(457) Using 33 workers of 33 for evacuation
[96.242s][info][gc,phases      ] GC(457)   Pre Evacuate Collection Set: 0.2ms
[96.242s][info][gc,phases      ] GC(457)   Merge Heap Roots: 0.3ms
[96.242s][info][gc,phases      ] GC(457)   Evacuate Collection Set: 1.1ms
[96.242s][info][gc,phases      ] GC(457)   Post Evacuate Collection Set: 0.8ms
[96.242s][info][gc,phases      ] GC(457)   Other: 0.1ms
[96.242s][info][gc,heap        ] GC(457) Eden regions: 658->0(658)
[96.242s][info][gc,heap        ] GC(457) Survivor regions: 4->4(83)
[96.242s][info][gc,heap        ] GC(457) Old regions: 48->48
[96.243s][info][gc,heap        ] GC(457) Archive regions: 0->0
[96.243s][info][gc,heap        ] GC(457) Humongous regions: 0->0
[96.243s][info][gc,metaspace   ] GC(457) Metaspace: 75094K(75968K)->75094K(75968K) NonClass: 59755K(59968K)->59755K(59968K) Class: 15338K(16000K)->15338K(16000K)
[96.243s][info][gc             ] GC(457) Pause Young (Normal) (G1 Evacuation Pause) 696M->38M(1104M) 2.806ms
[96.243s][info][gc,cpu         ] GC(457) User=0.00s Sys=0.00s Real=0.00s
[96.411s][info][gc,start       ] GC(458) Pause Young (Normal) (G1 Evacuation Pause)
[96.411s][info][gc,task        ] GC(458) Using 33 workers of 33 for evacuation
[96.414s][info][gc,phases      ] GC(458)   Pre Evacuate Collection Set: 0.2ms
[96.414s][info][gc,phases      ] GC(458)   Merge Heap Roots: 0.3ms
[96.414s][info][gc,phases      ] GC(458)   Evacuate Collection Set: 1.2ms
[96.414s][info][gc,phases      ] GC(458)   Post Evacuate Collection Set: 0.6ms
[96.414s][info][gc,phases      ] GC(458)   Other: 0.1ms
[96.414s][info][gc,heap        ] GC(458) Eden regions: 658->0(660)
[96.414s][info][gc,heap        ] GC(458) Survivor regions: 4->2(83)
[96.414s][info][gc,heap        ] GC(458) Old regions: 48->51
[96.414s][info][gc,heap        ] GC(458) Archive regions: 0->0
[96.414s][info][gc,heap        ] GC(458) Humongous regions: 0->0
[96.414s][info][gc,metaspace   ] GC(458) Metaspace: 75094K(75968K)->75094K(75968K) NonClass: 59755K(59968K)->59755K(59968K) Class: 15338K(16000K)->15338K(16000K)
[96.414s][info][gc             ] GC(458) Pause Young (Normal) (G1 Evacuation Pause) 696M->38M(1104M) 2.645ms
[96.414s][info][gc,cpu         ] GC(458) User=0.00s Sys=0.00s Real=0.00s
[96.584s][info][gc,start       ] GC(459) Pause Young (Normal) (G1 Evacuation Pause)
[96.584s][info][gc,task        ] GC(459) Using 33 workers of 33 for evacuation
[96.586s][info][gc,phases      ] GC(459)   Pre Evacuate Collection Set: 0.2ms
[96.586s][info][gc,phases      ] GC(459)   Merge Heap Roots: 0.3ms
[96.586s][info][gc,phases      ] GC(459)   Evacuate Collection Set: 0.9ms
[96.586s][info][gc,phases      ] GC(459)   Post Evacuate Collection Set: 0.6ms
[96.586s][info][gc,phases      ] GC(459)   Other: 0.1ms
[96.586s][info][gc,heap        ] GC(459) Eden regions: 660->0(660)
[96.586s][info][gc,heap        ] GC(459) Survivor regions: 2->2(83)
[96.586s][info][gc,heap        ] GC(459) Old regions: 51->51
[96.586s][info][gc,heap        ] GC(459) Archive regions: 0->0
[96.586s][info][gc,heap        ] GC(459) Humongous regions: 0->0
[96.586s][info][gc,metaspace   ] GC(459) Metaspace: 75094K(75968K)->75094K(75968K) NonClass: 59755K(59968K)->59755K(59968K) Class: 15338K(16000K)->15338K(16000K)
[96.586s][info][gc             ] GC(459) Pause Young (Normal) (G1 Evacuation Pause) 698M->38M(1104M) 2.376ms
[96.586s][info][gc,cpu         ] GC(459) User=0.00s Sys=0.00s Real=0.00s
[96.755s][info][gc,start       ] GC(460) Pause Young (Normal) (G1 Evacuation Pause)
[96.755s][info][gc,task        ] GC(460) Using 33 workers of 33 for evacuation
[96.757s][info][gc,phases      ] GC(460)   Pre Evacuate Collection Set: 0.2ms
[96.757s][info][gc,phases      ] GC(460)   Merge Heap Roots: 0.3ms
[96.757s][info][gc,phases      ] GC(460)   Evacuate Collection Set: 0.9ms
[96.757s][info][gc,phases      ] GC(460)   Post Evacuate Collection Set: 0.6ms
[96.757s][info][gc,phases      ] GC(460)   Other: 0.1ms
[96.757s][info][gc,heap        ] GC(460) Eden regions: 660->0(660)
[96.757s][info][gc,heap        ] GC(460) Survivor regions: 2->2(83)
[96.757s][info][gc,heap        ] GC(460) Old regions: 51->51
[96.757s][info][gc,heap        ] GC(460) Archive regions: 0->0
[96.757s][info][gc,heap        ] GC(460) Humongous regions: 0->0
[96.757s][info][gc,metaspace   ] GC(460) Metaspace: 75094K(75968K)->75094K(75968K) NonClass: 59755K(59968K)->59755K(59968K) Class: 15338K(16000K)->15338K(16000K)
[96.757s][info][gc             ] GC(460) Pause Young (Normal) (G1 Evacuation Pause) 698M->38M(1104M) 2.331ms
[96.757s][info][gc,cpu         ] GC(460) User=0.00s Sys=0.00s Real=0.00s
[96.926s][info][gc,start       ] GC(461) Pause Young (Normal) (G1 Evacuation Pause)
[96.927s][info][gc,task        ] GC(461) Using 33 workers of 33 for evacuation
[96.929s][info][gc,phases      ] GC(461)   Pre Evacuate Collection Set: 0.2ms
[96.929s][info][gc,phases      ] GC(461)   Merge Heap Roots: 0.3ms
[96.929s][info][gc,phases      ] GC(461)   Evacuate Collection Set: 0.9ms
[96.929s][info][gc,phases      ] GC(461)   Post Evacuate Collection Set: 0.6ms
[96.929s][info][gc,phases      ] GC(461)   Other: 0.1ms
[96.929s][info][gc,heap        ] GC(461) Eden regions: 660->0(660)
[96.929s][info][gc,heap        ] GC(461) Survivor regions: 2->2(83)
[96.929s][info][gc,heap        ] GC(461) Old regions: 51->51
[96.929s][info][gc,heap        ] GC(461) Archive regions: 0->0
[96.929s][info][gc,heap        ] GC(461) Humongous regions: 0->0
[96.929s][info][gc,metaspace   ] GC(461) Metaspace: 75094K(75968K)->75094K(75968K) NonClass: 59755K(59968K)->59755K(59968K) Class: 15338K(16000K)->15338K(16000K)
[96.929s][info][gc             ] GC(461) Pause Young (Normal) (G1 Evacuation Pause) 698M->38M(1104M) 2.318ms
[96.929s][info][gc,cpu         ] GC(461) User=0.00s Sys=0.00s Real=0.00s
[97.098s][info][gc,start       ] GC(462) Pause Young (Normal) (G1 Evacuation Pause)
[97.098s][info][gc,task        ] GC(462) Using 33 workers of 33 for evacuation
[97.100s][info][gc,phases      ] GC(462)   Pre Evacuate Collection Set: 0.2ms
[97.100s][info][gc,phases      ] GC(462)   Merge Heap Roots: 0.3ms
[97.100s][info][gc,phases      ] GC(462)   Evacuate Collection Set: 0.8ms
[97.100s][info][gc,phases      ] GC(462)   Post Evacuate Collection Set: 0.6ms
[97.100s][info][gc,phases      ] GC(462)   Other: 0.1ms
[97.100s][info][gc,heap        ] GC(462) Eden regions: 660->0(660)
[97.100s][info][gc,heap        ] GC(462) Survivor regions: 2->2(83)
[97.100s][info][gc,heap        ] GC(462) Old regions: 51->51
[97.100s][info][gc,heap        ] GC(462) Archive regions: 0->0
[97.100s][info][gc,heap        ] GC(462) Humongous regions: 0->0
[97.100s][info][gc,metaspace   ] GC(462) Metaspace: 75094K(75968K)->75094K(75968K) NonClass: 59755K(59968K)->59755K(59968K) Class: 15338K(16000K)->15338K(16000K)
[97.100s][info][gc             ] GC(462) Pause Young (Normal) (G1 Evacuation Pause) 698M->38M(1104M) 2.244ms
[97.100s][info][gc,cpu         ] GC(462) User=0.00s Sys=0.00s Real=0.00s
[97.269s][info][gc,start       ] GC(463) Pause Young (Normal) (G1 Evacuation Pause)
[97.269s][info][gc,task        ] GC(463) Using 33 workers of 33 for evacuation
[97.271s][info][gc,phases      ] GC(463)   Pre Evacuate Collection Set: 0.2ms
[97.271s][info][gc,phases      ] GC(463)   Merge Heap Roots: 0.3ms
[97.271s][info][gc,phases      ] GC(463)   Evacuate Collection Set: 0.8ms
[97.271s][info][gc,phases      ] GC(463)   Post Evacuate Collection Set: 0.6ms
[97.271s][info][gc,phases      ] GC(463)   Other: 0.1ms
[97.271s][info][gc,heap        ] GC(463) Eden regions: 660->0(660)
[97.271s][info][gc,heap        ] GC(463) Survivor regions: 2->2(83)
[97.271s][info][gc,heap        ] GC(463) Old regions: 51->51
[97.271s][info][gc,heap        ] GC(463) Archive regions: 0->0
[97.271s][info][gc,heap        ] GC(463) Humongous regions: 0->0
[97.271s][info][gc,metaspace   ] GC(463) Metaspace: 75094K(75968K)->75094K(75968K) NonClass: 59755K(59968K)->59755K(59968K) Class: 15338K(16000K)->15338K(16000K)
[97.271s][info][gc             ] GC(463) Pause Young (Normal) (G1 Evacuation Pause) 698M->38M(1104M) 2.270ms
[97.271s][info][gc,cpu         ] GC(463) User=0.00s Sys=0.00s Real=0.00s
[97.442s][info][gc,start       ] GC(464) Pause Young (Normal) (G1 Evacuation Pause)
[97.442s][info][gc,task        ] GC(464) Using 33 workers of 33 for evacuation
[97.444s][info][gc,phases      ] GC(464)   Pre Evacuate Collection Set: 0.2ms
[97.444s][info][gc,phases      ] GC(464)   Merge Heap Roots: 0.2ms
[97.444s][info][gc,phases      ] GC(464)   Evacuate Collection Set: 0.9ms
[97.444s][info][gc,phases      ] GC(464)   Post Evacuate Collection Set: 0.6ms
[97.444s][info][gc,phases      ] GC(464)   Other: 0.1ms
[97.444s][info][gc,heap        ] GC(464) Eden regions: 660->0(660)
[97.444s][info][gc,heap        ] GC(464) Survivor regions: 2->2(83)
[97.444s][info][gc,heap        ] GC(464) Old regions: 51->51
[97.444s][info][gc,heap        ] GC(464) Archive regions: 0->0
[97.444s][info][gc,heap        ] GC(464) Humongous regions: 0->0
[97.444s][info][gc,metaspace   ] GC(464) Metaspace: 75094K(75968K)->75094K(75968K) NonClass: 59755K(59968K)->59755K(59968K) Class: 15338K(16000K)->15338K(16000K)
[97.444s][info][gc             ] GC(464) Pause Young (Normal) (G1 Evacuation Pause) 698M->39M(1104M) 2.329ms
[97.444s][info][gc,cpu         ] GC(464) User=0.00s Sys=0.00s Real=0.00s
[97.612s][info][gc,start       ] GC(465) Pause Young (Normal) (G1 Evacuation Pause)
[97.612s][info][gc,task        ] GC(465) Using 33 workers of 33 for evacuation
[97.614s][info][gc,phases      ] GC(465)   Pre Evacuate Collection Set: 0.2ms
[97.614s][info][gc,phases      ] GC(465)   Merge Heap Roots: 0.2ms
[97.614s][info][gc,phases      ] GC(465)   Evacuate Collection Set: 0.8ms
[97.614s][info][gc,phases      ] GC(465)   Post Evacuate Collection Set: 0.6ms
[97.614s][info][gc,phases      ] GC(465)   Other: 0.1ms
[97.614s][info][gc,heap        ] GC(465) Eden regions: 660->0(660)
[97.614s][info][gc,heap        ] GC(465) Survivor regions: 2->2(83)
[97.614s][info][gc,heap        ] GC(465) Old regions: 51->51
[97.614s][info][gc,heap        ] GC(465) Archive regions: 0->0
[97.614s][info][gc,heap        ] GC(465) Humongous regions: 0->0
[97.615s][info][gc,metaspace   ] GC(465) Metaspace: 75094K(75968K)->75094K(75968K) NonClass: 59755K(59968K)->59755K(59968K) Class: 15338K(16000K)->15338K(16000K)
[97.615s][info][gc             ] GC(465) Pause Young (Normal) (G1 Evacuation Pause) 699M->38M(1104M) 2.271ms
[97.615s][info][gc,cpu         ] GC(465) User=0.00s Sys=0.00s Real=0.00s
[97.783s][info][gc,start       ] GC(466) Pause Young (Normal) (G1 Evacuation Pause)
[97.783s][info][gc,task        ] GC(466) Using 33 workers of 33 for evacuation
[97.785s][info][gc,phases      ] GC(466)   Pre Evacuate Collection Set: 0.2ms
[97.785s][info][gc,phases      ] GC(466)   Merge Heap Roots: 0.3ms
[97.785s][info][gc,phases      ] GC(466)   Evacuate Collection Set: 0.8ms
[97.785s][info][gc,phases      ] GC(466)   Post Evacuate Collection Set: 0.6ms
[97.785s][info][gc,phases      ] GC(466)   Other: 0.1ms
[97.785s][info][gc,heap        ] GC(466) Eden regions: 660->0(660)
[97.785s][info][gc,heap        ] GC(466) Survivor regions: 2->2(83)
[97.785s][info][gc,heap        ] GC(466) Old regions: 51->51
[97.785s][info][gc,heap        ] GC(466) Archive regions: 0->0
[97.785s][info][gc,heap        ] GC(466) Humongous regions: 0->0
[97.785s][info][gc,metaspace   ] GC(466) Metaspace: 75094K(75968K)->75094K(75968K) NonClass: 59755K(59968K)->59755K(59968K) Class: 15338K(16000K)->15338K(16000K)
[97.785s][info][gc             ] GC(466) Pause Young (Normal) (G1 Evacuation Pause) 698M->38M(1104M) 2.246ms
[97.785s][info][gc,cpu         ] GC(466) User=0.00s Sys=0.00s Real=0.00s
[97.954s][info][gc,start       ] GC(467) Pause Young (Normal) (G1 Evacuation Pause)
[97.954s][info][gc,task        ] GC(467) Using 33 workers of 33 for evacuation
[97.957s][info][gc,phases      ] GC(467)   Pre Evacuate Collection Set: 0.2ms
[97.957s][info][gc,phases      ] GC(467)   Merge Heap Roots: 0.3ms
[97.957s][info][gc,phases      ] GC(467)   Evacuate Collection Set: 0.9ms
[97.957s][info][gc,phases      ] GC(467)   Post Evacuate Collection Set: 0.6ms
[97.957s][info][gc,phases      ] GC(467)   Other: 0.1ms
[97.957s][info][gc,heap        ] GC(467) Eden regions: 660->0(660)
[97.957s][info][gc,heap        ] GC(467) Survivor regions: 2->2(83)
[97.957s][info][gc,heap        ] GC(467) Old regions: 51->51
[97.957s][info][gc,heap        ] GC(467) Archive regions: 0->0
[97.957s][info][gc,heap        ] GC(467) Humongous regions: 0->0
[97.957s][info][gc,metaspace   ] GC(467) Metaspace: 75094K(75968K)->75094K(75968K) NonClass: 59755K(59968K)->59755K(59968K) Class: 15338K(16000K)->15338K(16000K)
[97.957s][info][gc             ] GC(467) Pause Young (Normal) (G1 Evacuation Pause) 698M->38M(1104M) 2.363ms
[97.957s][info][gc,cpu         ] GC(467) User=0.00s Sys=0.00s Real=0.00s
[98.125s][info][gc,start       ] GC(468) Pause Young (Normal) (G1 Evacuation Pause)
[98.125s][info][gc,task        ] GC(468) Using 33 workers of 33 for evacuation
[98.127s][info][gc,phases      ] GC(468)   Pre Evacuate Collection Set: 0.2ms
[98.127s][info][gc,phases      ] GC(468)   Merge Heap Roots: 0.2ms
[98.127s][info][gc,phases      ] GC(468)   Evacuate Collection Set: 0.8ms
[98.127s][info][gc,phases      ] GC(468)   Post Evacuate Collection Set: 0.6ms
[98.127s][info][gc,phases      ] GC(468)   Other: 0.1ms
[98.127s][info][gc,heap        ] GC(468) Eden regions: 660->0(660)
[98.127s][info][gc,heap        ] GC(468) Survivor regions: 2->2(83)
[98.127s][info][gc,heap        ] GC(468) Old regions: 51->51
[98.127s][info][gc,heap        ] GC(468) Archive regions: 0->0
[98.127s][info][gc,heap        ] GC(468) Humongous regions: 0->0
[98.127s][info][gc,metaspace   ] GC(468) Metaspace: 75094K(75968K)->75094K(75968K) NonClass: 59755K(59968K)->59755K(59968K) Class: 15338K(16000K)->15338K(16000K)
[98.127s][info][gc             ] GC(468) Pause Young (Normal) (G1 Evacuation Pause) 698M->39M(1104M) 2.297ms
[98.127s][info][gc,cpu         ] GC(468) User=0.00s Sys=0.00s Real=0.00s
[98.299s][info][gc,start       ] GC(469) Pause Young (Normal) (G1 Evacuation Pause)
[98.299s][info][gc,task        ] GC(469) Using 33 workers of 33 for evacuation
[98.301s][info][gc,phases      ] GC(469)   Pre Evacuate Collection Set: 0.2ms
[98.301s][info][gc,phases      ] GC(469)   Merge Heap Roots: 0.3ms
[98.301s][info][gc,phases      ] GC(469)   Evacuate Collection Set: 0.8ms
[98.301s][info][gc,phases      ] GC(469)   Post Evacuate Collection Set: 0.6ms
[98.301s][info][gc,phases      ] GC(469)   Other: 0.1ms
[98.301s][info][gc,heap        ] GC(469) Eden regions: 660->0(660)
[98.302s][info][gc,heap        ] GC(469) Survivor regions: 2->2(83)
[98.302s][info][gc,heap        ] GC(469) Old regions: 51->51
[98.302s][info][gc,heap        ] GC(469) Archive regions: 0->0
[98.302s][info][gc,heap        ] GC(469) Humongous regions: 0->0
[98.302s][info][gc,metaspace   ] GC(469) Metaspace: 75094K(75968K)->75094K(75968K) NonClass: 59755K(59968K)->59755K(59968K) Class: 15338K(16000K)->15338K(16000K)
[98.302s][info][gc             ] GC(469) Pause Young (Normal) (G1 Evacuation Pause) 699M->38M(1104M) 2.266ms
[98.302s][info][gc,cpu         ] GC(469) User=0.00s Sys=0.00s Real=0.00s
[98.471s][info][gc,start       ] GC(470) Pause Young (Normal) (G1 Evacuation Pause)
[98.471s][info][gc,task        ] GC(470) Using 33 workers of 33 for evacuation
[98.473s][info][gc,phases      ] GC(470)   Pre Evacuate Collection Set: 0.3ms
[98.473s][info][gc,phases      ] GC(470)   Merge Heap Roots: 0.3ms
[98.473s][info][gc,phases      ] GC(470)   Evacuate Collection Set: 0.8ms
[98.473s][info][gc,phases      ] GC(470)   Post Evacuate Collection Set: 0.6ms
[98.473s][info][gc,phases      ] GC(470)   Other: 0.1ms
[98.473s][info][gc,heap        ] GC(470) Eden regions: 660->0(660)
[98.473s][info][gc,heap        ] GC(470) Survivor regions: 2->2(83)
[98.473s][info][gc,heap        ] GC(470) Old regions: 51->51
[98.473s][info][gc,heap        ] GC(470) Archive regions: 0->0
[98.473s][info][gc,heap        ] GC(470) Humongous regions: 0->0
[98.473s][info][gc,metaspace   ] GC(470) Metaspace: 75094K(75968K)->75094K(75968K) NonClass: 59755K(59968K)->59755K(59968K) Class: 15338K(16000K)->15338K(16000K)
[98.473s][info][gc             ] GC(470) Pause Young (Normal) (G1 Evacuation Pause) 698M->39M(1104M) 2.275ms
[98.474s][info][gc,cpu         ] GC(470) User=0.00s Sys=0.00s Real=0.00s
[98.642s][info][gc,start       ] GC(471) Pause Young (Normal) (G1 Evacuation Pause)
[98.642s][info][gc,task        ] GC(471) Using 33 workers of 33 for evacuation
[98.644s][info][gc,phases      ] GC(471)   Pre Evacuate Collection Set: 0.2ms
[98.644s][info][gc,phases      ] GC(471)   Merge Heap Roots: 0.3ms
[98.644s][info][gc,phases      ] GC(471)   Evacuate Collection Set: 0.9ms
[98.644s][info][gc,phases      ] GC(471)   Post Evacuate Collection Set: 0.6ms
[98.644s][info][gc,phases      ] GC(471)   Other: 0.1ms
[98.644s][info][gc,heap        ] GC(471) Eden regions: 660->0(660)
[98.644s][info][gc,heap        ] GC(471) Survivor regions: 2->2(83)
[98.644s][info][gc,heap        ] GC(471) Old regions: 51->51
[98.644s][info][gc,heap        ] GC(471) Archive regions: 0->0
[98.644s][info][gc,heap        ] GC(471) Humongous regions: 0->0
[98.644s][info][gc,metaspace   ] GC(471) Metaspace: 75094K(75968K)->75094K(75968K) NonClass: 59755K(59968K)->59755K(59968K) Class: 15338K(16000K)->15338K(16000K)
[98.644s][info][gc             ] GC(471) Pause Young (Normal) (G1 Evacuation Pause) 699M->38M(1104M) 2.324ms
[98.644s][info][gc,cpu         ] GC(471) User=0.00s Sys=0.00s Real=0.00s
[98.815s][info][gc,start       ] GC(472) Pause Young (Normal) (G1 Evacuation Pause)
[98.816s][info][gc,task        ] GC(472) Using 33 workers of 33 for evacuation
[98.818s][info][gc,phases      ] GC(472)   Pre Evacuate Collection Set: 0.2ms
[98.818s][info][gc,phases      ] GC(472)   Merge Heap Roots: 0.3ms
[98.818s][info][gc,phases      ] GC(472)   Evacuate Collection Set: 0.8ms
[98.818s][info][gc,phases      ] GC(472)   Post Evacuate Collection Set: 0.6ms
[98.818s][info][gc,phases      ] GC(472)   Other: 0.1ms
[98.818s][info][gc,heap        ] GC(472) Eden regions: 660->0(660)
[98.818s][info][gc,heap        ] GC(472) Survivor regions: 2->2(83)
[98.818s][info][gc,heap        ] GC(472) Old regions: 51->51
[98.818s][info][gc,heap        ] GC(472) Archive regions: 0->0
[98.818s][info][gc,heap        ] GC(472) Humongous regions: 0->0
[98.818s][info][gc,metaspace   ] GC(472) Metaspace: 75094K(75968K)->75094K(75968K) NonClass: 59755K(59968K)->59755K(59968K) Class: 15338K(16000K)->15338K(16000K)
[98.818s][info][gc             ] GC(472) Pause Young (Normal) (G1 Evacuation Pause) 698M->38M(1104M) 2.294ms
[98.818s][info][gc,cpu         ] GC(472) User=0.00s Sys=0.00s Real=0.00s
[98.987s][info][gc,start       ] GC(473) Pause Young (Normal) (G1 Evacuation Pause)
[98.987s][info][gc,task        ] GC(473) Using 33 workers of 33 for evacuation
[98.989s][info][gc,phases      ] GC(473)   Pre Evacuate Collection Set: 0.2ms
[98.989s][info][gc,phases      ] GC(473)   Merge Heap Roots: 0.3ms
[98.989s][info][gc,phases      ] GC(473)   Evacuate Collection Set: 0.8ms
[98.989s][info][gc,phases      ] GC(473)   Post Evacuate Collection Set: 0.7ms
[98.989s][info][gc,phases      ] GC(473)   Other: 0.1ms
[98.989s][info][gc,heap        ] GC(473) Eden regions: 660->0(660)
[98.989s][info][gc,heap        ] GC(473) Survivor regions: 2->2(83)
[98.989s][info][gc,heap        ] GC(473) Old regions: 51->51
[98.989s][info][gc,heap        ] GC(473) Archive regions: 0->0
[98.989s][info][gc,heap        ] GC(473) Humongous regions: 0->0
[98.989s][info][gc,metaspace   ] GC(473) Metaspace: 75094K(75968K)->75094K(75968K) NonClass: 59755K(59968K)->59755K(59968K) Class: 15338K(16000K)->15338K(16000K)
[98.989s][info][gc             ] GC(473) Pause Young (Normal) (G1 Evacuation Pause) 698M->39M(1104M) 2.338ms
[98.989s][info][gc,cpu         ] GC(473) User=0.00s Sys=0.00s Real=0.00s
[99.159s][info][gc,start       ] GC(474) Pause Young (Normal) (G1 Evacuation Pause)
[99.159s][info][gc,task        ] GC(474) Using 33 workers of 33 for evacuation
[99.161s][info][gc,phases      ] GC(474)   Pre Evacuate Collection Set: 0.3ms
[99.161s][info][gc,phases      ] GC(474)   Merge Heap Roots: 0.3ms
[99.161s][info][gc,phases      ] GC(474)   Evacuate Collection Set: 0.9ms
[99.161s][info][gc,phases      ] GC(474)   Post Evacuate Collection Set: 0.6ms
[99.161s][info][gc,phases      ] GC(474)   Other: 0.1ms
[99.161s][info][gc,heap        ] GC(474) Eden regions: 660->0(660)
[99.161s][info][gc,heap        ] GC(474) Survivor regions: 2->2(83)
[99.161s][info][gc,heap        ] GC(474) Old regions: 51->51
[99.161s][info][gc,heap        ] GC(474) Archive regions: 0->0
[99.161s][info][gc,heap        ] GC(474) Humongous regions: 0->0
[99.161s][info][gc,metaspace   ] GC(474) Metaspace: 75094K(75968K)->75094K(75968K) NonClass: 59755K(59968K)->59755K(59968K) Class: 15338K(16000K)->15338K(16000K)
[99.161s][info][gc             ] GC(474) Pause Young (Normal) (G1 Evacuation Pause) 699M->39M(1104M) 2.381ms
[99.161s][info][gc,cpu         ] GC(474) User=0.00s Sys=0.00s Real=0.00s
[99.343s][info][gc,start       ] GC(475) Pause Young (Normal) (G1 Evacuation Pause)
[99.343s][info][gc,task        ] GC(475) Using 33 workers of 33 for evacuation
[99.345s][info][gc,phases      ] GC(475)   Pre Evacuate Collection Set: 0.2ms
[99.345s][info][gc,phases      ] GC(475)   Merge Heap Roots: 0.3ms
[99.345s][info][gc,phases      ] GC(475)   Evacuate Collection Set: 0.9ms
[99.345s][info][gc,phases      ] GC(475)   Post Evacuate Collection Set: 0.7ms
[99.345s][info][gc,phases      ] GC(475)   Other: 0.1ms
[99.345s][info][gc,heap        ] GC(475) Eden regions: 660->0(660)
[99.345s][info][gc,heap        ] GC(475) Survivor regions: 2->2(83)
[99.345s][info][gc,heap        ] GC(475) Old regions: 51->51
[99.345s][info][gc,heap        ] GC(475) Archive regions: 0->0
[99.345s][info][gc,heap        ] GC(475) Humongous regions: 0->0
[99.345s][info][gc,metaspace   ] GC(475) Metaspace: 75094K(75968K)->75094K(75968K) NonClass: 59755K(59968K)->59755K(59968K) Class: 15338K(16000K)->15338K(16000K)
[99.345s][info][gc             ] GC(475) Pause Young (Normal) (G1 Evacuation Pause) 699M->39M(1104M) 2.340ms
[99.345s][info][gc,cpu         ] GC(475) User=0.00s Sys=0.00s Real=0.00s
[99.553s][info][gc,start       ] GC(476) Pause Young (Normal) (G1 Evacuation Pause)
[99.553s][info][gc,task        ] GC(476) Using 33 workers of 33 for evacuation
[99.555s][info][gc,phases      ] GC(476)   Pre Evacuate Collection Set: 0.2ms
[99.555s][info][gc,phases      ] GC(476)   Merge Heap Roots: 0.2ms
[99.555s][info][gc,phases      ] GC(476)   Evacuate Collection Set: 0.8ms
[99.555s][info][gc,phases      ] GC(476)   Post Evacuate Collection Set: 0.7ms
[99.555s][info][gc,phases      ] GC(476)   Other: 0.1ms
[99.555s][info][gc,heap        ] GC(476) Eden regions: 660->0(660)
[99.555s][info][gc,heap        ] GC(476) Survivor regions: 2->2(83)
[99.555s][info][gc,heap        ] GC(476) Old regions: 51->51
[99.555s][info][gc,heap        ] GC(476) Archive regions: 0->0
[99.555s][info][gc,heap        ] GC(476) Humongous regions: 0->0
[99.555s][info][gc,metaspace   ] GC(476) Metaspace: 75094K(75968K)->75094K(75968K) NonClass: 59755K(59968K)->59755K(59968K) Class: 15338K(16000K)->15338K(16000K)
[99.555s][info][gc             ] GC(476) Pause Young (Normal) (G1 Evacuation Pause) 699M->38M(1104M) 2.246ms
[99.555s][info][gc,cpu         ] GC(476) User=0.00s Sys=0.00s Real=0.00s
[99.812s][info][gc,start       ] GC(477) Pause Young (Normal) (G1 Evacuation Pause)
[99.813s][info][gc,task        ] GC(477) Using 32 workers of 33 for evacuation
[99.815s][info][gc,phases      ] GC(477)   Pre Evacuate Collection Set: 0.2ms
[99.815s][info][gc,phases      ] GC(477)   Merge Heap Roots: 0.2ms
[99.815s][info][gc,phases      ] GC(477)   Evacuate Collection Set: 0.8ms
[99.815s][info][gc,phases      ] GC(477)   Post Evacuate Collection Set: 0.7ms
[99.815s][info][gc,phases      ] GC(477)   Other: 0.1ms
[99.815s][info][gc,heap        ] GC(477) Eden regions: 660->0(660)
[99.815s][info][gc,heap        ] GC(477) Survivor regions: 2->2(83)
[99.815s][info][gc,heap        ] GC(477) Old regions: 51->51
[99.815s][info][gc,heap        ] GC(477) Archive regions: 0->0
[99.815s][info][gc,heap        ] GC(477) Humongous regions: 0->0
[99.815s][info][gc,metaspace   ] GC(477) Metaspace: 75094K(75968K)->75094K(75968K) NonClass: 59755K(59968K)->59755K(59968K) Class: 15338K(16000K)->15338K(16000K)
[99.815s][info][gc             ] GC(477) Pause Young (Normal) (G1 Evacuation Pause) 698M->38M(1104M) 2.311ms
[99.815s][info][gc,cpu         ] GC(477) User=0.00s Sys=0.00s Real=0.00s
[100.171s][info][gc,start       ] GC(478) Pause Young (Normal) (G1 Evacuation Pause)
[100.171s][info][gc,task        ] GC(478) Using 29 workers of 33 for evacuation
[100.173s][info][gc,phases      ] GC(478)   Pre Evacuate Collection Set: 0.2ms
[100.173s][info][gc,phases      ] GC(478)   Merge Heap Roots: 0.2ms
[100.173s][info][gc,phases      ] GC(478)   Evacuate Collection Set: 0.7ms
[100.173s][info][gc,phases      ] GC(478)   Post Evacuate Collection Set: 0.6ms
[100.173s][info][gc,phases      ] GC(478)   Other: 0.1ms
[100.173s][info][gc,heap        ] GC(478) Eden regions: 660->0(660)
[100.173s][info][gc,heap        ] GC(478) Survivor regions: 2->2(83)
[100.173s][info][gc,heap        ] GC(478) Old regions: 51->51
[100.173s][info][gc,heap        ] GC(478) Archive regions: 0->0
[100.173s][info][gc,heap        ] GC(478) Humongous regions: 0->0
[100.173s][info][gc,metaspace   ] GC(478) Metaspace: 75094K(75968K)->75094K(75968K) NonClass: 59755K(59968K)->59755K(59968K) Class: 15338K(16000K)->15338K(16000K)
[100.173s][info][gc             ] GC(478) Pause Young (Normal) (G1 Evacuation Pause) 698M->38M(1104M) 2.077ms
[100.173s][info][gc,cpu         ] GC(478) User=0.00s Sys=0.00s Real=0.00s
[100.590s][info][gc,start       ] GC(479) Pause Young (Normal) (G1 Evacuation Pause)
[100.590s][info][gc,task        ] GC(479) Using 27 workers of 33 for evacuation
[100.592s][info][gc,phases      ] GC(479)   Pre Evacuate Collection Set: 0.2ms
[100.592s][info][gc,phases      ] GC(479)   Merge Heap Roots: 0.2ms
[100.592s][info][gc,phases      ] GC(479)   Evacuate Collection Set: 0.6ms
[100.592s][info][gc,phases      ] GC(479)   Post Evacuate Collection Set: 0.6ms
[100.592s][info][gc,phases      ] GC(479)   Other: 0.1ms
[100.592s][info][gc,heap        ] GC(479) Eden regions: 660->0(660)
[100.592s][info][gc,heap        ] GC(479) Survivor regions: 2->2(83)
[100.592s][info][gc,heap        ] GC(479) Old regions: 51->51
[100.592s][info][gc,heap        ] GC(479) Archive regions: 0->0
[100.592s][info][gc,heap        ] GC(479) Humongous regions: 0->0
[100.592s][info][gc,metaspace   ] GC(479) Metaspace: 75094K(75968K)->75094K(75968K) NonClass: 59755K(59968K)->59755K(59968K) Class: 15338K(16000K)->15338K(16000K)
[100.592s][info][gc             ] GC(479) Pause Young (Normal) (G1 Evacuation Pause) 698M->38M(1104M) 1.970ms
[100.592s][info][gc,cpu         ] GC(479) User=0.00s Sys=0.00s Real=0.00s
[101.013s][info][gc,start       ] GC(480) Pause Young (Normal) (G1 Evacuation Pause)
[101.013s][info][gc,task        ] GC(480) Using 26 workers of 33 for evacuation
[101.014s][info][gc,phases      ] GC(480)   Pre Evacuate Collection Set: 0.2ms
[101.014s][info][gc,phases      ] GC(480)   Merge Heap Roots: 0.2ms
[101.014s][info][gc,phases      ] GC(480)   Evacuate Collection Set: 0.6ms
[101.014s][info][gc,phases      ] GC(480)   Post Evacuate Collection Set: 0.6ms
[101.014s][info][gc,phases      ] GC(480)   Other: 0.1ms
[101.014s][info][gc,heap        ] GC(480) Eden regions: 660->0(660)
[101.014s][info][gc,heap        ] GC(480) Survivor regions: 2->2(83)
[101.014s][info][gc,heap        ] GC(480) Old regions: 51->51
[101.014s][info][gc,heap        ] GC(480) Archive regions: 0->0
[101.015s][info][gc,heap        ] GC(480) Humongous regions: 0->0
[101.015s][info][gc,metaspace   ] GC(480) Metaspace: 75094K(75968K)->75094K(75968K) NonClass: 59755K(59968K)->59755K(59968K) Class: 15338K(16000K)->15338K(16000K)
[101.015s][info][gc             ] GC(480) Pause Young (Normal) (G1 Evacuation Pause) 698M->39M(1104M) 1.920ms
[101.015s][info][gc,cpu         ] GC(480) User=0.00s Sys=0.00s Real=0.00s
[101.337s][info][gc,heap,exit   ] Heap
[101.337s][info][gc,heap,exit   ]  garbage-first heap   total 1130496K, used 468021K [0x0000000080000000, 0x0000000100000000)
[101.337s][info][gc,heap,exit   ]   region size 1024K, 420 young (430080K), 2 survivors (2048K)
[101.337s][info][gc,heap,exit   ]  Metaspace       used 75176K, committed 76032K, reserved 1114112K
[101.337s][info][gc,heap,exit   ]   class space    used 15361K, committed 16000K, reserved 1048576K
