[0.015s][info][gc,init] CardTable entry size: 512
[0.016s][info][gc     ] Using G1
[0.029s][info][gc,init] Version: 20+36-2344 (release)
[0.029s][info][gc,init] CPUs: 48 total, 48 available
[0.029s][info][gc,init] Memory: 382G
[0.029s][info][gc,init] Large Page Support: Disabled
[0.029s][info][gc,init] NUMA Support: Disabled
[0.029s][info][gc,init] Compressed Oops: Enabled (32-bit)
[0.029s][info][gc,init] Heap Region Size: 1M
[0.029s][info][gc,init] Heap Min Capacity: 8M
[0.029s][info][gc,init] Heap Initial Capacity: 1G
[0.029s][info][gc,init] Heap Max Capacity: 1G
[0.029s][info][gc,init] Pre-touch: Disabled
[0.029s][info][gc,init] Parallel Workers: 33
[0.029s][info][gc,init] Concurrent Workers: 8
[0.029s][info][gc,init] Concurrent Refinement Workers: 33
[0.029s][info][gc,init] Periodic GC: Disabled
[0.030s][info][gc,metaspace] CDS archive(s) mapped at: [0x0000000800000000-0x0000000800c60000-0x0000000800c60000), size 12976128, SharedBaseAddress: 0x0000000800000000, ArchiveRelocationMode: 0.
[0.030s][info][gc,metaspace] Compressed class space mapped at: 0x0000000801000000-0x0000000841000000, reserved size: 1073741824
[0.030s][info][gc,metaspace] Narrow klass base: 0x0000000800000000, Narrow klass shift: 0, Narrow klass range: 0x100000000
[3.991s][info][gc,start    ] GC(0) Pause Young (Normal) (G1 Evacuation Pause)
[3.993s][info][gc,task     ] GC(0) Using 24 workers of 33 for evacuation
[4.002s][info][gc,phases   ] GC(0)   Pre Evacuate Collection Set: 0.3ms
[4.003s][info][gc,phases   ] GC(0)   Merge Heap Roots: 0.2ms
[4.003s][info][gc,phases   ] GC(0)   Evacuate Collection Set: 7.6ms
[4.003s][info][gc,phases   ] GC(0)   Post Evacuate Collection Set: 1.0ms
[4.003s][info][gc,phases   ] GC(0)   Other: 1.6ms
[4.003s][info][gc,heap     ] GC(0) Eden regions: 51->0(52)
[4.003s][info][gc,heap     ] GC(0) Survivor regions: 0->7(7)
[4.003s][info][gc,heap     ] GC(0) Old regions: 0->1
[4.003s][info][gc,heap     ] GC(0) Archive regions: 0->0
[4.003s][info][gc,heap     ] GC(0) Humongous regions: 0->0
[4.003s][info][gc,metaspace] GC(0) Metaspace: 15563K(15808K)->15563K(15808K) NonClass: 13597K(13760K)->13597K(13760K) Class: 1965K(2048K)->1965K(2048K)
[4.003s][info][gc          ] GC(0) Pause Young (Normal) (G1 Evacuation Pause) 51M->7M(1024M) 11.489ms
[4.003s][info][gc,cpu      ] GC(0) User=0.38s Sys=0.00s Real=0.02s
[4.492s][info][gc,start    ] GC(1) Pause Young (Concurrent Start) (Metadata GC Threshold)
[4.492s][info][gc,task     ] GC(1) Using 24 workers of 33 for evacuation
[4.501s][info][gc,phases   ] GC(1)   Pre Evacuate Collection Set: 0.3ms
[4.501s][info][gc,phases   ] GC(1)   Merge Heap Roots: 0.1ms
[4.501s][info][gc,phases   ] GC(1)   Evacuate Collection Set: 7.5ms
[4.501s][info][gc,phases   ] GC(1)   Post Evacuate Collection Set: 1.0ms
[4.501s][info][gc,phases   ] GC(1)   Other: 0.1ms
[4.501s][info][gc,heap     ] GC(1) Eden regions: 25->0(76)
[4.502s][info][gc,heap     ] GC(1) Survivor regions: 7->2(8)
[4.502s][info][gc,heap     ] GC(1) Old regions: 1->8
[4.502s][info][gc,heap     ] GC(1) Archive regions: 0->0
[4.502s][info][gc,heap     ] GC(1) Humongous regions: 0->0
[4.502s][info][gc,metaspace] GC(1) Metaspace: 21256K(21504K)->21256K(21504K) NonClass: 18521K(18624K)->18521K(18624K) Class: 2734K(2880K)->2734K(2880K)
[4.502s][info][gc          ] GC(1) Pause Young (Concurrent Start) (Metadata GC Threshold) 31M->8M(1024M) 9.536ms
[4.502s][info][gc,cpu      ] GC(1) User=0.38s Sys=0.00s Real=0.02s
[4.502s][info][gc          ] GC(2) Concurrent Mark Cycle
[4.502s][info][gc,marking  ] GC(2) Concurrent Scan Root Regions
[4.505s][info][gc,marking  ] GC(2) Concurrent Scan Root Regions 3.267ms
[4.505s][info][gc,marking  ] GC(2) Concurrent Mark
[4.505s][info][gc,marking  ] GC(2) Concurrent Mark From Roots
[4.505s][info][gc,task     ] GC(2) Using 8 workers of 8 for marking
[4.506s][info][gc,marking  ] GC(2) Concurrent Mark From Roots 0.689ms
[4.506s][info][gc,marking  ] GC(2) Concurrent Preclean
[4.506s][info][gc,marking  ] GC(2) Concurrent Preclean 0.033ms
[4.506s][info][gc,start    ] GC(2) Pause Remark
[4.509s][info][gc          ] GC(2) Pause Remark 9M->9M(40M) 3.098ms
[4.509s][info][gc,cpu      ] GC(2) User=0.00s Sys=0.00s Real=0.00s
[4.509s][info][gc,marking  ] GC(2) Concurrent Mark 4.162ms
[4.509s][info][gc,marking  ] GC(2) Concurrent Rebuild Remembered Sets and Scrub Regions
[4.511s][info][gc,marking  ] GC(2) Concurrent Rebuild Remembered Sets and Scrub Regions 1.723ms
[4.511s][info][gc,start    ] GC(2) Pause Cleanup
[4.512s][info][gc          ] GC(2) Pause Cleanup 9M->9M(40M) 0.172ms
[4.512s][info][gc,cpu      ] GC(2) User=0.00s Sys=0.00s Real=0.00s
[4.512s][info][gc,marking  ] GC(2) Concurrent Clear Claimed Marks
[4.512s][info][gc,marking  ] GC(2) Concurrent Clear Claimed Marks 0.040ms
[4.512s][info][gc,marking  ] GC(2) Concurrent Cleanup for Next Mark
[4.512s][info][gc,marking  ] GC(2) Concurrent Cleanup for Next Mark 0.573ms
[4.512s][info][gc          ] GC(2) Concurrent Mark Cycle 10.651ms
[5.078s][info][gc,start    ] GC(3) Pause Young (Prepare Mixed) (G1 Evacuation Pause)
[5.079s][info][gc,task     ] GC(3) Using 13 workers of 33 for evacuation
[5.083s][info][gc,phases   ] GC(3)   Pre Evacuate Collection Set: 0.1ms
[5.083s][info][gc,phases   ] GC(3)   Merge Heap Roots: 0.1ms
[5.083s][info][gc,phases   ] GC(3)   Evacuate Collection Set: 3.6ms
[5.083s][info][gc,phases   ] GC(3)   Post Evacuate Collection Set: 0.7ms
[5.083s][info][gc,phases   ] GC(3)   Other: 0.1ms
[5.083s][info][gc,heap     ] GC(3) Eden regions: 30->0(21)
[5.083s][info][gc,heap     ] GC(3) Survivor regions: 2->6(10)
[5.083s][info][gc,heap     ] GC(3) Old regions: 8->8
[5.083s][info][gc,heap     ] GC(3) Archive regions: 0->0
[5.083s][info][gc,heap     ] GC(3) Humongous regions: 0->0
[5.084s][info][gc,metaspace] GC(3) Metaspace: 29219K(29568K)->29219K(29568K) NonClass: 25314K(25536K)->25314K(25536K) Class: 3904K(4032K)->3904K(4032K)
[5.084s][info][gc          ] GC(3) Pause Young (Prepare Mixed) (G1 Evacuation Pause) 38M->13M(46M) 5.178ms
[5.084s][info][gc,cpu      ] GC(3) User=0.00s Sys=0.00s Real=0.00s
[5.199s][info][gc,start    ] GC(4) Pause Young (Mixed) (GCLocker Initiated GC)
[5.200s][info][gc,task     ] GC(4) Using 33 workers of 33 for evacuation
[5.206s][info][gc,phases   ] GC(4)   Pre Evacuate Collection Set: 0.1ms
[5.206s][info][gc,phases   ] GC(4)   Merge Heap Roots: 0.1ms
[5.206s][info][gc,phases   ] GC(4)   Evacuate Collection Set: 4.6ms
[5.206s][info][gc,phases   ] GC(4)   Post Evacuate Collection Set: 0.7ms
[5.206s][info][gc,phases   ] GC(4)   Other: 0.7ms
[5.206s][info][gc,heap     ] GC(4) Eden regions: 6->0(23)
[5.206s][info][gc,heap     ] GC(4) Survivor regions: 6->1(4)
[5.206s][info][gc,heap     ] GC(4) Old regions: 8->13
[5.206s][info][gc,heap     ] GC(4) Archive regions: 0->0
[5.206s][info][gc,heap     ] GC(4) Humongous regions: 0->0
[5.206s][info][gc,metaspace] GC(4) Metaspace: 30270K(30592K)->30270K(30592K) NonClass: 26227K(26432K)->26227K(26432K) Class: 4042K(4160K)->4042K(4160K)
[5.206s][info][gc          ] GC(4) Pause Young (Mixed) (GCLocker Initiated GC) 19M->13M(46M) 6.686ms
[5.206s][info][gc,cpu      ] GC(4) User=0.05s Sys=0.02s Real=0.00s
[5.505s][info][gc,start    ] GC(5) Pause Young (Normal) (G1 Evacuation Pause)
[5.505s][info][gc,task     ] GC(5) Using 33 workers of 33 for evacuation
[5.509s][info][gc,phases   ] GC(5)   Pre Evacuate Collection Set: 0.1ms
[5.509s][info][gc,phases   ] GC(5)   Merge Heap Roots: 0.1ms
[5.509s][info][gc,phases   ] GC(5)   Evacuate Collection Set: 3.6ms
[5.509s][info][gc,phases   ] GC(5)   Post Evacuate Collection Set: 0.5ms
[5.509s][info][gc,phases   ] GC(5)   Other: 0.1ms
[5.509s][info][gc,heap     ] GC(5) Eden regions: 23->0(23)
[5.509s][info][gc,heap     ] GC(5) Survivor regions: 1->2(3)
[5.509s][info][gc,heap     ] GC(5) Old regions: 13->13
[5.509s][info][gc,heap     ] GC(5) Archive regions: 0->0
[5.509s][info][gc,heap     ] GC(5) Humongous regions: 0->0
[5.510s][info][gc,metaspace] GC(5) Metaspace: 34976K(35328K)->34976K(35328K) NonClass: 29802K(30016K)->29802K(30016K) Class: 5173K(5312K)->5173K(5312K)
[5.510s][info][gc          ] GC(5) Pause Young (Normal) (G1 Evacuation Pause) 36M->14M(46M) 4.612ms
[5.510s][info][gc,cpu      ] GC(5) User=0.00s Sys=0.00s Real=0.00s
[5.544s][info][gc,start    ] GC(6) Pause Young (Concurrent Start) (Metadata GC Threshold)
[5.544s][info][gc,task     ] GC(6) Using 33 workers of 33 for evacuation
[5.547s][info][gc,phases   ] GC(6)   Pre Evacuate Collection Set: 0.2ms
[5.547s][info][gc,phases   ] GC(6)   Merge Heap Roots: 0.1ms
[5.547s][info][gc,phases   ] GC(6)   Evacuate Collection Set: 2.0ms
[5.547s][info][gc,phases   ] GC(6)   Post Evacuate Collection Set: 0.5ms
[5.547s][info][gc,phases   ] GC(6)   Other: 0.1ms
[5.547s][info][gc,heap     ] GC(6) Eden regions: 5->0(24)
[5.547s][info][gc,heap     ] GC(6) Survivor regions: 2->2(4)
[5.547s][info][gc,heap     ] GC(6) Old regions: 13->13
[5.547s][info][gc,heap     ] GC(6) Archive regions: 0->0
[5.547s][info][gc,heap     ] GC(6) Humongous regions: 0->0
[5.547s][info][gc,metaspace] GC(6) Metaspace: 35652K(35968K)->35652K(35968K) NonClass: 30261K(30464K)->30261K(30464K) Class: 5391K(5504K)->5391K(5504K)
[5.547s][info][gc          ] GC(6) Pause Young (Concurrent Start) (Metadata GC Threshold) 18M->14M(46M) 3.038ms
[5.547s][info][gc          ] GC(7) Concurrent Mark Cycle
[5.547s][info][gc,cpu      ] GC(6) User=0.00s Sys=0.00s Real=0.00s
[5.547s][info][gc,marking  ] GC(7) Concurrent Scan Root Regions
[5.548s][info][gc,marking  ] GC(7) Concurrent Scan Root Regions 1.667ms
[5.548s][info][gc,marking  ] GC(7) Concurrent Mark
[5.548s][info][gc,marking  ] GC(7) Concurrent Mark From Roots
[5.548s][info][gc,task     ] GC(7) Using 8 workers of 8 for marking
[5.557s][info][gc,marking  ] GC(7) Concurrent Mark From Roots 8.149ms
[5.557s][info][gc,marking  ] GC(7) Concurrent Preclean
[5.557s][info][gc,marking  ] GC(7) Concurrent Preclean 0.066ms
[5.557s][info][gc,start    ] GC(7) Pause Remark
[5.559s][info][gc          ] GC(7) Pause Remark 16M->16M(46M) 2.334ms
[5.559s][info][gc,cpu      ] GC(7) User=0.00s Sys=0.00s Real=0.00s
[5.559s][info][gc,marking  ] GC(7) Concurrent Mark 10.930ms
[5.559s][info][gc,marking  ] GC(7) Concurrent Rebuild Remembered Sets and Scrub Regions
[5.561s][info][gc,marking  ] GC(7) Concurrent Rebuild Remembered Sets and Scrub Regions 1.813ms
[5.562s][info][gc,start    ] GC(7) Pause Cleanup
[5.562s][info][gc          ] GC(7) Pause Cleanup 16M->16M(46M) 0.103ms
[5.562s][info][gc,cpu      ] GC(7) User=0.00s Sys=0.00s Real=0.00s
[5.562s][info][gc,marking  ] GC(7) Concurrent Clear Claimed Marks
[5.562s][info][gc,marking  ] GC(7) Concurrent Clear Claimed Marks 0.058ms
[5.562s][info][gc,marking  ] GC(7) Concurrent Cleanup for Next Mark
[5.562s][info][gc,marking  ] GC(7) Concurrent Cleanup for Next Mark 0.173ms
[5.562s][info][gc          ] GC(7) Concurrent Mark Cycle 15.600ms
[5.760s][info][gc,start    ] GC(8) Pause Young (Prepare Mixed) (G1 Evacuation Pause)
[5.760s][info][gc,task     ] GC(8) Using 33 workers of 33 for evacuation
[5.767s][info][gc,phases   ] GC(8)   Pre Evacuate Collection Set: 0.1ms
[5.767s][info][gc,phases   ] GC(8)   Merge Heap Roots: 0.1ms
[5.767s][info][gc,phases   ] GC(8)   Evacuate Collection Set: 3.5ms
[5.767s][info][gc,phases   ] GC(8)   Post Evacuate Collection Set: 3.0ms
[5.767s][info][gc,phases   ] GC(8)   Other: 0.1ms
[5.767s][info][gc,heap     ] GC(8) Eden regions: 24->0(318)
[5.767s][info][gc,heap     ] GC(8) Survivor regions: 2->3(4)
[5.767s][info][gc,heap     ] GC(8) Old regions: 13->13
[5.767s][info][gc,heap     ] GC(8) Archive regions: 0->0
[5.767s][info][gc,heap     ] GC(8) Humongous regions: 0->0
[5.767s][info][gc,metaspace] GC(8) Metaspace: 37986K(38336K)->37986K(38336K) NonClass: 31976K(32192K)->31976K(32192K) Class: 6010K(6144K)->6010K(6144K)
[5.767s][info][gc          ] GC(8) Pause Young (Prepare Mixed) (G1 Evacuation Pause) 38M->14M(535M) 7.087ms
[5.767s][info][gc,cpu      ] GC(8) User=0.00s Sys=0.00s Real=0.00s
[6.972s][info][gc,start    ] GC(9) Pause Young (Mixed) (Metadata GC Threshold)
[6.972s][info][gc,task     ] GC(9) Using 33 workers of 33 for evacuation
[6.986s][info][gc,phases   ] GC(9)   Pre Evacuate Collection Set: 0.3ms
[6.986s][info][gc,phases   ] GC(9)   Merge Heap Roots: 0.2ms
[6.986s][info][gc,phases   ] GC(9)   Evacuate Collection Set: 11.9ms
[6.986s][info][gc,phases   ] GC(9)   Post Evacuate Collection Set: 1.2ms
[6.986s][info][gc,phases   ] GC(9)   Other: 0.1ms
[6.986s][info][gc,heap     ] GC(9) Eden regions: 137->0(312)
[6.986s][info][gc,heap     ] GC(9) Survivor regions: 3->9(41)
[6.986s][info][gc,heap     ] GC(9) Old regions: 13->13
[6.986s][info][gc,heap     ] GC(9) Archive regions: 0->0
[6.986s][info][gc,heap     ] GC(9) Humongous regions: 0->0
[6.986s][info][gc,metaspace] GC(9) Metaspace: 59259K(60288K)->59259K(60288K) NonClass: 47055K(47680K)->47055K(47680K) Class: 12203K(12608K)->12203K(12608K)
[6.986s][info][gc          ] GC(9) Pause Young (Mixed) (Metadata GC Threshold) 151M->20M(535M) 13.878ms
[6.986s][info][gc,cpu      ] GC(9) User=0.08s Sys=0.00s Real=0.01s
[7.003s][info][gc,start    ] GC(10) Pause Young (Concurrent Start) (Metadata GC Threshold)
[7.003s][info][gc,task     ] GC(10) Using 33 workers of 33 for evacuation
[7.016s][info][gc,phases   ] GC(10)   Pre Evacuate Collection Set: 0.3ms
[7.016s][info][gc,phases   ] GC(10)   Merge Heap Roots: 0.1ms
[7.016s][info][gc,phases   ] GC(10)   Evacuate Collection Set: 11.1ms
[7.016s][info][gc,phases   ] GC(10)   Post Evacuate Collection Set: 0.9ms
[7.016s][info][gc,phases   ] GC(10)   Other: 0.1ms
[7.016s][info][gc,heap     ] GC(10) Eden regions: 15->0(313)
[7.016s][info][gc,heap     ] GC(10) Survivor regions: 9->8(41)
[7.016s][info][gc,heap     ] GC(10) Old regions: 13->13
[7.016s][info][gc,heap     ] GC(10) Archive regions: 0->0
[7.016s][info][gc,heap     ] GC(10) Humongous regions: 0->0
[7.016s][info][gc,metaspace] GC(10) Metaspace: 59593K(60608K)->59593K(60608K) NonClass: 47269K(47872K)->47269K(47872K) Class: 12324K(12736K)->12324K(12736K)
[7.016s][info][gc          ] GC(10) Pause Young (Concurrent Start) (Metadata GC Threshold) 35M->20M(535M) 12.719ms
[7.016s][info][gc          ] GC(11) Concurrent Mark Cycle
[7.016s][info][gc,cpu      ] GC(10) User=0.52s Sys=0.00s Real=0.01s
[7.016s][info][gc,marking  ] GC(11) Concurrent Scan Root Regions
[7.018s][info][gc,marking  ] GC(11) Concurrent Scan Root Regions 1.837ms
[7.018s][info][gc,marking  ] GC(11) Concurrent Mark
[7.018s][info][gc,marking  ] GC(11) Concurrent Mark From Roots
[7.018s][info][gc,task     ] GC(11) Using 8 workers of 8 for marking
[7.031s][info][gc,marking  ] GC(11) Concurrent Mark From Roots 13.474ms
[7.031s][info][gc,marking  ] GC(11) Concurrent Preclean
[7.031s][info][gc,marking  ] GC(11) Concurrent Preclean 0.117ms
[7.032s][info][gc,start    ] GC(11) Pause Remark
[7.034s][info][gc          ] GC(11) Pause Remark 33M->33M(117M) 2.603ms
[7.034s][info][gc,cpu      ] GC(11) User=0.00s Sys=0.00s Real=0.00s
[7.036s][info][gc,marking  ] GC(11) Concurrent Mark 18.144ms
[7.036s][info][gc,marking  ] GC(11) Concurrent Rebuild Remembered Sets and Scrub Regions
[7.039s][info][gc,marking  ] GC(11) Concurrent Rebuild Remembered Sets and Scrub Regions 3.393ms
[7.040s][info][gc,start    ] GC(11) Pause Cleanup
[7.040s][info][gc          ] GC(11) Pause Cleanup 33M->33M(117M) 0.097ms
[7.040s][info][gc,cpu      ] GC(11) User=0.00s Sys=0.00s Real=0.00s
[7.041s][info][gc,marking  ] GC(11) Concurrent Clear Claimed Marks
[7.041s][info][gc,marking  ] GC(11) Concurrent Clear Claimed Marks 0.115ms
[7.041s][info][gc,marking  ] GC(11) Concurrent Cleanup for Next Mark
[7.042s][info][gc,marking  ] GC(11) Concurrent Cleanup for Next Mark 0.473ms
[7.042s][info][gc          ] GC(11) Concurrent Mark Cycle 26.006ms
[7.896s][info][gc,start    ] GC(12) Pause Young (Prepare Mixed) (G1 Evacuation Pause)
[7.896s][info][gc,task     ] GC(12) Using 33 workers of 33 for evacuation
[7.921s][info][gc,phases   ] GC(12)   Pre Evacuate Collection Set: 0.2ms
[7.921s][info][gc,phases   ] GC(12)   Merge Heap Roots: 0.2ms
[7.921s][info][gc,phases   ] GC(12)   Evacuate Collection Set: 23.6ms
[7.921s][info][gc,phases   ] GC(12)   Post Evacuate Collection Set: 1.4ms
[7.922s][info][gc,phases   ] GC(12)   Other: 0.1ms
[7.922s][info][gc,heap     ] GC(12) Eden regions: 96->0(59)
[7.922s][info][gc,heap     ] GC(12) Survivor regions: 8->26(41)
[7.922s][info][gc,heap     ] GC(12) Old regions: 13->13
[7.922s][info][gc,heap     ] GC(12) Archive regions: 0->0
[7.922s][info][gc,heap     ] GC(12) Humongous regions: 0->0
[7.922s][info][gc,metaspace] GC(12) Metaspace: 70964K(72064K)->70964K(72064K) NonClass: 55737K(56384K)->55737K(56384K) Class: 15226K(15680K)->15226K(15680K)
[7.922s][info][gc          ] GC(12) Pause Young (Prepare Mixed) (G1 Evacuation Pause) 116M->38M(143M) 25.881ms
[7.922s][info][gc,cpu      ] GC(12) User=0.55s Sys=0.39s Real=0.03s
[8.089s][info][gc,start    ] GC(13) Pause Young (Mixed) (G1 Evacuation Pause)
[8.089s][info][gc,task     ] GC(13) Using 33 workers of 33 for evacuation
[8.106s][info][gc,phases   ] GC(13)   Pre Evacuate Collection Set: 0.2ms
[8.106s][info][gc,phases   ] GC(13)   Merge Heap Roots: 0.1ms
[8.106s][info][gc,phases   ] GC(13)   Evacuate Collection Set: 14.9ms
[8.106s][info][gc,phases   ] GC(13)   Post Evacuate Collection Set: 0.7ms
[8.106s][info][gc,phases   ] GC(13)   Other: 0.1ms
[8.106s][info][gc,heap     ] GC(13) Eden regions: 59->0(78)
[8.106s][info][gc,heap     ] GC(13) Survivor regions: 26->4(11)
[8.106s][info][gc,heap     ] GC(13) Old regions: 13->37
[8.106s][info][gc,heap     ] GC(13) Archive regions: 0->0
[8.106s][info][gc,heap     ] GC(13) Humongous regions: 0->0
[8.106s][info][gc,metaspace] GC(13) Metaspace: 73034K(74112K)->73034K(74112K) NonClass: 57593K(58240K)->57593K(58240K) Class: 15441K(15872K)->15441K(15872K)
[8.106s][info][gc          ] GC(13) Pause Young (Mixed) (G1 Evacuation Pause) 97M->40M(143M) 16.375ms
[8.106s][info][gc,cpu      ] GC(13) User=0.02s Sys=0.00s Real=0.02s
[8.268s][info][gc,start    ] GC(14) Pause Young (Normal) (G1 Evacuation Pause)
[8.268s][info][gc,task     ] GC(14) Using 33 workers of 33 for evacuation
[8.270s][info][gc,phases   ] GC(14)   Pre Evacuate Collection Set: 0.2ms
[8.270s][info][gc,phases   ] GC(14)   Merge Heap Roots: 0.2ms
[8.270s][info][gc,phases   ] GC(14)   Evacuate Collection Set: 1.1ms
[8.270s][info][gc,phases   ] GC(14)   Post Evacuate Collection Set: 0.4ms
[8.270s][info][gc,phases   ] GC(14)   Other: 0.1ms
[8.270s][info][gc,heap     ] GC(14) Eden regions: 78->0(82)
[8.270s][info][gc,heap     ] GC(14) Survivor regions: 4->3(11)
[8.270s][info][gc,heap     ] GC(14) Old regions: 37->37
[8.270s][info][gc,heap     ] GC(14) Archive regions: 0->0
[8.270s][info][gc,heap     ] GC(14) Humongous regions: 0->0
[8.270s][info][gc,metaspace] GC(14) Metaspace: 73053K(74176K)->73053K(74176K) NonClass: 57611K(58304K)->57611K(58304K) Class: 15442K(15872K)->15442K(15872K)
[8.270s][info][gc          ] GC(14) Pause Young (Normal) (G1 Evacuation Pause) 118M->39M(143M) 2.276ms
[8.270s][info][gc,cpu      ] GC(14) User=0.00s Sys=0.00s Real=0.00s
[8.428s][info][gc,start    ] GC(15) Pause Young (Normal) (G1 Evacuation Pause)
[8.428s][info][gc,task     ] GC(15) Using 33 workers of 33 for evacuation
[8.431s][info][gc,phases   ] GC(15)   Pre Evacuate Collection Set: 0.2ms
[8.431s][info][gc,phases   ] GC(15)   Merge Heap Roots: 0.2ms
[8.431s][info][gc,phases   ] GC(15)   Evacuate Collection Set: 1.2ms
[8.431s][info][gc,phases   ] GC(15)   Post Evacuate Collection Set: 0.4ms
[8.431s][info][gc,phases   ] GC(15)   Other: 0.1ms
[8.431s][info][gc,heap     ] GC(15) Eden regions: 82->0(82)
[8.431s][info][gc,heap     ] GC(15) Survivor regions: 3->3(11)
[8.431s][info][gc,heap     ] GC(15) Old regions: 37->37
[8.431s][info][gc,heap     ] GC(15) Archive regions: 0->0
[8.431s][info][gc,heap     ] GC(15) Humongous regions: 0->0
[8.431s][info][gc,metaspace] GC(15) Metaspace: 73079K(74176K)->73079K(74176K) NonClass: 57634K(58304K)->57634K(58304K) Class: 15444K(15872K)->15444K(15872K)
[8.431s][info][gc          ] GC(15) Pause Young (Normal) (G1 Evacuation Pause) 121M->39M(143M) 2.400ms
[8.431s][info][gc,cpu      ] GC(15) User=0.00s Sys=0.00s Real=0.00s
[8.576s][info][gc,start    ] GC(16) Pause Young (Normal) (G1 Evacuation Pause)
[8.576s][info][gc,task     ] GC(16) Using 33 workers of 33 for evacuation
[8.578s][info][gc,phases   ] GC(16)   Pre Evacuate Collection Set: 0.2ms
[8.578s][info][gc,phases   ] GC(16)   Merge Heap Roots: 0.2ms
[8.578s][info][gc,phases   ] GC(16)   Evacuate Collection Set: 1.3ms
[8.578s][info][gc,phases   ] GC(16)   Post Evacuate Collection Set: 0.5ms
[8.578s][info][gc,phases   ] GC(16)   Other: 0.1ms
[8.578s][info][gc,heap     ] GC(16) Eden regions: 82->0(82)
[8.578s][info][gc,heap     ] GC(16) Survivor regions: 3->3(11)
[8.578s][info][gc,heap     ] GC(16) Old regions: 37->37
[8.578s][info][gc,heap     ] GC(16) Archive regions: 0->0
[8.578s][info][gc,heap     ] GC(16) Humongous regions: 0->0
[8.578s][info][gc,metaspace] GC(16) Metaspace: 73143K(74240K)->73143K(74240K) NonClass: 57694K(58368K)->57694K(58368K) Class: 15449K(15872K)->15449K(15872K)
[8.578s][info][gc          ] GC(16) Pause Young (Normal) (G1 Evacuation Pause) 121M->39M(143M) 2.498ms
[8.578s][info][gc,cpu      ] GC(16) User=0.00s Sys=0.00s Real=0.00s
[8.708s][info][gc,start    ] GC(17) Pause Young (Normal) (G1 Evacuation Pause)
[8.709s][info][gc,task     ] GC(17) Using 33 workers of 33 for evacuation
[8.711s][info][gc,phases   ] GC(17)   Pre Evacuate Collection Set: 0.2ms
[8.711s][info][gc,phases   ] GC(17)   Merge Heap Roots: 0.2ms
[8.711s][info][gc,phases   ] GC(17)   Evacuate Collection Set: 1.4ms
[8.711s][info][gc,phases   ] GC(17)   Post Evacuate Collection Set: 0.5ms
[8.711s][info][gc,phases   ] GC(17)   Other: 0.1ms
[8.711s][info][gc,heap     ] GC(17) Eden regions: 82->0(82)
[8.711s][info][gc,heap     ] GC(17) Survivor regions: 3->3(11)
[8.711s][info][gc,heap     ] GC(17) Old regions: 37->37
[8.711s][info][gc,heap     ] GC(17) Archive regions: 0->0
[8.711s][info][gc,heap     ] GC(17) Humongous regions: 0->0
[8.711s][info][gc,metaspace] GC(17) Metaspace: 73182K(74304K)->73182K(74304K) NonClass: 57733K(58432K)->57733K(58432K) Class: 15449K(15872K)->15449K(15872K)
[8.711s][info][gc          ] GC(17) Pause Young (Normal) (G1 Evacuation Pause) 121M->39M(143M) 2.629ms
[8.711s][info][gc,cpu      ] GC(17) User=0.00s Sys=0.00s Real=0.00s
[8.824s][info][gc,start    ] GC(18) Pause Young (Normal) (G1 Evacuation Pause)
[8.825s][info][gc,task     ] GC(18) Using 33 workers of 33 for evacuation
[8.827s][info][gc,phases   ] GC(18)   Pre Evacuate Collection Set: 0.2ms
[8.827s][info][gc,phases   ] GC(18)   Merge Heap Roots: 0.2ms
[8.827s][info][gc,phases   ] GC(18)   Evacuate Collection Set: 1.4ms
[8.827s][info][gc,phases   ] GC(18)   Post Evacuate Collection Set: 0.5ms
[8.827s][info][gc,phases   ] GC(18)   Other: 0.1ms
[8.827s][info][gc,heap     ] GC(18) Eden regions: 82->0(82)
[8.827s][info][gc,heap     ] GC(18) Survivor regions: 3->3(11)
[8.827s][info][gc,heap     ] GC(18) Old regions: 37->37
[8.827s][info][gc,heap     ] GC(18) Archive regions: 0->0
[8.827s][info][gc,heap     ] GC(18) Humongous regions: 0->0
[8.827s][info][gc,metaspace] GC(18) Metaspace: 73223K(74304K)->73223K(74304K) NonClass: 57774K(58432K)->57774K(58432K) Class: 15449K(15872K)->15449K(15872K)
[8.827s][info][gc          ] GC(18) Pause Young (Normal) (G1 Evacuation Pause) 121M->39M(143M) 2.686ms
[8.827s][info][gc,cpu      ] GC(18) User=0.00s Sys=0.00s Real=0.00s
[8.927s][info][gc,start    ] GC(19) Pause Young (Normal) (G1 Evacuation Pause)
[8.927s][info][gc,task     ] GC(19) Using 33 workers of 33 for evacuation
[8.929s][info][gc,phases   ] GC(19)   Pre Evacuate Collection Set: 0.2ms
[8.929s][info][gc,phases   ] GC(19)   Merge Heap Roots: 0.2ms
[8.929s][info][gc,phases   ] GC(19)   Evacuate Collection Set: 1.3ms
[8.929s][info][gc,phases   ] GC(19)   Post Evacuate Collection Set: 0.6ms
[8.929s][info][gc,phases   ] GC(19)   Other: 0.1ms
[8.929s][info][gc,heap     ] GC(19) Eden regions: 82->0(82)
[8.929s][info][gc,heap     ] GC(19) Survivor regions: 3->3(11)
[8.929s][info][gc,heap     ] GC(19) Old regions: 37->37
[8.929s][info][gc,heap     ] GC(19) Archive regions: 0->0
[8.929s][info][gc,heap     ] GC(19) Humongous regions: 0->0
[8.929s][info][gc,metaspace] GC(19) Metaspace: 73285K(74368K)->73285K(74368K) NonClass: 57836K(58496K)->57836K(58496K) Class: 15449K(15872K)->15449K(15872K)
[8.929s][info][gc          ] GC(19) Pause Young (Normal) (G1 Evacuation Pause) 121M->39M(143M) 2.645ms
[8.930s][info][gc,cpu      ] GC(19) User=0.00s Sys=0.00s Real=0.00s
[9.018s][info][gc,start    ] GC(20) Pause Young (Normal) (G1 Evacuation Pause)
[9.018s][info][gc,task     ] GC(20) Using 33 workers of 33 for evacuation
[9.020s][info][gc,phases   ] GC(20)   Pre Evacuate Collection Set: 0.2ms
[9.020s][info][gc,phases   ] GC(20)   Merge Heap Roots: 0.2ms
[9.020s][info][gc,phases   ] GC(20)   Evacuate Collection Set: 1.5ms
[9.020s][info][gc,phases   ] GC(20)   Post Evacuate Collection Set: 0.6ms
[9.020s][info][gc,phases   ] GC(20)   Other: 0.1ms
[9.020s][info][gc,heap     ] GC(20) Eden regions: 82->0(82)
[9.020s][info][gc,heap     ] GC(20) Survivor regions: 3->3(11)
[9.020s][info][gc,heap     ] GC(20) Old regions: 37->37
[9.020s][info][gc,heap     ] GC(20) Archive regions: 0->0
[9.020s][info][gc,heap     ] GC(20) Humongous regions: 0->0
[9.020s][info][gc,metaspace] GC(20) Metaspace: 73307K(74368K)->73307K(74368K) NonClass: 57857K(58496K)->57857K(58496K) Class: 15449K(15872K)->15449K(15872K)
[9.020s][info][gc          ] GC(20) Pause Young (Normal) (G1 Evacuation Pause) 121M->39M(143M) 2.816ms
[9.020s][info][gc,cpu      ] GC(20) User=0.00s Sys=0.00s Real=0.00s
[9.106s][info][gc,start    ] GC(21) Pause Young (Normal) (G1 Evacuation Pause)
[9.106s][info][gc,task     ] GC(21) Using 33 workers of 33 for evacuation
[9.112s][info][gc,phases   ] GC(21)   Pre Evacuate Collection Set: 0.2ms
[9.112s][info][gc,phases   ] GC(21)   Merge Heap Roots: 0.2ms
[9.112s][info][gc,phases   ] GC(21)   Evacuate Collection Set: 1.5ms
[9.112s][info][gc,phases   ] GC(21)   Post Evacuate Collection Set: 3.3ms
[9.112s][info][gc,phases   ] GC(21)   Other: 0.1ms
[9.112s][info][gc,heap     ] GC(21) Eden regions: 82->0(347)
[9.112s][info][gc,heap     ] GC(21) Survivor regions: 3->3(11)
[9.112s][info][gc,heap     ] GC(21) Old regions: 37->37
[9.112s][info][gc,heap     ] GC(21) Archive regions: 0->0
[9.112s][info][gc,heap     ] GC(21) Humongous regions: 0->0
[9.112s][info][gc,metaspace] GC(21) Metaspace: 73308K(74368K)->73308K(74368K) NonClass: 57859K(58496K)->57859K(58496K) Class: 15449K(15872K)->15449K(15872K)
[9.112s][info][gc          ] GC(21) Pause Young (Normal) (G1 Evacuation Pause) 121M->39M(584M) 5.534ms
[9.112s][info][gc,cpu      ] GC(21) User=0.00s Sys=0.00s Real=0.00s
[9.469s][info][gc,start    ] GC(22) Pause Young (Normal) (G1 Evacuation Pause)
[9.469s][info][gc,task     ] GC(22) Using 33 workers of 33 for evacuation
[9.473s][info][gc,phases   ] GC(22)   Pre Evacuate Collection Set: 0.2ms
[9.473s][info][gc,phases   ] GC(22)   Merge Heap Roots: 0.2ms
[9.473s][info][gc,phases   ] GC(22)   Evacuate Collection Set: 2.2ms
[9.473s][info][gc,phases   ] GC(22)   Post Evacuate Collection Set: 0.7ms
[9.473s][info][gc,phases   ] GC(22)   Other: 0.2ms
[9.473s][info][gc,heap     ] GC(22) Eden regions: 347->0(347)
[9.473s][info][gc,heap     ] GC(22) Survivor regions: 3->3(44)
[9.473s][info][gc,heap     ] GC(22) Old regions: 37->37
[9.473s][info][gc,heap     ] GC(22) Archive regions: 0->0
[9.473s][info][gc,heap     ] GC(22) Humongous regions: 0->0
[9.473s][info][gc,metaspace] GC(22) Metaspace: 73325K(74368K)->73325K(74368K) NonClass: 57875K(58496K)->57875K(58496K) Class: 15450K(15872K)->15450K(15872K)
[9.473s][info][gc          ] GC(22) Pause Young (Normal) (G1 Evacuation Pause) 386M->39M(584M) 3.809ms
[9.473s][info][gc,cpu      ] GC(22) User=0.00s Sys=0.00s Real=0.00s
[9.773s][info][gc,start    ] GC(23) Pause Young (Normal) (G1 Evacuation Pause)
[9.773s][info][gc,task     ] GC(23) Using 33 workers of 33 for evacuation
[9.777s][info][gc,phases   ] GC(23)   Pre Evacuate Collection Set: 0.2ms
[9.777s][info][gc,phases   ] GC(23)   Merge Heap Roots: 0.2ms
[9.777s][info][gc,phases   ] GC(23)   Evacuate Collection Set: 2.8ms
[9.777s][info][gc,phases   ] GC(23)   Post Evacuate Collection Set: 0.7ms
[9.777s][info][gc,phases   ] GC(23)   Other: 0.1ms
[9.777s][info][gc,heap     ] GC(23) Eden regions: 347->0(347)
[9.777s][info][gc,heap     ] GC(23) Survivor regions: 3->3(44)
[9.777s][info][gc,heap     ] GC(23) Old regions: 37->37
[9.777s][info][gc,heap     ] GC(23) Archive regions: 0->0
[9.777s][info][gc,heap     ] GC(23) Humongous regions: 0->0
[9.777s][info][gc,metaspace] GC(23) Metaspace: 73326K(74368K)->73326K(74368K) NonClass: 57876K(58496K)->57876K(58496K) Class: 15450K(15872K)->15450K(15872K)
[9.777s][info][gc          ] GC(23) Pause Young (Normal) (G1 Evacuation Pause) 386M->39M(584M) 4.367ms
[9.777s][info][gc,cpu      ] GC(23) User=0.00s Sys=0.00s Real=0.00s
[10.042s][info][gc,start    ] GC(24) Pause Young (Normal) (G1 Evacuation Pause)
[10.042s][info][gc,task     ] GC(24) Using 33 workers of 33 for evacuation
[10.045s][info][gc,phases   ] GC(24)   Pre Evacuate Collection Set: 0.2ms
[10.045s][info][gc,phases   ] GC(24)   Merge Heap Roots: 0.2ms
[10.045s][info][gc,phases   ] GC(24)   Evacuate Collection Set: 1.7ms
[10.045s][info][gc,phases   ] GC(24)   Post Evacuate Collection Set: 0.7ms
[10.045s][info][gc,phases   ] GC(24)   Other: 0.1ms
[10.045s][info][gc,heap     ] GC(24) Eden regions: 347->0(347)
[10.045s][info][gc,heap     ] GC(24) Survivor regions: 3->3(44)
[10.045s][info][gc,heap     ] GC(24) Old regions: 37->37
[10.045s][info][gc,heap     ] GC(24) Archive regions: 0->0
[10.045s][info][gc,heap     ] GC(24) Humongous regions: 0->0
[10.045s][info][gc,metaspace] GC(24) Metaspace: 73330K(74432K)->73330K(74432K) NonClass: 57880K(58560K)->57880K(58560K) Class: 15450K(15872K)->15450K(15872K)
[10.045s][info][gc          ] GC(24) Pause Young (Normal) (G1 Evacuation Pause) 386M->39M(584M) 3.209ms
[10.045s][info][gc,cpu      ] GC(24) User=0.00s Sys=0.00s Real=0.00s
[10.262s][info][gc,start    ] GC(25) Pause Young (Normal) (G1 Evacuation Pause)
[10.262s][info][gc,task     ] GC(25) Using 33 workers of 33 for evacuation
[10.265s][info][gc,phases   ] GC(25)   Pre Evacuate Collection Set: 0.2ms
[10.265s][info][gc,phases   ] GC(25)   Merge Heap Roots: 0.2ms
[10.265s][info][gc,phases   ] GC(25)   Evacuate Collection Set: 1.7ms
[10.265s][info][gc,phases   ] GC(25)   Post Evacuate Collection Set: 0.7ms
[10.265s][info][gc,phases   ] GC(25)   Other: 0.1ms
[10.265s][info][gc,heap     ] GC(25) Eden regions: 347->0(347)
[10.265s][info][gc,heap     ] GC(25) Survivor regions: 3->3(44)
[10.265s][info][gc,heap     ] GC(25) Old regions: 37->37
[10.265s][info][gc,heap     ] GC(25) Archive regions: 0->0
[10.265s][info][gc,heap     ] GC(25) Humongous regions: 0->0
[10.265s][info][gc,metaspace] GC(25) Metaspace: 73335K(74432K)->73335K(74432K) NonClass: 57885K(58560K)->57885K(58560K) Class: 15450K(15872K)->15450K(15872K)
[10.265s][info][gc          ] GC(25) Pause Young (Normal) (G1 Evacuation Pause) 386M->39M(584M) 3.277ms
[10.265s][info][gc,cpu      ] GC(25) User=0.00s Sys=0.00s Real=0.00s
[10.462s][info][gc,start    ] GC(26) Pause Young (Normal) (G1 Evacuation Pause)
[10.462s][info][gc,task     ] GC(26) Using 33 workers of 33 for evacuation
[10.464s][info][gc,phases   ] GC(26)   Pre Evacuate Collection Set: 0.2ms
[10.464s][info][gc,phases   ] GC(26)   Merge Heap Roots: 0.2ms
[10.464s][info][gc,phases   ] GC(26)   Evacuate Collection Set: 1.6ms
[10.464s][info][gc,phases   ] GC(26)   Post Evacuate Collection Set: 0.6ms
[10.464s][info][gc,phases   ] GC(26)   Other: 0.1ms
[10.465s][info][gc,heap     ] GC(26) Eden regions: 347->0(347)
[10.465s][info][gc,heap     ] GC(26) Survivor regions: 3->3(44)
[10.465s][info][gc,heap     ] GC(26) Old regions: 37->37
[10.465s][info][gc,heap     ] GC(26) Archive regions: 0->0
[10.465s][info][gc,heap     ] GC(26) Humongous regions: 0->0
[10.465s][info][gc,metaspace] GC(26) Metaspace: 73336K(74432K)->73336K(74432K) NonClass: 57885K(58560K)->57885K(58560K) Class: 15450K(15872K)->15450K(15872K)
[10.465s][info][gc          ] GC(26) Pause Young (Normal) (G1 Evacuation Pause) 386M->39M(584M) 3.017ms
[10.465s][info][gc,cpu      ] GC(26) User=0.00s Sys=0.00s Real=0.00s
[10.635s][info][gc,start    ] GC(27) Pause Young (Normal) (G1 Evacuation Pause)
[10.635s][info][gc,task     ] GC(27) Using 33 workers of 33 for evacuation
[10.638s][info][gc,phases   ] GC(27)   Pre Evacuate Collection Set: 0.2ms
[10.638s][info][gc,phases   ] GC(27)   Merge Heap Roots: 0.2ms
[10.638s][info][gc,phases   ] GC(27)   Evacuate Collection Set: 1.7ms
[10.638s][info][gc,phases   ] GC(27)   Post Evacuate Collection Set: 0.7ms
[10.638s][info][gc,phases   ] GC(27)   Other: 0.1ms
[10.638s][info][gc,heap     ] GC(27) Eden regions: 347->0(347)
[10.638s][info][gc,heap     ] GC(27) Survivor regions: 3->3(44)
[10.638s][info][gc,heap     ] GC(27) Old regions: 37->37
[10.638s][info][gc,heap     ] GC(27) Archive regions: 0->0
[10.638s][info][gc,heap     ] GC(27) Humongous regions: 0->0
[10.638s][info][gc,metaspace] GC(27) Metaspace: 73341K(74432K)->73341K(74432K) NonClass: 57889K(58560K)->57889K(58560K) Class: 15451K(15872K)->15451K(15872K)
[10.638s][info][gc          ] GC(27) Pause Young (Normal) (G1 Evacuation Pause) 386M->39M(584M) 3.193ms
[10.638s][info][gc,cpu      ] GC(27) User=0.00s Sys=0.00s Real=0.00s
[10.788s][info][gc,start    ] GC(28) Pause Young (Normal) (G1 Evacuation Pause)
[10.788s][info][gc,task     ] GC(28) Using 33 workers of 33 for evacuation
[10.791s][info][gc,phases   ] GC(28)   Pre Evacuate Collection Set: 0.2ms
[10.791s][info][gc,phases   ] GC(28)   Merge Heap Roots: 0.2ms
[10.791s][info][gc,phases   ] GC(28)   Evacuate Collection Set: 1.9ms
[10.791s][info][gc,phases   ] GC(28)   Post Evacuate Collection Set: 0.7ms
[10.791s][info][gc,phases   ] GC(28)   Other: 0.1ms
[10.791s][info][gc,heap     ] GC(28) Eden regions: 347->0(348)
[10.791s][info][gc,heap     ] GC(28) Survivor regions: 3->2(44)
[10.791s][info][gc,heap     ] GC(28) Old regions: 37->38
[10.791s][info][gc,heap     ] GC(28) Archive regions: 0->0
[10.791s][info][gc,heap     ] GC(28) Humongous regions: 0->0
[10.791s][info][gc,metaspace] GC(28) Metaspace: 73373K(74496K)->73373K(74496K) NonClass: 57914K(58560K)->57914K(58560K) Class: 15458K(15936K)->15458K(15936K)
[10.791s][info][gc          ] GC(28) Pause Young (Normal) (G1 Evacuation Pause) 386M->39M(584M) 3.338ms
[10.791s][info][gc,cpu      ] GC(28) User=0.00s Sys=0.00s Real=0.00s
[10.947s][info][gc,start    ] GC(29) Pause Young (Normal) (G1 Evacuation Pause)
[10.947s][info][gc,task     ] GC(29) Using 33 workers of 33 for evacuation
[10.950s][info][gc,phases   ] GC(29)   Pre Evacuate Collection Set: 0.2ms
[10.950s][info][gc,phases   ] GC(29)   Merge Heap Roots: 0.2ms
[10.950s][info][gc,phases   ] GC(29)   Evacuate Collection Set: 1.3ms
[10.950s][info][gc,phases   ] GC(29)   Post Evacuate Collection Set: 0.7ms
[10.950s][info][gc,phases   ] GC(29)   Other: 0.1ms
[10.950s][info][gc,heap     ] GC(29) Eden regions: 348->0(348)
[10.950s][info][gc,heap     ] GC(29) Survivor regions: 2->2(44)
[10.950s][info][gc,heap     ] GC(29) Old regions: 38->38
[10.950s][info][gc,heap     ] GC(29) Archive regions: 0->0
[10.950s][info][gc,heap     ] GC(29) Humongous regions: 0->0
[10.950s][info][gc,metaspace] GC(29) Metaspace: 73380K(74496K)->73380K(74496K) NonClass: 57921K(58560K)->57921K(58560K) Class: 15459K(15936K)->15459K(15936K)
[10.950s][info][gc          ] GC(29) Pause Young (Normal) (G1 Evacuation Pause) 387M->39M(584M) 2.764ms
[10.950s][info][gc,cpu      ] GC(29) User=0.00s Sys=0.00s Real=0.00s
[11.107s][info][gc,start    ] GC(30) Pause Young (Normal) (G1 Evacuation Pause)
[11.107s][info][gc,task     ] GC(30) Using 33 workers of 33 for evacuation
[11.109s][info][gc,phases   ] GC(30)   Pre Evacuate Collection Set: 0.2ms
[11.109s][info][gc,phases   ] GC(30)   Merge Heap Roots: 0.2ms
[11.109s][info][gc,phases   ] GC(30)   Evacuate Collection Set: 1.2ms
[11.109s][info][gc,phases   ] GC(30)   Post Evacuate Collection Set: 0.6ms
[11.109s][info][gc,phases   ] GC(30)   Other: 0.1ms
[11.109s][info][gc,heap     ] GC(30) Eden regions: 348->0(348)
[11.109s][info][gc,heap     ] GC(30) Survivor regions: 2->2(44)
[11.109s][info][gc,heap     ] GC(30) Old regions: 38->38
[11.109s][info][gc,heap     ] GC(30) Archive regions: 0->0
[11.109s][info][gc,heap     ] GC(30) Humongous regions: 0->0
[11.109s][info][gc,metaspace] GC(30) Metaspace: 73385K(74496K)->73385K(74496K) NonClass: 57925K(58560K)->57925K(58560K) Class: 15459K(15936K)->15459K(15936K)
[11.110s][info][gc          ] GC(30) Pause Young (Normal) (G1 Evacuation Pause) 387M->39M(584M) 2.611ms
[11.110s][info][gc,cpu      ] GC(30) User=0.00s Sys=0.00s Real=0.00s
[11.286s][info][gc,start    ] GC(31) Pause Young (Normal) (G1 Evacuation Pause)
[11.286s][info][gc,task     ] GC(31) Using 33 workers of 33 for evacuation
[11.288s][info][gc,phases   ] GC(31)   Pre Evacuate Collection Set: 0.2ms
[11.288s][info][gc,phases   ] GC(31)   Merge Heap Roots: 0.2ms
[11.288s][info][gc,phases   ] GC(31)   Evacuate Collection Set: 1.0ms
[11.288s][info][gc,phases   ] GC(31)   Post Evacuate Collection Set: 0.7ms
[11.288s][info][gc,phases   ] GC(31)   Other: 0.1ms
[11.288s][info][gc,heap     ] GC(31) Eden regions: 348->0(348)
[11.288s][info][gc,heap     ] GC(31) Survivor regions: 2->2(44)
[11.288s][info][gc,heap     ] GC(31) Old regions: 38->38
[11.288s][info][gc,heap     ] GC(31) Archive regions: 0->0
[11.288s][info][gc,heap     ] GC(31) Humongous regions: 0->0
[11.288s][info][gc,metaspace] GC(31) Metaspace: 73385K(74496K)->73385K(74496K) NonClass: 57925K(58560K)->57925K(58560K) Class: 15459K(15936K)->15459K(15936K)
[11.288s][info][gc          ] GC(31) Pause Young (Normal) (G1 Evacuation Pause) 387M->39M(584M) 2.467ms
[11.288s][info][gc,cpu      ] GC(31) User=0.00s Sys=0.00s Real=0.00s
[11.431s][info][gc,start    ] GC(32) Pause Young (Normal) (G1 Evacuation Pause)
[11.431s][info][gc,task     ] GC(32) Using 33 workers of 33 for evacuation
[11.433s][info][gc,phases   ] GC(32)   Pre Evacuate Collection Set: 0.2ms
[11.434s][info][gc,phases   ] GC(32)   Merge Heap Roots: 0.2ms
[11.434s][info][gc,phases   ] GC(32)   Evacuate Collection Set: 1.0ms
[11.434s][info][gc,phases   ] GC(32)   Post Evacuate Collection Set: 0.6ms
[11.434s][info][gc,phases   ] GC(32)   Other: 0.1ms
[11.434s][info][gc,heap     ] GC(32) Eden regions: 348->0(348)
[11.434s][info][gc,heap     ] GC(32) Survivor regions: 2->2(44)
[11.434s][info][gc,heap     ] GC(32) Old regions: 38->38
[11.434s][info][gc,heap     ] GC(32) Archive regions: 0->0
[11.434s][info][gc,heap     ] GC(32) Humongous regions: 0->0
[11.434s][info][gc,metaspace] GC(32) Metaspace: 73386K(74496K)->73386K(74496K) NonClass: 57927K(58560K)->57927K(58560K) Class: 15459K(15936K)->15459K(15936K)
[11.434s][info][gc          ] GC(32) Pause Young (Normal) (G1 Evacuation Pause) 387M->39M(584M) 2.411ms
[11.434s][info][gc,cpu      ] GC(32) User=0.00s Sys=0.00s Real=0.00s
[11.569s][info][gc,start    ] GC(33) Pause Young (Normal) (G1 Evacuation Pause)
[11.569s][info][gc,task     ] GC(33) Using 33 workers of 33 for evacuation
[11.572s][info][gc,phases   ] GC(33)   Pre Evacuate Collection Set: 0.2ms
[11.572s][info][gc,phases   ] GC(33)   Merge Heap Roots: 0.2ms
[11.572s][info][gc,phases   ] GC(33)   Evacuate Collection Set: 1.1ms
[11.572s][info][gc,phases   ] GC(33)   Post Evacuate Collection Set: 0.7ms
[11.572s][info][gc,phases   ] GC(33)   Other: 0.1ms
[11.572s][info][gc,heap     ] GC(33) Eden regions: 348->0(348)
[11.572s][info][gc,heap     ] GC(33) Survivor regions: 2->2(44)
[11.572s][info][gc,heap     ] GC(33) Old regions: 38->38
[11.572s][info][gc,heap     ] GC(33) Archive regions: 0->0
[11.572s][info][gc,heap     ] GC(33) Humongous regions: 0->0
[11.572s][info][gc,metaspace] GC(33) Metaspace: 73387K(74496K)->73387K(74496K) NonClass: 57927K(58560K)->57927K(58560K) Class: 15459K(15936K)->15459K(15936K)
[11.572s][info][gc          ] GC(33) Pause Young (Normal) (G1 Evacuation Pause) 387M->39M(584M) 2.580ms
[11.572s][info][gc,cpu      ] GC(33) User=0.00s Sys=0.00s Real=0.00s
[11.703s][info][gc,start    ] GC(34) Pause Young (Normal) (G1 Evacuation Pause)
[11.703s][info][gc,task     ] GC(34) Using 33 workers of 33 for evacuation
[11.705s][info][gc,phases   ] GC(34)   Pre Evacuate Collection Set: 0.2ms
[11.705s][info][gc,phases   ] GC(34)   Merge Heap Roots: 0.2ms
[11.705s][info][gc,phases   ] GC(34)   Evacuate Collection Set: 1.0ms
[11.705s][info][gc,phases   ] GC(34)   Post Evacuate Collection Set: 0.6ms
[11.705s][info][gc,phases   ] GC(34)   Other: 0.1ms
[11.705s][info][gc,heap     ] GC(34) Eden regions: 348->0(348)
[11.705s][info][gc,heap     ] GC(34) Survivor regions: 2->2(44)
[11.705s][info][gc,heap     ] GC(34) Old regions: 38->38
[11.705s][info][gc,heap     ] GC(34) Archive regions: 0->0
[11.705s][info][gc,heap     ] GC(34) Humongous regions: 0->0
[11.705s][info][gc,metaspace] GC(34) Metaspace: 73393K(74496K)->73393K(74496K) NonClass: 57932K(58560K)->57932K(58560K) Class: 15461K(15936K)->15461K(15936K)
[11.705s][info][gc          ] GC(34) Pause Young (Normal) (G1 Evacuation Pause) 387M->39M(584M) 2.376ms
[11.705s][info][gc,cpu      ] GC(34) User=0.00s Sys=0.00s Real=0.00s
[11.841s][info][gc,start    ] GC(35) Pause Young (Normal) (G1 Evacuation Pause)
[11.841s][info][gc,task     ] GC(35) Using 33 workers of 33 for evacuation
[11.844s][info][gc,phases   ] GC(35)   Pre Evacuate Collection Set: 0.2ms
[11.844s][info][gc,phases   ] GC(35)   Merge Heap Roots: 0.2ms
[11.844s][info][gc,phases   ] GC(35)   Evacuate Collection Set: 0.9ms
[11.844s][info][gc,phases   ] GC(35)   Post Evacuate Collection Set: 0.6ms
[11.844s][info][gc,phases   ] GC(35)   Other: 0.1ms
[11.844s][info][gc,heap     ] GC(35) Eden regions: 348->0(348)
[11.844s][info][gc,heap     ] GC(35) Survivor regions: 2->2(44)
[11.844s][info][gc,heap     ] GC(35) Old regions: 38->38
[11.844s][info][gc,heap     ] GC(35) Archive regions: 0->0
[11.844s][info][gc,heap     ] GC(35) Humongous regions: 0->0
[11.844s][info][gc,metaspace] GC(35) Metaspace: 73393K(74496K)->73393K(74496K) NonClass: 57932K(58560K)->57932K(58560K) Class: 15461K(15936K)->15461K(15936K)
[11.844s][info][gc          ] GC(35) Pause Young (Normal) (G1 Evacuation Pause) 387M->39M(584M) 2.304ms
[11.844s][info][gc,cpu      ] GC(35) User=0.00s Sys=0.00s Real=0.00s
[11.979s][info][gc,start    ] GC(36) Pause Young (Normal) (G1 Evacuation Pause)
[11.979s][info][gc,task     ] GC(36) Using 33 workers of 33 for evacuation
[11.982s][info][gc,phases   ] GC(36)   Pre Evacuate Collection Set: 0.2ms
[11.982s][info][gc,phases   ] GC(36)   Merge Heap Roots: 0.2ms
[11.982s][info][gc,phases   ] GC(36)   Evacuate Collection Set: 1.1ms
[11.982s][info][gc,phases   ] GC(36)   Post Evacuate Collection Set: 0.6ms
[11.982s][info][gc,phases   ] GC(36)   Other: 0.1ms
[11.982s][info][gc,heap     ] GC(36) Eden regions: 348->0(348)
[11.982s][info][gc,heap     ] GC(36) Survivor regions: 2->2(44)
[11.982s][info][gc,heap     ] GC(36) Old regions: 38->38
[11.982s][info][gc,heap     ] GC(36) Archive regions: 0->0
[11.982s][info][gc,heap     ] GC(36) Humongous regions: 0->0
[11.982s][info][gc,metaspace] GC(36) Metaspace: 73393K(74496K)->73393K(74496K) NonClass: 57932K(58560K)->57932K(58560K) Class: 15461K(15936K)->15461K(15936K)
[11.982s][info][gc          ] GC(36) Pause Young (Normal) (G1 Evacuation Pause) 387M->39M(584M) 2.563ms
[11.982s][info][gc,cpu      ] GC(36) User=0.00s Sys=0.00s Real=0.00s
[12.127s][info][gc,start    ] GC(37) Pause Young (Normal) (G1 Evacuation Pause)
[12.127s][info][gc,task     ] GC(37) Using 33 workers of 33 for evacuation
[12.130s][info][gc,phases   ] GC(37)   Pre Evacuate Collection Set: 0.2ms
[12.130s][info][gc,phases   ] GC(37)   Merge Heap Roots: 0.2ms
[12.130s][info][gc,phases   ] GC(37)   Evacuate Collection Set: 1.1ms
[12.130s][info][gc,phases   ] GC(37)   Post Evacuate Collection Set: 0.7ms
[12.130s][info][gc,phases   ] GC(37)   Other: 0.1ms
[12.130s][info][gc,heap     ] GC(37) Eden regions: 348->0(348)
[12.130s][info][gc,heap     ] GC(37) Survivor regions: 2->2(44)
[12.130s][info][gc,heap     ] GC(37) Old regions: 38->38
[12.130s][info][gc,heap     ] GC(37) Archive regions: 0->0
[12.130s][info][gc,heap     ] GC(37) Humongous regions: 0->0
[12.130s][info][gc,metaspace] GC(37) Metaspace: 73394K(74496K)->73394K(74496K) NonClass: 57933K(58560K)->57933K(58560K) Class: 15461K(15936K)->15461K(15936K)
[12.130s][info][gc          ] GC(37) Pause Young (Normal) (G1 Evacuation Pause) 387M->39M(584M) 2.514ms
[12.130s][info][gc,cpu      ] GC(37) User=0.00s Sys=0.00s Real=0.00s
[12.254s][info][gc,start    ] GC(38) Pause Young (Normal) (G1 Evacuation Pause)
[12.255s][info][gc,task     ] GC(38) Using 33 workers of 33 for evacuation
[12.257s][info][gc,phases   ] GC(38)   Pre Evacuate Collection Set: 0.2ms
[12.257s][info][gc,phases   ] GC(38)   Merge Heap Roots: 0.2ms
[12.257s][info][gc,phases   ] GC(38)   Evacuate Collection Set: 1.1ms
[12.257s][info][gc,phases   ] GC(38)   Post Evacuate Collection Set: 0.6ms
[12.257s][info][gc,phases   ] GC(38)   Other: 0.1ms
[12.257s][info][gc,heap     ] GC(38) Eden regions: 348->0(348)
[12.257s][info][gc,heap     ] GC(38) Survivor regions: 2->2(44)
[12.257s][info][gc,heap     ] GC(38) Old regions: 38->38
[12.257s][info][gc,heap     ] GC(38) Archive regions: 0->0
[12.257s][info][gc,heap     ] GC(38) Humongous regions: 0->0
[12.257s][info][gc,metaspace] GC(38) Metaspace: 73395K(74496K)->73395K(74496K) NonClass: 57934K(58560K)->57934K(58560K) Class: 15461K(15936K)->15461K(15936K)
[12.257s][info][gc          ] GC(38) Pause Young (Normal) (G1 Evacuation Pause) 387M->39M(584M) 2.464ms
[12.257s][info][gc,cpu      ] GC(38) User=0.00s Sys=0.00s Real=0.00s
[12.376s][info][gc,start    ] GC(39) Pause Young (Normal) (G1 Evacuation Pause)
[12.376s][info][gc,task     ] GC(39) Using 33 workers of 33 for evacuation
[12.378s][info][gc,phases   ] GC(39)   Pre Evacuate Collection Set: 0.2ms
[12.378s][info][gc,phases   ] GC(39)   Merge Heap Roots: 0.2ms
[12.378s][info][gc,phases   ] GC(39)   Evacuate Collection Set: 0.9ms
[12.378s][info][gc,phases   ] GC(39)   Post Evacuate Collection Set: 0.6ms
[12.378s][info][gc,phases   ] GC(39)   Other: 0.1ms
[12.378s][info][gc,heap     ] GC(39) Eden regions: 348->0(348)
[12.378s][info][gc,heap     ] GC(39) Survivor regions: 2->2(44)
[12.378s][info][gc,heap     ] GC(39) Old regions: 38->39
[12.378s][info][gc,heap     ] GC(39) Archive regions: 0->0
[12.378s][info][gc,heap     ] GC(39) Humongous regions: 0->0
[12.378s][info][gc,metaspace] GC(39) Metaspace: 73395K(74496K)->73395K(74496K) NonClass: 57934K(58560K)->57934K(58560K) Class: 15461K(15936K)->15461K(15936K)
[12.378s][info][gc          ] GC(39) Pause Young (Normal) (G1 Evacuation Pause) 387M->39M(584M) 2.313ms
[12.378s][info][gc,cpu      ] GC(39) User=0.00s Sys=0.00s Real=0.00s
[12.494s][info][gc,start    ] GC(40) Pause Young (Normal) (G1 Evacuation Pause)
[12.495s][info][gc,task     ] GC(40) Using 33 workers of 33 for evacuation
[12.496s][info][gc,phases   ] GC(40)   Pre Evacuate Collection Set: 0.2ms
[12.497s][info][gc,phases   ] GC(40)   Merge Heap Roots: 0.2ms
[12.497s][info][gc,phases   ] GC(40)   Evacuate Collection Set: 0.9ms
[12.497s][info][gc,phases   ] GC(40)   Post Evacuate Collection Set: 0.6ms
[12.497s][info][gc,phases   ] GC(40)   Other: 0.1ms
[12.497s][info][gc,heap     ] GC(40) Eden regions: 348->0(348)
[12.497s][info][gc,heap     ] GC(40) Survivor regions: 2->2(44)
[12.497s][info][gc,heap     ] GC(40) Old regions: 39->39
[12.497s][info][gc,heap     ] GC(40) Archive regions: 0->0
[12.497s][info][gc,heap     ] GC(40) Humongous regions: 0->0
[12.497s][info][gc,metaspace] GC(40) Metaspace: 73395K(74496K)->73395K(74496K) NonClass: 57934K(58560K)->57934K(58560K) Class: 15461K(15936K)->15461K(15936K)
[12.497s][info][gc          ] GC(40) Pause Young (Normal) (G1 Evacuation Pause) 387M->39M(584M) 2.228ms
[12.497s][info][gc,cpu      ] GC(40) User=0.00s Sys=0.00s Real=0.00s
[12.610s][info][gc,start    ] GC(41) Pause Young (Normal) (G1 Evacuation Pause)
[12.610s][info][gc,task     ] GC(41) Using 33 workers of 33 for evacuation
[12.612s][info][gc,phases   ] GC(41)   Pre Evacuate Collection Set: 0.2ms
[12.612s][info][gc,phases   ] GC(41)   Merge Heap Roots: 0.2ms
[12.612s][info][gc,phases   ] GC(41)   Evacuate Collection Set: 1.0ms
[12.612s][info][gc,phases   ] GC(41)   Post Evacuate Collection Set: 0.6ms
[12.612s][info][gc,phases   ] GC(41)   Other: 0.1ms
[12.612s][info][gc,heap     ] GC(41) Eden regions: 348->0(348)
[12.612s][info][gc,heap     ] GC(41) Survivor regions: 2->2(44)
[12.612s][info][gc,heap     ] GC(41) Old regions: 39->39
[12.612s][info][gc,heap     ] GC(41) Archive regions: 0->0
[12.612s][info][gc,heap     ] GC(41) Humongous regions: 0->0
[12.612s][info][gc,metaspace] GC(41) Metaspace: 73395K(74496K)->73395K(74496K) NonClass: 57934K(58560K)->57934K(58560K) Class: 15461K(15936K)->15461K(15936K)
[12.612s][info][gc          ] GC(41) Pause Young (Normal) (G1 Evacuation Pause) 387M->39M(584M) 2.348ms
[12.612s][info][gc,cpu      ] GC(41) User=0.00s Sys=0.00s Real=0.00s
[12.722s][info][gc,start    ] GC(42) Pause Young (Normal) (G1 Evacuation Pause)
[12.722s][info][gc,task     ] GC(42) Using 33 workers of 33 for evacuation
[12.725s][info][gc,phases   ] GC(42)   Pre Evacuate Collection Set: 0.2ms
[12.725s][info][gc,phases   ] GC(42)   Merge Heap Roots: 0.2ms
[12.725s][info][gc,phases   ] GC(42)   Evacuate Collection Set: 1.0ms
[12.725s][info][gc,phases   ] GC(42)   Post Evacuate Collection Set: 0.6ms
[12.725s][info][gc,phases   ] GC(42)   Other: 0.1ms
[12.725s][info][gc,heap     ] GC(42) Eden regions: 348->0(348)
[12.725s][info][gc,heap     ] GC(42) Survivor regions: 2->2(44)
[12.725s][info][gc,heap     ] GC(42) Old regions: 39->39
[12.725s][info][gc,heap     ] GC(42) Archive regions: 0->0
[12.725s][info][gc,heap     ] GC(42) Humongous regions: 0->0
[12.725s][info][gc,metaspace] GC(42) Metaspace: 73395K(74496K)->73395K(74496K) NonClass: 57934K(58560K)->57934K(58560K) Class: 15461K(15936K)->15461K(15936K)
[12.725s][info][gc          ] GC(42) Pause Young (Normal) (G1 Evacuation Pause) 387M->39M(584M) 2.429ms
[12.725s][info][gc,cpu      ] GC(42) User=0.00s Sys=0.00s Real=0.00s
[12.824s][info][gc,start    ] GC(43) Pause Young (Normal) (G1 Evacuation Pause)
[12.824s][info][gc,task     ] GC(43) Using 33 workers of 33 for evacuation
[12.826s][info][gc,phases   ] GC(43)   Pre Evacuate Collection Set: 0.2ms
[12.826s][info][gc,phases   ] GC(43)   Merge Heap Roots: 0.2ms
[12.826s][info][gc,phases   ] GC(43)   Evacuate Collection Set: 1.0ms
[12.826s][info][gc,phases   ] GC(43)   Post Evacuate Collection Set: 0.6ms
[12.826s][info][gc,phases   ] GC(43)   Other: 0.1ms
[12.826s][info][gc,heap     ] GC(43) Eden regions: 348->0(348)
[12.826s][info][gc,heap     ] GC(43) Survivor regions: 2->2(44)
[12.826s][info][gc,heap     ] GC(43) Old regions: 39->39
[12.826s][info][gc,heap     ] GC(43) Archive regions: 0->0
[12.826s][info][gc,heap     ] GC(43) Humongous regions: 0->0
[12.826s][info][gc,metaspace] GC(43) Metaspace: 73415K(74496K)->73415K(74496K) NonClass: 57953K(58560K)->57953K(58560K) Class: 15462K(15936K)->15462K(15936K)
[12.826s][info][gc          ] GC(43) Pause Young (Normal) (G1 Evacuation Pause) 387M->39M(584M) 2.348ms
[12.826s][info][gc,cpu      ] GC(43) User=0.00s Sys=0.00s Real=0.00s
[12.941s][info][gc,start    ] GC(44) Pause Young (Normal) (G1 Evacuation Pause)
[12.941s][info][gc,task     ] GC(44) Using 33 workers of 33 for evacuation
[12.944s][info][gc,phases   ] GC(44)   Pre Evacuate Collection Set: 0.2ms
[12.944s][info][gc,phases   ] GC(44)   Merge Heap Roots: 0.2ms
[12.944s][info][gc,phases   ] GC(44)   Evacuate Collection Set: 1.0ms
[12.944s][info][gc,phases   ] GC(44)   Post Evacuate Collection Set: 0.6ms
[12.944s][info][gc,phases   ] GC(44)   Other: 0.1ms
[12.944s][info][gc,heap     ] GC(44) Eden regions: 348->0(348)
[12.944s][info][gc,heap     ] GC(44) Survivor regions: 2->2(44)
[12.944s][info][gc,heap     ] GC(44) Old regions: 39->39
[12.944s][info][gc,heap     ] GC(44) Archive regions: 0->0
[12.944s][info][gc,heap     ] GC(44) Humongous regions: 0->0
[12.944s][info][gc,metaspace] GC(44) Metaspace: 73415K(74496K)->73415K(74496K) NonClass: 57953K(58560K)->57953K(58560K) Class: 15462K(15936K)->15462K(15936K)
[12.944s][info][gc          ] GC(44) Pause Young (Normal) (G1 Evacuation Pause) 387M->39M(584M) 2.408ms
[12.944s][info][gc,cpu      ] GC(44) User=0.00s Sys=0.00s Real=0.00s
[13.058s][info][gc,start    ] GC(45) Pause Young (Normal) (G1 Evacuation Pause)
[13.058s][info][gc,task     ] GC(45) Using 33 workers of 33 for evacuation
[13.060s][info][gc,phases   ] GC(45)   Pre Evacuate Collection Set: 0.2ms
[13.060s][info][gc,phases   ] GC(45)   Merge Heap Roots: 0.2ms
[13.060s][info][gc,phases   ] GC(45)   Evacuate Collection Set: 0.9ms
[13.060s][info][gc,phases   ] GC(45)   Post Evacuate Collection Set: 0.6ms
[13.060s][info][gc,phases   ] GC(45)   Other: 0.1ms
[13.060s][info][gc,heap     ] GC(45) Eden regions: 348->0(348)
[13.060s][info][gc,heap     ] GC(45) Survivor regions: 2->2(44)
[13.060s][info][gc,heap     ] GC(45) Old regions: 39->39
[13.060s][info][gc,heap     ] GC(45) Archive regions: 0->0
[13.060s][info][gc,heap     ] GC(45) Humongous regions: 0->0
[13.060s][info][gc,metaspace] GC(45) Metaspace: 73415K(74496K)->73415K(74496K) NonClass: 57953K(58560K)->57953K(58560K) Class: 15462K(15936K)->15462K(15936K)
[13.060s][info][gc          ] GC(45) Pause Young (Normal) (G1 Evacuation Pause) 387M->39M(584M) 2.283ms
[13.060s][info][gc,cpu      ] GC(45) User=0.00s Sys=0.00s Real=0.00s
[13.172s][info][gc,start    ] GC(46) Pause Young (Normal) (G1 Evacuation Pause)
[13.172s][info][gc,task     ] GC(46) Using 33 workers of 33 for evacuation
[13.175s][info][gc,phases   ] GC(46)   Pre Evacuate Collection Set: 0.2ms
[13.175s][info][gc,phases   ] GC(46)   Merge Heap Roots: 0.2ms
[13.175s][info][gc,phases   ] GC(46)   Evacuate Collection Set: 0.9ms
[13.175s][info][gc,phases   ] GC(46)   Post Evacuate Collection Set: 0.6ms
[13.175s][info][gc,phases   ] GC(46)   Other: 0.1ms
[13.175s][info][gc,heap     ] GC(46) Eden regions: 348->0(348)
[13.175s][info][gc,heap     ] GC(46) Survivor regions: 2->2(44)
[13.175s][info][gc,heap     ] GC(46) Old regions: 39->39
[13.175s][info][gc,heap     ] GC(46) Archive regions: 0->0
[13.175s][info][gc,heap     ] GC(46) Humongous regions: 0->0
[13.175s][info][gc,metaspace] GC(46) Metaspace: 73416K(74496K)->73416K(74496K) NonClass: 57953K(58560K)->57953K(58560K) Class: 15462K(15936K)->15462K(15936K)
[13.175s][info][gc          ] GC(46) Pause Young (Normal) (G1 Evacuation Pause) 387M->39M(584M) 2.317ms
[13.175s][info][gc,cpu      ] GC(46) User=0.00s Sys=0.00s Real=0.00s
[13.285s][info][gc,start    ] GC(47) Pause Young (Normal) (G1 Evacuation Pause)
[13.285s][info][gc,task     ] GC(47) Using 33 workers of 33 for evacuation
[13.287s][info][gc,phases   ] GC(47)   Pre Evacuate Collection Set: 0.2ms
[13.287s][info][gc,phases   ] GC(47)   Merge Heap Roots: 0.2ms
[13.287s][info][gc,phases   ] GC(47)   Evacuate Collection Set: 0.9ms
[13.287s][info][gc,phases   ] GC(47)   Post Evacuate Collection Set: 0.6ms
[13.287s][info][gc,phases   ] GC(47)   Other: 0.1ms
[13.287s][info][gc,heap     ] GC(47) Eden regions: 348->0(348)
[13.287s][info][gc,heap     ] GC(47) Survivor regions: 2->2(44)
[13.287s][info][gc,heap     ] GC(47) Old regions: 39->39
[13.287s][info][gc,heap     ] GC(47) Archive regions: 0->0
[13.287s][info][gc,heap     ] GC(47) Humongous regions: 0->0
[13.287s][info][gc,metaspace] GC(47) Metaspace: 73416K(74496K)->73416K(74496K) NonClass: 57953K(58560K)->57953K(58560K) Class: 15462K(15936K)->15462K(15936K)
[13.287s][info][gc          ] GC(47) Pause Young (Normal) (G1 Evacuation Pause) 387M->39M(584M) 2.227ms
[13.287s][info][gc,cpu      ] GC(47) User=0.00s Sys=0.00s Real=0.00s
[13.398s][info][gc,start    ] GC(48) Pause Young (Normal) (G1 Evacuation Pause)
[13.398s][info][gc,task     ] GC(48) Using 33 workers of 33 for evacuation
[13.400s][info][gc,phases   ] GC(48)   Pre Evacuate Collection Set: 0.2ms
[13.400s][info][gc,phases   ] GC(48)   Merge Heap Roots: 0.2ms
[13.400s][info][gc,phases   ] GC(48)   Evacuate Collection Set: 1.0ms
[13.400s][info][gc,phases   ] GC(48)   Post Evacuate Collection Set: 0.6ms
[13.401s][info][gc,phases   ] GC(48)   Other: 0.1ms
[13.401s][info][gc,heap     ] GC(48) Eden regions: 348->0(348)
[13.401s][info][gc,heap     ] GC(48) Survivor regions: 2->2(44)
[13.401s][info][gc,heap     ] GC(48) Old regions: 39->39
[13.401s][info][gc,heap     ] GC(48) Archive regions: 0->0
[13.401s][info][gc,heap     ] GC(48) Humongous regions: 0->0
[13.401s][info][gc,metaspace] GC(48) Metaspace: 73416K(74496K)->73416K(74496K) NonClass: 57953K(58560K)->57953K(58560K) Class: 15462K(15936K)->15462K(15936K)
[13.401s][info][gc          ] GC(48) Pause Young (Normal) (G1 Evacuation Pause) 387M->39M(584M) 2.397ms
[13.401s][info][gc,cpu      ] GC(48) User=0.00s Sys=0.00s Real=0.00s
[13.510s][info][gc,start    ] GC(49) Pause Young (Normal) (G1 Evacuation Pause)
[13.510s][info][gc,task     ] GC(49) Using 33 workers of 33 for evacuation
[13.512s][info][gc,phases   ] GC(49)   Pre Evacuate Collection Set: 0.2ms
[13.512s][info][gc,phases   ] GC(49)   Merge Heap Roots: 0.2ms
[13.512s][info][gc,phases   ] GC(49)   Evacuate Collection Set: 0.9ms
[13.512s][info][gc,phases   ] GC(49)   Post Evacuate Collection Set: 0.6ms
[13.512s][info][gc,phases   ] GC(49)   Other: 0.1ms
[13.512s][info][gc,heap     ] GC(49) Eden regions: 348->0(348)
[13.512s][info][gc,heap     ] GC(49) Survivor regions: 2->2(44)
[13.512s][info][gc,heap     ] GC(49) Old regions: 39->39
[13.512s][info][gc,heap     ] GC(49) Archive regions: 0->0
[13.512s][info][gc,heap     ] GC(49) Humongous regions: 0->0
[13.512s][info][gc,metaspace] GC(49) Metaspace: 73416K(74496K)->73416K(74496K) NonClass: 57953K(58560K)->57953K(58560K) Class: 15462K(15936K)->15462K(15936K)
[13.512s][info][gc          ] GC(49) Pause Young (Normal) (G1 Evacuation Pause) 387M->39M(584M) 2.373ms
[13.512s][info][gc,cpu      ] GC(49) User=0.00s Sys=0.00s Real=0.00s
[13.620s][info][gc,start    ] GC(50) Pause Young (Normal) (G1 Evacuation Pause)
[13.620s][info][gc,task     ] GC(50) Using 33 workers of 33 for evacuation
[13.622s][info][gc,phases   ] GC(50)   Pre Evacuate Collection Set: 0.2ms
[13.622s][info][gc,phases   ] GC(50)   Merge Heap Roots: 0.2ms
[13.622s][info][gc,phases   ] GC(50)   Evacuate Collection Set: 1.0ms
[13.622s][info][gc,phases   ] GC(50)   Post Evacuate Collection Set: 0.5ms
[13.622s][info][gc,phases   ] GC(50)   Other: 0.1ms
[13.622s][info][gc,heap     ] GC(50) Eden regions: 348->0(348)
[13.622s][info][gc,heap     ] GC(50) Survivor regions: 2->2(44)
[13.622s][info][gc,heap     ] GC(50) Old regions: 39->39
[13.622s][info][gc,heap     ] GC(50) Archive regions: 0->0
[13.622s][info][gc,heap     ] GC(50) Humongous regions: 0->0
[13.622s][info][gc,metaspace] GC(50) Metaspace: 73416K(74496K)->73416K(74496K) NonClass: 57953K(58560K)->57953K(58560K) Class: 15462K(15936K)->15462K(15936K)
[13.622s][info][gc          ] GC(50) Pause Young (Normal) (G1 Evacuation Pause) 387M->39M(584M) 2.321ms
[13.622s][info][gc,cpu      ] GC(50) User=0.00s Sys=0.00s Real=0.00s
[13.727s][info][gc,start    ] GC(51) Pause Young (Normal) (G1 Evacuation Pause)
[13.728s][info][gc,task     ] GC(51) Using 33 workers of 33 for evacuation
[13.729s][info][gc,phases   ] GC(51)   Pre Evacuate Collection Set: 0.2ms
[13.730s][info][gc,phases   ] GC(51)   Merge Heap Roots: 0.2ms
[13.730s][info][gc,phases   ] GC(51)   Evacuate Collection Set: 0.9ms
[13.730s][info][gc,phases   ] GC(51)   Post Evacuate Collection Set: 0.5ms
[13.730s][info][gc,phases   ] GC(51)   Other: 0.1ms
[13.730s][info][gc,heap     ] GC(51) Eden regions: 348->0(348)
[13.730s][info][gc,heap     ] GC(51) Survivor regions: 2->2(44)
[13.730s][info][gc,heap     ] GC(51) Old regions: 39->39
[13.730s][info][gc,heap     ] GC(51) Archive regions: 0->0
[13.730s][info][gc,heap     ] GC(51) Humongous regions: 0->0
[13.730s][info][gc,metaspace] GC(51) Metaspace: 73416K(74496K)->73416K(74496K) NonClass: 57953K(58560K)->57953K(58560K) Class: 15462K(15936K)->15462K(15936K)
[13.730s][info][gc          ] GC(51) Pause Young (Normal) (G1 Evacuation Pause) 387M->39M(584M) 2.190ms
[13.730s][info][gc,cpu      ] GC(51) User=0.00s Sys=0.00s Real=0.00s
[13.837s][info][gc,start    ] GC(52) Pause Young (Normal) (G1 Evacuation Pause)
[13.838s][info][gc,task     ] GC(52) Using 33 workers of 33 for evacuation
[13.839s][info][gc,phases   ] GC(52)   Pre Evacuate Collection Set: 0.2ms
[13.840s][info][gc,phases   ] GC(52)   Merge Heap Roots: 0.2ms
[13.840s][info][gc,phases   ] GC(52)   Evacuate Collection Set: 0.9ms
[13.840s][info][gc,phases   ] GC(52)   Post Evacuate Collection Set: 0.5ms
[13.840s][info][gc,phases   ] GC(52)   Other: 0.1ms
[13.840s][info][gc,heap     ] GC(52) Eden regions: 348->0(348)
[13.840s][info][gc,heap     ] GC(52) Survivor regions: 2->2(44)
[13.840s][info][gc,heap     ] GC(52) Old regions: 39->39
[13.840s][info][gc,heap     ] GC(52) Archive regions: 0->0
[13.840s][info][gc,heap     ] GC(52) Humongous regions: 0->0
[13.840s][info][gc,metaspace] GC(52) Metaspace: 73416K(74496K)->73416K(74496K) NonClass: 57953K(58560K)->57953K(58560K) Class: 15462K(15936K)->15462K(15936K)
[13.840s][info][gc          ] GC(52) Pause Young (Normal) (G1 Evacuation Pause) 387M->39M(584M) 2.170ms
[13.840s][info][gc,cpu      ] GC(52) User=0.00s Sys=0.00s Real=0.00s
[13.931s][info][gc,start    ] GC(53) Pause Young (Normal) (G1 Evacuation Pause)
[13.931s][info][gc,task     ] GC(53) Using 33 workers of 33 for evacuation
[13.933s][info][gc,phases   ] GC(53)   Pre Evacuate Collection Set: 0.2ms
[13.933s][info][gc,phases   ] GC(53)   Merge Heap Roots: 0.2ms
[13.933s][info][gc,phases   ] GC(53)   Evacuate Collection Set: 0.9ms
[13.933s][info][gc,phases   ] GC(53)   Post Evacuate Collection Set: 0.5ms
[13.933s][info][gc,phases   ] GC(53)   Other: 0.1ms
[13.933s][info][gc,heap     ] GC(53) Eden regions: 348->0(348)
[13.933s][info][gc,heap     ] GC(53) Survivor regions: 2->2(44)
[13.933s][info][gc,heap     ] GC(53) Old regions: 39->39
[13.933s][info][gc,heap     ] GC(53) Archive regions: 0->0
[13.933s][info][gc,heap     ] GC(53) Humongous regions: 0->0
[13.933s][info][gc,metaspace] GC(53) Metaspace: 73416K(74496K)->73416K(74496K) NonClass: 57953K(58560K)->57953K(58560K) Class: 15462K(15936K)->15462K(15936K)
[13.933s][info][gc          ] GC(53) Pause Young (Normal) (G1 Evacuation Pause) 387M->39M(584M) 2.141ms
[13.933s][info][gc,cpu      ] GC(53) User=0.00s Sys=0.00s Real=0.00s
[14.021s][info][gc,start    ] GC(54) Pause Young (Normal) (G1 Evacuation Pause)
[14.021s][info][gc,task     ] GC(54) Using 33 workers of 33 for evacuation
[14.022s][info][gc,phases   ] GC(54)   Pre Evacuate Collection Set: 0.2ms
[14.023s][info][gc,phases   ] GC(54)   Merge Heap Roots: 0.2ms
[14.023s][info][gc,phases   ] GC(54)   Evacuate Collection Set: 0.9ms
[14.023s][info][gc,phases   ] GC(54)   Post Evacuate Collection Set: 0.5ms
[14.023s][info][gc,phases   ] GC(54)   Other: 0.1ms
[14.023s][info][gc,heap     ] GC(54) Eden regions: 348->0(348)
[14.023s][info][gc,heap     ] GC(54) Survivor regions: 2->2(44)
[14.023s][info][gc,heap     ] GC(54) Old regions: 39->39
[14.023s][info][gc,heap     ] GC(54) Archive regions: 0->0
[14.023s][info][gc,heap     ] GC(54) Humongous regions: 0->0
[14.023s][info][gc,metaspace] GC(54) Metaspace: 73416K(74496K)->73416K(74496K) NonClass: 57953K(58560K)->57953K(58560K) Class: 15462K(15936K)->15462K(15936K)
[14.023s][info][gc          ] GC(54) Pause Young (Normal) (G1 Evacuation Pause) 387M->39M(584M) 2.089ms
[14.023s][info][gc,cpu      ] GC(54) User=0.00s Sys=0.00s Real=0.00s
[14.111s][info][gc,start    ] GC(55) Pause Young (Normal) (G1 Evacuation Pause)
[14.111s][info][gc,task     ] GC(55) Using 33 workers of 33 for evacuation
[14.113s][info][gc,phases   ] GC(55)   Pre Evacuate Collection Set: 0.2ms
[14.113s][info][gc,phases   ] GC(55)   Merge Heap Roots: 0.2ms
[14.113s][info][gc,phases   ] GC(55)   Evacuate Collection Set: 0.8ms
[14.113s][info][gc,phases   ] GC(55)   Post Evacuate Collection Set: 0.5ms
[14.113s][info][gc,phases   ] GC(55)   Other: 0.1ms
[14.113s][info][gc,heap     ] GC(55) Eden regions: 348->0(348)
[14.113s][info][gc,heap     ] GC(55) Survivor regions: 2->2(44)
[14.113s][info][gc,heap     ] GC(55) Old regions: 39->39
[14.113s][info][gc,heap     ] GC(55) Archive regions: 0->0
[14.113s][info][gc,heap     ] GC(55) Humongous regions: 0->0
[14.113s][info][gc,metaspace] GC(55) Metaspace: 73416K(74496K)->73416K(74496K) NonClass: 57953K(58560K)->57953K(58560K) Class: 15462K(15936K)->15462K(15936K)
[14.113s][info][gc          ] GC(55) Pause Young (Normal) (G1 Evacuation Pause) 387M->39M(584M) 2.071ms
[14.113s][info][gc,cpu      ] GC(55) User=0.00s Sys=0.00s Real=0.00s
[14.201s][info][gc,start    ] GC(56) Pause Young (Normal) (G1 Evacuation Pause)
[14.201s][info][gc,task     ] GC(56) Using 33 workers of 33 for evacuation
[14.203s][info][gc,phases   ] GC(56)   Pre Evacuate Collection Set: 0.2ms
[14.203s][info][gc,phases   ] GC(56)   Merge Heap Roots: 0.2ms
[14.203s][info][gc,phases   ] GC(56)   Evacuate Collection Set: 0.9ms
[14.203s][info][gc,phases   ] GC(56)   Post Evacuate Collection Set: 0.5ms
[14.203s][info][gc,phases   ] GC(56)   Other: 0.1ms
[14.203s][info][gc,heap     ] GC(56) Eden regions: 348->0(348)
[14.203s][info][gc,heap     ] GC(56) Survivor regions: 2->2(44)
[14.203s][info][gc,heap     ] GC(56) Old regions: 39->39
[14.203s][info][gc,heap     ] GC(56) Archive regions: 0->0
[14.203s][info][gc,heap     ] GC(56) Humongous regions: 0->0
[14.203s][info][gc,metaspace] GC(56) Metaspace: 73416K(74496K)->73416K(74496K) NonClass: 57953K(58560K)->57953K(58560K) Class: 15462K(15936K)->15462K(15936K)
[14.203s][info][gc          ] GC(56) Pause Young (Normal) (G1 Evacuation Pause) 387M->40M(584M) 2.158ms
[14.203s][info][gc,cpu      ] GC(56) User=0.00s Sys=0.00s Real=0.00s
[14.290s][info][gc,start    ] GC(57) Pause Young (Normal) (G1 Evacuation Pause)
[14.290s][info][gc,task     ] GC(57) Using 33 workers of 33 for evacuation
[14.292s][info][gc,phases   ] GC(57)   Pre Evacuate Collection Set: 0.2ms
[14.292s][info][gc,phases   ] GC(57)   Merge Heap Roots: 0.2ms
[14.292s][info][gc,phases   ] GC(57)   Evacuate Collection Set: 0.8ms
[14.292s][info][gc,phases   ] GC(57)   Post Evacuate Collection Set: 0.5ms
[14.292s][info][gc,phases   ] GC(57)   Other: 0.1ms
[14.292s][info][gc,heap     ] GC(57) Eden regions: 348->0(348)
[14.292s][info][gc,heap     ] GC(57) Survivor regions: 2->2(44)
[14.292s][info][gc,heap     ] GC(57) Old regions: 39->39
[14.292s][info][gc,heap     ] GC(57) Archive regions: 0->0
[14.292s][info][gc,heap     ] GC(57) Humongous regions: 0->0
[14.292s][info][gc,metaspace] GC(57) Metaspace: 73416K(74496K)->73416K(74496K) NonClass: 57953K(58560K)->57953K(58560K) Class: 15462K(15936K)->15462K(15936K)
[14.292s][info][gc          ] GC(57) Pause Young (Normal) (G1 Evacuation Pause) 388M->40M(584M) 2.090ms
[14.292s][info][gc,cpu      ] GC(57) User=0.00s Sys=0.00s Real=0.00s
[14.380s][info][gc,start    ] GC(58) Pause Young (Normal) (G1 Evacuation Pause)
[14.380s][info][gc,task     ] GC(58) Using 33 workers of 33 for evacuation
[14.382s][info][gc,phases   ] GC(58)   Pre Evacuate Collection Set: 0.2ms
[14.382s][info][gc,phases   ] GC(58)   Merge Heap Roots: 0.2ms
[14.382s][info][gc,phases   ] GC(58)   Evacuate Collection Set: 0.8ms
[14.382s][info][gc,phases   ] GC(58)   Post Evacuate Collection Set: 0.5ms
[14.382s][info][gc,phases   ] GC(58)   Other: 0.1ms
[14.382s][info][gc,heap     ] GC(58) Eden regions: 348->0(348)
[14.382s][info][gc,heap     ] GC(58) Survivor regions: 2->2(44)
[14.382s][info][gc,heap     ] GC(58) Old regions: 39->39
[14.382s][info][gc,heap     ] GC(58) Archive regions: 0->0
[14.382s][info][gc,heap     ] GC(58) Humongous regions: 0->0
[14.382s][info][gc,metaspace] GC(58) Metaspace: 73416K(74496K)->73416K(74496K) NonClass: 57953K(58560K)->57953K(58560K) Class: 15463K(15936K)->15463K(15936K)
[14.382s][info][gc          ] GC(58) Pause Young (Normal) (G1 Evacuation Pause) 388M->39M(584M) 2.045ms
[14.382s][info][gc,cpu      ] GC(58) User=0.00s Sys=0.00s Real=0.00s
[14.470s][info][gc,start    ] GC(59) Pause Young (Normal) (G1 Evacuation Pause)
[14.470s][info][gc,task     ] GC(59) Using 33 workers of 33 for evacuation
[14.472s][info][gc,phases   ] GC(59)   Pre Evacuate Collection Set: 0.2ms
[14.472s][info][gc,phases   ] GC(59)   Merge Heap Roots: 0.2ms
[14.472s][info][gc,phases   ] GC(59)   Evacuate Collection Set: 0.8ms
[14.472s][info][gc,phases   ] GC(59)   Post Evacuate Collection Set: 0.5ms
[14.472s][info][gc,phases   ] GC(59)   Other: 0.1ms
[14.472s][info][gc,heap     ] GC(59) Eden regions: 348->0(348)
[14.472s][info][gc,heap     ] GC(59) Survivor regions: 2->2(44)
[14.472s][info][gc,heap     ] GC(59) Old regions: 39->39
[14.472s][info][gc,heap     ] GC(59) Archive regions: 0->0
[14.472s][info][gc,heap     ] GC(59) Humongous regions: 0->0
[14.472s][info][gc,metaspace] GC(59) Metaspace: 73420K(74560K)->73420K(74560K) NonClass: 57957K(58624K)->57957K(58624K) Class: 15463K(15936K)->15463K(15936K)
[14.472s][info][gc          ] GC(59) Pause Young (Normal) (G1 Evacuation Pause) 387M->40M(584M) 2.054ms
[14.472s][info][gc,cpu      ] GC(59) User=0.00s Sys=0.00s Real=0.00s
[14.564s][info][gc,start    ] GC(60) Pause Young (Normal) (G1 Evacuation Pause)
[14.564s][info][gc,task     ] GC(60) Using 33 workers of 33 for evacuation
[14.566s][info][gc,phases   ] GC(60)   Pre Evacuate Collection Set: 0.2ms
[14.566s][info][gc,phases   ] GC(60)   Merge Heap Roots: 0.2ms
[14.566s][info][gc,phases   ] GC(60)   Evacuate Collection Set: 0.8ms
[14.566s][info][gc,phases   ] GC(60)   Post Evacuate Collection Set: 0.5ms
[14.566s][info][gc,phases   ] GC(60)   Other: 0.1ms
[14.566s][info][gc,heap     ] GC(60) Eden regions: 348->0(348)
[14.566s][info][gc,heap     ] GC(60) Survivor regions: 2->2(44)
[14.566s][info][gc,heap     ] GC(60) Old regions: 39->39
[14.566s][info][gc,heap     ] GC(60) Archive regions: 0->0
[14.566s][info][gc,heap     ] GC(60) Humongous regions: 0->0
[14.566s][info][gc,metaspace] GC(60) Metaspace: 73421K(74560K)->73421K(74560K) NonClass: 57957K(58624K)->57957K(58624K) Class: 15463K(15936K)->15463K(15936K)
[14.566s][info][gc          ] GC(60) Pause Young (Normal) (G1 Evacuation Pause) 388M->40M(584M) 2.032ms
[14.566s][info][gc,cpu      ] GC(60) User=0.00s Sys=0.00s Real=0.00s
[14.654s][info][gc,start    ] GC(61) Pause Young (Normal) (G1 Evacuation Pause)
[14.654s][info][gc,task     ] GC(61) Using 33 workers of 33 for evacuation
[14.656s][info][gc,phases   ] GC(61)   Pre Evacuate Collection Set: 0.2ms
[14.656s][info][gc,phases   ] GC(61)   Merge Heap Roots: 0.2ms
[14.656s][info][gc,phases   ] GC(61)   Evacuate Collection Set: 0.8ms
[14.656s][info][gc,phases   ] GC(61)   Post Evacuate Collection Set: 0.5ms
[14.656s][info][gc,phases   ] GC(61)   Other: 0.1ms
[14.656s][info][gc,heap     ] GC(61) Eden regions: 348->0(348)
[14.656s][info][gc,heap     ] GC(61) Survivor regions: 2->2(44)
[14.656s][info][gc,heap     ] GC(61) Old regions: 39->39
[14.656s][info][gc,heap     ] GC(61) Archive regions: 0->0
[14.656s][info][gc,heap     ] GC(61) Humongous regions: 0->0
[14.656s][info][gc,metaspace] GC(61) Metaspace: 73421K(74560K)->73421K(74560K) NonClass: 57957K(58624K)->57957K(58624K) Class: 15463K(15936K)->15463K(15936K)
[14.656s][info][gc          ] GC(61) Pause Young (Normal) (G1 Evacuation Pause) 388M->40M(584M) 2.010ms
[14.656s][info][gc,cpu      ] GC(61) User=0.00s Sys=0.00s Real=0.00s
[14.748s][info][gc,start    ] GC(62) Pause Young (Normal) (G1 Evacuation Pause)
[14.748s][info][gc,task     ] GC(62) Using 33 workers of 33 for evacuation
[14.750s][info][gc,phases   ] GC(62)   Pre Evacuate Collection Set: 0.2ms
[14.750s][info][gc,phases   ] GC(62)   Merge Heap Roots: 0.2ms
[14.750s][info][gc,phases   ] GC(62)   Evacuate Collection Set: 0.9ms
[14.750s][info][gc,phases   ] GC(62)   Post Evacuate Collection Set: 0.6ms
[14.750s][info][gc,phases   ] GC(62)   Other: 0.1ms
[14.750s][info][gc,heap     ] GC(62) Eden regions: 348->0(348)
[14.750s][info][gc,heap     ] GC(62) Survivor regions: 2->2(44)
[14.750s][info][gc,heap     ] GC(62) Old regions: 39->39
[14.750s][info][gc,heap     ] GC(62) Archive regions: 0->0
[14.750s][info][gc,heap     ] GC(62) Humongous regions: 0->0
[14.750s][info][gc,metaspace] GC(62) Metaspace: 73573K(74624K)->73573K(74624K) NonClass: 58072K(58688K)->58072K(58688K) Class: 15500K(15936K)->15500K(15936K)
[14.750s][info][gc          ] GC(62) Pause Young (Normal) (G1 Evacuation Pause) 388M->40M(584M) 2.221ms
[14.750s][info][gc,cpu      ] GC(62) User=0.00s Sys=0.00s Real=0.00s
[14.844s][info][gc,start    ] GC(63) Pause Young (Normal) (G1 Evacuation Pause)
[14.844s][info][gc,task     ] GC(63) Using 33 workers of 33 for evacuation
[14.846s][info][gc,phases   ] GC(63)   Pre Evacuate Collection Set: 0.2ms
[14.846s][info][gc,phases   ] GC(63)   Merge Heap Roots: 0.2ms
[14.846s][info][gc,phases   ] GC(63)   Evacuate Collection Set: 0.9ms
[14.846s][info][gc,phases   ] GC(63)   Post Evacuate Collection Set: 0.5ms
[14.846s][info][gc,phases   ] GC(63)   Other: 0.1ms
[14.846s][info][gc,heap     ] GC(63) Eden regions: 348->0(348)
[14.846s][info][gc,heap     ] GC(63) Survivor regions: 2->2(44)
[14.846s][info][gc,heap     ] GC(63) Old regions: 39->39
[14.846s][info][gc,heap     ] GC(63) Archive regions: 0->0
[14.846s][info][gc,heap     ] GC(63) Humongous regions: 0->0
[14.846s][info][gc,metaspace] GC(63) Metaspace: 73573K(74624K)->73573K(74624K) NonClass: 58072K(58688K)->58072K(58688K) Class: 15500K(15936K)->15500K(15936K)
[14.846s][info][gc          ] GC(63) Pause Young (Normal) (G1 Evacuation Pause) 388M->40M(584M) 2.145ms
[14.846s][info][gc,cpu      ] GC(63) User=0.00s Sys=0.00s Real=0.00s
[14.934s][info][gc,start    ] GC(64) Pause Young (Normal) (G1 Evacuation Pause)
[14.935s][info][gc,task     ] GC(64) Using 33 workers of 33 for evacuation
[14.936s][info][gc,phases   ] GC(64)   Pre Evacuate Collection Set: 0.2ms
[14.937s][info][gc,phases   ] GC(64)   Merge Heap Roots: 0.2ms
[14.937s][info][gc,phases   ] GC(64)   Evacuate Collection Set: 0.9ms
[14.937s][info][gc,phases   ] GC(64)   Post Evacuate Collection Set: 0.6ms
[14.937s][info][gc,phases   ] GC(64)   Other: 0.1ms
[14.937s][info][gc,heap     ] GC(64) Eden regions: 348->0(348)
[14.937s][info][gc,heap     ] GC(64) Survivor regions: 2->2(44)
[14.937s][info][gc,heap     ] GC(64) Old regions: 39->39
[14.937s][info][gc,heap     ] GC(64) Archive regions: 0->0
[14.937s][info][gc,heap     ] GC(64) Humongous regions: 0->0
[14.937s][info][gc,metaspace] GC(64) Metaspace: 73580K(74624K)->73580K(74624K) NonClass: 58079K(58688K)->58079K(58688K) Class: 15500K(15936K)->15500K(15936K)
[14.937s][info][gc          ] GC(64) Pause Young (Normal) (G1 Evacuation Pause) 388M->40M(584M) 2.228ms
[14.937s][info][gc,cpu      ] GC(64) User=0.02s Sys=0.02s Real=0.00s
[15.027s][info][gc,start    ] GC(65) Pause Young (Normal) (G1 Evacuation Pause)
[15.027s][info][gc,task     ] GC(65) Using 33 workers of 33 for evacuation
[15.029s][info][gc,phases   ] GC(65)   Pre Evacuate Collection Set: 0.2ms
[15.029s][info][gc,phases   ] GC(65)   Merge Heap Roots: 0.2ms
[15.029s][info][gc,phases   ] GC(65)   Evacuate Collection Set: 0.9ms
[15.029s][info][gc,phases   ] GC(65)   Post Evacuate Collection Set: 0.5ms
[15.029s][info][gc,phases   ] GC(65)   Other: 0.1ms
[15.029s][info][gc,heap     ] GC(65) Eden regions: 348->0(348)
[15.029s][info][gc,heap     ] GC(65) Survivor regions: 2->2(44)
[15.029s][info][gc,heap     ] GC(65) Old regions: 39->39
[15.029s][info][gc,heap     ] GC(65) Archive regions: 0->0
[15.029s][info][gc,heap     ] GC(65) Humongous regions: 0->0
[15.029s][info][gc,metaspace] GC(65) Metaspace: 73580K(74624K)->73580K(74624K) NonClass: 58079K(58688K)->58079K(58688K) Class: 15500K(15936K)->15500K(15936K)
[15.029s][info][gc          ] GC(65) Pause Young (Normal) (G1 Evacuation Pause) 388M->40M(584M) 2.203ms
[15.029s][info][gc,cpu      ] GC(65) User=0.00s Sys=0.00s Real=0.00s
[15.121s][info][gc,start    ] GC(66) Pause Young (Normal) (G1 Evacuation Pause)
[15.121s][info][gc,task     ] GC(66) Using 33 workers of 33 for evacuation
[15.123s][info][gc,phases   ] GC(66)   Pre Evacuate Collection Set: 0.2ms
[15.123s][info][gc,phases   ] GC(66)   Merge Heap Roots: 0.2ms
[15.123s][info][gc,phases   ] GC(66)   Evacuate Collection Set: 0.8ms
[15.123s][info][gc,phases   ] GC(66)   Post Evacuate Collection Set: 0.6ms
[15.123s][info][gc,phases   ] GC(66)   Other: 0.1ms
[15.123s][info][gc,heap     ] GC(66) Eden regions: 348->0(348)
[15.123s][info][gc,heap     ] GC(66) Survivor regions: 2->2(44)
[15.123s][info][gc,heap     ] GC(66) Old regions: 39->39
[15.123s][info][gc,heap     ] GC(66) Archive regions: 0->0
[15.123s][info][gc,heap     ] GC(66) Humongous regions: 0->0
[15.123s][info][gc,metaspace] GC(66) Metaspace: 73592K(74688K)->73592K(74688K) NonClass: 58091K(58752K)->58091K(58752K) Class: 15500K(15936K)->15500K(15936K)
[15.123s][info][gc          ] GC(66) Pause Young (Normal) (G1 Evacuation Pause) 388M->40M(584M) 2.125ms
[15.123s][info][gc,cpu      ] GC(66) User=0.53s Sys=0.00s Real=0.00s
[15.222s][info][gc,start    ] GC(67) Pause Young (Normal) (G1 Evacuation Pause)
[15.222s][info][gc,task     ] GC(67) Using 33 workers of 33 for evacuation
[15.224s][info][gc,phases   ] GC(67)   Pre Evacuate Collection Set: 0.2ms
[15.224s][info][gc,phases   ] GC(67)   Merge Heap Roots: 0.2ms
[15.224s][info][gc,phases   ] GC(67)   Evacuate Collection Set: 0.9ms
[15.224s][info][gc,phases   ] GC(67)   Post Evacuate Collection Set: 0.6ms
[15.224s][info][gc,phases   ] GC(67)   Other: 0.1ms
[15.224s][info][gc,heap     ] GC(67) Eden regions: 348->0(348)
[15.224s][info][gc,heap     ] GC(67) Survivor regions: 2->2(44)
[15.224s][info][gc,heap     ] GC(67) Old regions: 39->39
[15.224s][info][gc,heap     ] GC(67) Archive regions: 0->0
[15.224s][info][gc,heap     ] GC(67) Humongous regions: 0->0
[15.224s][info][gc,metaspace] GC(67) Metaspace: 73600K(74688K)->73600K(74688K) NonClass: 58099K(58752K)->58099K(58752K) Class: 15500K(15936K)->15500K(15936K)
[15.224s][info][gc          ] GC(67) Pause Young (Normal) (G1 Evacuation Pause) 388M->40M(584M) 2.119ms
[15.224s][info][gc,cpu      ] GC(67) User=0.00s Sys=0.00s Real=0.00s
[15.324s][info][gc,start    ] GC(68) Pause Young (Normal) (G1 Evacuation Pause)
[15.324s][info][gc,task     ] GC(68) Using 33 workers of 33 for evacuation
[15.326s][info][gc,phases   ] GC(68)   Pre Evacuate Collection Set: 0.2ms
[15.326s][info][gc,phases   ] GC(68)   Merge Heap Roots: 0.2ms
[15.326s][info][gc,phases   ] GC(68)   Evacuate Collection Set: 0.9ms
[15.326s][info][gc,phases   ] GC(68)   Post Evacuate Collection Set: 0.6ms
[15.326s][info][gc,phases   ] GC(68)   Other: 0.1ms
[15.326s][info][gc,heap     ] GC(68) Eden regions: 348->0(348)
[15.326s][info][gc,heap     ] GC(68) Survivor regions: 2->2(44)
[15.326s][info][gc,heap     ] GC(68) Old regions: 39->39
[15.326s][info][gc,heap     ] GC(68) Archive regions: 0->0
[15.326s][info][gc,heap     ] GC(68) Humongous regions: 0->0
[15.326s][info][gc,metaspace] GC(68) Metaspace: 73609K(74688K)->73609K(74688K) NonClass: 58108K(58752K)->58108K(58752K) Class: 15500K(15936K)->15500K(15936K)
[15.326s][info][gc          ] GC(68) Pause Young (Normal) (G1 Evacuation Pause) 388M->40M(584M) 2.148ms
[15.326s][info][gc,cpu      ] GC(68) User=0.00s Sys=0.00s Real=0.00s
[15.427s][info][gc,start    ] GC(69) Pause Young (Normal) (G1 Evacuation Pause)
[15.427s][info][gc,task     ] GC(69) Using 33 workers of 33 for evacuation
[15.430s][info][gc,phases   ] GC(69)   Pre Evacuate Collection Set: 0.2ms
[15.430s][info][gc,phases   ] GC(69)   Merge Heap Roots: 0.2ms
[15.430s][info][gc,phases   ] GC(69)   Evacuate Collection Set: 1.2ms
[15.430s][info][gc,phases   ] GC(69)   Post Evacuate Collection Set: 0.6ms
[15.430s][info][gc,phases   ] GC(69)   Other: 0.1ms
[15.430s][info][gc,heap     ] GC(69) Eden regions: 348->0(348)
[15.430s][info][gc,heap     ] GC(69) Survivor regions: 2->2(44)
[15.430s][info][gc,heap     ] GC(69) Old regions: 39->39
[15.430s][info][gc,heap     ] GC(69) Archive regions: 0->0
[15.430s][info][gc,heap     ] GC(69) Humongous regions: 0->0
[15.430s][info][gc,metaspace] GC(69) Metaspace: 73609K(74688K)->73609K(74688K) NonClass: 58108K(58752K)->58108K(58752K) Class: 15500K(15936K)->15500K(15936K)
[15.430s][info][gc          ] GC(69) Pause Young (Normal) (G1 Evacuation Pause) 388M->40M(584M) 2.560ms
[15.430s][info][gc,cpu      ] GC(69) User=0.00s Sys=0.00s Real=0.00s
[15.529s][info][gc,start    ] GC(70) Pause Young (Normal) (G1 Evacuation Pause)
[15.529s][info][gc,task     ] GC(70) Using 33 workers of 33 for evacuation
[15.531s][info][gc,phases   ] GC(70)   Pre Evacuate Collection Set: 0.2ms
[15.531s][info][gc,phases   ] GC(70)   Merge Heap Roots: 0.2ms
[15.531s][info][gc,phases   ] GC(70)   Evacuate Collection Set: 0.9ms
[15.531s][info][gc,phases   ] GC(70)   Post Evacuate Collection Set: 0.6ms
[15.531s][info][gc,phases   ] GC(70)   Other: 0.1ms
[15.531s][info][gc,heap     ] GC(70) Eden regions: 348->0(348)
[15.531s][info][gc,heap     ] GC(70) Survivor regions: 2->2(44)
[15.531s][info][gc,heap     ] GC(70) Old regions: 39->39
[15.531s][info][gc,heap     ] GC(70) Archive regions: 0->0
[15.531s][info][gc,heap     ] GC(70) Humongous regions: 0->0
[15.531s][info][gc,metaspace] GC(70) Metaspace: 73612K(74688K)->73612K(74688K) NonClass: 58111K(58752K)->58111K(58752K) Class: 15500K(15936K)->15500K(15936K)
[15.531s][info][gc          ] GC(70) Pause Young (Normal) (G1 Evacuation Pause) 388M->40M(584M) 2.191ms
[15.531s][info][gc,cpu      ] GC(70) User=0.00s Sys=0.00s Real=0.00s
[15.631s][info][gc,start    ] GC(71) Pause Young (Normal) (G1 Evacuation Pause)
[15.631s][info][gc,task     ] GC(71) Using 33 workers of 33 for evacuation
[15.633s][info][gc,phases   ] GC(71)   Pre Evacuate Collection Set: 0.2ms
[15.633s][info][gc,phases   ] GC(71)   Merge Heap Roots: 0.2ms
[15.633s][info][gc,phases   ] GC(71)   Evacuate Collection Set: 0.9ms
[15.633s][info][gc,phases   ] GC(71)   Post Evacuate Collection Set: 0.6ms
[15.633s][info][gc,phases   ] GC(71)   Other: 0.1ms
[15.633s][info][gc,heap     ] GC(71) Eden regions: 348->0(348)
[15.633s][info][gc,heap     ] GC(71) Survivor regions: 2->2(44)
[15.633s][info][gc,heap     ] GC(71) Old regions: 39->39
[15.633s][info][gc,heap     ] GC(71) Archive regions: 0->0
[15.633s][info][gc,heap     ] GC(71) Humongous regions: 0->0
[15.633s][info][gc,metaspace] GC(71) Metaspace: 73614K(74688K)->73614K(74688K) NonClass: 58113K(58752K)->58113K(58752K) Class: 15500K(15936K)->15500K(15936K)
[15.633s][info][gc          ] GC(71) Pause Young (Normal) (G1 Evacuation Pause) 388M->40M(584M) 2.173ms
[15.634s][info][gc,cpu      ] GC(71) User=0.00s Sys=0.00s Real=0.00s
[15.734s][info][gc,start    ] GC(72) Pause Young (Normal) (G1 Evacuation Pause)
[15.734s][info][gc,task     ] GC(72) Using 33 workers of 33 for evacuation
[15.736s][info][gc,phases   ] GC(72)   Pre Evacuate Collection Set: 0.2ms
[15.736s][info][gc,phases   ] GC(72)   Merge Heap Roots: 0.2ms
[15.736s][info][gc,phases   ] GC(72)   Evacuate Collection Set: 0.8ms
[15.736s][info][gc,phases   ] GC(72)   Post Evacuate Collection Set: 0.6ms
[15.736s][info][gc,phases   ] GC(72)   Other: 0.1ms
[15.736s][info][gc,heap     ] GC(72) Eden regions: 348->0(348)
[15.736s][info][gc,heap     ] GC(72) Survivor regions: 2->2(44)
[15.736s][info][gc,heap     ] GC(72) Old regions: 39->39
[15.736s][info][gc,heap     ] GC(72) Archive regions: 0->0
[15.736s][info][gc,heap     ] GC(72) Humongous regions: 0->0
[15.736s][info][gc,metaspace] GC(72) Metaspace: 73615K(74688K)->73615K(74688K) NonClass: 58114K(58752K)->58114K(58752K) Class: 15500K(15936K)->15500K(15936K)
[15.736s][info][gc          ] GC(72) Pause Young (Normal) (G1 Evacuation Pause) 388M->40M(584M) 2.081ms
[15.736s][info][gc,cpu      ] GC(72) User=0.00s Sys=0.00s Real=0.00s
[15.843s][info][gc,start    ] GC(73) Pause Young (Normal) (G1 Evacuation Pause)
[15.843s][info][gc,task     ] GC(73) Using 33 workers of 33 for evacuation
[15.845s][info][gc,phases   ] GC(73)   Pre Evacuate Collection Set: 0.2ms
[15.845s][info][gc,phases   ] GC(73)   Merge Heap Roots: 0.2ms
[15.845s][info][gc,phases   ] GC(73)   Evacuate Collection Set: 0.8ms
[15.845s][info][gc,phases   ] GC(73)   Post Evacuate Collection Set: 0.6ms
[15.845s][info][gc,phases   ] GC(73)   Other: 0.1ms
[15.845s][info][gc,heap     ] GC(73) Eden regions: 348->0(348)
[15.845s][info][gc,heap     ] GC(73) Survivor regions: 2->2(44)
[15.845s][info][gc,heap     ] GC(73) Old regions: 39->39
[15.845s][info][gc,heap     ] GC(73) Archive regions: 0->0
[15.845s][info][gc,heap     ] GC(73) Humongous regions: 0->0
[15.845s][info][gc,metaspace] GC(73) Metaspace: 73627K(74752K)->73627K(74752K) NonClass: 58126K(58816K)->58126K(58816K) Class: 15500K(15936K)->15500K(15936K)
[15.845s][info][gc          ] GC(73) Pause Young (Normal) (G1 Evacuation Pause) 388M->40M(584M) 2.092ms
[15.845s][info][gc,cpu      ] GC(73) User=0.03s Sys=0.00s Real=0.02s
[15.959s][info][gc,start    ] GC(74) Pause Young (Normal) (G1 Evacuation Pause)
[15.959s][info][gc,task     ] GC(74) Using 33 workers of 33 for evacuation
[15.961s][info][gc,phases   ] GC(74)   Pre Evacuate Collection Set: 0.2ms
[15.961s][info][gc,phases   ] GC(74)   Merge Heap Roots: 0.2ms
[15.961s][info][gc,phases   ] GC(74)   Evacuate Collection Set: 0.9ms
[15.961s][info][gc,phases   ] GC(74)   Post Evacuate Collection Set: 0.6ms
[15.961s][info][gc,phases   ] GC(74)   Other: 0.1ms
[15.961s][info][gc,heap     ] GC(74) Eden regions: 348->0(348)
[15.961s][info][gc,heap     ] GC(74) Survivor regions: 2->2(44)
[15.961s][info][gc,heap     ] GC(74) Old regions: 39->39
[15.961s][info][gc,heap     ] GC(74) Archive regions: 0->0
[15.961s][info][gc,heap     ] GC(74) Humongous regions: 0->0
[15.961s][info][gc,metaspace] GC(74) Metaspace: 73629K(74752K)->73629K(74752K) NonClass: 58129K(58816K)->58129K(58816K) Class: 15500K(15936K)->15500K(15936K)
[15.961s][info][gc          ] GC(74) Pause Young (Normal) (G1 Evacuation Pause) 388M->40M(584M) 2.202ms
[15.961s][info][gc,cpu      ] GC(74) User=0.00s Sys=0.00s Real=0.00s
[16.079s][info][gc,start    ] GC(75) Pause Young (Normal) (G1 Evacuation Pause)
[16.079s][info][gc,task     ] GC(75) Using 33 workers of 33 for evacuation
[16.081s][info][gc,phases   ] GC(75)   Pre Evacuate Collection Set: 0.2ms
[16.081s][info][gc,phases   ] GC(75)   Merge Heap Roots: 0.2ms
[16.081s][info][gc,phases   ] GC(75)   Evacuate Collection Set: 0.8ms
[16.081s][info][gc,phases   ] GC(75)   Post Evacuate Collection Set: 0.5ms
[16.081s][info][gc,phases   ] GC(75)   Other: 0.1ms
[16.081s][info][gc,heap     ] GC(75) Eden regions: 348->0(348)
[16.081s][info][gc,heap     ] GC(75) Survivor regions: 2->2(44)
[16.081s][info][gc,heap     ] GC(75) Old regions: 39->39
[16.081s][info][gc,heap     ] GC(75) Archive regions: 0->0
[16.081s][info][gc,heap     ] GC(75) Humongous regions: 0->0
[16.081s][info][gc,metaspace] GC(75) Metaspace: 73634K(74752K)->73634K(74752K) NonClass: 58133K(58816K)->58133K(58816K) Class: 15500K(15936K)->15500K(15936K)
[16.081s][info][gc          ] GC(75) Pause Young (Normal) (G1 Evacuation Pause) 388M->40M(584M) 2.024ms
[16.081s][info][gc,cpu      ] GC(75) User=0.00s Sys=0.00s Real=0.00s
[16.199s][info][gc,start    ] GC(76) Pause Young (Normal) (G1 Evacuation Pause)
[16.200s][info][gc,task     ] GC(76) Using 33 workers of 33 for evacuation
[16.201s][info][gc,phases   ] GC(76)   Pre Evacuate Collection Set: 0.2ms
[16.201s][info][gc,phases   ] GC(76)   Merge Heap Roots: 0.2ms
[16.201s][info][gc,phases   ] GC(76)   Evacuate Collection Set: 0.8ms
[16.201s][info][gc,phases   ] GC(76)   Post Evacuate Collection Set: 0.5ms
[16.201s][info][gc,phases   ] GC(76)   Other: 0.1ms
[16.201s][info][gc,heap     ] GC(76) Eden regions: 348->0(348)
[16.201s][info][gc,heap     ] GC(76) Survivor regions: 2->2(44)
[16.201s][info][gc,heap     ] GC(76) Old regions: 39->39
[16.201s][info][gc,heap     ] GC(76) Archive regions: 0->0
[16.201s][info][gc,heap     ] GC(76) Humongous regions: 0->0
[16.201s][info][gc,metaspace] GC(76) Metaspace: 73635K(74752K)->73635K(74752K) NonClass: 58134K(58816K)->58134K(58816K) Class: 15500K(15936K)->15500K(15936K)
[16.201s][info][gc          ] GC(76) Pause Young (Normal) (G1 Evacuation Pause) 388M->40M(584M) 1.995ms
[16.201s][info][gc,cpu      ] GC(76) User=0.00s Sys=0.00s Real=0.00s
[16.337s][info][gc,start    ] GC(77) Pause Young (Normal) (G1 Evacuation Pause)
[16.337s][info][gc,task     ] GC(77) Using 33 workers of 33 for evacuation
[16.339s][info][gc,phases   ] GC(77)   Pre Evacuate Collection Set: 0.2ms
[16.339s][info][gc,phases   ] GC(77)   Merge Heap Roots: 0.2ms
[16.339s][info][gc,phases   ] GC(77)   Evacuate Collection Set: 0.8ms
[16.339s][info][gc,phases   ] GC(77)   Post Evacuate Collection Set: 0.6ms
[16.339s][info][gc,phases   ] GC(77)   Other: 0.1ms
[16.339s][info][gc,heap     ] GC(77) Eden regions: 348->0(348)
[16.339s][info][gc,heap     ] GC(77) Survivor regions: 2->2(44)
[16.339s][info][gc,heap     ] GC(77) Old regions: 39->39
[16.339s][info][gc,heap     ] GC(77) Archive regions: 0->0
[16.339s][info][gc,heap     ] GC(77) Humongous regions: 0->0
[16.339s][info][gc,metaspace] GC(77) Metaspace: 73646K(74752K)->73646K(74752K) NonClass: 58145K(58816K)->58145K(58816K) Class: 15500K(15936K)->15500K(15936K)
[16.339s][info][gc          ] GC(77) Pause Young (Normal) (G1 Evacuation Pause) 388M->40M(584M) 2.043ms
[16.339s][info][gc,cpu      ] GC(77) User=0.00s Sys=0.00s Real=0.00s
[16.486s][info][gc,start    ] GC(78) Pause Young (Normal) (G1 Evacuation Pause)
[16.486s][info][gc,task     ] GC(78) Using 33 workers of 33 for evacuation
[16.488s][info][gc,phases   ] GC(78)   Pre Evacuate Collection Set: 0.2ms
[16.488s][info][gc,phases   ] GC(78)   Merge Heap Roots: 0.2ms
[16.488s][info][gc,phases   ] GC(78)   Evacuate Collection Set: 0.7ms
[16.488s][info][gc,phases   ] GC(78)   Post Evacuate Collection Set: 0.6ms
[16.488s][info][gc,phases   ] GC(78)   Other: 0.1ms
[16.488s][info][gc,heap     ] GC(78) Eden regions: 348->0(348)
[16.488s][info][gc,heap     ] GC(78) Survivor regions: 2->2(44)
[16.488s][info][gc,heap     ] GC(78) Old regions: 39->39
[16.488s][info][gc,heap     ] GC(78) Archive regions: 0->0
[16.488s][info][gc,heap     ] GC(78) Humongous regions: 0->0
[16.488s][info][gc,metaspace] GC(78) Metaspace: 73646K(74752K)->73646K(74752K) NonClass: 58145K(58816K)->58145K(58816K) Class: 15500K(15936K)->15500K(15936K)
[16.488s][info][gc          ] GC(78) Pause Young (Normal) (G1 Evacuation Pause) 388M->40M(584M) 1.929ms
[16.488s][info][gc,cpu      ] GC(78) User=0.00s Sys=0.00s Real=0.00s
[16.641s][info][gc,start    ] GC(79) Pause Young (Normal) (G1 Evacuation Pause)
[16.641s][info][gc,task     ] GC(79) Using 33 workers of 33 for evacuation
[16.643s][info][gc,phases   ] GC(79)   Pre Evacuate Collection Set: 0.2ms
[16.643s][info][gc,phases   ] GC(79)   Merge Heap Roots: 0.2ms
[16.643s][info][gc,phases   ] GC(79)   Evacuate Collection Set: 0.8ms
[16.643s][info][gc,phases   ] GC(79)   Post Evacuate Collection Set: 0.6ms
[16.643s][info][gc,phases   ] GC(79)   Other: 0.1ms
[16.643s][info][gc,heap     ] GC(79) Eden regions: 348->0(348)
[16.643s][info][gc,heap     ] GC(79) Survivor regions: 2->2(44)
[16.643s][info][gc,heap     ] GC(79) Old regions: 39->39
[16.643s][info][gc,heap     ] GC(79) Archive regions: 0->0
[16.643s][info][gc,heap     ] GC(79) Humongous regions: 0->0
[16.643s][info][gc,metaspace] GC(79) Metaspace: 73649K(74752K)->73649K(74752K) NonClass: 58148K(58816K)->58148K(58816K) Class: 15500K(15936K)->15500K(15936K)
[16.643s][info][gc          ] GC(79) Pause Young (Normal) (G1 Evacuation Pause) 388M->40M(584M) 1.978ms
[16.643s][info][gc,cpu      ] GC(79) User=0.00s Sys=0.00s Real=0.00s
[16.799s][info][gc,start    ] GC(80) Pause Young (Normal) (G1 Evacuation Pause)
[16.800s][info][gc,task     ] GC(80) Using 32 workers of 33 for evacuation
[16.801s][info][gc,phases   ] GC(80)   Pre Evacuate Collection Set: 0.2ms
[16.801s][info][gc,phases   ] GC(80)   Merge Heap Roots: 0.2ms
[16.801s][info][gc,phases   ] GC(80)   Evacuate Collection Set: 0.7ms
[16.801s][info][gc,phases   ] GC(80)   Post Evacuate Collection Set: 0.6ms
[16.801s][info][gc,phases   ] GC(80)   Other: 0.1ms
[16.801s][info][gc,heap     ] GC(80) Eden regions: 348->0(348)
[16.801s][info][gc,heap     ] GC(80) Survivor regions: 2->2(44)
[16.801s][info][gc,heap     ] GC(80) Old regions: 39->39
[16.801s][info][gc,heap     ] GC(80) Archive regions: 0->0
[16.801s][info][gc,heap     ] GC(80) Humongous regions: 0->0
[16.801s][info][gc,metaspace] GC(80) Metaspace: 73655K(74752K)->73655K(74752K) NonClass: 58154K(58816K)->58154K(58816K) Class: 15500K(15936K)->15500K(15936K)
[16.801s][info][gc          ] GC(80) Pause Young (Normal) (G1 Evacuation Pause) 388M->40M(584M) 1.944ms
[16.801s][info][gc,cpu      ] GC(80) User=0.00s Sys=0.00s Real=0.00s
[16.993s][info][gc,start    ] GC(81) Pause Young (Normal) (G1 Evacuation Pause)
[16.993s][info][gc,task     ] GC(81) Using 26 workers of 33 for evacuation
[16.995s][info][gc,phases   ] GC(81)   Pre Evacuate Collection Set: 0.1ms
[16.995s][info][gc,phases   ] GC(81)   Merge Heap Roots: 0.1ms
[16.995s][info][gc,phases   ] GC(81)   Evacuate Collection Set: 0.6ms
[16.995s][info][gc,phases   ] GC(81)   Post Evacuate Collection Set: 0.5ms
[16.995s][info][gc,phases   ] GC(81)   Other: 0.1ms
[16.995s][info][gc,heap     ] GC(81) Eden regions: 348->0(348)
[16.995s][info][gc,heap     ] GC(81) Survivor regions: 2->2(44)
[16.995s][info][gc,heap     ] GC(81) Old regions: 39->39
[16.995s][info][gc,heap     ] GC(81) Archive regions: 0->0
[16.995s][info][gc,heap     ] GC(81) Humongous regions: 0->0
[16.995s][info][gc,metaspace] GC(81) Metaspace: 73663K(74752K)->73663K(74752K) NonClass: 58163K(58816K)->58163K(58816K) Class: 15500K(15936K)->15500K(15936K)
[16.995s][info][gc          ] GC(81) Pause Young (Normal) (G1 Evacuation Pause) 388M->40M(584M) 1.655ms
[16.995s][info][gc,cpu      ] GC(81) User=0.00s Sys=0.00s Real=0.00s
[17.225s][info][gc,start    ] GC(82) Pause Young (Normal) (G1 Evacuation Pause)
[17.225s][info][gc,task     ] GC(82) Using 22 workers of 33 for evacuation
[17.226s][info][gc,phases   ] GC(82)   Pre Evacuate Collection Set: 0.1ms
[17.226s][info][gc,phases   ] GC(82)   Merge Heap Roots: 0.1ms
[17.226s][info][gc,phases   ] GC(82)   Evacuate Collection Set: 0.5ms
[17.226s][info][gc,phases   ] GC(82)   Post Evacuate Collection Set: 0.4ms
[17.226s][info][gc,phases   ] GC(82)   Other: 0.1ms
[17.226s][info][gc,heap     ] GC(82) Eden regions: 348->0(348)
[17.226s][info][gc,heap     ] GC(82) Survivor regions: 2->2(44)
[17.226s][info][gc,heap     ] GC(82) Old regions: 39->39
[17.226s][info][gc,heap     ] GC(82) Archive regions: 0->0
[17.226s][info][gc,heap     ] GC(82) Humongous regions: 0->0
[17.226s][info][gc,metaspace] GC(82) Metaspace: 73670K(74752K)->73670K(74752K) NonClass: 58169K(58816K)->58169K(58816K) Class: 15500K(15936K)->15500K(15936K)
[17.226s][info][gc          ] GC(82) Pause Young (Normal) (G1 Evacuation Pause) 388M->40M(584M) 1.481ms
[17.226s][info][gc,cpu      ] GC(82) User=0.00s Sys=0.00s Real=0.00s
[17.474s][info][gc,start    ] GC(83) Pause Young (Normal) (G1 Evacuation Pause)
[17.474s][info][gc,task     ] GC(83) Using 20 workers of 33 for evacuation
[17.475s][info][gc,phases   ] GC(83)   Pre Evacuate Collection Set: 0.1ms
[17.475s][info][gc,phases   ] GC(83)   Merge Heap Roots: 0.1ms
[17.475s][info][gc,phases   ] GC(83)   Evacuate Collection Set: 0.5ms
[17.475s][info][gc,phases   ] GC(83)   Post Evacuate Collection Set: 0.4ms
[17.475s][info][gc,phases   ] GC(83)   Other: 0.1ms
[17.475s][info][gc,heap     ] GC(83) Eden regions: 348->0(348)
[17.475s][info][gc,heap     ] GC(83) Survivor regions: 2->2(44)
[17.475s][info][gc,heap     ] GC(83) Old regions: 39->39
[17.475s][info][gc,heap     ] GC(83) Archive regions: 0->0
[17.475s][info][gc,heap     ] GC(83) Humongous regions: 0->0
[17.475s][info][gc,metaspace] GC(83) Metaspace: 73670K(74752K)->73670K(74752K) NonClass: 58169K(58816K)->58169K(58816K) Class: 15500K(15936K)->15500K(15936K)
[17.475s][info][gc          ] GC(83) Pause Young (Normal) (G1 Evacuation Pause) 388M->40M(584M) 1.491ms
[17.475s][info][gc,cpu      ] GC(83) User=0.02s Sys=0.00s Real=0.01s
[17.720s][info][gc,start    ] GC(84) Pause Young (Normal) (G1 Evacuation Pause)
[17.721s][info][gc,task     ] GC(84) Using 19 workers of 33 for evacuation
[17.722s][info][gc,phases   ] GC(84)   Pre Evacuate Collection Set: 0.1ms
[17.722s][info][gc,phases   ] GC(84)   Merge Heap Roots: 0.1ms
[17.722s][info][gc,phases   ] GC(84)   Evacuate Collection Set: 0.5ms
[17.722s][info][gc,phases   ] GC(84)   Post Evacuate Collection Set: 0.4ms
[17.722s][info][gc,phases   ] GC(84)   Other: 0.1ms
[17.722s][info][gc,heap     ] GC(84) Eden regions: 348->0(348)
[17.722s][info][gc,heap     ] GC(84) Survivor regions: 2->2(44)
[17.722s][info][gc,heap     ] GC(84) Old regions: 39->40
[17.722s][info][gc,heap     ] GC(84) Archive regions: 0->0
[17.722s][info][gc,heap     ] GC(84) Humongous regions: 0->0
[17.722s][info][gc,metaspace] GC(84) Metaspace: 73670K(74752K)->73670K(74752K) NonClass: 58169K(58816K)->58169K(58816K) Class: 15500K(15936K)->15500K(15936K)
[17.722s][info][gc          ] GC(84) Pause Young (Normal) (G1 Evacuation Pause) 388M->40M(584M) 1.460ms
[17.722s][info][gc,cpu      ] GC(84) User=0.00s Sys=0.00s Real=0.00s
[17.969s][info][gc,start    ] GC(85) Pause Young (Normal) (G1 Evacuation Pause)
[17.969s][info][gc,task     ] GC(85) Using 18 workers of 33 for evacuation
[17.970s][info][gc,phases   ] GC(85)   Pre Evacuate Collection Set: 0.1ms
[17.970s][info][gc,phases   ] GC(85)   Merge Heap Roots: 0.1ms
[17.970s][info][gc,phases   ] GC(85)   Evacuate Collection Set: 0.6ms
[17.970s][info][gc,phases   ] GC(85)   Post Evacuate Collection Set: 0.5ms
[17.970s][info][gc,phases   ] GC(85)   Other: 0.1ms
[17.970s][info][gc,heap     ] GC(85) Eden regions: 348->0(348)
[17.970s][info][gc,heap     ] GC(85) Survivor regions: 2->2(44)
[17.970s][info][gc,heap     ] GC(85) Old regions: 40->40
[17.970s][info][gc,heap     ] GC(85) Archive regions: 0->0
[17.970s][info][gc,heap     ] GC(85) Humongous regions: 0->0
[17.970s][info][gc,metaspace] GC(85) Metaspace: 73712K(74816K)->73712K(74816K) NonClass: 58200K(58880K)->58200K(58880K) Class: 15512K(15936K)->15512K(15936K)
[17.971s][info][gc          ] GC(85) Pause Young (Normal) (G1 Evacuation Pause) 388M->40M(584M) 1.615ms
[17.971s][info][gc,cpu      ] GC(85) User=0.00s Sys=0.00s Real=0.00s
[18.216s][info][gc,start    ] GC(86) Pause Young (Normal) (G1 Evacuation Pause)
[18.216s][info][gc,task     ] GC(86) Using 18 workers of 33 for evacuation
[18.217s][info][gc,phases   ] GC(86)   Pre Evacuate Collection Set: 0.1ms
[18.217s][info][gc,phases   ] GC(86)   Merge Heap Roots: 0.1ms
[18.217s][info][gc,phases   ] GC(86)   Evacuate Collection Set: 0.5ms
[18.217s][info][gc,phases   ] GC(86)   Post Evacuate Collection Set: 0.4ms
[18.217s][info][gc,phases   ] GC(86)   Other: 0.1ms
[18.217s][info][gc,heap     ] GC(86) Eden regions: 348->0(348)
[18.217s][info][gc,heap     ] GC(86) Survivor regions: 2->2(44)
[18.217s][info][gc,heap     ] GC(86) Old regions: 40->40
[18.217s][info][gc,heap     ] GC(86) Archive regions: 0->0
[18.217s][info][gc,heap     ] GC(86) Humongous regions: 0->0
[18.217s][info][gc,metaspace] GC(86) Metaspace: 73712K(74816K)->73712K(74816K) NonClass: 58200K(58880K)->58200K(58880K) Class: 15512K(15936K)->15512K(15936K)
[18.217s][info][gc          ] GC(86) Pause Young (Normal) (G1 Evacuation Pause) 388M->40M(584M) 1.434ms
[18.217s][info][gc,cpu      ] GC(86) User=0.00s Sys=0.00s Real=0.00s
[18.334s][info][gc,start    ] GC(87) Pause Full (System.gc())
[18.334s][info][gc,task     ] GC(87) Using 16 workers of 33 for full compaction
[18.335s][info][gc,phases,start] GC(87) Phase 1: Mark live objects
[18.368s][info][gc,phases      ] GC(87) Phase 1: Mark live objects 32.848ms
[18.368s][info][gc,phases,start] GC(87) Phase 2: Prepare compaction
[18.370s][info][gc,phases      ] GC(87) Phase 2: Prepare compaction 2.137ms
[18.370s][info][gc,phases,start] GC(87) Phase 3: Adjust pointers
[18.381s][info][gc,phases      ] GC(87) Phase 3: Adjust pointers 10.496ms
[18.381s][info][gc,phases,start] GC(87) Phase 4: Compact heap
[18.383s][info][gc,phases      ] GC(87) Phase 4: Compact heap 1.552ms
[18.398s][info][gc,heap        ] GC(87) Eden regions: 91->0(78)
[18.398s][info][gc,heap        ] GC(87) Survivor regions: 2->0(44)
[18.398s][info][gc,heap        ] GC(87) Old regions: 40->39
[18.398s][info][gc,heap        ] GC(87) Archive regions: 0->0
[18.398s][info][gc,heap        ] GC(87) Humongous regions: 0->0
[18.398s][info][gc,metaspace   ] GC(87) Metaspace: 73756K(74944K)->72903K(74944K) NonClass: 58238K(58944K)->57641K(58944K) Class: 15517K(16000K)->15261K(16000K)
[18.398s][info][gc             ] GC(87) Pause Full (System.gc()) 131M->34M(130M) 63.835ms
[18.398s][info][gc,cpu         ] GC(87) User=0.53s Sys=0.00s Real=0.06s
[18.574s][info][gc,start       ] GC(88) Pause Young (Concurrent Start) (G1 Evacuation Pause)
[18.574s][info][gc,task        ] GC(88) Using 33 workers of 33 for evacuation
[18.577s][info][gc,phases      ] GC(88)   Pre Evacuate Collection Set: 0.3ms
[18.577s][info][gc,phases      ] GC(88)   Merge Heap Roots: 0.2ms
[18.577s][info][gc,phases      ] GC(88)   Evacuate Collection Set: 1.5ms
[18.577s][info][gc,phases      ] GC(88)   Post Evacuate Collection Set: 0.7ms
[18.577s][info][gc,phases      ] GC(88)   Other: 0.1ms
[18.577s][info][gc,heap        ] GC(88) Eden regions: 78->0(74)
[18.577s][info][gc,heap        ] GC(88) Survivor regions: 0->4(10)
[18.577s][info][gc,heap        ] GC(88) Old regions: 39->39
[18.577s][info][gc,heap        ] GC(88) Archive regions: 0->0
[18.577s][info][gc,heap        ] GC(88) Humongous regions: 0->0
[18.577s][info][gc,metaspace   ] GC(88) Metaspace: 73004K(74944K)->73004K(74944K) NonClass: 57734K(58944K)->57734K(58944K) Class: 15270K(16000K)->15270K(16000K)
[18.577s][info][gc             ] GC(88) Pause Young (Concurrent Start) (G1 Evacuation Pause) 112M->38M(130M) 3.111ms
[18.577s][info][gc             ] GC(89) Concurrent Mark Cycle
[18.577s][info][gc,cpu         ] GC(88) User=0.61s Sys=0.00s Real=0.02s
[18.577s][info][gc,marking     ] GC(89) Concurrent Scan Root Regions
[18.581s][info][gc,marking     ] GC(89) Concurrent Scan Root Regions 4.313ms
[18.581s][info][gc,marking     ] GC(89) Concurrent Mark
[18.581s][info][gc,marking     ] GC(89) Concurrent Mark From Roots
[18.581s][info][gc,task        ] GC(89) Using 8 workers of 8 for marking
[18.592s][info][gc,marking     ] GC(89) Concurrent Mark From Roots 10.474ms
[18.592s][info][gc,marking     ] GC(89) Concurrent Preclean
[18.592s][info][gc,marking     ] GC(89) Concurrent Preclean 0.182ms
[18.596s][info][gc,start       ] GC(89) Pause Remark
[18.608s][info][gc             ] GC(89) Pause Remark 60M->60M(130M) 12.441ms
[18.608s][info][gc,cpu         ] GC(89) User=0.00s Sys=0.00s Real=0.00s
[18.608s][info][gc,marking     ] GC(89) Concurrent Mark 27.088ms
[18.608s][info][gc,marking     ] GC(89) Concurrent Rebuild Remembered Sets and Scrub Regions
[18.615s][info][gc,marking     ] GC(89) Concurrent Rebuild Remembered Sets and Scrub Regions 6.280ms
[18.615s][info][gc,start       ] GC(89) Pause Cleanup
[18.615s][info][gc             ] GC(89) Pause Cleanup 69M->69M(130M) 0.167ms
[18.615s][info][gc,cpu         ] GC(89) User=0.00s Sys=0.00s Real=0.00s
[18.616s][info][gc,marking     ] GC(89) Concurrent Clear Claimed Marks
[18.616s][info][gc,marking     ] GC(89) Concurrent Clear Claimed Marks 0.095ms
[18.616s][info][gc,marking     ] GC(89) Concurrent Cleanup for Next Mark
[18.617s][info][gc,marking     ] GC(89) Concurrent Cleanup for Next Mark 0.289ms
[18.617s][info][gc             ] GC(89) Concurrent Mark Cycle 39.685ms
[18.637s][info][gc,start       ] GC(90) Pause Young (Prepare Mixed) (G1 Evacuation Pause)
[18.638s][info][gc,task        ] GC(90) Using 33 workers of 33 for evacuation
[18.640s][info][gc,phases      ] GC(90)   Pre Evacuate Collection Set: 0.2ms
[18.640s][info][gc,phases      ] GC(90)   Merge Heap Roots: 0.2ms
[18.640s][info][gc,phases      ] GC(90)   Evacuate Collection Set: 1.3ms
[18.640s][info][gc,phases      ] GC(90)   Post Evacuate Collection Set: 0.7ms
[18.640s][info][gc,phases      ] GC(90)   Other: 0.1ms
[18.640s][info][gc,heap        ] GC(90) Eden regions: 74->0(74)
[18.640s][info][gc,heap        ] GC(90) Survivor regions: 4->4(10)
[18.640s][info][gc,heap        ] GC(90) Old regions: 39->39
[18.640s][info][gc,heap        ] GC(90) Archive regions: 0->0
[18.640s][info][gc,heap        ] GC(90) Humongous regions: 0->0
[18.640s][info][gc,metaspace   ] GC(90) Metaspace: 73004K(74944K)->73004K(74944K) NonClass: 57734K(58944K)->57734K(58944K) Class: 15270K(16000K)->15270K(16000K)
[18.640s][info][gc             ] GC(90) Pause Young (Prepare Mixed) (G1 Evacuation Pause) 112M->38M(130M) 2.747ms
[18.640s][info][gc,cpu         ] GC(90) User=0.00s Sys=0.00s Real=0.00s
[18.675s][info][gc,start       ] GC(91) Pause Young (Mixed) (G1 Evacuation Pause)
[18.675s][info][gc,task        ] GC(91) Using 33 workers of 33 for evacuation
[18.678s][info][gc,phases      ] GC(91)   Pre Evacuate Collection Set: 0.2ms
[18.678s][info][gc,phases      ] GC(91)   Merge Heap Roots: 0.2ms
[18.678s][info][gc,phases      ] GC(91)   Evacuate Collection Set: 1.7ms
[18.678s][info][gc,phases      ] GC(91)   Post Evacuate Collection Set: 0.7ms
[18.678s][info][gc,phases      ] GC(91)   Other: 0.1ms
[18.678s][info][gc,heap        ] GC(91) Eden regions: 74->0(74)
[18.678s][info][gc,heap        ] GC(91) Survivor regions: 4->4(10)
[18.678s][info][gc,heap        ] GC(91) Old regions: 39->38
[18.678s][info][gc,heap        ] GC(91) Archive regions: 0->0
[18.678s][info][gc,heap        ] GC(91) Humongous regions: 0->0
[18.678s][info][gc,metaspace   ] GC(91) Metaspace: 73004K(74944K)->73004K(74944K) NonClass: 57734K(58944K)->57734K(58944K) Class: 15270K(16000K)->15270K(16000K)
[18.678s][info][gc             ] GC(91) Pause Young (Mixed) (G1 Evacuation Pause) 112M->38M(130M) 3.140ms
[18.678s][info][gc,cpu         ] GC(91) User=0.00s Sys=0.00s Real=0.00s
[18.711s][info][gc,start       ] GC(92) Pause Young (Normal) (G1 Evacuation Pause)
[18.712s][info][gc,task        ] GC(92) Using 33 workers of 33 for evacuation
[18.714s][info][gc,phases      ] GC(92)   Pre Evacuate Collection Set: 0.2ms
[18.714s][info][gc,phases      ] GC(92)   Merge Heap Roots: 0.2ms
[18.714s][info][gc,phases      ] GC(92)   Evacuate Collection Set: 1.2ms
[18.714s][info][gc,phases      ] GC(92)   Post Evacuate Collection Set: 0.6ms
[18.714s][info][gc,phases      ] GC(92)   Other: 0.1ms
[18.714s][info][gc,heap        ] GC(92) Eden regions: 74->0(74)
[18.714s][info][gc,heap        ] GC(92) Survivor regions: 4->4(10)
[18.714s][info][gc,heap        ] GC(92) Old regions: 38->38
[18.714s][info][gc,heap        ] GC(92) Archive regions: 0->0
[18.714s][info][gc,heap        ] GC(92) Humongous regions: 0->0
[18.714s][info][gc,metaspace   ] GC(92) Metaspace: 73004K(74944K)->73004K(74944K) NonClass: 57734K(58944K)->57734K(58944K) Class: 15270K(16000K)->15270K(16000K)
[18.714s][info][gc             ] GC(92) Pause Young (Normal) (G1 Evacuation Pause) 112M->38M(130M) 2.574ms
[18.714s][info][gc,cpu         ] GC(92) User=0.00s Sys=0.00s Real=0.00s
[18.746s][info][gc,start       ] GC(93) Pause Young (Normal) (G1 Evacuation Pause)
[18.746s][info][gc,task        ] GC(93) Using 33 workers of 33 for evacuation
[18.751s][info][gc,phases      ] GC(93)   Pre Evacuate Collection Set: 0.2ms
[18.751s][info][gc,phases      ] GC(93)   Merge Heap Roots: 0.2ms
[18.751s][info][gc,phases      ] GC(93)   Evacuate Collection Set: 1.3ms
[18.751s][info][gc,phases      ] GC(93)   Post Evacuate Collection Set: 3.5ms
[18.751s][info][gc,phases      ] GC(93)   Other: 0.1ms
[18.751s][info][gc,heap        ] GC(93) Eden regions: 74->0(342)
[18.751s][info][gc,heap        ] GC(93) Survivor regions: 4->4(10)
[18.751s][info][gc,heap        ] GC(93) Old regions: 38->38
[18.751s][info][gc,heap        ] GC(93) Archive regions: 0->0
[18.751s][info][gc,heap        ] GC(93) Humongous regions: 0->0
[18.751s][info][gc,metaspace   ] GC(93) Metaspace: 73004K(74944K)->73004K(74944K) NonClass: 57734K(58944K)->57734K(58944K) Class: 15270K(16000K)->15270K(16000K)
[18.751s][info][gc             ] GC(93) Pause Young (Normal) (G1 Evacuation Pause) 112M->38M(577M) 5.581ms
[18.751s][info][gc,cpu         ] GC(93) User=0.00s Sys=0.00s Real=0.00s
[18.978s][info][gc,start       ] GC(94) Pause Young (Normal) (G1 Evacuation Pause)
[18.978s][info][gc,task        ] GC(94) Using 33 workers of 33 for evacuation
[18.982s][info][gc,phases      ] GC(94)   Pre Evacuate Collection Set: 0.2ms
[18.983s][info][gc,phases      ] GC(94)   Merge Heap Roots: 0.2ms
[18.983s][info][gc,phases      ] GC(94)   Evacuate Collection Set: 2.9ms
[18.983s][info][gc,phases      ] GC(94)   Post Evacuate Collection Set: 0.8ms
[18.983s][info][gc,phases      ] GC(94)   Other: 0.1ms
[18.983s][info][gc,heap        ] GC(94) Eden regions: 342->0(342)
[18.983s][info][gc,heap        ] GC(94) Survivor regions: 4->4(44)
[18.983s][info][gc,heap        ] GC(94) Old regions: 38->38
[18.983s][info][gc,heap        ] GC(94) Archive regions: 0->0
[18.983s][info][gc,heap        ] GC(94) Humongous regions: 0->0
[18.983s][info][gc,metaspace   ] GC(94) Metaspace: 73004K(74944K)->73004K(74944K) NonClass: 57734K(58944K)->57734K(58944K) Class: 15270K(16000K)->15270K(16000K)
[18.983s][info][gc             ] GC(94) Pause Young (Normal) (G1 Evacuation Pause) 380M->38M(577M) 4.544ms
[18.983s][info][gc,cpu         ] GC(94) User=0.00s Sys=0.00s Real=0.00s
[19.124s][info][gc,start       ] GC(95) Pause Young (Normal) (G1 Evacuation Pause)
[19.125s][info][gc,task        ] GC(95) Using 33 workers of 33 for evacuation
[19.128s][info][gc,phases      ] GC(95)   Pre Evacuate Collection Set: 0.2ms
[19.129s][info][gc,phases      ] GC(95)   Merge Heap Roots: 0.2ms
[19.129s][info][gc,phases      ] GC(95)   Evacuate Collection Set: 2.7ms
[19.129s][info][gc,phases      ] GC(95)   Post Evacuate Collection Set: 0.7ms
[19.129s][info][gc,phases      ] GC(95)   Other: 0.1ms
[19.129s][info][gc,heap        ] GC(95) Eden regions: 342->0(341)
[19.129s][info][gc,heap        ] GC(95) Survivor regions: 4->5(44)
[19.129s][info][gc,heap        ] GC(95) Old regions: 38->38
[19.129s][info][gc,heap        ] GC(95) Archive regions: 0->0
[19.129s][info][gc,heap        ] GC(95) Humongous regions: 0->0
[19.129s][info][gc,metaspace   ] GC(95) Metaspace: 73004K(74944K)->73004K(74944K) NonClass: 57734K(58944K)->57734K(58944K) Class: 15270K(16000K)->15270K(16000K)
[19.129s][info][gc             ] GC(95) Pause Young (Normal) (G1 Evacuation Pause) 380M->38M(577M) 4.191ms
[19.129s][info][gc,cpu         ] GC(95) User=0.00s Sys=0.00s Real=0.00s
[19.262s][info][gc,start       ] GC(96) Pause Young (Normal) (G1 Evacuation Pause)
[19.262s][info][gc,task        ] GC(96) Using 33 workers of 33 for evacuation
[19.265s][info][gc,phases      ] GC(96)   Pre Evacuate Collection Set: 0.2ms
[19.265s][info][gc,phases      ] GC(96)   Merge Heap Roots: 0.2ms
[19.265s][info][gc,phases      ] GC(96)   Evacuate Collection Set: 1.5ms
[19.265s][info][gc,phases      ] GC(96)   Post Evacuate Collection Set: 0.7ms
[19.265s][info][gc,phases      ] GC(96)   Other: 0.1ms
[19.265s][info][gc,heap        ] GC(96) Eden regions: 341->0(342)
[19.265s][info][gc,heap        ] GC(96) Survivor regions: 5->4(44)
[19.265s][info][gc,heap        ] GC(96) Old regions: 38->38
[19.265s][info][gc,heap        ] GC(96) Archive regions: 0->0
[19.265s][info][gc,heap        ] GC(96) Humongous regions: 0->0
[19.265s][info][gc,metaspace   ] GC(96) Metaspace: 73004K(74944K)->73004K(74944K) NonClass: 57734K(58944K)->57734K(58944K) Class: 15270K(16000K)->15270K(16000K)
[19.265s][info][gc             ] GC(96) Pause Young (Normal) (G1 Evacuation Pause) 379M->38M(577M) 2.951ms
[19.265s][info][gc,cpu         ] GC(96) User=0.00s Sys=0.00s Real=0.00s
[19.386s][info][gc,start       ] GC(97) Pause Young (Normal) (G1 Evacuation Pause)
[19.386s][info][gc,task        ] GC(97) Using 33 workers of 33 for evacuation
[19.389s][info][gc,phases      ] GC(97)   Pre Evacuate Collection Set: 0.2ms
[19.389s][info][gc,phases      ] GC(97)   Merge Heap Roots: 0.2ms
[19.389s][info][gc,phases      ] GC(97)   Evacuate Collection Set: 1.4ms
[19.389s][info][gc,phases      ] GC(97)   Post Evacuate Collection Set: 0.7ms
[19.389s][info][gc,phases      ] GC(97)   Other: 0.1ms
[19.389s][info][gc,heap        ] GC(97) Eden regions: 342->0(342)
[19.389s][info][gc,heap        ] GC(97) Survivor regions: 4->4(44)
[19.389s][info][gc,heap        ] GC(97) Old regions: 38->38
[19.389s][info][gc,heap        ] GC(97) Archive regions: 0->0
[19.389s][info][gc,heap        ] GC(97) Humongous regions: 0->0
[19.389s][info][gc,metaspace   ] GC(97) Metaspace: 73004K(74944K)->73004K(74944K) NonClass: 57734K(58944K)->57734K(58944K) Class: 15270K(16000K)->15270K(16000K)
[19.389s][info][gc             ] GC(97) Pause Young (Normal) (G1 Evacuation Pause) 380M->38M(577M) 2.949ms
[19.389s][info][gc,cpu         ] GC(97) User=0.00s Sys=0.00s Real=0.00s
[19.508s][info][gc,start       ] GC(98) Pause Young (Normal) (G1 Evacuation Pause)
[19.508s][info][gc,task        ] GC(98) Using 33 workers of 33 for evacuation
[19.510s][info][gc,phases      ] GC(98)   Pre Evacuate Collection Set: 0.2ms
[19.510s][info][gc,phases      ] GC(98)   Merge Heap Roots: 0.2ms
[19.510s][info][gc,phases      ] GC(98)   Evacuate Collection Set: 1.2ms
[19.510s][info][gc,phases      ] GC(98)   Post Evacuate Collection Set: 0.7ms
[19.510s][info][gc,phases      ] GC(98)   Other: 0.1ms
[19.510s][info][gc,heap        ] GC(98) Eden regions: 342->0(342)
[19.510s][info][gc,heap        ] GC(98) Survivor regions: 4->4(44)
[19.510s][info][gc,heap        ] GC(98) Old regions: 38->38
[19.510s][info][gc,heap        ] GC(98) Archive regions: 0->0
[19.510s][info][gc,heap        ] GC(98) Humongous regions: 0->0
[19.510s][info][gc,metaspace   ] GC(98) Metaspace: 73005K(74944K)->73005K(74944K) NonClass: 57735K(58944K)->57735K(58944K) Class: 15270K(16000K)->15270K(16000K)
[19.510s][info][gc             ] GC(98) Pause Young (Normal) (G1 Evacuation Pause) 380M->38M(577M) 2.692ms
[19.510s][info][gc,cpu         ] GC(98) User=0.00s Sys=0.00s Real=0.00s
[19.627s][info][gc,start       ] GC(99) Pause Young (Normal) (G1 Evacuation Pause)
[19.627s][info][gc,task        ] GC(99) Using 33 workers of 33 for evacuation
[19.630s][info][gc,phases      ] GC(99)   Pre Evacuate Collection Set: 0.2ms
[19.630s][info][gc,phases      ] GC(99)   Merge Heap Roots: 0.2ms
[19.630s][info][gc,phases      ] GC(99)   Evacuate Collection Set: 1.4ms
[19.630s][info][gc,phases      ] GC(99)   Post Evacuate Collection Set: 0.8ms
[19.630s][info][gc,phases      ] GC(99)   Other: 0.1ms
[19.630s][info][gc,heap        ] GC(99) Eden regions: 342->0(342)
[19.630s][info][gc,heap        ] GC(99) Survivor regions: 4->4(44)
[19.630s][info][gc,heap        ] GC(99) Old regions: 38->38
[19.630s][info][gc,heap        ] GC(99) Archive regions: 0->0
[19.630s][info][gc,heap        ] GC(99) Humongous regions: 0->0
[19.630s][info][gc,metaspace   ] GC(99) Metaspace: 73005K(74944K)->73005K(74944K) NonClass: 57735K(58944K)->57735K(58944K) Class: 15270K(16000K)->15270K(16000K)
[19.630s][info][gc             ] GC(99) Pause Young (Normal) (G1 Evacuation Pause) 380M->38M(577M) 2.995ms
[19.630s][info][gc,cpu         ] GC(99) User=0.00s Sys=0.00s Real=0.00s
[19.743s][info][gc,start       ] GC(100) Pause Young (Normal) (G1 Evacuation Pause)
[19.743s][info][gc,task        ] GC(100) Using 33 workers of 33 for evacuation
[19.746s][info][gc,phases      ] GC(100)   Pre Evacuate Collection Set: 0.2ms
[19.746s][info][gc,phases      ] GC(100)   Merge Heap Roots: 0.2ms
[19.746s][info][gc,phases      ] GC(100)   Evacuate Collection Set: 1.3ms
[19.746s][info][gc,phases      ] GC(100)   Post Evacuate Collection Set: 0.6ms
[19.746s][info][gc,phases      ] GC(100)   Other: 0.1ms
[19.746s][info][gc,heap        ] GC(100) Eden regions: 342->0(342)
[19.746s][info][gc,heap        ] GC(100) Survivor regions: 4->4(44)
[19.746s][info][gc,heap        ] GC(100) Old regions: 38->38
[19.746s][info][gc,heap        ] GC(100) Archive regions: 0->0
[19.746s][info][gc,heap        ] GC(100) Humongous regions: 0->0
[19.746s][info][gc,metaspace   ] GC(100) Metaspace: 73005K(74944K)->73005K(74944K) NonClass: 57735K(58944K)->57735K(58944K) Class: 15270K(16000K)->15270K(16000K)
[19.746s][info][gc             ] GC(100) Pause Young (Normal) (G1 Evacuation Pause) 380M->38M(577M) 2.700ms
[19.746s][info][gc,cpu         ] GC(100) User=0.00s Sys=0.00s Real=0.00s
[19.837s][info][gc,start       ] GC(101) Pause Young (Normal) (G1 Evacuation Pause)
[19.838s][info][gc,task        ] GC(101) Using 33 workers of 33 for evacuation
[19.840s][info][gc,phases      ] GC(101)   Pre Evacuate Collection Set: 0.2ms
[19.840s][info][gc,phases      ] GC(101)   Merge Heap Roots: 0.2ms
[19.840s][info][gc,phases      ] GC(101)   Evacuate Collection Set: 1.3ms
[19.840s][info][gc,phases      ] GC(101)   Post Evacuate Collection Set: 0.7ms
[19.840s][info][gc,phases      ] GC(101)   Other: 0.1ms
[19.840s][info][gc,heap        ] GC(101) Eden regions: 342->0(342)
[19.840s][info][gc,heap        ] GC(101) Survivor regions: 4->4(44)
[19.840s][info][gc,heap        ] GC(101) Old regions: 38->38
[19.840s][info][gc,heap        ] GC(101) Archive regions: 0->0
[19.840s][info][gc,heap        ] GC(101) Humongous regions: 0->0
[19.840s][info][gc,metaspace   ] GC(101) Metaspace: 73005K(74944K)->73005K(74944K) NonClass: 57735K(58944K)->57735K(58944K) Class: 15270K(16000K)->15270K(16000K)
[19.840s][info][gc             ] GC(101) Pause Young (Normal) (G1 Evacuation Pause) 380M->38M(577M) 2.721ms
[19.840s][info][gc,cpu         ] GC(101) User=0.00s Sys=0.00s Real=0.00s
[19.930s][info][gc,start       ] GC(102) Pause Young (Normal) (G1 Evacuation Pause)
[19.930s][info][gc,task        ] GC(102) Using 33 workers of 33 for evacuation
[19.932s][info][gc,phases      ] GC(102)   Pre Evacuate Collection Set: 0.2ms
[19.932s][info][gc,phases      ] GC(102)   Merge Heap Roots: 0.2ms
[19.932s][info][gc,phases      ] GC(102)   Evacuate Collection Set: 1.2ms
[19.932s][info][gc,phases      ] GC(102)   Post Evacuate Collection Set: 0.6ms
[19.932s][info][gc,phases      ] GC(102)   Other: 0.1ms
[19.932s][info][gc,heap        ] GC(102) Eden regions: 342->0(342)
[19.932s][info][gc,heap        ] GC(102) Survivor regions: 4->4(44)
[19.932s][info][gc,heap        ] GC(102) Old regions: 38->38
[19.932s][info][gc,heap        ] GC(102) Archive regions: 0->0
[19.932s][info][gc,heap        ] GC(102) Humongous regions: 0->0
[19.932s][info][gc,metaspace   ] GC(102) Metaspace: 73005K(74944K)->73005K(74944K) NonClass: 57735K(58944K)->57735K(58944K) Class: 15270K(16000K)->15270K(16000K)
[19.932s][info][gc             ] GC(102) Pause Young (Normal) (G1 Evacuation Pause) 380M->38M(577M) 2.529ms
[19.932s][info][gc,cpu         ] GC(102) User=0.00s Sys=0.00s Real=0.00s
[20.022s][info][gc,start       ] GC(103) Pause Young (Normal) (G1 Evacuation Pause)
[20.022s][info][gc,task        ] GC(103) Using 33 workers of 33 for evacuation
[20.024s][info][gc,phases      ] GC(103)   Pre Evacuate Collection Set: 0.2ms
[20.024s][info][gc,phases      ] GC(103)   Merge Heap Roots: 0.2ms
[20.024s][info][gc,phases      ] GC(103)   Evacuate Collection Set: 1.2ms
[20.024s][info][gc,phases      ] GC(103)   Post Evacuate Collection Set: 0.6ms
[20.024s][info][gc,phases      ] GC(103)   Other: 0.1ms
[20.024s][info][gc,heap        ] GC(103) Eden regions: 342->0(342)
[20.024s][info][gc,heap        ] GC(103) Survivor regions: 4->4(44)
[20.024s][info][gc,heap        ] GC(103) Old regions: 38->38
[20.024s][info][gc,heap        ] GC(103) Archive regions: 0->0
[20.024s][info][gc,heap        ] GC(103) Humongous regions: 0->0
[20.024s][info][gc,metaspace   ] GC(103) Metaspace: 73005K(74944K)->73005K(74944K) NonClass: 57735K(58944K)->57735K(58944K) Class: 15270K(16000K)->15270K(16000K)
[20.024s][info][gc             ] GC(103) Pause Young (Normal) (G1 Evacuation Pause) 380M->38M(577M) 2.512ms
[20.024s][info][gc,cpu         ] GC(103) User=0.00s Sys=0.00s Real=0.00s
[20.118s][info][gc,start       ] GC(104) Pause Young (Normal) (G1 Evacuation Pause)
[20.118s][info][gc,task        ] GC(104) Using 33 workers of 33 for evacuation
[20.120s][info][gc,phases      ] GC(104)   Pre Evacuate Collection Set: 0.2ms
[20.120s][info][gc,phases      ] GC(104)   Merge Heap Roots: 0.2ms
[20.120s][info][gc,phases      ] GC(104)   Evacuate Collection Set: 1.2ms
[20.120s][info][gc,phases      ] GC(104)   Post Evacuate Collection Set: 0.5ms
[20.120s][info][gc,phases      ] GC(104)   Other: 0.1ms
[20.120s][info][gc,heap        ] GC(104) Eden regions: 342->0(344)
[20.120s][info][gc,heap        ] GC(104) Survivor regions: 4->2(44)
[20.121s][info][gc,heap        ] GC(104) Old regions: 38->40
[20.121s][info][gc,heap        ] GC(104) Archive regions: 0->0
[20.121s][info][gc,heap        ] GC(104) Humongous regions: 0->0
[20.121s][info][gc,metaspace   ] GC(104) Metaspace: 73005K(74944K)->73005K(74944K) NonClass: 57735K(58944K)->57735K(58944K) Class: 15270K(16000K)->15270K(16000K)
[20.121s][info][gc             ] GC(104) Pause Young (Normal) (G1 Evacuation Pause) 380M->38M(577M) 2.433ms
[20.121s][info][gc,cpu         ] GC(104) User=0.00s Sys=0.00s Real=0.00s
[20.211s][info][gc,start       ] GC(105) Pause Young (Normal) (G1 Evacuation Pause)
[20.211s][info][gc,task        ] GC(105) Using 33 workers of 33 for evacuation
[20.213s][info][gc,phases      ] GC(105)   Pre Evacuate Collection Set: 0.2ms
[20.213s][info][gc,phases      ] GC(105)   Merge Heap Roots: 0.2ms
[20.213s][info][gc,phases      ] GC(105)   Evacuate Collection Set: 0.8ms
[20.213s][info][gc,phases      ] GC(105)   Post Evacuate Collection Set: 0.5ms
[20.213s][info][gc,phases      ] GC(105)   Other: 0.1ms
[20.213s][info][gc,heap        ] GC(105) Eden regions: 344->0(344)
[20.213s][info][gc,heap        ] GC(105) Survivor regions: 2->2(44)
[20.213s][info][gc,heap        ] GC(105) Old regions: 40->40
[20.213s][info][gc,heap        ] GC(105) Archive regions: 0->0
[20.213s][info][gc,heap        ] GC(105) Humongous regions: 0->0
[20.213s][info][gc,metaspace   ] GC(105) Metaspace: 73005K(74944K)->73005K(74944K) NonClass: 57735K(58944K)->57735K(58944K) Class: 15270K(16000K)->15270K(16000K)
[20.213s][info][gc             ] GC(105) Pause Young (Normal) (G1 Evacuation Pause) 382M->38M(577M) 2.097ms
[20.213s][info][gc,cpu         ] GC(105) User=0.00s Sys=0.00s Real=0.00s
[20.303s][info][gc,start       ] GC(106) Pause Young (Normal) (G1 Evacuation Pause)
[20.303s][info][gc,task        ] GC(106) Using 33 workers of 33 for evacuation
[20.305s][info][gc,phases      ] GC(106)   Pre Evacuate Collection Set: 0.2ms
[20.305s][info][gc,phases      ] GC(106)   Merge Heap Roots: 0.2ms
[20.305s][info][gc,phases      ] GC(106)   Evacuate Collection Set: 0.8ms
[20.305s][info][gc,phases      ] GC(106)   Post Evacuate Collection Set: 0.5ms
[20.305s][info][gc,phases      ] GC(106)   Other: 0.1ms
[20.305s][info][gc,heap        ] GC(106) Eden regions: 344->0(344)
[20.305s][info][gc,heap        ] GC(106) Survivor regions: 2->2(44)
[20.305s][info][gc,heap        ] GC(106) Old regions: 40->40
[20.305s][info][gc,heap        ] GC(106) Archive regions: 0->0
[20.305s][info][gc,heap        ] GC(106) Humongous regions: 0->0
[20.305s][info][gc,metaspace   ] GC(106) Metaspace: 73005K(74944K)->73005K(74944K) NonClass: 57735K(58944K)->57735K(58944K) Class: 15270K(16000K)->15270K(16000K)
[20.305s][info][gc             ] GC(106) Pause Young (Normal) (G1 Evacuation Pause) 382M->38M(577M) 1.997ms
[20.305s][info][gc,cpu         ] GC(106) User=0.00s Sys=0.00s Real=0.00s
[20.401s][info][gc,start       ] GC(107) Pause Young (Normal) (G1 Evacuation Pause)
[20.402s][info][gc,task        ] GC(107) Using 33 workers of 33 for evacuation
[20.403s][info][gc,phases      ] GC(107)   Pre Evacuate Collection Set: 0.2ms
[20.403s][info][gc,phases      ] GC(107)   Merge Heap Roots: 0.2ms
[20.403s][info][gc,phases      ] GC(107)   Evacuate Collection Set: 0.9ms
[20.403s][info][gc,phases      ] GC(107)   Post Evacuate Collection Set: 0.5ms
[20.403s][info][gc,phases      ] GC(107)   Other: 0.1ms
[20.403s][info][gc,heap        ] GC(107) Eden regions: 344->0(344)
[20.403s][info][gc,heap        ] GC(107) Survivor regions: 2->2(44)
[20.403s][info][gc,heap        ] GC(107) Old regions: 40->40
[20.403s][info][gc,heap        ] GC(107) Archive regions: 0->0
[20.403s][info][gc,heap        ] GC(107) Humongous regions: 0->0
[20.403s][info][gc,metaspace   ] GC(107) Metaspace: 73005K(74944K)->73005K(74944K) NonClass: 57735K(58944K)->57735K(58944K) Class: 15270K(16000K)->15270K(16000K)
[20.404s][info][gc             ] GC(107) Pause Young (Normal) (G1 Evacuation Pause) 382M->38M(577M) 2.095ms
[20.404s][info][gc,cpu         ] GC(107) User=0.00s Sys=0.00s Real=0.00s
[20.494s][info][gc,start       ] GC(108) Pause Young (Normal) (G1 Evacuation Pause)
[20.494s][info][gc,task        ] GC(108) Using 33 workers of 33 for evacuation
[20.495s][info][gc,phases      ] GC(108)   Pre Evacuate Collection Set: 0.2ms
[20.495s][info][gc,phases      ] GC(108)   Merge Heap Roots: 0.2ms
[20.495s][info][gc,phases      ] GC(108)   Evacuate Collection Set: 0.8ms
[20.496s][info][gc,phases      ] GC(108)   Post Evacuate Collection Set: 0.5ms
[20.496s][info][gc,phases      ] GC(108)   Other: 0.1ms
[20.496s][info][gc,heap        ] GC(108) Eden regions: 344->0(344)
[20.496s][info][gc,heap        ] GC(108) Survivor regions: 2->2(44)
[20.496s][info][gc,heap        ] GC(108) Old regions: 40->40
[20.496s][info][gc,heap        ] GC(108) Archive regions: 0->0
[20.496s][info][gc,heap        ] GC(108) Humongous regions: 0->0
[20.496s][info][gc,metaspace   ] GC(108) Metaspace: 73005K(74944K)->73005K(74944K) NonClass: 57735K(58944K)->57735K(58944K) Class: 15270K(16000K)->15270K(16000K)
[20.496s][info][gc             ] GC(108) Pause Young (Normal) (G1 Evacuation Pause) 382M->38M(577M) 2.058ms
[20.496s][info][gc,cpu         ] GC(108) User=0.00s Sys=0.00s Real=0.00s
[20.592s][info][gc,start       ] GC(109) Pause Young (Normal) (G1 Evacuation Pause)
[20.592s][info][gc,task        ] GC(109) Using 33 workers of 33 for evacuation
[20.594s][info][gc,phases      ] GC(109)   Pre Evacuate Collection Set: 0.2ms
[20.594s][info][gc,phases      ] GC(109)   Merge Heap Roots: 0.2ms
[20.594s][info][gc,phases      ] GC(109)   Evacuate Collection Set: 0.8ms
[20.594s][info][gc,phases      ] GC(109)   Post Evacuate Collection Set: 0.5ms
[20.594s][info][gc,phases      ] GC(109)   Other: 0.1ms
[20.594s][info][gc,heap        ] GC(109) Eden regions: 344->0(344)
[20.594s][info][gc,heap        ] GC(109) Survivor regions: 2->2(44)
[20.594s][info][gc,heap        ] GC(109) Old regions: 40->40
[20.594s][info][gc,heap        ] GC(109) Archive regions: 0->0
[20.594s][info][gc,heap        ] GC(109) Humongous regions: 0->0
[20.594s][info][gc,metaspace   ] GC(109) Metaspace: 73005K(74944K)->73005K(74944K) NonClass: 57735K(58944K)->57735K(58944K) Class: 15270K(16000K)->15270K(16000K)
[20.594s][info][gc             ] GC(109) Pause Young (Normal) (G1 Evacuation Pause) 382M->38M(577M) 1.997ms
[20.594s][info][gc,cpu         ] GC(109) User=0.00s Sys=0.00s Real=0.00s
[20.693s][info][gc,start       ] GC(110) Pause Young (Normal) (G1 Evacuation Pause)
[20.693s][info][gc,task        ] GC(110) Using 33 workers of 33 for evacuation
[20.695s][info][gc,phases      ] GC(110)   Pre Evacuate Collection Set: 0.2ms
[20.695s][info][gc,phases      ] GC(110)   Merge Heap Roots: 0.2ms
[20.695s][info][gc,phases      ] GC(110)   Evacuate Collection Set: 0.8ms
[20.695s][info][gc,phases      ] GC(110)   Post Evacuate Collection Set: 0.5ms
[20.695s][info][gc,phases      ] GC(110)   Other: 0.1ms
[20.695s][info][gc,heap        ] GC(110) Eden regions: 344->0(344)
[20.695s][info][gc,heap        ] GC(110) Survivor regions: 2->2(44)
[20.695s][info][gc,heap        ] GC(110) Old regions: 40->40
[20.695s][info][gc,heap        ] GC(110) Archive regions: 0->0
[20.695s][info][gc,heap        ] GC(110) Humongous regions: 0->0
[20.695s][info][gc,metaspace   ] GC(110) Metaspace: 73005K(74944K)->73005K(74944K) NonClass: 57735K(58944K)->57735K(58944K) Class: 15270K(16000K)->15270K(16000K)
[20.695s][info][gc             ] GC(110) Pause Young (Normal) (G1 Evacuation Pause) 382M->38M(577M) 2.072ms
[20.695s][info][gc,cpu         ] GC(110) User=0.00s Sys=0.00s Real=0.00s
[20.782s][info][gc,start       ] GC(111) Pause Young (Normal) (G1 Evacuation Pause)
[20.783s][info][gc,task        ] GC(111) Using 33 workers of 33 for evacuation
[20.784s][info][gc,phases      ] GC(111)   Pre Evacuate Collection Set: 0.2ms
[20.784s][info][gc,phases      ] GC(111)   Merge Heap Roots: 0.2ms
[20.784s][info][gc,phases      ] GC(111)   Evacuate Collection Set: 0.9ms
[20.784s][info][gc,phases      ] GC(111)   Post Evacuate Collection Set: 0.5ms
[20.784s][info][gc,phases      ] GC(111)   Other: 0.1ms
[20.784s][info][gc,heap        ] GC(111) Eden regions: 344->0(344)
[20.785s][info][gc,heap        ] GC(111) Survivor regions: 2->2(44)
[20.785s][info][gc,heap        ] GC(111) Old regions: 40->40
[20.785s][info][gc,heap        ] GC(111) Archive regions: 0->0
[20.785s][info][gc,heap        ] GC(111) Humongous regions: 0->0
[20.785s][info][gc,metaspace   ] GC(111) Metaspace: 73005K(74944K)->73005K(74944K) NonClass: 57735K(58944K)->57735K(58944K) Class: 15270K(16000K)->15270K(16000K)
[20.785s][info][gc             ] GC(111) Pause Young (Normal) (G1 Evacuation Pause) 382M->38M(577M) 2.165ms
[20.785s][info][gc,cpu         ] GC(111) User=0.00s Sys=0.00s Real=0.00s
[20.872s][info][gc,start       ] GC(112) Pause Young (Normal) (G1 Evacuation Pause)
[20.872s][info][gc,task        ] GC(112) Using 33 workers of 33 for evacuation
[20.874s][info][gc,phases      ] GC(112)   Pre Evacuate Collection Set: 0.2ms
[20.874s][info][gc,phases      ] GC(112)   Merge Heap Roots: 0.2ms
[20.874s][info][gc,phases      ] GC(112)   Evacuate Collection Set: 0.8ms
[20.874s][info][gc,phases      ] GC(112)   Post Evacuate Collection Set: 0.5ms
[20.874s][info][gc,phases      ] GC(112)   Other: 0.1ms
[20.874s][info][gc,heap        ] GC(112) Eden regions: 344->0(344)
[20.874s][info][gc,heap        ] GC(112) Survivor regions: 2->2(44)
[20.874s][info][gc,heap        ] GC(112) Old regions: 40->40
[20.874s][info][gc,heap        ] GC(112) Archive regions: 0->0
[20.874s][info][gc,heap        ] GC(112) Humongous regions: 0->0
[20.874s][info][gc,metaspace   ] GC(112) Metaspace: 73005K(74944K)->73005K(74944K) NonClass: 57735K(58944K)->57735K(58944K) Class: 15270K(16000K)->15270K(16000K)
[20.874s][info][gc             ] GC(112) Pause Young (Normal) (G1 Evacuation Pause) 382M->38M(577M) 2.073ms
[20.874s][info][gc,cpu         ] GC(112) User=0.00s Sys=0.00s Real=0.00s
[20.962s][info][gc,start       ] GC(113) Pause Young (Normal) (G1 Evacuation Pause)
[20.962s][info][gc,task        ] GC(113) Using 33 workers of 33 for evacuation
[20.964s][info][gc,phases      ] GC(113)   Pre Evacuate Collection Set: 0.2ms
[20.964s][info][gc,phases      ] GC(113)   Merge Heap Roots: 0.2ms
[20.964s][info][gc,phases      ] GC(113)   Evacuate Collection Set: 0.8ms
[20.964s][info][gc,phases      ] GC(113)   Post Evacuate Collection Set: 0.5ms
[20.964s][info][gc,phases      ] GC(113)   Other: 0.1ms
[20.964s][info][gc,heap        ] GC(113) Eden regions: 344->0(344)
[20.964s][info][gc,heap        ] GC(113) Survivor regions: 2->2(44)
[20.964s][info][gc,heap        ] GC(113) Old regions: 40->40
[20.964s][info][gc,heap        ] GC(113) Archive regions: 0->0
[20.964s][info][gc,heap        ] GC(113) Humongous regions: 0->0
[20.964s][info][gc,metaspace   ] GC(113) Metaspace: 73005K(74944K)->73005K(74944K) NonClass: 57735K(58944K)->57735K(58944K) Class: 15270K(16000K)->15270K(16000K)
[20.964s][info][gc             ] GC(113) Pause Young (Normal) (G1 Evacuation Pause) 382M->38M(577M) 2.005ms
[20.964s][info][gc,cpu         ] GC(113) User=0.00s Sys=0.00s Real=0.00s
[21.052s][info][gc,start       ] GC(114) Pause Young (Normal) (G1 Evacuation Pause)
[21.052s][info][gc,task        ] GC(114) Using 33 workers of 33 for evacuation
[21.054s][info][gc,phases      ] GC(114)   Pre Evacuate Collection Set: 0.2ms
[21.054s][info][gc,phases      ] GC(114)   Merge Heap Roots: 0.2ms
[21.054s][info][gc,phases      ] GC(114)   Evacuate Collection Set: 0.8ms
[21.054s][info][gc,phases      ] GC(114)   Post Evacuate Collection Set: 0.5ms
[21.054s][info][gc,phases      ] GC(114)   Other: 0.1ms
[21.054s][info][gc,heap        ] GC(114) Eden regions: 344->0(344)
[21.054s][info][gc,heap        ] GC(114) Survivor regions: 2->2(44)
[21.054s][info][gc,heap        ] GC(114) Old regions: 40->40
[21.054s][info][gc,heap        ] GC(114) Archive regions: 0->0
[21.054s][info][gc,heap        ] GC(114) Humongous regions: 0->0
[21.054s][info][gc,metaspace   ] GC(114) Metaspace: 73005K(74944K)->73005K(74944K) NonClass: 57735K(58944K)->57735K(58944K) Class: 15270K(16000K)->15270K(16000K)
[21.054s][info][gc             ] GC(114) Pause Young (Normal) (G1 Evacuation Pause) 382M->38M(577M) 2.052ms
[21.054s][info][gc,cpu         ] GC(114) User=0.00s Sys=0.00s Real=0.00s
[21.142s][info][gc,start       ] GC(115) Pause Young (Normal) (G1 Evacuation Pause)
[21.142s][info][gc,task        ] GC(115) Using 33 workers of 33 for evacuation
[21.143s][info][gc,phases      ] GC(115)   Pre Evacuate Collection Set: 0.2ms
[21.143s][info][gc,phases      ] GC(115)   Merge Heap Roots: 0.2ms
[21.143s][info][gc,phases      ] GC(115)   Evacuate Collection Set: 0.9ms
[21.143s][info][gc,phases      ] GC(115)   Post Evacuate Collection Set: 0.5ms
[21.143s][info][gc,phases      ] GC(115)   Other: 0.1ms
[21.143s][info][gc,heap        ] GC(115) Eden regions: 344->0(344)
[21.143s][info][gc,heap        ] GC(115) Survivor regions: 2->2(44)
[21.144s][info][gc,heap        ] GC(115) Old regions: 40->40
[21.144s][info][gc,heap        ] GC(115) Archive regions: 0->0
[21.144s][info][gc,heap        ] GC(115) Humongous regions: 0->0
[21.144s][info][gc,metaspace   ] GC(115) Metaspace: 73005K(74944K)->73005K(74944K) NonClass: 57735K(58944K)->57735K(58944K) Class: 15270K(16000K)->15270K(16000K)
[21.144s][info][gc             ] GC(115) Pause Young (Normal) (G1 Evacuation Pause) 382M->38M(577M) 2.049ms
[21.144s][info][gc,cpu         ] GC(115) User=0.00s Sys=0.00s Real=0.00s
[21.231s][info][gc,start       ] GC(116) Pause Young (Normal) (G1 Evacuation Pause)
[21.231s][info][gc,task        ] GC(116) Using 33 workers of 33 for evacuation
[21.233s][info][gc,phases      ] GC(116)   Pre Evacuate Collection Set: 0.2ms
[21.233s][info][gc,phases      ] GC(116)   Merge Heap Roots: 0.2ms
[21.233s][info][gc,phases      ] GC(116)   Evacuate Collection Set: 0.9ms
[21.233s][info][gc,phases      ] GC(116)   Post Evacuate Collection Set: 0.5ms
[21.233s][info][gc,phases      ] GC(116)   Other: 0.1ms
[21.233s][info][gc,heap        ] GC(116) Eden regions: 344->0(344)
[21.233s][info][gc,heap        ] GC(116) Survivor regions: 2->2(44)
[21.233s][info][gc,heap        ] GC(116) Old regions: 40->40
[21.233s][info][gc,heap        ] GC(116) Archive regions: 0->0
[21.233s][info][gc,heap        ] GC(116) Humongous regions: 0->0
[21.233s][info][gc,metaspace   ] GC(116) Metaspace: 73005K(74944K)->73005K(74944K) NonClass: 57735K(58944K)->57735K(58944K) Class: 15270K(16000K)->15270K(16000K)
[21.233s][info][gc             ] GC(116) Pause Young (Normal) (G1 Evacuation Pause) 382M->38M(577M) 2.072ms
[21.233s][info][gc,cpu         ] GC(116) User=0.00s Sys=0.00s Real=0.00s
[21.321s][info][gc,start       ] GC(117) Pause Young (Normal) (G1 Evacuation Pause)
[21.321s][info][gc,task        ] GC(117) Using 33 workers of 33 for evacuation
[21.323s][info][gc,phases      ] GC(117)   Pre Evacuate Collection Set: 0.2ms
[21.323s][info][gc,phases      ] GC(117)   Merge Heap Roots: 0.2ms
[21.323s][info][gc,phases      ] GC(117)   Evacuate Collection Set: 0.8ms
[21.323s][info][gc,phases      ] GC(117)   Post Evacuate Collection Set: 0.5ms
[21.323s][info][gc,phases      ] GC(117)   Other: 0.1ms
[21.323s][info][gc,heap        ] GC(117) Eden regions: 344->0(344)
[21.323s][info][gc,heap        ] GC(117) Survivor regions: 2->2(44)
[21.323s][info][gc,heap        ] GC(117) Old regions: 40->40
[21.323s][info][gc,heap        ] GC(117) Archive regions: 0->0
[21.323s][info][gc,heap        ] GC(117) Humongous regions: 0->0
[21.323s][info][gc,metaspace   ] GC(117) Metaspace: 73005K(74944K)->73005K(74944K) NonClass: 57735K(58944K)->57735K(58944K) Class: 15270K(16000K)->15270K(16000K)
[21.323s][info][gc             ] GC(117) Pause Young (Normal) (G1 Evacuation Pause) 382M->38M(577M) 2.037ms
[21.323s][info][gc,cpu         ] GC(117) User=0.00s Sys=0.00s Real=0.00s
[21.410s][info][gc,start       ] GC(118) Pause Young (Normal) (G1 Evacuation Pause)
[21.410s][info][gc,task        ] GC(118) Using 33 workers of 33 for evacuation
[21.412s][info][gc,phases      ] GC(118)   Pre Evacuate Collection Set: 0.2ms
[21.412s][info][gc,phases      ] GC(118)   Merge Heap Roots: 0.2ms
[21.412s][info][gc,phases      ] GC(118)   Evacuate Collection Set: 0.8ms
[21.412s][info][gc,phases      ] GC(118)   Post Evacuate Collection Set: 0.5ms
[21.412s][info][gc,phases      ] GC(118)   Other: 0.1ms
[21.412s][info][gc,heap        ] GC(118) Eden regions: 344->0(344)
[21.412s][info][gc,heap        ] GC(118) Survivor regions: 2->2(44)
[21.412s][info][gc,heap        ] GC(118) Old regions: 40->40
[21.412s][info][gc,heap        ] GC(118) Archive regions: 0->0
[21.412s][info][gc,heap        ] GC(118) Humongous regions: 0->0
[21.412s][info][gc,metaspace   ] GC(118) Metaspace: 73005K(74944K)->73005K(74944K) NonClass: 57735K(58944K)->57735K(58944K) Class: 15270K(16000K)->15270K(16000K)
[21.412s][info][gc             ] GC(118) Pause Young (Normal) (G1 Evacuation Pause) 382M->38M(577M) 2.034ms
[21.412s][info][gc,cpu         ] GC(118) User=0.00s Sys=0.00s Real=0.00s
[21.500s][info][gc,start       ] GC(119) Pause Young (Normal) (G1 Evacuation Pause)
[21.500s][info][gc,task        ] GC(119) Using 33 workers of 33 for evacuation
[21.502s][info][gc,phases      ] GC(119)   Pre Evacuate Collection Set: 0.2ms
[21.502s][info][gc,phases      ] GC(119)   Merge Heap Roots: 0.2ms
[21.502s][info][gc,phases      ] GC(119)   Evacuate Collection Set: 0.9ms
[21.502s][info][gc,phases      ] GC(119)   Post Evacuate Collection Set: 0.5ms
[21.502s][info][gc,phases      ] GC(119)   Other: 0.1ms
[21.502s][info][gc,heap        ] GC(119) Eden regions: 344->0(344)
[21.502s][info][gc,heap        ] GC(119) Survivor regions: 2->2(44)
[21.502s][info][gc,heap        ] GC(119) Old regions: 40->40
[21.502s][info][gc,heap        ] GC(119) Archive regions: 0->0
[21.502s][info][gc,heap        ] GC(119) Humongous regions: 0->0
[21.502s][info][gc,metaspace   ] GC(119) Metaspace: 73005K(74944K)->73005K(74944K) NonClass: 57735K(58944K)->57735K(58944K) Class: 15270K(16000K)->15270K(16000K)
[21.502s][info][gc             ] GC(119) Pause Young (Normal) (G1 Evacuation Pause) 382M->38M(577M) 2.038ms
[21.502s][info][gc,cpu         ] GC(119) User=0.00s Sys=0.00s Real=0.00s
[21.589s][info][gc,start       ] GC(120) Pause Young (Normal) (G1 Evacuation Pause)
[21.590s][info][gc,task        ] GC(120) Using 33 workers of 33 for evacuation
[21.591s][info][gc,phases      ] GC(120)   Pre Evacuate Collection Set: 0.2ms
[21.591s][info][gc,phases      ] GC(120)   Merge Heap Roots: 0.2ms
[21.591s][info][gc,phases      ] GC(120)   Evacuate Collection Set: 0.8ms
[21.591s][info][gc,phases      ] GC(120)   Post Evacuate Collection Set: 0.5ms
[21.591s][info][gc,phases      ] GC(120)   Other: 0.1ms
[21.591s][info][gc,heap        ] GC(120) Eden regions: 344->0(344)
[21.591s][info][gc,heap        ] GC(120) Survivor regions: 2->2(44)
[21.591s][info][gc,heap        ] GC(120) Old regions: 40->40
[21.591s][info][gc,heap        ] GC(120) Archive regions: 0->0
[21.591s][info][gc,heap        ] GC(120) Humongous regions: 0->0
[21.591s][info][gc,metaspace   ] GC(120) Metaspace: 73005K(74944K)->73005K(74944K) NonClass: 57735K(58944K)->57735K(58944K) Class: 15270K(16000K)->15270K(16000K)
[21.591s][info][gc             ] GC(120) Pause Young (Normal) (G1 Evacuation Pause) 382M->38M(577M) 2.051ms
[21.592s][info][gc,cpu         ] GC(120) User=0.52s Sys=0.00s Real=0.00s
[21.679s][info][gc,start       ] GC(121) Pause Young (Normal) (G1 Evacuation Pause)
[21.679s][info][gc,task        ] GC(121) Using 33 workers of 33 for evacuation
[21.681s][info][gc,phases      ] GC(121)   Pre Evacuate Collection Set: 0.2ms
[21.681s][info][gc,phases      ] GC(121)   Merge Heap Roots: 0.2ms
[21.681s][info][gc,phases      ] GC(121)   Evacuate Collection Set: 0.8ms
[21.681s][info][gc,phases      ] GC(121)   Post Evacuate Collection Set: 0.5ms
[21.681s][info][gc,phases      ] GC(121)   Other: 0.1ms
[21.681s][info][gc,heap        ] GC(121) Eden regions: 344->0(344)
[21.681s][info][gc,heap        ] GC(121) Survivor regions: 2->2(44)
[21.681s][info][gc,heap        ] GC(121) Old regions: 40->40
[21.681s][info][gc,heap        ] GC(121) Archive regions: 0->0
[21.681s][info][gc,heap        ] GC(121) Humongous regions: 0->0
[21.681s][info][gc,metaspace   ] GC(121) Metaspace: 73005K(74944K)->73005K(74944K) NonClass: 57735K(58944K)->57735K(58944K) Class: 15270K(16000K)->15270K(16000K)
[21.681s][info][gc             ] GC(121) Pause Young (Normal) (G1 Evacuation Pause) 382M->38M(577M) 2.024ms
[21.681s][info][gc,cpu         ] GC(121) User=0.00s Sys=0.00s Real=0.00s
[21.768s][info][gc,start       ] GC(122) Pause Young (Normal) (G1 Evacuation Pause)
[21.768s][info][gc,task        ] GC(122) Using 33 workers of 33 for evacuation
[21.770s][info][gc,phases      ] GC(122)   Pre Evacuate Collection Set: 0.2ms
[21.770s][info][gc,phases      ] GC(122)   Merge Heap Roots: 0.2ms
[21.770s][info][gc,phases      ] GC(122)   Evacuate Collection Set: 0.8ms
[21.770s][info][gc,phases      ] GC(122)   Post Evacuate Collection Set: 0.5ms
[21.770s][info][gc,phases      ] GC(122)   Other: 0.1ms
[21.770s][info][gc,heap        ] GC(122) Eden regions: 344->0(344)
[21.770s][info][gc,heap        ] GC(122) Survivor regions: 2->2(44)
[21.770s][info][gc,heap        ] GC(122) Old regions: 40->40
[21.770s][info][gc,heap        ] GC(122) Archive regions: 0->0
[21.770s][info][gc,heap        ] GC(122) Humongous regions: 0->0
[21.770s][info][gc,metaspace   ] GC(122) Metaspace: 73005K(74944K)->73005K(74944K) NonClass: 57735K(58944K)->57735K(58944K) Class: 15270K(16000K)->15270K(16000K)
[21.770s][info][gc             ] GC(122) Pause Young (Normal) (G1 Evacuation Pause) 382M->38M(577M) 2.057ms
[21.770s][info][gc,cpu         ] GC(122) User=0.00s Sys=0.00s Real=0.00s
[21.858s][info][gc,start       ] GC(123) Pause Young (Normal) (G1 Evacuation Pause)
[21.858s][info][gc,task        ] GC(123) Using 33 workers of 33 for evacuation
[21.860s][info][gc,phases      ] GC(123)   Pre Evacuate Collection Set: 0.2ms
[21.860s][info][gc,phases      ] GC(123)   Merge Heap Roots: 0.2ms
[21.860s][info][gc,phases      ] GC(123)   Evacuate Collection Set: 0.8ms
[21.860s][info][gc,phases      ] GC(123)   Post Evacuate Collection Set: 0.5ms
[21.860s][info][gc,phases      ] GC(123)   Other: 0.1ms
[21.860s][info][gc,heap        ] GC(123) Eden regions: 344->0(344)
[21.860s][info][gc,heap        ] GC(123) Survivor regions: 2->2(44)
[21.860s][info][gc,heap        ] GC(123) Old regions: 40->40
[21.860s][info][gc,heap        ] GC(123) Archive regions: 0->0
[21.860s][info][gc,heap        ] GC(123) Humongous regions: 0->0
[21.860s][info][gc,metaspace   ] GC(123) Metaspace: 73005K(74944K)->73005K(74944K) NonClass: 57735K(58944K)->57735K(58944K) Class: 15270K(16000K)->15270K(16000K)
[21.860s][info][gc             ] GC(123) Pause Young (Normal) (G1 Evacuation Pause) 382M->38M(577M) 2.028ms
[21.860s][info][gc,cpu         ] GC(123) User=0.00s Sys=0.00s Real=0.00s
[21.947s][info][gc,start       ] GC(124) Pause Young (Normal) (G1 Evacuation Pause)
[21.947s][info][gc,task        ] GC(124) Using 33 workers of 33 for evacuation
[21.949s][info][gc,phases      ] GC(124)   Pre Evacuate Collection Set: 0.2ms
[21.949s][info][gc,phases      ] GC(124)   Merge Heap Roots: 0.2ms
[21.949s][info][gc,phases      ] GC(124)   Evacuate Collection Set: 0.8ms
[21.949s][info][gc,phases      ] GC(124)   Post Evacuate Collection Set: 0.5ms
[21.949s][info][gc,phases      ] GC(124)   Other: 0.1ms
[21.949s][info][gc,heap        ] GC(124) Eden regions: 344->0(344)
[21.949s][info][gc,heap        ] GC(124) Survivor regions: 2->2(44)
[21.949s][info][gc,heap        ] GC(124) Old regions: 40->40
[21.949s][info][gc,heap        ] GC(124) Archive regions: 0->0
[21.949s][info][gc,heap        ] GC(124) Humongous regions: 0->0
[21.949s][info][gc,metaspace   ] GC(124) Metaspace: 73005K(74944K)->73005K(74944K) NonClass: 57735K(58944K)->57735K(58944K) Class: 15270K(16000K)->15270K(16000K)
[21.949s][info][gc             ] GC(124) Pause Young (Normal) (G1 Evacuation Pause) 382M->38M(577M) 2.051ms
[21.949s][info][gc,cpu         ] GC(124) User=0.00s Sys=0.00s Real=0.00s
[22.037s][info][gc,start       ] GC(125) Pause Young (Normal) (G1 Evacuation Pause)
[22.037s][info][gc,task        ] GC(125) Using 33 workers of 33 for evacuation
[22.038s][info][gc,phases      ] GC(125)   Pre Evacuate Collection Set: 0.2ms
[22.038s][info][gc,phases      ] GC(125)   Merge Heap Roots: 0.2ms
[22.038s][info][gc,phases      ] GC(125)   Evacuate Collection Set: 0.8ms
[22.038s][info][gc,phases      ] GC(125)   Post Evacuate Collection Set: 0.5ms
[22.039s][info][gc,phases      ] GC(125)   Other: 0.1ms
[22.039s][info][gc,heap        ] GC(125) Eden regions: 344->0(344)
[22.039s][info][gc,heap        ] GC(125) Survivor regions: 2->2(44)
[22.039s][info][gc,heap        ] GC(125) Old regions: 40->40
[22.039s][info][gc,heap        ] GC(125) Archive regions: 0->0
[22.039s][info][gc,heap        ] GC(125) Humongous regions: 0->0
[22.039s][info][gc,metaspace   ] GC(125) Metaspace: 73005K(74944K)->73005K(74944K) NonClass: 57735K(58944K)->57735K(58944K) Class: 15270K(16000K)->15270K(16000K)
[22.039s][info][gc             ] GC(125) Pause Young (Normal) (G1 Evacuation Pause) 382M->38M(577M) 2.091ms
[22.039s][info][gc,cpu         ] GC(125) User=0.00s Sys=0.00s Real=0.00s
[22.126s][info][gc,start       ] GC(126) Pause Young (Normal) (G1 Evacuation Pause)
[22.126s][info][gc,task        ] GC(126) Using 33 workers of 33 for evacuation
[22.128s][info][gc,phases      ] GC(126)   Pre Evacuate Collection Set: 0.2ms
[22.128s][info][gc,phases      ] GC(126)   Merge Heap Roots: 0.2ms
[22.128s][info][gc,phases      ] GC(126)   Evacuate Collection Set: 0.9ms
[22.128s][info][gc,phases      ] GC(126)   Post Evacuate Collection Set: 0.5ms
[22.128s][info][gc,phases      ] GC(126)   Other: 0.1ms
[22.128s][info][gc,heap        ] GC(126) Eden regions: 344->0(344)
[22.128s][info][gc,heap        ] GC(126) Survivor regions: 2->2(44)
[22.128s][info][gc,heap        ] GC(126) Old regions: 40->40
[22.128s][info][gc,heap        ] GC(126) Archive regions: 0->0
[22.128s][info][gc,heap        ] GC(126) Humongous regions: 0->0
[22.128s][info][gc,metaspace   ] GC(126) Metaspace: 73005K(74944K)->73005K(74944K) NonClass: 57735K(58944K)->57735K(58944K) Class: 15270K(16000K)->15270K(16000K)
[22.128s][info][gc             ] GC(126) Pause Young (Normal) (G1 Evacuation Pause) 382M->38M(577M) 2.082ms
[22.128s][info][gc,cpu         ] GC(126) User=0.00s Sys=0.00s Real=0.00s
[22.216s][info][gc,start       ] GC(127) Pause Young (Normal) (G1 Evacuation Pause)
[22.216s][info][gc,task        ] GC(127) Using 33 workers of 33 for evacuation
[22.218s][info][gc,phases      ] GC(127)   Pre Evacuate Collection Set: 0.2ms
[22.218s][info][gc,phases      ] GC(127)   Merge Heap Roots: 0.2ms
[22.218s][info][gc,phases      ] GC(127)   Evacuate Collection Set: 0.8ms
[22.218s][info][gc,phases      ] GC(127)   Post Evacuate Collection Set: 0.5ms
[22.218s][info][gc,phases      ] GC(127)   Other: 0.1ms
[22.218s][info][gc,heap        ] GC(127) Eden regions: 344->0(344)
[22.218s][info][gc,heap        ] GC(127) Survivor regions: 2->2(44)
[22.218s][info][gc,heap        ] GC(127) Old regions: 40->40
[22.218s][info][gc,heap        ] GC(127) Archive regions: 0->0
[22.218s][info][gc,heap        ] GC(127) Humongous regions: 0->0
[22.218s][info][gc,metaspace   ] GC(127) Metaspace: 73005K(74944K)->73005K(74944K) NonClass: 57735K(58944K)->57735K(58944K) Class: 15270K(16000K)->15270K(16000K)
[22.218s][info][gc             ] GC(127) Pause Young (Normal) (G1 Evacuation Pause) 382M->38M(577M) 1.984ms
[22.218s][info][gc,cpu         ] GC(127) User=0.00s Sys=0.00s Real=0.00s
[22.305s][info][gc,start       ] GC(128) Pause Young (Normal) (G1 Evacuation Pause)
[22.305s][info][gc,task        ] GC(128) Using 33 workers of 33 for evacuation
[22.307s][info][gc,phases      ] GC(128)   Pre Evacuate Collection Set: 0.2ms
[22.307s][info][gc,phases      ] GC(128)   Merge Heap Roots: 0.2ms
[22.307s][info][gc,phases      ] GC(128)   Evacuate Collection Set: 0.8ms
[22.307s][info][gc,phases      ] GC(128)   Post Evacuate Collection Set: 0.5ms
[22.307s][info][gc,phases      ] GC(128)   Other: 0.1ms
[22.307s][info][gc,heap        ] GC(128) Eden regions: 344->0(344)
[22.307s][info][gc,heap        ] GC(128) Survivor regions: 2->2(44)
[22.307s][info][gc,heap        ] GC(128) Old regions: 40->40
[22.307s][info][gc,heap        ] GC(128) Archive regions: 0->0
[22.307s][info][gc,heap        ] GC(128) Humongous regions: 0->0
[22.307s][info][gc,metaspace   ] GC(128) Metaspace: 73005K(74944K)->73005K(74944K) NonClass: 57735K(58944K)->57735K(58944K) Class: 15270K(16000K)->15270K(16000K)
[22.307s][info][gc             ] GC(128) Pause Young (Normal) (G1 Evacuation Pause) 382M->38M(577M) 2.027ms
[22.307s][info][gc,cpu         ] GC(128) User=0.00s Sys=0.00s Real=0.00s
[22.395s][info][gc,start       ] GC(129) Pause Young (Normal) (G1 Evacuation Pause)
[22.395s][info][gc,task        ] GC(129) Using 33 workers of 33 for evacuation
[22.397s][info][gc,phases      ] GC(129)   Pre Evacuate Collection Set: 0.2ms
[22.397s][info][gc,phases      ] GC(129)   Merge Heap Roots: 0.2ms
[22.397s][info][gc,phases      ] GC(129)   Evacuate Collection Set: 0.8ms
[22.397s][info][gc,phases      ] GC(129)   Post Evacuate Collection Set: 0.5ms
[22.397s][info][gc,phases      ] GC(129)   Other: 0.1ms
[22.397s][info][gc,heap        ] GC(129) Eden regions: 344->0(344)
[22.397s][info][gc,heap        ] GC(129) Survivor regions: 2->2(44)
[22.397s][info][gc,heap        ] GC(129) Old regions: 40->40
[22.397s][info][gc,heap        ] GC(129) Archive regions: 0->0
[22.397s][info][gc,heap        ] GC(129) Humongous regions: 0->0
[22.397s][info][gc,metaspace   ] GC(129) Metaspace: 73005K(74944K)->73005K(74944K) NonClass: 57735K(58944K)->57735K(58944K) Class: 15270K(16000K)->15270K(16000K)
[22.397s][info][gc             ] GC(129) Pause Young (Normal) (G1 Evacuation Pause) 382M->38M(577M) 2.017ms
[22.397s][info][gc,cpu         ] GC(129) User=0.00s Sys=0.00s Real=0.00s
[22.484s][info][gc,start       ] GC(130) Pause Young (Normal) (G1 Evacuation Pause)
[22.484s][info][gc,task        ] GC(130) Using 33 workers of 33 for evacuation
[22.486s][info][gc,phases      ] GC(130)   Pre Evacuate Collection Set: 0.2ms
[22.486s][info][gc,phases      ] GC(130)   Merge Heap Roots: 0.2ms
[22.486s][info][gc,phases      ] GC(130)   Evacuate Collection Set: 0.8ms
[22.486s][info][gc,phases      ] GC(130)   Post Evacuate Collection Set: 0.5ms
[22.486s][info][gc,phases      ] GC(130)   Other: 0.1ms
[22.486s][info][gc,heap        ] GC(130) Eden regions: 344->0(344)
[22.486s][info][gc,heap        ] GC(130) Survivor regions: 2->2(44)
[22.486s][info][gc,heap        ] GC(130) Old regions: 40->40
[22.486s][info][gc,heap        ] GC(130) Archive regions: 0->0
[22.486s][info][gc,heap        ] GC(130) Humongous regions: 0->0
[22.486s][info][gc,metaspace   ] GC(130) Metaspace: 73005K(74944K)->73005K(74944K) NonClass: 57735K(58944K)->57735K(58944K) Class: 15270K(16000K)->15270K(16000K)
[22.486s][info][gc             ] GC(130) Pause Young (Normal) (G1 Evacuation Pause) 382M->38M(577M) 2.058ms
[22.486s][info][gc,cpu         ] GC(130) User=0.00s Sys=0.00s Real=0.00s
[22.574s][info][gc,start       ] GC(131) Pause Young (Normal) (G1 Evacuation Pause)
[22.574s][info][gc,task        ] GC(131) Using 33 workers of 33 for evacuation
[22.576s][info][gc,phases      ] GC(131)   Pre Evacuate Collection Set: 0.2ms
[22.576s][info][gc,phases      ] GC(131)   Merge Heap Roots: 0.2ms
[22.576s][info][gc,phases      ] GC(131)   Evacuate Collection Set: 0.8ms
[22.576s][info][gc,phases      ] GC(131)   Post Evacuate Collection Set: 0.5ms
[22.576s][info][gc,phases      ] GC(131)   Other: 0.1ms
[22.576s][info][gc,heap        ] GC(131) Eden regions: 344->0(344)
[22.576s][info][gc,heap        ] GC(131) Survivor regions: 2->2(44)
[22.576s][info][gc,heap        ] GC(131) Old regions: 40->40
[22.576s][info][gc,heap        ] GC(131) Archive regions: 0->0
[22.576s][info][gc,heap        ] GC(131) Humongous regions: 0->0
[22.576s][info][gc,metaspace   ] GC(131) Metaspace: 73005K(74944K)->73005K(74944K) NonClass: 57735K(58944K)->57735K(58944K) Class: 15270K(16000K)->15270K(16000K)
[22.576s][info][gc             ] GC(131) Pause Young (Normal) (G1 Evacuation Pause) 382M->38M(577M) 2.054ms
[22.576s][info][gc,cpu         ] GC(131) User=0.52s Sys=0.00s Real=0.00s
[22.663s][info][gc,start       ] GC(132) Pause Young (Normal) (G1 Evacuation Pause)
[22.664s][info][gc,task        ] GC(132) Using 33 workers of 33 for evacuation
[22.665s][info][gc,phases      ] GC(132)   Pre Evacuate Collection Set: 0.2ms
[22.665s][info][gc,phases      ] GC(132)   Merge Heap Roots: 0.2ms
[22.665s][info][gc,phases      ] GC(132)   Evacuate Collection Set: 0.8ms
[22.665s][info][gc,phases      ] GC(132)   Post Evacuate Collection Set: 0.5ms
[22.665s][info][gc,phases      ] GC(132)   Other: 0.1ms
[22.665s][info][gc,heap        ] GC(132) Eden regions: 344->0(344)
[22.665s][info][gc,heap        ] GC(132) Survivor regions: 2->2(44)
[22.665s][info][gc,heap        ] GC(132) Old regions: 40->40
[22.665s][info][gc,heap        ] GC(132) Archive regions: 0->0
[22.665s][info][gc,heap        ] GC(132) Humongous regions: 0->0
[22.665s][info][gc,metaspace   ] GC(132) Metaspace: 73005K(74944K)->73005K(74944K) NonClass: 57735K(58944K)->57735K(58944K) Class: 15270K(16000K)->15270K(16000K)
[22.665s][info][gc             ] GC(132) Pause Young (Normal) (G1 Evacuation Pause) 382M->38M(577M) 2.042ms
[22.665s][info][gc,cpu         ] GC(132) User=0.00s Sys=0.00s Real=0.00s
[22.753s][info][gc,start       ] GC(133) Pause Young (Normal) (G1 Evacuation Pause)
[22.753s][info][gc,task        ] GC(133) Using 33 workers of 33 for evacuation
[22.755s][info][gc,phases      ] GC(133)   Pre Evacuate Collection Set: 0.2ms
[22.755s][info][gc,phases      ] GC(133)   Merge Heap Roots: 0.2ms
[22.755s][info][gc,phases      ] GC(133)   Evacuate Collection Set: 0.8ms
[22.755s][info][gc,phases      ] GC(133)   Post Evacuate Collection Set: 0.5ms
[22.755s][info][gc,phases      ] GC(133)   Other: 0.1ms
[22.755s][info][gc,heap        ] GC(133) Eden regions: 344->0(344)
[22.755s][info][gc,heap        ] GC(133) Survivor regions: 2->2(44)
[22.755s][info][gc,heap        ] GC(133) Old regions: 40->40
[22.755s][info][gc,heap        ] GC(133) Archive regions: 0->0
[22.755s][info][gc,heap        ] GC(133) Humongous regions: 0->0
[22.755s][info][gc,metaspace   ] GC(133) Metaspace: 73005K(74944K)->73005K(74944K) NonClass: 57735K(58944K)->57735K(58944K) Class: 15270K(16000K)->15270K(16000K)
[22.755s][info][gc             ] GC(133) Pause Young (Normal) (G1 Evacuation Pause) 382M->38M(577M) 2.028ms
[22.755s][info][gc,cpu         ] GC(133) User=0.00s Sys=0.00s Real=0.00s
[22.845s][info][gc,start       ] GC(134) Pause Young (Normal) (G1 Evacuation Pause)
[22.846s][info][gc,task        ] GC(134) Using 33 workers of 33 for evacuation
[22.847s][info][gc,phases      ] GC(134)   Pre Evacuate Collection Set: 0.2ms
[22.847s][info][gc,phases      ] GC(134)   Merge Heap Roots: 0.2ms
[22.847s][info][gc,phases      ] GC(134)   Evacuate Collection Set: 0.8ms
[22.847s][info][gc,phases      ] GC(134)   Post Evacuate Collection Set: 0.5ms
[22.847s][info][gc,phases      ] GC(134)   Other: 0.1ms
[22.847s][info][gc,heap        ] GC(134) Eden regions: 344->0(344)
[22.847s][info][gc,heap        ] GC(134) Survivor regions: 2->2(44)
[22.847s][info][gc,heap        ] GC(134) Old regions: 40->40
[22.847s][info][gc,heap        ] GC(134) Archive regions: 0->0
[22.847s][info][gc,heap        ] GC(134) Humongous regions: 0->0
[22.847s][info][gc,metaspace   ] GC(134) Metaspace: 73005K(74944K)->73005K(74944K) NonClass: 57735K(58944K)->57735K(58944K) Class: 15270K(16000K)->15270K(16000K)
[22.847s][info][gc             ] GC(134) Pause Young (Normal) (G1 Evacuation Pause) 382M->38M(577M) 2.039ms
[22.848s][info][gc,cpu         ] GC(134) User=0.00s Sys=0.00s Real=0.00s
[22.935s][info][gc,start       ] GC(135) Pause Young (Normal) (G1 Evacuation Pause)
[22.935s][info][gc,task        ] GC(135) Using 33 workers of 33 for evacuation
[22.937s][info][gc,phases      ] GC(135)   Pre Evacuate Collection Set: 0.2ms
[22.937s][info][gc,phases      ] GC(135)   Merge Heap Roots: 0.2ms
[22.937s][info][gc,phases      ] GC(135)   Evacuate Collection Set: 0.9ms
[22.937s][info][gc,phases      ] GC(135)   Post Evacuate Collection Set: 0.5ms
[22.937s][info][gc,phases      ] GC(135)   Other: 0.1ms
[22.937s][info][gc,heap        ] GC(135) Eden regions: 344->0(344)
[22.937s][info][gc,heap        ] GC(135) Survivor regions: 2->2(44)
[22.937s][info][gc,heap        ] GC(135) Old regions: 40->40
[22.937s][info][gc,heap        ] GC(135) Archive regions: 0->0
[22.937s][info][gc,heap        ] GC(135) Humongous regions: 0->0
[22.937s][info][gc,metaspace   ] GC(135) Metaspace: 73005K(74944K)->73005K(74944K) NonClass: 57735K(58944K)->57735K(58944K) Class: 15270K(16000K)->15270K(16000K)
[22.937s][info][gc             ] GC(135) Pause Young (Normal) (G1 Evacuation Pause) 382M->38M(577M) 2.102ms
[22.937s][info][gc,cpu         ] GC(135) User=0.00s Sys=0.00s Real=0.00s
[23.024s][info][gc,start       ] GC(136) Pause Young (Normal) (G1 Evacuation Pause)
[23.024s][info][gc,task        ] GC(136) Using 33 workers of 33 for evacuation
[23.026s][info][gc,phases      ] GC(136)   Pre Evacuate Collection Set: 0.2ms
[23.026s][info][gc,phases      ] GC(136)   Merge Heap Roots: 0.2ms
[23.026s][info][gc,phases      ] GC(136)   Evacuate Collection Set: 0.8ms
[23.026s][info][gc,phases      ] GC(136)   Post Evacuate Collection Set: 0.5ms
[23.026s][info][gc,phases      ] GC(136)   Other: 0.1ms
[23.026s][info][gc,heap        ] GC(136) Eden regions: 344->0(344)
[23.026s][info][gc,heap        ] GC(136) Survivor regions: 2->2(44)
[23.026s][info][gc,heap        ] GC(136) Old regions: 40->40
[23.026s][info][gc,heap        ] GC(136) Archive regions: 0->0
[23.026s][info][gc,heap        ] GC(136) Humongous regions: 0->0
[23.026s][info][gc,metaspace   ] GC(136) Metaspace: 73005K(74944K)->73005K(74944K) NonClass: 57735K(58944K)->57735K(58944K) Class: 15270K(16000K)->15270K(16000K)
[23.026s][info][gc             ] GC(136) Pause Young (Normal) (G1 Evacuation Pause) 382M->38M(577M) 2.027ms
[23.026s][info][gc,cpu         ] GC(136) User=0.00s Sys=0.00s Real=0.00s
[23.114s][info][gc,start       ] GC(137) Pause Young (Normal) (G1 Evacuation Pause)
[23.114s][info][gc,task        ] GC(137) Using 33 workers of 33 for evacuation
[23.116s][info][gc,phases      ] GC(137)   Pre Evacuate Collection Set: 0.2ms
[23.116s][info][gc,phases      ] GC(137)   Merge Heap Roots: 0.2ms
[23.116s][info][gc,phases      ] GC(137)   Evacuate Collection Set: 0.8ms
[23.116s][info][gc,phases      ] GC(137)   Post Evacuate Collection Set: 0.5ms
[23.116s][info][gc,phases      ] GC(137)   Other: 0.1ms
[23.116s][info][gc,heap        ] GC(137) Eden regions: 344->0(344)
[23.116s][info][gc,heap        ] GC(137) Survivor regions: 2->2(44)
[23.116s][info][gc,heap        ] GC(137) Old regions: 40->40
[23.116s][info][gc,heap        ] GC(137) Archive regions: 0->0
[23.116s][info][gc,heap        ] GC(137) Humongous regions: 0->0
[23.116s][info][gc,metaspace   ] GC(137) Metaspace: 73005K(74944K)->73005K(74944K) NonClass: 57735K(58944K)->57735K(58944K) Class: 15270K(16000K)->15270K(16000K)
[23.116s][info][gc             ] GC(137) Pause Young (Normal) (G1 Evacuation Pause) 382M->38M(577M) 2.012ms
[23.116s][info][gc,cpu         ] GC(137) User=0.00s Sys=0.00s Real=0.00s
[23.204s][info][gc,start       ] GC(138) Pause Young (Normal) (G1 Evacuation Pause)
[23.204s][info][gc,task        ] GC(138) Using 33 workers of 33 for evacuation
[23.205s][info][gc,phases      ] GC(138)   Pre Evacuate Collection Set: 0.2ms
[23.205s][info][gc,phases      ] GC(138)   Merge Heap Roots: 0.2ms
[23.206s][info][gc,phases      ] GC(138)   Evacuate Collection Set: 0.8ms
[23.206s][info][gc,phases      ] GC(138)   Post Evacuate Collection Set: 0.5ms
[23.206s][info][gc,phases      ] GC(138)   Other: 0.1ms
[23.206s][info][gc,heap        ] GC(138) Eden regions: 344->0(344)
[23.206s][info][gc,heap        ] GC(138) Survivor regions: 2->2(44)
[23.206s][info][gc,heap        ] GC(138) Old regions: 40->40
[23.206s][info][gc,heap        ] GC(138) Archive regions: 0->0
[23.206s][info][gc,heap        ] GC(138) Humongous regions: 0->0
[23.206s][info][gc,metaspace   ] GC(138) Metaspace: 73005K(74944K)->73005K(74944K) NonClass: 57735K(58944K)->57735K(58944K) Class: 15270K(16000K)->15270K(16000K)
[23.206s][info][gc             ] GC(138) Pause Young (Normal) (G1 Evacuation Pause) 382M->38M(577M) 2.051ms
[23.206s][info][gc,cpu         ] GC(138) User=0.00s Sys=0.00s Real=0.00s
[23.293s][info][gc,start       ] GC(139) Pause Young (Normal) (G1 Evacuation Pause)
[23.293s][info][gc,task        ] GC(139) Using 33 workers of 33 for evacuation
[23.295s][info][gc,phases      ] GC(139)   Pre Evacuate Collection Set: 0.2ms
[23.295s][info][gc,phases      ] GC(139)   Merge Heap Roots: 0.2ms
[23.295s][info][gc,phases      ] GC(139)   Evacuate Collection Set: 0.8ms
[23.295s][info][gc,phases      ] GC(139)   Post Evacuate Collection Set: 0.5ms
[23.295s][info][gc,phases      ] GC(139)   Other: 0.1ms
[23.295s][info][gc,heap        ] GC(139) Eden regions: 344->0(344)
[23.295s][info][gc,heap        ] GC(139) Survivor regions: 2->2(44)
[23.295s][info][gc,heap        ] GC(139) Old regions: 40->40
[23.295s][info][gc,heap        ] GC(139) Archive regions: 0->0
[23.295s][info][gc,heap        ] GC(139) Humongous regions: 0->0
[23.295s][info][gc,metaspace   ] GC(139) Metaspace: 73005K(74944K)->73005K(74944K) NonClass: 57735K(58944K)->57735K(58944K) Class: 15270K(16000K)->15270K(16000K)
[23.295s][info][gc             ] GC(139) Pause Young (Normal) (G1 Evacuation Pause) 382M->38M(577M) 2.049ms
[23.295s][info][gc,cpu         ] GC(139) User=0.00s Sys=0.00s Real=0.00s
[23.383s][info][gc,start       ] GC(140) Pause Young (Normal) (G1 Evacuation Pause)
[23.383s][info][gc,task        ] GC(140) Using 33 workers of 33 for evacuation
[23.385s][info][gc,phases      ] GC(140)   Pre Evacuate Collection Set: 0.2ms
[23.385s][info][gc,phases      ] GC(140)   Merge Heap Roots: 0.2ms
[23.385s][info][gc,phases      ] GC(140)   Evacuate Collection Set: 0.9ms
[23.385s][info][gc,phases      ] GC(140)   Post Evacuate Collection Set: 0.5ms
[23.385s][info][gc,phases      ] GC(140)   Other: 0.1ms
[23.385s][info][gc,heap        ] GC(140) Eden regions: 344->0(344)
[23.385s][info][gc,heap        ] GC(140) Survivor regions: 2->2(44)
[23.385s][info][gc,heap        ] GC(140) Old regions: 40->40
[23.385s][info][gc,heap        ] GC(140) Archive regions: 0->0
[23.385s][info][gc,heap        ] GC(140) Humongous regions: 0->0
[23.385s][info][gc,metaspace   ] GC(140) Metaspace: 73022K(74944K)->73022K(74944K) NonClass: 57752K(58944K)->57752K(58944K) Class: 15270K(16000K)->15270K(16000K)
[23.385s][info][gc             ] GC(140) Pause Young (Normal) (G1 Evacuation Pause) 382M->38M(577M) 2.157ms
[23.385s][info][gc,cpu         ] GC(140) User=0.00s Sys=0.00s Real=0.00s
[23.474s][info][gc,start       ] GC(141) Pause Young (Normal) (G1 Evacuation Pause)
[23.474s][info][gc,task        ] GC(141) Using 33 workers of 33 for evacuation
[23.476s][info][gc,phases      ] GC(141)   Pre Evacuate Collection Set: 0.2ms
[23.476s][info][gc,phases      ] GC(141)   Merge Heap Roots: 0.2ms
[23.476s][info][gc,phases      ] GC(141)   Evacuate Collection Set: 0.9ms
[23.476s][info][gc,phases      ] GC(141)   Post Evacuate Collection Set: 0.6ms
[23.476s][info][gc,phases      ] GC(141)   Other: 0.1ms
[23.476s][info][gc,heap        ] GC(141) Eden regions: 344->0(344)
[23.476s][info][gc,heap        ] GC(141) Survivor regions: 2->2(44)
[23.476s][info][gc,heap        ] GC(141) Old regions: 40->40
[23.476s][info][gc,heap        ] GC(141) Archive regions: 0->0
[23.476s][info][gc,heap        ] GC(141) Humongous regions: 0->0
[23.476s][info][gc,metaspace   ] GC(141) Metaspace: 73027K(74944K)->73027K(74944K) NonClass: 57756K(58944K)->57756K(58944K) Class: 15270K(16000K)->15270K(16000K)
[23.476s][info][gc             ] GC(141) Pause Young (Normal) (G1 Evacuation Pause) 382M->38M(577M) 2.188ms
[23.476s][info][gc,cpu         ] GC(141) User=0.00s Sys=0.00s Real=0.00s
[23.565s][info][gc,start       ] GC(142) Pause Young (Normal) (G1 Evacuation Pause)
[23.565s][info][gc,task        ] GC(142) Using 33 workers of 33 for evacuation
[23.567s][info][gc,phases      ] GC(142)   Pre Evacuate Collection Set: 0.2ms
[23.567s][info][gc,phases      ] GC(142)   Merge Heap Roots: 0.2ms
[23.567s][info][gc,phases      ] GC(142)   Evacuate Collection Set: 0.9ms
[23.567s][info][gc,phases      ] GC(142)   Post Evacuate Collection Set: 0.6ms
[23.567s][info][gc,phases      ] GC(142)   Other: 0.1ms
[23.567s][info][gc,heap        ] GC(142) Eden regions: 344->0(344)
[23.567s][info][gc,heap        ] GC(142) Survivor regions: 2->2(44)
[23.567s][info][gc,heap        ] GC(142) Old regions: 40->40
[23.567s][info][gc,heap        ] GC(142) Archive regions: 0->0
[23.567s][info][gc,heap        ] GC(142) Humongous regions: 0->0
[23.567s][info][gc,metaspace   ] GC(142) Metaspace: 73041K(74944K)->73041K(74944K) NonClass: 57771K(58944K)->57771K(58944K) Class: 15270K(16000K)->15270K(16000K)
[23.567s][info][gc             ] GC(142) Pause Young (Normal) (G1 Evacuation Pause) 382M->38M(577M) 2.164ms
[23.567s][info][gc,cpu         ] GC(142) User=0.00s Sys=0.00s Real=0.00s
[23.656s][info][gc,start       ] GC(143) Pause Young (Normal) (G1 Evacuation Pause)
[23.656s][info][gc,task        ] GC(143) Using 33 workers of 33 for evacuation
[23.658s][info][gc,phases      ] GC(143)   Pre Evacuate Collection Set: 0.2ms
[23.658s][info][gc,phases      ] GC(143)   Merge Heap Roots: 0.2ms
[23.658s][info][gc,phases      ] GC(143)   Evacuate Collection Set: 0.9ms
[23.658s][info][gc,phases      ] GC(143)   Post Evacuate Collection Set: 0.5ms
[23.658s][info][gc,phases      ] GC(143)   Other: 0.1ms
[23.658s][info][gc,heap        ] GC(143) Eden regions: 344->0(344)
[23.658s][info][gc,heap        ] GC(143) Survivor regions: 2->2(44)
[23.658s][info][gc,heap        ] GC(143) Old regions: 40->40
[23.658s][info][gc,heap        ] GC(143) Archive regions: 0->0
[23.658s][info][gc,heap        ] GC(143) Humongous regions: 0->0
[23.658s][info][gc,metaspace   ] GC(143) Metaspace: 73041K(74944K)->73041K(74944K) NonClass: 57771K(58944K)->57771K(58944K) Class: 15270K(16000K)->15270K(16000K)
[23.658s][info][gc             ] GC(143) Pause Young (Normal) (G1 Evacuation Pause) 382M->38M(577M) 2.221ms
[23.658s][info][gc,cpu         ] GC(143) User=0.00s Sys=0.00s Real=0.00s
[23.747s][info][gc,start       ] GC(144) Pause Young (Normal) (G1 Evacuation Pause)
[23.747s][info][gc,task        ] GC(144) Using 33 workers of 33 for evacuation
[23.749s][info][gc,phases      ] GC(144)   Pre Evacuate Collection Set: 0.2ms
[23.749s][info][gc,phases      ] GC(144)   Merge Heap Roots: 0.2ms
[23.749s][info][gc,phases      ] GC(144)   Evacuate Collection Set: 0.9ms
[23.749s][info][gc,phases      ] GC(144)   Post Evacuate Collection Set: 0.6ms
[23.749s][info][gc,phases      ] GC(144)   Other: 0.1ms
[23.749s][info][gc,heap        ] GC(144) Eden regions: 344->0(344)
[23.749s][info][gc,heap        ] GC(144) Survivor regions: 2->2(44)
[23.749s][info][gc,heap        ] GC(144) Old regions: 40->40
[23.749s][info][gc,heap        ] GC(144) Archive regions: 0->0
[23.749s][info][gc,heap        ] GC(144) Humongous regions: 0->0
[23.749s][info][gc,metaspace   ] GC(144) Metaspace: 73042K(74944K)->73042K(74944K) NonClass: 57771K(58944K)->57771K(58944K) Class: 15270K(16000K)->15270K(16000K)
[23.749s][info][gc             ] GC(144) Pause Young (Normal) (G1 Evacuation Pause) 382M->38M(577M) 2.176ms
[23.749s][info][gc,cpu         ] GC(144) User=0.00s Sys=0.00s Real=0.00s
[23.839s][info][gc,start       ] GC(145) Pause Young (Normal) (G1 Evacuation Pause)
[23.839s][info][gc,task        ] GC(145) Using 33 workers of 33 for evacuation
[23.841s][info][gc,phases      ] GC(145)   Pre Evacuate Collection Set: 0.2ms
[23.841s][info][gc,phases      ] GC(145)   Merge Heap Roots: 0.2ms
[23.841s][info][gc,phases      ] GC(145)   Evacuate Collection Set: 0.8ms
[23.841s][info][gc,phases      ] GC(145)   Post Evacuate Collection Set: 0.6ms
[23.841s][info][gc,phases      ] GC(145)   Other: 0.1ms
[23.841s][info][gc,heap        ] GC(145) Eden regions: 344->0(344)
[23.841s][info][gc,heap        ] GC(145) Survivor regions: 2->2(44)
[23.841s][info][gc,heap        ] GC(145) Old regions: 40->40
[23.841s][info][gc,heap        ] GC(145) Archive regions: 0->0
[23.841s][info][gc,heap        ] GC(145) Humongous regions: 0->0
[23.841s][info][gc,metaspace   ] GC(145) Metaspace: 73043K(74944K)->73043K(74944K) NonClass: 57773K(58944K)->57773K(58944K) Class: 15270K(16000K)->15270K(16000K)
[23.841s][info][gc             ] GC(145) Pause Young (Normal) (G1 Evacuation Pause) 382M->38M(577M) 2.095ms
[23.841s][info][gc,cpu         ] GC(145) User=0.00s Sys=0.00s Real=0.00s
[23.932s][info][gc,start       ] GC(146) Pause Young (Normal) (G1 Evacuation Pause)
[23.932s][info][gc,task        ] GC(146) Using 33 workers of 33 for evacuation
[23.934s][info][gc,phases      ] GC(146)   Pre Evacuate Collection Set: 0.2ms
[23.934s][info][gc,phases      ] GC(146)   Merge Heap Roots: 0.2ms
[23.934s][info][gc,phases      ] GC(146)   Evacuate Collection Set: 0.9ms
[23.934s][info][gc,phases      ] GC(146)   Post Evacuate Collection Set: 0.6ms
[23.934s][info][gc,phases      ] GC(146)   Other: 0.1ms
[23.934s][info][gc,heap        ] GC(146) Eden regions: 344->0(344)
[23.934s][info][gc,heap        ] GC(146) Survivor regions: 2->2(44)
[23.934s][info][gc,heap        ] GC(146) Old regions: 40->41
[23.934s][info][gc,heap        ] GC(146) Archive regions: 0->0
[23.934s][info][gc,heap        ] GC(146) Humongous regions: 0->0
[23.934s][info][gc,metaspace   ] GC(146) Metaspace: 73044K(74944K)->73044K(74944K) NonClass: 57774K(58944K)->57774K(58944K) Class: 15270K(16000K)->15270K(16000K)
[23.934s][info][gc             ] GC(146) Pause Young (Normal) (G1 Evacuation Pause) 382M->38M(577M) 2.174ms
[23.934s][info][gc,cpu         ] GC(146) User=0.00s Sys=0.00s Real=0.00s
[24.026s][info][gc,start       ] GC(147) Pause Young (Normal) (G1 Evacuation Pause)
[24.026s][info][gc,task        ] GC(147) Using 33 workers of 33 for evacuation
[24.028s][info][gc,phases      ] GC(147)   Pre Evacuate Collection Set: 0.2ms
[24.028s][info][gc,phases      ] GC(147)   Merge Heap Roots: 0.2ms
[24.028s][info][gc,phases      ] GC(147)   Evacuate Collection Set: 0.8ms
[24.028s][info][gc,phases      ] GC(147)   Post Evacuate Collection Set: 0.6ms
[24.028s][info][gc,phases      ] GC(147)   Other: 0.1ms
[24.028s][info][gc,heap        ] GC(147) Eden regions: 344->0(344)
[24.028s][info][gc,heap        ] GC(147) Survivor regions: 2->2(44)
[24.028s][info][gc,heap        ] GC(147) Old regions: 41->41
[24.028s][info][gc,heap        ] GC(147) Archive regions: 0->0
[24.028s][info][gc,heap        ] GC(147) Humongous regions: 0->0
[24.028s][info][gc,metaspace   ] GC(147) Metaspace: 73045K(74944K)->73045K(74944K) NonClass: 57774K(58944K)->57774K(58944K) Class: 15270K(16000K)->15270K(16000K)
[24.028s][info][gc             ] GC(147) Pause Young (Normal) (G1 Evacuation Pause) 382M->38M(577M) 2.095ms
[24.028s][info][gc,cpu         ] GC(147) User=0.00s Sys=0.00s Real=0.00s
[24.122s][info][gc,start       ] GC(148) Pause Young (Normal) (G1 Evacuation Pause)
[24.122s][info][gc,task        ] GC(148) Using 33 workers of 33 for evacuation
[24.124s][info][gc,phases      ] GC(148)   Pre Evacuate Collection Set: 0.2ms
[24.124s][info][gc,phases      ] GC(148)   Merge Heap Roots: 0.2ms
[24.124s][info][gc,phases      ] GC(148)   Evacuate Collection Set: 0.9ms
[24.124s][info][gc,phases      ] GC(148)   Post Evacuate Collection Set: 0.6ms
[24.124s][info][gc,phases      ] GC(148)   Other: 0.1ms
[24.124s][info][gc,heap        ] GC(148) Eden regions: 344->0(344)
[24.124s][info][gc,heap        ] GC(148) Survivor regions: 2->2(44)
[24.124s][info][gc,heap        ] GC(148) Old regions: 41->41
[24.124s][info][gc,heap        ] GC(148) Archive regions: 0->0
[24.124s][info][gc,heap        ] GC(148) Humongous regions: 0->0
[24.124s][info][gc,metaspace   ] GC(148) Metaspace: 73046K(74944K)->73046K(74944K) NonClass: 57776K(58944K)->57776K(58944K) Class: 15270K(16000K)->15270K(16000K)
[24.124s][info][gc             ] GC(148) Pause Young (Normal) (G1 Evacuation Pause) 382M->38M(577M) 2.139ms
[24.124s][info][gc,cpu         ] GC(148) User=0.00s Sys=0.00s Real=0.00s
[24.219s][info][gc,start       ] GC(149) Pause Young (Normal) (G1 Evacuation Pause)
[24.219s][info][gc,task        ] GC(149) Using 33 workers of 33 for evacuation
[24.221s][info][gc,phases      ] GC(149)   Pre Evacuate Collection Set: 0.2ms
[24.221s][info][gc,phases      ] GC(149)   Merge Heap Roots: 0.2ms
[24.221s][info][gc,phases      ] GC(149)   Evacuate Collection Set: 0.8ms
[24.221s][info][gc,phases      ] GC(149)   Post Evacuate Collection Set: 0.5ms
[24.221s][info][gc,phases      ] GC(149)   Other: 0.1ms
[24.221s][info][gc,heap        ] GC(149) Eden regions: 344->0(344)
[24.221s][info][gc,heap        ] GC(149) Survivor regions: 2->2(44)
[24.221s][info][gc,heap        ] GC(149) Old regions: 41->41
[24.221s][info][gc,heap        ] GC(149) Archive regions: 0->0
[24.221s][info][gc,heap        ] GC(149) Humongous regions: 0->0
[24.221s][info][gc,metaspace   ] GC(149) Metaspace: 73054K(74944K)->73054K(74944K) NonClass: 57783K(58944K)->57783K(58944K) Class: 15270K(16000K)->15270K(16000K)
[24.221s][info][gc             ] GC(149) Pause Young (Normal) (G1 Evacuation Pause) 382M->38M(577M) 2.006ms
[24.221s][info][gc,cpu         ] GC(149) User=0.00s Sys=0.00s Real=0.00s
[24.323s][info][gc,start       ] GC(150) Pause Young (Normal) (G1 Evacuation Pause)
[24.323s][info][gc,task        ] GC(150) Using 33 workers of 33 for evacuation
[24.325s][info][gc,phases      ] GC(150)   Pre Evacuate Collection Set: 0.2ms
[24.325s][info][gc,phases      ] GC(150)   Merge Heap Roots: 0.2ms
[24.325s][info][gc,phases      ] GC(150)   Evacuate Collection Set: 0.7ms
[24.325s][info][gc,phases      ] GC(150)   Post Evacuate Collection Set: 0.5ms
[24.325s][info][gc,phases      ] GC(150)   Other: 0.1ms
[24.325s][info][gc,heap        ] GC(150) Eden regions: 344->0(344)
[24.325s][info][gc,heap        ] GC(150) Survivor regions: 2->2(44)
[24.325s][info][gc,heap        ] GC(150) Old regions: 41->41
[24.325s][info][gc,heap        ] GC(150) Archive regions: 0->0
[24.325s][info][gc,heap        ] GC(150) Humongous regions: 0->0
[24.325s][info][gc,metaspace   ] GC(150) Metaspace: 73057K(74944K)->73057K(74944K) NonClass: 57787K(58944K)->57787K(58944K) Class: 15270K(16000K)->15270K(16000K)
[24.325s][info][gc             ] GC(150) Pause Young (Normal) (G1 Evacuation Pause) 382M->38M(577M) 1.967ms
[24.325s][info][gc,cpu         ] GC(150) User=0.00s Sys=0.00s Real=0.00s
[24.436s][info][gc,start       ] GC(151) Pause Young (Normal) (G1 Evacuation Pause)
[24.436s][info][gc,task        ] GC(151) Using 33 workers of 33 for evacuation
[24.438s][info][gc,phases      ] GC(151)   Pre Evacuate Collection Set: 0.2ms
[24.438s][info][gc,phases      ] GC(151)   Merge Heap Roots: 0.2ms
[24.438s][info][gc,phases      ] GC(151)   Evacuate Collection Set: 0.7ms
[24.438s][info][gc,phases      ] GC(151)   Post Evacuate Collection Set: 0.5ms
[24.438s][info][gc,phases      ] GC(151)   Other: 0.1ms
[24.438s][info][gc,heap        ] GC(151) Eden regions: 344->0(344)
[24.438s][info][gc,heap        ] GC(151) Survivor regions: 2->2(44)
[24.438s][info][gc,heap        ] GC(151) Old regions: 41->41
[24.438s][info][gc,heap        ] GC(151) Archive regions: 0->0
[24.438s][info][gc,heap        ] GC(151) Humongous regions: 0->0
[24.438s][info][gc,metaspace   ] GC(151) Metaspace: 73058K(74944K)->73058K(74944K) NonClass: 57788K(58944K)->57788K(58944K) Class: 15270K(16000K)->15270K(16000K)
[24.438s][info][gc             ] GC(151) Pause Young (Normal) (G1 Evacuation Pause) 382M->38M(577M) 1.909ms
[24.438s][info][gc,cpu         ] GC(151) User=0.00s Sys=0.00s Real=0.00s
[24.559s][info][gc,start       ] GC(152) Pause Young (Normal) (G1 Evacuation Pause)
[24.559s][info][gc,task        ] GC(152) Using 33 workers of 33 for evacuation
[24.560s][info][gc,phases      ] GC(152)   Pre Evacuate Collection Set: 0.2ms
[24.561s][info][gc,phases      ] GC(152)   Merge Heap Roots: 0.2ms
[24.561s][info][gc,phases      ] GC(152)   Evacuate Collection Set: 0.8ms
[24.561s][info][gc,phases      ] GC(152)   Post Evacuate Collection Set: 0.5ms
[24.561s][info][gc,phases      ] GC(152)   Other: 0.1ms
[24.561s][info][gc,heap        ] GC(152) Eden regions: 344->0(344)
[24.561s][info][gc,heap        ] GC(152) Survivor regions: 2->2(44)
[24.561s][info][gc,heap        ] GC(152) Old regions: 41->41
[24.561s][info][gc,heap        ] GC(152) Archive regions: 0->0
[24.561s][info][gc,heap        ] GC(152) Humongous regions: 0->0
[24.561s][info][gc,metaspace   ] GC(152) Metaspace: 73058K(74944K)->73058K(74944K) NonClass: 57788K(58944K)->57788K(58944K) Class: 15270K(16000K)->15270K(16000K)
[24.561s][info][gc             ] GC(152) Pause Young (Normal) (G1 Evacuation Pause) 382M->38M(577M) 1.960ms
[24.561s][info][gc,cpu         ] GC(152) User=0.00s Sys=0.00s Real=0.00s
[24.696s][info][gc,start       ] GC(153) Pause Young (Normal) (G1 Evacuation Pause)
[24.696s][info][gc,task        ] GC(153) Using 33 workers of 33 for evacuation
[24.698s][info][gc,phases      ] GC(153)   Pre Evacuate Collection Set: 0.2ms
[24.698s][info][gc,phases      ] GC(153)   Merge Heap Roots: 0.2ms
[24.698s][info][gc,phases      ] GC(153)   Evacuate Collection Set: 0.8ms
[24.698s][info][gc,phases      ] GC(153)   Post Evacuate Collection Set: 0.6ms
[24.698s][info][gc,phases      ] GC(153)   Other: 0.1ms
[24.698s][info][gc,heap        ] GC(153) Eden regions: 344->0(344)
[24.698s][info][gc,heap        ] GC(153) Survivor regions: 2->2(44)
[24.698s][info][gc,heap        ] GC(153) Old regions: 41->41
[24.698s][info][gc,heap        ] GC(153) Archive regions: 0->0
[24.698s][info][gc,heap        ] GC(153) Humongous regions: 0->0
[24.698s][info][gc,metaspace   ] GC(153) Metaspace: 73059K(74944K)->73059K(74944K) NonClass: 57789K(58944K)->57789K(58944K) Class: 15270K(16000K)->15270K(16000K)
[24.698s][info][gc             ] GC(153) Pause Young (Normal) (G1 Evacuation Pause) 382M->38M(577M) 2.037ms
[24.698s][info][gc,cpu         ] GC(153) User=0.00s Sys=0.00s Real=0.00s
[24.875s][info][gc,start       ] GC(154) Pause Young (Normal) (G1 Evacuation Pause)
[24.875s][info][gc,task        ] GC(154) Using 28 workers of 33 for evacuation
[24.877s][info][gc,phases      ] GC(154)   Pre Evacuate Collection Set: 0.1ms
[24.877s][info][gc,phases      ] GC(154)   Merge Heap Roots: 0.2ms
[24.877s][info][gc,phases      ] GC(154)   Evacuate Collection Set: 0.7ms
[24.877s][info][gc,phases      ] GC(154)   Post Evacuate Collection Set: 0.5ms
[24.877s][info][gc,phases      ] GC(154)   Other: 0.1ms
[24.877s][info][gc,heap        ] GC(154) Eden regions: 344->0(344)
[24.877s][info][gc,heap        ] GC(154) Survivor regions: 2->2(44)
[24.877s][info][gc,heap        ] GC(154) Old regions: 41->41
[24.877s][info][gc,heap        ] GC(154) Archive regions: 0->0
[24.877s][info][gc,heap        ] GC(154) Humongous regions: 0->0
[24.877s][info][gc,metaspace   ] GC(154) Metaspace: 73063K(74944K)->73063K(74944K) NonClass: 57793K(58944K)->57793K(58944K) Class: 15270K(16000K)->15270K(16000K)
[24.877s][info][gc             ] GC(154) Pause Young (Normal) (G1 Evacuation Pause) 382M->38M(577M) 1.841ms
[24.877s][info][gc,cpu         ] GC(154) User=0.00s Sys=0.00s Real=0.00s
[25.078s][info][gc,start       ] GC(155) Pause Young (Normal) (G1 Evacuation Pause)
[25.078s][info][gc,task        ] GC(155) Using 25 workers of 33 for evacuation
[25.079s][info][gc,phases      ] GC(155)   Pre Evacuate Collection Set: 0.1ms
[25.080s][info][gc,phases      ] GC(155)   Merge Heap Roots: 0.1ms
[25.080s][info][gc,phases      ] GC(155)   Evacuate Collection Set: 0.6ms
[25.080s][info][gc,phases      ] GC(155)   Post Evacuate Collection Set: 0.5ms
[25.080s][info][gc,phases      ] GC(155)   Other: 0.1ms
[25.080s][info][gc,heap        ] GC(155) Eden regions: 344->0(344)
[25.080s][info][gc,heap        ] GC(155) Survivor regions: 2->2(44)
[25.080s][info][gc,heap        ] GC(155) Old regions: 41->41
[25.080s][info][gc,heap        ] GC(155) Archive regions: 0->0
[25.080s][info][gc,heap        ] GC(155) Humongous regions: 0->0
[25.080s][info][gc,metaspace   ] GC(155) Metaspace: 73063K(74944K)->73063K(74944K) NonClass: 57793K(58944K)->57793K(58944K) Class: 15270K(16000K)->15270K(16000K)
[25.080s][info][gc             ] GC(155) Pause Young (Normal) (G1 Evacuation Pause) 382M->38M(577M) 1.633ms
[25.080s][info][gc,cpu         ] GC(155) User=0.00s Sys=0.00s Real=0.00s
[25.302s][info][gc,start       ] GC(156) Pause Young (Normal) (G1 Evacuation Pause)
[25.302s][info][gc,task        ] GC(156) Using 19 workers of 33 for evacuation
[25.304s][info][gc,phases      ] GC(156)   Pre Evacuate Collection Set: 0.1ms
[25.304s][info][gc,phases      ] GC(156)   Merge Heap Roots: 0.1ms
[25.304s][info][gc,phases      ] GC(156)   Evacuate Collection Set: 0.7ms
[25.304s][info][gc,phases      ] GC(156)   Post Evacuate Collection Set: 0.5ms
[25.304s][info][gc,phases      ] GC(156)   Other: 0.1ms
[25.304s][info][gc,heap        ] GC(156) Eden regions: 344->0(344)
[25.304s][info][gc,heap        ] GC(156) Survivor regions: 2->2(44)
[25.304s][info][gc,heap        ] GC(156) Old regions: 41->41
[25.304s][info][gc,heap        ] GC(156) Archive regions: 0->0
[25.304s][info][gc,heap        ] GC(156) Humongous regions: 0->0
[25.304s][info][gc,metaspace   ] GC(156) Metaspace: 73063K(74944K)->73063K(74944K) NonClass: 57793K(58944K)->57793K(58944K) Class: 15270K(16000K)->15270K(16000K)
[25.304s][info][gc             ] GC(156) Pause Young (Normal) (G1 Evacuation Pause) 382M->38M(577M) 1.714ms
[25.304s][info][gc,cpu         ] GC(156) User=0.00s Sys=0.00s Real=0.00s
[25.863s][info][gc,start       ] GC(157) Pause Young (Normal) (G1 Evacuation Pause)
[25.863s][info][gc,task        ] GC(157) Using 16 workers of 33 for evacuation
[25.865s][info][gc,phases      ] GC(157)   Pre Evacuate Collection Set: 0.2ms
[25.865s][info][gc,phases      ] GC(157)   Merge Heap Roots: 0.2ms
[25.865s][info][gc,phases      ] GC(157)   Evacuate Collection Set: 1.0ms
[25.865s][info][gc,phases      ] GC(157)   Post Evacuate Collection Set: 0.5ms
[25.865s][info][gc,phases      ] GC(157)   Other: 0.1ms
[25.865s][info][gc,heap        ] GC(157) Eden regions: 344->0(344)
[25.865s][info][gc,heap        ] GC(157) Survivor regions: 2->2(44)
[25.865s][info][gc,heap        ] GC(157) Old regions: 41->41
[25.865s][info][gc,heap        ] GC(157) Archive regions: 0->0
[25.865s][info][gc,heap        ] GC(157) Humongous regions: 0->0
[25.865s][info][gc,metaspace   ] GC(157) Metaspace: 73063K(74944K)->73063K(74944K) NonClass: 57793K(58944K)->57793K(58944K) Class: 15270K(16000K)->15270K(16000K)
[25.865s][info][gc             ] GC(157) Pause Young (Normal) (G1 Evacuation Pause) 382M->38M(577M) 2.363ms
[25.865s][info][gc,cpu         ] GC(157) User=0.00s Sys=0.00s Real=0.00s
[26.478s][info][gc,start       ] GC(158) Pause Young (Normal) (G1 Evacuation Pause)
[26.478s][info][gc,task        ] GC(158) Using 15 workers of 33 for evacuation
[26.480s][info][gc,phases      ] GC(158)   Pre Evacuate Collection Set: 0.2ms
[26.480s][info][gc,phases      ] GC(158)   Merge Heap Roots: 0.2ms
[26.480s][info][gc,phases      ] GC(158)   Evacuate Collection Set: 1.1ms
[26.480s][info][gc,phases      ] GC(158)   Post Evacuate Collection Set: 0.7ms
[26.480s][info][gc,phases      ] GC(158)   Other: 0.1ms
[26.480s][info][gc,heap        ] GC(158) Eden regions: 344->0(344)
[26.480s][info][gc,heap        ] GC(158) Survivor regions: 2->2(44)
[26.480s][info][gc,heap        ] GC(158) Old regions: 41->41
[26.480s][info][gc,heap        ] GC(158) Archive regions: 0->0
[26.480s][info][gc,heap        ] GC(158) Humongous regions: 0->0
[26.480s][info][gc,metaspace   ] GC(158) Metaspace: 73063K(74944K)->73063K(74944K) NonClass: 57793K(58944K)->57793K(58944K) Class: 15270K(16000K)->15270K(16000K)
[26.480s][info][gc             ] GC(158) Pause Young (Normal) (G1 Evacuation Pause) 382M->38M(577M) 2.686ms
[26.480s][info][gc,cpu         ] GC(158) User=0.00s Sys=0.00s Real=0.00s
[27.091s][info][gc,start       ] GC(159) Pause Young (Normal) (G1 Evacuation Pause)
[27.091s][info][gc,task        ] GC(159) Using 14 workers of 33 for evacuation
[27.093s][info][gc,phases      ] GC(159)   Pre Evacuate Collection Set: 0.2ms
[27.093s][info][gc,phases      ] GC(159)   Merge Heap Roots: 0.2ms
[27.093s][info][gc,phases      ] GC(159)   Evacuate Collection Set: 1.1ms
[27.093s][info][gc,phases      ] GC(159)   Post Evacuate Collection Set: 0.6ms
[27.093s][info][gc,phases      ] GC(159)   Other: 0.1ms
[27.093s][info][gc,heap        ] GC(159) Eden regions: 344->0(344)
[27.093s][info][gc,heap        ] GC(159) Survivor regions: 2->2(44)
[27.093s][info][gc,heap        ] GC(159) Old regions: 41->41
[27.093s][info][gc,heap        ] GC(159) Archive regions: 0->0
[27.093s][info][gc,heap        ] GC(159) Humongous regions: 0->0
[27.093s][info][gc,metaspace   ] GC(159) Metaspace: 73063K(74944K)->73063K(74944K) NonClass: 57793K(58944K)->57793K(58944K) Class: 15270K(16000K)->15270K(16000K)
[27.093s][info][gc             ] GC(159) Pause Young (Normal) (G1 Evacuation Pause) 382M->38M(577M) 2.449ms
[27.093s][info][gc,cpu         ] GC(159) User=0.00s Sys=0.00s Real=0.00s
[27.621s][info][gc,start       ] GC(160) Pause Full (System.gc())
[27.621s][info][gc,task        ] GC(160) Using 13 workers of 33 for full compaction
[27.622s][info][gc,phases,start] GC(160) Phase 1: Mark live objects
[27.656s][info][gc,phases      ] GC(160) Phase 1: Mark live objects 33.667ms
[27.656s][info][gc,phases,start] GC(160) Phase 2: Prepare compaction
[27.658s][info][gc,phases      ] GC(160) Phase 2: Prepare compaction 2.269ms
[27.658s][info][gc,phases,start] GC(160) Phase 3: Adjust pointers
[27.666s][info][gc,phases      ] GC(160) Phase 3: Adjust pointers 7.790ms
[27.666s][info][gc,phases,start] GC(160) Phase 4: Compact heap
[27.667s][info][gc,phases      ] GC(160) Phase 4: Compact heap 0.774ms
[27.678s][info][gc,heap        ] GC(160) Eden regions: 216->0(82)
[27.678s][info][gc,heap        ] GC(160) Survivor regions: 2->0(44)
[27.678s][info][gc,heap        ] GC(160) Old regions: 41->41
[27.678s][info][gc,heap        ] GC(160) Archive regions: 0->0
[27.678s][info][gc,heap        ] GC(160) Humongous regions: 0->0
[27.678s][info][gc,metaspace   ] GC(160) Metaspace: 73088K(74944K)->73078K(74944K) NonClass: 57818K(58944K)->57811K(58944K) Class: 15270K(16000K)->15267K(16000K)
[27.678s][info][gc             ] GC(160) Pause Full (System.gc()) 254M->35M(137M) 56.741ms
[27.678s][info][gc,cpu         ] GC(160) User=0.42s Sys=0.02s Real=0.06s
[27.739s][info][gc,start       ] GC(161) Pause Young (Concurrent Start) (G1 Evacuation Pause)
[27.739s][info][gc,task        ] GC(161) Using 33 workers of 33 for evacuation
[27.741s][info][gc,phases      ] GC(161)   Pre Evacuate Collection Set: 0.3ms
[27.741s][info][gc,phases      ] GC(161)   Merge Heap Roots: 0.2ms
[27.741s][info][gc,phases      ] GC(161)   Evacuate Collection Set: 1.4ms
[27.741s][info][gc,phases      ] GC(161)   Post Evacuate Collection Set: 0.7ms
[27.742s][info][gc,phases      ] GC(161)   Other: 0.1ms
[27.742s][info][gc,heap        ] GC(161) Eden regions: 82->0(78)
[27.742s][info][gc,heap        ] GC(161) Survivor regions: 0->4(11)
[27.742s][info][gc,heap        ] GC(161) Old regions: 41->41
[27.742s][info][gc,heap        ] GC(161) Archive regions: 0->0
[27.742s][info][gc,heap        ] GC(161) Humongous regions: 0->0
[27.742s][info][gc,metaspace   ] GC(161) Metaspace: 73234K(74944K)->73234K(74944K) NonClass: 57966K(58944K)->57966K(58944K) Class: 15268K(16000K)->15268K(16000K)
[27.742s][info][gc             ] GC(161) Pause Young (Concurrent Start) (G1 Evacuation Pause) 117M->39M(137M) 2.978ms
[27.742s][info][gc             ] GC(162) Concurrent Mark Cycle
[27.742s][info][gc,cpu         ] GC(161) User=0.00s Sys=0.00s Real=0.00s
[27.742s][info][gc,marking     ] GC(162) Concurrent Scan Root Regions
[27.746s][info][gc,marking     ] GC(162) Concurrent Scan Root Regions 4.387ms
[27.746s][info][gc,marking     ] GC(162) Concurrent Mark
[27.746s][info][gc,marking     ] GC(162) Concurrent Mark From Roots
[27.746s][info][gc,task        ] GC(162) Using 8 workers of 8 for marking
[27.757s][info][gc,marking     ] GC(162) Concurrent Mark From Roots 11.165ms
[27.757s][info][gc,marking     ] GC(162) Concurrent Preclean
[27.758s][info][gc,marking     ] GC(162) Concurrent Preclean 0.180ms
[27.758s][info][gc,start       ] GC(162) Pause Remark
[27.761s][info][gc             ] GC(162) Pause Remark 77M->77M(140M) 3.418ms
[27.761s][info][gc,cpu         ] GC(162) User=0.00s Sys=0.00s Real=0.00s
[27.762s][info][gc,marking     ] GC(162) Concurrent Mark 15.698ms
[27.762s][info][gc,marking     ] GC(162) Concurrent Rebuild Remembered Sets and Scrub Regions
[27.766s][info][gc,marking     ] GC(162) Concurrent Rebuild Remembered Sets and Scrub Regions 4.522ms
[27.767s][info][gc,start       ] GC(162) Pause Cleanup
[27.767s][info][gc             ] GC(162) Pause Cleanup 89M->89M(140M) 0.150ms
[27.767s][info][gc,cpu         ] GC(162) User=0.00s Sys=0.00s Real=0.00s
[27.768s][info][gc,marking     ] GC(162) Concurrent Clear Claimed Marks
[27.768s][info][gc,marking     ] GC(162) Concurrent Clear Claimed Marks 0.102ms
[27.768s][info][gc,marking     ] GC(162) Concurrent Cleanup for Next Mark
[27.768s][info][gc,marking     ] GC(162) Concurrent Cleanup for Next Mark 0.339ms
[27.768s][info][gc             ] GC(162) Concurrent Mark Cycle 26.489ms
[27.781s][info][gc,start       ] GC(163) Pause Young (Prepare Mixed) (G1 Evacuation Pause)
[27.781s][info][gc,task        ] GC(163) Using 33 workers of 33 for evacuation
[27.784s][info][gc,phases      ] GC(163)   Pre Evacuate Collection Set: 0.2ms
[27.784s][info][gc,phases      ] GC(163)   Merge Heap Roots: 0.2ms
[27.784s][info][gc,phases      ] GC(163)   Evacuate Collection Set: 1.3ms
[27.784s][info][gc,phases      ] GC(163)   Post Evacuate Collection Set: 0.7ms
[27.784s][info][gc,phases      ] GC(163)   Other: 0.1ms
[27.784s][info][gc,heap        ] GC(163) Eden regions: 78->0(80)
[27.784s][info][gc,heap        ] GC(163) Survivor regions: 4->4(11)
[27.784s][info][gc,heap        ] GC(163) Old regions: 41->41
[27.784s][info][gc,heap        ] GC(163) Archive regions: 0->0
[27.784s][info][gc,heap        ] GC(163) Humongous regions: 0->0
[27.784s][info][gc,metaspace   ] GC(163) Metaspace: 73234K(74944K)->73234K(74944K) NonClass: 57966K(58944K)->57966K(58944K) Class: 15268K(16000K)->15268K(16000K)
[27.784s][info][gc             ] GC(163) Pause Young (Prepare Mixed) (G1 Evacuation Pause) 117M->39M(140M) 2.673ms
[27.784s][info][gc,cpu         ] GC(163) User=0.00s Sys=0.00s Real=0.00s
[27.821s][info][gc,start       ] GC(164) Pause Young (Mixed) (G1 Evacuation Pause)
[27.821s][info][gc,task        ] GC(164) Using 33 workers of 33 for evacuation
[27.823s][info][gc,phases      ] GC(164)   Pre Evacuate Collection Set: 0.2ms
[27.823s][info][gc,phases      ] GC(164)   Merge Heap Roots: 0.2ms
[27.823s][info][gc,phases      ] GC(164)   Evacuate Collection Set: 1.5ms
[27.823s][info][gc,phases      ] GC(164)   Post Evacuate Collection Set: 0.7ms
[27.823s][info][gc,phases      ] GC(164)   Other: 0.1ms
[27.823s][info][gc,heap        ] GC(164) Eden regions: 80->0(80)
[27.823s][info][gc,heap        ] GC(164) Survivor regions: 4->4(11)
[27.823s][info][gc,heap        ] GC(164) Old regions: 41->40
[27.823s][info][gc,heap        ] GC(164) Archive regions: 0->0
[27.823s][info][gc,heap        ] GC(164) Humongous regions: 0->0
[27.823s][info][gc,metaspace   ] GC(164) Metaspace: 73234K(74944K)->73234K(74944K) NonClass: 57966K(58944K)->57966K(58944K) Class: 15268K(16000K)->15268K(16000K)
[27.824s][info][gc             ] GC(164) Pause Young (Mixed) (G1 Evacuation Pause) 119M->39M(140M) 2.994ms
[27.824s][info][gc,cpu         ] GC(164) User=0.00s Sys=0.00s Real=0.00s
[27.860s][info][gc,start       ] GC(165) Pause Young (Normal) (G1 Evacuation Pause)
[27.860s][info][gc,task        ] GC(165) Using 33 workers of 33 for evacuation
[27.862s][info][gc,phases      ] GC(165)   Pre Evacuate Collection Set: 0.2ms
[27.862s][info][gc,phases      ] GC(165)   Merge Heap Roots: 0.1ms
[27.862s][info][gc,phases      ] GC(165)   Evacuate Collection Set: 1.3ms
[27.863s][info][gc,phases      ] GC(165)   Post Evacuate Collection Set: 0.7ms
[27.863s][info][gc,phases      ] GC(165)   Other: 0.1ms
[27.863s][info][gc,heap        ] GC(165) Eden regions: 80->0(80)
[27.863s][info][gc,heap        ] GC(165) Survivor regions: 4->4(11)
[27.863s][info][gc,heap        ] GC(165) Old regions: 40->40
[27.863s][info][gc,heap        ] GC(165) Archive regions: 0->0
[27.863s][info][gc,heap        ] GC(165) Humongous regions: 0->0
[27.863s][info][gc,metaspace   ] GC(165) Metaspace: 73234K(74944K)->73234K(74944K) NonClass: 57966K(58944K)->57966K(58944K) Class: 15268K(16000K)->15268K(16000K)
[27.863s][info][gc             ] GC(165) Pause Young (Normal) (G1 Evacuation Pause) 119M->39M(140M) 2.868ms
[27.863s][info][gc,cpu         ] GC(165) User=0.00s Sys=0.00s Real=0.00s
[27.886s][info][gc,start       ] GC(166) Pause Young (Normal) (G1 Evacuation Pause)
[27.886s][info][gc,task        ] GC(166) Using 33 workers of 33 for evacuation
[27.891s][info][gc,phases      ] GC(166)   Pre Evacuate Collection Set: 0.2ms
[27.891s][info][gc,phases      ] GC(166)   Merge Heap Roots: 0.1ms
[27.891s][info][gc,phases      ] GC(166)   Evacuate Collection Set: 1.3ms
[27.891s][info][gc,phases      ] GC(166)   Post Evacuate Collection Set: 2.9ms
[27.891s][info][gc,phases      ] GC(166)   Other: 0.1ms
[27.891s][info][gc,heap        ] GC(166) Eden regions: 80->0(345)
[27.891s][info][gc,heap        ] GC(166) Survivor regions: 4->4(11)
[27.891s][info][gc,heap        ] GC(166) Old regions: 40->40
[27.891s][info][gc,heap        ] GC(166) Archive regions: 0->0
[27.891s][info][gc,heap        ] GC(166) Humongous regions: 0->0
[27.891s][info][gc,metaspace   ] GC(166) Metaspace: 73234K(74944K)->73234K(74944K) NonClass: 57966K(58944K)->57966K(58944K) Class: 15268K(16000K)->15268K(16000K)
[27.891s][info][gc             ] GC(166) Pause Young (Normal) (G1 Evacuation Pause) 119M->39M(582M) 4.845ms
[27.891s][info][gc,cpu         ] GC(166) User=0.50s Sys=0.03s Real=0.00s
[28.119s][info][gc,start       ] GC(167) Pause Young (Normal) (G1 Evacuation Pause)
[28.119s][info][gc,task        ] GC(167) Using 33 workers of 33 for evacuation
[28.122s][info][gc,phases      ] GC(167)   Pre Evacuate Collection Set: 0.2ms
[28.122s][info][gc,phases      ] GC(167)   Merge Heap Roots: 0.2ms
[28.122s][info][gc,phases      ] GC(167)   Evacuate Collection Set: 2.4ms
[28.122s][info][gc,phases      ] GC(167)   Post Evacuate Collection Set: 0.7ms
[28.122s][info][gc,phases      ] GC(167)   Other: 0.1ms
[28.122s][info][gc,heap        ] GC(167) Eden regions: 345->0(344)
[28.122s][info][gc,heap        ] GC(167) Survivor regions: 4->5(44)
[28.122s][info][gc,heap        ] GC(167) Old regions: 40->40
[28.122s][info][gc,heap        ] GC(167) Archive regions: 0->0
[28.122s][info][gc,heap        ] GC(167) Humongous regions: 0->0
[28.122s][info][gc,metaspace   ] GC(167) Metaspace: 73234K(74944K)->73234K(74944K) NonClass: 57966K(58944K)->57966K(58944K) Class: 15268K(16000K)->15268K(16000K)
[28.123s][info][gc             ] GC(167) Pause Young (Normal) (G1 Evacuation Pause) 384M->39M(582M) 3.822ms
[28.123s][info][gc,cpu         ] GC(167) User=0.00s Sys=0.00s Real=0.00s
[28.209s][info][gc,start       ] GC(168) Pause Young (Normal) (G1 Evacuation Pause)
[28.209s][info][gc,task        ] GC(168) Using 33 workers of 33 for evacuation
[28.212s][info][gc,phases      ] GC(168)   Pre Evacuate Collection Set: 0.2ms
[28.212s][info][gc,phases      ] GC(168)   Merge Heap Roots: 0.2ms
[28.212s][info][gc,phases      ] GC(168)   Evacuate Collection Set: 2.1ms
[28.212s][info][gc,phases      ] GC(168)   Post Evacuate Collection Set: 0.7ms
[28.212s][info][gc,phases      ] GC(168)   Other: 0.1ms
[28.212s][info][gc,heap        ] GC(168) Eden regions: 344->0(345)
[28.212s][info][gc,heap        ] GC(168) Survivor regions: 5->4(44)
[28.212s][info][gc,heap        ] GC(168) Old regions: 40->40
[28.212s][info][gc,heap        ] GC(168) Archive regions: 0->0
[28.212s][info][gc,heap        ] GC(168) Humongous regions: 0->0
[28.212s][info][gc,metaspace   ] GC(168) Metaspace: 73234K(74944K)->73234K(74944K) NonClass: 57966K(58944K)->57966K(58944K) Class: 15268K(16000K)->15268K(16000K)
[28.212s][info][gc             ] GC(168) Pause Young (Normal) (G1 Evacuation Pause) 383M->39M(582M) 3.533ms
[28.212s][info][gc,cpu         ] GC(168) User=0.00s Sys=0.00s Real=0.00s
[28.299s][info][gc,start       ] GC(169) Pause Young (Normal) (G1 Evacuation Pause)
[28.299s][info][gc,task        ] GC(169) Using 33 workers of 33 for evacuation
[28.302s][info][gc,phases      ] GC(169)   Pre Evacuate Collection Set: 0.2ms
[28.302s][info][gc,phases      ] GC(169)   Merge Heap Roots: 0.2ms
[28.302s][info][gc,phases      ] GC(169)   Evacuate Collection Set: 1.4ms
[28.302s][info][gc,phases      ] GC(169)   Post Evacuate Collection Set: 0.7ms
[28.302s][info][gc,phases      ] GC(169)   Other: 0.1ms
[28.302s][info][gc,heap        ] GC(169) Eden regions: 345->0(345)
[28.302s][info][gc,heap        ] GC(169) Survivor regions: 4->4(44)
[28.302s][info][gc,heap        ] GC(169) Old regions: 40->40
[28.302s][info][gc,heap        ] GC(169) Archive regions: 0->0
[28.302s][info][gc,heap        ] GC(169) Humongous regions: 0->0
[28.302s][info][gc,metaspace   ] GC(169) Metaspace: 73234K(74944K)->73234K(74944K) NonClass: 57966K(58944K)->57966K(58944K) Class: 15268K(16000K)->15268K(16000K)
[28.302s][info][gc             ] GC(169) Pause Young (Normal) (G1 Evacuation Pause) 384M->39M(582M) 2.821ms
[28.302s][info][gc,cpu         ] GC(169) User=0.00s Sys=0.00s Real=0.00s
[28.389s][info][gc,start       ] GC(170) Pause Young (Normal) (G1 Evacuation Pause)
[28.389s][info][gc,task        ] GC(170) Using 33 workers of 33 for evacuation
[28.391s][info][gc,phases      ] GC(170)   Pre Evacuate Collection Set: 0.2ms
[28.391s][info][gc,phases      ] GC(170)   Merge Heap Roots: 0.2ms
[28.391s][info][gc,phases      ] GC(170)   Evacuate Collection Set: 1.1ms
[28.391s][info][gc,phases      ] GC(170)   Post Evacuate Collection Set: 0.7ms
[28.391s][info][gc,phases      ] GC(170)   Other: 0.1ms
[28.391s][info][gc,heap        ] GC(170) Eden regions: 345->0(345)
[28.391s][info][gc,heap        ] GC(170) Survivor regions: 4->4(44)
[28.391s][info][gc,heap        ] GC(170) Old regions: 40->40
[28.391s][info][gc,heap        ] GC(170) Archive regions: 0->0
[28.391s][info][gc,heap        ] GC(170) Humongous regions: 0->0
[28.391s][info][gc,metaspace   ] GC(170) Metaspace: 73234K(74944K)->73234K(74944K) NonClass: 57966K(58944K)->57966K(58944K) Class: 15268K(16000K)->15268K(16000K)
[28.391s][info][gc             ] GC(170) Pause Young (Normal) (G1 Evacuation Pause) 384M->39M(582M) 2.545ms
[28.391s][info][gc,cpu         ] GC(170) User=0.00s Sys=0.00s Real=0.00s
[28.478s][info][gc,start       ] GC(171) Pause Young (Normal) (G1 Evacuation Pause)
[28.478s][info][gc,task        ] GC(171) Using 33 workers of 33 for evacuation
[28.480s][info][gc,phases      ] GC(171)   Pre Evacuate Collection Set: 0.2ms
[28.480s][info][gc,phases      ] GC(171)   Merge Heap Roots: 0.2ms
[28.480s][info][gc,phases      ] GC(171)   Evacuate Collection Set: 1.2ms
[28.480s][info][gc,phases      ] GC(171)   Post Evacuate Collection Set: 0.7ms
[28.480s][info][gc,phases      ] GC(171)   Other: 0.1ms
[28.480s][info][gc,heap        ] GC(171) Eden regions: 345->0(345)
[28.480s][info][gc,heap        ] GC(171) Survivor regions: 4->4(44)
[28.480s][info][gc,heap        ] GC(171) Old regions: 40->40
[28.480s][info][gc,heap        ] GC(171) Archive regions: 0->0
[28.480s][info][gc,heap        ] GC(171) Humongous regions: 0->0
[28.480s][info][gc,metaspace   ] GC(171) Metaspace: 73234K(74944K)->73234K(74944K) NonClass: 57966K(58944K)->57966K(58944K) Class: 15268K(16000K)->15268K(16000K)
[28.480s][info][gc             ] GC(171) Pause Young (Normal) (G1 Evacuation Pause) 384M->39M(582M) 2.587ms
[28.480s][info][gc,cpu         ] GC(171) User=0.00s Sys=0.00s Real=0.00s
[28.570s][info][gc,start       ] GC(172) Pause Young (Normal) (G1 Evacuation Pause)
[28.570s][info][gc,task        ] GC(172) Using 33 workers of 33 for evacuation
[28.572s][info][gc,phases      ] GC(172)   Pre Evacuate Collection Set: 0.2ms
[28.572s][info][gc,phases      ] GC(172)   Merge Heap Roots: 0.2ms
[28.572s][info][gc,phases      ] GC(172)   Evacuate Collection Set: 1.2ms
[28.572s][info][gc,phases      ] GC(172)   Post Evacuate Collection Set: 0.7ms
[28.572s][info][gc,phases      ] GC(172)   Other: 0.1ms
[28.572s][info][gc,heap        ] GC(172) Eden regions: 345->0(345)
[28.572s][info][gc,heap        ] GC(172) Survivor regions: 4->4(44)
[28.572s][info][gc,heap        ] GC(172) Old regions: 40->40
[28.572s][info][gc,heap        ] GC(172) Archive regions: 0->0
[28.572s][info][gc,heap        ] GC(172) Humongous regions: 0->0
[28.572s][info][gc,metaspace   ] GC(172) Metaspace: 73245K(74944K)->73245K(74944K) NonClass: 57977K(58944K)->57977K(58944K) Class: 15268K(16000K)->15268K(16000K)
[28.572s][info][gc             ] GC(172) Pause Young (Normal) (G1 Evacuation Pause) 384M->39M(582M) 2.595ms
[28.572s][info][gc,cpu         ] GC(172) User=0.00s Sys=0.00s Real=0.00s
[28.658s][info][gc,start       ] GC(173) Pause Young (Normal) (G1 Evacuation Pause)
[28.658s][info][gc,task        ] GC(173) Using 33 workers of 33 for evacuation
[28.661s][info][gc,phases      ] GC(173)   Pre Evacuate Collection Set: 0.2ms
[28.661s][info][gc,phases      ] GC(173)   Merge Heap Roots: 0.2ms
[28.661s][info][gc,phases      ] GC(173)   Evacuate Collection Set: 1.1ms
[28.661s][info][gc,phases      ] GC(173)   Post Evacuate Collection Set: 0.6ms
[28.661s][info][gc,phases      ] GC(173)   Other: 0.1ms
[28.661s][info][gc,heap        ] GC(173) Eden regions: 345->0(345)
[28.661s][info][gc,heap        ] GC(173) Survivor regions: 4->4(44)
[28.661s][info][gc,heap        ] GC(173) Old regions: 40->40
[28.661s][info][gc,heap        ] GC(173) Archive regions: 0->0
[28.661s][info][gc,heap        ] GC(173) Humongous regions: 0->0
[28.661s][info][gc,metaspace   ] GC(173) Metaspace: 73245K(74944K)->73245K(74944K) NonClass: 57977K(58944K)->57977K(58944K) Class: 15268K(16000K)->15268K(16000K)
[28.661s][info][gc             ] GC(173) Pause Young (Normal) (G1 Evacuation Pause) 384M->39M(582M) 2.471ms
[28.661s][info][gc,cpu         ] GC(173) User=0.00s Sys=0.00s Real=0.00s
[28.748s][info][gc,start       ] GC(174) Pause Young (Normal) (G1 Evacuation Pause)
[28.748s][info][gc,task        ] GC(174) Using 33 workers of 33 for evacuation
[28.750s][info][gc,phases      ] GC(174)   Pre Evacuate Collection Set: 0.2ms
[28.750s][info][gc,phases      ] GC(174)   Merge Heap Roots: 0.2ms
[28.750s][info][gc,phases      ] GC(174)   Evacuate Collection Set: 1.1ms
[28.750s][info][gc,phases      ] GC(174)   Post Evacuate Collection Set: 0.7ms
[28.750s][info][gc,phases      ] GC(174)   Other: 0.1ms
[28.750s][info][gc,heap        ] GC(174) Eden regions: 345->0(345)
[28.750s][info][gc,heap        ] GC(174) Survivor regions: 4->4(44)
[28.750s][info][gc,heap        ] GC(174) Old regions: 40->40
[28.750s][info][gc,heap        ] GC(174) Archive regions: 0->0
[28.750s][info][gc,heap        ] GC(174) Humongous regions: 0->0
[28.750s][info][gc,metaspace   ] GC(174) Metaspace: 73245K(74944K)->73245K(74944K) NonClass: 57977K(58944K)->57977K(58944K) Class: 15268K(16000K)->15268K(16000K)
[28.750s][info][gc             ] GC(174) Pause Young (Normal) (G1 Evacuation Pause) 384M->39M(582M) 2.576ms
[28.750s][info][gc,cpu         ] GC(174) User=0.00s Sys=0.00s Real=0.00s
[28.837s][info][gc,start       ] GC(175) Pause Young (Normal) (G1 Evacuation Pause)
[28.837s][info][gc,task        ] GC(175) Using 33 workers of 33 for evacuation
[28.839s][info][gc,phases      ] GC(175)   Pre Evacuate Collection Set: 0.2ms
[28.839s][info][gc,phases      ] GC(175)   Merge Heap Roots: 0.2ms
[28.839s][info][gc,phases      ] GC(175)   Evacuate Collection Set: 1.1ms
[28.839s][info][gc,phases      ] GC(175)   Post Evacuate Collection Set: 0.7ms
[28.839s][info][gc,phases      ] GC(175)   Other: 0.1ms
[28.839s][info][gc,heap        ] GC(175) Eden regions: 345->0(345)
[28.839s][info][gc,heap        ] GC(175) Survivor regions: 4->4(44)
[28.839s][info][gc,heap        ] GC(175) Old regions: 40->40
[28.839s][info][gc,heap        ] GC(175) Archive regions: 0->0
[28.839s][info][gc,heap        ] GC(175) Humongous regions: 0->0
[28.839s][info][gc,metaspace   ] GC(175) Metaspace: 73245K(74944K)->73245K(74944K) NonClass: 57977K(58944K)->57977K(58944K) Class: 15268K(16000K)->15268K(16000K)
[28.839s][info][gc             ] GC(175) Pause Young (Normal) (G1 Evacuation Pause) 384M->39M(582M) 2.554ms
[28.839s][info][gc,cpu         ] GC(175) User=0.00s Sys=0.00s Real=0.00s
[28.927s][info][gc,start       ] GC(176) Pause Young (Normal) (G1 Evacuation Pause)
[28.927s][info][gc,task        ] GC(176) Using 33 workers of 33 for evacuation
[28.929s][info][gc,phases      ] GC(176)   Pre Evacuate Collection Set: 0.2ms
[28.929s][info][gc,phases      ] GC(176)   Merge Heap Roots: 0.2ms
[28.929s][info][gc,phases      ] GC(176)   Evacuate Collection Set: 1.1ms
[28.929s][info][gc,phases      ] GC(176)   Post Evacuate Collection Set: 0.6ms
[28.929s][info][gc,phases      ] GC(176)   Other: 0.1ms
[28.929s][info][gc,heap        ] GC(176) Eden regions: 345->0(345)
[28.929s][info][gc,heap        ] GC(176) Survivor regions: 4->4(44)
[28.929s][info][gc,heap        ] GC(176) Old regions: 40->40
[28.929s][info][gc,heap        ] GC(176) Archive regions: 0->0
[28.929s][info][gc,heap        ] GC(176) Humongous regions: 0->0
[28.929s][info][gc,metaspace   ] GC(176) Metaspace: 73245K(74944K)->73245K(74944K) NonClass: 57977K(58944K)->57977K(58944K) Class: 15268K(16000K)->15268K(16000K)
[28.929s][info][gc             ] GC(176) Pause Young (Normal) (G1 Evacuation Pause) 384M->39M(582M) 2.498ms
[28.929s][info][gc,cpu         ] GC(176) User=0.00s Sys=0.00s Real=0.00s
[29.016s][info][gc,start       ] GC(177) Pause Young (Normal) (G1 Evacuation Pause)
[29.016s][info][gc,task        ] GC(177) Using 33 workers of 33 for evacuation
[29.018s][info][gc,phases      ] GC(177)   Pre Evacuate Collection Set: 0.2ms
[29.018s][info][gc,phases      ] GC(177)   Merge Heap Roots: 0.2ms
[29.018s][info][gc,phases      ] GC(177)   Evacuate Collection Set: 1.2ms
[29.018s][info][gc,phases      ] GC(177)   Post Evacuate Collection Set: 0.5ms
[29.018s][info][gc,phases      ] GC(177)   Other: 0.1ms
[29.018s][info][gc,heap        ] GC(177) Eden regions: 345->0(347)
[29.018s][info][gc,heap        ] GC(177) Survivor regions: 4->2(44)
[29.018s][info][gc,heap        ] GC(177) Old regions: 40->42
[29.018s][info][gc,heap        ] GC(177) Archive regions: 0->0
[29.018s][info][gc,heap        ] GC(177) Humongous regions: 0->0
[29.018s][info][gc,metaspace   ] GC(177) Metaspace: 73245K(74944K)->73245K(74944K) NonClass: 57977K(58944K)->57977K(58944K) Class: 15268K(16000K)->15268K(16000K)
[29.018s][info][gc             ] GC(177) Pause Young (Normal) (G1 Evacuation Pause) 384M->39M(582M) 2.361ms
[29.018s][info][gc,cpu         ] GC(177) User=0.00s Sys=0.00s Real=0.00s
[29.107s][info][gc,start       ] GC(178) Pause Young (Normal) (G1 Evacuation Pause)
[29.108s][info][gc,task        ] GC(178) Using 33 workers of 33 for evacuation
[29.109s][info][gc,phases      ] GC(178)   Pre Evacuate Collection Set: 0.2ms
[29.109s][info][gc,phases      ] GC(178)   Merge Heap Roots: 0.2ms
[29.109s][info][gc,phases      ] GC(178)   Evacuate Collection Set: 0.8ms
[29.109s][info][gc,phases      ] GC(178)   Post Evacuate Collection Set: 0.5ms
[29.109s][info][gc,phases      ] GC(178)   Other: 0.1ms
[29.109s][info][gc,heap        ] GC(178) Eden regions: 347->0(347)
[29.109s][info][gc,heap        ] GC(178) Survivor regions: 2->2(44)
[29.109s][info][gc,heap        ] GC(178) Old regions: 42->42
[29.109s][info][gc,heap        ] GC(178) Archive regions: 0->0
[29.109s][info][gc,heap        ] GC(178) Humongous regions: 0->0
[29.109s][info][gc,metaspace   ] GC(178) Metaspace: 73245K(74944K)->73245K(74944K) NonClass: 57977K(58944K)->57977K(58944K) Class: 15268K(16000K)->15268K(16000K)
[29.110s][info][gc             ] GC(178) Pause Young (Normal) (G1 Evacuation Pause) 386M->39M(582M) 2.047ms
[29.110s][info][gc,cpu         ] GC(178) User=0.00s Sys=0.00s Real=0.00s
[29.197s][info][gc,start       ] GC(179) Pause Young (Normal) (G1 Evacuation Pause)
[29.197s][info][gc,task        ] GC(179) Using 33 workers of 33 for evacuation
[29.199s][info][gc,phases      ] GC(179)   Pre Evacuate Collection Set: 0.2ms
[29.199s][info][gc,phases      ] GC(179)   Merge Heap Roots: 0.2ms
[29.199s][info][gc,phases      ] GC(179)   Evacuate Collection Set: 0.8ms
[29.199s][info][gc,phases      ] GC(179)   Post Evacuate Collection Set: 0.5ms
[29.199s][info][gc,phases      ] GC(179)   Other: 0.1ms
[29.199s][info][gc,heap        ] GC(179) Eden regions: 347->0(347)
[29.199s][info][gc,heap        ] GC(179) Survivor regions: 2->2(44)
[29.199s][info][gc,heap        ] GC(179) Old regions: 42->42
[29.199s][info][gc,heap        ] GC(179) Archive regions: 0->0
[29.199s][info][gc,heap        ] GC(179) Humongous regions: 0->0
[29.199s][info][gc,metaspace   ] GC(179) Metaspace: 73245K(74944K)->73245K(74944K) NonClass: 57977K(58944K)->57977K(58944K) Class: 15268K(16000K)->15268K(16000K)
[29.199s][info][gc             ] GC(179) Pause Young (Normal) (G1 Evacuation Pause) 386M->39M(582M) 1.979ms
[29.199s][info][gc,cpu         ] GC(179) User=0.00s Sys=0.00s Real=0.00s
[29.286s][info][gc,start       ] GC(180) Pause Young (Normal) (G1 Evacuation Pause)
[29.286s][info][gc,task        ] GC(180) Using 33 workers of 33 for evacuation
[29.288s][info][gc,phases      ] GC(180)   Pre Evacuate Collection Set: 0.2ms
[29.288s][info][gc,phases      ] GC(180)   Merge Heap Roots: 0.2ms
[29.288s][info][gc,phases      ] GC(180)   Evacuate Collection Set: 0.8ms
[29.288s][info][gc,phases      ] GC(180)   Post Evacuate Collection Set: 0.5ms
[29.288s][info][gc,phases      ] GC(180)   Other: 0.1ms
[29.288s][info][gc,heap        ] GC(180) Eden regions: 347->0(347)
[29.288s][info][gc,heap        ] GC(180) Survivor regions: 2->2(44)
[29.288s][info][gc,heap        ] GC(180) Old regions: 42->42
[29.288s][info][gc,heap        ] GC(180) Archive regions: 0->0
[29.288s][info][gc,heap        ] GC(180) Humongous regions: 0->0
[29.288s][info][gc,metaspace   ] GC(180) Metaspace: 73245K(74944K)->73245K(74944K) NonClass: 57977K(58944K)->57977K(58944K) Class: 15268K(16000K)->15268K(16000K)
[29.288s][info][gc             ] GC(180) Pause Young (Normal) (G1 Evacuation Pause) 386M->39M(582M) 1.996ms
[29.288s][info][gc,cpu         ] GC(180) User=0.00s Sys=0.00s Real=0.00s
[29.376s][info][gc,start       ] GC(181) Pause Young (Normal) (G1 Evacuation Pause)
[29.376s][info][gc,task        ] GC(181) Using 33 workers of 33 for evacuation
[29.378s][info][gc,phases      ] GC(181)   Pre Evacuate Collection Set: 0.2ms
[29.378s][info][gc,phases      ] GC(181)   Merge Heap Roots: 0.2ms
[29.378s][info][gc,phases      ] GC(181)   Evacuate Collection Set: 0.8ms
[29.378s][info][gc,phases      ] GC(181)   Post Evacuate Collection Set: 0.5ms
[29.378s][info][gc,phases      ] GC(181)   Other: 0.1ms
[29.378s][info][gc,heap        ] GC(181) Eden regions: 347->0(347)
[29.378s][info][gc,heap        ] GC(181) Survivor regions: 2->2(44)
[29.378s][info][gc,heap        ] GC(181) Old regions: 42->42
[29.378s][info][gc,heap        ] GC(181) Archive regions: 0->0
[29.378s][info][gc,heap        ] GC(181) Humongous regions: 0->0
[29.378s][info][gc,metaspace   ] GC(181) Metaspace: 73245K(74944K)->73245K(74944K) NonClass: 57977K(58944K)->57977K(58944K) Class: 15268K(16000K)->15268K(16000K)
[29.378s][info][gc             ] GC(181) Pause Young (Normal) (G1 Evacuation Pause) 386M->39M(582M) 2.016ms
[29.378s][info][gc,cpu         ] GC(181) User=0.00s Sys=0.00s Real=0.00s
[29.465s][info][gc,start       ] GC(182) Pause Young (Normal) (G1 Evacuation Pause)
[29.465s][info][gc,task        ] GC(182) Using 33 workers of 33 for evacuation
[29.467s][info][gc,phases      ] GC(182)   Pre Evacuate Collection Set: 0.2ms
[29.467s][info][gc,phases      ] GC(182)   Merge Heap Roots: 0.2ms
[29.467s][info][gc,phases      ] GC(182)   Evacuate Collection Set: 0.8ms
[29.467s][info][gc,phases      ] GC(182)   Post Evacuate Collection Set: 0.5ms
[29.467s][info][gc,phases      ] GC(182)   Other: 0.1ms
[29.467s][info][gc,heap        ] GC(182) Eden regions: 347->0(347)
[29.467s][info][gc,heap        ] GC(182) Survivor regions: 2->2(44)
[29.467s][info][gc,heap        ] GC(182) Old regions: 42->42
[29.467s][info][gc,heap        ] GC(182) Archive regions: 0->0
[29.467s][info][gc,heap        ] GC(182) Humongous regions: 0->0
[29.467s][info][gc,metaspace   ] GC(182) Metaspace: 73245K(74944K)->73245K(74944K) NonClass: 57977K(58944K)->57977K(58944K) Class: 15268K(16000K)->15268K(16000K)
[29.467s][info][gc             ] GC(182) Pause Young (Normal) (G1 Evacuation Pause) 386M->39M(582M) 1.993ms
[29.467s][info][gc,cpu         ] GC(182) User=0.00s Sys=0.00s Real=0.00s
[29.554s][info][gc,start       ] GC(183) Pause Young (Normal) (G1 Evacuation Pause)
[29.555s][info][gc,task        ] GC(183) Using 33 workers of 33 for evacuation
[29.556s][info][gc,phases      ] GC(183)   Pre Evacuate Collection Set: 0.2ms
[29.556s][info][gc,phases      ] GC(183)   Merge Heap Roots: 0.2ms
[29.556s][info][gc,phases      ] GC(183)   Evacuate Collection Set: 0.9ms
[29.556s][info][gc,phases      ] GC(183)   Post Evacuate Collection Set: 0.5ms
[29.556s][info][gc,phases      ] GC(183)   Other: 0.1ms
[29.556s][info][gc,heap        ] GC(183) Eden regions: 347->0(347)
[29.556s][info][gc,heap        ] GC(183) Survivor regions: 2->2(44)
[29.556s][info][gc,heap        ] GC(183) Old regions: 42->42
[29.556s][info][gc,heap        ] GC(183) Archive regions: 0->0
[29.556s][info][gc,heap        ] GC(183) Humongous regions: 0->0
[29.556s][info][gc,metaspace   ] GC(183) Metaspace: 73245K(74944K)->73245K(74944K) NonClass: 57977K(58944K)->57977K(58944K) Class: 15268K(16000K)->15268K(16000K)
[29.557s][info][gc             ] GC(183) Pause Young (Normal) (G1 Evacuation Pause) 386M->39M(582M) 2.060ms
[29.557s][info][gc,cpu         ] GC(183) User=0.00s Sys=0.00s Real=0.00s
[29.644s][info][gc,start       ] GC(184) Pause Young (Normal) (G1 Evacuation Pause)
[29.644s][info][gc,task        ] GC(184) Using 33 workers of 33 for evacuation
[29.646s][info][gc,phases      ] GC(184)   Pre Evacuate Collection Set: 0.2ms
[29.646s][info][gc,phases      ] GC(184)   Merge Heap Roots: 0.2ms
[29.646s][info][gc,phases      ] GC(184)   Evacuate Collection Set: 0.8ms
[29.646s][info][gc,phases      ] GC(184)   Post Evacuate Collection Set: 0.5ms
[29.646s][info][gc,phases      ] GC(184)   Other: 0.1ms
[29.646s][info][gc,heap        ] GC(184) Eden regions: 347->0(347)
[29.646s][info][gc,heap        ] GC(184) Survivor regions: 2->2(44)
[29.646s][info][gc,heap        ] GC(184) Old regions: 42->42
[29.646s][info][gc,heap        ] GC(184) Archive regions: 0->0
[29.646s][info][gc,heap        ] GC(184) Humongous regions: 0->0
[29.646s][info][gc,metaspace   ] GC(184) Metaspace: 73245K(74944K)->73245K(74944K) NonClass: 57977K(58944K)->57977K(58944K) Class: 15268K(16000K)->15268K(16000K)
[29.646s][info][gc             ] GC(184) Pause Young (Normal) (G1 Evacuation Pause) 386M->39M(582M) 2.000ms
[29.646s][info][gc,cpu         ] GC(184) User=0.00s Sys=0.00s Real=0.00s
[29.733s][info][gc,start       ] GC(185) Pause Young (Normal) (G1 Evacuation Pause)
[29.733s][info][gc,task        ] GC(185) Using 33 workers of 33 for evacuation
[29.735s][info][gc,phases      ] GC(185)   Pre Evacuate Collection Set: 0.2ms
[29.735s][info][gc,phases      ] GC(185)   Merge Heap Roots: 0.2ms
[29.735s][info][gc,phases      ] GC(185)   Evacuate Collection Set: 0.8ms
[29.735s][info][gc,phases      ] GC(185)   Post Evacuate Collection Set: 0.5ms
[29.735s][info][gc,phases      ] GC(185)   Other: 0.1ms
[29.735s][info][gc,heap        ] GC(185) Eden regions: 347->0(347)
[29.735s][info][gc,heap        ] GC(185) Survivor regions: 2->2(44)
[29.735s][info][gc,heap        ] GC(185) Old regions: 42->42
[29.735s][info][gc,heap        ] GC(185) Archive regions: 0->0
[29.735s][info][gc,heap        ] GC(185) Humongous regions: 0->0
[29.735s][info][gc,metaspace   ] GC(185) Metaspace: 73245K(74944K)->73245K(74944K) NonClass: 57977K(58944K)->57977K(58944K) Class: 15268K(16000K)->15268K(16000K)
[29.735s][info][gc             ] GC(185) Pause Young (Normal) (G1 Evacuation Pause) 386M->39M(582M) 2.039ms
[29.735s][info][gc,cpu         ] GC(185) User=0.00s Sys=0.00s Real=0.00s
[29.823s][info][gc,start       ] GC(186) Pause Young (Normal) (G1 Evacuation Pause)
[29.823s][info][gc,task        ] GC(186) Using 33 workers of 33 for evacuation
[29.825s][info][gc,phases      ] GC(186)   Pre Evacuate Collection Set: 0.2ms
[29.825s][info][gc,phases      ] GC(186)   Merge Heap Roots: 0.2ms
[29.825s][info][gc,phases      ] GC(186)   Evacuate Collection Set: 0.8ms
[29.825s][info][gc,phases      ] GC(186)   Post Evacuate Collection Set: 0.5ms
[29.825s][info][gc,phases      ] GC(186)   Other: 0.1ms
[29.825s][info][gc,heap        ] GC(186) Eden regions: 347->0(347)
[29.825s][info][gc,heap        ] GC(186) Survivor regions: 2->2(44)
[29.825s][info][gc,heap        ] GC(186) Old regions: 42->42
[29.825s][info][gc,heap        ] GC(186) Archive regions: 0->0
[29.825s][info][gc,heap        ] GC(186) Humongous regions: 0->0
[29.825s][info][gc,metaspace   ] GC(186) Metaspace: 73245K(74944K)->73245K(74944K) NonClass: 57977K(58944K)->57977K(58944K) Class: 15268K(16000K)->15268K(16000K)
[29.825s][info][gc             ] GC(186) Pause Young (Normal) (G1 Evacuation Pause) 386M->39M(582M) 2.033ms
[29.825s][info][gc,cpu         ] GC(186) User=0.00s Sys=0.00s Real=0.00s
[29.912s][info][gc,start       ] GC(187) Pause Young (Normal) (G1 Evacuation Pause)
[29.912s][info][gc,task        ] GC(187) Using 33 workers of 33 for evacuation
[29.914s][info][gc,phases      ] GC(187)   Pre Evacuate Collection Set: 0.2ms
[29.914s][info][gc,phases      ] GC(187)   Merge Heap Roots: 0.2ms
[29.914s][info][gc,phases      ] GC(187)   Evacuate Collection Set: 0.8ms
[29.914s][info][gc,phases      ] GC(187)   Post Evacuate Collection Set: 0.5ms
[29.914s][info][gc,phases      ] GC(187)   Other: 0.1ms
[29.914s][info][gc,heap        ] GC(187) Eden regions: 347->0(347)
[29.914s][info][gc,heap        ] GC(187) Survivor regions: 2->2(44)
[29.914s][info][gc,heap        ] GC(187) Old regions: 42->42
[29.914s][info][gc,heap        ] GC(187) Archive regions: 0->0
[29.914s][info][gc,heap        ] GC(187) Humongous regions: 0->0
[29.914s][info][gc,metaspace   ] GC(187) Metaspace: 73245K(74944K)->73245K(74944K) NonClass: 57977K(58944K)->57977K(58944K) Class: 15268K(16000K)->15268K(16000K)
[29.914s][info][gc             ] GC(187) Pause Young (Normal) (G1 Evacuation Pause) 386M->39M(582M) 2.031ms
[29.914s][info][gc,cpu         ] GC(187) User=0.00s Sys=0.00s Real=0.00s
[30.002s][info][gc,start       ] GC(188) Pause Young (Normal) (G1 Evacuation Pause)
[30.002s][info][gc,task        ] GC(188) Using 33 workers of 33 for evacuation
[30.003s][info][gc,phases      ] GC(188)   Pre Evacuate Collection Set: 0.2ms
[30.003s][info][gc,phases      ] GC(188)   Merge Heap Roots: 0.2ms
[30.003s][info][gc,phases      ] GC(188)   Evacuate Collection Set: 0.8ms
[30.004s][info][gc,phases      ] GC(188)   Post Evacuate Collection Set: 0.5ms
[30.004s][info][gc,phases      ] GC(188)   Other: 0.1ms
[30.004s][info][gc,heap        ] GC(188) Eden regions: 347->0(347)
[30.004s][info][gc,heap        ] GC(188) Survivor regions: 2->2(44)
[30.004s][info][gc,heap        ] GC(188) Old regions: 42->42
[30.004s][info][gc,heap        ] GC(188) Archive regions: 0->0
[30.004s][info][gc,heap        ] GC(188) Humongous regions: 0->0
[30.004s][info][gc,metaspace   ] GC(188) Metaspace: 73245K(74944K)->73245K(74944K) NonClass: 57977K(58944K)->57977K(58944K) Class: 15268K(16000K)->15268K(16000K)
[30.004s][info][gc             ] GC(188) Pause Young (Normal) (G1 Evacuation Pause) 386M->39M(582M) 1.983ms
[30.004s][info][gc,cpu         ] GC(188) User=0.00s Sys=0.00s Real=0.00s
[30.091s][info][gc,start       ] GC(189) Pause Young (Normal) (G1 Evacuation Pause)
[30.091s][info][gc,task        ] GC(189) Using 33 workers of 33 for evacuation
[30.093s][info][gc,phases      ] GC(189)   Pre Evacuate Collection Set: 0.2ms
[30.093s][info][gc,phases      ] GC(189)   Merge Heap Roots: 0.2ms
[30.093s][info][gc,phases      ] GC(189)   Evacuate Collection Set: 0.8ms
[30.093s][info][gc,phases      ] GC(189)   Post Evacuate Collection Set: 0.5ms
[30.093s][info][gc,phases      ] GC(189)   Other: 0.1ms
[30.093s][info][gc,heap        ] GC(189) Eden regions: 347->0(347)
[30.093s][info][gc,heap        ] GC(189) Survivor regions: 2->2(44)
[30.093s][info][gc,heap        ] GC(189) Old regions: 42->42
[30.093s][info][gc,heap        ] GC(189) Archive regions: 0->0
[30.093s][info][gc,heap        ] GC(189) Humongous regions: 0->0
[30.093s][info][gc,metaspace   ] GC(189) Metaspace: 73245K(74944K)->73245K(74944K) NonClass: 57977K(58944K)->57977K(58944K) Class: 15268K(16000K)->15268K(16000K)
[30.093s][info][gc             ] GC(189) Pause Young (Normal) (G1 Evacuation Pause) 386M->39M(582M) 2.068ms
[30.093s][info][gc,cpu         ] GC(189) User=0.00s Sys=0.00s Real=0.00s
[30.181s][info][gc,start       ] GC(190) Pause Young (Normal) (G1 Evacuation Pause)
[30.181s][info][gc,task        ] GC(190) Using 33 workers of 33 for evacuation
[30.183s][info][gc,phases      ] GC(190)   Pre Evacuate Collection Set: 0.2ms
[30.183s][info][gc,phases      ] GC(190)   Merge Heap Roots: 0.2ms
[30.183s][info][gc,phases      ] GC(190)   Evacuate Collection Set: 0.9ms
[30.183s][info][gc,phases      ] GC(190)   Post Evacuate Collection Set: 0.5ms
[30.183s][info][gc,phases      ] GC(190)   Other: 0.1ms
[30.183s][info][gc,heap        ] GC(190) Eden regions: 347->0(347)
[30.183s][info][gc,heap        ] GC(190) Survivor regions: 2->2(44)
[30.183s][info][gc,heap        ] GC(190) Old regions: 42->42
[30.183s][info][gc,heap        ] GC(190) Archive regions: 0->0
[30.183s][info][gc,heap        ] GC(190) Humongous regions: 0->0
[30.183s][info][gc,metaspace   ] GC(190) Metaspace: 73245K(74944K)->73245K(74944K) NonClass: 57977K(58944K)->57977K(58944K) Class: 15268K(16000K)->15268K(16000K)
[30.183s][info][gc             ] GC(190) Pause Young (Normal) (G1 Evacuation Pause) 386M->39M(582M) 2.051ms
[30.183s][info][gc,cpu         ] GC(190) User=0.00s Sys=0.00s Real=0.00s
[30.270s][info][gc,start       ] GC(191) Pause Young (Normal) (G1 Evacuation Pause)
[30.270s][info][gc,task        ] GC(191) Using 33 workers of 33 for evacuation
[30.272s][info][gc,phases      ] GC(191)   Pre Evacuate Collection Set: 0.2ms
[30.272s][info][gc,phases      ] GC(191)   Merge Heap Roots: 0.2ms
[30.272s][info][gc,phases      ] GC(191)   Evacuate Collection Set: 0.8ms
[30.272s][info][gc,phases      ] GC(191)   Post Evacuate Collection Set: 0.5ms
[30.272s][info][gc,phases      ] GC(191)   Other: 0.1ms
[30.272s][info][gc,heap        ] GC(191) Eden regions: 347->0(347)
[30.272s][info][gc,heap        ] GC(191) Survivor regions: 2->2(44)
[30.272s][info][gc,heap        ] GC(191) Old regions: 42->42
[30.272s][info][gc,heap        ] GC(191) Archive regions: 0->0
[30.272s][info][gc,heap        ] GC(191) Humongous regions: 0->0
[30.272s][info][gc,metaspace   ] GC(191) Metaspace: 73245K(74944K)->73245K(74944K) NonClass: 57977K(58944K)->57977K(58944K) Class: 15268K(16000K)->15268K(16000K)
[30.272s][info][gc             ] GC(191) Pause Young (Normal) (G1 Evacuation Pause) 386M->39M(582M) 2.044ms
[30.272s][info][gc,cpu         ] GC(191) User=0.00s Sys=0.00s Real=0.00s
[30.360s][info][gc,start       ] GC(192) Pause Young (Normal) (G1 Evacuation Pause)
[30.360s][info][gc,task        ] GC(192) Using 33 workers of 33 for evacuation
[30.361s][info][gc,phases      ] GC(192)   Pre Evacuate Collection Set: 0.2ms
[30.361s][info][gc,phases      ] GC(192)   Merge Heap Roots: 0.2ms
[30.361s][info][gc,phases      ] GC(192)   Evacuate Collection Set: 0.8ms
[30.361s][info][gc,phases      ] GC(192)   Post Evacuate Collection Set: 0.5ms
[30.361s][info][gc,phases      ] GC(192)   Other: 0.1ms
[30.361s][info][gc,heap        ] GC(192) Eden regions: 347->0(347)
[30.361s][info][gc,heap        ] GC(192) Survivor regions: 2->2(44)
[30.361s][info][gc,heap        ] GC(192) Old regions: 42->42
[30.361s][info][gc,heap        ] GC(192) Archive regions: 0->0
[30.361s][info][gc,heap        ] GC(192) Humongous regions: 0->0
[30.361s][info][gc,metaspace   ] GC(192) Metaspace: 73245K(74944K)->73245K(74944K) NonClass: 57977K(58944K)->57977K(58944K) Class: 15268K(16000K)->15268K(16000K)
[30.361s][info][gc             ] GC(192) Pause Young (Normal) (G1 Evacuation Pause) 386M->39M(582M) 1.967ms
[30.362s][info][gc,cpu         ] GC(192) User=0.00s Sys=0.00s Real=0.00s
[30.449s][info][gc,start       ] GC(193) Pause Young (Normal) (G1 Evacuation Pause)
[30.449s][info][gc,task        ] GC(193) Using 33 workers of 33 for evacuation
[30.451s][info][gc,phases      ] GC(193)   Pre Evacuate Collection Set: 0.2ms
[30.451s][info][gc,phases      ] GC(193)   Merge Heap Roots: 0.2ms
[30.451s][info][gc,phases      ] GC(193)   Evacuate Collection Set: 0.8ms
[30.451s][info][gc,phases      ] GC(193)   Post Evacuate Collection Set: 0.5ms
[30.451s][info][gc,phases      ] GC(193)   Other: 0.1ms
[30.451s][info][gc,heap        ] GC(193) Eden regions: 347->0(347)
[30.451s][info][gc,heap        ] GC(193) Survivor regions: 2->2(44)
[30.451s][info][gc,heap        ] GC(193) Old regions: 42->42
[30.451s][info][gc,heap        ] GC(193) Archive regions: 0->0
[30.451s][info][gc,heap        ] GC(193) Humongous regions: 0->0
[30.451s][info][gc,metaspace   ] GC(193) Metaspace: 73245K(74944K)->73245K(74944K) NonClass: 57977K(58944K)->57977K(58944K) Class: 15268K(16000K)->15268K(16000K)
[30.451s][info][gc             ] GC(193) Pause Young (Normal) (G1 Evacuation Pause) 386M->39M(582M) 2.025ms
[30.451s][info][gc,cpu         ] GC(193) User=0.00s Sys=0.00s Real=0.00s
[30.540s][info][gc,start       ] GC(194) Pause Young (Normal) (G1 Evacuation Pause)
[30.540s][info][gc,task        ] GC(194) Using 33 workers of 33 for evacuation
[30.542s][info][gc,phases      ] GC(194)   Pre Evacuate Collection Set: 0.2ms
[30.542s][info][gc,phases      ] GC(194)   Merge Heap Roots: 0.2ms
[30.542s][info][gc,phases      ] GC(194)   Evacuate Collection Set: 0.8ms
[30.542s][info][gc,phases      ] GC(194)   Post Evacuate Collection Set: 0.5ms
[30.542s][info][gc,phases      ] GC(194)   Other: 0.1ms
[30.542s][info][gc,heap        ] GC(194) Eden regions: 347->0(347)
[30.542s][info][gc,heap        ] GC(194) Survivor regions: 2->2(44)
[30.542s][info][gc,heap        ] GC(194) Old regions: 42->42
[30.542s][info][gc,heap        ] GC(194) Archive regions: 0->0
[30.542s][info][gc,heap        ] GC(194) Humongous regions: 0->0
[30.542s][info][gc,metaspace   ] GC(194) Metaspace: 73245K(74944K)->73245K(74944K) NonClass: 57977K(58944K)->57977K(58944K) Class: 15268K(16000K)->15268K(16000K)
[30.542s][info][gc             ] GC(194) Pause Young (Normal) (G1 Evacuation Pause) 386M->39M(582M) 2.081ms
[30.542s][info][gc,cpu         ] GC(194) User=0.00s Sys=0.00s Real=0.00s
[30.630s][info][gc,start       ] GC(195) Pause Young (Normal) (G1 Evacuation Pause)
[30.630s][info][gc,task        ] GC(195) Using 33 workers of 33 for evacuation
[30.632s][info][gc,phases      ] GC(195)   Pre Evacuate Collection Set: 0.2ms
[30.632s][info][gc,phases      ] GC(195)   Merge Heap Roots: 0.2ms
[30.632s][info][gc,phases      ] GC(195)   Evacuate Collection Set: 0.8ms
[30.632s][info][gc,phases      ] GC(195)   Post Evacuate Collection Set: 0.5ms
[30.632s][info][gc,phases      ] GC(195)   Other: 0.1ms
[30.632s][info][gc,heap        ] GC(195) Eden regions: 347->0(347)
[30.632s][info][gc,heap        ] GC(195) Survivor regions: 2->2(44)
[30.632s][info][gc,heap        ] GC(195) Old regions: 42->42
[30.632s][info][gc,heap        ] GC(195) Archive regions: 0->0
[30.632s][info][gc,heap        ] GC(195) Humongous regions: 0->0
[30.632s][info][gc,metaspace   ] GC(195) Metaspace: 73245K(74944K)->73245K(74944K) NonClass: 57977K(58944K)->57977K(58944K) Class: 15268K(16000K)->15268K(16000K)
[30.632s][info][gc             ] GC(195) Pause Young (Normal) (G1 Evacuation Pause) 386M->39M(582M) 2.047ms
[30.632s][info][gc,cpu         ] GC(195) User=0.00s Sys=0.00s Real=0.00s
[30.719s][info][gc,start       ] GC(196) Pause Young (Normal) (G1 Evacuation Pause)
[30.719s][info][gc,task        ] GC(196) Using 33 workers of 33 for evacuation
[30.721s][info][gc,phases      ] GC(196)   Pre Evacuate Collection Set: 0.2ms
[30.721s][info][gc,phases      ] GC(196)   Merge Heap Roots: 0.2ms
[30.721s][info][gc,phases      ] GC(196)   Evacuate Collection Set: 0.8ms
[30.721s][info][gc,phases      ] GC(196)   Post Evacuate Collection Set: 0.5ms
[30.721s][info][gc,phases      ] GC(196)   Other: 0.1ms
[30.721s][info][gc,heap        ] GC(196) Eden regions: 347->0(347)
[30.721s][info][gc,heap        ] GC(196) Survivor regions: 2->2(44)
[30.721s][info][gc,heap        ] GC(196) Old regions: 42->42
[30.721s][info][gc,heap        ] GC(196) Archive regions: 0->0
[30.721s][info][gc,heap        ] GC(196) Humongous regions: 0->0
[30.721s][info][gc,metaspace   ] GC(196) Metaspace: 73245K(74944K)->73245K(74944K) NonClass: 57977K(58944K)->57977K(58944K) Class: 15268K(16000K)->15268K(16000K)
[30.721s][info][gc             ] GC(196) Pause Young (Normal) (G1 Evacuation Pause) 386M->39M(582M) 2.047ms
[30.721s][info][gc,cpu         ] GC(196) User=0.00s Sys=0.00s Real=0.00s
[30.809s][info][gc,start       ] GC(197) Pause Young (Normal) (G1 Evacuation Pause)
[30.809s][info][gc,task        ] GC(197) Using 33 workers of 33 for evacuation
[30.810s][info][gc,phases      ] GC(197)   Pre Evacuate Collection Set: 0.2ms
[30.810s][info][gc,phases      ] GC(197)   Merge Heap Roots: 0.2ms
[30.810s][info][gc,phases      ] GC(197)   Evacuate Collection Set: 0.8ms
[30.810s][info][gc,phases      ] GC(197)   Post Evacuate Collection Set: 0.5ms
[30.810s][info][gc,phases      ] GC(197)   Other: 0.1ms
[30.811s][info][gc,heap        ] GC(197) Eden regions: 347->0(347)
[30.811s][info][gc,heap        ] GC(197) Survivor regions: 2->2(44)
[30.811s][info][gc,heap        ] GC(197) Old regions: 42->42
[30.811s][info][gc,heap        ] GC(197) Archive regions: 0->0
[30.811s][info][gc,heap        ] GC(197) Humongous regions: 0->0
[30.811s][info][gc,metaspace   ] GC(197) Metaspace: 73245K(74944K)->73245K(74944K) NonClass: 57977K(58944K)->57977K(58944K) Class: 15268K(16000K)->15268K(16000K)
[30.811s][info][gc             ] GC(197) Pause Young (Normal) (G1 Evacuation Pause) 386M->39M(582M) 2.062ms
[30.811s][info][gc,cpu         ] GC(197) User=0.00s Sys=0.00s Real=0.00s
[30.898s][info][gc,start       ] GC(198) Pause Young (Normal) (G1 Evacuation Pause)
[30.898s][info][gc,task        ] GC(198) Using 33 workers of 33 for evacuation
[30.900s][info][gc,phases      ] GC(198)   Pre Evacuate Collection Set: 0.2ms
[30.900s][info][gc,phases      ] GC(198)   Merge Heap Roots: 0.2ms
[30.900s][info][gc,phases      ] GC(198)   Evacuate Collection Set: 0.9ms
[30.900s][info][gc,phases      ] GC(198)   Post Evacuate Collection Set: 0.5ms
[30.900s][info][gc,phases      ] GC(198)   Other: 0.1ms
[30.900s][info][gc,heap        ] GC(198) Eden regions: 347->0(347)
[30.900s][info][gc,heap        ] GC(198) Survivor regions: 2->2(44)
[30.900s][info][gc,heap        ] GC(198) Old regions: 42->42
[30.900s][info][gc,heap        ] GC(198) Archive regions: 0->0
[30.900s][info][gc,heap        ] GC(198) Humongous regions: 0->0
[30.900s][info][gc,metaspace   ] GC(198) Metaspace: 73245K(74944K)->73245K(74944K) NonClass: 57977K(58944K)->57977K(58944K) Class: 15268K(16000K)->15268K(16000K)
[30.900s][info][gc             ] GC(198) Pause Young (Normal) (G1 Evacuation Pause) 386M->39M(582M) 2.134ms
[30.900s][info][gc,cpu         ] GC(198) User=0.00s Sys=0.00s Real=0.00s
[30.988s][info][gc,start       ] GC(199) Pause Young (Normal) (G1 Evacuation Pause)
[30.988s][info][gc,task        ] GC(199) Using 33 workers of 33 for evacuation
[30.990s][info][gc,phases      ] GC(199)   Pre Evacuate Collection Set: 0.2ms
[30.990s][info][gc,phases      ] GC(199)   Merge Heap Roots: 0.2ms
[30.990s][info][gc,phases      ] GC(199)   Evacuate Collection Set: 0.8ms
[30.990s][info][gc,phases      ] GC(199)   Post Evacuate Collection Set: 0.5ms
[30.990s][info][gc,phases      ] GC(199)   Other: 0.1ms
[30.990s][info][gc,heap        ] GC(199) Eden regions: 347->0(347)
[30.990s][info][gc,heap        ] GC(199) Survivor regions: 2->2(44)
[30.990s][info][gc,heap        ] GC(199) Old regions: 42->42
[30.990s][info][gc,heap        ] GC(199) Archive regions: 0->0
[30.990s][info][gc,heap        ] GC(199) Humongous regions: 0->0
[30.990s][info][gc,metaspace   ] GC(199) Metaspace: 73245K(74944K)->73245K(74944K) NonClass: 57977K(58944K)->57977K(58944K) Class: 15268K(16000K)->15268K(16000K)
[30.990s][info][gc             ] GC(199) Pause Young (Normal) (G1 Evacuation Pause) 386M->39M(582M) 2.050ms
[30.990s][info][gc,cpu         ] GC(199) User=0.00s Sys=0.00s Real=0.00s
[31.077s][info][gc,start       ] GC(200) Pause Young (Normal) (G1 Evacuation Pause)
[31.077s][info][gc,task        ] GC(200) Using 33 workers of 33 for evacuation
[31.079s][info][gc,phases      ] GC(200)   Pre Evacuate Collection Set: 0.2ms
[31.079s][info][gc,phases      ] GC(200)   Merge Heap Roots: 0.2ms
[31.079s][info][gc,phases      ] GC(200)   Evacuate Collection Set: 0.8ms
[31.079s][info][gc,phases      ] GC(200)   Post Evacuate Collection Set: 0.5ms
[31.079s][info][gc,phases      ] GC(200)   Other: 0.1ms
[31.079s][info][gc,heap        ] GC(200) Eden regions: 347->0(347)
[31.079s][info][gc,heap        ] GC(200) Survivor regions: 2->2(44)
[31.079s][info][gc,heap        ] GC(200) Old regions: 42->42
[31.079s][info][gc,heap        ] GC(200) Archive regions: 0->0
[31.079s][info][gc,heap        ] GC(200) Humongous regions: 0->0
[31.079s][info][gc,metaspace   ] GC(200) Metaspace: 73245K(74944K)->73245K(74944K) NonClass: 57977K(58944K)->57977K(58944K) Class: 15268K(16000K)->15268K(16000K)
[31.079s][info][gc             ] GC(200) Pause Young (Normal) (G1 Evacuation Pause) 386M->39M(582M) 2.015ms
[31.079s][info][gc,cpu         ] GC(200) User=0.00s Sys=0.00s Real=0.00s
[31.166s][info][gc,start       ] GC(201) Pause Young (Normal) (G1 Evacuation Pause)
[31.167s][info][gc,task        ] GC(201) Using 33 workers of 33 for evacuation
[31.168s][info][gc,phases      ] GC(201)   Pre Evacuate Collection Set: 0.2ms
[31.168s][info][gc,phases      ] GC(201)   Merge Heap Roots: 0.2ms
[31.168s][info][gc,phases      ] GC(201)   Evacuate Collection Set: 0.8ms
[31.168s][info][gc,phases      ] GC(201)   Post Evacuate Collection Set: 0.5ms
[31.168s][info][gc,phases      ] GC(201)   Other: 0.1ms
[31.168s][info][gc,heap        ] GC(201) Eden regions: 347->0(347)
[31.168s][info][gc,heap        ] GC(201) Survivor regions: 2->2(44)
[31.168s][info][gc,heap        ] GC(201) Old regions: 42->42
[31.168s][info][gc,heap        ] GC(201) Archive regions: 0->0
[31.168s][info][gc,heap        ] GC(201) Humongous regions: 0->0
[31.168s][info][gc,metaspace   ] GC(201) Metaspace: 73245K(74944K)->73245K(74944K) NonClass: 57977K(58944K)->57977K(58944K) Class: 15268K(16000K)->15268K(16000K)
[31.168s][info][gc             ] GC(201) Pause Young (Normal) (G1 Evacuation Pause) 386M->39M(582M) 1.973ms
[31.169s][info][gc,cpu         ] GC(201) User=0.02s Sys=0.02s Real=0.00s
[31.256s][info][gc,start       ] GC(202) Pause Young (Normal) (G1 Evacuation Pause)
[31.256s][info][gc,task        ] GC(202) Using 33 workers of 33 for evacuation
[31.258s][info][gc,phases      ] GC(202)   Pre Evacuate Collection Set: 0.2ms
[31.258s][info][gc,phases      ] GC(202)   Merge Heap Roots: 0.2ms
[31.258s][info][gc,phases      ] GC(202)   Evacuate Collection Set: 0.8ms
[31.258s][info][gc,phases      ] GC(202)   Post Evacuate Collection Set: 0.5ms
[31.258s][info][gc,phases      ] GC(202)   Other: 0.1ms
[31.258s][info][gc,heap        ] GC(202) Eden regions: 347->0(347)
[31.258s][info][gc,heap        ] GC(202) Survivor regions: 2->2(44)
[31.258s][info][gc,heap        ] GC(202) Old regions: 42->42
[31.258s][info][gc,heap        ] GC(202) Archive regions: 0->0
[31.258s][info][gc,heap        ] GC(202) Humongous regions: 0->0
[31.258s][info][gc,metaspace   ] GC(202) Metaspace: 73245K(74944K)->73245K(74944K) NonClass: 57977K(58944K)->57977K(58944K) Class: 15268K(16000K)->15268K(16000K)
[31.258s][info][gc             ] GC(202) Pause Young (Normal) (G1 Evacuation Pause) 386M->39M(582M) 2.021ms
[31.258s][info][gc,cpu         ] GC(202) User=0.00s Sys=0.00s Real=0.00s
[31.345s][info][gc,start       ] GC(203) Pause Young (Normal) (G1 Evacuation Pause)
[31.345s][info][gc,task        ] GC(203) Using 33 workers of 33 for evacuation
[31.347s][info][gc,phases      ] GC(203)   Pre Evacuate Collection Set: 0.2ms
[31.347s][info][gc,phases      ] GC(203)   Merge Heap Roots: 0.2ms
[31.347s][info][gc,phases      ] GC(203)   Evacuate Collection Set: 0.8ms
[31.347s][info][gc,phases      ] GC(203)   Post Evacuate Collection Set: 0.5ms
[31.347s][info][gc,phases      ] GC(203)   Other: 0.1ms
[31.347s][info][gc,heap        ] GC(203) Eden regions: 347->0(347)
[31.347s][info][gc,heap        ] GC(203) Survivor regions: 2->2(44)
[31.347s][info][gc,heap        ] GC(203) Old regions: 42->42
[31.347s][info][gc,heap        ] GC(203) Archive regions: 0->0
[31.347s][info][gc,heap        ] GC(203) Humongous regions: 0->0
[31.347s][info][gc,metaspace   ] GC(203) Metaspace: 73245K(74944K)->73245K(74944K) NonClass: 57977K(58944K)->57977K(58944K) Class: 15268K(16000K)->15268K(16000K)
[31.347s][info][gc             ] GC(203) Pause Young (Normal) (G1 Evacuation Pause) 386M->39M(582M) 1.994ms
[31.347s][info][gc,cpu         ] GC(203) User=0.00s Sys=0.00s Real=0.00s
[31.435s][info][gc,start       ] GC(204) Pause Young (Normal) (G1 Evacuation Pause)
[31.435s][info][gc,task        ] GC(204) Using 33 workers of 33 for evacuation
[31.437s][info][gc,phases      ] GC(204)   Pre Evacuate Collection Set: 0.2ms
[31.437s][info][gc,phases      ] GC(204)   Merge Heap Roots: 0.2ms
[31.437s][info][gc,phases      ] GC(204)   Evacuate Collection Set: 0.8ms
[31.437s][info][gc,phases      ] GC(204)   Post Evacuate Collection Set: 0.5ms
[31.437s][info][gc,phases      ] GC(204)   Other: 0.1ms
[31.437s][info][gc,heap        ] GC(204) Eden regions: 347->0(347)
[31.437s][info][gc,heap        ] GC(204) Survivor regions: 2->2(44)
[31.437s][info][gc,heap        ] GC(204) Old regions: 42->42
[31.437s][info][gc,heap        ] GC(204) Archive regions: 0->0
[31.437s][info][gc,heap        ] GC(204) Humongous regions: 0->0
[31.437s][info][gc,metaspace   ] GC(204) Metaspace: 73245K(74944K)->73245K(74944K) NonClass: 57977K(58944K)->57977K(58944K) Class: 15268K(16000K)->15268K(16000K)
[31.437s][info][gc             ] GC(204) Pause Young (Normal) (G1 Evacuation Pause) 386M->39M(582M) 2.012ms
[31.437s][info][gc,cpu         ] GC(204) User=0.00s Sys=0.00s Real=0.00s
[31.524s][info][gc,start       ] GC(205) Pause Young (Normal) (G1 Evacuation Pause)
[31.524s][info][gc,task        ] GC(205) Using 33 workers of 33 for evacuation
[31.526s][info][gc,phases      ] GC(205)   Pre Evacuate Collection Set: 0.2ms
[31.526s][info][gc,phases      ] GC(205)   Merge Heap Roots: 0.2ms
[31.526s][info][gc,phases      ] GC(205)   Evacuate Collection Set: 0.8ms
[31.526s][info][gc,phases      ] GC(205)   Post Evacuate Collection Set: 0.5ms
[31.526s][info][gc,phases      ] GC(205)   Other: 0.1ms
[31.526s][info][gc,heap        ] GC(205) Eden regions: 347->0(347)
[31.526s][info][gc,heap        ] GC(205) Survivor regions: 2->2(44)
[31.526s][info][gc,heap        ] GC(205) Old regions: 42->42
[31.526s][info][gc,heap        ] GC(205) Archive regions: 0->0
[31.526s][info][gc,heap        ] GC(205) Humongous regions: 0->0
[31.526s][info][gc,metaspace   ] GC(205) Metaspace: 73245K(74944K)->73245K(74944K) NonClass: 57977K(58944K)->57977K(58944K) Class: 15268K(16000K)->15268K(16000K)
[31.526s][info][gc             ] GC(205) Pause Young (Normal) (G1 Evacuation Pause) 386M->39M(582M) 2.020ms
[31.526s][info][gc,cpu         ] GC(205) User=0.00s Sys=0.00s Real=0.00s
[31.613s][info][gc,start       ] GC(206) Pause Young (Normal) (G1 Evacuation Pause)
[31.613s][info][gc,task        ] GC(206) Using 33 workers of 33 for evacuation
[31.615s][info][gc,phases      ] GC(206)   Pre Evacuate Collection Set: 0.2ms
[31.615s][info][gc,phases      ] GC(206)   Merge Heap Roots: 0.2ms
[31.615s][info][gc,phases      ] GC(206)   Evacuate Collection Set: 0.9ms
[31.615s][info][gc,phases      ] GC(206)   Post Evacuate Collection Set: 0.5ms
[31.615s][info][gc,phases      ] GC(206)   Other: 0.1ms
[31.615s][info][gc,heap        ] GC(206) Eden regions: 347->0(347)
[31.615s][info][gc,heap        ] GC(206) Survivor regions: 2->2(44)
[31.615s][info][gc,heap        ] GC(206) Old regions: 42->42
[31.615s][info][gc,heap        ] GC(206) Archive regions: 0->0
[31.615s][info][gc,heap        ] GC(206) Humongous regions: 0->0
[31.615s][info][gc,metaspace   ] GC(206) Metaspace: 73245K(74944K)->73245K(74944K) NonClass: 57977K(58944K)->57977K(58944K) Class: 15268K(16000K)->15268K(16000K)
[31.615s][info][gc             ] GC(206) Pause Young (Normal) (G1 Evacuation Pause) 386M->39M(582M) 2.060ms
[31.615s][info][gc,cpu         ] GC(206) User=0.00s Sys=0.00s Real=0.00s
[31.703s][info][gc,start       ] GC(207) Pause Young (Normal) (G1 Evacuation Pause)
[31.703s][info][gc,task        ] GC(207) Using 33 workers of 33 for evacuation
[31.705s][info][gc,phases      ] GC(207)   Pre Evacuate Collection Set: 0.2ms
[31.705s][info][gc,phases      ] GC(207)   Merge Heap Roots: 0.2ms
[31.705s][info][gc,phases      ] GC(207)   Evacuate Collection Set: 0.8ms
[31.705s][info][gc,phases      ] GC(207)   Post Evacuate Collection Set: 0.5ms
[31.705s][info][gc,phases      ] GC(207)   Other: 0.1ms
[31.705s][info][gc,heap        ] GC(207) Eden regions: 347->0(347)
[31.705s][info][gc,heap        ] GC(207) Survivor regions: 2->2(44)
[31.705s][info][gc,heap        ] GC(207) Old regions: 42->42
[31.705s][info][gc,heap        ] GC(207) Archive regions: 0->0
[31.705s][info][gc,heap        ] GC(207) Humongous regions: 0->0
[31.705s][info][gc,metaspace   ] GC(207) Metaspace: 73245K(74944K)->73245K(74944K) NonClass: 57977K(58944K)->57977K(58944K) Class: 15268K(16000K)->15268K(16000K)
[31.705s][info][gc             ] GC(207) Pause Young (Normal) (G1 Evacuation Pause) 386M->39M(582M) 2.006ms
[31.705s][info][gc,cpu         ] GC(207) User=0.00s Sys=0.00s Real=0.00s
[31.792s][info][gc,start       ] GC(208) Pause Young (Normal) (G1 Evacuation Pause)
[31.792s][info][gc,task        ] GC(208) Using 33 workers of 33 for evacuation
[31.794s][info][gc,phases      ] GC(208)   Pre Evacuate Collection Set: 0.2ms
[31.794s][info][gc,phases      ] GC(208)   Merge Heap Roots: 0.2ms
[31.794s][info][gc,phases      ] GC(208)   Evacuate Collection Set: 0.8ms
[31.794s][info][gc,phases      ] GC(208)   Post Evacuate Collection Set: 0.5ms
[31.794s][info][gc,phases      ] GC(208)   Other: 0.1ms
[31.794s][info][gc,heap        ] GC(208) Eden regions: 347->0(347)
[31.794s][info][gc,heap        ] GC(208) Survivor regions: 2->2(44)
[31.794s][info][gc,heap        ] GC(208) Old regions: 42->42
[31.794s][info][gc,heap        ] GC(208) Archive regions: 0->0
[31.794s][info][gc,heap        ] GC(208) Humongous regions: 0->0
[31.794s][info][gc,metaspace   ] GC(208) Metaspace: 73245K(74944K)->73245K(74944K) NonClass: 57977K(58944K)->57977K(58944K) Class: 15268K(16000K)->15268K(16000K)
[31.794s][info][gc             ] GC(208) Pause Young (Normal) (G1 Evacuation Pause) 386M->39M(582M) 2.020ms
[31.794s][info][gc,cpu         ] GC(208) User=0.44s Sys=0.03s Real=0.00s
[31.881s][info][gc,start       ] GC(209) Pause Young (Normal) (G1 Evacuation Pause)
[31.881s][info][gc,task        ] GC(209) Using 33 workers of 33 for evacuation
[31.883s][info][gc,phases      ] GC(209)   Pre Evacuate Collection Set: 0.2ms
[31.883s][info][gc,phases      ] GC(209)   Merge Heap Roots: 0.2ms
[31.883s][info][gc,phases      ] GC(209)   Evacuate Collection Set: 0.8ms
[31.883s][info][gc,phases      ] GC(209)   Post Evacuate Collection Set: 0.5ms
[31.883s][info][gc,phases      ] GC(209)   Other: 0.1ms
[31.883s][info][gc,heap        ] GC(209) Eden regions: 347->0(347)
[31.883s][info][gc,heap        ] GC(209) Survivor regions: 2->2(44)
[31.883s][info][gc,heap        ] GC(209) Old regions: 42->42
[31.883s][info][gc,heap        ] GC(209) Archive regions: 0->0
[31.883s][info][gc,heap        ] GC(209) Humongous regions: 0->0
[31.883s][info][gc,metaspace   ] GC(209) Metaspace: 73245K(74944K)->73245K(74944K) NonClass: 57977K(58944K)->57977K(58944K) Class: 15268K(16000K)->15268K(16000K)
[31.883s][info][gc             ] GC(209) Pause Young (Normal) (G1 Evacuation Pause) 386M->39M(582M) 2.000ms
[31.883s][info][gc,cpu         ] GC(209) User=0.00s Sys=0.00s Real=0.00s
[31.971s][info][gc,start       ] GC(210) Pause Young (Normal) (G1 Evacuation Pause)
[31.971s][info][gc,task        ] GC(210) Using 33 workers of 33 for evacuation
[31.973s][info][gc,phases      ] GC(210)   Pre Evacuate Collection Set: 0.2ms
[31.973s][info][gc,phases      ] GC(210)   Merge Heap Roots: 0.2ms
[31.973s][info][gc,phases      ] GC(210)   Evacuate Collection Set: 0.8ms
[31.973s][info][gc,phases      ] GC(210)   Post Evacuate Collection Set: 0.5ms
[31.973s][info][gc,phases      ] GC(210)   Other: 0.1ms
[31.973s][info][gc,heap        ] GC(210) Eden regions: 347->0(347)
[31.973s][info][gc,heap        ] GC(210) Survivor regions: 2->2(44)
[31.973s][info][gc,heap        ] GC(210) Old regions: 42->42
[31.973s][info][gc,heap        ] GC(210) Archive regions: 0->0
[31.973s][info][gc,heap        ] GC(210) Humongous regions: 0->0
[31.973s][info][gc,metaspace   ] GC(210) Metaspace: 73245K(74944K)->73245K(74944K) NonClass: 57977K(58944K)->57977K(58944K) Class: 15268K(16000K)->15268K(16000K)
[31.973s][info][gc             ] GC(210) Pause Young (Normal) (G1 Evacuation Pause) 386M->39M(582M) 2.022ms
[31.973s][info][gc,cpu         ] GC(210) User=0.00s Sys=0.00s Real=0.00s
[32.060s][info][gc,start       ] GC(211) Pause Young (Normal) (G1 Evacuation Pause)
[32.060s][info][gc,task        ] GC(211) Using 33 workers of 33 for evacuation
[32.062s][info][gc,phases      ] GC(211)   Pre Evacuate Collection Set: 0.2ms
[32.062s][info][gc,phases      ] GC(211)   Merge Heap Roots: 0.2ms
[32.062s][info][gc,phases      ] GC(211)   Evacuate Collection Set: 0.8ms
[32.062s][info][gc,phases      ] GC(211)   Post Evacuate Collection Set: 0.5ms
[32.062s][info][gc,phases      ] GC(211)   Other: 0.1ms
[32.062s][info][gc,heap        ] GC(211) Eden regions: 347->0(347)
[32.062s][info][gc,heap        ] GC(211) Survivor regions: 2->2(44)
[32.062s][info][gc,heap        ] GC(211) Old regions: 42->42
[32.062s][info][gc,heap        ] GC(211) Archive regions: 0->0
[32.062s][info][gc,heap        ] GC(211) Humongous regions: 0->0
[32.062s][info][gc,metaspace   ] GC(211) Metaspace: 73245K(74944K)->73245K(74944K) NonClass: 57977K(58944K)->57977K(58944K) Class: 15268K(16000K)->15268K(16000K)
[32.062s][info][gc             ] GC(211) Pause Young (Normal) (G1 Evacuation Pause) 386M->39M(582M) 1.985ms
[32.062s][info][gc,cpu         ] GC(211) User=0.00s Sys=0.00s Real=0.00s
[32.150s][info][gc,start       ] GC(212) Pause Young (Normal) (G1 Evacuation Pause)
[32.150s][info][gc,task        ] GC(212) Using 33 workers of 33 for evacuation
[32.151s][info][gc,phases      ] GC(212)   Pre Evacuate Collection Set: 0.2ms
[32.151s][info][gc,phases      ] GC(212)   Merge Heap Roots: 0.2ms
[32.151s][info][gc,phases      ] GC(212)   Evacuate Collection Set: 0.8ms
[32.151s][info][gc,phases      ] GC(212)   Post Evacuate Collection Set: 0.5ms
[32.151s][info][gc,phases      ] GC(212)   Other: 0.1ms
[32.151s][info][gc,heap        ] GC(212) Eden regions: 347->0(347)
[32.152s][info][gc,heap        ] GC(212) Survivor regions: 2->2(44)
[32.152s][info][gc,heap        ] GC(212) Old regions: 42->42
[32.152s][info][gc,heap        ] GC(212) Archive regions: 0->0
[32.152s][info][gc,heap        ] GC(212) Humongous regions: 0->0
[32.152s][info][gc,metaspace   ] GC(212) Metaspace: 73245K(74944K)->73245K(74944K) NonClass: 57977K(58944K)->57977K(58944K) Class: 15268K(16000K)->15268K(16000K)
[32.152s][info][gc             ] GC(212) Pause Young (Normal) (G1 Evacuation Pause) 386M->39M(582M) 1.975ms
[32.152s][info][gc,cpu         ] GC(212) User=0.00s Sys=0.00s Real=0.00s
[32.239s][info][gc,start       ] GC(213) Pause Young (Normal) (G1 Evacuation Pause)
[32.239s][info][gc,task        ] GC(213) Using 33 workers of 33 for evacuation
[32.241s][info][gc,phases      ] GC(213)   Pre Evacuate Collection Set: 0.2ms
[32.241s][info][gc,phases      ] GC(213)   Merge Heap Roots: 0.2ms
[32.241s][info][gc,phases      ] GC(213)   Evacuate Collection Set: 0.8ms
[32.241s][info][gc,phases      ] GC(213)   Post Evacuate Collection Set: 0.5ms
[32.241s][info][gc,phases      ] GC(213)   Other: 0.1ms
[32.241s][info][gc,heap        ] GC(213) Eden regions: 347->0(347)
[32.241s][info][gc,heap        ] GC(213) Survivor regions: 2->2(44)
[32.241s][info][gc,heap        ] GC(213) Old regions: 42->42
[32.241s][info][gc,heap        ] GC(213) Archive regions: 0->0
[32.241s][info][gc,heap        ] GC(213) Humongous regions: 0->0
[32.241s][info][gc,metaspace   ] GC(213) Metaspace: 73245K(74944K)->73245K(74944K) NonClass: 57977K(58944K)->57977K(58944K) Class: 15268K(16000K)->15268K(16000K)
[32.241s][info][gc             ] GC(213) Pause Young (Normal) (G1 Evacuation Pause) 386M->39M(582M) 1.992ms
[32.241s][info][gc,cpu         ] GC(213) User=0.00s Sys=0.00s Real=0.00s
[32.328s][info][gc,start       ] GC(214) Pause Young (Normal) (G1 Evacuation Pause)
[32.329s][info][gc,task        ] GC(214) Using 33 workers of 33 for evacuation
[32.330s][info][gc,phases      ] GC(214)   Pre Evacuate Collection Set: 0.2ms
[32.330s][info][gc,phases      ] GC(214)   Merge Heap Roots: 0.2ms
[32.330s][info][gc,phases      ] GC(214)   Evacuate Collection Set: 0.9ms
[32.330s][info][gc,phases      ] GC(214)   Post Evacuate Collection Set: 0.5ms
[32.330s][info][gc,phases      ] GC(214)   Other: 0.1ms
[32.330s][info][gc,heap        ] GC(214) Eden regions: 347->0(347)
[32.330s][info][gc,heap        ] GC(214) Survivor regions: 2->2(44)
[32.330s][info][gc,heap        ] GC(214) Old regions: 42->42
[32.330s][info][gc,heap        ] GC(214) Archive regions: 0->0
[32.330s][info][gc,heap        ] GC(214) Humongous regions: 0->0
[32.330s][info][gc,metaspace   ] GC(214) Metaspace: 73245K(74944K)->73245K(74944K) NonClass: 57977K(58944K)->57977K(58944K) Class: 15268K(16000K)->15268K(16000K)
[32.331s][info][gc             ] GC(214) Pause Young (Normal) (G1 Evacuation Pause) 386M->39M(582M) 2.069ms
[32.331s][info][gc,cpu         ] GC(214) User=0.00s Sys=0.00s Real=0.00s
[32.418s][info][gc,start       ] GC(215) Pause Young (Normal) (G1 Evacuation Pause)
[32.418s][info][gc,task        ] GC(215) Using 33 workers of 33 for evacuation
[32.420s][info][gc,phases      ] GC(215)   Pre Evacuate Collection Set: 0.2ms
[32.420s][info][gc,phases      ] GC(215)   Merge Heap Roots: 0.2ms
[32.420s][info][gc,phases      ] GC(215)   Evacuate Collection Set: 0.9ms
[32.420s][info][gc,phases      ] GC(215)   Post Evacuate Collection Set: 0.5ms
[32.420s][info][gc,phases      ] GC(215)   Other: 0.1ms
[32.420s][info][gc,heap        ] GC(215) Eden regions: 347->0(347)
[32.420s][info][gc,heap        ] GC(215) Survivor regions: 2->2(44)
[32.420s][info][gc,heap        ] GC(215) Old regions: 42->42
[32.420s][info][gc,heap        ] GC(215) Archive regions: 0->0
[32.420s][info][gc,heap        ] GC(215) Humongous regions: 0->0
[32.420s][info][gc,metaspace   ] GC(215) Metaspace: 73245K(74944K)->73245K(74944K) NonClass: 57977K(58944K)->57977K(58944K) Class: 15268K(16000K)->15268K(16000K)
[32.420s][info][gc             ] GC(215) Pause Young (Normal) (G1 Evacuation Pause) 386M->39M(582M) 2.107ms
[32.420s][info][gc,cpu         ] GC(215) User=0.00s Sys=0.00s Real=0.00s
[32.508s][info][gc,start       ] GC(216) Pause Young (Normal) (G1 Evacuation Pause)
[32.508s][info][gc,task        ] GC(216) Using 33 workers of 33 for evacuation
[32.510s][info][gc,phases      ] GC(216)   Pre Evacuate Collection Set: 0.2ms
[32.510s][info][gc,phases      ] GC(216)   Merge Heap Roots: 0.2ms
[32.510s][info][gc,phases      ] GC(216)   Evacuate Collection Set: 0.8ms
[32.510s][info][gc,phases      ] GC(216)   Post Evacuate Collection Set: 0.5ms
[32.510s][info][gc,phases      ] GC(216)   Other: 0.1ms
[32.510s][info][gc,heap        ] GC(216) Eden regions: 347->0(347)
[32.510s][info][gc,heap        ] GC(216) Survivor regions: 2->2(44)
[32.510s][info][gc,heap        ] GC(216) Old regions: 42->42
[32.510s][info][gc,heap        ] GC(216) Archive regions: 0->0
[32.510s][info][gc,heap        ] GC(216) Humongous regions: 0->0
[32.510s][info][gc,metaspace   ] GC(216) Metaspace: 73246K(74944K)->73246K(74944K) NonClass: 57978K(58944K)->57978K(58944K) Class: 15268K(16000K)->15268K(16000K)
[32.510s][info][gc             ] GC(216) Pause Young (Normal) (G1 Evacuation Pause) 386M->39M(582M) 2.086ms
[32.510s][info][gc,cpu         ] GC(216) User=0.00s Sys=0.00s Real=0.00s
[32.598s][info][gc,start       ] GC(217) Pause Young (Normal) (G1 Evacuation Pause)
[32.598s][info][gc,task        ] GC(217) Using 33 workers of 33 for evacuation
[32.600s][info][gc,phases      ] GC(217)   Pre Evacuate Collection Set: 0.2ms
[32.600s][info][gc,phases      ] GC(217)   Merge Heap Roots: 0.2ms
[32.600s][info][gc,phases      ] GC(217)   Evacuate Collection Set: 0.8ms
[32.600s][info][gc,phases      ] GC(217)   Post Evacuate Collection Set: 0.5ms
[32.600s][info][gc,phases      ] GC(217)   Other: 0.1ms
[32.600s][info][gc,heap        ] GC(217) Eden regions: 347->0(347)
[32.600s][info][gc,heap        ] GC(217) Survivor regions: 2->2(44)
[32.600s][info][gc,heap        ] GC(217) Old regions: 42->42
[32.600s][info][gc,heap        ] GC(217) Archive regions: 0->0
[32.600s][info][gc,heap        ] GC(217) Humongous regions: 0->0
[32.600s][info][gc,metaspace   ] GC(217) Metaspace: 73248K(74944K)->73248K(74944K) NonClass: 57980K(58944K)->57980K(58944K) Class: 15268K(16000K)->15268K(16000K)
[32.600s][info][gc             ] GC(217) Pause Young (Normal) (G1 Evacuation Pause) 386M->39M(582M) 2.092ms
[32.600s][info][gc,cpu         ] GC(217) User=0.00s Sys=0.00s Real=0.00s
[32.689s][info][gc,start       ] GC(218) Pause Young (Normal) (G1 Evacuation Pause)
[32.689s][info][gc,task        ] GC(218) Using 33 workers of 33 for evacuation
[32.691s][info][gc,phases      ] GC(218)   Pre Evacuate Collection Set: 0.2ms
[32.691s][info][gc,phases      ] GC(218)   Merge Heap Roots: 0.2ms
[32.691s][info][gc,phases      ] GC(218)   Evacuate Collection Set: 0.9ms
[32.691s][info][gc,phases      ] GC(218)   Post Evacuate Collection Set: 0.5ms
[32.691s][info][gc,phases      ] GC(218)   Other: 0.1ms
[32.691s][info][gc,heap        ] GC(218) Eden regions: 347->0(347)
[32.691s][info][gc,heap        ] GC(218) Survivor regions: 2->2(44)
[32.691s][info][gc,heap        ] GC(218) Old regions: 42->42
[32.691s][info][gc,heap        ] GC(218) Archive regions: 0->0
[32.691s][info][gc,heap        ] GC(218) Humongous regions: 0->0
[32.691s][info][gc,metaspace   ] GC(218) Metaspace: 73266K(74944K)->73266K(74944K) NonClass: 57998K(58944K)->57998K(58944K) Class: 15268K(16000K)->15268K(16000K)
[32.691s][info][gc             ] GC(218) Pause Young (Normal) (G1 Evacuation Pause) 386M->39M(582M) 2.141ms
[32.691s][info][gc,cpu         ] GC(218) User=0.00s Sys=0.00s Real=0.00s
[32.780s][info][gc,start       ] GC(219) Pause Young (Normal) (G1 Evacuation Pause)
[32.781s][info][gc,task        ] GC(219) Using 33 workers of 33 for evacuation
[32.782s][info][gc,phases      ] GC(219)   Pre Evacuate Collection Set: 0.2ms
[32.782s][info][gc,phases      ] GC(219)   Merge Heap Roots: 0.2ms
[32.782s][info][gc,phases      ] GC(219)   Evacuate Collection Set: 0.8ms
[32.782s][info][gc,phases      ] GC(219)   Post Evacuate Collection Set: 0.5ms
[32.782s][info][gc,phases      ] GC(219)   Other: 0.1ms
[32.783s][info][gc,heap        ] GC(219) Eden regions: 347->0(347)
[32.783s][info][gc,heap        ] GC(219) Survivor regions: 2->2(44)
[32.783s][info][gc,heap        ] GC(219) Old regions: 42->42
[32.783s][info][gc,heap        ] GC(219) Archive regions: 0->0
[32.783s][info][gc,heap        ] GC(219) Humongous regions: 0->0
[32.783s][info][gc,metaspace   ] GC(219) Metaspace: 73283K(74944K)->73283K(74944K) NonClass: 58015K(58944K)->58015K(58944K) Class: 15268K(16000K)->15268K(16000K)
[32.783s][info][gc             ] GC(219) Pause Young (Normal) (G1 Evacuation Pause) 386M->39M(582M) 2.115ms
[32.783s][info][gc,cpu         ] GC(219) User=0.00s Sys=0.00s Real=0.00s
[32.873s][info][gc,start       ] GC(220) Pause Young (Normal) (G1 Evacuation Pause)
[32.873s][info][gc,task        ] GC(220) Using 33 workers of 33 for evacuation
[32.874s][info][gc,phases      ] GC(220)   Pre Evacuate Collection Set: 0.2ms
[32.874s][info][gc,phases      ] GC(220)   Merge Heap Roots: 0.2ms
[32.875s][info][gc,phases      ] GC(220)   Evacuate Collection Set: 0.8ms
[32.875s][info][gc,phases      ] GC(220)   Post Evacuate Collection Set: 0.5ms
[32.875s][info][gc,phases      ] GC(220)   Other: 0.1ms
[32.875s][info][gc,heap        ] GC(220) Eden regions: 347->0(347)
[32.875s][info][gc,heap        ] GC(220) Survivor regions: 2->2(44)
[32.875s][info][gc,heap        ] GC(220) Old regions: 42->42
[32.875s][info][gc,heap        ] GC(220) Archive regions: 0->0
[32.875s][info][gc,heap        ] GC(220) Humongous regions: 0->0
[32.875s][info][gc,metaspace   ] GC(220) Metaspace: 73285K(74944K)->73285K(74944K) NonClass: 58017K(58944K)->58017K(58944K) Class: 15268K(16000K)->15268K(16000K)
[32.875s][info][gc             ] GC(220) Pause Young (Normal) (G1 Evacuation Pause) 386M->39M(582M) 2.142ms
[32.875s][info][gc,cpu         ] GC(220) User=0.00s Sys=0.00s Real=0.00s
[32.966s][info][gc,start       ] GC(221) Pause Young (Normal) (G1 Evacuation Pause)
[32.966s][info][gc,task        ] GC(221) Using 33 workers of 33 for evacuation
[32.968s][info][gc,phases      ] GC(221)   Pre Evacuate Collection Set: 0.2ms
[32.968s][info][gc,phases      ] GC(221)   Merge Heap Roots: 0.2ms
[32.968s][info][gc,phases      ] GC(221)   Evacuate Collection Set: 0.8ms
[32.968s][info][gc,phases      ] GC(221)   Post Evacuate Collection Set: 0.5ms
[32.968s][info][gc,phases      ] GC(221)   Other: 0.1ms
[32.968s][info][gc,heap        ] GC(221) Eden regions: 347->0(347)
[32.968s][info][gc,heap        ] GC(221) Survivor regions: 2->2(44)
[32.968s][info][gc,heap        ] GC(221) Old regions: 42->42
[32.968s][info][gc,heap        ] GC(221) Archive regions: 0->0
[32.968s][info][gc,heap        ] GC(221) Humongous regions: 0->0
[32.968s][info][gc,metaspace   ] GC(221) Metaspace: 73285K(74944K)->73285K(74944K) NonClass: 58017K(58944K)->58017K(58944K) Class: 15268K(16000K)->15268K(16000K)
[32.968s][info][gc             ] GC(221) Pause Young (Normal) (G1 Evacuation Pause) 386M->39M(582M) 1.980ms
[32.968s][info][gc,cpu         ] GC(221) User=0.00s Sys=0.00s Real=0.00s
[33.062s][info][gc,start       ] GC(222) Pause Young (Normal) (G1 Evacuation Pause)
[33.062s][info][gc,task        ] GC(222) Using 33 workers of 33 for evacuation
[33.064s][info][gc,phases      ] GC(222)   Pre Evacuate Collection Set: 0.2ms
[33.064s][info][gc,phases      ] GC(222)   Merge Heap Roots: 0.2ms
[33.064s][info][gc,phases      ] GC(222)   Evacuate Collection Set: 0.8ms
[33.064s][info][gc,phases      ] GC(222)   Post Evacuate Collection Set: 0.5ms
[33.064s][info][gc,phases      ] GC(222)   Other: 0.1ms
[33.064s][info][gc,heap        ] GC(222) Eden regions: 347->0(347)
[33.064s][info][gc,heap        ] GC(222) Survivor regions: 2->2(44)
[33.064s][info][gc,heap        ] GC(222) Old regions: 42->42
[33.064s][info][gc,heap        ] GC(222) Archive regions: 0->0
[33.064s][info][gc,heap        ] GC(222) Humongous regions: 0->0
[33.064s][info][gc,metaspace   ] GC(222) Metaspace: 73286K(74944K)->73286K(74944K) NonClass: 58018K(58944K)->58018K(58944K) Class: 15268K(16000K)->15268K(16000K)
[33.064s][info][gc             ] GC(222) Pause Young (Normal) (G1 Evacuation Pause) 386M->39M(582M) 2.046ms
[33.064s][info][gc,cpu         ] GC(222) User=0.00s Sys=0.00s Real=0.00s
[33.165s][info][gc,start       ] GC(223) Pause Young (Normal) (G1 Evacuation Pause)
[33.165s][info][gc,task        ] GC(223) Using 33 workers of 33 for evacuation
[33.167s][info][gc,phases      ] GC(223)   Pre Evacuate Collection Set: 0.2ms
[33.167s][info][gc,phases      ] GC(223)   Merge Heap Roots: 0.2ms
[33.167s][info][gc,phases      ] GC(223)   Evacuate Collection Set: 0.7ms
[33.167s][info][gc,phases      ] GC(223)   Post Evacuate Collection Set: 0.5ms
[33.167s][info][gc,phases      ] GC(223)   Other: 0.1ms
[33.167s][info][gc,heap        ] GC(223) Eden regions: 347->0(347)
[33.167s][info][gc,heap        ] GC(223) Survivor regions: 2->2(44)
[33.167s][info][gc,heap        ] GC(223) Old regions: 42->42
[33.167s][info][gc,heap        ] GC(223) Archive regions: 0->0
[33.167s][info][gc,heap        ] GC(223) Humongous regions: 0->0
[33.167s][info][gc,metaspace   ] GC(223) Metaspace: 73322K(74944K)->73322K(74944K) NonClass: 58054K(58944K)->58054K(58944K) Class: 15268K(16000K)->15268K(16000K)
[33.167s][info][gc             ] GC(223) Pause Young (Normal) (G1 Evacuation Pause) 386M->39M(582M) 1.940ms
[33.167s][info][gc,cpu         ] GC(223) User=0.00s Sys=0.00s Real=0.00s
[33.281s][info][gc,start       ] GC(224) Pause Young (Normal) (G1 Evacuation Pause)
[33.282s][info][gc,task        ] GC(224) Using 33 workers of 33 for evacuation
[33.283s][info][gc,phases      ] GC(224)   Pre Evacuate Collection Set: 0.2ms
[33.283s][info][gc,phases      ] GC(224)   Merge Heap Roots: 0.2ms
[33.283s][info][gc,phases      ] GC(224)   Evacuate Collection Set: 0.8ms
[33.283s][info][gc,phases      ] GC(224)   Post Evacuate Collection Set: 0.5ms
[33.283s][info][gc,phases      ] GC(224)   Other: 0.1ms
[33.283s][info][gc,heap        ] GC(224) Eden regions: 347->0(347)
[33.283s][info][gc,heap        ] GC(224) Survivor regions: 2->2(44)
[33.283s][info][gc,heap        ] GC(224) Old regions: 42->42
[33.283s][info][gc,heap        ] GC(224) Archive regions: 0->0
[33.283s][info][gc,heap        ] GC(224) Humongous regions: 0->0
[33.283s][info][gc,metaspace   ] GC(224) Metaspace: 73341K(74944K)->73341K(74944K) NonClass: 58073K(58944K)->58073K(58944K) Class: 15268K(16000K)->15268K(16000K)
[33.283s][info][gc             ] GC(224) Pause Young (Normal) (G1 Evacuation Pause) 386M->39M(582M) 1.992ms
[33.283s][info][gc,cpu         ] GC(224) User=0.00s Sys=0.00s Real=0.00s
[33.428s][info][gc,start       ] GC(225) Pause Young (Normal) (G1 Evacuation Pause)
[33.428s][info][gc,task        ] GC(225) Using 33 workers of 33 for evacuation
[33.430s][info][gc,phases      ] GC(225)   Pre Evacuate Collection Set: 0.2ms
[33.430s][info][gc,phases      ] GC(225)   Merge Heap Roots: 0.2ms
[33.430s][info][gc,phases      ] GC(225)   Evacuate Collection Set: 0.8ms
[33.430s][info][gc,phases      ] GC(225)   Post Evacuate Collection Set: 0.6ms
[33.430s][info][gc,phases      ] GC(225)   Other: 0.1ms
[33.430s][info][gc,heap        ] GC(225) Eden regions: 347->0(347)
[33.430s][info][gc,heap        ] GC(225) Survivor regions: 2->2(44)
[33.430s][info][gc,heap        ] GC(225) Old regions: 42->42
[33.430s][info][gc,heap        ] GC(225) Archive regions: 0->0
[33.430s][info][gc,heap        ] GC(225) Humongous regions: 0->0
[33.430s][info][gc,metaspace   ] GC(225) Metaspace: 73346K(74944K)->73346K(74944K) NonClass: 58078K(58944K)->58078K(58944K) Class: 15268K(16000K)->15268K(16000K)
[33.430s][info][gc             ] GC(225) Pause Young (Normal) (G1 Evacuation Pause) 386M->39M(582M) 2.064ms
[33.430s][info][gc,cpu         ] GC(225) User=0.00s Sys=0.00s Real=0.00s
[33.581s][info][gc,start       ] GC(226) Pause Young (Normal) (G1 Evacuation Pause)
[33.581s][info][gc,task        ] GC(226) Using 33 workers of 33 for evacuation
[33.583s][info][gc,phases      ] GC(226)   Pre Evacuate Collection Set: 0.2ms
[33.583s][info][gc,phases      ] GC(226)   Merge Heap Roots: 0.2ms
[33.583s][info][gc,phases      ] GC(226)   Evacuate Collection Set: 0.8ms
[33.583s][info][gc,phases      ] GC(226)   Post Evacuate Collection Set: 0.6ms
[33.583s][info][gc,phases      ] GC(226)   Other: 0.1ms
[33.583s][info][gc,heap        ] GC(226) Eden regions: 347->0(347)
[33.583s][info][gc,heap        ] GC(226) Survivor regions: 2->2(44)
[33.583s][info][gc,heap        ] GC(226) Old regions: 42->42
[33.583s][info][gc,heap        ] GC(226) Archive regions: 0->0
[33.583s][info][gc,heap        ] GC(226) Humongous regions: 0->0
[33.583s][info][gc,metaspace   ] GC(226) Metaspace: 73346K(74944K)->73346K(74944K) NonClass: 58078K(58944K)->58078K(58944K) Class: 15268K(16000K)->15268K(16000K)
[33.583s][info][gc             ] GC(226) Pause Young (Normal) (G1 Evacuation Pause) 386M->39M(582M) 1.998ms
[33.583s][info][gc,cpu         ] GC(226) User=0.00s Sys=0.00s Real=0.00s
[33.734s][info][gc,start       ] GC(227) Pause Young (Normal) (G1 Evacuation Pause)
[33.735s][info][gc,task        ] GC(227) Using 32 workers of 33 for evacuation
[33.736s][info][gc,phases      ] GC(227)   Pre Evacuate Collection Set: 0.2ms
[33.736s][info][gc,phases      ] GC(227)   Merge Heap Roots: 0.1ms
[33.736s][info][gc,phases      ] GC(227)   Evacuate Collection Set: 0.7ms
[33.736s][info][gc,phases      ] GC(227)   Post Evacuate Collection Set: 0.5ms
[33.736s][info][gc,phases      ] GC(227)   Other: 0.1ms
[33.736s][info][gc,heap        ] GC(227) Eden regions: 347->0(347)
[33.736s][info][gc,heap        ] GC(227) Survivor regions: 2->2(44)
[33.736s][info][gc,heap        ] GC(227) Old regions: 42->42
[33.736s][info][gc,heap        ] GC(227) Archive regions: 0->0
[33.736s][info][gc,heap        ] GC(227) Humongous regions: 0->0
[33.736s][info][gc,metaspace   ] GC(227) Metaspace: 73367K(74944K)->73367K(74944K) NonClass: 58099K(58944K)->58099K(58944K) Class: 15268K(16000K)->15268K(16000K)
[33.736s][info][gc             ] GC(227) Pause Young (Normal) (G1 Evacuation Pause) 386M->39M(582M) 1.913ms
[33.736s][info][gc,cpu         ] GC(227) User=0.00s Sys=0.00s Real=0.00s
[33.921s][info][gc,start       ] GC(228) Pause Young (Normal) (G1 Evacuation Pause)
[33.921s][info][gc,task        ] GC(228) Using 26 workers of 33 for evacuation
[33.923s][info][gc,phases      ] GC(228)   Pre Evacuate Collection Set: 0.1ms
[33.923s][info][gc,phases      ] GC(228)   Merge Heap Roots: 0.1ms
[33.923s][info][gc,phases      ] GC(228)   Evacuate Collection Set: 0.7ms
[33.923s][info][gc,phases      ] GC(228)   Post Evacuate Collection Set: 0.5ms
[33.923s][info][gc,phases      ] GC(228)   Other: 0.1ms
[33.923s][info][gc,heap        ] GC(228) Eden regions: 347->0(347)
[33.923s][info][gc,heap        ] GC(228) Survivor regions: 2->2(44)
[33.923s][info][gc,heap        ] GC(228) Old regions: 42->42
[33.923s][info][gc,heap        ] GC(228) Archive regions: 0->0
[33.923s][info][gc,heap        ] GC(228) Humongous regions: 0->0
[33.923s][info][gc,metaspace   ] GC(228) Metaspace: 73368K(74944K)->73368K(74944K) NonClass: 58100K(58944K)->58100K(58944K) Class: 15268K(16000K)->15268K(16000K)
[33.923s][info][gc             ] GC(228) Pause Young (Normal) (G1 Evacuation Pause) 386M->39M(582M) 1.759ms
[33.923s][info][gc,cpu         ] GC(228) User=0.00s Sys=0.00s Real=0.00s
[34.209s][info][gc,start       ] GC(229) Pause Young (Normal) (G1 Evacuation Pause)
[34.209s][info][gc,task        ] GC(229) Using 21 workers of 33 for evacuation
[34.211s][info][gc,phases      ] GC(229)   Pre Evacuate Collection Set: 0.2ms
[34.211s][info][gc,phases      ] GC(229)   Merge Heap Roots: 0.1ms
[34.211s][info][gc,phases      ] GC(229)   Evacuate Collection Set: 0.7ms
[34.211s][info][gc,phases      ] GC(229)   Post Evacuate Collection Set: 0.6ms
[34.211s][info][gc,phases      ] GC(229)   Other: 0.2ms
[34.211s][info][gc,heap        ] GC(229) Eden regions: 347->0(347)
[34.211s][info][gc,heap        ] GC(229) Survivor regions: 2->2(44)
[34.211s][info][gc,heap        ] GC(229) Old regions: 42->42
[34.211s][info][gc,heap        ] GC(229) Archive regions: 0->0
[34.211s][info][gc,heap        ] GC(229) Humongous regions: 0->0
[34.211s][info][gc,metaspace   ] GC(229) Metaspace: 73368K(74944K)->73368K(74944K) NonClass: 58100K(58944K)->58100K(58944K) Class: 15268K(16000K)->15268K(16000K)
[34.212s][info][gc             ] GC(229) Pause Young (Normal) (G1 Evacuation Pause) 386M->39M(582M) 2.249ms
[34.212s][info][gc,cpu         ] GC(229) User=0.00s Sys=0.00s Real=0.00s
[34.544s][info][gc,start       ] GC(230) Pause Young (Normal) (G1 Evacuation Pause)
[34.544s][info][gc,task        ] GC(230) Using 18 workers of 33 for evacuation
[34.546s][info][gc,phases      ] GC(230)   Pre Evacuate Collection Set: 0.2ms
[34.546s][info][gc,phases      ] GC(230)   Merge Heap Roots: 0.1ms
[34.546s][info][gc,phases      ] GC(230)   Evacuate Collection Set: 0.7ms
[34.546s][info][gc,phases      ] GC(230)   Post Evacuate Collection Set: 0.6ms
[34.546s][info][gc,phases      ] GC(230)   Other: 0.2ms
[34.546s][info][gc,heap        ] GC(230) Eden regions: 347->0(347)
[34.546s][info][gc,heap        ] GC(230) Survivor regions: 2->2(44)
[34.546s][info][gc,heap        ] GC(230) Old regions: 42->42
[34.546s][info][gc,heap        ] GC(230) Archive regions: 0->0
[34.546s][info][gc,heap        ] GC(230) Humongous regions: 0->0
[34.546s][info][gc,metaspace   ] GC(230) Metaspace: 73368K(74944K)->73368K(74944K) NonClass: 58100K(58944K)->58100K(58944K) Class: 15268K(16000K)->15268K(16000K)
[34.546s][info][gc             ] GC(230) Pause Young (Normal) (G1 Evacuation Pause) 386M->39M(582M) 2.221ms
[34.546s][info][gc,cpu         ] GC(230) User=0.00s Sys=0.00s Real=0.00s
[34.879s][info][gc,start       ] GC(231) Pause Young (Normal) (G1 Evacuation Pause)
[34.879s][info][gc,task        ] GC(231) Using 17 workers of 33 for evacuation
[34.880s][info][gc,phases      ] GC(231)   Pre Evacuate Collection Set: 0.1ms
[34.880s][info][gc,phases      ] GC(231)   Merge Heap Roots: 0.1ms
[34.880s][info][gc,phases      ] GC(231)   Evacuate Collection Set: 0.7ms
[34.880s][info][gc,phases      ] GC(231)   Post Evacuate Collection Set: 0.5ms
[34.880s][info][gc,phases      ] GC(231)   Other: 0.1ms
[34.880s][info][gc,heap        ] GC(231) Eden regions: 347->0(347)
[34.880s][info][gc,heap        ] GC(231) Survivor regions: 2->2(44)
[34.880s][info][gc,heap        ] GC(231) Old regions: 42->42
[34.880s][info][gc,heap        ] GC(231) Archive regions: 0->0
[34.880s][info][gc,heap        ] GC(231) Humongous regions: 0->0
[34.880s][info][gc,metaspace   ] GC(231) Metaspace: 73368K(74944K)->73368K(74944K) NonClass: 58100K(58944K)->58100K(58944K) Class: 15268K(16000K)->15268K(16000K)
[34.880s][info][gc             ] GC(231) Pause Young (Normal) (G1 Evacuation Pause) 386M->39M(582M) 1.969ms
[34.881s][info][gc,cpu         ] GC(231) User=0.00s Sys=0.00s Real=0.00s
[35.337s][info][gc,start       ] GC(232) Pause Full (System.gc())
[35.337s][info][gc,task        ] GC(232) Using 15 workers of 33 for full compaction
[35.338s][info][gc,phases,start] GC(232) Phase 1: Mark live objects
[35.363s][info][gc,phases      ] GC(232) Phase 1: Mark live objects 24.714ms
[35.363s][info][gc,phases,start] GC(232) Phase 2: Prepare compaction
[35.366s][info][gc,phases      ] GC(232) Phase 2: Prepare compaction 2.624ms
[35.366s][info][gc,phases,start] GC(232) Phase 3: Adjust pointers
[35.374s][info][gc,phases      ] GC(232) Phase 3: Adjust pointers 8.365ms
[35.374s][info][gc,phases,start] GC(232) Phase 4: Compact heap
[35.375s][info][gc,phases      ] GC(232) Phase 4: Compact heap 0.830ms
[35.387s][info][gc,heap        ] GC(232) Eden regions: 347->0(84)
[35.387s][info][gc,heap        ] GC(232) Survivor regions: 2->0(44)
[35.387s][info][gc,heap        ] GC(232) Old regions: 42->42
[35.387s][info][gc,heap        ] GC(232) Archive regions: 0->0
[35.387s][info][gc,heap        ] GC(232) Humongous regions: 0->0
[35.387s][info][gc,metaspace   ] GC(232) Metaspace: 73387K(74944K)->73387K(74944K) NonClass: 58119K(58944K)->58119K(58944K) Class: 15268K(16000K)->15268K(16000K)
[35.388s][info][gc             ] GC(232) Pause Full (System.gc()) 385M->35M(140M) 50.204ms
[35.388s][info][gc,cpu         ] GC(232) User=0.48s Sys=0.00s Real=0.04s
[35.436s][info][gc,start       ] GC(233) Pause Young (Concurrent Start) (G1 Evacuation Pause)
[35.436s][info][gc,task        ] GC(233) Using 33 workers of 33 for evacuation
[35.439s][info][gc,phases      ] GC(233)   Pre Evacuate Collection Set: 0.3ms
[35.439s][info][gc,phases      ] GC(233)   Merge Heap Roots: 0.2ms
[35.439s][info][gc,phases      ] GC(233)   Evacuate Collection Set: 1.4ms
[35.439s][info][gc,phases      ] GC(233)   Post Evacuate Collection Set: 0.7ms
[35.439s][info][gc,phases      ] GC(233)   Other: 0.1ms
[35.439s][info][gc,heap        ] GC(233) Eden regions: 84->0(80)
[35.439s][info][gc,heap        ] GC(233) Survivor regions: 0->4(11)
[35.439s][info][gc,heap        ] GC(233) Old regions: 42->42
[35.439s][info][gc,heap        ] GC(233) Archive regions: 0->0
[35.439s][info][gc,heap        ] GC(233) Humongous regions: 0->0
[35.439s][info][gc,metaspace   ] GC(233) Metaspace: 73490K(74944K)->73490K(74944K) NonClass: 58221K(58944K)->58221K(58944K) Class: 15268K(16000K)->15268K(16000K)
[35.439s][info][gc             ] GC(233) Pause Young (Concurrent Start) (G1 Evacuation Pause) 119M->39M(140M) 2.864ms
[35.439s][info][gc             ] GC(234) Concurrent Mark Cycle
[35.439s][info][gc,cpu         ] GC(233) User=0.00s Sys=0.00s Real=0.00s
[35.439s][info][gc,marking     ] GC(234) Concurrent Scan Root Regions
[35.443s][info][gc,marking     ] GC(234) Concurrent Scan Root Regions 4.172ms
[35.443s][info][gc,marking     ] GC(234) Concurrent Mark
[35.443s][info][gc,marking     ] GC(234) Concurrent Mark From Roots
[35.443s][info][gc,task        ] GC(234) Using 8 workers of 8 for marking
[35.453s][info][gc,marking     ] GC(234) Concurrent Mark From Roots 10.081ms
[35.454s][info][gc,marking     ] GC(234) Concurrent Preclean
[35.454s][info][gc,marking     ] GC(234) Concurrent Preclean 0.161ms
[35.454s][info][gc,start       ] GC(234) Pause Remark
[35.457s][info][gc             ] GC(234) Pause Remark 80M->80M(147M) 2.792ms
[35.457s][info][gc,cpu         ] GC(234) User=0.00s Sys=0.00s Real=0.00s
[35.457s][info][gc,marking     ] GC(234) Concurrent Mark 13.873ms
[35.457s][info][gc,marking     ] GC(234) Concurrent Rebuild Remembered Sets and Scrub Regions
[35.462s][info][gc,marking     ] GC(234) Concurrent Rebuild Remembered Sets and Scrub Regions 4.344ms
[35.462s][info][gc,start       ] GC(234) Pause Cleanup
[35.462s][info][gc             ] GC(234) Pause Cleanup 92M->92M(147M) 0.132ms
[35.462s][info][gc,cpu         ] GC(234) User=0.00s Sys=0.00s Real=0.00s
[35.462s][info][gc,marking     ] GC(234) Concurrent Clear Claimed Marks
[35.462s][info][gc,marking     ] GC(234) Concurrent Clear Claimed Marks 0.071ms
[35.462s][info][gc,marking     ] GC(234) Concurrent Cleanup for Next Mark
[35.463s][info][gc,marking     ] GC(234) Concurrent Cleanup for Next Mark 0.254ms
[35.463s][info][gc             ] GC(234) Concurrent Mark Cycle 23.537ms
[35.469s][info][gc,start       ] GC(235) Pause Young (Prepare Mixed) (G1 Evacuation Pause)
[35.469s][info][gc,task        ] GC(235) Using 33 workers of 33 for evacuation
[35.471s][info][gc,phases      ] GC(235)   Pre Evacuate Collection Set: 0.2ms
[35.471s][info][gc,phases      ] GC(235)   Merge Heap Roots: 0.2ms
[35.471s][info][gc,phases      ] GC(235)   Evacuate Collection Set: 1.1ms
[35.471s][info][gc,phases      ] GC(235)   Post Evacuate Collection Set: 0.6ms
[35.471s][info][gc,phases      ] GC(235)   Other: 0.1ms
[35.471s][info][gc,heap        ] GC(235) Eden regions: 80->0(84)
[35.471s][info][gc,heap        ] GC(235) Survivor regions: 4->4(11)
[35.471s][info][gc,heap        ] GC(235) Old regions: 42->42
[35.471s][info][gc,heap        ] GC(235) Archive regions: 0->0
[35.471s][info][gc,heap        ] GC(235) Humongous regions: 0->0
[35.472s][info][gc,metaspace   ] GC(235) Metaspace: 73490K(74944K)->73490K(74944K) NonClass: 58221K(58944K)->58221K(58944K) Class: 15268K(16000K)->15268K(16000K)
[35.472s][info][gc             ] GC(235) Pause Young (Prepare Mixed) (G1 Evacuation Pause) 119M->39M(147M) 2.357ms
[35.472s][info][gc,cpu         ] GC(235) User=0.00s Sys=0.00s Real=0.00s
[35.493s][info][gc,start       ] GC(236) Pause Young (Mixed) (G1 Evacuation Pause)
[35.493s][info][gc,task        ] GC(236) Using 33 workers of 33 for evacuation
[35.496s][info][gc,phases      ] GC(236)   Pre Evacuate Collection Set: 0.2ms
[35.496s][info][gc,phases      ] GC(236)   Merge Heap Roots: 0.1ms
[35.496s][info][gc,phases      ] GC(236)   Evacuate Collection Set: 1.2ms
[35.496s][info][gc,phases      ] GC(236)   Post Evacuate Collection Set: 0.6ms
[35.496s][info][gc,phases      ] GC(236)   Other: 0.1ms
[35.496s][info][gc,heap        ] GC(236) Eden regions: 84->0(84)
[35.496s][info][gc,heap        ] GC(236) Survivor regions: 4->4(11)
[35.496s][info][gc,heap        ] GC(236) Old regions: 42->41
[35.496s][info][gc,heap        ] GC(236) Archive regions: 0->0
[35.496s][info][gc,heap        ] GC(236) Humongous regions: 0->0
[35.496s][info][gc,metaspace   ] GC(236) Metaspace: 73490K(74944K)->73490K(74944K) NonClass: 58221K(58944K)->58221K(58944K) Class: 15268K(16000K)->15268K(16000K)
[35.496s][info][gc             ] GC(236) Pause Young (Mixed) (G1 Evacuation Pause) 123M->39M(147M) 2.496ms
[35.496s][info][gc,cpu         ] GC(236) User=0.00s Sys=0.00s Real=0.00s
[35.527s][info][gc,start       ] GC(237) Pause Young (Normal) (G1 Evacuation Pause)
[35.527s][info][gc,task        ] GC(237) Using 33 workers of 33 for evacuation
[35.530s][info][gc,phases      ] GC(237)   Pre Evacuate Collection Set: 0.2ms
[35.530s][info][gc,phases      ] GC(237)   Merge Heap Roots: 0.1ms
[35.530s][info][gc,phases      ] GC(237)   Evacuate Collection Set: 1.3ms
[35.530s][info][gc,phases      ] GC(237)   Post Evacuate Collection Set: 0.7ms
[35.530s][info][gc,phases      ] GC(237)   Other: 0.1ms
[35.530s][info][gc,heap        ] GC(237) Eden regions: 84->0(84)
[35.530s][info][gc,heap        ] GC(237) Survivor regions: 4->4(11)
[35.530s][info][gc,heap        ] GC(237) Old regions: 41->41
[35.530s][info][gc,heap        ] GC(237) Archive regions: 0->0
[35.530s][info][gc,heap        ] GC(237) Humongous regions: 0->0
[35.530s][info][gc,metaspace   ] GC(237) Metaspace: 73490K(74944K)->73490K(74944K) NonClass: 58221K(58944K)->58221K(58944K) Class: 15268K(16000K)->15268K(16000K)
[35.530s][info][gc             ] GC(237) Pause Young (Normal) (G1 Evacuation Pause) 123M->39M(147M) 2.740ms
[35.530s][info][gc,cpu         ] GC(237) User=0.00s Sys=0.00s Real=0.00s
[35.562s][info][gc,start       ] GC(238) Pause Young (Normal) (G1 Evacuation Pause)
[35.562s][info][gc,task        ] GC(238) Using 33 workers of 33 for evacuation
[35.567s][info][gc,phases      ] GC(238)   Pre Evacuate Collection Set: 0.2ms
[35.567s][info][gc,phases      ] GC(238)   Merge Heap Roots: 0.2ms
[35.567s][info][gc,phases      ] GC(238)   Evacuate Collection Set: 1.2ms
[35.567s][info][gc,phases      ] GC(238)   Post Evacuate Collection Set: 3.1ms
[35.567s][info][gc,phases      ] GC(238)   Other: 0.1ms
[35.567s][info][gc,heap        ] GC(238) Eden regions: 84->0(347)
[35.567s][info][gc,heap        ] GC(238) Survivor regions: 4->4(11)
[35.567s][info][gc,heap        ] GC(238) Old regions: 41->41
[35.567s][info][gc,heap        ] GC(238) Archive regions: 0->0
[35.567s][info][gc,heap        ] GC(238) Humongous regions: 0->0
[35.567s][info][gc,metaspace   ] GC(238) Metaspace: 73490K(74944K)->73490K(74944K) NonClass: 58221K(58944K)->58221K(58944K) Class: 15268K(16000K)->15268K(16000K)
[35.567s][info][gc             ] GC(238) Pause Young (Normal) (G1 Evacuation Pause) 123M->39M(586M) 4.980ms
[35.567s][info][gc,cpu         ] GC(238) User=0.00s Sys=0.00s Real=0.00s
[35.773s][info][gc,start       ] GC(239) Pause Young (Normal) (G1 Evacuation Pause)
[35.773s][info][gc,task        ] GC(239) Using 33 workers of 33 for evacuation
[35.777s][info][gc,phases      ] GC(239)   Pre Evacuate Collection Set: 0.2ms
[35.777s][info][gc,phases      ] GC(239)   Merge Heap Roots: 0.2ms
[35.777s][info][gc,phases      ] GC(239)   Evacuate Collection Set: 2.5ms
[35.777s][info][gc,phases      ] GC(239)   Post Evacuate Collection Set: 0.7ms
[35.777s][info][gc,phases      ] GC(239)   Other: 0.1ms
[35.777s][info][gc,heap        ] GC(239) Eden regions: 347->0(346)
[35.777s][info][gc,heap        ] GC(239) Survivor regions: 4->5(44)
[35.777s][info][gc,heap        ] GC(239) Old regions: 41->41
[35.777s][info][gc,heap        ] GC(239) Archive regions: 0->0
[35.777s][info][gc,heap        ] GC(239) Humongous regions: 0->0
[35.777s][info][gc,metaspace   ] GC(239) Metaspace: 73490K(74944K)->73490K(74944K) NonClass: 58221K(58944K)->58221K(58944K) Class: 15268K(16000K)->15268K(16000K)
[35.777s][info][gc             ] GC(239) Pause Young (Normal) (G1 Evacuation Pause) 386M->39M(586M) 3.979ms
[35.777s][info][gc,cpu         ] GC(239) User=0.00s Sys=0.00s Real=0.00s
[35.864s][info][gc,start       ] GC(240) Pause Young (Normal) (G1 Evacuation Pause)
[35.864s][info][gc,task        ] GC(240) Using 33 workers of 33 for evacuation
[35.867s][info][gc,phases      ] GC(240)   Pre Evacuate Collection Set: 0.2ms
[35.867s][info][gc,phases      ] GC(240)   Merge Heap Roots: 0.2ms
[35.867s][info][gc,phases      ] GC(240)   Evacuate Collection Set: 2.3ms
[35.867s][info][gc,phases      ] GC(240)   Post Evacuate Collection Set: 0.7ms
[35.868s][info][gc,phases      ] GC(240)   Other: 0.1ms
[35.868s][info][gc,heap        ] GC(240) Eden regions: 346->0(346)
[35.868s][info][gc,heap        ] GC(240) Survivor regions: 5->5(44)
[35.868s][info][gc,heap        ] GC(240) Old regions: 41->41
[35.868s][info][gc,heap        ] GC(240) Archive regions: 0->0
[35.868s][info][gc,heap        ] GC(240) Humongous regions: 0->0
[35.868s][info][gc,metaspace   ] GC(240) Metaspace: 73490K(74944K)->73490K(74944K) NonClass: 58221K(58944K)->58221K(58944K) Class: 15268K(16000K)->15268K(16000K)
[35.868s][info][gc             ] GC(240) Pause Young (Normal) (G1 Evacuation Pause) 385M->39M(586M) 3.744ms
[35.868s][info][gc,cpu         ] GC(240) User=0.00s Sys=0.00s Real=0.00s
[35.955s][info][gc,start       ] GC(241) Pause Young (Normal) (G1 Evacuation Pause)
[35.955s][info][gc,task        ] GC(241) Using 33 workers of 33 for evacuation
[35.957s][info][gc,phases      ] GC(241)   Pre Evacuate Collection Set: 0.2ms
[35.957s][info][gc,phases      ] GC(241)   Merge Heap Roots: 0.2ms
[35.957s][info][gc,phases      ] GC(241)   Evacuate Collection Set: 1.2ms
[35.957s][info][gc,phases      ] GC(241)   Post Evacuate Collection Set: 0.7ms
[35.957s][info][gc,phases      ] GC(241)   Other: 0.1ms
[35.957s][info][gc,heap        ] GC(241) Eden regions: 346->0(347)
[35.957s][info][gc,heap        ] GC(241) Survivor regions: 5->4(44)
[35.957s][info][gc,heap        ] GC(241) Old regions: 41->41
[35.957s][info][gc,heap        ] GC(241) Archive regions: 0->0
[35.957s][info][gc,heap        ] GC(241) Humongous regions: 0->0
[35.957s][info][gc,metaspace   ] GC(241) Metaspace: 73490K(74944K)->73490K(74944K) NonClass: 58221K(58944K)->58221K(58944K) Class: 15268K(16000K)->15268K(16000K)
[35.957s][info][gc             ] GC(241) Pause Young (Normal) (G1 Evacuation Pause) 385M->39M(586M) 2.583ms
[35.957s][info][gc,cpu         ] GC(241) User=0.00s Sys=0.00s Real=0.00s
[36.044s][info][gc,start       ] GC(242) Pause Young (Normal) (G1 Evacuation Pause)
[36.045s][info][gc,task        ] GC(242) Using 33 workers of 33 for evacuation
[36.047s][info][gc,phases      ] GC(242)   Pre Evacuate Collection Set: 0.2ms
[36.047s][info][gc,phases      ] GC(242)   Merge Heap Roots: 0.2ms
[36.047s][info][gc,phases      ] GC(242)   Evacuate Collection Set: 1.5ms
[36.047s][info][gc,phases      ] GC(242)   Post Evacuate Collection Set: 0.7ms
[36.047s][info][gc,phases      ] GC(242)   Other: 0.1ms
[36.047s][info][gc,heap        ] GC(242) Eden regions: 347->0(347)
[36.047s][info][gc,heap        ] GC(242) Survivor regions: 4->4(44)
[36.047s][info][gc,heap        ] GC(242) Old regions: 41->41
[36.047s][info][gc,heap        ] GC(242) Archive regions: 0->0
[36.047s][info][gc,heap        ] GC(242) Humongous regions: 0->0
[36.047s][info][gc,metaspace   ] GC(242) Metaspace: 73490K(74944K)->73490K(74944K) NonClass: 58221K(58944K)->58221K(58944K) Class: 15268K(16000K)->15268K(16000K)
[36.047s][info][gc             ] GC(242) Pause Young (Normal) (G1 Evacuation Pause) 386M->39M(586M) 2.950ms
[36.047s][info][gc,cpu         ] GC(242) User=0.00s Sys=0.00s Real=0.00s
[36.135s][info][gc,start       ] GC(243) Pause Young (Normal) (G1 Evacuation Pause)
[36.135s][info][gc,task        ] GC(243) Using 33 workers of 33 for evacuation
[36.137s][info][gc,phases      ] GC(243)   Pre Evacuate Collection Set: 0.2ms
[36.137s][info][gc,phases      ] GC(243)   Merge Heap Roots: 0.2ms
[36.137s][info][gc,phases      ] GC(243)   Evacuate Collection Set: 1.1ms
[36.137s][info][gc,phases      ] GC(243)   Post Evacuate Collection Set: 0.7ms
[36.137s][info][gc,phases      ] GC(243)   Other: 0.1ms
[36.137s][info][gc,heap        ] GC(243) Eden regions: 347->0(347)
[36.137s][info][gc,heap        ] GC(243) Survivor regions: 4->4(44)
[36.137s][info][gc,heap        ] GC(243) Old regions: 41->41
[36.137s][info][gc,heap        ] GC(243) Archive regions: 0->0
[36.137s][info][gc,heap        ] GC(243) Humongous regions: 0->0
[36.137s][info][gc,metaspace   ] GC(243) Metaspace: 73490K(74944K)->73490K(74944K) NonClass: 58221K(58944K)->58221K(58944K) Class: 15268K(16000K)->15268K(16000K)
[36.137s][info][gc             ] GC(243) Pause Young (Normal) (G1 Evacuation Pause) 386M->39M(586M) 2.602ms
[36.137s][info][gc,cpu         ] GC(243) User=0.00s Sys=0.00s Real=0.00s
[36.225s][info][gc,start       ] GC(244) Pause Young (Normal) (G1 Evacuation Pause)
[36.225s][info][gc,task        ] GC(244) Using 33 workers of 33 for evacuation
[36.227s][info][gc,phases      ] GC(244)   Pre Evacuate Collection Set: 0.2ms
[36.227s][info][gc,phases      ] GC(244)   Merge Heap Roots: 0.2ms
[36.227s][info][gc,phases      ] GC(244)   Evacuate Collection Set: 1.2ms
[36.227s][info][gc,phases      ] GC(244)   Post Evacuate Collection Set: 0.7ms
[36.227s][info][gc,phases      ] GC(244)   Other: 0.1ms
[36.227s][info][gc,heap        ] GC(244) Eden regions: 347->0(347)
[36.227s][info][gc,heap        ] GC(244) Survivor regions: 4->4(44)
[36.227s][info][gc,heap        ] GC(244) Old regions: 41->41
[36.227s][info][gc,heap        ] GC(244) Archive regions: 0->0
[36.227s][info][gc,heap        ] GC(244) Humongous regions: 0->0
[36.227s][info][gc,metaspace   ] GC(244) Metaspace: 73490K(74944K)->73490K(74944K) NonClass: 58221K(58944K)->58221K(58944K) Class: 15268K(16000K)->15268K(16000K)
[36.227s][info][gc             ] GC(244) Pause Young (Normal) (G1 Evacuation Pause) 386M->39M(586M) 2.579ms
[36.227s][info][gc,cpu         ] GC(244) User=0.00s Sys=0.00s Real=0.00s
[36.314s][info][gc,start       ] GC(245) Pause Young (Normal) (G1 Evacuation Pause)
[36.314s][info][gc,task        ] GC(245) Using 33 workers of 33 for evacuation
[36.317s][info][gc,phases      ] GC(245)   Pre Evacuate Collection Set: 0.2ms
[36.317s][info][gc,phases      ] GC(245)   Merge Heap Roots: 0.2ms
[36.317s][info][gc,phases      ] GC(245)   Evacuate Collection Set: 1.2ms
[36.317s][info][gc,phases      ] GC(245)   Post Evacuate Collection Set: 0.7ms
[36.317s][info][gc,phases      ] GC(245)   Other: 0.1ms
[36.317s][info][gc,heap        ] GC(245) Eden regions: 347->0(347)
[36.317s][info][gc,heap        ] GC(245) Survivor regions: 4->4(44)
[36.317s][info][gc,heap        ] GC(245) Old regions: 41->41
[36.317s][info][gc,heap        ] GC(245) Archive regions: 0->0
[36.317s][info][gc,heap        ] GC(245) Humongous regions: 0->0
[36.317s][info][gc,metaspace   ] GC(245) Metaspace: 73490K(74944K)->73490K(74944K) NonClass: 58221K(58944K)->58221K(58944K) Class: 15268K(16000K)->15268K(16000K)
[36.317s][info][gc             ] GC(245) Pause Young (Normal) (G1 Evacuation Pause) 386M->39M(586M) 2.615ms
[36.317s][info][gc,cpu         ] GC(245) User=0.00s Sys=0.00s Real=0.00s
[36.404s][info][gc,start       ] GC(246) Pause Young (Normal) (G1 Evacuation Pause)
[36.404s][info][gc,task        ] GC(246) Using 33 workers of 33 for evacuation
[36.406s][info][gc,phases      ] GC(246)   Pre Evacuate Collection Set: 0.2ms
[36.406s][info][gc,phases      ] GC(246)   Merge Heap Roots: 0.2ms
[36.406s][info][gc,phases      ] GC(246)   Evacuate Collection Set: 1.1ms
[36.406s][info][gc,phases      ] GC(246)   Post Evacuate Collection Set: 0.6ms
[36.406s][info][gc,phases      ] GC(246)   Other: 0.1ms
[36.406s][info][gc,heap        ] GC(246) Eden regions: 347->0(347)
[36.406s][info][gc,heap        ] GC(246) Survivor regions: 4->4(44)
[36.406s][info][gc,heap        ] GC(246) Old regions: 41->41
[36.406s][info][gc,heap        ] GC(246) Archive regions: 0->0
[36.406s][info][gc,heap        ] GC(246) Humongous regions: 0->0
[36.406s][info][gc,metaspace   ] GC(246) Metaspace: 73490K(74944K)->73490K(74944K) NonClass: 58221K(58944K)->58221K(58944K) Class: 15268K(16000K)->15268K(16000K)
[36.406s][info][gc             ] GC(246) Pause Young (Normal) (G1 Evacuation Pause) 386M->39M(586M) 2.484ms
[36.406s][info][gc,cpu         ] GC(246) User=0.00s Sys=0.00s Real=0.00s
[36.493s][info][gc,start       ] GC(247) Pause Young (Normal) (G1 Evacuation Pause)
[36.494s][info][gc,task        ] GC(247) Using 33 workers of 33 for evacuation
[36.496s][info][gc,phases      ] GC(247)   Pre Evacuate Collection Set: 0.2ms
[36.496s][info][gc,phases      ] GC(247)   Merge Heap Roots: 0.2ms
[36.496s][info][gc,phases      ] GC(247)   Evacuate Collection Set: 1.2ms
[36.496s][info][gc,phases      ] GC(247)   Post Evacuate Collection Set: 0.7ms
[36.496s][info][gc,phases      ] GC(247)   Other: 0.1ms
[36.496s][info][gc,heap        ] GC(247) Eden regions: 347->0(347)
[36.496s][info][gc,heap        ] GC(247) Survivor regions: 4->4(44)
[36.496s][info][gc,heap        ] GC(247) Old regions: 41->41
[36.496s][info][gc,heap        ] GC(247) Archive regions: 0->0
[36.496s][info][gc,heap        ] GC(247) Humongous regions: 0->0
[36.496s][info][gc,metaspace   ] GC(247) Metaspace: 73490K(74944K)->73490K(74944K) NonClass: 58221K(58944K)->58221K(58944K) Class: 15268K(16000K)->15268K(16000K)
[36.496s][info][gc             ] GC(247) Pause Young (Normal) (G1 Evacuation Pause) 386M->39M(586M) 2.590ms
[36.496s][info][gc,cpu         ] GC(247) User=0.00s Sys=0.00s Real=0.00s
[36.583s][info][gc,start       ] GC(248) Pause Young (Normal) (G1 Evacuation Pause)
[36.583s][info][gc,task        ] GC(248) Using 33 workers of 33 for evacuation
[36.586s][info][gc,phases      ] GC(248)   Pre Evacuate Collection Set: 0.2ms
[36.586s][info][gc,phases      ] GC(248)   Merge Heap Roots: 0.2ms
[36.586s][info][gc,phases      ] GC(248)   Evacuate Collection Set: 1.2ms
[36.586s][info][gc,phases      ] GC(248)   Post Evacuate Collection Set: 0.7ms
[36.586s][info][gc,phases      ] GC(248)   Other: 0.1ms
[36.586s][info][gc,heap        ] GC(248) Eden regions: 347->0(347)
[36.586s][info][gc,heap        ] GC(248) Survivor regions: 4->4(44)
[36.586s][info][gc,heap        ] GC(248) Old regions: 41->41
[36.586s][info][gc,heap        ] GC(248) Archive regions: 0->0
[36.586s][info][gc,heap        ] GC(248) Humongous regions: 0->0
[36.586s][info][gc,metaspace   ] GC(248) Metaspace: 73490K(74944K)->73490K(74944K) NonClass: 58221K(58944K)->58221K(58944K) Class: 15268K(16000K)->15268K(16000K)
[36.586s][info][gc             ] GC(248) Pause Young (Normal) (G1 Evacuation Pause) 386M->39M(586M) 2.544ms
[36.586s][info][gc,cpu         ] GC(248) User=0.00s Sys=0.00s Real=0.00s
[36.673s][info][gc,start       ] GC(249) Pause Young (Normal) (G1 Evacuation Pause)
[36.673s][info][gc,task        ] GC(249) Using 33 workers of 33 for evacuation
[36.675s][info][gc,phases      ] GC(249)   Pre Evacuate Collection Set: 0.2ms
[36.675s][info][gc,phases      ] GC(249)   Merge Heap Roots: 0.2ms
[36.675s][info][gc,phases      ] GC(249)   Evacuate Collection Set: 1.2ms
[36.675s][info][gc,phases      ] GC(249)   Post Evacuate Collection Set: 0.5ms
[36.675s][info][gc,phases      ] GC(249)   Other: 0.1ms
[36.675s][info][gc,heap        ] GC(249) Eden regions: 347->0(349)
[36.675s][info][gc,heap        ] GC(249) Survivor regions: 4->2(44)
[36.675s][info][gc,heap        ] GC(249) Old regions: 41->43
[36.675s][info][gc,heap        ] GC(249) Archive regions: 0->0
[36.675s][info][gc,heap        ] GC(249) Humongous regions: 0->0
[36.675s][info][gc,metaspace   ] GC(249) Metaspace: 73490K(74944K)->73490K(74944K) NonClass: 58221K(58944K)->58221K(58944K) Class: 15268K(16000K)->15268K(16000K)
[36.676s][info][gc             ] GC(249) Pause Young (Normal) (G1 Evacuation Pause) 386M->39M(586M) 2.447ms
[36.676s][info][gc,cpu         ] GC(249) User=0.00s Sys=0.00s Real=0.00s
[36.764s][info][gc,start       ] GC(250) Pause Young (Normal) (G1 Evacuation Pause)
[36.764s][info][gc,task        ] GC(250) Using 33 workers of 33 for evacuation
[36.766s][info][gc,phases      ] GC(250)   Pre Evacuate Collection Set: 0.2ms
[36.766s][info][gc,phases      ] GC(250)   Merge Heap Roots: 0.2ms
[36.766s][info][gc,phases      ] GC(250)   Evacuate Collection Set: 0.9ms
[36.766s][info][gc,phases      ] GC(250)   Post Evacuate Collection Set: 0.5ms
[36.766s][info][gc,phases      ] GC(250)   Other: 0.2ms
[36.766s][info][gc,heap        ] GC(250) Eden regions: 349->0(349)
[36.766s][info][gc,heap        ] GC(250) Survivor regions: 2->2(44)
[36.766s][info][gc,heap        ] GC(250) Old regions: 43->43
[36.766s][info][gc,heap        ] GC(250) Archive regions: 0->0
[36.766s][info][gc,heap        ] GC(250) Humongous regions: 0->0
[36.766s][info][gc,metaspace   ] GC(250) Metaspace: 73490K(74944K)->73490K(74944K) NonClass: 58221K(58944K)->58221K(58944K) Class: 15268K(16000K)->15268K(16000K)
[36.766s][info][gc             ] GC(250) Pause Young (Normal) (G1 Evacuation Pause) 388M->39M(586M) 2.178ms
[36.766s][info][gc,cpu         ] GC(250) User=0.00s Sys=0.00s Real=0.00s
[36.854s][info][gc,start       ] GC(251) Pause Young (Normal) (G1 Evacuation Pause)
[36.854s][info][gc,task        ] GC(251) Using 33 workers of 33 for evacuation
[36.856s][info][gc,phases      ] GC(251)   Pre Evacuate Collection Set: 0.2ms
[36.856s][info][gc,phases      ] GC(251)   Merge Heap Roots: 0.2ms
[36.856s][info][gc,phases      ] GC(251)   Evacuate Collection Set: 0.8ms
[36.856s][info][gc,phases      ] GC(251)   Post Evacuate Collection Set: 0.5ms
[36.856s][info][gc,phases      ] GC(251)   Other: 0.1ms
[36.856s][info][gc,heap        ] GC(251) Eden regions: 349->0(349)
[36.856s][info][gc,heap        ] GC(251) Survivor regions: 2->2(44)
[36.856s][info][gc,heap        ] GC(251) Old regions: 43->43
[36.856s][info][gc,heap        ] GC(251) Archive regions: 0->0
[36.856s][info][gc,heap        ] GC(251) Humongous regions: 0->0
[36.856s][info][gc,metaspace   ] GC(251) Metaspace: 73490K(74944K)->73490K(74944K) NonClass: 58221K(58944K)->58221K(58944K) Class: 15268K(16000K)->15268K(16000K)
[36.856s][info][gc             ] GC(251) Pause Young (Normal) (G1 Evacuation Pause) 388M->39M(586M) 2.058ms
[36.856s][info][gc,cpu         ] GC(251) User=0.00s Sys=0.00s Real=0.00s
[36.944s][info][gc,start       ] GC(252) Pause Young (Normal) (G1 Evacuation Pause)
[36.944s][info][gc,task        ] GC(252) Using 33 workers of 33 for evacuation
[36.946s][info][gc,phases      ] GC(252)   Pre Evacuate Collection Set: 0.2ms
[36.946s][info][gc,phases      ] GC(252)   Merge Heap Roots: 0.2ms
[36.946s][info][gc,phases      ] GC(252)   Evacuate Collection Set: 0.9ms
[36.946s][info][gc,phases      ] GC(252)   Post Evacuate Collection Set: 0.5ms
[36.946s][info][gc,phases      ] GC(252)   Other: 0.1ms
[36.946s][info][gc,heap        ] GC(252) Eden regions: 349->0(349)
[36.946s][info][gc,heap        ] GC(252) Survivor regions: 2->2(44)
[36.946s][info][gc,heap        ] GC(252) Old regions: 43->43
[36.946s][info][gc,heap        ] GC(252) Archive regions: 0->0
[36.946s][info][gc,heap        ] GC(252) Humongous regions: 0->0
[36.946s][info][gc,metaspace   ] GC(252) Metaspace: 73490K(74944K)->73490K(74944K) NonClass: 58221K(58944K)->58221K(58944K) Class: 15268K(16000K)->15268K(16000K)
[36.946s][info][gc             ] GC(252) Pause Young (Normal) (G1 Evacuation Pause) 388M->39M(586M) 2.119ms
[36.946s][info][gc,cpu         ] GC(252) User=0.00s Sys=0.00s Real=0.00s
[37.034s][info][gc,start       ] GC(253) Pause Young (Normal) (G1 Evacuation Pause)
[37.034s][info][gc,task        ] GC(253) Using 33 workers of 33 for evacuation
[37.036s][info][gc,phases      ] GC(253)   Pre Evacuate Collection Set: 0.2ms
[37.036s][info][gc,phases      ] GC(253)   Merge Heap Roots: 0.2ms
[37.036s][info][gc,phases      ] GC(253)   Evacuate Collection Set: 0.8ms
[37.036s][info][gc,phases      ] GC(253)   Post Evacuate Collection Set: 0.5ms
[37.036s][info][gc,phases      ] GC(253)   Other: 0.1ms
[37.036s][info][gc,heap        ] GC(253) Eden regions: 349->0(349)
[37.036s][info][gc,heap        ] GC(253) Survivor regions: 2->2(44)
[37.036s][info][gc,heap        ] GC(253) Old regions: 43->43
[37.036s][info][gc,heap        ] GC(253) Archive regions: 0->0
[37.036s][info][gc,heap        ] GC(253) Humongous regions: 0->0
[37.036s][info][gc,metaspace   ] GC(253) Metaspace: 73490K(74944K)->73490K(74944K) NonClass: 58221K(58944K)->58221K(58944K) Class: 15268K(16000K)->15268K(16000K)
[37.036s][info][gc             ] GC(253) Pause Young (Normal) (G1 Evacuation Pause) 388M->39M(586M) 2.096ms
[37.036s][info][gc,cpu         ] GC(253) User=0.00s Sys=0.00s Real=0.00s
[37.124s][info][gc,start       ] GC(254) Pause Young (Normal) (G1 Evacuation Pause)
[37.124s][info][gc,task        ] GC(254) Using 33 workers of 33 for evacuation
[37.126s][info][gc,phases      ] GC(254)   Pre Evacuate Collection Set: 0.2ms
[37.126s][info][gc,phases      ] GC(254)   Merge Heap Roots: 0.2ms
[37.126s][info][gc,phases      ] GC(254)   Evacuate Collection Set: 0.8ms
[37.126s][info][gc,phases      ] GC(254)   Post Evacuate Collection Set: 0.5ms
[37.126s][info][gc,phases      ] GC(254)   Other: 0.1ms
[37.126s][info][gc,heap        ] GC(254) Eden regions: 349->0(349)
[37.126s][info][gc,heap        ] GC(254) Survivor regions: 2->2(44)
[37.126s][info][gc,heap        ] GC(254) Old regions: 43->43
[37.126s][info][gc,heap        ] GC(254) Archive regions: 0->0
[37.126s][info][gc,heap        ] GC(254) Humongous regions: 0->0
[37.126s][info][gc,metaspace   ] GC(254) Metaspace: 73490K(74944K)->73490K(74944K) NonClass: 58221K(58944K)->58221K(58944K) Class: 15268K(16000K)->15268K(16000K)
[37.126s][info][gc             ] GC(254) Pause Young (Normal) (G1 Evacuation Pause) 388M->39M(586M) 2.013ms
[37.126s][info][gc,cpu         ] GC(254) User=0.00s Sys=0.00s Real=0.00s
[37.214s][info][gc,start       ] GC(255) Pause Young (Normal) (G1 Evacuation Pause)
[37.214s][info][gc,task        ] GC(255) Using 33 workers of 33 for evacuation
[37.216s][info][gc,phases      ] GC(255)   Pre Evacuate Collection Set: 0.2ms
[37.216s][info][gc,phases      ] GC(255)   Merge Heap Roots: 0.2ms
[37.216s][info][gc,phases      ] GC(255)   Evacuate Collection Set: 0.9ms
[37.216s][info][gc,phases      ] GC(255)   Post Evacuate Collection Set: 0.5ms
[37.216s][info][gc,phases      ] GC(255)   Other: 0.1ms
[37.216s][info][gc,heap        ] GC(255) Eden regions: 349->0(349)
[37.216s][info][gc,heap        ] GC(255) Survivor regions: 2->2(44)
[37.216s][info][gc,heap        ] GC(255) Old regions: 43->43
[37.216s][info][gc,heap        ] GC(255) Archive regions: 0->0
[37.216s][info][gc,heap        ] GC(255) Humongous regions: 0->0
[37.216s][info][gc,metaspace   ] GC(255) Metaspace: 73490K(74944K)->73490K(74944K) NonClass: 58221K(58944K)->58221K(58944K) Class: 15268K(16000K)->15268K(16000K)
[37.216s][info][gc             ] GC(255) Pause Young (Normal) (G1 Evacuation Pause) 388M->39M(586M) 2.072ms
[37.216s][info][gc,cpu         ] GC(255) User=0.00s Sys=0.00s Real=0.00s
[37.304s][info][gc,start       ] GC(256) Pause Young (Normal) (G1 Evacuation Pause)
[37.304s][info][gc,task        ] GC(256) Using 33 workers of 33 for evacuation
[37.306s][info][gc,phases      ] GC(256)   Pre Evacuate Collection Set: 0.2ms
[37.306s][info][gc,phases      ] GC(256)   Merge Heap Roots: 0.2ms
[37.306s][info][gc,phases      ] GC(256)   Evacuate Collection Set: 0.8ms
[37.306s][info][gc,phases      ] GC(256)   Post Evacuate Collection Set: 0.5ms
[37.306s][info][gc,phases      ] GC(256)   Other: 0.1ms
[37.306s][info][gc,heap        ] GC(256) Eden regions: 349->0(349)
[37.306s][info][gc,heap        ] GC(256) Survivor regions: 2->2(44)
[37.306s][info][gc,heap        ] GC(256) Old regions: 43->43
[37.306s][info][gc,heap        ] GC(256) Archive regions: 0->0
[37.306s][info][gc,heap        ] GC(256) Humongous regions: 0->0
[37.306s][info][gc,metaspace   ] GC(256) Metaspace: 73490K(74944K)->73490K(74944K) NonClass: 58221K(58944K)->58221K(58944K) Class: 15268K(16000K)->15268K(16000K)
[37.306s][info][gc             ] GC(256) Pause Young (Normal) (G1 Evacuation Pause) 388M->39M(586M) 2.116ms
[37.306s][info][gc,cpu         ] GC(256) User=0.00s Sys=0.00s Real=0.00s
[37.394s][info][gc,start       ] GC(257) Pause Young (Normal) (G1 Evacuation Pause)
[37.394s][info][gc,task        ] GC(257) Using 33 workers of 33 for evacuation
[37.396s][info][gc,phases      ] GC(257)   Pre Evacuate Collection Set: 0.2ms
[37.396s][info][gc,phases      ] GC(257)   Merge Heap Roots: 0.2ms
[37.396s][info][gc,phases      ] GC(257)   Evacuate Collection Set: 0.8ms
[37.396s][info][gc,phases      ] GC(257)   Post Evacuate Collection Set: 0.5ms
[37.396s][info][gc,phases      ] GC(257)   Other: 0.1ms
[37.396s][info][gc,heap        ] GC(257) Eden regions: 349->0(349)
[37.396s][info][gc,heap        ] GC(257) Survivor regions: 2->2(44)
[37.396s][info][gc,heap        ] GC(257) Old regions: 43->43
[37.396s][info][gc,heap        ] GC(257) Archive regions: 0->0
[37.396s][info][gc,heap        ] GC(257) Humongous regions: 0->0
[37.396s][info][gc,metaspace   ] GC(257) Metaspace: 73490K(74944K)->73490K(74944K) NonClass: 58221K(58944K)->58221K(58944K) Class: 15268K(16000K)->15268K(16000K)
[37.396s][info][gc             ] GC(257) Pause Young (Normal) (G1 Evacuation Pause) 388M->39M(586M) 2.074ms
[37.396s][info][gc,cpu         ] GC(257) User=0.00s Sys=0.00s Real=0.00s
[37.484s][info][gc,start       ] GC(258) Pause Young (Normal) (G1 Evacuation Pause)
[37.484s][info][gc,task        ] GC(258) Using 33 workers of 33 for evacuation
[37.486s][info][gc,phases      ] GC(258)   Pre Evacuate Collection Set: 0.2ms
[37.486s][info][gc,phases      ] GC(258)   Merge Heap Roots: 0.2ms
[37.486s][info][gc,phases      ] GC(258)   Evacuate Collection Set: 0.9ms
[37.486s][info][gc,phases      ] GC(258)   Post Evacuate Collection Set: 0.5ms
[37.486s][info][gc,phases      ] GC(258)   Other: 0.1ms
[37.486s][info][gc,heap        ] GC(258) Eden regions: 349->0(349)
[37.486s][info][gc,heap        ] GC(258) Survivor regions: 2->2(44)
[37.486s][info][gc,heap        ] GC(258) Old regions: 43->43
[37.486s][info][gc,heap        ] GC(258) Archive regions: 0->0
[37.486s][info][gc,heap        ] GC(258) Humongous regions: 0->0
[37.486s][info][gc,metaspace   ] GC(258) Metaspace: 73490K(74944K)->73490K(74944K) NonClass: 58221K(58944K)->58221K(58944K) Class: 15268K(16000K)->15268K(16000K)
[37.486s][info][gc             ] GC(258) Pause Young (Normal) (G1 Evacuation Pause) 388M->39M(586M) 2.105ms
[37.486s][info][gc,cpu         ] GC(258) User=0.00s Sys=0.00s Real=0.00s
[37.574s][info][gc,start       ] GC(259) Pause Young (Normal) (G1 Evacuation Pause)
[37.574s][info][gc,task        ] GC(259) Using 33 workers of 33 for evacuation
[37.576s][info][gc,phases      ] GC(259)   Pre Evacuate Collection Set: 0.2ms
[37.576s][info][gc,phases      ] GC(259)   Merge Heap Roots: 0.2ms
[37.576s][info][gc,phases      ] GC(259)   Evacuate Collection Set: 0.8ms
[37.576s][info][gc,phases      ] GC(259)   Post Evacuate Collection Set: 0.5ms
[37.576s][info][gc,phases      ] GC(259)   Other: 0.1ms
[37.576s][info][gc,heap        ] GC(259) Eden regions: 349->0(349)
[37.576s][info][gc,heap        ] GC(259) Survivor regions: 2->2(44)
[37.576s][info][gc,heap        ] GC(259) Old regions: 43->43
[37.576s][info][gc,heap        ] GC(259) Archive regions: 0->0
[37.576s][info][gc,heap        ] GC(259) Humongous regions: 0->0
[37.576s][info][gc,metaspace   ] GC(259) Metaspace: 73490K(74944K)->73490K(74944K) NonClass: 58221K(58944K)->58221K(58944K) Class: 15268K(16000K)->15268K(16000K)
[37.576s][info][gc             ] GC(259) Pause Young (Normal) (G1 Evacuation Pause) 388M->39M(586M) 2.074ms
[37.576s][info][gc,cpu         ] GC(259) User=0.52s Sys=0.00s Real=0.00s
[37.664s][info][gc,start       ] GC(260) Pause Young (Normal) (G1 Evacuation Pause)
[37.664s][info][gc,task        ] GC(260) Using 33 workers of 33 for evacuation
[37.666s][info][gc,phases      ] GC(260)   Pre Evacuate Collection Set: 0.2ms
[37.666s][info][gc,phases      ] GC(260)   Merge Heap Roots: 0.2ms
[37.666s][info][gc,phases      ] GC(260)   Evacuate Collection Set: 0.8ms
[37.666s][info][gc,phases      ] GC(260)   Post Evacuate Collection Set: 0.5ms
[37.666s][info][gc,phases      ] GC(260)   Other: 0.1ms
[37.666s][info][gc,heap        ] GC(260) Eden regions: 349->0(349)
[37.666s][info][gc,heap        ] GC(260) Survivor regions: 2->2(44)
[37.666s][info][gc,heap        ] GC(260) Old regions: 43->43
[37.666s][info][gc,heap        ] GC(260) Archive regions: 0->0
[37.666s][info][gc,heap        ] GC(260) Humongous regions: 0->0
[37.666s][info][gc,metaspace   ] GC(260) Metaspace: 73490K(74944K)->73490K(74944K) NonClass: 58221K(58944K)->58221K(58944K) Class: 15268K(16000K)->15268K(16000K)
[37.666s][info][gc             ] GC(260) Pause Young (Normal) (G1 Evacuation Pause) 388M->39M(586M) 2.013ms
[37.666s][info][gc,cpu         ] GC(260) User=0.00s Sys=0.00s Real=0.00s
[37.754s][info][gc,start       ] GC(261) Pause Young (Normal) (G1 Evacuation Pause)
[37.754s][info][gc,task        ] GC(261) Using 33 workers of 33 for evacuation
[37.756s][info][gc,phases      ] GC(261)   Pre Evacuate Collection Set: 0.2ms
[37.756s][info][gc,phases      ] GC(261)   Merge Heap Roots: 0.2ms
[37.756s][info][gc,phases      ] GC(261)   Evacuate Collection Set: 0.8ms
[37.756s][info][gc,phases      ] GC(261)   Post Evacuate Collection Set: 0.5ms
[37.756s][info][gc,phases      ] GC(261)   Other: 0.1ms
[37.756s][info][gc,heap        ] GC(261) Eden regions: 349->0(349)
[37.756s][info][gc,heap        ] GC(261) Survivor regions: 2->2(44)
[37.756s][info][gc,heap        ] GC(261) Old regions: 43->43
[37.756s][info][gc,heap        ] GC(261) Archive regions: 0->0
[37.756s][info][gc,heap        ] GC(261) Humongous regions: 0->0
[37.756s][info][gc,metaspace   ] GC(261) Metaspace: 73502K(74944K)->73502K(74944K) NonClass: 58234K(58944K)->58234K(58944K) Class: 15268K(16000K)->15268K(16000K)
[37.756s][info][gc             ] GC(261) Pause Young (Normal) (G1 Evacuation Pause) 388M->39M(586M) 2.025ms
[37.756s][info][gc,cpu         ] GC(261) User=0.00s Sys=0.00s Real=0.00s
[37.844s][info][gc,start       ] GC(262) Pause Young (Normal) (G1 Evacuation Pause)
[37.844s][info][gc,task        ] GC(262) Using 33 workers of 33 for evacuation
[37.846s][info][gc,phases      ] GC(262)   Pre Evacuate Collection Set: 0.2ms
[37.846s][info][gc,phases      ] GC(262)   Merge Heap Roots: 0.2ms
[37.846s][info][gc,phases      ] GC(262)   Evacuate Collection Set: 0.9ms
[37.846s][info][gc,phases      ] GC(262)   Post Evacuate Collection Set: 0.5ms
[37.846s][info][gc,phases      ] GC(262)   Other: 0.1ms
[37.846s][info][gc,heap        ] GC(262) Eden regions: 349->0(349)
[37.846s][info][gc,heap        ] GC(262) Survivor regions: 2->2(44)
[37.846s][info][gc,heap        ] GC(262) Old regions: 43->43
[37.846s][info][gc,heap        ] GC(262) Archive regions: 0->0
[37.846s][info][gc,heap        ] GC(262) Humongous regions: 0->0
[37.846s][info][gc,metaspace   ] GC(262) Metaspace: 73502K(74944K)->73502K(74944K) NonClass: 58234K(58944K)->58234K(58944K) Class: 15268K(16000K)->15268K(16000K)
[37.846s][info][gc             ] GC(262) Pause Young (Normal) (G1 Evacuation Pause) 388M->39M(586M) 2.052ms
[37.846s][info][gc,cpu         ] GC(262) User=0.00s Sys=0.00s Real=0.00s
[37.934s][info][gc,start       ] GC(263) Pause Young (Normal) (G1 Evacuation Pause)
[37.934s][info][gc,task        ] GC(263) Using 33 workers of 33 for evacuation
[37.936s][info][gc,phases      ] GC(263)   Pre Evacuate Collection Set: 0.2ms
[37.936s][info][gc,phases      ] GC(263)   Merge Heap Roots: 0.2ms
[37.936s][info][gc,phases      ] GC(263)   Evacuate Collection Set: 0.9ms
[37.936s][info][gc,phases      ] GC(263)   Post Evacuate Collection Set: 0.5ms
[37.936s][info][gc,phases      ] GC(263)   Other: 0.1ms
[37.936s][info][gc,heap        ] GC(263) Eden regions: 349->0(349)
[37.936s][info][gc,heap        ] GC(263) Survivor regions: 2->2(44)
[37.936s][info][gc,heap        ] GC(263) Old regions: 43->43
[37.936s][info][gc,heap        ] GC(263) Archive regions: 0->0
[37.936s][info][gc,heap        ] GC(263) Humongous regions: 0->0
[37.936s][info][gc,metaspace   ] GC(263) Metaspace: 73502K(74944K)->73502K(74944K) NonClass: 58234K(58944K)->58234K(58944K) Class: 15268K(16000K)->15268K(16000K)
[37.936s][info][gc             ] GC(263) Pause Young (Normal) (G1 Evacuation Pause) 388M->39M(586M) 2.088ms
[37.936s][info][gc,cpu         ] GC(263) User=0.52s Sys=0.00s Real=0.00s
[38.024s][info][gc,start       ] GC(264) Pause Young (Normal) (G1 Evacuation Pause)
[38.024s][info][gc,task        ] GC(264) Using 33 workers of 33 for evacuation
[38.026s][info][gc,phases      ] GC(264)   Pre Evacuate Collection Set: 0.2ms
[38.026s][info][gc,phases      ] GC(264)   Merge Heap Roots: 0.2ms
[38.026s][info][gc,phases      ] GC(264)   Evacuate Collection Set: 0.9ms
[38.026s][info][gc,phases      ] GC(264)   Post Evacuate Collection Set: 0.5ms
[38.026s][info][gc,phases      ] GC(264)   Other: 0.1ms
[38.026s][info][gc,heap        ] GC(264) Eden regions: 349->0(349)
[38.026s][info][gc,heap        ] GC(264) Survivor regions: 2->2(44)
[38.026s][info][gc,heap        ] GC(264) Old regions: 43->43
[38.026s][info][gc,heap        ] GC(264) Archive regions: 0->0
[38.026s][info][gc,heap        ] GC(264) Humongous regions: 0->0
[38.026s][info][gc,metaspace   ] GC(264) Metaspace: 73502K(74944K)->73502K(74944K) NonClass: 58234K(58944K)->58234K(58944K) Class: 15268K(16000K)->15268K(16000K)
[38.026s][info][gc             ] GC(264) Pause Young (Normal) (G1 Evacuation Pause) 388M->39M(586M) 2.091ms
[38.026s][info][gc,cpu         ] GC(264) User=0.00s Sys=0.00s Real=0.00s
[38.114s][info][gc,start       ] GC(265) Pause Young (Normal) (G1 Evacuation Pause)
[38.115s][info][gc,task        ] GC(265) Using 33 workers of 33 for evacuation
[38.116s][info][gc,phases      ] GC(265)   Pre Evacuate Collection Set: 0.2ms
[38.116s][info][gc,phases      ] GC(265)   Merge Heap Roots: 0.2ms
[38.116s][info][gc,phases      ] GC(265)   Evacuate Collection Set: 0.8ms
[38.116s][info][gc,phases      ] GC(265)   Post Evacuate Collection Set: 0.5ms
[38.116s][info][gc,phases      ] GC(265)   Other: 0.1ms
[38.116s][info][gc,heap        ] GC(265) Eden regions: 349->0(349)
[38.116s][info][gc,heap        ] GC(265) Survivor regions: 2->2(44)
[38.116s][info][gc,heap        ] GC(265) Old regions: 43->43
[38.116s][info][gc,heap        ] GC(265) Archive regions: 0->0
[38.117s][info][gc,heap        ] GC(265) Humongous regions: 0->0
[38.117s][info][gc,metaspace   ] GC(265) Metaspace: 73502K(74944K)->73502K(74944K) NonClass: 58234K(58944K)->58234K(58944K) Class: 15268K(16000K)->15268K(16000K)
[38.117s][info][gc             ] GC(265) Pause Young (Normal) (G1 Evacuation Pause) 388M->39M(586M) 2.051ms
[38.117s][info][gc,cpu         ] GC(265) User=0.00s Sys=0.00s Real=0.00s
[38.205s][info][gc,start       ] GC(266) Pause Young (Normal) (G1 Evacuation Pause)
[38.205s][info][gc,task        ] GC(266) Using 33 workers of 33 for evacuation
[38.207s][info][gc,phases      ] GC(266)   Pre Evacuate Collection Set: 0.2ms
[38.207s][info][gc,phases      ] GC(266)   Merge Heap Roots: 0.2ms
[38.207s][info][gc,phases      ] GC(266)   Evacuate Collection Set: 0.9ms
[38.207s][info][gc,phases      ] GC(266)   Post Evacuate Collection Set: 0.5ms
[38.207s][info][gc,phases      ] GC(266)   Other: 0.1ms
[38.207s][info][gc,heap        ] GC(266) Eden regions: 349->0(349)
[38.207s][info][gc,heap        ] GC(266) Survivor regions: 2->2(44)
[38.207s][info][gc,heap        ] GC(266) Old regions: 43->43
[38.207s][info][gc,heap        ] GC(266) Archive regions: 0->0
[38.207s][info][gc,heap        ] GC(266) Humongous regions: 0->0
[38.207s][info][gc,metaspace   ] GC(266) Metaspace: 73502K(74944K)->73502K(74944K) NonClass: 58234K(58944K)->58234K(58944K) Class: 15268K(16000K)->15268K(16000K)
[38.207s][info][gc             ] GC(266) Pause Young (Normal) (G1 Evacuation Pause) 388M->39M(586M) 2.136ms
[38.207s][info][gc,cpu         ] GC(266) User=0.00s Sys=0.00s Real=0.00s
[38.295s][info][gc,start       ] GC(267) Pause Young (Normal) (G1 Evacuation Pause)
[38.295s][info][gc,task        ] GC(267) Using 33 workers of 33 for evacuation
[38.297s][info][gc,phases      ] GC(267)   Pre Evacuate Collection Set: 0.2ms
[38.297s][info][gc,phases      ] GC(267)   Merge Heap Roots: 0.2ms
[38.297s][info][gc,phases      ] GC(267)   Evacuate Collection Set: 0.8ms
[38.297s][info][gc,phases      ] GC(267)   Post Evacuate Collection Set: 0.5ms
[38.297s][info][gc,phases      ] GC(267)   Other: 0.1ms
[38.297s][info][gc,heap        ] GC(267) Eden regions: 349->0(349)
[38.297s][info][gc,heap        ] GC(267) Survivor regions: 2->2(44)
[38.297s][info][gc,heap        ] GC(267) Old regions: 43->43
[38.297s][info][gc,heap        ] GC(267) Archive regions: 0->0
[38.297s][info][gc,heap        ] GC(267) Humongous regions: 0->0
[38.297s][info][gc,metaspace   ] GC(267) Metaspace: 73502K(74944K)->73502K(74944K) NonClass: 58234K(58944K)->58234K(58944K) Class: 15268K(16000K)->15268K(16000K)
[38.297s][info][gc             ] GC(267) Pause Young (Normal) (G1 Evacuation Pause) 388M->39M(586M) 2.029ms
[38.297s][info][gc,cpu         ] GC(267) User=0.00s Sys=0.00s Real=0.00s
[38.385s][info][gc,start       ] GC(268) Pause Young (Normal) (G1 Evacuation Pause)
[38.385s][info][gc,task        ] GC(268) Using 33 workers of 33 for evacuation
[38.387s][info][gc,phases      ] GC(268)   Pre Evacuate Collection Set: 0.2ms
[38.387s][info][gc,phases      ] GC(268)   Merge Heap Roots: 0.2ms
[38.387s][info][gc,phases      ] GC(268)   Evacuate Collection Set: 0.9ms
[38.387s][info][gc,phases      ] GC(268)   Post Evacuate Collection Set: 0.5ms
[38.387s][info][gc,phases      ] GC(268)   Other: 0.1ms
[38.387s][info][gc,heap        ] GC(268) Eden regions: 349->0(349)
[38.387s][info][gc,heap        ] GC(268) Survivor regions: 2->2(44)
[38.387s][info][gc,heap        ] GC(268) Old regions: 43->43
[38.387s][info][gc,heap        ] GC(268) Archive regions: 0->0
[38.387s][info][gc,heap        ] GC(268) Humongous regions: 0->0
[38.387s][info][gc,metaspace   ] GC(268) Metaspace: 73502K(74944K)->73502K(74944K) NonClass: 58234K(58944K)->58234K(58944K) Class: 15268K(16000K)->15268K(16000K)
[38.387s][info][gc             ] GC(268) Pause Young (Normal) (G1 Evacuation Pause) 388M->39M(586M) 2.150ms
[38.387s][info][gc,cpu         ] GC(268) User=0.00s Sys=0.00s Real=0.00s
[38.475s][info][gc,start       ] GC(269) Pause Young (Normal) (G1 Evacuation Pause)
[38.475s][info][gc,task        ] GC(269) Using 33 workers of 33 for evacuation
[38.476s][info][gc,phases      ] GC(269)   Pre Evacuate Collection Set: 0.2ms
[38.477s][info][gc,phases      ] GC(269)   Merge Heap Roots: 0.2ms
[38.477s][info][gc,phases      ] GC(269)   Evacuate Collection Set: 0.8ms
[38.477s][info][gc,phases      ] GC(269)   Post Evacuate Collection Set: 0.5ms
[38.477s][info][gc,phases      ] GC(269)   Other: 0.1ms
[38.477s][info][gc,heap        ] GC(269) Eden regions: 349->0(349)
[38.477s][info][gc,heap        ] GC(269) Survivor regions: 2->2(44)
[38.477s][info][gc,heap        ] GC(269) Old regions: 43->43
[38.477s][info][gc,heap        ] GC(269) Archive regions: 0->0
[38.477s][info][gc,heap        ] GC(269) Humongous regions: 0->0
[38.477s][info][gc,metaspace   ] GC(269) Metaspace: 73502K(74944K)->73502K(74944K) NonClass: 58234K(58944K)->58234K(58944K) Class: 15268K(16000K)->15268K(16000K)
[38.477s][info][gc             ] GC(269) Pause Young (Normal) (G1 Evacuation Pause) 388M->39M(586M) 2.063ms
[38.477s][info][gc,cpu         ] GC(269) User=0.00s Sys=0.00s Real=0.00s
[38.565s][info][gc,start       ] GC(270) Pause Young (Normal) (G1 Evacuation Pause)
[38.565s][info][gc,task        ] GC(270) Using 33 workers of 33 for evacuation
[38.566s][info][gc,phases      ] GC(270)   Pre Evacuate Collection Set: 0.2ms
[38.566s][info][gc,phases      ] GC(270)   Merge Heap Roots: 0.2ms
[38.566s][info][gc,phases      ] GC(270)   Evacuate Collection Set: 0.8ms
[38.567s][info][gc,phases      ] GC(270)   Post Evacuate Collection Set: 0.5ms
[38.567s][info][gc,phases      ] GC(270)   Other: 0.1ms
[38.567s][info][gc,heap        ] GC(270) Eden regions: 349->0(349)
[38.567s][info][gc,heap        ] GC(270) Survivor regions: 2->2(44)
[38.567s][info][gc,heap        ] GC(270) Old regions: 43->43
[38.567s][info][gc,heap        ] GC(270) Archive regions: 0->0
[38.567s][info][gc,heap        ] GC(270) Humongous regions: 0->0
[38.567s][info][gc,metaspace   ] GC(270) Metaspace: 73502K(74944K)->73502K(74944K) NonClass: 58234K(58944K)->58234K(58944K) Class: 15268K(16000K)->15268K(16000K)
[38.567s][info][gc             ] GC(270) Pause Young (Normal) (G1 Evacuation Pause) 388M->39M(586M) 2.073ms
[38.567s][info][gc,cpu         ] GC(270) User=0.00s Sys=0.00s Real=0.00s
[38.655s][info][gc,start       ] GC(271) Pause Young (Normal) (G1 Evacuation Pause)
[38.655s][info][gc,task        ] GC(271) Using 33 workers of 33 for evacuation
[38.657s][info][gc,phases      ] GC(271)   Pre Evacuate Collection Set: 0.2ms
[38.657s][info][gc,phases      ] GC(271)   Merge Heap Roots: 0.2ms
[38.657s][info][gc,phases      ] GC(271)   Evacuate Collection Set: 0.8ms
[38.657s][info][gc,phases      ] GC(271)   Post Evacuate Collection Set: 0.5ms
[38.657s][info][gc,phases      ] GC(271)   Other: 0.1ms
[38.657s][info][gc,heap        ] GC(271) Eden regions: 349->0(349)
[38.657s][info][gc,heap        ] GC(271) Survivor regions: 2->2(44)
[38.657s][info][gc,heap        ] GC(271) Old regions: 43->43
[38.657s][info][gc,heap        ] GC(271) Archive regions: 0->0
[38.657s][info][gc,heap        ] GC(271) Humongous regions: 0->0
[38.657s][info][gc,metaspace   ] GC(271) Metaspace: 73502K(74944K)->73502K(74944K) NonClass: 58234K(58944K)->58234K(58944K) Class: 15268K(16000K)->15268K(16000K)
[38.657s][info][gc             ] GC(271) Pause Young (Normal) (G1 Evacuation Pause) 388M->39M(586M) 2.023ms
[38.657s][info][gc,cpu         ] GC(271) User=0.00s Sys=0.00s Real=0.00s
[38.745s][info][gc,start       ] GC(272) Pause Young (Normal) (G1 Evacuation Pause)
[38.745s][info][gc,task        ] GC(272) Using 33 workers of 33 for evacuation
[38.747s][info][gc,phases      ] GC(272)   Pre Evacuate Collection Set: 0.2ms
[38.747s][info][gc,phases      ] GC(272)   Merge Heap Roots: 0.2ms
[38.747s][info][gc,phases      ] GC(272)   Evacuate Collection Set: 0.9ms
[38.747s][info][gc,phases      ] GC(272)   Post Evacuate Collection Set: 0.5ms
[38.747s][info][gc,phases      ] GC(272)   Other: 0.1ms
[38.747s][info][gc,heap        ] GC(272) Eden regions: 349->0(349)
[38.747s][info][gc,heap        ] GC(272) Survivor regions: 2->2(44)
[38.747s][info][gc,heap        ] GC(272) Old regions: 43->43
[38.747s][info][gc,heap        ] GC(272) Archive regions: 0->0
[38.747s][info][gc,heap        ] GC(272) Humongous regions: 0->0
[38.747s][info][gc,metaspace   ] GC(272) Metaspace: 73502K(74944K)->73502K(74944K) NonClass: 58234K(58944K)->58234K(58944K) Class: 15268K(16000K)->15268K(16000K)
[38.747s][info][gc             ] GC(272) Pause Young (Normal) (G1 Evacuation Pause) 388M->39M(586M) 2.091ms
[38.747s][info][gc,cpu         ] GC(272) User=0.00s Sys=0.00s Real=0.00s
[38.835s][info][gc,start       ] GC(273) Pause Young (Normal) (G1 Evacuation Pause)
[38.835s][info][gc,task        ] GC(273) Using 33 workers of 33 for evacuation
[38.836s][info][gc,phases      ] GC(273)   Pre Evacuate Collection Set: 0.2ms
[38.836s][info][gc,phases      ] GC(273)   Merge Heap Roots: 0.2ms
[38.836s][info][gc,phases      ] GC(273)   Evacuate Collection Set: 0.8ms
[38.837s][info][gc,phases      ] GC(273)   Post Evacuate Collection Set: 0.5ms
[38.837s][info][gc,phases      ] GC(273)   Other: 0.1ms
[38.837s][info][gc,heap        ] GC(273) Eden regions: 349->0(349)
[38.837s][info][gc,heap        ] GC(273) Survivor regions: 2->2(44)
[38.837s][info][gc,heap        ] GC(273) Old regions: 43->43
[38.837s][info][gc,heap        ] GC(273) Archive regions: 0->0
[38.837s][info][gc,heap        ] GC(273) Humongous regions: 0->0
[38.837s][info][gc,metaspace   ] GC(273) Metaspace: 73502K(74944K)->73502K(74944K) NonClass: 58234K(58944K)->58234K(58944K) Class: 15268K(16000K)->15268K(16000K)
[38.837s][info][gc             ] GC(273) Pause Young (Normal) (G1 Evacuation Pause) 388M->39M(586M) 2.039ms
[38.837s][info][gc,cpu         ] GC(273) User=0.00s Sys=0.00s Real=0.00s
[38.925s][info][gc,start       ] GC(274) Pause Young (Normal) (G1 Evacuation Pause)
[38.925s][info][gc,task        ] GC(274) Using 33 workers of 33 for evacuation
[38.927s][info][gc,phases      ] GC(274)   Pre Evacuate Collection Set: 0.2ms
[38.927s][info][gc,phases      ] GC(274)   Merge Heap Roots: 0.2ms
[38.927s][info][gc,phases      ] GC(274)   Evacuate Collection Set: 0.9ms
[38.927s][info][gc,phases      ] GC(274)   Post Evacuate Collection Set: 0.5ms
[38.927s][info][gc,phases      ] GC(274)   Other: 0.1ms
[38.927s][info][gc,heap        ] GC(274) Eden regions: 349->0(349)
[38.927s][info][gc,heap        ] GC(274) Survivor regions: 2->2(44)
[38.927s][info][gc,heap        ] GC(274) Old regions: 43->43
[38.927s][info][gc,heap        ] GC(274) Archive regions: 0->0
[38.927s][info][gc,heap        ] GC(274) Humongous regions: 0->0
[38.927s][info][gc,metaspace   ] GC(274) Metaspace: 73502K(74944K)->73502K(74944K) NonClass: 58234K(58944K)->58234K(58944K) Class: 15268K(16000K)->15268K(16000K)
[38.927s][info][gc             ] GC(274) Pause Young (Normal) (G1 Evacuation Pause) 388M->39M(586M) 2.241ms
[38.927s][info][gc,cpu         ] GC(274) User=0.00s Sys=0.00s Real=0.00s
[39.015s][info][gc,start       ] GC(275) Pause Young (Normal) (G1 Evacuation Pause)
[39.016s][info][gc,task        ] GC(275) Using 33 workers of 33 for evacuation
[39.017s][info][gc,phases      ] GC(275)   Pre Evacuate Collection Set: 0.2ms
[39.017s][info][gc,phases      ] GC(275)   Merge Heap Roots: 0.2ms
[39.017s][info][gc,phases      ] GC(275)   Evacuate Collection Set: 0.8ms
[39.017s][info][gc,phases      ] GC(275)   Post Evacuate Collection Set: 0.5ms
[39.017s][info][gc,phases      ] GC(275)   Other: 0.1ms
[39.017s][info][gc,heap        ] GC(275) Eden regions: 349->0(349)
[39.017s][info][gc,heap        ] GC(275) Survivor regions: 2->2(44)
[39.017s][info][gc,heap        ] GC(275) Old regions: 43->43
[39.017s][info][gc,heap        ] GC(275) Archive regions: 0->0
[39.017s][info][gc,heap        ] GC(275) Humongous regions: 0->0
[39.017s][info][gc,metaspace   ] GC(275) Metaspace: 73502K(74944K)->73502K(74944K) NonClass: 58234K(58944K)->58234K(58944K) Class: 15268K(16000K)->15268K(16000K)
[39.017s][info][gc             ] GC(275) Pause Young (Normal) (G1 Evacuation Pause) 388M->39M(586M) 2.023ms
[39.017s][info][gc,cpu         ] GC(275) User=0.00s Sys=0.00s Real=0.00s
[39.105s][info][gc,start       ] GC(276) Pause Young (Normal) (G1 Evacuation Pause)
[39.106s][info][gc,task        ] GC(276) Using 33 workers of 33 for evacuation
[39.107s][info][gc,phases      ] GC(276)   Pre Evacuate Collection Set: 0.2ms
[39.107s][info][gc,phases      ] GC(276)   Merge Heap Roots: 0.2ms
[39.107s][info][gc,phases      ] GC(276)   Evacuate Collection Set: 0.8ms
[39.107s][info][gc,phases      ] GC(276)   Post Evacuate Collection Set: 0.5ms
[39.107s][info][gc,phases      ] GC(276)   Other: 0.1ms
[39.107s][info][gc,heap        ] GC(276) Eden regions: 349->0(349)
[39.107s][info][gc,heap        ] GC(276) Survivor regions: 2->2(44)
[39.107s][info][gc,heap        ] GC(276) Old regions: 43->43
[39.107s][info][gc,heap        ] GC(276) Archive regions: 0->0
[39.107s][info][gc,heap        ] GC(276) Humongous regions: 0->0
[39.107s][info][gc,metaspace   ] GC(276) Metaspace: 73502K(74944K)->73502K(74944K) NonClass: 58234K(58944K)->58234K(58944K) Class: 15268K(16000K)->15268K(16000K)
[39.107s][info][gc             ] GC(276) Pause Young (Normal) (G1 Evacuation Pause) 388M->39M(586M) 2.073ms
[39.108s][info][gc,cpu         ] GC(276) User=0.50s Sys=0.03s Real=0.00s
[39.196s][info][gc,start       ] GC(277) Pause Young (Normal) (G1 Evacuation Pause)
[39.196s][info][gc,task        ] GC(277) Using 33 workers of 33 for evacuation
[39.197s][info][gc,phases      ] GC(277)   Pre Evacuate Collection Set: 0.2ms
[39.198s][info][gc,phases      ] GC(277)   Merge Heap Roots: 0.2ms
[39.198s][info][gc,phases      ] GC(277)   Evacuate Collection Set: 0.8ms
[39.198s][info][gc,phases      ] GC(277)   Post Evacuate Collection Set: 0.5ms
[39.198s][info][gc,phases      ] GC(277)   Other: 0.1ms
[39.198s][info][gc,heap        ] GC(277) Eden regions: 349->0(349)
[39.198s][info][gc,heap        ] GC(277) Survivor regions: 2->2(44)
[39.198s][info][gc,heap        ] GC(277) Old regions: 43->43
[39.198s][info][gc,heap        ] GC(277) Archive regions: 0->0
[39.198s][info][gc,heap        ] GC(277) Humongous regions: 0->0
[39.198s][info][gc,metaspace   ] GC(277) Metaspace: 73502K(74944K)->73502K(74944K) NonClass: 58234K(58944K)->58234K(58944K) Class: 15268K(16000K)->15268K(16000K)
[39.198s][info][gc             ] GC(277) Pause Young (Normal) (G1 Evacuation Pause) 388M->39M(586M) 2.099ms
[39.198s][info][gc,cpu         ] GC(277) User=0.00s Sys=0.00s Real=0.00s
[39.285s][info][gc,start       ] GC(278) Pause Young (Normal) (G1 Evacuation Pause)
[39.327s][info][gc,task        ] GC(278) Using 33 workers of 33 for evacuation
[39.329s][info][gc,phases      ] GC(278)   Pre Evacuate Collection Set: 0.3ms
[39.330s][info][gc,phases      ] GC(278)   Merge Heap Roots: 0.3ms
[39.330s][info][gc,phases      ] GC(278)   Evacuate Collection Set: 1.4ms
[39.330s][info][gc,phases      ] GC(278)   Post Evacuate Collection Set: 0.8ms
[39.330s][info][gc,phases      ] GC(278)   Other: 0.2ms
[39.330s][info][gc,heap        ] GC(278) Eden regions: 349->0(349)
[39.330s][info][gc,heap        ] GC(278) Survivor regions: 2->2(44)
[39.330s][info][gc,heap        ] GC(278) Old regions: 43->43
[39.330s][info][gc,heap        ] GC(278) Archive regions: 0->0
[39.330s][info][gc,heap        ] GC(278) Humongous regions: 0->0
[39.330s][info][gc,metaspace   ] GC(278) Metaspace: 73502K(74944K)->73502K(74944K) NonClass: 58234K(58944K)->58234K(58944K) Class: 15268K(16000K)->15268K(16000K)
[39.330s][info][gc             ] GC(278) Pause Young (Normal) (G1 Evacuation Pause) 388M->39M(586M) 44.507ms
[39.330s][info][gc,cpu         ] GC(278) User=0.00s Sys=0.00s Real=0.03s
[39.429s][info][gc,start       ] GC(279) Pause Young (Normal) (G1 Evacuation Pause)
[39.429s][info][gc,task        ] GC(279) Using 33 workers of 33 for evacuation
[39.431s][info][gc,phases      ] GC(279)   Pre Evacuate Collection Set: 0.2ms
[39.431s][info][gc,phases      ] GC(279)   Merge Heap Roots: 0.2ms
[39.431s][info][gc,phases      ] GC(279)   Evacuate Collection Set: 0.8ms
[39.431s][info][gc,phases      ] GC(279)   Post Evacuate Collection Set: 0.5ms
[39.431s][info][gc,phases      ] GC(279)   Other: 0.1ms
[39.431s][info][gc,heap        ] GC(279) Eden regions: 349->0(349)
[39.431s][info][gc,heap        ] GC(279) Survivor regions: 2->2(44)
[39.431s][info][gc,heap        ] GC(279) Old regions: 43->43
[39.431s][info][gc,heap        ] GC(279) Archive regions: 0->0
[39.431s][info][gc,heap        ] GC(279) Humongous regions: 0->0
[39.431s][info][gc,metaspace   ] GC(279) Metaspace: 73502K(74944K)->73502K(74944K) NonClass: 58234K(58944K)->58234K(58944K) Class: 15268K(16000K)->15268K(16000K)
[39.431s][info][gc             ] GC(279) Pause Young (Normal) (G1 Evacuation Pause) 388M->39M(586M) 2.002ms
[39.431s][info][gc,cpu         ] GC(279) User=0.00s Sys=0.00s Real=0.00s
[39.519s][info][gc,start       ] GC(280) Pause Young (Normal) (G1 Evacuation Pause)
[39.519s][info][gc,task        ] GC(280) Using 33 workers of 33 for evacuation
[39.521s][info][gc,phases      ] GC(280)   Pre Evacuate Collection Set: 0.2ms
[39.521s][info][gc,phases      ] GC(280)   Merge Heap Roots: 0.2ms
[39.521s][info][gc,phases      ] GC(280)   Evacuate Collection Set: 0.8ms
[39.521s][info][gc,phases      ] GC(280)   Post Evacuate Collection Set: 0.5ms
[39.521s][info][gc,phases      ] GC(280)   Other: 0.1ms
[39.521s][info][gc,heap        ] GC(280) Eden regions: 349->0(349)
[39.521s][info][gc,heap        ] GC(280) Survivor regions: 2->2(44)
[39.521s][info][gc,heap        ] GC(280) Old regions: 43->43
[39.521s][info][gc,heap        ] GC(280) Archive regions: 0->0
[39.521s][info][gc,heap        ] GC(280) Humongous regions: 0->0
[39.521s][info][gc,metaspace   ] GC(280) Metaspace: 73502K(74944K)->73502K(74944K) NonClass: 58234K(58944K)->58234K(58944K) Class: 15268K(16000K)->15268K(16000K)
[39.521s][info][gc             ] GC(280) Pause Young (Normal) (G1 Evacuation Pause) 388M->39M(586M) 1.995ms
[39.521s][info][gc,cpu         ] GC(280) User=0.00s Sys=0.00s Real=0.00s
[39.609s][info][gc,start       ] GC(281) Pause Young (Normal) (G1 Evacuation Pause)
[39.609s][info][gc,task        ] GC(281) Using 33 workers of 33 for evacuation
[39.610s][info][gc,phases      ] GC(281)   Pre Evacuate Collection Set: 0.2ms
[39.610s][info][gc,phases      ] GC(281)   Merge Heap Roots: 0.2ms
[39.611s][info][gc,phases      ] GC(281)   Evacuate Collection Set: 0.8ms
[39.611s][info][gc,phases      ] GC(281)   Post Evacuate Collection Set: 0.5ms
[39.611s][info][gc,phases      ] GC(281)   Other: 0.1ms
[39.611s][info][gc,heap        ] GC(281) Eden regions: 349->0(349)
[39.611s][info][gc,heap        ] GC(281) Survivor regions: 2->2(44)
[39.611s][info][gc,heap        ] GC(281) Old regions: 43->43
[39.611s][info][gc,heap        ] GC(281) Archive regions: 0->0
[39.611s][info][gc,heap        ] GC(281) Humongous regions: 0->0
[39.611s][info][gc,metaspace   ] GC(281) Metaspace: 73502K(74944K)->73502K(74944K) NonClass: 58234K(58944K)->58234K(58944K) Class: 15268K(16000K)->15268K(16000K)
[39.611s][info][gc             ] GC(281) Pause Young (Normal) (G1 Evacuation Pause) 388M->39M(586M) 1.990ms
[39.611s][info][gc,cpu         ] GC(281) User=0.00s Sys=0.00s Real=0.00s
[39.699s][info][gc,start       ] GC(282) Pause Young (Normal) (G1 Evacuation Pause)
[39.699s][info][gc,task        ] GC(282) Using 33 workers of 33 for evacuation
[39.700s][info][gc,phases      ] GC(282)   Pre Evacuate Collection Set: 0.2ms
[39.700s][info][gc,phases      ] GC(282)   Merge Heap Roots: 0.2ms
[39.700s][info][gc,phases      ] GC(282)   Evacuate Collection Set: 0.8ms
[39.700s][info][gc,phases      ] GC(282)   Post Evacuate Collection Set: 0.5ms
[39.700s][info][gc,phases      ] GC(282)   Other: 0.1ms
[39.700s][info][gc,heap        ] GC(282) Eden regions: 349->0(349)
[39.700s][info][gc,heap        ] GC(282) Survivor regions: 2->2(44)
[39.700s][info][gc,heap        ] GC(282) Old regions: 43->43
[39.700s][info][gc,heap        ] GC(282) Archive regions: 0->0
[39.700s][info][gc,heap        ] GC(282) Humongous regions: 0->0
[39.701s][info][gc,metaspace   ] GC(282) Metaspace: 73502K(74944K)->73502K(74944K) NonClass: 58234K(58944K)->58234K(58944K) Class: 15268K(16000K)->15268K(16000K)
[39.701s][info][gc             ] GC(282) Pause Young (Normal) (G1 Evacuation Pause) 388M->39M(586M) 1.978ms
[39.701s][info][gc,cpu         ] GC(282) User=0.52s Sys=0.00s Real=0.00s
[39.788s][info][gc,start       ] GC(283) Pause Young (Normal) (G1 Evacuation Pause)
[39.789s][info][gc,task        ] GC(283) Using 33 workers of 33 for evacuation
[39.790s][info][gc,phases      ] GC(283)   Pre Evacuate Collection Set: 0.2ms
[39.790s][info][gc,phases      ] GC(283)   Merge Heap Roots: 0.2ms
[39.790s][info][gc,phases      ] GC(283)   Evacuate Collection Set: 0.8ms
[39.790s][info][gc,phases      ] GC(283)   Post Evacuate Collection Set: 0.5ms
[39.790s][info][gc,phases      ] GC(283)   Other: 0.1ms
[39.790s][info][gc,heap        ] GC(283) Eden regions: 349->0(349)
[39.790s][info][gc,heap        ] GC(283) Survivor regions: 2->2(44)
[39.790s][info][gc,heap        ] GC(283) Old regions: 43->43
[39.790s][info][gc,heap        ] GC(283) Archive regions: 0->0
[39.790s][info][gc,heap        ] GC(283) Humongous regions: 0->0
[39.790s][info][gc,metaspace   ] GC(283) Metaspace: 73502K(74944K)->73502K(74944K) NonClass: 58234K(58944K)->58234K(58944K) Class: 15268K(16000K)->15268K(16000K)
[39.790s][info][gc             ] GC(283) Pause Young (Normal) (G1 Evacuation Pause) 388M->39M(586M) 1.993ms
[39.790s][info][gc,cpu         ] GC(283) User=0.00s Sys=0.00s Real=0.00s
[39.878s][info][gc,start       ] GC(284) Pause Young (Normal) (G1 Evacuation Pause)
[39.878s][info][gc,task        ] GC(284) Using 33 workers of 33 for evacuation
[39.880s][info][gc,phases      ] GC(284)   Pre Evacuate Collection Set: 0.2ms
[39.880s][info][gc,phases      ] GC(284)   Merge Heap Roots: 0.2ms
[39.880s][info][gc,phases      ] GC(284)   Evacuate Collection Set: 0.8ms
[39.880s][info][gc,phases      ] GC(284)   Post Evacuate Collection Set: 0.5ms
[39.880s][info][gc,phases      ] GC(284)   Other: 0.1ms
[39.880s][info][gc,heap        ] GC(284) Eden regions: 349->0(349)
[39.880s][info][gc,heap        ] GC(284) Survivor regions: 2->2(44)
[39.880s][info][gc,heap        ] GC(284) Old regions: 43->43
[39.880s][info][gc,heap        ] GC(284) Archive regions: 0->0
[39.880s][info][gc,heap        ] GC(284) Humongous regions: 0->0
[39.880s][info][gc,metaspace   ] GC(284) Metaspace: 73502K(74944K)->73502K(74944K) NonClass: 58234K(58944K)->58234K(58944K) Class: 15268K(16000K)->15268K(16000K)
[39.880s][info][gc             ] GC(284) Pause Young (Normal) (G1 Evacuation Pause) 388M->39M(586M) 1.990ms
[39.880s][info][gc,cpu         ] GC(284) User=0.00s Sys=0.00s Real=0.00s
[39.968s][info][gc,start       ] GC(285) Pause Young (Normal) (G1 Evacuation Pause)
[39.968s][info][gc,task        ] GC(285) Using 33 workers of 33 for evacuation
[39.970s][info][gc,phases      ] GC(285)   Pre Evacuate Collection Set: 0.2ms
[39.970s][info][gc,phases      ] GC(285)   Merge Heap Roots: 0.2ms
[39.970s][info][gc,phases      ] GC(285)   Evacuate Collection Set: 0.8ms
[39.970s][info][gc,phases      ] GC(285)   Post Evacuate Collection Set: 0.5ms
[39.970s][info][gc,phases      ] GC(285)   Other: 0.1ms
[39.970s][info][gc,heap        ] GC(285) Eden regions: 349->0(349)
[39.970s][info][gc,heap        ] GC(285) Survivor regions: 2->2(44)
[39.970s][info][gc,heap        ] GC(285) Old regions: 43->43
[39.970s][info][gc,heap        ] GC(285) Archive regions: 0->0
[39.970s][info][gc,heap        ] GC(285) Humongous regions: 0->0
[39.970s][info][gc,metaspace   ] GC(285) Metaspace: 73502K(74944K)->73502K(74944K) NonClass: 58234K(58944K)->58234K(58944K) Class: 15268K(16000K)->15268K(16000K)
[39.970s][info][gc             ] GC(285) Pause Young (Normal) (G1 Evacuation Pause) 388M->39M(586M) 1.976ms
[39.970s][info][gc,cpu         ] GC(285) User=0.00s Sys=0.00s Real=0.00s
[40.058s][info][gc,start       ] GC(286) Pause Young (Normal) (G1 Evacuation Pause)
[40.058s][info][gc,task        ] GC(286) Using 33 workers of 33 for evacuation
[40.060s][info][gc,phases      ] GC(286)   Pre Evacuate Collection Set: 0.2ms
[40.060s][info][gc,phases      ] GC(286)   Merge Heap Roots: 0.2ms
[40.060s][info][gc,phases      ] GC(286)   Evacuate Collection Set: 0.8ms
[40.060s][info][gc,phases      ] GC(286)   Post Evacuate Collection Set: 0.5ms
[40.060s][info][gc,phases      ] GC(286)   Other: 0.1ms
[40.060s][info][gc,heap        ] GC(286) Eden regions: 349->0(349)
[40.060s][info][gc,heap        ] GC(286) Survivor regions: 2->2(44)
[40.060s][info][gc,heap        ] GC(286) Old regions: 43->43
[40.060s][info][gc,heap        ] GC(286) Archive regions: 0->0
[40.060s][info][gc,heap        ] GC(286) Humongous regions: 0->0
[40.060s][info][gc,metaspace   ] GC(286) Metaspace: 73502K(74944K)->73502K(74944K) NonClass: 58234K(58944K)->58234K(58944K) Class: 15268K(16000K)->15268K(16000K)
[40.060s][info][gc             ] GC(286) Pause Young (Normal) (G1 Evacuation Pause) 388M->39M(586M) 1.980ms
[40.060s][info][gc,cpu         ] GC(286) User=0.00s Sys=0.00s Real=0.00s
[40.148s][info][gc,start       ] GC(287) Pause Young (Normal) (G1 Evacuation Pause)
[40.148s][info][gc,task        ] GC(287) Using 33 workers of 33 for evacuation
[40.150s][info][gc,phases      ] GC(287)   Pre Evacuate Collection Set: 0.2ms
[40.150s][info][gc,phases      ] GC(287)   Merge Heap Roots: 0.2ms
[40.150s][info][gc,phases      ] GC(287)   Evacuate Collection Set: 0.8ms
[40.150s][info][gc,phases      ] GC(287)   Post Evacuate Collection Set: 0.5ms
[40.150s][info][gc,phases      ] GC(287)   Other: 0.1ms
[40.150s][info][gc,heap        ] GC(287) Eden regions: 349->0(349)
[40.150s][info][gc,heap        ] GC(287) Survivor regions: 2->2(44)
[40.150s][info][gc,heap        ] GC(287) Old regions: 43->43
[40.150s][info][gc,heap        ] GC(287) Archive regions: 0->0
[40.150s][info][gc,heap        ] GC(287) Humongous regions: 0->0
[40.150s][info][gc,metaspace   ] GC(287) Metaspace: 73502K(74944K)->73502K(74944K) NonClass: 58234K(58944K)->58234K(58944K) Class: 15268K(16000K)->15268K(16000K)
[40.150s][info][gc             ] GC(287) Pause Young (Normal) (G1 Evacuation Pause) 388M->39M(586M) 2.093ms
[40.150s][info][gc,cpu         ] GC(287) User=0.00s Sys=0.00s Real=0.00s
[40.239s][info][gc,start       ] GC(288) Pause Young (Normal) (G1 Evacuation Pause)
[40.239s][info][gc,task        ] GC(288) Using 33 workers of 33 for evacuation
[40.241s][info][gc,phases      ] GC(288)   Pre Evacuate Collection Set: 0.2ms
[40.241s][info][gc,phases      ] GC(288)   Merge Heap Roots: 0.2ms
[40.241s][info][gc,phases      ] GC(288)   Evacuate Collection Set: 0.8ms
[40.241s][info][gc,phases      ] GC(288)   Post Evacuate Collection Set: 0.5ms
[40.241s][info][gc,phases      ] GC(288)   Other: 0.1ms
[40.241s][info][gc,heap        ] GC(288) Eden regions: 349->0(349)
[40.241s][info][gc,heap        ] GC(288) Survivor regions: 2->2(44)
[40.241s][info][gc,heap        ] GC(288) Old regions: 43->43
[40.241s][info][gc,heap        ] GC(288) Archive regions: 0->0
[40.241s][info][gc,heap        ] GC(288) Humongous regions: 0->0
[40.241s][info][gc,metaspace   ] GC(288) Metaspace: 73502K(74944K)->73502K(74944K) NonClass: 58234K(58944K)->58234K(58944K) Class: 15268K(16000K)->15268K(16000K)
[40.241s][info][gc             ] GC(288) Pause Young (Normal) (G1 Evacuation Pause) 388M->39M(586M) 2.046ms
[40.241s][info][gc,cpu         ] GC(288) User=0.00s Sys=0.00s Real=0.00s
[40.329s][info][gc,start       ] GC(289) Pause Young (Normal) (G1 Evacuation Pause)
[40.330s][info][gc,task        ] GC(289) Using 33 workers of 33 for evacuation
[40.331s][info][gc,phases      ] GC(289)   Pre Evacuate Collection Set: 0.2ms
[40.331s][info][gc,phases      ] GC(289)   Merge Heap Roots: 0.2ms
[40.331s][info][gc,phases      ] GC(289)   Evacuate Collection Set: 0.8ms
[40.331s][info][gc,phases      ] GC(289)   Post Evacuate Collection Set: 0.5ms
[40.331s][info][gc,phases      ] GC(289)   Other: 0.1ms
[40.331s][info][gc,heap        ] GC(289) Eden regions: 349->0(349)
[40.331s][info][gc,heap        ] GC(289) Survivor regions: 2->2(44)
[40.331s][info][gc,heap        ] GC(289) Old regions: 43->43
[40.331s][info][gc,heap        ] GC(289) Archive regions: 0->0
[40.331s][info][gc,heap        ] GC(289) Humongous regions: 0->0
[40.332s][info][gc,metaspace   ] GC(289) Metaspace: 73502K(74944K)->73502K(74944K) NonClass: 58234K(58944K)->58234K(58944K) Class: 15268K(16000K)->15268K(16000K)
[40.332s][info][gc             ] GC(289) Pause Young (Normal) (G1 Evacuation Pause) 388M->39M(586M) 2.057ms
[40.332s][info][gc,cpu         ] GC(289) User=0.00s Sys=0.00s Real=0.00s
[40.422s][info][gc,start       ] GC(290) Pause Young (Normal) (G1 Evacuation Pause)
[40.422s][info][gc,task        ] GC(290) Using 33 workers of 33 for evacuation
[40.424s][info][gc,phases      ] GC(290)   Pre Evacuate Collection Set: 0.2ms
[40.424s][info][gc,phases      ] GC(290)   Merge Heap Roots: 0.2ms
[40.424s][info][gc,phases      ] GC(290)   Evacuate Collection Set: 0.8ms
[40.424s][info][gc,phases      ] GC(290)   Post Evacuate Collection Set: 0.5ms
[40.424s][info][gc,phases      ] GC(290)   Other: 0.1ms
[40.424s][info][gc,heap        ] GC(290) Eden regions: 349->0(349)
[40.424s][info][gc,heap        ] GC(290) Survivor regions: 2->2(44)
[40.424s][info][gc,heap        ] GC(290) Old regions: 43->43
[40.424s][info][gc,heap        ] GC(290) Archive regions: 0->0
[40.424s][info][gc,heap        ] GC(290) Humongous regions: 0->0
[40.424s][info][gc,metaspace   ] GC(290) Metaspace: 73516K(74944K)->73516K(74944K) NonClass: 58248K(58944K)->58248K(58944K) Class: 15268K(16000K)->15268K(16000K)
[40.424s][info][gc             ] GC(290) Pause Young (Normal) (G1 Evacuation Pause) 388M->39M(586M) 2.100ms
[40.424s][info][gc,cpu         ] GC(290) User=0.00s Sys=0.00s Real=0.00s
[40.515s][info][gc,start       ] GC(291) Pause Young (Normal) (G1 Evacuation Pause)
[40.515s][info][gc,task        ] GC(291) Using 33 workers of 33 for evacuation
[40.517s][info][gc,phases      ] GC(291)   Pre Evacuate Collection Set: 0.2ms
[40.517s][info][gc,phases      ] GC(291)   Merge Heap Roots: 0.2ms
[40.517s][info][gc,phases      ] GC(291)   Evacuate Collection Set: 0.9ms
[40.517s][info][gc,phases      ] GC(291)   Post Evacuate Collection Set: 0.5ms
[40.517s][info][gc,phases      ] GC(291)   Other: 0.1ms
[40.517s][info][gc,heap        ] GC(291) Eden regions: 349->0(349)
[40.517s][info][gc,heap        ] GC(291) Survivor regions: 2->2(44)
[40.517s][info][gc,heap        ] GC(291) Old regions: 43->43
[40.517s][info][gc,heap        ] GC(291) Archive regions: 0->0
[40.517s][info][gc,heap        ] GC(291) Humongous regions: 0->0
[40.517s][info][gc,metaspace   ] GC(291) Metaspace: 73516K(74944K)->73516K(74944K) NonClass: 58248K(58944K)->58248K(58944K) Class: 15268K(16000K)->15268K(16000K)
[40.517s][info][gc             ] GC(291) Pause Young (Normal) (G1 Evacuation Pause) 388M->39M(586M) 2.143ms
[40.517s][info][gc,cpu         ] GC(291) User=0.00s Sys=0.00s Real=0.00s
[40.608s][info][gc,start       ] GC(292) Pause Young (Normal) (G1 Evacuation Pause)
[40.608s][info][gc,task        ] GC(292) Using 33 workers of 33 for evacuation
[40.610s][info][gc,phases      ] GC(292)   Pre Evacuate Collection Set: 0.2ms
[40.610s][info][gc,phases      ] GC(292)   Merge Heap Roots: 0.2ms
[40.610s][info][gc,phases      ] GC(292)   Evacuate Collection Set: 0.8ms
[40.610s][info][gc,phases      ] GC(292)   Post Evacuate Collection Set: 0.5ms
[40.610s][info][gc,phases      ] GC(292)   Other: 0.1ms
[40.610s][info][gc,heap        ] GC(292) Eden regions: 349->0(349)
[40.610s][info][gc,heap        ] GC(292) Survivor regions: 2->2(44)
[40.610s][info][gc,heap        ] GC(292) Old regions: 43->43
[40.610s][info][gc,heap        ] GC(292) Archive regions: 0->0
[40.610s][info][gc,heap        ] GC(292) Humongous regions: 0->0
[40.610s][info][gc,metaspace   ] GC(292) Metaspace: 73516K(74944K)->73516K(74944K) NonClass: 58248K(58944K)->58248K(58944K) Class: 15268K(16000K)->15268K(16000K)
[40.610s][info][gc             ] GC(292) Pause Young (Normal) (G1 Evacuation Pause) 388M->39M(586M) 1.956ms
[40.610s][info][gc,cpu         ] GC(292) User=0.00s Sys=0.00s Real=0.00s
[40.702s][info][gc,start       ] GC(293) Pause Young (Normal) (G1 Evacuation Pause)
[40.702s][info][gc,task        ] GC(293) Using 33 workers of 33 for evacuation
[40.704s][info][gc,phases      ] GC(293)   Pre Evacuate Collection Set: 0.2ms
[40.704s][info][gc,phases      ] GC(293)   Merge Heap Roots: 0.2ms
[40.704s][info][gc,phases      ] GC(293)   Evacuate Collection Set: 0.8ms
[40.704s][info][gc,phases      ] GC(293)   Post Evacuate Collection Set: 0.5ms
[40.704s][info][gc,phases      ] GC(293)   Other: 0.1ms
[40.704s][info][gc,heap        ] GC(293) Eden regions: 349->0(349)
[40.704s][info][gc,heap        ] GC(293) Survivor regions: 2->2(44)
[40.704s][info][gc,heap        ] GC(293) Old regions: 43->43
[40.704s][info][gc,heap        ] GC(293) Archive regions: 0->0
[40.704s][info][gc,heap        ] GC(293) Humongous regions: 0->0
[40.704s][info][gc,metaspace   ] GC(293) Metaspace: 73516K(74944K)->73516K(74944K) NonClass: 58248K(58944K)->58248K(58944K) Class: 15268K(16000K)->15268K(16000K)
[40.704s][info][gc             ] GC(293) Pause Young (Normal) (G1 Evacuation Pause) 388M->39M(586M) 2.048ms
[40.704s][info][gc,cpu         ] GC(293) User=0.00s Sys=0.00s Real=0.00s
[40.798s][info][gc,start       ] GC(294) Pause Young (Normal) (G1 Evacuation Pause)
[40.798s][info][gc,task        ] GC(294) Using 33 workers of 33 for evacuation
[40.800s][info][gc,phases      ] GC(294)   Pre Evacuate Collection Set: 0.2ms
[40.800s][info][gc,phases      ] GC(294)   Merge Heap Roots: 0.2ms
[40.800s][info][gc,phases      ] GC(294)   Evacuate Collection Set: 0.8ms
[40.800s][info][gc,phases      ] GC(294)   Post Evacuate Collection Set: 0.5ms
[40.800s][info][gc,phases      ] GC(294)   Other: 0.1ms
[40.800s][info][gc,heap        ] GC(294) Eden regions: 349->0(349)
[40.800s][info][gc,heap        ] GC(294) Survivor regions: 2->2(44)
[40.800s][info][gc,heap        ] GC(294) Old regions: 43->43
[40.800s][info][gc,heap        ] GC(294) Archive regions: 0->0
[40.800s][info][gc,heap        ] GC(294) Humongous regions: 0->0
[40.800s][info][gc,metaspace   ] GC(294) Metaspace: 73516K(74944K)->73516K(74944K) NonClass: 58248K(58944K)->58248K(58944K) Class: 15268K(16000K)->15268K(16000K)
[40.800s][info][gc             ] GC(294) Pause Young (Normal) (G1 Evacuation Pause) 388M->39M(586M) 2.045ms
[40.800s][info][gc,cpu         ] GC(294) User=0.00s Sys=0.00s Real=0.00s
[40.900s][info][gc,start       ] GC(295) Pause Young (Normal) (G1 Evacuation Pause)
[40.900s][info][gc,task        ] GC(295) Using 33 workers of 33 for evacuation
[40.902s][info][gc,phases      ] GC(295)   Pre Evacuate Collection Set: 0.2ms
[40.902s][info][gc,phases      ] GC(295)   Merge Heap Roots: 0.2ms
[40.902s][info][gc,phases      ] GC(295)   Evacuate Collection Set: 0.8ms
[40.902s][info][gc,phases      ] GC(295)   Post Evacuate Collection Set: 0.5ms
[40.902s][info][gc,phases      ] GC(295)   Other: 0.1ms
[40.902s][info][gc,heap        ] GC(295) Eden regions: 349->0(349)
[40.902s][info][gc,heap        ] GC(295) Survivor regions: 2->2(44)
[40.902s][info][gc,heap        ] GC(295) Old regions: 43->43
[40.902s][info][gc,heap        ] GC(295) Archive regions: 0->0
[40.902s][info][gc,heap        ] GC(295) Humongous regions: 0->0
[40.902s][info][gc,metaspace   ] GC(295) Metaspace: 73516K(74944K)->73516K(74944K) NonClass: 58248K(58944K)->58248K(58944K) Class: 15268K(16000K)->15268K(16000K)
[40.902s][info][gc             ] GC(295) Pause Young (Normal) (G1 Evacuation Pause) 388M->40M(586M) 1.987ms
[40.902s][info][gc,cpu         ] GC(295) User=0.00s Sys=0.00s Real=0.00s
[41.018s][info][gc,start       ] GC(296) Pause Young (Normal) (G1 Evacuation Pause)
[41.018s][info][gc,task        ] GC(296) Using 33 workers of 33 for evacuation
[41.020s][info][gc,phases      ] GC(296)   Pre Evacuate Collection Set: 0.2ms
[41.020s][info][gc,phases      ] GC(296)   Merge Heap Roots: 0.2ms
[41.020s][info][gc,phases      ] GC(296)   Evacuate Collection Set: 0.8ms
[41.020s][info][gc,phases      ] GC(296)   Post Evacuate Collection Set: 0.5ms
[41.020s][info][gc,phases      ] GC(296)   Other: 0.1ms
[41.020s][info][gc,heap        ] GC(296) Eden regions: 349->0(349)
[41.020s][info][gc,heap        ] GC(296) Survivor regions: 2->2(44)
[41.020s][info][gc,heap        ] GC(296) Old regions: 43->43
[41.020s][info][gc,heap        ] GC(296) Archive regions: 0->0
[41.020s][info][gc,heap        ] GC(296) Humongous regions: 0->0
[41.020s][info][gc,metaspace   ] GC(296) Metaspace: 73516K(74944K)->73516K(74944K) NonClass: 58248K(58944K)->58248K(58944K) Class: 15268K(16000K)->15268K(16000K)
[41.020s][info][gc             ] GC(296) Pause Young (Normal) (G1 Evacuation Pause) 389M->39M(586M) 1.998ms
[41.020s][info][gc,cpu         ] GC(296) User=0.00s Sys=0.00s Real=0.00s
[41.163s][info][gc,start       ] GC(297) Pause Young (Normal) (G1 Evacuation Pause)
[41.163s][info][gc,task        ] GC(297) Using 33 workers of 33 for evacuation
[41.165s][info][gc,phases      ] GC(297)   Pre Evacuate Collection Set: 0.2ms
[41.165s][info][gc,phases      ] GC(297)   Merge Heap Roots: 0.2ms
[41.165s][info][gc,phases      ] GC(297)   Evacuate Collection Set: 0.8ms
[41.165s][info][gc,phases      ] GC(297)   Post Evacuate Collection Set: 0.6ms
[41.165s][info][gc,phases      ] GC(297)   Other: 0.1ms
[41.165s][info][gc,heap        ] GC(297) Eden regions: 349->0(349)
[41.165s][info][gc,heap        ] GC(297) Survivor regions: 2->2(44)
[41.165s][info][gc,heap        ] GC(297) Old regions: 43->43
[41.165s][info][gc,heap        ] GC(297) Archive regions: 0->0
[41.165s][info][gc,heap        ] GC(297) Humongous regions: 0->0
[41.165s][info][gc,metaspace   ] GC(297) Metaspace: 73516K(74944K)->73516K(74944K) NonClass: 58248K(58944K)->58248K(58944K) Class: 15268K(16000K)->15268K(16000K)
[41.165s][info][gc             ] GC(297) Pause Young (Normal) (G1 Evacuation Pause) 388M->39M(586M) 2.057ms
[41.165s][info][gc,cpu         ] GC(297) User=0.02s Sys=0.00s Real=0.02s
[41.341s][info][gc,start       ] GC(298) Pause Young (Normal) (G1 Evacuation Pause)
[41.341s][info][gc,task        ] GC(298) Using 27 workers of 33 for evacuation
[41.343s][info][gc,phases      ] GC(298)   Pre Evacuate Collection Set: 0.1ms
[41.343s][info][gc,phases      ] GC(298)   Merge Heap Roots: 0.2ms
[41.343s][info][gc,phases      ] GC(298)   Evacuate Collection Set: 0.6ms
[41.343s][info][gc,phases      ] GC(298)   Post Evacuate Collection Set: 0.5ms
[41.343s][info][gc,phases      ] GC(298)   Other: 0.1ms
[41.343s][info][gc,heap        ] GC(298) Eden regions: 349->0(349)
[41.343s][info][gc,heap        ] GC(298) Survivor regions: 2->2(44)
[41.343s][info][gc,heap        ] GC(298) Old regions: 43->43
[41.343s][info][gc,heap        ] GC(298) Archive regions: 0->0
[41.343s][info][gc,heap        ] GC(298) Humongous regions: 0->0
[41.343s][info][gc,metaspace   ] GC(298) Metaspace: 73516K(74944K)->73516K(74944K) NonClass: 58248K(58944K)->58248K(58944K) Class: 15268K(16000K)->15268K(16000K)
[41.343s][info][gc             ] GC(298) Pause Young (Normal) (G1 Evacuation Pause) 388M->39M(586M) 1.768ms
[41.343s][info][gc,cpu         ] GC(298) User=0.00s Sys=0.00s Real=0.00s
[41.570s][info][gc,start       ] GC(299) Pause Young (Normal) (G1 Evacuation Pause)
[41.570s][info][gc,task        ] GC(299) Using 22 workers of 33 for evacuation
[41.571s][info][gc,phases      ] GC(299)   Pre Evacuate Collection Set: 0.1ms
[41.571s][info][gc,phases      ] GC(299)   Merge Heap Roots: 0.1ms
[41.571s][info][gc,phases      ] GC(299)   Evacuate Collection Set: 0.5ms
[41.571s][info][gc,phases      ] GC(299)   Post Evacuate Collection Set: 0.5ms
[41.571s][info][gc,phases      ] GC(299)   Other: 0.1ms
[41.571s][info][gc,heap        ] GC(299) Eden regions: 349->0(349)
[41.571s][info][gc,heap        ] GC(299) Survivor regions: 2->2(44)
[41.571s][info][gc,heap        ] GC(299) Old regions: 43->43
[41.571s][info][gc,heap        ] GC(299) Archive regions: 0->0
[41.571s][info][gc,heap        ] GC(299) Humongous regions: 0->0
[41.571s][info][gc,metaspace   ] GC(299) Metaspace: 73516K(74944K)->73516K(74944K) NonClass: 58248K(58944K)->58248K(58944K) Class: 15268K(16000K)->15268K(16000K)
[41.572s][info][gc             ] GC(299) Pause Young (Normal) (G1 Evacuation Pause) 388M->39M(586M) 1.581ms
[41.572s][info][gc,cpu         ] GC(299) User=0.00s Sys=0.00s Real=0.00s
[41.816s][info][gc,start       ] GC(300) Pause Young (Normal) (G1 Evacuation Pause)
[41.816s][info][gc,task        ] GC(300) Using 20 workers of 33 for evacuation
[41.817s][info][gc,phases      ] GC(300)   Pre Evacuate Collection Set: 0.1ms
[41.817s][info][gc,phases      ] GC(300)   Merge Heap Roots: 0.1ms
[41.817s][info][gc,phases      ] GC(300)   Evacuate Collection Set: 0.6ms
[41.817s][info][gc,phases      ] GC(300)   Post Evacuate Collection Set: 0.4ms
[41.817s][info][gc,phases      ] GC(300)   Other: 0.1ms
[41.817s][info][gc,heap        ] GC(300) Eden regions: 349->0(349)
[41.817s][info][gc,heap        ] GC(300) Survivor regions: 2->2(44)
[41.817s][info][gc,heap        ] GC(300) Old regions: 43->43
[41.817s][info][gc,heap        ] GC(300) Archive regions: 0->0
[41.817s][info][gc,heap        ] GC(300) Humongous regions: 0->0
[41.817s][info][gc,metaspace   ] GC(300) Metaspace: 73516K(74944K)->73516K(74944K) NonClass: 58248K(58944K)->58248K(58944K) Class: 15268K(16000K)->15268K(16000K)
[41.817s][info][gc             ] GC(300) Pause Young (Normal) (G1 Evacuation Pause) 388M->39M(586M) 1.523ms
[41.817s][info][gc,cpu         ] GC(300) User=0.00s Sys=0.00s Real=0.00s
[42.063s][info][gc,start       ] GC(301) Pause Young (Normal) (G1 Evacuation Pause)
[42.063s][info][gc,task        ] GC(301) Using 19 workers of 33 for evacuation
[42.064s][info][gc,phases      ] GC(301)   Pre Evacuate Collection Set: 0.1ms
[42.064s][info][gc,phases      ] GC(301)   Merge Heap Roots: 0.1ms
[42.064s][info][gc,phases      ] GC(301)   Evacuate Collection Set: 0.5ms
[42.064s][info][gc,phases      ] GC(301)   Post Evacuate Collection Set: 0.4ms
[42.064s][info][gc,phases      ] GC(301)   Other: 0.1ms
[42.064s][info][gc,heap        ] GC(301) Eden regions: 349->0(349)
[42.064s][info][gc,heap        ] GC(301) Survivor regions: 2->2(44)
[42.064s][info][gc,heap        ] GC(301) Old regions: 43->43
[42.064s][info][gc,heap        ] GC(301) Archive regions: 0->0
[42.064s][info][gc,heap        ] GC(301) Humongous regions: 0->0
[42.064s][info][gc,metaspace   ] GC(301) Metaspace: 73516K(74944K)->73516K(74944K) NonClass: 58248K(58944K)->58248K(58944K) Class: 15268K(16000K)->15268K(16000K)
[42.064s][info][gc             ] GC(301) Pause Young (Normal) (G1 Evacuation Pause) 388M->39M(586M) 1.516ms
[42.064s][info][gc,cpu         ] GC(301) User=0.00s Sys=0.00s Real=0.00s
[42.306s][info][gc,start       ] GC(302) Pause Young (Normal) (G1 Evacuation Pause)
[42.306s][info][gc,task        ] GC(302) Using 18 workers of 33 for evacuation
[42.308s][info][gc,phases      ] GC(302)   Pre Evacuate Collection Set: 0.1ms
[42.308s][info][gc,phases      ] GC(302)   Merge Heap Roots: 0.1ms
[42.308s][info][gc,phases      ] GC(302)   Evacuate Collection Set: 0.6ms
[42.308s][info][gc,phases      ] GC(302)   Post Evacuate Collection Set: 0.4ms
[42.308s][info][gc,phases      ] GC(302)   Other: 0.1ms
[42.308s][info][gc,heap        ] GC(302) Eden regions: 349->0(349)
[42.308s][info][gc,heap        ] GC(302) Survivor regions: 2->2(44)
[42.308s][info][gc,heap        ] GC(302) Old regions: 43->43
[42.308s][info][gc,heap        ] GC(302) Archive regions: 0->0
[42.308s][info][gc,heap        ] GC(302) Humongous regions: 0->0
[42.308s][info][gc,metaspace   ] GC(302) Metaspace: 73516K(74944K)->73516K(74944K) NonClass: 58248K(58944K)->58248K(58944K) Class: 15268K(16000K)->15268K(16000K)
[42.308s][info][gc             ] GC(302) Pause Young (Normal) (G1 Evacuation Pause) 388M->39M(586M) 1.473ms
[42.308s][info][gc,cpu         ] GC(302) User=0.00s Sys=0.00s Real=0.00s
[42.551s][info][gc,start       ] GC(303) Pause Young (Normal) (G1 Evacuation Pause)
[42.551s][info][gc,task        ] GC(303) Using 18 workers of 33 for evacuation
[42.552s][info][gc,phases      ] GC(303)   Pre Evacuate Collection Set: 0.1ms
[42.552s][info][gc,phases      ] GC(303)   Merge Heap Roots: 0.1ms
[42.552s][info][gc,phases      ] GC(303)   Evacuate Collection Set: 0.6ms
[42.552s][info][gc,phases      ] GC(303)   Post Evacuate Collection Set: 0.4ms
[42.552s][info][gc,phases      ] GC(303)   Other: 0.1ms
[42.552s][info][gc,heap        ] GC(303) Eden regions: 349->0(349)
[42.552s][info][gc,heap        ] GC(303) Survivor regions: 2->2(44)
[42.552s][info][gc,heap        ] GC(303) Old regions: 43->44
[42.552s][info][gc,heap        ] GC(303) Archive regions: 0->0
[42.552s][info][gc,heap        ] GC(303) Humongous regions: 0->0
[42.552s][info][gc,metaspace   ] GC(303) Metaspace: 73516K(74944K)->73516K(74944K) NonClass: 58248K(58944K)->58248K(58944K) Class: 15268K(16000K)->15268K(16000K)
[42.552s][info][gc             ] GC(303) Pause Young (Normal) (G1 Evacuation Pause) 388M->39M(586M) 1.451ms
[42.552s][info][gc,cpu         ] GC(303) User=0.00s Sys=0.00s Real=0.00s
[42.745s][info][gc,start       ] GC(304) Pause Full (System.gc())
[42.745s][info][gc,task        ] GC(304) Using 16 workers of 33 for full compaction
[42.745s][info][gc,phases,start] GC(304) Phase 1: Mark live objects
[42.767s][info][gc,phases      ] GC(304) Phase 1: Mark live objects 22.110ms
[42.768s][info][gc,phases,start] GC(304) Phase 2: Prepare compaction
[42.769s][info][gc,phases      ] GC(304) Phase 2: Prepare compaction 1.762ms
[42.769s][info][gc,phases,start] GC(304) Phase 3: Adjust pointers
[42.778s][info][gc,phases      ] GC(304) Phase 3: Adjust pointers 9.072ms
[42.778s][info][gc,phases,start] GC(304) Phase 4: Compact heap
[42.779s][info][gc,phases      ] GC(304) Phase 4: Compact heap 0.722ms
[42.792s][info][gc,heap        ] GC(304) Eden regions: 197->0(88)
[42.792s][info][gc,heap        ] GC(304) Survivor regions: 2->0(44)
[42.792s][info][gc,heap        ] GC(304) Old regions: 44->44
[42.793s][info][gc,heap        ] GC(304) Archive regions: 0->0
[42.793s][info][gc,heap        ] GC(304) Humongous regions: 0->0
[42.793s][info][gc,metaspace   ] GC(304) Metaspace: 73556K(74944K)->73556K(74944K) NonClass: 58287K(58944K)->58287K(58944K) Class: 15268K(16000K)->15268K(16000K)
[42.793s][info][gc             ] GC(304) Pause Full (System.gc()) 236M->35M(147M) 47.940ms
[42.793s][info][gc,cpu         ] GC(304) User=0.28s Sys=0.00s Real=0.05s
[42.844s][info][gc,start       ] GC(305) Pause Young (Concurrent Start) (G1 Evacuation Pause)
[42.844s][info][gc,task        ] GC(305) Using 33 workers of 33 for evacuation
[42.847s][info][gc,phases      ] GC(305)   Pre Evacuate Collection Set: 0.3ms
[42.847s][info][gc,phases      ] GC(305)   Merge Heap Roots: 0.2ms
[42.847s][info][gc,phases      ] GC(305)   Evacuate Collection Set: 1.3ms
[42.847s][info][gc,phases      ] GC(305)   Post Evacuate Collection Set: 0.6ms
[42.847s][info][gc,phases      ] GC(305)   Other: 0.1ms
[42.847s][info][gc,heap        ] GC(305) Eden regions: 88->0(84)
[42.847s][info][gc,heap        ] GC(305) Survivor regions: 0->4(11)
[42.847s][info][gc,heap        ] GC(305) Old regions: 44->44
[42.847s][info][gc,heap        ] GC(305) Archive regions: 0->0
[42.847s][info][gc,heap        ] GC(305) Humongous regions: 0->0
[42.847s][info][gc,metaspace   ] GC(305) Metaspace: 73715K(74944K)->73715K(74944K) NonClass: 58447K(58944K)->58447K(58944K) Class: 15268K(16000K)->15268K(16000K)
[42.847s][info][gc             ] GC(305) Pause Young (Concurrent Start) (G1 Evacuation Pause) 123M->39M(147M) 2.696ms
[42.847s][info][gc             ] GC(306) Concurrent Mark Cycle
[42.847s][info][gc,cpu         ] GC(305) User=0.00s Sys=0.00s Real=0.00s
[42.847s][info][gc,marking     ] GC(306) Concurrent Scan Root Regions
[42.851s][info][gc,marking     ] GC(306) Concurrent Scan Root Regions 4.039ms
[42.851s][info][gc,marking     ] GC(306) Concurrent Mark
[42.851s][info][gc,marking     ] GC(306) Concurrent Mark From Roots
[42.851s][info][gc,task        ] GC(306) Using 8 workers of 8 for marking
[42.861s][info][gc,marking     ] GC(306) Concurrent Mark From Roots 9.764ms
[42.861s][info][gc,marking     ] GC(306) Concurrent Preclean
[42.861s][info][gc,marking     ] GC(306) Concurrent Preclean 0.136ms
[42.861s][info][gc,start       ] GC(306) Pause Remark
[42.864s][info][gc             ] GC(306) Pause Remark 81M->81M(152M) 2.600ms
[42.864s][info][gc,cpu         ] GC(306) User=0.00s Sys=0.00s Real=0.00s
[42.864s][info][gc,marking     ] GC(306) Concurrent Mark 13.193ms
[42.864s][info][gc,marking     ] GC(306) Concurrent Rebuild Remembered Sets and Scrub Regions
[42.869s][info][gc,marking     ] GC(306) Concurrent Rebuild Remembered Sets and Scrub Regions 4.333ms
[42.869s][info][gc,start       ] GC(306) Pause Cleanup
[42.869s][info][gc             ] GC(306) Pause Cleanup 93M->93M(152M) 0.133ms
[42.869s][info][gc,cpu         ] GC(306) User=0.00s Sys=0.00s Real=0.00s
[42.869s][info][gc,marking     ] GC(306) Concurrent Clear Claimed Marks
[42.870s][info][gc,marking     ] GC(306) Concurrent Clear Claimed Marks 0.117ms
[42.870s][info][gc,marking     ] GC(306) Concurrent Cleanup for Next Mark
[42.870s][info][gc,marking     ] GC(306) Concurrent Cleanup for Next Mark 0.315ms
[42.870s][info][gc             ] GC(306) Concurrent Mark Cycle 22.999ms
[42.877s][info][gc,start       ] GC(307) Pause Young (Prepare Mixed) (G1 Evacuation Pause)
[42.877s][info][gc,task        ] GC(307) Using 33 workers of 33 for evacuation
[42.879s][info][gc,phases      ] GC(307)   Pre Evacuate Collection Set: 0.2ms
[42.879s][info][gc,phases      ] GC(307)   Merge Heap Roots: 0.2ms
[42.879s][info][gc,phases      ] GC(307)   Evacuate Collection Set: 1.1ms
[42.879s][info][gc,phases      ] GC(307)   Post Evacuate Collection Set: 0.6ms
[42.879s][info][gc,phases      ] GC(307)   Other: 0.1ms
[42.879s][info][gc,heap        ] GC(307) Eden regions: 84->0(87)
[42.879s][info][gc,heap        ] GC(307) Survivor regions: 4->4(11)
[42.879s][info][gc,heap        ] GC(307) Old regions: 44->44
[42.879s][info][gc,heap        ] GC(307) Archive regions: 0->0
[42.879s][info][gc,heap        ] GC(307) Humongous regions: 0->0
[42.879s][info][gc,metaspace   ] GC(307) Metaspace: 73715K(74944K)->73715K(74944K) NonClass: 58447K(58944K)->58447K(58944K) Class: 15268K(16000K)->15268K(16000K)
[42.879s][info][gc             ] GC(307) Pause Young (Prepare Mixed) (G1 Evacuation Pause) 123M->39M(152M) 2.399ms
[42.879s][info][gc,cpu         ] GC(307) User=0.00s Sys=0.00s Real=0.00s
[42.917s][info][gc,start       ] GC(308) Pause Young (Mixed) (G1 Evacuation Pause)
[42.917s][info][gc,task        ] GC(308) Using 33 workers of 33 for evacuation
[42.919s][info][gc,phases      ] GC(308)   Pre Evacuate Collection Set: 0.2ms
[42.919s][info][gc,phases      ] GC(308)   Merge Heap Roots: 0.2ms
[42.919s][info][gc,phases      ] GC(308)   Evacuate Collection Set: 1.3ms
[42.919s][info][gc,phases      ] GC(308)   Post Evacuate Collection Set: 0.7ms
[42.919s][info][gc,phases      ] GC(308)   Other: 0.1ms
[42.919s][info][gc,heap        ] GC(308) Eden regions: 87->0(87)
[42.919s][info][gc,heap        ] GC(308) Survivor regions: 4->4(12)
[42.919s][info][gc,heap        ] GC(308) Old regions: 44->43
[42.919s][info][gc,heap        ] GC(308) Archive regions: 0->0
[42.919s][info][gc,heap        ] GC(308) Humongous regions: 0->0
[42.919s][info][gc,metaspace   ] GC(308) Metaspace: 73715K(74944K)->73715K(74944K) NonClass: 58447K(58944K)->58447K(58944K) Class: 15268K(16000K)->15268K(16000K)
[42.919s][info][gc             ] GC(308) Pause Young (Mixed) (G1 Evacuation Pause) 126M->39M(152M) 2.782ms
[42.919s][info][gc,cpu         ] GC(308) User=0.00s Sys=0.00s Real=0.00s
[42.947s][info][gc,start       ] GC(309) Pause Young (Normal) (G1 Evacuation Pause)
[42.948s][info][gc,task        ] GC(309) Using 33 workers of 33 for evacuation
[42.950s][info][gc,phases      ] GC(309)   Pre Evacuate Collection Set: 0.2ms
[42.950s][info][gc,phases      ] GC(309)   Merge Heap Roots: 0.1ms
[42.950s][info][gc,phases      ] GC(309)   Evacuate Collection Set: 1.1ms
[42.950s][info][gc,phases      ] GC(309)   Post Evacuate Collection Set: 0.6ms
[42.950s][info][gc,phases      ] GC(309)   Other: 0.1ms
[42.950s][info][gc,heap        ] GC(309) Eden regions: 87->0(87)
[42.950s][info][gc,heap        ] GC(309) Survivor regions: 4->4(12)
[42.950s][info][gc,heap        ] GC(309) Old regions: 43->43
[42.950s][info][gc,heap        ] GC(309) Archive regions: 0->0
[42.950s][info][gc,heap        ] GC(309) Humongous regions: 0->0
[42.950s][info][gc,metaspace   ] GC(309) Metaspace: 73715K(74944K)->73715K(74944K) NonClass: 58447K(58944K)->58447K(58944K) Class: 15268K(16000K)->15268K(16000K)
[42.950s][info][gc             ] GC(309) Pause Young (Normal) (G1 Evacuation Pause) 126M->39M(152M) 2.333ms
[42.950s][info][gc,cpu         ] GC(309) User=0.00s Sys=0.00s Real=0.00s
[42.972s][info][gc,start       ] GC(310) Pause Young (Normal) (G1 Evacuation Pause)
[42.972s][info][gc,task        ] GC(310) Using 33 workers of 33 for evacuation
[42.977s][info][gc,phases      ] GC(310)   Pre Evacuate Collection Set: 0.2ms
[42.977s][info][gc,phases      ] GC(310)   Merge Heap Roots: 0.2ms
[42.977s][info][gc,phases      ] GC(310)   Evacuate Collection Set: 1.1ms
[42.977s][info][gc,phases      ] GC(310)   Post Evacuate Collection Set: 2.8ms
[42.977s][info][gc,phases      ] GC(310)   Other: 0.1ms
[42.977s][info][gc,heap        ] GC(310) Eden regions: 87->0(348)
[42.977s][info][gc,heap        ] GC(310) Survivor regions: 4->4(12)
[42.977s][info][gc,heap        ] GC(310) Old regions: 43->43
[42.977s][info][gc,heap        ] GC(310) Archive regions: 0->0
[42.977s][info][gc,heap        ] GC(310) Humongous regions: 0->0
[42.977s][info][gc,metaspace   ] GC(310) Metaspace: 73715K(74944K)->73715K(74944K) NonClass: 58447K(58944K)->58447K(58944K) Class: 15268K(16000K)->15268K(16000K)
[42.977s][info][gc             ] GC(310) Pause Young (Normal) (G1 Evacuation Pause) 126M->39M(588M) 4.592ms
[42.977s][info][gc,cpu         ] GC(310) User=0.00s Sys=0.00s Real=0.00s
[43.199s][info][gc,start       ] GC(311) Pause Young (Normal) (G1 Evacuation Pause)
[43.199s][info][gc,task        ] GC(311) Using 33 workers of 33 for evacuation
[43.203s][info][gc,phases      ] GC(311)   Pre Evacuate Collection Set: 0.2ms
[43.203s][info][gc,phases      ] GC(311)   Merge Heap Roots: 0.2ms
[43.203s][info][gc,phases      ] GC(311)   Evacuate Collection Set: 2.4ms
[43.203s][info][gc,phases      ] GC(311)   Post Evacuate Collection Set: 0.7ms
[43.203s][info][gc,phases      ] GC(311)   Other: 0.1ms
[43.203s][info][gc,heap        ] GC(311) Eden regions: 348->0(348)
[43.203s][info][gc,heap        ] GC(311) Survivor regions: 4->4(44)
[43.203s][info][gc,heap        ] GC(311) Old regions: 43->43
[43.203s][info][gc,heap        ] GC(311) Archive regions: 0->0
[43.203s][info][gc,heap        ] GC(311) Humongous regions: 0->0
[43.203s][info][gc,metaspace   ] GC(311) Metaspace: 73716K(74944K)->73716K(74944K) NonClass: 58447K(58944K)->58447K(58944K) Class: 15268K(16000K)->15268K(16000K)
[43.203s][info][gc             ] GC(311) Pause Young (Normal) (G1 Evacuation Pause) 387M->39M(588M) 3.800ms
[43.203s][info][gc,cpu         ] GC(311) User=0.00s Sys=0.00s Real=0.00s
[43.291s][info][gc,start       ] GC(312) Pause Young (Normal) (G1 Evacuation Pause)
[43.291s][info][gc,task        ] GC(312) Using 33 workers of 33 for evacuation
[43.295s][info][gc,phases      ] GC(312)   Pre Evacuate Collection Set: 0.2ms
[43.295s][info][gc,phases      ] GC(312)   Merge Heap Roots: 0.2ms
[43.295s][info][gc,phases      ] GC(312)   Evacuate Collection Set: 2.4ms
[43.295s][info][gc,phases      ] GC(312)   Post Evacuate Collection Set: 0.7ms
[43.295s][info][gc,phases      ] GC(312)   Other: 0.1ms
[43.295s][info][gc,heap        ] GC(312) Eden regions: 348->0(348)
[43.295s][info][gc,heap        ] GC(312) Survivor regions: 4->4(44)
[43.295s][info][gc,heap        ] GC(312) Old regions: 43->43
[43.295s][info][gc,heap        ] GC(312) Archive regions: 0->0
[43.295s][info][gc,heap        ] GC(312) Humongous regions: 0->0
[43.295s][info][gc,metaspace   ] GC(312) Metaspace: 73716K(74944K)->73716K(74944K) NonClass: 58447K(58944K)->58447K(58944K) Class: 15268K(16000K)->15268K(16000K)
[43.295s][info][gc             ] GC(312) Pause Young (Normal) (G1 Evacuation Pause) 387M->39M(588M) 3.862ms
[43.295s][info][gc,cpu         ] GC(312) User=0.00s Sys=0.00s Real=0.00s
[43.383s][info][gc,start       ] GC(313) Pause Young (Normal) (G1 Evacuation Pause)
[43.383s][info][gc,task        ] GC(313) Using 33 workers of 33 for evacuation
[43.385s][info][gc,phases      ] GC(313)   Pre Evacuate Collection Set: 0.2ms
[43.385s][info][gc,phases      ] GC(313)   Merge Heap Roots: 0.2ms
[43.385s][info][gc,phases      ] GC(313)   Evacuate Collection Set: 1.2ms
[43.385s][info][gc,phases      ] GC(313)   Post Evacuate Collection Set: 0.6ms
[43.385s][info][gc,phases      ] GC(313)   Other: 0.1ms
[43.385s][info][gc,heap        ] GC(313) Eden regions: 348->0(348)
[43.385s][info][gc,heap        ] GC(313) Survivor regions: 4->4(44)
[43.385s][info][gc,heap        ] GC(313) Old regions: 43->43
[43.385s][info][gc,heap        ] GC(313) Archive regions: 0->0
[43.385s][info][gc,heap        ] GC(313) Humongous regions: 0->0
[43.385s][info][gc,metaspace   ] GC(313) Metaspace: 73716K(74944K)->73716K(74944K) NonClass: 58447K(58944K)->58447K(58944K) Class: 15268K(16000K)->15268K(16000K)
[43.385s][info][gc             ] GC(313) Pause Young (Normal) (G1 Evacuation Pause) 387M->39M(588M) 2.506ms
[43.385s][info][gc,cpu         ] GC(313) User=0.00s Sys=0.00s Real=0.00s
[43.473s][info][gc,start       ] GC(314) Pause Young (Normal) (G1 Evacuation Pause)
[43.473s][info][gc,task        ] GC(314) Using 33 workers of 33 for evacuation
[43.475s][info][gc,phases      ] GC(314)   Pre Evacuate Collection Set: 0.2ms
[43.475s][info][gc,phases      ] GC(314)   Merge Heap Roots: 0.2ms
[43.475s][info][gc,phases      ] GC(314)   Evacuate Collection Set: 1.2ms
[43.476s][info][gc,phases      ] GC(314)   Post Evacuate Collection Set: 0.7ms
[43.476s][info][gc,phases      ] GC(314)   Other: 0.1ms
[43.476s][info][gc,heap        ] GC(314) Eden regions: 348->0(348)
[43.476s][info][gc,heap        ] GC(314) Survivor regions: 4->4(44)
[43.476s][info][gc,heap        ] GC(314) Old regions: 43->43
[43.476s][info][gc,heap        ] GC(314) Archive regions: 0->0
[43.476s][info][gc,heap        ] GC(314) Humongous regions: 0->0
[43.476s][info][gc,metaspace   ] GC(314) Metaspace: 73716K(74944K)->73716K(74944K) NonClass: 58447K(58944K)->58447K(58944K) Class: 15268K(16000K)->15268K(16000K)
[43.476s][info][gc             ] GC(314) Pause Young (Normal) (G1 Evacuation Pause) 387M->39M(588M) 2.596ms
[43.476s][info][gc,cpu         ] GC(314) User=0.00s Sys=0.00s Real=0.00s
[43.563s][info][gc,start       ] GC(315) Pause Young (Normal) (G1 Evacuation Pause)
[43.563s][info][gc,task        ] GC(315) Using 33 workers of 33 for evacuation
[43.566s][info][gc,phases      ] GC(315)   Pre Evacuate Collection Set: 0.2ms
[43.566s][info][gc,phases      ] GC(315)   Merge Heap Roots: 0.2ms
[43.566s][info][gc,phases      ] GC(315)   Evacuate Collection Set: 1.2ms
[43.566s][info][gc,phases      ] GC(315)   Post Evacuate Collection Set: 0.6ms
[43.566s][info][gc,phases      ] GC(315)   Other: 0.1ms
[43.566s][info][gc,heap        ] GC(315) Eden regions: 348->0(348)
[43.566s][info][gc,heap        ] GC(315) Survivor regions: 4->4(44)
[43.566s][info][gc,heap        ] GC(315) Old regions: 43->43
[43.566s][info][gc,heap        ] GC(315) Archive regions: 0->0
[43.566s][info][gc,heap        ] GC(315) Humongous regions: 0->0
[43.566s][info][gc,metaspace   ] GC(315) Metaspace: 73716K(74944K)->73716K(74944K) NonClass: 58447K(58944K)->58447K(58944K) Class: 15268K(16000K)->15268K(16000K)
[43.566s][info][gc             ] GC(315) Pause Young (Normal) (G1 Evacuation Pause) 387M->39M(588M) 2.589ms
[43.566s][info][gc,cpu         ] GC(315) User=0.00s Sys=0.00s Real=0.00s
[43.654s][info][gc,start       ] GC(316) Pause Young (Normal) (G1 Evacuation Pause)
[43.654s][info][gc,task        ] GC(316) Using 33 workers of 33 for evacuation
[43.656s][info][gc,phases      ] GC(316)   Pre Evacuate Collection Set: 0.2ms
[43.656s][info][gc,phases      ] GC(316)   Merge Heap Roots: 0.2ms
[43.656s][info][gc,phases      ] GC(316)   Evacuate Collection Set: 1.2ms
[43.656s][info][gc,phases      ] GC(316)   Post Evacuate Collection Set: 0.7ms
[43.656s][info][gc,phases      ] GC(316)   Other: 0.1ms
[43.656s][info][gc,heap        ] GC(316) Eden regions: 348->0(348)
[43.656s][info][gc,heap        ] GC(316) Survivor regions: 4->4(44)
[43.656s][info][gc,heap        ] GC(316) Old regions: 43->43
[43.656s][info][gc,heap        ] GC(316) Archive regions: 0->0
[43.656s][info][gc,heap        ] GC(316) Humongous regions: 0->0
[43.656s][info][gc,metaspace   ] GC(316) Metaspace: 73716K(74944K)->73716K(74944K) NonClass: 58447K(58944K)->58447K(58944K) Class: 15268K(16000K)->15268K(16000K)
[43.656s][info][gc             ] GC(316) Pause Young (Normal) (G1 Evacuation Pause) 387M->39M(588M) 2.584ms
[43.656s][info][gc,cpu         ] GC(316) User=0.00s Sys=0.00s Real=0.00s
[43.744s][info][gc,start       ] GC(317) Pause Young (Normal) (G1 Evacuation Pause)
[43.744s][info][gc,task        ] GC(317) Using 33 workers of 33 for evacuation
[43.747s][info][gc,phases      ] GC(317)   Pre Evacuate Collection Set: 0.2ms
[43.747s][info][gc,phases      ] GC(317)   Merge Heap Roots: 0.2ms
[43.747s][info][gc,phases      ] GC(317)   Evacuate Collection Set: 1.1ms
[43.747s][info][gc,phases      ] GC(317)   Post Evacuate Collection Set: 0.7ms
[43.747s][info][gc,phases      ] GC(317)   Other: 0.1ms
[43.747s][info][gc,heap        ] GC(317) Eden regions: 348->0(348)
[43.747s][info][gc,heap        ] GC(317) Survivor regions: 4->4(44)
[43.747s][info][gc,heap        ] GC(317) Old regions: 43->43
[43.747s][info][gc,heap        ] GC(317) Archive regions: 0->0
[43.747s][info][gc,heap        ] GC(317) Humongous regions: 0->0
[43.747s][info][gc,metaspace   ] GC(317) Metaspace: 73716K(74944K)->73716K(74944K) NonClass: 58447K(58944K)->58447K(58944K) Class: 15268K(16000K)->15268K(16000K)
[43.747s][info][gc             ] GC(317) Pause Young (Normal) (G1 Evacuation Pause) 387M->39M(588M) 2.566ms
[43.747s][info][gc,cpu         ] GC(317) User=0.00s Sys=0.00s Real=0.00s
[43.835s][info][gc,start       ] GC(318) Pause Young (Normal) (G1 Evacuation Pause)
[43.835s][info][gc,task        ] GC(318) Using 33 workers of 33 for evacuation
[43.837s][info][gc,phases      ] GC(318)   Pre Evacuate Collection Set: 0.2ms
[43.837s][info][gc,phases      ] GC(318)   Merge Heap Roots: 0.2ms
[43.837s][info][gc,phases      ] GC(318)   Evacuate Collection Set: 1.1ms
[43.837s][info][gc,phases      ] GC(318)   Post Evacuate Collection Set: 0.7ms
[43.837s][info][gc,phases      ] GC(318)   Other: 0.1ms
[43.837s][info][gc,heap        ] GC(318) Eden regions: 348->0(348)
[43.837s][info][gc,heap        ] GC(318) Survivor regions: 4->4(44)
[43.837s][info][gc,heap        ] GC(318) Old regions: 43->43
[43.837s][info][gc,heap        ] GC(318) Archive regions: 0->0
[43.837s][info][gc,heap        ] GC(318) Humongous regions: 0->0
[43.837s][info][gc,metaspace   ] GC(318) Metaspace: 73716K(74944K)->73716K(74944K) NonClass: 58447K(58944K)->58447K(58944K) Class: 15268K(16000K)->15268K(16000K)
[43.837s][info][gc             ] GC(318) Pause Young (Normal) (G1 Evacuation Pause) 387M->39M(588M) 2.519ms
[43.837s][info][gc,cpu         ] GC(318) User=0.00s Sys=0.00s Real=0.00s
[43.925s][info][gc,start       ] GC(319) Pause Young (Normal) (G1 Evacuation Pause)
[43.925s][info][gc,task        ] GC(319) Using 33 workers of 33 for evacuation
[43.927s][info][gc,phases      ] GC(319)   Pre Evacuate Collection Set: 0.2ms
[43.927s][info][gc,phases      ] GC(319)   Merge Heap Roots: 0.2ms
[43.927s][info][gc,phases      ] GC(319)   Evacuate Collection Set: 1.1ms
[43.928s][info][gc,phases      ] GC(319)   Post Evacuate Collection Set: 0.7ms
[43.928s][info][gc,phases      ] GC(319)   Other: 0.1ms
[43.928s][info][gc,heap        ] GC(319) Eden regions: 348->0(348)
[43.928s][info][gc,heap        ] GC(319) Survivor regions: 4->4(44)
[43.928s][info][gc,heap        ] GC(319) Old regions: 43->43
[43.928s][info][gc,heap        ] GC(319) Archive regions: 0->0
[43.928s][info][gc,heap        ] GC(319) Humongous regions: 0->0
[43.928s][info][gc,metaspace   ] GC(319) Metaspace: 73716K(74944K)->73716K(74944K) NonClass: 58447K(58944K)->58447K(58944K) Class: 15268K(16000K)->15268K(16000K)
[43.928s][info][gc             ] GC(319) Pause Young (Normal) (G1 Evacuation Pause) 387M->39M(588M) 2.563ms
[43.928s][info][gc,cpu         ] GC(319) User=0.00s Sys=0.00s Real=0.00s
[44.016s][info][gc,start       ] GC(320) Pause Young (Normal) (G1 Evacuation Pause)
[44.016s][info][gc,task        ] GC(320) Using 33 workers of 33 for evacuation
[44.018s][info][gc,phases      ] GC(320)   Pre Evacuate Collection Set: 0.2ms
[44.018s][info][gc,phases      ] GC(320)   Merge Heap Roots: 0.2ms
[44.018s][info][gc,phases      ] GC(320)   Evacuate Collection Set: 1.1ms
[44.018s][info][gc,phases      ] GC(320)   Post Evacuate Collection Set: 0.7ms
[44.018s][info][gc,phases      ] GC(320)   Other: 0.1ms
[44.018s][info][gc,heap        ] GC(320) Eden regions: 348->0(348)
[44.018s][info][gc,heap        ] GC(320) Survivor regions: 4->4(44)
[44.018s][info][gc,heap        ] GC(320) Old regions: 43->43
[44.018s][info][gc,heap        ] GC(320) Archive regions: 0->0
[44.018s][info][gc,heap        ] GC(320) Humongous regions: 0->0
[44.018s][info][gc,metaspace   ] GC(320) Metaspace: 73716K(74944K)->73716K(74944K) NonClass: 58447K(58944K)->58447K(58944K) Class: 15268K(16000K)->15268K(16000K)
[44.018s][info][gc             ] GC(320) Pause Young (Normal) (G1 Evacuation Pause) 387M->39M(588M) 2.520ms
[44.019s][info][gc,cpu         ] GC(320) User=0.00s Sys=0.00s Real=0.00s
[44.107s][info][gc,start       ] GC(321) Pause Young (Normal) (G1 Evacuation Pause)
[44.107s][info][gc,task        ] GC(321) Using 33 workers of 33 for evacuation
[44.109s][info][gc,phases      ] GC(321)   Pre Evacuate Collection Set: 0.2ms
[44.109s][info][gc,phases      ] GC(321)   Merge Heap Roots: 0.2ms
[44.109s][info][gc,phases      ] GC(321)   Evacuate Collection Set: 1.4ms
[44.109s][info][gc,phases      ] GC(321)   Post Evacuate Collection Set: 0.5ms
[44.109s][info][gc,phases      ] GC(321)   Other: 0.1ms
[44.109s][info][gc,heap        ] GC(321) Eden regions: 348->0(350)
[44.109s][info][gc,heap        ] GC(321) Survivor regions: 4->2(44)
[44.109s][info][gc,heap        ] GC(321) Old regions: 43->45
[44.109s][info][gc,heap        ] GC(321) Archive regions: 0->0
[44.109s][info][gc,heap        ] GC(321) Humongous regions: 0->0
[44.109s][info][gc,metaspace   ] GC(321) Metaspace: 73716K(74944K)->73716K(74944K) NonClass: 58447K(58944K)->58447K(58944K) Class: 15268K(16000K)->15268K(16000K)
[44.109s][info][gc             ] GC(321) Pause Young (Normal) (G1 Evacuation Pause) 387M->39M(588M) 2.663ms
[44.109s][info][gc,cpu         ] GC(321) User=0.00s Sys=0.00s Real=0.00s
[44.198s][info][gc,start       ] GC(322) Pause Young (Normal) (G1 Evacuation Pause)
[44.198s][info][gc,task        ] GC(322) Using 33 workers of 33 for evacuation
[44.200s][info][gc,phases      ] GC(322)   Pre Evacuate Collection Set: 0.2ms
[44.200s][info][gc,phases      ] GC(322)   Merge Heap Roots: 0.2ms
[44.200s][info][gc,phases      ] GC(322)   Evacuate Collection Set: 0.9ms
[44.200s][info][gc,phases      ] GC(322)   Post Evacuate Collection Set: 0.5ms
[44.200s][info][gc,phases      ] GC(322)   Other: 0.1ms
[44.200s][info][gc,heap        ] GC(322) Eden regions: 350->0(350)
[44.200s][info][gc,heap        ] GC(322) Survivor regions: 2->2(44)
[44.200s][info][gc,heap        ] GC(322) Old regions: 45->45
[44.200s][info][gc,heap        ] GC(322) Archive regions: 0->0
[44.200s][info][gc,heap        ] GC(322) Humongous regions: 0->0
[44.200s][info][gc,metaspace   ] GC(322) Metaspace: 73716K(74944K)->73716K(74944K) NonClass: 58447K(58944K)->58447K(58944K) Class: 15268K(16000K)->15268K(16000K)
[44.200s][info][gc             ] GC(322) Pause Young (Normal) (G1 Evacuation Pause) 389M->39M(588M) 2.089ms
[44.200s][info][gc,cpu         ] GC(322) User=0.00s Sys=0.00s Real=0.00s
[44.289s][info][gc,start       ] GC(323) Pause Young (Normal) (G1 Evacuation Pause)
[44.289s][info][gc,task        ] GC(323) Using 33 workers of 33 for evacuation
[44.291s][info][gc,phases      ] GC(323)   Pre Evacuate Collection Set: 0.2ms
[44.291s][info][gc,phases      ] GC(323)   Merge Heap Roots: 0.2ms
[44.291s][info][gc,phases      ] GC(323)   Evacuate Collection Set: 0.9ms
[44.291s][info][gc,phases      ] GC(323)   Post Evacuate Collection Set: 0.5ms
[44.291s][info][gc,phases      ] GC(323)   Other: 0.1ms
[44.291s][info][gc,heap        ] GC(323) Eden regions: 350->0(350)
[44.291s][info][gc,heap        ] GC(323) Survivor regions: 2->2(44)
[44.291s][info][gc,heap        ] GC(323) Old regions: 45->45
[44.291s][info][gc,heap        ] GC(323) Archive regions: 0->0
[44.291s][info][gc,heap        ] GC(323) Humongous regions: 0->0
[44.291s][info][gc,metaspace   ] GC(323) Metaspace: 73716K(74944K)->73716K(74944K) NonClass: 58447K(58944K)->58447K(58944K) Class: 15268K(16000K)->15268K(16000K)
[44.291s][info][gc             ] GC(323) Pause Young (Normal) (G1 Evacuation Pause) 389M->39M(588M) 2.109ms
[44.291s][info][gc,cpu         ] GC(323) User=0.00s Sys=0.00s Real=0.00s
[44.379s][info][gc,start       ] GC(324) Pause Young (Normal) (G1 Evacuation Pause)
[44.379s][info][gc,task        ] GC(324) Using 33 workers of 33 for evacuation
[44.381s][info][gc,phases      ] GC(324)   Pre Evacuate Collection Set: 0.2ms
[44.381s][info][gc,phases      ] GC(324)   Merge Heap Roots: 0.2ms
[44.381s][info][gc,phases      ] GC(324)   Evacuate Collection Set: 0.8ms
[44.381s][info][gc,phases      ] GC(324)   Post Evacuate Collection Set: 0.5ms
[44.381s][info][gc,phases      ] GC(324)   Other: 0.1ms
[44.381s][info][gc,heap        ] GC(324) Eden regions: 350->0(350)
[44.381s][info][gc,heap        ] GC(324) Survivor regions: 2->2(44)
[44.381s][info][gc,heap        ] GC(324) Old regions: 45->45
[44.381s][info][gc,heap        ] GC(324) Archive regions: 0->0
[44.381s][info][gc,heap        ] GC(324) Humongous regions: 0->0
[44.381s][info][gc,metaspace   ] GC(324) Metaspace: 73716K(74944K)->73716K(74944K) NonClass: 58447K(58944K)->58447K(58944K) Class: 15268K(16000K)->15268K(16000K)
[44.381s][info][gc             ] GC(324) Pause Young (Normal) (G1 Evacuation Pause) 389M->39M(588M) 2.045ms
[44.381s][info][gc,cpu         ] GC(324) User=0.00s Sys=0.00s Real=0.00s
[44.470s][info][gc,start       ] GC(325) Pause Young (Normal) (G1 Evacuation Pause)
[44.470s][info][gc,task        ] GC(325) Using 33 workers of 33 for evacuation
[44.472s][info][gc,phases      ] GC(325)   Pre Evacuate Collection Set: 0.2ms
[44.472s][info][gc,phases      ] GC(325)   Merge Heap Roots: 0.2ms
[44.472s][info][gc,phases      ] GC(325)   Evacuate Collection Set: 0.8ms
[44.472s][info][gc,phases      ] GC(325)   Post Evacuate Collection Set: 0.5ms
[44.472s][info][gc,phases      ] GC(325)   Other: 0.1ms
[44.472s][info][gc,heap        ] GC(325) Eden regions: 350->0(350)
[44.472s][info][gc,heap        ] GC(325) Survivor regions: 2->2(44)
[44.472s][info][gc,heap        ] GC(325) Old regions: 45->45
[44.472s][info][gc,heap        ] GC(325) Archive regions: 0->0
[44.472s][info][gc,heap        ] GC(325) Humongous regions: 0->0
[44.472s][info][gc,metaspace   ] GC(325) Metaspace: 73716K(74944K)->73716K(74944K) NonClass: 58447K(58944K)->58447K(58944K) Class: 15268K(16000K)->15268K(16000K)
[44.472s][info][gc             ] GC(325) Pause Young (Normal) (G1 Evacuation Pause) 389M->39M(588M) 2.024ms
[44.472s][info][gc,cpu         ] GC(325) User=0.00s Sys=0.00s Real=0.00s
[44.565s][info][gc,start       ] GC(326) Pause Young (Normal) (G1 Evacuation Pause)
[44.565s][info][gc,task        ] GC(326) Using 33 workers of 33 for evacuation
[44.567s][info][gc,phases      ] GC(326)   Pre Evacuate Collection Set: 0.2ms
[44.567s][info][gc,phases      ] GC(326)   Merge Heap Roots: 0.2ms
[44.567s][info][gc,phases      ] GC(326)   Evacuate Collection Set: 0.8ms
[44.567s][info][gc,phases      ] GC(326)   Post Evacuate Collection Set: 0.5ms
[44.567s][info][gc,phases      ] GC(326)   Other: 0.1ms
[44.567s][info][gc,heap        ] GC(326) Eden regions: 350->0(350)
[44.567s][info][gc,heap        ] GC(326) Survivor regions: 2->2(44)
[44.567s][info][gc,heap        ] GC(326) Old regions: 45->45
[44.567s][info][gc,heap        ] GC(326) Archive regions: 0->0
[44.567s][info][gc,heap        ] GC(326) Humongous regions: 0->0
[44.567s][info][gc,metaspace   ] GC(326) Metaspace: 73716K(74944K)->73716K(74944K) NonClass: 58447K(58944K)->58447K(58944K) Class: 15268K(16000K)->15268K(16000K)
[44.567s][info][gc             ] GC(326) Pause Young (Normal) (G1 Evacuation Pause) 389M->39M(588M) 1.982ms
[44.567s][info][gc,cpu         ] GC(326) User=0.00s Sys=0.00s Real=0.00s
[44.655s][info][gc,start       ] GC(327) Pause Young (Normal) (G1 Evacuation Pause)
[44.656s][info][gc,task        ] GC(327) Using 33 workers of 33 for evacuation
[44.657s][info][gc,phases      ] GC(327)   Pre Evacuate Collection Set: 0.2ms
[44.657s][info][gc,phases      ] GC(327)   Merge Heap Roots: 0.2ms
[44.657s][info][gc,phases      ] GC(327)   Evacuate Collection Set: 0.8ms
[44.657s][info][gc,phases      ] GC(327)   Post Evacuate Collection Set: 0.5ms
[44.657s][info][gc,phases      ] GC(327)   Other: 0.1ms
[44.657s][info][gc,heap        ] GC(327) Eden regions: 350->0(350)
[44.657s][info][gc,heap        ] GC(327) Survivor regions: 2->2(44)
[44.657s][info][gc,heap        ] GC(327) Old regions: 45->45
[44.657s][info][gc,heap        ] GC(327) Archive regions: 0->0
[44.657s][info][gc,heap        ] GC(327) Humongous regions: 0->0
[44.657s][info][gc,metaspace   ] GC(327) Metaspace: 73716K(74944K)->73716K(74944K) NonClass: 58447K(58944K)->58447K(58944K) Class: 15268K(16000K)->15268K(16000K)
[44.657s][info][gc             ] GC(327) Pause Young (Normal) (G1 Evacuation Pause) 389M->39M(588M) 2.031ms
[44.658s][info][gc,cpu         ] GC(327) User=0.00s Sys=0.00s Real=0.00s
[44.746s][info][gc,start       ] GC(328) Pause Young (Normal) (G1 Evacuation Pause)
[44.746s][info][gc,task        ] GC(328) Using 33 workers of 33 for evacuation
[44.748s][info][gc,phases      ] GC(328)   Pre Evacuate Collection Set: 0.2ms
[44.748s][info][gc,phases      ] GC(328)   Merge Heap Roots: 0.2ms
[44.748s][info][gc,phases      ] GC(328)   Evacuate Collection Set: 0.9ms
[44.748s][info][gc,phases      ] GC(328)   Post Evacuate Collection Set: 0.5ms
[44.748s][info][gc,phases      ] GC(328)   Other: 0.1ms
[44.748s][info][gc,heap        ] GC(328) Eden regions: 350->0(350)
[44.748s][info][gc,heap        ] GC(328) Survivor regions: 2->2(44)
[44.748s][info][gc,heap        ] GC(328) Old regions: 45->45
[44.748s][info][gc,heap        ] GC(328) Archive regions: 0->0
[44.748s][info][gc,heap        ] GC(328) Humongous regions: 0->0
[44.748s][info][gc,metaspace   ] GC(328) Metaspace: 73716K(74944K)->73716K(74944K) NonClass: 58447K(58944K)->58447K(58944K) Class: 15268K(16000K)->15268K(16000K)
[44.748s][info][gc             ] GC(328) Pause Young (Normal) (G1 Evacuation Pause) 389M->39M(588M) 2.167ms
[44.748s][info][gc,cpu         ] GC(328) User=0.52s Sys=0.00s Real=0.00s
[44.837s][info][gc,start       ] GC(329) Pause Young (Normal) (G1 Evacuation Pause)
[44.837s][info][gc,task        ] GC(329) Using 33 workers of 33 for evacuation
[44.839s][info][gc,phases      ] GC(329)   Pre Evacuate Collection Set: 0.2ms
[44.839s][info][gc,phases      ] GC(329)   Merge Heap Roots: 0.2ms
[44.839s][info][gc,phases      ] GC(329)   Evacuate Collection Set: 0.8ms
[44.839s][info][gc,phases      ] GC(329)   Post Evacuate Collection Set: 0.5ms
[44.839s][info][gc,phases      ] GC(329)   Other: 0.1ms
[44.839s][info][gc,heap        ] GC(329) Eden regions: 350->0(350)
[44.839s][info][gc,heap        ] GC(329) Survivor regions: 2->2(44)
[44.839s][info][gc,heap        ] GC(329) Old regions: 45->45
[44.839s][info][gc,heap        ] GC(329) Archive regions: 0->0
[44.839s][info][gc,heap        ] GC(329) Humongous regions: 0->0
[44.839s][info][gc,metaspace   ] GC(329) Metaspace: 73716K(74944K)->73716K(74944K) NonClass: 58447K(58944K)->58447K(58944K) Class: 15268K(16000K)->15268K(16000K)
[44.839s][info][gc             ] GC(329) Pause Young (Normal) (G1 Evacuation Pause) 389M->39M(588M) 2.039ms
[44.839s][info][gc,cpu         ] GC(329) User=0.00s Sys=0.00s Real=0.00s
[44.928s][info][gc,start       ] GC(330) Pause Young (Normal) (G1 Evacuation Pause)
[44.928s][info][gc,task        ] GC(330) Using 33 workers of 33 for evacuation
[44.930s][info][gc,phases      ] GC(330)   Pre Evacuate Collection Set: 0.2ms
[44.930s][info][gc,phases      ] GC(330)   Merge Heap Roots: 0.2ms
[44.930s][info][gc,phases      ] GC(330)   Evacuate Collection Set: 0.9ms
[44.930s][info][gc,phases      ] GC(330)   Post Evacuate Collection Set: 0.5ms
[44.930s][info][gc,phases      ] GC(330)   Other: 0.1ms
[44.930s][info][gc,heap        ] GC(330) Eden regions: 350->0(350)
[44.930s][info][gc,heap        ] GC(330) Survivor regions: 2->2(44)
[44.930s][info][gc,heap        ] GC(330) Old regions: 45->45
[44.930s][info][gc,heap        ] GC(330) Archive regions: 0->0
[44.930s][info][gc,heap        ] GC(330) Humongous regions: 0->0
[44.930s][info][gc,metaspace   ] GC(330) Metaspace: 73716K(74944K)->73716K(74944K) NonClass: 58447K(58944K)->58447K(58944K) Class: 15268K(16000K)->15268K(16000K)
[44.930s][info][gc             ] GC(330) Pause Young (Normal) (G1 Evacuation Pause) 389M->39M(588M) 2.075ms
[44.930s][info][gc,cpu         ] GC(330) User=0.00s Sys=0.00s Real=0.00s
[45.018s][info][gc,start       ] GC(331) Pause Young (Normal) (G1 Evacuation Pause)
[45.018s][info][gc,task        ] GC(331) Using 33 workers of 33 for evacuation
[45.020s][info][gc,phases      ] GC(331)   Pre Evacuate Collection Set: 0.2ms
[45.020s][info][gc,phases      ] GC(331)   Merge Heap Roots: 0.2ms
[45.020s][info][gc,phases      ] GC(331)   Evacuate Collection Set: 0.8ms
[45.020s][info][gc,phases      ] GC(331)   Post Evacuate Collection Set: 0.5ms
[45.020s][info][gc,phases      ] GC(331)   Other: 0.1ms
[45.020s][info][gc,heap        ] GC(331) Eden regions: 350->0(350)
[45.020s][info][gc,heap        ] GC(331) Survivor regions: 2->2(44)
[45.020s][info][gc,heap        ] GC(331) Old regions: 45->45
[45.020s][info][gc,heap        ] GC(331) Archive regions: 0->0
[45.020s][info][gc,heap        ] GC(331) Humongous regions: 0->0
[45.020s][info][gc,metaspace   ] GC(331) Metaspace: 73716K(74944K)->73716K(74944K) NonClass: 58447K(58944K)->58447K(58944K) Class: 15268K(16000K)->15268K(16000K)
[45.021s][info][gc             ] GC(331) Pause Young (Normal) (G1 Evacuation Pause) 389M->39M(588M) 2.140ms
[45.021s][info][gc,cpu         ] GC(331) User=0.00s Sys=0.00s Real=0.00s
[45.109s][info][gc,start       ] GC(332) Pause Young (Normal) (G1 Evacuation Pause)
[45.109s][info][gc,task        ] GC(332) Using 33 workers of 33 for evacuation
[45.111s][info][gc,phases      ] GC(332)   Pre Evacuate Collection Set: 0.2ms
[45.111s][info][gc,phases      ] GC(332)   Merge Heap Roots: 0.2ms
[45.111s][info][gc,phases      ] GC(332)   Evacuate Collection Set: 0.8ms
[45.111s][info][gc,phases      ] GC(332)   Post Evacuate Collection Set: 0.5ms
[45.111s][info][gc,phases      ] GC(332)   Other: 0.1ms
[45.111s][info][gc,heap        ] GC(332) Eden regions: 350->0(350)
[45.111s][info][gc,heap        ] GC(332) Survivor regions: 2->2(44)
[45.111s][info][gc,heap        ] GC(332) Old regions: 45->45
[45.111s][info][gc,heap        ] GC(332) Archive regions: 0->0
[45.111s][info][gc,heap        ] GC(332) Humongous regions: 0->0
[45.111s][info][gc,metaspace   ] GC(332) Metaspace: 73716K(74944K)->73716K(74944K) NonClass: 58447K(58944K)->58447K(58944K) Class: 15268K(16000K)->15268K(16000K)
[45.111s][info][gc             ] GC(332) Pause Young (Normal) (G1 Evacuation Pause) 389M->39M(588M) 2.095ms
[45.111s][info][gc,cpu         ] GC(332) User=0.00s Sys=0.00s Real=0.00s
[45.200s][info][gc,start       ] GC(333) Pause Young (Normal) (G1 Evacuation Pause)
[45.200s][info][gc,task        ] GC(333) Using 33 workers of 33 for evacuation
[45.202s][info][gc,phases      ] GC(333)   Pre Evacuate Collection Set: 0.2ms
[45.202s][info][gc,phases      ] GC(333)   Merge Heap Roots: 0.2ms
[45.202s][info][gc,phases      ] GC(333)   Evacuate Collection Set: 0.8ms
[45.202s][info][gc,phases      ] GC(333)   Post Evacuate Collection Set: 0.5ms
[45.202s][info][gc,phases      ] GC(333)   Other: 0.1ms
[45.202s][info][gc,heap        ] GC(333) Eden regions: 350->0(350)
[45.202s][info][gc,heap        ] GC(333) Survivor regions: 2->2(44)
[45.202s][info][gc,heap        ] GC(333) Old regions: 45->45
[45.202s][info][gc,heap        ] GC(333) Archive regions: 0->0
[45.202s][info][gc,heap        ] GC(333) Humongous regions: 0->0
[45.202s][info][gc,metaspace   ] GC(333) Metaspace: 73716K(74944K)->73716K(74944K) NonClass: 58447K(58944K)->58447K(58944K) Class: 15268K(16000K)->15268K(16000K)
[45.202s][info][gc             ] GC(333) Pause Young (Normal) (G1 Evacuation Pause) 389M->39M(588M) 2.021ms
[45.202s][info][gc,cpu         ] GC(333) User=0.00s Sys=0.00s Real=0.00s
[45.290s][info][gc,start       ] GC(334) Pause Young (Normal) (G1 Evacuation Pause)
[45.290s][info][gc,task        ] GC(334) Using 33 workers of 33 for evacuation
[45.292s][info][gc,phases      ] GC(334)   Pre Evacuate Collection Set: 0.2ms
[45.292s][info][gc,phases      ] GC(334)   Merge Heap Roots: 0.2ms
[45.292s][info][gc,phases      ] GC(334)   Evacuate Collection Set: 0.9ms
[45.292s][info][gc,phases      ] GC(334)   Post Evacuate Collection Set: 0.5ms
[45.292s][info][gc,phases      ] GC(334)   Other: 0.1ms
[45.292s][info][gc,heap        ] GC(334) Eden regions: 350->0(350)
[45.292s][info][gc,heap        ] GC(334) Survivor regions: 2->2(44)
[45.292s][info][gc,heap        ] GC(334) Old regions: 45->45
[45.292s][info][gc,heap        ] GC(334) Archive regions: 0->0
[45.292s][info][gc,heap        ] GC(334) Humongous regions: 0->0
[45.292s][info][gc,metaspace   ] GC(334) Metaspace: 73716K(74944K)->73716K(74944K) NonClass: 58447K(58944K)->58447K(58944K) Class: 15268K(16000K)->15268K(16000K)
[45.292s][info][gc             ] GC(334) Pause Young (Normal) (G1 Evacuation Pause) 389M->39M(588M) 2.045ms
[45.292s][info][gc,cpu         ] GC(334) User=0.00s Sys=0.00s Real=0.00s
[45.381s][info][gc,start       ] GC(335) Pause Young (Normal) (G1 Evacuation Pause)
[45.381s][info][gc,task        ] GC(335) Using 33 workers of 33 for evacuation
[45.383s][info][gc,phases      ] GC(335)   Pre Evacuate Collection Set: 0.2ms
[45.383s][info][gc,phases      ] GC(335)   Merge Heap Roots: 0.2ms
[45.383s][info][gc,phases      ] GC(335)   Evacuate Collection Set: 0.8ms
[45.383s][info][gc,phases      ] GC(335)   Post Evacuate Collection Set: 0.5ms
[45.383s][info][gc,phases      ] GC(335)   Other: 0.1ms
[45.383s][info][gc,heap        ] GC(335) Eden regions: 350->0(350)
[45.383s][info][gc,heap        ] GC(335) Survivor regions: 2->2(44)
[45.383s][info][gc,heap        ] GC(335) Old regions: 45->45
[45.383s][info][gc,heap        ] GC(335) Archive regions: 0->0
[45.383s][info][gc,heap        ] GC(335) Humongous regions: 0->0
[45.383s][info][gc,metaspace   ] GC(335) Metaspace: 73716K(74944K)->73716K(74944K) NonClass: 58447K(58944K)->58447K(58944K) Class: 15268K(16000K)->15268K(16000K)
[45.383s][info][gc             ] GC(335) Pause Young (Normal) (G1 Evacuation Pause) 389M->39M(588M) 2.079ms
[45.383s][info][gc,cpu         ] GC(335) User=0.00s Sys=0.00s Real=0.00s
[45.472s][info][gc,start       ] GC(336) Pause Young (Normal) (G1 Evacuation Pause)
[45.472s][info][gc,task        ] GC(336) Using 33 workers of 33 for evacuation
[45.474s][info][gc,phases      ] GC(336)   Pre Evacuate Collection Set: 0.2ms
[45.474s][info][gc,phases      ] GC(336)   Merge Heap Roots: 0.2ms
[45.474s][info][gc,phases      ] GC(336)   Evacuate Collection Set: 0.9ms
[45.474s][info][gc,phases      ] GC(336)   Post Evacuate Collection Set: 0.5ms
[45.474s][info][gc,phases      ] GC(336)   Other: 0.1ms
[45.474s][info][gc,heap        ] GC(336) Eden regions: 350->0(350)
[45.474s][info][gc,heap        ] GC(336) Survivor regions: 2->2(44)
[45.474s][info][gc,heap        ] GC(336) Old regions: 45->45
[45.474s][info][gc,heap        ] GC(336) Archive regions: 0->0
[45.474s][info][gc,heap        ] GC(336) Humongous regions: 0->0
[45.474s][info][gc,metaspace   ] GC(336) Metaspace: 73716K(74944K)->73716K(74944K) NonClass: 58448K(58944K)->58448K(58944K) Class: 15268K(16000K)->15268K(16000K)
[45.474s][info][gc             ] GC(336) Pause Young (Normal) (G1 Evacuation Pause) 389M->39M(588M) 2.054ms
[45.474s][info][gc,cpu         ] GC(336) User=0.00s Sys=0.00s Real=0.00s
[45.562s][info][gc,start       ] GC(337) Pause Young (Normal) (G1 Evacuation Pause)
[45.562s][info][gc,task        ] GC(337) Using 33 workers of 33 for evacuation
[45.564s][info][gc,phases      ] GC(337)   Pre Evacuate Collection Set: 0.2ms
[45.564s][info][gc,phases      ] GC(337)   Merge Heap Roots: 0.2ms
[45.564s][info][gc,phases      ] GC(337)   Evacuate Collection Set: 0.9ms
[45.564s][info][gc,phases      ] GC(337)   Post Evacuate Collection Set: 0.5ms
[45.564s][info][gc,phases      ] GC(337)   Other: 0.1ms
[45.564s][info][gc,heap        ] GC(337) Eden regions: 350->0(350)
[45.564s][info][gc,heap        ] GC(337) Survivor regions: 2->2(44)
[45.564s][info][gc,heap        ] GC(337) Old regions: 45->45
[45.564s][info][gc,heap        ] GC(337) Archive regions: 0->0
[45.564s][info][gc,heap        ] GC(337) Humongous regions: 0->0
[45.564s][info][gc,metaspace   ] GC(337) Metaspace: 73716K(74944K)->73716K(74944K) NonClass: 58448K(58944K)->58448K(58944K) Class: 15268K(16000K)->15268K(16000K)
[45.564s][info][gc             ] GC(337) Pause Young (Normal) (G1 Evacuation Pause) 389M->39M(588M) 2.116ms
[45.564s][info][gc,cpu         ] GC(337) User=0.00s Sys=0.00s Real=0.00s
[45.654s][info][gc,start       ] GC(338) Pause Young (Normal) (G1 Evacuation Pause)
[45.654s][info][gc,task        ] GC(338) Using 33 workers of 33 for evacuation
[45.656s][info][gc,phases      ] GC(338)   Pre Evacuate Collection Set: 0.2ms
[45.656s][info][gc,phases      ] GC(338)   Merge Heap Roots: 0.2ms
[45.656s][info][gc,phases      ] GC(338)   Evacuate Collection Set: 0.8ms
[45.656s][info][gc,phases      ] GC(338)   Post Evacuate Collection Set: 0.5ms
[45.656s][info][gc,phases      ] GC(338)   Other: 0.1ms
[45.656s][info][gc,heap        ] GC(338) Eden regions: 350->0(350)
[45.656s][info][gc,heap        ] GC(338) Survivor regions: 2->2(44)
[45.656s][info][gc,heap        ] GC(338) Old regions: 45->45
[45.656s][info][gc,heap        ] GC(338) Archive regions: 0->0
[45.656s][info][gc,heap        ] GC(338) Humongous regions: 0->0
[45.656s][info][gc,metaspace   ] GC(338) Metaspace: 73716K(74944K)->73716K(74944K) NonClass: 58448K(58944K)->58448K(58944K) Class: 15268K(16000K)->15268K(16000K)
[45.656s][info][gc             ] GC(338) Pause Young (Normal) (G1 Evacuation Pause) 389M->39M(588M) 2.060ms
[45.656s][info][gc,cpu         ] GC(338) User=0.00s Sys=0.00s Real=0.00s
[45.744s][info][gc,start       ] GC(339) Pause Young (Normal) (G1 Evacuation Pause)
[45.744s][info][gc,task        ] GC(339) Using 33 workers of 33 for evacuation
[45.746s][info][gc,phases      ] GC(339)   Pre Evacuate Collection Set: 0.2ms
[45.746s][info][gc,phases      ] GC(339)   Merge Heap Roots: 0.2ms
[45.746s][info][gc,phases      ] GC(339)   Evacuate Collection Set: 0.8ms
[45.746s][info][gc,phases      ] GC(339)   Post Evacuate Collection Set: 0.5ms
[45.746s][info][gc,phases      ] GC(339)   Other: 0.1ms
[45.746s][info][gc,heap        ] GC(339) Eden regions: 350->0(350)
[45.746s][info][gc,heap        ] GC(339) Survivor regions: 2->2(44)
[45.746s][info][gc,heap        ] GC(339) Old regions: 45->45
[45.746s][info][gc,heap        ] GC(339) Archive regions: 0->0
[45.746s][info][gc,heap        ] GC(339) Humongous regions: 0->0
[45.746s][info][gc,metaspace   ] GC(339) Metaspace: 73716K(74944K)->73716K(74944K) NonClass: 58448K(58944K)->58448K(58944K) Class: 15268K(16000K)->15268K(16000K)
[45.746s][info][gc             ] GC(339) Pause Young (Normal) (G1 Evacuation Pause) 389M->39M(588M) 2.020ms
[45.746s][info][gc,cpu         ] GC(339) User=0.00s Sys=0.00s Real=0.00s
[45.835s][info][gc,start       ] GC(340) Pause Young (Normal) (G1 Evacuation Pause)
[45.835s][info][gc,task        ] GC(340) Using 33 workers of 33 for evacuation
[45.837s][info][gc,phases      ] GC(340)   Pre Evacuate Collection Set: 0.2ms
[45.837s][info][gc,phases      ] GC(340)   Merge Heap Roots: 0.2ms
[45.837s][info][gc,phases      ] GC(340)   Evacuate Collection Set: 0.8ms
[45.837s][info][gc,phases      ] GC(340)   Post Evacuate Collection Set: 0.5ms
[45.837s][info][gc,phases      ] GC(340)   Other: 0.1ms
[45.837s][info][gc,heap        ] GC(340) Eden regions: 350->0(350)
[45.837s][info][gc,heap        ] GC(340) Survivor regions: 2->2(44)
[45.837s][info][gc,heap        ] GC(340) Old regions: 45->45
[45.837s][info][gc,heap        ] GC(340) Archive regions: 0->0
[45.837s][info][gc,heap        ] GC(340) Humongous regions: 0->0
[45.837s][info][gc,metaspace   ] GC(340) Metaspace: 73716K(74944K)->73716K(74944K) NonClass: 58448K(58944K)->58448K(58944K) Class: 15268K(16000K)->15268K(16000K)
[45.837s][info][gc             ] GC(340) Pause Young (Normal) (G1 Evacuation Pause) 389M->39M(588M) 2.021ms
[45.837s][info][gc,cpu         ] GC(340) User=0.00s Sys=0.00s Real=0.00s
[45.925s][info][gc,start       ] GC(341) Pause Young (Normal) (G1 Evacuation Pause)
[45.925s][info][gc,task        ] GC(341) Using 33 workers of 33 for evacuation
[45.927s][info][gc,phases      ] GC(341)   Pre Evacuate Collection Set: 0.2ms
[45.927s][info][gc,phases      ] GC(341)   Merge Heap Roots: 0.2ms
[45.927s][info][gc,phases      ] GC(341)   Evacuate Collection Set: 0.8ms
[45.927s][info][gc,phases      ] GC(341)   Post Evacuate Collection Set: 0.5ms
[45.927s][info][gc,phases      ] GC(341)   Other: 0.1ms
[45.927s][info][gc,heap        ] GC(341) Eden regions: 350->0(350)
[45.927s][info][gc,heap        ] GC(341) Survivor regions: 2->2(44)
[45.927s][info][gc,heap        ] GC(341) Old regions: 45->45
[45.927s][info][gc,heap        ] GC(341) Archive regions: 0->0
[45.927s][info][gc,heap        ] GC(341) Humongous regions: 0->0
[45.927s][info][gc,metaspace   ] GC(341) Metaspace: 73716K(74944K)->73716K(74944K) NonClass: 58448K(58944K)->58448K(58944K) Class: 15268K(16000K)->15268K(16000K)
[45.927s][info][gc             ] GC(341) Pause Young (Normal) (G1 Evacuation Pause) 389M->39M(588M) 2.058ms
[45.927s][info][gc,cpu         ] GC(341) User=0.00s Sys=0.00s Real=0.00s
[46.016s][info][gc,start       ] GC(342) Pause Young (Normal) (G1 Evacuation Pause)
[46.016s][info][gc,task        ] GC(342) Using 33 workers of 33 for evacuation
[46.018s][info][gc,phases      ] GC(342)   Pre Evacuate Collection Set: 0.2ms
[46.018s][info][gc,phases      ] GC(342)   Merge Heap Roots: 0.2ms
[46.018s][info][gc,phases      ] GC(342)   Evacuate Collection Set: 0.8ms
[46.018s][info][gc,phases      ] GC(342)   Post Evacuate Collection Set: 0.5ms
[46.018s][info][gc,phases      ] GC(342)   Other: 0.1ms
[46.018s][info][gc,heap        ] GC(342) Eden regions: 350->0(350)
[46.018s][info][gc,heap        ] GC(342) Survivor regions: 2->2(44)
[46.018s][info][gc,heap        ] GC(342) Old regions: 45->45
[46.018s][info][gc,heap        ] GC(342) Archive regions: 0->0
[46.018s][info][gc,heap        ] GC(342) Humongous regions: 0->0
[46.018s][info][gc,metaspace   ] GC(342) Metaspace: 73716K(74944K)->73716K(74944K) NonClass: 58448K(58944K)->58448K(58944K) Class: 15268K(16000K)->15268K(16000K)
[46.018s][info][gc             ] GC(342) Pause Young (Normal) (G1 Evacuation Pause) 389M->39M(588M) 2.050ms
[46.018s][info][gc,cpu         ] GC(342) User=0.00s Sys=0.00s Real=0.00s
[46.107s][info][gc,start       ] GC(343) Pause Young (Normal) (G1 Evacuation Pause)
[46.107s][info][gc,task        ] GC(343) Using 33 workers of 33 for evacuation
[46.109s][info][gc,phases      ] GC(343)   Pre Evacuate Collection Set: 0.2ms
[46.109s][info][gc,phases      ] GC(343)   Merge Heap Roots: 0.2ms
[46.109s][info][gc,phases      ] GC(343)   Evacuate Collection Set: 0.8ms
[46.109s][info][gc,phases      ] GC(343)   Post Evacuate Collection Set: 0.5ms
[46.109s][info][gc,phases      ] GC(343)   Other: 0.1ms
[46.109s][info][gc,heap        ] GC(343) Eden regions: 350->0(350)
[46.109s][info][gc,heap        ] GC(343) Survivor regions: 2->2(44)
[46.109s][info][gc,heap        ] GC(343) Old regions: 45->45
[46.109s][info][gc,heap        ] GC(343) Archive regions: 0->0
[46.109s][info][gc,heap        ] GC(343) Humongous regions: 0->0
[46.109s][info][gc,metaspace   ] GC(343) Metaspace: 73716K(74944K)->73716K(74944K) NonClass: 58448K(58944K)->58448K(58944K) Class: 15268K(16000K)->15268K(16000K)
[46.109s][info][gc             ] GC(343) Pause Young (Normal) (G1 Evacuation Pause) 389M->39M(588M) 2.015ms
[46.109s][info][gc,cpu         ] GC(343) User=0.00s Sys=0.00s Real=0.00s
[46.198s][info][gc,start       ] GC(344) Pause Young (Normal) (G1 Evacuation Pause)
[46.198s][info][gc,task        ] GC(344) Using 33 workers of 33 for evacuation
[46.199s][info][gc,phases      ] GC(344)   Pre Evacuate Collection Set: 0.2ms
[46.199s][info][gc,phases      ] GC(344)   Merge Heap Roots: 0.2ms
[46.199s][info][gc,phases      ] GC(344)   Evacuate Collection Set: 0.8ms
[46.199s][info][gc,phases      ] GC(344)   Post Evacuate Collection Set: 0.5ms
[46.200s][info][gc,phases      ] GC(344)   Other: 0.1ms
[46.200s][info][gc,heap        ] GC(344) Eden regions: 350->0(350)
[46.200s][info][gc,heap        ] GC(344) Survivor regions: 2->2(44)
[46.200s][info][gc,heap        ] GC(344) Old regions: 45->45
[46.200s][info][gc,heap        ] GC(344) Archive regions: 0->0
[46.200s][info][gc,heap        ] GC(344) Humongous regions: 0->0
[46.200s][info][gc,metaspace   ] GC(344) Metaspace: 73716K(74944K)->73716K(74944K) NonClass: 58448K(58944K)->58448K(58944K) Class: 15268K(16000K)->15268K(16000K)
[46.200s][info][gc             ] GC(344) Pause Young (Normal) (G1 Evacuation Pause) 389M->39M(588M) 2.031ms
[46.200s][info][gc,cpu         ] GC(344) User=0.00s Sys=0.00s Real=0.00s
[46.288s][info][gc,start       ] GC(345) Pause Young (Normal) (G1 Evacuation Pause)
[46.288s][info][gc,task        ] GC(345) Using 33 workers of 33 for evacuation
[46.290s][info][gc,phases      ] GC(345)   Pre Evacuate Collection Set: 0.2ms
[46.290s][info][gc,phases      ] GC(345)   Merge Heap Roots: 0.2ms
[46.290s][info][gc,phases      ] GC(345)   Evacuate Collection Set: 0.8ms
[46.290s][info][gc,phases      ] GC(345)   Post Evacuate Collection Set: 0.5ms
[46.290s][info][gc,phases      ] GC(345)   Other: 0.1ms
[46.290s][info][gc,heap        ] GC(345) Eden regions: 350->0(350)
[46.290s][info][gc,heap        ] GC(345) Survivor regions: 2->2(44)
[46.290s][info][gc,heap        ] GC(345) Old regions: 45->45
[46.290s][info][gc,heap        ] GC(345) Archive regions: 0->0
[46.290s][info][gc,heap        ] GC(345) Humongous regions: 0->0
[46.290s][info][gc,metaspace   ] GC(345) Metaspace: 73716K(74944K)->73716K(74944K) NonClass: 58448K(58944K)->58448K(58944K) Class: 15268K(16000K)->15268K(16000K)
[46.290s][info][gc             ] GC(345) Pause Young (Normal) (G1 Evacuation Pause) 389M->39M(588M) 2.078ms
[46.290s][info][gc,cpu         ] GC(345) User=0.00s Sys=0.00s Real=0.00s
[46.379s][info][gc,start       ] GC(346) Pause Young (Normal) (G1 Evacuation Pause)
[46.379s][info][gc,task        ] GC(346) Using 33 workers of 33 for evacuation
[46.381s][info][gc,phases      ] GC(346)   Pre Evacuate Collection Set: 0.2ms
[46.381s][info][gc,phases      ] GC(346)   Merge Heap Roots: 0.2ms
[46.381s][info][gc,phases      ] GC(346)   Evacuate Collection Set: 0.9ms
[46.381s][info][gc,phases      ] GC(346)   Post Evacuate Collection Set: 0.5ms
[46.381s][info][gc,phases      ] GC(346)   Other: 0.1ms
[46.381s][info][gc,heap        ] GC(346) Eden regions: 350->0(350)
[46.381s][info][gc,heap        ] GC(346) Survivor regions: 2->2(44)
[46.381s][info][gc,heap        ] GC(346) Old regions: 45->45
[46.381s][info][gc,heap        ] GC(346) Archive regions: 0->0
[46.381s][info][gc,heap        ] GC(346) Humongous regions: 0->0
[46.381s][info][gc,metaspace   ] GC(346) Metaspace: 73716K(74944K)->73716K(74944K) NonClass: 58448K(58944K)->58448K(58944K) Class: 15268K(16000K)->15268K(16000K)
[46.381s][info][gc             ] GC(346) Pause Young (Normal) (G1 Evacuation Pause) 389M->39M(588M) 2.085ms
[46.381s][info][gc,cpu         ] GC(346) User=0.00s Sys=0.00s Real=0.00s
[46.470s][info][gc,start       ] GC(347) Pause Young (Normal) (G1 Evacuation Pause)
[46.470s][info][gc,task        ] GC(347) Using 33 workers of 33 for evacuation
[46.472s][info][gc,phases      ] GC(347)   Pre Evacuate Collection Set: 0.2ms
[46.472s][info][gc,phases      ] GC(347)   Merge Heap Roots: 0.2ms
[46.472s][info][gc,phases      ] GC(347)   Evacuate Collection Set: 0.9ms
[46.472s][info][gc,phases      ] GC(347)   Post Evacuate Collection Set: 0.5ms
[46.472s][info][gc,phases      ] GC(347)   Other: 0.1ms
[46.472s][info][gc,heap        ] GC(347) Eden regions: 350->0(350)
[46.472s][info][gc,heap        ] GC(347) Survivor regions: 2->2(44)
[46.472s][info][gc,heap        ] GC(347) Old regions: 45->45
[46.472s][info][gc,heap        ] GC(347) Archive regions: 0->0
[46.472s][info][gc,heap        ] GC(347) Humongous regions: 0->0
[46.472s][info][gc,metaspace   ] GC(347) Metaspace: 73716K(74944K)->73716K(74944K) NonClass: 58448K(58944K)->58448K(58944K) Class: 15268K(16000K)->15268K(16000K)
[46.472s][info][gc             ] GC(347) Pause Young (Normal) (G1 Evacuation Pause) 389M->39M(588M) 2.065ms
[46.472s][info][gc,cpu         ] GC(347) User=0.00s Sys=0.00s Real=0.00s
[46.561s][info][gc,start       ] GC(348) Pause Young (Normal) (G1 Evacuation Pause)
[46.561s][info][gc,task        ] GC(348) Using 33 workers of 33 for evacuation
[46.563s][info][gc,phases      ] GC(348)   Pre Evacuate Collection Set: 0.2ms
[46.563s][info][gc,phases      ] GC(348)   Merge Heap Roots: 0.2ms
[46.563s][info][gc,phases      ] GC(348)   Evacuate Collection Set: 0.9ms
[46.563s][info][gc,phases      ] GC(348)   Post Evacuate Collection Set: 0.5ms
[46.563s][info][gc,phases      ] GC(348)   Other: 0.1ms
[46.563s][info][gc,heap        ] GC(348) Eden regions: 350->0(350)
[46.563s][info][gc,heap        ] GC(348) Survivor regions: 2->2(44)
[46.563s][info][gc,heap        ] GC(348) Old regions: 45->45
[46.563s][info][gc,heap        ] GC(348) Archive regions: 0->0
[46.563s][info][gc,heap        ] GC(348) Humongous regions: 0->0
[46.563s][info][gc,metaspace   ] GC(348) Metaspace: 73716K(74944K)->73716K(74944K) NonClass: 58448K(58944K)->58448K(58944K) Class: 15268K(16000K)->15268K(16000K)
[46.563s][info][gc             ] GC(348) Pause Young (Normal) (G1 Evacuation Pause) 389M->39M(588M) 2.093ms
[46.563s][info][gc,cpu         ] GC(348) User=0.00s Sys=0.00s Real=0.00s
[46.654s][info][gc,start       ] GC(349) Pause Young (Normal) (G1 Evacuation Pause)
[46.654s][info][gc,task        ] GC(349) Using 33 workers of 33 for evacuation
[46.656s][info][gc,phases      ] GC(349)   Pre Evacuate Collection Set: 0.2ms
[46.656s][info][gc,phases      ] GC(349)   Merge Heap Roots: 0.2ms
[46.656s][info][gc,phases      ] GC(349)   Evacuate Collection Set: 0.8ms
[46.656s][info][gc,phases      ] GC(349)   Post Evacuate Collection Set: 0.5ms
[46.656s][info][gc,phases      ] GC(349)   Other: 0.1ms
[46.656s][info][gc,heap        ] GC(349) Eden regions: 350->0(350)
[46.656s][info][gc,heap        ] GC(349) Survivor regions: 2->2(44)
[46.656s][info][gc,heap        ] GC(349) Old regions: 45->45
[46.656s][info][gc,heap        ] GC(349) Archive regions: 0->0
[46.656s][info][gc,heap        ] GC(349) Humongous regions: 0->0
[46.656s][info][gc,metaspace   ] GC(349) Metaspace: 73716K(74944K)->73716K(74944K) NonClass: 58448K(58944K)->58448K(58944K) Class: 15268K(16000K)->15268K(16000K)
[46.656s][info][gc             ] GC(349) Pause Young (Normal) (G1 Evacuation Pause) 389M->39M(588M) 2.017ms
[46.656s][info][gc,cpu         ] GC(349) User=0.00s Sys=0.00s Real=0.00s
[46.744s][info][gc,start       ] GC(350) Pause Young (Normal) (G1 Evacuation Pause)
[46.744s][info][gc,task        ] GC(350) Using 33 workers of 33 for evacuation
[46.746s][info][gc,phases      ] GC(350)   Pre Evacuate Collection Set: 0.2ms
[46.746s][info][gc,phases      ] GC(350)   Merge Heap Roots: 0.2ms
[46.746s][info][gc,phases      ] GC(350)   Evacuate Collection Set: 0.8ms
[46.746s][info][gc,phases      ] GC(350)   Post Evacuate Collection Set: 0.5ms
[46.746s][info][gc,phases      ] GC(350)   Other: 0.1ms
[46.746s][info][gc,heap        ] GC(350) Eden regions: 350->0(350)
[46.746s][info][gc,heap        ] GC(350) Survivor regions: 2->2(44)
[46.746s][info][gc,heap        ] GC(350) Old regions: 45->45
[46.746s][info][gc,heap        ] GC(350) Archive regions: 0->0
[46.746s][info][gc,heap        ] GC(350) Humongous regions: 0->0
[46.746s][info][gc,metaspace   ] GC(350) Metaspace: 73716K(74944K)->73716K(74944K) NonClass: 58448K(58944K)->58448K(58944K) Class: 15268K(16000K)->15268K(16000K)
[46.746s][info][gc             ] GC(350) Pause Young (Normal) (G1 Evacuation Pause) 389M->39M(588M) 1.954ms
[46.746s][info][gc,cpu         ] GC(350) User=0.00s Sys=0.00s Real=0.00s
[46.835s][info][gc,start       ] GC(351) Pause Young (Normal) (G1 Evacuation Pause)
[46.835s][info][gc,task        ] GC(351) Using 33 workers of 33 for evacuation
[46.836s][info][gc,phases      ] GC(351)   Pre Evacuate Collection Set: 0.2ms
[46.837s][info][gc,phases      ] GC(351)   Merge Heap Roots: 0.2ms
[46.837s][info][gc,phases      ] GC(351)   Evacuate Collection Set: 0.8ms
[46.837s][info][gc,phases      ] GC(351)   Post Evacuate Collection Set: 0.5ms
[46.837s][info][gc,phases      ] GC(351)   Other: 0.1ms
[46.837s][info][gc,heap        ] GC(351) Eden regions: 350->0(350)
[46.837s][info][gc,heap        ] GC(351) Survivor regions: 2->2(44)
[46.837s][info][gc,heap        ] GC(351) Old regions: 45->45
[46.837s][info][gc,heap        ] GC(351) Archive regions: 0->0
[46.837s][info][gc,heap        ] GC(351) Humongous regions: 0->0
[46.837s][info][gc,metaspace   ] GC(351) Metaspace: 73716K(74944K)->73716K(74944K) NonClass: 58448K(58944K)->58448K(58944K) Class: 15268K(16000K)->15268K(16000K)
[46.837s][info][gc             ] GC(351) Pause Young (Normal) (G1 Evacuation Pause) 389M->39M(588M) 2.026ms
[46.837s][info][gc,cpu         ] GC(351) User=0.00s Sys=0.00s Real=0.00s
[46.925s][info][gc,start       ] GC(352) Pause Young (Normal) (G1 Evacuation Pause)
[46.925s][info][gc,task        ] GC(352) Using 33 workers of 33 for evacuation
[46.927s][info][gc,phases      ] GC(352)   Pre Evacuate Collection Set: 0.2ms
[46.927s][info][gc,phases      ] GC(352)   Merge Heap Roots: 0.2ms
[46.927s][info][gc,phases      ] GC(352)   Evacuate Collection Set: 0.8ms
[46.927s][info][gc,phases      ] GC(352)   Post Evacuate Collection Set: 0.5ms
[46.927s][info][gc,phases      ] GC(352)   Other: 0.1ms
[46.927s][info][gc,heap        ] GC(352) Eden regions: 350->0(350)
[46.927s][info][gc,heap        ] GC(352) Survivor regions: 2->2(44)
[46.927s][info][gc,heap        ] GC(352) Old regions: 45->45
[46.927s][info][gc,heap        ] GC(352) Archive regions: 0->0
[46.927s][info][gc,heap        ] GC(352) Humongous regions: 0->0
[46.927s][info][gc,metaspace   ] GC(352) Metaspace: 73716K(74944K)->73716K(74944K) NonClass: 58448K(58944K)->58448K(58944K) Class: 15268K(16000K)->15268K(16000K)
[46.927s][info][gc             ] GC(352) Pause Young (Normal) (G1 Evacuation Pause) 389M->39M(588M) 1.985ms
[46.927s][info][gc,cpu         ] GC(352) User=0.00s Sys=0.00s Real=0.00s
[47.016s][info][gc,start       ] GC(353) Pause Young (Normal) (G1 Evacuation Pause)
[47.016s][info][gc,task        ] GC(353) Using 33 workers of 33 for evacuation
[47.018s][info][gc,phases      ] GC(353)   Pre Evacuate Collection Set: 0.2ms
[47.018s][info][gc,phases      ] GC(353)   Merge Heap Roots: 0.2ms
[47.018s][info][gc,phases      ] GC(353)   Evacuate Collection Set: 0.8ms
[47.018s][info][gc,phases      ] GC(353)   Post Evacuate Collection Set: 0.5ms
[47.018s][info][gc,phases      ] GC(353)   Other: 0.1ms
[47.018s][info][gc,heap        ] GC(353) Eden regions: 350->0(350)
[47.018s][info][gc,heap        ] GC(353) Survivor regions: 2->2(44)
[47.018s][info][gc,heap        ] GC(353) Old regions: 45->45
[47.018s][info][gc,heap        ] GC(353) Archive regions: 0->0
[47.018s][info][gc,heap        ] GC(353) Humongous regions: 0->0
[47.018s][info][gc,metaspace   ] GC(353) Metaspace: 73716K(74944K)->73716K(74944K) NonClass: 58448K(58944K)->58448K(58944K) Class: 15268K(16000K)->15268K(16000K)
[47.018s][info][gc             ] GC(353) Pause Young (Normal) (G1 Evacuation Pause) 389M->39M(588M) 1.974ms
[47.018s][info][gc,cpu         ] GC(353) User=0.00s Sys=0.00s Real=0.00s
[47.106s][info][gc,start       ] GC(354) Pause Young (Normal) (G1 Evacuation Pause)
[47.107s][info][gc,task        ] GC(354) Using 33 workers of 33 for evacuation
[47.108s][info][gc,phases      ] GC(354)   Pre Evacuate Collection Set: 0.2ms
[47.108s][info][gc,phases      ] GC(354)   Merge Heap Roots: 0.2ms
[47.108s][info][gc,phases      ] GC(354)   Evacuate Collection Set: 0.8ms
[47.108s][info][gc,phases      ] GC(354)   Post Evacuate Collection Set: 0.5ms
[47.108s][info][gc,phases      ] GC(354)   Other: 0.1ms
[47.108s][info][gc,heap        ] GC(354) Eden regions: 350->0(350)
[47.108s][info][gc,heap        ] GC(354) Survivor regions: 2->2(44)
[47.108s][info][gc,heap        ] GC(354) Old regions: 45->45
[47.108s][info][gc,heap        ] GC(354) Archive regions: 0->0
[47.108s][info][gc,heap        ] GC(354) Humongous regions: 0->0
[47.108s][info][gc,metaspace   ] GC(354) Metaspace: 73716K(74944K)->73716K(74944K) NonClass: 58448K(58944K)->58448K(58944K) Class: 15268K(16000K)->15268K(16000K)
[47.108s][info][gc             ] GC(354) Pause Young (Normal) (G1 Evacuation Pause) 389M->39M(588M) 1.987ms
[47.108s][info][gc,cpu         ] GC(354) User=0.00s Sys=0.00s Real=0.00s
[47.197s][info][gc,start       ] GC(355) Pause Young (Normal) (G1 Evacuation Pause)
[47.197s][info][gc,task        ] GC(355) Using 33 workers of 33 for evacuation
[47.199s][info][gc,phases      ] GC(355)   Pre Evacuate Collection Set: 0.2ms
[47.199s][info][gc,phases      ] GC(355)   Merge Heap Roots: 0.2ms
[47.199s][info][gc,phases      ] GC(355)   Evacuate Collection Set: 0.8ms
[47.199s][info][gc,phases      ] GC(355)   Post Evacuate Collection Set: 0.5ms
[47.199s][info][gc,phases      ] GC(355)   Other: 0.1ms
[47.199s][info][gc,heap        ] GC(355) Eden regions: 350->0(350)
[47.199s][info][gc,heap        ] GC(355) Survivor regions: 2->2(44)
[47.199s][info][gc,heap        ] GC(355) Old regions: 45->45
[47.199s][info][gc,heap        ] GC(355) Archive regions: 0->0
[47.199s][info][gc,heap        ] GC(355) Humongous regions: 0->0
[47.199s][info][gc,metaspace   ] GC(355) Metaspace: 73716K(74944K)->73716K(74944K) NonClass: 58448K(58944K)->58448K(58944K) Class: 15268K(16000K)->15268K(16000K)
[47.199s][info][gc             ] GC(355) Pause Young (Normal) (G1 Evacuation Pause) 389M->39M(588M) 1.969ms
[47.199s][info][gc,cpu         ] GC(355) User=0.00s Sys=0.00s Real=0.00s
[47.288s][info][gc,start       ] GC(356) Pause Young (Normal) (G1 Evacuation Pause)
[47.288s][info][gc,task        ] GC(356) Using 33 workers of 33 for evacuation
[47.289s][info][gc,phases      ] GC(356)   Pre Evacuate Collection Set: 0.2ms
[47.289s][info][gc,phases      ] GC(356)   Merge Heap Roots: 0.2ms
[47.289s][info][gc,phases      ] GC(356)   Evacuate Collection Set: 0.8ms
[47.289s][info][gc,phases      ] GC(356)   Post Evacuate Collection Set: 0.5ms
[47.289s][info][gc,phases      ] GC(356)   Other: 0.1ms
[47.290s][info][gc,heap        ] GC(356) Eden regions: 350->0(350)
[47.290s][info][gc,heap        ] GC(356) Survivor regions: 2->2(44)
[47.290s][info][gc,heap        ] GC(356) Old regions: 45->45
[47.290s][info][gc,heap        ] GC(356) Archive regions: 0->0
[47.290s][info][gc,heap        ] GC(356) Humongous regions: 0->0
[47.290s][info][gc,metaspace   ] GC(356) Metaspace: 73716K(74944K)->73716K(74944K) NonClass: 58448K(58944K)->58448K(58944K) Class: 15268K(16000K)->15268K(16000K)
[47.290s][info][gc             ] GC(356) Pause Young (Normal) (G1 Evacuation Pause) 389M->39M(588M) 1.993ms
[47.290s][info][gc,cpu         ] GC(356) User=0.00s Sys=0.00s Real=0.00s
[47.378s][info][gc,start       ] GC(357) Pause Young (Normal) (G1 Evacuation Pause)
[47.378s][info][gc,task        ] GC(357) Using 33 workers of 33 for evacuation
[47.380s][info][gc,phases      ] GC(357)   Pre Evacuate Collection Set: 0.2ms
[47.380s][info][gc,phases      ] GC(357)   Merge Heap Roots: 0.2ms
[47.380s][info][gc,phases      ] GC(357)   Evacuate Collection Set: 0.8ms
[47.380s][info][gc,phases      ] GC(357)   Post Evacuate Collection Set: 0.5ms
[47.380s][info][gc,phases      ] GC(357)   Other: 0.1ms
[47.380s][info][gc,heap        ] GC(357) Eden regions: 350->0(350)
[47.380s][info][gc,heap        ] GC(357) Survivor regions: 2->2(44)
[47.380s][info][gc,heap        ] GC(357) Old regions: 45->45
[47.380s][info][gc,heap        ] GC(357) Archive regions: 0->0
[47.380s][info][gc,heap        ] GC(357) Humongous regions: 0->0
[47.380s][info][gc,metaspace   ] GC(357) Metaspace: 73716K(74944K)->73716K(74944K) NonClass: 58448K(58944K)->58448K(58944K) Class: 15268K(16000K)->15268K(16000K)
[47.380s][info][gc             ] GC(357) Pause Young (Normal) (G1 Evacuation Pause) 389M->39M(588M) 1.973ms
[47.380s][info][gc,cpu         ] GC(357) User=0.00s Sys=0.00s Real=0.00s
[47.469s][info][gc,start       ] GC(358) Pause Young (Normal) (G1 Evacuation Pause)
[47.469s][info][gc,task        ] GC(358) Using 33 workers of 33 for evacuation
[47.471s][info][gc,phases      ] GC(358)   Pre Evacuate Collection Set: 0.2ms
[47.471s][info][gc,phases      ] GC(358)   Merge Heap Roots: 0.2ms
[47.471s][info][gc,phases      ] GC(358)   Evacuate Collection Set: 0.8ms
[47.471s][info][gc,phases      ] GC(358)   Post Evacuate Collection Set: 0.5ms
[47.471s][info][gc,phases      ] GC(358)   Other: 0.1ms
[47.471s][info][gc,heap        ] GC(358) Eden regions: 350->0(350)
[47.471s][info][gc,heap        ] GC(358) Survivor regions: 2->2(44)
[47.471s][info][gc,heap        ] GC(358) Old regions: 45->45
[47.471s][info][gc,heap        ] GC(358) Archive regions: 0->0
[47.471s][info][gc,heap        ] GC(358) Humongous regions: 0->0
[47.471s][info][gc,metaspace   ] GC(358) Metaspace: 73716K(74944K)->73716K(74944K) NonClass: 58448K(58944K)->58448K(58944K) Class: 15268K(16000K)->15268K(16000K)
[47.471s][info][gc             ] GC(358) Pause Young (Normal) (G1 Evacuation Pause) 389M->39M(588M) 1.957ms
[47.471s][info][gc,cpu         ] GC(358) User=0.00s Sys=0.00s Real=0.00s
[47.560s][info][gc,start       ] GC(359) Pause Young (Normal) (G1 Evacuation Pause)
[47.560s][info][gc,task        ] GC(359) Using 33 workers of 33 for evacuation
[47.562s][info][gc,phases      ] GC(359)   Pre Evacuate Collection Set: 0.2ms
[47.562s][info][gc,phases      ] GC(359)   Merge Heap Roots: 0.2ms
[47.562s][info][gc,phases      ] GC(359)   Evacuate Collection Set: 0.8ms
[47.562s][info][gc,phases      ] GC(359)   Post Evacuate Collection Set: 0.5ms
[47.562s][info][gc,phases      ] GC(359)   Other: 0.1ms
[47.562s][info][gc,heap        ] GC(359) Eden regions: 350->0(350)
[47.562s][info][gc,heap        ] GC(359) Survivor regions: 2->2(44)
[47.562s][info][gc,heap        ] GC(359) Old regions: 45->45
[47.562s][info][gc,heap        ] GC(359) Archive regions: 0->0
[47.562s][info][gc,heap        ] GC(359) Humongous regions: 0->0
[47.562s][info][gc,metaspace   ] GC(359) Metaspace: 73716K(74944K)->73716K(74944K) NonClass: 58448K(58944K)->58448K(58944K) Class: 15268K(16000K)->15268K(16000K)
[47.562s][info][gc             ] GC(359) Pause Young (Normal) (G1 Evacuation Pause) 389M->39M(588M) 1.931ms
[47.562s][info][gc,cpu         ] GC(359) User=0.00s Sys=0.00s Real=0.00s
[47.651s][info][gc,start       ] GC(360) Pause Young (Normal) (G1 Evacuation Pause)
[47.651s][info][gc,task        ] GC(360) Using 33 workers of 33 for evacuation
[47.653s][info][gc,phases      ] GC(360)   Pre Evacuate Collection Set: 0.2ms
[47.653s][info][gc,phases      ] GC(360)   Merge Heap Roots: 0.2ms
[47.653s][info][gc,phases      ] GC(360)   Evacuate Collection Set: 0.8ms
[47.653s][info][gc,phases      ] GC(360)   Post Evacuate Collection Set: 0.5ms
[47.653s][info][gc,phases      ] GC(360)   Other: 0.1ms
[47.653s][info][gc,heap        ] GC(360) Eden regions: 350->0(350)
[47.653s][info][gc,heap        ] GC(360) Survivor regions: 2->2(44)
[47.653s][info][gc,heap        ] GC(360) Old regions: 45->45
[47.653s][info][gc,heap        ] GC(360) Archive regions: 0->0
[47.653s][info][gc,heap        ] GC(360) Humongous regions: 0->0
[47.653s][info][gc,metaspace   ] GC(360) Metaspace: 73718K(74944K)->73718K(74944K) NonClass: 58449K(58944K)->58449K(58944K) Class: 15268K(16000K)->15268K(16000K)
[47.653s][info][gc             ] GC(360) Pause Young (Normal) (G1 Evacuation Pause) 389M->39M(588M) 2.021ms
[47.653s][info][gc,cpu         ] GC(360) User=0.00s Sys=0.00s Real=0.00s
[47.742s][info][gc,start       ] GC(361) Pause Young (Normal) (G1 Evacuation Pause)
[47.742s][info][gc,task        ] GC(361) Using 33 workers of 33 for evacuation
[47.744s][info][gc,phases      ] GC(361)   Pre Evacuate Collection Set: 0.2ms
[47.744s][info][gc,phases      ] GC(361)   Merge Heap Roots: 0.2ms
[47.744s][info][gc,phases      ] GC(361)   Evacuate Collection Set: 0.9ms
[47.744s][info][gc,phases      ] GC(361)   Post Evacuate Collection Set: 0.5ms
[47.744s][info][gc,phases      ] GC(361)   Other: 0.1ms
[47.744s][info][gc,heap        ] GC(361) Eden regions: 350->0(350)
[47.744s][info][gc,heap        ] GC(361) Survivor regions: 2->2(44)
[47.744s][info][gc,heap        ] GC(361) Old regions: 45->45
[47.744s][info][gc,heap        ] GC(361) Archive regions: 0->0
[47.744s][info][gc,heap        ] GC(361) Humongous regions: 0->0
[47.744s][info][gc,metaspace   ] GC(361) Metaspace: 73718K(74944K)->73718K(74944K) NonClass: 58449K(58944K)->58449K(58944K) Class: 15268K(16000K)->15268K(16000K)
[47.744s][info][gc             ] GC(361) Pause Young (Normal) (G1 Evacuation Pause) 389M->39M(588M) 2.141ms
[47.744s][info][gc,cpu         ] GC(361) User=0.00s Sys=0.00s Real=0.00s
[47.834s][info][gc,start       ] GC(362) Pause Young (Normal) (G1 Evacuation Pause)
[47.834s][info][gc,task        ] GC(362) Using 33 workers of 33 for evacuation
[47.836s][info][gc,phases      ] GC(362)   Pre Evacuate Collection Set: 0.2ms
[47.836s][info][gc,phases      ] GC(362)   Merge Heap Roots: 0.2ms
[47.836s][info][gc,phases      ] GC(362)   Evacuate Collection Set: 0.8ms
[47.836s][info][gc,phases      ] GC(362)   Post Evacuate Collection Set: 0.5ms
[47.836s][info][gc,phases      ] GC(362)   Other: 0.1ms
[47.836s][info][gc,heap        ] GC(362) Eden regions: 350->0(350)
[47.836s][info][gc,heap        ] GC(362) Survivor regions: 2->2(44)
[47.836s][info][gc,heap        ] GC(362) Old regions: 45->45
[47.836s][info][gc,heap        ] GC(362) Archive regions: 0->0
[47.836s][info][gc,heap        ] GC(362) Humongous regions: 0->0
[47.836s][info][gc,metaspace   ] GC(362) Metaspace: 73726K(74944K)->73726K(74944K) NonClass: 58458K(58944K)->58458K(58944K) Class: 15268K(16000K)->15268K(16000K)
[47.836s][info][gc             ] GC(362) Pause Young (Normal) (G1 Evacuation Pause) 389M->39M(588M) 2.092ms
[47.836s][info][gc,cpu         ] GC(362) User=0.00s Sys=0.00s Real=0.00s
[47.926s][info][gc,start       ] GC(363) Pause Young (Normal) (G1 Evacuation Pause)
[47.926s][info][gc,task        ] GC(363) Using 33 workers of 33 for evacuation
[47.928s][info][gc,phases      ] GC(363)   Pre Evacuate Collection Set: 0.2ms
[47.928s][info][gc,phases      ] GC(363)   Merge Heap Roots: 0.2ms
[47.928s][info][gc,phases      ] GC(363)   Evacuate Collection Set: 0.8ms
[47.928s][info][gc,phases      ] GC(363)   Post Evacuate Collection Set: 0.5ms
[47.928s][info][gc,phases      ] GC(363)   Other: 0.1ms
[47.928s][info][gc,heap        ] GC(363) Eden regions: 350->0(350)
[47.928s][info][gc,heap        ] GC(363) Survivor regions: 2->2(44)
[47.928s][info][gc,heap        ] GC(363) Old regions: 45->45
[47.928s][info][gc,heap        ] GC(363) Archive regions: 0->0
[47.928s][info][gc,heap        ] GC(363) Humongous regions: 0->0
[47.928s][info][gc,metaspace   ] GC(363) Metaspace: 73726K(74944K)->73726K(74944K) NonClass: 58458K(58944K)->58458K(58944K) Class: 15268K(16000K)->15268K(16000K)
[47.928s][info][gc             ] GC(363) Pause Young (Normal) (G1 Evacuation Pause) 389M->39M(588M) 2.031ms
[47.928s][info][gc,cpu         ] GC(363) User=0.00s Sys=0.00s Real=0.00s
[48.020s][info][gc,start       ] GC(364) Pause Young (Normal) (G1 Evacuation Pause)
[48.020s][info][gc,task        ] GC(364) Using 33 workers of 33 for evacuation
[48.022s][info][gc,phases      ] GC(364)   Pre Evacuate Collection Set: 0.2ms
[48.022s][info][gc,phases      ] GC(364)   Merge Heap Roots: 0.2ms
[48.022s][info][gc,phases      ] GC(364)   Evacuate Collection Set: 0.8ms
[48.022s][info][gc,phases      ] GC(364)   Post Evacuate Collection Set: 0.5ms
[48.022s][info][gc,phases      ] GC(364)   Other: 0.1ms
[48.022s][info][gc,heap        ] GC(364) Eden regions: 350->0(350)
[48.022s][info][gc,heap        ] GC(364) Survivor regions: 2->2(44)
[48.022s][info][gc,heap        ] GC(364) Old regions: 45->45
[48.022s][info][gc,heap        ] GC(364) Archive regions: 0->0
[48.022s][info][gc,heap        ] GC(364) Humongous regions: 0->0
[48.022s][info][gc,metaspace   ] GC(364) Metaspace: 73728K(74944K)->73728K(74944K) NonClass: 58459K(58944K)->58459K(58944K) Class: 15268K(16000K)->15268K(16000K)
[48.022s][info][gc             ] GC(364) Pause Young (Normal) (G1 Evacuation Pause) 389M->39M(588M) 2.046ms
[48.022s][info][gc,cpu         ] GC(364) User=0.00s Sys=0.00s Real=0.00s
[48.117s][info][gc,start       ] GC(365) Pause Young (Normal) (G1 Evacuation Pause)
[48.117s][info][gc,task        ] GC(365) Using 33 workers of 33 for evacuation
[48.118s][info][gc,phases      ] GC(365)   Pre Evacuate Collection Set: 0.2ms
[48.118s][info][gc,phases      ] GC(365)   Merge Heap Roots: 0.2ms
[48.118s][info][gc,phases      ] GC(365)   Evacuate Collection Set: 0.7ms
[48.118s][info][gc,phases      ] GC(365)   Post Evacuate Collection Set: 0.5ms
[48.118s][info][gc,phases      ] GC(365)   Other: 0.1ms
[48.118s][info][gc,heap        ] GC(365) Eden regions: 350->0(350)
[48.118s][info][gc,heap        ] GC(365) Survivor regions: 2->2(44)
[48.118s][info][gc,heap        ] GC(365) Old regions: 45->45
[48.118s][info][gc,heap        ] GC(365) Archive regions: 0->0
[48.119s][info][gc,heap        ] GC(365) Humongous regions: 0->0
[48.119s][info][gc,metaspace   ] GC(365) Metaspace: 73728K(74944K)->73728K(74944K) NonClass: 58459K(58944K)->58459K(58944K) Class: 15268K(16000K)->15268K(16000K)
[48.119s][info][gc             ] GC(365) Pause Young (Normal) (G1 Evacuation Pause) 389M->39M(588M) 1.969ms
[48.119s][info][gc,cpu         ] GC(365) User=0.00s Sys=0.00s Real=0.00s
[48.225s][info][gc,start       ] GC(366) Pause Young (Normal) (G1 Evacuation Pause)
[48.225s][info][gc,task        ] GC(366) Using 33 workers of 33 for evacuation
[48.227s][info][gc,phases      ] GC(366)   Pre Evacuate Collection Set: 0.2ms
[48.227s][info][gc,phases      ] GC(366)   Merge Heap Roots: 0.2ms
[48.227s][info][gc,phases      ] GC(366)   Evacuate Collection Set: 0.7ms
[48.227s][info][gc,phases      ] GC(366)   Post Evacuate Collection Set: 0.5ms
[48.227s][info][gc,phases      ] GC(366)   Other: 0.1ms
[48.227s][info][gc,heap        ] GC(366) Eden regions: 350->0(350)
[48.227s][info][gc,heap        ] GC(366) Survivor regions: 2->2(44)
[48.227s][info][gc,heap        ] GC(366) Old regions: 45->45
[48.227s][info][gc,heap        ] GC(366) Archive regions: 0->0
[48.227s][info][gc,heap        ] GC(366) Humongous regions: 0->0
[48.227s][info][gc,metaspace   ] GC(366) Metaspace: 73728K(74944K)->73728K(74944K) NonClass: 58459K(58944K)->58459K(58944K) Class: 15268K(16000K)->15268K(16000K)
[48.227s][info][gc             ] GC(366) Pause Young (Normal) (G1 Evacuation Pause) 389M->39M(588M) 1.922ms
[48.227s][info][gc,cpu         ] GC(366) User=0.00s Sys=0.00s Real=0.00s
[48.349s][info][gc,start       ] GC(367) Pause Young (Normal) (G1 Evacuation Pause)
[48.349s][info][gc,task        ] GC(367) Using 33 workers of 33 for evacuation
[48.351s][info][gc,phases      ] GC(367)   Pre Evacuate Collection Set: 0.2ms
[48.351s][info][gc,phases      ] GC(367)   Merge Heap Roots: 0.2ms
[48.351s][info][gc,phases      ] GC(367)   Evacuate Collection Set: 0.7ms
[48.351s][info][gc,phases      ] GC(367)   Post Evacuate Collection Set: 0.5ms
[48.351s][info][gc,phases      ] GC(367)   Other: 0.1ms
[48.351s][info][gc,heap        ] GC(367) Eden regions: 350->0(350)
[48.351s][info][gc,heap        ] GC(367) Survivor regions: 2->2(44)
[48.351s][info][gc,heap        ] GC(367) Old regions: 45->45
[48.351s][info][gc,heap        ] GC(367) Archive regions: 0->0
[48.351s][info][gc,heap        ] GC(367) Humongous regions: 0->0
[48.351s][info][gc,metaspace   ] GC(367) Metaspace: 73728K(74944K)->73728K(74944K) NonClass: 58459K(58944K)->58459K(58944K) Class: 15268K(16000K)->15268K(16000K)
[48.351s][info][gc             ] GC(367) Pause Young (Normal) (G1 Evacuation Pause) 389M->39M(588M) 1.910ms
[48.351s][info][gc,cpu         ] GC(367) User=0.00s Sys=0.00s Real=0.00s
[48.490s][info][gc,start       ] GC(368) Pause Young (Normal) (G1 Evacuation Pause)
[48.490s][info][gc,task        ] GC(368) Using 33 workers of 33 for evacuation
[48.492s][info][gc,phases      ] GC(368)   Pre Evacuate Collection Set: 0.2ms
[48.492s][info][gc,phases      ] GC(368)   Merge Heap Roots: 0.2ms
[48.492s][info][gc,phases      ] GC(368)   Evacuate Collection Set: 0.7ms
[48.492s][info][gc,phases      ] GC(368)   Post Evacuate Collection Set: 0.5ms
[48.492s][info][gc,phases      ] GC(368)   Other: 0.1ms
[48.492s][info][gc,heap        ] GC(368) Eden regions: 350->0(350)
[48.492s][info][gc,heap        ] GC(368) Survivor regions: 2->2(44)
[48.492s][info][gc,heap        ] GC(368) Old regions: 45->45
[48.492s][info][gc,heap        ] GC(368) Archive regions: 0->0
[48.492s][info][gc,heap        ] GC(368) Humongous regions: 0->0
[48.492s][info][gc,metaspace   ] GC(368) Metaspace: 73728K(74944K)->73728K(74944K) NonClass: 58459K(58944K)->58459K(58944K) Class: 15268K(16000K)->15268K(16000K)
[48.492s][info][gc             ] GC(368) Pause Young (Normal) (G1 Evacuation Pause) 389M->39M(588M) 1.931ms
[48.492s][info][gc,cpu         ] GC(368) User=0.00s Sys=0.00s Real=0.00s
[48.650s][info][gc,start       ] GC(369) Pause Young (Normal) (G1 Evacuation Pause)
[48.650s][info][gc,task        ] GC(369) Using 30 workers of 33 for evacuation
[48.652s][info][gc,phases      ] GC(369)   Pre Evacuate Collection Set: 0.2ms
[48.652s][info][gc,phases      ] GC(369)   Merge Heap Roots: 0.2ms
[48.652s][info][gc,phases      ] GC(369)   Evacuate Collection Set: 0.7ms
[48.652s][info][gc,phases      ] GC(369)   Post Evacuate Collection Set: 0.5ms
[48.652s][info][gc,phases      ] GC(369)   Other: 0.1ms
[48.652s][info][gc,heap        ] GC(369) Eden regions: 350->0(350)
[48.652s][info][gc,heap        ] GC(369) Survivor regions: 2->2(44)
[48.652s][info][gc,heap        ] GC(369) Old regions: 45->45
[48.652s][info][gc,heap        ] GC(369) Archive regions: 0->0
[48.652s][info][gc,heap        ] GC(369) Humongous regions: 0->0
[48.652s][info][gc,metaspace   ] GC(369) Metaspace: 73728K(74944K)->73728K(74944K) NonClass: 58459K(58944K)->58459K(58944K) Class: 15268K(16000K)->15268K(16000K)
[48.652s][info][gc             ] GC(369) Pause Young (Normal) (G1 Evacuation Pause) 389M->39M(588M) 1.921ms
[48.652s][info][gc,cpu         ] GC(369) User=0.00s Sys=0.00s Real=0.00s
[48.845s][info][gc,start       ] GC(370) Pause Young (Normal) (G1 Evacuation Pause)
[48.845s][info][gc,task        ] GC(370) Using 26 workers of 33 for evacuation
[48.847s][info][gc,phases      ] GC(370)   Pre Evacuate Collection Set: 0.1ms
[48.847s][info][gc,phases      ] GC(370)   Merge Heap Roots: 0.1ms
[48.847s][info][gc,phases      ] GC(370)   Evacuate Collection Set: 0.6ms
[48.847s][info][gc,phases      ] GC(370)   Post Evacuate Collection Set: 0.5ms
[48.847s][info][gc,phases      ] GC(370)   Other: 0.1ms
[48.847s][info][gc,heap        ] GC(370) Eden regions: 350->0(350)
[48.847s][info][gc,heap        ] GC(370) Survivor regions: 2->2(44)
[48.847s][info][gc,heap        ] GC(370) Old regions: 45->45
[48.847s][info][gc,heap        ] GC(370) Archive regions: 0->0
[48.847s][info][gc,heap        ] GC(370) Humongous regions: 0->0
[48.847s][info][gc,metaspace   ] GC(370) Metaspace: 73728K(74944K)->73728K(74944K) NonClass: 58459K(58944K)->58459K(58944K) Class: 15268K(16000K)->15268K(16000K)
[48.847s][info][gc             ] GC(370) Pause Young (Normal) (G1 Evacuation Pause) 389M->39M(588M) 1.720ms
[48.847s][info][gc,cpu         ] GC(370) User=0.00s Sys=0.00s Real=0.00s
[49.051s][info][gc,start       ] GC(371) Pause Young (Normal) (G1 Evacuation Pause)
[49.051s][info][gc,task        ] GC(371) Using 24 workers of 33 for evacuation
[49.053s][info][gc,phases      ] GC(371)   Pre Evacuate Collection Set: 0.1ms
[49.053s][info][gc,phases      ] GC(371)   Merge Heap Roots: 0.1ms
[49.053s][info][gc,phases      ] GC(371)   Evacuate Collection Set: 0.5ms
[49.053s][info][gc,phases      ] GC(371)   Post Evacuate Collection Set: 0.4ms
[49.053s][info][gc,phases      ] GC(371)   Other: 0.1ms
[49.053s][info][gc,heap        ] GC(371) Eden regions: 350->0(350)
[49.053s][info][gc,heap        ] GC(371) Survivor regions: 2->2(44)
[49.053s][info][gc,heap        ] GC(371) Old regions: 45->45
[49.053s][info][gc,heap        ] GC(371) Archive regions: 0->0
[49.053s][info][gc,heap        ] GC(371) Humongous regions: 0->0
[49.053s][info][gc,metaspace   ] GC(371) Metaspace: 73728K(74944K)->73728K(74944K) NonClass: 58459K(58944K)->58459K(58944K) Class: 15268K(16000K)->15268K(16000K)
[49.053s][info][gc             ] GC(371) Pause Young (Normal) (G1 Evacuation Pause) 389M->39M(588M) 1.569ms
[49.053s][info][gc,cpu         ] GC(371) User=0.00s Sys=0.00s Real=0.00s
[49.257s][info][gc,start       ] GC(372) Pause Young (Normal) (G1 Evacuation Pause)
[49.257s][info][gc,task        ] GC(372) Using 23 workers of 33 for evacuation
[49.259s][info][gc,phases      ] GC(372)   Pre Evacuate Collection Set: 0.1ms
[49.259s][info][gc,phases      ] GC(372)   Merge Heap Roots: 0.1ms
[49.259s][info][gc,phases      ] GC(372)   Evacuate Collection Set: 0.5ms
[49.259s][info][gc,phases      ] GC(372)   Post Evacuate Collection Set: 0.4ms
[49.259s][info][gc,phases      ] GC(372)   Other: 0.1ms
[49.259s][info][gc,heap        ] GC(372) Eden regions: 350->0(350)
[49.259s][info][gc,heap        ] GC(372) Survivor regions: 2->2(44)
[49.259s][info][gc,heap        ] GC(372) Old regions: 45->45
[49.259s][info][gc,heap        ] GC(372) Archive regions: 0->0
[49.259s][info][gc,heap        ] GC(372) Humongous regions: 0->0
[49.259s][info][gc,metaspace   ] GC(372) Metaspace: 73728K(74944K)->73728K(74944K) NonClass: 58459K(58944K)->58459K(58944K) Class: 15268K(16000K)->15268K(16000K)
[49.259s][info][gc             ] GC(372) Pause Young (Normal) (G1 Evacuation Pause) 389M->39M(588M) 1.504ms
[49.259s][info][gc,cpu         ] GC(372) User=0.00s Sys=0.00s Real=0.00s
[49.463s][info][gc,start       ] GC(373) Pause Young (Normal) (G1 Evacuation Pause)
[49.463s][info][gc,task        ] GC(373) Using 22 workers of 33 for evacuation
[49.464s][info][gc,phases      ] GC(373)   Pre Evacuate Collection Set: 0.1ms
[49.464s][info][gc,phases      ] GC(373)   Merge Heap Roots: 0.1ms
[49.464s][info][gc,phases      ] GC(373)   Evacuate Collection Set: 0.5ms
[49.464s][info][gc,phases      ] GC(373)   Post Evacuate Collection Set: 0.4ms
[49.464s][info][gc,phases      ] GC(373)   Other: 0.1ms
[49.464s][info][gc,heap        ] GC(373) Eden regions: 350->0(350)
[49.464s][info][gc,heap        ] GC(373) Survivor regions: 2->2(44)
[49.464s][info][gc,heap        ] GC(373) Old regions: 45->45
[49.464s][info][gc,heap        ] GC(373) Archive regions: 0->0
[49.464s][info][gc,heap        ] GC(373) Humongous regions: 0->0
[49.464s][info][gc,metaspace   ] GC(373) Metaspace: 73728K(74944K)->73728K(74944K) NonClass: 58459K(58944K)->58459K(58944K) Class: 15268K(16000K)->15268K(16000K)
[49.464s][info][gc             ] GC(373) Pause Young (Normal) (G1 Evacuation Pause) 389M->39M(588M) 1.442ms
[49.464s][info][gc,cpu         ] GC(373) User=0.00s Sys=0.00s Real=0.00s
[49.668s][info][gc,start       ] GC(374) Pause Young (Normal) (G1 Evacuation Pause)
[49.668s][info][gc,task        ] GC(374) Using 22 workers of 33 for evacuation
[49.670s][info][gc,phases      ] GC(374)   Pre Evacuate Collection Set: 0.1ms
[49.670s][info][gc,phases      ] GC(374)   Merge Heap Roots: 0.1ms
[49.670s][info][gc,phases      ] GC(374)   Evacuate Collection Set: 0.6ms
[49.670s][info][gc,phases      ] GC(374)   Post Evacuate Collection Set: 0.4ms
[49.670s][info][gc,phases      ] GC(374)   Other: 0.1ms
[49.670s][info][gc,heap        ] GC(374) Eden regions: 350->0(350)
[49.670s][info][gc,heap        ] GC(374) Survivor regions: 2->2(44)
[49.670s][info][gc,heap        ] GC(374) Old regions: 45->45
[49.670s][info][gc,heap        ] GC(374) Archive regions: 0->0
[49.670s][info][gc,heap        ] GC(374) Humongous regions: 0->0
[49.670s][info][gc,metaspace   ] GC(374) Metaspace: 73728K(74944K)->73728K(74944K) NonClass: 58459K(58944K)->58459K(58944K) Class: 15268K(16000K)->15268K(16000K)
[49.670s][info][gc             ] GC(374) Pause Young (Normal) (G1 Evacuation Pause) 389M->39M(588M) 1.435ms
[49.670s][info][gc,cpu         ] GC(374) User=0.34s Sys=0.00s Real=0.00s
[49.873s][info][gc,start       ] GC(375) Pause Young (Normal) (G1 Evacuation Pause)
[49.874s][info][gc,task        ] GC(375) Using 22 workers of 33 for evacuation
[49.875s][info][gc,phases      ] GC(375)   Pre Evacuate Collection Set: 0.1ms
[49.875s][info][gc,phases      ] GC(375)   Merge Heap Roots: 0.1ms
[49.875s][info][gc,phases      ] GC(375)   Evacuate Collection Set: 0.5ms
[49.875s][info][gc,phases      ] GC(375)   Post Evacuate Collection Set: 0.4ms
[49.875s][info][gc,phases      ] GC(375)   Other: 0.1ms
[49.875s][info][gc,heap        ] GC(375) Eden regions: 350->0(350)
[49.875s][info][gc,heap        ] GC(375) Survivor regions: 2->2(44)
[49.875s][info][gc,heap        ] GC(375) Old regions: 45->45
[49.875s][info][gc,heap        ] GC(375) Archive regions: 0->0
[49.875s][info][gc,heap        ] GC(375) Humongous regions: 0->0
[49.875s][info][gc,metaspace   ] GC(375) Metaspace: 73728K(74944K)->73728K(74944K) NonClass: 58459K(58944K)->58459K(58944K) Class: 15268K(16000K)->15268K(16000K)
[49.875s][info][gc             ] GC(375) Pause Young (Normal) (G1 Evacuation Pause) 389M->39M(588M) 1.494ms
[49.875s][info][gc,cpu         ] GC(375) User=0.00s Sys=0.00s Real=0.00s
[49.975s][info][gc,start       ] GC(376) Pause Full (System.gc())
[49.975s][info][gc,task        ] GC(376) Using 18 workers of 33 for full compaction
[49.976s][info][gc,phases,start] GC(376) Phase 1: Mark live objects
[50.004s][info][gc,phases      ] GC(376) Phase 1: Mark live objects 28.188ms
[50.004s][info][gc,phases,start] GC(376) Phase 2: Prepare compaction
[50.006s][info][gc,phases      ] GC(376) Phase 2: Prepare compaction 1.635ms
[50.006s][info][gc,phases,start] GC(376) Phase 3: Adjust pointers
[50.012s][info][gc,phases      ] GC(376) Phase 3: Adjust pointers 6.685ms
[50.012s][info][gc,phases,start] GC(376) Phase 4: Compact heap
[50.013s][info][gc,phases      ] GC(376) Phase 4: Compact heap 0.736ms
[50.021s][info][gc,heap        ] GC(376) Eden regions: 113->0(88)
[50.021s][info][gc,heap        ] GC(376) Survivor regions: 2->0(44)
[50.021s][info][gc,heap        ] GC(376) Old regions: 45->44
[50.021s][info][gc,heap        ] GC(376) Archive regions: 0->0
[50.021s][info][gc,heap        ] GC(376) Humongous regions: 0->0
[50.021s][info][gc,metaspace   ] GC(376) Metaspace: 73736K(74944K)->73736K(74944K) NonClass: 58467K(58944K)->58467K(58944K) Class: 15268K(16000K)->15268K(16000K)
[50.021s][info][gc             ] GC(376) Pause Full (System.gc()) 152M->35M(147M) 46.600ms
[50.022s][info][gc,cpu         ] GC(376) User=0.31s Sys=0.00s Real=0.05s
[50.073s][info][gc,start       ] GC(377) Pause Young (Concurrent Start) (G1 Evacuation Pause)
[50.073s][info][gc,task        ] GC(377) Using 33 workers of 33 for evacuation
[50.076s][info][gc,phases      ] GC(377)   Pre Evacuate Collection Set: 0.3ms
[50.076s][info][gc,phases      ] GC(377)   Merge Heap Roots: 0.2ms
[50.076s][info][gc,phases      ] GC(377)   Evacuate Collection Set: 1.3ms
[50.076s][info][gc,phases      ] GC(377)   Post Evacuate Collection Set: 0.7ms
[50.076s][info][gc,phases      ] GC(377)   Other: 0.1ms
[50.076s][info][gc,heap        ] GC(377) Eden regions: 88->0(84)
[50.076s][info][gc,heap        ] GC(377) Survivor regions: 0->4(11)
[50.076s][info][gc,heap        ] GC(377) Old regions: 44->44
[50.076s][info][gc,heap        ] GC(377) Archive regions: 0->0
[50.076s][info][gc,heap        ] GC(377) Humongous regions: 0->0
[50.076s][info][gc,metaspace   ] GC(377) Metaspace: 73890K(74944K)->73890K(74944K) NonClass: 58621K(58944K)->58621K(58944K) Class: 15268K(16000K)->15268K(16000K)
[50.076s][info][gc             ] GC(377) Pause Young (Concurrent Start) (G1 Evacuation Pause) 123M->39M(147M) 2.709ms
[50.076s][info][gc             ] GC(378) Concurrent Mark Cycle
[50.076s][info][gc,cpu         ] GC(377) User=0.55s Sys=0.00s Real=0.00s
[50.076s][info][gc,marking     ] GC(378) Concurrent Scan Root Regions
[50.080s][info][gc,marking     ] GC(378) Concurrent Scan Root Regions 4.035ms
[50.080s][info][gc,marking     ] GC(378) Concurrent Mark
[50.080s][info][gc,marking     ] GC(378) Concurrent Mark From Roots
[50.080s][info][gc,task        ] GC(378) Using 8 workers of 8 for marking
[50.091s][info][gc,marking     ] GC(378) Concurrent Mark From Roots 10.498ms
[50.091s][info][gc,marking     ] GC(378) Concurrent Preclean
[50.091s][info][gc,marking     ] GC(378) Concurrent Preclean 0.170ms
[50.091s][info][gc,start       ] GC(378) Pause Remark
[50.093s][info][gc             ] GC(378) Pause Remark 83M->83M(155M) 2.252ms
[50.093s][info][gc,cpu         ] GC(378) User=0.00s Sys=0.00s Real=0.00s
[50.094s][info][gc,marking     ] GC(378) Concurrent Mark 13.666ms
[50.094s][info][gc,marking     ] GC(378) Concurrent Rebuild Remembered Sets and Scrub Regions
[50.098s][info][gc,marking     ] GC(378) Concurrent Rebuild Remembered Sets and Scrub Regions 4.328ms
[50.098s][info][gc,start       ] GC(378) Pause Cleanup
[50.099s][info][gc             ] GC(378) Pause Cleanup 97M->97M(155M) 0.123ms
[50.099s][info][gc,cpu         ] GC(378) User=0.00s Sys=0.00s Real=0.00s
[50.099s][info][gc,marking     ] GC(378) Concurrent Clear Claimed Marks
[50.099s][info][gc,marking     ] GC(378) Concurrent Clear Claimed Marks 0.111ms
[50.099s][info][gc,marking     ] GC(378) Concurrent Cleanup for Next Mark
[50.099s][info][gc,marking     ] GC(378) Concurrent Cleanup for Next Mark 0.331ms
[50.100s][info][gc             ] GC(378) Concurrent Mark Cycle 23.601ms
[50.106s][info][gc,start       ] GC(379) Pause Young (Prepare Mixed) (G1 Evacuation Pause)
[50.106s][info][gc,task        ] GC(379) Using 33 workers of 33 for evacuation
[50.108s][info][gc,phases      ] GC(379)   Pre Evacuate Collection Set: 0.2ms
[50.108s][info][gc,phases      ] GC(379)   Merge Heap Roots: 0.2ms
[50.108s][info][gc,phases      ] GC(379)   Evacuate Collection Set: 1.1ms
[50.108s][info][gc,phases      ] GC(379)   Post Evacuate Collection Set: 0.6ms
[50.108s][info][gc,phases      ] GC(379)   Other: 0.1ms
[50.108s][info][gc,heap        ] GC(379) Eden regions: 84->0(89)
[50.108s][info][gc,heap        ] GC(379) Survivor regions: 4->4(11)
[50.108s][info][gc,heap        ] GC(379) Old regions: 44->44
[50.108s][info][gc,heap        ] GC(379) Archive regions: 0->0
[50.108s][info][gc,heap        ] GC(379) Humongous regions: 0->0
[50.108s][info][gc,metaspace   ] GC(379) Metaspace: 73890K(74944K)->73890K(74944K) NonClass: 58621K(58944K)->58621K(58944K) Class: 15268K(16000K)->15268K(16000K)
[50.108s][info][gc             ] GC(379) Pause Young (Prepare Mixed) (G1 Evacuation Pause) 123M->39M(155M) 2.367ms
[50.108s][info][gc,cpu         ] GC(379) User=0.00s Sys=0.00s Real=0.00s
[50.131s][info][gc,start       ] GC(380) Pause Young (Mixed) (G1 Evacuation Pause)
[50.131s][info][gc,task        ] GC(380) Using 33 workers of 33 for evacuation
[50.133s][info][gc,phases      ] GC(380)   Pre Evacuate Collection Set: 0.2ms
[50.133s][info][gc,phases      ] GC(380)   Merge Heap Roots: 0.2ms
[50.133s][info][gc,phases      ] GC(380)   Evacuate Collection Set: 1.2ms
[50.133s][info][gc,phases      ] GC(380)   Post Evacuate Collection Set: 0.6ms
[50.133s][info][gc,phases      ] GC(380)   Other: 0.1ms
[50.133s][info][gc,heap        ] GC(380) Eden regions: 89->0(89)
[50.133s][info][gc,heap        ] GC(380) Survivor regions: 4->4(12)
[50.133s][info][gc,heap        ] GC(380) Old regions: 44->43
[50.133s][info][gc,heap        ] GC(380) Archive regions: 0->0
[50.133s][info][gc,heap        ] GC(380) Humongous regions: 0->0
[50.133s][info][gc,metaspace   ] GC(380) Metaspace: 73890K(74944K)->73890K(74944K) NonClass: 58621K(58944K)->58621K(58944K) Class: 15268K(16000K)->15268K(16000K)
[50.134s][info][gc             ] GC(380) Pause Young (Mixed) (G1 Evacuation Pause) 128M->39M(155M) 2.507ms
[50.134s][info][gc,cpu         ] GC(380) User=0.00s Sys=0.00s Real=0.00s
[50.158s][info][gc,start       ] GC(381) Pause Young (Normal) (G1 Evacuation Pause)
[50.158s][info][gc,task        ] GC(381) Using 33 workers of 33 for evacuation
[50.160s][info][gc,phases      ] GC(381)   Pre Evacuate Collection Set: 0.2ms
[50.160s][info][gc,phases      ] GC(381)   Merge Heap Roots: 0.1ms
[50.160s][info][gc,phases      ] GC(381)   Evacuate Collection Set: 1.2ms
[50.160s][info][gc,phases      ] GC(381)   Post Evacuate Collection Set: 0.6ms
[50.161s][info][gc,phases      ] GC(381)   Other: 0.1ms
[50.161s][info][gc,heap        ] GC(381) Eden regions: 89->0(89)
[50.161s][info][gc,heap        ] GC(381) Survivor regions: 4->4(12)
[50.161s][info][gc,heap        ] GC(381) Old regions: 43->43
[50.161s][info][gc,heap        ] GC(381) Archive regions: 0->0
[50.161s][info][gc,heap        ] GC(381) Humongous regions: 0->0
[50.161s][info][gc,metaspace   ] GC(381) Metaspace: 73890K(74944K)->73890K(74944K) NonClass: 58621K(58944K)->58621K(58944K) Class: 15268K(16000K)->15268K(16000K)
[50.161s][info][gc             ] GC(381) Pause Young (Normal) (G1 Evacuation Pause) 128M->39M(155M) 2.526ms
[50.161s][info][gc,cpu         ] GC(381) User=0.00s Sys=0.00s Real=0.00s
[50.189s][info][gc,start       ] GC(382) Pause Young (Normal) (G1 Evacuation Pause)
[50.189s][info][gc,task        ] GC(382) Using 33 workers of 33 for evacuation
[50.194s][info][gc,phases      ] GC(382)   Pre Evacuate Collection Set: 0.2ms
[50.194s][info][gc,phases      ] GC(382)   Merge Heap Roots: 0.1ms
[50.194s][info][gc,phases      ] GC(382)   Evacuate Collection Set: 1.3ms
[50.194s][info][gc,phases      ] GC(382)   Post Evacuate Collection Set: 3.1ms
[50.194s][info][gc,phases      ] GC(382)   Other: 0.1ms
[50.194s][info][gc,heap        ] GC(382) Eden regions: 89->0(350)
[50.194s][info][gc,heap        ] GC(382) Survivor regions: 4->4(12)
[50.194s][info][gc,heap        ] GC(382) Old regions: 43->43
[50.194s][info][gc,heap        ] GC(382) Archive regions: 0->0
[50.194s][info][gc,heap        ] GC(382) Humongous regions: 0->0
[50.194s][info][gc,metaspace   ] GC(382) Metaspace: 73890K(74944K)->73890K(74944K) NonClass: 58621K(58944K)->58621K(58944K) Class: 15268K(16000K)->15268K(16000K)
[50.194s][info][gc             ] GC(382) Pause Young (Normal) (G1 Evacuation Pause) 128M->39M(590M) 5.050ms
[50.194s][info][gc,cpu         ] GC(382) User=0.00s Sys=0.00s Real=0.00s
[50.396s][info][gc,start       ] GC(383) Pause Young (Normal) (G1 Evacuation Pause)
[50.396s][info][gc,task        ] GC(383) Using 33 workers of 33 for evacuation
[50.400s][info][gc,phases      ] GC(383)   Pre Evacuate Collection Set: 0.2ms
[50.400s][info][gc,phases      ] GC(383)   Merge Heap Roots: 0.2ms
[50.400s][info][gc,phases      ] GC(383)   Evacuate Collection Set: 2.5ms
[50.400s][info][gc,phases      ] GC(383)   Post Evacuate Collection Set: 0.7ms
[50.400s][info][gc,phases      ] GC(383)   Other: 0.1ms
[50.400s][info][gc,heap        ] GC(383) Eden regions: 350->0(350)
[50.400s][info][gc,heap        ] GC(383) Survivor regions: 4->4(45)
[50.400s][info][gc,heap        ] GC(383) Old regions: 43->43
[50.400s][info][gc,heap        ] GC(383) Archive regions: 0->0
[50.400s][info][gc,heap        ] GC(383) Humongous regions: 0->0
[50.400s][info][gc,metaspace   ] GC(383) Metaspace: 73890K(74944K)->73890K(74944K) NonClass: 58621K(58944K)->58621K(58944K) Class: 15268K(16000K)->15268K(16000K)
[50.400s][info][gc             ] GC(383) Pause Young (Normal) (G1 Evacuation Pause) 389M->39M(590M) 3.937ms
[50.400s][info][gc,cpu         ] GC(383) User=0.00s Sys=0.00s Real=0.00s
[50.488s][info][gc,start       ] GC(384) Pause Young (Normal) (G1 Evacuation Pause)
[50.488s][info][gc,task        ] GC(384) Using 33 workers of 33 for evacuation
[50.492s][info][gc,phases      ] GC(384)   Pre Evacuate Collection Set: 0.2ms
[50.492s][info][gc,phases      ] GC(384)   Merge Heap Roots: 0.2ms
[50.492s][info][gc,phases      ] GC(384)   Evacuate Collection Set: 2.4ms
[50.492s][info][gc,phases      ] GC(384)   Post Evacuate Collection Set: 0.7ms
[50.492s][info][gc,phases      ] GC(384)   Other: 0.1ms
[50.492s][info][gc,heap        ] GC(384) Eden regions: 350->0(350)
[50.492s][info][gc,heap        ] GC(384) Survivor regions: 4->4(45)
[50.492s][info][gc,heap        ] GC(384) Old regions: 43->43
[50.492s][info][gc,heap        ] GC(384) Archive regions: 0->0
[50.492s][info][gc,heap        ] GC(384) Humongous regions: 0->0
[50.492s][info][gc,metaspace   ] GC(384) Metaspace: 73890K(74944K)->73890K(74944K) NonClass: 58621K(58944K)->58621K(58944K) Class: 15268K(16000K)->15268K(16000K)
[50.492s][info][gc             ] GC(384) Pause Young (Normal) (G1 Evacuation Pause) 389M->39M(590M) 3.922ms
[50.492s][info][gc,cpu         ] GC(384) User=0.00s Sys=0.00s Real=0.00s
[50.580s][info][gc,start       ] GC(385) Pause Young (Normal) (G1 Evacuation Pause)
[50.580s][info][gc,task        ] GC(385) Using 33 workers of 33 for evacuation
[50.582s][info][gc,phases      ] GC(385)   Pre Evacuate Collection Set: 0.2ms
[50.582s][info][gc,phases      ] GC(385)   Merge Heap Roots: 0.2ms
[50.582s][info][gc,phases      ] GC(385)   Evacuate Collection Set: 1.3ms
[50.582s][info][gc,phases      ] GC(385)   Post Evacuate Collection Set: 0.7ms
[50.582s][info][gc,phases      ] GC(385)   Other: 0.1ms
[50.582s][info][gc,heap        ] GC(385) Eden regions: 350->0(350)
[50.582s][info][gc,heap        ] GC(385) Survivor regions: 4->4(45)
[50.582s][info][gc,heap        ] GC(385) Old regions: 43->43
[50.583s][info][gc,heap        ] GC(385) Archive regions: 0->0
[50.583s][info][gc,heap        ] GC(385) Humongous regions: 0->0
[50.583s][info][gc,metaspace   ] GC(385) Metaspace: 73890K(74944K)->73890K(74944K) NonClass: 58621K(58944K)->58621K(58944K) Class: 15268K(16000K)->15268K(16000K)
[50.583s][info][gc             ] GC(385) Pause Young (Normal) (G1 Evacuation Pause) 389M->39M(590M) 2.726ms
[50.583s][info][gc,cpu         ] GC(385) User=0.00s Sys=0.00s Real=0.00s
[50.671s][info][gc,start       ] GC(386) Pause Young (Normal) (G1 Evacuation Pause)
[50.671s][info][gc,task        ] GC(386) Using 33 workers of 33 for evacuation
[50.674s][info][gc,phases      ] GC(386)   Pre Evacuate Collection Set: 0.2ms
[50.674s][info][gc,phases      ] GC(386)   Merge Heap Roots: 0.2ms
[50.674s][info][gc,phases      ] GC(386)   Evacuate Collection Set: 1.2ms
[50.674s][info][gc,phases      ] GC(386)   Post Evacuate Collection Set: 0.7ms
[50.674s][info][gc,phases      ] GC(386)   Other: 1.3ms
[50.674s][info][gc,heap        ] GC(386) Eden regions: 350->0(350)
[50.674s][info][gc,heap        ] GC(386) Survivor regions: 4->4(45)
[50.674s][info][gc,heap        ] GC(386) Old regions: 43->43
[50.674s][info][gc,heap        ] GC(386) Archive regions: 0->0
[50.674s][info][gc,heap        ] GC(386) Humongous regions: 0->0
[50.674s][info][gc,metaspace   ] GC(386) Metaspace: 73890K(74944K)->73890K(74944K) NonClass: 58621K(58944K)->58621K(58944K) Class: 15268K(16000K)->15268K(16000K)
[50.674s][info][gc             ] GC(386) Pause Young (Normal) (G1 Evacuation Pause) 389M->39M(590M) 3.872ms
[50.675s][info][gc,cpu         ] GC(386) User=0.00s Sys=0.00s Real=0.00s
[50.763s][info][gc,start       ] GC(387) Pause Young (Normal) (G1 Evacuation Pause)
[50.763s][info][gc,task        ] GC(387) Using 33 workers of 33 for evacuation
[50.765s][info][gc,phases      ] GC(387)   Pre Evacuate Collection Set: 0.2ms
[50.765s][info][gc,phases      ] GC(387)   Merge Heap Roots: 0.2ms
[50.765s][info][gc,phases      ] GC(387)   Evacuate Collection Set: 1.1ms
[50.765s][info][gc,phases      ] GC(387)   Post Evacuate Collection Set: 0.7ms
[50.765s][info][gc,phases      ] GC(387)   Other: 0.1ms
[50.765s][info][gc,heap        ] GC(387) Eden regions: 350->0(350)
[50.765s][info][gc,heap        ] GC(387) Survivor regions: 4->4(45)
[50.765s][info][gc,heap        ] GC(387) Old regions: 43->43
[50.765s][info][gc,heap        ] GC(387) Archive regions: 0->0
[50.765s][info][gc,heap        ] GC(387) Humongous regions: 0->0
[50.765s][info][gc,metaspace   ] GC(387) Metaspace: 73890K(74944K)->73890K(74944K) NonClass: 58621K(58944K)->58621K(58944K) Class: 15268K(16000K)->15268K(16000K)
[50.765s][info][gc             ] GC(387) Pause Young (Normal) (G1 Evacuation Pause) 389M->39M(590M) 2.551ms
[50.765s][info][gc,cpu         ] GC(387) User=0.52s Sys=0.00s Real=0.00s
[50.853s][info][gc,start       ] GC(388) Pause Young (Normal) (G1 Evacuation Pause)
[50.853s][info][gc,task        ] GC(388) Using 33 workers of 33 for evacuation
[50.856s][info][gc,phases      ] GC(388)   Pre Evacuate Collection Set: 0.2ms
[50.856s][info][gc,phases      ] GC(388)   Merge Heap Roots: 0.2ms
[50.856s][info][gc,phases      ] GC(388)   Evacuate Collection Set: 1.1ms
[50.856s][info][gc,phases      ] GC(388)   Post Evacuate Collection Set: 0.7ms
[50.856s][info][gc,phases      ] GC(388)   Other: 0.1ms
[50.856s][info][gc,heap        ] GC(388) Eden regions: 350->0(350)
[50.856s][info][gc,heap        ] GC(388) Survivor regions: 4->4(45)
[50.856s][info][gc,heap        ] GC(388) Old regions: 43->43
[50.856s][info][gc,heap        ] GC(388) Archive regions: 0->0
[50.856s][info][gc,heap        ] GC(388) Humongous regions: 0->0
[50.856s][info][gc,metaspace   ] GC(388) Metaspace: 73890K(74944K)->73890K(74944K) NonClass: 58621K(58944K)->58621K(58944K) Class: 15268K(16000K)->15268K(16000K)
[50.856s][info][gc             ] GC(388) Pause Young (Normal) (G1 Evacuation Pause) 389M->39M(590M) 2.497ms
[50.856s][info][gc,cpu         ] GC(388) User=0.00s Sys=0.00s Real=0.00s
[50.945s][info][gc,start       ] GC(389) Pause Young (Normal) (G1 Evacuation Pause)
[50.945s][info][gc,task        ] GC(389) Using 33 workers of 33 for evacuation
[50.947s][info][gc,phases      ] GC(389)   Pre Evacuate Collection Set: 0.2ms
[50.947s][info][gc,phases      ] GC(389)   Merge Heap Roots: 0.2ms
[50.947s][info][gc,phases      ] GC(389)   Evacuate Collection Set: 1.2ms
[50.947s][info][gc,phases      ] GC(389)   Post Evacuate Collection Set: 0.7ms
[50.947s][info][gc,phases      ] GC(389)   Other: 0.1ms
[50.947s][info][gc,heap        ] GC(389) Eden regions: 350->0(350)
[50.947s][info][gc,heap        ] GC(389) Survivor regions: 4->4(45)
[50.947s][info][gc,heap        ] GC(389) Old regions: 43->43
[50.947s][info][gc,heap        ] GC(389) Archive regions: 0->0
[50.947s][info][gc,heap        ] GC(389) Humongous regions: 0->0
[50.947s][info][gc,metaspace   ] GC(389) Metaspace: 73891K(74944K)->73891K(74944K) NonClass: 58621K(58944K)->58621K(58944K) Class: 15269K(16000K)->15269K(16000K)
[50.947s][info][gc             ] GC(389) Pause Young (Normal) (G1 Evacuation Pause) 389M->39M(590M) 2.604ms
[50.947s][info][gc,cpu         ] GC(389) User=0.00s Sys=0.00s Real=0.00s
[51.035s][info][gc,start       ] GC(390) Pause Young (Normal) (G1 Evacuation Pause)
[51.035s][info][gc,task        ] GC(390) Using 33 workers of 33 for evacuation
[51.037s][info][gc,phases      ] GC(390)   Pre Evacuate Collection Set: 0.2ms
[51.037s][info][gc,phases      ] GC(390)   Merge Heap Roots: 0.2ms
[51.037s][info][gc,phases      ] GC(390)   Evacuate Collection Set: 1.1ms
[51.037s][info][gc,phases      ] GC(390)   Post Evacuate Collection Set: 0.7ms
[51.037s][info][gc,phases      ] GC(390)   Other: 0.1ms
[51.037s][info][gc,heap        ] GC(390) Eden regions: 350->0(350)
[51.037s][info][gc,heap        ] GC(390) Survivor regions: 4->4(45)
[51.037s][info][gc,heap        ] GC(390) Old regions: 43->43
[51.037s][info][gc,heap        ] GC(390) Archive regions: 0->0
[51.037s][info][gc,heap        ] GC(390) Humongous regions: 0->0
[51.037s][info][gc,metaspace   ] GC(390) Metaspace: 73891K(74944K)->73891K(74944K) NonClass: 58621K(58944K)->58621K(58944K) Class: 15269K(16000K)->15269K(16000K)
[51.037s][info][gc             ] GC(390) Pause Young (Normal) (G1 Evacuation Pause) 389M->39M(590M) 2.508ms
[51.037s][info][gc,cpu         ] GC(390) User=0.00s Sys=0.00s Real=0.00s
[51.125s][info][gc,start       ] GC(391) Pause Young (Normal) (G1 Evacuation Pause)
[51.126s][info][gc,task        ] GC(391) Using 33 workers of 33 for evacuation
[51.128s][info][gc,phases      ] GC(391)   Pre Evacuate Collection Set: 0.2ms
[51.128s][info][gc,phases      ] GC(391)   Merge Heap Roots: 0.2ms
[51.128s][info][gc,phases      ] GC(391)   Evacuate Collection Set: 1.1ms
[51.128s][info][gc,phases      ] GC(391)   Post Evacuate Collection Set: 0.7ms
[51.128s][info][gc,phases      ] GC(391)   Other: 0.1ms
[51.128s][info][gc,heap        ] GC(391) Eden regions: 350->0(350)
[51.128s][info][gc,heap        ] GC(391) Survivor regions: 4->4(45)
[51.128s][info][gc,heap        ] GC(391) Old regions: 43->43
[51.128s][info][gc,heap        ] GC(391) Archive regions: 0->0
[51.128s][info][gc,heap        ] GC(391) Humongous regions: 0->0
[51.128s][info][gc,metaspace   ] GC(391) Metaspace: 73891K(74944K)->73891K(74944K) NonClass: 58621K(58944K)->58621K(58944K) Class: 15269K(16000K)->15269K(16000K)
[51.128s][info][gc             ] GC(391) Pause Young (Normal) (G1 Evacuation Pause) 389M->39M(590M) 2.525ms
[51.128s][info][gc,cpu         ] GC(391) User=0.00s Sys=0.00s Real=0.00s
[51.216s][info][gc,start       ] GC(392) Pause Young (Normal) (G1 Evacuation Pause)
[51.216s][info][gc,task        ] GC(392) Using 33 workers of 33 for evacuation
[51.219s][info][gc,phases      ] GC(392)   Pre Evacuate Collection Set: 0.2ms
[51.219s][info][gc,phases      ] GC(392)   Merge Heap Roots: 0.2ms
[51.219s][info][gc,phases      ] GC(392)   Evacuate Collection Set: 1.2ms
[51.219s][info][gc,phases      ] GC(392)   Post Evacuate Collection Set: 0.7ms
[51.219s][info][gc,phases      ] GC(392)   Other: 0.1ms
[51.219s][info][gc,heap        ] GC(392) Eden regions: 350->0(350)
[51.219s][info][gc,heap        ] GC(392) Survivor regions: 4->4(45)
[51.219s][info][gc,heap        ] GC(392) Old regions: 43->43
[51.219s][info][gc,heap        ] GC(392) Archive regions: 0->0
[51.219s][info][gc,heap        ] GC(392) Humongous regions: 0->0
[51.219s][info][gc,metaspace   ] GC(392) Metaspace: 73891K(74944K)->73891K(74944K) NonClass: 58621K(58944K)->58621K(58944K) Class: 15269K(16000K)->15269K(16000K)
[51.219s][info][gc             ] GC(392) Pause Young (Normal) (G1 Evacuation Pause) 389M->39M(590M) 2.648ms
[51.219s][info][gc,cpu         ] GC(392) User=0.00s Sys=0.00s Real=0.00s
[51.307s][info][gc,start       ] GC(393) Pause Young (Normal) (G1 Evacuation Pause)
[51.307s][info][gc,task        ] GC(393) Using 33 workers of 33 for evacuation
[51.309s][info][gc,phases      ] GC(393)   Pre Evacuate Collection Set: 0.2ms
[51.309s][info][gc,phases      ] GC(393)   Merge Heap Roots: 0.2ms
[51.309s][info][gc,phases      ] GC(393)   Evacuate Collection Set: 1.2ms
[51.309s][info][gc,phases      ] GC(393)   Post Evacuate Collection Set: 0.5ms
[51.309s][info][gc,phases      ] GC(393)   Other: 0.1ms
[51.309s][info][gc,heap        ] GC(393) Eden regions: 350->0(352)
[51.309s][info][gc,heap        ] GC(393) Survivor regions: 4->2(45)
[51.309s][info][gc,heap        ] GC(393) Old regions: 43->45
[51.309s][info][gc,heap        ] GC(393) Archive regions: 0->0
[51.309s][info][gc,heap        ] GC(393) Humongous regions: 0->0
[51.309s][info][gc,metaspace   ] GC(393) Metaspace: 73891K(74944K)->73891K(74944K) NonClass: 58621K(58944K)->58621K(58944K) Class: 15269K(16000K)->15269K(16000K)
[51.309s][info][gc             ] GC(393) Pause Young (Normal) (G1 Evacuation Pause) 389M->39M(590M) 2.410ms
[51.309s][info][gc,cpu         ] GC(393) User=0.00s Sys=0.00s Real=0.00s
[51.398s][info][gc,start       ] GC(394) Pause Young (Normal) (G1 Evacuation Pause)
[51.399s][info][gc,task        ] GC(394) Using 33 workers of 33 for evacuation
[51.400s][info][gc,phases      ] GC(394)   Pre Evacuate Collection Set: 0.2ms
[51.400s][info][gc,phases      ] GC(394)   Merge Heap Roots: 0.2ms
[51.400s][info][gc,phases      ] GC(394)   Evacuate Collection Set: 0.8ms
[51.400s][info][gc,phases      ] GC(394)   Post Evacuate Collection Set: 0.5ms
[51.400s][info][gc,phases      ] GC(394)   Other: 0.1ms
[51.400s][info][gc,heap        ] GC(394) Eden regions: 352->0(352)
[51.400s][info][gc,heap        ] GC(394) Survivor regions: 2->2(45)
[51.400s][info][gc,heap        ] GC(394) Old regions: 45->45
[51.400s][info][gc,heap        ] GC(394) Archive regions: 0->0
[51.400s][info][gc,heap        ] GC(394) Humongous regions: 0->0
[51.400s][info][gc,metaspace   ] GC(394) Metaspace: 73891K(74944K)->73891K(74944K) NonClass: 58621K(58944K)->58621K(58944K) Class: 15269K(16000K)->15269K(16000K)
[51.401s][info][gc             ] GC(394) Pause Young (Normal) (G1 Evacuation Pause) 391M->39M(590M) 2.084ms
[51.401s][info][gc,cpu         ] GC(394) User=0.00s Sys=0.00s Real=0.00s
[51.489s][info][gc,start       ] GC(395) Pause Young (Normal) (G1 Evacuation Pause)
[51.489s][info][gc,task        ] GC(395) Using 33 workers of 33 for evacuation
[51.491s][info][gc,phases      ] GC(395)   Pre Evacuate Collection Set: 0.2ms
[51.491s][info][gc,phases      ] GC(395)   Merge Heap Roots: 0.2ms
[51.491s][info][gc,phases      ] GC(395)   Evacuate Collection Set: 0.9ms
[51.491s][info][gc,phases      ] GC(395)   Post Evacuate Collection Set: 0.5ms
[51.491s][info][gc,phases      ] GC(395)   Other: 0.1ms
[51.491s][info][gc,heap        ] GC(395) Eden regions: 352->0(352)
[51.491s][info][gc,heap        ] GC(395) Survivor regions: 2->2(45)
[51.491s][info][gc,heap        ] GC(395) Old regions: 45->45
[51.491s][info][gc,heap        ] GC(395) Archive regions: 0->0
[51.491s][info][gc,heap        ] GC(395) Humongous regions: 0->0
[51.491s][info][gc,metaspace   ] GC(395) Metaspace: 73891K(74944K)->73891K(74944K) NonClass: 58621K(58944K)->58621K(58944K) Class: 15269K(16000K)->15269K(16000K)
[51.491s][info][gc             ] GC(395) Pause Young (Normal) (G1 Evacuation Pause) 391M->39M(590M) 2.081ms
[51.491s][info][gc,cpu         ] GC(395) User=0.00s Sys=0.00s Real=0.00s
[51.580s][info][gc,start       ] GC(396) Pause Young (Normal) (G1 Evacuation Pause)
[51.580s][info][gc,task        ] GC(396) Using 33 workers of 33 for evacuation
[51.582s][info][gc,phases      ] GC(396)   Pre Evacuate Collection Set: 0.2ms
[51.582s][info][gc,phases      ] GC(396)   Merge Heap Roots: 0.2ms
[51.582s][info][gc,phases      ] GC(396)   Evacuate Collection Set: 0.8ms
[51.582s][info][gc,phases      ] GC(396)   Post Evacuate Collection Set: 0.5ms
[51.582s][info][gc,phases      ] GC(396)   Other: 0.1ms
[51.582s][info][gc,heap        ] GC(396) Eden regions: 352->0(352)
[51.582s][info][gc,heap        ] GC(396) Survivor regions: 2->2(45)
[51.582s][info][gc,heap        ] GC(396) Old regions: 45->45
[51.582s][info][gc,heap        ] GC(396) Archive regions: 0->0
[51.582s][info][gc,heap        ] GC(396) Humongous regions: 0->0
[51.582s][info][gc,metaspace   ] GC(396) Metaspace: 73891K(74944K)->73891K(74944K) NonClass: 58621K(58944K)->58621K(58944K) Class: 15269K(16000K)->15269K(16000K)
[51.582s][info][gc             ] GC(396) Pause Young (Normal) (G1 Evacuation Pause) 391M->39M(590M) 2.054ms
[51.582s][info][gc,cpu         ] GC(396) User=0.00s Sys=0.00s Real=0.00s
[51.671s][info][gc,start       ] GC(397) Pause Young (Normal) (G1 Evacuation Pause)
[51.671s][info][gc,task        ] GC(397) Using 33 workers of 33 for evacuation
[51.673s][info][gc,phases      ] GC(397)   Pre Evacuate Collection Set: 0.2ms
[51.673s][info][gc,phases      ] GC(397)   Merge Heap Roots: 0.2ms
[51.673s][info][gc,phases      ] GC(397)   Evacuate Collection Set: 0.9ms
[51.673s][info][gc,phases      ] GC(397)   Post Evacuate Collection Set: 0.5ms
[51.673s][info][gc,phases      ] GC(397)   Other: 0.1ms
[51.673s][info][gc,heap        ] GC(397) Eden regions: 352->0(352)
[51.673s][info][gc,heap        ] GC(397) Survivor regions: 2->2(45)
[51.673s][info][gc,heap        ] GC(397) Old regions: 45->45
[51.673s][info][gc,heap        ] GC(397) Archive regions: 0->0
[51.673s][info][gc,heap        ] GC(397) Humongous regions: 0->0
[51.673s][info][gc,metaspace   ] GC(397) Metaspace: 73891K(74944K)->73891K(74944K) NonClass: 58621K(58944K)->58621K(58944K) Class: 15269K(16000K)->15269K(16000K)
[51.673s][info][gc             ] GC(397) Pause Young (Normal) (G1 Evacuation Pause) 391M->39M(590M) 2.079ms
[51.673s][info][gc,cpu         ] GC(397) User=0.00s Sys=0.00s Real=0.00s
[51.762s][info][gc,start       ] GC(398) Pause Young (Normal) (G1 Evacuation Pause)
[51.762s][info][gc,task        ] GC(398) Using 33 workers of 33 for evacuation
[51.764s][info][gc,phases      ] GC(398)   Pre Evacuate Collection Set: 0.2ms
[51.764s][info][gc,phases      ] GC(398)   Merge Heap Roots: 0.2ms
[51.764s][info][gc,phases      ] GC(398)   Evacuate Collection Set: 0.8ms
[51.764s][info][gc,phases      ] GC(398)   Post Evacuate Collection Set: 0.5ms
[51.764s][info][gc,phases      ] GC(398)   Other: 0.1ms
[51.764s][info][gc,heap        ] GC(398) Eden regions: 352->0(352)
[51.764s][info][gc,heap        ] GC(398) Survivor regions: 2->2(45)
[51.764s][info][gc,heap        ] GC(398) Old regions: 45->45
[51.764s][info][gc,heap        ] GC(398) Archive regions: 0->0
[51.764s][info][gc,heap        ] GC(398) Humongous regions: 0->0
[51.764s][info][gc,metaspace   ] GC(398) Metaspace: 73891K(74944K)->73891K(74944K) NonClass: 58621K(58944K)->58621K(58944K) Class: 15269K(16000K)->15269K(16000K)
[51.764s][info][gc             ] GC(398) Pause Young (Normal) (G1 Evacuation Pause) 391M->39M(590M) 2.030ms
[51.764s][info][gc,cpu         ] GC(398) User=0.02s Sys=0.00s Real=0.00s
[51.853s][info][gc,start       ] GC(399) Pause Young (Normal) (G1 Evacuation Pause)
[51.853s][info][gc,task        ] GC(399) Using 33 workers of 33 for evacuation
[51.855s][info][gc,phases      ] GC(399)   Pre Evacuate Collection Set: 0.2ms
[51.855s][info][gc,phases      ] GC(399)   Merge Heap Roots: 0.2ms
[51.855s][info][gc,phases      ] GC(399)   Evacuate Collection Set: 0.9ms
[51.855s][info][gc,phases      ] GC(399)   Post Evacuate Collection Set: 0.5ms
[51.855s][info][gc,phases      ] GC(399)   Other: 0.1ms
[51.855s][info][gc,heap        ] GC(399) Eden regions: 352->0(352)
[51.855s][info][gc,heap        ] GC(399) Survivor regions: 2->2(45)
[51.855s][info][gc,heap        ] GC(399) Old regions: 45->45
[51.855s][info][gc,heap        ] GC(399) Archive regions: 0->0
[51.855s][info][gc,heap        ] GC(399) Humongous regions: 0->0
[51.855s][info][gc,metaspace   ] GC(399) Metaspace: 73891K(74944K)->73891K(74944K) NonClass: 58621K(58944K)->58621K(58944K) Class: 15269K(16000K)->15269K(16000K)
[51.855s][info][gc             ] GC(399) Pause Young (Normal) (G1 Evacuation Pause) 391M->39M(590M) 2.080ms
[51.855s][info][gc,cpu         ] GC(399) User=0.00s Sys=0.00s Real=0.00s
[51.943s][info][gc,start       ] GC(400) Pause Young (Normal) (G1 Evacuation Pause)
[51.943s][info][gc,task        ] GC(400) Using 33 workers of 33 for evacuation
[51.945s][info][gc,phases      ] GC(400)   Pre Evacuate Collection Set: 0.2ms
[51.945s][info][gc,phases      ] GC(400)   Merge Heap Roots: 0.2ms
[51.945s][info][gc,phases      ] GC(400)   Evacuate Collection Set: 0.9ms
[51.945s][info][gc,phases      ] GC(400)   Post Evacuate Collection Set: 0.5ms
[51.945s][info][gc,phases      ] GC(400)   Other: 0.1ms
[51.945s][info][gc,heap        ] GC(400) Eden regions: 352->0(352)
[51.945s][info][gc,heap        ] GC(400) Survivor regions: 2->2(45)
[51.945s][info][gc,heap        ] GC(400) Old regions: 45->45
[51.945s][info][gc,heap        ] GC(400) Archive regions: 0->0
[51.945s][info][gc,heap        ] GC(400) Humongous regions: 0->0
[51.945s][info][gc,metaspace   ] GC(400) Metaspace: 73891K(74944K)->73891K(74944K) NonClass: 58621K(58944K)->58621K(58944K) Class: 15269K(16000K)->15269K(16000K)
[51.945s][info][gc             ] GC(400) Pause Young (Normal) (G1 Evacuation Pause) 391M->39M(590M) 2.099ms
[51.945s][info][gc,cpu         ] GC(400) User=0.00s Sys=0.00s Real=0.00s
[52.034s][info][gc,start       ] GC(401) Pause Young (Normal) (G1 Evacuation Pause)
[52.034s][info][gc,task        ] GC(401) Using 33 workers of 33 for evacuation
[52.036s][info][gc,phases      ] GC(401)   Pre Evacuate Collection Set: 0.2ms
[52.036s][info][gc,phases      ] GC(401)   Merge Heap Roots: 0.2ms
[52.036s][info][gc,phases      ] GC(401)   Evacuate Collection Set: 0.8ms
[52.036s][info][gc,phases      ] GC(401)   Post Evacuate Collection Set: 0.5ms
[52.036s][info][gc,phases      ] GC(401)   Other: 0.1ms
[52.036s][info][gc,heap        ] GC(401) Eden regions: 352->0(352)
[52.036s][info][gc,heap        ] GC(401) Survivor regions: 2->2(45)
[52.036s][info][gc,heap        ] GC(401) Old regions: 45->45
[52.036s][info][gc,heap        ] GC(401) Archive regions: 0->0
[52.036s][info][gc,heap        ] GC(401) Humongous regions: 0->0
[52.036s][info][gc,metaspace   ] GC(401) Metaspace: 73891K(74944K)->73891K(74944K) NonClass: 58621K(58944K)->58621K(58944K) Class: 15269K(16000K)->15269K(16000K)
[52.036s][info][gc             ] GC(401) Pause Young (Normal) (G1 Evacuation Pause) 391M->39M(590M) 2.080ms
[52.036s][info][gc,cpu         ] GC(401) User=0.00s Sys=0.00s Real=0.00s
[52.125s][info][gc,start       ] GC(402) Pause Young (Normal) (G1 Evacuation Pause)
[52.125s][info][gc,task        ] GC(402) Using 33 workers of 33 for evacuation
[52.127s][info][gc,phases      ] GC(402)   Pre Evacuate Collection Set: 0.2ms
[52.127s][info][gc,phases      ] GC(402)   Merge Heap Roots: 0.2ms
[52.127s][info][gc,phases      ] GC(402)   Evacuate Collection Set: 0.9ms
[52.127s][info][gc,phases      ] GC(402)   Post Evacuate Collection Set: 0.5ms
[52.127s][info][gc,phases      ] GC(402)   Other: 0.1ms
[52.127s][info][gc,heap        ] GC(402) Eden regions: 352->0(352)
[52.127s][info][gc,heap        ] GC(402) Survivor regions: 2->2(45)
[52.127s][info][gc,heap        ] GC(402) Old regions: 45->45
[52.127s][info][gc,heap        ] GC(402) Archive regions: 0->0
[52.127s][info][gc,heap        ] GC(402) Humongous regions: 0->0
[52.127s][info][gc,metaspace   ] GC(402) Metaspace: 73891K(74944K)->73891K(74944K) NonClass: 58621K(58944K)->58621K(58944K) Class: 15269K(16000K)->15269K(16000K)
[52.127s][info][gc             ] GC(402) Pause Young (Normal) (G1 Evacuation Pause) 391M->39M(590M) 2.113ms
[52.127s][info][gc,cpu         ] GC(402) User=0.00s Sys=0.00s Real=0.00s
[52.216s][info][gc,start       ] GC(403) Pause Young (Normal) (G1 Evacuation Pause)
[52.216s][info][gc,task        ] GC(403) Using 33 workers of 33 for evacuation
[52.218s][info][gc,phases      ] GC(403)   Pre Evacuate Collection Set: 0.2ms
[52.218s][info][gc,phases      ] GC(403)   Merge Heap Roots: 0.2ms
[52.218s][info][gc,phases      ] GC(403)   Evacuate Collection Set: 0.8ms
[52.218s][info][gc,phases      ] GC(403)   Post Evacuate Collection Set: 0.5ms
[52.218s][info][gc,phases      ] GC(403)   Other: 0.1ms
[52.218s][info][gc,heap        ] GC(403) Eden regions: 352->0(352)
[52.218s][info][gc,heap        ] GC(403) Survivor regions: 2->2(45)
[52.218s][info][gc,heap        ] GC(403) Old regions: 45->45
[52.218s][info][gc,heap        ] GC(403) Archive regions: 0->0
[52.218s][info][gc,heap        ] GC(403) Humongous regions: 0->0
[52.218s][info][gc,metaspace   ] GC(403) Metaspace: 73891K(74944K)->73891K(74944K) NonClass: 58621K(58944K)->58621K(58944K) Class: 15269K(16000K)->15269K(16000K)
[52.218s][info][gc             ] GC(403) Pause Young (Normal) (G1 Evacuation Pause) 391M->39M(590M) 2.051ms
[52.218s][info][gc,cpu         ] GC(403) User=0.00s Sys=0.00s Real=0.00s
[52.306s][info][gc,start       ] GC(404) Pause Young (Normal) (G1 Evacuation Pause)
[52.306s][info][gc,task        ] GC(404) Using 33 workers of 33 for evacuation
[52.308s][info][gc,phases      ] GC(404)   Pre Evacuate Collection Set: 0.2ms
[52.308s][info][gc,phases      ] GC(404)   Merge Heap Roots: 0.2ms
[52.308s][info][gc,phases      ] GC(404)   Evacuate Collection Set: 0.9ms
[52.308s][info][gc,phases      ] GC(404)   Post Evacuate Collection Set: 0.5ms
[52.308s][info][gc,phases      ] GC(404)   Other: 0.1ms
[52.308s][info][gc,heap        ] GC(404) Eden regions: 352->0(352)
[52.308s][info][gc,heap        ] GC(404) Survivor regions: 2->2(45)
[52.308s][info][gc,heap        ] GC(404) Old regions: 45->45
[52.308s][info][gc,heap        ] GC(404) Archive regions: 0->0
[52.308s][info][gc,heap        ] GC(404) Humongous regions: 0->0
[52.308s][info][gc,metaspace   ] GC(404) Metaspace: 73891K(74944K)->73891K(74944K) NonClass: 58621K(58944K)->58621K(58944K) Class: 15269K(16000K)->15269K(16000K)
[52.308s][info][gc             ] GC(404) Pause Young (Normal) (G1 Evacuation Pause) 391M->39M(590M) 2.082ms
[52.309s][info][gc,cpu         ] GC(404) User=0.00s Sys=0.00s Real=0.00s
[52.397s][info][gc,start       ] GC(405) Pause Young (Normal) (G1 Evacuation Pause)
[52.397s][info][gc,task        ] GC(405) Using 33 workers of 33 for evacuation
[52.399s][info][gc,phases      ] GC(405)   Pre Evacuate Collection Set: 0.2ms
[52.399s][info][gc,phases      ] GC(405)   Merge Heap Roots: 0.2ms
[52.399s][info][gc,phases      ] GC(405)   Evacuate Collection Set: 0.8ms
[52.399s][info][gc,phases      ] GC(405)   Post Evacuate Collection Set: 0.5ms
[52.399s][info][gc,phases      ] GC(405)   Other: 0.1ms
[52.399s][info][gc,heap        ] GC(405) Eden regions: 352->0(352)
[52.399s][info][gc,heap        ] GC(405) Survivor regions: 2->2(45)
[52.399s][info][gc,heap        ] GC(405) Old regions: 45->45
[52.399s][info][gc,heap        ] GC(405) Archive regions: 0->0
[52.399s][info][gc,heap        ] GC(405) Humongous regions: 0->0
[52.399s][info][gc,metaspace   ] GC(405) Metaspace: 73891K(74944K)->73891K(74944K) NonClass: 58621K(58944K)->58621K(58944K) Class: 15269K(16000K)->15269K(16000K)
[52.399s][info][gc             ] GC(405) Pause Young (Normal) (G1 Evacuation Pause) 391M->39M(590M) 2.083ms
[52.399s][info][gc,cpu         ] GC(405) User=0.00s Sys=0.00s Real=0.00s
[52.488s][info][gc,start       ] GC(406) Pause Young (Normal) (G1 Evacuation Pause)
[52.488s][info][gc,task        ] GC(406) Using 33 workers of 33 for evacuation
[52.490s][info][gc,phases      ] GC(406)   Pre Evacuate Collection Set: 0.2ms
[52.490s][info][gc,phases      ] GC(406)   Merge Heap Roots: 0.2ms
[52.490s][info][gc,phases      ] GC(406)   Evacuate Collection Set: 0.8ms
[52.490s][info][gc,phases      ] GC(406)   Post Evacuate Collection Set: 0.5ms
[52.490s][info][gc,phases      ] GC(406)   Other: 0.1ms
[52.490s][info][gc,heap        ] GC(406) Eden regions: 352->0(352)
[52.490s][info][gc,heap        ] GC(406) Survivor regions: 2->2(45)
[52.490s][info][gc,heap        ] GC(406) Old regions: 45->45
[52.490s][info][gc,heap        ] GC(406) Archive regions: 0->0
[52.490s][info][gc,heap        ] GC(406) Humongous regions: 0->0
[52.490s][info][gc,metaspace   ] GC(406) Metaspace: 73891K(74944K)->73891K(74944K) NonClass: 58621K(58944K)->58621K(58944K) Class: 15269K(16000K)->15269K(16000K)
[52.490s][info][gc             ] GC(406) Pause Young (Normal) (G1 Evacuation Pause) 391M->39M(590M) 2.069ms
[52.490s][info][gc,cpu         ] GC(406) User=0.00s Sys=0.00s Real=0.00s
[52.579s][info][gc,start       ] GC(407) Pause Young (Normal) (G1 Evacuation Pause)
[52.579s][info][gc,task        ] GC(407) Using 33 workers of 33 for evacuation
[52.581s][info][gc,phases      ] GC(407)   Pre Evacuate Collection Set: 0.2ms
[52.581s][info][gc,phases      ] GC(407)   Merge Heap Roots: 0.2ms
[52.581s][info][gc,phases      ] GC(407)   Evacuate Collection Set: 0.9ms
[52.581s][info][gc,phases      ] GC(407)   Post Evacuate Collection Set: 0.5ms
[52.581s][info][gc,phases      ] GC(407)   Other: 0.1ms
[52.581s][info][gc,heap        ] GC(407) Eden regions: 352->0(352)
[52.581s][info][gc,heap        ] GC(407) Survivor regions: 2->2(45)
[52.581s][info][gc,heap        ] GC(407) Old regions: 45->45
[52.581s][info][gc,heap        ] GC(407) Archive regions: 0->0
[52.581s][info][gc,heap        ] GC(407) Humongous regions: 0->0
[52.581s][info][gc,metaspace   ] GC(407) Metaspace: 73891K(74944K)->73891K(74944K) NonClass: 58621K(58944K)->58621K(58944K) Class: 15269K(16000K)->15269K(16000K)
[52.581s][info][gc             ] GC(407) Pause Young (Normal) (G1 Evacuation Pause) 391M->39M(590M) 2.105ms
[52.581s][info][gc,cpu         ] GC(407) User=0.00s Sys=0.00s Real=0.00s
[52.669s][info][gc,start       ] GC(408) Pause Young (Normal) (G1 Evacuation Pause)
[52.669s][info][gc,task        ] GC(408) Using 33 workers of 33 for evacuation
[52.671s][info][gc,phases      ] GC(408)   Pre Evacuate Collection Set: 0.2ms
[52.671s][info][gc,phases      ] GC(408)   Merge Heap Roots: 0.2ms
[52.671s][info][gc,phases      ] GC(408)   Evacuate Collection Set: 0.9ms
[52.671s][info][gc,phases      ] GC(408)   Post Evacuate Collection Set: 0.5ms
[52.671s][info][gc,phases      ] GC(408)   Other: 0.1ms
[52.671s][info][gc,heap        ] GC(408) Eden regions: 352->0(352)
[52.671s][info][gc,heap        ] GC(408) Survivor regions: 2->2(45)
[52.671s][info][gc,heap        ] GC(408) Old regions: 45->45
[52.671s][info][gc,heap        ] GC(408) Archive regions: 0->0
[52.671s][info][gc,heap        ] GC(408) Humongous regions: 0->0
[52.671s][info][gc,metaspace   ] GC(408) Metaspace: 73891K(74944K)->73891K(74944K) NonClass: 58621K(58944K)->58621K(58944K) Class: 15269K(16000K)->15269K(16000K)
[52.671s][info][gc             ] GC(408) Pause Young (Normal) (G1 Evacuation Pause) 391M->39M(590M) 2.067ms
[52.671s][info][gc,cpu         ] GC(408) User=0.00s Sys=0.00s Real=0.00s
[52.760s][info][gc,start       ] GC(409) Pause Young (Normal) (G1 Evacuation Pause)
[52.760s][info][gc,task        ] GC(409) Using 33 workers of 33 for evacuation
[52.762s][info][gc,phases      ] GC(409)   Pre Evacuate Collection Set: 0.2ms
[52.762s][info][gc,phases      ] GC(409)   Merge Heap Roots: 0.2ms
[52.762s][info][gc,phases      ] GC(409)   Evacuate Collection Set: 0.8ms
[52.762s][info][gc,phases      ] GC(409)   Post Evacuate Collection Set: 0.5ms
[52.762s][info][gc,phases      ] GC(409)   Other: 0.1ms
[52.762s][info][gc,heap        ] GC(409) Eden regions: 352->0(352)
[52.762s][info][gc,heap        ] GC(409) Survivor regions: 2->2(45)
[52.762s][info][gc,heap        ] GC(409) Old regions: 45->45
[52.762s][info][gc,heap        ] GC(409) Archive regions: 0->0
[52.762s][info][gc,heap        ] GC(409) Humongous regions: 0->0
[52.762s][info][gc,metaspace   ] GC(409) Metaspace: 73891K(74944K)->73891K(74944K) NonClass: 58621K(58944K)->58621K(58944K) Class: 15269K(16000K)->15269K(16000K)
[52.762s][info][gc             ] GC(409) Pause Young (Normal) (G1 Evacuation Pause) 391M->39M(590M) 2.047ms
[52.762s][info][gc,cpu         ] GC(409) User=0.00s Sys=0.00s Real=0.00s
[52.851s][info][gc,start       ] GC(410) Pause Young (Normal) (G1 Evacuation Pause)
[52.851s][info][gc,task        ] GC(410) Using 33 workers of 33 for evacuation
[52.853s][info][gc,phases      ] GC(410)   Pre Evacuate Collection Set: 0.2ms
[52.853s][info][gc,phases      ] GC(410)   Merge Heap Roots: 0.2ms
[52.853s][info][gc,phases      ] GC(410)   Evacuate Collection Set: 0.8ms
[52.853s][info][gc,phases      ] GC(410)   Post Evacuate Collection Set: 0.5ms
[52.853s][info][gc,phases      ] GC(410)   Other: 0.1ms
[52.853s][info][gc,heap        ] GC(410) Eden regions: 352->0(352)
[52.853s][info][gc,heap        ] GC(410) Survivor regions: 2->2(45)
[52.853s][info][gc,heap        ] GC(410) Old regions: 45->45
[52.853s][info][gc,heap        ] GC(410) Archive regions: 0->0
[52.853s][info][gc,heap        ] GC(410) Humongous regions: 0->0
[52.853s][info][gc,metaspace   ] GC(410) Metaspace: 73894K(74944K)->73894K(74944K) NonClass: 58625K(58944K)->58625K(58944K) Class: 15269K(16000K)->15269K(16000K)
[52.853s][info][gc             ] GC(410) Pause Young (Normal) (G1 Evacuation Pause) 391M->39M(590M) 2.045ms
[52.853s][info][gc,cpu         ] GC(410) User=0.00s Sys=0.00s Real=0.00s
[52.942s][info][gc,start       ] GC(411) Pause Young (Normal) (G1 Evacuation Pause)
[52.942s][info][gc,task        ] GC(411) Using 33 workers of 33 for evacuation
[52.944s][info][gc,phases      ] GC(411)   Pre Evacuate Collection Set: 0.2ms
[52.944s][info][gc,phases      ] GC(411)   Merge Heap Roots: 0.2ms
[52.944s][info][gc,phases      ] GC(411)   Evacuate Collection Set: 0.8ms
[52.944s][info][gc,phases      ] GC(411)   Post Evacuate Collection Set: 0.5ms
[52.944s][info][gc,phases      ] GC(411)   Other: 0.1ms
[52.944s][info][gc,heap        ] GC(411) Eden regions: 352->0(352)
[52.944s][info][gc,heap        ] GC(411) Survivor regions: 2->2(45)
[52.944s][info][gc,heap        ] GC(411) Old regions: 45->45
[52.944s][info][gc,heap        ] GC(411) Archive regions: 0->0
[52.944s][info][gc,heap        ] GC(411) Humongous regions: 0->0
[52.944s][info][gc,metaspace   ] GC(411) Metaspace: 73894K(74944K)->73894K(74944K) NonClass: 58625K(58944K)->58625K(58944K) Class: 15269K(16000K)->15269K(16000K)
[52.944s][info][gc             ] GC(411) Pause Young (Normal) (G1 Evacuation Pause) 391M->39M(590M) 2.067ms
[52.944s][info][gc,cpu         ] GC(411) User=0.00s Sys=0.00s Real=0.00s
[53.033s][info][gc,start       ] GC(412) Pause Young (Normal) (G1 Evacuation Pause)
[53.033s][info][gc,task        ] GC(412) Using 33 workers of 33 for evacuation
[53.035s][info][gc,phases      ] GC(412)   Pre Evacuate Collection Set: 0.2ms
[53.035s][info][gc,phases      ] GC(412)   Merge Heap Roots: 0.2ms
[53.035s][info][gc,phases      ] GC(412)   Evacuate Collection Set: 0.9ms
[53.035s][info][gc,phases      ] GC(412)   Post Evacuate Collection Set: 0.5ms
[53.035s][info][gc,phases      ] GC(412)   Other: 0.1ms
[53.035s][info][gc,heap        ] GC(412) Eden regions: 352->0(352)
[53.035s][info][gc,heap        ] GC(412) Survivor regions: 2->2(45)
[53.035s][info][gc,heap        ] GC(412) Old regions: 45->45
[53.035s][info][gc,heap        ] GC(412) Archive regions: 0->0
[53.035s][info][gc,heap        ] GC(412) Humongous regions: 0->0
[53.035s][info][gc,metaspace   ] GC(412) Metaspace: 73894K(74944K)->73894K(74944K) NonClass: 58625K(58944K)->58625K(58944K) Class: 15269K(16000K)->15269K(16000K)
[53.035s][info][gc             ] GC(412) Pause Young (Normal) (G1 Evacuation Pause) 391M->39M(590M) 2.114ms
[53.035s][info][gc,cpu         ] GC(412) User=0.00s Sys=0.00s Real=0.00s
[53.123s][info][gc,start       ] GC(413) Pause Young (Normal) (G1 Evacuation Pause)
[53.124s][info][gc,task        ] GC(413) Using 33 workers of 33 for evacuation
[53.125s][info][gc,phases      ] GC(413)   Pre Evacuate Collection Set: 0.2ms
[53.125s][info][gc,phases      ] GC(413)   Merge Heap Roots: 0.2ms
[53.125s][info][gc,phases      ] GC(413)   Evacuate Collection Set: 0.9ms
[53.125s][info][gc,phases      ] GC(413)   Post Evacuate Collection Set: 0.5ms
[53.125s][info][gc,phases      ] GC(413)   Other: 0.1ms
[53.125s][info][gc,heap        ] GC(413) Eden regions: 352->0(352)
[53.125s][info][gc,heap        ] GC(413) Survivor regions: 2->2(45)
[53.125s][info][gc,heap        ] GC(413) Old regions: 45->45
[53.125s][info][gc,heap        ] GC(413) Archive regions: 0->0
[53.125s][info][gc,heap        ] GC(413) Humongous regions: 0->0
[53.125s][info][gc,metaspace   ] GC(413) Metaspace: 73894K(74944K)->73894K(74944K) NonClass: 58625K(58944K)->58625K(58944K) Class: 15269K(16000K)->15269K(16000K)
[53.125s][info][gc             ] GC(413) Pause Young (Normal) (G1 Evacuation Pause) 391M->39M(590M) 2.079ms
[53.126s][info][gc,cpu         ] GC(413) User=0.00s Sys=0.00s Real=0.00s
[53.214s][info][gc,start       ] GC(414) Pause Young (Normal) (G1 Evacuation Pause)
[53.215s][info][gc,task        ] GC(414) Using 33 workers of 33 for evacuation
[53.216s][info][gc,phases      ] GC(414)   Pre Evacuate Collection Set: 0.2ms
[53.216s][info][gc,phases      ] GC(414)   Merge Heap Roots: 0.2ms
[53.216s][info][gc,phases      ] GC(414)   Evacuate Collection Set: 0.8ms
[53.216s][info][gc,phases      ] GC(414)   Post Evacuate Collection Set: 0.5ms
[53.216s][info][gc,phases      ] GC(414)   Other: 0.1ms
[53.216s][info][gc,heap        ] GC(414) Eden regions: 352->0(352)
[53.216s][info][gc,heap        ] GC(414) Survivor regions: 2->2(45)
[53.216s][info][gc,heap        ] GC(414) Old regions: 45->45
[53.216s][info][gc,heap        ] GC(414) Archive regions: 0->0
[53.216s][info][gc,heap        ] GC(414) Humongous regions: 0->0
[53.216s][info][gc,metaspace   ] GC(414) Metaspace: 73894K(74944K)->73894K(74944K) NonClass: 58625K(58944K)->58625K(58944K) Class: 15269K(16000K)->15269K(16000K)
[53.216s][info][gc             ] GC(414) Pause Young (Normal) (G1 Evacuation Pause) 391M->39M(590M) 2.085ms
[53.217s][info][gc,cpu         ] GC(414) User=0.00s Sys=0.00s Real=0.00s
[53.305s][info][gc,start       ] GC(415) Pause Young (Normal) (G1 Evacuation Pause)
[53.305s][info][gc,task        ] GC(415) Using 33 workers of 33 for evacuation
[53.307s][info][gc,phases      ] GC(415)   Pre Evacuate Collection Set: 0.2ms
[53.307s][info][gc,phases      ] GC(415)   Merge Heap Roots: 0.2ms
[53.307s][info][gc,phases      ] GC(415)   Evacuate Collection Set: 0.9ms
[53.307s][info][gc,phases      ] GC(415)   Post Evacuate Collection Set: 0.5ms
[53.307s][info][gc,phases      ] GC(415)   Other: 0.1ms
[53.307s][info][gc,heap        ] GC(415) Eden regions: 352->0(352)
[53.307s][info][gc,heap        ] GC(415) Survivor regions: 2->2(45)
[53.307s][info][gc,heap        ] GC(415) Old regions: 45->45
[53.307s][info][gc,heap        ] GC(415) Archive regions: 0->0
[53.307s][info][gc,heap        ] GC(415) Humongous regions: 0->0
[53.307s][info][gc,metaspace   ] GC(415) Metaspace: 73894K(74944K)->73894K(74944K) NonClass: 58625K(58944K)->58625K(58944K) Class: 15269K(16000K)->15269K(16000K)
[53.307s][info][gc             ] GC(415) Pause Young (Normal) (G1 Evacuation Pause) 391M->39M(590M) 2.070ms
[53.307s][info][gc,cpu         ] GC(415) User=0.00s Sys=0.00s Real=0.00s
[53.398s][info][gc,start       ] GC(416) Pause Young (Normal) (G1 Evacuation Pause)
[53.398s][info][gc,task        ] GC(416) Using 33 workers of 33 for evacuation
[53.400s][info][gc,phases      ] GC(416)   Pre Evacuate Collection Set: 0.2ms
[53.400s][info][gc,phases      ] GC(416)   Merge Heap Roots: 0.2ms
[53.400s][info][gc,phases      ] GC(416)   Evacuate Collection Set: 0.8ms
[53.400s][info][gc,phases      ] GC(416)   Post Evacuate Collection Set: 0.5ms
[53.400s][info][gc,phases      ] GC(416)   Other: 0.1ms
[53.400s][info][gc,heap        ] GC(416) Eden regions: 352->0(352)
[53.400s][info][gc,heap        ] GC(416) Survivor regions: 2->2(45)
[53.400s][info][gc,heap        ] GC(416) Old regions: 45->45
[53.400s][info][gc,heap        ] GC(416) Archive regions: 0->0
[53.400s][info][gc,heap        ] GC(416) Humongous regions: 0->0
[53.400s][info][gc,metaspace   ] GC(416) Metaspace: 73894K(74944K)->73894K(74944K) NonClass: 58625K(58944K)->58625K(58944K) Class: 15269K(16000K)->15269K(16000K)
[53.400s][info][gc             ] GC(416) Pause Young (Normal) (G1 Evacuation Pause) 391M->39M(590M) 2.028ms
[53.400s][info][gc,cpu         ] GC(416) User=0.00s Sys=0.00s Real=0.00s
[53.489s][info][gc,start       ] GC(417) Pause Young (Normal) (G1 Evacuation Pause)
[53.489s][info][gc,task        ] GC(417) Using 33 workers of 33 for evacuation
[53.491s][info][gc,phases      ] GC(417)   Pre Evacuate Collection Set: 0.2ms
[53.491s][info][gc,phases      ] GC(417)   Merge Heap Roots: 0.2ms
[53.491s][info][gc,phases      ] GC(417)   Evacuate Collection Set: 0.8ms
[53.491s][info][gc,phases      ] GC(417)   Post Evacuate Collection Set: 0.5ms
[53.491s][info][gc,phases      ] GC(417)   Other: 0.1ms
[53.491s][info][gc,heap        ] GC(417) Eden regions: 352->0(352)
[53.491s][info][gc,heap        ] GC(417) Survivor regions: 2->2(45)
[53.491s][info][gc,heap        ] GC(417) Old regions: 45->45
[53.491s][info][gc,heap        ] GC(417) Archive regions: 0->0
[53.491s][info][gc,heap        ] GC(417) Humongous regions: 0->0
[53.491s][info][gc,metaspace   ] GC(417) Metaspace: 73894K(74944K)->73894K(74944K) NonClass: 58625K(58944K)->58625K(58944K) Class: 15269K(16000K)->15269K(16000K)
[53.491s][info][gc             ] GC(417) Pause Young (Normal) (G1 Evacuation Pause) 391M->39M(590M) 2.051ms
[53.491s][info][gc,cpu         ] GC(417) User=0.00s Sys=0.00s Real=0.00s
[53.580s][info][gc,start       ] GC(418) Pause Young (Normal) (G1 Evacuation Pause)
[53.580s][info][gc,task        ] GC(418) Using 33 workers of 33 for evacuation
[53.582s][info][gc,phases      ] GC(418)   Pre Evacuate Collection Set: 0.2ms
[53.582s][info][gc,phases      ] GC(418)   Merge Heap Roots: 0.2ms
[53.582s][info][gc,phases      ] GC(418)   Evacuate Collection Set: 0.8ms
[53.582s][info][gc,phases      ] GC(418)   Post Evacuate Collection Set: 0.5ms
[53.582s][info][gc,phases      ] GC(418)   Other: 0.1ms
[53.582s][info][gc,heap        ] GC(418) Eden regions: 352->0(352)
[53.582s][info][gc,heap        ] GC(418) Survivor regions: 2->2(45)
[53.582s][info][gc,heap        ] GC(418) Old regions: 45->45
[53.582s][info][gc,heap        ] GC(418) Archive regions: 0->0
[53.582s][info][gc,heap        ] GC(418) Humongous regions: 0->0
[53.582s][info][gc,metaspace   ] GC(418) Metaspace: 73894K(74944K)->73894K(74944K) NonClass: 58625K(58944K)->58625K(58944K) Class: 15269K(16000K)->15269K(16000K)
[53.582s][info][gc             ] GC(418) Pause Young (Normal) (G1 Evacuation Pause) 391M->39M(590M) 2.087ms
[53.582s][info][gc,cpu         ] GC(418) User=0.00s Sys=0.00s Real=0.00s
[53.671s][info][gc,start       ] GC(419) Pause Young (Normal) (G1 Evacuation Pause)
[53.671s][info][gc,task        ] GC(419) Using 33 workers of 33 for evacuation
[53.673s][info][gc,phases      ] GC(419)   Pre Evacuate Collection Set: 0.2ms
[53.673s][info][gc,phases      ] GC(419)   Merge Heap Roots: 0.2ms
[53.673s][info][gc,phases      ] GC(419)   Evacuate Collection Set: 0.8ms
[53.673s][info][gc,phases      ] GC(419)   Post Evacuate Collection Set: 0.5ms
[53.673s][info][gc,phases      ] GC(419)   Other: 0.1ms
[53.673s][info][gc,heap        ] GC(419) Eden regions: 352->0(352)
[53.673s][info][gc,heap        ] GC(419) Survivor regions: 2->2(45)
[53.673s][info][gc,heap        ] GC(419) Old regions: 45->45
[53.673s][info][gc,heap        ] GC(419) Archive regions: 0->0
[53.673s][info][gc,heap        ] GC(419) Humongous regions: 0->0
[53.673s][info][gc,metaspace   ] GC(419) Metaspace: 73894K(74944K)->73894K(74944K) NonClass: 58625K(58944K)->58625K(58944K) Class: 15269K(16000K)->15269K(16000K)
[53.673s][info][gc             ] GC(419) Pause Young (Normal) (G1 Evacuation Pause) 391M->39M(590M) 2.022ms
[53.673s][info][gc,cpu         ] GC(419) User=0.00s Sys=0.00s Real=0.00s
[53.762s][info][gc,start       ] GC(420) Pause Young (Normal) (G1 Evacuation Pause)
[53.762s][info][gc,task        ] GC(420) Using 33 workers of 33 for evacuation
[53.763s][info][gc,phases      ] GC(420)   Pre Evacuate Collection Set: 0.2ms
[53.763s][info][gc,phases      ] GC(420)   Merge Heap Roots: 0.2ms
[53.763s][info][gc,phases      ] GC(420)   Evacuate Collection Set: 0.8ms
[53.763s][info][gc,phases      ] GC(420)   Post Evacuate Collection Set: 0.5ms
[53.763s][info][gc,phases      ] GC(420)   Other: 0.1ms
[53.763s][info][gc,heap        ] GC(420) Eden regions: 352->0(352)
[53.764s][info][gc,heap        ] GC(420) Survivor regions: 2->2(45)
[53.764s][info][gc,heap        ] GC(420) Old regions: 45->45
[53.764s][info][gc,heap        ] GC(420) Archive regions: 0->0
[53.764s][info][gc,heap        ] GC(420) Humongous regions: 0->0
[53.764s][info][gc,metaspace   ] GC(420) Metaspace: 73894K(74944K)->73894K(74944K) NonClass: 58625K(58944K)->58625K(58944K) Class: 15269K(16000K)->15269K(16000K)
[53.764s][info][gc             ] GC(420) Pause Young (Normal) (G1 Evacuation Pause) 391M->39M(590M) 2.029ms
[53.764s][info][gc,cpu         ] GC(420) User=0.52s Sys=0.00s Real=0.00s
[53.852s][info][gc,start       ] GC(421) Pause Young (Normal) (G1 Evacuation Pause)
[53.852s][info][gc,task        ] GC(421) Using 33 workers of 33 for evacuation
[53.854s][info][gc,phases      ] GC(421)   Pre Evacuate Collection Set: 0.2ms
[53.854s][info][gc,phases      ] GC(421)   Merge Heap Roots: 0.2ms
[53.854s][info][gc,phases      ] GC(421)   Evacuate Collection Set: 0.8ms
[53.854s][info][gc,phases      ] GC(421)   Post Evacuate Collection Set: 0.5ms
[53.854s][info][gc,phases      ] GC(421)   Other: 0.1ms
[53.854s][info][gc,heap        ] GC(421) Eden regions: 352->0(352)
[53.854s][info][gc,heap        ] GC(421) Survivor regions: 2->2(45)
[53.854s][info][gc,heap        ] GC(421) Old regions: 45->45
[53.854s][info][gc,heap        ] GC(421) Archive regions: 0->0
[53.854s][info][gc,heap        ] GC(421) Humongous regions: 0->0
[53.854s][info][gc,metaspace   ] GC(421) Metaspace: 73894K(74944K)->73894K(74944K) NonClass: 58625K(58944K)->58625K(58944K) Class: 15269K(16000K)->15269K(16000K)
[53.854s][info][gc             ] GC(421) Pause Young (Normal) (G1 Evacuation Pause) 391M->39M(590M) 2.091ms
[53.854s][info][gc,cpu         ] GC(421) User=0.00s Sys=0.00s Real=0.00s
[53.943s][info][gc,start       ] GC(422) Pause Young (Normal) (G1 Evacuation Pause)
[53.943s][info][gc,task        ] GC(422) Using 33 workers of 33 for evacuation
[53.945s][info][gc,phases      ] GC(422)   Pre Evacuate Collection Set: 0.2ms
[53.945s][info][gc,phases      ] GC(422)   Merge Heap Roots: 0.2ms
[53.945s][info][gc,phases      ] GC(422)   Evacuate Collection Set: 0.8ms
[53.945s][info][gc,phases      ] GC(422)   Post Evacuate Collection Set: 0.5ms
[53.945s][info][gc,phases      ] GC(422)   Other: 0.1ms
[53.945s][info][gc,heap        ] GC(422) Eden regions: 352->0(352)
[53.945s][info][gc,heap        ] GC(422) Survivor regions: 2->2(45)
[53.945s][info][gc,heap        ] GC(422) Old regions: 45->45
[53.945s][info][gc,heap        ] GC(422) Archive regions: 0->0
[53.945s][info][gc,heap        ] GC(422) Humongous regions: 0->0
[53.945s][info][gc,metaspace   ] GC(422) Metaspace: 73894K(74944K)->73894K(74944K) NonClass: 58625K(58944K)->58625K(58944K) Class: 15269K(16000K)->15269K(16000K)
[53.945s][info][gc             ] GC(422) Pause Young (Normal) (G1 Evacuation Pause) 391M->39M(590M) 2.075ms
[53.945s][info][gc,cpu         ] GC(422) User=0.00s Sys=0.00s Real=0.00s
[54.034s][info][gc,start       ] GC(423) Pause Young (Normal) (G1 Evacuation Pause)
[54.035s][info][gc,task        ] GC(423) Using 33 workers of 33 for evacuation
[54.036s][info][gc,phases      ] GC(423)   Pre Evacuate Collection Set: 0.2ms
[54.036s][info][gc,phases      ] GC(423)   Merge Heap Roots: 0.2ms
[54.036s][info][gc,phases      ] GC(423)   Evacuate Collection Set: 0.9ms
[54.036s][info][gc,phases      ] GC(423)   Post Evacuate Collection Set: 0.5ms
[54.036s][info][gc,phases      ] GC(423)   Other: 0.1ms
[54.037s][info][gc,heap        ] GC(423) Eden regions: 352->0(352)
[54.037s][info][gc,heap        ] GC(423) Survivor regions: 2->2(45)
[54.037s][info][gc,heap        ] GC(423) Old regions: 45->45
[54.037s][info][gc,heap        ] GC(423) Archive regions: 0->0
[54.037s][info][gc,heap        ] GC(423) Humongous regions: 0->0
[54.037s][info][gc,metaspace   ] GC(423) Metaspace: 73894K(74944K)->73894K(74944K) NonClass: 58625K(58944K)->58625K(58944K) Class: 15269K(16000K)->15269K(16000K)
[54.037s][info][gc             ] GC(423) Pause Young (Normal) (G1 Evacuation Pause) 391M->39M(590M) 2.098ms
[54.037s][info][gc,cpu         ] GC(423) User=0.00s Sys=0.00s Real=0.00s
[54.125s][info][gc,start       ] GC(424) Pause Young (Normal) (G1 Evacuation Pause)
[54.125s][info][gc,task        ] GC(424) Using 33 workers of 33 for evacuation
[54.127s][info][gc,phases      ] GC(424)   Pre Evacuate Collection Set: 0.2ms
[54.127s][info][gc,phases      ] GC(424)   Merge Heap Roots: 0.2ms
[54.127s][info][gc,phases      ] GC(424)   Evacuate Collection Set: 0.9ms
[54.127s][info][gc,phases      ] GC(424)   Post Evacuate Collection Set: 0.5ms
[54.127s][info][gc,phases      ] GC(424)   Other: 0.1ms
[54.127s][info][gc,heap        ] GC(424) Eden regions: 352->0(352)
[54.127s][info][gc,heap        ] GC(424) Survivor regions: 2->2(45)
[54.127s][info][gc,heap        ] GC(424) Old regions: 45->45
[54.127s][info][gc,heap        ] GC(424) Archive regions: 0->0
[54.127s][info][gc,heap        ] GC(424) Humongous regions: 0->0
[54.127s][info][gc,metaspace   ] GC(424) Metaspace: 73894K(74944K)->73894K(74944K) NonClass: 58625K(58944K)->58625K(58944K) Class: 15269K(16000K)->15269K(16000K)
[54.127s][info][gc             ] GC(424) Pause Young (Normal) (G1 Evacuation Pause) 391M->39M(590M) 2.047ms
[54.127s][info][gc,cpu         ] GC(424) User=0.00s Sys=0.00s Real=0.00s
[54.216s][info][gc,start       ] GC(425) Pause Young (Normal) (G1 Evacuation Pause)
[54.216s][info][gc,task        ] GC(425) Using 33 workers of 33 for evacuation
[54.218s][info][gc,phases      ] GC(425)   Pre Evacuate Collection Set: 0.2ms
[54.218s][info][gc,phases      ] GC(425)   Merge Heap Roots: 0.2ms
[54.218s][info][gc,phases      ] GC(425)   Evacuate Collection Set: 0.8ms
[54.218s][info][gc,phases      ] GC(425)   Post Evacuate Collection Set: 0.5ms
[54.218s][info][gc,phases      ] GC(425)   Other: 0.1ms
[54.218s][info][gc,heap        ] GC(425) Eden regions: 352->0(352)
[54.218s][info][gc,heap        ] GC(425) Survivor regions: 2->2(45)
[54.218s][info][gc,heap        ] GC(425) Old regions: 45->45
[54.218s][info][gc,heap        ] GC(425) Archive regions: 0->0
[54.218s][info][gc,heap        ] GC(425) Humongous regions: 0->0
[54.218s][info][gc,metaspace   ] GC(425) Metaspace: 73894K(74944K)->73894K(74944K) NonClass: 58625K(58944K)->58625K(58944K) Class: 15269K(16000K)->15269K(16000K)
[54.218s][info][gc             ] GC(425) Pause Young (Normal) (G1 Evacuation Pause) 391M->39M(590M) 2.067ms
[54.218s][info][gc,cpu         ] GC(425) User=0.00s Sys=0.00s Real=0.00s
[54.307s][info][gc,start       ] GC(426) Pause Young (Normal) (G1 Evacuation Pause)
[54.307s][info][gc,task        ] GC(426) Using 33 workers of 33 for evacuation
[54.309s][info][gc,phases      ] GC(426)   Pre Evacuate Collection Set: 0.2ms
[54.309s][info][gc,phases      ] GC(426)   Merge Heap Roots: 0.2ms
[54.309s][info][gc,phases      ] GC(426)   Evacuate Collection Set: 0.8ms
[54.309s][info][gc,phases      ] GC(426)   Post Evacuate Collection Set: 0.5ms
[54.309s][info][gc,phases      ] GC(426)   Other: 0.1ms
[54.309s][info][gc,heap        ] GC(426) Eden regions: 352->0(352)
[54.309s][info][gc,heap        ] GC(426) Survivor regions: 2->2(45)
[54.309s][info][gc,heap        ] GC(426) Old regions: 45->45
[54.309s][info][gc,heap        ] GC(426) Archive regions: 0->0
[54.309s][info][gc,heap        ] GC(426) Humongous regions: 0->0
[54.309s][info][gc,metaspace   ] GC(426) Metaspace: 73894K(74944K)->73894K(74944K) NonClass: 58625K(58944K)->58625K(58944K) Class: 15269K(16000K)->15269K(16000K)
[54.309s][info][gc             ] GC(426) Pause Young (Normal) (G1 Evacuation Pause) 391M->39M(590M) 2.039ms
[54.309s][info][gc,cpu         ] GC(426) User=0.00s Sys=0.00s Real=0.00s
[54.398s][info][gc,start       ] GC(427) Pause Young (Normal) (G1 Evacuation Pause)
[54.398s][info][gc,task        ] GC(427) Using 33 workers of 33 for evacuation
[54.400s][info][gc,phases      ] GC(427)   Pre Evacuate Collection Set: 0.2ms
[54.400s][info][gc,phases      ] GC(427)   Merge Heap Roots: 0.2ms
[54.400s][info][gc,phases      ] GC(427)   Evacuate Collection Set: 0.8ms
[54.400s][info][gc,phases      ] GC(427)   Post Evacuate Collection Set: 0.5ms
[54.400s][info][gc,phases      ] GC(427)   Other: 0.1ms
[54.400s][info][gc,heap        ] GC(427) Eden regions: 352->0(352)
[54.400s][info][gc,heap        ] GC(427) Survivor regions: 2->2(45)
[54.400s][info][gc,heap        ] GC(427) Old regions: 45->45
[54.400s][info][gc,heap        ] GC(427) Archive regions: 0->0
[54.400s][info][gc,heap        ] GC(427) Humongous regions: 0->0
[54.400s][info][gc,metaspace   ] GC(427) Metaspace: 73894K(74944K)->73894K(74944K) NonClass: 58625K(58944K)->58625K(58944K) Class: 15269K(16000K)->15269K(16000K)
[54.400s][info][gc             ] GC(427) Pause Young (Normal) (G1 Evacuation Pause) 391M->39M(590M) 2.078ms
[54.400s][info][gc,cpu         ] GC(427) User=0.00s Sys=0.00s Real=0.00s
[54.489s][info][gc,start       ] GC(428) Pause Young (Normal) (G1 Evacuation Pause)
[54.489s][info][gc,task        ] GC(428) Using 33 workers of 33 for evacuation
[54.491s][info][gc,phases      ] GC(428)   Pre Evacuate Collection Set: 0.2ms
[54.491s][info][gc,phases      ] GC(428)   Merge Heap Roots: 0.2ms
[54.491s][info][gc,phases      ] GC(428)   Evacuate Collection Set: 0.9ms
[54.491s][info][gc,phases      ] GC(428)   Post Evacuate Collection Set: 0.5ms
[54.491s][info][gc,phases      ] GC(428)   Other: 0.1ms
[54.491s][info][gc,heap        ] GC(428) Eden regions: 352->0(352)
[54.491s][info][gc,heap        ] GC(428) Survivor regions: 2->2(45)
[54.491s][info][gc,heap        ] GC(428) Old regions: 45->45
[54.491s][info][gc,heap        ] GC(428) Archive regions: 0->0
[54.491s][info][gc,heap        ] GC(428) Humongous regions: 0->0
[54.491s][info][gc,metaspace   ] GC(428) Metaspace: 73894K(74944K)->73894K(74944K) NonClass: 58625K(58944K)->58625K(58944K) Class: 15269K(16000K)->15269K(16000K)
[54.491s][info][gc             ] GC(428) Pause Young (Normal) (G1 Evacuation Pause) 391M->39M(590M) 2.043ms
[54.491s][info][gc,cpu         ] GC(428) User=0.00s Sys=0.00s Real=0.00s
[54.580s][info][gc,start       ] GC(429) Pause Young (Normal) (G1 Evacuation Pause)
[54.580s][info][gc,task        ] GC(429) Using 33 workers of 33 for evacuation
[54.582s][info][gc,phases      ] GC(429)   Pre Evacuate Collection Set: 0.2ms
[54.582s][info][gc,phases      ] GC(429)   Merge Heap Roots: 0.2ms
[54.582s][info][gc,phases      ] GC(429)   Evacuate Collection Set: 0.9ms
[54.582s][info][gc,phases      ] GC(429)   Post Evacuate Collection Set: 0.5ms
[54.582s][info][gc,phases      ] GC(429)   Other: 0.1ms
[54.582s][info][gc,heap        ] GC(429) Eden regions: 352->0(352)
[54.582s][info][gc,heap        ] GC(429) Survivor regions: 2->2(45)
[54.582s][info][gc,heap        ] GC(429) Old regions: 45->45
[54.582s][info][gc,heap        ] GC(429) Archive regions: 0->0
[54.582s][info][gc,heap        ] GC(429) Humongous regions: 0->0
[54.582s][info][gc,metaspace   ] GC(429) Metaspace: 73894K(74944K)->73894K(74944K) NonClass: 58625K(58944K)->58625K(58944K) Class: 15269K(16000K)->15269K(16000K)
[54.582s][info][gc             ] GC(429) Pause Young (Normal) (G1 Evacuation Pause) 391M->39M(590M) 2.082ms
[54.582s][info][gc,cpu         ] GC(429) User=0.00s Sys=0.00s Real=0.00s
[54.670s][info][gc,start       ] GC(430) Pause Young (Normal) (G1 Evacuation Pause)
[54.671s][info][gc,task        ] GC(430) Using 33 workers of 33 for evacuation
[54.672s][info][gc,phases      ] GC(430)   Pre Evacuate Collection Set: 0.2ms
[54.672s][info][gc,phases      ] GC(430)   Merge Heap Roots: 0.2ms
[54.672s][info][gc,phases      ] GC(430)   Evacuate Collection Set: 0.8ms
[54.672s][info][gc,phases      ] GC(430)   Post Evacuate Collection Set: 0.5ms
[54.672s][info][gc,phases      ] GC(430)   Other: 0.1ms
[54.672s][info][gc,heap        ] GC(430) Eden regions: 352->0(352)
[54.672s][info][gc,heap        ] GC(430) Survivor regions: 2->2(45)
[54.672s][info][gc,heap        ] GC(430) Old regions: 45->45
[54.673s][info][gc,heap        ] GC(430) Archive regions: 0->0
[54.673s][info][gc,heap        ] GC(430) Humongous regions: 0->0
[54.673s][info][gc,metaspace   ] GC(430) Metaspace: 73894K(74944K)->73894K(74944K) NonClass: 58625K(58944K)->58625K(58944K) Class: 15269K(16000K)->15269K(16000K)
[54.673s][info][gc             ] GC(430) Pause Young (Normal) (G1 Evacuation Pause) 391M->39M(590M) 2.071ms
[54.673s][info][gc,cpu         ] GC(430) User=0.00s Sys=0.00s Real=0.00s
[54.762s][info][gc,start       ] GC(431) Pause Young (Normal) (G1 Evacuation Pause)
[54.762s][info][gc,task        ] GC(431) Using 33 workers of 33 for evacuation
[54.764s][info][gc,phases      ] GC(431)   Pre Evacuate Collection Set: 0.2ms
[54.764s][info][gc,phases      ] GC(431)   Merge Heap Roots: 0.2ms
[54.764s][info][gc,phases      ] GC(431)   Evacuate Collection Set: 0.8ms
[54.764s][info][gc,phases      ] GC(431)   Post Evacuate Collection Set: 0.5ms
[54.764s][info][gc,phases      ] GC(431)   Other: 0.1ms
[54.764s][info][gc,heap        ] GC(431) Eden regions: 352->0(352)
[54.764s][info][gc,heap        ] GC(431) Survivor regions: 2->2(45)
[54.764s][info][gc,heap        ] GC(431) Old regions: 45->45
[54.764s][info][gc,heap        ] GC(431) Archive regions: 0->0
[54.764s][info][gc,heap        ] GC(431) Humongous regions: 0->0
[54.764s][info][gc,metaspace   ] GC(431) Metaspace: 73894K(74944K)->73894K(74944K) NonClass: 58625K(58944K)->58625K(58944K) Class: 15269K(16000K)->15269K(16000K)
[54.764s][info][gc             ] GC(431) Pause Young (Normal) (G1 Evacuation Pause) 391M->39M(590M) 2.091ms
[54.764s][info][gc,cpu         ] GC(431) User=0.27s Sys=0.00s Real=0.00s
[54.854s][info][gc,start       ] GC(432) Pause Young (Normal) (G1 Evacuation Pause)
[54.854s][info][gc,task        ] GC(432) Using 33 workers of 33 for evacuation
[54.856s][info][gc,phases      ] GC(432)   Pre Evacuate Collection Set: 0.2ms
[54.856s][info][gc,phases      ] GC(432)   Merge Heap Roots: 0.2ms
[54.856s][info][gc,phases      ] GC(432)   Evacuate Collection Set: 0.8ms
[54.856s][info][gc,phases      ] GC(432)   Post Evacuate Collection Set: 0.5ms
[54.856s][info][gc,phases      ] GC(432)   Other: 0.1ms
[54.856s][info][gc,heap        ] GC(432) Eden regions: 352->0(352)
[54.856s][info][gc,heap        ] GC(432) Survivor regions: 2->2(45)
[54.856s][info][gc,heap        ] GC(432) Old regions: 45->45
[54.856s][info][gc,heap        ] GC(432) Archive regions: 0->0
[54.856s][info][gc,heap        ] GC(432) Humongous regions: 0->0
[54.856s][info][gc,metaspace   ] GC(432) Metaspace: 73894K(74944K)->73894K(74944K) NonClass: 58625K(58944K)->58625K(58944K) Class: 15269K(16000K)->15269K(16000K)
[54.856s][info][gc             ] GC(432) Pause Young (Normal) (G1 Evacuation Pause) 391M->39M(590M) 2.045ms
[54.856s][info][gc,cpu         ] GC(432) User=0.00s Sys=0.00s Real=0.00s
[54.945s][info][gc,start       ] GC(433) Pause Young (Normal) (G1 Evacuation Pause)
[54.945s][info][gc,task        ] GC(433) Using 33 workers of 33 for evacuation
[54.947s][info][gc,phases      ] GC(433)   Pre Evacuate Collection Set: 0.2ms
[54.947s][info][gc,phases      ] GC(433)   Merge Heap Roots: 0.2ms
[54.947s][info][gc,phases      ] GC(433)   Evacuate Collection Set: 0.8ms
[54.947s][info][gc,phases      ] GC(433)   Post Evacuate Collection Set: 0.5ms
[54.947s][info][gc,phases      ] GC(433)   Other: 0.2ms
[54.947s][info][gc,heap        ] GC(433) Eden regions: 352->0(352)
[54.947s][info][gc,heap        ] GC(433) Survivor regions: 2->2(45)
[54.947s][info][gc,heap        ] GC(433) Old regions: 45->45
[54.947s][info][gc,heap        ] GC(433) Archive regions: 0->0
[54.947s][info][gc,heap        ] GC(433) Humongous regions: 0->0
[54.947s][info][gc,metaspace   ] GC(433) Metaspace: 73894K(74944K)->73894K(74944K) NonClass: 58625K(58944K)->58625K(58944K) Class: 15269K(16000K)->15269K(16000K)
[54.947s][info][gc             ] GC(433) Pause Young (Normal) (G1 Evacuation Pause) 391M->39M(590M) 2.126ms
[54.948s][info][gc,cpu         ] GC(433) User=0.00s Sys=0.00s Real=0.00s
[55.038s][info][gc,start       ] GC(434) Pause Young (Normal) (G1 Evacuation Pause)
[55.038s][info][gc,task        ] GC(434) Using 33 workers of 33 for evacuation
[55.040s][info][gc,phases      ] GC(434)   Pre Evacuate Collection Set: 0.2ms
[55.040s][info][gc,phases      ] GC(434)   Merge Heap Roots: 0.2ms
[55.040s][info][gc,phases      ] GC(434)   Evacuate Collection Set: 0.8ms
[55.040s][info][gc,phases      ] GC(434)   Post Evacuate Collection Set: 0.5ms
[55.040s][info][gc,phases      ] GC(434)   Other: 0.1ms
[55.040s][info][gc,heap        ] GC(434) Eden regions: 352->0(352)
[55.040s][info][gc,heap        ] GC(434) Survivor regions: 2->2(45)
[55.040s][info][gc,heap        ] GC(434) Old regions: 45->45
[55.040s][info][gc,heap        ] GC(434) Archive regions: 0->0
[55.040s][info][gc,heap        ] GC(434) Humongous regions: 0->0
[55.040s][info][gc,metaspace   ] GC(434) Metaspace: 73910K(74944K)->73910K(74944K) NonClass: 58640K(58944K)->58640K(58944K) Class: 15269K(16000K)->15269K(16000K)
[55.040s][info][gc             ] GC(434) Pause Young (Normal) (G1 Evacuation Pause) 391M->39M(590M) 2.076ms
[55.040s][info][gc,cpu         ] GC(434) User=0.00s Sys=0.00s Real=0.00s
[55.131s][info][gc,start       ] GC(435) Pause Young (Normal) (G1 Evacuation Pause)
[55.131s][info][gc,task        ] GC(435) Using 33 workers of 33 for evacuation
[55.133s][info][gc,phases      ] GC(435)   Pre Evacuate Collection Set: 0.2ms
[55.133s][info][gc,phases      ] GC(435)   Merge Heap Roots: 0.2ms
[55.133s][info][gc,phases      ] GC(435)   Evacuate Collection Set: 0.8ms
[55.133s][info][gc,phases      ] GC(435)   Post Evacuate Collection Set: 0.5ms
[55.133s][info][gc,phases      ] GC(435)   Other: 0.1ms
[55.133s][info][gc,heap        ] GC(435) Eden regions: 352->0(352)
[55.133s][info][gc,heap        ] GC(435) Survivor regions: 2->2(45)
[55.133s][info][gc,heap        ] GC(435) Old regions: 45->45
[55.133s][info][gc,heap        ] GC(435) Archive regions: 0->0
[55.133s][info][gc,heap        ] GC(435) Humongous regions: 0->0
[55.133s][info][gc,metaspace   ] GC(435) Metaspace: 73913K(74944K)->73913K(74944K) NonClass: 58644K(58944K)->58644K(58944K) Class: 15269K(16000K)->15269K(16000K)
[55.133s][info][gc             ] GC(435) Pause Young (Normal) (G1 Evacuation Pause) 391M->39M(590M) 2.026ms
[55.133s][info][gc,cpu         ] GC(435) User=0.00s Sys=0.00s Real=0.00s
[55.226s][info][gc,start       ] GC(436) Pause Young (Normal) (G1 Evacuation Pause)
[55.226s][info][gc,task        ] GC(436) Using 33 workers of 33 for evacuation
[55.228s][info][gc,phases      ] GC(436)   Pre Evacuate Collection Set: 0.2ms
[55.228s][info][gc,phases      ] GC(436)   Merge Heap Roots: 0.2ms
[55.228s][info][gc,phases      ] GC(436)   Evacuate Collection Set: 0.8ms
[55.228s][info][gc,phases      ] GC(436)   Post Evacuate Collection Set: 0.5ms
[55.228s][info][gc,phases      ] GC(436)   Other: 0.1ms
[55.228s][info][gc,heap        ] GC(436) Eden regions: 352->0(352)
[55.228s][info][gc,heap        ] GC(436) Survivor regions: 2->2(45)
[55.228s][info][gc,heap        ] GC(436) Old regions: 45->45
[55.228s][info][gc,heap        ] GC(436) Archive regions: 0->0
[55.228s][info][gc,heap        ] GC(436) Humongous regions: 0->0
[55.228s][info][gc,metaspace   ] GC(436) Metaspace: 73923K(74944K)->73923K(74944K) NonClass: 58654K(58944K)->58654K(58944K) Class: 15269K(16000K)->15269K(16000K)
[55.228s][info][gc             ] GC(436) Pause Young (Normal) (G1 Evacuation Pause) 391M->39M(590M) 1.999ms
[55.228s][info][gc,cpu         ] GC(436) User=0.00s Sys=0.00s Real=0.00s
[55.327s][info][gc,start       ] GC(437) Pause Young (Normal) (G1 Evacuation Pause)
[55.327s][info][gc,task        ] GC(437) Using 33 workers of 33 for evacuation
[55.329s][info][gc,phases      ] GC(437)   Pre Evacuate Collection Set: 0.2ms
[55.329s][info][gc,phases      ] GC(437)   Merge Heap Roots: 0.2ms
[55.329s][info][gc,phases      ] GC(437)   Evacuate Collection Set: 0.8ms
[55.329s][info][gc,phases      ] GC(437)   Post Evacuate Collection Set: 0.6ms
[55.329s][info][gc,phases      ] GC(437)   Other: 0.2ms
[55.329s][info][gc,heap        ] GC(437) Eden regions: 352->0(352)
[55.329s][info][gc,heap        ] GC(437) Survivor regions: 2->2(45)
[55.329s][info][gc,heap        ] GC(437) Old regions: 45->45
[55.329s][info][gc,heap        ] GC(437) Archive regions: 0->0
[55.329s][info][gc,heap        ] GC(437) Humongous regions: 0->0
[55.329s][info][gc,metaspace   ] GC(437) Metaspace: 73952K(75008K)->73952K(75008K) NonClass: 58683K(59008K)->58683K(59008K) Class: 15269K(16000K)->15269K(16000K)
[55.329s][info][gc             ] GC(437) Pause Young (Normal) (G1 Evacuation Pause) 391M->39M(590M) 2.219ms
[55.329s][info][gc,cpu         ] GC(437) User=0.00s Sys=0.00s Real=0.00s
[55.430s][info][gc,start       ] GC(438) Pause Young (Normal) (G1 Evacuation Pause)
[55.430s][info][gc,task        ] GC(438) Using 33 workers of 33 for evacuation
[55.432s][info][gc,phases      ] GC(438)   Pre Evacuate Collection Set: 0.2ms
[55.432s][info][gc,phases      ] GC(438)   Merge Heap Roots: 0.2ms
[55.432s][info][gc,phases      ] GC(438)   Evacuate Collection Set: 0.7ms
[55.432s][info][gc,phases      ] GC(438)   Post Evacuate Collection Set: 0.5ms
[55.432s][info][gc,phases      ] GC(438)   Other: 0.1ms
[55.432s][info][gc,heap        ] GC(438) Eden regions: 352->0(352)
[55.432s][info][gc,heap        ] GC(438) Survivor regions: 2->2(45)
[55.432s][info][gc,heap        ] GC(438) Old regions: 45->45
[55.432s][info][gc,heap        ] GC(438) Archive regions: 0->0
[55.432s][info][gc,heap        ] GC(438) Humongous regions: 0->0
[55.432s][info][gc,metaspace   ] GC(438) Metaspace: 73970K(75008K)->73970K(75008K) NonClass: 58701K(59008K)->58701K(59008K) Class: 15269K(16000K)->15269K(16000K)
[55.432s][info][gc             ] GC(438) Pause Young (Normal) (G1 Evacuation Pause) 391M->39M(590M) 1.980ms
[55.432s][info][gc,cpu         ] GC(438) User=0.00s Sys=0.00s Real=0.00s
[55.553s][info][gc,start       ] GC(439) Pause Young (Normal) (G1 Evacuation Pause)
[55.553s][info][gc,task        ] GC(439) Using 33 workers of 33 for evacuation
[55.555s][info][gc,phases      ] GC(439)   Pre Evacuate Collection Set: 0.2ms
[55.555s][info][gc,phases      ] GC(439)   Merge Heap Roots: 0.2ms
[55.555s][info][gc,phases      ] GC(439)   Evacuate Collection Set: 0.7ms
[55.555s][info][gc,phases      ] GC(439)   Post Evacuate Collection Set: 0.5ms
[55.555s][info][gc,phases      ] GC(439)   Other: 0.1ms
[55.555s][info][gc,heap        ] GC(439) Eden regions: 352->0(352)
[55.555s][info][gc,heap        ] GC(439) Survivor regions: 2->2(45)
[55.555s][info][gc,heap        ] GC(439) Old regions: 45->45
[55.555s][info][gc,heap        ] GC(439) Archive regions: 0->0
[55.555s][info][gc,heap        ] GC(439) Humongous regions: 0->0
[55.555s][info][gc,metaspace   ] GC(439) Metaspace: 73971K(75008K)->73971K(75008K) NonClass: 58702K(59008K)->58702K(59008K) Class: 15269K(16000K)->15269K(16000K)
[55.555s][info][gc             ] GC(439) Pause Young (Normal) (G1 Evacuation Pause) 391M->39M(590M) 1.982ms
[55.555s][info][gc,cpu         ] GC(439) User=0.02s Sys=0.00s Real=0.02s
[55.697s][info][gc,start       ] GC(440) Pause Young (Normal) (G1 Evacuation Pause)
[55.697s][info][gc,task        ] GC(440) Using 33 workers of 33 for evacuation
[55.699s][info][gc,phases      ] GC(440)   Pre Evacuate Collection Set: 0.2ms
[55.699s][info][gc,phases      ] GC(440)   Merge Heap Roots: 0.2ms
[55.699s][info][gc,phases      ] GC(440)   Evacuate Collection Set: 0.7ms
[55.699s][info][gc,phases      ] GC(440)   Post Evacuate Collection Set: 0.6ms
[55.699s][info][gc,phases      ] GC(440)   Other: 0.1ms
[55.699s][info][gc,heap        ] GC(440) Eden regions: 352->0(352)
[55.699s][info][gc,heap        ] GC(440) Survivor regions: 2->2(45)
[55.699s][info][gc,heap        ] GC(440) Old regions: 45->45
[55.699s][info][gc,heap        ] GC(440) Archive regions: 0->0
[55.699s][info][gc,heap        ] GC(440) Humongous regions: 0->0
[55.699s][info][gc,metaspace   ] GC(440) Metaspace: 73971K(75008K)->73971K(75008K) NonClass: 58702K(59008K)->58702K(59008K) Class: 15269K(16000K)->15269K(16000K)
[55.699s][info][gc             ] GC(440) Pause Young (Normal) (G1 Evacuation Pause) 391M->39M(590M) 1.983ms
[55.699s][info][gc,cpu         ] GC(440) User=0.00s Sys=0.00s Real=0.00s
[55.864s][info][gc,start       ] GC(441) Pause Young (Normal) (G1 Evacuation Pause)
[55.864s][info][gc,task        ] GC(441) Using 28 workers of 33 for evacuation
[55.866s][info][gc,phases      ] GC(441)   Pre Evacuate Collection Set: 0.1ms
[55.866s][info][gc,phases      ] GC(441)   Merge Heap Roots: 0.2ms
[55.866s][info][gc,phases      ] GC(441)   Evacuate Collection Set: 0.7ms
[55.866s][info][gc,phases      ] GC(441)   Post Evacuate Collection Set: 0.5ms
[55.866s][info][gc,phases      ] GC(441)   Other: 0.1ms
[55.866s][info][gc,heap        ] GC(441) Eden regions: 352->0(352)
[55.866s][info][gc,heap        ] GC(441) Survivor regions: 2->2(45)
[55.866s][info][gc,heap        ] GC(441) Old regions: 45->45
[55.866s][info][gc,heap        ] GC(441) Archive regions: 0->0
[55.866s][info][gc,heap        ] GC(441) Humongous regions: 0->0
[55.866s][info][gc,metaspace   ] GC(441) Metaspace: 73971K(75008K)->73971K(75008K) NonClass: 58702K(59008K)->58702K(59008K) Class: 15269K(16000K)->15269K(16000K)
[55.866s][info][gc             ] GC(441) Pause Young (Normal) (G1 Evacuation Pause) 391M->39M(590M) 1.837ms
[55.866s][info][gc,cpu         ] GC(441) User=0.00s Sys=0.00s Real=0.00s
[56.062s][info][gc,start       ] GC(442) Pause Young (Normal) (G1 Evacuation Pause)
[56.062s][info][gc,task        ] GC(442) Using 25 workers of 33 for evacuation
[56.064s][info][gc,phases      ] GC(442)   Pre Evacuate Collection Set: 0.1ms
[56.064s][info][gc,phases      ] GC(442)   Merge Heap Roots: 0.1ms
[56.064s][info][gc,phases      ] GC(442)   Evacuate Collection Set: 0.6ms
[56.064s][info][gc,phases      ] GC(442)   Post Evacuate Collection Set: 0.5ms
[56.064s][info][gc,phases      ] GC(442)   Other: 0.1ms
[56.064s][info][gc,heap        ] GC(442) Eden regions: 352->0(352)
[56.064s][info][gc,heap        ] GC(442) Survivor regions: 2->2(45)
[56.064s][info][gc,heap        ] GC(442) Old regions: 45->45
[56.064s][info][gc,heap        ] GC(442) Archive regions: 0->0
[56.064s][info][gc,heap        ] GC(442) Humongous regions: 0->0
[56.064s][info][gc,metaspace   ] GC(442) Metaspace: 73971K(75008K)->73971K(75008K) NonClass: 58702K(59008K)->58702K(59008K) Class: 15269K(16000K)->15269K(16000K)
[56.064s][info][gc             ] GC(442) Pause Young (Normal) (G1 Evacuation Pause) 391M->39M(590M) 1.644ms
[56.064s][info][gc,cpu         ] GC(442) User=0.00s Sys=0.00s Real=0.00s
[56.270s][info][gc,start       ] GC(443) Pause Young (Normal) (G1 Evacuation Pause)
[56.270s][info][gc,task        ] GC(443) Using 23 workers of 33 for evacuation
[56.271s][info][gc,phases      ] GC(443)   Pre Evacuate Collection Set: 0.1ms
[56.271s][info][gc,phases      ] GC(443)   Merge Heap Roots: 0.1ms
[56.271s][info][gc,phases      ] GC(443)   Evacuate Collection Set: 0.5ms
[56.271s][info][gc,phases      ] GC(443)   Post Evacuate Collection Set: 0.4ms
[56.271s][info][gc,phases      ] GC(443)   Other: 0.1ms
[56.271s][info][gc,heap        ] GC(443) Eden regions: 352->0(352)
[56.271s][info][gc,heap        ] GC(443) Survivor regions: 2->2(45)
[56.271s][info][gc,heap        ] GC(443) Old regions: 45->45
[56.271s][info][gc,heap        ] GC(443) Archive regions: 0->0
[56.271s][info][gc,heap        ] GC(443) Humongous regions: 0->0
[56.271s][info][gc,metaspace   ] GC(443) Metaspace: 73971K(75008K)->73971K(75008K) NonClass: 58702K(59008K)->58702K(59008K) Class: 15269K(16000K)->15269K(16000K)
[56.271s][info][gc             ] GC(443) Pause Young (Normal) (G1 Evacuation Pause) 391M->39M(590M) 1.486ms
[56.271s][info][gc,cpu         ] GC(443) User=0.00s Sys=0.00s Real=0.00s
[56.477s][info][gc,start       ] GC(444) Pause Young (Normal) (G1 Evacuation Pause)
[56.477s][info][gc,task        ] GC(444) Using 22 workers of 33 for evacuation
[56.479s][info][gc,phases      ] GC(444)   Pre Evacuate Collection Set: 0.1ms
[56.479s][info][gc,phases      ] GC(444)   Merge Heap Roots: 0.1ms
[56.479s][info][gc,phases      ] GC(444)   Evacuate Collection Set: 0.5ms
[56.479s][info][gc,phases      ] GC(444)   Post Evacuate Collection Set: 0.4ms
[56.479s][info][gc,phases      ] GC(444)   Other: 0.1ms
[56.479s][info][gc,heap        ] GC(444) Eden regions: 352->0(352)
[56.479s][info][gc,heap        ] GC(444) Survivor regions: 2->2(45)
[56.479s][info][gc,heap        ] GC(444) Old regions: 45->45
[56.479s][info][gc,heap        ] GC(444) Archive regions: 0->0
[56.479s][info][gc,heap        ] GC(444) Humongous regions: 0->0
[56.479s][info][gc,metaspace   ] GC(444) Metaspace: 73971K(75008K)->73971K(75008K) NonClass: 58702K(59008K)->58702K(59008K) Class: 15269K(16000K)->15269K(16000K)
[56.479s][info][gc             ] GC(444) Pause Young (Normal) (G1 Evacuation Pause) 391M->39M(590M) 1.483ms
[56.479s][info][gc,cpu         ] GC(444) User=0.00s Sys=0.00s Real=0.00s
[56.684s][info][gc,start       ] GC(445) Pause Young (Normal) (G1 Evacuation Pause)
[56.684s][info][gc,task        ] GC(445) Using 22 workers of 33 for evacuation
[56.686s][info][gc,phases      ] GC(445)   Pre Evacuate Collection Set: 0.1ms
[56.686s][info][gc,phases      ] GC(445)   Merge Heap Roots: 0.1ms
[56.686s][info][gc,phases      ] GC(445)   Evacuate Collection Set: 0.5ms
[56.686s][info][gc,phases      ] GC(445)   Post Evacuate Collection Set: 0.4ms
[56.686s][info][gc,phases      ] GC(445)   Other: 0.1ms
[56.686s][info][gc,heap        ] GC(445) Eden regions: 352->0(352)
[56.686s][info][gc,heap        ] GC(445) Survivor regions: 2->2(45)
[56.686s][info][gc,heap        ] GC(445) Old regions: 45->45
[56.686s][info][gc,heap        ] GC(445) Archive regions: 0->0
[56.686s][info][gc,heap        ] GC(445) Humongous regions: 0->0
[56.686s][info][gc,metaspace   ] GC(445) Metaspace: 73971K(75008K)->73971K(75008K) NonClass: 58702K(59008K)->58702K(59008K) Class: 15269K(16000K)->15269K(16000K)
[56.686s][info][gc             ] GC(445) Pause Young (Normal) (G1 Evacuation Pause) 391M->39M(590M) 1.467ms
[56.686s][info][gc,cpu         ] GC(445) User=0.00s Sys=0.00s Real=0.00s
[56.891s][info][gc,start       ] GC(446) Pause Young (Normal) (G1 Evacuation Pause)
[56.891s][info][gc,task        ] GC(446) Using 22 workers of 33 for evacuation
[56.892s][info][gc,phases      ] GC(446)   Pre Evacuate Collection Set: 0.1ms
[56.892s][info][gc,phases      ] GC(446)   Merge Heap Roots: 0.1ms
[56.892s][info][gc,phases      ] GC(446)   Evacuate Collection Set: 0.5ms
[56.892s][info][gc,phases      ] GC(446)   Post Evacuate Collection Set: 0.3ms
[56.892s][info][gc,phases      ] GC(446)   Other: 0.1ms
[56.892s][info][gc,heap        ] GC(446) Eden regions: 352->0(352)
[56.892s][info][gc,heap        ] GC(446) Survivor regions: 2->2(45)
[56.892s][info][gc,heap        ] GC(446) Old regions: 45->45
[56.892s][info][gc,heap        ] GC(446) Archive regions: 0->0
[56.892s][info][gc,heap        ] GC(446) Humongous regions: 0->0
[56.893s][info][gc,metaspace   ] GC(446) Metaspace: 73971K(75008K)->73971K(75008K) NonClass: 58702K(59008K)->58702K(59008K) Class: 15269K(16000K)->15269K(16000K)
[56.893s][info][gc             ] GC(446) Pause Young (Normal) (G1 Evacuation Pause) 391M->39M(590M) 1.429ms
[56.893s][info][gc,cpu         ] GC(446) User=0.00s Sys=0.00s Real=0.00s
[57.122s][info][gc,start       ] GC(447) Pause Full (System.gc())
[57.123s][info][gc,task        ] GC(447) Using 18 workers of 33 for full compaction
[57.123s][info][gc,phases,start] GC(447) Phase 1: Mark live objects
[57.141s][info][gc,phases      ] GC(447) Phase 1: Mark live objects 17.756ms
[57.141s][info][gc,phases,start] GC(447) Phase 2: Prepare compaction
[57.143s][info][gc,phases      ] GC(447) Phase 2: Prepare compaction 1.844ms
[57.143s][info][gc,phases,start] GC(447) Phase 3: Adjust pointers
[57.150s][info][gc,phases      ] GC(447) Phase 3: Adjust pointers 6.989ms
[57.150s][info][gc,phases,start] GC(447) Phase 4: Compact heap
[57.150s][info][gc,phases      ] GC(447) Phase 4: Compact heap 0.640ms
[57.157s][info][gc,heap        ] GC(447) Eden regions: 327->0(88)
[57.157s][info][gc,heap        ] GC(447) Survivor regions: 2->0(45)
[57.157s][info][gc,heap        ] GC(447) Old regions: 45->44
[57.157s][info][gc,heap        ] GC(447) Archive regions: 0->0
[57.157s][info][gc,heap        ] GC(447) Humongous regions: 0->0
[57.157s][info][gc,metaspace   ] GC(447) Metaspace: 73980K(75072K)->73980K(75072K) NonClass: 58711K(59072K)->58711K(59072K) Class: 15269K(16000K)->15269K(16000K)
[57.157s][info][gc             ] GC(447) Pause Full (System.gc()) 365M->35M(147M) 34.452ms
[57.157s][info][gc,cpu         ] GC(447) User=0.30s Sys=0.00s Real=0.03s
[57.207s][info][gc,start       ] GC(448) Pause Young (Concurrent Start) (G1 Evacuation Pause)
[57.207s][info][gc,task        ] GC(448) Using 33 workers of 33 for evacuation
[57.209s][info][gc,phases      ] GC(448)   Pre Evacuate Collection Set: 0.3ms
[57.209s][info][gc,phases      ] GC(448)   Merge Heap Roots: 0.2ms
[57.209s][info][gc,phases      ] GC(448)   Evacuate Collection Set: 1.3ms
[57.209s][info][gc,phases      ] GC(448)   Post Evacuate Collection Set: 0.6ms
[57.209s][info][gc,phases      ] GC(448)   Other: 0.1ms
[57.209s][info][gc,heap        ] GC(448) Eden regions: 88->0(84)
[57.209s][info][gc,heap        ] GC(448) Survivor regions: 0->4(11)
[57.209s][info][gc,heap        ] GC(448) Old regions: 44->44
[57.209s][info][gc,heap        ] GC(448) Archive regions: 0->0
[57.209s][info][gc,heap        ] GC(448) Humongous regions: 0->0
[57.209s][info][gc,metaspace   ] GC(448) Metaspace: 74037K(75072K)->74037K(75072K) NonClass: 58767K(59072K)->58767K(59072K) Class: 15269K(16000K)->15269K(16000K)
[57.209s][info][gc             ] GC(448) Pause Young (Concurrent Start) (G1 Evacuation Pause) 123M->38M(147M) 2.735ms
[57.209s][info][gc             ] GC(449) Concurrent Mark Cycle
[57.209s][info][gc,cpu         ] GC(448) User=0.00s Sys=0.00s Real=0.00s
[57.209s][info][gc,marking     ] GC(449) Concurrent Scan Root Regions
[57.214s][info][gc,marking     ] GC(449) Concurrent Scan Root Regions 4.117ms
[57.214s][info][gc,marking     ] GC(449) Concurrent Mark
[57.214s][info][gc,marking     ] GC(449) Concurrent Mark From Roots
[57.214s][info][gc,task        ] GC(449) Using 8 workers of 8 for marking
[57.224s][info][gc,marking     ] GC(449) Concurrent Mark From Roots 10.103ms
[57.224s][info][gc,marking     ] GC(449) Concurrent Preclean
[57.224s][info][gc,marking     ] GC(449) Concurrent Preclean 0.159ms
[57.224s][info][gc,start       ] GC(449) Pause Remark
[57.226s][info][gc             ] GC(449) Pause Remark 83M->83M(155M) 2.135ms
[57.226s][info][gc,cpu         ] GC(449) User=0.00s Sys=0.00s Real=0.00s
[57.227s][info][gc,marking     ] GC(449) Concurrent Mark 13.402ms
[57.227s][info][gc,marking     ] GC(449) Concurrent Rebuild Remembered Sets and Scrub Regions
[57.232s][info][gc,marking     ] GC(449) Concurrent Rebuild Remembered Sets and Scrub Regions 5.153ms
[57.232s][info][gc,start       ] GC(449) Pause Cleanup
[57.233s][info][gc             ] GC(449) Pause Cleanup 100M->100M(155M) 0.129ms
[57.233s][info][gc,cpu         ] GC(449) User=0.00s Sys=0.00s Real=0.00s
[57.233s][info][gc,marking     ] GC(449) Concurrent Clear Claimed Marks
[57.233s][info][gc,marking     ] GC(449) Concurrent Clear Claimed Marks 0.082ms
[57.233s][info][gc,marking     ] GC(449) Concurrent Cleanup for Next Mark
[57.233s][info][gc,marking     ] GC(449) Concurrent Cleanup for Next Mark 0.284ms
[57.233s][info][gc             ] GC(449) Concurrent Mark Cycle 24.014ms
[57.239s][info][gc,start       ] GC(450) Pause Young (Prepare Mixed) (G1 Evacuation Pause)
[57.239s][info][gc,task        ] GC(450) Using 33 workers of 33 for evacuation
[57.241s][info][gc,phases      ] GC(450)   Pre Evacuate Collection Set: 0.2ms
[57.241s][info][gc,phases      ] GC(450)   Merge Heap Roots: 0.2ms
[57.241s][info][gc,phases      ] GC(450)   Evacuate Collection Set: 1.1ms
[57.241s][info][gc,phases      ] GC(450)   Post Evacuate Collection Set: 0.6ms
[57.241s][info][gc,phases      ] GC(450)   Other: 0.1ms
[57.241s][info][gc,heap        ] GC(450) Eden regions: 84->0(89)
[57.241s][info][gc,heap        ] GC(450) Survivor regions: 4->4(11)
[57.241s][info][gc,heap        ] GC(450) Old regions: 44->44
[57.241s][info][gc,heap        ] GC(450) Archive regions: 0->0
[57.241s][info][gc,heap        ] GC(450) Humongous regions: 0->0
[57.241s][info][gc,metaspace   ] GC(450) Metaspace: 74038K(75072K)->74038K(75072K) NonClass: 58769K(59072K)->58769K(59072K) Class: 15269K(16000K)->15269K(16000K)
[57.241s][info][gc             ] GC(450) Pause Young (Prepare Mixed) (G1 Evacuation Pause) 122M->39M(155M) 2.334ms
[57.241s][info][gc,cpu         ] GC(450) User=0.00s Sys=0.00s Real=0.00s
[57.264s][info][gc,start       ] GC(451) Pause Young (Mixed) (G1 Evacuation Pause)
[57.264s][info][gc,task        ] GC(451) Using 33 workers of 33 for evacuation
[57.266s][info][gc,phases      ] GC(451)   Pre Evacuate Collection Set: 0.2ms
[57.267s][info][gc,phases      ] GC(451)   Merge Heap Roots: 0.1ms
[57.267s][info][gc,phases      ] GC(451)   Evacuate Collection Set: 1.2ms
[57.267s][info][gc,phases      ] GC(451)   Post Evacuate Collection Set: 0.6ms
[57.267s][info][gc,phases      ] GC(451)   Other: 0.1ms
[57.267s][info][gc,heap        ] GC(451) Eden regions: 89->0(89)
[57.267s][info][gc,heap        ] GC(451) Survivor regions: 4->4(12)
[57.267s][info][gc,heap        ] GC(451) Old regions: 44->43
[57.267s][info][gc,heap        ] GC(451) Archive regions: 0->0
[57.267s][info][gc,heap        ] GC(451) Humongous regions: 0->0
[57.267s][info][gc,metaspace   ] GC(451) Metaspace: 74038K(75072K)->74038K(75072K) NonClass: 58769K(59072K)->58769K(59072K) Class: 15269K(16000K)->15269K(16000K)
[57.267s][info][gc             ] GC(451) Pause Young (Mixed) (G1 Evacuation Pause) 128M->39M(155M) 2.397ms
[57.267s][info][gc,cpu         ] GC(451) User=0.00s Sys=0.00s Real=0.00s
[57.294s][info][gc,start       ] GC(452) Pause Young (Normal) (G1 Evacuation Pause)
[57.294s][info][gc,task        ] GC(452) Using 33 workers of 33 for evacuation
[57.296s][info][gc,phases      ] GC(452)   Pre Evacuate Collection Set: 0.2ms
[57.296s][info][gc,phases      ] GC(452)   Merge Heap Roots: 0.1ms
[57.296s][info][gc,phases      ] GC(452)   Evacuate Collection Set: 1.1ms
[57.296s][info][gc,phases      ] GC(452)   Post Evacuate Collection Set: 0.6ms
[57.296s][info][gc,phases      ] GC(452)   Other: 0.1ms
[57.296s][info][gc,heap        ] GC(452) Eden regions: 89->0(89)
[57.296s][info][gc,heap        ] GC(452) Survivor regions: 4->4(12)
[57.296s][info][gc,heap        ] GC(452) Old regions: 43->43
[57.296s][info][gc,heap        ] GC(452) Archive regions: 0->0
[57.296s][info][gc,heap        ] GC(452) Humongous regions: 0->0
[57.296s][info][gc,metaspace   ] GC(452) Metaspace: 74038K(75072K)->74038K(75072K) NonClass: 58769K(59072K)->58769K(59072K) Class: 15269K(16000K)->15269K(16000K)
[57.296s][info][gc             ] GC(452) Pause Young (Normal) (G1 Evacuation Pause) 128M->39M(155M) 2.367ms
[57.296s][info][gc,cpu         ] GC(452) User=0.00s Sys=0.00s Real=0.00s
[57.325s][info][gc,start       ] GC(453) Pause Young (Normal) (G1 Evacuation Pause)
[57.325s][info][gc,task        ] GC(453) Using 33 workers of 33 for evacuation
[57.330s][info][gc,phases      ] GC(453)   Pre Evacuate Collection Set: 0.2ms
[57.330s][info][gc,phases      ] GC(453)   Merge Heap Roots: 0.2ms
[57.330s][info][gc,phases      ] GC(453)   Evacuate Collection Set: 1.2ms
[57.330s][info][gc,phases      ] GC(453)   Post Evacuate Collection Set: 3.1ms
[57.330s][info][gc,phases      ] GC(453)   Other: 0.1ms
[57.330s][info][gc,heap        ] GC(453) Eden regions: 89->0(350)
[57.330s][info][gc,heap        ] GC(453) Survivor regions: 4->4(12)
[57.330s][info][gc,heap        ] GC(453) Old regions: 43->43
[57.330s][info][gc,heap        ] GC(453) Archive regions: 0->0
[57.330s][info][gc,heap        ] GC(453) Humongous regions: 0->0
[57.330s][info][gc,metaspace   ] GC(453) Metaspace: 74038K(75072K)->74038K(75072K) NonClass: 58769K(59072K)->58769K(59072K) Class: 15269K(16000K)->15269K(16000K)
[57.330s][info][gc             ] GC(453) Pause Young (Normal) (G1 Evacuation Pause) 128M->39M(590M) 4.912ms
[57.330s][info][gc,cpu         ] GC(453) User=0.00s Sys=0.00s Real=0.00s
[57.535s][info][gc,start       ] GC(454) Pause Young (Normal) (G1 Evacuation Pause)
[57.535s][info][gc,task        ] GC(454) Using 33 workers of 33 for evacuation
[57.538s][info][gc,phases      ] GC(454)   Pre Evacuate Collection Set: 0.2ms
[57.538s][info][gc,phases      ] GC(454)   Merge Heap Roots: 0.2ms
[57.538s][info][gc,phases      ] GC(454)   Evacuate Collection Set: 2.6ms
[57.538s][info][gc,phases      ] GC(454)   Post Evacuate Collection Set: 0.7ms
[57.539s][info][gc,phases      ] GC(454)   Other: 0.1ms
[57.539s][info][gc,heap        ] GC(454) Eden regions: 350->0(350)
[57.539s][info][gc,heap        ] GC(454) Survivor regions: 4->4(45)
[57.539s][info][gc,heap        ] GC(454) Old regions: 43->43
[57.539s][info][gc,heap        ] GC(454) Archive regions: 0->0
[57.539s][info][gc,heap        ] GC(454) Humongous regions: 0->0
[57.539s][info][gc,metaspace   ] GC(454) Metaspace: 74038K(75072K)->74038K(75072K) NonClass: 58769K(59072K)->58769K(59072K) Class: 15269K(16000K)->15269K(16000K)
[57.539s][info][gc             ] GC(454) Pause Young (Normal) (G1 Evacuation Pause) 389M->39M(590M) 4.021ms
[57.539s][info][gc,cpu         ] GC(454) User=0.00s Sys=0.00s Real=0.00s
[57.627s][info][gc,start       ] GC(455) Pause Young (Normal) (G1 Evacuation Pause)
[57.627s][info][gc,task        ] GC(455) Using 33 workers of 33 for evacuation
[57.631s][info][gc,phases      ] GC(455)   Pre Evacuate Collection Set: 0.2ms
[57.631s][info][gc,phases      ] GC(455)   Merge Heap Roots: 0.2ms
[57.631s][info][gc,phases      ] GC(455)   Evacuate Collection Set: 2.9ms
[57.631s][info][gc,phases      ] GC(455)   Post Evacuate Collection Set: 0.7ms
[57.631s][info][gc,phases      ] GC(455)   Other: 0.1ms
[57.631s][info][gc,heap        ] GC(455) Eden regions: 350->0(350)
[57.631s][info][gc,heap        ] GC(455) Survivor regions: 4->4(45)
[57.631s][info][gc,heap        ] GC(455) Old regions: 43->43
[57.631s][info][gc,heap        ] GC(455) Archive regions: 0->0
[57.631s][info][gc,heap        ] GC(455) Humongous regions: 0->0
[57.631s][info][gc,metaspace   ] GC(455) Metaspace: 74038K(75072K)->74038K(75072K) NonClass: 58769K(59072K)->58769K(59072K) Class: 15269K(16000K)->15269K(16000K)
[57.631s][info][gc             ] GC(455) Pause Young (Normal) (G1 Evacuation Pause) 389M->39M(590M) 4.352ms
[57.631s][info][gc,cpu         ] GC(455) User=0.00s Sys=0.00s Real=0.00s
[57.719s][info][gc,start       ] GC(456) Pause Young (Normal) (G1 Evacuation Pause)
[57.719s][info][gc,task        ] GC(456) Using 33 workers of 33 for evacuation
[57.721s][info][gc,phases      ] GC(456)   Pre Evacuate Collection Set: 0.2ms
[57.721s][info][gc,phases      ] GC(456)   Merge Heap Roots: 0.2ms
[57.721s][info][gc,phases      ] GC(456)   Evacuate Collection Set: 1.1ms
[57.721s][info][gc,phases      ] GC(456)   Post Evacuate Collection Set: 0.7ms
[57.721s][info][gc,phases      ] GC(456)   Other: 0.1ms
[57.721s][info][gc,heap        ] GC(456) Eden regions: 350->0(350)
[57.721s][info][gc,heap        ] GC(456) Survivor regions: 4->4(45)
[57.721s][info][gc,heap        ] GC(456) Old regions: 43->43
[57.721s][info][gc,heap        ] GC(456) Archive regions: 0->0
[57.721s][info][gc,heap        ] GC(456) Humongous regions: 0->0
[57.721s][info][gc,metaspace   ] GC(456) Metaspace: 74038K(75072K)->74038K(75072K) NonClass: 58769K(59072K)->58769K(59072K) Class: 15269K(16000K)->15269K(16000K)
[57.721s][info][gc             ] GC(456) Pause Young (Normal) (G1 Evacuation Pause) 389M->39M(590M) 2.574ms
[57.721s][info][gc,cpu         ] GC(456) User=0.00s Sys=0.00s Real=0.00s
[57.809s][info][gc,start       ] GC(457) Pause Young (Normal) (G1 Evacuation Pause)
[57.809s][info][gc,task        ] GC(457) Using 33 workers of 33 for evacuation
[57.811s][info][gc,phases      ] GC(457)   Pre Evacuate Collection Set: 0.2ms
[57.812s][info][gc,phases      ] GC(457)   Merge Heap Roots: 0.2ms
[57.812s][info][gc,phases      ] GC(457)   Evacuate Collection Set: 1.1ms
[57.812s][info][gc,phases      ] GC(457)   Post Evacuate Collection Set: 0.7ms
[57.812s][info][gc,phases      ] GC(457)   Other: 0.1ms
[57.812s][info][gc,heap        ] GC(457) Eden regions: 350->0(350)
[57.812s][info][gc,heap        ] GC(457) Survivor regions: 4->4(45)
[57.812s][info][gc,heap        ] GC(457) Old regions: 43->43
[57.812s][info][gc,heap        ] GC(457) Archive regions: 0->0
[57.812s][info][gc,heap        ] GC(457) Humongous regions: 0->0
[57.812s][info][gc,metaspace   ] GC(457) Metaspace: 74038K(75072K)->74038K(75072K) NonClass: 58769K(59072K)->58769K(59072K) Class: 15269K(16000K)->15269K(16000K)
[57.812s][info][gc             ] GC(457) Pause Young (Normal) (G1 Evacuation Pause) 389M->39M(590M) 2.546ms
[57.812s][info][gc,cpu         ] GC(457) User=0.00s Sys=0.02s Real=0.00s
[57.903s][info][gc,start       ] GC(458) Pause Young (Normal) (G1 Evacuation Pause)
[57.903s][info][gc,task        ] GC(458) Using 33 workers of 33 for evacuation
[57.906s][info][gc,phases      ] GC(458)   Pre Evacuate Collection Set: 0.2ms
[57.906s][info][gc,phases      ] GC(458)   Merge Heap Roots: 0.2ms
[57.906s][info][gc,phases      ] GC(458)   Evacuate Collection Set: 1.2ms
[57.906s][info][gc,phases      ] GC(458)   Post Evacuate Collection Set: 0.6ms
[57.906s][info][gc,phases      ] GC(458)   Other: 0.1ms
[57.906s][info][gc,heap        ] GC(458) Eden regions: 350->0(350)
[57.906s][info][gc,heap        ] GC(458) Survivor regions: 4->4(45)
[57.906s][info][gc,heap        ] GC(458) Old regions: 43->43
[57.906s][info][gc,heap        ] GC(458) Archive regions: 0->0
[57.906s][info][gc,heap        ] GC(458) Humongous regions: 0->0
[57.906s][info][gc,metaspace   ] GC(458) Metaspace: 74038K(75072K)->74038K(75072K) NonClass: 58769K(59072K)->58769K(59072K) Class: 15269K(16000K)->15269K(16000K)
[57.906s][info][gc             ] GC(458) Pause Young (Normal) (G1 Evacuation Pause) 389M->39M(590M) 2.557ms
[57.906s][info][gc,cpu         ] GC(458) User=0.00s Sys=0.00s Real=0.00s
[57.994s][info][gc,start       ] GC(459) Pause Young (Normal) (G1 Evacuation Pause)
[57.994s][info][gc,task        ] GC(459) Using 33 workers of 33 for evacuation
[57.996s][info][gc,phases      ] GC(459)   Pre Evacuate Collection Set: 0.2ms
[57.996s][info][gc,phases      ] GC(459)   Merge Heap Roots: 0.2ms
[57.996s][info][gc,phases      ] GC(459)   Evacuate Collection Set: 1.3ms
[57.996s][info][gc,phases      ] GC(459)   Post Evacuate Collection Set: 0.7ms
[57.996s][info][gc,phases      ] GC(459)   Other: 0.1ms
[57.996s][info][gc,heap        ] GC(459) Eden regions: 350->0(350)
[57.997s][info][gc,heap        ] GC(459) Survivor regions: 4->4(45)
[57.997s][info][gc,heap        ] GC(459) Old regions: 43->43
[57.997s][info][gc,heap        ] GC(459) Archive regions: 0->0
[57.997s][info][gc,heap        ] GC(459) Humongous regions: 0->0
[57.997s][info][gc,metaspace   ] GC(459) Metaspace: 74038K(75072K)->74038K(75072K) NonClass: 58769K(59072K)->58769K(59072K) Class: 15269K(16000K)->15269K(16000K)
[57.997s][info][gc             ] GC(459) Pause Young (Normal) (G1 Evacuation Pause) 389M->39M(590M) 2.720ms
[57.997s][info][gc,cpu         ] GC(459) User=0.00s Sys=0.02s Real=0.00s
[58.084s][info][gc,start       ] GC(460) Pause Young (Normal) (G1 Evacuation Pause)
[58.084s][info][gc,task        ] GC(460) Using 33 workers of 33 for evacuation
[58.087s][info][gc,phases      ] GC(460)   Pre Evacuate Collection Set: 0.2ms
[58.087s][info][gc,phases      ] GC(460)   Merge Heap Roots: 0.2ms
[58.087s][info][gc,phases      ] GC(460)   Evacuate Collection Set: 1.2ms
[58.087s][info][gc,phases      ] GC(460)   Post Evacuate Collection Set: 0.7ms
[58.087s][info][gc,phases      ] GC(460)   Other: 0.1ms
[58.087s][info][gc,heap        ] GC(460) Eden regions: 350->0(350)
[58.087s][info][gc,heap        ] GC(460) Survivor regions: 4->4(45)
[58.087s][info][gc,heap        ] GC(460) Old regions: 43->43
[58.087s][info][gc,heap        ] GC(460) Archive regions: 0->0
[58.087s][info][gc,heap        ] GC(460) Humongous regions: 0->0
[58.087s][info][gc,metaspace   ] GC(460) Metaspace: 74038K(75072K)->74038K(75072K) NonClass: 58769K(59072K)->58769K(59072K) Class: 15269K(16000K)->15269K(16000K)
[58.087s][info][gc             ] GC(460) Pause Young (Normal) (G1 Evacuation Pause) 389M->39M(590M) 2.600ms
[58.087s][info][gc,cpu         ] GC(460) User=0.00s Sys=0.00s Real=0.00s
[58.175s][info][gc,start       ] GC(461) Pause Young (Normal) (G1 Evacuation Pause)
[58.175s][info][gc,task        ] GC(461) Using 33 workers of 33 for evacuation
[58.177s][info][gc,phases      ] GC(461)   Pre Evacuate Collection Set: 0.2ms
[58.177s][info][gc,phases      ] GC(461)   Merge Heap Roots: 0.2ms
[58.177s][info][gc,phases      ] GC(461)   Evacuate Collection Set: 1.3ms
[58.177s][info][gc,phases      ] GC(461)   Post Evacuate Collection Set: 0.7ms
[58.177s][info][gc,phases      ] GC(461)   Other: 0.1ms
[58.177s][info][gc,heap        ] GC(461) Eden regions: 350->0(350)
[58.177s][info][gc,heap        ] GC(461) Survivor regions: 4->4(45)
[58.177s][info][gc,heap        ] GC(461) Old regions: 43->43
[58.177s][info][gc,heap        ] GC(461) Archive regions: 0->0
[58.177s][info][gc,heap        ] GC(461) Humongous regions: 0->0
[58.177s][info][gc,metaspace   ] GC(461) Metaspace: 74038K(75072K)->74038K(75072K) NonClass: 58769K(59072K)->58769K(59072K) Class: 15269K(16000K)->15269K(16000K)
[58.177s][info][gc             ] GC(461) Pause Young (Normal) (G1 Evacuation Pause) 389M->39M(590M) 2.704ms
[58.177s][info][gc,cpu         ] GC(461) User=0.00s Sys=0.00s Real=0.00s
[58.265s][info][gc,start       ] GC(462) Pause Young (Normal) (G1 Evacuation Pause)
[58.265s][info][gc,task        ] GC(462) Using 33 workers of 33 for evacuation
[58.268s][info][gc,phases      ] GC(462)   Pre Evacuate Collection Set: 0.2ms
[58.268s][info][gc,phases      ] GC(462)   Merge Heap Roots: 0.2ms
[58.268s][info][gc,phases      ] GC(462)   Evacuate Collection Set: 1.2ms
[58.268s][info][gc,phases      ] GC(462)   Post Evacuate Collection Set: 0.7ms
[58.268s][info][gc,phases      ] GC(462)   Other: 0.1ms
[58.268s][info][gc,heap        ] GC(462) Eden regions: 350->0(350)
[58.268s][info][gc,heap        ] GC(462) Survivor regions: 4->4(45)
[58.268s][info][gc,heap        ] GC(462) Old regions: 43->43
[58.268s][info][gc,heap        ] GC(462) Archive regions: 0->0
[58.268s][info][gc,heap        ] GC(462) Humongous regions: 0->0
[58.268s][info][gc,metaspace   ] GC(462) Metaspace: 74038K(75072K)->74038K(75072K) NonClass: 58769K(59072K)->58769K(59072K) Class: 15269K(16000K)->15269K(16000K)
[58.268s][info][gc             ] GC(462) Pause Young (Normal) (G1 Evacuation Pause) 389M->39M(590M) 2.569ms
[58.268s][info][gc,cpu         ] GC(462) User=0.00s Sys=0.00s Real=0.00s
[58.356s][info][gc,start       ] GC(463) Pause Young (Normal) (G1 Evacuation Pause)
[58.356s][info][gc,task        ] GC(463) Using 33 workers of 33 for evacuation
[58.358s][info][gc,phases      ] GC(463)   Pre Evacuate Collection Set: 0.2ms
[58.358s][info][gc,phases      ] GC(463)   Merge Heap Roots: 0.2ms
[58.358s][info][gc,phases      ] GC(463)   Evacuate Collection Set: 1.1ms
[58.358s][info][gc,phases      ] GC(463)   Post Evacuate Collection Set: 0.7ms
[58.359s][info][gc,phases      ] GC(463)   Other: 0.1ms
[58.359s][info][gc,heap        ] GC(463) Eden regions: 350->0(350)
[58.359s][info][gc,heap        ] GC(463) Survivor regions: 4->4(45)
[58.359s][info][gc,heap        ] GC(463) Old regions: 43->43
[58.359s][info][gc,heap        ] GC(463) Archive regions: 0->0
[58.359s][info][gc,heap        ] GC(463) Humongous regions: 0->0
[58.359s][info][gc,metaspace   ] GC(463) Metaspace: 74038K(75072K)->74038K(75072K) NonClass: 58769K(59072K)->58769K(59072K) Class: 15269K(16000K)->15269K(16000K)
[58.359s][info][gc             ] GC(463) Pause Young (Normal) (G1 Evacuation Pause) 389M->39M(590M) 2.500ms
[58.359s][info][gc,cpu         ] GC(463) User=0.00s Sys=0.00s Real=0.00s
[58.446s][info][gc,start       ] GC(464) Pause Young (Normal) (G1 Evacuation Pause)
[58.446s][info][gc,task        ] GC(464) Using 33 workers of 33 for evacuation
[58.448s][info][gc,phases      ] GC(464)   Pre Evacuate Collection Set: 0.2ms
[58.449s][info][gc,phases      ] GC(464)   Merge Heap Roots: 0.2ms
[58.449s][info][gc,phases      ] GC(464)   Evacuate Collection Set: 1.2ms
[58.449s][info][gc,phases      ] GC(464)   Post Evacuate Collection Set: 0.5ms
[58.449s][info][gc,phases      ] GC(464)   Other: 0.1ms
[58.449s][info][gc,heap        ] GC(464) Eden regions: 350->0(352)
[58.449s][info][gc,heap        ] GC(464) Survivor regions: 4->2(45)
[58.449s][info][gc,heap        ] GC(464) Old regions: 43->45
[58.449s][info][gc,heap        ] GC(464) Archive regions: 0->0
[58.449s][info][gc,heap        ] GC(464) Humongous regions: 0->0
[58.449s][info][gc,metaspace   ] GC(464) Metaspace: 74038K(75072K)->74038K(75072K) NonClass: 58769K(59072K)->58769K(59072K) Class: 15269K(16000K)->15269K(16000K)
[58.449s][info][gc             ] GC(464) Pause Young (Normal) (G1 Evacuation Pause) 389M->39M(590M) 2.427ms
[58.449s][info][gc,cpu         ] GC(464) User=0.00s Sys=0.00s Real=0.00s
[58.537s][info][gc,start       ] GC(465) Pause Young (Normal) (G1 Evacuation Pause)
[58.537s][info][gc,task        ] GC(465) Using 33 workers of 33 for evacuation
[58.539s][info][gc,phases      ] GC(465)   Pre Evacuate Collection Set: 0.2ms
[58.539s][info][gc,phases      ] GC(465)   Merge Heap Roots: 0.2ms
[58.539s][info][gc,phases      ] GC(465)   Evacuate Collection Set: 0.8ms
[58.539s][info][gc,phases      ] GC(465)   Post Evacuate Collection Set: 0.5ms
[58.539s][info][gc,phases      ] GC(465)   Other: 0.1ms
[58.539s][info][gc,heap        ] GC(465) Eden regions: 352->0(352)
[58.539s][info][gc,heap        ] GC(465) Survivor regions: 2->2(45)
[58.539s][info][gc,heap        ] GC(465) Old regions: 45->45
[58.539s][info][gc,heap        ] GC(465) Archive regions: 0->0
[58.539s][info][gc,heap        ] GC(465) Humongous regions: 0->0
[58.539s][info][gc,metaspace   ] GC(465) Metaspace: 74038K(75072K)->74038K(75072K) NonClass: 58769K(59072K)->58769K(59072K) Class: 15269K(16000K)->15269K(16000K)
[58.539s][info][gc             ] GC(465) Pause Young (Normal) (G1 Evacuation Pause) 391M->39M(590M) 2.067ms
[58.539s][info][gc,cpu         ] GC(465) User=0.00s Sys=0.00s Real=0.00s
[58.628s][info][gc,start       ] GC(466) Pause Young (Normal) (G1 Evacuation Pause)
[58.628s][info][gc,task        ] GC(466) Using 33 workers of 33 for evacuation
[58.629s][info][gc,phases      ] GC(466)   Pre Evacuate Collection Set: 0.2ms
[58.629s][info][gc,phases      ] GC(466)   Merge Heap Roots: 0.2ms
[58.629s][info][gc,phases      ] GC(466)   Evacuate Collection Set: 0.8ms
[58.629s][info][gc,phases      ] GC(466)   Post Evacuate Collection Set: 0.5ms
[58.629s][info][gc,phases      ] GC(466)   Other: 0.1ms
[58.629s][info][gc,heap        ] GC(466) Eden regions: 352->0(352)
[58.629s][info][gc,heap        ] GC(466) Survivor regions: 2->2(45)
[58.630s][info][gc,heap        ] GC(466) Old regions: 45->45
[58.630s][info][gc,heap        ] GC(466) Archive regions: 0->0
[58.630s][info][gc,heap        ] GC(466) Humongous regions: 0->0
[58.630s][info][gc,metaspace   ] GC(466) Metaspace: 74038K(75072K)->74038K(75072K) NonClass: 58769K(59072K)->58769K(59072K) Class: 15269K(16000K)->15269K(16000K)
[58.630s][info][gc             ] GC(466) Pause Young (Normal) (G1 Evacuation Pause) 391M->39M(590M) 1.996ms
[58.630s][info][gc,cpu         ] GC(466) User=0.00s Sys=0.00s Real=0.00s
[58.718s][info][gc,start       ] GC(467) Pause Young (Normal) (G1 Evacuation Pause)
[58.718s][info][gc,task        ] GC(467) Using 33 workers of 33 for evacuation
[58.720s][info][gc,phases      ] GC(467)   Pre Evacuate Collection Set: 0.2ms
[58.720s][info][gc,phases      ] GC(467)   Merge Heap Roots: 0.2ms
[58.720s][info][gc,phases      ] GC(467)   Evacuate Collection Set: 0.8ms
[58.720s][info][gc,phases      ] GC(467)   Post Evacuate Collection Set: 0.5ms
[58.720s][info][gc,phases      ] GC(467)   Other: 0.1ms
[58.720s][info][gc,heap        ] GC(467) Eden regions: 352->0(352)
[58.720s][info][gc,heap        ] GC(467) Survivor regions: 2->2(45)
[58.720s][info][gc,heap        ] GC(467) Old regions: 45->45
[58.720s][info][gc,heap        ] GC(467) Archive regions: 0->0
[58.720s][info][gc,heap        ] GC(467) Humongous regions: 0->0
[58.720s][info][gc,metaspace   ] GC(467) Metaspace: 74038K(75072K)->74038K(75072K) NonClass: 58769K(59072K)->58769K(59072K) Class: 15269K(16000K)->15269K(16000K)
[58.720s][info][gc             ] GC(467) Pause Young (Normal) (G1 Evacuation Pause) 391M->39M(590M) 2.108ms
[58.720s][info][gc,cpu         ] GC(467) User=0.00s Sys=0.00s Real=0.00s
[58.809s][info][gc,start       ] GC(468) Pause Young (Normal) (G1 Evacuation Pause)
[58.809s][info][gc,task        ] GC(468) Using 33 workers of 33 for evacuation
[58.810s][info][gc,phases      ] GC(468)   Pre Evacuate Collection Set: 0.2ms
[58.810s][info][gc,phases      ] GC(468)   Merge Heap Roots: 0.2ms
[58.810s][info][gc,phases      ] GC(468)   Evacuate Collection Set: 0.8ms
[58.810s][info][gc,phases      ] GC(468)   Post Evacuate Collection Set: 0.5ms
[58.811s][info][gc,phases      ] GC(468)   Other: 0.1ms
[58.811s][info][gc,heap        ] GC(468) Eden regions: 352->0(352)
[58.811s][info][gc,heap        ] GC(468) Survivor regions: 2->2(45)
[58.811s][info][gc,heap        ] GC(468) Old regions: 45->45
[58.811s][info][gc,heap        ] GC(468) Archive regions: 0->0
[58.811s][info][gc,heap        ] GC(468) Humongous regions: 0->0
[58.811s][info][gc,metaspace   ] GC(468) Metaspace: 74038K(75072K)->74038K(75072K) NonClass: 58769K(59072K)->58769K(59072K) Class: 15269K(16000K)->15269K(16000K)
[58.811s][info][gc             ] GC(468) Pause Young (Normal) (G1 Evacuation Pause) 391M->39M(590M) 2.051ms
[58.811s][info][gc,cpu         ] GC(468) User=0.52s Sys=0.00s Real=0.00s
[58.899s][info][gc,start       ] GC(469) Pause Young (Normal) (G1 Evacuation Pause)
[58.899s][info][gc,task        ] GC(469) Using 33 workers of 33 for evacuation
[58.901s][info][gc,phases      ] GC(469)   Pre Evacuate Collection Set: 0.2ms
[58.901s][info][gc,phases      ] GC(469)   Merge Heap Roots: 0.2ms
[58.901s][info][gc,phases      ] GC(469)   Evacuate Collection Set: 0.9ms
[58.901s][info][gc,phases      ] GC(469)   Post Evacuate Collection Set: 0.5ms
[58.901s][info][gc,phases      ] GC(469)   Other: 0.1ms
[58.901s][info][gc,heap        ] GC(469) Eden regions: 352->0(352)
[58.901s][info][gc,heap        ] GC(469) Survivor regions: 2->2(45)
[58.901s][info][gc,heap        ] GC(469) Old regions: 45->45
[58.901s][info][gc,heap        ] GC(469) Archive regions: 0->0
[58.901s][info][gc,heap        ] GC(469) Humongous regions: 0->0
[58.901s][info][gc,metaspace   ] GC(469) Metaspace: 74038K(75072K)->74038K(75072K) NonClass: 58769K(59072K)->58769K(59072K) Class: 15269K(16000K)->15269K(16000K)
[58.901s][info][gc             ] GC(469) Pause Young (Normal) (G1 Evacuation Pause) 391M->39M(590M) 2.085ms
[58.901s][info][gc,cpu         ] GC(469) User=0.00s Sys=0.00s Real=0.00s
[58.990s][info][gc,start       ] GC(470) Pause Young (Normal) (G1 Evacuation Pause)
[58.990s][info][gc,task        ] GC(470) Using 33 workers of 33 for evacuation
[58.992s][info][gc,phases      ] GC(470)   Pre Evacuate Collection Set: 0.2ms
[58.992s][info][gc,phases      ] GC(470)   Merge Heap Roots: 0.2ms
[58.992s][info][gc,phases      ] GC(470)   Evacuate Collection Set: 0.8ms
[58.992s][info][gc,phases      ] GC(470)   Post Evacuate Collection Set: 0.5ms
[58.992s][info][gc,phases      ] GC(470)   Other: 0.1ms
[58.992s][info][gc,heap        ] GC(470) Eden regions: 352->0(352)
[58.992s][info][gc,heap        ] GC(470) Survivor regions: 2->2(45)
[58.992s][info][gc,heap        ] GC(470) Old regions: 45->45
[58.992s][info][gc,heap        ] GC(470) Archive regions: 0->0
[58.992s][info][gc,heap        ] GC(470) Humongous regions: 0->0
[58.992s][info][gc,metaspace   ] GC(470) Metaspace: 74038K(75072K)->74038K(75072K) NonClass: 58769K(59072K)->58769K(59072K) Class: 15269K(16000K)->15269K(16000K)
[58.992s][info][gc             ] GC(470) Pause Young (Normal) (G1 Evacuation Pause) 391M->39M(590M) 2.018ms
[58.992s][info][gc,cpu         ] GC(470) User=0.00s Sys=0.00s Real=0.00s
[59.081s][info][gc,start       ] GC(471) Pause Young (Normal) (G1 Evacuation Pause)
[59.081s][info][gc,task        ] GC(471) Using 33 workers of 33 for evacuation
[59.083s][info][gc,phases      ] GC(471)   Pre Evacuate Collection Set: 0.2ms
[59.083s][info][gc,phases      ] GC(471)   Merge Heap Roots: 0.2ms
[59.083s][info][gc,phases      ] GC(471)   Evacuate Collection Set: 0.9ms
[59.083s][info][gc,phases      ] GC(471)   Post Evacuate Collection Set: 0.5ms
[59.083s][info][gc,phases      ] GC(471)   Other: 0.1ms
[59.083s][info][gc,heap        ] GC(471) Eden regions: 352->0(352)
[59.083s][info][gc,heap        ] GC(471) Survivor regions: 2->2(45)
[59.083s][info][gc,heap        ] GC(471) Old regions: 45->45
[59.083s][info][gc,heap        ] GC(471) Archive regions: 0->0
[59.083s][info][gc,heap        ] GC(471) Humongous regions: 0->0
[59.083s][info][gc,metaspace   ] GC(471) Metaspace: 74038K(75072K)->74038K(75072K) NonClass: 58769K(59072K)->58769K(59072K) Class: 15269K(16000K)->15269K(16000K)
[59.083s][info][gc             ] GC(471) Pause Young (Normal) (G1 Evacuation Pause) 391M->39M(590M) 2.126ms
[59.083s][info][gc,cpu         ] GC(471) User=0.00s Sys=0.00s Real=0.00s
[59.172s][info][gc,start       ] GC(472) Pause Young (Normal) (G1 Evacuation Pause)
[59.172s][info][gc,task        ] GC(472) Using 33 workers of 33 for evacuation
[59.174s][info][gc,phases      ] GC(472)   Pre Evacuate Collection Set: 0.2ms
[59.174s][info][gc,phases      ] GC(472)   Merge Heap Roots: 0.2ms
[59.174s][info][gc,phases      ] GC(472)   Evacuate Collection Set: 0.8ms
[59.174s][info][gc,phases      ] GC(472)   Post Evacuate Collection Set: 0.5ms
[59.174s][info][gc,phases      ] GC(472)   Other: 0.1ms
[59.174s][info][gc,heap        ] GC(472) Eden regions: 352->0(352)
[59.174s][info][gc,heap        ] GC(472) Survivor regions: 2->2(45)
[59.174s][info][gc,heap        ] GC(472) Old regions: 45->45
[59.174s][info][gc,heap        ] GC(472) Archive regions: 0->0
[59.174s][info][gc,heap        ] GC(472) Humongous regions: 0->0
[59.174s][info][gc,metaspace   ] GC(472) Metaspace: 74038K(75072K)->74038K(75072K) NonClass: 58769K(59072K)->58769K(59072K) Class: 15269K(16000K)->15269K(16000K)
[59.174s][info][gc             ] GC(472) Pause Young (Normal) (G1 Evacuation Pause) 391M->39M(590M) 2.027ms
[59.174s][info][gc,cpu         ] GC(472) User=0.00s Sys=0.00s Real=0.00s
[59.262s][info][gc,start       ] GC(473) Pause Young (Normal) (G1 Evacuation Pause)
[59.262s][info][gc,task        ] GC(473) Using 33 workers of 33 for evacuation
[59.264s][info][gc,phases      ] GC(473)   Pre Evacuate Collection Set: 0.2ms
[59.264s][info][gc,phases      ] GC(473)   Merge Heap Roots: 0.2ms
[59.264s][info][gc,phases      ] GC(473)   Evacuate Collection Set: 0.8ms
[59.264s][info][gc,phases      ] GC(473)   Post Evacuate Collection Set: 0.5ms
[59.264s][info][gc,phases      ] GC(473)   Other: 0.1ms
[59.264s][info][gc,heap        ] GC(473) Eden regions: 352->0(352)
[59.264s][info][gc,heap        ] GC(473) Survivor regions: 2->2(45)
[59.264s][info][gc,heap        ] GC(473) Old regions: 45->45
[59.264s][info][gc,heap        ] GC(473) Archive regions: 0->0
[59.264s][info][gc,heap        ] GC(473) Humongous regions: 0->0
[59.264s][info][gc,metaspace   ] GC(473) Metaspace: 74038K(75072K)->74038K(75072K) NonClass: 58769K(59072K)->58769K(59072K) Class: 15269K(16000K)->15269K(16000K)
[59.264s][info][gc             ] GC(473) Pause Young (Normal) (G1 Evacuation Pause) 391M->39M(590M) 2.051ms
[59.264s][info][gc,cpu         ] GC(473) User=0.02s Sys=0.00s Real=0.00s
[59.353s][info][gc,start       ] GC(474) Pause Young (Normal) (G1 Evacuation Pause)
[59.353s][info][gc,task        ] GC(474) Using 33 workers of 33 for evacuation
[59.355s][info][gc,phases      ] GC(474)   Pre Evacuate Collection Set: 0.2ms
[59.355s][info][gc,phases      ] GC(474)   Merge Heap Roots: 0.2ms
[59.355s][info][gc,phases      ] GC(474)   Evacuate Collection Set: 0.8ms
[59.355s][info][gc,phases      ] GC(474)   Post Evacuate Collection Set: 0.5ms
[59.355s][info][gc,phases      ] GC(474)   Other: 0.1ms
[59.355s][info][gc,heap        ] GC(474) Eden regions: 352->0(352)
[59.355s][info][gc,heap        ] GC(474) Survivor regions: 2->2(45)
[59.355s][info][gc,heap        ] GC(474) Old regions: 45->45
[59.355s][info][gc,heap        ] GC(474) Archive regions: 0->0
[59.355s][info][gc,heap        ] GC(474) Humongous regions: 0->0
[59.355s][info][gc,metaspace   ] GC(474) Metaspace: 74038K(75072K)->74038K(75072K) NonClass: 58769K(59072K)->58769K(59072K) Class: 15269K(16000K)->15269K(16000K)
[59.355s][info][gc             ] GC(474) Pause Young (Normal) (G1 Evacuation Pause) 391M->39M(590M) 2.031ms
[59.355s][info][gc,cpu         ] GC(474) User=0.00s Sys=0.00s Real=0.00s
[59.443s][info][gc,start       ] GC(475) Pause Young (Normal) (G1 Evacuation Pause)
[59.443s][info][gc,task        ] GC(475) Using 33 workers of 33 for evacuation
[59.445s][info][gc,phases      ] GC(475)   Pre Evacuate Collection Set: 0.2ms
[59.445s][info][gc,phases      ] GC(475)   Merge Heap Roots: 0.2ms
[59.445s][info][gc,phases      ] GC(475)   Evacuate Collection Set: 0.8ms
[59.445s][info][gc,phases      ] GC(475)   Post Evacuate Collection Set: 0.5ms
[59.445s][info][gc,phases      ] GC(475)   Other: 0.1ms
[59.445s][info][gc,heap        ] GC(475) Eden regions: 352->0(352)
[59.445s][info][gc,heap        ] GC(475) Survivor regions: 2->2(45)
[59.445s][info][gc,heap        ] GC(475) Old regions: 45->45
[59.445s][info][gc,heap        ] GC(475) Archive regions: 0->0
[59.445s][info][gc,heap        ] GC(475) Humongous regions: 0->0
[59.445s][info][gc,metaspace   ] GC(475) Metaspace: 74038K(75072K)->74038K(75072K) NonClass: 58769K(59072K)->58769K(59072K) Class: 15269K(16000K)->15269K(16000K)
[59.445s][info][gc             ] GC(475) Pause Young (Normal) (G1 Evacuation Pause) 391M->39M(590M) 2.095ms
[59.446s][info][gc,cpu         ] GC(475) User=0.00s Sys=0.00s Real=0.00s
[59.534s][info][gc,start       ] GC(476) Pause Young (Normal) (G1 Evacuation Pause)
[59.534s][info][gc,task        ] GC(476) Using 33 workers of 33 for evacuation
[59.536s][info][gc,phases      ] GC(476)   Pre Evacuate Collection Set: 0.2ms
[59.536s][info][gc,phases      ] GC(476)   Merge Heap Roots: 0.2ms
[59.536s][info][gc,phases      ] GC(476)   Evacuate Collection Set: 0.8ms
[59.536s][info][gc,phases      ] GC(476)   Post Evacuate Collection Set: 0.5ms
[59.536s][info][gc,phases      ] GC(476)   Other: 0.1ms
[59.536s][info][gc,heap        ] GC(476) Eden regions: 352->0(352)
[59.536s][info][gc,heap        ] GC(476) Survivor regions: 2->2(45)
[59.536s][info][gc,heap        ] GC(476) Old regions: 45->45
[59.536s][info][gc,heap        ] GC(476) Archive regions: 0->0
[59.536s][info][gc,heap        ] GC(476) Humongous regions: 0->0
[59.536s][info][gc,metaspace   ] GC(476) Metaspace: 74038K(75072K)->74038K(75072K) NonClass: 58769K(59072K)->58769K(59072K) Class: 15269K(16000K)->15269K(16000K)
[59.536s][info][gc             ] GC(476) Pause Young (Normal) (G1 Evacuation Pause) 391M->39M(590M) 2.080ms
[59.536s][info][gc,cpu         ] GC(476) User=0.00s Sys=0.00s Real=0.00s
[59.625s][info][gc,start       ] GC(477) Pause Young (Normal) (G1 Evacuation Pause)
[59.625s][info][gc,task        ] GC(477) Using 33 workers of 33 for evacuation
[59.626s][info][gc,phases      ] GC(477)   Pre Evacuate Collection Set: 0.2ms
[59.626s][info][gc,phases      ] GC(477)   Merge Heap Roots: 0.2ms
[59.626s][info][gc,phases      ] GC(477)   Evacuate Collection Set: 0.8ms
[59.626s][info][gc,phases      ] GC(477)   Post Evacuate Collection Set: 0.5ms
[59.626s][info][gc,phases      ] GC(477)   Other: 0.1ms
[59.626s][info][gc,heap        ] GC(477) Eden regions: 352->0(352)
[59.626s][info][gc,heap        ] GC(477) Survivor regions: 2->2(45)
[59.626s][info][gc,heap        ] GC(477) Old regions: 45->45
[59.626s][info][gc,heap        ] GC(477) Archive regions: 0->0
[59.626s][info][gc,heap        ] GC(477) Humongous regions: 0->0
[59.627s][info][gc,metaspace   ] GC(477) Metaspace: 74038K(75072K)->74038K(75072K) NonClass: 58769K(59072K)->58769K(59072K) Class: 15269K(16000K)->15269K(16000K)
[59.627s][info][gc             ] GC(477) Pause Young (Normal) (G1 Evacuation Pause) 391M->39M(590M) 2.029ms
[59.627s][info][gc,cpu         ] GC(477) User=0.00s Sys=0.00s Real=0.00s
[59.715s][info][gc,start       ] GC(478) Pause Young (Normal) (G1 Evacuation Pause)
[59.715s][info][gc,task        ] GC(478) Using 33 workers of 33 for evacuation
[59.717s][info][gc,phases      ] GC(478)   Pre Evacuate Collection Set: 0.2ms
[59.717s][info][gc,phases      ] GC(478)   Merge Heap Roots: 0.2ms
[59.717s][info][gc,phases      ] GC(478)   Evacuate Collection Set: 0.8ms
[59.717s][info][gc,phases      ] GC(478)   Post Evacuate Collection Set: 0.5ms
[59.717s][info][gc,phases      ] GC(478)   Other: 0.1ms
[59.717s][info][gc,heap        ] GC(478) Eden regions: 352->0(352)
[59.717s][info][gc,heap        ] GC(478) Survivor regions: 2->2(45)
[59.717s][info][gc,heap        ] GC(478) Old regions: 45->45
[59.717s][info][gc,heap        ] GC(478) Archive regions: 0->0
[59.717s][info][gc,heap        ] GC(478) Humongous regions: 0->0
[59.717s][info][gc,metaspace   ] GC(478) Metaspace: 74038K(75072K)->74038K(75072K) NonClass: 58769K(59072K)->58769K(59072K) Class: 15269K(16000K)->15269K(16000K)
[59.717s][info][gc             ] GC(478) Pause Young (Normal) (G1 Evacuation Pause) 391M->39M(590M) 2.060ms
[59.717s][info][gc,cpu         ] GC(478) User=0.42s Sys=0.06s Real=0.00s
[59.805s][info][gc,start       ] GC(479) Pause Young (Normal) (G1 Evacuation Pause)
[59.805s][info][gc,task        ] GC(479) Using 33 workers of 33 for evacuation
[59.807s][info][gc,phases      ] GC(479)   Pre Evacuate Collection Set: 0.2ms
[59.807s][info][gc,phases      ] GC(479)   Merge Heap Roots: 0.2ms
[59.807s][info][gc,phases      ] GC(479)   Evacuate Collection Set: 0.9ms
[59.807s][info][gc,phases      ] GC(479)   Post Evacuate Collection Set: 0.5ms
[59.807s][info][gc,phases      ] GC(479)   Other: 0.1ms
[59.807s][info][gc,heap        ] GC(479) Eden regions: 352->0(352)
[59.807s][info][gc,heap        ] GC(479) Survivor regions: 2->2(45)
[59.807s][info][gc,heap        ] GC(479) Old regions: 45->45
[59.807s][info][gc,heap        ] GC(479) Archive regions: 0->0
[59.807s][info][gc,heap        ] GC(479) Humongous regions: 0->0
[59.807s][info][gc,metaspace   ] GC(479) Metaspace: 74038K(75072K)->74038K(75072K) NonClass: 58769K(59072K)->58769K(59072K) Class: 15269K(16000K)->15269K(16000K)
[59.807s][info][gc             ] GC(479) Pause Young (Normal) (G1 Evacuation Pause) 391M->39M(590M) 2.070ms
[59.807s][info][gc,cpu         ] GC(479) User=0.00s Sys=0.00s Real=0.00s
[59.896s][info][gc,start       ] GC(480) Pause Young (Normal) (G1 Evacuation Pause)
[59.896s][info][gc,task        ] GC(480) Using 33 workers of 33 for evacuation
[59.898s][info][gc,phases      ] GC(480)   Pre Evacuate Collection Set: 0.2ms
[59.898s][info][gc,phases      ] GC(480)   Merge Heap Roots: 0.2ms
[59.898s][info][gc,phases      ] GC(480)   Evacuate Collection Set: 0.9ms
[59.898s][info][gc,phases      ] GC(480)   Post Evacuate Collection Set: 0.5ms
[59.898s][info][gc,phases      ] GC(480)   Other: 0.1ms
[59.898s][info][gc,heap        ] GC(480) Eden regions: 352->0(352)
[59.898s][info][gc,heap        ] GC(480) Survivor regions: 2->2(45)
[59.898s][info][gc,heap        ] GC(480) Old regions: 45->45
[59.898s][info][gc,heap        ] GC(480) Archive regions: 0->0
[59.898s][info][gc,heap        ] GC(480) Humongous regions: 0->0
[59.898s][info][gc,metaspace   ] GC(480) Metaspace: 74038K(75072K)->74038K(75072K) NonClass: 58769K(59072K)->58769K(59072K) Class: 15269K(16000K)->15269K(16000K)
[59.898s][info][gc             ] GC(480) Pause Young (Normal) (G1 Evacuation Pause) 391M->39M(590M) 2.111ms
[59.898s][info][gc,cpu         ] GC(480) User=0.00s Sys=0.00s Real=0.00s
[59.986s][info][gc,start       ] GC(481) Pause Young (Normal) (G1 Evacuation Pause)
[59.987s][info][gc,task        ] GC(481) Using 33 workers of 33 for evacuation
[59.988s][info][gc,phases      ] GC(481)   Pre Evacuate Collection Set: 0.2ms
[59.988s][info][gc,phases      ] GC(481)   Merge Heap Roots: 0.2ms
[59.988s][info][gc,phases      ] GC(481)   Evacuate Collection Set: 0.8ms
[59.988s][info][gc,phases      ] GC(481)   Post Evacuate Collection Set: 0.5ms
[59.988s][info][gc,phases      ] GC(481)   Other: 0.1ms
[59.988s][info][gc,heap        ] GC(481) Eden regions: 352->0(352)
[59.988s][info][gc,heap        ] GC(481) Survivor regions: 2->2(45)
[59.988s][info][gc,heap        ] GC(481) Old regions: 45->45
[59.988s][info][gc,heap        ] GC(481) Archive regions: 0->0
[59.988s][info][gc,heap        ] GC(481) Humongous regions: 0->0
[59.989s][info][gc,metaspace   ] GC(481) Metaspace: 74038K(75072K)->74038K(75072K) NonClass: 58769K(59072K)->58769K(59072K) Class: 15269K(16000K)->15269K(16000K)
[59.989s][info][gc             ] GC(481) Pause Young (Normal) (G1 Evacuation Pause) 391M->39M(590M) 2.070ms
[59.989s][info][gc,cpu         ] GC(481) User=0.00s Sys=0.00s Real=0.00s
[60.077s][info][gc,start       ] GC(482) Pause Young (Normal) (G1 Evacuation Pause)
[60.077s][info][gc,task        ] GC(482) Using 33 workers of 33 for evacuation
[60.079s][info][gc,phases      ] GC(482)   Pre Evacuate Collection Set: 0.2ms
[60.079s][info][gc,phases      ] GC(482)   Merge Heap Roots: 0.2ms
[60.079s][info][gc,phases      ] GC(482)   Evacuate Collection Set: 0.8ms
[60.079s][info][gc,phases      ] GC(482)   Post Evacuate Collection Set: 0.5ms
[60.079s][info][gc,phases      ] GC(482)   Other: 0.1ms
[60.079s][info][gc,heap        ] GC(482) Eden regions: 352->0(352)
[60.079s][info][gc,heap        ] GC(482) Survivor regions: 2->2(45)
[60.079s][info][gc,heap        ] GC(482) Old regions: 45->45
[60.079s][info][gc,heap        ] GC(482) Archive regions: 0->0
[60.079s][info][gc,heap        ] GC(482) Humongous regions: 0->0
[60.079s][info][gc,metaspace   ] GC(482) Metaspace: 74041K(75072K)->74041K(75072K) NonClass: 58772K(59072K)->58772K(59072K) Class: 15269K(16000K)->15269K(16000K)
[60.079s][info][gc             ] GC(482) Pause Young (Normal) (G1 Evacuation Pause) 391M->39M(590M) 2.090ms
[60.079s][info][gc,cpu         ] GC(482) User=0.00s Sys=0.00s Real=0.00s
[60.168s][info][gc,start       ] GC(483) Pause Young (Normal) (G1 Evacuation Pause)
[60.168s][info][gc,task        ] GC(483) Using 33 workers of 33 for evacuation
[60.170s][info][gc,phases      ] GC(483)   Pre Evacuate Collection Set: 0.2ms
[60.170s][info][gc,phases      ] GC(483)   Merge Heap Roots: 0.2ms
[60.170s][info][gc,phases      ] GC(483)   Evacuate Collection Set: 0.8ms
[60.170s][info][gc,phases      ] GC(483)   Post Evacuate Collection Set: 0.5ms
[60.170s][info][gc,phases      ] GC(483)   Other: 0.1ms
[60.170s][info][gc,heap        ] GC(483) Eden regions: 352->0(352)
[60.170s][info][gc,heap        ] GC(483) Survivor regions: 2->2(45)
[60.170s][info][gc,heap        ] GC(483) Old regions: 45->45
[60.170s][info][gc,heap        ] GC(483) Archive regions: 0->0
[60.170s][info][gc,heap        ] GC(483) Humongous regions: 0->0
[60.170s][info][gc,metaspace   ] GC(483) Metaspace: 74041K(75072K)->74041K(75072K) NonClass: 58772K(59072K)->58772K(59072K) Class: 15269K(16000K)->15269K(16000K)
[60.170s][info][gc             ] GC(483) Pause Young (Normal) (G1 Evacuation Pause) 391M->39M(590M) 2.030ms
[60.170s][info][gc,cpu         ] GC(483) User=0.00s Sys=0.00s Real=0.00s
[60.259s][info][gc,start       ] GC(484) Pause Young (Normal) (G1 Evacuation Pause)
[60.259s][info][gc,task        ] GC(484) Using 33 workers of 33 for evacuation
[60.261s][info][gc,phases      ] GC(484)   Pre Evacuate Collection Set: 0.2ms
[60.261s][info][gc,phases      ] GC(484)   Merge Heap Roots: 0.2ms
[60.261s][info][gc,phases      ] GC(484)   Evacuate Collection Set: 0.8ms
[60.261s][info][gc,phases      ] GC(484)   Post Evacuate Collection Set: 0.5ms
[60.261s][info][gc,phases      ] GC(484)   Other: 0.1ms
[60.261s][info][gc,heap        ] GC(484) Eden regions: 352->0(352)
[60.261s][info][gc,heap        ] GC(484) Survivor regions: 2->2(45)
[60.261s][info][gc,heap        ] GC(484) Old regions: 45->45
[60.261s][info][gc,heap        ] GC(484) Archive regions: 0->0
[60.261s][info][gc,heap        ] GC(484) Humongous regions: 0->0
[60.261s][info][gc,metaspace   ] GC(484) Metaspace: 74041K(75072K)->74041K(75072K) NonClass: 58772K(59072K)->58772K(59072K) Class: 15269K(16000K)->15269K(16000K)
[60.261s][info][gc             ] GC(484) Pause Young (Normal) (G1 Evacuation Pause) 391M->39M(590M) 2.004ms
[60.261s][info][gc,cpu         ] GC(484) User=0.00s Sys=0.00s Real=0.00s
[60.349s][info][gc,start       ] GC(485) Pause Young (Normal) (G1 Evacuation Pause)
[60.349s][info][gc,task        ] GC(485) Using 33 workers of 33 for evacuation
[60.351s][info][gc,phases      ] GC(485)   Pre Evacuate Collection Set: 0.2ms
[60.351s][info][gc,phases      ] GC(485)   Merge Heap Roots: 0.2ms
[60.351s][info][gc,phases      ] GC(485)   Evacuate Collection Set: 0.8ms
[60.351s][info][gc,phases      ] GC(485)   Post Evacuate Collection Set: 0.5ms
[60.351s][info][gc,phases      ] GC(485)   Other: 0.1ms
[60.351s][info][gc,heap        ] GC(485) Eden regions: 352->0(352)
[60.351s][info][gc,heap        ] GC(485) Survivor regions: 2->2(45)
[60.351s][info][gc,heap        ] GC(485) Old regions: 45->45
[60.351s][info][gc,heap        ] GC(485) Archive regions: 0->0
[60.351s][info][gc,heap        ] GC(485) Humongous regions: 0->0
[60.351s][info][gc,metaspace   ] GC(485) Metaspace: 74041K(75072K)->74041K(75072K) NonClass: 58772K(59072K)->58772K(59072K) Class: 15269K(16000K)->15269K(16000K)
[60.351s][info][gc             ] GC(485) Pause Young (Normal) (G1 Evacuation Pause) 391M->39M(590M) 2.032ms
[60.351s][info][gc,cpu         ] GC(485) User=0.00s Sys=0.00s Real=0.00s
[60.439s][info][gc,start       ] GC(486) Pause Young (Normal) (G1 Evacuation Pause)
[60.440s][info][gc,task        ] GC(486) Using 33 workers of 33 for evacuation
[60.441s][info][gc,phases      ] GC(486)   Pre Evacuate Collection Set: 0.2ms
[60.441s][info][gc,phases      ] GC(486)   Merge Heap Roots: 0.2ms
[60.441s][info][gc,phases      ] GC(486)   Evacuate Collection Set: 0.8ms
[60.441s][info][gc,phases      ] GC(486)   Post Evacuate Collection Set: 0.5ms
[60.441s][info][gc,phases      ] GC(486)   Other: 0.1ms
[60.441s][info][gc,heap        ] GC(486) Eden regions: 352->0(352)
[60.441s][info][gc,heap        ] GC(486) Survivor regions: 2->2(45)
[60.441s][info][gc,heap        ] GC(486) Old regions: 45->45
[60.441s][info][gc,heap        ] GC(486) Archive regions: 0->0
[60.441s][info][gc,heap        ] GC(486) Humongous regions: 0->0
[60.441s][info][gc,metaspace   ] GC(486) Metaspace: 74041K(75072K)->74041K(75072K) NonClass: 58772K(59072K)->58772K(59072K) Class: 15269K(16000K)->15269K(16000K)
[60.442s][info][gc             ] GC(486) Pause Young (Normal) (G1 Evacuation Pause) 391M->39M(590M) 2.055ms
[60.442s][info][gc,cpu         ] GC(486) User=0.00s Sys=0.00s Real=0.00s
[60.530s][info][gc,start       ] GC(487) Pause Young (Normal) (G1 Evacuation Pause)
[60.530s][info][gc,task        ] GC(487) Using 33 workers of 33 for evacuation
[60.532s][info][gc,phases      ] GC(487)   Pre Evacuate Collection Set: 0.2ms
[60.532s][info][gc,phases      ] GC(487)   Merge Heap Roots: 0.2ms
[60.532s][info][gc,phases      ] GC(487)   Evacuate Collection Set: 0.8ms
[60.532s][info][gc,phases      ] GC(487)   Post Evacuate Collection Set: 0.5ms
[60.532s][info][gc,phases      ] GC(487)   Other: 0.1ms
[60.532s][info][gc,heap        ] GC(487) Eden regions: 352->0(352)
[60.532s][info][gc,heap        ] GC(487) Survivor regions: 2->2(45)
[60.532s][info][gc,heap        ] GC(487) Old regions: 45->45
[60.532s][info][gc,heap        ] GC(487) Archive regions: 0->0
[60.532s][info][gc,heap        ] GC(487) Humongous regions: 0->0
[60.532s][info][gc,metaspace   ] GC(487) Metaspace: 74041K(75072K)->74041K(75072K) NonClass: 58772K(59072K)->58772K(59072K) Class: 15269K(16000K)->15269K(16000K)
[60.532s][info][gc             ] GC(487) Pause Young (Normal) (G1 Evacuation Pause) 391M->39M(590M) 2.062ms
[60.532s][info][gc,cpu         ] GC(487) User=0.00s Sys=0.00s Real=0.00s
[60.624s][info][gc,start       ] GC(488) Pause Young (Normal) (G1 Evacuation Pause)
[60.624s][info][gc,task        ] GC(488) Using 33 workers of 33 for evacuation
[60.626s][info][gc,phases      ] GC(488)   Pre Evacuate Collection Set: 0.2ms
[60.626s][info][gc,phases      ] GC(488)   Merge Heap Roots: 0.2ms
[60.626s][info][gc,phases      ] GC(488)   Evacuate Collection Set: 0.9ms
[60.626s][info][gc,phases      ] GC(488)   Post Evacuate Collection Set: 0.5ms
[60.626s][info][gc,phases      ] GC(488)   Other: 0.1ms
[60.626s][info][gc,heap        ] GC(488) Eden regions: 352->0(352)
[60.626s][info][gc,heap        ] GC(488) Survivor regions: 2->2(45)
[60.626s][info][gc,heap        ] GC(488) Old regions: 45->45
[60.626s][info][gc,heap        ] GC(488) Archive regions: 0->0
[60.626s][info][gc,heap        ] GC(488) Humongous regions: 0->0
[60.626s][info][gc,metaspace   ] GC(488) Metaspace: 74041K(75072K)->74041K(75072K) NonClass: 58772K(59072K)->58772K(59072K) Class: 15269K(16000K)->15269K(16000K)
[60.626s][info][gc             ] GC(488) Pause Young (Normal) (G1 Evacuation Pause) 391M->39M(590M) 2.108ms
[60.626s][info][gc,cpu         ] GC(488) User=0.00s Sys=0.00s Real=0.00s
[60.715s][info][gc,start       ] GC(489) Pause Young (Normal) (G1 Evacuation Pause)
[60.715s][info][gc,task        ] GC(489) Using 33 workers of 33 for evacuation
[60.717s][info][gc,phases      ] GC(489)   Pre Evacuate Collection Set: 0.2ms
[60.717s][info][gc,phases      ] GC(489)   Merge Heap Roots: 0.2ms
[60.717s][info][gc,phases      ] GC(489)   Evacuate Collection Set: 0.8ms
[60.717s][info][gc,phases      ] GC(489)   Post Evacuate Collection Set: 0.6ms
[60.717s][info][gc,phases      ] GC(489)   Other: 0.1ms
[60.717s][info][gc,heap        ] GC(489) Eden regions: 352->0(352)
[60.717s][info][gc,heap        ] GC(489) Survivor regions: 2->2(45)
[60.717s][info][gc,heap        ] GC(489) Old regions: 45->45
[60.717s][info][gc,heap        ] GC(489) Archive regions: 0->0
[60.717s][info][gc,heap        ] GC(489) Humongous regions: 0->0
[60.717s][info][gc,metaspace   ] GC(489) Metaspace: 74041K(75072K)->74041K(75072K) NonClass: 58772K(59072K)->58772K(59072K) Class: 15269K(16000K)->15269K(16000K)
[60.717s][info][gc             ] GC(489) Pause Young (Normal) (G1 Evacuation Pause) 391M->39M(590M) 2.126ms
[60.717s][info][gc,cpu         ] GC(489) User=0.00s Sys=0.00s Real=0.00s
[60.806s][info][gc,start       ] GC(490) Pause Young (Normal) (G1 Evacuation Pause)
[60.807s][info][gc,task        ] GC(490) Using 33 workers of 33 for evacuation
[60.808s][info][gc,phases      ] GC(490)   Pre Evacuate Collection Set: 0.2ms
[60.808s][info][gc,phases      ] GC(490)   Merge Heap Roots: 0.2ms
[60.808s][info][gc,phases      ] GC(490)   Evacuate Collection Set: 0.8ms
[60.808s][info][gc,phases      ] GC(490)   Post Evacuate Collection Set: 0.5ms
[60.808s][info][gc,phases      ] GC(490)   Other: 0.1ms
[60.808s][info][gc,heap        ] GC(490) Eden regions: 352->0(352)
[60.808s][info][gc,heap        ] GC(490) Survivor regions: 2->2(45)
[60.808s][info][gc,heap        ] GC(490) Old regions: 45->45
[60.808s][info][gc,heap        ] GC(490) Archive regions: 0->0
[60.808s][info][gc,heap        ] GC(490) Humongous regions: 0->0
[60.808s][info][gc,metaspace   ] GC(490) Metaspace: 74041K(75072K)->74041K(75072K) NonClass: 58772K(59072K)->58772K(59072K) Class: 15269K(16000K)->15269K(16000K)
[60.808s][info][gc             ] GC(490) Pause Young (Normal) (G1 Evacuation Pause) 391M->39M(590M) 2.046ms
[60.808s][info][gc,cpu         ] GC(490) User=0.00s Sys=0.00s Real=0.00s
[60.897s][info][gc,start       ] GC(491) Pause Young (Normal) (G1 Evacuation Pause)
[60.897s][info][gc,task        ] GC(491) Using 33 workers of 33 for evacuation
[60.899s][info][gc,phases      ] GC(491)   Pre Evacuate Collection Set: 0.2ms
[60.899s][info][gc,phases      ] GC(491)   Merge Heap Roots: 0.2ms
[60.899s][info][gc,phases      ] GC(491)   Evacuate Collection Set: 0.9ms
[60.899s][info][gc,phases      ] GC(491)   Post Evacuate Collection Set: 0.5ms
[60.899s][info][gc,phases      ] GC(491)   Other: 0.1ms
[60.899s][info][gc,heap        ] GC(491) Eden regions: 352->0(352)
[60.899s][info][gc,heap        ] GC(491) Survivor regions: 2->2(45)
[60.899s][info][gc,heap        ] GC(491) Old regions: 45->45
[60.899s][info][gc,heap        ] GC(491) Archive regions: 0->0
[60.899s][info][gc,heap        ] GC(491) Humongous regions: 0->0
[60.899s][info][gc,metaspace   ] GC(491) Metaspace: 74041K(75072K)->74041K(75072K) NonClass: 58772K(59072K)->58772K(59072K) Class: 15269K(16000K)->15269K(16000K)
[60.899s][info][gc             ] GC(491) Pause Young (Normal) (G1 Evacuation Pause) 391M->39M(590M) 2.105ms
[60.899s][info][gc,cpu         ] GC(491) User=0.00s Sys=0.00s Real=0.00s
[60.988s][info][gc,start       ] GC(492) Pause Young (Normal) (G1 Evacuation Pause)
[60.988s][info][gc,task        ] GC(492) Using 33 workers of 33 for evacuation
[60.990s][info][gc,phases      ] GC(492)   Pre Evacuate Collection Set: 0.2ms
[60.990s][info][gc,phases      ] GC(492)   Merge Heap Roots: 0.2ms
[60.990s][info][gc,phases      ] GC(492)   Evacuate Collection Set: 0.8ms
[60.990s][info][gc,phases      ] GC(492)   Post Evacuate Collection Set: 0.5ms
[60.990s][info][gc,phases      ] GC(492)   Other: 0.1ms
[60.990s][info][gc,heap        ] GC(492) Eden regions: 352->0(352)
[60.990s][info][gc,heap        ] GC(492) Survivor regions: 2->2(45)
[60.990s][info][gc,heap        ] GC(492) Old regions: 45->45
[60.990s][info][gc,heap        ] GC(492) Archive regions: 0->0
[60.990s][info][gc,heap        ] GC(492) Humongous regions: 0->0
[60.990s][info][gc,metaspace   ] GC(492) Metaspace: 74041K(75072K)->74041K(75072K) NonClass: 58772K(59072K)->58772K(59072K) Class: 15269K(16000K)->15269K(16000K)
[60.990s][info][gc             ] GC(492) Pause Young (Normal) (G1 Evacuation Pause) 391M->39M(590M) 2.072ms
[60.990s][info][gc,cpu         ] GC(492) User=0.00s Sys=0.00s Real=0.00s
[61.078s][info][gc,start       ] GC(493) Pause Young (Normal) (G1 Evacuation Pause)
[61.078s][info][gc,task        ] GC(493) Using 33 workers of 33 for evacuation
[61.080s][info][gc,phases      ] GC(493)   Pre Evacuate Collection Set: 0.2ms
[61.080s][info][gc,phases      ] GC(493)   Merge Heap Roots: 0.2ms
[61.080s][info][gc,phases      ] GC(493)   Evacuate Collection Set: 0.8ms
[61.080s][info][gc,phases      ] GC(493)   Post Evacuate Collection Set: 0.5ms
[61.080s][info][gc,phases      ] GC(493)   Other: 0.1ms
[61.080s][info][gc,heap        ] GC(493) Eden regions: 352->0(352)
[61.080s][info][gc,heap        ] GC(493) Survivor regions: 2->2(45)
[61.080s][info][gc,heap        ] GC(493) Old regions: 45->45
[61.080s][info][gc,heap        ] GC(493) Archive regions: 0->0
[61.080s][info][gc,heap        ] GC(493) Humongous regions: 0->0
[61.080s][info][gc,metaspace   ] GC(493) Metaspace: 74041K(75072K)->74041K(75072K) NonClass: 58772K(59072K)->58772K(59072K) Class: 15269K(16000K)->15269K(16000K)
[61.080s][info][gc             ] GC(493) Pause Young (Normal) (G1 Evacuation Pause) 391M->39M(590M) 2.022ms
[61.080s][info][gc,cpu         ] GC(493) User=0.00s Sys=0.00s Real=0.00s
[61.168s][info][gc,start       ] GC(494) Pause Young (Normal) (G1 Evacuation Pause)
[61.169s][info][gc,task        ] GC(494) Using 33 workers of 33 for evacuation
[61.170s][info][gc,phases      ] GC(494)   Pre Evacuate Collection Set: 0.2ms
[61.170s][info][gc,phases      ] GC(494)   Merge Heap Roots: 0.2ms
[61.170s][info][gc,phases      ] GC(494)   Evacuate Collection Set: 0.9ms
[61.170s][info][gc,phases      ] GC(494)   Post Evacuate Collection Set: 0.5ms
[61.170s][info][gc,phases      ] GC(494)   Other: 0.1ms
[61.171s][info][gc,heap        ] GC(494) Eden regions: 352->0(352)
[61.171s][info][gc,heap        ] GC(494) Survivor regions: 2->2(45)
[61.171s][info][gc,heap        ] GC(494) Old regions: 45->45
[61.171s][info][gc,heap        ] GC(494) Archive regions: 0->0
[61.171s][info][gc,heap        ] GC(494) Humongous regions: 0->0
[61.171s][info][gc,metaspace   ] GC(494) Metaspace: 74041K(75072K)->74041K(75072K) NonClass: 58772K(59072K)->58772K(59072K) Class: 15269K(16000K)->15269K(16000K)
[61.171s][info][gc             ] GC(494) Pause Young (Normal) (G1 Evacuation Pause) 391M->39M(590M) 2.170ms
[61.171s][info][gc,cpu         ] GC(494) User=0.52s Sys=0.00s Real=0.00s
[61.259s][info][gc,start       ] GC(495) Pause Young (Normal) (G1 Evacuation Pause)
[61.259s][info][gc,task        ] GC(495) Using 33 workers of 33 for evacuation
[61.261s][info][gc,phases      ] GC(495)   Pre Evacuate Collection Set: 0.2ms
[61.261s][info][gc,phases      ] GC(495)   Merge Heap Roots: 0.2ms
[61.261s][info][gc,phases      ] GC(495)   Evacuate Collection Set: 0.8ms
[61.261s][info][gc,phases      ] GC(495)   Post Evacuate Collection Set: 0.5ms
[61.261s][info][gc,phases      ] GC(495)   Other: 0.1ms
[61.261s][info][gc,heap        ] GC(495) Eden regions: 352->0(352)
[61.261s][info][gc,heap        ] GC(495) Survivor regions: 2->2(45)
[61.261s][info][gc,heap        ] GC(495) Old regions: 45->45
[61.261s][info][gc,heap        ] GC(495) Archive regions: 0->0
[61.261s][info][gc,heap        ] GC(495) Humongous regions: 0->0
[61.261s][info][gc,metaspace   ] GC(495) Metaspace: 74041K(75072K)->74041K(75072K) NonClass: 58772K(59072K)->58772K(59072K) Class: 15269K(16000K)->15269K(16000K)
[61.261s][info][gc             ] GC(495) Pause Young (Normal) (G1 Evacuation Pause) 391M->39M(590M) 2.031ms
[61.261s][info][gc,cpu         ] GC(495) User=0.00s Sys=0.00s Real=0.00s
[61.350s][info][gc,start       ] GC(496) Pause Young (Normal) (G1 Evacuation Pause)
[61.350s][info][gc,task        ] GC(496) Using 33 workers of 33 for evacuation
[61.351s][info][gc,phases      ] GC(496)   Pre Evacuate Collection Set: 0.2ms
[61.351s][info][gc,phases      ] GC(496)   Merge Heap Roots: 0.2ms
[61.351s][info][gc,phases      ] GC(496)   Evacuate Collection Set: 0.8ms
[61.352s][info][gc,phases      ] GC(496)   Post Evacuate Collection Set: 0.5ms
[61.352s][info][gc,phases      ] GC(496)   Other: 0.1ms
[61.352s][info][gc,heap        ] GC(496) Eden regions: 352->0(352)
[61.352s][info][gc,heap        ] GC(496) Survivor regions: 2->2(45)
[61.352s][info][gc,heap        ] GC(496) Old regions: 45->45
[61.352s][info][gc,heap        ] GC(496) Archive regions: 0->0
[61.352s][info][gc,heap        ] GC(496) Humongous regions: 0->0
[61.352s][info][gc,metaspace   ] GC(496) Metaspace: 74041K(75072K)->74041K(75072K) NonClass: 58772K(59072K)->58772K(59072K) Class: 15269K(16000K)->15269K(16000K)
[61.352s][info][gc             ] GC(496) Pause Young (Normal) (G1 Evacuation Pause) 391M->39M(590M) 2.046ms
[61.352s][info][gc,cpu         ] GC(496) User=0.00s Sys=0.00s Real=0.00s
[61.440s][info][gc,start       ] GC(497) Pause Young (Normal) (G1 Evacuation Pause)
[61.440s][info][gc,task        ] GC(497) Using 33 workers of 33 for evacuation
[61.442s][info][gc,phases      ] GC(497)   Pre Evacuate Collection Set: 0.2ms
[61.442s][info][gc,phases      ] GC(497)   Merge Heap Roots: 0.2ms
[61.442s][info][gc,phases      ] GC(497)   Evacuate Collection Set: 0.8ms
[61.442s][info][gc,phases      ] GC(497)   Post Evacuate Collection Set: 0.5ms
[61.442s][info][gc,phases      ] GC(497)   Other: 0.1ms
[61.442s][info][gc,heap        ] GC(497) Eden regions: 352->0(352)
[61.442s][info][gc,heap        ] GC(497) Survivor regions: 2->2(45)
[61.442s][info][gc,heap        ] GC(497) Old regions: 45->45
[61.442s][info][gc,heap        ] GC(497) Archive regions: 0->0
[61.442s][info][gc,heap        ] GC(497) Humongous regions: 0->0
[61.442s][info][gc,metaspace   ] GC(497) Metaspace: 74041K(75072K)->74041K(75072K) NonClass: 58772K(59072K)->58772K(59072K) Class: 15269K(16000K)->15269K(16000K)
[61.442s][info][gc             ] GC(497) Pause Young (Normal) (G1 Evacuation Pause) 391M->39M(590M) 2.055ms
[61.442s][info][gc,cpu         ] GC(497) User=0.00s Sys=0.00s Real=0.00s
[61.532s][info][gc,start       ] GC(498) Pause Young (Normal) (G1 Evacuation Pause)
[61.532s][info][gc,task        ] GC(498) Using 33 workers of 33 for evacuation
[61.534s][info][gc,phases      ] GC(498)   Pre Evacuate Collection Set: 0.2ms
[61.534s][info][gc,phases      ] GC(498)   Merge Heap Roots: 0.2ms
[61.534s][info][gc,phases      ] GC(498)   Evacuate Collection Set: 0.8ms
[61.534s][info][gc,phases      ] GC(498)   Post Evacuate Collection Set: 0.5ms
[61.534s][info][gc,phases      ] GC(498)   Other: 0.1ms
[61.534s][info][gc,heap        ] GC(498) Eden regions: 352->0(352)
[61.534s][info][gc,heap        ] GC(498) Survivor regions: 2->2(45)
[61.534s][info][gc,heap        ] GC(498) Old regions: 45->45
[61.534s][info][gc,heap        ] GC(498) Archive regions: 0->0
[61.534s][info][gc,heap        ] GC(498) Humongous regions: 0->0
[61.534s][info][gc,metaspace   ] GC(498) Metaspace: 74041K(75072K)->74041K(75072K) NonClass: 58772K(59072K)->58772K(59072K) Class: 15269K(16000K)->15269K(16000K)
[61.534s][info][gc             ] GC(498) Pause Young (Normal) (G1 Evacuation Pause) 391M->39M(590M) 2.079ms
[61.534s][info][gc,cpu         ] GC(498) User=0.00s Sys=0.00s Real=0.00s
[61.624s][info][gc,start       ] GC(499) Pause Young (Normal) (G1 Evacuation Pause)
[61.624s][info][gc,task        ] GC(499) Using 33 workers of 33 for evacuation
[61.626s][info][gc,phases      ] GC(499)   Pre Evacuate Collection Set: 0.2ms
[61.626s][info][gc,phases      ] GC(499)   Merge Heap Roots: 0.2ms
[61.626s][info][gc,phases      ] GC(499)   Evacuate Collection Set: 0.8ms
[61.626s][info][gc,phases      ] GC(499)   Post Evacuate Collection Set: 0.5ms
[61.626s][info][gc,phases      ] GC(499)   Other: 0.1ms
[61.626s][info][gc,heap        ] GC(499) Eden regions: 352->0(352)
[61.626s][info][gc,heap        ] GC(499) Survivor regions: 2->2(45)
[61.626s][info][gc,heap        ] GC(499) Old regions: 45->45
[61.626s][info][gc,heap        ] GC(499) Archive regions: 0->0
[61.626s][info][gc,heap        ] GC(499) Humongous regions: 0->0
[61.626s][info][gc,metaspace   ] GC(499) Metaspace: 74041K(75072K)->74041K(75072K) NonClass: 58772K(59072K)->58772K(59072K) Class: 15269K(16000K)->15269K(16000K)
[61.626s][info][gc             ] GC(499) Pause Young (Normal) (G1 Evacuation Pause) 391M->39M(590M) 2.015ms
[61.626s][info][gc,cpu         ] GC(499) User=0.00s Sys=0.00s Real=0.00s
[61.714s][info][gc,start       ] GC(500) Pause Young (Normal) (G1 Evacuation Pause)
[61.715s][info][gc,task        ] GC(500) Using 33 workers of 33 for evacuation
[61.716s][info][gc,phases      ] GC(500)   Pre Evacuate Collection Set: 0.2ms
[61.716s][info][gc,phases      ] GC(500)   Merge Heap Roots: 0.2ms
[61.716s][info][gc,phases      ] GC(500)   Evacuate Collection Set: 0.9ms
[61.716s][info][gc,phases      ] GC(500)   Post Evacuate Collection Set: 0.5ms
[61.716s][info][gc,phases      ] GC(500)   Other: 0.1ms
[61.716s][info][gc,heap        ] GC(500) Eden regions: 352->0(352)
[61.716s][info][gc,heap        ] GC(500) Survivor regions: 2->2(45)
[61.716s][info][gc,heap        ] GC(500) Old regions: 45->45
[61.716s][info][gc,heap        ] GC(500) Archive regions: 0->0
[61.716s][info][gc,heap        ] GC(500) Humongous regions: 0->0
[61.717s][info][gc,metaspace   ] GC(500) Metaspace: 74041K(75072K)->74041K(75072K) NonClass: 58772K(59072K)->58772K(59072K) Class: 15269K(16000K)->15269K(16000K)
[61.717s][info][gc             ] GC(500) Pause Young (Normal) (G1 Evacuation Pause) 391M->39M(590M) 2.077ms
[61.717s][info][gc,cpu         ] GC(500) User=0.00s Sys=0.00s Real=0.00s
[61.805s][info][gc,start       ] GC(501) Pause Young (Normal) (G1 Evacuation Pause)
[61.805s][info][gc,task        ] GC(501) Using 33 workers of 33 for evacuation
[61.807s][info][gc,phases      ] GC(501)   Pre Evacuate Collection Set: 0.2ms
[61.807s][info][gc,phases      ] GC(501)   Merge Heap Roots: 0.2ms
[61.807s][info][gc,phases      ] GC(501)   Evacuate Collection Set: 0.9ms
[61.807s][info][gc,phases      ] GC(501)   Post Evacuate Collection Set: 0.5ms
[61.807s][info][gc,phases      ] GC(501)   Other: 0.1ms
[61.807s][info][gc,heap        ] GC(501) Eden regions: 352->0(352)
[61.807s][info][gc,heap        ] GC(501) Survivor regions: 2->2(45)
[61.807s][info][gc,heap        ] GC(501) Old regions: 45->45
[61.807s][info][gc,heap        ] GC(501) Archive regions: 0->0
[61.807s][info][gc,heap        ] GC(501) Humongous regions: 0->0
[61.807s][info][gc,metaspace   ] GC(501) Metaspace: 74041K(75072K)->74041K(75072K) NonClass: 58772K(59072K)->58772K(59072K) Class: 15269K(16000K)->15269K(16000K)
[61.807s][info][gc             ] GC(501) Pause Young (Normal) (G1 Evacuation Pause) 391M->39M(590M) 2.269ms
[61.807s][info][gc,cpu         ] GC(501) User=0.00s Sys=0.00s Real=0.00s
[61.896s][info][gc,start       ] GC(502) Pause Young (Normal) (G1 Evacuation Pause)
[61.896s][info][gc,task        ] GC(502) Using 33 workers of 33 for evacuation
[61.898s][info][gc,phases      ] GC(502)   Pre Evacuate Collection Set: 0.2ms
[61.898s][info][gc,phases      ] GC(502)   Merge Heap Roots: 0.2ms
[61.898s][info][gc,phases      ] GC(502)   Evacuate Collection Set: 0.8ms
[61.898s][info][gc,phases      ] GC(502)   Post Evacuate Collection Set: 0.5ms
[61.898s][info][gc,phases      ] GC(502)   Other: 0.1ms
[61.898s][info][gc,heap        ] GC(502) Eden regions: 352->0(352)
[61.898s][info][gc,heap        ] GC(502) Survivor regions: 2->2(45)
[61.898s][info][gc,heap        ] GC(502) Old regions: 45->45
[61.898s][info][gc,heap        ] GC(502) Archive regions: 0->0
[61.898s][info][gc,heap        ] GC(502) Humongous regions: 0->0
[61.898s][info][gc,metaspace   ] GC(502) Metaspace: 74041K(75072K)->74041K(75072K) NonClass: 58772K(59072K)->58772K(59072K) Class: 15269K(16000K)->15269K(16000K)
[61.898s][info][gc             ] GC(502) Pause Young (Normal) (G1 Evacuation Pause) 391M->39M(590M) 2.070ms
[61.898s][info][gc,cpu         ] GC(502) User=0.00s Sys=0.00s Real=0.00s
[61.987s][info][gc,start       ] GC(503) Pause Young (Normal) (G1 Evacuation Pause)
[61.987s][info][gc,task        ] GC(503) Using 33 workers of 33 for evacuation
[61.989s][info][gc,phases      ] GC(503)   Pre Evacuate Collection Set: 0.2ms
[61.989s][info][gc,phases      ] GC(503)   Merge Heap Roots: 0.2ms
[61.989s][info][gc,phases      ] GC(503)   Evacuate Collection Set: 0.8ms
[61.989s][info][gc,phases      ] GC(503)   Post Evacuate Collection Set: 0.5ms
[61.989s][info][gc,phases      ] GC(503)   Other: 0.1ms
[61.989s][info][gc,heap        ] GC(503) Eden regions: 352->0(352)
[61.989s][info][gc,heap        ] GC(503) Survivor regions: 2->2(45)
[61.989s][info][gc,heap        ] GC(503) Old regions: 45->45
[61.989s][info][gc,heap        ] GC(503) Archive regions: 0->0
[61.989s][info][gc,heap        ] GC(503) Humongous regions: 0->0
[61.989s][info][gc,metaspace   ] GC(503) Metaspace: 74041K(75072K)->74041K(75072K) NonClass: 58772K(59072K)->58772K(59072K) Class: 15269K(16000K)->15269K(16000K)
[61.989s][info][gc             ] GC(503) Pause Young (Normal) (G1 Evacuation Pause) 391M->39M(590M) 2.109ms
[61.989s][info][gc,cpu         ] GC(503) User=0.00s Sys=0.00s Real=0.00s
[62.078s][info][gc,start       ] GC(504) Pause Young (Normal) (G1 Evacuation Pause)
[62.079s][info][gc,task        ] GC(504) Using 33 workers of 33 for evacuation
[62.080s][info][gc,phases      ] GC(504)   Pre Evacuate Collection Set: 0.2ms
[62.080s][info][gc,phases      ] GC(504)   Merge Heap Roots: 0.2ms
[62.080s][info][gc,phases      ] GC(504)   Evacuate Collection Set: 0.8ms
[62.080s][info][gc,phases      ] GC(504)   Post Evacuate Collection Set: 0.5ms
[62.080s][info][gc,phases      ] GC(504)   Other: 0.1ms
[62.080s][info][gc,heap        ] GC(504) Eden regions: 352->0(352)
[62.081s][info][gc,heap        ] GC(504) Survivor regions: 2->2(45)
[62.081s][info][gc,heap        ] GC(504) Old regions: 45->45
[62.081s][info][gc,heap        ] GC(504) Archive regions: 0->0
[62.081s][info][gc,heap        ] GC(504) Humongous regions: 0->0
[62.081s][info][gc,metaspace   ] GC(504) Metaspace: 74041K(75072K)->74041K(75072K) NonClass: 58772K(59072K)->58772K(59072K) Class: 15269K(16000K)->15269K(16000K)
[62.081s][info][gc             ] GC(504) Pause Young (Normal) (G1 Evacuation Pause) 391M->39M(590M) 2.177ms
[62.081s][info][gc,cpu         ] GC(504) User=0.00s Sys=0.00s Real=0.00s
[62.171s][info][gc,start       ] GC(505) Pause Young (Normal) (G1 Evacuation Pause)
[62.171s][info][gc,task        ] GC(505) Using 33 workers of 33 for evacuation
[62.173s][info][gc,phases      ] GC(505)   Pre Evacuate Collection Set: 0.2ms
[62.173s][info][gc,phases      ] GC(505)   Merge Heap Roots: 0.2ms
[62.173s][info][gc,phases      ] GC(505)   Evacuate Collection Set: 0.8ms
[62.173s][info][gc,phases      ] GC(505)   Post Evacuate Collection Set: 0.6ms
[62.173s][info][gc,phases      ] GC(505)   Other: 0.1ms
[62.173s][info][gc,heap        ] GC(505) Eden regions: 352->0(352)
[62.173s][info][gc,heap        ] GC(505) Survivor regions: 2->2(45)
[62.173s][info][gc,heap        ] GC(505) Old regions: 45->45
[62.173s][info][gc,heap        ] GC(505) Archive regions: 0->0
[62.173s][info][gc,heap        ] GC(505) Humongous regions: 0->0
[62.173s][info][gc,metaspace   ] GC(505) Metaspace: 74046K(75072K)->74046K(75072K) NonClass: 58777K(59072K)->58777K(59072K) Class: 15269K(16000K)->15269K(16000K)
[62.173s][info][gc             ] GC(505) Pause Young (Normal) (G1 Evacuation Pause) 391M->39M(590M) 2.151ms
[62.173s][info][gc,cpu         ] GC(505) User=0.00s Sys=0.00s Real=0.00s
[62.266s][info][gc,start       ] GC(506) Pause Young (Normal) (G1 Evacuation Pause)
[62.266s][info][gc,task        ] GC(506) Using 33 workers of 33 for evacuation
[62.268s][info][gc,phases      ] GC(506)   Pre Evacuate Collection Set: 0.2ms
[62.268s][info][gc,phases      ] GC(506)   Merge Heap Roots: 0.2ms
[62.268s][info][gc,phases      ] GC(506)   Evacuate Collection Set: 0.8ms
[62.268s][info][gc,phases      ] GC(506)   Post Evacuate Collection Set: 0.5ms
[62.268s][info][gc,phases      ] GC(506)   Other: 0.1ms
[62.268s][info][gc,heap        ] GC(506) Eden regions: 352->0(352)
[62.268s][info][gc,heap        ] GC(506) Survivor regions: 2->2(45)
[62.268s][info][gc,heap        ] GC(506) Old regions: 45->45
[62.268s][info][gc,heap        ] GC(506) Archive regions: 0->0
[62.268s][info][gc,heap        ] GC(506) Humongous regions: 0->0
[62.268s][info][gc,metaspace   ] GC(506) Metaspace: 74048K(75072K)->74048K(75072K) NonClass: 58779K(59072K)->58779K(59072K) Class: 15269K(16000K)->15269K(16000K)
[62.268s][info][gc             ] GC(506) Pause Young (Normal) (G1 Evacuation Pause) 391M->39M(590M) 2.004ms
[62.268s][info][gc,cpu         ] GC(506) User=0.00s Sys=0.00s Real=0.00s
[62.361s][info][gc,start       ] GC(507) Pause Young (Normal) (G1 Evacuation Pause)
[62.361s][info][gc,task        ] GC(507) Using 33 workers of 33 for evacuation
[62.363s][info][gc,phases      ] GC(507)   Pre Evacuate Collection Set: 0.2ms
[62.363s][info][gc,phases      ] GC(507)   Merge Heap Roots: 0.2ms
[62.363s][info][gc,phases      ] GC(507)   Evacuate Collection Set: 0.8ms
[62.363s][info][gc,phases      ] GC(507)   Post Evacuate Collection Set: 0.5ms
[62.363s][info][gc,phases      ] GC(507)   Other: 0.1ms
[62.363s][info][gc,heap        ] GC(507) Eden regions: 352->0(352)
[62.363s][info][gc,heap        ] GC(507) Survivor regions: 2->2(45)
[62.363s][info][gc,heap        ] GC(507) Old regions: 45->45
[62.363s][info][gc,heap        ] GC(507) Archive regions: 0->0
[62.363s][info][gc,heap        ] GC(507) Humongous regions: 0->0
[62.363s][info][gc,metaspace   ] GC(507) Metaspace: 74048K(75072K)->74048K(75072K) NonClass: 58779K(59072K)->58779K(59072K) Class: 15269K(16000K)->15269K(16000K)
[62.363s][info][gc             ] GC(507) Pause Young (Normal) (G1 Evacuation Pause) 391M->39M(590M) 1.977ms
[62.363s][info][gc,cpu         ] GC(507) User=0.00s Sys=0.00s Real=0.00s
[62.460s][info][gc,start       ] GC(508) Pause Young (Normal) (G1 Evacuation Pause)
[62.460s][info][gc,task        ] GC(508) Using 33 workers of 33 for evacuation
[62.462s][info][gc,phases      ] GC(508)   Pre Evacuate Collection Set: 0.2ms
[62.462s][info][gc,phases      ] GC(508)   Merge Heap Roots: 0.2ms
[62.462s][info][gc,phases      ] GC(508)   Evacuate Collection Set: 0.8ms
[62.462s][info][gc,phases      ] GC(508)   Post Evacuate Collection Set: 0.5ms
[62.462s][info][gc,phases      ] GC(508)   Other: 0.1ms
[62.462s][info][gc,heap        ] GC(508) Eden regions: 352->0(352)
[62.462s][info][gc,heap        ] GC(508) Survivor regions: 2->2(45)
[62.462s][info][gc,heap        ] GC(508) Old regions: 45->45
[62.462s][info][gc,heap        ] GC(508) Archive regions: 0->0
[62.462s][info][gc,heap        ] GC(508) Humongous regions: 0->0
[62.462s][info][gc,metaspace   ] GC(508) Metaspace: 74048K(75072K)->74048K(75072K) NonClass: 58779K(59072K)->58779K(59072K) Class: 15269K(16000K)->15269K(16000K)
[62.462s][info][gc             ] GC(508) Pause Young (Normal) (G1 Evacuation Pause) 391M->39M(590M) 2.075ms
[62.462s][info][gc,cpu         ] GC(508) User=0.00s Sys=0.00s Real=0.00s
[62.566s][info][gc,start       ] GC(509) Pause Young (Normal) (G1 Evacuation Pause)
[62.566s][info][gc,task        ] GC(509) Using 33 workers of 33 for evacuation
[62.568s][info][gc,phases      ] GC(509)   Pre Evacuate Collection Set: 0.2ms
[62.568s][info][gc,phases      ] GC(509)   Merge Heap Roots: 0.2ms
[62.568s][info][gc,phases      ] GC(509)   Evacuate Collection Set: 0.8ms
[62.568s][info][gc,phases      ] GC(509)   Post Evacuate Collection Set: 0.5ms
[62.568s][info][gc,phases      ] GC(509)   Other: 0.1ms
[62.568s][info][gc,heap        ] GC(509) Eden regions: 352->0(352)
[62.568s][info][gc,heap        ] GC(509) Survivor regions: 2->2(45)
[62.568s][info][gc,heap        ] GC(509) Old regions: 45->45
[62.568s][info][gc,heap        ] GC(509) Archive regions: 0->0
[62.568s][info][gc,heap        ] GC(509) Humongous regions: 0->0
[62.568s][info][gc,metaspace   ] GC(509) Metaspace: 74048K(75072K)->74048K(75072K) NonClass: 58779K(59072K)->58779K(59072K) Class: 15269K(16000K)->15269K(16000K)
[62.568s][info][gc             ] GC(509) Pause Young (Normal) (G1 Evacuation Pause) 391M->39M(590M) 2.003ms
[62.568s][info][gc,cpu         ] GC(509) User=0.00s Sys=0.00s Real=0.00s
[62.689s][info][gc,start       ] GC(510) Pause Young (Normal) (G1 Evacuation Pause)
[62.690s][info][gc,task        ] GC(510) Using 33 workers of 33 for evacuation
[62.691s][info][gc,phases      ] GC(510)   Pre Evacuate Collection Set: 0.2ms
[62.691s][info][gc,phases      ] GC(510)   Merge Heap Roots: 0.2ms
[62.691s][info][gc,phases      ] GC(510)   Evacuate Collection Set: 0.7ms
[62.691s][info][gc,phases      ] GC(510)   Post Evacuate Collection Set: 0.5ms
[62.691s][info][gc,phases      ] GC(510)   Other: 0.2ms
[62.691s][info][gc,heap        ] GC(510) Eden regions: 352->0(352)
[62.691s][info][gc,heap        ] GC(510) Survivor regions: 2->2(45)
[62.691s][info][gc,heap        ] GC(510) Old regions: 45->45
[62.691s][info][gc,heap        ] GC(510) Archive regions: 0->0
[62.691s][info][gc,heap        ] GC(510) Humongous regions: 0->0
[62.691s][info][gc,metaspace   ] GC(510) Metaspace: 74048K(75072K)->74048K(75072K) NonClass: 58779K(59072K)->58779K(59072K) Class: 15269K(16000K)->15269K(16000K)
[62.691s][info][gc             ] GC(510) Pause Young (Normal) (G1 Evacuation Pause) 391M->39M(590M) 2.002ms
[62.691s][info][gc,cpu         ] GC(510) User=0.00s Sys=0.00s Real=0.00s
[62.833s][info][gc,start       ] GC(511) Pause Young (Normal) (G1 Evacuation Pause)
[62.833s][info][gc,task        ] GC(511) Using 33 workers of 33 for evacuation
[62.835s][info][gc,phases      ] GC(511)   Pre Evacuate Collection Set: 0.2ms
[62.835s][info][gc,phases      ] GC(511)   Merge Heap Roots: 0.2ms
[62.835s][info][gc,phases      ] GC(511)   Evacuate Collection Set: 0.8ms
[62.835s][info][gc,phases      ] GC(511)   Post Evacuate Collection Set: 0.6ms
[62.835s][info][gc,phases      ] GC(511)   Other: 0.1ms
[62.835s][info][gc,heap        ] GC(511) Eden regions: 352->0(352)
[62.835s][info][gc,heap        ] GC(511) Survivor regions: 2->2(45)
[62.835s][info][gc,heap        ] GC(511) Old regions: 45->45
[62.835s][info][gc,heap        ] GC(511) Archive regions: 0->0
[62.835s][info][gc,heap        ] GC(511) Humongous regions: 0->0
[62.835s][info][gc,metaspace   ] GC(511) Metaspace: 74048K(75072K)->74048K(75072K) NonClass: 58779K(59072K)->58779K(59072K) Class: 15269K(16000K)->15269K(16000K)
[62.835s][info][gc             ] GC(511) Pause Young (Normal) (G1 Evacuation Pause) 391M->39M(590M) 2.087ms
[62.835s][info][gc,cpu         ] GC(511) User=0.34s Sys=0.00s Real=0.02s
[63.015s][info][gc,start       ] GC(512) Pause Young (Normal) (G1 Evacuation Pause)
[63.016s][info][gc,task        ] GC(512) Using 26 workers of 33 for evacuation
[63.017s][info][gc,phases      ] GC(512)   Pre Evacuate Collection Set: 0.1ms
[63.017s][info][gc,phases      ] GC(512)   Merge Heap Roots: 0.1ms
[63.017s][info][gc,phases      ] GC(512)   Evacuate Collection Set: 0.6ms
[63.017s][info][gc,phases      ] GC(512)   Post Evacuate Collection Set: 0.5ms
[63.017s][info][gc,phases      ] GC(512)   Other: 0.1ms
[63.017s][info][gc,heap        ] GC(512) Eden regions: 352->0(352)
[63.017s][info][gc,heap        ] GC(512) Survivor regions: 2->2(45)
[63.017s][info][gc,heap        ] GC(512) Old regions: 45->45
[63.017s][info][gc,heap        ] GC(512) Archive regions: 0->0
[63.017s][info][gc,heap        ] GC(512) Humongous regions: 0->0
[63.017s][info][gc,metaspace   ] GC(512) Metaspace: 74048K(75072K)->74048K(75072K) NonClass: 58779K(59072K)->58779K(59072K) Class: 15269K(16000K)->15269K(16000K)
[63.017s][info][gc             ] GC(512) Pause Young (Normal) (G1 Evacuation Pause) 391M->39M(590M) 1.745ms
[63.017s][info][gc,cpu         ] GC(512) User=0.00s Sys=0.00s Real=0.00s
[63.240s][info][gc,start       ] GC(513) Pause Young (Normal) (G1 Evacuation Pause)
[63.240s][info][gc,task        ] GC(513) Using 22 workers of 33 for evacuation
[63.242s][info][gc,phases      ] GC(513)   Pre Evacuate Collection Set: 0.1ms
[63.242s][info][gc,phases      ] GC(513)   Merge Heap Roots: 0.1ms
[63.242s][info][gc,phases      ] GC(513)   Evacuate Collection Set: 0.5ms
[63.242s][info][gc,phases      ] GC(513)   Post Evacuate Collection Set: 0.4ms
[63.242s][info][gc,phases      ] GC(513)   Other: 0.1ms
[63.242s][info][gc,heap        ] GC(513) Eden regions: 352->0(352)
[63.242s][info][gc,heap        ] GC(513) Survivor regions: 2->2(45)
[63.242s][info][gc,heap        ] GC(513) Old regions: 45->45
[63.242s][info][gc,heap        ] GC(513) Archive regions: 0->0
[63.242s][info][gc,heap        ] GC(513) Humongous regions: 0->0
[63.242s][info][gc,metaspace   ] GC(513) Metaspace: 74048K(75072K)->74048K(75072K) NonClass: 58779K(59072K)->58779K(59072K) Class: 15269K(16000K)->15269K(16000K)
[63.242s][info][gc             ] GC(513) Pause Young (Normal) (G1 Evacuation Pause) 391M->39M(590M) 1.473ms
[63.242s][info][gc,cpu         ] GC(513) User=0.00s Sys=0.00s Real=0.00s
[63.485s][info][gc,start       ] GC(514) Pause Young (Normal) (G1 Evacuation Pause)
[63.485s][info][gc,task        ] GC(514) Using 20 workers of 33 for evacuation
[63.486s][info][gc,phases      ] GC(514)   Pre Evacuate Collection Set: 0.1ms
[63.486s][info][gc,phases      ] GC(514)   Merge Heap Roots: 0.1ms
[63.486s][info][gc,phases      ] GC(514)   Evacuate Collection Set: 0.6ms
[63.486s][info][gc,phases      ] GC(514)   Post Evacuate Collection Set: 0.4ms
[63.486s][info][gc,phases      ] GC(514)   Other: 0.1ms
[63.486s][info][gc,heap        ] GC(514) Eden regions: 352->0(352)
[63.486s][info][gc,heap        ] GC(514) Survivor regions: 2->2(45)
[63.486s][info][gc,heap        ] GC(514) Old regions: 45->45
[63.486s][info][gc,heap        ] GC(514) Archive regions: 0->0
[63.486s][info][gc,heap        ] GC(514) Humongous regions: 0->0
[63.486s][info][gc,metaspace   ] GC(514) Metaspace: 74049K(75072K)->74049K(75072K) NonClass: 58780K(59072K)->58780K(59072K) Class: 15269K(16000K)->15269K(16000K)
[63.487s][info][gc             ] GC(514) Pause Young (Normal) (G1 Evacuation Pause) 391M->39M(590M) 1.491ms
[63.487s][info][gc,cpu         ] GC(514) User=0.00s Sys=0.00s Real=0.00s
[63.729s][info][gc,start       ] GC(515) Pause Young (Normal) (G1 Evacuation Pause)
[63.730s][info][gc,task        ] GC(515) Using 19 workers of 33 for evacuation
[63.731s][info][gc,phases      ] GC(515)   Pre Evacuate Collection Set: 0.1ms
[63.731s][info][gc,phases      ] GC(515)   Merge Heap Roots: 0.1ms
[63.731s][info][gc,phases      ] GC(515)   Evacuate Collection Set: 0.5ms
[63.731s][info][gc,phases      ] GC(515)   Post Evacuate Collection Set: 0.4ms
[63.731s][info][gc,phases      ] GC(515)   Other: 0.1ms
[63.731s][info][gc,heap        ] GC(515) Eden regions: 352->0(352)
[63.731s][info][gc,heap        ] GC(515) Survivor regions: 2->2(45)
[63.731s][info][gc,heap        ] GC(515) Old regions: 45->45
[63.731s][info][gc,heap        ] GC(515) Archive regions: 0->0
[63.731s][info][gc,heap        ] GC(515) Humongous regions: 0->0
[63.731s][info][gc,metaspace   ] GC(515) Metaspace: 74049K(75072K)->74049K(75072K) NonClass: 58780K(59072K)->58780K(59072K) Class: 15269K(16000K)->15269K(16000K)
[63.731s][info][gc             ] GC(515) Pause Young (Normal) (G1 Evacuation Pause) 391M->39M(590M) 1.495ms
[63.731s][info][gc,cpu         ] GC(515) User=0.00s Sys=0.00s Real=0.00s
[63.972s][info][gc,start       ] GC(516) Pause Young (Normal) (G1 Evacuation Pause)
[63.972s][info][gc,task        ] GC(516) Using 18 workers of 33 for evacuation
[63.973s][info][gc,phases      ] GC(516)   Pre Evacuate Collection Set: 0.1ms
[63.973s][info][gc,phases      ] GC(516)   Merge Heap Roots: 0.1ms
[63.973s][info][gc,phases      ] GC(516)   Evacuate Collection Set: 0.6ms
[63.973s][info][gc,phases      ] GC(516)   Post Evacuate Collection Set: 0.4ms
[63.973s][info][gc,phases      ] GC(516)   Other: 0.1ms
[63.973s][info][gc,heap        ] GC(516) Eden regions: 352->0(352)
[63.973s][info][gc,heap        ] GC(516) Survivor regions: 2->2(45)
[63.973s][info][gc,heap        ] GC(516) Old regions: 45->45
[63.973s][info][gc,heap        ] GC(516) Archive regions: 0->0
[63.973s][info][gc,heap        ] GC(516) Humongous regions: 0->0
[63.973s][info][gc,metaspace   ] GC(516) Metaspace: 74049K(75072K)->74049K(75072K) NonClass: 58780K(59072K)->58780K(59072K) Class: 15269K(16000K)->15269K(16000K)
[63.973s][info][gc             ] GC(516) Pause Young (Normal) (G1 Evacuation Pause) 391M->39M(590M) 1.537ms
[63.973s][info][gc,cpu         ] GC(516) User=0.00s Sys=0.00s Real=0.00s
[64.214s][info][gc,start       ] GC(517) Pause Young (Normal) (G1 Evacuation Pause)
[64.214s][info][gc,task        ] GC(517) Using 18 workers of 33 for evacuation
[64.216s][info][gc,phases      ] GC(517)   Pre Evacuate Collection Set: 0.1ms
[64.216s][info][gc,phases      ] GC(517)   Merge Heap Roots: 0.1ms
[64.216s][info][gc,phases      ] GC(517)   Evacuate Collection Set: 0.6ms
[64.216s][info][gc,phases      ] GC(517)   Post Evacuate Collection Set: 0.3ms
[64.216s][info][gc,phases      ] GC(517)   Other: 0.1ms
[64.216s][info][gc,heap        ] GC(517) Eden regions: 352->0(352)
[64.216s][info][gc,heap        ] GC(517) Survivor regions: 2->2(45)
[64.216s][info][gc,heap        ] GC(517) Old regions: 45->45
[64.216s][info][gc,heap        ] GC(517) Archive regions: 0->0
[64.216s][info][gc,heap        ] GC(517) Humongous regions: 0->0
[64.216s][info][gc,metaspace   ] GC(517) Metaspace: 74049K(75072K)->74049K(75072K) NonClass: 58780K(59072K)->58780K(59072K) Class: 15269K(16000K)->15269K(16000K)
[64.216s][info][gc             ] GC(517) Pause Young (Normal) (G1 Evacuation Pause) 391M->39M(590M) 1.412ms
[64.216s][info][gc,cpu         ] GC(517) User=0.00s Sys=0.00s Real=0.00s
[64.468s][info][gc,start       ] GC(518) Pause Full (System.gc())
[64.468s][info][gc,task        ] GC(518) Using 16 workers of 33 for full compaction
[64.468s][info][gc,phases,start] GC(518) Phase 1: Mark live objects
[64.491s][info][gc,phases      ] GC(518) Phase 1: Mark live objects 22.229ms
[64.491s][info][gc,phases,start] GC(518) Phase 2: Prepare compaction
[64.493s][info][gc,phases      ] GC(518) Phase 2: Prepare compaction 1.880ms
[64.493s][info][gc,phases,start] GC(518) Phase 3: Adjust pointers
[64.498s][info][gc,phases      ] GC(518) Phase 3: Adjust pointers 5.048ms
[64.498s][info][gc,phases,start] GC(518) Phase 4: Compact heap
[64.498s][info][gc,phases      ] GC(518) Phase 4: Compact heap 0.835ms
[64.507s][info][gc,heap        ] GC(518) Eden regions: 324->0(86)
[64.507s][info][gc,heap        ] GC(518) Survivor regions: 2->0(45)
[64.507s][info][gc,heap        ] GC(518) Old regions: 45->43
[64.507s][info][gc,heap        ] GC(518) Archive regions: 0->0
[64.507s][info][gc,heap        ] GC(518) Humongous regions: 0->0
[64.507s][info][gc,metaspace   ] GC(518) Metaspace: 74063K(75072K)->74063K(75072K) NonClass: 58794K(59072K)->58794K(59072K) Class: 15269K(16000K)->15269K(16000K)
[64.507s][info][gc             ] GC(518) Pause Full (System.gc()) 362M->35M(144M) 39.855ms
[64.507s][info][gc,cpu         ] GC(518) User=0.27s Sys=0.00s Real=0.03s
[64.555s][info][gc,start       ] GC(519) Pause Young (Concurrent Start) (G1 Evacuation Pause)
[64.555s][info][gc,task        ] GC(519) Using 33 workers of 33 for evacuation
[64.558s][info][gc,phases      ] GC(519)   Pre Evacuate Collection Set: 0.3ms
[64.558s][info][gc,phases      ] GC(519)   Merge Heap Roots: 0.1ms
[64.558s][info][gc,phases      ] GC(519)   Evacuate Collection Set: 1.2ms
[64.558s][info][gc,phases      ] GC(519)   Post Evacuate Collection Set: 0.7ms
[64.558s][info][gc,phases      ] GC(519)   Other: 0.1ms
[64.558s][info][gc,heap        ] GC(519) Eden regions: 86->0(82)
[64.558s][info][gc,heap        ] GC(519) Survivor regions: 0->4(11)
[64.558s][info][gc,heap        ] GC(519) Old regions: 43->43
[64.558s][info][gc,heap        ] GC(519) Archive regions: 0->0
[64.558s][info][gc,heap        ] GC(519) Humongous regions: 0->0
[64.558s][info][gc,metaspace   ] GC(519) Metaspace: 74141K(75136K)->74141K(75136K) NonClass: 58871K(59136K)->58871K(59136K) Class: 15269K(16000K)->15269K(16000K)
[64.558s][info][gc             ] GC(519) Pause Young (Concurrent Start) (G1 Evacuation Pause) 121M->38M(144M) 2.683ms
[64.558s][info][gc             ] GC(520) Concurrent Mark Cycle
[64.558s][info][gc,cpu         ] GC(519) User=0.00s Sys=0.00s Real=0.00s
[64.558s][info][gc,marking     ] GC(520) Concurrent Scan Root Regions
[64.562s][info][gc,marking     ] GC(520) Concurrent Scan Root Regions 4.119ms
[64.562s][info][gc,marking     ] GC(520) Concurrent Mark
[64.562s][info][gc,marking     ] GC(520) Concurrent Mark From Roots
[64.562s][info][gc,task        ] GC(520) Using 8 workers of 8 for marking
[64.572s][info][gc,marking     ] GC(520) Concurrent Mark From Roots 9.903ms
[64.572s][info][gc,marking     ] GC(520) Concurrent Preclean
[64.573s][info][gc,marking     ] GC(520) Concurrent Preclean 0.227ms
[64.573s][info][gc,start       ] GC(520) Pause Remark
[64.575s][info][gc             ] GC(520) Pause Remark 80M->80M(149M) 2.157ms
[64.575s][info][gc,cpu         ] GC(520) User=0.00s Sys=0.00s Real=0.00s
[64.575s][info][gc,marking     ] GC(520) Concurrent Mark 13.109ms
[64.575s][info][gc,marking     ] GC(520) Concurrent Rebuild Remembered Sets and Scrub Regions
[64.580s][info][gc,marking     ] GC(520) Concurrent Rebuild Remembered Sets and Scrub Regions 4.541ms
[64.580s][info][gc,start       ] GC(520) Pause Cleanup
[64.580s][info][gc             ] GC(520) Pause Cleanup 95M->95M(149M) 0.133ms
[64.580s][info][gc,cpu         ] GC(520) User=0.00s Sys=0.00s Real=0.00s
[64.581s][info][gc,marking     ] GC(520) Concurrent Clear Claimed Marks
[64.581s][info][gc,marking     ] GC(520) Concurrent Clear Claimed Marks 0.078ms
[64.581s][info][gc,marking     ] GC(520) Concurrent Cleanup for Next Mark
[64.581s][info][gc,marking     ] GC(520) Concurrent Cleanup for Next Mark 0.324ms
[64.581s][info][gc             ] GC(520) Concurrent Mark Cycle 23.244ms
[64.588s][info][gc,start       ] GC(521) Pause Young (Prepare Mixed) (G1 Evacuation Pause)
[64.588s][info][gc,task        ] GC(521) Using 33 workers of 33 for evacuation
[64.590s][info][gc,phases      ] GC(521)   Pre Evacuate Collection Set: 0.2ms
[64.590s][info][gc,phases      ] GC(521)   Merge Heap Roots: 0.2ms
[64.590s][info][gc,phases      ] GC(521)   Evacuate Collection Set: 1.1ms
[64.590s][info][gc,phases      ] GC(521)   Post Evacuate Collection Set: 0.6ms
[64.590s][info][gc,phases      ] GC(521)   Other: 0.1ms
[64.590s][info][gc,heap        ] GC(521) Eden regions: 82->0(85)
[64.590s][info][gc,heap        ] GC(521) Survivor regions: 4->4(11)
[64.590s][info][gc,heap        ] GC(521) Old regions: 43->43
[64.590s][info][gc,heap        ] GC(521) Archive regions: 0->0
[64.590s][info][gc,heap        ] GC(521) Humongous regions: 0->0
[64.590s][info][gc,metaspace   ] GC(521) Metaspace: 74141K(75136K)->74141K(75136K) NonClass: 58871K(59136K)->58871K(59136K) Class: 15269K(16000K)->15269K(16000K)
[64.590s][info][gc             ] GC(521) Pause Young (Prepare Mixed) (G1 Evacuation Pause) 120M->39M(149M) 2.413ms
[64.590s][info][gc,cpu         ] GC(521) User=0.00s Sys=0.00s Real=0.00s
[64.614s][info][gc,start       ] GC(522) Pause Young (Mixed) (G1 Evacuation Pause)
[64.614s][info][gc,task        ] GC(522) Using 33 workers of 33 for evacuation
[64.616s][info][gc,phases      ] GC(522)   Pre Evacuate Collection Set: 0.2ms
[64.616s][info][gc,phases      ] GC(522)   Merge Heap Roots: 0.2ms
[64.616s][info][gc,phases      ] GC(522)   Evacuate Collection Set: 1.2ms
[64.616s][info][gc,phases      ] GC(522)   Post Evacuate Collection Set: 0.6ms
[64.616s][info][gc,phases      ] GC(522)   Other: 0.1ms
[64.616s][info][gc,heap        ] GC(522) Eden regions: 85->0(85)
[64.616s][info][gc,heap        ] GC(522) Survivor regions: 4->4(12)
[64.616s][info][gc,heap        ] GC(522) Old regions: 43->42
[64.616s][info][gc,heap        ] GC(522) Archive regions: 0->0
[64.616s][info][gc,heap        ] GC(522) Humongous regions: 0->0
[64.616s][info][gc,metaspace   ] GC(522) Metaspace: 74141K(75136K)->74141K(75136K) NonClass: 58871K(59136K)->58871K(59136K) Class: 15269K(16000K)->15269K(16000K)
[64.616s][info][gc             ] GC(522) Pause Young (Mixed) (G1 Evacuation Pause) 124M->39M(149M) 2.440ms
[64.616s][info][gc,cpu         ] GC(522) User=0.00s Sys=0.00s Real=0.00s
[64.651s][info][gc,start       ] GC(523) Pause Young (Normal) (G1 Evacuation Pause)
[64.651s][info][gc,task        ] GC(523) Using 33 workers of 33 for evacuation
[64.654s][info][gc,phases      ] GC(523)   Pre Evacuate Collection Set: 0.2ms
[64.654s][info][gc,phases      ] GC(523)   Merge Heap Roots: 0.2ms
[64.654s][info][gc,phases      ] GC(523)   Evacuate Collection Set: 1.3ms
[64.654s][info][gc,phases      ] GC(523)   Post Evacuate Collection Set: 0.7ms
[64.654s][info][gc,phases      ] GC(523)   Other: 0.1ms
[64.654s][info][gc,heap        ] GC(523) Eden regions: 85->0(85)
[64.654s][info][gc,heap        ] GC(523) Survivor regions: 4->4(12)
[64.654s][info][gc,heap        ] GC(523) Old regions: 42->42
[64.654s][info][gc,heap        ] GC(523) Archive regions: 0->0
[64.654s][info][gc,heap        ] GC(523) Humongous regions: 0->0
[64.654s][info][gc,metaspace   ] GC(523) Metaspace: 74141K(75136K)->74141K(75136K) NonClass: 58871K(59136K)->58871K(59136K) Class: 15269K(16000K)->15269K(16000K)
[64.654s][info][gc             ] GC(523) Pause Young (Normal) (G1 Evacuation Pause) 124M->39M(149M) 2.665ms
[64.654s][info][gc,cpu         ] GC(523) User=0.00s Sys=0.00s Real=0.00s
[64.689s][info][gc,start       ] GC(524) Pause Young (Normal) (G1 Evacuation Pause)
[64.689s][info][gc,task        ] GC(524) Using 33 workers of 33 for evacuation
[64.695s][info][gc,phases      ] GC(524)   Pre Evacuate Collection Set: 0.2ms
[64.695s][info][gc,phases      ] GC(524)   Merge Heap Roots: 0.1ms
[64.695s][info][gc,phases      ] GC(524)   Evacuate Collection Set: 1.1ms
[64.695s][info][gc,phases      ] GC(524)   Post Evacuate Collection Set: 3.7ms
[64.695s][info][gc,phases      ] GC(524)   Other: 0.1ms
[64.695s][info][gc,heap        ] GC(524) Eden regions: 85->0(348)
[64.695s][info][gc,heap        ] GC(524) Survivor regions: 4->4(12)
[64.695s][info][gc,heap        ] GC(524) Old regions: 42->42
[64.695s][info][gc,heap        ] GC(524) Archive regions: 0->0
[64.695s][info][gc,heap        ] GC(524) Humongous regions: 0->0
[64.695s][info][gc,metaspace   ] GC(524) Metaspace: 74141K(75136K)->74141K(75136K) NonClass: 58871K(59136K)->58871K(59136K) Class: 15269K(16000K)->15269K(16000K)
[64.695s][info][gc             ] GC(524) Pause Young (Normal) (G1 Evacuation Pause) 124M->39M(587M) 5.587ms
[64.695s][info][gc,cpu         ] GC(524) User=0.00s Sys=0.00s Real=0.00s
[64.902s][info][gc,start       ] GC(525) Pause Young (Normal) (G1 Evacuation Pause)
[64.902s][info][gc,task        ] GC(525) Using 33 workers of 33 for evacuation
[64.905s][info][gc,phases      ] GC(525)   Pre Evacuate Collection Set: 0.2ms
[64.905s][info][gc,phases      ] GC(525)   Merge Heap Roots: 0.2ms
[64.905s][info][gc,phases      ] GC(525)   Evacuate Collection Set: 2.3ms
[64.905s][info][gc,phases      ] GC(525)   Post Evacuate Collection Set: 0.7ms
[64.905s][info][gc,phases      ] GC(525)   Other: 0.1ms
[64.905s][info][gc,heap        ] GC(525) Eden regions: 348->0(348)
[64.905s][info][gc,heap        ] GC(525) Survivor regions: 4->4(44)
[64.905s][info][gc,heap        ] GC(525) Old regions: 42->42
[64.905s][info][gc,heap        ] GC(525) Archive regions: 0->0
[64.905s][info][gc,heap        ] GC(525) Humongous regions: 0->0
[64.905s][info][gc,metaspace   ] GC(525) Metaspace: 74141K(75136K)->74141K(75136K) NonClass: 58871K(59136K)->58871K(59136K) Class: 15269K(16000K)->15269K(16000K)
[64.905s][info][gc             ] GC(525) Pause Young (Normal) (G1 Evacuation Pause) 387M->39M(587M) 3.715ms
[64.905s][info][gc,cpu         ] GC(525) User=0.00s Sys=0.00s Real=0.00s
[64.993s][info][gc,start       ] GC(526) Pause Young (Normal) (G1 Evacuation Pause)
[64.993s][info][gc,task        ] GC(526) Using 33 workers of 33 for evacuation
[64.997s][info][gc,phases      ] GC(526)   Pre Evacuate Collection Set: 0.2ms
[64.997s][info][gc,phases      ] GC(526)   Merge Heap Roots: 0.2ms
[64.997s][info][gc,phases      ] GC(526)   Evacuate Collection Set: 2.5ms
[64.997s][info][gc,phases      ] GC(526)   Post Evacuate Collection Set: 0.7ms
[64.997s][info][gc,phases      ] GC(526)   Other: 0.1ms
[64.997s][info][gc,heap        ] GC(526) Eden regions: 348->0(348)
[64.997s][info][gc,heap        ] GC(526) Survivor regions: 4->4(44)
[64.997s][info][gc,heap        ] GC(526) Old regions: 42->42
[64.997s][info][gc,heap        ] GC(526) Archive regions: 0->0
[64.997s][info][gc,heap        ] GC(526) Humongous regions: 0->0
[64.997s][info][gc,metaspace   ] GC(526) Metaspace: 74141K(75136K)->74141K(75136K) NonClass: 58871K(59136K)->58871K(59136K) Class: 15269K(16000K)->15269K(16000K)
[64.997s][info][gc             ] GC(526) Pause Young (Normal) (G1 Evacuation Pause) 387M->39M(587M) 3.880ms
[64.997s][info][gc,cpu         ] GC(526) User=0.00s Sys=0.00s Real=0.00s
[65.084s][info][gc,start       ] GC(527) Pause Young (Normal) (G1 Evacuation Pause)
[65.084s][info][gc,task        ] GC(527) Using 33 workers of 33 for evacuation
[65.087s][info][gc,phases      ] GC(527)   Pre Evacuate Collection Set: 0.2ms
[65.087s][info][gc,phases      ] GC(527)   Merge Heap Roots: 0.2ms
[65.087s][info][gc,phases      ] GC(527)   Evacuate Collection Set: 1.1ms
[65.087s][info][gc,phases      ] GC(527)   Post Evacuate Collection Set: 0.6ms
[65.087s][info][gc,phases      ] GC(527)   Other: 0.1ms
[65.087s][info][gc,heap        ] GC(527) Eden regions: 348->0(348)
[65.087s][info][gc,heap        ] GC(527) Survivor regions: 4->4(44)
[65.087s][info][gc,heap        ] GC(527) Old regions: 42->42
[65.087s][info][gc,heap        ] GC(527) Archive regions: 0->0
[65.087s][info][gc,heap        ] GC(527) Humongous regions: 0->0
[65.087s][info][gc,metaspace   ] GC(527) Metaspace: 74141K(75136K)->74141K(75136K) NonClass: 58871K(59136K)->58871K(59136K) Class: 15269K(16000K)->15269K(16000K)
[65.087s][info][gc             ] GC(527) Pause Young (Normal) (G1 Evacuation Pause) 387M->39M(587M) 2.495ms
[65.087s][info][gc,cpu         ] GC(527) User=0.00s Sys=0.00s Real=0.00s
[65.174s][info][gc,start       ] GC(528) Pause Young (Normal) (G1 Evacuation Pause)
[65.175s][info][gc,task        ] GC(528) Using 33 workers of 33 for evacuation
[65.177s][info][gc,phases      ] GC(528)   Pre Evacuate Collection Set: 0.2ms
[65.177s][info][gc,phases      ] GC(528)   Merge Heap Roots: 0.2ms
[65.177s][info][gc,phases      ] GC(528)   Evacuate Collection Set: 1.1ms
[65.177s][info][gc,phases      ] GC(528)   Post Evacuate Collection Set: 0.6ms
[65.177s][info][gc,phases      ] GC(528)   Other: 0.1ms
[65.177s][info][gc,heap        ] GC(528) Eden regions: 348->0(348)
[65.177s][info][gc,heap        ] GC(528) Survivor regions: 4->4(44)
[65.177s][info][gc,heap        ] GC(528) Old regions: 42->42
[65.177s][info][gc,heap        ] GC(528) Archive regions: 0->0
[65.177s][info][gc,heap        ] GC(528) Humongous regions: 0->0
[65.177s][info][gc,metaspace   ] GC(528) Metaspace: 74141K(75136K)->74141K(75136K) NonClass: 58871K(59136K)->58871K(59136K) Class: 15269K(16000K)->15269K(16000K)
[65.177s][info][gc             ] GC(528) Pause Young (Normal) (G1 Evacuation Pause) 387M->39M(587M) 2.486ms
[65.177s][info][gc,cpu         ] GC(528) User=0.00s Sys=0.00s Real=0.00s
[65.264s][info][gc,start       ] GC(529) Pause Young (Normal) (G1 Evacuation Pause)
[65.264s][info][gc,task        ] GC(529) Using 33 workers of 33 for evacuation
[65.267s][info][gc,phases      ] GC(529)   Pre Evacuate Collection Set: 0.2ms
[65.267s][info][gc,phases      ] GC(529)   Merge Heap Roots: 0.2ms
[65.267s][info][gc,phases      ] GC(529)   Evacuate Collection Set: 1.1ms
[65.267s][info][gc,phases      ] GC(529)   Post Evacuate Collection Set: 0.7ms
[65.267s][info][gc,phases      ] GC(529)   Other: 0.1ms
[65.267s][info][gc,heap        ] GC(529) Eden regions: 348->0(348)
[65.267s][info][gc,heap        ] GC(529) Survivor regions: 4->4(44)
[65.267s][info][gc,heap        ] GC(529) Old regions: 42->42
[65.267s][info][gc,heap        ] GC(529) Archive regions: 0->0
[65.267s][info][gc,heap        ] GC(529) Humongous regions: 0->0
[65.267s][info][gc,metaspace   ] GC(529) Metaspace: 74141K(75136K)->74141K(75136K) NonClass: 58871K(59136K)->58871K(59136K) Class: 15269K(16000K)->15269K(16000K)
[65.267s][info][gc             ] GC(529) Pause Young (Normal) (G1 Evacuation Pause) 387M->39M(587M) 2.531ms
[65.267s][info][gc,cpu         ] GC(529) User=0.00s Sys=0.00s Real=0.00s
[65.354s][info][gc,start       ] GC(530) Pause Young (Normal) (G1 Evacuation Pause)
[65.354s][info][gc,task        ] GC(530) Using 33 workers of 33 for evacuation
[65.357s][info][gc,phases      ] GC(530)   Pre Evacuate Collection Set: 0.2ms
[65.357s][info][gc,phases      ] GC(530)   Merge Heap Roots: 0.2ms
[65.357s][info][gc,phases      ] GC(530)   Evacuate Collection Set: 1.2ms
[65.357s][info][gc,phases      ] GC(530)   Post Evacuate Collection Set: 0.7ms
[65.357s][info][gc,phases      ] GC(530)   Other: 0.1ms
[65.357s][info][gc,heap        ] GC(530) Eden regions: 348->0(348)
[65.357s][info][gc,heap        ] GC(530) Survivor regions: 4->4(44)
[65.357s][info][gc,heap        ] GC(530) Old regions: 42->42
[65.357s][info][gc,heap        ] GC(530) Archive regions: 0->0
[65.357s][info][gc,heap        ] GC(530) Humongous regions: 0->0
[65.357s][info][gc,metaspace   ] GC(530) Metaspace: 74141K(75136K)->74141K(75136K) NonClass: 58871K(59136K)->58871K(59136K) Class: 15269K(16000K)->15269K(16000K)
[65.357s][info][gc             ] GC(530) Pause Young (Normal) (G1 Evacuation Pause) 387M->39M(587M) 2.592ms
[65.357s][info][gc,cpu         ] GC(530) User=0.00s Sys=0.00s Real=0.00s
[65.449s][info][gc,start       ] GC(531) Pause Young (Normal) (G1 Evacuation Pause)
[65.449s][info][gc,task        ] GC(531) Using 33 workers of 33 for evacuation
[65.451s][info][gc,phases      ] GC(531)   Pre Evacuate Collection Set: 0.2ms
[65.451s][info][gc,phases      ] GC(531)   Merge Heap Roots: 0.2ms
[65.451s][info][gc,phases      ] GC(531)   Evacuate Collection Set: 1.1ms
[65.451s][info][gc,phases      ] GC(531)   Post Evacuate Collection Set: 0.7ms
[65.451s][info][gc,phases      ] GC(531)   Other: 0.1ms
[65.451s][info][gc,heap        ] GC(531) Eden regions: 348->0(348)
[65.451s][info][gc,heap        ] GC(531) Survivor regions: 4->4(44)
[65.451s][info][gc,heap        ] GC(531) Old regions: 42->42
[65.451s][info][gc,heap        ] GC(531) Archive regions: 0->0
[65.451s][info][gc,heap        ] GC(531) Humongous regions: 0->0
[65.451s][info][gc,metaspace   ] GC(531) Metaspace: 74141K(75136K)->74141K(75136K) NonClass: 58871K(59136K)->58871K(59136K) Class: 15269K(16000K)->15269K(16000K)
[65.451s][info][gc             ] GC(531) Pause Young (Normal) (G1 Evacuation Pause) 387M->39M(587M) 2.563ms
[65.451s][info][gc,cpu         ] GC(531) User=0.00s Sys=0.00s Real=0.00s
[65.539s][info][gc,start       ] GC(532) Pause Young (Normal) (G1 Evacuation Pause)
[65.539s][info][gc,task        ] GC(532) Using 33 workers of 33 for evacuation
[65.542s][info][gc,phases      ] GC(532)   Pre Evacuate Collection Set: 0.2ms
[65.542s][info][gc,phases      ] GC(532)   Merge Heap Roots: 0.2ms
[65.542s][info][gc,phases      ] GC(532)   Evacuate Collection Set: 1.1ms
[65.542s][info][gc,phases      ] GC(532)   Post Evacuate Collection Set: 0.7ms
[65.542s][info][gc,phases      ] GC(532)   Other: 0.2ms
[65.542s][info][gc,heap        ] GC(532) Eden regions: 348->0(348)
[65.542s][info][gc,heap        ] GC(532) Survivor regions: 4->4(44)
[65.542s][info][gc,heap        ] GC(532) Old regions: 42->42
[65.542s][info][gc,heap        ] GC(532) Archive regions: 0->0
[65.542s][info][gc,heap        ] GC(532) Humongous regions: 0->0
[65.542s][info][gc,metaspace   ] GC(532) Metaspace: 74141K(75136K)->74141K(75136K) NonClass: 58871K(59136K)->58871K(59136K) Class: 15269K(16000K)->15269K(16000K)
[65.542s][info][gc             ] GC(532) Pause Young (Normal) (G1 Evacuation Pause) 387M->39M(587M) 2.589ms
[65.542s][info][gc,cpu         ] GC(532) User=0.00s Sys=0.00s Real=0.00s
[65.629s][info][gc,start       ] GC(533) Pause Young (Normal) (G1 Evacuation Pause)
[65.629s][info][gc,task        ] GC(533) Using 33 workers of 33 for evacuation
[65.631s][info][gc,phases      ] GC(533)   Pre Evacuate Collection Set: 0.2ms
[65.631s][info][gc,phases      ] GC(533)   Merge Heap Roots: 0.2ms
[65.631s][info][gc,phases      ] GC(533)   Evacuate Collection Set: 1.2ms
[65.631s][info][gc,phases      ] GC(533)   Post Evacuate Collection Set: 0.7ms
[65.631s][info][gc,phases      ] GC(533)   Other: 0.1ms
[65.631s][info][gc,heap        ] GC(533) Eden regions: 348->0(348)
[65.631s][info][gc,heap        ] GC(533) Survivor regions: 4->4(44)
[65.631s][info][gc,heap        ] GC(533) Old regions: 42->42
[65.631s][info][gc,heap        ] GC(533) Archive regions: 0->0
[65.631s][info][gc,heap        ] GC(533) Humongous regions: 0->0
[65.631s][info][gc,metaspace   ] GC(533) Metaspace: 74141K(75136K)->74141K(75136K) NonClass: 58871K(59136K)->58871K(59136K) Class: 15269K(16000K)->15269K(16000K)
[65.631s][info][gc             ] GC(533) Pause Young (Normal) (G1 Evacuation Pause) 387M->39M(587M) 2.601ms
[65.632s][info][gc,cpu         ] GC(533) User=0.00s Sys=0.00s Real=0.00s
[65.719s][info][gc,start       ] GC(534) Pause Young (Normal) (G1 Evacuation Pause)
[65.729s][info][gc,task        ] GC(534) Using 33 workers of 33 for evacuation
[65.732s][info][gc,phases      ] GC(534)   Pre Evacuate Collection Set: 0.2ms
[65.732s][info][gc,phases      ] GC(534)   Merge Heap Roots: 0.2ms
[65.732s][info][gc,phases      ] GC(534)   Evacuate Collection Set: 1.3ms
[65.732s][info][gc,phases      ] GC(534)   Post Evacuate Collection Set: 0.8ms
[65.732s][info][gc,phases      ] GC(534)   Other: 0.1ms
[65.732s][info][gc,heap        ] GC(534) Eden regions: 348->0(348)
[65.732s][info][gc,heap        ] GC(534) Survivor regions: 4->4(44)
[65.732s][info][gc,heap        ] GC(534) Old regions: 42->42
[65.732s][info][gc,heap        ] GC(534) Archive regions: 0->0
[65.732s][info][gc,heap        ] GC(534) Humongous regions: 0->0
[65.732s][info][gc,metaspace   ] GC(534) Metaspace: 74141K(75136K)->74141K(75136K) NonClass: 58871K(59136K)->58871K(59136K) Class: 15269K(16000K)->15269K(16000K)
[65.732s][info][gc             ] GC(534) Pause Young (Normal) (G1 Evacuation Pause) 387M->39M(587M) 13.107ms
[65.732s][info][gc,cpu         ] GC(534) User=0.00s Sys=0.00s Real=0.00s
[65.824s][info][gc,start       ] GC(535) Pause Young (Normal) (G1 Evacuation Pause)
[65.824s][info][gc,task        ] GC(535) Using 33 workers of 33 for evacuation
[65.826s][info][gc,phases      ] GC(535)   Pre Evacuate Collection Set: 0.2ms
[65.826s][info][gc,phases      ] GC(535)   Merge Heap Roots: 0.2ms
[65.826s][info][gc,phases      ] GC(535)   Evacuate Collection Set: 1.2ms
[65.826s][info][gc,phases      ] GC(535)   Post Evacuate Collection Set: 0.5ms
[65.826s][info][gc,phases      ] GC(535)   Other: 0.1ms
[65.826s][info][gc,heap        ] GC(535) Eden regions: 348->0(350)
[65.826s][info][gc,heap        ] GC(535) Survivor regions: 4->2(44)
[65.826s][info][gc,heap        ] GC(535) Old regions: 42->44
[65.826s][info][gc,heap        ] GC(535) Archive regions: 0->0
[65.826s][info][gc,heap        ] GC(535) Humongous regions: 0->0
[65.826s][info][gc,metaspace   ] GC(535) Metaspace: 74141K(75136K)->74141K(75136K) NonClass: 58871K(59136K)->58871K(59136K) Class: 15269K(16000K)->15269K(16000K)
[65.826s][info][gc             ] GC(535) Pause Young (Normal) (G1 Evacuation Pause) 387M->39M(587M) 2.361ms
[65.826s][info][gc,cpu         ] GC(535) User=0.00s Sys=0.00s Real=0.00s
[65.914s][info][gc,start       ] GC(536) Pause Young (Normal) (G1 Evacuation Pause)
[65.914s][info][gc,task        ] GC(536) Using 33 workers of 33 for evacuation
[65.916s][info][gc,phases      ] GC(536)   Pre Evacuate Collection Set: 0.2ms
[65.916s][info][gc,phases      ] GC(536)   Merge Heap Roots: 0.2ms
[65.916s][info][gc,phases      ] GC(536)   Evacuate Collection Set: 0.8ms
[65.916s][info][gc,phases      ] GC(536)   Post Evacuate Collection Set: 0.5ms
[65.916s][info][gc,phases      ] GC(536)   Other: 0.1ms
[65.916s][info][gc,heap        ] GC(536) Eden regions: 350->0(350)
[65.916s][info][gc,heap        ] GC(536) Survivor regions: 2->2(44)
[65.916s][info][gc,heap        ] GC(536) Old regions: 44->44
[65.916s][info][gc,heap        ] GC(536) Archive regions: 0->0
[65.916s][info][gc,heap        ] GC(536) Humongous regions: 0->0
[65.916s][info][gc,metaspace   ] GC(536) Metaspace: 74141K(75136K)->74141K(75136K) NonClass: 58871K(59136K)->58871K(59136K) Class: 15269K(16000K)->15269K(16000K)
[65.916s][info][gc             ] GC(536) Pause Young (Normal) (G1 Evacuation Pause) 389M->39M(587M) 2.048ms
[65.916s][info][gc,cpu         ] GC(536) User=0.00s Sys=0.00s Real=0.00s
[66.004s][info][gc,start       ] GC(537) Pause Young (Normal) (G1 Evacuation Pause)
[66.004s][info][gc,task        ] GC(537) Using 33 workers of 33 for evacuation
[66.006s][info][gc,phases      ] GC(537)   Pre Evacuate Collection Set: 0.2ms
[66.006s][info][gc,phases      ] GC(537)   Merge Heap Roots: 0.2ms
[66.006s][info][gc,phases      ] GC(537)   Evacuate Collection Set: 0.8ms
[66.006s][info][gc,phases      ] GC(537)   Post Evacuate Collection Set: 0.5ms
[66.006s][info][gc,phases      ] GC(537)   Other: 0.1ms
[66.006s][info][gc,heap        ] GC(537) Eden regions: 350->0(350)
[66.006s][info][gc,heap        ] GC(537) Survivor regions: 2->2(44)
[66.006s][info][gc,heap        ] GC(537) Old regions: 44->44
[66.006s][info][gc,heap        ] GC(537) Archive regions: 0->0
[66.006s][info][gc,heap        ] GC(537) Humongous regions: 0->0
[66.006s][info][gc,metaspace   ] GC(537) Metaspace: 74141K(75136K)->74141K(75136K) NonClass: 58871K(59136K)->58871K(59136K) Class: 15269K(16000K)->15269K(16000K)
[66.006s][info][gc             ] GC(537) Pause Young (Normal) (G1 Evacuation Pause) 389M->39M(587M) 2.029ms
[66.006s][info][gc,cpu         ] GC(537) User=0.00s Sys=0.00s Real=0.00s
[66.095s][info][gc,start       ] GC(538) Pause Young (Normal) (G1 Evacuation Pause)
[66.095s][info][gc,task        ] GC(538) Using 33 workers of 33 for evacuation
[66.096s][info][gc,phases      ] GC(538)   Pre Evacuate Collection Set: 0.2ms
[66.096s][info][gc,phases      ] GC(538)   Merge Heap Roots: 0.2ms
[66.096s][info][gc,phases      ] GC(538)   Evacuate Collection Set: 0.8ms
[66.096s][info][gc,phases      ] GC(538)   Post Evacuate Collection Set: 0.5ms
[66.096s][info][gc,phases      ] GC(538)   Other: 0.1ms
[66.096s][info][gc,heap        ] GC(538) Eden regions: 350->0(350)
[66.096s][info][gc,heap        ] GC(538) Survivor regions: 2->2(44)
[66.096s][info][gc,heap        ] GC(538) Old regions: 44->44
[66.096s][info][gc,heap        ] GC(538) Archive regions: 0->0
[66.097s][info][gc,heap        ] GC(538) Humongous regions: 0->0
[66.097s][info][gc,metaspace   ] GC(538) Metaspace: 74141K(75136K)->74141K(75136K) NonClass: 58871K(59136K)->58871K(59136K) Class: 15269K(16000K)->15269K(16000K)
[66.097s][info][gc             ] GC(538) Pause Young (Normal) (G1 Evacuation Pause) 389M->39M(587M) 2.003ms
[66.097s][info][gc,cpu         ] GC(538) User=0.00s Sys=0.00s Real=0.00s
[66.185s][info][gc,start       ] GC(539) Pause Young (Normal) (G1 Evacuation Pause)
[66.185s][info][gc,task        ] GC(539) Using 33 workers of 33 for evacuation
[66.187s][info][gc,phases      ] GC(539)   Pre Evacuate Collection Set: 0.2ms
[66.187s][info][gc,phases      ] GC(539)   Merge Heap Roots: 0.2ms
[66.187s][info][gc,phases      ] GC(539)   Evacuate Collection Set: 0.8ms
[66.187s][info][gc,phases      ] GC(539)   Post Evacuate Collection Set: 0.5ms
[66.187s][info][gc,phases      ] GC(539)   Other: 0.1ms
[66.187s][info][gc,heap        ] GC(539) Eden regions: 350->0(350)
[66.187s][info][gc,heap        ] GC(539) Survivor regions: 2->2(44)
[66.187s][info][gc,heap        ] GC(539) Old regions: 44->44
[66.187s][info][gc,heap        ] GC(539) Archive regions: 0->0
[66.187s][info][gc,heap        ] GC(539) Humongous regions: 0->0
[66.187s][info][gc,metaspace   ] GC(539) Metaspace: 74141K(75136K)->74141K(75136K) NonClass: 58871K(59136K)->58871K(59136K) Class: 15269K(16000K)->15269K(16000K)
[66.187s][info][gc             ] GC(539) Pause Young (Normal) (G1 Evacuation Pause) 389M->39M(587M) 2.001ms
[66.187s][info][gc,cpu         ] GC(539) User=0.00s Sys=0.00s Real=0.00s
[66.275s][info][gc,start       ] GC(540) Pause Young (Normal) (G1 Evacuation Pause)
[66.275s][info][gc,task        ] GC(540) Using 33 workers of 33 for evacuation
[66.277s][info][gc,phases      ] GC(540)   Pre Evacuate Collection Set: 0.2ms
[66.277s][info][gc,phases      ] GC(540)   Merge Heap Roots: 0.2ms
[66.277s][info][gc,phases      ] GC(540)   Evacuate Collection Set: 0.8ms
[66.277s][info][gc,phases      ] GC(540)   Post Evacuate Collection Set: 0.5ms
[66.277s][info][gc,phases      ] GC(540)   Other: 0.1ms
[66.277s][info][gc,heap        ] GC(540) Eden regions: 350->0(350)
[66.277s][info][gc,heap        ] GC(540) Survivor regions: 2->2(44)
[66.277s][info][gc,heap        ] GC(540) Old regions: 44->44
[66.277s][info][gc,heap        ] GC(540) Archive regions: 0->0
[66.277s][info][gc,heap        ] GC(540) Humongous regions: 0->0
[66.277s][info][gc,metaspace   ] GC(540) Metaspace: 74141K(75136K)->74141K(75136K) NonClass: 58871K(59136K)->58871K(59136K) Class: 15269K(16000K)->15269K(16000K)
[66.277s][info][gc             ] GC(540) Pause Young (Normal) (G1 Evacuation Pause) 389M->39M(587M) 2.031ms
[66.277s][info][gc,cpu         ] GC(540) User=0.00s Sys=0.00s Real=0.00s
[66.365s][info][gc,start       ] GC(541) Pause Young (Normal) (G1 Evacuation Pause)
[66.365s][info][gc,task        ] GC(541) Using 33 workers of 33 for evacuation
[66.367s][info][gc,phases      ] GC(541)   Pre Evacuate Collection Set: 0.2ms
[66.367s][info][gc,phases      ] GC(541)   Merge Heap Roots: 0.2ms
[66.367s][info][gc,phases      ] GC(541)   Evacuate Collection Set: 0.8ms
[66.367s][info][gc,phases      ] GC(541)   Post Evacuate Collection Set: 0.5ms
[66.367s][info][gc,phases      ] GC(541)   Other: 0.1ms
[66.367s][info][gc,heap        ] GC(541) Eden regions: 350->0(350)
[66.367s][info][gc,heap        ] GC(541) Survivor regions: 2->2(44)
[66.367s][info][gc,heap        ] GC(541) Old regions: 44->44
[66.367s][info][gc,heap        ] GC(541) Archive regions: 0->0
[66.367s][info][gc,heap        ] GC(541) Humongous regions: 0->0
[66.367s][info][gc,metaspace   ] GC(541) Metaspace: 74141K(75136K)->74141K(75136K) NonClass: 58871K(59136K)->58871K(59136K) Class: 15269K(16000K)->15269K(16000K)
[66.367s][info][gc             ] GC(541) Pause Young (Normal) (G1 Evacuation Pause) 389M->39M(587M) 2.012ms
[66.367s][info][gc,cpu         ] GC(541) User=0.00s Sys=0.00s Real=0.00s
[66.455s][info][gc,start       ] GC(542) Pause Young (Normal) (G1 Evacuation Pause)
[66.455s][info][gc,task        ] GC(542) Using 33 workers of 33 for evacuation
[66.457s][info][gc,phases      ] GC(542)   Pre Evacuate Collection Set: 0.2ms
[66.457s][info][gc,phases      ] GC(542)   Merge Heap Roots: 0.2ms
[66.457s][info][gc,phases      ] GC(542)   Evacuate Collection Set: 0.8ms
[66.457s][info][gc,phases      ] GC(542)   Post Evacuate Collection Set: 0.5ms
[66.457s][info][gc,phases      ] GC(542)   Other: 0.1ms
[66.457s][info][gc,heap        ] GC(542) Eden regions: 350->0(350)
[66.457s][info][gc,heap        ] GC(542) Survivor regions: 2->2(44)
[66.457s][info][gc,heap        ] GC(542) Old regions: 44->44
[66.457s][info][gc,heap        ] GC(542) Archive regions: 0->0
[66.457s][info][gc,heap        ] GC(542) Humongous regions: 0->0
[66.457s][info][gc,metaspace   ] GC(542) Metaspace: 74141K(75136K)->74141K(75136K) NonClass: 58871K(59136K)->58871K(59136K) Class: 15269K(16000K)->15269K(16000K)
[66.457s][info][gc             ] GC(542) Pause Young (Normal) (G1 Evacuation Pause) 389M->39M(587M) 2.032ms
[66.457s][info][gc,cpu         ] GC(542) User=0.00s Sys=0.00s Real=0.00s
[66.545s][info][gc,start       ] GC(543) Pause Young (Normal) (G1 Evacuation Pause)
[66.546s][info][gc,task        ] GC(543) Using 33 workers of 33 for evacuation
[66.547s][info][gc,phases      ] GC(543)   Pre Evacuate Collection Set: 0.2ms
[66.547s][info][gc,phases      ] GC(543)   Merge Heap Roots: 0.2ms
[66.547s][info][gc,phases      ] GC(543)   Evacuate Collection Set: 0.8ms
[66.547s][info][gc,phases      ] GC(543)   Post Evacuate Collection Set: 0.5ms
[66.547s][info][gc,phases      ] GC(543)   Other: 0.1ms
[66.547s][info][gc,heap        ] GC(543) Eden regions: 350->0(350)
[66.547s][info][gc,heap        ] GC(543) Survivor regions: 2->2(44)
[66.547s][info][gc,heap        ] GC(543) Old regions: 44->44
[66.547s][info][gc,heap        ] GC(543) Archive regions: 0->0
[66.547s][info][gc,heap        ] GC(543) Humongous regions: 0->0
[66.547s][info][gc,metaspace   ] GC(543) Metaspace: 74141K(75136K)->74141K(75136K) NonClass: 58871K(59136K)->58871K(59136K) Class: 15269K(16000K)->15269K(16000K)
[66.547s][info][gc             ] GC(543) Pause Young (Normal) (G1 Evacuation Pause) 389M->39M(587M) 2.063ms
[66.548s][info][gc,cpu         ] GC(543) User=0.00s Sys=0.00s Real=0.00s
[66.636s][info][gc,start       ] GC(544) Pause Young (Normal) (G1 Evacuation Pause)
[66.636s][info][gc,task        ] GC(544) Using 33 workers of 33 for evacuation
[66.637s][info][gc,phases      ] GC(544)   Pre Evacuate Collection Set: 0.2ms
[66.637s][info][gc,phases      ] GC(544)   Merge Heap Roots: 0.2ms
[66.637s][info][gc,phases      ] GC(544)   Evacuate Collection Set: 0.8ms
[66.637s][info][gc,phases      ] GC(544)   Post Evacuate Collection Set: 0.5ms
[66.638s][info][gc,phases      ] GC(544)   Other: 0.1ms
[66.638s][info][gc,heap        ] GC(544) Eden regions: 350->0(350)
[66.638s][info][gc,heap        ] GC(544) Survivor regions: 2->2(44)
[66.638s][info][gc,heap        ] GC(544) Old regions: 44->44
[66.638s][info][gc,heap        ] GC(544) Archive regions: 0->0
[66.638s][info][gc,heap        ] GC(544) Humongous regions: 0->0
[66.638s][info][gc,metaspace   ] GC(544) Metaspace: 74141K(75136K)->74141K(75136K) NonClass: 58871K(59136K)->58871K(59136K) Class: 15269K(16000K)->15269K(16000K)
[66.638s][info][gc             ] GC(544) Pause Young (Normal) (G1 Evacuation Pause) 389M->39M(587M) 2.055ms
[66.638s][info][gc,cpu         ] GC(544) User=0.00s Sys=0.00s Real=0.00s
[66.726s][info][gc,start       ] GC(545) Pause Young (Normal) (G1 Evacuation Pause)
[66.726s][info][gc,task        ] GC(545) Using 33 workers of 33 for evacuation
[66.728s][info][gc,phases      ] GC(545)   Pre Evacuate Collection Set: 0.2ms
[66.728s][info][gc,phases      ] GC(545)   Merge Heap Roots: 0.2ms
[66.728s][info][gc,phases      ] GC(545)   Evacuate Collection Set: 0.8ms
[66.728s][info][gc,phases      ] GC(545)   Post Evacuate Collection Set: 0.5ms
[66.728s][info][gc,phases      ] GC(545)   Other: 0.1ms
[66.728s][info][gc,heap        ] GC(545) Eden regions: 350->0(350)
[66.728s][info][gc,heap        ] GC(545) Survivor regions: 2->2(44)
[66.728s][info][gc,heap        ] GC(545) Old regions: 44->44
[66.728s][info][gc,heap        ] GC(545) Archive regions: 0->0
[66.728s][info][gc,heap        ] GC(545) Humongous regions: 0->0
[66.728s][info][gc,metaspace   ] GC(545) Metaspace: 74141K(75136K)->74141K(75136K) NonClass: 58871K(59136K)->58871K(59136K) Class: 15269K(16000K)->15269K(16000K)
[66.728s][info][gc             ] GC(545) Pause Young (Normal) (G1 Evacuation Pause) 389M->39M(587M) 2.080ms
[66.728s][info][gc,cpu         ] GC(545) User=0.00s Sys=0.00s Real=0.00s
[66.816s][info][gc,start       ] GC(546) Pause Young (Normal) (G1 Evacuation Pause)
[66.816s][info][gc,task        ] GC(546) Using 33 workers of 33 for evacuation
[66.818s][info][gc,phases      ] GC(546)   Pre Evacuate Collection Set: 0.2ms
[66.818s][info][gc,phases      ] GC(546)   Merge Heap Roots: 0.2ms
[66.818s][info][gc,phases      ] GC(546)   Evacuate Collection Set: 0.8ms
[66.818s][info][gc,phases      ] GC(546)   Post Evacuate Collection Set: 0.5ms
[66.818s][info][gc,phases      ] GC(546)   Other: 0.1ms
[66.818s][info][gc,heap        ] GC(546) Eden regions: 350->0(350)
[66.818s][info][gc,heap        ] GC(546) Survivor regions: 2->2(44)
[66.818s][info][gc,heap        ] GC(546) Old regions: 44->44
[66.818s][info][gc,heap        ] GC(546) Archive regions: 0->0
[66.818s][info][gc,heap        ] GC(546) Humongous regions: 0->0
[66.818s][info][gc,metaspace   ] GC(546) Metaspace: 74141K(75136K)->74141K(75136K) NonClass: 58871K(59136K)->58871K(59136K) Class: 15269K(16000K)->15269K(16000K)
[66.818s][info][gc             ] GC(546) Pause Young (Normal) (G1 Evacuation Pause) 389M->39M(587M) 2.022ms
[66.818s][info][gc,cpu         ] GC(546) User=0.00s Sys=0.00s Real=0.00s
[66.906s][info][gc,start       ] GC(547) Pause Young (Normal) (G1 Evacuation Pause)
[66.906s][info][gc,task        ] GC(547) Using 33 workers of 33 for evacuation
[66.908s][info][gc,phases      ] GC(547)   Pre Evacuate Collection Set: 0.2ms
[66.908s][info][gc,phases      ] GC(547)   Merge Heap Roots: 0.2ms
[66.908s][info][gc,phases      ] GC(547)   Evacuate Collection Set: 0.8ms
[66.908s][info][gc,phases      ] GC(547)   Post Evacuate Collection Set: 0.5ms
[66.908s][info][gc,phases      ] GC(547)   Other: 0.1ms
[66.908s][info][gc,heap        ] GC(547) Eden regions: 350->0(350)
[66.908s][info][gc,heap        ] GC(547) Survivor regions: 2->2(44)
[66.908s][info][gc,heap        ] GC(547) Old regions: 44->44
[66.908s][info][gc,heap        ] GC(547) Archive regions: 0->0
[66.908s][info][gc,heap        ] GC(547) Humongous regions: 0->0
[66.908s][info][gc,metaspace   ] GC(547) Metaspace: 74141K(75136K)->74141K(75136K) NonClass: 58871K(59136K)->58871K(59136K) Class: 15269K(16000K)->15269K(16000K)
[66.908s][info][gc             ] GC(547) Pause Young (Normal) (G1 Evacuation Pause) 389M->39M(587M) 1.974ms
[66.908s][info][gc,cpu         ] GC(547) User=0.00s Sys=0.00s Real=0.00s
[66.996s][info][gc,start       ] GC(548) Pause Young (Normal) (G1 Evacuation Pause)
[66.996s][info][gc,task        ] GC(548) Using 33 workers of 33 for evacuation
[66.998s][info][gc,phases      ] GC(548)   Pre Evacuate Collection Set: 0.2ms
[66.998s][info][gc,phases      ] GC(548)   Merge Heap Roots: 0.2ms
[66.998s][info][gc,phases      ] GC(548)   Evacuate Collection Set: 0.8ms
[66.998s][info][gc,phases      ] GC(548)   Post Evacuate Collection Set: 0.5ms
[66.998s][info][gc,phases      ] GC(548)   Other: 0.1ms
[66.998s][info][gc,heap        ] GC(548) Eden regions: 350->0(350)
[66.998s][info][gc,heap        ] GC(548) Survivor regions: 2->2(44)
[66.998s][info][gc,heap        ] GC(548) Old regions: 44->44
[66.998s][info][gc,heap        ] GC(548) Archive regions: 0->0
[66.998s][info][gc,heap        ] GC(548) Humongous regions: 0->0
[66.998s][info][gc,metaspace   ] GC(548) Metaspace: 74141K(75136K)->74141K(75136K) NonClass: 58871K(59136K)->58871K(59136K) Class: 15269K(16000K)->15269K(16000K)
[66.998s][info][gc             ] GC(548) Pause Young (Normal) (G1 Evacuation Pause) 389M->39M(587M) 2.043ms
[66.998s][info][gc,cpu         ] GC(548) User=0.00s Sys=0.02s Real=0.00s
[67.086s][info][gc,start       ] GC(549) Pause Young (Normal) (G1 Evacuation Pause)
[67.089s][info][gc,task        ] GC(549) Using 33 workers of 33 for evacuation
[67.091s][info][gc,phases      ] GC(549)   Pre Evacuate Collection Set: 0.2ms
[67.091s][info][gc,phases      ] GC(549)   Merge Heap Roots: 0.2ms
[67.091s][info][gc,phases      ] GC(549)   Evacuate Collection Set: 0.8ms
[67.091s][info][gc,phases      ] GC(549)   Post Evacuate Collection Set: 0.5ms
[67.091s][info][gc,phases      ] GC(549)   Other: 0.1ms
[67.091s][info][gc,heap        ] GC(549) Eden regions: 350->0(350)
[67.091s][info][gc,heap        ] GC(549) Survivor regions: 2->2(44)
[67.091s][info][gc,heap        ] GC(549) Old regions: 44->44
[67.091s][info][gc,heap        ] GC(549) Archive regions: 0->0
[67.091s][info][gc,heap        ] GC(549) Humongous regions: 0->0
[67.091s][info][gc,metaspace   ] GC(549) Metaspace: 74141K(75136K)->74141K(75136K) NonClass: 58871K(59136K)->58871K(59136K) Class: 15269K(16000K)->15269K(16000K)
[67.091s][info][gc             ] GC(549) Pause Young (Normal) (G1 Evacuation Pause) 389M->39M(587M) 4.846ms
[67.091s][info][gc,cpu         ] GC(549) User=0.00s Sys=0.00s Real=0.00s
[67.179s][info][gc,start       ] GC(550) Pause Young (Normal) (G1 Evacuation Pause)
[67.179s][info][gc,task        ] GC(550) Using 33 workers of 33 for evacuation
[67.181s][info][gc,phases      ] GC(550)   Pre Evacuate Collection Set: 0.2ms
[67.181s][info][gc,phases      ] GC(550)   Merge Heap Roots: 0.2ms
[67.181s][info][gc,phases      ] GC(550)   Evacuate Collection Set: 0.8ms
[67.181s][info][gc,phases      ] GC(550)   Post Evacuate Collection Set: 0.5ms
[67.181s][info][gc,phases      ] GC(550)   Other: 0.1ms
[67.181s][info][gc,heap        ] GC(550) Eden regions: 350->0(350)
[67.181s][info][gc,heap        ] GC(550) Survivor regions: 2->2(44)
[67.181s][info][gc,heap        ] GC(550) Old regions: 44->44
[67.181s][info][gc,heap        ] GC(550) Archive regions: 0->0
[67.181s][info][gc,heap        ] GC(550) Humongous regions: 0->0
[67.181s][info][gc,metaspace   ] GC(550) Metaspace: 74141K(75136K)->74141K(75136K) NonClass: 58871K(59136K)->58871K(59136K) Class: 15269K(16000K)->15269K(16000K)
[67.181s][info][gc             ] GC(550) Pause Young (Normal) (G1 Evacuation Pause) 389M->39M(587M) 2.026ms
[67.181s][info][gc,cpu         ] GC(550) User=0.00s Sys=0.00s Real=0.00s
[67.270s][info][gc,start       ] GC(551) Pause Young (Normal) (G1 Evacuation Pause)
[67.270s][info][gc,task        ] GC(551) Using 33 workers of 33 for evacuation
[67.272s][info][gc,phases      ] GC(551)   Pre Evacuate Collection Set: 0.2ms
[67.272s][info][gc,phases      ] GC(551)   Merge Heap Roots: 0.2ms
[67.272s][info][gc,phases      ] GC(551)   Evacuate Collection Set: 0.8ms
[67.272s][info][gc,phases      ] GC(551)   Post Evacuate Collection Set: 0.5ms
[67.272s][info][gc,phases      ] GC(551)   Other: 0.1ms
[67.272s][info][gc,heap        ] GC(551) Eden regions: 350->0(350)
[67.272s][info][gc,heap        ] GC(551) Survivor regions: 2->2(44)
[67.272s][info][gc,heap        ] GC(551) Old regions: 44->44
[67.272s][info][gc,heap        ] GC(551) Archive regions: 0->0
[67.272s][info][gc,heap        ] GC(551) Humongous regions: 0->0
[67.272s][info][gc,metaspace   ] GC(551) Metaspace: 74141K(75136K)->74141K(75136K) NonClass: 58871K(59136K)->58871K(59136K) Class: 15269K(16000K)->15269K(16000K)
[67.272s][info][gc             ] GC(551) Pause Young (Normal) (G1 Evacuation Pause) 389M->39M(587M) 2.018ms
[67.272s][info][gc,cpu         ] GC(551) User=0.00s Sys=0.00s Real=0.00s
[67.360s][info][gc,start       ] GC(552) Pause Young (Normal) (G1 Evacuation Pause)
[67.360s][info][gc,task        ] GC(552) Using 33 workers of 33 for evacuation
[67.362s][info][gc,phases      ] GC(552)   Pre Evacuate Collection Set: 0.2ms
[67.362s][info][gc,phases      ] GC(552)   Merge Heap Roots: 0.2ms
[67.362s][info][gc,phases      ] GC(552)   Evacuate Collection Set: 0.8ms
[67.362s][info][gc,phases      ] GC(552)   Post Evacuate Collection Set: 0.5ms
[67.362s][info][gc,phases      ] GC(552)   Other: 0.1ms
[67.362s][info][gc,heap        ] GC(552) Eden regions: 350->0(350)
[67.362s][info][gc,heap        ] GC(552) Survivor regions: 2->2(44)
[67.362s][info][gc,heap        ] GC(552) Old regions: 44->44
[67.362s][info][gc,heap        ] GC(552) Archive regions: 0->0
[67.362s][info][gc,heap        ] GC(552) Humongous regions: 0->0
[67.362s][info][gc,metaspace   ] GC(552) Metaspace: 74141K(75136K)->74141K(75136K) NonClass: 58871K(59136K)->58871K(59136K) Class: 15269K(16000K)->15269K(16000K)
[67.362s][info][gc             ] GC(552) Pause Young (Normal) (G1 Evacuation Pause) 389M->39M(587M) 2.047ms
[67.362s][info][gc,cpu         ] GC(552) User=0.00s Sys=0.00s Real=0.00s
[67.450s][info][gc,start       ] GC(553) Pause Young (Normal) (G1 Evacuation Pause)
[67.450s][info][gc,task        ] GC(553) Using 33 workers of 33 for evacuation
[67.452s][info][gc,phases      ] GC(553)   Pre Evacuate Collection Set: 0.2ms
[67.452s][info][gc,phases      ] GC(553)   Merge Heap Roots: 0.2ms
[67.452s][info][gc,phases      ] GC(553)   Evacuate Collection Set: 0.9ms
[67.452s][info][gc,phases      ] GC(553)   Post Evacuate Collection Set: 0.5ms
[67.452s][info][gc,phases      ] GC(553)   Other: 0.1ms
[67.452s][info][gc,heap        ] GC(553) Eden regions: 350->0(350)
[67.452s][info][gc,heap        ] GC(553) Survivor regions: 2->2(44)
[67.452s][info][gc,heap        ] GC(553) Old regions: 44->44
[67.452s][info][gc,heap        ] GC(553) Archive regions: 0->0
[67.452s][info][gc,heap        ] GC(553) Humongous regions: 0->0
[67.452s][info][gc,metaspace   ] GC(553) Metaspace: 74141K(75136K)->74141K(75136K) NonClass: 58871K(59136K)->58871K(59136K) Class: 15269K(16000K)->15269K(16000K)
[67.452s][info][gc             ] GC(553) Pause Young (Normal) (G1 Evacuation Pause) 389M->39M(587M) 2.102ms
[67.452s][info][gc,cpu         ] GC(553) User=0.00s Sys=0.00s Real=0.00s
[67.540s][info][gc,start       ] GC(554) Pause Young (Normal) (G1 Evacuation Pause)
[67.541s][info][gc,task        ] GC(554) Using 33 workers of 33 for evacuation
[67.542s][info][gc,phases      ] GC(554)   Pre Evacuate Collection Set: 0.2ms
[67.542s][info][gc,phases      ] GC(554)   Merge Heap Roots: 0.2ms
[67.542s][info][gc,phases      ] GC(554)   Evacuate Collection Set: 0.8ms
[67.542s][info][gc,phases      ] GC(554)   Post Evacuate Collection Set: 0.5ms
[67.542s][info][gc,phases      ] GC(554)   Other: 0.1ms
[67.542s][info][gc,heap        ] GC(554) Eden regions: 350->0(350)
[67.542s][info][gc,heap        ] GC(554) Survivor regions: 2->2(44)
[67.542s][info][gc,heap        ] GC(554) Old regions: 44->44
[67.542s][info][gc,heap        ] GC(554) Archive regions: 0->0
[67.542s][info][gc,heap        ] GC(554) Humongous regions: 0->0
[67.542s][info][gc,metaspace   ] GC(554) Metaspace: 74141K(75136K)->74141K(75136K) NonClass: 58871K(59136K)->58871K(59136K) Class: 15269K(16000K)->15269K(16000K)
[67.543s][info][gc             ] GC(554) Pause Young (Normal) (G1 Evacuation Pause) 389M->39M(587M) 2.067ms
[67.543s][info][gc,cpu         ] GC(554) User=0.00s Sys=0.00s Real=0.00s
[67.631s][info][gc,start       ] GC(555) Pause Young (Normal) (G1 Evacuation Pause)
[67.631s][info][gc,task        ] GC(555) Using 33 workers of 33 for evacuation
[67.633s][info][gc,phases      ] GC(555)   Pre Evacuate Collection Set: 0.2ms
[67.633s][info][gc,phases      ] GC(555)   Merge Heap Roots: 0.2ms
[67.633s][info][gc,phases      ] GC(555)   Evacuate Collection Set: 0.8ms
[67.633s][info][gc,phases      ] GC(555)   Post Evacuate Collection Set: 0.5ms
[67.633s][info][gc,phases      ] GC(555)   Other: 0.1ms
[67.633s][info][gc,heap        ] GC(555) Eden regions: 350->0(350)
[67.633s][info][gc,heap        ] GC(555) Survivor regions: 2->2(44)
[67.633s][info][gc,heap        ] GC(555) Old regions: 44->44
[67.633s][info][gc,heap        ] GC(555) Archive regions: 0->0
[67.633s][info][gc,heap        ] GC(555) Humongous regions: 0->0
[67.633s][info][gc,metaspace   ] GC(555) Metaspace: 74141K(75136K)->74141K(75136K) NonClass: 58871K(59136K)->58871K(59136K) Class: 15269K(16000K)->15269K(16000K)
[67.633s][info][gc             ] GC(555) Pause Young (Normal) (G1 Evacuation Pause) 389M->39M(587M) 2.033ms
[67.633s][info][gc,cpu         ] GC(555) User=0.00s Sys=0.00s Real=0.00s
[67.721s][info][gc,start       ] GC(556) Pause Young (Normal) (G1 Evacuation Pause)
[67.721s][info][gc,task        ] GC(556) Using 33 workers of 33 for evacuation
[67.723s][info][gc,phases      ] GC(556)   Pre Evacuate Collection Set: 0.2ms
[67.723s][info][gc,phases      ] GC(556)   Merge Heap Roots: 0.2ms
[67.723s][info][gc,phases      ] GC(556)   Evacuate Collection Set: 0.8ms
[67.723s][info][gc,phases      ] GC(556)   Post Evacuate Collection Set: 0.5ms
[67.723s][info][gc,phases      ] GC(556)   Other: 0.1ms
[67.723s][info][gc,heap        ] GC(556) Eden regions: 350->0(350)
[67.723s][info][gc,heap        ] GC(556) Survivor regions: 2->2(44)
[67.723s][info][gc,heap        ] GC(556) Old regions: 44->44
[67.723s][info][gc,heap        ] GC(556) Archive regions: 0->0
[67.723s][info][gc,heap        ] GC(556) Humongous regions: 0->0
[67.723s][info][gc,metaspace   ] GC(556) Metaspace: 74141K(75136K)->74141K(75136K) NonClass: 58871K(59136K)->58871K(59136K) Class: 15269K(16000K)->15269K(16000K)
[67.723s][info][gc             ] GC(556) Pause Young (Normal) (G1 Evacuation Pause) 389M->39M(587M) 2.009ms
[67.723s][info][gc,cpu         ] GC(556) User=0.00s Sys=0.00s Real=0.00s
[67.811s][info][gc,start       ] GC(557) Pause Young (Normal) (G1 Evacuation Pause)
[67.811s][info][gc,task        ] GC(557) Using 33 workers of 33 for evacuation
[67.813s][info][gc,phases      ] GC(557)   Pre Evacuate Collection Set: 0.2ms
[67.813s][info][gc,phases      ] GC(557)   Merge Heap Roots: 0.2ms
[67.813s][info][gc,phases      ] GC(557)   Evacuate Collection Set: 0.8ms
[67.813s][info][gc,phases      ] GC(557)   Post Evacuate Collection Set: 0.5ms
[67.813s][info][gc,phases      ] GC(557)   Other: 0.1ms
[67.813s][info][gc,heap        ] GC(557) Eden regions: 350->0(350)
[67.813s][info][gc,heap        ] GC(557) Survivor regions: 2->2(44)
[67.813s][info][gc,heap        ] GC(557) Old regions: 44->44
[67.813s][info][gc,heap        ] GC(557) Archive regions: 0->0
[67.813s][info][gc,heap        ] GC(557) Humongous regions: 0->0
[67.813s][info][gc,metaspace   ] GC(557) Metaspace: 74141K(75136K)->74141K(75136K) NonClass: 58871K(59136K)->58871K(59136K) Class: 15269K(16000K)->15269K(16000K)
[67.813s][info][gc             ] GC(557) Pause Young (Normal) (G1 Evacuation Pause) 389M->39M(587M) 2.050ms
[67.813s][info][gc,cpu         ] GC(557) User=0.00s Sys=0.00s Real=0.00s
[67.901s][info][gc,start       ] GC(558) Pause Young (Normal) (G1 Evacuation Pause)
[67.902s][info][gc,task        ] GC(558) Using 33 workers of 33 for evacuation
[67.903s][info][gc,phases      ] GC(558)   Pre Evacuate Collection Set: 0.2ms
[67.903s][info][gc,phases      ] GC(558)   Merge Heap Roots: 0.2ms
[67.903s][info][gc,phases      ] GC(558)   Evacuate Collection Set: 0.9ms
[67.903s][info][gc,phases      ] GC(558)   Post Evacuate Collection Set: 0.5ms
[67.903s][info][gc,phases      ] GC(558)   Other: 0.1ms
[67.903s][info][gc,heap        ] GC(558) Eden regions: 350->0(350)
[67.903s][info][gc,heap        ] GC(558) Survivor regions: 2->2(44)
[67.903s][info][gc,heap        ] GC(558) Old regions: 44->44
[67.903s][info][gc,heap        ] GC(558) Archive regions: 0->0
[67.903s][info][gc,heap        ] GC(558) Humongous regions: 0->0
[67.903s][info][gc,metaspace   ] GC(558) Metaspace: 74141K(75136K)->74141K(75136K) NonClass: 58871K(59136K)->58871K(59136K) Class: 15269K(16000K)->15269K(16000K)
[67.903s][info][gc             ] GC(558) Pause Young (Normal) (G1 Evacuation Pause) 389M->39M(587M) 2.076ms
[67.904s][info][gc,cpu         ] GC(558) User=0.00s Sys=0.02s Real=0.00s
[67.992s][info][gc,start       ] GC(559) Pause Young (Normal) (G1 Evacuation Pause)
[67.992s][info][gc,task        ] GC(559) Using 33 workers of 33 for evacuation
[67.993s][info][gc,phases      ] GC(559)   Pre Evacuate Collection Set: 0.2ms
[67.993s][info][gc,phases      ] GC(559)   Merge Heap Roots: 0.2ms
[67.993s][info][gc,phases      ] GC(559)   Evacuate Collection Set: 0.8ms
[67.993s][info][gc,phases      ] GC(559)   Post Evacuate Collection Set: 0.5ms
[67.993s][info][gc,phases      ] GC(559)   Other: 0.1ms
[67.993s][info][gc,heap        ] GC(559) Eden regions: 350->0(350)
[67.993s][info][gc,heap        ] GC(559) Survivor regions: 2->2(44)
[67.993s][info][gc,heap        ] GC(559) Old regions: 44->44
[67.993s][info][gc,heap        ] GC(559) Archive regions: 0->0
[67.994s][info][gc,heap        ] GC(559) Humongous regions: 0->0
[67.994s][info][gc,metaspace   ] GC(559) Metaspace: 74141K(75136K)->74141K(75136K) NonClass: 58871K(59136K)->58871K(59136K) Class: 15269K(16000K)->15269K(16000K)
[67.994s][info][gc             ] GC(559) Pause Young (Normal) (G1 Evacuation Pause) 389M->39M(587M) 2.036ms
[67.994s][info][gc,cpu         ] GC(559) User=0.00s Sys=0.00s Real=0.00s
[68.082s][info][gc,start       ] GC(560) Pause Young (Normal) (G1 Evacuation Pause)
[68.082s][info][gc,task        ] GC(560) Using 33 workers of 33 for evacuation
[68.083s][info][gc,phases      ] GC(560)   Pre Evacuate Collection Set: 0.2ms
[68.084s][info][gc,phases      ] GC(560)   Merge Heap Roots: 0.2ms
[68.084s][info][gc,phases      ] GC(560)   Evacuate Collection Set: 0.9ms
[68.084s][info][gc,phases      ] GC(560)   Post Evacuate Collection Set: 0.5ms
[68.084s][info][gc,phases      ] GC(560)   Other: 0.1ms
[68.084s][info][gc,heap        ] GC(560) Eden regions: 350->0(350)
[68.084s][info][gc,heap        ] GC(560) Survivor regions: 2->2(44)
[68.084s][info][gc,heap        ] GC(560) Old regions: 44->44
[68.084s][info][gc,heap        ] GC(560) Archive regions: 0->0
[68.084s][info][gc,heap        ] GC(560) Humongous regions: 0->0
[68.084s][info][gc,metaspace   ] GC(560) Metaspace: 74141K(75136K)->74141K(75136K) NonClass: 58871K(59136K)->58871K(59136K) Class: 15269K(16000K)->15269K(16000K)
[68.084s][info][gc             ] GC(560) Pause Young (Normal) (G1 Evacuation Pause) 389M->39M(587M) 2.047ms
[68.084s][info][gc,cpu         ] GC(560) User=0.00s Sys=0.00s Real=0.00s
[68.172s][info][gc,start       ] GC(561) Pause Young (Normal) (G1 Evacuation Pause)
[68.172s][info][gc,task        ] GC(561) Using 33 workers of 33 for evacuation
[68.174s][info][gc,phases      ] GC(561)   Pre Evacuate Collection Set: 0.2ms
[68.174s][info][gc,phases      ] GC(561)   Merge Heap Roots: 0.2ms
[68.174s][info][gc,phases      ] GC(561)   Evacuate Collection Set: 0.8ms
[68.174s][info][gc,phases      ] GC(561)   Post Evacuate Collection Set: 0.5ms
[68.174s][info][gc,phases      ] GC(561)   Other: 0.1ms
[68.174s][info][gc,heap        ] GC(561) Eden regions: 350->0(350)
[68.174s][info][gc,heap        ] GC(561) Survivor regions: 2->2(44)
[68.174s][info][gc,heap        ] GC(561) Old regions: 44->44
[68.174s][info][gc,heap        ] GC(561) Archive regions: 0->0
[68.174s][info][gc,heap        ] GC(561) Humongous regions: 0->0
[68.174s][info][gc,metaspace   ] GC(561) Metaspace: 74141K(75136K)->74141K(75136K) NonClass: 58871K(59136K)->58871K(59136K) Class: 15269K(16000K)->15269K(16000K)
[68.174s][info][gc             ] GC(561) Pause Young (Normal) (G1 Evacuation Pause) 389M->39M(587M) 2.030ms
[68.174s][info][gc,cpu         ] GC(561) User=0.00s Sys=0.00s Real=0.00s
[68.262s][info][gc,start       ] GC(562) Pause Young (Normal) (G1 Evacuation Pause)
[68.262s][info][gc,task        ] GC(562) Using 33 workers of 33 for evacuation
[68.264s][info][gc,phases      ] GC(562)   Pre Evacuate Collection Set: 0.2ms
[68.264s][info][gc,phases      ] GC(562)   Merge Heap Roots: 0.2ms
[68.264s][info][gc,phases      ] GC(562)   Evacuate Collection Set: 0.8ms
[68.264s][info][gc,phases      ] GC(562)   Post Evacuate Collection Set: 0.5ms
[68.264s][info][gc,phases      ] GC(562)   Other: 0.1ms
[68.264s][info][gc,heap        ] GC(562) Eden regions: 350->0(350)
[68.264s][info][gc,heap        ] GC(562) Survivor regions: 2->2(44)
[68.264s][info][gc,heap        ] GC(562) Old regions: 44->44
[68.264s][info][gc,heap        ] GC(562) Archive regions: 0->0
[68.264s][info][gc,heap        ] GC(562) Humongous regions: 0->0
[68.264s][info][gc,metaspace   ] GC(562) Metaspace: 74141K(75136K)->74141K(75136K) NonClass: 58871K(59136K)->58871K(59136K) Class: 15269K(16000K)->15269K(16000K)
[68.264s][info][gc             ] GC(562) Pause Young (Normal) (G1 Evacuation Pause) 389M->39M(587M) 2.015ms
[68.264s][info][gc,cpu         ] GC(562) User=0.00s Sys=0.00s Real=0.00s
[68.352s][info][gc,start       ] GC(563) Pause Young (Normal) (G1 Evacuation Pause)
[68.352s][info][gc,task        ] GC(563) Using 33 workers of 33 for evacuation
[68.354s][info][gc,phases      ] GC(563)   Pre Evacuate Collection Set: 0.2ms
[68.354s][info][gc,phases      ] GC(563)   Merge Heap Roots: 0.2ms
[68.354s][info][gc,phases      ] GC(563)   Evacuate Collection Set: 0.8ms
[68.354s][info][gc,phases      ] GC(563)   Post Evacuate Collection Set: 0.5ms
[68.354s][info][gc,phases      ] GC(563)   Other: 0.1ms
[68.354s][info][gc,heap        ] GC(563) Eden regions: 350->0(350)
[68.354s][info][gc,heap        ] GC(563) Survivor regions: 2->2(44)
[68.354s][info][gc,heap        ] GC(563) Old regions: 44->44
[68.354s][info][gc,heap        ] GC(563) Archive regions: 0->0
[68.354s][info][gc,heap        ] GC(563) Humongous regions: 0->0
[68.354s][info][gc,metaspace   ] GC(563) Metaspace: 74141K(75136K)->74141K(75136K) NonClass: 58871K(59136K)->58871K(59136K) Class: 15269K(16000K)->15269K(16000K)
[68.354s][info][gc             ] GC(563) Pause Young (Normal) (G1 Evacuation Pause) 389M->39M(587M) 2.033ms
[68.354s][info][gc,cpu         ] GC(563) User=0.00s Sys=0.00s Real=0.00s
[68.442s][info][gc,start       ] GC(564) Pause Young (Normal) (G1 Evacuation Pause)
[68.455s][info][gc,task        ] GC(564) Using 33 workers of 33 for evacuation
[68.457s][info][gc,phases      ] GC(564)   Pre Evacuate Collection Set: 0.2ms
[68.457s][info][gc,phases      ] GC(564)   Merge Heap Roots: 0.2ms
[68.457s][info][gc,phases      ] GC(564)   Evacuate Collection Set: 0.9ms
[68.457s][info][gc,phases      ] GC(564)   Post Evacuate Collection Set: 0.5ms
[68.457s][info][gc,phases      ] GC(564)   Other: 0.1ms
[68.457s][info][gc,heap        ] GC(564) Eden regions: 350->0(350)
[68.457s][info][gc,heap        ] GC(564) Survivor regions: 2->2(44)
[68.457s][info][gc,heap        ] GC(564) Old regions: 44->44
[68.457s][info][gc,heap        ] GC(564) Archive regions: 0->0
[68.457s][info][gc,heap        ] GC(564) Humongous regions: 0->0
[68.457s][info][gc,metaspace   ] GC(564) Metaspace: 74141K(75136K)->74141K(75136K) NonClass: 58871K(59136K)->58871K(59136K) Class: 15269K(16000K)->15269K(16000K)
[68.457s][info][gc             ] GC(564) Pause Young (Normal) (G1 Evacuation Pause) 389M->39M(587M) 14.928ms
[68.457s][info][gc,cpu         ] GC(564) User=0.00s Sys=0.00s Real=0.00s
[68.549s][info][gc,start       ] GC(565) Pause Young (Normal) (G1 Evacuation Pause)
[68.549s][info][gc,task        ] GC(565) Using 33 workers of 33 for evacuation
[68.551s][info][gc,phases      ] GC(565)   Pre Evacuate Collection Set: 0.2ms
[68.551s][info][gc,phases      ] GC(565)   Merge Heap Roots: 0.2ms
[68.551s][info][gc,phases      ] GC(565)   Evacuate Collection Set: 0.8ms
[68.551s][info][gc,phases      ] GC(565)   Post Evacuate Collection Set: 0.5ms
[68.551s][info][gc,phases      ] GC(565)   Other: 0.1ms
[68.551s][info][gc,heap        ] GC(565) Eden regions: 350->0(350)
[68.551s][info][gc,heap        ] GC(565) Survivor regions: 2->2(44)
[68.551s][info][gc,heap        ] GC(565) Old regions: 44->44
[68.551s][info][gc,heap        ] GC(565) Archive regions: 0->0
[68.551s][info][gc,heap        ] GC(565) Humongous regions: 0->0
[68.551s][info][gc,metaspace   ] GC(565) Metaspace: 74141K(75136K)->74141K(75136K) NonClass: 58871K(59136K)->58871K(59136K) Class: 15269K(16000K)->15269K(16000K)
[68.551s][info][gc             ] GC(565) Pause Young (Normal) (G1 Evacuation Pause) 389M->39M(587M) 2.069ms
[68.551s][info][gc,cpu         ] GC(565) User=0.00s Sys=0.00s Real=0.00s
[68.639s][info][gc,start       ] GC(566) Pause Young (Normal) (G1 Evacuation Pause)
[68.639s][info][gc,task        ] GC(566) Using 33 workers of 33 for evacuation
[68.641s][info][gc,phases      ] GC(566)   Pre Evacuate Collection Set: 0.2ms
[68.641s][info][gc,phases      ] GC(566)   Merge Heap Roots: 0.2ms
[68.641s][info][gc,phases      ] GC(566)   Evacuate Collection Set: 0.8ms
[68.641s][info][gc,phases      ] GC(566)   Post Evacuate Collection Set: 0.5ms
[68.641s][info][gc,phases      ] GC(566)   Other: 0.1ms
[68.641s][info][gc,heap        ] GC(566) Eden regions: 350->0(350)
[68.641s][info][gc,heap        ] GC(566) Survivor regions: 2->2(44)
[68.641s][info][gc,heap        ] GC(566) Old regions: 44->44
[68.641s][info][gc,heap        ] GC(566) Archive regions: 0->0
[68.641s][info][gc,heap        ] GC(566) Humongous regions: 0->0
[68.641s][info][gc,metaspace   ] GC(566) Metaspace: 74141K(75136K)->74141K(75136K) NonClass: 58871K(59136K)->58871K(59136K) Class: 15269K(16000K)->15269K(16000K)
[68.641s][info][gc             ] GC(566) Pause Young (Normal) (G1 Evacuation Pause) 389M->39M(587M) 2.033ms
[68.641s][info][gc,cpu         ] GC(566) User=0.00s Sys=0.00s Real=0.00s
[68.729s][info][gc,start       ] GC(567) Pause Young (Normal) (G1 Evacuation Pause)
[68.729s][info][gc,task        ] GC(567) Using 33 workers of 33 for evacuation
[68.731s][info][gc,phases      ] GC(567)   Pre Evacuate Collection Set: 0.2ms
[68.731s][info][gc,phases      ] GC(567)   Merge Heap Roots: 0.2ms
[68.731s][info][gc,phases      ] GC(567)   Evacuate Collection Set: 0.8ms
[68.731s][info][gc,phases      ] GC(567)   Post Evacuate Collection Set: 0.5ms
[68.731s][info][gc,phases      ] GC(567)   Other: 0.1ms
[68.731s][info][gc,heap        ] GC(567) Eden regions: 350->0(350)
[68.731s][info][gc,heap        ] GC(567) Survivor regions: 2->2(44)
[68.731s][info][gc,heap        ] GC(567) Old regions: 44->44
[68.731s][info][gc,heap        ] GC(567) Archive regions: 0->0
[68.731s][info][gc,heap        ] GC(567) Humongous regions: 0->0
[68.731s][info][gc,metaspace   ] GC(567) Metaspace: 74141K(75136K)->74141K(75136K) NonClass: 58871K(59136K)->58871K(59136K) Class: 15269K(16000K)->15269K(16000K)
[68.731s][info][gc             ] GC(567) Pause Young (Normal) (G1 Evacuation Pause) 389M->39M(587M) 2.031ms
[68.731s][info][gc,cpu         ] GC(567) User=0.00s Sys=0.00s Real=0.00s
[68.819s][info][gc,start       ] GC(568) Pause Young (Normal) (G1 Evacuation Pause)
[68.819s][info][gc,task        ] GC(568) Using 33 workers of 33 for evacuation
[68.821s][info][gc,phases      ] GC(568)   Pre Evacuate Collection Set: 0.2ms
[68.821s][info][gc,phases      ] GC(568)   Merge Heap Roots: 0.2ms
[68.821s][info][gc,phases      ] GC(568)   Evacuate Collection Set: 0.9ms
[68.821s][info][gc,phases      ] GC(568)   Post Evacuate Collection Set: 0.5ms
[68.821s][info][gc,phases      ] GC(568)   Other: 0.1ms
[68.821s][info][gc,heap        ] GC(568) Eden regions: 350->0(350)
[68.821s][info][gc,heap        ] GC(568) Survivor regions: 2->2(44)
[68.821s][info][gc,heap        ] GC(568) Old regions: 44->44
[68.821s][info][gc,heap        ] GC(568) Archive regions: 0->0
[68.821s][info][gc,heap        ] GC(568) Humongous regions: 0->0
[68.821s][info][gc,metaspace   ] GC(568) Metaspace: 74141K(75136K)->74141K(75136K) NonClass: 58871K(59136K)->58871K(59136K) Class: 15269K(16000K)->15269K(16000K)
[68.821s][info][gc             ] GC(568) Pause Young (Normal) (G1 Evacuation Pause) 389M->39M(587M) 2.101ms
[68.821s][info][gc,cpu         ] GC(568) User=0.00s Sys=0.00s Real=0.00s
[68.910s][info][gc,start       ] GC(569) Pause Young (Normal) (G1 Evacuation Pause)
[68.910s][info][gc,task        ] GC(569) Using 33 workers of 33 for evacuation
[68.911s][info][gc,phases      ] GC(569)   Pre Evacuate Collection Set: 0.2ms
[68.911s][info][gc,phases      ] GC(569)   Merge Heap Roots: 0.2ms
[68.911s][info][gc,phases      ] GC(569)   Evacuate Collection Set: 0.8ms
[68.911s][info][gc,phases      ] GC(569)   Post Evacuate Collection Set: 0.5ms
[68.911s][info][gc,phases      ] GC(569)   Other: 0.1ms
[68.911s][info][gc,heap        ] GC(569) Eden regions: 350->0(350)
[68.911s][info][gc,heap        ] GC(569) Survivor regions: 2->2(44)
[68.911s][info][gc,heap        ] GC(569) Old regions: 44->44
[68.911s][info][gc,heap        ] GC(569) Archive regions: 0->0
[68.911s][info][gc,heap        ] GC(569) Humongous regions: 0->0
[68.912s][info][gc,metaspace   ] GC(569) Metaspace: 74141K(75136K)->74141K(75136K) NonClass: 58871K(59136K)->58871K(59136K) Class: 15269K(16000K)->15269K(16000K)
[68.912s][info][gc             ] GC(569) Pause Young (Normal) (G1 Evacuation Pause) 389M->39M(587M) 2.012ms
[68.912s][info][gc,cpu         ] GC(569) User=0.00s Sys=0.00s Real=0.00s
[69.000s][info][gc,start       ] GC(570) Pause Young (Normal) (G1 Evacuation Pause)
[69.000s][info][gc,task        ] GC(570) Using 33 workers of 33 for evacuation
[69.002s][info][gc,phases      ] GC(570)   Pre Evacuate Collection Set: 0.2ms
[69.002s][info][gc,phases      ] GC(570)   Merge Heap Roots: 0.2ms
[69.002s][info][gc,phases      ] GC(570)   Evacuate Collection Set: 0.8ms
[69.002s][info][gc,phases      ] GC(570)   Post Evacuate Collection Set: 0.5ms
[69.002s][info][gc,phases      ] GC(570)   Other: 0.1ms
[69.002s][info][gc,heap        ] GC(570) Eden regions: 350->0(350)
[69.002s][info][gc,heap        ] GC(570) Survivor regions: 2->2(44)
[69.002s][info][gc,heap        ] GC(570) Old regions: 44->44
[69.002s][info][gc,heap        ] GC(570) Archive regions: 0->0
[69.002s][info][gc,heap        ] GC(570) Humongous regions: 0->0
[69.002s][info][gc,metaspace   ] GC(570) Metaspace: 74141K(75136K)->74141K(75136K) NonClass: 58871K(59136K)->58871K(59136K) Class: 15269K(16000K)->15269K(16000K)
[69.002s][info][gc             ] GC(570) Pause Young (Normal) (G1 Evacuation Pause) 389M->39M(587M) 2.025ms
[69.002s][info][gc,cpu         ] GC(570) User=0.00s Sys=0.00s Real=0.00s
[69.091s][info][gc,start       ] GC(571) Pause Young (Normal) (G1 Evacuation Pause)
[69.091s][info][gc,task        ] GC(571) Using 33 workers of 33 for evacuation
[69.093s][info][gc,phases      ] GC(571)   Pre Evacuate Collection Set: 0.2ms
[69.093s][info][gc,phases      ] GC(571)   Merge Heap Roots: 0.2ms
[69.093s][info][gc,phases      ] GC(571)   Evacuate Collection Set: 0.9ms
[69.093s][info][gc,phases      ] GC(571)   Post Evacuate Collection Set: 0.5ms
[69.093s][info][gc,phases      ] GC(571)   Other: 0.1ms
[69.093s][info][gc,heap        ] GC(571) Eden regions: 350->0(350)
[69.093s][info][gc,heap        ] GC(571) Survivor regions: 2->2(44)
[69.093s][info][gc,heap        ] GC(571) Old regions: 44->44
[69.093s][info][gc,heap        ] GC(571) Archive regions: 0->0
[69.093s][info][gc,heap        ] GC(571) Humongous regions: 0->0
[69.093s][info][gc,metaspace   ] GC(571) Metaspace: 74141K(75136K)->74141K(75136K) NonClass: 58871K(59136K)->58871K(59136K) Class: 15269K(16000K)->15269K(16000K)
[69.093s][info][gc             ] GC(571) Pause Young (Normal) (G1 Evacuation Pause) 389M->39M(587M) 2.085ms
[69.093s][info][gc,cpu         ] GC(571) User=0.52s Sys=0.00s Real=0.00s
[69.181s][info][gc,start       ] GC(572) Pause Young (Normal) (G1 Evacuation Pause)
[69.181s][info][gc,task        ] GC(572) Using 33 workers of 33 for evacuation
[69.183s][info][gc,phases      ] GC(572)   Pre Evacuate Collection Set: 0.2ms
[69.183s][info][gc,phases      ] GC(572)   Merge Heap Roots: 0.2ms
[69.183s][info][gc,phases      ] GC(572)   Evacuate Collection Set: 0.8ms
[69.183s][info][gc,phases      ] GC(572)   Post Evacuate Collection Set: 0.5ms
[69.183s][info][gc,phases      ] GC(572)   Other: 0.1ms
[69.183s][info][gc,heap        ] GC(572) Eden regions: 350->0(350)
[69.183s][info][gc,heap        ] GC(572) Survivor regions: 2->2(44)
[69.183s][info][gc,heap        ] GC(572) Old regions: 44->44
[69.183s][info][gc,heap        ] GC(572) Archive regions: 0->0
[69.183s][info][gc,heap        ] GC(572) Humongous regions: 0->0
[69.183s][info][gc,metaspace   ] GC(572) Metaspace: 74141K(75136K)->74141K(75136K) NonClass: 58871K(59136K)->58871K(59136K) Class: 15269K(16000K)->15269K(16000K)
[69.183s][info][gc             ] GC(572) Pause Young (Normal) (G1 Evacuation Pause) 389M->39M(587M) 2.023ms
[69.183s][info][gc,cpu         ] GC(572) User=0.00s Sys=0.00s Real=0.00s
[69.271s][info][gc,start       ] GC(573) Pause Young (Normal) (G1 Evacuation Pause)
[69.271s][info][gc,task        ] GC(573) Using 33 workers of 33 for evacuation
[69.273s][info][gc,phases      ] GC(573)   Pre Evacuate Collection Set: 0.2ms
[69.273s][info][gc,phases      ] GC(573)   Merge Heap Roots: 0.2ms
[69.273s][info][gc,phases      ] GC(573)   Evacuate Collection Set: 0.8ms
[69.273s][info][gc,phases      ] GC(573)   Post Evacuate Collection Set: 0.5ms
[69.273s][info][gc,phases      ] GC(573)   Other: 0.1ms
[69.273s][info][gc,heap        ] GC(573) Eden regions: 350->0(350)
[69.273s][info][gc,heap        ] GC(573) Survivor regions: 2->2(44)
[69.273s][info][gc,heap        ] GC(573) Old regions: 44->44
[69.273s][info][gc,heap        ] GC(573) Archive regions: 0->0
[69.273s][info][gc,heap        ] GC(573) Humongous regions: 0->0
[69.273s][info][gc,metaspace   ] GC(573) Metaspace: 74141K(75136K)->74141K(75136K) NonClass: 58871K(59136K)->58871K(59136K) Class: 15269K(16000K)->15269K(16000K)
[69.273s][info][gc             ] GC(573) Pause Young (Normal) (G1 Evacuation Pause) 389M->39M(587M) 2.024ms
[69.273s][info][gc,cpu         ] GC(573) User=0.00s Sys=0.00s Real=0.00s
[69.362s][info][gc,start       ] GC(574) Pause Young (Normal) (G1 Evacuation Pause)
[69.362s][info][gc,task        ] GC(574) Using 33 workers of 33 for evacuation
[69.364s][info][gc,phases      ] GC(574)   Pre Evacuate Collection Set: 0.2ms
[69.364s][info][gc,phases      ] GC(574)   Merge Heap Roots: 0.2ms
[69.364s][info][gc,phases      ] GC(574)   Evacuate Collection Set: 0.8ms
[69.364s][info][gc,phases      ] GC(574)   Post Evacuate Collection Set: 0.6ms
[69.364s][info][gc,phases      ] GC(574)   Other: 0.1ms
[69.364s][info][gc,heap        ] GC(574) Eden regions: 350->0(350)
[69.364s][info][gc,heap        ] GC(574) Survivor regions: 2->2(44)
[69.364s][info][gc,heap        ] GC(574) Old regions: 44->44
[69.364s][info][gc,heap        ] GC(574) Archive regions: 0->0
[69.364s][info][gc,heap        ] GC(574) Humongous regions: 0->0
[69.364s][info][gc,metaspace   ] GC(574) Metaspace: 74141K(75136K)->74141K(75136K) NonClass: 58871K(59136K)->58871K(59136K) Class: 15269K(16000K)->15269K(16000K)
[69.364s][info][gc             ] GC(574) Pause Young (Normal) (G1 Evacuation Pause) 389M->39M(587M) 2.093ms
[69.364s][info][gc,cpu         ] GC(574) User=0.00s Sys=0.00s Real=0.00s
[69.452s][info][gc,start       ] GC(575) Pause Young (Normal) (G1 Evacuation Pause)
[69.452s][info][gc,task        ] GC(575) Using 33 workers of 33 for evacuation
[69.454s][info][gc,phases      ] GC(575)   Pre Evacuate Collection Set: 0.2ms
[69.454s][info][gc,phases      ] GC(575)   Merge Heap Roots: 0.2ms
[69.454s][info][gc,phases      ] GC(575)   Evacuate Collection Set: 0.8ms
[69.454s][info][gc,phases      ] GC(575)   Post Evacuate Collection Set: 0.5ms
[69.454s][info][gc,phases      ] GC(575)   Other: 0.1ms
[69.454s][info][gc,heap        ] GC(575) Eden regions: 350->0(350)
[69.454s][info][gc,heap        ] GC(575) Survivor regions: 2->2(44)
[69.454s][info][gc,heap        ] GC(575) Old regions: 44->44
[69.454s][info][gc,heap        ] GC(575) Archive regions: 0->0
[69.454s][info][gc,heap        ] GC(575) Humongous regions: 0->0
[69.454s][info][gc,metaspace   ] GC(575) Metaspace: 74141K(75136K)->74141K(75136K) NonClass: 58871K(59136K)->58871K(59136K) Class: 15269K(16000K)->15269K(16000K)
[69.454s][info][gc             ] GC(575) Pause Young (Normal) (G1 Evacuation Pause) 389M->39M(587M) 2.049ms
[69.454s][info][gc,cpu         ] GC(575) User=0.00s Sys=0.00s Real=0.00s
[69.544s][info][gc,start       ] GC(576) Pause Young (Normal) (G1 Evacuation Pause)
[69.544s][info][gc,task        ] GC(576) Using 33 workers of 33 for evacuation
[69.546s][info][gc,phases      ] GC(576)   Pre Evacuate Collection Set: 0.2ms
[69.546s][info][gc,phases      ] GC(576)   Merge Heap Roots: 0.2ms
[69.546s][info][gc,phases      ] GC(576)   Evacuate Collection Set: 0.8ms
[69.546s][info][gc,phases      ] GC(576)   Post Evacuate Collection Set: 0.5ms
[69.546s][info][gc,phases      ] GC(576)   Other: 0.1ms
[69.546s][info][gc,heap        ] GC(576) Eden regions: 350->0(350)
[69.546s][info][gc,heap        ] GC(576) Survivor regions: 2->2(44)
[69.546s][info][gc,heap        ] GC(576) Old regions: 44->44
[69.546s][info][gc,heap        ] GC(576) Archive regions: 0->0
[69.546s][info][gc,heap        ] GC(576) Humongous regions: 0->0
[69.546s][info][gc,metaspace   ] GC(576) Metaspace: 74145K(75136K)->74145K(75136K) NonClass: 58876K(59136K)->58876K(59136K) Class: 15269K(16000K)->15269K(16000K)
[69.546s][info][gc             ] GC(576) Pause Young (Normal) (G1 Evacuation Pause) 389M->39M(587M) 2.093ms
[69.546s][info][gc,cpu         ] GC(576) User=0.00s Sys=0.00s Real=0.00s
[69.636s][info][gc,start       ] GC(577) Pause Young (Normal) (G1 Evacuation Pause)
[69.636s][info][gc,task        ] GC(577) Using 33 workers of 33 for evacuation
[69.638s][info][gc,phases      ] GC(577)   Pre Evacuate Collection Set: 0.2ms
[69.638s][info][gc,phases      ] GC(577)   Merge Heap Roots: 0.2ms
[69.638s][info][gc,phases      ] GC(577)   Evacuate Collection Set: 0.8ms
[69.638s][info][gc,phases      ] GC(577)   Post Evacuate Collection Set: 0.5ms
[69.638s][info][gc,phases      ] GC(577)   Other: 0.1ms
[69.638s][info][gc,heap        ] GC(577) Eden regions: 350->0(350)
[69.638s][info][gc,heap        ] GC(577) Survivor regions: 2->2(44)
[69.638s][info][gc,heap        ] GC(577) Old regions: 44->44
[69.638s][info][gc,heap        ] GC(577) Archive regions: 0->0
[69.638s][info][gc,heap        ] GC(577) Humongous regions: 0->0
[69.638s][info][gc,metaspace   ] GC(577) Metaspace: 74145K(75136K)->74145K(75136K) NonClass: 58876K(59136K)->58876K(59136K) Class: 15269K(16000K)->15269K(16000K)
[69.638s][info][gc             ] GC(577) Pause Young (Normal) (G1 Evacuation Pause) 389M->39M(587M) 2.100ms
[69.638s][info][gc,cpu         ] GC(577) User=0.00s Sys=0.00s Real=0.00s
[69.730s][info][gc,start       ] GC(578) Pause Young (Normal) (G1 Evacuation Pause)
[69.730s][info][gc,task        ] GC(578) Using 33 workers of 33 for evacuation
[69.732s][info][gc,phases      ] GC(578)   Pre Evacuate Collection Set: 0.2ms
[69.732s][info][gc,phases      ] GC(578)   Merge Heap Roots: 0.2ms
[69.732s][info][gc,phases      ] GC(578)   Evacuate Collection Set: 0.8ms
[69.732s][info][gc,phases      ] GC(578)   Post Evacuate Collection Set: 0.5ms
[69.732s][info][gc,phases      ] GC(578)   Other: 0.1ms
[69.732s][info][gc,heap        ] GC(578) Eden regions: 350->0(350)
[69.732s][info][gc,heap        ] GC(578) Survivor regions: 2->2(44)
[69.732s][info][gc,heap        ] GC(578) Old regions: 44->44
[69.732s][info][gc,heap        ] GC(578) Archive regions: 0->0
[69.732s][info][gc,heap        ] GC(578) Humongous regions: 0->0
[69.732s][info][gc,metaspace   ] GC(578) Metaspace: 74145K(75136K)->74145K(75136K) NonClass: 58876K(59136K)->58876K(59136K) Class: 15269K(16000K)->15269K(16000K)
[69.732s][info][gc             ] GC(578) Pause Young (Normal) (G1 Evacuation Pause) 389M->39M(587M) 2.020ms
[69.732s][info][gc,cpu         ] GC(578) User=0.42s Sys=0.00s Real=0.00s
[69.828s][info][gc,start       ] GC(579) Pause Young (Normal) (G1 Evacuation Pause)
[69.828s][info][gc,task        ] GC(579) Using 33 workers of 33 for evacuation
[69.830s][info][gc,phases      ] GC(579)   Pre Evacuate Collection Set: 0.2ms
[69.830s][info][gc,phases      ] GC(579)   Merge Heap Roots: 0.2ms
[69.830s][info][gc,phases      ] GC(579)   Evacuate Collection Set: 0.8ms
[69.830s][info][gc,phases      ] GC(579)   Post Evacuate Collection Set: 0.5ms
[69.830s][info][gc,phases      ] GC(579)   Other: 0.1ms
[69.830s][info][gc,heap        ] GC(579) Eden regions: 350->0(350)
[69.830s][info][gc,heap        ] GC(579) Survivor regions: 2->2(44)
[69.830s][info][gc,heap        ] GC(579) Old regions: 44->44
[69.830s][info][gc,heap        ] GC(579) Archive regions: 0->0
[69.830s][info][gc,heap        ] GC(579) Humongous regions: 0->0
[69.830s][info][gc,metaspace   ] GC(579) Metaspace: 74145K(75136K)->74145K(75136K) NonClass: 58876K(59136K)->58876K(59136K) Class: 15269K(16000K)->15269K(16000K)
[69.830s][info][gc             ] GC(579) Pause Young (Normal) (G1 Evacuation Pause) 389M->39M(587M) 2.080ms
[69.830s][info][gc,cpu         ] GC(579) User=0.00s Sys=0.00s Real=0.00s
[69.931s][info][gc,start       ] GC(580) Pause Young (Normal) (G1 Evacuation Pause)
[69.931s][info][gc,task        ] GC(580) Using 33 workers of 33 for evacuation
[69.933s][info][gc,phases      ] GC(580)   Pre Evacuate Collection Set: 0.2ms
[69.933s][info][gc,phases      ] GC(580)   Merge Heap Roots: 0.2ms
[69.933s][info][gc,phases      ] GC(580)   Evacuate Collection Set: 0.7ms
[69.933s][info][gc,phases      ] GC(580)   Post Evacuate Collection Set: 0.5ms
[69.933s][info][gc,phases      ] GC(580)   Other: 0.1ms
[69.933s][info][gc,heap        ] GC(580) Eden regions: 350->0(350)
[69.933s][info][gc,heap        ] GC(580) Survivor regions: 2->2(44)
[69.933s][info][gc,heap        ] GC(580) Old regions: 44->44
[69.933s][info][gc,heap        ] GC(580) Archive regions: 0->0
[69.933s][info][gc,heap        ] GC(580) Humongous regions: 0->0
[69.933s][info][gc,metaspace   ] GC(580) Metaspace: 74145K(75136K)->74145K(75136K) NonClass: 58876K(59136K)->58876K(59136K) Class: 15269K(16000K)->15269K(16000K)
[69.933s][info][gc             ] GC(580) Pause Young (Normal) (G1 Evacuation Pause) 389M->39M(587M) 1.918ms
[69.933s][info][gc,cpu         ] GC(580) User=0.00s Sys=0.00s Real=0.00s
[70.040s][info][gc,start       ] GC(581) Pause Young (Normal) (G1 Evacuation Pause)
[70.040s][info][gc,task        ] GC(581) Using 33 workers of 33 for evacuation
[70.041s][info][gc,phases      ] GC(581)   Pre Evacuate Collection Set: 0.2ms
[70.041s][info][gc,phases      ] GC(581)   Merge Heap Roots: 0.2ms
[70.041s][info][gc,phases      ] GC(581)   Evacuate Collection Set: 0.7ms
[70.041s][info][gc,phases      ] GC(581)   Post Evacuate Collection Set: 0.5ms
[70.041s][info][gc,phases      ] GC(581)   Other: 0.1ms
[70.041s][info][gc,heap        ] GC(581) Eden regions: 350->0(350)
[70.041s][info][gc,heap        ] GC(581) Survivor regions: 2->2(44)
[70.041s][info][gc,heap        ] GC(581) Old regions: 44->44
[70.041s][info][gc,heap        ] GC(581) Archive regions: 0->0
[70.041s][info][gc,heap        ] GC(581) Humongous regions: 0->0
[70.041s][info][gc,metaspace   ] GC(581) Metaspace: 74145K(75136K)->74145K(75136K) NonClass: 58876K(59136K)->58876K(59136K) Class: 15269K(16000K)->15269K(16000K)
[70.041s][info][gc             ] GC(581) Pause Young (Normal) (G1 Evacuation Pause) 389M->39M(587M) 1.916ms
[70.041s][info][gc,cpu         ] GC(581) User=0.00s Sys=0.00s Real=0.00s
[70.172s][info][gc,start       ] GC(582) Pause Young (Normal) (G1 Evacuation Pause)
[70.172s][info][gc,task        ] GC(582) Using 33 workers of 33 for evacuation
[70.174s][info][gc,phases      ] GC(582)   Pre Evacuate Collection Set: 0.2ms
[70.174s][info][gc,phases      ] GC(582)   Merge Heap Roots: 0.2ms
[70.174s][info][gc,phases      ] GC(582)   Evacuate Collection Set: 0.8ms
[70.174s][info][gc,phases      ] GC(582)   Post Evacuate Collection Set: 0.6ms
[70.174s][info][gc,phases      ] GC(582)   Other: 0.1ms
[70.174s][info][gc,heap        ] GC(582) Eden regions: 350->0(350)
[70.174s][info][gc,heap        ] GC(582) Survivor regions: 2->2(44)
[70.174s][info][gc,heap        ] GC(582) Old regions: 44->44
[70.174s][info][gc,heap        ] GC(582) Archive regions: 0->0
[70.174s][info][gc,heap        ] GC(582) Humongous regions: 0->0
[70.174s][info][gc,metaspace   ] GC(582) Metaspace: 74145K(75136K)->74145K(75136K) NonClass: 58876K(59136K)->58876K(59136K) Class: 15269K(16000K)->15269K(16000K)
[70.174s][info][gc             ] GC(582) Pause Young (Normal) (G1 Evacuation Pause) 389M->39M(587M) 2.093ms
[70.174s][info][gc,cpu         ] GC(582) User=0.00s Sys=0.00s Real=0.00s
[70.331s][info][gc,start       ] GC(583) Pause Young (Normal) (G1 Evacuation Pause)
[70.331s][info][gc,task        ] GC(583) Using 30 workers of 33 for evacuation
[70.333s][info][gc,phases      ] GC(583)   Pre Evacuate Collection Set: 0.1ms
[70.333s][info][gc,phases      ] GC(583)   Merge Heap Roots: 0.2ms
[70.333s][info][gc,phases      ] GC(583)   Evacuate Collection Set: 0.7ms
[70.333s][info][gc,phases      ] GC(583)   Post Evacuate Collection Set: 0.5ms
[70.333s][info][gc,phases      ] GC(583)   Other: 0.1ms
[70.333s][info][gc,heap        ] GC(583) Eden regions: 350->0(350)
[70.333s][info][gc,heap        ] GC(583) Survivor regions: 2->2(44)
[70.333s][info][gc,heap        ] GC(583) Old regions: 44->44
[70.333s][info][gc,heap        ] GC(583) Archive regions: 0->0
[70.333s][info][gc,heap        ] GC(583) Humongous regions: 0->0
[70.333s][info][gc,metaspace   ] GC(583) Metaspace: 74145K(75136K)->74145K(75136K) NonClass: 58876K(59136K)->58876K(59136K) Class: 15269K(16000K)->15269K(16000K)
[70.333s][info][gc             ] GC(583) Pause Young (Normal) (G1 Evacuation Pause) 389M->39M(587M) 1.945ms
[70.333s][info][gc,cpu         ] GC(583) User=0.00s Sys=0.00s Real=0.00s
[70.532s][info][gc,start       ] GC(584) Pause Young (Normal) (G1 Evacuation Pause)
[70.532s][info][gc,task        ] GC(584) Using 26 workers of 33 for evacuation
[70.533s][info][gc,phases      ] GC(584)   Pre Evacuate Collection Set: 0.1ms
[70.533s][info][gc,phases      ] GC(584)   Merge Heap Roots: 0.1ms
[70.533s][info][gc,phases      ] GC(584)   Evacuate Collection Set: 0.6ms
[70.533s][info][gc,phases      ] GC(584)   Post Evacuate Collection Set: 0.5ms
[70.533s][info][gc,phases      ] GC(584)   Other: 0.1ms
[70.533s][info][gc,heap        ] GC(584) Eden regions: 350->0(350)
[70.533s][info][gc,heap        ] GC(584) Survivor regions: 2->2(44)
[70.533s][info][gc,heap        ] GC(584) Old regions: 44->44
[70.533s][info][gc,heap        ] GC(584) Archive regions: 0->0
[70.533s][info][gc,heap        ] GC(584) Humongous regions: 0->0
[70.533s][info][gc,metaspace   ] GC(584) Metaspace: 74145K(75136K)->74145K(75136K) NonClass: 58876K(59136K)->58876K(59136K) Class: 15269K(16000K)->15269K(16000K)
[70.533s][info][gc             ] GC(584) Pause Young (Normal) (G1 Evacuation Pause) 389M->39M(587M) 1.669ms
[70.533s][info][gc,cpu         ] GC(584) User=0.00s Sys=0.00s Real=0.00s
[70.771s][info][gc,start       ] GC(585) Pause Young (Normal) (G1 Evacuation Pause)
[70.772s][info][gc,task        ] GC(585) Using 22 workers of 33 for evacuation
[70.773s][info][gc,phases      ] GC(585)   Pre Evacuate Collection Set: 0.1ms
[70.773s][info][gc,phases      ] GC(585)   Merge Heap Roots: 0.1ms
[70.773s][info][gc,phases      ] GC(585)   Evacuate Collection Set: 0.6ms
[70.773s][info][gc,phases      ] GC(585)   Post Evacuate Collection Set: 0.4ms
[70.773s][info][gc,phases      ] GC(585)   Other: 0.1ms
[70.773s][info][gc,heap        ] GC(585) Eden regions: 350->0(350)
[70.773s][info][gc,heap        ] GC(585) Survivor regions: 2->2(44)
[70.773s][info][gc,heap        ] GC(585) Old regions: 44->44
[70.773s][info][gc,heap        ] GC(585) Archive regions: 0->0
[70.773s][info][gc,heap        ] GC(585) Humongous regions: 0->0
[70.773s][info][gc,metaspace   ] GC(585) Metaspace: 74145K(75136K)->74145K(75136K) NonClass: 58876K(59136K)->58876K(59136K) Class: 15269K(16000K)->15269K(16000K)
[70.773s][info][gc             ] GC(585) Pause Young (Normal) (G1 Evacuation Pause) 389M->39M(587M) 1.543ms
[70.773s][info][gc,cpu         ] GC(585) User=0.00s Sys=0.00s Real=0.00s
[71.019s][info][gc,start       ] GC(586) Pause Young (Normal) (G1 Evacuation Pause)
[71.019s][info][gc,task        ] GC(586) Using 20 workers of 33 for evacuation
[71.020s][info][gc,phases      ] GC(586)   Pre Evacuate Collection Set: 0.1ms
[71.020s][info][gc,phases      ] GC(586)   Merge Heap Roots: 0.1ms
[71.020s][info][gc,phases      ] GC(586)   Evacuate Collection Set: 0.6ms
[71.020s][info][gc,phases      ] GC(586)   Post Evacuate Collection Set: 0.4ms
[71.020s][info][gc,phases      ] GC(586)   Other: 0.1ms
[71.020s][info][gc,heap        ] GC(586) Eden regions: 350->0(350)
[71.020s][info][gc,heap        ] GC(586) Survivor regions: 2->2(44)
[71.020s][info][gc,heap        ] GC(586) Old regions: 44->44
[71.020s][info][gc,heap        ] GC(586) Archive regions: 0->0
[71.020s][info][gc,heap        ] GC(586) Humongous regions: 0->0
[71.020s][info][gc,metaspace   ] GC(586) Metaspace: 74145K(75136K)->74145K(75136K) NonClass: 58876K(59136K)->58876K(59136K) Class: 15269K(16000K)->15269K(16000K)
[71.020s][info][gc             ] GC(586) Pause Young (Normal) (G1 Evacuation Pause) 389M->39M(587M) 1.547ms
[71.020s][info][gc,cpu         ] GC(586) User=0.00s Sys=0.00s Real=0.00s
[71.264s][info][gc,start       ] GC(587) Pause Young (Normal) (G1 Evacuation Pause)
[71.264s][info][gc,task        ] GC(587) Using 19 workers of 33 for evacuation
[71.266s][info][gc,phases      ] GC(587)   Pre Evacuate Collection Set: 0.1ms
[71.266s][info][gc,phases      ] GC(587)   Merge Heap Roots: 0.1ms
[71.266s][info][gc,phases      ] GC(587)   Evacuate Collection Set: 0.6ms
[71.266s][info][gc,phases      ] GC(587)   Post Evacuate Collection Set: 0.4ms
[71.266s][info][gc,phases      ] GC(587)   Other: 0.1ms
[71.266s][info][gc,heap        ] GC(587) Eden regions: 350->0(350)
[71.266s][info][gc,heap        ] GC(587) Survivor regions: 2->2(44)
[71.266s][info][gc,heap        ] GC(587) Old regions: 44->44
[71.266s][info][gc,heap        ] GC(587) Archive regions: 0->0
[71.266s][info][gc,heap        ] GC(587) Humongous regions: 0->0
[71.266s][info][gc,metaspace   ] GC(587) Metaspace: 74145K(75136K)->74145K(75136K) NonClass: 58876K(59136K)->58876K(59136K) Class: 15269K(16000K)->15269K(16000K)
[71.266s][info][gc             ] GC(587) Pause Young (Normal) (G1 Evacuation Pause) 389M->39M(587M) 1.456ms
[71.266s][info][gc,cpu         ] GC(587) User=0.00s Sys=0.00s Real=0.00s
[71.510s][info][gc,start       ] GC(588) Pause Young (Normal) (G1 Evacuation Pause)
[71.510s][info][gc,task        ] GC(588) Using 18 workers of 33 for evacuation
[71.511s][info][gc,phases      ] GC(588)   Pre Evacuate Collection Set: 0.1ms
[71.511s][info][gc,phases      ] GC(588)   Merge Heap Roots: 0.1ms
[71.511s][info][gc,phases      ] GC(588)   Evacuate Collection Set: 0.6ms
[71.511s][info][gc,phases      ] GC(588)   Post Evacuate Collection Set: 0.4ms
[71.511s][info][gc,phases      ] GC(588)   Other: 0.1ms
[71.511s][info][gc,heap        ] GC(588) Eden regions: 350->0(350)
[71.511s][info][gc,heap        ] GC(588) Survivor regions: 2->2(44)
[71.511s][info][gc,heap        ] GC(588) Old regions: 44->44
[71.511s][info][gc,heap        ] GC(588) Archive regions: 0->0
[71.511s][info][gc,heap        ] GC(588) Humongous regions: 0->0
[71.511s][info][gc,metaspace   ] GC(588) Metaspace: 74145K(75136K)->74145K(75136K) NonClass: 58876K(59136K)->58876K(59136K) Class: 15269K(16000K)->15269K(16000K)
[71.512s][info][gc             ] GC(588) Pause Young (Normal) (G1 Evacuation Pause) 389M->39M(587M) 1.477ms
[71.512s][info][gc,cpu         ] GC(588) User=0.00s Sys=0.00s Real=0.00s
[71.759s][info][gc,start       ] GC(589) Pause Young (Normal) (G1 Evacuation Pause)
[71.759s][info][gc,task        ] GC(589) Using 18 workers of 33 for evacuation
[71.760s][info][gc,phases      ] GC(589)   Pre Evacuate Collection Set: 0.1ms
[71.760s][info][gc,phases      ] GC(589)   Merge Heap Roots: 0.1ms
[71.760s][info][gc,phases      ] GC(589)   Evacuate Collection Set: 0.6ms
[71.760s][info][gc,phases      ] GC(589)   Post Evacuate Collection Set: 0.3ms
[71.760s][info][gc,phases      ] GC(589)   Other: 0.1ms
[71.760s][info][gc,heap        ] GC(589) Eden regions: 350->0(350)
[71.760s][info][gc,heap        ] GC(589) Survivor regions: 2->2(44)
[71.760s][info][gc,heap        ] GC(589) Old regions: 44->44
[71.760s][info][gc,heap        ] GC(589) Archive regions: 0->0
[71.760s][info][gc,heap        ] GC(589) Humongous regions: 0->0
[71.760s][info][gc,metaspace   ] GC(589) Metaspace: 74145K(75136K)->74145K(75136K) NonClass: 58876K(59136K)->58876K(59136K) Class: 15269K(16000K)->15269K(16000K)
[71.760s][info][gc             ] GC(589) Pause Young (Normal) (G1 Evacuation Pause) 389M->39M(587M) 1.462ms
[71.760s][info][gc,cpu         ] GC(589) User=0.00s Sys=0.00s Real=0.00s
[71.873s][info][gc,start       ] GC(590) Pause Full (System.gc())
[71.873s][info][gc,task        ] GC(590) Using 16 workers of 33 for full compaction
[71.874s][info][gc,phases,start] GC(590) Phase 1: Mark live objects
[71.900s][info][gc,phases      ] GC(590) Phase 1: Mark live objects 25.534ms
[71.900s][info][gc,phases,start] GC(590) Phase 2: Prepare compaction
[71.901s][info][gc,phases      ] GC(590) Phase 2: Prepare compaction 1.183ms
[71.901s][info][gc,phases,start] GC(590) Phase 3: Adjust pointers
[71.906s][info][gc,phases      ] GC(590) Phase 3: Adjust pointers 4.838ms
[71.906s][info][gc,phases,start] GC(590) Phase 4: Compact heap
[71.906s][info][gc,phases      ] GC(590) Phase 4: Compact heap 0.513ms
[71.913s][info][gc,heap        ] GC(590) Eden regions: 122->0(88)
[71.913s][info][gc,heap        ] GC(590) Survivor regions: 2->0(44)
[71.913s][info][gc,heap        ] GC(590) Old regions: 44->44
[71.913s][info][gc,heap        ] GC(590) Archive regions: 0->0
[71.913s][info][gc,heap        ] GC(590) Humongous regions: 0->0
[71.913s][info][gc,metaspace   ] GC(590) Metaspace: 74169K(75200K)->74169K(75200K) NonClass: 58900K(59200K)->58900K(59200K) Class: 15269K(16000K)->15269K(16000K)
[71.914s][info][gc             ] GC(590) Pause Full (System.gc()) 161M->35M(147M) 40.377ms
[71.914s][info][gc,cpu         ] GC(590) User=0.28s Sys=0.00s Real=0.04s
[71.957s][info][gc,start       ] GC(591) Pause Young (Concurrent Start) (G1 Evacuation Pause)
[71.957s][info][gc,task        ] GC(591) Using 33 workers of 33 for evacuation
[71.959s][info][gc,phases      ] GC(591)   Pre Evacuate Collection Set: 0.3ms
[71.959s][info][gc,phases      ] GC(591)   Merge Heap Roots: 0.2ms
[71.959s][info][gc,phases      ] GC(591)   Evacuate Collection Set: 1.4ms
[71.959s][info][gc,phases      ] GC(591)   Post Evacuate Collection Set: 0.6ms
[71.959s][info][gc,phases      ] GC(591)   Other: 0.1ms
[71.959s][info][gc,heap        ] GC(591) Eden regions: 88->0(84)
[71.959s][info][gc,heap        ] GC(591) Survivor regions: 0->4(11)
[71.959s][info][gc,heap        ] GC(591) Old regions: 44->44
[71.959s][info][gc,heap        ] GC(591) Archive regions: 0->0
[71.959s][info][gc,heap        ] GC(591) Humongous regions: 0->0
[71.959s][info][gc,metaspace   ] GC(591) Metaspace: 74303K(75264K)->74303K(75264K) NonClass: 59033K(59264K)->59033K(59264K) Class: 15269K(16000K)->15269K(16000K)
[71.959s][info][gc             ] GC(591) Pause Young (Concurrent Start) (G1 Evacuation Pause) 123M->39M(147M) 2.865ms
[71.960s][info][gc             ] GC(592) Concurrent Mark Cycle
[71.960s][info][gc,cpu         ] GC(591) User=0.00s Sys=0.00s Real=0.00s
[71.960s][info][gc,marking     ] GC(592) Concurrent Scan Root Regions
[71.964s][info][gc,marking     ] GC(592) Concurrent Scan Root Regions 4.198ms
[71.964s][info][gc,marking     ] GC(592) Concurrent Mark
[71.964s][info][gc,marking     ] GC(592) Concurrent Mark From Roots
[71.964s][info][gc,task        ] GC(592) Using 8 workers of 8 for marking
[71.974s][info][gc,marking     ] GC(592) Concurrent Mark From Roots 10.567ms
[71.975s][info][gc,marking     ] GC(592) Concurrent Preclean
[71.975s][info][gc,marking     ] GC(592) Concurrent Preclean 0.149ms
[71.975s][info][gc,start       ] GC(592) Pause Remark
[71.977s][info][gc             ] GC(592) Pause Remark 83M->83M(155M) 2.014ms
[71.977s][info][gc,cpu         ] GC(592) User=0.00s Sys=0.00s Real=0.00s
[71.978s][info][gc,marking     ] GC(592) Concurrent Mark 13.725ms
[71.978s][info][gc,marking     ] GC(592) Concurrent Rebuild Remembered Sets and Scrub Regions
[71.982s][info][gc,marking     ] GC(592) Concurrent Rebuild Remembered Sets and Scrub Regions 4.365ms
[71.982s][info][gc,start       ] GC(592) Pause Cleanup
[71.982s][info][gc             ] GC(592) Pause Cleanup 96M->96M(155M) 0.130ms
[71.982s][info][gc,cpu         ] GC(592) User=0.00s Sys=0.00s Real=0.00s
[71.983s][info][gc,marking     ] GC(592) Concurrent Clear Claimed Marks
[71.983s][info][gc,marking     ] GC(592) Concurrent Clear Claimed Marks 0.066ms
[71.983s][info][gc,marking     ] GC(592) Concurrent Cleanup for Next Mark
[71.983s][info][gc,marking     ] GC(592) Concurrent Cleanup for Next Mark 0.314ms
[71.983s][info][gc             ] GC(592) Concurrent Mark Cycle 23.628ms
[71.990s][info][gc,start       ] GC(593) Pause Young (Prepare Mixed) (G1 Evacuation Pause)
[71.990s][info][gc,task        ] GC(593) Using 33 workers of 33 for evacuation
[71.992s][info][gc,phases      ] GC(593)   Pre Evacuate Collection Set: 0.2ms
[71.992s][info][gc,phases      ] GC(593)   Merge Heap Roots: 0.2ms
[71.992s][info][gc,phases      ] GC(593)   Evacuate Collection Set: 1.2ms
[71.992s][info][gc,phases      ] GC(593)   Post Evacuate Collection Set: 0.6ms
[71.992s][info][gc,phases      ] GC(593)   Other: 0.1ms
[71.992s][info][gc,heap        ] GC(593) Eden regions: 84->0(89)
[71.992s][info][gc,heap        ] GC(593) Survivor regions: 4->4(11)
[71.992s][info][gc,heap        ] GC(593) Old regions: 44->44
[71.992s][info][gc,heap        ] GC(593) Archive regions: 0->0
[71.992s][info][gc,heap        ] GC(593) Humongous regions: 0->0
[71.992s][info][gc,metaspace   ] GC(593) Metaspace: 74303K(75264K)->74303K(75264K) NonClass: 59033K(59264K)->59033K(59264K) Class: 15269K(16000K)->15269K(16000K)
[71.992s][info][gc             ] GC(593) Pause Young (Prepare Mixed) (G1 Evacuation Pause) 123M->39M(155M) 2.396ms
[71.992s][info][gc,cpu         ] GC(593) User=0.00s Sys=0.00s Real=0.00s
[72.018s][info][gc,start       ] GC(594) Pause Young (Mixed) (G1 Evacuation Pause)
[72.018s][info][gc,task        ] GC(594) Using 33 workers of 33 for evacuation
[72.020s][info][gc,phases      ] GC(594)   Pre Evacuate Collection Set: 0.2ms
[72.021s][info][gc,phases      ] GC(594)   Merge Heap Roots: 0.2ms
[72.021s][info][gc,phases      ] GC(594)   Evacuate Collection Set: 1.2ms
[72.021s][info][gc,phases      ] GC(594)   Post Evacuate Collection Set: 0.6ms
[72.021s][info][gc,phases      ] GC(594)   Other: 0.1ms
[72.021s][info][gc,heap        ] GC(594) Eden regions: 89->0(89)
[72.021s][info][gc,heap        ] GC(594) Survivor regions: 4->4(12)
[72.021s][info][gc,heap        ] GC(594) Old regions: 44->43
[72.021s][info][gc,heap        ] GC(594) Archive regions: 0->0
[72.021s][info][gc,heap        ] GC(594) Humongous regions: 0->0
[72.021s][info][gc,metaspace   ] GC(594) Metaspace: 74303K(75264K)->74303K(75264K) NonClass: 59033K(59264K)->59033K(59264K) Class: 15269K(16000K)->15269K(16000K)
[72.021s][info][gc             ] GC(594) Pause Young (Mixed) (G1 Evacuation Pause) 128M->39M(155M) 2.433ms
[72.021s][info][gc,cpu         ] GC(594) User=0.00s Sys=0.00s Real=0.00s
[72.050s][info][gc,start       ] GC(595) Pause Young (Normal) (G1 Evacuation Pause)
[72.050s][info][gc,task        ] GC(595) Using 33 workers of 33 for evacuation
[72.052s][info][gc,phases      ] GC(595)   Pre Evacuate Collection Set: 0.2ms
[72.052s][info][gc,phases      ] GC(595)   Merge Heap Roots: 0.1ms
[72.052s][info][gc,phases      ] GC(595)   Evacuate Collection Set: 1.2ms
[72.052s][info][gc,phases      ] GC(595)   Post Evacuate Collection Set: 0.6ms
[72.052s][info][gc,phases      ] GC(595)   Other: 0.1ms
[72.052s][info][gc,heap        ] GC(595) Eden regions: 89->0(89)
[72.052s][info][gc,heap        ] GC(595) Survivor regions: 4->4(12)
[72.052s][info][gc,heap        ] GC(595) Old regions: 43->43
[72.052s][info][gc,heap        ] GC(595) Archive regions: 0->0
[72.052s][info][gc,heap        ] GC(595) Humongous regions: 0->0
[72.052s][info][gc,metaspace   ] GC(595) Metaspace: 74303K(75264K)->74303K(75264K) NonClass: 59033K(59264K)->59033K(59264K) Class: 15269K(16000K)->15269K(16000K)
[72.052s][info][gc             ] GC(595) Pause Young (Normal) (G1 Evacuation Pause) 128M->39M(155M) 2.454ms
[72.052s][info][gc,cpu         ] GC(595) User=0.00s Sys=0.00s Real=0.00s
[72.080s][info][gc,start       ] GC(596) Pause Young (Normal) (G1 Evacuation Pause)
[72.081s][info][gc,task        ] GC(596) Using 33 workers of 33 for evacuation
[72.085s][info][gc,phases      ] GC(596)   Pre Evacuate Collection Set: 0.2ms
[72.085s][info][gc,phases      ] GC(596)   Merge Heap Roots: 0.1ms
[72.085s][info][gc,phases      ] GC(596)   Evacuate Collection Set: 1.2ms
[72.085s][info][gc,phases      ] GC(596)   Post Evacuate Collection Set: 3.1ms
[72.085s][info][gc,phases      ] GC(596)   Other: 0.1ms
[72.085s][info][gc,heap        ] GC(596) Eden regions: 89->0(350)
[72.085s][info][gc,heap        ] GC(596) Survivor regions: 4->4(12)
[72.085s][info][gc,heap        ] GC(596) Old regions: 43->43
[72.085s][info][gc,heap        ] GC(596) Archive regions: 0->0
[72.085s][info][gc,heap        ] GC(596) Humongous regions: 0->0
[72.085s][info][gc,metaspace   ] GC(596) Metaspace: 74303K(75264K)->74303K(75264K) NonClass: 59033K(59264K)->59033K(59264K) Class: 15269K(16000K)->15269K(16000K)
[72.085s][info][gc             ] GC(596) Pause Young (Normal) (G1 Evacuation Pause) 128M->39M(590M) 4.934ms
[72.085s][info][gc,cpu         ] GC(596) User=0.00s Sys=0.00s Real=0.00s
[72.287s][info][gc,start       ] GC(597) Pause Young (Normal) (G1 Evacuation Pause)
[72.287s][info][gc,task        ] GC(597) Using 33 workers of 33 for evacuation
[72.291s][info][gc,phases      ] GC(597)   Pre Evacuate Collection Set: 0.2ms
[72.291s][info][gc,phases      ] GC(597)   Merge Heap Roots: 0.2ms
[72.291s][info][gc,phases      ] GC(597)   Evacuate Collection Set: 2.6ms
[72.291s][info][gc,phases      ] GC(597)   Post Evacuate Collection Set: 0.7ms
[72.291s][info][gc,phases      ] GC(597)   Other: 0.1ms
[72.291s][info][gc,heap        ] GC(597) Eden regions: 350->0(350)
[72.291s][info][gc,heap        ] GC(597) Survivor regions: 4->4(45)
[72.291s][info][gc,heap        ] GC(597) Old regions: 43->43
[72.291s][info][gc,heap        ] GC(597) Archive regions: 0->0
[72.291s][info][gc,heap        ] GC(597) Humongous regions: 0->0
[72.291s][info][gc,metaspace   ] GC(597) Metaspace: 74303K(75264K)->74303K(75264K) NonClass: 59033K(59264K)->59033K(59264K) Class: 15269K(16000K)->15269K(16000K)
[72.291s][info][gc             ] GC(597) Pause Young (Normal) (G1 Evacuation Pause) 389M->39M(590M) 4.081ms
[72.291s][info][gc,cpu         ] GC(597) User=0.00s Sys=0.00s Real=0.00s
[72.379s][info][gc,start       ] GC(598) Pause Young (Normal) (G1 Evacuation Pause)
[72.379s][info][gc,task        ] GC(598) Using 33 workers of 33 for evacuation
[72.383s][info][gc,phases      ] GC(598)   Pre Evacuate Collection Set: 0.2ms
[72.383s][info][gc,phases      ] GC(598)   Merge Heap Roots: 0.2ms
[72.383s][info][gc,phases      ] GC(598)   Evacuate Collection Set: 2.6ms
[72.383s][info][gc,phases      ] GC(598)   Post Evacuate Collection Set: 0.6ms
[72.383s][info][gc,phases      ] GC(598)   Other: 0.1ms
[72.383s][info][gc,heap        ] GC(598) Eden regions: 350->0(350)
[72.383s][info][gc,heap        ] GC(598) Survivor regions: 4->4(45)
[72.383s][info][gc,heap        ] GC(598) Old regions: 43->43
[72.383s][info][gc,heap        ] GC(598) Archive regions: 0->0
[72.383s][info][gc,heap        ] GC(598) Humongous regions: 0->0
[72.383s][info][gc,metaspace   ] GC(598) Metaspace: 74303K(75264K)->74303K(75264K) NonClass: 59033K(59264K)->59033K(59264K) Class: 15269K(16000K)->15269K(16000K)
[72.383s][info][gc             ] GC(598) Pause Young (Normal) (G1 Evacuation Pause) 389M->39M(590M) 3.978ms
[72.383s][info][gc,cpu         ] GC(598) User=0.00s Sys=0.00s Real=0.00s
[72.471s][info][gc,start       ] GC(599) Pause Young (Normal) (G1 Evacuation Pause)
[72.471s][info][gc,task        ] GC(599) Using 33 workers of 33 for evacuation
[72.473s][info][gc,phases      ] GC(599)   Pre Evacuate Collection Set: 0.2ms
[72.473s][info][gc,phases      ] GC(599)   Merge Heap Roots: 0.2ms
[72.473s][info][gc,phases      ] GC(599)   Evacuate Collection Set: 1.2ms
[72.473s][info][gc,phases      ] GC(599)   Post Evacuate Collection Set: 0.7ms
[72.473s][info][gc,phases      ] GC(599)   Other: 0.1ms
[72.473s][info][gc,heap        ] GC(599) Eden regions: 350->0(350)
[72.473s][info][gc,heap        ] GC(599) Survivor regions: 4->4(45)
[72.473s][info][gc,heap        ] GC(599) Old regions: 43->43
[72.473s][info][gc,heap        ] GC(599) Archive regions: 0->0
[72.473s][info][gc,heap        ] GC(599) Humongous regions: 0->0
[72.473s][info][gc,metaspace   ] GC(599) Metaspace: 74303K(75264K)->74303K(75264K) NonClass: 59033K(59264K)->59033K(59264K) Class: 15269K(16000K)->15269K(16000K)
[72.473s][info][gc             ] GC(599) Pause Young (Normal) (G1 Evacuation Pause) 389M->39M(590M) 2.729ms
[72.473s][info][gc,cpu         ] GC(599) User=0.00s Sys=0.00s Real=0.00s
[72.561s][info][gc,start       ] GC(600) Pause Young (Normal) (G1 Evacuation Pause)
[72.562s][info][gc,task        ] GC(600) Using 33 workers of 33 for evacuation
[72.564s][info][gc,phases      ] GC(600)   Pre Evacuate Collection Set: 0.2ms
[72.564s][info][gc,phases      ] GC(600)   Merge Heap Roots: 0.2ms
[72.564s][info][gc,phases      ] GC(600)   Evacuate Collection Set: 1.2ms
[72.564s][info][gc,phases      ] GC(600)   Post Evacuate Collection Set: 0.7ms
[72.564s][info][gc,phases      ] GC(600)   Other: 0.1ms
[72.564s][info][gc,heap        ] GC(600) Eden regions: 350->0(350)
[72.564s][info][gc,heap        ] GC(600) Survivor regions: 4->4(45)
[72.564s][info][gc,heap        ] GC(600) Old regions: 43->43
[72.564s][info][gc,heap        ] GC(600) Archive regions: 0->0
[72.564s][info][gc,heap        ] GC(600) Humongous regions: 0->0
[72.564s][info][gc,metaspace   ] GC(600) Metaspace: 74303K(75264K)->74303K(75264K) NonClass: 59033K(59264K)->59033K(59264K) Class: 15269K(16000K)->15269K(16000K)
[72.564s][info][gc             ] GC(600) Pause Young (Normal) (G1 Evacuation Pause) 389M->39M(590M) 2.881ms
[72.564s][info][gc,cpu         ] GC(600) User=0.00s Sys=0.00s Real=0.00s
[72.652s][info][gc,start       ] GC(601) Pause Young (Normal) (G1 Evacuation Pause)
[72.652s][info][gc,task        ] GC(601) Using 33 workers of 33 for evacuation
[72.654s][info][gc,phases      ] GC(601)   Pre Evacuate Collection Set: 0.2ms
[72.655s][info][gc,phases      ] GC(601)   Merge Heap Roots: 0.2ms
[72.655s][info][gc,phases      ] GC(601)   Evacuate Collection Set: 1.1ms
[72.655s][info][gc,phases      ] GC(601)   Post Evacuate Collection Set: 0.7ms
[72.655s][info][gc,phases      ] GC(601)   Other: 0.1ms
[72.655s][info][gc,heap        ] GC(601) Eden regions: 350->0(350)
[72.655s][info][gc,heap        ] GC(601) Survivor regions: 4->4(45)
[72.655s][info][gc,heap        ] GC(601) Old regions: 43->43
[72.655s][info][gc,heap        ] GC(601) Archive regions: 0->0
[72.655s][info][gc,heap        ] GC(601) Humongous regions: 0->0
[72.655s][info][gc,metaspace   ] GC(601) Metaspace: 74303K(75264K)->74303K(75264K) NonClass: 59033K(59264K)->59033K(59264K) Class: 15269K(16000K)->15269K(16000K)
[72.655s][info][gc             ] GC(601) Pause Young (Normal) (G1 Evacuation Pause) 389M->39M(590M) 2.606ms
[72.655s][info][gc,cpu         ] GC(601) User=0.00s Sys=0.00s Real=0.00s
[72.743s][info][gc,start       ] GC(602) Pause Young (Normal) (G1 Evacuation Pause)
[72.743s][info][gc,task        ] GC(602) Using 33 workers of 33 for evacuation
[72.745s][info][gc,phases      ] GC(602)   Pre Evacuate Collection Set: 0.2ms
[72.745s][info][gc,phases      ] GC(602)   Merge Heap Roots: 0.2ms
[72.745s][info][gc,phases      ] GC(602)   Evacuate Collection Set: 1.2ms
[72.745s][info][gc,phases      ] GC(602)   Post Evacuate Collection Set: 0.7ms
[72.745s][info][gc,phases      ] GC(602)   Other: 0.1ms
[72.745s][info][gc,heap        ] GC(602) Eden regions: 350->0(350)
[72.745s][info][gc,heap        ] GC(602) Survivor regions: 4->4(45)
[72.745s][info][gc,heap        ] GC(602) Old regions: 43->43
[72.745s][info][gc,heap        ] GC(602) Archive regions: 0->0
[72.745s][info][gc,heap        ] GC(602) Humongous regions: 0->0
[72.745s][info][gc,metaspace   ] GC(602) Metaspace: 74303K(75264K)->74303K(75264K) NonClass: 59033K(59264K)->59033K(59264K) Class: 15269K(16000K)->15269K(16000K)
[72.745s][info][gc             ] GC(602) Pause Young (Normal) (G1 Evacuation Pause) 389M->39M(590M) 2.598ms
[72.745s][info][gc,cpu         ] GC(602) User=0.00s Sys=0.00s Real=0.00s
[72.833s][info][gc,start       ] GC(603) Pause Young (Normal) (G1 Evacuation Pause)
[72.833s][info][gc,task        ] GC(603) Using 33 workers of 33 for evacuation
[72.835s][info][gc,phases      ] GC(603)   Pre Evacuate Collection Set: 0.2ms
[72.835s][info][gc,phases      ] GC(603)   Merge Heap Roots: 0.2ms
[72.835s][info][gc,phases      ] GC(603)   Evacuate Collection Set: 1.3ms
[72.835s][info][gc,phases      ] GC(603)   Post Evacuate Collection Set: 0.6ms
[72.835s][info][gc,phases      ] GC(603)   Other: 0.1ms
[72.835s][info][gc,heap        ] GC(603) Eden regions: 350->0(350)
[72.835s][info][gc,heap        ] GC(603) Survivor regions: 4->4(45)
[72.835s][info][gc,heap        ] GC(603) Old regions: 43->43
[72.835s][info][gc,heap        ] GC(603) Archive regions: 0->0
[72.835s][info][gc,heap        ] GC(603) Humongous regions: 0->0
[72.835s][info][gc,metaspace   ] GC(603) Metaspace: 74303K(75264K)->74303K(75264K) NonClass: 59033K(59264K)->59033K(59264K) Class: 15269K(16000K)->15269K(16000K)
[72.835s][info][gc             ] GC(603) Pause Young (Normal) (G1 Evacuation Pause) 389M->39M(590M) 2.660ms
[72.835s][info][gc,cpu         ] GC(603) User=0.00s Sys=0.00s Real=0.00s
[72.923s][info][gc,start       ] GC(604) Pause Young (Normal) (G1 Evacuation Pause)
[72.923s][info][gc,task        ] GC(604) Using 33 workers of 33 for evacuation
[72.926s][info][gc,phases      ] GC(604)   Pre Evacuate Collection Set: 0.2ms
[72.926s][info][gc,phases      ] GC(604)   Merge Heap Roots: 0.2ms
[72.926s][info][gc,phases      ] GC(604)   Evacuate Collection Set: 1.1ms
[72.926s][info][gc,phases      ] GC(604)   Post Evacuate Collection Set: 0.6ms
[72.926s][info][gc,phases      ] GC(604)   Other: 0.1ms
[72.926s][info][gc,heap        ] GC(604) Eden regions: 350->0(350)
[72.926s][info][gc,heap        ] GC(604) Survivor regions: 4->4(45)
[72.926s][info][gc,heap        ] GC(604) Old regions: 43->43
[72.926s][info][gc,heap        ] GC(604) Archive regions: 0->0
[72.926s][info][gc,heap        ] GC(604) Humongous regions: 0->0
[72.926s][info][gc,metaspace   ] GC(604) Metaspace: 74303K(75264K)->74303K(75264K) NonClass: 59033K(59264K)->59033K(59264K) Class: 15269K(16000K)->15269K(16000K)
[72.926s][info][gc             ] GC(604) Pause Young (Normal) (G1 Evacuation Pause) 389M->39M(590M) 2.468ms
[72.926s][info][gc,cpu         ] GC(604) User=0.00s Sys=0.00s Real=0.00s
[73.014s][info][gc,start       ] GC(605) Pause Young (Normal) (G1 Evacuation Pause)
[73.014s][info][gc,task        ] GC(605) Using 33 workers of 33 for evacuation
[73.016s][info][gc,phases      ] GC(605)   Pre Evacuate Collection Set: 0.2ms
[73.016s][info][gc,phases      ] GC(605)   Merge Heap Roots: 0.2ms
[73.016s][info][gc,phases      ] GC(605)   Evacuate Collection Set: 1.2ms
[73.016s][info][gc,phases      ] GC(605)   Post Evacuate Collection Set: 0.6ms
[73.016s][info][gc,phases      ] GC(605)   Other: 0.1ms
[73.016s][info][gc,heap        ] GC(605) Eden regions: 350->0(350)
[73.016s][info][gc,heap        ] GC(605) Survivor regions: 4->4(45)
[73.016s][info][gc,heap        ] GC(605) Old regions: 43->43
[73.016s][info][gc,heap        ] GC(605) Archive regions: 0->0
[73.016s][info][gc,heap        ] GC(605) Humongous regions: 0->0
[73.016s][info][gc,metaspace   ] GC(605) Metaspace: 74303K(75264K)->74303K(75264K) NonClass: 59033K(59264K)->59033K(59264K) Class: 15269K(16000K)->15269K(16000K)
[73.016s][info][gc             ] GC(605) Pause Young (Normal) (G1 Evacuation Pause) 389M->39M(590M) 2.515ms
[73.016s][info][gc,cpu         ] GC(605) User=0.00s Sys=0.00s Real=0.00s
[73.104s][info][gc,start       ] GC(606) Pause Young (Normal) (G1 Evacuation Pause)
[73.104s][info][gc,task        ] GC(606) Using 33 workers of 33 for evacuation
[73.106s][info][gc,phases      ] GC(606)   Pre Evacuate Collection Set: 0.2ms
[73.107s][info][gc,phases      ] GC(606)   Merge Heap Roots: 0.2ms
[73.107s][info][gc,phases      ] GC(606)   Evacuate Collection Set: 1.2ms
[73.107s][info][gc,phases      ] GC(606)   Post Evacuate Collection Set: 0.6ms
[73.107s][info][gc,phases      ] GC(606)   Other: 0.1ms
[73.107s][info][gc,heap        ] GC(606) Eden regions: 350->0(350)
[73.107s][info][gc,heap        ] GC(606) Survivor regions: 4->4(45)
[73.107s][info][gc,heap        ] GC(606) Old regions: 43->43
[73.107s][info][gc,heap        ] GC(606) Archive regions: 0->0
[73.107s][info][gc,heap        ] GC(606) Humongous regions: 0->0
[73.107s][info][gc,metaspace   ] GC(606) Metaspace: 74303K(75264K)->74303K(75264K) NonClass: 59033K(59264K)->59033K(59264K) Class: 15269K(16000K)->15269K(16000K)
[73.107s][info][gc             ] GC(606) Pause Young (Normal) (G1 Evacuation Pause) 389M->39M(590M) 2.568ms
[73.107s][info][gc,cpu         ] GC(606) User=0.00s Sys=0.00s Real=0.00s
[73.195s][info][gc,start       ] GC(607) Pause Young (Normal) (G1 Evacuation Pause)
[73.195s][info][gc,task        ] GC(607) Using 33 workers of 33 for evacuation
[73.197s][info][gc,phases      ] GC(607)   Pre Evacuate Collection Set: 0.2ms
[73.197s][info][gc,phases      ] GC(607)   Merge Heap Roots: 0.2ms
[73.197s][info][gc,phases      ] GC(607)   Evacuate Collection Set: 1.2ms
[73.197s][info][gc,phases      ] GC(607)   Post Evacuate Collection Set: 0.5ms
[73.197s][info][gc,phases      ] GC(607)   Other: 0.1ms
[73.197s][info][gc,heap        ] GC(607) Eden regions: 350->0(352)
[73.197s][info][gc,heap        ] GC(607) Survivor regions: 4->2(45)
[73.197s][info][gc,heap        ] GC(607) Old regions: 43->45
[73.197s][info][gc,heap        ] GC(607) Archive regions: 0->0
[73.197s][info][gc,heap        ] GC(607) Humongous regions: 0->0
[73.197s][info][gc,metaspace   ] GC(607) Metaspace: 74303K(75264K)->74303K(75264K) NonClass: 59033K(59264K)->59033K(59264K) Class: 15269K(16000K)->15269K(16000K)
[73.197s][info][gc             ] GC(607) Pause Young (Normal) (G1 Evacuation Pause) 389M->39M(590M) 2.415ms
[73.197s][info][gc,cpu         ] GC(607) User=0.00s Sys=0.00s Real=0.00s
[73.286s][info][gc,start       ] GC(608) Pause Young (Normal) (G1 Evacuation Pause)
[73.286s][info][gc,task        ] GC(608) Using 33 workers of 33 for evacuation
[73.288s][info][gc,phases      ] GC(608)   Pre Evacuate Collection Set: 0.2ms
[73.288s][info][gc,phases      ] GC(608)   Merge Heap Roots: 0.2ms
[73.288s][info][gc,phases      ] GC(608)   Evacuate Collection Set: 0.9ms
[73.288s][info][gc,phases      ] GC(608)   Post Evacuate Collection Set: 0.5ms
[73.288s][info][gc,phases      ] GC(608)   Other: 0.1ms
[73.288s][info][gc,heap        ] GC(608) Eden regions: 352->0(352)
[73.288s][info][gc,heap        ] GC(608) Survivor regions: 2->2(45)
[73.288s][info][gc,heap        ] GC(608) Old regions: 45->45
[73.288s][info][gc,heap        ] GC(608) Archive regions: 0->0
[73.288s][info][gc,heap        ] GC(608) Humongous regions: 0->0
[73.288s][info][gc,metaspace   ] GC(608) Metaspace: 74303K(75264K)->74303K(75264K) NonClass: 59033K(59264K)->59033K(59264K) Class: 15269K(16000K)->15269K(16000K)
[73.288s][info][gc             ] GC(608) Pause Young (Normal) (G1 Evacuation Pause) 391M->39M(590M) 2.182ms
[73.288s][info][gc,cpu         ] GC(608) User=0.00s Sys=0.00s Real=0.00s
[73.377s][info][gc,start       ] GC(609) Pause Young (Normal) (G1 Evacuation Pause)
[73.377s][info][gc,task        ] GC(609) Using 33 workers of 33 for evacuation
[73.379s][info][gc,phases      ] GC(609)   Pre Evacuate Collection Set: 0.2ms
[73.379s][info][gc,phases      ] GC(609)   Merge Heap Roots: 0.2ms
[73.379s][info][gc,phases      ] GC(609)   Evacuate Collection Set: 0.8ms
[73.379s][info][gc,phases      ] GC(609)   Post Evacuate Collection Set: 0.5ms
[73.379s][info][gc,phases      ] GC(609)   Other: 0.1ms
[73.379s][info][gc,heap        ] GC(609) Eden regions: 352->0(352)
[73.379s][info][gc,heap        ] GC(609) Survivor regions: 2->2(45)
[73.379s][info][gc,heap        ] GC(609) Old regions: 45->45
[73.379s][info][gc,heap        ] GC(609) Archive regions: 0->0
[73.379s][info][gc,heap        ] GC(609) Humongous regions: 0->0
[73.379s][info][gc,metaspace   ] GC(609) Metaspace: 74303K(75264K)->74303K(75264K) NonClass: 59033K(59264K)->59033K(59264K) Class: 15269K(16000K)->15269K(16000K)
[73.379s][info][gc             ] GC(609) Pause Young (Normal) (G1 Evacuation Pause) 391M->39M(590M) 2.086ms
[73.379s][info][gc,cpu         ] GC(609) User=0.00s Sys=0.00s Real=0.00s
[73.467s][info][gc,start       ] GC(610) Pause Young (Normal) (G1 Evacuation Pause)
[73.468s][info][gc,task        ] GC(610) Using 33 workers of 33 for evacuation
[73.469s][info][gc,phases      ] GC(610)   Pre Evacuate Collection Set: 0.2ms
[73.469s][info][gc,phases      ] GC(610)   Merge Heap Roots: 0.2ms
[73.469s][info][gc,phases      ] GC(610)   Evacuate Collection Set: 0.9ms
[73.469s][info][gc,phases      ] GC(610)   Post Evacuate Collection Set: 0.5ms
[73.469s][info][gc,phases      ] GC(610)   Other: 0.1ms
[73.470s][info][gc,heap        ] GC(610) Eden regions: 352->0(352)
[73.470s][info][gc,heap        ] GC(610) Survivor regions: 2->2(45)
[73.470s][info][gc,heap        ] GC(610) Old regions: 45->45
[73.470s][info][gc,heap        ] GC(610) Archive regions: 0->0
[73.470s][info][gc,heap        ] GC(610) Humongous regions: 0->0
[73.470s][info][gc,metaspace   ] GC(610) Metaspace: 74303K(75264K)->74303K(75264K) NonClass: 59033K(59264K)->59033K(59264K) Class: 15269K(16000K)->15269K(16000K)
[73.470s][info][gc             ] GC(610) Pause Young (Normal) (G1 Evacuation Pause) 391M->39M(590M) 2.109ms
[73.470s][info][gc,cpu         ] GC(610) User=0.00s Sys=0.00s Real=0.00s
[73.558s][info][gc,start       ] GC(611) Pause Young (Normal) (G1 Evacuation Pause)
[73.559s][info][gc,task        ] GC(611) Using 33 workers of 33 for evacuation
[73.560s][info][gc,phases      ] GC(611)   Pre Evacuate Collection Set: 0.2ms
[73.560s][info][gc,phases      ] GC(611)   Merge Heap Roots: 0.2ms
[73.560s][info][gc,phases      ] GC(611)   Evacuate Collection Set: 0.9ms
[73.560s][info][gc,phases      ] GC(611)   Post Evacuate Collection Set: 0.5ms
[73.560s][info][gc,phases      ] GC(611)   Other: 0.1ms
[73.561s][info][gc,heap        ] GC(611) Eden regions: 352->0(352)
[73.561s][info][gc,heap        ] GC(611) Survivor regions: 2->2(45)
[73.561s][info][gc,heap        ] GC(611) Old regions: 45->45
[73.561s][info][gc,heap        ] GC(611) Archive regions: 0->0
[73.561s][info][gc,heap        ] GC(611) Humongous regions: 0->0
[73.561s][info][gc,metaspace   ] GC(611) Metaspace: 74303K(75264K)->74303K(75264K) NonClass: 59033K(59264K)->59033K(59264K) Class: 15269K(16000K)->15269K(16000K)
[73.561s][info][gc             ] GC(611) Pause Young (Normal) (G1 Evacuation Pause) 391M->39M(590M) 2.125ms
[73.561s][info][gc,cpu         ] GC(611) User=0.00s Sys=0.00s Real=0.00s
[73.649s][info][gc,start       ] GC(612) Pause Young (Normal) (G1 Evacuation Pause)
[73.649s][info][gc,task        ] GC(612) Using 33 workers of 33 for evacuation
[73.651s][info][gc,phases      ] GC(612)   Pre Evacuate Collection Set: 0.2ms
[73.651s][info][gc,phases      ] GC(612)   Merge Heap Roots: 0.2ms
[73.651s][info][gc,phases      ] GC(612)   Evacuate Collection Set: 0.8ms
[73.651s][info][gc,phases      ] GC(612)   Post Evacuate Collection Set: 0.5ms
[73.651s][info][gc,phases      ] GC(612)   Other: 0.1ms
[73.651s][info][gc,heap        ] GC(612) Eden regions: 352->0(352)
[73.651s][info][gc,heap        ] GC(612) Survivor regions: 2->2(45)
[73.651s][info][gc,heap        ] GC(612) Old regions: 45->45
[73.651s][info][gc,heap        ] GC(612) Archive regions: 0->0
[73.651s][info][gc,heap        ] GC(612) Humongous regions: 0->0
[73.651s][info][gc,metaspace   ] GC(612) Metaspace: 74303K(75264K)->74303K(75264K) NonClass: 59033K(59264K)->59033K(59264K) Class: 15269K(16000K)->15269K(16000K)
[73.651s][info][gc             ] GC(612) Pause Young (Normal) (G1 Evacuation Pause) 391M->39M(590M) 2.042ms
[73.651s][info][gc,cpu         ] GC(612) User=0.00s Sys=0.00s Real=0.00s
[73.740s][info][gc,start       ] GC(613) Pause Young (Normal) (G1 Evacuation Pause)
[73.740s][info][gc,task        ] GC(613) Using 33 workers of 33 for evacuation
[73.742s][info][gc,phases      ] GC(613)   Pre Evacuate Collection Set: 0.2ms
[73.742s][info][gc,phases      ] GC(613)   Merge Heap Roots: 0.2ms
[73.742s][info][gc,phases      ] GC(613)   Evacuate Collection Set: 0.9ms
[73.742s][info][gc,phases      ] GC(613)   Post Evacuate Collection Set: 0.5ms
[73.742s][info][gc,phases      ] GC(613)   Other: 0.1ms
[73.742s][info][gc,heap        ] GC(613) Eden regions: 352->0(352)
[73.742s][info][gc,heap        ] GC(613) Survivor regions: 2->2(45)
[73.742s][info][gc,heap        ] GC(613) Old regions: 45->45
[73.742s][info][gc,heap        ] GC(613) Archive regions: 0->0
[73.742s][info][gc,heap        ] GC(613) Humongous regions: 0->0
[73.742s][info][gc,metaspace   ] GC(613) Metaspace: 74303K(75264K)->74303K(75264K) NonClass: 59033K(59264K)->59033K(59264K) Class: 15269K(16000K)->15269K(16000K)
[73.742s][info][gc             ] GC(613) Pause Young (Normal) (G1 Evacuation Pause) 391M->39M(590M) 2.152ms
[73.742s][info][gc,cpu         ] GC(613) User=0.00s Sys=0.00s Real=0.00s
[73.831s][info][gc,start       ] GC(614) Pause Young (Normal) (G1 Evacuation Pause)
[73.831s][info][gc,task        ] GC(614) Using 33 workers of 33 for evacuation
[73.833s][info][gc,phases      ] GC(614)   Pre Evacuate Collection Set: 0.2ms
[73.833s][info][gc,phases      ] GC(614)   Merge Heap Roots: 0.2ms
[73.833s][info][gc,phases      ] GC(614)   Evacuate Collection Set: 0.8ms
[73.833s][info][gc,phases      ] GC(614)   Post Evacuate Collection Set: 0.5ms
[73.833s][info][gc,phases      ] GC(614)   Other: 0.1ms
[73.833s][info][gc,heap        ] GC(614) Eden regions: 352->0(352)
[73.833s][info][gc,heap        ] GC(614) Survivor regions: 2->2(45)
[73.833s][info][gc,heap        ] GC(614) Old regions: 45->45
[73.833s][info][gc,heap        ] GC(614) Archive regions: 0->0
[73.833s][info][gc,heap        ] GC(614) Humongous regions: 0->0
[73.833s][info][gc,metaspace   ] GC(614) Metaspace: 74303K(75264K)->74303K(75264K) NonClass: 59033K(59264K)->59033K(59264K) Class: 15269K(16000K)->15269K(16000K)
[73.833s][info][gc             ] GC(614) Pause Young (Normal) (G1 Evacuation Pause) 391M->39M(590M) 2.100ms
[73.833s][info][gc,cpu         ] GC(614) User=0.00s Sys=0.00s Real=0.00s
[73.922s][info][gc,start       ] GC(615) Pause Young (Normal) (G1 Evacuation Pause)
[73.922s][info][gc,task        ] GC(615) Using 33 workers of 33 for evacuation
[73.924s][info][gc,phases      ] GC(615)   Pre Evacuate Collection Set: 0.2ms
[73.924s][info][gc,phases      ] GC(615)   Merge Heap Roots: 0.2ms
[73.924s][info][gc,phases      ] GC(615)   Evacuate Collection Set: 0.9ms
[73.924s][info][gc,phases      ] GC(615)   Post Evacuate Collection Set: 0.5ms
[73.924s][info][gc,phases      ] GC(615)   Other: 0.1ms
[73.924s][info][gc,heap        ] GC(615) Eden regions: 352->0(352)
[73.924s][info][gc,heap        ] GC(615) Survivor regions: 2->2(45)
[73.924s][info][gc,heap        ] GC(615) Old regions: 45->45
[73.924s][info][gc,heap        ] GC(615) Archive regions: 0->0
[73.924s][info][gc,heap        ] GC(615) Humongous regions: 0->0
[73.924s][info][gc,metaspace   ] GC(615) Metaspace: 74303K(75264K)->74303K(75264K) NonClass: 59033K(59264K)->59033K(59264K) Class: 15269K(16000K)->15269K(16000K)
[73.924s][info][gc             ] GC(615) Pause Young (Normal) (G1 Evacuation Pause) 391M->39M(590M) 2.634ms
[73.924s][info][gc,cpu         ] GC(615) User=0.00s Sys=0.00s Real=0.00s
[74.013s][info][gc,start       ] GC(616) Pause Young (Normal) (G1 Evacuation Pause)
[74.013s][info][gc,task        ] GC(616) Using 33 workers of 33 for evacuation
[74.015s][info][gc,phases      ] GC(616)   Pre Evacuate Collection Set: 0.2ms
[74.015s][info][gc,phases      ] GC(616)   Merge Heap Roots: 0.2ms
[74.015s][info][gc,phases      ] GC(616)   Evacuate Collection Set: 0.8ms
[74.015s][info][gc,phases      ] GC(616)   Post Evacuate Collection Set: 0.5ms
[74.015s][info][gc,phases      ] GC(616)   Other: 0.1ms
[74.015s][info][gc,heap        ] GC(616) Eden regions: 352->0(352)
[74.015s][info][gc,heap        ] GC(616) Survivor regions: 2->2(45)
[74.015s][info][gc,heap        ] GC(616) Old regions: 45->45
[74.015s][info][gc,heap        ] GC(616) Archive regions: 0->0
[74.015s][info][gc,heap        ] GC(616) Humongous regions: 0->0
[74.015s][info][gc,metaspace   ] GC(616) Metaspace: 74303K(75264K)->74303K(75264K) NonClass: 59033K(59264K)->59033K(59264K) Class: 15269K(16000K)->15269K(16000K)
[74.015s][info][gc             ] GC(616) Pause Young (Normal) (G1 Evacuation Pause) 391M->39M(590M) 2.072ms
[74.015s][info][gc,cpu         ] GC(616) User=0.00s Sys=0.00s Real=0.00s
[74.105s][info][gc,start       ] GC(617) Pause Young (Normal) (G1 Evacuation Pause)
[74.105s][info][gc,task        ] GC(617) Using 33 workers of 33 for evacuation
[74.106s][info][gc,phases      ] GC(617)   Pre Evacuate Collection Set: 0.2ms
[74.106s][info][gc,phases      ] GC(617)   Merge Heap Roots: 0.2ms
[74.106s][info][gc,phases      ] GC(617)   Evacuate Collection Set: 0.9ms
[74.107s][info][gc,phases      ] GC(617)   Post Evacuate Collection Set: 0.5ms
[74.107s][info][gc,phases      ] GC(617)   Other: 0.1ms
[74.107s][info][gc,heap        ] GC(617) Eden regions: 352->0(352)
[74.107s][info][gc,heap        ] GC(617) Survivor regions: 2->2(45)
[74.107s][info][gc,heap        ] GC(617) Old regions: 45->45
[74.107s][info][gc,heap        ] GC(617) Archive regions: 0->0
[74.107s][info][gc,heap        ] GC(617) Humongous regions: 0->0
[74.107s][info][gc,metaspace   ] GC(617) Metaspace: 74303K(75264K)->74303K(75264K) NonClass: 59033K(59264K)->59033K(59264K) Class: 15269K(16000K)->15269K(16000K)
[74.107s][info][gc             ] GC(617) Pause Young (Normal) (G1 Evacuation Pause) 391M->39M(590M) 2.103ms
[74.107s][info][gc,cpu         ] GC(617) User=0.00s Sys=0.00s Real=0.00s
[74.196s][info][gc,start       ] GC(618) Pause Young (Normal) (G1 Evacuation Pause)
[74.196s][info][gc,task        ] GC(618) Using 33 workers of 33 for evacuation
[74.198s][info][gc,phases      ] GC(618)   Pre Evacuate Collection Set: 0.2ms
[74.198s][info][gc,phases      ] GC(618)   Merge Heap Roots: 0.2ms
[74.198s][info][gc,phases      ] GC(618)   Evacuate Collection Set: 0.9ms
[74.198s][info][gc,phases      ] GC(618)   Post Evacuate Collection Set: 0.5ms
[74.198s][info][gc,phases      ] GC(618)   Other: 0.1ms
[74.198s][info][gc,heap        ] GC(618) Eden regions: 352->0(352)
[74.198s][info][gc,heap        ] GC(618) Survivor regions: 2->2(45)
[74.198s][info][gc,heap        ] GC(618) Old regions: 45->45
[74.198s][info][gc,heap        ] GC(618) Archive regions: 0->0
[74.198s][info][gc,heap        ] GC(618) Humongous regions: 0->0
[74.198s][info][gc,metaspace   ] GC(618) Metaspace: 74303K(75264K)->74303K(75264K) NonClass: 59033K(59264K)->59033K(59264K) Class: 15269K(16000K)->15269K(16000K)
[74.198s][info][gc             ] GC(618) Pause Young (Normal) (G1 Evacuation Pause) 391M->39M(590M) 2.122ms
[74.198s][info][gc,cpu         ] GC(618) User=0.00s Sys=0.00s Real=0.00s
[74.287s][info][gc,start       ] GC(619) Pause Young (Normal) (G1 Evacuation Pause)
[74.287s][info][gc,task        ] GC(619) Using 33 workers of 33 for evacuation
[74.288s][info][gc,phases      ] GC(619)   Pre Evacuate Collection Set: 0.2ms
[74.288s][info][gc,phases      ] GC(619)   Merge Heap Roots: 0.2ms
[74.288s][info][gc,phases      ] GC(619)   Evacuate Collection Set: 0.9ms
[74.288s][info][gc,phases      ] GC(619)   Post Evacuate Collection Set: 0.5ms
[74.288s][info][gc,phases      ] GC(619)   Other: 0.1ms
[74.289s][info][gc,heap        ] GC(619) Eden regions: 352->0(352)
[74.289s][info][gc,heap        ] GC(619) Survivor regions: 2->2(45)
[74.289s][info][gc,heap        ] GC(619) Old regions: 45->45
[74.289s][info][gc,heap        ] GC(619) Archive regions: 0->0
[74.289s][info][gc,heap        ] GC(619) Humongous regions: 0->0
[74.289s][info][gc,metaspace   ] GC(619) Metaspace: 74303K(75264K)->74303K(75264K) NonClass: 59033K(59264K)->59033K(59264K) Class: 15269K(16000K)->15269K(16000K)
[74.289s][info][gc             ] GC(619) Pause Young (Normal) (G1 Evacuation Pause) 391M->39M(590M) 2.055ms
[74.289s][info][gc,cpu         ] GC(619) User=0.00s Sys=0.00s Real=0.00s
[74.377s][info][gc,start       ] GC(620) Pause Young (Normal) (G1 Evacuation Pause)
[74.377s][info][gc,task        ] GC(620) Using 33 workers of 33 for evacuation
[74.379s][info][gc,phases      ] GC(620)   Pre Evacuate Collection Set: 0.2ms
[74.379s][info][gc,phases      ] GC(620)   Merge Heap Roots: 0.2ms
[74.379s][info][gc,phases      ] GC(620)   Evacuate Collection Set: 0.8ms
[74.379s][info][gc,phases      ] GC(620)   Post Evacuate Collection Set: 0.5ms
[74.379s][info][gc,phases      ] GC(620)   Other: 0.1ms
[74.379s][info][gc,heap        ] GC(620) Eden regions: 352->0(352)
[74.379s][info][gc,heap        ] GC(620) Survivor regions: 2->2(45)
[74.379s][info][gc,heap        ] GC(620) Old regions: 45->45
[74.379s][info][gc,heap        ] GC(620) Archive regions: 0->0
[74.379s][info][gc,heap        ] GC(620) Humongous regions: 0->0
[74.379s][info][gc,metaspace   ] GC(620) Metaspace: 74303K(75264K)->74303K(75264K) NonClass: 59033K(59264K)->59033K(59264K) Class: 15269K(16000K)->15269K(16000K)
[74.379s][info][gc             ] GC(620) Pause Young (Normal) (G1 Evacuation Pause) 391M->39M(590M) 2.098ms
[74.379s][info][gc,cpu         ] GC(620) User=0.00s Sys=0.00s Real=0.00s
[74.468s][info][gc,start       ] GC(621) Pause Young (Normal) (G1 Evacuation Pause)
[74.468s][info][gc,task        ] GC(621) Using 33 workers of 33 for evacuation
[74.470s][info][gc,phases      ] GC(621)   Pre Evacuate Collection Set: 0.2ms
[74.470s][info][gc,phases      ] GC(621)   Merge Heap Roots: 0.2ms
[74.470s][info][gc,phases      ] GC(621)   Evacuate Collection Set: 0.9ms
[74.470s][info][gc,phases      ] GC(621)   Post Evacuate Collection Set: 0.5ms
[74.470s][info][gc,phases      ] GC(621)   Other: 0.1ms
[74.470s][info][gc,heap        ] GC(621) Eden regions: 352->0(352)
[74.470s][info][gc,heap        ] GC(621) Survivor regions: 2->2(45)
[74.470s][info][gc,heap        ] GC(621) Old regions: 45->45
[74.470s][info][gc,heap        ] GC(621) Archive regions: 0->0
[74.470s][info][gc,heap        ] GC(621) Humongous regions: 0->0
[74.470s][info][gc,metaspace   ] GC(621) Metaspace: 74303K(75264K)->74303K(75264K) NonClass: 59033K(59264K)->59033K(59264K) Class: 15269K(16000K)->15269K(16000K)
[74.470s][info][gc             ] GC(621) Pause Young (Normal) (G1 Evacuation Pause) 391M->39M(590M) 2.106ms
[74.470s][info][gc,cpu         ] GC(621) User=0.00s Sys=0.00s Real=0.00s
[74.559s][info][gc,start       ] GC(622) Pause Young (Normal) (G1 Evacuation Pause)
[74.559s][info][gc,task        ] GC(622) Using 33 workers of 33 for evacuation
[74.561s][info][gc,phases      ] GC(622)   Pre Evacuate Collection Set: 0.2ms
[74.561s][info][gc,phases      ] GC(622)   Merge Heap Roots: 0.2ms
[74.561s][info][gc,phases      ] GC(622)   Evacuate Collection Set: 0.9ms
[74.561s][info][gc,phases      ] GC(622)   Post Evacuate Collection Set: 0.5ms
[74.561s][info][gc,phases      ] GC(622)   Other: 0.1ms
[74.561s][info][gc,heap        ] GC(622) Eden regions: 352->0(352)
[74.561s][info][gc,heap        ] GC(622) Survivor regions: 2->2(45)
[74.561s][info][gc,heap        ] GC(622) Old regions: 45->45
[74.561s][info][gc,heap        ] GC(622) Archive regions: 0->0
[74.561s][info][gc,heap        ] GC(622) Humongous regions: 0->0
[74.561s][info][gc,metaspace   ] GC(622) Metaspace: 74303K(75264K)->74303K(75264K) NonClass: 59033K(59264K)->59033K(59264K) Class: 15269K(16000K)->15269K(16000K)
[74.561s][info][gc             ] GC(622) Pause Young (Normal) (G1 Evacuation Pause) 391M->39M(590M) 2.064ms
[74.561s][info][gc,cpu         ] GC(622) User=0.00s Sys=0.00s Real=0.00s
[74.650s][info][gc,start       ] GC(623) Pause Young (Normal) (G1 Evacuation Pause)
[74.650s][info][gc,task        ] GC(623) Using 33 workers of 33 for evacuation
[74.652s][info][gc,phases      ] GC(623)   Pre Evacuate Collection Set: 0.2ms
[74.652s][info][gc,phases      ] GC(623)   Merge Heap Roots: 0.2ms
[74.652s][info][gc,phases      ] GC(623)   Evacuate Collection Set: 0.9ms
[74.652s][info][gc,phases      ] GC(623)   Post Evacuate Collection Set: 0.5ms
[74.652s][info][gc,phases      ] GC(623)   Other: 0.1ms
[74.652s][info][gc,heap        ] GC(623) Eden regions: 352->0(352)
[74.652s][info][gc,heap        ] GC(623) Survivor regions: 2->2(45)
[74.652s][info][gc,heap        ] GC(623) Old regions: 45->45
[74.652s][info][gc,heap        ] GC(623) Archive regions: 0->0
[74.652s][info][gc,heap        ] GC(623) Humongous regions: 0->0
[74.652s][info][gc,metaspace   ] GC(623) Metaspace: 74303K(75264K)->74303K(75264K) NonClass: 59033K(59264K)->59033K(59264K) Class: 15269K(16000K)->15269K(16000K)
[74.652s][info][gc             ] GC(623) Pause Young (Normal) (G1 Evacuation Pause) 391M->39M(590M) 2.139ms
[74.652s][info][gc,cpu         ] GC(623) User=0.00s Sys=0.00s Real=0.00s
[74.741s][info][gc,start       ] GC(624) Pause Young (Normal) (G1 Evacuation Pause)
[74.741s][info][gc,task        ] GC(624) Using 33 workers of 33 for evacuation
[74.743s][info][gc,phases      ] GC(624)   Pre Evacuate Collection Set: 0.2ms
[74.743s][info][gc,phases      ] GC(624)   Merge Heap Roots: 0.2ms
[74.743s][info][gc,phases      ] GC(624)   Evacuate Collection Set: 0.9ms
[74.743s][info][gc,phases      ] GC(624)   Post Evacuate Collection Set: 0.5ms
[74.743s][info][gc,phases      ] GC(624)   Other: 0.1ms
[74.743s][info][gc,heap        ] GC(624) Eden regions: 352->0(352)
[74.743s][info][gc,heap        ] GC(624) Survivor regions: 2->2(45)
[74.743s][info][gc,heap        ] GC(624) Old regions: 45->45
[74.743s][info][gc,heap        ] GC(624) Archive regions: 0->0
[74.743s][info][gc,heap        ] GC(624) Humongous regions: 0->0
[74.743s][info][gc,metaspace   ] GC(624) Metaspace: 74303K(75264K)->74303K(75264K) NonClass: 59033K(59264K)->59033K(59264K) Class: 15269K(16000K)->15269K(16000K)
[74.743s][info][gc             ] GC(624) Pause Young (Normal) (G1 Evacuation Pause) 391M->39M(590M) 2.105ms
[74.743s][info][gc,cpu         ] GC(624) User=0.00s Sys=0.00s Real=0.00s
[74.837s][info][gc,start       ] GC(625) Pause Young (Normal) (G1 Evacuation Pause)
[74.837s][info][gc,task        ] GC(625) Using 33 workers of 33 for evacuation
[74.839s][info][gc,phases      ] GC(625)   Pre Evacuate Collection Set: 0.2ms
[74.839s][info][gc,phases      ] GC(625)   Merge Heap Roots: 0.2ms
[74.839s][info][gc,phases      ] GC(625)   Evacuate Collection Set: 0.9ms
[74.839s][info][gc,phases      ] GC(625)   Post Evacuate Collection Set: 0.5ms
[74.839s][info][gc,phases      ] GC(625)   Other: 0.1ms
[74.839s][info][gc,heap        ] GC(625) Eden regions: 352->0(352)
[74.839s][info][gc,heap        ] GC(625) Survivor regions: 2->2(45)
[74.839s][info][gc,heap        ] GC(625) Old regions: 45->45
[74.839s][info][gc,heap        ] GC(625) Archive regions: 0->0
[74.839s][info][gc,heap        ] GC(625) Humongous regions: 0->0
[74.839s][info][gc,metaspace   ] GC(625) Metaspace: 74303K(75264K)->74303K(75264K) NonClass: 59033K(59264K)->59033K(59264K) Class: 15269K(16000K)->15269K(16000K)
[74.839s][info][gc             ] GC(625) Pause Young (Normal) (G1 Evacuation Pause) 391M->39M(590M) 2.160ms
[74.839s][info][gc,cpu         ] GC(625) User=0.00s Sys=0.00s Real=0.00s
[74.928s][info][gc,start       ] GC(626) Pause Young (Normal) (G1 Evacuation Pause)
[74.929s][info][gc,task        ] GC(626) Using 33 workers of 33 for evacuation
[74.930s][info][gc,phases      ] GC(626)   Pre Evacuate Collection Set: 0.2ms
[74.930s][info][gc,phases      ] GC(626)   Merge Heap Roots: 0.2ms
[74.930s][info][gc,phases      ] GC(626)   Evacuate Collection Set: 0.8ms
[74.930s][info][gc,phases      ] GC(626)   Post Evacuate Collection Set: 0.5ms
[74.930s][info][gc,phases      ] GC(626)   Other: 0.1ms
[74.930s][info][gc,heap        ] GC(626) Eden regions: 352->0(352)
[74.930s][info][gc,heap        ] GC(626) Survivor regions: 2->2(45)
[74.930s][info][gc,heap        ] GC(626) Old regions: 45->45
[74.930s][info][gc,heap        ] GC(626) Archive regions: 0->0
[74.930s][info][gc,heap        ] GC(626) Humongous regions: 0->0
[74.930s][info][gc,metaspace   ] GC(626) Metaspace: 74303K(75264K)->74303K(75264K) NonClass: 59033K(59264K)->59033K(59264K) Class: 15269K(16000K)->15269K(16000K)
[74.931s][info][gc             ] GC(626) Pause Young (Normal) (G1 Evacuation Pause) 391M->39M(590M) 2.106ms
[74.931s][info][gc,cpu         ] GC(626) User=0.00s Sys=0.00s Real=0.00s
[75.019s][info][gc,start       ] GC(627) Pause Young (Normal) (G1 Evacuation Pause)
[75.019s][info][gc,task        ] GC(627) Using 33 workers of 33 for evacuation
[75.021s][info][gc,phases      ] GC(627)   Pre Evacuate Collection Set: 0.2ms
[75.021s][info][gc,phases      ] GC(627)   Merge Heap Roots: 0.2ms
[75.021s][info][gc,phases      ] GC(627)   Evacuate Collection Set: 0.8ms
[75.021s][info][gc,phases      ] GC(627)   Post Evacuate Collection Set: 0.5ms
[75.021s][info][gc,phases      ] GC(627)   Other: 0.1ms
[75.021s][info][gc,heap        ] GC(627) Eden regions: 352->0(352)
[75.021s][info][gc,heap        ] GC(627) Survivor regions: 2->2(45)
[75.021s][info][gc,heap        ] GC(627) Old regions: 45->45
[75.021s][info][gc,heap        ] GC(627) Archive regions: 0->0
[75.021s][info][gc,heap        ] GC(627) Humongous regions: 0->0
[75.021s][info][gc,metaspace   ] GC(627) Metaspace: 74303K(75264K)->74303K(75264K) NonClass: 59033K(59264K)->59033K(59264K) Class: 15269K(16000K)->15269K(16000K)
[75.021s][info][gc             ] GC(627) Pause Young (Normal) (G1 Evacuation Pause) 391M->39M(590M) 2.061ms
[75.021s][info][gc,cpu         ] GC(627) User=0.00s Sys=0.00s Real=0.00s
[75.110s][info][gc,start       ] GC(628) Pause Young (Normal) (G1 Evacuation Pause)
[75.110s][info][gc,task        ] GC(628) Using 33 workers of 33 for evacuation
[75.112s][info][gc,phases      ] GC(628)   Pre Evacuate Collection Set: 0.2ms
[75.112s][info][gc,phases      ] GC(628)   Merge Heap Roots: 0.2ms
[75.112s][info][gc,phases      ] GC(628)   Evacuate Collection Set: 0.9ms
[75.112s][info][gc,phases      ] GC(628)   Post Evacuate Collection Set: 0.5ms
[75.112s][info][gc,phases      ] GC(628)   Other: 0.1ms
[75.112s][info][gc,heap        ] GC(628) Eden regions: 352->0(352)
[75.112s][info][gc,heap        ] GC(628) Survivor regions: 2->2(45)
[75.112s][info][gc,heap        ] GC(628) Old regions: 45->45
[75.112s][info][gc,heap        ] GC(628) Archive regions: 0->0
[75.112s][info][gc,heap        ] GC(628) Humongous regions: 0->0
[75.112s][info][gc,metaspace   ] GC(628) Metaspace: 74303K(75264K)->74303K(75264K) NonClass: 59033K(59264K)->59033K(59264K) Class: 15269K(16000K)->15269K(16000K)
[75.112s][info][gc             ] GC(628) Pause Young (Normal) (G1 Evacuation Pause) 391M->39M(590M) 2.076ms
[75.112s][info][gc,cpu         ] GC(628) User=0.00s Sys=0.00s Real=0.00s
[75.201s][info][gc,start       ] GC(629) Pause Young (Normal) (G1 Evacuation Pause)
[75.201s][info][gc,task        ] GC(629) Using 33 workers of 33 for evacuation
[75.203s][info][gc,phases      ] GC(629)   Pre Evacuate Collection Set: 0.2ms
[75.203s][info][gc,phases      ] GC(629)   Merge Heap Roots: 0.2ms
[75.203s][info][gc,phases      ] GC(629)   Evacuate Collection Set: 0.8ms
[75.203s][info][gc,phases      ] GC(629)   Post Evacuate Collection Set: 0.5ms
[75.203s][info][gc,phases      ] GC(629)   Other: 0.1ms
[75.203s][info][gc,heap        ] GC(629) Eden regions: 352->0(352)
[75.203s][info][gc,heap        ] GC(629) Survivor regions: 2->2(45)
[75.203s][info][gc,heap        ] GC(629) Old regions: 45->45
[75.203s][info][gc,heap        ] GC(629) Archive regions: 0->0
[75.203s][info][gc,heap        ] GC(629) Humongous regions: 0->0
[75.203s][info][gc,metaspace   ] GC(629) Metaspace: 74303K(75264K)->74303K(75264K) NonClass: 59033K(59264K)->59033K(59264K) Class: 15269K(16000K)->15269K(16000K)
[75.203s][info][gc             ] GC(629) Pause Young (Normal) (G1 Evacuation Pause) 391M->39M(590M) 2.070ms
[75.203s][info][gc,cpu         ] GC(629) User=0.00s Sys=0.00s Real=0.00s
[75.292s][info][gc,start       ] GC(630) Pause Young (Normal) (G1 Evacuation Pause)
[75.304s][info][gc,task        ] GC(630) Using 33 workers of 33 for evacuation
[75.306s][info][gc,phases      ] GC(630)   Pre Evacuate Collection Set: 0.2ms
[75.306s][info][gc,phases      ] GC(630)   Merge Heap Roots: 0.2ms
[75.306s][info][gc,phases      ] GC(630)   Evacuate Collection Set: 0.9ms
[75.306s][info][gc,phases      ] GC(630)   Post Evacuate Collection Set: 0.5ms
[75.306s][info][gc,phases      ] GC(630)   Other: 0.1ms
[75.306s][info][gc,heap        ] GC(630) Eden regions: 352->0(352)
[75.306s][info][gc,heap        ] GC(630) Survivor regions: 2->2(45)
[75.306s][info][gc,heap        ] GC(630) Old regions: 45->45
[75.306s][info][gc,heap        ] GC(630) Archive regions: 0->0
[75.306s][info][gc,heap        ] GC(630) Humongous regions: 0->0
[75.306s][info][gc,metaspace   ] GC(630) Metaspace: 74303K(75264K)->74303K(75264K) NonClass: 59033K(59264K)->59033K(59264K) Class: 15269K(16000K)->15269K(16000K)
[75.306s][info][gc             ] GC(630) Pause Young (Normal) (G1 Evacuation Pause) 391M->39M(590M) 13.997ms
[75.306s][info][gc,cpu         ] GC(630) User=0.00s Sys=0.02s Real=0.02s
[75.396s][info][gc,start       ] GC(631) Pause Young (Normal) (G1 Evacuation Pause)
[75.396s][info][gc,task        ] GC(631) Using 33 workers of 33 for evacuation
[75.398s][info][gc,phases      ] GC(631)   Pre Evacuate Collection Set: 0.2ms
[75.398s][info][gc,phases      ] GC(631)   Merge Heap Roots: 0.2ms
[75.398s][info][gc,phases      ] GC(631)   Evacuate Collection Set: 0.8ms
[75.398s][info][gc,phases      ] GC(631)   Post Evacuate Collection Set: 0.5ms
[75.398s][info][gc,phases      ] GC(631)   Other: 0.1ms
[75.398s][info][gc,heap        ] GC(631) Eden regions: 352->0(352)
[75.398s][info][gc,heap        ] GC(631) Survivor regions: 2->2(45)
[75.398s][info][gc,heap        ] GC(631) Old regions: 45->45
[75.398s][info][gc,heap        ] GC(631) Archive regions: 0->0
[75.398s][info][gc,heap        ] GC(631) Humongous regions: 0->0
[75.398s][info][gc,metaspace   ] GC(631) Metaspace: 74303K(75264K)->74303K(75264K) NonClass: 59033K(59264K)->59033K(59264K) Class: 15269K(16000K)->15269K(16000K)
[75.398s][info][gc             ] GC(631) Pause Young (Normal) (G1 Evacuation Pause) 391M->39M(590M) 2.039ms
[75.398s][info][gc,cpu         ] GC(631) User=0.00s Sys=0.00s Real=0.00s
[75.487s][info][gc,start       ] GC(632) Pause Young (Normal) (G1 Evacuation Pause)
[75.487s][info][gc,task        ] GC(632) Using 33 workers of 33 for evacuation
[75.489s][info][gc,phases      ] GC(632)   Pre Evacuate Collection Set: 0.2ms
[75.489s][info][gc,phases      ] GC(632)   Merge Heap Roots: 0.2ms
[75.489s][info][gc,phases      ] GC(632)   Evacuate Collection Set: 0.8ms
[75.489s][info][gc,phases      ] GC(632)   Post Evacuate Collection Set: 0.5ms
[75.489s][info][gc,phases      ] GC(632)   Other: 0.1ms
[75.489s][info][gc,heap        ] GC(632) Eden regions: 352->0(352)
[75.489s][info][gc,heap        ] GC(632) Survivor regions: 2->2(45)
[75.489s][info][gc,heap        ] GC(632) Old regions: 45->45
[75.489s][info][gc,heap        ] GC(632) Archive regions: 0->0
[75.489s][info][gc,heap        ] GC(632) Humongous regions: 0->0
[75.489s][info][gc,metaspace   ] GC(632) Metaspace: 74303K(75264K)->74303K(75264K) NonClass: 59033K(59264K)->59033K(59264K) Class: 15269K(16000K)->15269K(16000K)
[75.489s][info][gc             ] GC(632) Pause Young (Normal) (G1 Evacuation Pause) 391M->39M(590M) 2.049ms
[75.489s][info][gc,cpu         ] GC(632) User=0.00s Sys=0.00s Real=0.00s
[75.577s][info][gc,start       ] GC(633) Pause Young (Normal) (G1 Evacuation Pause)
[75.578s][info][gc,task        ] GC(633) Using 33 workers of 33 for evacuation
[75.579s][info][gc,phases      ] GC(633)   Pre Evacuate Collection Set: 0.2ms
[75.579s][info][gc,phases      ] GC(633)   Merge Heap Roots: 0.2ms
[75.579s][info][gc,phases      ] GC(633)   Evacuate Collection Set: 0.8ms
[75.579s][info][gc,phases      ] GC(633)   Post Evacuate Collection Set: 0.5ms
[75.579s][info][gc,phases      ] GC(633)   Other: 0.1ms
[75.579s][info][gc,heap        ] GC(633) Eden regions: 352->0(352)
[75.579s][info][gc,heap        ] GC(633) Survivor regions: 2->2(45)
[75.579s][info][gc,heap        ] GC(633) Old regions: 45->45
[75.579s][info][gc,heap        ] GC(633) Archive regions: 0->0
[75.579s][info][gc,heap        ] GC(633) Humongous regions: 0->0
[75.579s][info][gc,metaspace   ] GC(633) Metaspace: 74303K(75264K)->74303K(75264K) NonClass: 59033K(59264K)->59033K(59264K) Class: 15269K(16000K)->15269K(16000K)
[75.580s][info][gc             ] GC(633) Pause Young (Normal) (G1 Evacuation Pause) 391M->39M(590M) 2.057ms
[75.580s][info][gc,cpu         ] GC(633) User=0.00s Sys=0.00s Real=0.00s
[75.668s][info][gc,start       ] GC(634) Pause Young (Normal) (G1 Evacuation Pause)
[75.668s][info][gc,task        ] GC(634) Using 33 workers of 33 for evacuation
[75.670s][info][gc,phases      ] GC(634)   Pre Evacuate Collection Set: 0.2ms
[75.670s][info][gc,phases      ] GC(634)   Merge Heap Roots: 0.2ms
[75.670s][info][gc,phases      ] GC(634)   Evacuate Collection Set: 0.8ms
[75.670s][info][gc,phases      ] GC(634)   Post Evacuate Collection Set: 0.5ms
[75.670s][info][gc,phases      ] GC(634)   Other: 0.1ms
[75.670s][info][gc,heap        ] GC(634) Eden regions: 352->0(352)
[75.670s][info][gc,heap        ] GC(634) Survivor regions: 2->2(45)
[75.670s][info][gc,heap        ] GC(634) Old regions: 45->45
[75.670s][info][gc,heap        ] GC(634) Archive regions: 0->0
[75.670s][info][gc,heap        ] GC(634) Humongous regions: 0->0
[75.670s][info][gc,metaspace   ] GC(634) Metaspace: 74303K(75264K)->74303K(75264K) NonClass: 59033K(59264K)->59033K(59264K) Class: 15269K(16000K)->15269K(16000K)
[75.670s][info][gc             ] GC(634) Pause Young (Normal) (G1 Evacuation Pause) 391M->39M(590M) 2.013ms
[75.670s][info][gc,cpu         ] GC(634) User=0.50s Sys=0.02s Real=0.00s
[75.759s][info][gc,start       ] GC(635) Pause Young (Normal) (G1 Evacuation Pause)
[75.759s][info][gc,task        ] GC(635) Using 33 workers of 33 for evacuation
[75.761s][info][gc,phases      ] GC(635)   Pre Evacuate Collection Set: 0.2ms
[75.761s][info][gc,phases      ] GC(635)   Merge Heap Roots: 0.2ms
[75.761s][info][gc,phases      ] GC(635)   Evacuate Collection Set: 0.8ms
[75.761s][info][gc,phases      ] GC(635)   Post Evacuate Collection Set: 0.5ms
[75.761s][info][gc,phases      ] GC(635)   Other: 0.1ms
[75.761s][info][gc,heap        ] GC(635) Eden regions: 352->0(352)
[75.761s][info][gc,heap        ] GC(635) Survivor regions: 2->2(45)
[75.761s][info][gc,heap        ] GC(635) Old regions: 45->45
[75.761s][info][gc,heap        ] GC(635) Archive regions: 0->0
[75.761s][info][gc,heap        ] GC(635) Humongous regions: 0->0
[75.761s][info][gc,metaspace   ] GC(635) Metaspace: 74303K(75264K)->74303K(75264K) NonClass: 59033K(59264K)->59033K(59264K) Class: 15269K(16000K)->15269K(16000K)
[75.761s][info][gc             ] GC(635) Pause Young (Normal) (G1 Evacuation Pause) 391M->39M(590M) 2.032ms
[75.761s][info][gc,cpu         ] GC(635) User=0.00s Sys=0.00s Real=0.00s
[75.851s][info][gc,start       ] GC(636) Pause Young (Normal) (G1 Evacuation Pause)
[75.851s][info][gc,task        ] GC(636) Using 33 workers of 33 for evacuation
[75.853s][info][gc,phases      ] GC(636)   Pre Evacuate Collection Set: 0.2ms
[75.853s][info][gc,phases      ] GC(636)   Merge Heap Roots: 0.2ms
[75.853s][info][gc,phases      ] GC(636)   Evacuate Collection Set: 0.8ms
[75.853s][info][gc,phases      ] GC(636)   Post Evacuate Collection Set: 0.5ms
[75.853s][info][gc,phases      ] GC(636)   Other: 0.1ms
[75.853s][info][gc,heap        ] GC(636) Eden regions: 352->0(352)
[75.853s][info][gc,heap        ] GC(636) Survivor regions: 2->2(45)
[75.853s][info][gc,heap        ] GC(636) Old regions: 45->45
[75.853s][info][gc,heap        ] GC(636) Archive regions: 0->0
[75.853s][info][gc,heap        ] GC(636) Humongous regions: 0->0
[75.853s][info][gc,metaspace   ] GC(636) Metaspace: 74303K(75264K)->74303K(75264K) NonClass: 59033K(59264K)->59033K(59264K) Class: 15269K(16000K)->15269K(16000K)
[75.853s][info][gc             ] GC(636) Pause Young (Normal) (G1 Evacuation Pause) 391M->39M(590M) 2.068ms
[75.853s][info][gc,cpu         ] GC(636) User=0.00s Sys=0.00s Real=0.00s
[75.944s][info][gc,start       ] GC(637) Pause Young (Normal) (G1 Evacuation Pause)
[75.944s][info][gc,task        ] GC(637) Using 33 workers of 33 for evacuation
[75.946s][info][gc,phases      ] GC(637)   Pre Evacuate Collection Set: 0.2ms
[75.946s][info][gc,phases      ] GC(637)   Merge Heap Roots: 0.2ms
[75.946s][info][gc,phases      ] GC(637)   Evacuate Collection Set: 0.9ms
[75.946s][info][gc,phases      ] GC(637)   Post Evacuate Collection Set: 0.5ms
[75.946s][info][gc,phases      ] GC(637)   Other: 0.1ms
[75.946s][info][gc,heap        ] GC(637) Eden regions: 352->0(352)
[75.946s][info][gc,heap        ] GC(637) Survivor regions: 2->2(45)
[75.946s][info][gc,heap        ] GC(637) Old regions: 45->45
[75.946s][info][gc,heap        ] GC(637) Archive regions: 0->0
[75.946s][info][gc,heap        ] GC(637) Humongous regions: 0->0
[75.946s][info][gc,metaspace   ] GC(637) Metaspace: 74303K(75264K)->74303K(75264K) NonClass: 59033K(59264K)->59033K(59264K) Class: 15269K(16000K)->15269K(16000K)
[75.946s][info][gc             ] GC(637) Pause Young (Normal) (G1 Evacuation Pause) 391M->39M(590M) 2.053ms
[75.946s][info][gc,cpu         ] GC(637) User=0.00s Sys=0.00s Real=0.00s
[76.035s][info][gc,start       ] GC(638) Pause Young (Normal) (G1 Evacuation Pause)
[76.035s][info][gc,task        ] GC(638) Using 33 workers of 33 for evacuation
[76.037s][info][gc,phases      ] GC(638)   Pre Evacuate Collection Set: 0.2ms
[76.037s][info][gc,phases      ] GC(638)   Merge Heap Roots: 0.2ms
[76.037s][info][gc,phases      ] GC(638)   Evacuate Collection Set: 0.8ms
[76.037s][info][gc,phases      ] GC(638)   Post Evacuate Collection Set: 0.5ms
[76.037s][info][gc,phases      ] GC(638)   Other: 0.1ms
[76.037s][info][gc,heap        ] GC(638) Eden regions: 352->0(352)
[76.037s][info][gc,heap        ] GC(638) Survivor regions: 2->2(45)
[76.037s][info][gc,heap        ] GC(638) Old regions: 45->45
[76.037s][info][gc,heap        ] GC(638) Archive regions: 0->0
[76.037s][info][gc,heap        ] GC(638) Humongous regions: 0->0
[76.037s][info][gc,metaspace   ] GC(638) Metaspace: 74303K(75264K)->74303K(75264K) NonClass: 59033K(59264K)->59033K(59264K) Class: 15269K(16000K)->15269K(16000K)
[76.037s][info][gc             ] GC(638) Pause Young (Normal) (G1 Evacuation Pause) 391M->39M(590M) 2.042ms
[76.037s][info][gc,cpu         ] GC(638) User=0.00s Sys=0.00s Real=0.00s
[76.126s][info][gc,start       ] GC(639) Pause Young (Normal) (G1 Evacuation Pause)
[76.126s][info][gc,task        ] GC(639) Using 33 workers of 33 for evacuation
[76.127s][info][gc,phases      ] GC(639)   Pre Evacuate Collection Set: 0.2ms
[76.128s][info][gc,phases      ] GC(639)   Merge Heap Roots: 0.2ms
[76.128s][info][gc,phases      ] GC(639)   Evacuate Collection Set: 0.8ms
[76.128s][info][gc,phases      ] GC(639)   Post Evacuate Collection Set: 0.5ms
[76.128s][info][gc,phases      ] GC(639)   Other: 0.1ms
[76.128s][info][gc,heap        ] GC(639) Eden regions: 352->0(352)
[76.128s][info][gc,heap        ] GC(639) Survivor regions: 2->2(45)
[76.128s][info][gc,heap        ] GC(639) Old regions: 45->45
[76.128s][info][gc,heap        ] GC(639) Archive regions: 0->0
[76.128s][info][gc,heap        ] GC(639) Humongous regions: 0->0
[76.128s][info][gc,metaspace   ] GC(639) Metaspace: 74303K(75264K)->74303K(75264K) NonClass: 59033K(59264K)->59033K(59264K) Class: 15269K(16000K)->15269K(16000K)
[76.128s][info][gc             ] GC(639) Pause Young (Normal) (G1 Evacuation Pause) 391M->39M(590M) 2.041ms
[76.128s][info][gc,cpu         ] GC(639) User=0.00s Sys=0.00s Real=0.00s
[76.217s][info][gc,start       ] GC(640) Pause Young (Normal) (G1 Evacuation Pause)
[76.217s][info][gc,task        ] GC(640) Using 33 workers of 33 for evacuation
[76.219s][info][gc,phases      ] GC(640)   Pre Evacuate Collection Set: 0.2ms
[76.219s][info][gc,phases      ] GC(640)   Merge Heap Roots: 0.2ms
[76.219s][info][gc,phases      ] GC(640)   Evacuate Collection Set: 0.9ms
[76.219s][info][gc,phases      ] GC(640)   Post Evacuate Collection Set: 0.5ms
[76.219s][info][gc,phases      ] GC(640)   Other: 0.1ms
[76.219s][info][gc,heap        ] GC(640) Eden regions: 352->0(352)
[76.219s][info][gc,heap        ] GC(640) Survivor regions: 2->2(45)
[76.219s][info][gc,heap        ] GC(640) Old regions: 45->45
[76.219s][info][gc,heap        ] GC(640) Archive regions: 0->0
[76.219s][info][gc,heap        ] GC(640) Humongous regions: 0->0
[76.219s][info][gc,metaspace   ] GC(640) Metaspace: 74303K(75264K)->74303K(75264K) NonClass: 59033K(59264K)->59033K(59264K) Class: 15269K(16000K)->15269K(16000K)
[76.219s][info][gc             ] GC(640) Pause Young (Normal) (G1 Evacuation Pause) 391M->39M(590M) 2.141ms
[76.219s][info][gc,cpu         ] GC(640) User=0.00s Sys=0.00s Real=0.00s
[76.308s][info][gc,start       ] GC(641) Pause Young (Normal) (G1 Evacuation Pause)
[76.308s][info][gc,task        ] GC(641) Using 33 workers of 33 for evacuation
[76.309s][info][gc,phases      ] GC(641)   Pre Evacuate Collection Set: 0.2ms
[76.309s][info][gc,phases      ] GC(641)   Merge Heap Roots: 0.2ms
[76.309s][info][gc,phases      ] GC(641)   Evacuate Collection Set: 0.8ms
[76.309s][info][gc,phases      ] GC(641)   Post Evacuate Collection Set: 0.5ms
[76.309s][info][gc,phases      ] GC(641)   Other: 0.1ms
[76.309s][info][gc,heap        ] GC(641) Eden regions: 352->0(352)
[76.309s][info][gc,heap        ] GC(641) Survivor regions: 2->2(45)
[76.309s][info][gc,heap        ] GC(641) Old regions: 45->45
[76.309s][info][gc,heap        ] GC(641) Archive regions: 0->0
[76.309s][info][gc,heap        ] GC(641) Humongous regions: 0->0
[76.309s][info][gc,metaspace   ] GC(641) Metaspace: 74303K(75264K)->74303K(75264K) NonClass: 59033K(59264K)->59033K(59264K) Class: 15269K(16000K)->15269K(16000K)
[76.310s][info][gc             ] GC(641) Pause Young (Normal) (G1 Evacuation Pause) 391M->39M(590M) 1.983ms
[76.310s][info][gc,cpu         ] GC(641) User=0.00s Sys=0.00s Real=0.00s
[76.398s][info][gc,start       ] GC(642) Pause Young (Normal) (G1 Evacuation Pause)
[76.398s][info][gc,task        ] GC(642) Using 33 workers of 33 for evacuation
[76.400s][info][gc,phases      ] GC(642)   Pre Evacuate Collection Set: 0.2ms
[76.400s][info][gc,phases      ] GC(642)   Merge Heap Roots: 0.2ms
[76.400s][info][gc,phases      ] GC(642)   Evacuate Collection Set: 0.8ms
[76.400s][info][gc,phases      ] GC(642)   Post Evacuate Collection Set: 0.5ms
[76.400s][info][gc,phases      ] GC(642)   Other: 0.1ms
[76.400s][info][gc,heap        ] GC(642) Eden regions: 352->0(352)
[76.400s][info][gc,heap        ] GC(642) Survivor regions: 2->2(45)
[76.400s][info][gc,heap        ] GC(642) Old regions: 45->45
[76.400s][info][gc,heap        ] GC(642) Archive regions: 0->0
[76.400s][info][gc,heap        ] GC(642) Humongous regions: 0->0
[76.400s][info][gc,metaspace   ] GC(642) Metaspace: 74303K(75264K)->74303K(75264K) NonClass: 59033K(59264K)->59033K(59264K) Class: 15269K(16000K)->15269K(16000K)
[76.400s][info][gc             ] GC(642) Pause Young (Normal) (G1 Evacuation Pause) 391M->39M(590M) 2.017ms
[76.400s][info][gc,cpu         ] GC(642) User=0.00s Sys=0.00s Real=0.00s
[76.489s][info][gc,start       ] GC(643) Pause Young (Normal) (G1 Evacuation Pause)
[76.489s][info][gc,task        ] GC(643) Using 33 workers of 33 for evacuation
[76.491s][info][gc,phases      ] GC(643)   Pre Evacuate Collection Set: 0.2ms
[76.491s][info][gc,phases      ] GC(643)   Merge Heap Roots: 0.2ms
[76.491s][info][gc,phases      ] GC(643)   Evacuate Collection Set: 0.8ms
[76.491s][info][gc,phases      ] GC(643)   Post Evacuate Collection Set: 0.5ms
[76.491s][info][gc,phases      ] GC(643)   Other: 0.1ms
[76.491s][info][gc,heap        ] GC(643) Eden regions: 352->0(352)
[76.491s][info][gc,heap        ] GC(643) Survivor regions: 2->2(45)
[76.491s][info][gc,heap        ] GC(643) Old regions: 45->45
[76.491s][info][gc,heap        ] GC(643) Archive regions: 0->0
[76.491s][info][gc,heap        ] GC(643) Humongous regions: 0->0
[76.491s][info][gc,metaspace   ] GC(643) Metaspace: 74303K(75264K)->74303K(75264K) NonClass: 59033K(59264K)->59033K(59264K) Class: 15269K(16000K)->15269K(16000K)
[76.491s][info][gc             ] GC(643) Pause Young (Normal) (G1 Evacuation Pause) 391M->39M(590M) 2.023ms
[76.491s][info][gc,cpu         ] GC(643) User=0.00s Sys=0.00s Real=0.00s
[76.580s][info][gc,start       ] GC(644) Pause Young (Normal) (G1 Evacuation Pause)
[76.580s][info][gc,task        ] GC(644) Using 33 workers of 33 for evacuation
[76.582s][info][gc,phases      ] GC(644)   Pre Evacuate Collection Set: 0.2ms
[76.582s][info][gc,phases      ] GC(644)   Merge Heap Roots: 0.2ms
[76.582s][info][gc,phases      ] GC(644)   Evacuate Collection Set: 0.8ms
[76.582s][info][gc,phases      ] GC(644)   Post Evacuate Collection Set: 0.5ms
[76.582s][info][gc,phases      ] GC(644)   Other: 0.1ms
[76.582s][info][gc,heap        ] GC(644) Eden regions: 352->0(352)
[76.582s][info][gc,heap        ] GC(644) Survivor regions: 2->2(45)
[76.582s][info][gc,heap        ] GC(644) Old regions: 45->45
[76.582s][info][gc,heap        ] GC(644) Archive regions: 0->0
[76.582s][info][gc,heap        ] GC(644) Humongous regions: 0->0
[76.582s][info][gc,metaspace   ] GC(644) Metaspace: 74303K(75264K)->74303K(75264K) NonClass: 59033K(59264K)->59033K(59264K) Class: 15269K(16000K)->15269K(16000K)
[76.582s][info][gc             ] GC(644) Pause Young (Normal) (G1 Evacuation Pause) 391M->39M(590M) 2.030ms
[76.582s][info][gc,cpu         ] GC(644) User=0.00s Sys=0.00s Real=0.00s
[76.670s][info][gc,start       ] GC(645) Pause Young (Normal) (G1 Evacuation Pause)
[76.670s][info][gc,task        ] GC(645) Using 33 workers of 33 for evacuation
[76.672s][info][gc,phases      ] GC(645)   Pre Evacuate Collection Set: 0.2ms
[76.672s][info][gc,phases      ] GC(645)   Merge Heap Roots: 0.2ms
[76.672s][info][gc,phases      ] GC(645)   Evacuate Collection Set: 0.9ms
[76.672s][info][gc,phases      ] GC(645)   Post Evacuate Collection Set: 0.5ms
[76.672s][info][gc,phases      ] GC(645)   Other: 0.1ms
[76.672s][info][gc,heap        ] GC(645) Eden regions: 352->0(352)
[76.672s][info][gc,heap        ] GC(645) Survivor regions: 2->2(45)
[76.672s][info][gc,heap        ] GC(645) Old regions: 45->45
[76.672s][info][gc,heap        ] GC(645) Archive regions: 0->0
[76.672s][info][gc,heap        ] GC(645) Humongous regions: 0->0
[76.672s][info][gc,metaspace   ] GC(645) Metaspace: 74303K(75264K)->74303K(75264K) NonClass: 59033K(59264K)->59033K(59264K) Class: 15269K(16000K)->15269K(16000K)
[76.672s][info][gc             ] GC(645) Pause Young (Normal) (G1 Evacuation Pause) 391M->39M(590M) 2.069ms
[76.672s][info][gc,cpu         ] GC(645) User=0.00s Sys=0.00s Real=0.00s
[76.763s][info][gc,start       ] GC(646) Pause Young (Normal) (G1 Evacuation Pause)
[76.763s][info][gc,task        ] GC(646) Using 33 workers of 33 for evacuation
[76.765s][info][gc,phases      ] GC(646)   Pre Evacuate Collection Set: 0.2ms
[76.765s][info][gc,phases      ] GC(646)   Merge Heap Roots: 0.2ms
[76.765s][info][gc,phases      ] GC(646)   Evacuate Collection Set: 0.9ms
[76.765s][info][gc,phases      ] GC(646)   Post Evacuate Collection Set: 0.5ms
[76.765s][info][gc,phases      ] GC(646)   Other: 0.1ms
[76.765s][info][gc,heap        ] GC(646) Eden regions: 352->0(352)
[76.765s][info][gc,heap        ] GC(646) Survivor regions: 2->2(45)
[76.765s][info][gc,heap        ] GC(646) Old regions: 45->45
[76.765s][info][gc,heap        ] GC(646) Archive regions: 0->0
[76.765s][info][gc,heap        ] GC(646) Humongous regions: 0->0
[76.765s][info][gc,metaspace   ] GC(646) Metaspace: 74314K(75264K)->74314K(75264K) NonClass: 59045K(59264K)->59045K(59264K) Class: 15269K(16000K)->15269K(16000K)
[76.765s][info][gc             ] GC(646) Pause Young (Normal) (G1 Evacuation Pause) 391M->39M(590M) 2.127ms
[76.765s][info][gc,cpu         ] GC(646) User=0.00s Sys=0.00s Real=0.00s
[76.855s][info][gc,start       ] GC(647) Pause Young (Normal) (G1 Evacuation Pause)
[76.855s][info][gc,task        ] GC(647) Using 33 workers of 33 for evacuation
[76.857s][info][gc,phases      ] GC(647)   Pre Evacuate Collection Set: 0.2ms
[76.857s][info][gc,phases      ] GC(647)   Merge Heap Roots: 0.2ms
[76.857s][info][gc,phases      ] GC(647)   Evacuate Collection Set: 0.8ms
[76.857s][info][gc,phases      ] GC(647)   Post Evacuate Collection Set: 0.5ms
[76.857s][info][gc,phases      ] GC(647)   Other: 0.1ms
[76.857s][info][gc,heap        ] GC(647) Eden regions: 352->0(352)
[76.857s][info][gc,heap        ] GC(647) Survivor regions: 2->2(45)
[76.857s][info][gc,heap        ] GC(647) Old regions: 45->45
[76.857s][info][gc,heap        ] GC(647) Archive regions: 0->0
[76.857s][info][gc,heap        ] GC(647) Humongous regions: 0->0
[76.857s][info][gc,metaspace   ] GC(647) Metaspace: 74317K(75264K)->74317K(75264K) NonClass: 59048K(59264K)->59048K(59264K) Class: 15269K(16000K)->15269K(16000K)
[76.857s][info][gc             ] GC(647) Pause Young (Normal) (G1 Evacuation Pause) 391M->39M(590M) 2.067ms
[76.857s][info][gc,cpu         ] GC(647) User=0.00s Sys=0.00s Real=0.00s
[76.948s][info][gc,start       ] GC(648) Pause Young (Normal) (G1 Evacuation Pause)
[76.948s][info][gc,task        ] GC(648) Using 33 workers of 33 for evacuation
[76.950s][info][gc,phases      ] GC(648)   Pre Evacuate Collection Set: 0.2ms
[76.950s][info][gc,phases      ] GC(648)   Merge Heap Roots: 0.2ms
[76.950s][info][gc,phases      ] GC(648)   Evacuate Collection Set: 0.8ms
[76.950s][info][gc,phases      ] GC(648)   Post Evacuate Collection Set: 0.5ms
[76.950s][info][gc,phases      ] GC(648)   Other: 0.1ms
[76.950s][info][gc,heap        ] GC(648) Eden regions: 352->0(352)
[76.950s][info][gc,heap        ] GC(648) Survivor regions: 2->2(45)
[76.950s][info][gc,heap        ] GC(648) Old regions: 45->45
[76.950s][info][gc,heap        ] GC(648) Archive regions: 0->0
[76.950s][info][gc,heap        ] GC(648) Humongous regions: 0->0
[76.950s][info][gc,metaspace   ] GC(648) Metaspace: 74325K(75328K)->74325K(75328K) NonClass: 59056K(59328K)->59056K(59328K) Class: 15269K(16000K)->15269K(16000K)
[76.950s][info][gc             ] GC(648) Pause Young (Normal) (G1 Evacuation Pause) 391M->39M(590M) 2.126ms
[76.950s][info][gc,cpu         ] GC(648) User=0.00s Sys=0.00s Real=0.00s
[77.040s][info][gc,start       ] GC(649) Pause Young (Normal) (G1 Evacuation Pause)
[77.040s][info][gc,task        ] GC(649) Using 33 workers of 33 for evacuation
[77.042s][info][gc,phases      ] GC(649)   Pre Evacuate Collection Set: 0.2ms
[77.042s][info][gc,phases      ] GC(649)   Merge Heap Roots: 0.2ms
[77.042s][info][gc,phases      ] GC(649)   Evacuate Collection Set: 0.8ms
[77.042s][info][gc,phases      ] GC(649)   Post Evacuate Collection Set: 0.5ms
[77.042s][info][gc,phases      ] GC(649)   Other: 0.1ms
[77.042s][info][gc,heap        ] GC(649) Eden regions: 352->0(352)
[77.042s][info][gc,heap        ] GC(649) Survivor regions: 2->2(45)
[77.042s][info][gc,heap        ] GC(649) Old regions: 45->45
[77.042s][info][gc,heap        ] GC(649) Archive regions: 0->0
[77.042s][info][gc,heap        ] GC(649) Humongous regions: 0->0
[77.042s][info][gc,metaspace   ] GC(649) Metaspace: 74325K(75328K)->74325K(75328K) NonClass: 59056K(59328K)->59056K(59328K) Class: 15269K(16000K)->15269K(16000K)
[77.042s][info][gc             ] GC(649) Pause Young (Normal) (G1 Evacuation Pause) 391M->39M(590M) 2.106ms
[77.042s][info][gc,cpu         ] GC(649) User=0.00s Sys=0.00s Real=0.00s
[77.135s][info][gc,start       ] GC(650) Pause Young (Normal) (G1 Evacuation Pause)
[77.135s][info][gc,task        ] GC(650) Using 33 workers of 33 for evacuation
[77.137s][info][gc,phases      ] GC(650)   Pre Evacuate Collection Set: 0.2ms
[77.137s][info][gc,phases      ] GC(650)   Merge Heap Roots: 0.2ms
[77.137s][info][gc,phases      ] GC(650)   Evacuate Collection Set: 0.8ms
[77.137s][info][gc,phases      ] GC(650)   Post Evacuate Collection Set: 0.5ms
[77.137s][info][gc,phases      ] GC(650)   Other: 0.1ms
[77.137s][info][gc,heap        ] GC(650) Eden regions: 352->0(352)
[77.137s][info][gc,heap        ] GC(650) Survivor regions: 2->2(45)
[77.137s][info][gc,heap        ] GC(650) Old regions: 45->45
[77.137s][info][gc,heap        ] GC(650) Archive regions: 0->0
[77.137s][info][gc,heap        ] GC(650) Humongous regions: 0->0
[77.137s][info][gc,metaspace   ] GC(650) Metaspace: 74325K(75328K)->74325K(75328K) NonClass: 59056K(59328K)->59056K(59328K) Class: 15269K(16000K)->15269K(16000K)
[77.137s][info][gc             ] GC(650) Pause Young (Normal) (G1 Evacuation Pause) 391M->39M(590M) 2.063ms
[77.137s][info][gc,cpu         ] GC(650) User=0.00s Sys=0.00s Real=0.00s
[77.233s][info][gc,start       ] GC(651) Pause Young (Normal) (G1 Evacuation Pause)
[77.233s][info][gc,task        ] GC(651) Using 33 workers of 33 for evacuation
[77.235s][info][gc,phases      ] GC(651)   Pre Evacuate Collection Set: 0.2ms
[77.235s][info][gc,phases      ] GC(651)   Merge Heap Roots: 0.2ms
[77.235s][info][gc,phases      ] GC(651)   Evacuate Collection Set: 0.8ms
[77.235s][info][gc,phases      ] GC(651)   Post Evacuate Collection Set: 0.6ms
[77.235s][info][gc,phases      ] GC(651)   Other: 0.1ms
[77.235s][info][gc,heap        ] GC(651) Eden regions: 352->0(352)
[77.235s][info][gc,heap        ] GC(651) Survivor regions: 2->2(45)
[77.235s][info][gc,heap        ] GC(651) Old regions: 45->45
[77.235s][info][gc,heap        ] GC(651) Archive regions: 0->0
[77.235s][info][gc,heap        ] GC(651) Humongous regions: 0->0
[77.235s][info][gc,metaspace   ] GC(651) Metaspace: 74325K(75328K)->74325K(75328K) NonClass: 59056K(59328K)->59056K(59328K) Class: 15269K(16000K)->15269K(16000K)
[77.235s][info][gc             ] GC(651) Pause Young (Normal) (G1 Evacuation Pause) 391M->39M(590M) 2.043ms
[77.235s][info][gc,cpu         ] GC(651) User=0.00s Sys=0.00s Real=0.00s
[77.336s][info][gc,start       ] GC(652) Pause Young (Normal) (G1 Evacuation Pause)
[77.336s][info][gc,task        ] GC(652) Using 33 workers of 33 for evacuation
[77.337s][info][gc,phases      ] GC(652)   Pre Evacuate Collection Set: 0.2ms
[77.337s][info][gc,phases      ] GC(652)   Merge Heap Roots: 0.2ms
[77.337s][info][gc,phases      ] GC(652)   Evacuate Collection Set: 0.7ms
[77.337s][info][gc,phases      ] GC(652)   Post Evacuate Collection Set: 0.5ms
[77.337s][info][gc,phases      ] GC(652)   Other: 0.1ms
[77.337s][info][gc,heap        ] GC(652) Eden regions: 352->0(352)
[77.337s][info][gc,heap        ] GC(652) Survivor regions: 2->2(45)
[77.337s][info][gc,heap        ] GC(652) Old regions: 45->45
[77.337s][info][gc,heap        ] GC(652) Archive regions: 0->0
[77.337s][info][gc,heap        ] GC(652) Humongous regions: 0->0
[77.337s][info][gc,metaspace   ] GC(652) Metaspace: 74325K(75328K)->74325K(75328K) NonClass: 59056K(59328K)->59056K(59328K) Class: 15269K(16000K)->15269K(16000K)
[77.338s][info][gc             ] GC(652) Pause Young (Normal) (G1 Evacuation Pause) 391M->39M(590M) 1.964ms
[77.338s][info][gc,cpu         ] GC(652) User=0.00s Sys=0.00s Real=0.00s
[77.449s][info][gc,start       ] GC(653) Pause Young (Normal) (G1 Evacuation Pause)
[77.449s][info][gc,task        ] GC(653) Using 33 workers of 33 for evacuation
[77.450s][info][gc,phases      ] GC(653)   Pre Evacuate Collection Set: 0.2ms
[77.450s][info][gc,phases      ] GC(653)   Merge Heap Roots: 0.2ms
[77.450s][info][gc,phases      ] GC(653)   Evacuate Collection Set: 0.7ms
[77.450s][info][gc,phases      ] GC(653)   Post Evacuate Collection Set: 0.5ms
[77.450s][info][gc,phases      ] GC(653)   Other: 0.1ms
[77.451s][info][gc,heap        ] GC(653) Eden regions: 352->0(352)
[77.451s][info][gc,heap        ] GC(653) Survivor regions: 2->2(45)
[77.451s][info][gc,heap        ] GC(653) Old regions: 45->45
[77.451s][info][gc,heap        ] GC(653) Archive regions: 0->0
[77.451s][info][gc,heap        ] GC(653) Humongous regions: 0->0
[77.451s][info][gc,metaspace   ] GC(653) Metaspace: 74325K(75328K)->74325K(75328K) NonClass: 59056K(59328K)->59056K(59328K) Class: 15269K(16000K)->15269K(16000K)
[77.451s][info][gc             ] GC(653) Pause Young (Normal) (G1 Evacuation Pause) 391M->39M(590M) 1.943ms
[77.451s][info][gc,cpu         ] GC(653) User=0.00s Sys=0.00s Real=0.00s
[77.596s][info][gc,start       ] GC(654) Pause Young (Normal) (G1 Evacuation Pause)
[77.596s][info][gc,task        ] GC(654) Using 33 workers of 33 for evacuation
[77.598s][info][gc,phases      ] GC(654)   Pre Evacuate Collection Set: 0.2ms
[77.598s][info][gc,phases      ] GC(654)   Merge Heap Roots: 0.2ms
[77.598s][info][gc,phases      ] GC(654)   Evacuate Collection Set: 0.8ms
[77.598s][info][gc,phases      ] GC(654)   Post Evacuate Collection Set: 0.6ms
[77.598s][info][gc,phases      ] GC(654)   Other: 0.1ms
[77.598s][info][gc,heap        ] GC(654) Eden regions: 352->0(352)
[77.598s][info][gc,heap        ] GC(654) Survivor regions: 2->2(45)
[77.598s][info][gc,heap        ] GC(654) Old regions: 45->45
[77.598s][info][gc,heap        ] GC(654) Archive regions: 0->0
[77.598s][info][gc,heap        ] GC(654) Humongous regions: 0->0
[77.598s][info][gc,metaspace   ] GC(654) Metaspace: 74325K(75328K)->74325K(75328K) NonClass: 59056K(59328K)->59056K(59328K) Class: 15269K(16000K)->15269K(16000K)
[77.598s][info][gc             ] GC(654) Pause Young (Normal) (G1 Evacuation Pause) 391M->39M(590M) 2.091ms
[77.598s][info][gc,cpu         ] GC(654) User=0.00s Sys=0.00s Real=0.00s
[77.777s][info][gc,start       ] GC(655) Pause Young (Normal) (G1 Evacuation Pause)
[77.777s][info][gc,task        ] GC(655) Using 26 workers of 33 for evacuation
[77.778s][info][gc,phases      ] GC(655)   Pre Evacuate Collection Set: 0.1ms
[77.778s][info][gc,phases      ] GC(655)   Merge Heap Roots: 0.1ms
[77.778s][info][gc,phases      ] GC(655)   Evacuate Collection Set: 0.7ms
[77.778s][info][gc,phases      ] GC(655)   Post Evacuate Collection Set: 0.5ms
[77.778s][info][gc,phases      ] GC(655)   Other: 0.1ms
[77.778s][info][gc,heap        ] GC(655) Eden regions: 352->0(352)
[77.778s][info][gc,heap        ] GC(655) Survivor regions: 2->2(45)
[77.778s][info][gc,heap        ] GC(655) Old regions: 45->45
[77.778s][info][gc,heap        ] GC(655) Archive regions: 0->0
[77.778s][info][gc,heap        ] GC(655) Humongous regions: 0->0
[77.778s][info][gc,metaspace   ] GC(655) Metaspace: 74325K(75328K)->74325K(75328K) NonClass: 59056K(59328K)->59056K(59328K) Class: 15269K(16000K)->15269K(16000K)
[77.778s][info][gc             ] GC(655) Pause Young (Normal) (G1 Evacuation Pause) 391M->39M(590M) 1.799ms
[77.778s][info][gc,cpu         ] GC(655) User=0.00s Sys=0.00s Real=0.00s
[78.010s][info][gc,start       ] GC(656) Pause Young (Normal) (G1 Evacuation Pause)
[78.011s][info][gc,task        ] GC(656) Using 22 workers of 33 for evacuation
[78.012s][info][gc,phases      ] GC(656)   Pre Evacuate Collection Set: 0.1ms
[78.012s][info][gc,phases      ] GC(656)   Merge Heap Roots: 0.1ms
[78.012s][info][gc,phases      ] GC(656)   Evacuate Collection Set: 0.6ms
[78.012s][info][gc,phases      ] GC(656)   Post Evacuate Collection Set: 0.4ms
[78.012s][info][gc,phases      ] GC(656)   Other: 0.1ms
[78.012s][info][gc,heap        ] GC(656) Eden regions: 352->0(352)
[78.012s][info][gc,heap        ] GC(656) Survivor regions: 2->2(45)
[78.012s][info][gc,heap        ] GC(656) Old regions: 45->45
[78.012s][info][gc,heap        ] GC(656) Archive regions: 0->0
[78.012s][info][gc,heap        ] GC(656) Humongous regions: 0->0
[78.012s][info][gc,metaspace   ] GC(656) Metaspace: 74325K(75328K)->74325K(75328K) NonClass: 59056K(59328K)->59056K(59328K) Class: 15269K(16000K)->15269K(16000K)
[78.012s][info][gc             ] GC(656) Pause Young (Normal) (G1 Evacuation Pause) 391M->39M(590M) 1.559ms
[78.012s][info][gc,cpu         ] GC(656) User=0.00s Sys=0.00s Real=0.00s
[78.260s][info][gc,start       ] GC(657) Pause Young (Normal) (G1 Evacuation Pause)
[78.260s][info][gc,task        ] GC(657) Using 20 workers of 33 for evacuation
[78.262s][info][gc,phases      ] GC(657)   Pre Evacuate Collection Set: 0.1ms
[78.262s][info][gc,phases      ] GC(657)   Merge Heap Roots: 0.1ms
[78.262s][info][gc,phases      ] GC(657)   Evacuate Collection Set: 0.6ms
[78.262s][info][gc,phases      ] GC(657)   Post Evacuate Collection Set: 0.4ms
[78.262s][info][gc,phases      ] GC(657)   Other: 0.1ms
[78.262s][info][gc,heap        ] GC(657) Eden regions: 352->0(352)
[78.262s][info][gc,heap        ] GC(657) Survivor regions: 2->2(45)
[78.262s][info][gc,heap        ] GC(657) Old regions: 45->45
[78.262s][info][gc,heap        ] GC(657) Archive regions: 0->0
[78.262s][info][gc,heap        ] GC(657) Humongous regions: 0->0
[78.262s][info][gc,metaspace   ] GC(657) Metaspace: 74325K(75328K)->74325K(75328K) NonClass: 59056K(59328K)->59056K(59328K) Class: 15269K(16000K)->15269K(16000K)
[78.262s][info][gc             ] GC(657) Pause Young (Normal) (G1 Evacuation Pause) 391M->39M(590M) 1.636ms
[78.262s][info][gc,cpu         ] GC(657) User=0.00s Sys=0.00s Real=0.00s
[78.511s][info][gc,start       ] GC(658) Pause Young (Normal) (G1 Evacuation Pause)
[78.511s][info][gc,task        ] GC(658) Using 19 workers of 33 for evacuation
[78.512s][info][gc,phases      ] GC(658)   Pre Evacuate Collection Set: 0.1ms
[78.512s][info][gc,phases      ] GC(658)   Merge Heap Roots: 0.1ms
[78.512s][info][gc,phases      ] GC(658)   Evacuate Collection Set: 0.6ms
[78.512s][info][gc,phases      ] GC(658)   Post Evacuate Collection Set: 0.4ms
[78.512s][info][gc,phases      ] GC(658)   Other: 0.1ms
[78.512s][info][gc,heap        ] GC(658) Eden regions: 352->0(352)
[78.512s][info][gc,heap        ] GC(658) Survivor regions: 2->2(45)
[78.512s][info][gc,heap        ] GC(658) Old regions: 45->45
[78.512s][info][gc,heap        ] GC(658) Archive regions: 0->0
[78.512s][info][gc,heap        ] GC(658) Humongous regions: 0->0
[78.512s][info][gc,metaspace   ] GC(658) Metaspace: 74325K(75328K)->74325K(75328K) NonClass: 59056K(59328K)->59056K(59328K) Class: 15269K(16000K)->15269K(16000K)
[78.512s][info][gc             ] GC(658) Pause Young (Normal) (G1 Evacuation Pause) 391M->39M(590M) 1.520ms
[78.512s][info][gc,cpu         ] GC(658) User=0.00s Sys=0.00s Real=0.00s
[78.760s][info][gc,start       ] GC(659) Pause Young (Normal) (G1 Evacuation Pause)
[78.760s][info][gc,task        ] GC(659) Using 18 workers of 33 for evacuation
[78.761s][info][gc,phases      ] GC(659)   Pre Evacuate Collection Set: 0.1ms
[78.761s][info][gc,phases      ] GC(659)   Merge Heap Roots: 0.1ms
[78.761s][info][gc,phases      ] GC(659)   Evacuate Collection Set: 0.6ms
[78.761s][info][gc,phases      ] GC(659)   Post Evacuate Collection Set: 0.4ms
[78.761s][info][gc,phases      ] GC(659)   Other: 0.1ms
[78.761s][info][gc,heap        ] GC(659) Eden regions: 352->0(352)
[78.761s][info][gc,heap        ] GC(659) Survivor regions: 2->2(45)
[78.761s][info][gc,heap        ] GC(659) Old regions: 45->45
[78.761s][info][gc,heap        ] GC(659) Archive regions: 0->0
[78.761s][info][gc,heap        ] GC(659) Humongous regions: 0->0
[78.761s][info][gc,metaspace   ] GC(659) Metaspace: 74325K(75328K)->74325K(75328K) NonClass: 59056K(59328K)->59056K(59328K) Class: 15269K(16000K)->15269K(16000K)
[78.761s][info][gc             ] GC(659) Pause Young (Normal) (G1 Evacuation Pause) 391M->39M(590M) 1.492ms
[78.761s][info][gc,cpu         ] GC(659) User=0.00s Sys=0.00s Real=0.00s
[79.010s][info][gc,start       ] GC(660) Pause Young (Normal) (G1 Evacuation Pause)
[79.010s][info][gc,task        ] GC(660) Using 18 workers of 33 for evacuation
[79.011s][info][gc,phases      ] GC(660)   Pre Evacuate Collection Set: 0.1ms
[79.011s][info][gc,phases      ] GC(660)   Merge Heap Roots: 0.1ms
[79.011s][info][gc,phases      ] GC(660)   Evacuate Collection Set: 0.6ms
[79.011s][info][gc,phases      ] GC(660)   Post Evacuate Collection Set: 0.4ms
[79.011s][info][gc,phases      ] GC(660)   Other: 0.1ms
[79.011s][info][gc,heap        ] GC(660) Eden regions: 352->0(352)
[79.011s][info][gc,heap        ] GC(660) Survivor regions: 2->2(45)
[79.011s][info][gc,heap        ] GC(660) Old regions: 45->45
[79.011s][info][gc,heap        ] GC(660) Archive regions: 0->0
[79.011s][info][gc,heap        ] GC(660) Humongous regions: 0->0
[79.011s][info][gc,metaspace   ] GC(660) Metaspace: 74325K(75328K)->74325K(75328K) NonClass: 59056K(59328K)->59056K(59328K) Class: 15269K(16000K)->15269K(16000K)
[79.011s][info][gc             ] GC(660) Pause Young (Normal) (G1 Evacuation Pause) 391M->39M(590M) 1.576ms
[79.011s][info][gc,cpu         ] GC(660) User=0.00s Sys=0.00s Real=0.00s
[79.271s][info][gc,start       ] GC(661) Pause Full (System.gc())
[79.271s][info][gc,task        ] GC(661) Using 16 workers of 33 for full compaction
[79.272s][info][gc,phases,start] GC(661) Phase 1: Mark live objects
[79.295s][info][gc,phases      ] GC(661) Phase 1: Mark live objects 23.478ms
[79.295s][info][gc,phases,start] GC(661) Phase 2: Prepare compaction
[79.297s][info][gc,phases      ] GC(661) Phase 2: Prepare compaction 1.596ms
[79.297s][info][gc,phases,start] GC(661) Phase 3: Adjust pointers
[79.302s][info][gc,phases      ] GC(661) Phase 3: Adjust pointers 4.755ms
[79.302s][info][gc,phases,start] GC(661) Phase 4: Compact heap
[79.303s][info][gc,phases      ] GC(661) Phase 4: Compact heap 0.819ms
[79.309s][info][gc,heap        ] GC(661) Eden regions: 329->0(86)
[79.309s][info][gc,heap        ] GC(661) Survivor regions: 2->0(45)
[79.309s][info][gc,heap        ] GC(661) Old regions: 45->43
[79.309s][info][gc,heap        ] GC(661) Archive regions: 0->0
[79.309s][info][gc,heap        ] GC(661) Humongous regions: 0->0
[79.309s][info][gc,metaspace   ] GC(661) Metaspace: 74326K(75328K)->74326K(75328K) NonClass: 59057K(59328K)->59057K(59328K) Class: 15269K(16000K)->15269K(16000K)
[79.310s][info][gc             ] GC(661) Pause Full (System.gc()) 368M->35M(144M) 38.522ms
[79.310s][info][gc,cpu         ] GC(661) User=0.27s Sys=0.00s Real=0.03s
[79.357s][info][gc,start       ] GC(662) Pause Young (Concurrent Start) (G1 Evacuation Pause)
[79.357s][info][gc,task        ] GC(662) Using 33 workers of 33 for evacuation
[79.359s][info][gc,phases      ] GC(662)   Pre Evacuate Collection Set: 0.3ms
[79.359s][info][gc,phases      ] GC(662)   Merge Heap Roots: 0.2ms
[79.359s][info][gc,phases      ] GC(662)   Evacuate Collection Set: 1.2ms
[79.359s][info][gc,phases      ] GC(662)   Post Evacuate Collection Set: 0.7ms
[79.359s][info][gc,phases      ] GC(662)   Other: 0.1ms
[79.359s][info][gc,heap        ] GC(662) Eden regions: 86->0(82)
[79.359s][info][gc,heap        ] GC(662) Survivor regions: 0->4(11)
[79.359s][info][gc,heap        ] GC(662) Old regions: 43->43
[79.359s][info][gc,heap        ] GC(662) Archive regions: 0->0
[79.359s][info][gc,heap        ] GC(662) Humongous regions: 0->0
[79.359s][info][gc,metaspace   ] GC(662) Metaspace: 74439K(75456K)->74439K(75456K) NonClass: 59170K(59456K)->59170K(59456K) Class: 15269K(16000K)->15269K(16000K)
[79.359s][info][gc             ] GC(662) Pause Young (Concurrent Start) (G1 Evacuation Pause) 121M->39M(144M) 2.688ms
[79.360s][info][gc             ] GC(663) Concurrent Mark Cycle
[79.360s][info][gc,cpu         ] GC(662) User=0.00s Sys=0.00s Real=0.00s
[79.360s][info][gc,marking     ] GC(663) Concurrent Scan Root Regions
[79.364s][info][gc,marking     ] GC(663) Concurrent Scan Root Regions 4.045ms
[79.364s][info][gc,marking     ] GC(663) Concurrent Mark
[79.364s][info][gc,marking     ] GC(663) Concurrent Mark From Roots
[79.364s][info][gc,task        ] GC(663) Using 8 workers of 8 for marking
[79.374s][info][gc,marking     ] GC(663) Concurrent Mark From Roots 10.427ms
[79.374s][info][gc,marking     ] GC(663) Concurrent Preclean
[79.374s][info][gc,marking     ] GC(663) Concurrent Preclean 0.141ms
[79.375s][info][gc,start       ] GC(663) Pause Remark
[79.377s][info][gc             ] GC(663) Pause Remark 86M->86M(159M) 2.039ms
[79.377s][info][gc,cpu         ] GC(663) User=0.00s Sys=0.00s Real=0.00s
[79.377s][info][gc,marking     ] GC(663) Concurrent Mark 13.497ms
[79.377s][info][gc,marking     ] GC(663) Concurrent Rebuild Remembered Sets and Scrub Regions
[79.382s][info][gc,marking     ] GC(663) Concurrent Rebuild Remembered Sets and Scrub Regions 4.356ms
[79.382s][info][gc,start       ] GC(663) Pause Cleanup
[79.382s][info][gc             ] GC(663) Pause Cleanup 98M->98M(159M) 0.128ms
[79.382s][info][gc,cpu         ] GC(663) User=0.00s Sys=0.00s Real=0.00s
[79.382s][info][gc,marking     ] GC(663) Concurrent Clear Claimed Marks
[79.382s][info][gc,marking     ] GC(663) Concurrent Clear Claimed Marks 0.068ms
[79.382s][info][gc,marking     ] GC(663) Concurrent Cleanup for Next Mark
[79.383s][info][gc,marking     ] GC(663) Concurrent Cleanup for Next Mark 0.303ms
[79.383s][info][gc             ] GC(663) Concurrent Mark Cycle 23.186ms
[79.388s][info][gc,start       ] GC(664) Pause Young (Prepare Mixed) (G1 Evacuation Pause)
[79.388s][info][gc,task        ] GC(664) Using 33 workers of 33 for evacuation
[79.390s][info][gc,phases      ] GC(664)   Pre Evacuate Collection Set: 0.2ms
[79.390s][info][gc,phases      ] GC(664)   Merge Heap Roots: 0.1ms
[79.390s][info][gc,phases      ] GC(664)   Evacuate Collection Set: 1.2ms
[79.390s][info][gc,phases      ] GC(664)   Post Evacuate Collection Set: 0.6ms
[79.390s][info][gc,phases      ] GC(664)   Other: 0.1ms
[79.390s][info][gc,heap        ] GC(664) Eden regions: 82->0(91)
[79.390s][info][gc,heap        ] GC(664) Survivor regions: 4->4(11)
[79.390s][info][gc,heap        ] GC(664) Old regions: 43->43
[79.390s][info][gc,heap        ] GC(664) Archive regions: 0->0
[79.390s][info][gc,heap        ] GC(664) Humongous regions: 0->0
[79.390s][info][gc,metaspace   ] GC(664) Metaspace: 74439K(75456K)->74439K(75456K) NonClass: 59170K(59456K)->59170K(59456K) Class: 15269K(16000K)->15269K(16000K)
[79.390s][info][gc             ] GC(664) Pause Young (Prepare Mixed) (G1 Evacuation Pause) 121M->39M(159M) 2.424ms
[79.390s][info][gc,cpu         ] GC(664) User=0.02s Sys=0.00s Real=0.00s
[79.414s][info][gc,start       ] GC(665) Pause Young (Mixed) (G1 Evacuation Pause)
[79.415s][info][gc,task        ] GC(665) Using 33 workers of 33 for evacuation
[79.417s][info][gc,phases      ] GC(665)   Pre Evacuate Collection Set: 0.2ms
[79.417s][info][gc,phases      ] GC(665)   Merge Heap Roots: 0.1ms
[79.417s][info][gc,phases      ] GC(665)   Evacuate Collection Set: 1.2ms
[79.417s][info][gc,phases      ] GC(665)   Post Evacuate Collection Set: 0.6ms
[79.417s][info][gc,phases      ] GC(665)   Other: 0.1ms
[79.417s][info][gc,heap        ] GC(665) Eden regions: 91->0(91)
[79.417s][info][gc,heap        ] GC(665) Survivor regions: 4->4(12)
[79.417s][info][gc,heap        ] GC(665) Old regions: 43->42
[79.417s][info][gc,heap        ] GC(665) Archive regions: 0->0
[79.417s][info][gc,heap        ] GC(665) Humongous regions: 0->0
[79.417s][info][gc,metaspace   ] GC(665) Metaspace: 74439K(75456K)->74439K(75456K) NonClass: 59170K(59456K)->59170K(59456K) Class: 15269K(16000K)->15269K(16000K)
[79.417s][info][gc             ] GC(665) Pause Young (Mixed) (G1 Evacuation Pause) 130M->39M(159M) 2.509ms
[79.417s][info][gc,cpu         ] GC(665) User=0.00s Sys=0.00s Real=0.00s
[79.445s][info][gc,start       ] GC(666) Pause Young (Normal) (G1 Evacuation Pause)
[79.445s][info][gc,task        ] GC(666) Using 33 workers of 33 for evacuation
[79.447s][info][gc,phases      ] GC(666)   Pre Evacuate Collection Set: 0.2ms
[79.447s][info][gc,phases      ] GC(666)   Merge Heap Roots: 0.1ms
[79.447s][info][gc,phases      ] GC(666)   Evacuate Collection Set: 1.2ms
[79.447s][info][gc,phases      ] GC(666)   Post Evacuate Collection Set: 0.7ms
[79.447s][info][gc,phases      ] GC(666)   Other: 0.1ms
[79.447s][info][gc,heap        ] GC(666) Eden regions: 91->0(91)
[79.447s][info][gc,heap        ] GC(666) Survivor regions: 4->4(12)
[79.447s][info][gc,heap        ] GC(666) Old regions: 42->42
[79.447s][info][gc,heap        ] GC(666) Archive regions: 0->0
[79.447s][info][gc,heap        ] GC(666) Humongous regions: 0->0
[79.447s][info][gc,metaspace   ] GC(666) Metaspace: 74439K(75456K)->74439K(75456K) NonClass: 59170K(59456K)->59170K(59456K) Class: 15269K(16000K)->15269K(16000K)
[79.447s][info][gc             ] GC(666) Pause Young (Normal) (G1 Evacuation Pause) 130M->39M(159M) 2.535ms
[79.447s][info][gc,cpu         ] GC(666) User=0.00s Sys=0.00s Real=0.00s
[79.484s][info][gc,start       ] GC(667) Pause Young (Normal) (G1 Evacuation Pause)
[79.484s][info][gc,task        ] GC(667) Using 33 workers of 33 for evacuation
[79.490s][info][gc,phases      ] GC(667)   Pre Evacuate Collection Set: 0.2ms
[79.490s][info][gc,phases      ] GC(667)   Merge Heap Roots: 0.2ms
[79.490s][info][gc,phases      ] GC(667)   Evacuate Collection Set: 1.2ms
[79.490s][info][gc,phases      ] GC(667)   Post Evacuate Collection Set: 3.8ms
[79.490s][info][gc,phases      ] GC(667)   Other: 0.1ms
[79.490s][info][gc,heap        ] GC(667) Eden regions: 91->0(351)
[79.490s][info][gc,heap        ] GC(667) Survivor regions: 4->4(12)
[79.490s][info][gc,heap        ] GC(667) Old regions: 42->42
[79.490s][info][gc,heap        ] GC(667) Archive regions: 0->0
[79.490s][info][gc,heap        ] GC(667) Humongous regions: 0->0
[79.490s][info][gc,metaspace   ] GC(667) Metaspace: 74439K(75456K)->74439K(75456K) NonClass: 59170K(59456K)->59170K(59456K) Class: 15269K(16000K)->15269K(16000K)
[79.490s][info][gc             ] GC(667) Pause Young (Normal) (G1 Evacuation Pause) 130M->39M(592M) 5.843ms
[79.490s][info][gc,cpu         ] GC(667) User=0.00s Sys=0.00s Real=0.00s
[79.696s][info][gc,start       ] GC(668) Pause Young (Normal) (G1 Evacuation Pause)
[79.696s][info][gc,task        ] GC(668) Using 33 workers of 33 for evacuation
[79.700s][info][gc,phases      ] GC(668)   Pre Evacuate Collection Set: 0.2ms
[79.700s][info][gc,phases      ] GC(668)   Merge Heap Roots: 0.2ms
[79.700s][info][gc,phases      ] GC(668)   Evacuate Collection Set: 2.7ms
[79.700s][info][gc,phases      ] GC(668)   Post Evacuate Collection Set: 0.7ms
[79.700s][info][gc,phases      ] GC(668)   Other: 0.1ms
[79.700s][info][gc,heap        ] GC(668) Eden regions: 351->0(351)
[79.700s][info][gc,heap        ] GC(668) Survivor regions: 4->4(45)
[79.700s][info][gc,heap        ] GC(668) Old regions: 42->42
[79.700s][info][gc,heap        ] GC(668) Archive regions: 0->0
[79.700s][info][gc,heap        ] GC(668) Humongous regions: 0->0
[79.700s][info][gc,metaspace   ] GC(668) Metaspace: 74439K(75456K)->74439K(75456K) NonClass: 59170K(59456K)->59170K(59456K) Class: 15269K(16000K)->15269K(16000K)
[79.700s][info][gc             ] GC(668) Pause Young (Normal) (G1 Evacuation Pause) 390M->39M(592M) 4.072ms
[79.700s][info][gc,cpu         ] GC(668) User=0.00s Sys=0.00s Real=0.00s
[79.788s][info][gc,start       ] GC(669) Pause Young (Normal) (G1 Evacuation Pause)
[79.788s][info][gc,task        ] GC(669) Using 33 workers of 33 for evacuation
[79.791s][info][gc,phases      ] GC(669)   Pre Evacuate Collection Set: 0.2ms
[79.792s][info][gc,phases      ] GC(669)   Merge Heap Roots: 0.2ms
[79.792s][info][gc,phases      ] GC(669)   Evacuate Collection Set: 2.4ms
[79.792s][info][gc,phases      ] GC(669)   Post Evacuate Collection Set: 0.7ms
[79.792s][info][gc,phases      ] GC(669)   Other: 0.1ms
[79.792s][info][gc,heap        ] GC(669) Eden regions: 351->0(351)
[79.792s][info][gc,heap        ] GC(669) Survivor regions: 4->4(45)
[79.792s][info][gc,heap        ] GC(669) Old regions: 42->42
[79.792s][info][gc,heap        ] GC(669) Archive regions: 0->0
[79.792s][info][gc,heap        ] GC(669) Humongous regions: 0->0
[79.792s][info][gc,metaspace   ] GC(669) Metaspace: 74439K(75456K)->74439K(75456K) NonClass: 59170K(59456K)->59170K(59456K) Class: 15269K(16000K)->15269K(16000K)
[79.792s][info][gc             ] GC(669) Pause Young (Normal) (G1 Evacuation Pause) 390M->39M(592M) 3.805ms
[79.792s][info][gc,cpu         ] GC(669) User=0.00s Sys=0.00s Real=0.00s
[79.879s][info][gc,start       ] GC(670) Pause Young (Normal) (G1 Evacuation Pause)
[79.879s][info][gc,task        ] GC(670) Using 33 workers of 33 for evacuation
[79.882s][info][gc,phases      ] GC(670)   Pre Evacuate Collection Set: 0.2ms
[79.882s][info][gc,phases      ] GC(670)   Merge Heap Roots: 0.2ms
[79.882s][info][gc,phases      ] GC(670)   Evacuate Collection Set: 1.2ms
[79.882s][info][gc,phases      ] GC(670)   Post Evacuate Collection Set: 0.7ms
[79.882s][info][gc,phases      ] GC(670)   Other: 0.1ms
[79.882s][info][gc,heap        ] GC(670) Eden regions: 351->0(351)
[79.882s][info][gc,heap        ] GC(670) Survivor regions: 4->4(45)
[79.882s][info][gc,heap        ] GC(670) Old regions: 42->42
[79.882s][info][gc,heap        ] GC(670) Archive regions: 0->0
[79.882s][info][gc,heap        ] GC(670) Humongous regions: 0->0
[79.882s][info][gc,metaspace   ] GC(670) Metaspace: 74439K(75456K)->74439K(75456K) NonClass: 59170K(59456K)->59170K(59456K) Class: 15269K(16000K)->15269K(16000K)
[79.882s][info][gc             ] GC(670) Pause Young (Normal) (G1 Evacuation Pause) 390M->39M(592M) 2.709ms
[79.882s][info][gc,cpu         ] GC(670) User=0.00s Sys=0.00s Real=0.00s
[79.970s][info][gc,start       ] GC(671) Pause Young (Normal) (G1 Evacuation Pause)
[79.970s][info][gc,task        ] GC(671) Using 33 workers of 33 for evacuation
[79.972s][info][gc,phases      ] GC(671)   Pre Evacuate Collection Set: 0.2ms
[79.972s][info][gc,phases      ] GC(671)   Merge Heap Roots: 0.2ms
[79.972s][info][gc,phases      ] GC(671)   Evacuate Collection Set: 1.2ms
[79.972s][info][gc,phases      ] GC(671)   Post Evacuate Collection Set: 0.7ms
[79.972s][info][gc,phases      ] GC(671)   Other: 0.1ms
[79.972s][info][gc,heap        ] GC(671) Eden regions: 351->0(351)
[79.972s][info][gc,heap        ] GC(671) Survivor regions: 4->4(45)
[79.972s][info][gc,heap        ] GC(671) Old regions: 42->42
[79.972s][info][gc,heap        ] GC(671) Archive regions: 0->0
[79.972s][info][gc,heap        ] GC(671) Humongous regions: 0->0
[79.972s][info][gc,metaspace   ] GC(671) Metaspace: 74439K(75456K)->74439K(75456K) NonClass: 59170K(59456K)->59170K(59456K) Class: 15269K(16000K)->15269K(16000K)
[79.973s][info][gc             ] GC(671) Pause Young (Normal) (G1 Evacuation Pause) 390M->39M(592M) 2.614ms
[79.973s][info][gc,cpu         ] GC(671) User=0.00s Sys=0.00s Real=0.00s
[80.060s][info][gc,start       ] GC(672) Pause Young (Normal) (G1 Evacuation Pause)
[80.060s][info][gc,task        ] GC(672) Using 33 workers of 33 for evacuation
[80.063s][info][gc,phases      ] GC(672)   Pre Evacuate Collection Set: 0.2ms
[80.063s][info][gc,phases      ] GC(672)   Merge Heap Roots: 0.2ms
[80.063s][info][gc,phases      ] GC(672)   Evacuate Collection Set: 1.2ms
[80.063s][info][gc,phases      ] GC(672)   Post Evacuate Collection Set: 0.7ms
[80.063s][info][gc,phases      ] GC(672)   Other: 0.1ms
[80.063s][info][gc,heap        ] GC(672) Eden regions: 351->0(351)
[80.063s][info][gc,heap        ] GC(672) Survivor regions: 4->4(45)
[80.063s][info][gc,heap        ] GC(672) Old regions: 42->42
[80.063s][info][gc,heap        ] GC(672) Archive regions: 0->0
[80.063s][info][gc,heap        ] GC(672) Humongous regions: 0->0
[80.063s][info][gc,metaspace   ] GC(672) Metaspace: 74439K(75456K)->74439K(75456K) NonClass: 59170K(59456K)->59170K(59456K) Class: 15269K(16000K)->15269K(16000K)
[80.063s][info][gc             ] GC(672) Pause Young (Normal) (G1 Evacuation Pause) 390M->39M(592M) 2.661ms
[80.063s][info][gc,cpu         ] GC(672) User=0.00s Sys=0.00s Real=0.00s
[80.151s][info][gc,start       ] GC(673) Pause Young (Normal) (G1 Evacuation Pause)
[80.151s][info][gc,task        ] GC(673) Using 33 workers of 33 for evacuation
[80.153s][info][gc,phases      ] GC(673)   Pre Evacuate Collection Set: 0.2ms
[80.153s][info][gc,phases      ] GC(673)   Merge Heap Roots: 0.2ms
[80.153s][info][gc,phases      ] GC(673)   Evacuate Collection Set: 1.1ms
[80.153s][info][gc,phases      ] GC(673)   Post Evacuate Collection Set: 0.7ms
[80.153s][info][gc,phases      ] GC(673)   Other: 0.1ms
[80.153s][info][gc,heap        ] GC(673) Eden regions: 351->0(351)
[80.153s][info][gc,heap        ] GC(673) Survivor regions: 4->4(45)
[80.153s][info][gc,heap        ] GC(673) Old regions: 42->42
[80.153s][info][gc,heap        ] GC(673) Archive regions: 0->0
[80.153s][info][gc,heap        ] GC(673) Humongous regions: 0->0
[80.153s][info][gc,metaspace   ] GC(673) Metaspace: 74439K(75456K)->74439K(75456K) NonClass: 59170K(59456K)->59170K(59456K) Class: 15269K(16000K)->15269K(16000K)
[80.153s][info][gc             ] GC(673) Pause Young (Normal) (G1 Evacuation Pause) 390M->39M(592M) 2.603ms
[80.153s][info][gc,cpu         ] GC(673) User=0.00s Sys=0.00s Real=0.00s
[80.241s][info][gc,start       ] GC(674) Pause Young (Normal) (G1 Evacuation Pause)
[80.241s][info][gc,task        ] GC(674) Using 33 workers of 33 for evacuation
[80.244s][info][gc,phases      ] GC(674)   Pre Evacuate Collection Set: 0.2ms
[80.244s][info][gc,phases      ] GC(674)   Merge Heap Roots: 0.2ms
[80.244s][info][gc,phases      ] GC(674)   Evacuate Collection Set: 1.2ms
[80.244s][info][gc,phases      ] GC(674)   Post Evacuate Collection Set: 0.7ms
[80.244s][info][gc,phases      ] GC(674)   Other: 0.1ms
[80.244s][info][gc,heap        ] GC(674) Eden regions: 351->0(351)
[80.244s][info][gc,heap        ] GC(674) Survivor regions: 4->4(45)
[80.244s][info][gc,heap        ] GC(674) Old regions: 42->42
[80.244s][info][gc,heap        ] GC(674) Archive regions: 0->0
[80.244s][info][gc,heap        ] GC(674) Humongous regions: 0->0
[80.244s][info][gc,metaspace   ] GC(674) Metaspace: 74439K(75456K)->74439K(75456K) NonClass: 59170K(59456K)->59170K(59456K) Class: 15269K(16000K)->15269K(16000K)
[80.244s][info][gc             ] GC(674) Pause Young (Normal) (G1 Evacuation Pause) 390M->39M(592M) 2.609ms
[80.244s][info][gc,cpu         ] GC(674) User=0.00s Sys=0.00s Real=0.00s
[80.332s][info][gc,start       ] GC(675) Pause Young (Normal) (G1 Evacuation Pause)
[80.332s][info][gc,task        ] GC(675) Using 33 workers of 33 for evacuation
[80.334s][info][gc,phases      ] GC(675)   Pre Evacuate Collection Set: 0.2ms
[80.334s][info][gc,phases      ] GC(675)   Merge Heap Roots: 0.2ms
[80.334s][info][gc,phases      ] GC(675)   Evacuate Collection Set: 1.3ms
[80.334s][info][gc,phases      ] GC(675)   Post Evacuate Collection Set: 0.7ms
[80.334s][info][gc,phases      ] GC(675)   Other: 0.1ms
[80.334s][info][gc,heap        ] GC(675) Eden regions: 351->0(351)
[80.334s][info][gc,heap        ] GC(675) Survivor regions: 4->4(45)
[80.334s][info][gc,heap        ] GC(675) Old regions: 42->42
[80.334s][info][gc,heap        ] GC(675) Archive regions: 0->0
[80.334s][info][gc,heap        ] GC(675) Humongous regions: 0->0
[80.334s][info][gc,metaspace   ] GC(675) Metaspace: 74439K(75456K)->74439K(75456K) NonClass: 59170K(59456K)->59170K(59456K) Class: 15269K(16000K)->15269K(16000K)
[80.334s][info][gc             ] GC(675) Pause Young (Normal) (G1 Evacuation Pause) 390M->39M(592M) 2.762ms
[80.335s][info][gc,cpu         ] GC(675) User=0.00s Sys=0.00s Real=0.00s
[80.423s][info][gc,start       ] GC(676) Pause Young (Normal) (G1 Evacuation Pause)
[80.423s][info][gc,task        ] GC(676) Using 33 workers of 33 for evacuation
[80.425s][info][gc,phases      ] GC(676)   Pre Evacuate Collection Set: 0.2ms
[80.425s][info][gc,phases      ] GC(676)   Merge Heap Roots: 0.2ms
[80.425s][info][gc,phases      ] GC(676)   Evacuate Collection Set: 1.1ms
[80.425s][info][gc,phases      ] GC(676)   Post Evacuate Collection Set: 0.7ms
[80.425s][info][gc,phases      ] GC(676)   Other: 0.1ms
[80.425s][info][gc,heap        ] GC(676) Eden regions: 351->0(351)
[80.425s][info][gc,heap        ] GC(676) Survivor regions: 4->4(45)
[80.425s][info][gc,heap        ] GC(676) Old regions: 42->42
[80.425s][info][gc,heap        ] GC(676) Archive regions: 0->0
[80.425s][info][gc,heap        ] GC(676) Humongous regions: 0->0
[80.425s][info][gc,metaspace   ] GC(676) Metaspace: 74439K(75456K)->74439K(75456K) NonClass: 59170K(59456K)->59170K(59456K) Class: 15269K(16000K)->15269K(16000K)
[80.425s][info][gc             ] GC(676) Pause Young (Normal) (G1 Evacuation Pause) 390M->39M(592M) 2.556ms
[80.425s][info][gc,cpu         ] GC(676) User=0.00s Sys=0.00s Real=0.00s
[80.513s][info][gc,start       ] GC(677) Pause Young (Normal) (G1 Evacuation Pause)
[80.513s][info][gc,task        ] GC(677) Using 33 workers of 33 for evacuation
[80.515s][info][gc,phases      ] GC(677)   Pre Evacuate Collection Set: 0.2ms
[80.515s][info][gc,phases      ] GC(677)   Merge Heap Roots: 0.2ms
[80.515s][info][gc,phases      ] GC(677)   Evacuate Collection Set: 1.2ms
[80.515s][info][gc,phases      ] GC(677)   Post Evacuate Collection Set: 0.7ms
[80.515s][info][gc,phases      ] GC(677)   Other: 0.1ms
[80.515s][info][gc,heap        ] GC(677) Eden regions: 351->0(351)
[80.515s][info][gc,heap        ] GC(677) Survivor regions: 4->4(45)
[80.515s][info][gc,heap        ] GC(677) Old regions: 42->42
[80.515s][info][gc,heap        ] GC(677) Archive regions: 0->0
[80.515s][info][gc,heap        ] GC(677) Humongous regions: 0->0
[80.515s][info][gc,metaspace   ] GC(677) Metaspace: 74439K(75456K)->74439K(75456K) NonClass: 59170K(59456K)->59170K(59456K) Class: 15269K(16000K)->15269K(16000K)
[80.515s][info][gc             ] GC(677) Pause Young (Normal) (G1 Evacuation Pause) 390M->39M(592M) 2.583ms
[80.515s][info][gc,cpu         ] GC(677) User=0.00s Sys=0.00s Real=0.00s
[80.603s][info][gc,start       ] GC(678) Pause Young (Normal) (G1 Evacuation Pause)
[80.603s][info][gc,task        ] GC(678) Using 33 workers of 33 for evacuation
[80.605s][info][gc,phases      ] GC(678)   Pre Evacuate Collection Set: 0.2ms
[80.605s][info][gc,phases      ] GC(678)   Merge Heap Roots: 0.2ms
[80.605s][info][gc,phases      ] GC(678)   Evacuate Collection Set: 1.2ms
[80.605s][info][gc,phases      ] GC(678)   Post Evacuate Collection Set: 0.5ms
[80.605s][info][gc,phases      ] GC(678)   Other: 0.1ms
[80.605s][info][gc,heap        ] GC(678) Eden regions: 351->0(353)
[80.605s][info][gc,heap        ] GC(678) Survivor regions: 4->2(45)
[80.605s][info][gc,heap        ] GC(678) Old regions: 42->44
[80.605s][info][gc,heap        ] GC(678) Archive regions: 0->0
[80.605s][info][gc,heap        ] GC(678) Humongous regions: 0->0
[80.605s][info][gc,metaspace   ] GC(678) Metaspace: 74439K(75456K)->74439K(75456K) NonClass: 59170K(59456K)->59170K(59456K) Class: 15269K(16000K)->15269K(16000K)
[80.606s][info][gc             ] GC(678) Pause Young (Normal) (G1 Evacuation Pause) 390M->39M(592M) 2.413ms
[80.606s][info][gc,cpu         ] GC(678) User=0.00s Sys=0.00s Real=0.00s
[80.694s][info][gc,start       ] GC(679) Pause Young (Normal) (G1 Evacuation Pause)
[80.694s][info][gc,task        ] GC(679) Using 33 workers of 33 for evacuation
[80.696s][info][gc,phases      ] GC(679)   Pre Evacuate Collection Set: 0.2ms
[80.696s][info][gc,phases      ] GC(679)   Merge Heap Roots: 0.2ms
[80.696s][info][gc,phases      ] GC(679)   Evacuate Collection Set: 0.8ms
[80.696s][info][gc,phases      ] GC(679)   Post Evacuate Collection Set: 0.5ms
[80.696s][info][gc,phases      ] GC(679)   Other: 0.1ms
[80.696s][info][gc,heap        ] GC(679) Eden regions: 353->0(353)
[80.696s][info][gc,heap        ] GC(679) Survivor regions: 2->2(45)
[80.696s][info][gc,heap        ] GC(679) Old regions: 44->44
[80.696s][info][gc,heap        ] GC(679) Archive regions: 0->0
[80.696s][info][gc,heap        ] GC(679) Humongous regions: 0->0
[80.696s][info][gc,metaspace   ] GC(679) Metaspace: 74439K(75456K)->74439K(75456K) NonClass: 59170K(59456K)->59170K(59456K) Class: 15269K(16000K)->15269K(16000K)
[80.696s][info][gc             ] GC(679) Pause Young (Normal) (G1 Evacuation Pause) 392M->39M(592M) 2.095ms
[80.696s][info][gc,cpu         ] GC(679) User=0.00s Sys=0.00s Real=0.00s
[80.785s][info][gc,start       ] GC(680) Pause Young (Normal) (G1 Evacuation Pause)
[80.785s][info][gc,task        ] GC(680) Using 33 workers of 33 for evacuation
[80.786s][info][gc,phases      ] GC(680)   Pre Evacuate Collection Set: 0.2ms
[80.786s][info][gc,phases      ] GC(680)   Merge Heap Roots: 0.2ms
[80.786s][info][gc,phases      ] GC(680)   Evacuate Collection Set: 0.8ms
[80.787s][info][gc,phases      ] GC(680)   Post Evacuate Collection Set: 0.5ms
[80.787s][info][gc,phases      ] GC(680)   Other: 0.1ms
[80.787s][info][gc,heap        ] GC(680) Eden regions: 353->0(353)
[80.787s][info][gc,heap        ] GC(680) Survivor regions: 2->2(45)
[80.787s][info][gc,heap        ] GC(680) Old regions: 44->44
[80.787s][info][gc,heap        ] GC(680) Archive regions: 0->0
[80.787s][info][gc,heap        ] GC(680) Humongous regions: 0->0
[80.787s][info][gc,metaspace   ] GC(680) Metaspace: 74439K(75456K)->74439K(75456K) NonClass: 59170K(59456K)->59170K(59456K) Class: 15269K(16000K)->15269K(16000K)
[80.787s][info][gc             ] GC(680) Pause Young (Normal) (G1 Evacuation Pause) 392M->39M(592M) 2.031ms
[80.787s][info][gc,cpu         ] GC(680) User=0.00s Sys=0.00s Real=0.00s
[80.875s][info][gc,start       ] GC(681) Pause Young (Normal) (G1 Evacuation Pause)
[80.875s][info][gc,task        ] GC(681) Using 33 workers of 33 for evacuation
[80.877s][info][gc,phases      ] GC(681)   Pre Evacuate Collection Set: 0.2ms
[80.877s][info][gc,phases      ] GC(681)   Merge Heap Roots: 0.2ms
[80.877s][info][gc,phases      ] GC(681)   Evacuate Collection Set: 0.9ms
[80.877s][info][gc,phases      ] GC(681)   Post Evacuate Collection Set: 0.5ms
[80.877s][info][gc,phases      ] GC(681)   Other: 0.1ms
[80.877s][info][gc,heap        ] GC(681) Eden regions: 353->0(353)
[80.877s][info][gc,heap        ] GC(681) Survivor regions: 2->2(45)
[80.877s][info][gc,heap        ] GC(681) Old regions: 44->44
[80.877s][info][gc,heap        ] GC(681) Archive regions: 0->0
[80.877s][info][gc,heap        ] GC(681) Humongous regions: 0->0
[80.877s][info][gc,metaspace   ] GC(681) Metaspace: 74439K(75456K)->74439K(75456K) NonClass: 59170K(59456K)->59170K(59456K) Class: 15269K(16000K)->15269K(16000K)
[80.877s][info][gc             ] GC(681) Pause Young (Normal) (G1 Evacuation Pause) 392M->39M(592M) 2.107ms
[80.877s][info][gc,cpu         ] GC(681) User=0.00s Sys=0.00s Real=0.00s
[80.966s][info][gc,start       ] GC(682) Pause Young (Normal) (G1 Evacuation Pause)
[80.966s][info][gc,task        ] GC(682) Using 33 workers of 33 for evacuation
[80.967s][info][gc,phases      ] GC(682)   Pre Evacuate Collection Set: 0.2ms
[80.967s][info][gc,phases      ] GC(682)   Merge Heap Roots: 0.2ms
[80.968s][info][gc,phases      ] GC(682)   Evacuate Collection Set: 0.8ms
[80.968s][info][gc,phases      ] GC(682)   Post Evacuate Collection Set: 0.5ms
[80.968s][info][gc,phases      ] GC(682)   Other: 0.1ms
[80.968s][info][gc,heap        ] GC(682) Eden regions: 353->0(353)
[80.968s][info][gc,heap        ] GC(682) Survivor regions: 2->2(45)
[80.968s][info][gc,heap        ] GC(682) Old regions: 44->44
[80.968s][info][gc,heap        ] GC(682) Archive regions: 0->0
[80.968s][info][gc,heap        ] GC(682) Humongous regions: 0->0
[80.968s][info][gc,metaspace   ] GC(682) Metaspace: 74439K(75456K)->74439K(75456K) NonClass: 59170K(59456K)->59170K(59456K) Class: 15269K(16000K)->15269K(16000K)
[80.968s][info][gc             ] GC(682) Pause Young (Normal) (G1 Evacuation Pause) 392M->39M(592M) 2.066ms
[80.968s][info][gc,cpu         ] GC(682) User=0.00s Sys=0.00s Real=0.00s
[81.056s][info][gc,start       ] GC(683) Pause Young (Normal) (G1 Evacuation Pause)
[81.056s][info][gc,task        ] GC(683) Using 33 workers of 33 for evacuation
[81.058s][info][gc,phases      ] GC(683)   Pre Evacuate Collection Set: 0.2ms
[81.058s][info][gc,phases      ] GC(683)   Merge Heap Roots: 0.2ms
[81.058s][info][gc,phases      ] GC(683)   Evacuate Collection Set: 0.8ms
[81.058s][info][gc,phases      ] GC(683)   Post Evacuate Collection Set: 0.5ms
[81.058s][info][gc,phases      ] GC(683)   Other: 0.1ms
[81.058s][info][gc,heap        ] GC(683) Eden regions: 353->0(353)
[81.058s][info][gc,heap        ] GC(683) Survivor regions: 2->2(45)
[81.058s][info][gc,heap        ] GC(683) Old regions: 44->44
[81.058s][info][gc,heap        ] GC(683) Archive regions: 0->0
[81.058s][info][gc,heap        ] GC(683) Humongous regions: 0->0
[81.058s][info][gc,metaspace   ] GC(683) Metaspace: 74439K(75456K)->74439K(75456K) NonClass: 59170K(59456K)->59170K(59456K) Class: 15269K(16000K)->15269K(16000K)
[81.058s][info][gc             ] GC(683) Pause Young (Normal) (G1 Evacuation Pause) 392M->39M(592M) 2.071ms
[81.058s][info][gc,cpu         ] GC(683) User=0.00s Sys=0.00s Real=0.00s
[81.147s][info][gc,start       ] GC(684) Pause Young (Normal) (G1 Evacuation Pause)
[81.147s][info][gc,task        ] GC(684) Using 33 workers of 33 for evacuation
[81.149s][info][gc,phases      ] GC(684)   Pre Evacuate Collection Set: 0.2ms
[81.149s][info][gc,phases      ] GC(684)   Merge Heap Roots: 0.2ms
[81.149s][info][gc,phases      ] GC(684)   Evacuate Collection Set: 0.9ms
[81.149s][info][gc,phases      ] GC(684)   Post Evacuate Collection Set: 0.5ms
[81.149s][info][gc,phases      ] GC(684)   Other: 0.1ms
[81.149s][info][gc,heap        ] GC(684) Eden regions: 353->0(353)
[81.149s][info][gc,heap        ] GC(684) Survivor regions: 2->2(45)
[81.149s][info][gc,heap        ] GC(684) Old regions: 44->44
[81.149s][info][gc,heap        ] GC(684) Archive regions: 0->0
[81.149s][info][gc,heap        ] GC(684) Humongous regions: 0->0
[81.149s][info][gc,metaspace   ] GC(684) Metaspace: 74439K(75456K)->74439K(75456K) NonClass: 59170K(59456K)->59170K(59456K) Class: 15269K(16000K)->15269K(16000K)
[81.149s][info][gc             ] GC(684) Pause Young (Normal) (G1 Evacuation Pause) 392M->39M(592M) 2.145ms
[81.149s][info][gc,cpu         ] GC(684) User=0.00s Sys=0.00s Real=0.00s
[81.238s][info][gc,start       ] GC(685) Pause Young (Normal) (G1 Evacuation Pause)
[81.238s][info][gc,task        ] GC(685) Using 33 workers of 33 for evacuation
[81.240s][info][gc,phases      ] GC(685)   Pre Evacuate Collection Set: 0.2ms
[81.240s][info][gc,phases      ] GC(685)   Merge Heap Roots: 0.2ms
[81.240s][info][gc,phases      ] GC(685)   Evacuate Collection Set: 0.8ms
[81.240s][info][gc,phases      ] GC(685)   Post Evacuate Collection Set: 0.5ms
[81.240s][info][gc,phases      ] GC(685)   Other: 0.1ms
[81.240s][info][gc,heap        ] GC(685) Eden regions: 353->0(353)
[81.240s][info][gc,heap        ] GC(685) Survivor regions: 2->2(45)
[81.240s][info][gc,heap        ] GC(685) Old regions: 44->44
[81.240s][info][gc,heap        ] GC(685) Archive regions: 0->0
[81.240s][info][gc,heap        ] GC(685) Humongous regions: 0->0
[81.240s][info][gc,metaspace   ] GC(685) Metaspace: 74439K(75456K)->74439K(75456K) NonClass: 59170K(59456K)->59170K(59456K) Class: 15269K(16000K)->15269K(16000K)
[81.240s][info][gc             ] GC(685) Pause Young (Normal) (G1 Evacuation Pause) 392M->39M(592M) 2.034ms
[81.240s][info][gc,cpu         ] GC(685) User=0.00s Sys=0.00s Real=0.00s
[81.329s][info][gc,start       ] GC(686) Pause Young (Normal) (G1 Evacuation Pause)
[81.329s][info][gc,task        ] GC(686) Using 33 workers of 33 for evacuation
[81.331s][info][gc,phases      ] GC(686)   Pre Evacuate Collection Set: 0.2ms
[81.331s][info][gc,phases      ] GC(686)   Merge Heap Roots: 0.2ms
[81.331s][info][gc,phases      ] GC(686)   Evacuate Collection Set: 0.8ms
[81.331s][info][gc,phases      ] GC(686)   Post Evacuate Collection Set: 0.5ms
[81.331s][info][gc,phases      ] GC(686)   Other: 0.1ms
[81.331s][info][gc,heap        ] GC(686) Eden regions: 353->0(353)
[81.331s][info][gc,heap        ] GC(686) Survivor regions: 2->2(45)
[81.331s][info][gc,heap        ] GC(686) Old regions: 44->44
[81.331s][info][gc,heap        ] GC(686) Archive regions: 0->0
[81.331s][info][gc,heap        ] GC(686) Humongous regions: 0->0
[81.331s][info][gc,metaspace   ] GC(686) Metaspace: 74439K(75456K)->74439K(75456K) NonClass: 59170K(59456K)->59170K(59456K) Class: 15269K(16000K)->15269K(16000K)
[81.331s][info][gc             ] GC(686) Pause Young (Normal) (G1 Evacuation Pause) 392M->39M(592M) 2.044ms
[81.331s][info][gc,cpu         ] GC(686) User=0.00s Sys=0.00s Real=0.00s
[81.419s][info][gc,start       ] GC(687) Pause Young (Normal) (G1 Evacuation Pause)
[81.419s][info][gc,task        ] GC(687) Using 33 workers of 33 for evacuation
[81.421s][info][gc,phases      ] GC(687)   Pre Evacuate Collection Set: 0.2ms
[81.421s][info][gc,phases      ] GC(687)   Merge Heap Roots: 0.2ms
[81.421s][info][gc,phases      ] GC(687)   Evacuate Collection Set: 0.9ms
[81.421s][info][gc,phases      ] GC(687)   Post Evacuate Collection Set: 0.5ms
[81.421s][info][gc,phases      ] GC(687)   Other: 0.1ms
[81.421s][info][gc,heap        ] GC(687) Eden regions: 353->0(353)
[81.421s][info][gc,heap        ] GC(687) Survivor regions: 2->2(45)
[81.421s][info][gc,heap        ] GC(687) Old regions: 44->44
[81.421s][info][gc,heap        ] GC(687) Archive regions: 0->0
[81.421s][info][gc,heap        ] GC(687) Humongous regions: 0->0
[81.421s][info][gc,metaspace   ] GC(687) Metaspace: 74439K(75456K)->74439K(75456K) NonClass: 59170K(59456K)->59170K(59456K) Class: 15269K(16000K)->15269K(16000K)
[81.421s][info][gc             ] GC(687) Pause Young (Normal) (G1 Evacuation Pause) 392M->39M(592M) 2.100ms
[81.421s][info][gc,cpu         ] GC(687) User=0.00s Sys=0.00s Real=0.00s
[81.510s][info][gc,start       ] GC(688) Pause Young (Normal) (G1 Evacuation Pause)
[81.510s][info][gc,task        ] GC(688) Using 33 workers of 33 for evacuation
[81.512s][info][gc,phases      ] GC(688)   Pre Evacuate Collection Set: 0.2ms
[81.512s][info][gc,phases      ] GC(688)   Merge Heap Roots: 0.2ms
[81.512s][info][gc,phases      ] GC(688)   Evacuate Collection Set: 0.9ms
[81.512s][info][gc,phases      ] GC(688)   Post Evacuate Collection Set: 0.5ms
[81.512s][info][gc,phases      ] GC(688)   Other: 0.1ms
[81.512s][info][gc,heap        ] GC(688) Eden regions: 353->0(353)
[81.512s][info][gc,heap        ] GC(688) Survivor regions: 2->2(45)
[81.512s][info][gc,heap        ] GC(688) Old regions: 44->44
[81.512s][info][gc,heap        ] GC(688) Archive regions: 0->0
[81.512s][info][gc,heap        ] GC(688) Humongous regions: 0->0
[81.512s][info][gc,metaspace   ] GC(688) Metaspace: 74439K(75456K)->74439K(75456K) NonClass: 59170K(59456K)->59170K(59456K) Class: 15269K(16000K)->15269K(16000K)
[81.512s][info][gc             ] GC(688) Pause Young (Normal) (G1 Evacuation Pause) 392M->39M(592M) 2.063ms
[81.512s][info][gc,cpu         ] GC(688) User=0.00s Sys=0.00s Real=0.00s
[81.601s][info][gc,start       ] GC(689) Pause Young (Normal) (G1 Evacuation Pause)
[81.601s][info][gc,task        ] GC(689) Using 33 workers of 33 for evacuation
[81.603s][info][gc,phases      ] GC(689)   Pre Evacuate Collection Set: 0.2ms
[81.603s][info][gc,phases      ] GC(689)   Merge Heap Roots: 0.2ms
[81.603s][info][gc,phases      ] GC(689)   Evacuate Collection Set: 0.9ms
[81.603s][info][gc,phases      ] GC(689)   Post Evacuate Collection Set: 0.5ms
[81.603s][info][gc,phases      ] GC(689)   Other: 0.1ms
[81.603s][info][gc,heap        ] GC(689) Eden regions: 353->0(353)
[81.603s][info][gc,heap        ] GC(689) Survivor regions: 2->2(45)
[81.603s][info][gc,heap        ] GC(689) Old regions: 44->44
[81.603s][info][gc,heap        ] GC(689) Archive regions: 0->0
[81.603s][info][gc,heap        ] GC(689) Humongous regions: 0->0
[81.603s][info][gc,metaspace   ] GC(689) Metaspace: 74439K(75456K)->74439K(75456K) NonClass: 59170K(59456K)->59170K(59456K) Class: 15269K(16000K)->15269K(16000K)
[81.603s][info][gc             ] GC(689) Pause Young (Normal) (G1 Evacuation Pause) 392M->39M(592M) 2.053ms
[81.603s][info][gc,cpu         ] GC(689) User=0.00s Sys=0.00s Real=0.00s
[81.691s][info][gc,start       ] GC(690) Pause Young (Normal) (G1 Evacuation Pause)
[81.691s][info][gc,task        ] GC(690) Using 33 workers of 33 for evacuation
[81.693s][info][gc,phases      ] GC(690)   Pre Evacuate Collection Set: 0.2ms
[81.693s][info][gc,phases      ] GC(690)   Merge Heap Roots: 0.2ms
[81.693s][info][gc,phases      ] GC(690)   Evacuate Collection Set: 0.8ms
[81.693s][info][gc,phases      ] GC(690)   Post Evacuate Collection Set: 0.5ms
[81.693s][info][gc,phases      ] GC(690)   Other: 0.1ms
[81.693s][info][gc,heap        ] GC(690) Eden regions: 353->0(353)
[81.693s][info][gc,heap        ] GC(690) Survivor regions: 2->2(45)
[81.693s][info][gc,heap        ] GC(690) Old regions: 44->44
[81.693s][info][gc,heap        ] GC(690) Archive regions: 0->0
[81.693s][info][gc,heap        ] GC(690) Humongous regions: 0->0
[81.693s][info][gc,metaspace   ] GC(690) Metaspace: 74439K(75456K)->74439K(75456K) NonClass: 59170K(59456K)->59170K(59456K) Class: 15269K(16000K)->15269K(16000K)
[81.693s][info][gc             ] GC(690) Pause Young (Normal) (G1 Evacuation Pause) 392M->39M(592M) 2.034ms
[81.693s][info][gc,cpu         ] GC(690) User=0.00s Sys=0.00s Real=0.00s
[81.782s][info][gc,start       ] GC(691) Pause Young (Normal) (G1 Evacuation Pause)
[81.782s][info][gc,task        ] GC(691) Using 33 workers of 33 for evacuation
[81.784s][info][gc,phases      ] GC(691)   Pre Evacuate Collection Set: 0.2ms
[81.784s][info][gc,phases      ] GC(691)   Merge Heap Roots: 0.2ms
[81.784s][info][gc,phases      ] GC(691)   Evacuate Collection Set: 0.8ms
[81.784s][info][gc,phases      ] GC(691)   Post Evacuate Collection Set: 0.5ms
[81.784s][info][gc,phases      ] GC(691)   Other: 0.1ms
[81.784s][info][gc,heap        ] GC(691) Eden regions: 353->0(353)
[81.784s][info][gc,heap        ] GC(691) Survivor regions: 2->2(45)
[81.784s][info][gc,heap        ] GC(691) Old regions: 44->44
[81.784s][info][gc,heap        ] GC(691) Archive regions: 0->0
[81.784s][info][gc,heap        ] GC(691) Humongous regions: 0->0
[81.784s][info][gc,metaspace   ] GC(691) Metaspace: 74439K(75456K)->74439K(75456K) NonClass: 59170K(59456K)->59170K(59456K) Class: 15269K(16000K)->15269K(16000K)
[81.784s][info][gc             ] GC(691) Pause Young (Normal) (G1 Evacuation Pause) 392M->39M(592M) 2.072ms
[81.784s][info][gc,cpu         ] GC(691) User=0.00s Sys=0.00s Real=0.00s
[81.873s][info][gc,start       ] GC(692) Pause Young (Normal) (G1 Evacuation Pause)
[81.873s][info][gc,task        ] GC(692) Using 33 workers of 33 for evacuation
[81.875s][info][gc,phases      ] GC(692)   Pre Evacuate Collection Set: 0.2ms
[81.875s][info][gc,phases      ] GC(692)   Merge Heap Roots: 0.2ms
[81.875s][info][gc,phases      ] GC(692)   Evacuate Collection Set: 0.9ms
[81.875s][info][gc,phases      ] GC(692)   Post Evacuate Collection Set: 0.5ms
[81.875s][info][gc,phases      ] GC(692)   Other: 0.1ms
[81.875s][info][gc,heap        ] GC(692) Eden regions: 353->0(353)
[81.875s][info][gc,heap        ] GC(692) Survivor regions: 2->2(45)
[81.875s][info][gc,heap        ] GC(692) Old regions: 44->44
[81.875s][info][gc,heap        ] GC(692) Archive regions: 0->0
[81.875s][info][gc,heap        ] GC(692) Humongous regions: 0->0
[81.875s][info][gc,metaspace   ] GC(692) Metaspace: 74439K(75456K)->74439K(75456K) NonClass: 59170K(59456K)->59170K(59456K) Class: 15269K(16000K)->15269K(16000K)
[81.875s][info][gc             ] GC(692) Pause Young (Normal) (G1 Evacuation Pause) 392M->39M(592M) 2.193ms
[81.875s][info][gc,cpu         ] GC(692) User=0.00s Sys=0.00s Real=0.00s
[81.964s][info][gc,start       ] GC(693) Pause Young (Normal) (G1 Evacuation Pause)
[81.964s][info][gc,task        ] GC(693) Using 33 workers of 33 for evacuation
[81.966s][info][gc,phases      ] GC(693)   Pre Evacuate Collection Set: 0.2ms
[81.966s][info][gc,phases      ] GC(693)   Merge Heap Roots: 0.2ms
[81.966s][info][gc,phases      ] GC(693)   Evacuate Collection Set: 0.9ms
[81.966s][info][gc,phases      ] GC(693)   Post Evacuate Collection Set: 0.5ms
[81.966s][info][gc,phases      ] GC(693)   Other: 0.1ms
[81.966s][info][gc,heap        ] GC(693) Eden regions: 353->0(353)
[81.966s][info][gc,heap        ] GC(693) Survivor regions: 2->2(45)
[81.966s][info][gc,heap        ] GC(693) Old regions: 44->44
[81.966s][info][gc,heap        ] GC(693) Archive regions: 0->0
[81.966s][info][gc,heap        ] GC(693) Humongous regions: 0->0
[81.966s][info][gc,metaspace   ] GC(693) Metaspace: 74443K(75456K)->74443K(75456K) NonClass: 59174K(59456K)->59174K(59456K) Class: 15269K(16000K)->15269K(16000K)
[81.966s][info][gc             ] GC(693) Pause Young (Normal) (G1 Evacuation Pause) 392M->39M(592M) 2.131ms
[81.966s][info][gc,cpu         ] GC(693) User=0.00s Sys=0.02s Real=0.00s
[82.055s][info][gc,start       ] GC(694) Pause Young (Normal) (G1 Evacuation Pause)
[82.055s][info][gc,task        ] GC(694) Using 33 workers of 33 for evacuation
[82.057s][info][gc,phases      ] GC(694)   Pre Evacuate Collection Set: 0.2ms
[82.057s][info][gc,phases      ] GC(694)   Merge Heap Roots: 0.2ms
[82.057s][info][gc,phases      ] GC(694)   Evacuate Collection Set: 0.8ms
[82.057s][info][gc,phases      ] GC(694)   Post Evacuate Collection Set: 0.5ms
[82.057s][info][gc,phases      ] GC(694)   Other: 0.1ms
[82.057s][info][gc,heap        ] GC(694) Eden regions: 353->0(353)
[82.057s][info][gc,heap        ] GC(694) Survivor regions: 2->2(45)
[82.057s][info][gc,heap        ] GC(694) Old regions: 44->44
[82.057s][info][gc,heap        ] GC(694) Archive regions: 0->0
[82.057s][info][gc,heap        ] GC(694) Humongous regions: 0->0
[82.057s][info][gc,metaspace   ] GC(694) Metaspace: 74443K(75456K)->74443K(75456K) NonClass: 59174K(59456K)->59174K(59456K) Class: 15269K(16000K)->15269K(16000K)
[82.057s][info][gc             ] GC(694) Pause Young (Normal) (G1 Evacuation Pause) 392M->39M(592M) 2.148ms
[82.057s][info][gc,cpu         ] GC(694) User=0.00s Sys=0.00s Real=0.00s
[82.146s][info][gc,start       ] GC(695) Pause Young (Normal) (G1 Evacuation Pause)
[82.146s][info][gc,task        ] GC(695) Using 33 workers of 33 for evacuation
[82.148s][info][gc,phases      ] GC(695)   Pre Evacuate Collection Set: 0.2ms
[82.148s][info][gc,phases      ] GC(695)   Merge Heap Roots: 0.2ms
[82.148s][info][gc,phases      ] GC(695)   Evacuate Collection Set: 0.9ms
[82.148s][info][gc,phases      ] GC(695)   Post Evacuate Collection Set: 0.5ms
[82.148s][info][gc,phases      ] GC(695)   Other: 0.1ms
[82.148s][info][gc,heap        ] GC(695) Eden regions: 353->0(353)
[82.148s][info][gc,heap        ] GC(695) Survivor regions: 2->2(45)
[82.148s][info][gc,heap        ] GC(695) Old regions: 44->44
[82.148s][info][gc,heap        ] GC(695) Archive regions: 0->0
[82.148s][info][gc,heap        ] GC(695) Humongous regions: 0->0
[82.148s][info][gc,metaspace   ] GC(695) Metaspace: 74443K(75456K)->74443K(75456K) NonClass: 59174K(59456K)->59174K(59456K) Class: 15269K(16000K)->15269K(16000K)
[82.148s][info][gc             ] GC(695) Pause Young (Normal) (G1 Evacuation Pause) 392M->39M(592M) 2.111ms
[82.148s][info][gc,cpu         ] GC(695) User=0.00s Sys=0.00s Real=0.00s
[82.237s][info][gc,start       ] GC(696) Pause Young (Normal) (G1 Evacuation Pause)
[82.237s][info][gc,task        ] GC(696) Using 33 workers of 33 for evacuation
[82.239s][info][gc,phases      ] GC(696)   Pre Evacuate Collection Set: 0.2ms
[82.239s][info][gc,phases      ] GC(696)   Merge Heap Roots: 0.2ms
[82.239s][info][gc,phases      ] GC(696)   Evacuate Collection Set: 0.8ms
[82.239s][info][gc,phases      ] GC(696)   Post Evacuate Collection Set: 0.5ms
[82.239s][info][gc,phases      ] GC(696)   Other: 0.1ms
[82.239s][info][gc,heap        ] GC(696) Eden regions: 353->0(353)
[82.239s][info][gc,heap        ] GC(696) Survivor regions: 2->2(45)
[82.239s][info][gc,heap        ] GC(696) Old regions: 44->44
[82.239s][info][gc,heap        ] GC(696) Archive regions: 0->0
[82.239s][info][gc,heap        ] GC(696) Humongous regions: 0->0
[82.239s][info][gc,metaspace   ] GC(696) Metaspace: 74443K(75456K)->74443K(75456K) NonClass: 59174K(59456K)->59174K(59456K) Class: 15269K(16000K)->15269K(16000K)
[82.239s][info][gc             ] GC(696) Pause Young (Normal) (G1 Evacuation Pause) 392M->39M(592M) 2.065ms
[82.239s][info][gc,cpu         ] GC(696) User=0.00s Sys=0.00s Real=0.00s
[82.327s][info][gc,start       ] GC(697) Pause Young (Normal) (G1 Evacuation Pause)
[82.328s][info][gc,task        ] GC(697) Using 33 workers of 33 for evacuation
[82.329s][info][gc,phases      ] GC(697)   Pre Evacuate Collection Set: 0.2ms
[82.329s][info][gc,phases      ] GC(697)   Merge Heap Roots: 0.2ms
[82.329s][info][gc,phases      ] GC(697)   Evacuate Collection Set: 0.9ms
[82.329s][info][gc,phases      ] GC(697)   Post Evacuate Collection Set: 0.5ms
[82.329s][info][gc,phases      ] GC(697)   Other: 0.1ms
[82.329s][info][gc,heap        ] GC(697) Eden regions: 353->0(353)
[82.329s][info][gc,heap        ] GC(697) Survivor regions: 2->2(45)
[82.329s][info][gc,heap        ] GC(697) Old regions: 44->44
[82.329s][info][gc,heap        ] GC(697) Archive regions: 0->0
[82.329s][info][gc,heap        ] GC(697) Humongous regions: 0->0
[82.329s][info][gc,metaspace   ] GC(697) Metaspace: 74443K(75456K)->74443K(75456K) NonClass: 59174K(59456K)->59174K(59456K) Class: 15269K(16000K)->15269K(16000K)
[82.330s][info][gc             ] GC(697) Pause Young (Normal) (G1 Evacuation Pause) 392M->39M(592M) 2.083ms
[82.330s][info][gc,cpu         ] GC(697) User=0.00s Sys=0.00s Real=0.00s
[82.418s][info][gc,start       ] GC(698) Pause Young (Normal) (G1 Evacuation Pause)
[82.418s][info][gc,task        ] GC(698) Using 33 workers of 33 for evacuation
[82.420s][info][gc,phases      ] GC(698)   Pre Evacuate Collection Set: 0.2ms
[82.420s][info][gc,phases      ] GC(698)   Merge Heap Roots: 0.2ms
[82.420s][info][gc,phases      ] GC(698)   Evacuate Collection Set: 0.8ms
[82.420s][info][gc,phases      ] GC(698)   Post Evacuate Collection Set: 0.5ms
[82.420s][info][gc,phases      ] GC(698)   Other: 0.1ms
[82.420s][info][gc,heap        ] GC(698) Eden regions: 353->0(353)
[82.420s][info][gc,heap        ] GC(698) Survivor regions: 2->2(45)
[82.420s][info][gc,heap        ] GC(698) Old regions: 44->44
[82.420s][info][gc,heap        ] GC(698) Archive regions: 0->0
[82.420s][info][gc,heap        ] GC(698) Humongous regions: 0->0
[82.420s][info][gc,metaspace   ] GC(698) Metaspace: 74443K(75456K)->74443K(75456K) NonClass: 59174K(59456K)->59174K(59456K) Class: 15269K(16000K)->15269K(16000K)
[82.420s][info][gc             ] GC(698) Pause Young (Normal) (G1 Evacuation Pause) 392M->39M(592M) 2.041ms
[82.420s][info][gc,cpu         ] GC(698) User=0.00s Sys=0.00s Real=0.00s
[82.509s][info][gc,start       ] GC(699) Pause Young (Normal) (G1 Evacuation Pause)
[82.509s][info][gc,task        ] GC(699) Using 33 workers of 33 for evacuation
[82.511s][info][gc,phases      ] GC(699)   Pre Evacuate Collection Set: 0.2ms
[82.511s][info][gc,phases      ] GC(699)   Merge Heap Roots: 0.2ms
[82.511s][info][gc,phases      ] GC(699)   Evacuate Collection Set: 0.9ms
[82.511s][info][gc,phases      ] GC(699)   Post Evacuate Collection Set: 0.5ms
[82.511s][info][gc,phases      ] GC(699)   Other: 0.1ms
[82.511s][info][gc,heap        ] GC(699) Eden regions: 353->0(353)
[82.511s][info][gc,heap        ] GC(699) Survivor regions: 2->2(45)
[82.511s][info][gc,heap        ] GC(699) Old regions: 44->44
[82.511s][info][gc,heap        ] GC(699) Archive regions: 0->0
[82.511s][info][gc,heap        ] GC(699) Humongous regions: 0->0
[82.511s][info][gc,metaspace   ] GC(699) Metaspace: 74443K(75456K)->74443K(75456K) NonClass: 59174K(59456K)->59174K(59456K) Class: 15269K(16000K)->15269K(16000K)
[82.511s][info][gc             ] GC(699) Pause Young (Normal) (G1 Evacuation Pause) 392M->39M(592M) 2.123ms
[82.511s][info][gc,cpu         ] GC(699) User=0.00s Sys=0.00s Real=0.00s
[82.599s][info][gc,start       ] GC(700) Pause Young (Normal) (G1 Evacuation Pause)
[82.600s][info][gc,task        ] GC(700) Using 33 workers of 33 for evacuation
[82.601s][info][gc,phases      ] GC(700)   Pre Evacuate Collection Set: 0.2ms
[82.601s][info][gc,phases      ] GC(700)   Merge Heap Roots: 0.2ms
[82.601s][info][gc,phases      ] GC(700)   Evacuate Collection Set: 0.8ms
[82.601s][info][gc,phases      ] GC(700)   Post Evacuate Collection Set: 0.5ms
[82.601s][info][gc,phases      ] GC(700)   Other: 0.1ms
[82.601s][info][gc,heap        ] GC(700) Eden regions: 353->0(353)
[82.601s][info][gc,heap        ] GC(700) Survivor regions: 2->2(45)
[82.601s][info][gc,heap        ] GC(700) Old regions: 44->44
[82.601s][info][gc,heap        ] GC(700) Archive regions: 0->0
[82.601s][info][gc,heap        ] GC(700) Humongous regions: 0->0
[82.601s][info][gc,metaspace   ] GC(700) Metaspace: 74443K(75456K)->74443K(75456K) NonClass: 59174K(59456K)->59174K(59456K) Class: 15269K(16000K)->15269K(16000K)
[82.602s][info][gc             ] GC(700) Pause Young (Normal) (G1 Evacuation Pause) 392M->39M(592M) 2.066ms
[82.602s][info][gc,cpu         ] GC(700) User=0.00s Sys=0.00s Real=0.00s
[82.690s][info][gc,start       ] GC(701) Pause Young (Normal) (G1 Evacuation Pause)
[82.690s][info][gc,task        ] GC(701) Using 33 workers of 33 for evacuation
[82.692s][info][gc,phases      ] GC(701)   Pre Evacuate Collection Set: 0.2ms
[82.692s][info][gc,phases      ] GC(701)   Merge Heap Roots: 0.2ms
[82.692s][info][gc,phases      ] GC(701)   Evacuate Collection Set: 0.9ms
[82.692s][info][gc,phases      ] GC(701)   Post Evacuate Collection Set: 0.5ms
[82.692s][info][gc,phases      ] GC(701)   Other: 0.1ms
[82.692s][info][gc,heap        ] GC(701) Eden regions: 353->0(353)
[82.692s][info][gc,heap        ] GC(701) Survivor regions: 2->2(45)
[82.692s][info][gc,heap        ] GC(701) Old regions: 44->44
[82.692s][info][gc,heap        ] GC(701) Archive regions: 0->0
[82.692s][info][gc,heap        ] GC(701) Humongous regions: 0->0
[82.692s][info][gc,metaspace   ] GC(701) Metaspace: 74443K(75456K)->74443K(75456K) NonClass: 59174K(59456K)->59174K(59456K) Class: 15269K(16000K)->15269K(16000K)
[82.692s][info][gc             ] GC(701) Pause Young (Normal) (G1 Evacuation Pause) 392M->39M(592M) 2.087ms
[82.692s][info][gc,cpu         ] GC(701) User=0.00s Sys=0.00s Real=0.00s
[82.781s][info][gc,start       ] GC(702) Pause Young (Normal) (G1 Evacuation Pause)
[82.781s][info][gc,task        ] GC(702) Using 33 workers of 33 for evacuation
[82.783s][info][gc,phases      ] GC(702)   Pre Evacuate Collection Set: 0.2ms
[82.783s][info][gc,phases      ] GC(702)   Merge Heap Roots: 0.2ms
[82.783s][info][gc,phases      ] GC(702)   Evacuate Collection Set: 0.9ms
[82.783s][info][gc,phases      ] GC(702)   Post Evacuate Collection Set: 0.5ms
[82.783s][info][gc,phases      ] GC(702)   Other: 0.1ms
[82.783s][info][gc,heap        ] GC(702) Eden regions: 353->0(353)
[82.783s][info][gc,heap        ] GC(702) Survivor regions: 2->2(45)
[82.783s][info][gc,heap        ] GC(702) Old regions: 44->44
[82.783s][info][gc,heap        ] GC(702) Archive regions: 0->0
[82.783s][info][gc,heap        ] GC(702) Humongous regions: 0->0
[82.783s][info][gc,metaspace   ] GC(702) Metaspace: 74443K(75456K)->74443K(75456K) NonClass: 59174K(59456K)->59174K(59456K) Class: 15269K(16000K)->15269K(16000K)
[82.783s][info][gc             ] GC(702) Pause Young (Normal) (G1 Evacuation Pause) 392M->39M(592M) 2.124ms
[82.783s][info][gc,cpu         ] GC(702) User=0.00s Sys=0.00s Real=0.00s
[82.872s][info][gc,start       ] GC(703) Pause Young (Normal) (G1 Evacuation Pause)
[82.872s][info][gc,task        ] GC(703) Using 33 workers of 33 for evacuation
[82.874s][info][gc,phases      ] GC(703)   Pre Evacuate Collection Set: 0.2ms
[82.874s][info][gc,phases      ] GC(703)   Merge Heap Roots: 0.2ms
[82.874s][info][gc,phases      ] GC(703)   Evacuate Collection Set: 1.0ms
[82.874s][info][gc,phases      ] GC(703)   Post Evacuate Collection Set: 0.5ms
[82.874s][info][gc,phases      ] GC(703)   Other: 0.1ms
[82.874s][info][gc,heap        ] GC(703) Eden regions: 353->0(353)
[82.874s][info][gc,heap        ] GC(703) Survivor regions: 2->2(45)
[82.874s][info][gc,heap        ] GC(703) Old regions: 44->44
[82.874s][info][gc,heap        ] GC(703) Archive regions: 0->0
[82.874s][info][gc,heap        ] GC(703) Humongous regions: 0->0
[82.874s][info][gc,metaspace   ] GC(703) Metaspace: 74443K(75456K)->74443K(75456K) NonClass: 59174K(59456K)->59174K(59456K) Class: 15269K(16000K)->15269K(16000K)
[82.874s][info][gc             ] GC(703) Pause Young (Normal) (G1 Evacuation Pause) 392M->39M(592M) 2.187ms
[82.874s][info][gc,cpu         ] GC(703) User=0.00s Sys=0.00s Real=0.00s
[82.965s][info][gc,start       ] GC(704) Pause Young (Normal) (G1 Evacuation Pause)
[82.965s][info][gc,task        ] GC(704) Using 33 workers of 33 for evacuation
[82.967s][info][gc,phases      ] GC(704)   Pre Evacuate Collection Set: 0.2ms
[82.967s][info][gc,phases      ] GC(704)   Merge Heap Roots: 0.2ms
[82.967s][info][gc,phases      ] GC(704)   Evacuate Collection Set: 0.9ms
[82.967s][info][gc,phases      ] GC(704)   Post Evacuate Collection Set: 0.5ms
[82.967s][info][gc,phases      ] GC(704)   Other: 0.1ms
[82.967s][info][gc,heap        ] GC(704) Eden regions: 353->0(353)
[82.967s][info][gc,heap        ] GC(704) Survivor regions: 2->2(45)
[82.967s][info][gc,heap        ] GC(704) Old regions: 44->44
[82.967s][info][gc,heap        ] GC(704) Archive regions: 0->0
[82.967s][info][gc,heap        ] GC(704) Humongous regions: 0->0
[82.967s][info][gc,metaspace   ] GC(704) Metaspace: 74443K(75456K)->74443K(75456K) NonClass: 59174K(59456K)->59174K(59456K) Class: 15269K(16000K)->15269K(16000K)
[82.967s][info][gc             ] GC(704) Pause Young (Normal) (G1 Evacuation Pause) 392M->39M(592M) 2.094ms
[82.967s][info][gc,cpu         ] GC(704) User=0.52s Sys=0.00s Real=0.00s
[83.055s][info][gc,start       ] GC(705) Pause Young (Normal) (G1 Evacuation Pause)
[83.056s][info][gc,task        ] GC(705) Using 33 workers of 33 for evacuation
[83.057s][info][gc,phases      ] GC(705)   Pre Evacuate Collection Set: 0.2ms
[83.057s][info][gc,phases      ] GC(705)   Merge Heap Roots: 0.2ms
[83.057s][info][gc,phases      ] GC(705)   Evacuate Collection Set: 0.9ms
[83.057s][info][gc,phases      ] GC(705)   Post Evacuate Collection Set: 0.5ms
[83.057s][info][gc,phases      ] GC(705)   Other: 0.1ms
[83.057s][info][gc,heap        ] GC(705) Eden regions: 353->0(353)
[83.057s][info][gc,heap        ] GC(705) Survivor regions: 2->2(45)
[83.057s][info][gc,heap        ] GC(705) Old regions: 44->44
[83.057s][info][gc,heap        ] GC(705) Archive regions: 0->0
[83.058s][info][gc,heap        ] GC(705) Humongous regions: 0->0
[83.058s][info][gc,metaspace   ] GC(705) Metaspace: 74443K(75456K)->74443K(75456K) NonClass: 59174K(59456K)->59174K(59456K) Class: 15269K(16000K)->15269K(16000K)
[83.058s][info][gc             ] GC(705) Pause Young (Normal) (G1 Evacuation Pause) 392M->39M(592M) 2.113ms
[83.058s][info][gc,cpu         ] GC(705) User=0.00s Sys=0.00s Real=0.00s
[83.146s][info][gc,start       ] GC(706) Pause Young (Normal) (G1 Evacuation Pause)
[83.146s][info][gc,task        ] GC(706) Using 33 workers of 33 for evacuation
[83.148s][info][gc,phases      ] GC(706)   Pre Evacuate Collection Set: 0.2ms
[83.148s][info][gc,phases      ] GC(706)   Merge Heap Roots: 0.2ms
[83.148s][info][gc,phases      ] GC(706)   Evacuate Collection Set: 0.9ms
[83.148s][info][gc,phases      ] GC(706)   Post Evacuate Collection Set: 0.5ms
[83.148s][info][gc,phases      ] GC(706)   Other: 0.1ms
[83.148s][info][gc,heap        ] GC(706) Eden regions: 353->0(353)
[83.148s][info][gc,heap        ] GC(706) Survivor regions: 2->2(45)
[83.148s][info][gc,heap        ] GC(706) Old regions: 44->44
[83.148s][info][gc,heap        ] GC(706) Archive regions: 0->0
[83.148s][info][gc,heap        ] GC(706) Humongous regions: 0->0
[83.148s][info][gc,metaspace   ] GC(706) Metaspace: 74443K(75456K)->74443K(75456K) NonClass: 59174K(59456K)->59174K(59456K) Class: 15269K(16000K)->15269K(16000K)
[83.148s][info][gc             ] GC(706) Pause Young (Normal) (G1 Evacuation Pause) 392M->39M(592M) 2.113ms
[83.148s][info][gc,cpu         ] GC(706) User=0.00s Sys=0.00s Real=0.00s
[83.237s][info][gc,start       ] GC(707) Pause Young (Normal) (G1 Evacuation Pause)
[83.237s][info][gc,task        ] GC(707) Using 33 workers of 33 for evacuation
[83.239s][info][gc,phases      ] GC(707)   Pre Evacuate Collection Set: 0.2ms
[83.239s][info][gc,phases      ] GC(707)   Merge Heap Roots: 0.2ms
[83.239s][info][gc,phases      ] GC(707)   Evacuate Collection Set: 0.8ms
[83.239s][info][gc,phases      ] GC(707)   Post Evacuate Collection Set: 0.5ms
[83.239s][info][gc,phases      ] GC(707)   Other: 0.1ms
[83.239s][info][gc,heap        ] GC(707) Eden regions: 353->0(353)
[83.239s][info][gc,heap        ] GC(707) Survivor regions: 2->2(45)
[83.239s][info][gc,heap        ] GC(707) Old regions: 44->44
[83.239s][info][gc,heap        ] GC(707) Archive regions: 0->0
[83.239s][info][gc,heap        ] GC(707) Humongous regions: 0->0
[83.239s][info][gc,metaspace   ] GC(707) Metaspace: 74443K(75456K)->74443K(75456K) NonClass: 59174K(59456K)->59174K(59456K) Class: 15269K(16000K)->15269K(16000K)
[83.239s][info][gc             ] GC(707) Pause Young (Normal) (G1 Evacuation Pause) 392M->39M(592M) 2.080ms
[83.239s][info][gc,cpu         ] GC(707) User=0.00s Sys=0.00s Real=0.00s
[83.328s][info][gc,start       ] GC(708) Pause Young (Normal) (G1 Evacuation Pause)
[83.328s][info][gc,task        ] GC(708) Using 33 workers of 33 for evacuation
[83.330s][info][gc,phases      ] GC(708)   Pre Evacuate Collection Set: 0.2ms
[83.330s][info][gc,phases      ] GC(708)   Merge Heap Roots: 0.2ms
[83.330s][info][gc,phases      ] GC(708)   Evacuate Collection Set: 0.9ms
[83.330s][info][gc,phases      ] GC(708)   Post Evacuate Collection Set: 0.5ms
[83.330s][info][gc,phases      ] GC(708)   Other: 0.1ms
[83.330s][info][gc,heap        ] GC(708) Eden regions: 353->0(353)
[83.330s][info][gc,heap        ] GC(708) Survivor regions: 2->2(45)
[83.330s][info][gc,heap        ] GC(708) Old regions: 44->44
[83.330s][info][gc,heap        ] GC(708) Archive regions: 0->0
[83.330s][info][gc,heap        ] GC(708) Humongous regions: 0->0
[83.330s][info][gc,metaspace   ] GC(708) Metaspace: 74443K(75456K)->74443K(75456K) NonClass: 59174K(59456K)->59174K(59456K) Class: 15269K(16000K)->15269K(16000K)
[83.330s][info][gc             ] GC(708) Pause Young (Normal) (G1 Evacuation Pause) 392M->39M(592M) 2.099ms
[83.330s][info][gc,cpu         ] GC(708) User=0.00s Sys=0.00s Real=0.00s
[83.418s][info][gc,start       ] GC(709) Pause Young (Normal) (G1 Evacuation Pause)
[83.418s][info][gc,task        ] GC(709) Using 33 workers of 33 for evacuation
[83.420s][info][gc,phases      ] GC(709)   Pre Evacuate Collection Set: 0.2ms
[83.420s][info][gc,phases      ] GC(709)   Merge Heap Roots: 0.2ms
[83.420s][info][gc,phases      ] GC(709)   Evacuate Collection Set: 0.9ms
[83.420s][info][gc,phases      ] GC(709)   Post Evacuate Collection Set: 0.5ms
[83.420s][info][gc,phases      ] GC(709)   Other: 0.1ms
[83.420s][info][gc,heap        ] GC(709) Eden regions: 353->0(353)
[83.420s][info][gc,heap        ] GC(709) Survivor regions: 2->2(45)
[83.420s][info][gc,heap        ] GC(709) Old regions: 44->44
[83.420s][info][gc,heap        ] GC(709) Archive regions: 0->0
[83.420s][info][gc,heap        ] GC(709) Humongous regions: 0->0
[83.420s][info][gc,metaspace   ] GC(709) Metaspace: 74443K(75456K)->74443K(75456K) NonClass: 59174K(59456K)->59174K(59456K) Class: 15269K(16000K)->15269K(16000K)
[83.420s][info][gc             ] GC(709) Pause Young (Normal) (G1 Evacuation Pause) 392M->39M(592M) 2.082ms
[83.420s][info][gc,cpu         ] GC(709) User=0.00s Sys=0.00s Real=0.00s
[83.509s][info][gc,start       ] GC(710) Pause Young (Normal) (G1 Evacuation Pause)
[83.509s][info][gc,task        ] GC(710) Using 33 workers of 33 for evacuation
[83.511s][info][gc,phases      ] GC(710)   Pre Evacuate Collection Set: 0.2ms
[83.511s][info][gc,phases      ] GC(710)   Merge Heap Roots: 0.2ms
[83.511s][info][gc,phases      ] GC(710)   Evacuate Collection Set: 0.8ms
[83.511s][info][gc,phases      ] GC(710)   Post Evacuate Collection Set: 0.5ms
[83.511s][info][gc,phases      ] GC(710)   Other: 0.1ms
[83.511s][info][gc,heap        ] GC(710) Eden regions: 353->0(353)
[83.511s][info][gc,heap        ] GC(710) Survivor regions: 2->2(45)
[83.511s][info][gc,heap        ] GC(710) Old regions: 44->44
[83.511s][info][gc,heap        ] GC(710) Archive regions: 0->0
[83.511s][info][gc,heap        ] GC(710) Humongous regions: 0->0
[83.511s][info][gc,metaspace   ] GC(710) Metaspace: 74443K(75456K)->74443K(75456K) NonClass: 59174K(59456K)->59174K(59456K) Class: 15269K(16000K)->15269K(16000K)
[83.511s][info][gc             ] GC(710) Pause Young (Normal) (G1 Evacuation Pause) 392M->39M(592M) 2.044ms
[83.511s][info][gc,cpu         ] GC(710) User=0.00s Sys=0.00s Real=0.00s
[83.599s][info][gc,start       ] GC(711) Pause Young (Normal) (G1 Evacuation Pause)
[83.599s][info][gc,task        ] GC(711) Using 33 workers of 33 for evacuation
[83.601s][info][gc,phases      ] GC(711)   Pre Evacuate Collection Set: 0.2ms
[83.601s][info][gc,phases      ] GC(711)   Merge Heap Roots: 0.2ms
[83.601s][info][gc,phases      ] GC(711)   Evacuate Collection Set: 0.8ms
[83.601s][info][gc,phases      ] GC(711)   Post Evacuate Collection Set: 0.5ms
[83.601s][info][gc,phases      ] GC(711)   Other: 0.2ms
[83.601s][info][gc,heap        ] GC(711) Eden regions: 353->0(353)
[83.601s][info][gc,heap        ] GC(711) Survivor regions: 2->2(45)
[83.601s][info][gc,heap        ] GC(711) Old regions: 44->44
[83.601s][info][gc,heap        ] GC(711) Archive regions: 0->0
[83.601s][info][gc,heap        ] GC(711) Humongous regions: 0->0
[83.601s][info][gc,metaspace   ] GC(711) Metaspace: 74443K(75456K)->74443K(75456K) NonClass: 59174K(59456K)->59174K(59456K) Class: 15269K(16000K)->15269K(16000K)
[83.602s][info][gc             ] GC(711) Pause Young (Normal) (G1 Evacuation Pause) 392M->39M(592M) 2.179ms
[83.602s][info][gc,cpu         ] GC(711) User=0.00s Sys=0.00s Real=0.00s
[83.690s][info][gc,start       ] GC(712) Pause Young (Normal) (G1 Evacuation Pause)
[83.690s][info][gc,task        ] GC(712) Using 33 workers of 33 for evacuation
[83.692s][info][gc,phases      ] GC(712)   Pre Evacuate Collection Set: 0.2ms
[83.692s][info][gc,phases      ] GC(712)   Merge Heap Roots: 0.2ms
[83.692s][info][gc,phases      ] GC(712)   Evacuate Collection Set: 0.8ms
[83.692s][info][gc,phases      ] GC(712)   Post Evacuate Collection Set: 0.5ms
[83.692s][info][gc,phases      ] GC(712)   Other: 0.1ms
[83.692s][info][gc,heap        ] GC(712) Eden regions: 353->0(353)
[83.692s][info][gc,heap        ] GC(712) Survivor regions: 2->2(45)
[83.692s][info][gc,heap        ] GC(712) Old regions: 44->44
[83.692s][info][gc,heap        ] GC(712) Archive regions: 0->0
[83.692s][info][gc,heap        ] GC(712) Humongous regions: 0->0
[83.692s][info][gc,metaspace   ] GC(712) Metaspace: 74443K(75456K)->74443K(75456K) NonClass: 59174K(59456K)->59174K(59456K) Class: 15269K(16000K)->15269K(16000K)
[83.692s][info][gc             ] GC(712) Pause Young (Normal) (G1 Evacuation Pause) 392M->39M(592M) 2.021ms
[83.692s][info][gc,cpu         ] GC(712) User=0.00s Sys=0.00s Real=0.00s
[83.781s][info][gc,start       ] GC(713) Pause Young (Normal) (G1 Evacuation Pause)
[83.781s][info][gc,task        ] GC(713) Using 33 workers of 33 for evacuation
[83.783s][info][gc,phases      ] GC(713)   Pre Evacuate Collection Set: 0.2ms
[83.783s][info][gc,phases      ] GC(713)   Merge Heap Roots: 0.2ms
[83.783s][info][gc,phases      ] GC(713)   Evacuate Collection Set: 0.9ms
[83.783s][info][gc,phases      ] GC(713)   Post Evacuate Collection Set: 0.5ms
[83.783s][info][gc,phases      ] GC(713)   Other: 0.1ms
[83.783s][info][gc,heap        ] GC(713) Eden regions: 353->0(353)
[83.783s][info][gc,heap        ] GC(713) Survivor regions: 2->2(45)
[83.783s][info][gc,heap        ] GC(713) Old regions: 44->44
[83.783s][info][gc,heap        ] GC(713) Archive regions: 0->0
[83.783s][info][gc,heap        ] GC(713) Humongous regions: 0->0
[83.783s][info][gc,metaspace   ] GC(713) Metaspace: 74443K(75456K)->74443K(75456K) NonClass: 59174K(59456K)->59174K(59456K) Class: 15269K(16000K)->15269K(16000K)
[83.783s][info][gc             ] GC(713) Pause Young (Normal) (G1 Evacuation Pause) 392M->39M(592M) 2.050ms
[83.783s][info][gc,cpu         ] GC(713) User=0.00s Sys=0.00s Real=0.00s
[83.872s][info][gc,start       ] GC(714) Pause Young (Normal) (G1 Evacuation Pause)
[83.895s][info][gc,task        ] GC(714) Using 33 workers of 33 for evacuation
[83.898s][info][gc,phases      ] GC(714)   Pre Evacuate Collection Set: 0.3ms
[83.898s][info][gc,phases      ] GC(714)   Merge Heap Roots: 0.2ms
[83.898s][info][gc,phases      ] GC(714)   Evacuate Collection Set: 1.1ms
[83.898s][info][gc,phases      ] GC(714)   Post Evacuate Collection Set: 0.6ms
[83.898s][info][gc,phases      ] GC(714)   Other: 0.1ms
[83.898s][info][gc,heap        ] GC(714) Eden regions: 353->0(353)
[83.898s][info][gc,heap        ] GC(714) Survivor regions: 2->2(45)
[83.898s][info][gc,heap        ] GC(714) Old regions: 44->44
[83.898s][info][gc,heap        ] GC(714) Archive regions: 0->0
[83.898s][info][gc,heap        ] GC(714) Humongous regions: 0->0
[83.898s][info][gc,metaspace   ] GC(714) Metaspace: 74443K(75456K)->74443K(75456K) NonClass: 59174K(59456K)->59174K(59456K) Class: 15269K(16000K)->15269K(16000K)
[83.898s][info][gc             ] GC(714) Pause Young (Normal) (G1 Evacuation Pause) 392M->39M(592M) 26.359ms
[83.898s][info][gc,cpu         ] GC(714) User=0.00s Sys=0.00s Real=0.02s
[83.994s][info][gc,start       ] GC(715) Pause Young (Normal) (G1 Evacuation Pause)
[83.994s][info][gc,task        ] GC(715) Using 33 workers of 33 for evacuation
[83.996s][info][gc,phases      ] GC(715)   Pre Evacuate Collection Set: 0.2ms
[83.996s][info][gc,phases      ] GC(715)   Merge Heap Roots: 0.2ms
[83.996s][info][gc,phases      ] GC(715)   Evacuate Collection Set: 0.9ms
[83.996s][info][gc,phases      ] GC(715)   Post Evacuate Collection Set: 0.5ms
[83.996s][info][gc,phases      ] GC(715)   Other: 0.1ms
[83.996s][info][gc,heap        ] GC(715) Eden regions: 353->0(353)
[83.996s][info][gc,heap        ] GC(715) Survivor regions: 2->2(45)
[83.996s][info][gc,heap        ] GC(715) Old regions: 44->44
[83.996s][info][gc,heap        ] GC(715) Archive regions: 0->0
[83.996s][info][gc,heap        ] GC(715) Humongous regions: 0->0
[83.996s][info][gc,metaspace   ] GC(715) Metaspace: 74443K(75456K)->74443K(75456K) NonClass: 59174K(59456K)->59174K(59456K) Class: 15269K(16000K)->15269K(16000K)
[83.996s][info][gc             ] GC(715) Pause Young (Normal) (G1 Evacuation Pause) 392M->39M(592M) 2.074ms
[83.996s][info][gc,cpu         ] GC(715) User=0.00s Sys=0.00s Real=0.00s
[84.085s][info][gc,start       ] GC(716) Pause Young (Normal) (G1 Evacuation Pause)
[84.085s][info][gc,task        ] GC(716) Using 33 workers of 33 for evacuation
[84.087s][info][gc,phases      ] GC(716)   Pre Evacuate Collection Set: 0.2ms
[84.087s][info][gc,phases      ] GC(716)   Merge Heap Roots: 0.2ms
[84.087s][info][gc,phases      ] GC(716)   Evacuate Collection Set: 0.9ms
[84.087s][info][gc,phases      ] GC(716)   Post Evacuate Collection Set: 0.5ms
[84.087s][info][gc,phases      ] GC(716)   Other: 0.1ms
[84.087s][info][gc,heap        ] GC(716) Eden regions: 353->0(353)
[84.087s][info][gc,heap        ] GC(716) Survivor regions: 2->2(45)
[84.087s][info][gc,heap        ] GC(716) Old regions: 44->44
[84.087s][info][gc,heap        ] GC(716) Archive regions: 0->0
[84.087s][info][gc,heap        ] GC(716) Humongous regions: 0->0
[84.087s][info][gc,metaspace   ] GC(716) Metaspace: 74443K(75456K)->74443K(75456K) NonClass: 59174K(59456K)->59174K(59456K) Class: 15269K(16000K)->15269K(16000K)
[84.087s][info][gc             ] GC(716) Pause Young (Normal) (G1 Evacuation Pause) 392M->39M(592M) 2.142ms
[84.087s][info][gc,cpu         ] GC(716) User=0.00s Sys=0.00s Real=0.00s
[84.177s][info][gc,start       ] GC(717) Pause Young (Normal) (G1 Evacuation Pause)
[84.177s][info][gc,task        ] GC(717) Using 33 workers of 33 for evacuation
[84.179s][info][gc,phases      ] GC(717)   Pre Evacuate Collection Set: 0.2ms
[84.179s][info][gc,phases      ] GC(717)   Merge Heap Roots: 0.2ms
[84.179s][info][gc,phases      ] GC(717)   Evacuate Collection Set: 0.8ms
[84.179s][info][gc,phases      ] GC(717)   Post Evacuate Collection Set: 0.6ms
[84.179s][info][gc,phases      ] GC(717)   Other: 0.1ms
[84.179s][info][gc,heap        ] GC(717) Eden regions: 353->0(353)
[84.179s][info][gc,heap        ] GC(717) Survivor regions: 2->2(45)
[84.179s][info][gc,heap        ] GC(717) Old regions: 44->44
[84.179s][info][gc,heap        ] GC(717) Archive regions: 0->0
[84.179s][info][gc,heap        ] GC(717) Humongous regions: 0->0
[84.179s][info][gc,metaspace   ] GC(717) Metaspace: 74443K(75456K)->74443K(75456K) NonClass: 59174K(59456K)->59174K(59456K) Class: 15269K(16000K)->15269K(16000K)
[84.179s][info][gc             ] GC(717) Pause Young (Normal) (G1 Evacuation Pause) 392M->39M(592M) 2.158ms
[84.179s][info][gc,cpu         ] GC(717) User=0.00s Sys=0.00s Real=0.00s
[84.269s][info][gc,start       ] GC(718) Pause Young (Normal) (G1 Evacuation Pause)
[84.269s][info][gc,task        ] GC(718) Using 33 workers of 33 for evacuation
[84.271s][info][gc,phases      ] GC(718)   Pre Evacuate Collection Set: 0.2ms
[84.271s][info][gc,phases      ] GC(718)   Merge Heap Roots: 0.2ms
[84.271s][info][gc,phases      ] GC(718)   Evacuate Collection Set: 0.8ms
[84.271s][info][gc,phases      ] GC(718)   Post Evacuate Collection Set: 0.5ms
[84.271s][info][gc,phases      ] GC(718)   Other: 0.1ms
[84.271s][info][gc,heap        ] GC(718) Eden regions: 353->0(353)
[84.271s][info][gc,heap        ] GC(718) Survivor regions: 2->2(45)
[84.271s][info][gc,heap        ] GC(718) Old regions: 44->44
[84.271s][info][gc,heap        ] GC(718) Archive regions: 0->0
[84.271s][info][gc,heap        ] GC(718) Humongous regions: 0->0
[84.271s][info][gc,metaspace   ] GC(718) Metaspace: 74443K(75456K)->74443K(75456K) NonClass: 59174K(59456K)->59174K(59456K) Class: 15269K(16000K)->15269K(16000K)
[84.271s][info][gc             ] GC(718) Pause Young (Normal) (G1 Evacuation Pause) 392M->39M(592M) 2.076ms
[84.271s][info][gc,cpu         ] GC(718) User=0.00s Sys=0.00s Real=0.00s
[84.361s][info][gc,start       ] GC(719) Pause Young (Normal) (G1 Evacuation Pause)
[84.361s][info][gc,task        ] GC(719) Using 33 workers of 33 for evacuation
[84.363s][info][gc,phases      ] GC(719)   Pre Evacuate Collection Set: 0.2ms
[84.363s][info][gc,phases      ] GC(719)   Merge Heap Roots: 0.2ms
[84.363s][info][gc,phases      ] GC(719)   Evacuate Collection Set: 0.8ms
[84.363s][info][gc,phases      ] GC(719)   Post Evacuate Collection Set: 0.5ms
[84.363s][info][gc,phases      ] GC(719)   Other: 0.1ms
[84.363s][info][gc,heap        ] GC(719) Eden regions: 353->0(353)
[84.363s][info][gc,heap        ] GC(719) Survivor regions: 2->2(45)
[84.363s][info][gc,heap        ] GC(719) Old regions: 44->44
[84.363s][info][gc,heap        ] GC(719) Archive regions: 0->0
[84.363s][info][gc,heap        ] GC(719) Humongous regions: 0->0
[84.363s][info][gc,metaspace   ] GC(719) Metaspace: 74445K(75456K)->74445K(75456K) NonClass: 59176K(59456K)->59176K(59456K) Class: 15269K(16000K)->15269K(16000K)
[84.363s][info][gc             ] GC(719) Pause Young (Normal) (G1 Evacuation Pause) 392M->39M(592M) 2.080ms
[84.363s][info][gc,cpu         ] GC(719) User=0.00s Sys=0.00s Real=0.00s
[84.455s][info][gc,start       ] GC(720) Pause Young (Normal) (G1 Evacuation Pause)
[84.455s][info][gc,task        ] GC(720) Using 33 workers of 33 for evacuation
[84.456s][info][gc,phases      ] GC(720)   Pre Evacuate Collection Set: 0.2ms
[84.457s][info][gc,phases      ] GC(720)   Merge Heap Roots: 0.2ms
[84.457s][info][gc,phases      ] GC(720)   Evacuate Collection Set: 0.8ms
[84.457s][info][gc,phases      ] GC(720)   Post Evacuate Collection Set: 0.5ms
[84.457s][info][gc,phases      ] GC(720)   Other: 0.1ms
[84.457s][info][gc,heap        ] GC(720) Eden regions: 353->0(353)
[84.457s][info][gc,heap        ] GC(720) Survivor regions: 2->2(45)
[84.457s][info][gc,heap        ] GC(720) Old regions: 44->44
[84.457s][info][gc,heap        ] GC(720) Archive regions: 0->0
[84.457s][info][gc,heap        ] GC(720) Humongous regions: 0->0
[84.457s][info][gc,metaspace   ] GC(720) Metaspace: 74445K(75456K)->74445K(75456K) NonClass: 59176K(59456K)->59176K(59456K) Class: 15269K(16000K)->15269K(16000K)
[84.457s][info][gc             ] GC(720) Pause Young (Normal) (G1 Evacuation Pause) 392M->39M(592M) 2.014ms
[84.457s][info][gc,cpu         ] GC(720) User=0.00s Sys=0.00s Real=0.00s
[84.552s][info][gc,start       ] GC(721) Pause Young (Normal) (G1 Evacuation Pause)
[84.552s][info][gc,task        ] GC(721) Using 33 workers of 33 for evacuation
[84.554s][info][gc,phases      ] GC(721)   Pre Evacuate Collection Set: 0.2ms
[84.554s][info][gc,phases      ] GC(721)   Merge Heap Roots: 0.2ms
[84.554s][info][gc,phases      ] GC(721)   Evacuate Collection Set: 0.9ms
[84.554s][info][gc,phases      ] GC(721)   Post Evacuate Collection Set: 0.6ms
[84.554s][info][gc,phases      ] GC(721)   Other: 0.1ms
[84.554s][info][gc,heap        ] GC(721) Eden regions: 353->0(353)
[84.554s][info][gc,heap        ] GC(721) Survivor regions: 2->2(45)
[84.554s][info][gc,heap        ] GC(721) Old regions: 44->44
[84.554s][info][gc,heap        ] GC(721) Archive regions: 0->0
[84.554s][info][gc,heap        ] GC(721) Humongous regions: 0->0
[84.554s][info][gc,metaspace   ] GC(721) Metaspace: 74445K(75456K)->74445K(75456K) NonClass: 59176K(59456K)->59176K(59456K) Class: 15269K(16000K)->15269K(16000K)
[84.554s][info][gc             ] GC(721) Pause Young (Normal) (G1 Evacuation Pause) 392M->39M(592M) 2.129ms
[84.554s][info][gc,cpu         ] GC(721) User=0.00s Sys=0.00s Real=0.00s
[84.652s][info][gc,start       ] GC(722) Pause Young (Normal) (G1 Evacuation Pause)
[84.652s][info][gc,task        ] GC(722) Using 33 workers of 33 for evacuation
[84.654s][info][gc,phases      ] GC(722)   Pre Evacuate Collection Set: 0.2ms
[84.654s][info][gc,phases      ] GC(722)   Merge Heap Roots: 0.2ms
[84.654s][info][gc,phases      ] GC(722)   Evacuate Collection Set: 0.8ms
[84.654s][info][gc,phases      ] GC(722)   Post Evacuate Collection Set: 0.5ms
[84.654s][info][gc,phases      ] GC(722)   Other: 0.1ms
[84.654s][info][gc,heap        ] GC(722) Eden regions: 353->0(353)
[84.654s][info][gc,heap        ] GC(722) Survivor regions: 2->2(45)
[84.654s][info][gc,heap        ] GC(722) Old regions: 44->44
[84.654s][info][gc,heap        ] GC(722) Archive regions: 0->0
[84.654s][info][gc,heap        ] GC(722) Humongous regions: 0->0
[84.654s][info][gc,metaspace   ] GC(722) Metaspace: 74445K(75456K)->74445K(75456K) NonClass: 59176K(59456K)->59176K(59456K) Class: 15269K(16000K)->15269K(16000K)
[84.654s][info][gc             ] GC(722) Pause Young (Normal) (G1 Evacuation Pause) 392M->39M(592M) 1.981ms
[84.654s][info][gc,cpu         ] GC(722) User=0.52s Sys=0.00s Real=0.00s
[84.763s][info][gc,start       ] GC(723) Pause Young (Normal) (G1 Evacuation Pause)
[84.763s][info][gc,task        ] GC(723) Using 33 workers of 33 for evacuation
[84.765s][info][gc,phases      ] GC(723)   Pre Evacuate Collection Set: 0.2ms
[84.765s][info][gc,phases      ] GC(723)   Merge Heap Roots: 0.2ms
[84.765s][info][gc,phases      ] GC(723)   Evacuate Collection Set: 0.7ms
[84.765s][info][gc,phases      ] GC(723)   Post Evacuate Collection Set: 0.5ms
[84.765s][info][gc,phases      ] GC(723)   Other: 0.1ms
[84.765s][info][gc,heap        ] GC(723) Eden regions: 353->0(353)
[84.765s][info][gc,heap        ] GC(723) Survivor regions: 2->2(45)
[84.765s][info][gc,heap        ] GC(723) Old regions: 44->44
[84.765s][info][gc,heap        ] GC(723) Archive regions: 0->0
[84.765s][info][gc,heap        ] GC(723) Humongous regions: 0->0
[84.765s][info][gc,metaspace   ] GC(723) Metaspace: 74445K(75456K)->74445K(75456K) NonClass: 59176K(59456K)->59176K(59456K) Class: 15269K(16000K)->15269K(16000K)
[84.765s][info][gc             ] GC(723) Pause Young (Normal) (G1 Evacuation Pause) 392M->39M(592M) 1.926ms
[84.765s][info][gc,cpu         ] GC(723) User=0.00s Sys=0.00s Real=0.00s
[84.896s][info][gc,start       ] GC(724) Pause Young (Normal) (G1 Evacuation Pause)
[84.896s][info][gc,task        ] GC(724) Using 33 workers of 33 for evacuation
[84.898s][info][gc,phases      ] GC(724)   Pre Evacuate Collection Set: 0.2ms
[84.898s][info][gc,phases      ] GC(724)   Merge Heap Roots: 0.2ms
[84.898s][info][gc,phases      ] GC(724)   Evacuate Collection Set: 0.8ms
[84.898s][info][gc,phases      ] GC(724)   Post Evacuate Collection Set: 0.6ms
[84.898s][info][gc,phases      ] GC(724)   Other: 0.1ms
[84.898s][info][gc,heap        ] GC(724) Eden regions: 353->0(353)
[84.898s][info][gc,heap        ] GC(724) Survivor regions: 2->2(45)
[84.898s][info][gc,heap        ] GC(724) Old regions: 44->44
[84.898s][info][gc,heap        ] GC(724) Archive regions: 0->0
[84.898s][info][gc,heap        ] GC(724) Humongous regions: 0->0
[84.898s][info][gc,metaspace   ] GC(724) Metaspace: 74445K(75456K)->74445K(75456K) NonClass: 59176K(59456K)->59176K(59456K) Class: 15269K(16000K)->15269K(16000K)
[84.898s][info][gc             ] GC(724) Pause Young (Normal) (G1 Evacuation Pause) 392M->39M(592M) 2.078ms
[84.898s][info][gc,cpu         ] GC(724) User=0.00s Sys=0.00s Real=0.00s
[85.046s][info][gc,start       ] GC(725) Pause Young (Normal) (G1 Evacuation Pause)
[85.046s][info][gc,task        ] GC(725) Using 33 workers of 33 for evacuation
[85.048s][info][gc,phases      ] GC(725)   Pre Evacuate Collection Set: 0.2ms
[85.048s][info][gc,phases      ] GC(725)   Merge Heap Roots: 0.2ms
[85.048s][info][gc,phases      ] GC(725)   Evacuate Collection Set: 0.8ms
[85.048s][info][gc,phases      ] GC(725)   Post Evacuate Collection Set: 0.6ms
[85.048s][info][gc,phases      ] GC(725)   Other: 0.1ms
[85.048s][info][gc,heap        ] GC(725) Eden regions: 353->0(353)
[85.048s][info][gc,heap        ] GC(725) Survivor regions: 2->2(45)
[85.048s][info][gc,heap        ] GC(725) Old regions: 44->44
[85.048s][info][gc,heap        ] GC(725) Archive regions: 0->0
[85.048s][info][gc,heap        ] GC(725) Humongous regions: 0->0
[85.048s][info][gc,metaspace   ] GC(725) Metaspace: 74445K(75456K)->74445K(75456K) NonClass: 59176K(59456K)->59176K(59456K) Class: 15269K(16000K)->15269K(16000K)
[85.048s][info][gc             ] GC(725) Pause Young (Normal) (G1 Evacuation Pause) 392M->39M(592M) 2.110ms
[85.048s][info][gc,cpu         ] GC(725) User=0.00s Sys=0.00s Real=0.00s
[85.205s][info][gc,start       ] GC(726) Pause Young (Normal) (G1 Evacuation Pause)
[85.205s][info][gc,task        ] GC(726) Using 33 workers of 33 for evacuation
[85.206s][info][gc,phases      ] GC(726)   Pre Evacuate Collection Set: 0.2ms
[85.206s][info][gc,phases      ] GC(726)   Merge Heap Roots: 0.2ms
[85.207s][info][gc,phases      ] GC(726)   Evacuate Collection Set: 0.8ms
[85.207s][info][gc,phases      ] GC(726)   Post Evacuate Collection Set: 0.6ms
[85.207s][info][gc,phases      ] GC(726)   Other: 0.1ms
[85.207s][info][gc,heap        ] GC(726) Eden regions: 353->0(353)
[85.207s][info][gc,heap        ] GC(726) Survivor regions: 2->2(45)
[85.207s][info][gc,heap        ] GC(726) Old regions: 44->44
[85.207s][info][gc,heap        ] GC(726) Archive regions: 0->0
[85.207s][info][gc,heap        ] GC(726) Humongous regions: 0->0
[85.207s][info][gc,metaspace   ] GC(726) Metaspace: 74445K(75456K)->74445K(75456K) NonClass: 59176K(59456K)->59176K(59456K) Class: 15269K(16000K)->15269K(16000K)
[85.207s][info][gc             ] GC(726) Pause Young (Normal) (G1 Evacuation Pause) 392M->39M(592M) 2.086ms
[85.207s][info][gc,cpu         ] GC(726) User=0.00s Sys=0.00s Real=0.00s
[85.366s][info][gc,start       ] GC(727) Pause Young (Normal) (G1 Evacuation Pause)
[85.366s][info][gc,task        ] GC(727) Using 31 workers of 33 for evacuation
[85.367s][info][gc,phases      ] GC(727)   Pre Evacuate Collection Set: 0.2ms
[85.367s][info][gc,phases      ] GC(727)   Merge Heap Roots: 0.2ms
[85.367s][info][gc,phases      ] GC(727)   Evacuate Collection Set: 0.7ms
[85.367s][info][gc,phases      ] GC(727)   Post Evacuate Collection Set: 0.6ms
[85.367s][info][gc,phases      ] GC(727)   Other: 0.1ms
[85.367s][info][gc,heap        ] GC(727) Eden regions: 353->0(353)
[85.367s][info][gc,heap        ] GC(727) Survivor regions: 2->2(45)
[85.367s][info][gc,heap        ] GC(727) Old regions: 44->44
[85.367s][info][gc,heap        ] GC(727) Archive regions: 0->0
[85.367s][info][gc,heap        ] GC(727) Humongous regions: 0->0
[85.367s][info][gc,metaspace   ] GC(727) Metaspace: 74445K(75456K)->74445K(75456K) NonClass: 59176K(59456K)->59176K(59456K) Class: 15269K(16000K)->15269K(16000K)
[85.367s][info][gc             ] GC(727) Pause Young (Normal) (G1 Evacuation Pause) 392M->39M(592M) 1.929ms
[85.368s][info][gc,cpu         ] GC(727) User=0.00s Sys=0.00s Real=0.00s
[85.555s][info][gc,start       ] GC(728) Pause Young (Normal) (G1 Evacuation Pause)
[85.555s][info][gc,task        ] GC(728) Using 26 workers of 33 for evacuation
[85.557s][info][gc,phases      ] GC(728)   Pre Evacuate Collection Set: 0.1ms
[85.557s][info][gc,phases      ] GC(728)   Merge Heap Roots: 0.2ms
[85.557s][info][gc,phases      ] GC(728)   Evacuate Collection Set: 0.6ms
[85.557s][info][gc,phases      ] GC(728)   Post Evacuate Collection Set: 0.5ms
[85.557s][info][gc,phases      ] GC(728)   Other: 0.1ms
[85.557s][info][gc,heap        ] GC(728) Eden regions: 353->0(353)
[85.557s][info][gc,heap        ] GC(728) Survivor regions: 2->2(45)
[85.557s][info][gc,heap        ] GC(728) Old regions: 44->44
[85.557s][info][gc,heap        ] GC(728) Archive regions: 0->0
[85.557s][info][gc,heap        ] GC(728) Humongous regions: 0->0
[85.557s][info][gc,metaspace   ] GC(728) Metaspace: 74445K(75456K)->74445K(75456K) NonClass: 59176K(59456K)->59176K(59456K) Class: 15269K(16000K)->15269K(16000K)
[85.557s][info][gc             ] GC(728) Pause Young (Normal) (G1 Evacuation Pause) 392M->39M(592M) 1.759ms
[85.557s][info][gc,cpu         ] GC(728) User=0.00s Sys=0.00s Real=0.00s
[85.795s][info][gc,start       ] GC(729) Pause Young (Normal) (G1 Evacuation Pause)
[85.795s][info][gc,task        ] GC(729) Using 22 workers of 33 for evacuation
[85.796s][info][gc,phases      ] GC(729)   Pre Evacuate Collection Set: 0.1ms
[85.796s][info][gc,phases      ] GC(729)   Merge Heap Roots: 0.1ms
[85.796s][info][gc,phases      ] GC(729)   Evacuate Collection Set: 0.6ms
[85.796s][info][gc,phases      ] GC(729)   Post Evacuate Collection Set: 0.5ms
[85.796s][info][gc,phases      ] GC(729)   Other: 0.1ms
[85.796s][info][gc,heap        ] GC(729) Eden regions: 353->0(353)
[85.796s][info][gc,heap        ] GC(729) Survivor regions: 2->2(45)
[85.796s][info][gc,heap        ] GC(729) Old regions: 44->44
[85.796s][info][gc,heap        ] GC(729) Archive regions: 0->0
[85.796s][info][gc,heap        ] GC(729) Humongous regions: 0->0
[85.796s][info][gc,metaspace   ] GC(729) Metaspace: 74445K(75456K)->74445K(75456K) NonClass: 59176K(59456K)->59176K(59456K) Class: 15269K(16000K)->15269K(16000K)
[85.796s][info][gc             ] GC(729) Pause Young (Normal) (G1 Evacuation Pause) 392M->39M(592M) 1.729ms
[85.796s][info][gc,cpu         ] GC(729) User=0.00s Sys=0.00s Real=0.00s
[86.049s][info][gc,start       ] GC(730) Pause Young (Normal) (G1 Evacuation Pause)
[86.049s][info][gc,task        ] GC(730) Using 20 workers of 33 for evacuation
[86.050s][info][gc,phases      ] GC(730)   Pre Evacuate Collection Set: 0.1ms
[86.050s][info][gc,phases      ] GC(730)   Merge Heap Roots: 0.1ms
[86.050s][info][gc,phases      ] GC(730)   Evacuate Collection Set: 0.6ms
[86.050s][info][gc,phases      ] GC(730)   Post Evacuate Collection Set: 0.5ms
[86.050s][info][gc,phases      ] GC(730)   Other: 0.1ms
[86.050s][info][gc,heap        ] GC(730) Eden regions: 353->0(353)
[86.050s][info][gc,heap        ] GC(730) Survivor regions: 2->2(45)
[86.050s][info][gc,heap        ] GC(730) Old regions: 44->44
[86.050s][info][gc,heap        ] GC(730) Archive regions: 0->0
[86.050s][info][gc,heap        ] GC(730) Humongous regions: 0->0
[86.050s][info][gc,metaspace   ] GC(730) Metaspace: 74445K(75456K)->74445K(75456K) NonClass: 59176K(59456K)->59176K(59456K) Class: 15269K(16000K)->15269K(16000K)
[86.050s][info][gc             ] GC(730) Pause Young (Normal) (G1 Evacuation Pause) 392M->39M(592M) 1.765ms
[86.050s][info][gc,cpu         ] GC(730) User=0.00s Sys=0.00s Real=0.00s
[86.299s][info][gc,start       ] GC(731) Pause Young (Normal) (G1 Evacuation Pause)
[86.299s][info][gc,task        ] GC(731) Using 19 workers of 33 for evacuation
[86.300s][info][gc,phases      ] GC(731)   Pre Evacuate Collection Set: 0.1ms
[86.301s][info][gc,phases      ] GC(731)   Merge Heap Roots: 0.1ms
[86.301s][info][gc,phases      ] GC(731)   Evacuate Collection Set: 0.6ms
[86.301s][info][gc,phases      ] GC(731)   Post Evacuate Collection Set: 0.5ms
[86.301s][info][gc,phases      ] GC(731)   Other: 0.1ms
[86.301s][info][gc,heap        ] GC(731) Eden regions: 353->0(353)
[86.301s][info][gc,heap        ] GC(731) Survivor regions: 2->2(45)
[86.301s][info][gc,heap        ] GC(731) Old regions: 44->44
[86.301s][info][gc,heap        ] GC(731) Archive regions: 0->0
[86.301s][info][gc,heap        ] GC(731) Humongous regions: 0->0
[86.301s][info][gc,metaspace   ] GC(731) Metaspace: 74445K(75456K)->74445K(75456K) NonClass: 59176K(59456K)->59176K(59456K) Class: 15269K(16000K)->15269K(16000K)
[86.301s][info][gc             ] GC(731) Pause Young (Normal) (G1 Evacuation Pause) 392M->39M(592M) 1.685ms
[86.301s][info][gc,cpu         ] GC(731) User=0.00s Sys=0.00s Real=0.00s
[86.517s][info][gc,start       ] GC(732) Pause Full (System.gc())
[86.517s][info][gc,task        ] GC(732) Using 16 workers of 33 for full compaction
[86.518s][info][gc,phases,start] GC(732) Phase 1: Mark live objects
[86.536s][info][gc,phases      ] GC(732) Phase 1: Mark live objects 18.127ms
[86.536s][info][gc,phases,start] GC(732) Phase 2: Prepare compaction
[86.538s][info][gc,phases      ] GC(732) Phase 2: Prepare compaction 1.773ms
[86.538s][info][gc,phases,start] GC(732) Phase 3: Adjust pointers
[86.544s][info][gc,phases      ] GC(732) Phase 3: Adjust pointers 6.351ms
[86.544s][info][gc,phases,start] GC(732) Phase 4: Compact heap
[86.545s][info][gc,phases      ] GC(732) Phase 4: Compact heap 0.851ms
[86.552s][info][gc,heap        ] GC(732) Eden regions: 256->0(88)
[86.552s][info][gc,heap        ] GC(732) Survivor regions: 2->0(45)
[86.552s][info][gc,heap        ] GC(732) Old regions: 44->44
[86.552s][info][gc,heap        ] GC(732) Archive regions: 0->0
[86.552s][info][gc,heap        ] GC(732) Humongous regions: 0->0
[86.552s][info][gc,metaspace   ] GC(732) Metaspace: 74477K(75456K)->74477K(75456K) NonClass: 59208K(59456K)->59208K(59456K) Class: 15269K(16000K)->15269K(16000K)
[86.552s][info][gc             ] GC(732) Pause Full (System.gc()) 295M->35M(147M) 34.967ms
[86.552s][info][gc,cpu         ] GC(732) User=0.27s Sys=0.00s Real=0.03s
[86.605s][info][gc,start       ] GC(733) Pause Young (Concurrent Start) (G1 Evacuation Pause)
[86.611s][info][gc,task        ] GC(733) Using 33 workers of 33 for evacuation
[86.613s][info][gc,phases      ] GC(733)   Pre Evacuate Collection Set: 0.3ms
[86.613s][info][gc,phases      ] GC(733)   Merge Heap Roots: 0.2ms
[86.613s][info][gc,phases      ] GC(733)   Evacuate Collection Set: 1.3ms
[86.613s][info][gc,phases      ] GC(733)   Post Evacuate Collection Set: 0.7ms
[86.613s][info][gc,phases      ] GC(733)   Other: 0.1ms
[86.613s][info][gc,heap        ] GC(733) Eden regions: 88->0(84)
[86.613s][info][gc,heap        ] GC(733) Survivor regions: 0->4(11)
[86.613s][info][gc,heap        ] GC(733) Old regions: 44->44
[86.613s][info][gc,heap        ] GC(733) Archive regions: 0->0
[86.613s][info][gc,heap        ] GC(733) Humongous regions: 0->0
[86.613s][info][gc,metaspace   ] GC(733) Metaspace: 74602K(75584K)->74602K(75584K) NonClass: 59333K(59584K)->59333K(59584K) Class: 15269K(16000K)->15269K(16000K)
[86.613s][info][gc             ] GC(733) Pause Young (Concurrent Start) (G1 Evacuation Pause) 123M->39M(147M) 8.872ms
[86.613s][info][gc             ] GC(734) Concurrent Mark Cycle
[86.614s][info][gc,cpu         ] GC(733) User=0.00s Sys=0.00s Real=0.00s
[86.614s][info][gc,marking     ] GC(734) Concurrent Scan Root Regions
[86.618s][info][gc,marking     ] GC(734) Concurrent Scan Root Regions 4.911ms
[86.619s][info][gc,marking     ] GC(734) Concurrent Mark
[86.619s][info][gc,marking     ] GC(734) Concurrent Mark From Roots
[86.619s][info][gc,task        ] GC(734) Using 8 workers of 8 for marking
[86.629s][info][gc,marking     ] GC(734) Concurrent Mark From Roots 10.201ms
[86.629s][info][gc,marking     ] GC(734) Concurrent Preclean
[86.629s][info][gc,marking     ] GC(734) Concurrent Preclean 0.131ms
[86.629s][info][gc,start       ] GC(734) Pause Remark
[86.631s][info][gc             ] GC(734) Pause Remark 83M->83M(154M) 1.967ms
[86.631s][info][gc,cpu         ] GC(734) User=0.00s Sys=0.00s Real=0.00s
[86.632s][info][gc,marking     ] GC(734) Concurrent Mark 13.077ms
[86.632s][info][gc,marking     ] GC(734) Concurrent Rebuild Remembered Sets and Scrub Regions
[86.636s][info][gc,marking     ] GC(734) Concurrent Rebuild Remembered Sets and Scrub Regions 4.307ms
[86.636s][info][gc,start       ] GC(734) Pause Cleanup
[86.636s][info][gc             ] GC(734) Pause Cleanup 97M->97M(154M) 0.123ms
[86.636s][info][gc,cpu         ] GC(734) User=0.00s Sys=0.00s Real=0.00s
[86.637s][info][gc,marking     ] GC(734) Concurrent Clear Claimed Marks
[86.637s][info][gc,marking     ] GC(734) Concurrent Clear Claimed Marks 0.075ms
[86.637s][info][gc,marking     ] GC(734) Concurrent Cleanup for Next Mark
[86.637s][info][gc,marking     ] GC(734) Concurrent Cleanup for Next Mark 0.310ms
[86.637s][info][gc             ] GC(734) Concurrent Mark Cycle 23.757ms
[86.643s][info][gc,start       ] GC(735) Pause Young (Prepare Mixed) (G1 Evacuation Pause)
[86.643s][info][gc,task        ] GC(735) Using 33 workers of 33 for evacuation
[86.645s][info][gc,phases      ] GC(735)   Pre Evacuate Collection Set: 0.2ms
[86.645s][info][gc,phases      ] GC(735)   Merge Heap Roots: 0.2ms
[86.645s][info][gc,phases      ] GC(735)   Evacuate Collection Set: 1.1ms
[86.645s][info][gc,phases      ] GC(735)   Post Evacuate Collection Set: 0.6ms
[86.645s][info][gc,phases      ] GC(735)   Other: 0.1ms
[86.646s][info][gc,heap        ] GC(735) Eden regions: 84->0(88)
[86.646s][info][gc,heap        ] GC(735) Survivor regions: 4->4(11)
[86.646s][info][gc,heap        ] GC(735) Old regions: 44->44
[86.646s][info][gc,heap        ] GC(735) Archive regions: 0->0
[86.646s][info][gc,heap        ] GC(735) Humongous regions: 0->0
[86.646s][info][gc,metaspace   ] GC(735) Metaspace: 74602K(75584K)->74602K(75584K) NonClass: 59333K(59584K)->59333K(59584K) Class: 15269K(16000K)->15269K(16000K)
[86.646s][info][gc             ] GC(735) Pause Young (Prepare Mixed) (G1 Evacuation Pause) 123M->39M(154M) 2.328ms
[86.646s][info][gc,cpu         ] GC(735) User=0.00s Sys=0.00s Real=0.00s
[86.683s][info][gc,start       ] GC(736) Pause Young (Mixed) (G1 Evacuation Pause)
[86.683s][info][gc,task        ] GC(736) Using 33 workers of 33 for evacuation
[86.685s][info][gc,phases      ] GC(736)   Pre Evacuate Collection Set: 0.2ms
[86.685s][info][gc,phases      ] GC(736)   Merge Heap Roots: 0.2ms
[86.685s][info][gc,phases      ] GC(736)   Evacuate Collection Set: 1.3ms
[86.685s][info][gc,phases      ] GC(736)   Post Evacuate Collection Set: 0.7ms
[86.685s][info][gc,phases      ] GC(736)   Other: 0.1ms
[86.685s][info][gc,heap        ] GC(736) Eden regions: 88->0(88)
[86.685s][info][gc,heap        ] GC(736) Survivor regions: 4->4(12)
[86.685s][info][gc,heap        ] GC(736) Old regions: 44->43
[86.685s][info][gc,heap        ] GC(736) Archive regions: 0->0
[86.685s][info][gc,heap        ] GC(736) Humongous regions: 0->0
[86.685s][info][gc,metaspace   ] GC(736) Metaspace: 74602K(75584K)->74602K(75584K) NonClass: 59333K(59584K)->59333K(59584K) Class: 15269K(16000K)->15269K(16000K)
[86.685s][info][gc             ] GC(736) Pause Young (Mixed) (G1 Evacuation Pause) 127M->39M(154M) 2.803ms
[86.686s][info][gc,cpu         ] GC(736) User=0.52s Sys=0.00s Real=0.02s
[86.713s][info][gc,start       ] GC(737) Pause Young (Normal) (G1 Evacuation Pause)
[86.713s][info][gc,task        ] GC(737) Using 33 workers of 33 for evacuation
[86.715s][info][gc,phases      ] GC(737)   Pre Evacuate Collection Set: 0.2ms
[86.715s][info][gc,phases      ] GC(737)   Merge Heap Roots: 0.1ms
[86.715s][info][gc,phases      ] GC(737)   Evacuate Collection Set: 1.2ms
[86.715s][info][gc,phases      ] GC(737)   Post Evacuate Collection Set: 0.6ms
[86.715s][info][gc,phases      ] GC(737)   Other: 0.1ms
[86.715s][info][gc,heap        ] GC(737) Eden regions: 88->0(88)
[86.715s][info][gc,heap        ] GC(737) Survivor regions: 4->4(12)
[86.715s][info][gc,heap        ] GC(737) Old regions: 43->43
[86.715s][info][gc,heap        ] GC(737) Archive regions: 0->0
[86.715s][info][gc,heap        ] GC(737) Humongous regions: 0->0
[86.715s][info][gc,metaspace   ] GC(737) Metaspace: 74602K(75584K)->74602K(75584K) NonClass: 59333K(59584K)->59333K(59584K) Class: 15269K(16000K)->15269K(16000K)
[86.715s][info][gc             ] GC(737) Pause Young (Normal) (G1 Evacuation Pause) 127M->39M(154M) 2.429ms
[86.715s][info][gc,cpu         ] GC(737) User=0.00s Sys=0.00s Real=0.00s
[86.738s][info][gc,start       ] GC(738) Pause Young (Normal) (G1 Evacuation Pause)
[86.738s][info][gc,task        ] GC(738) Using 33 workers of 33 for evacuation
[86.743s][info][gc,phases      ] GC(738)   Pre Evacuate Collection Set: 0.2ms
[86.743s][info][gc,phases      ] GC(738)   Merge Heap Roots: 0.1ms
[86.743s][info][gc,phases      ] GC(738)   Evacuate Collection Set: 1.2ms
[86.743s][info][gc,phases      ] GC(738)   Post Evacuate Collection Set: 2.9ms
[86.743s][info][gc,phases      ] GC(738)   Other: 0.1ms
[86.743s][info][gc,heap        ] GC(738) Eden regions: 88->0(349)
[86.743s][info][gc,heap        ] GC(738) Survivor regions: 4->4(12)
[86.743s][info][gc,heap        ] GC(738) Old regions: 43->43
[86.743s][info][gc,heap        ] GC(738) Archive regions: 0->0
[86.743s][info][gc,heap        ] GC(738) Humongous regions: 0->0
[86.743s][info][gc,metaspace   ] GC(738) Metaspace: 74602K(75584K)->74602K(75584K) NonClass: 59333K(59584K)->59333K(59584K) Class: 15269K(16000K)->15269K(16000K)
[86.743s][info][gc             ] GC(738) Pause Young (Normal) (G1 Evacuation Pause) 127M->39M(589M) 4.732ms
[86.743s][info][gc,cpu         ] GC(738) User=0.00s Sys=0.00s Real=0.00s
[86.965s][info][gc,start       ] GC(739) Pause Young (Normal) (G1 Evacuation Pause)
[86.965s][info][gc,task        ] GC(739) Using 33 workers of 33 for evacuation
[86.969s][info][gc,phases      ] GC(739)   Pre Evacuate Collection Set: 0.2ms
[86.969s][info][gc,phases      ] GC(739)   Merge Heap Roots: 0.2ms
[86.969s][info][gc,phases      ] GC(739)   Evacuate Collection Set: 2.5ms
[86.969s][info][gc,phases      ] GC(739)   Post Evacuate Collection Set: 0.7ms
[86.969s][info][gc,phases      ] GC(739)   Other: 0.1ms
[86.969s][info][gc,heap        ] GC(739) Eden regions: 349->0(348)
[86.969s][info][gc,heap        ] GC(739) Survivor regions: 4->5(45)
[86.969s][info][gc,heap        ] GC(739) Old regions: 43->43
[86.969s][info][gc,heap        ] GC(739) Archive regions: 0->0
[86.969s][info][gc,heap        ] GC(739) Humongous regions: 0->0
[86.969s][info][gc,metaspace   ] GC(739) Metaspace: 74602K(75584K)->74602K(75584K) NonClass: 59333K(59584K)->59333K(59584K) Class: 15269K(16000K)->15269K(16000K)
[86.969s][info][gc             ] GC(739) Pause Young (Normal) (G1 Evacuation Pause) 388M->39M(589M) 3.831ms
[86.969s][info][gc,cpu         ] GC(739) User=0.52s Sys=0.00s Real=0.00s
[87.057s][info][gc,start       ] GC(740) Pause Young (Normal) (G1 Evacuation Pause)
[87.057s][info][gc,task        ] GC(740) Using 33 workers of 33 for evacuation
[87.060s][info][gc,phases      ] GC(740)   Pre Evacuate Collection Set: 0.2ms
[87.060s][info][gc,phases      ] GC(740)   Merge Heap Roots: 0.2ms
[87.060s][info][gc,phases      ] GC(740)   Evacuate Collection Set: 2.2ms
[87.060s][info][gc,phases      ] GC(740)   Post Evacuate Collection Set: 0.7ms
[87.060s][info][gc,phases      ] GC(740)   Other: 0.1ms
[87.060s][info][gc,heap        ] GC(740) Eden regions: 348->0(349)
[87.060s][info][gc,heap        ] GC(740) Survivor regions: 5->4(45)
[87.060s][info][gc,heap        ] GC(740) Old regions: 43->43
[87.060s][info][gc,heap        ] GC(740) Archive regions: 0->0
[87.060s][info][gc,heap        ] GC(740) Humongous regions: 0->0
[87.060s][info][gc,metaspace   ] GC(740) Metaspace: 74602K(75584K)->74602K(75584K) NonClass: 59333K(59584K)->59333K(59584K) Class: 15269K(16000K)->15269K(16000K)
[87.060s][info][gc             ] GC(740) Pause Young (Normal) (G1 Evacuation Pause) 387M->39M(589M) 3.679ms
[87.060s][info][gc,cpu         ] GC(740) User=0.00s Sys=0.00s Real=0.00s
[87.148s][info][gc,start       ] GC(741) Pause Young (Normal) (G1 Evacuation Pause)
[87.148s][info][gc,task        ] GC(741) Using 33 workers of 33 for evacuation
[87.151s][info][gc,phases      ] GC(741)   Pre Evacuate Collection Set: 0.2ms
[87.151s][info][gc,phases      ] GC(741)   Merge Heap Roots: 0.2ms
[87.151s][info][gc,phases      ] GC(741)   Evacuate Collection Set: 1.5ms
[87.151s][info][gc,phases      ] GC(741)   Post Evacuate Collection Set: 0.7ms
[87.151s][info][gc,phases      ] GC(741)   Other: 0.1ms
[87.151s][info][gc,heap        ] GC(741) Eden regions: 349->0(349)
[87.151s][info][gc,heap        ] GC(741) Survivor regions: 4->4(45)
[87.151s][info][gc,heap        ] GC(741) Old regions: 43->43
[87.151s][info][gc,heap        ] GC(741) Archive regions: 0->0
[87.151s][info][gc,heap        ] GC(741) Humongous regions: 0->0
[87.151s][info][gc,metaspace   ] GC(741) Metaspace: 74602K(75584K)->74602K(75584K) NonClass: 59333K(59584K)->59333K(59584K) Class: 15269K(16000K)->15269K(16000K)
[87.151s][info][gc             ] GC(741) Pause Young (Normal) (G1 Evacuation Pause) 388M->39M(589M) 2.984ms
[87.151s][info][gc,cpu         ] GC(741) User=0.00s Sys=0.00s Real=0.00s
[87.239s][info][gc,start       ] GC(742) Pause Young (Normal) (G1 Evacuation Pause)
[87.239s][info][gc,task        ] GC(742) Using 33 workers of 33 for evacuation
[87.242s][info][gc,phases      ] GC(742)   Pre Evacuate Collection Set: 0.2ms
[87.242s][info][gc,phases      ] GC(742)   Merge Heap Roots: 0.2ms
[87.242s][info][gc,phases      ] GC(742)   Evacuate Collection Set: 1.2ms
[87.242s][info][gc,phases      ] GC(742)   Post Evacuate Collection Set: 0.6ms
[87.242s][info][gc,phases      ] GC(742)   Other: 0.1ms
[87.242s][info][gc,heap        ] GC(742) Eden regions: 349->0(349)
[87.242s][info][gc,heap        ] GC(742) Survivor regions: 4->4(45)
[87.242s][info][gc,heap        ] GC(742) Old regions: 43->43
[87.242s][info][gc,heap        ] GC(742) Archive regions: 0->0
[87.242s][info][gc,heap        ] GC(742) Humongous regions: 0->0
[87.242s][info][gc,metaspace   ] GC(742) Metaspace: 74602K(75584K)->74602K(75584K) NonClass: 59333K(59584K)->59333K(59584K) Class: 15269K(16000K)->15269K(16000K)
[87.242s][info][gc             ] GC(742) Pause Young (Normal) (G1 Evacuation Pause) 388M->39M(589M) 2.597ms
[87.242s][info][gc,cpu         ] GC(742) User=0.00s Sys=0.00s Real=0.00s
[87.329s][info][gc,start       ] GC(743) Pause Young (Normal) (G1 Evacuation Pause)
[87.329s][info][gc,task        ] GC(743) Using 33 workers of 33 for evacuation
[87.332s][info][gc,phases      ] GC(743)   Pre Evacuate Collection Set: 0.2ms
[87.332s][info][gc,phases      ] GC(743)   Merge Heap Roots: 0.2ms
[87.332s][info][gc,phases      ] GC(743)   Evacuate Collection Set: 1.2ms
[87.332s][info][gc,phases      ] GC(743)   Post Evacuate Collection Set: 0.7ms
[87.332s][info][gc,phases      ] GC(743)   Other: 0.1ms
[87.332s][info][gc,heap        ] GC(743) Eden regions: 349->0(349)
[87.332s][info][gc,heap        ] GC(743) Survivor regions: 4->4(45)
[87.332s][info][gc,heap        ] GC(743) Old regions: 43->43
[87.332s][info][gc,heap        ] GC(743) Archive regions: 0->0
[87.332s][info][gc,heap        ] GC(743) Humongous regions: 0->0
[87.332s][info][gc,metaspace   ] GC(743) Metaspace: 74602K(75584K)->74602K(75584K) NonClass: 59333K(59584K)->59333K(59584K) Class: 15269K(16000K)->15269K(16000K)
[87.332s][info][gc             ] GC(743) Pause Young (Normal) (G1 Evacuation Pause) 388M->39M(589M) 2.593ms
[87.332s][info][gc,cpu         ] GC(743) User=0.00s Sys=0.00s Real=0.00s
[87.419s][info][gc,start       ] GC(744) Pause Young (Normal) (G1 Evacuation Pause)
[87.419s][info][gc,task        ] GC(744) Using 33 workers of 33 for evacuation
[87.422s][info][gc,phases      ] GC(744)   Pre Evacuate Collection Set: 0.2ms
[87.422s][info][gc,phases      ] GC(744)   Merge Heap Roots: 0.2ms
[87.422s][info][gc,phases      ] GC(744)   Evacuate Collection Set: 1.3ms
[87.422s][info][gc,phases      ] GC(744)   Post Evacuate Collection Set: 0.6ms
[87.422s][info][gc,phases      ] GC(744)   Other: 0.1ms
[87.422s][info][gc,heap        ] GC(744) Eden regions: 349->0(349)
[87.422s][info][gc,heap        ] GC(744) Survivor regions: 4->4(45)
[87.422s][info][gc,heap        ] GC(744) Old regions: 43->43
[87.422s][info][gc,heap        ] GC(744) Archive regions: 0->0
[87.422s][info][gc,heap        ] GC(744) Humongous regions: 0->0
[87.422s][info][gc,metaspace   ] GC(744) Metaspace: 74602K(75584K)->74602K(75584K) NonClass: 59333K(59584K)->59333K(59584K) Class: 15269K(16000K)->15269K(16000K)
[87.422s][info][gc             ] GC(744) Pause Young (Normal) (G1 Evacuation Pause) 388M->39M(589M) 2.702ms
[87.422s][info][gc,cpu         ] GC(744) User=0.00s Sys=0.00s Real=0.00s
[87.510s][info][gc,start       ] GC(745) Pause Young (Normal) (G1 Evacuation Pause)
[87.510s][info][gc,task        ] GC(745) Using 33 workers of 33 for evacuation
[87.512s][info][gc,phases      ] GC(745)   Pre Evacuate Collection Set: 0.2ms
[87.512s][info][gc,phases      ] GC(745)   Merge Heap Roots: 0.2ms
[87.512s][info][gc,phases      ] GC(745)   Evacuate Collection Set: 1.2ms
[87.512s][info][gc,phases      ] GC(745)   Post Evacuate Collection Set: 0.6ms
[87.512s][info][gc,phases      ] GC(745)   Other: 0.1ms
[87.512s][info][gc,heap        ] GC(745) Eden regions: 349->0(349)
[87.512s][info][gc,heap        ] GC(745) Survivor regions: 4->4(45)
[87.512s][info][gc,heap        ] GC(745) Old regions: 43->43
[87.512s][info][gc,heap        ] GC(745) Archive regions: 0->0
[87.512s][info][gc,heap        ] GC(745) Humongous regions: 0->0
[87.512s][info][gc,metaspace   ] GC(745) Metaspace: 74602K(75584K)->74602K(75584K) NonClass: 59333K(59584K)->59333K(59584K) Class: 15269K(16000K)->15269K(16000K)
[87.512s][info][gc             ] GC(745) Pause Young (Normal) (G1 Evacuation Pause) 388M->39M(589M) 2.536ms
[87.512s][info][gc,cpu         ] GC(745) User=0.00s Sys=0.00s Real=0.00s
[87.600s][info][gc,start       ] GC(746) Pause Young (Normal) (G1 Evacuation Pause)
[87.600s][info][gc,task        ] GC(746) Using 33 workers of 33 for evacuation
[87.602s][info][gc,phases      ] GC(746)   Pre Evacuate Collection Set: 0.2ms
[87.602s][info][gc,phases      ] GC(746)   Merge Heap Roots: 0.2ms
[87.602s][info][gc,phases      ] GC(746)   Evacuate Collection Set: 1.2ms
[87.602s][info][gc,phases      ] GC(746)   Post Evacuate Collection Set: 0.7ms
[87.602s][info][gc,phases      ] GC(746)   Other: 0.1ms
[87.602s][info][gc,heap        ] GC(746) Eden regions: 349->0(349)
[87.602s][info][gc,heap        ] GC(746) Survivor regions: 4->4(45)
[87.602s][info][gc,heap        ] GC(746) Old regions: 43->43
[87.602s][info][gc,heap        ] GC(746) Archive regions: 0->0
[87.602s][info][gc,heap        ] GC(746) Humongous regions: 0->0
[87.602s][info][gc,metaspace   ] GC(746) Metaspace: 74602K(75584K)->74602K(75584K) NonClass: 59333K(59584K)->59333K(59584K) Class: 15269K(16000K)->15269K(16000K)
[87.602s][info][gc             ] GC(746) Pause Young (Normal) (G1 Evacuation Pause) 388M->39M(589M) 2.611ms
[87.602s][info][gc,cpu         ] GC(746) User=0.00s Sys=0.00s Real=0.00s
[87.690s][info][gc,start       ] GC(747) Pause Young (Normal) (G1 Evacuation Pause)
[87.690s][info][gc,task        ] GC(747) Using 33 workers of 33 for evacuation
[87.692s][info][gc,phases      ] GC(747)   Pre Evacuate Collection Set: 0.2ms
[87.692s][info][gc,phases      ] GC(747)   Merge Heap Roots: 0.2ms
[87.693s][info][gc,phases      ] GC(747)   Evacuate Collection Set: 1.1ms
[87.693s][info][gc,phases      ] GC(747)   Post Evacuate Collection Set: 0.7ms
[87.693s][info][gc,phases      ] GC(747)   Other: 0.1ms
[87.693s][info][gc,heap        ] GC(747) Eden regions: 349->0(349)
[87.693s][info][gc,heap        ] GC(747) Survivor regions: 4->4(45)
[87.693s][info][gc,heap        ] GC(747) Old regions: 43->43
[87.693s][info][gc,heap        ] GC(747) Archive regions: 0->0
[87.693s][info][gc,heap        ] GC(747) Humongous regions: 0->0
[87.693s][info][gc,metaspace   ] GC(747) Metaspace: 74602K(75584K)->74602K(75584K) NonClass: 59333K(59584K)->59333K(59584K) Class: 15269K(16000K)->15269K(16000K)
[87.693s][info][gc             ] GC(747) Pause Young (Normal) (G1 Evacuation Pause) 388M->39M(589M) 2.514ms
[87.693s][info][gc,cpu         ] GC(747) User=0.00s Sys=0.00s Real=0.00s
[87.780s][info][gc,start       ] GC(748) Pause Young (Normal) (G1 Evacuation Pause)
[87.780s][info][gc,task        ] GC(748) Using 33 workers of 33 for evacuation
[87.782s][info][gc,phases      ] GC(748)   Pre Evacuate Collection Set: 0.2ms
[87.782s][info][gc,phases      ] GC(748)   Merge Heap Roots: 0.2ms
[87.782s][info][gc,phases      ] GC(748)   Evacuate Collection Set: 1.2ms
[87.782s][info][gc,phases      ] GC(748)   Post Evacuate Collection Set: 0.7ms
[87.782s][info][gc,phases      ] GC(748)   Other: 0.1ms
[87.782s][info][gc,heap        ] GC(748) Eden regions: 349->0(349)
[87.782s][info][gc,heap        ] GC(748) Survivor regions: 4->4(45)
[87.782s][info][gc,heap        ] GC(748) Old regions: 43->43
[87.782s][info][gc,heap        ] GC(748) Archive regions: 0->0
[87.782s][info][gc,heap        ] GC(748) Humongous regions: 0->0
[87.782s][info][gc,metaspace   ] GC(748) Metaspace: 74602K(75584K)->74602K(75584K) NonClass: 59333K(59584K)->59333K(59584K) Class: 15269K(16000K)->15269K(16000K)
[87.783s][info][gc             ] GC(748) Pause Young (Normal) (G1 Evacuation Pause) 388M->39M(589M) 2.592ms
[87.783s][info][gc,cpu         ] GC(748) User=0.00s Sys=0.00s Real=0.00s
[87.870s][info][gc,start       ] GC(749) Pause Young (Normal) (G1 Evacuation Pause)
[87.870s][info][gc,task        ] GC(749) Using 33 workers of 33 for evacuation
[87.873s][info][gc,phases      ] GC(749)   Pre Evacuate Collection Set: 0.2ms
[87.873s][info][gc,phases      ] GC(749)   Merge Heap Roots: 0.2ms
[87.873s][info][gc,phases      ] GC(749)   Evacuate Collection Set: 1.2ms
[87.873s][info][gc,phases      ] GC(749)   Post Evacuate Collection Set: 0.5ms
[87.873s][info][gc,phases      ] GC(749)   Other: 0.1ms
[87.873s][info][gc,heap        ] GC(749) Eden regions: 349->0(351)
[87.873s][info][gc,heap        ] GC(749) Survivor regions: 4->2(45)
[87.873s][info][gc,heap        ] GC(749) Old regions: 43->45
[87.873s][info][gc,heap        ] GC(749) Archive regions: 0->0
[87.873s][info][gc,heap        ] GC(749) Humongous regions: 0->0
[87.873s][info][gc,metaspace   ] GC(749) Metaspace: 74602K(75584K)->74602K(75584K) NonClass: 59333K(59584K)->59333K(59584K) Class: 15269K(16000K)->15269K(16000K)
[87.873s][info][gc             ] GC(749) Pause Young (Normal) (G1 Evacuation Pause) 388M->39M(589M) 2.396ms
[87.873s][info][gc,cpu         ] GC(749) User=0.52s Sys=0.00s Real=0.00s
[87.961s][info][gc,start       ] GC(750) Pause Young (Normal) (G1 Evacuation Pause)
[87.961s][info][gc,task        ] GC(750) Using 33 workers of 33 for evacuation
[87.963s][info][gc,phases      ] GC(750)   Pre Evacuate Collection Set: 0.2ms
[87.963s][info][gc,phases      ] GC(750)   Merge Heap Roots: 0.2ms
[87.963s][info][gc,phases      ] GC(750)   Evacuate Collection Set: 0.9ms
[87.963s][info][gc,phases      ] GC(750)   Post Evacuate Collection Set: 0.5ms
[87.963s][info][gc,phases      ] GC(750)   Other: 0.1ms
[87.963s][info][gc,heap        ] GC(750) Eden regions: 351->0(351)
[87.963s][info][gc,heap        ] GC(750) Survivor regions: 2->2(45)
[87.963s][info][gc,heap        ] GC(750) Old regions: 45->45
[87.963s][info][gc,heap        ] GC(750) Archive regions: 0->0
[87.963s][info][gc,heap        ] GC(750) Humongous regions: 0->0
[87.963s][info][gc,metaspace   ] GC(750) Metaspace: 74602K(75584K)->74602K(75584K) NonClass: 59333K(59584K)->59333K(59584K) Class: 15269K(16000K)->15269K(16000K)
[87.963s][info][gc             ] GC(750) Pause Young (Normal) (G1 Evacuation Pause) 390M->39M(589M) 2.131ms
[87.963s][info][gc,cpu         ] GC(750) User=0.00s Sys=0.00s Real=0.00s
[88.052s][info][gc,start       ] GC(751) Pause Young (Normal) (G1 Evacuation Pause)
[88.052s][info][gc,task        ] GC(751) Using 33 workers of 33 for evacuation
[88.054s][info][gc,phases      ] GC(751)   Pre Evacuate Collection Set: 0.2ms
[88.054s][info][gc,phases      ] GC(751)   Merge Heap Roots: 0.2ms
[88.054s][info][gc,phases      ] GC(751)   Evacuate Collection Set: 0.9ms
[88.054s][info][gc,phases      ] GC(751)   Post Evacuate Collection Set: 0.5ms
[88.054s][info][gc,phases      ] GC(751)   Other: 0.1ms
[88.054s][info][gc,heap        ] GC(751) Eden regions: 351->0(351)
[88.054s][info][gc,heap        ] GC(751) Survivor regions: 2->2(45)
[88.054s][info][gc,heap        ] GC(751) Old regions: 45->45
[88.054s][info][gc,heap        ] GC(751) Archive regions: 0->0
[88.054s][info][gc,heap        ] GC(751) Humongous regions: 0->0
[88.054s][info][gc,metaspace   ] GC(751) Metaspace: 74602K(75584K)->74602K(75584K) NonClass: 59333K(59584K)->59333K(59584K) Class: 15269K(16000K)->15269K(16000K)
[88.054s][info][gc             ] GC(751) Pause Young (Normal) (G1 Evacuation Pause) 390M->39M(589M) 2.128ms
[88.054s][info][gc,cpu         ] GC(751) User=0.00s Sys=0.00s Real=0.00s
[88.142s][info][gc,start       ] GC(752) Pause Young (Normal) (G1 Evacuation Pause)
[88.142s][info][gc,task        ] GC(752) Using 33 workers of 33 for evacuation
[88.144s][info][gc,phases      ] GC(752)   Pre Evacuate Collection Set: 0.2ms
[88.144s][info][gc,phases      ] GC(752)   Merge Heap Roots: 0.2ms
[88.144s][info][gc,phases      ] GC(752)   Evacuate Collection Set: 0.9ms
[88.144s][info][gc,phases      ] GC(752)   Post Evacuate Collection Set: 0.5ms
[88.144s][info][gc,phases      ] GC(752)   Other: 0.1ms
[88.144s][info][gc,heap        ] GC(752) Eden regions: 351->0(351)
[88.144s][info][gc,heap        ] GC(752) Survivor regions: 2->2(45)
[88.144s][info][gc,heap        ] GC(752) Old regions: 45->45
[88.144s][info][gc,heap        ] GC(752) Archive regions: 0->0
[88.144s][info][gc,heap        ] GC(752) Humongous regions: 0->0
[88.144s][info][gc,metaspace   ] GC(752) Metaspace: 74602K(75584K)->74602K(75584K) NonClass: 59333K(59584K)->59333K(59584K) Class: 15269K(16000K)->15269K(16000K)
[88.144s][info][gc             ] GC(752) Pause Young (Normal) (G1 Evacuation Pause) 390M->39M(589M) 2.089ms
[88.144s][info][gc,cpu         ] GC(752) User=0.00s Sys=0.00s Real=0.00s
[88.233s][info][gc,start       ] GC(753) Pause Young (Normal) (G1 Evacuation Pause)
[88.233s][info][gc,task        ] GC(753) Using 33 workers of 33 for evacuation
[88.235s][info][gc,phases      ] GC(753)   Pre Evacuate Collection Set: 0.2ms
[88.235s][info][gc,phases      ] GC(753)   Merge Heap Roots: 0.2ms
[88.235s][info][gc,phases      ] GC(753)   Evacuate Collection Set: 0.9ms
[88.235s][info][gc,phases      ] GC(753)   Post Evacuate Collection Set: 0.5ms
[88.235s][info][gc,phases      ] GC(753)   Other: 0.1ms
[88.235s][info][gc,heap        ] GC(753) Eden regions: 351->0(351)
[88.235s][info][gc,heap        ] GC(753) Survivor regions: 2->2(45)
[88.235s][info][gc,heap        ] GC(753) Old regions: 45->45
[88.235s][info][gc,heap        ] GC(753) Archive regions: 0->0
[88.235s][info][gc,heap        ] GC(753) Humongous regions: 0->0
[88.235s][info][gc,metaspace   ] GC(753) Metaspace: 74602K(75584K)->74602K(75584K) NonClass: 59333K(59584K)->59333K(59584K) Class: 15269K(16000K)->15269K(16000K)
[88.235s][info][gc             ] GC(753) Pause Young (Normal) (G1 Evacuation Pause) 390M->39M(589M) 2.112ms
[88.235s][info][gc,cpu         ] GC(753) User=0.00s Sys=0.00s Real=0.00s
[88.323s][info][gc,start       ] GC(754) Pause Young (Normal) (G1 Evacuation Pause)
[88.324s][info][gc,task        ] GC(754) Using 33 workers of 33 for evacuation
[88.325s][info][gc,phases      ] GC(754)   Pre Evacuate Collection Set: 0.2ms
[88.325s][info][gc,phases      ] GC(754)   Merge Heap Roots: 0.2ms
[88.325s][info][gc,phases      ] GC(754)   Evacuate Collection Set: 0.8ms
[88.325s][info][gc,phases      ] GC(754)   Post Evacuate Collection Set: 0.5ms
[88.325s][info][gc,phases      ] GC(754)   Other: 0.1ms
[88.325s][info][gc,heap        ] GC(754) Eden regions: 351->0(351)
[88.325s][info][gc,heap        ] GC(754) Survivor regions: 2->2(45)
[88.325s][info][gc,heap        ] GC(754) Old regions: 45->45
[88.325s][info][gc,heap        ] GC(754) Archive regions: 0->0
[88.325s][info][gc,heap        ] GC(754) Humongous regions: 0->0
[88.325s][info][gc,metaspace   ] GC(754) Metaspace: 74602K(75584K)->74602K(75584K) NonClass: 59333K(59584K)->59333K(59584K) Class: 15269K(16000K)->15269K(16000K)
[88.326s][info][gc             ] GC(754) Pause Young (Normal) (G1 Evacuation Pause) 390M->39M(589M) 2.056ms
[88.326s][info][gc,cpu         ] GC(754) User=0.00s Sys=0.00s Real=0.00s
[88.414s][info][gc,start       ] GC(755) Pause Young (Normal) (G1 Evacuation Pause)
[88.414s][info][gc,task        ] GC(755) Using 33 workers of 33 for evacuation
[88.416s][info][gc,phases      ] GC(755)   Pre Evacuate Collection Set: 0.2ms
[88.416s][info][gc,phases      ] GC(755)   Merge Heap Roots: 0.2ms
[88.416s][info][gc,phases      ] GC(755)   Evacuate Collection Set: 0.8ms
[88.416s][info][gc,phases      ] GC(755)   Post Evacuate Collection Set: 0.5ms
[88.416s][info][gc,phases      ] GC(755)   Other: 0.1ms
[88.416s][info][gc,heap        ] GC(755) Eden regions: 351->0(351)
[88.416s][info][gc,heap        ] GC(755) Survivor regions: 2->2(45)
[88.416s][info][gc,heap        ] GC(755) Old regions: 45->45
[88.416s][info][gc,heap        ] GC(755) Archive regions: 0->0
[88.416s][info][gc,heap        ] GC(755) Humongous regions: 0->0
[88.416s][info][gc,metaspace   ] GC(755) Metaspace: 74602K(75584K)->74602K(75584K) NonClass: 59333K(59584K)->59333K(59584K) Class: 15269K(16000K)->15269K(16000K)
[88.416s][info][gc             ] GC(755) Pause Young (Normal) (G1 Evacuation Pause) 390M->39M(589M) 2.094ms
[88.416s][info][gc,cpu         ] GC(755) User=0.00s Sys=0.00s Real=0.00s
[88.504s][info][gc,start       ] GC(756) Pause Young (Normal) (G1 Evacuation Pause)
[88.504s][info][gc,task        ] GC(756) Using 33 workers of 33 for evacuation
[88.506s][info][gc,phases      ] GC(756)   Pre Evacuate Collection Set: 0.2ms
[88.506s][info][gc,phases      ] GC(756)   Merge Heap Roots: 0.2ms
[88.506s][info][gc,phases      ] GC(756)   Evacuate Collection Set: 0.8ms
[88.506s][info][gc,phases      ] GC(756)   Post Evacuate Collection Set: 0.5ms
[88.506s][info][gc,phases      ] GC(756)   Other: 0.1ms
[88.506s][info][gc,heap        ] GC(756) Eden regions: 351->0(351)
[88.506s][info][gc,heap        ] GC(756) Survivor regions: 2->2(45)
[88.506s][info][gc,heap        ] GC(756) Old regions: 45->45
[88.506s][info][gc,heap        ] GC(756) Archive regions: 0->0
[88.506s][info][gc,heap        ] GC(756) Humongous regions: 0->0
[88.506s][info][gc,metaspace   ] GC(756) Metaspace: 74602K(75584K)->74602K(75584K) NonClass: 59333K(59584K)->59333K(59584K) Class: 15269K(16000K)->15269K(16000K)
[88.506s][info][gc             ] GC(756) Pause Young (Normal) (G1 Evacuation Pause) 390M->39M(589M) 2.052ms
[88.506s][info][gc,cpu         ] GC(756) User=0.00s Sys=0.00s Real=0.00s
[88.595s][info][gc,start       ] GC(757) Pause Young (Normal) (G1 Evacuation Pause)
[88.595s][info][gc,task        ] GC(757) Using 33 workers of 33 for evacuation
[88.597s][info][gc,phases      ] GC(757)   Pre Evacuate Collection Set: 0.2ms
[88.597s][info][gc,phases      ] GC(757)   Merge Heap Roots: 0.2ms
[88.597s][info][gc,phases      ] GC(757)   Evacuate Collection Set: 0.8ms
[88.597s][info][gc,phases      ] GC(757)   Post Evacuate Collection Set: 0.5ms
[88.597s][info][gc,phases      ] GC(757)   Other: 0.1ms
[88.597s][info][gc,heap        ] GC(757) Eden regions: 351->0(351)
[88.597s][info][gc,heap        ] GC(757) Survivor regions: 2->2(45)
[88.597s][info][gc,heap        ] GC(757) Old regions: 45->45
[88.597s][info][gc,heap        ] GC(757) Archive regions: 0->0
[88.597s][info][gc,heap        ] GC(757) Humongous regions: 0->0
[88.597s][info][gc,metaspace   ] GC(757) Metaspace: 74602K(75584K)->74602K(75584K) NonClass: 59333K(59584K)->59333K(59584K) Class: 15269K(16000K)->15269K(16000K)
[88.597s][info][gc             ] GC(757) Pause Young (Normal) (G1 Evacuation Pause) 390M->39M(589M) 2.081ms
[88.597s][info][gc,cpu         ] GC(757) User=0.00s Sys=0.00s Real=0.00s
[88.685s][info][gc,start       ] GC(758) Pause Young (Normal) (G1 Evacuation Pause)
[88.685s][info][gc,task        ] GC(758) Using 33 workers of 33 for evacuation
[88.687s][info][gc,phases      ] GC(758)   Pre Evacuate Collection Set: 0.2ms
[88.687s][info][gc,phases      ] GC(758)   Merge Heap Roots: 0.2ms
[88.687s][info][gc,phases      ] GC(758)   Evacuate Collection Set: 0.8ms
[88.687s][info][gc,phases      ] GC(758)   Post Evacuate Collection Set: 0.5ms
[88.687s][info][gc,phases      ] GC(758)   Other: 0.1ms
[88.687s][info][gc,heap        ] GC(758) Eden regions: 351->0(351)
[88.687s][info][gc,heap        ] GC(758) Survivor regions: 2->2(45)
[88.687s][info][gc,heap        ] GC(758) Old regions: 45->45
[88.687s][info][gc,heap        ] GC(758) Archive regions: 0->0
[88.687s][info][gc,heap        ] GC(758) Humongous regions: 0->0
[88.687s][info][gc,metaspace   ] GC(758) Metaspace: 74602K(75584K)->74602K(75584K) NonClass: 59333K(59584K)->59333K(59584K) Class: 15269K(16000K)->15269K(16000K)
[88.687s][info][gc             ] GC(758) Pause Young (Normal) (G1 Evacuation Pause) 390M->39M(589M) 2.067ms
[88.687s][info][gc,cpu         ] GC(758) User=0.00s Sys=0.00s Real=0.00s
[88.776s][info][gc,start       ] GC(759) Pause Young (Normal) (G1 Evacuation Pause)
[88.776s][info][gc,task        ] GC(759) Using 33 workers of 33 for evacuation
[88.778s][info][gc,phases      ] GC(759)   Pre Evacuate Collection Set: 0.2ms
[88.778s][info][gc,phases      ] GC(759)   Merge Heap Roots: 0.2ms
[88.778s][info][gc,phases      ] GC(759)   Evacuate Collection Set: 0.9ms
[88.778s][info][gc,phases      ] GC(759)   Post Evacuate Collection Set: 0.5ms
[88.778s][info][gc,phases      ] GC(759)   Other: 0.1ms
[88.778s][info][gc,heap        ] GC(759) Eden regions: 351->0(351)
[88.778s][info][gc,heap        ] GC(759) Survivor regions: 2->2(45)
[88.778s][info][gc,heap        ] GC(759) Old regions: 45->45
[88.778s][info][gc,heap        ] GC(759) Archive regions: 0->0
[88.778s][info][gc,heap        ] GC(759) Humongous regions: 0->0
[88.778s][info][gc,metaspace   ] GC(759) Metaspace: 74602K(75584K)->74602K(75584K) NonClass: 59333K(59584K)->59333K(59584K) Class: 15269K(16000K)->15269K(16000K)
[88.778s][info][gc             ] GC(759) Pause Young (Normal) (G1 Evacuation Pause) 390M->39M(589M) 2.095ms
[88.778s][info][gc,cpu         ] GC(759) User=0.00s Sys=0.00s Real=0.00s
[88.866s][info][gc,start       ] GC(760) Pause Young (Normal) (G1 Evacuation Pause)
[88.866s][info][gc,task        ] GC(760) Using 33 workers of 33 for evacuation
[88.868s][info][gc,phases      ] GC(760)   Pre Evacuate Collection Set: 0.2ms
[88.868s][info][gc,phases      ] GC(760)   Merge Heap Roots: 0.2ms
[88.868s][info][gc,phases      ] GC(760)   Evacuate Collection Set: 0.9ms
[88.868s][info][gc,phases      ] GC(760)   Post Evacuate Collection Set: 0.5ms
[88.868s][info][gc,phases      ] GC(760)   Other: 0.1ms
[88.868s][info][gc,heap        ] GC(760) Eden regions: 351->0(351)
[88.868s][info][gc,heap        ] GC(760) Survivor regions: 2->2(45)
[88.868s][info][gc,heap        ] GC(760) Old regions: 45->45
[88.868s][info][gc,heap        ] GC(760) Archive regions: 0->0
[88.868s][info][gc,heap        ] GC(760) Humongous regions: 0->0
[88.868s][info][gc,metaspace   ] GC(760) Metaspace: 74602K(75584K)->74602K(75584K) NonClass: 59333K(59584K)->59333K(59584K) Class: 15269K(16000K)->15269K(16000K)
[88.868s][info][gc             ] GC(760) Pause Young (Normal) (G1 Evacuation Pause) 390M->39M(589M) 2.132ms
[88.868s][info][gc,cpu         ] GC(760) User=0.00s Sys=0.00s Real=0.00s
[88.956s][info][gc,start       ] GC(761) Pause Young (Normal) (G1 Evacuation Pause)
[88.956s][info][gc,task        ] GC(761) Using 33 workers of 33 for evacuation
[88.958s][info][gc,phases      ] GC(761)   Pre Evacuate Collection Set: 0.2ms
[88.958s][info][gc,phases      ] GC(761)   Merge Heap Roots: 0.2ms
[88.958s][info][gc,phases      ] GC(761)   Evacuate Collection Set: 0.8ms
[88.958s][info][gc,phases      ] GC(761)   Post Evacuate Collection Set: 0.5ms
[88.958s][info][gc,phases      ] GC(761)   Other: 0.1ms
[88.958s][info][gc,heap        ] GC(761) Eden regions: 351->0(351)
[88.958s][info][gc,heap        ] GC(761) Survivor regions: 2->2(45)
[88.958s][info][gc,heap        ] GC(761) Old regions: 45->45
[88.958s][info][gc,heap        ] GC(761) Archive regions: 0->0
[88.958s][info][gc,heap        ] GC(761) Humongous regions: 0->0
[88.958s][info][gc,metaspace   ] GC(761) Metaspace: 74602K(75584K)->74602K(75584K) NonClass: 59333K(59584K)->59333K(59584K) Class: 15269K(16000K)->15269K(16000K)
[88.958s][info][gc             ] GC(761) Pause Young (Normal) (G1 Evacuation Pause) 390M->39M(589M) 2.091ms
[88.958s][info][gc,cpu         ] GC(761) User=0.00s Sys=0.00s Real=0.00s
[89.047s][info][gc,start       ] GC(762) Pause Young (Normal) (G1 Evacuation Pause)
[89.047s][info][gc,task        ] GC(762) Using 33 workers of 33 for evacuation
[89.049s][info][gc,phases      ] GC(762)   Pre Evacuate Collection Set: 0.2ms
[89.049s][info][gc,phases      ] GC(762)   Merge Heap Roots: 0.2ms
[89.049s][info][gc,phases      ] GC(762)   Evacuate Collection Set: 0.8ms
[89.049s][info][gc,phases      ] GC(762)   Post Evacuate Collection Set: 0.5ms
[89.049s][info][gc,phases      ] GC(762)   Other: 0.1ms
[89.049s][info][gc,heap        ] GC(762) Eden regions: 351->0(351)
[89.049s][info][gc,heap        ] GC(762) Survivor regions: 2->2(45)
[89.049s][info][gc,heap        ] GC(762) Old regions: 45->45
[89.049s][info][gc,heap        ] GC(762) Archive regions: 0->0
[89.049s][info][gc,heap        ] GC(762) Humongous regions: 0->0
[89.049s][info][gc,metaspace   ] GC(762) Metaspace: 74602K(75584K)->74602K(75584K) NonClass: 59333K(59584K)->59333K(59584K) Class: 15269K(16000K)->15269K(16000K)
[89.049s][info][gc             ] GC(762) Pause Young (Normal) (G1 Evacuation Pause) 390M->39M(589M) 2.185ms
[89.049s][info][gc,cpu         ] GC(762) User=0.00s Sys=0.00s Real=0.00s
[89.138s][info][gc,start       ] GC(763) Pause Young (Normal) (G1 Evacuation Pause)
[89.138s][info][gc,task        ] GC(763) Using 33 workers of 33 for evacuation
[89.140s][info][gc,phases      ] GC(763)   Pre Evacuate Collection Set: 0.2ms
[89.140s][info][gc,phases      ] GC(763)   Merge Heap Roots: 0.2ms
[89.140s][info][gc,phases      ] GC(763)   Evacuate Collection Set: 0.9ms
[89.140s][info][gc,phases      ] GC(763)   Post Evacuate Collection Set: 0.5ms
[89.140s][info][gc,phases      ] GC(763)   Other: 0.1ms
[89.140s][info][gc,heap        ] GC(763) Eden regions: 351->0(351)
[89.140s][info][gc,heap        ] GC(763) Survivor regions: 2->2(45)
[89.140s][info][gc,heap        ] GC(763) Old regions: 45->45
[89.140s][info][gc,heap        ] GC(763) Archive regions: 0->0
[89.140s][info][gc,heap        ] GC(763) Humongous regions: 0->0
[89.140s][info][gc,metaspace   ] GC(763) Metaspace: 74602K(75584K)->74602K(75584K) NonClass: 59333K(59584K)->59333K(59584K) Class: 15269K(16000K)->15269K(16000K)
[89.140s][info][gc             ] GC(763) Pause Young (Normal) (G1 Evacuation Pause) 390M->39M(589M) 2.137ms
[89.140s][info][gc,cpu         ] GC(763) User=0.00s Sys=0.00s Real=0.00s
[89.229s][info][gc,start       ] GC(764) Pause Young (Normal) (G1 Evacuation Pause)
[89.229s][info][gc,task        ] GC(764) Using 33 workers of 33 for evacuation
[89.231s][info][gc,phases      ] GC(764)   Pre Evacuate Collection Set: 0.2ms
[89.231s][info][gc,phases      ] GC(764)   Merge Heap Roots: 0.2ms
[89.231s][info][gc,phases      ] GC(764)   Evacuate Collection Set: 0.9ms
[89.231s][info][gc,phases      ] GC(764)   Post Evacuate Collection Set: 0.5ms
[89.231s][info][gc,phases      ] GC(764)   Other: 0.1ms
[89.231s][info][gc,heap        ] GC(764) Eden regions: 351->0(351)
[89.231s][info][gc,heap        ] GC(764) Survivor regions: 2->2(45)
[89.231s][info][gc,heap        ] GC(764) Old regions: 45->45
[89.231s][info][gc,heap        ] GC(764) Archive regions: 0->0
[89.231s][info][gc,heap        ] GC(764) Humongous regions: 0->0
[89.231s][info][gc,metaspace   ] GC(764) Metaspace: 74602K(75584K)->74602K(75584K) NonClass: 59333K(59584K)->59333K(59584K) Class: 15269K(16000K)->15269K(16000K)
[89.231s][info][gc             ] GC(764) Pause Young (Normal) (G1 Evacuation Pause) 390M->39M(589M) 2.113ms
[89.231s][info][gc,cpu         ] GC(764) User=0.00s Sys=0.00s Real=0.00s
[89.320s][info][gc,start       ] GC(765) Pause Young (Normal) (G1 Evacuation Pause)
[89.320s][info][gc,task        ] GC(765) Using 33 workers of 33 for evacuation
[89.322s][info][gc,phases      ] GC(765)   Pre Evacuate Collection Set: 0.2ms
[89.322s][info][gc,phases      ] GC(765)   Merge Heap Roots: 0.2ms
[89.322s][info][gc,phases      ] GC(765)   Evacuate Collection Set: 0.9ms
[89.322s][info][gc,phases      ] GC(765)   Post Evacuate Collection Set: 0.5ms
[89.322s][info][gc,phases      ] GC(765)   Other: 0.1ms
[89.322s][info][gc,heap        ] GC(765) Eden regions: 351->0(351)
[89.322s][info][gc,heap        ] GC(765) Survivor regions: 2->2(45)
[89.322s][info][gc,heap        ] GC(765) Old regions: 45->45
[89.322s][info][gc,heap        ] GC(765) Archive regions: 0->0
[89.322s][info][gc,heap        ] GC(765) Humongous regions: 0->0
[89.322s][info][gc,metaspace   ] GC(765) Metaspace: 74602K(75584K)->74602K(75584K) NonClass: 59333K(59584K)->59333K(59584K) Class: 15269K(16000K)->15269K(16000K)
[89.322s][info][gc             ] GC(765) Pause Young (Normal) (G1 Evacuation Pause) 390M->39M(589M) 2.084ms
[89.322s][info][gc,cpu         ] GC(765) User=0.00s Sys=0.00s Real=0.00s
[89.410s][info][gc,start       ] GC(766) Pause Young (Normal) (G1 Evacuation Pause)
[89.411s][info][gc,task        ] GC(766) Using 33 workers of 33 for evacuation
[89.412s][info][gc,phases      ] GC(766)   Pre Evacuate Collection Set: 0.2ms
[89.412s][info][gc,phases      ] GC(766)   Merge Heap Roots: 0.2ms
[89.412s][info][gc,phases      ] GC(766)   Evacuate Collection Set: 0.9ms
[89.412s][info][gc,phases      ] GC(766)   Post Evacuate Collection Set: 0.5ms
[89.412s][info][gc,phases      ] GC(766)   Other: 0.1ms
[89.412s][info][gc,heap        ] GC(766) Eden regions: 351->0(351)
[89.412s][info][gc,heap        ] GC(766) Survivor regions: 2->2(45)
[89.412s][info][gc,heap        ] GC(766) Old regions: 45->45
[89.412s][info][gc,heap        ] GC(766) Archive regions: 0->0
[89.412s][info][gc,heap        ] GC(766) Humongous regions: 0->0
[89.413s][info][gc,metaspace   ] GC(766) Metaspace: 74602K(75584K)->74602K(75584K) NonClass: 59333K(59584K)->59333K(59584K) Class: 15269K(16000K)->15269K(16000K)
[89.413s][info][gc             ] GC(766) Pause Young (Normal) (G1 Evacuation Pause) 390M->39M(589M) 2.084ms
[89.413s][info][gc,cpu         ] GC(766) User=0.00s Sys=0.00s Real=0.00s
[89.501s][info][gc,start       ] GC(767) Pause Young (Normal) (G1 Evacuation Pause)
[89.501s][info][gc,task        ] GC(767) Using 33 workers of 33 for evacuation
[89.503s][info][gc,phases      ] GC(767)   Pre Evacuate Collection Set: 0.2ms
[89.503s][info][gc,phases      ] GC(767)   Merge Heap Roots: 0.2ms
[89.503s][info][gc,phases      ] GC(767)   Evacuate Collection Set: 0.8ms
[89.503s][info][gc,phases      ] GC(767)   Post Evacuate Collection Set: 0.5ms
[89.503s][info][gc,phases      ] GC(767)   Other: 0.1ms
[89.503s][info][gc,heap        ] GC(767) Eden regions: 351->0(351)
[89.503s][info][gc,heap        ] GC(767) Survivor regions: 2->2(45)
[89.503s][info][gc,heap        ] GC(767) Old regions: 45->45
[89.503s][info][gc,heap        ] GC(767) Archive regions: 0->0
[89.503s][info][gc,heap        ] GC(767) Humongous regions: 0->0
[89.503s][info][gc,metaspace   ] GC(767) Metaspace: 74602K(75584K)->74602K(75584K) NonClass: 59333K(59584K)->59333K(59584K) Class: 15269K(16000K)->15269K(16000K)
[89.503s][info][gc             ] GC(767) Pause Young (Normal) (G1 Evacuation Pause) 390M->39M(589M) 2.061ms
[89.503s][info][gc,cpu         ] GC(767) User=0.00s Sys=0.00s Real=0.00s
[89.591s][info][gc,start       ] GC(768) Pause Young (Normal) (G1 Evacuation Pause)
[89.591s][info][gc,task        ] GC(768) Using 33 workers of 33 for evacuation
[89.593s][info][gc,phases      ] GC(768)   Pre Evacuate Collection Set: 0.2ms
[89.593s][info][gc,phases      ] GC(768)   Merge Heap Roots: 0.2ms
[89.593s][info][gc,phases      ] GC(768)   Evacuate Collection Set: 0.9ms
[89.593s][info][gc,phases      ] GC(768)   Post Evacuate Collection Set: 0.5ms
[89.593s][info][gc,phases      ] GC(768)   Other: 0.1ms
[89.593s][info][gc,heap        ] GC(768) Eden regions: 351->0(351)
[89.593s][info][gc,heap        ] GC(768) Survivor regions: 2->2(45)
[89.593s][info][gc,heap        ] GC(768) Old regions: 45->45
[89.593s][info][gc,heap        ] GC(768) Archive regions: 0->0
[89.593s][info][gc,heap        ] GC(768) Humongous regions: 0->0
[89.593s][info][gc,metaspace   ] GC(768) Metaspace: 74602K(75584K)->74602K(75584K) NonClass: 59333K(59584K)->59333K(59584K) Class: 15269K(16000K)->15269K(16000K)
[89.593s][info][gc             ] GC(768) Pause Young (Normal) (G1 Evacuation Pause) 390M->39M(589M) 2.156ms
[89.594s][info][gc,cpu         ] GC(768) User=0.00s Sys=0.00s Real=0.00s
[89.682s][info][gc,start       ] GC(769) Pause Young (Normal) (G1 Evacuation Pause)
[89.682s][info][gc,task        ] GC(769) Using 33 workers of 33 for evacuation
[89.684s][info][gc,phases      ] GC(769)   Pre Evacuate Collection Set: 0.2ms
[89.684s][info][gc,phases      ] GC(769)   Merge Heap Roots: 0.2ms
[89.684s][info][gc,phases      ] GC(769)   Evacuate Collection Set: 0.9ms
[89.684s][info][gc,phases      ] GC(769)   Post Evacuate Collection Set: 0.5ms
[89.684s][info][gc,phases      ] GC(769)   Other: 0.1ms
[89.684s][info][gc,heap        ] GC(769) Eden regions: 351->0(351)
[89.684s][info][gc,heap        ] GC(769) Survivor regions: 2->2(45)
[89.684s][info][gc,heap        ] GC(769) Old regions: 45->45
[89.684s][info][gc,heap        ] GC(769) Archive regions: 0->0
[89.684s][info][gc,heap        ] GC(769) Humongous regions: 0->0
[89.684s][info][gc,metaspace   ] GC(769) Metaspace: 74602K(75584K)->74602K(75584K) NonClass: 59333K(59584K)->59333K(59584K) Class: 15269K(16000K)->15269K(16000K)
[89.684s][info][gc             ] GC(769) Pause Young (Normal) (G1 Evacuation Pause) 390M->39M(589M) 2.131ms
[89.684s][info][gc,cpu         ] GC(769) User=0.00s Sys=0.00s Real=0.00s
[89.772s][info][gc,start       ] GC(770) Pause Young (Normal) (G1 Evacuation Pause)
[89.772s][info][gc,task        ] GC(770) Using 33 workers of 33 for evacuation
[89.774s][info][gc,phases      ] GC(770)   Pre Evacuate Collection Set: 0.2ms
[89.774s][info][gc,phases      ] GC(770)   Merge Heap Roots: 0.2ms
[89.774s][info][gc,phases      ] GC(770)   Evacuate Collection Set: 0.9ms
[89.774s][info][gc,phases      ] GC(770)   Post Evacuate Collection Set: 0.5ms
[89.774s][info][gc,phases      ] GC(770)   Other: 0.1ms
[89.774s][info][gc,heap        ] GC(770) Eden regions: 351->0(351)
[89.774s][info][gc,heap        ] GC(770) Survivor regions: 2->2(45)
[89.774s][info][gc,heap        ] GC(770) Old regions: 45->45
[89.774s][info][gc,heap        ] GC(770) Archive regions: 0->0
[89.774s][info][gc,heap        ] GC(770) Humongous regions: 0->0
[89.774s][info][gc,metaspace   ] GC(770) Metaspace: 74602K(75584K)->74602K(75584K) NonClass: 59333K(59584K)->59333K(59584K) Class: 15269K(16000K)->15269K(16000K)
[89.774s][info][gc             ] GC(770) Pause Young (Normal) (G1 Evacuation Pause) 390M->39M(589M) 2.112ms
[89.774s][info][gc,cpu         ] GC(770) User=0.00s Sys=0.00s Real=0.00s
[89.863s][info][gc,start       ] GC(771) Pause Young (Normal) (G1 Evacuation Pause)
[89.863s][info][gc,task        ] GC(771) Using 33 workers of 33 for evacuation
[89.865s][info][gc,phases      ] GC(771)   Pre Evacuate Collection Set: 0.2ms
[89.865s][info][gc,phases      ] GC(771)   Merge Heap Roots: 0.2ms
[89.865s][info][gc,phases      ] GC(771)   Evacuate Collection Set: 0.8ms
[89.865s][info][gc,phases      ] GC(771)   Post Evacuate Collection Set: 0.5ms
[89.865s][info][gc,phases      ] GC(771)   Other: 0.1ms
[89.865s][info][gc,heap        ] GC(771) Eden regions: 351->0(351)
[89.865s][info][gc,heap        ] GC(771) Survivor regions: 2->2(45)
[89.865s][info][gc,heap        ] GC(771) Old regions: 45->45
[89.865s][info][gc,heap        ] GC(771) Archive regions: 0->0
[89.865s][info][gc,heap        ] GC(771) Humongous regions: 0->0
[89.865s][info][gc,metaspace   ] GC(771) Metaspace: 74602K(75584K)->74602K(75584K) NonClass: 59333K(59584K)->59333K(59584K) Class: 15269K(16000K)->15269K(16000K)
[89.865s][info][gc             ] GC(771) Pause Young (Normal) (G1 Evacuation Pause) 390M->39M(589M) 2.124ms
[89.865s][info][gc,cpu         ] GC(771) User=0.00s Sys=0.00s Real=0.00s
[89.953s][info][gc,start       ] GC(772) Pause Young (Normal) (G1 Evacuation Pause)
[89.953s][info][gc,task        ] GC(772) Using 33 workers of 33 for evacuation
[89.955s][info][gc,phases      ] GC(772)   Pre Evacuate Collection Set: 0.2ms
[89.955s][info][gc,phases      ] GC(772)   Merge Heap Roots: 0.2ms
[89.955s][info][gc,phases      ] GC(772)   Evacuate Collection Set: 0.9ms
[89.955s][info][gc,phases      ] GC(772)   Post Evacuate Collection Set: 0.5ms
[89.955s][info][gc,phases      ] GC(772)   Other: 0.1ms
[89.955s][info][gc,heap        ] GC(772) Eden regions: 351->0(351)
[89.955s][info][gc,heap        ] GC(772) Survivor regions: 2->2(45)
[89.955s][info][gc,heap        ] GC(772) Old regions: 45->45
[89.955s][info][gc,heap        ] GC(772) Archive regions: 0->0
[89.955s][info][gc,heap        ] GC(772) Humongous regions: 0->0
[89.955s][info][gc,metaspace   ] GC(772) Metaspace: 74602K(75584K)->74602K(75584K) NonClass: 59333K(59584K)->59333K(59584K) Class: 15269K(16000K)->15269K(16000K)
[89.955s][info][gc             ] GC(772) Pause Young (Normal) (G1 Evacuation Pause) 390M->39M(589M) 2.062ms
[89.955s][info][gc,cpu         ] GC(772) User=0.00s Sys=0.00s Real=0.00s
[90.044s][info][gc,start       ] GC(773) Pause Young (Normal) (G1 Evacuation Pause)
[90.044s][info][gc,task        ] GC(773) Using 33 workers of 33 for evacuation
[90.046s][info][gc,phases      ] GC(773)   Pre Evacuate Collection Set: 0.2ms
[90.046s][info][gc,phases      ] GC(773)   Merge Heap Roots: 0.2ms
[90.046s][info][gc,phases      ] GC(773)   Evacuate Collection Set: 0.9ms
[90.046s][info][gc,phases      ] GC(773)   Post Evacuate Collection Set: 0.5ms
[90.046s][info][gc,phases      ] GC(773)   Other: 0.1ms
[90.046s][info][gc,heap        ] GC(773) Eden regions: 351->0(351)
[90.046s][info][gc,heap        ] GC(773) Survivor regions: 2->2(45)
[90.046s][info][gc,heap        ] GC(773) Old regions: 45->45
[90.046s][info][gc,heap        ] GC(773) Archive regions: 0->0
[90.046s][info][gc,heap        ] GC(773) Humongous regions: 0->0
[90.046s][info][gc,metaspace   ] GC(773) Metaspace: 74602K(75584K)->74602K(75584K) NonClass: 59333K(59584K)->59333K(59584K) Class: 15269K(16000K)->15269K(16000K)
[90.046s][info][gc             ] GC(773) Pause Young (Normal) (G1 Evacuation Pause) 390M->39M(589M) 2.105ms
[90.046s][info][gc,cpu         ] GC(773) User=0.00s Sys=0.00s Real=0.00s
[90.134s][info][gc,start       ] GC(774) Pause Young (Normal) (G1 Evacuation Pause)
[90.134s][info][gc,task        ] GC(774) Using 33 workers of 33 for evacuation
[90.136s][info][gc,phases      ] GC(774)   Pre Evacuate Collection Set: 0.2ms
[90.136s][info][gc,phases      ] GC(774)   Merge Heap Roots: 0.2ms
[90.136s][info][gc,phases      ] GC(774)   Evacuate Collection Set: 0.8ms
[90.136s][info][gc,phases      ] GC(774)   Post Evacuate Collection Set: 0.5ms
[90.136s][info][gc,phases      ] GC(774)   Other: 0.1ms
[90.136s][info][gc,heap        ] GC(774) Eden regions: 351->0(351)
[90.136s][info][gc,heap        ] GC(774) Survivor regions: 2->2(45)
[90.136s][info][gc,heap        ] GC(774) Old regions: 45->45
[90.136s][info][gc,heap        ] GC(774) Archive regions: 0->0
[90.136s][info][gc,heap        ] GC(774) Humongous regions: 0->0
[90.136s][info][gc,metaspace   ] GC(774) Metaspace: 74602K(75584K)->74602K(75584K) NonClass: 59333K(59584K)->59333K(59584K) Class: 15269K(16000K)->15269K(16000K)
[90.136s][info][gc             ] GC(774) Pause Young (Normal) (G1 Evacuation Pause) 390M->39M(589M) 2.079ms
[90.136s][info][gc,cpu         ] GC(774) User=0.00s Sys=0.00s Real=0.00s
[90.225s][info][gc,start       ] GC(775) Pause Young (Normal) (G1 Evacuation Pause)
[90.225s][info][gc,task        ] GC(775) Using 33 workers of 33 for evacuation
[90.226s][info][gc,phases      ] GC(775)   Pre Evacuate Collection Set: 0.2ms
[90.226s][info][gc,phases      ] GC(775)   Merge Heap Roots: 0.2ms
[90.226s][info][gc,phases      ] GC(775)   Evacuate Collection Set: 0.9ms
[90.227s][info][gc,phases      ] GC(775)   Post Evacuate Collection Set: 0.5ms
[90.227s][info][gc,phases      ] GC(775)   Other: 0.1ms
[90.227s][info][gc,heap        ] GC(775) Eden regions: 351->0(351)
[90.227s][info][gc,heap        ] GC(775) Survivor regions: 2->2(45)
[90.227s][info][gc,heap        ] GC(775) Old regions: 45->45
[90.227s][info][gc,heap        ] GC(775) Archive regions: 0->0
[90.227s][info][gc,heap        ] GC(775) Humongous regions: 0->0
[90.227s][info][gc,metaspace   ] GC(775) Metaspace: 74602K(75584K)->74602K(75584K) NonClass: 59333K(59584K)->59333K(59584K) Class: 15269K(16000K)->15269K(16000K)
[90.227s][info][gc             ] GC(775) Pause Young (Normal) (G1 Evacuation Pause) 390M->39M(589M) 2.083ms
[90.227s][info][gc,cpu         ] GC(775) User=0.00s Sys=0.00s Real=0.00s
[90.315s][info][gc,start       ] GC(776) Pause Young (Normal) (G1 Evacuation Pause)
[90.315s][info][gc,task        ] GC(776) Using 33 workers of 33 for evacuation
[90.317s][info][gc,phases      ] GC(776)   Pre Evacuate Collection Set: 0.2ms
[90.317s][info][gc,phases      ] GC(776)   Merge Heap Roots: 0.2ms
[90.317s][info][gc,phases      ] GC(776)   Evacuate Collection Set: 0.8ms
[90.317s][info][gc,phases      ] GC(776)   Post Evacuate Collection Set: 0.5ms
[90.317s][info][gc,phases      ] GC(776)   Other: 0.1ms
[90.317s][info][gc,heap        ] GC(776) Eden regions: 351->0(351)
[90.317s][info][gc,heap        ] GC(776) Survivor regions: 2->2(45)
[90.317s][info][gc,heap        ] GC(776) Old regions: 45->45
[90.317s][info][gc,heap        ] GC(776) Archive regions: 0->0
[90.317s][info][gc,heap        ] GC(776) Humongous regions: 0->0
[90.317s][info][gc,metaspace   ] GC(776) Metaspace: 74602K(75584K)->74602K(75584K) NonClass: 59333K(59584K)->59333K(59584K) Class: 15269K(16000K)->15269K(16000K)
[90.317s][info][gc             ] GC(776) Pause Young (Normal) (G1 Evacuation Pause) 390M->39M(589M) 2.042ms
[90.317s][info][gc,cpu         ] GC(776) User=0.00s Sys=0.00s Real=0.00s
[90.405s][info][gc,start       ] GC(777) Pause Young (Normal) (G1 Evacuation Pause)
[90.406s][info][gc,task        ] GC(777) Using 33 workers of 33 for evacuation
[90.407s][info][gc,phases      ] GC(777)   Pre Evacuate Collection Set: 0.2ms
[90.407s][info][gc,phases      ] GC(777)   Merge Heap Roots: 0.2ms
[90.407s][info][gc,phases      ] GC(777)   Evacuate Collection Set: 0.8ms
[90.407s][info][gc,phases      ] GC(777)   Post Evacuate Collection Set: 0.5ms
[90.407s][info][gc,phases      ] GC(777)   Other: 0.1ms
[90.407s][info][gc,heap        ] GC(777) Eden regions: 351->0(351)
[90.407s][info][gc,heap        ] GC(777) Survivor regions: 2->2(45)
[90.407s][info][gc,heap        ] GC(777) Old regions: 45->45
[90.407s][info][gc,heap        ] GC(777) Archive regions: 0->0
[90.407s][info][gc,heap        ] GC(777) Humongous regions: 0->0
[90.407s][info][gc,metaspace   ] GC(777) Metaspace: 74602K(75584K)->74602K(75584K) NonClass: 59333K(59584K)->59333K(59584K) Class: 15269K(16000K)->15269K(16000K)
[90.408s][info][gc             ] GC(777) Pause Young (Normal) (G1 Evacuation Pause) 390M->39M(589M) 2.054ms
[90.408s][info][gc,cpu         ] GC(777) User=0.00s Sys=0.00s Real=0.00s
[90.496s][info][gc,start       ] GC(778) Pause Young (Normal) (G1 Evacuation Pause)
[90.496s][info][gc,task        ] GC(778) Using 33 workers of 33 for evacuation
[90.498s][info][gc,phases      ] GC(778)   Pre Evacuate Collection Set: 0.2ms
[90.498s][info][gc,phases      ] GC(778)   Merge Heap Roots: 0.2ms
[90.498s][info][gc,phases      ] GC(778)   Evacuate Collection Set: 0.8ms
[90.498s][info][gc,phases      ] GC(778)   Post Evacuate Collection Set: 0.5ms
[90.498s][info][gc,phases      ] GC(778)   Other: 0.1ms
[90.498s][info][gc,heap        ] GC(778) Eden regions: 351->0(351)
[90.498s][info][gc,heap        ] GC(778) Survivor regions: 2->2(45)
[90.498s][info][gc,heap        ] GC(778) Old regions: 45->45
[90.498s][info][gc,heap        ] GC(778) Archive regions: 0->0
[90.498s][info][gc,heap        ] GC(778) Humongous regions: 0->0
[90.498s][info][gc,metaspace   ] GC(778) Metaspace: 74602K(75584K)->74602K(75584K) NonClass: 59333K(59584K)->59333K(59584K) Class: 15269K(16000K)->15269K(16000K)
[90.498s][info][gc             ] GC(778) Pause Young (Normal) (G1 Evacuation Pause) 390M->39M(589M) 2.090ms
[90.498s][info][gc,cpu         ] GC(778) User=0.00s Sys=0.00s Real=0.00s
[90.586s][info][gc,start       ] GC(779) Pause Young (Normal) (G1 Evacuation Pause)
[90.586s][info][gc,task        ] GC(779) Using 33 workers of 33 for evacuation
[90.588s][info][gc,phases      ] GC(779)   Pre Evacuate Collection Set: 0.2ms
[90.588s][info][gc,phases      ] GC(779)   Merge Heap Roots: 0.2ms
[90.588s][info][gc,phases      ] GC(779)   Evacuate Collection Set: 0.9ms
[90.588s][info][gc,phases      ] GC(779)   Post Evacuate Collection Set: 0.5ms
[90.588s][info][gc,phases      ] GC(779)   Other: 0.1ms
[90.588s][info][gc,heap        ] GC(779) Eden regions: 351->0(351)
[90.588s][info][gc,heap        ] GC(779) Survivor regions: 2->2(45)
[90.588s][info][gc,heap        ] GC(779) Old regions: 45->45
[90.588s][info][gc,heap        ] GC(779) Archive regions: 0->0
[90.588s][info][gc,heap        ] GC(779) Humongous regions: 0->0
[90.588s][info][gc,metaspace   ] GC(779) Metaspace: 74602K(75584K)->74602K(75584K) NonClass: 59333K(59584K)->59333K(59584K) Class: 15269K(16000K)->15269K(16000K)
[90.588s][info][gc             ] GC(779) Pause Young (Normal) (G1 Evacuation Pause) 390M->39M(589M) 2.101ms
[90.588s][info][gc,cpu         ] GC(779) User=0.00s Sys=0.00s Real=0.00s
[90.677s][info][gc,start       ] GC(780) Pause Young (Normal) (G1 Evacuation Pause)
[90.677s][info][gc,task        ] GC(780) Using 33 workers of 33 for evacuation
[90.679s][info][gc,phases      ] GC(780)   Pre Evacuate Collection Set: 0.2ms
[90.679s][info][gc,phases      ] GC(780)   Merge Heap Roots: 0.2ms
[90.679s][info][gc,phases      ] GC(780)   Evacuate Collection Set: 0.9ms
[90.679s][info][gc,phases      ] GC(780)   Post Evacuate Collection Set: 0.5ms
[90.679s][info][gc,phases      ] GC(780)   Other: 0.1ms
[90.679s][info][gc,heap        ] GC(780) Eden regions: 351->0(351)
[90.679s][info][gc,heap        ] GC(780) Survivor regions: 2->2(45)
[90.679s][info][gc,heap        ] GC(780) Old regions: 45->45
[90.679s][info][gc,heap        ] GC(780) Archive regions: 0->0
[90.679s][info][gc,heap        ] GC(780) Humongous regions: 0->0
[90.679s][info][gc,metaspace   ] GC(780) Metaspace: 74602K(75584K)->74602K(75584K) NonClass: 59333K(59584K)->59333K(59584K) Class: 15269K(16000K)->15269K(16000K)
[90.679s][info][gc             ] GC(780) Pause Young (Normal) (G1 Evacuation Pause) 390M->39M(589M) 2.137ms
[90.679s][info][gc,cpu         ] GC(780) User=0.00s Sys=0.00s Real=0.00s
[90.767s][info][gc,start       ] GC(781) Pause Young (Normal) (G1 Evacuation Pause)
[90.767s][info][gc,task        ] GC(781) Using 33 workers of 33 for evacuation
[90.769s][info][gc,phases      ] GC(781)   Pre Evacuate Collection Set: 0.2ms
[90.769s][info][gc,phases      ] GC(781)   Merge Heap Roots: 0.2ms
[90.769s][info][gc,phases      ] GC(781)   Evacuate Collection Set: 0.9ms
[90.769s][info][gc,phases      ] GC(781)   Post Evacuate Collection Set: 0.5ms
[90.769s][info][gc,phases      ] GC(781)   Other: 0.1ms
[90.769s][info][gc,heap        ] GC(781) Eden regions: 351->0(351)
[90.769s][info][gc,heap        ] GC(781) Survivor regions: 2->2(45)
[90.769s][info][gc,heap        ] GC(781) Old regions: 45->45
[90.769s][info][gc,heap        ] GC(781) Archive regions: 0->0
[90.769s][info][gc,heap        ] GC(781) Humongous regions: 0->0
[90.769s][info][gc,metaspace   ] GC(781) Metaspace: 74602K(75584K)->74602K(75584K) NonClass: 59333K(59584K)->59333K(59584K) Class: 15269K(16000K)->15269K(16000K)
[90.769s][info][gc             ] GC(781) Pause Young (Normal) (G1 Evacuation Pause) 390M->39M(589M) 2.116ms
[90.769s][info][gc,cpu         ] GC(781) User=0.00s Sys=0.00s Real=0.00s
[90.858s][info][gc,start       ] GC(782) Pause Young (Normal) (G1 Evacuation Pause)
[90.858s][info][gc,task        ] GC(782) Using 33 workers of 33 for evacuation
[90.860s][info][gc,phases      ] GC(782)   Pre Evacuate Collection Set: 0.2ms
[90.860s][info][gc,phases      ] GC(782)   Merge Heap Roots: 0.2ms
[90.860s][info][gc,phases      ] GC(782)   Evacuate Collection Set: 0.8ms
[90.860s][info][gc,phases      ] GC(782)   Post Evacuate Collection Set: 0.5ms
[90.860s][info][gc,phases      ] GC(782)   Other: 0.1ms
[90.860s][info][gc,heap        ] GC(782) Eden regions: 351->0(351)
[90.860s][info][gc,heap        ] GC(782) Survivor regions: 2->2(45)
[90.860s][info][gc,heap        ] GC(782) Old regions: 45->45
[90.860s][info][gc,heap        ] GC(782) Archive regions: 0->0
[90.860s][info][gc,heap        ] GC(782) Humongous regions: 0->0
[90.860s][info][gc,metaspace   ] GC(782) Metaspace: 74602K(75584K)->74602K(75584K) NonClass: 59333K(59584K)->59333K(59584K) Class: 15269K(16000K)->15269K(16000K)
[90.860s][info][gc             ] GC(782) Pause Young (Normal) (G1 Evacuation Pause) 390M->39M(589M) 2.117ms
[90.860s][info][gc,cpu         ] GC(782) User=0.00s Sys=0.00s Real=0.00s
[90.948s][info][gc,start       ] GC(783) Pause Young (Normal) (G1 Evacuation Pause)
[90.949s][info][gc,task        ] GC(783) Using 33 workers of 33 for evacuation
[90.950s][info][gc,phases      ] GC(783)   Pre Evacuate Collection Set: 0.2ms
[90.950s][info][gc,phases      ] GC(783)   Merge Heap Roots: 0.2ms
[90.950s][info][gc,phases      ] GC(783)   Evacuate Collection Set: 0.9ms
[90.950s][info][gc,phases      ] GC(783)   Post Evacuate Collection Set: 0.5ms
[90.950s][info][gc,phases      ] GC(783)   Other: 0.1ms
[90.950s][info][gc,heap        ] GC(783) Eden regions: 351->0(351)
[90.950s][info][gc,heap        ] GC(783) Survivor regions: 2->2(45)
[90.950s][info][gc,heap        ] GC(783) Old regions: 45->45
[90.950s][info][gc,heap        ] GC(783) Archive regions: 0->0
[90.950s][info][gc,heap        ] GC(783) Humongous regions: 0->0
[90.950s][info][gc,metaspace   ] GC(783) Metaspace: 74602K(75584K)->74602K(75584K) NonClass: 59333K(59584K)->59333K(59584K) Class: 15269K(16000K)->15269K(16000K)
[90.951s][info][gc             ] GC(783) Pause Young (Normal) (G1 Evacuation Pause) 390M->39M(589M) 2.072ms
[90.951s][info][gc,cpu         ] GC(783) User=0.00s Sys=0.00s Real=0.00s
[91.039s][info][gc,start       ] GC(784) Pause Young (Normal) (G1 Evacuation Pause)
[91.039s][info][gc,task        ] GC(784) Using 33 workers of 33 for evacuation
[91.041s][info][gc,phases      ] GC(784)   Pre Evacuate Collection Set: 0.2ms
[91.041s][info][gc,phases      ] GC(784)   Merge Heap Roots: 0.2ms
[91.041s][info][gc,phases      ] GC(784)   Evacuate Collection Set: 0.8ms
[91.041s][info][gc,phases      ] GC(784)   Post Evacuate Collection Set: 0.5ms
[91.041s][info][gc,phases      ] GC(784)   Other: 0.1ms
[91.041s][info][gc,heap        ] GC(784) Eden regions: 351->0(351)
[91.041s][info][gc,heap        ] GC(784) Survivor regions: 2->2(45)
[91.041s][info][gc,heap        ] GC(784) Old regions: 45->45
[91.041s][info][gc,heap        ] GC(784) Archive regions: 0->0
[91.041s][info][gc,heap        ] GC(784) Humongous regions: 0->0
[91.041s][info][gc,metaspace   ] GC(784) Metaspace: 74602K(75584K)->74602K(75584K) NonClass: 59333K(59584K)->59333K(59584K) Class: 15269K(16000K)->15269K(16000K)
[91.041s][info][gc             ] GC(784) Pause Young (Normal) (G1 Evacuation Pause) 390M->39M(589M) 2.055ms
[91.041s][info][gc,cpu         ] GC(784) User=0.00s Sys=0.00s Real=0.00s
[91.129s][info][gc,start       ] GC(785) Pause Young (Normal) (G1 Evacuation Pause)
[91.129s][info][gc,task        ] GC(785) Using 33 workers of 33 for evacuation
[91.131s][info][gc,phases      ] GC(785)   Pre Evacuate Collection Set: 0.2ms
[91.131s][info][gc,phases      ] GC(785)   Merge Heap Roots: 0.2ms
[91.131s][info][gc,phases      ] GC(785)   Evacuate Collection Set: 0.9ms
[91.131s][info][gc,phases      ] GC(785)   Post Evacuate Collection Set: 0.5ms
[91.131s][info][gc,phases      ] GC(785)   Other: 0.1ms
[91.131s][info][gc,heap        ] GC(785) Eden regions: 351->0(351)
[91.131s][info][gc,heap        ] GC(785) Survivor regions: 2->2(45)
[91.131s][info][gc,heap        ] GC(785) Old regions: 45->45
[91.131s][info][gc,heap        ] GC(785) Archive regions: 0->0
[91.131s][info][gc,heap        ] GC(785) Humongous regions: 0->0
[91.131s][info][gc,metaspace   ] GC(785) Metaspace: 74602K(75584K)->74602K(75584K) NonClass: 59333K(59584K)->59333K(59584K) Class: 15269K(16000K)->15269K(16000K)
[91.131s][info][gc             ] GC(785) Pause Young (Normal) (G1 Evacuation Pause) 390M->39M(589M) 2.089ms
[91.131s][info][gc,cpu         ] GC(785) User=0.00s Sys=0.00s Real=0.00s
[91.220s][info][gc,start       ] GC(786) Pause Young (Normal) (G1 Evacuation Pause)
[91.220s][info][gc,task        ] GC(786) Using 33 workers of 33 for evacuation
[91.222s][info][gc,phases      ] GC(786)   Pre Evacuate Collection Set: 0.2ms
[91.222s][info][gc,phases      ] GC(786)   Merge Heap Roots: 0.2ms
[91.222s][info][gc,phases      ] GC(786)   Evacuate Collection Set: 0.8ms
[91.222s][info][gc,phases      ] GC(786)   Post Evacuate Collection Set: 0.5ms
[91.222s][info][gc,phases      ] GC(786)   Other: 0.1ms
[91.222s][info][gc,heap        ] GC(786) Eden regions: 351->0(351)
[91.222s][info][gc,heap        ] GC(786) Survivor regions: 2->2(45)
[91.222s][info][gc,heap        ] GC(786) Old regions: 45->45
[91.222s][info][gc,heap        ] GC(786) Archive regions: 0->0
[91.222s][info][gc,heap        ] GC(786) Humongous regions: 0->0
[91.222s][info][gc,metaspace   ] GC(786) Metaspace: 74602K(75584K)->74602K(75584K) NonClass: 59333K(59584K)->59333K(59584K) Class: 15269K(16000K)->15269K(16000K)
[91.222s][info][gc             ] GC(786) Pause Young (Normal) (G1 Evacuation Pause) 390M->39M(589M) 2.064ms
[91.222s][info][gc,cpu         ] GC(786) User=0.00s Sys=0.00s Real=0.00s
[91.311s][info][gc,start       ] GC(787) Pause Young (Normal) (G1 Evacuation Pause)
[91.311s][info][gc,task        ] GC(787) Using 33 workers of 33 for evacuation
[91.313s][info][gc,phases      ] GC(787)   Pre Evacuate Collection Set: 0.2ms
[91.313s][info][gc,phases      ] GC(787)   Merge Heap Roots: 0.2ms
[91.313s][info][gc,phases      ] GC(787)   Evacuate Collection Set: 0.9ms
[91.313s][info][gc,phases      ] GC(787)   Post Evacuate Collection Set: 0.5ms
[91.313s][info][gc,phases      ] GC(787)   Other: 0.1ms
[91.313s][info][gc,heap        ] GC(787) Eden regions: 351->0(351)
[91.313s][info][gc,heap        ] GC(787) Survivor regions: 2->2(45)
[91.313s][info][gc,heap        ] GC(787) Old regions: 45->45
[91.313s][info][gc,heap        ] GC(787) Archive regions: 0->0
[91.313s][info][gc,heap        ] GC(787) Humongous regions: 0->0
[91.313s][info][gc,metaspace   ] GC(787) Metaspace: 74602K(75584K)->74602K(75584K) NonClass: 59333K(59584K)->59333K(59584K) Class: 15269K(16000K)->15269K(16000K)
[91.313s][info][gc             ] GC(787) Pause Young (Normal) (G1 Evacuation Pause) 390M->39M(589M) 2.151ms
[91.313s][info][gc,cpu         ] GC(787) User=0.00s Sys=0.00s Real=0.00s
[91.401s][info][gc,start       ] GC(788) Pause Young (Normal) (G1 Evacuation Pause)
[91.401s][info][gc,task        ] GC(788) Using 33 workers of 33 for evacuation
[91.403s][info][gc,phases      ] GC(788)   Pre Evacuate Collection Set: 0.2ms
[91.403s][info][gc,phases      ] GC(788)   Merge Heap Roots: 0.2ms
[91.403s][info][gc,phases      ] GC(788)   Evacuate Collection Set: 0.8ms
[91.403s][info][gc,phases      ] GC(788)   Post Evacuate Collection Set: 0.6ms
[91.403s][info][gc,phases      ] GC(788)   Other: 0.1ms
[91.403s][info][gc,heap        ] GC(788) Eden regions: 351->0(351)
[91.403s][info][gc,heap        ] GC(788) Survivor regions: 2->2(45)
[91.403s][info][gc,heap        ] GC(788) Old regions: 45->45
[91.403s][info][gc,heap        ] GC(788) Archive regions: 0->0
[91.403s][info][gc,heap        ] GC(788) Humongous regions: 0->0
[91.403s][info][gc,metaspace   ] GC(788) Metaspace: 74602K(75584K)->74602K(75584K) NonClass: 59333K(59584K)->59333K(59584K) Class: 15269K(16000K)->15269K(16000K)
[91.403s][info][gc             ] GC(788) Pause Young (Normal) (G1 Evacuation Pause) 390M->39M(589M) 2.100ms
[91.403s][info][gc,cpu         ] GC(788) User=0.03s Sys=0.00s Real=0.00s
[91.492s][info][gc,start       ] GC(789) Pause Young (Normal) (G1 Evacuation Pause)
[91.492s][info][gc,task        ] GC(789) Using 33 workers of 33 for evacuation
[91.494s][info][gc,phases      ] GC(789)   Pre Evacuate Collection Set: 0.2ms
[91.494s][info][gc,phases      ] GC(789)   Merge Heap Roots: 0.2ms
[91.494s][info][gc,phases      ] GC(789)   Evacuate Collection Set: 0.8ms
[91.494s][info][gc,phases      ] GC(789)   Post Evacuate Collection Set: 0.5ms
[91.494s][info][gc,phases      ] GC(789)   Other: 0.1ms
[91.494s][info][gc,heap        ] GC(789) Eden regions: 351->0(351)
[91.494s][info][gc,heap        ] GC(789) Survivor regions: 2->2(45)
[91.494s][info][gc,heap        ] GC(789) Old regions: 45->45
[91.494s][info][gc,heap        ] GC(789) Archive regions: 0->0
[91.494s][info][gc,heap        ] GC(789) Humongous regions: 0->0
[91.494s][info][gc,metaspace   ] GC(789) Metaspace: 74602K(75584K)->74602K(75584K) NonClass: 59333K(59584K)->59333K(59584K) Class: 15269K(16000K)->15269K(16000K)
[91.494s][info][gc             ] GC(789) Pause Young (Normal) (G1 Evacuation Pause) 390M->39M(589M) 2.129ms
[91.494s][info][gc,cpu         ] GC(789) User=0.00s Sys=0.00s Real=0.00s
[91.584s][info][gc,start       ] GC(790) Pause Young (Normal) (G1 Evacuation Pause)
[91.584s][info][gc,task        ] GC(790) Using 33 workers of 33 for evacuation
[91.586s][info][gc,phases      ] GC(790)   Pre Evacuate Collection Set: 0.2ms
[91.586s][info][gc,phases      ] GC(790)   Merge Heap Roots: 0.2ms
[91.586s][info][gc,phases      ] GC(790)   Evacuate Collection Set: 0.9ms
[91.586s][info][gc,phases      ] GC(790)   Post Evacuate Collection Set: 0.5ms
[91.586s][info][gc,phases      ] GC(790)   Other: 0.1ms
[91.586s][info][gc,heap        ] GC(790) Eden regions: 351->0(351)
[91.586s][info][gc,heap        ] GC(790) Survivor regions: 2->2(45)
[91.586s][info][gc,heap        ] GC(790) Old regions: 45->45
[91.586s][info][gc,heap        ] GC(790) Archive regions: 0->0
[91.586s][info][gc,heap        ] GC(790) Humongous regions: 0->0
[91.586s][info][gc,metaspace   ] GC(790) Metaspace: 74602K(75584K)->74602K(75584K) NonClass: 59333K(59584K)->59333K(59584K) Class: 15269K(16000K)->15269K(16000K)
[91.586s][info][gc             ] GC(790) Pause Young (Normal) (G1 Evacuation Pause) 390M->39M(589M) 2.157ms
[91.586s][info][gc,cpu         ] GC(790) User=0.00s Sys=0.00s Real=0.00s
[91.676s][info][gc,start       ] GC(791) Pause Young (Normal) (G1 Evacuation Pause)
[91.676s][info][gc,task        ] GC(791) Using 33 workers of 33 for evacuation
[91.678s][info][gc,phases      ] GC(791)   Pre Evacuate Collection Set: 0.2ms
[91.678s][info][gc,phases      ] GC(791)   Merge Heap Roots: 0.2ms
[91.678s][info][gc,phases      ] GC(791)   Evacuate Collection Set: 0.8ms
[91.678s][info][gc,phases      ] GC(791)   Post Evacuate Collection Set: 0.5ms
[91.678s][info][gc,phases      ] GC(791)   Other: 0.1ms
[91.678s][info][gc,heap        ] GC(791) Eden regions: 351->0(351)
[91.678s][info][gc,heap        ] GC(791) Survivor regions: 2->2(45)
[91.678s][info][gc,heap        ] GC(791) Old regions: 45->45
[91.678s][info][gc,heap        ] GC(791) Archive regions: 0->0
[91.678s][info][gc,heap        ] GC(791) Humongous regions: 0->0
[91.678s][info][gc,metaspace   ] GC(791) Metaspace: 74602K(75584K)->74602K(75584K) NonClass: 59333K(59584K)->59333K(59584K) Class: 15269K(16000K)->15269K(16000K)
[91.678s][info][gc             ] GC(791) Pause Young (Normal) (G1 Evacuation Pause) 390M->39M(589M) 2.072ms
[91.678s][info][gc,cpu         ] GC(791) User=0.00s Sys=0.00s Real=0.00s
[91.771s][info][gc,start       ] GC(792) Pause Young (Normal) (G1 Evacuation Pause)
[91.771s][info][gc,task        ] GC(792) Using 33 workers of 33 for evacuation
[91.772s][info][gc,phases      ] GC(792)   Pre Evacuate Collection Set: 0.2ms
[91.772s][info][gc,phases      ] GC(792)   Merge Heap Roots: 0.2ms
[91.772s][info][gc,phases      ] GC(792)   Evacuate Collection Set: 0.8ms
[91.772s][info][gc,phases      ] GC(792)   Post Evacuate Collection Set: 0.5ms
[91.772s][info][gc,phases      ] GC(792)   Other: 0.1ms
[91.773s][info][gc,heap        ] GC(792) Eden regions: 351->0(351)
[91.773s][info][gc,heap        ] GC(792) Survivor regions: 2->2(45)
[91.773s][info][gc,heap        ] GC(792) Old regions: 45->45
[91.773s][info][gc,heap        ] GC(792) Archive regions: 0->0
[91.773s][info][gc,heap        ] GC(792) Humongous regions: 0->0
[91.773s][info][gc,metaspace   ] GC(792) Metaspace: 74602K(75584K)->74602K(75584K) NonClass: 59333K(59584K)->59333K(59584K) Class: 15269K(16000K)->15269K(16000K)
[91.773s][info][gc             ] GC(792) Pause Young (Normal) (G1 Evacuation Pause) 390M->39M(589M) 2.043ms
[91.773s][info][gc,cpu         ] GC(792) User=0.00s Sys=0.00s Real=0.00s
[91.869s][info][gc,start       ] GC(793) Pause Young (Normal) (G1 Evacuation Pause)
[91.869s][info][gc,task        ] GC(793) Using 33 workers of 33 for evacuation
[91.871s][info][gc,phases      ] GC(793)   Pre Evacuate Collection Set: 0.2ms
[91.871s][info][gc,phases      ] GC(793)   Merge Heap Roots: 0.2ms
[91.871s][info][gc,phases      ] GC(793)   Evacuate Collection Set: 0.8ms
[91.871s][info][gc,phases      ] GC(793)   Post Evacuate Collection Set: 0.5ms
[91.871s][info][gc,phases      ] GC(793)   Other: 0.1ms
[91.871s][info][gc,heap        ] GC(793) Eden regions: 351->0(351)
[91.871s][info][gc,heap        ] GC(793) Survivor regions: 2->2(45)
[91.871s][info][gc,heap        ] GC(793) Old regions: 45->45
[91.871s][info][gc,heap        ] GC(793) Archive regions: 0->0
[91.871s][info][gc,heap        ] GC(793) Humongous regions: 0->0
[91.871s][info][gc,metaspace   ] GC(793) Metaspace: 74602K(75584K)->74602K(75584K) NonClass: 59333K(59584K)->59333K(59584K) Class: 15269K(16000K)->15269K(16000K)
[91.871s][info][gc             ] GC(793) Pause Young (Normal) (G1 Evacuation Pause) 390M->39M(589M) 1.983ms
[91.871s][info][gc,cpu         ] GC(793) User=0.00s Sys=0.00s Real=0.00s
[91.979s][info][gc,start       ] GC(794) Pause Young (Normal) (G1 Evacuation Pause)
[91.979s][info][gc,task        ] GC(794) Using 33 workers of 33 for evacuation
[91.981s][info][gc,phases      ] GC(794)   Pre Evacuate Collection Set: 0.2ms
[91.981s][info][gc,phases      ] GC(794)   Merge Heap Roots: 0.2ms
[91.981s][info][gc,phases      ] GC(794)   Evacuate Collection Set: 0.7ms
[91.981s][info][gc,phases      ] GC(794)   Post Evacuate Collection Set: 0.5ms
[91.981s][info][gc,phases      ] GC(794)   Other: 0.1ms
[91.981s][info][gc,heap        ] GC(794) Eden regions: 351->0(351)
[91.981s][info][gc,heap        ] GC(794) Survivor regions: 2->2(45)
[91.981s][info][gc,heap        ] GC(794) Old regions: 45->45
[91.981s][info][gc,heap        ] GC(794) Archive regions: 0->0
[91.981s][info][gc,heap        ] GC(794) Humongous regions: 0->0
[91.981s][info][gc,metaspace   ] GC(794) Metaspace: 74602K(75584K)->74602K(75584K) NonClass: 59333K(59584K)->59333K(59584K) Class: 15269K(16000K)->15269K(16000K)
[91.981s][info][gc             ] GC(794) Pause Young (Normal) (G1 Evacuation Pause) 390M->39M(589M) 1.978ms
[91.981s][info][gc,cpu         ] GC(794) User=0.00s Sys=0.00s Real=0.00s
[92.099s][info][gc,start       ] GC(795) Pause Young (Normal) (G1 Evacuation Pause)
[92.099s][info][gc,task        ] GC(795) Using 33 workers of 33 for evacuation
[92.100s][info][gc,phases      ] GC(795)   Pre Evacuate Collection Set: 0.2ms
[92.100s][info][gc,phases      ] GC(795)   Merge Heap Roots: 0.2ms
[92.100s][info][gc,phases      ] GC(795)   Evacuate Collection Set: 0.7ms
[92.100s][info][gc,phases      ] GC(795)   Post Evacuate Collection Set: 0.5ms
[92.100s][info][gc,phases      ] GC(795)   Other: 0.1ms
[92.100s][info][gc,heap        ] GC(795) Eden regions: 351->0(351)
[92.100s][info][gc,heap        ] GC(795) Survivor regions: 2->2(45)
[92.100s][info][gc,heap        ] GC(795) Old regions: 45->45
[92.100s][info][gc,heap        ] GC(795) Archive regions: 0->0
[92.100s][info][gc,heap        ] GC(795) Humongous regions: 0->0
[92.100s][info][gc,metaspace   ] GC(795) Metaspace: 74602K(75584K)->74602K(75584K) NonClass: 59333K(59584K)->59333K(59584K) Class: 15269K(16000K)->15269K(16000K)
[92.100s][info][gc             ] GC(795) Pause Young (Normal) (G1 Evacuation Pause) 390M->39M(589M) 1.889ms
[92.101s][info][gc,cpu         ] GC(795) User=0.00s Sys=0.00s Real=0.00s
[92.236s][info][gc,start       ] GC(796) Pause Young (Normal) (G1 Evacuation Pause)
[92.236s][info][gc,task        ] GC(796) Using 33 workers of 33 for evacuation
[92.238s][info][gc,phases      ] GC(796)   Pre Evacuate Collection Set: 0.2ms
[92.238s][info][gc,phases      ] GC(796)   Merge Heap Roots: 0.2ms
[92.238s][info][gc,phases      ] GC(796)   Evacuate Collection Set: 0.8ms
[92.238s][info][gc,phases      ] GC(796)   Post Evacuate Collection Set: 0.6ms
[92.238s][info][gc,phases      ] GC(796)   Other: 0.1ms
[92.238s][info][gc,heap        ] GC(796) Eden regions: 351->0(351)
[92.238s][info][gc,heap        ] GC(796) Survivor regions: 2->2(45)
[92.238s][info][gc,heap        ] GC(796) Old regions: 45->45
[92.238s][info][gc,heap        ] GC(796) Archive regions: 0->0
[92.238s][info][gc,heap        ] GC(796) Humongous regions: 0->0
[92.238s][info][gc,metaspace   ] GC(796) Metaspace: 74602K(75584K)->74602K(75584K) NonClass: 59333K(59584K)->59333K(59584K) Class: 15269K(16000K)->15269K(16000K)
[92.238s][info][gc             ] GC(796) Pause Young (Normal) (G1 Evacuation Pause) 390M->39M(589M) 2.130ms
[92.238s][info][gc,cpu         ] GC(796) User=0.00s Sys=0.00s Real=0.00s
[92.390s][info][gc,start       ] GC(797) Pause Young (Normal) (G1 Evacuation Pause)
[92.391s][info][gc,task        ] GC(797) Using 32 workers of 33 for evacuation
[92.392s][info][gc,phases      ] GC(797)   Pre Evacuate Collection Set: 0.2ms
[92.392s][info][gc,phases      ] GC(797)   Merge Heap Roots: 0.2ms
[92.392s][info][gc,phases      ] GC(797)   Evacuate Collection Set: 0.8ms
[92.392s][info][gc,phases      ] GC(797)   Post Evacuate Collection Set: 0.6ms
[92.392s][info][gc,phases      ] GC(797)   Other: 0.1ms
[92.392s][info][gc,heap        ] GC(797) Eden regions: 351->0(351)
[92.392s][info][gc,heap        ] GC(797) Survivor regions: 2->2(45)
[92.392s][info][gc,heap        ] GC(797) Old regions: 45->45
[92.392s][info][gc,heap        ] GC(797) Archive regions: 0->0
[92.392s][info][gc,heap        ] GC(797) Humongous regions: 0->0
[92.392s][info][gc,metaspace   ] GC(797) Metaspace: 74616K(75584K)->74616K(75584K) NonClass: 59346K(59584K)->59346K(59584K) Class: 15269K(16000K)->15269K(16000K)
[92.392s][info][gc             ] GC(797) Pause Young (Normal) (G1 Evacuation Pause) 390M->39M(589M) 2.032ms
[92.392s][info][gc,cpu         ] GC(797) User=0.00s Sys=0.00s Real=0.00s
[92.581s][info][gc,start       ] GC(798) Pause Young (Normal) (G1 Evacuation Pause)
[92.582s][info][gc,task        ] GC(798) Using 27 workers of 33 for evacuation
[92.583s][info][gc,phases      ] GC(798)   Pre Evacuate Collection Set: 0.1ms
[92.583s][info][gc,phases      ] GC(798)   Merge Heap Roots: 0.2ms
[92.583s][info][gc,phases      ] GC(798)   Evacuate Collection Set: 0.6ms
[92.583s][info][gc,phases      ] GC(798)   Post Evacuate Collection Set: 0.5ms
[92.583s][info][gc,phases      ] GC(798)   Other: 0.1ms
[92.583s][info][gc,heap        ] GC(798) Eden regions: 351->0(351)
[92.583s][info][gc,heap        ] GC(798) Survivor regions: 2->2(45)
[92.583s][info][gc,heap        ] GC(798) Old regions: 45->45
[92.583s][info][gc,heap        ] GC(798) Archive regions: 0->0
[92.583s][info][gc,heap        ] GC(798) Humongous regions: 0->0
[92.583s][info][gc,metaspace   ] GC(798) Metaspace: 74616K(75584K)->74616K(75584K) NonClass: 59346K(59584K)->59346K(59584K) Class: 15269K(16000K)->15269K(16000K)
[92.583s][info][gc             ] GC(798) Pause Young (Normal) (G1 Evacuation Pause) 390M->39M(589M) 1.778ms
[92.583s][info][gc,cpu         ] GC(798) User=0.00s Sys=0.00s Real=0.00s
[92.813s][info][gc,start       ] GC(799) Pause Young (Normal) (G1 Evacuation Pause)
[92.813s][info][gc,task        ] GC(799) Using 22 workers of 33 for evacuation
[92.814s][info][gc,phases      ] GC(799)   Pre Evacuate Collection Set: 0.1ms
[92.814s][info][gc,phases      ] GC(799)   Merge Heap Roots: 0.1ms
[92.814s][info][gc,phases      ] GC(799)   Evacuate Collection Set: 0.6ms
[92.814s][info][gc,phases      ] GC(799)   Post Evacuate Collection Set: 0.5ms
[92.814s][info][gc,phases      ] GC(799)   Other: 0.1ms
[92.814s][info][gc,heap        ] GC(799) Eden regions: 351->0(351)
[92.814s][info][gc,heap        ] GC(799) Survivor regions: 2->2(45)
[92.814s][info][gc,heap        ] GC(799) Old regions: 45->45
[92.814s][info][gc,heap        ] GC(799) Archive regions: 0->0
[92.814s][info][gc,heap        ] GC(799) Humongous regions: 0->0
[92.814s][info][gc,metaspace   ] GC(799) Metaspace: 74616K(75584K)->74616K(75584K) NonClass: 59346K(59584K)->59346K(59584K) Class: 15269K(16000K)->15269K(16000K)
[92.814s][info][gc             ] GC(799) Pause Young (Normal) (G1 Evacuation Pause) 390M->39M(589M) 1.585ms
[92.814s][info][gc,cpu         ] GC(799) User=0.00s Sys=0.00s Real=0.00s
[93.058s][info][gc,start       ] GC(800) Pause Young (Normal) (G1 Evacuation Pause)
[93.058s][info][gc,task        ] GC(800) Using 20 workers of 33 for evacuation
[93.060s][info][gc,phases      ] GC(800)   Pre Evacuate Collection Set: 0.1ms
[93.060s][info][gc,phases      ] GC(800)   Merge Heap Roots: 0.1ms
[93.060s][info][gc,phases      ] GC(800)   Evacuate Collection Set: 0.6ms
[93.060s][info][gc,phases      ] GC(800)   Post Evacuate Collection Set: 0.4ms
[93.060s][info][gc,phases      ] GC(800)   Other: 0.1ms
[93.060s][info][gc,heap        ] GC(800) Eden regions: 351->0(351)
[93.060s][info][gc,heap        ] GC(800) Survivor regions: 2->2(45)
[93.060s][info][gc,heap        ] GC(800) Old regions: 45->45
[93.060s][info][gc,heap        ] GC(800) Archive regions: 0->0
[93.060s][info][gc,heap        ] GC(800) Humongous regions: 0->0
[93.060s][info][gc,metaspace   ] GC(800) Metaspace: 74616K(75584K)->74616K(75584K) NonClass: 59346K(59584K)->59346K(59584K) Class: 15269K(16000K)->15269K(16000K)
[93.060s][info][gc             ] GC(800) Pause Young (Normal) (G1 Evacuation Pause) 390M->39M(589M) 1.519ms
[93.060s][info][gc,cpu         ] GC(800) User=0.00s Sys=0.00s Real=0.00s
[93.303s][info][gc,start       ] GC(801) Pause Young (Normal) (G1 Evacuation Pause)
[93.303s][info][gc,task        ] GC(801) Using 19 workers of 33 for evacuation
[93.304s][info][gc,phases      ] GC(801)   Pre Evacuate Collection Set: 0.1ms
[93.305s][info][gc,phases      ] GC(801)   Merge Heap Roots: 0.1ms
[93.305s][info][gc,phases      ] GC(801)   Evacuate Collection Set: 0.6ms
[93.305s][info][gc,phases      ] GC(801)   Post Evacuate Collection Set: 0.4ms
[93.305s][info][gc,phases      ] GC(801)   Other: 0.1ms
[93.305s][info][gc,heap        ] GC(801) Eden regions: 351->0(351)
[93.305s][info][gc,heap        ] GC(801) Survivor regions: 2->2(45)
[93.305s][info][gc,heap        ] GC(801) Old regions: 45->45
[93.305s][info][gc,heap        ] GC(801) Archive regions: 0->0
[93.305s][info][gc,heap        ] GC(801) Humongous regions: 0->0
[93.305s][info][gc,metaspace   ] GC(801) Metaspace: 74616K(75584K)->74616K(75584K) NonClass: 59346K(59584K)->59346K(59584K) Class: 15269K(16000K)->15269K(16000K)
[93.305s][info][gc             ] GC(801) Pause Young (Normal) (G1 Evacuation Pause) 390M->39M(589M) 1.496ms
[93.305s][info][gc,cpu         ] GC(801) User=0.00s Sys=0.00s Real=0.00s
[93.548s][info][gc,start       ] GC(802) Pause Young (Normal) (G1 Evacuation Pause)
[93.549s][info][gc,task        ] GC(802) Using 18 workers of 33 for evacuation
[93.550s][info][gc,phases      ] GC(802)   Pre Evacuate Collection Set: 0.1ms
[93.550s][info][gc,phases      ] GC(802)   Merge Heap Roots: 0.1ms
[93.550s][info][gc,phases      ] GC(802)   Evacuate Collection Set: 0.6ms
[93.550s][info][gc,phases      ] GC(802)   Post Evacuate Collection Set: 0.4ms
[93.550s][info][gc,phases      ] GC(802)   Other: 0.1ms
[93.550s][info][gc,heap        ] GC(802) Eden regions: 351->0(351)
[93.550s][info][gc,heap        ] GC(802) Survivor regions: 2->2(45)
[93.550s][info][gc,heap        ] GC(802) Old regions: 45->45
[93.550s][info][gc,heap        ] GC(802) Archive regions: 0->0
[93.550s][info][gc,heap        ] GC(802) Humongous regions: 0->0
[93.550s][info][gc,metaspace   ] GC(802) Metaspace: 74616K(75584K)->74616K(75584K) NonClass: 59346K(59584K)->59346K(59584K) Class: 15269K(16000K)->15269K(16000K)
[93.550s][info][gc             ] GC(802) Pause Young (Normal) (G1 Evacuation Pause) 390M->39M(589M) 1.535ms
[93.550s][info][gc,cpu         ] GC(802) User=0.00s Sys=0.00s Real=0.00s
[93.795s][info][gc,start       ] GC(803) Pause Young (Normal) (G1 Evacuation Pause)
[93.795s][info][gc,task        ] GC(803) Using 16 workers of 33 for evacuation
[93.797s][info][gc,phases      ] GC(803)   Pre Evacuate Collection Set: 0.1ms
[93.797s][info][gc,phases      ] GC(803)   Merge Heap Roots: 0.1ms
[93.797s][info][gc,phases      ] GC(803)   Evacuate Collection Set: 0.6ms
[93.797s][info][gc,phases      ] GC(803)   Post Evacuate Collection Set: 0.4ms
[93.797s][info][gc,phases      ] GC(803)   Other: 0.1ms
[93.797s][info][gc,heap        ] GC(803) Eden regions: 351->0(351)
[93.797s][info][gc,heap        ] GC(803) Survivor regions: 2->2(45)
[93.797s][info][gc,heap        ] GC(803) Old regions: 45->45
[93.797s][info][gc,heap        ] GC(803) Archive regions: 0->0
[93.797s][info][gc,heap        ] GC(803) Humongous regions: 0->0
[93.797s][info][gc,metaspace   ] GC(803) Metaspace: 74616K(75584K)->74616K(75584K) NonClass: 59346K(59584K)->59346K(59584K) Class: 15269K(16000K)->15269K(16000K)
[93.797s][info][gc             ] GC(803) Pause Young (Normal) (G1 Evacuation Pause) 390M->39M(589M) 1.568ms
[93.797s][info][gc,cpu         ] GC(803) User=0.00s Sys=0.00s Real=0.00s
[93.872s][info][gc,start       ] GC(804) Pause Full (System.gc())
[93.873s][info][gc,task        ] GC(804) Using 15 workers of 33 for full compaction
[93.873s][info][gc,phases,start] GC(804) Phase 1: Mark live objects
[93.894s][info][gc,phases      ] GC(804) Phase 1: Mark live objects 21.208ms
[93.894s][info][gc,phases,start] GC(804) Phase 2: Prepare compaction
[93.896s][info][gc,phases      ] GC(804) Phase 2: Prepare compaction 1.624ms
[93.896s][info][gc,phases,start] GC(804) Phase 3: Adjust pointers
[93.902s][info][gc,phases      ] GC(804) Phase 3: Adjust pointers 6.252ms
[93.902s][info][gc,phases,start] GC(804) Phase 4: Compact heap
[93.903s][info][gc,phases      ] GC(804) Phase 4: Compact heap 0.562ms
[93.911s][info][gc,heap        ] GC(804) Eden regions: 46->0(88)
[93.911s][info][gc,heap        ] GC(804) Survivor regions: 2->0(45)
[93.911s][info][gc,heap        ] GC(804) Old regions: 45->44
[93.911s][info][gc,heap        ] GC(804) Archive regions: 0->0
[93.911s][info][gc,heap        ] GC(804) Humongous regions: 0->0
[93.911s][info][gc,metaspace   ] GC(804) Metaspace: 74632K(75584K)->74632K(75584K) NonClass: 59363K(59584K)->59363K(59584K) Class: 15269K(16000K)->15269K(16000K)
[93.911s][info][gc             ] GC(804) Pause Full (System.gc()) 85M->35M(147M) 38.925ms
[93.911s][info][gc,cpu         ] GC(804) User=0.23s Sys=0.16s Real=0.03s
[93.955s][info][gc,start       ] GC(805) Pause Young (Concurrent Start) (G1 Evacuation Pause)
[93.955s][info][gc,task        ] GC(805) Using 33 workers of 33 for evacuation
[93.958s][info][gc,phases      ] GC(805)   Pre Evacuate Collection Set: 0.3ms
[93.958s][info][gc,phases      ] GC(805)   Merge Heap Roots: 0.2ms
[93.958s][info][gc,phases      ] GC(805)   Evacuate Collection Set: 1.4ms
[93.958s][info][gc,phases      ] GC(805)   Post Evacuate Collection Set: 0.6ms
[93.958s][info][gc,phases      ] GC(805)   Other: 0.1ms
[93.958s][info][gc,heap        ] GC(805) Eden regions: 88->0(84)
[93.958s][info][gc,heap        ] GC(805) Survivor regions: 0->4(11)
[93.958s][info][gc,heap        ] GC(805) Old regions: 44->44
[93.958s][info][gc,heap        ] GC(805) Archive regions: 0->0
[93.958s][info][gc,heap        ] GC(805) Humongous regions: 0->0
[93.958s][info][gc,metaspace   ] GC(805) Metaspace: 74958K(75904K)->74958K(75904K) NonClass: 59688K(59904K)->59688K(59904K) Class: 15269K(16000K)->15269K(16000K)
[93.958s][info][gc             ] GC(805) Pause Young (Concurrent Start) (G1 Evacuation Pause) 123M->39M(147M) 2.811ms
[93.958s][info][gc             ] GC(806) Concurrent Mark Cycle
[93.958s][info][gc,cpu         ] GC(805) User=0.00s Sys=0.00s Real=0.00s
[93.958s][info][gc,marking     ] GC(806) Concurrent Scan Root Regions
[93.962s][info][gc,marking     ] GC(806) Concurrent Scan Root Regions 4.122ms
[93.962s][info][gc,marking     ] GC(806) Concurrent Mark
[93.962s][info][gc,marking     ] GC(806) Concurrent Mark From Roots
[93.962s][info][gc,task        ] GC(806) Using 8 workers of 8 for marking
[93.972s][info][gc,marking     ] GC(806) Concurrent Mark From Roots 9.977ms
[93.973s][info][gc,marking     ] GC(806) Concurrent Preclean
[93.973s][info][gc,marking     ] GC(806) Concurrent Preclean 0.136ms
[93.973s][info][gc,start       ] GC(806) Pause Remark
[93.975s][info][gc             ] GC(806) Pause Remark 85M->85M(159M) 1.938ms
[93.975s][info][gc,cpu         ] GC(806) User=0.00s Sys=0.00s Real=0.00s
[93.975s][info][gc,marking     ] GC(806) Concurrent Mark 12.980ms
[93.975s][info][gc,marking     ] GC(806) Concurrent Rebuild Remembered Sets and Scrub Regions
[93.979s][info][gc,marking     ] GC(806) Concurrent Rebuild Remembered Sets and Scrub Regions 3.708ms
[93.979s][info][gc,start       ] GC(806) Pause Cleanup
[93.980s][info][gc             ] GC(806) Pause Cleanup 95M->95M(159M) 0.126ms
[93.980s][info][gc,cpu         ] GC(806) User=0.00s Sys=0.00s Real=0.00s
[93.980s][info][gc,marking     ] GC(806) Concurrent Clear Claimed Marks
[93.980s][info][gc,marking     ] GC(806) Concurrent Clear Claimed Marks 0.080ms
[93.980s][info][gc,marking     ] GC(806) Concurrent Cleanup for Next Mark
[93.980s][info][gc,marking     ] GC(806) Concurrent Cleanup for Next Mark 0.331ms
[93.981s][info][gc             ] GC(806) Concurrent Mark Cycle 22.384ms
[93.987s][info][gc,start       ] GC(807) Pause Young (Prepare Mixed) (G1 Evacuation Pause)
[93.987s][info][gc,task        ] GC(807) Using 33 workers of 33 for evacuation
[93.989s][info][gc,phases      ] GC(807)   Pre Evacuate Collection Set: 0.2ms
[93.989s][info][gc,phases      ] GC(807)   Merge Heap Roots: 0.2ms
[93.989s][info][gc,phases      ] GC(807)   Evacuate Collection Set: 1.1ms
[93.989s][info][gc,phases      ] GC(807)   Post Evacuate Collection Set: 0.6ms
[93.989s][info][gc,phases      ] GC(807)   Other: 0.1ms
[93.989s][info][gc,heap        ] GC(807) Eden regions: 84->0(91)
[93.989s][info][gc,heap        ] GC(807) Survivor regions: 4->4(11)
[93.989s][info][gc,heap        ] GC(807) Old regions: 44->44
[93.989s][info][gc,heap        ] GC(807) Archive regions: 0->0
[93.989s][info][gc,heap        ] GC(807) Humongous regions: 0->0
[93.989s][info][gc,metaspace   ] GC(807) Metaspace: 74958K(75904K)->74958K(75904K) NonClass: 59688K(59904K)->59688K(59904K) Class: 15269K(16000K)->15269K(16000K)
[93.989s][info][gc             ] GC(807) Pause Young (Prepare Mixed) (G1 Evacuation Pause) 123M->39M(159M) 2.347ms
[93.989s][info][gc,cpu         ] GC(807) User=0.00s Sys=0.00s Real=0.00s
[94.015s][info][gc,start       ] GC(808) Pause Young (Mixed) (G1 Evacuation Pause)
[94.015s][info][gc,task        ] GC(808) Using 33 workers of 33 for evacuation
[94.017s][info][gc,phases      ] GC(808)   Pre Evacuate Collection Set: 0.2ms
[94.017s][info][gc,phases      ] GC(808)   Merge Heap Roots: 0.1ms
[94.017s][info][gc,phases      ] GC(808)   Evacuate Collection Set: 1.2ms
[94.017s][info][gc,phases      ] GC(808)   Post Evacuate Collection Set: 0.6ms
[94.017s][info][gc,phases      ] GC(808)   Other: 0.1ms
[94.017s][info][gc,heap        ] GC(808) Eden regions: 91->0(91)
[94.017s][info][gc,heap        ] GC(808) Survivor regions: 4->4(12)
[94.017s][info][gc,heap        ] GC(808) Old regions: 44->43
[94.017s][info][gc,heap        ] GC(808) Archive regions: 0->0
[94.017s][info][gc,heap        ] GC(808) Humongous regions: 0->0
[94.017s][info][gc,metaspace   ] GC(808) Metaspace: 74958K(75904K)->74958K(75904K) NonClass: 59688K(59904K)->59688K(59904K) Class: 15269K(16000K)->15269K(16000K)
[94.017s][info][gc             ] GC(808) Pause Young (Mixed) (G1 Evacuation Pause) 130M->39M(159M) 2.424ms
[94.017s][info][gc,cpu         ] GC(808) User=0.00s Sys=0.00s Real=0.00s
[94.045s][info][gc,start       ] GC(809) Pause Young (Normal) (G1 Evacuation Pause)
[94.045s][info][gc,task        ] GC(809) Using 33 workers of 33 for evacuation
[94.047s][info][gc,phases      ] GC(809)   Pre Evacuate Collection Set: 0.2ms
[94.047s][info][gc,phases      ] GC(809)   Merge Heap Roots: 0.2ms
[94.047s][info][gc,phases      ] GC(809)   Evacuate Collection Set: 1.2ms
[94.047s][info][gc,phases      ] GC(809)   Post Evacuate Collection Set: 0.6ms
[94.047s][info][gc,phases      ] GC(809)   Other: 0.1ms
[94.048s][info][gc,heap        ] GC(809) Eden regions: 91->0(91)
[94.048s][info][gc,heap        ] GC(809) Survivor regions: 4->4(12)
[94.048s][info][gc,heap        ] GC(809) Old regions: 43->43
[94.048s][info][gc,heap        ] GC(809) Archive regions: 0->0
[94.048s][info][gc,heap        ] GC(809) Humongous regions: 0->0
[94.048s][info][gc,metaspace   ] GC(809) Metaspace: 74958K(75904K)->74958K(75904K) NonClass: 59688K(59904K)->59688K(59904K) Class: 15269K(16000K)->15269K(16000K)
[94.048s][info][gc             ] GC(809) Pause Young (Normal) (G1 Evacuation Pause) 130M->39M(159M) 2.482ms
[94.048s][info][gc,cpu         ] GC(809) User=0.00s Sys=0.00s Real=0.00s
[94.085s][info][gc,start       ] GC(810) Pause Young (Normal) (G1 Evacuation Pause)
[94.085s][info][gc,task        ] GC(810) Using 33 workers of 33 for evacuation
[94.090s][info][gc,phases      ] GC(810)   Pre Evacuate Collection Set: 0.2ms
[94.090s][info][gc,phases      ] GC(810)   Merge Heap Roots: 0.2ms
[94.091s][info][gc,phases      ] GC(810)   Evacuate Collection Set: 1.3ms
[94.091s][info][gc,phases      ] GC(810)   Post Evacuate Collection Set: 3.8ms
[94.091s][info][gc,phases      ] GC(810)   Other: 0.1ms
[94.091s][info][gc,heap        ] GC(810) Eden regions: 91->0(351)
[94.091s][info][gc,heap        ] GC(810) Survivor regions: 4->4(12)
[94.091s][info][gc,heap        ] GC(810) Old regions: 43->43
[94.091s][info][gc,heap        ] GC(810) Archive regions: 0->0
[94.091s][info][gc,heap        ] GC(810) Humongous regions: 0->0
[94.091s][info][gc,metaspace   ] GC(810) Metaspace: 74958K(75904K)->74958K(75904K) NonClass: 59688K(59904K)->59688K(59904K) Class: 15269K(16000K)->15269K(16000K)
[94.091s][info][gc             ] GC(810) Pause Young (Normal) (G1 Evacuation Pause) 130M->39M(592M) 5.920ms
[94.091s][info][gc,cpu         ] GC(810) User=0.00s Sys=0.00s Real=0.00s
[94.295s][info][gc,start       ] GC(811) Pause Young (Normal) (G1 Evacuation Pause)
[94.295s][info][gc,task        ] GC(811) Using 33 workers of 33 for evacuation
[94.298s][info][gc,phases      ] GC(811)   Pre Evacuate Collection Set: 0.2ms
[94.298s][info][gc,phases      ] GC(811)   Merge Heap Roots: 0.2ms
[94.298s][info][gc,phases      ] GC(811)   Evacuate Collection Set: 2.4ms
[94.298s][info][gc,phases      ] GC(811)   Post Evacuate Collection Set: 0.7ms
[94.298s][info][gc,phases      ] GC(811)   Other: 0.1ms
[94.298s][info][gc,heap        ] GC(811) Eden regions: 351->0(350)
[94.299s][info][gc,heap        ] GC(811) Survivor regions: 4->5(45)
[94.299s][info][gc,heap        ] GC(811) Old regions: 43->43
[94.299s][info][gc,heap        ] GC(811) Archive regions: 0->0
[94.299s][info][gc,heap        ] GC(811) Humongous regions: 0->0
[94.299s][info][gc,metaspace   ] GC(811) Metaspace: 74958K(75904K)->74958K(75904K) NonClass: 59688K(59904K)->59688K(59904K) Class: 15269K(16000K)->15269K(16000K)
[94.299s][info][gc             ] GC(811) Pause Young (Normal) (G1 Evacuation Pause) 390M->39M(592M) 3.858ms
[94.299s][info][gc,cpu         ] GC(811) User=0.00s Sys=0.00s Real=0.00s
[94.386s][info][gc,start       ] GC(812) Pause Young (Normal) (G1 Evacuation Pause)
[94.386s][info][gc,task        ] GC(812) Using 33 workers of 33 for evacuation
[94.390s][info][gc,phases      ] GC(812)   Pre Evacuate Collection Set: 0.2ms
[94.390s][info][gc,phases      ] GC(812)   Merge Heap Roots: 0.2ms
[94.390s][info][gc,phases      ] GC(812)   Evacuate Collection Set: 2.2ms
[94.390s][info][gc,phases      ] GC(812)   Post Evacuate Collection Set: 0.7ms
[94.390s][info][gc,phases      ] GC(812)   Other: 0.1ms
[94.390s][info][gc,heap        ] GC(812) Eden regions: 350->0(351)
[94.390s][info][gc,heap        ] GC(812) Survivor regions: 5->4(45)
[94.390s][info][gc,heap        ] GC(812) Old regions: 43->43
[94.390s][info][gc,heap        ] GC(812) Archive regions: 0->0
[94.390s][info][gc,heap        ] GC(812) Humongous regions: 0->0
[94.390s][info][gc,metaspace   ] GC(812) Metaspace: 74958K(75904K)->74958K(75904K) NonClass: 59688K(59904K)->59688K(59904K) Class: 15269K(16000K)->15269K(16000K)
[94.390s][info][gc             ] GC(812) Pause Young (Normal) (G1 Evacuation Pause) 389M->39M(592M) 3.709ms
[94.390s][info][gc,cpu         ] GC(812) User=0.00s Sys=0.00s Real=0.00s
[94.478s][info][gc,start       ] GC(813) Pause Young (Normal) (G1 Evacuation Pause)
[94.478s][info][gc,task        ] GC(813) Using 33 workers of 33 for evacuation
[94.480s][info][gc,phases      ] GC(813)   Pre Evacuate Collection Set: 0.2ms
[94.480s][info][gc,phases      ] GC(813)   Merge Heap Roots: 0.2ms
[94.480s][info][gc,phases      ] GC(813)   Evacuate Collection Set: 1.4ms
[94.480s][info][gc,phases      ] GC(813)   Post Evacuate Collection Set: 0.7ms
[94.480s][info][gc,phases      ] GC(813)   Other: 0.1ms
[94.480s][info][gc,heap        ] GC(813) Eden regions: 351->0(351)
[94.480s][info][gc,heap        ] GC(813) Survivor regions: 4->4(45)
[94.480s][info][gc,heap        ] GC(813) Old regions: 43->43
[94.480s][info][gc,heap        ] GC(813) Archive regions: 0->0
[94.480s][info][gc,heap        ] GC(813) Humongous regions: 0->0
[94.480s][info][gc,metaspace   ] GC(813) Metaspace: 74958K(75904K)->74958K(75904K) NonClass: 59688K(59904K)->59688K(59904K) Class: 15269K(16000K)->15269K(16000K)
[94.480s][info][gc             ] GC(813) Pause Young (Normal) (G1 Evacuation Pause) 390M->39M(592M) 2.752ms
[94.480s][info][gc,cpu         ] GC(813) User=0.00s Sys=0.00s Real=0.00s
[94.568s][info][gc,start       ] GC(814) Pause Young (Normal) (G1 Evacuation Pause)
[94.568s][info][gc,task        ] GC(814) Using 33 workers of 33 for evacuation
[94.571s][info][gc,phases      ] GC(814)   Pre Evacuate Collection Set: 0.2ms
[94.571s][info][gc,phases      ] GC(814)   Merge Heap Roots: 0.2ms
[94.571s][info][gc,phases      ] GC(814)   Evacuate Collection Set: 1.2ms
[94.571s][info][gc,phases      ] GC(814)   Post Evacuate Collection Set: 0.6ms
[94.571s][info][gc,phases      ] GC(814)   Other: 0.1ms
[94.571s][info][gc,heap        ] GC(814) Eden regions: 351->0(351)
[94.571s][info][gc,heap        ] GC(814) Survivor regions: 4->4(45)
[94.571s][info][gc,heap        ] GC(814) Old regions: 43->43
[94.571s][info][gc,heap        ] GC(814) Archive regions: 0->0
[94.571s][info][gc,heap        ] GC(814) Humongous regions: 0->0
[94.571s][info][gc,metaspace   ] GC(814) Metaspace: 74958K(75904K)->74958K(75904K) NonClass: 59688K(59904K)->59688K(59904K) Class: 15269K(16000K)->15269K(16000K)
[94.571s][info][gc             ] GC(814) Pause Young (Normal) (G1 Evacuation Pause) 390M->39M(592M) 2.534ms
[94.571s][info][gc,cpu         ] GC(814) User=0.00s Sys=0.00s Real=0.00s
[94.659s][info][gc,start       ] GC(815) Pause Young (Normal) (G1 Evacuation Pause)
[94.659s][info][gc,task        ] GC(815) Using 33 workers of 33 for evacuation
[94.661s][info][gc,phases      ] GC(815)   Pre Evacuate Collection Set: 0.2ms
[94.661s][info][gc,phases      ] GC(815)   Merge Heap Roots: 0.2ms
[94.661s][info][gc,phases      ] GC(815)   Evacuate Collection Set: 1.2ms
[94.661s][info][gc,phases      ] GC(815)   Post Evacuate Collection Set: 0.7ms
[94.661s][info][gc,phases      ] GC(815)   Other: 0.1ms
[94.661s][info][gc,heap        ] GC(815) Eden regions: 351->0(351)
[94.661s][info][gc,heap        ] GC(815) Survivor regions: 4->4(45)
[94.661s][info][gc,heap        ] GC(815) Old regions: 43->43
[94.661s][info][gc,heap        ] GC(815) Archive regions: 0->0
[94.661s][info][gc,heap        ] GC(815) Humongous regions: 0->0
[94.661s][info][gc,metaspace   ] GC(815) Metaspace: 74958K(75904K)->74958K(75904K) NonClass: 59688K(59904K)->59688K(59904K) Class: 15269K(16000K)->15269K(16000K)
[94.661s][info][gc             ] GC(815) Pause Young (Normal) (G1 Evacuation Pause) 390M->39M(592M) 2.596ms
[94.661s][info][gc,cpu         ] GC(815) User=0.00s Sys=0.00s Real=0.00s
[94.749s][info][gc,start       ] GC(816) Pause Young (Normal) (G1 Evacuation Pause)
[94.749s][info][gc,task        ] GC(816) Using 33 workers of 33 for evacuation
[94.751s][info][gc,phases      ] GC(816)   Pre Evacuate Collection Set: 0.2ms
[94.751s][info][gc,phases      ] GC(816)   Merge Heap Roots: 0.2ms
[94.751s][info][gc,phases      ] GC(816)   Evacuate Collection Set: 1.2ms
[94.751s][info][gc,phases      ] GC(816)   Post Evacuate Collection Set: 0.7ms
[94.751s][info][gc,phases      ] GC(816)   Other: 0.1ms
[94.751s][info][gc,heap        ] GC(816) Eden regions: 351->0(351)
[94.752s][info][gc,heap        ] GC(816) Survivor regions: 4->4(45)
[94.752s][info][gc,heap        ] GC(816) Old regions: 43->43
[94.752s][info][gc,heap        ] GC(816) Archive regions: 0->0
[94.752s][info][gc,heap        ] GC(816) Humongous regions: 0->0
[94.752s][info][gc,metaspace   ] GC(816) Metaspace: 74958K(75904K)->74958K(75904K) NonClass: 59688K(59904K)->59688K(59904K) Class: 15269K(16000K)->15269K(16000K)
[94.752s][info][gc             ] GC(816) Pause Young (Normal) (G1 Evacuation Pause) 390M->39M(592M) 2.639ms
[94.752s][info][gc,cpu         ] GC(816) User=0.00s Sys=0.00s Real=0.00s
[94.839s][info][gc,start       ] GC(817) Pause Young (Normal) (G1 Evacuation Pause)
[94.839s][info][gc,task        ] GC(817) Using 33 workers of 33 for evacuation
[94.842s][info][gc,phases      ] GC(817)   Pre Evacuate Collection Set: 0.2ms
[94.842s][info][gc,phases      ] GC(817)   Merge Heap Roots: 0.2ms
[94.842s][info][gc,phases      ] GC(817)   Evacuate Collection Set: 1.2ms
[94.842s][info][gc,phases      ] GC(817)   Post Evacuate Collection Set: 0.7ms
[94.842s][info][gc,phases      ] GC(817)   Other: 0.1ms
[94.842s][info][gc,heap        ] GC(817) Eden regions: 351->0(351)
[94.842s][info][gc,heap        ] GC(817) Survivor regions: 4->4(45)
[94.842s][info][gc,heap        ] GC(817) Old regions: 43->43
[94.842s][info][gc,heap        ] GC(817) Archive regions: 0->0
[94.842s][info][gc,heap        ] GC(817) Humongous regions: 0->0
[94.842s][info][gc,metaspace   ] GC(817) Metaspace: 74958K(75904K)->74958K(75904K) NonClass: 59688K(59904K)->59688K(59904K) Class: 15269K(16000K)->15269K(16000K)
[94.842s][info][gc             ] GC(817) Pause Young (Normal) (G1 Evacuation Pause) 390M->39M(592M) 2.599ms
[94.842s][info][gc,cpu         ] GC(817) User=0.52s Sys=0.00s Real=0.00s
[94.934s][info][gc,start       ] GC(818) Pause Young (Normal) (G1 Evacuation Pause)
[94.934s][info][gc,task        ] GC(818) Using 33 workers of 33 for evacuation
[94.936s][info][gc,phases      ] GC(818)   Pre Evacuate Collection Set: 0.2ms
[94.936s][info][gc,phases      ] GC(818)   Merge Heap Roots: 0.2ms
[94.937s][info][gc,phases      ] GC(818)   Evacuate Collection Set: 1.2ms
[94.937s][info][gc,phases      ] GC(818)   Post Evacuate Collection Set: 0.7ms
[94.937s][info][gc,phases      ] GC(818)   Other: 0.1ms
[94.937s][info][gc,heap        ] GC(818) Eden regions: 351->0(351)
[94.937s][info][gc,heap        ] GC(818) Survivor regions: 4->4(45)
[94.937s][info][gc,heap        ] GC(818) Old regions: 43->43
[94.937s][info][gc,heap        ] GC(818) Archive regions: 0->0
[94.937s][info][gc,heap        ] GC(818) Humongous regions: 0->0
[94.937s][info][gc,metaspace   ] GC(818) Metaspace: 74958K(75904K)->74958K(75904K) NonClass: 59688K(59904K)->59688K(59904K) Class: 15269K(16000K)->15269K(16000K)
[94.937s][info][gc             ] GC(818) Pause Young (Normal) (G1 Evacuation Pause) 390M->39M(592M) 2.626ms
[94.937s][info][gc,cpu         ] GC(818) User=0.00s Sys=0.00s Real=0.00s
[95.025s][info][gc,start       ] GC(819) Pause Young (Normal) (G1 Evacuation Pause)
[95.025s][info][gc,task        ] GC(819) Using 33 workers of 33 for evacuation
[95.027s][info][gc,phases      ] GC(819)   Pre Evacuate Collection Set: 0.2ms
[95.027s][info][gc,phases      ] GC(819)   Merge Heap Roots: 0.2ms
[95.027s][info][gc,phases      ] GC(819)   Evacuate Collection Set: 1.2ms
[95.027s][info][gc,phases      ] GC(819)   Post Evacuate Collection Set: 0.7ms
[95.027s][info][gc,phases      ] GC(819)   Other: 0.1ms
[95.027s][info][gc,heap        ] GC(819) Eden regions: 351->0(351)
[95.027s][info][gc,heap        ] GC(819) Survivor regions: 4->4(45)
[95.027s][info][gc,heap        ] GC(819) Old regions: 43->43
[95.027s][info][gc,heap        ] GC(819) Archive regions: 0->0
[95.027s][info][gc,heap        ] GC(819) Humongous regions: 0->0
[95.027s][info][gc,metaspace   ] GC(819) Metaspace: 74958K(75904K)->74958K(75904K) NonClass: 59688K(59904K)->59688K(59904K) Class: 15269K(16000K)->15269K(16000K)
[95.027s][info][gc             ] GC(819) Pause Young (Normal) (G1 Evacuation Pause) 390M->39M(592M) 2.724ms
[95.028s][info][gc,cpu         ] GC(819) User=0.00s Sys=0.00s Real=0.00s
[95.115s][info][gc,start       ] GC(820) Pause Young (Normal) (G1 Evacuation Pause)
[95.115s][info][gc,task        ] GC(820) Using 33 workers of 33 for evacuation
[95.118s][info][gc,phases      ] GC(820)   Pre Evacuate Collection Set: 0.2ms
[95.118s][info][gc,phases      ] GC(820)   Merge Heap Roots: 0.2ms
[95.118s][info][gc,phases      ] GC(820)   Evacuate Collection Set: 1.2ms
[95.118s][info][gc,phases      ] GC(820)   Post Evacuate Collection Set: 0.7ms
[95.118s][info][gc,phases      ] GC(820)   Other: 0.1ms
[95.118s][info][gc,heap        ] GC(820) Eden regions: 351->0(351)
[95.118s][info][gc,heap        ] GC(820) Survivor regions: 4->4(45)
[95.118s][info][gc,heap        ] GC(820) Old regions: 43->43
[95.118s][info][gc,heap        ] GC(820) Archive regions: 0->0
[95.118s][info][gc,heap        ] GC(820) Humongous regions: 0->0
[95.118s][info][gc,metaspace   ] GC(820) Metaspace: 74958K(75904K)->74958K(75904K) NonClass: 59688K(59904K)->59688K(59904K) Class: 15269K(16000K)->15269K(16000K)
[95.118s][info][gc             ] GC(820) Pause Young (Normal) (G1 Evacuation Pause) 390M->39M(592M) 2.561ms
[95.118s][info][gc,cpu         ] GC(820) User=0.00s Sys=0.00s Real=0.00s
[95.206s][info][gc,start       ] GC(821) Pause Young (Normal) (G1 Evacuation Pause)
[95.206s][info][gc,task        ] GC(821) Using 33 workers of 33 for evacuation
[95.208s][info][gc,phases      ] GC(821)   Pre Evacuate Collection Set: 0.2ms
[95.208s][info][gc,phases      ] GC(821)   Merge Heap Roots: 0.2ms
[95.208s][info][gc,phases      ] GC(821)   Evacuate Collection Set: 1.2ms
[95.208s][info][gc,phases      ] GC(821)   Post Evacuate Collection Set: 0.5ms
[95.208s][info][gc,phases      ] GC(821)   Other: 0.1ms
[95.208s][info][gc,heap        ] GC(821) Eden regions: 351->0(353)
[95.208s][info][gc,heap        ] GC(821) Survivor regions: 4->2(45)
[95.208s][info][gc,heap        ] GC(821) Old regions: 43->45
[95.208s][info][gc,heap        ] GC(821) Archive regions: 0->0
[95.208s][info][gc,heap        ] GC(821) Humongous regions: 0->0
[95.208s][info][gc,metaspace   ] GC(821) Metaspace: 74958K(75904K)->74958K(75904K) NonClass: 59688K(59904K)->59688K(59904K) Class: 15269K(16000K)->15269K(16000K)
[95.208s][info][gc             ] GC(821) Pause Young (Normal) (G1 Evacuation Pause) 390M->39M(592M) 2.425ms
[95.208s][info][gc,cpu         ] GC(821) User=0.00s Sys=0.00s Real=0.00s
[95.296s][info][gc,start       ] GC(822) Pause Young (Normal) (G1 Evacuation Pause)
[95.297s][info][gc,task        ] GC(822) Using 33 workers of 33 for evacuation
[95.298s][info][gc,phases      ] GC(822)   Pre Evacuate Collection Set: 0.2ms
[95.298s][info][gc,phases      ] GC(822)   Merge Heap Roots: 0.2ms
[95.298s][info][gc,phases      ] GC(822)   Evacuate Collection Set: 0.8ms
[95.298s][info][gc,phases      ] GC(822)   Post Evacuate Collection Set: 0.5ms
[95.298s][info][gc,phases      ] GC(822)   Other: 0.1ms
[95.298s][info][gc,heap        ] GC(822) Eden regions: 353->0(353)
[95.298s][info][gc,heap        ] GC(822) Survivor regions: 2->2(45)
[95.298s][info][gc,heap        ] GC(822) Old regions: 45->45
[95.298s][info][gc,heap        ] GC(822) Archive regions: 0->0
[95.299s][info][gc,heap        ] GC(822) Humongous regions: 0->0
[95.299s][info][gc,metaspace   ] GC(822) Metaspace: 74958K(75904K)->74958K(75904K) NonClass: 59688K(59904K)->59688K(59904K) Class: 15269K(16000K)->15269K(16000K)
[95.299s][info][gc             ] GC(822) Pause Young (Normal) (G1 Evacuation Pause) 392M->39M(592M) 2.062ms
[95.299s][info][gc,cpu         ] GC(822) User=0.00s Sys=0.00s Real=0.00s
[95.387s][info][gc,start       ] GC(823) Pause Young (Normal) (G1 Evacuation Pause)
[95.387s][info][gc,task        ] GC(823) Using 33 workers of 33 for evacuation
[95.389s][info][gc,phases      ] GC(823)   Pre Evacuate Collection Set: 0.2ms
[95.389s][info][gc,phases      ] GC(823)   Merge Heap Roots: 0.2ms
[95.389s][info][gc,phases      ] GC(823)   Evacuate Collection Set: 0.9ms
[95.389s][info][gc,phases      ] GC(823)   Post Evacuate Collection Set: 0.5ms
[95.389s][info][gc,phases      ] GC(823)   Other: 0.1ms
[95.389s][info][gc,heap        ] GC(823) Eden regions: 353->0(353)
[95.389s][info][gc,heap        ] GC(823) Survivor regions: 2->2(45)
[95.389s][info][gc,heap        ] GC(823) Old regions: 45->45
[95.389s][info][gc,heap        ] GC(823) Archive regions: 0->0
[95.389s][info][gc,heap        ] GC(823) Humongous regions: 0->0
[95.389s][info][gc,metaspace   ] GC(823) Metaspace: 74958K(75904K)->74958K(75904K) NonClass: 59688K(59904K)->59688K(59904K) Class: 15269K(16000K)->15269K(16000K)
[95.389s][info][gc             ] GC(823) Pause Young (Normal) (G1 Evacuation Pause) 392M->39M(592M) 2.212ms
[95.389s][info][gc,cpu         ] GC(823) User=0.02s Sys=0.41s Real=0.00s
[95.478s][info][gc,start       ] GC(824) Pause Young (Normal) (G1 Evacuation Pause)
[95.478s][info][gc,task        ] GC(824) Using 33 workers of 33 for evacuation
[95.479s][info][gc,phases      ] GC(824)   Pre Evacuate Collection Set: 0.2ms
[95.480s][info][gc,phases      ] GC(824)   Merge Heap Roots: 0.2ms
[95.480s][info][gc,phases      ] GC(824)   Evacuate Collection Set: 0.9ms
[95.480s][info][gc,phases      ] GC(824)   Post Evacuate Collection Set: 0.5ms
[95.480s][info][gc,phases      ] GC(824)   Other: 0.1ms
[95.480s][info][gc,heap        ] GC(824) Eden regions: 353->0(353)
[95.480s][info][gc,heap        ] GC(824) Survivor regions: 2->2(45)
[95.480s][info][gc,heap        ] GC(824) Old regions: 45->45
[95.480s][info][gc,heap        ] GC(824) Archive regions: 0->0
[95.480s][info][gc,heap        ] GC(824) Humongous regions: 0->0
[95.480s][info][gc,metaspace   ] GC(824) Metaspace: 74958K(75904K)->74958K(75904K) NonClass: 59688K(59904K)->59688K(59904K) Class: 15269K(16000K)->15269K(16000K)
[95.480s][info][gc             ] GC(824) Pause Young (Normal) (G1 Evacuation Pause) 392M->39M(592M) 2.054ms
[95.480s][info][gc,cpu         ] GC(824) User=0.00s Sys=0.00s Real=0.00s
[95.568s][info][gc,start       ] GC(825) Pause Young (Normal) (G1 Evacuation Pause)
[95.568s][info][gc,task        ] GC(825) Using 33 workers of 33 for evacuation
[95.570s][info][gc,phases      ] GC(825)   Pre Evacuate Collection Set: 0.2ms
[95.570s][info][gc,phases      ] GC(825)   Merge Heap Roots: 0.2ms
[95.570s][info][gc,phases      ] GC(825)   Evacuate Collection Set: 0.9ms
[95.570s][info][gc,phases      ] GC(825)   Post Evacuate Collection Set: 0.5ms
[95.570s][info][gc,phases      ] GC(825)   Other: 0.1ms
[95.570s][info][gc,heap        ] GC(825) Eden regions: 353->0(353)
[95.570s][info][gc,heap        ] GC(825) Survivor regions: 2->2(45)
[95.570s][info][gc,heap        ] GC(825) Old regions: 45->45
[95.570s][info][gc,heap        ] GC(825) Archive regions: 0->0
[95.570s][info][gc,heap        ] GC(825) Humongous regions: 0->0
[95.570s][info][gc,metaspace   ] GC(825) Metaspace: 74958K(75904K)->74958K(75904K) NonClass: 59688K(59904K)->59688K(59904K) Class: 15269K(16000K)->15269K(16000K)
[95.570s][info][gc             ] GC(825) Pause Young (Normal) (G1 Evacuation Pause) 392M->39M(592M) 2.074ms
[95.570s][info][gc,cpu         ] GC(825) User=0.00s Sys=0.00s Real=0.00s
[95.659s][info][gc,start       ] GC(826) Pause Young (Normal) (G1 Evacuation Pause)
[95.659s][info][gc,task        ] GC(826) Using 33 workers of 33 for evacuation
[95.661s][info][gc,phases      ] GC(826)   Pre Evacuate Collection Set: 0.2ms
[95.661s][info][gc,phases      ] GC(826)   Merge Heap Roots: 0.2ms
[95.661s][info][gc,phases      ] GC(826)   Evacuate Collection Set: 0.9ms
[95.661s][info][gc,phases      ] GC(826)   Post Evacuate Collection Set: 0.5ms
[95.661s][info][gc,phases      ] GC(826)   Other: 0.1ms
[95.661s][info][gc,heap        ] GC(826) Eden regions: 353->0(353)
[95.661s][info][gc,heap        ] GC(826) Survivor regions: 2->2(45)
[95.661s][info][gc,heap        ] GC(826) Old regions: 45->45
[95.661s][info][gc,heap        ] GC(826) Archive regions: 0->0
[95.661s][info][gc,heap        ] GC(826) Humongous regions: 0->0
[95.661s][info][gc,metaspace   ] GC(826) Metaspace: 74958K(75904K)->74958K(75904K) NonClass: 59688K(59904K)->59688K(59904K) Class: 15269K(16000K)->15269K(16000K)
[95.661s][info][gc             ] GC(826) Pause Young (Normal) (G1 Evacuation Pause) 392M->39M(592M) 2.166ms
[95.661s][info][gc,cpu         ] GC(826) User=0.00s Sys=0.00s Real=0.00s
[95.750s][info][gc,start       ] GC(827) Pause Young (Normal) (G1 Evacuation Pause)
[95.750s][info][gc,task        ] GC(827) Using 33 workers of 33 for evacuation
[95.751s][info][gc,phases      ] GC(827)   Pre Evacuate Collection Set: 0.2ms
[95.751s][info][gc,phases      ] GC(827)   Merge Heap Roots: 0.2ms
[95.752s][info][gc,phases      ] GC(827)   Evacuate Collection Set: 0.9ms
[95.752s][info][gc,phases      ] GC(827)   Post Evacuate Collection Set: 0.5ms
[95.752s][info][gc,phases      ] GC(827)   Other: 0.1ms
[95.752s][info][gc,heap        ] GC(827) Eden regions: 353->0(353)
[95.752s][info][gc,heap        ] GC(827) Survivor regions: 2->2(45)
[95.752s][info][gc,heap        ] GC(827) Old regions: 45->45
[95.752s][info][gc,heap        ] GC(827) Archive regions: 0->0
[95.752s][info][gc,heap        ] GC(827) Humongous regions: 0->0
[95.752s][info][gc,metaspace   ] GC(827) Metaspace: 74958K(75904K)->74958K(75904K) NonClass: 59688K(59904K)->59688K(59904K) Class: 15269K(16000K)->15269K(16000K)
[95.752s][info][gc             ] GC(827) Pause Young (Normal) (G1 Evacuation Pause) 392M->39M(592M) 2.082ms
[95.752s][info][gc,cpu         ] GC(827) User=0.00s Sys=0.00s Real=0.00s
[95.840s][info][gc,start       ] GC(828) Pause Young (Normal) (G1 Evacuation Pause)
[95.840s][info][gc,task        ] GC(828) Using 33 workers of 33 for evacuation
[95.842s][info][gc,phases      ] GC(828)   Pre Evacuate Collection Set: 0.2ms
[95.842s][info][gc,phases      ] GC(828)   Merge Heap Roots: 0.2ms
[95.842s][info][gc,phases      ] GC(828)   Evacuate Collection Set: 0.8ms
[95.842s][info][gc,phases      ] GC(828)   Post Evacuate Collection Set: 0.5ms
[95.842s][info][gc,phases      ] GC(828)   Other: 0.1ms
[95.842s][info][gc,heap        ] GC(828) Eden regions: 353->0(353)
[95.842s][info][gc,heap        ] GC(828) Survivor regions: 2->2(45)
[95.842s][info][gc,heap        ] GC(828) Old regions: 45->45
[95.842s][info][gc,heap        ] GC(828) Archive regions: 0->0
[95.842s][info][gc,heap        ] GC(828) Humongous regions: 0->0
[95.842s][info][gc,metaspace   ] GC(828) Metaspace: 74958K(75904K)->74958K(75904K) NonClass: 59688K(59904K)->59688K(59904K) Class: 15269K(16000K)->15269K(16000K)
[95.842s][info][gc             ] GC(828) Pause Young (Normal) (G1 Evacuation Pause) 392M->39M(592M) 2.037ms
[95.842s][info][gc,cpu         ] GC(828) User=0.00s Sys=0.02s Real=0.00s
[95.930s][info][gc,start       ] GC(829) Pause Young (Normal) (G1 Evacuation Pause)
[95.930s][info][gc,task        ] GC(829) Using 33 workers of 33 for evacuation
[95.932s][info][gc,phases      ] GC(829)   Pre Evacuate Collection Set: 0.2ms
[95.932s][info][gc,phases      ] GC(829)   Merge Heap Roots: 0.2ms
[95.932s][info][gc,phases      ] GC(829)   Evacuate Collection Set: 0.8ms
[95.932s][info][gc,phases      ] GC(829)   Post Evacuate Collection Set: 0.5ms
[95.932s][info][gc,phases      ] GC(829)   Other: 0.1ms
[95.932s][info][gc,heap        ] GC(829) Eden regions: 353->0(353)
[95.932s][info][gc,heap        ] GC(829) Survivor regions: 2->2(45)
[95.932s][info][gc,heap        ] GC(829) Old regions: 45->45
[95.932s][info][gc,heap        ] GC(829) Archive regions: 0->0
[95.932s][info][gc,heap        ] GC(829) Humongous regions: 0->0
[95.932s][info][gc,metaspace   ] GC(829) Metaspace: 74958K(75904K)->74958K(75904K) NonClass: 59688K(59904K)->59688K(59904K) Class: 15269K(16000K)->15269K(16000K)
[95.932s][info][gc             ] GC(829) Pause Young (Normal) (G1 Evacuation Pause) 392M->39M(592M) 2.106ms
[95.933s][info][gc,cpu         ] GC(829) User=0.00s Sys=0.00s Real=0.00s
[96.021s][info][gc,start       ] GC(830) Pause Young (Normal) (G1 Evacuation Pause)
[96.021s][info][gc,task        ] GC(830) Using 33 workers of 33 for evacuation
[96.023s][info][gc,phases      ] GC(830)   Pre Evacuate Collection Set: 0.2ms
[96.023s][info][gc,phases      ] GC(830)   Merge Heap Roots: 0.2ms
[96.023s][info][gc,phases      ] GC(830)   Evacuate Collection Set: 0.9ms
[96.023s][info][gc,phases      ] GC(830)   Post Evacuate Collection Set: 0.5ms
[96.023s][info][gc,phases      ] GC(830)   Other: 0.1ms
[96.023s][info][gc,heap        ] GC(830) Eden regions: 353->0(353)
[96.023s][info][gc,heap        ] GC(830) Survivor regions: 2->2(45)
[96.023s][info][gc,heap        ] GC(830) Old regions: 45->45
[96.023s][info][gc,heap        ] GC(830) Archive regions: 0->0
[96.023s][info][gc,heap        ] GC(830) Humongous regions: 0->0
[96.023s][info][gc,metaspace   ] GC(830) Metaspace: 74958K(75904K)->74958K(75904K) NonClass: 59688K(59904K)->59688K(59904K) Class: 15269K(16000K)->15269K(16000K)
[96.023s][info][gc             ] GC(830) Pause Young (Normal) (G1 Evacuation Pause) 392M->39M(592M) 2.136ms
[96.023s][info][gc,cpu         ] GC(830) User=0.00s Sys=0.00s Real=0.00s
[96.112s][info][gc,start       ] GC(831) Pause Young (Normal) (G1 Evacuation Pause)
[96.112s][info][gc,task        ] GC(831) Using 33 workers of 33 for evacuation
[96.114s][info][gc,phases      ] GC(831)   Pre Evacuate Collection Set: 0.2ms
[96.114s][info][gc,phases      ] GC(831)   Merge Heap Roots: 0.2ms
[96.114s][info][gc,phases      ] GC(831)   Evacuate Collection Set: 0.8ms
[96.114s][info][gc,phases      ] GC(831)   Post Evacuate Collection Set: 0.5ms
[96.114s][info][gc,phases      ] GC(831)   Other: 0.1ms
[96.114s][info][gc,heap        ] GC(831) Eden regions: 353->0(353)
[96.114s][info][gc,heap        ] GC(831) Survivor regions: 2->2(45)
[96.114s][info][gc,heap        ] GC(831) Old regions: 45->45
[96.114s][info][gc,heap        ] GC(831) Archive regions: 0->0
[96.114s][info][gc,heap        ] GC(831) Humongous regions: 0->0
[96.114s][info][gc,metaspace   ] GC(831) Metaspace: 74958K(75904K)->74958K(75904K) NonClass: 59688K(59904K)->59688K(59904K) Class: 15269K(16000K)->15269K(16000K)
[96.114s][info][gc             ] GC(831) Pause Young (Normal) (G1 Evacuation Pause) 392M->39M(592M) 2.127ms
[96.114s][info][gc,cpu         ] GC(831) User=0.00s Sys=0.00s Real=0.00s
[96.203s][info][gc,start       ] GC(832) Pause Young (Normal) (G1 Evacuation Pause)
[96.203s][info][gc,task        ] GC(832) Using 33 workers of 33 for evacuation
[96.204s][info][gc,phases      ] GC(832)   Pre Evacuate Collection Set: 0.2ms
[96.204s][info][gc,phases      ] GC(832)   Merge Heap Roots: 0.2ms
[96.204s][info][gc,phases      ] GC(832)   Evacuate Collection Set: 0.8ms
[96.204s][info][gc,phases      ] GC(832)   Post Evacuate Collection Set: 0.5ms
[96.205s][info][gc,phases      ] GC(832)   Other: 0.1ms
[96.205s][info][gc,heap        ] GC(832) Eden regions: 353->0(353)
[96.205s][info][gc,heap        ] GC(832) Survivor regions: 2->2(45)
[96.205s][info][gc,heap        ] GC(832) Old regions: 45->45
[96.205s][info][gc,heap        ] GC(832) Archive regions: 0->0
[96.205s][info][gc,heap        ] GC(832) Humongous regions: 0->0
[96.205s][info][gc,metaspace   ] GC(832) Metaspace: 74958K(75904K)->74958K(75904K) NonClass: 59688K(59904K)->59688K(59904K) Class: 15269K(16000K)->15269K(16000K)
[96.205s][info][gc             ] GC(832) Pause Young (Normal) (G1 Evacuation Pause) 392M->39M(592M) 2.007ms
[96.205s][info][gc,cpu         ] GC(832) User=0.00s Sys=0.00s Real=0.00s
[96.293s][info][gc,start       ] GC(833) Pause Young (Normal) (G1 Evacuation Pause)
[96.293s][info][gc,task        ] GC(833) Using 33 workers of 33 for evacuation
[96.295s][info][gc,phases      ] GC(833)   Pre Evacuate Collection Set: 0.2ms
[96.295s][info][gc,phases      ] GC(833)   Merge Heap Roots: 0.2ms
[96.295s][info][gc,phases      ] GC(833)   Evacuate Collection Set: 0.8ms
[96.295s][info][gc,phases      ] GC(833)   Post Evacuate Collection Set: 0.5ms
[96.295s][info][gc,phases      ] GC(833)   Other: 0.1ms
[96.295s][info][gc,heap        ] GC(833) Eden regions: 353->0(353)
[96.295s][info][gc,heap        ] GC(833) Survivor regions: 2->2(45)
[96.295s][info][gc,heap        ] GC(833) Old regions: 45->45
[96.295s][info][gc,heap        ] GC(833) Archive regions: 0->0
[96.295s][info][gc,heap        ] GC(833) Humongous regions: 0->0
[96.295s][info][gc,metaspace   ] GC(833) Metaspace: 74958K(75904K)->74958K(75904K) NonClass: 59688K(59904K)->59688K(59904K) Class: 15269K(16000K)->15269K(16000K)
[96.295s][info][gc             ] GC(833) Pause Young (Normal) (G1 Evacuation Pause) 392M->39M(592M) 2.171ms
[96.295s][info][gc,cpu         ] GC(833) User=0.52s Sys=0.00s Real=0.00s
[96.384s][info][gc,start       ] GC(834) Pause Young (Normal) (G1 Evacuation Pause)
[96.384s][info][gc,task        ] GC(834) Using 33 workers of 33 for evacuation
[96.386s][info][gc,phases      ] GC(834)   Pre Evacuate Collection Set: 0.2ms
[96.386s][info][gc,phases      ] GC(834)   Merge Heap Roots: 0.2ms
[96.386s][info][gc,phases      ] GC(834)   Evacuate Collection Set: 0.8ms
[96.386s][info][gc,phases      ] GC(834)   Post Evacuate Collection Set: 0.5ms
[96.386s][info][gc,phases      ] GC(834)   Other: 0.1ms
[96.386s][info][gc,heap        ] GC(834) Eden regions: 353->0(353)
[96.386s][info][gc,heap        ] GC(834) Survivor regions: 2->2(45)
[96.386s][info][gc,heap        ] GC(834) Old regions: 45->45
[96.386s][info][gc,heap        ] GC(834) Archive regions: 0->0
[96.386s][info][gc,heap        ] GC(834) Humongous regions: 0->0
[96.386s][info][gc,metaspace   ] GC(834) Metaspace: 74958K(75904K)->74958K(75904K) NonClass: 59688K(59904K)->59688K(59904K) Class: 15269K(16000K)->15269K(16000K)
[96.386s][info][gc             ] GC(834) Pause Young (Normal) (G1 Evacuation Pause) 392M->39M(592M) 2.082ms
[96.386s][info][gc,cpu         ] GC(834) User=0.00s Sys=0.00s Real=0.00s
[96.474s][info][gc,start       ] GC(835) Pause Young (Normal) (G1 Evacuation Pause)
[96.474s][info][gc,task        ] GC(835) Using 33 workers of 33 for evacuation
[96.476s][info][gc,phases      ] GC(835)   Pre Evacuate Collection Set: 0.2ms
[96.476s][info][gc,phases      ] GC(835)   Merge Heap Roots: 0.2ms
[96.476s][info][gc,phases      ] GC(835)   Evacuate Collection Set: 0.8ms
[96.476s][info][gc,phases      ] GC(835)   Post Evacuate Collection Set: 0.5ms
[96.476s][info][gc,phases      ] GC(835)   Other: 0.1ms
[96.476s][info][gc,heap        ] GC(835) Eden regions: 353->0(353)
[96.476s][info][gc,heap        ] GC(835) Survivor regions: 2->2(45)
[96.476s][info][gc,heap        ] GC(835) Old regions: 45->45
[96.476s][info][gc,heap        ] GC(835) Archive regions: 0->0
[96.476s][info][gc,heap        ] GC(835) Humongous regions: 0->0
[96.476s][info][gc,metaspace   ] GC(835) Metaspace: 74958K(75904K)->74958K(75904K) NonClass: 59688K(59904K)->59688K(59904K) Class: 15269K(16000K)->15269K(16000K)
[96.476s][info][gc             ] GC(835) Pause Young (Normal) (G1 Evacuation Pause) 392M->39M(592M) 2.040ms
[96.476s][info][gc,cpu         ] GC(835) User=0.00s Sys=0.00s Real=0.00s
[96.565s][info][gc,start       ] GC(836) Pause Young (Normal) (G1 Evacuation Pause)
[96.565s][info][gc,task        ] GC(836) Using 33 workers of 33 for evacuation
[96.567s][info][gc,phases      ] GC(836)   Pre Evacuate Collection Set: 0.2ms
[96.567s][info][gc,phases      ] GC(836)   Merge Heap Roots: 0.2ms
[96.567s][info][gc,phases      ] GC(836)   Evacuate Collection Set: 0.8ms
[96.567s][info][gc,phases      ] GC(836)   Post Evacuate Collection Set: 0.5ms
[96.567s][info][gc,phases      ] GC(836)   Other: 0.1ms
[96.567s][info][gc,heap        ] GC(836) Eden regions: 353->0(353)
[96.567s][info][gc,heap        ] GC(836) Survivor regions: 2->2(45)
[96.567s][info][gc,heap        ] GC(836) Old regions: 45->45
[96.567s][info][gc,heap        ] GC(836) Archive regions: 0->0
[96.567s][info][gc,heap        ] GC(836) Humongous regions: 0->0
[96.567s][info][gc,metaspace   ] GC(836) Metaspace: 74958K(75904K)->74958K(75904K) NonClass: 59688K(59904K)->59688K(59904K) Class: 15269K(16000K)->15269K(16000K)
[96.567s][info][gc             ] GC(836) Pause Young (Normal) (G1 Evacuation Pause) 392M->39M(592M) 2.087ms
[96.567s][info][gc,cpu         ] GC(836) User=0.00s Sys=0.00s Real=0.00s
[96.656s][info][gc,start       ] GC(837) Pause Young (Normal) (G1 Evacuation Pause)
[96.656s][info][gc,task        ] GC(837) Using 33 workers of 33 for evacuation
[96.658s][info][gc,phases      ] GC(837)   Pre Evacuate Collection Set: 0.2ms
[96.658s][info][gc,phases      ] GC(837)   Merge Heap Roots: 0.2ms
[96.658s][info][gc,phases      ] GC(837)   Evacuate Collection Set: 0.8ms
[96.658s][info][gc,phases      ] GC(837)   Post Evacuate Collection Set: 0.5ms
[96.658s][info][gc,phases      ] GC(837)   Other: 0.1ms
[96.658s][info][gc,heap        ] GC(837) Eden regions: 353->0(353)
[96.658s][info][gc,heap        ] GC(837) Survivor regions: 2->2(45)
[96.658s][info][gc,heap        ] GC(837) Old regions: 45->45
[96.658s][info][gc,heap        ] GC(837) Archive regions: 0->0
[96.658s][info][gc,heap        ] GC(837) Humongous regions: 0->0
[96.658s][info][gc,metaspace   ] GC(837) Metaspace: 74958K(75904K)->74958K(75904K) NonClass: 59688K(59904K)->59688K(59904K) Class: 15269K(16000K)->15269K(16000K)
[96.658s][info][gc             ] GC(837) Pause Young (Normal) (G1 Evacuation Pause) 392M->39M(592M) 2.013ms
[96.658s][info][gc,cpu         ] GC(837) User=0.00s Sys=0.00s Real=0.00s
[96.746s][info][gc,start       ] GC(838) Pause Young (Normal) (G1 Evacuation Pause)
[96.746s][info][gc,task        ] GC(838) Using 33 workers of 33 for evacuation
[96.748s][info][gc,phases      ] GC(838)   Pre Evacuate Collection Set: 0.2ms
[96.748s][info][gc,phases      ] GC(838)   Merge Heap Roots: 0.2ms
[96.748s][info][gc,phases      ] GC(838)   Evacuate Collection Set: 0.9ms
[96.748s][info][gc,phases      ] GC(838)   Post Evacuate Collection Set: 0.5ms
[96.748s][info][gc,phases      ] GC(838)   Other: 0.1ms
[96.748s][info][gc,heap        ] GC(838) Eden regions: 353->0(353)
[96.748s][info][gc,heap        ] GC(838) Survivor regions: 2->2(45)
[96.748s][info][gc,heap        ] GC(838) Old regions: 45->45
[96.748s][info][gc,heap        ] GC(838) Archive regions: 0->0
[96.748s][info][gc,heap        ] GC(838) Humongous regions: 0->0
[96.748s][info][gc,metaspace   ] GC(838) Metaspace: 74958K(75904K)->74958K(75904K) NonClass: 59688K(59904K)->59688K(59904K) Class: 15269K(16000K)->15269K(16000K)
[96.748s][info][gc             ] GC(838) Pause Young (Normal) (G1 Evacuation Pause) 392M->39M(592M) 2.084ms
[96.748s][info][gc,cpu         ] GC(838) User=0.52s Sys=0.00s Real=0.00s
[96.837s][info][gc,start       ] GC(839) Pause Young (Normal) (G1 Evacuation Pause)
[96.837s][info][gc,task        ] GC(839) Using 33 workers of 33 for evacuation
[96.839s][info][gc,phases      ] GC(839)   Pre Evacuate Collection Set: 0.2ms
[96.839s][info][gc,phases      ] GC(839)   Merge Heap Roots: 0.2ms
[96.839s][info][gc,phases      ] GC(839)   Evacuate Collection Set: 0.9ms
[96.839s][info][gc,phases      ] GC(839)   Post Evacuate Collection Set: 0.5ms
[96.839s][info][gc,phases      ] GC(839)   Other: 0.1ms
[96.839s][info][gc,heap        ] GC(839) Eden regions: 353->0(353)
[96.839s][info][gc,heap        ] GC(839) Survivor regions: 2->2(45)
[96.839s][info][gc,heap        ] GC(839) Old regions: 45->45
[96.839s][info][gc,heap        ] GC(839) Archive regions: 0->0
[96.839s][info][gc,heap        ] GC(839) Humongous regions: 0->0
[96.839s][info][gc,metaspace   ] GC(839) Metaspace: 74958K(75904K)->74958K(75904K) NonClass: 59688K(59904K)->59688K(59904K) Class: 15269K(16000K)->15269K(16000K)
[96.839s][info][gc             ] GC(839) Pause Young (Normal) (G1 Evacuation Pause) 392M->39M(592M) 2.061ms
[96.839s][info][gc,cpu         ] GC(839) User=0.00s Sys=0.00s Real=0.00s
[96.927s][info][gc,start       ] GC(840) Pause Young (Normal) (G1 Evacuation Pause)
[96.927s][info][gc,task        ] GC(840) Using 33 workers of 33 for evacuation
[96.929s][info][gc,phases      ] GC(840)   Pre Evacuate Collection Set: 0.2ms
[96.929s][info][gc,phases      ] GC(840)   Merge Heap Roots: 0.2ms
[96.929s][info][gc,phases      ] GC(840)   Evacuate Collection Set: 0.9ms
[96.929s][info][gc,phases      ] GC(840)   Post Evacuate Collection Set: 0.5ms
[96.929s][info][gc,phases      ] GC(840)   Other: 0.1ms
[96.929s][info][gc,heap        ] GC(840) Eden regions: 353->0(353)
[96.929s][info][gc,heap        ] GC(840) Survivor regions: 2->2(45)
[96.929s][info][gc,heap        ] GC(840) Old regions: 45->45
[96.929s][info][gc,heap        ] GC(840) Archive regions: 0->0
[96.929s][info][gc,heap        ] GC(840) Humongous regions: 0->0
[96.929s][info][gc,metaspace   ] GC(840) Metaspace: 74958K(75904K)->74958K(75904K) NonClass: 59688K(59904K)->59688K(59904K) Class: 15269K(16000K)->15269K(16000K)
[96.929s][info][gc             ] GC(840) Pause Young (Normal) (G1 Evacuation Pause) 392M->39M(592M) 2.086ms
[96.929s][info][gc,cpu         ] GC(840) User=0.00s Sys=0.00s Real=0.00s
[97.018s][info][gc,start       ] GC(841) Pause Young (Normal) (G1 Evacuation Pause)
[97.018s][info][gc,task        ] GC(841) Using 33 workers of 33 for evacuation
[97.020s][info][gc,phases      ] GC(841)   Pre Evacuate Collection Set: 0.2ms
[97.020s][info][gc,phases      ] GC(841)   Merge Heap Roots: 0.2ms
[97.020s][info][gc,phases      ] GC(841)   Evacuate Collection Set: 0.8ms
[97.020s][info][gc,phases      ] GC(841)   Post Evacuate Collection Set: 0.5ms
[97.020s][info][gc,phases      ] GC(841)   Other: 0.1ms
[97.020s][info][gc,heap        ] GC(841) Eden regions: 353->0(353)
[97.020s][info][gc,heap        ] GC(841) Survivor regions: 2->2(45)
[97.020s][info][gc,heap        ] GC(841) Old regions: 45->45
[97.020s][info][gc,heap        ] GC(841) Archive regions: 0->0
[97.020s][info][gc,heap        ] GC(841) Humongous regions: 0->0
[97.020s][info][gc,metaspace   ] GC(841) Metaspace: 74958K(75904K)->74958K(75904K) NonClass: 59688K(59904K)->59688K(59904K) Class: 15269K(16000K)->15269K(16000K)
[97.020s][info][gc             ] GC(841) Pause Young (Normal) (G1 Evacuation Pause) 392M->39M(592M) 2.020ms
[97.020s][info][gc,cpu         ] GC(841) User=0.00s Sys=0.00s Real=0.00s
[97.108s][info][gc,start       ] GC(842) Pause Young (Normal) (G1 Evacuation Pause)
[97.108s][info][gc,task        ] GC(842) Using 33 workers of 33 for evacuation
[97.110s][info][gc,phases      ] GC(842)   Pre Evacuate Collection Set: 0.2ms
[97.110s][info][gc,phases      ] GC(842)   Merge Heap Roots: 0.2ms
[97.110s][info][gc,phases      ] GC(842)   Evacuate Collection Set: 0.8ms
[97.110s][info][gc,phases      ] GC(842)   Post Evacuate Collection Set: 0.5ms
[97.110s][info][gc,phases      ] GC(842)   Other: 0.1ms
[97.110s][info][gc,heap        ] GC(842) Eden regions: 353->0(353)
[97.110s][info][gc,heap        ] GC(842) Survivor regions: 2->2(45)
[97.110s][info][gc,heap        ] GC(842) Old regions: 45->45
[97.110s][info][gc,heap        ] GC(842) Archive regions: 0->0
[97.110s][info][gc,heap        ] GC(842) Humongous regions: 0->0
[97.110s][info][gc,metaspace   ] GC(842) Metaspace: 74958K(75904K)->74958K(75904K) NonClass: 59688K(59904K)->59688K(59904K) Class: 15269K(16000K)->15269K(16000K)
[97.110s][info][gc             ] GC(842) Pause Young (Normal) (G1 Evacuation Pause) 392M->39M(592M) 2.031ms
[97.110s][info][gc,cpu         ] GC(842) User=0.00s Sys=0.00s Real=0.00s
[97.201s][info][gc,start       ] GC(843) Pause Young (Normal) (G1 Evacuation Pause)
[97.201s][info][gc,task        ] GC(843) Using 33 workers of 33 for evacuation
[97.203s][info][gc,phases      ] GC(843)   Pre Evacuate Collection Set: 0.2ms
[97.203s][info][gc,phases      ] GC(843)   Merge Heap Roots: 0.2ms
[97.203s][info][gc,phases      ] GC(843)   Evacuate Collection Set: 0.8ms
[97.203s][info][gc,phases      ] GC(843)   Post Evacuate Collection Set: 0.5ms
[97.203s][info][gc,phases      ] GC(843)   Other: 0.1ms
[97.203s][info][gc,heap        ] GC(843) Eden regions: 353->0(353)
[97.203s][info][gc,heap        ] GC(843) Survivor regions: 2->2(45)
[97.203s][info][gc,heap        ] GC(843) Old regions: 45->45
[97.203s][info][gc,heap        ] GC(843) Archive regions: 0->0
[97.203s][info][gc,heap        ] GC(843) Humongous regions: 0->0
[97.203s][info][gc,metaspace   ] GC(843) Metaspace: 74958K(75904K)->74958K(75904K) NonClass: 59688K(59904K)->59688K(59904K) Class: 15269K(16000K)->15269K(16000K)
[97.203s][info][gc             ] GC(843) Pause Young (Normal) (G1 Evacuation Pause) 392M->39M(592M) 2.099ms
[97.203s][info][gc,cpu         ] GC(843) User=0.00s Sys=0.00s Real=0.00s
[97.294s][info][gc,start       ] GC(844) Pause Young (Normal) (G1 Evacuation Pause)
[97.294s][info][gc,task        ] GC(844) Using 33 workers of 33 for evacuation
[97.295s][info][gc,phases      ] GC(844)   Pre Evacuate Collection Set: 0.2ms
[97.295s][info][gc,phases      ] GC(844)   Merge Heap Roots: 0.2ms
[97.295s][info][gc,phases      ] GC(844)   Evacuate Collection Set: 0.8ms
[97.295s][info][gc,phases      ] GC(844)   Post Evacuate Collection Set: 0.5ms
[97.296s][info][gc,phases      ] GC(844)   Other: 0.1ms
[97.296s][info][gc,heap        ] GC(844) Eden regions: 353->0(353)
[97.296s][info][gc,heap        ] GC(844) Survivor regions: 2->2(45)
[97.296s][info][gc,heap        ] GC(844) Old regions: 45->45
[97.296s][info][gc,heap        ] GC(844) Archive regions: 0->0
[97.296s][info][gc,heap        ] GC(844) Humongous regions: 0->0
[97.296s][info][gc,metaspace   ] GC(844) Metaspace: 74958K(75904K)->74958K(75904K) NonClass: 59688K(59904K)->59688K(59904K) Class: 15269K(16000K)->15269K(16000K)
[97.296s][info][gc             ] GC(844) Pause Young (Normal) (G1 Evacuation Pause) 392M->39M(592M) 2.067ms
[97.296s][info][gc,cpu         ] GC(844) User=0.00s Sys=0.00s Real=0.00s
[97.384s][info][gc,start       ] GC(845) Pause Young (Normal) (G1 Evacuation Pause)
[97.384s][info][gc,task        ] GC(845) Using 33 workers of 33 for evacuation
[97.386s][info][gc,phases      ] GC(845)   Pre Evacuate Collection Set: 0.2ms
[97.386s][info][gc,phases      ] GC(845)   Merge Heap Roots: 0.2ms
[97.386s][info][gc,phases      ] GC(845)   Evacuate Collection Set: 0.9ms
[97.386s][info][gc,phases      ] GC(845)   Post Evacuate Collection Set: 0.5ms
[97.386s][info][gc,phases      ] GC(845)   Other: 0.1ms
[97.386s][info][gc,heap        ] GC(845) Eden regions: 353->0(353)
[97.386s][info][gc,heap        ] GC(845) Survivor regions: 2->2(45)
[97.386s][info][gc,heap        ] GC(845) Old regions: 45->45
[97.386s][info][gc,heap        ] GC(845) Archive regions: 0->0
[97.386s][info][gc,heap        ] GC(845) Humongous regions: 0->0
[97.386s][info][gc,metaspace   ] GC(845) Metaspace: 74958K(75904K)->74958K(75904K) NonClass: 59688K(59904K)->59688K(59904K) Class: 15269K(16000K)->15269K(16000K)
[97.386s][info][gc             ] GC(845) Pause Young (Normal) (G1 Evacuation Pause) 392M->39M(592M) 2.086ms
[97.386s][info][gc,cpu         ] GC(845) User=0.00s Sys=0.00s Real=0.00s
[97.474s][info][gc,start       ] GC(846) Pause Young (Normal) (G1 Evacuation Pause)
[97.474s][info][gc,task        ] GC(846) Using 33 workers of 33 for evacuation
[97.476s][info][gc,phases      ] GC(846)   Pre Evacuate Collection Set: 0.2ms
[97.476s][info][gc,phases      ] GC(846)   Merge Heap Roots: 0.2ms
[97.476s][info][gc,phases      ] GC(846)   Evacuate Collection Set: 0.8ms
[97.476s][info][gc,phases      ] GC(846)   Post Evacuate Collection Set: 0.5ms
[97.476s][info][gc,phases      ] GC(846)   Other: 0.1ms
[97.476s][info][gc,heap        ] GC(846) Eden regions: 353->0(353)
[97.476s][info][gc,heap        ] GC(846) Survivor regions: 2->2(45)
[97.476s][info][gc,heap        ] GC(846) Old regions: 45->45
[97.476s][info][gc,heap        ] GC(846) Archive regions: 0->0
[97.476s][info][gc,heap        ] GC(846) Humongous regions: 0->0
[97.476s][info][gc,metaspace   ] GC(846) Metaspace: 74958K(75904K)->74958K(75904K) NonClass: 59688K(59904K)->59688K(59904K) Class: 15269K(16000K)->15269K(16000K)
[97.476s][info][gc             ] GC(846) Pause Young (Normal) (G1 Evacuation Pause) 392M->39M(592M) 2.072ms
[97.476s][info][gc,cpu         ] GC(846) User=0.00s Sys=0.00s Real=0.00s
[97.565s][info][gc,start       ] GC(847) Pause Young (Normal) (G1 Evacuation Pause)
[97.565s][info][gc,task        ] GC(847) Using 33 workers of 33 for evacuation
[97.567s][info][gc,phases      ] GC(847)   Pre Evacuate Collection Set: 0.2ms
[97.567s][info][gc,phases      ] GC(847)   Merge Heap Roots: 0.2ms
[97.567s][info][gc,phases      ] GC(847)   Evacuate Collection Set: 0.9ms
[97.567s][info][gc,phases      ] GC(847)   Post Evacuate Collection Set: 0.5ms
[97.567s][info][gc,phases      ] GC(847)   Other: 0.1ms
[97.567s][info][gc,heap        ] GC(847) Eden regions: 353->0(353)
[97.567s][info][gc,heap        ] GC(847) Survivor regions: 2->2(45)
[97.567s][info][gc,heap        ] GC(847) Old regions: 45->45
[97.567s][info][gc,heap        ] GC(847) Archive regions: 0->0
[97.567s][info][gc,heap        ] GC(847) Humongous regions: 0->0
[97.567s][info][gc,metaspace   ] GC(847) Metaspace: 74958K(75904K)->74958K(75904K) NonClass: 59688K(59904K)->59688K(59904K) Class: 15269K(16000K)->15269K(16000K)
[97.567s][info][gc             ] GC(847) Pause Young (Normal) (G1 Evacuation Pause) 392M->39M(592M) 2.128ms
[97.567s][info][gc,cpu         ] GC(847) User=0.00s Sys=0.00s Real=0.00s
[97.656s][info][gc,start       ] GC(848) Pause Young (Normal) (G1 Evacuation Pause)
[97.656s][info][gc,task        ] GC(848) Using 33 workers of 33 for evacuation
[97.658s][info][gc,phases      ] GC(848)   Pre Evacuate Collection Set: 0.2ms
[97.658s][info][gc,phases      ] GC(848)   Merge Heap Roots: 0.2ms
[97.658s][info][gc,phases      ] GC(848)   Evacuate Collection Set: 0.9ms
[97.658s][info][gc,phases      ] GC(848)   Post Evacuate Collection Set: 0.5ms
[97.658s][info][gc,phases      ] GC(848)   Other: 0.1ms
[97.658s][info][gc,heap        ] GC(848) Eden regions: 353->0(353)
[97.658s][info][gc,heap        ] GC(848) Survivor regions: 2->2(45)
[97.658s][info][gc,heap        ] GC(848) Old regions: 45->45
[97.658s][info][gc,heap        ] GC(848) Archive regions: 0->0
[97.658s][info][gc,heap        ] GC(848) Humongous regions: 0->0
[97.658s][info][gc,metaspace   ] GC(848) Metaspace: 74958K(75904K)->74958K(75904K) NonClass: 59688K(59904K)->59688K(59904K) Class: 15269K(16000K)->15269K(16000K)
[97.658s][info][gc             ] GC(848) Pause Young (Normal) (G1 Evacuation Pause) 392M->39M(592M) 2.151ms
[97.658s][info][gc,cpu         ] GC(848) User=0.00s Sys=0.00s Real=0.00s
[97.747s][info][gc,start       ] GC(849) Pause Young (Normal) (G1 Evacuation Pause)
[97.761s][info][gc,task        ] GC(849) Using 33 workers of 33 for evacuation
[97.763s][info][gc,phases      ] GC(849)   Pre Evacuate Collection Set: 0.2ms
[97.763s][info][gc,phases      ] GC(849)   Merge Heap Roots: 0.2ms
[97.763s][info][gc,phases      ] GC(849)   Evacuate Collection Set: 1.0ms
[97.763s][info][gc,phases      ] GC(849)   Post Evacuate Collection Set: 0.5ms
[97.763s][info][gc,phases      ] GC(849)   Other: 0.1ms
[97.763s][info][gc,heap        ] GC(849) Eden regions: 353->0(353)
[97.763s][info][gc,heap        ] GC(849) Survivor regions: 2->2(45)
[97.763s][info][gc,heap        ] GC(849) Old regions: 45->45
[97.763s][info][gc,heap        ] GC(849) Archive regions: 0->0
[97.763s][info][gc,heap        ] GC(849) Humongous regions: 0->0
[97.763s][info][gc,metaspace   ] GC(849) Metaspace: 74958K(75904K)->74958K(75904K) NonClass: 59688K(59904K)->59688K(59904K) Class: 15269K(16000K)->15269K(16000K)
[97.763s][info][gc             ] GC(849) Pause Young (Normal) (G1 Evacuation Pause) 392M->39M(592M) 16.573ms
[97.763s][info][gc,cpu         ] GC(849) User=0.00s Sys=0.00s Real=0.00s
[97.855s][info][gc,start       ] GC(850) Pause Young (Normal) (G1 Evacuation Pause)
[97.855s][info][gc,task        ] GC(850) Using 33 workers of 33 for evacuation
[97.857s][info][gc,phases      ] GC(850)   Pre Evacuate Collection Set: 0.2ms
[97.857s][info][gc,phases      ] GC(850)   Merge Heap Roots: 0.2ms
[97.857s][info][gc,phases      ] GC(850)   Evacuate Collection Set: 0.9ms
[97.857s][info][gc,phases      ] GC(850)   Post Evacuate Collection Set: 0.5ms
[97.857s][info][gc,phases      ] GC(850)   Other: 0.1ms
[97.857s][info][gc,heap        ] GC(850) Eden regions: 353->0(353)
[97.857s][info][gc,heap        ] GC(850) Survivor regions: 2->2(45)
[97.857s][info][gc,heap        ] GC(850) Old regions: 45->45
[97.857s][info][gc,heap        ] GC(850) Archive regions: 0->0
[97.857s][info][gc,heap        ] GC(850) Humongous regions: 0->0
[97.857s][info][gc,metaspace   ] GC(850) Metaspace: 74958K(75904K)->74958K(75904K) NonClass: 59688K(59904K)->59688K(59904K) Class: 15269K(16000K)->15269K(16000K)
[97.857s][info][gc             ] GC(850) Pause Young (Normal) (G1 Evacuation Pause) 392M->39M(592M) 2.090ms
[97.857s][info][gc,cpu         ] GC(850) User=0.00s Sys=0.09s Real=0.00s
[97.946s][info][gc,start       ] GC(851) Pause Young (Normal) (G1 Evacuation Pause)
[97.946s][info][gc,task        ] GC(851) Using 33 workers of 33 for evacuation
[97.948s][info][gc,phases      ] GC(851)   Pre Evacuate Collection Set: 0.2ms
[97.948s][info][gc,phases      ] GC(851)   Merge Heap Roots: 0.2ms
[97.948s][info][gc,phases      ] GC(851)   Evacuate Collection Set: 0.8ms
[97.948s][info][gc,phases      ] GC(851)   Post Evacuate Collection Set: 0.5ms
[97.948s][info][gc,phases      ] GC(851)   Other: 0.1ms
[97.948s][info][gc,heap        ] GC(851) Eden regions: 353->0(353)
[97.948s][info][gc,heap        ] GC(851) Survivor regions: 2->2(45)
[97.948s][info][gc,heap        ] GC(851) Old regions: 45->45
[97.948s][info][gc,heap        ] GC(851) Archive regions: 0->0
[97.948s][info][gc,heap        ] GC(851) Humongous regions: 0->0
[97.948s][info][gc,metaspace   ] GC(851) Metaspace: 74958K(75904K)->74958K(75904K) NonClass: 59688K(59904K)->59688K(59904K) Class: 15269K(16000K)->15269K(16000K)
[97.948s][info][gc             ] GC(851) Pause Young (Normal) (G1 Evacuation Pause) 392M->39M(592M) 2.053ms
[97.948s][info][gc,cpu         ] GC(851) User=0.00s Sys=0.00s Real=0.00s
[98.036s][info][gc,start       ] GC(852) Pause Young (Normal) (G1 Evacuation Pause)
[98.036s][info][gc,task        ] GC(852) Using 33 workers of 33 for evacuation
[98.038s][info][gc,phases      ] GC(852)   Pre Evacuate Collection Set: 0.2ms
[98.038s][info][gc,phases      ] GC(852)   Merge Heap Roots: 0.2ms
[98.038s][info][gc,phases      ] GC(852)   Evacuate Collection Set: 0.8ms
[98.038s][info][gc,phases      ] GC(852)   Post Evacuate Collection Set: 0.5ms
[98.038s][info][gc,phases      ] GC(852)   Other: 0.1ms
[98.038s][info][gc,heap        ] GC(852) Eden regions: 353->0(353)
[98.038s][info][gc,heap        ] GC(852) Survivor regions: 2->2(45)
[98.038s][info][gc,heap        ] GC(852) Old regions: 45->45
[98.038s][info][gc,heap        ] GC(852) Archive regions: 0->0
[98.038s][info][gc,heap        ] GC(852) Humongous regions: 0->0
[98.038s][info][gc,metaspace   ] GC(852) Metaspace: 74958K(75904K)->74958K(75904K) NonClass: 59688K(59904K)->59688K(59904K) Class: 15269K(16000K)->15269K(16000K)
[98.038s][info][gc             ] GC(852) Pause Young (Normal) (G1 Evacuation Pause) 392M->39M(592M) 2.038ms
[98.038s][info][gc,cpu         ] GC(852) User=0.00s Sys=0.00s Real=0.00s
[98.127s][info][gc,start       ] GC(853) Pause Young (Normal) (G1 Evacuation Pause)
[98.127s][info][gc,task        ] GC(853) Using 33 workers of 33 for evacuation
[98.129s][info][gc,phases      ] GC(853)   Pre Evacuate Collection Set: 0.2ms
[98.129s][info][gc,phases      ] GC(853)   Merge Heap Roots: 0.2ms
[98.129s][info][gc,phases      ] GC(853)   Evacuate Collection Set: 0.8ms
[98.129s][info][gc,phases      ] GC(853)   Post Evacuate Collection Set: 0.5ms
[98.129s][info][gc,phases      ] GC(853)   Other: 0.1ms
[98.129s][info][gc,heap        ] GC(853) Eden regions: 353->0(353)
[98.129s][info][gc,heap        ] GC(853) Survivor regions: 2->2(45)
[98.129s][info][gc,heap        ] GC(853) Old regions: 45->45
[98.129s][info][gc,heap        ] GC(853) Archive regions: 0->0
[98.129s][info][gc,heap        ] GC(853) Humongous regions: 0->0
[98.129s][info][gc,metaspace   ] GC(853) Metaspace: 74958K(75904K)->74958K(75904K) NonClass: 59688K(59904K)->59688K(59904K) Class: 15269K(16000K)->15269K(16000K)
[98.129s][info][gc             ] GC(853) Pause Young (Normal) (G1 Evacuation Pause) 392M->39M(592M) 1.989ms
[98.129s][info][gc,cpu         ] GC(853) User=0.00s Sys=0.00s Real=0.00s
[98.217s][info][gc,start       ] GC(854) Pause Young (Normal) (G1 Evacuation Pause)
[98.218s][info][gc,task        ] GC(854) Using 33 workers of 33 for evacuation
[98.219s][info][gc,phases      ] GC(854)   Pre Evacuate Collection Set: 0.2ms
[98.219s][info][gc,phases      ] GC(854)   Merge Heap Roots: 0.2ms
[98.219s][info][gc,phases      ] GC(854)   Evacuate Collection Set: 0.8ms
[98.219s][info][gc,phases      ] GC(854)   Post Evacuate Collection Set: 0.5ms
[98.219s][info][gc,phases      ] GC(854)   Other: 0.1ms
[98.219s][info][gc,heap        ] GC(854) Eden regions: 353->0(353)
[98.219s][info][gc,heap        ] GC(854) Survivor regions: 2->2(45)
[98.219s][info][gc,heap        ] GC(854) Old regions: 45->45
[98.219s][info][gc,heap        ] GC(854) Archive regions: 0->0
[98.219s][info][gc,heap        ] GC(854) Humongous regions: 0->0
[98.219s][info][gc,metaspace   ] GC(854) Metaspace: 74958K(75904K)->74958K(75904K) NonClass: 59688K(59904K)->59688K(59904K) Class: 15269K(16000K)->15269K(16000K)
[98.219s][info][gc             ] GC(854) Pause Young (Normal) (G1 Evacuation Pause) 392M->39M(592M) 2.020ms
[98.219s][info][gc,cpu         ] GC(854) User=0.00s Sys=0.00s Real=0.00s
[98.308s][info][gc,start       ] GC(855) Pause Young (Normal) (G1 Evacuation Pause)
[98.308s][info][gc,task        ] GC(855) Using 33 workers of 33 for evacuation
[98.310s][info][gc,phases      ] GC(855)   Pre Evacuate Collection Set: 0.2ms
[98.310s][info][gc,phases      ] GC(855)   Merge Heap Roots: 0.2ms
[98.310s][info][gc,phases      ] GC(855)   Evacuate Collection Set: 0.9ms
[98.310s][info][gc,phases      ] GC(855)   Post Evacuate Collection Set: 0.5ms
[98.310s][info][gc,phases      ] GC(855)   Other: 0.1ms
[98.310s][info][gc,heap        ] GC(855) Eden regions: 353->0(353)
[98.310s][info][gc,heap        ] GC(855) Survivor regions: 2->2(45)
[98.310s][info][gc,heap        ] GC(855) Old regions: 45->45
[98.310s][info][gc,heap        ] GC(855) Archive regions: 0->0
[98.310s][info][gc,heap        ] GC(855) Humongous regions: 0->0
[98.310s][info][gc,metaspace   ] GC(855) Metaspace: 74958K(75904K)->74958K(75904K) NonClass: 59688K(59904K)->59688K(59904K) Class: 15269K(16000K)->15269K(16000K)
[98.310s][info][gc             ] GC(855) Pause Young (Normal) (G1 Evacuation Pause) 392M->39M(592M) 2.040ms
[98.310s][info][gc,cpu         ] GC(855) User=0.00s Sys=0.00s Real=0.00s
[98.398s][info][gc,start       ] GC(856) Pause Young (Normal) (G1 Evacuation Pause)
[98.398s][info][gc,task        ] GC(856) Using 33 workers of 33 for evacuation
[98.400s][info][gc,phases      ] GC(856)   Pre Evacuate Collection Set: 0.2ms
[98.400s][info][gc,phases      ] GC(856)   Merge Heap Roots: 0.2ms
[98.400s][info][gc,phases      ] GC(856)   Evacuate Collection Set: 0.8ms
[98.400s][info][gc,phases      ] GC(856)   Post Evacuate Collection Set: 0.5ms
[98.400s][info][gc,phases      ] GC(856)   Other: 0.1ms
[98.400s][info][gc,heap        ] GC(856) Eden regions: 353->0(353)
[98.400s][info][gc,heap        ] GC(856) Survivor regions: 2->2(45)
[98.400s][info][gc,heap        ] GC(856) Old regions: 45->45
[98.400s][info][gc,heap        ] GC(856) Archive regions: 0->0
[98.400s][info][gc,heap        ] GC(856) Humongous regions: 0->0
[98.400s][info][gc,metaspace   ] GC(856) Metaspace: 74958K(75904K)->74958K(75904K) NonClass: 59688K(59904K)->59688K(59904K) Class: 15269K(16000K)->15269K(16000K)
[98.400s][info][gc             ] GC(856) Pause Young (Normal) (G1 Evacuation Pause) 392M->39M(592M) 2.027ms
[98.400s][info][gc,cpu         ] GC(856) User=0.00s Sys=0.00s Real=0.00s
[98.489s][info][gc,start       ] GC(857) Pause Young (Normal) (G1 Evacuation Pause)
[98.489s][info][gc,task        ] GC(857) Using 33 workers of 33 for evacuation
[98.490s][info][gc,phases      ] GC(857)   Pre Evacuate Collection Set: 0.2ms
[98.490s][info][gc,phases      ] GC(857)   Merge Heap Roots: 0.2ms
[98.490s][info][gc,phases      ] GC(857)   Evacuate Collection Set: 0.8ms
[98.490s][info][gc,phases      ] GC(857)   Post Evacuate Collection Set: 0.5ms
[98.491s][info][gc,phases      ] GC(857)   Other: 0.1ms
[98.491s][info][gc,heap        ] GC(857) Eden regions: 353->0(353)
[98.491s][info][gc,heap        ] GC(857) Survivor regions: 2->2(45)
[98.491s][info][gc,heap        ] GC(857) Old regions: 45->45
[98.491s][info][gc,heap        ] GC(857) Archive regions: 0->0
[98.491s][info][gc,heap        ] GC(857) Humongous regions: 0->0
[98.491s][info][gc,metaspace   ] GC(857) Metaspace: 74958K(75904K)->74958K(75904K) NonClass: 59688K(59904K)->59688K(59904K) Class: 15269K(16000K)->15269K(16000K)
[98.491s][info][gc             ] GC(857) Pause Young (Normal) (G1 Evacuation Pause) 392M->39M(592M) 1.999ms
[98.491s][info][gc,cpu         ] GC(857) User=0.00s Sys=0.00s Real=0.00s
[98.579s][info][gc,start       ] GC(858) Pause Young (Normal) (G1 Evacuation Pause)
[98.579s][info][gc,task        ] GC(858) Using 33 workers of 33 for evacuation
[98.581s][info][gc,phases      ] GC(858)   Pre Evacuate Collection Set: 0.2ms
[98.581s][info][gc,phases      ] GC(858)   Merge Heap Roots: 0.2ms
[98.581s][info][gc,phases      ] GC(858)   Evacuate Collection Set: 0.8ms
[98.581s][info][gc,phases      ] GC(858)   Post Evacuate Collection Set: 0.5ms
[98.581s][info][gc,phases      ] GC(858)   Other: 0.1ms
[98.581s][info][gc,heap        ] GC(858) Eden regions: 353->0(353)
[98.581s][info][gc,heap        ] GC(858) Survivor regions: 2->2(45)
[98.581s][info][gc,heap        ] GC(858) Old regions: 45->45
[98.581s][info][gc,heap        ] GC(858) Archive regions: 0->0
[98.581s][info][gc,heap        ] GC(858) Humongous regions: 0->0
[98.581s][info][gc,metaspace   ] GC(858) Metaspace: 74958K(75904K)->74958K(75904K) NonClass: 59688K(59904K)->59688K(59904K) Class: 15269K(16000K)->15269K(16000K)
[98.581s][info][gc             ] GC(858) Pause Young (Normal) (G1 Evacuation Pause) 392M->39M(592M) 1.992ms
[98.581s][info][gc,cpu         ] GC(858) User=0.00s Sys=0.00s Real=0.00s
[98.670s][info][gc,start       ] GC(859) Pause Young (Normal) (G1 Evacuation Pause)
[98.670s][info][gc,task        ] GC(859) Using 33 workers of 33 for evacuation
[98.671s][info][gc,phases      ] GC(859)   Pre Evacuate Collection Set: 0.2ms
[98.671s][info][gc,phases      ] GC(859)   Merge Heap Roots: 0.2ms
[98.671s][info][gc,phases      ] GC(859)   Evacuate Collection Set: 0.8ms
[98.671s][info][gc,phases      ] GC(859)   Post Evacuate Collection Set: 0.5ms
[98.671s][info][gc,phases      ] GC(859)   Other: 0.1ms
[98.671s][info][gc,heap        ] GC(859) Eden regions: 353->0(353)
[98.671s][info][gc,heap        ] GC(859) Survivor regions: 2->2(45)
[98.671s][info][gc,heap        ] GC(859) Old regions: 45->45
[98.671s][info][gc,heap        ] GC(859) Archive regions: 0->0
[98.671s][info][gc,heap        ] GC(859) Humongous regions: 0->0
[98.671s][info][gc,metaspace   ] GC(859) Metaspace: 74958K(75904K)->74958K(75904K) NonClass: 59688K(59904K)->59688K(59904K) Class: 15269K(16000K)->15269K(16000K)
[98.671s][info][gc             ] GC(859) Pause Young (Normal) (G1 Evacuation Pause) 392M->39M(592M) 1.990ms
[98.672s][info][gc,cpu         ] GC(859) User=0.00s Sys=0.00s Real=0.00s
[98.761s][info][gc,start       ] GC(860) Pause Young (Normal) (G1 Evacuation Pause)
[98.761s][info][gc,task        ] GC(860) Using 33 workers of 33 for evacuation
[98.762s][info][gc,phases      ] GC(860)   Pre Evacuate Collection Set: 0.2ms
[98.763s][info][gc,phases      ] GC(860)   Merge Heap Roots: 0.2ms
[98.763s][info][gc,phases      ] GC(860)   Evacuate Collection Set: 0.8ms
[98.763s][info][gc,phases      ] GC(860)   Post Evacuate Collection Set: 0.6ms
[98.763s][info][gc,phases      ] GC(860)   Other: 0.1ms
[98.763s][info][gc,heap        ] GC(860) Eden regions: 353->0(353)
[98.763s][info][gc,heap        ] GC(860) Survivor regions: 2->2(45)
[98.763s][info][gc,heap        ] GC(860) Old regions: 45->45
[98.763s][info][gc,heap        ] GC(860) Archive regions: 0->0
[98.763s][info][gc,heap        ] GC(860) Humongous regions: 0->0
[98.763s][info][gc,metaspace   ] GC(860) Metaspace: 74958K(75904K)->74958K(75904K) NonClass: 59688K(59904K)->59688K(59904K) Class: 15269K(16000K)->15269K(16000K)
[98.763s][info][gc             ] GC(860) Pause Young (Normal) (G1 Evacuation Pause) 392M->39M(592M) 2.110ms
[98.763s][info][gc,cpu         ] GC(860) User=0.00s Sys=0.00s Real=0.00s
[98.852s][info][gc,start       ] GC(861) Pause Young (Normal) (G1 Evacuation Pause)
[98.852s][info][gc,task        ] GC(861) Using 33 workers of 33 for evacuation
[98.854s][info][gc,phases      ] GC(861)   Pre Evacuate Collection Set: 0.2ms
[98.854s][info][gc,phases      ] GC(861)   Merge Heap Roots: 0.2ms
[98.854s][info][gc,phases      ] GC(861)   Evacuate Collection Set: 0.8ms
[98.854s][info][gc,phases      ] GC(861)   Post Evacuate Collection Set: 0.5ms
[98.854s][info][gc,phases      ] GC(861)   Other: 0.1ms
[98.854s][info][gc,heap        ] GC(861) Eden regions: 353->0(353)
[98.854s][info][gc,heap        ] GC(861) Survivor regions: 2->2(45)
[98.854s][info][gc,heap        ] GC(861) Old regions: 45->45
[98.854s][info][gc,heap        ] GC(861) Archive regions: 0->0
[98.854s][info][gc,heap        ] GC(861) Humongous regions: 0->0
[98.854s][info][gc,metaspace   ] GC(861) Metaspace: 74958K(75904K)->74958K(75904K) NonClass: 59688K(59904K)->59688K(59904K) Class: 15269K(16000K)->15269K(16000K)
[98.854s][info][gc             ] GC(861) Pause Young (Normal) (G1 Evacuation Pause) 392M->39M(592M) 2.081ms
[98.854s][info][gc,cpu         ] GC(861) User=0.00s Sys=0.00s Real=0.00s
[98.945s][info][gc,start       ] GC(862) Pause Young (Normal) (G1 Evacuation Pause)
[98.945s][info][gc,task        ] GC(862) Using 33 workers of 33 for evacuation
[98.947s][info][gc,phases      ] GC(862)   Pre Evacuate Collection Set: 0.2ms
[98.947s][info][gc,phases      ] GC(862)   Merge Heap Roots: 0.2ms
[98.947s][info][gc,phases      ] GC(862)   Evacuate Collection Set: 0.8ms
[98.947s][info][gc,phases      ] GC(862)   Post Evacuate Collection Set: 0.5ms
[98.947s][info][gc,phases      ] GC(862)   Other: 0.1ms
[98.947s][info][gc,heap        ] GC(862) Eden regions: 353->0(353)
[98.947s][info][gc,heap        ] GC(862) Survivor regions: 2->2(45)
[98.947s][info][gc,heap        ] GC(862) Old regions: 45->45
[98.947s][info][gc,heap        ] GC(862) Archive regions: 0->0
[98.947s][info][gc,heap        ] GC(862) Humongous regions: 0->0
[98.947s][info][gc,metaspace   ] GC(862) Metaspace: 74958K(75904K)->74958K(75904K) NonClass: 59688K(59904K)->59688K(59904K) Class: 15269K(16000K)->15269K(16000K)
[98.947s][info][gc             ] GC(862) Pause Young (Normal) (G1 Evacuation Pause) 392M->40M(592M) 2.114ms
[98.947s][info][gc,cpu         ] GC(862) User=0.00s Sys=0.00s Real=0.00s
[99.039s][info][gc,start       ] GC(863) Pause Young (Normal) (G1 Evacuation Pause)
[99.039s][info][gc,task        ] GC(863) Using 33 workers of 33 for evacuation
[99.041s][info][gc,phases      ] GC(863)   Pre Evacuate Collection Set: 0.2ms
[99.041s][info][gc,phases      ] GC(863)   Merge Heap Roots: 0.2ms
[99.041s][info][gc,phases      ] GC(863)   Evacuate Collection Set: 0.8ms
[99.041s][info][gc,phases      ] GC(863)   Post Evacuate Collection Set: 0.5ms
[99.041s][info][gc,phases      ] GC(863)   Other: 0.1ms
[99.041s][info][gc,heap        ] GC(863) Eden regions: 353->0(353)
[99.041s][info][gc,heap        ] GC(863) Survivor regions: 2->2(45)
[99.041s][info][gc,heap        ] GC(863) Old regions: 45->45
[99.041s][info][gc,heap        ] GC(863) Archive regions: 0->0
[99.041s][info][gc,heap        ] GC(863) Humongous regions: 0->0
[99.041s][info][gc,metaspace   ] GC(863) Metaspace: 74958K(75904K)->74958K(75904K) NonClass: 59688K(59904K)->59688K(59904K) Class: 15269K(16000K)->15269K(16000K)
[99.041s][info][gc             ] GC(863) Pause Young (Normal) (G1 Evacuation Pause) 393M->39M(592M) 2.063ms
[99.041s][info][gc,cpu         ] GC(863) User=0.00s Sys=0.00s Real=0.00s
[99.138s][info][gc,start       ] GC(864) Pause Young (Normal) (G1 Evacuation Pause)
[99.146s][info][gc,task        ] GC(864) Using 33 workers of 33 for evacuation
[99.148s][info][gc,phases      ] GC(864)   Pre Evacuate Collection Set: 0.2ms
[99.148s][info][gc,phases      ] GC(864)   Merge Heap Roots: 0.2ms
[99.148s][info][gc,phases      ] GC(864)   Evacuate Collection Set: 0.8ms
[99.148s][info][gc,phases      ] GC(864)   Post Evacuate Collection Set: 0.7ms
[99.148s][info][gc,phases      ] GC(864)   Other: 0.1ms
[99.148s][info][gc,heap        ] GC(864) Eden regions: 353->0(353)
[99.148s][info][gc,heap        ] GC(864) Survivor regions: 2->2(45)
[99.148s][info][gc,heap        ] GC(864) Old regions: 45->45
[99.149s][info][gc,heap        ] GC(864) Archive regions: 0->0
[99.149s][info][gc,heap        ] GC(864) Humongous regions: 0->0
[99.149s][info][gc,metaspace   ] GC(864) Metaspace: 74958K(75904K)->74958K(75904K) NonClass: 59688K(59904K)->59688K(59904K) Class: 15269K(16000K)->15269K(16000K)
[99.149s][info][gc             ] GC(864) Pause Young (Normal) (G1 Evacuation Pause) 392M->39M(592M) 11.013ms
[99.149s][info][gc,cpu         ] GC(864) User=0.02s Sys=0.02s Real=0.00s
[99.249s][info][gc,start       ] GC(865) Pause Young (Normal) (G1 Evacuation Pause)
[99.249s][info][gc,task        ] GC(865) Using 33 workers of 33 for evacuation
[99.251s][info][gc,phases      ] GC(865)   Pre Evacuate Collection Set: 0.2ms
[99.251s][info][gc,phases      ] GC(865)   Merge Heap Roots: 0.2ms
[99.251s][info][gc,phases      ] GC(865)   Evacuate Collection Set: 0.8ms
[99.251s][info][gc,phases      ] GC(865)   Post Evacuate Collection Set: 0.5ms
[99.251s][info][gc,phases      ] GC(865)   Other: 0.1ms
[99.251s][info][gc,heap        ] GC(865) Eden regions: 353->0(353)
[99.251s][info][gc,heap        ] GC(865) Survivor regions: 2->2(45)
[99.251s][info][gc,heap        ] GC(865) Old regions: 45->45
[99.251s][info][gc,heap        ] GC(865) Archive regions: 0->0
[99.251s][info][gc,heap        ] GC(865) Humongous regions: 0->0
[99.251s][info][gc,metaspace   ] GC(865) Metaspace: 74958K(75904K)->74958K(75904K) NonClass: 59688K(59904K)->59688K(59904K) Class: 15269K(16000K)->15269K(16000K)
[99.251s][info][gc             ] GC(865) Pause Young (Normal) (G1 Evacuation Pause) 392M->40M(592M) 2.014ms
[99.251s][info][gc,cpu         ] GC(865) User=0.00s Sys=0.00s Real=0.00s
[99.354s][info][gc,start       ] GC(866) Pause Young (Normal) (G1 Evacuation Pause)
[99.354s][info][gc,task        ] GC(866) Using 33 workers of 33 for evacuation
[99.356s][info][gc,phases      ] GC(866)   Pre Evacuate Collection Set: 0.2ms
[99.356s][info][gc,phases      ] GC(866)   Merge Heap Roots: 0.2ms
[99.356s][info][gc,phases      ] GC(866)   Evacuate Collection Set: 0.8ms
[99.356s][info][gc,phases      ] GC(866)   Post Evacuate Collection Set: 0.5ms
[99.356s][info][gc,phases      ] GC(866)   Other: 0.1ms
[99.356s][info][gc,heap        ] GC(866) Eden regions: 353->0(353)
[99.356s][info][gc,heap        ] GC(866) Survivor regions: 2->2(45)
[99.356s][info][gc,heap        ] GC(866) Old regions: 45->45
[99.356s][info][gc,heap        ] GC(866) Archive regions: 0->0
[99.356s][info][gc,heap        ] GC(866) Humongous regions: 0->0
[99.356s][info][gc,metaspace   ] GC(866) Metaspace: 74958K(75904K)->74958K(75904K) NonClass: 59688K(59904K)->59688K(59904K) Class: 15269K(16000K)->15269K(16000K)
[99.356s][info][gc             ] GC(866) Pause Young (Normal) (G1 Evacuation Pause) 393M->39M(592M) 2.006ms
[99.356s][info][gc,cpu         ] GC(866) User=0.00s Sys=0.00s Real=0.00s
[99.472s][info][gc,start       ] GC(867) Pause Young (Normal) (G1 Evacuation Pause)
[99.472s][info][gc,task        ] GC(867) Using 33 workers of 33 for evacuation
[99.474s][info][gc,phases      ] GC(867)   Pre Evacuate Collection Set: 0.2ms
[99.474s][info][gc,phases      ] GC(867)   Merge Heap Roots: 0.1ms
[99.474s][info][gc,phases      ] GC(867)   Evacuate Collection Set: 0.8ms
[99.474s][info][gc,phases      ] GC(867)   Post Evacuate Collection Set: 0.5ms
[99.474s][info][gc,phases      ] GC(867)   Other: 0.1ms
[99.474s][info][gc,heap        ] GC(867) Eden regions: 353->0(353)
[99.474s][info][gc,heap        ] GC(867) Survivor regions: 2->2(45)
[99.474s][info][gc,heap        ] GC(867) Old regions: 45->45
[99.474s][info][gc,heap        ] GC(867) Archive regions: 0->0
[99.474s][info][gc,heap        ] GC(867) Humongous regions: 0->0
[99.474s][info][gc,metaspace   ] GC(867) Metaspace: 74959K(75904K)->74959K(75904K) NonClass: 59690K(59904K)->59690K(59904K) Class: 15269K(16000K)->15269K(16000K)
[99.474s][info][gc             ] GC(867) Pause Young (Normal) (G1 Evacuation Pause) 392M->39M(592M) 2.000ms
[99.474s][info][gc,cpu         ] GC(867) User=0.00s Sys=0.00s Real=0.00s
[99.611s][info][gc,start       ] GC(868) Pause Young (Normal) (G1 Evacuation Pause)
[99.611s][info][gc,task        ] GC(868) Using 33 workers of 33 for evacuation
[99.613s][info][gc,phases      ] GC(868)   Pre Evacuate Collection Set: 0.2ms
[99.613s][info][gc,phases      ] GC(868)   Merge Heap Roots: 0.2ms
[99.613s][info][gc,phases      ] GC(868)   Evacuate Collection Set: 0.8ms
[99.613s][info][gc,phases      ] GC(868)   Post Evacuate Collection Set: 0.6ms
[99.613s][info][gc,phases      ] GC(868)   Other: 0.1ms
[99.613s][info][gc,heap        ] GC(868) Eden regions: 353->0(353)
[99.613s][info][gc,heap        ] GC(868) Survivor regions: 2->2(45)
[99.613s][info][gc,heap        ] GC(868) Old regions: 45->45
[99.613s][info][gc,heap        ] GC(868) Archive regions: 0->0
[99.613s][info][gc,heap        ] GC(868) Humongous regions: 0->0
[99.613s][info][gc,metaspace   ] GC(868) Metaspace: 74959K(75904K)->74959K(75904K) NonClass: 59690K(59904K)->59690K(59904K) Class: 15269K(16000K)->15269K(16000K)
[99.613s][info][gc             ] GC(868) Pause Young (Normal) (G1 Evacuation Pause) 392M->39M(592M) 2.055ms
[99.613s][info][gc,cpu         ] GC(868) User=0.00s Sys=0.00s Real=0.00s
[99.777s][info][gc,start       ] GC(869) Pause Young (Normal) (G1 Evacuation Pause)
[99.777s][info][gc,task        ] GC(869) Using 29 workers of 33 for evacuation
[99.778s][info][gc,phases      ] GC(869)   Pre Evacuate Collection Set: 0.2ms
[99.778s][info][gc,phases      ] GC(869)   Merge Heap Roots: 0.1ms
[99.778s][info][gc,phases      ] GC(869)   Evacuate Collection Set: 0.7ms
[99.778s][info][gc,phases      ] GC(869)   Post Evacuate Collection Set: 0.5ms
[99.778s][info][gc,phases      ] GC(869)   Other: 0.1ms
[99.778s][info][gc,heap        ] GC(869) Eden regions: 353->0(353)
[99.778s][info][gc,heap        ] GC(869) Survivor regions: 2->2(45)
[99.778s][info][gc,heap        ] GC(869) Old regions: 45->45
[99.778s][info][gc,heap        ] GC(869) Archive regions: 0->0
[99.778s][info][gc,heap        ] GC(869) Humongous regions: 0->0
[99.778s][info][gc,metaspace   ] GC(869) Metaspace: 74959K(75904K)->74959K(75904K) NonClass: 59690K(59904K)->59690K(59904K) Class: 15269K(16000K)->15269K(16000K)
[99.778s][info][gc             ] GC(869) Pause Young (Normal) (G1 Evacuation Pause) 392M->39M(592M) 1.831ms
[99.778s][info][gc,cpu         ] GC(869) User=0.00s Sys=0.00s Real=0.00s
[99.989s][info][gc,start       ] GC(870) Pause Young (Normal) (G1 Evacuation Pause)
[99.989s][info][gc,task        ] GC(870) Using 24 workers of 33 for evacuation
[99.990s][info][gc,phases      ] GC(870)   Pre Evacuate Collection Set: 0.1ms
[99.990s][info][gc,phases      ] GC(870)   Merge Heap Roots: 0.1ms
[99.990s][info][gc,phases      ] GC(870)   Evacuate Collection Set: 0.6ms
[99.990s][info][gc,phases      ] GC(870)   Post Evacuate Collection Set: 0.5ms
[99.990s][info][gc,phases      ] GC(870)   Other: 0.1ms
[99.990s][info][gc,heap        ] GC(870) Eden regions: 353->0(353)
[99.990s][info][gc,heap        ] GC(870) Survivor regions: 2->2(45)
[99.990s][info][gc,heap        ] GC(870) Old regions: 45->45
[99.990s][info][gc,heap        ] GC(870) Archive regions: 0->0
[99.990s][info][gc,heap        ] GC(870) Humongous regions: 0->0
[99.990s][info][gc,metaspace   ] GC(870) Metaspace: 74959K(75904K)->74959K(75904K) NonClass: 59690K(59904K)->59690K(59904K) Class: 15269K(16000K)->15269K(16000K)
[99.990s][info][gc             ] GC(870) Pause Young (Normal) (G1 Evacuation Pause) 392M->39M(592M) 1.687ms
[99.991s][info][gc,cpu         ] GC(870) User=0.00s Sys=0.00s Real=0.00s
[100.232s][info][gc,start       ] GC(871) Pause Young (Normal) (G1 Evacuation Pause)
[100.232s][info][gc,task        ] GC(871) Using 21 workers of 33 for evacuation
[100.233s][info][gc,phases      ] GC(871)   Pre Evacuate Collection Set: 0.1ms
[100.233s][info][gc,phases      ] GC(871)   Merge Heap Roots: 0.1ms
[100.233s][info][gc,phases      ] GC(871)   Evacuate Collection Set: 0.5ms
[100.233s][info][gc,phases      ] GC(871)   Post Evacuate Collection Set: 0.4ms
[100.233s][info][gc,phases      ] GC(871)   Other: 0.1ms
[100.233s][info][gc,heap        ] GC(871) Eden regions: 353->0(353)
[100.233s][info][gc,heap        ] GC(871) Survivor regions: 2->2(45)
[100.233s][info][gc,heap        ] GC(871) Old regions: 45->45
[100.233s][info][gc,heap        ] GC(871) Archive regions: 0->0
[100.233s][info][gc,heap        ] GC(871) Humongous regions: 0->0
[100.233s][info][gc,metaspace   ] GC(871) Metaspace: 74959K(75904K)->74959K(75904K) NonClass: 59690K(59904K)->59690K(59904K) Class: 15269K(16000K)->15269K(16000K)
[100.233s][info][gc             ] GC(871) Pause Young (Normal) (G1 Evacuation Pause) 392M->39M(592M) 1.499ms
[100.233s][info][gc,cpu         ] GC(871) User=0.00s Sys=0.00s Real=0.00s
[100.476s][info][gc,start       ] GC(872) Pause Young (Normal) (G1 Evacuation Pause)
[100.476s][info][gc,task        ] GC(872) Using 19 workers of 33 for evacuation
[100.477s][info][gc,phases      ] GC(872)   Pre Evacuate Collection Set: 0.1ms
[100.477s][info][gc,phases      ] GC(872)   Merge Heap Roots: 0.1ms
[100.477s][info][gc,phases      ] GC(872)   Evacuate Collection Set: 0.6ms
[100.477s][info][gc,phases      ] GC(872)   Post Evacuate Collection Set: 0.4ms
[100.477s][info][gc,phases      ] GC(872)   Other: 0.1ms
[100.477s][info][gc,heap        ] GC(872) Eden regions: 353->0(353)
[100.477s][info][gc,heap        ] GC(872) Survivor regions: 2->2(45)
[100.477s][info][gc,heap        ] GC(872) Old regions: 45->45
[100.477s][info][gc,heap        ] GC(872) Archive regions: 0->0
[100.477s][info][gc,heap        ] GC(872) Humongous regions: 0->0
[100.477s][info][gc,metaspace   ] GC(872) Metaspace: 74959K(75904K)->74959K(75904K) NonClass: 59690K(59904K)->59690K(59904K) Class: 15269K(16000K)->15269K(16000K)
[100.477s][info][gc             ] GC(872) Pause Young (Normal) (G1 Evacuation Pause) 392M->39M(592M) 1.521ms
[100.477s][info][gc,cpu         ] GC(872) User=0.00s Sys=0.00s Real=0.00s
[100.718s][info][gc,start       ] GC(873) Pause Young (Normal) (G1 Evacuation Pause)
[100.718s][info][gc,task        ] GC(873) Using 18 workers of 33 for evacuation
[100.719s][info][gc,phases      ] GC(873)   Pre Evacuate Collection Set: 0.1ms
[100.719s][info][gc,phases      ] GC(873)   Merge Heap Roots: 0.1ms
[100.719s][info][gc,phases      ] GC(873)   Evacuate Collection Set: 0.6ms
[100.719s][info][gc,phases      ] GC(873)   Post Evacuate Collection Set: 0.4ms
[100.719s][info][gc,phases      ] GC(873)   Other: 0.1ms
[100.719s][info][gc,heap        ] GC(873) Eden regions: 353->0(353)
[100.719s][info][gc,heap        ] GC(873) Survivor regions: 2->2(45)
[100.719s][info][gc,heap        ] GC(873) Old regions: 45->45
[100.719s][info][gc,heap        ] GC(873) Archive regions: 0->0
[100.719s][info][gc,heap        ] GC(873) Humongous regions: 0->0
[100.719s][info][gc,metaspace   ] GC(873) Metaspace: 74959K(75904K)->74959K(75904K) NonClass: 59690K(59904K)->59690K(59904K) Class: 15269K(16000K)->15269K(16000K)
[100.719s][info][gc             ] GC(873) Pause Young (Normal) (G1 Evacuation Pause) 392M->39M(592M) 1.468ms
[100.719s][info][gc,cpu         ] GC(873) User=0.00s Sys=0.00s Real=0.00s
[100.962s][info][gc,start       ] GC(874) Pause Young (Normal) (G1 Evacuation Pause)
[100.962s][info][gc,task        ] GC(874) Using 18 workers of 33 for evacuation
[100.963s][info][gc,phases      ] GC(874)   Pre Evacuate Collection Set: 0.1ms
[100.963s][info][gc,phases      ] GC(874)   Merge Heap Roots: 0.1ms
[100.963s][info][gc,phases      ] GC(874)   Evacuate Collection Set: 0.5ms
[100.963s][info][gc,phases      ] GC(874)   Post Evacuate Collection Set: 0.3ms
[100.963s][info][gc,phases      ] GC(874)   Other: 0.1ms
[100.963s][info][gc,heap        ] GC(874) Eden regions: 353->0(353)
[100.963s][info][gc,heap        ] GC(874) Survivor regions: 2->2(45)
[100.963s][info][gc,heap        ] GC(874) Old regions: 45->45
[100.963s][info][gc,heap        ] GC(874) Archive regions: 0->0
[100.963s][info][gc,heap        ] GC(874) Humongous regions: 0->0
[100.963s][info][gc,metaspace   ] GC(874) Metaspace: 74959K(75904K)->74959K(75904K) NonClass: 59690K(59904K)->59690K(59904K) Class: 15269K(16000K)->15269K(16000K)
[100.963s][info][gc             ] GC(874) Pause Young (Normal) (G1 Evacuation Pause) 392M->39M(592M) 1.419ms
[100.963s][info][gc,cpu         ] GC(874) User=0.00s Sys=0.00s Real=0.00s
[101.184s][info][gc,heap,exit   ] Heap
[101.184s][info][gc,heap,exit   ]  garbage-first heap   total 606208K, used 294821K [0x00000000c0000000, 0x0000000100000000)
[101.184s][info][gc,heap,exit   ]   region size 1024K, 250 young (256000K), 2 survivors (2048K)
[101.184s][info][gc,heap,exit   ]  Metaspace       used 75041K, committed 75968K, reserved 1114112K
[101.184s][info][gc,heap,exit   ]   class space    used 15292K, committed 16000K, reserved 1048576K
