[0.015s][info][gc,init] CardTable entry size: 512
[0.016s][info][gc     ] Using G1
[0.031s][info][gc,init] Version: 20+36-2344 (release)
[0.031s][info][gc,init] CPUs: 48 total, 48 available
[0.031s][info][gc,init] Memory: 382G
[0.031s][info][gc,init] Large Page Support: Disabled
[0.031s][info][gc,init] NUMA Support: Disabled
[0.031s][info][gc,init] Compressed Oops: Enabled (Zero based)
[0.031s][info][gc,init] Heap Region Size: 2M
[0.031s][info][gc,init] Heap Min Capacity: 8M
[0.031s][info][gc,init] Heap Initial Capacity: 2G
[0.031s][info][gc,init] Heap Max Capacity: 4G
[0.050s][info][gc,init] Pre-touch: Disabled
[0.050s][info][gc,init] Parallel Workers: 33
[0.050s][info][gc,init] Concurrent Workers: 8
[0.050s][info][gc,init] Concurrent Refinement Workers: 33
[0.050s][info][gc,init] Periodic GC: Disabled
[0.051s][info][gc,metaspace] CDS archive(s) mapped at: [0x0000000800000000-0x0000000800c60000-0x0000000800c60000), size 12976128, SharedBaseAddress: 0x0000000800000000, ArchiveRelocationMode: 0.
[0.051s][info][gc,metaspace] Compressed class space mapped at: 0x0000000801000000-0x0000000841000000, reserved size: 1073741824
[0.051s][info][gc,metaspace] Narrow klass base: 0x0000000800000000, Narrow klass shift: 0, Narrow klass range: 0x100000000
[4.646s][info][gc,start    ] GC(0) Pause Young (Concurrent Start) (Metadata GC Threshold)
[4.649s][info][gc,task     ] GC(0) Using 33 workers of 33 for evacuation
[4.662s][info][gc,phases   ] GC(0)   Pre Evacuate Collection Set: 0.6ms
[4.663s][info][gc,phases   ] GC(0)   Merge Heap Roots: 0.3ms
[4.663s][info][gc,phases   ] GC(0)   Evacuate Collection Set: 11.8ms
[4.663s][info][gc,phases   ] GC(0)   Post Evacuate Collection Set: 1.0ms
[4.663s][info][gc,phases   ] GC(0)   Other: 2.2ms
[4.663s][info][gc,heap     ] GC(0) Eden regions: 41->0(46)
[4.663s][info][gc,heap     ] GC(0) Survivor regions: 0->5(7)
[4.663s][info][gc,heap     ] GC(0) Old regions: 0->0
[4.663s][info][gc,heap     ] GC(0) Archive regions: 0->0
[4.663s][info][gc,heap     ] GC(0) Humongous regions: 0->0
[4.663s][info][gc,metaspace] GC(0) Metaspace: 21255K(21504K)->21255K(21504K) NonClass: 18523K(18624K)->18523K(18624K) Class: 2732K(2880K)->2732K(2880K)
[4.663s][info][gc          ] GC(0) Pause Young (Concurrent Start) (Metadata GC Threshold) 81M->8M(2048M) 16.508ms
[4.663s][info][gc          ] GC(1) Concurrent Mark Cycle
[4.663s][info][gc,cpu      ] GC(0) User=0.28s Sys=0.02s Real=0.02s
[4.663s][info][gc,marking  ] GC(1) Concurrent Scan Root Regions
[4.665s][info][gc,marking  ] GC(1) Concurrent Scan Root Regions 2.196ms
[4.665s][info][gc,marking  ] GC(1) Concurrent Mark
[4.665s][info][gc,marking  ] GC(1) Concurrent Mark From Roots
[4.665s][info][gc,task     ] GC(1) Using 8 workers of 8 for marking
[4.666s][info][gc,marking  ] GC(1) Concurrent Mark From Roots 0.924ms
[4.666s][info][gc,marking  ] GC(1) Concurrent Preclean
[4.666s][info][gc,marking  ] GC(1) Concurrent Preclean 0.020ms
[4.666s][info][gc,start    ] GC(1) Pause Remark
[4.669s][info][gc          ] GC(1) Pause Remark 10M->10M(40M) 2.662ms
[4.669s][info][gc,cpu      ] GC(1) User=0.00s Sys=0.00s Real=0.00s
[4.669s][info][gc,marking  ] GC(1) Concurrent Mark 3.831ms
[4.669s][info][gc,marking  ] GC(1) Concurrent Rebuild Remembered Sets and Scrub Regions
[4.669s][info][gc,marking  ] GC(1) Concurrent Rebuild Remembered Sets and Scrub Regions 0.060ms
[4.670s][info][gc,start    ] GC(1) Pause Cleanup
[4.670s][info][gc          ] GC(1) Pause Cleanup 10M->10M(40M) 0.028ms
[4.670s][info][gc,cpu      ] GC(1) User=0.00s Sys=0.00s Real=0.00s
[4.670s][info][gc,marking  ] GC(1) Concurrent Clear Claimed Marks
[4.670s][info][gc,marking  ] GC(1) Concurrent Clear Claimed Marks 0.052ms
[4.670s][info][gc,marking  ] GC(1) Concurrent Cleanup for Next Mark
[4.670s][info][gc,marking  ] GC(1) Concurrent Cleanup for Next Mark 0.396ms
[4.670s][info][gc          ] GC(1) Concurrent Mark Cycle 7.485ms
[5.230s][info][gc,start    ] GC(2) Pause Young (Normal) (G1 Evacuation Pause)
[5.230s][info][gc,task     ] GC(2) Using 17 workers of 33 for evacuation
[5.242s][info][gc,phases   ] GC(2)   Pre Evacuate Collection Set: 0.1ms
[5.242s][info][gc,phases   ] GC(2)   Merge Heap Roots: 0.1ms
[5.242s][info][gc,phases   ] GC(2)   Evacuate Collection Set: 10.7ms
[5.242s][info][gc,phases   ] GC(2)   Post Evacuate Collection Set: 1.0ms
[5.242s][info][gc,phases   ] GC(2)   Other: 0.2ms
[5.242s][info][gc,heap     ] GC(2) Eden regions: 15->0(13)
[5.242s][info][gc,heap     ] GC(2) Survivor regions: 5->3(7)
[5.242s][info][gc,heap     ] GC(2) Old regions: 0->4
[5.242s][info][gc,heap     ] GC(2) Archive regions: 0->0
[5.242s][info][gc,heap     ] GC(2) Humongous regions: 0->0
[5.242s][info][gc,metaspace] GC(2) Metaspace: 29015K(29312K)->29015K(29312K) NonClass: 25146K(25344K)->25146K(25344K) Class: 3869K(3968K)->3869K(3968K)
[5.242s][info][gc          ] GC(2) Pause Young (Normal) (G1 Evacuation Pause) 38M->12M(54M) 12.402ms
[5.242s][info][gc,cpu      ] GC(2) User=0.00s Sys=0.00s Real=0.00s
[5.390s][info][gc,start    ] GC(3) Pause Full (System.gc())
[5.390s][info][gc,task     ] GC(3) Using 2 workers of 33 for full compaction
[5.391s][info][gc,phases,start] GC(3) Phase 1: Mark live objects
[5.408s][info][gc,phases      ] GC(3) Phase 1: Mark live objects 17.780ms
[5.408s][info][gc,phases,start] GC(3) Phase 2: Prepare compaction
[5.413s][info][gc,phases      ] GC(3) Phase 2: Prepare compaction 4.316ms
[5.413s][info][gc,phases,start] GC(3) Phase 3: Adjust pointers
[5.422s][info][gc,phases      ] GC(3) Phase 3: Adjust pointers 9.610ms
[5.422s][info][gc,phases,start] GC(3) Phase 4: Compact heap
[5.424s][info][gc,phases      ] GC(3) Phase 4: Compact heap 1.813ms
[5.428s][info][gc,heap        ] GC(3) Eden regions: 5->0(13)
[5.428s][info][gc,heap        ] GC(3) Survivor regions: 3->0(7)
[5.428s][info][gc,heap        ] GC(3) Old regions: 4->7
[5.428s][info][gc,heap        ] GC(3) Archive regions: 0->0
[5.428s][info][gc,heap        ] GC(3) Humongous regions: 0->0
[5.428s][info][gc,metaspace   ] GC(3) Metaspace: 30265K(30592K)->30265K(30592K) NonClass: 26224K(26432K)->26224K(26432K) Class: 4041K(4160K)->4041K(4160K)
[5.428s][info][gc             ] GC(3) Pause Full (System.gc()) 21M->12M(48M) 38.174ms
[5.428s][info][gc,cpu         ] GC(3) User=0.06s Sys=0.00s Real=0.03s
[5.775s][info][gc,start       ] GC(4) Pause Young (Normal) (G1 Evacuation Pause)
[5.775s][info][gc,task        ] GC(4) Using 33 workers of 33 for evacuation
[5.780s][info][gc,phases      ] GC(4)   Pre Evacuate Collection Set: 0.1ms
[5.780s][info][gc,phases      ] GC(4)   Merge Heap Roots: 0.1ms
[5.780s][info][gc,phases      ] GC(4)   Evacuate Collection Set: 4.0ms
[5.780s][info][gc,phases      ] GC(4)   Post Evacuate Collection Set: 0.7ms
[5.780s][info][gc,phases      ] GC(4)   Other: 0.1ms
[5.780s][info][gc,heap        ] GC(4) Eden regions: 13->0(12)
[5.780s][info][gc,heap        ] GC(4) Survivor regions: 0->1(2)
[5.780s][info][gc,heap        ] GC(4) Old regions: 7->7
[5.780s][info][gc,heap        ] GC(4) Archive regions: 0->0
[5.781s][info][gc,heap        ] GC(4) Humongous regions: 0->0
[5.781s][info][gc,metaspace   ] GC(4) Metaspace: 35325K(35648K)->35325K(35648K) NonClass: 30002K(30208K)->30002K(30208K) Class: 5323K(5440K)->5323K(5440K)
[5.781s][info][gc             ] GC(4) Pause Young (Normal) (G1 Evacuation Pause) 38M->14M(48M) 5.400ms
[5.781s][info][gc,cpu         ] GC(4) User=0.00s Sys=0.00s Real=0.00s
[6.005s][info][gc,start       ] GC(5) Pause Young (Normal) (G1 Evacuation Pause)
[6.005s][info][gc,task        ] GC(5) Using 33 workers of 33 for evacuation
[6.011s][info][gc,phases      ] GC(5)   Pre Evacuate Collection Set: 0.1ms
[6.011s][info][gc,phases      ] GC(5)   Merge Heap Roots: 0.1ms
[6.011s][info][gc,phases      ] GC(5)   Evacuate Collection Set: 4.9ms
[6.011s][info][gc,phases      ] GC(5)   Post Evacuate Collection Set: 0.6ms
[6.011s][info][gc,phases      ] GC(5)   Other: 0.1ms
[6.011s][info][gc,heap        ] GC(5) Eden regions: 12->0(13)
[6.011s][info][gc,heap        ] GC(5) Survivor regions: 1->1(2)
[6.011s][info][gc,heap        ] GC(5) Old regions: 7->7
[6.012s][info][gc,heap        ] GC(5) Archive regions: 0->0
[6.012s][info][gc,heap        ] GC(5) Humongous regions: 0->0
[6.012s][info][gc,metaspace   ] GC(5) Metaspace: 37776K(38144K)->37776K(38144K) NonClass: 31842K(32064K)->31842K(32064K) Class: 5933K(6080K)->5933K(6080K)
[6.012s][info][gc             ] GC(5) Pause Young (Normal) (G1 Evacuation Pause) 38M->14M(48M) 6.159ms
[6.012s][info][gc,cpu         ] GC(5) User=0.56s Sys=0.00s Real=0.01s
[6.214s][info][gc,start       ] GC(6) Pause Young (Normal) (G1 Evacuation Pause)
[6.214s][info][gc,task        ] GC(6) Using 33 workers of 33 for evacuation
[6.220s][info][gc,phases      ] GC(6)   Pre Evacuate Collection Set: 0.1ms
[6.220s][info][gc,phases      ] GC(6)   Merge Heap Roots: 0.1ms
[6.220s][info][gc,phases      ] GC(6)   Evacuate Collection Set: 5.8ms
[6.221s][info][gc,phases      ] GC(6)   Post Evacuate Collection Set: 0.6ms
[6.221s][info][gc,phases      ] GC(6)   Other: 0.1ms
[6.221s][info][gc,heap        ] GC(6) Eden regions: 13->0(11)
[6.221s][info][gc,heap        ] GC(6) Survivor regions: 1->2(2)
[6.221s][info][gc,heap        ] GC(6) Old regions: 7->7
[6.221s][info][gc,heap        ] GC(6) Archive regions: 0->0
[6.221s][info][gc,heap        ] GC(6) Humongous regions: 0->0
[6.221s][info][gc,metaspace   ] GC(6) Metaspace: 42367K(42816K)->42367K(42816K) NonClass: 34873K(35136K)->34873K(35136K) Class: 7493K(7680K)->7493K(7680K)
[6.221s][info][gc             ] GC(6) Pause Young (Normal) (G1 Evacuation Pause) 40M->14M(48M) 6.974ms
[6.221s][info][gc,cpu         ] GC(6) User=0.02s Sys=0.02s Real=0.02s
[6.413s][info][gc,start       ] GC(7) Pause Young (Normal) (G1 Evacuation Pause)
[6.413s][info][gc,task        ] GC(7) Using 33 workers of 33 for evacuation
[6.423s][info][gc,phases      ] GC(7)   Pre Evacuate Collection Set: 0.1ms
[6.423s][info][gc,phases      ] GC(7)   Merge Heap Roots: 0.1ms
[6.423s][info][gc,phases      ] GC(7)   Evacuate Collection Set: 5.9ms
[6.423s][info][gc,phases      ] GC(7)   Post Evacuate Collection Set: 4.0ms
[6.423s][info][gc,phases      ] GC(7)   Other: 0.1ms
[6.423s][info][gc,heap        ] GC(7) Eden regions: 11->0(197)
[6.423s][info][gc,heap        ] GC(7) Survivor regions: 2->2(2)
[6.423s][info][gc,heap        ] GC(7) Old regions: 7->8
[6.423s][info][gc,heap        ] GC(7) Archive regions: 0->0
[6.423s][info][gc,heap        ] GC(7) Humongous regions: 0->0
[6.423s][info][gc,metaspace   ] GC(7) Metaspace: 45881K(46336K)->45881K(46336K) NonClass: 37290K(37568K)->37290K(37568K) Class: 8590K(8768K)->8590K(8768K)
[6.423s][info][gc             ] GC(7) Pause Young (Normal) (G1 Evacuation Pause) 36M->15M(1048M) 10.500ms
[6.423s][info][gc,cpu         ] GC(7) User=0.05s Sys=0.00s Real=0.02s
[6.674s][info][gc,start       ] GC(8) Pause Young (Concurrent Start) (Metadata GC Threshold)
[6.674s][info][gc,task        ] GC(8) Using 33 workers of 33 for evacuation
[6.683s][info][gc,phases      ] GC(8)   Pre Evacuate Collection Set: 0.3ms
[6.683s][info][gc,phases      ] GC(8)   Merge Heap Roots: 0.1ms
[6.683s][info][gc,phases      ] GC(8)   Evacuate Collection Set: 8.2ms
[6.683s][info][gc,phases      ] GC(8)   Post Evacuate Collection Set: 0.9ms
[6.684s][info][gc,phases      ] GC(8)   Other: 0.1ms
[6.684s][info][gc,heap        ] GC(8) Eden regions: 14->0(268)
[6.684s][info][gc,heap        ] GC(8) Survivor regions: 2->2(25)
[6.684s][info][gc,heap        ] GC(8) Old regions: 8->8
[6.684s][info][gc,heap        ] GC(8) Archive regions: 0->0
[6.684s][info][gc,heap        ] GC(8) Humongous regions: 0->0
[6.684s][info][gc,metaspace   ] GC(8) Metaspace: 50333K(51008K)->50333K(51008K) NonClass: 40546K(40960K)->40546K(40960K) Class: 9786K(10048K)->9786K(10048K)
[6.684s][info][gc             ] GC(8) Pause Young (Concurrent Start) (Metadata GC Threshold) 42M->16M(1048M) 9.846ms
[6.684s][info][gc             ] GC(9) Concurrent Mark Cycle
[6.684s][info][gc,cpu         ] GC(8) User=0.00s Sys=0.00s Real=0.00s
[6.684s][info][gc,marking     ] GC(9) Concurrent Scan Root Regions
[6.686s][info][gc,marking     ] GC(9) Concurrent Scan Root Regions 2.808ms
[6.687s][info][gc,marking     ] GC(9) Concurrent Mark
[6.687s][info][gc,marking     ] GC(9) Concurrent Mark From Roots
[6.687s][info][gc,task        ] GC(9) Using 8 workers of 8 for marking
[6.700s][info][gc,marking     ] GC(9) Concurrent Mark From Roots 13.780ms
[6.700s][info][gc,marking     ] GC(9) Concurrent Preclean
[6.701s][info][gc,marking     ] GC(9) Concurrent Preclean 0.250ms
[6.701s][info][gc,start       ] GC(9) Pause Remark
[6.710s][info][gc             ] GC(9) Pause Remark 30M->30M(114M) 9.211ms
[6.710s][info][gc,cpu         ] GC(9) User=0.00s Sys=0.00s Real=0.00s
[6.710s][info][gc,marking     ] GC(9) Concurrent Mark 23.802ms
[6.710s][info][gc,marking     ] GC(9) Concurrent Rebuild Remembered Sets and Scrub Regions
[6.712s][info][gc,marking     ] GC(9) Concurrent Rebuild Remembered Sets and Scrub Regions 1.919ms
[6.713s][info][gc,start       ] GC(9) Pause Cleanup
[6.714s][info][gc             ] GC(9) Pause Cleanup 30M->30M(114M) 0.110ms
[6.714s][info][gc,cpu         ] GC(9) User=0.00s Sys=0.00s Real=0.00s
[6.714s][info][gc,marking     ] GC(9) Concurrent Clear Claimed Marks
[6.714s][info][gc,marking     ] GC(9) Concurrent Clear Claimed Marks 0.095ms
[6.714s][info][gc,marking     ] GC(9) Concurrent Cleanup for Next Mark
[6.714s][info][gc,marking     ] GC(9) Concurrent Cleanup for Next Mark 0.388ms
[6.714s][info][gc             ] GC(9) Concurrent Mark Cycle 30.599ms
[7.422s][info][gc,start       ] GC(10) Pause Young (Prepare Mixed) (G1 Evacuation Pause)
[7.422s][info][gc,task        ] GC(10) Using 33 workers of 33 for evacuation
[7.435s][info][gc,phases      ] GC(10)   Pre Evacuate Collection Set: 0.2ms
[7.435s][info][gc,phases      ] GC(10)   Merge Heap Roots: 0.2ms
[7.435s][info][gc,phases      ] GC(10)   Evacuate Collection Set: 11.2ms
[7.435s][info][gc,phases      ] GC(10)   Post Evacuate Collection Set: 1.0ms
[7.435s][info][gc,phases      ] GC(10)   Other: 0.1ms
[7.435s][info][gc,heap        ] GC(10) Eden regions: 47->0(32)
[7.435s][info][gc,heap        ] GC(10) Survivor regions: 2->4(34)
[7.435s][info][gc,heap        ] GC(10) Old regions: 8->8
[7.435s][info][gc,heap        ] GC(10) Archive regions: 0->0
[7.435s][info][gc,heap        ] GC(10) Humongous regions: 0->0
[7.435s][info][gc,metaspace   ] GC(10) Metaspace: 62051K(63104K)->62051K(63104K) NonClass: 48968K(49600K)->48968K(49600K) Class: 13083K(13504K)->13083K(13504K)
[7.435s][info][gc             ] GC(10) Pause Young (Prepare Mixed) (G1 Evacuation Pause) 110M->20M(122M) 12.929ms
[7.435s][info][gc,cpu         ] GC(10) User=0.00s Sys=0.00s Real=0.00s
[7.956s][info][gc,start       ] GC(11) Pause Young (Mixed) (G1 Evacuation Pause)
[7.956s][info][gc,task        ] GC(11) Using 33 workers of 33 for evacuation
[7.968s][info][gc,phases      ] GC(11)   Pre Evacuate Collection Set: 0.2ms
[7.968s][info][gc,phases      ] GC(11)   Merge Heap Roots: 0.1ms
[7.968s][info][gc,phases      ] GC(11)   Evacuate Collection Set: 10.9ms
[7.968s][info][gc,phases      ] GC(11)   Post Evacuate Collection Set: 0.7ms
[7.968s][info][gc,phases      ] GC(11)   Other: 0.1ms
[7.968s][info][gc,heap        ] GC(11) Eden regions: 32->0(30)
[7.969s][info][gc,heap        ] GC(11) Survivor regions: 4->5(5)
[7.969s][info][gc,heap        ] GC(11) Old regions: 8->14
[7.969s][info][gc,heap        ] GC(11) Archive regions: 0->0
[7.969s][info][gc,heap        ] GC(11) Humongous regions: 0->0
[7.969s][info][gc,metaspace   ] GC(11) Metaspace: 68763K(69824K)->68763K(69824K) NonClass: 53974K(54592K)->53974K(54592K) Class: 14788K(15232K)->14788K(15232K)
[7.969s][info][gc             ] GC(11) Pause Young (Mixed) (G1 Evacuation Pause) 84M->35M(122M) 12.267ms
[7.969s][info][gc,cpu         ] GC(11) User=0.03s Sys=0.00s Real=0.01s
[8.354s][info][gc,start       ] GC(12) Pause Young (Normal) (G1 Evacuation Pause)
[8.354s][info][gc,task        ] GC(12) Using 33 workers of 33 for evacuation
[8.361s][info][gc,phases      ] GC(12)   Pre Evacuate Collection Set: 0.2ms
[8.361s][info][gc,phases      ] GC(12)   Merge Heap Roots: 0.2ms
[8.361s][info][gc,phases      ] GC(12)   Evacuate Collection Set: 2.8ms
[8.361s][info][gc,phases      ] GC(12)   Post Evacuate Collection Set: 3.8ms
[8.361s][info][gc,phases      ] GC(12)   Other: 0.1ms
[8.361s][info][gc,heap        ] GC(12) Eden regions: 30->0(323)
[8.361s][info][gc,heap        ] GC(12) Survivor regions: 5->2(5)
[8.361s][info][gc,heap        ] GC(12) Old regions: 14->20
[8.361s][info][gc,heap        ] GC(12) Archive regions: 0->0
[8.361s][info][gc,heap        ] GC(12) Humongous regions: 0->0
[8.361s][info][gc,metaspace   ] GC(12) Metaspace: 73477K(74496K)->73477K(74496K) NonClass: 57876K(58496K)->57876K(58496K) Class: 15600K(16000K)->15600K(16000K)
[8.361s][info][gc             ] GC(12) Pause Young (Normal) (G1 Evacuation Pause) 95M->40M(1086M) 7.422ms
[8.361s][info][gc,cpu         ] GC(12) User=0.00s Sys=0.00s Real=0.01s
[9.419s][info][gc,start       ] GC(13) Pause Young (Normal) (G1 Evacuation Pause)
[9.419s][info][gc,task        ] GC(13) Using 33 workers of 33 for evacuation
[9.424s][info][gc,phases      ] GC(13)   Pre Evacuate Collection Set: 0.2ms
[9.424s][info][gc,phases      ] GC(13)   Merge Heap Roots: 0.2ms
[9.424s][info][gc,phases      ] GC(13)   Evacuate Collection Set: 3.3ms
[9.424s][info][gc,phases      ] GC(13)   Post Evacuate Collection Set: 0.9ms
[9.424s][info][gc,phases      ] GC(13)   Other: 0.2ms
[9.424s][info][gc,heap        ] GC(13) Eden regions: 323->0(322)
[9.424s][info][gc,heap        ] GC(13) Survivor regions: 2->3(41)
[9.424s][info][gc,heap        ] GC(13) Old regions: 20->20
[9.424s][info][gc,heap        ] GC(13) Archive regions: 0->0
[9.424s][info][gc,heap        ] GC(13) Humongous regions: 0->0
[9.424s][info][gc,metaspace   ] GC(13) Metaspace: 73745K(74752K)->73745K(74752K) NonClass: 58138K(58752K)->58138K(58752K) Class: 15606K(16000K)->15606K(16000K)
[9.424s][info][gc             ] GC(13) Pause Young (Normal) (G1 Evacuation Pause) 686M->40M(1086M) 5.017ms
[9.424s][info][gc,cpu         ] GC(13) User=0.00s Sys=0.00s Real=0.00s
[10.058s][info][gc,start       ] GC(14) Pause Young (Normal) (G1 Evacuation Pause)
[10.058s][info][gc,task        ] GC(14) Using 33 workers of 33 for evacuation
[10.062s][info][gc,phases      ] GC(14)   Pre Evacuate Collection Set: 0.2ms
[10.062s][info][gc,phases      ] GC(14)   Merge Heap Roots: 0.2ms
[10.062s][info][gc,phases      ] GC(14)   Evacuate Collection Set: 2.7ms
[10.062s][info][gc,phases      ] GC(14)   Post Evacuate Collection Set: 0.9ms
[10.062s][info][gc,phases      ] GC(14)   Other: 0.1ms
[10.062s][info][gc,heap        ] GC(14) Eden regions: 322->0(323)
[10.062s][info][gc,heap        ] GC(14) Survivor regions: 3->2(41)
[10.062s][info][gc,heap        ] GC(14) Old regions: 20->20
[10.062s][info][gc,heap        ] GC(14) Archive regions: 0->0
[10.062s][info][gc,heap        ] GC(14) Humongous regions: 0->0
[10.062s][info][gc,metaspace   ] GC(14) Metaspace: 73763K(74816K)->73763K(74816K) NonClass: 58156K(58816K)->58156K(58816K) Class: 15606K(16000K)->15606K(16000K)
[10.062s][info][gc             ] GC(14) Pause Young (Normal) (G1 Evacuation Pause) 684M->40M(1086M) 4.399ms
[10.062s][info][gc,cpu         ] GC(14) User=0.00s Sys=0.00s Real=0.00s
[10.560s][info][gc,start       ] GC(15) Pause Young (Normal) (G1 Evacuation Pause)
[10.560s][info][gc,task        ] GC(15) Using 33 workers of 33 for evacuation
[10.564s][info][gc,phases      ] GC(15)   Pre Evacuate Collection Set: 0.2ms
[10.564s][info][gc,phases      ] GC(15)   Merge Heap Roots: 0.2ms
[10.564s][info][gc,phases      ] GC(15)   Evacuate Collection Set: 2.8ms
[10.564s][info][gc,phases      ] GC(15)   Post Evacuate Collection Set: 0.8ms
[10.564s][info][gc,phases      ] GC(15)   Other: 0.1ms
[10.564s][info][gc,heap        ] GC(15) Eden regions: 323->0(323)
[10.564s][info][gc,heap        ] GC(15) Survivor regions: 2->2(41)
[10.564s][info][gc,heap        ] GC(15) Old regions: 20->20
[10.564s][info][gc,heap        ] GC(15) Archive regions: 0->0
[10.564s][info][gc,heap        ] GC(15) Humongous regions: 0->0
[10.564s][info][gc,metaspace   ] GC(15) Metaspace: 73772K(74816K)->73772K(74816K) NonClass: 58165K(58816K)->58165K(58816K) Class: 15607K(16000K)->15607K(16000K)
[10.564s][info][gc             ] GC(15) Pause Young (Normal) (G1 Evacuation Pause) 686M->40M(1086M) 4.438ms
[10.564s][info][gc,cpu         ] GC(15) User=0.00s Sys=0.00s Real=0.00s
[10.947s][info][gc,start       ] GC(16) Pause Young (Normal) (G1 Evacuation Pause)
[10.947s][info][gc,task        ] GC(16) Using 33 workers of 33 for evacuation
[10.950s][info][gc,phases      ] GC(16)   Pre Evacuate Collection Set: 0.2ms
[10.951s][info][gc,phases      ] GC(16)   Merge Heap Roots: 0.2ms
[10.951s][info][gc,phases      ] GC(16)   Evacuate Collection Set: 2.3ms
[10.951s][info][gc,phases      ] GC(16)   Post Evacuate Collection Set: 0.8ms
[10.951s][info][gc,phases      ] GC(16)   Other: 0.1ms
[10.951s][info][gc,heap        ] GC(16) Eden regions: 323->0(323)
[10.951s][info][gc,heap        ] GC(16) Survivor regions: 2->2(41)
[10.951s][info][gc,heap        ] GC(16) Old regions: 20->20
[10.951s][info][gc,heap        ] GC(16) Archive regions: 0->0
[10.951s][info][gc,heap        ] GC(16) Humongous regions: 0->0
[10.951s][info][gc,metaspace   ] GC(16) Metaspace: 73819K(74816K)->73819K(74816K) NonClass: 58203K(58816K)->58203K(58816K) Class: 15616K(16000K)->15616K(16000K)
[10.951s][info][gc             ] GC(16) Pause Young (Normal) (G1 Evacuation Pause) 686M->40M(1086M) 4.001ms
[10.951s][info][gc,cpu         ] GC(16) User=0.00s Sys=0.00s Real=0.00s
[11.287s][info][gc,start       ] GC(17) Pause Young (Normal) (G1 Evacuation Pause)
[11.287s][info][gc,task        ] GC(17) Using 33 workers of 33 for evacuation
[11.292s][info][gc,phases      ] GC(17)   Pre Evacuate Collection Set: 0.2ms
[11.292s][info][gc,phases      ] GC(17)   Merge Heap Roots: 0.2ms
[11.292s][info][gc,phases      ] GC(17)   Evacuate Collection Set: 2.7ms
[11.292s][info][gc,phases      ] GC(17)   Post Evacuate Collection Set: 0.9ms
[11.292s][info][gc,phases      ] GC(17)   Other: 0.2ms
[11.292s][info][gc,heap        ] GC(17) Eden regions: 323->0(323)
[11.292s][info][gc,heap        ] GC(17) Survivor regions: 2->2(41)
[11.292s][info][gc,heap        ] GC(17) Old regions: 20->20
[11.292s][info][gc,heap        ] GC(17) Archive regions: 0->0
[11.292s][info][gc,heap        ] GC(17) Humongous regions: 0->0
[11.292s][info][gc,metaspace   ] GC(17) Metaspace: 73843K(74816K)->73843K(74816K) NonClass: 58225K(58816K)->58225K(58816K) Class: 15618K(16000K)->15618K(16000K)
[11.292s][info][gc             ] GC(17) Pause Young (Normal) (G1 Evacuation Pause) 686M->40M(1086M) 4.565ms
[11.292s][info][gc,cpu         ] GC(17) User=0.16s Sys=0.00s Real=0.00s
[11.569s][info][gc,start       ] GC(18) Pause Young (Normal) (G1 Evacuation Pause)
[11.569s][info][gc,task        ] GC(18) Using 33 workers of 33 for evacuation
[11.573s][info][gc,phases      ] GC(18)   Pre Evacuate Collection Set: 0.2ms
[11.573s][info][gc,phases      ] GC(18)   Merge Heap Roots: 0.2ms
[11.573s][info][gc,phases      ] GC(18)   Evacuate Collection Set: 2.4ms
[11.573s][info][gc,phases      ] GC(18)   Post Evacuate Collection Set: 0.9ms
[11.573s][info][gc,phases      ] GC(18)   Other: 0.2ms
[11.573s][info][gc,heap        ] GC(18) Eden regions: 323->0(323)
[11.573s][info][gc,heap        ] GC(18) Survivor regions: 2->2(41)
[11.573s][info][gc,heap        ] GC(18) Old regions: 20->20
[11.573s][info][gc,heap        ] GC(18) Archive regions: 0->0
[11.573s][info][gc,heap        ] GC(18) Humongous regions: 0->0
[11.573s][info][gc,metaspace   ] GC(18) Metaspace: 73844K(74816K)->73844K(74816K) NonClass: 58225K(58816K)->58225K(58816K) Class: 15618K(16000K)->15618K(16000K)
[11.573s][info][gc             ] GC(18) Pause Young (Normal) (G1 Evacuation Pause) 686M->40M(1086M) 4.151ms
[11.573s][info][gc,cpu         ] GC(18) User=0.00s Sys=0.00s Real=0.00s
[11.833s][info][gc,start       ] GC(19) Pause Young (Normal) (G1 Evacuation Pause)
[11.833s][info][gc,task        ] GC(19) Using 33 workers of 33 for evacuation
[11.837s][info][gc,phases      ] GC(19)   Pre Evacuate Collection Set: 0.3ms
[11.837s][info][gc,phases      ] GC(19)   Merge Heap Roots: 0.2ms
[11.837s][info][gc,phases      ] GC(19)   Evacuate Collection Set: 2.4ms
[11.837s][info][gc,phases      ] GC(19)   Post Evacuate Collection Set: 0.9ms
[11.837s][info][gc,phases      ] GC(19)   Other: 0.2ms
[11.837s][info][gc,heap        ] GC(19) Eden regions: 323->0(323)
[11.837s][info][gc,heap        ] GC(19) Survivor regions: 2->2(41)
[11.837s][info][gc,heap        ] GC(19) Old regions: 20->20
[11.837s][info][gc,heap        ] GC(19) Archive regions: 0->0
[11.837s][info][gc,heap        ] GC(19) Humongous regions: 0->0
[11.837s][info][gc,metaspace   ] GC(19) Metaspace: 73845K(74816K)->73845K(74816K) NonClass: 58227K(58816K)->58227K(58816K) Class: 15618K(16000K)->15618K(16000K)
[11.837s][info][gc             ] GC(19) Pause Young (Normal) (G1 Evacuation Pause) 686M->40M(1086M) 4.301ms
[11.837s][info][gc,cpu         ] GC(19) User=0.05s Sys=0.00s Real=0.00s
[12.080s][info][gc,start       ] GC(20) Pause Young (Normal) (G1 Evacuation Pause)
[12.080s][info][gc,task        ] GC(20) Using 33 workers of 33 for evacuation
[12.084s][info][gc,phases      ] GC(20)   Pre Evacuate Collection Set: 0.2ms
[12.085s][info][gc,phases      ] GC(20)   Merge Heap Roots: 0.2ms
[12.085s][info][gc,phases      ] GC(20)   Evacuate Collection Set: 2.6ms
[12.085s][info][gc,phases      ] GC(20)   Post Evacuate Collection Set: 0.8ms
[12.085s][info][gc,phases      ] GC(20)   Other: 0.1ms
[12.085s][info][gc,heap        ] GC(20) Eden regions: 323->0(323)
[12.085s][info][gc,heap        ] GC(20) Survivor regions: 2->2(41)
[12.085s][info][gc,heap        ] GC(20) Old regions: 20->20
[12.085s][info][gc,heap        ] GC(20) Archive regions: 0->0
[12.085s][info][gc,heap        ] GC(20) Humongous regions: 0->0
[12.085s][info][gc,metaspace   ] GC(20) Metaspace: 73845K(74816K)->73845K(74816K) NonClass: 58227K(58816K)->58227K(58816K) Class: 15618K(16000K)->15618K(16000K)
[12.085s][info][gc             ] GC(20) Pause Young (Normal) (G1 Evacuation Pause) 686M->40M(1086M) 4.315ms
[12.085s][info][gc,cpu         ] GC(20) User=0.00s Sys=0.00s Real=0.00s
[12.316s][info][gc,start       ] GC(21) Pause Young (Normal) (G1 Evacuation Pause)
[12.316s][info][gc,task        ] GC(21) Using 33 workers of 33 for evacuation
[12.320s][info][gc,phases      ] GC(21)   Pre Evacuate Collection Set: 0.2ms
[12.320s][info][gc,phases      ] GC(21)   Merge Heap Roots: 0.2ms
[12.320s][info][gc,phases      ] GC(21)   Evacuate Collection Set: 2.5ms
[12.320s][info][gc,phases      ] GC(21)   Post Evacuate Collection Set: 0.9ms
[12.320s][info][gc,phases      ] GC(21)   Other: 0.1ms
[12.320s][info][gc,heap        ] GC(21) Eden regions: 323->0(323)
[12.320s][info][gc,heap        ] GC(21) Survivor regions: 2->2(41)
[12.320s][info][gc,heap        ] GC(21) Old regions: 20->20
[12.320s][info][gc,heap        ] GC(21) Archive regions: 0->0
[12.320s][info][gc,heap        ] GC(21) Humongous regions: 0->0
[12.320s][info][gc,metaspace   ] GC(21) Metaspace: 73845K(74816K)->73845K(74816K) NonClass: 58227K(58816K)->58227K(58816K) Class: 15618K(16000K)->15618K(16000K)
[12.320s][info][gc             ] GC(21) Pause Young (Normal) (G1 Evacuation Pause) 686M->40M(1086M) 4.183ms
[12.320s][info][gc,cpu         ] GC(21) User=0.00s Sys=0.00s Real=0.00s
[12.542s][info][gc,start       ] GC(22) Pause Young (Normal) (G1 Evacuation Pause)
[12.542s][info][gc,task        ] GC(22) Using 33 workers of 33 for evacuation
[12.546s][info][gc,phases      ] GC(22)   Pre Evacuate Collection Set: 0.2ms
[12.546s][info][gc,phases      ] GC(22)   Merge Heap Roots: 0.2ms
[12.546s][info][gc,phases      ] GC(22)   Evacuate Collection Set: 2.6ms
[12.546s][info][gc,phases      ] GC(22)   Post Evacuate Collection Set: 0.8ms
[12.546s][info][gc,phases      ] GC(22)   Other: 0.1ms
[12.546s][info][gc,heap        ] GC(22) Eden regions: 323->0(323)
[12.546s][info][gc,heap        ] GC(22) Survivor regions: 2->2(41)
[12.546s][info][gc,heap        ] GC(22) Old regions: 20->20
[12.546s][info][gc,heap        ] GC(22) Archive regions: 0->0
[12.546s][info][gc,heap        ] GC(22) Humongous regions: 0->0
[12.546s][info][gc,metaspace   ] GC(22) Metaspace: 73846K(74816K)->73846K(74816K) NonClass: 58228K(58816K)->58228K(58816K) Class: 15618K(16000K)->15618K(16000K)
[12.546s][info][gc             ] GC(22) Pause Young (Normal) (G1 Evacuation Pause) 686M->40M(1086M) 4.209ms
[12.547s][info][gc,cpu         ] GC(22) User=0.00s Sys=0.00s Real=0.00s
[12.761s][info][gc,start       ] GC(23) Pause Young (Normal) (G1 Evacuation Pause)
[12.761s][info][gc,task        ] GC(23) Using 33 workers of 33 for evacuation
[12.765s][info][gc,phases      ] GC(23)   Pre Evacuate Collection Set: 0.3ms
[12.765s][info][gc,phases      ] GC(23)   Merge Heap Roots: 0.2ms
[12.765s][info][gc,phases      ] GC(23)   Evacuate Collection Set: 2.7ms
[12.765s][info][gc,phases      ] GC(23)   Post Evacuate Collection Set: 0.9ms
[12.765s][info][gc,phases      ] GC(23)   Other: 0.1ms
[12.765s][info][gc,heap        ] GC(23) Eden regions: 323->0(323)
[12.765s][info][gc,heap        ] GC(23) Survivor regions: 2->2(41)
[12.765s][info][gc,heap        ] GC(23) Old regions: 20->20
[12.765s][info][gc,heap        ] GC(23) Archive regions: 0->0
[12.765s][info][gc,heap        ] GC(23) Humongous regions: 0->0
[12.765s][info][gc,metaspace   ] GC(23) Metaspace: 73846K(74816K)->73846K(74816K) NonClass: 58228K(58816K)->58228K(58816K) Class: 15618K(16000K)->15618K(16000K)
[12.765s][info][gc             ] GC(23) Pause Young (Normal) (G1 Evacuation Pause) 686M->40M(1086M) 4.464ms
[12.765s][info][gc,cpu         ] GC(23) User=0.00s Sys=0.00s Real=0.00s
[12.996s][info][gc,start       ] GC(24) Pause Young (Normal) (G1 Evacuation Pause)
[12.996s][info][gc,task        ] GC(24) Using 33 workers of 33 for evacuation
[13.000s][info][gc,phases      ] GC(24)   Pre Evacuate Collection Set: 0.2ms
[13.000s][info][gc,phases      ] GC(24)   Merge Heap Roots: 0.2ms
[13.000s][info][gc,phases      ] GC(24)   Evacuate Collection Set: 2.7ms
[13.000s][info][gc,phases      ] GC(24)   Post Evacuate Collection Set: 0.8ms
[13.000s][info][gc,phases      ] GC(24)   Other: 0.1ms
[13.000s][info][gc,heap        ] GC(24) Eden regions: 323->0(323)
[13.000s][info][gc,heap        ] GC(24) Survivor regions: 2->2(41)
[13.000s][info][gc,heap        ] GC(24) Old regions: 20->20
[13.000s][info][gc,heap        ] GC(24) Archive regions: 0->0
[13.000s][info][gc,heap        ] GC(24) Humongous regions: 0->0
[13.000s][info][gc,metaspace   ] GC(24) Metaspace: 73870K(74944K)->73870K(74944K) NonClass: 58249K(58880K)->58249K(58880K) Class: 15620K(16064K)->15620K(16064K)
[13.000s][info][gc             ] GC(24) Pause Young (Normal) (G1 Evacuation Pause) 686M->40M(1086M) 4.440ms
[13.000s][info][gc,cpu         ] GC(24) User=0.00s Sys=0.00s Real=0.00s
[13.242s][info][gc,start       ] GC(25) Pause Young (Normal) (G1 Evacuation Pause)
[13.242s][info][gc,task        ] GC(25) Using 33 workers of 33 for evacuation
[13.247s][info][gc,phases      ] GC(25)   Pre Evacuate Collection Set: 0.2ms
[13.247s][info][gc,phases      ] GC(25)   Merge Heap Roots: 0.2ms
[13.247s][info][gc,phases      ] GC(25)   Evacuate Collection Set: 2.7ms
[13.247s][info][gc,phases      ] GC(25)   Post Evacuate Collection Set: 0.8ms
[13.247s][info][gc,phases      ] GC(25)   Other: 0.1ms
[13.247s][info][gc,heap        ] GC(25) Eden regions: 323->0(323)
[13.247s][info][gc,heap        ] GC(25) Survivor regions: 2->2(41)
[13.247s][info][gc,heap        ] GC(25) Old regions: 20->20
[13.247s][info][gc,heap        ] GC(25) Archive regions: 0->0
[13.247s][info][gc,heap        ] GC(25) Humongous regions: 0->0
[13.247s][info][gc,metaspace   ] GC(25) Metaspace: 73870K(74944K)->73870K(74944K) NonClass: 58249K(58880K)->58249K(58880K) Class: 15620K(16064K)->15620K(16064K)
[13.247s][info][gc             ] GC(25) Pause Young (Normal) (G1 Evacuation Pause) 686M->40M(1086M) 4.374ms
[13.247s][info][gc,cpu         ] GC(25) User=0.00s Sys=0.00s Real=0.00s
[13.461s][info][gc,start       ] GC(26) Pause Young (Normal) (G1 Evacuation Pause)
[13.461s][info][gc,task        ] GC(26) Using 33 workers of 33 for evacuation
[13.466s][info][gc,phases      ] GC(26)   Pre Evacuate Collection Set: 0.2ms
[13.466s][info][gc,phases      ] GC(26)   Merge Heap Roots: 0.2ms
[13.466s][info][gc,phases      ] GC(26)   Evacuate Collection Set: 2.9ms
[13.466s][info][gc,phases      ] GC(26)   Post Evacuate Collection Set: 0.9ms
[13.466s][info][gc,phases      ] GC(26)   Other: 0.2ms
[13.466s][info][gc,heap        ] GC(26) Eden regions: 323->0(323)
[13.466s][info][gc,heap        ] GC(26) Survivor regions: 2->2(41)
[13.466s][info][gc,heap        ] GC(26) Old regions: 20->20
[13.466s][info][gc,heap        ] GC(26) Archive regions: 0->0
[13.466s][info][gc,heap        ] GC(26) Humongous regions: 0->0
[13.466s][info][gc,metaspace   ] GC(26) Metaspace: 73870K(74944K)->73870K(74944K) NonClass: 58249K(58880K)->58249K(58880K) Class: 15620K(16064K)->15620K(16064K)
[13.466s][info][gc             ] GC(26) Pause Young (Normal) (G1 Evacuation Pause) 686M->40M(1086M) 4.652ms
[13.466s][info][gc,cpu         ] GC(26) User=0.56s Sys=0.00s Real=0.00s
[13.672s][info][gc,start       ] GC(27) Pause Young (Normal) (G1 Evacuation Pause)
[13.672s][info][gc,task        ] GC(27) Using 33 workers of 33 for evacuation
[13.676s][info][gc,phases      ] GC(27)   Pre Evacuate Collection Set: 0.2ms
[13.676s][info][gc,phases      ] GC(27)   Merge Heap Roots: 0.2ms
[13.676s][info][gc,phases      ] GC(27)   Evacuate Collection Set: 3.0ms
[13.676s][info][gc,phases      ] GC(27)   Post Evacuate Collection Set: 0.8ms
[13.676s][info][gc,phases      ] GC(27)   Other: 0.1ms
[13.676s][info][gc,heap        ] GC(27) Eden regions: 323->0(323)
[13.676s][info][gc,heap        ] GC(27) Survivor regions: 2->2(41)
[13.676s][info][gc,heap        ] GC(27) Old regions: 20->21
[13.676s][info][gc,heap        ] GC(27) Archive regions: 0->0
[13.676s][info][gc,heap        ] GC(27) Humongous regions: 0->0
[13.676s][info][gc,metaspace   ] GC(27) Metaspace: 73870K(74944K)->73870K(74944K) NonClass: 58249K(58880K)->58249K(58880K) Class: 15620K(16064K)->15620K(16064K)
[13.676s][info][gc             ] GC(27) Pause Young (Normal) (G1 Evacuation Pause) 686M->40M(1086M) 4.627ms
[13.676s][info][gc,cpu         ] GC(27) User=0.00s Sys=0.00s Real=0.00s
[13.880s][info][gc,start       ] GC(28) Pause Young (Normal) (G1 Evacuation Pause)
[13.880s][info][gc,task        ] GC(28) Using 33 workers of 33 for evacuation
[13.883s][info][gc,phases      ] GC(28)   Pre Evacuate Collection Set: 0.2ms
[13.883s][info][gc,phases      ] GC(28)   Merge Heap Roots: 0.2ms
[13.883s][info][gc,phases      ] GC(28)   Evacuate Collection Set: 1.5ms
[13.883s][info][gc,phases      ] GC(28)   Post Evacuate Collection Set: 0.7ms
[13.883s][info][gc,phases      ] GC(28)   Other: 0.1ms
[13.883s][info][gc,heap        ] GC(28) Eden regions: 323->0(324)
[13.883s][info][gc,heap        ] GC(28) Survivor regions: 2->1(41)
[13.883s][info][gc,heap        ] GC(28) Old regions: 21->21
[13.883s][info][gc,heap        ] GC(28) Archive regions: 0->0
[13.883s][info][gc,heap        ] GC(28) Humongous regions: 0->0
[13.883s][info][gc,metaspace   ] GC(28) Metaspace: 73870K(74944K)->73870K(74944K) NonClass: 58249K(58880K)->58249K(58880K) Class: 15620K(16064K)->15620K(16064K)
[13.883s][info][gc             ] GC(28) Pause Young (Normal) (G1 Evacuation Pause) 686M->40M(1086M) 3.030ms
[13.883s][info][gc,cpu         ] GC(28) User=0.00s Sys=0.00s Real=0.00s
[14.084s][info][gc,start       ] GC(29) Pause Young (Normal) (G1 Evacuation Pause)
[14.084s][info][gc,task        ] GC(29) Using 33 workers of 33 for evacuation
[14.086s][info][gc,phases      ] GC(29)   Pre Evacuate Collection Set: 0.2ms
[14.086s][info][gc,phases      ] GC(29)   Merge Heap Roots: 0.2ms
[14.086s][info][gc,phases      ] GC(29)   Evacuate Collection Set: 1.0ms
[14.086s][info][gc,phases      ] GC(29)   Post Evacuate Collection Set: 0.7ms
[14.086s][info][gc,phases      ] GC(29)   Other: 0.2ms
[14.086s][info][gc,heap        ] GC(29) Eden regions: 324->0(324)
[14.086s][info][gc,heap        ] GC(29) Survivor regions: 1->1(41)
[14.086s][info][gc,heap        ] GC(29) Old regions: 21->21
[14.086s][info][gc,heap        ] GC(29) Archive regions: 0->0
[14.086s][info][gc,heap        ] GC(29) Humongous regions: 0->0
[14.086s][info][gc,metaspace   ] GC(29) Metaspace: 73875K(74944K)->73875K(74944K) NonClass: 58254K(58880K)->58254K(58880K) Class: 15621K(16064K)->15621K(16064K)
[14.086s][info][gc             ] GC(29) Pause Young (Normal) (G1 Evacuation Pause) 688M->40M(1086M) 2.632ms
[14.086s][info][gc,cpu         ] GC(29) User=0.00s Sys=0.00s Real=0.00s
[14.274s][info][gc,start       ] GC(30) Pause Young (Normal) (G1 Evacuation Pause)
[14.274s][info][gc,task        ] GC(30) Using 33 workers of 33 for evacuation
[14.277s][info][gc,phases      ] GC(30)   Pre Evacuate Collection Set: 0.2ms
[14.277s][info][gc,phases      ] GC(30)   Merge Heap Roots: 0.2ms
[14.277s][info][gc,phases      ] GC(30)   Evacuate Collection Set: 1.0ms
[14.277s][info][gc,phases      ] GC(30)   Post Evacuate Collection Set: 0.6ms
[14.277s][info][gc,phases      ] GC(30)   Other: 0.2ms
[14.277s][info][gc,heap        ] GC(30) Eden regions: 324->0(324)
[14.277s][info][gc,heap        ] GC(30) Survivor regions: 1->1(41)
[14.277s][info][gc,heap        ] GC(30) Old regions: 21->21
[14.277s][info][gc,heap        ] GC(30) Archive regions: 0->0
[14.277s][info][gc,heap        ] GC(30) Humongous regions: 0->0
[14.277s][info][gc,metaspace   ] GC(30) Metaspace: 73875K(74944K)->73875K(74944K) NonClass: 58254K(58880K)->58254K(58880K) Class: 15621K(16064K)->15621K(16064K)
[14.277s][info][gc             ] GC(30) Pause Young (Normal) (G1 Evacuation Pause) 688M->40M(1086M) 2.552ms
[14.277s][info][gc,cpu         ] GC(30) User=0.00s Sys=0.00s Real=0.00s
[14.446s][info][gc,start       ] GC(31) Pause Young (Normal) (G1 Evacuation Pause)
[14.446s][info][gc,task        ] GC(31) Using 33 workers of 33 for evacuation
[14.448s][info][gc,phases      ] GC(31)   Pre Evacuate Collection Set: 0.2ms
[14.448s][info][gc,phases      ] GC(31)   Merge Heap Roots: 0.2ms
[14.448s][info][gc,phases      ] GC(31)   Evacuate Collection Set: 0.9ms
[14.448s][info][gc,phases      ] GC(31)   Post Evacuate Collection Set: 0.5ms
[14.448s][info][gc,phases      ] GC(31)   Other: 0.1ms
[14.448s][info][gc,heap        ] GC(31) Eden regions: 324->0(324)
[14.448s][info][gc,heap        ] GC(31) Survivor regions: 1->1(41)
[14.448s][info][gc,heap        ] GC(31) Old regions: 21->21
[14.448s][info][gc,heap        ] GC(31) Archive regions: 0->0
[14.448s][info][gc,heap        ] GC(31) Humongous regions: 0->0
[14.448s][info][gc,metaspace   ] GC(31) Metaspace: 73875K(74944K)->73875K(74944K) NonClass: 58254K(58880K)->58254K(58880K) Class: 15621K(16064K)->15621K(16064K)
[14.448s][info][gc             ] GC(31) Pause Young (Normal) (G1 Evacuation Pause) 688M->40M(1086M) 2.216ms
[14.449s][info][gc,cpu         ] GC(31) User=0.00s Sys=0.00s Real=0.00s
[14.615s][info][gc,start       ] GC(32) Pause Young (Normal) (G1 Evacuation Pause)
[14.615s][info][gc,task        ] GC(32) Using 33 workers of 33 for evacuation
[14.617s][info][gc,phases      ] GC(32)   Pre Evacuate Collection Set: 0.2ms
[14.617s][info][gc,phases      ] GC(32)   Merge Heap Roots: 0.2ms
[14.617s][info][gc,phases      ] GC(32)   Evacuate Collection Set: 0.8ms
[14.617s][info][gc,phases      ] GC(32)   Post Evacuate Collection Set: 0.6ms
[14.617s][info][gc,phases      ] GC(32)   Other: 0.1ms
[14.617s][info][gc,heap        ] GC(32) Eden regions: 324->0(324)
[14.617s][info][gc,heap        ] GC(32) Survivor regions: 1->1(41)
[14.617s][info][gc,heap        ] GC(32) Old regions: 21->21
[14.617s][info][gc,heap        ] GC(32) Archive regions: 0->0
[14.617s][info][gc,heap        ] GC(32) Humongous regions: 0->0
[14.617s][info][gc,metaspace   ] GC(32) Metaspace: 73881K(74944K)->73881K(74944K) NonClass: 58259K(58880K)->58259K(58880K) Class: 15621K(16064K)->15621K(16064K)
[14.617s][info][gc             ] GC(32) Pause Young (Normal) (G1 Evacuation Pause) 688M->40M(1086M) 2.163ms
[14.617s][info][gc,cpu         ] GC(32) User=0.00s Sys=0.00s Real=0.00s
[14.784s][info][gc,start       ] GC(33) Pause Young (Normal) (G1 Evacuation Pause)
[14.784s][info][gc,task        ] GC(33) Using 33 workers of 33 for evacuation
[14.786s][info][gc,phases      ] GC(33)   Pre Evacuate Collection Set: 0.2ms
[14.786s][info][gc,phases      ] GC(33)   Merge Heap Roots: 0.2ms
[14.786s][info][gc,phases      ] GC(33)   Evacuate Collection Set: 0.9ms
[14.786s][info][gc,phases      ] GC(33)   Post Evacuate Collection Set: 0.5ms
[14.786s][info][gc,phases      ] GC(33)   Other: 0.1ms
[14.786s][info][gc,heap        ] GC(33) Eden regions: 324->0(324)
[14.786s][info][gc,heap        ] GC(33) Survivor regions: 1->1(41)
[14.786s][info][gc,heap        ] GC(33) Old regions: 21->21
[14.786s][info][gc,heap        ] GC(33) Archive regions: 0->0
[14.786s][info][gc,heap        ] GC(33) Humongous regions: 0->0
[14.786s][info][gc,metaspace   ] GC(33) Metaspace: 73881K(74944K)->73881K(74944K) NonClass: 58259K(58880K)->58259K(58880K) Class: 15621K(16064K)->15621K(16064K)
[14.786s][info][gc             ] GC(33) Pause Young (Normal) (G1 Evacuation Pause) 688M->40M(1086M) 2.322ms
[14.786s][info][gc,cpu         ] GC(33) User=0.00s Sys=0.00s Real=0.00s
[14.953s][info][gc,start       ] GC(34) Pause Young (Normal) (G1 Evacuation Pause)
[14.953s][info][gc,task        ] GC(34) Using 33 workers of 33 for evacuation
[14.955s][info][gc,phases      ] GC(34)   Pre Evacuate Collection Set: 0.2ms
[14.955s][info][gc,phases      ] GC(34)   Merge Heap Roots: 0.2ms
[14.955s][info][gc,phases      ] GC(34)   Evacuate Collection Set: 0.9ms
[14.955s][info][gc,phases      ] GC(34)   Post Evacuate Collection Set: 0.6ms
[14.955s][info][gc,phases      ] GC(34)   Other: 0.1ms
[14.955s][info][gc,heap        ] GC(34) Eden regions: 324->0(324)
[14.955s][info][gc,heap        ] GC(34) Survivor regions: 1->1(41)
[14.955s][info][gc,heap        ] GC(34) Old regions: 21->21
[14.955s][info][gc,heap        ] GC(34) Archive regions: 0->0
[14.955s][info][gc,heap        ] GC(34) Humongous regions: 0->0
[14.955s][info][gc,metaspace   ] GC(34) Metaspace: 73886K(74944K)->73886K(74944K) NonClass: 58264K(58880K)->58264K(58880K) Class: 15622K(16064K)->15622K(16064K)
[14.955s][info][gc             ] GC(34) Pause Young (Normal) (G1 Evacuation Pause) 688M->40M(1086M) 2.224ms
[14.955s][info][gc,cpu         ] GC(34) User=0.00s Sys=0.00s Real=0.00s
[15.121s][info][gc,start       ] GC(35) Pause Young (Normal) (G1 Evacuation Pause)
[15.121s][info][gc,task        ] GC(35) Using 33 workers of 33 for evacuation
[15.123s][info][gc,phases      ] GC(35)   Pre Evacuate Collection Set: 0.2ms
[15.123s][info][gc,phases      ] GC(35)   Merge Heap Roots: 0.2ms
[15.123s][info][gc,phases      ] GC(35)   Evacuate Collection Set: 0.8ms
[15.123s][info][gc,phases      ] GC(35)   Post Evacuate Collection Set: 0.5ms
[15.123s][info][gc,phases      ] GC(35)   Other: 0.1ms
[15.123s][info][gc,heap        ] GC(35) Eden regions: 324->0(324)
[15.123s][info][gc,heap        ] GC(35) Survivor regions: 1->1(41)
[15.123s][info][gc,heap        ] GC(35) Old regions: 21->21
[15.123s][info][gc,heap        ] GC(35) Archive regions: 0->0
[15.123s][info][gc,heap        ] GC(35) Humongous regions: 0->0
[15.123s][info][gc,metaspace   ] GC(35) Metaspace: 73886K(74944K)->73886K(74944K) NonClass: 58264K(58880K)->58264K(58880K) Class: 15622K(16064K)->15622K(16064K)
[15.123s][info][gc             ] GC(35) Pause Young (Normal) (G1 Evacuation Pause) 688M->40M(1086M) 2.143ms
[15.123s][info][gc,cpu         ] GC(35) User=0.00s Sys=0.00s Real=0.00s
[15.313s][info][gc,start       ] GC(36) Pause Young (Normal) (G1 Evacuation Pause)
[15.313s][info][gc,task        ] GC(36) Using 33 workers of 33 for evacuation
[15.315s][info][gc,phases      ] GC(36)   Pre Evacuate Collection Set: 0.2ms
[15.315s][info][gc,phases      ] GC(36)   Merge Heap Roots: 0.2ms
[15.315s][info][gc,phases      ] GC(36)   Evacuate Collection Set: 1.1ms
[15.315s][info][gc,phases      ] GC(36)   Post Evacuate Collection Set: 0.7ms
[15.315s][info][gc,phases      ] GC(36)   Other: 0.1ms
[15.315s][info][gc,heap        ] GC(36) Eden regions: 324->0(324)
[15.315s][info][gc,heap        ] GC(36) Survivor regions: 1->1(41)
[15.315s][info][gc,heap        ] GC(36) Old regions: 21->21
[15.315s][info][gc,heap        ] GC(36) Archive regions: 0->0
[15.315s][info][gc,heap        ] GC(36) Humongous regions: 0->0
[15.315s][info][gc,metaspace   ] GC(36) Metaspace: 73890K(74944K)->73890K(74944K) NonClass: 58267K(58880K)->58267K(58880K) Class: 15623K(16064K)->15623K(16064K)
[15.315s][info][gc             ] GC(36) Pause Young (Normal) (G1 Evacuation Pause) 688M->40M(1086M) 2.648ms
[15.315s][info][gc,cpu         ] GC(36) User=0.00s Sys=0.00s Real=0.00s
[15.513s][info][gc,start       ] GC(37) Pause Young (Normal) (G1 Evacuation Pause)
[15.513s][info][gc,task        ] GC(37) Using 33 workers of 33 for evacuation
[15.515s][info][gc,phases      ] GC(37)   Pre Evacuate Collection Set: 0.2ms
[15.515s][info][gc,phases      ] GC(37)   Merge Heap Roots: 0.2ms
[15.515s][info][gc,phases      ] GC(37)   Evacuate Collection Set: 0.9ms
[15.515s][info][gc,phases      ] GC(37)   Post Evacuate Collection Set: 0.7ms
[15.515s][info][gc,phases      ] GC(37)   Other: 0.1ms
[15.515s][info][gc,heap        ] GC(37) Eden regions: 324->0(324)
[15.515s][info][gc,heap        ] GC(37) Survivor regions: 1->1(41)
[15.515s][info][gc,heap        ] GC(37) Old regions: 21->21
[15.515s][info][gc,heap        ] GC(37) Archive regions: 0->0
[15.515s][info][gc,heap        ] GC(37) Humongous regions: 0->0
[15.515s][info][gc,metaspace   ] GC(37) Metaspace: 74064K(75072K)->74064K(75072K) NonClass: 58405K(59008K)->58405K(59008K) Class: 15659K(16064K)->15659K(16064K)
[15.515s][info][gc             ] GC(37) Pause Young (Normal) (G1 Evacuation Pause) 688M->40M(1086M) 2.339ms
[15.515s][info][gc,cpu         ] GC(37) User=0.00s Sys=0.00s Real=0.00s
[15.701s][info][gc,start       ] GC(38) Pause Young (Normal) (G1 Evacuation Pause)
[15.701s][info][gc,task        ] GC(38) Using 33 workers of 33 for evacuation
[15.703s][info][gc,phases      ] GC(38)   Pre Evacuate Collection Set: 0.2ms
[15.703s][info][gc,phases      ] GC(38)   Merge Heap Roots: 0.2ms
[15.703s][info][gc,phases      ] GC(38)   Evacuate Collection Set: 1.0ms
[15.703s][info][gc,phases      ] GC(38)   Post Evacuate Collection Set: 0.6ms
[15.703s][info][gc,phases      ] GC(38)   Other: 0.1ms
[15.703s][info][gc,heap        ] GC(38) Eden regions: 324->0(324)
[15.703s][info][gc,heap        ] GC(38) Survivor regions: 1->1(41)
[15.703s][info][gc,heap        ] GC(38) Old regions: 21->21
[15.703s][info][gc,heap        ] GC(38) Archive regions: 0->0
[15.703s][info][gc,heap        ] GC(38) Humongous regions: 0->0
[15.703s][info][gc,metaspace   ] GC(38) Metaspace: 74068K(75072K)->74068K(75072K) NonClass: 58409K(59008K)->58409K(59008K) Class: 15659K(16064K)->15659K(16064K)
[15.703s][info][gc             ] GC(38) Pause Young (Normal) (G1 Evacuation Pause) 688M->40M(1086M) 2.362ms
[15.703s][info][gc,cpu         ] GC(38) User=0.00s Sys=0.00s Real=0.00s
[15.890s][info][gc,start       ] GC(39) Pause Young (Normal) (G1 Evacuation Pause)
[15.890s][info][gc,task        ] GC(39) Using 33 workers of 33 for evacuation
[15.892s][info][gc,phases      ] GC(39)   Pre Evacuate Collection Set: 0.2ms
[15.892s][info][gc,phases      ] GC(39)   Merge Heap Roots: 0.2ms
[15.892s][info][gc,phases      ] GC(39)   Evacuate Collection Set: 0.9ms
[15.892s][info][gc,phases      ] GC(39)   Post Evacuate Collection Set: 0.6ms
[15.892s][info][gc,phases      ] GC(39)   Other: 0.1ms
[15.892s][info][gc,heap        ] GC(39) Eden regions: 324->0(324)
[15.892s][info][gc,heap        ] GC(39) Survivor regions: 1->1(41)
[15.892s][info][gc,heap        ] GC(39) Old regions: 21->21
[15.892s][info][gc,heap        ] GC(39) Archive regions: 0->0
[15.892s][info][gc,heap        ] GC(39) Humongous regions: 0->0
[15.892s][info][gc,metaspace   ] GC(39) Metaspace: 74083K(75072K)->74083K(75072K) NonClass: 58424K(59008K)->58424K(59008K) Class: 15659K(16064K)->15659K(16064K)
[15.892s][info][gc             ] GC(39) Pause Young (Normal) (G1 Evacuation Pause) 688M->41M(1086M) 2.321ms
[15.892s][info][gc,cpu         ] GC(39) User=0.00s Sys=0.00s Real=0.00s
[16.087s][info][gc,start       ] GC(40) Pause Young (Normal) (G1 Evacuation Pause)
[16.087s][info][gc,task        ] GC(40) Using 33 workers of 33 for evacuation
[16.089s][info][gc,phases      ] GC(40)   Pre Evacuate Collection Set: 0.2ms
[16.089s][info][gc,phases      ] GC(40)   Merge Heap Roots: 0.2ms
[16.089s][info][gc,phases      ] GC(40)   Evacuate Collection Set: 0.9ms
[16.089s][info][gc,phases      ] GC(40)   Post Evacuate Collection Set: 0.6ms
[16.089s][info][gc,phases      ] GC(40)   Other: 0.1ms
[16.089s][info][gc,heap        ] GC(40) Eden regions: 324->0(324)
[16.089s][info][gc,heap        ] GC(40) Survivor regions: 1->1(41)
[16.089s][info][gc,heap        ] GC(40) Old regions: 21->21
[16.089s][info][gc,heap        ] GC(40) Archive regions: 0->0
[16.089s][info][gc,heap        ] GC(40) Humongous regions: 0->0
[16.089s][info][gc,metaspace   ] GC(40) Metaspace: 74097K(75136K)->74097K(75136K) NonClass: 58438K(59072K)->58438K(59072K) Class: 15659K(16064K)->15659K(16064K)
[16.089s][info][gc             ] GC(40) Pause Young (Normal) (G1 Evacuation Pause) 689M->41M(1086M) 2.275ms
[16.089s][info][gc,cpu         ] GC(40) User=0.53s Sys=0.00s Real=0.00s
[16.308s][info][gc,start       ] GC(41) Pause Young (Normal) (G1 Evacuation Pause)
[16.308s][info][gc,task        ] GC(41) Using 33 workers of 33 for evacuation
[16.310s][info][gc,phases      ] GC(41)   Pre Evacuate Collection Set: 0.2ms
[16.310s][info][gc,phases      ] GC(41)   Merge Heap Roots: 0.2ms
[16.310s][info][gc,phases      ] GC(41)   Evacuate Collection Set: 0.9ms
[16.310s][info][gc,phases      ] GC(41)   Post Evacuate Collection Set: 0.6ms
[16.310s][info][gc,phases      ] GC(41)   Other: 0.1ms
[16.310s][info][gc,heap        ] GC(41) Eden regions: 324->0(324)
[16.310s][info][gc,heap        ] GC(41) Survivor regions: 1->1(41)
[16.310s][info][gc,heap        ] GC(41) Old regions: 21->21
[16.310s][info][gc,heap        ] GC(41) Archive regions: 0->0
[16.310s][info][gc,heap        ] GC(41) Humongous regions: 0->0
[16.310s][info][gc,metaspace   ] GC(41) Metaspace: 74100K(75136K)->74100K(75136K) NonClass: 58441K(59072K)->58441K(59072K) Class: 15659K(16064K)->15659K(16064K)
[16.310s][info][gc             ] GC(41) Pause Young (Normal) (G1 Evacuation Pause) 689M->41M(1086M) 2.210ms
[16.310s][info][gc,cpu         ] GC(41) User=0.00s Sys=0.00s Real=0.00s
[16.532s][info][gc,start       ] GC(42) Pause Young (Normal) (G1 Evacuation Pause)
[16.532s][info][gc,task        ] GC(42) Using 33 workers of 33 for evacuation
[16.534s][info][gc,phases      ] GC(42)   Pre Evacuate Collection Set: 0.2ms
[16.534s][info][gc,phases      ] GC(42)   Merge Heap Roots: 0.2ms
[16.534s][info][gc,phases      ] GC(42)   Evacuate Collection Set: 0.8ms
[16.534s][info][gc,phases      ] GC(42)   Post Evacuate Collection Set: 0.6ms
[16.534s][info][gc,phases      ] GC(42)   Other: 0.1ms
[16.534s][info][gc,heap        ] GC(42) Eden regions: 324->0(324)
[16.534s][info][gc,heap        ] GC(42) Survivor regions: 1->1(41)
[16.534s][info][gc,heap        ] GC(42) Old regions: 21->21
[16.534s][info][gc,heap        ] GC(42) Archive regions: 0->0
[16.534s][info][gc,heap        ] GC(42) Humongous regions: 0->0
[16.534s][info][gc,metaspace   ] GC(42) Metaspace: 74100K(75136K)->74100K(75136K) NonClass: 58441K(59072K)->58441K(59072K) Class: 15659K(16064K)->15659K(16064K)
[16.534s][info][gc             ] GC(42) Pause Young (Normal) (G1 Evacuation Pause) 689M->41M(1086M) 2.131ms
[16.534s][info][gc,cpu         ] GC(42) User=0.00s Sys=0.00s Real=0.00s
[16.781s][info][gc,start       ] GC(43) Pause Young (Normal) (G1 Evacuation Pause)
[16.781s][info][gc,task        ] GC(43) Using 33 workers of 33 for evacuation
[16.783s][info][gc,phases      ] GC(43)   Pre Evacuate Collection Set: 0.2ms
[16.783s][info][gc,phases      ] GC(43)   Merge Heap Roots: 0.2ms
[16.783s][info][gc,phases      ] GC(43)   Evacuate Collection Set: 0.9ms
[16.783s][info][gc,phases      ] GC(43)   Post Evacuate Collection Set: 0.6ms
[16.783s][info][gc,phases      ] GC(43)   Other: 0.1ms
[16.783s][info][gc,heap        ] GC(43) Eden regions: 324->0(324)
[16.783s][info][gc,heap        ] GC(43) Survivor regions: 1->1(41)
[16.783s][info][gc,heap        ] GC(43) Old regions: 21->21
[16.783s][info][gc,heap        ] GC(43) Archive regions: 0->0
[16.783s][info][gc,heap        ] GC(43) Humongous regions: 0->0
[16.783s][info][gc,metaspace   ] GC(43) Metaspace: 74110K(75136K)->74110K(75136K) NonClass: 58450K(59072K)->58450K(59072K) Class: 15659K(16064K)->15659K(16064K)
[16.783s][info][gc             ] GC(43) Pause Young (Normal) (G1 Evacuation Pause) 689M->41M(1086M) 2.273ms
[16.783s][info][gc,cpu         ] GC(43) User=0.00s Sys=0.00s Real=0.00s
[17.062s][info][gc,start       ] GC(44) Pause Young (Normal) (G1 Evacuation Pause)
[17.062s][info][gc,task        ] GC(44) Using 33 workers of 33 for evacuation
[17.064s][info][gc,phases      ] GC(44)   Pre Evacuate Collection Set: 0.1ms
[17.064s][info][gc,phases      ] GC(44)   Merge Heap Roots: 0.2ms
[17.064s][info][gc,phases      ] GC(44)   Evacuate Collection Set: 0.9ms
[17.064s][info][gc,phases      ] GC(44)   Post Evacuate Collection Set: 0.6ms
[17.064s][info][gc,phases      ] GC(44)   Other: 0.1ms
[17.064s][info][gc,heap        ] GC(44) Eden regions: 324->0(324)
[17.064s][info][gc,heap        ] GC(44) Survivor regions: 1->1(41)
[17.064s][info][gc,heap        ] GC(44) Old regions: 21->21
[17.064s][info][gc,heap        ] GC(44) Archive regions: 0->0
[17.064s][info][gc,heap        ] GC(44) Humongous regions: 0->0
[17.064s][info][gc,metaspace   ] GC(44) Metaspace: 74113K(75136K)->74113K(75136K) NonClass: 58454K(59072K)->58454K(59072K) Class: 15659K(16064K)->15659K(16064K)
[17.064s][info][gc             ] GC(44) Pause Young (Normal) (G1 Evacuation Pause) 689M->41M(1086M) 2.123ms
[17.064s][info][gc,cpu         ] GC(44) User=0.00s Sys=0.00s Real=0.00s
[17.354s][info][gc,start       ] GC(45) Pause Young (Normal) (G1 Evacuation Pause)
[17.354s][info][gc,task        ] GC(45) Using 30 workers of 33 for evacuation
[17.356s][info][gc,phases      ] GC(45)   Pre Evacuate Collection Set: 0.1ms
[17.356s][info][gc,phases      ] GC(45)   Merge Heap Roots: 0.2ms
[17.356s][info][gc,phases      ] GC(45)   Evacuate Collection Set: 0.8ms
[17.356s][info][gc,phases      ] GC(45)   Post Evacuate Collection Set: 0.6ms
[17.356s][info][gc,phases      ] GC(45)   Other: 0.1ms
[17.356s][info][gc,heap        ] GC(45) Eden regions: 324->0(324)
[17.356s][info][gc,heap        ] GC(45) Survivor regions: 1->1(41)
[17.356s][info][gc,heap        ] GC(45) Old regions: 21->21
[17.356s][info][gc,heap        ] GC(45) Archive regions: 0->0
[17.356s][info][gc,heap        ] GC(45) Humongous regions: 0->0
[17.356s][info][gc,metaspace   ] GC(45) Metaspace: 74125K(75136K)->74125K(75136K) NonClass: 58466K(59072K)->58466K(59072K) Class: 15659K(16064K)->15659K(16064K)
[17.356s][info][gc             ] GC(45) Pause Young (Normal) (G1 Evacuation Pause) 689M->41M(1086M) 1.996ms
[17.356s][info][gc,cpu         ] GC(45) User=0.00s Sys=0.00s Real=0.00s
[17.725s][info][gc,start       ] GC(46) Pause Young (Normal) (G1 Evacuation Pause)
[17.725s][info][gc,task        ] GC(46) Using 28 workers of 33 for evacuation
[17.727s][info][gc,phases      ] GC(46)   Pre Evacuate Collection Set: 0.1ms
[17.727s][info][gc,phases      ] GC(46)   Merge Heap Roots: 0.2ms
[17.727s][info][gc,phases      ] GC(46)   Evacuate Collection Set: 0.8ms
[17.727s][info][gc,phases      ] GC(46)   Post Evacuate Collection Set: 0.5ms
[17.727s][info][gc,phases      ] GC(46)   Other: 0.1ms
[17.727s][info][gc,heap        ] GC(46) Eden regions: 324->0(324)
[17.727s][info][gc,heap        ] GC(46) Survivor regions: 1->1(41)
[17.727s][info][gc,heap        ] GC(46) Old regions: 21->21
[17.727s][info][gc,heap        ] GC(46) Archive regions: 0->0
[17.727s][info][gc,heap        ] GC(46) Humongous regions: 0->0
[17.727s][info][gc,metaspace   ] GC(46) Metaspace: 74133K(75136K)->74133K(75136K) NonClass: 58474K(59072K)->58474K(59072K) Class: 15659K(16064K)->15659K(16064K)
[17.727s][info][gc             ] GC(46) Pause Young (Normal) (G1 Evacuation Pause) 689M->41M(1086M) 1.942ms
[17.727s][info][gc,cpu         ] GC(46) User=0.00s Sys=0.00s Real=0.00s
[18.180s][info][gc,start       ] GC(47) Pause Young (Normal) (G1 Evacuation Pause)
[18.180s][info][gc,task        ] GC(47) Using 27 workers of 33 for evacuation
[18.182s][info][gc,phases      ] GC(47)   Pre Evacuate Collection Set: 0.2ms
[18.182s][info][gc,phases      ] GC(47)   Merge Heap Roots: 0.1ms
[18.182s][info][gc,phases      ] GC(47)   Evacuate Collection Set: 0.9ms
[18.182s][info][gc,phases      ] GC(47)   Post Evacuate Collection Set: 0.6ms
[18.182s][info][gc,phases      ] GC(47)   Other: 0.1ms
[18.182s][info][gc,heap        ] GC(47) Eden regions: 324->0(324)
[18.182s][info][gc,heap        ] GC(47) Survivor regions: 1->1(41)
[18.182s][info][gc,heap        ] GC(47) Old regions: 21->21
[18.182s][info][gc,heap        ] GC(47) Archive regions: 0->0
[18.182s][info][gc,heap        ] GC(47) Humongous regions: 0->0
[18.182s][info][gc,metaspace   ] GC(47) Metaspace: 74727K(75712K)->74727K(75712K) NonClass: 58866K(59456K)->58866K(59456K) Class: 15861K(16256K)->15861K(16256K)
[18.182s][info][gc             ] GC(47) Pause Young (Normal) (G1 Evacuation Pause) 689M->41M(1086M) 2.147ms
[18.182s][info][gc,cpu         ] GC(47) User=0.42s Sys=0.00s Real=0.00s
[18.627s][info][gc,start       ] GC(48) Pause Young (Normal) (G1 Evacuation Pause)
[18.628s][info][gc,task        ] GC(48) Using 26 workers of 33 for evacuation
[18.629s][info][gc,phases      ] GC(48)   Pre Evacuate Collection Set: 0.1ms
[18.629s][info][gc,phases      ] GC(48)   Merge Heap Roots: 0.1ms
[18.629s][info][gc,phases      ] GC(48)   Evacuate Collection Set: 0.8ms
[18.629s][info][gc,phases      ] GC(48)   Post Evacuate Collection Set: 0.5ms
[18.629s][info][gc,phases      ] GC(48)   Other: 0.1ms
[18.629s][info][gc,heap        ] GC(48) Eden regions: 324->0(324)
[18.629s][info][gc,heap        ] GC(48) Survivor regions: 1->1(41)
[18.629s][info][gc,heap        ] GC(48) Old regions: 21->21
[18.629s][info][gc,heap        ] GC(48) Archive regions: 0->0
[18.629s][info][gc,heap        ] GC(48) Humongous regions: 0->0
[18.629s][info][gc,metaspace   ] GC(48) Metaspace: 74727K(75712K)->74727K(75712K) NonClass: 58866K(59456K)->58866K(59456K) Class: 15861K(16256K)->15861K(16256K)
[18.629s][info][gc             ] GC(48) Pause Young (Normal) (G1 Evacuation Pause) 689M->41M(1086M) 1.910ms
[18.629s][info][gc,cpu         ] GC(48) User=0.00s Sys=0.00s Real=0.00s
[18.739s][info][gc,start       ] GC(49) Pause Full (System.gc())
[18.739s][info][gc,task        ] GC(49) Using 26 workers of 33 for full compaction
[18.740s][info][gc,phases,start] GC(49) Phase 1: Mark live objects
[18.779s][info][gc,phases      ] GC(49) Phase 1: Mark live objects 38.380ms
[18.779s][info][gc,phases,start] GC(49) Phase 2: Prepare compaction
[18.782s][info][gc,phases      ] GC(49) Phase 2: Prepare compaction 3.147ms
[18.782s][info][gc,phases,start] GC(49) Phase 3: Adjust pointers
[18.793s][info][gc,phases      ] GC(49) Phase 3: Adjust pointers 10.657ms
[18.793s][info][gc,phases,start] GC(49) Phase 4: Compact heap
[18.794s][info][gc,phases      ] GC(49) Phase 4: Compact heap 1.506ms
[18.814s][info][gc,heap        ] GC(49) Eden regions: 59->0(62)
[18.814s][info][gc,heap        ] GC(49) Survivor regions: 1->0(41)
[18.814s][info][gc,heap        ] GC(49) Old regions: 21->31
[18.814s][info][gc,heap        ] GC(49) Archive regions: 0->0
[18.814s][info][gc,heap        ] GC(49) Humongous regions: 0->0
[18.814s][info][gc,metaspace   ] GC(49) Metaspace: 74775K(75840K)->74026K(75840K) NonClass: 58908K(59520K)->58386K(59520K) Class: 15867K(16320K)->15640K(16320K)
[18.814s][info][gc             ] GC(49) Pause Full (System.gc()) 157M->34M(208M) 74.749ms
[18.814s][info][gc,cpu         ] GC(49) User=0.84s Sys=0.00s Real=0.06s
[19.009s][info][gc,start       ] GC(50) Pause Young (Normal) (G1 Evacuation Pause)
[19.009s][info][gc,task        ] GC(50) Using 33 workers of 33 for evacuation
[19.012s][info][gc,phases      ] GC(50)   Pre Evacuate Collection Set: 0.2ms
[19.012s][info][gc,phases      ] GC(50)   Merge Heap Roots: 0.2ms
[19.012s][info][gc,phases      ] GC(50)   Evacuate Collection Set: 1.8ms
[19.012s][info][gc,phases      ] GC(50)   Post Evacuate Collection Set: 0.7ms
[19.012s][info][gc,phases      ] GC(50)   Other: 0.1ms
[19.012s][info][gc,heap        ] GC(50) Eden regions: 62->0(60)
[19.012s][info][gc,heap        ] GC(50) Survivor regions: 0->2(8)
[19.012s][info][gc,heap        ] GC(50) Old regions: 31->31
[19.012s][info][gc,heap        ] GC(50) Archive regions: 0->0
[19.012s][info][gc,heap        ] GC(50) Humongous regions: 0->0
[19.012s][info][gc,metaspace   ] GC(50) Metaspace: 74140K(75904K)->74140K(75904K) NonClass: 58491K(59584K)->58491K(59584K) Class: 15649K(16320K)->15649K(16320K)
[19.012s][info][gc             ] GC(50) Pause Young (Normal) (G1 Evacuation Pause) 158M->38M(208M) 3.275ms
[19.012s][info][gc,cpu         ] GC(50) User=0.00s Sys=0.00s Real=0.00s
[19.074s][info][gc,start       ] GC(51) Pause Young (Normal) (G1 Evacuation Pause)
[19.074s][info][gc,task        ] GC(51) Using 33 workers of 33 for evacuation
[19.077s][info][gc,phases      ] GC(51)   Pre Evacuate Collection Set: 0.2ms
[19.077s][info][gc,phases      ] GC(51)   Merge Heap Roots: 0.2ms
[19.077s][info][gc,phases      ] GC(51)   Evacuate Collection Set: 1.5ms
[19.077s][info][gc,phases      ] GC(51)   Post Evacuate Collection Set: 0.7ms
[19.077s][info][gc,phases      ] GC(51)   Other: 0.1ms
[19.077s][info][gc,heap        ] GC(51) Eden regions: 60->0(60)
[19.077s][info][gc,heap        ] GC(51) Survivor regions: 2->2(8)
[19.077s][info][gc,heap        ] GC(51) Old regions: 31->31
[19.077s][info][gc,heap        ] GC(51) Archive regions: 0->0
[19.077s][info][gc,heap        ] GC(51) Humongous regions: 0->0
[19.077s][info][gc,metaspace   ] GC(51) Metaspace: 74140K(75904K)->74140K(75904K) NonClass: 58491K(59584K)->58491K(59584K) Class: 15649K(16320K)->15649K(16320K)
[19.077s][info][gc             ] GC(51) Pause Young (Normal) (G1 Evacuation Pause) 158M->38M(208M) 2.892ms
[19.077s][info][gc,cpu         ] GC(51) User=0.00s Sys=0.00s Real=0.00s
[19.143s][info][gc,start       ] GC(52) Pause Young (Normal) (G1 Evacuation Pause)
[19.143s][info][gc,task        ] GC(52) Using 33 workers of 33 for evacuation
[19.146s][info][gc,phases      ] GC(52)   Pre Evacuate Collection Set: 0.2ms
[19.146s][info][gc,phases      ] GC(52)   Merge Heap Roots: 0.2ms
[19.146s][info][gc,phases      ] GC(52)   Evacuate Collection Set: 1.5ms
[19.146s][info][gc,phases      ] GC(52)   Post Evacuate Collection Set: 0.7ms
[19.146s][info][gc,phases      ] GC(52)   Other: 0.1ms
[19.146s][info][gc,heap        ] GC(52) Eden regions: 60->0(60)
[19.146s][info][gc,heap        ] GC(52) Survivor regions: 2->2(8)
[19.146s][info][gc,heap        ] GC(52) Old regions: 31->31
[19.146s][info][gc,heap        ] GC(52) Archive regions: 0->0
[19.146s][info][gc,heap        ] GC(52) Humongous regions: 0->0
[19.146s][info][gc,metaspace   ] GC(52) Metaspace: 74140K(75904K)->74140K(75904K) NonClass: 58491K(59584K)->58491K(59584K) Class: 15649K(16320K)->15649K(16320K)
[19.146s][info][gc             ] GC(52) Pause Young (Normal) (G1 Evacuation Pause) 158M->38M(208M) 3.032ms
[19.146s][info][gc,cpu         ] GC(52) User=0.00s Sys=0.00s Real=0.00s
[19.202s][info][gc,start       ] GC(53) Pause Young (Normal) (G1 Evacuation Pause)
[19.203s][info][gc,task        ] GC(53) Using 33 workers of 33 for evacuation
[19.208s][info][gc,phases      ] GC(53)   Pre Evacuate Collection Set: 0.2ms
[19.208s][info][gc,phases      ] GC(53)   Merge Heap Roots: 0.2ms
[19.208s][info][gc,phases      ] GC(53)   Evacuate Collection Set: 1.5ms
[19.208s][info][gc,phases      ] GC(53)   Post Evacuate Collection Set: 3.7ms
[19.208s][info][gc,phases      ] GC(53)   Other: 0.1ms
[19.208s][info][gc,heap        ] GC(53) Eden regions: 60->0(336)
[19.208s][info][gc,heap        ] GC(53) Survivor regions: 2->2(8)
[19.208s][info][gc,heap        ] GC(53) Old regions: 31->31
[19.208s][info][gc,heap        ] GC(53) Archive regions: 0->0
[19.208s][info][gc,heap        ] GC(53) Humongous regions: 0->0
[19.208s][info][gc,metaspace   ] GC(53) Metaspace: 74140K(75904K)->74140K(75904K) NonClass: 58491K(59584K)->58491K(59584K) Class: 15649K(16320K)->15649K(16320K)
[19.208s][info][gc             ] GC(53) Pause Young (Normal) (G1 Evacuation Pause) 158M->38M(1128M) 5.968ms
[19.208s][info][gc,cpu         ] GC(53) User=0.00s Sys=0.00s Real=0.00s
[19.576s][info][gc,start       ] GC(54) Pause Young (Normal) (G1 Evacuation Pause)
[19.576s][info][gc,task        ] GC(54) Using 33 workers of 33 for evacuation
[19.580s][info][gc,phases      ] GC(54)   Pre Evacuate Collection Set: 0.3ms
[19.580s][info][gc,phases      ] GC(54)   Merge Heap Roots: 0.2ms
[19.580s][info][gc,phases      ] GC(54)   Evacuate Collection Set: 2.7ms
[19.580s][info][gc,phases      ] GC(54)   Post Evacuate Collection Set: 0.8ms
[19.580s][info][gc,phases      ] GC(54)   Other: 0.1ms
[19.580s][info][gc,heap        ] GC(54) Eden regions: 336->0(336)
[19.580s][info][gc,heap        ] GC(54) Survivor regions: 2->2(43)
[19.580s][info][gc,heap        ] GC(54) Old regions: 31->31
[19.580s][info][gc,heap        ] GC(54) Archive regions: 0->0
[19.580s][info][gc,heap        ] GC(54) Humongous regions: 0->0
[19.580s][info][gc,metaspace   ] GC(54) Metaspace: 74140K(75904K)->74140K(75904K) NonClass: 58491K(59584K)->58491K(59584K) Class: 15649K(16320K)->15649K(16320K)
[19.580s][info][gc             ] GC(54) Pause Young (Normal) (G1 Evacuation Pause) 710M->38M(1128M) 4.402ms
[19.580s][info][gc,cpu         ] GC(54) User=0.00s Sys=0.00s Real=0.00s
[19.835s][info][gc,start       ] GC(55) Pause Young (Normal) (G1 Evacuation Pause)
[19.835s][info][gc,task        ] GC(55) Using 33 workers of 33 for evacuation
[19.840s][info][gc,phases      ] GC(55)   Pre Evacuate Collection Set: 0.3ms
[19.840s][info][gc,phases      ] GC(55)   Merge Heap Roots: 0.2ms
[19.840s][info][gc,phases      ] GC(55)   Evacuate Collection Set: 2.9ms
[19.840s][info][gc,phases      ] GC(55)   Post Evacuate Collection Set: 0.9ms
[19.840s][info][gc,phases      ] GC(55)   Other: 0.1ms
[19.840s][info][gc,heap        ] GC(55) Eden regions: 336->0(336)
[19.840s][info][gc,heap        ] GC(55) Survivor regions: 2->2(43)
[19.840s][info][gc,heap        ] GC(55) Old regions: 31->31
[19.840s][info][gc,heap        ] GC(55) Archive regions: 0->0
[19.840s][info][gc,heap        ] GC(55) Humongous regions: 0->0
[19.840s][info][gc,metaspace   ] GC(55) Metaspace: 74140K(75904K)->74140K(75904K) NonClass: 58491K(59584K)->58491K(59584K) Class: 15649K(16320K)->15649K(16320K)
[19.840s][info][gc             ] GC(55) Pause Young (Normal) (G1 Evacuation Pause) 710M->38M(1128M) 4.722ms
[19.840s][info][gc,cpu         ] GC(55) User=0.27s Sys=0.36s Real=0.00s
[20.070s][info][gc,start       ] GC(56) Pause Young (Normal) (G1 Evacuation Pause)
[20.070s][info][gc,task        ] GC(56) Using 33 workers of 33 for evacuation
[20.072s][info][gc,phases      ] GC(56)   Pre Evacuate Collection Set: 0.2ms
[20.073s][info][gc,phases      ] GC(56)   Merge Heap Roots: 0.2ms
[20.073s][info][gc,phases      ] GC(56)   Evacuate Collection Set: 1.4ms
[20.073s][info][gc,phases      ] GC(56)   Post Evacuate Collection Set: 0.9ms
[20.073s][info][gc,phases      ] GC(56)   Other: 0.1ms
[20.073s][info][gc,heap        ] GC(56) Eden regions: 336->0(336)
[20.073s][info][gc,heap        ] GC(56) Survivor regions: 2->2(43)
[20.073s][info][gc,heap        ] GC(56) Old regions: 31->31
[20.073s][info][gc,heap        ] GC(56) Archive regions: 0->0
[20.073s][info][gc,heap        ] GC(56) Humongous regions: 0->0
[20.073s][info][gc,metaspace   ] GC(56) Metaspace: 74140K(75904K)->74140K(75904K) NonClass: 58491K(59584K)->58491K(59584K) Class: 15649K(16320K)->15649K(16320K)
[20.073s][info][gc             ] GC(56) Pause Young (Normal) (G1 Evacuation Pause) 710M->38M(1128M) 3.079ms
[20.073s][info][gc,cpu         ] GC(56) User=0.55s Sys=0.02s Real=0.00s
[20.281s][info][gc,start       ] GC(57) Pause Young (Normal) (G1 Evacuation Pause)
[20.281s][info][gc,task        ] GC(57) Using 33 workers of 33 for evacuation
[20.284s][info][gc,phases      ] GC(57)   Pre Evacuate Collection Set: 0.2ms
[20.284s][info][gc,phases      ] GC(57)   Merge Heap Roots: 0.2ms
[20.284s][info][gc,phases      ] GC(57)   Evacuate Collection Set: 1.3ms
[20.284s][info][gc,phases      ] GC(57)   Post Evacuate Collection Set: 0.8ms
[20.284s][info][gc,phases      ] GC(57)   Other: 0.1ms
[20.284s][info][gc,heap        ] GC(57) Eden regions: 336->0(336)
[20.284s][info][gc,heap        ] GC(57) Survivor regions: 2->2(43)
[20.284s][info][gc,heap        ] GC(57) Old regions: 31->31
[20.284s][info][gc,heap        ] GC(57) Archive regions: 0->0
[20.284s][info][gc,heap        ] GC(57) Humongous regions: 0->0
[20.284s][info][gc,metaspace   ] GC(57) Metaspace: 74140K(75904K)->74140K(75904K) NonClass: 58491K(59584K)->58491K(59584K) Class: 15649K(16320K)->15649K(16320K)
[20.284s][info][gc             ] GC(57) Pause Young (Normal) (G1 Evacuation Pause) 710M->38M(1128M) 2.871ms
[20.284s][info][gc,cpu         ] GC(57) User=0.00s Sys=0.00s Real=0.00s
[20.481s][info][gc,start       ] GC(58) Pause Young (Normal) (G1 Evacuation Pause)
[20.482s][info][gc,task        ] GC(58) Using 33 workers of 33 for evacuation
[20.484s][info][gc,phases      ] GC(58)   Pre Evacuate Collection Set: 0.2ms
[20.484s][info][gc,phases      ] GC(58)   Merge Heap Roots: 0.2ms
[20.484s][info][gc,phases      ] GC(58)   Evacuate Collection Set: 1.3ms
[20.484s][info][gc,phases      ] GC(58)   Post Evacuate Collection Set: 0.7ms
[20.484s][info][gc,phases      ] GC(58)   Other: 0.1ms
[20.484s][info][gc,heap        ] GC(58) Eden regions: 336->0(336)
[20.484s][info][gc,heap        ] GC(58) Survivor regions: 2->2(43)
[20.484s][info][gc,heap        ] GC(58) Old regions: 31->31
[20.484s][info][gc,heap        ] GC(58) Archive regions: 0->0
[20.484s][info][gc,heap        ] GC(58) Humongous regions: 0->0
[20.484s][info][gc,metaspace   ] GC(58) Metaspace: 74140K(75904K)->74140K(75904K) NonClass: 58491K(59584K)->58491K(59584K) Class: 15649K(16320K)->15649K(16320K)
[20.484s][info][gc             ] GC(58) Pause Young (Normal) (G1 Evacuation Pause) 710M->38M(1128M) 2.738ms
[20.484s][info][gc,cpu         ] GC(58) User=0.00s Sys=0.00s Real=0.00s
[20.664s][info][gc,start       ] GC(59) Pause Young (Normal) (G1 Evacuation Pause)
[20.664s][info][gc,task        ] GC(59) Using 33 workers of 33 for evacuation
[20.666s][info][gc,phases      ] GC(59)   Pre Evacuate Collection Set: 0.2ms
[20.666s][info][gc,phases      ] GC(59)   Merge Heap Roots: 0.2ms
[20.666s][info][gc,phases      ] GC(59)   Evacuate Collection Set: 1.2ms
[20.666s][info][gc,phases      ] GC(59)   Post Evacuate Collection Set: 0.7ms
[20.666s][info][gc,phases      ] GC(59)   Other: 0.1ms
[20.666s][info][gc,heap        ] GC(59) Eden regions: 336->0(336)
[20.666s][info][gc,heap        ] GC(59) Survivor regions: 2->2(43)
[20.666s][info][gc,heap        ] GC(59) Old regions: 31->31
[20.666s][info][gc,heap        ] GC(59) Archive regions: 0->0
[20.666s][info][gc,heap        ] GC(59) Humongous regions: 0->0
[20.666s][info][gc,metaspace   ] GC(59) Metaspace: 74140K(75904K)->74140K(75904K) NonClass: 58491K(59584K)->58491K(59584K) Class: 15649K(16320K)->15649K(16320K)
[20.666s][info][gc             ] GC(59) Pause Young (Normal) (G1 Evacuation Pause) 710M->38M(1128M) 2.753ms
[20.666s][info][gc,cpu         ] GC(59) User=0.47s Sys=0.02s Real=0.00s
[20.841s][info][gc,start       ] GC(60) Pause Young (Normal) (G1 Evacuation Pause)
[20.841s][info][gc,task        ] GC(60) Using 33 workers of 33 for evacuation
[20.844s][info][gc,phases      ] GC(60)   Pre Evacuate Collection Set: 0.2ms
[20.844s][info][gc,phases      ] GC(60)   Merge Heap Roots: 0.2ms
[20.844s][info][gc,phases      ] GC(60)   Evacuate Collection Set: 1.2ms
[20.844s][info][gc,phases      ] GC(60)   Post Evacuate Collection Set: 0.7ms
[20.844s][info][gc,phases      ] GC(60)   Other: 0.1ms
[20.844s][info][gc,heap        ] GC(60) Eden regions: 336->0(336)
[20.844s][info][gc,heap        ] GC(60) Survivor regions: 2->2(43)
[20.844s][info][gc,heap        ] GC(60) Old regions: 31->31
[20.844s][info][gc,heap        ] GC(60) Archive regions: 0->0
[20.844s][info][gc,heap        ] GC(60) Humongous regions: 0->0
[20.844s][info][gc,metaspace   ] GC(60) Metaspace: 74140K(75904K)->74140K(75904K) NonClass: 58491K(59584K)->58491K(59584K) Class: 15649K(16320K)->15649K(16320K)
[20.844s][info][gc             ] GC(60) Pause Young (Normal) (G1 Evacuation Pause) 710M->38M(1128M) 2.737ms
[20.844s][info][gc,cpu         ] GC(60) User=0.00s Sys=0.00s Real=0.00s
[21.019s][info][gc,start       ] GC(61) Pause Young (Normal) (G1 Evacuation Pause)
[21.019s][info][gc,task        ] GC(61) Using 33 workers of 33 for evacuation
[21.022s][info][gc,phases      ] GC(61)   Pre Evacuate Collection Set: 0.2ms
[21.022s][info][gc,phases      ] GC(61)   Merge Heap Roots: 0.2ms
[21.022s][info][gc,phases      ] GC(61)   Evacuate Collection Set: 1.4ms
[21.022s][info][gc,phases      ] GC(61)   Post Evacuate Collection Set: 0.8ms
[21.022s][info][gc,phases      ] GC(61)   Other: 0.1ms
[21.022s][info][gc,heap        ] GC(61) Eden regions: 336->0(336)
[21.022s][info][gc,heap        ] GC(61) Survivor regions: 2->2(43)
[21.022s][info][gc,heap        ] GC(61) Old regions: 31->31
[21.022s][info][gc,heap        ] GC(61) Archive regions: 0->0
[21.022s][info][gc,heap        ] GC(61) Humongous regions: 0->0
[21.022s][info][gc,metaspace   ] GC(61) Metaspace: 74140K(75904K)->74140K(75904K) NonClass: 58491K(59584K)->58491K(59584K) Class: 15649K(16320K)->15649K(16320K)
[21.022s][info][gc             ] GC(61) Pause Young (Normal) (G1 Evacuation Pause) 710M->38M(1128M) 2.934ms
[21.022s][info][gc,cpu         ] GC(61) User=0.00s Sys=0.00s Real=0.00s
[21.194s][info][gc,start       ] GC(62) Pause Young (Normal) (G1 Evacuation Pause)
[21.194s][info][gc,task        ] GC(62) Using 33 workers of 33 for evacuation
[21.196s][info][gc,phases      ] GC(62)   Pre Evacuate Collection Set: 0.2ms
[21.196s][info][gc,phases      ] GC(62)   Merge Heap Roots: 0.2ms
[21.196s][info][gc,phases      ] GC(62)   Evacuate Collection Set: 1.2ms
[21.196s][info][gc,phases      ] GC(62)   Post Evacuate Collection Set: 0.7ms
[21.196s][info][gc,phases      ] GC(62)   Other: 0.1ms
[21.196s][info][gc,heap        ] GC(62) Eden regions: 336->0(335)
[21.196s][info][gc,heap        ] GC(62) Survivor regions: 2->3(43)
[21.196s][info][gc,heap        ] GC(62) Old regions: 31->31
[21.196s][info][gc,heap        ] GC(62) Archive regions: 0->0
[21.196s][info][gc,heap        ] GC(62) Humongous regions: 0->0
[21.196s][info][gc,metaspace   ] GC(62) Metaspace: 74140K(75904K)->74140K(75904K) NonClass: 58491K(59584K)->58491K(59584K) Class: 15649K(16320K)->15649K(16320K)
[21.196s][info][gc             ] GC(62) Pause Young (Normal) (G1 Evacuation Pause) 710M->38M(1128M) 2.744ms
[21.196s][info][gc,cpu         ] GC(62) User=0.00s Sys=0.00s Real=0.00s
[21.368s][info][gc,start       ] GC(63) Pause Young (Normal) (G1 Evacuation Pause)
[21.369s][info][gc,task        ] GC(63) Using 33 workers of 33 for evacuation
[21.371s][info][gc,phases      ] GC(63)   Pre Evacuate Collection Set: 0.2ms
[21.371s][info][gc,phases      ] GC(63)   Merge Heap Roots: 0.2ms
[21.371s][info][gc,phases      ] GC(63)   Evacuate Collection Set: 1.4ms
[21.371s][info][gc,phases      ] GC(63)   Post Evacuate Collection Set: 0.8ms
[21.371s][info][gc,phases      ] GC(63)   Other: 0.1ms
[21.371s][info][gc,heap        ] GC(63) Eden regions: 335->0(336)
[21.371s][info][gc,heap        ] GC(63) Survivor regions: 3->2(43)
[21.371s][info][gc,heap        ] GC(63) Old regions: 31->31
[21.371s][info][gc,heap        ] GC(63) Archive regions: 0->0
[21.371s][info][gc,heap        ] GC(63) Humongous regions: 0->0
[21.371s][info][gc,metaspace   ] GC(63) Metaspace: 74140K(75904K)->74140K(75904K) NonClass: 58491K(59584K)->58491K(59584K) Class: 15649K(16320K)->15649K(16320K)
[21.371s][info][gc             ] GC(63) Pause Young (Normal) (G1 Evacuation Pause) 708M->38M(1128M) 2.977ms
[21.371s][info][gc,cpu         ] GC(63) User=0.00s Sys=0.00s Real=0.00s
[21.550s][info][gc,start       ] GC(64) Pause Young (Normal) (G1 Evacuation Pause)
[21.550s][info][gc,task        ] GC(64) Using 33 workers of 33 for evacuation
[21.553s][info][gc,phases      ] GC(64)   Pre Evacuate Collection Set: 0.2ms
[21.553s][info][gc,phases      ] GC(64)   Merge Heap Roots: 0.2ms
[21.553s][info][gc,phases      ] GC(64)   Evacuate Collection Set: 1.2ms
[21.553s][info][gc,phases      ] GC(64)   Post Evacuate Collection Set: 0.8ms
[21.553s][info][gc,phases      ] GC(64)   Other: 0.1ms
[21.553s][info][gc,heap        ] GC(64) Eden regions: 336->0(336)
[21.553s][info][gc,heap        ] GC(64) Survivor regions: 2->2(43)
[21.553s][info][gc,heap        ] GC(64) Old regions: 31->31
[21.553s][info][gc,heap        ] GC(64) Archive regions: 0->0
[21.553s][info][gc,heap        ] GC(64) Humongous regions: 0->0
[21.553s][info][gc,metaspace   ] GC(64) Metaspace: 74140K(75904K)->74140K(75904K) NonClass: 58491K(59584K)->58491K(59584K) Class: 15649K(16320K)->15649K(16320K)
[21.553s][info][gc             ] GC(64) Pause Young (Normal) (G1 Evacuation Pause) 710M->38M(1128M) 2.759ms
[21.553s][info][gc,cpu         ] GC(64) User=0.00s Sys=0.00s Real=0.00s
[21.727s][info][gc,start       ] GC(65) Pause Young (Normal) (G1 Evacuation Pause)
[21.727s][info][gc,task        ] GC(65) Using 33 workers of 33 for evacuation
[21.729s][info][gc,phases      ] GC(65)   Pre Evacuate Collection Set: 0.2ms
[21.729s][info][gc,phases      ] GC(65)   Merge Heap Roots: 0.2ms
[21.729s][info][gc,phases      ] GC(65)   Evacuate Collection Set: 1.2ms
[21.729s][info][gc,phases      ] GC(65)   Post Evacuate Collection Set: 0.6ms
[21.729s][info][gc,phases      ] GC(65)   Other: 0.1ms
[21.729s][info][gc,heap        ] GC(65) Eden regions: 336->0(337)
[21.729s][info][gc,heap        ] GC(65) Survivor regions: 2->1(43)
[21.729s][info][gc,heap        ] GC(65) Old regions: 31->33
[21.729s][info][gc,heap        ] GC(65) Archive regions: 0->0
[21.729s][info][gc,heap        ] GC(65) Humongous regions: 0->0
[21.729s][info][gc,metaspace   ] GC(65) Metaspace: 74140K(75904K)->74140K(75904K) NonClass: 58491K(59584K)->58491K(59584K) Class: 15649K(16320K)->15649K(16320K)
[21.729s][info][gc             ] GC(65) Pause Young (Normal) (G1 Evacuation Pause) 710M->38M(1128M) 2.543ms
[21.729s][info][gc,cpu         ] GC(65) User=0.52s Sys=0.00s Real=0.00s
[21.904s][info][gc,start       ] GC(66) Pause Young (Normal) (G1 Evacuation Pause)
[21.904s][info][gc,task        ] GC(66) Using 33 workers of 33 for evacuation
[21.906s][info][gc,phases      ] GC(66)   Pre Evacuate Collection Set: 0.2ms
[21.906s][info][gc,phases      ] GC(66)   Merge Heap Roots: 0.2ms
[21.906s][info][gc,phases      ] GC(66)   Evacuate Collection Set: 0.9ms
[21.906s][info][gc,phases      ] GC(66)   Post Evacuate Collection Set: 0.5ms
[21.906s][info][gc,phases      ] GC(66)   Other: 0.1ms
[21.906s][info][gc,heap        ] GC(66) Eden regions: 337->0(337)
[21.906s][info][gc,heap        ] GC(66) Survivor regions: 1->1(43)
[21.906s][info][gc,heap        ] GC(66) Old regions: 33->33
[21.906s][info][gc,heap        ] GC(66) Archive regions: 0->0
[21.906s][info][gc,heap        ] GC(66) Humongous regions: 0->0
[21.906s][info][gc,metaspace   ] GC(66) Metaspace: 74140K(75904K)->74140K(75904K) NonClass: 58491K(59584K)->58491K(59584K) Class: 15649K(16320K)->15649K(16320K)
[21.906s][info][gc             ] GC(66) Pause Young (Normal) (G1 Evacuation Pause) 712M->38M(1128M) 2.187ms
[21.906s][info][gc,cpu         ] GC(66) User=0.00s Sys=0.00s Real=0.00s
[22.079s][info][gc,start       ] GC(67) Pause Young (Normal) (G1 Evacuation Pause)
[22.079s][info][gc,task        ] GC(67) Using 33 workers of 33 for evacuation
[22.081s][info][gc,phases      ] GC(67)   Pre Evacuate Collection Set: 0.2ms
[22.081s][info][gc,phases      ] GC(67)   Merge Heap Roots: 0.2ms
[22.081s][info][gc,phases      ] GC(67)   Evacuate Collection Set: 0.8ms
[22.081s][info][gc,phases      ] GC(67)   Post Evacuate Collection Set: 0.6ms
[22.081s][info][gc,phases      ] GC(67)   Other: 0.1ms
[22.081s][info][gc,heap        ] GC(67) Eden regions: 337->0(337)
[22.081s][info][gc,heap        ] GC(67) Survivor regions: 1->1(43)
[22.081s][info][gc,heap        ] GC(67) Old regions: 33->33
[22.081s][info][gc,heap        ] GC(67) Archive regions: 0->0
[22.081s][info][gc,heap        ] GC(67) Humongous regions: 0->0
[22.081s][info][gc,metaspace   ] GC(67) Metaspace: 74140K(75904K)->74140K(75904K) NonClass: 58491K(59584K)->58491K(59584K) Class: 15649K(16320K)->15649K(16320K)
[22.081s][info][gc             ] GC(67) Pause Young (Normal) (G1 Evacuation Pause) 712M->38M(1128M) 2.131ms
[22.081s][info][gc,cpu         ] GC(67) User=0.00s Sys=0.00s Real=0.00s
[22.254s][info][gc,start       ] GC(68) Pause Young (Normal) (G1 Evacuation Pause)
[22.254s][info][gc,task        ] GC(68) Using 33 workers of 33 for evacuation
[22.256s][info][gc,phases      ] GC(68)   Pre Evacuate Collection Set: 0.2ms
[22.256s][info][gc,phases      ] GC(68)   Merge Heap Roots: 0.2ms
[22.256s][info][gc,phases      ] GC(68)   Evacuate Collection Set: 0.9ms
[22.256s][info][gc,phases      ] GC(68)   Post Evacuate Collection Set: 0.6ms
[22.256s][info][gc,phases      ] GC(68)   Other: 0.1ms
[22.256s][info][gc,heap        ] GC(68) Eden regions: 337->0(337)
[22.256s][info][gc,heap        ] GC(68) Survivor regions: 1->1(43)
[22.256s][info][gc,heap        ] GC(68) Old regions: 33->33
[22.256s][info][gc,heap        ] GC(68) Archive regions: 0->0
[22.256s][info][gc,heap        ] GC(68) Humongous regions: 0->0
[22.256s][info][gc,metaspace   ] GC(68) Metaspace: 74140K(75904K)->74140K(75904K) NonClass: 58491K(59584K)->58491K(59584K) Class: 15649K(16320K)->15649K(16320K)
[22.256s][info][gc             ] GC(68) Pause Young (Normal) (G1 Evacuation Pause) 712M->38M(1128M) 2.204ms
[22.256s][info][gc,cpu         ] GC(68) User=0.00s Sys=0.00s Real=0.00s
[22.430s][info][gc,start       ] GC(69) Pause Young (Normal) (G1 Evacuation Pause)
[22.430s][info][gc,task        ] GC(69) Using 33 workers of 33 for evacuation
[22.432s][info][gc,phases      ] GC(69)   Pre Evacuate Collection Set: 0.2ms
[22.432s][info][gc,phases      ] GC(69)   Merge Heap Roots: 0.2ms
[22.432s][info][gc,phases      ] GC(69)   Evacuate Collection Set: 0.9ms
[22.432s][info][gc,phases      ] GC(69)   Post Evacuate Collection Set: 0.5ms
[22.432s][info][gc,phases      ] GC(69)   Other: 0.1ms
[22.432s][info][gc,heap        ] GC(69) Eden regions: 337->0(337)
[22.432s][info][gc,heap        ] GC(69) Survivor regions: 1->1(43)
[22.432s][info][gc,heap        ] GC(69) Old regions: 33->33
[22.432s][info][gc,heap        ] GC(69) Archive regions: 0->0
[22.432s][info][gc,heap        ] GC(69) Humongous regions: 0->0
[22.432s][info][gc,metaspace   ] GC(69) Metaspace: 74140K(75904K)->74140K(75904K) NonClass: 58491K(59584K)->58491K(59584K) Class: 15649K(16320K)->15649K(16320K)
[22.432s][info][gc             ] GC(69) Pause Young (Normal) (G1 Evacuation Pause) 712M->38M(1128M) 2.147ms
[22.432s][info][gc,cpu         ] GC(69) User=0.52s Sys=0.00s Real=0.00s
[22.608s][info][gc,start       ] GC(70) Pause Young (Normal) (G1 Evacuation Pause)
[22.608s][info][gc,task        ] GC(70) Using 33 workers of 33 for evacuation
[22.610s][info][gc,phases      ] GC(70)   Pre Evacuate Collection Set: 0.2ms
[22.610s][info][gc,phases      ] GC(70)   Merge Heap Roots: 0.2ms
[22.610s][info][gc,phases      ] GC(70)   Evacuate Collection Set: 0.9ms
[22.610s][info][gc,phases      ] GC(70)   Post Evacuate Collection Set: 0.5ms
[22.610s][info][gc,phases      ] GC(70)   Other: 0.1ms
[22.610s][info][gc,heap        ] GC(70) Eden regions: 337->0(337)
[22.610s][info][gc,heap        ] GC(70) Survivor regions: 1->1(43)
[22.610s][info][gc,heap        ] GC(70) Old regions: 33->33
[22.610s][info][gc,heap        ] GC(70) Archive regions: 0->0
[22.610s][info][gc,heap        ] GC(70) Humongous regions: 0->0
[22.610s][info][gc,metaspace   ] GC(70) Metaspace: 74140K(75904K)->74140K(75904K) NonClass: 58491K(59584K)->58491K(59584K) Class: 15649K(16320K)->15649K(16320K)
[22.610s][info][gc             ] GC(70) Pause Young (Normal) (G1 Evacuation Pause) 712M->38M(1128M) 2.201ms
[22.610s][info][gc,cpu         ] GC(70) User=0.00s Sys=0.00s Real=0.00s
[22.785s][info][gc,start       ] GC(71) Pause Young (Normal) (G1 Evacuation Pause)
[22.785s][info][gc,task        ] GC(71) Using 33 workers of 33 for evacuation
[22.787s][info][gc,phases      ] GC(71)   Pre Evacuate Collection Set: 0.2ms
[22.787s][info][gc,phases      ] GC(71)   Merge Heap Roots: 0.2ms
[22.787s][info][gc,phases      ] GC(71)   Evacuate Collection Set: 0.9ms
[22.787s][info][gc,phases      ] GC(71)   Post Evacuate Collection Set: 0.5ms
[22.787s][info][gc,phases      ] GC(71)   Other: 0.1ms
[22.787s][info][gc,heap        ] GC(71) Eden regions: 337->0(337)
[22.787s][info][gc,heap        ] GC(71) Survivor regions: 1->1(43)
[22.787s][info][gc,heap        ] GC(71) Old regions: 33->33
[22.787s][info][gc,heap        ] GC(71) Archive regions: 0->0
[22.787s][info][gc,heap        ] GC(71) Humongous regions: 0->0
[22.787s][info][gc,metaspace   ] GC(71) Metaspace: 74140K(75904K)->74140K(75904K) NonClass: 58491K(59584K)->58491K(59584K) Class: 15649K(16320K)->15649K(16320K)
[22.787s][info][gc             ] GC(71) Pause Young (Normal) (G1 Evacuation Pause) 712M->38M(1128M) 2.224ms
[22.787s][info][gc,cpu         ] GC(71) User=0.00s Sys=0.00s Real=0.00s
[22.961s][info][gc,start       ] GC(72) Pause Young (Normal) (G1 Evacuation Pause)
[22.961s][info][gc,task        ] GC(72) Using 33 workers of 33 for evacuation
[22.963s][info][gc,phases      ] GC(72)   Pre Evacuate Collection Set: 0.2ms
[22.963s][info][gc,phases      ] GC(72)   Merge Heap Roots: 0.2ms
[22.963s][info][gc,phases      ] GC(72)   Evacuate Collection Set: 0.9ms
[22.963s][info][gc,phases      ] GC(72)   Post Evacuate Collection Set: 0.5ms
[22.963s][info][gc,phases      ] GC(72)   Other: 0.1ms
[22.963s][info][gc,heap        ] GC(72) Eden regions: 337->0(337)
[22.963s][info][gc,heap        ] GC(72) Survivor regions: 1->1(43)
[22.963s][info][gc,heap        ] GC(72) Old regions: 33->33
[22.963s][info][gc,heap        ] GC(72) Archive regions: 0->0
[22.963s][info][gc,heap        ] GC(72) Humongous regions: 0->0
[22.963s][info][gc,metaspace   ] GC(72) Metaspace: 74140K(75904K)->74140K(75904K) NonClass: 58491K(59584K)->58491K(59584K) Class: 15649K(16320K)->15649K(16320K)
[22.963s][info][gc             ] GC(72) Pause Young (Normal) (G1 Evacuation Pause) 712M->38M(1128M) 2.227ms
[22.963s][info][gc,cpu         ] GC(72) User=0.52s Sys=0.00s Real=0.00s
[23.138s][info][gc,start       ] GC(73) Pause Young (Normal) (G1 Evacuation Pause)
[23.138s][info][gc,task        ] GC(73) Using 33 workers of 33 for evacuation
[23.140s][info][gc,phases      ] GC(73)   Pre Evacuate Collection Set: 0.2ms
[23.140s][info][gc,phases      ] GC(73)   Merge Heap Roots: 0.2ms
[23.140s][info][gc,phases      ] GC(73)   Evacuate Collection Set: 0.9ms
[23.140s][info][gc,phases      ] GC(73)   Post Evacuate Collection Set: 0.6ms
[23.140s][info][gc,phases      ] GC(73)   Other: 0.1ms
[23.140s][info][gc,heap        ] GC(73) Eden regions: 337->0(337)
[23.140s][info][gc,heap        ] GC(73) Survivor regions: 1->1(43)
[23.140s][info][gc,heap        ] GC(73) Old regions: 33->33
[23.140s][info][gc,heap        ] GC(73) Archive regions: 0->0
[23.140s][info][gc,heap        ] GC(73) Humongous regions: 0->0
[23.140s][info][gc,metaspace   ] GC(73) Metaspace: 74140K(75904K)->74140K(75904K) NonClass: 58491K(59584K)->58491K(59584K) Class: 15649K(16320K)->15649K(16320K)
[23.140s][info][gc             ] GC(73) Pause Young (Normal) (G1 Evacuation Pause) 712M->38M(1128M) 2.145ms
[23.140s][info][gc,cpu         ] GC(73) User=0.00s Sys=0.00s Real=0.00s
[23.315s][info][gc,start       ] GC(74) Pause Young (Normal) (G1 Evacuation Pause)
[23.315s][info][gc,task        ] GC(74) Using 33 workers of 33 for evacuation
[23.317s][info][gc,phases      ] GC(74)   Pre Evacuate Collection Set: 0.2ms
[23.317s][info][gc,phases      ] GC(74)   Merge Heap Roots: 0.2ms
[23.317s][info][gc,phases      ] GC(74)   Evacuate Collection Set: 0.9ms
[23.317s][info][gc,phases      ] GC(74)   Post Evacuate Collection Set: 0.6ms
[23.317s][info][gc,phases      ] GC(74)   Other: 0.1ms
[23.317s][info][gc,heap        ] GC(74) Eden regions: 337->0(337)
[23.317s][info][gc,heap        ] GC(74) Survivor regions: 1->1(43)
[23.317s][info][gc,heap        ] GC(74) Old regions: 33->33
[23.317s][info][gc,heap        ] GC(74) Archive regions: 0->0
[23.317s][info][gc,heap        ] GC(74) Humongous regions: 0->0
[23.317s][info][gc,metaspace   ] GC(74) Metaspace: 74140K(75904K)->74140K(75904K) NonClass: 58491K(59584K)->58491K(59584K) Class: 15649K(16320K)->15649K(16320K)
[23.317s][info][gc             ] GC(74) Pause Young (Normal) (G1 Evacuation Pause) 712M->38M(1128M) 2.208ms
[23.317s][info][gc,cpu         ] GC(74) User=0.00s Sys=0.00s Real=0.00s
[23.492s][info][gc,start       ] GC(75) Pause Young (Normal) (G1 Evacuation Pause)
[23.493s][info][gc,task        ] GC(75) Using 33 workers of 33 for evacuation
[23.495s][info][gc,phases      ] GC(75)   Pre Evacuate Collection Set: 0.2ms
[23.495s][info][gc,phases      ] GC(75)   Merge Heap Roots: 0.2ms
[23.495s][info][gc,phases      ] GC(75)   Evacuate Collection Set: 0.9ms
[23.495s][info][gc,phases      ] GC(75)   Post Evacuate Collection Set: 0.6ms
[23.495s][info][gc,phases      ] GC(75)   Other: 0.1ms
[23.495s][info][gc,heap        ] GC(75) Eden regions: 337->0(337)
[23.495s][info][gc,heap        ] GC(75) Survivor regions: 1->1(43)
[23.495s][info][gc,heap        ] GC(75) Old regions: 33->33
[23.495s][info][gc,heap        ] GC(75) Archive regions: 0->0
[23.495s][info][gc,heap        ] GC(75) Humongous regions: 0->0
[23.495s][info][gc,metaspace   ] GC(75) Metaspace: 74140K(75904K)->74140K(75904K) NonClass: 58491K(59584K)->58491K(59584K) Class: 15649K(16320K)->15649K(16320K)
[23.495s][info][gc             ] GC(75) Pause Young (Normal) (G1 Evacuation Pause) 712M->38M(1128M) 2.268ms
[23.495s][info][gc,cpu         ] GC(75) User=0.02s Sys=0.00s Real=0.00s
[23.668s][info][gc,start       ] GC(76) Pause Young (Normal) (G1 Evacuation Pause)
[23.668s][info][gc,task        ] GC(76) Using 33 workers of 33 for evacuation
[23.670s][info][gc,phases      ] GC(76)   Pre Evacuate Collection Set: 0.2ms
[23.670s][info][gc,phases      ] GC(76)   Merge Heap Roots: 0.2ms
[23.670s][info][gc,phases      ] GC(76)   Evacuate Collection Set: 0.9ms
[23.670s][info][gc,phases      ] GC(76)   Post Evacuate Collection Set: 0.5ms
[23.670s][info][gc,phases      ] GC(76)   Other: 0.1ms
[23.670s][info][gc,heap        ] GC(76) Eden regions: 337->0(337)
[23.670s][info][gc,heap        ] GC(76) Survivor regions: 1->1(43)
[23.670s][info][gc,heap        ] GC(76) Old regions: 33->33
[23.670s][info][gc,heap        ] GC(76) Archive regions: 0->0
[23.670s][info][gc,heap        ] GC(76) Humongous regions: 0->0
[23.670s][info][gc,metaspace   ] GC(76) Metaspace: 74140K(75904K)->74140K(75904K) NonClass: 58491K(59584K)->58491K(59584K) Class: 15649K(16320K)->15649K(16320K)
[23.670s][info][gc             ] GC(76) Pause Young (Normal) (G1 Evacuation Pause) 712M->38M(1128M) 2.189ms
[23.670s][info][gc,cpu         ] GC(76) User=0.00s Sys=0.00s Real=0.00s
[23.844s][info][gc,start       ] GC(77) Pause Young (Normal) (G1 Evacuation Pause)
[23.844s][info][gc,task        ] GC(77) Using 33 workers of 33 for evacuation
[23.846s][info][gc,phases      ] GC(77)   Pre Evacuate Collection Set: 0.2ms
[23.846s][info][gc,phases      ] GC(77)   Merge Heap Roots: 0.2ms
[23.846s][info][gc,phases      ] GC(77)   Evacuate Collection Set: 0.9ms
[23.846s][info][gc,phases      ] GC(77)   Post Evacuate Collection Set: 0.6ms
[23.846s][info][gc,phases      ] GC(77)   Other: 0.1ms
[23.846s][info][gc,heap        ] GC(77) Eden regions: 337->0(337)
[23.846s][info][gc,heap        ] GC(77) Survivor regions: 1->1(43)
[23.846s][info][gc,heap        ] GC(77) Old regions: 33->33
[23.846s][info][gc,heap        ] GC(77) Archive regions: 0->0
[23.846s][info][gc,heap        ] GC(77) Humongous regions: 0->0
[23.846s][info][gc,metaspace   ] GC(77) Metaspace: 74150K(75904K)->74150K(75904K) NonClass: 58501K(59584K)->58501K(59584K) Class: 15649K(16320K)->15649K(16320K)
[23.846s][info][gc             ] GC(77) Pause Young (Normal) (G1 Evacuation Pause) 712M->38M(1128M) 2.208ms
[23.846s][info][gc,cpu         ] GC(77) User=0.00s Sys=0.00s Real=0.00s
[24.024s][info][gc,start       ] GC(78) Pause Young (Normal) (G1 Evacuation Pause)
[24.024s][info][gc,task        ] GC(78) Using 33 workers of 33 for evacuation
[24.026s][info][gc,phases      ] GC(78)   Pre Evacuate Collection Set: 0.2ms
[24.026s][info][gc,phases      ] GC(78)   Merge Heap Roots: 0.2ms
[24.026s][info][gc,phases      ] GC(78)   Evacuate Collection Set: 0.9ms
[24.026s][info][gc,phases      ] GC(78)   Post Evacuate Collection Set: 0.6ms
[24.026s][info][gc,phases      ] GC(78)   Other: 0.1ms
[24.026s][info][gc,heap        ] GC(78) Eden regions: 337->0(337)
[24.026s][info][gc,heap        ] GC(78) Survivor regions: 1->1(43)
[24.026s][info][gc,heap        ] GC(78) Old regions: 33->33
[24.026s][info][gc,heap        ] GC(78) Archive regions: 0->0
[24.026s][info][gc,heap        ] GC(78) Humongous regions: 0->0
[24.026s][info][gc,metaspace   ] GC(78) Metaspace: 74162K(75904K)->74162K(75904K) NonClass: 58513K(59584K)->58513K(59584K) Class: 15649K(16320K)->15649K(16320K)
[24.026s][info][gc             ] GC(78) Pause Young (Normal) (G1 Evacuation Pause) 712M->38M(1128M) 2.321ms
[24.026s][info][gc,cpu         ] GC(78) User=0.02s Sys=0.00s Real=0.00s
[24.203s][info][gc,start       ] GC(79) Pause Young (Normal) (G1 Evacuation Pause)
[24.204s][info][gc,task        ] GC(79) Using 33 workers of 33 for evacuation
[24.206s][info][gc,phases      ] GC(79)   Pre Evacuate Collection Set: 0.2ms
[24.206s][info][gc,phases      ] GC(79)   Merge Heap Roots: 0.2ms
[24.206s][info][gc,phases      ] GC(79)   Evacuate Collection Set: 0.9ms
[24.206s][info][gc,phases      ] GC(79)   Post Evacuate Collection Set: 0.6ms
[24.206s][info][gc,phases      ] GC(79)   Other: 0.1ms
[24.206s][info][gc,heap        ] GC(79) Eden regions: 337->0(337)
[24.206s][info][gc,heap        ] GC(79) Survivor regions: 1->1(43)
[24.206s][info][gc,heap        ] GC(79) Old regions: 33->33
[24.206s][info][gc,heap        ] GC(79) Archive regions: 0->0
[24.206s][info][gc,heap        ] GC(79) Humongous regions: 0->0
[24.206s][info][gc,metaspace   ] GC(79) Metaspace: 74164K(75904K)->74164K(75904K) NonClass: 58515K(59584K)->58515K(59584K) Class: 15649K(16320K)->15649K(16320K)
[24.206s][info][gc             ] GC(79) Pause Young (Normal) (G1 Evacuation Pause) 712M->38M(1128M) 2.297ms
[24.206s][info][gc,cpu         ] GC(79) User=0.00s Sys=0.00s Real=0.00s
[24.384s][info][gc,start       ] GC(80) Pause Young (Normal) (G1 Evacuation Pause)
[24.384s][info][gc,task        ] GC(80) Using 33 workers of 33 for evacuation
[24.386s][info][gc,phases      ] GC(80)   Pre Evacuate Collection Set: 0.2ms
[24.386s][info][gc,phases      ] GC(80)   Merge Heap Roots: 0.2ms
[24.386s][info][gc,phases      ] GC(80)   Evacuate Collection Set: 0.9ms
[24.386s][info][gc,phases      ] GC(80)   Post Evacuate Collection Set: 0.6ms
[24.386s][info][gc,phases      ] GC(80)   Other: 0.1ms
[24.386s][info][gc,heap        ] GC(80) Eden regions: 337->0(337)
[24.386s][info][gc,heap        ] GC(80) Survivor regions: 1->1(43)
[24.386s][info][gc,heap        ] GC(80) Old regions: 33->33
[24.386s][info][gc,heap        ] GC(80) Archive regions: 0->0
[24.386s][info][gc,heap        ] GC(80) Humongous regions: 0->0
[24.386s][info][gc,metaspace   ] GC(80) Metaspace: 74167K(75904K)->74167K(75904K) NonClass: 58518K(59584K)->58518K(59584K) Class: 15649K(16320K)->15649K(16320K)
[24.386s][info][gc             ] GC(80) Pause Young (Normal) (G1 Evacuation Pause) 712M->38M(1128M) 2.287ms
[24.386s][info][gc,cpu         ] GC(80) User=0.00s Sys=0.00s Real=0.00s
[24.581s][info][gc,start       ] GC(81) Pause Young (Normal) (G1 Evacuation Pause)
[24.581s][info][gc,task        ] GC(81) Using 33 workers of 33 for evacuation
[24.583s][info][gc,phases      ] GC(81)   Pre Evacuate Collection Set: 0.2ms
[24.583s][info][gc,phases      ] GC(81)   Merge Heap Roots: 0.2ms
[24.583s][info][gc,phases      ] GC(81)   Evacuate Collection Set: 0.8ms
[24.583s][info][gc,phases      ] GC(81)   Post Evacuate Collection Set: 0.6ms
[24.583s][info][gc,phases      ] GC(81)   Other: 0.1ms
[24.583s][info][gc,heap        ] GC(81) Eden regions: 337->0(337)
[24.583s][info][gc,heap        ] GC(81) Survivor regions: 1->1(43)
[24.583s][info][gc,heap        ] GC(81) Old regions: 33->33
[24.583s][info][gc,heap        ] GC(81) Archive regions: 0->0
[24.583s][info][gc,heap        ] GC(81) Humongous regions: 0->0
[24.583s][info][gc,metaspace   ] GC(81) Metaspace: 74178K(75904K)->74178K(75904K) NonClass: 58529K(59584K)->58529K(59584K) Class: 15649K(16320K)->15649K(16320K)
[24.584s][info][gc             ] GC(81) Pause Young (Normal) (G1 Evacuation Pause) 712M->38M(1128M) 2.215ms
[24.584s][info][gc,cpu         ] GC(81) User=0.00s Sys=0.00s Real=0.00s
[24.809s][info][gc,start       ] GC(82) Pause Young (Normal) (G1 Evacuation Pause)
[24.809s][info][gc,task        ] GC(82) Using 33 workers of 33 for evacuation
[24.811s][info][gc,phases      ] GC(82)   Pre Evacuate Collection Set: 0.2ms
[24.811s][info][gc,phases      ] GC(82)   Merge Heap Roots: 0.2ms
[24.811s][info][gc,phases      ] GC(82)   Evacuate Collection Set: 0.7ms
[24.811s][info][gc,phases      ] GC(82)   Post Evacuate Collection Set: 0.6ms
[24.811s][info][gc,phases      ] GC(82)   Other: 0.1ms
[24.811s][info][gc,heap        ] GC(82) Eden regions: 337->0(337)
[24.811s][info][gc,heap        ] GC(82) Survivor regions: 1->1(43)
[24.811s][info][gc,heap        ] GC(82) Old regions: 33->33
[24.811s][info][gc,heap        ] GC(82) Archive regions: 0->0
[24.811s][info][gc,heap        ] GC(82) Humongous regions: 0->0
[24.811s][info][gc,metaspace   ] GC(82) Metaspace: 74182K(75904K)->74182K(75904K) NonClass: 58533K(59584K)->58533K(59584K) Class: 15649K(16320K)->15649K(16320K)
[24.811s][info][gc             ] GC(82) Pause Young (Normal) (G1 Evacuation Pause) 712M->38M(1128M) 2.048ms
[24.811s][info][gc,cpu         ] GC(82) User=0.00s Sys=0.00s Real=0.00s
[25.063s][info][gc,start       ] GC(83) Pause Young (Normal) (G1 Evacuation Pause)
[25.063s][info][gc,task        ] GC(83) Using 33 workers of 33 for evacuation
[25.065s][info][gc,phases      ] GC(83)   Pre Evacuate Collection Set: 0.2ms
[25.065s][info][gc,phases      ] GC(83)   Merge Heap Roots: 0.2ms
[25.065s][info][gc,phases      ] GC(83)   Evacuate Collection Set: 0.8ms
[25.065s][info][gc,phases      ] GC(83)   Post Evacuate Collection Set: 0.6ms
[25.065s][info][gc,phases      ] GC(83)   Other: 0.1ms
[25.065s][info][gc,heap        ] GC(83) Eden regions: 337->0(337)
[25.065s][info][gc,heap        ] GC(83) Survivor regions: 1->1(43)
[25.065s][info][gc,heap        ] GC(83) Old regions: 33->33
[25.065s][info][gc,heap        ] GC(83) Archive regions: 0->0
[25.065s][info][gc,heap        ] GC(83) Humongous regions: 0->0
[25.065s][info][gc,metaspace   ] GC(83) Metaspace: 74184K(75904K)->74184K(75904K) NonClass: 58535K(59584K)->58535K(59584K) Class: 15649K(16320K)->15649K(16320K)
[25.065s][info][gc             ] GC(83) Pause Young (Normal) (G1 Evacuation Pause) 712M->38M(1128M) 2.169ms
[25.065s][info][gc,cpu         ] GC(83) User=0.00s Sys=0.00s Real=0.00s
[25.386s][info][gc,start       ] GC(84) Pause Young (Normal) (G1 Evacuation Pause)
[25.386s][info][gc,task        ] GC(84) Using 30 workers of 33 for evacuation
[25.388s][info][gc,phases      ] GC(84)   Pre Evacuate Collection Set: 0.2ms
[25.388s][info][gc,phases      ] GC(84)   Merge Heap Roots: 0.2ms
[25.388s][info][gc,phases      ] GC(84)   Evacuate Collection Set: 0.7ms
[25.388s][info][gc,phases      ] GC(84)   Post Evacuate Collection Set: 0.6ms
[25.388s][info][gc,phases      ] GC(84)   Other: 0.1ms
[25.388s][info][gc,heap        ] GC(84) Eden regions: 337->0(337)
[25.388s][info][gc,heap        ] GC(84) Survivor regions: 1->1(43)
[25.388s][info][gc,heap        ] GC(84) Old regions: 33->33
[25.388s][info][gc,heap        ] GC(84) Archive regions: 0->0
[25.388s][info][gc,heap        ] GC(84) Humongous regions: 0->0
[25.388s][info][gc,metaspace   ] GC(84) Metaspace: 74188K(75904K)->74188K(75904K) NonClass: 58538K(59584K)->58538K(59584K) Class: 15649K(16320K)->15649K(16320K)
[25.388s][info][gc             ] GC(84) Pause Young (Normal) (G1 Evacuation Pause) 712M->38M(1128M) 1.916ms
[25.388s][info][gc,cpu         ] GC(84) User=0.00s Sys=0.00s Real=0.00s
[25.821s][info][gc,start       ] GC(85) Pause Young (Normal) (G1 Evacuation Pause)
[25.821s][info][gc,task        ] GC(85) Using 28 workers of 33 for evacuation
[25.823s][info][gc,phases      ] GC(85)   Pre Evacuate Collection Set: 0.2ms
[25.823s][info][gc,phases      ] GC(85)   Merge Heap Roots: 0.1ms
[25.824s][info][gc,phases      ] GC(85)   Evacuate Collection Set: 0.7ms
[25.824s][info][gc,phases      ] GC(85)   Post Evacuate Collection Set: 0.8ms
[25.824s][info][gc,phases      ] GC(85)   Other: 0.2ms
[25.824s][info][gc,heap        ] GC(85) Eden regions: 337->0(337)
[25.824s][info][gc,heap        ] GC(85) Survivor regions: 1->1(43)
[25.824s][info][gc,heap        ] GC(85) Old regions: 33->33
[25.824s][info][gc,heap        ] GC(85) Archive regions: 0->0
[25.824s][info][gc,heap        ] GC(85) Humongous regions: 0->0
[25.824s][info][gc,metaspace   ] GC(85) Metaspace: 74189K(75904K)->74189K(75904K) NonClass: 58540K(59584K)->58540K(59584K) Class: 15649K(16320K)->15649K(16320K)
[25.824s][info][gc             ] GC(85) Pause Young (Normal) (G1 Evacuation Pause) 712M->38M(1128M) 2.431ms
[25.824s][info][gc,cpu         ] GC(85) User=0.00s Sys=0.00s Real=0.00s
[26.444s][info][gc,start       ] GC(86) Pause Young (Normal) (G1 Evacuation Pause)
[26.444s][info][gc,task        ] GC(86) Using 27 workers of 33 for evacuation
[26.446s][info][gc,phases      ] GC(86)   Pre Evacuate Collection Set: 0.2ms
[26.446s][info][gc,phases      ] GC(86)   Merge Heap Roots: 0.1ms
[26.446s][info][gc,phases      ] GC(86)   Evacuate Collection Set: 0.7ms
[26.446s][info][gc,phases      ] GC(86)   Post Evacuate Collection Set: 0.6ms
[26.446s][info][gc,phases      ] GC(86)   Other: 0.1ms
[26.446s][info][gc,heap        ] GC(86) Eden regions: 337->0(337)
[26.446s][info][gc,heap        ] GC(86) Survivor regions: 1->1(43)
[26.446s][info][gc,heap        ] GC(86) Old regions: 33->33
[26.446s][info][gc,heap        ] GC(86) Archive regions: 0->0
[26.446s][info][gc,heap        ] GC(86) Humongous regions: 0->0
[26.446s][info][gc,metaspace   ] GC(86) Metaspace: 74189K(75904K)->74189K(75904K) NonClass: 58540K(59584K)->58540K(59584K) Class: 15649K(16320K)->15649K(16320K)
[26.446s][info][gc             ] GC(86) Pause Young (Normal) (G1 Evacuation Pause) 712M->38M(1128M) 2.160ms
[26.446s][info][gc,cpu         ] GC(86) User=0.00s Sys=0.00s Real=0.00s
[27.084s][info][gc,start       ] GC(87) Pause Full (System.gc())
[27.084s][info][gc,task        ] GC(87) Using 27 workers of 33 for full compaction
[27.086s][info][gc,phases,start] GC(87) Phase 1: Mark live objects
[27.131s][info][gc,phases      ] GC(87) Phase 1: Mark live objects 45.522ms
[27.131s][info][gc,phases,start] GC(87) Phase 2: Prepare compaction
[27.136s][info][gc,phases      ] GC(87) Phase 2: Prepare compaction 4.899ms
[27.136s][info][gc,phases,start] GC(87) Phase 3: Adjust pointers
[27.147s][info][gc,phases      ] GC(87) Phase 3: Adjust pointers 11.441ms
[27.148s][info][gc,phases,start] GC(87) Phase 4: Compact heap
[27.149s][info][gc,phases      ] GC(87) Phase 4: Compact heap 1.385ms
[27.163s][info][gc,heap        ] GC(87) Eden regions: 272->0(66)
[27.163s][info][gc,heap        ] GC(87) Survivor regions: 1->0(43)
[27.163s][info][gc,heap        ] GC(87) Old regions: 33->33
[27.163s][info][gc,heap        ] GC(87) Archive regions: 0->0
[27.163s][info][gc,heap        ] GC(87) Humongous regions: 0->0
[27.163s][info][gc,metaspace   ] GC(87) Metaspace: 74228K(75904K)->74215K(75904K) NonClass: 58578K(59584K)->58568K(59584K) Class: 15650K(16320K)->15646K(16320K)
[27.163s][info][gc             ] GC(87) Pause Full (System.gc()) 581M->35M(220M) 79.033ms
[27.163s][info][gc,cpu         ] GC(87) User=1.33s Sys=0.64s Real=0.08s
[27.237s][info][gc,start       ] GC(88) Pause Young (Normal) (G1 Evacuation Pause)
[27.237s][info][gc,task        ] GC(88) Using 33 workers of 33 for evacuation
[27.239s][info][gc,phases      ] GC(88)   Pre Evacuate Collection Set: 0.2ms
[27.239s][info][gc,phases      ] GC(88)   Merge Heap Roots: 0.2ms
[27.239s][info][gc,phases      ] GC(88)   Evacuate Collection Set: 1.3ms
[27.239s][info][gc,phases      ] GC(88)   Post Evacuate Collection Set: 0.7ms
[27.239s][info][gc,phases      ] GC(88)   Other: 0.1ms
[27.239s][info][gc,heap        ] GC(88) Eden regions: 66->0(64)
[27.239s][info][gc,heap        ] GC(88) Survivor regions: 0->2(9)
[27.239s][info][gc,heap        ] GC(88) Old regions: 33->33
[27.239s][info][gc,heap        ] GC(88) Archive regions: 0->0
[27.239s][info][gc,heap        ] GC(88) Humongous regions: 0->0
[27.239s][info][gc,metaspace   ] GC(88) Metaspace: 74318K(75904K)->74318K(75904K) NonClass: 58671K(59584K)->58671K(59584K) Class: 15646K(16320K)->15646K(16320K)
[27.240s][info][gc             ] GC(88) Pause Young (Normal) (G1 Evacuation Pause) 167M->39M(220M) 2.687ms
[27.240s][info][gc,cpu         ] GC(88) User=0.00s Sys=0.00s Real=0.00s
[27.275s][info][gc,start       ] GC(89) Pause Young (Normal) (G1 Evacuation Pause)
[27.275s][info][gc,task        ] GC(89) Using 33 workers of 33 for evacuation
[27.278s][info][gc,phases      ] GC(89)   Pre Evacuate Collection Set: 0.2ms
[27.278s][info][gc,phases      ] GC(89)   Merge Heap Roots: 0.1ms
[27.278s][info][gc,phases      ] GC(89)   Evacuate Collection Set: 1.2ms
[27.278s][info][gc,phases      ] GC(89)   Post Evacuate Collection Set: 0.6ms
[27.278s][info][gc,phases      ] GC(89)   Other: 0.1ms
[27.278s][info][gc,heap        ] GC(89) Eden regions: 64->0(64)
[27.278s][info][gc,heap        ] GC(89) Survivor regions: 2->2(9)
[27.278s][info][gc,heap        ] GC(89) Old regions: 33->33
[27.278s][info][gc,heap        ] GC(89) Archive regions: 0->0
[27.278s][info][gc,heap        ] GC(89) Humongous regions: 0->0
[27.278s][info][gc,metaspace   ] GC(89) Metaspace: 74318K(75904K)->74318K(75904K) NonClass: 58671K(59584K)->58671K(59584K) Class: 15646K(16320K)->15646K(16320K)
[27.278s][info][gc             ] GC(89) Pause Young (Normal) (G1 Evacuation Pause) 167M->39M(220M) 2.498ms
[27.278s][info][gc,cpu         ] GC(89) User=0.00s Sys=0.00s Real=0.00s
[27.313s][info][gc,start       ] GC(90) Pause Young (Normal) (G1 Evacuation Pause)
[27.313s][info][gc,task        ] GC(90) Using 33 workers of 33 for evacuation
[27.315s][info][gc,phases      ] GC(90)   Pre Evacuate Collection Set: 0.2ms
[27.315s][info][gc,phases      ] GC(90)   Merge Heap Roots: 0.1ms
[27.315s][info][gc,phases      ] GC(90)   Evacuate Collection Set: 1.2ms
[27.315s][info][gc,phases      ] GC(90)   Post Evacuate Collection Set: 0.6ms
[27.315s][info][gc,phases      ] GC(90)   Other: 0.1ms
[27.315s][info][gc,heap        ] GC(90) Eden regions: 64->0(64)
[27.315s][info][gc,heap        ] GC(90) Survivor regions: 2->2(9)
[27.315s][info][gc,heap        ] GC(90) Old regions: 33->33
[27.315s][info][gc,heap        ] GC(90) Archive regions: 0->0
[27.315s][info][gc,heap        ] GC(90) Humongous regions: 0->0
[27.315s][info][gc,metaspace   ] GC(90) Metaspace: 74318K(75904K)->74318K(75904K) NonClass: 58671K(59584K)->58671K(59584K) Class: 15646K(16320K)->15646K(16320K)
[27.315s][info][gc             ] GC(90) Pause Young (Normal) (G1 Evacuation Pause) 167M->39M(220M) 2.483ms
[27.315s][info][gc,cpu         ] GC(90) User=0.00s Sys=0.00s Real=0.00s
[27.349s][info][gc,start       ] GC(91) Pause Young (Normal) (G1 Evacuation Pause)
[27.349s][info][gc,task        ] GC(91) Using 33 workers of 33 for evacuation
[27.355s][info][gc,phases      ] GC(91)   Pre Evacuate Collection Set: 0.2ms
[27.355s][info][gc,phases      ] GC(91)   Merge Heap Roots: 0.2ms
[27.355s][info][gc,phases      ] GC(91)   Evacuate Collection Set: 1.2ms
[27.355s][info][gc,phases      ] GC(91)   Post Evacuate Collection Set: 3.8ms
[27.355s][info][gc,phases      ] GC(91)   Other: 0.1ms
[27.355s][info][gc,heap        ] GC(91) Eden regions: 64->0(338)
[27.355s][info][gc,heap        ] GC(91) Survivor regions: 2->2(9)
[27.355s][info][gc,heap        ] GC(91) Old regions: 33->33
[27.355s][info][gc,heap        ] GC(91) Archive regions: 0->0
[27.355s][info][gc,heap        ] GC(91) Humongous regions: 0->0
[27.355s][info][gc,metaspace   ] GC(91) Metaspace: 74318K(75904K)->74318K(75904K) NonClass: 58671K(59584K)->58671K(59584K) Class: 15646K(16320K)->15646K(16320K)
[27.355s][info][gc             ] GC(91) Pause Young (Normal) (G1 Evacuation Pause) 167M->39M(1134M) 5.700ms
[27.355s][info][gc,cpu         ] GC(91) User=0.02s Sys=0.00s Real=0.01s
[27.612s][info][gc,start       ] GC(92) Pause Young (Normal) (G1 Evacuation Pause)
[27.612s][info][gc,task        ] GC(92) Using 33 workers of 33 for evacuation
[27.616s][info][gc,phases      ] GC(92)   Pre Evacuate Collection Set: 0.2ms
[27.616s][info][gc,phases      ] GC(92)   Merge Heap Roots: 0.2ms
[27.616s][info][gc,phases      ] GC(92)   Evacuate Collection Set: 2.4ms
[27.616s][info][gc,phases      ] GC(92)   Post Evacuate Collection Set: 0.8ms
[27.616s][info][gc,phases      ] GC(92)   Other: 0.1ms
[27.616s][info][gc,heap        ] GC(92) Eden regions: 338->0(338)
[27.616s][info][gc,heap        ] GC(92) Survivor regions: 2->2(43)
[27.616s][info][gc,heap        ] GC(92) Old regions: 33->33
[27.616s][info][gc,heap        ] GC(92) Archive regions: 0->0
[27.616s][info][gc,heap        ] GC(92) Humongous regions: 0->0
[27.616s][info][gc,metaspace   ] GC(92) Metaspace: 74318K(75904K)->74318K(75904K) NonClass: 58671K(59584K)->58671K(59584K) Class: 15646K(16320K)->15646K(16320K)
[27.616s][info][gc             ] GC(92) Pause Young (Normal) (G1 Evacuation Pause) 715M->39M(1134M) 3.911ms
[27.616s][info][gc,cpu         ] GC(92) User=0.00s Sys=0.00s Real=0.00s
[27.790s][info][gc,start       ] GC(93) Pause Young (Normal) (G1 Evacuation Pause)
[27.790s][info][gc,task        ] GC(93) Using 33 workers of 33 for evacuation
[27.794s][info][gc,phases      ] GC(93)   Pre Evacuate Collection Set: 0.2ms
[27.794s][info][gc,phases      ] GC(93)   Merge Heap Roots: 0.2ms
[27.794s][info][gc,phases      ] GC(93)   Evacuate Collection Set: 2.7ms
[27.794s][info][gc,phases      ] GC(93)   Post Evacuate Collection Set: 0.8ms
[27.795s][info][gc,phases      ] GC(93)   Other: 0.1ms
[27.795s][info][gc,heap        ] GC(93) Eden regions: 338->0(338)
[27.795s][info][gc,heap        ] GC(93) Survivor regions: 2->2(43)
[27.795s][info][gc,heap        ] GC(93) Old regions: 33->33
[27.795s][info][gc,heap        ] GC(93) Archive regions: 0->0
[27.795s][info][gc,heap        ] GC(93) Humongous regions: 0->0
[27.795s][info][gc,metaspace   ] GC(93) Metaspace: 74318K(75904K)->74318K(75904K) NonClass: 58671K(59584K)->58671K(59584K) Class: 15646K(16320K)->15646K(16320K)
[27.795s][info][gc             ] GC(93) Pause Young (Normal) (G1 Evacuation Pause) 715M->39M(1134M) 4.249ms
[27.795s][info][gc,cpu         ] GC(93) User=0.02s Sys=0.00s Real=0.00s
[27.971s][info][gc,start       ] GC(94) Pause Young (Normal) (G1 Evacuation Pause)
[27.971s][info][gc,task        ] GC(94) Using 33 workers of 33 for evacuation
[27.973s][info][gc,phases      ] GC(94)   Pre Evacuate Collection Set: 0.2ms
[27.974s][info][gc,phases      ] GC(94)   Merge Heap Roots: 0.2ms
[27.974s][info][gc,phases      ] GC(94)   Evacuate Collection Set: 1.2ms
[27.974s][info][gc,phases      ] GC(94)   Post Evacuate Collection Set: 0.8ms
[27.974s][info][gc,phases      ] GC(94)   Other: 0.1ms
[27.974s][info][gc,heap        ] GC(94) Eden regions: 338->0(338)
[27.974s][info][gc,heap        ] GC(94) Survivor regions: 2->2(43)
[27.974s][info][gc,heap        ] GC(94) Old regions: 33->33
[27.974s][info][gc,heap        ] GC(94) Archive regions: 0->0
[27.974s][info][gc,heap        ] GC(94) Humongous regions: 0->0
[27.974s][info][gc,metaspace   ] GC(94) Metaspace: 74318K(75904K)->74318K(75904K) NonClass: 58671K(59584K)->58671K(59584K) Class: 15646K(16320K)->15646K(16320K)
[27.974s][info][gc             ] GC(94) Pause Young (Normal) (G1 Evacuation Pause) 715M->39M(1134M) 2.673ms
[27.974s][info][gc,cpu         ] GC(94) User=0.00s Sys=0.00s Real=0.00s
[28.149s][info][gc,start       ] GC(95) Pause Young (Normal) (G1 Evacuation Pause)
[28.149s][info][gc,task        ] GC(95) Using 33 workers of 33 for evacuation
[28.152s][info][gc,phases      ] GC(95)   Pre Evacuate Collection Set: 0.2ms
[28.152s][info][gc,phases      ] GC(95)   Merge Heap Roots: 0.2ms
[28.152s][info][gc,phases      ] GC(95)   Evacuate Collection Set: 1.2ms
[28.152s][info][gc,phases      ] GC(95)   Post Evacuate Collection Set: 0.8ms
[28.152s][info][gc,phases      ] GC(95)   Other: 0.1ms
[28.152s][info][gc,heap        ] GC(95) Eden regions: 338->0(338)
[28.152s][info][gc,heap        ] GC(95) Survivor regions: 2->2(43)
[28.152s][info][gc,heap        ] GC(95) Old regions: 33->33
[28.152s][info][gc,heap        ] GC(95) Archive regions: 0->0
[28.152s][info][gc,heap        ] GC(95) Humongous regions: 0->0
[28.152s][info][gc,metaspace   ] GC(95) Metaspace: 74318K(75904K)->74318K(75904K) NonClass: 58671K(59584K)->58671K(59584K) Class: 15646K(16320K)->15646K(16320K)
[28.152s][info][gc             ] GC(95) Pause Young (Normal) (G1 Evacuation Pause) 715M->39M(1134M) 2.721ms
[28.152s][info][gc,cpu         ] GC(95) User=0.00s Sys=0.34s Real=0.00s
[28.328s][info][gc,start       ] GC(96) Pause Young (Normal) (G1 Evacuation Pause)
[28.328s][info][gc,task        ] GC(96) Using 33 workers of 33 for evacuation
[28.330s][info][gc,phases      ] GC(96)   Pre Evacuate Collection Set: 0.2ms
[28.330s][info][gc,phases      ] GC(96)   Merge Heap Roots: 0.2ms
[28.330s][info][gc,phases      ] GC(96)   Evacuate Collection Set: 1.2ms
[28.330s][info][gc,phases      ] GC(96)   Post Evacuate Collection Set: 0.8ms
[28.330s][info][gc,phases      ] GC(96)   Other: 0.1ms
[28.330s][info][gc,heap        ] GC(96) Eden regions: 338->0(338)
[28.330s][info][gc,heap        ] GC(96) Survivor regions: 2->2(43)
[28.330s][info][gc,heap        ] GC(96) Old regions: 33->33
[28.330s][info][gc,heap        ] GC(96) Archive regions: 0->0
[28.330s][info][gc,heap        ] GC(96) Humongous regions: 0->0
[28.330s][info][gc,metaspace   ] GC(96) Metaspace: 74318K(75904K)->74318K(75904K) NonClass: 58671K(59584K)->58671K(59584K) Class: 15646K(16320K)->15646K(16320K)
[28.330s][info][gc             ] GC(96) Pause Young (Normal) (G1 Evacuation Pause) 715M->39M(1134M) 2.744ms
[28.330s][info][gc,cpu         ] GC(96) User=0.00s Sys=0.00s Real=0.00s
[28.505s][info][gc,start       ] GC(97) Pause Young (Normal) (G1 Evacuation Pause)
[28.505s][info][gc,task        ] GC(97) Using 33 workers of 33 for evacuation
[28.508s][info][gc,phases      ] GC(97)   Pre Evacuate Collection Set: 0.2ms
[28.508s][info][gc,phases      ] GC(97)   Merge Heap Roots: 0.2ms
[28.508s][info][gc,phases      ] GC(97)   Evacuate Collection Set: 1.2ms
[28.508s][info][gc,phases      ] GC(97)   Post Evacuate Collection Set: 0.7ms
[28.508s][info][gc,phases      ] GC(97)   Other: 0.1ms
[28.508s][info][gc,heap        ] GC(97) Eden regions: 338->0(338)
[28.508s][info][gc,heap        ] GC(97) Survivor regions: 2->2(43)
[28.508s][info][gc,heap        ] GC(97) Old regions: 33->33
[28.508s][info][gc,heap        ] GC(97) Archive regions: 0->0
[28.508s][info][gc,heap        ] GC(97) Humongous regions: 0->0
[28.508s][info][gc,metaspace   ] GC(97) Metaspace: 74318K(75904K)->74318K(75904K) NonClass: 58671K(59584K)->58671K(59584K) Class: 15646K(16320K)->15646K(16320K)
[28.508s][info][gc             ] GC(97) Pause Young (Normal) (G1 Evacuation Pause) 715M->39M(1134M) 2.768ms
[28.508s][info][gc,cpu         ] GC(97) User=0.00s Sys=0.00s Real=0.00s
[28.681s][info][gc,start       ] GC(98) Pause Young (Normal) (G1 Evacuation Pause)
[28.682s][info][gc,task        ] GC(98) Using 33 workers of 33 for evacuation
[28.684s][info][gc,phases      ] GC(98)   Pre Evacuate Collection Set: 0.2ms
[28.684s][info][gc,phases      ] GC(98)   Merge Heap Roots: 0.2ms
[28.684s][info][gc,phases      ] GC(98)   Evacuate Collection Set: 1.2ms
[28.684s][info][gc,phases      ] GC(98)   Post Evacuate Collection Set: 0.7ms
[28.684s][info][gc,phases      ] GC(98)   Other: 0.1ms
[28.684s][info][gc,heap        ] GC(98) Eden regions: 338->0(338)
[28.684s][info][gc,heap        ] GC(98) Survivor regions: 2->2(43)
[28.684s][info][gc,heap        ] GC(98) Old regions: 33->33
[28.684s][info][gc,heap        ] GC(98) Archive regions: 0->0
[28.684s][info][gc,heap        ] GC(98) Humongous regions: 0->0
[28.684s][info][gc,metaspace   ] GC(98) Metaspace: 74318K(75904K)->74318K(75904K) NonClass: 58671K(59584K)->58671K(59584K) Class: 15646K(16320K)->15646K(16320K)
[28.684s][info][gc             ] GC(98) Pause Young (Normal) (G1 Evacuation Pause) 715M->39M(1134M) 2.676ms
[28.684s][info][gc,cpu         ] GC(98) User=0.00s Sys=0.00s Real=0.00s
[28.858s][info][gc,start       ] GC(99) Pause Young (Normal) (G1 Evacuation Pause)
[28.858s][info][gc,task        ] GC(99) Using 33 workers of 33 for evacuation
[28.860s][info][gc,phases      ] GC(99)   Pre Evacuate Collection Set: 0.2ms
[28.860s][info][gc,phases      ] GC(99)   Merge Heap Roots: 0.2ms
[28.860s][info][gc,phases      ] GC(99)   Evacuate Collection Set: 1.2ms
[28.860s][info][gc,phases      ] GC(99)   Post Evacuate Collection Set: 0.7ms
[28.860s][info][gc,phases      ] GC(99)   Other: 0.1ms
[28.860s][info][gc,heap        ] GC(99) Eden regions: 338->0(338)
[28.860s][info][gc,heap        ] GC(99) Survivor regions: 2->2(43)
[28.860s][info][gc,heap        ] GC(99) Old regions: 33->33
[28.860s][info][gc,heap        ] GC(99) Archive regions: 0->0
[28.860s][info][gc,heap        ] GC(99) Humongous regions: 0->0
[28.860s][info][gc,metaspace   ] GC(99) Metaspace: 74318K(75904K)->74318K(75904K) NonClass: 58671K(59584K)->58671K(59584K) Class: 15646K(16320K)->15646K(16320K)
[28.860s][info][gc             ] GC(99) Pause Young (Normal) (G1 Evacuation Pause) 715M->39M(1134M) 2.704ms
[28.860s][info][gc,cpu         ] GC(99) User=0.00s Sys=0.00s Real=0.00s
[29.037s][info][gc,start       ] GC(100) Pause Young (Normal) (G1 Evacuation Pause)
[29.037s][info][gc,task        ] GC(100) Using 33 workers of 33 for evacuation
[29.039s][info][gc,phases      ] GC(100)   Pre Evacuate Collection Set: 0.2ms
[29.039s][info][gc,phases      ] GC(100)   Merge Heap Roots: 0.2ms
[29.039s][info][gc,phases      ] GC(100)   Evacuate Collection Set: 1.2ms
[29.039s][info][gc,phases      ] GC(100)   Post Evacuate Collection Set: 0.8ms
[29.039s][info][gc,phases      ] GC(100)   Other: 0.1ms
[29.039s][info][gc,heap        ] GC(100) Eden regions: 338->0(338)
[29.039s][info][gc,heap        ] GC(100) Survivor regions: 2->2(43)
[29.039s][info][gc,heap        ] GC(100) Old regions: 33->33
[29.039s][info][gc,heap        ] GC(100) Archive regions: 0->0
[29.039s][info][gc,heap        ] GC(100) Humongous regions: 0->0
[29.039s][info][gc,metaspace   ] GC(100) Metaspace: 74324K(75968K)->74324K(75968K) NonClass: 58677K(59648K)->58677K(59648K) Class: 15646K(16320K)->15646K(16320K)
[29.039s][info][gc             ] GC(100) Pause Young (Normal) (G1 Evacuation Pause) 715M->39M(1134M) 2.789ms
[29.039s][info][gc,cpu         ] GC(100) User=0.00s Sys=0.00s Real=0.00s
[29.216s][info][gc,start       ] GC(101) Pause Young (Normal) (G1 Evacuation Pause)
[29.217s][info][gc,task        ] GC(101) Using 33 workers of 33 for evacuation
[29.219s][info][gc,phases      ] GC(101)   Pre Evacuate Collection Set: 0.2ms
[29.219s][info][gc,phases      ] GC(101)   Merge Heap Roots: 0.2ms
[29.219s][info][gc,phases      ] GC(101)   Evacuate Collection Set: 1.4ms
[29.219s][info][gc,phases      ] GC(101)   Post Evacuate Collection Set: 0.8ms
[29.219s][info][gc,phases      ] GC(101)   Other: 0.1ms
[29.219s][info][gc,heap        ] GC(101) Eden regions: 338->0(338)
[29.219s][info][gc,heap        ] GC(101) Survivor regions: 2->2(43)
[29.219s][info][gc,heap        ] GC(101) Old regions: 33->33
[29.219s][info][gc,heap        ] GC(101) Archive regions: 0->0
[29.219s][info][gc,heap        ] GC(101) Humongous regions: 0->0
[29.219s][info][gc,metaspace   ] GC(101) Metaspace: 74324K(75968K)->74324K(75968K) NonClass: 58677K(59648K)->58677K(59648K) Class: 15646K(16320K)->15646K(16320K)
[29.219s][info][gc             ] GC(101) Pause Young (Normal) (G1 Evacuation Pause) 715M->39M(1134M) 2.924ms
[29.219s][info][gc,cpu         ] GC(101) User=0.00s Sys=0.00s Real=0.00s
[29.396s][info][gc,start       ] GC(102) Pause Young (Normal) (G1 Evacuation Pause)
[29.396s][info][gc,task        ] GC(102) Using 33 workers of 33 for evacuation
[29.398s][info][gc,phases      ] GC(102)   Pre Evacuate Collection Set: 0.2ms
[29.398s][info][gc,phases      ] GC(102)   Merge Heap Roots: 0.2ms
[29.398s][info][gc,phases      ] GC(102)   Evacuate Collection Set: 1.2ms
[29.398s][info][gc,phases      ] GC(102)   Post Evacuate Collection Set: 0.7ms
[29.398s][info][gc,phases      ] GC(102)   Other: 0.1ms
[29.398s][info][gc,heap        ] GC(102) Eden regions: 338->0(338)
[29.398s][info][gc,heap        ] GC(102) Survivor regions: 2->2(43)
[29.398s][info][gc,heap        ] GC(102) Old regions: 33->33
[29.398s][info][gc,heap        ] GC(102) Archive regions: 0->0
[29.398s][info][gc,heap        ] GC(102) Humongous regions: 0->0
[29.398s][info][gc,metaspace   ] GC(102) Metaspace: 74324K(75968K)->74324K(75968K) NonClass: 58677K(59648K)->58677K(59648K) Class: 15646K(16320K)->15646K(16320K)
[29.398s][info][gc             ] GC(102) Pause Young (Normal) (G1 Evacuation Pause) 715M->39M(1134M) 2.712ms
[29.398s][info][gc,cpu         ] GC(102) User=0.00s Sys=0.00s Real=0.00s
[29.573s][info][gc,start       ] GC(103) Pause Young (Normal) (G1 Evacuation Pause)
[29.574s][info][gc,task        ] GC(103) Using 33 workers of 33 for evacuation
[29.576s][info][gc,phases      ] GC(103)   Pre Evacuate Collection Set: 0.2ms
[29.576s][info][gc,phases      ] GC(103)   Merge Heap Roots: 0.2ms
[29.576s][info][gc,phases      ] GC(103)   Evacuate Collection Set: 1.3ms
[29.576s][info][gc,phases      ] GC(103)   Post Evacuate Collection Set: 0.6ms
[29.576s][info][gc,phases      ] GC(103)   Other: 0.1ms
[29.576s][info][gc,heap        ] GC(103) Eden regions: 338->0(339)
[29.576s][info][gc,heap        ] GC(103) Survivor regions: 2->1(43)
[29.576s][info][gc,heap        ] GC(103) Old regions: 33->35
[29.576s][info][gc,heap        ] GC(103) Archive regions: 0->0
[29.576s][info][gc,heap        ] GC(103) Humongous regions: 0->0
[29.576s][info][gc,metaspace   ] GC(103) Metaspace: 74324K(75968K)->74324K(75968K) NonClass: 58677K(59648K)->58677K(59648K) Class: 15646K(16320K)->15646K(16320K)
[29.576s][info][gc             ] GC(103) Pause Young (Normal) (G1 Evacuation Pause) 715M->39M(1134M) 2.605ms
[29.576s][info][gc,cpu         ] GC(103) User=0.00s Sys=0.00s Real=0.00s
[29.751s][info][gc,start       ] GC(104) Pause Young (Normal) (G1 Evacuation Pause)
[29.751s][info][gc,task        ] GC(104) Using 33 workers of 33 for evacuation
[29.753s][info][gc,phases      ] GC(104)   Pre Evacuate Collection Set: 0.2ms
[29.753s][info][gc,phases      ] GC(104)   Merge Heap Roots: 0.2ms
[29.753s][info][gc,phases      ] GC(104)   Evacuate Collection Set: 0.9ms
[29.753s][info][gc,phases      ] GC(104)   Post Evacuate Collection Set: 0.6ms
[29.753s][info][gc,phases      ] GC(104)   Other: 0.1ms
[29.753s][info][gc,heap        ] GC(104) Eden regions: 339->0(339)
[29.753s][info][gc,heap        ] GC(104) Survivor regions: 1->1(43)
[29.753s][info][gc,heap        ] GC(104) Old regions: 35->35
[29.753s][info][gc,heap        ] GC(104) Archive regions: 0->0
[29.753s][info][gc,heap        ] GC(104) Humongous regions: 0->0
[29.753s][info][gc,metaspace   ] GC(104) Metaspace: 74324K(75968K)->74324K(75968K) NonClass: 58677K(59648K)->58677K(59648K) Class: 15646K(16320K)->15646K(16320K)
[29.753s][info][gc             ] GC(104) Pause Young (Normal) (G1 Evacuation Pause) 717M->39M(1134M) 2.234ms
[29.753s][info][gc,cpu         ] GC(104) User=0.00s Sys=0.00s Real=0.00s
[29.928s][info][gc,start       ] GC(105) Pause Young (Normal) (G1 Evacuation Pause)
[29.929s][info][gc,task        ] GC(105) Using 33 workers of 33 for evacuation
[29.931s][info][gc,phases      ] GC(105)   Pre Evacuate Collection Set: 0.2ms
[29.931s][info][gc,phases      ] GC(105)   Merge Heap Roots: 0.2ms
[29.931s][info][gc,phases      ] GC(105)   Evacuate Collection Set: 0.8ms
[29.931s][info][gc,phases      ] GC(105)   Post Evacuate Collection Set: 0.6ms
[29.931s][info][gc,phases      ] GC(105)   Other: 0.1ms
[29.931s][info][gc,heap        ] GC(105) Eden regions: 339->0(339)
[29.931s][info][gc,heap        ] GC(105) Survivor regions: 1->1(43)
[29.931s][info][gc,heap        ] GC(105) Old regions: 35->35
[29.931s][info][gc,heap        ] GC(105) Archive regions: 0->0
[29.931s][info][gc,heap        ] GC(105) Humongous regions: 0->0
[29.931s][info][gc,metaspace   ] GC(105) Metaspace: 74324K(75968K)->74324K(75968K) NonClass: 58677K(59648K)->58677K(59648K) Class: 15646K(16320K)->15646K(16320K)
[29.931s][info][gc             ] GC(105) Pause Young (Normal) (G1 Evacuation Pause) 717M->39M(1134M) 2.188ms
[29.931s][info][gc,cpu         ] GC(105) User=0.00s Sys=0.00s Real=0.00s
[30.111s][info][gc,start       ] GC(106) Pause Young (Normal) (G1 Evacuation Pause)
[30.111s][info][gc,task        ] GC(106) Using 33 workers of 33 for evacuation
[30.113s][info][gc,phases      ] GC(106)   Pre Evacuate Collection Set: 0.2ms
[30.113s][info][gc,phases      ] GC(106)   Merge Heap Roots: 0.2ms
[30.113s][info][gc,phases      ] GC(106)   Evacuate Collection Set: 0.9ms
[30.113s][info][gc,phases      ] GC(106)   Post Evacuate Collection Set: 0.5ms
[30.113s][info][gc,phases      ] GC(106)   Other: 0.1ms
[30.113s][info][gc,heap        ] GC(106) Eden regions: 339->0(339)
[30.113s][info][gc,heap        ] GC(106) Survivor regions: 1->1(43)
[30.113s][info][gc,heap        ] GC(106) Old regions: 35->35
[30.113s][info][gc,heap        ] GC(106) Archive regions: 0->0
[30.113s][info][gc,heap        ] GC(106) Humongous regions: 0->0
[30.113s][info][gc,metaspace   ] GC(106) Metaspace: 74324K(75968K)->74324K(75968K) NonClass: 58677K(59648K)->58677K(59648K) Class: 15646K(16320K)->15646K(16320K)
[30.113s][info][gc             ] GC(106) Pause Young (Normal) (G1 Evacuation Pause) 717M->39M(1134M) 2.201ms
[30.113s][info][gc,cpu         ] GC(106) User=0.00s Sys=0.00s Real=0.00s
[30.308s][info][gc,start       ] GC(107) Pause Young (Normal) (G1 Evacuation Pause)
[30.308s][info][gc,task        ] GC(107) Using 33 workers of 33 for evacuation
[30.310s][info][gc,phases      ] GC(107)   Pre Evacuate Collection Set: 0.2ms
[30.310s][info][gc,phases      ] GC(107)   Merge Heap Roots: 0.2ms
[30.310s][info][gc,phases      ] GC(107)   Evacuate Collection Set: 0.9ms
[30.310s][info][gc,phases      ] GC(107)   Post Evacuate Collection Set: 0.6ms
[30.310s][info][gc,phases      ] GC(107)   Other: 0.1ms
[30.310s][info][gc,heap        ] GC(107) Eden regions: 339->0(339)
[30.310s][info][gc,heap        ] GC(107) Survivor regions: 1->1(43)
[30.310s][info][gc,heap        ] GC(107) Old regions: 35->35
[30.310s][info][gc,heap        ] GC(107) Archive regions: 0->0
[30.310s][info][gc,heap        ] GC(107) Humongous regions: 0->0
[30.310s][info][gc,metaspace   ] GC(107) Metaspace: 74324K(75968K)->74324K(75968K) NonClass: 58677K(59648K)->58677K(59648K) Class: 15646K(16320K)->15646K(16320K)
[30.310s][info][gc             ] GC(107) Pause Young (Normal) (G1 Evacuation Pause) 717M->39M(1134M) 2.188ms
[30.310s][info][gc,cpu         ] GC(107) User=0.00s Sys=0.00s Real=0.00s
[30.485s][info][gc,start       ] GC(108) Pause Young (Normal) (G1 Evacuation Pause)
[30.485s][info][gc,task        ] GC(108) Using 33 workers of 33 for evacuation
[30.487s][info][gc,phases      ] GC(108)   Pre Evacuate Collection Set: 0.2ms
[30.487s][info][gc,phases      ] GC(108)   Merge Heap Roots: 0.2ms
[30.487s][info][gc,phases      ] GC(108)   Evacuate Collection Set: 0.9ms
[30.487s][info][gc,phases      ] GC(108)   Post Evacuate Collection Set: 0.6ms
[30.487s][info][gc,phases      ] GC(108)   Other: 0.1ms
[30.487s][info][gc,heap        ] GC(108) Eden regions: 339->0(339)
[30.487s][info][gc,heap        ] GC(108) Survivor regions: 1->1(43)
[30.487s][info][gc,heap        ] GC(108) Old regions: 35->35
[30.487s][info][gc,heap        ] GC(108) Archive regions: 0->0
[30.487s][info][gc,heap        ] GC(108) Humongous regions: 0->0
[30.487s][info][gc,metaspace   ] GC(108) Metaspace: 74324K(75968K)->74324K(75968K) NonClass: 58677K(59648K)->58677K(59648K) Class: 15646K(16320K)->15646K(16320K)
[30.487s][info][gc             ] GC(108) Pause Young (Normal) (G1 Evacuation Pause) 717M->39M(1134M) 2.374ms
[30.487s][info][gc,cpu         ] GC(108) User=0.00s Sys=0.00s Real=0.00s
[30.669s][info][gc,start       ] GC(109) Pause Young (Normal) (G1 Evacuation Pause)
[30.669s][info][gc,task        ] GC(109) Using 33 workers of 33 for evacuation
[30.671s][info][gc,phases      ] GC(109)   Pre Evacuate Collection Set: 0.2ms
[30.671s][info][gc,phases      ] GC(109)   Merge Heap Roots: 0.2ms
[30.671s][info][gc,phases      ] GC(109)   Evacuate Collection Set: 0.9ms
[30.672s][info][gc,phases      ] GC(109)   Post Evacuate Collection Set: 0.6ms
[30.672s][info][gc,phases      ] GC(109)   Other: 0.1ms
[30.672s][info][gc,heap        ] GC(109) Eden regions: 339->0(339)
[30.672s][info][gc,heap        ] GC(109) Survivor regions: 1->1(43)
[30.672s][info][gc,heap        ] GC(109) Old regions: 35->35
[30.672s][info][gc,heap        ] GC(109) Archive regions: 0->0
[30.672s][info][gc,heap        ] GC(109) Humongous regions: 0->0
[30.672s][info][gc,metaspace   ] GC(109) Metaspace: 74324K(75968K)->74324K(75968K) NonClass: 58677K(59648K)->58677K(59648K) Class: 15646K(16320K)->15646K(16320K)
[30.672s][info][gc             ] GC(109) Pause Young (Normal) (G1 Evacuation Pause) 717M->39M(1134M) 2.282ms
[30.672s][info][gc,cpu         ] GC(109) User=0.00s Sys=0.00s Real=0.00s
[30.872s][info][gc,start       ] GC(110) Pause Young (Normal) (G1 Evacuation Pause)
[30.872s][info][gc,task        ] GC(110) Using 33 workers of 33 for evacuation
[30.874s][info][gc,phases      ] GC(110)   Pre Evacuate Collection Set: 0.2ms
[30.874s][info][gc,phases      ] GC(110)   Merge Heap Roots: 0.2ms
[30.874s][info][gc,phases      ] GC(110)   Evacuate Collection Set: 0.9ms
[30.874s][info][gc,phases      ] GC(110)   Post Evacuate Collection Set: 0.6ms
[30.874s][info][gc,phases      ] GC(110)   Other: 0.1ms
[30.874s][info][gc,heap        ] GC(110) Eden regions: 339->0(339)
[30.874s][info][gc,heap        ] GC(110) Survivor regions: 1->1(43)
[30.874s][info][gc,heap        ] GC(110) Old regions: 35->35
[30.874s][info][gc,heap        ] GC(110) Archive regions: 0->0
[30.874s][info][gc,heap        ] GC(110) Humongous regions: 0->0
[30.874s][info][gc,metaspace   ] GC(110) Metaspace: 74324K(75968K)->74324K(75968K) NonClass: 58677K(59648K)->58677K(59648K) Class: 15646K(16320K)->15646K(16320K)
[30.874s][info][gc             ] GC(110) Pause Young (Normal) (G1 Evacuation Pause) 717M->39M(1134M) 2.194ms
[30.874s][info][gc,cpu         ] GC(110) User=0.00s Sys=0.00s Real=0.00s
[31.051s][info][gc,start       ] GC(111) Pause Young (Normal) (G1 Evacuation Pause)
[31.051s][info][gc,task        ] GC(111) Using 33 workers of 33 for evacuation
[31.053s][info][gc,phases      ] GC(111)   Pre Evacuate Collection Set: 0.2ms
[31.053s][info][gc,phases      ] GC(111)   Merge Heap Roots: 0.2ms
[31.053s][info][gc,phases      ] GC(111)   Evacuate Collection Set: 0.9ms
[31.053s][info][gc,phases      ] GC(111)   Post Evacuate Collection Set: 0.5ms
[31.053s][info][gc,phases      ] GC(111)   Other: 0.1ms
[31.053s][info][gc,heap        ] GC(111) Eden regions: 339->0(339)
[31.053s][info][gc,heap        ] GC(111) Survivor regions: 1->1(43)
[31.053s][info][gc,heap        ] GC(111) Old regions: 35->35
[31.053s][info][gc,heap        ] GC(111) Archive regions: 0->0
[31.053s][info][gc,heap        ] GC(111) Humongous regions: 0->0
[31.053s][info][gc,metaspace   ] GC(111) Metaspace: 74324K(75968K)->74324K(75968K) NonClass: 58677K(59648K)->58677K(59648K) Class: 15646K(16320K)->15646K(16320K)
[31.053s][info][gc             ] GC(111) Pause Young (Normal) (G1 Evacuation Pause) 717M->39M(1134M) 2.198ms
[31.053s][info][gc,cpu         ] GC(111) User=0.00s Sys=0.00s Real=0.00s
[31.229s][info][gc,start       ] GC(112) Pause Young (Normal) (G1 Evacuation Pause)
[31.229s][info][gc,task        ] GC(112) Using 33 workers of 33 for evacuation
[31.232s][info][gc,phases      ] GC(112)   Pre Evacuate Collection Set: 0.2ms
[31.232s][info][gc,phases      ] GC(112)   Merge Heap Roots: 0.2ms
[31.232s][info][gc,phases      ] GC(112)   Evacuate Collection Set: 0.9ms
[31.232s][info][gc,phases      ] GC(112)   Post Evacuate Collection Set: 0.5ms
[31.232s][info][gc,phases      ] GC(112)   Other: 0.2ms
[31.232s][info][gc,heap        ] GC(112) Eden regions: 339->0(339)
[31.232s][info][gc,heap        ] GC(112) Survivor regions: 1->1(43)
[31.232s][info][gc,heap        ] GC(112) Old regions: 35->35
[31.232s][info][gc,heap        ] GC(112) Archive regions: 0->0
[31.232s][info][gc,heap        ] GC(112) Humongous regions: 0->0
[31.232s][info][gc,metaspace   ] GC(112) Metaspace: 74324K(75968K)->74324K(75968K) NonClass: 58677K(59648K)->58677K(59648K) Class: 15646K(16320K)->15646K(16320K)
[31.232s][info][gc             ] GC(112) Pause Young (Normal) (G1 Evacuation Pause) 717M->39M(1134M) 2.345ms
[31.232s][info][gc,cpu         ] GC(112) User=0.00s Sys=0.00s Real=0.00s
[31.409s][info][gc,start       ] GC(113) Pause Young (Normal) (G1 Evacuation Pause)
[31.409s][info][gc,task        ] GC(113) Using 33 workers of 33 for evacuation
[31.411s][info][gc,phases      ] GC(113)   Pre Evacuate Collection Set: 0.2ms
[31.411s][info][gc,phases      ] GC(113)   Merge Heap Roots: 0.2ms
[31.411s][info][gc,phases      ] GC(113)   Evacuate Collection Set: 0.9ms
[31.411s][info][gc,phases      ] GC(113)   Post Evacuate Collection Set: 0.6ms
[31.411s][info][gc,phases      ] GC(113)   Other: 0.1ms
[31.411s][info][gc,heap        ] GC(113) Eden regions: 339->0(339)
[31.411s][info][gc,heap        ] GC(113) Survivor regions: 1->1(43)
[31.411s][info][gc,heap        ] GC(113) Old regions: 35->35
[31.411s][info][gc,heap        ] GC(113) Archive regions: 0->0
[31.411s][info][gc,heap        ] GC(113) Humongous regions: 0->0
[31.411s][info][gc,metaspace   ] GC(113) Metaspace: 74324K(75968K)->74324K(75968K) NonClass: 58678K(59648K)->58678K(59648K) Class: 15646K(16320K)->15646K(16320K)
[31.411s][info][gc             ] GC(113) Pause Young (Normal) (G1 Evacuation Pause) 717M->39M(1134M) 2.182ms
[31.411s][info][gc,cpu         ] GC(113) User=0.00s Sys=0.00s Real=0.00s
[31.586s][info][gc,start       ] GC(114) Pause Young (Normal) (G1 Evacuation Pause)
[31.586s][info][gc,task        ] GC(114) Using 33 workers of 33 for evacuation
[31.588s][info][gc,phases      ] GC(114)   Pre Evacuate Collection Set: 0.2ms
[31.588s][info][gc,phases      ] GC(114)   Merge Heap Roots: 0.2ms
[31.588s][info][gc,phases      ] GC(114)   Evacuate Collection Set: 0.9ms
[31.588s][info][gc,phases      ] GC(114)   Post Evacuate Collection Set: 0.6ms
[31.588s][info][gc,phases      ] GC(114)   Other: 0.1ms
[31.588s][info][gc,heap        ] GC(114) Eden regions: 339->0(339)
[31.588s][info][gc,heap        ] GC(114) Survivor regions: 1->1(43)
[31.588s][info][gc,heap        ] GC(114) Old regions: 35->35
[31.588s][info][gc,heap        ] GC(114) Archive regions: 0->0
[31.588s][info][gc,heap        ] GC(114) Humongous regions: 0->0
[31.588s][info][gc,metaspace   ] GC(114) Metaspace: 74324K(75968K)->74324K(75968K) NonClass: 58678K(59648K)->58678K(59648K) Class: 15646K(16320K)->15646K(16320K)
[31.588s][info][gc             ] GC(114) Pause Young (Normal) (G1 Evacuation Pause) 717M->39M(1134M) 2.191ms
[31.588s][info][gc,cpu         ] GC(114) User=0.09s Sys=0.06s Real=0.00s
[31.763s][info][gc,start       ] GC(115) Pause Young (Normal) (G1 Evacuation Pause)
[31.763s][info][gc,task        ] GC(115) Using 33 workers of 33 for evacuation
[31.765s][info][gc,phases      ] GC(115)   Pre Evacuate Collection Set: 0.2ms
[31.765s][info][gc,phases      ] GC(115)   Merge Heap Roots: 0.2ms
[31.765s][info][gc,phases      ] GC(115)   Evacuate Collection Set: 0.9ms
[31.765s][info][gc,phases      ] GC(115)   Post Evacuate Collection Set: 0.6ms
[31.765s][info][gc,phases      ] GC(115)   Other: 0.1ms
[31.765s][info][gc,heap        ] GC(115) Eden regions: 339->0(339)
[31.765s][info][gc,heap        ] GC(115) Survivor regions: 1->1(43)
[31.765s][info][gc,heap        ] GC(115) Old regions: 35->35
[31.765s][info][gc,heap        ] GC(115) Archive regions: 0->0
[31.765s][info][gc,heap        ] GC(115) Humongous regions: 0->0
[31.765s][info][gc,metaspace   ] GC(115) Metaspace: 74324K(75968K)->74324K(75968K) NonClass: 58678K(59648K)->58678K(59648K) Class: 15646K(16320K)->15646K(16320K)
[31.765s][info][gc             ] GC(115) Pause Young (Normal) (G1 Evacuation Pause) 717M->39M(1134M) 2.249ms
[31.765s][info][gc,cpu         ] GC(115) User=0.00s Sys=0.00s Real=0.00s
[31.941s][info][gc,start       ] GC(116) Pause Young (Normal) (G1 Evacuation Pause)
[31.941s][info][gc,task        ] GC(116) Using 33 workers of 33 for evacuation
[31.943s][info][gc,phases      ] GC(116)   Pre Evacuate Collection Set: 0.2ms
[31.943s][info][gc,phases      ] GC(116)   Merge Heap Roots: 0.2ms
[31.943s][info][gc,phases      ] GC(116)   Evacuate Collection Set: 0.9ms
[31.943s][info][gc,phases      ] GC(116)   Post Evacuate Collection Set: 0.6ms
[31.943s][info][gc,phases      ] GC(116)   Other: 0.1ms
[31.943s][info][gc,heap        ] GC(116) Eden regions: 339->0(339)
[31.943s][info][gc,heap        ] GC(116) Survivor regions: 1->1(43)
[31.943s][info][gc,heap        ] GC(116) Old regions: 35->35
[31.943s][info][gc,heap        ] GC(116) Archive regions: 0->0
[31.943s][info][gc,heap        ] GC(116) Humongous regions: 0->0
[31.943s][info][gc,metaspace   ] GC(116) Metaspace: 74324K(75968K)->74324K(75968K) NonClass: 58678K(59648K)->58678K(59648K) Class: 15646K(16320K)->15646K(16320K)
[31.943s][info][gc             ] GC(116) Pause Young (Normal) (G1 Evacuation Pause) 717M->39M(1134M) 2.210ms
[31.943s][info][gc,cpu         ] GC(116) User=0.00s Sys=0.00s Real=0.00s
[32.119s][info][gc,start       ] GC(117) Pause Young (Normal) (G1 Evacuation Pause)
[32.119s][info][gc,task        ] GC(117) Using 33 workers of 33 for evacuation
[32.122s][info][gc,phases      ] GC(117)   Pre Evacuate Collection Set: 0.2ms
[32.122s][info][gc,phases      ] GC(117)   Merge Heap Roots: 0.2ms
[32.122s][info][gc,phases      ] GC(117)   Evacuate Collection Set: 1.0ms
[32.122s][info][gc,phases      ] GC(117)   Post Evacuate Collection Set: 0.6ms
[32.122s][info][gc,phases      ] GC(117)   Other: 0.1ms
[32.122s][info][gc,heap        ] GC(117) Eden regions: 339->0(339)
[32.122s][info][gc,heap        ] GC(117) Survivor regions: 1->1(43)
[32.122s][info][gc,heap        ] GC(117) Old regions: 35->35
[32.122s][info][gc,heap        ] GC(117) Archive regions: 0->0
[32.122s][info][gc,heap        ] GC(117) Humongous regions: 0->0
[32.122s][info][gc,metaspace   ] GC(117) Metaspace: 74335K(75968K)->74335K(75968K) NonClass: 58688K(59648K)->58688K(59648K) Class: 15646K(16320K)->15646K(16320K)
[32.122s][info][gc             ] GC(117) Pause Young (Normal) (G1 Evacuation Pause) 717M->39M(1134M) 2.370ms
[32.122s][info][gc,cpu         ] GC(117) User=0.00s Sys=0.00s Real=0.00s
[32.301s][info][gc,start       ] GC(118) Pause Young (Normal) (G1 Evacuation Pause)
[32.301s][info][gc,task        ] GC(118) Using 33 workers of 33 for evacuation
[32.303s][info][gc,phases      ] GC(118)   Pre Evacuate Collection Set: 0.2ms
[32.303s][info][gc,phases      ] GC(118)   Merge Heap Roots: 0.2ms
[32.303s][info][gc,phases      ] GC(118)   Evacuate Collection Set: 0.9ms
[32.303s][info][gc,phases      ] GC(118)   Post Evacuate Collection Set: 0.6ms
[32.303s][info][gc,phases      ] GC(118)   Other: 0.1ms
[32.303s][info][gc,heap        ] GC(118) Eden regions: 339->0(339)
[32.303s][info][gc,heap        ] GC(118) Survivor regions: 1->1(43)
[32.303s][info][gc,heap        ] GC(118) Old regions: 35->35
[32.303s][info][gc,heap        ] GC(118) Archive regions: 0->0
[32.303s][info][gc,heap        ] GC(118) Humongous regions: 0->0
[32.303s][info][gc,metaspace   ] GC(118) Metaspace: 74347K(75968K)->74347K(75968K) NonClass: 58701K(59648K)->58701K(59648K) Class: 15646K(16320K)->15646K(16320K)
[32.303s][info][gc             ] GC(118) Pause Young (Normal) (G1 Evacuation Pause) 717M->39M(1134M) 2.265ms
[32.303s][info][gc,cpu         ] GC(118) User=0.00s Sys=0.00s Real=0.00s
[32.496s][info][gc,start       ] GC(119) Pause Young (Normal) (G1 Evacuation Pause)
[32.496s][info][gc,task        ] GC(119) Using 33 workers of 33 for evacuation
[32.498s][info][gc,phases      ] GC(119)   Pre Evacuate Collection Set: 0.2ms
[32.498s][info][gc,phases      ] GC(119)   Merge Heap Roots: 0.2ms
[32.498s][info][gc,phases      ] GC(119)   Evacuate Collection Set: 0.8ms
[32.498s][info][gc,phases      ] GC(119)   Post Evacuate Collection Set: 0.6ms
[32.498s][info][gc,phases      ] GC(119)   Other: 0.1ms
[32.498s][info][gc,heap        ] GC(119) Eden regions: 339->0(339)
[32.498s][info][gc,heap        ] GC(119) Survivor regions: 1->1(43)
[32.498s][info][gc,heap        ] GC(119) Old regions: 35->35
[32.498s][info][gc,heap        ] GC(119) Archive regions: 0->0
[32.498s][info][gc,heap        ] GC(119) Humongous regions: 0->0
[32.498s][info][gc,metaspace   ] GC(119) Metaspace: 74383K(75968K)->74383K(75968K) NonClass: 58737K(59648K)->58737K(59648K) Class: 15646K(16320K)->15646K(16320K)
[32.498s][info][gc             ] GC(119) Pause Young (Normal) (G1 Evacuation Pause) 717M->39M(1134M) 2.147ms
[32.498s][info][gc,cpu         ] GC(119) User=0.00s Sys=0.00s Real=0.00s
[32.718s][info][gc,start       ] GC(120) Pause Young (Normal) (G1 Evacuation Pause)
[32.719s][info][gc,task        ] GC(120) Using 33 workers of 33 for evacuation
[32.721s][info][gc,phases      ] GC(120)   Pre Evacuate Collection Set: 0.2ms
[32.721s][info][gc,phases      ] GC(120)   Merge Heap Roots: 0.2ms
[32.721s][info][gc,phases      ] GC(120)   Evacuate Collection Set: 0.8ms
[32.721s][info][gc,phases      ] GC(120)   Post Evacuate Collection Set: 0.6ms
[32.721s][info][gc,phases      ] GC(120)   Other: 0.1ms
[32.721s][info][gc,heap        ] GC(120) Eden regions: 339->0(339)
[32.721s][info][gc,heap        ] GC(120) Survivor regions: 1->1(43)
[32.721s][info][gc,heap        ] GC(120) Old regions: 35->35
[32.721s][info][gc,heap        ] GC(120) Archive regions: 0->0
[32.721s][info][gc,heap        ] GC(120) Humongous regions: 0->0
[32.721s][info][gc,metaspace   ] GC(120) Metaspace: 74402K(75968K)->74402K(75968K) NonClass: 58756K(59648K)->58756K(59648K) Class: 15646K(16320K)->15646K(16320K)
[32.721s][info][gc             ] GC(120) Pause Young (Normal) (G1 Evacuation Pause) 717M->39M(1134M) 2.432ms
[32.721s][info][gc,cpu         ] GC(120) User=0.00s Sys=0.00s Real=0.00s
[32.973s][info][gc,start       ] GC(121) Pause Young (Normal) (G1 Evacuation Pause)
[32.973s][info][gc,task        ] GC(121) Using 33 workers of 33 for evacuation
[32.975s][info][gc,phases      ] GC(121)   Pre Evacuate Collection Set: 0.2ms
[32.975s][info][gc,phases      ] GC(121)   Merge Heap Roots: 0.2ms
[32.975s][info][gc,phases      ] GC(121)   Evacuate Collection Set: 0.8ms
[32.975s][info][gc,phases      ] GC(121)   Post Evacuate Collection Set: 0.6ms
[32.975s][info][gc,phases      ] GC(121)   Other: 0.1ms
[32.975s][info][gc,heap        ] GC(121) Eden regions: 339->0(339)
[32.975s][info][gc,heap        ] GC(121) Survivor regions: 1->1(43)
[32.975s][info][gc,heap        ] GC(121) Old regions: 35->35
[32.975s][info][gc,heap        ] GC(121) Archive regions: 0->0
[32.975s][info][gc,heap        ] GC(121) Humongous regions: 0->0
[32.975s][info][gc,metaspace   ] GC(121) Metaspace: 74405K(75968K)->74405K(75968K) NonClass: 58759K(59648K)->58759K(59648K) Class: 15646K(16320K)->15646K(16320K)
[32.975s][info][gc             ] GC(121) Pause Young (Normal) (G1 Evacuation Pause) 717M->39M(1134M) 2.142ms
[32.975s][info][gc,cpu         ] GC(121) User=0.52s Sys=0.00s Real=0.01s
[33.301s][info][gc,start       ] GC(122) Pause Young (Normal) (G1 Evacuation Pause)
[33.301s][info][gc,task        ] GC(122) Using 30 workers of 33 for evacuation
[33.303s][info][gc,phases      ] GC(122)   Pre Evacuate Collection Set: 0.2ms
[33.303s][info][gc,phases      ] GC(122)   Merge Heap Roots: 0.2ms
[33.303s][info][gc,phases      ] GC(122)   Evacuate Collection Set: 0.8ms
[33.303s][info][gc,phases      ] GC(122)   Post Evacuate Collection Set: 0.6ms
[33.303s][info][gc,phases      ] GC(122)   Other: 0.1ms
[33.303s][info][gc,heap        ] GC(122) Eden regions: 339->0(339)
[33.303s][info][gc,heap        ] GC(122) Survivor regions: 1->1(43)
[33.303s][info][gc,heap        ] GC(122) Old regions: 35->35
[33.303s][info][gc,heap        ] GC(122) Archive regions: 0->0
[33.303s][info][gc,heap        ] GC(122) Humongous regions: 0->0
[33.303s][info][gc,metaspace   ] GC(122) Metaspace: 74427K(75968K)->74427K(75968K) NonClass: 58781K(59648K)->58781K(59648K) Class: 15646K(16320K)->15646K(16320K)
[33.303s][info][gc             ] GC(122) Pause Young (Normal) (G1 Evacuation Pause) 717M->39M(1134M) 2.069ms
[33.303s][info][gc,cpu         ] GC(122) User=0.00s Sys=0.00s Real=0.00s
[33.769s][info][gc,start       ] GC(123) Pause Young (Normal) (G1 Evacuation Pause)
[33.769s][info][gc,task        ] GC(123) Using 28 workers of 33 for evacuation
[33.771s][info][gc,phases      ] GC(123)   Pre Evacuate Collection Set: 0.2ms
[33.771s][info][gc,phases      ] GC(123)   Merge Heap Roots: 0.2ms
[33.771s][info][gc,phases      ] GC(123)   Evacuate Collection Set: 0.7ms
[33.771s][info][gc,phases      ] GC(123)   Post Evacuate Collection Set: 0.5ms
[33.771s][info][gc,phases      ] GC(123)   Other: 0.1ms
[33.771s][info][gc,heap        ] GC(123) Eden regions: 339->0(339)
[33.771s][info][gc,heap        ] GC(123) Survivor regions: 1->1(43)
[33.771s][info][gc,heap        ] GC(123) Old regions: 35->35
[33.771s][info][gc,heap        ] GC(123) Archive regions: 0->0
[33.771s][info][gc,heap        ] GC(123) Humongous regions: 0->0
[33.771s][info][gc,metaspace   ] GC(123) Metaspace: 74427K(75968K)->74427K(75968K) NonClass: 58781K(59648K)->58781K(59648K) Class: 15646K(16320K)->15646K(16320K)
[33.771s][info][gc             ] GC(123) Pause Young (Normal) (G1 Evacuation Pause) 717M->39M(1134M) 1.856ms
[33.771s][info][gc,cpu         ] GC(123) User=0.00s Sys=0.00s Real=0.00s
[34.255s][info][gc,start       ] GC(124) Pause Young (Normal) (G1 Evacuation Pause)
[34.255s][info][gc,task        ] GC(124) Using 27 workers of 33 for evacuation
[34.256s][info][gc,phases      ] GC(124)   Pre Evacuate Collection Set: 0.2ms
[34.257s][info][gc,phases      ] GC(124)   Merge Heap Roots: 0.1ms
[34.257s][info][gc,phases      ] GC(124)   Evacuate Collection Set: 0.8ms
[34.257s][info][gc,phases      ] GC(124)   Post Evacuate Collection Set: 0.5ms
[34.257s][info][gc,phases      ] GC(124)   Other: 0.1ms
[34.257s][info][gc,heap        ] GC(124) Eden regions: 339->0(339)
[34.257s][info][gc,heap        ] GC(124) Survivor regions: 1->1(43)
[34.257s][info][gc,heap        ] GC(124) Old regions: 35->35
[34.257s][info][gc,heap        ] GC(124) Archive regions: 0->0
[34.257s][info][gc,heap        ] GC(124) Humongous regions: 0->0
[34.257s][info][gc,metaspace   ] GC(124) Metaspace: 74427K(75968K)->74427K(75968K) NonClass: 58781K(59648K)->58781K(59648K) Class: 15646K(16320K)->15646K(16320K)
[34.257s][info][gc             ] GC(124) Pause Young (Normal) (G1 Evacuation Pause) 717M->39M(1134M) 1.932ms
[34.257s][info][gc,cpu         ] GC(124) User=0.00s Sys=0.00s Real=0.00s
[34.561s][info][gc,start       ] GC(125) Pause Full (System.gc())
[34.561s][info][gc,task        ] GC(125) Using 27 workers of 33 for full compaction
[34.562s][info][gc,phases,start] GC(125) Phase 1: Mark live objects
[34.592s][info][gc,phases      ] GC(125) Phase 1: Mark live objects 29.450ms
[34.592s][info][gc,phases,start] GC(125) Phase 2: Prepare compaction
[34.594s][info][gc,phases      ] GC(125) Phase 2: Prepare compaction 2.214ms
[34.594s][info][gc,phases,start] GC(125) Phase 3: Adjust pointers
[34.603s][info][gc,phases      ] GC(125) Phase 3: Adjust pointers 8.647ms
[34.603s][info][gc,phases,start] GC(125) Phase 4: Compact heap
[34.604s][info][gc,phases      ] GC(125) Phase 4: Compact heap 1.120ms
[34.618s][info][gc,heap        ] GC(125) Eden regions: 187->0(64)
[34.618s][info][gc,heap        ] GC(125) Survivor regions: 1->0(43)
[34.618s][info][gc,heap        ] GC(125) Old regions: 35->32
[34.618s][info][gc,heap        ] GC(125) Archive regions: 0->0
[34.618s][info][gc,heap        ] GC(125) Humongous regions: 0->0
[34.618s][info][gc,metaspace   ] GC(125) Metaspace: 74440K(75968K)->74440K(75968K) NonClass: 58794K(59648K)->58794K(59648K) Class: 15646K(16320K)->15646K(16320K)
[34.618s][info][gc             ] GC(125) Pause Full (System.gc()) 413M->35M(214M) 57.673ms
[34.618s][info][gc,cpu         ] GC(125) User=0.45s Sys=0.02s Real=0.06s
[34.681s][info][gc,start       ] GC(126) Pause Young (Normal) (G1 Evacuation Pause)
[34.681s][info][gc,task        ] GC(126) Using 33 workers of 33 for evacuation
[34.684s][info][gc,phases      ] GC(126)   Pre Evacuate Collection Set: 0.2ms
[34.684s][info][gc,phases      ] GC(126)   Merge Heap Roots: 0.2ms
[34.684s][info][gc,phases      ] GC(126)   Evacuate Collection Set: 1.4ms
[34.684s][info][gc,phases      ] GC(126)   Post Evacuate Collection Set: 0.7ms
[34.684s][info][gc,phases      ] GC(126)   Other: 0.1ms
[34.684s][info][gc,heap        ] GC(126) Eden regions: 64->0(62)
[34.684s][info][gc,heap        ] GC(126) Survivor regions: 0->2(8)
[34.684s][info][gc,heap        ] GC(126) Old regions: 32->32
[34.684s][info][gc,heap        ] GC(126) Archive regions: 0->0
[34.684s][info][gc,heap        ] GC(126) Humongous regions: 0->0
[34.684s][info][gc,metaspace   ] GC(126) Metaspace: 74542K(75968K)->74542K(75968K) NonClass: 58895K(59648K)->58895K(59648K) Class: 15646K(16320K)->15646K(16320K)
[34.684s][info][gc             ] GC(126) Pause Young (Normal) (G1 Evacuation Pause) 163M->39M(214M) 2.773ms
[34.684s][info][gc,cpu         ] GC(126) User=0.00s Sys=0.00s Real=0.00s
[34.717s][info][gc,start       ] GC(127) Pause Young (Normal) (G1 Evacuation Pause)
[34.717s][info][gc,task        ] GC(127) Using 33 workers of 33 for evacuation
[34.719s][info][gc,phases      ] GC(127)   Pre Evacuate Collection Set: 0.2ms
[34.719s][info][gc,phases      ] GC(127)   Merge Heap Roots: 0.2ms
[34.719s][info][gc,phases      ] GC(127)   Evacuate Collection Set: 1.2ms
[34.719s][info][gc,phases      ] GC(127)   Post Evacuate Collection Set: 0.6ms
[34.719s][info][gc,phases      ] GC(127)   Other: 0.1ms
[34.719s][info][gc,heap        ] GC(127) Eden regions: 62->0(62)
[34.719s][info][gc,heap        ] GC(127) Survivor regions: 2->2(8)
[34.719s][info][gc,heap        ] GC(127) Old regions: 32->32
[34.719s][info][gc,heap        ] GC(127) Archive regions: 0->0
[34.719s][info][gc,heap        ] GC(127) Humongous regions: 0->0
[34.719s][info][gc,metaspace   ] GC(127) Metaspace: 74542K(75968K)->74542K(75968K) NonClass: 58895K(59648K)->58895K(59648K) Class: 15646K(16320K)->15646K(16320K)
[34.719s][info][gc             ] GC(127) Pause Young (Normal) (G1 Evacuation Pause) 163M->39M(214M) 2.415ms
[34.719s][info][gc,cpu         ] GC(127) User=0.00s Sys=0.00s Real=0.00s
[34.756s][info][gc,start       ] GC(128) Pause Young (Normal) (G1 Evacuation Pause)
[34.756s][info][gc,task        ] GC(128) Using 33 workers of 33 for evacuation
[34.758s][info][gc,phases      ] GC(128)   Pre Evacuate Collection Set: 0.2ms
[34.758s][info][gc,phases      ] GC(128)   Merge Heap Roots: 0.2ms
[34.758s][info][gc,phases      ] GC(128)   Evacuate Collection Set: 1.2ms
[34.758s][info][gc,phases      ] GC(128)   Post Evacuate Collection Set: 0.6ms
[34.758s][info][gc,phases      ] GC(128)   Other: 0.1ms
[34.758s][info][gc,heap        ] GC(128) Eden regions: 62->0(62)
[34.758s][info][gc,heap        ] GC(128) Survivor regions: 2->2(8)
[34.758s][info][gc,heap        ] GC(128) Old regions: 32->32
[34.758s][info][gc,heap        ] GC(128) Archive regions: 0->0
[34.758s][info][gc,heap        ] GC(128) Humongous regions: 0->0
[34.758s][info][gc,metaspace   ] GC(128) Metaspace: 74542K(75968K)->74542K(75968K) NonClass: 58895K(59648K)->58895K(59648K) Class: 15646K(16320K)->15646K(16320K)
[34.758s][info][gc             ] GC(128) Pause Young (Normal) (G1 Evacuation Pause) 163M->39M(214M) 2.434ms
[34.758s][info][gc,cpu         ] GC(128) User=0.00s Sys=0.00s Real=0.00s
[34.791s][info][gc,start       ] GC(129) Pause Young (Normal) (G1 Evacuation Pause)
[34.791s][info][gc,task        ] GC(129) Using 33 workers of 33 for evacuation
[34.796s][info][gc,phases      ] GC(129)   Pre Evacuate Collection Set: 0.2ms
[34.796s][info][gc,phases      ] GC(129)   Merge Heap Roots: 0.2ms
[34.796s][info][gc,phases      ] GC(129)   Evacuate Collection Set: 1.2ms
[34.796s][info][gc,phases      ] GC(129)   Post Evacuate Collection Set: 3.5ms
[34.796s][info][gc,phases      ] GC(129)   Other: 0.1ms
[34.796s][info][gc,heap        ] GC(129) Eden regions: 62->0(337)
[34.796s][info][gc,heap        ] GC(129) Survivor regions: 2->2(8)
[34.796s][info][gc,heap        ] GC(129) Old regions: 32->32
[34.796s][info][gc,heap        ] GC(129) Archive regions: 0->0
[34.796s][info][gc,heap        ] GC(129) Humongous regions: 0->0
[34.796s][info][gc,metaspace   ] GC(129) Metaspace: 74542K(75968K)->74542K(75968K) NonClass: 58895K(59648K)->58895K(59648K) Class: 15646K(16320K)->15646K(16320K)
[34.796s][info][gc             ] GC(129) Pause Young (Normal) (G1 Evacuation Pause) 163M->39M(1132M) 5.458ms
[34.796s][info][gc,cpu         ] GC(129) User=0.00s Sys=0.00s Real=0.01s
[35.051s][info][gc,start       ] GC(130) Pause Young (Normal) (G1 Evacuation Pause)
[35.051s][info][gc,task        ] GC(130) Using 33 workers of 33 for evacuation
[35.056s][info][gc,phases      ] GC(130)   Pre Evacuate Collection Set: 0.2ms
[35.056s][info][gc,phases      ] GC(130)   Merge Heap Roots: 0.2ms
[35.056s][info][gc,phases      ] GC(130)   Evacuate Collection Set: 2.9ms
[35.056s][info][gc,phases      ] GC(130)   Post Evacuate Collection Set: 0.8ms
[35.056s][info][gc,phases      ] GC(130)   Other: 0.1ms
[35.056s][info][gc,heap        ] GC(130) Eden regions: 337->0(337)
[35.056s][info][gc,heap        ] GC(130) Survivor regions: 2->2(43)
[35.056s][info][gc,heap        ] GC(130) Old regions: 32->32
[35.056s][info][gc,heap        ] GC(130) Archive regions: 0->0
[35.056s][info][gc,heap        ] GC(130) Humongous regions: 0->0
[35.056s][info][gc,metaspace   ] GC(130) Metaspace: 74542K(75968K)->74542K(75968K) NonClass: 58895K(59648K)->58895K(59648K) Class: 15646K(16320K)->15646K(16320K)
[35.056s][info][gc             ] GC(130) Pause Young (Normal) (G1 Evacuation Pause) 713M->39M(1132M) 4.520ms
[35.056s][info][gc,cpu         ] GC(130) User=0.02s Sys=0.00s Real=0.01s
[35.231s][info][gc,start       ] GC(131) Pause Young (Normal) (G1 Evacuation Pause)
[35.231s][info][gc,task        ] GC(131) Using 33 workers of 33 for evacuation
[35.235s][info][gc,phases      ] GC(131)   Pre Evacuate Collection Set: 0.2ms
[35.235s][info][gc,phases      ] GC(131)   Merge Heap Roots: 0.2ms
[35.235s][info][gc,phases      ] GC(131)   Evacuate Collection Set: 2.6ms
[35.235s][info][gc,phases      ] GC(131)   Post Evacuate Collection Set: 0.8ms
[35.235s][info][gc,phases      ] GC(131)   Other: 0.1ms
[35.235s][info][gc,heap        ] GC(131) Eden regions: 337->0(337)
[35.235s][info][gc,heap        ] GC(131) Survivor regions: 2->2(43)
[35.235s][info][gc,heap        ] GC(131) Old regions: 32->32
[35.235s][info][gc,heap        ] GC(131) Archive regions: 0->0
[35.235s][info][gc,heap        ] GC(131) Humongous regions: 0->0
[35.235s][info][gc,metaspace   ] GC(131) Metaspace: 74542K(75968K)->74542K(75968K) NonClass: 58895K(59648K)->58895K(59648K) Class: 15646K(16320K)->15646K(16320K)
[35.235s][info][gc             ] GC(131) Pause Young (Normal) (G1 Evacuation Pause) 713M->39M(1132M) 4.181ms
[35.235s][info][gc,cpu         ] GC(131) User=0.00s Sys=0.00s Real=0.00s
[35.409s][info][gc,start       ] GC(132) Pause Young (Normal) (G1 Evacuation Pause)
[35.409s][info][gc,task        ] GC(132) Using 33 workers of 33 for evacuation
[35.411s][info][gc,phases      ] GC(132)   Pre Evacuate Collection Set: 0.2ms
[35.411s][info][gc,phases      ] GC(132)   Merge Heap Roots: 0.2ms
[35.411s][info][gc,phases      ] GC(132)   Evacuate Collection Set: 1.1ms
[35.411s][info][gc,phases      ] GC(132)   Post Evacuate Collection Set: 0.8ms
[35.411s][info][gc,phases      ] GC(132)   Other: 0.1ms
[35.411s][info][gc,heap        ] GC(132) Eden regions: 337->0(337)
[35.411s][info][gc,heap        ] GC(132) Survivor regions: 2->2(43)
[35.411s][info][gc,heap        ] GC(132) Old regions: 32->32
[35.411s][info][gc,heap        ] GC(132) Archive regions: 0->0
[35.411s][info][gc,heap        ] GC(132) Humongous regions: 0->0
[35.411s][info][gc,metaspace   ] GC(132) Metaspace: 74542K(75968K)->74542K(75968K) NonClass: 58895K(59648K)->58895K(59648K) Class: 15646K(16320K)->15646K(16320K)
[35.411s][info][gc             ] GC(132) Pause Young (Normal) (G1 Evacuation Pause) 713M->39M(1132M) 2.709ms
[35.411s][info][gc,cpu         ] GC(132) User=0.00s Sys=0.00s Real=0.00s
[35.584s][info][gc,start       ] GC(133) Pause Young (Normal) (G1 Evacuation Pause)
[35.584s][info][gc,task        ] GC(133) Using 33 workers of 33 for evacuation
[35.586s][info][gc,phases      ] GC(133)   Pre Evacuate Collection Set: 0.2ms
[35.586s][info][gc,phases      ] GC(133)   Merge Heap Roots: 0.2ms
[35.586s][info][gc,phases      ] GC(133)   Evacuate Collection Set: 1.2ms
[35.586s][info][gc,phases      ] GC(133)   Post Evacuate Collection Set: 0.7ms
[35.586s][info][gc,phases      ] GC(133)   Other: 0.1ms
[35.586s][info][gc,heap        ] GC(133) Eden regions: 337->0(337)
[35.586s][info][gc,heap        ] GC(133) Survivor regions: 2->2(43)
[35.586s][info][gc,heap        ] GC(133) Old regions: 32->32
[35.586s][info][gc,heap        ] GC(133) Archive regions: 0->0
[35.586s][info][gc,heap        ] GC(133) Humongous regions: 0->0
[35.586s][info][gc,metaspace   ] GC(133) Metaspace: 74542K(75968K)->74542K(75968K) NonClass: 58895K(59648K)->58895K(59648K) Class: 15646K(16320K)->15646K(16320K)
[35.587s][info][gc             ] GC(133) Pause Young (Normal) (G1 Evacuation Pause) 713M->39M(1132M) 2.728ms
[35.587s][info][gc,cpu         ] GC(133) User=0.02s Sys=0.00s Real=0.00s
[35.760s][info][gc,start       ] GC(134) Pause Young (Normal) (G1 Evacuation Pause)
[35.760s][info][gc,task        ] GC(134) Using 33 workers of 33 for evacuation
[35.763s][info][gc,phases      ] GC(134)   Pre Evacuate Collection Set: 0.2ms
[35.763s][info][gc,phases      ] GC(134)   Merge Heap Roots: 0.2ms
[35.763s][info][gc,phases      ] GC(134)   Evacuate Collection Set: 1.3ms
[35.763s][info][gc,phases      ] GC(134)   Post Evacuate Collection Set: 0.8ms
[35.763s][info][gc,phases      ] GC(134)   Other: 0.1ms
[35.763s][info][gc,heap        ] GC(134) Eden regions: 337->0(337)
[35.763s][info][gc,heap        ] GC(134) Survivor regions: 2->2(43)
[35.763s][info][gc,heap        ] GC(134) Old regions: 32->32
[35.763s][info][gc,heap        ] GC(134) Archive regions: 0->0
[35.763s][info][gc,heap        ] GC(134) Humongous regions: 0->0
[35.763s][info][gc,metaspace   ] GC(134) Metaspace: 74542K(75968K)->74542K(75968K) NonClass: 58895K(59648K)->58895K(59648K) Class: 15646K(16320K)->15646K(16320K)
[35.763s][info][gc             ] GC(134) Pause Young (Normal) (G1 Evacuation Pause) 713M->39M(1132M) 2.825ms
[35.763s][info][gc,cpu         ] GC(134) User=0.00s Sys=0.00s Real=0.00s
[35.936s][info][gc,start       ] GC(135) Pause Young (Normal) (G1 Evacuation Pause)
[35.936s][info][gc,task        ] GC(135) Using 33 workers of 33 for evacuation
[35.938s][info][gc,phases      ] GC(135)   Pre Evacuate Collection Set: 0.2ms
[35.939s][info][gc,phases      ] GC(135)   Merge Heap Roots: 0.2ms
[35.939s][info][gc,phases      ] GC(135)   Evacuate Collection Set: 1.2ms
[35.939s][info][gc,phases      ] GC(135)   Post Evacuate Collection Set: 0.7ms
[35.939s][info][gc,phases      ] GC(135)   Other: 0.1ms
[35.939s][info][gc,heap        ] GC(135) Eden regions: 337->0(337)
[35.939s][info][gc,heap        ] GC(135) Survivor regions: 2->2(43)
[35.939s][info][gc,heap        ] GC(135) Old regions: 32->32
[35.939s][info][gc,heap        ] GC(135) Archive regions: 0->0
[35.939s][info][gc,heap        ] GC(135) Humongous regions: 0->0
[35.939s][info][gc,metaspace   ] GC(135) Metaspace: 74542K(75968K)->74542K(75968K) NonClass: 58895K(59648K)->58895K(59648K) Class: 15646K(16320K)->15646K(16320K)
[35.939s][info][gc             ] GC(135) Pause Young (Normal) (G1 Evacuation Pause) 713M->39M(1132M) 2.721ms
[35.939s][info][gc,cpu         ] GC(135) User=0.00s Sys=0.00s Real=0.00s
[36.113s][info][gc,start       ] GC(136) Pause Young (Normal) (G1 Evacuation Pause)
[36.113s][info][gc,task        ] GC(136) Using 33 workers of 33 for evacuation
[36.116s][info][gc,phases      ] GC(136)   Pre Evacuate Collection Set: 0.2ms
[36.116s][info][gc,phases      ] GC(136)   Merge Heap Roots: 0.2ms
[36.116s][info][gc,phases      ] GC(136)   Evacuate Collection Set: 1.2ms
[36.116s][info][gc,phases      ] GC(136)   Post Evacuate Collection Set: 0.8ms
[36.116s][info][gc,phases      ] GC(136)   Other: 0.1ms
[36.116s][info][gc,heap        ] GC(136) Eden regions: 337->0(337)
[36.116s][info][gc,heap        ] GC(136) Survivor regions: 2->2(43)
[36.116s][info][gc,heap        ] GC(136) Old regions: 32->32
[36.116s][info][gc,heap        ] GC(136) Archive regions: 0->0
[36.116s][info][gc,heap        ] GC(136) Humongous regions: 0->0
[36.116s][info][gc,metaspace   ] GC(136) Metaspace: 74542K(75968K)->74542K(75968K) NonClass: 58895K(59648K)->58895K(59648K) Class: 15646K(16320K)->15646K(16320K)
[36.116s][info][gc             ] GC(136) Pause Young (Normal) (G1 Evacuation Pause) 713M->39M(1132M) 2.801ms
[36.116s][info][gc,cpu         ] GC(136) User=0.00s Sys=0.00s Real=0.00s
[36.291s][info][gc,start       ] GC(137) Pause Young (Normal) (G1 Evacuation Pause)
[36.291s][info][gc,task        ] GC(137) Using 33 workers of 33 for evacuation
[36.293s][info][gc,phases      ] GC(137)   Pre Evacuate Collection Set: 0.2ms
[36.293s][info][gc,phases      ] GC(137)   Merge Heap Roots: 0.2ms
[36.293s][info][gc,phases      ] GC(137)   Evacuate Collection Set: 1.2ms
[36.293s][info][gc,phases      ] GC(137)   Post Evacuate Collection Set: 0.8ms
[36.293s][info][gc,phases      ] GC(137)   Other: 0.1ms
[36.293s][info][gc,heap        ] GC(137) Eden regions: 337->0(337)
[36.293s][info][gc,heap        ] GC(137) Survivor regions: 2->2(43)
[36.293s][info][gc,heap        ] GC(137) Old regions: 32->32
[36.293s][info][gc,heap        ] GC(137) Archive regions: 0->0
[36.293s][info][gc,heap        ] GC(137) Humongous regions: 0->0
[36.293s][info][gc,metaspace   ] GC(137) Metaspace: 74542K(75968K)->74542K(75968K) NonClass: 58895K(59648K)->58895K(59648K) Class: 15646K(16320K)->15646K(16320K)
[36.293s][info][gc             ] GC(137) Pause Young (Normal) (G1 Evacuation Pause) 713M->39M(1132M) 2.734ms
[36.293s][info][gc,cpu         ] GC(137) User=0.00s Sys=0.00s Real=0.00s
[36.467s][info][gc,start       ] GC(138) Pause Young (Normal) (G1 Evacuation Pause)
[36.467s][info][gc,task        ] GC(138) Using 33 workers of 33 for evacuation
[36.469s][info][gc,phases      ] GC(138)   Pre Evacuate Collection Set: 0.2ms
[36.469s][info][gc,phases      ] GC(138)   Merge Heap Roots: 0.2ms
[36.469s][info][gc,phases      ] GC(138)   Evacuate Collection Set: 1.2ms
[36.469s][info][gc,phases      ] GC(138)   Post Evacuate Collection Set: 0.7ms
[36.469s][info][gc,phases      ] GC(138)   Other: 0.1ms
[36.469s][info][gc,heap        ] GC(138) Eden regions: 337->0(337)
[36.469s][info][gc,heap        ] GC(138) Survivor regions: 2->2(43)
[36.469s][info][gc,heap        ] GC(138) Old regions: 32->32
[36.469s][info][gc,heap        ] GC(138) Archive regions: 0->0
[36.469s][info][gc,heap        ] GC(138) Humongous regions: 0->0
[36.469s][info][gc,metaspace   ] GC(138) Metaspace: 74542K(75968K)->74542K(75968K) NonClass: 58895K(59648K)->58895K(59648K) Class: 15646K(16320K)->15646K(16320K)
[36.469s][info][gc             ] GC(138) Pause Young (Normal) (G1 Evacuation Pause) 713M->39M(1132M) 2.722ms
[36.469s][info][gc,cpu         ] GC(138) User=0.00s Sys=0.00s Real=0.00s
[36.642s][info][gc,start       ] GC(139) Pause Young (Normal) (G1 Evacuation Pause)
[36.643s][info][gc,task        ] GC(139) Using 33 workers of 33 for evacuation
[36.645s][info][gc,phases      ] GC(139)   Pre Evacuate Collection Set: 0.2ms
[36.645s][info][gc,phases      ] GC(139)   Merge Heap Roots: 0.2ms
[36.645s][info][gc,phases      ] GC(139)   Evacuate Collection Set: 1.2ms
[36.645s][info][gc,phases      ] GC(139)   Post Evacuate Collection Set: 0.8ms
[36.645s][info][gc,phases      ] GC(139)   Other: 0.1ms
[36.645s][info][gc,heap        ] GC(139) Eden regions: 337->0(337)
[36.645s][info][gc,heap        ] GC(139) Survivor regions: 2->2(43)
[36.645s][info][gc,heap        ] GC(139) Old regions: 32->32
[36.645s][info][gc,heap        ] GC(139) Archive regions: 0->0
[36.645s][info][gc,heap        ] GC(139) Humongous regions: 0->0
[36.645s][info][gc,metaspace   ] GC(139) Metaspace: 74542K(75968K)->74542K(75968K) NonClass: 58895K(59648K)->58895K(59648K) Class: 15646K(16320K)->15646K(16320K)
[36.645s][info][gc             ] GC(139) Pause Young (Normal) (G1 Evacuation Pause) 713M->39M(1132M) 2.782ms
[36.645s][info][gc,cpu         ] GC(139) User=0.00s Sys=0.00s Real=0.00s
[36.819s][info][gc,start       ] GC(140) Pause Young (Normal) (G1 Evacuation Pause)
[36.995s][info][gc,task        ] GC(140) Using 33 workers of 33 for evacuation
[37.000s][info][gc,phases      ] GC(140)   Pre Evacuate Collection Set: 0.3ms
[37.000s][info][gc,phases      ] GC(140)   Merge Heap Roots: 0.3ms
[37.000s][info][gc,phases      ] GC(140)   Evacuate Collection Set: 2.3ms
[37.000s][info][gc,phases      ] GC(140)   Post Evacuate Collection Set: 1.3ms
[37.000s][info][gc,phases      ] GC(140)   Other: 0.2ms
[37.000s][info][gc,heap        ] GC(140) Eden regions: 337->0(337)
[37.000s][info][gc,heap        ] GC(140) Survivor regions: 2->2(43)
[37.000s][info][gc,heap        ] GC(140) Old regions: 32->32
[37.000s][info][gc,heap        ] GC(140) Archive regions: 0->0
[37.000s][info][gc,heap        ] GC(140) Humongous regions: 0->0
[37.000s][info][gc,metaspace   ] GC(140) Metaspace: 74542K(75968K)->74542K(75968K) NonClass: 58895K(59648K)->58895K(59648K) Class: 15646K(16320K)->15646K(16320K)
[37.000s][info][gc             ] GC(140) Pause Young (Normal) (G1 Evacuation Pause) 713M->39M(1132M) 180.752ms
[37.000s][info][gc,cpu         ] GC(140) User=0.00s Sys=0.00s Real=0.18s
[37.183s][info][gc,start       ] GC(141) Pause Young (Normal) (G1 Evacuation Pause)
[37.183s][info][gc,task        ] GC(141) Using 33 workers of 33 for evacuation
[37.185s][info][gc,phases      ] GC(141)   Pre Evacuate Collection Set: 0.2ms
[37.185s][info][gc,phases      ] GC(141)   Merge Heap Roots: 0.2ms
[37.185s][info][gc,phases      ] GC(141)   Evacuate Collection Set: 1.2ms
[37.185s][info][gc,phases      ] GC(141)   Post Evacuate Collection Set: 0.6ms
[37.185s][info][gc,phases      ] GC(141)   Other: 0.1ms
[37.185s][info][gc,heap        ] GC(141) Eden regions: 337->0(338)
[37.185s][info][gc,heap        ] GC(141) Survivor regions: 2->1(43)
[37.185s][info][gc,heap        ] GC(141) Old regions: 32->34
[37.185s][info][gc,heap        ] GC(141) Archive regions: 0->0
[37.185s][info][gc,heap        ] GC(141) Humongous regions: 0->0
[37.186s][info][gc,metaspace   ] GC(141) Metaspace: 74542K(75968K)->74542K(75968K) NonClass: 58895K(59648K)->58895K(59648K) Class: 15646K(16320K)->15646K(16320K)
[37.186s][info][gc             ] GC(141) Pause Young (Normal) (G1 Evacuation Pause) 713M->39M(1132M) 2.555ms
[37.186s][info][gc,cpu         ] GC(141) User=0.00s Sys=0.00s Real=0.00s
[37.361s][info][gc,start       ] GC(142) Pause Young (Normal) (G1 Evacuation Pause)
[37.361s][info][gc,task        ] GC(142) Using 33 workers of 33 for evacuation
[37.363s][info][gc,phases      ] GC(142)   Pre Evacuate Collection Set: 0.2ms
[37.363s][info][gc,phases      ] GC(142)   Merge Heap Roots: 0.2ms
[37.363s][info][gc,phases      ] GC(142)   Evacuate Collection Set: 0.9ms
[37.363s][info][gc,phases      ] GC(142)   Post Evacuate Collection Set: 0.6ms
[37.363s][info][gc,phases      ] GC(142)   Other: 0.1ms
[37.363s][info][gc,heap        ] GC(142) Eden regions: 338->0(338)
[37.363s][info][gc,heap        ] GC(142) Survivor regions: 1->1(43)
[37.363s][info][gc,heap        ] GC(142) Old regions: 34->34
[37.363s][info][gc,heap        ] GC(142) Archive regions: 0->0
[37.363s][info][gc,heap        ] GC(142) Humongous regions: 0->0
[37.363s][info][gc,metaspace   ] GC(142) Metaspace: 74554K(75968K)->74554K(75968K) NonClass: 58907K(59648K)->58907K(59648K) Class: 15646K(16320K)->15646K(16320K)
[37.363s][info][gc             ] GC(142) Pause Young (Normal) (G1 Evacuation Pause) 715M->39M(1132M) 2.273ms
[37.363s][info][gc,cpu         ] GC(142) User=0.00s Sys=0.00s Real=0.00s
[37.537s][info][gc,start       ] GC(143) Pause Young (Normal) (G1 Evacuation Pause)
[37.537s][info][gc,task        ] GC(143) Using 33 workers of 33 for evacuation
[37.539s][info][gc,phases      ] GC(143)   Pre Evacuate Collection Set: 0.2ms
[37.539s][info][gc,phases      ] GC(143)   Merge Heap Roots: 0.2ms
[37.539s][info][gc,phases      ] GC(143)   Evacuate Collection Set: 0.8ms
[37.539s][info][gc,phases      ] GC(143)   Post Evacuate Collection Set: 0.5ms
[37.539s][info][gc,phases      ] GC(143)   Other: 0.1ms
[37.539s][info][gc,heap        ] GC(143) Eden regions: 338->0(338)
[37.539s][info][gc,heap        ] GC(143) Survivor regions: 1->1(43)
[37.539s][info][gc,heap        ] GC(143) Old regions: 34->34
[37.539s][info][gc,heap        ] GC(143) Archive regions: 0->0
[37.539s][info][gc,heap        ] GC(143) Humongous regions: 0->0
[37.539s][info][gc,metaspace   ] GC(143) Metaspace: 74554K(75968K)->74554K(75968K) NonClass: 58907K(59648K)->58907K(59648K) Class: 15646K(16320K)->15646K(16320K)
[37.539s][info][gc             ] GC(143) Pause Young (Normal) (G1 Evacuation Pause) 715M->39M(1132M) 2.122ms
[37.539s][info][gc,cpu         ] GC(143) User=0.00s Sys=0.00s Real=0.00s
[37.713s][info][gc,start       ] GC(144) Pause Young (Normal) (G1 Evacuation Pause)
[37.713s][info][gc,task        ] GC(144) Using 33 workers of 33 for evacuation
[37.715s][info][gc,phases      ] GC(144)   Pre Evacuate Collection Set: 0.2ms
[37.715s][info][gc,phases      ] GC(144)   Merge Heap Roots: 0.2ms
[37.715s][info][gc,phases      ] GC(144)   Evacuate Collection Set: 0.9ms
[37.715s][info][gc,phases      ] GC(144)   Post Evacuate Collection Set: 0.6ms
[37.715s][info][gc,phases      ] GC(144)   Other: 0.1ms
[37.715s][info][gc,heap        ] GC(144) Eden regions: 338->0(338)
[37.715s][info][gc,heap        ] GC(144) Survivor regions: 1->1(43)
[37.715s][info][gc,heap        ] GC(144) Old regions: 34->34
[37.715s][info][gc,heap        ] GC(144) Archive regions: 0->0
[37.715s][info][gc,heap        ] GC(144) Humongous regions: 0->0
[37.715s][info][gc,metaspace   ] GC(144) Metaspace: 74554K(75968K)->74554K(75968K) NonClass: 58907K(59648K)->58907K(59648K) Class: 15646K(16320K)->15646K(16320K)
[37.715s][info][gc             ] GC(144) Pause Young (Normal) (G1 Evacuation Pause) 715M->39M(1132M) 2.216ms
[37.715s][info][gc,cpu         ] GC(144) User=0.00s Sys=0.00s Real=0.00s
[37.891s][info][gc,start       ] GC(145) Pause Young (Normal) (G1 Evacuation Pause)
[37.891s][info][gc,task        ] GC(145) Using 33 workers of 33 for evacuation
[37.893s][info][gc,phases      ] GC(145)   Pre Evacuate Collection Set: 0.2ms
[37.893s][info][gc,phases      ] GC(145)   Merge Heap Roots: 0.2ms
[37.893s][info][gc,phases      ] GC(145)   Evacuate Collection Set: 0.9ms
[37.893s][info][gc,phases      ] GC(145)   Post Evacuate Collection Set: 0.6ms
[37.893s][info][gc,phases      ] GC(145)   Other: 0.1ms
[37.893s][info][gc,heap        ] GC(145) Eden regions: 338->0(338)
[37.893s][info][gc,heap        ] GC(145) Survivor regions: 1->1(43)
[37.893s][info][gc,heap        ] GC(145) Old regions: 34->34
[37.893s][info][gc,heap        ] GC(145) Archive regions: 0->0
[37.893s][info][gc,heap        ] GC(145) Humongous regions: 0->0
[37.893s][info][gc,metaspace   ] GC(145) Metaspace: 74554K(75968K)->74554K(75968K) NonClass: 58907K(59648K)->58907K(59648K) Class: 15646K(16320K)->15646K(16320K)
[37.893s][info][gc             ] GC(145) Pause Young (Normal) (G1 Evacuation Pause) 715M->39M(1132M) 2.168ms
[37.893s][info][gc,cpu         ] GC(145) User=0.00s Sys=0.00s Real=0.00s
[38.067s][info][gc,start       ] GC(146) Pause Young (Normal) (G1 Evacuation Pause)
[38.067s][info][gc,task        ] GC(146) Using 33 workers of 33 for evacuation
[38.069s][info][gc,phases      ] GC(146)   Pre Evacuate Collection Set: 0.2ms
[38.069s][info][gc,phases      ] GC(146)   Merge Heap Roots: 0.2ms
[38.069s][info][gc,phases      ] GC(146)   Evacuate Collection Set: 0.8ms
[38.069s][info][gc,phases      ] GC(146)   Post Evacuate Collection Set: 0.5ms
[38.069s][info][gc,phases      ] GC(146)   Other: 0.1ms
[38.069s][info][gc,heap        ] GC(146) Eden regions: 338->0(338)
[38.069s][info][gc,heap        ] GC(146) Survivor regions: 1->1(43)
[38.069s][info][gc,heap        ] GC(146) Old regions: 34->34
[38.069s][info][gc,heap        ] GC(146) Archive regions: 0->0
[38.069s][info][gc,heap        ] GC(146) Humongous regions: 0->0
[38.069s][info][gc,metaspace   ] GC(146) Metaspace: 74554K(75968K)->74554K(75968K) NonClass: 58907K(59648K)->58907K(59648K) Class: 15646K(16320K)->15646K(16320K)
[38.069s][info][gc             ] GC(146) Pause Young (Normal) (G1 Evacuation Pause) 715M->39M(1132M) 2.159ms
[38.069s][info][gc,cpu         ] GC(146) User=0.00s Sys=0.00s Real=0.00s
[38.243s][info][gc,start       ] GC(147) Pause Young (Normal) (G1 Evacuation Pause)
[38.243s][info][gc,task        ] GC(147) Using 33 workers of 33 for evacuation
[38.245s][info][gc,phases      ] GC(147)   Pre Evacuate Collection Set: 0.2ms
[38.245s][info][gc,phases      ] GC(147)   Merge Heap Roots: 0.2ms
[38.245s][info][gc,phases      ] GC(147)   Evacuate Collection Set: 0.9ms
[38.245s][info][gc,phases      ] GC(147)   Post Evacuate Collection Set: 0.5ms
[38.245s][info][gc,phases      ] GC(147)   Other: 0.1ms
[38.245s][info][gc,heap        ] GC(147) Eden regions: 338->0(338)
[38.245s][info][gc,heap        ] GC(147) Survivor regions: 1->1(43)
[38.245s][info][gc,heap        ] GC(147) Old regions: 34->34
[38.245s][info][gc,heap        ] GC(147) Archive regions: 0->0
[38.245s][info][gc,heap        ] GC(147) Humongous regions: 0->0
[38.245s][info][gc,metaspace   ] GC(147) Metaspace: 74554K(75968K)->74554K(75968K) NonClass: 58907K(59648K)->58907K(59648K) Class: 15646K(16320K)->15646K(16320K)
[38.245s][info][gc             ] GC(147) Pause Young (Normal) (G1 Evacuation Pause) 715M->39M(1132M) 2.251ms
[38.245s][info][gc,cpu         ] GC(147) User=0.52s Sys=0.00s Real=0.00s
[38.419s][info][gc,start       ] GC(148) Pause Young (Normal) (G1 Evacuation Pause)
[38.419s][info][gc,task        ] GC(148) Using 33 workers of 33 for evacuation
[38.421s][info][gc,phases      ] GC(148)   Pre Evacuate Collection Set: 0.2ms
[38.421s][info][gc,phases      ] GC(148)   Merge Heap Roots: 0.2ms
[38.421s][info][gc,phases      ] GC(148)   Evacuate Collection Set: 0.9ms
[38.421s][info][gc,phases      ] GC(148)   Post Evacuate Collection Set: 0.5ms
[38.421s][info][gc,phases      ] GC(148)   Other: 0.1ms
[38.421s][info][gc,heap        ] GC(148) Eden regions: 338->0(338)
[38.421s][info][gc,heap        ] GC(148) Survivor regions: 1->1(43)
[38.421s][info][gc,heap        ] GC(148) Old regions: 34->34
[38.421s][info][gc,heap        ] GC(148) Archive regions: 0->0
[38.421s][info][gc,heap        ] GC(148) Humongous regions: 0->0
[38.421s][info][gc,metaspace   ] GC(148) Metaspace: 74554K(75968K)->74554K(75968K) NonClass: 58907K(59648K)->58907K(59648K) Class: 15646K(16320K)->15646K(16320K)
[38.421s][info][gc             ] GC(148) Pause Young (Normal) (G1 Evacuation Pause) 715M->39M(1132M) 2.199ms
[38.421s][info][gc,cpu         ] GC(148) User=0.00s Sys=0.00s Real=0.00s
[38.595s][info][gc,start       ] GC(149) Pause Young (Normal) (G1 Evacuation Pause)
[38.595s][info][gc,task        ] GC(149) Using 33 workers of 33 for evacuation
[38.597s][info][gc,phases      ] GC(149)   Pre Evacuate Collection Set: 0.2ms
[38.597s][info][gc,phases      ] GC(149)   Merge Heap Roots: 0.2ms
[38.597s][info][gc,phases      ] GC(149)   Evacuate Collection Set: 0.8ms
[38.597s][info][gc,phases      ] GC(149)   Post Evacuate Collection Set: 0.5ms
[38.597s][info][gc,phases      ] GC(149)   Other: 0.1ms
[38.597s][info][gc,heap        ] GC(149) Eden regions: 338->0(338)
[38.597s][info][gc,heap        ] GC(149) Survivor regions: 1->1(43)
[38.597s][info][gc,heap        ] GC(149) Old regions: 34->34
[38.597s][info][gc,heap        ] GC(149) Archive regions: 0->0
[38.597s][info][gc,heap        ] GC(149) Humongous regions: 0->0
[38.597s][info][gc,metaspace   ] GC(149) Metaspace: 74554K(75968K)->74554K(75968K) NonClass: 58907K(59648K)->58907K(59648K) Class: 15646K(16320K)->15646K(16320K)
[38.597s][info][gc             ] GC(149) Pause Young (Normal) (G1 Evacuation Pause) 715M->39M(1132M) 2.098ms
[38.597s][info][gc,cpu         ] GC(149) User=0.00s Sys=0.00s Real=0.00s
[38.770s][info][gc,start       ] GC(150) Pause Young (Normal) (G1 Evacuation Pause)
[38.770s][info][gc,task        ] GC(150) Using 33 workers of 33 for evacuation
[38.772s][info][gc,phases      ] GC(150)   Pre Evacuate Collection Set: 0.2ms
[38.772s][info][gc,phases      ] GC(150)   Merge Heap Roots: 0.2ms
[38.772s][info][gc,phases      ] GC(150)   Evacuate Collection Set: 0.8ms
[38.772s][info][gc,phases      ] GC(150)   Post Evacuate Collection Set: 0.5ms
[38.772s][info][gc,phases      ] GC(150)   Other: 0.1ms
[38.772s][info][gc,heap        ] GC(150) Eden regions: 338->0(338)
[38.772s][info][gc,heap        ] GC(150) Survivor regions: 1->1(43)
[38.772s][info][gc,heap        ] GC(150) Old regions: 34->34
[38.773s][info][gc,heap        ] GC(150) Archive regions: 0->0
[38.773s][info][gc,heap        ] GC(150) Humongous regions: 0->0
[38.773s][info][gc,metaspace   ] GC(150) Metaspace: 74554K(75968K)->74554K(75968K) NonClass: 58907K(59648K)->58907K(59648K) Class: 15646K(16320K)->15646K(16320K)
[38.773s][info][gc             ] GC(150) Pause Young (Normal) (G1 Evacuation Pause) 715M->39M(1132M) 2.162ms
[38.773s][info][gc,cpu         ] GC(150) User=0.00s Sys=0.00s Real=0.00s
[38.948s][info][gc,start       ] GC(151) Pause Young (Normal) (G1 Evacuation Pause)
[38.948s][info][gc,task        ] GC(151) Using 33 workers of 33 for evacuation
[38.950s][info][gc,phases      ] GC(151)   Pre Evacuate Collection Set: 0.2ms
[38.950s][info][gc,phases      ] GC(151)   Merge Heap Roots: 0.2ms
[38.950s][info][gc,phases      ] GC(151)   Evacuate Collection Set: 0.9ms
[38.950s][info][gc,phases      ] GC(151)   Post Evacuate Collection Set: 0.5ms
[38.950s][info][gc,phases      ] GC(151)   Other: 0.1ms
[38.950s][info][gc,heap        ] GC(151) Eden regions: 338->0(338)
[38.950s][info][gc,heap        ] GC(151) Survivor regions: 1->1(43)
[38.950s][info][gc,heap        ] GC(151) Old regions: 34->34
[38.950s][info][gc,heap        ] GC(151) Archive regions: 0->0
[38.950s][info][gc,heap        ] GC(151) Humongous regions: 0->0
[38.950s][info][gc,metaspace   ] GC(151) Metaspace: 74554K(75968K)->74554K(75968K) NonClass: 58907K(59648K)->58907K(59648K) Class: 15646K(16320K)->15646K(16320K)
[38.950s][info][gc             ] GC(151) Pause Young (Normal) (G1 Evacuation Pause) 715M->39M(1132M) 2.156ms
[38.950s][info][gc,cpu         ] GC(151) User=0.00s Sys=0.00s Real=0.00s
[39.126s][info][gc,start       ] GC(152) Pause Young (Normal) (G1 Evacuation Pause)
[39.126s][info][gc,task        ] GC(152) Using 33 workers of 33 for evacuation
[39.128s][info][gc,phases      ] GC(152)   Pre Evacuate Collection Set: 0.2ms
[39.128s][info][gc,phases      ] GC(152)   Merge Heap Roots: 0.2ms
[39.128s][info][gc,phases      ] GC(152)   Evacuate Collection Set: 0.9ms
[39.128s][info][gc,phases      ] GC(152)   Post Evacuate Collection Set: 0.6ms
[39.128s][info][gc,phases      ] GC(152)   Other: 0.1ms
[39.128s][info][gc,heap        ] GC(152) Eden regions: 338->0(338)
[39.128s][info][gc,heap        ] GC(152) Survivor regions: 1->1(43)
[39.128s][info][gc,heap        ] GC(152) Old regions: 34->34
[39.128s][info][gc,heap        ] GC(152) Archive regions: 0->0
[39.128s][info][gc,heap        ] GC(152) Humongous regions: 0->0
[39.128s][info][gc,metaspace   ] GC(152) Metaspace: 74554K(75968K)->74554K(75968K) NonClass: 58907K(59648K)->58907K(59648K) Class: 15646K(16320K)->15646K(16320K)
[39.128s][info][gc             ] GC(152) Pause Young (Normal) (G1 Evacuation Pause) 715M->39M(1132M) 2.232ms
[39.128s][info][gc,cpu         ] GC(152) User=0.00s Sys=0.00s Real=0.00s
[39.302s][info][gc,start       ] GC(153) Pause Young (Normal) (G1 Evacuation Pause)
[39.302s][info][gc,task        ] GC(153) Using 33 workers of 33 for evacuation
[39.304s][info][gc,phases      ] GC(153)   Pre Evacuate Collection Set: 0.2ms
[39.304s][info][gc,phases      ] GC(153)   Merge Heap Roots: 0.2ms
[39.304s][info][gc,phases      ] GC(153)   Evacuate Collection Set: 0.9ms
[39.304s][info][gc,phases      ] GC(153)   Post Evacuate Collection Set: 0.6ms
[39.304s][info][gc,phases      ] GC(153)   Other: 0.1ms
[39.304s][info][gc,heap        ] GC(153) Eden regions: 338->0(338)
[39.304s][info][gc,heap        ] GC(153) Survivor regions: 1->1(43)
[39.304s][info][gc,heap        ] GC(153) Old regions: 34->34
[39.304s][info][gc,heap        ] GC(153) Archive regions: 0->0
[39.304s][info][gc,heap        ] GC(153) Humongous regions: 0->0
[39.304s][info][gc,metaspace   ] GC(153) Metaspace: 74554K(75968K)->74554K(75968K) NonClass: 58907K(59648K)->58907K(59648K) Class: 15646K(16320K)->15646K(16320K)
[39.304s][info][gc             ] GC(153) Pause Young (Normal) (G1 Evacuation Pause) 715M->39M(1132M) 2.147ms
[39.304s][info][gc,cpu         ] GC(153) User=0.00s Sys=0.00s Real=0.00s
[39.477s][info][gc,start       ] GC(154) Pause Young (Normal) (G1 Evacuation Pause)
[39.478s][info][gc,task        ] GC(154) Using 33 workers of 33 for evacuation
[39.480s][info][gc,phases      ] GC(154)   Pre Evacuate Collection Set: 0.2ms
[39.480s][info][gc,phases      ] GC(154)   Merge Heap Roots: 0.2ms
[39.480s][info][gc,phases      ] GC(154)   Evacuate Collection Set: 0.9ms
[39.480s][info][gc,phases      ] GC(154)   Post Evacuate Collection Set: 0.5ms
[39.480s][info][gc,phases      ] GC(154)   Other: 0.1ms
[39.480s][info][gc,heap        ] GC(154) Eden regions: 338->0(338)
[39.480s][info][gc,heap        ] GC(154) Survivor regions: 1->1(43)
[39.480s][info][gc,heap        ] GC(154) Old regions: 34->34
[39.480s][info][gc,heap        ] GC(154) Archive regions: 0->0
[39.480s][info][gc,heap        ] GC(154) Humongous regions: 0->0
[39.480s][info][gc,metaspace   ] GC(154) Metaspace: 74554K(75968K)->74554K(75968K) NonClass: 58907K(59648K)->58907K(59648K) Class: 15646K(16320K)->15646K(16320K)
[39.480s][info][gc             ] GC(154) Pause Young (Normal) (G1 Evacuation Pause) 715M->39M(1132M) 2.171ms
[39.480s][info][gc,cpu         ] GC(154) User=0.52s Sys=0.00s Real=0.00s
[39.656s][info][gc,start       ] GC(155) Pause Young (Normal) (G1 Evacuation Pause)
[39.656s][info][gc,task        ] GC(155) Using 33 workers of 33 for evacuation
[39.658s][info][gc,phases      ] GC(155)   Pre Evacuate Collection Set: 0.2ms
[39.658s][info][gc,phases      ] GC(155)   Merge Heap Roots: 0.2ms
[39.658s][info][gc,phases      ] GC(155)   Evacuate Collection Set: 0.9ms
[39.658s][info][gc,phases      ] GC(155)   Post Evacuate Collection Set: 0.6ms
[39.658s][info][gc,phases      ] GC(155)   Other: 0.1ms
[39.658s][info][gc,heap        ] GC(155) Eden regions: 338->0(338)
[39.658s][info][gc,heap        ] GC(155) Survivor regions: 1->1(43)
[39.658s][info][gc,heap        ] GC(155) Old regions: 34->34
[39.658s][info][gc,heap        ] GC(155) Archive regions: 0->0
[39.658s][info][gc,heap        ] GC(155) Humongous regions: 0->0
[39.658s][info][gc,metaspace   ] GC(155) Metaspace: 74586K(75968K)->74586K(75968K) NonClass: 58939K(59648K)->58939K(59648K) Class: 15646K(16320K)->15646K(16320K)
[39.658s][info][gc             ] GC(155) Pause Young (Normal) (G1 Evacuation Pause) 715M->39M(1132M) 2.324ms
[39.658s][info][gc,cpu         ] GC(155) User=0.00s Sys=0.00s Real=0.00s
[39.834s][info][gc,start       ] GC(156) Pause Young (Normal) (G1 Evacuation Pause)
[39.834s][info][gc,task        ] GC(156) Using 33 workers of 33 for evacuation
[39.836s][info][gc,phases      ] GC(156)   Pre Evacuate Collection Set: 0.2ms
[39.836s][info][gc,phases      ] GC(156)   Merge Heap Roots: 0.2ms
[39.836s][info][gc,phases      ] GC(156)   Evacuate Collection Set: 0.9ms
[39.836s][info][gc,phases      ] GC(156)   Post Evacuate Collection Set: 0.6ms
[39.836s][info][gc,phases      ] GC(156)   Other: 0.1ms
[39.836s][info][gc,heap        ] GC(156) Eden regions: 338->0(338)
[39.836s][info][gc,heap        ] GC(156) Survivor regions: 1->1(43)
[39.836s][info][gc,heap        ] GC(156) Old regions: 34->34
[39.836s][info][gc,heap        ] GC(156) Archive regions: 0->0
[39.836s][info][gc,heap        ] GC(156) Humongous regions: 0->0
[39.836s][info][gc,metaspace   ] GC(156) Metaspace: 74586K(75968K)->74586K(75968K) NonClass: 58939K(59648K)->58939K(59648K) Class: 15646K(16320K)->15646K(16320K)
[39.836s][info][gc             ] GC(156) Pause Young (Normal) (G1 Evacuation Pause) 715M->39M(1132M) 2.315ms
[39.836s][info][gc,cpu         ] GC(156) User=0.00s Sys=0.00s Real=0.00s
[40.020s][info][gc,start       ] GC(157) Pause Young (Normal) (G1 Evacuation Pause)
[40.020s][info][gc,task        ] GC(157) Using 33 workers of 33 for evacuation
[40.022s][info][gc,phases      ] GC(157)   Pre Evacuate Collection Set: 0.2ms
[40.022s][info][gc,phases      ] GC(157)   Merge Heap Roots: 0.2ms
[40.022s][info][gc,phases      ] GC(157)   Evacuate Collection Set: 0.9ms
[40.022s][info][gc,phases      ] GC(157)   Post Evacuate Collection Set: 0.6ms
[40.022s][info][gc,phases      ] GC(157)   Other: 0.1ms
[40.022s][info][gc,heap        ] GC(157) Eden regions: 338->0(338)
[40.022s][info][gc,heap        ] GC(157) Survivor regions: 1->1(43)
[40.022s][info][gc,heap        ] GC(157) Old regions: 34->34
[40.022s][info][gc,heap        ] GC(157) Archive regions: 0->0
[40.022s][info][gc,heap        ] GC(157) Humongous regions: 0->0
[40.022s][info][gc,metaspace   ] GC(157) Metaspace: 74586K(75968K)->74586K(75968K) NonClass: 58939K(59648K)->58939K(59648K) Class: 15646K(16320K)->15646K(16320K)
[40.022s][info][gc             ] GC(157) Pause Young (Normal) (G1 Evacuation Pause) 715M->39M(1132M) 2.261ms
[40.022s][info][gc,cpu         ] GC(157) User=0.00s Sys=0.00s Real=0.00s
[40.225s][info][gc,start       ] GC(158) Pause Young (Normal) (G1 Evacuation Pause)
[40.225s][info][gc,task        ] GC(158) Using 33 workers of 33 for evacuation
[40.227s][info][gc,phases      ] GC(158)   Pre Evacuate Collection Set: 0.2ms
[40.227s][info][gc,phases      ] GC(158)   Merge Heap Roots: 0.2ms
[40.227s][info][gc,phases      ] GC(158)   Evacuate Collection Set: 0.8ms
[40.227s][info][gc,phases      ] GC(158)   Post Evacuate Collection Set: 0.6ms
[40.227s][info][gc,phases      ] GC(158)   Other: 0.1ms
[40.227s][info][gc,heap        ] GC(158) Eden regions: 338->0(338)
[40.227s][info][gc,heap        ] GC(158) Survivor regions: 1->1(43)
[40.227s][info][gc,heap        ] GC(158) Old regions: 34->34
[40.227s][info][gc,heap        ] GC(158) Archive regions: 0->0
[40.227s][info][gc,heap        ] GC(158) Humongous regions: 0->0
[40.227s][info][gc,metaspace   ] GC(158) Metaspace: 74586K(75968K)->74586K(75968K) NonClass: 58939K(59648K)->58939K(59648K) Class: 15646K(16320K)->15646K(16320K)
[40.227s][info][gc             ] GC(158) Pause Young (Normal) (G1 Evacuation Pause) 715M->39M(1132M) 2.177ms
[40.227s][info][gc,cpu         ] GC(158) User=0.00s Sys=0.00s Real=0.00s
[40.466s][info][gc,start       ] GC(159) Pause Young (Normal) (G1 Evacuation Pause)
[40.466s][info][gc,task        ] GC(159) Using 33 workers of 33 for evacuation
[40.468s][info][gc,phases      ] GC(159)   Pre Evacuate Collection Set: 0.2ms
[40.468s][info][gc,phases      ] GC(159)   Merge Heap Roots: 0.2ms
[40.468s][info][gc,phases      ] GC(159)   Evacuate Collection Set: 0.9ms
[40.468s][info][gc,phases      ] GC(159)   Post Evacuate Collection Set: 0.6ms
[40.468s][info][gc,phases      ] GC(159)   Other: 0.1ms
[40.468s][info][gc,heap        ] GC(159) Eden regions: 338->0(338)
[40.468s][info][gc,heap        ] GC(159) Survivor regions: 1->1(43)
[40.468s][info][gc,heap        ] GC(159) Old regions: 34->34
[40.468s][info][gc,heap        ] GC(159) Archive regions: 0->0
[40.468s][info][gc,heap        ] GC(159) Humongous regions: 0->0
[40.468s][info][gc,metaspace   ] GC(159) Metaspace: 74586K(75968K)->74586K(75968K) NonClass: 58939K(59648K)->58939K(59648K) Class: 15646K(16320K)->15646K(16320K)
[40.468s][info][gc             ] GC(159) Pause Young (Normal) (G1 Evacuation Pause) 715M->39M(1132M) 2.205ms
[40.468s][info][gc,cpu         ] GC(159) User=0.00s Sys=0.00s Real=0.00s
[40.799s][info][gc,start       ] GC(160) Pause Young (Normal) (G1 Evacuation Pause)
[40.799s][info][gc,task        ] GC(160) Using 30 workers of 33 for evacuation
[40.801s][info][gc,phases      ] GC(160)   Pre Evacuate Collection Set: 0.2ms
[40.801s][info][gc,phases      ] GC(160)   Merge Heap Roots: 0.2ms
[40.801s][info][gc,phases      ] GC(160)   Evacuate Collection Set: 0.7ms
[40.801s][info][gc,phases      ] GC(160)   Post Evacuate Collection Set: 0.6ms
[40.801s][info][gc,phases      ] GC(160)   Other: 0.1ms
[40.801s][info][gc,heap        ] GC(160) Eden regions: 338->0(338)
[40.801s][info][gc,heap        ] GC(160) Survivor regions: 1->1(43)
[40.801s][info][gc,heap        ] GC(160) Old regions: 34->34
[40.801s][info][gc,heap        ] GC(160) Archive regions: 0->0
[40.801s][info][gc,heap        ] GC(160) Humongous regions: 0->0
[40.801s][info][gc,metaspace   ] GC(160) Metaspace: 74587K(75968K)->74587K(75968K) NonClass: 58941K(59648K)->58941K(59648K) Class: 15646K(16320K)->15646K(16320K)
[40.801s][info][gc             ] GC(160) Pause Young (Normal) (G1 Evacuation Pause) 715M->39M(1132M) 2.043ms
[40.801s][info][gc,cpu         ] GC(160) User=0.00s Sys=0.00s Real=0.00s
[41.399s][info][gc,start       ] GC(161) Pause Young (Normal) (G1 Evacuation Pause)
[41.399s][info][gc,task        ] GC(161) Using 28 workers of 33 for evacuation
[41.401s][info][gc,phases      ] GC(161)   Pre Evacuate Collection Set: 0.2ms
[41.401s][info][gc,phases      ] GC(161)   Merge Heap Roots: 0.2ms
[41.401s][info][gc,phases      ] GC(161)   Evacuate Collection Set: 0.8ms
[41.401s][info][gc,phases      ] GC(161)   Post Evacuate Collection Set: 0.6ms
[41.401s][info][gc,phases      ] GC(161)   Other: 0.1ms
[41.401s][info][gc,heap        ] GC(161) Eden regions: 338->0(338)
[41.401s][info][gc,heap        ] GC(161) Survivor regions: 1->1(43)
[41.401s][info][gc,heap        ] GC(161) Old regions: 34->34
[41.401s][info][gc,heap        ] GC(161) Archive regions: 0->0
[41.401s][info][gc,heap        ] GC(161) Humongous regions: 0->0
[41.401s][info][gc,metaspace   ] GC(161) Metaspace: 74587K(75968K)->74587K(75968K) NonClass: 58941K(59648K)->58941K(59648K) Class: 15646K(16320K)->15646K(16320K)
[41.401s][info][gc             ] GC(161) Pause Young (Normal) (G1 Evacuation Pause) 715M->39M(1132M) 2.240ms
[41.401s][info][gc,cpu         ] GC(161) User=0.44s Sys=0.00s Real=0.00s
[42.116s][info][gc,start       ] GC(162) Pause Young (Normal) (G1 Evacuation Pause)
[42.117s][info][gc,task        ] GC(162) Using 27 workers of 33 for evacuation
[42.118s][info][gc,phases      ] GC(162)   Pre Evacuate Collection Set: 0.2ms
[42.118s][info][gc,phases      ] GC(162)   Merge Heap Roots: 0.2ms
[42.118s][info][gc,phases      ] GC(162)   Evacuate Collection Set: 0.8ms
[42.119s][info][gc,phases      ] GC(162)   Post Evacuate Collection Set: 0.6ms
[42.119s][info][gc,phases      ] GC(162)   Other: 0.1ms
[42.119s][info][gc,heap        ] GC(162) Eden regions: 338->0(338)
[42.119s][info][gc,heap        ] GC(162) Survivor regions: 1->1(43)
[42.119s][info][gc,heap        ] GC(162) Old regions: 34->34
[42.119s][info][gc,heap        ] GC(162) Archive regions: 0->0
[42.119s][info][gc,heap        ] GC(162) Humongous regions: 0->0
[42.119s][info][gc,metaspace   ] GC(162) Metaspace: 74587K(75968K)->74587K(75968K) NonClass: 58941K(59648K)->58941K(59648K) Class: 15646K(16320K)->15646K(16320K)
[42.119s][info][gc             ] GC(162) Pause Young (Normal) (G1 Evacuation Pause) 715M->39M(1132M) 2.237ms
[42.119s][info][gc,cpu         ] GC(162) User=0.00s Sys=0.00s Real=0.00s
[42.786s][info][gc,start       ] GC(163) Pause Full (System.gc())
[42.787s][info][gc,task        ] GC(163) Using 27 workers of 33 for full compaction
[42.788s][info][gc,phases,start] GC(163) Phase 1: Mark live objects
[42.814s][info][gc,phases      ] GC(163) Phase 1: Mark live objects 25.446ms
[42.814s][info][gc,phases,start] GC(163) Phase 2: Prepare compaction
[42.816s][info][gc,phases      ] GC(163) Phase 2: Prepare compaction 2.535ms
[42.816s][info][gc,phases,start] GC(163) Phase 3: Adjust pointers
[42.825s][info][gc,phases      ] GC(163) Phase 3: Adjust pointers 9.242ms
[42.825s][info][gc,phases,start] GC(163) Phase 4: Compact heap
[42.827s][info][gc,phases      ] GC(163) Phase 4: Compact heap 1.177ms
[42.840s][info][gc,heap        ] GC(163) Eden regions: 229->0(64)
[42.840s][info][gc,heap        ] GC(163) Survivor regions: 1->0(43)
[42.840s][info][gc,heap        ] GC(163) Old regions: 34->32
[42.840s][info][gc,heap        ] GC(163) Archive regions: 0->0
[42.840s][info][gc,heap        ] GC(163) Humongous regions: 0->0
[42.840s][info][gc,metaspace   ] GC(163) Metaspace: 74612K(75968K)->74612K(75968K) NonClass: 58965K(59648K)->58965K(59648K) Class: 15646K(16320K)->15646K(16320K)
[42.840s][info][gc             ] GC(163) Pause Full (System.gc()) 497M->35M(214M) 53.785ms
[42.840s][info][gc,cpu         ] GC(163) User=0.56s Sys=0.00s Real=0.05s
[42.902s][info][gc,start       ] GC(164) Pause Young (Normal) (G1 Evacuation Pause)
[42.902s][info][gc,task        ] GC(164) Using 33 workers of 33 for evacuation
[42.905s][info][gc,phases      ] GC(164)   Pre Evacuate Collection Set: 0.2ms
[42.905s][info][gc,phases      ] GC(164)   Merge Heap Roots: 0.2ms
[42.905s][info][gc,phases      ] GC(164)   Evacuate Collection Set: 1.3ms
[42.905s][info][gc,phases      ] GC(164)   Post Evacuate Collection Set: 0.7ms
[42.905s][info][gc,phases      ] GC(164)   Other: 0.1ms
[42.905s][info][gc,heap        ] GC(164) Eden regions: 64->0(62)
[42.905s][info][gc,heap        ] GC(164) Survivor regions: 0->2(8)
[42.905s][info][gc,heap        ] GC(164) Old regions: 32->32
[42.905s][info][gc,heap        ] GC(164) Archive regions: 0->0
[42.905s][info][gc,heap        ] GC(164) Humongous regions: 0->0
[42.905s][info][gc,metaspace   ] GC(164) Metaspace: 74754K(75968K)->74754K(75968K) NonClass: 59107K(59648K)->59107K(59648K) Class: 15646K(16320K)->15646K(16320K)
[42.905s][info][gc             ] GC(164) Pause Young (Normal) (G1 Evacuation Pause) 163M->39M(214M) 2.691ms
[42.905s][info][gc,cpu         ] GC(164) User=0.00s Sys=0.00s Real=0.00s
[42.938s][info][gc,start       ] GC(165) Pause Young (Normal) (G1 Evacuation Pause)
[42.938s][info][gc,task        ] GC(165) Using 33 workers of 33 for evacuation
[42.940s][info][gc,phases      ] GC(165)   Pre Evacuate Collection Set: 0.2ms
[42.940s][info][gc,phases      ] GC(165)   Merge Heap Roots: 0.2ms
[42.940s][info][gc,phases      ] GC(165)   Evacuate Collection Set: 1.2ms
[42.940s][info][gc,phases      ] GC(165)   Post Evacuate Collection Set: 0.6ms
[42.940s][info][gc,phases      ] GC(165)   Other: 0.1ms
[42.940s][info][gc,heap        ] GC(165) Eden regions: 62->0(62)
[42.940s][info][gc,heap        ] GC(165) Survivor regions: 2->2(8)
[42.940s][info][gc,heap        ] GC(165) Old regions: 32->32
[42.940s][info][gc,heap        ] GC(165) Archive regions: 0->0
[42.940s][info][gc,heap        ] GC(165) Humongous regions: 0->0
[42.940s][info][gc,metaspace   ] GC(165) Metaspace: 74754K(75968K)->74754K(75968K) NonClass: 59107K(59648K)->59107K(59648K) Class: 15646K(16320K)->15646K(16320K)
[42.940s][info][gc             ] GC(165) Pause Young (Normal) (G1 Evacuation Pause) 163M->39M(214M) 2.460ms
[42.940s][info][gc,cpu         ] GC(165) User=0.00s Sys=0.00s Real=0.00s
[42.976s][info][gc,start       ] GC(166) Pause Young (Normal) (G1 Evacuation Pause)
[42.977s][info][gc,task        ] GC(166) Using 33 workers of 33 for evacuation
[42.979s][info][gc,phases      ] GC(166)   Pre Evacuate Collection Set: 0.2ms
[42.979s][info][gc,phases      ] GC(166)   Merge Heap Roots: 0.2ms
[42.979s][info][gc,phases      ] GC(166)   Evacuate Collection Set: 1.2ms
[42.979s][info][gc,phases      ] GC(166)   Post Evacuate Collection Set: 0.6ms
[42.979s][info][gc,phases      ] GC(166)   Other: 0.1ms
[42.979s][info][gc,heap        ] GC(166) Eden regions: 62->0(62)
[42.979s][info][gc,heap        ] GC(166) Survivor regions: 2->2(8)
[42.979s][info][gc,heap        ] GC(166) Old regions: 32->32
[42.979s][info][gc,heap        ] GC(166) Archive regions: 0->0
[42.979s][info][gc,heap        ] GC(166) Humongous regions: 0->0
[42.979s][info][gc,metaspace   ] GC(166) Metaspace: 74754K(75968K)->74754K(75968K) NonClass: 59107K(59648K)->59107K(59648K) Class: 15646K(16320K)->15646K(16320K)
[42.979s][info][gc             ] GC(166) Pause Young (Normal) (G1 Evacuation Pause) 163M->39M(214M) 2.516ms
[42.979s][info][gc,cpu         ] GC(166) User=0.53s Sys=0.00s Real=0.00s
[43.013s][info][gc,start       ] GC(167) Pause Young (Normal) (G1 Evacuation Pause)
[43.013s][info][gc,task        ] GC(167) Using 33 workers of 33 for evacuation
[43.018s][info][gc,phases      ] GC(167)   Pre Evacuate Collection Set: 0.2ms
[43.018s][info][gc,phases      ] GC(167)   Merge Heap Roots: 0.2ms
[43.018s][info][gc,phases      ] GC(167)   Evacuate Collection Set: 1.2ms
[43.018s][info][gc,phases      ] GC(167)   Post Evacuate Collection Set: 3.6ms
[43.018s][info][gc,phases      ] GC(167)   Other: 0.1ms
[43.018s][info][gc,heap        ] GC(167) Eden regions: 62->0(337)
[43.018s][info][gc,heap        ] GC(167) Survivor regions: 2->2(8)
[43.018s][info][gc,heap        ] GC(167) Old regions: 32->32
[43.018s][info][gc,heap        ] GC(167) Archive regions: 0->0
[43.018s][info][gc,heap        ] GC(167) Humongous regions: 0->0
[43.018s][info][gc,metaspace   ] GC(167) Metaspace: 74754K(75968K)->74754K(75968K) NonClass: 59107K(59648K)->59107K(59648K) Class: 15646K(16320K)->15646K(16320K)
[43.018s][info][gc             ] GC(167) Pause Young (Normal) (G1 Evacuation Pause) 163M->39M(1132M) 5.577ms
[43.018s][info][gc,cpu         ] GC(167) User=0.00s Sys=0.00s Real=0.00s
[43.275s][info][gc,start       ] GC(168) Pause Young (Normal) (G1 Evacuation Pause)
[43.275s][info][gc,task        ] GC(168) Using 33 workers of 33 for evacuation
[43.279s][info][gc,phases      ] GC(168)   Pre Evacuate Collection Set: 0.2ms
[43.279s][info][gc,phases      ] GC(168)   Merge Heap Roots: 0.2ms
[43.279s][info][gc,phases      ] GC(168)   Evacuate Collection Set: 2.8ms
[43.279s][info][gc,phases      ] GC(168)   Post Evacuate Collection Set: 0.7ms
[43.279s][info][gc,phases      ] GC(168)   Other: 0.1ms
[43.279s][info][gc,heap        ] GC(168) Eden regions: 337->0(337)
[43.279s][info][gc,heap        ] GC(168) Survivor regions: 2->2(43)
[43.279s][info][gc,heap        ] GC(168) Old regions: 32->32
[43.279s][info][gc,heap        ] GC(168) Archive regions: 0->0
[43.279s][info][gc,heap        ] GC(168) Humongous regions: 0->0
[43.279s][info][gc,metaspace   ] GC(168) Metaspace: 74754K(75968K)->74754K(75968K) NonClass: 59107K(59648K)->59107K(59648K) Class: 15646K(16320K)->15646K(16320K)
[43.279s][info][gc             ] GC(168) Pause Young (Normal) (G1 Evacuation Pause) 713M->39M(1132M) 4.330ms
[43.279s][info][gc,cpu         ] GC(168) User=0.00s Sys=0.00s Real=0.00s
[43.453s][info][gc,start       ] GC(169) Pause Young (Normal) (G1 Evacuation Pause)
[43.453s][info][gc,task        ] GC(169) Using 33 workers of 33 for evacuation
[43.457s][info][gc,phases      ] GC(169)   Pre Evacuate Collection Set: 0.2ms
[43.457s][info][gc,phases      ] GC(169)   Merge Heap Roots: 0.2ms
[43.457s][info][gc,phases      ] GC(169)   Evacuate Collection Set: 2.4ms
[43.457s][info][gc,phases      ] GC(169)   Post Evacuate Collection Set: 0.8ms
[43.457s][info][gc,phases      ] GC(169)   Other: 0.1ms
[43.457s][info][gc,heap        ] GC(169) Eden regions: 337->0(337)
[43.457s][info][gc,heap        ] GC(169) Survivor regions: 2->2(43)
[43.457s][info][gc,heap        ] GC(169) Old regions: 32->32
[43.457s][info][gc,heap        ] GC(169) Archive regions: 0->0
[43.457s][info][gc,heap        ] GC(169) Humongous regions: 0->0
[43.457s][info][gc,metaspace   ] GC(169) Metaspace: 74754K(75968K)->74754K(75968K) NonClass: 59107K(59648K)->59107K(59648K) Class: 15646K(16320K)->15646K(16320K)
[43.457s][info][gc             ] GC(169) Pause Young (Normal) (G1 Evacuation Pause) 713M->39M(1132M) 3.921ms
[43.457s][info][gc,cpu         ] GC(169) User=0.00s Sys=0.00s Real=0.00s
[43.630s][info][gc,start       ] GC(170) Pause Young (Normal) (G1 Evacuation Pause)
[43.630s][info][gc,task        ] GC(170) Using 33 workers of 33 for evacuation
[43.633s][info][gc,phases      ] GC(170)   Pre Evacuate Collection Set: 0.2ms
[43.633s][info][gc,phases      ] GC(170)   Merge Heap Roots: 0.2ms
[43.633s][info][gc,phases      ] GC(170)   Evacuate Collection Set: 1.2ms
[43.633s][info][gc,phases      ] GC(170)   Post Evacuate Collection Set: 0.7ms
[43.633s][info][gc,phases      ] GC(170)   Other: 0.1ms
[43.633s][info][gc,heap        ] GC(170) Eden regions: 337->0(337)
[43.633s][info][gc,heap        ] GC(170) Survivor regions: 2->2(43)
[43.633s][info][gc,heap        ] GC(170) Old regions: 32->32
[43.633s][info][gc,heap        ] GC(170) Archive regions: 0->0
[43.633s][info][gc,heap        ] GC(170) Humongous regions: 0->0
[43.633s][info][gc,metaspace   ] GC(170) Metaspace: 74754K(75968K)->74754K(75968K) NonClass: 59107K(59648K)->59107K(59648K) Class: 15646K(16320K)->15646K(16320K)
[43.633s][info][gc             ] GC(170) Pause Young (Normal) (G1 Evacuation Pause) 713M->39M(1132M) 2.728ms
[43.633s][info][gc,cpu         ] GC(170) User=0.00s Sys=0.00s Real=0.00s
[43.806s][info][gc,start       ] GC(171) Pause Young (Normal) (G1 Evacuation Pause)
[43.806s][info][gc,task        ] GC(171) Using 33 workers of 33 for evacuation
[43.809s][info][gc,phases      ] GC(171)   Pre Evacuate Collection Set: 0.2ms
[43.809s][info][gc,phases      ] GC(171)   Merge Heap Roots: 0.2ms
[43.809s][info][gc,phases      ] GC(171)   Evacuate Collection Set: 1.2ms
[43.809s][info][gc,phases      ] GC(171)   Post Evacuate Collection Set: 0.8ms
[43.809s][info][gc,phases      ] GC(171)   Other: 0.1ms
[43.809s][info][gc,heap        ] GC(171) Eden regions: 337->0(337)
[43.809s][info][gc,heap        ] GC(171) Survivor regions: 2->2(43)
[43.809s][info][gc,heap        ] GC(171) Old regions: 32->32
[43.809s][info][gc,heap        ] GC(171) Archive regions: 0->0
[43.809s][info][gc,heap        ] GC(171) Humongous regions: 0->0
[43.809s][info][gc,metaspace   ] GC(171) Metaspace: 74754K(75968K)->74754K(75968K) NonClass: 59107K(59648K)->59107K(59648K) Class: 15646K(16320K)->15646K(16320K)
[43.809s][info][gc             ] GC(171) Pause Young (Normal) (G1 Evacuation Pause) 713M->39M(1132M) 2.717ms
[43.809s][info][gc,cpu         ] GC(171) User=0.00s Sys=0.00s Real=0.00s
[43.983s][info][gc,start       ] GC(172) Pause Young (Normal) (G1 Evacuation Pause)
[43.983s][info][gc,task        ] GC(172) Using 33 workers of 33 for evacuation
[43.986s][info][gc,phases      ] GC(172)   Pre Evacuate Collection Set: 0.2ms
[43.986s][info][gc,phases      ] GC(172)   Merge Heap Roots: 0.2ms
[43.986s][info][gc,phases      ] GC(172)   Evacuate Collection Set: 1.1ms
[43.986s][info][gc,phases      ] GC(172)   Post Evacuate Collection Set: 0.8ms
[43.986s][info][gc,phases      ] GC(172)   Other: 0.1ms
[43.986s][info][gc,heap        ] GC(172) Eden regions: 337->0(337)
[43.986s][info][gc,heap        ] GC(172) Survivor regions: 2->2(43)
[43.986s][info][gc,heap        ] GC(172) Old regions: 32->32
[43.986s][info][gc,heap        ] GC(172) Archive regions: 0->0
[43.986s][info][gc,heap        ] GC(172) Humongous regions: 0->0
[43.986s][info][gc,metaspace   ] GC(172) Metaspace: 74754K(75968K)->74754K(75968K) NonClass: 59107K(59648K)->59107K(59648K) Class: 15646K(16320K)->15646K(16320K)
[43.986s][info][gc             ] GC(172) Pause Young (Normal) (G1 Evacuation Pause) 713M->39M(1132M) 2.706ms
[43.986s][info][gc,cpu         ] GC(172) User=0.00s Sys=0.00s Real=0.00s
[44.161s][info][gc,start       ] GC(173) Pause Young (Normal) (G1 Evacuation Pause)
[44.161s][info][gc,task        ] GC(173) Using 33 workers of 33 for evacuation
[44.163s][info][gc,phases      ] GC(173)   Pre Evacuate Collection Set: 0.2ms
[44.163s][info][gc,phases      ] GC(173)   Merge Heap Roots: 0.2ms
[44.163s][info][gc,phases      ] GC(173)   Evacuate Collection Set: 1.2ms
[44.163s][info][gc,phases      ] GC(173)   Post Evacuate Collection Set: 0.8ms
[44.163s][info][gc,phases      ] GC(173)   Other: 0.1ms
[44.163s][info][gc,heap        ] GC(173) Eden regions: 337->0(337)
[44.163s][info][gc,heap        ] GC(173) Survivor regions: 2->2(43)
[44.164s][info][gc,heap        ] GC(173) Old regions: 32->32
[44.164s][info][gc,heap        ] GC(173) Archive regions: 0->0
[44.164s][info][gc,heap        ] GC(173) Humongous regions: 0->0
[44.164s][info][gc,metaspace   ] GC(173) Metaspace: 74754K(75968K)->74754K(75968K) NonClass: 59107K(59648K)->59107K(59648K) Class: 15646K(16320K)->15646K(16320K)
[44.164s][info][gc             ] GC(173) Pause Young (Normal) (G1 Evacuation Pause) 713M->39M(1132M) 2.771ms
[44.164s][info][gc,cpu         ] GC(173) User=0.00s Sys=0.00s Real=0.00s
[44.337s][info][gc,start       ] GC(174) Pause Young (Normal) (G1 Evacuation Pause)
[44.338s][info][gc,task        ] GC(174) Using 33 workers of 33 for evacuation
[44.340s][info][gc,phases      ] GC(174)   Pre Evacuate Collection Set: 0.2ms
[44.340s][info][gc,phases      ] GC(174)   Merge Heap Roots: 0.2ms
[44.340s][info][gc,phases      ] GC(174)   Evacuate Collection Set: 1.2ms
[44.340s][info][gc,phases      ] GC(174)   Post Evacuate Collection Set: 0.8ms
[44.340s][info][gc,phases      ] GC(174)   Other: 0.1ms
[44.340s][info][gc,heap        ] GC(174) Eden regions: 337->0(337)
[44.340s][info][gc,heap        ] GC(174) Survivor regions: 2->2(43)
[44.340s][info][gc,heap        ] GC(174) Old regions: 32->32
[44.340s][info][gc,heap        ] GC(174) Archive regions: 0->0
[44.340s][info][gc,heap        ] GC(174) Humongous regions: 0->0
[44.340s][info][gc,metaspace   ] GC(174) Metaspace: 74754K(75968K)->74754K(75968K) NonClass: 59107K(59648K)->59107K(59648K) Class: 15646K(16320K)->15646K(16320K)
[44.340s][info][gc             ] GC(174) Pause Young (Normal) (G1 Evacuation Pause) 713M->39M(1132M) 2.770ms
[44.340s][info][gc,cpu         ] GC(174) User=0.00s Sys=0.00s Real=0.00s
[44.514s][info][gc,start       ] GC(175) Pause Young (Normal) (G1 Evacuation Pause)
[44.514s][info][gc,task        ] GC(175) Using 33 workers of 33 for evacuation
[44.516s][info][gc,phases      ] GC(175)   Pre Evacuate Collection Set: 0.2ms
[44.516s][info][gc,phases      ] GC(175)   Merge Heap Roots: 0.2ms
[44.516s][info][gc,phases      ] GC(175)   Evacuate Collection Set: 1.2ms
[44.516s][info][gc,phases      ] GC(175)   Post Evacuate Collection Set: 0.7ms
[44.516s][info][gc,phases      ] GC(175)   Other: 0.1ms
[44.516s][info][gc,heap        ] GC(175) Eden regions: 337->0(337)
[44.517s][info][gc,heap        ] GC(175) Survivor regions: 2->2(43)
[44.517s][info][gc,heap        ] GC(175) Old regions: 32->32
[44.517s][info][gc,heap        ] GC(175) Archive regions: 0->0
[44.517s][info][gc,heap        ] GC(175) Humongous regions: 0->0
[44.517s][info][gc,metaspace   ] GC(175) Metaspace: 74754K(75968K)->74754K(75968K) NonClass: 59107K(59648K)->59107K(59648K) Class: 15646K(16320K)->15646K(16320K)
[44.517s][info][gc             ] GC(175) Pause Young (Normal) (G1 Evacuation Pause) 713M->39M(1132M) 2.656ms
[44.517s][info][gc,cpu         ] GC(175) User=0.00s Sys=0.00s Real=0.00s
[44.691s][info][gc,start       ] GC(176) Pause Young (Normal) (G1 Evacuation Pause)
[44.692s][info][gc,task        ] GC(176) Using 33 workers of 33 for evacuation
[44.694s][info][gc,phases      ] GC(176)   Pre Evacuate Collection Set: 0.2ms
[44.694s][info][gc,phases      ] GC(176)   Merge Heap Roots: 0.2ms
[44.694s][info][gc,phases      ] GC(176)   Evacuate Collection Set: 1.2ms
[44.694s][info][gc,phases      ] GC(176)   Post Evacuate Collection Set: 0.8ms
[44.694s][info][gc,phases      ] GC(176)   Other: 0.1ms
[44.694s][info][gc,heap        ] GC(176) Eden regions: 337->0(337)
[44.694s][info][gc,heap        ] GC(176) Survivor regions: 2->2(43)
[44.694s][info][gc,heap        ] GC(176) Old regions: 32->32
[44.694s][info][gc,heap        ] GC(176) Archive regions: 0->0
[44.694s][info][gc,heap        ] GC(176) Humongous regions: 0->0
[44.694s][info][gc,metaspace   ] GC(176) Metaspace: 74755K(75968K)->74755K(75968K) NonClass: 59108K(59648K)->59108K(59648K) Class: 15646K(16320K)->15646K(16320K)
[44.694s][info][gc             ] GC(176) Pause Young (Normal) (G1 Evacuation Pause) 713M->39M(1132M) 2.800ms
[44.694s][info][gc,cpu         ] GC(176) User=0.00s Sys=0.00s Real=0.00s
[44.868s][info][gc,start       ] GC(177) Pause Young (Normal) (G1 Evacuation Pause)
[44.868s][info][gc,task        ] GC(177) Using 33 workers of 33 for evacuation
[44.871s][info][gc,phases      ] GC(177)   Pre Evacuate Collection Set: 0.2ms
[44.871s][info][gc,phases      ] GC(177)   Merge Heap Roots: 0.2ms
[44.871s][info][gc,phases      ] GC(177)   Evacuate Collection Set: 1.2ms
[44.871s][info][gc,phases      ] GC(177)   Post Evacuate Collection Set: 0.8ms
[44.871s][info][gc,phases      ] GC(177)   Other: 0.1ms
[44.871s][info][gc,heap        ] GC(177) Eden regions: 337->0(337)
[44.871s][info][gc,heap        ] GC(177) Survivor regions: 2->2(43)
[44.871s][info][gc,heap        ] GC(177) Old regions: 32->32
[44.871s][info][gc,heap        ] GC(177) Archive regions: 0->0
[44.871s][info][gc,heap        ] GC(177) Humongous regions: 0->0
[44.871s][info][gc,metaspace   ] GC(177) Metaspace: 74755K(75968K)->74755K(75968K) NonClass: 59108K(59648K)->59108K(59648K) Class: 15646K(16320K)->15646K(16320K)
[44.871s][info][gc             ] GC(177) Pause Young (Normal) (G1 Evacuation Pause) 713M->39M(1132M) 2.771ms
[44.871s][info][gc,cpu         ] GC(177) User=0.38s Sys=0.06s Real=0.00s
[45.045s][info][gc,start       ] GC(178) Pause Young (Normal) (G1 Evacuation Pause)
[45.045s][info][gc,task        ] GC(178) Using 33 workers of 33 for evacuation
[45.048s][info][gc,phases      ] GC(178)   Pre Evacuate Collection Set: 0.2ms
[45.048s][info][gc,phases      ] GC(178)   Merge Heap Roots: 0.2ms
[45.048s][info][gc,phases      ] GC(178)   Evacuate Collection Set: 1.2ms
[45.048s][info][gc,phases      ] GC(178)   Post Evacuate Collection Set: 0.8ms
[45.048s][info][gc,phases      ] GC(178)   Other: 0.1ms
[45.048s][info][gc,heap        ] GC(178) Eden regions: 337->0(337)
[45.048s][info][gc,heap        ] GC(178) Survivor regions: 2->2(43)
[45.048s][info][gc,heap        ] GC(178) Old regions: 32->32
[45.048s][info][gc,heap        ] GC(178) Archive regions: 0->0
[45.048s][info][gc,heap        ] GC(178) Humongous regions: 0->0
[45.048s][info][gc,metaspace   ] GC(178) Metaspace: 74755K(75968K)->74755K(75968K) NonClass: 59108K(59648K)->59108K(59648K) Class: 15646K(16320K)->15646K(16320K)
[45.048s][info][gc             ] GC(178) Pause Young (Normal) (G1 Evacuation Pause) 713M->39M(1132M) 2.762ms
[45.048s][info][gc,cpu         ] GC(178) User=0.00s Sys=0.00s Real=0.00s
[45.222s][info][gc,start       ] GC(179) Pause Young (Normal) (G1 Evacuation Pause)
[45.222s][info][gc,task        ] GC(179) Using 33 workers of 33 for evacuation
[45.224s][info][gc,phases      ] GC(179)   Pre Evacuate Collection Set: 0.2ms
[45.224s][info][gc,phases      ] GC(179)   Merge Heap Roots: 0.2ms
[45.224s][info][gc,phases      ] GC(179)   Evacuate Collection Set: 1.3ms
[45.224s][info][gc,phases      ] GC(179)   Post Evacuate Collection Set: 0.6ms
[45.224s][info][gc,phases      ] GC(179)   Other: 0.1ms
[45.224s][info][gc,heap        ] GC(179) Eden regions: 337->0(338)
[45.224s][info][gc,heap        ] GC(179) Survivor regions: 2->1(43)
[45.224s][info][gc,heap        ] GC(179) Old regions: 32->34
[45.224s][info][gc,heap        ] GC(179) Archive regions: 0->0
[45.224s][info][gc,heap        ] GC(179) Humongous regions: 0->0
[45.224s][info][gc,metaspace   ] GC(179) Metaspace: 74755K(75968K)->74755K(75968K) NonClass: 59108K(59648K)->59108K(59648K) Class: 15646K(16320K)->15646K(16320K)
[45.224s][info][gc             ] GC(179) Pause Young (Normal) (G1 Evacuation Pause) 713M->39M(1132M) 2.605ms
[45.225s][info][gc,cpu         ] GC(179) User=0.00s Sys=0.00s Real=0.00s
[45.400s][info][gc,start       ] GC(180) Pause Young (Normal) (G1 Evacuation Pause)
[45.400s][info][gc,task        ] GC(180) Using 33 workers of 33 for evacuation
[45.402s][info][gc,phases      ] GC(180)   Pre Evacuate Collection Set: 0.2ms
[45.402s][info][gc,phases      ] GC(180)   Merge Heap Roots: 0.2ms
[45.402s][info][gc,phases      ] GC(180)   Evacuate Collection Set: 0.9ms
[45.402s][info][gc,phases      ] GC(180)   Post Evacuate Collection Set: 0.6ms
[45.402s][info][gc,phases      ] GC(180)   Other: 0.1ms
[45.402s][info][gc,heap        ] GC(180) Eden regions: 338->0(338)
[45.402s][info][gc,heap        ] GC(180) Survivor regions: 1->1(43)
[45.402s][info][gc,heap        ] GC(180) Old regions: 34->34
[45.402s][info][gc,heap        ] GC(180) Archive regions: 0->0
[45.402s][info][gc,heap        ] GC(180) Humongous regions: 0->0
[45.402s][info][gc,metaspace   ] GC(180) Metaspace: 74755K(75968K)->74755K(75968K) NonClass: 59108K(59648K)->59108K(59648K) Class: 15646K(16320K)->15646K(16320K)
[45.402s][info][gc             ] GC(180) Pause Young (Normal) (G1 Evacuation Pause) 715M->39M(1132M) 2.184ms
[45.402s][info][gc,cpu         ] GC(180) User=0.02s Sys=0.00s Real=0.00s
[45.577s][info][gc,start       ] GC(181) Pause Young (Normal) (G1 Evacuation Pause)
[45.577s][info][gc,task        ] GC(181) Using 33 workers of 33 for evacuation
[45.579s][info][gc,phases      ] GC(181)   Pre Evacuate Collection Set: 0.2ms
[45.579s][info][gc,phases      ] GC(181)   Merge Heap Roots: 0.2ms
[45.579s][info][gc,phases      ] GC(181)   Evacuate Collection Set: 0.8ms
[45.579s][info][gc,phases      ] GC(181)   Post Evacuate Collection Set: 0.5ms
[45.579s][info][gc,phases      ] GC(181)   Other: 0.1ms
[45.579s][info][gc,heap        ] GC(181) Eden regions: 338->0(338)
[45.579s][info][gc,heap        ] GC(181) Survivor regions: 1->1(43)
[45.579s][info][gc,heap        ] GC(181) Old regions: 34->34
[45.579s][info][gc,heap        ] GC(181) Archive regions: 0->0
[45.579s][info][gc,heap        ] GC(181) Humongous regions: 0->0
[45.579s][info][gc,metaspace   ] GC(181) Metaspace: 74755K(75968K)->74755K(75968K) NonClass: 59108K(59648K)->59108K(59648K) Class: 15646K(16320K)->15646K(16320K)
[45.579s][info][gc             ] GC(181) Pause Young (Normal) (G1 Evacuation Pause) 715M->39M(1132M) 2.147ms
[45.579s][info][gc,cpu         ] GC(181) User=0.00s Sys=0.00s Real=0.00s
[45.756s][info][gc,start       ] GC(182) Pause Young (Normal) (G1 Evacuation Pause)
[45.756s][info][gc,task        ] GC(182) Using 33 workers of 33 for evacuation
[45.758s][info][gc,phases      ] GC(182)   Pre Evacuate Collection Set: 0.2ms
[45.758s][info][gc,phases      ] GC(182)   Merge Heap Roots: 0.2ms
[45.758s][info][gc,phases      ] GC(182)   Evacuate Collection Set: 0.9ms
[45.758s][info][gc,phases      ] GC(182)   Post Evacuate Collection Set: 0.6ms
[45.758s][info][gc,phases      ] GC(182)   Other: 0.1ms
[45.758s][info][gc,heap        ] GC(182) Eden regions: 338->0(338)
[45.758s][info][gc,heap        ] GC(182) Survivor regions: 1->1(43)
[45.758s][info][gc,heap        ] GC(182) Old regions: 34->34
[45.758s][info][gc,heap        ] GC(182) Archive regions: 0->0
[45.758s][info][gc,heap        ] GC(182) Humongous regions: 0->0
[45.758s][info][gc,metaspace   ] GC(182) Metaspace: 74755K(75968K)->74755K(75968K) NonClass: 59108K(59648K)->59108K(59648K) Class: 15646K(16320K)->15646K(16320K)
[45.758s][info][gc             ] GC(182) Pause Young (Normal) (G1 Evacuation Pause) 715M->39M(1132M) 2.284ms
[45.758s][info][gc,cpu         ] GC(182) User=0.00s Sys=0.00s Real=0.00s
[45.934s][info][gc,start       ] GC(183) Pause Young (Normal) (G1 Evacuation Pause)
[45.934s][info][gc,task        ] GC(183) Using 33 workers of 33 for evacuation
[45.936s][info][gc,phases      ] GC(183)   Pre Evacuate Collection Set: 0.2ms
[45.936s][info][gc,phases      ] GC(183)   Merge Heap Roots: 0.2ms
[45.936s][info][gc,phases      ] GC(183)   Evacuate Collection Set: 0.9ms
[45.936s][info][gc,phases      ] GC(183)   Post Evacuate Collection Set: 0.6ms
[45.936s][info][gc,phases      ] GC(183)   Other: 0.1ms
[45.936s][info][gc,heap        ] GC(183) Eden regions: 338->0(338)
[45.936s][info][gc,heap        ] GC(183) Survivor regions: 1->1(43)
[45.936s][info][gc,heap        ] GC(183) Old regions: 34->34
[45.936s][info][gc,heap        ] GC(183) Archive regions: 0->0
[45.936s][info][gc,heap        ] GC(183) Humongous regions: 0->0
[45.936s][info][gc,metaspace   ] GC(183) Metaspace: 74755K(75968K)->74755K(75968K) NonClass: 59108K(59648K)->59108K(59648K) Class: 15646K(16320K)->15646K(16320K)
[45.936s][info][gc             ] GC(183) Pause Young (Normal) (G1 Evacuation Pause) 715M->39M(1132M) 2.257ms
[45.936s][info][gc,cpu         ] GC(183) User=0.00s Sys=0.00s Real=0.00s
[46.111s][info][gc,start       ] GC(184) Pause Young (Normal) (G1 Evacuation Pause)
[46.112s][info][gc,task        ] GC(184) Using 33 workers of 33 for evacuation
[46.114s][info][gc,phases      ] GC(184)   Pre Evacuate Collection Set: 0.2ms
[46.114s][info][gc,phases      ] GC(184)   Merge Heap Roots: 0.2ms
[46.114s][info][gc,phases      ] GC(184)   Evacuate Collection Set: 0.9ms
[46.114s][info][gc,phases      ] GC(184)   Post Evacuate Collection Set: 0.6ms
[46.114s][info][gc,phases      ] GC(184)   Other: 0.1ms
[46.114s][info][gc,heap        ] GC(184) Eden regions: 338->0(338)
[46.114s][info][gc,heap        ] GC(184) Survivor regions: 1->1(43)
[46.114s][info][gc,heap        ] GC(184) Old regions: 34->34
[46.114s][info][gc,heap        ] GC(184) Archive regions: 0->0
[46.114s][info][gc,heap        ] GC(184) Humongous regions: 0->0
[46.114s][info][gc,metaspace   ] GC(184) Metaspace: 74755K(75968K)->74755K(75968K) NonClass: 59108K(59648K)->59108K(59648K) Class: 15646K(16320K)->15646K(16320K)
[46.114s][info][gc             ] GC(184) Pause Young (Normal) (G1 Evacuation Pause) 715M->39M(1132M) 2.304ms
[46.114s][info][gc,cpu         ] GC(184) User=0.00s Sys=0.00s Real=0.00s
[46.290s][info][gc,start       ] GC(185) Pause Young (Normal) (G1 Evacuation Pause)
[46.291s][info][gc,task        ] GC(185) Using 33 workers of 33 for evacuation
[46.293s][info][gc,phases      ] GC(185)   Pre Evacuate Collection Set: 0.2ms
[46.293s][info][gc,phases      ] GC(185)   Merge Heap Roots: 0.2ms
[46.293s][info][gc,phases      ] GC(185)   Evacuate Collection Set: 1.0ms
[46.293s][info][gc,phases      ] GC(185)   Post Evacuate Collection Set: 0.6ms
[46.293s][info][gc,phases      ] GC(185)   Other: 0.1ms
[46.293s][info][gc,heap        ] GC(185) Eden regions: 338->0(338)
[46.293s][info][gc,heap        ] GC(185) Survivor regions: 1->1(43)
[46.293s][info][gc,heap        ] GC(185) Old regions: 34->34
[46.293s][info][gc,heap        ] GC(185) Archive regions: 0->0
[46.293s][info][gc,heap        ] GC(185) Humongous regions: 0->0
[46.293s][info][gc,metaspace   ] GC(185) Metaspace: 74755K(75968K)->74755K(75968K) NonClass: 59108K(59648K)->59108K(59648K) Class: 15646K(16320K)->15646K(16320K)
[46.293s][info][gc             ] GC(185) Pause Young (Normal) (G1 Evacuation Pause) 715M->39M(1132M) 2.345ms
[46.293s][info][gc,cpu         ] GC(185) User=0.00s Sys=0.00s Real=0.00s
[46.469s][info][gc,start       ] GC(186) Pause Young (Normal) (G1 Evacuation Pause)
[46.483s][info][gc,task        ] GC(186) Using 33 workers of 33 for evacuation
[46.485s][info][gc,phases      ] GC(186)   Pre Evacuate Collection Set: 0.2ms
[46.485s][info][gc,phases      ] GC(186)   Merge Heap Roots: 0.2ms
[46.485s][info][gc,phases      ] GC(186)   Evacuate Collection Set: 1.0ms
[46.485s][info][gc,phases      ] GC(186)   Post Evacuate Collection Set: 0.6ms
[46.485s][info][gc,phases      ] GC(186)   Other: 0.1ms
[46.485s][info][gc,heap        ] GC(186) Eden regions: 338->0(338)
[46.485s][info][gc,heap        ] GC(186) Survivor regions: 1->1(43)
[46.485s][info][gc,heap        ] GC(186) Old regions: 34->34
[46.485s][info][gc,heap        ] GC(186) Archive regions: 0->0
[46.485s][info][gc,heap        ] GC(186) Humongous regions: 0->0
[46.485s][info][gc,metaspace   ] GC(186) Metaspace: 74755K(75968K)->74755K(75968K) NonClass: 59108K(59648K)->59108K(59648K) Class: 15646K(16320K)->15646K(16320K)
[46.485s][info][gc             ] GC(186) Pause Young (Normal) (G1 Evacuation Pause) 715M->39M(1132M) 15.809ms
[46.485s][info][gc,cpu         ] GC(186) User=0.00s Sys=0.00s Real=0.02s
[46.661s][info][gc,start       ] GC(187) Pause Young (Normal) (G1 Evacuation Pause)
[46.661s][info][gc,task        ] GC(187) Using 33 workers of 33 for evacuation
[46.663s][info][gc,phases      ] GC(187)   Pre Evacuate Collection Set: 0.2ms
[46.663s][info][gc,phases      ] GC(187)   Merge Heap Roots: 0.2ms
[46.663s][info][gc,phases      ] GC(187)   Evacuate Collection Set: 0.9ms
[46.663s][info][gc,phases      ] GC(187)   Post Evacuate Collection Set: 0.6ms
[46.663s][info][gc,phases      ] GC(187)   Other: 0.1ms
[46.663s][info][gc,heap        ] GC(187) Eden regions: 338->0(338)
[46.663s][info][gc,heap        ] GC(187) Survivor regions: 1->1(43)
[46.663s][info][gc,heap        ] GC(187) Old regions: 34->34
[46.663s][info][gc,heap        ] GC(187) Archive regions: 0->0
[46.663s][info][gc,heap        ] GC(187) Humongous regions: 0->0
[46.663s][info][gc,metaspace   ] GC(187) Metaspace: 74755K(75968K)->74755K(75968K) NonClass: 59108K(59648K)->59108K(59648K) Class: 15646K(16320K)->15646K(16320K)
[46.663s][info][gc             ] GC(187) Pause Young (Normal) (G1 Evacuation Pause) 715M->39M(1132M) 2.244ms
[46.663s][info][gc,cpu         ] GC(187) User=0.00s Sys=0.00s Real=0.00s
[46.838s][info][gc,start       ] GC(188) Pause Young (Normal) (G1 Evacuation Pause)
[46.838s][info][gc,task        ] GC(188) Using 33 workers of 33 for evacuation
[46.840s][info][gc,phases      ] GC(188)   Pre Evacuate Collection Set: 0.2ms
[46.840s][info][gc,phases      ] GC(188)   Merge Heap Roots: 0.2ms
[46.840s][info][gc,phases      ] GC(188)   Evacuate Collection Set: 0.9ms
[46.840s][info][gc,phases      ] GC(188)   Post Evacuate Collection Set: 0.6ms
[46.840s][info][gc,phases      ] GC(188)   Other: 0.1ms
[46.840s][info][gc,heap        ] GC(188) Eden regions: 338->0(338)
[46.840s][info][gc,heap        ] GC(188) Survivor regions: 1->1(43)
[46.840s][info][gc,heap        ] GC(188) Old regions: 34->34
[46.840s][info][gc,heap        ] GC(188) Archive regions: 0->0
[46.840s][info][gc,heap        ] GC(188) Humongous regions: 0->0
[46.840s][info][gc,metaspace   ] GC(188) Metaspace: 74755K(75968K)->74755K(75968K) NonClass: 59108K(59648K)->59108K(59648K) Class: 15646K(16320K)->15646K(16320K)
[46.840s][info][gc             ] GC(188) Pause Young (Normal) (G1 Evacuation Pause) 715M->39M(1132M) 2.236ms
[46.840s][info][gc,cpu         ] GC(188) User=0.00s Sys=0.00s Real=0.00s
[47.016s][info][gc,start       ] GC(189) Pause Young (Normal) (G1 Evacuation Pause)
[47.016s][info][gc,task        ] GC(189) Using 33 workers of 33 for evacuation
[47.018s][info][gc,phases      ] GC(189)   Pre Evacuate Collection Set: 0.2ms
[47.018s][info][gc,phases      ] GC(189)   Merge Heap Roots: 0.2ms
[47.018s][info][gc,phases      ] GC(189)   Evacuate Collection Set: 0.9ms
[47.018s][info][gc,phases      ] GC(189)   Post Evacuate Collection Set: 0.6ms
[47.018s][info][gc,phases      ] GC(189)   Other: 0.1ms
[47.018s][info][gc,heap        ] GC(189) Eden regions: 338->0(338)
[47.018s][info][gc,heap        ] GC(189) Survivor regions: 1->1(43)
[47.018s][info][gc,heap        ] GC(189) Old regions: 34->34
[47.018s][info][gc,heap        ] GC(189) Archive regions: 0->0
[47.018s][info][gc,heap        ] GC(189) Humongous regions: 0->0
[47.018s][info][gc,metaspace   ] GC(189) Metaspace: 74755K(75968K)->74755K(75968K) NonClass: 59108K(59648K)->59108K(59648K) Class: 15646K(16320K)->15646K(16320K)
[47.018s][info][gc             ] GC(189) Pause Young (Normal) (G1 Evacuation Pause) 715M->39M(1132M) 2.225ms
[47.018s][info][gc,cpu         ] GC(189) User=0.00s Sys=0.00s Real=0.00s
[47.197s][info][gc,start       ] GC(190) Pause Young (Normal) (G1 Evacuation Pause)
[47.197s][info][gc,task        ] GC(190) Using 33 workers of 33 for evacuation
[47.199s][info][gc,phases      ] GC(190)   Pre Evacuate Collection Set: 0.2ms
[47.199s][info][gc,phases      ] GC(190)   Merge Heap Roots: 0.2ms
[47.199s][info][gc,phases      ] GC(190)   Evacuate Collection Set: 0.9ms
[47.199s][info][gc,phases      ] GC(190)   Post Evacuate Collection Set: 0.6ms
[47.199s][info][gc,phases      ] GC(190)   Other: 0.1ms
[47.199s][info][gc,heap        ] GC(190) Eden regions: 338->0(338)
[47.199s][info][gc,heap        ] GC(190) Survivor regions: 1->1(43)
[47.199s][info][gc,heap        ] GC(190) Old regions: 34->34
[47.199s][info][gc,heap        ] GC(190) Archive regions: 0->0
[47.199s][info][gc,heap        ] GC(190) Humongous regions: 0->0
[47.199s][info][gc,metaspace   ] GC(190) Metaspace: 74755K(75968K)->74755K(75968K) NonClass: 59108K(59648K)->59108K(59648K) Class: 15646K(16320K)->15646K(16320K)
[47.199s][info][gc             ] GC(190) Pause Young (Normal) (G1 Evacuation Pause) 715M->39M(1132M) 2.351ms
[47.200s][info][gc,cpu         ] GC(190) User=0.00s Sys=0.00s Real=0.00s
[47.380s][info][gc,start       ] GC(191) Pause Young (Normal) (G1 Evacuation Pause)
[47.380s][info][gc,task        ] GC(191) Using 33 workers of 33 for evacuation
[47.382s][info][gc,phases      ] GC(191)   Pre Evacuate Collection Set: 0.2ms
[47.382s][info][gc,phases      ] GC(191)   Merge Heap Roots: 0.2ms
[47.382s][info][gc,phases      ] GC(191)   Evacuate Collection Set: 0.9ms
[47.382s][info][gc,phases      ] GC(191)   Post Evacuate Collection Set: 0.6ms
[47.382s][info][gc,phases      ] GC(191)   Other: 0.1ms
[47.382s][info][gc,heap        ] GC(191) Eden regions: 338->0(338)
[47.382s][info][gc,heap        ] GC(191) Survivor regions: 1->1(43)
[47.382s][info][gc,heap        ] GC(191) Old regions: 34->34
[47.382s][info][gc,heap        ] GC(191) Archive regions: 0->0
[47.382s][info][gc,heap        ] GC(191) Humongous regions: 0->0
[47.382s][info][gc,metaspace   ] GC(191) Metaspace: 74755K(75968K)->74755K(75968K) NonClass: 59108K(59648K)->59108K(59648K) Class: 15646K(16320K)->15646K(16320K)
[47.382s][info][gc             ] GC(191) Pause Young (Normal) (G1 Evacuation Pause) 715M->39M(1132M) 2.270ms
[47.382s][info][gc,cpu         ] GC(191) User=0.00s Sys=0.00s Real=0.00s
[47.557s][info][gc,start       ] GC(192) Pause Young (Normal) (G1 Evacuation Pause)
[47.557s][info][gc,task        ] GC(192) Using 33 workers of 33 for evacuation
[47.559s][info][gc,phases      ] GC(192)   Pre Evacuate Collection Set: 0.2ms
[47.559s][info][gc,phases      ] GC(192)   Merge Heap Roots: 0.2ms
[47.559s][info][gc,phases      ] GC(192)   Evacuate Collection Set: 1.0ms
[47.559s][info][gc,phases      ] GC(192)   Post Evacuate Collection Set: 0.6ms
[47.559s][info][gc,phases      ] GC(192)   Other: 0.1ms
[47.559s][info][gc,heap        ] GC(192) Eden regions: 338->0(338)
[47.559s][info][gc,heap        ] GC(192) Survivor regions: 1->1(43)
[47.559s][info][gc,heap        ] GC(192) Old regions: 34->34
[47.559s][info][gc,heap        ] GC(192) Archive regions: 0->0
[47.559s][info][gc,heap        ] GC(192) Humongous regions: 0->0
[47.559s][info][gc,metaspace   ] GC(192) Metaspace: 74759K(75968K)->74759K(75968K) NonClass: 59112K(59648K)->59112K(59648K) Class: 15646K(16320K)->15646K(16320K)
[47.559s][info][gc             ] GC(192) Pause Young (Normal) (G1 Evacuation Pause) 715M->39M(1132M) 2.380ms
[47.559s][info][gc,cpu         ] GC(192) User=0.00s Sys=0.00s Real=0.00s
[47.735s][info][gc,start       ] GC(193) Pause Young (Normal) (G1 Evacuation Pause)
[47.735s][info][gc,task        ] GC(193) Using 33 workers of 33 for evacuation
[47.737s][info][gc,phases      ] GC(193)   Pre Evacuate Collection Set: 0.2ms
[47.737s][info][gc,phases      ] GC(193)   Merge Heap Roots: 0.2ms
[47.737s][info][gc,phases      ] GC(193)   Evacuate Collection Set: 1.0ms
[47.737s][info][gc,phases      ] GC(193)   Post Evacuate Collection Set: 0.6ms
[47.737s][info][gc,phases      ] GC(193)   Other: 0.1ms
[47.737s][info][gc,heap        ] GC(193) Eden regions: 338->0(338)
[47.737s][info][gc,heap        ] GC(193) Survivor regions: 1->1(43)
[47.737s][info][gc,heap        ] GC(193) Old regions: 34->34
[47.737s][info][gc,heap        ] GC(193) Archive regions: 0->0
[47.737s][info][gc,heap        ] GC(193) Humongous regions: 0->0
[47.737s][info][gc,metaspace   ] GC(193) Metaspace: 74760K(75968K)->74760K(75968K) NonClass: 59113K(59648K)->59113K(59648K) Class: 15646K(16320K)->15646K(16320K)
[47.737s][info][gc             ] GC(193) Pause Young (Normal) (G1 Evacuation Pause) 715M->39M(1132M) 2.333ms
[47.738s][info][gc,cpu         ] GC(193) User=0.00s Sys=0.00s Real=0.00s
[47.918s][info][gc,start       ] GC(194) Pause Young (Normal) (G1 Evacuation Pause)
[47.918s][info][gc,task        ] GC(194) Using 33 workers of 33 for evacuation
[47.920s][info][gc,phases      ] GC(194)   Pre Evacuate Collection Set: 0.2ms
[47.920s][info][gc,phases      ] GC(194)   Merge Heap Roots: 0.2ms
[47.920s][info][gc,phases      ] GC(194)   Evacuate Collection Set: 0.9ms
[47.920s][info][gc,phases      ] GC(194)   Post Evacuate Collection Set: 0.6ms
[47.920s][info][gc,phases      ] GC(194)   Other: 0.1ms
[47.920s][info][gc,heap        ] GC(194) Eden regions: 338->0(338)
[47.920s][info][gc,heap        ] GC(194) Survivor regions: 1->1(43)
[47.920s][info][gc,heap        ] GC(194) Old regions: 34->34
[47.920s][info][gc,heap        ] GC(194) Archive regions: 0->0
[47.920s][info][gc,heap        ] GC(194) Humongous regions: 0->0
[47.920s][info][gc,metaspace   ] GC(194) Metaspace: 74780K(75968K)->74780K(75968K) NonClass: 59133K(59648K)->59133K(59648K) Class: 15646K(16320K)->15646K(16320K)
[47.920s][info][gc             ] GC(194) Pause Young (Normal) (G1 Evacuation Pause) 715M->39M(1132M) 2.331ms
[47.921s][info][gc,cpu         ] GC(194) User=0.00s Sys=0.00s Real=0.00s
[48.105s][info][gc,start       ] GC(195) Pause Young (Normal) (G1 Evacuation Pause)
[48.105s][info][gc,task        ] GC(195) Using 33 workers of 33 for evacuation
[48.107s][info][gc,phases      ] GC(195)   Pre Evacuate Collection Set: 0.2ms
[48.107s][info][gc,phases      ] GC(195)   Merge Heap Roots: 0.2ms
[48.107s][info][gc,phases      ] GC(195)   Evacuate Collection Set: 0.9ms
[48.107s][info][gc,phases      ] GC(195)   Post Evacuate Collection Set: 0.6ms
[48.107s][info][gc,phases      ] GC(195)   Other: 0.1ms
[48.107s][info][gc,heap        ] GC(195) Eden regions: 338->0(338)
[48.107s][info][gc,heap        ] GC(195) Survivor regions: 1->1(43)
[48.107s][info][gc,heap        ] GC(195) Old regions: 34->34
[48.107s][info][gc,heap        ] GC(195) Archive regions: 0->0
[48.107s][info][gc,heap        ] GC(195) Humongous regions: 0->0
[48.107s][info][gc,metaspace   ] GC(195) Metaspace: 74780K(75968K)->74780K(75968K) NonClass: 59133K(59648K)->59133K(59648K) Class: 15646K(16320K)->15646K(16320K)
[48.107s][info][gc             ] GC(195) Pause Young (Normal) (G1 Evacuation Pause) 715M->39M(1132M) 2.267ms
[48.107s][info][gc,cpu         ] GC(195) User=0.00s Sys=0.00s Real=0.00s
[48.316s][info][gc,start       ] GC(196) Pause Young (Normal) (G1 Evacuation Pause)
[48.316s][info][gc,task        ] GC(196) Using 33 workers of 33 for evacuation
[48.318s][info][gc,phases      ] GC(196)   Pre Evacuate Collection Set: 0.2ms
[48.318s][info][gc,phases      ] GC(196)   Merge Heap Roots: 0.2ms
[48.318s][info][gc,phases      ] GC(196)   Evacuate Collection Set: 0.8ms
[48.318s][info][gc,phases      ] GC(196)   Post Evacuate Collection Set: 0.6ms
[48.318s][info][gc,phases      ] GC(196)   Other: 0.1ms
[48.318s][info][gc,heap        ] GC(196) Eden regions: 338->0(338)
[48.318s][info][gc,heap        ] GC(196) Survivor regions: 1->1(43)
[48.318s][info][gc,heap        ] GC(196) Old regions: 34->34
[48.318s][info][gc,heap        ] GC(196) Archive regions: 0->0
[48.318s][info][gc,heap        ] GC(196) Humongous regions: 0->0
[48.318s][info][gc,metaspace   ] GC(196) Metaspace: 74780K(75968K)->74780K(75968K) NonClass: 59133K(59648K)->59133K(59648K) Class: 15646K(16320K)->15646K(16320K)
[48.318s][info][gc             ] GC(196) Pause Young (Normal) (G1 Evacuation Pause) 715M->39M(1132M) 2.191ms
[48.318s][info][gc,cpu         ] GC(196) User=0.00s Sys=0.00s Real=0.00s
[48.574s][info][gc,start       ] GC(197) Pause Young (Normal) (G1 Evacuation Pause)
[48.574s][info][gc,task        ] GC(197) Using 33 workers of 33 for evacuation
[48.576s][info][gc,phases      ] GC(197)   Pre Evacuate Collection Set: 0.2ms
[48.576s][info][gc,phases      ] GC(197)   Merge Heap Roots: 0.2ms
[48.576s][info][gc,phases      ] GC(197)   Evacuate Collection Set: 0.7ms
[48.576s][info][gc,phases      ] GC(197)   Post Evacuate Collection Set: 0.6ms
[48.576s][info][gc,phases      ] GC(197)   Other: 0.1ms
[48.576s][info][gc,heap        ] GC(197) Eden regions: 338->0(338)
[48.576s][info][gc,heap        ] GC(197) Survivor regions: 1->1(43)
[48.576s][info][gc,heap        ] GC(197) Old regions: 34->34
[48.576s][info][gc,heap        ] GC(197) Archive regions: 0->0
[48.576s][info][gc,heap        ] GC(197) Humongous regions: 0->0
[48.576s][info][gc,metaspace   ] GC(197) Metaspace: 74780K(75968K)->74780K(75968K) NonClass: 59133K(59648K)->59133K(59648K) Class: 15646K(16320K)->15646K(16320K)
[48.576s][info][gc             ] GC(197) Pause Young (Normal) (G1 Evacuation Pause) 715M->39M(1132M) 2.108ms
[48.576s][info][gc,cpu         ] GC(197) User=0.00s Sys=0.00s Real=0.00s
[48.886s][info][gc,start       ] GC(198) Pause Young (Normal) (G1 Evacuation Pause)
[48.886s][info][gc,task        ] GC(198) Using 30 workers of 33 for evacuation
[48.888s][info][gc,phases      ] GC(198)   Pre Evacuate Collection Set: 0.2ms
[48.888s][info][gc,phases      ] GC(198)   Merge Heap Roots: 0.2ms
[48.888s][info][gc,phases      ] GC(198)   Evacuate Collection Set: 0.8ms
[48.888s][info][gc,phases      ] GC(198)   Post Evacuate Collection Set: 0.6ms
[48.888s][info][gc,phases      ] GC(198)   Other: 0.1ms
[48.888s][info][gc,heap        ] GC(198) Eden regions: 338->0(338)
[48.888s][info][gc,heap        ] GC(198) Survivor regions: 1->1(43)
[48.888s][info][gc,heap        ] GC(198) Old regions: 34->34
[48.888s][info][gc,heap        ] GC(198) Archive regions: 0->0
[48.888s][info][gc,heap        ] GC(198) Humongous regions: 0->0
[48.888s][info][gc,metaspace   ] GC(198) Metaspace: 74780K(75968K)->74780K(75968K) NonClass: 59133K(59648K)->59133K(59648K) Class: 15646K(16320K)->15646K(16320K)
[48.888s][info][gc             ] GC(198) Pause Young (Normal) (G1 Evacuation Pause) 715M->39M(1132M) 2.105ms
[48.888s][info][gc,cpu         ] GC(198) User=0.00s Sys=0.00s Real=0.00s
[49.321s][info][gc,start       ] GC(199) Pause Young (Normal) (G1 Evacuation Pause)
[49.321s][info][gc,task        ] GC(199) Using 28 workers of 33 for evacuation
[49.322s][info][gc,phases      ] GC(199)   Pre Evacuate Collection Set: 0.2ms
[49.323s][info][gc,phases      ] GC(199)   Merge Heap Roots: 0.1ms
[49.323s][info][gc,phases      ] GC(199)   Evacuate Collection Set: 0.7ms
[49.323s][info][gc,phases      ] GC(199)   Post Evacuate Collection Set: 0.5ms
[49.323s][info][gc,phases      ] GC(199)   Other: 0.1ms
[49.323s][info][gc,heap        ] GC(199) Eden regions: 338->0(338)
[49.323s][info][gc,heap        ] GC(199) Survivor regions: 1->1(43)
[49.323s][info][gc,heap        ] GC(199) Old regions: 34->34
[49.323s][info][gc,heap        ] GC(199) Archive regions: 0->0
[49.323s][info][gc,heap        ] GC(199) Humongous regions: 0->0
[49.323s][info][gc,metaspace   ] GC(199) Metaspace: 74780K(75968K)->74780K(75968K) NonClass: 59133K(59648K)->59133K(59648K) Class: 15646K(16320K)->15646K(16320K)
[49.323s][info][gc             ] GC(199) Pause Young (Normal) (G1 Evacuation Pause) 715M->39M(1132M) 1.895ms
[49.323s][info][gc,cpu         ] GC(199) User=0.44s Sys=0.00s Real=0.00s
[49.793s][info][gc,start       ] GC(200) Pause Young (Normal) (G1 Evacuation Pause)
[49.793s][info][gc,task        ] GC(200) Using 27 workers of 33 for evacuation
[49.794s][info][gc,phases      ] GC(200)   Pre Evacuate Collection Set: 0.2ms
[49.794s][info][gc,phases      ] GC(200)   Merge Heap Roots: 0.1ms
[49.794s][info][gc,phases      ] GC(200)   Evacuate Collection Set: 0.7ms
[49.794s][info][gc,phases      ] GC(200)   Post Evacuate Collection Set: 0.6ms
[49.794s][info][gc,phases      ] GC(200)   Other: 0.1ms
[49.794s][info][gc,heap        ] GC(200) Eden regions: 338->0(338)
[49.794s][info][gc,heap        ] GC(200) Survivor regions: 1->1(43)
[49.794s][info][gc,heap        ] GC(200) Old regions: 34->34
[49.794s][info][gc,heap        ] GC(200) Archive regions: 0->0
[49.794s][info][gc,heap        ] GC(200) Humongous regions: 0->0
[49.794s][info][gc,metaspace   ] GC(200) Metaspace: 74780K(75968K)->74780K(75968K) NonClass: 59133K(59648K)->59133K(59648K) Class: 15646K(16320K)->15646K(16320K)
[49.794s][info][gc             ] GC(200) Pause Young (Normal) (G1 Evacuation Pause) 715M->39M(1132M) 1.889ms
[49.794s][info][gc,cpu         ] GC(200) User=0.00s Sys=0.00s Real=0.00s
[50.170s][info][gc,start       ] GC(201) Pause Full (System.gc())
[50.170s][info][gc,task        ] GC(201) Using 27 workers of 33 for full compaction
[50.172s][info][gc,phases,start] GC(201) Phase 1: Mark live objects
[50.198s][info][gc,phases      ] GC(201) Phase 1: Mark live objects 26.519ms
[50.198s][info][gc,phases,start] GC(201) Phase 2: Prepare compaction
[50.201s][info][gc,phases      ] GC(201) Phase 2: Prepare compaction 2.471ms
[50.201s][info][gc,phases,start] GC(201) Phase 3: Adjust pointers
[50.210s][info][gc,phases      ] GC(201) Phase 3: Adjust pointers 8.691ms
[50.210s][info][gc,phases,start] GC(201) Phase 4: Compact heap
[50.211s][info][gc,phases      ] GC(201) Phase 4: Compact heap 0.973ms
[50.223s][info][gc,heap        ] GC(201) Eden regions: 229->0(64)
[50.223s][info][gc,heap        ] GC(201) Survivor regions: 1->0(43)
[50.223s][info][gc,heap        ] GC(201) Old regions: 34->32
[50.223s][info][gc,heap        ] GC(201) Archive regions: 0->0
[50.223s][info][gc,heap        ] GC(201) Humongous regions: 0->0
[50.223s][info][gc,metaspace   ] GC(201) Metaspace: 74784K(75968K)->74784K(75968K) NonClass: 59137K(59648K)->59137K(59648K) Class: 15646K(16320K)->15646K(16320K)
[50.223s][info][gc             ] GC(201) Pause Full (System.gc()) 497M->35M(214M) 52.947ms
[50.223s][info][gc,cpu         ] GC(201) User=0.84s Sys=0.28s Real=0.05s
[50.285s][info][gc,start       ] GC(202) Pause Young (Normal) (G1 Evacuation Pause)
[50.285s][info][gc,task        ] GC(202) Using 33 workers of 33 for evacuation
[50.288s][info][gc,phases      ] GC(202)   Pre Evacuate Collection Set: 0.2ms
[50.288s][info][gc,phases      ] GC(202)   Merge Heap Roots: 0.2ms
[50.288s][info][gc,phases      ] GC(202)   Evacuate Collection Set: 1.3ms
[50.288s][info][gc,phases      ] GC(202)   Post Evacuate Collection Set: 0.6ms
[50.288s][info][gc,phases      ] GC(202)   Other: 0.1ms
[50.288s][info][gc,heap        ] GC(202) Eden regions: 64->0(62)
[50.288s][info][gc,heap        ] GC(202) Survivor regions: 0->2(8)
[50.288s][info][gc,heap        ] GC(202) Old regions: 32->32
[50.288s][info][gc,heap        ] GC(202) Archive regions: 0->0
[50.288s][info][gc,heap        ] GC(202) Humongous regions: 0->0
[50.288s][info][gc,metaspace   ] GC(202) Metaspace: 75011K(76032K)->75011K(76032K) NonClass: 59364K(59712K)->59364K(59712K) Class: 15646K(16320K)->15646K(16320K)
[50.288s][info][gc             ] GC(202) Pause Young (Normal) (G1 Evacuation Pause) 163M->38M(214M) 2.555ms
[50.288s][info][gc,cpu         ] GC(202) User=0.00s Sys=0.00s Real=0.00s
[50.320s][info][gc,start       ] GC(203) Pause Young (Normal) (G1 Evacuation Pause)
[50.320s][info][gc,task        ] GC(203) Using 33 workers of 33 for evacuation
[50.322s][info][gc,phases      ] GC(203)   Pre Evacuate Collection Set: 0.2ms
[50.322s][info][gc,phases      ] GC(203)   Merge Heap Roots: 0.2ms
[50.322s][info][gc,phases      ] GC(203)   Evacuate Collection Set: 1.2ms
[50.322s][info][gc,phases      ] GC(203)   Post Evacuate Collection Set: 0.6ms
[50.322s][info][gc,phases      ] GC(203)   Other: 0.1ms
[50.322s][info][gc,heap        ] GC(203) Eden regions: 62->0(62)
[50.322s][info][gc,heap        ] GC(203) Survivor regions: 2->2(8)
[50.322s][info][gc,heap        ] GC(203) Old regions: 32->32
[50.322s][info][gc,heap        ] GC(203) Archive regions: 0->0
[50.322s][info][gc,heap        ] GC(203) Humongous regions: 0->0
[50.322s][info][gc,metaspace   ] GC(203) Metaspace: 75011K(76032K)->75011K(76032K) NonClass: 59364K(59712K)->59364K(59712K) Class: 15646K(16320K)->15646K(16320K)
[50.322s][info][gc             ] GC(203) Pause Young (Normal) (G1 Evacuation Pause) 162M->39M(214M) 2.452ms
[50.322s][info][gc,cpu         ] GC(203) User=0.52s Sys=0.00s Real=0.00s
[50.362s][info][gc,start       ] GC(204) Pause Young (Normal) (G1 Evacuation Pause)
[50.362s][info][gc,task        ] GC(204) Using 33 workers of 33 for evacuation
[50.364s][info][gc,phases      ] GC(204)   Pre Evacuate Collection Set: 0.2ms
[50.364s][info][gc,phases      ] GC(204)   Merge Heap Roots: 0.2ms
[50.364s][info][gc,phases      ] GC(204)   Evacuate Collection Set: 1.3ms
[50.364s][info][gc,phases      ] GC(204)   Post Evacuate Collection Set: 0.7ms
[50.364s][info][gc,phases      ] GC(204)   Other: 0.1ms
[50.364s][info][gc,heap        ] GC(204) Eden regions: 62->0(62)
[50.364s][info][gc,heap        ] GC(204) Survivor regions: 2->2(8)
[50.364s][info][gc,heap        ] GC(204) Old regions: 32->32
[50.364s][info][gc,heap        ] GC(204) Archive regions: 0->0
[50.364s][info][gc,heap        ] GC(204) Humongous regions: 0->0
[50.364s][info][gc,metaspace   ] GC(204) Metaspace: 75011K(76032K)->75011K(76032K) NonClass: 59364K(59712K)->59364K(59712K) Class: 15646K(16320K)->15646K(16320K)
[50.364s][info][gc             ] GC(204) Pause Young (Normal) (G1 Evacuation Pause) 163M->39M(214M) 2.714ms
[50.365s][info][gc,cpu         ] GC(204) User=0.00s Sys=0.00s Real=0.00s
[50.398s][info][gc,start       ] GC(205) Pause Young (Normal) (G1 Evacuation Pause)
[50.399s][info][gc,task        ] GC(205) Using 33 workers of 33 for evacuation
[50.404s][info][gc,phases      ] GC(205)   Pre Evacuate Collection Set: 0.2ms
[50.404s][info][gc,phases      ] GC(205)   Merge Heap Roots: 0.2ms
[50.404s][info][gc,phases      ] GC(205)   Evacuate Collection Set: 1.2ms
[50.404s][info][gc,phases      ] GC(205)   Post Evacuate Collection Set: 3.6ms
[50.404s][info][gc,phases      ] GC(205)   Other: 0.1ms
[50.404s][info][gc,heap        ] GC(205) Eden regions: 62->0(337)
[50.404s][info][gc,heap        ] GC(205) Survivor regions: 2->2(8)
[50.404s][info][gc,heap        ] GC(205) Old regions: 32->32
[50.404s][info][gc,heap        ] GC(205) Archive regions: 0->0
[50.404s][info][gc,heap        ] GC(205) Humongous regions: 0->0
[50.404s][info][gc,metaspace   ] GC(205) Metaspace: 75011K(76032K)->75011K(76032K) NonClass: 59364K(59712K)->59364K(59712K) Class: 15646K(16320K)->15646K(16320K)
[50.404s][info][gc             ] GC(205) Pause Young (Normal) (G1 Evacuation Pause) 163M->39M(1132M) 5.475ms
[50.404s][info][gc,cpu         ] GC(205) User=0.52s Sys=0.00s Real=0.01s
[50.659s][info][gc,start       ] GC(206) Pause Young (Normal) (G1 Evacuation Pause)
[50.659s][info][gc,task        ] GC(206) Using 33 workers of 33 for evacuation
[50.663s][info][gc,phases      ] GC(206)   Pre Evacuate Collection Set: 0.2ms
[50.663s][info][gc,phases      ] GC(206)   Merge Heap Roots: 0.2ms
[50.663s][info][gc,phases      ] GC(206)   Evacuate Collection Set: 2.8ms
[50.664s][info][gc,phases      ] GC(206)   Post Evacuate Collection Set: 0.8ms
[50.664s][info][gc,phases      ] GC(206)   Other: 0.1ms
[50.664s][info][gc,heap        ] GC(206) Eden regions: 337->0(337)
[50.664s][info][gc,heap        ] GC(206) Survivor regions: 2->2(43)
[50.664s][info][gc,heap        ] GC(206) Old regions: 32->32
[50.664s][info][gc,heap        ] GC(206) Archive regions: 0->0
[50.664s][info][gc,heap        ] GC(206) Humongous regions: 0->0
[50.664s][info][gc,metaspace   ] GC(206) Metaspace: 75011K(76032K)->75011K(76032K) NonClass: 59364K(59712K)->59364K(59712K) Class: 15646K(16320K)->15646K(16320K)
[50.664s][info][gc             ] GC(206) Pause Young (Normal) (G1 Evacuation Pause) 713M->39M(1132M) 4.368ms
[50.664s][info][gc,cpu         ] GC(206) User=0.00s Sys=0.00s Real=0.01s
[50.838s][info][gc,start       ] GC(207) Pause Young (Normal) (G1 Evacuation Pause)
[50.838s][info][gc,task        ] GC(207) Using 33 workers of 33 for evacuation
[50.841s][info][gc,phases      ] GC(207)   Pre Evacuate Collection Set: 0.2ms
[50.841s][info][gc,phases      ] GC(207)   Merge Heap Roots: 0.2ms
[50.841s][info][gc,phases      ] GC(207)   Evacuate Collection Set: 2.4ms
[50.841s][info][gc,phases      ] GC(207)   Post Evacuate Collection Set: 0.8ms
[50.841s][info][gc,phases      ] GC(207)   Other: 0.1ms
[50.841s][info][gc,heap        ] GC(207) Eden regions: 337->0(337)
[50.841s][info][gc,heap        ] GC(207) Survivor regions: 2->2(43)
[50.841s][info][gc,heap        ] GC(207) Old regions: 32->32
[50.841s][info][gc,heap        ] GC(207) Archive regions: 0->0
[50.841s][info][gc,heap        ] GC(207) Humongous regions: 0->0
[50.841s][info][gc,metaspace   ] GC(207) Metaspace: 75011K(76032K)->75011K(76032K) NonClass: 59364K(59712K)->59364K(59712K) Class: 15646K(16320K)->15646K(16320K)
[50.842s][info][gc             ] GC(207) Pause Young (Normal) (G1 Evacuation Pause) 713M->39M(1132M) 3.963ms
[50.842s][info][gc,cpu         ] GC(207) User=0.00s Sys=0.00s Real=0.00s
[51.017s][info][gc,start       ] GC(208) Pause Young (Normal) (G1 Evacuation Pause)
[51.017s][info][gc,task        ] GC(208) Using 33 workers of 33 for evacuation
[51.019s][info][gc,phases      ] GC(208)   Pre Evacuate Collection Set: 0.2ms
[51.019s][info][gc,phases      ] GC(208)   Merge Heap Roots: 0.2ms
[51.019s][info][gc,phases      ] GC(208)   Evacuate Collection Set: 1.3ms
[51.019s][info][gc,phases      ] GC(208)   Post Evacuate Collection Set: 0.8ms
[51.019s][info][gc,phases      ] GC(208)   Other: 0.1ms
[51.019s][info][gc,heap        ] GC(208) Eden regions: 337->0(337)
[51.020s][info][gc,heap        ] GC(208) Survivor regions: 2->2(43)
[51.020s][info][gc,heap        ] GC(208) Old regions: 32->32
[51.020s][info][gc,heap        ] GC(208) Archive regions: 0->0
[51.020s][info][gc,heap        ] GC(208) Humongous regions: 0->0
[51.020s][info][gc,metaspace   ] GC(208) Metaspace: 75011K(76032K)->75011K(76032K) NonClass: 59364K(59712K)->59364K(59712K) Class: 15646K(16320K)->15646K(16320K)
[51.020s][info][gc             ] GC(208) Pause Young (Normal) (G1 Evacuation Pause) 713M->39M(1132M) 2.833ms
[51.020s][info][gc,cpu         ] GC(208) User=0.00s Sys=0.00s Real=0.00s
[51.193s][info][gc,start       ] GC(209) Pause Young (Normal) (G1 Evacuation Pause)
[51.193s][info][gc,task        ] GC(209) Using 33 workers of 33 for evacuation
[51.196s][info][gc,phases      ] GC(209)   Pre Evacuate Collection Set: 0.3ms
[51.196s][info][gc,phases      ] GC(209)   Merge Heap Roots: 0.2ms
[51.196s][info][gc,phases      ] GC(209)   Evacuate Collection Set: 1.2ms
[51.196s][info][gc,phases      ] GC(209)   Post Evacuate Collection Set: 0.7ms
[51.196s][info][gc,phases      ] GC(209)   Other: 0.1ms
[51.196s][info][gc,heap        ] GC(209) Eden regions: 337->0(337)
[51.196s][info][gc,heap        ] GC(209) Survivor regions: 2->2(43)
[51.196s][info][gc,heap        ] GC(209) Old regions: 32->32
[51.196s][info][gc,heap        ] GC(209) Archive regions: 0->0
[51.196s][info][gc,heap        ] GC(209) Humongous regions: 0->0
[51.196s][info][gc,metaspace   ] GC(209) Metaspace: 75011K(76032K)->75011K(76032K) NonClass: 59364K(59712K)->59364K(59712K) Class: 15646K(16320K)->15646K(16320K)
[51.196s][info][gc             ] GC(209) Pause Young (Normal) (G1 Evacuation Pause) 713M->39M(1132M) 2.758ms
[51.196s][info][gc,cpu         ] GC(209) User=0.00s Sys=0.00s Real=0.00s
[51.370s][info][gc,start       ] GC(210) Pause Young (Normal) (G1 Evacuation Pause)
[51.370s][info][gc,task        ] GC(210) Using 33 workers of 33 for evacuation
[51.373s][info][gc,phases      ] GC(210)   Pre Evacuate Collection Set: 0.2ms
[51.373s][info][gc,phases      ] GC(210)   Merge Heap Roots: 0.2ms
[51.373s][info][gc,phases      ] GC(210)   Evacuate Collection Set: 1.2ms
[51.373s][info][gc,phases      ] GC(210)   Post Evacuate Collection Set: 0.8ms
[51.373s][info][gc,phases      ] GC(210)   Other: 0.1ms
[51.373s][info][gc,heap        ] GC(210) Eden regions: 337->0(337)
[51.373s][info][gc,heap        ] GC(210) Survivor regions: 2->2(43)
[51.373s][info][gc,heap        ] GC(210) Old regions: 32->32
[51.373s][info][gc,heap        ] GC(210) Archive regions: 0->0
[51.373s][info][gc,heap        ] GC(210) Humongous regions: 0->0
[51.373s][info][gc,metaspace   ] GC(210) Metaspace: 75011K(76032K)->75011K(76032K) NonClass: 59364K(59712K)->59364K(59712K) Class: 15646K(16320K)->15646K(16320K)
[51.373s][info][gc             ] GC(210) Pause Young (Normal) (G1 Evacuation Pause) 713M->39M(1132M) 2.759ms
[51.373s][info][gc,cpu         ] GC(210) User=0.00s Sys=0.00s Real=0.00s
[51.547s][info][gc,start       ] GC(211) Pause Young (Normal) (G1 Evacuation Pause)
[51.547s][info][gc,task        ] GC(211) Using 33 workers of 33 for evacuation
[51.549s][info][gc,phases      ] GC(211)   Pre Evacuate Collection Set: 0.2ms
[51.549s][info][gc,phases      ] GC(211)   Merge Heap Roots: 0.2ms
[51.549s][info][gc,phases      ] GC(211)   Evacuate Collection Set: 1.1ms
[51.549s][info][gc,phases      ] GC(211)   Post Evacuate Collection Set: 0.8ms
[51.549s][info][gc,phases      ] GC(211)   Other: 0.1ms
[51.549s][info][gc,heap        ] GC(211) Eden regions: 337->0(337)
[51.549s][info][gc,heap        ] GC(211) Survivor regions: 2->2(43)
[51.549s][info][gc,heap        ] GC(211) Old regions: 32->32
[51.549s][info][gc,heap        ] GC(211) Archive regions: 0->0
[51.549s][info][gc,heap        ] GC(211) Humongous regions: 0->0
[51.549s][info][gc,metaspace   ] GC(211) Metaspace: 75012K(76032K)->75012K(76032K) NonClass: 59365K(59712K)->59365K(59712K) Class: 15647K(16320K)->15647K(16320K)
[51.549s][info][gc             ] GC(211) Pause Young (Normal) (G1 Evacuation Pause) 713M->39M(1132M) 2.664ms
[51.549s][info][gc,cpu         ] GC(211) User=0.00s Sys=0.00s Real=0.00s
[51.722s][info][gc,start       ] GC(212) Pause Young (Normal) (G1 Evacuation Pause)
[51.722s][info][gc,task        ] GC(212) Using 33 workers of 33 for evacuation
[51.724s][info][gc,phases      ] GC(212)   Pre Evacuate Collection Set: 0.2ms
[51.724s][info][gc,phases      ] GC(212)   Merge Heap Roots: 0.2ms
[51.724s][info][gc,phases      ] GC(212)   Evacuate Collection Set: 1.2ms
[51.724s][info][gc,phases      ] GC(212)   Post Evacuate Collection Set: 0.8ms
[51.724s][info][gc,phases      ] GC(212)   Other: 0.1ms
[51.725s][info][gc,heap        ] GC(212) Eden regions: 337->0(337)
[51.725s][info][gc,heap        ] GC(212) Survivor regions: 2->2(43)
[51.725s][info][gc,heap        ] GC(212) Old regions: 32->32
[51.725s][info][gc,heap        ] GC(212) Archive regions: 0->0
[51.725s][info][gc,heap        ] GC(212) Humongous regions: 0->0
[51.725s][info][gc,metaspace   ] GC(212) Metaspace: 75012K(76032K)->75012K(76032K) NonClass: 59365K(59712K)->59365K(59712K) Class: 15647K(16320K)->15647K(16320K)
[51.725s][info][gc             ] GC(212) Pause Young (Normal) (G1 Evacuation Pause) 713M->39M(1132M) 2.753ms
[51.725s][info][gc,cpu         ] GC(212) User=0.00s Sys=0.00s Real=0.00s
[51.897s][info][gc,start       ] GC(213) Pause Young (Normal) (G1 Evacuation Pause)
[51.897s][info][gc,task        ] GC(213) Using 33 workers of 33 for evacuation
[51.900s][info][gc,phases      ] GC(213)   Pre Evacuate Collection Set: 0.2ms
[51.900s][info][gc,phases      ] GC(213)   Merge Heap Roots: 0.2ms
[51.900s][info][gc,phases      ] GC(213)   Evacuate Collection Set: 1.2ms
[51.900s][info][gc,phases      ] GC(213)   Post Evacuate Collection Set: 0.7ms
[51.900s][info][gc,phases      ] GC(213)   Other: 0.1ms
[51.900s][info][gc,heap        ] GC(213) Eden regions: 337->0(337)
[51.900s][info][gc,heap        ] GC(213) Survivor regions: 2->2(43)
[51.900s][info][gc,heap        ] GC(213) Old regions: 32->32
[51.900s][info][gc,heap        ] GC(213) Archive regions: 0->0
[51.900s][info][gc,heap        ] GC(213) Humongous regions: 0->0
[51.900s][info][gc,metaspace   ] GC(213) Metaspace: 75012K(76032K)->75012K(76032K) NonClass: 59365K(59712K)->59365K(59712K) Class: 15647K(16320K)->15647K(16320K)
[51.900s][info][gc             ] GC(213) Pause Young (Normal) (G1 Evacuation Pause) 713M->39M(1132M) 2.640ms
[51.900s][info][gc,cpu         ] GC(213) User=0.03s Sys=0.00s Real=0.00s
[52.077s][info][gc,start       ] GC(214) Pause Young (Normal) (G1 Evacuation Pause)
[52.077s][info][gc,task        ] GC(214) Using 33 workers of 33 for evacuation
[52.080s][info][gc,phases      ] GC(214)   Pre Evacuate Collection Set: 0.2ms
[52.080s][info][gc,phases      ] GC(214)   Merge Heap Roots: 0.2ms
[52.080s][info][gc,phases      ] GC(214)   Evacuate Collection Set: 1.3ms
[52.080s][info][gc,phases      ] GC(214)   Post Evacuate Collection Set: 0.8ms
[52.080s][info][gc,phases      ] GC(214)   Other: 0.1ms
[52.080s][info][gc,heap        ] GC(214) Eden regions: 337->0(337)
[52.080s][info][gc,heap        ] GC(214) Survivor regions: 2->2(43)
[52.080s][info][gc,heap        ] GC(214) Old regions: 32->32
[52.080s][info][gc,heap        ] GC(214) Archive regions: 0->0
[52.080s][info][gc,heap        ] GC(214) Humongous regions: 0->0
[52.080s][info][gc,metaspace   ] GC(214) Metaspace: 75012K(76032K)->75012K(76032K) NonClass: 59365K(59712K)->59365K(59712K) Class: 15647K(16320K)->15647K(16320K)
[52.080s][info][gc             ] GC(214) Pause Young (Normal) (G1 Evacuation Pause) 713M->39M(1132M) 2.879ms
[52.080s][info][gc,cpu         ] GC(214) User=0.00s Sys=0.00s Real=0.00s
[52.262s][info][gc,start       ] GC(215) Pause Young (Normal) (G1 Evacuation Pause)
[52.262s][info][gc,task        ] GC(215) Using 33 workers of 33 for evacuation
[52.264s][info][gc,phases      ] GC(215)   Pre Evacuate Collection Set: 0.2ms
[52.264s][info][gc,phases      ] GC(215)   Merge Heap Roots: 0.2ms
[52.264s][info][gc,phases      ] GC(215)   Evacuate Collection Set: 1.3ms
[52.264s][info][gc,phases      ] GC(215)   Post Evacuate Collection Set: 0.7ms
[52.264s][info][gc,phases      ] GC(215)   Other: 0.1ms
[52.264s][info][gc,heap        ] GC(215) Eden regions: 337->0(337)
[52.264s][info][gc,heap        ] GC(215) Survivor regions: 2->2(43)
[52.264s][info][gc,heap        ] GC(215) Old regions: 32->32
[52.264s][info][gc,heap        ] GC(215) Archive regions: 0->0
[52.264s][info][gc,heap        ] GC(215) Humongous regions: 0->0
[52.265s][info][gc,metaspace   ] GC(215) Metaspace: 75012K(76032K)->75012K(76032K) NonClass: 59365K(59712K)->59365K(59712K) Class: 15647K(16320K)->15647K(16320K)
[52.265s][info][gc             ] GC(215) Pause Young (Normal) (G1 Evacuation Pause) 713M->39M(1132M) 2.837ms
[52.265s][info][gc,cpu         ] GC(215) User=0.00s Sys=0.00s Real=0.00s
[52.445s][info][gc,start       ] GC(216) Pause Young (Normal) (G1 Evacuation Pause)
[52.445s][info][gc,task        ] GC(216) Using 33 workers of 33 for evacuation
[52.448s][info][gc,phases      ] GC(216)   Pre Evacuate Collection Set: 0.2ms
[52.448s][info][gc,phases      ] GC(216)   Merge Heap Roots: 0.2ms
[52.448s][info][gc,phases      ] GC(216)   Evacuate Collection Set: 1.2ms
[52.448s][info][gc,phases      ] GC(216)   Post Evacuate Collection Set: 0.7ms
[52.448s][info][gc,phases      ] GC(216)   Other: 0.1ms
[52.448s][info][gc,heap        ] GC(216) Eden regions: 337->0(337)
[52.448s][info][gc,heap        ] GC(216) Survivor regions: 2->2(43)
[52.448s][info][gc,heap        ] GC(216) Old regions: 32->32
[52.448s][info][gc,heap        ] GC(216) Archive regions: 0->0
[52.448s][info][gc,heap        ] GC(216) Humongous regions: 0->0
[52.448s][info][gc,metaspace   ] GC(216) Metaspace: 75012K(76032K)->75012K(76032K) NonClass: 59365K(59712K)->59365K(59712K) Class: 15647K(16320K)->15647K(16320K)
[52.448s][info][gc             ] GC(216) Pause Young (Normal) (G1 Evacuation Pause) 713M->39M(1132M) 2.669ms
[52.448s][info][gc,cpu         ] GC(216) User=0.52s Sys=0.00s Real=0.00s
[52.625s][info][gc,start       ] GC(217) Pause Young (Normal) (G1 Evacuation Pause)
[52.625s][info][gc,task        ] GC(217) Using 33 workers of 33 for evacuation
[52.627s][info][gc,phases      ] GC(217)   Pre Evacuate Collection Set: 0.2ms
[52.627s][info][gc,phases      ] GC(217)   Merge Heap Roots: 0.2ms
[52.627s][info][gc,phases      ] GC(217)   Evacuate Collection Set: 1.3ms
[52.627s][info][gc,phases      ] GC(217)   Post Evacuate Collection Set: 0.6ms
[52.627s][info][gc,phases      ] GC(217)   Other: 0.1ms
[52.627s][info][gc,heap        ] GC(217) Eden regions: 337->0(338)
[52.627s][info][gc,heap        ] GC(217) Survivor regions: 2->1(43)
[52.627s][info][gc,heap        ] GC(217) Old regions: 32->34
[52.627s][info][gc,heap        ] GC(217) Archive regions: 0->0
[52.627s][info][gc,heap        ] GC(217) Humongous regions: 0->0
[52.627s][info][gc,metaspace   ] GC(217) Metaspace: 75012K(76032K)->75012K(76032K) NonClass: 59365K(59712K)->59365K(59712K) Class: 15647K(16320K)->15647K(16320K)
[52.628s][info][gc             ] GC(217) Pause Young (Normal) (G1 Evacuation Pause) 713M->39M(1132M) 2.841ms
[52.628s][info][gc,cpu         ] GC(217) User=0.00s Sys=0.00s Real=0.00s
[52.806s][info][gc,start       ] GC(218) Pause Young (Normal) (G1 Evacuation Pause)
[52.806s][info][gc,task        ] GC(218) Using 33 workers of 33 for evacuation
[52.808s][info][gc,phases      ] GC(218)   Pre Evacuate Collection Set: 0.2ms
[52.808s][info][gc,phases      ] GC(218)   Merge Heap Roots: 0.2ms
[52.808s][info][gc,phases      ] GC(218)   Evacuate Collection Set: 1.0ms
[52.808s][info][gc,phases      ] GC(218)   Post Evacuate Collection Set: 0.6ms
[52.808s][info][gc,phases      ] GC(218)   Other: 0.1ms
[52.808s][info][gc,heap        ] GC(218) Eden regions: 338->0(338)
[52.808s][info][gc,heap        ] GC(218) Survivor regions: 1->1(43)
[52.808s][info][gc,heap        ] GC(218) Old regions: 34->34
[52.808s][info][gc,heap        ] GC(218) Archive regions: 0->0
[52.808s][info][gc,heap        ] GC(218) Humongous regions: 0->0
[52.808s][info][gc,metaspace   ] GC(218) Metaspace: 75012K(76032K)->75012K(76032K) NonClass: 59365K(59712K)->59365K(59712K) Class: 15647K(16320K)->15647K(16320K)
[52.808s][info][gc             ] GC(218) Pause Young (Normal) (G1 Evacuation Pause) 715M->39M(1132M) 2.318ms
[52.808s][info][gc,cpu         ] GC(218) User=0.02s Sys=0.00s Real=0.00s
[52.984s][info][gc,start       ] GC(219) Pause Young (Normal) (G1 Evacuation Pause)
[52.985s][info][gc,task        ] GC(219) Using 33 workers of 33 for evacuation
[52.987s][info][gc,phases      ] GC(219)   Pre Evacuate Collection Set: 0.2ms
[52.987s][info][gc,phases      ] GC(219)   Merge Heap Roots: 0.2ms
[52.987s][info][gc,phases      ] GC(219)   Evacuate Collection Set: 0.9ms
[52.987s][info][gc,phases      ] GC(219)   Post Evacuate Collection Set: 0.5ms
[52.987s][info][gc,phases      ] GC(219)   Other: 0.1ms
[52.987s][info][gc,heap        ] GC(219) Eden regions: 338->0(338)
[52.987s][info][gc,heap        ] GC(219) Survivor regions: 1->1(43)
[52.987s][info][gc,heap        ] GC(219) Old regions: 34->34
[52.987s][info][gc,heap        ] GC(219) Archive regions: 0->0
[52.987s][info][gc,heap        ] GC(219) Humongous regions: 0->0
[52.987s][info][gc,metaspace   ] GC(219) Metaspace: 75015K(76032K)->75015K(76032K) NonClass: 59368K(59712K)->59368K(59712K) Class: 15647K(16320K)->15647K(16320K)
[52.987s][info][gc             ] GC(219) Pause Young (Normal) (G1 Evacuation Pause) 715M->39M(1132M) 2.296ms
[52.987s][info][gc,cpu         ] GC(219) User=0.00s Sys=0.00s Real=0.00s
[53.163s][info][gc,start       ] GC(220) Pause Young (Normal) (G1 Evacuation Pause)
[53.163s][info][gc,task        ] GC(220) Using 33 workers of 33 for evacuation
[53.165s][info][gc,phases      ] GC(220)   Pre Evacuate Collection Set: 0.2ms
[53.165s][info][gc,phases      ] GC(220)   Merge Heap Roots: 0.2ms
[53.165s][info][gc,phases      ] GC(220)   Evacuate Collection Set: 0.9ms
[53.166s][info][gc,phases      ] GC(220)   Post Evacuate Collection Set: 0.6ms
[53.166s][info][gc,phases      ] GC(220)   Other: 0.1ms
[53.166s][info][gc,heap        ] GC(220) Eden regions: 338->0(338)
[53.166s][info][gc,heap        ] GC(220) Survivor regions: 1->1(43)
[53.166s][info][gc,heap        ] GC(220) Old regions: 34->34
[53.166s][info][gc,heap        ] GC(220) Archive regions: 0->0
[53.166s][info][gc,heap        ] GC(220) Humongous regions: 0->0
[53.166s][info][gc,metaspace   ] GC(220) Metaspace: 75015K(76032K)->75015K(76032K) NonClass: 59368K(59712K)->59368K(59712K) Class: 15647K(16320K)->15647K(16320K)
[53.166s][info][gc             ] GC(220) Pause Young (Normal) (G1 Evacuation Pause) 715M->39M(1132M) 2.325ms
[53.166s][info][gc,cpu         ] GC(220) User=0.02s Sys=0.06s Real=0.00s
[53.341s][info][gc,start       ] GC(221) Pause Young (Normal) (G1 Evacuation Pause)
[53.341s][info][gc,task        ] GC(221) Using 33 workers of 33 for evacuation
[53.343s][info][gc,phases      ] GC(221)   Pre Evacuate Collection Set: 0.2ms
[53.343s][info][gc,phases      ] GC(221)   Merge Heap Roots: 0.2ms
[53.343s][info][gc,phases      ] GC(221)   Evacuate Collection Set: 1.0ms
[53.343s][info][gc,phases      ] GC(221)   Post Evacuate Collection Set: 0.5ms
[53.343s][info][gc,phases      ] GC(221)   Other: 0.1ms
[53.343s][info][gc,heap        ] GC(221) Eden regions: 338->0(338)
[53.343s][info][gc,heap        ] GC(221) Survivor regions: 1->1(43)
[53.343s][info][gc,heap        ] GC(221) Old regions: 34->34
[53.343s][info][gc,heap        ] GC(221) Archive regions: 0->0
[53.343s][info][gc,heap        ] GC(221) Humongous regions: 0->0
[53.343s][info][gc,metaspace   ] GC(221) Metaspace: 75015K(76032K)->75015K(76032K) NonClass: 59368K(59712K)->59368K(59712K) Class: 15647K(16320K)->15647K(16320K)
[53.343s][info][gc             ] GC(221) Pause Young (Normal) (G1 Evacuation Pause) 715M->39M(1132M) 2.274ms
[53.343s][info][gc,cpu         ] GC(221) User=0.00s Sys=0.00s Real=0.00s
[53.518s][info][gc,start       ] GC(222) Pause Young (Normal) (G1 Evacuation Pause)
[53.518s][info][gc,task        ] GC(222) Using 33 workers of 33 for evacuation
[53.520s][info][gc,phases      ] GC(222)   Pre Evacuate Collection Set: 0.2ms
[53.520s][info][gc,phases      ] GC(222)   Merge Heap Roots: 0.2ms
[53.520s][info][gc,phases      ] GC(222)   Evacuate Collection Set: 0.9ms
[53.520s][info][gc,phases      ] GC(222)   Post Evacuate Collection Set: 0.6ms
[53.520s][info][gc,phases      ] GC(222)   Other: 0.1ms
[53.520s][info][gc,heap        ] GC(222) Eden regions: 338->0(338)
[53.520s][info][gc,heap        ] GC(222) Survivor regions: 1->1(43)
[53.520s][info][gc,heap        ] GC(222) Old regions: 34->34
[53.520s][info][gc,heap        ] GC(222) Archive regions: 0->0
[53.520s][info][gc,heap        ] GC(222) Humongous regions: 0->0
[53.520s][info][gc,metaspace   ] GC(222) Metaspace: 75015K(76032K)->75015K(76032K) NonClass: 59368K(59712K)->59368K(59712K) Class: 15647K(16320K)->15647K(16320K)
[53.520s][info][gc             ] GC(222) Pause Young (Normal) (G1 Evacuation Pause) 715M->39M(1132M) 2.263ms
[53.520s][info][gc,cpu         ] GC(222) User=0.00s Sys=0.00s Real=0.00s
[53.694s][info][gc,start       ] GC(223) Pause Young (Normal) (G1 Evacuation Pause)
[53.694s][info][gc,task        ] GC(223) Using 33 workers of 33 for evacuation
[53.696s][info][gc,phases      ] GC(223)   Pre Evacuate Collection Set: 0.2ms
[53.696s][info][gc,phases      ] GC(223)   Merge Heap Roots: 0.2ms
[53.696s][info][gc,phases      ] GC(223)   Evacuate Collection Set: 0.9ms
[53.696s][info][gc,phases      ] GC(223)   Post Evacuate Collection Set: 0.5ms
[53.697s][info][gc,phases      ] GC(223)   Other: 0.1ms
[53.697s][info][gc,heap        ] GC(223) Eden regions: 338->0(338)
[53.697s][info][gc,heap        ] GC(223) Survivor regions: 1->1(43)
[53.697s][info][gc,heap        ] GC(223) Old regions: 34->34
[53.697s][info][gc,heap        ] GC(223) Archive regions: 0->0
[53.697s][info][gc,heap        ] GC(223) Humongous regions: 0->0
[53.697s][info][gc,metaspace   ] GC(223) Metaspace: 75015K(76032K)->75015K(76032K) NonClass: 59368K(59712K)->59368K(59712K) Class: 15647K(16320K)->15647K(16320K)
[53.697s][info][gc             ] GC(223) Pause Young (Normal) (G1 Evacuation Pause) 715M->39M(1132M) 2.219ms
[53.697s][info][gc,cpu         ] GC(223) User=0.00s Sys=0.00s Real=0.00s
[53.871s][info][gc,start       ] GC(224) Pause Young (Normal) (G1 Evacuation Pause)
[53.871s][info][gc,task        ] GC(224) Using 33 workers of 33 for evacuation
[53.873s][info][gc,phases      ] GC(224)   Pre Evacuate Collection Set: 0.2ms
[53.873s][info][gc,phases      ] GC(224)   Merge Heap Roots: 0.2ms
[53.873s][info][gc,phases      ] GC(224)   Evacuate Collection Set: 0.9ms
[53.873s][info][gc,phases      ] GC(224)   Post Evacuate Collection Set: 0.6ms
[53.873s][info][gc,phases      ] GC(224)   Other: 0.1ms
[53.873s][info][gc,heap        ] GC(224) Eden regions: 338->0(338)
[53.873s][info][gc,heap        ] GC(224) Survivor regions: 1->1(43)
[53.873s][info][gc,heap        ] GC(224) Old regions: 34->34
[53.873s][info][gc,heap        ] GC(224) Archive regions: 0->0
[53.874s][info][gc,heap        ] GC(224) Humongous regions: 0->0
[53.874s][info][gc,metaspace   ] GC(224) Metaspace: 75015K(76032K)->75015K(76032K) NonClass: 59368K(59712K)->59368K(59712K) Class: 15647K(16320K)->15647K(16320K)
[53.874s][info][gc             ] GC(224) Pause Young (Normal) (G1 Evacuation Pause) 715M->39M(1132M) 2.333ms
[53.874s][info][gc,cpu         ] GC(224) User=0.00s Sys=0.00s Real=0.00s
[54.049s][info][gc,start       ] GC(225) Pause Young (Normal) (G1 Evacuation Pause)
[54.049s][info][gc,task        ] GC(225) Using 33 workers of 33 for evacuation
[54.051s][info][gc,phases      ] GC(225)   Pre Evacuate Collection Set: 0.2ms
[54.051s][info][gc,phases      ] GC(225)   Merge Heap Roots: 0.2ms
[54.051s][info][gc,phases      ] GC(225)   Evacuate Collection Set: 1.0ms
[54.051s][info][gc,phases      ] GC(225)   Post Evacuate Collection Set: 0.6ms
[54.051s][info][gc,phases      ] GC(225)   Other: 0.1ms
[54.051s][info][gc,heap        ] GC(225) Eden regions: 338->0(338)
[54.051s][info][gc,heap        ] GC(225) Survivor regions: 1->1(43)
[54.051s][info][gc,heap        ] GC(225) Old regions: 34->34
[54.051s][info][gc,heap        ] GC(225) Archive regions: 0->0
[54.051s][info][gc,heap        ] GC(225) Humongous regions: 0->0
[54.051s][info][gc,metaspace   ] GC(225) Metaspace: 75015K(76032K)->75015K(76032K) NonClass: 59368K(59712K)->59368K(59712K) Class: 15647K(16320K)->15647K(16320K)
[54.051s][info][gc             ] GC(225) Pause Young (Normal) (G1 Evacuation Pause) 715M->39M(1132M) 2.353ms
[54.051s][info][gc,cpu         ] GC(225) User=0.00s Sys=0.00s Real=0.00s
[54.226s][info][gc,start       ] GC(226) Pause Young (Normal) (G1 Evacuation Pause)
[54.226s][info][gc,task        ] GC(226) Using 33 workers of 33 for evacuation
[54.228s][info][gc,phases      ] GC(226)   Pre Evacuate Collection Set: 0.2ms
[54.228s][info][gc,phases      ] GC(226)   Merge Heap Roots: 0.2ms
[54.228s][info][gc,phases      ] GC(226)   Evacuate Collection Set: 1.0ms
[54.228s][info][gc,phases      ] GC(226)   Post Evacuate Collection Set: 0.6ms
[54.228s][info][gc,phases      ] GC(226)   Other: 0.1ms
[54.228s][info][gc,heap        ] GC(226) Eden regions: 338->0(338)
[54.228s][info][gc,heap        ] GC(226) Survivor regions: 1->1(43)
[54.228s][info][gc,heap        ] GC(226) Old regions: 34->34
[54.228s][info][gc,heap        ] GC(226) Archive regions: 0->0
[54.228s][info][gc,heap        ] GC(226) Humongous regions: 0->0
[54.228s][info][gc,metaspace   ] GC(226) Metaspace: 75015K(76032K)->75015K(76032K) NonClass: 59368K(59712K)->59368K(59712K) Class: 15647K(16320K)->15647K(16320K)
[54.228s][info][gc             ] GC(226) Pause Young (Normal) (G1 Evacuation Pause) 715M->39M(1132M) 2.299ms
[54.228s][info][gc,cpu         ] GC(226) User=0.52s Sys=0.00s Real=0.00s
[54.403s][info][gc,start       ] GC(227) Pause Young (Normal) (G1 Evacuation Pause)
[54.403s][info][gc,task        ] GC(227) Using 33 workers of 33 for evacuation
[54.405s][info][gc,phases      ] GC(227)   Pre Evacuate Collection Set: 0.2ms
[54.405s][info][gc,phases      ] GC(227)   Merge Heap Roots: 0.2ms
[54.405s][info][gc,phases      ] GC(227)   Evacuate Collection Set: 0.9ms
[54.405s][info][gc,phases      ] GC(227)   Post Evacuate Collection Set: 0.5ms
[54.405s][info][gc,phases      ] GC(227)   Other: 0.1ms
[54.405s][info][gc,heap        ] GC(227) Eden regions: 338->0(338)
[54.405s][info][gc,heap        ] GC(227) Survivor regions: 1->1(43)
[54.405s][info][gc,heap        ] GC(227) Old regions: 34->34
[54.405s][info][gc,heap        ] GC(227) Archive regions: 0->0
[54.405s][info][gc,heap        ] GC(227) Humongous regions: 0->0
[54.405s][info][gc,metaspace   ] GC(227) Metaspace: 75015K(76032K)->75015K(76032K) NonClass: 59368K(59712K)->59368K(59712K) Class: 15647K(16320K)->15647K(16320K)
[54.405s][info][gc             ] GC(227) Pause Young (Normal) (G1 Evacuation Pause) 715M->39M(1132M) 2.249ms
[54.405s][info][gc,cpu         ] GC(227) User=0.00s Sys=0.00s Real=0.00s
[54.580s][info][gc,start       ] GC(228) Pause Young (Normal) (G1 Evacuation Pause)
[54.580s][info][gc,task        ] GC(228) Using 33 workers of 33 for evacuation
[54.582s][info][gc,phases      ] GC(228)   Pre Evacuate Collection Set: 0.2ms
[54.582s][info][gc,phases      ] GC(228)   Merge Heap Roots: 0.2ms
[54.582s][info][gc,phases      ] GC(228)   Evacuate Collection Set: 0.9ms
[54.582s][info][gc,phases      ] GC(228)   Post Evacuate Collection Set: 0.6ms
[54.582s][info][gc,phases      ] GC(228)   Other: 0.1ms
[54.582s][info][gc,heap        ] GC(228) Eden regions: 338->0(338)
[54.582s][info][gc,heap        ] GC(228) Survivor regions: 1->1(43)
[54.582s][info][gc,heap        ] GC(228) Old regions: 34->34
[54.582s][info][gc,heap        ] GC(228) Archive regions: 0->0
[54.582s][info][gc,heap        ] GC(228) Humongous regions: 0->0
[54.582s][info][gc,metaspace   ] GC(228) Metaspace: 75015K(76032K)->75015K(76032K) NonClass: 59368K(59712K)->59368K(59712K) Class: 15647K(16320K)->15647K(16320K)
[54.582s][info][gc             ] GC(228) Pause Young (Normal) (G1 Evacuation Pause) 715M->39M(1132M) 2.256ms
[54.582s][info][gc,cpu         ] GC(228) User=0.00s Sys=0.00s Real=0.00s
[54.758s][info][gc,start       ] GC(229) Pause Young (Normal) (G1 Evacuation Pause)
[54.758s][info][gc,task        ] GC(229) Using 33 workers of 33 for evacuation
[54.760s][info][gc,phases      ] GC(229)   Pre Evacuate Collection Set: 0.2ms
[54.760s][info][gc,phases      ] GC(229)   Merge Heap Roots: 0.2ms
[54.760s][info][gc,phases      ] GC(229)   Evacuate Collection Set: 0.9ms
[54.760s][info][gc,phases      ] GC(229)   Post Evacuate Collection Set: 0.6ms
[54.760s][info][gc,phases      ] GC(229)   Other: 0.1ms
[54.760s][info][gc,heap        ] GC(229) Eden regions: 338->0(338)
[54.760s][info][gc,heap        ] GC(229) Survivor regions: 1->1(43)
[54.760s][info][gc,heap        ] GC(229) Old regions: 34->34
[54.760s][info][gc,heap        ] GC(229) Archive regions: 0->0
[54.760s][info][gc,heap        ] GC(229) Humongous regions: 0->0
[54.760s][info][gc,metaspace   ] GC(229) Metaspace: 75015K(76032K)->75015K(76032K) NonClass: 59368K(59712K)->59368K(59712K) Class: 15647K(16320K)->15647K(16320K)
[54.760s][info][gc             ] GC(229) Pause Young (Normal) (G1 Evacuation Pause) 715M->39M(1132M) 2.248ms
[54.760s][info][gc,cpu         ] GC(229) User=0.02s Sys=0.00s Real=0.00s
[54.938s][info][gc,start       ] GC(230) Pause Young (Normal) (G1 Evacuation Pause)
[54.938s][info][gc,task        ] GC(230) Using 33 workers of 33 for evacuation
[54.940s][info][gc,phases      ] GC(230)   Pre Evacuate Collection Set: 0.2ms
[54.940s][info][gc,phases      ] GC(230)   Merge Heap Roots: 0.2ms
[54.940s][info][gc,phases      ] GC(230)   Evacuate Collection Set: 1.0ms
[54.940s][info][gc,phases      ] GC(230)   Post Evacuate Collection Set: 0.6ms
[54.940s][info][gc,phases      ] GC(230)   Other: 0.1ms
[54.940s][info][gc,heap        ] GC(230) Eden regions: 338->0(338)
[54.940s][info][gc,heap        ] GC(230) Survivor regions: 1->1(43)
[54.940s][info][gc,heap        ] GC(230) Old regions: 34->34
[54.940s][info][gc,heap        ] GC(230) Archive regions: 0->0
[54.940s][info][gc,heap        ] GC(230) Humongous regions: 0->0
[54.940s][info][gc,metaspace   ] GC(230) Metaspace: 75015K(76032K)->75015K(76032K) NonClass: 59368K(59712K)->59368K(59712K) Class: 15647K(16320K)->15647K(16320K)
[54.940s][info][gc             ] GC(230) Pause Young (Normal) (G1 Evacuation Pause) 715M->39M(1132M) 2.410ms
[54.940s][info][gc,cpu         ] GC(230) User=0.00s Sys=0.00s Real=0.00s
[55.117s][info][gc,start       ] GC(231) Pause Young (Normal) (G1 Evacuation Pause)
[55.117s][info][gc,task        ] GC(231) Using 33 workers of 33 for evacuation
[55.120s][info][gc,phases      ] GC(231)   Pre Evacuate Collection Set: 0.2ms
[55.120s][info][gc,phases      ] GC(231)   Merge Heap Roots: 0.2ms
[55.120s][info][gc,phases      ] GC(231)   Evacuate Collection Set: 0.9ms
[55.120s][info][gc,phases      ] GC(231)   Post Evacuate Collection Set: 0.6ms
[55.120s][info][gc,phases      ] GC(231)   Other: 0.1ms
[55.120s][info][gc,heap        ] GC(231) Eden regions: 338->0(338)
[55.120s][info][gc,heap        ] GC(231) Survivor regions: 1->1(43)
[55.120s][info][gc,heap        ] GC(231) Old regions: 34->34
[55.120s][info][gc,heap        ] GC(231) Archive regions: 0->0
[55.120s][info][gc,heap        ] GC(231) Humongous regions: 0->0
[55.120s][info][gc,metaspace   ] GC(231) Metaspace: 75015K(76032K)->75015K(76032K) NonClass: 59368K(59712K)->59368K(59712K) Class: 15647K(16320K)->15647K(16320K)
[55.120s][info][gc             ] GC(231) Pause Young (Normal) (G1 Evacuation Pause) 715M->39M(1132M) 2.304ms
[55.120s][info][gc,cpu         ] GC(231) User=0.42s Sys=0.02s Real=0.00s
[55.299s][info][gc,start       ] GC(232) Pause Young (Normal) (G1 Evacuation Pause)
[55.299s][info][gc,task        ] GC(232) Using 33 workers of 33 for evacuation
[55.301s][info][gc,phases      ] GC(232)   Pre Evacuate Collection Set: 0.2ms
[55.301s][info][gc,phases      ] GC(232)   Merge Heap Roots: 0.2ms
[55.301s][info][gc,phases      ] GC(232)   Evacuate Collection Set: 0.9ms
[55.301s][info][gc,phases      ] GC(232)   Post Evacuate Collection Set: 0.6ms
[55.301s][info][gc,phases      ] GC(232)   Other: 0.1ms
[55.301s][info][gc,heap        ] GC(232) Eden regions: 338->0(338)
[55.301s][info][gc,heap        ] GC(232) Survivor regions: 1->1(43)
[55.301s][info][gc,heap        ] GC(232) Old regions: 34->34
[55.301s][info][gc,heap        ] GC(232) Archive regions: 0->0
[55.301s][info][gc,heap        ] GC(232) Humongous regions: 0->0
[55.301s][info][gc,metaspace   ] GC(232) Metaspace: 75028K(76032K)->75028K(76032K) NonClass: 59381K(59712K)->59381K(59712K) Class: 15647K(16320K)->15647K(16320K)
[55.301s][info][gc             ] GC(232) Pause Young (Normal) (G1 Evacuation Pause) 715M->39M(1132M) 2.358ms
[55.301s][info][gc,cpu         ] GC(232) User=0.00s Sys=0.00s Real=0.00s
[55.488s][info][gc,start       ] GC(233) Pause Young (Normal) (G1 Evacuation Pause)
[55.488s][info][gc,task        ] GC(233) Using 33 workers of 33 for evacuation
[55.490s][info][gc,phases      ] GC(233)   Pre Evacuate Collection Set: 0.2ms
[55.490s][info][gc,phases      ] GC(233)   Merge Heap Roots: 0.2ms
[55.490s][info][gc,phases      ] GC(233)   Evacuate Collection Set: 0.8ms
[55.490s][info][gc,phases      ] GC(233)   Post Evacuate Collection Set: 0.6ms
[55.490s][info][gc,phases      ] GC(233)   Other: 0.1ms
[55.490s][info][gc,heap        ] GC(233) Eden regions: 338->0(338)
[55.490s][info][gc,heap        ] GC(233) Survivor regions: 1->1(43)
[55.490s][info][gc,heap        ] GC(233) Old regions: 34->34
[55.490s][info][gc,heap        ] GC(233) Archive regions: 0->0
[55.490s][info][gc,heap        ] GC(233) Humongous regions: 0->0
[55.490s][info][gc,metaspace   ] GC(233) Metaspace: 75037K(76032K)->75037K(76032K) NonClass: 59390K(59712K)->59390K(59712K) Class: 15647K(16320K)->15647K(16320K)
[55.490s][info][gc             ] GC(233) Pause Young (Normal) (G1 Evacuation Pause) 715M->39M(1132M) 2.216ms
[55.490s][info][gc,cpu         ] GC(233) User=0.00s Sys=0.00s Real=0.00s
[55.698s][info][gc,start       ] GC(234) Pause Young (Normal) (G1 Evacuation Pause)
[55.698s][info][gc,task        ] GC(234) Using 33 workers of 33 for evacuation
[55.700s][info][gc,phases      ] GC(234)   Pre Evacuate Collection Set: 0.2ms
[55.700s][info][gc,phases      ] GC(234)   Merge Heap Roots: 0.2ms
[55.700s][info][gc,phases      ] GC(234)   Evacuate Collection Set: 0.9ms
[55.700s][info][gc,phases      ] GC(234)   Post Evacuate Collection Set: 0.6ms
[55.700s][info][gc,phases      ] GC(234)   Other: 0.1ms
[55.700s][info][gc,heap        ] GC(234) Eden regions: 338->0(338)
[55.700s][info][gc,heap        ] GC(234) Survivor regions: 1->1(43)
[55.700s][info][gc,heap        ] GC(234) Old regions: 34->34
[55.700s][info][gc,heap        ] GC(234) Archive regions: 0->0
[55.700s][info][gc,heap        ] GC(234) Humongous regions: 0->0
[55.700s][info][gc,metaspace   ] GC(234) Metaspace: 75066K(76096K)->75066K(76096K) NonClass: 59418K(59776K)->59418K(59776K) Class: 15647K(16320K)->15647K(16320K)
[55.700s][info][gc             ] GC(234) Pause Young (Normal) (G1 Evacuation Pause) 715M->39M(1132M) 2.220ms
[55.700s][info][gc,cpu         ] GC(234) User=0.00s Sys=0.00s Real=0.00s
[55.997s][info][gc,start       ] GC(235) Pause Young (Normal) (G1 Evacuation Pause)
[55.997s][info][gc,task        ] GC(235) Using 32 workers of 33 for evacuation
[55.999s][info][gc,phases      ] GC(235)   Pre Evacuate Collection Set: 0.2ms
[55.999s][info][gc,phases      ] GC(235)   Merge Heap Roots: 0.2ms
[55.999s][info][gc,phases      ] GC(235)   Evacuate Collection Set: 0.8ms
[55.999s][info][gc,phases      ] GC(235)   Post Evacuate Collection Set: 0.6ms
[55.999s][info][gc,phases      ] GC(235)   Other: 0.1ms
[55.999s][info][gc,heap        ] GC(235) Eden regions: 338->0(338)
[55.999s][info][gc,heap        ] GC(235) Survivor regions: 1->1(43)
[55.999s][info][gc,heap        ] GC(235) Old regions: 34->34
[55.999s][info][gc,heap        ] GC(235) Archive regions: 0->0
[55.999s][info][gc,heap        ] GC(235) Humongous regions: 0->0
[55.999s][info][gc,metaspace   ] GC(235) Metaspace: 75066K(76096K)->75066K(76096K) NonClass: 59418K(59776K)->59418K(59776K) Class: 15647K(16320K)->15647K(16320K)
[55.999s][info][gc             ] GC(235) Pause Young (Normal) (G1 Evacuation Pause) 715M->39M(1132M) 2.204ms
[55.999s][info][gc,cpu         ] GC(235) User=0.00s Sys=0.00s Real=0.00s
[56.372s][info][gc,start       ] GC(236) Pause Young (Normal) (G1 Evacuation Pause)
[56.372s][info][gc,task        ] GC(236) Using 29 workers of 33 for evacuation
[56.374s][info][gc,phases      ] GC(236)   Pre Evacuate Collection Set: 0.2ms
[56.374s][info][gc,phases      ] GC(236)   Merge Heap Roots: 0.1ms
[56.374s][info][gc,phases      ] GC(236)   Evacuate Collection Set: 0.7ms
[56.374s][info][gc,phases      ] GC(236)   Post Evacuate Collection Set: 0.5ms
[56.374s][info][gc,phases      ] GC(236)   Other: 0.1ms
[56.374s][info][gc,heap        ] GC(236) Eden regions: 338->0(338)
[56.374s][info][gc,heap        ] GC(236) Survivor regions: 1->1(43)
[56.374s][info][gc,heap        ] GC(236) Old regions: 34->34
[56.374s][info][gc,heap        ] GC(236) Archive regions: 0->0
[56.374s][info][gc,heap        ] GC(236) Humongous regions: 0->0
[56.374s][info][gc,metaspace   ] GC(236) Metaspace: 75066K(76096K)->75066K(76096K) NonClass: 59418K(59776K)->59418K(59776K) Class: 15647K(16320K)->15647K(16320K)
[56.374s][info][gc             ] GC(236) Pause Young (Normal) (G1 Evacuation Pause) 715M->39M(1132M) 1.885ms
[56.374s][info][gc,cpu         ] GC(236) User=0.00s Sys=0.00s Real=0.00s
[56.857s][info][gc,start       ] GC(237) Pause Young (Normal) (G1 Evacuation Pause)
[56.857s][info][gc,task        ] GC(237) Using 28 workers of 33 for evacuation
[56.859s][info][gc,phases      ] GC(237)   Pre Evacuate Collection Set: 0.2ms
[56.859s][info][gc,phases      ] GC(237)   Merge Heap Roots: 0.1ms
[56.859s][info][gc,phases      ] GC(237)   Evacuate Collection Set: 0.7ms
[56.859s][info][gc,phases      ] GC(237)   Post Evacuate Collection Set: 0.6ms
[56.859s][info][gc,phases      ] GC(237)   Other: 0.1ms
[56.859s][info][gc,heap        ] GC(237) Eden regions: 338->0(338)
[56.859s][info][gc,heap        ] GC(237) Survivor regions: 1->1(43)
[56.859s][info][gc,heap        ] GC(237) Old regions: 34->34
[56.859s][info][gc,heap        ] GC(237) Archive regions: 0->0
[56.859s][info][gc,heap        ] GC(237) Humongous regions: 0->0
[56.859s][info][gc,metaspace   ] GC(237) Metaspace: 75066K(76096K)->75066K(76096K) NonClass: 59418K(59776K)->59418K(59776K) Class: 15647K(16320K)->15647K(16320K)
[56.859s][info][gc             ] GC(237) Pause Young (Normal) (G1 Evacuation Pause) 715M->39M(1132M) 1.940ms
[56.859s][info][gc,cpu         ] GC(237) User=0.00s Sys=0.00s Real=0.00s
[57.343s][info][gc,start       ] GC(238) Pause Young (Normal) (G1 Evacuation Pause)
[57.343s][info][gc,task        ] GC(238) Using 27 workers of 33 for evacuation
[57.345s][info][gc,phases      ] GC(238)   Pre Evacuate Collection Set: 0.2ms
[57.345s][info][gc,phases      ] GC(238)   Merge Heap Roots: 0.1ms
[57.345s][info][gc,phases      ] GC(238)   Evacuate Collection Set: 0.7ms
[57.345s][info][gc,phases      ] GC(238)   Post Evacuate Collection Set: 0.5ms
[57.345s][info][gc,phases      ] GC(238)   Other: 0.1ms
[57.345s][info][gc,heap        ] GC(238) Eden regions: 338->0(338)
[57.345s][info][gc,heap        ] GC(238) Survivor regions: 1->1(43)
[57.345s][info][gc,heap        ] GC(238) Old regions: 34->34
[57.345s][info][gc,heap        ] GC(238) Archive regions: 0->0
[57.345s][info][gc,heap        ] GC(238) Humongous regions: 0->0
[57.345s][info][gc,metaspace   ] GC(238) Metaspace: 75066K(76096K)->75066K(76096K) NonClass: 59418K(59776K)->59418K(59776K) Class: 15647K(16320K)->15647K(16320K)
[57.345s][info][gc             ] GC(238) Pause Young (Normal) (G1 Evacuation Pause) 715M->39M(1132M) 1.782ms
[57.345s][info][gc,cpu         ] GC(238) User=0.00s Sys=0.00s Real=0.00s
[57.738s][info][gc,start       ] GC(239) Pause Full (System.gc())
[57.739s][info][gc,task        ] GC(239) Using 27 workers of 33 for full compaction
[57.740s][info][gc,phases,start] GC(239) Phase 1: Mark live objects
[57.769s][info][gc,phases      ] GC(239) Phase 1: Mark live objects 28.811ms
[57.769s][info][gc,phases,start] GC(239) Phase 2: Prepare compaction
[57.772s][info][gc,phases      ] GC(239) Phase 2: Prepare compaction 3.031ms
[57.772s][info][gc,phases,start] GC(239) Phase 3: Adjust pointers
[57.790s][info][gc,phases      ] GC(239) Phase 3: Adjust pointers 17.692ms
[57.790s][info][gc,phases,start] GC(239) Phase 4: Compact heap
[57.791s][info][gc,phases      ] GC(239) Phase 4: Compact heap 1.108ms
[57.810s][info][gc,heap        ] GC(239) Eden regions: 226->0(64)
[57.810s][info][gc,heap        ] GC(239) Survivor regions: 1->0(43)
[57.810s][info][gc,heap        ] GC(239) Old regions: 34->32
[57.810s][info][gc,heap        ] GC(239) Archive regions: 0->0
[57.810s][info][gc,heap        ] GC(239) Humongous regions: 0->0
[57.810s][info][gc,metaspace   ] GC(239) Metaspace: 75083K(76096K)->75083K(76096K) NonClass: 59436K(59776K)->59436K(59776K) Class: 15647K(16320K)->15647K(16320K)
[57.810s][info][gc             ] GC(239) Pause Full (System.gc()) 490M->35M(214M) 71.931ms
[57.810s][info][gc,cpu         ] GC(239) User=0.84s Sys=0.03s Real=0.07s
[57.875s][info][gc,start       ] GC(240) Pause Young (Normal) (G1 Evacuation Pause)
[57.875s][info][gc,task        ] GC(240) Using 33 workers of 33 for evacuation
[57.877s][info][gc,phases      ] GC(240)   Pre Evacuate Collection Set: 0.2ms
[57.877s][info][gc,phases      ] GC(240)   Merge Heap Roots: 0.2ms
[57.877s][info][gc,phases      ] GC(240)   Evacuate Collection Set: 1.3ms
[57.877s][info][gc,phases      ] GC(240)   Post Evacuate Collection Set: 0.7ms
[57.877s][info][gc,phases      ] GC(240)   Other: 0.1ms
[57.877s][info][gc,heap        ] GC(240) Eden regions: 64->0(62)
[57.877s][info][gc,heap        ] GC(240) Survivor regions: 0->2(8)
[57.877s][info][gc,heap        ] GC(240) Old regions: 32->32
[57.877s][info][gc,heap        ] GC(240) Archive regions: 0->0
[57.877s][info][gc,heap        ] GC(240) Humongous regions: 0->0
[57.877s][info][gc,metaspace   ] GC(240) Metaspace: 75151K(76160K)->75151K(76160K) NonClass: 59504K(59840K)->59504K(59840K) Class: 15647K(16320K)->15647K(16320K)
[57.877s][info][gc             ] GC(240) Pause Young (Normal) (G1 Evacuation Pause) 163M->39M(214M) 2.712ms
[57.877s][info][gc,cpu         ] GC(240) User=0.00s Sys=0.00s Real=0.00s
[57.911s][info][gc,start       ] GC(241) Pause Young (Normal) (G1 Evacuation Pause)
[57.911s][info][gc,task        ] GC(241) Using 33 workers of 33 for evacuation
[57.913s][info][gc,phases      ] GC(241)   Pre Evacuate Collection Set: 0.2ms
[57.913s][info][gc,phases      ] GC(241)   Merge Heap Roots: 0.2ms
[57.913s][info][gc,phases      ] GC(241)   Evacuate Collection Set: 1.2ms
[57.913s][info][gc,phases      ] GC(241)   Post Evacuate Collection Set: 0.6ms
[57.913s][info][gc,phases      ] GC(241)   Other: 0.1ms
[57.913s][info][gc,heap        ] GC(241) Eden regions: 62->0(62)
[57.913s][info][gc,heap        ] GC(241) Survivor regions: 2->2(8)
[57.913s][info][gc,heap        ] GC(241) Old regions: 32->32
[57.913s][info][gc,heap        ] GC(241) Archive regions: 0->0
[57.913s][info][gc,heap        ] GC(241) Humongous regions: 0->0
[57.913s][info][gc,metaspace   ] GC(241) Metaspace: 75151K(76160K)->75151K(76160K) NonClass: 59504K(59840K)->59504K(59840K) Class: 15647K(16320K)->15647K(16320K)
[57.913s][info][gc             ] GC(241) Pause Young (Normal) (G1 Evacuation Pause) 163M->39M(214M) 2.547ms
[57.913s][info][gc,cpu         ] GC(241) User=0.00s Sys=0.00s Real=0.00s
[57.946s][info][gc,start       ] GC(242) Pause Young (Normal) (G1 Evacuation Pause)
[57.946s][info][gc,task        ] GC(242) Using 33 workers of 33 for evacuation
[57.949s][info][gc,phases      ] GC(242)   Pre Evacuate Collection Set: 0.2ms
[57.949s][info][gc,phases      ] GC(242)   Merge Heap Roots: 0.2ms
[57.949s][info][gc,phases      ] GC(242)   Evacuate Collection Set: 1.2ms
[57.949s][info][gc,phases      ] GC(242)   Post Evacuate Collection Set: 0.6ms
[57.949s][info][gc,phases      ] GC(242)   Other: 0.1ms
[57.949s][info][gc,heap        ] GC(242) Eden regions: 62->0(62)
[57.949s][info][gc,heap        ] GC(242) Survivor regions: 2->2(8)
[57.949s][info][gc,heap        ] GC(242) Old regions: 32->32
[57.949s][info][gc,heap        ] GC(242) Archive regions: 0->0
[57.949s][info][gc,heap        ] GC(242) Humongous regions: 0->0
[57.949s][info][gc,metaspace   ] GC(242) Metaspace: 75151K(76160K)->75151K(76160K) NonClass: 59504K(59840K)->59504K(59840K) Class: 15647K(16320K)->15647K(16320K)
[57.949s][info][gc             ] GC(242) Pause Young (Normal) (G1 Evacuation Pause) 163M->39M(214M) 2.512ms
[57.949s][info][gc,cpu         ] GC(242) User=0.02s Sys=0.00s Real=0.00s
[57.982s][info][gc,start       ] GC(243) Pause Young (Normal) (G1 Evacuation Pause)
[57.982s][info][gc,task        ] GC(243) Using 33 workers of 33 for evacuation
[57.988s][info][gc,phases      ] GC(243)   Pre Evacuate Collection Set: 0.2ms
[57.988s][info][gc,phases      ] GC(243)   Merge Heap Roots: 0.2ms
[57.988s][info][gc,phases      ] GC(243)   Evacuate Collection Set: 1.2ms
[57.988s][info][gc,phases      ] GC(243)   Post Evacuate Collection Set: 3.6ms
[57.988s][info][gc,phases      ] GC(243)   Other: 0.1ms
[57.988s][info][gc,heap        ] GC(243) Eden regions: 62->0(337)
[57.988s][info][gc,heap        ] GC(243) Survivor regions: 2->2(8)
[57.988s][info][gc,heap        ] GC(243) Old regions: 32->32
[57.988s][info][gc,heap        ] GC(243) Archive regions: 0->0
[57.988s][info][gc,heap        ] GC(243) Humongous regions: 0->0
[57.988s][info][gc,metaspace   ] GC(243) Metaspace: 75151K(76160K)->75151K(76160K) NonClass: 59504K(59840K)->59504K(59840K) Class: 15647K(16320K)->15647K(16320K)
[57.988s][info][gc             ] GC(243) Pause Young (Normal) (G1 Evacuation Pause) 163M->39M(1132M) 5.464ms
[57.988s][info][gc,cpu         ] GC(243) User=0.00s Sys=0.00s Real=0.00s
[58.245s][info][gc,start       ] GC(244) Pause Young (Normal) (G1 Evacuation Pause)
[58.245s][info][gc,task        ] GC(244) Using 33 workers of 33 for evacuation
[58.249s][info][gc,phases      ] GC(244)   Pre Evacuate Collection Set: 0.2ms
[58.249s][info][gc,phases      ] GC(244)   Merge Heap Roots: 0.2ms
[58.249s][info][gc,phases      ] GC(244)   Evacuate Collection Set: 2.8ms
[58.249s][info][gc,phases      ] GC(244)   Post Evacuate Collection Set: 0.8ms
[58.249s][info][gc,phases      ] GC(244)   Other: 0.1ms
[58.249s][info][gc,heap        ] GC(244) Eden regions: 337->0(336)
[58.249s][info][gc,heap        ] GC(244) Survivor regions: 2->3(43)
[58.249s][info][gc,heap        ] GC(244) Old regions: 32->32
[58.249s][info][gc,heap        ] GC(244) Archive regions: 0->0
[58.249s][info][gc,heap        ] GC(244) Humongous regions: 0->0
[58.249s][info][gc,metaspace   ] GC(244) Metaspace: 75151K(76160K)->75151K(76160K) NonClass: 59504K(59840K)->59504K(59840K) Class: 15647K(16320K)->15647K(16320K)
[58.249s][info][gc             ] GC(244) Pause Young (Normal) (G1 Evacuation Pause) 713M->39M(1132M) 4.334ms
[58.249s][info][gc,cpu         ] GC(244) User=0.00s Sys=0.00s Real=0.00s
[58.423s][info][gc,start       ] GC(245) Pause Young (Normal) (G1 Evacuation Pause)
[58.423s][info][gc,task        ] GC(245) Using 33 workers of 33 for evacuation
[58.427s][info][gc,phases      ] GC(245)   Pre Evacuate Collection Set: 0.2ms
[58.427s][info][gc,phases      ] GC(245)   Merge Heap Roots: 0.2ms
[58.427s][info][gc,phases      ] GC(245)   Evacuate Collection Set: 2.1ms
[58.427s][info][gc,phases      ] GC(245)   Post Evacuate Collection Set: 0.8ms
[58.427s][info][gc,phases      ] GC(245)   Other: 0.1ms
[58.427s][info][gc,heap        ] GC(245) Eden regions: 336->0(337)
[58.427s][info][gc,heap        ] GC(245) Survivor regions: 3->2(43)
[58.427s][info][gc,heap        ] GC(245) Old regions: 32->32
[58.427s][info][gc,heap        ] GC(245) Archive regions: 0->0
[58.427s][info][gc,heap        ] GC(245) Humongous regions: 0->0
[58.427s][info][gc,metaspace   ] GC(245) Metaspace: 75151K(76160K)->75151K(76160K) NonClass: 59504K(59840K)->59504K(59840K) Class: 15647K(16320K)->15647K(16320K)
[58.427s][info][gc             ] GC(245) Pause Young (Normal) (G1 Evacuation Pause) 711M->39M(1132M) 3.616ms
[58.427s][info][gc,cpu         ] GC(245) User=0.00s Sys=0.00s Real=0.00s
[58.600s][info][gc,start       ] GC(246) Pause Young (Normal) (G1 Evacuation Pause)
[58.600s][info][gc,task        ] GC(246) Using 33 workers of 33 for evacuation
[58.604s][info][gc,phases      ] GC(246)   Pre Evacuate Collection Set: 0.2ms
[58.604s][info][gc,phases      ] GC(246)   Merge Heap Roots: 0.2ms
[58.604s][info][gc,phases      ] GC(246)   Evacuate Collection Set: 1.8ms
[58.604s][info][gc,phases      ] GC(246)   Post Evacuate Collection Set: 0.8ms
[58.604s][info][gc,phases      ] GC(246)   Other: 0.1ms
[58.604s][info][gc,heap        ] GC(246) Eden regions: 337->0(337)
[58.604s][info][gc,heap        ] GC(246) Survivor regions: 2->2(43)
[58.604s][info][gc,heap        ] GC(246) Old regions: 32->32
[58.604s][info][gc,heap        ] GC(246) Archive regions: 0->0
[58.604s][info][gc,heap        ] GC(246) Humongous regions: 0->0
[58.604s][info][gc,metaspace   ] GC(246) Metaspace: 75151K(76160K)->75151K(76160K) NonClass: 59504K(59840K)->59504K(59840K) Class: 15647K(16320K)->15647K(16320K)
[58.604s][info][gc             ] GC(246) Pause Young (Normal) (G1 Evacuation Pause) 713M->39M(1132M) 3.351ms
[58.604s][info][gc,cpu         ] GC(246) User=0.00s Sys=0.00s Real=0.00s
[58.778s][info][gc,start       ] GC(247) Pause Young (Normal) (G1 Evacuation Pause)
[58.778s][info][gc,task        ] GC(247) Using 33 workers of 33 for evacuation
[58.780s][info][gc,phases      ] GC(247)   Pre Evacuate Collection Set: 0.2ms
[58.780s][info][gc,phases      ] GC(247)   Merge Heap Roots: 0.2ms
[58.780s][info][gc,phases      ] GC(247)   Evacuate Collection Set: 1.2ms
[58.781s][info][gc,phases      ] GC(247)   Post Evacuate Collection Set: 0.8ms
[58.781s][info][gc,phases      ] GC(247)   Other: 0.1ms
[58.781s][info][gc,heap        ] GC(247) Eden regions: 337->0(337)
[58.781s][info][gc,heap        ] GC(247) Survivor regions: 2->2(43)
[58.781s][info][gc,heap        ] GC(247) Old regions: 32->32
[58.781s][info][gc,heap        ] GC(247) Archive regions: 0->0
[58.781s][info][gc,heap        ] GC(247) Humongous regions: 0->0
[58.781s][info][gc,metaspace   ] GC(247) Metaspace: 75151K(76160K)->75151K(76160K) NonClass: 59504K(59840K)->59504K(59840K) Class: 15647K(16320K)->15647K(16320K)
[58.781s][info][gc             ] GC(247) Pause Young (Normal) (G1 Evacuation Pause) 713M->39M(1132M) 2.760ms
[58.781s][info][gc,cpu         ] GC(247) User=0.00s Sys=0.00s Real=0.00s
[58.957s][info][gc,start       ] GC(248) Pause Young (Normal) (G1 Evacuation Pause)
[58.957s][info][gc,task        ] GC(248) Using 33 workers of 33 for evacuation
[58.960s][info][gc,phases      ] GC(248)   Pre Evacuate Collection Set: 0.2ms
[58.960s][info][gc,phases      ] GC(248)   Merge Heap Roots: 0.2ms
[58.960s][info][gc,phases      ] GC(248)   Evacuate Collection Set: 1.2ms
[58.960s][info][gc,phases      ] GC(248)   Post Evacuate Collection Set: 0.8ms
[58.960s][info][gc,phases      ] GC(248)   Other: 0.1ms
[58.960s][info][gc,heap        ] GC(248) Eden regions: 337->0(337)
[58.960s][info][gc,heap        ] GC(248) Survivor regions: 2->2(43)
[58.960s][info][gc,heap        ] GC(248) Old regions: 32->32
[58.960s][info][gc,heap        ] GC(248) Archive regions: 0->0
[58.960s][info][gc,heap        ] GC(248) Humongous regions: 0->0
[58.960s][info][gc,metaspace   ] GC(248) Metaspace: 75151K(76160K)->75151K(76160K) NonClass: 59504K(59840K)->59504K(59840K) Class: 15647K(16320K)->15647K(16320K)
[58.960s][info][gc             ] GC(248) Pause Young (Normal) (G1 Evacuation Pause) 713M->39M(1132M) 2.756ms
[58.960s][info][gc,cpu         ] GC(248) User=0.00s Sys=0.00s Real=0.00s
[59.135s][info][gc,start       ] GC(249) Pause Young (Normal) (G1 Evacuation Pause)
[59.135s][info][gc,task        ] GC(249) Using 33 workers of 33 for evacuation
[59.138s][info][gc,phases      ] GC(249)   Pre Evacuate Collection Set: 0.2ms
[59.138s][info][gc,phases      ] GC(249)   Merge Heap Roots: 0.2ms
[59.138s][info][gc,phases      ] GC(249)   Evacuate Collection Set: 1.2ms
[59.138s][info][gc,phases      ] GC(249)   Post Evacuate Collection Set: 0.7ms
[59.138s][info][gc,phases      ] GC(249)   Other: 0.1ms
[59.138s][info][gc,heap        ] GC(249) Eden regions: 337->0(337)
[59.138s][info][gc,heap        ] GC(249) Survivor regions: 2->2(43)
[59.138s][info][gc,heap        ] GC(249) Old regions: 32->32
[59.138s][info][gc,heap        ] GC(249) Archive regions: 0->0
[59.138s][info][gc,heap        ] GC(249) Humongous regions: 0->0
[59.138s][info][gc,metaspace   ] GC(249) Metaspace: 75151K(76160K)->75151K(76160K) NonClass: 59504K(59840K)->59504K(59840K) Class: 15647K(16320K)->15647K(16320K)
[59.138s][info][gc             ] GC(249) Pause Young (Normal) (G1 Evacuation Pause) 713M->39M(1132M) 2.766ms
[59.138s][info][gc,cpu         ] GC(249) User=0.00s Sys=0.00s Real=0.00s
[59.316s][info][gc,start       ] GC(250) Pause Young (Normal) (G1 Evacuation Pause)
[59.316s][info][gc,task        ] GC(250) Using 33 workers of 33 for evacuation
[59.319s][info][gc,phases      ] GC(250)   Pre Evacuate Collection Set: 0.2ms
[59.319s][info][gc,phases      ] GC(250)   Merge Heap Roots: 0.2ms
[59.319s][info][gc,phases      ] GC(250)   Evacuate Collection Set: 1.3ms
[59.319s][info][gc,phases      ] GC(250)   Post Evacuate Collection Set: 0.8ms
[59.319s][info][gc,phases      ] GC(250)   Other: 0.1ms
[59.319s][info][gc,heap        ] GC(250) Eden regions: 337->0(337)
[59.319s][info][gc,heap        ] GC(250) Survivor regions: 2->2(43)
[59.319s][info][gc,heap        ] GC(250) Old regions: 32->32
[59.319s][info][gc,heap        ] GC(250) Archive regions: 0->0
[59.319s][info][gc,heap        ] GC(250) Humongous regions: 0->0
[59.319s][info][gc,metaspace   ] GC(250) Metaspace: 75151K(76160K)->75151K(76160K) NonClass: 59504K(59840K)->59504K(59840K) Class: 15647K(16320K)->15647K(16320K)
[59.319s][info][gc             ] GC(250) Pause Young (Normal) (G1 Evacuation Pause) 713M->39M(1132M) 2.844ms
[59.319s][info][gc,cpu         ] GC(250) User=0.00s Sys=0.00s Real=0.00s
[59.497s][info][gc,start       ] GC(251) Pause Young (Normal) (G1 Evacuation Pause)
[59.497s][info][gc,task        ] GC(251) Using 33 workers of 33 for evacuation
[59.499s][info][gc,phases      ] GC(251)   Pre Evacuate Collection Set: 0.2ms
[59.499s][info][gc,phases      ] GC(251)   Merge Heap Roots: 0.2ms
[59.499s][info][gc,phases      ] GC(251)   Evacuate Collection Set: 1.2ms
[59.499s][info][gc,phases      ] GC(251)   Post Evacuate Collection Set: 0.8ms
[59.499s][info][gc,phases      ] GC(251)   Other: 0.1ms
[59.499s][info][gc,heap        ] GC(251) Eden regions: 337->0(337)
[59.499s][info][gc,heap        ] GC(251) Survivor regions: 2->2(43)
[59.499s][info][gc,heap        ] GC(251) Old regions: 32->32
[59.499s][info][gc,heap        ] GC(251) Archive regions: 0->0
[59.499s][info][gc,heap        ] GC(251) Humongous regions: 0->0
[59.499s][info][gc,metaspace   ] GC(251) Metaspace: 75151K(76160K)->75151K(76160K) NonClass: 59504K(59840K)->59504K(59840K) Class: 15647K(16320K)->15647K(16320K)
[59.499s][info][gc             ] GC(251) Pause Young (Normal) (G1 Evacuation Pause) 713M->39M(1132M) 2.817ms
[59.499s][info][gc,cpu         ] GC(251) User=0.00s Sys=0.00s Real=0.00s
[59.677s][info][gc,start       ] GC(252) Pause Young (Normal) (G1 Evacuation Pause)
[59.677s][info][gc,task        ] GC(252) Using 33 workers of 33 for evacuation
[59.680s][info][gc,phases      ] GC(252)   Pre Evacuate Collection Set: 0.2ms
[59.680s][info][gc,phases      ] GC(252)   Merge Heap Roots: 0.2ms
[59.680s][info][gc,phases      ] GC(252)   Evacuate Collection Set: 1.1ms
[59.680s][info][gc,phases      ] GC(252)   Post Evacuate Collection Set: 0.7ms
[59.680s][info][gc,phases      ] GC(252)   Other: 0.1ms
[59.680s][info][gc,heap        ] GC(252) Eden regions: 337->0(337)
[59.680s][info][gc,heap        ] GC(252) Survivor regions: 2->2(43)
[59.680s][info][gc,heap        ] GC(252) Old regions: 32->32
[59.680s][info][gc,heap        ] GC(252) Archive regions: 0->0
[59.680s][info][gc,heap        ] GC(252) Humongous regions: 0->0
[59.680s][info][gc,metaspace   ] GC(252) Metaspace: 75151K(76160K)->75151K(76160K) NonClass: 59504K(59840K)->59504K(59840K) Class: 15647K(16320K)->15647K(16320K)
[59.680s][info][gc             ] GC(252) Pause Young (Normal) (G1 Evacuation Pause) 713M->39M(1132M) 2.669ms
[59.680s][info][gc,cpu         ] GC(252) User=0.00s Sys=0.00s Real=0.00s
[59.867s][info][gc,start       ] GC(253) Pause Young (Normal) (G1 Evacuation Pause)
[59.867s][info][gc,task        ] GC(253) Using 33 workers of 33 for evacuation
[59.870s][info][gc,phases      ] GC(253)   Pre Evacuate Collection Set: 0.2ms
[59.870s][info][gc,phases      ] GC(253)   Merge Heap Roots: 0.2ms
[59.870s][info][gc,phases      ] GC(253)   Evacuate Collection Set: 1.3ms
[59.870s][info][gc,phases      ] GC(253)   Post Evacuate Collection Set: 0.8ms
[59.870s][info][gc,phases      ] GC(253)   Other: 0.1ms
[59.870s][info][gc,heap        ] GC(253) Eden regions: 337->0(337)
[59.870s][info][gc,heap        ] GC(253) Survivor regions: 2->2(43)
[59.870s][info][gc,heap        ] GC(253) Old regions: 32->32
[59.870s][info][gc,heap        ] GC(253) Archive regions: 0->0
[59.870s][info][gc,heap        ] GC(253) Humongous regions: 0->0
[59.870s][info][gc,metaspace   ] GC(253) Metaspace: 75151K(76160K)->75151K(76160K) NonClass: 59504K(59840K)->59504K(59840K) Class: 15647K(16320K)->15647K(16320K)
[59.870s][info][gc             ] GC(253) Pause Young (Normal) (G1 Evacuation Pause) 713M->39M(1132M) 2.950ms
[59.870s][info][gc,cpu         ] GC(253) User=0.52s Sys=0.00s Real=0.00s
[60.057s][info][gc,start       ] GC(254) Pause Young (Normal) (G1 Evacuation Pause)
[60.057s][info][gc,task        ] GC(254) Using 33 workers of 33 for evacuation
[60.059s][info][gc,phases      ] GC(254)   Pre Evacuate Collection Set: 0.2ms
[60.059s][info][gc,phases      ] GC(254)   Merge Heap Roots: 0.2ms
[60.059s][info][gc,phases      ] GC(254)   Evacuate Collection Set: 1.3ms
[60.059s][info][gc,phases      ] GC(254)   Post Evacuate Collection Set: 0.8ms
[60.059s][info][gc,phases      ] GC(254)   Other: 0.1ms
[60.059s][info][gc,heap        ] GC(254) Eden regions: 337->0(337)
[60.059s][info][gc,heap        ] GC(254) Survivor regions: 2->2(43)
[60.059s][info][gc,heap        ] GC(254) Old regions: 32->32
[60.059s][info][gc,heap        ] GC(254) Archive regions: 0->0
[60.059s][info][gc,heap        ] GC(254) Humongous regions: 0->0
[60.059s][info][gc,metaspace   ] GC(254) Metaspace: 75151K(76160K)->75151K(76160K) NonClass: 59504K(59840K)->59504K(59840K) Class: 15647K(16320K)->15647K(16320K)
[60.059s][info][gc             ] GC(254) Pause Young (Normal) (G1 Evacuation Pause) 713M->39M(1132M) 2.897ms
[60.060s][info][gc,cpu         ] GC(254) User=0.00s Sys=0.00s Real=0.00s
[60.253s][info][gc,start       ] GC(255) Pause Young (Normal) (G1 Evacuation Pause)
[60.253s][info][gc,task        ] GC(255) Using 33 workers of 33 for evacuation
[60.255s][info][gc,phases      ] GC(255)   Pre Evacuate Collection Set: 0.2ms
[60.255s][info][gc,phases      ] GC(255)   Merge Heap Roots: 0.2ms
[60.255s][info][gc,phases      ] GC(255)   Evacuate Collection Set: 1.4ms
[60.255s][info][gc,phases      ] GC(255)   Post Evacuate Collection Set: 0.6ms
[60.255s][info][gc,phases      ] GC(255)   Other: 0.1ms
[60.255s][info][gc,heap        ] GC(255) Eden regions: 337->0(338)
[60.255s][info][gc,heap        ] GC(255) Survivor regions: 2->1(43)
[60.255s][info][gc,heap        ] GC(255) Old regions: 32->34
[60.255s][info][gc,heap        ] GC(255) Archive regions: 0->0
[60.255s][info][gc,heap        ] GC(255) Humongous regions: 0->0
[60.255s][info][gc,metaspace   ] GC(255) Metaspace: 75151K(76160K)->75151K(76160K) NonClass: 59504K(59840K)->59504K(59840K) Class: 15647K(16320K)->15647K(16320K)
[60.255s][info][gc             ] GC(255) Pause Young (Normal) (G1 Evacuation Pause) 713M->39M(1132M) 2.796ms
[60.255s][info][gc,cpu         ] GC(255) User=0.00s Sys=0.00s Real=0.00s
[60.445s][info][gc,start       ] GC(256) Pause Young (Normal) (G1 Evacuation Pause)
[60.445s][info][gc,task        ] GC(256) Using 33 workers of 33 for evacuation
[60.447s][info][gc,phases      ] GC(256)   Pre Evacuate Collection Set: 0.2ms
[60.447s][info][gc,phases      ] GC(256)   Merge Heap Roots: 0.2ms
[60.447s][info][gc,phases      ] GC(256)   Evacuate Collection Set: 0.9ms
[60.447s][info][gc,phases      ] GC(256)   Post Evacuate Collection Set: 0.6ms
[60.447s][info][gc,phases      ] GC(256)   Other: 0.1ms
[60.447s][info][gc,heap        ] GC(256) Eden regions: 338->0(338)
[60.447s][info][gc,heap        ] GC(256) Survivor regions: 1->1(43)
[60.447s][info][gc,heap        ] GC(256) Old regions: 34->34
[60.447s][info][gc,heap        ] GC(256) Archive regions: 0->0
[60.447s][info][gc,heap        ] GC(256) Humongous regions: 0->0
[60.447s][info][gc,metaspace   ] GC(256) Metaspace: 75159K(76160K)->75159K(76160K) NonClass: 59512K(59840K)->59512K(59840K) Class: 15647K(16320K)->15647K(16320K)
[60.447s][info][gc             ] GC(256) Pause Young (Normal) (G1 Evacuation Pause) 715M->39M(1132M) 2.327ms
[60.447s][info][gc,cpu         ] GC(256) User=0.52s Sys=0.00s Real=0.00s
[60.635s][info][gc,start       ] GC(257) Pause Young (Normal) (G1 Evacuation Pause)
[60.635s][info][gc,task        ] GC(257) Using 33 workers of 33 for evacuation
[60.637s][info][gc,phases      ] GC(257)   Pre Evacuate Collection Set: 0.2ms
[60.638s][info][gc,phases      ] GC(257)   Merge Heap Roots: 0.2ms
[60.638s][info][gc,phases      ] GC(257)   Evacuate Collection Set: 0.9ms
[60.638s][info][gc,phases      ] GC(257)   Post Evacuate Collection Set: 0.6ms
[60.638s][info][gc,phases      ] GC(257)   Other: 0.1ms
[60.638s][info][gc,heap        ] GC(257) Eden regions: 338->0(338)
[60.638s][info][gc,heap        ] GC(257) Survivor regions: 1->1(43)
[60.638s][info][gc,heap        ] GC(257) Old regions: 34->34
[60.638s][info][gc,heap        ] GC(257) Archive regions: 0->0
[60.638s][info][gc,heap        ] GC(257) Humongous regions: 0->0
[60.638s][info][gc,metaspace   ] GC(257) Metaspace: 75159K(76160K)->75159K(76160K) NonClass: 59512K(59840K)->59512K(59840K) Class: 15647K(16320K)->15647K(16320K)
[60.638s][info][gc             ] GC(257) Pause Young (Normal) (G1 Evacuation Pause) 715M->39M(1132M) 2.323ms
[60.638s][info][gc,cpu         ] GC(257) User=0.00s Sys=0.00s Real=0.00s
[60.818s][info][gc,start       ] GC(258) Pause Young (Normal) (G1 Evacuation Pause)
[60.818s][info][gc,task        ] GC(258) Using 33 workers of 33 for evacuation
[60.820s][info][gc,phases      ] GC(258)   Pre Evacuate Collection Set: 0.2ms
[60.820s][info][gc,phases      ] GC(258)   Merge Heap Roots: 0.2ms
[60.820s][info][gc,phases      ] GC(258)   Evacuate Collection Set: 0.9ms
[60.820s][info][gc,phases      ] GC(258)   Post Evacuate Collection Set: 0.6ms
[60.820s][info][gc,phases      ] GC(258)   Other: 0.1ms
[60.820s][info][gc,heap        ] GC(258) Eden regions: 338->0(338)
[60.820s][info][gc,heap        ] GC(258) Survivor regions: 1->1(43)
[60.820s][info][gc,heap        ] GC(258) Old regions: 34->34
[60.820s][info][gc,heap        ] GC(258) Archive regions: 0->0
[60.820s][info][gc,heap        ] GC(258) Humongous regions: 0->0
[60.820s][info][gc,metaspace   ] GC(258) Metaspace: 75159K(76160K)->75159K(76160K) NonClass: 59512K(59840K)->59512K(59840K) Class: 15647K(16320K)->15647K(16320K)
[60.820s][info][gc             ] GC(258) Pause Young (Normal) (G1 Evacuation Pause) 715M->39M(1132M) 2.307ms
[60.820s][info][gc,cpu         ] GC(258) User=0.00s Sys=0.00s Real=0.00s
[61.005s][info][gc,start       ] GC(259) Pause Young (Normal) (G1 Evacuation Pause)
[61.006s][info][gc,task        ] GC(259) Using 33 workers of 33 for evacuation
[61.008s][info][gc,phases      ] GC(259)   Pre Evacuate Collection Set: 0.2ms
[61.008s][info][gc,phases      ] GC(259)   Merge Heap Roots: 0.2ms
[61.008s][info][gc,phases      ] GC(259)   Evacuate Collection Set: 0.9ms
[61.008s][info][gc,phases      ] GC(259)   Post Evacuate Collection Set: 0.6ms
[61.008s][info][gc,phases      ] GC(259)   Other: 0.1ms
[61.008s][info][gc,heap        ] GC(259) Eden regions: 338->0(338)
[61.008s][info][gc,heap        ] GC(259) Survivor regions: 1->1(43)
[61.008s][info][gc,heap        ] GC(259) Old regions: 34->34
[61.008s][info][gc,heap        ] GC(259) Archive regions: 0->0
[61.008s][info][gc,heap        ] GC(259) Humongous regions: 0->0
[61.008s][info][gc,metaspace   ] GC(259) Metaspace: 75159K(76160K)->75159K(76160K) NonClass: 59512K(59840K)->59512K(59840K) Class: 15647K(16320K)->15647K(16320K)
[61.008s][info][gc             ] GC(259) Pause Young (Normal) (G1 Evacuation Pause) 715M->39M(1132M) 2.246ms
[61.008s][info][gc,cpu         ] GC(259) User=0.00s Sys=0.00s Real=0.00s
[61.189s][info][gc,start       ] GC(260) Pause Young (Normal) (G1 Evacuation Pause)
[61.189s][info][gc,task        ] GC(260) Using 33 workers of 33 for evacuation
[61.191s][info][gc,phases      ] GC(260)   Pre Evacuate Collection Set: 0.2ms
[61.191s][info][gc,phases      ] GC(260)   Merge Heap Roots: 0.2ms
[61.191s][info][gc,phases      ] GC(260)   Evacuate Collection Set: 0.9ms
[61.191s][info][gc,phases      ] GC(260)   Post Evacuate Collection Set: 0.5ms
[61.191s][info][gc,phases      ] GC(260)   Other: 0.1ms
[61.191s][info][gc,heap        ] GC(260) Eden regions: 338->0(338)
[61.191s][info][gc,heap        ] GC(260) Survivor regions: 1->1(43)
[61.191s][info][gc,heap        ] GC(260) Old regions: 34->34
[61.191s][info][gc,heap        ] GC(260) Archive regions: 0->0
[61.191s][info][gc,heap        ] GC(260) Humongous regions: 0->0
[61.191s][info][gc,metaspace   ] GC(260) Metaspace: 75159K(76160K)->75159K(76160K) NonClass: 59512K(59840K)->59512K(59840K) Class: 15647K(16320K)->15647K(16320K)
[61.191s][info][gc             ] GC(260) Pause Young (Normal) (G1 Evacuation Pause) 715M->39M(1132M) 2.241ms
[61.191s][info][gc,cpu         ] GC(260) User=0.00s Sys=0.00s Real=0.00s
[61.370s][info][gc,start       ] GC(261) Pause Young (Normal) (G1 Evacuation Pause)
[61.370s][info][gc,task        ] GC(261) Using 33 workers of 33 for evacuation
[61.372s][info][gc,phases      ] GC(261)   Pre Evacuate Collection Set: 0.2ms
[61.372s][info][gc,phases      ] GC(261)   Merge Heap Roots: 0.2ms
[61.372s][info][gc,phases      ] GC(261)   Evacuate Collection Set: 0.9ms
[61.372s][info][gc,phases      ] GC(261)   Post Evacuate Collection Set: 0.5ms
[61.372s][info][gc,phases      ] GC(261)   Other: 0.1ms
[61.372s][info][gc,heap        ] GC(261) Eden regions: 338->0(338)
[61.372s][info][gc,heap        ] GC(261) Survivor regions: 1->1(43)
[61.372s][info][gc,heap        ] GC(261) Old regions: 34->34
[61.372s][info][gc,heap        ] GC(261) Archive regions: 0->0
[61.372s][info][gc,heap        ] GC(261) Humongous regions: 0->0
[61.372s][info][gc,metaspace   ] GC(261) Metaspace: 75159K(76160K)->75159K(76160K) NonClass: 59512K(59840K)->59512K(59840K) Class: 15647K(16320K)->15647K(16320K)
[61.372s][info][gc             ] GC(261) Pause Young (Normal) (G1 Evacuation Pause) 715M->39M(1132M) 2.244ms
[61.372s][info][gc,cpu         ] GC(261) User=0.00s Sys=0.00s Real=0.00s
[61.550s][info][gc,start       ] GC(262) Pause Young (Normal) (G1 Evacuation Pause)
[61.550s][info][gc,task        ] GC(262) Using 33 workers of 33 for evacuation
[61.552s][info][gc,phases      ] GC(262)   Pre Evacuate Collection Set: 0.2ms
[61.552s][info][gc,phases      ] GC(262)   Merge Heap Roots: 0.2ms
[61.552s][info][gc,phases      ] GC(262)   Evacuate Collection Set: 0.9ms
[61.552s][info][gc,phases      ] GC(262)   Post Evacuate Collection Set: 0.6ms
[61.552s][info][gc,phases      ] GC(262)   Other: 0.1ms
[61.552s][info][gc,heap        ] GC(262) Eden regions: 338->0(338)
[61.552s][info][gc,heap        ] GC(262) Survivor regions: 1->1(43)
[61.552s][info][gc,heap        ] GC(262) Old regions: 34->34
[61.552s][info][gc,heap        ] GC(262) Archive regions: 0->0
[61.552s][info][gc,heap        ] GC(262) Humongous regions: 0->0
[61.552s][info][gc,metaspace   ] GC(262) Metaspace: 75159K(76160K)->75159K(76160K) NonClass: 59512K(59840K)->59512K(59840K) Class: 15647K(16320K)->15647K(16320K)
[61.553s][info][gc             ] GC(262) Pause Young (Normal) (G1 Evacuation Pause) 715M->39M(1132M) 2.237ms
[61.553s][info][gc,cpu         ] GC(262) User=0.00s Sys=0.00s Real=0.00s
[61.735s][info][gc,start       ] GC(263) Pause Young (Normal) (G1 Evacuation Pause)
[61.735s][info][gc,task        ] GC(263) Using 33 workers of 33 for evacuation
[61.737s][info][gc,phases      ] GC(263)   Pre Evacuate Collection Set: 0.2ms
[61.737s][info][gc,phases      ] GC(263)   Merge Heap Roots: 0.2ms
[61.737s][info][gc,phases      ] GC(263)   Evacuate Collection Set: 0.9ms
[61.737s][info][gc,phases      ] GC(263)   Post Evacuate Collection Set: 0.6ms
[61.737s][info][gc,phases      ] GC(263)   Other: 0.1ms
[61.737s][info][gc,heap        ] GC(263) Eden regions: 338->0(338)
[61.737s][info][gc,heap        ] GC(263) Survivor regions: 1->1(43)
[61.737s][info][gc,heap        ] GC(263) Old regions: 34->34
[61.737s][info][gc,heap        ] GC(263) Archive regions: 0->0
[61.737s][info][gc,heap        ] GC(263) Humongous regions: 0->0
[61.737s][info][gc,metaspace   ] GC(263) Metaspace: 75159K(76160K)->75159K(76160K) NonClass: 59512K(59840K)->59512K(59840K) Class: 15647K(16320K)->15647K(16320K)
[61.737s][info][gc             ] GC(263) Pause Young (Normal) (G1 Evacuation Pause) 715M->39M(1132M) 2.275ms
[61.737s][info][gc,cpu         ] GC(263) User=0.00s Sys=0.00s Real=0.00s
[61.922s][info][gc,start       ] GC(264) Pause Young (Normal) (G1 Evacuation Pause)
[61.922s][info][gc,task        ] GC(264) Using 33 workers of 33 for evacuation
[61.924s][info][gc,phases      ] GC(264)   Pre Evacuate Collection Set: 0.2ms
[61.924s][info][gc,phases      ] GC(264)   Merge Heap Roots: 0.2ms
[61.924s][info][gc,phases      ] GC(264)   Evacuate Collection Set: 1.0ms
[61.924s][info][gc,phases      ] GC(264)   Post Evacuate Collection Set: 0.6ms
[61.924s][info][gc,phases      ] GC(264)   Other: 0.1ms
[61.924s][info][gc,heap        ] GC(264) Eden regions: 338->0(338)
[61.924s][info][gc,heap        ] GC(264) Survivor regions: 1->1(43)
[61.924s][info][gc,heap        ] GC(264) Old regions: 34->34
[61.924s][info][gc,heap        ] GC(264) Archive regions: 0->0
[61.924s][info][gc,heap        ] GC(264) Humongous regions: 0->0
[61.924s][info][gc,metaspace   ] GC(264) Metaspace: 75159K(76160K)->75159K(76160K) NonClass: 59512K(59840K)->59512K(59840K) Class: 15647K(16320K)->15647K(16320K)
[61.924s][info][gc             ] GC(264) Pause Young (Normal) (G1 Evacuation Pause) 715M->39M(1132M) 2.336ms
[61.924s][info][gc,cpu         ] GC(264) User=0.00s Sys=0.00s Real=0.00s
[62.109s][info][gc,start       ] GC(265) Pause Young (Normal) (G1 Evacuation Pause)
[62.109s][info][gc,task        ] GC(265) Using 33 workers of 33 for evacuation
[62.111s][info][gc,phases      ] GC(265)   Pre Evacuate Collection Set: 0.2ms
[62.111s][info][gc,phases      ] GC(265)   Merge Heap Roots: 0.2ms
[62.111s][info][gc,phases      ] GC(265)   Evacuate Collection Set: 0.9ms
[62.111s][info][gc,phases      ] GC(265)   Post Evacuate Collection Set: 0.6ms
[62.111s][info][gc,phases      ] GC(265)   Other: 0.1ms
[62.111s][info][gc,heap        ] GC(265) Eden regions: 338->0(338)
[62.111s][info][gc,heap        ] GC(265) Survivor regions: 1->1(43)
[62.111s][info][gc,heap        ] GC(265) Old regions: 34->34
[62.111s][info][gc,heap        ] GC(265) Archive regions: 0->0
[62.111s][info][gc,heap        ] GC(265) Humongous regions: 0->0
[62.111s][info][gc,metaspace   ] GC(265) Metaspace: 75159K(76160K)->75159K(76160K) NonClass: 59512K(59840K)->59512K(59840K) Class: 15647K(16320K)->15647K(16320K)
[62.111s][info][gc             ] GC(265) Pause Young (Normal) (G1 Evacuation Pause) 715M->39M(1132M) 2.306ms
[62.111s][info][gc,cpu         ] GC(265) User=0.00s Sys=0.00s Real=0.00s
[62.299s][info][gc,start       ] GC(266) Pause Young (Normal) (G1 Evacuation Pause)
[62.299s][info][gc,task        ] GC(266) Using 33 workers of 33 for evacuation
[62.301s][info][gc,phases      ] GC(266)   Pre Evacuate Collection Set: 0.2ms
[62.301s][info][gc,phases      ] GC(266)   Merge Heap Roots: 0.2ms
[62.301s][info][gc,phases      ] GC(266)   Evacuate Collection Set: 0.9ms
[62.301s][info][gc,phases      ] GC(266)   Post Evacuate Collection Set: 0.6ms
[62.301s][info][gc,phases      ] GC(266)   Other: 0.1ms
[62.301s][info][gc,heap        ] GC(266) Eden regions: 338->0(338)
[62.301s][info][gc,heap        ] GC(266) Survivor regions: 1->1(43)
[62.301s][info][gc,heap        ] GC(266) Old regions: 34->34
[62.301s][info][gc,heap        ] GC(266) Archive regions: 0->0
[62.301s][info][gc,heap        ] GC(266) Humongous regions: 0->0
[62.301s][info][gc,metaspace   ] GC(266) Metaspace: 75159K(76160K)->75159K(76160K) NonClass: 59512K(59840K)->59512K(59840K) Class: 15647K(16320K)->15647K(16320K)
[62.301s][info][gc             ] GC(266) Pause Young (Normal) (G1 Evacuation Pause) 715M->39M(1132M) 2.310ms
[62.301s][info][gc,cpu         ] GC(266) User=0.00s Sys=0.00s Real=0.00s
[62.485s][info][gc,start       ] GC(267) Pause Young (Normal) (G1 Evacuation Pause)
[62.485s][info][gc,task        ] GC(267) Using 33 workers of 33 for evacuation
[62.487s][info][gc,phases      ] GC(267)   Pre Evacuate Collection Set: 0.3ms
[62.487s][info][gc,phases      ] GC(267)   Merge Heap Roots: 0.2ms
[62.487s][info][gc,phases      ] GC(267)   Evacuate Collection Set: 0.9ms
[62.487s][info][gc,phases      ] GC(267)   Post Evacuate Collection Set: 0.6ms
[62.487s][info][gc,phases      ] GC(267)   Other: 0.1ms
[62.487s][info][gc,heap        ] GC(267) Eden regions: 338->0(338)
[62.487s][info][gc,heap        ] GC(267) Survivor regions: 1->1(43)
[62.487s][info][gc,heap        ] GC(267) Old regions: 34->34
[62.487s][info][gc,heap        ] GC(267) Archive regions: 0->0
[62.487s][info][gc,heap        ] GC(267) Humongous regions: 0->0
[62.487s][info][gc,metaspace   ] GC(267) Metaspace: 75159K(76160K)->75159K(76160K) NonClass: 59512K(59840K)->59512K(59840K) Class: 15647K(16320K)->15647K(16320K)
[62.487s][info][gc             ] GC(267) Pause Young (Normal) (G1 Evacuation Pause) 715M->39M(1132M) 2.265ms
[62.487s][info][gc,cpu         ] GC(267) User=0.00s Sys=0.00s Real=0.00s
[62.666s][info][gc,start       ] GC(268) Pause Young (Normal) (G1 Evacuation Pause)
[62.666s][info][gc,task        ] GC(268) Using 33 workers of 33 for evacuation
[62.668s][info][gc,phases      ] GC(268)   Pre Evacuate Collection Set: 0.2ms
[62.668s][info][gc,phases      ] GC(268)   Merge Heap Roots: 0.2ms
[62.668s][info][gc,phases      ] GC(268)   Evacuate Collection Set: 0.9ms
[62.668s][info][gc,phases      ] GC(268)   Post Evacuate Collection Set: 0.6ms
[62.668s][info][gc,phases      ] GC(268)   Other: 0.1ms
[62.668s][info][gc,heap        ] GC(268) Eden regions: 338->0(338)
[62.668s][info][gc,heap        ] GC(268) Survivor regions: 1->1(43)
[62.668s][info][gc,heap        ] GC(268) Old regions: 34->34
[62.668s][info][gc,heap        ] GC(268) Archive regions: 0->0
[62.668s][info][gc,heap        ] GC(268) Humongous regions: 0->0
[62.668s][info][gc,metaspace   ] GC(268) Metaspace: 75159K(76160K)->75159K(76160K) NonClass: 59512K(59840K)->59512K(59840K) Class: 15647K(16320K)->15647K(16320K)
[62.668s][info][gc             ] GC(268) Pause Young (Normal) (G1 Evacuation Pause) 715M->39M(1132M) 2.242ms
[62.668s][info][gc,cpu         ] GC(268) User=0.00s Sys=0.00s Real=0.00s
[62.848s][info][gc,start       ] GC(269) Pause Young (Normal) (G1 Evacuation Pause)
[62.848s][info][gc,task        ] GC(269) Using 33 workers of 33 for evacuation
[62.850s][info][gc,phases      ] GC(269)   Pre Evacuate Collection Set: 0.2ms
[62.850s][info][gc,phases      ] GC(269)   Merge Heap Roots: 0.2ms
[62.850s][info][gc,phases      ] GC(269)   Evacuate Collection Set: 0.9ms
[62.850s][info][gc,phases      ] GC(269)   Post Evacuate Collection Set: 0.6ms
[62.850s][info][gc,phases      ] GC(269)   Other: 0.1ms
[62.850s][info][gc,heap        ] GC(269) Eden regions: 338->0(338)
[62.850s][info][gc,heap        ] GC(269) Survivor regions: 1->1(43)
[62.850s][info][gc,heap        ] GC(269) Old regions: 34->34
[62.850s][info][gc,heap        ] GC(269) Archive regions: 0->0
[62.850s][info][gc,heap        ] GC(269) Humongous regions: 0->0
[62.850s][info][gc,metaspace   ] GC(269) Metaspace: 75164K(76160K)->75164K(76160K) NonClass: 59517K(59840K)->59517K(59840K) Class: 15647K(16320K)->15647K(16320K)
[62.850s][info][gc             ] GC(269) Pause Young (Normal) (G1 Evacuation Pause) 715M->39M(1132M) 2.359ms
[62.850s][info][gc,cpu         ] GC(269) User=0.00s Sys=0.00s Real=0.00s
[63.036s][info][gc,start       ] GC(270) Pause Young (Normal) (G1 Evacuation Pause)
[63.036s][info][gc,task        ] GC(270) Using 33 workers of 33 for evacuation
[63.038s][info][gc,phases      ] GC(270)   Pre Evacuate Collection Set: 0.2ms
[63.038s][info][gc,phases      ] GC(270)   Merge Heap Roots: 0.2ms
[63.038s][info][gc,phases      ] GC(270)   Evacuate Collection Set: 0.9ms
[63.038s][info][gc,phases      ] GC(270)   Post Evacuate Collection Set: 0.6ms
[63.038s][info][gc,phases      ] GC(270)   Other: 0.1ms
[63.038s][info][gc,heap        ] GC(270) Eden regions: 338->0(338)
[63.038s][info][gc,heap        ] GC(270) Survivor regions: 1->1(43)
[63.038s][info][gc,heap        ] GC(270) Old regions: 34->34
[63.038s][info][gc,heap        ] GC(270) Archive regions: 0->0
[63.038s][info][gc,heap        ] GC(270) Humongous regions: 0->0
[63.038s][info][gc,metaspace   ] GC(270) Metaspace: 75167K(76160K)->75167K(76160K) NonClass: 59520K(59840K)->59520K(59840K) Class: 15647K(16320K)->15647K(16320K)
[63.038s][info][gc             ] GC(270) Pause Young (Normal) (G1 Evacuation Pause) 715M->39M(1132M) 2.296ms
[63.038s][info][gc,cpu         ] GC(270) User=0.00s Sys=0.00s Real=0.00s
[63.236s][info][gc,start       ] GC(271) Pause Young (Normal) (G1 Evacuation Pause)
[63.236s][info][gc,task        ] GC(271) Using 33 workers of 33 for evacuation
[63.238s][info][gc,phases      ] GC(271)   Pre Evacuate Collection Set: 0.2ms
[63.238s][info][gc,phases      ] GC(271)   Merge Heap Roots: 0.2ms
[63.238s][info][gc,phases      ] GC(271)   Evacuate Collection Set: 0.8ms
[63.238s][info][gc,phases      ] GC(271)   Post Evacuate Collection Set: 0.6ms
[63.238s][info][gc,phases      ] GC(271)   Other: 0.1ms
[63.238s][info][gc,heap        ] GC(271) Eden regions: 338->0(338)
[63.238s][info][gc,heap        ] GC(271) Survivor regions: 1->1(43)
[63.238s][info][gc,heap        ] GC(271) Old regions: 34->34
[63.238s][info][gc,heap        ] GC(271) Archive regions: 0->0
[63.238s][info][gc,heap        ] GC(271) Humongous regions: 0->0
[63.238s][info][gc,metaspace   ] GC(271) Metaspace: 75167K(76160K)->75167K(76160K) NonClass: 59520K(59840K)->59520K(59840K) Class: 15647K(16320K)->15647K(16320K)
[63.239s][info][gc             ] GC(271) Pause Young (Normal) (G1 Evacuation Pause) 715M->39M(1132M) 2.167ms
[63.239s][info][gc,cpu         ] GC(271) User=0.00s Sys=0.00s Real=0.00s
[63.456s][info][gc,start       ] GC(272) Pause Young (Normal) (G1 Evacuation Pause)
[63.457s][info][gc,task        ] GC(272) Using 33 workers of 33 for evacuation
[63.458s][info][gc,phases      ] GC(272)   Pre Evacuate Collection Set: 0.2ms
[63.458s][info][gc,phases      ] GC(272)   Merge Heap Roots: 0.2ms
[63.458s][info][gc,phases      ] GC(272)   Evacuate Collection Set: 0.7ms
[63.458s][info][gc,phases      ] GC(272)   Post Evacuate Collection Set: 0.6ms
[63.458s][info][gc,phases      ] GC(272)   Other: 0.1ms
[63.458s][info][gc,heap        ] GC(272) Eden regions: 338->0(338)
[63.458s][info][gc,heap        ] GC(272) Survivor regions: 1->1(43)
[63.458s][info][gc,heap        ] GC(272) Old regions: 34->34
[63.458s][info][gc,heap        ] GC(272) Archive regions: 0->0
[63.458s][info][gc,heap        ] GC(272) Humongous regions: 0->0
[63.458s][info][gc,metaspace   ] GC(272) Metaspace: 75167K(76160K)->75167K(76160K) NonClass: 59520K(59840K)->59520K(59840K) Class: 15647K(16320K)->15647K(16320K)
[63.458s][info][gc             ] GC(272) Pause Young (Normal) (G1 Evacuation Pause) 715M->39M(1132M) 2.056ms
[63.459s][info][gc,cpu         ] GC(272) User=0.00s Sys=0.00s Real=0.00s
[63.744s][info][gc,start       ] GC(273) Pause Young (Normal) (G1 Evacuation Pause)
[63.744s][info][gc,task        ] GC(273) Using 33 workers of 33 for evacuation
[63.746s][info][gc,phases      ] GC(273)   Pre Evacuate Collection Set: 0.2ms
[63.746s][info][gc,phases      ] GC(273)   Merge Heap Roots: 0.2ms
[63.746s][info][gc,phases      ] GC(273)   Evacuate Collection Set: 0.8ms
[63.746s][info][gc,phases      ] GC(273)   Post Evacuate Collection Set: 0.6ms
[63.746s][info][gc,phases      ] GC(273)   Other: 0.1ms
[63.746s][info][gc,heap        ] GC(273) Eden regions: 338->0(338)
[63.746s][info][gc,heap        ] GC(273) Survivor regions: 1->1(43)
[63.746s][info][gc,heap        ] GC(273) Old regions: 34->34
[63.746s][info][gc,heap        ] GC(273) Archive regions: 0->0
[63.746s][info][gc,heap        ] GC(273) Humongous regions: 0->0
[63.746s][info][gc,metaspace   ] GC(273) Metaspace: 75167K(76160K)->75167K(76160K) NonClass: 59520K(59840K)->59520K(59840K) Class: 15647K(16320K)->15647K(16320K)
[63.746s][info][gc             ] GC(273) Pause Young (Normal) (G1 Evacuation Pause) 715M->39M(1132M) 2.139ms
[63.746s][info][gc,cpu         ] GC(273) User=0.00s Sys=0.00s Real=0.00s
[64.135s][info][gc,start       ] GC(274) Pause Young (Normal) (G1 Evacuation Pause)
[64.135s][info][gc,task        ] GC(274) Using 30 workers of 33 for evacuation
[64.136s][info][gc,phases      ] GC(274)   Pre Evacuate Collection Set: 0.2ms
[64.136s][info][gc,phases      ] GC(274)   Merge Heap Roots: 0.2ms
[64.136s][info][gc,phases      ] GC(274)   Evacuate Collection Set: 0.8ms
[64.136s][info][gc,phases      ] GC(274)   Post Evacuate Collection Set: 0.6ms
[64.136s][info][gc,phases      ] GC(274)   Other: 0.1ms
[64.136s][info][gc,heap        ] GC(274) Eden regions: 338->0(338)
[64.136s][info][gc,heap        ] GC(274) Survivor regions: 1->1(43)
[64.136s][info][gc,heap        ] GC(274) Old regions: 34->34
[64.136s][info][gc,heap        ] GC(274) Archive regions: 0->0
[64.136s][info][gc,heap        ] GC(274) Humongous regions: 0->0
[64.136s][info][gc,metaspace   ] GC(274) Metaspace: 75167K(76160K)->75167K(76160K) NonClass: 59520K(59840K)->59520K(59840K) Class: 15647K(16320K)->15647K(16320K)
[64.137s][info][gc             ] GC(274) Pause Young (Normal) (G1 Evacuation Pause) 715M->39M(1132M) 2.019ms
[64.137s][info][gc,cpu         ] GC(274) User=0.00s Sys=0.00s Real=0.00s
[64.626s][info][gc,start       ] GC(275) Pause Young (Normal) (G1 Evacuation Pause)
[64.627s][info][gc,task        ] GC(275) Using 28 workers of 33 for evacuation
[64.628s][info][gc,phases      ] GC(275)   Pre Evacuate Collection Set: 0.2ms
[64.628s][info][gc,phases      ] GC(275)   Merge Heap Roots: 0.1ms
[64.628s][info][gc,phases      ] GC(275)   Evacuate Collection Set: 0.7ms
[64.628s][info][gc,phases      ] GC(275)   Post Evacuate Collection Set: 0.6ms
[64.628s][info][gc,phases      ] GC(275)   Other: 0.1ms
[64.628s][info][gc,heap        ] GC(275) Eden regions: 338->0(338)
[64.628s][info][gc,heap        ] GC(275) Survivor regions: 1->1(43)
[64.628s][info][gc,heap        ] GC(275) Old regions: 34->34
[64.628s][info][gc,heap        ] GC(275) Archive regions: 0->0
[64.628s][info][gc,heap        ] GC(275) Humongous regions: 0->0
[64.628s][info][gc,metaspace   ] GC(275) Metaspace: 75167K(76160K)->75167K(76160K) NonClass: 59520K(59840K)->59520K(59840K) Class: 15647K(16320K)->15647K(16320K)
[64.628s][info][gc             ] GC(275) Pause Young (Normal) (G1 Evacuation Pause) 715M->39M(1132M) 1.868ms
[64.628s][info][gc,cpu         ] GC(275) User=0.00s Sys=0.00s Real=0.00s
[65.115s][info][gc,start       ] GC(276) Pause Young (Normal) (G1 Evacuation Pause)
[65.115s][info][gc,task        ] GC(276) Using 27 workers of 33 for evacuation
[65.117s][info][gc,phases      ] GC(276)   Pre Evacuate Collection Set: 0.2ms
[65.117s][info][gc,phases      ] GC(276)   Merge Heap Roots: 0.1ms
[65.117s][info][gc,phases      ] GC(276)   Evacuate Collection Set: 0.6ms
[65.117s][info][gc,phases      ] GC(276)   Post Evacuate Collection Set: 0.6ms
[65.117s][info][gc,phases      ] GC(276)   Other: 0.1ms
[65.117s][info][gc,heap        ] GC(276) Eden regions: 338->0(338)
[65.117s][info][gc,heap        ] GC(276) Survivor regions: 1->1(43)
[65.117s][info][gc,heap        ] GC(276) Old regions: 34->34
[65.117s][info][gc,heap        ] GC(276) Archive regions: 0->0
[65.117s][info][gc,heap        ] GC(276) Humongous regions: 0->0
[65.117s][info][gc,metaspace   ] GC(276) Metaspace: 75167K(76160K)->75167K(76160K) NonClass: 59520K(59840K)->59520K(59840K) Class: 15647K(16320K)->15647K(16320K)
[65.117s][info][gc             ] GC(276) Pause Young (Normal) (G1 Evacuation Pause) 715M->39M(1132M) 1.808ms
[65.117s][info][gc,cpu         ] GC(276) User=0.00s Sys=0.00s Real=0.00s
[65.451s][info][gc,start       ] GC(277) Pause Full (System.gc())
[65.451s][info][gc,task        ] GC(277) Using 27 workers of 33 for full compaction
[65.452s][info][gc,phases,start] GC(277) Phase 1: Mark live objects
[65.476s][info][gc,phases      ] GC(277) Phase 1: Mark live objects 23.549ms
[65.476s][info][gc,phases,start] GC(277) Phase 2: Prepare compaction
[65.479s][info][gc,phases      ] GC(277) Phase 2: Prepare compaction 2.587ms
[65.479s][info][gc,phases,start] GC(277) Phase 3: Adjust pointers
[65.488s][info][gc,phases      ] GC(277) Phase 3: Adjust pointers 8.971ms
[65.488s][info][gc,phases,start] GC(277) Phase 4: Compact heap
[65.489s][info][gc,phases      ] GC(277) Phase 4: Compact heap 1.105ms
[65.500s][info][gc,heap        ] GC(277) Eden regions: 228->0(66)
[65.500s][info][gc,heap        ] GC(277) Survivor regions: 1->0(43)
[65.500s][info][gc,heap        ] GC(277) Old regions: 34->33
[65.500s][info][gc,heap        ] GC(277) Archive regions: 0->0
[65.500s][info][gc,heap        ] GC(277) Humongous regions: 0->0
[65.500s][info][gc,metaspace   ] GC(277) Metaspace: 75171K(76160K)->75171K(76160K) NonClass: 59524K(59840K)->59524K(59840K) Class: 15647K(16320K)->15647K(16320K)
[65.500s][info][gc             ] GC(277) Pause Full (System.gc()) 495M->35M(220M) 49.044ms
[65.500s][info][gc,cpu         ] GC(277) User=0.48s Sys=0.00s Real=0.05s
[65.565s][info][gc,start       ] GC(278) Pause Young (Normal) (G1 Evacuation Pause)
[65.565s][info][gc,task        ] GC(278) Using 33 workers of 33 for evacuation
[65.568s][info][gc,phases      ] GC(278)   Pre Evacuate Collection Set: 0.2ms
[65.568s][info][gc,phases      ] GC(278)   Merge Heap Roots: 0.2ms
[65.568s][info][gc,phases      ] GC(278)   Evacuate Collection Set: 1.4ms
[65.568s][info][gc,phases      ] GC(278)   Post Evacuate Collection Set: 0.6ms
[65.568s][info][gc,phases      ] GC(278)   Other: 0.1ms
[65.568s][info][gc,heap        ] GC(278) Eden regions: 66->0(64)
[65.568s][info][gc,heap        ] GC(278) Survivor regions: 0->2(9)
[65.568s][info][gc,heap        ] GC(278) Old regions: 33->33
[65.568s][info][gc,heap        ] GC(278) Archive regions: 0->0
[65.568s][info][gc,heap        ] GC(278) Humongous regions: 0->0
[65.568s][info][gc,metaspace   ] GC(278) Metaspace: 75251K(76224K)->75251K(76224K) NonClass: 59604K(59904K)->59604K(59904K) Class: 15647K(16320K)->15647K(16320K)
[65.568s][info][gc             ] GC(278) Pause Young (Normal) (G1 Evacuation Pause) 167M->39M(220M) 2.758ms
[65.568s][info][gc,cpu         ] GC(278) User=0.00s Sys=0.00s Real=0.00s
[65.603s][info][gc,start       ] GC(279) Pause Young (Normal) (G1 Evacuation Pause)
[65.603s][info][gc,task        ] GC(279) Using 33 workers of 33 for evacuation
[65.606s][info][gc,phases      ] GC(279)   Pre Evacuate Collection Set: 0.2ms
[65.606s][info][gc,phases      ] GC(279)   Merge Heap Roots: 0.2ms
[65.606s][info][gc,phases      ] GC(279)   Evacuate Collection Set: 1.2ms
[65.606s][info][gc,phases      ] GC(279)   Post Evacuate Collection Set: 0.7ms
[65.606s][info][gc,phases      ] GC(279)   Other: 0.1ms
[65.606s][info][gc,heap        ] GC(279) Eden regions: 64->0(64)
[65.606s][info][gc,heap        ] GC(279) Survivor regions: 2->2(9)
[65.606s][info][gc,heap        ] GC(279) Old regions: 33->33
[65.606s][info][gc,heap        ] GC(279) Archive regions: 0->0
[65.606s][info][gc,heap        ] GC(279) Humongous regions: 0->0
[65.606s][info][gc,metaspace   ] GC(279) Metaspace: 75251K(76224K)->75251K(76224K) NonClass: 59604K(59904K)->59604K(59904K) Class: 15647K(16320K)->15647K(16320K)
[65.606s][info][gc             ] GC(279) Pause Young (Normal) (G1 Evacuation Pause) 167M->39M(220M) 2.517ms
[65.606s][info][gc,cpu         ] GC(279) User=0.00s Sys=0.00s Real=0.00s
[65.647s][info][gc,start       ] GC(280) Pause Young (Normal) (G1 Evacuation Pause)
[65.647s][info][gc,task        ] GC(280) Using 33 workers of 33 for evacuation
[65.649s][info][gc,phases      ] GC(280)   Pre Evacuate Collection Set: 0.2ms
[65.649s][info][gc,phases      ] GC(280)   Merge Heap Roots: 0.2ms
[65.649s][info][gc,phases      ] GC(280)   Evacuate Collection Set: 1.3ms
[65.649s][info][gc,phases      ] GC(280)   Post Evacuate Collection Set: 0.6ms
[65.649s][info][gc,phases      ] GC(280)   Other: 0.1ms
[65.649s][info][gc,heap        ] GC(280) Eden regions: 64->0(64)
[65.649s][info][gc,heap        ] GC(280) Survivor regions: 2->2(9)
[65.649s][info][gc,heap        ] GC(280) Old regions: 33->33
[65.649s][info][gc,heap        ] GC(280) Archive regions: 0->0
[65.649s][info][gc,heap        ] GC(280) Humongous regions: 0->0
[65.649s][info][gc,metaspace   ] GC(280) Metaspace: 75251K(76224K)->75251K(76224K) NonClass: 59604K(59904K)->59604K(59904K) Class: 15647K(16320K)->15647K(16320K)
[65.649s][info][gc             ] GC(280) Pause Young (Normal) (G1 Evacuation Pause) 167M->39M(220M) 2.578ms
[65.649s][info][gc,cpu         ] GC(280) User=0.00s Sys=0.00s Real=0.00s
[65.688s][info][gc,start       ] GC(281) Pause Young (Normal) (G1 Evacuation Pause)
[65.688s][info][gc,task        ] GC(281) Using 33 workers of 33 for evacuation
[65.693s][info][gc,phases      ] GC(281)   Pre Evacuate Collection Set: 0.2ms
[65.693s][info][gc,phases      ] GC(281)   Merge Heap Roots: 0.2ms
[65.693s][info][gc,phases      ] GC(281)   Evacuate Collection Set: 1.3ms
[65.693s][info][gc,phases      ] GC(281)   Post Evacuate Collection Set: 3.6ms
[65.693s][info][gc,phases      ] GC(281)   Other: 0.1ms
[65.693s][info][gc,heap        ] GC(281) Eden regions: 64->0(338)
[65.693s][info][gc,heap        ] GC(281) Survivor regions: 2->2(9)
[65.693s][info][gc,heap        ] GC(281) Old regions: 33->33
[65.693s][info][gc,heap        ] GC(281) Archive regions: 0->0
[65.693s][info][gc,heap        ] GC(281) Humongous regions: 0->0
[65.693s][info][gc,metaspace   ] GC(281) Metaspace: 75251K(76224K)->75251K(76224K) NonClass: 59604K(59904K)->59604K(59904K) Class: 15647K(16320K)->15647K(16320K)
[65.694s][info][gc             ] GC(281) Pause Young (Normal) (G1 Evacuation Pause) 167M->39M(1134M) 5.626ms
[65.694s][info][gc,cpu         ] GC(281) User=0.00s Sys=0.00s Real=0.01s
[65.954s][info][gc,start       ] GC(282) Pause Young (Normal) (G1 Evacuation Pause)
[65.954s][info][gc,task        ] GC(282) Using 33 workers of 33 for evacuation
[65.958s][info][gc,phases      ] GC(282)   Pre Evacuate Collection Set: 0.2ms
[65.958s][info][gc,phases      ] GC(282)   Merge Heap Roots: 0.2ms
[65.958s][info][gc,phases      ] GC(282)   Evacuate Collection Set: 2.5ms
[65.958s][info][gc,phases      ] GC(282)   Post Evacuate Collection Set: 0.8ms
[65.958s][info][gc,phases      ] GC(282)   Other: 0.1ms
[65.958s][info][gc,heap        ] GC(282) Eden regions: 338->0(338)
[65.958s][info][gc,heap        ] GC(282) Survivor regions: 2->2(43)
[65.958s][info][gc,heap        ] GC(282) Old regions: 33->33
[65.958s][info][gc,heap        ] GC(282) Archive regions: 0->0
[65.958s][info][gc,heap        ] GC(282) Humongous regions: 0->0
[65.958s][info][gc,metaspace   ] GC(282) Metaspace: 75251K(76224K)->75251K(76224K) NonClass: 59604K(59904K)->59604K(59904K) Class: 15647K(16320K)->15647K(16320K)
[65.958s][info][gc             ] GC(282) Pause Young (Normal) (G1 Evacuation Pause) 715M->39M(1134M) 4.079ms
[65.958s][info][gc,cpu         ] GC(282) User=0.00s Sys=0.00s Real=0.00s
[66.135s][info][gc,start       ] GC(283) Pause Young (Normal) (G1 Evacuation Pause)
[66.135s][info][gc,task        ] GC(283) Using 33 workers of 33 for evacuation
[66.139s][info][gc,phases      ] GC(283)   Pre Evacuate Collection Set: 0.2ms
[66.139s][info][gc,phases      ] GC(283)   Merge Heap Roots: 0.2ms
[66.139s][info][gc,phases      ] GC(283)   Evacuate Collection Set: 2.3ms
[66.139s][info][gc,phases      ] GC(283)   Post Evacuate Collection Set: 0.8ms
[66.139s][info][gc,phases      ] GC(283)   Other: 0.1ms
[66.139s][info][gc,heap        ] GC(283) Eden regions: 338->0(338)
[66.139s][info][gc,heap        ] GC(283) Survivor regions: 2->2(43)
[66.139s][info][gc,heap        ] GC(283) Old regions: 33->33
[66.139s][info][gc,heap        ] GC(283) Archive regions: 0->0
[66.139s][info][gc,heap        ] GC(283) Humongous regions: 0->0
[66.139s][info][gc,metaspace   ] GC(283) Metaspace: 75251K(76224K)->75251K(76224K) NonClass: 59604K(59904K)->59604K(59904K) Class: 15647K(16320K)->15647K(16320K)
[66.139s][info][gc             ] GC(283) Pause Young (Normal) (G1 Evacuation Pause) 715M->39M(1134M) 3.806ms
[66.139s][info][gc,cpu         ] GC(283) User=0.00s Sys=0.00s Real=0.00s
[66.318s][info][gc,start       ] GC(284) Pause Young (Normal) (G1 Evacuation Pause)
[66.318s][info][gc,task        ] GC(284) Using 33 workers of 33 for evacuation
[66.320s][info][gc,phases      ] GC(284)   Pre Evacuate Collection Set: 0.2ms
[66.320s][info][gc,phases      ] GC(284)   Merge Heap Roots: 0.2ms
[66.320s][info][gc,phases      ] GC(284)   Evacuate Collection Set: 1.2ms
[66.320s][info][gc,phases      ] GC(284)   Post Evacuate Collection Set: 0.8ms
[66.321s][info][gc,phases      ] GC(284)   Other: 0.1ms
[66.321s][info][gc,heap        ] GC(284) Eden regions: 338->0(338)
[66.321s][info][gc,heap        ] GC(284) Survivor regions: 2->2(43)
[66.321s][info][gc,heap        ] GC(284) Old regions: 33->33
[66.321s][info][gc,heap        ] GC(284) Archive regions: 0->0
[66.321s][info][gc,heap        ] GC(284) Humongous regions: 0->0
[66.321s][info][gc,metaspace   ] GC(284) Metaspace: 75251K(76224K)->75251K(76224K) NonClass: 59604K(59904K)->59604K(59904K) Class: 15647K(16320K)->15647K(16320K)
[66.321s][info][gc             ] GC(284) Pause Young (Normal) (G1 Evacuation Pause) 715M->39M(1134M) 2.823ms
[66.321s][info][gc,cpu         ] GC(284) User=0.00s Sys=0.00s Real=0.00s
[66.499s][info][gc,start       ] GC(285) Pause Young (Normal) (G1 Evacuation Pause)
[66.499s][info][gc,task        ] GC(285) Using 33 workers of 33 for evacuation
[66.502s][info][gc,phases      ] GC(285)   Pre Evacuate Collection Set: 0.2ms
[66.502s][info][gc,phases      ] GC(285)   Merge Heap Roots: 0.2ms
[66.502s][info][gc,phases      ] GC(285)   Evacuate Collection Set: 1.2ms
[66.502s][info][gc,phases      ] GC(285)   Post Evacuate Collection Set: 0.8ms
[66.502s][info][gc,phases      ] GC(285)   Other: 0.1ms
[66.502s][info][gc,heap        ] GC(285) Eden regions: 338->0(338)
[66.502s][info][gc,heap        ] GC(285) Survivor regions: 2->2(43)
[66.502s][info][gc,heap        ] GC(285) Old regions: 33->33
[66.502s][info][gc,heap        ] GC(285) Archive regions: 0->0
[66.502s][info][gc,heap        ] GC(285) Humongous regions: 0->0
[66.502s][info][gc,metaspace   ] GC(285) Metaspace: 75251K(76224K)->75251K(76224K) NonClass: 59604K(59904K)->59604K(59904K) Class: 15647K(16320K)->15647K(16320K)
[66.502s][info][gc             ] GC(285) Pause Young (Normal) (G1 Evacuation Pause) 715M->39M(1134M) 2.805ms
[66.502s][info][gc,cpu         ] GC(285) User=0.00s Sys=0.00s Real=0.00s
[66.680s][info][gc,start       ] GC(286) Pause Young (Normal) (G1 Evacuation Pause)
[66.680s][info][gc,task        ] GC(286) Using 33 workers of 33 for evacuation
[66.683s][info][gc,phases      ] GC(286)   Pre Evacuate Collection Set: 0.2ms
[66.683s][info][gc,phases      ] GC(286)   Merge Heap Roots: 0.2ms
[66.683s][info][gc,phases      ] GC(286)   Evacuate Collection Set: 1.2ms
[66.683s][info][gc,phases      ] GC(286)   Post Evacuate Collection Set: 0.8ms
[66.683s][info][gc,phases      ] GC(286)   Other: 0.1ms
[66.683s][info][gc,heap        ] GC(286) Eden regions: 338->0(338)
[66.683s][info][gc,heap        ] GC(286) Survivor regions: 2->2(43)
[66.683s][info][gc,heap        ] GC(286) Old regions: 33->33
[66.683s][info][gc,heap        ] GC(286) Archive regions: 0->0
[66.683s][info][gc,heap        ] GC(286) Humongous regions: 0->0
[66.683s][info][gc,metaspace   ] GC(286) Metaspace: 75251K(76224K)->75251K(76224K) NonClass: 59604K(59904K)->59604K(59904K) Class: 15647K(16320K)->15647K(16320K)
[66.683s][info][gc             ] GC(286) Pause Young (Normal) (G1 Evacuation Pause) 715M->39M(1134M) 2.776ms
[66.683s][info][gc,cpu         ] GC(286) User=0.52s Sys=0.00s Real=0.00s
[66.862s][info][gc,start       ] GC(287) Pause Young (Normal) (G1 Evacuation Pause)
[66.862s][info][gc,task        ] GC(287) Using 33 workers of 33 for evacuation
[66.865s][info][gc,phases      ] GC(287)   Pre Evacuate Collection Set: 0.2ms
[66.865s][info][gc,phases      ] GC(287)   Merge Heap Roots: 0.2ms
[66.865s][info][gc,phases      ] GC(287)   Evacuate Collection Set: 1.3ms
[66.865s][info][gc,phases      ] GC(287)   Post Evacuate Collection Set: 0.7ms
[66.865s][info][gc,phases      ] GC(287)   Other: 0.1ms
[66.865s][info][gc,heap        ] GC(287) Eden regions: 338->0(338)
[66.865s][info][gc,heap        ] GC(287) Survivor regions: 2->2(43)
[66.865s][info][gc,heap        ] GC(287) Old regions: 33->33
[66.865s][info][gc,heap        ] GC(287) Archive regions: 0->0
[66.865s][info][gc,heap        ] GC(287) Humongous regions: 0->0
[66.865s][info][gc,metaspace   ] GC(287) Metaspace: 75251K(76224K)->75251K(76224K) NonClass: 59604K(59904K)->59604K(59904K) Class: 15647K(16320K)->15647K(16320K)
[66.865s][info][gc             ] GC(287) Pause Young (Normal) (G1 Evacuation Pause) 715M->39M(1134M) 2.871ms
[66.865s][info][gc,cpu         ] GC(287) User=0.00s Sys=0.00s Real=0.00s
[67.044s][info][gc,start       ] GC(288) Pause Young (Normal) (G1 Evacuation Pause)
[67.044s][info][gc,task        ] GC(288) Using 33 workers of 33 for evacuation
[67.047s][info][gc,phases      ] GC(288)   Pre Evacuate Collection Set: 0.2ms
[67.047s][info][gc,phases      ] GC(288)   Merge Heap Roots: 0.2ms
[67.047s][info][gc,phases      ] GC(288)   Evacuate Collection Set: 1.2ms
[67.047s][info][gc,phases      ] GC(288)   Post Evacuate Collection Set: 0.8ms
[67.047s][info][gc,phases      ] GC(288)   Other: 0.1ms
[67.047s][info][gc,heap        ] GC(288) Eden regions: 338->0(338)
[67.047s][info][gc,heap        ] GC(288) Survivor regions: 2->2(43)
[67.047s][info][gc,heap        ] GC(288) Old regions: 33->33
[67.047s][info][gc,heap        ] GC(288) Archive regions: 0->0
[67.047s][info][gc,heap        ] GC(288) Humongous regions: 0->0
[67.047s][info][gc,metaspace   ] GC(288) Metaspace: 75251K(76224K)->75251K(76224K) NonClass: 59604K(59904K)->59604K(59904K) Class: 15647K(16320K)->15647K(16320K)
[67.047s][info][gc             ] GC(288) Pause Young (Normal) (G1 Evacuation Pause) 715M->39M(1134M) 2.826ms
[67.047s][info][gc,cpu         ] GC(288) User=0.00s Sys=0.00s Real=0.00s
[67.227s][info][gc,start       ] GC(289) Pause Young (Normal) (G1 Evacuation Pause)
[67.227s][info][gc,task        ] GC(289) Using 33 workers of 33 for evacuation
[67.229s][info][gc,phases      ] GC(289)   Pre Evacuate Collection Set: 0.2ms
[67.229s][info][gc,phases      ] GC(289)   Merge Heap Roots: 0.2ms
[67.229s][info][gc,phases      ] GC(289)   Evacuate Collection Set: 1.2ms
[67.229s][info][gc,phases      ] GC(289)   Post Evacuate Collection Set: 0.8ms
[67.229s][info][gc,phases      ] GC(289)   Other: 0.1ms
[67.229s][info][gc,heap        ] GC(289) Eden regions: 338->0(338)
[67.229s][info][gc,heap        ] GC(289) Survivor regions: 2->2(43)
[67.229s][info][gc,heap        ] GC(289) Old regions: 33->33
[67.229s][info][gc,heap        ] GC(289) Archive regions: 0->0
[67.229s][info][gc,heap        ] GC(289) Humongous regions: 0->0
[67.229s][info][gc,metaspace   ] GC(289) Metaspace: 75251K(76224K)->75251K(76224K) NonClass: 59604K(59904K)->59604K(59904K) Class: 15647K(16320K)->15647K(16320K)
[67.229s][info][gc             ] GC(289) Pause Young (Normal) (G1 Evacuation Pause) 715M->39M(1134M) 2.773ms
[67.229s][info][gc,cpu         ] GC(289) User=0.52s Sys=0.00s Real=0.00s
[67.410s][info][gc,start       ] GC(290) Pause Young (Normal) (G1 Evacuation Pause)
[67.410s][info][gc,task        ] GC(290) Using 33 workers of 33 for evacuation
[67.413s][info][gc,phases      ] GC(290)   Pre Evacuate Collection Set: 0.2ms
[67.413s][info][gc,phases      ] GC(290)   Merge Heap Roots: 0.2ms
[67.413s][info][gc,phases      ] GC(290)   Evacuate Collection Set: 1.2ms
[67.413s][info][gc,phases      ] GC(290)   Post Evacuate Collection Set: 0.8ms
[67.413s][info][gc,phases      ] GC(290)   Other: 0.1ms
[67.413s][info][gc,heap        ] GC(290) Eden regions: 338->0(338)
[67.413s][info][gc,heap        ] GC(290) Survivor regions: 2->2(43)
[67.413s][info][gc,heap        ] GC(290) Old regions: 33->33
[67.413s][info][gc,heap        ] GC(290) Archive regions: 0->0
[67.413s][info][gc,heap        ] GC(290) Humongous regions: 0->0
[67.413s][info][gc,metaspace   ] GC(290) Metaspace: 75251K(76224K)->75251K(76224K) NonClass: 59604K(59904K)->59604K(59904K) Class: 15647K(16320K)->15647K(16320K)
[67.413s][info][gc             ] GC(290) Pause Young (Normal) (G1 Evacuation Pause) 715M->39M(1134M) 2.749ms
[67.413s][info][gc,cpu         ] GC(290) User=0.00s Sys=0.00s Real=0.00s
[67.593s][info][gc,start       ] GC(291) Pause Young (Normal) (G1 Evacuation Pause)
[67.593s][info][gc,task        ] GC(291) Using 33 workers of 33 for evacuation
[67.596s][info][gc,phases      ] GC(291)   Pre Evacuate Collection Set: 0.2ms
[67.596s][info][gc,phases      ] GC(291)   Merge Heap Roots: 0.2ms
[67.596s][info][gc,phases      ] GC(291)   Evacuate Collection Set: 1.2ms
[67.596s][info][gc,phases      ] GC(291)   Post Evacuate Collection Set: 0.8ms
[67.596s][info][gc,phases      ] GC(291)   Other: 0.1ms
[67.596s][info][gc,heap        ] GC(291) Eden regions: 338->0(338)
[67.596s][info][gc,heap        ] GC(291) Survivor regions: 2->2(43)
[67.596s][info][gc,heap        ] GC(291) Old regions: 33->33
[67.596s][info][gc,heap        ] GC(291) Archive regions: 0->0
[67.596s][info][gc,heap        ] GC(291) Humongous regions: 0->0
[67.596s][info][gc,metaspace   ] GC(291) Metaspace: 75251K(76224K)->75251K(76224K) NonClass: 59604K(59904K)->59604K(59904K) Class: 15647K(16320K)->15647K(16320K)
[67.596s][info][gc             ] GC(291) Pause Young (Normal) (G1 Evacuation Pause) 715M->39M(1134M) 2.753ms
[67.596s][info][gc,cpu         ] GC(291) User=0.00s Sys=0.00s Real=0.00s
[67.775s][info][gc,start       ] GC(292) Pause Young (Normal) (G1 Evacuation Pause)
[67.775s][info][gc,task        ] GC(292) Using 33 workers of 33 for evacuation
[67.778s][info][gc,phases      ] GC(292)   Pre Evacuate Collection Set: 0.2ms
[67.778s][info][gc,phases      ] GC(292)   Merge Heap Roots: 0.2ms
[67.778s][info][gc,phases      ] GC(292)   Evacuate Collection Set: 1.2ms
[67.778s][info][gc,phases      ] GC(292)   Post Evacuate Collection Set: 0.7ms
[67.778s][info][gc,phases      ] GC(292)   Other: 0.1ms
[67.778s][info][gc,heap        ] GC(292) Eden regions: 338->0(338)
[67.778s][info][gc,heap        ] GC(292) Survivor regions: 2->2(43)
[67.778s][info][gc,heap        ] GC(292) Old regions: 33->33
[67.778s][info][gc,heap        ] GC(292) Archive regions: 0->0
[67.778s][info][gc,heap        ] GC(292) Humongous regions: 0->0
[67.778s][info][gc,metaspace   ] GC(292) Metaspace: 75251K(76224K)->75251K(76224K) NonClass: 59604K(59904K)->59604K(59904K) Class: 15647K(16320K)->15647K(16320K)
[67.778s][info][gc             ] GC(292) Pause Young (Normal) (G1 Evacuation Pause) 715M->39M(1134M) 2.751ms
[67.778s][info][gc,cpu         ] GC(292) User=0.00s Sys=0.00s Real=0.00s
[67.958s][info][gc,start       ] GC(293) Pause Young (Normal) (G1 Evacuation Pause)
[67.958s][info][gc,task        ] GC(293) Using 33 workers of 33 for evacuation
[67.961s][info][gc,phases      ] GC(293)   Pre Evacuate Collection Set: 0.2ms
[67.961s][info][gc,phases      ] GC(293)   Merge Heap Roots: 0.2ms
[67.961s][info][gc,phases      ] GC(293)   Evacuate Collection Set: 1.3ms
[67.961s][info][gc,phases      ] GC(293)   Post Evacuate Collection Set: 0.6ms
[67.961s][info][gc,phases      ] GC(293)   Other: 0.1ms
[67.961s][info][gc,heap        ] GC(293) Eden regions: 338->0(339)
[67.961s][info][gc,heap        ] GC(293) Survivor regions: 2->1(43)
[67.961s][info][gc,heap        ] GC(293) Old regions: 33->35
[67.961s][info][gc,heap        ] GC(293) Archive regions: 0->0
[67.961s][info][gc,heap        ] GC(293) Humongous regions: 0->0
[67.961s][info][gc,metaspace   ] GC(293) Metaspace: 75253K(76224K)->75253K(76224K) NonClass: 59605K(59904K)->59605K(59904K) Class: 15647K(16320K)->15647K(16320K)
[67.961s][info][gc             ] GC(293) Pause Young (Normal) (G1 Evacuation Pause) 715M->39M(1134M) 2.655ms
[67.961s][info][gc,cpu         ] GC(293) User=0.00s Sys=0.00s Real=0.00s
[68.142s][info][gc,start       ] GC(294) Pause Young (Normal) (G1 Evacuation Pause)
[68.142s][info][gc,task        ] GC(294) Using 33 workers of 33 for evacuation
[68.144s][info][gc,phases      ] GC(294)   Pre Evacuate Collection Set: 0.2ms
[68.144s][info][gc,phases      ] GC(294)   Merge Heap Roots: 0.2ms
[68.144s][info][gc,phases      ] GC(294)   Evacuate Collection Set: 0.9ms
[68.144s][info][gc,phases      ] GC(294)   Post Evacuate Collection Set: 0.6ms
[68.144s][info][gc,phases      ] GC(294)   Other: 0.1ms
[68.144s][info][gc,heap        ] GC(294) Eden regions: 339->0(339)
[68.144s][info][gc,heap        ] GC(294) Survivor regions: 1->1(43)
[68.144s][info][gc,heap        ] GC(294) Old regions: 35->35
[68.144s][info][gc,heap        ] GC(294) Archive regions: 0->0
[68.144s][info][gc,heap        ] GC(294) Humongous regions: 0->0
[68.144s][info][gc,metaspace   ] GC(294) Metaspace: 75253K(76224K)->75253K(76224K) NonClass: 59605K(59904K)->59605K(59904K) Class: 15647K(16320K)->15647K(16320K)
[68.144s][info][gc             ] GC(294) Pause Young (Normal) (G1 Evacuation Pause) 717M->39M(1134M) 2.268ms
[68.144s][info][gc,cpu         ] GC(294) User=0.00s Sys=0.00s Real=0.00s
[68.324s][info][gc,start       ] GC(295) Pause Young (Normal) (G1 Evacuation Pause)
[68.325s][info][gc,task        ] GC(295) Using 33 workers of 33 for evacuation
[68.327s][info][gc,phases      ] GC(295)   Pre Evacuate Collection Set: 0.2ms
[68.327s][info][gc,phases      ] GC(295)   Merge Heap Roots: 0.2ms
[68.327s][info][gc,phases      ] GC(295)   Evacuate Collection Set: 1.0ms
[68.327s][info][gc,phases      ] GC(295)   Post Evacuate Collection Set: 0.5ms
[68.327s][info][gc,phases      ] GC(295)   Other: 0.1ms
[68.327s][info][gc,heap        ] GC(295) Eden regions: 339->0(339)
[68.327s][info][gc,heap        ] GC(295) Survivor regions: 1->1(43)
[68.327s][info][gc,heap        ] GC(295) Old regions: 35->35
[68.327s][info][gc,heap        ] GC(295) Archive regions: 0->0
[68.327s][info][gc,heap        ] GC(295) Humongous regions: 0->0
[68.327s][info][gc,metaspace   ] GC(295) Metaspace: 75253K(76224K)->75253K(76224K) NonClass: 59605K(59904K)->59605K(59904K) Class: 15647K(16320K)->15647K(16320K)
[68.327s][info][gc             ] GC(295) Pause Young (Normal) (G1 Evacuation Pause) 717M->39M(1134M) 2.312ms
[68.327s][info][gc,cpu         ] GC(295) User=0.00s Sys=0.00s Real=0.00s
[68.510s][info][gc,start       ] GC(296) Pause Young (Normal) (G1 Evacuation Pause)
[68.510s][info][gc,task        ] GC(296) Using 33 workers of 33 for evacuation
[68.512s][info][gc,phases      ] GC(296)   Pre Evacuate Collection Set: 0.3ms
[68.512s][info][gc,phases      ] GC(296)   Merge Heap Roots: 0.2ms
[68.512s][info][gc,phases      ] GC(296)   Evacuate Collection Set: 0.9ms
[68.512s][info][gc,phases      ] GC(296)   Post Evacuate Collection Set: 0.6ms
[68.512s][info][gc,phases      ] GC(296)   Other: 0.1ms
[68.512s][info][gc,heap        ] GC(296) Eden regions: 339->0(339)
[68.512s][info][gc,heap        ] GC(296) Survivor regions: 1->1(43)
[68.512s][info][gc,heap        ] GC(296) Old regions: 35->35
[68.512s][info][gc,heap        ] GC(296) Archive regions: 0->0
[68.512s][info][gc,heap        ] GC(296) Humongous regions: 0->0
[68.512s][info][gc,metaspace   ] GC(296) Metaspace: 75253K(76224K)->75253K(76224K) NonClass: 59605K(59904K)->59605K(59904K) Class: 15647K(16320K)->15647K(16320K)
[68.512s][info][gc             ] GC(296) Pause Young (Normal) (G1 Evacuation Pause) 717M->39M(1134M) 2.308ms
[68.512s][info][gc,cpu         ] GC(296) User=0.00s Sys=0.00s Real=0.00s
[68.692s][info][gc,start       ] GC(297) Pause Young (Normal) (G1 Evacuation Pause)
[68.692s][info][gc,task        ] GC(297) Using 33 workers of 33 for evacuation
[68.694s][info][gc,phases      ] GC(297)   Pre Evacuate Collection Set: 0.2ms
[68.694s][info][gc,phases      ] GC(297)   Merge Heap Roots: 0.2ms
[68.694s][info][gc,phases      ] GC(297)   Evacuate Collection Set: 0.9ms
[68.694s][info][gc,phases      ] GC(297)   Post Evacuate Collection Set: 0.6ms
[68.694s][info][gc,phases      ] GC(297)   Other: 0.1ms
[68.694s][info][gc,heap        ] GC(297) Eden regions: 339->0(339)
[68.694s][info][gc,heap        ] GC(297) Survivor regions: 1->1(43)
[68.694s][info][gc,heap        ] GC(297) Old regions: 35->35
[68.694s][info][gc,heap        ] GC(297) Archive regions: 0->0
[68.694s][info][gc,heap        ] GC(297) Humongous regions: 0->0
[68.694s][info][gc,metaspace   ] GC(297) Metaspace: 75253K(76224K)->75253K(76224K) NonClass: 59605K(59904K)->59605K(59904K) Class: 15647K(16320K)->15647K(16320K)
[68.694s][info][gc             ] GC(297) Pause Young (Normal) (G1 Evacuation Pause) 717M->39M(1134M) 2.251ms
[68.694s][info][gc,cpu         ] GC(297) User=0.00s Sys=0.00s Real=0.00s
[68.875s][info][gc,start       ] GC(298) Pause Young (Normal) (G1 Evacuation Pause)
[68.875s][info][gc,task        ] GC(298) Using 33 workers of 33 for evacuation
[68.877s][info][gc,phases      ] GC(298)   Pre Evacuate Collection Set: 0.2ms
[68.877s][info][gc,phases      ] GC(298)   Merge Heap Roots: 0.2ms
[68.877s][info][gc,phases      ] GC(298)   Evacuate Collection Set: 0.9ms
[68.877s][info][gc,phases      ] GC(298)   Post Evacuate Collection Set: 0.6ms
[68.877s][info][gc,phases      ] GC(298)   Other: 0.1ms
[68.877s][info][gc,heap        ] GC(298) Eden regions: 339->0(339)
[68.877s][info][gc,heap        ] GC(298) Survivor regions: 1->1(43)
[68.877s][info][gc,heap        ] GC(298) Old regions: 35->35
[68.877s][info][gc,heap        ] GC(298) Archive regions: 0->0
[68.877s][info][gc,heap        ] GC(298) Humongous regions: 0->0
[68.877s][info][gc,metaspace   ] GC(298) Metaspace: 75253K(76224K)->75253K(76224K) NonClass: 59605K(59904K)->59605K(59904K) Class: 15647K(16320K)->15647K(16320K)
[68.877s][info][gc             ] GC(298) Pause Young (Normal) (G1 Evacuation Pause) 717M->39M(1134M) 2.309ms
[68.877s][info][gc,cpu         ] GC(298) User=0.00s Sys=0.00s Real=0.00s
[69.057s][info][gc,start       ] GC(299) Pause Young (Normal) (G1 Evacuation Pause)
[69.057s][info][gc,task        ] GC(299) Using 33 workers of 33 for evacuation
[69.059s][info][gc,phases      ] GC(299)   Pre Evacuate Collection Set: 0.2ms
[69.059s][info][gc,phases      ] GC(299)   Merge Heap Roots: 0.2ms
[69.059s][info][gc,phases      ] GC(299)   Evacuate Collection Set: 1.0ms
[69.059s][info][gc,phases      ] GC(299)   Post Evacuate Collection Set: 0.6ms
[69.059s][info][gc,phases      ] GC(299)   Other: 0.1ms
[69.059s][info][gc,heap        ] GC(299) Eden regions: 339->0(339)
[69.059s][info][gc,heap        ] GC(299) Survivor regions: 1->1(43)
[69.059s][info][gc,heap        ] GC(299) Old regions: 35->35
[69.059s][info][gc,heap        ] GC(299) Archive regions: 0->0
[69.059s][info][gc,heap        ] GC(299) Humongous regions: 0->0
[69.059s][info][gc,metaspace   ] GC(299) Metaspace: 75253K(76224K)->75253K(76224K) NonClass: 59605K(59904K)->59605K(59904K) Class: 15647K(16320K)->15647K(16320K)
[69.059s][info][gc             ] GC(299) Pause Young (Normal) (G1 Evacuation Pause) 717M->39M(1134M) 2.387ms
[69.059s][info][gc,cpu         ] GC(299) User=0.00s Sys=0.00s Real=0.00s
[69.238s][info][gc,start       ] GC(300) Pause Young (Normal) (G1 Evacuation Pause)
[69.239s][info][gc,task        ] GC(300) Using 33 workers of 33 for evacuation
[69.241s][info][gc,phases      ] GC(300)   Pre Evacuate Collection Set: 0.2ms
[69.241s][info][gc,phases      ] GC(300)   Merge Heap Roots: 0.2ms
[69.241s][info][gc,phases      ] GC(300)   Evacuate Collection Set: 0.9ms
[69.241s][info][gc,phases      ] GC(300)   Post Evacuate Collection Set: 0.6ms
[69.241s][info][gc,phases      ] GC(300)   Other: 0.1ms
[69.241s][info][gc,heap        ] GC(300) Eden regions: 339->0(339)
[69.241s][info][gc,heap        ] GC(300) Survivor regions: 1->1(43)
[69.241s][info][gc,heap        ] GC(300) Old regions: 35->35
[69.241s][info][gc,heap        ] GC(300) Archive regions: 0->0
[69.241s][info][gc,heap        ] GC(300) Humongous regions: 0->0
[69.241s][info][gc,metaspace   ] GC(300) Metaspace: 75253K(76224K)->75253K(76224K) NonClass: 59605K(59904K)->59605K(59904K) Class: 15647K(16320K)->15647K(16320K)
[69.241s][info][gc             ] GC(300) Pause Young (Normal) (G1 Evacuation Pause) 717M->39M(1134M) 2.253ms
[69.241s][info][gc,cpu         ] GC(300) User=0.00s Sys=0.00s Real=0.00s
[69.421s][info][gc,start       ] GC(301) Pause Young (Normal) (G1 Evacuation Pause)
[69.421s][info][gc,task        ] GC(301) Using 33 workers of 33 for evacuation
[69.423s][info][gc,phases      ] GC(301)   Pre Evacuate Collection Set: 0.2ms
[69.423s][info][gc,phases      ] GC(301)   Merge Heap Roots: 0.2ms
[69.423s][info][gc,phases      ] GC(301)   Evacuate Collection Set: 0.9ms
[69.423s][info][gc,phases      ] GC(301)   Post Evacuate Collection Set: 0.6ms
[69.423s][info][gc,phases      ] GC(301)   Other: 0.1ms
[69.423s][info][gc,heap        ] GC(301) Eden regions: 339->0(339)
[69.423s][info][gc,heap        ] GC(301) Survivor regions: 1->1(43)
[69.423s][info][gc,heap        ] GC(301) Old regions: 35->35
[69.423s][info][gc,heap        ] GC(301) Archive regions: 0->0
[69.424s][info][gc,heap        ] GC(301) Humongous regions: 0->0
[69.424s][info][gc,metaspace   ] GC(301) Metaspace: 75253K(76224K)->75253K(76224K) NonClass: 59605K(59904K)->59605K(59904K) Class: 15647K(16320K)->15647K(16320K)
[69.424s][info][gc             ] GC(301) Pause Young (Normal) (G1 Evacuation Pause) 717M->39M(1134M) 2.281ms
[69.424s][info][gc,cpu         ] GC(301) User=0.00s Sys=0.00s Real=0.00s
[69.604s][info][gc,start       ] GC(302) Pause Young (Normal) (G1 Evacuation Pause)
[69.604s][info][gc,task        ] GC(302) Using 33 workers of 33 for evacuation
[69.606s][info][gc,phases      ] GC(302)   Pre Evacuate Collection Set: 0.2ms
[69.606s][info][gc,phases      ] GC(302)   Merge Heap Roots: 0.2ms
[69.606s][info][gc,phases      ] GC(302)   Evacuate Collection Set: 0.9ms
[69.606s][info][gc,phases      ] GC(302)   Post Evacuate Collection Set: 0.5ms
[69.606s][info][gc,phases      ] GC(302)   Other: 0.1ms
[69.606s][info][gc,heap        ] GC(302) Eden regions: 339->0(339)
[69.606s][info][gc,heap        ] GC(302) Survivor regions: 1->1(43)
[69.606s][info][gc,heap        ] GC(302) Old regions: 35->35
[69.606s][info][gc,heap        ] GC(302) Archive regions: 0->0
[69.606s][info][gc,heap        ] GC(302) Humongous regions: 0->0
[69.606s][info][gc,metaspace   ] GC(302) Metaspace: 75253K(76224K)->75253K(76224K) NonClass: 59605K(59904K)->59605K(59904K) Class: 15647K(16320K)->15647K(16320K)
[69.606s][info][gc             ] GC(302) Pause Young (Normal) (G1 Evacuation Pause) 717M->39M(1134M) 2.275ms
[69.606s][info][gc,cpu         ] GC(302) User=0.00s Sys=0.00s Real=0.00s
[69.789s][info][gc,start       ] GC(303) Pause Young (Normal) (G1 Evacuation Pause)
[69.789s][info][gc,task        ] GC(303) Using 33 workers of 33 for evacuation
[69.791s][info][gc,phases      ] GC(303)   Pre Evacuate Collection Set: 0.2ms
[69.791s][info][gc,phases      ] GC(303)   Merge Heap Roots: 0.2ms
[69.791s][info][gc,phases      ] GC(303)   Evacuate Collection Set: 0.9ms
[69.791s][info][gc,phases      ] GC(303)   Post Evacuate Collection Set: 0.5ms
[69.791s][info][gc,phases      ] GC(303)   Other: 0.1ms
[69.791s][info][gc,heap        ] GC(303) Eden regions: 339->0(339)
[69.791s][info][gc,heap        ] GC(303) Survivor regions: 1->1(43)
[69.791s][info][gc,heap        ] GC(303) Old regions: 35->35
[69.791s][info][gc,heap        ] GC(303) Archive regions: 0->0
[69.791s][info][gc,heap        ] GC(303) Humongous regions: 0->0
[69.791s][info][gc,metaspace   ] GC(303) Metaspace: 75253K(76224K)->75253K(76224K) NonClass: 59605K(59904K)->59605K(59904K) Class: 15647K(16320K)->15647K(16320K)
[69.791s][info][gc             ] GC(303) Pause Young (Normal) (G1 Evacuation Pause) 717M->39M(1134M) 2.235ms
[69.791s][info][gc,cpu         ] GC(303) User=0.52s Sys=0.00s Real=0.00s
[69.977s][info][gc,start       ] GC(304) Pause Young (Normal) (G1 Evacuation Pause)
[69.977s][info][gc,task        ] GC(304) Using 33 workers of 33 for evacuation
[69.980s][info][gc,phases      ] GC(304)   Pre Evacuate Collection Set: 0.2ms
[69.980s][info][gc,phases      ] GC(304)   Merge Heap Roots: 0.2ms
[69.980s][info][gc,phases      ] GC(304)   Evacuate Collection Set: 1.0ms
[69.980s][info][gc,phases      ] GC(304)   Post Evacuate Collection Set: 0.6ms
[69.980s][info][gc,phases      ] GC(304)   Other: 0.1ms
[69.980s][info][gc,heap        ] GC(304) Eden regions: 339->0(339)
[69.980s][info][gc,heap        ] GC(304) Survivor regions: 1->1(43)
[69.980s][info][gc,heap        ] GC(304) Old regions: 35->35
[69.980s][info][gc,heap        ] GC(304) Archive regions: 0->0
[69.980s][info][gc,heap        ] GC(304) Humongous regions: 0->0
[69.980s][info][gc,metaspace   ] GC(304) Metaspace: 75253K(76224K)->75253K(76224K) NonClass: 59605K(59904K)->59605K(59904K) Class: 15647K(16320K)->15647K(16320K)
[69.980s][info][gc             ] GC(304) Pause Young (Normal) (G1 Evacuation Pause) 717M->39M(1134M) 2.445ms
[69.980s][info][gc,cpu         ] GC(304) User=0.30s Sys=0.03s Real=0.00s
[70.169s][info][gc,start       ] GC(305) Pause Young (Normal) (G1 Evacuation Pause)
[70.169s][info][gc,task        ] GC(305) Using 33 workers of 33 for evacuation
[70.171s][info][gc,phases      ] GC(305)   Pre Evacuate Collection Set: 0.2ms
[70.171s][info][gc,phases      ] GC(305)   Merge Heap Roots: 0.2ms
[70.171s][info][gc,phases      ] GC(305)   Evacuate Collection Set: 1.0ms
[70.171s][info][gc,phases      ] GC(305)   Post Evacuate Collection Set: 0.6ms
[70.171s][info][gc,phases      ] GC(305)   Other: 0.1ms
[70.171s][info][gc,heap        ] GC(305) Eden regions: 339->0(339)
[70.171s][info][gc,heap        ] GC(305) Survivor regions: 1->1(43)
[70.171s][info][gc,heap        ] GC(305) Old regions: 35->35
[70.171s][info][gc,heap        ] GC(305) Archive regions: 0->0
[70.171s][info][gc,heap        ] GC(305) Humongous regions: 0->0
[70.171s][info][gc,metaspace   ] GC(305) Metaspace: 75253K(76224K)->75253K(76224K) NonClass: 59605K(59904K)->59605K(59904K) Class: 15647K(16320K)->15647K(16320K)
[70.171s][info][gc             ] GC(305) Pause Young (Normal) (G1 Evacuation Pause) 717M->39M(1134M) 2.387ms
[70.171s][info][gc,cpu         ] GC(305) User=0.00s Sys=0.00s Real=0.00s
[70.348s][info][gc,start       ] GC(306) Pause Young (Normal) (G1 Evacuation Pause)
[70.348s][info][gc,task        ] GC(306) Using 33 workers of 33 for evacuation
[70.350s][info][gc,phases      ] GC(306)   Pre Evacuate Collection Set: 0.2ms
[70.350s][info][gc,phases      ] GC(306)   Merge Heap Roots: 0.2ms
[70.350s][info][gc,phases      ] GC(306)   Evacuate Collection Set: 0.9ms
[70.350s][info][gc,phases      ] GC(306)   Post Evacuate Collection Set: 0.6ms
[70.350s][info][gc,phases      ] GC(306)   Other: 0.1ms
[70.350s][info][gc,heap        ] GC(306) Eden regions: 339->0(339)
[70.350s][info][gc,heap        ] GC(306) Survivor regions: 1->1(43)
[70.350s][info][gc,heap        ] GC(306) Old regions: 35->35
[70.350s][info][gc,heap        ] GC(306) Archive regions: 0->0
[70.350s][info][gc,heap        ] GC(306) Humongous regions: 0->0
[70.350s][info][gc,metaspace   ] GC(306) Metaspace: 75253K(76224K)->75253K(76224K) NonClass: 59605K(59904K)->59605K(59904K) Class: 15647K(16320K)->15647K(16320K)
[70.350s][info][gc             ] GC(306) Pause Young (Normal) (G1 Evacuation Pause) 717M->39M(1134M) 2.285ms
[70.350s][info][gc,cpu         ] GC(306) User=0.00s Sys=0.00s Real=0.00s
[70.530s][info][gc,start       ] GC(307) Pause Young (Normal) (G1 Evacuation Pause)
[70.530s][info][gc,task        ] GC(307) Using 33 workers of 33 for evacuation
[70.532s][info][gc,phases      ] GC(307)   Pre Evacuate Collection Set: 0.2ms
[70.532s][info][gc,phases      ] GC(307)   Merge Heap Roots: 0.2ms
[70.532s][info][gc,phases      ] GC(307)   Evacuate Collection Set: 1.0ms
[70.532s][info][gc,phases      ] GC(307)   Post Evacuate Collection Set: 0.6ms
[70.532s][info][gc,phases      ] GC(307)   Other: 0.1ms
[70.532s][info][gc,heap        ] GC(307) Eden regions: 339->0(339)
[70.532s][info][gc,heap        ] GC(307) Survivor regions: 1->1(43)
[70.532s][info][gc,heap        ] GC(307) Old regions: 35->35
[70.532s][info][gc,heap        ] GC(307) Archive regions: 0->0
[70.532s][info][gc,heap        ] GC(307) Humongous regions: 0->0
[70.532s][info][gc,metaspace   ] GC(307) Metaspace: 75256K(76224K)->75256K(76224K) NonClass: 59609K(59904K)->59609K(59904K) Class: 15647K(16320K)->15647K(16320K)
[70.532s][info][gc             ] GC(307) Pause Young (Normal) (G1 Evacuation Pause) 717M->39M(1134M) 2.356ms
[70.532s][info][gc,cpu         ] GC(307) User=0.00s Sys=0.00s Real=0.00s
[70.715s][info][gc,start       ] GC(308) Pause Young (Normal) (G1 Evacuation Pause)
[70.716s][info][gc,task        ] GC(308) Using 33 workers of 33 for evacuation
[70.718s][info][gc,phases      ] GC(308)   Pre Evacuate Collection Set: 0.2ms
[70.718s][info][gc,phases      ] GC(308)   Merge Heap Roots: 0.2ms
[70.718s][info][gc,phases      ] GC(308)   Evacuate Collection Set: 1.0ms
[70.718s][info][gc,phases      ] GC(308)   Post Evacuate Collection Set: 0.6ms
[70.718s][info][gc,phases      ] GC(308)   Other: 0.1ms
[70.718s][info][gc,heap        ] GC(308) Eden regions: 339->0(339)
[70.718s][info][gc,heap        ] GC(308) Survivor regions: 1->1(43)
[70.718s][info][gc,heap        ] GC(308) Old regions: 35->35
[70.718s][info][gc,heap        ] GC(308) Archive regions: 0->0
[70.718s][info][gc,heap        ] GC(308) Humongous regions: 0->0
[70.718s][info][gc,metaspace   ] GC(308) Metaspace: 75256K(76224K)->75256K(76224K) NonClass: 59609K(59904K)->59609K(59904K) Class: 15647K(16320K)->15647K(16320K)
[70.718s][info][gc             ] GC(308) Pause Young (Normal) (G1 Evacuation Pause) 717M->39M(1134M) 2.387ms
[70.718s][info][gc,cpu         ] GC(308) User=0.00s Sys=0.00s Real=0.00s
[70.911s][info][gc,start       ] GC(309) Pause Young (Normal) (G1 Evacuation Pause)
[70.912s][info][gc,task        ] GC(309) Using 33 workers of 33 for evacuation
[70.914s][info][gc,phases      ] GC(309)   Pre Evacuate Collection Set: 0.2ms
[70.914s][info][gc,phases      ] GC(309)   Merge Heap Roots: 0.2ms
[70.914s][info][gc,phases      ] GC(309)   Evacuate Collection Set: 0.9ms
[70.914s][info][gc,phases      ] GC(309)   Post Evacuate Collection Set: 0.6ms
[70.914s][info][gc,phases      ] GC(309)   Other: 0.1ms
[70.914s][info][gc,heap        ] GC(309) Eden regions: 339->0(339)
[70.914s][info][gc,heap        ] GC(309) Survivor regions: 1->1(43)
[70.914s][info][gc,heap        ] GC(309) Old regions: 35->35
[70.914s][info][gc,heap        ] GC(309) Archive regions: 0->0
[70.914s][info][gc,heap        ] GC(309) Humongous regions: 0->0
[70.914s][info][gc,metaspace   ] GC(309) Metaspace: 75256K(76224K)->75256K(76224K) NonClass: 59609K(59904K)->59609K(59904K) Class: 15647K(16320K)->15647K(16320K)
[70.914s][info][gc             ] GC(309) Pause Young (Normal) (G1 Evacuation Pause) 717M->39M(1134M) 2.271ms
[70.914s][info][gc,cpu         ] GC(309) User=0.00s Sys=0.00s Real=0.00s
[71.131s][info][gc,start       ] GC(310) Pause Young (Normal) (G1 Evacuation Pause)
[71.131s][info][gc,task        ] GC(310) Using 33 workers of 33 for evacuation
[71.133s][info][gc,phases      ] GC(310)   Pre Evacuate Collection Set: 0.2ms
[71.133s][info][gc,phases      ] GC(310)   Merge Heap Roots: 0.2ms
[71.133s][info][gc,phases      ] GC(310)   Evacuate Collection Set: 0.9ms
[71.133s][info][gc,phases      ] GC(310)   Post Evacuate Collection Set: 0.6ms
[71.133s][info][gc,phases      ] GC(310)   Other: 0.1ms
[71.133s][info][gc,heap        ] GC(310) Eden regions: 339->0(339)
[71.133s][info][gc,heap        ] GC(310) Survivor regions: 1->1(43)
[71.133s][info][gc,heap        ] GC(310) Old regions: 35->35
[71.133s][info][gc,heap        ] GC(310) Archive regions: 0->0
[71.133s][info][gc,heap        ] GC(310) Humongous regions: 0->0
[71.133s][info][gc,metaspace   ] GC(310) Metaspace: 75256K(76224K)->75256K(76224K) NonClass: 59609K(59904K)->59609K(59904K) Class: 15647K(16320K)->15647K(16320K)
[71.133s][info][gc             ] GC(310) Pause Young (Normal) (G1 Evacuation Pause) 717M->39M(1134M) 2.263ms
[71.133s][info][gc,cpu         ] GC(310) User=0.00s Sys=0.00s Real=0.00s
[71.418s][info][gc,start       ] GC(311) Pause Young (Normal) (G1 Evacuation Pause)
[71.418s][info][gc,task        ] GC(311) Using 33 workers of 33 for evacuation
[71.420s][info][gc,phases      ] GC(311)   Pre Evacuate Collection Set: 0.2ms
[71.420s][info][gc,phases      ] GC(311)   Merge Heap Roots: 0.2ms
[71.420s][info][gc,phases      ] GC(311)   Evacuate Collection Set: 0.9ms
[71.420s][info][gc,phases      ] GC(311)   Post Evacuate Collection Set: 0.6ms
[71.420s][info][gc,phases      ] GC(311)   Other: 0.1ms
[71.420s][info][gc,heap        ] GC(311) Eden regions: 339->0(339)
[71.420s][info][gc,heap        ] GC(311) Survivor regions: 1->1(43)
[71.420s][info][gc,heap        ] GC(311) Old regions: 35->35
[71.420s][info][gc,heap        ] GC(311) Archive regions: 0->0
[71.420s][info][gc,heap        ] GC(311) Humongous regions: 0->0
[71.420s][info][gc,metaspace   ] GC(311) Metaspace: 75256K(76224K)->75256K(76224K) NonClass: 59609K(59904K)->59609K(59904K) Class: 15647K(16320K)->15647K(16320K)
[71.420s][info][gc             ] GC(311) Pause Young (Normal) (G1 Evacuation Pause) 717M->39M(1134M) 2.235ms
[71.420s][info][gc,cpu         ] GC(311) User=0.00s Sys=0.02s Real=0.02s
[71.758s][info][gc,start       ] GC(312) Pause Young (Normal) (G1 Evacuation Pause)
[71.758s][info][gc,task        ] GC(312) Using 30 workers of 33 for evacuation
[71.760s][info][gc,phases      ] GC(312)   Pre Evacuate Collection Set: 0.2ms
[71.760s][info][gc,phases      ] GC(312)   Merge Heap Roots: 0.2ms
[71.760s][info][gc,phases      ] GC(312)   Evacuate Collection Set: 0.8ms
[71.760s][info][gc,phases      ] GC(312)   Post Evacuate Collection Set: 0.6ms
[71.760s][info][gc,phases      ] GC(312)   Other: 0.1ms
[71.760s][info][gc,heap        ] GC(312) Eden regions: 339->0(339)
[71.760s][info][gc,heap        ] GC(312) Survivor regions: 1->1(43)
[71.760s][info][gc,heap        ] GC(312) Old regions: 35->35
[71.760s][info][gc,heap        ] GC(312) Archive regions: 0->0
[71.760s][info][gc,heap        ] GC(312) Humongous regions: 0->0
[71.760s][info][gc,metaspace   ] GC(312) Metaspace: 75258K(76224K)->75258K(76224K) NonClass: 59610K(59904K)->59610K(59904K) Class: 15647K(16320K)->15647K(16320K)
[71.760s][info][gc             ] GC(312) Pause Young (Normal) (G1 Evacuation Pause) 717M->39M(1134M) 2.075ms
[71.760s][info][gc,cpu         ] GC(312) User=0.47s Sys=0.00s Real=0.00s
[72.256s][info][gc,start       ] GC(313) Pause Young (Normal) (G1 Evacuation Pause)
[72.256s][info][gc,task        ] GC(313) Using 28 workers of 33 for evacuation
[72.258s][info][gc,phases      ] GC(313)   Pre Evacuate Collection Set: 0.2ms
[72.258s][info][gc,phases      ] GC(313)   Merge Heap Roots: 0.1ms
[72.258s][info][gc,phases      ] GC(313)   Evacuate Collection Set: 0.7ms
[72.258s][info][gc,phases      ] GC(313)   Post Evacuate Collection Set: 0.6ms
[72.258s][info][gc,phases      ] GC(313)   Other: 0.1ms
[72.258s][info][gc,heap        ] GC(313) Eden regions: 339->0(339)
[72.258s][info][gc,heap        ] GC(313) Survivor regions: 1->1(43)
[72.258s][info][gc,heap        ] GC(313) Old regions: 35->35
[72.258s][info][gc,heap        ] GC(313) Archive regions: 0->0
[72.258s][info][gc,heap        ] GC(313) Humongous regions: 0->0
[72.258s][info][gc,metaspace   ] GC(313) Metaspace: 75258K(76224K)->75258K(76224K) NonClass: 59610K(59904K)->59610K(59904K) Class: 15647K(16320K)->15647K(16320K)
[72.258s][info][gc             ] GC(313) Pause Young (Normal) (G1 Evacuation Pause) 717M->39M(1134M) 1.883ms
[72.258s][info][gc,cpu         ] GC(313) User=0.00s Sys=0.00s Real=0.00s
[72.762s][info][gc,start       ] GC(314) Pause Young (Normal) (G1 Evacuation Pause)
[72.762s][info][gc,task        ] GC(314) Using 27 workers of 33 for evacuation
[72.764s][info][gc,phases      ] GC(314)   Pre Evacuate Collection Set: 0.2ms
[72.764s][info][gc,phases      ] GC(314)   Merge Heap Roots: 0.1ms
[72.764s][info][gc,phases      ] GC(314)   Evacuate Collection Set: 0.8ms
[72.764s][info][gc,phases      ] GC(314)   Post Evacuate Collection Set: 0.5ms
[72.764s][info][gc,phases      ] GC(314)   Other: 0.1ms
[72.764s][info][gc,heap        ] GC(314) Eden regions: 339->0(339)
[72.764s][info][gc,heap        ] GC(314) Survivor regions: 1->1(43)
[72.764s][info][gc,heap        ] GC(314) Old regions: 35->35
[72.764s][info][gc,heap        ] GC(314) Archive regions: 0->0
[72.764s][info][gc,heap        ] GC(314) Humongous regions: 0->0
[72.764s][info][gc,metaspace   ] GC(314) Metaspace: 75258K(76224K)->75258K(76224K) NonClass: 59610K(59904K)->59610K(59904K) Class: 15647K(16320K)->15647K(16320K)
[72.764s][info][gc             ] GC(314) Pause Young (Normal) (G1 Evacuation Pause) 717M->39M(1134M) 1.904ms
[72.764s][info][gc,cpu         ] GC(314) User=0.00s Sys=0.00s Real=0.00s
[73.116s][info][gc,start       ] GC(315) Pause Full (System.gc())
[73.116s][info][gc,task        ] GC(315) Using 27 workers of 33 for full compaction
[73.118s][info][gc,phases,start] GC(315) Phase 1: Mark live objects
[73.144s][info][gc,phases      ] GC(315) Phase 1: Mark live objects 26.769ms
[73.145s][info][gc,phases,start] GC(315) Phase 2: Prepare compaction
[73.148s][info][gc,phases      ] GC(315) Phase 2: Prepare compaction 2.403ms
[73.148s][info][gc,phases,start] GC(315) Phase 3: Adjust pointers
[73.157s][info][gc,phases      ] GC(315) Phase 3: Adjust pointers 9.061ms
[73.157s][info][gc,phases,start] GC(315) Phase 4: Compact heap
[73.158s][info][gc,phases      ] GC(315) Phase 4: Compact heap 1.165ms
[73.174s][info][gc,heap        ] GC(315) Eden regions: 185->0(64)
[73.174s][info][gc,heap        ] GC(315) Survivor regions: 1->0(43)
[73.174s][info][gc,heap        ] GC(315) Old regions: 35->32
[73.174s][info][gc,heap        ] GC(315) Archive regions: 0->0
[73.174s][info][gc,heap        ] GC(315) Humongous regions: 0->0
[73.174s][info][gc,metaspace   ] GC(315) Metaspace: 75284K(76224K)->75284K(76224K) NonClass: 59637K(59904K)->59637K(59904K) Class: 15647K(16320K)->15647K(16320K)
[73.174s][info][gc             ] GC(315) Pause Full (System.gc()) 408M->35M(214M) 58.070ms
[73.174s][info][gc,cpu         ] GC(315) User=0.95s Sys=0.00s Real=0.06s
[73.235s][info][gc,start       ] GC(316) Pause Young (Normal) (G1 Evacuation Pause)
[73.235s][info][gc,task        ] GC(316) Using 33 workers of 33 for evacuation
[73.237s][info][gc,phases      ] GC(316)   Pre Evacuate Collection Set: 0.2ms
[73.237s][info][gc,phases      ] GC(316)   Merge Heap Roots: 0.2ms
[73.237s][info][gc,phases      ] GC(316)   Evacuate Collection Set: 1.2ms
[73.237s][info][gc,phases      ] GC(316)   Post Evacuate Collection Set: 0.6ms
[73.237s][info][gc,phases      ] GC(316)   Other: 0.1ms
[73.237s][info][gc,heap        ] GC(316) Eden regions: 64->0(62)
[73.237s][info][gc,heap        ] GC(316) Survivor regions: 0->2(8)
[73.237s][info][gc,heap        ] GC(316) Old regions: 32->32
[73.237s][info][gc,heap        ] GC(316) Archive regions: 0->0
[73.237s][info][gc,heap        ] GC(316) Humongous regions: 0->0
[73.237s][info][gc,metaspace   ] GC(316) Metaspace: 75442K(76352K)->75442K(76352K) NonClass: 59795K(60032K)->59795K(60032K) Class: 15647K(16320K)->15647K(16320K)
[73.237s][info][gc             ] GC(316) Pause Young (Normal) (G1 Evacuation Pause) 163M->39M(214M) 2.562ms
[73.237s][info][gc,cpu         ] GC(316) User=0.00s Sys=0.00s Real=0.00s
[73.269s][info][gc,start       ] GC(317) Pause Young (Normal) (G1 Evacuation Pause)
[73.269s][info][gc,task        ] GC(317) Using 33 workers of 33 for evacuation
[73.272s][info][gc,phases      ] GC(317)   Pre Evacuate Collection Set: 0.2ms
[73.272s][info][gc,phases      ] GC(317)   Merge Heap Roots: 0.2ms
[73.272s][info][gc,phases      ] GC(317)   Evacuate Collection Set: 1.2ms
[73.272s][info][gc,phases      ] GC(317)   Post Evacuate Collection Set: 0.6ms
[73.272s][info][gc,phases      ] GC(317)   Other: 0.1ms
[73.272s][info][gc,heap        ] GC(317) Eden regions: 62->0(62)
[73.272s][info][gc,heap        ] GC(317) Survivor regions: 2->2(8)
[73.272s][info][gc,heap        ] GC(317) Old regions: 32->32
[73.272s][info][gc,heap        ] GC(317) Archive regions: 0->0
[73.272s][info][gc,heap        ] GC(317) Humongous regions: 0->0
[73.272s][info][gc,metaspace   ] GC(317) Metaspace: 75442K(76352K)->75442K(76352K) NonClass: 59795K(60032K)->59795K(60032K) Class: 15647K(16320K)->15647K(16320K)
[73.272s][info][gc             ] GC(317) Pause Young (Normal) (G1 Evacuation Pause) 163M->39M(214M) 2.529ms
[73.272s][info][gc,cpu         ] GC(317) User=0.00s Sys=0.00s Real=0.00s
[73.309s][info][gc,start       ] GC(318) Pause Young (Normal) (G1 Evacuation Pause)
[73.309s][info][gc,task        ] GC(318) Using 33 workers of 33 for evacuation
[73.312s][info][gc,phases      ] GC(318)   Pre Evacuate Collection Set: 0.2ms
[73.312s][info][gc,phases      ] GC(318)   Merge Heap Roots: 0.2ms
[73.312s][info][gc,phases      ] GC(318)   Evacuate Collection Set: 1.2ms
[73.312s][info][gc,phases      ] GC(318)   Post Evacuate Collection Set: 0.7ms
[73.312s][info][gc,phases      ] GC(318)   Other: 0.1ms
[73.312s][info][gc,heap        ] GC(318) Eden regions: 62->0(62)
[73.312s][info][gc,heap        ] GC(318) Survivor regions: 2->2(8)
[73.312s][info][gc,heap        ] GC(318) Old regions: 32->32
[73.312s][info][gc,heap        ] GC(318) Archive regions: 0->0
[73.312s][info][gc,heap        ] GC(318) Humongous regions: 0->0
[73.312s][info][gc,metaspace   ] GC(318) Metaspace: 75442K(76352K)->75442K(76352K) NonClass: 59795K(60032K)->59795K(60032K) Class: 15647K(16320K)->15647K(16320K)
[73.312s][info][gc             ] GC(318) Pause Young (Normal) (G1 Evacuation Pause) 163M->39M(214M) 2.572ms
[73.312s][info][gc,cpu         ] GC(318) User=0.00s Sys=0.00s Real=0.00s
[73.345s][info][gc,start       ] GC(319) Pause Young (Normal) (G1 Evacuation Pause)
[73.346s][info][gc,task        ] GC(319) Using 33 workers of 33 for evacuation
[73.351s][info][gc,phases      ] GC(319)   Pre Evacuate Collection Set: 0.2ms
[73.351s][info][gc,phases      ] GC(319)   Merge Heap Roots: 0.1ms
[73.351s][info][gc,phases      ] GC(319)   Evacuate Collection Set: 1.2ms
[73.351s][info][gc,phases      ] GC(319)   Post Evacuate Collection Set: 3.6ms
[73.351s][info][gc,phases      ] GC(319)   Other: 0.1ms
[73.351s][info][gc,heap        ] GC(319) Eden regions: 62->0(337)
[73.351s][info][gc,heap        ] GC(319) Survivor regions: 2->2(8)
[73.351s][info][gc,heap        ] GC(319) Old regions: 32->32
[73.351s][info][gc,heap        ] GC(319) Archive regions: 0->0
[73.351s][info][gc,heap        ] GC(319) Humongous regions: 0->0
[73.351s][info][gc,metaspace   ] GC(319) Metaspace: 75442K(76352K)->75442K(76352K) NonClass: 59795K(60032K)->59795K(60032K) Class: 15647K(16320K)->15647K(16320K)
[73.351s][info][gc             ] GC(319) Pause Young (Normal) (G1 Evacuation Pause) 163M->39M(1132M) 5.482ms
[73.351s][info][gc,cpu         ] GC(319) User=0.00s Sys=0.00s Real=0.00s
[73.606s][info][gc,start       ] GC(320) Pause Young (Normal) (G1 Evacuation Pause)
[73.606s][info][gc,task        ] GC(320) Using 33 workers of 33 for evacuation
[73.609s][info][gc,phases      ] GC(320)   Pre Evacuate Collection Set: 0.2ms
[73.609s][info][gc,phases      ] GC(320)   Merge Heap Roots: 0.2ms
[73.609s][info][gc,phases      ] GC(320)   Evacuate Collection Set: 2.5ms
[73.609s][info][gc,phases      ] GC(320)   Post Evacuate Collection Set: 0.8ms
[73.610s][info][gc,phases      ] GC(320)   Other: 0.1ms
[73.610s][info][gc,heap        ] GC(320) Eden regions: 337->0(337)
[73.610s][info][gc,heap        ] GC(320) Survivor regions: 2->2(43)
[73.610s][info][gc,heap        ] GC(320) Old regions: 32->32
[73.610s][info][gc,heap        ] GC(320) Archive regions: 0->0
[73.610s][info][gc,heap        ] GC(320) Humongous regions: 0->0
[73.610s][info][gc,metaspace   ] GC(320) Metaspace: 75442K(76352K)->75442K(76352K) NonClass: 59795K(60032K)->59795K(60032K) Class: 15647K(16320K)->15647K(16320K)
[73.610s][info][gc             ] GC(320) Pause Young (Normal) (G1 Evacuation Pause) 713M->39M(1132M) 4.045ms
[73.610s][info][gc,cpu         ] GC(320) User=0.00s Sys=0.00s Real=0.00s
[73.783s][info][gc,start       ] GC(321) Pause Young (Normal) (G1 Evacuation Pause)
[73.783s][info][gc,task        ] GC(321) Using 33 workers of 33 for evacuation
[73.787s][info][gc,phases      ] GC(321)   Pre Evacuate Collection Set: 0.2ms
[73.787s][info][gc,phases      ] GC(321)   Merge Heap Roots: 0.2ms
[73.787s][info][gc,phases      ] GC(321)   Evacuate Collection Set: 2.9ms
[73.787s][info][gc,phases      ] GC(321)   Post Evacuate Collection Set: 0.8ms
[73.787s][info][gc,phases      ] GC(321)   Other: 0.1ms
[73.787s][info][gc,heap        ] GC(321) Eden regions: 337->0(337)
[73.787s][info][gc,heap        ] GC(321) Survivor regions: 2->2(43)
[73.787s][info][gc,heap        ] GC(321) Old regions: 32->32
[73.787s][info][gc,heap        ] GC(321) Archive regions: 0->0
[73.787s][info][gc,heap        ] GC(321) Humongous regions: 0->0
[73.787s][info][gc,metaspace   ] GC(321) Metaspace: 75442K(76352K)->75442K(76352K) NonClass: 59795K(60032K)->59795K(60032K) Class: 15647K(16320K)->15647K(16320K)
[73.787s][info][gc             ] GC(321) Pause Young (Normal) (G1 Evacuation Pause) 713M->39M(1132M) 4.457ms
[73.788s][info][gc,cpu         ] GC(321) User=0.00s Sys=0.00s Real=0.00s
[73.961s][info][gc,start       ] GC(322) Pause Young (Normal) (G1 Evacuation Pause)
[73.961s][info][gc,task        ] GC(322) Using 33 workers of 33 for evacuation
[73.964s][info][gc,phases      ] GC(322)   Pre Evacuate Collection Set: 0.2ms
[73.964s][info][gc,phases      ] GC(322)   Merge Heap Roots: 0.2ms
[73.964s][info][gc,phases      ] GC(322)   Evacuate Collection Set: 1.2ms
[73.964s][info][gc,phases      ] GC(322)   Post Evacuate Collection Set: 0.7ms
[73.964s][info][gc,phases      ] GC(322)   Other: 0.1ms
[73.964s][info][gc,heap        ] GC(322) Eden regions: 337->0(337)
[73.964s][info][gc,heap        ] GC(322) Survivor regions: 2->2(43)
[73.964s][info][gc,heap        ] GC(322) Old regions: 32->32
[73.964s][info][gc,heap        ] GC(322) Archive regions: 0->0
[73.964s][info][gc,heap        ] GC(322) Humongous regions: 0->0
[73.964s][info][gc,metaspace   ] GC(322) Metaspace: 75442K(76352K)->75442K(76352K) NonClass: 59795K(60032K)->59795K(60032K) Class: 15647K(16320K)->15647K(16320K)
[73.964s][info][gc             ] GC(322) Pause Young (Normal) (G1 Evacuation Pause) 713M->39M(1132M) 2.690ms
[73.964s][info][gc,cpu         ] GC(322) User=0.00s Sys=0.00s Real=0.00s
[74.138s][info][gc,start       ] GC(323) Pause Young (Normal) (G1 Evacuation Pause)
[74.138s][info][gc,task        ] GC(323) Using 33 workers of 33 for evacuation
[74.140s][info][gc,phases      ] GC(323)   Pre Evacuate Collection Set: 0.2ms
[74.141s][info][gc,phases      ] GC(323)   Merge Heap Roots: 0.2ms
[74.141s][info][gc,phases      ] GC(323)   Evacuate Collection Set: 1.2ms
[74.141s][info][gc,phases      ] GC(323)   Post Evacuate Collection Set: 0.8ms
[74.141s][info][gc,phases      ] GC(323)   Other: 0.1ms
[74.141s][info][gc,heap        ] GC(323) Eden regions: 337->0(337)
[74.141s][info][gc,heap        ] GC(323) Survivor regions: 2->2(43)
[74.141s][info][gc,heap        ] GC(323) Old regions: 32->32
[74.141s][info][gc,heap        ] GC(323) Archive regions: 0->0
[74.141s][info][gc,heap        ] GC(323) Humongous regions: 0->0
[74.141s][info][gc,metaspace   ] GC(323) Metaspace: 75442K(76352K)->75442K(76352K) NonClass: 59795K(60032K)->59795K(60032K) Class: 15647K(16320K)->15647K(16320K)
[74.141s][info][gc             ] GC(323) Pause Young (Normal) (G1 Evacuation Pause) 713M->39M(1132M) 2.724ms
[74.141s][info][gc,cpu         ] GC(323) User=0.00s Sys=0.00s Real=0.00s
[74.314s][info][gc,start       ] GC(324) Pause Young (Normal) (G1 Evacuation Pause)
[74.314s][info][gc,task        ] GC(324) Using 33 workers of 33 for evacuation
[74.317s][info][gc,phases      ] GC(324)   Pre Evacuate Collection Set: 0.2ms
[74.317s][info][gc,phases      ] GC(324)   Merge Heap Roots: 0.2ms
[74.317s][info][gc,phases      ] GC(324)   Evacuate Collection Set: 1.2ms
[74.317s][info][gc,phases      ] GC(324)   Post Evacuate Collection Set: 0.8ms
[74.317s][info][gc,phases      ] GC(324)   Other: 0.1ms
[74.317s][info][gc,heap        ] GC(324) Eden regions: 337->0(337)
[74.317s][info][gc,heap        ] GC(324) Survivor regions: 2->2(43)
[74.317s][info][gc,heap        ] GC(324) Old regions: 32->32
[74.317s][info][gc,heap        ] GC(324) Archive regions: 0->0
[74.317s][info][gc,heap        ] GC(324) Humongous regions: 0->0
[74.317s][info][gc,metaspace   ] GC(324) Metaspace: 75442K(76352K)->75442K(76352K) NonClass: 59795K(60032K)->59795K(60032K) Class: 15647K(16320K)->15647K(16320K)
[74.317s][info][gc             ] GC(324) Pause Young (Normal) (G1 Evacuation Pause) 713M->39M(1132M) 2.759ms
[74.317s][info][gc,cpu         ] GC(324) User=0.00s Sys=0.00s Real=0.00s
[74.491s][info][gc,start       ] GC(325) Pause Young (Normal) (G1 Evacuation Pause)
[74.491s][info][gc,task        ] GC(325) Using 33 workers of 33 for evacuation
[74.494s][info][gc,phases      ] GC(325)   Pre Evacuate Collection Set: 0.2ms
[74.494s][info][gc,phases      ] GC(325)   Merge Heap Roots: 0.2ms
[74.494s][info][gc,phases      ] GC(325)   Evacuate Collection Set: 1.2ms
[74.494s][info][gc,phases      ] GC(325)   Post Evacuate Collection Set: 0.8ms
[74.494s][info][gc,phases      ] GC(325)   Other: 0.1ms
[74.494s][info][gc,heap        ] GC(325) Eden regions: 337->0(337)
[74.494s][info][gc,heap        ] GC(325) Survivor regions: 2->2(43)
[74.494s][info][gc,heap        ] GC(325) Old regions: 32->32
[74.494s][info][gc,heap        ] GC(325) Archive regions: 0->0
[74.494s][info][gc,heap        ] GC(325) Humongous regions: 0->0
[74.494s][info][gc,metaspace   ] GC(325) Metaspace: 75442K(76352K)->75442K(76352K) NonClass: 59795K(60032K)->59795K(60032K) Class: 15647K(16320K)->15647K(16320K)
[74.494s][info][gc             ] GC(325) Pause Young (Normal) (G1 Evacuation Pause) 713M->39M(1132M) 2.801ms
[74.494s][info][gc,cpu         ] GC(325) User=0.02s Sys=0.00s Real=0.00s
[74.669s][info][gc,start       ] GC(326) Pause Young (Normal) (G1 Evacuation Pause)
[74.669s][info][gc,task        ] GC(326) Using 33 workers of 33 for evacuation
[74.672s][info][gc,phases      ] GC(326)   Pre Evacuate Collection Set: 0.2ms
[74.672s][info][gc,phases      ] GC(326)   Merge Heap Roots: 0.2ms
[74.672s][info][gc,phases      ] GC(326)   Evacuate Collection Set: 1.2ms
[74.672s][info][gc,phases      ] GC(326)   Post Evacuate Collection Set: 0.8ms
[74.672s][info][gc,phases      ] GC(326)   Other: 0.1ms
[74.672s][info][gc,heap        ] GC(326) Eden regions: 337->0(337)
[74.672s][info][gc,heap        ] GC(326) Survivor regions: 2->2(43)
[74.672s][info][gc,heap        ] GC(326) Old regions: 32->32
[74.672s][info][gc,heap        ] GC(326) Archive regions: 0->0
[74.672s][info][gc,heap        ] GC(326) Humongous regions: 0->0
[74.672s][info][gc,metaspace   ] GC(326) Metaspace: 75442K(76352K)->75442K(76352K) NonClass: 59795K(60032K)->59795K(60032K) Class: 15647K(16320K)->15647K(16320K)
[74.672s][info][gc             ] GC(326) Pause Young (Normal) (G1 Evacuation Pause) 713M->39M(1132M) 2.880ms
[74.672s][info][gc,cpu         ] GC(326) User=0.00s Sys=0.00s Real=0.00s
[74.846s][info][gc,start       ] GC(327) Pause Young (Normal) (G1 Evacuation Pause)
[74.846s][info][gc,task        ] GC(327) Using 33 workers of 33 for evacuation
[74.849s][info][gc,phases      ] GC(327)   Pre Evacuate Collection Set: 0.2ms
[74.849s][info][gc,phases      ] GC(327)   Merge Heap Roots: 0.2ms
[74.849s][info][gc,phases      ] GC(327)   Evacuate Collection Set: 1.2ms
[74.849s][info][gc,phases      ] GC(327)   Post Evacuate Collection Set: 0.7ms
[74.849s][info][gc,phases      ] GC(327)   Other: 0.1ms
[74.849s][info][gc,heap        ] GC(327) Eden regions: 337->0(337)
[74.849s][info][gc,heap        ] GC(327) Survivor regions: 2->2(43)
[74.849s][info][gc,heap        ] GC(327) Old regions: 32->32
[74.849s][info][gc,heap        ] GC(327) Archive regions: 0->0
[74.849s][info][gc,heap        ] GC(327) Humongous regions: 0->0
[74.849s][info][gc,metaspace   ] GC(327) Metaspace: 75442K(76352K)->75442K(76352K) NonClass: 59795K(60032K)->59795K(60032K) Class: 15647K(16320K)->15647K(16320K)
[74.849s][info][gc             ] GC(327) Pause Young (Normal) (G1 Evacuation Pause) 713M->39M(1132M) 2.696ms
[74.849s][info][gc,cpu         ] GC(327) User=0.00s Sys=0.00s Real=0.00s
[75.023s][info][gc,start       ] GC(328) Pause Young (Normal) (G1 Evacuation Pause)
[75.023s][info][gc,task        ] GC(328) Using 33 workers of 33 for evacuation
[75.026s][info][gc,phases      ] GC(328)   Pre Evacuate Collection Set: 0.2ms
[75.026s][info][gc,phases      ] GC(328)   Merge Heap Roots: 0.2ms
[75.026s][info][gc,phases      ] GC(328)   Evacuate Collection Set: 1.2ms
[75.026s][info][gc,phases      ] GC(328)   Post Evacuate Collection Set: 0.8ms
[75.026s][info][gc,phases      ] GC(328)   Other: 0.1ms
[75.026s][info][gc,heap        ] GC(328) Eden regions: 337->0(337)
[75.026s][info][gc,heap        ] GC(328) Survivor regions: 2->2(43)
[75.026s][info][gc,heap        ] GC(328) Old regions: 32->32
[75.026s][info][gc,heap        ] GC(328) Archive regions: 0->0
[75.026s][info][gc,heap        ] GC(328) Humongous regions: 0->0
[75.026s][info][gc,metaspace   ] GC(328) Metaspace: 75442K(76352K)->75442K(76352K) NonClass: 59795K(60032K)->59795K(60032K) Class: 15647K(16320K)->15647K(16320K)
[75.026s][info][gc             ] GC(328) Pause Young (Normal) (G1 Evacuation Pause) 713M->39M(1132M) 2.772ms
[75.026s][info][gc,cpu         ] GC(328) User=0.44s Sys=0.02s Real=0.00s
[75.201s][info][gc,start       ] GC(329) Pause Young (Normal) (G1 Evacuation Pause)
[75.201s][info][gc,task        ] GC(329) Using 33 workers of 33 for evacuation
[75.203s][info][gc,phases      ] GC(329)   Pre Evacuate Collection Set: 0.2ms
[75.203s][info][gc,phases      ] GC(329)   Merge Heap Roots: 0.2ms
[75.203s][info][gc,phases      ] GC(329)   Evacuate Collection Set: 1.2ms
[75.203s][info][gc,phases      ] GC(329)   Post Evacuate Collection Set: 0.7ms
[75.203s][info][gc,phases      ] GC(329)   Other: 0.1ms
[75.203s][info][gc,heap        ] GC(329) Eden regions: 337->0(337)
[75.203s][info][gc,heap        ] GC(329) Survivor regions: 2->2(43)
[75.203s][info][gc,heap        ] GC(329) Old regions: 32->32
[75.203s][info][gc,heap        ] GC(329) Archive regions: 0->0
[75.203s][info][gc,heap        ] GC(329) Humongous regions: 0->0
[75.203s][info][gc,metaspace   ] GC(329) Metaspace: 75442K(76352K)->75442K(76352K) NonClass: 59795K(60032K)->59795K(60032K) Class: 15647K(16320K)->15647K(16320K)
[75.204s][info][gc             ] GC(329) Pause Young (Normal) (G1 Evacuation Pause) 713M->39M(1132M) 2.750ms
[75.204s][info][gc,cpu         ] GC(329) User=0.00s Sys=0.00s Real=0.00s
[75.379s][info][gc,start       ] GC(330) Pause Young (Normal) (G1 Evacuation Pause)
[75.379s][info][gc,task        ] GC(330) Using 33 workers of 33 for evacuation
[75.381s][info][gc,phases      ] GC(330)   Pre Evacuate Collection Set: 0.2ms
[75.381s][info][gc,phases      ] GC(330)   Merge Heap Roots: 0.2ms
[75.381s][info][gc,phases      ] GC(330)   Evacuate Collection Set: 1.2ms
[75.381s][info][gc,phases      ] GC(330)   Post Evacuate Collection Set: 0.8ms
[75.381s][info][gc,phases      ] GC(330)   Other: 0.1ms
[75.381s][info][gc,heap        ] GC(330) Eden regions: 337->0(337)
[75.381s][info][gc,heap        ] GC(330) Survivor regions: 2->2(43)
[75.381s][info][gc,heap        ] GC(330) Old regions: 32->32
[75.381s][info][gc,heap        ] GC(330) Archive regions: 0->0
[75.381s][info][gc,heap        ] GC(330) Humongous regions: 0->0
[75.382s][info][gc,metaspace   ] GC(330) Metaspace: 75442K(76352K)->75442K(76352K) NonClass: 59795K(60032K)->59795K(60032K) Class: 15647K(16320K)->15647K(16320K)
[75.382s][info][gc             ] GC(330) Pause Young (Normal) (G1 Evacuation Pause) 713M->39M(1132M) 2.760ms
[75.382s][info][gc,cpu         ] GC(330) User=0.00s Sys=0.00s Real=0.00s
[75.559s][info][gc,start       ] GC(331) Pause Young (Normal) (G1 Evacuation Pause)
[75.559s][info][gc,task        ] GC(331) Using 33 workers of 33 for evacuation
[75.562s][info][gc,phases      ] GC(331)   Pre Evacuate Collection Set: 0.2ms
[75.562s][info][gc,phases      ] GC(331)   Merge Heap Roots: 0.2ms
[75.562s][info][gc,phases      ] GC(331)   Evacuate Collection Set: 1.3ms
[75.562s][info][gc,phases      ] GC(331)   Post Evacuate Collection Set: 0.6ms
[75.562s][info][gc,phases      ] GC(331)   Other: 0.1ms
[75.562s][info][gc,heap        ] GC(331) Eden regions: 337->0(338)
[75.562s][info][gc,heap        ] GC(331) Survivor regions: 2->1(43)
[75.562s][info][gc,heap        ] GC(331) Old regions: 32->34
[75.562s][info][gc,heap        ] GC(331) Archive regions: 0->0
[75.562s][info][gc,heap        ] GC(331) Humongous regions: 0->0
[75.562s][info][gc,metaspace   ] GC(331) Metaspace: 75443K(76352K)->75443K(76352K) NonClass: 59795K(60032K)->59795K(60032K) Class: 15647K(16320K)->15647K(16320K)
[75.562s][info][gc             ] GC(331) Pause Young (Normal) (G1 Evacuation Pause) 713M->39M(1132M) 2.655ms
[75.562s][info][gc,cpu         ] GC(331) User=0.00s Sys=0.00s Real=0.00s
[75.749s][info][gc,start       ] GC(332) Pause Young (Normal) (G1 Evacuation Pause)
[75.749s][info][gc,task        ] GC(332) Using 33 workers of 33 for evacuation
[75.751s][info][gc,phases      ] GC(332)   Pre Evacuate Collection Set: 0.2ms
[75.751s][info][gc,phases      ] GC(332)   Merge Heap Roots: 0.2ms
[75.751s][info][gc,phases      ] GC(332)   Evacuate Collection Set: 0.9ms
[75.751s][info][gc,phases      ] GC(332)   Post Evacuate Collection Set: 0.5ms
[75.751s][info][gc,phases      ] GC(332)   Other: 0.1ms
[75.751s][info][gc,heap        ] GC(332) Eden regions: 338->0(338)
[75.751s][info][gc,heap        ] GC(332) Survivor regions: 1->1(43)
[75.751s][info][gc,heap        ] GC(332) Old regions: 34->34
[75.751s][info][gc,heap        ] GC(332) Archive regions: 0->0
[75.751s][info][gc,heap        ] GC(332) Humongous regions: 0->0
[75.751s][info][gc,metaspace   ] GC(332) Metaspace: 75443K(76352K)->75443K(76352K) NonClass: 59795K(60032K)->59795K(60032K) Class: 15647K(16320K)->15647K(16320K)
[75.751s][info][gc             ] GC(332) Pause Young (Normal) (G1 Evacuation Pause) 715M->39M(1132M) 2.188ms
[75.751s][info][gc,cpu         ] GC(332) User=0.00s Sys=0.00s Real=0.00s
[75.942s][info][gc,start       ] GC(333) Pause Young (Normal) (G1 Evacuation Pause)
[75.942s][info][gc,task        ] GC(333) Using 33 workers of 33 for evacuation
[75.944s][info][gc,phases      ] GC(333)   Pre Evacuate Collection Set: 0.2ms
[75.944s][info][gc,phases      ] GC(333)   Merge Heap Roots: 0.2ms
[75.944s][info][gc,phases      ] GC(333)   Evacuate Collection Set: 0.9ms
[75.944s][info][gc,phases      ] GC(333)   Post Evacuate Collection Set: 0.6ms
[75.944s][info][gc,phases      ] GC(333)   Other: 0.1ms
[75.944s][info][gc,heap        ] GC(333) Eden regions: 338->0(338)
[75.944s][info][gc,heap        ] GC(333) Survivor regions: 1->1(43)
[75.944s][info][gc,heap        ] GC(333) Old regions: 34->34
[75.944s][info][gc,heap        ] GC(333) Archive regions: 0->0
[75.944s][info][gc,heap        ] GC(333) Humongous regions: 0->0
[75.944s][info][gc,metaspace   ] GC(333) Metaspace: 75443K(76352K)->75443K(76352K) NonClass: 59795K(60032K)->59795K(60032K) Class: 15647K(16320K)->15647K(16320K)
[75.945s][info][gc             ] GC(333) Pause Young (Normal) (G1 Evacuation Pause) 715M->39M(1132M) 2.248ms
[75.945s][info][gc,cpu         ] GC(333) User=0.00s Sys=0.00s Real=0.00s
[76.132s][info][gc,start       ] GC(334) Pause Young (Normal) (G1 Evacuation Pause)
[76.132s][info][gc,task        ] GC(334) Using 33 workers of 33 for evacuation
[76.134s][info][gc,phases      ] GC(334)   Pre Evacuate Collection Set: 0.2ms
[76.134s][info][gc,phases      ] GC(334)   Merge Heap Roots: 0.2ms
[76.134s][info][gc,phases      ] GC(334)   Evacuate Collection Set: 0.9ms
[76.134s][info][gc,phases      ] GC(334)   Post Evacuate Collection Set: 0.6ms
[76.134s][info][gc,phases      ] GC(334)   Other: 0.1ms
[76.134s][info][gc,heap        ] GC(334) Eden regions: 338->0(338)
[76.134s][info][gc,heap        ] GC(334) Survivor regions: 1->1(43)
[76.134s][info][gc,heap        ] GC(334) Old regions: 34->34
[76.134s][info][gc,heap        ] GC(334) Archive regions: 0->0
[76.134s][info][gc,heap        ] GC(334) Humongous regions: 0->0
[76.134s][info][gc,metaspace   ] GC(334) Metaspace: 75443K(76352K)->75443K(76352K) NonClass: 59795K(60032K)->59795K(60032K) Class: 15647K(16320K)->15647K(16320K)
[76.134s][info][gc             ] GC(334) Pause Young (Normal) (G1 Evacuation Pause) 715M->39M(1132M) 2.281ms
[76.134s][info][gc,cpu         ] GC(334) User=0.52s Sys=0.00s Real=0.00s
[76.327s][info][gc,start       ] GC(335) Pause Young (Normal) (G1 Evacuation Pause)
[76.328s][info][gc,task        ] GC(335) Using 33 workers of 33 for evacuation
[76.330s][info][gc,phases      ] GC(335)   Pre Evacuate Collection Set: 0.2ms
[76.330s][info][gc,phases      ] GC(335)   Merge Heap Roots: 0.2ms
[76.330s][info][gc,phases      ] GC(335)   Evacuate Collection Set: 0.9ms
[76.330s][info][gc,phases      ] GC(335)   Post Evacuate Collection Set: 0.6ms
[76.330s][info][gc,phases      ] GC(335)   Other: 0.1ms
[76.330s][info][gc,heap        ] GC(335) Eden regions: 338->0(338)
[76.330s][info][gc,heap        ] GC(335) Survivor regions: 1->1(43)
[76.330s][info][gc,heap        ] GC(335) Old regions: 34->34
[76.330s][info][gc,heap        ] GC(335) Archive regions: 0->0
[76.330s][info][gc,heap        ] GC(335) Humongous regions: 0->0
[76.330s][info][gc,metaspace   ] GC(335) Metaspace: 75443K(76352K)->75443K(76352K) NonClass: 59795K(60032K)->59795K(60032K) Class: 15647K(16320K)->15647K(16320K)
[76.330s][info][gc             ] GC(335) Pause Young (Normal) (G1 Evacuation Pause) 715M->39M(1132M) 2.287ms
[76.330s][info][gc,cpu         ] GC(335) User=0.00s Sys=0.00s Real=0.00s
[76.510s][info][gc,start       ] GC(336) Pause Young (Normal) (G1 Evacuation Pause)
[76.510s][info][gc,task        ] GC(336) Using 33 workers of 33 for evacuation
[76.512s][info][gc,phases      ] GC(336)   Pre Evacuate Collection Set: 0.2ms
[76.512s][info][gc,phases      ] GC(336)   Merge Heap Roots: 0.2ms
[76.512s][info][gc,phases      ] GC(336)   Evacuate Collection Set: 0.9ms
[76.512s][info][gc,phases      ] GC(336)   Post Evacuate Collection Set: 0.6ms
[76.512s][info][gc,phases      ] GC(336)   Other: 0.1ms
[76.512s][info][gc,heap        ] GC(336) Eden regions: 338->0(338)
[76.512s][info][gc,heap        ] GC(336) Survivor regions: 1->1(43)
[76.512s][info][gc,heap        ] GC(336) Old regions: 34->34
[76.512s][info][gc,heap        ] GC(336) Archive regions: 0->0
[76.512s][info][gc,heap        ] GC(336) Humongous regions: 0->0
[76.512s][info][gc,metaspace   ] GC(336) Metaspace: 75443K(76352K)->75443K(76352K) NonClass: 59795K(60032K)->59795K(60032K) Class: 15647K(16320K)->15647K(16320K)
[76.512s][info][gc             ] GC(336) Pause Young (Normal) (G1 Evacuation Pause) 715M->39M(1132M) 2.262ms
[76.512s][info][gc,cpu         ] GC(336) User=0.00s Sys=0.00s Real=0.00s
[76.690s][info][gc,start       ] GC(337) Pause Young (Normal) (G1 Evacuation Pause)
[76.690s][info][gc,task        ] GC(337) Using 33 workers of 33 for evacuation
[76.692s][info][gc,phases      ] GC(337)   Pre Evacuate Collection Set: 0.2ms
[76.692s][info][gc,phases      ] GC(337)   Merge Heap Roots: 0.2ms
[76.692s][info][gc,phases      ] GC(337)   Evacuate Collection Set: 0.9ms
[76.692s][info][gc,phases      ] GC(337)   Post Evacuate Collection Set: 0.6ms
[76.692s][info][gc,phases      ] GC(337)   Other: 0.1ms
[76.692s][info][gc,heap        ] GC(337) Eden regions: 338->0(338)
[76.692s][info][gc,heap        ] GC(337) Survivor regions: 1->1(43)
[76.692s][info][gc,heap        ] GC(337) Old regions: 34->34
[76.692s][info][gc,heap        ] GC(337) Archive regions: 0->0
[76.692s][info][gc,heap        ] GC(337) Humongous regions: 0->0
[76.692s][info][gc,metaspace   ] GC(337) Metaspace: 75443K(76352K)->75443K(76352K) NonClass: 59795K(60032K)->59795K(60032K) Class: 15647K(16320K)->15647K(16320K)
[76.692s][info][gc             ] GC(337) Pause Young (Normal) (G1 Evacuation Pause) 715M->39M(1132M) 2.167ms
[76.692s][info][gc,cpu         ] GC(337) User=0.00s Sys=0.00s Real=0.00s
[76.870s][info][gc,start       ] GC(338) Pause Young (Normal) (G1 Evacuation Pause)
[76.870s][info][gc,task        ] GC(338) Using 33 workers of 33 for evacuation
[76.872s][info][gc,phases      ] GC(338)   Pre Evacuate Collection Set: 0.2ms
[76.872s][info][gc,phases      ] GC(338)   Merge Heap Roots: 0.2ms
[76.872s][info][gc,phases      ] GC(338)   Evacuate Collection Set: 0.9ms
[76.872s][info][gc,phases      ] GC(338)   Post Evacuate Collection Set: 0.6ms
[76.872s][info][gc,phases      ] GC(338)   Other: 0.1ms
[76.872s][info][gc,heap        ] GC(338) Eden regions: 338->0(338)
[76.872s][info][gc,heap        ] GC(338) Survivor regions: 1->1(43)
[76.872s][info][gc,heap        ] GC(338) Old regions: 34->34
[76.872s][info][gc,heap        ] GC(338) Archive regions: 0->0
[76.872s][info][gc,heap        ] GC(338) Humongous regions: 0->0
[76.872s][info][gc,metaspace   ] GC(338) Metaspace: 75443K(76352K)->75443K(76352K) NonClass: 59795K(60032K)->59795K(60032K) Class: 15647K(16320K)->15647K(16320K)
[76.872s][info][gc             ] GC(338) Pause Young (Normal) (G1 Evacuation Pause) 715M->39M(1132M) 2.306ms
[76.872s][info][gc,cpu         ] GC(338) User=0.00s Sys=0.00s Real=0.00s
[77.049s][info][gc,start       ] GC(339) Pause Young (Normal) (G1 Evacuation Pause)
[77.049s][info][gc,task        ] GC(339) Using 33 workers of 33 for evacuation
[77.051s][info][gc,phases      ] GC(339)   Pre Evacuate Collection Set: 0.2ms
[77.051s][info][gc,phases      ] GC(339)   Merge Heap Roots: 0.2ms
[77.051s][info][gc,phases      ] GC(339)   Evacuate Collection Set: 0.9ms
[77.051s][info][gc,phases      ] GC(339)   Post Evacuate Collection Set: 0.6ms
[77.051s][info][gc,phases      ] GC(339)   Other: 0.1ms
[77.051s][info][gc,heap        ] GC(339) Eden regions: 338->0(338)
[77.051s][info][gc,heap        ] GC(339) Survivor regions: 1->1(43)
[77.051s][info][gc,heap        ] GC(339) Old regions: 34->34
[77.051s][info][gc,heap        ] GC(339) Archive regions: 0->0
[77.051s][info][gc,heap        ] GC(339) Humongous regions: 0->0
[77.052s][info][gc,metaspace   ] GC(339) Metaspace: 75443K(76352K)->75443K(76352K) NonClass: 59795K(60032K)->59795K(60032K) Class: 15647K(16320K)->15647K(16320K)
[77.052s][info][gc             ] GC(339) Pause Young (Normal) (G1 Evacuation Pause) 715M->39M(1132M) 2.205ms
[77.052s][info][gc,cpu         ] GC(339) User=0.00s Sys=0.00s Real=0.00s
[77.231s][info][gc,start       ] GC(340) Pause Young (Normal) (G1 Evacuation Pause)
[77.231s][info][gc,task        ] GC(340) Using 33 workers of 33 for evacuation
[77.233s][info][gc,phases      ] GC(340)   Pre Evacuate Collection Set: 0.2ms
[77.233s][info][gc,phases      ] GC(340)   Merge Heap Roots: 0.2ms
[77.233s][info][gc,phases      ] GC(340)   Evacuate Collection Set: 0.9ms
[77.233s][info][gc,phases      ] GC(340)   Post Evacuate Collection Set: 0.6ms
[77.233s][info][gc,phases      ] GC(340)   Other: 0.1ms
[77.233s][info][gc,heap        ] GC(340) Eden regions: 338->0(338)
[77.233s][info][gc,heap        ] GC(340) Survivor regions: 1->1(43)
[77.233s][info][gc,heap        ] GC(340) Old regions: 34->34
[77.233s][info][gc,heap        ] GC(340) Archive regions: 0->0
[77.233s][info][gc,heap        ] GC(340) Humongous regions: 0->0
[77.233s][info][gc,metaspace   ] GC(340) Metaspace: 75443K(76352K)->75443K(76352K) NonClass: 59795K(60032K)->59795K(60032K) Class: 15647K(16320K)->15647K(16320K)
[77.233s][info][gc             ] GC(340) Pause Young (Normal) (G1 Evacuation Pause) 715M->39M(1132M) 2.204ms
[77.233s][info][gc,cpu         ] GC(340) User=0.00s Sys=0.00s Real=0.00s
[77.411s][info][gc,start       ] GC(341) Pause Young (Normal) (G1 Evacuation Pause)
[77.411s][info][gc,task        ] GC(341) Using 33 workers of 33 for evacuation
[77.413s][info][gc,phases      ] GC(341)   Pre Evacuate Collection Set: 0.2ms
[77.413s][info][gc,phases      ] GC(341)   Merge Heap Roots: 0.2ms
[77.413s][info][gc,phases      ] GC(341)   Evacuate Collection Set: 1.0ms
[77.413s][info][gc,phases      ] GC(341)   Post Evacuate Collection Set: 0.6ms
[77.413s][info][gc,phases      ] GC(341)   Other: 0.1ms
[77.413s][info][gc,heap        ] GC(341) Eden regions: 338->0(338)
[77.413s][info][gc,heap        ] GC(341) Survivor regions: 1->1(43)
[77.413s][info][gc,heap        ] GC(341) Old regions: 34->34
[77.413s][info][gc,heap        ] GC(341) Archive regions: 0->0
[77.413s][info][gc,heap        ] GC(341) Humongous regions: 0->0
[77.413s][info][gc,metaspace   ] GC(341) Metaspace: 75443K(76352K)->75443K(76352K) NonClass: 59795K(60032K)->59795K(60032K) Class: 15647K(16320K)->15647K(16320K)
[77.413s][info][gc             ] GC(341) Pause Young (Normal) (G1 Evacuation Pause) 715M->39M(1132M) 2.312ms
[77.413s][info][gc,cpu         ] GC(341) User=0.00s Sys=0.00s Real=0.00s
[77.591s][info][gc,start       ] GC(342) Pause Young (Normal) (G1 Evacuation Pause)
[77.591s][info][gc,task        ] GC(342) Using 33 workers of 33 for evacuation
[77.593s][info][gc,phases      ] GC(342)   Pre Evacuate Collection Set: 0.2ms
[77.593s][info][gc,phases      ] GC(342)   Merge Heap Roots: 0.2ms
[77.593s][info][gc,phases      ] GC(342)   Evacuate Collection Set: 1.0ms
[77.593s][info][gc,phases      ] GC(342)   Post Evacuate Collection Set: 0.5ms
[77.593s][info][gc,phases      ] GC(342)   Other: 0.1ms
[77.593s][info][gc,heap        ] GC(342) Eden regions: 338->0(338)
[77.593s][info][gc,heap        ] GC(342) Survivor regions: 1->1(43)
[77.593s][info][gc,heap        ] GC(342) Old regions: 34->34
[77.593s][info][gc,heap        ] GC(342) Archive regions: 0->0
[77.593s][info][gc,heap        ] GC(342) Humongous regions: 0->0
[77.593s][info][gc,metaspace   ] GC(342) Metaspace: 75443K(76352K)->75443K(76352K) NonClass: 59795K(60032K)->59795K(60032K) Class: 15647K(16320K)->15647K(16320K)
[77.593s][info][gc             ] GC(342) Pause Young (Normal) (G1 Evacuation Pause) 715M->39M(1132M) 2.310ms
[77.593s][info][gc,cpu         ] GC(342) User=0.00s Sys=0.00s Real=0.00s
[77.770s][info][gc,start       ] GC(343) Pause Young (Normal) (G1 Evacuation Pause)
[77.770s][info][gc,task        ] GC(343) Using 33 workers of 33 for evacuation
[77.772s][info][gc,phases      ] GC(343)   Pre Evacuate Collection Set: 0.2ms
[77.772s][info][gc,phases      ] GC(343)   Merge Heap Roots: 0.2ms
[77.772s][info][gc,phases      ] GC(343)   Evacuate Collection Set: 0.9ms
[77.772s][info][gc,phases      ] GC(343)   Post Evacuate Collection Set: 0.6ms
[77.772s][info][gc,phases      ] GC(343)   Other: 0.1ms
[77.772s][info][gc,heap        ] GC(343) Eden regions: 338->0(338)
[77.772s][info][gc,heap        ] GC(343) Survivor regions: 1->1(43)
[77.772s][info][gc,heap        ] GC(343) Old regions: 34->34
[77.772s][info][gc,heap        ] GC(343) Archive regions: 0->0
[77.772s][info][gc,heap        ] GC(343) Humongous regions: 0->0
[77.772s][info][gc,metaspace   ] GC(343) Metaspace: 75443K(76352K)->75443K(76352K) NonClass: 59795K(60032K)->59795K(60032K) Class: 15647K(16320K)->15647K(16320K)
[77.772s][info][gc             ] GC(343) Pause Young (Normal) (G1 Evacuation Pause) 715M->39M(1132M) 2.237ms
[77.772s][info][gc,cpu         ] GC(343) User=0.00s Sys=0.00s Real=0.00s
[77.951s][info][gc,start       ] GC(344) Pause Young (Normal) (G1 Evacuation Pause)
[77.951s][info][gc,task        ] GC(344) Using 33 workers of 33 for evacuation
[77.954s][info][gc,phases      ] GC(344)   Pre Evacuate Collection Set: 0.2ms
[77.954s][info][gc,phases      ] GC(344)   Merge Heap Roots: 0.2ms
[77.954s][info][gc,phases      ] GC(344)   Evacuate Collection Set: 0.9ms
[77.954s][info][gc,phases      ] GC(344)   Post Evacuate Collection Set: 0.6ms
[77.954s][info][gc,phases      ] GC(344)   Other: 0.1ms
[77.954s][info][gc,heap        ] GC(344) Eden regions: 338->0(338)
[77.954s][info][gc,heap        ] GC(344) Survivor regions: 1->1(43)
[77.954s][info][gc,heap        ] GC(344) Old regions: 34->34
[77.954s][info][gc,heap        ] GC(344) Archive regions: 0->0
[77.954s][info][gc,heap        ] GC(344) Humongous regions: 0->0
[77.954s][info][gc,metaspace   ] GC(344) Metaspace: 75458K(76352K)->75458K(76352K) NonClass: 59810K(60032K)->59810K(60032K) Class: 15647K(16320K)->15647K(16320K)
[77.954s][info][gc             ] GC(344) Pause Young (Normal) (G1 Evacuation Pause) 715M->39M(1132M) 2.335ms
[77.954s][info][gc,cpu         ] GC(344) User=0.00s Sys=0.00s Real=0.00s
[78.136s][info][gc,start       ] GC(345) Pause Young (Normal) (G1 Evacuation Pause)
[78.136s][info][gc,task        ] GC(345) Using 33 workers of 33 for evacuation
[78.139s][info][gc,phases      ] GC(345)   Pre Evacuate Collection Set: 0.2ms
[78.139s][info][gc,phases      ] GC(345)   Merge Heap Roots: 0.2ms
[78.139s][info][gc,phases      ] GC(345)   Evacuate Collection Set: 0.9ms
[78.139s][info][gc,phases      ] GC(345)   Post Evacuate Collection Set: 0.6ms
[78.139s][info][gc,phases      ] GC(345)   Other: 0.1ms
[78.139s][info][gc,heap        ] GC(345) Eden regions: 338->0(338)
[78.139s][info][gc,heap        ] GC(345) Survivor regions: 1->1(43)
[78.139s][info][gc,heap        ] GC(345) Old regions: 34->34
[78.139s][info][gc,heap        ] GC(345) Archive regions: 0->0
[78.139s][info][gc,heap        ] GC(345) Humongous regions: 0->0
[78.139s][info][gc,metaspace   ] GC(345) Metaspace: 75458K(76352K)->75458K(76352K) NonClass: 59810K(60032K)->59810K(60032K) Class: 15647K(16320K)->15647K(16320K)
[78.139s][info][gc             ] GC(345) Pause Young (Normal) (G1 Evacuation Pause) 715M->39M(1132M) 2.365ms
[78.139s][info][gc,cpu         ] GC(345) User=0.00s Sys=0.00s Real=0.00s
[78.320s][info][gc,start       ] GC(346) Pause Young (Normal) (G1 Evacuation Pause)
[78.320s][info][gc,task        ] GC(346) Using 33 workers of 33 for evacuation
[78.322s][info][gc,phases      ] GC(346)   Pre Evacuate Collection Set: 0.2ms
[78.322s][info][gc,phases      ] GC(346)   Merge Heap Roots: 0.2ms
[78.322s][info][gc,phases      ] GC(346)   Evacuate Collection Set: 0.9ms
[78.322s][info][gc,phases      ] GC(346)   Post Evacuate Collection Set: 0.6ms
[78.322s][info][gc,phases      ] GC(346)   Other: 0.1ms
[78.322s][info][gc,heap        ] GC(346) Eden regions: 338->0(338)
[78.322s][info][gc,heap        ] GC(346) Survivor regions: 1->1(43)
[78.322s][info][gc,heap        ] GC(346) Old regions: 34->34
[78.322s][info][gc,heap        ] GC(346) Archive regions: 0->0
[78.322s][info][gc,heap        ] GC(346) Humongous regions: 0->0
[78.322s][info][gc,metaspace   ] GC(346) Metaspace: 75458K(76352K)->75458K(76352K) NonClass: 59810K(60032K)->59810K(60032K) Class: 15647K(16320K)->15647K(16320K)
[78.322s][info][gc             ] GC(346) Pause Young (Normal) (G1 Evacuation Pause) 715M->39M(1132M) 2.364ms
[78.322s][info][gc,cpu         ] GC(346) User=0.52s Sys=0.00s Real=0.00s
[78.509s][info][gc,start       ] GC(347) Pause Young (Normal) (G1 Evacuation Pause)
[78.510s][info][gc,task        ] GC(347) Using 33 workers of 33 for evacuation
[78.511s][info][gc,phases      ] GC(347)   Pre Evacuate Collection Set: 0.2ms
[78.511s][info][gc,phases      ] GC(347)   Merge Heap Roots: 0.2ms
[78.512s][info][gc,phases      ] GC(347)   Evacuate Collection Set: 0.8ms
[78.512s][info][gc,phases      ] GC(347)   Post Evacuate Collection Set: 0.6ms
[78.512s][info][gc,phases      ] GC(347)   Other: 0.1ms
[78.512s][info][gc,heap        ] GC(347) Eden regions: 338->0(338)
[78.512s][info][gc,heap        ] GC(347) Survivor regions: 1->1(43)
[78.512s][info][gc,heap        ] GC(347) Old regions: 34->34
[78.512s][info][gc,heap        ] GC(347) Archive regions: 0->0
[78.512s][info][gc,heap        ] GC(347) Humongous regions: 0->0
[78.512s][info][gc,metaspace   ] GC(347) Metaspace: 75458K(76352K)->75458K(76352K) NonClass: 59810K(60032K)->59810K(60032K) Class: 15647K(16320K)->15647K(16320K)
[78.512s][info][gc             ] GC(347) Pause Young (Normal) (G1 Evacuation Pause) 715M->39M(1132M) 2.152ms
[78.512s][info][gc,cpu         ] GC(347) User=0.00s Sys=0.00s Real=0.00s
[78.709s][info][gc,start       ] GC(348) Pause Young (Normal) (G1 Evacuation Pause)
[78.709s][info][gc,task        ] GC(348) Using 33 workers of 33 for evacuation
[78.711s][info][gc,phases      ] GC(348)   Pre Evacuate Collection Set: 0.2ms
[78.711s][info][gc,phases      ] GC(348)   Merge Heap Roots: 0.2ms
[78.711s][info][gc,phases      ] GC(348)   Evacuate Collection Set: 0.8ms
[78.711s][info][gc,phases      ] GC(348)   Post Evacuate Collection Set: 0.6ms
[78.711s][info][gc,phases      ] GC(348)   Other: 0.1ms
[78.711s][info][gc,heap        ] GC(348) Eden regions: 338->0(338)
[78.711s][info][gc,heap        ] GC(348) Survivor regions: 1->1(43)
[78.711s][info][gc,heap        ] GC(348) Old regions: 34->34
[78.711s][info][gc,heap        ] GC(348) Archive regions: 0->0
[78.711s][info][gc,heap        ] GC(348) Humongous regions: 0->0
[78.711s][info][gc,metaspace   ] GC(348) Metaspace: 75458K(76352K)->75458K(76352K) NonClass: 59810K(60032K)->59810K(60032K) Class: 15647K(16320K)->15647K(16320K)
[78.711s][info][gc             ] GC(348) Pause Young (Normal) (G1 Evacuation Pause) 715M->39M(1132M) 2.113ms
[78.711s][info][gc,cpu         ] GC(348) User=0.00s Sys=0.00s Real=0.00s
[78.974s][info][gc,start       ] GC(349) Pause Young (Normal) (G1 Evacuation Pause)
[78.974s][info][gc,task        ] GC(349) Using 33 workers of 33 for evacuation
[78.976s][info][gc,phases      ] GC(349)   Pre Evacuate Collection Set: 0.2ms
[78.976s][info][gc,phases      ] GC(349)   Merge Heap Roots: 0.2ms
[78.976s][info][gc,phases      ] GC(349)   Evacuate Collection Set: 0.8ms
[78.976s][info][gc,phases      ] GC(349)   Post Evacuate Collection Set: 0.7ms
[78.976s][info][gc,phases      ] GC(349)   Other: 0.1ms
[78.976s][info][gc,heap        ] GC(349) Eden regions: 338->0(338)
[78.976s][info][gc,heap        ] GC(349) Survivor regions: 1->1(43)
[78.976s][info][gc,heap        ] GC(349) Old regions: 34->34
[78.976s][info][gc,heap        ] GC(349) Archive regions: 0->0
[78.976s][info][gc,heap        ] GC(349) Humongous regions: 0->0
[78.976s][info][gc,metaspace   ] GC(349) Metaspace: 75458K(76352K)->75458K(76352K) NonClass: 59810K(60032K)->59810K(60032K) Class: 15647K(16320K)->15647K(16320K)
[78.976s][info][gc             ] GC(349) Pause Young (Normal) (G1 Evacuation Pause) 715M->39M(1132M) 2.255ms
[78.976s][info][gc,cpu         ] GC(349) User=0.00s Sys=0.00s Real=0.00s
[79.384s][info][gc,start       ] GC(350) Pause Young (Normal) (G1 Evacuation Pause)
[79.384s][info][gc,task        ] GC(350) Using 30 workers of 33 for evacuation
[79.386s][info][gc,phases      ] GC(350)   Pre Evacuate Collection Set: 0.2ms
[79.386s][info][gc,phases      ] GC(350)   Merge Heap Roots: 0.2ms
[79.386s][info][gc,phases      ] GC(350)   Evacuate Collection Set: 0.8ms
[79.386s][info][gc,phases      ] GC(350)   Post Evacuate Collection Set: 0.6ms
[79.386s][info][gc,phases      ] GC(350)   Other: 0.1ms
[79.386s][info][gc,heap        ] GC(350) Eden regions: 338->0(338)
[79.386s][info][gc,heap        ] GC(350) Survivor regions: 1->1(43)
[79.386s][info][gc,heap        ] GC(350) Old regions: 34->34
[79.386s][info][gc,heap        ] GC(350) Archive regions: 0->0
[79.386s][info][gc,heap        ] GC(350) Humongous regions: 0->0
[79.386s][info][gc,metaspace   ] GC(350) Metaspace: 75458K(76352K)->75458K(76352K) NonClass: 59810K(60032K)->59810K(60032K) Class: 15647K(16320K)->15647K(16320K)
[79.386s][info][gc             ] GC(350) Pause Young (Normal) (G1 Evacuation Pause) 715M->39M(1132M) 2.099ms
[79.386s][info][gc,cpu         ] GC(350) User=0.47s Sys=0.00s Real=0.00s
[79.869s][info][gc,start       ] GC(351) Pause Young (Normal) (G1 Evacuation Pause)
[79.870s][info][gc,task        ] GC(351) Using 28 workers of 33 for evacuation
[79.871s][info][gc,phases      ] GC(351)   Pre Evacuate Collection Set: 0.2ms
[79.871s][info][gc,phases      ] GC(351)   Merge Heap Roots: 0.1ms
[79.871s][info][gc,phases      ] GC(351)   Evacuate Collection Set: 0.7ms
[79.871s][info][gc,phases      ] GC(351)   Post Evacuate Collection Set: 0.6ms
[79.871s][info][gc,phases      ] GC(351)   Other: 0.1ms
[79.871s][info][gc,heap        ] GC(351) Eden regions: 338->0(338)
[79.871s][info][gc,heap        ] GC(351) Survivor regions: 1->1(43)
[79.871s][info][gc,heap        ] GC(351) Old regions: 34->34
[79.871s][info][gc,heap        ] GC(351) Archive regions: 0->0
[79.871s][info][gc,heap        ] GC(351) Humongous regions: 0->0
[79.871s][info][gc,metaspace   ] GC(351) Metaspace: 75458K(76352K)->75458K(76352K) NonClass: 59810K(60032K)->59810K(60032K) Class: 15647K(16320K)->15647K(16320K)
[79.871s][info][gc             ] GC(351) Pause Young (Normal) (G1 Evacuation Pause) 715M->39M(1132M) 1.888ms
[79.871s][info][gc,cpu         ] GC(351) User=0.00s Sys=0.00s Real=0.00s
[80.357s][info][gc,start       ] GC(352) Pause Young (Normal) (G1 Evacuation Pause)
[80.357s][info][gc,task        ] GC(352) Using 27 workers of 33 for evacuation
[80.359s][info][gc,phases      ] GC(352)   Pre Evacuate Collection Set: 0.2ms
[80.359s][info][gc,phases      ] GC(352)   Merge Heap Roots: 0.1ms
[80.359s][info][gc,phases      ] GC(352)   Evacuate Collection Set: 0.7ms
[80.359s][info][gc,phases      ] GC(352)   Post Evacuate Collection Set: 0.6ms
[80.359s][info][gc,phases      ] GC(352)   Other: 0.1ms
[80.359s][info][gc,heap        ] GC(352) Eden regions: 338->0(338)
[80.359s][info][gc,heap        ] GC(352) Survivor regions: 1->1(43)
[80.359s][info][gc,heap        ] GC(352) Old regions: 34->34
[80.359s][info][gc,heap        ] GC(352) Archive regions: 0->0
[80.359s][info][gc,heap        ] GC(352) Humongous regions: 0->0
[80.359s][info][gc,metaspace   ] GC(352) Metaspace: 75458K(76352K)->75458K(76352K) NonClass: 59810K(60032K)->59810K(60032K) Class: 15647K(16320K)->15647K(16320K)
[80.359s][info][gc             ] GC(352) Pause Young (Normal) (G1 Evacuation Pause) 715M->39M(1132M) 1.908ms
[80.359s][info][gc,cpu         ] GC(352) User=0.00s Sys=0.00s Real=0.00s
[80.714s][info][gc,start       ] GC(353) Pause Full (System.gc())
[80.714s][info][gc,task        ] GC(353) Using 27 workers of 33 for full compaction
[80.715s][info][gc,phases,start] GC(353) Phase 1: Mark live objects
[80.754s][info][gc,phases      ] GC(353) Phase 1: Mark live objects 38.901ms
[80.754s][info][gc,phases,start] GC(353) Phase 2: Prepare compaction
[80.757s][info][gc,phases      ] GC(353) Phase 2: Prepare compaction 2.353ms
[80.757s][info][gc,phases,start] GC(353) Phase 3: Adjust pointers
[80.765s][info][gc,phases      ] GC(353) Phase 3: Adjust pointers 8.616ms
[80.765s][info][gc,phases,start] GC(353) Phase 4: Compact heap
[80.767s][info][gc,phases      ] GC(353) Phase 4: Compact heap 1.341ms
[80.783s][info][gc,heap        ] GC(353) Eden regions: 228->0(64)
[80.783s][info][gc,heap        ] GC(353) Survivor regions: 1->0(43)
[80.783s][info][gc,heap        ] GC(353) Old regions: 34->32
[80.783s][info][gc,heap        ] GC(353) Archive regions: 0->0
[80.783s][info][gc,heap        ] GC(353) Humongous regions: 0->0
[80.783s][info][gc,metaspace   ] GC(353) Metaspace: 75458K(76352K)->75458K(76352K) NonClass: 59811K(60032K)->59811K(60032K) Class: 15647K(16320K)->15647K(16320K)
[80.783s][info][gc             ] GC(353) Pause Full (System.gc()) 493M->35M(214M) 69.182ms
[80.783s][info][gc,cpu         ] GC(353) User=0.88s Sys=0.02s Real=0.07s
[80.847s][info][gc,start       ] GC(354) Pause Young (Normal) (G1 Evacuation Pause)
[80.847s][info][gc,task        ] GC(354) Using 33 workers of 33 for evacuation
[80.849s][info][gc,phases      ] GC(354)   Pre Evacuate Collection Set: 0.2ms
[80.849s][info][gc,phases      ] GC(354)   Merge Heap Roots: 0.2ms
[80.849s][info][gc,phases      ] GC(354)   Evacuate Collection Set: 1.3ms
[80.849s][info][gc,phases      ] GC(354)   Post Evacuate Collection Set: 0.6ms
[80.849s][info][gc,phases      ] GC(354)   Other: 0.1ms
[80.849s][info][gc,heap        ] GC(354) Eden regions: 64->0(62)
[80.849s][info][gc,heap        ] GC(354) Survivor regions: 0->2(8)
[80.849s][info][gc,heap        ] GC(354) Old regions: 32->32
[80.849s][info][gc,heap        ] GC(354) Archive regions: 0->0
[80.849s][info][gc,heap        ] GC(354) Humongous regions: 0->0
[80.849s][info][gc,metaspace   ] GC(354) Metaspace: 75547K(76416K)->75547K(76416K) NonClass: 59900K(60096K)->59900K(60096K) Class: 15647K(16320K)->15647K(16320K)
[80.849s][info][gc             ] GC(354) Pause Young (Normal) (G1 Evacuation Pause) 163M->39M(214M) 2.638ms
[80.849s][info][gc,cpu         ] GC(354) User=0.00s Sys=0.00s Real=0.00s
[80.888s][info][gc,start       ] GC(355) Pause Young (Normal) (G1 Evacuation Pause)
[80.889s][info][gc,task        ] GC(355) Using 33 workers of 33 for evacuation
[80.891s][info][gc,phases      ] GC(355)   Pre Evacuate Collection Set: 0.2ms
[80.891s][info][gc,phases      ] GC(355)   Merge Heap Roots: 0.2ms
[80.891s][info][gc,phases      ] GC(355)   Evacuate Collection Set: 1.2ms
[80.891s][info][gc,phases      ] GC(355)   Post Evacuate Collection Set: 0.6ms
[80.891s][info][gc,phases      ] GC(355)   Other: 0.1ms
[80.891s][info][gc,heap        ] GC(355) Eden regions: 62->0(62)
[80.891s][info][gc,heap        ] GC(355) Survivor regions: 2->2(8)
[80.891s][info][gc,heap        ] GC(355) Old regions: 32->32
[80.891s][info][gc,heap        ] GC(355) Archive regions: 0->0
[80.891s][info][gc,heap        ] GC(355) Humongous regions: 0->0
[80.891s][info][gc,metaspace   ] GC(355) Metaspace: 75547K(76416K)->75547K(76416K) NonClass: 59900K(60096K)->59900K(60096K) Class: 15647K(16320K)->15647K(16320K)
[80.891s][info][gc             ] GC(355) Pause Young (Normal) (G1 Evacuation Pause) 163M->39M(214M) 2.468ms
[80.891s][info][gc,cpu         ] GC(355) User=0.00s Sys=0.00s Real=0.00s
[80.925s][info][gc,start       ] GC(356) Pause Young (Normal) (G1 Evacuation Pause)
[80.925s][info][gc,task        ] GC(356) Using 33 workers of 33 for evacuation
[80.928s][info][gc,phases      ] GC(356)   Pre Evacuate Collection Set: 0.2ms
[80.928s][info][gc,phases      ] GC(356)   Merge Heap Roots: 0.2ms
[80.928s][info][gc,phases      ] GC(356)   Evacuate Collection Set: 1.2ms
[80.928s][info][gc,phases      ] GC(356)   Post Evacuate Collection Set: 0.7ms
[80.928s][info][gc,phases      ] GC(356)   Other: 0.1ms
[80.928s][info][gc,heap        ] GC(356) Eden regions: 62->0(62)
[80.928s][info][gc,heap        ] GC(356) Survivor regions: 2->2(8)
[80.928s][info][gc,heap        ] GC(356) Old regions: 32->32
[80.928s][info][gc,heap        ] GC(356) Archive regions: 0->0
[80.928s][info][gc,heap        ] GC(356) Humongous regions: 0->0
[80.928s][info][gc,metaspace   ] GC(356) Metaspace: 75547K(76416K)->75547K(76416K) NonClass: 59900K(60096K)->59900K(60096K) Class: 15647K(16320K)->15647K(16320K)
[80.928s][info][gc             ] GC(356) Pause Young (Normal) (G1 Evacuation Pause) 163M->39M(214M) 2.577ms
[80.928s][info][gc,cpu         ] GC(356) User=0.00s Sys=0.00s Real=0.00s
[80.961s][info][gc,start       ] GC(357) Pause Young (Normal) (G1 Evacuation Pause)
[80.961s][info][gc,task        ] GC(357) Using 33 workers of 33 for evacuation
[80.967s][info][gc,phases      ] GC(357)   Pre Evacuate Collection Set: 0.2ms
[80.967s][info][gc,phases      ] GC(357)   Merge Heap Roots: 0.2ms
[80.967s][info][gc,phases      ] GC(357)   Evacuate Collection Set: 1.2ms
[80.967s][info][gc,phases      ] GC(357)   Post Evacuate Collection Set: 3.6ms
[80.967s][info][gc,phases      ] GC(357)   Other: 0.1ms
[80.967s][info][gc,heap        ] GC(357) Eden regions: 62->0(337)
[80.967s][info][gc,heap        ] GC(357) Survivor regions: 2->2(8)
[80.967s][info][gc,heap        ] GC(357) Old regions: 32->32
[80.967s][info][gc,heap        ] GC(357) Archive regions: 0->0
[80.967s][info][gc,heap        ] GC(357) Humongous regions: 0->0
[80.967s][info][gc,metaspace   ] GC(357) Metaspace: 75547K(76416K)->75547K(76416K) NonClass: 59900K(60096K)->59900K(60096K) Class: 15647K(16320K)->15647K(16320K)
[80.967s][info][gc             ] GC(357) Pause Young (Normal) (G1 Evacuation Pause) 163M->39M(1132M) 5.592ms
[80.967s][info][gc,cpu         ] GC(357) User=0.52s Sys=0.00s Real=0.01s
[81.224s][info][gc,start       ] GC(358) Pause Young (Normal) (G1 Evacuation Pause)
[81.224s][info][gc,task        ] GC(358) Using 33 workers of 33 for evacuation
[81.228s][info][gc,phases      ] GC(358)   Pre Evacuate Collection Set: 0.2ms
[81.228s][info][gc,phases      ] GC(358)   Merge Heap Roots: 0.2ms
[81.228s][info][gc,phases      ] GC(358)   Evacuate Collection Set: 3.0ms
[81.228s][info][gc,phases      ] GC(358)   Post Evacuate Collection Set: 0.8ms
[81.228s][info][gc,phases      ] GC(358)   Other: 0.1ms
[81.228s][info][gc,heap        ] GC(358) Eden regions: 337->0(337)
[81.228s][info][gc,heap        ] GC(358) Survivor regions: 2->2(43)
[81.228s][info][gc,heap        ] GC(358) Old regions: 32->32
[81.228s][info][gc,heap        ] GC(358) Archive regions: 0->0
[81.228s][info][gc,heap        ] GC(358) Humongous regions: 0->0
[81.228s][info][gc,metaspace   ] GC(358) Metaspace: 75547K(76416K)->75547K(76416K) NonClass: 59900K(60096K)->59900K(60096K) Class: 15647K(16320K)->15647K(16320K)
[81.228s][info][gc             ] GC(358) Pause Young (Normal) (G1 Evacuation Pause) 713M->39M(1132M) 4.545ms
[81.228s][info][gc,cpu         ] GC(358) User=0.03s Sys=0.00s Real=0.00s
[81.405s][info][gc,start       ] GC(359) Pause Young (Normal) (G1 Evacuation Pause)
[81.405s][info][gc,task        ] GC(359) Using 33 workers of 33 for evacuation
[81.409s][info][gc,phases      ] GC(359)   Pre Evacuate Collection Set: 0.3ms
[81.409s][info][gc,phases      ] GC(359)   Merge Heap Roots: 0.2ms
[81.409s][info][gc,phases      ] GC(359)   Evacuate Collection Set: 2.3ms
[81.409s][info][gc,phases      ] GC(359)   Post Evacuate Collection Set: 0.8ms
[81.409s][info][gc,phases      ] GC(359)   Other: 0.1ms
[81.409s][info][gc,heap        ] GC(359) Eden regions: 337->0(337)
[81.409s][info][gc,heap        ] GC(359) Survivor regions: 2->2(43)
[81.409s][info][gc,heap        ] GC(359) Old regions: 32->32
[81.409s][info][gc,heap        ] GC(359) Archive regions: 0->0
[81.409s][info][gc,heap        ] GC(359) Humongous regions: 0->0
[81.409s][info][gc,metaspace   ] GC(359) Metaspace: 75547K(76416K)->75547K(76416K) NonClass: 59900K(60096K)->59900K(60096K) Class: 15647K(16320K)->15647K(16320K)
[81.409s][info][gc             ] GC(359) Pause Young (Normal) (G1 Evacuation Pause) 713M->39M(1132M) 3.871ms
[81.409s][info][gc,cpu         ] GC(359) User=0.00s Sys=0.00s Real=0.00s
[81.587s][info][gc,start       ] GC(360) Pause Young (Normal) (G1 Evacuation Pause)
[81.587s][info][gc,task        ] GC(360) Using 33 workers of 33 for evacuation
[81.590s][info][gc,phases      ] GC(360)   Pre Evacuate Collection Set: 0.2ms
[81.590s][info][gc,phases      ] GC(360)   Merge Heap Roots: 0.2ms
[81.590s][info][gc,phases      ] GC(360)   Evacuate Collection Set: 1.2ms
[81.590s][info][gc,phases      ] GC(360)   Post Evacuate Collection Set: 0.8ms
[81.590s][info][gc,phases      ] GC(360)   Other: 0.1ms
[81.590s][info][gc,heap        ] GC(360) Eden regions: 337->0(337)
[81.590s][info][gc,heap        ] GC(360) Survivor regions: 2->2(43)
[81.590s][info][gc,heap        ] GC(360) Old regions: 32->32
[81.590s][info][gc,heap        ] GC(360) Archive regions: 0->0
[81.590s][info][gc,heap        ] GC(360) Humongous regions: 0->0
[81.590s][info][gc,metaspace   ] GC(360) Metaspace: 75547K(76416K)->75547K(76416K) NonClass: 59900K(60096K)->59900K(60096K) Class: 15647K(16320K)->15647K(16320K)
[81.590s][info][gc             ] GC(360) Pause Young (Normal) (G1 Evacuation Pause) 713M->39M(1132M) 2.752ms
[81.590s][info][gc,cpu         ] GC(360) User=0.02s Sys=0.00s Real=0.00s
[81.766s][info][gc,start       ] GC(361) Pause Young (Normal) (G1 Evacuation Pause)
[81.766s][info][gc,task        ] GC(361) Using 33 workers of 33 for evacuation
[81.769s][info][gc,phases      ] GC(361)   Pre Evacuate Collection Set: 0.2ms
[81.769s][info][gc,phases      ] GC(361)   Merge Heap Roots: 0.2ms
[81.769s][info][gc,phases      ] GC(361)   Evacuate Collection Set: 1.2ms
[81.769s][info][gc,phases      ] GC(361)   Post Evacuate Collection Set: 0.8ms
[81.769s][info][gc,phases      ] GC(361)   Other: 0.1ms
[81.769s][info][gc,heap        ] GC(361) Eden regions: 337->0(337)
[81.769s][info][gc,heap        ] GC(361) Survivor regions: 2->2(43)
[81.769s][info][gc,heap        ] GC(361) Old regions: 32->32
[81.769s][info][gc,heap        ] GC(361) Archive regions: 0->0
[81.769s][info][gc,heap        ] GC(361) Humongous regions: 0->0
[81.769s][info][gc,metaspace   ] GC(361) Metaspace: 75547K(76416K)->75547K(76416K) NonClass: 59900K(60096K)->59900K(60096K) Class: 15647K(16320K)->15647K(16320K)
[81.769s][info][gc             ] GC(361) Pause Young (Normal) (G1 Evacuation Pause) 713M->39M(1132M) 2.807ms
[81.769s][info][gc,cpu         ] GC(361) User=0.00s Sys=0.00s Real=0.00s
[81.946s][info][gc,start       ] GC(362) Pause Young (Normal) (G1 Evacuation Pause)
[81.946s][info][gc,task        ] GC(362) Using 33 workers of 33 for evacuation
[81.948s][info][gc,phases      ] GC(362)   Pre Evacuate Collection Set: 0.2ms
[81.948s][info][gc,phases      ] GC(362)   Merge Heap Roots: 0.2ms
[81.948s][info][gc,phases      ] GC(362)   Evacuate Collection Set: 1.2ms
[81.948s][info][gc,phases      ] GC(362)   Post Evacuate Collection Set: 0.7ms
[81.948s][info][gc,phases      ] GC(362)   Other: 0.1ms
[81.948s][info][gc,heap        ] GC(362) Eden regions: 337->0(337)
[81.948s][info][gc,heap        ] GC(362) Survivor regions: 2->2(43)
[81.948s][info][gc,heap        ] GC(362) Old regions: 32->32
[81.948s][info][gc,heap        ] GC(362) Archive regions: 0->0
[81.948s][info][gc,heap        ] GC(362) Humongous regions: 0->0
[81.948s][info][gc,metaspace   ] GC(362) Metaspace: 75547K(76416K)->75547K(76416K) NonClass: 59900K(60096K)->59900K(60096K) Class: 15647K(16320K)->15647K(16320K)
[81.948s][info][gc             ] GC(362) Pause Young (Normal) (G1 Evacuation Pause) 713M->39M(1132M) 2.672ms
[81.948s][info][gc,cpu         ] GC(362) User=0.52s Sys=0.00s Real=0.00s
[82.125s][info][gc,start       ] GC(363) Pause Young (Normal) (G1 Evacuation Pause)
[82.125s][info][gc,task        ] GC(363) Using 33 workers of 33 for evacuation
[82.128s][info][gc,phases      ] GC(363)   Pre Evacuate Collection Set: 0.2ms
[82.128s][info][gc,phases      ] GC(363)   Merge Heap Roots: 0.2ms
[82.128s][info][gc,phases      ] GC(363)   Evacuate Collection Set: 1.3ms
[82.128s][info][gc,phases      ] GC(363)   Post Evacuate Collection Set: 0.8ms
[82.128s][info][gc,phases      ] GC(363)   Other: 0.1ms
[82.128s][info][gc,heap        ] GC(363) Eden regions: 337->0(337)
[82.128s][info][gc,heap        ] GC(363) Survivor regions: 2->2(43)
[82.128s][info][gc,heap        ] GC(363) Old regions: 32->32
[82.128s][info][gc,heap        ] GC(363) Archive regions: 0->0
[82.128s][info][gc,heap        ] GC(363) Humongous regions: 0->0
[82.128s][info][gc,metaspace   ] GC(363) Metaspace: 75547K(76416K)->75547K(76416K) NonClass: 59900K(60096K)->59900K(60096K) Class: 15647K(16320K)->15647K(16320K)
[82.128s][info][gc             ] GC(363) Pause Young (Normal) (G1 Evacuation Pause) 713M->39M(1132M) 2.889ms
[82.128s][info][gc,cpu         ] GC(363) User=0.00s Sys=0.00s Real=0.00s
[82.307s][info][gc,start       ] GC(364) Pause Young (Normal) (G1 Evacuation Pause)
[82.307s][info][gc,task        ] GC(364) Using 33 workers of 33 for evacuation
[82.309s][info][gc,phases      ] GC(364)   Pre Evacuate Collection Set: 0.2ms
[82.309s][info][gc,phases      ] GC(364)   Merge Heap Roots: 0.2ms
[82.309s][info][gc,phases      ] GC(364)   Evacuate Collection Set: 1.1ms
[82.309s][info][gc,phases      ] GC(364)   Post Evacuate Collection Set: 0.8ms
[82.309s][info][gc,phases      ] GC(364)   Other: 0.1ms
[82.309s][info][gc,heap        ] GC(364) Eden regions: 337->0(337)
[82.309s][info][gc,heap        ] GC(364) Survivor regions: 2->2(43)
[82.309s][info][gc,heap        ] GC(364) Old regions: 32->32
[82.309s][info][gc,heap        ] GC(364) Archive regions: 0->0
[82.309s][info][gc,heap        ] GC(364) Humongous regions: 0->0
[82.309s][info][gc,metaspace   ] GC(364) Metaspace: 75547K(76416K)->75547K(76416K) NonClass: 59900K(60096K)->59900K(60096K) Class: 15647K(16320K)->15647K(16320K)
[82.309s][info][gc             ] GC(364) Pause Young (Normal) (G1 Evacuation Pause) 713M->39M(1132M) 2.693ms
[82.309s][info][gc,cpu         ] GC(364) User=0.00s Sys=0.00s Real=0.00s
[82.486s][info][gc,start       ] GC(365) Pause Young (Normal) (G1 Evacuation Pause)
[82.486s][info][gc,task        ] GC(365) Using 33 workers of 33 for evacuation
[82.488s][info][gc,phases      ] GC(365)   Pre Evacuate Collection Set: 0.2ms
[82.488s][info][gc,phases      ] GC(365)   Merge Heap Roots: 0.2ms
[82.488s][info][gc,phases      ] GC(365)   Evacuate Collection Set: 1.3ms
[82.488s][info][gc,phases      ] GC(365)   Post Evacuate Collection Set: 0.8ms
[82.488s][info][gc,phases      ] GC(365)   Other: 0.1ms
[82.488s][info][gc,heap        ] GC(365) Eden regions: 337->0(337)
[82.488s][info][gc,heap        ] GC(365) Survivor regions: 2->2(43)
[82.488s][info][gc,heap        ] GC(365) Old regions: 32->32
[82.488s][info][gc,heap        ] GC(365) Archive regions: 0->0
[82.488s][info][gc,heap        ] GC(365) Humongous regions: 0->0
[82.488s][info][gc,metaspace   ] GC(365) Metaspace: 75547K(76416K)->75547K(76416K) NonClass: 59900K(60096K)->59900K(60096K) Class: 15647K(16320K)->15647K(16320K)
[82.489s][info][gc             ] GC(365) Pause Young (Normal) (G1 Evacuation Pause) 713M->39M(1132M) 2.744ms
[82.489s][info][gc,cpu         ] GC(365) User=0.00s Sys=0.00s Real=0.00s
[82.665s][info][gc,start       ] GC(366) Pause Young (Normal) (G1 Evacuation Pause)
[82.665s][info][gc,task        ] GC(366) Using 33 workers of 33 for evacuation
[82.667s][info][gc,phases      ] GC(366)   Pre Evacuate Collection Set: 0.2ms
[82.667s][info][gc,phases      ] GC(366)   Merge Heap Roots: 0.2ms
[82.667s][info][gc,phases      ] GC(366)   Evacuate Collection Set: 1.3ms
[82.667s][info][gc,phases      ] GC(366)   Post Evacuate Collection Set: 0.8ms
[82.667s][info][gc,phases      ] GC(366)   Other: 0.1ms
[82.667s][info][gc,heap        ] GC(366) Eden regions: 337->0(337)
[82.667s][info][gc,heap        ] GC(366) Survivor regions: 2->2(43)
[82.667s][info][gc,heap        ] GC(366) Old regions: 32->32
[82.667s][info][gc,heap        ] GC(366) Archive regions: 0->0
[82.667s][info][gc,heap        ] GC(366) Humongous regions: 0->0
[82.667s][info][gc,metaspace   ] GC(366) Metaspace: 75547K(76416K)->75547K(76416K) NonClass: 59900K(60096K)->59900K(60096K) Class: 15647K(16320K)->15647K(16320K)
[82.667s][info][gc             ] GC(366) Pause Young (Normal) (G1 Evacuation Pause) 713M->39M(1132M) 2.794ms
[82.667s][info][gc,cpu         ] GC(366) User=0.52s Sys=0.00s Real=0.00s
[82.848s][info][gc,start       ] GC(367) Pause Young (Normal) (G1 Evacuation Pause)
[82.848s][info][gc,task        ] GC(367) Using 33 workers of 33 for evacuation
[82.851s][info][gc,phases      ] GC(367)   Pre Evacuate Collection Set: 0.2ms
[82.851s][info][gc,phases      ] GC(367)   Merge Heap Roots: 0.2ms
[82.851s][info][gc,phases      ] GC(367)   Evacuate Collection Set: 1.2ms
[82.851s][info][gc,phases      ] GC(367)   Post Evacuate Collection Set: 0.8ms
[82.851s][info][gc,phases      ] GC(367)   Other: 0.1ms
[82.851s][info][gc,heap        ] GC(367) Eden regions: 337->0(337)
[82.851s][info][gc,heap        ] GC(367) Survivor regions: 2->2(43)
[82.851s][info][gc,heap        ] GC(367) Old regions: 32->32
[82.851s][info][gc,heap        ] GC(367) Archive regions: 0->0
[82.851s][info][gc,heap        ] GC(367) Humongous regions: 0->0
[82.851s][info][gc,metaspace   ] GC(367) Metaspace: 75547K(76416K)->75547K(76416K) NonClass: 59900K(60096K)->59900K(60096K) Class: 15647K(16320K)->15647K(16320K)
[82.851s][info][gc             ] GC(367) Pause Young (Normal) (G1 Evacuation Pause) 713M->39M(1132M) 2.738ms
[82.851s][info][gc,cpu         ] GC(367) User=0.00s Sys=0.00s Real=0.00s
[83.025s][info][gc,start       ] GC(368) Pause Young (Normal) (G1 Evacuation Pause)
[83.025s][info][gc,task        ] GC(368) Using 33 workers of 33 for evacuation
[83.028s][info][gc,phases      ] GC(368)   Pre Evacuate Collection Set: 0.2ms
[83.028s][info][gc,phases      ] GC(368)   Merge Heap Roots: 0.2ms
[83.028s][info][gc,phases      ] GC(368)   Evacuate Collection Set: 1.2ms
[83.028s][info][gc,phases      ] GC(368)   Post Evacuate Collection Set: 0.7ms
[83.028s][info][gc,phases      ] GC(368)   Other: 0.1ms
[83.028s][info][gc,heap        ] GC(368) Eden regions: 337->0(337)
[83.028s][info][gc,heap        ] GC(368) Survivor regions: 2->2(43)
[83.028s][info][gc,heap        ] GC(368) Old regions: 32->32
[83.028s][info][gc,heap        ] GC(368) Archive regions: 0->0
[83.028s][info][gc,heap        ] GC(368) Humongous regions: 0->0
[83.028s][info][gc,metaspace   ] GC(368) Metaspace: 75547K(76416K)->75547K(76416K) NonClass: 59900K(60096K)->59900K(60096K) Class: 15647K(16320K)->15647K(16320K)
[83.028s][info][gc             ] GC(368) Pause Young (Normal) (G1 Evacuation Pause) 713M->39M(1132M) 2.769ms
[83.028s][info][gc,cpu         ] GC(368) User=0.00s Sys=0.00s Real=0.00s
[83.202s][info][gc,start       ] GC(369) Pause Young (Normal) (G1 Evacuation Pause)
[83.202s][info][gc,task        ] GC(369) Using 33 workers of 33 for evacuation
[83.205s][info][gc,phases      ] GC(369)   Pre Evacuate Collection Set: 0.2ms
[83.205s][info][gc,phases      ] GC(369)   Merge Heap Roots: 0.2ms
[83.205s][info][gc,phases      ] GC(369)   Evacuate Collection Set: 1.2ms
[83.205s][info][gc,phases      ] GC(369)   Post Evacuate Collection Set: 0.6ms
[83.205s][info][gc,phases      ] GC(369)   Other: 0.1ms
[83.205s][info][gc,heap        ] GC(369) Eden regions: 337->0(338)
[83.205s][info][gc,heap        ] GC(369) Survivor regions: 2->1(43)
[83.205s][info][gc,heap        ] GC(369) Old regions: 32->34
[83.205s][info][gc,heap        ] GC(369) Archive regions: 0->0
[83.205s][info][gc,heap        ] GC(369) Humongous regions: 0->0
[83.205s][info][gc,metaspace   ] GC(369) Metaspace: 75547K(76416K)->75547K(76416K) NonClass: 59900K(60096K)->59900K(60096K) Class: 15647K(16320K)->15647K(16320K)
[83.205s][info][gc             ] GC(369) Pause Young (Normal) (G1 Evacuation Pause) 713M->39M(1132M) 2.591ms
[83.205s][info][gc,cpu         ] GC(369) User=0.00s Sys=0.00s Real=0.00s
[83.383s][info][gc,start       ] GC(370) Pause Young (Normal) (G1 Evacuation Pause)
[83.383s][info][gc,task        ] GC(370) Using 33 workers of 33 for evacuation
[83.385s][info][gc,phases      ] GC(370)   Pre Evacuate Collection Set: 0.2ms
[83.385s][info][gc,phases      ] GC(370)   Merge Heap Roots: 0.2ms
[83.385s][info][gc,phases      ] GC(370)   Evacuate Collection Set: 0.9ms
[83.385s][info][gc,phases      ] GC(370)   Post Evacuate Collection Set: 0.6ms
[83.385s][info][gc,phases      ] GC(370)   Other: 0.1ms
[83.386s][info][gc,heap        ] GC(370) Eden regions: 338->0(338)
[83.386s][info][gc,heap        ] GC(370) Survivor regions: 1->1(43)
[83.386s][info][gc,heap        ] GC(370) Old regions: 34->34
[83.386s][info][gc,heap        ] GC(370) Archive regions: 0->0
[83.386s][info][gc,heap        ] GC(370) Humongous regions: 0->0
[83.386s][info][gc,metaspace   ] GC(370) Metaspace: 75548K(76416K)->75548K(76416K) NonClass: 59901K(60096K)->59901K(60096K) Class: 15647K(16320K)->15647K(16320K)
[83.386s][info][gc             ] GC(370) Pause Young (Normal) (G1 Evacuation Pause) 715M->39M(1132M) 2.244ms
[83.386s][info][gc,cpu         ] GC(370) User=0.02s Sys=0.00s Real=0.00s
[83.561s][info][gc,start       ] GC(371) Pause Young (Normal) (G1 Evacuation Pause)
[83.562s][info][gc,task        ] GC(371) Using 33 workers of 33 for evacuation
[83.564s][info][gc,phases      ] GC(371)   Pre Evacuate Collection Set: 0.3ms
[83.564s][info][gc,phases      ] GC(371)   Merge Heap Roots: 0.2ms
[83.564s][info][gc,phases      ] GC(371)   Evacuate Collection Set: 0.9ms
[83.564s][info][gc,phases      ] GC(371)   Post Evacuate Collection Set: 0.6ms
[83.564s][info][gc,phases      ] GC(371)   Other: 0.1ms
[83.564s][info][gc,heap        ] GC(371) Eden regions: 338->0(338)
[83.564s][info][gc,heap        ] GC(371) Survivor regions: 1->1(43)
[83.564s][info][gc,heap        ] GC(371) Old regions: 34->34
[83.564s][info][gc,heap        ] GC(371) Archive regions: 0->0
[83.564s][info][gc,heap        ] GC(371) Humongous regions: 0->0
[83.564s][info][gc,metaspace   ] GC(371) Metaspace: 75548K(76416K)->75548K(76416K) NonClass: 59901K(60096K)->59901K(60096K) Class: 15647K(16320K)->15647K(16320K)
[83.564s][info][gc             ] GC(371) Pause Young (Normal) (G1 Evacuation Pause) 715M->39M(1132M) 2.227ms
[83.564s][info][gc,cpu         ] GC(371) User=0.00s Sys=0.00s Real=0.00s
[83.740s][info][gc,start       ] GC(372) Pause Young (Normal) (G1 Evacuation Pause)
[83.740s][info][gc,task        ] GC(372) Using 33 workers of 33 for evacuation
[83.742s][info][gc,phases      ] GC(372)   Pre Evacuate Collection Set: 0.2ms
[83.742s][info][gc,phases      ] GC(372)   Merge Heap Roots: 0.2ms
[83.742s][info][gc,phases      ] GC(372)   Evacuate Collection Set: 0.9ms
[83.742s][info][gc,phases      ] GC(372)   Post Evacuate Collection Set: 0.6ms
[83.742s][info][gc,phases      ] GC(372)   Other: 0.1ms
[83.742s][info][gc,heap        ] GC(372) Eden regions: 338->0(338)
[83.742s][info][gc,heap        ] GC(372) Survivor regions: 1->1(43)
[83.742s][info][gc,heap        ] GC(372) Old regions: 34->34
[83.742s][info][gc,heap        ] GC(372) Archive regions: 0->0
[83.742s][info][gc,heap        ] GC(372) Humongous regions: 0->0
[83.742s][info][gc,metaspace   ] GC(372) Metaspace: 75548K(76416K)->75548K(76416K) NonClass: 59901K(60096K)->59901K(60096K) Class: 15647K(16320K)->15647K(16320K)
[83.742s][info][gc             ] GC(372) Pause Young (Normal) (G1 Evacuation Pause) 715M->39M(1132M) 2.229ms
[83.742s][info][gc,cpu         ] GC(372) User=0.00s Sys=0.00s Real=0.00s
[83.919s][info][gc,start       ] GC(373) Pause Young (Normal) (G1 Evacuation Pause)
[83.919s][info][gc,task        ] GC(373) Using 33 workers of 33 for evacuation
[83.921s][info][gc,phases      ] GC(373)   Pre Evacuate Collection Set: 0.2ms
[83.921s][info][gc,phases      ] GC(373)   Merge Heap Roots: 0.2ms
[83.921s][info][gc,phases      ] GC(373)   Evacuate Collection Set: 0.9ms
[83.921s][info][gc,phases      ] GC(373)   Post Evacuate Collection Set: 0.6ms
[83.921s][info][gc,phases      ] GC(373)   Other: 0.1ms
[83.921s][info][gc,heap        ] GC(373) Eden regions: 338->0(338)
[83.921s][info][gc,heap        ] GC(373) Survivor regions: 1->1(43)
[83.921s][info][gc,heap        ] GC(373) Old regions: 34->34
[83.921s][info][gc,heap        ] GC(373) Archive regions: 0->0
[83.921s][info][gc,heap        ] GC(373) Humongous regions: 0->0
[83.921s][info][gc,metaspace   ] GC(373) Metaspace: 75548K(76416K)->75548K(76416K) NonClass: 59901K(60096K)->59901K(60096K) Class: 15647K(16320K)->15647K(16320K)
[83.921s][info][gc             ] GC(373) Pause Young (Normal) (G1 Evacuation Pause) 715M->39M(1132M) 2.189ms
[83.921s][info][gc,cpu         ] GC(373) User=0.00s Sys=0.00s Real=0.00s
[84.096s][info][gc,start       ] GC(374) Pause Young (Normal) (G1 Evacuation Pause)
[84.096s][info][gc,task        ] GC(374) Using 33 workers of 33 for evacuation
[84.098s][info][gc,phases      ] GC(374)   Pre Evacuate Collection Set: 0.2ms
[84.098s][info][gc,phases      ] GC(374)   Merge Heap Roots: 0.2ms
[84.098s][info][gc,phases      ] GC(374)   Evacuate Collection Set: 0.8ms
[84.098s][info][gc,phases      ] GC(374)   Post Evacuate Collection Set: 0.5ms
[84.098s][info][gc,phases      ] GC(374)   Other: 0.1ms
[84.098s][info][gc,heap        ] GC(374) Eden regions: 338->0(338)
[84.098s][info][gc,heap        ] GC(374) Survivor regions: 1->1(43)
[84.098s][info][gc,heap        ] GC(374) Old regions: 34->34
[84.098s][info][gc,heap        ] GC(374) Archive regions: 0->0
[84.098s][info][gc,heap        ] GC(374) Humongous regions: 0->0
[84.098s][info][gc,metaspace   ] GC(374) Metaspace: 75548K(76416K)->75548K(76416K) NonClass: 59901K(60096K)->59901K(60096K) Class: 15647K(16320K)->15647K(16320K)
[84.098s][info][gc             ] GC(374) Pause Young (Normal) (G1 Evacuation Pause) 715M->39M(1132M) 2.146ms
[84.098s][info][gc,cpu         ] GC(374) User=0.00s Sys=0.00s Real=0.00s
[84.273s][info][gc,start       ] GC(375) Pause Young (Normal) (G1 Evacuation Pause)
[84.302s][info][gc,task        ] GC(375) Using 33 workers of 33 for evacuation
[84.305s][info][gc,phases      ] GC(375)   Pre Evacuate Collection Set: 0.3ms
[84.305s][info][gc,phases      ] GC(375)   Merge Heap Roots: 0.3ms
[84.305s][info][gc,phases      ] GC(375)   Evacuate Collection Set: 1.3ms
[84.305s][info][gc,phases      ] GC(375)   Post Evacuate Collection Set: 0.7ms
[84.305s][info][gc,phases      ] GC(375)   Other: 0.2ms
[84.305s][info][gc,heap        ] GC(375) Eden regions: 338->0(338)
[84.305s][info][gc,heap        ] GC(375) Survivor regions: 1->1(43)
[84.305s][info][gc,heap        ] GC(375) Old regions: 34->34
[84.305s][info][gc,heap        ] GC(375) Archive regions: 0->0
[84.305s][info][gc,heap        ] GC(375) Humongous regions: 0->0
[84.305s][info][gc,metaspace   ] GC(375) Metaspace: 75548K(76416K)->75548K(76416K) NonClass: 59901K(60096K)->59901K(60096K) Class: 15647K(16320K)->15647K(16320K)
[84.306s][info][gc             ] GC(375) Pause Young (Normal) (G1 Evacuation Pause) 715M->39M(1132M) 32.713ms
[84.306s][info][gc,cpu         ] GC(375) User=0.00s Sys=0.00s Real=0.03s
[84.489s][info][gc,start       ] GC(376) Pause Young (Normal) (G1 Evacuation Pause)
[84.490s][info][gc,task        ] GC(376) Using 33 workers of 33 for evacuation
[84.492s][info][gc,phases      ] GC(376)   Pre Evacuate Collection Set: 0.2ms
[84.492s][info][gc,phases      ] GC(376)   Merge Heap Roots: 0.2ms
[84.492s][info][gc,phases      ] GC(376)   Evacuate Collection Set: 1.0ms
[84.492s][info][gc,phases      ] GC(376)   Post Evacuate Collection Set: 0.5ms
[84.492s][info][gc,phases      ] GC(376)   Other: 0.1ms
[84.492s][info][gc,heap        ] GC(376) Eden regions: 338->0(338)
[84.492s][info][gc,heap        ] GC(376) Survivor regions: 1->1(43)
[84.492s][info][gc,heap        ] GC(376) Old regions: 34->34
[84.492s][info][gc,heap        ] GC(376) Archive regions: 0->0
[84.492s][info][gc,heap        ] GC(376) Humongous regions: 0->0
[84.492s][info][gc,metaspace   ] GC(376) Metaspace: 75548K(76416K)->75548K(76416K) NonClass: 59901K(60096K)->59901K(60096K) Class: 15647K(16320K)->15647K(16320K)
[84.492s][info][gc             ] GC(376) Pause Young (Normal) (G1 Evacuation Pause) 715M->39M(1132M) 2.283ms
[84.492s][info][gc,cpu         ] GC(376) User=0.00s Sys=0.00s Real=0.00s
[84.666s][info][gc,start       ] GC(377) Pause Young (Normal) (G1 Evacuation Pause)
[84.666s][info][gc,task        ] GC(377) Using 33 workers of 33 for evacuation
[84.668s][info][gc,phases      ] GC(377)   Pre Evacuate Collection Set: 0.2ms
[84.668s][info][gc,phases      ] GC(377)   Merge Heap Roots: 0.2ms
[84.668s][info][gc,phases      ] GC(377)   Evacuate Collection Set: 0.9ms
[84.668s][info][gc,phases      ] GC(377)   Post Evacuate Collection Set: 0.6ms
[84.668s][info][gc,phases      ] GC(377)   Other: 0.1ms
[84.669s][info][gc,heap        ] GC(377) Eden regions: 338->0(338)
[84.669s][info][gc,heap        ] GC(377) Survivor regions: 1->1(43)
[84.669s][info][gc,heap        ] GC(377) Old regions: 34->34
[84.669s][info][gc,heap        ] GC(377) Archive regions: 0->0
[84.669s][info][gc,heap        ] GC(377) Humongous regions: 0->0
[84.669s][info][gc,metaspace   ] GC(377) Metaspace: 75548K(76416K)->75548K(76416K) NonClass: 59901K(60096K)->59901K(60096K) Class: 15647K(16320K)->15647K(16320K)
[84.669s][info][gc             ] GC(377) Pause Young (Normal) (G1 Evacuation Pause) 715M->39M(1132M) 2.251ms
[84.669s][info][gc,cpu         ] GC(377) User=0.00s Sys=0.00s Real=0.00s
[84.844s][info][gc,start       ] GC(378) Pause Young (Normal) (G1 Evacuation Pause)
[84.844s][info][gc,task        ] GC(378) Using 33 workers of 33 for evacuation
[84.846s][info][gc,phases      ] GC(378)   Pre Evacuate Collection Set: 0.2ms
[84.846s][info][gc,phases      ] GC(378)   Merge Heap Roots: 0.2ms
[84.846s][info][gc,phases      ] GC(378)   Evacuate Collection Set: 0.9ms
[84.846s][info][gc,phases      ] GC(378)   Post Evacuate Collection Set: 0.6ms
[84.846s][info][gc,phases      ] GC(378)   Other: 0.1ms
[84.846s][info][gc,heap        ] GC(378) Eden regions: 338->0(338)
[84.846s][info][gc,heap        ] GC(378) Survivor regions: 1->1(43)
[84.846s][info][gc,heap        ] GC(378) Old regions: 34->34
[84.846s][info][gc,heap        ] GC(378) Archive regions: 0->0
[84.846s][info][gc,heap        ] GC(378) Humongous regions: 0->0
[84.846s][info][gc,metaspace   ] GC(378) Metaspace: 75548K(76416K)->75548K(76416K) NonClass: 59901K(60096K)->59901K(60096K) Class: 15647K(16320K)->15647K(16320K)
[84.846s][info][gc             ] GC(378) Pause Young (Normal) (G1 Evacuation Pause) 715M->39M(1132M) 2.217ms
[84.846s][info][gc,cpu         ] GC(378) User=0.00s Sys=0.00s Real=0.00s
[85.024s][info][gc,start       ] GC(379) Pause Young (Normal) (G1 Evacuation Pause)
[85.024s][info][gc,task        ] GC(379) Using 33 workers of 33 for evacuation
[85.026s][info][gc,phases      ] GC(379)   Pre Evacuate Collection Set: 0.2ms
[85.026s][info][gc,phases      ] GC(379)   Merge Heap Roots: 0.2ms
[85.026s][info][gc,phases      ] GC(379)   Evacuate Collection Set: 0.9ms
[85.026s][info][gc,phases      ] GC(379)   Post Evacuate Collection Set: 0.6ms
[85.026s][info][gc,phases      ] GC(379)   Other: 0.1ms
[85.026s][info][gc,heap        ] GC(379) Eden regions: 338->0(338)
[85.026s][info][gc,heap        ] GC(379) Survivor regions: 1->1(43)
[85.026s][info][gc,heap        ] GC(379) Old regions: 34->34
[85.026s][info][gc,heap        ] GC(379) Archive regions: 0->0
[85.026s][info][gc,heap        ] GC(379) Humongous regions: 0->0
[85.026s][info][gc,metaspace   ] GC(379) Metaspace: 75548K(76416K)->75548K(76416K) NonClass: 59901K(60096K)->59901K(60096K) Class: 15647K(16320K)->15647K(16320K)
[85.026s][info][gc             ] GC(379) Pause Young (Normal) (G1 Evacuation Pause) 715M->39M(1132M) 2.286ms
[85.026s][info][gc,cpu         ] GC(379) User=0.52s Sys=0.00s Real=0.00s
[85.203s][info][gc,start       ] GC(380) Pause Young (Normal) (G1 Evacuation Pause)
[85.203s][info][gc,task        ] GC(380) Using 33 workers of 33 for evacuation
[85.205s][info][gc,phases      ] GC(380)   Pre Evacuate Collection Set: 0.2ms
[85.205s][info][gc,phases      ] GC(380)   Merge Heap Roots: 0.2ms
[85.205s][info][gc,phases      ] GC(380)   Evacuate Collection Set: 0.9ms
[85.205s][info][gc,phases      ] GC(380)   Post Evacuate Collection Set: 0.6ms
[85.206s][info][gc,phases      ] GC(380)   Other: 0.1ms
[85.206s][info][gc,heap        ] GC(380) Eden regions: 338->0(338)
[85.206s][info][gc,heap        ] GC(380) Survivor regions: 1->1(43)
[85.206s][info][gc,heap        ] GC(380) Old regions: 34->34
[85.206s][info][gc,heap        ] GC(380) Archive regions: 0->0
[85.206s][info][gc,heap        ] GC(380) Humongous regions: 0->0
[85.206s][info][gc,metaspace   ] GC(380) Metaspace: 75548K(76416K)->75548K(76416K) NonClass: 59901K(60096K)->59901K(60096K) Class: 15647K(16320K)->15647K(16320K)
[85.206s][info][gc             ] GC(380) Pause Young (Normal) (G1 Evacuation Pause) 715M->39M(1132M) 2.378ms
[85.206s][info][gc,cpu         ] GC(380) User=0.00s Sys=0.00s Real=0.00s
[85.382s][info][gc,start       ] GC(381) Pause Young (Normal) (G1 Evacuation Pause)
[85.382s][info][gc,task        ] GC(381) Using 33 workers of 33 for evacuation
[85.384s][info][gc,phases      ] GC(381)   Pre Evacuate Collection Set: 0.2ms
[85.384s][info][gc,phases      ] GC(381)   Merge Heap Roots: 0.2ms
[85.384s][info][gc,phases      ] GC(381)   Evacuate Collection Set: 0.9ms
[85.384s][info][gc,phases      ] GC(381)   Post Evacuate Collection Set: 0.6ms
[85.384s][info][gc,phases      ] GC(381)   Other: 0.1ms
[85.384s][info][gc,heap        ] GC(381) Eden regions: 338->0(338)
[85.384s][info][gc,heap        ] GC(381) Survivor regions: 1->1(43)
[85.384s][info][gc,heap        ] GC(381) Old regions: 34->34
[85.384s][info][gc,heap        ] GC(381) Archive regions: 0->0
[85.384s][info][gc,heap        ] GC(381) Humongous regions: 0->0
[85.384s][info][gc,metaspace   ] GC(381) Metaspace: 75548K(76416K)->75548K(76416K) NonClass: 59901K(60096K)->59901K(60096K) Class: 15647K(16320K)->15647K(16320K)
[85.384s][info][gc             ] GC(381) Pause Young (Normal) (G1 Evacuation Pause) 715M->39M(1132M) 2.235ms
[85.384s][info][gc,cpu         ] GC(381) User=0.45s Sys=0.00s Real=0.00s
[85.563s][info][gc,start       ] GC(382) Pause Young (Normal) (G1 Evacuation Pause)
[85.563s][info][gc,task        ] GC(382) Using 33 workers of 33 for evacuation
[85.565s][info][gc,phases      ] GC(382)   Pre Evacuate Collection Set: 0.2ms
[85.565s][info][gc,phases      ] GC(382)   Merge Heap Roots: 0.2ms
[85.565s][info][gc,phases      ] GC(382)   Evacuate Collection Set: 1.0ms
[85.565s][info][gc,phases      ] GC(382)   Post Evacuate Collection Set: 0.6ms
[85.565s][info][gc,phases      ] GC(382)   Other: 0.1ms
[85.565s][info][gc,heap        ] GC(382) Eden regions: 338->0(338)
[85.565s][info][gc,heap        ] GC(382) Survivor regions: 1->1(43)
[85.565s][info][gc,heap        ] GC(382) Old regions: 34->34
[85.565s][info][gc,heap        ] GC(382) Archive regions: 0->0
[85.565s][info][gc,heap        ] GC(382) Humongous regions: 0->0
[85.565s][info][gc,metaspace   ] GC(382) Metaspace: 75548K(76416K)->75548K(76416K) NonClass: 59901K(60096K)->59901K(60096K) Class: 15647K(16320K)->15647K(16320K)
[85.565s][info][gc             ] GC(382) Pause Young (Normal) (G1 Evacuation Pause) 715M->39M(1132M) 2.319ms
[85.565s][info][gc,cpu         ] GC(382) User=0.00s Sys=0.00s Real=0.00s
[85.743s][info][gc,start       ] GC(383) Pause Young (Normal) (G1 Evacuation Pause)
[85.743s][info][gc,task        ] GC(383) Using 33 workers of 33 for evacuation
[85.745s][info][gc,phases      ] GC(383)   Pre Evacuate Collection Set: 0.2ms
[85.745s][info][gc,phases      ] GC(383)   Merge Heap Roots: 0.2ms
[85.745s][info][gc,phases      ] GC(383)   Evacuate Collection Set: 0.9ms
[85.745s][info][gc,phases      ] GC(383)   Post Evacuate Collection Set: 0.6ms
[85.745s][info][gc,phases      ] GC(383)   Other: 0.1ms
[85.745s][info][gc,heap        ] GC(383) Eden regions: 338->0(338)
[85.745s][info][gc,heap        ] GC(383) Survivor regions: 1->1(43)
[85.745s][info][gc,heap        ] GC(383) Old regions: 34->34
[85.745s][info][gc,heap        ] GC(383) Archive regions: 0->0
[85.745s][info][gc,heap        ] GC(383) Humongous regions: 0->0
[85.745s][info][gc,metaspace   ] GC(383) Metaspace: 75550K(76416K)->75550K(76416K) NonClass: 59902K(60096K)->59902K(60096K) Class: 15647K(16320K)->15647K(16320K)
[85.745s][info][gc             ] GC(383) Pause Young (Normal) (G1 Evacuation Pause) 715M->39M(1132M) 2.340ms
[85.745s][info][gc,cpu         ] GC(383) User=0.00s Sys=0.00s Real=0.00s
[85.924s][info][gc,start       ] GC(384) Pause Young (Normal) (G1 Evacuation Pause)
[85.924s][info][gc,task        ] GC(384) Using 33 workers of 33 for evacuation
[85.926s][info][gc,phases      ] GC(384)   Pre Evacuate Collection Set: 0.2ms
[85.926s][info][gc,phases      ] GC(384)   Merge Heap Roots: 0.2ms
[85.926s][info][gc,phases      ] GC(384)   Evacuate Collection Set: 0.9ms
[85.926s][info][gc,phases      ] GC(384)   Post Evacuate Collection Set: 0.6ms
[85.926s][info][gc,phases      ] GC(384)   Other: 0.1ms
[85.926s][info][gc,heap        ] GC(384) Eden regions: 338->0(338)
[85.926s][info][gc,heap        ] GC(384) Survivor regions: 1->1(43)
[85.926s][info][gc,heap        ] GC(384) Old regions: 34->34
[85.926s][info][gc,heap        ] GC(384) Archive regions: 0->0
[85.926s][info][gc,heap        ] GC(384) Humongous regions: 0->0
[85.926s][info][gc,metaspace   ] GC(384) Metaspace: 75550K(76416K)->75550K(76416K) NonClass: 59902K(60096K)->59902K(60096K) Class: 15647K(16320K)->15647K(16320K)
[85.926s][info][gc             ] GC(384) Pause Young (Normal) (G1 Evacuation Pause) 715M->39M(1132M) 2.421ms
[85.926s][info][gc,cpu         ] GC(384) User=0.00s Sys=0.00s Real=0.00s
[86.111s][info][gc,start       ] GC(385) Pause Young (Normal) (G1 Evacuation Pause)
[86.111s][info][gc,task        ] GC(385) Using 33 workers of 33 for evacuation
[86.113s][info][gc,phases      ] GC(385)   Pre Evacuate Collection Set: 0.2ms
[86.113s][info][gc,phases      ] GC(385)   Merge Heap Roots: 0.2ms
[86.113s][info][gc,phases      ] GC(385)   Evacuate Collection Set: 0.8ms
[86.113s][info][gc,phases      ] GC(385)   Post Evacuate Collection Set: 0.6ms
[86.113s][info][gc,phases      ] GC(385)   Other: 0.1ms
[86.113s][info][gc,heap        ] GC(385) Eden regions: 338->0(338)
[86.113s][info][gc,heap        ] GC(385) Survivor regions: 1->1(43)
[86.113s][info][gc,heap        ] GC(385) Old regions: 34->34
[86.113s][info][gc,heap        ] GC(385) Archive regions: 0->0
[86.113s][info][gc,heap        ] GC(385) Humongous regions: 0->0
[86.113s][info][gc,metaspace   ] GC(385) Metaspace: 75550K(76416K)->75550K(76416K) NonClass: 59902K(60096K)->59902K(60096K) Class: 15647K(16320K)->15647K(16320K)
[86.113s][info][gc             ] GC(385) Pause Young (Normal) (G1 Evacuation Pause) 715M->39M(1132M) 2.187ms
[86.113s][info][gc,cpu         ] GC(385) User=0.00s Sys=0.00s Real=0.00s
[86.322s][info][gc,start       ] GC(386) Pause Young (Normal) (G1 Evacuation Pause)
[86.322s][info][gc,task        ] GC(386) Using 33 workers of 33 for evacuation
[86.324s][info][gc,phases      ] GC(386)   Pre Evacuate Collection Set: 0.2ms
[86.324s][info][gc,phases      ] GC(386)   Merge Heap Roots: 0.2ms
[86.324s][info][gc,phases      ] GC(386)   Evacuate Collection Set: 0.9ms
[86.324s][info][gc,phases      ] GC(386)   Post Evacuate Collection Set: 0.6ms
[86.324s][info][gc,phases      ] GC(386)   Other: 0.1ms
[86.324s][info][gc,heap        ] GC(386) Eden regions: 338->0(338)
[86.324s][info][gc,heap        ] GC(386) Survivor regions: 1->1(43)
[86.324s][info][gc,heap        ] GC(386) Old regions: 34->34
[86.324s][info][gc,heap        ] GC(386) Archive regions: 0->0
[86.324s][info][gc,heap        ] GC(386) Humongous regions: 0->0
[86.324s][info][gc,metaspace   ] GC(386) Metaspace: 75550K(76416K)->75550K(76416K) NonClass: 59902K(60096K)->59902K(60096K) Class: 15647K(16320K)->15647K(16320K)
[86.324s][info][gc             ] GC(386) Pause Young (Normal) (G1 Evacuation Pause) 715M->39M(1132M) 2.194ms
[86.324s][info][gc,cpu         ] GC(386) User=0.41s Sys=0.02s Real=0.02s
[86.598s][info][gc,start       ] GC(387) Pause Young (Normal) (G1 Evacuation Pause)
[86.598s][info][gc,task        ] GC(387) Using 31 workers of 33 for evacuation
[86.600s][info][gc,phases      ] GC(387)   Pre Evacuate Collection Set: 0.2ms
[86.600s][info][gc,phases      ] GC(387)   Merge Heap Roots: 0.2ms
[86.600s][info][gc,phases      ] GC(387)   Evacuate Collection Set: 0.9ms
[86.600s][info][gc,phases      ] GC(387)   Post Evacuate Collection Set: 0.6ms
[86.600s][info][gc,phases      ] GC(387)   Other: 0.1ms
[86.600s][info][gc,heap        ] GC(387) Eden regions: 338->0(338)
[86.600s][info][gc,heap        ] GC(387) Survivor regions: 1->1(43)
[86.600s][info][gc,heap        ] GC(387) Old regions: 34->34
[86.600s][info][gc,heap        ] GC(387) Archive regions: 0->0
[86.600s][info][gc,heap        ] GC(387) Humongous regions: 0->0
[86.600s][info][gc,metaspace   ] GC(387) Metaspace: 75550K(76416K)->75550K(76416K) NonClass: 59902K(60096K)->59902K(60096K) Class: 15647K(16320K)->15647K(16320K)
[86.600s][info][gc             ] GC(387) Pause Young (Normal) (G1 Evacuation Pause) 715M->39M(1132M) 2.252ms
[86.600s][info][gc,cpu         ] GC(387) User=0.00s Sys=0.00s Real=0.00s
[86.995s][info][gc,start       ] GC(388) Pause Young (Normal) (G1 Evacuation Pause)
[86.996s][info][gc,task        ] GC(388) Using 29 workers of 33 for evacuation
[86.997s][info][gc,phases      ] GC(388)   Pre Evacuate Collection Set: 0.2ms
[86.997s][info][gc,phases      ] GC(388)   Merge Heap Roots: 0.1ms
[86.997s][info][gc,phases      ] GC(388)   Evacuate Collection Set: 0.8ms
[86.997s][info][gc,phases      ] GC(388)   Post Evacuate Collection Set: 0.6ms
[86.997s][info][gc,phases      ] GC(388)   Other: 0.1ms
[86.997s][info][gc,heap        ] GC(388) Eden regions: 338->0(338)
[86.997s][info][gc,heap        ] GC(388) Survivor regions: 1->1(43)
[86.997s][info][gc,heap        ] GC(388) Old regions: 34->34
[86.997s][info][gc,heap        ] GC(388) Archive regions: 0->0
[86.997s][info][gc,heap        ] GC(388) Humongous regions: 0->0
[86.997s][info][gc,metaspace   ] GC(388) Metaspace: 75550K(76416K)->75550K(76416K) NonClass: 59902K(60096K)->59902K(60096K) Class: 15647K(16320K)->15647K(16320K)
[86.997s][info][gc             ] GC(388) Pause Young (Normal) (G1 Evacuation Pause) 715M->39M(1132M) 1.970ms
[86.997s][info][gc,cpu         ] GC(388) User=0.00s Sys=0.00s Real=0.00s
[87.483s][info][gc,start       ] GC(389) Pause Young (Normal) (G1 Evacuation Pause)
[87.483s][info][gc,task        ] GC(389) Using 28 workers of 33 for evacuation
[87.485s][info][gc,phases      ] GC(389)   Pre Evacuate Collection Set: 0.2ms
[87.485s][info][gc,phases      ] GC(389)   Merge Heap Roots: 0.1ms
[87.485s][info][gc,phases      ] GC(389)   Evacuate Collection Set: 0.7ms
[87.485s][info][gc,phases      ] GC(389)   Post Evacuate Collection Set: 0.5ms
[87.485s][info][gc,phases      ] GC(389)   Other: 0.1ms
[87.485s][info][gc,heap        ] GC(389) Eden regions: 338->0(338)
[87.485s][info][gc,heap        ] GC(389) Survivor regions: 1->1(43)
[87.485s][info][gc,heap        ] GC(389) Old regions: 34->34
[87.485s][info][gc,heap        ] GC(389) Archive regions: 0->0
[87.485s][info][gc,heap        ] GC(389) Humongous regions: 0->0
[87.485s][info][gc,metaspace   ] GC(389) Metaspace: 75550K(76416K)->75550K(76416K) NonClass: 59902K(60096K)->59902K(60096K) Class: 15647K(16320K)->15647K(16320K)
[87.485s][info][gc             ] GC(389) Pause Young (Normal) (G1 Evacuation Pause) 715M->39M(1132M) 1.809ms
[87.485s][info][gc,cpu         ] GC(389) User=0.02s Sys=0.00s Real=0.01s
[87.969s][info][gc,start       ] GC(390) Pause Young (Normal) (G1 Evacuation Pause)
[87.969s][info][gc,task        ] GC(390) Using 27 workers of 33 for evacuation
[87.971s][info][gc,phases      ] GC(390)   Pre Evacuate Collection Set: 0.2ms
[87.971s][info][gc,phases      ] GC(390)   Merge Heap Roots: 0.1ms
[87.971s][info][gc,phases      ] GC(390)   Evacuate Collection Set: 0.7ms
[87.971s][info][gc,phases      ] GC(390)   Post Evacuate Collection Set: 0.5ms
[87.971s][info][gc,phases      ] GC(390)   Other: 0.1ms
[87.971s][info][gc,heap        ] GC(390) Eden regions: 338->0(338)
[87.971s][info][gc,heap        ] GC(390) Survivor regions: 1->1(43)
[87.971s][info][gc,heap        ] GC(390) Old regions: 34->34
[87.971s][info][gc,heap        ] GC(390) Archive regions: 0->0
[87.971s][info][gc,heap        ] GC(390) Humongous regions: 0->0
[87.971s][info][gc,metaspace   ] GC(390) Metaspace: 75550K(76416K)->75550K(76416K) NonClass: 59902K(60096K)->59902K(60096K) Class: 15647K(16320K)->15647K(16320K)
[87.971s][info][gc             ] GC(390) Pause Young (Normal) (G1 Evacuation Pause) 715M->39M(1132M) 1.879ms
[87.971s][info][gc,cpu         ] GC(390) User=0.00s Sys=0.00s Real=0.00s
[88.316s][info][gc,start       ] GC(391) Pause Full (System.gc())
[88.331s][info][gc,task        ] GC(391) Using 27 workers of 33 for full compaction
[88.332s][info][gc,phases,start] GC(391) Phase 1: Mark live objects
[88.353s][info][gc,phases      ] GC(391) Phase 1: Mark live objects 21.085ms
[88.354s][info][gc,phases,start] GC(391) Phase 2: Prepare compaction
[88.356s][info][gc,phases      ] GC(391) Phase 2: Prepare compaction 2.450ms
[88.356s][info][gc,phases,start] GC(391) Phase 3: Adjust pointers
[88.365s][info][gc,phases      ] GC(391) Phase 3: Adjust pointers 8.963ms
[88.365s][info][gc,phases,start] GC(391) Phase 4: Compact heap
[88.366s][info][gc,phases      ] GC(391) Phase 4: Compact heap 1.350ms
[88.381s][info][gc,heap        ] GC(391) Eden regions: 225->0(64)
[88.381s][info][gc,heap        ] GC(391) Survivor regions: 1->0(43)
[88.381s][info][gc,heap        ] GC(391) Old regions: 34->32
[88.381s][info][gc,heap        ] GC(391) Archive regions: 0->0
[88.381s][info][gc,heap        ] GC(391) Humongous regions: 0->0
[88.381s][info][gc,metaspace   ] GC(391) Metaspace: 75585K(76480K)->75585K(76480K) NonClass: 59938K(60160K)->59938K(60160K) Class: 15647K(16320K)->15647K(16320K)
[88.381s][info][gc             ] GC(391) Pause Full (System.gc()) 488M->35M(214M) 65.352ms
[88.381s][info][gc,cpu         ] GC(391) User=0.83s Sys=0.27s Real=0.07s
[88.440s][info][gc,start       ] GC(392) Pause Young (Normal) (G1 Evacuation Pause)
[88.440s][info][gc,task        ] GC(392) Using 33 workers of 33 for evacuation
[88.442s][info][gc,phases      ] GC(392)   Pre Evacuate Collection Set: 0.2ms
[88.442s][info][gc,phases      ] GC(392)   Merge Heap Roots: 0.2ms
[88.442s][info][gc,phases      ] GC(392)   Evacuate Collection Set: 1.3ms
[88.442s][info][gc,phases      ] GC(392)   Post Evacuate Collection Set: 0.6ms
[88.442s][info][gc,phases      ] GC(392)   Other: 0.1ms
[88.442s][info][gc,heap        ] GC(392) Eden regions: 64->0(62)
[88.442s][info][gc,heap        ] GC(392) Survivor regions: 0->2(8)
[88.442s][info][gc,heap        ] GC(392) Old regions: 32->32
[88.442s][info][gc,heap        ] GC(392) Archive regions: 0->0
[88.442s][info][gc,heap        ] GC(392) Humongous regions: 0->0
[88.442s][info][gc,metaspace   ] GC(392) Metaspace: 75741K(76672K)->75741K(76672K) NonClass: 60094K(60352K)->60094K(60352K) Class: 15647K(16320K)->15647K(16320K)
[88.442s][info][gc             ] GC(392) Pause Young (Normal) (G1 Evacuation Pause) 163M->39M(214M) 2.515ms
[88.442s][info][gc,cpu         ] GC(392) User=0.00s Sys=0.00s Real=0.00s
[88.475s][info][gc,start       ] GC(393) Pause Young (Normal) (G1 Evacuation Pause)
[88.475s][info][gc,task        ] GC(393) Using 33 workers of 33 for evacuation
[88.477s][info][gc,phases      ] GC(393)   Pre Evacuate Collection Set: 0.2ms
[88.477s][info][gc,phases      ] GC(393)   Merge Heap Roots: 0.2ms
[88.477s][info][gc,phases      ] GC(393)   Evacuate Collection Set: 1.2ms
[88.477s][info][gc,phases      ] GC(393)   Post Evacuate Collection Set: 0.6ms
[88.477s][info][gc,phases      ] GC(393)   Other: 0.1ms
[88.477s][info][gc,heap        ] GC(393) Eden regions: 62->0(62)
[88.477s][info][gc,heap        ] GC(393) Survivor regions: 2->2(8)
[88.477s][info][gc,heap        ] GC(393) Old regions: 32->32
[88.477s][info][gc,heap        ] GC(393) Archive regions: 0->0
[88.477s][info][gc,heap        ] GC(393) Humongous regions: 0->0
[88.477s][info][gc,metaspace   ] GC(393) Metaspace: 75741K(76672K)->75741K(76672K) NonClass: 60094K(60352K)->60094K(60352K) Class: 15647K(16320K)->15647K(16320K)
[88.477s][info][gc             ] GC(393) Pause Young (Normal) (G1 Evacuation Pause) 163M->39M(214M) 2.484ms
[88.477s][info][gc,cpu         ] GC(393) User=0.00s Sys=0.00s Real=0.00s
[88.525s][info][gc,start       ] GC(394) Pause Young (Normal) (G1 Evacuation Pause)
[88.526s][info][gc,task        ] GC(394) Using 33 workers of 33 for evacuation
[88.528s][info][gc,phases      ] GC(394)   Pre Evacuate Collection Set: 0.2ms
[88.528s][info][gc,phases      ] GC(394)   Merge Heap Roots: 0.2ms
[88.528s][info][gc,phases      ] GC(394)   Evacuate Collection Set: 1.4ms
[88.528s][info][gc,phases      ] GC(394)   Post Evacuate Collection Set: 0.6ms
[88.528s][info][gc,phases      ] GC(394)   Other: 0.1ms
[88.528s][info][gc,heap        ] GC(394) Eden regions: 62->0(62)
[88.528s][info][gc,heap        ] GC(394) Survivor regions: 2->2(8)
[88.528s][info][gc,heap        ] GC(394) Old regions: 32->32
[88.528s][info][gc,heap        ] GC(394) Archive regions: 0->0
[88.528s][info][gc,heap        ] GC(394) Humongous regions: 0->0
[88.528s][info][gc,metaspace   ] GC(394) Metaspace: 75741K(76672K)->75741K(76672K) NonClass: 60094K(60352K)->60094K(60352K) Class: 15647K(16320K)->15647K(16320K)
[88.528s][info][gc             ] GC(394) Pause Young (Normal) (G1 Evacuation Pause) 163M->39M(214M) 2.846ms
[88.528s][info][gc,cpu         ] GC(394) User=0.00s Sys=0.00s Real=0.00s
[88.569s][info][gc,start       ] GC(395) Pause Young (Normal) (G1 Evacuation Pause)
[88.569s][info][gc,task        ] GC(395) Using 33 workers of 33 for evacuation
[88.574s][info][gc,phases      ] GC(395)   Pre Evacuate Collection Set: 0.2ms
[88.574s][info][gc,phases      ] GC(395)   Merge Heap Roots: 0.1ms
[88.574s][info][gc,phases      ] GC(395)   Evacuate Collection Set: 1.2ms
[88.574s][info][gc,phases      ] GC(395)   Post Evacuate Collection Set: 3.6ms
[88.574s][info][gc,phases      ] GC(395)   Other: 0.1ms
[88.574s][info][gc,heap        ] GC(395) Eden regions: 62->0(337)
[88.574s][info][gc,heap        ] GC(395) Survivor regions: 2->2(8)
[88.574s][info][gc,heap        ] GC(395) Old regions: 32->32
[88.574s][info][gc,heap        ] GC(395) Archive regions: 0->0
[88.574s][info][gc,heap        ] GC(395) Humongous regions: 0->0
[88.574s][info][gc,metaspace   ] GC(395) Metaspace: 75741K(76672K)->75741K(76672K) NonClass: 60094K(60352K)->60094K(60352K) Class: 15647K(16320K)->15647K(16320K)
[88.574s][info][gc             ] GC(395) Pause Young (Normal) (G1 Evacuation Pause) 163M->39M(1132M) 5.493ms
[88.574s][info][gc,cpu         ] GC(395) User=0.00s Sys=0.00s Real=0.00s
[88.834s][info][gc,start       ] GC(396) Pause Young (Normal) (G1 Evacuation Pause)
[88.835s][info][gc,task        ] GC(396) Using 33 workers of 33 for evacuation
[88.838s][info][gc,phases      ] GC(396)   Pre Evacuate Collection Set: 0.2ms
[88.838s][info][gc,phases      ] GC(396)   Merge Heap Roots: 0.2ms
[88.838s][info][gc,phases      ] GC(396)   Evacuate Collection Set: 2.3ms
[88.838s][info][gc,phases      ] GC(396)   Post Evacuate Collection Set: 0.7ms
[88.838s][info][gc,phases      ] GC(396)   Other: 0.1ms
[88.838s][info][gc,heap        ] GC(396) Eden regions: 337->0(337)
[88.838s][info][gc,heap        ] GC(396) Survivor regions: 2->2(43)
[88.838s][info][gc,heap        ] GC(396) Old regions: 32->32
[88.838s][info][gc,heap        ] GC(396) Archive regions: 0->0
[88.838s][info][gc,heap        ] GC(396) Humongous regions: 0->0
[88.838s][info][gc,metaspace   ] GC(396) Metaspace: 75741K(76672K)->75741K(76672K) NonClass: 60094K(60352K)->60094K(60352K) Class: 15647K(16320K)->15647K(16320K)
[88.838s][info][gc             ] GC(396) Pause Young (Normal) (G1 Evacuation Pause) 713M->39M(1132M) 3.826ms
[88.838s][info][gc,cpu         ] GC(396) User=0.00s Sys=0.00s Real=0.00s
[89.014s][info][gc,start       ] GC(397) Pause Young (Normal) (G1 Evacuation Pause)
[89.014s][info][gc,task        ] GC(397) Using 33 workers of 33 for evacuation
[89.018s][info][gc,phases      ] GC(397)   Pre Evacuate Collection Set: 0.2ms
[89.018s][info][gc,phases      ] GC(397)   Merge Heap Roots: 0.2ms
[89.018s][info][gc,phases      ] GC(397)   Evacuate Collection Set: 2.8ms
[89.018s][info][gc,phases      ] GC(397)   Post Evacuate Collection Set: 0.7ms
[89.018s][info][gc,phases      ] GC(397)   Other: 0.1ms
[89.018s][info][gc,heap        ] GC(397) Eden regions: 337->0(337)
[89.018s][info][gc,heap        ] GC(397) Survivor regions: 2->2(43)
[89.018s][info][gc,heap        ] GC(397) Old regions: 32->32
[89.018s][info][gc,heap        ] GC(397) Archive regions: 0->0
[89.018s][info][gc,heap        ] GC(397) Humongous regions: 0->0
[89.018s][info][gc,metaspace   ] GC(397) Metaspace: 75741K(76672K)->75741K(76672K) NonClass: 60094K(60352K)->60094K(60352K) Class: 15647K(16320K)->15647K(16320K)
[89.018s][info][gc             ] GC(397) Pause Young (Normal) (G1 Evacuation Pause) 713M->39M(1132M) 4.333ms
[89.018s][info][gc,cpu         ] GC(397) User=0.00s Sys=0.00s Real=0.00s
[89.192s][info][gc,start       ] GC(398) Pause Young (Normal) (G1 Evacuation Pause)
[89.192s][info][gc,task        ] GC(398) Using 33 workers of 33 for evacuation
[89.194s][info][gc,phases      ] GC(398)   Pre Evacuate Collection Set: 0.2ms
[89.194s][info][gc,phases      ] GC(398)   Merge Heap Roots: 0.2ms
[89.194s][info][gc,phases      ] GC(398)   Evacuate Collection Set: 1.2ms
[89.194s][info][gc,phases      ] GC(398)   Post Evacuate Collection Set: 0.7ms
[89.194s][info][gc,phases      ] GC(398)   Other: 0.1ms
[89.194s][info][gc,heap        ] GC(398) Eden regions: 337->0(337)
[89.194s][info][gc,heap        ] GC(398) Survivor regions: 2->2(43)
[89.194s][info][gc,heap        ] GC(398) Old regions: 32->32
[89.194s][info][gc,heap        ] GC(398) Archive regions: 0->0
[89.194s][info][gc,heap        ] GC(398) Humongous regions: 0->0
[89.194s][info][gc,metaspace   ] GC(398) Metaspace: 75741K(76672K)->75741K(76672K) NonClass: 60094K(60352K)->60094K(60352K) Class: 15647K(16320K)->15647K(16320K)
[89.194s][info][gc             ] GC(398) Pause Young (Normal) (G1 Evacuation Pause) 713M->39M(1132M) 2.619ms
[89.194s][info][gc,cpu         ] GC(398) User=0.00s Sys=0.00s Real=0.00s
[89.369s][info][gc,start       ] GC(399) Pause Young (Normal) (G1 Evacuation Pause)
[89.370s][info][gc,task        ] GC(399) Using 33 workers of 33 for evacuation
[89.372s][info][gc,phases      ] GC(399)   Pre Evacuate Collection Set: 0.2ms
[89.372s][info][gc,phases      ] GC(399)   Merge Heap Roots: 0.2ms
[89.372s][info][gc,phases      ] GC(399)   Evacuate Collection Set: 1.2ms
[89.372s][info][gc,phases      ] GC(399)   Post Evacuate Collection Set: 0.7ms
[89.372s][info][gc,phases      ] GC(399)   Other: 0.1ms
[89.372s][info][gc,heap        ] GC(399) Eden regions: 337->0(337)
[89.372s][info][gc,heap        ] GC(399) Survivor regions: 2->2(43)
[89.372s][info][gc,heap        ] GC(399) Old regions: 32->32
[89.372s][info][gc,heap        ] GC(399) Archive regions: 0->0
[89.372s][info][gc,heap        ] GC(399) Humongous regions: 0->0
[89.372s][info][gc,metaspace   ] GC(399) Metaspace: 75741K(76672K)->75741K(76672K) NonClass: 60094K(60352K)->60094K(60352K) Class: 15647K(16320K)->15647K(16320K)
[89.372s][info][gc             ] GC(399) Pause Young (Normal) (G1 Evacuation Pause) 713M->39M(1132M) 2.624ms
[89.372s][info][gc,cpu         ] GC(399) User=0.00s Sys=0.00s Real=0.00s
[89.549s][info][gc,start       ] GC(400) Pause Young (Normal) (G1 Evacuation Pause)
[89.549s][info][gc,task        ] GC(400) Using 33 workers of 33 for evacuation
[89.551s][info][gc,phases      ] GC(400)   Pre Evacuate Collection Set: 0.2ms
[89.551s][info][gc,phases      ] GC(400)   Merge Heap Roots: 0.2ms
[89.551s][info][gc,phases      ] GC(400)   Evacuate Collection Set: 1.2ms
[89.551s][info][gc,phases      ] GC(400)   Post Evacuate Collection Set: 0.7ms
[89.551s][info][gc,phases      ] GC(400)   Other: 0.1ms
[89.551s][info][gc,heap        ] GC(400) Eden regions: 337->0(337)
[89.551s][info][gc,heap        ] GC(400) Survivor regions: 2->2(43)
[89.551s][info][gc,heap        ] GC(400) Old regions: 32->32
[89.551s][info][gc,heap        ] GC(400) Archive regions: 0->0
[89.551s][info][gc,heap        ] GC(400) Humongous regions: 0->0
[89.551s][info][gc,metaspace   ] GC(400) Metaspace: 75741K(76672K)->75741K(76672K) NonClass: 60094K(60352K)->60094K(60352K) Class: 15647K(16320K)->15647K(16320K)
[89.551s][info][gc             ] GC(400) Pause Young (Normal) (G1 Evacuation Pause) 713M->39M(1132M) 2.679ms
[89.551s][info][gc,cpu         ] GC(400) User=0.00s Sys=0.00s Real=0.00s
[89.728s][info][gc,start       ] GC(401) Pause Young (Normal) (G1 Evacuation Pause)
[89.728s][info][gc,task        ] GC(401) Using 33 workers of 33 for evacuation
[89.730s][info][gc,phases      ] GC(401)   Pre Evacuate Collection Set: 0.2ms
[89.730s][info][gc,phases      ] GC(401)   Merge Heap Roots: 0.2ms
[89.730s][info][gc,phases      ] GC(401)   Evacuate Collection Set: 1.2ms
[89.730s][info][gc,phases      ] GC(401)   Post Evacuate Collection Set: 0.7ms
[89.730s][info][gc,phases      ] GC(401)   Other: 0.2ms
[89.730s][info][gc,heap        ] GC(401) Eden regions: 337->0(337)
[89.730s][info][gc,heap        ] GC(401) Survivor regions: 2->2(43)
[89.730s][info][gc,heap        ] GC(401) Old regions: 32->32
[89.730s][info][gc,heap        ] GC(401) Archive regions: 0->0
[89.730s][info][gc,heap        ] GC(401) Humongous regions: 0->0
[89.730s][info][gc,metaspace   ] GC(401) Metaspace: 75741K(76672K)->75741K(76672K) NonClass: 60094K(60352K)->60094K(60352K) Class: 15647K(16320K)->15647K(16320K)
[89.730s][info][gc             ] GC(401) Pause Young (Normal) (G1 Evacuation Pause) 713M->39M(1132M) 2.786ms
[89.731s][info][gc,cpu         ] GC(401) User=0.00s Sys=0.00s Real=0.00s
[89.906s][info][gc,start       ] GC(402) Pause Young (Normal) (G1 Evacuation Pause)
[89.906s][info][gc,task        ] GC(402) Using 33 workers of 33 for evacuation
[89.909s][info][gc,phases      ] GC(402)   Pre Evacuate Collection Set: 0.2ms
[89.909s][info][gc,phases      ] GC(402)   Merge Heap Roots: 0.2ms
[89.909s][info][gc,phases      ] GC(402)   Evacuate Collection Set: 1.2ms
[89.909s][info][gc,phases      ] GC(402)   Post Evacuate Collection Set: 0.7ms
[89.909s][info][gc,phases      ] GC(402)   Other: 0.1ms
[89.909s][info][gc,heap        ] GC(402) Eden regions: 337->0(337)
[89.909s][info][gc,heap        ] GC(402) Survivor regions: 2->2(43)
[89.909s][info][gc,heap        ] GC(402) Old regions: 32->32
[89.909s][info][gc,heap        ] GC(402) Archive regions: 0->0
[89.909s][info][gc,heap        ] GC(402) Humongous regions: 0->0
[89.909s][info][gc,metaspace   ] GC(402) Metaspace: 75741K(76672K)->75741K(76672K) NonClass: 60094K(60352K)->60094K(60352K) Class: 15647K(16320K)->15647K(16320K)
[89.909s][info][gc             ] GC(402) Pause Young (Normal) (G1 Evacuation Pause) 713M->39M(1132M) 2.692ms
[89.909s][info][gc,cpu         ] GC(402) User=0.00s Sys=0.00s Real=0.00s
[90.086s][info][gc,start       ] GC(403) Pause Young (Normal) (G1 Evacuation Pause)
[90.087s][info][gc,task        ] GC(403) Using 33 workers of 33 for evacuation
[90.089s][info][gc,phases      ] GC(403)   Pre Evacuate Collection Set: 0.2ms
[90.089s][info][gc,phases      ] GC(403)   Merge Heap Roots: 0.2ms
[90.089s][info][gc,phases      ] GC(403)   Evacuate Collection Set: 1.2ms
[90.089s][info][gc,phases      ] GC(403)   Post Evacuate Collection Set: 0.7ms
[90.089s][info][gc,phases      ] GC(403)   Other: 0.1ms
[90.089s][info][gc,heap        ] GC(403) Eden regions: 337->0(337)
[90.089s][info][gc,heap        ] GC(403) Survivor regions: 2->2(43)
[90.089s][info][gc,heap        ] GC(403) Old regions: 32->32
[90.089s][info][gc,heap        ] GC(403) Archive regions: 0->0
[90.089s][info][gc,heap        ] GC(403) Humongous regions: 0->0
[90.089s][info][gc,metaspace   ] GC(403) Metaspace: 75741K(76672K)->75741K(76672K) NonClass: 60094K(60352K)->60094K(60352K) Class: 15647K(16320K)->15647K(16320K)
[90.089s][info][gc             ] GC(403) Pause Young (Normal) (G1 Evacuation Pause) 713M->39M(1132M) 2.660ms
[90.089s][info][gc,cpu         ] GC(403) User=0.00s Sys=0.00s Real=0.00s
[90.265s][info][gc,start       ] GC(404) Pause Young (Normal) (G1 Evacuation Pause)
[90.265s][info][gc,task        ] GC(404) Using 33 workers of 33 for evacuation
[90.268s][info][gc,phases      ] GC(404)   Pre Evacuate Collection Set: 0.2ms
[90.268s][info][gc,phases      ] GC(404)   Merge Heap Roots: 0.2ms
[90.268s][info][gc,phases      ] GC(404)   Evacuate Collection Set: 1.2ms
[90.268s][info][gc,phases      ] GC(404)   Post Evacuate Collection Set: 0.7ms
[90.268s][info][gc,phases      ] GC(404)   Other: 0.1ms
[90.268s][info][gc,heap        ] GC(404) Eden regions: 337->0(337)
[90.268s][info][gc,heap        ] GC(404) Survivor regions: 2->2(43)
[90.268s][info][gc,heap        ] GC(404) Old regions: 32->32
[90.268s][info][gc,heap        ] GC(404) Archive regions: 0->0
[90.268s][info][gc,heap        ] GC(404) Humongous regions: 0->0
[90.268s][info][gc,metaspace   ] GC(404) Metaspace: 75741K(76672K)->75741K(76672K) NonClass: 60094K(60352K)->60094K(60352K) Class: 15647K(16320K)->15647K(16320K)
[90.268s][info][gc             ] GC(404) Pause Young (Normal) (G1 Evacuation Pause) 713M->39M(1132M) 2.740ms
[90.268s][info][gc,cpu         ] GC(404) User=0.00s Sys=0.00s Real=0.00s
[90.444s][info][gc,start       ] GC(405) Pause Young (Normal) (G1 Evacuation Pause)
[90.444s][info][gc,task        ] GC(405) Using 33 workers of 33 for evacuation
[90.446s][info][gc,phases      ] GC(405)   Pre Evacuate Collection Set: 0.2ms
[90.446s][info][gc,phases      ] GC(405)   Merge Heap Roots: 0.2ms
[90.446s][info][gc,phases      ] GC(405)   Evacuate Collection Set: 1.2ms
[90.446s][info][gc,phases      ] GC(405)   Post Evacuate Collection Set: 0.7ms
[90.446s][info][gc,phases      ] GC(405)   Other: 0.1ms
[90.446s][info][gc,heap        ] GC(405) Eden regions: 337->0(337)
[90.446s][info][gc,heap        ] GC(405) Survivor regions: 2->2(43)
[90.446s][info][gc,heap        ] GC(405) Old regions: 32->32
[90.446s][info][gc,heap        ] GC(405) Archive regions: 0->0
[90.446s][info][gc,heap        ] GC(405) Humongous regions: 0->0
[90.446s][info][gc,metaspace   ] GC(405) Metaspace: 75741K(76672K)->75741K(76672K) NonClass: 60094K(60352K)->60094K(60352K) Class: 15647K(16320K)->15647K(16320K)
[90.446s][info][gc             ] GC(405) Pause Young (Normal) (G1 Evacuation Pause) 713M->39M(1132M) 2.753ms
[90.446s][info][gc,cpu         ] GC(405) User=0.00s Sys=0.00s Real=0.00s
[90.621s][info][gc,start       ] GC(406) Pause Young (Normal) (G1 Evacuation Pause)
[90.621s][info][gc,task        ] GC(406) Using 33 workers of 33 for evacuation
[90.624s][info][gc,phases      ] GC(406)   Pre Evacuate Collection Set: 0.2ms
[90.624s][info][gc,phases      ] GC(406)   Merge Heap Roots: 0.2ms
[90.624s][info][gc,phases      ] GC(406)   Evacuate Collection Set: 1.2ms
[90.624s][info][gc,phases      ] GC(406)   Post Evacuate Collection Set: 0.7ms
[90.624s][info][gc,phases      ] GC(406)   Other: 0.1ms
[90.624s][info][gc,heap        ] GC(406) Eden regions: 337->0(337)
[90.624s][info][gc,heap        ] GC(406) Survivor regions: 2->2(43)
[90.624s][info][gc,heap        ] GC(406) Old regions: 32->32
[90.624s][info][gc,heap        ] GC(406) Archive regions: 0->0
[90.624s][info][gc,heap        ] GC(406) Humongous regions: 0->0
[90.624s][info][gc,metaspace   ] GC(406) Metaspace: 75741K(76672K)->75741K(76672K) NonClass: 60094K(60352K)->60094K(60352K) Class: 15647K(16320K)->15647K(16320K)
[90.624s][info][gc             ] GC(406) Pause Young (Normal) (G1 Evacuation Pause) 713M->39M(1132M) 2.687ms
[90.624s][info][gc,cpu         ] GC(406) User=0.00s Sys=0.00s Real=0.00s
[90.798s][info][gc,start       ] GC(407) Pause Young (Normal) (G1 Evacuation Pause)
[90.798s][info][gc,task        ] GC(407) Using 33 workers of 33 for evacuation
[90.800s][info][gc,phases      ] GC(407)   Pre Evacuate Collection Set: 0.2ms
[90.801s][info][gc,phases      ] GC(407)   Merge Heap Roots: 0.2ms
[90.801s][info][gc,phases      ] GC(407)   Evacuate Collection Set: 1.2ms
[90.801s][info][gc,phases      ] GC(407)   Post Evacuate Collection Set: 0.6ms
[90.801s][info][gc,phases      ] GC(407)   Other: 0.1ms
[90.801s][info][gc,heap        ] GC(407) Eden regions: 337->0(338)
[90.801s][info][gc,heap        ] GC(407) Survivor regions: 2->1(43)
[90.801s][info][gc,heap        ] GC(407) Old regions: 32->34
[90.801s][info][gc,heap        ] GC(407) Archive regions: 0->0
[90.801s][info][gc,heap        ] GC(407) Humongous regions: 0->0
[90.801s][info][gc,metaspace   ] GC(407) Metaspace: 75741K(76672K)->75741K(76672K) NonClass: 60094K(60352K)->60094K(60352K) Class: 15647K(16320K)->15647K(16320K)
[90.801s][info][gc             ] GC(407) Pause Young (Normal) (G1 Evacuation Pause) 713M->39M(1132M) 2.547ms
[90.801s][info][gc,cpu         ] GC(407) User=0.00s Sys=0.00s Real=0.00s
[90.980s][info][gc,start       ] GC(408) Pause Young (Normal) (G1 Evacuation Pause)
[90.980s][info][gc,task        ] GC(408) Using 33 workers of 33 for evacuation
[90.982s][info][gc,phases      ] GC(408)   Pre Evacuate Collection Set: 0.2ms
[90.982s][info][gc,phases      ] GC(408)   Merge Heap Roots: 0.2ms
[90.982s][info][gc,phases      ] GC(408)   Evacuate Collection Set: 0.9ms
[90.982s][info][gc,phases      ] GC(408)   Post Evacuate Collection Set: 0.5ms
[90.982s][info][gc,phases      ] GC(408)   Other: 0.1ms
[90.982s][info][gc,heap        ] GC(408) Eden regions: 338->0(338)
[90.982s][info][gc,heap        ] GC(408) Survivor regions: 1->1(43)
[90.982s][info][gc,heap        ] GC(408) Old regions: 34->34
[90.982s][info][gc,heap        ] GC(408) Archive regions: 0->0
[90.982s][info][gc,heap        ] GC(408) Humongous regions: 0->0
[90.982s][info][gc,metaspace   ] GC(408) Metaspace: 75741K(76672K)->75741K(76672K) NonClass: 60094K(60352K)->60094K(60352K) Class: 15647K(16320K)->15647K(16320K)
[90.982s][info][gc             ] GC(408) Pause Young (Normal) (G1 Evacuation Pause) 715M->39M(1132M) 2.166ms
[90.982s][info][gc,cpu         ] GC(408) User=0.00s Sys=0.00s Real=0.00s
[91.158s][info][gc,start       ] GC(409) Pause Young (Normal) (G1 Evacuation Pause)
[91.158s][info][gc,task        ] GC(409) Using 33 workers of 33 for evacuation
[91.160s][info][gc,phases      ] GC(409)   Pre Evacuate Collection Set: 0.2ms
[91.160s][info][gc,phases      ] GC(409)   Merge Heap Roots: 0.2ms
[91.160s][info][gc,phases      ] GC(409)   Evacuate Collection Set: 0.9ms
[91.160s][info][gc,phases      ] GC(409)   Post Evacuate Collection Set: 0.5ms
[91.160s][info][gc,phases      ] GC(409)   Other: 0.1ms
[91.160s][info][gc,heap        ] GC(409) Eden regions: 338->0(338)
[91.160s][info][gc,heap        ] GC(409) Survivor regions: 1->1(43)
[91.160s][info][gc,heap        ] GC(409) Old regions: 34->34
[91.160s][info][gc,heap        ] GC(409) Archive regions: 0->0
[91.160s][info][gc,heap        ] GC(409) Humongous regions: 0->0
[91.160s][info][gc,metaspace   ] GC(409) Metaspace: 75741K(76672K)->75741K(76672K) NonClass: 60094K(60352K)->60094K(60352K) Class: 15647K(16320K)->15647K(16320K)
[91.160s][info][gc             ] GC(409) Pause Young (Normal) (G1 Evacuation Pause) 715M->39M(1132M) 2.201ms
[91.160s][info][gc,cpu         ] GC(409) User=0.00s Sys=0.00s Real=0.00s
[91.337s][info][gc,start       ] GC(410) Pause Young (Normal) (G1 Evacuation Pause)
[91.337s][info][gc,task        ] GC(410) Using 33 workers of 33 for evacuation
[91.339s][info][gc,phases      ] GC(410)   Pre Evacuate Collection Set: 0.2ms
[91.339s][info][gc,phases      ] GC(410)   Merge Heap Roots: 0.2ms
[91.339s][info][gc,phases      ] GC(410)   Evacuate Collection Set: 0.8ms
[91.339s][info][gc,phases      ] GC(410)   Post Evacuate Collection Set: 0.6ms
[91.339s][info][gc,phases      ] GC(410)   Other: 0.1ms
[91.339s][info][gc,heap        ] GC(410) Eden regions: 338->0(338)
[91.339s][info][gc,heap        ] GC(410) Survivor regions: 1->1(43)
[91.339s][info][gc,heap        ] GC(410) Old regions: 34->34
[91.339s][info][gc,heap        ] GC(410) Archive regions: 0->0
[91.339s][info][gc,heap        ] GC(410) Humongous regions: 0->0
[91.339s][info][gc,metaspace   ] GC(410) Metaspace: 75741K(76672K)->75741K(76672K) NonClass: 60094K(60352K)->60094K(60352K) Class: 15647K(16320K)->15647K(16320K)
[91.339s][info][gc             ] GC(410) Pause Young (Normal) (G1 Evacuation Pause) 715M->39M(1132M) 2.155ms
[91.339s][info][gc,cpu         ] GC(410) User=0.52s Sys=0.00s Real=0.00s
[91.514s][info][gc,start       ] GC(411) Pause Young (Normal) (G1 Evacuation Pause)
[91.514s][info][gc,task        ] GC(411) Using 33 workers of 33 for evacuation
[91.516s][info][gc,phases      ] GC(411)   Pre Evacuate Collection Set: 0.2ms
[91.516s][info][gc,phases      ] GC(411)   Merge Heap Roots: 0.2ms
[91.516s][info][gc,phases      ] GC(411)   Evacuate Collection Set: 0.9ms
[91.516s][info][gc,phases      ] GC(411)   Post Evacuate Collection Set: 0.6ms
[91.517s][info][gc,phases      ] GC(411)   Other: 0.1ms
[91.517s][info][gc,heap        ] GC(411) Eden regions: 338->0(338)
[91.517s][info][gc,heap        ] GC(411) Survivor regions: 1->1(43)
[91.517s][info][gc,heap        ] GC(411) Old regions: 34->34
[91.517s][info][gc,heap        ] GC(411) Archive regions: 0->0
[91.517s][info][gc,heap        ] GC(411) Humongous regions: 0->0
[91.517s][info][gc,metaspace   ] GC(411) Metaspace: 75741K(76672K)->75741K(76672K) NonClass: 60094K(60352K)->60094K(60352K) Class: 15647K(16320K)->15647K(16320K)
[91.517s][info][gc             ] GC(411) Pause Young (Normal) (G1 Evacuation Pause) 715M->39M(1132M) 2.216ms
[91.517s][info][gc,cpu         ] GC(411) User=0.00s Sys=0.00s Real=0.00s
[91.693s][info][gc,start       ] GC(412) Pause Young (Normal) (G1 Evacuation Pause)
[91.693s][info][gc,task        ] GC(412) Using 33 workers of 33 for evacuation
[91.695s][info][gc,phases      ] GC(412)   Pre Evacuate Collection Set: 0.2ms
[91.695s][info][gc,phases      ] GC(412)   Merge Heap Roots: 0.2ms
[91.695s][info][gc,phases      ] GC(412)   Evacuate Collection Set: 0.8ms
[91.695s][info][gc,phases      ] GC(412)   Post Evacuate Collection Set: 0.6ms
[91.695s][info][gc,phases      ] GC(412)   Other: 0.1ms
[91.695s][info][gc,heap        ] GC(412) Eden regions: 338->0(338)
[91.695s][info][gc,heap        ] GC(412) Survivor regions: 1->1(43)
[91.695s][info][gc,heap        ] GC(412) Old regions: 34->34
[91.695s][info][gc,heap        ] GC(412) Archive regions: 0->0
[91.695s][info][gc,heap        ] GC(412) Humongous regions: 0->0
[91.695s][info][gc,metaspace   ] GC(412) Metaspace: 75741K(76672K)->75741K(76672K) NonClass: 60094K(60352K)->60094K(60352K) Class: 15647K(16320K)->15647K(16320K)
[91.695s][info][gc             ] GC(412) Pause Young (Normal) (G1 Evacuation Pause) 715M->39M(1132M) 2.190ms
[91.695s][info][gc,cpu         ] GC(412) User=0.00s Sys=0.00s Real=0.00s
[91.872s][info][gc,start       ] GC(413) Pause Young (Normal) (G1 Evacuation Pause)
[91.872s][info][gc,task        ] GC(413) Using 33 workers of 33 for evacuation
[91.874s][info][gc,phases      ] GC(413)   Pre Evacuate Collection Set: 0.2ms
[91.874s][info][gc,phases      ] GC(413)   Merge Heap Roots: 0.2ms
[91.874s][info][gc,phases      ] GC(413)   Evacuate Collection Set: 0.9ms
[91.874s][info][gc,phases      ] GC(413)   Post Evacuate Collection Set: 0.6ms
[91.874s][info][gc,phases      ] GC(413)   Other: 0.1ms
[91.874s][info][gc,heap        ] GC(413) Eden regions: 338->0(338)
[91.874s][info][gc,heap        ] GC(413) Survivor regions: 1->1(43)
[91.874s][info][gc,heap        ] GC(413) Old regions: 34->34
[91.874s][info][gc,heap        ] GC(413) Archive regions: 0->0
[91.874s][info][gc,heap        ] GC(413) Humongous regions: 0->0
[91.874s][info][gc,metaspace   ] GC(413) Metaspace: 75741K(76672K)->75741K(76672K) NonClass: 60094K(60352K)->60094K(60352K) Class: 15647K(16320K)->15647K(16320K)
[91.874s][info][gc             ] GC(413) Pause Young (Normal) (G1 Evacuation Pause) 715M->39M(1132M) 2.318ms
[91.874s][info][gc,cpu         ] GC(413) User=0.00s Sys=0.00s Real=0.00s
[92.051s][info][gc,start       ] GC(414) Pause Young (Normal) (G1 Evacuation Pause)
[92.051s][info][gc,task        ] GC(414) Using 33 workers of 33 for evacuation
[92.053s][info][gc,phases      ] GC(414)   Pre Evacuate Collection Set: 0.2ms
[92.053s][info][gc,phases      ] GC(414)   Merge Heap Roots: 0.2ms
[92.053s][info][gc,phases      ] GC(414)   Evacuate Collection Set: 0.8ms
[92.053s][info][gc,phases      ] GC(414)   Post Evacuate Collection Set: 0.5ms
[92.053s][info][gc,phases      ] GC(414)   Other: 0.1ms
[92.053s][info][gc,heap        ] GC(414) Eden regions: 338->0(338)
[92.053s][info][gc,heap        ] GC(414) Survivor regions: 1->1(43)
[92.053s][info][gc,heap        ] GC(414) Old regions: 34->34
[92.053s][info][gc,heap        ] GC(414) Archive regions: 0->0
[92.053s][info][gc,heap        ] GC(414) Humongous regions: 0->0
[92.053s][info][gc,metaspace   ] GC(414) Metaspace: 75741K(76672K)->75741K(76672K) NonClass: 60094K(60352K)->60094K(60352K) Class: 15647K(16320K)->15647K(16320K)
[92.053s][info][gc             ] GC(414) Pause Young (Normal) (G1 Evacuation Pause) 715M->39M(1132M) 2.162ms
[92.053s][info][gc,cpu         ] GC(414) User=0.00s Sys=0.00s Real=0.00s
[92.230s][info][gc,start       ] GC(415) Pause Young (Normal) (G1 Evacuation Pause)
[92.230s][info][gc,task        ] GC(415) Using 33 workers of 33 for evacuation
[92.232s][info][gc,phases      ] GC(415)   Pre Evacuate Collection Set: 0.2ms
[92.232s][info][gc,phases      ] GC(415)   Merge Heap Roots: 0.2ms
[92.232s][info][gc,phases      ] GC(415)   Evacuate Collection Set: 0.8ms
[92.232s][info][gc,phases      ] GC(415)   Post Evacuate Collection Set: 0.6ms
[92.232s][info][gc,phases      ] GC(415)   Other: 0.1ms
[92.232s][info][gc,heap        ] GC(415) Eden regions: 338->0(338)
[92.232s][info][gc,heap        ] GC(415) Survivor regions: 1->1(43)
[92.232s][info][gc,heap        ] GC(415) Old regions: 34->34
[92.232s][info][gc,heap        ] GC(415) Archive regions: 0->0
[92.232s][info][gc,heap        ] GC(415) Humongous regions: 0->0
[92.232s][info][gc,metaspace   ] GC(415) Metaspace: 75741K(76672K)->75741K(76672K) NonClass: 60094K(60352K)->60094K(60352K) Class: 15647K(16320K)->15647K(16320K)
[92.232s][info][gc             ] GC(415) Pause Young (Normal) (G1 Evacuation Pause) 715M->39M(1132M) 2.134ms
[92.232s][info][gc,cpu         ] GC(415) User=0.00s Sys=0.00s Real=0.00s
[92.409s][info][gc,start       ] GC(416) Pause Young (Normal) (G1 Evacuation Pause)
[92.409s][info][gc,task        ] GC(416) Using 33 workers of 33 for evacuation
[92.411s][info][gc,phases      ] GC(416)   Pre Evacuate Collection Set: 0.2ms
[92.411s][info][gc,phases      ] GC(416)   Merge Heap Roots: 0.2ms
[92.411s][info][gc,phases      ] GC(416)   Evacuate Collection Set: 0.8ms
[92.411s][info][gc,phases      ] GC(416)   Post Evacuate Collection Set: 0.6ms
[92.411s][info][gc,phases      ] GC(416)   Other: 0.1ms
[92.411s][info][gc,heap        ] GC(416) Eden regions: 338->0(338)
[92.411s][info][gc,heap        ] GC(416) Survivor regions: 1->1(43)
[92.411s][info][gc,heap        ] GC(416) Old regions: 34->34
[92.411s][info][gc,heap        ] GC(416) Archive regions: 0->0
[92.411s][info][gc,heap        ] GC(416) Humongous regions: 0->0
[92.411s][info][gc,metaspace   ] GC(416) Metaspace: 75741K(76672K)->75741K(76672K) NonClass: 60094K(60352K)->60094K(60352K) Class: 15647K(16320K)->15647K(16320K)
[92.411s][info][gc             ] GC(416) Pause Young (Normal) (G1 Evacuation Pause) 715M->39M(1132M) 2.121ms
[92.411s][info][gc,cpu         ] GC(416) User=0.00s Sys=0.00s Real=0.00s
[92.591s][info][gc,start       ] GC(417) Pause Young (Normal) (G1 Evacuation Pause)
[92.591s][info][gc,task        ] GC(417) Using 33 workers of 33 for evacuation
[92.593s][info][gc,phases      ] GC(417)   Pre Evacuate Collection Set: 0.2ms
[92.593s][info][gc,phases      ] GC(417)   Merge Heap Roots: 0.2ms
[92.593s][info][gc,phases      ] GC(417)   Evacuate Collection Set: 0.8ms
[92.593s][info][gc,phases      ] GC(417)   Post Evacuate Collection Set: 0.6ms
[92.593s][info][gc,phases      ] GC(417)   Other: 0.1ms
[92.593s][info][gc,heap        ] GC(417) Eden regions: 338->0(338)
[92.593s][info][gc,heap        ] GC(417) Survivor regions: 1->1(43)
[92.593s][info][gc,heap        ] GC(417) Old regions: 34->34
[92.593s][info][gc,heap        ] GC(417) Archive regions: 0->0
[92.593s][info][gc,heap        ] GC(417) Humongous regions: 0->0
[92.593s][info][gc,metaspace   ] GC(417) Metaspace: 75741K(76672K)->75741K(76672K) NonClass: 60094K(60352K)->60094K(60352K) Class: 15647K(16320K)->15647K(16320K)
[92.593s][info][gc             ] GC(417) Pause Young (Normal) (G1 Evacuation Pause) 715M->39M(1132M) 2.175ms
[92.593s][info][gc,cpu         ] GC(417) User=0.00s Sys=0.00s Real=0.00s
[92.779s][info][gc,start       ] GC(418) Pause Young (Normal) (G1 Evacuation Pause)
[92.779s][info][gc,task        ] GC(418) Using 33 workers of 33 for evacuation
[92.781s][info][gc,phases      ] GC(418)   Pre Evacuate Collection Set: 0.2ms
[92.781s][info][gc,phases      ] GC(418)   Merge Heap Roots: 0.2ms
[92.781s][info][gc,phases      ] GC(418)   Evacuate Collection Set: 1.0ms
[92.781s][info][gc,phases      ] GC(418)   Post Evacuate Collection Set: 0.6ms
[92.781s][info][gc,phases      ] GC(418)   Other: 0.1ms
[92.781s][info][gc,heap        ] GC(418) Eden regions: 338->0(338)
[92.781s][info][gc,heap        ] GC(418) Survivor regions: 1->1(43)
[92.782s][info][gc,heap        ] GC(418) Old regions: 34->34
[92.782s][info][gc,heap        ] GC(418) Archive regions: 0->0
[92.782s][info][gc,heap        ] GC(418) Humongous regions: 0->0
[92.782s][info][gc,metaspace   ] GC(418) Metaspace: 75741K(76672K)->75741K(76672K) NonClass: 60094K(60352K)->60094K(60352K) Class: 15647K(16320K)->15647K(16320K)
[92.782s][info][gc             ] GC(418) Pause Young (Normal) (G1 Evacuation Pause) 715M->39M(1132M) 2.445ms
[92.782s][info][gc,cpu         ] GC(418) User=0.00s Sys=0.00s Real=0.00s
[92.966s][info][gc,start       ] GC(419) Pause Young (Normal) (G1 Evacuation Pause)
[92.967s][info][gc,task        ] GC(419) Using 33 workers of 33 for evacuation
[92.969s][info][gc,phases      ] GC(419)   Pre Evacuate Collection Set: 0.2ms
[92.969s][info][gc,phases      ] GC(419)   Merge Heap Roots: 0.2ms
[92.969s][info][gc,phases      ] GC(419)   Evacuate Collection Set: 1.0ms
[92.969s][info][gc,phases      ] GC(419)   Post Evacuate Collection Set: 0.6ms
[92.969s][info][gc,phases      ] GC(419)   Other: 0.1ms
[92.969s][info][gc,heap        ] GC(419) Eden regions: 338->0(338)
[92.969s][info][gc,heap        ] GC(419) Survivor regions: 1->1(43)
[92.969s][info][gc,heap        ] GC(419) Old regions: 34->34
[92.969s][info][gc,heap        ] GC(419) Archive regions: 0->0
[92.969s][info][gc,heap        ] GC(419) Humongous regions: 0->0
[92.969s][info][gc,metaspace   ] GC(419) Metaspace: 75741K(76672K)->75741K(76672K) NonClass: 60094K(60352K)->60094K(60352K) Class: 15647K(16320K)->15647K(16320K)
[92.969s][info][gc             ] GC(419) Pause Young (Normal) (G1 Evacuation Pause) 715M->39M(1132M) 2.380ms
[92.969s][info][gc,cpu         ] GC(419) User=0.00s Sys=0.00s Real=0.00s
[93.155s][info][gc,start       ] GC(420) Pause Young (Normal) (G1 Evacuation Pause)
[93.156s][info][gc,task        ] GC(420) Using 33 workers of 33 for evacuation
[93.158s][info][gc,phases      ] GC(420)   Pre Evacuate Collection Set: 0.2ms
[93.158s][info][gc,phases      ] GC(420)   Merge Heap Roots: 0.2ms
[93.158s][info][gc,phases      ] GC(420)   Evacuate Collection Set: 0.8ms
[93.158s][info][gc,phases      ] GC(420)   Post Evacuate Collection Set: 0.6ms
[93.158s][info][gc,phases      ] GC(420)   Other: 0.1ms
[93.158s][info][gc,heap        ] GC(420) Eden regions: 338->0(338)
[93.158s][info][gc,heap        ] GC(420) Survivor regions: 1->1(43)
[93.158s][info][gc,heap        ] GC(420) Old regions: 34->34
[93.158s][info][gc,heap        ] GC(420) Archive regions: 0->0
[93.158s][info][gc,heap        ] GC(420) Humongous regions: 0->0
[93.158s][info][gc,metaspace   ] GC(420) Metaspace: 75741K(76672K)->75741K(76672K) NonClass: 60094K(60352K)->60094K(60352K) Class: 15647K(16320K)->15647K(16320K)
[93.158s][info][gc             ] GC(420) Pause Young (Normal) (G1 Evacuation Pause) 715M->39M(1132M) 2.206ms
[93.158s][info][gc,cpu         ] GC(420) User=0.00s Sys=0.00s Real=0.00s
[93.341s][info][gc,start       ] GC(421) Pause Young (Normal) (G1 Evacuation Pause)
[93.341s][info][gc,task        ] GC(421) Using 33 workers of 33 for evacuation
[93.343s][info][gc,phases      ] GC(421)   Pre Evacuate Collection Set: 0.2ms
[93.343s][info][gc,phases      ] GC(421)   Merge Heap Roots: 0.2ms
[93.343s][info][gc,phases      ] GC(421)   Evacuate Collection Set: 0.9ms
[93.343s][info][gc,phases      ] GC(421)   Post Evacuate Collection Set: 0.6ms
[93.343s][info][gc,phases      ] GC(421)   Other: 0.1ms
[93.343s][info][gc,heap        ] GC(421) Eden regions: 338->0(338)
[93.343s][info][gc,heap        ] GC(421) Survivor regions: 1->1(43)
[93.343s][info][gc,heap        ] GC(421) Old regions: 34->34
[93.343s][info][gc,heap        ] GC(421) Archive regions: 0->0
[93.343s][info][gc,heap        ] GC(421) Humongous regions: 0->0
[93.343s][info][gc,metaspace   ] GC(421) Metaspace: 75741K(76672K)->75741K(76672K) NonClass: 60094K(60352K)->60094K(60352K) Class: 15647K(16320K)->15647K(16320K)
[93.343s][info][gc             ] GC(421) Pause Young (Normal) (G1 Evacuation Pause) 715M->39M(1132M) 2.353ms
[93.343s][info][gc,cpu         ] GC(421) User=0.00s Sys=0.00s Real=0.00s
[93.527s][info][gc,start       ] GC(422) Pause Young (Normal) (G1 Evacuation Pause)
[93.527s][info][gc,task        ] GC(422) Using 33 workers of 33 for evacuation
[93.529s][info][gc,phases      ] GC(422)   Pre Evacuate Collection Set: 0.2ms
[93.529s][info][gc,phases      ] GC(422)   Merge Heap Roots: 0.2ms
[93.529s][info][gc,phases      ] GC(422)   Evacuate Collection Set: 0.9ms
[93.529s][info][gc,phases      ] GC(422)   Post Evacuate Collection Set: 0.6ms
[93.529s][info][gc,phases      ] GC(422)   Other: 0.1ms
[93.529s][info][gc,heap        ] GC(422) Eden regions: 338->0(338)
[93.529s][info][gc,heap        ] GC(422) Survivor regions: 1->1(43)
[93.529s][info][gc,heap        ] GC(422) Old regions: 34->34
[93.529s][info][gc,heap        ] GC(422) Archive regions: 0->0
[93.529s][info][gc,heap        ] GC(422) Humongous regions: 0->0
[93.529s][info][gc,metaspace   ] GC(422) Metaspace: 75741K(76672K)->75741K(76672K) NonClass: 60094K(60352K)->60094K(60352K) Class: 15647K(16320K)->15647K(16320K)
[93.529s][info][gc             ] GC(422) Pause Young (Normal) (G1 Evacuation Pause) 715M->39M(1132M) 2.252ms
[93.529s][info][gc,cpu         ] GC(422) User=0.00s Sys=0.00s Real=0.00s
[93.712s][info][gc,start       ] GC(423) Pause Young (Normal) (G1 Evacuation Pause)
[93.712s][info][gc,task        ] GC(423) Using 33 workers of 33 for evacuation
[93.714s][info][gc,phases      ] GC(423)   Pre Evacuate Collection Set: 0.2ms
[93.714s][info][gc,phases      ] GC(423)   Merge Heap Roots: 0.2ms
[93.714s][info][gc,phases      ] GC(423)   Evacuate Collection Set: 0.9ms
[93.714s][info][gc,phases      ] GC(423)   Post Evacuate Collection Set: 0.6ms
[93.714s][info][gc,phases      ] GC(423)   Other: 0.1ms
[93.714s][info][gc,heap        ] GC(423) Eden regions: 338->0(338)
[93.714s][info][gc,heap        ] GC(423) Survivor regions: 1->1(43)
[93.714s][info][gc,heap        ] GC(423) Old regions: 34->34
[93.714s][info][gc,heap        ] GC(423) Archive regions: 0->0
[93.714s][info][gc,heap        ] GC(423) Humongous regions: 0->0
[93.714s][info][gc,metaspace   ] GC(423) Metaspace: 75741K(76672K)->75741K(76672K) NonClass: 60094K(60352K)->60094K(60352K) Class: 15647K(16320K)->15647K(16320K)
[93.714s][info][gc             ] GC(423) Pause Young (Normal) (G1 Evacuation Pause) 715M->39M(1132M) 2.216ms
[93.714s][info][gc,cpu         ] GC(423) User=0.00s Sys=0.00s Real=0.00s
[93.916s][info][gc,start       ] GC(424) Pause Young (Normal) (G1 Evacuation Pause)
[93.916s][info][gc,task        ] GC(424) Using 33 workers of 33 for evacuation
[93.918s][info][gc,phases      ] GC(424)   Pre Evacuate Collection Set: 0.2ms
[93.918s][info][gc,phases      ] GC(424)   Merge Heap Roots: 0.2ms
[93.918s][info][gc,phases      ] GC(424)   Evacuate Collection Set: 0.8ms
[93.918s][info][gc,phases      ] GC(424)   Post Evacuate Collection Set: 0.6ms
[93.918s][info][gc,phases      ] GC(424)   Other: 0.1ms
[93.918s][info][gc,heap        ] GC(424) Eden regions: 338->0(338)
[93.918s][info][gc,heap        ] GC(424) Survivor regions: 1->1(43)
[93.918s][info][gc,heap        ] GC(424) Old regions: 34->34
[93.918s][info][gc,heap        ] GC(424) Archive regions: 0->0
[93.918s][info][gc,heap        ] GC(424) Humongous regions: 0->0
[93.918s][info][gc,metaspace   ] GC(424) Metaspace: 75741K(76672K)->75741K(76672K) NonClass: 60094K(60352K)->60094K(60352K) Class: 15647K(16320K)->15647K(16320K)
[93.918s][info][gc             ] GC(424) Pause Young (Normal) (G1 Evacuation Pause) 715M->39M(1132M) 2.148ms
[93.918s][info][gc,cpu         ] GC(424) User=0.00s Sys=0.00s Real=0.00s
[94.170s][info][gc,start       ] GC(425) Pause Young (Normal) (G1 Evacuation Pause)
[94.170s][info][gc,task        ] GC(425) Using 33 workers of 33 for evacuation
[94.172s][info][gc,phases      ] GC(425)   Pre Evacuate Collection Set: 0.2ms
[94.172s][info][gc,phases      ] GC(425)   Merge Heap Roots: 0.2ms
[94.172s][info][gc,phases      ] GC(425)   Evacuate Collection Set: 0.8ms
[94.172s][info][gc,phases      ] GC(425)   Post Evacuate Collection Set: 0.6ms
[94.172s][info][gc,phases      ] GC(425)   Other: 0.1ms
[94.172s][info][gc,heap        ] GC(425) Eden regions: 338->0(338)
[94.172s][info][gc,heap        ] GC(425) Survivor regions: 1->1(43)
[94.172s][info][gc,heap        ] GC(425) Old regions: 34->34
[94.172s][info][gc,heap        ] GC(425) Archive regions: 0->0
[94.172s][info][gc,heap        ] GC(425) Humongous regions: 0->0
[94.172s][info][gc,metaspace   ] GC(425) Metaspace: 75741K(76672K)->75741K(76672K) NonClass: 60094K(60352K)->60094K(60352K) Class: 15647K(16320K)->15647K(16320K)
[94.173s][info][gc             ] GC(425) Pause Young (Normal) (G1 Evacuation Pause) 715M->39M(1132M) 2.214ms
[94.173s][info][gc,cpu         ] GC(425) User=0.00s Sys=0.00s Real=0.00s
[94.504s][info][gc,start       ] GC(426) Pause Young (Normal) (G1 Evacuation Pause)
[94.504s][info][gc,task        ] GC(426) Using 30 workers of 33 for evacuation
[94.506s][info][gc,phases      ] GC(426)   Pre Evacuate Collection Set: 0.2ms
[94.506s][info][gc,phases      ] GC(426)   Merge Heap Roots: 0.2ms
[94.506s][info][gc,phases      ] GC(426)   Evacuate Collection Set: 0.7ms
[94.506s][info][gc,phases      ] GC(426)   Post Evacuate Collection Set: 0.6ms
[94.506s][info][gc,phases      ] GC(426)   Other: 0.1ms
[94.506s][info][gc,heap        ] GC(426) Eden regions: 338->0(338)
[94.506s][info][gc,heap        ] GC(426) Survivor regions: 1->1(43)
[94.506s][info][gc,heap        ] GC(426) Old regions: 34->34
[94.506s][info][gc,heap        ] GC(426) Archive regions: 0->0
[94.506s][info][gc,heap        ] GC(426) Humongous regions: 0->0
[94.506s][info][gc,metaspace   ] GC(426) Metaspace: 75772K(76672K)->75772K(76672K) NonClass: 60124K(60352K)->60124K(60352K) Class: 15647K(16320K)->15647K(16320K)
[94.506s][info][gc             ] GC(426) Pause Young (Normal) (G1 Evacuation Pause) 715M->39M(1132M) 2.001ms
[94.506s][info][gc,cpu         ] GC(426) User=0.03s Sys=0.00s Real=0.02s
[94.971s][info][gc,start       ] GC(427) Pause Young (Normal) (G1 Evacuation Pause)
[94.971s][info][gc,task        ] GC(427) Using 28 workers of 33 for evacuation
[94.973s][info][gc,phases      ] GC(427)   Pre Evacuate Collection Set: 0.2ms
[94.973s][info][gc,phases      ] GC(427)   Merge Heap Roots: 0.1ms
[94.973s][info][gc,phases      ] GC(427)   Evacuate Collection Set: 0.7ms
[94.973s][info][gc,phases      ] GC(427)   Post Evacuate Collection Set: 0.6ms
[94.973s][info][gc,phases      ] GC(427)   Other: 0.1ms
[94.973s][info][gc,heap        ] GC(427) Eden regions: 338->0(338)
[94.973s][info][gc,heap        ] GC(427) Survivor regions: 1->1(43)
[94.973s][info][gc,heap        ] GC(427) Old regions: 34->34
[94.973s][info][gc,heap        ] GC(427) Archive regions: 0->0
[94.973s][info][gc,heap        ] GC(427) Humongous regions: 0->0
[94.973s][info][gc,metaspace   ] GC(427) Metaspace: 75772K(76672K)->75772K(76672K) NonClass: 60124K(60352K)->60124K(60352K) Class: 15647K(16320K)->15647K(16320K)
[94.973s][info][gc             ] GC(427) Pause Young (Normal) (G1 Evacuation Pause) 715M->39M(1132M) 1.915ms
[94.973s][info][gc,cpu         ] GC(427) User=0.00s Sys=0.00s Real=0.00s
[95.455s][info][gc,start       ] GC(428) Pause Young (Normal) (G1 Evacuation Pause)
[95.455s][info][gc,task        ] GC(428) Using 27 workers of 33 for evacuation
[95.457s][info][gc,phases      ] GC(428)   Pre Evacuate Collection Set: 0.2ms
[95.457s][info][gc,phases      ] GC(428)   Merge Heap Roots: 0.1ms
[95.457s][info][gc,phases      ] GC(428)   Evacuate Collection Set: 0.7ms
[95.457s][info][gc,phases      ] GC(428)   Post Evacuate Collection Set: 0.5ms
[95.457s][info][gc,phases      ] GC(428)   Other: 0.1ms
[95.457s][info][gc,heap        ] GC(428) Eden regions: 338->0(338)
[95.457s][info][gc,heap        ] GC(428) Survivor regions: 1->1(43)
[95.457s][info][gc,heap        ] GC(428) Old regions: 34->34
[95.457s][info][gc,heap        ] GC(428) Archive regions: 0->0
[95.457s][info][gc,heap        ] GC(428) Humongous regions: 0->0
[95.457s][info][gc,metaspace   ] GC(428) Metaspace: 75772K(76672K)->75772K(76672K) NonClass: 60124K(60352K)->60124K(60352K) Class: 15647K(16320K)->15647K(16320K)
[95.457s][info][gc             ] GC(428) Pause Young (Normal) (G1 Evacuation Pause) 715M->39M(1132M) 1.882ms
[95.457s][info][gc,cpu         ] GC(428) User=0.00s Sys=0.00s Real=0.00s
[95.820s][info][gc,start       ] GC(429) Pause Full (System.gc())
[95.820s][info][gc,task        ] GC(429) Using 27 workers of 33 for full compaction
[95.821s][info][gc,phases,start] GC(429) Phase 1: Mark live objects
[95.848s][info][gc,phases      ] GC(429) Phase 1: Mark live objects 26.589ms
[95.848s][info][gc,phases,start] GC(429) Phase 2: Prepare compaction
[95.851s][info][gc,phases      ] GC(429) Phase 2: Prepare compaction 2.569ms
[95.851s][info][gc,phases,start] GC(429) Phase 3: Adjust pointers
[95.858s][info][gc,phases      ] GC(429) Phase 3: Adjust pointers 7.540ms
[95.858s][info][gc,phases,start] GC(429) Phase 4: Compact heap
[95.859s][info][gc,phases      ] GC(429) Phase 4: Compact heap 1.151ms
[95.872s][info][gc,heap        ] GC(429) Eden regions: 226->0(64)
[95.872s][info][gc,heap        ] GC(429) Survivor regions: 1->0(43)
[95.872s][info][gc,heap        ] GC(429) Old regions: 34->32
[95.872s][info][gc,heap        ] GC(429) Archive regions: 0->0
[95.872s][info][gc,heap        ] GC(429) Humongous regions: 0->0
[95.872s][info][gc,metaspace   ] GC(429) Metaspace: 75829K(76736K)->75829K(76736K) NonClass: 60182K(60416K)->60182K(60416K) Class: 15647K(16320K)->15647K(16320K)
[95.872s][info][gc             ] GC(429) Pause Full (System.gc()) 491M->35M(214M) 52.164ms
[95.872s][info][gc,cpu         ] GC(429) User=0.64s Sys=0.33s Real=0.05s
[95.930s][info][gc,start       ] GC(430) Pause Young (Normal) (G1 Evacuation Pause)
[95.930s][info][gc,task        ] GC(430) Using 33 workers of 33 for evacuation
[95.932s][info][gc,phases      ] GC(430)   Pre Evacuate Collection Set: 0.2ms
[95.932s][info][gc,phases      ] GC(430)   Merge Heap Roots: 0.2ms
[95.932s][info][gc,phases      ] GC(430)   Evacuate Collection Set: 1.2ms
[95.932s][info][gc,phases      ] GC(430)   Post Evacuate Collection Set: 0.6ms
[95.932s][info][gc,phases      ] GC(430)   Other: 0.1ms
[95.932s][info][gc,heap        ] GC(430) Eden regions: 64->0(62)
[95.932s][info][gc,heap        ] GC(430) Survivor regions: 0->2(8)
[95.932s][info][gc,heap        ] GC(430) Old regions: 32->32
[95.932s][info][gc,heap        ] GC(430) Archive regions: 0->0
[95.932s][info][gc,heap        ] GC(430) Humongous regions: 0->0
[95.932s][info][gc,metaspace   ] GC(430) Metaspace: 76079K(76992K)->76079K(76992K) NonClass: 60431K(60672K)->60431K(60672K) Class: 15647K(16320K)->15647K(16320K)
[95.932s][info][gc             ] GC(430) Pause Young (Normal) (G1 Evacuation Pause) 163M->39M(214M) 2.558ms
[95.932s][info][gc,cpu         ] GC(430) User=0.50s Sys=0.02s Real=0.00s
[95.965s][info][gc,start       ] GC(431) Pause Young (Normal) (G1 Evacuation Pause)
[95.966s][info][gc,task        ] GC(431) Using 33 workers of 33 for evacuation
[95.968s][info][gc,phases      ] GC(431)   Pre Evacuate Collection Set: 0.2ms
[95.968s][info][gc,phases      ] GC(431)   Merge Heap Roots: 0.2ms
[95.968s][info][gc,phases      ] GC(431)   Evacuate Collection Set: 1.2ms
[95.968s][info][gc,phases      ] GC(431)   Post Evacuate Collection Set: 0.6ms
[95.968s][info][gc,phases      ] GC(431)   Other: 0.1ms
[95.968s][info][gc,heap        ] GC(431) Eden regions: 62->0(62)
[95.968s][info][gc,heap        ] GC(431) Survivor regions: 2->2(8)
[95.968s][info][gc,heap        ] GC(431) Old regions: 32->32
[95.968s][info][gc,heap        ] GC(431) Archive regions: 0->0
[95.968s][info][gc,heap        ] GC(431) Humongous regions: 0->0
[95.968s][info][gc,metaspace   ] GC(431) Metaspace: 76079K(76992K)->76079K(76992K) NonClass: 60431K(60672K)->60431K(60672K) Class: 15647K(16320K)->15647K(16320K)
[95.968s][info][gc             ] GC(431) Pause Young (Normal) (G1 Evacuation Pause) 163M->39M(214M) 2.474ms
[95.968s][info][gc,cpu         ] GC(431) User=0.00s Sys=0.00s Real=0.00s
[96.009s][info][gc,start       ] GC(432) Pause Young (Normal) (G1 Evacuation Pause)
[96.009s][info][gc,task        ] GC(432) Using 33 workers of 33 for evacuation
[96.012s][info][gc,phases      ] GC(432)   Pre Evacuate Collection Set: 0.2ms
[96.012s][info][gc,phases      ] GC(432)   Merge Heap Roots: 0.2ms
[96.012s][info][gc,phases      ] GC(432)   Evacuate Collection Set: 1.3ms
[96.012s][info][gc,phases      ] GC(432)   Post Evacuate Collection Set: 0.7ms
[96.012s][info][gc,phases      ] GC(432)   Other: 0.1ms
[96.012s][info][gc,heap        ] GC(432) Eden regions: 62->0(62)
[96.012s][info][gc,heap        ] GC(432) Survivor regions: 2->2(8)
[96.012s][info][gc,heap        ] GC(432) Old regions: 32->32
[96.012s][info][gc,heap        ] GC(432) Archive regions: 0->0
[96.012s][info][gc,heap        ] GC(432) Humongous regions: 0->0
[96.012s][info][gc,metaspace   ] GC(432) Metaspace: 76079K(76992K)->76079K(76992K) NonClass: 60431K(60672K)->60431K(60672K) Class: 15647K(16320K)->15647K(16320K)
[96.012s][info][gc             ] GC(432) Pause Young (Normal) (G1 Evacuation Pause) 163M->39M(214M) 2.772ms
[96.012s][info][gc,cpu         ] GC(432) User=0.00s Sys=0.00s Real=0.00s
[96.047s][info][gc,start       ] GC(433) Pause Young (Normal) (G1 Evacuation Pause)
[96.047s][info][gc,task        ] GC(433) Using 33 workers of 33 for evacuation
[96.052s][info][gc,phases      ] GC(433)   Pre Evacuate Collection Set: 0.2ms
[96.052s][info][gc,phases      ] GC(433)   Merge Heap Roots: 0.2ms
[96.052s][info][gc,phases      ] GC(433)   Evacuate Collection Set: 1.2ms
[96.052s][info][gc,phases      ] GC(433)   Post Evacuate Collection Set: 3.5ms
[96.052s][info][gc,phases      ] GC(433)   Other: 0.1ms
[96.052s][info][gc,heap        ] GC(433) Eden regions: 62->0(337)
[96.052s][info][gc,heap        ] GC(433) Survivor regions: 2->2(8)
[96.052s][info][gc,heap        ] GC(433) Old regions: 32->32
[96.052s][info][gc,heap        ] GC(433) Archive regions: 0->0
[96.052s][info][gc,heap        ] GC(433) Humongous regions: 0->0
[96.052s][info][gc,metaspace   ] GC(433) Metaspace: 76079K(76992K)->76079K(76992K) NonClass: 60431K(60672K)->60431K(60672K) Class: 15647K(16320K)->15647K(16320K)
[96.052s][info][gc             ] GC(433) Pause Young (Normal) (G1 Evacuation Pause) 163M->39M(1132M) 5.419ms
[96.052s][info][gc,cpu         ] GC(433) User=0.00s Sys=0.00s Real=0.01s
[96.308s][info][gc,start       ] GC(434) Pause Young (Normal) (G1 Evacuation Pause)
[96.308s][info][gc,task        ] GC(434) Using 33 workers of 33 for evacuation
[96.312s][info][gc,phases      ] GC(434)   Pre Evacuate Collection Set: 0.2ms
[96.312s][info][gc,phases      ] GC(434)   Merge Heap Roots: 0.2ms
[96.312s][info][gc,phases      ] GC(434)   Evacuate Collection Set: 2.7ms
[96.312s][info][gc,phases      ] GC(434)   Post Evacuate Collection Set: 0.7ms
[96.312s][info][gc,phases      ] GC(434)   Other: 0.1ms
[96.312s][info][gc,heap        ] GC(434) Eden regions: 337->0(337)
[96.312s][info][gc,heap        ] GC(434) Survivor regions: 2->2(43)
[96.312s][info][gc,heap        ] GC(434) Old regions: 32->32
[96.312s][info][gc,heap        ] GC(434) Archive regions: 0->0
[96.312s][info][gc,heap        ] GC(434) Humongous regions: 0->0
[96.312s][info][gc,metaspace   ] GC(434) Metaspace: 76079K(76992K)->76079K(76992K) NonClass: 60431K(60672K)->60431K(60672K) Class: 15647K(16320K)->15647K(16320K)
[96.312s][info][gc             ] GC(434) Pause Young (Normal) (G1 Evacuation Pause) 713M->39M(1132M) 4.230ms
[96.312s][info][gc,cpu         ] GC(434) User=0.00s Sys=0.00s Real=0.00s
[96.487s][info][gc,start       ] GC(435) Pause Young (Normal) (G1 Evacuation Pause)
[96.487s][info][gc,task        ] GC(435) Using 33 workers of 33 for evacuation
[96.490s][info][gc,phases      ] GC(435)   Pre Evacuate Collection Set: 0.2ms
[96.490s][info][gc,phases      ] GC(435)   Merge Heap Roots: 0.2ms
[96.490s][info][gc,phases      ] GC(435)   Evacuate Collection Set: 2.4ms
[96.490s][info][gc,phases      ] GC(435)   Post Evacuate Collection Set: 0.7ms
[96.490s][info][gc,phases      ] GC(435)   Other: 0.2ms
[96.490s][info][gc,heap        ] GC(435) Eden regions: 337->0(337)
[96.490s][info][gc,heap        ] GC(435) Survivor regions: 2->2(43)
[96.490s][info][gc,heap        ] GC(435) Old regions: 32->32
[96.490s][info][gc,heap        ] GC(435) Archive regions: 0->0
[96.490s][info][gc,heap        ] GC(435) Humongous regions: 0->0
[96.490s][info][gc,metaspace   ] GC(435) Metaspace: 76079K(76992K)->76079K(76992K) NonClass: 60431K(60672K)->60431K(60672K) Class: 15647K(16320K)->15647K(16320K)
[96.490s][info][gc             ] GC(435) Pause Young (Normal) (G1 Evacuation Pause) 713M->39M(1132M) 3.960ms
[96.491s][info][gc,cpu         ] GC(435) User=0.00s Sys=0.00s Real=0.00s
[96.667s][info][gc,start       ] GC(436) Pause Young (Normal) (G1 Evacuation Pause)
[96.668s][info][gc,task        ] GC(436) Using 33 workers of 33 for evacuation
[96.670s][info][gc,phases      ] GC(436)   Pre Evacuate Collection Set: 0.2ms
[96.670s][info][gc,phases      ] GC(436)   Merge Heap Roots: 0.2ms
[96.670s][info][gc,phases      ] GC(436)   Evacuate Collection Set: 1.2ms
[96.670s][info][gc,phases      ] GC(436)   Post Evacuate Collection Set: 0.7ms
[96.670s][info][gc,phases      ] GC(436)   Other: 0.1ms
[96.670s][info][gc,heap        ] GC(436) Eden regions: 337->0(337)
[96.670s][info][gc,heap        ] GC(436) Survivor regions: 2->2(43)
[96.670s][info][gc,heap        ] GC(436) Old regions: 32->32
[96.670s][info][gc,heap        ] GC(436) Archive regions: 0->0
[96.670s][info][gc,heap        ] GC(436) Humongous regions: 0->0
[96.670s][info][gc,metaspace   ] GC(436) Metaspace: 76079K(76992K)->76079K(76992K) NonClass: 60431K(60672K)->60431K(60672K) Class: 15647K(16320K)->15647K(16320K)
[96.670s][info][gc             ] GC(436) Pause Young (Normal) (G1 Evacuation Pause) 713M->39M(1132M) 2.738ms
[96.670s][info][gc,cpu         ] GC(436) User=0.00s Sys=0.00s Real=0.00s
[96.846s][info][gc,start       ] GC(437) Pause Young (Normal) (G1 Evacuation Pause)
[96.846s][info][gc,task        ] GC(437) Using 33 workers of 33 for evacuation
[96.849s][info][gc,phases      ] GC(437)   Pre Evacuate Collection Set: 0.2ms
[96.849s][info][gc,phases      ] GC(437)   Merge Heap Roots: 0.2ms
[96.849s][info][gc,phases      ] GC(437)   Evacuate Collection Set: 1.2ms
[96.849s][info][gc,phases      ] GC(437)   Post Evacuate Collection Set: 0.7ms
[96.849s][info][gc,phases      ] GC(437)   Other: 0.1ms
[96.849s][info][gc,heap        ] GC(437) Eden regions: 337->0(337)
[96.849s][info][gc,heap        ] GC(437) Survivor regions: 2->2(43)
[96.849s][info][gc,heap        ] GC(437) Old regions: 32->32
[96.849s][info][gc,heap        ] GC(437) Archive regions: 0->0
[96.849s][info][gc,heap        ] GC(437) Humongous regions: 0->0
[96.849s][info][gc,metaspace   ] GC(437) Metaspace: 76079K(76992K)->76079K(76992K) NonClass: 60431K(60672K)->60431K(60672K) Class: 15647K(16320K)->15647K(16320K)
[96.849s][info][gc             ] GC(437) Pause Young (Normal) (G1 Evacuation Pause) 713M->39M(1132M) 2.659ms
[96.849s][info][gc,cpu         ] GC(437) User=0.00s Sys=0.00s Real=0.00s
[97.025s][info][gc,start       ] GC(438) Pause Young (Normal) (G1 Evacuation Pause)
[97.025s][info][gc,task        ] GC(438) Using 33 workers of 33 for evacuation
[97.027s][info][gc,phases      ] GC(438)   Pre Evacuate Collection Set: 0.2ms
[97.027s][info][gc,phases      ] GC(438)   Merge Heap Roots: 0.2ms
[97.027s][info][gc,phases      ] GC(438)   Evacuate Collection Set: 1.2ms
[97.027s][info][gc,phases      ] GC(438)   Post Evacuate Collection Set: 0.7ms
[97.027s][info][gc,phases      ] GC(438)   Other: 0.1ms
[97.027s][info][gc,heap        ] GC(438) Eden regions: 337->0(337)
[97.027s][info][gc,heap        ] GC(438) Survivor regions: 2->2(43)
[97.027s][info][gc,heap        ] GC(438) Old regions: 32->32
[97.027s][info][gc,heap        ] GC(438) Archive regions: 0->0
[97.027s][info][gc,heap        ] GC(438) Humongous regions: 0->0
[97.027s][info][gc,metaspace   ] GC(438) Metaspace: 76079K(76992K)->76079K(76992K) NonClass: 60431K(60672K)->60431K(60672K) Class: 15647K(16320K)->15647K(16320K)
[97.027s][info][gc             ] GC(438) Pause Young (Normal) (G1 Evacuation Pause) 713M->39M(1132M) 2.671ms
[97.028s][info][gc,cpu         ] GC(438) User=0.02s Sys=0.00s Real=0.00s
[97.204s][info][gc,start       ] GC(439) Pause Young (Normal) (G1 Evacuation Pause)
[97.205s][info][gc,task        ] GC(439) Using 33 workers of 33 for evacuation
[97.207s][info][gc,phases      ] GC(439)   Pre Evacuate Collection Set: 0.2ms
[97.207s][info][gc,phases      ] GC(439)   Merge Heap Roots: 0.2ms
[97.207s][info][gc,phases      ] GC(439)   Evacuate Collection Set: 1.3ms
[97.207s][info][gc,phases      ] GC(439)   Post Evacuate Collection Set: 0.7ms
[97.207s][info][gc,phases      ] GC(439)   Other: 0.1ms
[97.207s][info][gc,heap        ] GC(439) Eden regions: 337->0(337)
[97.207s][info][gc,heap        ] GC(439) Survivor regions: 2->2(43)
[97.207s][info][gc,heap        ] GC(439) Old regions: 32->32
[97.207s][info][gc,heap        ] GC(439) Archive regions: 0->0
[97.207s][info][gc,heap        ] GC(439) Humongous regions: 0->0
[97.207s][info][gc,metaspace   ] GC(439) Metaspace: 76079K(76992K)->76079K(76992K) NonClass: 60431K(60672K)->60431K(60672K) Class: 15647K(16320K)->15647K(16320K)
[97.207s][info][gc             ] GC(439) Pause Young (Normal) (G1 Evacuation Pause) 713M->39M(1132M) 2.794ms
[97.207s][info][gc,cpu         ] GC(439) User=0.00s Sys=0.00s Real=0.00s
[97.387s][info][gc,start       ] GC(440) Pause Young (Normal) (G1 Evacuation Pause)
[97.387s][info][gc,task        ] GC(440) Using 33 workers of 33 for evacuation
[97.390s][info][gc,phases      ] GC(440)   Pre Evacuate Collection Set: 0.2ms
[97.390s][info][gc,phases      ] GC(440)   Merge Heap Roots: 0.2ms
[97.390s][info][gc,phases      ] GC(440)   Evacuate Collection Set: 1.3ms
[97.390s][info][gc,phases      ] GC(440)   Post Evacuate Collection Set: 0.8ms
[97.390s][info][gc,phases      ] GC(440)   Other: 0.1ms
[97.390s][info][gc,heap        ] GC(440) Eden regions: 337->0(337)
[97.390s][info][gc,heap        ] GC(440) Survivor regions: 2->2(43)
[97.390s][info][gc,heap        ] GC(440) Old regions: 32->32
[97.390s][info][gc,heap        ] GC(440) Archive regions: 0->0
[97.390s][info][gc,heap        ] GC(440) Humongous regions: 0->0
[97.390s][info][gc,metaspace   ] GC(440) Metaspace: 76079K(76992K)->76079K(76992K) NonClass: 60431K(60672K)->60431K(60672K) Class: 15647K(16320K)->15647K(16320K)
[97.390s][info][gc             ] GC(440) Pause Young (Normal) (G1 Evacuation Pause) 713M->39M(1132M) 2.844ms
[97.390s][info][gc,cpu         ] GC(440) User=0.00s Sys=0.00s Real=0.00s
[97.574s][info][gc,start       ] GC(441) Pause Young (Normal) (G1 Evacuation Pause)
[97.574s][info][gc,task        ] GC(441) Using 33 workers of 33 for evacuation
[97.576s][info][gc,phases      ] GC(441)   Pre Evacuate Collection Set: 0.2ms
[97.576s][info][gc,phases      ] GC(441)   Merge Heap Roots: 0.2ms
[97.576s][info][gc,phases      ] GC(441)   Evacuate Collection Set: 1.2ms
[97.576s][info][gc,phases      ] GC(441)   Post Evacuate Collection Set: 0.7ms
[97.576s][info][gc,phases      ] GC(441)   Other: 0.1ms
[97.576s][info][gc,heap        ] GC(441) Eden regions: 337->0(337)
[97.576s][info][gc,heap        ] GC(441) Survivor regions: 2->2(43)
[97.576s][info][gc,heap        ] GC(441) Old regions: 32->32
[97.576s][info][gc,heap        ] GC(441) Archive regions: 0->0
[97.576s][info][gc,heap        ] GC(441) Humongous regions: 0->0
[97.576s][info][gc,metaspace   ] GC(441) Metaspace: 76079K(76992K)->76079K(76992K) NonClass: 60431K(60672K)->60431K(60672K) Class: 15647K(16320K)->15647K(16320K)
[97.576s][info][gc             ] GC(441) Pause Young (Normal) (G1 Evacuation Pause) 713M->39M(1132M) 2.667ms
[97.576s][info][gc,cpu         ] GC(441) User=0.00s Sys=0.00s Real=0.00s
[97.758s][info][gc,start       ] GC(442) Pause Young (Normal) (G1 Evacuation Pause)
[97.758s][info][gc,task        ] GC(442) Using 33 workers of 33 for evacuation
[97.761s][info][gc,phases      ] GC(442)   Pre Evacuate Collection Set: 0.2ms
[97.761s][info][gc,phases      ] GC(442)   Merge Heap Roots: 0.2ms
[97.761s][info][gc,phases      ] GC(442)   Evacuate Collection Set: 1.2ms
[97.761s][info][gc,phases      ] GC(442)   Post Evacuate Collection Set: 0.7ms
[97.761s][info][gc,phases      ] GC(442)   Other: 0.1ms
[97.761s][info][gc,heap        ] GC(442) Eden regions: 337->0(337)
[97.761s][info][gc,heap        ] GC(442) Survivor regions: 2->2(43)
[97.761s][info][gc,heap        ] GC(442) Old regions: 32->32
[97.761s][info][gc,heap        ] GC(442) Archive regions: 0->0
[97.761s][info][gc,heap        ] GC(442) Humongous regions: 0->0
[97.761s][info][gc,metaspace   ] GC(442) Metaspace: 76079K(76992K)->76079K(76992K) NonClass: 60431K(60672K)->60431K(60672K) Class: 15647K(16320K)->15647K(16320K)
[97.761s][info][gc             ] GC(442) Pause Young (Normal) (G1 Evacuation Pause) 713M->39M(1132M) 2.724ms
[97.761s][info][gc,cpu         ] GC(442) User=0.00s Sys=0.31s Real=0.00s
[97.939s][info][gc,start       ] GC(443) Pause Young (Normal) (G1 Evacuation Pause)
[97.939s][info][gc,task        ] GC(443) Using 33 workers of 33 for evacuation
[97.942s][info][gc,phases      ] GC(443)   Pre Evacuate Collection Set: 0.2ms
[97.942s][info][gc,phases      ] GC(443)   Merge Heap Roots: 0.2ms
[97.942s][info][gc,phases      ] GC(443)   Evacuate Collection Set: 1.2ms
[97.942s][info][gc,phases      ] GC(443)   Post Evacuate Collection Set: 0.7ms
[97.942s][info][gc,phases      ] GC(443)   Other: 0.1ms
[97.942s][info][gc,heap        ] GC(443) Eden regions: 337->0(337)
[97.942s][info][gc,heap        ] GC(443) Survivor regions: 2->2(43)
[97.942s][info][gc,heap        ] GC(443) Old regions: 32->32
[97.942s][info][gc,heap        ] GC(443) Archive regions: 0->0
[97.942s][info][gc,heap        ] GC(443) Humongous regions: 0->0
[97.942s][info][gc,metaspace   ] GC(443) Metaspace: 76079K(76992K)->76079K(76992K) NonClass: 60431K(60672K)->60431K(60672K) Class: 15647K(16320K)->15647K(16320K)
[97.942s][info][gc             ] GC(443) Pause Young (Normal) (G1 Evacuation Pause) 713M->39M(1132M) 2.653ms
[97.942s][info][gc,cpu         ] GC(443) User=0.00s Sys=0.00s Real=0.00s
[98.118s][info][gc,start       ] GC(444) Pause Young (Normal) (G1 Evacuation Pause)
[98.118s][info][gc,task        ] GC(444) Using 33 workers of 33 for evacuation
[98.121s][info][gc,phases      ] GC(444)   Pre Evacuate Collection Set: 0.2ms
[98.121s][info][gc,phases      ] GC(444)   Merge Heap Roots: 0.2ms
[98.121s][info][gc,phases      ] GC(444)   Evacuate Collection Set: 1.3ms
[98.121s][info][gc,phases      ] GC(444)   Post Evacuate Collection Set: 0.7ms
[98.121s][info][gc,phases      ] GC(444)   Other: 0.1ms
[98.121s][info][gc,heap        ] GC(444) Eden regions: 337->0(337)
[98.121s][info][gc,heap        ] GC(444) Survivor regions: 2->2(43)
[98.121s][info][gc,heap        ] GC(444) Old regions: 32->32
[98.121s][info][gc,heap        ] GC(444) Archive regions: 0->0
[98.121s][info][gc,heap        ] GC(444) Humongous regions: 0->0
[98.121s][info][gc,metaspace   ] GC(444) Metaspace: 76079K(76992K)->76079K(76992K) NonClass: 60431K(60672K)->60431K(60672K) Class: 15647K(16320K)->15647K(16320K)
[98.121s][info][gc             ] GC(444) Pause Young (Normal) (G1 Evacuation Pause) 713M->39M(1132M) 2.858ms
[98.121s][info][gc,cpu         ] GC(444) User=0.02s Sys=0.00s Real=0.00s
[98.297s][info][gc,start       ] GC(445) Pause Young (Normal) (G1 Evacuation Pause)
[98.297s][info][gc,task        ] GC(445) Using 33 workers of 33 for evacuation
[98.300s][info][gc,phases      ] GC(445)   Pre Evacuate Collection Set: 0.2ms
[98.300s][info][gc,phases      ] GC(445)   Merge Heap Roots: 0.2ms
[98.300s][info][gc,phases      ] GC(445)   Evacuate Collection Set: 1.3ms
[98.300s][info][gc,phases      ] GC(445)   Post Evacuate Collection Set: 0.6ms
[98.300s][info][gc,phases      ] GC(445)   Other: 0.1ms
[98.300s][info][gc,heap        ] GC(445) Eden regions: 337->0(338)
[98.300s][info][gc,heap        ] GC(445) Survivor regions: 2->1(43)
[98.300s][info][gc,heap        ] GC(445) Old regions: 32->34
[98.300s][info][gc,heap        ] GC(445) Archive regions: 0->0
[98.300s][info][gc,heap        ] GC(445) Humongous regions: 0->0
[98.300s][info][gc,metaspace   ] GC(445) Metaspace: 76079K(76992K)->76079K(76992K) NonClass: 60431K(60672K)->60431K(60672K) Class: 15647K(16320K)->15647K(16320K)
[98.300s][info][gc             ] GC(445) Pause Young (Normal) (G1 Evacuation Pause) 713M->39M(1132M) 2.607ms
[98.300s][info][gc,cpu         ] GC(445) User=0.00s Sys=0.00s Real=0.00s
[98.480s][info][gc,start       ] GC(446) Pause Young (Normal) (G1 Evacuation Pause)
[98.480s][info][gc,task        ] GC(446) Using 33 workers of 33 for evacuation
[98.482s][info][gc,phases      ] GC(446)   Pre Evacuate Collection Set: 0.2ms
[98.482s][info][gc,phases      ] GC(446)   Merge Heap Roots: 0.2ms
[98.482s][info][gc,phases      ] GC(446)   Evacuate Collection Set: 0.9ms
[98.483s][info][gc,phases      ] GC(446)   Post Evacuate Collection Set: 0.6ms
[98.483s][info][gc,phases      ] GC(446)   Other: 0.1ms
[98.483s][info][gc,heap        ] GC(446) Eden regions: 338->0(338)
[98.483s][info][gc,heap        ] GC(446) Survivor regions: 1->1(43)
[98.483s][info][gc,heap        ] GC(446) Old regions: 34->34
[98.483s][info][gc,heap        ] GC(446) Archive regions: 0->0
[98.483s][info][gc,heap        ] GC(446) Humongous regions: 0->0
[98.483s][info][gc,metaspace   ] GC(446) Metaspace: 76079K(76992K)->76079K(76992K) NonClass: 60431K(60672K)->60431K(60672K) Class: 15647K(16320K)->15647K(16320K)
[98.483s][info][gc             ] GC(446) Pause Young (Normal) (G1 Evacuation Pause) 715M->39M(1132M) 2.240ms
[98.483s][info][gc,cpu         ] GC(446) User=0.00s Sys=0.00s Real=0.00s
[98.659s][info][gc,start       ] GC(447) Pause Young (Normal) (G1 Evacuation Pause)
[98.659s][info][gc,task        ] GC(447) Using 33 workers of 33 for evacuation
[98.661s][info][gc,phases      ] GC(447)   Pre Evacuate Collection Set: 0.2ms
[98.661s][info][gc,phases      ] GC(447)   Merge Heap Roots: 0.2ms
[98.661s][info][gc,phases      ] GC(447)   Evacuate Collection Set: 1.0ms
[98.661s][info][gc,phases      ] GC(447)   Post Evacuate Collection Set: 0.6ms
[98.661s][info][gc,phases      ] GC(447)   Other: 0.1ms
[98.661s][info][gc,heap        ] GC(447) Eden regions: 338->0(338)
[98.661s][info][gc,heap        ] GC(447) Survivor regions: 1->1(43)
[98.661s][info][gc,heap        ] GC(447) Old regions: 34->34
[98.661s][info][gc,heap        ] GC(447) Archive regions: 0->0
[98.661s][info][gc,heap        ] GC(447) Humongous regions: 0->0
[98.661s][info][gc,metaspace   ] GC(447) Metaspace: 76079K(76992K)->76079K(76992K) NonClass: 60431K(60672K)->60431K(60672K) Class: 15647K(16320K)->15647K(16320K)
[98.661s][info][gc             ] GC(447) Pause Young (Normal) (G1 Evacuation Pause) 715M->39M(1132M) 2.320ms
[98.661s][info][gc,cpu         ] GC(447) User=0.00s Sys=0.00s Real=0.00s
[98.838s][info][gc,start       ] GC(448) Pause Young (Normal) (G1 Evacuation Pause)
[98.838s][info][gc,task        ] GC(448) Using 33 workers of 33 for evacuation
[98.840s][info][gc,phases      ] GC(448)   Pre Evacuate Collection Set: 0.2ms
[98.840s][info][gc,phases      ] GC(448)   Merge Heap Roots: 0.2ms
[98.840s][info][gc,phases      ] GC(448)   Evacuate Collection Set: 0.9ms
[98.840s][info][gc,phases      ] GC(448)   Post Evacuate Collection Set: 0.6ms
[98.840s][info][gc,phases      ] GC(448)   Other: 0.1ms
[98.840s][info][gc,heap        ] GC(448) Eden regions: 338->0(338)
[98.840s][info][gc,heap        ] GC(448) Survivor regions: 1->1(43)
[98.840s][info][gc,heap        ] GC(448) Old regions: 34->34
[98.840s][info][gc,heap        ] GC(448) Archive regions: 0->0
[98.840s][info][gc,heap        ] GC(448) Humongous regions: 0->0
[98.840s][info][gc,metaspace   ] GC(448) Metaspace: 76079K(76992K)->76079K(76992K) NonClass: 60431K(60672K)->60431K(60672K) Class: 15647K(16320K)->15647K(16320K)
[98.840s][info][gc             ] GC(448) Pause Young (Normal) (G1 Evacuation Pause) 715M->39M(1132M) 2.340ms
[98.840s][info][gc,cpu         ] GC(448) User=0.00s Sys=0.00s Real=0.00s
[99.016s][info][gc,start       ] GC(449) Pause Young (Normal) (G1 Evacuation Pause)
[99.016s][info][gc,task        ] GC(449) Using 33 workers of 33 for evacuation
[99.018s][info][gc,phases      ] GC(449)   Pre Evacuate Collection Set: 0.2ms
[99.018s][info][gc,phases      ] GC(449)   Merge Heap Roots: 0.2ms
[99.018s][info][gc,phases      ] GC(449)   Evacuate Collection Set: 0.9ms
[99.018s][info][gc,phases      ] GC(449)   Post Evacuate Collection Set: 0.6ms
[99.018s][info][gc,phases      ] GC(449)   Other: 0.1ms
[99.018s][info][gc,heap        ] GC(449) Eden regions: 338->0(338)
[99.018s][info][gc,heap        ] GC(449) Survivor regions: 1->1(43)
[99.018s][info][gc,heap        ] GC(449) Old regions: 34->34
[99.018s][info][gc,heap        ] GC(449) Archive regions: 0->0
[99.018s][info][gc,heap        ] GC(449) Humongous regions: 0->0
[99.018s][info][gc,metaspace   ] GC(449) Metaspace: 76079K(76992K)->76079K(76992K) NonClass: 60431K(60672K)->60431K(60672K) Class: 15647K(16320K)->15647K(16320K)
[99.018s][info][gc             ] GC(449) Pause Young (Normal) (G1 Evacuation Pause) 715M->39M(1132M) 2.240ms
[99.018s][info][gc,cpu         ] GC(449) User=0.00s Sys=0.00s Real=0.00s
[99.194s][info][gc,start       ] GC(450) Pause Young (Normal) (G1 Evacuation Pause)
[99.194s][info][gc,task        ] GC(450) Using 33 workers of 33 for evacuation
[99.196s][info][gc,phases      ] GC(450)   Pre Evacuate Collection Set: 0.2ms
[99.196s][info][gc,phases      ] GC(450)   Merge Heap Roots: 0.2ms
[99.196s][info][gc,phases      ] GC(450)   Evacuate Collection Set: 0.9ms
[99.196s][info][gc,phases      ] GC(450)   Post Evacuate Collection Set: 0.6ms
[99.196s][info][gc,phases      ] GC(450)   Other: 0.1ms
[99.196s][info][gc,heap        ] GC(450) Eden regions: 338->0(338)
[99.196s][info][gc,heap        ] GC(450) Survivor regions: 1->1(43)
[99.196s][info][gc,heap        ] GC(450) Old regions: 34->34
[99.196s][info][gc,heap        ] GC(450) Archive regions: 0->0
[99.196s][info][gc,heap        ] GC(450) Humongous regions: 0->0
[99.196s][info][gc,metaspace   ] GC(450) Metaspace: 76079K(76992K)->76079K(76992K) NonClass: 60431K(60672K)->60431K(60672K) Class: 15647K(16320K)->15647K(16320K)
[99.196s][info][gc             ] GC(450) Pause Young (Normal) (G1 Evacuation Pause) 715M->39M(1132M) 2.224ms
[99.196s][info][gc,cpu         ] GC(450) User=0.00s Sys=0.00s Real=0.00s
[99.380s][info][gc,start       ] GC(451) Pause Young (Normal) (G1 Evacuation Pause)
[99.380s][info][gc,task        ] GC(451) Using 33 workers of 33 for evacuation
[99.382s][info][gc,phases      ] GC(451)   Pre Evacuate Collection Set: 0.2ms
[99.382s][info][gc,phases      ] GC(451)   Merge Heap Roots: 0.2ms
[99.382s][info][gc,phases      ] GC(451)   Evacuate Collection Set: 0.9ms
[99.382s][info][gc,phases      ] GC(451)   Post Evacuate Collection Set: 0.6ms
[99.382s][info][gc,phases      ] GC(451)   Other: 0.1ms
[99.382s][info][gc,heap        ] GC(451) Eden regions: 338->0(338)
[99.382s][info][gc,heap        ] GC(451) Survivor regions: 1->1(43)
[99.382s][info][gc,heap        ] GC(451) Old regions: 34->34
[99.382s][info][gc,heap        ] GC(451) Archive regions: 0->0
[99.382s][info][gc,heap        ] GC(451) Humongous regions: 0->0
[99.382s][info][gc,metaspace   ] GC(451) Metaspace: 76079K(76992K)->76079K(76992K) NonClass: 60431K(60672K)->60431K(60672K) Class: 15647K(16320K)->15647K(16320K)
[99.382s][info][gc             ] GC(451) Pause Young (Normal) (G1 Evacuation Pause) 715M->39M(1132M) 2.292ms
[99.383s][info][gc,cpu         ] GC(451) User=0.00s Sys=0.00s Real=0.00s
[99.560s][info][gc,start       ] GC(452) Pause Young (Normal) (G1 Evacuation Pause)
[99.561s][info][gc,task        ] GC(452) Using 33 workers of 33 for evacuation
[99.563s][info][gc,phases      ] GC(452)   Pre Evacuate Collection Set: 0.2ms
[99.563s][info][gc,phases      ] GC(452)   Merge Heap Roots: 0.2ms
[99.563s][info][gc,phases      ] GC(452)   Evacuate Collection Set: 0.9ms
[99.563s][info][gc,phases      ] GC(452)   Post Evacuate Collection Set: 0.6ms
[99.563s][info][gc,phases      ] GC(452)   Other: 0.1ms
[99.563s][info][gc,heap        ] GC(452) Eden regions: 338->0(338)
[99.563s][info][gc,heap        ] GC(452) Survivor regions: 1->1(43)
[99.563s][info][gc,heap        ] GC(452) Old regions: 34->34
[99.563s][info][gc,heap        ] GC(452) Archive regions: 0->0
[99.563s][info][gc,heap        ] GC(452) Humongous regions: 0->0
[99.563s][info][gc,metaspace   ] GC(452) Metaspace: 76079K(76992K)->76079K(76992K) NonClass: 60431K(60672K)->60431K(60672K) Class: 15647K(16320K)->15647K(16320K)
[99.563s][info][gc             ] GC(452) Pause Young (Normal) (G1 Evacuation Pause) 715M->39M(1132M) 2.214ms
[99.563s][info][gc,cpu         ] GC(452) User=0.00s Sys=0.00s Real=0.00s
[99.738s][info][gc,start       ] GC(453) Pause Young (Normal) (G1 Evacuation Pause)
[99.739s][info][gc,task        ] GC(453) Using 33 workers of 33 for evacuation
[99.741s][info][gc,phases      ] GC(453)   Pre Evacuate Collection Set: 0.2ms
[99.741s][info][gc,phases      ] GC(453)   Merge Heap Roots: 0.2ms
[99.741s][info][gc,phases      ] GC(453)   Evacuate Collection Set: 0.9ms
[99.741s][info][gc,phases      ] GC(453)   Post Evacuate Collection Set: 0.5ms
[99.741s][info][gc,phases      ] GC(453)   Other: 0.1ms
[99.741s][info][gc,heap        ] GC(453) Eden regions: 338->0(338)
[99.741s][info][gc,heap        ] GC(453) Survivor regions: 1->1(43)
[99.741s][info][gc,heap        ] GC(453) Old regions: 34->34
[99.741s][info][gc,heap        ] GC(453) Archive regions: 0->0
[99.741s][info][gc,heap        ] GC(453) Humongous regions: 0->0
[99.741s][info][gc,metaspace   ] GC(453) Metaspace: 76079K(76992K)->76079K(76992K) NonClass: 60431K(60672K)->60431K(60672K) Class: 15647K(16320K)->15647K(16320K)
[99.741s][info][gc             ] GC(453) Pause Young (Normal) (G1 Evacuation Pause) 715M->39M(1132M) 2.250ms
[99.741s][info][gc,cpu         ] GC(453) User=0.00s Sys=0.00s Real=0.00s
[99.919s][info][gc,start       ] GC(454) Pause Young (Normal) (G1 Evacuation Pause)
[99.919s][info][gc,task        ] GC(454) Using 33 workers of 33 for evacuation
[99.921s][info][gc,phases      ] GC(454)   Pre Evacuate Collection Set: 0.2ms
[99.921s][info][gc,phases      ] GC(454)   Merge Heap Roots: 0.2ms
[99.921s][info][gc,phases      ] GC(454)   Evacuate Collection Set: 0.9ms
[99.921s][info][gc,phases      ] GC(454)   Post Evacuate Collection Set: 0.6ms
[99.921s][info][gc,phases      ] GC(454)   Other: 0.1ms
[99.921s][info][gc,heap        ] GC(454) Eden regions: 338->0(338)
[99.921s][info][gc,heap        ] GC(454) Survivor regions: 1->1(43)
[99.921s][info][gc,heap        ] GC(454) Old regions: 34->34
[99.921s][info][gc,heap        ] GC(454) Archive regions: 0->0
[99.921s][info][gc,heap        ] GC(454) Humongous regions: 0->0
[99.921s][info][gc,metaspace   ] GC(454) Metaspace: 76079K(76992K)->76079K(76992K) NonClass: 60431K(60672K)->60431K(60672K) Class: 15647K(16320K)->15647K(16320K)
[99.921s][info][gc             ] GC(454) Pause Young (Normal) (G1 Evacuation Pause) 715M->39M(1132M) 2.288ms
[99.921s][info][gc,cpu         ] GC(454) User=0.00s Sys=0.00s Real=0.00s
[100.097s][info][gc,start       ] GC(455) Pause Young (Normal) (G1 Evacuation Pause)
[100.097s][info][gc,task        ] GC(455) Using 33 workers of 33 for evacuation
[100.099s][info][gc,phases      ] GC(455)   Pre Evacuate Collection Set: 0.2ms
[100.099s][info][gc,phases      ] GC(455)   Merge Heap Roots: 0.2ms
[100.099s][info][gc,phases      ] GC(455)   Evacuate Collection Set: 0.9ms
[100.099s][info][gc,phases      ] GC(455)   Post Evacuate Collection Set: 0.6ms
[100.099s][info][gc,phases      ] GC(455)   Other: 0.1ms
[100.099s][info][gc,heap        ] GC(455) Eden regions: 338->0(338)
[100.099s][info][gc,heap        ] GC(455) Survivor regions: 1->1(43)
[100.099s][info][gc,heap        ] GC(455) Old regions: 34->34
[100.099s][info][gc,heap        ] GC(455) Archive regions: 0->0
[100.099s][info][gc,heap        ] GC(455) Humongous regions: 0->0
[100.099s][info][gc,metaspace   ] GC(455) Metaspace: 76079K(76992K)->76079K(76992K) NonClass: 60431K(60672K)->60431K(60672K) Class: 15647K(16320K)->15647K(16320K)
[100.099s][info][gc             ] GC(455) Pause Young (Normal) (G1 Evacuation Pause) 715M->39M(1132M) 2.274ms
[100.100s][info][gc,cpu         ] GC(455) User=0.00s Sys=0.00s Real=0.00s
[100.275s][info][gc,start       ] GC(456) Pause Young (Normal) (G1 Evacuation Pause)
[100.275s][info][gc,task        ] GC(456) Using 33 workers of 33 for evacuation
[100.278s][info][gc,phases      ] GC(456)   Pre Evacuate Collection Set: 0.2ms
[100.278s][info][gc,phases      ] GC(456)   Merge Heap Roots: 0.2ms
[100.278s][info][gc,phases      ] GC(456)   Evacuate Collection Set: 1.0ms
[100.278s][info][gc,phases      ] GC(456)   Post Evacuate Collection Set: 0.6ms
[100.278s][info][gc,phases      ] GC(456)   Other: 0.1ms
[100.278s][info][gc,heap        ] GC(456) Eden regions: 338->0(338)
[100.278s][info][gc,heap        ] GC(456) Survivor regions: 1->1(43)
[100.278s][info][gc,heap        ] GC(456) Old regions: 34->34
[100.278s][info][gc,heap        ] GC(456) Archive regions: 0->0
[100.278s][info][gc,heap        ] GC(456) Humongous regions: 0->0
[100.278s][info][gc,metaspace   ] GC(456) Metaspace: 76079K(76992K)->76079K(76992K) NonClass: 60431K(60672K)->60431K(60672K) Class: 15647K(16320K)->15647K(16320K)
[100.278s][info][gc             ] GC(456) Pause Young (Normal) (G1 Evacuation Pause) 715M->39M(1132M) 2.365ms
[100.278s][info][gc,cpu         ] GC(456) User=0.00s Sys=0.00s Real=0.00s
[100.452s][info][gc,start       ] GC(457) Pause Young (Normal) (G1 Evacuation Pause)
[100.452s][info][gc,task        ] GC(457) Using 33 workers of 33 for evacuation
[100.454s][info][gc,phases      ] GC(457)   Pre Evacuate Collection Set: 0.2ms
[100.454s][info][gc,phases      ] GC(457)   Merge Heap Roots: 0.2ms
[100.454s][info][gc,phases      ] GC(457)   Evacuate Collection Set: 0.9ms
[100.454s][info][gc,phases      ] GC(457)   Post Evacuate Collection Set: 0.6ms
[100.454s][info][gc,phases      ] GC(457)   Other: 0.1ms
[100.454s][info][gc,heap        ] GC(457) Eden regions: 338->0(338)
[100.454s][info][gc,heap        ] GC(457) Survivor regions: 1->1(43)
[100.454s][info][gc,heap        ] GC(457) Old regions: 34->34
[100.454s][info][gc,heap        ] GC(457) Archive regions: 0->0
[100.454s][info][gc,heap        ] GC(457) Humongous regions: 0->0
[100.454s][info][gc,metaspace   ] GC(457) Metaspace: 76079K(76992K)->76079K(76992K) NonClass: 60431K(60672K)->60431K(60672K) Class: 15647K(16320K)->15647K(16320K)
[100.454s][info][gc             ] GC(457) Pause Young (Normal) (G1 Evacuation Pause) 715M->39M(1132M) 2.236ms
[100.455s][info][gc,cpu         ] GC(457) User=0.00s Sys=0.00s Real=0.00s
[100.630s][info][gc,start       ] GC(458) Pause Young (Normal) (G1 Evacuation Pause)
[100.630s][info][gc,task        ] GC(458) Using 33 workers of 33 for evacuation
[100.632s][info][gc,phases      ] GC(458)   Pre Evacuate Collection Set: 0.2ms
[100.632s][info][gc,phases      ] GC(458)   Merge Heap Roots: 0.2ms
[100.632s][info][gc,phases      ] GC(458)   Evacuate Collection Set: 0.9ms
[100.632s][info][gc,phases      ] GC(458)   Post Evacuate Collection Set: 0.6ms
[100.632s][info][gc,phases      ] GC(458)   Other: 0.1ms
[100.632s][info][gc,heap        ] GC(458) Eden regions: 338->0(338)
[100.632s][info][gc,heap        ] GC(458) Survivor regions: 1->1(43)
[100.632s][info][gc,heap        ] GC(458) Old regions: 34->34
[100.632s][info][gc,heap        ] GC(458) Archive regions: 0->0
[100.632s][info][gc,heap        ] GC(458) Humongous regions: 0->0
[100.632s][info][gc,metaspace   ] GC(458) Metaspace: 76079K(76992K)->76079K(76992K) NonClass: 60431K(60672K)->60431K(60672K) Class: 15647K(16320K)->15647K(16320K)
[100.632s][info][gc             ] GC(458) Pause Young (Normal) (G1 Evacuation Pause) 715M->39M(1132M) 2.227ms
[100.632s][info][gc,cpu         ] GC(458) User=0.00s Sys=0.00s Real=0.00s
[100.807s][info][gc,start       ] GC(459) Pause Young (Normal) (G1 Evacuation Pause)
[100.807s][info][gc,task        ] GC(459) Using 33 workers of 33 for evacuation
[100.809s][info][gc,phases      ] GC(459)   Pre Evacuate Collection Set: 0.2ms
[100.809s][info][gc,phases      ] GC(459)   Merge Heap Roots: 0.2ms
[100.809s][info][gc,phases      ] GC(459)   Evacuate Collection Set: 0.9ms
[100.809s][info][gc,phases      ] GC(459)   Post Evacuate Collection Set: 0.6ms
[100.809s][info][gc,phases      ] GC(459)   Other: 0.1ms
[100.809s][info][gc,heap        ] GC(459) Eden regions: 338->0(338)
[100.809s][info][gc,heap        ] GC(459) Survivor regions: 1->1(43)
[100.809s][info][gc,heap        ] GC(459) Old regions: 34->34
[100.809s][info][gc,heap        ] GC(459) Archive regions: 0->0
[100.809s][info][gc,heap        ] GC(459) Humongous regions: 0->0
[100.809s][info][gc,metaspace   ] GC(459) Metaspace: 76079K(76992K)->76079K(76992K) NonClass: 60431K(60672K)->60431K(60672K) Class: 15647K(16320K)->15647K(16320K)
[100.809s][info][gc             ] GC(459) Pause Young (Normal) (G1 Evacuation Pause) 715M->39M(1132M) 2.293ms
[100.809s][info][gc,cpu         ] GC(459) User=0.00s Sys=0.00s Real=0.00s
[100.988s][info][gc,start       ] GC(460) Pause Young (Normal) (G1 Evacuation Pause)
[100.988s][info][gc,task        ] GC(460) Using 33 workers of 33 for evacuation
[100.990s][info][gc,phases      ] GC(460)   Pre Evacuate Collection Set: 0.2ms
[100.990s][info][gc,phases      ] GC(460)   Merge Heap Roots: 0.2ms
[100.990s][info][gc,phases      ] GC(460)   Evacuate Collection Set: 0.9ms
[100.990s][info][gc,phases      ] GC(460)   Post Evacuate Collection Set: 0.6ms
[100.990s][info][gc,phases      ] GC(460)   Other: 0.1ms
[100.990s][info][gc,heap        ] GC(460) Eden regions: 338->0(338)
[100.990s][info][gc,heap        ] GC(460) Survivor regions: 1->1(43)
[100.990s][info][gc,heap        ] GC(460) Old regions: 34->34
[100.990s][info][gc,heap        ] GC(460) Archive regions: 0->0
[100.990s][info][gc,heap        ] GC(460) Humongous regions: 0->0
[100.990s][info][gc,metaspace   ] GC(460) Metaspace: 76079K(76992K)->76079K(76992K) NonClass: 60431K(60672K)->60431K(60672K) Class: 15647K(16320K)->15647K(16320K)
[100.990s][info][gc             ] GC(460) Pause Young (Normal) (G1 Evacuation Pause) 715M->39M(1132M) 2.413ms
[100.990s][info][gc,cpu         ] GC(460) User=0.00s Sys=0.00s Real=0.00s
[101.176s][info][gc,start       ] GC(461) Pause Young (Normal) (G1 Evacuation Pause)
[101.176s][info][gc,task        ] GC(461) Using 33 workers of 33 for evacuation
[101.178s][info][gc,phases      ] GC(461)   Pre Evacuate Collection Set: 0.2ms
[101.178s][info][gc,phases      ] GC(461)   Merge Heap Roots: 0.2ms
[101.178s][info][gc,phases      ] GC(461)   Evacuate Collection Set: 0.9ms
[101.178s][info][gc,phases      ] GC(461)   Post Evacuate Collection Set: 0.6ms
[101.179s][info][gc,phases      ] GC(461)   Other: 0.1ms
[101.179s][info][gc,heap        ] GC(461) Eden regions: 338->0(338)
[101.179s][info][gc,heap        ] GC(461) Survivor regions: 1->1(43)
[101.179s][info][gc,heap        ] GC(461) Old regions: 34->34
[101.179s][info][gc,heap        ] GC(461) Archive regions: 0->0
[101.179s][info][gc,heap        ] GC(461) Humongous regions: 0->0
[101.179s][info][gc,metaspace   ] GC(461) Metaspace: 76079K(76992K)->76079K(76992K) NonClass: 60431K(60672K)->60431K(60672K) Class: 15647K(16320K)->15647K(16320K)
[101.179s][info][gc             ] GC(461) Pause Young (Normal) (G1 Evacuation Pause) 715M->39M(1132M) 2.246ms
[101.179s][info][gc,cpu         ] GC(461) User=0.00s Sys=0.00s Real=0.00s
[101.383s][info][gc,start       ] GC(462) Pause Young (Normal) (G1 Evacuation Pause)
[101.383s][info][gc,task        ] GC(462) Using 33 workers of 33 for evacuation
[101.385s][info][gc,phases      ] GC(462)   Pre Evacuate Collection Set: 0.2ms
[101.385s][info][gc,phases      ] GC(462)   Merge Heap Roots: 0.2ms
[101.385s][info][gc,phases      ] GC(462)   Evacuate Collection Set: 0.7ms
[101.385s][info][gc,phases      ] GC(462)   Post Evacuate Collection Set: 0.6ms
[101.385s][info][gc,phases      ] GC(462)   Other: 0.1ms
[101.385s][info][gc,heap        ] GC(462) Eden regions: 338->0(338)
[101.385s][info][gc,heap        ] GC(462) Survivor regions: 1->1(43)
[101.385s][info][gc,heap        ] GC(462) Old regions: 34->34
[101.385s][info][gc,heap        ] GC(462) Archive regions: 0->0
[101.385s][info][gc,heap        ] GC(462) Humongous regions: 0->0
[101.385s][info][gc,metaspace   ] GC(462) Metaspace: 76079K(76992K)->76079K(76992K) NonClass: 60431K(60672K)->60431K(60672K) Class: 15647K(16320K)->15647K(16320K)
[101.385s][info][gc             ] GC(462) Pause Young (Normal) (G1 Evacuation Pause) 715M->39M(1132M) 2.115ms
[101.385s][info][gc,cpu         ] GC(462) User=0.52s Sys=0.00s Real=0.00s
[101.645s][info][gc,start       ] GC(463) Pause Young (Normal) (G1 Evacuation Pause)
[101.645s][info][gc,task        ] GC(463) Using 32 workers of 33 for evacuation
[101.647s][info][gc,phases      ] GC(463)   Pre Evacuate Collection Set: 0.2ms
[101.647s][info][gc,phases      ] GC(463)   Merge Heap Roots: 0.2ms
[101.647s][info][gc,phases      ] GC(463)   Evacuate Collection Set: 0.8ms
[101.647s][info][gc,phases      ] GC(463)   Post Evacuate Collection Set: 0.6ms
[101.647s][info][gc,phases      ] GC(463)   Other: 0.1ms
[101.647s][info][gc,heap        ] GC(463) Eden regions: 338->0(338)
[101.647s][info][gc,heap        ] GC(463) Survivor regions: 1->1(43)
[101.647s][info][gc,heap        ] GC(463) Old regions: 34->34
[101.647s][info][gc,heap        ] GC(463) Archive regions: 0->0
[101.647s][info][gc,heap        ] GC(463) Humongous regions: 0->0
[101.647s][info][gc,metaspace   ] GC(463) Metaspace: 76079K(76992K)->76079K(76992K) NonClass: 60431K(60672K)->60431K(60672K) Class: 15647K(16320K)->15647K(16320K)
[101.647s][info][gc             ] GC(463) Pause Young (Normal) (G1 Evacuation Pause) 715M->39M(1132M) 2.147ms
[101.647s][info][gc,cpu         ] GC(463) User=0.00s Sys=0.00s Real=0.00s
[102.051s][info][gc,start       ] GC(464) Pause Young (Normal) (G1 Evacuation Pause)
[102.051s][info][gc,task        ] GC(464) Using 29 workers of 33 for evacuation
[102.053s][info][gc,phases      ] GC(464)   Pre Evacuate Collection Set: 0.2ms
[102.053s][info][gc,phases      ] GC(464)   Merge Heap Roots: 0.2ms
[102.053s][info][gc,phases      ] GC(464)   Evacuate Collection Set: 0.8ms
[102.053s][info][gc,phases      ] GC(464)   Post Evacuate Collection Set: 0.5ms
[102.053s][info][gc,phases      ] GC(464)   Other: 0.1ms
[102.053s][info][gc,heap        ] GC(464) Eden regions: 338->0(338)
[102.053s][info][gc,heap        ] GC(464) Survivor regions: 1->1(43)
[102.053s][info][gc,heap        ] GC(464) Old regions: 34->34
[102.053s][info][gc,heap        ] GC(464) Archive regions: 0->0
[102.053s][info][gc,heap        ] GC(464) Humongous regions: 0->0
[102.053s][info][gc,metaspace   ] GC(464) Metaspace: 76079K(76992K)->76079K(76992K) NonClass: 60431K(60672K)->60431K(60672K) Class: 15647K(16320K)->15647K(16320K)
[102.053s][info][gc             ] GC(464) Pause Young (Normal) (G1 Evacuation Pause) 715M->39M(1132M) 1.981ms
[102.053s][info][gc,cpu         ] GC(464) User=0.00s Sys=0.00s Real=0.00s
[102.537s][info][gc,start       ] GC(465) Pause Young (Normal) (G1 Evacuation Pause)
[102.537s][info][gc,task        ] GC(465) Using 28 workers of 33 for evacuation
[102.538s][info][gc,phases      ] GC(465)   Pre Evacuate Collection Set: 0.2ms
[102.538s][info][gc,phases      ] GC(465)   Merge Heap Roots: 0.1ms
[102.538s][info][gc,phases      ] GC(465)   Evacuate Collection Set: 0.7ms
[102.538s][info][gc,phases      ] GC(465)   Post Evacuate Collection Set: 0.5ms
[102.538s][info][gc,phases      ] GC(465)   Other: 0.1ms
[102.538s][info][gc,heap        ] GC(465) Eden regions: 338->0(338)
[102.538s][info][gc,heap        ] GC(465) Survivor regions: 1->1(43)
[102.538s][info][gc,heap        ] GC(465) Old regions: 34->34
[102.538s][info][gc,heap        ] GC(465) Archive regions: 0->0
[102.538s][info][gc,heap        ] GC(465) Humongous regions: 0->0
[102.538s][info][gc,metaspace   ] GC(465) Metaspace: 76079K(76992K)->76079K(76992K) NonClass: 60431K(60672K)->60431K(60672K) Class: 15647K(16320K)->15647K(16320K)
[102.538s][info][gc             ] GC(465) Pause Young (Normal) (G1 Evacuation Pause) 715M->39M(1132M) 1.878ms
[102.538s][info][gc,cpu         ] GC(465) User=0.00s Sys=0.00s Real=0.00s
[103.022s][info][gc,start       ] GC(466) Pause Young (Normal) (G1 Evacuation Pause)
[103.022s][info][gc,task        ] GC(466) Using 27 workers of 33 for evacuation
[103.023s][info][gc,phases      ] GC(466)   Pre Evacuate Collection Set: 0.2ms
[103.023s][info][gc,phases      ] GC(466)   Merge Heap Roots: 0.1ms
[103.023s][info][gc,phases      ] GC(466)   Evacuate Collection Set: 0.6ms
[103.023s][info][gc,phases      ] GC(466)   Post Evacuate Collection Set: 0.5ms
[103.023s][info][gc,phases      ] GC(466)   Other: 0.1ms
[103.023s][info][gc,heap        ] GC(466) Eden regions: 338->0(338)
[103.023s][info][gc,heap        ] GC(466) Survivor regions: 1->1(43)
[103.023s][info][gc,heap        ] GC(466) Old regions: 34->34
[103.023s][info][gc,heap        ] GC(466) Archive regions: 0->0
[103.023s][info][gc,heap        ] GC(466) Humongous regions: 0->0
[103.023s][info][gc,metaspace   ] GC(466) Metaspace: 76079K(76992K)->76079K(76992K) NonClass: 60431K(60672K)->60431K(60672K) Class: 15647K(16320K)->15647K(16320K)
[103.023s][info][gc             ] GC(466) Pause Young (Normal) (G1 Evacuation Pause) 715M->39M(1132M) 1.791ms
[103.023s][info][gc,cpu         ] GC(466) User=0.00s Sys=0.00s Real=0.00s
[103.383s][info][gc,heap,exit   ] Heap
[103.383s][info][gc,heap,exit   ]  garbage-first heap   total 1159168K, used 491053K [0x0000000700000000, 0x0000000800000000)
[103.383s][info][gc,heap,exit   ]   region size 2048K, 221 young (452608K), 1 survivors (2048K)
[103.383s][info][gc,heap,exit   ]  Metaspace       used 76161K, committed 76992K, reserved 1114112K
[103.383s][info][gc,heap,exit   ]   class space    used 15670K, committed 16320K, reserved 1048576K
