[0.016s][info][gc,init] CardTable entry size: 512
[0.017s][info][gc     ] Using Parallel
[0.020s][info][gc,init] Version: 20+36-2344 (release)
[0.020s][info][gc,init] CPUs: 48 total, 48 available
[0.020s][info][gc,init] Memory: 382G
[0.020s][info][gc,init] Large Page Support: Disabled
[0.020s][info][gc,init] NUMA Support: Disabled
[0.020s][info][gc,init] Compressed Oops: Enabled (32-bit)
[0.020s][info][gc,init] Alignments: Space 512K, Generation 512K, Heap 2M
[0.020s][info][gc,init] Heap Min Capacity: 8M
[0.020s][info][gc,init] Heap Initial Capacity: 512M
[0.039s][info][gc,init] Heap Max Capacity: 512M
[0.039s][info][gc,init] Pre-touch: Disabled
[0.039s][info][gc,init] Parallel Workers: 33
[0.040s][info][gc,metaspace] CDS archive(s) mapped at: [0x0000000800000000-0x0000000800c60000-0x0000000800c60000), size 12976128, SharedBaseAddress: 0x0000000800000000, ArchiveRelocationMode: 0.
[0.040s][info][gc,metaspace] Compressed class space mapped at: 0x0000000801000000-0x0000000841000000, reserved size: 1073741824
[0.040s][info][gc,metaspace] Narrow klass base: 0x0000000800000000, Narrow klass shift: 0, Narrow klass range: 0x100000000
[4.551s][info][gc,start    ] GC(0) Pause Young (Metadata GC Threshold)
[4.561s][info][gc,heap     ] GC(0) PSYoungGen: 103095K(153088K)->7891K(153088K) Eden: 103095K(131584K)->0K(131584K) From: 0K(21504K)->7891K(21504K)
[4.561s][info][gc,heap     ] GC(0) ParOldGen: 0K(349696K)->16K(349696K)
[4.561s][info][gc,metaspace] GC(0) Metaspace: 21258K(21504K)->21258K(21504K) NonClass: 18523K(18624K)->18523K(18624K) Class: 2734K(2880K)->2734K(2880K)
[4.561s][info][gc          ] GC(0) Pause Young (Metadata GC Threshold) 100M->7M(491M) 9.952ms
[4.561s][info][gc,cpu      ] GC(0) User=0.00s Sys=0.00s Real=0.00s
[4.561s][info][gc,start    ] GC(1) Pause Full (Metadata GC Threshold)
[4.561s][info][gc,phases,start] GC(1) Marking Phase
[4.572s][info][gc,phases      ] GC(1) Marking Phase 10.427ms
[4.572s][info][gc,phases,start] GC(1) Summary Phase
[4.572s][info][gc,phases      ] GC(1) Summary Phase 0.027ms
[4.572s][info][gc,phases,start] GC(1) Adjust Roots
[4.576s][info][gc,phases      ] GC(1) Adjust Roots 4.303ms
[4.576s][info][gc,phases,start] GC(1) Compaction Phase
[4.584s][info][gc,phases      ] GC(1) Compaction Phase 7.754ms
[4.584s][info][gc,phases,start] GC(1) Post Compact
[4.587s][info][gc,phases      ] GC(1) Post Compact 2.575ms
[4.587s][info][gc,heap        ] GC(1) PSYoungGen: 7891K(153088K)->0K(153088K) Eden: 0K(131584K)->0K(131584K) From: 7891K(21504K)->0K(21504K)
[4.587s][info][gc,heap        ] GC(1) ParOldGen: 16K(349696K)->7645K(349696K)
[4.587s][info][gc,metaspace   ] GC(1) Metaspace: 21258K(21504K)->21258K(21504K) NonClass: 18523K(18624K)->18523K(18624K) Class: 2734K(2880K)->2734K(2880K)
[4.587s][info][gc             ] GC(1) Pause Full (Metadata GC Threshold) 7M->7M(491M) 25.481ms
[4.587s][info][gc,cpu         ] GC(1) User=0.23s Sys=0.00s Real=0.03s
[5.365s][info][gc,start       ] GC(2) Pause Young (System.gc())
[5.372s][info][gc,heap        ] GC(2) PSYoungGen: 63238K(153088K)->5632K(153088K) Eden: 63238K(131584K)->0K(131584K) From: 0K(21504K)->5632K(21504K)
[5.372s][info][gc,heap        ] GC(2) ParOldGen: 7645K(349696K)->7653K(349696K)
[5.372s][info][gc,metaspace   ] GC(2) Metaspace: 30315K(30656K)->30315K(30656K) NonClass: 26265K(26432K)->26265K(26432K) Class: 4050K(4224K)->4050K(4224K)
[5.373s][info][gc             ] GC(2) Pause Young (System.gc()) 69M->12M(491M) 7.411ms
[5.373s][info][gc,cpu         ] GC(2) User=0.00s Sys=0.00s Real=0.00s
[5.373s][info][gc,start       ] GC(3) Pause Full (System.gc())
[5.373s][info][gc,phases,start] GC(3) Marking Phase
[5.390s][info][gc,phases      ] GC(3) Marking Phase 17.676ms
[5.390s][info][gc,phases,start] GC(3) Summary Phase
[5.390s][info][gc,phases      ] GC(3) Summary Phase 0.012ms
[5.390s][info][gc,phases,start] GC(3) Adjust Roots
[5.395s][info][gc,phases      ] GC(3) Adjust Roots 4.747ms
[5.395s][info][gc,phases,start] GC(3) Compaction Phase
[5.405s][info][gc,phases      ] GC(3) Compaction Phase 9.550ms
[5.405s][info][gc,phases,start] GC(3) Post Compact
[5.405s][info][gc,phases      ] GC(3) Post Compact 0.585ms
[5.405s][info][gc,heap        ] GC(3) PSYoungGen: 5632K(153088K)->0K(153088K) Eden: 0K(131584K)->0K(131584K) From: 5632K(21504K)->0K(21504K)
[5.405s][info][gc,heap        ] GC(3) ParOldGen: 7653K(349696K)->12491K(349696K)
[5.405s][info][gc,metaspace   ] GC(3) Metaspace: 30315K(30656K)->30315K(30656K) NonClass: 26265K(26432K)->26265K(26432K) Class: 4050K(4224K)->4050K(4224K)
[5.405s][info][gc             ] GC(3) Pause Full (System.gc()) 12M->12M(491M) 32.780ms
[5.406s][info][gc,cpu         ] GC(3) User=1.03s Sys=0.00s Real=0.03s
[6.561s][info][gc,start       ] GC(4) Pause Young (Allocation Failure)
[6.568s][info][gc,heap        ] GC(4) PSYoungGen: 131584K(153088K)->4928K(153088K) Eden: 131584K(131584K)->0K(131584K) From: 0K(21504K)->4928K(21504K)
[6.568s][info][gc,heap        ] GC(4) ParOldGen: 12491K(349696K)->12499K(349696K)
[6.568s][info][gc,metaspace   ] GC(4) Metaspace: 48907K(49600K)->48907K(49600K) NonClass: 39656K(40064K)->39656K(40064K) Class: 9251K(9536K)->9251K(9536K)
[6.568s][info][gc             ] GC(4) Pause Young (Allocation Failure) 140M->17M(491M) 6.815ms
[6.568s][info][gc,cpu         ] GC(4) User=0.00s Sys=0.00s Real=0.00s
[6.612s][info][gc,start       ] GC(5) Pause Young (Metadata GC Threshold)
[6.619s][info][gc,heap        ] GC(5) PSYoungGen: 21914K(153088K)->4592K(153088K) Eden: 16986K(131584K)->0K(131584K) From: 4928K(21504K)->4592K(21504K)
[6.619s][info][gc,heap        ] GC(5) ParOldGen: 12499K(349696K)->12507K(349696K)
[6.619s][info][gc,metaspace   ] GC(5) Metaspace: 50059K(51136K)->50059K(51136K) NonClass: 40483K(41152K)->40483K(41152K) Class: 9575K(9984K)->9575K(9984K)
[6.619s][info][gc             ] GC(5) Pause Young (Metadata GC Threshold) 33M->16M(491M) 6.545ms
[6.619s][info][gc,cpu         ] GC(5) User=0.00s Sys=0.00s Real=0.01s
[6.619s][info][gc,start       ] GC(6) Pause Full (Metadata GC Threshold)
[6.619s][info][gc,phases,start] GC(6) Marking Phase
[6.644s][info][gc,phases      ] GC(6) Marking Phase 25.410ms
[6.644s][info][gc,phases,start] GC(6) Summary Phase
[6.644s][info][gc,phases      ] GC(6) Summary Phase 0.014ms
[6.644s][info][gc,phases,start] GC(6) Adjust Roots
[6.651s][info][gc,phases      ] GC(6) Adjust Roots 6.483ms
[6.651s][info][gc,phases,start] GC(6) Compaction Phase
[6.662s][info][gc,phases      ] GC(6) Compaction Phase 11.753ms
[6.663s][info][gc,phases,start] GC(6) Post Compact
[6.665s][info][gc,phases      ] GC(6) Post Compact 2.112ms
[6.665s][info][gc,heap        ] GC(6) PSYoungGen: 4592K(153088K)->0K(153088K) Eden: 0K(131584K)->0K(131584K) From: 4592K(21504K)->0K(21504K)
[6.665s][info][gc,heap        ] GC(6) ParOldGen: 12507K(349696K)->15952K(349696K)
[6.665s][info][gc,metaspace   ] GC(6) Metaspace: 50059K(51136K)->49230K(51072K) NonClass: 40483K(41152K)->39902K(41088K) Class: 9575K(9984K)->9327K(9984K)
[6.665s][info][gc             ] GC(6) Pause Full (Metadata GC Threshold) 16M->15M(491M) 46.031ms
[6.665s][info][gc,cpu         ] GC(6) User=0.59s Sys=0.02s Real=0.05s
[7.785s][info][gc,start       ] GC(7) Pause Young (Allocation Failure)
[7.793s][info][gc,heap        ] GC(7) PSYoungGen: 131584K(153088K)->20672K(153088K) Eden: 131584K(131584K)->0K(131584K) From: 0K(21504K)->20672K(21504K)
[7.793s][info][gc,heap        ] GC(7) ParOldGen: 15952K(349696K)->15960K(349696K)
[7.793s][info][gc,metaspace   ] GC(7) Metaspace: 65442K(66048K)->65442K(66048K) NonClass: 51784K(52160K)->51784K(52160K) Class: 13658K(13888K)->13658K(13888K)
[7.793s][info][gc             ] GC(7) Pause Young (Allocation Failure) 144M->35M(491M) 8.443ms
[7.793s][info][gc,cpu         ] GC(7) User=0.00s Sys=0.00s Real=0.00s
[8.406s][info][gc,start       ] GC(8) Pause Young (Allocation Failure)
[8.420s][info][gc,heap        ] GC(8) PSYoungGen: 152256K(153088K)->21504K(146944K) Eden: 131584K(131584K)->0K(125440K) From: 20672K(21504K)->21504K(21504K)
[8.421s][info][gc,heap        ] GC(8) ParOldGen: 15960K(349696K)->16984K(349696K)
[8.421s][info][gc,metaspace   ] GC(8) Metaspace: 71180K(71744K)->71180K(71744K) NonClass: 56429K(56768K)->56429K(56768K) Class: 14750K(14976K)->14750K(14976K)
[8.421s][info][gc             ] GC(8) Pause Young (Allocation Failure) 164M->37M(485M) 14.277ms
[8.421s][info][gc,cpu         ] GC(8) User=0.00s Sys=0.00s Real=0.00s
[8.657s][info][gc,start       ] GC(9) Pause Young (Allocation Failure)
[8.663s][info][gc,heap        ] GC(9) PSYoungGen: 146944K(146944K)->22016K(147456K) Eden: 125440K(125440K)->0K(125440K) From: 21504K(21504K)->22016K(22016K)
[8.663s][info][gc,heap        ] GC(9) ParOldGen: 16984K(349696K)->16992K(349696K)
[8.663s][info][gc,metaspace   ] GC(9) Metaspace: 71243K(71808K)->71243K(71808K) NonClass: 56488K(56832K)->56488K(56832K) Class: 14754K(14976K)->14754K(14976K)
[8.663s][info][gc             ] GC(9) Pause Young (Allocation Failure) 160M->38M(485M) 6.204ms
[8.663s][info][gc,cpu         ] GC(9) User=0.00s Sys=0.00s Real=0.00s
[8.886s][info][gc,start       ] GC(10) Pause Young (Allocation Failure)
[8.892s][info][gc,heap        ] GC(10) PSYoungGen: 147456K(147456K)->22080K(140288K) Eden: 125440K(125440K)->0K(113152K) From: 22016K(22016K)->22080K(27136K)
[8.892s][info][gc,heap        ] GC(10) ParOldGen: 16992K(349696K)->17000K(349696K)
[8.892s][info][gc,metaspace   ] GC(10) Metaspace: 71376K(72000K)->71376K(72000K) NonClass: 56621K(57024K)->56621K(57024K) Class: 14754K(14976K)->14754K(14976K)
[8.892s][info][gc             ] GC(10) Pause Young (Allocation Failure) 160M->38M(478M) 5.850ms
[8.892s][info][gc,cpu         ] GC(10) User=0.00s Sys=0.00s Real=0.00s
[9.061s][info][gc,start       ] GC(11) Pause Young (Allocation Failure)
[9.076s][info][gc,heap        ] GC(11) PSYoungGen: 135232K(140288K)->4448K(143872K) Eden: 113152K(113152K)->0K(113152K) From: 22080K(27136K)->4448K(30720K)
[9.076s][info][gc,heap        ] GC(11) ParOldGen: 17000K(349696K)->35129K(349696K)
[9.076s][info][gc,metaspace   ] GC(11) Metaspace: 71392K(72000K)->71392K(72000K) NonClass: 56636K(57024K)->56636K(57024K) Class: 14755K(14976K)->14755K(14976K)
[9.076s][info][gc             ] GC(11) Pause Young (Allocation Failure) 148M->38M(482M) 15.306ms
[9.077s][info][gc,cpu         ] GC(11) User=0.52s Sys=0.06s Real=0.02s
[9.248s][info][gc,start       ] GC(12) Pause Young (Allocation Failure)
[9.251s][info][gc,heap        ] GC(12) PSYoungGen: 117600K(143872K)->1888K(143360K) Eden: 113152K(113152K)->0K(113152K) From: 4448K(30720K)->1888K(30208K)
[9.251s][info][gc,heap        ] GC(12) ParOldGen: 35129K(349696K)->37806K(349696K)
[9.251s][info][gc,metaspace   ] GC(12) Metaspace: 71401K(72000K)->71401K(72000K) NonClass: 56645K(57024K)->56645K(57024K) Class: 14755K(14976K)->14755K(14976K)
[9.251s][info][gc             ] GC(12) Pause Young (Allocation Failure) 149M->38M(481M) 2.808ms
[9.251s][info][gc,cpu         ] GC(12) User=0.00s Sys=0.00s Real=0.00s
[9.405s][info][gc,start       ] GC(13) Pause Young (Allocation Failure)
[9.407s][info][gc,heap        ] GC(13) PSYoungGen: 115040K(143360K)->1824K(143872K) Eden: 113152K(113152K)->0K(113152K) From: 1888K(30208K)->1824K(30720K)
[9.407s][info][gc,heap        ] GC(13) ParOldGen: 37806K(349696K)->38126K(349696K)
[9.407s][info][gc,metaspace   ] GC(13) Metaspace: 71401K(72000K)->71401K(72000K) NonClass: 56645K(57024K)->56645K(57024K) Class: 14755K(14976K)->14755K(14976K)
[9.407s][info][gc             ] GC(13) Pause Young (Allocation Failure) 149M->39M(482M) 1.469ms
[9.407s][info][gc,cpu         ] GC(13) User=0.00s Sys=0.00s Real=0.00s
[9.555s][info][gc,start       ] GC(14) Pause Young (Allocation Failure)
[9.557s][info][gc,heap        ] GC(14) PSYoungGen: 114976K(143872K)->1728K(142848K) Eden: 113152K(113152K)->0K(113664K) From: 1824K(30720K)->1728K(29184K)
[9.557s][info][gc,heap        ] GC(14) ParOldGen: 38126K(349696K)->38398K(349696K)
[9.557s][info][gc,metaspace   ] GC(14) Metaspace: 71418K(72000K)->71418K(72000K) NonClass: 56662K(57024K)->56662K(57024K) Class: 14755K(14976K)->14755K(14976K)
[9.557s][info][gc             ] GC(14) Pause Young (Allocation Failure) 149M->39M(481M) 1.467ms
[9.557s][info][gc,cpu         ] GC(14) User=0.00s Sys=0.00s Real=0.00s
[9.703s][info][gc,start       ] GC(15) Pause Young (Allocation Failure)
[9.704s][info][gc,heap        ] GC(15) PSYoungGen: 115392K(142848K)->1664K(143360K) Eden: 113664K(113664K)->0K(113664K) From: 1728K(29184K)->1664K(29696K)
[9.704s][info][gc,heap        ] GC(15) ParOldGen: 38398K(349696K)->38630K(349696K)
[9.704s][info][gc,metaspace   ] GC(15) Metaspace: 71419K(72000K)->71419K(72000K) NonClass: 56664K(57024K)->56664K(57024K) Class: 14755K(14976K)->14755K(14976K)
[9.704s][info][gc             ] GC(15) Pause Young (Allocation Failure) 150M->39M(481M) 1.277ms
[9.704s][info][gc,cpu         ] GC(15) User=0.00s Sys=0.00s Real=0.00s
[9.842s][info][gc,start       ] GC(16) Pause Young (Allocation Failure)
[9.844s][info][gc,heap        ] GC(16) PSYoungGen: 115328K(143360K)->1664K(143872K) Eden: 113664K(113664K)->0K(115712K) From: 1664K(29696K)->1664K(28160K)
[9.844s][info][gc,heap        ] GC(16) ParOldGen: 38630K(349696K)->38854K(349696K)
[9.844s][info][gc,metaspace   ] GC(16) Metaspace: 71420K(72000K)->71420K(72000K) NonClass: 56664K(57024K)->56664K(57024K) Class: 14755K(14976K)->14755K(14976K)
[9.844s][info][gc             ] GC(16) Pause Young (Allocation Failure) 150M->39M(482M) 1.188ms
[9.844s][info][gc,cpu         ] GC(16) User=0.00s Sys=0.00s Real=0.00s
[9.978s][info][gc,start       ] GC(17) Pause Young (Allocation Failure)
[9.979s][info][gc,heap        ] GC(17) PSYoungGen: 117376K(143872K)->1824K(144384K) Eden: 115712K(115712K)->0K(115712K) From: 1664K(28160K)->1824K(28672K)
[9.979s][info][gc,heap        ] GC(17) ParOldGen: 38854K(349696K)->39070K(349696K)
[9.979s][info][gc,metaspace   ] GC(17) Metaspace: 71422K(72000K)->71422K(72000K) NonClass: 56666K(57024K)->56666K(57024K) Class: 14755K(14976K)->14755K(14976K)
[9.979s][info][gc             ] GC(17) Pause Young (Allocation Failure) 152M->39M(482M) 1.345ms
[9.979s][info][gc,cpu         ] GC(17) User=0.00s Sys=0.00s Real=0.00s
[10.108s][info][gc,start       ] GC(18) Pause Young (Allocation Failure)
[10.109s][info][gc,heap        ] GC(18) PSYoungGen: 117536K(144384K)->1728K(144384K) Eden: 115712K(115712K)->0K(118272K) From: 1824K(28672K)->1728K(26112K)
[10.109s][info][gc,heap        ] GC(18) ParOldGen: 39070K(349696K)->39318K(349696K)
[10.109s][info][gc,metaspace   ] GC(18) Metaspace: 71447K(72000K)->71447K(72000K) NonClass: 56692K(57024K)->56692K(57024K) Class: 14755K(14976K)->14755K(14976K)
[10.109s][info][gc             ] GC(18) Pause Young (Allocation Failure) 152M->40M(482M) 1.436ms
[10.109s][info][gc,cpu         ] GC(18) User=0.00s Sys=0.00s Real=0.00s
[10.234s][info][gc,start       ] GC(19) Pause Young (Allocation Failure)
[10.235s][info][gc,heap        ] GC(19) PSYoungGen: 120000K(144384K)->1888K(144896K) Eden: 118272K(118272K)->0K(118272K) From: 1728K(26112K)->1888K(26624K)
[10.235s][info][gc,heap        ] GC(19) ParOldGen: 39318K(349696K)->39582K(349696K)
[10.235s][info][gc,metaspace   ] GC(19) Metaspace: 71448K(72000K)->71448K(72000K) NonClass: 56692K(57024K)->56692K(57024K) Class: 14755K(14976K)->14755K(14976K)
[10.235s][info][gc             ] GC(19) Pause Young (Allocation Failure) 155M->40M(483M) 1.296ms
[10.235s][info][gc,cpu         ] GC(19) User=0.00s Sys=0.00s Real=0.00s
[10.358s][info][gc,start       ] GC(20) Pause Young (Allocation Failure)
[10.359s][info][gc,heap        ] GC(20) PSYoungGen: 120159K(144896K)->1600K(146432K) Eden: 118271K(118272K)->0K(122368K) From: 1888K(26624K)->1600K(24064K)
[10.359s][info][gc,heap        ] GC(20) ParOldGen: 39582K(349696K)->39782K(349696K)
[10.359s][info][gc,metaspace   ] GC(20) Metaspace: 71448K(72000K)->71448K(72000K) NonClass: 56692K(57024K)->56692K(57024K) Class: 14755K(14976K)->14755K(14976K)
[10.359s][info][gc             ] GC(20) Pause Young (Allocation Failure) 155M->40M(484M) 1.149ms
[10.359s][info][gc,cpu         ] GC(20) User=0.00s Sys=0.00s Real=0.00s
[10.481s][info][gc,start       ] GC(21) Pause Young (Allocation Failure)
[10.482s][info][gc,heap        ] GC(21) PSYoungGen: 123968K(146432K)->1760K(146944K) Eden: 122368K(122368K)->0K(122368K) From: 1600K(24064K)->1760K(24576K)
[10.482s][info][gc,heap        ] GC(21) ParOldGen: 39782K(349696K)->39942K(349696K)
[10.482s][info][gc,metaspace   ] GC(21) Metaspace: 71450K(72000K)->71450K(72000K) NonClass: 56694K(57024K)->56694K(57024K) Class: 14756K(14976K)->14756K(14976K)
[10.482s][info][gc             ] GC(21) Pause Young (Allocation Failure) 159M->40M(485M) 1.327ms
[10.482s][info][gc,cpu         ] GC(21) User=0.00s Sys=0.00s Real=0.00s
[10.614s][info][gc,start       ] GC(22) Pause Young (Allocation Failure)
[10.616s][info][gc,heap        ] GC(22) PSYoungGen: 124128K(146944K)->1600K(134144K) Eden: 122368K(122368K)->0K(119808K) From: 1760K(24576K)->1600K(14336K)
[10.616s][info][gc,heap        ] GC(22) ParOldGen: 39942K(349696K)->40142K(349696K)
[10.616s][info][gc,metaspace   ] GC(22) Metaspace: 71453K(72000K)->71453K(72000K) NonClass: 56696K(57024K)->56696K(57024K) Class: 14756K(14976K)->14756K(14976K)
[10.616s][info][gc             ] GC(22) Pause Young (Allocation Failure) 160M->40M(472M) 2.171ms
[10.616s][info][gc,cpu         ] GC(22) User=0.00s Sys=0.00s Real=0.00s
[10.729s][info][gc,start       ] GC(23) Pause Young (Allocation Failure)
[10.731s][info][gc,heap        ] GC(23) PSYoungGen: 121408K(134144K)->1760K(119296K) Eden: 119808K(119808K)->0K(117248K) From: 1600K(14336K)->1760K(2048K)
[10.731s][info][gc,heap        ] GC(23) ParOldGen: 40142K(349696K)->40374K(349696K)
[10.731s][info][gc,metaspace   ] GC(23) Metaspace: 71453K(72000K)->71453K(72000K) NonClass: 56696K(57024K)->56696K(57024K) Class: 14756K(14976K)->14756K(14976K)
[10.731s][info][gc             ] GC(23) Pause Young (Allocation Failure) 157M->41M(458M) 1.846ms
[10.731s][info][gc,cpu         ] GC(23) User=0.00s Sys=0.00s Real=0.00s
[10.846s][info][gc,start       ] GC(24) Pause Young (Allocation Failure)
[10.848s][info][gc,heap        ] GC(24) PSYoungGen: 119008K(119296K)->1728K(131072K) Eden: 117248K(117248K)->0K(114688K) From: 1760K(2048K)->1728K(16384K)
[10.848s][info][gc,heap        ] GC(24) ParOldGen: 40374K(349696K)->40598K(349696K)
[10.848s][info][gc,metaspace   ] GC(24) Metaspace: 71505K(72192K)->71505K(72192K) NonClass: 56739K(57152K)->56739K(57152K) Class: 14765K(15040K)->14765K(15040K)
[10.848s][info][gc             ] GC(24) Pause Young (Allocation Failure) 155M->41M(469M) 1.845ms
[10.848s][info][gc,cpu         ] GC(24) User=0.00s Sys=0.00s Real=0.00s
[10.940s][info][gc,start       ] GC(25) Pause Young (Allocation Failure)
[10.941s][info][gc,heap        ] GC(25) PSYoungGen: 116416K(131072K)->1728K(134656K) Eden: 114688K(114688K)->0K(114688K) From: 1728K(16384K)->1728K(19968K)
[10.941s][info][gc,heap        ] GC(25) ParOldGen: 40598K(349696K)->40854K(349696K)
[10.941s][info][gc,metaspace   ] GC(25) Metaspace: 71505K(72192K)->71505K(72192K) NonClass: 56739K(57152K)->56739K(57152K) Class: 14765K(15040K)->14765K(15040K)
[10.941s][info][gc             ] GC(25) Pause Young (Allocation Failure) 153M->41M(473M) 1.349ms
[10.941s][info][gc,cpu         ] GC(25) User=0.00s Sys=0.00s Real=0.00s
[11.029s][info][gc,start       ] GC(26) Pause Young (Allocation Failure)
[11.031s][info][gc,heap        ] GC(26) PSYoungGen: 116416K(134656K)->1728K(151552K) Eden: 114688K(114688K)->0K(135680K) From: 1728K(19968K)->1728K(15872K)
[11.031s][info][gc,heap        ] GC(26) ParOldGen: 40854K(349696K)->41038K(349696K)
[11.031s][info][gc,metaspace   ] GC(26) Metaspace: 71510K(72192K)->71510K(72192K) NonClass: 56745K(57152K)->56745K(57152K) Class: 14765K(15040K)->14765K(15040K)
[11.031s][info][gc             ] GC(26) Pause Young (Allocation Failure) 153M->41M(489M) 1.491ms
[11.031s][info][gc,cpu         ] GC(26) User=0.00s Sys=0.00s Real=0.00s
[11.130s][info][gc,start       ] GC(27) Pause Young (Allocation Failure)
[11.131s][info][gc,heap        ] GC(27) PSYoungGen: 137408K(151552K)->1824K(153600K) Eden: 135680K(135680K)->0K(135680K) From: 1728K(15872K)->1824K(17920K)
[11.131s][info][gc,heap        ] GC(27) ParOldGen: 41038K(349696K)->41222K(349696K)
[11.131s][info][gc,metaspace   ] GC(27) Metaspace: 71533K(72192K)->71533K(72192K) NonClass: 56766K(57152K)->56766K(57152K) Class: 14766K(15040K)->14766K(15040K)
[11.131s][info][gc             ] GC(27) Pause Young (Allocation Failure) 174M->42M(491M) 1.420ms
[11.131s][info][gc,cpu         ] GC(27) User=0.00s Sys=0.00s Real=0.00s
[11.225s][info][gc,start       ] GC(28) Pause Young (Allocation Failure)
[11.227s][info][gc,heap        ] GC(28) PSYoungGen: 137504K(153600K)->1888K(153600K) Eden: 135680K(135680K)->0K(139776K) From: 1824K(17920K)->1888K(13824K)
[11.227s][info][gc,heap        ] GC(28) ParOldGen: 41222K(349696K)->41486K(349696K)
[11.227s][info][gc,metaspace   ] GC(28) Metaspace: 71533K(72192K)->71533K(72192K) NonClass: 56766K(57152K)->56766K(57152K) Class: 14766K(15040K)->14766K(15040K)
[11.227s][info][gc             ] GC(28) Pause Young (Allocation Failure) 174M->42M(491M) 1.617ms
[11.227s][info][gc,cpu         ] GC(28) User=0.00s Sys=0.00s Real=0.00s
[11.318s][info][gc,start       ] GC(29) Pause Young (Allocation Failure)
[11.320s][info][gc,heap        ] GC(29) PSYoungGen: 141664K(153600K)->1792K(155648K) Eden: 139776K(139776K)->0K(139776K) From: 1888K(13824K)->1792K(15872K)
[11.320s][info][gc,heap        ] GC(29) ParOldGen: 41486K(349696K)->41654K(349696K)
[11.320s][info][gc,metaspace   ] GC(29) Metaspace: 71535K(72192K)->71535K(72192K) NonClass: 56767K(57152K)->56767K(57152K) Class: 14767K(15040K)->14767K(15040K)
[11.320s][info][gc             ] GC(29) Pause Young (Allocation Failure) 178M->42M(493M) 1.447ms
[11.320s][info][gc,cpu         ] GC(29) User=0.00s Sys=0.00s Real=0.00s
[11.405s][info][gc,start       ] GC(30) Pause Young (Allocation Failure)
[11.406s][info][gc,heap        ] GC(30) PSYoungGen: 141568K(155648K)->1792K(156672K) Eden: 139776K(139776K)->0K(143872K) From: 1792K(15872K)->1792K(12800K)
[11.406s][info][gc,heap        ] GC(30) ParOldGen: 41654K(349696K)->41846K(349696K)
[11.406s][info][gc,metaspace   ] GC(30) Metaspace: 71535K(72192K)->71535K(72192K) NonClass: 56767K(57152K)->56767K(57152K) Class: 14767K(15040K)->14767K(15040K)
[11.406s][info][gc             ] GC(30) Pause Young (Allocation Failure) 178M->42M(494M) 1.434ms
[11.406s][info][gc,cpu         ] GC(30) User=0.00s Sys=0.00s Real=0.00s
[11.485s][info][gc,start       ] GC(31) Pause Young (Allocation Failure)
[11.486s][info][gc,heap        ] GC(31) PSYoungGen: 145664K(156672K)->1792K(158208K) Eden: 143872K(143872K)->0K(143872K) From: 1792K(12800K)->1792K(14336K)
[11.486s][info][gc,heap        ] GC(31) ParOldGen: 41846K(349696K)->42014K(349696K)
[11.486s][info][gc,metaspace   ] GC(31) Metaspace: 71535K(72192K)->71535K(72192K) NonClass: 56767K(57152K)->56767K(57152K) Class: 14767K(15040K)->14767K(15040K)
[11.486s][info][gc             ] GC(31) Pause Young (Allocation Failure) 183M->42M(496M) 1.214ms
[11.486s][info][gc,cpu         ] GC(31) User=0.00s Sys=0.00s Real=0.00s
[11.564s][info][gc,start       ] GC(32) Pause Young (Allocation Failure)
[11.565s][info][gc,heap        ] GC(32) PSYoungGen: 145664K(158208K)->1824K(158720K) Eden: 143872K(143872K)->0K(146944K) From: 1792K(14336K)->1824K(11776K)
[11.565s][info][gc,heap        ] GC(32) ParOldGen: 42014K(349696K)->42222K(349696K)
[11.565s][info][gc,metaspace   ] GC(32) Metaspace: 71535K(72192K)->71535K(72192K) NonClass: 56767K(57152K)->56767K(57152K) Class: 14767K(15040K)->14767K(15040K)
[11.565s][info][gc             ] GC(32) Pause Young (Allocation Failure) 183M->43M(496M) 1.460ms
[11.565s][info][gc,cpu         ] GC(32) User=0.00s Sys=0.00s Real=0.00s
[11.640s][info][gc,start       ] GC(33) Pause Young (Allocation Failure)
[11.641s][info][gc,heap        ] GC(33) PSYoungGen: 148768K(158720K)->1792K(159744K) Eden: 146944K(146944K)->0K(146944K) From: 1824K(11776K)->1792K(12800K)
[11.641s][info][gc,heap        ] GC(33) ParOldGen: 42222K(349696K)->42342K(349696K)
[11.641s][info][gc,metaspace   ] GC(33) Metaspace: 71535K(72192K)->71535K(72192K) NonClass: 56767K(57152K)->56767K(57152K) Class: 14767K(15040K)->14767K(15040K)
[11.641s][info][gc             ] GC(33) Pause Young (Allocation Failure) 186M->43M(497M) 1.304ms
[11.641s][info][gc,cpu         ] GC(33) User=0.08s Sys=0.00s Real=0.00s
[11.712s][info][gc,start       ] GC(34) Pause Young (Allocation Failure)
[11.714s][info][gc,heap        ] GC(34) PSYoungGen: 148736K(159744K)->1824K(160768K) Eden: 146944K(146944K)->0K(150016K) From: 1792K(12800K)->1824K(10752K)
[11.714s][info][gc,heap        ] GC(34) ParOldGen: 42342K(349696K)->42494K(349696K)
[11.714s][info][gc,metaspace   ] GC(34) Metaspace: 71535K(72192K)->71535K(72192K) NonClass: 56768K(57152K)->56768K(57152K) Class: 14767K(15040K)->14767K(15040K)
[11.714s][info][gc             ] GC(34) Pause Young (Allocation Failure) 186M->43M(498M) 1.390ms
[11.714s][info][gc,cpu         ] GC(34) User=0.00s Sys=0.00s Real=0.00s
[11.786s][info][gc,start       ] GC(35) Pause Young (Allocation Failure)
[11.787s][info][gc,heap        ] GC(35) PSYoungGen: 151840K(160768K)->1728K(161280K) Eden: 150016K(150016K)->0K(150016K) From: 1824K(10752K)->1728K(11264K)
[11.787s][info][gc,heap        ] GC(35) ParOldGen: 42494K(349696K)->42710K(349696K)
[11.787s][info][gc,metaspace   ] GC(35) Metaspace: 71535K(72192K)->71535K(72192K) NonClass: 56768K(57152K)->56768K(57152K) Class: 14767K(15040K)->14767K(15040K)
[11.787s][info][gc             ] GC(35) Pause Young (Allocation Failure) 189M->43M(499M) 1.187ms
[11.787s][info][gc,cpu         ] GC(35) User=0.00s Sys=0.00s Real=0.00s
[11.859s][info][gc,start       ] GC(36) Pause Young (Allocation Failure)
[11.861s][info][gc,heap        ] GC(36) PSYoungGen: 151744K(161280K)->1824K(161280K) Eden: 150016K(150016K)->0K(152576K) From: 1728K(11264K)->1824K(8704K)
[11.861s][info][gc,heap        ] GC(36) ParOldGen: 42710K(349696K)->42886K(349696K)
[11.861s][info][gc,metaspace   ] GC(36) Metaspace: 71535K(72192K)->71535K(72192K) NonClass: 56768K(57152K)->56768K(57152K) Class: 14767K(15040K)->14767K(15040K)
[11.861s][info][gc             ] GC(36) Pause Young (Allocation Failure) 189M->43M(499M) 1.435ms
[11.861s][info][gc,cpu         ] GC(36) User=0.00s Sys=0.00s Real=0.00s
[11.932s][info][gc,start       ] GC(37) Pause Young (Allocation Failure)
[11.934s][info][gc,heap        ] GC(37) PSYoungGen: 154400K(161280K)->1728K(162304K) Eden: 152576K(152576K)->0K(152576K) From: 1824K(8704K)->1728K(9728K)
[11.934s][info][gc,heap        ] GC(37) ParOldGen: 42886K(349696K)->43062K(349696K)
[11.934s][info][gc,metaspace   ] GC(37) Metaspace: 71535K(72192K)->71535K(72192K) NonClass: 56768K(57152K)->56768K(57152K) Class: 14767K(15040K)->14767K(15040K)
[11.934s][info][gc             ] GC(37) Pause Young (Allocation Failure) 192M->43M(500M) 1.259ms
[11.934s][info][gc,cpu         ] GC(37) User=0.00s Sys=0.00s Real=0.00s
[12.003s][info][gc,start       ] GC(38) Pause Young (Allocation Failure)
[12.004s][info][gc,heap        ] GC(38) PSYoungGen: 154304K(162304K)->1728K(163328K) Eden: 152576K(152576K)->0K(155648K) From: 1728K(9728K)->1728K(7680K)
[12.004s][info][gc,heap        ] GC(38) ParOldGen: 43062K(349696K)->43286K(349696K)
[12.004s][info][gc,metaspace   ] GC(38) Metaspace: 71535K(72192K)->71535K(72192K) NonClass: 56768K(57152K)->56768K(57152K) Class: 14767K(15040K)->14767K(15040K)
[12.004s][info][gc             ] GC(38) Pause Young (Allocation Failure) 192M->43M(501M) 1.765ms
[12.004s][info][gc,cpu         ] GC(38) User=0.00s Sys=0.00s Real=0.00s
[12.070s][info][gc,start       ] GC(39) Pause Young (Allocation Failure)
[12.071s][info][gc,heap        ] GC(39) PSYoungGen: 157376K(163328K)->1856K(164352K) Eden: 155648K(155648K)->0K(155648K) From: 1728K(7680K)->1856K(8704K)
[12.071s][info][gc,heap        ] GC(39) ParOldGen: 43286K(349696K)->43494K(349696K)
[12.071s][info][gc,metaspace   ] GC(39) Metaspace: 71535K(72192K)->71535K(72192K) NonClass: 56768K(57152K)->56768K(57152K) Class: 14767K(15040K)->14767K(15040K)
[12.071s][info][gc             ] GC(39) Pause Young (Allocation Failure) 195M->44M(502M) 1.263ms
[12.071s][info][gc,cpu         ] GC(39) User=0.00s Sys=0.00s Real=0.00s
[12.137s][info][gc,start       ] GC(40) Pause Young (Allocation Failure)
[12.138s][info][gc,heap        ] GC(40) PSYoungGen: 157504K(164352K)->1824K(164352K) Eden: 155648K(155648K)->0K(157696K) From: 1856K(8704K)->1824K(6656K)
[12.138s][info][gc,heap        ] GC(40) ParOldGen: 43494K(349696K)->43782K(349696K)
[12.138s][info][gc,metaspace   ] GC(40) Metaspace: 71535K(72192K)->71535K(72192K) NonClass: 56768K(57152K)->56768K(57152K) Class: 14767K(15040K)->14767K(15040K)
[12.138s][info][gc             ] GC(40) Pause Young (Allocation Failure) 196M->44M(502M) 1.476ms
[12.138s][info][gc,cpu         ] GC(40) User=0.00s Sys=0.00s Real=0.00s
[12.203s][info][gc,start       ] GC(41) Pause Young (Allocation Failure)
[12.204s][info][gc,heap        ] GC(41) PSYoungGen: 159520K(164352K)->1760K(165376K) Eden: 157696K(157696K)->0K(157696K) From: 1824K(6656K)->1760K(7680K)
[12.205s][info][gc,heap        ] GC(41) ParOldGen: 43782K(349696K)->44038K(349696K)
[12.205s][info][gc,metaspace   ] GC(41) Metaspace: 71535K(72192K)->71535K(72192K) NonClass: 56768K(57152K)->56768K(57152K) Class: 14767K(15040K)->14767K(15040K)
[12.205s][info][gc             ] GC(41) Pause Young (Allocation Failure) 198M->44M(503M) 1.307ms
[12.205s][info][gc,cpu         ] GC(41) User=0.00s Sys=0.00s Real=0.00s
[12.266s][info][gc,start       ] GC(42) Pause Young (Allocation Failure)
[12.268s][info][gc,heap        ] GC(42) PSYoungGen: 159456K(165376K)->1632K(166400K) Eden: 157696K(157696K)->0K(159744K) From: 1760K(7680K)->1632K(6656K)
[12.268s][info][gc,heap        ] GC(42) ParOldGen: 44038K(349696K)->44230K(349696K)
[12.268s][info][gc,metaspace   ] GC(42) Metaspace: 71537K(72192K)->71537K(72192K) NonClass: 56769K(57152K)->56769K(57152K) Class: 14767K(15040K)->14767K(15040K)
[12.268s][info][gc             ] GC(42) Pause Young (Allocation Failure) 198M->44M(504M) 1.374ms
[12.268s][info][gc,cpu         ] GC(42) User=0.00s Sys=0.00s Real=0.00s
[12.341s][info][gc,start       ] GC(43) Pause Young (Allocation Failure)
[12.343s][info][gc,heap        ] GC(43) PSYoungGen: 161376K(166400K)->1856K(166912K) Eden: 159744K(159744K)->0K(159744K) From: 1632K(6656K)->1856K(7168K)
[12.343s][info][gc,heap        ] GC(43) ParOldGen: 44230K(349696K)->44414K(349696K)
[12.343s][info][gc,metaspace   ] GC(43) Metaspace: 71537K(72192K)->71537K(72192K) NonClass: 56770K(57152K)->56770K(57152K) Class: 14767K(15040K)->14767K(15040K)
[12.343s][info][gc             ] GC(43) Pause Young (Allocation Failure) 200M->45M(504M) 1.318ms
[12.343s][info][gc,cpu         ] GC(43) User=0.00s Sys=0.00s Real=0.00s
[12.413s][info][gc,start       ] GC(44) Pause Young (Allocation Failure)
[12.414s][info][gc,heap        ] GC(44) PSYoungGen: 161600K(166912K)->1664K(166400K) Eden: 159744K(159744K)->0K(160768K) From: 1856K(7168K)->1664K(5632K)
[12.414s][info][gc,heap        ] GC(44) ParOldGen: 44414K(349696K)->44670K(349696K)
[12.414s][info][gc,metaspace   ] GC(44) Metaspace: 71537K(72192K)->71537K(72192K) NonClass: 56770K(57152K)->56770K(57152K) Class: 14767K(15040K)->14767K(15040K)
[12.414s][info][gc             ] GC(44) Pause Young (Allocation Failure) 201M->45M(504M) 1.199ms
[12.414s][info][gc,cpu         ] GC(44) User=0.00s Sys=0.00s Real=0.00s
[12.584s][info][gc,start       ] GC(45) Pause Young (Allocation Failure)
[12.585s][info][gc,heap        ] GC(45) PSYoungGen: 162432K(166400K)->1792K(166912K) Eden: 160768K(160768K)->0K(160768K) From: 1664K(5632K)->1792K(6144K)
[12.585s][info][gc,heap        ] GC(45) ParOldGen: 44670K(349696K)->44886K(349696K)
[12.585s][info][gc,metaspace   ] GC(45) Metaspace: 71538K(72192K)->71538K(72192K) NonClass: 56770K(57152K)->56770K(57152K) Class: 14767K(15040K)->14767K(15040K)
[12.585s][info][gc             ] GC(45) Pause Young (Allocation Failure) 202M->45M(504M) 1.195ms
[12.585s][info][gc,cpu         ] GC(45) User=0.00s Sys=0.00s Real=0.00s
[12.674s][info][gc,start       ] GC(46) Pause Young (Allocation Failure)
[12.675s][info][gc,heap        ] GC(46) PSYoungGen: 162560K(166912K)->1856K(167424K) Eden: 160768K(160768K)->0K(162304K) From: 1792K(6144K)->1856K(5120K)
[12.676s][info][gc,heap        ] GC(46) ParOldGen: 44886K(349696K)->45094K(349696K)
[12.676s][info][gc,metaspace   ] GC(46) Metaspace: 71538K(72192K)->71538K(72192K) NonClass: 56770K(57152K)->56770K(57152K) Class: 14767K(15040K)->14767K(15040K)
[12.676s][info][gc             ] GC(46) Pause Young (Allocation Failure) 202M->45M(505M) 1.505ms
[12.676s][info][gc,cpu         ] GC(46) User=0.00s Sys=0.00s Real=0.00s
[12.734s][info][gc,start       ] GC(47) Pause Young (Allocation Failure)
[12.735s][info][gc,heap        ] GC(47) PSYoungGen: 164160K(167424K)->1824K(167936K) Eden: 162304K(162304K)->0K(162304K) From: 1856K(5120K)->1824K(5632K)
[12.735s][info][gc,heap        ] GC(47) ParOldGen: 45094K(349696K)->45334K(349696K)
[12.735s][info][gc,metaspace   ] GC(47) Metaspace: 71538K(72192K)->71538K(72192K) NonClass: 56770K(57152K)->56770K(57152K) Class: 14767K(15040K)->14767K(15040K)
[12.735s][info][gc             ] GC(47) Pause Young (Allocation Failure) 204M->46M(505M) 1.218ms
[12.735s][info][gc,cpu         ] GC(47) User=0.00s Sys=0.00s Real=0.00s
[12.789s][info][gc,start       ] GC(48) Pause Young (Allocation Failure)
[12.790s][info][gc,heap        ] GC(48) PSYoungGen: 164128K(167936K)->1824K(168960K) Eden: 162304K(162304K)->0K(163840K) From: 1824K(5632K)->1824K(5120K)
[12.790s][info][gc,heap        ] GC(48) ParOldGen: 45334K(349696K)->45558K(349696K)
[12.790s][info][gc,metaspace   ] GC(48) Metaspace: 71556K(72192K)->71556K(72192K) NonClass: 56787K(57152K)->56787K(57152K) Class: 14769K(15040K)->14769K(15040K)
[12.790s][info][gc             ] GC(48) Pause Young (Allocation Failure) 204M->46M(506M) 1.417ms
[12.790s][info][gc,cpu         ] GC(48) User=0.00s Sys=0.00s Real=0.00s
[12.847s][info][gc,start       ] GC(49) Pause Young (Allocation Failure)
[12.848s][info][gc,heap        ] GC(49) PSYoungGen: 165664K(168960K)->1824K(168960K) Eden: 163840K(163840K)->0K(163840K) From: 1824K(5120K)->1824K(5120K)
[12.848s][info][gc,heap        ] GC(49) ParOldGen: 45558K(349696K)->45838K(349696K)
[12.848s][info][gc,metaspace   ] GC(49) Metaspace: 71560K(72256K)->71560K(72256K) NonClass: 56790K(57216K)->56790K(57216K) Class: 14769K(15040K)->14769K(15040K)
[12.848s][info][gc             ] GC(49) Pause Young (Allocation Failure) 206M->46M(506M) 1.324ms
[12.848s][info][gc,cpu         ] GC(49) User=0.00s Sys=0.00s Real=0.00s
[12.904s][info][gc,start       ] GC(50) Pause Young (Allocation Failure)
[12.905s][info][gc,heap        ] GC(50) PSYoungGen: 165664K(168960K)->1824K(168960K) Eden: 163840K(163840K)->0K(164352K) From: 1824K(5120K)->1824K(4608K)
[12.905s][info][gc,heap        ] GC(50) ParOldGen: 45838K(349696K)->46126K(349696K)
[12.905s][info][gc,metaspace   ] GC(50) Metaspace: 71561K(72256K)->71561K(72256K) NonClass: 56791K(57216K)->56791K(57216K) Class: 14769K(15040K)->14769K(15040K)
[12.905s][info][gc             ] GC(50) Pause Young (Allocation Failure) 206M->46M(506M) 1.256ms
[12.905s][info][gc,cpu         ] GC(50) User=0.00s Sys=0.00s Real=0.00s
[12.960s][info][gc,start       ] GC(51) Pause Young (Allocation Failure)
[12.961s][info][gc,heap        ] GC(51) PSYoungGen: 166176K(168960K)->1792K(168960K) Eden: 164352K(164352K)->0K(164352K) From: 1824K(4608K)->1792K(4608K)
[12.961s][info][gc,heap        ] GC(51) ParOldGen: 46126K(349696K)->46342K(349696K)
[12.961s][info][gc,metaspace   ] GC(51) Metaspace: 71561K(72256K)->71561K(72256K) NonClass: 56792K(57216K)->56792K(57216K) Class: 14769K(15040K)->14769K(15040K)
[12.961s][info][gc             ] GC(51) Pause Young (Allocation Failure) 207M->47M(506M) 1.166ms
[12.961s][info][gc,cpu         ] GC(51) User=0.00s Sys=0.00s Real=0.00s
[13.015s][info][gc,start       ] GC(52) Pause Young (Allocation Failure)
[13.017s][info][gc,heap        ] GC(52) PSYoungGen: 166144K(168960K)->1760K(168960K) Eden: 164352K(164352K)->0K(165376K) From: 1792K(4608K)->1760K(3584K)
[13.017s][info][gc,heap        ] GC(52) ParOldGen: 46342K(349696K)->46534K(349696K)
[13.017s][info][gc,metaspace   ] GC(52) Metaspace: 71568K(72256K)->71568K(72256K) NonClass: 56799K(57216K)->56799K(57216K) Class: 14769K(15040K)->14769K(15040K)
[13.017s][info][gc             ] GC(52) Pause Young (Allocation Failure) 207M->47M(506M) 1.416ms
[13.017s][info][gc,cpu         ] GC(52) User=0.16s Sys=0.00s Real=0.00s
[13.069s][info][gc,start       ] GC(53) Pause Young (Allocation Failure)
[13.070s][info][gc,heap        ] GC(53) PSYoungGen: 167136K(168960K)->1888K(169472K) Eden: 165376K(165376K)->0K(165376K) From: 1760K(3584K)->1888K(4096K)
[13.070s][info][gc,heap        ] GC(53) ParOldGen: 46534K(349696K)->46758K(349696K)
[13.070s][info][gc,metaspace   ] GC(53) Metaspace: 71569K(72256K)->71569K(72256K) NonClass: 56799K(57216K)->56799K(57216K) Class: 14769K(15040K)->14769K(15040K)
[13.070s][info][gc             ] GC(53) Pause Young (Allocation Failure) 208M->47M(507M) 1.317ms
[13.070s][info][gc,cpu         ] GC(53) User=0.00s Sys=0.00s Real=0.00s
[13.124s][info][gc,start       ] GC(54) Pause Young (Allocation Failure)
[13.125s][info][gc,heap        ] GC(54) PSYoungGen: 167264K(169472K)->1760K(169472K) Eden: 165376K(165376K)->0K(166400K) From: 1888K(4096K)->1760K(3072K)
[13.125s][info][gc,heap        ] GC(54) ParOldGen: 46758K(349696K)->47046K(349696K)
[13.125s][info][gc,metaspace   ] GC(54) Metaspace: 71570K(72256K)->71570K(72256K) NonClass: 56801K(57216K)->56801K(57216K) Class: 14769K(15040K)->14769K(15040K)
[13.125s][info][gc             ] GC(54) Pause Young (Allocation Failure) 209M->47M(507M) 1.310ms
[13.125s][info][gc,cpu         ] GC(54) User=0.06s Sys=0.02s Real=0.00s
[13.179s][info][gc,start       ] GC(55) Pause Young (Allocation Failure)
[13.180s][info][gc,heap        ] GC(55) PSYoungGen: 168160K(169472K)->1792K(169984K) Eden: 166400K(166400K)->0K(166400K) From: 1760K(3072K)->1792K(3584K)
[13.180s][info][gc,heap        ] GC(55) ParOldGen: 47046K(349696K)->47318K(349696K)
[13.180s][info][gc,metaspace   ] GC(55) Metaspace: 71570K(72256K)->71570K(72256K) NonClass: 56801K(57216K)->56801K(57216K) Class: 14769K(15040K)->14769K(15040K)
[13.180s][info][gc             ] GC(55) Pause Young (Allocation Failure) 210M->47M(507M) 1.278ms
[13.180s][info][gc,cpu         ] GC(55) User=0.00s Sys=0.00s Real=0.00s
[13.232s][info][gc,start       ] GC(56) Pause Young (Allocation Failure)
[13.234s][info][gc,heap        ] GC(56) PSYoungGen: 168192K(169984K)->1824K(171008K) Eden: 166400K(166400K)->0K(167424K) From: 1792K(3584K)->1824K(3584K)
[13.234s][info][gc,heap        ] GC(56) ParOldGen: 47318K(349696K)->47526K(349696K)
[13.234s][info][gc,metaspace   ] GC(56) Metaspace: 71570K(72256K)->71570K(72256K) NonClass: 56801K(57216K)->56801K(57216K) Class: 14769K(15040K)->14769K(15040K)
[13.234s][info][gc             ] GC(56) Pause Young (Allocation Failure) 210M->48M(508M) 1.502ms
[13.234s][info][gc,cpu         ] GC(56) User=0.00s Sys=0.00s Real=0.00s
[13.286s][info][gc,start       ] GC(57) Pause Young (Allocation Failure)
[13.287s][info][gc,heap        ] GC(57) PSYoungGen: 169248K(171008K)->1888K(171008K) Eden: 167424K(167424K)->0K(167424K) From: 1824K(3584K)->1888K(3584K)
[13.287s][info][gc,heap        ] GC(57) ParOldGen: 47526K(349696K)->47726K(349696K)
[13.287s][info][gc,metaspace   ] GC(57) Metaspace: 71570K(72256K)->71570K(72256K) NonClass: 56801K(57216K)->56801K(57216K) Class: 14769K(15040K)->14769K(15040K)
[13.287s][info][gc             ] GC(57) Pause Young (Allocation Failure) 211M->48M(508M) 1.223ms
[13.287s][info][gc,cpu         ] GC(57) User=0.00s Sys=0.00s Real=0.00s
[13.342s][info][gc,start       ] GC(58) Pause Young (Allocation Failure)
[13.343s][info][gc,heap        ] GC(58) PSYoungGen: 169312K(171008K)->1856K(169984K) Eden: 167424K(167424K)->0K(167424K) From: 1888K(3584K)->1856K(2560K)
[13.343s][info][gc,heap        ] GC(58) ParOldGen: 47726K(349696K)->47894K(349696K)
[13.343s][info][gc,metaspace   ] GC(58) Metaspace: 71570K(72256K)->71570K(72256K) NonClass: 56801K(57216K)->56801K(57216K) Class: 14769K(15040K)->14769K(15040K)
[13.343s][info][gc             ] GC(58) Pause Young (Allocation Failure) 211M->48M(507M) 1.188ms
[13.343s][info][gc,cpu         ] GC(58) User=0.00s Sys=0.00s Real=0.00s
[13.398s][info][gc,start       ] GC(59) Pause Young (Allocation Failure)
[13.399s][info][gc,heap        ] GC(59) PSYoungGen: 169280K(169984K)->1760K(170496K) Eden: 167424K(167424K)->0K(167424K) From: 1856K(2560K)->1760K(3072K)
[13.399s][info][gc,heap        ] GC(59) ParOldGen: 47894K(349696K)->48134K(349696K)
[13.399s][info][gc,metaspace   ] GC(59) Metaspace: 71570K(72256K)->71570K(72256K) NonClass: 56801K(57216K)->56801K(57216K) Class: 14769K(15040K)->14769K(15040K)
[13.399s][info][gc             ] GC(59) Pause Young (Allocation Failure) 212M->48M(508M) 1.198ms
[13.399s][info][gc,cpu         ] GC(59) User=0.00s Sys=0.00s Real=0.00s
[13.452s][info][gc,start       ] GC(60) Pause Young (Allocation Failure)
[13.454s][info][gc,heap        ] GC(60) PSYoungGen: 169184K(170496K)->1824K(171520K) Eden: 167424K(167424K)->0K(168448K) From: 1760K(3072K)->1824K(3072K)
[13.454s][info][gc,heap        ] GC(60) ParOldGen: 48134K(349696K)->48334K(349696K)
[13.454s][info][gc,metaspace   ] GC(60) Metaspace: 71570K(72256K)->71570K(72256K) NonClass: 56801K(57216K)->56801K(57216K) Class: 14769K(15040K)->14769K(15040K)
[13.454s][info][gc             ] GC(60) Pause Young (Allocation Failure) 212M->48M(509M) 1.374ms
[13.454s][info][gc,cpu         ] GC(60) User=0.11s Sys=0.05s Real=0.00s
[13.504s][info][gc,start       ] GC(61) Pause Young (Allocation Failure)
[13.505s][info][gc,heap        ] GC(61) PSYoungGen: 170272K(171520K)->1824K(171520K) Eden: 168448K(168448K)->0K(168448K) From: 1824K(3072K)->1824K(3072K)
[13.506s][info][gc,heap        ] GC(61) ParOldGen: 48334K(349696K)->48566K(349696K)
[13.506s][info][gc,metaspace   ] GC(61) Metaspace: 71571K(72256K)->71571K(72256K) NonClass: 56802K(57216K)->56802K(57216K) Class: 14769K(15040K)->14769K(15040K)
[13.506s][info][gc             ] GC(61) Pause Young (Allocation Failure) 213M->49M(509M) 1.224ms
[13.506s][info][gc,cpu         ] GC(61) User=0.00s Sys=0.00s Real=0.00s
[13.555s][info][gc,start       ] GC(62) Pause Young (Allocation Failure)
[13.556s][info][gc,heap        ] GC(62) PSYoungGen: 170272K(171520K)->1792K(171520K) Eden: 168448K(168448K)->0K(168448K) From: 1824K(3072K)->1792K(3072K)
[13.556s][info][gc,heap        ] GC(62) ParOldGen: 48566K(349696K)->48798K(349696K)
[13.556s][info][gc,metaspace   ] GC(62) Metaspace: 71571K(72256K)->71571K(72256K) NonClass: 56802K(57216K)->56802K(57216K) Class: 14769K(15040K)->14769K(15040K)
[13.556s][info][gc             ] GC(62) Pause Young (Allocation Failure) 213M->49M(509M) 1.235ms
[13.556s][info][gc,cpu         ] GC(62) User=0.00s Sys=0.00s Real=0.00s
[13.608s][info][gc,start       ] GC(63) Pause Young (Allocation Failure)
[13.609s][info][gc,heap        ] GC(63) PSYoungGen: 170240K(171520K)->1792K(171520K) Eden: 168448K(168448K)->0K(168448K) From: 1792K(3072K)->1792K(3072K)
[13.609s][info][gc,heap        ] GC(63) ParOldGen: 48798K(349696K)->49006K(349696K)
[13.609s][info][gc,metaspace   ] GC(63) Metaspace: 71571K(72256K)->71571K(72256K) NonClass: 56802K(57216K)->56802K(57216K) Class: 14769K(15040K)->14769K(15040K)
[13.609s][info][gc             ] GC(63) Pause Young (Allocation Failure) 213M->49M(509M) 1.211ms
[13.609s][info][gc,cpu         ] GC(63) User=0.00s Sys=0.00s Real=0.00s
[13.660s][info][gc,start       ] GC(64) Pause Young (Allocation Failure)
[13.661s][info][gc,heap        ] GC(64) PSYoungGen: 170240K(171520K)->1856K(170496K) Eden: 168448K(168448K)->0K(168448K) From: 1792K(3072K)->1856K(2048K)
[13.661s][info][gc,heap        ] GC(64) ParOldGen: 49006K(349696K)->49238K(349696K)
[13.661s][info][gc,metaspace   ] GC(64) Metaspace: 71572K(72256K)->71572K(72256K) NonClass: 56802K(57216K)->56802K(57216K) Class: 14769K(15040K)->14769K(15040K)
[13.661s][info][gc             ] GC(64) Pause Young (Allocation Failure) 214M->49M(508M) 1.249ms
[13.662s][info][gc,cpu         ] GC(64) User=0.00s Sys=0.00s Real=0.00s
[13.710s][info][gc,start       ] GC(65) Pause Young (Allocation Failure)
[13.711s][info][gc,heap        ] GC(65) PSYoungGen: 170304K(170496K)->1888K(171008K) Eden: 168448K(168448K)->0K(168448K) From: 1856K(2048K)->1888K(2560K)
[13.711s][info][gc,heap        ] GC(65) ParOldGen: 49238K(349696K)->49454K(349696K)
[13.711s][info][gc,metaspace   ] GC(65) Metaspace: 71579K(72256K)->71579K(72256K) NonClass: 56810K(57216K)->56810K(57216K) Class: 14769K(15040K)->14769K(15040K)
[13.711s][info][gc             ] GC(65) Pause Young (Allocation Failure) 214M->50M(508M) 1.247ms
[13.711s][info][gc,cpu         ] GC(65) User=0.00s Sys=0.00s Real=0.00s
[13.756s][info][gc,start       ] GC(66) Pause Young (Allocation Failure)
[13.758s][info][gc,heap        ] GC(66) PSYoungGen: 170336K(171008K)->1856K(172032K) Eden: 168448K(168448K)->0K(169472K) From: 1888K(2560K)->1856K(2560K)
[13.758s][info][gc,heap        ] GC(66) ParOldGen: 49454K(349696K)->49694K(349696K)
[13.758s][info][gc,metaspace   ] GC(66) Metaspace: 71588K(72256K)->71588K(72256K) NonClass: 56818K(57216K)->56818K(57216K) Class: 14769K(15040K)->14769K(15040K)
[13.758s][info][gc             ] GC(66) Pause Young (Allocation Failure) 214M->50M(509M) 1.275ms
[13.758s][info][gc,cpu         ] GC(66) User=0.00s Sys=0.00s Real=0.00s
[13.803s][info][gc,start       ] GC(67) Pause Young (Allocation Failure)
[13.804s][info][gc,heap        ] GC(67) PSYoungGen: 171328K(172032K)->1728K(172032K) Eden: 169472K(169472K)->0K(169472K) From: 1856K(2560K)->1728K(2560K)
[13.804s][info][gc,heap        ] GC(67) ParOldGen: 49694K(349696K)->49846K(349696K)
[13.804s][info][gc,metaspace   ] GC(67) Metaspace: 71588K(72256K)->71588K(72256K) NonClass: 56818K(57216K)->56818K(57216K) Class: 14769K(15040K)->14769K(15040K)
[13.804s][info][gc             ] GC(67) Pause Young (Allocation Failure) 215M->50M(509M) 1.134ms
[13.804s][info][gc,cpu         ] GC(67) User=0.00s Sys=0.00s Real=0.00s
[13.848s][info][gc,start       ] GC(68) Pause Young (Allocation Failure)
[13.849s][info][gc,heap        ] GC(68) PSYoungGen: 171200K(172032K)->1888K(172032K) Eden: 169472K(169472K)->0K(169472K) From: 1728K(2560K)->1888K(2560K)
[13.849s][info][gc,heap        ] GC(68) ParOldGen: 49846K(349696K)->49998K(349696K)
[13.849s][info][gc,metaspace   ] GC(68) Metaspace: 71589K(72256K)->71589K(72256K) NonClass: 56819K(57216K)->56819K(57216K) Class: 14770K(15040K)->14770K(15040K)
[13.849s][info][gc             ] GC(68) Pause Young (Allocation Failure) 215M->50M(509M) 1.106ms
[13.849s][info][gc,cpu         ] GC(68) User=0.00s Sys=0.00s Real=0.00s
[13.893s][info][gc,start       ] GC(69) Pause Young (Allocation Failure)
[13.894s][info][gc,heap        ] GC(69) PSYoungGen: 171360K(172032K)->2016K(172032K) Eden: 169472K(169472K)->0K(169472K) From: 1888K(2560K)->2016K(2560K)
[13.894s][info][gc,heap        ] GC(69) ParOldGen: 49998K(349696K)->50198K(349696K)
[13.894s][info][gc,metaspace   ] GC(69) Metaspace: 71589K(72256K)->71589K(72256K) NonClass: 56819K(57216K)->56819K(57216K) Class: 14770K(15040K)->14770K(15040K)
[13.894s][info][gc             ] GC(69) Pause Young (Allocation Failure) 216M->50M(509M) 1.094ms
[13.894s][info][gc,cpu         ] GC(69) User=0.00s Sys=0.00s Real=0.00s
[13.935s][info][gc,start       ] GC(70) Pause Young (Allocation Failure)
[13.936s][info][gc,heap        ] GC(70) PSYoungGen: 171488K(172032K)->1856K(172032K) Eden: 169472K(169472K)->0K(169472K) From: 2016K(2560K)->1856K(2560K)
[13.936s][info][gc,heap        ] GC(70) ParOldGen: 50198K(349696K)->50366K(349696K)
[13.936s][info][gc,metaspace   ] GC(70) Metaspace: 71589K(72256K)->71589K(72256K) NonClass: 56819K(57216K)->56819K(57216K) Class: 14770K(15040K)->14770K(15040K)
[13.936s][info][gc             ] GC(70) Pause Young (Allocation Failure) 216M->50M(509M) 1.063ms
[13.936s][info][gc,cpu         ] GC(70) User=0.00s Sys=0.00s Real=0.00s
[13.978s][info][gc,start       ] GC(71) Pause Young (Allocation Failure)
[13.979s][info][gc,heap        ] GC(71) PSYoungGen: 171328K(172032K)->1824K(172032K) Eden: 169472K(169472K)->0K(169472K) From: 1856K(2560K)->1824K(2560K)
[13.979s][info][gc,heap        ] GC(71) ParOldGen: 50366K(349696K)->50542K(349696K)
[13.979s][info][gc,metaspace   ] GC(71) Metaspace: 71589K(72256K)->71589K(72256K) NonClass: 56819K(57216K)->56819K(57216K) Class: 14770K(15040K)->14770K(15040K)
[13.979s][info][gc             ] GC(71) Pause Young (Allocation Failure) 216M->51M(509M) 1.126ms
[13.979s][info][gc,cpu         ] GC(71) User=0.00s Sys=0.00s Real=0.00s
[14.020s][info][gc,start       ] GC(72) Pause Young (Allocation Failure)
[14.021s][info][gc,heap        ] GC(72) PSYoungGen: 171296K(172032K)->1984K(172032K) Eden: 169472K(169472K)->0K(169472K) From: 1824K(2560K)->1984K(2560K)
[14.021s][info][gc,heap        ] GC(72) ParOldGen: 50542K(349696K)->50686K(349696K)
[14.021s][info][gc,metaspace   ] GC(72) Metaspace: 71589K(72256K)->71589K(72256K) NonClass: 56819K(57216K)->56819K(57216K) Class: 14770K(15040K)->14770K(15040K)
[14.021s][info][gc             ] GC(72) Pause Young (Allocation Failure) 216M->51M(509M) 1.078ms
[14.021s][info][gc,cpu         ] GC(72) User=0.00s Sys=0.00s Real=0.00s
[14.063s][info][gc,start       ] GC(73) Pause Young (Allocation Failure)
[14.064s][info][gc,heap        ] GC(73) PSYoungGen: 171456K(172032K)->1888K(172032K) Eden: 169472K(169472K)->0K(169472K) From: 1984K(2560K)->1888K(2560K)
[14.064s][info][gc,heap        ] GC(73) ParOldGen: 50686K(349696K)->50862K(349696K)
[14.064s][info][gc,metaspace   ] GC(73) Metaspace: 71589K(72256K)->71589K(72256K) NonClass: 56819K(57216K)->56819K(57216K) Class: 14770K(15040K)->14770K(15040K)
[14.064s][info][gc             ] GC(73) Pause Young (Allocation Failure) 216M->51M(509M) 1.087ms
[14.064s][info][gc,cpu         ] GC(73) User=0.00s Sys=0.00s Real=0.00s
[14.106s][info][gc,start       ] GC(74) Pause Young (Allocation Failure)
[14.107s][info][gc,heap        ] GC(74) PSYoungGen: 171360K(172032K)->1984K(172032K) Eden: 169472K(169472K)->0K(169472K) From: 1888K(2560K)->1984K(2560K)
[14.107s][info][gc,heap        ] GC(74) ParOldGen: 50862K(349696K)->51054K(349696K)
[14.107s][info][gc,metaspace   ] GC(74) Metaspace: 71589K(72256K)->71589K(72256K) NonClass: 56819K(57216K)->56819K(57216K) Class: 14770K(15040K)->14770K(15040K)
[14.107s][info][gc             ] GC(74) Pause Young (Allocation Failure) 217M->51M(509M) 1.146ms
[14.107s][info][gc,cpu         ] GC(74) User=0.00s Sys=0.00s Real=0.00s
[14.148s][info][gc,start       ] GC(75) Pause Young (Allocation Failure)
[14.149s][info][gc,heap        ] GC(75) PSYoungGen: 171456K(172032K)->1952K(172032K) Eden: 169472K(169472K)->0K(169472K) From: 1984K(2560K)->1952K(2560K)
[14.149s][info][gc,heap        ] GC(75) ParOldGen: 51054K(349696K)->51318K(349696K)
[14.149s][info][gc,metaspace   ] GC(75) Metaspace: 71589K(72256K)->71589K(72256K) NonClass: 56819K(57216K)->56819K(57216K) Class: 14770K(15040K)->14770K(15040K)
[14.149s][info][gc             ] GC(75) Pause Young (Allocation Failure) 217M->52M(509M) 1.074ms
[14.149s][info][gc,cpu         ] GC(75) User=0.00s Sys=0.00s Real=0.00s
[14.190s][info][gc,start       ] GC(76) Pause Young (Allocation Failure)
[14.191s][info][gc,heap        ] GC(76) PSYoungGen: 171424K(172032K)->1984K(172032K) Eden: 169472K(169472K)->0K(169472K) From: 1952K(2560K)->1984K(2560K)
[14.191s][info][gc,heap        ] GC(76) ParOldGen: 51318K(349696K)->51470K(349696K)
[14.192s][info][gc,metaspace   ] GC(76) Metaspace: 71589K(72256K)->71589K(72256K) NonClass: 56819K(57216K)->56819K(57216K) Class: 14770K(15040K)->14770K(15040K)
[14.192s][info][gc             ] GC(76) Pause Young (Allocation Failure) 217M->52M(509M) 1.101ms
[14.192s][info][gc,cpu         ] GC(76) User=0.00s Sys=0.00s Real=0.00s
[14.233s][info][gc,start       ] GC(77) Pause Young (Allocation Failure)
[14.234s][info][gc,heap        ] GC(77) PSYoungGen: 171456K(172032K)->1984K(172032K) Eden: 169472K(169472K)->0K(169472K) From: 1984K(2560K)->1984K(2560K)
[14.234s][info][gc,heap        ] GC(77) ParOldGen: 51470K(349696K)->51670K(349696K)
[14.234s][info][gc,metaspace   ] GC(77) Metaspace: 71589K(72256K)->71589K(72256K) NonClass: 56819K(57216K)->56819K(57216K) Class: 14770K(15040K)->14770K(15040K)
[14.234s][info][gc             ] GC(77) Pause Young (Allocation Failure) 217M->52M(509M) 1.098ms
[14.234s][info][gc,cpu         ] GC(77) User=0.00s Sys=0.00s Real=0.00s
[14.275s][info][gc,start       ] GC(78) Pause Young (Allocation Failure)
[14.276s][info][gc,heap        ] GC(78) PSYoungGen: 171456K(172032K)->1952K(172032K) Eden: 169472K(169472K)->0K(169472K) From: 1984K(2560K)->1952K(2560K)
[14.276s][info][gc,heap        ] GC(78) ParOldGen: 51670K(349696K)->51846K(349696K)
[14.276s][info][gc,metaspace   ] GC(78) Metaspace: 71589K(72256K)->71589K(72256K) NonClass: 56819K(57216K)->56819K(57216K) Class: 14770K(15040K)->14770K(15040K)
[14.276s][info][gc             ] GC(78) Pause Young (Allocation Failure) 217M->52M(509M) 1.059ms
[14.276s][info][gc,cpu         ] GC(78) User=0.00s Sys=0.00s Real=0.00s
[14.318s][info][gc,start       ] GC(79) Pause Young (Allocation Failure)
[14.319s][info][gc,heap        ] GC(79) PSYoungGen: 171424K(172032K)->2048K(172032K) Eden: 169472K(169472K)->0K(169472K) From: 1952K(2560K)->2048K(2560K)
[14.319s][info][gc,heap        ] GC(79) ParOldGen: 51846K(349696K)->52038K(349696K)
[14.319s][info][gc,metaspace   ] GC(79) Metaspace: 71589K(72256K)->71589K(72256K) NonClass: 56819K(57216K)->56819K(57216K) Class: 14770K(15040K)->14770K(15040K)
[14.319s][info][gc             ] GC(79) Pause Young (Allocation Failure) 218M->52M(509M) 1.044ms
[14.319s][info][gc,cpu         ] GC(79) User=0.00s Sys=0.00s Real=0.00s
[14.360s][info][gc,start       ] GC(80) Pause Young (Allocation Failure)
[14.361s][info][gc,heap        ] GC(80) PSYoungGen: 171520K(172032K)->1856K(172032K) Eden: 169472K(169472K)->0K(169472K) From: 2048K(2560K)->1856K(2560K)
[14.361s][info][gc,heap        ] GC(80) ParOldGen: 52038K(349696K)->52222K(349696K)
[14.361s][info][gc,metaspace   ] GC(80) Metaspace: 71589K(72256K)->71589K(72256K) NonClass: 56819K(57216K)->56819K(57216K) Class: 14770K(15040K)->14770K(15040K)
[14.361s][info][gc             ] GC(80) Pause Young (Allocation Failure) 218M->52M(509M) 1.051ms
[14.361s][info][gc,cpu         ] GC(80) User=0.00s Sys=0.00s Real=0.00s
[14.403s][info][gc,start       ] GC(81) Pause Young (Allocation Failure)
[14.404s][info][gc,heap        ] GC(81) PSYoungGen: 171328K(172032K)->1824K(172032K) Eden: 169472K(169472K)->0K(169472K) From: 1856K(2560K)->1824K(2560K)
[14.404s][info][gc,heap        ] GC(81) ParOldGen: 52222K(349696K)->52350K(349696K)
[14.404s][info][gc,metaspace   ] GC(81) Metaspace: 71589K(72256K)->71589K(72256K) NonClass: 56819K(57216K)->56819K(57216K) Class: 14770K(15040K)->14770K(15040K)
[14.404s][info][gc             ] GC(81) Pause Young (Allocation Failure) 218M->52M(509M) 1.076ms
[14.404s][info][gc,cpu         ] GC(81) User=0.00s Sys=0.00s Real=0.00s
[14.445s][info][gc,start       ] GC(82) Pause Young (Allocation Failure)
[14.446s][info][gc,heap        ] GC(82) PSYoungGen: 171296K(172032K)->2048K(172032K) Eden: 169472K(169472K)->0K(169472K) From: 1824K(2560K)->2048K(2560K)
[14.446s][info][gc,heap        ] GC(82) ParOldGen: 52350K(349696K)->52486K(349696K)
[14.446s][info][gc,metaspace   ] GC(82) Metaspace: 71589K(72256K)->71589K(72256K) NonClass: 56819K(57216K)->56819K(57216K) Class: 14770K(15040K)->14770K(15040K)
[14.446s][info][gc             ] GC(82) Pause Young (Allocation Failure) 218M->53M(509M) 1.093ms
[14.446s][info][gc,cpu         ] GC(82) User=0.00s Sys=0.00s Real=0.00s
[14.488s][info][gc,start       ] GC(83) Pause Young (Allocation Failure)
[14.489s][info][gc,heap        ] GC(83) PSYoungGen: 171520K(172032K)->1920K(172032K) Eden: 169472K(169472K)->0K(169472K) From: 2048K(2560K)->1920K(2560K)
[14.489s][info][gc,heap        ] GC(83) ParOldGen: 52486K(349696K)->52638K(349696K)
[14.489s][info][gc,metaspace   ] GC(83) Metaspace: 71595K(72256K)->71595K(72256K) NonClass: 56825K(57216K)->56825K(57216K) Class: 14770K(15040K)->14770K(15040K)
[14.489s][info][gc             ] GC(83) Pause Young (Allocation Failure) 218M->53M(509M) 1.086ms
[14.489s][info][gc,cpu         ] GC(83) User=0.00s Sys=0.00s Real=0.00s
[14.530s][info][gc,start       ] GC(84) Pause Young (Allocation Failure)
[14.531s][info][gc,heap        ] GC(84) PSYoungGen: 171392K(172032K)->1984K(172032K) Eden: 169472K(169472K)->0K(169472K) From: 1920K(2560K)->1984K(2560K)
[14.531s][info][gc,heap        ] GC(84) ParOldGen: 52638K(349696K)->52774K(349696K)
[14.531s][info][gc,metaspace   ] GC(84) Metaspace: 71595K(72256K)->71595K(72256K) NonClass: 56825K(57216K)->56825K(57216K) Class: 14770K(15040K)->14770K(15040K)
[14.531s][info][gc             ] GC(84) Pause Young (Allocation Failure) 218M->53M(509M) 1.076ms
[14.531s][info][gc,cpu         ] GC(84) User=0.00s Sys=0.00s Real=0.00s
[14.572s][info][gc,start       ] GC(85) Pause Young (Allocation Failure)
[14.573s][info][gc,heap        ] GC(85) PSYoungGen: 171456K(172032K)->1888K(172032K) Eden: 169472K(169472K)->0K(169472K) From: 1984K(2560K)->1888K(2560K)
[14.573s][info][gc,heap        ] GC(85) ParOldGen: 52774K(349696K)->52902K(349696K)
[14.573s][info][gc,metaspace   ] GC(85) Metaspace: 71595K(72256K)->71595K(72256K) NonClass: 56825K(57216K)->56825K(57216K) Class: 14770K(15040K)->14770K(15040K)
[14.573s][info][gc             ] GC(85) Pause Young (Allocation Failure) 218M->53M(509M) 1.056ms
[14.573s][info][gc,cpu         ] GC(85) User=0.00s Sys=0.00s Real=0.00s
[14.615s][info][gc,start       ] GC(86) Pause Young (Allocation Failure)
[14.616s][info][gc,heap        ] GC(86) PSYoungGen: 171360K(172032K)->1952K(172032K) Eden: 169472K(169472K)->0K(169472K) From: 1888K(2560K)->1952K(2560K)
[14.616s][info][gc,heap        ] GC(86) ParOldGen: 52902K(349696K)->53014K(349696K)
[14.616s][info][gc,metaspace   ] GC(86) Metaspace: 71596K(72256K)->71596K(72256K) NonClass: 56826K(57216K)->56826K(57216K) Class: 14770K(15040K)->14770K(15040K)
[14.616s][info][gc             ] GC(86) Pause Young (Allocation Failure) 219M->53M(509M) 1.116ms
[14.616s][info][gc,cpu         ] GC(86) User=0.00s Sys=0.00s Real=0.00s
[14.657s][info][gc,start       ] GC(87) Pause Young (Allocation Failure)
[14.658s][info][gc,heap        ] GC(87) PSYoungGen: 171424K(172032K)->1920K(172032K) Eden: 169472K(169472K)->0K(169472K) From: 1952K(2560K)->1920K(2560K)
[14.658s][info][gc,heap        ] GC(87) ParOldGen: 53014K(349696K)->53174K(349696K)
[14.658s][info][gc,metaspace   ] GC(87) Metaspace: 71596K(72256K)->71596K(72256K) NonClass: 56826K(57216K)->56826K(57216K) Class: 14770K(15040K)->14770K(15040K)
[14.658s][info][gc             ] GC(87) Pause Young (Allocation Failure) 219M->53M(509M) 1.073ms
[14.658s][info][gc,cpu         ] GC(87) User=0.00s Sys=0.00s Real=0.00s
[14.700s][info][gc,start       ] GC(88) Pause Young (Allocation Failure)
[14.701s][info][gc,heap        ] GC(88) PSYoungGen: 171392K(172032K)->1952K(172032K) Eden: 169472K(169472K)->0K(169472K) From: 1920K(2560K)->1952K(2560K)
[14.701s][info][gc,heap        ] GC(88) ParOldGen: 53174K(349696K)->53326K(349696K)
[14.701s][info][gc,metaspace   ] GC(88) Metaspace: 71599K(72256K)->71599K(72256K) NonClass: 56828K(57216K)->56828K(57216K) Class: 14770K(15040K)->14770K(15040K)
[14.701s][info][gc             ] GC(88) Pause Young (Allocation Failure) 219M->53M(509M) 1.118ms
[14.701s][info][gc,cpu         ] GC(88) User=0.00s Sys=0.00s Real=0.00s
[14.752s][info][gc,start       ] GC(89) Pause Young (Allocation Failure)
[14.753s][info][gc,heap        ] GC(89) PSYoungGen: 171424K(172032K)->1952K(172032K) Eden: 169472K(169472K)->0K(169472K) From: 1952K(2560K)->1952K(2560K)
[14.753s][info][gc,heap        ] GC(89) ParOldGen: 53326K(349696K)->53518K(349696K)
[14.753s][info][gc,metaspace   ] GC(89) Metaspace: 71607K(72256K)->71607K(72256K) NonClass: 56836K(57216K)->56836K(57216K) Class: 14770K(15040K)->14770K(15040K)
[14.753s][info][gc             ] GC(89) Pause Young (Allocation Failure) 219M->54M(509M) 1.015ms
[14.753s][info][gc,cpu         ] GC(89) User=0.00s Sys=0.00s Real=0.00s
[14.794s][info][gc,start       ] GC(90) Pause Young (Allocation Failure)
[14.795s][info][gc,heap        ] GC(90) PSYoungGen: 171424K(172032K)->1856K(172032K) Eden: 169472K(169472K)->0K(169472K) From: 1952K(2560K)->1856K(2560K)
[14.795s][info][gc,heap        ] GC(90) ParOldGen: 53518K(349696K)->53646K(349696K)
[14.795s][info][gc,metaspace   ] GC(90) Metaspace: 71607K(72256K)->71607K(72256K) NonClass: 56836K(57216K)->56836K(57216K) Class: 14770K(15040K)->14770K(15040K)
[14.795s][info][gc             ] GC(90) Pause Young (Allocation Failure) 219M->54M(509M) 1.065ms
[14.795s][info][gc,cpu         ] GC(90) User=0.00s Sys=0.00s Real=0.00s
[14.837s][info][gc,start       ] GC(91) Pause Young (Allocation Failure)
[14.838s][info][gc,heap        ] GC(91) PSYoungGen: 171328K(172032K)->1920K(172032K) Eden: 169472K(169472K)->0K(169472K) From: 1856K(2560K)->1920K(2560K)
[14.838s][info][gc,heap        ] GC(91) ParOldGen: 53646K(349696K)->53838K(349696K)
[14.838s][info][gc,metaspace   ] GC(91) Metaspace: 71607K(72256K)->71607K(72256K) NonClass: 56836K(57216K)->56836K(57216K) Class: 14770K(15040K)->14770K(15040K)
[14.838s][info][gc             ] GC(91) Pause Young (Allocation Failure) 219M->54M(509M) 1.112ms
[14.838s][info][gc,cpu         ] GC(91) User=0.00s Sys=0.00s Real=0.00s
[14.879s][info][gc,start       ] GC(92) Pause Young (Allocation Failure)
[14.880s][info][gc,heap        ] GC(92) PSYoungGen: 171391K(172032K)->1952K(172032K) Eden: 169471K(169472K)->0K(169472K) From: 1920K(2560K)->1952K(2560K)
[14.880s][info][gc,heap        ] GC(92) ParOldGen: 53838K(349696K)->54006K(349696K)
[14.880s][info][gc,metaspace   ] GC(92) Metaspace: 71607K(72256K)->71607K(72256K) NonClass: 56836K(57216K)->56836K(57216K) Class: 14770K(15040K)->14770K(15040K)
[14.880s][info][gc             ] GC(92) Pause Young (Allocation Failure) 219M->54M(509M) 1.049ms
[14.880s][info][gc,cpu         ] GC(92) User=0.00s Sys=0.00s Real=0.00s
[14.921s][info][gc,start       ] GC(93) Pause Young (Allocation Failure)
[14.922s][info][gc,heap        ] GC(93) PSYoungGen: 171424K(172032K)->1952K(172032K) Eden: 169472K(169472K)->0K(169472K) From: 1952K(2560K)->1952K(2560K)
[14.922s][info][gc,heap        ] GC(93) ParOldGen: 54006K(349696K)->54182K(349696K)
[14.922s][info][gc,metaspace   ] GC(93) Metaspace: 71607K(72256K)->71607K(72256K) NonClass: 56836K(57216K)->56836K(57216K) Class: 14770K(15040K)->14770K(15040K)
[14.922s][info][gc             ] GC(93) Pause Young (Allocation Failure) 220M->54M(509M) 1.073ms
[14.922s][info][gc,cpu         ] GC(93) User=0.00s Sys=0.00s Real=0.00s
[14.963s][info][gc,start       ] GC(94) Pause Young (Allocation Failure)
[14.964s][info][gc,heap        ] GC(94) PSYoungGen: 171424K(172032K)->2048K(172032K) Eden: 169472K(169472K)->0K(169472K) From: 1952K(2560K)->2048K(2560K)
[14.964s][info][gc,heap        ] GC(94) ParOldGen: 54182K(349696K)->54358K(349696K)
[14.964s][info][gc,metaspace   ] GC(94) Metaspace: 71607K(72256K)->71607K(72256K) NonClass: 56836K(57216K)->56836K(57216K) Class: 14770K(15040K)->14770K(15040K)
[14.964s][info][gc             ] GC(94) Pause Young (Allocation Failure) 220M->55M(509M) 1.116ms
[14.964s][info][gc,cpu         ] GC(94) User=0.00s Sys=0.00s Real=0.00s
[15.006s][info][gc,start       ] GC(95) Pause Young (Allocation Failure)
[15.007s][info][gc,heap        ] GC(95) PSYoungGen: 171520K(172032K)->1952K(172032K) Eden: 169472K(169472K)->0K(169472K) From: 2048K(2560K)->1952K(2560K)
[15.007s][info][gc,heap        ] GC(95) ParOldGen: 54358K(349696K)->54502K(349696K)
[15.007s][info][gc,metaspace   ] GC(95) Metaspace: 71607K(72256K)->71607K(72256K) NonClass: 56836K(57216K)->56836K(57216K) Class: 14770K(15040K)->14770K(15040K)
[15.007s][info][gc             ] GC(95) Pause Young (Allocation Failure) 220M->55M(509M) 1.115ms
[15.007s][info][gc,cpu         ] GC(95) User=0.00s Sys=0.00s Real=0.00s
[15.048s][info][gc,start       ] GC(96) Pause Young (Allocation Failure)
[15.049s][info][gc,heap        ] GC(96) PSYoungGen: 171423K(172032K)->1888K(172032K) Eden: 169471K(169472K)->0K(169472K) From: 1952K(2560K)->1888K(2560K)
[15.049s][info][gc,heap        ] GC(96) ParOldGen: 54502K(349696K)->54670K(349696K)
[15.049s][info][gc,metaspace   ] GC(96) Metaspace: 71607K(72256K)->71607K(72256K) NonClass: 56836K(57216K)->56836K(57216K) Class: 14770K(15040K)->14770K(15040K)
[15.049s][info][gc             ] GC(96) Pause Young (Allocation Failure) 220M->55M(509M) 1.107ms
[15.049s][info][gc,cpu         ] GC(96) User=0.00s Sys=0.00s Real=0.00s
[15.090s][info][gc,start       ] GC(97) Pause Young (Allocation Failure)
[15.091s][info][gc,heap        ] GC(97) PSYoungGen: 171360K(172032K)->1952K(172032K) Eden: 169472K(169472K)->0K(169472K) From: 1888K(2560K)->1952K(2560K)
[15.091s][info][gc,heap        ] GC(97) ParOldGen: 54670K(349696K)->54838K(349696K)
[15.091s][info][gc,metaspace   ] GC(97) Metaspace: 71607K(72256K)->71607K(72256K) NonClass: 56836K(57216K)->56836K(57216K) Class: 14770K(15040K)->14770K(15040K)
[15.091s][info][gc             ] GC(97) Pause Young (Allocation Failure) 220M->55M(509M) 1.157ms
[15.091s][info][gc,cpu         ] GC(97) User=0.00s Sys=0.00s Real=0.00s
[15.133s][info][gc,start       ] GC(98) Pause Young (Allocation Failure)
[15.134s][info][gc,heap        ] GC(98) PSYoungGen: 171424K(172032K)->1984K(172032K) Eden: 169472K(169472K)->0K(169472K) From: 1952K(2560K)->1984K(2560K)
[15.134s][info][gc,heap        ] GC(98) ParOldGen: 54838K(349696K)->55102K(349696K)
[15.134s][info][gc,metaspace   ] GC(98) Metaspace: 71612K(72256K)->71612K(72256K) NonClass: 56842K(57216K)->56842K(57216K) Class: 14770K(15040K)->14770K(15040K)
[15.134s][info][gc             ] GC(98) Pause Young (Allocation Failure) 220M->55M(509M) 1.099ms
[15.134s][info][gc,cpu         ] GC(98) User=0.00s Sys=0.00s Real=0.00s
[15.175s][info][gc,start       ] GC(99) Pause Young (Allocation Failure)
[15.176s][info][gc,heap        ] GC(99) PSYoungGen: 171456K(172032K)->1984K(172032K) Eden: 169472K(169472K)->0K(169472K) From: 1984K(2560K)->1984K(2560K)
[15.176s][info][gc,heap        ] GC(99) ParOldGen: 55102K(349696K)->55222K(349696K)
[15.176s][info][gc,metaspace   ] GC(99) Metaspace: 71613K(72256K)->71613K(72256K) NonClass: 56842K(57216K)->56842K(57216K) Class: 14770K(15040K)->14770K(15040K)
[15.176s][info][gc             ] GC(99) Pause Young (Allocation Failure) 221M->55M(509M) 1.148ms
[15.176s][info][gc,cpu         ] GC(99) User=0.00s Sys=0.00s Real=0.00s
[15.217s][info][gc,start       ] GC(100) Pause Young (Allocation Failure)
[15.218s][info][gc,heap        ] GC(100) PSYoungGen: 171456K(172032K)->1952K(172032K) Eden: 169472K(169472K)->0K(169472K) From: 1984K(2560K)->1952K(2560K)
[15.218s][info][gc,heap        ] GC(100) ParOldGen: 55222K(349696K)->55390K(349696K)
[15.218s][info][gc,metaspace   ] GC(100) Metaspace: 71613K(72256K)->71613K(72256K) NonClass: 56842K(57216K)->56842K(57216K) Class: 14770K(15040K)->14770K(15040K)
[15.218s][info][gc             ] GC(100) Pause Young (Allocation Failure) 221M->55M(509M) 1.127ms
[15.218s][info][gc,cpu         ] GC(100) User=0.00s Sys=0.00s Real=0.00s
[15.261s][info][gc,start       ] GC(101) Pause Young (Allocation Failure)
[15.263s][info][gc,heap        ] GC(101) PSYoungGen: 171424K(172032K)->1952K(172032K) Eden: 169472K(169472K)->0K(169472K) From: 1952K(2560K)->1952K(2560K)
[15.263s][info][gc,heap        ] GC(101) ParOldGen: 55390K(349696K)->55518K(349696K)
[15.263s][info][gc,metaspace   ] GC(101) Metaspace: 71613K(72256K)->71613K(72256K) NonClass: 56842K(57216K)->56842K(57216K) Class: 14770K(15040K)->14770K(15040K)
[15.263s][info][gc             ] GC(101) Pause Young (Allocation Failure) 221M->56M(509M) 1.106ms
[15.263s][info][gc,cpu         ] GC(101) User=0.00s Sys=0.00s Real=0.00s
[15.363s][info][gc,start       ] GC(102) Pause Young (Allocation Failure)
[15.364s][info][gc,heap        ] GC(102) PSYoungGen: 171424K(172032K)->1824K(172032K) Eden: 169472K(169472K)->0K(169472K) From: 1952K(2560K)->1824K(2560K)
[15.364s][info][gc,heap        ] GC(102) ParOldGen: 55518K(349696K)->55718K(349696K)
[15.364s][info][gc,metaspace   ] GC(102) Metaspace: 71613K(72256K)->71613K(72256K) NonClass: 56842K(57216K)->56842K(57216K) Class: 14770K(15040K)->14770K(15040K)
[15.364s][info][gc             ] GC(102) Pause Young (Allocation Failure) 221M->56M(509M) 1.824ms
[15.364s][info][gc,cpu         ] GC(102) User=0.00s Sys=0.00s Real=0.00s
[15.415s][info][gc,start       ] GC(103) Pause Young (Allocation Failure)
[15.416s][info][gc,heap        ] GC(103) PSYoungGen: 171296K(172032K)->1888K(172032K) Eden: 169472K(169472K)->0K(169472K) From: 1824K(2560K)->1888K(2560K)
[15.416s][info][gc,heap        ] GC(103) ParOldGen: 55718K(349696K)->55814K(349696K)
[15.416s][info][gc,metaspace   ] GC(103) Metaspace: 71613K(72256K)->71613K(72256K) NonClass: 56842K(57216K)->56842K(57216K) Class: 14770K(15040K)->14770K(15040K)
[15.416s][info][gc             ] GC(103) Pause Young (Allocation Failure) 221M->56M(509M) 1.085ms
[15.416s][info][gc,cpu         ] GC(103) User=0.00s Sys=0.00s Real=0.00s
[15.457s][info][gc,start       ] GC(104) Pause Young (Allocation Failure)
[15.458s][info][gc,heap        ] GC(104) PSYoungGen: 171360K(172032K)->2016K(172032K) Eden: 169472K(169472K)->0K(169472K) From: 1888K(2560K)->2016K(2560K)
[15.458s][info][gc,heap        ] GC(104) ParOldGen: 55814K(349696K)->55990K(349696K)
[15.458s][info][gc,metaspace   ] GC(104) Metaspace: 71613K(72256K)->71613K(72256K) NonClass: 56842K(57216K)->56842K(57216K) Class: 14770K(15040K)->14770K(15040K)
[15.458s][info][gc             ] GC(104) Pause Young (Allocation Failure) 221M->56M(509M) 1.090ms
[15.458s][info][gc,cpu         ] GC(104) User=0.00s Sys=0.00s Real=0.00s
[15.499s][info][gc,start       ] GC(105) Pause Young (Allocation Failure)
[15.500s][info][gc,heap        ] GC(105) PSYoungGen: 171488K(172032K)->1920K(172032K) Eden: 169472K(169472K)->0K(169472K) From: 2016K(2560K)->1920K(2560K)
[15.500s][info][gc,heap        ] GC(105) ParOldGen: 55990K(349696K)->56158K(349696K)
[15.500s][info][gc,metaspace   ] GC(105) Metaspace: 71613K(72256K)->71613K(72256K) NonClass: 56842K(57216K)->56842K(57216K) Class: 14770K(15040K)->14770K(15040K)
[15.500s][info][gc             ] GC(105) Pause Young (Allocation Failure) 222M->56M(509M) 1.099ms
[15.500s][info][gc,cpu         ] GC(105) User=0.00s Sys=0.00s Real=0.00s
[15.541s][info][gc,start       ] GC(106) Pause Young (Allocation Failure)
[15.542s][info][gc,heap        ] GC(106) PSYoungGen: 171392K(172032K)->1952K(172032K) Eden: 169472K(169472K)->0K(169472K) From: 1920K(2560K)->1952K(2560K)
[15.542s][info][gc,heap        ] GC(106) ParOldGen: 56158K(349696K)->56358K(349696K)
[15.542s][info][gc,metaspace   ] GC(106) Metaspace: 71613K(72256K)->71613K(72256K) NonClass: 56842K(57216K)->56842K(57216K) Class: 14770K(15040K)->14770K(15040K)
[15.542s][info][gc             ] GC(106) Pause Young (Allocation Failure) 222M->56M(509M) 1.084ms
[15.542s][info][gc,cpu         ] GC(106) User=0.00s Sys=0.00s Real=0.00s
[15.583s][info][gc,start       ] GC(107) Pause Young (Allocation Failure)
[15.584s][info][gc,heap        ] GC(107) PSYoungGen: 171424K(172032K)->1952K(172032K) Eden: 169472K(169472K)->0K(169472K) From: 1952K(2560K)->1952K(2560K)
[15.584s][info][gc,heap        ] GC(107) ParOldGen: 56358K(349696K)->56462K(349696K)
[15.584s][info][gc,metaspace   ] GC(107) Metaspace: 71613K(72256K)->71613K(72256K) NonClass: 56842K(57216K)->56842K(57216K) Class: 14770K(15040K)->14770K(15040K)
[15.584s][info][gc             ] GC(107) Pause Young (Allocation Failure) 222M->57M(509M) 1.093ms
[15.585s][info][gc,cpu         ] GC(107) User=0.00s Sys=0.00s Real=0.00s
[15.626s][info][gc,start       ] GC(108) Pause Young (Allocation Failure)
[15.627s][info][gc,heap        ] GC(108) PSYoungGen: 171424K(172032K)->1952K(172032K) Eden: 169472K(169472K)->0K(169472K) From: 1952K(2560K)->1952K(2560K)
[15.627s][info][gc,heap        ] GC(108) ParOldGen: 56462K(349696K)->56662K(349696K)
[15.627s][info][gc,metaspace   ] GC(108) Metaspace: 71616K(72256K)->71616K(72256K) NonClass: 56845K(57216K)->56845K(57216K) Class: 14770K(15040K)->14770K(15040K)
[15.627s][info][gc             ] GC(108) Pause Young (Allocation Failure) 222M->57M(509M) 1.122ms
[15.627s][info][gc,cpu         ] GC(108) User=0.00s Sys=0.00s Real=0.00s
[15.668s][info][gc,start       ] GC(109) Pause Young (Allocation Failure)
[15.669s][info][gc,heap        ] GC(109) PSYoungGen: 171424K(172032K)->1952K(171520K) Eden: 169472K(169472K)->0K(169472K) From: 1952K(2560K)->1952K(2048K)
[15.669s][info][gc,heap        ] GC(109) ParOldGen: 56662K(349696K)->56782K(349696K)
[15.669s][info][gc,metaspace   ] GC(109) Metaspace: 71616K(72256K)->71616K(72256K) NonClass: 56845K(57216K)->56845K(57216K) Class: 14770K(15040K)->14770K(15040K)
[15.669s][info][gc             ] GC(109) Pause Young (Allocation Failure) 222M->57M(509M) 1.130ms
[15.669s][info][gc,cpu         ] GC(109) User=0.00s Sys=0.00s Real=0.00s
[15.710s][info][gc,start       ] GC(110) Pause Young (Allocation Failure)
[15.711s][info][gc,heap        ] GC(110) PSYoungGen: 171424K(171520K)->1888K(171520K) Eden: 169472K(169472K)->0K(169472K) From: 1952K(2048K)->1888K(2048K)
[15.711s][info][gc,heap        ] GC(110) ParOldGen: 56782K(349696K)->56966K(349696K)
[15.711s][info][gc,metaspace   ] GC(110) Metaspace: 71616K(72256K)->71616K(72256K) NonClass: 56845K(57216K)->56845K(57216K) Class: 14770K(15040K)->14770K(15040K)
[15.711s][info][gc             ] GC(110) Pause Young (Allocation Failure) 222M->57M(509M) 1.052ms
[15.711s][info][gc,cpu         ] GC(110) User=0.00s Sys=0.00s Real=0.00s
[15.752s][info][gc,start       ] GC(111) Pause Young (Allocation Failure)
[15.753s][info][gc,heap        ] GC(111) PSYoungGen: 171360K(171520K)->1920K(171520K) Eden: 169472K(169472K)->0K(169472K) From: 1888K(2048K)->1920K(2048K)
[15.753s][info][gc,heap        ] GC(111) ParOldGen: 56966K(349696K)->57110K(349696K)
[15.753s][info][gc,metaspace   ] GC(111) Metaspace: 71616K(72256K)->71616K(72256K) NonClass: 56845K(57216K)->56845K(57216K) Class: 14770K(15040K)->14770K(15040K)
[15.753s][info][gc             ] GC(111) Pause Young (Allocation Failure) 222M->57M(509M) 1.081ms
[15.753s][info][gc,cpu         ] GC(111) User=0.00s Sys=0.00s Real=0.00s
[15.794s][info][gc,start       ] GC(112) Pause Young (Allocation Failure)
[15.795s][info][gc,heap        ] GC(112) PSYoungGen: 171392K(171520K)->2048K(171520K) Eden: 169472K(169472K)->0K(169472K) From: 1920K(2048K)->2048K(2048K)
[15.795s][info][gc,heap        ] GC(112) ParOldGen: 57110K(349696K)->57230K(349696K)
[15.795s][info][gc,metaspace   ] GC(112) Metaspace: 71617K(72256K)->71617K(72256K) NonClass: 56846K(57216K)->56846K(57216K) Class: 14770K(15040K)->14770K(15040K)
[15.795s][info][gc             ] GC(112) Pause Young (Allocation Failure) 223M->57M(509M) 1.227ms
[15.795s][info][gc,cpu         ] GC(112) User=0.00s Sys=0.00s Real=0.00s
[15.838s][info][gc,start       ] GC(113) Pause Young (Allocation Failure)
[15.839s][info][gc,heap        ] GC(113) PSYoungGen: 171520K(171520K)->1984K(172032K) Eden: 169472K(169472K)->0K(169472K) From: 2048K(2048K)->1984K(2560K)
[15.839s][info][gc,heap        ] GC(113) ParOldGen: 57230K(349696K)->57422K(349696K)
[15.839s][info][gc,metaspace   ] GC(113) Metaspace: 71631K(72256K)->71631K(72256K) NonClass: 56860K(57216K)->56860K(57216K) Class: 14770K(15040K)->14770K(15040K)
[15.839s][info][gc             ] GC(113) Pause Young (Allocation Failure) 223M->58M(509M) 1.197ms
[15.839s][info][gc,cpu         ] GC(113) User=0.00s Sys=0.00s Real=0.00s
[15.884s][info][gc,start       ] GC(114) Pause Young (Allocation Failure)
[15.885s][info][gc,heap        ] GC(114) PSYoungGen: 171456K(172032K)->1984K(172032K) Eden: 169472K(169472K)->0K(169472K) From: 1984K(2560K)->1984K(2560K)
[15.885s][info][gc,heap        ] GC(114) ParOldGen: 57422K(349696K)->57678K(349696K)
[15.885s][info][gc,metaspace   ] GC(114) Metaspace: 71782K(72384K)->71782K(72384K) NonClass: 56974K(57344K)->56974K(57344K) Class: 14807K(15040K)->14807K(15040K)
[15.885s][info][gc             ] GC(114) Pause Young (Allocation Failure) 223M->58M(509M) 1.154ms
[15.885s][info][gc,cpu         ] GC(114) User=0.00s Sys=0.00s Real=0.00s
[15.935s][info][gc,start       ] GC(115) Pause Young (Allocation Failure)
[15.936s][info][gc,heap        ] GC(115) PSYoungGen: 171456K(172032K)->1856K(172032K) Eden: 169472K(169472K)->0K(169472K) From: 1984K(2560K)->1856K(2560K)
[15.936s][info][gc,heap        ] GC(115) ParOldGen: 57678K(349696K)->57998K(349696K)
[15.936s][info][gc,metaspace   ] GC(115) Metaspace: 71801K(72384K)->71801K(72384K) NonClass: 56993K(57344K)->56993K(57344K) Class: 14807K(15040K)->14807K(15040K)
[15.936s][info][gc             ] GC(115) Pause Young (Allocation Failure) 223M->58M(509M) 1.200ms
[15.936s][info][gc,cpu         ] GC(115) User=0.00s Sys=0.00s Real=0.00s
[15.989s][info][gc,start       ] GC(116) Pause Young (Allocation Failure)
[15.990s][info][gc,heap        ] GC(116) PSYoungGen: 171328K(172032K)->1664K(172032K) Eden: 169472K(169472K)->0K(169472K) From: 1856K(2560K)->1664K(2560K)
[15.990s][info][gc,heap        ] GC(116) ParOldGen: 57998K(349696K)->58294K(349696K)
[15.990s][info][gc,metaspace   ] GC(116) Metaspace: 71802K(72384K)->71802K(72384K) NonClass: 56994K(57344K)->56994K(57344K) Class: 14807K(15040K)->14807K(15040K)
[15.990s][info][gc             ] GC(116) Pause Young (Allocation Failure) 223M->58M(509M) 1.211ms
[15.990s][info][gc,cpu         ] GC(116) User=0.00s Sys=0.00s Real=0.00s
[16.041s][info][gc,start       ] GC(117) Pause Young (Allocation Failure)
[16.042s][info][gc,heap        ] GC(117) PSYoungGen: 171136K(172032K)->1792K(172032K) Eden: 169472K(169472K)->0K(169472K) From: 1664K(2560K)->1792K(2560K)
[16.042s][info][gc,heap        ] GC(117) ParOldGen: 58294K(349696K)->58526K(349696K)
[16.042s][info][gc,metaspace   ] GC(117) Metaspace: 71803K(72384K)->71803K(72384K) NonClass: 56995K(57344K)->56995K(57344K) Class: 14807K(15040K)->14807K(15040K)
[16.042s][info][gc             ] GC(117) Pause Young (Allocation Failure) 224M->58M(509M) 1.131ms
[16.042s][info][gc,cpu         ] GC(117) User=0.00s Sys=0.00s Real=0.00s
[16.092s][info][gc,start       ] GC(118) Pause Young (Allocation Failure)
[16.093s][info][gc,heap        ] GC(118) PSYoungGen: 171264K(172032K)->1856K(172032K) Eden: 169472K(169472K)->0K(169472K) From: 1792K(2560K)->1856K(2560K)
[16.093s][info][gc,heap        ] GC(118) ParOldGen: 58526K(349696K)->58734K(349696K)
[16.093s][info][gc,metaspace   ] GC(118) Metaspace: 71811K(72384K)->71811K(72384K) NonClass: 57004K(57344K)->57004K(57344K) Class: 14807K(15040K)->14807K(15040K)
[16.093s][info][gc             ] GC(118) Pause Young (Allocation Failure) 224M->59M(509M) 1.272ms
[16.093s][info][gc,cpu         ] GC(118) User=0.00s Sys=0.00s Real=0.00s
[16.147s][info][gc,start       ] GC(119) Pause Young (Allocation Failure)
[16.148s][info][gc,heap        ] GC(119) PSYoungGen: 171328K(172032K)->1792K(172032K) Eden: 169472K(169472K)->0K(169472K) From: 1856K(2560K)->1792K(2560K)
[16.148s][info][gc,heap        ] GC(119) ParOldGen: 58734K(349696K)->59046K(349696K)
[16.148s][info][gc,metaspace   ] GC(119) Metaspace: 71813K(72384K)->71813K(72384K) NonClass: 57006K(57344K)->57006K(57344K) Class: 14807K(15040K)->14807K(15040K)
[16.148s][info][gc             ] GC(119) Pause Young (Allocation Failure) 224M->59M(509M) 1.125ms
[16.148s][info][gc,cpu         ] GC(119) User=0.00s Sys=0.00s Real=0.00s
[16.197s][info][gc,start       ] GC(120) Pause Young (Allocation Failure)
[16.198s][info][gc,heap        ] GC(120) PSYoungGen: 171263K(172032K)->1536K(172032K) Eden: 169471K(169472K)->0K(169472K) From: 1792K(2560K)->1536K(2560K)
[16.198s][info][gc,heap        ] GC(120) ParOldGen: 59046K(349696K)->59326K(349696K)
[16.198s][info][gc,metaspace   ] GC(120) Metaspace: 71813K(72384K)->71813K(72384K) NonClass: 57006K(57344K)->57006K(57344K) Class: 14807K(15040K)->14807K(15040K)
[16.199s][info][gc             ] GC(120) Pause Young (Allocation Failure) 224M->59M(509M) 1.145ms
[16.199s][info][gc,cpu         ] GC(120) User=0.00s Sys=0.00s Real=0.00s
[16.248s][info][gc,start       ] GC(121) Pause Young (Allocation Failure)
[16.249s][info][gc,heap        ] GC(121) PSYoungGen: 171008K(172032K)->1600K(172032K) Eden: 169472K(169472K)->0K(169472K) From: 1536K(2560K)->1600K(2560K)
[16.249s][info][gc,heap        ] GC(121) ParOldGen: 59326K(349696K)->59414K(349696K)
[16.249s][info][gc,metaspace   ] GC(121) Metaspace: 71813K(72384K)->71813K(72384K) NonClass: 57006K(57344K)->57006K(57344K) Class: 14807K(15040K)->14807K(15040K)
[16.249s][info][gc             ] GC(121) Pause Young (Allocation Failure) 224M->59M(509M) 1.161ms
[16.249s][info][gc,cpu         ] GC(121) User=0.00s Sys=0.00s Real=0.00s
[16.301s][info][gc,start       ] GC(122) Pause Young (Allocation Failure)
[16.302s][info][gc,heap        ] GC(122) PSYoungGen: 171072K(172032K)->1536K(172032K) Eden: 169472K(169472K)->0K(169472K) From: 1600K(2560K)->1536K(2560K)
[16.302s][info][gc,heap        ] GC(122) ParOldGen: 59414K(349696K)->59598K(349696K)
[16.302s][info][gc,metaspace   ] GC(122) Metaspace: 71815K(72384K)->71815K(72384K) NonClass: 57008K(57344K)->57008K(57344K) Class: 14807K(15040K)->14807K(15040K)
[16.302s][info][gc             ] GC(122) Pause Young (Allocation Failure) 225M->59M(509M) 1.087ms
[16.302s][info][gc,cpu         ] GC(122) User=0.00s Sys=0.00s Real=0.00s
[16.348s][info][gc,start       ] GC(123) Pause Young (Allocation Failure)
[16.349s][info][gc,heap        ] GC(123) PSYoungGen: 171008K(172032K)->1600K(172032K) Eden: 169472K(169472K)->0K(169472K) From: 1536K(2560K)->1600K(2560K)
[16.349s][info][gc,heap        ] GC(123) ParOldGen: 59598K(349696K)->59806K(349696K)
[16.349s][info][gc,metaspace   ] GC(123) Metaspace: 71816K(72384K)->71816K(72384K) NonClass: 57008K(57344K)->57008K(57344K) Class: 14807K(15040K)->14807K(15040K)
[16.349s][info][gc             ] GC(123) Pause Young (Allocation Failure) 225M->59M(509M) 1.081ms
[16.349s][info][gc,cpu         ] GC(123) User=0.00s Sys=0.00s Real=0.00s
[16.394s][info][gc,start       ] GC(124) Pause Young (Allocation Failure)
[16.395s][info][gc,heap        ] GC(124) PSYoungGen: 171072K(172032K)->1472K(172032K) Eden: 169472K(169472K)->0K(169472K) From: 1600K(2560K)->1472K(2560K)
[16.395s][info][gc,heap        ] GC(124) ParOldGen: 59806K(349696K)->59950K(349696K)
[16.395s][info][gc,metaspace   ] GC(124) Metaspace: 71816K(72384K)->71816K(72384K) NonClass: 57009K(57344K)->57009K(57344K) Class: 14807K(15040K)->14807K(15040K)
[16.395s][info][gc             ] GC(124) Pause Young (Allocation Failure) 225M->59M(509M) 1.147ms
[16.395s][info][gc,cpu         ] GC(124) User=0.00s Sys=0.00s Real=0.00s
[16.440s][info][gc,start       ] GC(125) Pause Young (Allocation Failure)
[16.441s][info][gc,heap        ] GC(125) PSYoungGen: 170944K(172032K)->1504K(172032K) Eden: 169472K(169472K)->0K(169472K) From: 1472K(2560K)->1504K(2560K)
[16.441s][info][gc,heap        ] GC(125) ParOldGen: 59950K(349696K)->60094K(349696K)
[16.441s][info][gc,metaspace   ] GC(125) Metaspace: 71817K(72384K)->71817K(72384K) NonClass: 57009K(57344K)->57009K(57344K) Class: 14807K(15040K)->14807K(15040K)
[16.441s][info][gc             ] GC(125) Pause Young (Allocation Failure) 225M->60M(509M) 0.984ms
[16.441s][info][gc,cpu         ] GC(125) User=0.00s Sys=0.00s Real=0.00s
[16.486s][info][gc,start       ] GC(126) Pause Young (Allocation Failure)
[16.487s][info][gc,heap        ] GC(126) PSYoungGen: 170976K(172032K)->1472K(172032K) Eden: 169472K(169472K)->0K(169472K) From: 1504K(2560K)->1472K(2560K)
[16.487s][info][gc,heap        ] GC(126) ParOldGen: 60094K(349696K)->60126K(349696K)
[16.487s][info][gc,metaspace   ] GC(126) Metaspace: 71818K(72384K)->71818K(72384K) NonClass: 57010K(57344K)->57010K(57344K) Class: 14807K(15040K)->14807K(15040K)
[16.487s][info][gc             ] GC(126) Pause Young (Allocation Failure) 225M->60M(509M) 1.010ms
[16.487s][info][gc,cpu         ] GC(126) User=0.00s Sys=0.00s Real=0.00s
[16.533s][info][gc,start       ] GC(127) Pause Young (Allocation Failure)
[16.534s][info][gc,heap        ] GC(127) PSYoungGen: 170944K(172032K)->1376K(172032K) Eden: 169472K(169472K)->0K(169472K) From: 1472K(2560K)->1376K(2560K)
[16.534s][info][gc,heap        ] GC(127) ParOldGen: 60126K(349696K)->60406K(349696K)
[16.534s][info][gc,metaspace   ] GC(127) Metaspace: 71822K(72384K)->71822K(72384K) NonClass: 57014K(57344K)->57014K(57344K) Class: 14807K(15040K)->14807K(15040K)
[16.534s][info][gc             ] GC(127) Pause Young (Allocation Failure) 225M->60M(509M) 1.000ms
[16.534s][info][gc,cpu         ] GC(127) User=0.00s Sys=0.00s Real=0.00s
[16.581s][info][gc,start       ] GC(128) Pause Young (Allocation Failure)
[16.582s][info][gc,heap        ] GC(128) PSYoungGen: 170848K(172032K)->1472K(172032K) Eden: 169472K(169472K)->0K(169472K) From: 1376K(2560K)->1472K(2560K)
[16.582s][info][gc,heap        ] GC(128) ParOldGen: 60406K(349696K)->60566K(349696K)
[16.582s][info][gc,metaspace   ] GC(128) Metaspace: 71831K(72448K)->71831K(72448K) NonClass: 57023K(57408K)->57023K(57408K) Class: 14807K(15040K)->14807K(15040K)
[16.582s][info][gc             ] GC(128) Pause Young (Allocation Failure) 225M->60M(509M) 0.988ms
[16.582s][info][gc,cpu         ] GC(128) User=0.00s Sys=0.00s Real=0.00s
[16.631s][info][gc,start       ] GC(129) Pause Young (Allocation Failure)
[16.632s][info][gc,heap        ] GC(129) PSYoungGen: 170944K(172032K)->1312K(172032K) Eden: 169472K(169472K)->0K(169472K) From: 1472K(2560K)->1312K(2560K)
[16.632s][info][gc,heap        ] GC(129) ParOldGen: 60566K(349696K)->60758K(349696K)
[16.632s][info][gc,metaspace   ] GC(129) Metaspace: 71838K(72448K)->71838K(72448K) NonClass: 57031K(57408K)->57031K(57408K) Class: 14807K(15040K)->14807K(15040K)
[16.632s][info][gc             ] GC(129) Pause Young (Allocation Failure) 226M->60M(509M) 0.972ms
[16.632s][info][gc,cpu         ] GC(129) User=0.00s Sys=0.00s Real=0.00s
[16.685s][info][gc,start       ] GC(130) Pause Young (Allocation Failure)
[16.686s][info][gc,heap        ] GC(130) PSYoungGen: 170784K(172032K)->1216K(172032K) Eden: 169472K(169472K)->0K(169472K) From: 1312K(2560K)->1216K(2560K)
[16.686s][info][gc,heap        ] GC(130) ParOldGen: 60758K(349696K)->60974K(349696K)
[16.686s][info][gc,metaspace   ] GC(130) Metaspace: 71847K(72448K)->71847K(72448K) NonClass: 57039K(57408K)->57039K(57408K) Class: 14808K(15040K)->14808K(15040K)
[16.686s][info][gc             ] GC(130) Pause Young (Allocation Failure) 226M->60M(509M) 0.994ms
[16.686s][info][gc,cpu         ] GC(130) User=0.00s Sys=0.00s Real=0.00s
[16.739s][info][gc,start       ] GC(131) Pause Young (Allocation Failure)
[16.739s][info][gc,heap        ] GC(131) PSYoungGen: 170688K(172032K)->1216K(172032K) Eden: 169472K(169472K)->0K(169472K) From: 1216K(2560K)->1216K(2560K)
[16.739s][info][gc,heap        ] GC(131) ParOldGen: 60974K(349696K)->61174K(349696K)
[16.739s][info][gc,metaspace   ] GC(131) Metaspace: 71847K(72448K)->71847K(72448K) NonClass: 57039K(57408K)->57039K(57408K) Class: 14808K(15040K)->14808K(15040K)
[16.740s][info][gc             ] GC(131) Pause Young (Allocation Failure) 226M->60M(509M) 0.967ms
[16.740s][info][gc,cpu         ] GC(131) User=0.00s Sys=0.00s Real=0.00s
[16.791s][info][gc,start       ] GC(132) Pause Young (Allocation Failure)
[16.792s][info][gc,heap        ] GC(132) PSYoungGen: 170688K(172032K)->1216K(172032K) Eden: 169472K(169472K)->0K(169472K) From: 1216K(2560K)->1216K(2560K)
[16.792s][info][gc,heap        ] GC(132) ParOldGen: 61174K(349696K)->61254K(349696K)
[16.792s][info][gc,metaspace   ] GC(132) Metaspace: 71847K(72448K)->71847K(72448K) NonClass: 57039K(57408K)->57039K(57408K) Class: 14808K(15040K)->14808K(15040K)
[16.792s][info][gc             ] GC(132) Pause Young (Allocation Failure) 226M->61M(509M) 0.894ms
[16.792s][info][gc,cpu         ] GC(132) User=0.00s Sys=0.00s Real=0.00s
[16.845s][info][gc,start       ] GC(133) Pause Young (Allocation Failure)
[16.846s][info][gc,heap        ] GC(133) PSYoungGen: 170688K(172032K)->1184K(172032K) Eden: 169472K(169472K)->0K(169472K) From: 1216K(2560K)->1184K(2560K)
[16.846s][info][gc,heap        ] GC(133) ParOldGen: 61254K(349696K)->61510K(349696K)
[16.846s][info][gc,metaspace   ] GC(133) Metaspace: 71847K(72448K)->71847K(72448K) NonClass: 57039K(57408K)->57039K(57408K) Class: 14808K(15040K)->14808K(15040K)
[16.846s][info][gc             ] GC(133) Pause Young (Allocation Failure) 226M->61M(509M) 0.898ms
[16.846s][info][gc,cpu         ] GC(133) User=0.00s Sys=0.00s Real=0.00s
[16.899s][info][gc,start       ] GC(134) Pause Young (Allocation Failure)
[16.899s][info][gc,heap        ] GC(134) PSYoungGen: 170656K(172032K)->1152K(172032K) Eden: 169472K(169472K)->0K(169472K) From: 1184K(2560K)->1152K(2560K)
[16.899s][info][gc,heap        ] GC(134) ParOldGen: 61510K(349696K)->61542K(349696K)
[16.899s][info][gc,metaspace   ] GC(134) Metaspace: 71847K(72448K)->71847K(72448K) NonClass: 57039K(57408K)->57039K(57408K) Class: 14808K(15040K)->14808K(15040K)
[16.899s][info][gc             ] GC(134) Pause Young (Allocation Failure) 226M->61M(509M) 0.810ms
[16.899s][info][gc,cpu         ] GC(134) User=0.00s Sys=0.00s Real=0.00s
[16.953s][info][gc,start       ] GC(135) Pause Young (Allocation Failure)
[16.954s][info][gc,heap        ] GC(135) PSYoungGen: 170624K(172032K)->1184K(172032K) Eden: 169472K(169472K)->0K(169472K) From: 1152K(2560K)->1184K(2560K)
[16.954s][info][gc,heap        ] GC(135) ParOldGen: 61542K(349696K)->61622K(349696K)
[16.954s][info][gc,metaspace   ] GC(135) Metaspace: 71847K(72448K)->71847K(72448K) NonClass: 57039K(57408K)->57039K(57408K) Class: 14808K(15040K)->14808K(15040K)
[16.954s][info][gc             ] GC(135) Pause Young (Allocation Failure) 226M->61M(509M) 0.847ms
[16.954s][info][gc,cpu         ] GC(135) User=0.42s Sys=0.05s Real=0.00s
[17.011s][info][gc,start       ] GC(136) Pause Young (Allocation Failure)
[17.012s][info][gc,heap        ] GC(136) PSYoungGen: 170656K(172032K)->1184K(172032K) Eden: 169472K(169472K)->0K(169472K) From: 1184K(2560K)->1184K(2560K)
[17.012s][info][gc,heap        ] GC(136) ParOldGen: 61622K(349696K)->61790K(349696K)
[17.012s][info][gc,metaspace   ] GC(136) Metaspace: 71847K(72448K)->71847K(72448K) NonClass: 57039K(57408K)->57039K(57408K) Class: 14808K(15040K)->14808K(15040K)
[17.012s][info][gc             ] GC(136) Pause Young (Allocation Failure) 226M->61M(509M) 0.895ms
[17.012s][info][gc,cpu         ] GC(136) User=0.00s Sys=0.00s Real=0.00s
[17.074s][info][gc,start       ] GC(137) Pause Young (Allocation Failure)
[17.075s][info][gc,heap        ] GC(137) PSYoungGen: 170656K(172032K)->1248K(171008K) Eden: 169472K(169472K)->0K(169472K) From: 1184K(2560K)->1248K(1536K)
[17.075s][info][gc,heap        ] GC(137) ParOldGen: 61790K(349696K)->62062K(349696K)
[17.075s][info][gc,metaspace   ] GC(137) Metaspace: 71852K(72448K)->71852K(72448K) NonClass: 57044K(57408K)->57044K(57408K) Class: 14808K(15040K)->14808K(15040K)
[17.075s][info][gc             ] GC(137) Pause Young (Allocation Failure) 226M->61M(508M) 1.062ms
[17.075s][info][gc,cpu         ] GC(137) User=0.00s Sys=0.00s Real=0.00s
[17.143s][info][gc,start       ] GC(138) Pause Young (Allocation Failure)
[17.144s][info][gc,heap        ] GC(138) PSYoungGen: 170720K(171008K)->1184K(171520K) Eden: 169472K(169472K)->0K(169472K) From: 1248K(1536K)->1184K(2048K)
[17.144s][info][gc,heap        ] GC(138) ParOldGen: 62062K(349696K)->62334K(349696K)
[17.144s][info][gc,metaspace   ] GC(138) Metaspace: 71856K(72448K)->71856K(72448K) NonClass: 57048K(57408K)->57048K(57408K) Class: 14808K(15040K)->14808K(15040K)
[17.144s][info][gc             ] GC(138) Pause Young (Allocation Failure) 227M->62M(509M) 0.990ms
[17.144s][info][gc,cpu         ] GC(138) User=0.00s Sys=0.00s Real=0.00s
[17.211s][info][gc,start       ] GC(139) Pause Young (Allocation Failure)
[17.212s][info][gc,heap        ] GC(139) PSYoungGen: 170656K(171520K)->1152K(171520K) Eden: 169472K(169472K)->0K(169472K) From: 1184K(2048K)->1152K(2048K)
[17.212s][info][gc,heap        ] GC(139) ParOldGen: 62334K(349696K)->62534K(349696K)
[17.212s][info][gc,metaspace   ] GC(139) Metaspace: 71856K(72448K)->71856K(72448K) NonClass: 57048K(57408K)->57048K(57408K) Class: 14808K(15040K)->14808K(15040K)
[17.212s][info][gc             ] GC(139) Pause Young (Allocation Failure) 227M->62M(509M) 0.894ms
[17.212s][info][gc,cpu         ] GC(139) User=0.00s Sys=0.00s Real=0.00s
[17.277s][info][gc,start       ] GC(140) Pause Young (Allocation Failure)
[17.278s][info][gc,heap        ] GC(140) PSYoungGen: 170624K(171520K)->1184K(172544K) Eden: 169472K(169472K)->0K(170496K) From: 1152K(2048K)->1184K(2048K)
[17.278s][info][gc,heap        ] GC(140) ParOldGen: 62534K(349696K)->62566K(349696K)
[17.278s][info][gc,metaspace   ] GC(140) Metaspace: 71856K(72448K)->71856K(72448K) NonClass: 57048K(57408K)->57048K(57408K) Class: 14808K(15040K)->14808K(15040K)
[17.278s][info][gc             ] GC(140) Pause Young (Allocation Failure) 227M->62M(510M) 0.822ms
[17.278s][info][gc,cpu         ] GC(140) User=0.00s Sys=0.00s Real=0.00s
[17.344s][info][gc,start       ] GC(141) Pause Young (Allocation Failure)
[17.345s][info][gc,heap        ] GC(141) PSYoungGen: 171680K(172544K)->1120K(172544K) Eden: 170496K(170496K)->0K(170496K) From: 1184K(2048K)->1120K(2048K)
[17.345s][info][gc,heap        ] GC(141) ParOldGen: 62566K(349696K)->62590K(349696K)
[17.345s][info][gc,metaspace   ] GC(141) Metaspace: 71856K(72448K)->71856K(72448K) NonClass: 57048K(57408K)->57048K(57408K) Class: 14808K(15040K)->14808K(15040K)
[17.345s][info][gc             ] GC(141) Pause Young (Allocation Failure) 228M->62M(510M) 0.876ms
[17.345s][info][gc,cpu         ] GC(141) User=0.28s Sys=0.02s Real=0.01s
[17.413s][info][gc,start       ] GC(142) Pause Young (Allocation Failure)
[17.413s][info][gc,heap        ] GC(142) PSYoungGen: 171616K(172544K)->1152K(172544K) Eden: 170496K(170496K)->0K(170496K) From: 1120K(2048K)->1152K(2048K)
[17.414s][info][gc,heap        ] GC(142) ParOldGen: 62590K(349696K)->62678K(349696K)
[17.414s][info][gc,metaspace   ] GC(142) Metaspace: 71856K(72448K)->71856K(72448K) NonClass: 57048K(57408K)->57048K(57408K) Class: 14808K(15040K)->14808K(15040K)
[17.414s][info][gc             ] GC(142) Pause Young (Allocation Failure) 228M->62M(510M) 0.824ms
[17.414s][info][gc,cpu         ] GC(142) User=0.00s Sys=0.00s Real=0.00s
[17.483s][info][gc,start       ] GC(143) Pause Young (Allocation Failure)
[17.483s][info][gc,heap        ] GC(143) PSYoungGen: 171648K(172544K)->1120K(172544K) Eden: 170496K(170496K)->0K(170496K) From: 1152K(2048K)->1120K(2048K)
[17.483s][info][gc,heap        ] GC(143) ParOldGen: 62678K(349696K)->62910K(349696K)
[17.483s][info][gc,metaspace   ] GC(143) Metaspace: 71857K(72448K)->71857K(72448K) NonClass: 57049K(57408K)->57049K(57408K) Class: 14808K(15040K)->14808K(15040K)
[17.483s][info][gc             ] GC(143) Pause Young (Allocation Failure) 228M->62M(510M) 0.893ms
[17.483s][info][gc,cpu         ] GC(143) User=0.00s Sys=0.00s Real=0.00s
[17.552s][info][gc,start       ] GC(144) Pause Young (Allocation Failure)
[17.553s][info][gc,heap        ] GC(144) PSYoungGen: 171616K(172544K)->1152K(172544K) Eden: 170496K(170496K)->0K(170496K) From: 1120K(2048K)->1152K(2048K)
[17.553s][info][gc,heap        ] GC(144) ParOldGen: 62910K(349696K)->63062K(349696K)
[17.553s][info][gc,metaspace   ] GC(144) Metaspace: 71857K(72448K)->71857K(72448K) NonClass: 57049K(57408K)->57049K(57408K) Class: 14808K(15040K)->14808K(15040K)
[17.553s][info][gc             ] GC(144) Pause Young (Allocation Failure) 229M->62M(510M) 0.827ms
[17.553s][info][gc,cpu         ] GC(144) User=0.00s Sys=0.00s Real=0.00s
[17.622s][info][gc,start       ] GC(145) Pause Young (Allocation Failure)
[17.623s][info][gc,heap        ] GC(145) PSYoungGen: 171648K(172544K)->1088K(172544K) Eden: 170496K(170496K)->0K(170496K) From: 1152K(2048K)->1088K(2048K)
[17.623s][info][gc,heap        ] GC(145) ParOldGen: 63062K(349696K)->63110K(349696K)
[17.623s][info][gc,metaspace   ] GC(145) Metaspace: 71858K(72448K)->71858K(72448K) NonClass: 57050K(57408K)->57050K(57408K) Class: 14808K(15040K)->14808K(15040K)
[17.623s][info][gc             ] GC(145) Pause Young (Allocation Failure) 229M->62M(510M) 0.834ms
[17.623s][info][gc,cpu         ] GC(145) User=0.00s Sys=0.00s Real=0.00s
[17.696s][info][gc,start       ] GC(146) Pause Young (Allocation Failure)
[17.696s][info][gc,heap        ] GC(146) PSYoungGen: 171584K(172544K)->1024K(172544K) Eden: 170496K(170496K)->0K(170496K) From: 1088K(2048K)->1024K(2048K)
[17.696s][info][gc,heap        ] GC(146) ParOldGen: 63110K(349696K)->63294K(349696K)
[17.696s][info][gc,metaspace   ] GC(146) Metaspace: 71869K(72512K)->71869K(72512K) NonClass: 57061K(57472K)->57061K(57472K) Class: 14808K(15040K)->14808K(15040K)
[17.696s][info][gc             ] GC(146) Pause Young (Allocation Failure) 229M->62M(510M) 0.794ms
[17.696s][info][gc,cpu         ] GC(146) User=0.00s Sys=0.00s Real=0.00s
[17.778s][info][gc,start       ] GC(147) Pause Young (Allocation Failure)
[17.778s][info][gc,heap        ] GC(147) PSYoungGen: 171520K(172544K)->864K(166912K) Eden: 170496K(170496K)->0K(165888K) From: 1024K(2048K)->864K(1024K)
[17.778s][info][gc,heap        ] GC(147) ParOldGen: 63294K(349696K)->63518K(349696K)
[17.778s][info][gc,metaspace   ] GC(147) Metaspace: 71876K(72512K)->71876K(72512K) NonClass: 57068K(57472K)->57068K(57472K) Class: 14808K(15040K)->14808K(15040K)
[17.778s][info][gc             ] GC(147) Pause Young (Allocation Failure) 229M->62M(504M) 0.843ms
[17.778s][info][gc,cpu         ] GC(147) User=0.00s Sys=0.00s Real=0.00s
[17.875s][info][gc,start       ] GC(148) Pause Young (Allocation Failure)
[17.876s][info][gc,heap        ] GC(148) PSYoungGen: 166752K(166912K)->768K(162304K) Eden: 165888K(165888K)->0K(161280K) From: 864K(1024K)->768K(1024K)
[17.876s][info][gc,heap        ] GC(148) ParOldGen: 63518K(349696K)->63710K(349696K)
[17.876s][info][gc,metaspace   ] GC(148) Metaspace: 72070K(72704K)->72070K(72704K) NonClass: 57198K(57600K)->57198K(57600K) Class: 14871K(15104K)->14871K(15104K)
[17.876s][info][gc             ] GC(148) Pause Young (Allocation Failure) 224M->62M(500M) 0.885ms
[17.876s][info][gc,cpu         ] GC(148) User=0.38s Sys=0.00s Real=0.00s
[17.966s][info][gc,start       ] GC(149) Pause Young (Allocation Failure)
[17.967s][info][gc,heap        ] GC(149) PSYoungGen: 162048K(162304K)->672K(158208K) Eden: 161280K(161280K)->0K(157184K) From: 768K(1024K)->672K(1024K)
[17.967s][info][gc,heap        ] GC(149) ParOldGen: 63710K(349696K)->63910K(349696K)
[17.967s][info][gc,metaspace   ] GC(149) Metaspace: 72071K(72704K)->72071K(72704K) NonClass: 57200K(57600K)->57200K(57600K) Class: 14871K(15104K)->14871K(15104K)
[17.967s][info][gc             ] GC(149) Pause Young (Allocation Failure) 220M->63M(496M) 0.845ms
[17.967s][info][gc,cpu         ] GC(149) User=0.00s Sys=0.00s Real=0.00s
[18.057s][info][gc,start       ] GC(150) Pause Young (Allocation Failure)
[18.057s][info][gc,heap        ] GC(150) PSYoungGen: 157856K(158208K)->640K(154112K) Eden: 157184K(157184K)->0K(153088K) From: 672K(1024K)->640K(1024K)
[18.057s][info][gc,heap        ] GC(150) ParOldGen: 63910K(349696K)->64070K(349696K)
[18.057s][info][gc,metaspace   ] GC(150) Metaspace: 72077K(72704K)->72077K(72704K) NonClass: 57205K(57600K)->57205K(57600K) Class: 14871K(15104K)->14871K(15104K)
[18.057s][info][gc             ] GC(150) Pause Young (Allocation Failure) 216M->63M(492M) 0.725ms
[18.057s][info][gc,cpu         ] GC(150) User=0.00s Sys=0.00s Real=0.00s
[18.151s][info][gc,start       ] GC(151) Pause Young (Allocation Failure)
[18.151s][info][gc,heap        ] GC(151) PSYoungGen: 153728K(154112K)->608K(150016K) Eden: 153088K(153088K)->0K(148992K) From: 640K(1024K)->608K(1024K)
[18.151s][info][gc,heap        ] GC(151) ParOldGen: 64070K(349696K)->64174K(349696K)
[18.151s][info][gc,metaspace   ] GC(151) Metaspace: 72077K(72704K)->72077K(72704K) NonClass: 57205K(57600K)->57205K(57600K) Class: 14871K(15104K)->14871K(15104K)
[18.151s][info][gc             ] GC(151) Pause Young (Allocation Failure) 212M->63M(488M) 0.669ms
[18.152s][info][gc,cpu         ] GC(151) User=0.00s Sys=0.00s Real=0.00s
[18.242s][info][gc,start       ] GC(152) Pause Young (Allocation Failure)
[18.243s][info][gc,heap        ] GC(152) PSYoungGen: 149600K(150016K)->576K(146432K) Eden: 148992K(148992K)->0K(145408K) From: 608K(1024K)->576K(1024K)
[18.243s][info][gc,heap        ] GC(152) ParOldGen: 64174K(349696K)->64278K(349696K)
[18.243s][info][gc,metaspace   ] GC(152) Metaspace: 72077K(72704K)->72077K(72704K) NonClass: 57205K(57600K)->57205K(57600K) Class: 14871K(15104K)->14871K(15104K)
[18.243s][info][gc             ] GC(152) Pause Young (Allocation Failure) 208M->63M(484M) 0.801ms
[18.243s][info][gc,cpu         ] GC(152) User=0.00s Sys=0.00s Real=0.00s
[18.332s][info][gc,start       ] GC(153) Pause Young (Allocation Failure)
[18.333s][info][gc,heap        ] GC(153) PSYoungGen: 145984K(146432K)->576K(142848K) Eden: 145408K(145408K)->0K(141824K) From: 576K(1024K)->576K(1024K)
[18.333s][info][gc,heap        ] GC(153) ParOldGen: 64278K(349696K)->64374K(349696K)
[18.333s][info][gc,metaspace   ] GC(153) Metaspace: 72077K(72704K)->72077K(72704K) NonClass: 57205K(57600K)->57205K(57600K) Class: 14871K(15104K)->14871K(15104K)
[18.333s][info][gc             ] GC(153) Pause Young (Allocation Failure) 205M->63M(481M) 0.790ms
[18.333s][info][gc,cpu         ] GC(153) User=0.00s Sys=0.00s Real=0.00s
[18.420s][info][gc,start       ] GC(154) Pause Young (Allocation Failure)
[18.421s][info][gc,heap        ] GC(154) PSYoungGen: 142400K(142848K)->608K(139264K) Eden: 141824K(141824K)->0K(138240K) From: 576K(1024K)->608K(1024K)
[18.421s][info][gc,heap        ] GC(154) ParOldGen: 64374K(349696K)->64374K(349696K)
[18.421s][info][gc,metaspace   ] GC(154) Metaspace: 72077K(72704K)->72077K(72704K) NonClass: 57205K(57600K)->57205K(57600K) Class: 14871K(15104K)->14871K(15104K)
[18.421s][info][gc             ] GC(154) Pause Young (Allocation Failure) 201M->63M(477M) 0.741ms
[18.421s][info][gc,cpu         ] GC(154) User=0.00s Sys=0.00s Real=0.00s
[18.506s][info][gc,start       ] GC(155) Pause Young (Allocation Failure)
[18.506s][info][gc,heap        ] GC(155) PSYoungGen: 138848K(139264K)->576K(136192K) Eden: 138240K(138240K)->0K(135168K) From: 608K(1024K)->576K(1024K)
[18.506s][info][gc,heap        ] GC(155) ParOldGen: 64374K(349696K)->64462K(349696K)
[18.506s][info][gc,metaspace   ] GC(155) Metaspace: 72077K(72704K)->72077K(72704K) NonClass: 57205K(57600K)->57205K(57600K) Class: 14871K(15104K)->14871K(15104K)
[18.506s][info][gc             ] GC(155) Pause Young (Allocation Failure) 198M->63M(474M) 0.688ms
[18.506s][info][gc,cpu         ] GC(155) User=0.00s Sys=0.00s Real=0.00s
[18.589s][info][gc,start       ] GC(156) Pause Young (Allocation Failure)
[18.590s][info][gc,heap        ] GC(156) PSYoungGen: 135744K(136192K)->608K(133120K) Eden: 135168K(135168K)->0K(132096K) From: 576K(1024K)->608K(1024K)
[18.590s][info][gc,heap        ] GC(156) ParOldGen: 64462K(349696K)->64478K(349696K)
[18.590s][info][gc,metaspace   ] GC(156) Metaspace: 72077K(72704K)->72077K(72704K) NonClass: 57205K(57600K)->57205K(57600K) Class: 14871K(15104K)->14871K(15104K)
[18.590s][info][gc             ] GC(156) Pause Young (Allocation Failure) 195M->63M(471M) 0.716ms
[18.590s][info][gc,cpu         ] GC(156) User=0.00s Sys=0.00s Real=0.00s
[18.671s][info][gc,start       ] GC(157) Pause Young (Allocation Failure)
[18.672s][info][gc,heap        ] GC(157) PSYoungGen: 132704K(133120K)->544K(130048K) Eden: 132096K(132096K)->0K(129024K) From: 608K(1024K)->544K(1024K)
[18.672s][info][gc,heap        ] GC(157) ParOldGen: 64478K(349696K)->64478K(349696K)
[18.672s][info][gc,metaspace   ] GC(157) Metaspace: 72079K(72704K)->72079K(72704K) NonClass: 57208K(57600K)->57208K(57600K) Class: 14871K(15104K)->14871K(15104K)
[18.672s][info][gc             ] GC(157) Pause Young (Allocation Failure) 192M->63M(468M) 0.678ms
[18.672s][info][gc,cpu         ] GC(157) User=0.00s Sys=0.00s Real=0.00s
[18.736s][info][gc,start       ] GC(158) Pause Young (System.gc())
[18.738s][info][gc,heap        ] GC(158) PSYoungGen: 74165K(130048K)->1344K(130560K) Eden: 73621K(129024K)->0K(129024K) From: 544K(1024K)->1344K(1536K)
[18.738s][info][gc,heap        ] GC(158) ParOldGen: 64478K(349696K)->64654K(349696K)
[18.738s][info][gc,metaspace   ] GC(158) Metaspace: 72125K(72768K)->72125K(72768K) NonClass: 57248K(57664K)->57248K(57664K) Class: 14877K(15104K)->14877K(15104K)
[18.738s][info][gc             ] GC(158) Pause Young (System.gc()) 135M->64M(469M) 2.814ms
[18.738s][info][gc,cpu         ] GC(158) User=0.00s Sys=0.00s Real=0.00s
[18.738s][info][gc,start       ] GC(159) Pause Full (System.gc())
[18.739s][info][gc,phases,start] GC(159) Marking Phase
[18.788s][info][gc,phases      ] GC(159) Marking Phase 49.716ms
[18.788s][info][gc,phases,start] GC(159) Summary Phase
[18.788s][info][gc,phases      ] GC(159) Summary Phase 0.015ms
[18.788s][info][gc,phases,start] GC(159) Adjust Roots
[18.809s][info][gc,phases      ] GC(159) Adjust Roots 20.560ms
[18.809s][info][gc,phases,start] GC(159) Compaction Phase
[18.824s][info][gc,phases      ] GC(159) Compaction Phase 14.653ms
[18.824s][info][gc,phases,start] GC(159) Post Compact
[18.825s][info][gc,phases      ] GC(159) Post Compact 1.376ms
[18.825s][info][gc,heap        ] GC(159) PSYoungGen: 1344K(130560K)->0K(130560K) Eden: 0K(129024K)->0K(129024K) From: 1344K(1536K)->0K(1536K)
[18.825s][info][gc,heap        ] GC(159) ParOldGen: 64654K(349696K)->34894K(349696K)
[18.825s][info][gc,metaspace   ] GC(159) Metaspace: 72125K(72768K)->71839K(72768K) NonClass: 57248K(57664K)->57048K(57664K) Class: 14877K(15104K)->14791K(15104K)
[18.825s][info][gc             ] GC(159) Pause Full (System.gc()) 64M->34M(469M) 86.688ms
[18.825s][info][gc,cpu         ] GC(159) User=0.95s Sys=0.00s Real=0.08s
[19.025s][info][gc,start       ] GC(160) Pause Young (Allocation Failure)
[19.027s][info][gc,heap        ] GC(160) PSYoungGen: 129024K(130560K)->2048K(128000K) Eden: 129024K(129024K)->0K(125952K) From: 0K(1536K)->2048K(2048K)
[19.027s][info][gc,heap        ] GC(160) ParOldGen: 34894K(349696K)->36494K(349696K)
[19.027s][info][gc,metaspace   ] GC(160) Metaspace: 71944K(72768K)->71944K(72768K) NonClass: 57144K(57664K)->57144K(57664K) Class: 14800K(15104K)->14800K(15104K)
[19.027s][info][gc             ] GC(160) Pause Young (Allocation Failure) 160M->37M(466M) 2.235ms
[19.027s][info][gc,cpu         ] GC(160) User=0.00s Sys=0.00s Real=0.00s
[19.088s][info][gc,start       ] GC(161) Pause Young (Allocation Failure)
[19.089s][info][gc,heap        ] GC(161) PSYoungGen: 127999K(128000K)->1024K(123904K) Eden: 125951K(125952K)->0K(122880K) From: 2048K(2048K)->1024K(1024K)
[19.089s][info][gc,heap        ] GC(161) ParOldGen: 36494K(349696K)->38278K(349696K)
[19.089s][info][gc,metaspace   ] GC(161) Metaspace: 71944K(72768K)->71944K(72768K) NonClass: 57144K(57664K)->57144K(57664K) Class: 14800K(15104K)->14800K(15104K)
[19.089s][info][gc             ] GC(161) Pause Young (Allocation Failure) 160M->38M(462M) 1.585ms
[19.089s][info][gc,cpu         ] GC(161) User=0.00s Sys=0.00s Real=0.00s
[19.143s][info][gc,start       ] GC(162) Pause Young (Allocation Failure)
[19.145s][info][gc,heap        ] GC(162) PSYoungGen: 123904K(123904K)->1728K(149504K) Eden: 122880K(122880K)->0K(147456K) From: 1024K(1024K)->1728K(2048K)
[19.145s][info][gc,heap        ] GC(162) ParOldGen: 38278K(349696K)->38542K(349696K)
[19.145s][info][gc,metaspace   ] GC(162) Metaspace: 71944K(72768K)->71944K(72768K) NonClass: 57144K(57664K)->57144K(57664K) Class: 14800K(15104K)->14800K(15104K)
[19.145s][info][gc             ] GC(162) Pause Young (Allocation Failure) 158M->39M(487M) 1.362ms
[19.145s][info][gc,cpu         ] GC(162) User=0.00s Sys=0.00s Real=0.00s
[19.205s][info][gc,start       ] GC(163) Pause Young (Allocation Failure)
[19.206s][info][gc,heap        ] GC(163) PSYoungGen: 149184K(149504K)->1760K(160256K) Eden: 147456K(147456K)->0K(156672K) From: 1728K(2048K)->1760K(3584K)
[19.206s][info][gc,heap        ] GC(163) ParOldGen: 38542K(349696K)->38750K(349696K)
[19.206s][info][gc,metaspace   ] GC(163) Metaspace: 71944K(72768K)->71944K(72768K) NonClass: 57144K(57664K)->57144K(57664K) Class: 14800K(15104K)->14800K(15104K)
[19.206s][info][gc             ] GC(163) Pause Young (Allocation Failure) 183M->39M(498M) 1.263ms
[19.206s][info][gc,cpu         ] GC(163) User=0.00s Sys=0.00s Real=0.00s
[19.268s][info][gc,start       ] GC(164) Pause Young (Allocation Failure)
[19.269s][info][gc,heap        ] GC(164) PSYoungGen: 158432K(160256K)->1728K(160256K) Eden: 156672K(156672K)->0K(156672K) From: 1760K(3584K)->1728K(3584K)
[19.269s][info][gc,heap        ] GC(164) ParOldGen: 38750K(349696K)->38950K(349696K)
[19.269s][info][gc,metaspace   ] GC(164) Metaspace: 71944K(72768K)->71944K(72768K) NonClass: 57144K(57664K)->57144K(57664K) Class: 14800K(15104K)->14800K(15104K)
[19.269s][info][gc             ] GC(164) Pause Young (Allocation Failure) 192M->39M(498M) 1.308ms
[19.269s][info][gc,cpu         ] GC(164) User=0.00s Sys=0.00s Real=0.00s
[19.330s][info][gc,start       ] GC(165) Pause Young (Allocation Failure)
[19.331s][info][gc,heap        ] GC(165) PSYoungGen: 158400K(160256K)->1696K(170496K) Eden: 156672K(156672K)->0K(167424K) From: 1728K(3584K)->1696K(3072K)
[19.331s][info][gc,heap        ] GC(165) ParOldGen: 38950K(349696K)->39118K(349696K)
[19.331s][info][gc,metaspace   ] GC(165) Metaspace: 71944K(72768K)->71944K(72768K) NonClass: 57144K(57664K)->57144K(57664K) Class: 14800K(15104K)->14800K(15104K)
[19.331s][info][gc             ] GC(165) Pause Young (Allocation Failure) 192M->39M(508M) 1.481ms
[19.331s][info][gc,cpu         ] GC(165) User=0.00s Sys=0.00s Real=0.00s
[19.391s][info][gc,start       ] GC(166) Pause Young (Allocation Failure)
[19.392s][info][gc,heap        ] GC(166) PSYoungGen: 169120K(170496K)->1632K(170496K) Eden: 167424K(167424K)->0K(167424K) From: 1696K(3072K)->1632K(3072K)
[19.392s][info][gc,heap        ] GC(166) ParOldGen: 39118K(349696K)->39310K(349696K)
[19.392s][info][gc,metaspace   ] GC(166) Metaspace: 71944K(72768K)->71944K(72768K) NonClass: 57144K(57664K)->57144K(57664K) Class: 14800K(15104K)->14800K(15104K)
[19.392s][info][gc             ] GC(166) Pause Young (Allocation Failure) 203M->39M(508M) 1.491ms
[19.392s][info][gc,cpu         ] GC(166) User=0.00s Sys=0.00s Real=0.00s
[19.450s][info][gc,start       ] GC(167) Pause Young (Allocation Failure)
[19.451s][info][gc,heap        ] GC(167) PSYoungGen: 169056K(170496K)->1792K(171520K) Eden: 167424K(167424K)->0K(168448K) From: 1632K(3072K)->1792K(3072K)
[19.451s][info][gc,heap        ] GC(167) ParOldGen: 39310K(349696K)->39494K(349696K)
[19.451s][info][gc,metaspace   ] GC(167) Metaspace: 71944K(72768K)->71944K(72768K) NonClass: 57144K(57664K)->57144K(57664K) Class: 14800K(15104K)->14800K(15104K)
[19.451s][info][gc             ] GC(167) Pause Young (Allocation Failure) 203M->40M(509M) 1.279ms
[19.451s][info][gc,cpu         ] GC(167) User=0.00s Sys=0.00s Real=0.00s
[19.507s][info][gc,start       ] GC(168) Pause Young (Allocation Failure)
[19.508s][info][gc,heap        ] GC(168) PSYoungGen: 170240K(171520K)->1696K(171520K) Eden: 168448K(168448K)->0K(168448K) From: 1792K(3072K)->1696K(3072K)
[19.508s][info][gc,heap        ] GC(168) ParOldGen: 39494K(349696K)->39694K(349696K)
[19.508s][info][gc,metaspace   ] GC(168) Metaspace: 71944K(72768K)->71944K(72768K) NonClass: 57144K(57664K)->57144K(57664K) Class: 14800K(15104K)->14800K(15104K)
[19.508s][info][gc             ] GC(168) Pause Young (Allocation Failure) 204M->40M(509M) 1.401ms
[19.508s][info][gc,cpu         ] GC(168) User=0.00s Sys=0.00s Real=0.00s
[19.563s][info][gc,start       ] GC(169) Pause Young (Allocation Failure)
[19.564s][info][gc,heap        ] GC(169) PSYoungGen: 170144K(171520K)->1792K(171520K) Eden: 168448K(168448K)->0K(168448K) From: 1696K(3072K)->1792K(3072K)
[19.564s][info][gc,heap        ] GC(169) ParOldGen: 39694K(349696K)->39894K(349696K)
[19.564s][info][gc,metaspace   ] GC(169) Metaspace: 71944K(72768K)->71944K(72768K) NonClass: 57144K(57664K)->57144K(57664K) Class: 14800K(15104K)->14800K(15104K)
[19.564s][info][gc             ] GC(169) Pause Young (Allocation Failure) 204M->40M(509M) 1.238ms
[19.564s][info][gc,cpu         ] GC(169) User=0.00s Sys=0.00s Real=0.00s
[19.633s][info][gc,start       ] GC(170) Pause Young (Allocation Failure)
[19.634s][info][gc,heap        ] GC(170) PSYoungGen: 170240K(171520K)->1696K(171520K) Eden: 168448K(168448K)->0K(168448K) From: 1792K(3072K)->1696K(3072K)
[19.634s][info][gc,heap        ] GC(170) ParOldGen: 39894K(349696K)->40078K(349696K)
[19.634s][info][gc,metaspace   ] GC(170) Metaspace: 71944K(72768K)->71944K(72768K) NonClass: 57144K(57664K)->57144K(57664K) Class: 14800K(15104K)->14800K(15104K)
[19.634s][info][gc             ] GC(170) Pause Young (Allocation Failure) 205M->40M(509M) 1.301ms
[19.634s][info][gc,cpu         ] GC(170) User=0.00s Sys=0.00s Real=0.00s
[19.691s][info][gc,start       ] GC(171) Pause Young (Allocation Failure)
[19.692s][info][gc,heap        ] GC(171) PSYoungGen: 170144K(171520K)->1760K(171520K) Eden: 168448K(168448K)->0K(168448K) From: 1696K(3072K)->1760K(3072K)
[19.692s][info][gc,heap        ] GC(171) ParOldGen: 40078K(349696K)->40278K(349696K)
[19.692s][info][gc,metaspace   ] GC(171) Metaspace: 71944K(72768K)->71944K(72768K) NonClass: 57144K(57664K)->57144K(57664K) Class: 14800K(15104K)->14800K(15104K)
[19.692s][info][gc             ] GC(171) Pause Young (Allocation Failure) 205M->41M(509M) 1.203ms
[19.692s][info][gc,cpu         ] GC(171) User=0.00s Sys=0.00s Real=0.00s
[19.745s][info][gc,start       ] GC(172) Pause Young (Allocation Failure)
[19.746s][info][gc,heap        ] GC(172) PSYoungGen: 170208K(171520K)->1728K(171520K) Eden: 168448K(168448K)->0K(168448K) From: 1760K(3072K)->1728K(3072K)
[19.746s][info][gc,heap        ] GC(172) ParOldGen: 40278K(349696K)->40486K(349696K)
[19.746s][info][gc,metaspace   ] GC(172) Metaspace: 71944K(72768K)->71944K(72768K) NonClass: 57144K(57664K)->57144K(57664K) Class: 14800K(15104K)->14800K(15104K)
[19.746s][info][gc             ] GC(172) Pause Young (Allocation Failure) 205M->41M(509M) 1.176ms
[19.746s][info][gc,cpu         ] GC(172) User=0.00s Sys=0.00s Real=0.00s
[19.798s][info][gc,start       ] GC(173) Pause Young (Allocation Failure)
[19.799s][info][gc,heap        ] GC(173) PSYoungGen: 170176K(171520K)->1824K(171520K) Eden: 168448K(168448K)->0K(168448K) From: 1728K(3072K)->1824K(3072K)
[19.799s][info][gc,heap        ] GC(173) ParOldGen: 40486K(349696K)->40678K(349696K)
[19.799s][info][gc,metaspace   ] GC(173) Metaspace: 71944K(72768K)->71944K(72768K) NonClass: 57144K(57664K)->57144K(57664K) Class: 14800K(15104K)->14800K(15104K)
[19.799s][info][gc             ] GC(173) Pause Young (Allocation Failure) 205M->41M(509M) 1.166ms
[19.799s][info][gc,cpu         ] GC(173) User=0.00s Sys=0.00s Real=0.00s
[19.847s][info][gc,start       ] GC(174) Pause Young (Allocation Failure)
[19.848s][info][gc,heap        ] GC(174) PSYoungGen: 170272K(171520K)->1792K(171520K) Eden: 168448K(168448K)->0K(168448K) From: 1824K(3072K)->1792K(3072K)
[19.848s][info][gc,heap        ] GC(174) ParOldGen: 40678K(349696K)->40814K(349696K)
[19.848s][info][gc,metaspace   ] GC(174) Metaspace: 71944K(72768K)->71944K(72768K) NonClass: 57144K(57664K)->57144K(57664K) Class: 14800K(15104K)->14800K(15104K)
[19.848s][info][gc             ] GC(174) Pause Young (Allocation Failure) 206M->41M(509M) 1.225ms
[19.848s][info][gc,cpu         ] GC(174) User=0.00s Sys=0.00s Real=0.00s
[19.891s][info][gc,start       ] GC(175) Pause Young (Allocation Failure)
[19.892s][info][gc,heap        ] GC(175) PSYoungGen: 170240K(171520K)->1760K(170496K) Eden: 168448K(168448K)->0K(168448K) From: 1792K(3072K)->1760K(2048K)
[19.892s][info][gc,heap        ] GC(175) ParOldGen: 40814K(349696K)->41006K(349696K)
[19.892s][info][gc,metaspace   ] GC(175) Metaspace: 71944K(72768K)->71944K(72768K) NonClass: 57144K(57664K)->57144K(57664K) Class: 14800K(15104K)->14800K(15104K)
[19.892s][info][gc             ] GC(175) Pause Young (Allocation Failure) 206M->41M(508M) 1.114ms
[19.892s][info][gc,cpu         ] GC(175) User=0.00s Sys=0.00s Real=0.00s
[19.936s][info][gc,start       ] GC(176) Pause Young (Allocation Failure)
[19.937s][info][gc,heap        ] GC(176) PSYoungGen: 170208K(170496K)->1728K(171008K) Eden: 168448K(168448K)->0K(168448K) From: 1760K(2048K)->1728K(2560K)
[19.937s][info][gc,heap        ] GC(176) ParOldGen: 41006K(349696K)->41238K(349696K)
[19.937s][info][gc,metaspace   ] GC(176) Metaspace: 71944K(72768K)->71944K(72768K) NonClass: 57144K(57664K)->57144K(57664K) Class: 14800K(15104K)->14800K(15104K)
[19.937s][info][gc             ] GC(176) Pause Young (Allocation Failure) 206M->41M(508M) 1.182ms
[19.937s][info][gc,cpu         ] GC(176) User=0.00s Sys=0.00s Real=0.00s
[19.980s][info][gc,start       ] GC(177) Pause Young (Allocation Failure)
[19.981s][info][gc,heap        ] GC(177) PSYoungGen: 170176K(171008K)->1888K(172032K) Eden: 168448K(168448K)->0K(169472K) From: 1728K(2560K)->1888K(2560K)
[19.981s][info][gc,heap        ] GC(177) ParOldGen: 41238K(349696K)->41478K(349696K)
[19.981s][info][gc,metaspace   ] GC(177) Metaspace: 71944K(72768K)->71944K(72768K) NonClass: 57144K(57664K)->57144K(57664K) Class: 14800K(15104K)->14800K(15104K)
[19.981s][info][gc             ] GC(177) Pause Young (Allocation Failure) 206M->42M(509M) 1.178ms
[19.981s][info][gc,cpu         ] GC(177) User=0.00s Sys=0.00s Real=0.00s
[20.025s][info][gc,start       ] GC(178) Pause Young (Allocation Failure)
[20.026s][info][gc,heap        ] GC(178) PSYoungGen: 171360K(172032K)->1888K(172032K) Eden: 169472K(169472K)->0K(169472K) From: 1888K(2560K)->1888K(2560K)
[20.026s][info][gc,heap        ] GC(178) ParOldGen: 41478K(349696K)->41702K(349696K)
[20.026s][info][gc,metaspace   ] GC(178) Metaspace: 71944K(72768K)->71944K(72768K) NonClass: 57144K(57664K)->57144K(57664K) Class: 14800K(15104K)->14800K(15104K)
[20.026s][info][gc             ] GC(178) Pause Young (Allocation Failure) 207M->42M(509M) 1.192ms
[20.026s][info][gc,cpu         ] GC(178) User=0.00s Sys=0.00s Real=0.00s
[20.069s][info][gc,start       ] GC(179) Pause Young (Allocation Failure)
[20.070s][info][gc,heap        ] GC(179) PSYoungGen: 171360K(172032K)->1824K(172032K) Eden: 169472K(169472K)->0K(169472K) From: 1888K(2560K)->1824K(2560K)
[20.070s][info][gc,heap        ] GC(179) ParOldGen: 41702K(349696K)->41934K(349696K)
[20.070s][info][gc,metaspace   ] GC(179) Metaspace: 71944K(72768K)->71944K(72768K) NonClass: 57144K(57664K)->57144K(57664K) Class: 14800K(15104K)->14800K(15104K)
[20.070s][info][gc             ] GC(179) Pause Young (Allocation Failure) 208M->42M(509M) 1.171ms
[20.070s][info][gc,cpu         ] GC(179) User=0.00s Sys=0.00s Real=0.00s
[20.113s][info][gc,start       ] GC(180) Pause Young (Allocation Failure)
[20.114s][info][gc,heap        ] GC(180) PSYoungGen: 171296K(172032K)->1856K(172032K) Eden: 169472K(169472K)->0K(169472K) From: 1824K(2560K)->1856K(2560K)
[20.114s][info][gc,heap        ] GC(180) ParOldGen: 41934K(349696K)->42206K(349696K)
[20.114s][info][gc,metaspace   ] GC(180) Metaspace: 71944K(72768K)->71944K(72768K) NonClass: 57144K(57664K)->57144K(57664K) Class: 14800K(15104K)->14800K(15104K)
[20.114s][info][gc             ] GC(180) Pause Young (Allocation Failure) 208M->43M(509M) 1.140ms
[20.114s][info][gc,cpu         ] GC(180) User=0.00s Sys=0.00s Real=0.00s
[20.157s][info][gc,start       ] GC(181) Pause Young (Allocation Failure)
[20.158s][info][gc,heap        ] GC(181) PSYoungGen: 171328K(172032K)->1792K(172032K) Eden: 169472K(169472K)->0K(169472K) From: 1856K(2560K)->1792K(2560K)
[20.158s][info][gc,heap        ] GC(181) ParOldGen: 42206K(349696K)->42406K(349696K)
[20.158s][info][gc,metaspace   ] GC(181) Metaspace: 71944K(72768K)->71944K(72768K) NonClass: 57144K(57664K)->57144K(57664K) Class: 14800K(15104K)->14800K(15104K)
[20.158s][info][gc             ] GC(181) Pause Young (Allocation Failure) 208M->43M(509M) 1.122ms
[20.158s][info][gc,cpu         ] GC(181) User=0.00s Sys=0.00s Real=0.00s
[20.200s][info][gc,start       ] GC(182) Pause Young (Allocation Failure)
[20.201s][info][gc,heap        ] GC(182) PSYoungGen: 171263K(172032K)->1824K(172032K) Eden: 169471K(169472K)->0K(169472K) From: 1792K(2560K)->1824K(2560K)
[20.201s][info][gc,heap        ] GC(182) ParOldGen: 42406K(349696K)->42590K(349696K)
[20.201s][info][gc,metaspace   ] GC(182) Metaspace: 71944K(72768K)->71944K(72768K) NonClass: 57144K(57664K)->57144K(57664K) Class: 14800K(15104K)->14800K(15104K)
[20.201s][info][gc             ] GC(182) Pause Young (Allocation Failure) 208M->43M(509M) 1.117ms
[20.201s][info][gc,cpu         ] GC(182) User=0.00s Sys=0.00s Real=0.00s
[20.244s][info][gc,start       ] GC(183) Pause Young (Allocation Failure)
[20.245s][info][gc,heap        ] GC(183) PSYoungGen: 171296K(172032K)->1792K(172032K) Eden: 169472K(169472K)->0K(169472K) From: 1824K(2560K)->1792K(2560K)
[20.245s][info][gc,heap        ] GC(183) ParOldGen: 42590K(349696K)->42774K(349696K)
[20.245s][info][gc,metaspace   ] GC(183) Metaspace: 71944K(72768K)->71944K(72768K) NonClass: 57144K(57664K)->57144K(57664K) Class: 14800K(15104K)->14800K(15104K)
[20.245s][info][gc             ] GC(183) Pause Young (Allocation Failure) 208M->43M(509M) 1.090ms
[20.245s][info][gc,cpu         ] GC(183) User=0.00s Sys=0.00s Real=0.00s
[20.288s][info][gc,start       ] GC(184) Pause Young (Allocation Failure)
[20.289s][info][gc,heap        ] GC(184) PSYoungGen: 171264K(172032K)->1824K(172032K) Eden: 169472K(169472K)->0K(169472K) From: 1792K(2560K)->1824K(2560K)
[20.289s][info][gc,heap        ] GC(184) ParOldGen: 42774K(349696K)->43006K(349696K)
[20.289s][info][gc,metaspace   ] GC(184) Metaspace: 71944K(72768K)->71944K(72768K) NonClass: 57144K(57664K)->57144K(57664K) Class: 14800K(15104K)->14800K(15104K)
[20.289s][info][gc             ] GC(184) Pause Young (Allocation Failure) 209M->43M(509M) 1.076ms
[20.289s][info][gc,cpu         ] GC(184) User=0.00s Sys=0.00s Real=0.00s
[20.331s][info][gc,start       ] GC(185) Pause Young (Allocation Failure)
[20.332s][info][gc,heap        ] GC(185) PSYoungGen: 171296K(172032K)->1888K(172032K) Eden: 169472K(169472K)->0K(169472K) From: 1824K(2560K)->1888K(2560K)
[20.332s][info][gc,heap        ] GC(185) ParOldGen: 43006K(349696K)->43190K(349696K)
[20.332s][info][gc,metaspace   ] GC(185) Metaspace: 71944K(72768K)->71944K(72768K) NonClass: 57144K(57664K)->57144K(57664K) Class: 14800K(15104K)->14800K(15104K)
[20.332s][info][gc             ] GC(185) Pause Young (Allocation Failure) 209M->44M(509M) 1.099ms
[20.333s][info][gc,cpu         ] GC(185) User=0.00s Sys=0.00s Real=0.00s
[20.375s][info][gc,start       ] GC(186) Pause Young (Allocation Failure)
[20.376s][info][gc,heap        ] GC(186) PSYoungGen: 171360K(172032K)->1792K(172032K) Eden: 169472K(169472K)->0K(169472K) From: 1888K(2560K)->1792K(2560K)
[20.376s][info][gc,heap        ] GC(186) ParOldGen: 43190K(349696K)->43358K(349696K)
[20.376s][info][gc,metaspace   ] GC(186) Metaspace: 71944K(72768K)->71944K(72768K) NonClass: 57144K(57664K)->57144K(57664K) Class: 14800K(15104K)->14800K(15104K)
[20.376s][info][gc             ] GC(186) Pause Young (Allocation Failure) 209M->44M(509M) 1.117ms
[20.376s][info][gc,cpu         ] GC(186) User=0.00s Sys=0.00s Real=0.00s
[20.419s][info][gc,start       ] GC(187) Pause Young (Allocation Failure)
[20.420s][info][gc,heap        ] GC(187) PSYoungGen: 171264K(172032K)->1888K(172032K) Eden: 169472K(169472K)->0K(169472K) From: 1792K(2560K)->1888K(2560K)
[20.421s][info][gc,heap        ] GC(187) ParOldGen: 43358K(349696K)->43550K(349696K)
[20.421s][info][gc,metaspace   ] GC(187) Metaspace: 71944K(72768K)->71944K(72768K) NonClass: 57144K(57664K)->57144K(57664K) Class: 14800K(15104K)->14800K(15104K)
[20.421s][info][gc             ] GC(187) Pause Young (Allocation Failure) 209M->44M(509M) 1.213ms
[20.421s][info][gc,cpu         ] GC(187) User=0.00s Sys=0.00s Real=0.00s
[20.466s][info][gc,start       ] GC(188) Pause Young (Allocation Failure)
[20.467s][info][gc,heap        ] GC(188) PSYoungGen: 171360K(172032K)->1824K(172032K) Eden: 169472K(169472K)->0K(169472K) From: 1888K(2560K)->1824K(2560K)
[20.467s][info][gc,heap        ] GC(188) ParOldGen: 43550K(349696K)->43750K(349696K)
[20.467s][info][gc,metaspace   ] GC(188) Metaspace: 71944K(72768K)->71944K(72768K) NonClass: 57144K(57664K)->57144K(57664K) Class: 14800K(15104K)->14800K(15104K)
[20.467s][info][gc             ] GC(188) Pause Young (Allocation Failure) 209M->44M(509M) 1.095ms
[20.467s][info][gc,cpu         ] GC(188) User=0.00s Sys=0.00s Real=0.00s
[20.509s][info][gc,start       ] GC(189) Pause Young (Allocation Failure)
[20.510s][info][gc,heap        ] GC(189) PSYoungGen: 171296K(172032K)->1888K(172032K) Eden: 169472K(169472K)->0K(169472K) From: 1824K(2560K)->1888K(2560K)
[20.510s][info][gc,heap        ] GC(189) ParOldGen: 43750K(349696K)->43974K(349696K)
[20.510s][info][gc,metaspace   ] GC(189) Metaspace: 71944K(72768K)->71944K(72768K) NonClass: 57144K(57664K)->57144K(57664K) Class: 14800K(15104K)->14800K(15104K)
[20.510s][info][gc             ] GC(189) Pause Young (Allocation Failure) 210M->44M(509M) 1.132ms
[20.510s][info][gc,cpu         ] GC(189) User=0.00s Sys=0.00s Real=0.00s
[20.552s][info][gc,start       ] GC(190) Pause Young (Allocation Failure)
[20.553s][info][gc,heap        ] GC(190) PSYoungGen: 171360K(172032K)->1888K(172032K) Eden: 169472K(169472K)->0K(169472K) From: 1888K(2560K)->1888K(2560K)
[20.553s][info][gc,heap        ] GC(190) ParOldGen: 43974K(349696K)->44190K(349696K)
[20.553s][info][gc,metaspace   ] GC(190) Metaspace: 71944K(72768K)->71944K(72768K) NonClass: 57144K(57664K)->57144K(57664K) Class: 14800K(15104K)->14800K(15104K)
[20.553s][info][gc             ] GC(190) Pause Young (Allocation Failure) 210M->44M(509M) 1.103ms
[20.553s][info][gc,cpu         ] GC(190) User=0.00s Sys=0.00s Real=0.00s
[20.595s][info][gc,start       ] GC(191) Pause Young (Allocation Failure)
[20.596s][info][gc,heap        ] GC(191) PSYoungGen: 171360K(172032K)->1824K(172032K) Eden: 169472K(169472K)->0K(169472K) From: 1888K(2560K)->1824K(2560K)
[20.596s][info][gc,heap        ] GC(191) ParOldGen: 44190K(349696K)->44334K(349696K)
[20.596s][info][gc,metaspace   ] GC(191) Metaspace: 71944K(72768K)->71944K(72768K) NonClass: 57144K(57664K)->57144K(57664K) Class: 14800K(15104K)->14800K(15104K)
[20.596s][info][gc             ] GC(191) Pause Young (Allocation Failure) 210M->45M(509M) 1.095ms
[20.596s][info][gc,cpu         ] GC(191) User=0.00s Sys=0.00s Real=0.00s
[20.638s][info][gc,start       ] GC(192) Pause Young (Allocation Failure)
[20.639s][info][gc,heap        ] GC(192) PSYoungGen: 171296K(172032K)->1824K(172032K) Eden: 169472K(169472K)->0K(169472K) From: 1824K(2560K)->1824K(2560K)
[20.639s][info][gc,heap        ] GC(192) ParOldGen: 44334K(349696K)->44542K(349696K)
[20.639s][info][gc,metaspace   ] GC(192) Metaspace: 71944K(72768K)->71944K(72768K) NonClass: 57144K(57664K)->57144K(57664K) Class: 14800K(15104K)->14800K(15104K)
[20.639s][info][gc             ] GC(192) Pause Young (Allocation Failure) 210M->45M(509M) 1.144ms
[20.639s][info][gc,cpu         ] GC(192) User=0.00s Sys=0.00s Real=0.00s
[20.681s][info][gc,start       ] GC(193) Pause Young (Allocation Failure)
[20.682s][info][gc,heap        ] GC(193) PSYoungGen: 171296K(172032K)->1856K(172032K) Eden: 169472K(169472K)->0K(169472K) From: 1824K(2560K)->1856K(2560K)
[20.682s][info][gc,heap        ] GC(193) ParOldGen: 44542K(349696K)->44758K(349696K)
[20.682s][info][gc,metaspace   ] GC(193) Metaspace: 71944K(72768K)->71944K(72768K) NonClass: 57144K(57664K)->57144K(57664K) Class: 14800K(15104K)->14800K(15104K)
[20.682s][info][gc             ] GC(193) Pause Young (Allocation Failure) 210M->45M(509M) 1.123ms
[20.683s][info][gc,cpu         ] GC(193) User=0.00s Sys=0.00s Real=0.00s
[20.725s][info][gc,start       ] GC(194) Pause Young (Allocation Failure)
[20.726s][info][gc,heap        ] GC(194) PSYoungGen: 171328K(172032K)->1824K(172032K) Eden: 169472K(169472K)->0K(169472K) From: 1856K(2560K)->1824K(2560K)
[20.726s][info][gc,heap        ] GC(194) ParOldGen: 44758K(349696K)->44950K(349696K)
[20.726s][info][gc,metaspace   ] GC(194) Metaspace: 71959K(72768K)->71959K(72768K) NonClass: 57159K(57664K)->57159K(57664K) Class: 14800K(15104K)->14800K(15104K)
[20.726s][info][gc             ] GC(194) Pause Young (Allocation Failure) 211M->45M(509M) 1.152ms
[20.726s][info][gc,cpu         ] GC(194) User=0.00s Sys=0.00s Real=0.00s
[20.768s][info][gc,start       ] GC(195) Pause Young (Allocation Failure)
[20.769s][info][gc,heap        ] GC(195) PSYoungGen: 171296K(172032K)->1856K(172032K) Eden: 169472K(169472K)->0K(169472K) From: 1824K(2560K)->1856K(2560K)
[20.769s][info][gc,heap        ] GC(195) ParOldGen: 44950K(349696K)->45134K(349696K)
[20.769s][info][gc,metaspace   ] GC(195) Metaspace: 71959K(72768K)->71959K(72768K) NonClass: 57159K(57664K)->57159K(57664K) Class: 14800K(15104K)->14800K(15104K)
[20.769s][info][gc             ] GC(195) Pause Young (Allocation Failure) 211M->45M(509M) 1.171ms
[20.769s][info][gc,cpu         ] GC(195) User=0.00s Sys=0.00s Real=0.00s
[20.811s][info][gc,start       ] GC(196) Pause Young (Allocation Failure)
[20.812s][info][gc,heap        ] GC(196) PSYoungGen: 171328K(172032K)->1792K(172032K) Eden: 169472K(169472K)->0K(169472K) From: 1856K(2560K)->1792K(2560K)
[20.812s][info][gc,heap        ] GC(196) ParOldGen: 45134K(349696K)->45326K(349696K)
[20.812s][info][gc,metaspace   ] GC(196) Metaspace: 71959K(72768K)->71959K(72768K) NonClass: 57159K(57664K)->57159K(57664K) Class: 14800K(15104K)->14800K(15104K)
[20.812s][info][gc             ] GC(196) Pause Young (Allocation Failure) 211M->46M(509M) 1.131ms
[20.812s][info][gc,cpu         ] GC(196) User=0.00s Sys=0.00s Real=0.00s
[20.854s][info][gc,start       ] GC(197) Pause Young (Allocation Failure)
[20.855s][info][gc,heap        ] GC(197) PSYoungGen: 171264K(172032K)->1824K(171520K) Eden: 169472K(169472K)->0K(169472K) From: 1792K(2560K)->1824K(2048K)
[20.855s][info][gc,heap        ] GC(197) ParOldGen: 45326K(349696K)->45542K(349696K)
[20.855s][info][gc,metaspace   ] GC(197) Metaspace: 71959K(72768K)->71959K(72768K) NonClass: 57159K(57664K)->57159K(57664K) Class: 14800K(15104K)->14800K(15104K)
[20.855s][info][gc             ] GC(197) Pause Young (Allocation Failure) 211M->46M(509M) 1.152ms
[20.855s][info][gc,cpu         ] GC(197) User=0.00s Sys=0.00s Real=0.00s
[20.897s][info][gc,start       ] GC(198) Pause Young (Allocation Failure)
[20.898s][info][gc,heap        ] GC(198) PSYoungGen: 171296K(171520K)->1760K(172032K) Eden: 169472K(169472K)->0K(169984K) From: 1824K(2048K)->1760K(2048K)
[20.898s][info][gc,heap        ] GC(198) ParOldGen: 45542K(349696K)->45750K(349696K)
[20.898s][info][gc,metaspace   ] GC(198) Metaspace: 71959K(72768K)->71959K(72768K) NonClass: 57159K(57664K)->57159K(57664K) Class: 14800K(15104K)->14800K(15104K)
[20.898s][info][gc             ] GC(198) Pause Young (Allocation Failure) 211M->46M(509M) 1.152ms
[20.898s][info][gc,cpu         ] GC(198) User=0.00s Sys=0.00s Real=0.00s
[20.940s][info][gc,start       ] GC(199) Pause Young (Allocation Failure)
[20.942s][info][gc,heap        ] GC(199) PSYoungGen: 171744K(172032K)->1952K(171520K) Eden: 169984K(169984K)->0K(169472K) From: 1760K(2048K)->1952K(2048K)
[20.942s][info][gc,heap        ] GC(199) ParOldGen: 45750K(349696K)->45958K(349696K)
[20.942s][info][gc,metaspace   ] GC(199) Metaspace: 71959K(72768K)->71959K(72768K) NonClass: 57159K(57664K)->57159K(57664K) Class: 14800K(15104K)->14800K(15104K)
[20.942s][info][gc             ] GC(199) Pause Young (Allocation Failure) 212M->46M(509M) 1.206ms
[20.942s][info][gc,cpu         ] GC(199) User=0.00s Sys=0.00s Real=0.00s
[20.984s][info][gc,start       ] GC(200) Pause Young (Allocation Failure)
[20.985s][info][gc,heap        ] GC(200) PSYoungGen: 171424K(171520K)->1856K(172032K) Eden: 169472K(169472K)->0K(169472K) From: 1952K(2048K)->1856K(2560K)
[20.985s][info][gc,heap        ] GC(200) ParOldGen: 45958K(349696K)->46158K(349696K)
[20.985s][info][gc,metaspace   ] GC(200) Metaspace: 71959K(72768K)->71959K(72768K) NonClass: 57159K(57664K)->57159K(57664K) Class: 14800K(15104K)->14800K(15104K)
[20.985s][info][gc             ] GC(200) Pause Young (Allocation Failure) 212M->46M(509M) 1.178ms
[20.985s][info][gc,cpu         ] GC(200) User=0.52s Sys=0.00s Real=0.00s
[21.027s][info][gc,start       ] GC(201) Pause Young (Allocation Failure)
[21.028s][info][gc,heap        ] GC(201) PSYoungGen: 171328K(172032K)->1824K(172032K) Eden: 169472K(169472K)->0K(169984K) From: 1856K(2560K)->1824K(2048K)
[21.028s][info][gc,heap        ] GC(201) ParOldGen: 46158K(349696K)->46350K(349696K)
[21.028s][info][gc,metaspace   ] GC(201) Metaspace: 71959K(72768K)->71959K(72768K) NonClass: 57159K(57664K)->57159K(57664K) Class: 14800K(15104K)->14800K(15104K)
[21.028s][info][gc             ] GC(201) Pause Young (Allocation Failure) 212M->47M(509M) 1.098ms
[21.028s][info][gc,cpu         ] GC(201) User=0.00s Sys=0.00s Real=0.00s
[21.070s][info][gc,start       ] GC(202) Pause Young (Allocation Failure)
[21.071s][info][gc,heap        ] GC(202) PSYoungGen: 171808K(172032K)->1952K(172032K) Eden: 169984K(169984K)->0K(169984K) From: 1824K(2048K)->1952K(2048K)
[21.071s][info][gc,heap        ] GC(202) ParOldGen: 46350K(349696K)->46526K(349696K)
[21.071s][info][gc,metaspace   ] GC(202) Metaspace: 71959K(72768K)->71959K(72768K) NonClass: 57159K(57664K)->57159K(57664K) Class: 14800K(15104K)->14800K(15104K)
[21.071s][info][gc             ] GC(202) Pause Young (Allocation Failure) 213M->47M(509M) 1.162ms
[21.071s][info][gc,cpu         ] GC(202) User=0.00s Sys=0.00s Real=0.00s
[21.113s][info][gc,start       ] GC(203) Pause Young (Allocation Failure)
[21.114s][info][gc,heap        ] GC(203) PSYoungGen: 171936K(172032K)->1952K(171520K) Eden: 169984K(169984K)->0K(169472K) From: 1952K(2048K)->1952K(2048K)
[21.114s][info][gc,heap        ] GC(203) ParOldGen: 46526K(349696K)->46782K(349696K)
[21.114s][info][gc,metaspace   ] GC(203) Metaspace: 71959K(72768K)->71959K(72768K) NonClass: 57159K(57664K)->57159K(57664K) Class: 14800K(15104K)->14800K(15104K)
[21.114s][info][gc             ] GC(203) Pause Young (Allocation Failure) 213M->47M(509M) 1.213ms
[21.114s][info][gc,cpu         ] GC(203) User=0.00s Sys=0.00s Real=0.00s
[21.156s][info][gc,start       ] GC(204) Pause Young (Allocation Failure)
[21.157s][info][gc,heap        ] GC(204) PSYoungGen: 171424K(171520K)->1760K(172032K) Eden: 169472K(169472K)->0K(169472K) From: 1952K(2048K)->1760K(2560K)
[21.158s][info][gc,heap        ] GC(204) ParOldGen: 46782K(349696K)->46958K(349696K)
[21.158s][info][gc,metaspace   ] GC(204) Metaspace: 71959K(72768K)->71959K(72768K) NonClass: 57159K(57664K)->57159K(57664K) Class: 14800K(15104K)->14800K(15104K)
[21.158s][info][gc             ] GC(204) Pause Young (Allocation Failure) 213M->47M(509M) 1.118ms
[21.158s][info][gc,cpu         ] GC(204) User=0.00s Sys=0.00s Real=0.00s
[21.200s][info][gc,start       ] GC(205) Pause Young (Allocation Failure)
[21.201s][info][gc,heap        ] GC(205) PSYoungGen: 171232K(172032K)->1792K(171520K) Eden: 169472K(169472K)->0K(169472K) From: 1760K(2560K)->1792K(2048K)
[21.201s][info][gc,heap        ] GC(205) ParOldGen: 46958K(349696K)->47166K(349696K)
[21.201s][info][gc,metaspace   ] GC(205) Metaspace: 71959K(72768K)->71959K(72768K) NonClass: 57159K(57664K)->57159K(57664K) Class: 14800K(15104K)->14800K(15104K)
[21.201s][info][gc             ] GC(205) Pause Young (Allocation Failure) 213M->47M(509M) 1.133ms
[21.201s][info][gc,cpu         ] GC(205) User=0.00s Sys=0.00s Real=0.00s
[21.243s][info][gc,start       ] GC(206) Pause Young (Allocation Failure)
[21.244s][info][gc,heap        ] GC(206) PSYoungGen: 171263K(171520K)->1824K(172032K) Eden: 169471K(169472K)->0K(169984K) From: 1792K(2048K)->1824K(2048K)
[21.244s][info][gc,heap        ] GC(206) ParOldGen: 47166K(349696K)->47350K(349696K)
[21.244s][info][gc,metaspace   ] GC(206) Metaspace: 71959K(72768K)->71959K(72768K) NonClass: 57159K(57664K)->57159K(57664K) Class: 14800K(15104K)->14800K(15104K)
[21.244s][info][gc             ] GC(206) Pause Young (Allocation Failure) 213M->48M(509M) 1.115ms
[21.244s][info][gc,cpu         ] GC(206) User=0.00s Sys=0.00s Real=0.00s
[21.286s][info][gc,start       ] GC(207) Pause Young (Allocation Failure)
[21.287s][info][gc,heap        ] GC(207) PSYoungGen: 171808K(172032K)->1856K(172544K) Eden: 169984K(169984K)->0K(170496K) From: 1824K(2048K)->1856K(2048K)
[21.287s][info][gc,heap        ] GC(207) ParOldGen: 47350K(349696K)->47558K(349696K)
[21.287s][info][gc,metaspace   ] GC(207) Metaspace: 71959K(72768K)->71959K(72768K) NonClass: 57159K(57664K)->57159K(57664K) Class: 14800K(15104K)->14800K(15104K)
[21.287s][info][gc             ] GC(207) Pause Young (Allocation Failure) 214M->48M(510M) 1.082ms
[21.287s][info][gc,cpu         ] GC(207) User=0.00s Sys=0.00s Real=0.00s
[21.329s][info][gc,start       ] GC(208) Pause Young (Allocation Failure)
[21.330s][info][gc,heap        ] GC(208) PSYoungGen: 172352K(172544K)->1824K(172544K) Eden: 170496K(170496K)->0K(170496K) From: 1856K(2048K)->1824K(2048K)
[21.330s][info][gc,heap        ] GC(208) ParOldGen: 47558K(349696K)->47750K(349696K)
[21.330s][info][gc,metaspace   ] GC(208) Metaspace: 71959K(72768K)->71959K(72768K) NonClass: 57159K(57664K)->57159K(57664K) Class: 14800K(15104K)->14800K(15104K)
[21.330s][info][gc             ] GC(208) Pause Young (Allocation Failure) 214M->48M(510M) 1.102ms
[21.330s][info][gc,cpu         ] GC(208) User=0.00s Sys=0.00s Real=0.00s
[21.373s][info][gc,start       ] GC(209) Pause Young (Allocation Failure)
[21.374s][info][gc,heap        ] GC(209) PSYoungGen: 172320K(172544K)->1888K(172544K) Eden: 170496K(170496K)->0K(170496K) From: 1824K(2048K)->1888K(2048K)
[21.374s][info][gc,heap        ] GC(209) ParOldGen: 47750K(349696K)->47942K(349696K)
[21.374s][info][gc,metaspace   ] GC(209) Metaspace: 71959K(72768K)->71959K(72768K) NonClass: 57159K(57664K)->57159K(57664K) Class: 14800K(15104K)->14800K(15104K)
[21.374s][info][gc             ] GC(209) Pause Young (Allocation Failure) 214M->48M(510M) 1.096ms
[21.374s][info][gc,cpu         ] GC(209) User=0.00s Sys=0.00s Real=0.00s
[21.416s][info][gc,start       ] GC(210) Pause Young (Allocation Failure)
[21.417s][info][gc,heap        ] GC(210) PSYoungGen: 172384K(172544K)->1792K(172544K) Eden: 170496K(170496K)->0K(170496K) From: 1888K(2048K)->1792K(2048K)
[21.417s][info][gc,heap        ] GC(210) ParOldGen: 47942K(349696K)->48118K(349696K)
[21.417s][info][gc,metaspace   ] GC(210) Metaspace: 71959K(72768K)->71959K(72768K) NonClass: 57159K(57664K)->57159K(57664K) Class: 14800K(15104K)->14800K(15104K)
[21.417s][info][gc             ] GC(210) Pause Young (Allocation Failure) 215M->48M(510M) 1.083ms
[21.417s][info][gc,cpu         ] GC(210) User=0.00s Sys=0.00s Real=0.00s
[21.460s][info][gc,start       ] GC(211) Pause Young (Allocation Failure)
[21.461s][info][gc,heap        ] GC(211) PSYoungGen: 172288K(172544K)->1824K(172544K) Eden: 170496K(170496K)->0K(170496K) From: 1792K(2048K)->1824K(2048K)
[21.461s][info][gc,heap        ] GC(211) ParOldGen: 48118K(349696K)->48270K(349696K)
[21.461s][info][gc,metaspace   ] GC(211) Metaspace: 71959K(72768K)->71959K(72768K) NonClass: 57159K(57664K)->57159K(57664K) Class: 14800K(15104K)->14800K(15104K)
[21.461s][info][gc             ] GC(211) Pause Young (Allocation Failure) 215M->48M(510M) 1.047ms
[21.461s][info][gc,cpu         ] GC(211) User=0.00s Sys=0.00s Real=0.00s
[21.503s][info][gc,start       ] GC(212) Pause Young (Allocation Failure)
[21.504s][info][gc,heap        ] GC(212) PSYoungGen: 172320K(172544K)->1888K(172544K) Eden: 170496K(170496K)->0K(170496K) From: 1824K(2048K)->1888K(2048K)
[21.504s][info][gc,heap        ] GC(212) ParOldGen: 48270K(349696K)->48470K(349696K)
[21.504s][info][gc,metaspace   ] GC(212) Metaspace: 71959K(72768K)->71959K(72768K) NonClass: 57159K(57664K)->57159K(57664K) Class: 14800K(15104K)->14800K(15104K)
[21.504s][info][gc             ] GC(212) Pause Young (Allocation Failure) 215M->49M(510M) 1.128ms
[21.504s][info][gc,cpu         ] GC(212) User=0.00s Sys=0.00s Real=0.00s
[21.547s][info][gc,start       ] GC(213) Pause Young (Allocation Failure)
[21.548s][info][gc,heap        ] GC(213) PSYoungGen: 172384K(172544K)->1728K(172544K) Eden: 170496K(170496K)->0K(170496K) From: 1888K(2048K)->1728K(2048K)
[21.548s][info][gc,heap        ] GC(213) ParOldGen: 48470K(349696K)->48678K(349696K)
[21.548s][info][gc,metaspace   ] GC(213) Metaspace: 71959K(72768K)->71959K(72768K) NonClass: 57159K(57664K)->57159K(57664K) Class: 14800K(15104K)->14800K(15104K)
[21.548s][info][gc             ] GC(213) Pause Young (Allocation Failure) 215M->49M(510M) 1.122ms
[21.548s][info][gc,cpu         ] GC(213) User=0.00s Sys=0.00s Real=0.00s
[21.590s][info][gc,start       ] GC(214) Pause Young (Allocation Failure)
[21.591s][info][gc,heap        ] GC(214) PSYoungGen: 172224K(172544K)->1824K(172544K) Eden: 170496K(170496K)->0K(170496K) From: 1728K(2048K)->1824K(2048K)
[21.591s][info][gc,heap        ] GC(214) ParOldGen: 48678K(349696K)->48854K(349696K)
[21.591s][info][gc,metaspace   ] GC(214) Metaspace: 71959K(72768K)->71959K(72768K) NonClass: 57159K(57664K)->57159K(57664K) Class: 14800K(15104K)->14800K(15104K)
[21.591s][info][gc             ] GC(214) Pause Young (Allocation Failure) 215M->49M(510M) 1.181ms
[21.591s][info][gc,cpu         ] GC(214) User=0.00s Sys=0.00s Real=0.00s
[21.633s][info][gc,start       ] GC(215) Pause Young (Allocation Failure)
[21.634s][info][gc,heap        ] GC(215) PSYoungGen: 172320K(172544K)->1792K(172544K) Eden: 170496K(170496K)->0K(170496K) From: 1824K(2048K)->1792K(2048K)
[21.635s][info][gc,heap        ] GC(215) ParOldGen: 48854K(349696K)->49086K(349696K)
[21.635s][info][gc,metaspace   ] GC(215) Metaspace: 71959K(72768K)->71959K(72768K) NonClass: 57159K(57664K)->57159K(57664K) Class: 14800K(15104K)->14800K(15104K)
[21.635s][info][gc             ] GC(215) Pause Young (Allocation Failure) 215M->49M(510M) 1.133ms
[21.635s][info][gc,cpu         ] GC(215) User=0.00s Sys=0.00s Real=0.00s
[21.677s][info][gc,start       ] GC(216) Pause Young (Allocation Failure)
[21.678s][info][gc,heap        ] GC(216) PSYoungGen: 172288K(172544K)->1792K(172544K) Eden: 170496K(170496K)->0K(170496K) From: 1792K(2048K)->1792K(2048K)
[21.678s][info][gc,heap        ] GC(216) ParOldGen: 49086K(349696K)->49278K(349696K)
[21.678s][info][gc,metaspace   ] GC(216) Metaspace: 71959K(72768K)->71959K(72768K) NonClass: 57159K(57664K)->57159K(57664K) Class: 14800K(15104K)->14800K(15104K)
[21.678s][info][gc             ] GC(216) Pause Young (Allocation Failure) 216M->49M(510M) 1.087ms
[21.678s][info][gc,cpu         ] GC(216) User=0.00s Sys=0.00s Real=0.00s
[21.720s][info][gc,start       ] GC(217) Pause Young (Allocation Failure)
[21.721s][info][gc,heap        ] GC(217) PSYoungGen: 172288K(172544K)->1728K(172544K) Eden: 170496K(170496K)->0K(170496K) From: 1792K(2048K)->1728K(2048K)
[21.721s][info][gc,heap        ] GC(217) ParOldGen: 49278K(349696K)->49454K(349696K)
[21.721s][info][gc,metaspace   ] GC(217) Metaspace: 71960K(72768K)->71960K(72768K) NonClass: 57159K(57664K)->57159K(57664K) Class: 14800K(15104K)->14800K(15104K)
[21.721s][info][gc             ] GC(217) Pause Young (Allocation Failure) 216M->49M(510M) 1.061ms
[21.721s][info][gc,cpu         ] GC(217) User=0.00s Sys=0.00s Real=0.00s
[21.763s][info][gc,start       ] GC(218) Pause Young (Allocation Failure)
[21.764s][info][gc,heap        ] GC(218) PSYoungGen: 172224K(172544K)->1888K(172544K) Eden: 170496K(170496K)->0K(170496K) From: 1728K(2048K)->1888K(2048K)
[21.764s][info][gc,heap        ] GC(218) ParOldGen: 49454K(349696K)->49638K(349696K)
[21.764s][info][gc,metaspace   ] GC(218) Metaspace: 71960K(72768K)->71960K(72768K) NonClass: 57159K(57664K)->57159K(57664K) Class: 14800K(15104K)->14800K(15104K)
[21.764s][info][gc             ] GC(218) Pause Young (Allocation Failure) 216M->50M(510M) 1.089ms
[21.764s][info][gc,cpu         ] GC(218) User=0.00s Sys=0.00s Real=0.00s
[21.806s][info][gc,start       ] GC(219) Pause Young (Allocation Failure)
[21.807s][info][gc,heap        ] GC(219) PSYoungGen: 172384K(172544K)->1824K(172544K) Eden: 170496K(170496K)->0K(170496K) From: 1888K(2048K)->1824K(2048K)
[21.807s][info][gc,heap        ] GC(219) ParOldGen: 49638K(349696K)->49830K(349696K)
[21.807s][info][gc,metaspace   ] GC(219) Metaspace: 71960K(72768K)->71960K(72768K) NonClass: 57159K(57664K)->57159K(57664K) Class: 14800K(15104K)->14800K(15104K)
[21.807s][info][gc             ] GC(219) Pause Young (Allocation Failure) 216M->50M(510M) 1.133ms
[21.807s][info][gc,cpu         ] GC(219) User=0.00s Sys=0.00s Real=0.00s
[21.850s][info][gc,start       ] GC(220) Pause Young (Allocation Failure)
[21.851s][info][gc,heap        ] GC(220) PSYoungGen: 172320K(172544K)->1856K(172544K) Eden: 170496K(170496K)->0K(170496K) From: 1824K(2048K)->1856K(2048K)
[21.851s][info][gc,heap        ] GC(220) ParOldGen: 49830K(349696K)->50030K(349696K)
[21.851s][info][gc,metaspace   ] GC(220) Metaspace: 71960K(72768K)->71960K(72768K) NonClass: 57159K(57664K)->57159K(57664K) Class: 14800K(15104K)->14800K(15104K)
[21.851s][info][gc             ] GC(220) Pause Young (Allocation Failure) 216M->50M(510M) 1.085ms
[21.851s][info][gc,cpu         ] GC(220) User=0.00s Sys=0.00s Real=0.00s
[21.893s][info][gc,start       ] GC(221) Pause Young (Allocation Failure)
[21.894s][info][gc,heap        ] GC(221) PSYoungGen: 172352K(172544K)->1792K(172544K) Eden: 170496K(170496K)->0K(170496K) From: 1856K(2048K)->1792K(2048K)
[21.894s][info][gc,heap        ] GC(221) ParOldGen: 50030K(349696K)->50254K(349696K)
[21.894s][info][gc,metaspace   ] GC(221) Metaspace: 71960K(72768K)->71960K(72768K) NonClass: 57159K(57664K)->57159K(57664K) Class: 14800K(15104K)->14800K(15104K)
[21.894s][info][gc             ] GC(221) Pause Young (Allocation Failure) 217M->50M(510M) 1.152ms
[21.894s][info][gc,cpu         ] GC(221) User=0.00s Sys=0.00s Real=0.00s
[21.936s][info][gc,start       ] GC(222) Pause Young (Allocation Failure)
[21.937s][info][gc,heap        ] GC(222) PSYoungGen: 172288K(172544K)->1856K(172544K) Eden: 170496K(170496K)->0K(170496K) From: 1792K(2048K)->1856K(2048K)
[21.937s][info][gc,heap        ] GC(222) ParOldGen: 50254K(349696K)->50478K(349696K)
[21.937s][info][gc,metaspace   ] GC(222) Metaspace: 71960K(72768K)->71960K(72768K) NonClass: 57159K(57664K)->57159K(57664K) Class: 14800K(15104K)->14800K(15104K)
[21.937s][info][gc             ] GC(222) Pause Young (Allocation Failure) 217M->51M(510M) 1.102ms
[21.937s][info][gc,cpu         ] GC(222) User=0.00s Sys=0.00s Real=0.00s
[21.981s][info][gc,start       ] GC(223) Pause Young (Allocation Failure)
[21.982s][info][gc,heap        ] GC(223) PSYoungGen: 172352K(172544K)->1920K(172544K) Eden: 170496K(170496K)->0K(170496K) From: 1856K(2048K)->1920K(2048K)
[21.982s][info][gc,heap        ] GC(223) ParOldGen: 50478K(349696K)->50606K(349696K)
[21.982s][info][gc,metaspace   ] GC(223) Metaspace: 71960K(72768K)->71960K(72768K) NonClass: 57159K(57664K)->57159K(57664K) Class: 14800K(15104K)->14800K(15104K)
[21.982s][info][gc             ] GC(223) Pause Young (Allocation Failure) 217M->51M(510M) 1.079ms
[21.982s][info][gc,cpu         ] GC(223) User=0.00s Sys=0.00s Real=0.00s
[22.025s][info][gc,start       ] GC(224) Pause Young (Allocation Failure)
[22.026s][info][gc,heap        ] GC(224) PSYoungGen: 172416K(172544K)->1824K(172544K) Eden: 170496K(170496K)->0K(170496K) From: 1920K(2048K)->1824K(2048K)
[22.026s][info][gc,heap        ] GC(224) ParOldGen: 50606K(349696K)->50798K(349696K)
[22.026s][info][gc,metaspace   ] GC(224) Metaspace: 71960K(72768K)->71960K(72768K) NonClass: 57159K(57664K)->57159K(57664K) Class: 14800K(15104K)->14800K(15104K)
[22.026s][info][gc             ] GC(224) Pause Young (Allocation Failure) 217M->51M(510M) 1.123ms
[22.026s][info][gc,cpu         ] GC(224) User=0.00s Sys=0.00s Real=0.00s
[22.068s][info][gc,start       ] GC(225) Pause Young (Allocation Failure)
[22.069s][info][gc,heap        ] GC(225) PSYoungGen: 172320K(172544K)->1920K(172544K) Eden: 170496K(170496K)->0K(170496K) From: 1824K(2048K)->1920K(2048K)
[22.069s][info][gc,heap        ] GC(225) ParOldGen: 50798K(349696K)->50982K(349696K)
[22.069s][info][gc,metaspace   ] GC(225) Metaspace: 71960K(72768K)->71960K(72768K) NonClass: 57159K(57664K)->57159K(57664K) Class: 14800K(15104K)->14800K(15104K)
[22.069s][info][gc             ] GC(225) Pause Young (Allocation Failure) 217M->51M(510M) 1.143ms
[22.069s][info][gc,cpu         ] GC(225) User=0.00s Sys=0.00s Real=0.00s
[22.111s][info][gc,start       ] GC(226) Pause Young (Allocation Failure)
[22.112s][info][gc,heap        ] GC(226) PSYoungGen: 172416K(172544K)->1792K(172544K) Eden: 170496K(170496K)->0K(170496K) From: 1920K(2048K)->1792K(2048K)
[22.112s][info][gc,heap        ] GC(226) ParOldGen: 50982K(349696K)->51222K(349696K)
[22.112s][info][gc,metaspace   ] GC(226) Metaspace: 71960K(72768K)->71960K(72768K) NonClass: 57159K(57664K)->57159K(57664K) Class: 14800K(15104K)->14800K(15104K)
[22.112s][info][gc             ] GC(226) Pause Young (Allocation Failure) 218M->51M(510M) 1.150ms
[22.112s][info][gc,cpu         ] GC(226) User=0.00s Sys=0.00s Real=0.00s
[22.154s][info][gc,start       ] GC(227) Pause Young (Allocation Failure)
[22.155s][info][gc,heap        ] GC(227) PSYoungGen: 172288K(172544K)->1856K(172544K) Eden: 170496K(170496K)->0K(170496K) From: 1792K(2048K)->1856K(2048K)
[22.155s][info][gc,heap        ] GC(227) ParOldGen: 51222K(349696K)->51414K(349696K)
[22.155s][info][gc,metaspace   ] GC(227) Metaspace: 71960K(72768K)->71960K(72768K) NonClass: 57159K(57664K)->57159K(57664K) Class: 14800K(15104K)->14800K(15104K)
[22.156s][info][gc             ] GC(227) Pause Young (Allocation Failure) 218M->52M(510M) 1.112ms
[22.156s][info][gc,cpu         ] GC(227) User=0.00s Sys=0.00s Real=0.00s
[22.197s][info][gc,start       ] GC(228) Pause Young (Allocation Failure)
[22.198s][info][gc,heap        ] GC(228) PSYoungGen: 172352K(172544K)->1888K(172544K) Eden: 170496K(170496K)->0K(170496K) From: 1856K(2048K)->1888K(2048K)
[22.198s][info][gc,heap        ] GC(228) ParOldGen: 51414K(349696K)->51606K(349696K)
[22.198s][info][gc,metaspace   ] GC(228) Metaspace: 71960K(72768K)->71960K(72768K) NonClass: 57159K(57664K)->57159K(57664K) Class: 14800K(15104K)->14800K(15104K)
[22.198s][info][gc             ] GC(228) Pause Young (Allocation Failure) 218M->52M(510M) 1.162ms
[22.198s][info][gc,cpu         ] GC(228) User=0.00s Sys=0.00s Real=0.00s
[22.240s][info][gc,start       ] GC(229) Pause Young (Allocation Failure)
[22.241s][info][gc,heap        ] GC(229) PSYoungGen: 172384K(172544K)->1920K(172544K) Eden: 170496K(170496K)->0K(170496K) From: 1888K(2048K)->1920K(2048K)
[22.241s][info][gc,heap        ] GC(229) ParOldGen: 51606K(349696K)->51790K(349696K)
[22.241s][info][gc,metaspace   ] GC(229) Metaspace: 71960K(72768K)->71960K(72768K) NonClass: 57159K(57664K)->57159K(57664K) Class: 14800K(15104K)->14800K(15104K)
[22.242s][info][gc             ] GC(229) Pause Young (Allocation Failure) 218M->52M(510M) 1.143ms
[22.242s][info][gc,cpu         ] GC(229) User=0.00s Sys=0.00s Real=0.00s
[22.283s][info][gc,start       ] GC(230) Pause Young (Allocation Failure)
[22.285s][info][gc,heap        ] GC(230) PSYoungGen: 172416K(172544K)->1792K(172544K) Eden: 170496K(170496K)->0K(170496K) From: 1920K(2048K)->1792K(2048K)
[22.285s][info][gc,heap        ] GC(230) ParOldGen: 51790K(349696K)->51950K(349696K)
[22.285s][info][gc,metaspace   ] GC(230) Metaspace: 71960K(72768K)->71960K(72768K) NonClass: 57159K(57664K)->57159K(57664K) Class: 14800K(15104K)->14800K(15104K)
[22.285s][info][gc             ] GC(230) Pause Young (Allocation Failure) 218M->52M(510M) 1.119ms
[22.285s][info][gc,cpu         ] GC(230) User=0.00s Sys=0.00s Real=0.00s
[22.327s][info][gc,start       ] GC(231) Pause Young (Allocation Failure)
[22.328s][info][gc,heap        ] GC(231) PSYoungGen: 172288K(172544K)->1824K(172544K) Eden: 170496K(170496K)->0K(170496K) From: 1792K(2048K)->1824K(2048K)
[22.328s][info][gc,heap        ] GC(231) ParOldGen: 51950K(349696K)->52150K(349696K)
[22.328s][info][gc,metaspace   ] GC(231) Metaspace: 71960K(72768K)->71960K(72768K) NonClass: 57160K(57664K)->57160K(57664K) Class: 14800K(15104K)->14800K(15104K)
[22.328s][info][gc             ] GC(231) Pause Young (Allocation Failure) 218M->52M(510M) 1.129ms
[22.328s][info][gc,cpu         ] GC(231) User=0.00s Sys=0.00s Real=0.00s
[22.370s][info][gc,start       ] GC(232) Pause Young (Allocation Failure)
[22.371s][info][gc,heap        ] GC(232) PSYoungGen: 172320K(172544K)->1856K(172544K) Eden: 170496K(170496K)->0K(170496K) From: 1824K(2048K)->1856K(2048K)
[22.371s][info][gc,heap        ] GC(232) ParOldGen: 52150K(349696K)->52342K(349696K)
[22.371s][info][gc,metaspace   ] GC(232) Metaspace: 71960K(72768K)->71960K(72768K) NonClass: 57160K(57664K)->57160K(57664K) Class: 14800K(15104K)->14800K(15104K)
[22.371s][info][gc             ] GC(232) Pause Young (Allocation Failure) 219M->52M(510M) 1.136ms
[22.371s][info][gc,cpu         ] GC(232) User=0.00s Sys=0.00s Real=0.00s
[22.413s][info][gc,start       ] GC(233) Pause Young (Allocation Failure)
[22.414s][info][gc,heap        ] GC(233) PSYoungGen: 172352K(172544K)->1824K(172544K) Eden: 170496K(170496K)->0K(170496K) From: 1856K(2048K)->1824K(2048K)
[22.414s][info][gc,heap        ] GC(233) ParOldGen: 52342K(349696K)->52510K(349696K)
[22.414s][info][gc,metaspace   ] GC(233) Metaspace: 71961K(72768K)->71961K(72768K) NonClass: 57160K(57664K)->57160K(57664K) Class: 14800K(15104K)->14800K(15104K)
[22.414s][info][gc             ] GC(233) Pause Young (Allocation Failure) 219M->53M(510M) 1.114ms
[22.414s][info][gc,cpu         ] GC(233) User=0.00s Sys=0.00s Real=0.00s
[22.457s][info][gc,start       ] GC(234) Pause Young (Allocation Failure)
[22.458s][info][gc,heap        ] GC(234) PSYoungGen: 172320K(172544K)->1856K(172544K) Eden: 170496K(170496K)->0K(170496K) From: 1824K(2048K)->1856K(2048K)
[22.458s][info][gc,heap        ] GC(234) ParOldGen: 52510K(349696K)->52702K(349696K)
[22.458s][info][gc,metaspace   ] GC(234) Metaspace: 71967K(72768K)->71967K(72768K) NonClass: 57167K(57664K)->57167K(57664K) Class: 14800K(15104K)->14800K(15104K)
[22.458s][info][gc             ] GC(234) Pause Young (Allocation Failure) 219M->53M(510M) 1.083ms
[22.458s][info][gc,cpu         ] GC(234) User=0.00s Sys=0.00s Real=0.00s
[22.500s][info][gc,start       ] GC(235) Pause Young (Allocation Failure)
[22.501s][info][gc,heap        ] GC(235) PSYoungGen: 172352K(172544K)->1888K(172544K) Eden: 170496K(170496K)->0K(170496K) From: 1856K(2048K)->1888K(2048K)
[22.501s][info][gc,heap        ] GC(235) ParOldGen: 52702K(349696K)->52910K(349696K)
[22.501s][info][gc,metaspace   ] GC(235) Metaspace: 71968K(72768K)->71968K(72768K) NonClass: 57167K(57664K)->57167K(57664K) Class: 14800K(15104K)->14800K(15104K)
[22.501s][info][gc             ] GC(235) Pause Young (Allocation Failure) 219M->53M(510M) 1.145ms
[22.501s][info][gc,cpu         ] GC(235) User=0.00s Sys=0.00s Real=0.00s
[22.543s][info][gc,start       ] GC(236) Pause Young (Allocation Failure)
[22.544s][info][gc,heap        ] GC(236) PSYoungGen: 172384K(172544K)->1792K(172544K) Eden: 170496K(170496K)->0K(170496K) From: 1888K(2048K)->1792K(2048K)
[22.544s][info][gc,heap        ] GC(236) ParOldGen: 52910K(349696K)->53102K(349696K)
[22.544s][info][gc,metaspace   ] GC(236) Metaspace: 71969K(72768K)->71969K(72768K) NonClass: 57168K(57664K)->57168K(57664K) Class: 14800K(15104K)->14800K(15104K)
[22.544s][info][gc             ] GC(236) Pause Young (Allocation Failure) 220M->53M(510M) 1.101ms
[22.545s][info][gc,cpu         ] GC(236) User=0.00s Sys=0.00s Real=0.00s
[22.587s][info][gc,start       ] GC(237) Pause Young (Allocation Failure)
[22.588s][info][gc,heap        ] GC(237) PSYoungGen: 172288K(172544K)->1824K(172544K) Eden: 170496K(170496K)->0K(170496K) From: 1792K(2048K)->1824K(2048K)
[22.588s][info][gc,heap        ] GC(237) ParOldGen: 53102K(349696K)->53342K(349696K)
[22.588s][info][gc,metaspace   ] GC(237) Metaspace: 71974K(72768K)->71974K(72768K) NonClass: 57173K(57664K)->57173K(57664K) Class: 14800K(15104K)->14800K(15104K)
[22.588s][info][gc             ] GC(237) Pause Young (Allocation Failure) 220M->53M(510M) 1.158ms
[22.588s][info][gc,cpu         ] GC(237) User=0.00s Sys=0.00s Real=0.00s
[22.630s][info][gc,start       ] GC(238) Pause Young (Allocation Failure)
[22.631s][info][gc,heap        ] GC(238) PSYoungGen: 172320K(172544K)->1792K(172544K) Eden: 170496K(170496K)->0K(170496K) From: 1824K(2048K)->1792K(2048K)
[22.631s][info][gc,heap        ] GC(238) ParOldGen: 53342K(349696K)->53518K(349696K)
[22.631s][info][gc,metaspace   ] GC(238) Metaspace: 71974K(72768K)->71974K(72768K) NonClass: 57173K(57664K)->57173K(57664K) Class: 14800K(15104K)->14800K(15104K)
[22.631s][info][gc             ] GC(238) Pause Young (Allocation Failure) 220M->54M(510M) 1.122ms
[22.631s][info][gc,cpu         ] GC(238) User=0.00s Sys=0.00s Real=0.00s
[22.673s][info][gc,start       ] GC(239) Pause Young (Allocation Failure)
[22.674s][info][gc,heap        ] GC(239) PSYoungGen: 172288K(172544K)->1824K(172544K) Eden: 170496K(170496K)->0K(170496K) From: 1792K(2048K)->1824K(2048K)
[22.674s][info][gc,heap        ] GC(239) ParOldGen: 53518K(349696K)->53686K(349696K)
[22.674s][info][gc,metaspace   ] GC(239) Metaspace: 71974K(72768K)->71974K(72768K) NonClass: 57173K(57664K)->57173K(57664K) Class: 14800K(15104K)->14800K(15104K)
[22.674s][info][gc             ] GC(239) Pause Young (Allocation Failure) 220M->54M(510M) 1.066ms
[22.674s][info][gc,cpu         ] GC(239) User=0.00s Sys=0.00s Real=0.00s
[22.717s][info][gc,start       ] GC(240) Pause Young (Allocation Failure)
[22.718s][info][gc,heap        ] GC(240) PSYoungGen: 172320K(172544K)->1856K(172544K) Eden: 170496K(170496K)->0K(170496K) From: 1824K(2048K)->1856K(2048K)
[22.718s][info][gc,heap        ] GC(240) ParOldGen: 53686K(349696K)->53910K(349696K)
[22.718s][info][gc,metaspace   ] GC(240) Metaspace: 71974K(72768K)->71974K(72768K) NonClass: 57173K(57664K)->57173K(57664K) Class: 14800K(15104K)->14800K(15104K)
[22.718s][info][gc             ] GC(240) Pause Young (Allocation Failure) 220M->54M(510M) 1.159ms
[22.718s][info][gc,cpu         ] GC(240) User=0.00s Sys=0.00s Real=0.00s
[22.760s][info][gc,start       ] GC(241) Pause Young (Allocation Failure)
[22.761s][info][gc,heap        ] GC(241) PSYoungGen: 172352K(172544K)->1792K(172544K) Eden: 170496K(170496K)->0K(170496K) From: 1856K(2048K)->1792K(2048K)
[22.761s][info][gc,heap        ] GC(241) ParOldGen: 53910K(349696K)->54086K(349696K)
[22.761s][info][gc,metaspace   ] GC(241) Metaspace: 71974K(72768K)->71974K(72768K) NonClass: 57173K(57664K)->57173K(57664K) Class: 14800K(15104K)->14800K(15104K)
[22.761s][info][gc             ] GC(241) Pause Young (Allocation Failure) 220M->54M(510M) 1.083ms
[22.761s][info][gc,cpu         ] GC(241) User=0.00s Sys=0.00s Real=0.00s
[22.804s][info][gc,start       ] GC(242) Pause Young (Allocation Failure)
[22.805s][info][gc,heap        ] GC(242) PSYoungGen: 172288K(172544K)->1824K(172544K) Eden: 170496K(170496K)->0K(170496K) From: 1792K(2048K)->1824K(2048K)
[22.805s][info][gc,heap        ] GC(242) ParOldGen: 54086K(349696K)->54278K(349696K)
[22.805s][info][gc,metaspace   ] GC(242) Metaspace: 71974K(72768K)->71974K(72768K) NonClass: 57173K(57664K)->57173K(57664K) Class: 14800K(15104K)->14800K(15104K)
[22.805s][info][gc             ] GC(242) Pause Young (Allocation Failure) 221M->54M(510M) 1.103ms
[22.805s][info][gc,cpu         ] GC(242) User=0.00s Sys=0.00s Real=0.00s
[22.847s][info][gc,start       ] GC(243) Pause Young (Allocation Failure)
[22.848s][info][gc,heap        ] GC(243) PSYoungGen: 172320K(172544K)->1856K(172544K) Eden: 170496K(170496K)->0K(170496K) From: 1824K(2048K)->1856K(2048K)
[22.848s][info][gc,heap        ] GC(243) ParOldGen: 54278K(349696K)->54454K(349696K)
[22.848s][info][gc,metaspace   ] GC(243) Metaspace: 71975K(72768K)->71975K(72768K) NonClass: 57174K(57664K)->57174K(57664K) Class: 14800K(15104K)->14800K(15104K)
[22.848s][info][gc             ] GC(243) Pause Young (Allocation Failure) 221M->54M(510M) 1.151ms
[22.848s][info][gc,cpu         ] GC(243) User=0.00s Sys=0.00s Real=0.00s
[22.890s][info][gc,start       ] GC(244) Pause Young (Allocation Failure)
[22.891s][info][gc,heap        ] GC(244) PSYoungGen: 172352K(172544K)->1856K(172544K) Eden: 170496K(170496K)->0K(170496K) From: 1856K(2048K)->1856K(2048K)
[22.891s][info][gc,heap        ] GC(244) ParOldGen: 54454K(349696K)->54670K(349696K)
[22.891s][info][gc,metaspace   ] GC(244) Metaspace: 71975K(72768K)->71975K(72768K) NonClass: 57174K(57664K)->57174K(57664K) Class: 14800K(15104K)->14800K(15104K)
[22.891s][info][gc             ] GC(244) Pause Young (Allocation Failure) 221M->55M(510M) 1.104ms
[22.891s][info][gc,cpu         ] GC(244) User=0.00s Sys=0.00s Real=0.00s
[22.933s][info][gc,start       ] GC(245) Pause Young (Allocation Failure)
[22.934s][info][gc,heap        ] GC(245) PSYoungGen: 172352K(172544K)->1824K(172544K) Eden: 170496K(170496K)->0K(170496K) From: 1856K(2048K)->1824K(2048K)
[22.934s][info][gc,heap        ] GC(245) ParOldGen: 54670K(349696K)->54862K(349696K)
[22.934s][info][gc,metaspace   ] GC(245) Metaspace: 71975K(72768K)->71975K(72768K) NonClass: 57174K(57664K)->57174K(57664K) Class: 14800K(15104K)->14800K(15104K)
[22.934s][info][gc             ] GC(245) Pause Young (Allocation Failure) 221M->55M(510M) 1.135ms
[22.934s][info][gc,cpu         ] GC(245) User=0.00s Sys=0.00s Real=0.00s
[22.976s][info][gc,start       ] GC(246) Pause Young (Allocation Failure)
[22.977s][info][gc,heap        ] GC(246) PSYoungGen: 172320K(172544K)->1824K(172544K) Eden: 170496K(170496K)->0K(170496K) From: 1824K(2048K)->1824K(2048K)
[22.978s][info][gc,heap        ] GC(246) ParOldGen: 54862K(349696K)->55102K(349696K)
[22.978s][info][gc,metaspace   ] GC(246) Metaspace: 71975K(72768K)->71975K(72768K) NonClass: 57175K(57664K)->57175K(57664K) Class: 14800K(15104K)->14800K(15104K)
[22.978s][info][gc             ] GC(246) Pause Young (Allocation Failure) 221M->55M(510M) 1.139ms
[22.978s][info][gc,cpu         ] GC(246) User=0.00s Sys=0.00s Real=0.00s
[23.020s][info][gc,start       ] GC(247) Pause Young (Allocation Failure)
[23.021s][info][gc,heap        ] GC(247) PSYoungGen: 172320K(172544K)->1792K(172544K) Eden: 170496K(170496K)->0K(170496K) From: 1824K(2048K)->1792K(2048K)
[23.021s][info][gc,heap        ] GC(247) ParOldGen: 55102K(349696K)->55302K(349696K)
[23.021s][info][gc,metaspace   ] GC(247) Metaspace: 71975K(72768K)->71975K(72768K) NonClass: 57175K(57664K)->57175K(57664K) Class: 14800K(15104K)->14800K(15104K)
[23.021s][info][gc             ] GC(247) Pause Young (Allocation Failure) 222M->55M(510M) 1.150ms
[23.021s][info][gc,cpu         ] GC(247) User=0.00s Sys=0.00s Real=0.00s
[23.063s][info][gc,start       ] GC(248) Pause Young (Allocation Failure)
[23.064s][info][gc,heap        ] GC(248) PSYoungGen: 172288K(172544K)->1792K(172544K) Eden: 170496K(170496K)->0K(170496K) From: 1792K(2048K)->1792K(2048K)
[23.064s][info][gc,heap        ] GC(248) ParOldGen: 55302K(349696K)->55518K(349696K)
[23.064s][info][gc,metaspace   ] GC(248) Metaspace: 71975K(72768K)->71975K(72768K) NonClass: 57175K(57664K)->57175K(57664K) Class: 14800K(15104K)->14800K(15104K)
[23.064s][info][gc             ] GC(248) Pause Young (Allocation Failure) 222M->55M(510M) 1.129ms
[23.064s][info][gc,cpu         ] GC(248) User=0.00s Sys=0.00s Real=0.00s
[23.106s][info][gc,start       ] GC(249) Pause Young (Allocation Failure)
[23.107s][info][gc,heap        ] GC(249) PSYoungGen: 172288K(172544K)->1920K(172544K) Eden: 170496K(170496K)->0K(170496K) From: 1792K(2048K)->1920K(2048K)
[23.107s][info][gc,heap        ] GC(249) ParOldGen: 55518K(349696K)->55702K(349696K)
[23.107s][info][gc,metaspace   ] GC(249) Metaspace: 71975K(72768K)->71975K(72768K) NonClass: 57175K(57664K)->57175K(57664K) Class: 14800K(15104K)->14800K(15104K)
[23.107s][info][gc             ] GC(249) Pause Young (Allocation Failure) 222M->56M(510M) 1.149ms
[23.107s][info][gc,cpu         ] GC(249) User=0.00s Sys=0.00s Real=0.00s
[23.149s][info][gc,start       ] GC(250) Pause Young (Allocation Failure)
[23.150s][info][gc,heap        ] GC(250) PSYoungGen: 172416K(172544K)->1856K(172544K) Eden: 170496K(170496K)->0K(170496K) From: 1920K(2048K)->1856K(2048K)
[23.150s][info][gc,heap        ] GC(250) ParOldGen: 55702K(349696K)->55966K(349696K)
[23.150s][info][gc,metaspace   ] GC(250) Metaspace: 71975K(72768K)->71975K(72768K) NonClass: 57175K(57664K)->57175K(57664K) Class: 14800K(15104K)->14800K(15104K)
[23.150s][info][gc             ] GC(250) Pause Young (Allocation Failure) 222M->56M(510M) 1.146ms
[23.151s][info][gc,cpu         ] GC(250) User=0.00s Sys=0.00s Real=0.00s
[23.193s][info][gc,start       ] GC(251) Pause Young (Allocation Failure)
[23.194s][info][gc,heap        ] GC(251) PSYoungGen: 172352K(172544K)->1792K(172544K) Eden: 170496K(170496K)->0K(170496K) From: 1856K(2048K)->1792K(2048K)
[23.194s][info][gc,heap        ] GC(251) ParOldGen: 55966K(349696K)->56174K(349696K)
[23.194s][info][gc,metaspace   ] GC(251) Metaspace: 71975K(72768K)->71975K(72768K) NonClass: 57175K(57664K)->57175K(57664K) Class: 14800K(15104K)->14800K(15104K)
[23.194s][info][gc             ] GC(251) Pause Young (Allocation Failure) 222M->56M(510M) 1.111ms
[23.194s][info][gc,cpu         ] GC(251) User=0.00s Sys=0.00s Real=0.00s
[23.236s][info][gc,start       ] GC(252) Pause Young (Allocation Failure)
[23.237s][info][gc,heap        ] GC(252) PSYoungGen: 172288K(172544K)->1824K(172544K) Eden: 170496K(170496K)->0K(170496K) From: 1792K(2048K)->1824K(2048K)
[23.237s][info][gc,heap        ] GC(252) ParOldGen: 56174K(349696K)->56326K(349696K)
[23.237s][info][gc,metaspace   ] GC(252) Metaspace: 71975K(72768K)->71975K(72768K) NonClass: 57175K(57664K)->57175K(57664K) Class: 14800K(15104K)->14800K(15104K)
[23.237s][info][gc             ] GC(252) Pause Young (Allocation Failure) 223M->56M(510M) 1.117ms
[23.237s][info][gc,cpu         ] GC(252) User=0.00s Sys=0.00s Real=0.00s
[23.279s][info][gc,start       ] GC(253) Pause Young (Allocation Failure)
[23.280s][info][gc,heap        ] GC(253) PSYoungGen: 172320K(172544K)->1824K(172544K) Eden: 170496K(170496K)->0K(170496K) From: 1824K(2048K)->1824K(2048K)
[23.280s][info][gc,heap        ] GC(253) ParOldGen: 56326K(349696K)->56534K(349696K)
[23.280s][info][gc,metaspace   ] GC(253) Metaspace: 71975K(72768K)->71975K(72768K) NonClass: 57175K(57664K)->57175K(57664K) Class: 14800K(15104K)->14800K(15104K)
[23.280s][info][gc             ] GC(253) Pause Young (Allocation Failure) 223M->56M(510M) 1.096ms
[23.280s][info][gc,cpu         ] GC(253) User=0.00s Sys=0.00s Real=0.00s
[23.322s][info][gc,start       ] GC(254) Pause Young (Allocation Failure)
[23.323s][info][gc,heap        ] GC(254) PSYoungGen: 172320K(172544K)->1824K(172544K) Eden: 170496K(170496K)->0K(170496K) From: 1824K(2048K)->1824K(2048K)
[23.323s][info][gc,heap        ] GC(254) ParOldGen: 56534K(349696K)->56742K(349696K)
[23.323s][info][gc,metaspace   ] GC(254) Metaspace: 71976K(72768K)->71976K(72768K) NonClass: 57175K(57664K)->57175K(57664K) Class: 14800K(15104K)->14800K(15104K)
[23.323s][info][gc             ] GC(254) Pause Young (Allocation Failure) 223M->57M(510M) 1.107ms
[23.323s][info][gc,cpu         ] GC(254) User=0.00s Sys=0.00s Real=0.00s
[23.365s][info][gc,start       ] GC(255) Pause Young (Allocation Failure)
[23.366s][info][gc,heap        ] GC(255) PSYoungGen: 172319K(172544K)->1792K(172544K) Eden: 170495K(170496K)->0K(170496K) From: 1824K(2048K)->1792K(2048K)
[23.366s][info][gc,heap        ] GC(255) ParOldGen: 56742K(349696K)->56958K(349696K)
[23.366s][info][gc,metaspace   ] GC(255) Metaspace: 71976K(72768K)->71976K(72768K) NonClass: 57175K(57664K)->57175K(57664K) Class: 14800K(15104K)->14800K(15104K)
[23.366s][info][gc             ] GC(255) Pause Young (Allocation Failure) 223M->57M(510M) 1.118ms
[23.366s][info][gc,cpu         ] GC(255) User=0.00s Sys=0.00s Real=0.00s
[23.408s][info][gc,start       ] GC(256) Pause Young (Allocation Failure)
[23.409s][info][gc,heap        ] GC(256) PSYoungGen: 172288K(172544K)->1856K(172544K) Eden: 170496K(170496K)->0K(170496K) From: 1792K(2048K)->1856K(2048K)
[23.410s][info][gc,heap        ] GC(256) ParOldGen: 56958K(349696K)->57134K(349696K)
[23.410s][info][gc,metaspace   ] GC(256) Metaspace: 71983K(72768K)->71983K(72768K) NonClass: 57183K(57664K)->57183K(57664K) Class: 14800K(15104K)->14800K(15104K)
[23.410s][info][gc             ] GC(256) Pause Young (Allocation Failure) 223M->57M(510M) 1.110ms
[23.410s][info][gc,cpu         ] GC(256) User=0.00s Sys=0.00s Real=0.00s
[23.452s][info][gc,start       ] GC(257) Pause Young (Allocation Failure)
[23.453s][info][gc,heap        ] GC(257) PSYoungGen: 172352K(172544K)->1856K(172544K) Eden: 170496K(170496K)->0K(170496K) From: 1856K(2048K)->1856K(2048K)
[23.453s][info][gc,heap        ] GC(257) ParOldGen: 57134K(349696K)->57294K(349696K)
[23.453s][info][gc,metaspace   ] GC(257) Metaspace: 71983K(72768K)->71983K(72768K) NonClass: 57183K(57664K)->57183K(57664K) Class: 14800K(15104K)->14800K(15104K)
[23.453s][info][gc             ] GC(257) Pause Young (Allocation Failure) 224M->57M(510M) 1.112ms
[23.453s][info][gc,cpu         ] GC(257) User=0.00s Sys=0.00s Real=0.00s
[23.495s][info][gc,start       ] GC(258) Pause Young (Allocation Failure)
[23.496s][info][gc,heap        ] GC(258) PSYoungGen: 172352K(172544K)->1824K(172544K) Eden: 170496K(170496K)->0K(170496K) From: 1856K(2048K)->1824K(2048K)
[23.496s][info][gc,heap        ] GC(258) ParOldGen: 57294K(349696K)->57494K(349696K)
[23.496s][info][gc,metaspace   ] GC(258) Metaspace: 72003K(72832K)->72003K(72832K) NonClass: 57203K(57728K)->57203K(57728K) Class: 14800K(15104K)->14800K(15104K)
[23.497s][info][gc             ] GC(258) Pause Young (Allocation Failure) 224M->57M(510M) 1.149ms
[23.497s][info][gc,cpu         ] GC(258) User=0.00s Sys=0.00s Real=0.00s
[23.539s][info][gc,start       ] GC(259) Pause Young (Allocation Failure)
[23.540s][info][gc,heap        ] GC(259) PSYoungGen: 172320K(172544K)->1856K(172544K) Eden: 170496K(170496K)->0K(170496K) From: 1824K(2048K)->1856K(2048K)
[23.540s][info][gc,heap        ] GC(259) ParOldGen: 57494K(349696K)->57702K(349696K)
[23.540s][info][gc,metaspace   ] GC(259) Metaspace: 72003K(72832K)->72003K(72832K) NonClass: 57203K(57728K)->57203K(57728K) Class: 14800K(15104K)->14800K(15104K)
[23.540s][info][gc             ] GC(259) Pause Young (Allocation Failure) 224M->58M(510M) 1.125ms
[23.540s][info][gc,cpu         ] GC(259) User=0.00s Sys=0.00s Real=0.00s
[23.582s][info][gc,start       ] GC(260) Pause Young (Allocation Failure)
[23.583s][info][gc,heap        ] GC(260) PSYoungGen: 172352K(172544K)->1792K(172544K) Eden: 170496K(170496K)->0K(170496K) From: 1856K(2048K)->1792K(2048K)
[23.583s][info][gc,heap        ] GC(260) ParOldGen: 57702K(349696K)->57910K(349696K)
[23.583s][info][gc,metaspace   ] GC(260) Metaspace: 72003K(72832K)->72003K(72832K) NonClass: 57203K(57728K)->57203K(57728K) Class: 14800K(15104K)->14800K(15104K)
[23.583s][info][gc             ] GC(260) Pause Young (Allocation Failure) 224M->58M(510M) 1.091ms
[23.583s][info][gc,cpu         ] GC(260) User=0.00s Sys=0.00s Real=0.00s
[23.625s][info][gc,start       ] GC(261) Pause Young (Allocation Failure)
[23.626s][info][gc,heap        ] GC(261) PSYoungGen: 172288K(172544K)->1792K(172544K) Eden: 170496K(170496K)->0K(170496K) From: 1792K(2048K)->1792K(2048K)
[23.626s][info][gc,heap        ] GC(261) ParOldGen: 57910K(349696K)->58062K(349696K)
[23.626s][info][gc,metaspace   ] GC(261) Metaspace: 72003K(72832K)->72003K(72832K) NonClass: 57203K(57728K)->57203K(57728K) Class: 14800K(15104K)->14800K(15104K)
[23.626s][info][gc             ] GC(261) Pause Young (Allocation Failure) 224M->58M(510M) 1.028ms
[23.626s][info][gc,cpu         ] GC(261) User=0.52s Sys=0.00s Real=0.00s
[23.668s][info][gc,start       ] GC(262) Pause Young (Allocation Failure)
[23.670s][info][gc,heap        ] GC(262) PSYoungGen: 172287K(172544K)->1824K(172544K) Eden: 170495K(170496K)->0K(170496K) From: 1792K(2048K)->1824K(2048K)
[23.670s][info][gc,heap        ] GC(262) ParOldGen: 58062K(349696K)->58262K(349696K)
[23.670s][info][gc,metaspace   ] GC(262) Metaspace: 72003K(72832K)->72003K(72832K) NonClass: 57203K(57728K)->57203K(57728K) Class: 14800K(15104K)->14800K(15104K)
[23.670s][info][gc             ] GC(262) Pause Young (Allocation Failure) 224M->58M(510M) 1.131ms
[23.670s][info][gc,cpu         ] GC(262) User=0.00s Sys=0.00s Real=0.00s
[23.712s][info][gc,start       ] GC(263) Pause Young (Allocation Failure)
[23.713s][info][gc,heap        ] GC(263) PSYoungGen: 172320K(172544K)->1920K(172544K) Eden: 170496K(170496K)->0K(170496K) From: 1824K(2048K)->1920K(2048K)
[23.713s][info][gc,heap        ] GC(263) ParOldGen: 58262K(349696K)->58318K(349696K)
[23.713s][info][gc,metaspace   ] GC(263) Metaspace: 72003K(72832K)->72003K(72832K) NonClass: 57203K(57728K)->57203K(57728K) Class: 14800K(15104K)->14800K(15104K)
[23.713s][info][gc             ] GC(263) Pause Young (Allocation Failure) 225M->58M(510M) 1.116ms
[23.713s][info][gc,cpu         ] GC(263) User=0.00s Sys=0.00s Real=0.00s
[23.756s][info][gc,start       ] GC(264) Pause Young (Allocation Failure)
[23.757s][info][gc,heap        ] GC(264) PSYoungGen: 172416K(172544K)->1920K(172544K) Eden: 170496K(170496K)->0K(170496K) From: 1920K(2048K)->1920K(2048K)
[23.757s][info][gc,heap        ] GC(264) ParOldGen: 58318K(349696K)->58478K(349696K)
[23.757s][info][gc,metaspace   ] GC(264) Metaspace: 72017K(72832K)->72017K(72832K) NonClass: 57217K(57728K)->57217K(57728K) Class: 14800K(15104K)->14800K(15104K)
[23.757s][info][gc             ] GC(264) Pause Young (Allocation Failure) 225M->58M(510M) 1.137ms
[23.757s][info][gc,cpu         ] GC(264) User=0.00s Sys=0.00s Real=0.00s
[23.799s][info][gc,start       ] GC(265) Pause Young (Allocation Failure)
[23.800s][info][gc,heap        ] GC(265) PSYoungGen: 172416K(172544K)->1792K(172544K) Eden: 170496K(170496K)->0K(170496K) From: 1920K(2048K)->1792K(2048K)
[23.800s][info][gc,heap        ] GC(265) ParOldGen: 58478K(349696K)->58734K(349696K)
[23.800s][info][gc,metaspace   ] GC(265) Metaspace: 72019K(72832K)->72019K(72832K) NonClass: 57218K(57728K)->57218K(57728K) Class: 14800K(15104K)->14800K(15104K)
[23.800s][info][gc             ] GC(265) Pause Young (Allocation Failure) 225M->59M(510M) 1.066ms
[23.800s][info][gc,cpu         ] GC(265) User=0.00s Sys=0.00s Real=0.00s
[23.843s][info][gc,start       ] GC(266) Pause Young (Allocation Failure)
[23.844s][info][gc,heap        ] GC(266) PSYoungGen: 172288K(172544K)->1792K(172544K) Eden: 170496K(170496K)->0K(170496K) From: 1792K(2048K)->1792K(2048K)
[23.844s][info][gc,heap        ] GC(266) ParOldGen: 58734K(349696K)->58870K(349696K)
[23.844s][info][gc,metaspace   ] GC(266) Metaspace: 72022K(72832K)->72022K(72832K) NonClass: 57221K(57728K)->57221K(57728K) Class: 14800K(15104K)->14800K(15104K)
[23.844s][info][gc             ] GC(266) Pause Young (Allocation Failure) 225M->59M(510M) 1.094ms
[23.844s][info][gc,cpu         ] GC(266) User=0.00s Sys=0.00s Real=0.00s
[23.886s][info][gc,start       ] GC(267) Pause Young (Allocation Failure)
[23.887s][info][gc,heap        ] GC(267) PSYoungGen: 172288K(172544K)->1728K(172544K) Eden: 170496K(170496K)->0K(170496K) From: 1792K(2048K)->1728K(2048K)
[23.887s][info][gc,heap        ] GC(267) ParOldGen: 58870K(349696K)->59102K(349696K)
[23.887s][info][gc,metaspace   ] GC(267) Metaspace: 72022K(72832K)->72022K(72832K) NonClass: 57221K(57728K)->57221K(57728K) Class: 14800K(15104K)->14800K(15104K)
[23.887s][info][gc             ] GC(267) Pause Young (Allocation Failure) 225M->59M(510M) 1.055ms
[23.887s][info][gc,cpu         ] GC(267) User=0.00s Sys=0.00s Real=0.00s
[23.930s][info][gc,start       ] GC(268) Pause Young (Allocation Failure)
[23.931s][info][gc,heap        ] GC(268) PSYoungGen: 172224K(172544K)->1856K(172544K) Eden: 170496K(170496K)->0K(170496K) From: 1728K(2048K)->1856K(2048K)
[23.931s][info][gc,heap        ] GC(268) ParOldGen: 59102K(349696K)->59214K(349696K)
[23.932s][info][gc,metaspace   ] GC(268) Metaspace: 72028K(72832K)->72028K(72832K) NonClass: 57228K(57728K)->57228K(57728K) Class: 14800K(15104K)->14800K(15104K)
[23.932s][info][gc             ] GC(268) Pause Young (Allocation Failure) 225M->59M(510M) 1.023ms
[23.932s][info][gc,cpu         ] GC(268) User=0.00s Sys=0.00s Real=0.00s
[23.974s][info][gc,start       ] GC(269) Pause Young (Allocation Failure)
[23.975s][info][gc,heap        ] GC(269) PSYoungGen: 172351K(172544K)->1696K(172544K) Eden: 170495K(170496K)->0K(170496K) From: 1856K(2048K)->1696K(2048K)
[23.975s][info][gc,heap        ] GC(269) ParOldGen: 59214K(349696K)->59438K(349696K)
[23.975s][info][gc,metaspace   ] GC(269) Metaspace: 72029K(72832K)->72029K(72832K) NonClass: 57228K(57728K)->57228K(57728K) Class: 14800K(15104K)->14800K(15104K)
[23.975s][info][gc             ] GC(269) Pause Young (Allocation Failure) 226M->59M(510M) 1.052ms
[23.975s][info][gc,cpu         ] GC(269) User=0.00s Sys=0.00s Real=0.00s
[24.019s][info][gc,start       ] GC(270) Pause Young (Allocation Failure)
[24.020s][info][gc,heap        ] GC(270) PSYoungGen: 172192K(172544K)->1696K(172544K) Eden: 170496K(170496K)->0K(170496K) From: 1696K(2048K)->1696K(2048K)
[24.020s][info][gc,heap        ] GC(270) ParOldGen: 59438K(349696K)->59582K(349696K)
[24.020s][info][gc,metaspace   ] GC(270) Metaspace: 72030K(72832K)->72030K(72832K) NonClass: 57230K(57728K)->57230K(57728K) Class: 14800K(15104K)->14800K(15104K)
[24.020s][info][gc             ] GC(270) Pause Young (Allocation Failure) 226M->59M(510M) 1.061ms
[24.020s][info][gc,cpu         ] GC(270) User=0.00s Sys=0.00s Real=0.00s
[24.064s][info][gc,start       ] GC(271) Pause Young (Allocation Failure)
[24.065s][info][gc,heap        ] GC(271) PSYoungGen: 172192K(172544K)->1536K(172544K) Eden: 170496K(170496K)->0K(170496K) From: 1696K(2048K)->1536K(2048K)
[24.065s][info][gc,heap        ] GC(271) ParOldGen: 59582K(349696K)->59750K(349696K)
[24.065s][info][gc,metaspace   ] GC(271) Metaspace: 72031K(72832K)->72031K(72832K) NonClass: 57230K(57728K)->57230K(57728K) Class: 14800K(15104K)->14800K(15104K)
[24.065s][info][gc             ] GC(271) Pause Young (Allocation Failure) 226M->59M(510M) 1.012ms
[24.065s][info][gc,cpu         ] GC(271) User=0.00s Sys=0.00s Real=0.00s
[24.109s][info][gc,start       ] GC(272) Pause Young (Allocation Failure)
[24.110s][info][gc,heap        ] GC(272) PSYoungGen: 172032K(172544K)->1696K(172544K) Eden: 170496K(170496K)->0K(170496K) From: 1536K(2048K)->1696K(2048K)
[24.110s][info][gc,heap        ] GC(272) ParOldGen: 59750K(349696K)->59862K(349696K)
[24.110s][info][gc,metaspace   ] GC(272) Metaspace: 72031K(72832K)->72031K(72832K) NonClass: 57230K(57728K)->57230K(57728K) Class: 14800K(15104K)->14800K(15104K)
[24.110s][info][gc             ] GC(272) Pause Young (Allocation Failure) 226M->60M(510M) 1.047ms
[24.110s][info][gc,cpu         ] GC(272) User=0.00s Sys=0.00s Real=0.00s
[24.155s][info][gc,start       ] GC(273) Pause Young (Allocation Failure)
[24.156s][info][gc,heap        ] GC(273) PSYoungGen: 172192K(172544K)->1568K(172544K) Eden: 170496K(170496K)->0K(170496K) From: 1696K(2048K)->1568K(2048K)
[24.156s][info][gc,heap        ] GC(273) ParOldGen: 59862K(349696K)->60134K(349696K)
[24.156s][info][gc,metaspace   ] GC(273) Metaspace: 72033K(72832K)->72033K(72832K) NonClass: 57233K(57728K)->57233K(57728K) Class: 14800K(15104K)->14800K(15104K)
[24.156s][info][gc             ] GC(273) Pause Young (Allocation Failure) 226M->60M(510M) 1.018ms
[24.156s][info][gc,cpu         ] GC(273) User=0.00s Sys=0.00s Real=0.00s
[24.201s][info][gc,start       ] GC(274) Pause Young (Allocation Failure)
[24.202s][info][gc,heap        ] GC(274) PSYoungGen: 172064K(172544K)->1600K(172544K) Eden: 170496K(170496K)->0K(170496K) From: 1568K(2048K)->1600K(2048K)
[24.202s][info][gc,heap        ] GC(274) ParOldGen: 60134K(349696K)->60406K(349696K)
[24.202s][info][gc,metaspace   ] GC(274) Metaspace: 72037K(72832K)->72037K(72832K) NonClass: 57237K(57728K)->57237K(57728K) Class: 14800K(15104K)->14800K(15104K)
[24.202s][info][gc             ] GC(274) Pause Young (Allocation Failure) 226M->60M(510M) 0.989ms
[24.202s][info][gc,cpu         ] GC(274) User=0.00s Sys=0.00s Real=0.00s
[24.249s][info][gc,start       ] GC(275) Pause Young (Allocation Failure)
[24.249s][info][gc,heap        ] GC(275) PSYoungGen: 172096K(172544K)->1376K(172544K) Eden: 170496K(170496K)->0K(170496K) From: 1600K(2048K)->1376K(2048K)
[24.250s][info][gc,heap        ] GC(275) ParOldGen: 60406K(349696K)->60590K(349696K)
[24.250s][info][gc,metaspace   ] GC(275) Metaspace: 72045K(72832K)->72045K(72832K) NonClass: 57244K(57728K)->57244K(57728K) Class: 14800K(15104K)->14800K(15104K)
[24.250s][info][gc             ] GC(275) Pause Young (Allocation Failure) 227M->60M(510M) 0.955ms
[24.250s][info][gc,cpu         ] GC(275) User=0.00s Sys=0.00s Real=0.00s
[24.298s][info][gc,start       ] GC(276) Pause Young (Allocation Failure)
[24.298s][info][gc,heap        ] GC(276) PSYoungGen: 171872K(172544K)->1344K(172032K) Eden: 170496K(170496K)->0K(170496K) From: 1376K(2048K)->1344K(1536K)
[24.299s][info][gc,heap        ] GC(276) ParOldGen: 60590K(349696K)->60814K(349696K)
[24.299s][info][gc,metaspace   ] GC(276) Metaspace: 72045K(72832K)->72045K(72832K) NonClass: 57244K(57728K)->57244K(57728K) Class: 14800K(15104K)->14800K(15104K)
[24.299s][info][gc             ] GC(276) Pause Young (Allocation Failure) 227M->60M(509M) 0.936ms
[24.299s][info][gc,cpu         ] GC(276) User=0.00s Sys=0.00s Real=0.00s
[24.348s][info][gc,start       ] GC(277) Pause Young (Allocation Failure)
[24.349s][info][gc,heap        ] GC(277) PSYoungGen: 171840K(172032K)->1440K(172032K) Eden: 170496K(170496K)->0K(169472K) From: 1344K(1536K)->1440K(2560K)
[24.349s][info][gc,heap        ] GC(277) ParOldGen: 60814K(349696K)->60950K(349696K)
[24.349s][info][gc,metaspace   ] GC(277) Metaspace: 72045K(72832K)->72045K(72832K) NonClass: 57245K(57728K)->57245K(57728K) Class: 14800K(15104K)->14800K(15104K)
[24.349s][info][gc             ] GC(277) Pause Young (Allocation Failure) 227M->60M(509M) 0.904ms
[24.349s][info][gc,cpu         ] GC(277) User=0.00s Sys=0.00s Real=0.00s
[24.398s][info][gc,start       ] GC(278) Pause Young (Allocation Failure)
[24.398s][info][gc,heap        ] GC(278) PSYoungGen: 170912K(172032K)->1408K(172032K) Eden: 169472K(169472K)->0K(169472K) From: 1440K(2560K)->1408K(2560K)
[24.398s][info][gc,heap        ] GC(278) ParOldGen: 60950K(349696K)->61078K(349696K)
[24.398s][info][gc,metaspace   ] GC(278) Metaspace: 72045K(72832K)->72045K(72832K) NonClass: 57245K(57728K)->57245K(57728K) Class: 14800K(15104K)->14800K(15104K)
[24.398s][info][gc             ] GC(278) Pause Young (Allocation Failure) 226M->61M(509M) 0.877ms
[24.399s][info][gc,cpu         ] GC(278) User=0.00s Sys=0.00s Real=0.00s
[24.448s][info][gc,start       ] GC(279) Pause Young (Allocation Failure)
[24.448s][info][gc,heap        ] GC(279) PSYoungGen: 170880K(172032K)->1280K(172032K) Eden: 169472K(169472K)->0K(169472K) From: 1408K(2560K)->1280K(2560K)
[24.448s][info][gc,heap        ] GC(279) ParOldGen: 61078K(349696K)->61142K(349696K)
[24.448s][info][gc,metaspace   ] GC(279) Metaspace: 72045K(72832K)->72045K(72832K) NonClass: 57245K(57728K)->57245K(57728K) Class: 14800K(15104K)->14800K(15104K)
[24.448s][info][gc             ] GC(279) Pause Young (Allocation Failure) 226M->60M(509M) 0.884ms
[24.448s][info][gc,cpu         ] GC(279) User=0.00s Sys=0.00s Real=0.00s
[24.499s][info][gc,start       ] GC(280) Pause Young (Allocation Failure)
[24.500s][info][gc,heap        ] GC(280) PSYoungGen: 170752K(172032K)->1376K(172032K) Eden: 169472K(169472K)->0K(169472K) From: 1280K(2560K)->1376K(2560K)
[24.500s][info][gc,heap        ] GC(280) ParOldGen: 61142K(349696K)->61294K(349696K)
[24.500s][info][gc,metaspace   ] GC(280) Metaspace: 72045K(72832K)->72045K(72832K) NonClass: 57245K(57728K)->57245K(57728K) Class: 14800K(15104K)->14800K(15104K)
[24.500s][info][gc             ] GC(280) Pause Young (Allocation Failure) 226M->61M(509M) 0.878ms
[24.500s][info][gc,cpu         ] GC(280) User=0.00s Sys=0.00s Real=0.00s
[24.553s][info][gc,start       ] GC(281) Pause Young (Allocation Failure)
[24.554s][info][gc,heap        ] GC(281) PSYoungGen: 170848K(172032K)->1248K(172032K) Eden: 169472K(169472K)->0K(169472K) From: 1376K(2560K)->1248K(2560K)
[24.554s][info][gc,heap        ] GC(281) ParOldGen: 61294K(349696K)->61526K(349696K)
[24.554s][info][gc,metaspace   ] GC(281) Metaspace: 72045K(72832K)->72045K(72832K) NonClass: 57245K(57728K)->57245K(57728K) Class: 14800K(15104K)->14800K(15104K)
[24.554s][info][gc             ] GC(281) Pause Young (Allocation Failure) 226M->61M(509M) 0.887ms
[24.554s][info][gc,cpu         ] GC(281) User=0.00s Sys=0.00s Real=0.00s
[24.608s][info][gc,start       ] GC(282) Pause Young (Allocation Failure)
[24.609s][info][gc,heap        ] GC(282) PSYoungGen: 170720K(172032K)->1152K(172032K) Eden: 169472K(169472K)->0K(169472K) From: 1248K(2560K)->1152K(2560K)
[24.609s][info][gc,heap        ] GC(282) ParOldGen: 61526K(349696K)->61670K(349696K)
[24.609s][info][gc,metaspace   ] GC(282) Metaspace: 72045K(72832K)->72045K(72832K) NonClass: 57245K(57728K)->57245K(57728K) Class: 14800K(15104K)->14800K(15104K)
[24.609s][info][gc             ] GC(282) Pause Young (Allocation Failure) 226M->61M(509M) 0.850ms
[24.609s][info][gc,cpu         ] GC(282) User=0.00s Sys=0.00s Real=0.00s
[24.672s][info][gc,start       ] GC(283) Pause Young (Allocation Failure)
[24.673s][info][gc,heap        ] GC(283) PSYoungGen: 170624K(172032K)->1216K(172032K) Eden: 169472K(169472K)->0K(169472K) From: 1152K(2560K)->1216K(2560K)
[24.673s][info][gc,heap        ] GC(283) ParOldGen: 61670K(349696K)->61766K(349696K)
[24.673s][info][gc,metaspace   ] GC(283) Metaspace: 72049K(72832K)->72049K(72832K) NonClass: 57248K(57728K)->57248K(57728K) Class: 14800K(15104K)->14800K(15104K)
[24.673s][info][gc             ] GC(283) Pause Young (Allocation Failure) 226M->61M(509M) 0.918ms
[24.673s][info][gc,cpu         ] GC(283) User=0.00s Sys=0.00s Real=0.00s
[24.743s][info][gc,start       ] GC(284) Pause Young (Allocation Failure)
[24.744s][info][gc,heap        ] GC(284) PSYoungGen: 170688K(172032K)->992K(172032K) Eden: 169472K(169472K)->0K(169472K) From: 1216K(2560K)->992K(2560K)
[24.744s][info][gc,heap        ] GC(284) ParOldGen: 61766K(349696K)->62094K(349696K)
[24.744s][info][gc,metaspace   ] GC(284) Metaspace: 72052K(72832K)->72052K(72832K) NonClass: 57252K(57728K)->57252K(57728K) Class: 14800K(15104K)->14800K(15104K)
[24.744s][info][gc             ] GC(284) Pause Young (Allocation Failure) 227M->61M(509M) 0.831ms
[24.744s][info][gc,cpu         ] GC(284) User=0.00s Sys=0.00s Real=0.00s
[24.822s][info][gc,start       ] GC(285) Pause Young (Allocation Failure)
[24.822s][info][gc,heap        ] GC(285) PSYoungGen: 170464K(172032K)->960K(172032K) Eden: 169472K(169472K)->0K(169472K) From: 992K(2560K)->960K(2560K)
[24.822s][info][gc,heap        ] GC(285) ParOldGen: 62094K(349696K)->62254K(349696K)
[24.822s][info][gc,metaspace   ] GC(285) Metaspace: 72052K(72832K)->72052K(72832K) NonClass: 57252K(57728K)->57252K(57728K) Class: 14800K(15104K)->14800K(15104K)
[24.822s][info][gc             ] GC(285) Pause Young (Allocation Failure) 227M->61M(509M) 0.706ms
[24.822s][info][gc,cpu         ] GC(285) User=0.00s Sys=0.00s Real=0.00s
[24.909s][info][gc,start       ] GC(286) Pause Young (Allocation Failure)
[24.910s][info][gc,heap        ] GC(286) PSYoungGen: 170432K(172032K)->864K(165888K) Eden: 169472K(169472K)->0K(164864K) From: 960K(2560K)->864K(1024K)
[24.910s][info][gc,heap        ] GC(286) ParOldGen: 62254K(349696K)->62438K(349696K)
[24.910s][info][gc,metaspace   ] GC(286) Metaspace: 72052K(72832K)->72052K(72832K) NonClass: 57252K(57728K)->57252K(57728K) Class: 14800K(15104K)->14800K(15104K)
[24.910s][info][gc             ] GC(286) Pause Young (Allocation Failure) 227M->61M(503M) 0.903ms
[24.910s][info][gc,cpu         ] GC(286) User=0.00s Sys=0.00s Real=0.00s
[25.002s][info][gc,start       ] GC(287) Pause Young (Allocation Failure)
[25.003s][info][gc,heap        ] GC(287) PSYoungGen: 165728K(165888K)->736K(161792K) Eden: 164864K(164864K)->0K(160768K) From: 864K(1024K)->736K(1024K)
[25.003s][info][gc,heap        ] GC(287) ParOldGen: 62438K(349696K)->62622K(349696K)
[25.003s][info][gc,metaspace   ] GC(287) Metaspace: 72052K(72832K)->72052K(72832K) NonClass: 57252K(57728K)->57252K(57728K) Class: 14800K(15104K)->14800K(15104K)
[25.003s][info][gc             ] GC(287) Pause Young (Allocation Failure) 222M->61M(499M) 0.763ms
[25.003s][info][gc,cpu         ] GC(287) User=0.00s Sys=0.00s Real=0.00s
[25.095s][info][gc,start       ] GC(288) Pause Young (Allocation Failure)
[25.096s][info][gc,heap        ] GC(288) PSYoungGen: 161504K(161792K)->704K(157696K) Eden: 160768K(160768K)->0K(156672K) From: 736K(1024K)->704K(1024K)
[25.096s][info][gc,heap        ] GC(288) ParOldGen: 62622K(349696K)->62734K(349696K)
[25.096s][info][gc,metaspace   ] GC(288) Metaspace: 72052K(72832K)->72052K(72832K) NonClass: 57252K(57728K)->57252K(57728K) Class: 14800K(15104K)->14800K(15104K)
[25.096s][info][gc             ] GC(288) Pause Young (Allocation Failure) 218M->61M(495M) 0.691ms
[25.096s][info][gc,cpu         ] GC(288) User=0.00s Sys=0.00s Real=0.00s
[25.186s][info][gc,start       ] GC(289) Pause Young (Allocation Failure)
[25.186s][info][gc,heap        ] GC(289) PSYoungGen: 157376K(157696K)->640K(153600K) Eden: 156672K(156672K)->0K(152576K) From: 704K(1024K)->640K(1024K)
[25.186s][info][gc,heap        ] GC(289) ParOldGen: 62734K(349696K)->62862K(349696K)
[25.186s][info][gc,metaspace   ] GC(289) Metaspace: 72052K(72832K)->72052K(72832K) NonClass: 57252K(57728K)->57252K(57728K) Class: 14800K(15104K)->14800K(15104K)
[25.186s][info][gc             ] GC(289) Pause Young (Allocation Failure) 214M->62M(491M) 0.804ms
[25.186s][info][gc,cpu         ] GC(289) User=0.00s Sys=0.00s Real=0.00s
[25.274s][info][gc,start       ] GC(290) Pause Young (Allocation Failure)
[25.275s][info][gc,heap        ] GC(290) PSYoungGen: 153216K(153600K)->640K(149504K) Eden: 152576K(152576K)->0K(148480K) From: 640K(1024K)->640K(1024K)
[25.275s][info][gc,heap        ] GC(290) ParOldGen: 62862K(349696K)->62910K(349696K)
[25.275s][info][gc,metaspace   ] GC(290) Metaspace: 72052K(72832K)->72052K(72832K) NonClass: 57252K(57728K)->57252K(57728K) Class: 14800K(15104K)->14800K(15104K)
[25.275s][info][gc             ] GC(290) Pause Young (Allocation Failure) 211M->62M(487M) 0.719ms
[25.275s][info][gc,cpu         ] GC(290) User=0.00s Sys=0.00s Real=0.00s
[25.360s][info][gc,start       ] GC(291) Pause Young (Allocation Failure)
[25.361s][info][gc,heap        ] GC(291) PSYoungGen: 149120K(149504K)->640K(145920K) Eden: 148480K(148480K)->0K(144896K) From: 640K(1024K)->640K(1024K)
[25.361s][info][gc,heap        ] GC(291) ParOldGen: 62910K(349696K)->62910K(349696K)
[25.361s][info][gc,metaspace   ] GC(291) Metaspace: 72052K(72832K)->72052K(72832K) NonClass: 57252K(57728K)->57252K(57728K) Class: 14800K(15104K)->14800K(15104K)
[25.361s][info][gc             ] GC(291) Pause Young (Allocation Failure) 207M->62M(484M) 0.805ms
[25.361s][info][gc,cpu         ] GC(291) User=0.00s Sys=0.00s Real=0.00s
[25.444s][info][gc,start       ] GC(292) Pause Young (Allocation Failure)
[25.444s][info][gc,heap        ] GC(292) PSYoungGen: 145536K(145920K)->672K(142336K) Eden: 144896K(144896K)->0K(141312K) From: 640K(1024K)->672K(1024K)
[25.444s][info][gc,heap        ] GC(292) ParOldGen: 62910K(349696K)->63006K(349696K)
[25.444s][info][gc,metaspace   ] GC(292) Metaspace: 72052K(72832K)->72052K(72832K) NonClass: 57252K(57728K)->57252K(57728K) Class: 14800K(15104K)->14800K(15104K)
[25.444s][info][gc             ] GC(292) Pause Young (Allocation Failure) 203M->62M(480M) 0.636ms
[25.445s][info][gc,cpu         ] GC(292) User=0.00s Sys=0.00s Real=0.00s
[25.526s][info][gc,start       ] GC(293) Pause Young (Allocation Failure)
[25.527s][info][gc,heap        ] GC(293) PSYoungGen: 141984K(142336K)->640K(138752K) Eden: 141312K(141312K)->0K(137728K) From: 672K(1024K)->640K(1024K)
[25.527s][info][gc,heap        ] GC(293) ParOldGen: 63006K(349696K)->63006K(349696K)
[25.527s][info][gc,metaspace   ] GC(293) Metaspace: 72052K(72832K)->72052K(72832K) NonClass: 57252K(57728K)->57252K(57728K) Class: 14800K(15104K)->14800K(15104K)
[25.527s][info][gc             ] GC(293) Pause Young (Allocation Failure) 200M->62M(477M) 0.792ms
[25.527s][info][gc,cpu         ] GC(293) User=0.00s Sys=0.00s Real=0.00s
[25.606s][info][gc,start       ] GC(294) Pause Young (Allocation Failure)
[25.607s][info][gc,heap        ] GC(294) PSYoungGen: 138368K(138752K)->640K(135680K) Eden: 137728K(137728K)->0K(134656K) From: 640K(1024K)->640K(1024K)
[25.607s][info][gc,heap        ] GC(294) ParOldGen: 63006K(349696K)->63006K(349696K)
[25.607s][info][gc,metaspace   ] GC(294) Metaspace: 72052K(72832K)->72052K(72832K) NonClass: 57252K(57728K)->57252K(57728K) Class: 14800K(15104K)->14800K(15104K)
[25.607s][info][gc             ] GC(294) Pause Young (Allocation Failure) 196M->62M(474M) 0.688ms
[25.607s][info][gc,cpu         ] GC(294) User=0.00s Sys=0.00s Real=0.00s
[25.684s][info][gc,start       ] GC(295) Pause Young (Allocation Failure)
[25.685s][info][gc,heap        ] GC(295) PSYoungGen: 135296K(135680K)->640K(132608K) Eden: 134656K(134656K)->0K(131584K) From: 640K(1024K)->640K(1024K)
[25.685s][info][gc,heap        ] GC(295) ParOldGen: 63006K(349696K)->63110K(349696K)
[25.685s][info][gc,metaspace   ] GC(295) Metaspace: 72052K(72832K)->72052K(72832K) NonClass: 57252K(57728K)->57252K(57728K) Class: 14800K(15104K)->14800K(15104K)
[25.685s][info][gc             ] GC(295) Pause Young (Allocation Failure) 193M->62M(471M) 0.726ms
[25.685s][info][gc,cpu         ] GC(295) User=0.00s Sys=0.00s Real=0.00s
[25.760s][info][gc,start       ] GC(296) Pause Young (Allocation Failure)
[25.761s][info][gc,heap        ] GC(296) PSYoungGen: 132224K(132608K)->704K(129536K) Eden: 131584K(131584K)->0K(128512K) From: 640K(1024K)->704K(1024K)
[25.761s][info][gc,heap        ] GC(296) ParOldGen: 63110K(349696K)->63110K(349696K)
[25.761s][info][gc,metaspace   ] GC(296) Metaspace: 72052K(72832K)->72052K(72832K) NonClass: 57252K(57728K)->57252K(57728K) Class: 14800K(15104K)->14800K(15104K)
[25.761s][info][gc             ] GC(296) Pause Young (Allocation Failure) 190M->62M(468M) 0.657ms
[25.761s][info][gc,cpu         ] GC(296) User=0.00s Sys=0.00s Real=0.00s
[25.834s][info][gc,start       ] GC(297) Pause Young (Allocation Failure)
[25.835s][info][gc,heap        ] GC(297) PSYoungGen: 129216K(129536K)->640K(126464K) Eden: 128512K(128512K)->0K(125440K) From: 704K(1024K)->640K(1024K)
[25.835s][info][gc,heap        ] GC(297) ParOldGen: 63110K(349696K)->63110K(349696K)
[25.835s][info][gc,metaspace   ] GC(297) Metaspace: 72052K(72832K)->72052K(72832K) NonClass: 57252K(57728K)->57252K(57728K) Class: 14800K(15104K)->14800K(15104K)
[25.835s][info][gc             ] GC(297) Pause Young (Allocation Failure) 187M->62M(465M) 0.864ms
[25.835s][info][gc,cpu         ] GC(297) User=0.00s Sys=0.00s Real=0.00s
[25.907s][info][gc,start       ] GC(298) Pause Young (Allocation Failure)
[25.908s][info][gc,heap        ] GC(298) PSYoungGen: 126080K(126464K)->640K(123904K) Eden: 125440K(125440K)->0K(122880K) From: 640K(1024K)->640K(1024K)
[25.908s][info][gc,heap        ] GC(298) ParOldGen: 63110K(349696K)->63198K(349696K)
[25.908s][info][gc,metaspace   ] GC(298) Metaspace: 72052K(72832K)->72052K(72832K) NonClass: 57252K(57728K)->57252K(57728K) Class: 14800K(15104K)->14800K(15104K)
[25.908s][info][gc             ] GC(298) Pause Young (Allocation Failure) 184M->62M(462M) 0.726ms
[25.908s][info][gc,cpu         ] GC(298) User=0.00s Sys=0.00s Real=0.00s
[25.978s][info][gc,start       ] GC(299) Pause Young (Allocation Failure)
[25.978s][info][gc,heap        ] GC(299) PSYoungGen: 123520K(123904K)->640K(121344K) Eden: 122880K(122880K)->0K(120320K) From: 640K(1024K)->640K(1024K)
[25.978s][info][gc,heap        ] GC(299) ParOldGen: 63198K(349696K)->63198K(349696K)
[25.978s][info][gc,metaspace   ] GC(299) Metaspace: 72052K(72832K)->72052K(72832K) NonClass: 57252K(57728K)->57252K(57728K) Class: 14800K(15104K)->14800K(15104K)
[25.978s][info][gc             ] GC(299) Pause Young (Allocation Failure) 182M->62M(460M) 0.733ms
[25.978s][info][gc,cpu         ] GC(299) User=0.00s Sys=0.00s Real=0.00s
[26.047s][info][gc,start       ] GC(300) Pause Young (Allocation Failure)
[26.048s][info][gc,heap        ] GC(300) PSYoungGen: 120960K(121344K)->672K(118784K) Eden: 120320K(120320K)->0K(117760K) From: 640K(1024K)->672K(1024K)
[26.048s][info][gc,heap        ] GC(300) ParOldGen: 63198K(349696K)->63198K(349696K)
[26.048s][info][gc,metaspace   ] GC(300) Metaspace: 72052K(72832K)->72052K(72832K) NonClass: 57252K(57728K)->57252K(57728K) Class: 14800K(15104K)->14800K(15104K)
[26.048s][info][gc             ] GC(300) Pause Young (Allocation Failure) 179M->62M(457M) 0.701ms
[26.048s][info][gc,cpu         ] GC(300) User=0.00s Sys=0.00s Real=0.00s
[26.115s][info][gc,start       ] GC(301) Pause Young (Allocation Failure)
[26.116s][info][gc,heap        ] GC(301) PSYoungGen: 118432K(118784K)->672K(116224K) Eden: 117760K(117760K)->0K(115200K) From: 672K(1024K)->672K(1024K)
[26.116s][info][gc,heap        ] GC(301) ParOldGen: 63198K(349696K)->63278K(349696K)
[26.116s][info][gc,metaspace   ] GC(301) Metaspace: 72052K(72832K)->72052K(72832K) NonClass: 57252K(57728K)->57252K(57728K) Class: 14800K(15104K)->14800K(15104K)
[26.116s][info][gc             ] GC(301) Pause Young (Allocation Failure) 177M->62M(455M) 0.763ms
[26.116s][info][gc,cpu         ] GC(301) User=0.00s Sys=0.00s Real=0.00s
[26.182s][info][gc,start       ] GC(302) Pause Young (Allocation Failure)
[26.183s][info][gc,heap        ] GC(302) PSYoungGen: 115872K(116224K)->640K(114688K) Eden: 115200K(115200K)->0K(112640K) From: 672K(1024K)->640K(2048K)
[26.183s][info][gc,heap        ] GC(302) ParOldGen: 63278K(349696K)->63422K(349696K)
[26.183s][info][gc,metaspace   ] GC(302) Metaspace: 72052K(72832K)->72052K(72832K) NonClass: 57252K(57728K)->57252K(57728K) Class: 14800K(15104K)->14800K(15104K)
[26.183s][info][gc             ] GC(302) Pause Young (Allocation Failure) 174M->62M(453M) 0.677ms
[26.183s][info][gc,cpu         ] GC(302) User=0.00s Sys=0.00s Real=0.00s
[26.255s][info][gc,start       ] GC(303) Pause Young (System.gc())
[26.256s][info][gc,heap        ] GC(303) PSYoungGen: 75261K(114688K)->1472K(114176K) Eden: 74621K(112640K)->0K(112640K) From: 640K(2048K)->1472K(1536K)
[26.256s][info][gc,heap        ] GC(303) ParOldGen: 63422K(349696K)->63430K(349696K)
[26.256s][info][gc,metaspace   ] GC(303) Metaspace: 72088K(72832K)->72088K(72832K) NonClass: 57286K(57728K)->57286K(57728K) Class: 14801K(15104K)->14801K(15104K)
[26.257s][info][gc             ] GC(303) Pause Young (System.gc()) 135M->63M(453M) 1.870ms
[26.257s][info][gc,cpu         ] GC(303) User=0.00s Sys=0.00s Real=0.00s
[26.257s][info][gc,start       ] GC(304) Pause Full (System.gc())
[26.257s][info][gc,phases,start] GC(304) Marking Phase
[26.311s][info][gc,phases      ] GC(304) Marking Phase 54.542ms
[26.311s][info][gc,phases,start] GC(304) Summary Phase
[26.311s][info][gc,phases      ] GC(304) Summary Phase 0.016ms
[26.311s][info][gc,phases,start] GC(304) Adjust Roots
[26.330s][info][gc,phases      ] GC(304) Adjust Roots 18.258ms
[26.330s][info][gc,phases,start] GC(304) Compaction Phase
[26.344s][info][gc,phases      ] GC(304) Compaction Phase 14.258ms
[26.344s][info][gc,phases,start] GC(304) Post Compact
[26.345s][info][gc,phases      ] GC(304) Post Compact 1.213ms
[26.345s][info][gc,heap        ] GC(304) PSYoungGen: 1472K(114176K)->0K(114176K) Eden: 0K(112640K)->0K(112640K) From: 1472K(1536K)->0K(1536K)
[26.345s][info][gc,heap        ] GC(304) ParOldGen: 63430K(349696K)->35859K(349696K)
[26.345s][info][gc,metaspace   ] GC(304) Metaspace: 72088K(72832K)->72075K(72832K) NonClass: 57286K(57728K)->57277K(57728K) Class: 14801K(15104K)->14797K(15104K)
[26.345s][info][gc             ] GC(304) Pause Full (System.gc()) 63M->35M(453M) 88.681ms
[26.345s][info][gc,cpu         ] GC(304) User=1.08s Sys=0.00s Real=0.08s
[26.422s][info][gc,start       ] GC(305) Pause Young (Allocation Failure)
[26.424s][info][gc,heap        ] GC(305) PSYoungGen: 112640K(114176K)->2048K(112128K) Eden: 112640K(112640K)->0K(110080K) From: 0K(1536K)->2048K(2048K)
[26.424s][info][gc,heap        ] GC(305) ParOldGen: 35859K(349696K)->37155K(349696K)
[26.424s][info][gc,metaspace   ] GC(305) Metaspace: 72204K(72832K)->72204K(72832K) NonClass: 57406K(57728K)->57406K(57728K) Class: 14797K(15104K)->14797K(15104K)
[26.424s][info][gc             ] GC(305) Pause Young (Allocation Failure) 145M->38M(451M) 1.983ms
[26.424s][info][gc,cpu         ] GC(305) User=0.00s Sys=0.00s Real=0.00s
[26.461s][info][gc,start       ] GC(306) Pause Young (Allocation Failure)
[26.462s][info][gc,heap        ] GC(306) PSYoungGen: 112128K(112128K)->1024K(133120K) Eden: 110080K(110080K)->0K(132096K) From: 2048K(2048K)->1024K(1024K)
[26.462s][info][gc,heap        ] GC(306) ParOldGen: 37155K(349696K)->38899K(349696K)
[26.462s][info][gc,metaspace   ] GC(306) Metaspace: 72204K(72832K)->72204K(72832K) NonClass: 57406K(57728K)->57406K(57728K) Class: 14797K(15104K)->14797K(15104K)
[26.462s][info][gc             ] GC(306) Pause Young (Allocation Failure) 145M->38M(471M) 1.658ms
[26.462s][info][gc,cpu         ] GC(306) User=0.00s Sys=0.00s Real=0.00s
[26.502s][info][gc,start       ] GC(307) Pause Young (Allocation Failure)
[26.504s][info][gc,heap        ] GC(307) PSYoungGen: 133120K(133120K)->1664K(154624K) Eden: 132096K(132096K)->0K(151552K) From: 1024K(1024K)->1664K(3072K)
[26.504s][info][gc,heap        ] GC(307) ParOldGen: 38899K(349696K)->39163K(349696K)
[26.504s][info][gc,metaspace   ] GC(307) Metaspace: 72204K(72832K)->72204K(72832K) NonClass: 57406K(57728K)->57406K(57728K) Class: 14797K(15104K)->14797K(15104K)
[26.504s][info][gc             ] GC(307) Pause Young (Allocation Failure) 167M->39M(492M) 1.165ms
[26.504s][info][gc,cpu         ] GC(307) User=0.00s Sys=0.00s Real=0.00s
[26.542s][info][gc,start       ] GC(308) Pause Young (Allocation Failure)
[26.543s][info][gc,heap        ] GC(308) PSYoungGen: 153216K(154624K)->1920K(161792K) Eden: 151552K(151552K)->0K(158720K) From: 1664K(3072K)->1920K(3072K)
[26.543s][info][gc,heap        ] GC(308) ParOldGen: 39163K(349696K)->39363K(349696K)
[26.543s][info][gc,metaspace   ] GC(308) Metaspace: 72204K(72832K)->72204K(72832K) NonClass: 57406K(57728K)->57406K(57728K) Class: 14797K(15104K)->14797K(15104K)
[26.543s][info][gc             ] GC(308) Pause Young (Allocation Failure) 187M->40M(499M) 1.343ms
[26.543s][info][gc,cpu         ] GC(308) User=0.00s Sys=0.00s Real=0.00s
[26.584s][info][gc,start       ] GC(309) Pause Young (Allocation Failure)
[26.585s][info][gc,heap        ] GC(309) PSYoungGen: 160640K(161792K)->1824K(161792K) Eden: 158720K(158720K)->0K(158720K) From: 1920K(3072K)->1824K(3072K)
[26.585s][info][gc,heap        ] GC(309) ParOldGen: 39363K(349696K)->39571K(349696K)
[26.585s][info][gc,metaspace   ] GC(309) Metaspace: 72204K(72832K)->72204K(72832K) NonClass: 57406K(57728K)->57406K(57728K) Class: 14797K(15104K)->14797K(15104K)
[26.585s][info][gc             ] GC(309) Pause Young (Allocation Failure) 195M->40M(499M) 1.479ms
[26.585s][info][gc,cpu         ] GC(309) User=0.00s Sys=0.00s Real=0.00s
[26.625s][info][gc,start       ] GC(310) Pause Young (Allocation Failure)
[26.626s][info][gc,heap        ] GC(310) PSYoungGen: 160544K(161792K)->1824K(171520K) Eden: 158720K(158720K)->0K(168448K) From: 1824K(3072K)->1824K(3072K)
[26.626s][info][gc,heap        ] GC(310) ParOldGen: 39571K(349696K)->39755K(349696K)
[26.626s][info][gc,metaspace   ] GC(310) Metaspace: 72204K(72832K)->72204K(72832K) NonClass: 57406K(57728K)->57406K(57728K) Class: 14797K(15104K)->14797K(15104K)
[26.626s][info][gc             ] GC(310) Pause Young (Allocation Failure) 195M->40M(509M) 1.335ms
[26.627s][info][gc,cpu         ] GC(310) User=0.00s Sys=0.00s Real=0.00s
[26.669s][info][gc,start       ] GC(311) Pause Young (Allocation Failure)
[26.671s][info][gc,heap        ] GC(311) PSYoungGen: 170272K(171520K)->1984K(170496K) Eden: 168448K(168448K)->0K(168448K) From: 1824K(3072K)->1984K(2048K)
[26.671s][info][gc,heap        ] GC(311) ParOldGen: 39755K(349696K)->39947K(349696K)
[26.671s][info][gc,metaspace   ] GC(311) Metaspace: 72204K(72832K)->72204K(72832K) NonClass: 57406K(57728K)->57406K(57728K) Class: 14797K(15104K)->14797K(15104K)
[26.671s][info][gc             ] GC(311) Pause Young (Allocation Failure) 205M->40M(508M) 1.525ms
[26.671s][info][gc,cpu         ] GC(311) User=0.00s Sys=0.00s Real=0.00s
[26.712s][info][gc,start       ] GC(312) Pause Young (Allocation Failure)
[26.713s][info][gc,heap        ] GC(312) PSYoungGen: 170432K(170496K)->1888K(171520K) Eden: 168448K(168448K)->0K(167936K) From: 1984K(2048K)->1888K(3584K)
[26.713s][info][gc,heap        ] GC(312) ParOldGen: 39947K(349696K)->40131K(349696K)
[26.713s][info][gc,metaspace   ] GC(312) Metaspace: 72204K(72832K)->72204K(72832K) NonClass: 57406K(57728K)->57406K(57728K) Class: 14797K(15104K)->14797K(15104K)
[26.713s][info][gc             ] GC(312) Pause Young (Allocation Failure) 205M->41M(509M) 1.169ms
[26.713s][info][gc,cpu         ] GC(312) User=0.00s Sys=0.00s Real=0.00s
[26.754s][info][gc,start       ] GC(313) Pause Young (Allocation Failure)
[26.755s][info][gc,heap        ] GC(313) PSYoungGen: 169824K(171520K)->1952K(171008K) Eden: 167936K(167936K)->0K(167936K) From: 1888K(3584K)->1952K(3072K)
[26.755s][info][gc,heap        ] GC(313) ParOldGen: 40131K(349696K)->40323K(349696K)
[26.755s][info][gc,metaspace   ] GC(313) Metaspace: 72204K(72832K)->72204K(72832K) NonClass: 57406K(57728K)->57406K(57728K) Class: 14797K(15104K)->14797K(15104K)
[26.755s][info][gc             ] GC(313) Pause Young (Allocation Failure) 205M->41M(508M) 1.125ms
[26.755s][info][gc,cpu         ] GC(313) User=0.00s Sys=0.00s Real=0.00s
[26.797s][info][gc,start       ] GC(314) Pause Young (Allocation Failure)
[26.798s][info][gc,heap        ] GC(314) PSYoungGen: 169888K(171008K)->1984K(171008K) Eden: 167936K(167936K)->0K(167936K) From: 1952K(3072K)->1984K(3072K)
[26.798s][info][gc,heap        ] GC(314) ParOldGen: 40323K(349696K)->40459K(349696K)
[26.798s][info][gc,metaspace   ] GC(314) Metaspace: 72204K(72832K)->72204K(72832K) NonClass: 57406K(57728K)->57406K(57728K) Class: 14797K(15104K)->14797K(15104K)
[26.798s][info][gc             ] GC(314) Pause Young (Allocation Failure) 205M->41M(508M) 1.085ms
[26.798s][info][gc,cpu         ] GC(314) User=0.52s Sys=0.00s Real=0.00s
[26.839s][info][gc,start       ] GC(315) Pause Young (Allocation Failure)
[26.840s][info][gc,heap        ] GC(315) PSYoungGen: 169920K(171008K)->1824K(171008K) Eden: 167936K(167936K)->0K(167936K) From: 1984K(3072K)->1824K(3072K)
[26.840s][info][gc,heap        ] GC(315) ParOldGen: 40459K(349696K)->40571K(349696K)
[26.840s][info][gc,metaspace   ] GC(315) Metaspace: 72204K(72832K)->72204K(72832K) NonClass: 57406K(57728K)->57406K(57728K) Class: 14797K(15104K)->14797K(15104K)
[26.840s][info][gc             ] GC(315) Pause Young (Allocation Failure) 205M->41M(508M) 1.041ms
[26.840s][info][gc,cpu         ] GC(315) User=0.00s Sys=0.00s Real=0.00s
[26.881s][info][gc,start       ] GC(316) Pause Young (Allocation Failure)
[26.882s][info][gc,heap        ] GC(316) PSYoungGen: 169760K(171008K)->1824K(171520K) Eden: 167936K(167936K)->0K(168448K) From: 1824K(3072K)->1824K(3072K)
[26.882s][info][gc,heap        ] GC(316) ParOldGen: 40571K(349696K)->40739K(349696K)
[26.882s][info][gc,metaspace   ] GC(316) Metaspace: 72204K(72832K)->72204K(72832K) NonClass: 57406K(57728K)->57406K(57728K) Class: 14797K(15104K)->14797K(15104K)
[26.882s][info][gc             ] GC(316) Pause Young (Allocation Failure) 205M->41M(509M) 1.077ms
[26.882s][info][gc,cpu         ] GC(316) User=0.00s Sys=0.00s Real=0.00s
[26.923s][info][gc,start       ] GC(317) Pause Young (Allocation Failure)
[26.924s][info][gc,heap        ] GC(317) PSYoungGen: 170272K(171520K)->1888K(171520K) Eden: 168448K(168448K)->0K(168448K) From: 1824K(3072K)->1888K(3072K)
[26.924s][info][gc,heap        ] GC(317) ParOldGen: 40739K(349696K)->40883K(349696K)
[26.924s][info][gc,metaspace   ] GC(317) Metaspace: 72204K(72832K)->72204K(72832K) NonClass: 57406K(57728K)->57406K(57728K) Class: 14797K(15104K)->14797K(15104K)
[26.924s][info][gc             ] GC(317) Pause Young (Allocation Failure) 206M->41M(509M) 1.089ms
[26.924s][info][gc,cpu         ] GC(317) User=0.00s Sys=0.00s Real=0.00s
[26.966s][info][gc,start       ] GC(318) Pause Young (Allocation Failure)
[26.967s][info][gc,heap        ] GC(318) PSYoungGen: 170336K(171520K)->1856K(171520K) Eden: 168448K(168448K)->0K(168448K) From: 1888K(3072K)->1856K(3072K)
[26.967s][info][gc,heap        ] GC(318) ParOldGen: 40883K(349696K)->41035K(349696K)
[26.967s][info][gc,metaspace   ] GC(318) Metaspace: 72204K(72832K)->72204K(72832K) NonClass: 57406K(57728K)->57406K(57728K) Class: 14797K(15104K)->14797K(15104K)
[26.967s][info][gc             ] GC(318) Pause Young (Allocation Failure) 206M->41M(509M) 1.090ms
[26.967s][info][gc,cpu         ] GC(318) User=0.00s Sys=0.00s Real=0.00s
[27.008s][info][gc,start       ] GC(319) Pause Young (Allocation Failure)
[27.009s][info][gc,heap        ] GC(319) PSYoungGen: 170304K(171520K)->1824K(171520K) Eden: 168448K(168448K)->0K(168448K) From: 1856K(3072K)->1824K(3072K)
[27.009s][info][gc,heap        ] GC(319) ParOldGen: 41035K(349696K)->41155K(349696K)
[27.009s][info][gc,metaspace   ] GC(319) Metaspace: 72204K(72832K)->72204K(72832K) NonClass: 57406K(57728K)->57406K(57728K) Class: 14797K(15104K)->14797K(15104K)
[27.009s][info][gc             ] GC(319) Pause Young (Allocation Failure) 206M->41M(509M) 1.140ms
[27.009s][info][gc,cpu         ] GC(319) User=0.00s Sys=0.00s Real=0.00s
[27.050s][info][gc,start       ] GC(320) Pause Young (Allocation Failure)
[27.051s][info][gc,heap        ] GC(320) PSYoungGen: 170272K(171520K)->1856K(171520K) Eden: 168448K(168448K)->0K(168448K) From: 1824K(3072K)->1856K(3072K)
[27.051s][info][gc,heap        ] GC(320) ParOldGen: 41155K(349696K)->41299K(349696K)
[27.051s][info][gc,metaspace   ] GC(320) Metaspace: 72204K(72832K)->72204K(72832K) NonClass: 57406K(57728K)->57406K(57728K) Class: 14797K(15104K)->14797K(15104K)
[27.051s][info][gc             ] GC(320) Pause Young (Allocation Failure) 206M->42M(509M) 1.053ms
[27.051s][info][gc,cpu         ] GC(320) User=0.00s Sys=0.00s Real=0.00s
[27.093s][info][gc,start       ] GC(321) Pause Young (Allocation Failure)
[27.094s][info][gc,heap        ] GC(321) PSYoungGen: 170304K(171520K)->1920K(171520K) Eden: 168448K(168448K)->0K(168448K) From: 1856K(3072K)->1920K(3072K)
[27.094s][info][gc,heap        ] GC(321) ParOldGen: 41299K(349696K)->41483K(349696K)
[27.094s][info][gc,metaspace   ] GC(321) Metaspace: 72204K(72832K)->72204K(72832K) NonClass: 57406K(57728K)->57406K(57728K) Class: 14797K(15104K)->14797K(15104K)
[27.094s][info][gc             ] GC(321) Pause Young (Allocation Failure) 206M->42M(509M) 1.112ms
[27.094s][info][gc,cpu         ] GC(321) User=0.00s Sys=0.00s Real=0.00s
[27.135s][info][gc,start       ] GC(322) Pause Young (Allocation Failure)
[27.136s][info][gc,heap        ] GC(322) PSYoungGen: 170368K(171520K)->1792K(171520K) Eden: 168448K(168448K)->0K(168448K) From: 1920K(3072K)->1792K(3072K)
[27.136s][info][gc,heap        ] GC(322) ParOldGen: 41483K(349696K)->41747K(349696K)
[27.136s][info][gc,metaspace   ] GC(322) Metaspace: 72204K(72832K)->72204K(72832K) NonClass: 57406K(57728K)->57406K(57728K) Class: 14797K(15104K)->14797K(15104K)
[27.136s][info][gc             ] GC(322) Pause Young (Allocation Failure) 206M->42M(509M) 1.115ms
[27.136s][info][gc,cpu         ] GC(322) User=0.00s Sys=0.00s Real=0.00s
[27.177s][info][gc,start       ] GC(323) Pause Young (Allocation Failure)
[27.178s][info][gc,heap        ] GC(323) PSYoungGen: 170240K(171520K)->1888K(171520K) Eden: 168448K(168448K)->0K(168448K) From: 1792K(3072K)->1888K(3072K)
[27.178s][info][gc,heap        ] GC(323) ParOldGen: 41747K(349696K)->41899K(349696K)
[27.178s][info][gc,metaspace   ] GC(323) Metaspace: 72204K(72832K)->72204K(72832K) NonClass: 57406K(57728K)->57406K(57728K) Class: 14797K(15104K)->14797K(15104K)
[27.178s][info][gc             ] GC(323) Pause Young (Allocation Failure) 207M->42M(509M) 1.092ms
[27.178s][info][gc,cpu         ] GC(323) User=0.00s Sys=0.00s Real=0.00s
[27.220s][info][gc,start       ] GC(324) Pause Young (Allocation Failure)
[27.221s][info][gc,heap        ] GC(324) PSYoungGen: 170336K(171520K)->1920K(170496K) Eden: 168448K(168448K)->0K(168448K) From: 1888K(3072K)->1920K(2048K)
[27.221s][info][gc,heap        ] GC(324) ParOldGen: 41899K(349696K)->42059K(349696K)
[27.221s][info][gc,metaspace   ] GC(324) Metaspace: 72204K(72832K)->72204K(72832K) NonClass: 57406K(57728K)->57406K(57728K) Class: 14797K(15104K)->14797K(15104K)
[27.221s][info][gc             ] GC(324) Pause Young (Allocation Failure) 207M->42M(508M) 1.083ms
[27.221s][info][gc,cpu         ] GC(324) User=0.00s Sys=0.00s Real=0.00s
[27.262s][info][gc,start       ] GC(325) Pause Young (Allocation Failure)
[27.263s][info][gc,heap        ] GC(325) PSYoungGen: 170368K(170496K)->1888K(171008K) Eden: 168448K(168448K)->0K(168448K) From: 1920K(2048K)->1888K(2560K)
[27.263s][info][gc,heap        ] GC(325) ParOldGen: 42059K(349696K)->42179K(349696K)
[27.263s][info][gc,metaspace   ] GC(325) Metaspace: 72204K(72832K)->72204K(72832K) NonClass: 57406K(57728K)->57406K(57728K) Class: 14797K(15104K)->14797K(15104K)
[27.263s][info][gc             ] GC(325) Pause Young (Allocation Failure) 207M->43M(508M) 1.120ms
[27.263s][info][gc,cpu         ] GC(325) User=0.00s Sys=0.00s Real=0.00s
[27.304s][info][gc,start       ] GC(326) Pause Young (Allocation Failure)
[27.305s][info][gc,heap        ] GC(326) PSYoungGen: 170336K(171008K)->1856K(172032K) Eden: 168448K(168448K)->0K(169472K) From: 1888K(2560K)->1856K(2560K)
[27.305s][info][gc,heap        ] GC(326) ParOldGen: 42179K(349696K)->42315K(349696K)
[27.306s][info][gc,metaspace   ] GC(326) Metaspace: 72204K(72832K)->72204K(72832K) NonClass: 57406K(57728K)->57406K(57728K) Class: 14797K(15104K)->14797K(15104K)
[27.306s][info][gc             ] GC(326) Pause Young (Allocation Failure) 207M->43M(509M) 1.112ms
[27.306s][info][gc,cpu         ] GC(326) User=0.00s Sys=0.00s Real=0.00s
[27.347s][info][gc,start       ] GC(327) Pause Young (Allocation Failure)
[27.348s][info][gc,heap        ] GC(327) PSYoungGen: 171328K(172032K)->1888K(172032K) Eden: 169472K(169472K)->0K(169472K) From: 1856K(2560K)->1888K(2560K)
[27.348s][info][gc,heap        ] GC(327) ParOldGen: 42315K(349696K)->42475K(349696K)
[27.348s][info][gc,metaspace   ] GC(327) Metaspace: 72204K(72832K)->72204K(72832K) NonClass: 57406K(57728K)->57406K(57728K) Class: 14797K(15104K)->14797K(15104K)
[27.348s][info][gc             ] GC(327) Pause Young (Allocation Failure) 208M->43M(509M) 1.109ms
[27.348s][info][gc,cpu         ] GC(327) User=0.00s Sys=0.00s Real=0.00s
[27.390s][info][gc,start       ] GC(328) Pause Young (Allocation Failure)
[27.391s][info][gc,heap        ] GC(328) PSYoungGen: 171360K(172032K)->1824K(172032K) Eden: 169472K(169472K)->0K(169472K) From: 1888K(2560K)->1824K(2560K)
[27.391s][info][gc,heap        ] GC(328) ParOldGen: 42475K(349696K)->42659K(349696K)
[27.391s][info][gc,metaspace   ] GC(328) Metaspace: 72204K(72832K)->72204K(72832K) NonClass: 57406K(57728K)->57406K(57728K) Class: 14797K(15104K)->14797K(15104K)
[27.391s][info][gc             ] GC(328) Pause Young (Allocation Failure) 208M->43M(509M) 1.070ms
[27.391s][info][gc,cpu         ] GC(328) User=0.00s Sys=0.00s Real=0.00s
[27.432s][info][gc,start       ] GC(329) Pause Young (Allocation Failure)
[27.433s][info][gc,heap        ] GC(329) PSYoungGen: 171296K(172032K)->1952K(172032K) Eden: 169472K(169472K)->0K(169472K) From: 1824K(2560K)->1952K(2560K)
[27.433s][info][gc,heap        ] GC(329) ParOldGen: 42659K(349696K)->42811K(349696K)
[27.433s][info][gc,metaspace   ] GC(329) Metaspace: 72204K(72832K)->72204K(72832K) NonClass: 57406K(57728K)->57406K(57728K) Class: 14797K(15104K)->14797K(15104K)
[27.433s][info][gc             ] GC(329) Pause Young (Allocation Failure) 208M->43M(509M) 1.095ms
[27.433s][info][gc,cpu         ] GC(329) User=0.00s Sys=0.00s Real=0.00s
[27.476s][info][gc,start       ] GC(330) Pause Young (Allocation Failure)
[27.477s][info][gc,heap        ] GC(330) PSYoungGen: 171424K(172032K)->1760K(172032K) Eden: 169472K(169472K)->0K(169472K) From: 1952K(2560K)->1760K(2560K)
[27.477s][info][gc,heap        ] GC(330) ParOldGen: 42811K(349696K)->43003K(349696K)
[27.477s][info][gc,metaspace   ] GC(330) Metaspace: 72204K(72832K)->72204K(72832K) NonClass: 57406K(57728K)->57406K(57728K) Class: 14797K(15104K)->14797K(15104K)
[27.477s][info][gc             ] GC(330) Pause Young (Allocation Failure) 209M->43M(509M) 1.106ms
[27.477s][info][gc,cpu         ] GC(330) User=0.00s Sys=0.00s Real=0.00s
[27.518s][info][gc,start       ] GC(331) Pause Young (Allocation Failure)
[27.519s][info][gc,heap        ] GC(331) PSYoungGen: 171232K(172032K)->1920K(172032K) Eden: 169472K(169472K)->0K(169472K) From: 1760K(2560K)->1920K(2560K)
[27.519s][info][gc,heap        ] GC(331) ParOldGen: 43003K(349696K)->43179K(349696K)
[27.519s][info][gc,metaspace   ] GC(331) Metaspace: 72204K(72832K)->72204K(72832K) NonClass: 57406K(57728K)->57406K(57728K) Class: 14797K(15104K)->14797K(15104K)
[27.519s][info][gc             ] GC(331) Pause Young (Allocation Failure) 209M->44M(509M) 1.058ms
[27.519s][info][gc,cpu         ] GC(331) User=0.00s Sys=0.00s Real=0.00s
[27.561s][info][gc,start       ] GC(332) Pause Young (Allocation Failure)
[27.562s][info][gc,heap        ] GC(332) PSYoungGen: 171392K(172032K)->1920K(172032K) Eden: 169472K(169472K)->0K(169472K) From: 1920K(2560K)->1920K(2560K)
[27.562s][info][gc,heap        ] GC(332) ParOldGen: 43179K(349696K)->43347K(349696K)
[27.562s][info][gc,metaspace   ] GC(332) Metaspace: 72204K(72832K)->72204K(72832K) NonClass: 57406K(57728K)->57406K(57728K) Class: 14797K(15104K)->14797K(15104K)
[27.562s][info][gc             ] GC(332) Pause Young (Allocation Failure) 209M->44M(509M) 1.076ms
[27.562s][info][gc,cpu         ] GC(332) User=0.00s Sys=0.00s Real=0.00s
[27.604s][info][gc,start       ] GC(333) Pause Young (Allocation Failure)
[27.605s][info][gc,heap        ] GC(333) PSYoungGen: 171391K(172032K)->1952K(172032K) Eden: 169471K(169472K)->0K(169472K) From: 1920K(2560K)->1952K(2560K)
[27.605s][info][gc,heap        ] GC(333) ParOldGen: 43347K(349696K)->43531K(349696K)
[27.605s][info][gc,metaspace   ] GC(333) Metaspace: 72204K(72832K)->72204K(72832K) NonClass: 57406K(57728K)->57406K(57728K) Class: 14797K(15104K)->14797K(15104K)
[27.605s][info][gc             ] GC(333) Pause Young (Allocation Failure) 209M->44M(509M) 1.122ms
[27.605s][info][gc,cpu         ] GC(333) User=0.00s Sys=0.00s Real=0.00s
[27.647s][info][gc,start       ] GC(334) Pause Young (Allocation Failure)
[27.648s][info][gc,heap        ] GC(334) PSYoungGen: 171424K(172032K)->1856K(172032K) Eden: 169472K(169472K)->0K(169472K) From: 1952K(2560K)->1856K(2560K)
[27.648s][info][gc,heap        ] GC(334) ParOldGen: 43531K(349696K)->43683K(349696K)
[27.648s][info][gc,metaspace   ] GC(334) Metaspace: 72204K(72832K)->72204K(72832K) NonClass: 57406K(57728K)->57406K(57728K) Class: 14797K(15104K)->14797K(15104K)
[27.648s][info][gc             ] GC(334) Pause Young (Allocation Failure) 209M->44M(509M) 1.068ms
[27.648s][info][gc,cpu         ] GC(334) User=0.00s Sys=0.00s Real=0.00s
[27.689s][info][gc,start       ] GC(335) Pause Young (Allocation Failure)
[27.690s][info][gc,heap        ] GC(335) PSYoungGen: 171328K(172032K)->1888K(172032K) Eden: 169472K(169472K)->0K(169472K) From: 1856K(2560K)->1888K(2560K)
[27.690s][info][gc,heap        ] GC(335) ParOldGen: 43683K(349696K)->43843K(349696K)
[27.690s][info][gc,metaspace   ] GC(335) Metaspace: 72204K(72832K)->72204K(72832K) NonClass: 57406K(57728K)->57406K(57728K) Class: 14797K(15104K)->14797K(15104K)
[27.690s][info][gc             ] GC(335) Pause Young (Allocation Failure) 209M->44M(509M) 1.129ms
[27.690s][info][gc,cpu         ] GC(335) User=0.00s Sys=0.00s Real=0.00s
[27.732s][info][gc,start       ] GC(336) Pause Young (Allocation Failure)
[27.733s][info][gc,heap        ] GC(336) PSYoungGen: 171360K(172032K)->1920K(172032K) Eden: 169472K(169472K)->0K(169472K) From: 1888K(2560K)->1920K(2560K)
[27.733s][info][gc,heap        ] GC(336) ParOldGen: 43843K(349696K)->43995K(349696K)
[27.733s][info][gc,metaspace   ] GC(336) Metaspace: 72204K(72832K)->72204K(72832K) NonClass: 57406K(57728K)->57406K(57728K) Class: 14797K(15104K)->14797K(15104K)
[27.733s][info][gc             ] GC(336) Pause Young (Allocation Failure) 210M->44M(509M) 1.093ms
[27.733s][info][gc,cpu         ] GC(336) User=0.00s Sys=0.00s Real=0.00s
[27.774s][info][gc,start       ] GC(337) Pause Young (Allocation Failure)
[27.775s][info][gc,heap        ] GC(337) PSYoungGen: 171392K(172032K)->1792K(172032K) Eden: 169472K(169472K)->0K(169472K) From: 1920K(2560K)->1792K(2560K)
[27.775s][info][gc,heap        ] GC(337) ParOldGen: 43995K(349696K)->44171K(349696K)
[27.775s][info][gc,metaspace   ] GC(337) Metaspace: 72204K(72832K)->72204K(72832K) NonClass: 57406K(57728K)->57406K(57728K) Class: 14797K(15104K)->14797K(15104K)
[27.776s][info][gc             ] GC(337) Pause Young (Allocation Failure) 210M->44M(509M) 1.085ms
[27.776s][info][gc,cpu         ] GC(337) User=0.00s Sys=0.00s Real=0.00s
[27.817s][info][gc,start       ] GC(338) Pause Young (Allocation Failure)
[27.818s][info][gc,heap        ] GC(338) PSYoungGen: 171263K(172032K)->1920K(172032K) Eden: 169471K(169472K)->0K(169472K) From: 1792K(2560K)->1920K(2560K)
[27.818s][info][gc,heap        ] GC(338) ParOldGen: 44171K(349696K)->44299K(349696K)
[27.818s][info][gc,metaspace   ] GC(338) Metaspace: 72204K(72832K)->72204K(72832K) NonClass: 57406K(57728K)->57406K(57728K) Class: 14797K(15104K)->14797K(15104K)
[27.818s][info][gc             ] GC(338) Pause Young (Allocation Failure) 210M->45M(509M) 1.068ms
[27.818s][info][gc,cpu         ] GC(338) User=0.00s Sys=0.00s Real=0.00s
[27.859s][info][gc,start       ] GC(339) Pause Young (Allocation Failure)
[27.860s][info][gc,heap        ] GC(339) PSYoungGen: 171392K(172032K)->1888K(172032K) Eden: 169472K(169472K)->0K(169472K) From: 1920K(2560K)->1888K(2560K)
[27.860s][info][gc,heap        ] GC(339) ParOldGen: 44299K(349696K)->44491K(349696K)
[27.860s][info][gc,metaspace   ] GC(339) Metaspace: 72204K(72832K)->72204K(72832K) NonClass: 57406K(57728K)->57406K(57728K) Class: 14797K(15104K)->14797K(15104K)
[27.860s][info][gc             ] GC(339) Pause Young (Allocation Failure) 210M->45M(509M) 1.094ms
[27.860s][info][gc,cpu         ] GC(339) User=0.52s Sys=0.00s Real=0.00s
[27.902s][info][gc,start       ] GC(340) Pause Young (Allocation Failure)
[27.903s][info][gc,heap        ] GC(340) PSYoungGen: 171360K(172032K)->1920K(172032K) Eden: 169472K(169472K)->0K(169472K) From: 1888K(2560K)->1920K(2560K)
[27.903s][info][gc,heap        ] GC(340) ParOldGen: 44491K(349696K)->44635K(349696K)
[27.903s][info][gc,metaspace   ] GC(340) Metaspace: 72204K(72832K)->72204K(72832K) NonClass: 57406K(57728K)->57406K(57728K) Class: 14797K(15104K)->14797K(15104K)
[27.903s][info][gc             ] GC(340) Pause Young (Allocation Failure) 210M->45M(509M) 1.086ms
[27.903s][info][gc,cpu         ] GC(340) User=0.00s Sys=0.00s Real=0.00s
[27.945s][info][gc,start       ] GC(341) Pause Young (Allocation Failure)
[27.946s][info][gc,heap        ] GC(341) PSYoungGen: 171392K(172032K)->1824K(172032K) Eden: 169472K(169472K)->0K(169472K) From: 1920K(2560K)->1824K(2560K)
[27.946s][info][gc,heap        ] GC(341) ParOldGen: 44635K(349696K)->44803K(349696K)
[27.946s][info][gc,metaspace   ] GC(341) Metaspace: 72204K(72832K)->72204K(72832K) NonClass: 57406K(57728K)->57406K(57728K) Class: 14797K(15104K)->14797K(15104K)
[27.946s][info][gc             ] GC(341) Pause Young (Allocation Failure) 210M->45M(509M) 1.079ms
[27.946s][info][gc,cpu         ] GC(341) User=0.00s Sys=0.00s Real=0.00s
[27.987s][info][gc,start       ] GC(342) Pause Young (Allocation Failure)
[27.988s][info][gc,heap        ] GC(342) PSYoungGen: 171296K(172032K)->1856K(172032K) Eden: 169472K(169472K)->0K(169472K) From: 1824K(2560K)->1856K(2560K)
[27.988s][info][gc,heap        ] GC(342) ParOldGen: 44803K(349696K)->44963K(349696K)
[27.988s][info][gc,metaspace   ] GC(342) Metaspace: 72204K(72832K)->72204K(72832K) NonClass: 57406K(57728K)->57406K(57728K) Class: 14797K(15104K)->14797K(15104K)
[27.988s][info][gc             ] GC(342) Pause Young (Allocation Failure) 211M->45M(509M) 1.081ms
[27.988s][info][gc,cpu         ] GC(342) User=0.00s Sys=0.00s Real=0.00s
[28.030s][info][gc,start       ] GC(343) Pause Young (Allocation Failure)
[28.031s][info][gc,heap        ] GC(343) PSYoungGen: 171328K(172032K)->1888K(172032K) Eden: 169472K(169472K)->0K(169472K) From: 1856K(2560K)->1888K(2560K)
[28.031s][info][gc,heap        ] GC(343) ParOldGen: 44963K(349696K)->45123K(349696K)
[28.031s][info][gc,metaspace   ] GC(343) Metaspace: 72204K(72832K)->72204K(72832K) NonClass: 57406K(57728K)->57406K(57728K) Class: 14797K(15104K)->14797K(15104K)
[28.031s][info][gc             ] GC(343) Pause Young (Allocation Failure) 211M->45M(509M) 1.070ms
[28.031s][info][gc,cpu         ] GC(343) User=0.00s Sys=0.00s Real=0.00s
[28.073s][info][gc,start       ] GC(344) Pause Young (Allocation Failure)
[28.074s][info][gc,heap        ] GC(344) PSYoungGen: 171360K(172032K)->1920K(172032K) Eden: 169472K(169472K)->0K(169472K) From: 1888K(2560K)->1920K(2560K)
[28.074s][info][gc,heap        ] GC(344) ParOldGen: 45123K(349696K)->45267K(349696K)
[28.074s][info][gc,metaspace   ] GC(344) Metaspace: 72204K(72832K)->72204K(72832K) NonClass: 57406K(57728K)->57406K(57728K) Class: 14797K(15104K)->14797K(15104K)
[28.074s][info][gc             ] GC(344) Pause Young (Allocation Failure) 211M->46M(509M) 1.058ms
[28.074s][info][gc,cpu         ] GC(344) User=0.00s Sys=0.00s Real=0.00s
[28.115s][info][gc,start       ] GC(345) Pause Young (Allocation Failure)
[28.116s][info][gc,heap        ] GC(345) PSYoungGen: 171392K(172032K)->1920K(172032K) Eden: 169472K(169472K)->0K(169472K) From: 1920K(2560K)->1920K(2560K)
[28.116s][info][gc,heap        ] GC(345) ParOldGen: 45267K(349696K)->45531K(349696K)
[28.116s][info][gc,metaspace   ] GC(345) Metaspace: 72204K(72832K)->72204K(72832K) NonClass: 57406K(57728K)->57406K(57728K) Class: 14797K(15104K)->14797K(15104K)
[28.116s][info][gc             ] GC(345) Pause Young (Allocation Failure) 211M->46M(509M) 1.083ms
[28.116s][info][gc,cpu         ] GC(345) User=0.00s Sys=0.00s Real=0.00s
[28.158s][info][gc,start       ] GC(346) Pause Young (Allocation Failure)
[28.159s][info][gc,heap        ] GC(346) PSYoungGen: 171392K(172032K)->1920K(172032K) Eden: 169472K(169472K)->0K(169472K) From: 1920K(2560K)->1920K(2560K)
[28.159s][info][gc,heap        ] GC(346) ParOldGen: 45531K(349696K)->45699K(349696K)
[28.159s][info][gc,metaspace   ] GC(346) Metaspace: 72204K(72832K)->72204K(72832K) NonClass: 57406K(57728K)->57406K(57728K) Class: 14797K(15104K)->14797K(15104K)
[28.159s][info][gc             ] GC(346) Pause Young (Allocation Failure) 211M->46M(509M) 1.107ms
[28.159s][info][gc,cpu         ] GC(346) User=0.00s Sys=0.00s Real=0.00s
[28.200s][info][gc,start       ] GC(347) Pause Young (Allocation Failure)
[28.201s][info][gc,heap        ] GC(347) PSYoungGen: 171392K(172032K)->1856K(172032K) Eden: 169472K(169472K)->0K(169472K) From: 1920K(2560K)->1856K(2560K)
[28.201s][info][gc,heap        ] GC(347) ParOldGen: 45699K(349696K)->45859K(349696K)
[28.201s][info][gc,metaspace   ] GC(347) Metaspace: 72204K(72832K)->72204K(72832K) NonClass: 57406K(57728K)->57406K(57728K) Class: 14797K(15104K)->14797K(15104K)
[28.201s][info][gc             ] GC(347) Pause Young (Allocation Failure) 212M->46M(509M) 1.058ms
[28.201s][info][gc,cpu         ] GC(347) User=0.00s Sys=0.00s Real=0.00s
[28.243s][info][gc,start       ] GC(348) Pause Young (Allocation Failure)
[28.244s][info][gc,heap        ] GC(348) PSYoungGen: 171327K(172032K)->1856K(172032K) Eden: 169471K(169472K)->0K(169472K) From: 1856K(2560K)->1856K(2560K)
[28.244s][info][gc,heap        ] GC(348) ParOldGen: 45859K(349696K)->45987K(349696K)
[28.244s][info][gc,metaspace   ] GC(348) Metaspace: 72204K(72832K)->72204K(72832K) NonClass: 57406K(57728K)->57406K(57728K) Class: 14797K(15104K)->14797K(15104K)
[28.244s][info][gc             ] GC(348) Pause Young (Allocation Failure) 212M->46M(509M) 1.083ms
[28.244s][info][gc,cpu         ] GC(348) User=0.00s Sys=0.00s Real=0.00s
[28.286s][info][gc,start       ] GC(349) Pause Young (Allocation Failure)
[28.287s][info][gc,heap        ] GC(349) PSYoungGen: 171328K(172032K)->1888K(171520K) Eden: 169472K(169472K)->0K(169472K) From: 1856K(2560K)->1888K(2048K)
[28.287s][info][gc,heap        ] GC(349) ParOldGen: 45987K(349696K)->46163K(349696K)
[28.287s][info][gc,metaspace   ] GC(349) Metaspace: 72204K(72832K)->72204K(72832K) NonClass: 57406K(57728K)->57406K(57728K) Class: 14797K(15104K)->14797K(15104K)
[28.287s][info][gc             ] GC(349) Pause Young (Allocation Failure) 212M->46M(509M) 1.100ms
[28.287s][info][gc,cpu         ] GC(349) User=0.00s Sys=0.00s Real=0.00s
[28.328s][info][gc,start       ] GC(350) Pause Young (Allocation Failure)
[28.329s][info][gc,heap        ] GC(350) PSYoungGen: 171360K(171520K)->1856K(171520K) Eden: 169472K(169472K)->0K(169472K) From: 1888K(2048K)->1856K(2048K)
[28.329s][info][gc,heap        ] GC(350) ParOldGen: 46163K(349696K)->46355K(349696K)
[28.329s][info][gc,metaspace   ] GC(350) Metaspace: 72204K(72832K)->72204K(72832K) NonClass: 57406K(57728K)->57406K(57728K) Class: 14797K(15104K)->14797K(15104K)
[28.329s][info][gc             ] GC(350) Pause Young (Allocation Failure) 212M->47M(509M) 1.071ms
[28.329s][info][gc,cpu         ] GC(350) User=0.52s Sys=0.00s Real=0.00s
[28.371s][info][gc,start       ] GC(351) Pause Young (Allocation Failure)
[28.372s][info][gc,heap        ] GC(351) PSYoungGen: 171328K(171520K)->1984K(171520K) Eden: 169472K(169472K)->0K(169472K) From: 1856K(2048K)->1984K(2048K)
[28.372s][info][gc,heap        ] GC(351) ParOldGen: 46355K(349696K)->46507K(349696K)
[28.372s][info][gc,metaspace   ] GC(351) Metaspace: 72204K(72832K)->72204K(72832K) NonClass: 57406K(57728K)->57406K(57728K) Class: 14797K(15104K)->14797K(15104K)
[28.372s][info][gc             ] GC(351) Pause Young (Allocation Failure) 212M->47M(509M) 1.164ms
[28.372s][info][gc,cpu         ] GC(351) User=0.00s Sys=0.00s Real=0.00s
[28.414s][info][gc,start       ] GC(352) Pause Young (Allocation Failure)
[28.415s][info][gc,heap        ] GC(352) PSYoungGen: 171456K(171520K)->1888K(172032K) Eden: 169472K(169472K)->0K(169984K) From: 1984K(2048K)->1888K(2048K)
[28.415s][info][gc,heap        ] GC(352) ParOldGen: 46507K(349696K)->46675K(349696K)
[28.415s][info][gc,metaspace   ] GC(352) Metaspace: 72204K(72832K)->72204K(72832K) NonClass: 57406K(57728K)->57406K(57728K) Class: 14797K(15104K)->14797K(15104K)
[28.415s][info][gc             ] GC(352) Pause Young (Allocation Failure) 212M->47M(509M) 1.073ms
[28.415s][info][gc,cpu         ] GC(352) User=0.00s Sys=0.00s Real=0.00s
[28.457s][info][gc,start       ] GC(353) Pause Young (Allocation Failure)
[28.458s][info][gc,heap        ] GC(353) PSYoungGen: 171872K(172032K)->1888K(172032K) Eden: 169984K(169984K)->0K(169984K) From: 1888K(2048K)->1888K(2048K)
[28.458s][info][gc,heap        ] GC(353) ParOldGen: 46675K(349696K)->46827K(349696K)
[28.458s][info][gc,metaspace   ] GC(353) Metaspace: 72204K(72832K)->72204K(72832K) NonClass: 57406K(57728K)->57406K(57728K) Class: 14797K(15104K)->14797K(15104K)
[28.458s][info][gc             ] GC(353) Pause Young (Allocation Failure) 213M->47M(509M) 1.140ms
[28.458s][info][gc,cpu         ] GC(353) User=0.00s Sys=0.00s Real=0.00s
[28.500s][info][gc,start       ] GC(354) Pause Young (Allocation Failure)
[28.501s][info][gc,heap        ] GC(354) PSYoungGen: 171872K(172032K)->1856K(172544K) Eden: 169984K(169984K)->0K(170496K) From: 1888K(2048K)->1856K(2048K)
[28.501s][info][gc,heap        ] GC(354) ParOldGen: 46827K(349696K)->46987K(349696K)
[28.501s][info][gc,metaspace   ] GC(354) Metaspace: 72204K(72832K)->72204K(72832K) NonClass: 57406K(57728K)->57406K(57728K) Class: 14797K(15104K)->14797K(15104K)
[28.501s][info][gc             ] GC(354) Pause Young (Allocation Failure) 213M->47M(510M) 1.110ms
[28.501s][info][gc,cpu         ] GC(354) User=0.00s Sys=0.00s Real=0.00s
[28.543s][info][gc,start       ] GC(355) Pause Young (Allocation Failure)
[28.544s][info][gc,heap        ] GC(355) PSYoungGen: 172352K(172544K)->1888K(172544K) Eden: 170496K(170496K)->0K(170496K) From: 1856K(2048K)->1888K(2048K)
[28.544s][info][gc,heap        ] GC(355) ParOldGen: 46987K(349696K)->47147K(349696K)
[28.544s][info][gc,metaspace   ] GC(355) Metaspace: 72204K(72832K)->72204K(72832K) NonClass: 57406K(57728K)->57406K(57728K) Class: 14797K(15104K)->14797K(15104K)
[28.544s][info][gc             ] GC(355) Pause Young (Allocation Failure) 214M->47M(510M) 1.140ms
[28.544s][info][gc,cpu         ] GC(355) User=0.00s Sys=0.00s Real=0.00s
[28.586s][info][gc,start       ] GC(356) Pause Young (Allocation Failure)
[28.593s][info][gc,heap        ] GC(356) PSYoungGen: 172384K(172544K)->1856K(172544K) Eden: 170496K(170496K)->0K(170496K) From: 1888K(2048K)->1856K(2048K)
[28.593s][info][gc,heap        ] GC(356) ParOldGen: 47147K(349696K)->47323K(349696K)
[28.593s][info][gc,metaspace   ] GC(356) Metaspace: 72204K(72832K)->72204K(72832K) NonClass: 57406K(57728K)->57406K(57728K) Class: 14797K(15104K)->14797K(15104K)
[28.593s][info][gc             ] GC(356) Pause Young (Allocation Failure) 214M->48M(510M) 6.677ms
[28.593s][info][gc,cpu         ] GC(356) User=0.00s Sys=0.00s Real=0.00s
[28.636s][info][gc,start       ] GC(357) Pause Young (Allocation Failure)
[28.637s][info][gc,heap        ] GC(357) PSYoungGen: 172352K(172544K)->1856K(172544K) Eden: 170496K(170496K)->0K(170496K) From: 1856K(2048K)->1856K(2048K)
[28.637s][info][gc,heap        ] GC(357) ParOldGen: 47323K(349696K)->47483K(349696K)
[28.637s][info][gc,metaspace   ] GC(357) Metaspace: 72204K(72832K)->72204K(72832K) NonClass: 57406K(57728K)->57406K(57728K) Class: 14797K(15104K)->14797K(15104K)
[28.637s][info][gc             ] GC(357) Pause Young (Allocation Failure) 214M->48M(510M) 1.081ms
[28.637s][info][gc,cpu         ] GC(357) User=0.00s Sys=0.00s Real=0.00s
[28.682s][info][gc,start       ] GC(358) Pause Young (Allocation Failure)
[28.683s][info][gc,heap        ] GC(358) PSYoungGen: 172352K(172544K)->1856K(172544K) Eden: 170496K(170496K)->0K(170496K) From: 1856K(2048K)->1856K(2048K)
[28.683s][info][gc,heap        ] GC(358) ParOldGen: 47483K(349696K)->47691K(349696K)
[28.683s][info][gc,metaspace   ] GC(358) Metaspace: 72204K(72832K)->72204K(72832K) NonClass: 57406K(57728K)->57406K(57728K) Class: 14797K(15104K)->14797K(15104K)
[28.683s][info][gc             ] GC(358) Pause Young (Allocation Failure) 214M->48M(510M) 1.104ms
[28.683s][info][gc,cpu         ] GC(358) User=0.00s Sys=0.00s Real=0.00s
[28.726s][info][gc,start       ] GC(359) Pause Young (Allocation Failure)
[28.727s][info][gc,heap        ] GC(359) PSYoungGen: 172352K(172544K)->1824K(172544K) Eden: 170496K(170496K)->0K(170496K) From: 1856K(2048K)->1824K(2048K)
[28.727s][info][gc,heap        ] GC(359) ParOldGen: 47691K(349696K)->47851K(349696K)
[28.727s][info][gc,metaspace   ] GC(359) Metaspace: 72204K(72832K)->72204K(72832K) NonClass: 57406K(57728K)->57406K(57728K) Class: 14797K(15104K)->14797K(15104K)
[28.727s][info][gc             ] GC(359) Pause Young (Allocation Failure) 214M->48M(510M) 1.091ms
[28.727s][info][gc,cpu         ] GC(359) User=0.00s Sys=0.00s Real=0.00s
[28.769s][info][gc,start       ] GC(360) Pause Young (Allocation Failure)
[28.770s][info][gc,heap        ] GC(360) PSYoungGen: 172320K(172544K)->1920K(172544K) Eden: 170496K(170496K)->0K(170496K) From: 1824K(2048K)->1920K(2048K)
[28.770s][info][gc,heap        ] GC(360) ParOldGen: 47851K(349696K)->47995K(349696K)
[28.770s][info][gc,metaspace   ] GC(360) Metaspace: 72204K(72832K)->72204K(72832K) NonClass: 57406K(57728K)->57406K(57728K) Class: 14797K(15104K)->14797K(15104K)
[28.770s][info][gc             ] GC(360) Pause Young (Allocation Failure) 215M->48M(510M) 1.083ms
[28.770s][info][gc,cpu         ] GC(360) User=0.00s Sys=0.00s Real=0.00s
[28.811s][info][gc,start       ] GC(361) Pause Young (Allocation Failure)
[28.812s][info][gc,heap        ] GC(361) PSYoungGen: 172416K(172544K)->1920K(172544K) Eden: 170496K(170496K)->0K(170496K) From: 1920K(2048K)->1920K(2048K)
[28.813s][info][gc,heap        ] GC(361) ParOldGen: 47995K(349696K)->48171K(349696K)
[28.813s][info][gc,metaspace   ] GC(361) Metaspace: 72204K(72832K)->72204K(72832K) NonClass: 57406K(57728K)->57406K(57728K) Class: 14797K(15104K)->14797K(15104K)
[28.813s][info][gc             ] GC(361) Pause Young (Allocation Failure) 215M->48M(510M) 1.095ms
[28.813s][info][gc,cpu         ] GC(361) User=0.00s Sys=0.00s Real=0.00s
[28.854s][info][gc,start       ] GC(362) Pause Young (Allocation Failure)
[28.855s][info][gc,heap        ] GC(362) PSYoungGen: 172416K(172544K)->1920K(172544K) Eden: 170496K(170496K)->0K(170496K) From: 1920K(2048K)->1920K(2048K)
[28.855s][info][gc,heap        ] GC(362) ParOldGen: 48171K(349696K)->48347K(349696K)
[28.855s][info][gc,metaspace   ] GC(362) Metaspace: 72204K(72832K)->72204K(72832K) NonClass: 57406K(57728K)->57406K(57728K) Class: 14797K(15104K)->14797K(15104K)
[28.855s][info][gc             ] GC(362) Pause Young (Allocation Failure) 215M->49M(510M) 1.085ms
[28.855s][info][gc,cpu         ] GC(362) User=0.00s Sys=0.00s Real=0.00s
[28.897s][info][gc,start       ] GC(363) Pause Young (Allocation Failure)
[28.898s][info][gc,heap        ] GC(363) PSYoungGen: 172416K(172544K)->1920K(172544K) Eden: 170496K(170496K)->0K(170496K) From: 1920K(2048K)->1920K(2048K)
[28.898s][info][gc,heap        ] GC(363) ParOldGen: 48347K(349696K)->48507K(349696K)
[28.898s][info][gc,metaspace   ] GC(363) Metaspace: 72204K(72832K)->72204K(72832K) NonClass: 57406K(57728K)->57406K(57728K) Class: 14797K(15104K)->14797K(15104K)
[28.898s][info][gc             ] GC(363) Pause Young (Allocation Failure) 215M->49M(510M) 1.061ms
[28.898s][info][gc,cpu         ] GC(363) User=0.00s Sys=0.00s Real=0.00s
[28.940s][info][gc,start       ] GC(364) Pause Young (Allocation Failure)
[28.941s][info][gc,heap        ] GC(364) PSYoungGen: 172416K(172544K)->2016K(172544K) Eden: 170496K(170496K)->0K(170496K) From: 1920K(2048K)->2016K(2048K)
[28.942s][info][gc,heap        ] GC(364) ParOldGen: 48507K(349696K)->48659K(349696K)
[28.942s][info][gc,metaspace   ] GC(364) Metaspace: 72208K(72832K)->72208K(72832K) NonClass: 57411K(57728K)->57411K(57728K) Class: 14797K(15104K)->14797K(15104K)
[28.942s][info][gc             ] GC(364) Pause Young (Allocation Failure) 215M->49M(510M) 1.189ms
[28.942s][info][gc,cpu         ] GC(364) User=0.00s Sys=0.00s Real=0.00s
[28.983s][info][gc,start       ] GC(365) Pause Young (Allocation Failure)
[28.984s][info][gc,heap        ] GC(365) PSYoungGen: 172512K(172544K)->1888K(172544K) Eden: 170496K(170496K)->0K(170496K) From: 2016K(2048K)->1888K(2048K)
[28.985s][info][gc,heap        ] GC(365) ParOldGen: 48659K(349696K)->48875K(349696K)
[28.985s][info][gc,metaspace   ] GC(365) Metaspace: 72208K(72832K)->72208K(72832K) NonClass: 57411K(57728K)->57411K(57728K) Class: 14797K(15104K)->14797K(15104K)
[28.985s][info][gc             ] GC(365) Pause Young (Allocation Failure) 215M->49M(510M) 1.093ms
[28.985s][info][gc,cpu         ] GC(365) User=0.00s Sys=0.00s Real=0.00s
[29.026s][info][gc,start       ] GC(366) Pause Young (Allocation Failure)
[29.027s][info][gc,heap        ] GC(366) PSYoungGen: 172384K(172544K)->1856K(172544K) Eden: 170496K(170496K)->0K(170496K) From: 1888K(2048K)->1856K(2048K)
[29.028s][info][gc,heap        ] GC(366) ParOldGen: 48875K(349696K)->49035K(349696K)
[29.028s][info][gc,metaspace   ] GC(366) Metaspace: 72208K(72832K)->72208K(72832K) NonClass: 57411K(57728K)->57411K(57728K) Class: 14797K(15104K)->14797K(15104K)
[29.028s][info][gc             ] GC(366) Pause Young (Allocation Failure) 216M->49M(510M) 1.123ms
[29.028s][info][gc,cpu         ] GC(366) User=0.00s Sys=0.00s Real=0.00s
[29.069s][info][gc,start       ] GC(367) Pause Young (Allocation Failure)
[29.070s][info][gc,heap        ] GC(367) PSYoungGen: 172352K(172544K)->1984K(172544K) Eden: 170496K(170496K)->0K(170496K) From: 1856K(2048K)->1984K(2048K)
[29.070s][info][gc,heap        ] GC(367) ParOldGen: 49035K(349696K)->49203K(349696K)
[29.070s][info][gc,metaspace   ] GC(367) Metaspace: 72208K(72832K)->72208K(72832K) NonClass: 57411K(57728K)->57411K(57728K) Class: 14797K(15104K)->14797K(15104K)
[29.070s][info][gc             ] GC(367) Pause Young (Allocation Failure) 216M->49M(510M) 1.090ms
[29.070s][info][gc,cpu         ] GC(367) User=0.00s Sys=0.00s Real=0.00s
[29.112s][info][gc,start       ] GC(368) Pause Young (Allocation Failure)
[29.113s][info][gc,heap        ] GC(368) PSYoungGen: 172480K(172544K)->1888K(172544K) Eden: 170496K(170496K)->0K(170496K) From: 1984K(2048K)->1888K(2048K)
[29.113s][info][gc,heap        ] GC(368) ParOldGen: 49203K(349696K)->49467K(349696K)
[29.113s][info][gc,metaspace   ] GC(368) Metaspace: 72208K(72832K)->72208K(72832K) NonClass: 57411K(57728K)->57411K(57728K) Class: 14797K(15104K)->14797K(15104K)
[29.113s][info][gc             ] GC(368) Pause Young (Allocation Failure) 216M->50M(510M) 1.106ms
[29.113s][info][gc,cpu         ] GC(368) User=0.00s Sys=0.00s Real=0.00s
[29.155s][info][gc,start       ] GC(369) Pause Young (Allocation Failure)
[29.156s][info][gc,heap        ] GC(369) PSYoungGen: 172384K(172544K)->1824K(172544K) Eden: 170496K(170496K)->0K(170496K) From: 1888K(2048K)->1824K(2048K)
[29.156s][info][gc,heap        ] GC(369) ParOldGen: 49467K(349696K)->49659K(349696K)
[29.156s][info][gc,metaspace   ] GC(369) Metaspace: 72208K(72832K)->72208K(72832K) NonClass: 57411K(57728K)->57411K(57728K) Class: 14797K(15104K)->14797K(15104K)
[29.156s][info][gc             ] GC(369) Pause Young (Allocation Failure) 216M->50M(510M) 1.100ms
[29.156s][info][gc,cpu         ] GC(369) User=0.00s Sys=0.00s Real=0.00s
[29.198s][info][gc,start       ] GC(370) Pause Young (Allocation Failure)
[29.200s][info][gc,heap        ] GC(370) PSYoungGen: 172320K(172544K)->1920K(172544K) Eden: 170496K(170496K)->0K(170496K) From: 1824K(2048K)->1920K(2048K)
[29.200s][info][gc,heap        ] GC(370) ParOldGen: 49659K(349696K)->49819K(349696K)
[29.200s][info][gc,metaspace   ] GC(370) Metaspace: 72208K(72832K)->72208K(72832K) NonClass: 57411K(57728K)->57411K(57728K) Class: 14797K(15104K)->14797K(15104K)
[29.200s][info][gc             ] GC(370) Pause Young (Allocation Failure) 216M->50M(510M) 1.096ms
[29.200s][info][gc,cpu         ] GC(370) User=0.00s Sys=0.00s Real=0.00s
[29.241s][info][gc,start       ] GC(371) Pause Young (Allocation Failure)
[29.242s][info][gc,heap        ] GC(371) PSYoungGen: 172416K(172544K)->1888K(172544K) Eden: 170496K(170496K)->0K(170496K) From: 1920K(2048K)->1888K(2048K)
[29.242s][info][gc,heap        ] GC(371) ParOldGen: 49819K(349696K)->49971K(349696K)
[29.242s][info][gc,metaspace   ] GC(371) Metaspace: 72208K(72832K)->72208K(72832K) NonClass: 57411K(57728K)->57411K(57728K) Class: 14797K(15104K)->14797K(15104K)
[29.243s][info][gc             ] GC(371) Pause Young (Allocation Failure) 217M->50M(510M) 1.070ms
[29.243s][info][gc,cpu         ] GC(371) User=0.00s Sys=0.00s Real=0.00s
[29.284s][info][gc,start       ] GC(372) Pause Young (Allocation Failure)
[29.285s][info][gc,heap        ] GC(372) PSYoungGen: 172384K(172544K)->1856K(172544K) Eden: 170496K(170496K)->0K(170496K) From: 1888K(2048K)->1856K(2048K)
[29.285s][info][gc,heap        ] GC(372) ParOldGen: 49971K(349696K)->50171K(349696K)
[29.285s][info][gc,metaspace   ] GC(372) Metaspace: 72208K(72832K)->72208K(72832K) NonClass: 57411K(57728K)->57411K(57728K) Class: 14797K(15104K)->14797K(15104K)
[29.286s][info][gc             ] GC(372) Pause Young (Allocation Failure) 217M->50M(510M) 1.145ms
[29.286s][info][gc,cpu         ] GC(372) User=0.00s Sys=0.00s Real=0.00s
[29.327s][info][gc,start       ] GC(373) Pause Young (Allocation Failure)
[29.328s][info][gc,heap        ] GC(373) PSYoungGen: 172352K(172544K)->1920K(172544K) Eden: 170496K(170496K)->0K(170496K) From: 1856K(2048K)->1920K(2048K)
[29.328s][info][gc,heap        ] GC(373) ParOldGen: 50171K(349696K)->50363K(349696K)
[29.328s][info][gc,metaspace   ] GC(373) Metaspace: 72208K(72832K)->72208K(72832K) NonClass: 57411K(57728K)->57411K(57728K) Class: 14797K(15104K)->14797K(15104K)
[29.328s][info][gc             ] GC(373) Pause Young (Allocation Failure) 217M->51M(510M) 1.069ms
[29.328s][info][gc,cpu         ] GC(373) User=0.00s Sys=0.00s Real=0.00s
[29.370s][info][gc,start       ] GC(374) Pause Young (Allocation Failure)
[29.371s][info][gc,heap        ] GC(374) PSYoungGen: 172416K(172544K)->1952K(172544K) Eden: 170496K(170496K)->0K(170496K) From: 1920K(2048K)->1952K(2048K)
[29.371s][info][gc,heap        ] GC(374) ParOldGen: 50363K(349696K)->50483K(349696K)
[29.371s][info][gc,metaspace   ] GC(374) Metaspace: 72208K(72832K)->72208K(72832K) NonClass: 57411K(57728K)->57411K(57728K) Class: 14797K(15104K)->14797K(15104K)
[29.371s][info][gc             ] GC(374) Pause Young (Allocation Failure) 217M->51M(510M) 1.166ms
[29.371s][info][gc,cpu         ] GC(374) User=0.00s Sys=0.00s Real=0.00s
[29.413s][info][gc,start       ] GC(375) Pause Young (Allocation Failure)
[29.414s][info][gc,heap        ] GC(375) PSYoungGen: 172448K(172544K)->1856K(172544K) Eden: 170496K(170496K)->0K(170496K) From: 1952K(2048K)->1856K(2048K)
[29.414s][info][gc,heap        ] GC(375) ParOldGen: 50483K(349696K)->50659K(349696K)
[29.414s][info][gc,metaspace   ] GC(375) Metaspace: 72208K(72832K)->72208K(72832K) NonClass: 57411K(57728K)->57411K(57728K) Class: 14797K(15104K)->14797K(15104K)
[29.414s][info][gc             ] GC(375) Pause Young (Allocation Failure) 217M->51M(510M) 1.102ms
[29.414s][info][gc,cpu         ] GC(375) User=0.00s Sys=0.00s Real=0.00s
[29.456s][info][gc,start       ] GC(376) Pause Young (Allocation Failure)
[29.457s][info][gc,heap        ] GC(376) PSYoungGen: 172352K(172544K)->1888K(172544K) Eden: 170496K(170496K)->0K(170496K) From: 1856K(2048K)->1888K(2048K)
[29.457s][info][gc,heap        ] GC(376) ParOldGen: 50659K(349696K)->50835K(349696K)
[29.457s][info][gc,metaspace   ] GC(376) Metaspace: 72208K(72832K)->72208K(72832K) NonClass: 57411K(57728K)->57411K(57728K) Class: 14797K(15104K)->14797K(15104K)
[29.457s][info][gc             ] GC(376) Pause Young (Allocation Failure) 217M->51M(510M) 1.106ms
[29.457s][info][gc,cpu         ] GC(376) User=0.00s Sys=0.00s Real=0.00s
[29.499s][info][gc,start       ] GC(377) Pause Young (Allocation Failure)
[29.500s][info][gc,heap        ] GC(377) PSYoungGen: 172384K(172544K)->1888K(172544K) Eden: 170496K(170496K)->0K(170496K) From: 1888K(2048K)->1888K(2048K)
[29.500s][info][gc,heap        ] GC(377) ParOldGen: 50835K(349696K)->50995K(349696K)
[29.500s][info][gc,metaspace   ] GC(377) Metaspace: 72208K(72832K)->72208K(72832K) NonClass: 57411K(57728K)->57411K(57728K) Class: 14797K(15104K)->14797K(15104K)
[29.500s][info][gc             ] GC(377) Pause Young (Allocation Failure) 217M->51M(510M) 1.087ms
[29.500s][info][gc,cpu         ] GC(377) User=0.00s Sys=0.00s Real=0.00s
[29.542s][info][gc,start       ] GC(378) Pause Young (Allocation Failure)
[29.543s][info][gc,heap        ] GC(378) PSYoungGen: 172384K(172544K)->1824K(172544K) Eden: 170496K(170496K)->0K(170496K) From: 1888K(2048K)->1824K(2048K)
[29.543s][info][gc,heap        ] GC(378) ParOldGen: 50995K(349696K)->51187K(349696K)
[29.543s][info][gc,metaspace   ] GC(378) Metaspace: 72208K(72832K)->72208K(72832K) NonClass: 57411K(57728K)->57411K(57728K) Class: 14797K(15104K)->14797K(15104K)
[29.543s][info][gc             ] GC(378) Pause Young (Allocation Failure) 218M->51M(510M) 1.131ms
[29.543s][info][gc,cpu         ] GC(378) User=0.00s Sys=0.00s Real=0.00s
[29.585s][info][gc,start       ] GC(379) Pause Young (Allocation Failure)
[29.586s][info][gc,heap        ] GC(379) PSYoungGen: 172320K(172544K)->1824K(172544K) Eden: 170496K(170496K)->0K(170496K) From: 1824K(2048K)->1824K(2048K)
[29.586s][info][gc,heap        ] GC(379) ParOldGen: 51187K(349696K)->51371K(349696K)
[29.586s][info][gc,metaspace   ] GC(379) Metaspace: 72208K(72832K)->72208K(72832K) NonClass: 57411K(57728K)->57411K(57728K) Class: 14797K(15104K)->14797K(15104K)
[29.586s][info][gc             ] GC(379) Pause Young (Allocation Failure) 218M->51M(510M) 1.055ms
[29.586s][info][gc,cpu         ] GC(379) User=0.00s Sys=0.00s Real=0.00s
[29.628s][info][gc,start       ] GC(380) Pause Young (Allocation Failure)
[29.629s][info][gc,heap        ] GC(380) PSYoungGen: 172320K(172544K)->1824K(172544K) Eden: 170496K(170496K)->0K(170496K) From: 1824K(2048K)->1824K(2048K)
[29.629s][info][gc,heap        ] GC(380) ParOldGen: 51371K(349696K)->51571K(349696K)
[29.629s][info][gc,metaspace   ] GC(380) Metaspace: 72208K(72832K)->72208K(72832K) NonClass: 57411K(57728K)->57411K(57728K) Class: 14797K(15104K)->14797K(15104K)
[29.629s][info][gc             ] GC(380) Pause Young (Allocation Failure) 218M->52M(510M) 1.120ms
[29.629s][info][gc,cpu         ] GC(380) User=0.00s Sys=0.00s Real=0.00s
[29.671s][info][gc,start       ] GC(381) Pause Young (Allocation Failure)
[29.672s][info][gc,heap        ] GC(381) PSYoungGen: 172320K(172544K)->1952K(172544K) Eden: 170496K(170496K)->0K(170496K) From: 1824K(2048K)->1952K(2048K)
[29.672s][info][gc,heap        ] GC(381) ParOldGen: 51571K(349696K)->51731K(349696K)
[29.672s][info][gc,metaspace   ] GC(381) Metaspace: 72208K(72832K)->72208K(72832K) NonClass: 57411K(57728K)->57411K(57728K) Class: 14797K(15104K)->14797K(15104K)
[29.672s][info][gc             ] GC(381) Pause Young (Allocation Failure) 218M->52M(510M) 1.101ms
[29.672s][info][gc,cpu         ] GC(381) User=0.00s Sys=0.00s Real=0.00s
[29.714s][info][gc,start       ] GC(382) Pause Young (Allocation Failure)
[29.715s][info][gc,heap        ] GC(382) PSYoungGen: 172448K(172544K)->1856K(172544K) Eden: 170496K(170496K)->0K(170496K) From: 1952K(2048K)->1856K(2048K)
[29.715s][info][gc,heap        ] GC(382) ParOldGen: 51731K(349696K)->51875K(349696K)
[29.715s][info][gc,metaspace   ] GC(382) Metaspace: 72208K(72832K)->72208K(72832K) NonClass: 57411K(57728K)->57411K(57728K) Class: 14797K(15104K)->14797K(15104K)
[29.715s][info][gc             ] GC(382) Pause Young (Allocation Failure) 218M->52M(510M) 1.085ms
[29.715s][info][gc,cpu         ] GC(382) User=0.00s Sys=0.00s Real=0.00s
[29.757s][info][gc,start       ] GC(383) Pause Young (Allocation Failure)
[29.758s][info][gc,heap        ] GC(383) PSYoungGen: 172352K(172544K)->1952K(172544K) Eden: 170496K(170496K)->0K(170496K) From: 1856K(2048K)->1952K(2048K)
[29.758s][info][gc,heap        ] GC(383) ParOldGen: 51875K(349696K)->51995K(349696K)
[29.758s][info][gc,metaspace   ] GC(383) Metaspace: 72208K(72832K)->72208K(72832K) NonClass: 57411K(57728K)->57411K(57728K) Class: 14797K(15104K)->14797K(15104K)
[29.758s][info][gc             ] GC(383) Pause Young (Allocation Failure) 218M->52M(510M) 1.119ms
[29.758s][info][gc,cpu         ] GC(383) User=0.00s Sys=0.00s Real=0.00s
[29.799s][info][gc,start       ] GC(384) Pause Young (Allocation Failure)
[29.800s][info][gc,heap        ] GC(384) PSYoungGen: 172448K(172544K)->1952K(172544K) Eden: 170496K(170496K)->0K(170496K) From: 1952K(2048K)->1952K(2048K)
[29.800s][info][gc,heap        ] GC(384) ParOldGen: 51995K(349696K)->52163K(349696K)
[29.800s][info][gc,metaspace   ] GC(384) Metaspace: 72208K(72832K)->72208K(72832K) NonClass: 57411K(57728K)->57411K(57728K) Class: 14797K(15104K)->14797K(15104K)
[29.800s][info][gc             ] GC(384) Pause Young (Allocation Failure) 219M->52M(510M) 1.072ms
[29.801s][info][gc,cpu         ] GC(384) User=0.00s Sys=0.00s Real=0.00s
[29.842s][info][gc,start       ] GC(385) Pause Young (Allocation Failure)
[29.843s][info][gc,heap        ] GC(385) PSYoungGen: 172448K(172544K)->1856K(172544K) Eden: 170496K(170496K)->0K(170496K) From: 1952K(2048K)->1856K(2048K)
[29.843s][info][gc,heap        ] GC(385) ParOldGen: 52163K(349696K)->52387K(349696K)
[29.843s][info][gc,metaspace   ] GC(385) Metaspace: 72210K(72832K)->72210K(72832K) NonClass: 57412K(57728K)->57412K(57728K) Class: 14797K(15104K)->14797K(15104K)
[29.843s][info][gc             ] GC(385) Pause Young (Allocation Failure) 219M->52M(510M) 1.103ms
[29.843s][info][gc,cpu         ] GC(385) User=0.00s Sys=0.00s Real=0.00s
[29.886s][info][gc,start       ] GC(386) Pause Young (Allocation Failure)
[29.887s][info][gc,heap        ] GC(386) PSYoungGen: 172352K(172544K)->1824K(172544K) Eden: 170496K(170496K)->0K(170496K) From: 1856K(2048K)->1824K(2048K)
[29.887s][info][gc,heap        ] GC(386) ParOldGen: 52387K(349696K)->52563K(349696K)
[29.887s][info][gc,metaspace   ] GC(386) Metaspace: 72228K(72896K)->72228K(72896K) NonClass: 57431K(57792K)->57431K(57792K) Class: 14797K(15104K)->14797K(15104K)
[29.887s][info][gc             ] GC(386) Pause Young (Allocation Failure) 219M->53M(510M) 1.086ms
[29.887s][info][gc,cpu         ] GC(386) User=0.00s Sys=0.00s Real=0.00s
[29.929s][info][gc,start       ] GC(387) Pause Young (Allocation Failure)
[29.930s][info][gc,heap        ] GC(387) PSYoungGen: 172319K(172544K)->1920K(172544K) Eden: 170495K(170496K)->0K(170496K) From: 1824K(2048K)->1920K(2048K)
[29.930s][info][gc,heap        ] GC(387) ParOldGen: 52563K(349696K)->52731K(349696K)
[29.930s][info][gc,metaspace   ] GC(387) Metaspace: 72228K(72896K)->72228K(72896K) NonClass: 57431K(57792K)->57431K(57792K) Class: 14797K(15104K)->14797K(15104K)
[29.930s][info][gc             ] GC(387) Pause Young (Allocation Failure) 219M->53M(510M) 1.177ms
[29.930s][info][gc,cpu         ] GC(387) User=0.00s Sys=0.00s Real=0.00s
[29.972s][info][gc,start       ] GC(388) Pause Young (Allocation Failure)
[29.973s][info][gc,heap        ] GC(388) PSYoungGen: 172416K(172544K)->1984K(172544K) Eden: 170496K(170496K)->0K(170496K) From: 1920K(2048K)->1984K(2048K)
[29.973s][info][gc,heap        ] GC(388) ParOldGen: 52731K(349696K)->52907K(349696K)
[29.973s][info][gc,metaspace   ] GC(388) Metaspace: 72228K(72896K)->72228K(72896K) NonClass: 57431K(57792K)->57431K(57792K) Class: 14797K(15104K)->14797K(15104K)
[29.973s][info][gc             ] GC(388) Pause Young (Allocation Failure) 219M->53M(510M) 1.088ms
[29.973s][info][gc,cpu         ] GC(388) User=0.00s Sys=0.00s Real=0.00s
[30.015s][info][gc,start       ] GC(389) Pause Young (Allocation Failure)
[30.016s][info][gc,heap        ] GC(389) PSYoungGen: 172480K(172544K)->1920K(172544K) Eden: 170496K(170496K)->0K(170496K) From: 1984K(2048K)->1920K(2048K)
[30.016s][info][gc,heap        ] GC(389) ParOldGen: 52907K(349696K)->53075K(349696K)
[30.016s][info][gc,metaspace   ] GC(389) Metaspace: 72228K(72896K)->72228K(72896K) NonClass: 57431K(57792K)->57431K(57792K) Class: 14797K(15104K)->14797K(15104K)
[30.016s][info][gc             ] GC(389) Pause Young (Allocation Failure) 220M->53M(510M) 1.162ms
[30.016s][info][gc,cpu         ] GC(389) User=0.00s Sys=0.00s Real=0.00s
[30.058s][info][gc,start       ] GC(390) Pause Young (Allocation Failure)
[30.059s][info][gc,heap        ] GC(390) PSYoungGen: 172416K(172544K)->1920K(172544K) Eden: 170496K(170496K)->0K(170496K) From: 1920K(2048K)->1920K(2048K)
[30.059s][info][gc,heap        ] GC(390) ParOldGen: 53075K(349696K)->53259K(349696K)
[30.059s][info][gc,metaspace   ] GC(390) Metaspace: 72228K(72896K)->72228K(72896K) NonClass: 57431K(57792K)->57431K(57792K) Class: 14797K(15104K)->14797K(15104K)
[30.059s][info][gc             ] GC(390) Pause Young (Allocation Failure) 220M->53M(510M) 1.091ms
[30.059s][info][gc,cpu         ] GC(390) User=0.00s Sys=0.00s Real=0.00s
[30.102s][info][gc,start       ] GC(391) Pause Young (Allocation Failure)
[30.103s][info][gc,heap        ] GC(391) PSYoungGen: 172416K(172544K)->1856K(172544K) Eden: 170496K(170496K)->0K(170496K) From: 1920K(2048K)->1856K(2048K)
[30.103s][info][gc,heap        ] GC(391) ParOldGen: 53259K(349696K)->53491K(349696K)
[30.103s][info][gc,metaspace   ] GC(391) Metaspace: 72228K(72896K)->72228K(72896K) NonClass: 57431K(57792K)->57431K(57792K) Class: 14797K(15104K)->14797K(15104K)
[30.103s][info][gc             ] GC(391) Pause Young (Allocation Failure) 220M->54M(510M) 1.155ms
[30.103s][info][gc,cpu         ] GC(391) User=0.00s Sys=0.00s Real=0.00s
[30.145s][info][gc,start       ] GC(392) Pause Young (Allocation Failure)
[30.146s][info][gc,heap        ] GC(392) PSYoungGen: 172352K(172544K)->1792K(172544K) Eden: 170496K(170496K)->0K(170496K) From: 1856K(2048K)->1792K(2048K)
[30.146s][info][gc,heap        ] GC(392) ParOldGen: 53491K(349696K)->53747K(349696K)
[30.146s][info][gc,metaspace   ] GC(392) Metaspace: 72228K(72896K)->72228K(72896K) NonClass: 57431K(57792K)->57431K(57792K) Class: 14797K(15104K)->14797K(15104K)
[30.147s][info][gc             ] GC(392) Pause Young (Allocation Failure) 220M->54M(510M) 1.093ms
[30.147s][info][gc,cpu         ] GC(392) User=0.00s Sys=0.00s Real=0.00s
[30.188s][info][gc,start       ] GC(393) Pause Young (Allocation Failure)
[30.189s][info][gc,heap        ] GC(393) PSYoungGen: 172288K(172544K)->1824K(172544K) Eden: 170496K(170496K)->0K(170496K) From: 1792K(2048K)->1824K(2048K)
[30.189s][info][gc,heap        ] GC(393) ParOldGen: 53747K(349696K)->53899K(349696K)
[30.189s][info][gc,metaspace   ] GC(393) Metaspace: 72228K(72896K)->72228K(72896K) NonClass: 57431K(57792K)->57431K(57792K) Class: 14797K(15104K)->14797K(15104K)
[30.189s][info][gc             ] GC(393) Pause Young (Allocation Failure) 220M->54M(510M) 1.117ms
[30.189s][info][gc,cpu         ] GC(393) User=0.00s Sys=0.00s Real=0.00s
[30.231s][info][gc,start       ] GC(394) Pause Young (Allocation Failure)
[30.232s][info][gc,heap        ] GC(394) PSYoungGen: 172320K(172544K)->1920K(172544K) Eden: 170496K(170496K)->0K(170496K) From: 1824K(2048K)->1920K(2048K)
[30.232s][info][gc,heap        ] GC(394) ParOldGen: 53899K(349696K)->54043K(349696K)
[30.232s][info][gc,metaspace   ] GC(394) Metaspace: 72228K(72896K)->72228K(72896K) NonClass: 57431K(57792K)->57431K(57792K) Class: 14797K(15104K)->14797K(15104K)
[30.232s][info][gc             ] GC(394) Pause Young (Allocation Failure) 220M->54M(510M) 1.058ms
[30.232s][info][gc,cpu         ] GC(394) User=0.00s Sys=0.00s Real=0.00s
[30.274s][info][gc,start       ] GC(395) Pause Young (Allocation Failure)
[30.275s][info][gc,heap        ] GC(395) PSYoungGen: 172416K(172544K)->1920K(172544K) Eden: 170496K(170496K)->0K(170496K) From: 1920K(2048K)->1920K(2048K)
[30.275s][info][gc,heap        ] GC(395) ParOldGen: 54043K(349696K)->54195K(349696K)
[30.275s][info][gc,metaspace   ] GC(395) Metaspace: 72228K(72896K)->72228K(72896K) NonClass: 57431K(57792K)->57431K(57792K) Class: 14797K(15104K)->14797K(15104K)
[30.275s][info][gc             ] GC(395) Pause Young (Allocation Failure) 221M->54M(510M) 1.056ms
[30.275s][info][gc,cpu         ] GC(395) User=0.00s Sys=0.00s Real=0.00s
[30.317s][info][gc,start       ] GC(396) Pause Young (Allocation Failure)
[30.318s][info][gc,heap        ] GC(396) PSYoungGen: 172416K(172544K)->1856K(172544K) Eden: 170496K(170496K)->0K(170496K) From: 1920K(2048K)->1856K(2048K)
[30.318s][info][gc,heap        ] GC(396) ParOldGen: 54195K(349696K)->54387K(349696K)
[30.318s][info][gc,metaspace   ] GC(396) Metaspace: 72228K(72896K)->72228K(72896K) NonClass: 57431K(57792K)->57431K(57792K) Class: 14797K(15104K)->14797K(15104K)
[30.318s][info][gc             ] GC(396) Pause Young (Allocation Failure) 221M->54M(510M) 1.360ms
[30.318s][info][gc,cpu         ] GC(396) User=0.00s Sys=0.00s Real=0.00s
[30.360s][info][gc,start       ] GC(397) Pause Young (Allocation Failure)
[30.361s][info][gc,heap        ] GC(397) PSYoungGen: 172352K(172544K)->1920K(172544K) Eden: 170496K(170496K)->0K(170496K) From: 1856K(2048K)->1920K(2048K)
[30.361s][info][gc,heap        ] GC(397) ParOldGen: 54387K(349696K)->54523K(349696K)
[30.361s][info][gc,metaspace   ] GC(397) Metaspace: 72228K(72896K)->72228K(72896K) NonClass: 57431K(57792K)->57431K(57792K) Class: 14797K(15104K)->14797K(15104K)
[30.361s][info][gc             ] GC(397) Pause Young (Allocation Failure) 221M->55M(510M) 1.072ms
[30.362s][info][gc,cpu         ] GC(397) User=0.00s Sys=0.00s Real=0.00s
[30.403s][info][gc,start       ] GC(398) Pause Young (Allocation Failure)
[30.404s][info][gc,heap        ] GC(398) PSYoungGen: 172416K(172544K)->1792K(172544K) Eden: 170496K(170496K)->0K(170496K) From: 1920K(2048K)->1792K(2048K)
[30.405s][info][gc,heap        ] GC(398) ParOldGen: 54523K(349696K)->54683K(349696K)
[30.405s][info][gc,metaspace   ] GC(398) Metaspace: 72228K(72896K)->72228K(72896K) NonClass: 57431K(57792K)->57431K(57792K) Class: 14797K(15104K)->14797K(15104K)
[30.405s][info][gc             ] GC(398) Pause Young (Allocation Failure) 221M->55M(510M) 1.116ms
[30.405s][info][gc,cpu         ] GC(398) User=0.00s Sys=0.00s Real=0.00s
[30.446s][info][gc,start       ] GC(399) Pause Young (Allocation Failure)
[30.447s][info][gc,heap        ] GC(399) PSYoungGen: 172288K(172544K)->1888K(172544K) Eden: 170496K(170496K)->0K(170496K) From: 1792K(2048K)->1888K(2048K)
[30.447s][info][gc,heap        ] GC(399) ParOldGen: 54683K(349696K)->54835K(349696K)
[30.447s][info][gc,metaspace   ] GC(399) Metaspace: 72228K(72896K)->72228K(72896K) NonClass: 57431K(57792K)->57431K(57792K) Class: 14797K(15104K)->14797K(15104K)
[30.447s][info][gc             ] GC(399) Pause Young (Allocation Failure) 221M->55M(510M) 1.026ms
[30.447s][info][gc,cpu         ] GC(399) User=0.00s Sys=0.00s Real=0.00s
[30.489s][info][gc,start       ] GC(400) Pause Young (Allocation Failure)
[30.490s][info][gc,heap        ] GC(400) PSYoungGen: 172384K(172544K)->1792K(172544K) Eden: 170496K(170496K)->0K(170496K) From: 1888K(2048K)->1792K(2048K)
[30.490s][info][gc,heap        ] GC(400) ParOldGen: 54835K(349696K)->55011K(349696K)
[30.490s][info][gc,metaspace   ] GC(400) Metaspace: 72228K(72896K)->72228K(72896K) NonClass: 57431K(57792K)->57431K(57792K) Class: 14797K(15104K)->14797K(15104K)
[30.490s][info][gc             ] GC(400) Pause Young (Allocation Failure) 221M->55M(510M) 1.067ms
[30.490s][info][gc,cpu         ] GC(400) User=0.00s Sys=0.00s Real=0.00s
[30.533s][info][gc,start       ] GC(401) Pause Young (Allocation Failure)
[30.534s][info][gc,heap        ] GC(401) PSYoungGen: 172288K(172544K)->1824K(172544K) Eden: 170496K(170496K)->0K(170496K) From: 1792K(2048K)->1824K(2048K)
[30.534s][info][gc,heap        ] GC(401) ParOldGen: 55011K(349696K)->55211K(349696K)
[30.534s][info][gc,metaspace   ] GC(401) Metaspace: 72228K(72896K)->72228K(72896K) NonClass: 57431K(57792K)->57431K(57792K) Class: 14797K(15104K)->14797K(15104K)
[30.534s][info][gc             ] GC(401) Pause Young (Allocation Failure) 221M->55M(510M) 1.105ms
[30.534s][info][gc,cpu         ] GC(401) User=0.00s Sys=0.00s Real=0.00s
[30.578s][info][gc,start       ] GC(402) Pause Young (Allocation Failure)
[30.579s][info][gc,heap        ] GC(402) PSYoungGen: 172320K(172544K)->1920K(172544K) Eden: 170496K(170496K)->0K(170496K) From: 1824K(2048K)->1920K(2048K)
[30.579s][info][gc,heap        ] GC(402) ParOldGen: 55211K(349696K)->55355K(349696K)
[30.579s][info][gc,metaspace   ] GC(402) Metaspace: 72228K(72896K)->72228K(72896K) NonClass: 57431K(57792K)->57431K(57792K) Class: 14797K(15104K)->14797K(15104K)
[30.579s][info][gc             ] GC(402) Pause Young (Allocation Failure) 222M->55M(510M) 1.074ms
[30.579s][info][gc,cpu         ] GC(402) User=0.00s Sys=0.00s Real=0.00s
[30.621s][info][gc,start       ] GC(403) Pause Young (Allocation Failure)
[30.622s][info][gc,heap        ] GC(403) PSYoungGen: 172416K(172544K)->1888K(172544K) Eden: 170496K(170496K)->0K(170496K) From: 1920K(2048K)->1888K(2048K)
[30.622s][info][gc,heap        ] GC(403) ParOldGen: 55355K(349696K)->55483K(349696K)
[30.622s][info][gc,metaspace   ] GC(403) Metaspace: 72228K(72896K)->72228K(72896K) NonClass: 57431K(57792K)->57431K(57792K) Class: 14797K(15104K)->14797K(15104K)
[30.622s][info][gc             ] GC(403) Pause Young (Allocation Failure) 222M->56M(510M) 1.123ms
[30.622s][info][gc,cpu         ] GC(403) User=0.00s Sys=0.00s Real=0.00s
[30.664s][info][gc,start       ] GC(404) Pause Young (Allocation Failure)
[30.665s][info][gc,heap        ] GC(404) PSYoungGen: 172384K(172544K)->1856K(172544K) Eden: 170496K(170496K)->0K(170496K) From: 1888K(2048K)->1856K(2048K)
[30.665s][info][gc,heap        ] GC(404) ParOldGen: 55483K(349696K)->55627K(349696K)
[30.665s][info][gc,metaspace   ] GC(404) Metaspace: 72228K(72896K)->72228K(72896K) NonClass: 57431K(57792K)->57431K(57792K) Class: 14797K(15104K)->14797K(15104K)
[30.665s][info][gc             ] GC(404) Pause Young (Allocation Failure) 222M->56M(510M) 1.105ms
[30.665s][info][gc,cpu         ] GC(404) User=0.00s Sys=0.00s Real=0.00s
[30.707s][info][gc,start       ] GC(405) Pause Young (Allocation Failure)
[30.708s][info][gc,heap        ] GC(405) PSYoungGen: 172351K(172544K)->1856K(172544K) Eden: 170495K(170496K)->0K(170496K) From: 1856K(2048K)->1856K(2048K)
[30.708s][info][gc,heap        ] GC(405) ParOldGen: 55627K(349696K)->55803K(349696K)
[30.708s][info][gc,metaspace   ] GC(405) Metaspace: 72228K(72896K)->72228K(72896K) NonClass: 57431K(57792K)->57431K(57792K) Class: 14797K(15104K)->14797K(15104K)
[30.708s][info][gc             ] GC(405) Pause Young (Allocation Failure) 222M->56M(510M) 1.107ms
[30.709s][info][gc,cpu         ] GC(405) User=0.00s Sys=0.00s Real=0.00s
[30.751s][info][gc,start       ] GC(406) Pause Young (Allocation Failure)
[30.752s][info][gc,heap        ] GC(406) PSYoungGen: 172352K(172544K)->1888K(172544K) Eden: 170496K(170496K)->0K(170496K) From: 1856K(2048K)->1888K(2048K)
[30.752s][info][gc,heap        ] GC(406) ParOldGen: 55803K(349696K)->55971K(349696K)
[30.752s][info][gc,metaspace   ] GC(406) Metaspace: 72228K(72896K)->72228K(72896K) NonClass: 57431K(57792K)->57431K(57792K) Class: 14797K(15104K)->14797K(15104K)
[30.752s][info][gc             ] GC(406) Pause Young (Allocation Failure) 222M->56M(510M) 1.120ms
[30.752s][info][gc,cpu         ] GC(406) User=0.00s Sys=0.00s Real=0.00s
[30.794s][info][gc,start       ] GC(407) Pause Young (Allocation Failure)
[30.795s][info][gc,heap        ] GC(407) PSYoungGen: 172384K(172544K)->1888K(172544K) Eden: 170496K(170496K)->0K(170496K) From: 1888K(2048K)->1888K(2048K)
[30.795s][info][gc,heap        ] GC(407) ParOldGen: 55971K(349696K)->56115K(349696K)
[30.795s][info][gc,metaspace   ] GC(407) Metaspace: 72228K(72896K)->72228K(72896K) NonClass: 57431K(57792K)->57431K(57792K) Class: 14797K(15104K)->14797K(15104K)
[30.795s][info][gc             ] GC(407) Pause Young (Allocation Failure) 223M->56M(510M) 1.148ms
[30.795s][info][gc,cpu         ] GC(407) User=0.00s Sys=0.00s Real=0.00s
[30.836s][info][gc,start       ] GC(408) Pause Young (Allocation Failure)
[30.837s][info][gc,heap        ] GC(408) PSYoungGen: 172384K(172544K)->1920K(172544K) Eden: 170496K(170496K)->0K(170496K) From: 1888K(2048K)->1920K(2048K)
[30.837s][info][gc,heap        ] GC(408) ParOldGen: 56115K(349696K)->56275K(349696K)
[30.837s][info][gc,metaspace   ] GC(408) Metaspace: 72228K(72896K)->72228K(72896K) NonClass: 57431K(57792K)->57431K(57792K) Class: 14797K(15104K)->14797K(15104K)
[30.837s][info][gc             ] GC(408) Pause Young (Allocation Failure) 223M->56M(510M) 1.131ms
[30.837s][info][gc,cpu         ] GC(408) User=0.00s Sys=0.00s Real=0.00s
[30.879s][info][gc,start       ] GC(409) Pause Young (Allocation Failure)
[30.880s][info][gc,heap        ] GC(409) PSYoungGen: 172416K(172544K)->1824K(172544K) Eden: 170496K(170496K)->0K(170496K) From: 1920K(2048K)->1824K(2048K)
[30.880s][info][gc,heap        ] GC(409) ParOldGen: 56275K(349696K)->56443K(349696K)
[30.880s][info][gc,metaspace   ] GC(409) Metaspace: 72228K(72896K)->72228K(72896K) NonClass: 57431K(57792K)->57431K(57792K) Class: 14797K(15104K)->14797K(15104K)
[30.880s][info][gc             ] GC(409) Pause Young (Allocation Failure) 223M->56M(510M) 1.133ms
[30.880s][info][gc,cpu         ] GC(409) User=0.00s Sys=0.00s Real=0.00s
[30.922s][info][gc,start       ] GC(410) Pause Young (Allocation Failure)
[30.923s][info][gc,heap        ] GC(410) PSYoungGen: 172320K(172544K)->1920K(172544K) Eden: 170496K(170496K)->0K(170496K) From: 1824K(2048K)->1920K(2048K)
[30.923s][info][gc,heap        ] GC(410) ParOldGen: 56443K(349696K)->56603K(349696K)
[30.923s][info][gc,metaspace   ] GC(410) Metaspace: 72228K(72896K)->72228K(72896K) NonClass: 57431K(57792K)->57431K(57792K) Class: 14797K(15104K)->14797K(15104K)
[30.923s][info][gc             ] GC(410) Pause Young (Allocation Failure) 223M->57M(510M) 1.120ms
[30.923s][info][gc,cpu         ] GC(410) User=0.00s Sys=0.00s Real=0.00s
[30.965s][info][gc,start       ] GC(411) Pause Young (Allocation Failure)
[30.966s][info][gc,heap        ] GC(411) PSYoungGen: 172416K(172544K)->1824K(172544K) Eden: 170496K(170496K)->0K(170496K) From: 1920K(2048K)->1824K(2048K)
[30.966s][info][gc,heap        ] GC(411) ParOldGen: 56603K(349696K)->56771K(349696K)
[30.966s][info][gc,metaspace   ] GC(411) Metaspace: 72228K(72896K)->72228K(72896K) NonClass: 57431K(57792K)->57431K(57792K) Class: 14797K(15104K)->14797K(15104K)
[30.966s][info][gc             ] GC(411) Pause Young (Allocation Failure) 223M->57M(510M) 1.157ms
[30.966s][info][gc,cpu         ] GC(411) User=0.00s Sys=0.00s Real=0.00s
[31.008s][info][gc,start       ] GC(412) Pause Young (Allocation Failure)
[31.009s][info][gc,heap        ] GC(412) PSYoungGen: 172320K(172544K)->1856K(172544K) Eden: 170496K(170496K)->0K(170496K) From: 1824K(2048K)->1856K(2048K)
[31.009s][info][gc,heap        ] GC(412) ParOldGen: 56771K(349696K)->56883K(349696K)
[31.009s][info][gc,metaspace   ] GC(412) Metaspace: 72228K(72896K)->72228K(72896K) NonClass: 57431K(57792K)->57431K(57792K) Class: 14797K(15104K)->14797K(15104K)
[31.009s][info][gc             ] GC(412) Pause Young (Allocation Failure) 223M->57M(510M) 1.145ms
[31.009s][info][gc,cpu         ] GC(412) User=0.00s Sys=0.00s Real=0.00s
[31.052s][info][gc,start       ] GC(413) Pause Young (Allocation Failure)
[31.053s][info][gc,heap        ] GC(413) PSYoungGen: 172352K(172544K)->1952K(172544K) Eden: 170496K(170496K)->0K(170496K) From: 1856K(2048K)->1952K(2048K)
[31.053s][info][gc,heap        ] GC(413) ParOldGen: 56883K(349696K)->57067K(349696K)
[31.053s][info][gc,metaspace   ] GC(413) Metaspace: 72230K(72896K)->72230K(72896K) NonClass: 57433K(57792K)->57433K(57792K) Class: 14797K(15104K)->14797K(15104K)
[31.053s][info][gc             ] GC(413) Pause Young (Allocation Failure) 223M->57M(510M) 1.133ms
[31.053s][info][gc,cpu         ] GC(413) User=0.00s Sys=0.00s Real=0.00s
[31.095s][info][gc,start       ] GC(414) Pause Young (Allocation Failure)
[31.096s][info][gc,heap        ] GC(414) PSYoungGen: 172447K(172544K)->1888K(172544K) Eden: 170495K(170496K)->0K(170496K) From: 1952K(2048K)->1888K(2048K)
[31.096s][info][gc,heap        ] GC(414) ParOldGen: 57067K(349696K)->57259K(349696K)
[31.096s][info][gc,metaspace   ] GC(414) Metaspace: 72230K(72896K)->72230K(72896K) NonClass: 57433K(57792K)->57433K(57792K) Class: 14797K(15104K)->14797K(15104K)
[31.096s][info][gc             ] GC(414) Pause Young (Allocation Failure) 224M->57M(510M) 1.126ms
[31.096s][info][gc,cpu         ] GC(414) User=0.00s Sys=0.00s Real=0.00s
[31.138s][info][gc,start       ] GC(415) Pause Young (Allocation Failure)
[31.139s][info][gc,heap        ] GC(415) PSYoungGen: 172384K(172544K)->1824K(172544K) Eden: 170496K(170496K)->0K(170496K) From: 1888K(2048K)->1824K(2048K)
[31.139s][info][gc,heap        ] GC(415) ParOldGen: 57259K(349696K)->57555K(349696K)
[31.139s][info][gc,metaspace   ] GC(415) Metaspace: 72232K(72896K)->72232K(72896K) NonClass: 57434K(57792K)->57434K(57792K) Class: 14797K(15104K)->14797K(15104K)
[31.139s][info][gc             ] GC(415) Pause Young (Allocation Failure) 224M->57M(510M) 1.104ms
[31.139s][info][gc,cpu         ] GC(415) User=0.00s Sys=0.00s Real=0.00s
[31.181s][info][gc,start       ] GC(416) Pause Young (Allocation Failure)
[31.182s][info][gc,heap        ] GC(416) PSYoungGen: 172320K(172544K)->1856K(172544K) Eden: 170496K(170496K)->0K(170496K) From: 1824K(2048K)->1856K(2048K)
[31.182s][info][gc,heap        ] GC(416) ParOldGen: 57555K(349696K)->57699K(349696K)
[31.182s][info][gc,metaspace   ] GC(416) Metaspace: 72232K(72896K)->72232K(72896K) NonClass: 57434K(57792K)->57434K(57792K) Class: 14797K(15104K)->14797K(15104K)
[31.183s][info][gc             ] GC(416) Pause Young (Allocation Failure) 224M->58M(510M) 1.036ms
[31.183s][info][gc,cpu         ] GC(416) User=0.00s Sys=0.00s Real=0.00s
[31.225s][info][gc,start       ] GC(417) Pause Young (Allocation Failure)
[31.226s][info][gc,heap        ] GC(417) PSYoungGen: 172352K(172544K)->1792K(172544K) Eden: 170496K(170496K)->0K(170496K) From: 1856K(2048K)->1792K(2048K)
[31.226s][info][gc,heap        ] GC(417) ParOldGen: 57699K(349696K)->57747K(349696K)
[31.226s][info][gc,metaspace   ] GC(417) Metaspace: 72232K(72896K)->72232K(72896K) NonClass: 57434K(57792K)->57434K(57792K) Class: 14797K(15104K)->14797K(15104K)
[31.226s][info][gc             ] GC(417) Pause Young (Allocation Failure) 224M->58M(510M) 1.013ms
[31.226s][info][gc,cpu         ] GC(417) User=0.00s Sys=0.00s Real=0.00s
[31.269s][info][gc,start       ] GC(418) Pause Young (Allocation Failure)
[31.270s][info][gc,heap        ] GC(418) PSYoungGen: 172288K(172544K)->1760K(172544K) Eden: 170496K(170496K)->0K(170496K) From: 1792K(2048K)->1760K(2048K)
[31.270s][info][gc,heap        ] GC(418) ParOldGen: 57747K(349696K)->57819K(349696K)
[31.270s][info][gc,metaspace   ] GC(418) Metaspace: 72233K(72896K)->72233K(72896K) NonClass: 57435K(57792K)->57435K(57792K) Class: 14797K(15104K)->14797K(15104K)
[31.270s][info][gc             ] GC(418) Pause Young (Allocation Failure) 224M->58M(510M) 1.080ms
[31.270s][info][gc,cpu         ] GC(418) User=0.00s Sys=0.00s Real=0.00s
[31.313s][info][gc,start       ] GC(419) Pause Young (Allocation Failure)
[31.314s][info][gc,heap        ] GC(419) PSYoungGen: 172256K(172544K)->1728K(172544K) Eden: 170496K(170496K)->0K(170496K) From: 1760K(2048K)->1728K(2048K)
[31.314s][info][gc,heap        ] GC(419) ParOldGen: 57819K(349696K)->58115K(349696K)
[31.314s][info][gc,metaspace   ] GC(419) Metaspace: 72233K(72896K)->72233K(72896K) NonClass: 57436K(57792K)->57436K(57792K) Class: 14797K(15104K)->14797K(15104K)
[31.314s][info][gc             ] GC(419) Pause Young (Allocation Failure) 224M->58M(510M) 1.056ms
[31.314s][info][gc,cpu         ] GC(419) User=0.00s Sys=0.00s Real=0.00s
[31.358s][info][gc,start       ] GC(420) Pause Young (Allocation Failure)
[31.359s][info][gc,heap        ] GC(420) PSYoungGen: 172224K(172544K)->1760K(172544K) Eden: 170496K(170496K)->0K(170496K) From: 1728K(2048K)->1760K(2048K)
[31.359s][info][gc,heap        ] GC(420) ParOldGen: 58115K(349696K)->58339K(349696K)
[31.359s][info][gc,metaspace   ] GC(420) Metaspace: 72237K(72896K)->72237K(72896K) NonClass: 57439K(57792K)->57439K(57792K) Class: 14797K(15104K)->14797K(15104K)
[31.359s][info][gc             ] GC(420) Pause Young (Allocation Failure) 224M->58M(510M) 0.977ms
[31.359s][info][gc,cpu         ] GC(420) User=0.00s Sys=0.00s Real=0.00s
[31.405s][info][gc,start       ] GC(421) Pause Young (Allocation Failure)
[31.406s][info][gc,heap        ] GC(421) PSYoungGen: 172256K(172544K)->1632K(172544K) Eden: 170496K(170496K)->0K(170496K) From: 1760K(2048K)->1632K(2048K)
[31.406s][info][gc,heap        ] GC(421) ParOldGen: 58339K(349696K)->58603K(349696K)
[31.406s][info][gc,metaspace   ] GC(421) Metaspace: 72253K(72896K)->72253K(72896K) NonClass: 57455K(57792K)->57455K(57792K) Class: 14797K(15104K)->14797K(15104K)
[31.406s][info][gc             ] GC(421) Pause Young (Allocation Failure) 225M->58M(510M) 0.935ms
[31.406s][info][gc,cpu         ] GC(421) User=0.00s Sys=0.00s Real=0.00s
[31.454s][info][gc,start       ] GC(422) Pause Young (Allocation Failure)
[31.455s][info][gc,heap        ] GC(422) PSYoungGen: 172128K(172544K)->1408K(171520K) Eden: 170496K(170496K)->0K(169472K) From: 1632K(2048K)->1408K(2048K)
[31.455s][info][gc,heap        ] GC(422) ParOldGen: 58603K(349696K)->58803K(349696K)
[31.455s][info][gc,metaspace   ] GC(422) Metaspace: 72273K(72896K)->72273K(72896K) NonClass: 57476K(57792K)->57476K(57792K) Class: 14797K(15104K)->14797K(15104K)
[31.455s][info][gc             ] GC(422) Pause Young (Allocation Failure) 225M->58M(509M) 0.951ms
[31.455s][info][gc,cpu         ] GC(422) User=0.00s Sys=0.00s Real=0.00s
[31.505s][info][gc,start       ] GC(423) Pause Young (Allocation Failure)
[31.506s][info][gc,heap        ] GC(423) PSYoungGen: 170880K(171520K)->1312K(172032K) Eden: 169472K(169472K)->0K(169472K) From: 1408K(2048K)->1312K(2560K)
[31.506s][info][gc,heap        ] GC(423) ParOldGen: 58803K(349696K)->59051K(349696K)
[31.506s][info][gc,metaspace   ] GC(423) Metaspace: 72283K(72896K)->72283K(72896K) NonClass: 57485K(57792K)->57485K(57792K) Class: 14797K(15104K)->14797K(15104K)
[31.506s][info][gc             ] GC(423) Pause Young (Allocation Failure) 224M->58M(509M) 0.884ms
[31.506s][info][gc,cpu         ] GC(423) User=0.00s Sys=0.00s Real=0.00s
[31.556s][info][gc,start       ] GC(424) Pause Young (Allocation Failure)
[31.557s][info][gc,heap        ] GC(424) PSYoungGen: 170783K(172032K)->1376K(172032K) Eden: 169471K(169472K)->0K(169472K) From: 1312K(2560K)->1376K(2560K)
[31.557s][info][gc,heap        ] GC(424) ParOldGen: 59051K(349696K)->59179K(349696K)
[31.557s][info][gc,metaspace   ] GC(424) Metaspace: 72289K(72896K)->72289K(72896K) NonClass: 57491K(57792K)->57491K(57792K) Class: 14797K(15104K)->14797K(15104K)
[31.557s][info][gc             ] GC(424) Pause Young (Allocation Failure) 224M->59M(509M) 0.878ms
[31.557s][info][gc,cpu         ] GC(424) User=0.00s Sys=0.00s Real=0.00s
[31.610s][info][gc,start       ] GC(425) Pause Young (Allocation Failure)
[31.611s][info][gc,heap        ] GC(425) PSYoungGen: 170848K(172032K)->1152K(172032K) Eden: 169472K(169472K)->0K(169472K) From: 1376K(2560K)->1152K(2560K)
[31.611s][info][gc,heap        ] GC(425) ParOldGen: 59179K(349696K)->59315K(349696K)
[31.611s][info][gc,metaspace   ] GC(425) Metaspace: 72294K(72896K)->72294K(72896K) NonClass: 57496K(57792K)->57496K(57792K) Class: 14797K(15104K)->14797K(15104K)
[31.611s][info][gc             ] GC(425) Pause Young (Allocation Failure) 224M->59M(509M) 0.864ms
[31.611s][info][gc,cpu         ] GC(425) User=0.52s Sys=0.00s Real=0.00s
[31.664s][info][gc,start       ] GC(426) Pause Young (Allocation Failure)
[31.665s][info][gc,heap        ] GC(426) PSYoungGen: 170623K(172032K)->1184K(172032K) Eden: 169471K(169472K)->0K(169472K) From: 1152K(2560K)->1184K(2560K)
[31.665s][info][gc,heap        ] GC(426) ParOldGen: 59315K(349696K)->59475K(349696K)
[31.665s][info][gc,metaspace   ] GC(426) Metaspace: 72294K(72896K)->72294K(72896K) NonClass: 57496K(57792K)->57496K(57792K) Class: 14797K(15104K)->14797K(15104K)
[31.665s][info][gc             ] GC(426) Pause Young (Allocation Failure) 224M->59M(509M) 0.888ms
[31.665s][info][gc,cpu         ] GC(426) User=0.00s Sys=0.00s Real=0.00s
[31.720s][info][gc,start       ] GC(427) Pause Young (Allocation Failure)
[31.720s][info][gc,heap        ] GC(427) PSYoungGen: 170656K(172032K)->1280K(172032K) Eden: 169472K(169472K)->0K(169472K) From: 1184K(2560K)->1280K(2560K)
[31.720s][info][gc,heap        ] GC(427) ParOldGen: 59475K(349696K)->59555K(349696K)
[31.720s][info][gc,metaspace   ] GC(427) Metaspace: 72295K(72896K)->72295K(72896K) NonClass: 57497K(57792K)->57497K(57792K) Class: 14797K(15104K)->14797K(15104K)
[31.720s][info][gc             ] GC(427) Pause Young (Allocation Failure) 224M->59M(509M) 0.897ms
[31.720s][info][gc,cpu         ] GC(427) User=0.00s Sys=0.00s Real=0.00s
[31.777s][info][gc,start       ] GC(428) Pause Young (Allocation Failure)
[31.778s][info][gc,heap        ] GC(428) PSYoungGen: 170752K(172032K)->1216K(172032K) Eden: 169472K(169472K)->0K(169472K) From: 1280K(2560K)->1216K(2560K)
[31.778s][info][gc,heap        ] GC(428) ParOldGen: 59555K(349696K)->59675K(349696K)
[31.778s][info][gc,metaspace   ] GC(428) Metaspace: 72301K(72896K)->72301K(72896K) NonClass: 57503K(57792K)->57503K(57792K) Class: 14797K(15104K)->14797K(15104K)
[31.778s][info][gc             ] GC(428) Pause Young (Allocation Failure) 224M->59M(509M) 0.861ms
[31.778s][info][gc,cpu         ] GC(428) User=0.00s Sys=0.00s Real=0.00s
[31.840s][info][gc,start       ] GC(429) Pause Young (Allocation Failure)
[31.840s][info][gc,heap        ] GC(429) PSYoungGen: 170688K(172032K)->1152K(172032K) Eden: 169472K(169472K)->0K(169472K) From: 1216K(2560K)->1152K(2560K)
[31.840s][info][gc,heap        ] GC(429) ParOldGen: 59675K(349696K)->59867K(349696K)
[31.840s][info][gc,metaspace   ] GC(429) Metaspace: 72304K(72896K)->72304K(72896K) NonClass: 57506K(57792K)->57506K(57792K) Class: 14797K(15104K)->14797K(15104K)
[31.840s][info][gc             ] GC(429) Pause Young (Allocation Failure) 224M->59M(509M) 0.855ms
[31.841s][info][gc,cpu         ] GC(429) User=0.00s Sys=0.00s Real=0.00s
[31.910s][info][gc,start       ] GC(430) Pause Young (Allocation Failure)
[31.911s][info][gc,heap        ] GC(430) PSYoungGen: 170624K(172032K)->1088K(172032K) Eden: 169472K(169472K)->0K(169472K) From: 1152K(2560K)->1088K(2560K)
[31.911s][info][gc,heap        ] GC(430) ParOldGen: 59867K(349696K)->60091K(349696K)
[31.911s][info][gc,metaspace   ] GC(430) Metaspace: 72324K(72896K)->72324K(72896K) NonClass: 57527K(57792K)->57527K(57792K) Class: 14797K(15104K)->14797K(15104K)
[31.911s][info][gc             ] GC(430) Pause Young (Allocation Failure) 225M->59M(509M) 0.842ms
[31.911s][info][gc,cpu         ] GC(430) User=0.00s Sys=0.00s Real=0.00s
[31.988s][info][gc,start       ] GC(431) Pause Young (Allocation Failure)
[31.989s][info][gc,heap        ] GC(431) PSYoungGen: 170560K(172032K)->928K(172032K) Eden: 169472K(169472K)->0K(169472K) From: 1088K(2560K)->928K(2560K)
[31.989s][info][gc,heap        ] GC(431) ParOldGen: 60091K(349696K)->60323K(349696K)
[31.989s][info][gc,metaspace   ] GC(431) Metaspace: 72324K(72896K)->72324K(72896K) NonClass: 57527K(57792K)->57527K(57792K) Class: 14797K(15104K)->14797K(15104K)
[31.989s][info][gc             ] GC(431) Pause Young (Allocation Failure) 225M->59M(509M) 0.755ms
[31.989s][info][gc,cpu         ] GC(431) User=0.00s Sys=0.00s Real=0.00s
[32.083s][info][gc,start       ] GC(432) Pause Young (Allocation Failure)
[32.084s][info][gc,heap        ] GC(432) PSYoungGen: 170400K(172032K)->736K(165888K) Eden: 169472K(169472K)->0K(164864K) From: 928K(2560K)->736K(1024K)
[32.084s][info][gc,heap        ] GC(432) ParOldGen: 60323K(349696K)->60531K(349696K)
[32.084s][info][gc,metaspace   ] GC(432) Metaspace: 72324K(72896K)->72324K(72896K) NonClass: 57527K(57792K)->57527K(57792K) Class: 14797K(15104K)->14797K(15104K)
[32.084s][info][gc             ] GC(432) Pause Young (Allocation Failure) 225M->59M(503M) 0.780ms
[32.084s][info][gc,cpu         ] GC(432) User=0.00s Sys=0.00s Real=0.00s
[32.179s][info][gc,start       ] GC(433) Pause Young (Allocation Failure)
[32.179s][info][gc,heap        ] GC(433) PSYoungGen: 165600K(165888K)->736K(161792K) Eden: 164864K(164864K)->0K(160768K) From: 736K(1024K)->736K(1024K)
[32.179s][info][gc,heap        ] GC(433) ParOldGen: 60531K(349696K)->60691K(349696K)
[32.179s][info][gc,metaspace   ] GC(433) Metaspace: 72324K(72896K)->72324K(72896K) NonClass: 57527K(57792K)->57527K(57792K) Class: 14797K(15104K)->14797K(15104K)
[32.179s][info][gc             ] GC(433) Pause Young (Allocation Failure) 220M->59M(499M) 0.687ms
[32.179s][info][gc,cpu         ] GC(433) User=0.00s Sys=0.00s Real=0.00s
[32.272s][info][gc,start       ] GC(434) Pause Young (Allocation Failure)
[32.273s][info][gc,heap        ] GC(434) PSYoungGen: 161504K(161792K)->704K(157696K) Eden: 160768K(160768K)->0K(156672K) From: 736K(1024K)->704K(1024K)
[32.273s][info][gc,heap        ] GC(434) ParOldGen: 60691K(349696K)->60739K(349696K)
[32.273s][info][gc,metaspace   ] GC(434) Metaspace: 72324K(72896K)->72324K(72896K) NonClass: 57527K(57792K)->57527K(57792K) Class: 14797K(15104K)->14797K(15104K)
[32.273s][info][gc             ] GC(434) Pause Young (Allocation Failure) 216M->60M(495M) 0.805ms
[32.273s][info][gc,cpu         ] GC(434) User=0.00s Sys=0.00s Real=0.00s
[32.363s][info][gc,start       ] GC(435) Pause Young (Allocation Failure)
[32.364s][info][gc,heap        ] GC(435) PSYoungGen: 157376K(157696K)->704K(153600K) Eden: 156672K(156672K)->0K(152576K) From: 704K(1024K)->704K(1024K)
[32.364s][info][gc,heap        ] GC(435) ParOldGen: 60739K(349696K)->60739K(349696K)
[32.364s][info][gc,metaspace   ] GC(435) Metaspace: 72324K(72896K)->72324K(72896K) NonClass: 57527K(57792K)->57527K(57792K) Class: 14797K(15104K)->14797K(15104K)
[32.364s][info][gc             ] GC(435) Pause Young (Allocation Failure) 213M->60M(491M) 0.667ms
[32.364s][info][gc,cpu         ] GC(435) User=0.00s Sys=0.00s Real=0.00s
[32.452s][info][gc,start       ] GC(436) Pause Young (Allocation Failure)
[32.453s][info][gc,heap        ] GC(436) PSYoungGen: 153280K(153600K)->672K(149504K) Eden: 152576K(152576K)->0K(148480K) From: 704K(1024K)->672K(1024K)
[32.453s][info][gc,heap        ] GC(436) ParOldGen: 60739K(349696K)->60803K(349696K)
[32.453s][info][gc,metaspace   ] GC(436) Metaspace: 72324K(72896K)->72324K(72896K) NonClass: 57527K(57792K)->57527K(57792K) Class: 14797K(15104K)->14797K(15104K)
[32.453s][info][gc             ] GC(436) Pause Young (Allocation Failure) 209M->60M(487M) 0.851ms
[32.453s][info][gc,cpu         ] GC(436) User=0.00s Sys=0.00s Real=0.00s
[32.539s][info][gc,start       ] GC(437) Pause Young (Allocation Failure)
[32.539s][info][gc,heap        ] GC(437) PSYoungGen: 149152K(149504K)->672K(145920K) Eden: 148480K(148480K)->0K(144896K) From: 672K(1024K)->672K(1024K)
[32.539s][info][gc,heap        ] GC(437) ParOldGen: 60803K(349696K)->60827K(349696K)
[32.539s][info][gc,metaspace   ] GC(437) Metaspace: 72324K(72896K)->72324K(72896K) NonClass: 57527K(57792K)->57527K(57792K) Class: 14797K(15104K)->14797K(15104K)
[32.539s][info][gc             ] GC(437) Pause Young (Allocation Failure) 205M->60M(484M) 0.707ms
[32.539s][info][gc,cpu         ] GC(437) User=0.00s Sys=0.00s Real=0.00s
[32.622s][info][gc,start       ] GC(438) Pause Young (Allocation Failure)
[32.623s][info][gc,heap        ] GC(438) PSYoungGen: 145568K(145920K)->672K(142336K) Eden: 144896K(144896K)->0K(141312K) From: 672K(1024K)->672K(1024K)
[32.623s][info][gc,heap        ] GC(438) ParOldGen: 60827K(349696K)->60827K(349696K)
[32.623s][info][gc,metaspace   ] GC(438) Metaspace: 72324K(72896K)->72324K(72896K) NonClass: 57527K(57792K)->57527K(57792K) Class: 14797K(15104K)->14797K(15104K)
[32.623s][info][gc             ] GC(438) Pause Young (Allocation Failure) 201M->60M(480M) 0.841ms
[32.623s][info][gc,cpu         ] GC(438) User=0.00s Sys=0.00s Real=0.00s
[32.704s][info][gc,start       ] GC(439) Pause Young (Allocation Failure)
[32.778s][info][gc,heap        ] GC(439) PSYoungGen: 141984K(142336K)->640K(138752K) Eden: 141312K(141312K)->0K(137728K) From: 672K(1024K)->640K(1024K)
[32.778s][info][gc,heap        ] GC(439) ParOldGen: 60827K(349696K)->60907K(349696K)
[32.778s][info][gc,metaspace   ] GC(439) Metaspace: 72324K(72896K)->72324K(72896K) NonClass: 57527K(57792K)->57527K(57792K) Class: 14797K(15104K)->14797K(15104K)
[32.778s][info][gc             ] GC(439) Pause Young (Allocation Failure) 198M->60M(477M) 73.956ms
[32.778s][info][gc,cpu         ] GC(439) User=0.00s Sys=0.00s Real=0.06s
[32.893s][info][gc,start       ] GC(440) Pause Young (Allocation Failure)
[32.893s][info][gc,heap        ] GC(440) PSYoungGen: 138368K(138752K)->672K(135680K) Eden: 137728K(137728K)->0K(134656K) From: 640K(1024K)->672K(1024K)
[32.893s][info][gc,heap        ] GC(440) ParOldGen: 60907K(349696K)->60915K(349696K)
[32.893s][info][gc,metaspace   ] GC(440) Metaspace: 72324K(72896K)->72324K(72896K) NonClass: 57527K(57792K)->57527K(57792K) Class: 14797K(15104K)->14797K(15104K)
[32.893s][info][gc             ] GC(440) Pause Young (Allocation Failure) 194M->60M(474M) 0.810ms
[32.893s][info][gc,cpu         ] GC(440) User=0.00s Sys=0.00s Real=0.00s
[32.971s][info][gc,start       ] GC(441) Pause Young (Allocation Failure)
[32.972s][info][gc,heap        ] GC(441) PSYoungGen: 135328K(135680K)->704K(132608K) Eden: 134656K(134656K)->0K(131584K) From: 672K(1024K)->704K(1024K)
[32.972s][info][gc,heap        ] GC(441) ParOldGen: 60915K(349696K)->60915K(349696K)
[32.972s][info][gc,metaspace   ] GC(441) Metaspace: 72324K(72896K)->72324K(72896K) NonClass: 57527K(57792K)->57527K(57792K) Class: 14797K(15104K)->14797K(15104K)
[32.972s][info][gc             ] GC(441) Pause Young (Allocation Failure) 191M->60M(471M) 0.685ms
[32.972s][info][gc,cpu         ] GC(441) User=0.00s Sys=0.00s Real=0.00s
[33.048s][info][gc,start       ] GC(442) Pause Young (Allocation Failure)
[33.048s][info][gc,heap        ] GC(442) PSYoungGen: 132288K(132608K)->672K(129536K) Eden: 131584K(131584K)->0K(128512K) From: 704K(1024K)->672K(1024K)
[33.048s][info][gc,heap        ] GC(442) ParOldGen: 60915K(349696K)->60987K(349696K)
[33.048s][info][gc,metaspace   ] GC(442) Metaspace: 72324K(72896K)->72324K(72896K) NonClass: 57527K(57792K)->57527K(57792K) Class: 14797K(15104K)->14797K(15104K)
[33.048s][info][gc             ] GC(442) Pause Young (Allocation Failure) 188M->60M(468M) 0.733ms
[33.048s][info][gc,cpu         ] GC(442) User=0.00s Sys=0.00s Real=0.00s
[33.122s][info][gc,start       ] GC(443) Pause Young (Allocation Failure)
[33.123s][info][gc,heap        ] GC(443) PSYoungGen: 129184K(129536K)->672K(126464K) Eden: 128512K(128512K)->0K(125440K) From: 672K(1024K)->672K(1024K)
[33.123s][info][gc,heap        ] GC(443) ParOldGen: 60987K(349696K)->60987K(349696K)
[33.123s][info][gc,metaspace   ] GC(443) Metaspace: 72324K(72896K)->72324K(72896K) NonClass: 57527K(57792K)->57527K(57792K) Class: 14797K(15104K)->14797K(15104K)
[33.123s][info][gc             ] GC(443) Pause Young (Allocation Failure) 185M->60M(465M) 0.652ms
[33.123s][info][gc,cpu         ] GC(443) User=0.00s Sys=0.00s Real=0.00s
[33.195s][info][gc,start       ] GC(444) Pause Young (Allocation Failure)
[33.195s][info][gc,heap        ] GC(444) PSYoungGen: 126112K(126464K)->672K(123904K) Eden: 125440K(125440K)->0K(122880K) From: 672K(1024K)->672K(1024K)
[33.195s][info][gc,heap        ] GC(444) ParOldGen: 60987K(349696K)->61075K(349696K)
[33.195s][info][gc,metaspace   ] GC(444) Metaspace: 72324K(72896K)->72324K(72896K) NonClass: 57527K(57792K)->57527K(57792K) Class: 14797K(15104K)->14797K(15104K)
[33.196s][info][gc             ] GC(444) Pause Young (Allocation Failure) 182M->60M(462M) 0.747ms
[33.196s][info][gc,cpu         ] GC(444) User=0.00s Sys=0.00s Real=0.00s
[33.266s][info][gc,start       ] GC(445) Pause Young (Allocation Failure)
[33.266s][info][gc,heap        ] GC(445) PSYoungGen: 123552K(123904K)->704K(121344K) Eden: 122880K(122880K)->0K(120320K) From: 672K(1024K)->704K(1024K)
[33.266s][info][gc,heap        ] GC(445) ParOldGen: 61075K(349696K)->61155K(349696K)
[33.266s][info][gc,metaspace   ] GC(445) Metaspace: 72324K(72896K)->72324K(72896K) NonClass: 57527K(57792K)->57527K(57792K) Class: 14797K(15104K)->14797K(15104K)
[33.266s][info][gc             ] GC(445) Pause Young (Allocation Failure) 180M->60M(460M) 0.659ms
[33.267s][info][gc,cpu         ] GC(445) User=0.00s Sys=0.00s Real=0.00s
[33.336s][info][gc,start       ] GC(446) Pause Young (Allocation Failure)
[33.336s][info][gc,heap        ] GC(446) PSYoungGen: 121024K(121344K)->672K(118784K) Eden: 120320K(120320K)->0K(117760K) From: 704K(1024K)->672K(1024K)
[33.336s][info][gc,heap        ] GC(446) ParOldGen: 61155K(349696K)->61171K(349696K)
[33.336s][info][gc,metaspace   ] GC(446) Metaspace: 72324K(72896K)->72324K(72896K) NonClass: 57527K(57792K)->57527K(57792K) Class: 14797K(15104K)->14797K(15104K)
[33.336s][info][gc             ] GC(446) Pause Young (Allocation Failure) 177M->60M(457M) 0.738ms
[33.336s][info][gc,cpu         ] GC(446) User=0.00s Sys=0.00s Real=0.00s
[33.405s][info][gc,start       ] GC(447) Pause Young (Allocation Failure)
[33.405s][info][gc,heap        ] GC(447) PSYoungGen: 118432K(118784K)->640K(116224K) Eden: 117760K(117760K)->0K(115200K) From: 672K(1024K)->640K(1024K)
[33.405s][info][gc,heap        ] GC(447) ParOldGen: 61171K(349696K)->61171K(349696K)
[33.405s][info][gc,metaspace   ] GC(447) Metaspace: 72324K(72896K)->72324K(72896K) NonClass: 57527K(57792K)->57527K(57792K) Class: 14797K(15104K)->14797K(15104K)
[33.405s][info][gc             ] GC(447) Pause Young (Allocation Failure) 175M->60M(455M) 0.676ms
[33.405s][info][gc,cpu         ] GC(447) User=0.00s Sys=0.00s Real=0.00s
[33.466s][info][gc,start       ] GC(448) Pause Young (System.gc())
[33.468s][info][gc,heap        ] GC(448) PSYoungGen: 44815K(116224K)->1184K(116736K) Eden: 44175K(115200K)->0K(115200K) From: 640K(1024K)->1184K(1536K)
[33.468s][info][gc,heap        ] GC(448) ParOldGen: 61171K(349696K)->61315K(349696K)
[33.468s][info][gc,metaspace   ] GC(448) Metaspace: 72343K(72896K)->72343K(72896K) NonClass: 57546K(57792K)->57546K(57792K) Class: 14797K(15104K)->14797K(15104K)
[33.468s][info][gc             ] GC(448) Pause Young (System.gc()) 103M->61M(455M) 1.804ms
[33.468s][info][gc,cpu         ] GC(448) User=0.00s Sys=0.00s Real=0.00s
[33.468s][info][gc,start       ] GC(449) Pause Full (System.gc())
[33.468s][info][gc,phases,start] GC(449) Marking Phase
[33.506s][info][gc,phases      ] GC(449) Marking Phase 37.951ms
[33.506s][info][gc,phases,start] GC(449) Summary Phase
[33.506s][info][gc,phases      ] GC(449) Summary Phase 0.014ms
[33.507s][info][gc,phases,start] GC(449) Adjust Roots
[33.518s][info][gc,phases      ] GC(449) Adjust Roots 11.190ms
[33.518s][info][gc,phases,start] GC(449) Compaction Phase
[33.526s][info][gc,phases      ] GC(449) Compaction Phase 8.311ms
[33.526s][info][gc,phases,start] GC(449) Post Compact
[33.527s][info][gc,phases      ] GC(449) Post Compact 0.669ms
[33.527s][info][gc,heap        ] GC(449) PSYoungGen: 1184K(116736K)->0K(116736K) Eden: 0K(115200K)->0K(115200K) From: 1184K(1536K)->0K(1536K)
[33.527s][info][gc,heap        ] GC(449) ParOldGen: 61315K(349696K)->35570K(349696K)
[33.527s][info][gc,metaspace   ] GC(449) Metaspace: 72343K(72896K)->72343K(72896K) NonClass: 57546K(57792K)->57546K(57792K) Class: 14797K(15104K)->14797K(15104K)
[33.527s][info][gc             ] GC(449) Pause Full (System.gc()) 61M->34M(455M) 58.408ms
[33.527s][info][gc,cpu         ] GC(449) User=0.61s Sys=0.02s Real=0.06s
[33.590s][info][gc,start       ] GC(450) Pause Young (Allocation Failure)
[33.592s][info][gc,heap        ] GC(450) PSYoungGen: 115200K(116736K)->2048K(114688K) Eden: 115200K(115200K)->0K(112640K) From: 0K(1536K)->2048K(2048K)
[33.592s][info][gc,heap        ] GC(450) ParOldGen: 35570K(349696K)->37018K(349696K)
[33.592s][info][gc,metaspace   ] GC(450) Metaspace: 72465K(72960K)->72465K(72960K) NonClass: 57667K(57856K)->57667K(57856K) Class: 14798K(15104K)->14798K(15104K)
[33.592s][info][gc             ] GC(450) Pause Young (Allocation Failure) 147M->38M(453M) 1.932ms
[33.592s][info][gc,cpu         ] GC(450) User=0.00s Sys=0.00s Real=0.00s
[33.621s][info][gc,start       ] GC(451) Pause Young (Allocation Failure)
[33.623s][info][gc,heap        ] GC(451) PSYoungGen: 114688K(114688K)->1024K(136192K) Eden: 112640K(112640K)->0K(135168K) From: 2048K(2048K)->1024K(1024K)
[33.623s][info][gc,heap        ] GC(451) ParOldGen: 37018K(349696K)->38786K(349696K)
[33.623s][info][gc,metaspace   ] GC(451) Metaspace: 72465K(72960K)->72465K(72960K) NonClass: 57667K(57856K)->57667K(57856K) Class: 14798K(15104K)->14798K(15104K)
[33.623s][info][gc             ] GC(451) Pause Young (Allocation Failure) 148M->38M(474M) 1.509ms
[33.623s][info][gc,cpu         ] GC(451) User=0.00s Sys=0.00s Real=0.00s
[33.657s][info][gc,start       ] GC(452) Pause Young (Allocation Failure)
[33.658s][info][gc,heap        ] GC(452) PSYoungGen: 136192K(136192K)->1888K(155136K) Eden: 135168K(135168K)->0K(152064K) From: 1024K(1024K)->1888K(3072K)
[33.658s][info][gc,heap        ] GC(452) ParOldGen: 38786K(349696K)->39042K(349696K)
[33.658s][info][gc,metaspace   ] GC(452) Metaspace: 72465K(72960K)->72465K(72960K) NonClass: 57667K(57856K)->57667K(57856K) Class: 14798K(15104K)->14798K(15104K)
[33.658s][info][gc             ] GC(452) Pause Young (Allocation Failure) 170M->39M(493M) 1.181ms
[33.658s][info][gc,cpu         ] GC(452) User=0.52s Sys=0.02s Real=0.00s
[33.696s][info][gc,start       ] GC(453) Pause Young (Allocation Failure)
[33.697s][info][gc,heap        ] GC(453) PSYoungGen: 153952K(155136K)->1856K(165888K) Eden: 152064K(152064K)->0K(162304K) From: 1888K(3072K)->1856K(3584K)
[33.697s][info][gc,heap        ] GC(453) ParOldGen: 39042K(349696K)->39290K(349696K)
[33.697s][info][gc,metaspace   ] GC(453) Metaspace: 72465K(72960K)->72465K(72960K) NonClass: 57667K(57856K)->57667K(57856K) Class: 14798K(15104K)->14798K(15104K)
[33.697s][info][gc             ] GC(453) Pause Young (Allocation Failure) 188M->40M(503M) 1.343ms
[33.697s][info][gc,cpu         ] GC(453) User=0.00s Sys=0.00s Real=0.00s
[33.737s][info][gc,start       ] GC(454) Pause Young (Allocation Failure)
[33.739s][info][gc,heap        ] GC(454) PSYoungGen: 164160K(165888K)->1856K(165888K) Eden: 162304K(162304K)->0K(162304K) From: 1856K(3584K)->1856K(3584K)
[33.739s][info][gc,heap        ] GC(454) ParOldGen: 39290K(349696K)->39530K(349696K)
[33.739s][info][gc,metaspace   ] GC(454) Metaspace: 72465K(72960K)->72465K(72960K) NonClass: 57667K(57856K)->57667K(57856K) Class: 14798K(15104K)->14798K(15104K)
[33.739s][info][gc             ] GC(454) Pause Young (Allocation Failure) 198M->40M(503M) 1.369ms
[33.739s][info][gc,cpu         ] GC(454) User=0.00s Sys=0.00s Real=0.00s
[33.779s][info][gc,start       ] GC(455) Pause Young (Allocation Failure)
[33.780s][info][gc,heap        ] GC(455) PSYoungGen: 164160K(165888K)->1984K(171008K) Eden: 162304K(162304K)->0K(167424K) From: 1856K(3584K)->1984K(3584K)
[33.780s][info][gc,heap        ] GC(455) ParOldGen: 39530K(349696K)->39698K(349696K)
[33.780s][info][gc,metaspace   ] GC(455) Metaspace: 72465K(72960K)->72465K(72960K) NonClass: 57667K(57856K)->57667K(57856K) Class: 14798K(15104K)->14798K(15104K)
[33.780s][info][gc             ] GC(455) Pause Young (Allocation Failure) 198M->40M(508M) 1.406ms
[33.780s][info][gc,cpu         ] GC(455) User=0.00s Sys=0.00s Real=0.00s
[33.821s][info][gc,start       ] GC(456) Pause Young (Allocation Failure)
[33.823s][info][gc,heap        ] GC(456) PSYoungGen: 169408K(171008K)->2016K(171008K) Eden: 167424K(167424K)->0K(167424K) From: 1984K(3584K)->2016K(3584K)
[33.823s][info][gc,heap        ] GC(456) ParOldGen: 39698K(349696K)->39898K(349696K)
[33.823s][info][gc,metaspace   ] GC(456) Metaspace: 72465K(72960K)->72465K(72960K) NonClass: 57667K(57856K)->57667K(57856K) Class: 14798K(15104K)->14798K(15104K)
[33.823s][info][gc             ] GC(456) Pause Young (Allocation Failure) 204M->40M(508M) 1.537ms
[33.823s][info][gc,cpu         ] GC(456) User=0.00s Sys=0.00s Real=0.00s
[33.864s][info][gc,start       ] GC(457) Pause Young (Allocation Failure)
[33.865s][info][gc,heap        ] GC(457) PSYoungGen: 169440K(171008K)->1824K(171008K) Eden: 167424K(167424K)->0K(167424K) From: 2016K(3584K)->1824K(3584K)
[33.865s][info][gc,heap        ] GC(457) ParOldGen: 39898K(349696K)->40098K(349696K)
[33.865s][info][gc,metaspace   ] GC(457) Metaspace: 72465K(72960K)->72465K(72960K) NonClass: 57667K(57856K)->57667K(57856K) Class: 14798K(15104K)->14798K(15104K)
[33.865s][info][gc             ] GC(457) Pause Young (Allocation Failure) 204M->40M(508M) 1.063ms
[33.865s][info][gc,cpu         ] GC(457) User=0.00s Sys=0.00s Real=0.00s
[33.906s][info][gc,start       ] GC(458) Pause Young (Allocation Failure)
[33.907s][info][gc,heap        ] GC(458) PSYoungGen: 169248K(171008K)->1824K(169472K) Eden: 167424K(167424K)->0K(167424K) From: 1824K(3584K)->1824K(2048K)
[33.907s][info][gc,heap        ] GC(458) ParOldGen: 40098K(349696K)->40274K(349696K)
[33.907s][info][gc,metaspace   ] GC(458) Metaspace: 72465K(72960K)->72465K(72960K) NonClass: 57667K(57856K)->57667K(57856K) Class: 14798K(15104K)->14798K(15104K)
[33.907s][info][gc             ] GC(458) Pause Young (Allocation Failure) 204M->41M(507M) 1.152ms
[33.907s][info][gc,cpu         ] GC(458) User=0.00s Sys=0.00s Real=0.00s
[33.948s][info][gc,start       ] GC(459) Pause Young (Allocation Failure)
[33.950s][info][gc,heap        ] GC(459) PSYoungGen: 169248K(169472K)->1888K(170496K) Eden: 167424K(167424K)->0K(167424K) From: 1824K(2048K)->1888K(3072K)
[33.950s][info][gc,heap        ] GC(459) ParOldGen: 40274K(349696K)->40474K(349696K)
[33.950s][info][gc,metaspace   ] GC(459) Metaspace: 72465K(72960K)->72465K(72960K) NonClass: 57667K(57856K)->57667K(57856K) Class: 14798K(15104K)->14798K(15104K)
[33.950s][info][gc             ] GC(459) Pause Young (Allocation Failure) 204M->41M(508M) 1.323ms
[33.950s][info][gc,cpu         ] GC(459) User=0.00s Sys=0.00s Real=0.00s
[33.991s][info][gc,start       ] GC(460) Pause Young (Allocation Failure)
[33.992s][info][gc,heap        ] GC(460) PSYoungGen: 169312K(170496K)->1920K(170496K) Eden: 167424K(167424K)->0K(167424K) From: 1888K(3072K)->1920K(3072K)
[33.992s][info][gc,heap        ] GC(460) ParOldGen: 40474K(349696K)->40690K(349696K)
[33.992s][info][gc,metaspace   ] GC(460) Metaspace: 72465K(72960K)->72465K(72960K) NonClass: 57667K(57856K)->57667K(57856K) Class: 14798K(15104K)->14798K(15104K)
[33.992s][info][gc             ] GC(460) Pause Young (Allocation Failure) 204M->41M(508M) 1.076ms
[33.992s][info][gc,cpu         ] GC(460) User=0.00s Sys=0.00s Real=0.00s
[34.033s][info][gc,start       ] GC(461) Pause Young (Allocation Failure)
[34.034s][info][gc,heap        ] GC(461) PSYoungGen: 169344K(170496K)->2016K(171520K) Eden: 167424K(167424K)->0K(168448K) From: 1920K(3072K)->2016K(3072K)
[34.034s][info][gc,heap        ] GC(461) ParOldGen: 40690K(349696K)->40834K(349696K)
[34.034s][info][gc,metaspace   ] GC(461) Metaspace: 72465K(72960K)->72465K(72960K) NonClass: 57667K(57856K)->57667K(57856K) Class: 14798K(15104K)->14798K(15104K)
[34.034s][info][gc             ] GC(461) Pause Young (Allocation Failure) 205M->41M(509M) 1.258ms
[34.034s][info][gc,cpu         ] GC(461) User=0.00s Sys=0.00s Real=0.00s
[34.076s][info][gc,start       ] GC(462) Pause Young (Allocation Failure)
[34.077s][info][gc,heap        ] GC(462) PSYoungGen: 170464K(171520K)->1824K(171520K) Eden: 168448K(168448K)->0K(168448K) From: 2016K(3072K)->1824K(3072K)
[34.077s][info][gc,heap        ] GC(462) ParOldGen: 40834K(349696K)->41042K(349696K)
[34.077s][info][gc,metaspace   ] GC(462) Metaspace: 72465K(72960K)->72465K(72960K) NonClass: 57667K(57856K)->57667K(57856K) Class: 14798K(15104K)->14798K(15104K)
[34.077s][info][gc             ] GC(462) Pause Young (Allocation Failure) 206M->41M(509M) 1.361ms
[34.077s][info][gc,cpu         ] GC(462) User=0.00s Sys=0.00s Real=0.00s
[34.118s][info][gc,start       ] GC(463) Pause Young (Allocation Failure)
[34.120s][info][gc,heap        ] GC(463) PSYoungGen: 170272K(171520K)->1792K(171520K) Eden: 168448K(168448K)->0K(168448K) From: 1824K(3072K)->1792K(3072K)
[34.120s][info][gc,heap        ] GC(463) ParOldGen: 41042K(349696K)->41306K(349696K)
[34.120s][info][gc,metaspace   ] GC(463) Metaspace: 72465K(72960K)->72465K(72960K) NonClass: 57667K(57856K)->57667K(57856K) Class: 14798K(15104K)->14798K(15104K)
[34.120s][info][gc             ] GC(463) Pause Young (Allocation Failure) 206M->42M(509M) 1.143ms
[34.120s][info][gc,cpu         ] GC(463) User=0.00s Sys=0.00s Real=0.00s
[34.161s][info][gc,start       ] GC(464) Pause Young (Allocation Failure)
[34.162s][info][gc,heap        ] GC(464) PSYoungGen: 170240K(171520K)->1888K(171520K) Eden: 168448K(168448K)->0K(168448K) From: 1792K(3072K)->1888K(3072K)
[34.162s][info][gc,heap        ] GC(464) ParOldGen: 41306K(349696K)->41498K(349696K)
[34.162s][info][gc,metaspace   ] GC(464) Metaspace: 72465K(72960K)->72465K(72960K) NonClass: 57667K(57856K)->57667K(57856K) Class: 14798K(15104K)->14798K(15104K)
[34.162s][info][gc             ] GC(464) Pause Young (Allocation Failure) 206M->42M(509M) 1.120ms
[34.162s][info][gc,cpu         ] GC(464) User=0.00s Sys=0.00s Real=0.00s
[34.203s][info][gc,start       ] GC(465) Pause Young (Allocation Failure)
[34.205s][info][gc,heap        ] GC(465) PSYoungGen: 170336K(171520K)->1824K(171520K) Eden: 168448K(168448K)->0K(168448K) From: 1888K(3072K)->1824K(3072K)
[34.205s][info][gc,heap        ] GC(465) ParOldGen: 41498K(349696K)->41690K(349696K)
[34.205s][info][gc,metaspace   ] GC(465) Metaspace: 72465K(72960K)->72465K(72960K) NonClass: 57667K(57856K)->57667K(57856K) Class: 14798K(15104K)->14798K(15104K)
[34.205s][info][gc             ] GC(465) Pause Young (Allocation Failure) 206M->42M(509M) 1.152ms
[34.205s][info][gc,cpu         ] GC(465) User=0.00s Sys=0.00s Real=0.00s
[34.246s][info][gc,start       ] GC(466) Pause Young (Allocation Failure)
[34.247s][info][gc,heap        ] GC(466) PSYoungGen: 170272K(171520K)->1728K(171520K) Eden: 168448K(168448K)->0K(168448K) From: 1824K(3072K)->1728K(3072K)
[34.247s][info][gc,heap        ] GC(466) ParOldGen: 41690K(349696K)->41882K(349696K)
[34.247s][info][gc,metaspace   ] GC(466) Metaspace: 72465K(72960K)->72465K(72960K) NonClass: 57667K(57856K)->57667K(57856K) Class: 14798K(15104K)->14798K(15104K)
[34.247s][info][gc             ] GC(466) Pause Young (Allocation Failure) 206M->42M(509M) 1.182ms
[34.247s][info][gc,cpu         ] GC(466) User=0.00s Sys=0.00s Real=0.00s
[34.288s][info][gc,start       ] GC(467) Pause Young (Allocation Failure)
[34.289s][info][gc,heap        ] GC(467) PSYoungGen: 170176K(171520K)->1824K(170496K) Eden: 168448K(168448K)->0K(168448K) From: 1728K(3072K)->1824K(2048K)
[34.289s][info][gc,heap        ] GC(467) ParOldGen: 41882K(349696K)->42082K(349696K)
[34.289s][info][gc,metaspace   ] GC(467) Metaspace: 72465K(72960K)->72465K(72960K) NonClass: 57667K(57856K)->57667K(57856K) Class: 14798K(15104K)->14798K(15104K)
[34.290s][info][gc             ] GC(467) Pause Young (Allocation Failure) 207M->42M(508M) 1.117ms
[34.290s][info][gc,cpu         ] GC(467) User=0.00s Sys=0.00s Real=0.00s
[34.331s][info][gc,start       ] GC(468) Pause Young (Allocation Failure)
[34.332s][info][gc,heap        ] GC(468) PSYoungGen: 170272K(170496K)->1728K(171008K) Eden: 168448K(168448K)->0K(168448K) From: 1824K(2048K)->1728K(2560K)
[34.332s][info][gc,heap        ] GC(468) ParOldGen: 42082K(349696K)->42282K(349696K)
[34.332s][info][gc,metaspace   ] GC(468) Metaspace: 72465K(72960K)->72465K(72960K) NonClass: 57667K(57856K)->57667K(57856K) Class: 14798K(15104K)->14798K(15104K)
[34.332s][info][gc             ] GC(468) Pause Young (Allocation Failure) 207M->42M(508M) 1.072ms
[34.332s][info][gc,cpu         ] GC(468) User=0.00s Sys=0.00s Real=0.00s
[34.373s][info][gc,start       ] GC(469) Pause Young (Allocation Failure)
[34.375s][info][gc,heap        ] GC(469) PSYoungGen: 170176K(171008K)->1888K(172032K) Eden: 168448K(168448K)->0K(169472K) From: 1728K(2560K)->1888K(2560K)
[34.375s][info][gc,heap        ] GC(469) ParOldGen: 42282K(349696K)->42458K(349696K)
[34.375s][info][gc,metaspace   ] GC(469) Metaspace: 72465K(72960K)->72465K(72960K) NonClass: 57667K(57856K)->57667K(57856K) Class: 14798K(15104K)->14798K(15104K)
[34.375s][info][gc             ] GC(469) Pause Young (Allocation Failure) 207M->43M(509M) 1.185ms
[34.375s][info][gc,cpu         ] GC(469) User=0.00s Sys=0.00s Real=0.00s
[34.416s][info][gc,start       ] GC(470) Pause Young (Allocation Failure)
[34.417s][info][gc,heap        ] GC(470) PSYoungGen: 171360K(172032K)->1920K(172032K) Eden: 169472K(169472K)->0K(169472K) From: 1888K(2560K)->1920K(2560K)
[34.417s][info][gc,heap        ] GC(470) ParOldGen: 42458K(349696K)->42658K(349696K)
[34.417s][info][gc,metaspace   ] GC(470) Metaspace: 72465K(72960K)->72465K(72960K) NonClass: 57667K(57856K)->57667K(57856K) Class: 14798K(15104K)->14798K(15104K)
[34.417s][info][gc             ] GC(470) Pause Young (Allocation Failure) 208M->43M(509M) 1.145ms
[34.417s][info][gc,cpu         ] GC(470) User=0.00s Sys=0.00s Real=0.00s
[34.459s][info][gc,start       ] GC(471) Pause Young (Allocation Failure)
[34.460s][info][gc,heap        ] GC(471) PSYoungGen: 171392K(172032K)->1824K(172032K) Eden: 169472K(169472K)->0K(169472K) From: 1920K(2560K)->1824K(2560K)
[34.460s][info][gc,heap        ] GC(471) ParOldGen: 42658K(349696K)->42794K(349696K)
[34.460s][info][gc,metaspace   ] GC(471) Metaspace: 72465K(72960K)->72465K(72960K) NonClass: 57667K(57856K)->57667K(57856K) Class: 14798K(15104K)->14798K(15104K)
[34.460s][info][gc             ] GC(471) Pause Young (Allocation Failure) 209M->43M(509M) 1.199ms
[34.460s][info][gc,cpu         ] GC(471) User=0.00s Sys=0.00s Real=0.00s
[34.502s][info][gc,start       ] GC(472) Pause Young (Allocation Failure)
[34.503s][info][gc,heap        ] GC(472) PSYoungGen: 171296K(172032K)->1792K(172032K) Eden: 169472K(169472K)->0K(169472K) From: 1824K(2560K)->1792K(2560K)
[34.503s][info][gc,heap        ] GC(472) ParOldGen: 42794K(349696K)->42970K(349696K)
[34.503s][info][gc,metaspace   ] GC(472) Metaspace: 72465K(72960K)->72465K(72960K) NonClass: 57667K(57856K)->57667K(57856K) Class: 14798K(15104K)->14798K(15104K)
[34.503s][info][gc             ] GC(472) Pause Young (Allocation Failure) 209M->43M(509M) 1.105ms
[34.503s][info][gc,cpu         ] GC(472) User=0.00s Sys=0.00s Real=0.00s
[34.545s][info][gc,start       ] GC(473) Pause Young (Allocation Failure)
[34.546s][info][gc,heap        ] GC(473) PSYoungGen: 171264K(172032K)->1824K(172032K) Eden: 169472K(169472K)->0K(169472K) From: 1792K(2560K)->1824K(2560K)
[34.546s][info][gc,heap        ] GC(473) ParOldGen: 42970K(349696K)->43178K(349696K)
[34.546s][info][gc,metaspace   ] GC(473) Metaspace: 72465K(72960K)->72465K(72960K) NonClass: 57667K(57856K)->57667K(57856K) Class: 14798K(15104K)->14798K(15104K)
[34.546s][info][gc             ] GC(473) Pause Young (Allocation Failure) 209M->43M(509M) 1.083ms
[34.546s][info][gc,cpu         ] GC(473) User=0.00s Sys=0.00s Real=0.00s
[34.588s][info][gc,start       ] GC(474) Pause Young (Allocation Failure)
[34.589s][info][gc,heap        ] GC(474) PSYoungGen: 171296K(172032K)->1856K(172032K) Eden: 169472K(169472K)->0K(169472K) From: 1824K(2560K)->1856K(2560K)
[34.589s][info][gc,heap        ] GC(474) ParOldGen: 43178K(349696K)->43338K(349696K)
[34.589s][info][gc,metaspace   ] GC(474) Metaspace: 72465K(72960K)->72465K(72960K) NonClass: 57667K(57856K)->57667K(57856K) Class: 14798K(15104K)->14798K(15104K)
[34.589s][info][gc             ] GC(474) Pause Young (Allocation Failure) 209M->44M(509M) 1.077ms
[34.589s][info][gc,cpu         ] GC(474) User=0.00s Sys=0.00s Real=0.00s
[34.631s][info][gc,start       ] GC(475) Pause Young (Allocation Failure)
[34.632s][info][gc,heap        ] GC(475) PSYoungGen: 171328K(172032K)->1920K(172032K) Eden: 169472K(169472K)->0K(169472K) From: 1856K(2560K)->1920K(2560K)
[34.632s][info][gc,heap        ] GC(475) ParOldGen: 43338K(349696K)->43498K(349696K)
[34.632s][info][gc,metaspace   ] GC(475) Metaspace: 72465K(72960K)->72465K(72960K) NonClass: 57667K(57856K)->57667K(57856K) Class: 14798K(15104K)->14798K(15104K)
[34.632s][info][gc             ] GC(475) Pause Young (Allocation Failure) 209M->44M(509M) 1.125ms
[34.632s][info][gc,cpu         ] GC(475) User=0.00s Sys=0.00s Real=0.00s
[34.673s][info][gc,start       ] GC(476) Pause Young (Allocation Failure)
[34.674s][info][gc,heap        ] GC(476) PSYoungGen: 171392K(172032K)->1920K(172032K) Eden: 169472K(169472K)->0K(169472K) From: 1920K(2560K)->1920K(2560K)
[34.674s][info][gc,heap        ] GC(476) ParOldGen: 43498K(349696K)->43698K(349696K)
[34.674s][info][gc,metaspace   ] GC(476) Metaspace: 72465K(72960K)->72465K(72960K) NonClass: 57667K(57856K)->57667K(57856K) Class: 14798K(15104K)->14798K(15104K)
[34.674s][info][gc             ] GC(476) Pause Young (Allocation Failure) 209M->44M(509M) 1.153ms
[34.674s][info][gc,cpu         ] GC(476) User=0.00s Sys=0.00s Real=0.00s
[34.716s][info][gc,start       ] GC(477) Pause Young (Allocation Failure)
[34.717s][info][gc,heap        ] GC(477) PSYoungGen: 171392K(172032K)->1888K(172032K) Eden: 169472K(169472K)->0K(169472K) From: 1920K(2560K)->1888K(2560K)
[34.717s][info][gc,heap        ] GC(477) ParOldGen: 43698K(349696K)->43858K(349696K)
[34.717s][info][gc,metaspace   ] GC(477) Metaspace: 72465K(72960K)->72465K(72960K) NonClass: 57667K(57856K)->57667K(57856K) Class: 14798K(15104K)->14798K(15104K)
[34.717s][info][gc             ] GC(477) Pause Young (Allocation Failure) 210M->44M(509M) 1.060ms
[34.717s][info][gc,cpu         ] GC(477) User=0.00s Sys=0.00s Real=0.00s
[34.759s][info][gc,start       ] GC(478) Pause Young (Allocation Failure)
[34.760s][info][gc,heap        ] GC(478) PSYoungGen: 171360K(172032K)->1888K(172032K) Eden: 169472K(169472K)->0K(169472K) From: 1888K(2560K)->1888K(2560K)
[34.760s][info][gc,heap        ] GC(478) ParOldGen: 43858K(349696K)->44058K(349696K)
[34.760s][info][gc,metaspace   ] GC(478) Metaspace: 72465K(72960K)->72465K(72960K) NonClass: 57667K(57856K)->57667K(57856K) Class: 14798K(15104K)->14798K(15104K)
[34.760s][info][gc             ] GC(478) Pause Young (Allocation Failure) 210M->44M(509M) 1.074ms
[34.760s][info][gc,cpu         ] GC(478) User=0.00s Sys=0.00s Real=0.00s
[34.802s][info][gc,start       ] GC(479) Pause Young (Allocation Failure)
[34.803s][info][gc,heap        ] GC(479) PSYoungGen: 171360K(172032K)->1760K(172032K) Eden: 169472K(169472K)->0K(169472K) From: 1888K(2560K)->1760K(2560K)
[34.803s][info][gc,heap        ] GC(479) ParOldGen: 44058K(349696K)->44242K(349696K)
[34.803s][info][gc,metaspace   ] GC(479) Metaspace: 72465K(72960K)->72465K(72960K) NonClass: 57667K(57856K)->57667K(57856K) Class: 14798K(15104K)->14798K(15104K)
[34.803s][info][gc             ] GC(479) Pause Young (Allocation Failure) 210M->44M(509M) 1.087ms
[34.803s][info][gc,cpu         ] GC(479) User=0.00s Sys=0.00s Real=0.00s
[34.844s][info][gc,start       ] GC(480) Pause Young (Allocation Failure)
[34.845s][info][gc,heap        ] GC(480) PSYoungGen: 171232K(172032K)->1888K(172032K) Eden: 169472K(169472K)->0K(169472K) From: 1760K(2560K)->1888K(2560K)
[34.845s][info][gc,heap        ] GC(480) ParOldGen: 44242K(349696K)->44394K(349696K)
[34.845s][info][gc,metaspace   ] GC(480) Metaspace: 72465K(72960K)->72465K(72960K) NonClass: 57667K(57856K)->57667K(57856K) Class: 14798K(15104K)->14798K(15104K)
[34.845s][info][gc             ] GC(480) Pause Young (Allocation Failure) 210M->45M(509M) 1.084ms
[34.845s][info][gc,cpu         ] GC(480) User=0.00s Sys=0.00s Real=0.00s
[34.887s][info][gc,start       ] GC(481) Pause Young (Allocation Failure)
[34.888s][info][gc,heap        ] GC(481) PSYoungGen: 171360K(172032K)->1856K(172032K) Eden: 169472K(169472K)->0K(169472K) From: 1888K(2560K)->1856K(2560K)
[34.888s][info][gc,heap        ] GC(481) ParOldGen: 44394K(349696K)->44602K(349696K)
[34.888s][info][gc,metaspace   ] GC(481) Metaspace: 72465K(72960K)->72465K(72960K) NonClass: 57667K(57856K)->57667K(57856K) Class: 14798K(15104K)->14798K(15104K)
[34.888s][info][gc             ] GC(481) Pause Young (Allocation Failure) 210M->45M(509M) 1.130ms
[34.888s][info][gc,cpu         ] GC(481) User=0.00s Sys=0.00s Real=0.00s
[34.930s][info][gc,start       ] GC(482) Pause Young (Allocation Failure)
[34.931s][info][gc,heap        ] GC(482) PSYoungGen: 171328K(172032K)->1888K(172032K) Eden: 169472K(169472K)->0K(169472K) From: 1856K(2560K)->1888K(2560K)
[34.931s][info][gc,heap        ] GC(482) ParOldGen: 44602K(349696K)->44754K(349696K)
[34.931s][info][gc,metaspace   ] GC(482) Metaspace: 72465K(72960K)->72465K(72960K) NonClass: 57667K(57856K)->57667K(57856K) Class: 14798K(15104K)->14798K(15104K)
[34.931s][info][gc             ] GC(482) Pause Young (Allocation Failure) 210M->45M(509M) 1.113ms
[34.931s][info][gc,cpu         ] GC(482) User=0.00s Sys=0.00s Real=0.00s
[34.972s][info][gc,start       ] GC(483) Pause Young (Allocation Failure)
[34.973s][info][gc,heap        ] GC(483) PSYoungGen: 171360K(172032K)->1888K(172032K) Eden: 169472K(169472K)->0K(169472K) From: 1888K(2560K)->1888K(2560K)
[34.973s][info][gc,heap        ] GC(483) ParOldGen: 44754K(349696K)->44954K(349696K)
[34.973s][info][gc,metaspace   ] GC(483) Metaspace: 72465K(72960K)->72465K(72960K) NonClass: 57667K(57856K)->57667K(57856K) Class: 14798K(15104K)->14798K(15104K)
[34.973s][info][gc             ] GC(483) Pause Young (Allocation Failure) 211M->45M(509M) 1.112ms
[34.973s][info][gc,cpu         ] GC(483) User=0.00s Sys=0.00s Real=0.00s
[35.015s][info][gc,start       ] GC(484) Pause Young (Allocation Failure)
[35.016s][info][gc,heap        ] GC(484) PSYoungGen: 171360K(172032K)->1888K(172032K) Eden: 169472K(169472K)->0K(169472K) From: 1888K(2560K)->1888K(2560K)
[35.016s][info][gc,heap        ] GC(484) ParOldGen: 44954K(349696K)->45138K(349696K)
[35.016s][info][gc,metaspace   ] GC(484) Metaspace: 72465K(72960K)->72465K(72960K) NonClass: 57667K(57856K)->57667K(57856K) Class: 14798K(15104K)->14798K(15104K)
[35.016s][info][gc             ] GC(484) Pause Young (Allocation Failure) 211M->45M(509M) 1.095ms
[35.016s][info][gc,cpu         ] GC(484) User=0.52s Sys=0.00s Real=0.00s
[35.058s][info][gc,start       ] GC(485) Pause Young (Allocation Failure)
[35.059s][info][gc,heap        ] GC(485) PSYoungGen: 171360K(172032K)->1920K(172032K) Eden: 169472K(169472K)->0K(169472K) From: 1888K(2560K)->1920K(2560K)
[35.059s][info][gc,heap        ] GC(485) ParOldGen: 45138K(349696K)->45298K(349696K)
[35.059s][info][gc,metaspace   ] GC(485) Metaspace: 72465K(72960K)->72465K(72960K) NonClass: 57667K(57856K)->57667K(57856K) Class: 14798K(15104K)->14798K(15104K)
[35.059s][info][gc             ] GC(485) Pause Young (Allocation Failure) 211M->46M(509M) 1.091ms
[35.059s][info][gc,cpu         ] GC(485) User=0.00s Sys=0.00s Real=0.00s
[35.100s][info][gc,start       ] GC(486) Pause Young (Allocation Failure)
[35.102s][info][gc,heap        ] GC(486) PSYoungGen: 171392K(172032K)->1888K(172032K) Eden: 169472K(169472K)->0K(169472K) From: 1920K(2560K)->1888K(2560K)
[35.102s][info][gc,heap        ] GC(486) ParOldGen: 45298K(349696K)->45490K(349696K)
[35.102s][info][gc,metaspace   ] GC(486) Metaspace: 72465K(72960K)->72465K(72960K) NonClass: 57667K(57856K)->57667K(57856K) Class: 14798K(15104K)->14798K(15104K)
[35.102s][info][gc             ] GC(486) Pause Young (Allocation Failure) 211M->46M(509M) 1.154ms
[35.102s][info][gc,cpu         ] GC(486) User=0.00s Sys=0.00s Real=0.00s
[35.143s][info][gc,start       ] GC(487) Pause Young (Allocation Failure)
[35.144s][info][gc,heap        ] GC(487) PSYoungGen: 171360K(172032K)->1792K(172032K) Eden: 169472K(169472K)->0K(169472K) From: 1888K(2560K)->1792K(2560K)
[35.144s][info][gc,heap        ] GC(487) ParOldGen: 45490K(349696K)->45754K(349696K)
[35.144s][info][gc,metaspace   ] GC(487) Metaspace: 72465K(72960K)->72465K(72960K) NonClass: 57667K(57856K)->57667K(57856K) Class: 14798K(15104K)->14798K(15104K)
[35.144s][info][gc             ] GC(487) Pause Young (Allocation Failure) 211M->46M(509M) 1.180ms
[35.144s][info][gc,cpu         ] GC(487) User=0.00s Sys=0.00s Real=0.00s
[35.186s][info][gc,start       ] GC(488) Pause Young (Allocation Failure)
[35.187s][info][gc,heap        ] GC(488) PSYoungGen: 171264K(172032K)->1856K(172032K) Eden: 169472K(169472K)->0K(169472K) From: 1792K(2560K)->1856K(2560K)
[35.187s][info][gc,heap        ] GC(488) ParOldGen: 45754K(349696K)->45930K(349696K)
[35.187s][info][gc,metaspace   ] GC(488) Metaspace: 72465K(72960K)->72465K(72960K) NonClass: 57667K(57856K)->57667K(57856K) Class: 14798K(15104K)->14798K(15104K)
[35.187s][info][gc             ] GC(488) Pause Young (Allocation Failure) 211M->46M(509M) 1.091ms
[35.187s][info][gc,cpu         ] GC(488) User=0.00s Sys=0.00s Real=0.00s
[35.229s][info][gc,start       ] GC(489) Pause Young (Allocation Failure)
[35.230s][info][gc,heap        ] GC(489) PSYoungGen: 171328K(172032K)->1824K(172032K) Eden: 169472K(169472K)->0K(169472K) From: 1856K(2560K)->1824K(2560K)
[35.230s][info][gc,heap        ] GC(489) ParOldGen: 45930K(349696K)->46114K(349696K)
[35.230s][info][gc,metaspace   ] GC(489) Metaspace: 72465K(72960K)->72465K(72960K) NonClass: 57667K(57856K)->57667K(57856K) Class: 14798K(15104K)->14798K(15104K)
[35.230s][info][gc             ] GC(489) Pause Young (Allocation Failure) 212M->46M(509M) 1.108ms
[35.230s][info][gc,cpu         ] GC(489) User=0.00s Sys=0.00s Real=0.00s
[35.271s][info][gc,start       ] GC(490) Pause Young (Allocation Failure)
[35.272s][info][gc,heap        ] GC(490) PSYoungGen: 171296K(172032K)->1888K(172032K) Eden: 169472K(169472K)->0K(169472K) From: 1824K(2560K)->1888K(2560K)
[35.272s][info][gc,heap        ] GC(490) ParOldGen: 46114K(349696K)->46346K(349696K)
[35.272s][info][gc,metaspace   ] GC(490) Metaspace: 72465K(72960K)->72465K(72960K) NonClass: 57667K(57856K)->57667K(57856K) Class: 14798K(15104K)->14798K(15104K)
[35.272s][info][gc             ] GC(490) Pause Young (Allocation Failure) 212M->47M(509M) 1.106ms
[35.273s][info][gc,cpu         ] GC(490) User=0.00s Sys=0.00s Real=0.00s
[35.314s][info][gc,start       ] GC(491) Pause Young (Allocation Failure)
[35.315s][info][gc,heap        ] GC(491) PSYoungGen: 171360K(172032K)->1824K(171520K) Eden: 169472K(169472K)->0K(169472K) From: 1888K(2560K)->1824K(2048K)
[35.315s][info][gc,heap        ] GC(491) ParOldGen: 46346K(349696K)->46546K(349696K)
[35.315s][info][gc,metaspace   ] GC(491) Metaspace: 72465K(72960K)->72465K(72960K) NonClass: 57667K(57856K)->57667K(57856K) Class: 14798K(15104K)->14798K(15104K)
[35.315s][info][gc             ] GC(491) Pause Young (Allocation Failure) 212M->47M(509M) 1.188ms
[35.315s][info][gc,cpu         ] GC(491) User=0.00s Sys=0.00s Real=0.00s
[35.357s][info][gc,start       ] GC(492) Pause Young (Allocation Failure)
[35.358s][info][gc,heap        ] GC(492) PSYoungGen: 171296K(171520K)->1824K(172032K) Eden: 169472K(169472K)->0K(169984K) From: 1824K(2048K)->1824K(2048K)
[35.358s][info][gc,heap        ] GC(492) ParOldGen: 46546K(349696K)->46730K(349696K)
[35.358s][info][gc,metaspace   ] GC(492) Metaspace: 72465K(72960K)->72465K(72960K) NonClass: 57667K(57856K)->57667K(57856K) Class: 14798K(15104K)->14798K(15104K)
[35.358s][info][gc             ] GC(492) Pause Young (Allocation Failure) 212M->47M(509M) 1.128ms
[35.358s][info][gc,cpu         ] GC(492) User=0.00s Sys=0.00s Real=0.00s
[35.400s][info][gc,start       ] GC(493) Pause Young (Allocation Failure)
[35.401s][info][gc,heap        ] GC(493) PSYoungGen: 171808K(172032K)->1856K(172544K) Eden: 169984K(169984K)->0K(170496K) From: 1824K(2048K)->1856K(2048K)
[35.401s][info][gc,heap        ] GC(493) ParOldGen: 46730K(349696K)->46890K(349696K)
[35.401s][info][gc,metaspace   ] GC(493) Metaspace: 72465K(72960K)->72465K(72960K) NonClass: 57667K(57856K)->57667K(57856K) Class: 14798K(15104K)->14798K(15104K)
[35.401s][info][gc             ] GC(493) Pause Young (Allocation Failure) 213M->47M(510M) 1.142ms
[35.401s][info][gc,cpu         ] GC(493) User=0.00s Sys=0.00s Real=0.00s
[35.443s][info][gc,start       ] GC(494) Pause Young (Allocation Failure)
[35.444s][info][gc,heap        ] GC(494) PSYoungGen: 172352K(172544K)->1888K(172544K) Eden: 170496K(170496K)->0K(170496K) From: 1856K(2048K)->1888K(2048K)
[35.444s][info][gc,heap        ] GC(494) ParOldGen: 46890K(349696K)->47074K(349696K)
[35.444s][info][gc,metaspace   ] GC(494) Metaspace: 72465K(72960K)->72465K(72960K) NonClass: 57667K(57856K)->57667K(57856K) Class: 14798K(15104K)->14798K(15104K)
[35.444s][info][gc             ] GC(494) Pause Young (Allocation Failure) 214M->47M(510M) 1.131ms
[35.444s][info][gc,cpu         ] GC(494) User=0.00s Sys=0.00s Real=0.00s
[35.486s][info][gc,start       ] GC(495) Pause Young (Allocation Failure)
[35.487s][info][gc,heap        ] GC(495) PSYoungGen: 172384K(172544K)->1920K(172544K) Eden: 170496K(170496K)->0K(170496K) From: 1888K(2048K)->1920K(2048K)
[35.487s][info][gc,heap        ] GC(495) ParOldGen: 47074K(349696K)->47234K(349696K)
[35.487s][info][gc,metaspace   ] GC(495) Metaspace: 72465K(72960K)->72465K(72960K) NonClass: 57667K(57856K)->57667K(57856K) Class: 14798K(15104K)->14798K(15104K)
[35.487s][info][gc             ] GC(495) Pause Young (Allocation Failure) 214M->48M(510M) 1.101ms
[35.487s][info][gc,cpu         ] GC(495) User=0.00s Sys=0.00s Real=0.00s
[35.529s][info][gc,start       ] GC(496) Pause Young (Allocation Failure)
[35.530s][info][gc,heap        ] GC(496) PSYoungGen: 172416K(172544K)->1888K(172544K) Eden: 170496K(170496K)->0K(170496K) From: 1920K(2048K)->1888K(2048K)
[35.530s][info][gc,heap        ] GC(496) ParOldGen: 47234K(349696K)->47442K(349696K)
[35.530s][info][gc,metaspace   ] GC(496) Metaspace: 72465K(72960K)->72465K(72960K) NonClass: 57667K(57856K)->57667K(57856K) Class: 14798K(15104K)->14798K(15104K)
[35.530s][info][gc             ] GC(496) Pause Young (Allocation Failure) 214M->48M(510M) 1.189ms
[35.530s][info][gc,cpu         ] GC(496) User=0.00s Sys=0.00s Real=0.00s
[35.572s][info][gc,start       ] GC(497) Pause Young (Allocation Failure)
[35.573s][info][gc,heap        ] GC(497) PSYoungGen: 172384K(172544K)->1888K(172544K) Eden: 170496K(170496K)->0K(170496K) From: 1888K(2048K)->1888K(2048K)
[35.573s][info][gc,heap        ] GC(497) ParOldGen: 47442K(349696K)->47642K(349696K)
[35.573s][info][gc,metaspace   ] GC(497) Metaspace: 72465K(72960K)->72465K(72960K) NonClass: 57667K(57856K)->57667K(57856K) Class: 14798K(15104K)->14798K(15104K)
[35.573s][info][gc             ] GC(497) Pause Young (Allocation Failure) 214M->48M(510M) 1.078ms
[35.573s][info][gc,cpu         ] GC(497) User=0.00s Sys=0.00s Real=0.00s
[35.615s][info][gc,start       ] GC(498) Pause Young (Allocation Failure)
[35.616s][info][gc,heap        ] GC(498) PSYoungGen: 172384K(172544K)->1888K(172544K) Eden: 170496K(170496K)->0K(170496K) From: 1888K(2048K)->1888K(2048K)
[35.616s][info][gc,heap        ] GC(498) ParOldGen: 47642K(349696K)->47826K(349696K)
[35.616s][info][gc,metaspace   ] GC(498) Metaspace: 72465K(72960K)->72465K(72960K) NonClass: 57667K(57856K)->57667K(57856K) Class: 14798K(15104K)->14798K(15104K)
[35.616s][info][gc             ] GC(498) Pause Young (Allocation Failure) 214M->48M(510M) 1.296ms
[35.616s][info][gc,cpu         ] GC(498) User=0.00s Sys=0.00s Real=0.00s
[35.659s][info][gc,start       ] GC(499) Pause Young (Allocation Failure)
[35.660s][info][gc,heap        ] GC(499) PSYoungGen: 172384K(172544K)->1792K(172544K) Eden: 170496K(170496K)->0K(170496K) From: 1888K(2048K)->1792K(2048K)
[35.660s][info][gc,heap        ] GC(499) ParOldGen: 47826K(349696K)->48002K(349696K)
[35.660s][info][gc,metaspace   ] GC(499) Metaspace: 72465K(72960K)->72465K(72960K) NonClass: 57667K(57856K)->57667K(57856K) Class: 14798K(15104K)->14798K(15104K)
[35.660s][info][gc             ] GC(499) Pause Young (Allocation Failure) 215M->48M(510M) 1.121ms
[35.660s][info][gc,cpu         ] GC(499) User=0.00s Sys=0.00s Real=0.00s
[35.702s][info][gc,start       ] GC(500) Pause Young (Allocation Failure)
[35.703s][info][gc,heap        ] GC(500) PSYoungGen: 172288K(172544K)->1856K(172544K) Eden: 170496K(170496K)->0K(170496K) From: 1792K(2048K)->1856K(2048K)
[35.703s][info][gc,heap        ] GC(500) ParOldGen: 48002K(349696K)->48202K(349696K)
[35.703s][info][gc,metaspace   ] GC(500) Metaspace: 72465K(72960K)->72465K(72960K) NonClass: 57667K(57856K)->57667K(57856K) Class: 14798K(15104K)->14798K(15104K)
[35.703s][info][gc             ] GC(500) Pause Young (Allocation Failure) 215M->48M(510M) 1.172ms
[35.703s][info][gc,cpu         ] GC(500) User=0.00s Sys=0.00s Real=0.00s
[35.745s][info][gc,start       ] GC(501) Pause Young (Allocation Failure)
[35.746s][info][gc,heap        ] GC(501) PSYoungGen: 172352K(172544K)->1888K(172544K) Eden: 170496K(170496K)->0K(170496K) From: 1856K(2048K)->1888K(2048K)
[35.746s][info][gc,heap        ] GC(501) ParOldGen: 48202K(349696K)->48370K(349696K)
[35.746s][info][gc,metaspace   ] GC(501) Metaspace: 72465K(72960K)->72465K(72960K) NonClass: 57667K(57856K)->57667K(57856K) Class: 14798K(15104K)->14798K(15104K)
[35.746s][info][gc             ] GC(501) Pause Young (Allocation Failure) 215M->49M(510M) 1.147ms
[35.746s][info][gc,cpu         ] GC(501) User=0.00s Sys=0.00s Real=0.00s
[35.788s][info][gc,start       ] GC(502) Pause Young (Allocation Failure)
[35.789s][info][gc,heap        ] GC(502) PSYoungGen: 172384K(172544K)->1856K(172544K) Eden: 170496K(170496K)->0K(170496K) From: 1888K(2048K)->1856K(2048K)
[35.789s][info][gc,heap        ] GC(502) ParOldGen: 48370K(349696K)->48562K(349696K)
[35.789s][info][gc,metaspace   ] GC(502) Metaspace: 72465K(72960K)->72465K(72960K) NonClass: 57667K(57856K)->57667K(57856K) Class: 14798K(15104K)->14798K(15104K)
[35.789s][info][gc             ] GC(502) Pause Young (Allocation Failure) 215M->49M(510M) 1.214ms
[35.789s][info][gc,cpu         ] GC(502) User=0.00s Sys=0.00s Real=0.00s
[35.831s][info][gc,start       ] GC(503) Pause Young (Allocation Failure)
[35.832s][info][gc,heap        ] GC(503) PSYoungGen: 172352K(172544K)->1792K(172544K) Eden: 170496K(170496K)->0K(170496K) From: 1856K(2048K)->1792K(2048K)
[35.833s][info][gc,heap        ] GC(503) ParOldGen: 48562K(349696K)->48738K(349696K)
[35.833s][info][gc,metaspace   ] GC(503) Metaspace: 72465K(72960K)->72465K(72960K) NonClass: 57667K(57856K)->57667K(57856K) Class: 14798K(15104K)->14798K(15104K)
[35.833s][info][gc             ] GC(503) Pause Young (Allocation Failure) 215M->49M(510M) 1.140ms
[35.833s][info][gc,cpu         ] GC(503) User=0.00s Sys=0.00s Real=0.00s
[35.875s][info][gc,start       ] GC(504) Pause Young (Allocation Failure)
[35.876s][info][gc,heap        ] GC(504) PSYoungGen: 172288K(172544K)->1856K(172544K) Eden: 170496K(170496K)->0K(170496K) From: 1792K(2048K)->1856K(2048K)
[35.876s][info][gc,heap        ] GC(504) ParOldGen: 48738K(349696K)->48906K(349696K)
[35.876s][info][gc,metaspace   ] GC(504) Metaspace: 72465K(72960K)->72465K(72960K) NonClass: 57667K(57856K)->57667K(57856K) Class: 14798K(15104K)->14798K(15104K)
[35.876s][info][gc             ] GC(504) Pause Young (Allocation Failure) 215M->49M(510M) 1.016ms
[35.876s][info][gc,cpu         ] GC(504) User=0.36s Sys=0.00s Real=0.00s
[35.918s][info][gc,start       ] GC(505) Pause Young (Allocation Failure)
[35.919s][info][gc,heap        ] GC(505) PSYoungGen: 172352K(172544K)->1824K(172544K) Eden: 170496K(170496K)->0K(170496K) From: 1856K(2048K)->1824K(2048K)
[35.919s][info][gc,heap        ] GC(505) ParOldGen: 48906K(349696K)->49130K(349696K)
[35.919s][info][gc,metaspace   ] GC(505) Metaspace: 72465K(72960K)->72465K(72960K) NonClass: 57667K(57856K)->57667K(57856K) Class: 14798K(15104K)->14798K(15104K)
[35.919s][info][gc             ] GC(505) Pause Young (Allocation Failure) 216M->49M(510M) 1.095ms
[35.919s][info][gc,cpu         ] GC(505) User=0.00s Sys=0.00s Real=0.00s
[35.960s][info][gc,start       ] GC(506) Pause Young (Allocation Failure)
[35.961s][info][gc,heap        ] GC(506) PSYoungGen: 172320K(172544K)->1856K(172544K) Eden: 170496K(170496K)->0K(170496K) From: 1824K(2048K)->1856K(2048K)
[35.961s][info][gc,heap        ] GC(506) ParOldGen: 49130K(349696K)->49282K(349696K)
[35.961s][info][gc,metaspace   ] GC(506) Metaspace: 72465K(72960K)->72465K(72960K) NonClass: 57667K(57856K)->57667K(57856K) Class: 14798K(15104K)->14798K(15104K)
[35.961s][info][gc             ] GC(506) Pause Young (Allocation Failure) 216M->49M(510M) 1.047ms
[35.961s][info][gc,cpu         ] GC(506) User=0.00s Sys=0.00s Real=0.00s
[36.003s][info][gc,start       ] GC(507) Pause Young (Allocation Failure)
[36.004s][info][gc,heap        ] GC(507) PSYoungGen: 172352K(172544K)->1920K(172544K) Eden: 170496K(170496K)->0K(170496K) From: 1856K(2048K)->1920K(2048K)
[36.004s][info][gc,heap        ] GC(507) ParOldGen: 49282K(349696K)->49458K(349696K)
[36.004s][info][gc,metaspace   ] GC(507) Metaspace: 72465K(72960K)->72465K(72960K) NonClass: 57667K(57856K)->57667K(57856K) Class: 14798K(15104K)->14798K(15104K)
[36.004s][info][gc             ] GC(507) Pause Young (Allocation Failure) 216M->50M(510M) 1.086ms
[36.004s][info][gc,cpu         ] GC(507) User=0.00s Sys=0.00s Real=0.00s
[36.046s][info][gc,start       ] GC(508) Pause Young (Allocation Failure)
[36.047s][info][gc,heap        ] GC(508) PSYoungGen: 172416K(172544K)->1824K(172544K) Eden: 170496K(170496K)->0K(170496K) From: 1920K(2048K)->1824K(2048K)
[36.047s][info][gc,heap        ] GC(508) ParOldGen: 49458K(349696K)->49634K(349696K)
[36.047s][info][gc,metaspace   ] GC(508) Metaspace: 72465K(72960K)->72465K(72960K) NonClass: 57667K(57856K)->57667K(57856K) Class: 14798K(15104K)->14798K(15104K)
[36.047s][info][gc             ] GC(508) Pause Young (Allocation Failure) 216M->50M(510M) 1.083ms
[36.047s][info][gc,cpu         ] GC(508) User=0.00s Sys=0.00s Real=0.00s
[36.089s][info][gc,start       ] GC(509) Pause Young (Allocation Failure)
[36.090s][info][gc,heap        ] GC(509) PSYoungGen: 172320K(172544K)->1824K(172544K) Eden: 170496K(170496K)->0K(170496K) From: 1824K(2048K)->1824K(2048K)
[36.090s][info][gc,heap        ] GC(509) ParOldGen: 49634K(349696K)->49802K(349696K)
[36.090s][info][gc,metaspace   ] GC(509) Metaspace: 72465K(72960K)->72465K(72960K) NonClass: 57667K(57856K)->57667K(57856K) Class: 14798K(15104K)->14798K(15104K)
[36.090s][info][gc             ] GC(509) Pause Young (Allocation Failure) 216M->50M(510M) 1.171ms
[36.090s][info][gc,cpu         ] GC(509) User=0.00s Sys=0.00s Real=0.00s
[36.132s][info][gc,start       ] GC(510) Pause Young (Allocation Failure)
[36.133s][info][gc,heap        ] GC(510) PSYoungGen: 172320K(172544K)->1824K(172544K) Eden: 170496K(170496K)->0K(170496K) From: 1824K(2048K)->1824K(2048K)
[36.133s][info][gc,heap        ] GC(510) ParOldGen: 49802K(349696K)->50066K(349696K)
[36.133s][info][gc,metaspace   ] GC(510) Metaspace: 72465K(72960K)->72465K(72960K) NonClass: 57667K(57856K)->57667K(57856K) Class: 14798K(15104K)->14798K(15104K)
[36.133s][info][gc             ] GC(510) Pause Young (Allocation Failure) 216M->50M(510M) 1.134ms
[36.133s][info][gc,cpu         ] GC(510) User=0.00s Sys=0.00s Real=0.00s
[36.175s][info][gc,start       ] GC(511) Pause Young (Allocation Failure)
[36.176s][info][gc,heap        ] GC(511) PSYoungGen: 172320K(172544K)->1824K(172544K) Eden: 170496K(170496K)->0K(170496K) From: 1824K(2048K)->1824K(2048K)
[36.176s][info][gc,heap        ] GC(511) ParOldGen: 50066K(349696K)->50242K(349696K)
[36.176s][info][gc,metaspace   ] GC(511) Metaspace: 72465K(72960K)->72465K(72960K) NonClass: 57667K(57856K)->57667K(57856K) Class: 14798K(15104K)->14798K(15104K)
[36.176s][info][gc             ] GC(511) Pause Young (Allocation Failure) 217M->50M(510M) 1.107ms
[36.176s][info][gc,cpu         ] GC(511) User=0.00s Sys=0.00s Real=0.00s
[36.218s][info][gc,start       ] GC(512) Pause Young (Allocation Failure)
[36.219s][info][gc,heap        ] GC(512) PSYoungGen: 172320K(172544K)->1856K(172544K) Eden: 170496K(170496K)->0K(170496K) From: 1824K(2048K)->1856K(2048K)
[36.219s][info][gc,heap        ] GC(512) ParOldGen: 50242K(349696K)->50418K(349696K)
[36.219s][info][gc,metaspace   ] GC(512) Metaspace: 72465K(72960K)->72465K(72960K) NonClass: 57667K(57856K)->57667K(57856K) Class: 14798K(15104K)->14798K(15104K)
[36.219s][info][gc             ] GC(512) Pause Young (Allocation Failure) 217M->51M(510M) 1.096ms
[36.219s][info][gc,cpu         ] GC(512) User=0.00s Sys=0.00s Real=0.00s
[36.261s][info][gc,start       ] GC(513) Pause Young (Allocation Failure)
[36.262s][info][gc,heap        ] GC(513) PSYoungGen: 172352K(172544K)->1824K(172544K) Eden: 170496K(170496K)->0K(170496K) From: 1856K(2048K)->1824K(2048K)
[36.262s][info][gc,heap        ] GC(513) ParOldGen: 50418K(349696K)->50610K(349696K)
[36.262s][info][gc,metaspace   ] GC(513) Metaspace: 72465K(72960K)->72465K(72960K) NonClass: 57667K(57856K)->57667K(57856K) Class: 14798K(15104K)->14798K(15104K)
[36.262s][info][gc             ] GC(513) Pause Young (Allocation Failure) 217M->51M(510M) 1.050ms
[36.262s][info][gc,cpu         ] GC(513) User=0.00s Sys=0.00s Real=0.00s
[36.307s][info][gc,start       ] GC(514) Pause Young (Allocation Failure)
[36.308s][info][gc,heap        ] GC(514) PSYoungGen: 172320K(172544K)->1856K(172544K) Eden: 170496K(170496K)->0K(170496K) From: 1824K(2048K)->1856K(2048K)
[36.308s][info][gc,heap        ] GC(514) ParOldGen: 50610K(349696K)->50842K(349696K)
[36.308s][info][gc,metaspace   ] GC(514) Metaspace: 72466K(72960K)->72466K(72960K) NonClass: 57668K(57856K)->57668K(57856K) Class: 14798K(15104K)->14798K(15104K)
[36.308s][info][gc             ] GC(514) Pause Young (Allocation Failure) 217M->51M(510M) 1.210ms
[36.308s][info][gc,cpu         ] GC(514) User=0.00s Sys=0.00s Real=0.00s
[36.350s][info][gc,start       ] GC(515) Pause Young (Allocation Failure)
[36.351s][info][gc,heap        ] GC(515) PSYoungGen: 172352K(172544K)->1856K(172544K) Eden: 170496K(170496K)->0K(170496K) From: 1856K(2048K)->1856K(2048K)
[36.351s][info][gc,heap        ] GC(515) ParOldGen: 50842K(349696K)->51034K(349696K)
[36.351s][info][gc,metaspace   ] GC(515) Metaspace: 72466K(72960K)->72466K(72960K) NonClass: 57668K(57856K)->57668K(57856K) Class: 14798K(15104K)->14798K(15104K)
[36.351s][info][gc             ] GC(515) Pause Young (Allocation Failure) 217M->51M(510M) 1.203ms
[36.351s][info][gc,cpu         ] GC(515) User=0.00s Sys=0.00s Real=0.00s
[36.393s][info][gc,start       ] GC(516) Pause Young (Allocation Failure)
[36.394s][info][gc,heap        ] GC(516) PSYoungGen: 172352K(172544K)->1792K(172544K) Eden: 170496K(170496K)->0K(170496K) From: 1856K(2048K)->1792K(2048K)
[36.394s][info][gc,heap        ] GC(516) ParOldGen: 51034K(349696K)->51226K(349696K)
[36.394s][info][gc,metaspace   ] GC(516) Metaspace: 72466K(72960K)->72466K(72960K) NonClass: 57668K(57856K)->57668K(57856K) Class: 14798K(15104K)->14798K(15104K)
[36.394s][info][gc             ] GC(516) Pause Young (Allocation Failure) 218M->51M(510M) 1.110ms
[36.394s][info][gc,cpu         ] GC(516) User=0.00s Sys=0.00s Real=0.00s
[36.436s][info][gc,start       ] GC(517) Pause Young (Allocation Failure)
[36.437s][info][gc,heap        ] GC(517) PSYoungGen: 172287K(172544K)->1888K(172544K) Eden: 170495K(170496K)->0K(170496K) From: 1792K(2048K)->1888K(2048K)
[36.437s][info][gc,heap        ] GC(517) ParOldGen: 51226K(349696K)->51474K(349696K)
[36.437s][info][gc,metaspace   ] GC(517) Metaspace: 72480K(73024K)->72480K(73024K) NonClass: 57682K(57920K)->57682K(57920K) Class: 14798K(15104K)->14798K(15104K)
[36.437s][info][gc             ] GC(517) Pause Young (Allocation Failure) 218M->52M(510M) 1.097ms
[36.438s][info][gc,cpu         ] GC(517) User=0.00s Sys=0.00s Real=0.00s
[36.479s][info][gc,start       ] GC(518) Pause Young (Allocation Failure)
[36.480s][info][gc,heap        ] GC(518) PSYoungGen: 172384K(172544K)->1856K(172544K) Eden: 170496K(170496K)->0K(170496K) From: 1888K(2048K)->1856K(2048K)
[36.481s][info][gc,heap        ] GC(518) ParOldGen: 51474K(349696K)->51666K(349696K)
[36.481s][info][gc,metaspace   ] GC(518) Metaspace: 72480K(73024K)->72480K(73024K) NonClass: 57682K(57920K)->57682K(57920K) Class: 14798K(15104K)->14798K(15104K)
[36.481s][info][gc             ] GC(518) Pause Young (Allocation Failure) 218M->52M(510M) 1.110ms
[36.481s][info][gc,cpu         ] GC(518) User=0.00s Sys=0.00s Real=0.00s
[36.522s][info][gc,start       ] GC(519) Pause Young (Allocation Failure)
[36.524s][info][gc,heap        ] GC(519) PSYoungGen: 172352K(172544K)->1920K(172544K) Eden: 170496K(170496K)->0K(170496K) From: 1856K(2048K)->1920K(2048K)
[36.524s][info][gc,heap        ] GC(519) ParOldGen: 51666K(349696K)->51866K(349696K)
[36.524s][info][gc,metaspace   ] GC(519) Metaspace: 72480K(73024K)->72480K(73024K) NonClass: 57682K(57920K)->57682K(57920K) Class: 14798K(15104K)->14798K(15104K)
[36.524s][info][gc             ] GC(519) Pause Young (Allocation Failure) 218M->52M(510M) 1.101ms
[36.524s][info][gc,cpu         ] GC(519) User=0.00s Sys=0.00s Real=0.00s
[36.565s][info][gc,start       ] GC(520) Pause Young (Allocation Failure)
[36.566s][info][gc,heap        ] GC(520) PSYoungGen: 172416K(172544K)->1824K(172544K) Eden: 170496K(170496K)->0K(170496K) From: 1920K(2048K)->1824K(2048K)
[36.566s][info][gc,heap        ] GC(520) ParOldGen: 51866K(349696K)->52074K(349696K)
[36.566s][info][gc,metaspace   ] GC(520) Metaspace: 72480K(73024K)->72480K(73024K) NonClass: 57682K(57920K)->57682K(57920K) Class: 14798K(15104K)->14798K(15104K)
[36.566s][info][gc             ] GC(520) Pause Young (Allocation Failure) 219M->52M(510M) 1.077ms
[36.566s][info][gc,cpu         ] GC(520) User=0.00s Sys=0.00s Real=0.00s
[36.608s][info][gc,start       ] GC(521) Pause Young (Allocation Failure)
[36.609s][info][gc,heap        ] GC(521) PSYoungGen: 172320K(172544K)->1920K(172544K) Eden: 170496K(170496K)->0K(170496K) From: 1824K(2048K)->1920K(2048K)
[36.609s][info][gc,heap        ] GC(521) ParOldGen: 52074K(349696K)->52274K(349696K)
[36.609s][info][gc,metaspace   ] GC(521) Metaspace: 72480K(73024K)->72480K(73024K) NonClass: 57682K(57920K)->57682K(57920K) Class: 14798K(15104K)->14798K(15104K)
[36.609s][info][gc             ] GC(521) Pause Young (Allocation Failure) 219M->52M(510M) 1.104ms
[36.609s][info][gc,cpu         ] GC(521) User=0.00s Sys=0.00s Real=0.00s
[36.651s][info][gc,start       ] GC(522) Pause Young (Allocation Failure)
[36.652s][info][gc,heap        ] GC(522) PSYoungGen: 172416K(172544K)->1856K(172544K) Eden: 170496K(170496K)->0K(170496K) From: 1920K(2048K)->1856K(2048K)
[36.652s][info][gc,heap        ] GC(522) ParOldGen: 52274K(349696K)->52434K(349696K)
[36.652s][info][gc,metaspace   ] GC(522) Metaspace: 72480K(73024K)->72480K(73024K) NonClass: 57682K(57920K)->57682K(57920K) Class: 14798K(15104K)->14798K(15104K)
[36.652s][info][gc             ] GC(522) Pause Young (Allocation Failure) 219M->53M(510M) 1.095ms
[36.652s][info][gc,cpu         ] GC(522) User=0.00s Sys=0.00s Real=0.00s
[36.694s][info][gc,start       ] GC(523) Pause Young (Allocation Failure)
[36.695s][info][gc,heap        ] GC(523) PSYoungGen: 172352K(172544K)->1888K(172544K) Eden: 170496K(170496K)->0K(170496K) From: 1856K(2048K)->1888K(2048K)
[36.695s][info][gc,heap        ] GC(523) ParOldGen: 52434K(349696K)->52610K(349696K)
[36.695s][info][gc,metaspace   ] GC(523) Metaspace: 72480K(73024K)->72480K(73024K) NonClass: 57682K(57920K)->57682K(57920K) Class: 14798K(15104K)->14798K(15104K)
[36.696s][info][gc             ] GC(523) Pause Young (Allocation Failure) 219M->53M(510M) 1.123ms
[36.696s][info][gc,cpu         ] GC(523) User=0.00s Sys=0.00s Real=0.00s
[36.738s][info][gc,start       ] GC(524) Pause Young (Allocation Failure)
[36.739s][info][gc,heap        ] GC(524) PSYoungGen: 172384K(172544K)->1888K(172544K) Eden: 170496K(170496K)->0K(170496K) From: 1888K(2048K)->1888K(2048K)
[36.739s][info][gc,heap        ] GC(524) ParOldGen: 52610K(349696K)->52818K(349696K)
[36.739s][info][gc,metaspace   ] GC(524) Metaspace: 72480K(73024K)->72480K(73024K) NonClass: 57682K(57920K)->57682K(57920K) Class: 14798K(15104K)->14798K(15104K)
[36.739s][info][gc             ] GC(524) Pause Young (Allocation Failure) 219M->53M(510M) 1.071ms
[36.739s][info][gc,cpu         ] GC(524) User=0.00s Sys=0.00s Real=0.00s
[36.781s][info][gc,start       ] GC(525) Pause Young (Allocation Failure)
[36.782s][info][gc,heap        ] GC(525) PSYoungGen: 172384K(172544K)->1792K(172544K) Eden: 170496K(170496K)->0K(170496K) From: 1888K(2048K)->1792K(2048K)
[36.782s][info][gc,heap        ] GC(525) ParOldGen: 52818K(349696K)->52986K(349696K)
[36.782s][info][gc,metaspace   ] GC(525) Metaspace: 72480K(73024K)->72480K(73024K) NonClass: 57682K(57920K)->57682K(57920K) Class: 14798K(15104K)->14798K(15104K)
[36.782s][info][gc             ] GC(525) Pause Young (Allocation Failure) 219M->53M(510M) 1.100ms
[36.782s][info][gc,cpu         ] GC(525) User=0.00s Sys=0.00s Real=0.00s
[36.824s][info][gc,start       ] GC(526) Pause Young (Allocation Failure)
[36.825s][info][gc,heap        ] GC(526) PSYoungGen: 172287K(172544K)->1920K(172544K) Eden: 170495K(170496K)->0K(170496K) From: 1792K(2048K)->1920K(2048K)
[36.825s][info][gc,heap        ] GC(526) ParOldGen: 52986K(349696K)->53162K(349696K)
[36.825s][info][gc,metaspace   ] GC(526) Metaspace: 72480K(73024K)->72480K(73024K) NonClass: 57682K(57920K)->57682K(57920K) Class: 14798K(15104K)->14798K(15104K)
[36.825s][info][gc             ] GC(526) Pause Young (Allocation Failure) 219M->53M(510M) 1.129ms
[36.825s][info][gc,cpu         ] GC(526) User=0.00s Sys=0.00s Real=0.00s
[36.867s][info][gc,start       ] GC(527) Pause Young (Allocation Failure)
[36.868s][info][gc,heap        ] GC(527) PSYoungGen: 172416K(172544K)->1856K(172544K) Eden: 170496K(170496K)->0K(170496K) From: 1920K(2048K)->1856K(2048K)
[36.868s][info][gc,heap        ] GC(527) ParOldGen: 53162K(349696K)->53362K(349696K)
[36.868s][info][gc,metaspace   ] GC(527) Metaspace: 72480K(73024K)->72480K(73024K) NonClass: 57682K(57920K)->57682K(57920K) Class: 14798K(15104K)->14798K(15104K)
[36.868s][info][gc             ] GC(527) Pause Young (Allocation Failure) 220M->53M(510M) 1.079ms
[36.868s][info][gc,cpu         ] GC(527) User=0.00s Sys=0.00s Real=0.00s
[36.910s][info][gc,start       ] GC(528) Pause Young (Allocation Failure)
[36.916s][info][gc,heap        ] GC(528) PSYoungGen: 172352K(172544K)->1888K(172544K) Eden: 170496K(170496K)->0K(170496K) From: 1856K(2048K)->1888K(2048K)
[36.916s][info][gc,heap        ] GC(528) ParOldGen: 53362K(349696K)->53538K(349696K)
[36.916s][info][gc,metaspace   ] GC(528) Metaspace: 72480K(73024K)->72480K(73024K) NonClass: 57682K(57920K)->57682K(57920K) Class: 14798K(15104K)->14798K(15104K)
[36.916s][info][gc             ] GC(528) Pause Young (Allocation Failure) 220M->54M(510M) 6.020ms
[36.916s][info][gc,cpu         ] GC(528) User=0.00s Sys=0.00s Real=0.00s
[36.958s][info][gc,start       ] GC(529) Pause Young (Allocation Failure)
[36.959s][info][gc,heap        ] GC(529) PSYoungGen: 172384K(172544K)->1856K(172544K) Eden: 170496K(170496K)->0K(170496K) From: 1888K(2048K)->1856K(2048K)
[36.959s][info][gc,heap        ] GC(529) ParOldGen: 53538K(349696K)->53730K(349696K)
[36.959s][info][gc,metaspace   ] GC(529) Metaspace: 72480K(73024K)->72480K(73024K) NonClass: 57682K(57920K)->57682K(57920K) Class: 14798K(15104K)->14798K(15104K)
[36.959s][info][gc             ] GC(529) Pause Young (Allocation Failure) 220M->54M(510M) 1.096ms
[36.959s][info][gc,cpu         ] GC(529) User=0.00s Sys=0.00s Real=0.00s
[37.001s][info][gc,start       ] GC(530) Pause Young (Allocation Failure)
[37.002s][info][gc,heap        ] GC(530) PSYoungGen: 172352K(172544K)->1888K(172544K) Eden: 170496K(170496K)->0K(170496K) From: 1856K(2048K)->1888K(2048K)
[37.002s][info][gc,heap        ] GC(530) ParOldGen: 53730K(349696K)->53906K(349696K)
[37.002s][info][gc,metaspace   ] GC(530) Metaspace: 72480K(73024K)->72480K(73024K) NonClass: 57682K(57920K)->57682K(57920K) Class: 14798K(15104K)->14798K(15104K)
[37.002s][info][gc             ] GC(530) Pause Young (Allocation Failure) 220M->54M(510M) 1.153ms
[37.002s][info][gc,cpu         ] GC(530) User=0.00s Sys=0.00s Real=0.00s
[37.044s][info][gc,start       ] GC(531) Pause Young (Allocation Failure)
[37.045s][info][gc,heap        ] GC(531) PSYoungGen: 172384K(172544K)->1856K(172544K) Eden: 170496K(170496K)->0K(170496K) From: 1888K(2048K)->1856K(2048K)
[37.045s][info][gc,heap        ] GC(531) ParOldGen: 53906K(349696K)->54074K(349696K)
[37.045s][info][gc,metaspace   ] GC(531) Metaspace: 72480K(73024K)->72480K(73024K) NonClass: 57682K(57920K)->57682K(57920K) Class: 14798K(15104K)->14798K(15104K)
[37.045s][info][gc             ] GC(531) Pause Young (Allocation Failure) 220M->54M(510M) 1.141ms
[37.045s][info][gc,cpu         ] GC(531) User=0.00s Sys=0.00s Real=0.00s
[37.088s][info][gc,start       ] GC(532) Pause Young (Allocation Failure)
[37.089s][info][gc,heap        ] GC(532) PSYoungGen: 172352K(172544K)->1824K(172544K) Eden: 170496K(170496K)->0K(170496K) From: 1856K(2048K)->1824K(2048K)
[37.089s][info][gc,heap        ] GC(532) ParOldGen: 54074K(349696K)->54282K(349696K)
[37.089s][info][gc,metaspace   ] GC(532) Metaspace: 72480K(73024K)->72480K(73024K) NonClass: 57682K(57920K)->57682K(57920K) Class: 14798K(15104K)->14798K(15104K)
[37.089s][info][gc             ] GC(532) Pause Young (Allocation Failure) 221M->54M(510M) 1.247ms
[37.089s][info][gc,cpu         ] GC(532) User=0.00s Sys=0.00s Real=0.00s
[37.131s][info][gc,start       ] GC(533) Pause Young (Allocation Failure)
[37.132s][info][gc,heap        ] GC(533) PSYoungGen: 172320K(172544K)->1856K(172544K) Eden: 170496K(170496K)->0K(170496K) From: 1824K(2048K)->1856K(2048K)
[37.132s][info][gc,heap        ] GC(533) ParOldGen: 54282K(349696K)->54530K(349696K)
[37.132s][info][gc,metaspace   ] GC(533) Metaspace: 72480K(73024K)->72480K(73024K) NonClass: 57682K(57920K)->57682K(57920K) Class: 14798K(15104K)->14798K(15104K)
[37.132s][info][gc             ] GC(533) Pause Young (Allocation Failure) 221M->55M(510M) 1.280ms
[37.132s][info][gc,cpu         ] GC(533) User=0.00s Sys=0.00s Real=0.00s
[37.174s][info][gc,start       ] GC(534) Pause Young (Allocation Failure)
[37.175s][info][gc,heap        ] GC(534) PSYoungGen: 172352K(172544K)->1856K(172544K) Eden: 170496K(170496K)->0K(170496K) From: 1856K(2048K)->1856K(2048K)
[37.175s][info][gc,heap        ] GC(534) ParOldGen: 54530K(349696K)->54706K(349696K)
[37.175s][info][gc,metaspace   ] GC(534) Metaspace: 72480K(73024K)->72480K(73024K) NonClass: 57682K(57920K)->57682K(57920K) Class: 14798K(15104K)->14798K(15104K)
[37.175s][info][gc             ] GC(534) Pause Young (Allocation Failure) 221M->55M(510M) 1.098ms
[37.175s][info][gc,cpu         ] GC(534) User=0.00s Sys=0.00s Real=0.00s
[37.217s][info][gc,start       ] GC(535) Pause Young (Allocation Failure)
[37.218s][info][gc,heap        ] GC(535) PSYoungGen: 172352K(172544K)->1920K(172544K) Eden: 170496K(170496K)->0K(170496K) From: 1856K(2048K)->1920K(2048K)
[37.218s][info][gc,heap        ] GC(535) ParOldGen: 54706K(349696K)->54882K(349696K)
[37.218s][info][gc,metaspace   ] GC(535) Metaspace: 72480K(73024K)->72480K(73024K) NonClass: 57682K(57920K)->57682K(57920K) Class: 14798K(15104K)->14798K(15104K)
[37.218s][info][gc             ] GC(535) Pause Young (Allocation Failure) 221M->55M(510M) 1.198ms
[37.219s][info][gc,cpu         ] GC(535) User=0.00s Sys=0.00s Real=0.00s
[37.261s][info][gc,start       ] GC(536) Pause Young (Allocation Failure)
[37.262s][info][gc,heap        ] GC(536) PSYoungGen: 172416K(172544K)->1824K(172544K) Eden: 170496K(170496K)->0K(170496K) From: 1920K(2048K)->1824K(2048K)
[37.262s][info][gc,heap        ] GC(536) ParOldGen: 54882K(349696K)->55066K(349696K)
[37.262s][info][gc,metaspace   ] GC(536) Metaspace: 72480K(73024K)->72480K(73024K) NonClass: 57682K(57920K)->57682K(57920K) Class: 14798K(15104K)->14798K(15104K)
[37.262s][info][gc             ] GC(536) Pause Young (Allocation Failure) 221M->55M(510M) 1.156ms
[37.262s][info][gc,cpu         ] GC(536) User=0.00s Sys=0.00s Real=0.00s
[37.304s][info][gc,start       ] GC(537) Pause Young (Allocation Failure)
[37.305s][info][gc,heap        ] GC(537) PSYoungGen: 172320K(172544K)->1920K(172544K) Eden: 170496K(170496K)->0K(170496K) From: 1824K(2048K)->1920K(2048K)
[37.305s][info][gc,heap        ] GC(537) ParOldGen: 55066K(349696K)->55234K(349696K)
[37.305s][info][gc,metaspace   ] GC(537) Metaspace: 72480K(73024K)->72480K(73024K) NonClass: 57682K(57920K)->57682K(57920K) Class: 14798K(15104K)->14798K(15104K)
[37.305s][info][gc             ] GC(537) Pause Young (Allocation Failure) 222M->55M(510M) 1.278ms
[37.305s][info][gc,cpu         ] GC(537) User=0.00s Sys=0.00s Real=0.00s
[37.347s][info][gc,start       ] GC(538) Pause Young (Allocation Failure)
[37.348s][info][gc,heap        ] GC(538) PSYoungGen: 172416K(172544K)->1856K(172544K) Eden: 170496K(170496K)->0K(170496K) From: 1920K(2048K)->1856K(2048K)
[37.348s][info][gc,heap        ] GC(538) ParOldGen: 55234K(349696K)->55434K(349696K)
[37.348s][info][gc,metaspace   ] GC(538) Metaspace: 72480K(73024K)->72480K(73024K) NonClass: 57682K(57920K)->57682K(57920K) Class: 14798K(15104K)->14798K(15104K)
[37.348s][info][gc             ] GC(538) Pause Young (Allocation Failure) 222M->55M(510M) 1.067ms
[37.348s][info][gc,cpu         ] GC(538) User=0.00s Sys=0.00s Real=0.00s
[37.390s][info][gc,start       ] GC(539) Pause Young (Allocation Failure)
[37.391s][info][gc,heap        ] GC(539) PSYoungGen: 172352K(172544K)->1824K(172544K) Eden: 170496K(170496K)->0K(170496K) From: 1856K(2048K)->1824K(2048K)
[37.391s][info][gc,heap        ] GC(539) ParOldGen: 55434K(349696K)->55610K(349696K)
[37.391s][info][gc,metaspace   ] GC(539) Metaspace: 72480K(73024K)->72480K(73024K) NonClass: 57682K(57920K)->57682K(57920K) Class: 14798K(15104K)->14798K(15104K)
[37.391s][info][gc             ] GC(539) Pause Young (Allocation Failure) 222M->56M(510M) 1.113ms
[37.391s][info][gc,cpu         ] GC(539) User=0.00s Sys=0.02s Real=0.00s
[37.433s][info][gc,start       ] GC(540) Pause Young (Allocation Failure)
[37.434s][info][gc,heap        ] GC(540) PSYoungGen: 172320K(172544K)->1888K(172544K) Eden: 170496K(170496K)->0K(170496K) From: 1824K(2048K)->1888K(2048K)
[37.434s][info][gc,heap        ] GC(540) ParOldGen: 55610K(349696K)->55778K(349696K)
[37.434s][info][gc,metaspace   ] GC(540) Metaspace: 72480K(73024K)->72480K(73024K) NonClass: 57682K(57920K)->57682K(57920K) Class: 14798K(15104K)->14798K(15104K)
[37.434s][info][gc             ] GC(540) Pause Young (Allocation Failure) 222M->56M(510M) 1.109ms
[37.434s][info][gc,cpu         ] GC(540) User=0.00s Sys=0.00s Real=0.00s
[37.476s][info][gc,start       ] GC(541) Pause Young (Allocation Failure)
[37.477s][info][gc,heap        ] GC(541) PSYoungGen: 172383K(172544K)->1760K(172544K) Eden: 170495K(170496K)->0K(170496K) From: 1888K(2048K)->1760K(2048K)
[37.477s][info][gc,heap        ] GC(541) ParOldGen: 55778K(349696K)->55994K(349696K)
[37.477s][info][gc,metaspace   ] GC(541) Metaspace: 72480K(73024K)->72480K(73024K) NonClass: 57682K(57920K)->57682K(57920K) Class: 14798K(15104K)->14798K(15104K)
[37.477s][info][gc             ] GC(541) Pause Young (Allocation Failure) 222M->56M(510M) 1.155ms
[37.477s][info][gc,cpu         ] GC(541) User=0.00s Sys=0.00s Real=0.00s
[37.520s][info][gc,start       ] GC(542) Pause Young (Allocation Failure)
[37.521s][info][gc,heap        ] GC(542) PSYoungGen: 172256K(172544K)->1824K(172544K) Eden: 170496K(170496K)->0K(170496K) From: 1760K(2048K)->1824K(2048K)
[37.521s][info][gc,heap        ] GC(542) ParOldGen: 55994K(349696K)->56178K(349696K)
[37.521s][info][gc,metaspace   ] GC(542) Metaspace: 72480K(73024K)->72480K(73024K) NonClass: 57682K(57920K)->57682K(57920K) Class: 14798K(15104K)->14798K(15104K)
[37.521s][info][gc             ] GC(542) Pause Young (Allocation Failure) 222M->56M(510M) 1.138ms
[37.521s][info][gc,cpu         ] GC(542) User=0.00s Sys=0.00s Real=0.00s
[37.563s][info][gc,start       ] GC(543) Pause Young (Allocation Failure)
[37.564s][info][gc,heap        ] GC(543) PSYoungGen: 172320K(172544K)->1856K(172544K) Eden: 170496K(170496K)->0K(170496K) From: 1824K(2048K)->1856K(2048K)
[37.564s][info][gc,heap        ] GC(543) ParOldGen: 56178K(349696K)->56354K(349696K)
[37.564s][info][gc,metaspace   ] GC(543) Metaspace: 72480K(73024K)->72480K(73024K) NonClass: 57682K(57920K)->57682K(57920K) Class: 14798K(15104K)->14798K(15104K)
[37.564s][info][gc             ] GC(543) Pause Young (Allocation Failure) 223M->56M(510M) 1.122ms
[37.564s][info][gc,cpu         ] GC(543) User=0.00s Sys=0.00s Real=0.00s
[37.606s][info][gc,start       ] GC(544) Pause Young (Allocation Failure)
[37.607s][info][gc,heap        ] GC(544) PSYoungGen: 172352K(172544K)->1952K(172544K) Eden: 170496K(170496K)->0K(170496K) From: 1856K(2048K)->1952K(2048K)
[37.607s][info][gc,heap        ] GC(544) ParOldGen: 56354K(349696K)->56522K(349696K)
[37.607s][info][gc,metaspace   ] GC(544) Metaspace: 72480K(73024K)->72480K(73024K) NonClass: 57682K(57920K)->57682K(57920K) Class: 14798K(15104K)->14798K(15104K)
[37.607s][info][gc             ] GC(544) Pause Young (Allocation Failure) 223M->57M(510M) 1.170ms
[37.607s][info][gc,cpu         ] GC(544) User=0.00s Sys=0.00s Real=0.00s
[37.649s][info][gc,start       ] GC(545) Pause Young (Allocation Failure)
[37.650s][info][gc,heap        ] GC(545) PSYoungGen: 172448K(172544K)->1888K(172544K) Eden: 170496K(170496K)->0K(170496K) From: 1952K(2048K)->1888K(2048K)
[37.650s][info][gc,heap        ] GC(545) ParOldGen: 56522K(349696K)->56714K(349696K)
[37.650s][info][gc,metaspace   ] GC(545) Metaspace: 72480K(73024K)->72480K(73024K) NonClass: 57682K(57920K)->57682K(57920K) Class: 14798K(15104K)->14798K(15104K)
[37.650s][info][gc             ] GC(545) Pause Young (Allocation Failure) 223M->57M(510M) 1.151ms
[37.650s][info][gc,cpu         ] GC(545) User=0.00s Sys=0.00s Real=0.00s
[37.692s][info][gc,start       ] GC(546) Pause Young (Allocation Failure)
[37.693s][info][gc,heap        ] GC(546) PSYoungGen: 172384K(172544K)->1792K(172544K) Eden: 170496K(170496K)->0K(170496K) From: 1888K(2048K)->1792K(2048K)
[37.693s][info][gc,heap        ] GC(546) ParOldGen: 56714K(349696K)->56938K(349696K)
[37.693s][info][gc,metaspace   ] GC(546) Metaspace: 72480K(73024K)->72480K(73024K) NonClass: 57682K(57920K)->57682K(57920K) Class: 14798K(15104K)->14798K(15104K)
[37.693s][info][gc             ] GC(546) Pause Young (Allocation Failure) 223M->57M(510M) 1.182ms
[37.693s][info][gc,cpu         ] GC(546) User=0.00s Sys=0.00s Real=0.00s
[37.735s][info][gc,start       ] GC(547) Pause Young (Allocation Failure)
[37.736s][info][gc,heap        ] GC(547) PSYoungGen: 172288K(172544K)->1920K(172544K) Eden: 170496K(170496K)->0K(170496K) From: 1792K(2048K)->1920K(2048K)
[37.736s][info][gc,heap        ] GC(547) ParOldGen: 56938K(349696K)->57114K(349696K)
[37.736s][info][gc,metaspace   ] GC(547) Metaspace: 72480K(73024K)->72480K(73024K) NonClass: 57682K(57920K)->57682K(57920K) Class: 14798K(15104K)->14798K(15104K)
[37.736s][info][gc             ] GC(547) Pause Young (Allocation Failure) 223M->57M(510M) 1.108ms
[37.736s][info][gc,cpu         ] GC(547) User=0.00s Sys=0.00s Real=0.00s
[37.779s][info][gc,start       ] GC(548) Pause Young (Allocation Failure)
[37.780s][info][gc,heap        ] GC(548) PSYoungGen: 172416K(172544K)->1824K(172544K) Eden: 170496K(170496K)->0K(170496K) From: 1920K(2048K)->1824K(2048K)
[37.780s][info][gc,heap        ] GC(548) ParOldGen: 57114K(349696K)->57274K(349696K)
[37.780s][info][gc,metaspace   ] GC(548) Metaspace: 72480K(73024K)->72480K(73024K) NonClass: 57682K(57920K)->57682K(57920K) Class: 14798K(15104K)->14798K(15104K)
[37.780s][info][gc             ] GC(548) Pause Young (Allocation Failure) 224M->57M(510M) 1.057ms
[37.780s][info][gc,cpu         ] GC(548) User=0.00s Sys=0.00s Real=0.00s
[37.822s][info][gc,start       ] GC(549) Pause Young (Allocation Failure)
[37.823s][info][gc,heap        ] GC(549) PSYoungGen: 172320K(172544K)->1856K(172544K) Eden: 170496K(170496K)->0K(170496K) From: 1824K(2048K)->1856K(2048K)
[37.823s][info][gc,heap        ] GC(549) ParOldGen: 57274K(349696K)->57442K(349696K)
[37.823s][info][gc,metaspace   ] GC(549) Metaspace: 72480K(73024K)->72480K(73024K) NonClass: 57682K(57920K)->57682K(57920K) Class: 14798K(15104K)->14798K(15104K)
[37.823s][info][gc             ] GC(549) Pause Young (Allocation Failure) 224M->57M(510M) 1.177ms
[37.823s][info][gc,cpu         ] GC(549) User=0.00s Sys=0.00s Real=0.00s
[37.865s][info][gc,start       ] GC(550) Pause Young (Allocation Failure)
[37.866s][info][gc,heap        ] GC(550) PSYoungGen: 172352K(172544K)->1792K(172544K) Eden: 170496K(170496K)->0K(170496K) From: 1856K(2048K)->1792K(2048K)
[37.866s][info][gc,heap        ] GC(550) ParOldGen: 57442K(349696K)->57618K(349696K)
[37.866s][info][gc,metaspace   ] GC(550) Metaspace: 72480K(73024K)->72480K(73024K) NonClass: 57682K(57920K)->57682K(57920K) Class: 14798K(15104K)->14798K(15104K)
[37.866s][info][gc             ] GC(550) Pause Young (Allocation Failure) 224M->58M(510M) 1.085ms
[37.866s][info][gc,cpu         ] GC(550) User=0.00s Sys=0.00s Real=0.00s
[37.908s][info][gc,start       ] GC(551) Pause Young (Allocation Failure)
[37.909s][info][gc,heap        ] GC(551) PSYoungGen: 172288K(172544K)->1920K(172544K) Eden: 170496K(170496K)->0K(170496K) From: 1792K(2048K)->1920K(2048K)
[37.909s][info][gc,heap        ] GC(551) ParOldGen: 57618K(349696K)->57826K(349696K)
[37.909s][info][gc,metaspace   ] GC(551) Metaspace: 72480K(73024K)->72480K(73024K) NonClass: 57682K(57920K)->57682K(57920K) Class: 14798K(15104K)->14798K(15104K)
[37.909s][info][gc             ] GC(551) Pause Young (Allocation Failure) 224M->58M(510M) 1.162ms
[37.909s][info][gc,cpu         ] GC(551) User=0.00s Sys=0.00s Real=0.00s
[37.951s][info][gc,start       ] GC(552) Pause Young (Allocation Failure)
[37.952s][info][gc,heap        ] GC(552) PSYoungGen: 172416K(172544K)->1824K(172544K) Eden: 170496K(170496K)->0K(170496K) From: 1920K(2048K)->1824K(2048K)
[37.952s][info][gc,heap        ] GC(552) ParOldGen: 57826K(349696K)->57986K(349696K)
[37.952s][info][gc,metaspace   ] GC(552) Metaspace: 72480K(73024K)->72480K(73024K) NonClass: 57682K(57920K)->57682K(57920K) Class: 14798K(15104K)->14798K(15104K)
[37.952s][info][gc             ] GC(552) Pause Young (Allocation Failure) 224M->58M(510M) 1.127ms
[37.952s][info][gc,cpu         ] GC(552) User=0.00s Sys=0.00s Real=0.00s
[37.994s][info][gc,start       ] GC(553) Pause Young (Allocation Failure)
[37.995s][info][gc,heap        ] GC(553) PSYoungGen: 172320K(172544K)->1920K(172544K) Eden: 170496K(170496K)->0K(170496K) From: 1824K(2048K)->1920K(2048K)
[37.995s][info][gc,heap        ] GC(553) ParOldGen: 57986K(349696K)->58178K(349696K)
[37.995s][info][gc,metaspace   ] GC(553) Metaspace: 72480K(73024K)->72480K(73024K) NonClass: 57682K(57920K)->57682K(57920K) Class: 14798K(15104K)->14798K(15104K)
[37.995s][info][gc             ] GC(553) Pause Young (Allocation Failure) 224M->58M(510M) 1.144ms
[37.995s][info][gc,cpu         ] GC(553) User=0.00s Sys=0.00s Real=0.00s
[38.037s][info][gc,start       ] GC(554) Pause Young (Allocation Failure)
[38.038s][info][gc,heap        ] GC(554) PSYoungGen: 172416K(172544K)->1856K(172544K) Eden: 170496K(170496K)->0K(170496K) From: 1920K(2048K)->1856K(2048K)
[38.038s][info][gc,heap        ] GC(554) ParOldGen: 58178K(349696K)->58354K(349696K)
[38.038s][info][gc,metaspace   ] GC(554) Metaspace: 72480K(73024K)->72480K(73024K) NonClass: 57682K(57920K)->57682K(57920K) Class: 14798K(15104K)->14798K(15104K)
[38.038s][info][gc             ] GC(554) Pause Young (Allocation Failure) 225M->58M(510M) 1.084ms
[38.038s][info][gc,cpu         ] GC(554) User=0.00s Sys=0.00s Real=0.00s
[38.080s][info][gc,start       ] GC(555) Pause Young (Allocation Failure)
[38.081s][info][gc,heap        ] GC(555) PSYoungGen: 172352K(172544K)->1888K(172544K) Eden: 170496K(170496K)->0K(170496K) From: 1856K(2048K)->1888K(2048K)
[38.081s][info][gc,heap        ] GC(555) ParOldGen: 58354K(349696K)->58506K(349696K)
[38.081s][info][gc,metaspace   ] GC(555) Metaspace: 72480K(73024K)->72480K(73024K) NonClass: 57682K(57920K)->57682K(57920K) Class: 14798K(15104K)->14798K(15104K)
[38.081s][info][gc             ] GC(555) Pause Young (Allocation Failure) 225M->58M(510M) 1.211ms
[38.082s][info][gc,cpu         ] GC(555) User=0.00s Sys=0.00s Real=0.00s
[38.124s][info][gc,start       ] GC(556) Pause Young (Allocation Failure)
[38.125s][info][gc,heap        ] GC(556) PSYoungGen: 172384K(172544K)->1824K(172544K) Eden: 170496K(170496K)->0K(170496K) From: 1888K(2048K)->1824K(2048K)
[38.125s][info][gc,heap        ] GC(556) ParOldGen: 58506K(349696K)->58770K(349696K)
[38.125s][info][gc,metaspace   ] GC(556) Metaspace: 72480K(73024K)->72480K(73024K) NonClass: 57682K(57920K)->57682K(57920K) Class: 14798K(15104K)->14798K(15104K)
[38.125s][info][gc             ] GC(556) Pause Young (Allocation Failure) 225M->59M(510M) 1.179ms
[38.125s][info][gc,cpu         ] GC(556) User=0.00s Sys=0.00s Real=0.00s
[38.167s][info][gc,start       ] GC(557) Pause Young (Allocation Failure)
[38.168s][info][gc,heap        ] GC(557) PSYoungGen: 172320K(172544K)->1856K(172544K) Eden: 170496K(170496K)->0K(170496K) From: 1824K(2048K)->1856K(2048K)
[38.168s][info][gc,heap        ] GC(557) ParOldGen: 58770K(349696K)->58890K(349696K)
[38.168s][info][gc,metaspace   ] GC(557) Metaspace: 72480K(73024K)->72480K(73024K) NonClass: 57682K(57920K)->57682K(57920K) Class: 14798K(15104K)->14798K(15104K)
[38.168s][info][gc             ] GC(557) Pause Young (Allocation Failure) 225M->59M(510M) 1.073ms
[38.168s][info][gc,cpu         ] GC(557) User=0.00s Sys=0.00s Real=0.00s
[38.209s][info][gc,start       ] GC(558) Pause Young (Allocation Failure)
[38.210s][info][gc,heap        ] GC(558) PSYoungGen: 172352K(172544K)->1888K(172544K) Eden: 170496K(170496K)->0K(170496K) From: 1856K(2048K)->1888K(2048K)
[38.211s][info][gc,heap        ] GC(558) ParOldGen: 58890K(349696K)->59050K(349696K)
[38.211s][info][gc,metaspace   ] GC(558) Metaspace: 72480K(73024K)->72480K(73024K) NonClass: 57682K(57920K)->57682K(57920K) Class: 14798K(15104K)->14798K(15104K)
[38.211s][info][gc             ] GC(558) Pause Young (Allocation Failure) 225M->59M(510M) 1.089ms
[38.211s][info][gc,cpu         ] GC(558) User=0.00s Sys=0.00s Real=0.00s
[38.253s][info][gc,start       ] GC(559) Pause Young (Allocation Failure)
[38.254s][info][gc,heap        ] GC(559) PSYoungGen: 172384K(172544K)->1792K(172544K) Eden: 170496K(170496K)->0K(170496K) From: 1888K(2048K)->1792K(2048K)
[38.254s][info][gc,heap        ] GC(559) ParOldGen: 59050K(349696K)->59154K(349696K)
[38.254s][info][gc,metaspace   ] GC(559) Metaspace: 72480K(73024K)->72480K(73024K) NonClass: 57682K(57920K)->57682K(57920K) Class: 14798K(15104K)->14798K(15104K)
[38.254s][info][gc             ] GC(559) Pause Young (Allocation Failure) 226M->59M(510M) 1.112ms
[38.254s][info][gc,cpu         ] GC(559) User=0.00s Sys=0.00s Real=0.00s
[38.296s][info][gc,start       ] GC(560) Pause Young (Allocation Failure)
[38.330s][info][gc,heap        ] GC(560) PSYoungGen: 172288K(172544K)->1920K(172544K) Eden: 170496K(170496K)->0K(170496K) From: 1792K(2048K)->1920K(2048K)
[38.330s][info][gc,heap        ] GC(560) ParOldGen: 59154K(349696K)->59354K(349696K)
[38.330s][info][gc,metaspace   ] GC(560) Metaspace: 72480K(73024K)->72480K(73024K) NonClass: 57682K(57920K)->57682K(57920K) Class: 14798K(15104K)->14798K(15104K)
[38.330s][info][gc             ] GC(560) Pause Young (Allocation Failure) 226M->59M(510M) 33.709ms
[38.330s][info][gc,cpu         ] GC(560) User=0.52s Sys=0.00s Real=0.03s
[38.381s][info][gc,start       ] GC(561) Pause Young (Allocation Failure)
[38.382s][info][gc,heap        ] GC(561) PSYoungGen: 172416K(172544K)->1728K(172544K) Eden: 170496K(170496K)->0K(170496K) From: 1920K(2048K)->1728K(2048K)
[38.382s][info][gc,heap        ] GC(561) ParOldGen: 59354K(349696K)->59474K(349696K)
[38.382s][info][gc,metaspace   ] GC(561) Metaspace: 72480K(73024K)->72480K(73024K) NonClass: 57682K(57920K)->57682K(57920K) Class: 14798K(15104K)->14798K(15104K)
[38.382s][info][gc             ] GC(561) Pause Young (Allocation Failure) 226M->59M(510M) 1.111ms
[38.382s][info][gc,cpu         ] GC(561) User=0.00s Sys=0.00s Real=0.00s
[38.424s][info][gc,start       ] GC(562) Pause Young (Allocation Failure)
[38.425s][info][gc,heap        ] GC(562) PSYoungGen: 172224K(172544K)->1824K(172544K) Eden: 170496K(170496K)->0K(170496K) From: 1728K(2048K)->1824K(2048K)
[38.426s][info][gc,heap        ] GC(562) ParOldGen: 59474K(349696K)->59546K(349696K)
[38.426s][info][gc,metaspace   ] GC(562) Metaspace: 72480K(73024K)->72480K(73024K) NonClass: 57682K(57920K)->57682K(57920K) Class: 14798K(15104K)->14798K(15104K)
[38.426s][info][gc             ] GC(562) Pause Young (Allocation Failure) 226M->59M(510M) 1.087ms
[38.426s][info][gc,cpu         ] GC(562) User=0.00s Sys=0.00s Real=0.00s
[38.468s][info][gc,start       ] GC(563) Pause Young (Allocation Failure)
[38.469s][info][gc,heap        ] GC(563) PSYoungGen: 172320K(172544K)->1888K(172544K) Eden: 170496K(170496K)->0K(170496K) From: 1824K(2048K)->1888K(2048K)
[38.469s][info][gc,heap        ] GC(563) ParOldGen: 59546K(349696K)->59634K(349696K)
[38.469s][info][gc,metaspace   ] GC(563) Metaspace: 72480K(73024K)->72480K(73024K) NonClass: 57682K(57920K)->57682K(57920K) Class: 14798K(15104K)->14798K(15104K)
[38.469s][info][gc             ] GC(563) Pause Young (Allocation Failure) 226M->60M(510M) 1.126ms
[38.469s][info][gc,cpu         ] GC(563) User=0.00s Sys=0.00s Real=0.00s
[38.513s][info][gc,start       ] GC(564) Pause Young (Allocation Failure)
[38.514s][info][gc,heap        ] GC(564) PSYoungGen: 172384K(172544K)->1856K(172544K) Eden: 170496K(170496K)->0K(170496K) From: 1888K(2048K)->1856K(2048K)
[38.514s][info][gc,heap        ] GC(564) ParOldGen: 59634K(349696K)->59922K(349696K)
[38.514s][info][gc,metaspace   ] GC(564) Metaspace: 72505K(73024K)->72505K(73024K) NonClass: 57707K(57920K)->57707K(57920K) Class: 14798K(15104K)->14798K(15104K)
[38.514s][info][gc             ] GC(564) Pause Young (Allocation Failure) 226M->60M(510M) 1.074ms
[38.514s][info][gc,cpu         ] GC(564) User=0.00s Sys=0.00s Real=0.00s
[38.557s][info][gc,start       ] GC(565) Pause Young (Allocation Failure)
[38.558s][info][gc,heap        ] GC(565) PSYoungGen: 172352K(172544K)->1728K(172544K) Eden: 170496K(170496K)->0K(170496K) From: 1856K(2048K)->1728K(2048K)
[38.558s][info][gc,heap        ] GC(565) ParOldGen: 59922K(349696K)->60186K(349696K)
[38.558s][info][gc,metaspace   ] GC(565) Metaspace: 72508K(73024K)->72508K(73024K) NonClass: 57710K(57920K)->57710K(57920K) Class: 14798K(15104K)->14798K(15104K)
[38.558s][info][gc             ] GC(565) Pause Young (Allocation Failure) 226M->60M(510M) 1.092ms
[38.558s][info][gc,cpu         ] GC(565) User=0.00s Sys=0.00s Real=0.00s
[38.602s][info][gc,start       ] GC(566) Pause Young (Allocation Failure)
[38.603s][info][gc,heap        ] GC(566) PSYoungGen: 172224K(172544K)->1792K(172544K) Eden: 170496K(170496K)->0K(170496K) From: 1728K(2048K)->1792K(2048K)
[38.603s][info][gc,heap        ] GC(566) ParOldGen: 60186K(349696K)->60346K(349696K)
[38.603s][info][gc,metaspace   ] GC(566) Metaspace: 72509K(73024K)->72509K(73024K) NonClass: 57711K(57920K)->57711K(57920K) Class: 14798K(15104K)->14798K(15104K)
[38.603s][info][gc             ] GC(566) Pause Young (Allocation Failure) 226M->60M(510M) 1.121ms
[38.603s][info][gc,cpu         ] GC(566) User=0.00s Sys=0.00s Real=0.00s
[38.646s][info][gc,start       ] GC(567) Pause Young (Allocation Failure)
[38.647s][info][gc,heap        ] GC(567) PSYoungGen: 172288K(172544K)->1600K(172544K) Eden: 170496K(170496K)->0K(170496K) From: 1792K(2048K)->1600K(2048K)
[38.647s][info][gc,heap        ] GC(567) ParOldGen: 60346K(349696K)->60578K(349696K)
[38.647s][info][gc,metaspace   ] GC(567) Metaspace: 72509K(73024K)->72509K(73024K) NonClass: 57711K(57920K)->57711K(57920K) Class: 14798K(15104K)->14798K(15104K)
[38.647s][info][gc             ] GC(567) Pause Young (Allocation Failure) 227M->60M(510M) 1.050ms
[38.647s][info][gc,cpu         ] GC(567) User=0.00s Sys=0.00s Real=0.00s
[38.691s][info][gc,start       ] GC(568) Pause Young (Allocation Failure)
[38.692s][info][gc,heap        ] GC(568) PSYoungGen: 172096K(172544K)->1568K(172544K) Eden: 170496K(170496K)->0K(170496K) From: 1600K(2048K)->1568K(2048K)
[38.692s][info][gc,heap        ] GC(568) ParOldGen: 60578K(349696K)->60778K(349696K)
[38.692s][info][gc,metaspace   ] GC(568) Metaspace: 72509K(73024K)->72509K(73024K) NonClass: 57711K(57920K)->57711K(57920K) Class: 14798K(15104K)->14798K(15104K)
[38.692s][info][gc             ] GC(568) Pause Young (Allocation Failure) 227M->60M(510M) 0.975ms
[38.692s][info][gc,cpu         ] GC(568) User=0.00s Sys=0.00s Real=0.00s
[38.738s][info][gc,start       ] GC(569) Pause Young (Allocation Failure)
[38.739s][info][gc,heap        ] GC(569) PSYoungGen: 172064K(172544K)->1664K(172544K) Eden: 170496K(170496K)->0K(170496K) From: 1568K(2048K)->1664K(2048K)
[38.739s][info][gc,heap        ] GC(569) ParOldGen: 60778K(349696K)->61026K(349696K)
[38.739s][info][gc,metaspace   ] GC(569) Metaspace: 72509K(73024K)->72509K(73024K) NonClass: 57711K(57920K)->57711K(57920K) Class: 14798K(15104K)->14798K(15104K)
[38.739s][info][gc             ] GC(569) Pause Young (Allocation Failure) 227M->61M(510M) 1.039ms
[38.739s][info][gc,cpu         ] GC(569) User=0.00s Sys=0.00s Real=0.00s
[38.788s][info][gc,start       ] GC(570) Pause Young (Allocation Failure)
[38.789s][info][gc,heap        ] GC(570) PSYoungGen: 172160K(172544K)->1440K(172032K) Eden: 170496K(170496K)->0K(170496K) From: 1664K(2048K)->1440K(1536K)
[38.789s][info][gc,heap        ] GC(570) ParOldGen: 61026K(349696K)->61306K(349696K)
[38.789s][info][gc,metaspace   ] GC(570) Metaspace: 72509K(73024K)->72509K(73024K) NonClass: 57711K(57920K)->57711K(57920K) Class: 14798K(15104K)->14798K(15104K)
[38.789s][info][gc             ] GC(570) Pause Young (Allocation Failure) 227M->61M(509M) 0.985ms
[38.789s][info][gc,cpu         ] GC(570) User=0.00s Sys=0.00s Real=0.00s
[38.841s][info][gc,start       ] GC(571) Pause Young (Allocation Failure)
[38.842s][info][gc,heap        ] GC(571) PSYoungGen: 171936K(172032K)->1312K(172032K) Eden: 170496K(170496K)->0K(169472K) From: 1440K(1536K)->1312K(2560K)
[38.842s][info][gc,heap        ] GC(571) ParOldGen: 61306K(349696K)->61538K(349696K)
[38.842s][info][gc,metaspace   ] GC(571) Metaspace: 72509K(73024K)->72509K(73024K) NonClass: 57711K(57920K)->57711K(57920K) Class: 14798K(15104K)->14798K(15104K)
[38.842s][info][gc             ] GC(571) Pause Young (Allocation Failure) 227M->61M(509M) 1.039ms
[38.842s][info][gc,cpu         ] GC(571) User=0.00s Sys=0.00s Real=0.00s
[38.894s][info][gc,start       ] GC(572) Pause Young (Allocation Failure)
[38.895s][info][gc,heap        ] GC(572) PSYoungGen: 170784K(172032K)->1248K(172032K) Eden: 169472K(169472K)->0K(169472K) From: 1312K(2560K)->1248K(2560K)
[38.895s][info][gc,heap        ] GC(572) ParOldGen: 61538K(349696K)->61754K(349696K)
[38.895s][info][gc,metaspace   ] GC(572) Metaspace: 72509K(73024K)->72509K(73024K) NonClass: 57711K(57920K)->57711K(57920K) Class: 14798K(15104K)->14798K(15104K)
[38.895s][info][gc             ] GC(572) Pause Young (Allocation Failure) 226M->61M(509M) 0.894ms
[38.895s][info][gc,cpu         ] GC(572) User=0.00s Sys=0.00s Real=0.00s
[38.948s][info][gc,start       ] GC(573) Pause Young (Allocation Failure)
[38.949s][info][gc,heap        ] GC(573) PSYoungGen: 170720K(172032K)->1248K(172032K) Eden: 169472K(169472K)->0K(169472K) From: 1248K(2560K)->1248K(2560K)
[38.949s][info][gc,heap        ] GC(573) ParOldGen: 61754K(349696K)->61930K(349696K)
[38.949s][info][gc,metaspace   ] GC(573) Metaspace: 72509K(73024K)->72509K(73024K) NonClass: 57711K(57920K)->57711K(57920K) Class: 14798K(15104K)->14798K(15104K)
[38.949s][info][gc             ] GC(573) Pause Young (Allocation Failure) 227M->61M(509M) 0.857ms
[38.949s][info][gc,cpu         ] GC(573) User=0.00s Sys=0.00s Real=0.00s
[39.003s][info][gc,start       ] GC(574) Pause Young (Allocation Failure)
[39.003s][info][gc,heap        ] GC(574) PSYoungGen: 170720K(172032K)->1280K(172032K) Eden: 169472K(169472K)->0K(169472K) From: 1248K(2560K)->1280K(2560K)
[39.004s][info][gc,heap        ] GC(574) ParOldGen: 61930K(349696K)->61962K(349696K)
[39.004s][info][gc,metaspace   ] GC(574) Metaspace: 72509K(73024K)->72509K(73024K) NonClass: 57711K(57920K)->57711K(57920K) Class: 14798K(15104K)->14798K(15104K)
[39.004s][info][gc             ] GC(574) Pause Young (Allocation Failure) 227M->61M(509M) 0.862ms
[39.004s][info][gc,cpu         ] GC(574) User=0.52s Sys=0.00s Real=0.01s
[39.064s][info][gc,start       ] GC(575) Pause Young (Allocation Failure)
[39.065s][info][gc,heap        ] GC(575) PSYoungGen: 170752K(172032K)->1184K(172032K) Eden: 169472K(169472K)->0K(169472K) From: 1280K(2560K)->1184K(2560K)
[39.065s][info][gc,heap        ] GC(575) ParOldGen: 61962K(349696K)->62186K(349696K)
[39.065s][info][gc,metaspace   ] GC(575) Metaspace: 72509K(73024K)->72509K(73024K) NonClass: 57711K(57920K)->57711K(57920K) Class: 14798K(15104K)->14798K(15104K)
[39.065s][info][gc             ] GC(575) Pause Young (Allocation Failure) 227M->61M(509M) 0.871ms
[39.065s][info][gc,cpu         ] GC(575) User=0.00s Sys=0.00s Real=0.00s
[39.131s][info][gc,start       ] GC(576) Pause Young (Allocation Failure)
[39.132s][info][gc,heap        ] GC(576) PSYoungGen: 170656K(172032K)->1184K(172032K) Eden: 169472K(169472K)->0K(169472K) From: 1184K(2560K)->1184K(2560K)
[39.132s][info][gc,heap        ] GC(576) ParOldGen: 62186K(349696K)->62370K(349696K)
[39.132s][info][gc,metaspace   ] GC(576) Metaspace: 72509K(73024K)->72509K(73024K) NonClass: 57711K(57920K)->57711K(57920K) Class: 14798K(15104K)->14798K(15104K)
[39.132s][info][gc             ] GC(576) Pause Young (Allocation Failure) 227M->62M(509M) 0.948ms
[39.132s][info][gc,cpu         ] GC(576) User=0.00s Sys=0.00s Real=0.00s
[39.201s][info][gc,start       ] GC(577) Pause Young (Allocation Failure)
[39.202s][info][gc,heap        ] GC(577) PSYoungGen: 170656K(172032K)->1088K(172032K) Eden: 169472K(169472K)->0K(169472K) From: 1184K(2560K)->1088K(2560K)
[39.202s][info][gc,heap        ] GC(577) ParOldGen: 62370K(349696K)->62626K(349696K)
[39.202s][info][gc,metaspace   ] GC(577) Metaspace: 72509K(73024K)->72509K(73024K) NonClass: 57711K(57920K)->57711K(57920K) Class: 14798K(15104K)->14798K(15104K)
[39.202s][info][gc             ] GC(577) Pause Young (Allocation Failure) 227M->62M(509M) 0.805ms
[39.202s][info][gc,cpu         ] GC(577) User=0.00s Sys=0.00s Real=0.00s
[39.285s][info][gc,start       ] GC(578) Pause Young (Allocation Failure)
[39.286s][info][gc,heap        ] GC(578) PSYoungGen: 170560K(172032K)->928K(172032K) Eden: 169472K(169472K)->0K(169472K) From: 1088K(2560K)->928K(2560K)
[39.286s][info][gc,heap        ] GC(578) ParOldGen: 62626K(349696K)->62802K(349696K)
[39.286s][info][gc,metaspace   ] GC(578) Metaspace: 72509K(73024K)->72509K(73024K) NonClass: 57711K(57920K)->57711K(57920K) Class: 14798K(15104K)->14798K(15104K)
[39.286s][info][gc             ] GC(578) Pause Young (Allocation Failure) 227M->62M(509M) 0.790ms
[39.286s][info][gc,cpu         ] GC(578) User=0.00s Sys=0.00s Real=0.00s
[39.389s][info][gc,start       ] GC(579) Pause Young (Allocation Failure)
[39.390s][info][gc,heap        ] GC(579) PSYoungGen: 170400K(172032K)->704K(165888K) Eden: 169472K(169472K)->0K(164864K) From: 928K(2560K)->704K(1024K)
[39.390s][info][gc,heap        ] GC(579) ParOldGen: 62802K(349696K)->63042K(349696K)
[39.390s][info][gc,metaspace   ] GC(579) Metaspace: 72509K(73024K)->72509K(73024K) NonClass: 57711K(57920K)->57711K(57920K) Class: 14798K(15104K)->14798K(15104K)
[39.390s][info][gc             ] GC(579) Pause Young (Allocation Failure) 227M->62M(503M) 0.805ms
[39.390s][info][gc,cpu         ] GC(579) User=0.00s Sys=0.00s Real=0.00s
[39.494s][info][gc,start       ] GC(580) Pause Young (Allocation Failure)
[39.495s][info][gc,heap        ] GC(580) PSYoungGen: 165568K(165888K)->608K(161792K) Eden: 164864K(164864K)->0K(160768K) From: 704K(1024K)->608K(1024K)
[39.495s][info][gc,heap        ] GC(580) ParOldGen: 63042K(349696K)->63130K(349696K)
[39.495s][info][gc,metaspace   ] GC(580) Metaspace: 72509K(73024K)->72509K(73024K) NonClass: 57711K(57920K)->57711K(57920K) Class: 14798K(15104K)->14798K(15104K)
[39.495s][info][gc             ] GC(580) Pause Young (Allocation Failure) 223M->62M(499M) 0.690ms
[39.495s][info][gc,cpu         ] GC(580) User=0.00s Sys=0.00s Real=0.00s
[39.615s][info][gc,start       ] GC(581) Pause Young (Allocation Failure)
[39.616s][info][gc,heap        ] GC(581) PSYoungGen: 161376K(161792K)->544K(157696K) Eden: 160768K(160768K)->0K(156672K) From: 608K(1024K)->544K(1024K)
[39.616s][info][gc,heap        ] GC(581) ParOldGen: 63130K(349696K)->63250K(349696K)
[39.616s][info][gc,metaspace   ] GC(581) Metaspace: 72509K(73024K)->72509K(73024K) NonClass: 57711K(57920K)->57711K(57920K) Class: 14798K(15104K)->14798K(15104K)
[39.616s][info][gc             ] GC(581) Pause Young (Allocation Failure) 219M->62M(495M) 0.897ms
[39.616s][info][gc,cpu         ] GC(581) User=0.00s Sys=0.00s Real=0.00s
[39.745s][info][gc,start       ] GC(582) Pause Young (Allocation Failure)
[39.746s][info][gc,heap        ] GC(582) PSYoungGen: 157216K(157696K)->576K(153600K) Eden: 156672K(156672K)->0K(152576K) From: 544K(1024K)->576K(1024K)
[39.746s][info][gc,heap        ] GC(582) ParOldGen: 63250K(349696K)->63306K(349696K)
[39.746s][info][gc,metaspace   ] GC(582) Metaspace: 72509K(73024K)->72509K(73024K) NonClass: 57711K(57920K)->57711K(57920K) Class: 14798K(15104K)->14798K(15104K)
[39.746s][info][gc             ] GC(582) Pause Young (Allocation Failure) 215M->62M(491M) 0.753ms
[39.746s][info][gc,cpu         ] GC(582) User=0.00s Sys=0.00s Real=0.00s
[39.873s][info][gc,start       ] GC(583) Pause Young (Allocation Failure)
[39.874s][info][gc,heap        ] GC(583) PSYoungGen: 153152K(153600K)->544K(149504K) Eden: 152576K(152576K)->0K(148480K) From: 576K(1024K)->544K(1024K)
[39.874s][info][gc,heap        ] GC(583) ParOldGen: 63306K(349696K)->63362K(349696K)
[39.874s][info][gc,metaspace   ] GC(583) Metaspace: 72509K(73024K)->72509K(73024K) NonClass: 57711K(57920K)->57711K(57920K) Class: 14798K(15104K)->14798K(15104K)
[39.874s][info][gc             ] GC(583) Pause Young (Allocation Failure) 211M->62M(487M) 0.883ms
[39.874s][info][gc,cpu         ] GC(583) User=0.00s Sys=0.00s Real=0.00s
[39.998s][info][gc,start       ] GC(584) Pause Young (Allocation Failure)
[39.999s][info][gc,heap        ] GC(584) PSYoungGen: 149024K(149504K)->576K(145920K) Eden: 148480K(148480K)->0K(144896K) From: 544K(1024K)->576K(1024K)
[39.999s][info][gc,heap        ] GC(584) ParOldGen: 63362K(349696K)->63402K(349696K)
[39.999s][info][gc,metaspace   ] GC(584) Metaspace: 72509K(73024K)->72509K(73024K) NonClass: 57711K(57920K)->57711K(57920K) Class: 14798K(15104K)->14798K(15104K)
[39.999s][info][gc             ] GC(584) Pause Young (Allocation Failure) 207M->62M(484M) 0.756ms
[39.999s][info][gc,cpu         ] GC(584) User=0.00s Sys=0.00s Real=0.00s
[40.120s][info][gc,start       ] GC(585) Pause Young (Allocation Failure)
[40.121s][info][gc,heap        ] GC(585) PSYoungGen: 145472K(145920K)->544K(142336K) Eden: 144896K(144896K)->0K(141312K) From: 576K(1024K)->544K(1024K)
[40.121s][info][gc,heap        ] GC(585) ParOldGen: 63402K(349696K)->63458K(349696K)
[40.121s][info][gc,metaspace   ] GC(585) Metaspace: 72509K(73024K)->72509K(73024K) NonClass: 57711K(57920K)->57711K(57920K) Class: 14798K(15104K)->14798K(15104K)
[40.121s][info][gc             ] GC(585) Pause Young (Allocation Failure) 203M->62M(480M) 0.850ms
[40.121s][info][gc,cpu         ] GC(585) User=0.00s Sys=0.00s Real=0.00s
[40.242s][info][gc,start       ] GC(586) Pause Young (Allocation Failure)
[40.243s][info][gc,heap        ] GC(586) PSYoungGen: 141856K(142336K)->576K(138752K) Eden: 141312K(141312K)->0K(137728K) From: 544K(1024K)->576K(1024K)
[40.243s][info][gc,heap        ] GC(586) ParOldGen: 63458K(349696K)->63546K(349696K)
[40.243s][info][gc,metaspace   ] GC(586) Metaspace: 72509K(73024K)->72509K(73024K) NonClass: 57711K(57920K)->57711K(57920K) Class: 14798K(15104K)->14798K(15104K)
[40.243s][info][gc             ] GC(586) Pause Young (Allocation Failure) 200M->62M(477M) 0.757ms
[40.243s][info][gc,cpu         ] GC(586) User=0.00s Sys=0.00s Real=0.00s
[40.357s][info][gc,start       ] GC(587) Pause Young (Allocation Failure)
[40.358s][info][gc,heap        ] GC(587) PSYoungGen: 138304K(138752K)->576K(135680K) Eden: 137728K(137728K)->0K(134656K) From: 576K(1024K)->576K(1024K)
[40.358s][info][gc,heap        ] GC(587) ParOldGen: 63546K(349696K)->63618K(349696K)
[40.358s][info][gc,metaspace   ] GC(587) Metaspace: 72509K(73024K)->72509K(73024K) NonClass: 57711K(57920K)->57711K(57920K) Class: 14798K(15104K)->14798K(15104K)
[40.358s][info][gc             ] GC(587) Pause Young (Allocation Failure) 197M->62M(474M) 0.943ms
[40.358s][info][gc,cpu         ] GC(587) User=0.00s Sys=0.00s Real=0.00s
[40.469s][info][gc,start       ] GC(588) Pause Young (Allocation Failure)
[40.470s][info][gc,heap        ] GC(588) PSYoungGen: 135232K(135680K)->544K(134144K) Eden: 134656K(134656K)->0K(131584K) From: 576K(1024K)->544K(2560K)
[40.470s][info][gc,heap        ] GC(588) ParOldGen: 63618K(349696K)->63658K(349696K)
[40.470s][info][gc,metaspace   ] GC(588) Metaspace: 72509K(73024K)->72509K(73024K) NonClass: 57711K(57920K)->57711K(57920K) Class: 14798K(15104K)->14798K(15104K)
[40.470s][info][gc             ] GC(588) Pause Young (Allocation Failure) 194M->62M(472M) 0.728ms
[40.470s][info][gc,cpu         ] GC(588) User=0.00s Sys=0.00s Real=0.00s
[40.576s][info][gc,start       ] GC(589) Pause Young (Allocation Failure)
[40.577s][info][gc,heap        ] GC(589) PSYoungGen: 132128K(134144K)->576K(129536K) Eden: 131584K(131584K)->0K(128512K) From: 544K(2560K)->576K(1024K)
[40.577s][info][gc,heap        ] GC(589) ParOldGen: 63658K(349696K)->63714K(349696K)
[40.577s][info][gc,metaspace   ] GC(589) Metaspace: 72509K(73024K)->72509K(73024K) NonClass: 57711K(57920K)->57711K(57920K) Class: 14798K(15104K)->14798K(15104K)
[40.577s][info][gc             ] GC(589) Pause Young (Allocation Failure) 191M->62M(468M) 0.828ms
[40.577s][info][gc,cpu         ] GC(589) User=0.00s Sys=0.00s Real=0.00s
[40.684s][info][gc,start       ] GC(590) Pause Young (Allocation Failure)
[40.684s][info][gc,heap        ] GC(590) PSYoungGen: 129088K(129536K)->512K(125952K) Eden: 128512K(128512K)->0K(125440K) From: 576K(1024K)->512K(512K)
[40.684s][info][gc,heap        ] GC(590) ParOldGen: 63714K(349696K)->63738K(349696K)
[40.684s][info][gc,metaspace   ] GC(590) Metaspace: 72509K(73024K)->72509K(73024K) NonClass: 57711K(57920K)->57711K(57920K) Class: 14798K(15104K)->14798K(15104K)
[40.684s][info][gc             ] GC(590) Pause Young (Allocation Failure) 188M->62M(464M) 0.774ms
[40.684s][info][gc,cpu         ] GC(590) User=0.00s Sys=0.00s Real=0.00s
[40.892s][info][gc,start       ] GC(591) Pause Young (Allocation Failure)
[40.893s][info][gc,heap        ] GC(591) PSYoungGen: 125952K(125952K)->416K(123392K) Eden: 125440K(125440K)->0K(122880K) From: 512K(512K)->416K(512K)
[40.893s][info][gc,heap        ] GC(591) ParOldGen: 63738K(349696K)->63802K(349696K)
[40.893s][info][gc,metaspace   ] GC(591) Metaspace: 72510K(73024K)->72510K(73024K) NonClass: 57712K(57920K)->57712K(57920K) Class: 14798K(15104K)->14798K(15104K)
[40.893s][info][gc             ] GC(591) Pause Young (Allocation Failure) 185M->62M(462M) 1.572ms
[40.893s][info][gc,cpu         ] GC(591) User=0.00s Sys=0.00s Real=0.00s
[41.106s][info][gc,start       ] GC(592) Pause Young (System.gc())
[41.107s][info][gc,heap        ] GC(592) PSYoungGen: 45551K(123392K)->1152K(124928K) Eden: 45135K(122880K)->0K(122880K) From: 416K(512K)->1152K(2048K)
[41.108s][info][gc,heap        ] GC(592) ParOldGen: 63802K(349696K)->64082K(349696K)
[41.108s][info][gc,metaspace   ] GC(592) Metaspace: 72544K(73088K)->72544K(73088K) NonClass: 57746K(57984K)->57746K(57984K) Class: 14798K(15104K)->14798K(15104K)
[41.108s][info][gc             ] GC(592) Pause Young (System.gc()) 106M->63M(463M) 1.807ms
[41.108s][info][gc,cpu         ] GC(592) User=0.00s Sys=0.00s Real=0.00s
[41.108s][info][gc,start       ] GC(593) Pause Full (System.gc())
[41.108s][info][gc,phases,start] GC(593) Marking Phase
[41.148s][info][gc,phases      ] GC(593) Marking Phase 39.747ms
[41.148s][info][gc,phases,start] GC(593) Summary Phase
[41.148s][info][gc,phases      ] GC(593) Summary Phase 0.014ms
[41.148s][info][gc,phases,start] GC(593) Adjust Roots
[41.163s][info][gc,phases      ] GC(593) Adjust Roots 14.951ms
[41.163s][info][gc,phases,start] GC(593) Compaction Phase
[41.172s][info][gc,phases      ] GC(593) Compaction Phase 9.070ms
[41.172s][info][gc,phases,start] GC(593) Post Compact
[41.172s][info][gc,phases      ] GC(593) Post Compact 0.608ms
[41.172s][info][gc,heap        ] GC(593) PSYoungGen: 1152K(124928K)->0K(124928K) Eden: 0K(122880K)->0K(122880K) From: 1152K(2048K)->0K(2048K)
[41.173s][info][gc,heap        ] GC(593) ParOldGen: 64082K(349696K)->35840K(349696K)
[41.173s][info][gc,metaspace   ] GC(593) Metaspace: 72544K(73088K)->72544K(73088K) NonClass: 57746K(57984K)->57746K(57984K) Class: 14798K(15104K)->14798K(15104K)
[41.173s][info][gc             ] GC(593) Pause Full (System.gc()) 63M->35M(463M) 64.702ms
[41.173s][info][gc,cpu         ] GC(593) User=0.63s Sys=0.00s Real=0.06s
[41.236s][info][gc,start       ] GC(594) Pause Young (Allocation Failure)
[41.238s][info][gc,heap        ] GC(594) PSYoungGen: 122880K(124928K)->2048K(122368K) Eden: 122880K(122880K)->0K(120320K) From: 0K(2048K)->2048K(2048K)
[41.238s][info][gc,heap        ] GC(594) ParOldGen: 35840K(349696K)->37376K(349696K)
[41.238s][info][gc,metaspace   ] GC(594) Metaspace: 72679K(73216K)->72679K(73216K) NonClass: 57881K(58112K)->57881K(58112K) Class: 14798K(15104K)->14798K(15104K)
[41.238s][info][gc             ] GC(594) Pause Young (Allocation Failure) 155M->38M(461M) 1.865ms
[41.238s][info][gc,cpu         ] GC(594) User=0.00s Sys=0.00s Real=0.00s
[41.267s][info][gc,start       ] GC(595) Pause Young (Allocation Failure)
[41.269s][info][gc,heap        ] GC(595) PSYoungGen: 122368K(122368K)->1888K(146432K) Eden: 120320K(120320K)->0K(144384K) From: 2048K(2048K)->1888K(2048K)
[41.269s][info][gc,heap        ] GC(595) ParOldGen: 37376K(349696K)->38808K(349696K)
[41.269s][info][gc,metaspace   ] GC(595) Metaspace: 72679K(73216K)->72679K(73216K) NonClass: 57881K(58112K)->57881K(58112K) Class: 14798K(15104K)->14798K(15104K)
[41.269s][info][gc             ] GC(595) Pause Young (Allocation Failure) 156M->39M(484M) 1.628ms
[41.269s][info][gc,cpu         ] GC(595) User=0.00s Sys=0.00s Real=0.00s
[41.304s][info][gc,start       ] GC(596) Pause Young (Allocation Failure)
[41.310s][info][gc,heap        ] GC(596) PSYoungGen: 146272K(146432K)->1792K(156672K) Eden: 144384K(144384K)->0K(154112K) From: 1888K(2048K)->1792K(2560K)
[41.310s][info][gc,heap        ] GC(596) ParOldGen: 38808K(349696K)->39072K(349696K)
[41.310s][info][gc,metaspace   ] GC(596) Metaspace: 72679K(73216K)->72679K(73216K) NonClass: 57881K(58112K)->57881K(58112K) Class: 14798K(15104K)->14798K(15104K)
[41.310s][info][gc             ] GC(596) Pause Young (Allocation Failure) 180M->39M(494M) 6.083ms
[41.310s][info][gc,cpu         ] GC(596) User=0.00s Sys=0.00s Real=0.00s
[41.348s][info][gc,start       ] GC(597) Pause Young (Allocation Failure)
[41.349s][info][gc,heap        ] GC(597) PSYoungGen: 155904K(156672K)->1728K(157184K) Eden: 154112K(154112K)->0K(154112K) From: 1792K(2560K)->1728K(3072K)
[41.349s][info][gc,heap        ] GC(597) ParOldGen: 39072K(349696K)->39272K(349696K)
[41.349s][info][gc,metaspace   ] GC(597) Metaspace: 72679K(73216K)->72679K(73216K) NonClass: 57881K(58112K)->57881K(58112K) Class: 14798K(15104K)->14798K(15104K)
[41.349s][info][gc             ] GC(597) Pause Young (Allocation Failure) 190M->40M(495M) 1.123ms
[41.349s][info][gc,cpu         ] GC(597) User=0.00s Sys=0.00s Real=0.00s
[41.387s][info][gc,start       ] GC(598) Pause Young (Allocation Failure)
[41.389s][info][gc,heap        ] GC(598) PSYoungGen: 155840K(157184K)->1952K(170496K) Eden: 154112K(154112K)->0K(167424K) From: 1728K(3072K)->1952K(3072K)
[41.389s][info][gc,heap        ] GC(598) ParOldGen: 39272K(349696K)->39448K(349696K)
[41.389s][info][gc,metaspace   ] GC(598) Metaspace: 72679K(73216K)->72679K(73216K) NonClass: 57881K(58112K)->57881K(58112K) Class: 14798K(15104K)->14798K(15104K)
[41.389s][info][gc             ] GC(598) Pause Young (Allocation Failure) 190M->40M(508M) 1.388ms
[41.389s][info][gc,cpu         ] GC(598) User=0.00s Sys=0.00s Real=0.00s
[41.431s][info][gc,start       ] GC(599) Pause Young (Allocation Failure)
[41.432s][info][gc,heap        ] GC(599) PSYoungGen: 169376K(170496K)->1984K(171008K) Eden: 167424K(167424K)->0K(167424K) From: 1952K(3072K)->1984K(3584K)
[41.432s][info][gc,heap        ] GC(599) ParOldGen: 39448K(349696K)->39616K(349696K)
[41.432s][info][gc,metaspace   ] GC(599) Metaspace: 72679K(73216K)->72679K(73216K) NonClass: 57881K(58112K)->57881K(58112K) Class: 14798K(15104K)->14798K(15104K)
[41.432s][info][gc             ] GC(599) Pause Young (Allocation Failure) 203M->40M(508M) 1.387ms
[41.432s][info][gc,cpu         ] GC(599) User=0.00s Sys=0.00s Real=0.00s
[41.473s][info][gc,start       ] GC(600) Pause Young (Allocation Failure)
[41.474s][info][gc,heap        ] GC(600) PSYoungGen: 169408K(171008K)->1824K(171008K) Eden: 167424K(167424K)->0K(167424K) From: 1984K(3584K)->1824K(3584K)
[41.474s][info][gc,heap        ] GC(600) ParOldGen: 39616K(349696K)->39792K(349696K)
[41.474s][info][gc,metaspace   ] GC(600) Metaspace: 72679K(73216K)->72679K(73216K) NonClass: 57881K(58112K)->57881K(58112K) Class: 14798K(15104K)->14798K(15104K)
[41.474s][info][gc             ] GC(600) Pause Young (Allocation Failure) 204M->40M(508M) 1.049ms
[41.475s][info][gc,cpu         ] GC(600) User=0.00s Sys=0.00s Real=0.00s
[41.515s][info][gc,start       ] GC(601) Pause Young (Allocation Failure)
[41.517s][info][gc,heap        ] GC(601) PSYoungGen: 169248K(171008K)->1792K(171008K) Eden: 167424K(167424K)->0K(167424K) From: 1824K(3584K)->1792K(3584K)
[41.517s][info][gc,heap        ] GC(601) ParOldGen: 39792K(349696K)->39944K(349696K)
[41.517s][info][gc,metaspace   ] GC(601) Metaspace: 72679K(73216K)->72679K(73216K) NonClass: 57881K(58112K)->57881K(58112K) Class: 14798K(15104K)->14798K(15104K)
[41.517s][info][gc             ] GC(601) Pause Young (Allocation Failure) 204M->40M(508M) 1.181ms
[41.517s][info][gc,cpu         ] GC(601) User=0.00s Sys=0.00s Real=0.00s
[41.558s][info][gc,start       ] GC(602) Pause Young (Allocation Failure)
[41.559s][info][gc,heap        ] GC(602) PSYoungGen: 169216K(171008K)->1856K(169984K) Eden: 167424K(167424K)->0K(167424K) From: 1792K(3584K)->1856K(2560K)
[41.559s][info][gc,heap        ] GC(602) ParOldGen: 39944K(349696K)->40128K(349696K)
[41.559s][info][gc,metaspace   ] GC(602) Metaspace: 72679K(73216K)->72679K(73216K) NonClass: 57881K(58112K)->57881K(58112K) Class: 14798K(15104K)->14798K(15104K)
[41.559s][info][gc             ] GC(602) Pause Young (Allocation Failure) 204M->41M(507M) 1.110ms
[41.559s][info][gc,cpu         ] GC(602) User=0.00s Sys=0.00s Real=0.00s
[41.600s][info][gc,start       ] GC(603) Pause Young (Allocation Failure)
[41.601s][info][gc,heap        ] GC(603) PSYoungGen: 169280K(169984K)->1760K(170496K) Eden: 167424K(167424K)->0K(167424K) From: 1856K(2560K)->1760K(3072K)
[41.601s][info][gc,heap        ] GC(603) ParOldGen: 40128K(349696K)->40312K(349696K)
[41.601s][info][gc,metaspace   ] GC(603) Metaspace: 72679K(73216K)->72679K(73216K) NonClass: 57881K(58112K)->57881K(58112K) Class: 14798K(15104K)->14798K(15104K)
[41.601s][info][gc             ] GC(603) Pause Young (Allocation Failure) 204M->41M(508M) 1.033ms
[41.601s][info][gc,cpu         ] GC(603) User=0.00s Sys=0.00s Real=0.00s
[41.642s][info][gc,start       ] GC(604) Pause Young (Allocation Failure)
[41.643s][info][gc,heap        ] GC(604) PSYoungGen: 169184K(170496K)->1824K(171520K) Eden: 167424K(167424K)->0K(168448K) From: 1760K(3072K)->1824K(3072K)
[41.643s][info][gc,heap        ] GC(604) ParOldGen: 40312K(349696K)->40488K(349696K)
[41.643s][info][gc,metaspace   ] GC(604) Metaspace: 72679K(73216K)->72679K(73216K) NonClass: 57881K(58112K)->57881K(58112K) Class: 14798K(15104K)->14798K(15104K)
[41.643s][info][gc             ] GC(604) Pause Young (Allocation Failure) 204M->41M(509M) 1.097ms
[41.643s][info][gc,cpu         ] GC(604) User=0.00s Sys=0.00s Real=0.00s
[41.684s][info][gc,start       ] GC(605) Pause Young (Allocation Failure)
[41.685s][info][gc,heap        ] GC(605) PSYoungGen: 170272K(171520K)->1920K(171520K) Eden: 168448K(168448K)->0K(168448K) From: 1824K(3072K)->1920K(3072K)
[41.685s][info][gc,heap        ] GC(605) ParOldGen: 40488K(349696K)->40640K(349696K)
[41.685s][info][gc,metaspace   ] GC(605) Metaspace: 72679K(73216K)->72679K(73216K) NonClass: 57881K(58112K)->57881K(58112K) Class: 14798K(15104K)->14798K(15104K)
[41.685s][info][gc             ] GC(605) Pause Young (Allocation Failure) 205M->41M(509M) 1.210ms
[41.685s][info][gc,cpu         ] GC(605) User=0.00s Sys=0.00s Real=0.00s
[41.727s][info][gc,start       ] GC(606) Pause Young (Allocation Failure)
[41.728s][info][gc,heap        ] GC(606) PSYoungGen: 170367K(171520K)->1792K(171520K) Eden: 168447K(168448K)->0K(168448K) From: 1920K(3072K)->1792K(3072K)
[41.728s][info][gc,heap        ] GC(606) ParOldGen: 40640K(349696K)->40824K(349696K)
[41.728s][info][gc,metaspace   ] GC(606) Metaspace: 72679K(73216K)->72679K(73216K) NonClass: 57881K(58112K)->57881K(58112K) Class: 14798K(15104K)->14798K(15104K)
[41.728s][info][gc             ] GC(606) Pause Young (Allocation Failure) 206M->41M(509M) 1.122ms
[41.728s][info][gc,cpu         ] GC(606) User=0.00s Sys=0.00s Real=0.00s
[41.769s][info][gc,start       ] GC(607) Pause Young (Allocation Failure)
[41.770s][info][gc,heap        ] GC(607) PSYoungGen: 170240K(171520K)->1824K(171520K) Eden: 168448K(168448K)->0K(168448K) From: 1792K(3072K)->1824K(3072K)
[41.770s][info][gc,heap        ] GC(607) ParOldGen: 40824K(349696K)->40984K(349696K)
[41.770s][info][gc,metaspace   ] GC(607) Metaspace: 72679K(73216K)->72679K(73216K) NonClass: 57881K(58112K)->57881K(58112K) Class: 14798K(15104K)->14798K(15104K)
[41.770s][info][gc             ] GC(607) Pause Young (Allocation Failure) 206M->41M(509M) 1.087ms
[41.770s][info][gc,cpu         ] GC(607) User=0.00s Sys=0.00s Real=0.00s
[41.811s][info][gc,start       ] GC(608) Pause Young (Allocation Failure)
[41.812s][info][gc,heap        ] GC(608) PSYoungGen: 170272K(171520K)->1728K(171520K) Eden: 168448K(168448K)->0K(168448K) From: 1824K(3072K)->1728K(3072K)
[41.812s][info][gc,heap        ] GC(608) ParOldGen: 40984K(349696K)->41184K(349696K)
[41.812s][info][gc,metaspace   ] GC(608) Metaspace: 72679K(73216K)->72679K(73216K) NonClass: 57881K(58112K)->57881K(58112K) Class: 14798K(15104K)->14798K(15104K)
[41.812s][info][gc             ] GC(608) Pause Young (Allocation Failure) 206M->41M(509M) 1.090ms
[41.812s][info][gc,cpu         ] GC(608) User=0.00s Sys=0.00s Real=0.00s
[41.854s][info][gc,start       ] GC(609) Pause Young (Allocation Failure)
[41.855s][info][gc,heap        ] GC(609) PSYoungGen: 170176K(171520K)->1728K(171520K) Eden: 168448K(168448K)->0K(168448K) From: 1728K(3072K)->1728K(3072K)
[41.855s][info][gc,heap        ] GC(609) ParOldGen: 41184K(349696K)->41384K(349696K)
[41.855s][info][gc,metaspace   ] GC(609) Metaspace: 72679K(73216K)->72679K(73216K) NonClass: 57881K(58112K)->57881K(58112K) Class: 14798K(15104K)->14798K(15104K)
[41.855s][info][gc             ] GC(609) Pause Young (Allocation Failure) 206M->42M(509M) 1.072ms
[41.855s][info][gc,cpu         ] GC(609) User=0.00s Sys=0.00s Real=0.00s
[41.896s][info][gc,start       ] GC(610) Pause Young (Allocation Failure)
[41.897s][info][gc,heap        ] GC(610) PSYoungGen: 170176K(171520K)->1792K(171520K) Eden: 168448K(168448K)->0K(168448K) From: 1728K(3072K)->1792K(3072K)
[41.897s][info][gc,heap        ] GC(610) ParOldGen: 41384K(349696K)->41552K(349696K)
[41.897s][info][gc,metaspace   ] GC(610) Metaspace: 72679K(73216K)->72679K(73216K) NonClass: 57881K(58112K)->57881K(58112K) Class: 14798K(15104K)->14798K(15104K)
[41.897s][info][gc             ] GC(610) Pause Young (Allocation Failure) 206M->42M(509M) 1.141ms
[41.897s][info][gc,cpu         ] GC(610) User=0.00s Sys=0.00s Real=0.00s
[41.938s][info][gc,start       ] GC(611) Pause Young (Allocation Failure)
[41.939s][info][gc,heap        ] GC(611) PSYoungGen: 170240K(171520K)->1792K(170496K) Eden: 168448K(168448K)->0K(168448K) From: 1792K(3072K)->1792K(2048K)
[41.939s][info][gc,heap        ] GC(611) ParOldGen: 41552K(349696K)->41712K(349696K)
[41.939s][info][gc,metaspace   ] GC(611) Metaspace: 72679K(73216K)->72679K(73216K) NonClass: 57881K(58112K)->57881K(58112K) Class: 14798K(15104K)->14798K(15104K)
[41.939s][info][gc             ] GC(611) Pause Young (Allocation Failure) 206M->42M(508M) 1.048ms
[41.939s][info][gc,cpu         ] GC(611) User=0.00s Sys=0.00s Real=0.00s
[41.980s][info][gc,start       ] GC(612) Pause Young (Allocation Failure)
[41.981s][info][gc,heap        ] GC(612) PSYoungGen: 170240K(170496K)->1760K(171008K) Eden: 168448K(168448K)->0K(168448K) From: 1792K(2048K)->1760K(2560K)
[41.981s][info][gc,heap        ] GC(612) ParOldGen: 41712K(349696K)->41888K(349696K)
[41.981s][info][gc,metaspace   ] GC(612) Metaspace: 72679K(73216K)->72679K(73216K) NonClass: 57881K(58112K)->57881K(58112K) Class: 14798K(15104K)->14798K(15104K)
[41.981s][info][gc             ] GC(612) Pause Young (Allocation Failure) 206M->42M(508M) 1.114ms
[41.981s][info][gc,cpu         ] GC(612) User=0.00s Sys=0.00s Real=0.00s
[42.022s][info][gc,start       ] GC(613) Pause Young (Allocation Failure)
[42.023s][info][gc,heap        ] GC(613) PSYoungGen: 170208K(171008K)->1760K(171008K) Eden: 168448K(168448K)->0K(168448K) From: 1760K(2560K)->1760K(2560K)
[42.023s][info][gc,heap        ] GC(613) ParOldGen: 41888K(349696K)->42064K(349696K)
[42.023s][info][gc,metaspace   ] GC(613) Metaspace: 72679K(73216K)->72679K(73216K) NonClass: 57881K(58112K)->57881K(58112K) Class: 14798K(15104K)->14798K(15104K)
[42.023s][info][gc             ] GC(613) Pause Young (Allocation Failure) 207M->42M(508M) 1.141ms
[42.023s][info][gc,cpu         ] GC(613) User=0.00s Sys=0.00s Real=0.00s
[42.065s][info][gc,start       ] GC(614) Pause Young (Allocation Failure)
[42.066s][info][gc,heap        ] GC(614) PSYoungGen: 170208K(171008K)->1888K(172032K) Eden: 168448K(168448K)->0K(169472K) From: 1760K(2560K)->1888K(2560K)
[42.066s][info][gc,heap        ] GC(614) ParOldGen: 42064K(349696K)->42224K(349696K)
[42.066s][info][gc,metaspace   ] GC(614) Metaspace: 72679K(73216K)->72679K(73216K) NonClass: 57881K(58112K)->57881K(58112K) Class: 14798K(15104K)->14798K(15104K)
[42.066s][info][gc             ] GC(614) Pause Young (Allocation Failure) 207M->43M(509M) 1.147ms
[42.066s][info][gc,cpu         ] GC(614) User=0.00s Sys=0.00s Real=0.00s
[42.107s][info][gc,start       ] GC(615) Pause Young (Allocation Failure)
[42.108s][info][gc,heap        ] GC(615) PSYoungGen: 171360K(172032K)->1856K(172032K) Eden: 169472K(169472K)->0K(169472K) From: 1888K(2560K)->1856K(2560K)
[42.108s][info][gc,heap        ] GC(615) ParOldGen: 42224K(349696K)->42456K(349696K)
[42.108s][info][gc,metaspace   ] GC(615) Metaspace: 72679K(73216K)->72679K(73216K) NonClass: 57881K(58112K)->57881K(58112K) Class: 14798K(15104K)->14798K(15104K)
[42.108s][info][gc             ] GC(615) Pause Young (Allocation Failure) 208M->43M(509M) 1.169ms
[42.108s][info][gc,cpu         ] GC(615) User=0.00s Sys=0.00s Real=0.00s
[42.150s][info][gc,start       ] GC(616) Pause Young (Allocation Failure)
[42.151s][info][gc,heap        ] GC(616) PSYoungGen: 171328K(172032K)->1792K(172032K) Eden: 169472K(169472K)->0K(169472K) From: 1856K(2560K)->1792K(2560K)
[42.151s][info][gc,heap        ] GC(616) ParOldGen: 42456K(349696K)->42728K(349696K)
[42.151s][info][gc,metaspace   ] GC(616) Metaspace: 72679K(73216K)->72679K(73216K) NonClass: 57881K(58112K)->57881K(58112K) Class: 14798K(15104K)->14798K(15104K)
[42.151s][info][gc             ] GC(616) Pause Young (Allocation Failure) 208M->43M(509M) 1.109ms
[42.151s][info][gc,cpu         ] GC(616) User=0.00s Sys=0.00s Real=0.00s
[42.192s][info][gc,start       ] GC(617) Pause Young (Allocation Failure)
[42.193s][info][gc,heap        ] GC(617) PSYoungGen: 171264K(172032K)->1792K(172032K) Eden: 169472K(169472K)->0K(169472K) From: 1792K(2560K)->1792K(2560K)
[42.193s][info][gc,heap        ] GC(617) ParOldGen: 42728K(349696K)->42896K(349696K)
[42.193s][info][gc,metaspace   ] GC(617) Metaspace: 72679K(73216K)->72679K(73216K) NonClass: 57881K(58112K)->57881K(58112K) Class: 14798K(15104K)->14798K(15104K)
[42.193s][info][gc             ] GC(617) Pause Young (Allocation Failure) 208M->43M(509M) 1.071ms
[42.193s][info][gc,cpu         ] GC(617) User=0.00s Sys=0.00s Real=0.00s
[42.234s][info][gc,start       ] GC(618) Pause Young (Allocation Failure)
[42.235s][info][gc,heap        ] GC(618) PSYoungGen: 171264K(172032K)->1760K(172032K) Eden: 169472K(169472K)->0K(169472K) From: 1792K(2560K)->1760K(2560K)
[42.235s][info][gc,heap        ] GC(618) ParOldGen: 42896K(349696K)->43080K(349696K)
[42.235s][info][gc,metaspace   ] GC(618) Metaspace: 72679K(73216K)->72679K(73216K) NonClass: 57881K(58112K)->57881K(58112K) Class: 14798K(15104K)->14798K(15104K)
[42.235s][info][gc             ] GC(618) Pause Young (Allocation Failure) 209M->43M(509M) 1.039ms
[42.235s][info][gc,cpu         ] GC(618) User=0.00s Sys=0.00s Real=0.00s
[42.277s][info][gc,start       ] GC(619) Pause Young (Allocation Failure)
[42.278s][info][gc,heap        ] GC(619) PSYoungGen: 171232K(172032K)->1728K(172032K) Eden: 169472K(169472K)->0K(169472K) From: 1760K(2560K)->1728K(2560K)
[42.278s][info][gc,heap        ] GC(619) ParOldGen: 43080K(349696K)->43264K(349696K)
[42.278s][info][gc,metaspace   ] GC(619) Metaspace: 72679K(73216K)->72679K(73216K) NonClass: 57881K(58112K)->57881K(58112K) Class: 14798K(15104K)->14798K(15104K)
[42.278s][info][gc             ] GC(619) Pause Young (Allocation Failure) 209M->43M(509M) 1.086ms
[42.278s][info][gc,cpu         ] GC(619) User=0.00s Sys=0.00s Real=0.00s
[42.319s][info][gc,start       ] GC(620) Pause Young (Allocation Failure)
[42.320s][info][gc,heap        ] GC(620) PSYoungGen: 171200K(172032K)->1856K(172032K) Eden: 169472K(169472K)->0K(169472K) From: 1728K(2560K)->1856K(2560K)
[42.320s][info][gc,heap        ] GC(620) ParOldGen: 43264K(349696K)->43392K(349696K)
[42.320s][info][gc,metaspace   ] GC(620) Metaspace: 72679K(73216K)->72679K(73216K) NonClass: 57881K(58112K)->57881K(58112K) Class: 14798K(15104K)->14798K(15104K)
[42.320s][info][gc             ] GC(620) Pause Young (Allocation Failure) 209M->44M(509M) 1.075ms
[42.320s][info][gc,cpu         ] GC(620) User=0.00s Sys=0.00s Real=0.00s
[42.362s][info][gc,start       ] GC(621) Pause Young (Allocation Failure)
[42.363s][info][gc,heap        ] GC(621) PSYoungGen: 171328K(172032K)->1856K(172032K) Eden: 169472K(169472K)->0K(169472K) From: 1856K(2560K)->1856K(2560K)
[42.363s][info][gc,heap        ] GC(621) ParOldGen: 43392K(349696K)->43584K(349696K)
[42.363s][info][gc,metaspace   ] GC(621) Metaspace: 72679K(73216K)->72679K(73216K) NonClass: 57881K(58112K)->57881K(58112K) Class: 14798K(15104K)->14798K(15104K)
[42.363s][info][gc             ] GC(621) Pause Young (Allocation Failure) 209M->44M(509M) 1.096ms
[42.363s][info][gc,cpu         ] GC(621) User=0.00s Sys=0.00s Real=0.00s
[42.404s][info][gc,start       ] GC(622) Pause Young (Allocation Failure)
[42.405s][info][gc,heap        ] GC(622) PSYoungGen: 171328K(172032K)->1792K(172032K) Eden: 169472K(169472K)->0K(169472K) From: 1856K(2560K)->1792K(2560K)
[42.406s][info][gc,heap        ] GC(622) ParOldGen: 43584K(349696K)->43704K(349696K)
[42.406s][info][gc,metaspace   ] GC(622) Metaspace: 72679K(73216K)->72679K(73216K) NonClass: 57881K(58112K)->57881K(58112K) Class: 14798K(15104K)->14798K(15104K)
[42.406s][info][gc             ] GC(622) Pause Young (Allocation Failure) 209M->44M(509M) 1.072ms
[42.406s][info][gc,cpu         ] GC(622) User=0.00s Sys=0.00s Real=0.00s
[42.447s][info][gc,start       ] GC(623) Pause Young (Allocation Failure)
[42.448s][info][gc,heap        ] GC(623) PSYoungGen: 171264K(172032K)->1792K(172032K) Eden: 169472K(169472K)->0K(169472K) From: 1792K(2560K)->1792K(2560K)
[42.448s][info][gc,heap        ] GC(623) ParOldGen: 43704K(349696K)->43888K(349696K)
[42.448s][info][gc,metaspace   ] GC(623) Metaspace: 72679K(73216K)->72679K(73216K) NonClass: 57881K(58112K)->57881K(58112K) Class: 14798K(15104K)->14798K(15104K)
[42.448s][info][gc             ] GC(623) Pause Young (Allocation Failure) 209M->44M(509M) 1.051ms
[42.448s][info][gc,cpu         ] GC(623) User=0.00s Sys=0.00s Real=0.00s
[42.489s][info][gc,start       ] GC(624) Pause Young (Allocation Failure)
[42.491s][info][gc,heap        ] GC(624) PSYoungGen: 171264K(172032K)->1792K(172032K) Eden: 169472K(169472K)->0K(169472K) From: 1792K(2560K)->1792K(2560K)
[42.491s][info][gc,heap        ] GC(624) ParOldGen: 43888K(349696K)->44064K(349696K)
[42.491s][info][gc,metaspace   ] GC(624) Metaspace: 72679K(73216K)->72679K(73216K) NonClass: 57881K(58112K)->57881K(58112K) Class: 14798K(15104K)->14798K(15104K)
[42.491s][info][gc             ] GC(624) Pause Young (Allocation Failure) 210M->44M(509M) 1.165ms
[42.491s][info][gc,cpu         ] GC(624) User=0.00s Sys=0.00s Real=0.00s
[42.533s][info][gc,start       ] GC(625) Pause Young (Allocation Failure)
[42.534s][info][gc,heap        ] GC(625) PSYoungGen: 171264K(172032K)->1760K(172032K) Eden: 169472K(169472K)->0K(169472K) From: 1792K(2560K)->1760K(2560K)
[42.534s][info][gc,heap        ] GC(625) ParOldGen: 44064K(349696K)->44232K(349696K)
[42.534s][info][gc,metaspace   ] GC(625) Metaspace: 72679K(73216K)->72679K(73216K) NonClass: 57881K(58112K)->57881K(58112K) Class: 14798K(15104K)->14798K(15104K)
[42.534s][info][gc             ] GC(625) Pause Young (Allocation Failure) 210M->44M(509M) 1.074ms
[42.534s][info][gc,cpu         ] GC(625) User=0.00s Sys=0.00s Real=0.00s
[42.575s][info][gc,start       ] GC(626) Pause Young (Allocation Failure)
[42.576s][info][gc,heap        ] GC(626) PSYoungGen: 171232K(172032K)->1792K(172032K) Eden: 169472K(169472K)->0K(169472K) From: 1760K(2560K)->1792K(2560K)
[42.576s][info][gc,heap        ] GC(626) ParOldGen: 44232K(349696K)->44400K(349696K)
[42.576s][info][gc,metaspace   ] GC(626) Metaspace: 72679K(73216K)->72679K(73216K) NonClass: 57881K(58112K)->57881K(58112K) Class: 14798K(15104K)->14798K(15104K)
[42.576s][info][gc             ] GC(626) Pause Young (Allocation Failure) 210M->45M(509M) 1.131ms
[42.576s][info][gc,cpu         ] GC(626) User=0.00s Sys=0.00s Real=0.00s
[42.618s][info][gc,start       ] GC(627) Pause Young (Allocation Failure)
[42.619s][info][gc,heap        ] GC(627) PSYoungGen: 171264K(172032K)->1824K(172032K) Eden: 169472K(169472K)->0K(169472K) From: 1792K(2560K)->1824K(2560K)
[42.619s][info][gc,heap        ] GC(627) ParOldGen: 44400K(349696K)->44576K(349696K)
[42.619s][info][gc,metaspace   ] GC(627) Metaspace: 72679K(73216K)->72679K(73216K) NonClass: 57881K(58112K)->57881K(58112K) Class: 14798K(15104K)->14798K(15104K)
[42.619s][info][gc             ] GC(627) Pause Young (Allocation Failure) 210M->45M(509M) 1.077ms
[42.619s][info][gc,cpu         ] GC(627) User=0.00s Sys=0.00s Real=0.00s
[42.660s][info][gc,start       ] GC(628) Pause Young (Allocation Failure)
[42.661s][info][gc,heap        ] GC(628) PSYoungGen: 171296K(172032K)->1856K(172032K) Eden: 169472K(169472K)->0K(169472K) From: 1824K(2560K)->1856K(2560K)
[42.661s][info][gc,heap        ] GC(628) ParOldGen: 44576K(349696K)->44736K(349696K)
[42.661s][info][gc,metaspace   ] GC(628) Metaspace: 72679K(73216K)->72679K(73216K) NonClass: 57881K(58112K)->57881K(58112K) Class: 14798K(15104K)->14798K(15104K)
[42.661s][info][gc             ] GC(628) Pause Young (Allocation Failure) 210M->45M(509M) 1.104ms
[42.661s][info][gc,cpu         ] GC(628) User=0.00s Sys=0.00s Real=0.00s
[42.703s][info][gc,start       ] GC(629) Pause Young (Allocation Failure)
[42.704s][info][gc,heap        ] GC(629) PSYoungGen: 171328K(172032K)->1824K(171520K) Eden: 169472K(169472K)->0K(169472K) From: 1856K(2560K)->1824K(2048K)
[42.704s][info][gc,heap        ] GC(629) ParOldGen: 44736K(349696K)->44928K(349696K)
[42.704s][info][gc,metaspace   ] GC(629) Metaspace: 72679K(73216K)->72679K(73216K) NonClass: 57881K(58112K)->57881K(58112K) Class: 14798K(15104K)->14798K(15104K)
[42.704s][info][gc             ] GC(629) Pause Young (Allocation Failure) 211M->45M(509M) 1.151ms
[42.704s][info][gc,cpu         ] GC(629) User=0.00s Sys=0.00s Real=0.00s
[42.745s][info][gc,start       ] GC(630) Pause Young (Allocation Failure)
[42.746s][info][gc,heap        ] GC(630) PSYoungGen: 171296K(171520K)->1856K(171520K) Eden: 169472K(169472K)->0K(169472K) From: 1824K(2048K)->1856K(2048K)
[42.746s][info][gc,heap        ] GC(630) ParOldGen: 44928K(349696K)->45088K(349696K)
[42.746s][info][gc,metaspace   ] GC(630) Metaspace: 72679K(73216K)->72679K(73216K) NonClass: 57881K(58112K)->57881K(58112K) Class: 14798K(15104K)->14798K(15104K)
[42.746s][info][gc             ] GC(630) Pause Young (Allocation Failure) 211M->45M(509M) 1.078ms
[42.746s][info][gc,cpu         ] GC(630) User=0.00s Sys=0.00s Real=0.00s
[42.788s][info][gc,start       ] GC(631) Pause Young (Allocation Failure)
[42.789s][info][gc,heap        ] GC(631) PSYoungGen: 171328K(171520K)->1760K(171520K) Eden: 169472K(169472K)->0K(169472K) From: 1856K(2048K)->1760K(2048K)
[42.789s][info][gc,heap        ] GC(631) ParOldGen: 45088K(349696K)->45248K(349696K)
[42.789s][info][gc,metaspace   ] GC(631) Metaspace: 72679K(73216K)->72679K(73216K) NonClass: 57881K(58112K)->57881K(58112K) Class: 14798K(15104K)->14798K(15104K)
[42.789s][info][gc             ] GC(631) Pause Young (Allocation Failure) 211M->45M(509M) 1.109ms
[42.789s][info][gc,cpu         ] GC(631) User=0.00s Sys=0.00s Real=0.00s
[42.831s][info][gc,start       ] GC(632) Pause Young (Allocation Failure)
[42.832s][info][gc,heap        ] GC(632) PSYoungGen: 171232K(171520K)->1824K(172544K) Eden: 169472K(169472K)->0K(170496K) From: 1760K(2048K)->1824K(2048K)
[42.832s][info][gc,heap        ] GC(632) ParOldGen: 45248K(349696K)->45416K(349696K)
[42.832s][info][gc,metaspace   ] GC(632) Metaspace: 72679K(73216K)->72679K(73216K) NonClass: 57881K(58112K)->57881K(58112K) Class: 14798K(15104K)->14798K(15104K)
[42.832s][info][gc             ] GC(632) Pause Young (Allocation Failure) 211M->46M(510M) 1.068ms
[42.832s][info][gc,cpu         ] GC(632) User=0.00s Sys=0.00s Real=0.00s
[42.873s][info][gc,start       ] GC(633) Pause Young (Allocation Failure)
[42.874s][info][gc,heap        ] GC(633) PSYoungGen: 172320K(172544K)->1824K(172544K) Eden: 170496K(170496K)->0K(170496K) From: 1824K(2048K)->1824K(2048K)
[42.874s][info][gc,heap        ] GC(633) ParOldGen: 45416K(349696K)->45576K(349696K)
[42.874s][info][gc,metaspace   ] GC(633) Metaspace: 72679K(73216K)->72679K(73216K) NonClass: 57881K(58112K)->57881K(58112K) Class: 14798K(15104K)->14798K(15104K)
[42.874s][info][gc             ] GC(633) Pause Young (Allocation Failure) 212M->46M(510M) 1.096ms
[42.874s][info][gc,cpu         ] GC(633) User=0.00s Sys=0.00s Real=0.00s
[42.916s][info][gc,start       ] GC(634) Pause Young (Allocation Failure)
[42.917s][info][gc,heap        ] GC(634) PSYoungGen: 172320K(172544K)->1824K(172544K) Eden: 170496K(170496K)->0K(170496K) From: 1824K(2048K)->1824K(2048K)
[42.917s][info][gc,heap        ] GC(634) ParOldGen: 45576K(349696K)->45760K(349696K)
[42.917s][info][gc,metaspace   ] GC(634) Metaspace: 72679K(73216K)->72679K(73216K) NonClass: 57881K(58112K)->57881K(58112K) Class: 14798K(15104K)->14798K(15104K)
[42.917s][info][gc             ] GC(634) Pause Young (Allocation Failure) 212M->46M(510M) 1.041ms
[42.917s][info][gc,cpu         ] GC(634) User=0.00s Sys=0.00s Real=0.00s
[42.959s][info][gc,start       ] GC(635) Pause Young (Allocation Failure)
[42.960s][info][gc,heap        ] GC(635) PSYoungGen: 172320K(172544K)->1856K(172544K) Eden: 170496K(170496K)->0K(170496K) From: 1824K(2048K)->1856K(2048K)
[42.960s][info][gc,heap        ] GC(635) ParOldGen: 45760K(349696K)->45944K(349696K)
[42.960s][info][gc,metaspace   ] GC(635) Metaspace: 72679K(73216K)->72679K(73216K) NonClass: 57881K(58112K)->57881K(58112K) Class: 14798K(15104K)->14798K(15104K)
[42.960s][info][gc             ] GC(635) Pause Young (Allocation Failure) 212M->46M(510M) 1.086ms
[42.960s][info][gc,cpu         ] GC(635) User=0.00s Sys=0.00s Real=0.00s
[43.001s][info][gc,start       ] GC(636) Pause Young (Allocation Failure)
[43.002s][info][gc,heap        ] GC(636) PSYoungGen: 172352K(172544K)->1792K(172544K) Eden: 170496K(170496K)->0K(170496K) From: 1856K(2048K)->1792K(2048K)
[43.002s][info][gc,heap        ] GC(636) ParOldGen: 45944K(349696K)->46136K(349696K)
[43.002s][info][gc,metaspace   ] GC(636) Metaspace: 72679K(73216K)->72679K(73216K) NonClass: 57881K(58112K)->57881K(58112K) Class: 14798K(15104K)->14798K(15104K)
[43.002s][info][gc             ] GC(636) Pause Young (Allocation Failure) 213M->46M(510M) 1.046ms
[43.002s][info][gc,cpu         ] GC(636) User=0.00s Sys=0.00s Real=0.00s
[43.044s][info][gc,start       ] GC(637) Pause Young (Allocation Failure)
[43.045s][info][gc,heap        ] GC(637) PSYoungGen: 172288K(172544K)->1824K(172544K) Eden: 170496K(170496K)->0K(170496K) From: 1792K(2048K)->1824K(2048K)
[43.045s][info][gc,heap        ] GC(637) ParOldGen: 46136K(349696K)->46312K(349696K)
[43.045s][info][gc,metaspace   ] GC(637) Metaspace: 72679K(73216K)->72679K(73216K) NonClass: 57881K(58112K)->57881K(58112K) Class: 14798K(15104K)->14798K(15104K)
[43.045s][info][gc             ] GC(637) Pause Young (Allocation Failure) 213M->47M(510M) 1.126ms
[43.045s][info][gc,cpu         ] GC(637) User=0.00s Sys=0.00s Real=0.00s
[43.086s][info][gc,start       ] GC(638) Pause Young (Allocation Failure)
[43.088s][info][gc,heap        ] GC(638) PSYoungGen: 172320K(172544K)->1920K(172544K) Eden: 170496K(170496K)->0K(170496K) From: 1824K(2048K)->1920K(2048K)
[43.088s][info][gc,heap        ] GC(638) ParOldGen: 46312K(349696K)->46496K(349696K)
[43.088s][info][gc,metaspace   ] GC(638) Metaspace: 72679K(73216K)->72679K(73216K) NonClass: 57881K(58112K)->57881K(58112K) Class: 14798K(15104K)->14798K(15104K)
[43.088s][info][gc             ] GC(638) Pause Young (Allocation Failure) 213M->47M(510M) 1.096ms
[43.088s][info][gc,cpu         ] GC(638) User=0.00s Sys=0.00s Real=0.00s
[43.129s][info][gc,start       ] GC(639) Pause Young (Allocation Failure)
[43.130s][info][gc,heap        ] GC(639) PSYoungGen: 172416K(172544K)->1856K(172544K) Eden: 170496K(170496K)->0K(170496K) From: 1920K(2048K)->1856K(2048K)
[43.130s][info][gc,heap        ] GC(639) ParOldGen: 46496K(349696K)->46760K(349696K)
[43.130s][info][gc,metaspace   ] GC(639) Metaspace: 72679K(73216K)->72679K(73216K) NonClass: 57881K(58112K)->57881K(58112K) Class: 14798K(15104K)->14798K(15104K)
[43.130s][info][gc             ] GC(639) Pause Young (Allocation Failure) 213M->47M(510M) 1.112ms
[43.130s][info][gc,cpu         ] GC(639) User=0.00s Sys=0.00s Real=0.00s
[43.172s][info][gc,start       ] GC(640) Pause Young (Allocation Failure)
[43.173s][info][gc,heap        ] GC(640) PSYoungGen: 172352K(172544K)->1760K(172544K) Eden: 170496K(170496K)->0K(170496K) From: 1856K(2048K)->1760K(2048K)
[43.173s][info][gc,heap        ] GC(640) ParOldGen: 46760K(349696K)->46944K(349696K)
[43.173s][info][gc,metaspace   ] GC(640) Metaspace: 72679K(73216K)->72679K(73216K) NonClass: 57881K(58112K)->57881K(58112K) Class: 14798K(15104K)->14798K(15104K)
[43.173s][info][gc             ] GC(640) Pause Young (Allocation Failure) 213M->47M(510M) 1.089ms
[43.173s][info][gc,cpu         ] GC(640) User=0.00s Sys=0.00s Real=0.00s
[43.214s][info][gc,start       ] GC(641) Pause Young (Allocation Failure)
[43.216s][info][gc,heap        ] GC(641) PSYoungGen: 172256K(172544K)->1792K(172544K) Eden: 170496K(170496K)->0K(170496K) From: 1760K(2048K)->1792K(2048K)
[43.216s][info][gc,heap        ] GC(641) ParOldGen: 46944K(349696K)->47120K(349696K)
[43.216s][info][gc,metaspace   ] GC(641) Metaspace: 72679K(73216K)->72679K(73216K) NonClass: 57881K(58112K)->57881K(58112K) Class: 14798K(15104K)->14798K(15104K)
[43.216s][info][gc             ] GC(641) Pause Young (Allocation Failure) 214M->47M(510M) 1.128ms
[43.216s][info][gc,cpu         ] GC(641) User=0.00s Sys=0.00s Real=0.00s
[43.257s][info][gc,start       ] GC(642) Pause Young (Allocation Failure)
[43.258s][info][gc,heap        ] GC(642) PSYoungGen: 172288K(172544K)->1856K(172544K) Eden: 170496K(170496K)->0K(170496K) From: 1792K(2048K)->1856K(2048K)
[43.258s][info][gc,heap        ] GC(642) ParOldGen: 47120K(349696K)->47304K(349696K)
[43.258s][info][gc,metaspace   ] GC(642) Metaspace: 72679K(73216K)->72679K(73216K) NonClass: 57881K(58112K)->57881K(58112K) Class: 14798K(15104K)->14798K(15104K)
[43.258s][info][gc             ] GC(642) Pause Young (Allocation Failure) 214M->48M(510M) 1.019ms
[43.258s][info][gc,cpu         ] GC(642) User=0.00s Sys=0.00s Real=0.00s
[43.300s][info][gc,start       ] GC(643) Pause Young (Allocation Failure)
[43.301s][info][gc,heap        ] GC(643) PSYoungGen: 172352K(172544K)->1888K(172544K) Eden: 170496K(170496K)->0K(170496K) From: 1856K(2048K)->1888K(2048K)
[43.301s][info][gc,heap        ] GC(643) ParOldGen: 47304K(349696K)->47488K(349696K)
[43.301s][info][gc,metaspace   ] GC(643) Metaspace: 72679K(73216K)->72679K(73216K) NonClass: 57881K(58112K)->57881K(58112K) Class: 14798K(15104K)->14798K(15104K)
[43.301s][info][gc             ] GC(643) Pause Young (Allocation Failure) 214M->48M(510M) 1.084ms
[43.301s][info][gc,cpu         ] GC(643) User=0.00s Sys=0.00s Real=0.00s
[43.343s][info][gc,start       ] GC(644) Pause Young (Allocation Failure)
[43.344s][info][gc,heap        ] GC(644) PSYoungGen: 172384K(172544K)->1824K(172544K) Eden: 170496K(170496K)->0K(170496K) From: 1888K(2048K)->1824K(2048K)
[43.344s][info][gc,heap        ] GC(644) ParOldGen: 47488K(349696K)->47696K(349696K)
[43.344s][info][gc,metaspace   ] GC(644) Metaspace: 72679K(73216K)->72679K(73216K) NonClass: 57881K(58112K)->57881K(58112K) Class: 14798K(15104K)->14798K(15104K)
[43.344s][info][gc             ] GC(644) Pause Young (Allocation Failure) 214M->48M(510M) 1.066ms
[43.344s][info][gc,cpu         ] GC(644) User=0.00s Sys=0.00s Real=0.00s
[43.386s][info][gc,start       ] GC(645) Pause Young (Allocation Failure)
[43.387s][info][gc,heap        ] GC(645) PSYoungGen: 172320K(172544K)->1792K(172544K) Eden: 170496K(170496K)->0K(170496K) From: 1824K(2048K)->1792K(2048K)
[43.387s][info][gc,heap        ] GC(645) ParOldGen: 47696K(349696K)->47848K(349696K)
[43.387s][info][gc,metaspace   ] GC(645) Metaspace: 72679K(73216K)->72679K(73216K) NonClass: 57881K(58112K)->57881K(58112K) Class: 14798K(15104K)->14798K(15104K)
[43.387s][info][gc             ] GC(645) Pause Young (Allocation Failure) 214M->48M(510M) 1.073ms
[43.387s][info][gc,cpu         ] GC(645) User=0.00s Sys=0.00s Real=0.00s
[43.429s][info][gc,start       ] GC(646) Pause Young (Allocation Failure)
[43.430s][info][gc,heap        ] GC(646) PSYoungGen: 172288K(172544K)->1888K(172544K) Eden: 170496K(170496K)->0K(170496K) From: 1792K(2048K)->1888K(2048K)
[43.430s][info][gc,heap        ] GC(646) ParOldGen: 47848K(349696K)->48000K(349696K)
[43.430s][info][gc,metaspace   ] GC(646) Metaspace: 72679K(73216K)->72679K(73216K) NonClass: 57881K(58112K)->57881K(58112K) Class: 14798K(15104K)->14798K(15104K)
[43.430s][info][gc             ] GC(646) Pause Young (Allocation Failure) 214M->48M(510M) 1.125ms
[43.430s][info][gc,cpu         ] GC(646) User=0.00s Sys=0.00s Real=0.00s
[43.471s][info][gc,start       ] GC(647) Pause Young (Allocation Failure)
[43.472s][info][gc,heap        ] GC(647) PSYoungGen: 172384K(172544K)->1824K(172544K) Eden: 170496K(170496K)->0K(170496K) From: 1888K(2048K)->1824K(2048K)
[43.472s][info][gc,heap        ] GC(647) ParOldGen: 48000K(349696K)->48176K(349696K)
[43.472s][info][gc,metaspace   ] GC(647) Metaspace: 72679K(73216K)->72679K(73216K) NonClass: 57881K(58112K)->57881K(58112K) Class: 14798K(15104K)->14798K(15104K)
[43.472s][info][gc             ] GC(647) Pause Young (Allocation Failure) 215M->48M(510M) 1.069ms
[43.472s][info][gc,cpu         ] GC(647) User=0.00s Sys=0.00s Real=0.00s
[43.514s][info][gc,start       ] GC(648) Pause Young (Allocation Failure)
[43.515s][info][gc,heap        ] GC(648) PSYoungGen: 172320K(172544K)->1824K(172544K) Eden: 170496K(170496K)->0K(170496K) From: 1824K(2048K)->1824K(2048K)
[43.515s][info][gc,heap        ] GC(648) ParOldGen: 48176K(349696K)->48344K(349696K)
[43.515s][info][gc,metaspace   ] GC(648) Metaspace: 72679K(73216K)->72679K(73216K) NonClass: 57881K(58112K)->57881K(58112K) Class: 14798K(15104K)->14798K(15104K)
[43.515s][info][gc             ] GC(648) Pause Young (Allocation Failure) 215M->48M(510M) 1.046ms
[43.515s][info][gc,cpu         ] GC(648) User=0.00s Sys=0.00s Real=0.00s
[43.557s][info][gc,start       ] GC(649) Pause Young (Allocation Failure)
[43.558s][info][gc,heap        ] GC(649) PSYoungGen: 172320K(172544K)->1792K(172544K) Eden: 170496K(170496K)->0K(170496K) From: 1824K(2048K)->1792K(2048K)
[43.558s][info][gc,heap        ] GC(649) ParOldGen: 48344K(349696K)->48512K(349696K)
[43.558s][info][gc,metaspace   ] GC(649) Metaspace: 72679K(73216K)->72679K(73216K) NonClass: 57881K(58112K)->57881K(58112K) Class: 14798K(15104K)->14798K(15104K)
[43.558s][info][gc             ] GC(649) Pause Young (Allocation Failure) 215M->49M(510M) 1.112ms
[43.558s][info][gc,cpu         ] GC(649) User=0.00s Sys=0.00s Real=0.00s
[43.600s][info][gc,start       ] GC(650) Pause Young (Allocation Failure)
[43.601s][info][gc,heap        ] GC(650) PSYoungGen: 172288K(172544K)->1728K(172544K) Eden: 170496K(170496K)->0K(170496K) From: 1792K(2048K)->1728K(2048K)
[43.601s][info][gc,heap        ] GC(650) ParOldGen: 48512K(349696K)->48672K(349696K)
[43.601s][info][gc,metaspace   ] GC(650) Metaspace: 72679K(73216K)->72679K(73216K) NonClass: 57881K(58112K)->57881K(58112K) Class: 14798K(15104K)->14798K(15104K)
[43.601s][info][gc             ] GC(650) Pause Young (Allocation Failure) 215M->49M(510M) 1.104ms
[43.601s][info][gc,cpu         ] GC(650) User=0.00s Sys=0.00s Real=0.00s
[43.643s][info][gc,start       ] GC(651) Pause Young (Allocation Failure)
[43.644s][info][gc,heap        ] GC(651) PSYoungGen: 172224K(172544K)->1856K(172544K) Eden: 170496K(170496K)->0K(170496K) From: 1728K(2048K)->1856K(2048K)
[43.644s][info][gc,heap        ] GC(651) ParOldGen: 48672K(349696K)->48872K(349696K)
[43.644s][info][gc,metaspace   ] GC(651) Metaspace: 72679K(73216K)->72679K(73216K) NonClass: 57881K(58112K)->57881K(58112K) Class: 14798K(15104K)->14798K(15104K)
[43.644s][info][gc             ] GC(651) Pause Young (Allocation Failure) 215M->49M(510M) 1.102ms
[43.644s][info][gc,cpu         ] GC(651) User=0.00s Sys=0.00s Real=0.00s
[43.685s][info][gc,start       ] GC(652) Pause Young (Allocation Failure)
[43.686s][info][gc,heap        ] GC(652) PSYoungGen: 172352K(172544K)->1888K(172544K) Eden: 170496K(170496K)->0K(170496K) From: 1856K(2048K)->1888K(2048K)
[43.686s][info][gc,heap        ] GC(652) ParOldGen: 48872K(349696K)->49024K(349696K)
[43.686s][info][gc,metaspace   ] GC(652) Metaspace: 72679K(73216K)->72679K(73216K) NonClass: 57881K(58112K)->57881K(58112K) Class: 14798K(15104K)->14798K(15104K)
[43.687s][info][gc             ] GC(652) Pause Young (Allocation Failure) 216M->49M(510M) 1.090ms
[43.687s][info][gc,cpu         ] GC(652) User=0.00s Sys=0.00s Real=0.00s
[43.728s][info][gc,start       ] GC(653) Pause Young (Allocation Failure)
[43.729s][info][gc,heap        ] GC(653) PSYoungGen: 172384K(172544K)->1824K(172544K) Eden: 170496K(170496K)->0K(170496K) From: 1888K(2048K)->1824K(2048K)
[43.729s][info][gc,heap        ] GC(653) ParOldGen: 49024K(349696K)->49200K(349696K)
[43.729s][info][gc,metaspace   ] GC(653) Metaspace: 72679K(73216K)->72679K(73216K) NonClass: 57881K(58112K)->57881K(58112K) Class: 14798K(15104K)->14798K(15104K)
[43.729s][info][gc             ] GC(653) Pause Young (Allocation Failure) 216M->49M(510M) 1.088ms
[43.729s][info][gc,cpu         ] GC(653) User=0.00s Sys=0.00s Real=0.00s
[43.771s][info][gc,start       ] GC(654) Pause Young (Allocation Failure)
[43.772s][info][gc,heap        ] GC(654) PSYoungGen: 172320K(172544K)->1824K(172544K) Eden: 170496K(170496K)->0K(170496K) From: 1824K(2048K)->1824K(2048K)
[43.772s][info][gc,heap        ] GC(654) ParOldGen: 49200K(349696K)->49368K(349696K)
[43.772s][info][gc,metaspace   ] GC(654) Metaspace: 72679K(73216K)->72679K(73216K) NonClass: 57881K(58112K)->57881K(58112K) Class: 14798K(15104K)->14798K(15104K)
[43.772s][info][gc             ] GC(654) Pause Young (Allocation Failure) 216M->49M(510M) 1.070ms
[43.772s][info][gc,cpu         ] GC(654) User=0.00s Sys=0.00s Real=0.00s
[43.814s][info][gc,start       ] GC(655) Pause Young (Allocation Failure)
[43.815s][info][gc,heap        ] GC(655) PSYoungGen: 172320K(172544K)->1888K(172544K) Eden: 170496K(170496K)->0K(170496K) From: 1824K(2048K)->1888K(2048K)
[43.815s][info][gc,heap        ] GC(655) ParOldGen: 49368K(349696K)->49544K(349696K)
[43.815s][info][gc,metaspace   ] GC(655) Metaspace: 72679K(73216K)->72679K(73216K) NonClass: 57881K(58112K)->57881K(58112K) Class: 14798K(15104K)->14798K(15104K)
[43.815s][info][gc             ] GC(655) Pause Young (Allocation Failure) 216M->50M(510M) 1.141ms
[43.815s][info][gc,cpu         ] GC(655) User=0.00s Sys=0.00s Real=0.00s
[43.856s][info][gc,start       ] GC(656) Pause Young (Allocation Failure)
[43.857s][info][gc,heap        ] GC(656) PSYoungGen: 172383K(172544K)->1792K(172544K) Eden: 170495K(170496K)->0K(170496K) From: 1888K(2048K)->1792K(2048K)
[43.857s][info][gc,heap        ] GC(656) ParOldGen: 49544K(349696K)->49704K(349696K)
[43.857s][info][gc,metaspace   ] GC(656) Metaspace: 72679K(73216K)->72679K(73216K) NonClass: 57881K(58112K)->57881K(58112K) Class: 14798K(15104K)->14798K(15104K)
[43.857s][info][gc             ] GC(656) Pause Young (Allocation Failure) 216M->50M(510M) 1.154ms
[43.858s][info][gc,cpu         ] GC(656) User=0.00s Sys=0.00s Real=0.00s
[43.899s][info][gc,start       ] GC(657) Pause Young (Allocation Failure)
[43.900s][info][gc,heap        ] GC(657) PSYoungGen: 172287K(172544K)->1792K(172544K) Eden: 170495K(170496K)->0K(170496K) From: 1792K(2048K)->1792K(2048K)
[43.900s][info][gc,heap        ] GC(657) ParOldGen: 49704K(349696K)->49896K(349696K)
[43.900s][info][gc,metaspace   ] GC(657) Metaspace: 72679K(73216K)->72679K(73216K) NonClass: 57881K(58112K)->57881K(58112K) Class: 14798K(15104K)->14798K(15104K)
[43.900s][info][gc             ] GC(657) Pause Young (Allocation Failure) 216M->50M(510M) 1.015ms
[43.900s][info][gc,cpu         ] GC(657) User=0.00s Sys=0.00s Real=0.00s
[43.942s][info][gc,start       ] GC(658) Pause Young (Allocation Failure)
[43.943s][info][gc,heap        ] GC(658) PSYoungGen: 172288K(172544K)->1824K(172544K) Eden: 170496K(170496K)->0K(170496K) From: 1792K(2048K)->1824K(2048K)
[43.943s][info][gc,heap        ] GC(658) ParOldGen: 49896K(349696K)->50040K(349696K)
[43.943s][info][gc,metaspace   ] GC(658) Metaspace: 72679K(73216K)->72679K(73216K) NonClass: 57881K(58112K)->57881K(58112K) Class: 14798K(15104K)->14798K(15104K)
[43.943s][info][gc             ] GC(658) Pause Young (Allocation Failure) 216M->50M(510M) 1.121ms
[43.943s][info][gc,cpu         ] GC(658) User=0.00s Sys=0.00s Real=0.00s
[43.985s][info][gc,start       ] GC(659) Pause Young (Allocation Failure)
[43.986s][info][gc,heap        ] GC(659) PSYoungGen: 172320K(172544K)->1792K(172544K) Eden: 170496K(170496K)->0K(170496K) From: 1824K(2048K)->1792K(2048K)
[43.986s][info][gc,heap        ] GC(659) ParOldGen: 50040K(349696K)->50216K(349696K)
[43.986s][info][gc,metaspace   ] GC(659) Metaspace: 72679K(73216K)->72679K(73216K) NonClass: 57881K(58112K)->57881K(58112K) Class: 14798K(15104K)->14798K(15104K)
[43.986s][info][gc             ] GC(659) Pause Young (Allocation Failure) 217M->50M(510M) 1.085ms
[43.986s][info][gc,cpu         ] GC(659) User=0.00s Sys=0.00s Real=0.00s
[44.027s][info][gc,start       ] GC(660) Pause Young (Allocation Failure)
[44.028s][info][gc,heap        ] GC(660) PSYoungGen: 172288K(172544K)->1792K(172544K) Eden: 170496K(170496K)->0K(170496K) From: 1792K(2048K)->1792K(2048K)
[44.028s][info][gc,heap        ] GC(660) ParOldGen: 50216K(349696K)->50384K(349696K)
[44.028s][info][gc,metaspace   ] GC(660) Metaspace: 72679K(73216K)->72679K(73216K) NonClass: 57881K(58112K)->57881K(58112K) Class: 14798K(15104K)->14798K(15104K)
[44.029s][info][gc             ] GC(660) Pause Young (Allocation Failure) 217M->50M(510M) 1.083ms
[44.029s][info][gc,cpu         ] GC(660) User=0.00s Sys=0.00s Real=0.00s
[44.070s][info][gc,start       ] GC(661) Pause Young (Allocation Failure)
[44.078s][info][gc,heap        ] GC(661) PSYoungGen: 172288K(172544K)->1824K(172544K) Eden: 170496K(170496K)->0K(170496K) From: 1792K(2048K)->1824K(2048K)
[44.078s][info][gc,heap        ] GC(661) ParOldGen: 50384K(349696K)->50584K(349696K)
[44.078s][info][gc,metaspace   ] GC(661) Metaspace: 72679K(73216K)->72679K(73216K) NonClass: 57881K(58112K)->57881K(58112K) Class: 14798K(15104K)->14798K(15104K)
[44.078s][info][gc             ] GC(661) Pause Young (Allocation Failure) 217M->51M(510M) 7.944ms
[44.078s][info][gc,cpu         ] GC(661) User=0.02s Sys=0.00s Real=0.01s
[44.121s][info][gc,start       ] GC(662) Pause Young (Allocation Failure)
[44.122s][info][gc,heap        ] GC(662) PSYoungGen: 172320K(172544K)->1792K(172544K) Eden: 170496K(170496K)->0K(170496K) From: 1824K(2048K)->1792K(2048K)
[44.122s][info][gc,heap        ] GC(662) ParOldGen: 50584K(349696K)->50848K(349696K)
[44.122s][info][gc,metaspace   ] GC(662) Metaspace: 72679K(73216K)->72679K(73216K) NonClass: 57881K(58112K)->57881K(58112K) Class: 14798K(15104K)->14798K(15104K)
[44.122s][info][gc             ] GC(662) Pause Young (Allocation Failure) 217M->51M(510M) 1.111ms
[44.122s][info][gc,cpu         ] GC(662) User=0.00s Sys=0.00s Real=0.00s
[44.164s][info][gc,start       ] GC(663) Pause Young (Allocation Failure)
[44.165s][info][gc,heap        ] GC(663) PSYoungGen: 172288K(172544K)->1728K(172544K) Eden: 170496K(170496K)->0K(170496K) From: 1792K(2048K)->1728K(2048K)
[44.165s][info][gc,heap        ] GC(663) ParOldGen: 50848K(349696K)->51032K(349696K)
[44.165s][info][gc,metaspace   ] GC(663) Metaspace: 72679K(73216K)->72679K(73216K) NonClass: 57881K(58112K)->57881K(58112K) Class: 14798K(15104K)->14798K(15104K)
[44.165s][info][gc             ] GC(663) Pause Young (Allocation Failure) 217M->51M(510M) 1.039ms
[44.165s][info][gc,cpu         ] GC(663) User=0.00s Sys=0.00s Real=0.00s
[44.206s][info][gc,start       ] GC(664) Pause Young (Allocation Failure)
[44.207s][info][gc,heap        ] GC(664) PSYoungGen: 172224K(172544K)->1792K(172544K) Eden: 170496K(170496K)->0K(170496K) From: 1728K(2048K)->1792K(2048K)
[44.207s][info][gc,heap        ] GC(664) ParOldGen: 51032K(349696K)->51216K(349696K)
[44.207s][info][gc,metaspace   ] GC(664) Metaspace: 72679K(73216K)->72679K(73216K) NonClass: 57881K(58112K)->57881K(58112K) Class: 14798K(15104K)->14798K(15104K)
[44.207s][info][gc             ] GC(664) Pause Young (Allocation Failure) 218M->51M(510M) 1.066ms
[44.207s][info][gc,cpu         ] GC(664) User=0.00s Sys=0.00s Real=0.00s
[44.249s][info][gc,start       ] GC(665) Pause Young (Allocation Failure)
[44.250s][info][gc,heap        ] GC(665) PSYoungGen: 172288K(172544K)->1824K(172544K) Eden: 170496K(170496K)->0K(170496K) From: 1792K(2048K)->1824K(2048K)
[44.250s][info][gc,heap        ] GC(665) ParOldGen: 51216K(349696K)->51408K(349696K)
[44.250s][info][gc,metaspace   ] GC(665) Metaspace: 72679K(73216K)->72679K(73216K) NonClass: 57881K(58112K)->57881K(58112K) Class: 14798K(15104K)->14798K(15104K)
[44.250s][info][gc             ] GC(665) Pause Young (Allocation Failure) 218M->51M(510M) 1.080ms
[44.250s][info][gc,cpu         ] GC(665) User=0.00s Sys=0.00s Real=0.00s
[44.292s][info][gc,start       ] GC(666) Pause Young (Allocation Failure)
[44.293s][info][gc,heap        ] GC(666) PSYoungGen: 172320K(172544K)->1824K(172544K) Eden: 170496K(170496K)->0K(170496K) From: 1824K(2048K)->1824K(2048K)
[44.293s][info][gc,heap        ] GC(666) ParOldGen: 51408K(349696K)->51592K(349696K)
[44.293s][info][gc,metaspace   ] GC(666) Metaspace: 72679K(73216K)->72679K(73216K) NonClass: 57881K(58112K)->57881K(58112K) Class: 14798K(15104K)->14798K(15104K)
[44.293s][info][gc             ] GC(666) Pause Young (Allocation Failure) 218M->52M(510M) 1.109ms
[44.293s][info][gc,cpu         ] GC(666) User=0.00s Sys=0.00s Real=0.00s
[44.334s][info][gc,start       ] GC(667) Pause Young (Allocation Failure)
[44.335s][info][gc,heap        ] GC(667) PSYoungGen: 172320K(172544K)->1824K(172544K) Eden: 170496K(170496K)->0K(170496K) From: 1824K(2048K)->1824K(2048K)
[44.335s][info][gc,heap        ] GC(667) ParOldGen: 51592K(349696K)->51736K(349696K)
[44.335s][info][gc,metaspace   ] GC(667) Metaspace: 72679K(73216K)->72679K(73216K) NonClass: 57881K(58112K)->57881K(58112K) Class: 14798K(15104K)->14798K(15104K)
[44.335s][info][gc             ] GC(667) Pause Young (Allocation Failure) 218M->52M(510M) 1.114ms
[44.335s][info][gc,cpu         ] GC(667) User=0.00s Sys=0.00s Real=0.00s
[44.377s][info][gc,start       ] GC(668) Pause Young (Allocation Failure)
[44.378s][info][gc,heap        ] GC(668) PSYoungGen: 172320K(172544K)->1760K(172544K) Eden: 170496K(170496K)->0K(170496K) From: 1824K(2048K)->1760K(2048K)
[44.378s][info][gc,heap        ] GC(668) ParOldGen: 51736K(349696K)->51904K(349696K)
[44.378s][info][gc,metaspace   ] GC(668) Metaspace: 72679K(73216K)->72679K(73216K) NonClass: 57881K(58112K)->57881K(58112K) Class: 14798K(15104K)->14798K(15104K)
[44.378s][info][gc             ] GC(668) Pause Young (Allocation Failure) 218M->52M(510M) 1.060ms
[44.378s][info][gc,cpu         ] GC(668) User=0.00s Sys=0.00s Real=0.00s
[44.420s][info][gc,start       ] GC(669) Pause Young (Allocation Failure)
[44.421s][info][gc,heap        ] GC(669) PSYoungGen: 172256K(172544K)->1824K(172544K) Eden: 170496K(170496K)->0K(170496K) From: 1760K(2048K)->1824K(2048K)
[44.421s][info][gc,heap        ] GC(669) ParOldGen: 51904K(349696K)->52064K(349696K)
[44.421s][info][gc,metaspace   ] GC(669) Metaspace: 72679K(73216K)->72679K(73216K) NonClass: 57881K(58112K)->57881K(58112K) Class: 14798K(15104K)->14798K(15104K)
[44.421s][info][gc             ] GC(669) Pause Young (Allocation Failure) 218M->52M(510M) 1.061ms
[44.421s][info][gc,cpu         ] GC(669) User=0.00s Sys=0.00s Real=0.00s
[44.463s][info][gc,start       ] GC(670) Pause Young (Allocation Failure)
[44.464s][info][gc,heap        ] GC(670) PSYoungGen: 172320K(172544K)->1760K(172544K) Eden: 170496K(170496K)->0K(170496K) From: 1824K(2048K)->1760K(2048K)
[44.464s][info][gc,heap        ] GC(670) ParOldGen: 52064K(349696K)->52216K(349696K)
[44.464s][info][gc,metaspace   ] GC(670) Metaspace: 72679K(73216K)->72679K(73216K) NonClass: 57881K(58112K)->57881K(58112K) Class: 14798K(15104K)->14798K(15104K)
[44.464s][info][gc             ] GC(670) Pause Young (Allocation Failure) 219M->52M(510M) 1.080ms
[44.464s][info][gc,cpu         ] GC(670) User=0.00s Sys=0.00s Real=0.00s
[44.505s][info][gc,start       ] GC(671) Pause Young (Allocation Failure)
[44.506s][info][gc,heap        ] GC(671) PSYoungGen: 172256K(172544K)->1792K(172544K) Eden: 170496K(170496K)->0K(170496K) From: 1760K(2048K)->1792K(2048K)
[44.506s][info][gc,heap        ] GC(671) ParOldGen: 52216K(349696K)->52384K(349696K)
[44.506s][info][gc,metaspace   ] GC(671) Metaspace: 72679K(73216K)->72679K(73216K) NonClass: 57881K(58112K)->57881K(58112K) Class: 14798K(15104K)->14798K(15104K)
[44.506s][info][gc             ] GC(671) Pause Young (Allocation Failure) 219M->52M(510M) 1.107ms
[44.506s][info][gc,cpu         ] GC(671) User=0.00s Sys=0.00s Real=0.00s
[44.548s][info][gc,start       ] GC(672) Pause Young (Allocation Failure)
[44.549s][info][gc,heap        ] GC(672) PSYoungGen: 172288K(172544K)->1760K(172544K) Eden: 170496K(170496K)->0K(170496K) From: 1792K(2048K)->1760K(2048K)
[44.549s][info][gc,heap        ] GC(672) ParOldGen: 52384K(349696K)->52536K(349696K)
[44.549s][info][gc,metaspace   ] GC(672) Metaspace: 72679K(73216K)->72679K(73216K) NonClass: 57881K(58112K)->57881K(58112K) Class: 14798K(15104K)->14798K(15104K)
[44.549s][info][gc             ] GC(672) Pause Young (Allocation Failure) 219M->53M(510M) 1.043ms
[44.549s][info][gc,cpu         ] GC(672) User=0.00s Sys=0.00s Real=0.00s
[44.591s][info][gc,start       ] GC(673) Pause Young (Allocation Failure)
[44.592s][info][gc,heap        ] GC(673) PSYoungGen: 172256K(172544K)->1792K(172544K) Eden: 170496K(170496K)->0K(170496K) From: 1760K(2048K)->1792K(2048K)
[44.592s][info][gc,heap        ] GC(673) ParOldGen: 52536K(349696K)->52712K(349696K)
[44.592s][info][gc,metaspace   ] GC(673) Metaspace: 72679K(73216K)->72679K(73216K) NonClass: 57881K(58112K)->57881K(58112K) Class: 14798K(15104K)->14798K(15104K)
[44.592s][info][gc             ] GC(673) Pause Young (Allocation Failure) 219M->53M(510M) 1.087ms
[44.592s][info][gc,cpu         ] GC(673) User=0.00s Sys=0.00s Real=0.00s
[44.633s][info][gc,start       ] GC(674) Pause Young (Allocation Failure)
[44.634s][info][gc,heap        ] GC(674) PSYoungGen: 172287K(172544K)->1792K(172544K) Eden: 170495K(170496K)->0K(170496K) From: 1792K(2048K)->1792K(2048K)
[44.634s][info][gc,heap        ] GC(674) ParOldGen: 52712K(349696K)->52880K(349696K)
[44.634s][info][gc,metaspace   ] GC(674) Metaspace: 72679K(73216K)->72679K(73216K) NonClass: 57881K(58112K)->57881K(58112K) Class: 14798K(15104K)->14798K(15104K)
[44.634s][info][gc             ] GC(674) Pause Young (Allocation Failure) 219M->53M(510M) 1.064ms
[44.634s][info][gc,cpu         ] GC(674) User=0.00s Sys=0.00s Real=0.00s
[44.676s][info][gc,start       ] GC(675) Pause Young (Allocation Failure)
[44.677s][info][gc,heap        ] GC(675) PSYoungGen: 172288K(172544K)->1824K(172544K) Eden: 170496K(170496K)->0K(170496K) From: 1792K(2048K)->1824K(2048K)
[44.677s][info][gc,heap        ] GC(675) ParOldGen: 52880K(349696K)->53040K(349696K)
[44.677s][info][gc,metaspace   ] GC(675) Metaspace: 72679K(73216K)->72679K(73216K) NonClass: 57881K(58112K)->57881K(58112K) Class: 14798K(15104K)->14798K(15104K)
[44.677s][info][gc             ] GC(675) Pause Young (Allocation Failure) 219M->53M(510M) 1.076ms
[44.677s][info][gc,cpu         ] GC(675) User=0.00s Sys=0.00s Real=0.00s
[44.719s][info][gc,start       ] GC(676) Pause Young (Allocation Failure)
[44.720s][info][gc,heap        ] GC(676) PSYoungGen: 172320K(172544K)->1856K(172544K) Eden: 170496K(170496K)->0K(170496K) From: 1824K(2048K)->1856K(2048K)
[44.720s][info][gc,heap        ] GC(676) ParOldGen: 53040K(349696K)->53200K(349696K)
[44.720s][info][gc,metaspace   ] GC(676) Metaspace: 72679K(73216K)->72679K(73216K) NonClass: 57881K(58112K)->57881K(58112K) Class: 14798K(15104K)->14798K(15104K)
[44.720s][info][gc             ] GC(676) Pause Young (Allocation Failure) 220M->53M(510M) 1.058ms
[44.720s][info][gc,cpu         ] GC(676) User=0.00s Sys=0.00s Real=0.00s
[44.762s][info][gc,start       ] GC(677) Pause Young (Allocation Failure)
[44.763s][info][gc,heap        ] GC(677) PSYoungGen: 172352K(172544K)->1760K(172544K) Eden: 170496K(170496K)->0K(170496K) From: 1856K(2048K)->1760K(2048K)
[44.763s][info][gc,heap        ] GC(677) ParOldGen: 53200K(349696K)->53400K(349696K)
[44.763s][info][gc,metaspace   ] GC(677) Metaspace: 72679K(73216K)->72679K(73216K) NonClass: 57881K(58112K)->57881K(58112K) Class: 14798K(15104K)->14798K(15104K)
[44.763s][info][gc             ] GC(677) Pause Young (Allocation Failure) 220M->53M(510M) 1.135ms
[44.763s][info][gc,cpu         ] GC(677) User=0.00s Sys=0.00s Real=0.00s
[44.805s][info][gc,start       ] GC(678) Pause Young (Allocation Failure)
[44.807s][info][gc,heap        ] GC(678) PSYoungGen: 172256K(172544K)->1856K(172544K) Eden: 170496K(170496K)->0K(170496K) From: 1760K(2048K)->1856K(2048K)
[44.807s][info][gc,heap        ] GC(678) ParOldGen: 53400K(349696K)->53568K(349696K)
[44.807s][info][gc,metaspace   ] GC(678) Metaspace: 72679K(73216K)->72679K(73216K) NonClass: 57881K(58112K)->57881K(58112K) Class: 14798K(15104K)->14798K(15104K)
[44.807s][info][gc             ] GC(678) Pause Young (Allocation Failure) 220M->54M(510M) 1.166ms
[44.807s][info][gc,cpu         ] GC(678) User=0.00s Sys=0.00s Real=0.00s
[44.848s][info][gc,start       ] GC(679) Pause Young (Allocation Failure)
[44.849s][info][gc,heap        ] GC(679) PSYoungGen: 172352K(172544K)->1920K(172544K) Eden: 170496K(170496K)->0K(170496K) From: 1856K(2048K)->1920K(2048K)
[44.849s][info][gc,heap        ] GC(679) ParOldGen: 53568K(349696K)->53744K(349696K)
[44.849s][info][gc,metaspace   ] GC(679) Metaspace: 72679K(73216K)->72679K(73216K) NonClass: 57881K(58112K)->57881K(58112K) Class: 14798K(15104K)->14798K(15104K)
[44.849s][info][gc             ] GC(679) Pause Young (Allocation Failure) 220M->54M(510M) 1.165ms
[44.850s][info][gc,cpu         ] GC(679) User=0.00s Sys=0.00s Real=0.00s
[44.891s][info][gc,start       ] GC(680) Pause Young (Allocation Failure)
[44.892s][info][gc,heap        ] GC(680) PSYoungGen: 172416K(172544K)->1760K(172544K) Eden: 170496K(170496K)->0K(170496K) From: 1920K(2048K)->1760K(2048K)
[44.892s][info][gc,heap        ] GC(680) ParOldGen: 53744K(349696K)->53944K(349696K)
[44.892s][info][gc,metaspace   ] GC(680) Metaspace: 72679K(73216K)->72679K(73216K) NonClass: 57881K(58112K)->57881K(58112K) Class: 14798K(15104K)->14798K(15104K)
[44.892s][info][gc             ] GC(680) Pause Young (Allocation Failure) 220M->54M(510M) 1.076ms
[44.892s][info][gc,cpu         ] GC(680) User=0.00s Sys=0.00s Real=0.00s
[44.934s][info][gc,start       ] GC(681) Pause Young (Allocation Failure)
[44.935s][info][gc,heap        ] GC(681) PSYoungGen: 172256K(172544K)->1792K(172544K) Eden: 170496K(170496K)->0K(170496K) From: 1760K(2048K)->1792K(2048K)
[44.935s][info][gc,heap        ] GC(681) ParOldGen: 53944K(349696K)->54112K(349696K)
[44.935s][info][gc,metaspace   ] GC(681) Metaspace: 72679K(73216K)->72679K(73216K) NonClass: 57881K(58112K)->57881K(58112K) Class: 14798K(15104K)->14798K(15104K)
[44.936s][info][gc             ] GC(681) Pause Young (Allocation Failure) 220M->54M(510M) 1.072ms
[44.936s][info][gc,cpu         ] GC(681) User=0.00s Sys=0.00s Real=0.00s
[44.977s][info][gc,start       ] GC(682) Pause Young (Allocation Failure)
[44.978s][info][gc,heap        ] GC(682) PSYoungGen: 172288K(172544K)->1856K(172544K) Eden: 170496K(170496K)->0K(170496K) From: 1792K(2048K)->1856K(2048K)
[44.978s][info][gc,heap        ] GC(682) ParOldGen: 54112K(349696K)->54280K(349696K)
[44.978s][info][gc,metaspace   ] GC(682) Metaspace: 72679K(73216K)->72679K(73216K) NonClass: 57881K(58112K)->57881K(58112K) Class: 14798K(15104K)->14798K(15104K)
[44.979s][info][gc             ] GC(682) Pause Young (Allocation Failure) 221M->54M(510M) 1.092ms
[44.979s][info][gc,cpu         ] GC(682) User=0.00s Sys=0.00s Real=0.00s
[45.020s][info][gc,start       ] GC(683) Pause Young (Allocation Failure)
[45.021s][info][gc,heap        ] GC(683) PSYoungGen: 172352K(172544K)->1824K(172544K) Eden: 170496K(170496K)->0K(170496K) From: 1856K(2048K)->1824K(2048K)
[45.021s][info][gc,heap        ] GC(683) ParOldGen: 54280K(349696K)->54440K(349696K)
[45.021s][info][gc,metaspace   ] GC(683) Metaspace: 72679K(73216K)->72679K(73216K) NonClass: 57881K(58112K)->57881K(58112K) Class: 14798K(15104K)->14798K(15104K)
[45.021s][info][gc             ] GC(683) Pause Young (Allocation Failure) 221M->54M(510M) 1.111ms
[45.021s][info][gc,cpu         ] GC(683) User=0.00s Sys=0.00s Real=0.00s
[45.063s][info][gc,start       ] GC(684) Pause Young (Allocation Failure)
[45.064s][info][gc,heap        ] GC(684) PSYoungGen: 172320K(172544K)->1792K(172544K) Eden: 170496K(170496K)->0K(170496K) From: 1824K(2048K)->1792K(2048K)
[45.064s][info][gc,heap        ] GC(684) ParOldGen: 54440K(349696K)->54640K(349696K)
[45.064s][info][gc,metaspace   ] GC(684) Metaspace: 72679K(73216K)->72679K(73216K) NonClass: 57881K(58112K)->57881K(58112K) Class: 14798K(15104K)->14798K(15104K)
[45.064s][info][gc             ] GC(684) Pause Young (Allocation Failure) 221M->55M(510M) 1.076ms
[45.064s][info][gc,cpu         ] GC(684) User=0.00s Sys=0.00s Real=0.00s
[45.106s][info][gc,start       ] GC(685) Pause Young (Allocation Failure)
[45.107s][info][gc,heap        ] GC(685) PSYoungGen: 172288K(172544K)->1824K(172544K) Eden: 170496K(170496K)->0K(170496K) From: 1792K(2048K)->1824K(2048K)
[45.107s][info][gc,heap        ] GC(685) ParOldGen: 54640K(349696K)->54800K(349696K)
[45.107s][info][gc,metaspace   ] GC(685) Metaspace: 72679K(73216K)->72679K(73216K) NonClass: 57881K(58112K)->57881K(58112K) Class: 14798K(15104K)->14798K(15104K)
[45.107s][info][gc             ] GC(685) Pause Young (Allocation Failure) 221M->55M(510M) 1.159ms
[45.107s][info][gc,cpu         ] GC(685) User=0.00s Sys=0.00s Real=0.00s
[45.149s][info][gc,start       ] GC(686) Pause Young (Allocation Failure)
[45.150s][info][gc,heap        ] GC(686) PSYoungGen: 172320K(172544K)->1824K(172544K) Eden: 170496K(170496K)->0K(170496K) From: 1824K(2048K)->1824K(2048K)
[45.150s][info][gc,heap        ] GC(686) ParOldGen: 54800K(349696K)->55064K(349696K)
[45.150s][info][gc,metaspace   ] GC(686) Metaspace: 72679K(73216K)->72679K(73216K) NonClass: 57881K(58112K)->57881K(58112K) Class: 14798K(15104K)->14798K(15104K)
[45.150s][info][gc             ] GC(686) Pause Young (Allocation Failure) 221M->55M(510M) 1.119ms
[45.150s][info][gc,cpu         ] GC(686) User=0.00s Sys=0.00s Real=0.00s
[45.191s][info][gc,start       ] GC(687) Pause Young (Allocation Failure)
[45.192s][info][gc,heap        ] GC(687) PSYoungGen: 172320K(172544K)->1728K(172544K) Eden: 170496K(170496K)->0K(170496K) From: 1824K(2048K)->1728K(2048K)
[45.192s][info][gc,heap        ] GC(687) ParOldGen: 55064K(349696K)->55200K(349696K)
[45.192s][info][gc,metaspace   ] GC(687) Metaspace: 72679K(73216K)->72679K(73216K) NonClass: 57881K(58112K)->57881K(58112K) Class: 14798K(15104K)->14798K(15104K)
[45.192s][info][gc             ] GC(687) Pause Young (Allocation Failure) 222M->55M(510M) 1.065ms
[45.192s][info][gc,cpu         ] GC(687) User=0.00s Sys=0.00s Real=0.00s
[45.234s][info][gc,start       ] GC(688) Pause Young (Allocation Failure)
[45.235s][info][gc,heap        ] GC(688) PSYoungGen: 172224K(172544K)->1760K(172544K) Eden: 170496K(170496K)->0K(170496K) From: 1728K(2048K)->1760K(2048K)
[45.235s][info][gc,heap        ] GC(688) ParOldGen: 55200K(349696K)->55360K(349696K)
[45.235s][info][gc,metaspace   ] GC(688) Metaspace: 72679K(73216K)->72679K(73216K) NonClass: 57881K(58112K)->57881K(58112K) Class: 14798K(15104K)->14798K(15104K)
[45.235s][info][gc             ] GC(688) Pause Young (Allocation Failure) 222M->55M(510M) 1.109ms
[45.235s][info][gc,cpu         ] GC(688) User=0.52s Sys=0.00s Real=0.00s
[45.277s][info][gc,start       ] GC(689) Pause Young (Allocation Failure)
[45.278s][info][gc,heap        ] GC(689) PSYoungGen: 172256K(172544K)->1760K(172544K) Eden: 170496K(170496K)->0K(170496K) From: 1760K(2048K)->1760K(2048K)
[45.278s][info][gc,heap        ] GC(689) ParOldGen: 55360K(349696K)->55536K(349696K)
[45.278s][info][gc,metaspace   ] GC(689) Metaspace: 72679K(73216K)->72679K(73216K) NonClass: 57881K(58112K)->57881K(58112K) Class: 14798K(15104K)->14798K(15104K)
[45.278s][info][gc             ] GC(689) Pause Young (Allocation Failure) 222M->55M(510M) 1.044ms
[45.278s][info][gc,cpu         ] GC(689) User=0.00s Sys=0.00s Real=0.00s
[45.320s][info][gc,start       ] GC(690) Pause Young (Allocation Failure)
[45.321s][info][gc,heap        ] GC(690) PSYoungGen: 172256K(172544K)->1888K(172544K) Eden: 170496K(170496K)->0K(170496K) From: 1760K(2048K)->1888K(2048K)
[45.321s][info][gc,heap        ] GC(690) ParOldGen: 55536K(349696K)->55680K(349696K)
[45.321s][info][gc,metaspace   ] GC(690) Metaspace: 72679K(73216K)->72679K(73216K) NonClass: 57881K(58112K)->57881K(58112K) Class: 14798K(15104K)->14798K(15104K)
[45.321s][info][gc             ] GC(690) Pause Young (Allocation Failure) 222M->56M(510M) 1.120ms
[45.321s][info][gc,cpu         ] GC(690) User=0.00s Sys=0.00s Real=0.00s
[45.363s][info][gc,start       ] GC(691) Pause Young (Allocation Failure)
[45.364s][info][gc,heap        ] GC(691) PSYoungGen: 172384K(172544K)->1824K(172544K) Eden: 170496K(170496K)->0K(170496K) From: 1888K(2048K)->1824K(2048K)
[45.364s][info][gc,heap        ] GC(691) ParOldGen: 55680K(349696K)->55856K(349696K)
[45.364s][info][gc,metaspace   ] GC(691) Metaspace: 72679K(73216K)->72679K(73216K) NonClass: 57881K(58112K)->57881K(58112K) Class: 14798K(15104K)->14798K(15104K)
[45.364s][info][gc             ] GC(691) Pause Young (Allocation Failure) 222M->56M(510M) 1.101ms
[45.364s][info][gc,cpu         ] GC(691) User=0.00s Sys=0.00s Real=0.00s
[45.406s][info][gc,start       ] GC(692) Pause Young (Allocation Failure)
[45.407s][info][gc,heap        ] GC(692) PSYoungGen: 172320K(172544K)->1792K(172544K) Eden: 170496K(170496K)->0K(170496K) From: 1824K(2048K)->1792K(2048K)
[45.407s][info][gc,heap        ] GC(692) ParOldGen: 55856K(349696K)->56032K(349696K)
[45.407s][info][gc,metaspace   ] GC(692) Metaspace: 72679K(73216K)->72679K(73216K) NonClass: 57881K(58112K)->57881K(58112K) Class: 14798K(15104K)->14798K(15104K)
[45.407s][info][gc             ] GC(692) Pause Young (Allocation Failure) 222M->56M(510M) 1.069ms
[45.407s][info][gc,cpu         ] GC(692) User=0.00s Sys=0.00s Real=0.00s
[45.448s][info][gc,start       ] GC(693) Pause Young (Allocation Failure)
[45.456s][info][gc,heap        ] GC(693) PSYoungGen: 172288K(172544K)->1792K(172544K) Eden: 170496K(170496K)->0K(170496K) From: 1792K(2048K)->1792K(2048K)
[45.456s][info][gc,heap        ] GC(693) ParOldGen: 56032K(349696K)->56192K(349696K)
[45.456s][info][gc,metaspace   ] GC(693) Metaspace: 72679K(73216K)->72679K(73216K) NonClass: 57881K(58112K)->57881K(58112K) Class: 14798K(15104K)->14798K(15104K)
[45.456s][info][gc             ] GC(693) Pause Young (Allocation Failure) 222M->56M(510M) 7.386ms
[45.456s][info][gc,cpu         ] GC(693) User=0.00s Sys=0.00s Real=0.00s
[45.499s][info][gc,start       ] GC(694) Pause Young (Allocation Failure)
[45.500s][info][gc,heap        ] GC(694) PSYoungGen: 172288K(172544K)->1792K(172544K) Eden: 170496K(170496K)->0K(170496K) From: 1792K(2048K)->1792K(2048K)
[45.500s][info][gc,heap        ] GC(694) ParOldGen: 56192K(349696K)->56400K(349696K)
[45.500s][info][gc,metaspace   ] GC(694) Metaspace: 72679K(73216K)->72679K(73216K) NonClass: 57881K(58112K)->57881K(58112K) Class: 14798K(15104K)->14798K(15104K)
[45.500s][info][gc             ] GC(694) Pause Young (Allocation Failure) 223M->56M(510M) 1.088ms
[45.500s][info][gc,cpu         ] GC(694) User=0.00s Sys=0.00s Real=0.00s
[45.542s][info][gc,start       ] GC(695) Pause Young (Allocation Failure)
[45.543s][info][gc,heap        ] GC(695) PSYoungGen: 172288K(172544K)->1792K(172544K) Eden: 170496K(170496K)->0K(170496K) From: 1792K(2048K)->1792K(2048K)
[45.543s][info][gc,heap        ] GC(695) ParOldGen: 56400K(349696K)->56568K(349696K)
[45.543s][info][gc,metaspace   ] GC(695) Metaspace: 72679K(73216K)->72679K(73216K) NonClass: 57881K(58112K)->57881K(58112K) Class: 14798K(15104K)->14798K(15104K)
[45.543s][info][gc             ] GC(695) Pause Young (Allocation Failure) 223M->56M(510M) 1.089ms
[45.543s][info][gc,cpu         ] GC(695) User=0.00s Sys=0.00s Real=0.00s
[45.584s][info][gc,start       ] GC(696) Pause Young (Allocation Failure)
[45.585s][info][gc,heap        ] GC(696) PSYoungGen: 172288K(172544K)->1888K(172544K) Eden: 170496K(170496K)->0K(170496K) From: 1792K(2048K)->1888K(2048K)
[45.585s][info][gc,heap        ] GC(696) ParOldGen: 56568K(349696K)->56720K(349696K)
[45.585s][info][gc,metaspace   ] GC(696) Metaspace: 72679K(73216K)->72679K(73216K) NonClass: 57881K(58112K)->57881K(58112K) Class: 14798K(15104K)->14798K(15104K)
[45.585s][info][gc             ] GC(696) Pause Young (Allocation Failure) 223M->57M(510M) 1.192ms
[45.585s][info][gc,cpu         ] GC(696) User=0.00s Sys=0.00s Real=0.00s
[45.628s][info][gc,start       ] GC(697) Pause Young (Allocation Failure)
[45.629s][info][gc,heap        ] GC(697) PSYoungGen: 172384K(172544K)->1824K(172544K) Eden: 170496K(170496K)->0K(170496K) From: 1888K(2048K)->1824K(2048K)
[45.629s][info][gc,heap        ] GC(697) ParOldGen: 56720K(349696K)->56888K(349696K)
[45.629s][info][gc,metaspace   ] GC(697) Metaspace: 72685K(73280K)->72685K(73280K) NonClass: 57887K(58176K)->57887K(58176K) Class: 14798K(15104K)->14798K(15104K)
[45.629s][info][gc             ] GC(697) Pause Young (Allocation Failure) 223M->57M(510M) 1.082ms
[45.629s][info][gc,cpu         ] GC(697) User=0.00s Sys=0.00s Real=0.00s
[45.671s][info][gc,start       ] GC(698) Pause Young (Allocation Failure)
[45.672s][info][gc,heap        ] GC(698) PSYoungGen: 172320K(172544K)->1792K(172544K) Eden: 170496K(170496K)->0K(170496K) From: 1824K(2048K)->1792K(2048K)
[45.672s][info][gc,heap        ] GC(698) ParOldGen: 56888K(349696K)->57096K(349696K)
[45.672s][info][gc,metaspace   ] GC(698) Metaspace: 72685K(73280K)->72685K(73280K) NonClass: 57887K(58176K)->57887K(58176K) Class: 14798K(15104K)->14798K(15104K)
[45.672s][info][gc             ] GC(698) Pause Young (Allocation Failure) 223M->57M(510M) 1.082ms
[45.672s][info][gc,cpu         ] GC(698) User=0.00s Sys=0.00s Real=0.00s
[45.714s][info][gc,start       ] GC(699) Pause Young (Allocation Failure)
[45.715s][info][gc,heap        ] GC(699) PSYoungGen: 172288K(172544K)->1824K(172544K) Eden: 170496K(170496K)->0K(170496K) From: 1792K(2048K)->1824K(2048K)
[45.715s][info][gc,heap        ] GC(699) ParOldGen: 57096K(349696K)->57264K(349696K)
[45.715s][info][gc,metaspace   ] GC(699) Metaspace: 72685K(73280K)->72685K(73280K) NonClass: 57887K(58176K)->57887K(58176K) Class: 14798K(15104K)->14798K(15104K)
[45.715s][info][gc             ] GC(699) Pause Young (Allocation Failure) 224M->57M(510M) 1.126ms
[45.715s][info][gc,cpu         ] GC(699) User=0.00s Sys=0.00s Real=0.00s
[45.757s][info][gc,start       ] GC(700) Pause Young (Allocation Failure)
[45.758s][info][gc,heap        ] GC(700) PSYoungGen: 172320K(172544K)->1856K(172544K) Eden: 170496K(170496K)->0K(170496K) From: 1824K(2048K)->1856K(2048K)
[45.758s][info][gc,heap        ] GC(700) ParOldGen: 57264K(349696K)->57416K(349696K)
[45.758s][info][gc,metaspace   ] GC(700) Metaspace: 72685K(73280K)->72685K(73280K) NonClass: 57887K(58176K)->57887K(58176K) Class: 14798K(15104K)->14798K(15104K)
[45.758s][info][gc             ] GC(700) Pause Young (Allocation Failure) 224M->57M(510M) 1.070ms
[45.758s][info][gc,cpu         ] GC(700) User=0.00s Sys=0.00s Real=0.00s
[45.800s][info][gc,start       ] GC(701) Pause Young (Allocation Failure)
[45.801s][info][gc,heap        ] GC(701) PSYoungGen: 172352K(172544K)->1760K(172544K) Eden: 170496K(170496K)->0K(170496K) From: 1856K(2048K)->1760K(2048K)
[45.801s][info][gc,heap        ] GC(701) ParOldGen: 57416K(349696K)->57528K(349696K)
[45.801s][info][gc,metaspace   ] GC(701) Metaspace: 72685K(73280K)->72685K(73280K) NonClass: 57887K(58176K)->57887K(58176K) Class: 14798K(15104K)->14798K(15104K)
[45.801s][info][gc             ] GC(701) Pause Young (Allocation Failure) 224M->57M(510M) 1.069ms
[45.801s][info][gc,cpu         ] GC(701) User=0.00s Sys=0.00s Real=0.00s
[45.843s][info][gc,start       ] GC(702) Pause Young (Allocation Failure)
[45.844s][info][gc,heap        ] GC(702) PSYoungGen: 172256K(172544K)->1792K(172544K) Eden: 170496K(170496K)->0K(170496K) From: 1760K(2048K)->1792K(2048K)
[45.844s][info][gc,heap        ] GC(702) ParOldGen: 57528K(349696K)->57720K(349696K)
[45.844s][info][gc,metaspace   ] GC(702) Metaspace: 72685K(73280K)->72685K(73280K) NonClass: 57887K(58176K)->57887K(58176K) Class: 14798K(15104K)->14798K(15104K)
[45.844s][info][gc             ] GC(702) Pause Young (Allocation Failure) 224M->58M(510M) 1.183ms
[45.844s][info][gc,cpu         ] GC(702) User=0.52s Sys=0.00s Real=0.00s
[45.886s][info][gc,start       ] GC(703) Pause Young (Allocation Failure)
[45.888s][info][gc,heap        ] GC(703) PSYoungGen: 172288K(172544K)->1792K(172544K) Eden: 170496K(170496K)->0K(170496K) From: 1792K(2048K)->1792K(2048K)
[45.888s][info][gc,heap        ] GC(703) ParOldGen: 57720K(349696K)->57880K(349696K)
[45.888s][info][gc,metaspace   ] GC(703) Metaspace: 72685K(73280K)->72685K(73280K) NonClass: 57887K(58176K)->57887K(58176K) Class: 14798K(15104K)->14798K(15104K)
[45.888s][info][gc             ] GC(703) Pause Young (Allocation Failure) 224M->58M(510M) 1.082ms
[45.888s][info][gc,cpu         ] GC(703) User=0.00s Sys=0.00s Real=0.00s
[45.930s][info][gc,start       ] GC(704) Pause Young (Allocation Failure)
[45.931s][info][gc,heap        ] GC(704) PSYoungGen: 172288K(172544K)->1792K(172544K) Eden: 170496K(170496K)->0K(170496K) From: 1792K(2048K)->1792K(2048K)
[45.931s][info][gc,heap        ] GC(704) ParOldGen: 57880K(349696K)->58040K(349696K)
[45.931s][info][gc,metaspace   ] GC(704) Metaspace: 72685K(73280K)->72685K(73280K) NonClass: 57887K(58176K)->57887K(58176K) Class: 14798K(15104K)->14798K(15104K)
[45.931s][info][gc             ] GC(704) Pause Young (Allocation Failure) 224M->58M(510M) 1.079ms
[45.931s][info][gc,cpu         ] GC(704) User=0.00s Sys=0.00s Real=0.00s
[45.973s][info][gc,start       ] GC(705) Pause Young (Allocation Failure)
[45.974s][info][gc,heap        ] GC(705) PSYoungGen: 172288K(172544K)->1792K(172544K) Eden: 170496K(170496K)->0K(170496K) From: 1792K(2048K)->1792K(2048K)
[45.974s][info][gc,heap        ] GC(705) ParOldGen: 58040K(349696K)->58184K(349696K)
[45.974s][info][gc,metaspace   ] GC(705) Metaspace: 72685K(73280K)->72685K(73280K) NonClass: 57887K(58176K)->57887K(58176K) Class: 14798K(15104K)->14798K(15104K)
[45.974s][info][gc             ] GC(705) Pause Young (Allocation Failure) 224M->58M(510M) 1.053ms
[45.974s][info][gc,cpu         ] GC(705) User=0.00s Sys=0.00s Real=0.00s
[46.017s][info][gc,start       ] GC(706) Pause Young (Allocation Failure)
[46.018s][info][gc,heap        ] GC(706) PSYoungGen: 172288K(172544K)->1696K(172544K) Eden: 170496K(170496K)->0K(170496K) From: 1792K(2048K)->1696K(2048K)
[46.018s][info][gc,heap        ] GC(706) ParOldGen: 58184K(349696K)->58360K(349696K)
[46.018s][info][gc,metaspace   ] GC(706) Metaspace: 72685K(73280K)->72685K(73280K) NonClass: 57887K(58176K)->57887K(58176K) Class: 14798K(15104K)->14798K(15104K)
[46.018s][info][gc             ] GC(706) Pause Young (Allocation Failure) 225M->58M(510M) 1.063ms
[46.018s][info][gc,cpu         ] GC(706) User=0.00s Sys=0.00s Real=0.00s
[46.061s][info][gc,start       ] GC(707) Pause Young (Allocation Failure)
[46.062s][info][gc,heap        ] GC(707) PSYoungGen: 172192K(172544K)->1760K(172544K) Eden: 170496K(170496K)->0K(170496K) From: 1696K(2048K)->1760K(2048K)
[46.062s][info][gc,heap        ] GC(707) ParOldGen: 58360K(349696K)->58480K(349696K)
[46.062s][info][gc,metaspace   ] GC(707) Metaspace: 72685K(73280K)->72685K(73280K) NonClass: 57887K(58176K)->57887K(58176K) Class: 14798K(15104K)->14798K(15104K)
[46.062s][info][gc             ] GC(707) Pause Young (Allocation Failure) 225M->58M(510M) 1.028ms
[46.062s][info][gc,cpu         ] GC(707) User=0.00s Sys=0.00s Real=0.00s
[46.105s][info][gc,start       ] GC(708) Pause Young (Allocation Failure)
[46.106s][info][gc,heap        ] GC(708) PSYoungGen: 172256K(172544K)->1760K(172544K) Eden: 170496K(170496K)->0K(170496K) From: 1760K(2048K)->1760K(2048K)
[46.106s][info][gc,heap        ] GC(708) ParOldGen: 58480K(349696K)->58592K(349696K)
[46.106s][info][gc,metaspace   ] GC(708) Metaspace: 72685K(73280K)->72685K(73280K) NonClass: 57887K(58176K)->57887K(58176K) Class: 14798K(15104K)->14798K(15104K)
[46.106s][info][gc             ] GC(708) Pause Young (Allocation Failure) 225M->58M(510M) 1.016ms
[46.106s][info][gc,cpu         ] GC(708) User=0.00s Sys=0.00s Real=0.00s
[46.149s][info][gc,start       ] GC(709) Pause Young (Allocation Failure)
[46.150s][info][gc,heap        ] GC(709) PSYoungGen: 172256K(172544K)->1792K(172544K) Eden: 170496K(170496K)->0K(170496K) From: 1760K(2048K)->1792K(2048K)
[46.150s][info][gc,heap        ] GC(709) ParOldGen: 58592K(349696K)->58864K(349696K)
[46.150s][info][gc,metaspace   ] GC(709) Metaspace: 72692K(73280K)->72692K(73280K) NonClass: 57894K(58176K)->57894K(58176K) Class: 14798K(15104K)->14798K(15104K)
[46.150s][info][gc             ] GC(709) Pause Young (Allocation Failure) 225M->59M(510M) 1.075ms
[46.150s][info][gc,cpu         ] GC(709) User=0.00s Sys=0.00s Real=0.00s
[46.193s][info][gc,start       ] GC(710) Pause Young (Allocation Failure)
[46.194s][info][gc,heap        ] GC(710) PSYoungGen: 172288K(172544K)->1760K(172544K) Eden: 170496K(170496K)->0K(170496K) From: 1792K(2048K)->1760K(2048K)
[46.194s][info][gc,heap        ] GC(710) ParOldGen: 58864K(349696K)->59080K(349696K)
[46.194s][info][gc,metaspace   ] GC(710) Metaspace: 72692K(73280K)->72692K(73280K) NonClass: 57894K(58176K)->57894K(58176K) Class: 14798K(15104K)->14798K(15104K)
[46.194s][info][gc             ] GC(710) Pause Young (Allocation Failure) 225M->59M(510M) 1.060ms
[46.194s][info][gc,cpu         ] GC(710) User=0.00s Sys=0.00s Real=0.00s
[46.238s][info][gc,start       ] GC(711) Pause Young (Allocation Failure)
[46.239s][info][gc,heap        ] GC(711) PSYoungGen: 172256K(172544K)->1728K(172544K) Eden: 170496K(170496K)->0K(170496K) From: 1760K(2048K)->1728K(2048K)
[46.239s][info][gc,heap        ] GC(711) ParOldGen: 59080K(349696K)->59216K(349696K)
[46.239s][info][gc,metaspace   ] GC(711) Metaspace: 72699K(73280K)->72699K(73280K) NonClass: 57901K(58176K)->57901K(58176K) Class: 14798K(15104K)->14798K(15104K)
[46.239s][info][gc             ] GC(711) Pause Young (Allocation Failure) 225M->59M(510M) 1.019ms
[46.239s][info][gc,cpu         ] GC(711) User=0.00s Sys=0.00s Real=0.00s
[46.282s][info][gc,start       ] GC(712) Pause Young (Allocation Failure)
[46.283s][info][gc,heap        ] GC(712) PSYoungGen: 172224K(172544K)->1664K(172544K) Eden: 170496K(170496K)->0K(170496K) From: 1728K(2048K)->1664K(2048K)
[46.283s][info][gc,heap        ] GC(712) ParOldGen: 59216K(349696K)->59408K(349696K)
[46.283s][info][gc,metaspace   ] GC(712) Metaspace: 72699K(73280K)->72699K(73280K) NonClass: 57901K(58176K)->57901K(58176K) Class: 14798K(15104K)->14798K(15104K)
[46.283s][info][gc             ] GC(712) Pause Young (Allocation Failure) 226M->59M(510M) 0.972ms
[46.283s][info][gc,cpu         ] GC(712) User=0.00s Sys=0.00s Real=0.00s
[46.328s][info][gc,start       ] GC(713) Pause Young (Allocation Failure)
[46.329s][info][gc,heap        ] GC(713) PSYoungGen: 172160K(172544K)->1536K(172544K) Eden: 170496K(170496K)->0K(170496K) From: 1664K(2048K)->1536K(2048K)
[46.329s][info][gc,heap        ] GC(713) ParOldGen: 59408K(349696K)->59608K(349696K)
[46.329s][info][gc,metaspace   ] GC(713) Metaspace: 72699K(73280K)->72699K(73280K) NonClass: 57901K(58176K)->57901K(58176K) Class: 14798K(15104K)->14798K(15104K)
[46.329s][info][gc             ] GC(713) Pause Young (Allocation Failure) 226M->59M(510M) 0.987ms
[46.329s][info][gc,cpu         ] GC(713) User=0.00s Sys=0.02s Real=0.00s
[46.375s][info][gc,start       ] GC(714) Pause Young (Allocation Failure)
[46.376s][info][gc,heap        ] GC(714) PSYoungGen: 172032K(172544K)->1568K(172544K) Eden: 170496K(170496K)->0K(170496K) From: 1536K(2048K)->1568K(2048K)
[46.376s][info][gc,heap        ] GC(714) ParOldGen: 59608K(349696K)->59840K(349696K)
[46.376s][info][gc,metaspace   ] GC(714) Metaspace: 72699K(73280K)->72699K(73280K) NonClass: 57901K(58176K)->57901K(58176K) Class: 14798K(15104K)->14798K(15104K)
[46.376s][info][gc             ] GC(714) Pause Young (Allocation Failure) 226M->59M(510M) 1.031ms
[46.376s][info][gc,cpu         ] GC(714) User=0.00s Sys=0.02s Real=0.00s
[46.426s][info][gc,start       ] GC(715) Pause Young (Allocation Failure)
[46.427s][info][gc,heap        ] GC(715) PSYoungGen: 172064K(172544K)->1408K(172544K) Eden: 170496K(170496K)->0K(170496K) From: 1568K(2048K)->1408K(2048K)
[46.427s][info][gc,heap        ] GC(715) ParOldGen: 59840K(349696K)->60096K(349696K)
[46.427s][info][gc,metaspace   ] GC(715) Metaspace: 72699K(73280K)->72699K(73280K) NonClass: 57901K(58176K)->57901K(58176K) Class: 14798K(15104K)->14798K(15104K)
[46.427s][info][gc             ] GC(715) Pause Young (Allocation Failure) 226M->60M(510M) 1.025ms
[46.427s][info][gc,cpu         ] GC(715) User=0.00s Sys=0.00s Real=0.00s
[46.479s][info][gc,start       ] GC(716) Pause Young (Allocation Failure)
[46.480s][info][gc,heap        ] GC(716) PSYoungGen: 171904K(172544K)->1248K(172544K) Eden: 170496K(170496K)->0K(170496K) From: 1408K(2048K)->1248K(2048K)
[46.480s][info][gc,heap        ] GC(716) ParOldGen: 60096K(349696K)->60320K(349696K)
[46.480s][info][gc,metaspace   ] GC(716) Metaspace: 72699K(73280K)->72699K(73280K) NonClass: 57901K(58176K)->57901K(58176K) Class: 14798K(15104K)->14798K(15104K)
[46.480s][info][gc             ] GC(716) Pause Young (Allocation Failure) 226M->60M(510M) 0.930ms
[46.480s][info][gc,cpu         ] GC(716) User=0.00s Sys=0.00s Real=0.00s
[46.535s][info][gc,start       ] GC(717) Pause Young (Allocation Failure)
[46.535s][info][gc,heap        ] GC(717) PSYoungGen: 171744K(172544K)->1152K(172032K) Eden: 170496K(170496K)->0K(170496K) From: 1248K(2048K)->1152K(1536K)
[46.535s][info][gc,heap        ] GC(717) ParOldGen: 60320K(349696K)->60504K(349696K)
[46.535s][info][gc,metaspace   ] GC(717) Metaspace: 72699K(73280K)->72699K(73280K) NonClass: 57901K(58176K)->57901K(58176K) Class: 14798K(15104K)->14798K(15104K)
[46.535s][info][gc             ] GC(717) Pause Young (Allocation Failure) 226M->60M(509M) 0.914ms
[46.535s][info][gc,cpu         ] GC(717) User=0.00s Sys=0.00s Real=0.00s
[46.598s][info][gc,start       ] GC(718) Pause Young (Allocation Failure)
[46.598s][info][gc,heap        ] GC(718) PSYoungGen: 171648K(172032K)->1216K(172032K) Eden: 170496K(170496K)->0K(169472K) From: 1152K(1536K)->1216K(2560K)
[46.598s][info][gc,heap        ] GC(718) ParOldGen: 60504K(349696K)->60744K(349696K)
[46.598s][info][gc,metaspace   ] GC(718) Metaspace: 72699K(73280K)->72699K(73280K) NonClass: 57901K(58176K)->57901K(58176K) Class: 14798K(15104K)->14798K(15104K)
[46.598s][info][gc             ] GC(718) Pause Young (Allocation Failure) 226M->60M(509M) 0.895ms
[46.599s][info][gc,cpu         ] GC(718) User=0.00s Sys=0.00s Real=0.00s
[46.666s][info][gc,start       ] GC(719) Pause Young (Allocation Failure)
[46.667s][info][gc,heap        ] GC(719) PSYoungGen: 170688K(172032K)->1216K(172032K) Eden: 169472K(169472K)->0K(169472K) From: 1216K(2560K)->1216K(2560K)
[46.667s][info][gc,heap        ] GC(719) ParOldGen: 60744K(349696K)->60944K(349696K)
[46.667s][info][gc,metaspace   ] GC(719) Metaspace: 72699K(73280K)->72699K(73280K) NonClass: 57901K(58176K)->57901K(58176K) Class: 14798K(15104K)->14798K(15104K)
[46.667s][info][gc             ] GC(719) Pause Young (Allocation Failure) 226M->60M(509M) 0.917ms
[46.667s][info][gc,cpu         ] GC(719) User=0.00s Sys=0.00s Real=0.00s
[46.740s][info][gc,start       ] GC(720) Pause Young (Allocation Failure)
[46.741s][info][gc,heap        ] GC(720) PSYoungGen: 170688K(172032K)->1056K(172032K) Eden: 169472K(169472K)->0K(169472K) From: 1216K(2560K)->1056K(2560K)
[46.741s][info][gc,heap        ] GC(720) ParOldGen: 60944K(349696K)->61168K(349696K)
[46.741s][info][gc,metaspace   ] GC(720) Metaspace: 72699K(73280K)->72699K(73280K) NonClass: 57901K(58176K)->57901K(58176K) Class: 14798K(15104K)->14798K(15104K)
[46.741s][info][gc             ] GC(720) Pause Young (Allocation Failure) 226M->60M(509M) 0.967ms
[46.741s][info][gc,cpu         ] GC(720) User=0.00s Sys=0.00s Real=0.00s
[46.814s][info][gc,start       ] GC(721) Pause Young (Allocation Failure)
[46.827s][info][gc,heap        ] GC(721) PSYoungGen: 170528K(172032K)->1088K(172032K) Eden: 169472K(169472K)->0K(169472K) From: 1056K(2560K)->1088K(2560K)
[46.828s][info][gc,heap        ] GC(721) ParOldGen: 61168K(349696K)->61328K(349696K)
[46.828s][info][gc,metaspace   ] GC(721) Metaspace: 72699K(73280K)->72699K(73280K) NonClass: 57901K(58176K)->57901K(58176K) Class: 14798K(15104K)->14798K(15104K)
[46.828s][info][gc             ] GC(721) Pause Young (Allocation Failure) 226M->60M(509M) 13.583ms
[46.828s][info][gc,cpu         ] GC(721) User=0.00s Sys=0.00s Real=0.00s
[46.905s][info][gc,start       ] GC(722) Pause Young (Allocation Failure)
[46.906s][info][gc,heap        ] GC(722) PSYoungGen: 170560K(172032K)->960K(172032K) Eden: 169472K(169472K)->0K(169472K) From: 1088K(2560K)->960K(2560K)
[46.906s][info][gc,heap        ] GC(722) ParOldGen: 61328K(349696K)->61376K(349696K)
[46.906s][info][gc,metaspace   ] GC(722) Metaspace: 72699K(73280K)->72699K(73280K) NonClass: 57901K(58176K)->57901K(58176K) Class: 14798K(15104K)->14798K(15104K)
[46.906s][info][gc             ] GC(722) Pause Young (Allocation Failure) 226M->60M(509M) 0.760ms
[46.906s][info][gc,cpu         ] GC(722) User=0.00s Sys=0.00s Real=0.00s
[46.985s][info][gc,start       ] GC(723) Pause Young (Allocation Failure)
[46.986s][info][gc,heap        ] GC(723) PSYoungGen: 170432K(172032K)->864K(165888K) Eden: 169472K(169472K)->0K(164864K) From: 960K(2560K)->864K(1024K)
[46.986s][info][gc,heap        ] GC(723) ParOldGen: 61376K(349696K)->61496K(349696K)
[46.986s][info][gc,metaspace   ] GC(723) Metaspace: 72699K(73280K)->72699K(73280K) NonClass: 57901K(58176K)->57901K(58176K) Class: 14798K(15104K)->14798K(15104K)
[46.986s][info][gc             ] GC(723) Pause Young (Allocation Failure) 226M->60M(503M) 0.935ms
[46.986s][info][gc,cpu         ] GC(723) User=0.00s Sys=0.00s Real=0.00s
[47.079s][info][gc,start       ] GC(724) Pause Young (Allocation Failure)
[47.080s][info][gc,heap        ] GC(724) PSYoungGen: 165728K(165888K)->736K(161792K) Eden: 164864K(164864K)->0K(160768K) From: 864K(1024K)->736K(1024K)
[47.080s][info][gc,heap        ] GC(724) ParOldGen: 61496K(349696K)->61688K(349696K)
[47.080s][info][gc,metaspace   ] GC(724) Metaspace: 72699K(73280K)->72699K(73280K) NonClass: 57901K(58176K)->57901K(58176K) Class: 14798K(15104K)->14798K(15104K)
[47.080s][info][gc             ] GC(724) Pause Young (Allocation Failure) 221M->60M(499M) 0.802ms
[47.080s][info][gc,cpu         ] GC(724) User=0.00s Sys=0.00s Real=0.00s
[47.178s][info][gc,start       ] GC(725) Pause Young (Allocation Failure)
[47.179s][info][gc,heap        ] GC(725) PSYoungGen: 161504K(161792K)->704K(157696K) Eden: 160768K(160768K)->0K(156672K) From: 736K(1024K)->704K(1024K)
[47.179s][info][gc,heap        ] GC(725) ParOldGen: 61688K(349696K)->61808K(349696K)
[47.179s][info][gc,metaspace   ] GC(725) Metaspace: 72699K(73280K)->72699K(73280K) NonClass: 57901K(58176K)->57901K(58176K) Class: 14798K(15104K)->14798K(15104K)
[47.179s][info][gc             ] GC(725) Pause Young (Allocation Failure) 217M->61M(495M) 0.702ms
[47.179s][info][gc,cpu         ] GC(725) User=0.00s Sys=0.00s Real=0.00s
[47.290s][info][gc,start       ] GC(726) Pause Young (Allocation Failure)
[47.291s][info][gc,heap        ] GC(726) PSYoungGen: 157376K(157696K)->576K(153600K) Eden: 156672K(156672K)->0K(152576K) From: 704K(1024K)->576K(1024K)
[47.291s][info][gc,heap        ] GC(726) ParOldGen: 61808K(349696K)->61912K(349696K)
[47.291s][info][gc,metaspace   ] GC(726) Metaspace: 72699K(73280K)->72699K(73280K) NonClass: 57901K(58176K)->57901K(58176K) Class: 14798K(15104K)->14798K(15104K)
[47.291s][info][gc             ] GC(726) Pause Young (Allocation Failure) 214M->61M(491M) 0.900ms
[47.291s][info][gc,cpu         ] GC(726) User=0.00s Sys=0.00s Real=0.00s
[47.477s][info][gc,start       ] GC(727) Pause Young (Allocation Failure)
[47.478s][info][gc,heap        ] GC(727) PSYoungGen: 153152K(153600K)->512K(148992K) Eden: 152576K(152576K)->0K(148480K) From: 576K(1024K)->512K(512K)
[47.478s][info][gc,heap        ] GC(727) ParOldGen: 61912K(349696K)->62024K(349696K)
[47.478s][info][gc,metaspace   ] GC(727) Metaspace: 72699K(73280K)->72699K(73280K) NonClass: 57901K(58176K)->57901K(58176K) Class: 14798K(15104K)->14798K(15104K)
[47.479s][info][gc             ] GC(727) Pause Young (Allocation Failure) 210M->61M(487M) 1.343ms
[47.479s][info][gc,cpu         ] GC(727) User=0.00s Sys=0.00s Real=0.00s
[47.719s][info][gc,start       ] GC(728) Pause Young (Allocation Failure)
[47.720s][info][gc,heap        ] GC(728) PSYoungGen: 148992K(148992K)->480K(145408K) Eden: 148480K(148480K)->0K(144896K) From: 512K(512K)->480K(512K)
[47.720s][info][gc,heap        ] GC(728) ParOldGen: 62024K(349696K)->62096K(349696K)
[47.720s][info][gc,metaspace   ] GC(728) Metaspace: 72699K(73280K)->72699K(73280K) NonClass: 57901K(58176K)->57901K(58176K) Class: 14798K(15104K)->14798K(15104K)
[47.721s][info][gc             ] GC(728) Pause Young (Allocation Failure) 206M->61M(483M) 1.528ms
[47.721s][info][gc,cpu         ] GC(728) User=0.23s Sys=0.00s Real=0.00s
[47.963s][info][gc,start       ] GC(729) Pause Young (Allocation Failure)
[47.964s][info][gc,heap        ] GC(729) PSYoungGen: 145376K(145408K)->480K(143872K) Eden: 144896K(144896K)->0K(141312K) From: 480K(512K)->480K(2560K)
[47.965s][info][gc,heap        ] GC(729) ParOldGen: 62096K(349696K)->62152K(349696K)
[47.965s][info][gc,metaspace   ] GC(729) Metaspace: 72699K(73280K)->72699K(73280K) NonClass: 57901K(58176K)->57901K(58176K) Class: 14798K(15104K)->14798K(15104K)
[47.965s][info][gc             ] GC(729) Pause Young (Allocation Failure) 202M->61M(482M) 1.121ms
[47.965s][info][gc,cpu         ] GC(729) User=0.00s Sys=0.00s Real=0.00s
[48.203s][info][gc,start       ] GC(730) Pause Young (Allocation Failure)
[48.205s][info][gc,heap        ] GC(730) PSYoungGen: 141792K(143872K)->512K(138240K) Eden: 141312K(141312K)->0K(137728K) From: 480K(2560K)->512K(512K)
[48.205s][info][gc,heap        ] GC(730) ParOldGen: 62152K(349696K)->62176K(349696K)
[48.205s][info][gc,metaspace   ] GC(730) Metaspace: 72699K(73280K)->72699K(73280K) NonClass: 57901K(58176K)->57901K(58176K) Class: 14798K(15104K)->14798K(15104K)
[48.205s][info][gc             ] GC(730) Pause Young (Allocation Failure) 199M->61M(476M) 1.497ms
[48.205s][info][gc,cpu         ] GC(730) User=0.00s Sys=0.00s Real=0.00s
[48.446s][info][gc,start       ] GC(731) Pause Young (Allocation Failure)
[48.447s][info][gc,heap        ] GC(731) PSYoungGen: 138240K(138240K)->512K(137216K) Eden: 137728K(137728K)->0K(134656K) From: 512K(512K)->512K(2560K)
[48.447s][info][gc,heap        ] GC(731) ParOldGen: 62176K(349696K)->62248K(349696K)
[48.447s][info][gc,metaspace   ] GC(731) Metaspace: 72699K(73280K)->72699K(73280K) NonClass: 57901K(58176K)->57901K(58176K) Class: 14798K(15104K)->14798K(15104K)
[48.447s][info][gc             ] GC(731) Pause Young (Allocation Failure) 195M->61M(475M) 1.026ms
[48.447s][info][gc,cpu         ] GC(731) User=0.00s Sys=0.00s Real=0.00s
[48.672s][info][gc,start       ] GC(732) Pause Young (Allocation Failure)
[48.673s][info][gc,heap        ] GC(732) PSYoungGen: 135168K(137216K)->512K(132096K) Eden: 134656K(134656K)->0K(131584K) From: 512K(2560K)->512K(512K)
[48.673s][info][gc,heap        ] GC(732) ParOldGen: 62248K(349696K)->62272K(349696K)
[48.673s][info][gc,metaspace   ] GC(732) Metaspace: 72699K(73280K)->72699K(73280K) NonClass: 57901K(58176K)->57901K(58176K) Class: 14798K(15104K)->14798K(15104K)
[48.673s][info][gc             ] GC(732) Pause Young (Allocation Failure) 192M->61M(470M) 1.518ms
[48.673s][info][gc,cpu         ] GC(732) User=0.00s Sys=0.00s Real=0.00s
[48.900s][info][gc,start       ] GC(733) Pause Young (Allocation Failure)
[48.901s][info][gc,heap        ] GC(733) PSYoungGen: 132096K(132096K)->480K(130560K) Eden: 131584K(131584K)->0K(128512K) From: 512K(512K)->480K(2048K)
[48.901s][info][gc,heap        ] GC(733) ParOldGen: 62272K(349696K)->62320K(349696K)
[48.901s][info][gc,metaspace   ] GC(733) Metaspace: 72699K(73280K)->72699K(73280K) NonClass: 57901K(58176K)->57901K(58176K) Class: 14798K(15104K)->14798K(15104K)
[48.901s][info][gc             ] GC(733) Pause Young (Allocation Failure) 189M->61M(469M) 1.135ms
[48.901s][info][gc,cpu         ] GC(733) User=0.00s Sys=0.00s Real=0.00s
[49.131s][info][gc,start       ] GC(734) Pause Young (Allocation Failure)
[49.132s][info][gc,heap        ] GC(734) PSYoungGen: 128992K(130560K)->512K(125952K) Eden: 128512K(128512K)->0K(125440K) From: 480K(2048K)->512K(512K)
[49.132s][info][gc,heap        ] GC(734) ParOldGen: 62320K(349696K)->62352K(349696K)
[49.132s][info][gc,metaspace   ] GC(734) Metaspace: 72699K(73280K)->72699K(73280K) NonClass: 57901K(58176K)->57901K(58176K) Class: 14798K(15104K)->14798K(15104K)
[49.132s][info][gc             ] GC(734) Pause Young (Allocation Failure) 186M->61M(464M) 1.488ms
[49.132s][info][gc,cpu         ] GC(734) User=0.00s Sys=0.00s Real=0.00s
[49.472s][info][gc,start       ] GC(735) Pause Young (Allocation Failure)
[49.473s][info][gc,heap        ] GC(735) PSYoungGen: 125952K(125952K)->384K(124928K) Eden: 125440K(125440K)->0K(122880K) From: 512K(512K)->384K(2048K)
[49.473s][info][gc,heap        ] GC(735) ParOldGen: 62352K(349696K)->62432K(349696K)
[49.473s][info][gc,metaspace   ] GC(735) Metaspace: 72699K(73280K)->72699K(73280K) NonClass: 57901K(58176K)->57901K(58176K) Class: 14798K(15104K)->14798K(15104K)
[49.473s][info][gc             ] GC(735) Pause Young (Allocation Failure) 183M->61M(463M) 1.125ms
[49.473s][info][gc,cpu         ] GC(735) User=0.00s Sys=0.00s Real=0.00s
[49.497s][info][gc,start       ] GC(736) Pause Young (System.gc())
[49.499s][info][gc,heap        ] GC(736) PSYoungGen: 13125K(124928K)->1120K(124416K) Eden: 12741K(122880K)->0K(122880K) From: 384K(2048K)->1120K(1536K)
[49.499s][info][gc,heap        ] GC(736) ParOldGen: 62432K(349696K)->62712K(349696K)
[49.499s][info][gc,metaspace   ] GC(736) Metaspace: 72711K(73280K)->72711K(73280K) NonClass: 57913K(58176K)->57913K(58176K) Class: 14798K(15104K)->14798K(15104K)
[49.499s][info][gc             ] GC(736) Pause Young (System.gc()) 73M->62M(463M) 1.908ms
[49.499s][info][gc,cpu         ] GC(736) User=0.00s Sys=0.00s Real=0.00s
[49.499s][info][gc,start       ] GC(737) Pause Full (System.gc())
[49.499s][info][gc,phases,start] GC(737) Marking Phase
[49.543s][info][gc,phases      ] GC(737) Marking Phase 43.966ms
[49.543s][info][gc,phases,start] GC(737) Summary Phase
[49.543s][info][gc,phases      ] GC(737) Summary Phase 0.015ms
[49.543s][info][gc,phases,start] GC(737) Adjust Roots
[49.555s][info][gc,phases      ] GC(737) Adjust Roots 11.746ms
[49.555s][info][gc,phases,start] GC(737) Compaction Phase
[49.564s][info][gc,phases      ] GC(737) Compaction Phase 8.568ms
[49.564s][info][gc,phases,start] GC(737) Post Compact
[49.564s][info][gc,phases      ] GC(737) Post Compact 0.633ms
[49.564s][info][gc,heap        ] GC(737) PSYoungGen: 1120K(124416K)->0K(124416K) Eden: 0K(122880K)->0K(122880K) From: 1120K(1536K)->0K(1536K)
[49.564s][info][gc,heap        ] GC(737) ParOldGen: 62712K(349696K)->35781K(349696K)
[49.564s][info][gc,metaspace   ] GC(737) Metaspace: 72711K(73280K)->72711K(73280K) NonClass: 57913K(58176K)->57913K(58176K) Class: 14798K(15104K)->14798K(15104K)
[49.564s][info][gc             ] GC(737) Pause Full (System.gc()) 62M->34M(463M) 65.241ms
[49.565s][info][gc,cpu         ] GC(737) User=0.64s Sys=0.02s Real=0.06s
[49.625s][info][gc,start       ] GC(738) Pause Young (Allocation Failure)
[49.627s][info][gc,heap        ] GC(738) PSYoungGen: 122880K(124416K)->2048K(122368K) Eden: 122880K(122880K)->0K(120320K) From: 0K(1536K)->2048K(2048K)
[49.627s][info][gc,heap        ] GC(738) ParOldGen: 35781K(349696K)->37317K(349696K)
[49.627s][info][gc,metaspace   ] GC(738) Metaspace: 72906K(73472K)->72906K(73472K) NonClass: 58108K(58368K)->58108K(58368K) Class: 14798K(15104K)->14798K(15104K)
[49.627s][info][gc             ] GC(738) Pause Young (Allocation Failure) 154M->38M(461M) 2.048ms
[49.627s][info][gc,cpu         ] GC(738) User=0.00s Sys=0.00s Real=0.00s
[49.657s][info][gc,start       ] GC(739) Pause Young (Allocation Failure)
[49.658s][info][gc,heap        ] GC(739) PSYoungGen: 122368K(122368K)->1024K(145408K) Eden: 120320K(120320K)->0K(144384K) From: 2048K(2048K)->1024K(1024K)
[49.658s][info][gc,heap        ] GC(739) ParOldGen: 37317K(349696K)->39157K(349696K)
[49.659s][info][gc,metaspace   ] GC(739) Metaspace: 72906K(73472K)->72906K(73472K) NonClass: 58108K(58368K)->58108K(58368K) Class: 14798K(15104K)->14798K(15104K)
[49.659s][info][gc             ] GC(739) Pause Young (Allocation Failure) 155M->39M(483M) 1.655ms
[49.659s][info][gc,cpu         ] GC(739) User=0.00s Sys=0.02s Real=0.00s
[49.694s][info][gc,start       ] GC(740) Pause Young (Allocation Failure)
[49.695s][info][gc,heap        ] GC(740) PSYoungGen: 145408K(145408K)->1824K(156160K) Eden: 144384K(144384K)->0K(152576K) From: 1024K(1024K)->1824K(3584K)
[49.695s][info][gc,heap        ] GC(740) ParOldGen: 39157K(349696K)->39429K(349696K)
[49.695s][info][gc,metaspace   ] GC(740) Metaspace: 72906K(73472K)->72906K(73472K) NonClass: 58108K(58368K)->58108K(58368K) Class: 14798K(15104K)->14798K(15104K)
[49.695s][info][gc             ] GC(740) Pause Young (Allocation Failure) 180M->40M(494M) 1.205ms
[49.695s][info][gc,cpu         ] GC(740) User=0.00s Sys=0.00s Real=0.00s
[49.732s][info][gc,start       ] GC(741) Pause Young (Allocation Failure)
[49.734s][info][gc,heap        ] GC(741) PSYoungGen: 154400K(156160K)->1824K(171008K) Eden: 152576K(152576K)->0K(167424K) From: 1824K(3584K)->1824K(3584K)
[49.734s][info][gc,heap        ] GC(741) ParOldGen: 39429K(349696K)->39653K(349696K)
[49.734s][info][gc,metaspace   ] GC(741) Metaspace: 72906K(73472K)->72906K(73472K) NonClass: 58108K(58368K)->58108K(58368K) Class: 14798K(15104K)->14798K(15104K)
[49.734s][info][gc             ] GC(741) Pause Young (Allocation Failure) 189M->40M(508M) 1.390ms
[49.734s][info][gc,cpu         ] GC(741) User=0.00s Sys=0.00s Real=0.00s
[49.776s][info][gc,start       ] GC(742) Pause Young (Allocation Failure)
[49.778s][info][gc,heap        ] GC(742) PSYoungGen: 169248K(171008K)->2080K(171008K) Eden: 167424K(167424K)->0K(167424K) From: 1824K(3584K)->2080K(3584K)
[49.778s][info][gc,heap        ] GC(742) ParOldGen: 39653K(349696K)->39829K(349696K)
[49.778s][info][gc,metaspace   ] GC(742) Metaspace: 72906K(73472K)->72906K(73472K) NonClass: 58108K(58368K)->58108K(58368K) Class: 14798K(15104K)->14798K(15104K)
[49.778s][info][gc             ] GC(742) Pause Young (Allocation Failure) 204M->40M(508M) 1.568ms
[49.778s][info][gc,cpu         ] GC(742) User=0.00s Sys=0.00s Real=0.00s
[49.819s][info][gc,start       ] GC(743) Pause Young (Allocation Failure)
[49.820s][info][gc,heap        ] GC(743) PSYoungGen: 169504K(171008K)->1856K(171008K) Eden: 167424K(167424K)->0K(167424K) From: 2080K(3584K)->1856K(3584K)
[49.820s][info][gc,heap        ] GC(743) ParOldGen: 39829K(349696K)->40037K(349696K)
[49.820s][info][gc,metaspace   ] GC(743) Metaspace: 72906K(73472K)->72906K(73472K) NonClass: 58108K(58368K)->58108K(58368K) Class: 14798K(15104K)->14798K(15104K)
[49.820s][info][gc             ] GC(743) Pause Young (Allocation Failure) 204M->40M(508M) 1.189ms
[49.820s][info][gc,cpu         ] GC(743) User=0.00s Sys=0.00s Real=0.00s
[49.861s][info][gc,start       ] GC(744) Pause Young (Allocation Failure)
[49.862s][info][gc,heap        ] GC(744) PSYoungGen: 169280K(171008K)->1792K(171008K) Eden: 167424K(167424K)->0K(167424K) From: 1856K(3584K)->1792K(3584K)
[49.862s][info][gc,heap        ] GC(744) ParOldGen: 40037K(349696K)->40237K(349696K)
[49.862s][info][gc,metaspace   ] GC(744) Metaspace: 72906K(73472K)->72906K(73472K) NonClass: 58108K(58368K)->58108K(58368K) Class: 14798K(15104K)->14798K(15104K)
[49.862s][info][gc             ] GC(744) Pause Young (Allocation Failure) 204M->41M(508M) 1.118ms
[49.862s][info][gc,cpu         ] GC(744) User=0.00s Sys=0.00s Real=0.00s
[49.903s][info][gc,start       ] GC(745) Pause Young (Allocation Failure)
[49.904s][info][gc,heap        ] GC(745) PSYoungGen: 169216K(171008K)->1824K(171008K) Eden: 167424K(167424K)->0K(167424K) From: 1792K(3584K)->1824K(3584K)
[49.904s][info][gc,heap        ] GC(745) ParOldGen: 40237K(349696K)->40437K(349696K)
[49.904s][info][gc,metaspace   ] GC(745) Metaspace: 72906K(73472K)->72906K(73472K) NonClass: 58108K(58368K)->58108K(58368K) Class: 14798K(15104K)->14798K(15104K)
[49.904s][info][gc             ] GC(745) Pause Young (Allocation Failure) 204M->41M(508M) 1.087ms
[49.904s][info][gc,cpu         ] GC(745) User=0.00s Sys=0.00s Real=0.00s
[49.945s][info][gc,start       ] GC(746) Pause Young (Allocation Failure)
[49.947s][info][gc,heap        ] GC(746) PSYoungGen: 169248K(171008K)->1792K(171008K) Eden: 167424K(167424K)->0K(167424K) From: 1824K(3584K)->1792K(3584K)
[49.947s][info][gc,heap        ] GC(746) ParOldGen: 40437K(349696K)->40637K(349696K)
[49.947s][info][gc,metaspace   ] GC(746) Metaspace: 72906K(73472K)->72906K(73472K) NonClass: 58108K(58368K)->58108K(58368K) Class: 14798K(15104K)->14798K(15104K)
[49.947s][info][gc             ] GC(746) Pause Young (Allocation Failure) 204M->41M(508M) 1.093ms
[49.947s][info][gc,cpu         ] GC(746) User=0.00s Sys=0.00s Real=0.00s
[49.988s][info][gc,start       ] GC(747) Pause Young (Allocation Failure)
[49.989s][info][gc,heap        ] GC(747) PSYoungGen: 169216K(171008K)->1792K(171008K) Eden: 167424K(167424K)->0K(167424K) From: 1792K(3584K)->1792K(3584K)
[49.989s][info][gc,heap        ] GC(747) ParOldGen: 40637K(349696K)->40805K(349696K)
[49.989s][info][gc,metaspace   ] GC(747) Metaspace: 72906K(73472K)->72906K(73472K) NonClass: 58108K(58368K)->58108K(58368K) Class: 14798K(15104K)->14798K(15104K)
[49.989s][info][gc             ] GC(747) Pause Young (Allocation Failure) 204M->41M(508M) 1.078ms
[49.989s][info][gc,cpu         ] GC(747) User=0.00s Sys=0.00s Real=0.00s
[50.030s][info][gc,start       ] GC(748) Pause Young (Allocation Failure)
[50.031s][info][gc,heap        ] GC(748) PSYoungGen: 169216K(171008K)->1824K(169472K) Eden: 167424K(167424K)->0K(167424K) From: 1792K(3584K)->1824K(2048K)
[50.031s][info][gc,heap        ] GC(748) ParOldGen: 40805K(349696K)->40981K(349696K)
[50.031s][info][gc,metaspace   ] GC(748) Metaspace: 72906K(73472K)->72906K(73472K) NonClass: 58108K(58368K)->58108K(58368K) Class: 14798K(15104K)->14798K(15104K)
[50.031s][info][gc             ] GC(748) Pause Young (Allocation Failure) 205M->41M(507M) 1.092ms
[50.031s][info][gc,cpu         ] GC(748) User=0.00s Sys=0.00s Real=0.00s
[50.072s][info][gc,start       ] GC(749) Pause Young (Allocation Failure)
[50.073s][info][gc,heap        ] GC(749) PSYoungGen: 169247K(169472K)->1952K(170496K) Eden: 167423K(167424K)->0K(167424K) From: 1824K(2048K)->1952K(3072K)
[50.073s][info][gc,heap        ] GC(749) ParOldGen: 40981K(349696K)->41117K(349696K)
[50.073s][info][gc,metaspace   ] GC(749) Metaspace: 72906K(73472K)->72906K(73472K) NonClass: 58108K(58368K)->58108K(58368K) Class: 14798K(15104K)->14798K(15104K)
[50.073s][info][gc             ] GC(749) Pause Young (Allocation Failure) 205M->42M(508M) 1.124ms
[50.073s][info][gc,cpu         ] GC(749) User=0.00s Sys=0.00s Real=0.00s
[50.115s][info][gc,start       ] GC(750) Pause Young (Allocation Failure)
[50.116s][info][gc,heap        ] GC(750) PSYoungGen: 169376K(170496K)->1888K(170496K) Eden: 167424K(167424K)->0K(167424K) From: 1952K(3072K)->1888K(3072K)
[50.116s][info][gc,heap        ] GC(750) ParOldGen: 41117K(349696K)->41389K(349696K)
[50.116s][info][gc,metaspace   ] GC(750) Metaspace: 72906K(73472K)->72906K(73472K) NonClass: 58108K(58368K)->58108K(58368K) Class: 14798K(15104K)->14798K(15104K)
[50.116s][info][gc             ] GC(750) Pause Young (Allocation Failure) 205M->42M(508M) 1.112ms
[50.116s][info][gc,cpu         ] GC(750) User=0.00s Sys=0.00s Real=0.00s
[50.157s][info][gc,start       ] GC(751) Pause Young (Allocation Failure)
[50.158s][info][gc,heap        ] GC(751) PSYoungGen: 169312K(170496K)->1824K(171520K) Eden: 167424K(167424K)->0K(168448K) From: 1888K(3072K)->1824K(3072K)
[50.158s][info][gc,heap        ] GC(751) ParOldGen: 41389K(349696K)->41613K(349696K)
[50.158s][info][gc,metaspace   ] GC(751) Metaspace: 72906K(73472K)->72906K(73472K) NonClass: 58108K(58368K)->58108K(58368K) Class: 14798K(15104K)->14798K(15104K)
[50.158s][info][gc             ] GC(751) Pause Young (Allocation Failure) 205M->42M(509M) 1.044ms
[50.158s][info][gc,cpu         ] GC(751) User=0.00s Sys=0.00s Real=0.00s
[50.199s][info][gc,start       ] GC(752) Pause Young (Allocation Failure)
[50.201s][info][gc,heap        ] GC(752) PSYoungGen: 170272K(171520K)->1856K(171520K) Eden: 168448K(168448K)->0K(168448K) From: 1824K(3072K)->1856K(3072K)
[50.201s][info][gc,heap        ] GC(752) ParOldGen: 41613K(349696K)->41789K(349696K)
[50.201s][info][gc,metaspace   ] GC(752) Metaspace: 72906K(73472K)->72906K(73472K) NonClass: 58108K(58368K)->58108K(58368K) Class: 14798K(15104K)->14798K(15104K)
[50.201s][info][gc             ] GC(752) Pause Young (Allocation Failure) 206M->42M(509M) 1.202ms
[50.201s][info][gc,cpu         ] GC(752) User=0.00s Sys=0.00s Real=0.00s
[50.242s][info][gc,start       ] GC(753) Pause Young (Allocation Failure)
[50.243s][info][gc,heap        ] GC(753) PSYoungGen: 170304K(171520K)->1824K(171520K) Eden: 168448K(168448K)->0K(168448K) From: 1856K(3072K)->1824K(3072K)
[50.243s][info][gc,heap        ] GC(753) ParOldGen: 41789K(349696K)->41965K(349696K)
[50.243s][info][gc,metaspace   ] GC(753) Metaspace: 72906K(73472K)->72906K(73472K) NonClass: 58108K(58368K)->58108K(58368K) Class: 14798K(15104K)->14798K(15104K)
[50.243s][info][gc             ] GC(753) Pause Young (Allocation Failure) 207M->42M(509M) 1.128ms
[50.243s][info][gc,cpu         ] GC(753) User=0.00s Sys=0.00s Real=0.00s
[50.285s][info][gc,start       ] GC(754) Pause Young (Allocation Failure)
[50.286s][info][gc,heap        ] GC(754) PSYoungGen: 170271K(171520K)->1856K(171520K) Eden: 168447K(168448K)->0K(168448K) From: 1824K(3072K)->1856K(3072K)
[50.286s][info][gc,heap        ] GC(754) ParOldGen: 41965K(349696K)->42181K(349696K)
[50.286s][info][gc,metaspace   ] GC(754) Metaspace: 72906K(73472K)->72906K(73472K) NonClass: 58108K(58368K)->58108K(58368K) Class: 14798K(15104K)->14798K(15104K)
[50.286s][info][gc             ] GC(754) Pause Young (Allocation Failure) 207M->43M(509M) 1.108ms
[50.286s][info][gc,cpu         ] GC(754) User=0.00s Sys=0.00s Real=0.00s
[50.327s][info][gc,start       ] GC(755) Pause Young (Allocation Failure)
[50.328s][info][gc,heap        ] GC(755) PSYoungGen: 170304K(171520K)->1856K(171520K) Eden: 168448K(168448K)->0K(168448K) From: 1856K(3072K)->1856K(3072K)
[50.328s][info][gc,heap        ] GC(755) ParOldGen: 42181K(349696K)->42413K(349696K)
[50.328s][info][gc,metaspace   ] GC(755) Metaspace: 72906K(73472K)->72906K(73472K) NonClass: 58108K(58368K)->58108K(58368K) Class: 14798K(15104K)->14798K(15104K)
[50.328s][info][gc             ] GC(755) Pause Young (Allocation Failure) 207M->43M(509M) 1.126ms
[50.328s][info][gc,cpu         ] GC(755) User=0.50s Sys=0.02s Real=0.00s
[50.370s][info][gc,start       ] GC(756) Pause Young (Allocation Failure)
[50.371s][info][gc,heap        ] GC(756) PSYoungGen: 170304K(171520K)->1920K(171520K) Eden: 168448K(168448K)->0K(168448K) From: 1856K(3072K)->1920K(3072K)
[50.371s][info][gc,heap        ] GC(756) ParOldGen: 42413K(349696K)->42613K(349696K)
[50.371s][info][gc,metaspace   ] GC(756) Metaspace: 72906K(73472K)->72906K(73472K) NonClass: 58108K(58368K)->58108K(58368K) Class: 14798K(15104K)->14798K(15104K)
[50.371s][info][gc             ] GC(756) Pause Young (Allocation Failure) 207M->43M(509M) 1.067ms
[50.371s][info][gc,cpu         ] GC(756) User=0.00s Sys=0.00s Real=0.00s
[50.412s][info][gc,start       ] GC(757) Pause Young (Allocation Failure)
[50.413s][info][gc,heap        ] GC(757) PSYoungGen: 170368K(171520K)->1728K(170496K) Eden: 168448K(168448K)->0K(168448K) From: 1920K(3072K)->1728K(2048K)
[50.413s][info][gc,heap        ] GC(757) ParOldGen: 42613K(349696K)->42845K(349696K)
[50.413s][info][gc,metaspace   ] GC(757) Metaspace: 72906K(73472K)->72906K(73472K) NonClass: 58108K(58368K)->58108K(58368K) Class: 14798K(15104K)->14798K(15104K)
[50.413s][info][gc             ] GC(757) Pause Young (Allocation Failure) 207M->43M(508M) 1.135ms
[50.413s][info][gc,cpu         ] GC(757) User=0.00s Sys=0.00s Real=0.00s
[50.455s][info][gc,start       ] GC(758) Pause Young (Allocation Failure)
[50.456s][info][gc,heap        ] GC(758) PSYoungGen: 170176K(170496K)->1888K(171008K) Eden: 168448K(168448K)->0K(168448K) From: 1728K(2048K)->1888K(2560K)
[50.456s][info][gc,heap        ] GC(758) ParOldGen: 42845K(349696K)->43045K(349696K)
[50.456s][info][gc,metaspace   ] GC(758) Metaspace: 72906K(73472K)->72906K(73472K) NonClass: 58108K(58368K)->58108K(58368K) Class: 14798K(15104K)->14798K(15104K)
[50.456s][info][gc             ] GC(758) Pause Young (Allocation Failure) 208M->43M(508M) 1.166ms
[50.456s][info][gc,cpu         ] GC(758) User=0.00s Sys=0.00s Real=0.00s
[50.497s][info][gc,start       ] GC(759) Pause Young (Allocation Failure)
[50.498s][info][gc,heap        ] GC(759) PSYoungGen: 170336K(171008K)->1824K(172032K) Eden: 168448K(168448K)->0K(169472K) From: 1888K(2560K)->1824K(2560K)
[50.498s][info][gc,heap        ] GC(759) ParOldGen: 43045K(349696K)->43237K(349696K)
[50.498s][info][gc,metaspace   ] GC(759) Metaspace: 72906K(73472K)->72906K(73472K) NonClass: 58108K(58368K)->58108K(58368K) Class: 14798K(15104K)->14798K(15104K)
[50.498s][info][gc             ] GC(759) Pause Young (Allocation Failure) 208M->44M(509M) 1.122ms
[50.498s][info][gc,cpu         ] GC(759) User=0.00s Sys=0.00s Real=0.00s
[50.540s][info][gc,start       ] GC(760) Pause Young (Allocation Failure)
[50.541s][info][gc,heap        ] GC(760) PSYoungGen: 171296K(172032K)->1888K(172032K) Eden: 169472K(169472K)->0K(169472K) From: 1824K(2560K)->1888K(2560K)
[50.541s][info][gc,heap        ] GC(760) ParOldGen: 43237K(349696K)->43389K(349696K)
[50.541s][info][gc,metaspace   ] GC(760) Metaspace: 72906K(73472K)->72906K(73472K) NonClass: 58108K(58368K)->58108K(58368K) Class: 14798K(15104K)->14798K(15104K)
[50.541s][info][gc             ] GC(760) Pause Young (Allocation Failure) 209M->44M(509M) 1.105ms
[50.541s][info][gc,cpu         ] GC(760) User=0.00s Sys=0.00s Real=0.00s
[50.583s][info][gc,start       ] GC(761) Pause Young (Allocation Failure)
[50.584s][info][gc,heap        ] GC(761) PSYoungGen: 171360K(172032K)->1888K(172032K) Eden: 169472K(169472K)->0K(169472K) From: 1888K(2560K)->1888K(2560K)
[50.584s][info][gc,heap        ] GC(761) ParOldGen: 43389K(349696K)->43597K(349696K)
[50.584s][info][gc,metaspace   ] GC(761) Metaspace: 72906K(73472K)->72906K(73472K) NonClass: 58108K(58368K)->58108K(58368K) Class: 14798K(15104K)->14798K(15104K)
[50.584s][info][gc             ] GC(761) Pause Young (Allocation Failure) 209M->44M(509M) 1.146ms
[50.584s][info][gc,cpu         ] GC(761) User=0.00s Sys=0.00s Real=0.00s
[50.625s][info][gc,start       ] GC(762) Pause Young (Allocation Failure)
[50.626s][info][gc,heap        ] GC(762) PSYoungGen: 171360K(172032K)->1824K(172032K) Eden: 169472K(169472K)->0K(169472K) From: 1888K(2560K)->1824K(2560K)
[50.626s][info][gc,heap        ] GC(762) ParOldGen: 43597K(349696K)->43781K(349696K)
[50.626s][info][gc,metaspace   ] GC(762) Metaspace: 72906K(73472K)->72906K(73472K) NonClass: 58108K(58368K)->58108K(58368K) Class: 14798K(15104K)->14798K(15104K)
[50.626s][info][gc             ] GC(762) Pause Young (Allocation Failure) 209M->44M(509M) 1.099ms
[50.626s][info][gc,cpu         ] GC(762) User=0.00s Sys=0.00s Real=0.00s
[50.668s][info][gc,start       ] GC(763) Pause Young (Allocation Failure)
[50.669s][info][gc,heap        ] GC(763) PSYoungGen: 171296K(172032K)->1760K(172032K) Eden: 169472K(169472K)->0K(169472K) From: 1824K(2560K)->1760K(2560K)
[50.669s][info][gc,heap        ] GC(763) ParOldGen: 43781K(349696K)->43973K(349696K)
[50.669s][info][gc,metaspace   ] GC(763) Metaspace: 72906K(73472K)->72906K(73472K) NonClass: 58108K(58368K)->58108K(58368K) Class: 14798K(15104K)->14798K(15104K)
[50.669s][info][gc             ] GC(763) Pause Young (Allocation Failure) 210M->44M(509M) 1.111ms
[50.669s][info][gc,cpu         ] GC(763) User=0.00s Sys=0.00s Real=0.00s
[50.711s][info][gc,start       ] GC(764) Pause Young (Allocation Failure)
[50.712s][info][gc,heap        ] GC(764) PSYoungGen: 171232K(172032K)->1760K(172032K) Eden: 169472K(169472K)->0K(169472K) From: 1760K(2560K)->1760K(2560K)
[50.712s][info][gc,heap        ] GC(764) ParOldGen: 43973K(349696K)->44197K(349696K)
[50.712s][info][gc,metaspace   ] GC(764) Metaspace: 72906K(73472K)->72906K(73472K) NonClass: 58108K(58368K)->58108K(58368K) Class: 14798K(15104K)->14798K(15104K)
[50.712s][info][gc             ] GC(764) Pause Young (Allocation Failure) 210M->44M(509M) 1.119ms
[50.712s][info][gc,cpu         ] GC(764) User=0.00s Sys=0.00s Real=0.00s
[50.754s][info][gc,start       ] GC(765) Pause Young (Allocation Failure)
[50.755s][info][gc,heap        ] GC(765) PSYoungGen: 171232K(172032K)->1792K(172032K) Eden: 169472K(169472K)->0K(169472K) From: 1760K(2560K)->1792K(2560K)
[50.755s][info][gc,heap        ] GC(765) ParOldGen: 44197K(349696K)->44421K(349696K)
[50.755s][info][gc,metaspace   ] GC(765) Metaspace: 72906K(73472K)->72906K(73472K) NonClass: 58108K(58368K)->58108K(58368K) Class: 14798K(15104K)->14798K(15104K)
[50.755s][info][gc             ] GC(765) Pause Young (Allocation Failure) 210M->45M(509M) 1.052ms
[50.755s][info][gc,cpu         ] GC(765) User=0.00s Sys=0.00s Real=0.00s
[50.797s][info][gc,start       ] GC(766) Pause Young (Allocation Failure)
[50.799s][info][gc,heap        ] GC(766) PSYoungGen: 171264K(172032K)->1824K(172032K) Eden: 169472K(169472K)->0K(169472K) From: 1792K(2560K)->1824K(2560K)
[50.799s][info][gc,heap        ] GC(766) ParOldGen: 44421K(349696K)->44645K(349696K)
[50.799s][info][gc,metaspace   ] GC(766) Metaspace: 72906K(73472K)->72906K(73472K) NonClass: 58108K(58368K)->58108K(58368K) Class: 14798K(15104K)->14798K(15104K)
[50.799s][info][gc             ] GC(766) Pause Young (Allocation Failure) 210M->45M(509M) 1.129ms
[50.799s][info][gc,cpu         ] GC(766) User=0.00s Sys=0.00s Real=0.00s
[50.840s][info][gc,start       ] GC(767) Pause Young (Allocation Failure)
[50.841s][info][gc,heap        ] GC(767) PSYoungGen: 171296K(172032K)->1856K(172032K) Eden: 169472K(169472K)->0K(169472K) From: 1824K(2560K)->1856K(2560K)
[50.841s][info][gc,heap        ] GC(767) ParOldGen: 44645K(349696K)->44869K(349696K)
[50.841s][info][gc,metaspace   ] GC(767) Metaspace: 72906K(73472K)->72906K(73472K) NonClass: 58108K(58368K)->58108K(58368K) Class: 14798K(15104K)->14798K(15104K)
[50.841s][info][gc             ] GC(767) Pause Young (Allocation Failure) 210M->45M(509M) 1.160ms
[50.841s][info][gc,cpu         ] GC(767) User=0.00s Sys=0.00s Real=0.00s
[50.883s][info][gc,start       ] GC(768) Pause Young (Allocation Failure)
[50.884s][info][gc,heap        ] GC(768) PSYoungGen: 171328K(172032K)->1792K(172032K) Eden: 169472K(169472K)->0K(169472K) From: 1856K(2560K)->1792K(2560K)
[50.884s][info][gc,heap        ] GC(768) ParOldGen: 44869K(349696K)->45061K(349696K)
[50.884s][info][gc,metaspace   ] GC(768) Metaspace: 72906K(73472K)->72906K(73472K) NonClass: 58108K(58368K)->58108K(58368K) Class: 14798K(15104K)->14798K(15104K)
[50.884s][info][gc             ] GC(768) Pause Young (Allocation Failure) 211M->45M(509M) 1.100ms
[50.884s][info][gc,cpu         ] GC(768) User=0.00s Sys=0.00s Real=0.00s
[50.926s][info][gc,start       ] GC(769) Pause Young (Allocation Failure)
[50.927s][info][gc,heap        ] GC(769) PSYoungGen: 171264K(172032K)->1888K(172032K) Eden: 169472K(169472K)->0K(169472K) From: 1792K(2560K)->1888K(2560K)
[50.927s][info][gc,heap        ] GC(769) ParOldGen: 45061K(349696K)->45269K(349696K)
[50.927s][info][gc,metaspace   ] GC(769) Metaspace: 72906K(73472K)->72906K(73472K) NonClass: 58108K(58368K)->58108K(58368K) Class: 14798K(15104K)->14798K(15104K)
[50.927s][info][gc             ] GC(769) Pause Young (Allocation Failure) 211M->46M(509M) 1.122ms
[50.927s][info][gc,cpu         ] GC(769) User=0.00s Sys=0.00s Real=0.00s
[50.968s][info][gc,start       ] GC(770) Pause Young (Allocation Failure)
[50.969s][info][gc,heap        ] GC(770) PSYoungGen: 171359K(172032K)->1824K(172032K) Eden: 169471K(169472K)->0K(169472K) From: 1888K(2560K)->1824K(2560K)
[50.969s][info][gc,heap        ] GC(770) ParOldGen: 45269K(349696K)->45477K(349696K)
[50.969s][info][gc,metaspace   ] GC(770) Metaspace: 72906K(73472K)->72906K(73472K) NonClass: 58108K(58368K)->58108K(58368K) Class: 14798K(15104K)->14798K(15104K)
[50.969s][info][gc             ] GC(770) Pause Young (Allocation Failure) 211M->46M(509M) 1.095ms
[50.969s][info][gc,cpu         ] GC(770) User=0.00s Sys=0.00s Real=0.00s
[51.011s][info][gc,start       ] GC(771) Pause Young (Allocation Failure)
[51.012s][info][gc,heap        ] GC(771) PSYoungGen: 171296K(172032K)->1824K(172032K) Eden: 169472K(169472K)->0K(169472K) From: 1824K(2560K)->1824K(2560K)
[51.012s][info][gc,heap        ] GC(771) ParOldGen: 45477K(349696K)->45677K(349696K)
[51.012s][info][gc,metaspace   ] GC(771) Metaspace: 72906K(73472K)->72906K(73472K) NonClass: 58108K(58368K)->58108K(58368K) Class: 14798K(15104K)->14798K(15104K)
[51.012s][info][gc             ] GC(771) Pause Young (Allocation Failure) 211M->46M(509M) 1.087ms
[51.012s][info][gc,cpu         ] GC(771) User=0.00s Sys=0.00s Real=0.00s
[51.054s][info][gc,start       ] GC(772) Pause Young (Allocation Failure)
[51.055s][info][gc,heap        ] GC(772) PSYoungGen: 171296K(172032K)->1920K(172032K) Eden: 169472K(169472K)->0K(169472K) From: 1824K(2560K)->1920K(2560K)
[51.055s][info][gc,heap        ] GC(772) ParOldGen: 45677K(349696K)->45869K(349696K)
[51.055s][info][gc,metaspace   ] GC(772) Metaspace: 72906K(73472K)->72906K(73472K) NonClass: 58108K(58368K)->58108K(58368K) Class: 14798K(15104K)->14798K(15104K)
[51.055s][info][gc             ] GC(772) Pause Young (Allocation Failure) 211M->46M(509M) 1.173ms
[51.055s][info][gc,cpu         ] GC(772) User=0.00s Sys=0.00s Real=0.00s
[51.097s][info][gc,start       ] GC(773) Pause Young (Allocation Failure)
[51.098s][info][gc,heap        ] GC(773) PSYoungGen: 171392K(172032K)->1920K(172032K) Eden: 169472K(169472K)->0K(169472K) From: 1920K(2560K)->1920K(2560K)
[51.098s][info][gc,heap        ] GC(773) ParOldGen: 45869K(349696K)->46005K(349696K)
[51.098s][info][gc,metaspace   ] GC(773) Metaspace: 72906K(73472K)->72906K(73472K) NonClass: 58108K(58368K)->58108K(58368K) Class: 14798K(15104K)->14798K(15104K)
[51.098s][info][gc             ] GC(773) Pause Young (Allocation Failure) 212M->46M(509M) 1.095ms
[51.098s][info][gc,cpu         ] GC(773) User=0.00s Sys=0.00s Real=0.00s
[51.139s][info][gc,start       ] GC(774) Pause Young (Allocation Failure)
[51.155s][info][gc,heap        ] GC(774) PSYoungGen: 171392K(172032K)->1792K(172032K) Eden: 169472K(169472K)->0K(169472K) From: 1920K(2560K)->1792K(2560K)
[51.155s][info][gc,heap        ] GC(774) ParOldGen: 46005K(349696K)->46269K(349696K)
[51.155s][info][gc,metaspace   ] GC(774) Metaspace: 72906K(73472K)->72906K(73472K) NonClass: 58108K(58368K)->58108K(58368K) Class: 14798K(15104K)->14798K(15104K)
[51.155s][info][gc             ] GC(774) Pause Young (Allocation Failure) 212M->46M(509M) 15.732ms
[51.155s][info][gc,cpu         ] GC(774) User=0.02s Sys=0.00s Real=0.01s
[51.200s][info][gc,start       ] GC(775) Pause Young (Allocation Failure)
[51.201s][info][gc,heap        ] GC(775) PSYoungGen: 171264K(172032K)->1824K(172032K) Eden: 169472K(169472K)->0K(169472K) From: 1792K(2560K)->1824K(2560K)
[51.201s][info][gc,heap        ] GC(775) ParOldGen: 46269K(349696K)->46453K(349696K)
[51.201s][info][gc,metaspace   ] GC(775) Metaspace: 72906K(73472K)->72906K(73472K) NonClass: 58108K(58368K)->58108K(58368K) Class: 14798K(15104K)->14798K(15104K)
[51.201s][info][gc             ] GC(775) Pause Young (Allocation Failure) 212M->47M(509M) 1.056ms
[51.201s][info][gc,cpu         ] GC(775) User=0.00s Sys=0.00s Real=0.00s
[51.243s][info][gc,start       ] GC(776) Pause Young (Allocation Failure)
[51.244s][info][gc,heap        ] GC(776) PSYoungGen: 171296K(172032K)->1792K(171520K) Eden: 169472K(169472K)->0K(169472K) From: 1824K(2560K)->1792K(2048K)
[51.244s][info][gc,heap        ] GC(776) ParOldGen: 46453K(349696K)->46605K(349696K)
[51.244s][info][gc,metaspace   ] GC(776) Metaspace: 72908K(73472K)->72908K(73472K) NonClass: 58110K(58368K)->58110K(58368K) Class: 14798K(15104K)->14798K(15104K)
[51.244s][info][gc             ] GC(776) Pause Young (Allocation Failure) 212M->47M(509M) 1.118ms
[51.244s][info][gc,cpu         ] GC(776) User=0.00s Sys=0.00s Real=0.00s
[51.286s][info][gc,start       ] GC(777) Pause Young (Allocation Failure)
[51.287s][info][gc,heap        ] GC(777) PSYoungGen: 171264K(171520K)->1920K(171008K) Eden: 169472K(169472K)->0K(168960K) From: 1792K(2048K)->1920K(2048K)
[51.287s][info][gc,heap        ] GC(777) ParOldGen: 46605K(349696K)->46837K(349696K)
[51.287s][info][gc,metaspace   ] GC(777) Metaspace: 72908K(73472K)->72908K(73472K) NonClass: 58110K(58368K)->58110K(58368K) Class: 14798K(15104K)->14798K(15104K)
[51.287s][info][gc             ] GC(777) Pause Young (Allocation Failure) 212M->47M(508M) 1.172ms
[51.287s][info][gc,cpu         ] GC(777) User=0.00s Sys=0.00s Real=0.00s
[51.329s][info][gc,start       ] GC(778) Pause Young (Allocation Failure)
[51.330s][info][gc,heap        ] GC(778) PSYoungGen: 170880K(171008K)->1856K(171520K) Eden: 168960K(168960K)->0K(168960K) From: 1920K(2048K)->1856K(2560K)
[51.330s][info][gc,heap        ] GC(778) ParOldGen: 46837K(349696K)->47061K(349696K)
[51.330s][info][gc,metaspace   ] GC(778) Metaspace: 72908K(73472K)->72908K(73472K) NonClass: 58110K(58368K)->58110K(58368K) Class: 14798K(15104K)->14798K(15104K)
[51.330s][info][gc             ] GC(778) Pause Young (Allocation Failure) 212M->47M(509M) 1.117ms
[51.330s][info][gc,cpu         ] GC(778) User=0.52s Sys=0.00s Real=0.00s
[51.371s][info][gc,start       ] GC(779) Pause Young (Allocation Failure)
[51.372s][info][gc,heap        ] GC(779) PSYoungGen: 170816K(171520K)->1824K(172032K) Eden: 168960K(168960K)->0K(169984K) From: 1856K(2560K)->1824K(2048K)
[51.372s][info][gc,heap        ] GC(779) ParOldGen: 47061K(349696K)->47253K(349696K)
[51.372s][info][gc,metaspace   ] GC(779) Metaspace: 72908K(73472K)->72908K(73472K) NonClass: 58110K(58368K)->58110K(58368K) Class: 14798K(15104K)->14798K(15104K)
[51.372s][info][gc             ] GC(779) Pause Young (Allocation Failure) 212M->47M(509M) 1.052ms
[51.372s][info][gc,cpu         ] GC(779) User=0.00s Sys=0.00s Real=0.00s
[51.414s][info][gc,start       ] GC(780) Pause Young (Allocation Failure)
[51.415s][info][gc,heap        ] GC(780) PSYoungGen: 171808K(172032K)->1888K(172032K) Eden: 169984K(169984K)->0K(169984K) From: 1824K(2048K)->1888K(2048K)
[51.415s][info][gc,heap        ] GC(780) ParOldGen: 47253K(349696K)->47461K(349696K)
[51.415s][info][gc,metaspace   ] GC(780) Metaspace: 72908K(73472K)->72908K(73472K) NonClass: 58110K(58368K)->58110K(58368K) Class: 14798K(15104K)->14798K(15104K)
[51.415s][info][gc             ] GC(780) Pause Young (Allocation Failure) 213M->48M(509M) 1.139ms
[51.415s][info][gc,cpu         ] GC(780) User=0.00s Sys=0.00s Real=0.00s
[51.457s][info][gc,start       ] GC(781) Pause Young (Allocation Failure)
[51.458s][info][gc,heap        ] GC(781) PSYoungGen: 171872K(172032K)->1824K(172544K) Eden: 169984K(169984K)->0K(170496K) From: 1888K(2048K)->1824K(2048K)
[51.458s][info][gc,heap        ] GC(781) ParOldGen: 47461K(349696K)->47669K(349696K)
[51.458s][info][gc,metaspace   ] GC(781) Metaspace: 72908K(73472K)->72908K(73472K) NonClass: 58110K(58368K)->58110K(58368K) Class: 14798K(15104K)->14798K(15104K)
[51.458s][info][gc             ] GC(781) Pause Young (Allocation Failure) 214M->48M(510M) 1.123ms
[51.458s][info][gc,cpu         ] GC(781) User=0.00s Sys=0.00s Real=0.00s
[51.500s][info][gc,start       ] GC(782) Pause Young (Allocation Failure)
[51.501s][info][gc,heap        ] GC(782) PSYoungGen: 172320K(172544K)->1760K(172544K) Eden: 170496K(170496K)->0K(170496K) From: 1824K(2048K)->1760K(2048K)
[51.501s][info][gc,heap        ] GC(782) ParOldGen: 47669K(349696K)->47837K(349696K)
[51.501s][info][gc,metaspace   ] GC(782) Metaspace: 72908K(73472K)->72908K(73472K) NonClass: 58110K(58368K)->58110K(58368K) Class: 14798K(15104K)->14798K(15104K)
[51.501s][info][gc             ] GC(782) Pause Young (Allocation Failure) 214M->48M(510M) 1.088ms
[51.501s][info][gc,cpu         ] GC(782) User=0.00s Sys=0.00s Real=0.00s
[51.543s][info][gc,start       ] GC(783) Pause Young (Allocation Failure)
[51.544s][info][gc,heap        ] GC(783) PSYoungGen: 172256K(172544K)->1728K(172544K) Eden: 170496K(170496K)->0K(170496K) From: 1760K(2048K)->1728K(2048K)
[51.544s][info][gc,heap        ] GC(783) ParOldGen: 47837K(349696K)->48069K(349696K)
[51.544s][info][gc,metaspace   ] GC(783) Metaspace: 72908K(73472K)->72908K(73472K) NonClass: 58110K(58368K)->58110K(58368K) Class: 14798K(15104K)->14798K(15104K)
[51.544s][info][gc             ] GC(783) Pause Young (Allocation Failure) 214M->48M(510M) 1.136ms
[51.544s][info][gc,cpu         ] GC(783) User=0.00s Sys=0.00s Real=0.00s
[51.586s][info][gc,start       ] GC(784) Pause Young (Allocation Failure)
[51.587s][info][gc,heap        ] GC(784) PSYoungGen: 172224K(172544K)->1760K(172544K) Eden: 170496K(170496K)->0K(170496K) From: 1728K(2048K)->1760K(2048K)
[51.587s][info][gc,heap        ] GC(784) ParOldGen: 48069K(349696K)->48309K(349696K)
[51.587s][info][gc,metaspace   ] GC(784) Metaspace: 72908K(73472K)->72908K(73472K) NonClass: 58110K(58368K)->58110K(58368K) Class: 14798K(15104K)->14798K(15104K)
[51.587s][info][gc             ] GC(784) Pause Young (Allocation Failure) 215M->48M(510M) 1.105ms
[51.587s][info][gc,cpu         ] GC(784) User=0.00s Sys=0.00s Real=0.00s
[51.629s][info][gc,start       ] GC(785) Pause Young (Allocation Failure)
[51.630s][info][gc,heap        ] GC(785) PSYoungGen: 172256K(172544K)->1792K(172544K) Eden: 170496K(170496K)->0K(170496K) From: 1760K(2048K)->1792K(2048K)
[51.630s][info][gc,heap        ] GC(785) ParOldGen: 48309K(349696K)->48525K(349696K)
[51.630s][info][gc,metaspace   ] GC(785) Metaspace: 72908K(73472K)->72908K(73472K) NonClass: 58110K(58368K)->58110K(58368K) Class: 14798K(15104K)->14798K(15104K)
[51.630s][info][gc             ] GC(785) Pause Young (Allocation Failure) 215M->49M(510M) 1.113ms
[51.630s][info][gc,cpu         ] GC(785) User=0.00s Sys=0.00s Real=0.00s
[51.672s][info][gc,start       ] GC(786) Pause Young (Allocation Failure)
[51.673s][info][gc,heap        ] GC(786) PSYoungGen: 172287K(172544K)->1888K(172544K) Eden: 170495K(170496K)->0K(170496K) From: 1792K(2048K)->1888K(2048K)
[51.673s][info][gc,heap        ] GC(786) ParOldGen: 48525K(349696K)->48725K(349696K)
[51.673s][info][gc,metaspace   ] GC(786) Metaspace: 72908K(73472K)->72908K(73472K) NonClass: 58110K(58368K)->58110K(58368K) Class: 14798K(15104K)->14798K(15104K)
[51.673s][info][gc             ] GC(786) Pause Young (Allocation Failure) 215M->49M(510M) 1.147ms
[51.673s][info][gc,cpu         ] GC(786) User=0.39s Sys=0.00s Real=0.00s
[51.715s][info][gc,start       ] GC(787) Pause Young (Allocation Failure)
[51.716s][info][gc,heap        ] GC(787) PSYoungGen: 172384K(172544K)->1824K(172544K) Eden: 170496K(170496K)->0K(170496K) From: 1888K(2048K)->1824K(2048K)
[51.716s][info][gc,heap        ] GC(787) ParOldGen: 48725K(349696K)->48949K(349696K)
[51.716s][info][gc,metaspace   ] GC(787) Metaspace: 72908K(73472K)->72908K(73472K) NonClass: 58110K(58368K)->58110K(58368K) Class: 14798K(15104K)->14798K(15104K)
[51.716s][info][gc             ] GC(787) Pause Young (Allocation Failure) 215M->49M(510M) 1.108ms
[51.716s][info][gc,cpu         ] GC(787) User=0.00s Sys=0.00s Real=0.00s
[51.758s][info][gc,start       ] GC(788) Pause Young (Allocation Failure)
[51.759s][info][gc,heap        ] GC(788) PSYoungGen: 172320K(172544K)->1760K(172544K) Eden: 170496K(170496K)->0K(170496K) From: 1824K(2048K)->1760K(2048K)
[51.759s][info][gc,heap        ] GC(788) ParOldGen: 48949K(349696K)->49181K(349696K)
[51.759s][info][gc,metaspace   ] GC(788) Metaspace: 72908K(73472K)->72908K(73472K) NonClass: 58110K(58368K)->58110K(58368K) Class: 14798K(15104K)->14798K(15104K)
[51.759s][info][gc             ] GC(788) Pause Young (Allocation Failure) 216M->49M(510M) 1.091ms
[51.759s][info][gc,cpu         ] GC(788) User=0.00s Sys=0.00s Real=0.00s
[51.801s][info][gc,start       ] GC(789) Pause Young (Allocation Failure)
[51.802s][info][gc,heap        ] GC(789) PSYoungGen: 172256K(172544K)->1792K(172544K) Eden: 170496K(170496K)->0K(170496K) From: 1760K(2048K)->1792K(2048K)
[51.802s][info][gc,heap        ] GC(789) ParOldGen: 49181K(349696K)->49373K(349696K)
[51.802s][info][gc,metaspace   ] GC(789) Metaspace: 72908K(73472K)->72908K(73472K) NonClass: 58110K(58368K)->58110K(58368K) Class: 14798K(15104K)->14798K(15104K)
[51.802s][info][gc             ] GC(789) Pause Young (Allocation Failure) 216M->49M(510M) 1.098ms
[51.802s][info][gc,cpu         ] GC(789) User=0.00s Sys=0.00s Real=0.00s
[51.844s][info][gc,start       ] GC(790) Pause Young (Allocation Failure)
[51.845s][info][gc,heap        ] GC(790) PSYoungGen: 172288K(172544K)->1792K(172544K) Eden: 170496K(170496K)->0K(170496K) From: 1792K(2048K)->1792K(2048K)
[51.845s][info][gc,heap        ] GC(790) ParOldGen: 49373K(349696K)->49581K(349696K)
[51.845s][info][gc,metaspace   ] GC(790) Metaspace: 72908K(73472K)->72908K(73472K) NonClass: 58110K(58368K)->58110K(58368K) Class: 14798K(15104K)->14798K(15104K)
[51.845s][info][gc             ] GC(790) Pause Young (Allocation Failure) 216M->50M(510M) 1.094ms
[51.845s][info][gc,cpu         ] GC(790) User=0.00s Sys=0.00s Real=0.00s
[51.887s][info][gc,start       ] GC(791) Pause Young (Allocation Failure)
[51.888s][info][gc,heap        ] GC(791) PSYoungGen: 172288K(172544K)->1824K(172544K) Eden: 170496K(170496K)->0K(170496K) From: 1792K(2048K)->1824K(2048K)
[51.888s][info][gc,heap        ] GC(791) ParOldGen: 49581K(349696K)->49741K(349696K)
[51.888s][info][gc,metaspace   ] GC(791) Metaspace: 72908K(73472K)->72908K(73472K) NonClass: 58110K(58368K)->58110K(58368K) Class: 14798K(15104K)->14798K(15104K)
[51.888s][info][gc             ] GC(791) Pause Young (Allocation Failure) 216M->50M(510M) 1.186ms
[51.888s][info][gc,cpu         ] GC(791) User=0.00s Sys=0.00s Real=0.00s
[51.930s][info][gc,start       ] GC(792) Pause Young (Allocation Failure)
[51.931s][info][gc,heap        ] GC(792) PSYoungGen: 172320K(172544K)->1760K(172544K) Eden: 170496K(170496K)->0K(170496K) From: 1824K(2048K)->1760K(2048K)
[51.931s][info][gc,heap        ] GC(792) ParOldGen: 49741K(349696K)->49933K(349696K)
[51.931s][info][gc,metaspace   ] GC(792) Metaspace: 72908K(73472K)->72908K(73472K) NonClass: 58110K(58368K)->58110K(58368K) Class: 14798K(15104K)->14798K(15104K)
[51.931s][info][gc             ] GC(792) Pause Young (Allocation Failure) 216M->50M(510M) 1.112ms
[51.931s][info][gc,cpu         ] GC(792) User=0.00s Sys=0.00s Real=0.00s
[51.973s][info][gc,start       ] GC(793) Pause Young (Allocation Failure)
[51.974s][info][gc,heap        ] GC(793) PSYoungGen: 172256K(172544K)->1696K(172544K) Eden: 170496K(170496K)->0K(170496K) From: 1760K(2048K)->1696K(2048K)
[51.974s][info][gc,heap        ] GC(793) ParOldGen: 49933K(349696K)->50125K(349696K)
[51.974s][info][gc,metaspace   ] GC(793) Metaspace: 72908K(73472K)->72908K(73472K) NonClass: 58110K(58368K)->58110K(58368K) Class: 14798K(15104K)->14798K(15104K)
[51.974s][info][gc             ] GC(793) Pause Young (Allocation Failure) 216M->50M(510M) 1.082ms
[51.974s][info][gc,cpu         ] GC(793) User=0.00s Sys=0.00s Real=0.00s
[52.015s][info][gc,start       ] GC(794) Pause Young (Allocation Failure)
[52.016s][info][gc,heap        ] GC(794) PSYoungGen: 172192K(172544K)->1856K(172544K) Eden: 170496K(170496K)->0K(170496K) From: 1696K(2048K)->1856K(2048K)
[52.016s][info][gc,heap        ] GC(794) ParOldGen: 50125K(349696K)->50341K(349696K)
[52.016s][info][gc,metaspace   ] GC(794) Metaspace: 72908K(73472K)->72908K(73472K) NonClass: 58110K(58368K)->58110K(58368K) Class: 14798K(15104K)->14798K(15104K)
[52.016s][info][gc             ] GC(794) Pause Young (Allocation Failure) 217M->50M(510M) 1.086ms
[52.017s][info][gc,cpu         ] GC(794) User=0.52s Sys=0.00s Real=0.00s
[52.058s][info][gc,start       ] GC(795) Pause Young (Allocation Failure)
[52.059s][info][gc,heap        ] GC(795) PSYoungGen: 172352K(172544K)->1792K(172544K) Eden: 170496K(170496K)->0K(170496K) From: 1856K(2048K)->1792K(2048K)
[52.059s][info][gc,heap        ] GC(795) ParOldGen: 50341K(349696K)->50525K(349696K)
[52.059s][info][gc,metaspace   ] GC(795) Metaspace: 72908K(73472K)->72908K(73472K) NonClass: 58110K(58368K)->58110K(58368K) Class: 14798K(15104K)->14798K(15104K)
[52.060s][info][gc             ] GC(795) Pause Young (Allocation Failure) 217M->51M(510M) 1.128ms
[52.060s][info][gc,cpu         ] GC(795) User=0.00s Sys=0.00s Real=0.00s
[52.101s][info][gc,start       ] GC(796) Pause Young (Allocation Failure)
[52.103s][info][gc,heap        ] GC(796) PSYoungGen: 172288K(172544K)->1952K(172544K) Eden: 170496K(170496K)->0K(170496K) From: 1792K(2048K)->1952K(2048K)
[52.103s][info][gc,heap        ] GC(796) ParOldGen: 50525K(349696K)->50717K(349696K)
[52.103s][info][gc,metaspace   ] GC(796) Metaspace: 72908K(73472K)->72908K(73472K) NonClass: 58110K(58368K)->58110K(58368K) Class: 14798K(15104K)->14798K(15104K)
[52.103s][info][gc             ] GC(796) Pause Young (Allocation Failure) 217M->51M(510M) 1.093ms
[52.103s][info][gc,cpu         ] GC(796) User=0.00s Sys=0.00s Real=0.00s
[52.144s][info][gc,start       ] GC(797) Pause Young (Allocation Failure)
[52.145s][info][gc,heap        ] GC(797) PSYoungGen: 172448K(172544K)->1856K(172544K) Eden: 170496K(170496K)->0K(170496K) From: 1952K(2048K)->1856K(2048K)
[52.145s][info][gc,heap        ] GC(797) ParOldGen: 50717K(349696K)->50981K(349696K)
[52.145s][info][gc,metaspace   ] GC(797) Metaspace: 72908K(73472K)->72908K(73472K) NonClass: 58110K(58368K)->58110K(58368K) Class: 14798K(15104K)->14798K(15104K)
[52.145s][info][gc             ] GC(797) Pause Young (Allocation Failure) 217M->51M(510M) 1.171ms
[52.145s][info][gc,cpu         ] GC(797) User=0.00s Sys=0.00s Real=0.00s
[52.187s][info][gc,start       ] GC(798) Pause Young (Allocation Failure)
[52.188s][info][gc,heap        ] GC(798) PSYoungGen: 172352K(172544K)->1856K(172544K) Eden: 170496K(170496K)->0K(170496K) From: 1856K(2048K)->1856K(2048K)
[52.188s][info][gc,heap        ] GC(798) ParOldGen: 50981K(349696K)->51189K(349696K)
[52.188s][info][gc,metaspace   ] GC(798) Metaspace: 72908K(73472K)->72908K(73472K) NonClass: 58110K(58368K)->58110K(58368K) Class: 14798K(15104K)->14798K(15104K)
[52.188s][info][gc             ] GC(798) Pause Young (Allocation Failure) 218M->51M(510M) 1.083ms
[52.188s][info][gc,cpu         ] GC(798) User=0.00s Sys=0.00s Real=0.00s
[52.230s][info][gc,start       ] GC(799) Pause Young (Allocation Failure)
[52.231s][info][gc,heap        ] GC(799) PSYoungGen: 172352K(172544K)->1760K(172544K) Eden: 170496K(170496K)->0K(170496K) From: 1856K(2048K)->1760K(2048K)
[52.231s][info][gc,heap        ] GC(799) ParOldGen: 51189K(349696K)->51349K(349696K)
[52.231s][info][gc,metaspace   ] GC(799) Metaspace: 72908K(73472K)->72908K(73472K) NonClass: 58110K(58368K)->58110K(58368K) Class: 14798K(15104K)->14798K(15104K)
[52.231s][info][gc             ] GC(799) Pause Young (Allocation Failure) 218M->51M(510M) 1.099ms
[52.231s][info][gc,cpu         ] GC(799) User=0.00s Sys=0.00s Real=0.00s
[52.273s][info][gc,start       ] GC(800) Pause Young (Allocation Failure)
[52.274s][info][gc,heap        ] GC(800) PSYoungGen: 172255K(172544K)->1824K(172544K) Eden: 170495K(170496K)->0K(170496K) From: 1760K(2048K)->1824K(2048K)
[52.274s][info][gc,heap        ] GC(800) ParOldGen: 51349K(349696K)->51525K(349696K)
[52.274s][info][gc,metaspace   ] GC(800) Metaspace: 72908K(73472K)->72908K(73472K) NonClass: 58110K(58368K)->58110K(58368K) Class: 14798K(15104K)->14798K(15104K)
[52.274s][info][gc             ] GC(800) Pause Young (Allocation Failure) 218M->52M(510M) 1.107ms
[52.274s][info][gc,cpu         ] GC(800) User=0.00s Sys=0.00s Real=0.00s
[52.316s][info][gc,start       ] GC(801) Pause Young (Allocation Failure)
[52.317s][info][gc,heap        ] GC(801) PSYoungGen: 172320K(172544K)->1824K(172544K) Eden: 170496K(170496K)->0K(170496K) From: 1824K(2048K)->1824K(2048K)
[52.317s][info][gc,heap        ] GC(801) ParOldGen: 51525K(349696K)->51685K(349696K)
[52.317s][info][gc,metaspace   ] GC(801) Metaspace: 72908K(73472K)->72908K(73472K) NonClass: 58110K(58368K)->58110K(58368K) Class: 14798K(15104K)->14798K(15104K)
[52.317s][info][gc             ] GC(801) Pause Young (Allocation Failure) 218M->52M(510M) 1.063ms
[52.317s][info][gc,cpu         ] GC(801) User=0.00s Sys=0.00s Real=0.00s
[52.360s][info][gc,start       ] GC(802) Pause Young (Allocation Failure)
[52.361s][info][gc,heap        ] GC(802) PSYoungGen: 172320K(172544K)->1760K(172544K) Eden: 170496K(170496K)->0K(170496K) From: 1824K(2048K)->1760K(2048K)
[52.361s][info][gc,heap        ] GC(802) ParOldGen: 51685K(349696K)->51917K(349696K)
[52.361s][info][gc,metaspace   ] GC(802) Metaspace: 72908K(73472K)->72908K(73472K) NonClass: 58110K(58368K)->58110K(58368K) Class: 14798K(15104K)->14798K(15104K)
[52.361s][info][gc             ] GC(802) Pause Young (Allocation Failure) 218M->52M(510M) 1.092ms
[52.361s][info][gc,cpu         ] GC(802) User=0.00s Sys=0.00s Real=0.00s
[52.404s][info][gc,start       ] GC(803) Pause Young (Allocation Failure)
[52.405s][info][gc,heap        ] GC(803) PSYoungGen: 172256K(172544K)->1888K(172544K) Eden: 170496K(170496K)->0K(170496K) From: 1760K(2048K)->1888K(2048K)
[52.405s][info][gc,heap        ] GC(803) ParOldGen: 51917K(349696K)->52141K(349696K)
[52.405s][info][gc,metaspace   ] GC(803) Metaspace: 72908K(73472K)->72908K(73472K) NonClass: 58110K(58368K)->58110K(58368K) Class: 14798K(15104K)->14798K(15104K)
[52.405s][info][gc             ] GC(803) Pause Young (Allocation Failure) 218M->52M(510M) 1.150ms
[52.405s][info][gc,cpu         ] GC(803) User=0.00s Sys=0.00s Real=0.00s
[52.448s][info][gc,start       ] GC(804) Pause Young (Allocation Failure)
[52.449s][info][gc,heap        ] GC(804) PSYoungGen: 172384K(172544K)->1792K(172544K) Eden: 170496K(170496K)->0K(170496K) From: 1888K(2048K)->1792K(2048K)
[52.449s][info][gc,heap        ] GC(804) ParOldGen: 52141K(349696K)->52317K(349696K)
[52.449s][info][gc,metaspace   ] GC(804) Metaspace: 72908K(73472K)->72908K(73472K) NonClass: 58110K(58368K)->58110K(58368K) Class: 14798K(15104K)->14798K(15104K)
[52.449s][info][gc             ] GC(804) Pause Young (Allocation Failure) 219M->52M(510M) 1.120ms
[52.449s][info][gc,cpu         ] GC(804) User=0.00s Sys=0.00s Real=0.00s
[52.491s][info][gc,start       ] GC(805) Pause Young (Allocation Failure)
[52.492s][info][gc,heap        ] GC(805) PSYoungGen: 172288K(172544K)->1792K(172544K) Eden: 170496K(170496K)->0K(170496K) From: 1792K(2048K)->1792K(2048K)
[52.492s][info][gc,heap        ] GC(805) ParOldGen: 52317K(349696K)->52501K(349696K)
[52.492s][info][gc,metaspace   ] GC(805) Metaspace: 72908K(73472K)->72908K(73472K) NonClass: 58110K(58368K)->58110K(58368K) Class: 14798K(15104K)->14798K(15104K)
[52.492s][info][gc             ] GC(805) Pause Young (Allocation Failure) 219M->53M(510M) 1.062ms
[52.492s][info][gc,cpu         ] GC(805) User=0.00s Sys=0.00s Real=0.00s
[52.534s][info][gc,start       ] GC(806) Pause Young (Allocation Failure)
[52.535s][info][gc,heap        ] GC(806) PSYoungGen: 172288K(172544K)->1760K(172544K) Eden: 170496K(170496K)->0K(170496K) From: 1792K(2048K)->1760K(2048K)
[52.535s][info][gc,heap        ] GC(806) ParOldGen: 52501K(349696K)->52725K(349696K)
[52.535s][info][gc,metaspace   ] GC(806) Metaspace: 72908K(73472K)->72908K(73472K) NonClass: 58110K(58368K)->58110K(58368K) Class: 14798K(15104K)->14798K(15104K)
[52.535s][info][gc             ] GC(806) Pause Young (Allocation Failure) 219M->53M(510M) 1.051ms
[52.535s][info][gc,cpu         ] GC(806) User=0.00s Sys=0.00s Real=0.00s
[52.578s][info][gc,start       ] GC(807) Pause Young (Allocation Failure)
[52.579s][info][gc,heap        ] GC(807) PSYoungGen: 172256K(172544K)->1824K(172544K) Eden: 170496K(170496K)->0K(170496K) From: 1760K(2048K)->1824K(2048K)
[52.579s][info][gc,heap        ] GC(807) ParOldGen: 52725K(349696K)->52957K(349696K)
[52.579s][info][gc,metaspace   ] GC(807) Metaspace: 72908K(73472K)->72908K(73472K) NonClass: 58110K(58368K)->58110K(58368K) Class: 14798K(15104K)->14798K(15104K)
[52.579s][info][gc             ] GC(807) Pause Young (Allocation Failure) 219M->53M(510M) 1.048ms
[52.579s][info][gc,cpu         ] GC(807) User=0.00s Sys=0.00s Real=0.00s
[52.620s][info][gc,start       ] GC(808) Pause Young (Allocation Failure)
[52.621s][info][gc,heap        ] GC(808) PSYoungGen: 172320K(172544K)->1856K(172544K) Eden: 170496K(170496K)->0K(170496K) From: 1824K(2048K)->1856K(2048K)
[52.621s][info][gc,heap        ] GC(808) ParOldGen: 52957K(349696K)->53173K(349696K)
[52.621s][info][gc,metaspace   ] GC(808) Metaspace: 72908K(73472K)->72908K(73472K) NonClass: 58110K(58368K)->58110K(58368K) Class: 14798K(15104K)->14798K(15104K)
[52.621s][info][gc             ] GC(808) Pause Young (Allocation Failure) 219M->53M(510M) 1.076ms
[52.621s][info][gc,cpu         ] GC(808) User=0.00s Sys=0.00s Real=0.00s
[52.663s][info][gc,start       ] GC(809) Pause Young (Allocation Failure)
[52.664s][info][gc,heap        ] GC(809) PSYoungGen: 172352K(172544K)->1824K(172544K) Eden: 170496K(170496K)->0K(170496K) From: 1856K(2048K)->1824K(2048K)
[52.664s][info][gc,heap        ] GC(809) ParOldGen: 53173K(349696K)->53373K(349696K)
[52.664s][info][gc,metaspace   ] GC(809) Metaspace: 72908K(73472K)->72908K(73472K) NonClass: 58110K(58368K)->58110K(58368K) Class: 14798K(15104K)->14798K(15104K)
[52.664s][info][gc             ] GC(809) Pause Young (Allocation Failure) 220M->53M(510M) 1.101ms
[52.664s][info][gc,cpu         ] GC(809) User=0.00s Sys=0.00s Real=0.00s
[52.706s][info][gc,start       ] GC(810) Pause Young (Allocation Failure)
[52.707s][info][gc,heap        ] GC(810) PSYoungGen: 172320K(172544K)->1824K(172544K) Eden: 170496K(170496K)->0K(170496K) From: 1824K(2048K)->1824K(2048K)
[52.707s][info][gc,heap        ] GC(810) ParOldGen: 53373K(349696K)->53541K(349696K)
[52.707s][info][gc,metaspace   ] GC(810) Metaspace: 72908K(73472K)->72908K(73472K) NonClass: 58110K(58368K)->58110K(58368K) Class: 14798K(15104K)->14798K(15104K)
[52.707s][info][gc             ] GC(810) Pause Young (Allocation Failure) 220M->54M(510M) 1.095ms
[52.707s][info][gc,cpu         ] GC(810) User=0.00s Sys=0.00s Real=0.00s
[52.749s][info][gc,start       ] GC(811) Pause Young (Allocation Failure)
[52.750s][info][gc,heap        ] GC(811) PSYoungGen: 172320K(172544K)->1856K(172544K) Eden: 170496K(170496K)->0K(170496K) From: 1824K(2048K)->1856K(2048K)
[52.750s][info][gc,heap        ] GC(811) ParOldGen: 53541K(349696K)->53693K(349696K)
[52.750s][info][gc,metaspace   ] GC(811) Metaspace: 72908K(73472K)->72908K(73472K) NonClass: 58110K(58368K)->58110K(58368K) Class: 14798K(15104K)->14798K(15104K)
[52.750s][info][gc             ] GC(811) Pause Young (Allocation Failure) 220M->54M(510M) 1.105ms
[52.750s][info][gc,cpu         ] GC(811) User=0.00s Sys=0.00s Real=0.00s
[52.792s][info][gc,start       ] GC(812) Pause Young (Allocation Failure)
[52.793s][info][gc,heap        ] GC(812) PSYoungGen: 172352K(172544K)->1792K(172544K) Eden: 170496K(170496K)->0K(170496K) From: 1856K(2048K)->1792K(2048K)
[52.793s][info][gc,heap        ] GC(812) ParOldGen: 53693K(349696K)->53901K(349696K)
[52.793s][info][gc,metaspace   ] GC(812) Metaspace: 72908K(73472K)->72908K(73472K) NonClass: 58110K(58368K)->58110K(58368K) Class: 14798K(15104K)->14798K(15104K)
[52.793s][info][gc             ] GC(812) Pause Young (Allocation Failure) 220M->54M(510M) 1.112ms
[52.793s][info][gc,cpu         ] GC(812) User=0.00s Sys=0.00s Real=0.00s
[52.835s][info][gc,start       ] GC(813) Pause Young (Allocation Failure)
[52.836s][info][gc,heap        ] GC(813) PSYoungGen: 172288K(172544K)->1728K(172544K) Eden: 170496K(170496K)->0K(170496K) From: 1792K(2048K)->1728K(2048K)
[52.836s][info][gc,heap        ] GC(813) ParOldGen: 53901K(349696K)->54109K(349696K)
[52.836s][info][gc,metaspace   ] GC(813) Metaspace: 72908K(73472K)->72908K(73472K) NonClass: 58110K(58368K)->58110K(58368K) Class: 14798K(15104K)->14798K(15104K)
[52.836s][info][gc             ] GC(813) Pause Young (Allocation Failure) 220M->54M(510M) 1.088ms
[52.836s][info][gc,cpu         ] GC(813) User=0.00s Sys=0.00s Real=0.00s
[52.878s][info][gc,start       ] GC(814) Pause Young (Allocation Failure)
[52.879s][info][gc,heap        ] GC(814) PSYoungGen: 172224K(172544K)->1856K(172544K) Eden: 170496K(170496K)->0K(170496K) From: 1728K(2048K)->1856K(2048K)
[52.879s][info][gc,heap        ] GC(814) ParOldGen: 54109K(349696K)->54301K(349696K)
[52.879s][info][gc,metaspace   ] GC(814) Metaspace: 72908K(73472K)->72908K(73472K) NonClass: 58110K(58368K)->58110K(58368K) Class: 14798K(15104K)->14798K(15104K)
[52.879s][info][gc             ] GC(814) Pause Young (Allocation Failure) 221M->54M(510M) 1.088ms
[52.879s][info][gc,cpu         ] GC(814) User=0.00s Sys=0.00s Real=0.00s
[52.921s][info][gc,start       ] GC(815) Pause Young (Allocation Failure)
[52.922s][info][gc,heap        ] GC(815) PSYoungGen: 172352K(172544K)->1824K(172544K) Eden: 170496K(170496K)->0K(170496K) From: 1856K(2048K)->1824K(2048K)
[52.922s][info][gc,heap        ] GC(815) ParOldGen: 54301K(349696K)->54501K(349696K)
[52.922s][info][gc,metaspace   ] GC(815) Metaspace: 72908K(73472K)->72908K(73472K) NonClass: 58110K(58368K)->58110K(58368K) Class: 14798K(15104K)->14798K(15104K)
[52.922s][info][gc             ] GC(815) Pause Young (Allocation Failure) 221M->55M(510M) 1.091ms
[52.922s][info][gc,cpu         ] GC(815) User=0.00s Sys=0.00s Real=0.00s
[52.964s][info][gc,start       ] GC(816) Pause Young (Allocation Failure)
[52.965s][info][gc,heap        ] GC(816) PSYoungGen: 172320K(172544K)->1824K(172544K) Eden: 170496K(170496K)->0K(170496K) From: 1824K(2048K)->1824K(2048K)
[52.965s][info][gc,heap        ] GC(816) ParOldGen: 54501K(349696K)->54677K(349696K)
[52.965s][info][gc,metaspace   ] GC(816) Metaspace: 72908K(73472K)->72908K(73472K) NonClass: 58110K(58368K)->58110K(58368K) Class: 14798K(15104K)->14798K(15104K)
[52.965s][info][gc             ] GC(816) Pause Young (Allocation Failure) 221M->55M(510M) 1.065ms
[52.965s][info][gc,cpu         ] GC(816) User=0.00s Sys=0.00s Real=0.00s
[53.007s][info][gc,start       ] GC(817) Pause Young (Allocation Failure)
[53.008s][info][gc,heap        ] GC(817) PSYoungGen: 172320K(172544K)->1792K(172544K) Eden: 170496K(170496K)->0K(170496K) From: 1824K(2048K)->1792K(2048K)
[53.008s][info][gc,heap        ] GC(817) ParOldGen: 54677K(349696K)->54885K(349696K)
[53.008s][info][gc,metaspace   ] GC(817) Metaspace: 72908K(73472K)->72908K(73472K) NonClass: 58110K(58368K)->58110K(58368K) Class: 14798K(15104K)->14798K(15104K)
[53.008s][info][gc             ] GC(817) Pause Young (Allocation Failure) 221M->55M(510M) 1.053ms
[53.008s][info][gc,cpu         ] GC(817) User=0.00s Sys=0.00s Real=0.00s
[53.050s][info][gc,start       ] GC(818) Pause Young (Allocation Failure)
[53.051s][info][gc,heap        ] GC(818) PSYoungGen: 172288K(172544K)->1792K(172544K) Eden: 170496K(170496K)->0K(170496K) From: 1792K(2048K)->1792K(2048K)
[53.051s][info][gc,heap        ] GC(818) ParOldGen: 54885K(349696K)->55069K(349696K)
[53.051s][info][gc,metaspace   ] GC(818) Metaspace: 72908K(73472K)->72908K(73472K) NonClass: 58110K(58368K)->58110K(58368K) Class: 14798K(15104K)->14798K(15104K)
[53.051s][info][gc             ] GC(818) Pause Young (Allocation Failure) 221M->55M(510M) 1.060ms
[53.051s][info][gc,cpu         ] GC(818) User=0.00s Sys=0.00s Real=0.00s
[53.093s][info][gc,start       ] GC(819) Pause Young (Allocation Failure)
[53.094s][info][gc,heap        ] GC(819) PSYoungGen: 172288K(172544K)->1856K(172544K) Eden: 170496K(170496K)->0K(170496K) From: 1792K(2048K)->1856K(2048K)
[53.094s][info][gc,heap        ] GC(819) ParOldGen: 55069K(349696K)->55269K(349696K)
[53.094s][info][gc,metaspace   ] GC(819) Metaspace: 72908K(73472K)->72908K(73472K) NonClass: 58110K(58368K)->58110K(58368K) Class: 14798K(15104K)->14798K(15104K)
[53.094s][info][gc             ] GC(819) Pause Young (Allocation Failure) 222M->55M(510M) 1.098ms
[53.094s][info][gc,cpu         ] GC(819) User=0.00s Sys=0.00s Real=0.00s
[53.136s][info][gc,start       ] GC(820) Pause Young (Allocation Failure)
[53.137s][info][gc,heap        ] GC(820) PSYoungGen: 172352K(172544K)->1792K(172544K) Eden: 170496K(170496K)->0K(170496K) From: 1856K(2048K)->1792K(2048K)
[53.137s][info][gc,heap        ] GC(820) ParOldGen: 55269K(349696K)->55525K(349696K)
[53.137s][info][gc,metaspace   ] GC(820) Metaspace: 72908K(73472K)->72908K(73472K) NonClass: 58110K(58368K)->58110K(58368K) Class: 14798K(15104K)->14798K(15104K)
[53.137s][info][gc             ] GC(820) Pause Young (Allocation Failure) 222M->55M(510M) 1.125ms
[53.137s][info][gc,cpu         ] GC(820) User=0.00s Sys=0.00s Real=0.00s
[53.179s][info][gc,start       ] GC(821) Pause Young (Allocation Failure)
[53.180s][info][gc,heap        ] GC(821) PSYoungGen: 172288K(172544K)->1824K(172544K) Eden: 170496K(170496K)->0K(170496K) From: 1792K(2048K)->1824K(2048K)
[53.180s][info][gc,heap        ] GC(821) ParOldGen: 55525K(349696K)->55765K(349696K)
[53.180s][info][gc,metaspace   ] GC(821) Metaspace: 72908K(73472K)->72908K(73472K) NonClass: 58110K(58368K)->58110K(58368K) Class: 14798K(15104K)->14798K(15104K)
[53.180s][info][gc             ] GC(821) Pause Young (Allocation Failure) 222M->56M(510M) 1.076ms
[53.180s][info][gc,cpu         ] GC(821) User=0.00s Sys=0.00s Real=0.00s
[53.222s][info][gc,start       ] GC(822) Pause Young (Allocation Failure)
[53.223s][info][gc,heap        ] GC(822) PSYoungGen: 172320K(172544K)->1760K(172544K) Eden: 170496K(170496K)->0K(170496K) From: 1824K(2048K)->1760K(2048K)
[53.223s][info][gc,heap        ] GC(822) ParOldGen: 55765K(349696K)->55917K(349696K)
[53.223s][info][gc,metaspace   ] GC(822) Metaspace: 72908K(73472K)->72908K(73472K) NonClass: 58110K(58368K)->58110K(58368K) Class: 14798K(15104K)->14798K(15104K)
[53.223s][info][gc             ] GC(822) Pause Young (Allocation Failure) 222M->56M(510M) 1.073ms
[53.223s][info][gc,cpu         ] GC(822) User=0.00s Sys=0.00s Real=0.00s
[53.265s][info][gc,start       ] GC(823) Pause Young (Allocation Failure)
[53.266s][info][gc,heap        ] GC(823) PSYoungGen: 172256K(172544K)->1824K(172544K) Eden: 170496K(170496K)->0K(170496K) From: 1760K(2048K)->1824K(2048K)
[53.266s][info][gc,heap        ] GC(823) ParOldGen: 55917K(349696K)->56093K(349696K)
[53.266s][info][gc,metaspace   ] GC(823) Metaspace: 72908K(73472K)->72908K(73472K) NonClass: 58110K(58368K)->58110K(58368K) Class: 14798K(15104K)->14798K(15104K)
[53.266s][info][gc             ] GC(823) Pause Young (Allocation Failure) 222M->56M(510M) 1.125ms
[53.266s][info][gc,cpu         ] GC(823) User=0.02s Sys=0.00s Real=0.00s
[53.308s][info][gc,start       ] GC(824) Pause Young (Allocation Failure)
[53.309s][info][gc,heap        ] GC(824) PSYoungGen: 172320K(172544K)->1792K(172544K) Eden: 170496K(170496K)->0K(170496K) From: 1824K(2048K)->1792K(2048K)
[53.309s][info][gc,heap        ] GC(824) ParOldGen: 56093K(349696K)->56285K(349696K)
[53.309s][info][gc,metaspace   ] GC(824) Metaspace: 72908K(73472K)->72908K(73472K) NonClass: 58110K(58368K)->58110K(58368K) Class: 14798K(15104K)->14798K(15104K)
[53.309s][info][gc             ] GC(824) Pause Young (Allocation Failure) 223M->56M(510M) 1.093ms
[53.309s][info][gc,cpu         ] GC(824) User=0.00s Sys=0.00s Real=0.00s
[53.351s][info][gc,start       ] GC(825) Pause Young (Allocation Failure)
[53.352s][info][gc,heap        ] GC(825) PSYoungGen: 172288K(172544K)->1792K(172544K) Eden: 170496K(170496K)->0K(170496K) From: 1792K(2048K)->1792K(2048K)
[53.352s][info][gc,heap        ] GC(825) ParOldGen: 56285K(349696K)->56477K(349696K)
[53.352s][info][gc,metaspace   ] GC(825) Metaspace: 72908K(73472K)->72908K(73472K) NonClass: 58110K(58368K)->58110K(58368K) Class: 14798K(15104K)->14798K(15104K)
[53.352s][info][gc             ] GC(825) Pause Young (Allocation Failure) 223M->56M(510M) 1.101ms
[53.352s][info][gc,cpu         ] GC(825) User=0.00s Sys=0.00s Real=0.00s
[53.394s][info][gc,start       ] GC(826) Pause Young (Allocation Failure)
[53.395s][info][gc,heap        ] GC(826) PSYoungGen: 172288K(172544K)->1824K(172544K) Eden: 170496K(170496K)->0K(170496K) From: 1792K(2048K)->1824K(2048K)
[53.395s][info][gc,heap        ] GC(826) ParOldGen: 56477K(349696K)->56661K(349696K)
[53.395s][info][gc,metaspace   ] GC(826) Metaspace: 72908K(73472K)->72908K(73472K) NonClass: 58110K(58368K)->58110K(58368K) Class: 14798K(15104K)->14798K(15104K)
[53.395s][info][gc             ] GC(826) Pause Young (Allocation Failure) 223M->57M(510M) 1.070ms
[53.395s][info][gc,cpu         ] GC(826) User=0.00s Sys=0.00s Real=0.00s
[53.437s][info][gc,start       ] GC(827) Pause Young (Allocation Failure)
[53.438s][info][gc,heap        ] GC(827) PSYoungGen: 172320K(172544K)->1856K(172544K) Eden: 170496K(170496K)->0K(170496K) From: 1824K(2048K)->1856K(2048K)
[53.438s][info][gc,heap        ] GC(827) ParOldGen: 56661K(349696K)->56861K(349696K)
[53.438s][info][gc,metaspace   ] GC(827) Metaspace: 72908K(73472K)->72908K(73472K) NonClass: 58110K(58368K)->58110K(58368K) Class: 14798K(15104K)->14798K(15104K)
[53.438s][info][gc             ] GC(827) Pause Young (Allocation Failure) 223M->57M(510M) 1.119ms
[53.438s][info][gc,cpu         ] GC(827) User=0.52s Sys=0.00s Real=0.00s
[53.480s][info][gc,start       ] GC(828) Pause Young (Allocation Failure)
[53.481s][info][gc,heap        ] GC(828) PSYoungGen: 172352K(172544K)->1856K(172544K) Eden: 170496K(170496K)->0K(170496K) From: 1856K(2048K)->1856K(2048K)
[53.481s][info][gc,heap        ] GC(828) ParOldGen: 56861K(349696K)->57053K(349696K)
[53.481s][info][gc,metaspace   ] GC(828) Metaspace: 72908K(73472K)->72908K(73472K) NonClass: 58110K(58368K)->58110K(58368K) Class: 14798K(15104K)->14798K(15104K)
[53.481s][info][gc             ] GC(828) Pause Young (Allocation Failure) 223M->57M(510M) 1.142ms
[53.481s][info][gc,cpu         ] GC(828) User=0.00s Sys=0.00s Real=0.00s
[53.523s][info][gc,start       ] GC(829) Pause Young (Allocation Failure)
[53.524s][info][gc,heap        ] GC(829) PSYoungGen: 172352K(172544K)->1760K(172544K) Eden: 170496K(170496K)->0K(170496K) From: 1856K(2048K)->1760K(2048K)
[53.524s][info][gc,heap        ] GC(829) ParOldGen: 57053K(349696K)->57261K(349696K)
[53.524s][info][gc,metaspace   ] GC(829) Metaspace: 72908K(73472K)->72908K(73472K) NonClass: 58110K(58368K)->58110K(58368K) Class: 14798K(15104K)->14798K(15104K)
[53.524s][info][gc             ] GC(829) Pause Young (Allocation Failure) 224M->57M(510M) 1.097ms
[53.524s][info][gc,cpu         ] GC(829) User=0.00s Sys=0.00s Real=0.00s
[53.566s][info][gc,start       ] GC(830) Pause Young (Allocation Failure)
[53.567s][info][gc,heap        ] GC(830) PSYoungGen: 172256K(172544K)->1760K(172544K) Eden: 170496K(170496K)->0K(170496K) From: 1760K(2048K)->1760K(2048K)
[53.567s][info][gc,heap        ] GC(830) ParOldGen: 57261K(349696K)->57485K(349696K)
[53.567s][info][gc,metaspace   ] GC(830) Metaspace: 72908K(73472K)->72908K(73472K) NonClass: 58110K(58368K)->58110K(58368K) Class: 14798K(15104K)->14798K(15104K)
[53.567s][info][gc             ] GC(830) Pause Young (Allocation Failure) 224M->57M(510M) 1.074ms
[53.567s][info][gc,cpu         ] GC(830) User=0.00s Sys=0.00s Real=0.00s
[53.609s][info][gc,start       ] GC(831) Pause Young (Allocation Failure)
[53.610s][info][gc,heap        ] GC(831) PSYoungGen: 172256K(172544K)->1824K(172544K) Eden: 170496K(170496K)->0K(170496K) From: 1760K(2048K)->1824K(2048K)
[53.610s][info][gc,heap        ] GC(831) ParOldGen: 57485K(349696K)->57685K(349696K)
[53.610s][info][gc,metaspace   ] GC(831) Metaspace: 72908K(73472K)->72908K(73472K) NonClass: 58110K(58368K)->58110K(58368K) Class: 14798K(15104K)->14798K(15104K)
[53.610s][info][gc             ] GC(831) Pause Young (Allocation Failure) 224M->58M(510M) 1.098ms
[53.610s][info][gc,cpu         ] GC(831) User=0.00s Sys=0.00s Real=0.00s
[53.652s][info][gc,start       ] GC(832) Pause Young (Allocation Failure)
[53.653s][info][gc,heap        ] GC(832) PSYoungGen: 172320K(172544K)->1824K(172544K) Eden: 170496K(170496K)->0K(170496K) From: 1824K(2048K)->1824K(2048K)
[53.653s][info][gc,heap        ] GC(832) ParOldGen: 57685K(349696K)->57853K(349696K)
[53.653s][info][gc,metaspace   ] GC(832) Metaspace: 72908K(73472K)->72908K(73472K) NonClass: 58110K(58368K)->58110K(58368K) Class: 14798K(15104K)->14798K(15104K)
[53.653s][info][gc             ] GC(832) Pause Young (Allocation Failure) 224M->58M(510M) 1.077ms
[53.653s][info][gc,cpu         ] GC(832) User=0.00s Sys=0.00s Real=0.00s
[53.695s][info][gc,start       ] GC(833) Pause Young (Allocation Failure)
[53.696s][info][gc,heap        ] GC(833) PSYoungGen: 172320K(172544K)->1888K(172544K) Eden: 170496K(170496K)->0K(170496K) From: 1824K(2048K)->1888K(2048K)
[53.696s][info][gc,heap        ] GC(833) ParOldGen: 57853K(349696K)->58029K(349696K)
[53.696s][info][gc,metaspace   ] GC(833) Metaspace: 72908K(73472K)->72908K(73472K) NonClass: 58110K(58368K)->58110K(58368K) Class: 14798K(15104K)->14798K(15104K)
[53.696s][info][gc             ] GC(833) Pause Young (Allocation Failure) 224M->58M(510M) 1.128ms
[53.696s][info][gc,cpu         ] GC(833) User=0.00s Sys=0.00s Real=0.00s
[53.738s][info][gc,start       ] GC(834) Pause Young (Allocation Failure)
[53.739s][info][gc,heap        ] GC(834) PSYoungGen: 172384K(172544K)->1792K(172544K) Eden: 170496K(170496K)->0K(170496K) From: 1888K(2048K)->1792K(2048K)
[53.739s][info][gc,heap        ] GC(834) ParOldGen: 58029K(349696K)->58221K(349696K)
[53.739s][info][gc,metaspace   ] GC(834) Metaspace: 72908K(73472K)->72908K(73472K) NonClass: 58110K(58368K)->58110K(58368K) Class: 14798K(15104K)->14798K(15104K)
[53.739s][info][gc             ] GC(834) Pause Young (Allocation Failure) 225M->58M(510M) 1.066ms
[53.739s][info][gc,cpu         ] GC(834) User=0.00s Sys=0.00s Real=0.00s
[53.781s][info][gc,start       ] GC(835) Pause Young (Allocation Failure)
[53.782s][info][gc,heap        ] GC(835) PSYoungGen: 172288K(172544K)->1760K(172544K) Eden: 170496K(170496K)->0K(170496K) From: 1792K(2048K)->1760K(2048K)
[53.782s][info][gc,heap        ] GC(835) ParOldGen: 58221K(349696K)->58389K(349696K)
[53.782s][info][gc,metaspace   ] GC(835) Metaspace: 72908K(73472K)->72908K(73472K) NonClass: 58110K(58368K)->58110K(58368K) Class: 14798K(15104K)->14798K(15104K)
[53.782s][info][gc             ] GC(835) Pause Young (Allocation Failure) 225M->58M(510M) 1.107ms
[53.782s][info][gc,cpu         ] GC(835) User=0.00s Sys=0.00s Real=0.00s
[53.824s][info][gc,start       ] GC(836) Pause Young (Allocation Failure)
[53.825s][info][gc,heap        ] GC(836) PSYoungGen: 172256K(172544K)->1824K(172544K) Eden: 170496K(170496K)->0K(170496K) From: 1760K(2048K)->1824K(2048K)
[53.825s][info][gc,heap        ] GC(836) ParOldGen: 58389K(349696K)->58581K(349696K)
[53.825s][info][gc,metaspace   ] GC(836) Metaspace: 72908K(73472K)->72908K(73472K) NonClass: 58110K(58368K)->58110K(58368K) Class: 14798K(15104K)->14798K(15104K)
[53.825s][info][gc             ] GC(836) Pause Young (Allocation Failure) 225M->58M(510M) 1.137ms
[53.825s][info][gc,cpu         ] GC(836) User=0.00s Sys=0.00s Real=0.00s
[53.867s][info][gc,start       ] GC(837) Pause Young (Allocation Failure)
[53.868s][info][gc,heap        ] GC(837) PSYoungGen: 172320K(172544K)->1728K(172544K) Eden: 170496K(170496K)->0K(170496K) From: 1824K(2048K)->1728K(2048K)
[53.868s][info][gc,heap        ] GC(837) ParOldGen: 58581K(349696K)->58821K(349696K)
[53.868s][info][gc,metaspace   ] GC(837) Metaspace: 72908K(73472K)->72908K(73472K) NonClass: 58110K(58368K)->58110K(58368K) Class: 14798K(15104K)->14798K(15104K)
[53.868s][info][gc             ] GC(837) Pause Young (Allocation Failure) 225M->59M(510M) 1.125ms
[53.868s][info][gc,cpu         ] GC(837) User=0.00s Sys=0.00s Real=0.00s
[53.910s][info][gc,start       ] GC(838) Pause Young (Allocation Failure)
[53.928s][info][gc,heap        ] GC(838) PSYoungGen: 172224K(172544K)->1824K(172544K) Eden: 170496K(170496K)->0K(170496K) From: 1728K(2048K)->1824K(2048K)
[53.928s][info][gc,heap        ] GC(838) ParOldGen: 58821K(349696K)->59061K(349696K)
[53.928s][info][gc,metaspace   ] GC(838) Metaspace: 72908K(73472K)->72908K(73472K) NonClass: 58110K(58368K)->58110K(58368K) Class: 14798K(15104K)->14798K(15104K)
[53.928s][info][gc             ] GC(838) Pause Young (Allocation Failure) 225M->59M(510M) 18.577ms
[53.928s][info][gc,cpu         ] GC(838) User=0.00s Sys=0.00s Real=0.02s
[53.974s][info][gc,start       ] GC(839) Pause Young (Allocation Failure)
[53.975s][info][gc,heap        ] GC(839) PSYoungGen: 172320K(172544K)->1856K(172544K) Eden: 170496K(170496K)->0K(170496K) From: 1824K(2048K)->1856K(2048K)
[53.976s][info][gc,heap        ] GC(839) ParOldGen: 59061K(349696K)->59245K(349696K)
[53.976s][info][gc,metaspace   ] GC(839) Metaspace: 72908K(73472K)->72908K(73472K) NonClass: 58110K(58368K)->58110K(58368K) Class: 14798K(15104K)->14798K(15104K)
[53.976s][info][gc             ] GC(839) Pause Young (Allocation Failure) 225M->59M(510M) 1.101ms
[53.976s][info][gc,cpu         ] GC(839) User=0.00s Sys=0.00s Real=0.00s
[54.017s][info][gc,start       ] GC(840) Pause Young (Allocation Failure)
[54.019s][info][gc,heap        ] GC(840) PSYoungGen: 172352K(172544K)->1856K(172544K) Eden: 170496K(170496K)->0K(170496K) From: 1856K(2048K)->1856K(2048K)
[54.019s][info][gc,heap        ] GC(840) ParOldGen: 59245K(349696K)->59429K(349696K)
[54.019s][info][gc,metaspace   ] GC(840) Metaspace: 72908K(73472K)->72908K(73472K) NonClass: 58110K(58368K)->58110K(58368K) Class: 14798K(15104K)->14798K(15104K)
[54.019s][info][gc             ] GC(840) Pause Young (Allocation Failure) 226M->59M(510M) 1.133ms
[54.019s][info][gc,cpu         ] GC(840) User=0.00s Sys=0.00s Real=0.00s
[54.060s][info][gc,start       ] GC(841) Pause Young (Allocation Failure)
[54.061s][info][gc,heap        ] GC(841) PSYoungGen: 172352K(172544K)->1760K(172544K) Eden: 170496K(170496K)->0K(170496K) From: 1856K(2048K)->1760K(2048K)
[54.062s][info][gc,heap        ] GC(841) ParOldGen: 59429K(349696K)->59629K(349696K)
[54.062s][info][gc,metaspace   ] GC(841) Metaspace: 72908K(73472K)->72908K(73472K) NonClass: 58110K(58368K)->58110K(58368K) Class: 14798K(15104K)->14798K(15104K)
[54.062s][info][gc             ] GC(841) Pause Young (Allocation Failure) 226M->59M(510M) 1.092ms
[54.062s][info][gc,cpu         ] GC(841) User=0.00s Sys=0.00s Real=0.00s
[54.104s][info][gc,start       ] GC(842) Pause Young (Allocation Failure)
[54.105s][info][gc,heap        ] GC(842) PSYoungGen: 172256K(172544K)->1824K(172544K) Eden: 170496K(170496K)->0K(170496K) From: 1760K(2048K)->1824K(2048K)
[54.105s][info][gc,heap        ] GC(842) ParOldGen: 59629K(349696K)->59845K(349696K)
[54.105s][info][gc,metaspace   ] GC(842) Metaspace: 72908K(73472K)->72908K(73472K) NonClass: 58110K(58368K)->58110K(58368K) Class: 14798K(15104K)->14798K(15104K)
[54.105s][info][gc             ] GC(842) Pause Young (Allocation Failure) 226M->60M(510M) 1.124ms
[54.105s][info][gc,cpu         ] GC(842) User=0.00s Sys=0.00s Real=0.00s
[54.146s][info][gc,start       ] GC(843) Pause Young (Allocation Failure)
[54.148s][info][gc,heap        ] GC(843) PSYoungGen: 172320K(172544K)->1856K(172544K) Eden: 170496K(170496K)->0K(170496K) From: 1824K(2048K)->1856K(2048K)
[54.148s][info][gc,heap        ] GC(843) ParOldGen: 59845K(349696K)->60109K(349696K)
[54.148s][info][gc,metaspace   ] GC(843) Metaspace: 72908K(73472K)->72908K(73472K) NonClass: 58110K(58368K)->58110K(58368K) Class: 14798K(15104K)->14798K(15104K)
[54.148s][info][gc             ] GC(843) Pause Young (Allocation Failure) 226M->60M(510M) 1.128ms
[54.148s][info][gc,cpu         ] GC(843) User=0.00s Sys=0.00s Real=0.00s
[54.190s][info][gc,start       ] GC(844) Pause Young (Allocation Failure)
[54.191s][info][gc,heap        ] GC(844) PSYoungGen: 172352K(172544K)->1792K(172544K) Eden: 170496K(170496K)->0K(170496K) From: 1856K(2048K)->1792K(2048K)
[54.191s][info][gc,heap        ] GC(844) ParOldGen: 60109K(349696K)->60285K(349696K)
[54.191s][info][gc,metaspace   ] GC(844) Metaspace: 72908K(73472K)->72908K(73472K) NonClass: 58110K(58368K)->58110K(58368K) Class: 14798K(15104K)->14798K(15104K)
[54.191s][info][gc             ] GC(844) Pause Young (Allocation Failure) 227M->60M(510M) 1.107ms
[54.191s][info][gc,cpu         ] GC(844) User=0.00s Sys=0.00s Real=0.00s
[54.233s][info][gc,start       ] GC(845) Pause Young (Allocation Failure)
[54.234s][info][gc,heap        ] GC(845) PSYoungGen: 172288K(172544K)->1888K(172544K) Eden: 170496K(170496K)->0K(170496K) From: 1792K(2048K)->1888K(2048K)
[54.234s][info][gc,heap        ] GC(845) ParOldGen: 60285K(349696K)->60501K(349696K)
[54.234s][info][gc,metaspace   ] GC(845) Metaspace: 72908K(73472K)->72908K(73472K) NonClass: 58110K(58368K)->58110K(58368K) Class: 14798K(15104K)->14798K(15104K)
[54.234s][info][gc             ] GC(845) Pause Young (Allocation Failure) 227M->60M(510M) 1.130ms
[54.234s][info][gc,cpu         ] GC(845) User=0.00s Sys=0.00s Real=0.00s
[54.277s][info][gc,start       ] GC(846) Pause Young (Allocation Failure)
[54.278s][info][gc,heap        ] GC(846) PSYoungGen: 172384K(172544K)->1792K(172544K) Eden: 170496K(170496K)->0K(170496K) From: 1888K(2048K)->1792K(2048K)
[54.278s][info][gc,heap        ] GC(846) ParOldGen: 60501K(349696K)->60701K(349696K)
[54.278s][info][gc,metaspace   ] GC(846) Metaspace: 72908K(73472K)->72908K(73472K) NonClass: 58110K(58368K)->58110K(58368K) Class: 14798K(15104K)->14798K(15104K)
[54.278s][info][gc             ] GC(846) Pause Young (Allocation Failure) 227M->61M(510M) 1.110ms
[54.278s][info][gc,cpu         ] GC(846) User=0.00s Sys=0.00s Real=0.00s
[54.333s][info][gc,start       ] GC(847) Pause Young (Allocation Failure)
[54.334s][info][gc,heap        ] GC(847) PSYoungGen: 172288K(172544K)->1952K(172544K) Eden: 170496K(170496K)->0K(170496K) From: 1792K(2048K)->1952K(2048K)
[54.334s][info][gc,heap        ] GC(847) ParOldGen: 60701K(349696K)->60901K(349696K)
[54.334s][info][gc,metaspace   ] GC(847) Metaspace: 72908K(73472K)->72908K(73472K) NonClass: 58110K(58368K)->58110K(58368K) Class: 14798K(15104K)->14798K(15104K)
[54.334s][info][gc             ] GC(847) Pause Young (Allocation Failure) 227M->61M(510M) 1.134ms
[54.334s][info][gc,cpu         ] GC(847) User=0.00s Sys=0.00s Real=0.00s
[54.377s][info][gc,start       ] GC(848) Pause Young (Allocation Failure)
[54.378s][info][gc,heap        ] GC(848) PSYoungGen: 172448K(172544K)->1792K(172544K) Eden: 170496K(170496K)->0K(170496K) From: 1952K(2048K)->1792K(2048K)
[54.378s][info][gc,heap        ] GC(848) ParOldGen: 60901K(349696K)->61077K(349696K)
[54.378s][info][gc,metaspace   ] GC(848) Metaspace: 72908K(73472K)->72908K(73472K) NonClass: 58110K(58368K)->58110K(58368K) Class: 14798K(15104K)->14798K(15104K)
[54.378s][info][gc             ] GC(848) Pause Young (Allocation Failure) 227M->61M(510M) 1.095ms
[54.378s][info][gc,cpu         ] GC(848) User=0.00s Sys=0.00s Real=0.00s
[54.422s][info][gc,start       ] GC(849) Pause Young (Allocation Failure)
[54.423s][info][gc,heap        ] GC(849) PSYoungGen: 172288K(172544K)->1760K(172544K) Eden: 170496K(170496K)->0K(170496K) From: 1792K(2048K)->1760K(2048K)
[54.423s][info][gc,heap        ] GC(849) ParOldGen: 61077K(349696K)->61221K(349696K)
[54.423s][info][gc,metaspace   ] GC(849) Metaspace: 72908K(73472K)->72908K(73472K) NonClass: 58110K(58368K)->58110K(58368K) Class: 14798K(15104K)->14798K(15104K)
[54.423s][info][gc             ] GC(849) Pause Young (Allocation Failure) 227M->61M(510M) 1.120ms
[54.423s][info][gc,cpu         ] GC(849) User=0.00s Sys=0.00s Real=0.00s
[54.467s][info][gc,start       ] GC(850) Pause Young (Allocation Failure)
[54.468s][info][gc,heap        ] GC(850) PSYoungGen: 172256K(172544K)->1728K(172544K) Eden: 170496K(170496K)->0K(170496K) From: 1760K(2048K)->1728K(2048K)
[54.468s][info][gc,heap        ] GC(850) ParOldGen: 61221K(349696K)->61365K(349696K)
[54.468s][info][gc,metaspace   ] GC(850) Metaspace: 72908K(73472K)->72908K(73472K) NonClass: 58110K(58368K)->58110K(58368K) Class: 14798K(15104K)->14798K(15104K)
[54.468s][info][gc             ] GC(850) Pause Young (Allocation Failure) 228M->61M(510M) 1.111ms
[54.468s][info][gc,cpu         ] GC(850) User=0.00s Sys=0.00s Real=0.00s
[54.513s][info][gc,start       ] GC(851) Pause Young (Allocation Failure)
[54.514s][info][gc,heap        ] GC(851) PSYoungGen: 172224K(172544K)->1888K(172544K) Eden: 170496K(170496K)->0K(170496K) From: 1728K(2048K)->1888K(2048K)
[54.514s][info][gc,heap        ] GC(851) ParOldGen: 61365K(349696K)->61437K(349696K)
[54.514s][info][gc,metaspace   ] GC(851) Metaspace: 72925K(73472K)->72925K(73472K) NonClass: 58127K(58368K)->58127K(58368K) Class: 14798K(15104K)->14798K(15104K)
[54.514s][info][gc             ] GC(851) Pause Young (Allocation Failure) 228M->61M(510M) 1.122ms
[54.514s][info][gc,cpu         ] GC(851) User=0.00s Sys=0.00s Real=0.00s
[54.557s][info][gc,start       ] GC(852) Pause Young (Allocation Failure)
[54.558s][info][gc,heap        ] GC(852) PSYoungGen: 172384K(172544K)->1696K(172544K) Eden: 170496K(170496K)->0K(170496K) From: 1888K(2048K)->1696K(2048K)
[54.558s][info][gc,heap        ] GC(852) ParOldGen: 61437K(349696K)->61725K(349696K)
[54.558s][info][gc,metaspace   ] GC(852) Metaspace: 72926K(73472K)->72926K(73472K) NonClass: 58128K(58368K)->58128K(58368K) Class: 14798K(15104K)->14798K(15104K)
[54.558s][info][gc             ] GC(852) Pause Young (Allocation Failure) 228M->61M(510M) 1.074ms
[54.558s][info][gc,cpu         ] GC(852) User=0.00s Sys=0.00s Real=0.00s
[54.601s][info][gc,start       ] GC(853) Pause Young (Allocation Failure)
[54.602s][info][gc,heap        ] GC(853) PSYoungGen: 172192K(172544K)->1600K(172544K) Eden: 170496K(170496K)->0K(170496K) From: 1696K(2048K)->1600K(2048K)
[54.602s][info][gc,heap        ] GC(853) ParOldGen: 61725K(349696K)->61949K(349696K)
[54.602s][info][gc,metaspace   ] GC(853) Metaspace: 72926K(73472K)->72926K(73472K) NonClass: 58128K(58368K)->58128K(58368K) Class: 14798K(15104K)->14798K(15104K)
[54.602s][info][gc             ] GC(853) Pause Young (Allocation Failure) 228M->62M(510M) 1.051ms
[54.602s][info][gc,cpu         ] GC(853) User=0.00s Sys=0.00s Real=0.00s
[54.646s][info][gc,start       ] GC(854) Pause Young (Allocation Failure)
[54.647s][info][gc,heap        ] GC(854) PSYoungGen: 172096K(172544K)->1664K(172544K) Eden: 170496K(170496K)->0K(170496K) From: 1600K(2048K)->1664K(2048K)
[54.647s][info][gc,heap        ] GC(854) ParOldGen: 61949K(349696K)->62117K(349696K)
[54.647s][info][gc,metaspace   ] GC(854) Metaspace: 72936K(73472K)->72936K(73472K) NonClass: 58138K(58368K)->58138K(58368K) Class: 14798K(15104K)->14798K(15104K)
[54.647s][info][gc             ] GC(854) Pause Young (Allocation Failure) 228M->62M(510M) 1.090ms
[54.647s][info][gc,cpu         ] GC(854) User=0.00s Sys=0.00s Real=0.00s
[54.691s][info][gc,start       ] GC(855) Pause Young (Allocation Failure)
[54.692s][info][gc,heap        ] GC(855) PSYoungGen: 172160K(172544K)->1664K(172544K) Eden: 170496K(170496K)->0K(170496K) From: 1664K(2048K)->1664K(2048K)
[54.692s][info][gc,heap        ] GC(855) ParOldGen: 62117K(349696K)->62413K(349696K)
[54.692s][info][gc,metaspace   ] GC(855) Metaspace: 72936K(73472K)->72936K(73472K) NonClass: 58138K(58368K)->58138K(58368K) Class: 14798K(15104K)->14798K(15104K)
[54.692s][info][gc             ] GC(855) Pause Young (Allocation Failure) 228M->62M(510M) 0.996ms
[54.692s][info][gc,cpu         ] GC(855) User=0.00s Sys=0.00s Real=0.00s
[54.737s][info][gc,start       ] GC(856) Pause Young (Allocation Failure)
[54.738s][info][gc,heap        ] GC(856) PSYoungGen: 172160K(172544K)->1632K(172544K) Eden: 170496K(170496K)->0K(170496K) From: 1664K(2048K)->1632K(2048K)
[54.738s][info][gc,heap        ] GC(856) ParOldGen: 62413K(349696K)->62525K(349696K)
[54.738s][info][gc,metaspace   ] GC(856) Metaspace: 72936K(73472K)->72936K(73472K) NonClass: 58138K(58368K)->58138K(58368K) Class: 14798K(15104K)->14798K(15104K)
[54.738s][info][gc             ] GC(856) Pause Young (Allocation Failure) 229M->62M(510M) 0.967ms
[54.738s][info][gc,cpu         ] GC(856) User=0.00s Sys=0.00s Real=0.00s
[54.784s][info][gc,start       ] GC(857) Pause Young (Allocation Failure)
[54.785s][info][gc,heap        ] GC(857) PSYoungGen: 172128K(172544K)->1600K(172544K) Eden: 170496K(170496K)->0K(170496K) From: 1632K(2048K)->1600K(2048K)
[54.785s][info][gc,heap        ] GC(857) ParOldGen: 62525K(349696K)->62669K(349696K)
[54.785s][info][gc,metaspace   ] GC(857) Metaspace: 72954K(73472K)->72954K(73472K) NonClass: 58156K(58368K)->58156K(58368K) Class: 14798K(15104K)->14798K(15104K)
[54.785s][info][gc             ] GC(857) Pause Young (Allocation Failure) 229M->62M(510M) 0.998ms
[54.785s][info][gc,cpu         ] GC(857) User=0.00s Sys=0.00s Real=0.00s
[54.833s][info][gc,start       ] GC(858) Pause Young (Allocation Failure)
[54.834s][info][gc,heap        ] GC(858) PSYoungGen: 172096K(172544K)->1440K(172544K) Eden: 170496K(170496K)->0K(170496K) From: 1600K(2048K)->1440K(2048K)
[54.834s][info][gc,heap        ] GC(858) ParOldGen: 62669K(349696K)->62901K(349696K)
[54.834s][info][gc,metaspace   ] GC(858) Metaspace: 72954K(73472K)->72954K(73472K) NonClass: 58156K(58368K)->58156K(58368K) Class: 14798K(15104K)->14798K(15104K)
[54.834s][info][gc             ] GC(858) Pause Young (Allocation Failure) 229M->62M(510M) 0.963ms
[54.834s][info][gc,cpu         ] GC(858) User=0.00s Sys=0.00s Real=0.00s
[54.885s][info][gc,start       ] GC(859) Pause Young (Allocation Failure)
[54.885s][info][gc,heap        ] GC(859) PSYoungGen: 171936K(172544K)->1312K(171520K) Eden: 170496K(170496K)->0K(169472K) From: 1440K(2048K)->1312K(2048K)
[54.886s][info][gc,heap        ] GC(859) ParOldGen: 62901K(349696K)->63141K(349696K)
[54.886s][info][gc,metaspace   ] GC(859) Metaspace: 72954K(73472K)->72954K(73472K) NonClass: 58156K(58368K)->58156K(58368K) Class: 14798K(15104K)->14798K(15104K)
[54.886s][info][gc             ] GC(859) Pause Young (Allocation Failure) 229M->62M(509M) 0.987ms
[54.886s][info][gc,cpu         ] GC(859) User=0.00s Sys=0.00s Real=0.00s
[54.936s][info][gc,start       ] GC(860) Pause Young (Allocation Failure)
[54.937s][info][gc,heap        ] GC(860) PSYoungGen: 170784K(171520K)->1280K(172032K) Eden: 169472K(169472K)->0K(169472K) From: 1312K(2048K)->1280K(2560K)
[54.937s][info][gc,heap        ] GC(860) ParOldGen: 63141K(349696K)->63309K(349696K)
[54.937s][info][gc,metaspace   ] GC(860) Metaspace: 72954K(73472K)->72954K(73472K) NonClass: 58156K(58368K)->58156K(58368K) Class: 14798K(15104K)->14798K(15104K)
[54.937s][info][gc             ] GC(860) Pause Young (Allocation Failure) 228M->63M(509M) 0.944ms
[54.937s][info][gc,cpu         ] GC(860) User=0.00s Sys=0.00s Real=0.00s
[54.989s][info][gc,start       ] GC(861) Pause Young (Allocation Failure)
[54.989s][info][gc,heap        ] GC(861) PSYoungGen: 170752K(172032K)->1376K(172032K) Eden: 169472K(169472K)->0K(169472K) From: 1280K(2560K)->1376K(2560K)
[54.989s][info][gc,heap        ] GC(861) ParOldGen: 63309K(349696K)->63389K(349696K)
[54.989s][info][gc,metaspace   ] GC(861) Metaspace: 72954K(73472K)->72954K(73472K) NonClass: 58156K(58368K)->58156K(58368K) Class: 14798K(15104K)->14798K(15104K)
[54.990s][info][gc             ] GC(861) Pause Young (Allocation Failure) 228M->63M(509M) 0.938ms
[54.990s][info][gc,cpu         ] GC(861) User=0.00s Sys=0.00s Real=0.00s
[55.043s][info][gc,start       ] GC(862) Pause Young (Allocation Failure)
[55.044s][info][gc,heap        ] GC(862) PSYoungGen: 170848K(172032K)->1216K(172032K) Eden: 169472K(169472K)->0K(169472K) From: 1376K(2560K)->1216K(2560K)
[55.044s][info][gc,heap        ] GC(862) ParOldGen: 63389K(349696K)->63605K(349696K)
[55.044s][info][gc,metaspace   ] GC(862) Metaspace: 72954K(73472K)->72954K(73472K) NonClass: 58156K(58368K)->58156K(58368K) Class: 14798K(15104K)->14798K(15104K)
[55.044s][info][gc             ] GC(862) Pause Young (Allocation Failure) 228M->63M(509M) 0.930ms
[55.044s][info][gc,cpu         ] GC(862) User=0.00s Sys=0.00s Real=0.00s
[55.102s][info][gc,start       ] GC(863) Pause Young (Allocation Failure)
[55.103s][info][gc,heap        ] GC(863) PSYoungGen: 170688K(172032K)->1312K(172032K) Eden: 169472K(169472K)->0K(169472K) From: 1216K(2560K)->1312K(2560K)
[55.103s][info][gc,heap        ] GC(863) ParOldGen: 63605K(349696K)->63733K(349696K)
[55.103s][info][gc,metaspace   ] GC(863) Metaspace: 72954K(73472K)->72954K(73472K) NonClass: 58156K(58368K)->58156K(58368K) Class: 14798K(15104K)->14798K(15104K)
[55.103s][info][gc             ] GC(863) Pause Young (Allocation Failure) 228M->63M(509M) 0.933ms
[55.103s][info][gc,cpu         ] GC(863) User=0.00s Sys=0.00s Real=0.00s
[55.168s][info][gc,start       ] GC(864) Pause Young (Allocation Failure)
[55.169s][info][gc,heap        ] GC(864) PSYoungGen: 170784K(172032K)->1152K(172032K) Eden: 169472K(169472K)->0K(169472K) From: 1312K(2560K)->1152K(2560K)
[55.169s][info][gc,heap        ] GC(864) ParOldGen: 63733K(349696K)->64053K(349696K)
[55.169s][info][gc,metaspace   ] GC(864) Metaspace: 72954K(73472K)->72954K(73472K) NonClass: 58156K(58368K)->58156K(58368K) Class: 14798K(15104K)->14798K(15104K)
[55.169s][info][gc             ] GC(864) Pause Young (Allocation Failure) 229M->63M(509M) 1.027ms
[55.169s][info][gc,cpu         ] GC(864) User=0.00s Sys=0.00s Real=0.00s
[55.238s][info][gc,start       ] GC(865) Pause Young (Allocation Failure)
[55.239s][info][gc,heap        ] GC(865) PSYoungGen: 170624K(172032K)->1152K(172032K) Eden: 169472K(169472K)->0K(169472K) From: 1152K(2560K)->1152K(2560K)
[55.239s][info][gc,heap        ] GC(865) ParOldGen: 64053K(349696K)->64285K(349696K)
[55.239s][info][gc,metaspace   ] GC(865) Metaspace: 72954K(73472K)->72954K(73472K) NonClass: 58156K(58368K)->58156K(58368K) Class: 14798K(15104K)->14798K(15104K)
[55.239s][info][gc             ] GC(865) Pause Young (Allocation Failure) 229M->63M(509M) 0.968ms
[55.239s][info][gc,cpu         ] GC(865) User=0.00s Sys=0.00s Real=0.00s
[55.311s][info][gc,start       ] GC(866) Pause Young (Allocation Failure)
[55.311s][info][gc,heap        ] GC(866) PSYoungGen: 170624K(172032K)->1088K(172032K) Eden: 169472K(169472K)->0K(169472K) From: 1152K(2560K)->1088K(2560K)
[55.311s][info][gc,heap        ] GC(866) ParOldGen: 64285K(349696K)->64429K(349696K)
[55.311s][info][gc,metaspace   ] GC(866) Metaspace: 72954K(73472K)->72954K(73472K) NonClass: 58156K(58368K)->58156K(58368K) Class: 14798K(15104K)->14798K(15104K)
[55.311s][info][gc             ] GC(866) Pause Young (Allocation Failure) 229M->63M(509M) 0.800ms
[55.312s][info][gc,cpu         ] GC(866) User=0.00s Sys=0.00s Real=0.00s
[55.418s][info][gc,start       ] GC(867) Pause Young (Allocation Failure)
[55.419s][info][gc,heap        ] GC(867) PSYoungGen: 170560K(172032K)->768K(172032K) Eden: 169472K(169472K)->0K(169472K) From: 1088K(2560K)->768K(2560K)
[55.419s][info][gc,heap        ] GC(867) ParOldGen: 64429K(349696K)->64637K(349696K)
[55.419s][info][gc,metaspace   ] GC(867) Metaspace: 72954K(73472K)->72954K(73472K) NonClass: 58156K(58368K)->58156K(58368K) Class: 14798K(15104K)->14798K(15104K)
[55.419s][info][gc             ] GC(867) Pause Young (Allocation Failure) 229M->63M(509M) 0.710ms
[55.419s][info][gc,cpu         ] GC(867) User=0.00s Sys=0.00s Real=0.00s
[55.552s][info][gc,start       ] GC(868) Pause Young (Allocation Failure)
[55.553s][info][gc,heap        ] GC(868) PSYoungGen: 170240K(172032K)->640K(165888K) Eden: 169472K(169472K)->0K(164864K) From: 768K(2560K)->640K(1024K)
[55.553s][info][gc,heap        ] GC(868) ParOldGen: 64637K(349696K)->64853K(349696K)
[55.553s][info][gc,metaspace   ] GC(868) Metaspace: 72954K(73472K)->72954K(73472K) NonClass: 58156K(58368K)->58156K(58368K) Class: 14798K(15104K)->14798K(15104K)
[55.553s][info][gc             ] GC(868) Pause Young (Allocation Failure) 229M->63M(503M) 0.929ms
[55.553s][info][gc,cpu         ] GC(868) User=0.00s Sys=0.00s Real=0.00s
[55.684s][info][gc,start       ] GC(869) Pause Young (Allocation Failure)
[55.684s][info][gc,heap        ] GC(869) PSYoungGen: 165504K(165888K)->576K(161792K) Eden: 164864K(164864K)->0K(160768K) From: 640K(1024K)->576K(1024K)
[55.684s][info][gc,heap        ] GC(869) ParOldGen: 64853K(349696K)->64933K(349696K)
[55.684s][info][gc,metaspace   ] GC(869) Metaspace: 72954K(73472K)->72954K(73472K) NonClass: 58156K(58368K)->58156K(58368K) Class: 14798K(15104K)->14798K(15104K)
[55.684s][info][gc             ] GC(869) Pause Young (Allocation Failure) 224M->63M(499M) 0.750ms
[55.684s][info][gc,cpu         ] GC(869) User=0.00s Sys=0.00s Real=0.00s
[55.807s][info][gc,start       ] GC(870) Pause Young (Allocation Failure)
[55.808s][info][gc,heap        ] GC(870) PSYoungGen: 161344K(161792K)->512K(157184K) Eden: 160768K(160768K)->0K(156672K) From: 576K(1024K)->512K(512K)
[55.808s][info][gc,heap        ] GC(870) ParOldGen: 64933K(349696K)->64933K(349696K)
[55.808s][info][gc,metaspace   ] GC(870) Metaspace: 72954K(73472K)->72954K(73472K) NonClass: 58156K(58368K)->58156K(58368K) Class: 14798K(15104K)->14798K(15104K)
[55.808s][info][gc             ] GC(870) Pause Young (Allocation Failure) 220M->63M(495M) 0.758ms
[55.808s][info][gc,cpu         ] GC(870) User=0.00s Sys=0.00s Real=0.00s
[55.936s][info][gc,start       ] GC(871) Pause Young (Allocation Failure)
[55.937s][info][gc,heap        ] GC(871) PSYoungGen: 157184K(157184K)->544K(153600K) Eden: 156672K(156672K)->0K(152576K) From: 512K(512K)->544K(1024K)
[55.937s][info][gc,heap        ] GC(871) ParOldGen: 64933K(349696K)->65005K(349696K)
[55.937s][info][gc,metaspace   ] GC(871) Metaspace: 72954K(73472K)->72954K(73472K) NonClass: 58156K(58368K)->58156K(58368K) Class: 14798K(15104K)->14798K(15104K)
[55.937s][info][gc             ] GC(871) Pause Young (Allocation Failure) 216M->64M(491M) 0.976ms
[55.937s][info][gc,cpu         ] GC(871) User=0.00s Sys=0.00s Real=0.00s
[56.065s][info][gc,start       ] GC(872) Pause Young (Allocation Failure)
[56.066s][info][gc,heap        ] GC(872) PSYoungGen: 153120K(153600K)->512K(148992K) Eden: 152576K(152576K)->0K(148480K) From: 544K(1024K)->512K(512K)
[56.066s][info][gc,heap        ] GC(872) ParOldGen: 65005K(349696K)->65005K(349696K)
[56.066s][info][gc,metaspace   ] GC(872) Metaspace: 72954K(73472K)->72954K(73472K) NonClass: 58156K(58368K)->58156K(58368K) Class: 14798K(15104K)->14798K(15104K)
[56.066s][info][gc             ] GC(872) Pause Young (Allocation Failure) 213M->63M(487M) 0.818ms
[56.066s][info][gc,cpu         ] GC(872) User=0.00s Sys=0.00s Real=0.00s
[56.192s][info][gc,start       ] GC(873) Pause Young (Allocation Failure)
[56.192s][info][gc,heap        ] GC(873) PSYoungGen: 148992K(148992K)->512K(145408K) Eden: 148480K(148480K)->0K(144896K) From: 512K(512K)->512K(512K)
[56.193s][info][gc,heap        ] GC(873) ParOldGen: 65005K(349696K)->65109K(349696K)
[56.193s][info][gc,metaspace   ] GC(873) Metaspace: 72954K(73472K)->72954K(73472K) NonClass: 58156K(58368K)->58156K(58368K) Class: 14798K(15104K)->14798K(15104K)
[56.193s][info][gc             ] GC(873) Pause Young (Allocation Failure) 208M->64M(483M) 0.933ms
[56.193s][info][gc,cpu         ] GC(873) User=0.00s Sys=0.00s Real=0.00s
[56.315s][info][gc,start       ] GC(874) Pause Young (Allocation Failure)
[56.315s][info][gc,heap        ] GC(874) PSYoungGen: 145408K(145408K)->512K(143872K) Eden: 144896K(144896K)->0K(141312K) From: 512K(512K)->512K(2560K)
[56.315s][info][gc,heap        ] GC(874) ParOldGen: 65109K(349696K)->65117K(349696K)
[56.315s][info][gc,metaspace   ] GC(874) Metaspace: 72954K(73472K)->72954K(73472K) NonClass: 58156K(58368K)->58156K(58368K) Class: 14798K(15104K)->14798K(15104K)
[56.315s][info][gc             ] GC(874) Pause Young (Allocation Failure) 205M->64M(482M) 0.741ms
[56.315s][info][gc,cpu         ] GC(874) User=0.00s Sys=0.00s Real=0.00s
[56.435s][info][gc,start       ] GC(875) Pause Young (Allocation Failure)
[56.436s][info][gc,heap        ] GC(875) PSYoungGen: 141824K(143872K)->544K(138752K) Eden: 141312K(141312K)->0K(137728K) From: 512K(2560K)->544K(1024K)
[56.436s][info][gc,heap        ] GC(875) ParOldGen: 65117K(349696K)->65165K(349696K)
[56.436s][info][gc,metaspace   ] GC(875) Metaspace: 72954K(73472K)->72954K(73472K) NonClass: 58156K(58368K)->58156K(58368K) Class: 14798K(15104K)->14798K(15104K)
[56.436s][info][gc             ] GC(875) Pause Young (Allocation Failure) 202M->64M(477M) 1.040ms
[56.436s][info][gc,cpu         ] GC(875) User=0.00s Sys=0.00s Real=0.00s
[56.550s][info][gc,start       ] GC(876) Pause Young (Allocation Failure)
[56.551s][info][gc,heap        ] GC(876) PSYoungGen: 138272K(138752K)->512K(137216K) Eden: 137728K(137728K)->0K(134656K) From: 544K(1024K)->512K(2560K)
[56.551s][info][gc,heap        ] GC(876) ParOldGen: 65165K(349696K)->65189K(349696K)
[56.551s][info][gc,metaspace   ] GC(876) Metaspace: 72954K(73472K)->72954K(73472K) NonClass: 58156K(58368K)->58156K(58368K) Class: 14798K(15104K)->14798K(15104K)
[56.551s][info][gc             ] GC(876) Pause Young (Allocation Failure) 198M->64M(475M) 0.756ms
[56.551s][info][gc,cpu         ] GC(876) User=0.00s Sys=0.00s Real=0.00s
[56.660s][info][gc,start       ] GC(877) Pause Young (Allocation Failure)
[56.671s][info][gc,heap        ] GC(877) PSYoungGen: 135168K(137216K)->544K(132608K) Eden: 134656K(134656K)->0K(131584K) From: 512K(2560K)->544K(1024K)
[56.671s][info][gc,heap        ] GC(877) ParOldGen: 65189K(349696K)->65245K(349696K)
[56.671s][info][gc,metaspace   ] GC(877) Metaspace: 72954K(73472K)->72954K(73472K) NonClass: 58156K(58368K)->58156K(58368K) Class: 14798K(15104K)->14798K(15104K)
[56.671s][info][gc             ] GC(877) Pause Young (Allocation Failure) 195M->64M(471M) 10.990ms
[56.671s][info][gc,cpu         ] GC(877) User=0.00s Sys=0.00s Real=0.02s
[56.799s][info][gc,start       ] GC(878) Pause Young (Allocation Failure)
[56.799s][info][gc,heap        ] GC(878) PSYoungGen: 132128K(132608K)->512K(129024K) Eden: 131584K(131584K)->0K(128512K) From: 544K(1024K)->512K(512K)
[56.799s][info][gc,heap        ] GC(878) ParOldGen: 65245K(349696K)->65301K(349696K)
[56.799s][info][gc,metaspace   ] GC(878) Metaspace: 72954K(73472K)->72954K(73472K) NonClass: 58156K(58368K)->58156K(58368K) Class: 14798K(15104K)->14798K(15104K)
[56.799s][info][gc             ] GC(878) Pause Young (Allocation Failure) 192M->64M(467M) 0.825ms
[56.799s][info][gc,cpu         ] GC(878) User=0.00s Sys=0.00s Real=0.00s
[56.958s][info][gc,start       ] GC(879) Pause Young (System.gc())
[56.959s][info][gc,heap        ] GC(879) PSYoungGen: 98814K(129024K)->1344K(130048K) Eden: 98302K(128512K)->0K(128512K) From: 512K(512K)->1344K(1536K)
[56.959s][info][gc,heap        ] GC(879) ParOldGen: 65301K(349696K)->65349K(349696K)
[56.959s][info][gc,metaspace   ] GC(879) Metaspace: 72967K(73472K)->72967K(73472K) NonClass: 58169K(58368K)->58169K(58368K) Class: 14798K(15104K)->14798K(15104K)
[56.959s][info][gc             ] GC(879) Pause Young (System.gc()) 160M->65M(468M) 1.805ms
[56.960s][info][gc,cpu         ] GC(879) User=0.00s Sys=0.00s Real=0.00s
[56.960s][info][gc,start       ] GC(880) Pause Full (System.gc())
[56.960s][info][gc,phases,start] GC(880) Marking Phase
[57.001s][info][gc,phases      ] GC(880) Marking Phase 41.449ms
[57.001s][info][gc,phases,start] GC(880) Summary Phase
[57.001s][info][gc,phases      ] GC(880) Summary Phase 0.018ms
[57.001s][info][gc,phases,start] GC(880) Adjust Roots
[57.019s][info][gc,phases      ] GC(880) Adjust Roots 17.506ms
[57.019s][info][gc,phases,start] GC(880) Compaction Phase
[57.031s][info][gc,phases      ] GC(880) Compaction Phase 12.371ms
[57.031s][info][gc,phases,start] GC(880) Post Compact
[57.032s][info][gc,phases      ] GC(880) Post Compact 0.648ms
[57.032s][info][gc,heap        ] GC(880) PSYoungGen: 1344K(130048K)->0K(130048K) Eden: 0K(128512K)->0K(128512K) From: 1344K(1536K)->0K(1536K)
[57.032s][info][gc,heap        ] GC(880) ParOldGen: 65349K(349696K)->35820K(349696K)
[57.032s][info][gc,metaspace   ] GC(880) Metaspace: 72967K(73472K)->72967K(73472K) NonClass: 58169K(58368K)->58169K(58368K) Class: 14798K(15104K)->14798K(15104K)
[57.032s][info][gc             ] GC(880) Pause Full (System.gc()) 65M->34M(468M) 72.414ms
[57.032s][info][gc,cpu         ] GC(880) User=0.56s Sys=0.00s Real=0.06s
[57.097s][info][gc,start       ] GC(881) Pause Young (Allocation Failure)
[57.099s][info][gc,heap        ] GC(881) PSYoungGen: 128512K(130048K)->2048K(127488K) Eden: 128512K(128512K)->0K(125440K) From: 0K(1536K)->2048K(2048K)
[57.099s][info][gc,heap        ] GC(881) ParOldGen: 35820K(349696K)->37308K(349696K)
[57.099s][info][gc,metaspace   ] GC(881) Metaspace: 73023K(73600K)->73023K(73600K) NonClass: 58225K(58496K)->58225K(58496K) Class: 14798K(15104K)->14798K(15104K)
[57.099s][info][gc             ] GC(881) Pause Young (Allocation Failure) 160M->38M(466M) 2.025ms
[57.099s][info][gc,cpu         ] GC(881) User=0.00s Sys=0.00s Real=0.00s
[57.130s][info][gc,start       ] GC(882) Pause Young (Allocation Failure)
[57.132s][info][gc,heap        ] GC(882) PSYoungGen: 127488K(127488K)->1024K(151552K) Eden: 125440K(125440K)->0K(150528K) From: 2048K(2048K)->1024K(1024K)
[57.132s][info][gc,heap        ] GC(882) ParOldGen: 37308K(349696K)->39132K(349696K)
[57.132s][info][gc,metaspace   ] GC(882) Metaspace: 73023K(73600K)->73023K(73600K) NonClass: 58225K(58496K)->58225K(58496K) Class: 14798K(15104K)->14798K(15104K)
[57.132s][info][gc             ] GC(882) Pause Young (Allocation Failure) 160M->39M(489M) 1.661ms
[57.132s][info][gc,cpu         ] GC(882) User=0.00s Sys=0.00s Real=0.00s
[57.169s][info][gc,start       ] GC(883) Pause Young (Allocation Failure)
[57.170s][info][gc,heap        ] GC(883) PSYoungGen: 151552K(151552K)->1888K(158208K) Eden: 150528K(150528K)->0K(154624K) From: 1024K(1024K)->1888K(3584K)
[57.170s][info][gc,heap        ] GC(883) ParOldGen: 39132K(349696K)->39388K(349696K)
[57.170s][info][gc,metaspace   ] GC(883) Metaspace: 73023K(73600K)->73023K(73600K) NonClass: 58225K(58496K)->58225K(58496K) Class: 14798K(15104K)->14798K(15104K)
[57.170s][info][gc             ] GC(883) Pause Young (Allocation Failure) 186M->40M(496M) 1.235ms
[57.170s][info][gc,cpu         ] GC(883) User=0.00s Sys=0.00s Real=0.00s
[57.208s][info][gc,start       ] GC(884) Pause Young (Allocation Failure)
[57.209s][info][gc,heap        ] GC(884) PSYoungGen: 156512K(158208K)->1888K(171008K) Eden: 154624K(154624K)->0K(167424K) From: 1888K(3584K)->1888K(3584K)
[57.209s][info][gc,heap        ] GC(884) ParOldGen: 39388K(349696K)->39628K(349696K)
[57.210s][info][gc,metaspace   ] GC(884) Metaspace: 73023K(73600K)->73023K(73600K) NonClass: 58225K(58496K)->58225K(58496K) Class: 14798K(15104K)->14798K(15104K)
[57.210s][info][gc             ] GC(884) Pause Young (Allocation Failure) 191M->40M(508M) 1.390ms
[57.210s][info][gc,cpu         ] GC(884) User=0.00s Sys=0.00s Real=0.00s
[57.251s][info][gc,start       ] GC(885) Pause Young (Allocation Failure)
[57.253s][info][gc,heap        ] GC(885) PSYoungGen: 169312K(171008K)->2048K(171008K) Eden: 167424K(167424K)->0K(167424K) From: 1888K(3584K)->2048K(3584K)
[57.253s][info][gc,heap        ] GC(885) ParOldGen: 39628K(349696K)->39812K(349696K)
[57.253s][info][gc,metaspace   ] GC(885) Metaspace: 73023K(73600K)->73023K(73600K) NonClass: 58225K(58496K)->58225K(58496K) Class: 14798K(15104K)->14798K(15104K)
[57.253s][info][gc             ] GC(885) Pause Young (Allocation Failure) 204M->40M(508M) 1.418ms
[57.253s][info][gc,cpu         ] GC(885) User=0.00s Sys=0.00s Real=0.00s
[57.294s][info][gc,start       ] GC(886) Pause Young (Allocation Failure)
[57.295s][info][gc,heap        ] GC(886) PSYoungGen: 169472K(171008K)->1888K(171008K) Eden: 167424K(167424K)->0K(167424K) From: 2048K(3584K)->1888K(3584K)
[57.295s][info][gc,heap        ] GC(886) ParOldGen: 39812K(349696K)->39964K(349696K)
[57.295s][info][gc,metaspace   ] GC(886) Metaspace: 73023K(73600K)->73023K(73600K) NonClass: 58225K(58496K)->58225K(58496K) Class: 14798K(15104K)->14798K(15104K)
[57.295s][info][gc             ] GC(886) Pause Young (Allocation Failure) 204M->40M(508M) 1.174ms
[57.295s][info][gc,cpu         ] GC(886) User=0.00s Sys=0.00s Real=0.00s
[57.336s][info][gc,start       ] GC(887) Pause Young (Allocation Failure)
[57.337s][info][gc,heap        ] GC(887) PSYoungGen: 169312K(171008K)->1760K(171008K) Eden: 167424K(167424K)->0K(167424K) From: 1888K(3584K)->1760K(3584K)
[57.337s][info][gc,heap        ] GC(887) ParOldGen: 39964K(349696K)->40124K(349696K)
[57.337s][info][gc,metaspace   ] GC(887) Metaspace: 73023K(73600K)->73023K(73600K) NonClass: 58225K(58496K)->58225K(58496K) Class: 14798K(15104K)->14798K(15104K)
[57.337s][info][gc             ] GC(887) Pause Young (Allocation Failure) 204M->40M(508M) 1.148ms
[57.337s][info][gc,cpu         ] GC(887) User=0.00s Sys=0.00s Real=0.00s
[57.378s][info][gc,start       ] GC(888) Pause Young (Allocation Failure)
[57.379s][info][gc,heap        ] GC(888) PSYoungGen: 169184K(171008K)->1856K(171008K) Eden: 167424K(167424K)->0K(167424K) From: 1760K(3584K)->1856K(3584K)
[57.379s][info][gc,heap        ] GC(888) ParOldGen: 40124K(349696K)->40284K(349696K)
[57.380s][info][gc,metaspace   ] GC(888) Metaspace: 73023K(73600K)->73023K(73600K) NonClass: 58225K(58496K)->58225K(58496K) Class: 14798K(15104K)->14798K(15104K)
[57.380s][info][gc             ] GC(888) Pause Young (Allocation Failure) 204M->41M(508M) 1.149ms
[57.380s][info][gc,cpu         ] GC(888) User=0.00s Sys=0.00s Real=0.00s
[57.421s][info][gc,start       ] GC(889) Pause Young (Allocation Failure)
[57.422s][info][gc,heap        ] GC(889) PSYoungGen: 169280K(171008K)->1856K(171008K) Eden: 167424K(167424K)->0K(167424K) From: 1856K(3584K)->1856K(3584K)
[57.422s][info][gc,heap        ] GC(889) ParOldGen: 40284K(349696K)->40460K(349696K)
[57.422s][info][gc,metaspace   ] GC(889) Metaspace: 73023K(73600K)->73023K(73600K) NonClass: 58225K(58496K)->58225K(58496K) Class: 14798K(15104K)->14798K(15104K)
[57.422s][info][gc             ] GC(889) Pause Young (Allocation Failure) 204M->41M(508M) 1.096ms
[57.422s][info][gc,cpu         ] GC(889) User=0.00s Sys=0.00s Real=0.00s
[57.463s][info][gc,start       ] GC(890) Pause Young (Allocation Failure)
[57.464s][info][gc,heap        ] GC(890) PSYoungGen: 169279K(171008K)->1856K(171008K) Eden: 167423K(167424K)->0K(167424K) From: 1856K(3584K)->1856K(3584K)
[57.464s][info][gc,heap        ] GC(890) ParOldGen: 40460K(349696K)->40644K(349696K)
[57.464s][info][gc,metaspace   ] GC(890) Metaspace: 73023K(73600K)->73023K(73600K) NonClass: 58225K(58496K)->58225K(58496K) Class: 14798K(15104K)->14798K(15104K)
[57.464s][info][gc             ] GC(890) Pause Young (Allocation Failure) 204M->41M(508M) 1.096ms
[57.464s][info][gc,cpu         ] GC(890) User=0.00s Sys=0.00s Real=0.00s
[57.505s][info][gc,start       ] GC(891) Pause Young (Allocation Failure)
[57.506s][info][gc,heap        ] GC(891) PSYoungGen: 169280K(171008K)->1824K(169472K) Eden: 167424K(167424K)->0K(167424K) From: 1856K(3584K)->1824K(2048K)
[57.506s][info][gc,heap        ] GC(891) ParOldGen: 40644K(349696K)->40788K(349696K)
[57.506s][info][gc,metaspace   ] GC(891) Metaspace: 73023K(73600K)->73023K(73600K) NonClass: 58225K(58496K)->58225K(58496K) Class: 14798K(15104K)->14798K(15104K)
[57.506s][info][gc             ] GC(891) Pause Young (Allocation Failure) 205M->41M(507M) 1.143ms
[57.506s][info][gc,cpu         ] GC(891) User=0.00s Sys=0.00s Real=0.00s
[57.547s][info][gc,start       ] GC(892) Pause Young (Allocation Failure)
[57.548s][info][gc,heap        ] GC(892) PSYoungGen: 169248K(169472K)->1856K(170496K) Eden: 167424K(167424K)->0K(167424K) From: 1824K(2048K)->1856K(3072K)
[57.548s][info][gc,heap        ] GC(892) ParOldGen: 40788K(349696K)->40988K(349696K)
[57.548s][info][gc,metaspace   ] GC(892) Metaspace: 73023K(73600K)->73023K(73600K) NonClass: 58225K(58496K)->58225K(58496K) Class: 14798K(15104K)->14798K(15104K)
[57.548s][info][gc             ] GC(892) Pause Young (Allocation Failure) 205M->41M(508M) 1.151ms
[57.548s][info][gc,cpu         ] GC(892) User=0.00s Sys=0.00s Real=0.00s
[57.590s][info][gc,start       ] GC(893) Pause Young (Allocation Failure)
[57.591s][info][gc,heap        ] GC(893) PSYoungGen: 169280K(170496K)->1920K(170496K) Eden: 167424K(167424K)->0K(167424K) From: 1856K(3072K)->1920K(3072K)
[57.591s][info][gc,heap        ] GC(893) ParOldGen: 40988K(349696K)->41180K(349696K)
[57.591s][info][gc,metaspace   ] GC(893) Metaspace: 73023K(73600K)->73023K(73600K) NonClass: 58225K(58496K)->58225K(58496K) Class: 14798K(15104K)->14798K(15104K)
[57.591s][info][gc             ] GC(893) Pause Young (Allocation Failure) 205M->42M(508M) 1.097ms
[57.591s][info][gc,cpu         ] GC(893) User=0.00s Sys=0.00s Real=0.00s
[57.632s][info][gc,start       ] GC(894) Pause Young (Allocation Failure)
[57.633s][info][gc,heap        ] GC(894) PSYoungGen: 169344K(170496K)->1856K(171520K) Eden: 167424K(167424K)->0K(168448K) From: 1920K(3072K)->1856K(3072K)
[57.633s][info][gc,heap        ] GC(894) ParOldGen: 41180K(349696K)->41412K(349696K)
[57.633s][info][gc,metaspace   ] GC(894) Metaspace: 73023K(73600K)->73023K(73600K) NonClass: 58225K(58496K)->58225K(58496K) Class: 14798K(15104K)->14798K(15104K)
[57.633s][info][gc             ] GC(894) Pause Young (Allocation Failure) 205M->42M(509M) 1.109ms
[57.633s][info][gc,cpu         ] GC(894) User=0.00s Sys=0.00s Real=0.00s
[57.675s][info][gc,start       ] GC(895) Pause Young (Allocation Failure)
[57.676s][info][gc,heap        ] GC(895) PSYoungGen: 170304K(171520K)->1856K(171520K) Eden: 168448K(168448K)->0K(168448K) From: 1856K(3072K)->1856K(3072K)
[57.676s][info][gc,heap        ] GC(895) ParOldGen: 41412K(349696K)->41580K(349696K)
[57.676s][info][gc,metaspace   ] GC(895) Metaspace: 73023K(73600K)->73023K(73600K) NonClass: 58225K(58496K)->58225K(58496K) Class: 14798K(15104K)->14798K(15104K)
[57.676s][info][gc             ] GC(895) Pause Young (Allocation Failure) 206M->42M(509M) 1.293ms
[57.676s][info][gc,cpu         ] GC(895) User=0.00s Sys=0.00s Real=0.00s
[57.717s][info][gc,start       ] GC(896) Pause Young (Allocation Failure)
[57.718s][info][gc,heap        ] GC(896) PSYoungGen: 170304K(171520K)->1824K(171520K) Eden: 168448K(168448K)->0K(168448K) From: 1856K(3072K)->1824K(3072K)
[57.718s][info][gc,heap        ] GC(896) ParOldGen: 41580K(349696K)->41732K(349696K)
[57.718s][info][gc,metaspace   ] GC(896) Metaspace: 73023K(73600K)->73023K(73600K) NonClass: 58225K(58496K)->58225K(58496K) Class: 14798K(15104K)->14798K(15104K)
[57.718s][info][gc             ] GC(896) Pause Young (Allocation Failure) 206M->42M(509M) 1.131ms
[57.718s][info][gc,cpu         ] GC(896) User=0.00s Sys=0.00s Real=0.00s
[57.759s][info][gc,start       ] GC(897) Pause Young (Allocation Failure)
[57.761s][info][gc,heap        ] GC(897) PSYoungGen: 170272K(171520K)->1952K(171520K) Eden: 168448K(168448K)->0K(168448K) From: 1824K(3072K)->1952K(3072K)
[57.761s][info][gc,heap        ] GC(897) ParOldGen: 41732K(349696K)->41908K(349696K)
[57.761s][info][gc,metaspace   ] GC(897) Metaspace: 73023K(73600K)->73023K(73600K) NonClass: 58225K(58496K)->58225K(58496K) Class: 14798K(15104K)->14798K(15104K)
[57.761s][info][gc             ] GC(897) Pause Young (Allocation Failure) 207M->42M(509M) 1.169ms
[57.761s][info][gc,cpu         ] GC(897) User=0.00s Sys=0.00s Real=0.00s
[57.802s][info][gc,start       ] GC(898) Pause Young (Allocation Failure)
[57.803s][info][gc,heap        ] GC(898) PSYoungGen: 170400K(171520K)->1888K(171520K) Eden: 168448K(168448K)->0K(168448K) From: 1952K(3072K)->1888K(3072K)
[57.803s][info][gc,heap        ] GC(898) ParOldGen: 41908K(349696K)->42068K(349696K)
[57.803s][info][gc,metaspace   ] GC(898) Metaspace: 73023K(73600K)->73023K(73600K) NonClass: 58225K(58496K)->58225K(58496K) Class: 14798K(15104K)->14798K(15104K)
[57.803s][info][gc             ] GC(898) Pause Young (Allocation Failure) 207M->42M(509M) 1.097ms
[57.803s][info][gc,cpu         ] GC(898) User=0.00s Sys=0.00s Real=0.00s
[57.844s][info][gc,start       ] GC(899) Pause Young (Allocation Failure)
[57.845s][info][gc,heap        ] GC(899) PSYoungGen: 170336K(171520K)->1888K(171520K) Eden: 168448K(168448K)->0K(168448K) From: 1888K(3072K)->1888K(3072K)
[57.845s][info][gc,heap        ] GC(899) ParOldGen: 42068K(349696K)->42252K(349696K)
[57.845s][info][gc,metaspace   ] GC(899) Metaspace: 73023K(73600K)->73023K(73600K) NonClass: 58225K(58496K)->58225K(58496K) Class: 14798K(15104K)->14798K(15104K)
[57.845s][info][gc             ] GC(899) Pause Young (Allocation Failure) 207M->43M(509M) 1.153ms
[57.845s][info][gc,cpu         ] GC(899) User=0.00s Sys=0.00s Real=0.00s
[57.887s][info][gc,start       ] GC(900) Pause Young (Allocation Failure)
[57.888s][info][gc,heap        ] GC(900) PSYoungGen: 170336K(171520K)->1856K(171520K) Eden: 168448K(168448K)->0K(168448K) From: 1888K(3072K)->1856K(3072K)
[57.888s][info][gc,heap        ] GC(900) ParOldGen: 42252K(349696K)->42428K(349696K)
[57.888s][info][gc,metaspace   ] GC(900) Metaspace: 73023K(73600K)->73023K(73600K) NonClass: 58225K(58496K)->58225K(58496K) Class: 14798K(15104K)->14798K(15104K)
[57.888s][info][gc             ] GC(900) Pause Young (Allocation Failure) 207M->43M(509M) 1.175ms
[57.888s][info][gc,cpu         ] GC(900) User=0.00s Sys=0.00s Real=0.00s
[57.929s][info][gc,start       ] GC(901) Pause Young (Allocation Failure)
[57.930s][info][gc,heap        ] GC(901) PSYoungGen: 170304K(171520K)->1856K(170496K) Eden: 168448K(168448K)->0K(168448K) From: 1856K(3072K)->1856K(2048K)
[57.930s][info][gc,heap        ] GC(901) ParOldGen: 42428K(349696K)->42596K(349696K)
[57.930s][info][gc,metaspace   ] GC(901) Metaspace: 73023K(73600K)->73023K(73600K) NonClass: 58225K(58496K)->58225K(58496K) Class: 14798K(15104K)->14798K(15104K)
[57.930s][info][gc             ] GC(901) Pause Young (Allocation Failure) 207M->43M(508M) 1.114ms
[57.930s][info][gc,cpu         ] GC(901) User=0.00s Sys=0.00s Real=0.00s
[57.971s][info][gc,start       ] GC(902) Pause Young (Allocation Failure)
[57.972s][info][gc,heap        ] GC(902) PSYoungGen: 170304K(170496K)->1824K(171008K) Eden: 168448K(168448K)->0K(168448K) From: 1856K(2048K)->1824K(2560K)
[57.972s][info][gc,heap        ] GC(902) ParOldGen: 42596K(349696K)->42756K(349696K)
[57.972s][info][gc,metaspace   ] GC(902) Metaspace: 73023K(73600K)->73023K(73600K) NonClass: 58225K(58496K)->58225K(58496K) Class: 14798K(15104K)->14798K(15104K)
[57.972s][info][gc             ] GC(902) Pause Young (Allocation Failure) 207M->43M(508M) 1.138ms
[57.972s][info][gc,cpu         ] GC(902) User=0.00s Sys=0.00s Real=0.00s
[58.014s][info][gc,start       ] GC(903) Pause Young (Allocation Failure)
[58.015s][info][gc,heap        ] GC(903) PSYoungGen: 170272K(171008K)->1920K(171008K) Eden: 168448K(168448K)->0K(168448K) From: 1824K(2560K)->1920K(2560K)
[58.015s][info][gc,heap        ] GC(903) ParOldGen: 42756K(349696K)->42948K(349696K)
[58.015s][info][gc,metaspace   ] GC(903) Metaspace: 73023K(73600K)->73023K(73600K) NonClass: 58225K(58496K)->58225K(58496K) Class: 14798K(15104K)->14798K(15104K)
[58.015s][info][gc             ] GC(903) Pause Young (Allocation Failure) 208M->43M(508M) 1.102ms
[58.015s][info][gc,cpu         ] GC(903) User=0.00s Sys=0.00s Real=0.00s
[58.056s][info][gc,start       ] GC(904) Pause Young (Allocation Failure)
[58.064s][info][gc,heap        ] GC(904) PSYoungGen: 170368K(171008K)->1888K(172032K) Eden: 168448K(168448K)->0K(169472K) From: 1920K(2560K)->1888K(2560K)
[58.064s][info][gc,heap        ] GC(904) ParOldGen: 42948K(349696K)->43132K(349696K)
[58.064s][info][gc,metaspace   ] GC(904) Metaspace: 73023K(73600K)->73023K(73600K) NonClass: 58225K(58496K)->58225K(58496K) Class: 14798K(15104K)->14798K(15104K)
[58.064s][info][gc             ] GC(904) Pause Young (Allocation Failure) 208M->43M(509M) 7.652ms
[58.064s][info][gc,cpu         ] GC(904) User=0.00s Sys=0.00s Real=0.00s
[58.107s][info][gc,start       ] GC(905) Pause Young (Allocation Failure)
[58.108s][info][gc,heap        ] GC(905) PSYoungGen: 171360K(172032K)->1856K(172032K) Eden: 169472K(169472K)->0K(169472K) From: 1888K(2560K)->1856K(2560K)
[58.108s][info][gc,heap        ] GC(905) ParOldGen: 43132K(349696K)->43332K(349696K)
[58.108s][info][gc,metaspace   ] GC(905) Metaspace: 73023K(73600K)->73023K(73600K) NonClass: 58225K(58496K)->58225K(58496K) Class: 14798K(15104K)->14798K(15104K)
[58.108s][info][gc             ] GC(905) Pause Young (Allocation Failure) 209M->44M(509M) 1.161ms
[58.108s][info][gc,cpu         ] GC(905) User=0.00s Sys=0.00s Real=0.00s
[58.150s][info][gc,start       ] GC(906) Pause Young (Allocation Failure)
[58.151s][info][gc,heap        ] GC(906) PSYoungGen: 171328K(172032K)->1856K(172032K) Eden: 169472K(169472K)->0K(169472K) From: 1856K(2560K)->1856K(2560K)
[58.151s][info][gc,heap        ] GC(906) ParOldGen: 43332K(349696K)->43588K(349696K)
[58.151s][info][gc,metaspace   ] GC(906) Metaspace: 73023K(73600K)->73023K(73600K) NonClass: 58225K(58496K)->58225K(58496K) Class: 14798K(15104K)->14798K(15104K)
[58.151s][info][gc             ] GC(906) Pause Young (Allocation Failure) 209M->44M(509M) 1.118ms
[58.151s][info][gc,cpu         ] GC(906) User=0.00s Sys=0.00s Real=0.00s
[58.193s][info][gc,start       ] GC(907) Pause Young (Allocation Failure)
[58.194s][info][gc,heap        ] GC(907) PSYoungGen: 171328K(172032K)->1856K(172032K) Eden: 169472K(169472K)->0K(169472K) From: 1856K(2560K)->1856K(2560K)
[58.194s][info][gc,heap        ] GC(907) ParOldGen: 43588K(349696K)->43748K(349696K)
[58.194s][info][gc,metaspace   ] GC(907) Metaspace: 73023K(73600K)->73023K(73600K) NonClass: 58225K(58496K)->58225K(58496K) Class: 14798K(15104K)->14798K(15104K)
[58.194s][info][gc             ] GC(907) Pause Young (Allocation Failure) 209M->44M(509M) 1.115ms
[58.194s][info][gc,cpu         ] GC(907) User=0.00s Sys=0.00s Real=0.00s
[58.235s][info][gc,start       ] GC(908) Pause Young (Allocation Failure)
[58.236s][info][gc,heap        ] GC(908) PSYoungGen: 171327K(172032K)->1792K(172032K) Eden: 169471K(169472K)->0K(169472K) From: 1856K(2560K)->1792K(2560K)
[58.236s][info][gc,heap        ] GC(908) ParOldGen: 43748K(349696K)->43956K(349696K)
[58.236s][info][gc,metaspace   ] GC(908) Metaspace: 73023K(73600K)->73023K(73600K) NonClass: 58225K(58496K)->58225K(58496K) Class: 14798K(15104K)->14798K(15104K)
[58.236s][info][gc             ] GC(908) Pause Young (Allocation Failure) 210M->44M(509M) 1.156ms
[58.236s][info][gc,cpu         ] GC(908) User=0.00s Sys=0.00s Real=0.00s
[58.278s][info][gc,start       ] GC(909) Pause Young (Allocation Failure)
[58.279s][info][gc,heap        ] GC(909) PSYoungGen: 171264K(172032K)->1824K(172032K) Eden: 169472K(169472K)->0K(169472K) From: 1792K(2560K)->1824K(2560K)
[58.279s][info][gc,heap        ] GC(909) ParOldGen: 43956K(349696K)->44148K(349696K)
[58.279s][info][gc,metaspace   ] GC(909) Metaspace: 73023K(73600K)->73023K(73600K) NonClass: 58225K(58496K)->58225K(58496K) Class: 14798K(15104K)->14798K(15104K)
[58.279s][info][gc             ] GC(909) Pause Young (Allocation Failure) 210M->44M(509M) 1.062ms
[58.279s][info][gc,cpu         ] GC(909) User=0.00s Sys=0.00s Real=0.00s
[58.320s][info][gc,start       ] GC(910) Pause Young (Allocation Failure)
[58.321s][info][gc,heap        ] GC(910) PSYoungGen: 171296K(172032K)->1888K(172032K) Eden: 169472K(169472K)->0K(169472K) From: 1824K(2560K)->1888K(2560K)
[58.321s][info][gc,heap        ] GC(910) ParOldGen: 44148K(349696K)->44348K(349696K)
[58.321s][info][gc,metaspace   ] GC(910) Metaspace: 73023K(73600K)->73023K(73600K) NonClass: 58225K(58496K)->58225K(58496K) Class: 14798K(15104K)->14798K(15104K)
[58.322s][info][gc             ] GC(910) Pause Young (Allocation Failure) 210M->45M(509M) 1.116ms
[58.322s][info][gc,cpu         ] GC(910) User=0.00s Sys=0.00s Real=0.00s
[58.363s][info][gc,start       ] GC(911) Pause Young (Allocation Failure)
[58.364s][info][gc,heap        ] GC(911) PSYoungGen: 171360K(172032K)->1856K(172032K) Eden: 169472K(169472K)->0K(169472K) From: 1888K(2560K)->1856K(2560K)
[58.364s][info][gc,heap        ] GC(911) ParOldGen: 44348K(349696K)->44476K(349696K)
[58.364s][info][gc,metaspace   ] GC(911) Metaspace: 73023K(73600K)->73023K(73600K) NonClass: 58225K(58496K)->58225K(58496K) Class: 14798K(15104K)->14798K(15104K)
[58.364s][info][gc             ] GC(911) Pause Young (Allocation Failure) 210M->45M(509M) 1.199ms
[58.364s][info][gc,cpu         ] GC(911) User=0.00s Sys=0.00s Real=0.00s
[58.406s][info][gc,start       ] GC(912) Pause Young (Allocation Failure)
[58.407s][info][gc,heap        ] GC(912) PSYoungGen: 171328K(172032K)->1920K(172032K) Eden: 169472K(169472K)->0K(169472K) From: 1856K(2560K)->1920K(2560K)
[58.407s][info][gc,heap        ] GC(912) ParOldGen: 44476K(349696K)->44668K(349696K)
[58.407s][info][gc,metaspace   ] GC(912) Metaspace: 73023K(73600K)->73023K(73600K) NonClass: 58225K(58496K)->58225K(58496K) Class: 14798K(15104K)->14798K(15104K)
[58.407s][info][gc             ] GC(912) Pause Young (Allocation Failure) 210M->45M(509M) 1.139ms
[58.408s][info][gc,cpu         ] GC(912) User=0.00s Sys=0.00s Real=0.00s
[58.449s][info][gc,start       ] GC(913) Pause Young (Allocation Failure)
[58.450s][info][gc,heap        ] GC(913) PSYoungGen: 171392K(172032K)->1920K(172032K) Eden: 169472K(169472K)->0K(169472K) From: 1920K(2560K)->1920K(2560K)
[58.450s][info][gc,heap        ] GC(913) ParOldGen: 44668K(349696K)->44860K(349696K)
[58.450s][info][gc,metaspace   ] GC(913) Metaspace: 73023K(73600K)->73023K(73600K) NonClass: 58225K(58496K)->58225K(58496K) Class: 14798K(15104K)->14798K(15104K)
[58.450s][info][gc             ] GC(913) Pause Young (Allocation Failure) 210M->45M(509M) 1.116ms
[58.450s][info][gc,cpu         ] GC(913) User=0.00s Sys=0.00s Real=0.00s
[58.492s][info][gc,start       ] GC(914) Pause Young (Allocation Failure)
[58.493s][info][gc,heap        ] GC(914) PSYoungGen: 171392K(172032K)->1888K(172032K) Eden: 169472K(169472K)->0K(169472K) From: 1920K(2560K)->1888K(2560K)
[58.493s][info][gc,heap        ] GC(914) ParOldGen: 44860K(349696K)->45060K(349696K)
[58.493s][info][gc,metaspace   ] GC(914) Metaspace: 73023K(73600K)->73023K(73600K) NonClass: 58225K(58496K)->58225K(58496K) Class: 14798K(15104K)->14798K(15104K)
[58.493s][info][gc             ] GC(914) Pause Young (Allocation Failure) 211M->45M(509M) 1.141ms
[58.493s][info][gc,cpu         ] GC(914) User=0.00s Sys=0.00s Real=0.00s
[58.534s][info][gc,start       ] GC(915) Pause Young (Allocation Failure)
[58.535s][info][gc,heap        ] GC(915) PSYoungGen: 171360K(172032K)->1888K(172032K) Eden: 169472K(169472K)->0K(169472K) From: 1888K(2560K)->1888K(2560K)
[58.536s][info][gc,heap        ] GC(915) ParOldGen: 45060K(349696K)->45236K(349696K)
[58.536s][info][gc,metaspace   ] GC(915) Metaspace: 73023K(73600K)->73023K(73600K) NonClass: 58225K(58496K)->58225K(58496K) Class: 14798K(15104K)->14798K(15104K)
[58.536s][info][gc             ] GC(915) Pause Young (Allocation Failure) 211M->46M(509M) 1.135ms
[58.536s][info][gc,cpu         ] GC(915) User=0.00s Sys=0.00s Real=0.00s
[58.577s][info][gc,start       ] GC(916) Pause Young (Allocation Failure)
[58.578s][info][gc,heap        ] GC(916) PSYoungGen: 171360K(172032K)->1888K(172032K) Eden: 169472K(169472K)->0K(169472K) From: 1888K(2560K)->1888K(2560K)
[58.578s][info][gc,heap        ] GC(916) ParOldGen: 45236K(349696K)->45380K(349696K)
[58.578s][info][gc,metaspace   ] GC(916) Metaspace: 73023K(73600K)->73023K(73600K) NonClass: 58225K(58496K)->58225K(58496K) Class: 14798K(15104K)->14798K(15104K)
[58.578s][info][gc             ] GC(916) Pause Young (Allocation Failure) 211M->46M(509M) 1.144ms
[58.578s][info][gc,cpu         ] GC(916) User=0.00s Sys=0.00s Real=0.00s
[58.620s][info][gc,start       ] GC(917) Pause Young (Allocation Failure)
[58.621s][info][gc,heap        ] GC(917) PSYoungGen: 171360K(172032K)->1920K(172032K) Eden: 169472K(169472K)->0K(169472K) From: 1888K(2560K)->1920K(2560K)
[58.621s][info][gc,heap        ] GC(917) ParOldGen: 45380K(349696K)->45540K(349696K)
[58.621s][info][gc,metaspace   ] GC(917) Metaspace: 73023K(73600K)->73023K(73600K) NonClass: 58225K(58496K)->58225K(58496K) Class: 14798K(15104K)->14798K(15104K)
[58.621s][info][gc             ] GC(917) Pause Young (Allocation Failure) 211M->46M(509M) 1.148ms
[58.621s][info][gc,cpu         ] GC(917) User=0.00s Sys=0.00s Real=0.00s
[58.662s][info][gc,start       ] GC(918) Pause Young (Allocation Failure)
[58.663s][info][gc,heap        ] GC(918) PSYoungGen: 171392K(172032K)->1856K(172032K) Eden: 169472K(169472K)->0K(169472K) From: 1920K(2560K)->1856K(2560K)
[58.664s][info][gc,heap        ] GC(918) ParOldGen: 45540K(349696K)->45716K(349696K)
[58.664s][info][gc,metaspace   ] GC(918) Metaspace: 73023K(73600K)->73023K(73600K) NonClass: 58225K(58496K)->58225K(58496K) Class: 14798K(15104K)->14798K(15104K)
[58.664s][info][gc             ] GC(918) Pause Young (Allocation Failure) 211M->46M(509M) 1.118ms
[58.664s][info][gc,cpu         ] GC(918) User=0.00s Sys=0.00s Real=0.00s
[58.705s][info][gc,start       ] GC(919) Pause Young (Allocation Failure)
[58.706s][info][gc,heap        ] GC(919) PSYoungGen: 171328K(172032K)->1856K(172032K) Eden: 169472K(169472K)->0K(169472K) From: 1856K(2560K)->1856K(2560K)
[58.706s][info][gc,heap        ] GC(919) ParOldGen: 45716K(349696K)->45876K(349696K)
[58.706s][info][gc,metaspace   ] GC(919) Metaspace: 73023K(73600K)->73023K(73600K) NonClass: 58225K(58496K)->58225K(58496K) Class: 14798K(15104K)->14798K(15104K)
[58.706s][info][gc             ] GC(919) Pause Young (Allocation Failure) 211M->46M(509M) 1.127ms
[58.706s][info][gc,cpu         ] GC(919) User=0.00s Sys=0.00s Real=0.00s
[58.748s][info][gc,start       ] GC(920) Pause Young (Allocation Failure)
[58.749s][info][gc,heap        ] GC(920) PSYoungGen: 171328K(172032K)->1856K(171520K) Eden: 169472K(169472K)->0K(169472K) From: 1856K(2560K)->1856K(2048K)
[58.749s][info][gc,heap        ] GC(920) ParOldGen: 45876K(349696K)->46052K(349696K)
[58.749s][info][gc,metaspace   ] GC(920) Metaspace: 73023K(73600K)->73023K(73600K) NonClass: 58225K(58496K)->58225K(58496K) Class: 14798K(15104K)->14798K(15104K)
[58.749s][info][gc             ] GC(920) Pause Young (Allocation Failure) 212M->46M(509M) 1.141ms
[58.749s][info][gc,cpu         ] GC(920) User=0.00s Sys=0.00s Real=0.00s
[58.790s][info][gc,start       ] GC(921) Pause Young (Allocation Failure)
[58.791s][info][gc,heap        ] GC(921) PSYoungGen: 171328K(171520K)->1824K(172032K) Eden: 169472K(169472K)->0K(169984K) From: 1856K(2048K)->1824K(2048K)
[58.791s][info][gc,heap        ] GC(921) ParOldGen: 46052K(349696K)->46260K(349696K)
[58.791s][info][gc,metaspace   ] GC(921) Metaspace: 73023K(73600K)->73023K(73600K) NonClass: 58225K(58496K)->58225K(58496K) Class: 14798K(15104K)->14798K(15104K)
[58.791s][info][gc             ] GC(921) Pause Young (Allocation Failure) 212M->46M(509M) 1.102ms
[58.791s][info][gc,cpu         ] GC(921) User=0.00s Sys=0.00s Real=0.00s
[58.833s][info][gc,start       ] GC(922) Pause Young (Allocation Failure)
[58.834s][info][gc,heap        ] GC(922) PSYoungGen: 171808K(172032K)->1888K(172544K) Eden: 169984K(169984K)->0K(170496K) From: 1824K(2048K)->1888K(2048K)
[58.834s][info][gc,heap        ] GC(922) ParOldGen: 46260K(349696K)->46420K(349696K)
[58.834s][info][gc,metaspace   ] GC(922) Metaspace: 73023K(73600K)->73023K(73600K) NonClass: 58225K(58496K)->58225K(58496K) Class: 14798K(15104K)->14798K(15104K)
[58.834s][info][gc             ] GC(922) Pause Young (Allocation Failure) 212M->47M(510M) 1.108ms
[58.834s][info][gc,cpu         ] GC(922) User=0.00s Sys=0.00s Real=0.00s
[58.876s][info][gc,start       ] GC(923) Pause Young (Allocation Failure)
[58.877s][info][gc,heap        ] GC(923) PSYoungGen: 172384K(172544K)->1856K(172544K) Eden: 170496K(170496K)->0K(170496K) From: 1888K(2048K)->1856K(2048K)
[58.877s][info][gc,heap        ] GC(923) ParOldGen: 46420K(349696K)->46620K(349696K)
[58.877s][info][gc,metaspace   ] GC(923) Metaspace: 73023K(73600K)->73023K(73600K) NonClass: 58225K(58496K)->58225K(58496K) Class: 14798K(15104K)->14798K(15104K)
[58.877s][info][gc             ] GC(923) Pause Young (Allocation Failure) 213M->47M(510M) 1.064ms
[58.877s][info][gc,cpu         ] GC(923) User=0.00s Sys=0.00s Real=0.00s
[58.919s][info][gc,start       ] GC(924) Pause Young (Allocation Failure)
[58.920s][info][gc,heap        ] GC(924) PSYoungGen: 172352K(172544K)->1920K(172544K) Eden: 170496K(170496K)->0K(170496K) From: 1856K(2048K)->1920K(2048K)
[58.920s][info][gc,heap        ] GC(924) ParOldGen: 46620K(349696K)->46788K(349696K)
[58.920s][info][gc,metaspace   ] GC(924) Metaspace: 73023K(73600K)->73023K(73600K) NonClass: 58225K(58496K)->58225K(58496K) Class: 14798K(15104K)->14798K(15104K)
[58.920s][info][gc             ] GC(924) Pause Young (Allocation Failure) 213M->47M(510M) 1.096ms
[58.920s][info][gc,cpu         ] GC(924) User=0.00s Sys=0.00s Real=0.00s
[58.962s][info][gc,start       ] GC(925) Pause Young (Allocation Failure)
[58.963s][info][gc,heap        ] GC(925) PSYoungGen: 172416K(172544K)->1888K(172544K) Eden: 170496K(170496K)->0K(170496K) From: 1920K(2048K)->1888K(2048K)
[58.963s][info][gc,heap        ] GC(925) ParOldGen: 46788K(349696K)->46924K(349696K)
[58.963s][info][gc,metaspace   ] GC(925) Metaspace: 73023K(73600K)->73023K(73600K) NonClass: 58225K(58496K)->58225K(58496K) Class: 14798K(15104K)->14798K(15104K)
[58.963s][info][gc             ] GC(925) Pause Young (Allocation Failure) 214M->47M(510M) 1.148ms
[58.963s][info][gc,cpu         ] GC(925) User=0.00s Sys=0.00s Real=0.00s
[59.004s][info][gc,start       ] GC(926) Pause Young (Allocation Failure)
[59.005s][info][gc,heap        ] GC(926) PSYoungGen: 172384K(172544K)->1856K(172544K) Eden: 170496K(170496K)->0K(170496K) From: 1888K(2048K)->1856K(2048K)
[59.005s][info][gc,heap        ] GC(926) ParOldGen: 46924K(349696K)->47124K(349696K)
[59.005s][info][gc,metaspace   ] GC(926) Metaspace: 73023K(73600K)->73023K(73600K) NonClass: 58225K(58496K)->58225K(58496K) Class: 14798K(15104K)->14798K(15104K)
[59.005s][info][gc             ] GC(926) Pause Young (Allocation Failure) 214M->47M(510M) 1.158ms
[59.005s][info][gc,cpu         ] GC(926) User=0.00s Sys=0.00s Real=0.00s
[59.047s][info][gc,start       ] GC(927) Pause Young (Allocation Failure)
[59.048s][info][gc,heap        ] GC(927) PSYoungGen: 172352K(172544K)->1824K(172544K) Eden: 170496K(170496K)->0K(170496K) From: 1856K(2048K)->1824K(2048K)
[59.048s][info][gc,heap        ] GC(927) ParOldGen: 47124K(349696K)->47300K(349696K)
[59.048s][info][gc,metaspace   ] GC(927) Metaspace: 73023K(73600K)->73023K(73600K) NonClass: 58225K(58496K)->58225K(58496K) Class: 14798K(15104K)->14798K(15104K)
[59.048s][info][gc             ] GC(927) Pause Young (Allocation Failure) 214M->47M(510M) 1.174ms
[59.048s][info][gc,cpu         ] GC(927) User=0.00s Sys=0.00s Real=0.00s
[59.090s][info][gc,start       ] GC(928) Pause Young (Allocation Failure)
[59.091s][info][gc,heap        ] GC(928) PSYoungGen: 172320K(172544K)->1888K(172544K) Eden: 170496K(170496K)->0K(170496K) From: 1824K(2048K)->1888K(2048K)
[59.091s][info][gc,heap        ] GC(928) ParOldGen: 47300K(349696K)->47476K(349696K)
[59.091s][info][gc,metaspace   ] GC(928) Metaspace: 73023K(73600K)->73023K(73600K) NonClass: 58225K(58496K)->58225K(58496K) Class: 14798K(15104K)->14798K(15104K)
[59.091s][info][gc             ] GC(928) Pause Young (Allocation Failure) 214M->48M(510M) 1.151ms
[59.091s][info][gc,cpu         ] GC(928) User=0.00s Sys=0.00s Real=0.00s
[59.134s][info][gc,start       ] GC(929) Pause Young (Allocation Failure)
[59.136s][info][gc,heap        ] GC(929) PSYoungGen: 172384K(172544K)->1824K(172544K) Eden: 170496K(170496K)->0K(170496K) From: 1888K(2048K)->1824K(2048K)
[59.136s][info][gc,heap        ] GC(929) ParOldGen: 47476K(349696K)->47732K(349696K)
[59.136s][info][gc,metaspace   ] GC(929) Metaspace: 73023K(73600K)->73023K(73600K) NonClass: 58225K(58496K)->58225K(58496K) Class: 14798K(15104K)->14798K(15104K)
[59.136s][info][gc             ] GC(929) Pause Young (Allocation Failure) 214M->48M(510M) 1.212ms
[59.136s][info][gc,cpu         ] GC(929) User=0.00s Sys=0.00s Real=0.00s
[59.180s][info][gc,start       ] GC(930) Pause Young (Allocation Failure)
[59.181s][info][gc,heap        ] GC(930) PSYoungGen: 172320K(172544K)->1856K(172544K) Eden: 170496K(170496K)->0K(170496K) From: 1824K(2048K)->1856K(2048K)
[59.181s][info][gc,heap        ] GC(930) ParOldGen: 47732K(349696K)->47924K(349696K)
[59.181s][info][gc,metaspace   ] GC(930) Metaspace: 73023K(73600K)->73023K(73600K) NonClass: 58225K(58496K)->58225K(58496K) Class: 14798K(15104K)->14798K(15104K)
[59.181s][info][gc             ] GC(930) Pause Young (Allocation Failure) 214M->48M(510M) 1.189ms
[59.181s][info][gc,cpu         ] GC(930) User=0.00s Sys=0.00s Real=0.00s
[59.224s][info][gc,start       ] GC(931) Pause Young (Allocation Failure)
[59.225s][info][gc,heap        ] GC(931) PSYoungGen: 172352K(172544K)->1792K(172544K) Eden: 170496K(170496K)->0K(170496K) From: 1856K(2048K)->1792K(2048K)
[59.225s][info][gc,heap        ] GC(931) ParOldGen: 47924K(349696K)->48084K(349696K)
[59.225s][info][gc,metaspace   ] GC(931) Metaspace: 73023K(73600K)->73023K(73600K) NonClass: 58225K(58496K)->58225K(58496K) Class: 14798K(15104K)->14798K(15104K)
[59.225s][info][gc             ] GC(931) Pause Young (Allocation Failure) 215M->48M(510M) 1.215ms
[59.225s][info][gc,cpu         ] GC(931) User=0.00s Sys=0.00s Real=0.00s
[59.267s][info][gc,start       ] GC(932) Pause Young (Allocation Failure)
[59.268s][info][gc,heap        ] GC(932) PSYoungGen: 172288K(172544K)->1888K(172544K) Eden: 170496K(170496K)->0K(170496K) From: 1792K(2048K)->1888K(2048K)
[59.268s][info][gc,heap        ] GC(932) ParOldGen: 48084K(349696K)->48228K(349696K)
[59.268s][info][gc,metaspace   ] GC(932) Metaspace: 73023K(73600K)->73023K(73600K) NonClass: 58225K(58496K)->58225K(58496K) Class: 14798K(15104K)->14798K(15104K)
[59.268s][info][gc             ] GC(932) Pause Young (Allocation Failure) 215M->48M(510M) 1.133ms
[59.268s][info][gc,cpu         ] GC(932) User=0.00s Sys=0.00s Real=0.00s
[59.310s][info][gc,start       ] GC(933) Pause Young (Allocation Failure)
[59.311s][info][gc,heap        ] GC(933) PSYoungGen: 172384K(172544K)->1792K(172544K) Eden: 170496K(170496K)->0K(170496K) From: 1888K(2048K)->1792K(2048K)
[59.311s][info][gc,heap        ] GC(933) ParOldGen: 48228K(349696K)->48372K(349696K)
[59.311s][info][gc,metaspace   ] GC(933) Metaspace: 73023K(73600K)->73023K(73600K) NonClass: 58225K(58496K)->58225K(58496K) Class: 14798K(15104K)->14798K(15104K)
[59.311s][info][gc             ] GC(933) Pause Young (Allocation Failure) 215M->48M(510M) 1.164ms
[59.311s][info][gc,cpu         ] GC(933) User=0.00s Sys=0.00s Real=0.00s
[59.353s][info][gc,start       ] GC(934) Pause Young (Allocation Failure)
[59.354s][info][gc,heap        ] GC(934) PSYoungGen: 172288K(172544K)->1856K(172544K) Eden: 170496K(170496K)->0K(170496K) From: 1792K(2048K)->1856K(2048K)
[59.354s][info][gc,heap        ] GC(934) ParOldGen: 48372K(349696K)->48556K(349696K)
[59.354s][info][gc,metaspace   ] GC(934) Metaspace: 73023K(73600K)->73023K(73600K) NonClass: 58225K(58496K)->58225K(58496K) Class: 14798K(15104K)->14798K(15104K)
[59.354s][info][gc             ] GC(934) Pause Young (Allocation Failure) 215M->49M(510M) 1.190ms
[59.354s][info][gc,cpu         ] GC(934) User=0.00s Sys=0.00s Real=0.00s
[59.396s][info][gc,start       ] GC(935) Pause Young (Allocation Failure)
[59.417s][info][gc,heap        ] GC(935) PSYoungGen: 172352K(172544K)->1824K(172544K) Eden: 170496K(170496K)->0K(170496K) From: 1856K(2048K)->1824K(2048K)
[59.417s][info][gc,heap        ] GC(935) ParOldGen: 48556K(349696K)->48740K(349696K)
[59.417s][info][gc,metaspace   ] GC(935) Metaspace: 73023K(73600K)->73023K(73600K) NonClass: 58225K(58496K)->58225K(58496K) Class: 14798K(15104K)->14798K(15104K)
[59.417s][info][gc             ] GC(935) Pause Young (Allocation Failure) 215M->49M(510M) 21.689ms
[59.417s][info][gc,cpu         ] GC(935) User=0.00s Sys=0.00s Real=0.02s
[59.463s][info][gc,start       ] GC(936) Pause Young (Allocation Failure)
[59.464s][info][gc,heap        ] GC(936) PSYoungGen: 172319K(172544K)->1856K(172544K) Eden: 170495K(170496K)->0K(170496K) From: 1824K(2048K)->1856K(2048K)
[59.464s][info][gc,heap        ] GC(936) ParOldGen: 48740K(349696K)->48884K(349696K)
[59.464s][info][gc,metaspace   ] GC(936) Metaspace: 73023K(73600K)->73023K(73600K) NonClass: 58225K(58496K)->58225K(58496K) Class: 14798K(15104K)->14798K(15104K)
[59.464s][info][gc             ] GC(936) Pause Young (Allocation Failure) 215M->49M(510M) 1.186ms
[59.464s][info][gc,cpu         ] GC(936) User=0.00s Sys=0.00s Real=0.00s
[59.506s][info][gc,start       ] GC(937) Pause Young (Allocation Failure)
[59.507s][info][gc,heap        ] GC(937) PSYoungGen: 172352K(172544K)->1856K(172544K) Eden: 170496K(170496K)->0K(170496K) From: 1856K(2048K)->1856K(2048K)
[59.507s][info][gc,heap        ] GC(937) ParOldGen: 48884K(349696K)->49044K(349696K)
[59.507s][info][gc,metaspace   ] GC(937) Metaspace: 73023K(73600K)->73023K(73600K) NonClass: 58225K(58496K)->58225K(58496K) Class: 14798K(15104K)->14798K(15104K)
[59.507s][info][gc             ] GC(937) Pause Young (Allocation Failure) 216M->49M(510M) 1.131ms
[59.507s][info][gc,cpu         ] GC(937) User=0.00s Sys=0.00s Real=0.00s
[59.549s][info][gc,start       ] GC(938) Pause Young (Allocation Failure)
[59.550s][info][gc,heap        ] GC(938) PSYoungGen: 172352K(172544K)->1856K(172544K) Eden: 170496K(170496K)->0K(170496K) From: 1856K(2048K)->1856K(2048K)
[59.550s][info][gc,heap        ] GC(938) ParOldGen: 49044K(349696K)->49196K(349696K)
[59.550s][info][gc,metaspace   ] GC(938) Metaspace: 73023K(73600K)->73023K(73600K) NonClass: 58225K(58496K)->58225K(58496K) Class: 14798K(15104K)->14798K(15104K)
[59.550s][info][gc             ] GC(938) Pause Young (Allocation Failure) 216M->49M(510M) 1.130ms
[59.550s][info][gc,cpu         ] GC(938) User=0.00s Sys=0.00s Real=0.00s
[59.592s][info][gc,start       ] GC(939) Pause Young (Allocation Failure)
[59.593s][info][gc,heap        ] GC(939) PSYoungGen: 172352K(172544K)->1824K(172544K) Eden: 170496K(170496K)->0K(170496K) From: 1856K(2048K)->1824K(2048K)
[59.593s][info][gc,heap        ] GC(939) ParOldGen: 49196K(349696K)->49388K(349696K)
[59.593s][info][gc,metaspace   ] GC(939) Metaspace: 73023K(73600K)->73023K(73600K) NonClass: 58225K(58496K)->58225K(58496K) Class: 14798K(15104K)->14798K(15104K)
[59.593s][info][gc             ] GC(939) Pause Young (Allocation Failure) 216M->50M(510M) 1.123ms
[59.593s][info][gc,cpu         ] GC(939) User=0.00s Sys=0.00s Real=0.00s
[59.635s][info][gc,start       ] GC(940) Pause Young (Allocation Failure)
[59.636s][info][gc,heap        ] GC(940) PSYoungGen: 172320K(172544K)->1888K(172544K) Eden: 170496K(170496K)->0K(170496K) From: 1824K(2048K)->1888K(2048K)
[59.636s][info][gc,heap        ] GC(940) ParOldGen: 49388K(349696K)->49580K(349696K)
[59.636s][info][gc,metaspace   ] GC(940) Metaspace: 73025K(73600K)->73025K(73600K) NonClass: 58226K(58496K)->58226K(58496K) Class: 14798K(15104K)->14798K(15104K)
[59.637s][info][gc             ] GC(940) Pause Young (Allocation Failure) 216M->50M(510M) 1.174ms
[59.637s][info][gc,cpu         ] GC(940) User=0.00s Sys=0.00s Real=0.00s
[59.678s][info][gc,start       ] GC(941) Pause Young (Allocation Failure)
[59.679s][info][gc,heap        ] GC(941) PSYoungGen: 172383K(172544K)->1792K(172544K) Eden: 170495K(170496K)->0K(170496K) From: 1888K(2048K)->1792K(2048K)
[59.679s][info][gc,heap        ] GC(941) ParOldGen: 49580K(349696K)->49788K(349696K)
[59.679s][info][gc,metaspace   ] GC(941) Metaspace: 73025K(73600K)->73025K(73600K) NonClass: 58226K(58496K)->58226K(58496K) Class: 14798K(15104K)->14798K(15104K)
[59.680s][info][gc             ] GC(941) Pause Young (Allocation Failure) 216M->50M(510M) 1.133ms
[59.680s][info][gc,cpu         ] GC(941) User=0.00s Sys=0.00s Real=0.00s
[59.721s][info][gc,start       ] GC(942) Pause Young (Allocation Failure)
[59.722s][info][gc,heap        ] GC(942) PSYoungGen: 172288K(172544K)->1856K(172544K) Eden: 170496K(170496K)->0K(170496K) From: 1792K(2048K)->1856K(2048K)
[59.722s][info][gc,heap        ] GC(942) ParOldGen: 49788K(349696K)->49948K(349696K)
[59.722s][info][gc,metaspace   ] GC(942) Metaspace: 73025K(73600K)->73025K(73600K) NonClass: 58226K(58496K)->58226K(58496K) Class: 14798K(15104K)->14798K(15104K)
[59.722s][info][gc             ] GC(942) Pause Young (Allocation Failure) 216M->50M(510M) 1.096ms
[59.722s][info][gc,cpu         ] GC(942) User=0.00s Sys=0.00s Real=0.00s
[59.764s][info][gc,start       ] GC(943) Pause Young (Allocation Failure)
[59.765s][info][gc,heap        ] GC(943) PSYoungGen: 172352K(172544K)->1824K(172544K) Eden: 170496K(170496K)->0K(170496K) From: 1856K(2048K)->1824K(2048K)
[59.765s][info][gc,heap        ] GC(943) ParOldGen: 49948K(349696K)->50124K(349696K)
[59.765s][info][gc,metaspace   ] GC(943) Metaspace: 73025K(73600K)->73025K(73600K) NonClass: 58226K(58496K)->58226K(58496K) Class: 14798K(15104K)->14798K(15104K)
[59.765s][info][gc             ] GC(943) Pause Young (Allocation Failure) 217M->50M(510M) 1.097ms
[59.765s][info][gc,cpu         ] GC(943) User=0.00s Sys=0.00s Real=0.00s
[59.807s][info][gc,start       ] GC(944) Pause Young (Allocation Failure)
[59.808s][info][gc,heap        ] GC(944) PSYoungGen: 172320K(172544K)->1824K(172544K) Eden: 170496K(170496K)->0K(170496K) From: 1824K(2048K)->1824K(2048K)
[59.808s][info][gc,heap        ] GC(944) ParOldGen: 50124K(349696K)->50292K(349696K)
[59.808s][info][gc,metaspace   ] GC(944) Metaspace: 73025K(73600K)->73025K(73600K) NonClass: 58226K(58496K)->58226K(58496K) Class: 14798K(15104K)->14798K(15104K)
[59.808s][info][gc             ] GC(944) Pause Young (Allocation Failure) 217M->50M(510M) 1.140ms
[59.808s][info][gc,cpu         ] GC(944) User=0.00s Sys=0.00s Real=0.00s
[59.850s][info][gc,start       ] GC(945) Pause Young (Allocation Failure)
[59.851s][info][gc,heap        ] GC(945) PSYoungGen: 172320K(172544K)->1952K(172544K) Eden: 170496K(170496K)->0K(170496K) From: 1824K(2048K)->1952K(2048K)
[59.851s][info][gc,heap        ] GC(945) ParOldGen: 50292K(349696K)->50476K(349696K)
[59.851s][info][gc,metaspace   ] GC(945) Metaspace: 73025K(73600K)->73025K(73600K) NonClass: 58226K(58496K)->58226K(58496K) Class: 14798K(15104K)->14798K(15104K)
[59.851s][info][gc             ] GC(945) Pause Young (Allocation Failure) 217M->51M(510M) 1.147ms
[59.851s][info][gc,cpu         ] GC(945) User=0.00s Sys=0.00s Real=0.00s
[59.893s][info][gc,start       ] GC(946) Pause Young (Allocation Failure)
[59.894s][info][gc,heap        ] GC(946) PSYoungGen: 172447K(172544K)->1888K(172544K) Eden: 170495K(170496K)->0K(170496K) From: 1952K(2048K)->1888K(2048K)
[59.894s][info][gc,heap        ] GC(946) ParOldGen: 50476K(349696K)->50660K(349696K)
[59.894s][info][gc,metaspace   ] GC(946) Metaspace: 73025K(73600K)->73025K(73600K) NonClass: 58226K(58496K)->58226K(58496K) Class: 14798K(15104K)->14798K(15104K)
[59.894s][info][gc             ] GC(946) Pause Young (Allocation Failure) 217M->51M(510M) 1.126ms
[59.894s][info][gc,cpu         ] GC(946) User=0.00s Sys=0.00s Real=0.00s
[59.936s][info][gc,start       ] GC(947) Pause Young (Allocation Failure)
[59.937s][info][gc,heap        ] GC(947) PSYoungGen: 172383K(172544K)->1856K(172544K) Eden: 170495K(170496K)->0K(170496K) From: 1888K(2048K)->1856K(2048K)
[59.937s][info][gc,heap        ] GC(947) ParOldGen: 50660K(349696K)->50852K(349696K)
[59.937s][info][gc,metaspace   ] GC(947) Metaspace: 73025K(73600K)->73025K(73600K) NonClass: 58226K(58496K)->58226K(58496K) Class: 14798K(15104K)->14798K(15104K)
[59.937s][info][gc             ] GC(947) Pause Young (Allocation Failure) 217M->51M(510M) 1.134ms
[59.937s][info][gc,cpu         ] GC(947) User=0.00s Sys=0.00s Real=0.00s
[59.979s][info][gc,start       ] GC(948) Pause Young (Allocation Failure)
[59.980s][info][gc,heap        ] GC(948) PSYoungGen: 172352K(172544K)->1888K(172544K) Eden: 170496K(170496K)->0K(170496K) From: 1856K(2048K)->1888K(2048K)
[59.980s][info][gc,heap        ] GC(948) ParOldGen: 50852K(349696K)->51052K(349696K)
[59.980s][info][gc,metaspace   ] GC(948) Metaspace: 73025K(73600K)->73025K(73600K) NonClass: 58226K(58496K)->58226K(58496K) Class: 14798K(15104K)->14798K(15104K)
[59.980s][info][gc             ] GC(948) Pause Young (Allocation Failure) 217M->51M(510M) 1.104ms
[59.980s][info][gc,cpu         ] GC(948) User=0.00s Sys=0.00s Real=0.00s
[60.022s][info][gc,start       ] GC(949) Pause Young (Allocation Failure)
[60.023s][info][gc,heap        ] GC(949) PSYoungGen: 172384K(172544K)->1856K(172544K) Eden: 170496K(170496K)->0K(170496K) From: 1888K(2048K)->1856K(2048K)
[60.023s][info][gc,heap        ] GC(949) ParOldGen: 51052K(349696K)->51236K(349696K)
[60.023s][info][gc,metaspace   ] GC(949) Metaspace: 73025K(73600K)->73025K(73600K) NonClass: 58226K(58496K)->58226K(58496K) Class: 14798K(15104K)->14798K(15104K)
[60.023s][info][gc             ] GC(949) Pause Young (Allocation Failure) 218M->51M(510M) 1.095ms
[60.023s][info][gc,cpu         ] GC(949) User=0.00s Sys=0.00s Real=0.00s
[60.065s][info][gc,start       ] GC(950) Pause Young (Allocation Failure)
[60.066s][info][gc,heap        ] GC(950) PSYoungGen: 172352K(172544K)->1888K(172544K) Eden: 170496K(170496K)->0K(170496K) From: 1856K(2048K)->1888K(2048K)
[60.066s][info][gc,heap        ] GC(950) ParOldGen: 51236K(349696K)->51444K(349696K)
[60.066s][info][gc,metaspace   ] GC(950) Metaspace: 73025K(73600K)->73025K(73600K) NonClass: 58226K(58496K)->58226K(58496K) Class: 14798K(15104K)->14798K(15104K)
[60.066s][info][gc             ] GC(950) Pause Young (Allocation Failure) 218M->52M(510M) 1.144ms
[60.066s][info][gc,cpu         ] GC(950) User=0.00s Sys=0.00s Real=0.00s
[60.108s][info][gc,start       ] GC(951) Pause Young (Allocation Failure)
[60.109s][info][gc,heap        ] GC(951) PSYoungGen: 172384K(172544K)->1888K(172544K) Eden: 170496K(170496K)->0K(170496K) From: 1888K(2048K)->1888K(2048K)
[60.109s][info][gc,heap        ] GC(951) ParOldGen: 51444K(349696K)->51700K(349696K)
[60.109s][info][gc,metaspace   ] GC(951) Metaspace: 73025K(73600K)->73025K(73600K) NonClass: 58226K(58496K)->58226K(58496K) Class: 14798K(15104K)->14798K(15104K)
[60.109s][info][gc             ] GC(951) Pause Young (Allocation Failure) 218M->52M(510M) 1.155ms
[60.109s][info][gc,cpu         ] GC(951) User=0.00s Sys=0.00s Real=0.00s
[60.152s][info][gc,start       ] GC(952) Pause Young (Allocation Failure)
[60.153s][info][gc,heap        ] GC(952) PSYoungGen: 172384K(172544K)->1792K(172544K) Eden: 170496K(170496K)->0K(170496K) From: 1888K(2048K)->1792K(2048K)
[60.153s][info][gc,heap        ] GC(952) ParOldGen: 51700K(349696K)->51948K(349696K)
[60.153s][info][gc,metaspace   ] GC(952) Metaspace: 73025K(73600K)->73025K(73600K) NonClass: 58226K(58496K)->58226K(58496K) Class: 14798K(15104K)->14798K(15104K)
[60.153s][info][gc             ] GC(952) Pause Young (Allocation Failure) 218M->52M(510M) 1.155ms
[60.153s][info][gc,cpu         ] GC(952) User=0.00s Sys=0.00s Real=0.00s
[60.195s][info][gc,start       ] GC(953) Pause Young (Allocation Failure)
[60.196s][info][gc,heap        ] GC(953) PSYoungGen: 172288K(172544K)->1888K(172544K) Eden: 170496K(170496K)->0K(170496K) From: 1792K(2048K)->1888K(2048K)
[60.196s][info][gc,heap        ] GC(953) ParOldGen: 51948K(349696K)->52108K(349696K)
[60.196s][info][gc,metaspace   ] GC(953) Metaspace: 73025K(73600K)->73025K(73600K) NonClass: 58226K(58496K)->58226K(58496K) Class: 14798K(15104K)->14798K(15104K)
[60.196s][info][gc             ] GC(953) Pause Young (Allocation Failure) 218M->52M(510M) 1.113ms
[60.196s][info][gc,cpu         ] GC(953) User=0.00s Sys=0.00s Real=0.00s
[60.238s][info][gc,start       ] GC(954) Pause Young (Allocation Failure)
[60.239s][info][gc,heap        ] GC(954) PSYoungGen: 172384K(172544K)->1856K(172544K) Eden: 170496K(170496K)->0K(170496K) From: 1888K(2048K)->1856K(2048K)
[60.239s][info][gc,heap        ] GC(954) ParOldGen: 52108K(349696K)->52252K(349696K)
[60.239s][info][gc,metaspace   ] GC(954) Metaspace: 73025K(73600K)->73025K(73600K) NonClass: 58226K(58496K)->58226K(58496K) Class: 14798K(15104K)->14798K(15104K)
[60.239s][info][gc             ] GC(954) Pause Young (Allocation Failure) 219M->52M(510M) 1.247ms
[60.240s][info][gc,cpu         ] GC(954) User=0.00s Sys=0.00s Real=0.00s
[60.281s][info][gc,start       ] GC(955) Pause Young (Allocation Failure)
[60.282s][info][gc,heap        ] GC(955) PSYoungGen: 172352K(172544K)->1856K(172544K) Eden: 170496K(170496K)->0K(170496K) From: 1856K(2048K)->1856K(2048K)
[60.282s][info][gc,heap        ] GC(955) ParOldGen: 52252K(349696K)->52420K(349696K)
[60.282s][info][gc,metaspace   ] GC(955) Metaspace: 73025K(73600K)->73025K(73600K) NonClass: 58226K(58496K)->58226K(58496K) Class: 14798K(15104K)->14798K(15104K)
[60.282s][info][gc             ] GC(955) Pause Young (Allocation Failure) 219M->53M(510M) 1.143ms
[60.282s][info][gc,cpu         ] GC(955) User=0.52s Sys=0.00s Real=0.00s
[60.324s][info][gc,start       ] GC(956) Pause Young (Allocation Failure)
[60.326s][info][gc,heap        ] GC(956) PSYoungGen: 172352K(172544K)->1824K(172544K) Eden: 170496K(170496K)->0K(170496K) From: 1856K(2048K)->1824K(2048K)
[60.326s][info][gc,heap        ] GC(956) ParOldGen: 52420K(349696K)->52612K(349696K)
[60.326s][info][gc,metaspace   ] GC(956) Metaspace: 73025K(73600K)->73025K(73600K) NonClass: 58226K(58496K)->58226K(58496K) Class: 14798K(15104K)->14798K(15104K)
[60.326s][info][gc             ] GC(956) Pause Young (Allocation Failure) 219M->53M(510M) 1.151ms
[60.326s][info][gc,cpu         ] GC(956) User=0.00s Sys=0.00s Real=0.00s
[60.367s][info][gc,start       ] GC(957) Pause Young (Allocation Failure)
[60.368s][info][gc,heap        ] GC(957) PSYoungGen: 172320K(172544K)->1792K(172544K) Eden: 170496K(170496K)->0K(170496K) From: 1824K(2048K)->1792K(2048K)
[60.368s][info][gc,heap        ] GC(957) ParOldGen: 52612K(349696K)->52812K(349696K)
[60.368s][info][gc,metaspace   ] GC(957) Metaspace: 73025K(73600K)->73025K(73600K) NonClass: 58226K(58496K)->58226K(58496K) Class: 14798K(15104K)->14798K(15104K)
[60.368s][info][gc             ] GC(957) Pause Young (Allocation Failure) 219M->53M(510M) 1.170ms
[60.368s][info][gc,cpu         ] GC(957) User=0.00s Sys=0.00s Real=0.00s
[60.410s][info][gc,start       ] GC(958) Pause Young (Allocation Failure)
[60.412s][info][gc,heap        ] GC(958) PSYoungGen: 172288K(172544K)->1888K(172544K) Eden: 170496K(170496K)->0K(170496K) From: 1792K(2048K)->1888K(2048K)
[60.412s][info][gc,heap        ] GC(958) ParOldGen: 52812K(349696K)->52988K(349696K)
[60.412s][info][gc,metaspace   ] GC(958) Metaspace: 73025K(73600K)->73025K(73600K) NonClass: 58226K(58496K)->58226K(58496K) Class: 14798K(15104K)->14798K(15104K)
[60.412s][info][gc             ] GC(958) Pause Young (Allocation Failure) 219M->53M(510M) 1.338ms
[60.412s][info][gc,cpu         ] GC(958) User=0.00s Sys=0.00s Real=0.00s
[60.453s][info][gc,start       ] GC(959) Pause Young (Allocation Failure)
[60.455s][info][gc,heap        ] GC(959) PSYoungGen: 172384K(172544K)->1856K(172544K) Eden: 170496K(170496K)->0K(170496K) From: 1888K(2048K)->1856K(2048K)
[60.455s][info][gc,heap        ] GC(959) ParOldGen: 52988K(349696K)->53172K(349696K)
[60.455s][info][gc,metaspace   ] GC(959) Metaspace: 73025K(73600K)->73025K(73600K) NonClass: 58226K(58496K)->58226K(58496K) Class: 14798K(15104K)->14798K(15104K)
[60.455s][info][gc             ] GC(959) Pause Young (Allocation Failure) 220M->53M(510M) 1.169ms
[60.455s][info][gc,cpu         ] GC(959) User=0.00s Sys=0.00s Real=0.00s
[60.497s][info][gc,start       ] GC(960) Pause Young (Allocation Failure)
[60.498s][info][gc,heap        ] GC(960) PSYoungGen: 172352K(172544K)->1856K(172544K) Eden: 170496K(170496K)->0K(170496K) From: 1856K(2048K)->1856K(2048K)
[60.498s][info][gc,heap        ] GC(960) ParOldGen: 53172K(349696K)->53364K(349696K)
[60.498s][info][gc,metaspace   ] GC(960) Metaspace: 73025K(73600K)->73025K(73600K) NonClass: 58226K(58496K)->58226K(58496K) Class: 14798K(15104K)->14798K(15104K)
[60.498s][info][gc             ] GC(960) Pause Young (Allocation Failure) 220M->53M(510M) 1.159ms
[60.498s][info][gc,cpu         ] GC(960) User=0.00s Sys=0.00s Real=0.00s
[60.540s][info][gc,start       ] GC(961) Pause Young (Allocation Failure)
[60.541s][info][gc,heap        ] GC(961) PSYoungGen: 172352K(172544K)->1856K(172544K) Eden: 170496K(170496K)->0K(170496K) From: 1856K(2048K)->1856K(2048K)
[60.541s][info][gc,heap        ] GC(961) ParOldGen: 53364K(349696K)->53524K(349696K)
[60.541s][info][gc,metaspace   ] GC(961) Metaspace: 73025K(73600K)->73025K(73600K) NonClass: 58226K(58496K)->58226K(58496K) Class: 14798K(15104K)->14798K(15104K)
[60.541s][info][gc             ] GC(961) Pause Young (Allocation Failure) 220M->54M(510M) 1.224ms
[60.541s][info][gc,cpu         ] GC(961) User=0.00s Sys=0.00s Real=0.00s
[60.583s][info][gc,start       ] GC(962) Pause Young (Allocation Failure)
[60.584s][info][gc,heap        ] GC(962) PSYoungGen: 172352K(172544K)->1888K(172544K) Eden: 170496K(170496K)->0K(170496K) From: 1856K(2048K)->1888K(2048K)
[60.584s][info][gc,heap        ] GC(962) ParOldGen: 53524K(349696K)->53700K(349696K)
[60.584s][info][gc,metaspace   ] GC(962) Metaspace: 73025K(73600K)->73025K(73600K) NonClass: 58226K(58496K)->58226K(58496K) Class: 14798K(15104K)->14798K(15104K)
[60.584s][info][gc             ] GC(962) Pause Young (Allocation Failure) 220M->54M(510M) 1.190ms
[60.584s][info][gc,cpu         ] GC(962) User=0.00s Sys=0.00s Real=0.00s
[60.626s][info][gc,start       ] GC(963) Pause Young (Allocation Failure)
[60.627s][info][gc,heap        ] GC(963) PSYoungGen: 172384K(172544K)->1856K(172544K) Eden: 170496K(170496K)->0K(170496K) From: 1888K(2048K)->1856K(2048K)
[60.627s][info][gc,heap        ] GC(963) ParOldGen: 53700K(349696K)->53908K(349696K)
[60.627s][info][gc,metaspace   ] GC(963) Metaspace: 73025K(73600K)->73025K(73600K) NonClass: 58226K(58496K)->58226K(58496K) Class: 14798K(15104K)->14798K(15104K)
[60.627s][info][gc             ] GC(963) Pause Young (Allocation Failure) 220M->54M(510M) 1.108ms
[60.627s][info][gc,cpu         ] GC(963) User=0.00s Sys=0.00s Real=0.00s
[60.669s][info][gc,start       ] GC(964) Pause Young (Allocation Failure)
[60.670s][info][gc,heap        ] GC(964) PSYoungGen: 172352K(172544K)->1888K(172544K) Eden: 170496K(170496K)->0K(170496K) From: 1856K(2048K)->1888K(2048K)
[60.670s][info][gc,heap        ] GC(964) ParOldGen: 53908K(349696K)->54108K(349696K)
[60.670s][info][gc,metaspace   ] GC(964) Metaspace: 73025K(73600K)->73025K(73600K) NonClass: 58226K(58496K)->58226K(58496K) Class: 14798K(15104K)->14798K(15104K)
[60.670s][info][gc             ] GC(964) Pause Young (Allocation Failure) 220M->54M(510M) 1.216ms
[60.670s][info][gc,cpu         ] GC(964) User=0.00s Sys=0.00s Real=0.00s
[60.712s][info][gc,start       ] GC(965) Pause Young (Allocation Failure)
[60.713s][info][gc,heap        ] GC(965) PSYoungGen: 172384K(172544K)->1824K(172544K) Eden: 170496K(170496K)->0K(170496K) From: 1888K(2048K)->1824K(2048K)
[60.713s][info][gc,heap        ] GC(965) ParOldGen: 54108K(349696K)->54300K(349696K)
[60.713s][info][gc,metaspace   ] GC(965) Metaspace: 73025K(73600K)->73025K(73600K) NonClass: 58226K(58496K)->58226K(58496K) Class: 14798K(15104K)->14798K(15104K)
[60.713s][info][gc             ] GC(965) Pause Young (Allocation Failure) 221M->54M(510M) 1.197ms
[60.713s][info][gc,cpu         ] GC(965) User=0.00s Sys=0.00s Real=0.00s
[60.755s][info][gc,start       ] GC(966) Pause Young (Allocation Failure)
[60.756s][info][gc,heap        ] GC(966) PSYoungGen: 172320K(172544K)->1824K(172544K) Eden: 170496K(170496K)->0K(170496K) From: 1824K(2048K)->1824K(2048K)
[60.771s][info][gc,heap        ] GC(966) ParOldGen: 54300K(349696K)->54484K(349696K)
[60.771s][info][gc,metaspace   ] GC(966) Metaspace: 73025K(73600K)->73025K(73600K) NonClass: 58226K(58496K)->58226K(58496K) Class: 14798K(15104K)->14798K(15104K)
[60.771s][info][gc             ] GC(966) Pause Young (Allocation Failure) 221M->54M(510M) 16.062ms
[60.771s][info][gc,cpu         ] GC(966) User=0.00s Sys=0.00s Real=0.02s
[60.816s][info][gc,start       ] GC(967) Pause Young (Allocation Failure)
[60.817s][info][gc,heap        ] GC(967) PSYoungGen: 172320K(172544K)->1888K(172544K) Eden: 170496K(170496K)->0K(170496K) From: 1824K(2048K)->1888K(2048K)
[60.817s][info][gc,heap        ] GC(967) ParOldGen: 54484K(349696K)->54676K(349696K)
[60.817s][info][gc,metaspace   ] GC(967) Metaspace: 73025K(73600K)->73025K(73600K) NonClass: 58226K(58496K)->58226K(58496K) Class: 14798K(15104K)->14798K(15104K)
[60.817s][info][gc             ] GC(967) Pause Young (Allocation Failure) 221M->55M(510M) 1.180ms
[60.817s][info][gc,cpu         ] GC(967) User=0.00s Sys=0.00s Real=0.00s
[60.859s][info][gc,start       ] GC(968) Pause Young (Allocation Failure)
[60.860s][info][gc,heap        ] GC(968) PSYoungGen: 172384K(172544K)->1856K(172544K) Eden: 170496K(170496K)->0K(170496K) From: 1888K(2048K)->1856K(2048K)
[60.860s][info][gc,heap        ] GC(968) ParOldGen: 54676K(349696K)->54844K(349696K)
[60.860s][info][gc,metaspace   ] GC(968) Metaspace: 73025K(73600K)->73025K(73600K) NonClass: 58226K(58496K)->58226K(58496K) Class: 14798K(15104K)->14798K(15104K)
[60.860s][info][gc             ] GC(968) Pause Young (Allocation Failure) 221M->55M(510M) 1.125ms
[60.860s][info][gc,cpu         ] GC(968) User=0.00s Sys=0.00s Real=0.00s
[60.903s][info][gc,start       ] GC(969) Pause Young (Allocation Failure)
[60.904s][info][gc,heap        ] GC(969) PSYoungGen: 172352K(172544K)->1984K(172544K) Eden: 170496K(170496K)->0K(170496K) From: 1856K(2048K)->1984K(2048K)
[60.904s][info][gc,heap        ] GC(969) ParOldGen: 54844K(349696K)->55020K(349696K)
[60.904s][info][gc,metaspace   ] GC(969) Metaspace: 73025K(73600K)->73025K(73600K) NonClass: 58226K(58496K)->58226K(58496K) Class: 14798K(15104K)->14798K(15104K)
[60.904s][info][gc             ] GC(969) Pause Young (Allocation Failure) 221M->55M(510M) 1.219ms
[60.904s][info][gc,cpu         ] GC(969) User=0.00s Sys=0.00s Real=0.00s
[60.946s][info][gc,start       ] GC(970) Pause Young (Allocation Failure)
[60.947s][info][gc,heap        ] GC(970) PSYoungGen: 172480K(172544K)->1856K(172544K) Eden: 170496K(170496K)->0K(170496K) From: 1984K(2048K)->1856K(2048K)
[60.947s][info][gc,heap        ] GC(970) ParOldGen: 55020K(349696K)->55204K(349696K)
[60.947s][info][gc,metaspace   ] GC(970) Metaspace: 73025K(73600K)->73025K(73600K) NonClass: 58226K(58496K)->58226K(58496K) Class: 14798K(15104K)->14798K(15104K)
[60.947s][info][gc             ] GC(970) Pause Young (Allocation Failure) 222M->55M(510M) 1.183ms
[60.947s][info][gc,cpu         ] GC(970) User=0.00s Sys=0.00s Real=0.00s
[60.989s][info][gc,start       ] GC(971) Pause Young (Allocation Failure)
[60.990s][info][gc,heap        ] GC(971) PSYoungGen: 172352K(172544K)->1824K(172544K) Eden: 170496K(170496K)->0K(170496K) From: 1856K(2048K)->1824K(2048K)
[60.990s][info][gc,heap        ] GC(971) ParOldGen: 55204K(349696K)->55372K(349696K)
[60.990s][info][gc,metaspace   ] GC(971) Metaspace: 73025K(73600K)->73025K(73600K) NonClass: 58226K(58496K)->58226K(58496K) Class: 14798K(15104K)->14798K(15104K)
[60.990s][info][gc             ] GC(971) Pause Young (Allocation Failure) 222M->55M(510M) 1.226ms
[60.990s][info][gc,cpu         ] GC(971) User=0.00s Sys=0.00s Real=0.00s
[61.032s][info][gc,start       ] GC(972) Pause Young (Allocation Failure)
[61.033s][info][gc,heap        ] GC(972) PSYoungGen: 172320K(172544K)->1792K(172544K) Eden: 170496K(170496K)->0K(170496K) From: 1824K(2048K)->1792K(2048K)
[61.033s][info][gc,heap        ] GC(972) ParOldGen: 55372K(349696K)->55532K(349696K)
[61.033s][info][gc,metaspace   ] GC(972) Metaspace: 73025K(73600K)->73025K(73600K) NonClass: 58226K(58496K)->58226K(58496K) Class: 14798K(15104K)->14798K(15104K)
[61.033s][info][gc             ] GC(972) Pause Young (Allocation Failure) 222M->55M(510M) 1.126ms
[61.033s][info][gc,cpu         ] GC(972) User=0.00s Sys=0.00s Real=0.00s
[61.075s][info][gc,start       ] GC(973) Pause Young (Allocation Failure)
[61.076s][info][gc,heap        ] GC(973) PSYoungGen: 172288K(172544K)->1856K(172544K) Eden: 170496K(170496K)->0K(170496K) From: 1792K(2048K)->1856K(2048K)
[61.076s][info][gc,heap        ] GC(973) ParOldGen: 55532K(349696K)->55700K(349696K)
[61.076s][info][gc,metaspace   ] GC(973) Metaspace: 73025K(73600K)->73025K(73600K) NonClass: 58226K(58496K)->58226K(58496K) Class: 14798K(15104K)->14798K(15104K)
[61.076s][info][gc             ] GC(973) Pause Young (Allocation Failure) 222M->56M(510M) 1.146ms
[61.076s][info][gc,cpu         ] GC(973) User=0.00s Sys=0.00s Real=0.00s
[61.118s][info][gc,start       ] GC(974) Pause Young (Allocation Failure)
[61.119s][info][gc,heap        ] GC(974) PSYoungGen: 172352K(172544K)->1824K(172544K) Eden: 170496K(170496K)->0K(170496K) From: 1856K(2048K)->1824K(2048K)
[61.119s][info][gc,heap        ] GC(974) ParOldGen: 55700K(349696K)->55964K(349696K)
[61.119s][info][gc,metaspace   ] GC(974) Metaspace: 73025K(73600K)->73025K(73600K) NonClass: 58226K(58496K)->58226K(58496K) Class: 14798K(15104K)->14798K(15104K)
[61.119s][info][gc             ] GC(974) Pause Young (Allocation Failure) 222M->56M(510M) 1.130ms
[61.119s][info][gc,cpu         ] GC(974) User=0.00s Sys=0.00s Real=0.00s
[61.161s][info][gc,start       ] GC(975) Pause Young (Allocation Failure)
[61.162s][info][gc,heap        ] GC(975) PSYoungGen: 172320K(172544K)->1824K(172544K) Eden: 170496K(170496K)->0K(170496K) From: 1824K(2048K)->1824K(2048K)
[61.162s][info][gc,heap        ] GC(975) ParOldGen: 55964K(349696K)->56164K(349696K)
[61.162s][info][gc,metaspace   ] GC(975) Metaspace: 73025K(73600K)->73025K(73600K) NonClass: 58226K(58496K)->58226K(58496K) Class: 14798K(15104K)->14798K(15104K)
[61.162s][info][gc             ] GC(975) Pause Young (Allocation Failure) 222M->56M(510M) 1.192ms
[61.162s][info][gc,cpu         ] GC(975) User=0.00s Sys=0.00s Real=0.00s
[61.204s][info][gc,start       ] GC(976) Pause Young (Allocation Failure)
[61.205s][info][gc,heap        ] GC(976) PSYoungGen: 172320K(172544K)->1888K(172544K) Eden: 170496K(170496K)->0K(170496K) From: 1824K(2048K)->1888K(2048K)
[61.205s][info][gc,heap        ] GC(976) ParOldGen: 56164K(349696K)->56332K(349696K)
[61.205s][info][gc,metaspace   ] GC(976) Metaspace: 73025K(73600K)->73025K(73600K) NonClass: 58226K(58496K)->58226K(58496K) Class: 14798K(15104K)->14798K(15104K)
[61.205s][info][gc             ] GC(976) Pause Young (Allocation Failure) 223M->56M(510M) 1.091ms
[61.205s][info][gc,cpu         ] GC(976) User=0.00s Sys=0.00s Real=0.00s
[61.247s][info][gc,start       ] GC(977) Pause Young (Allocation Failure)
[61.248s][info][gc,heap        ] GC(977) PSYoungGen: 172384K(172544K)->1824K(172544K) Eden: 170496K(170496K)->0K(170496K) From: 1888K(2048K)->1824K(2048K)
[61.248s][info][gc,heap        ] GC(977) ParOldGen: 56332K(349696K)->56540K(349696K)
[61.248s][info][gc,metaspace   ] GC(977) Metaspace: 73025K(73600K)->73025K(73600K) NonClass: 58226K(58496K)->58226K(58496K) Class: 14798K(15104K)->14798K(15104K)
[61.248s][info][gc             ] GC(977) Pause Young (Allocation Failure) 223M->56M(510M) 1.147ms
[61.248s][info][gc,cpu         ] GC(977) User=0.00s Sys=0.00s Real=0.00s
[61.290s][info][gc,start       ] GC(978) Pause Young (Allocation Failure)
[61.291s][info][gc,heap        ] GC(978) PSYoungGen: 172320K(172544K)->1856K(172544K) Eden: 170496K(170496K)->0K(170496K) From: 1824K(2048K)->1856K(2048K)
[61.291s][info][gc,heap        ] GC(978) ParOldGen: 56540K(349696K)->56716K(349696K)
[61.291s][info][gc,metaspace   ] GC(978) Metaspace: 73025K(73600K)->73025K(73600K) NonClass: 58226K(58496K)->58226K(58496K) Class: 14798K(15104K)->14798K(15104K)
[61.291s][info][gc             ] GC(978) Pause Young (Allocation Failure) 223M->57M(510M) 1.130ms
[61.291s][info][gc,cpu         ] GC(978) User=0.00s Sys=0.00s Real=0.00s
[61.333s][info][gc,start       ] GC(979) Pause Young (Allocation Failure)
[61.334s][info][gc,heap        ] GC(979) PSYoungGen: 172352K(172544K)->1888K(172544K) Eden: 170496K(170496K)->0K(170496K) From: 1856K(2048K)->1888K(2048K)
[61.334s][info][gc,heap        ] GC(979) ParOldGen: 56716K(349696K)->56852K(349696K)
[61.334s][info][gc,metaspace   ] GC(979) Metaspace: 73025K(73600K)->73025K(73600K) NonClass: 58226K(58496K)->58226K(58496K) Class: 14798K(15104K)->14798K(15104K)
[61.334s][info][gc             ] GC(979) Pause Young (Allocation Failure) 223M->57M(510M) 1.132ms
[61.334s][info][gc,cpu         ] GC(979) User=0.00s Sys=0.00s Real=0.00s
[61.376s][info][gc,start       ] GC(980) Pause Young (Allocation Failure)
[61.377s][info][gc,heap        ] GC(980) PSYoungGen: 172384K(172544K)->1792K(172544K) Eden: 170496K(170496K)->0K(170496K) From: 1888K(2048K)->1792K(2048K)
[61.377s][info][gc,heap        ] GC(980) ParOldGen: 56852K(349696K)->56948K(349696K)
[61.377s][info][gc,metaspace   ] GC(980) Metaspace: 73025K(73600K)->73025K(73600K) NonClass: 58226K(58496K)->58226K(58496K) Class: 14798K(15104K)->14798K(15104K)
[61.377s][info][gc             ] GC(980) Pause Young (Allocation Failure) 223M->57M(510M) 1.133ms
[61.377s][info][gc,cpu         ] GC(980) User=0.00s Sys=0.00s Real=0.00s
[61.419s][info][gc,start       ] GC(981) Pause Young (Allocation Failure)
[61.420s][info][gc,heap        ] GC(981) PSYoungGen: 172288K(172544K)->1856K(172544K) Eden: 170496K(170496K)->0K(170496K) From: 1792K(2048K)->1856K(2048K)
[61.420s][info][gc,heap        ] GC(981) ParOldGen: 56948K(349696K)->57116K(349696K)
[61.420s][info][gc,metaspace   ] GC(981) Metaspace: 73025K(73600K)->73025K(73600K) NonClass: 58226K(58496K)->58226K(58496K) Class: 14798K(15104K)->14798K(15104K)
[61.420s][info][gc             ] GC(981) Pause Young (Allocation Failure) 223M->57M(510M) 1.110ms
[61.420s][info][gc,cpu         ] GC(981) User=0.00s Sys=0.00s Real=0.00s
[61.462s][info][gc,start       ] GC(982) Pause Young (Allocation Failure)
[61.463s][info][gc,heap        ] GC(982) PSYoungGen: 172352K(172544K)->1856K(172544K) Eden: 170496K(170496K)->0K(170496K) From: 1856K(2048K)->1856K(2048K)
[61.463s][info][gc,heap        ] GC(982) ParOldGen: 57116K(349696K)->57308K(349696K)
[61.463s][info][gc,metaspace   ] GC(982) Metaspace: 73025K(73600K)->73025K(73600K) NonClass: 58226K(58496K)->58226K(58496K) Class: 14798K(15104K)->14798K(15104K)
[61.463s][info][gc             ] GC(982) Pause Young (Allocation Failure) 224M->57M(510M) 1.074ms
[61.463s][info][gc,cpu         ] GC(982) User=0.00s Sys=0.00s Real=0.00s
[61.505s][info][gc,start       ] GC(983) Pause Young (Allocation Failure)
[61.506s][info][gc,heap        ] GC(983) PSYoungGen: 172352K(172544K)->1856K(172544K) Eden: 170496K(170496K)->0K(170496K) From: 1856K(2048K)->1856K(2048K)
[61.506s][info][gc,heap        ] GC(983) ParOldGen: 57308K(349696K)->57476K(349696K)
[61.506s][info][gc,metaspace   ] GC(983) Metaspace: 73025K(73600K)->73025K(73600K) NonClass: 58226K(58496K)->58226K(58496K) Class: 14798K(15104K)->14798K(15104K)
[61.506s][info][gc             ] GC(983) Pause Young (Allocation Failure) 224M->57M(510M) 1.178ms
[61.506s][info][gc,cpu         ] GC(983) User=0.00s Sys=0.00s Real=0.00s
[61.548s][info][gc,start       ] GC(984) Pause Young (Allocation Failure)
[61.549s][info][gc,heap        ] GC(984) PSYoungGen: 172352K(172544K)->1856K(172544K) Eden: 170496K(170496K)->0K(170496K) From: 1856K(2048K)->1856K(2048K)
[61.549s][info][gc,heap        ] GC(984) ParOldGen: 57476K(349696K)->57612K(349696K)
[61.549s][info][gc,metaspace   ] GC(984) Metaspace: 73025K(73600K)->73025K(73600K) NonClass: 58226K(58496K)->58226K(58496K) Class: 14798K(15104K)->14798K(15104K)
[61.549s][info][gc             ] GC(984) Pause Young (Allocation Failure) 224M->58M(510M) 1.127ms
[61.549s][info][gc,cpu         ] GC(984) User=0.00s Sys=0.00s Real=0.00s
[61.590s][info][gc,start       ] GC(985) Pause Young (Allocation Failure)
[61.591s][info][gc,heap        ] GC(985) PSYoungGen: 172352K(172544K)->1920K(172544K) Eden: 170496K(170496K)->0K(170496K) From: 1856K(2048K)->1920K(2048K)
[61.591s][info][gc,heap        ] GC(985) ParOldGen: 57612K(349696K)->57756K(349696K)
[61.591s][info][gc,metaspace   ] GC(985) Metaspace: 73025K(73600K)->73025K(73600K) NonClass: 58226K(58496K)->58226K(58496K) Class: 14798K(15104K)->14798K(15104K)
[61.592s][info][gc             ] GC(985) Pause Young (Allocation Failure) 224M->58M(510M) 1.137ms
[61.592s][info][gc,cpu         ] GC(985) User=0.00s Sys=0.00s Real=0.00s
[61.633s][info][gc,start       ] GC(986) Pause Young (Allocation Failure)
[61.634s][info][gc,heap        ] GC(986) PSYoungGen: 172416K(172544K)->1824K(172544K) Eden: 170496K(170496K)->0K(170496K) From: 1920K(2048K)->1824K(2048K)
[61.634s][info][gc,heap        ] GC(986) ParOldGen: 57756K(349696K)->57924K(349696K)
[61.635s][info][gc,metaspace   ] GC(986) Metaspace: 73025K(73600K)->73025K(73600K) NonClass: 58226K(58496K)->58226K(58496K) Class: 14798K(15104K)->14798K(15104K)
[61.635s][info][gc             ] GC(986) Pause Young (Allocation Failure) 224M->58M(510M) 1.144ms
[61.635s][info][gc,cpu         ] GC(986) User=0.00s Sys=0.00s Real=0.00s
[61.676s][info][gc,start       ] GC(987) Pause Young (Allocation Failure)
[61.677s][info][gc,heap        ] GC(987) PSYoungGen: 172320K(172544K)->1920K(172544K) Eden: 170496K(170496K)->0K(170496K) From: 1824K(2048K)->1920K(2048K)
[61.678s][info][gc,heap        ] GC(987) ParOldGen: 57924K(349696K)->58124K(349696K)
[61.678s][info][gc,metaspace   ] GC(987) Metaspace: 73025K(73600K)->73025K(73600K) NonClass: 58226K(58496K)->58226K(58496K) Class: 14798K(15104K)->14798K(15104K)
[61.678s][info][gc             ] GC(987) Pause Young (Allocation Failure) 224M->58M(510M) 1.181ms
[61.678s][info][gc,cpu         ] GC(987) User=0.00s Sys=0.00s Real=0.00s
[61.720s][info][gc,start       ] GC(988) Pause Young (Allocation Failure)
[61.721s][info][gc,heap        ] GC(988) PSYoungGen: 172416K(172544K)->1856K(172544K) Eden: 170496K(170496K)->0K(170496K) From: 1920K(2048K)->1856K(2048K)
[61.721s][info][gc,heap        ] GC(988) ParOldGen: 58124K(349696K)->58292K(349696K)
[61.721s][info][gc,metaspace   ] GC(988) Metaspace: 73025K(73600K)->73025K(73600K) NonClass: 58226K(58496K)->58226K(58496K) Class: 14798K(15104K)->14798K(15104K)
[61.721s][info][gc             ] GC(988) Pause Young (Allocation Failure) 225M->58M(510M) 1.156ms
[61.721s][info][gc,cpu         ] GC(988) User=0.00s Sys=0.00s Real=0.00s
[61.763s][info][gc,start       ] GC(989) Pause Young (Allocation Failure)
[61.764s][info][gc,heap        ] GC(989) PSYoungGen: 172352K(172544K)->1856K(172544K) Eden: 170496K(170496K)->0K(170496K) From: 1856K(2048K)->1856K(2048K)
[61.764s][info][gc,heap        ] GC(989) ParOldGen: 58292K(349696K)->58524K(349696K)
[61.764s][info][gc,metaspace   ] GC(989) Metaspace: 73025K(73600K)->73025K(73600K) NonClass: 58226K(58496K)->58226K(58496K) Class: 14798K(15104K)->14798K(15104K)
[61.764s][info][gc             ] GC(989) Pause Young (Allocation Failure) 225M->58M(510M) 1.179ms
[61.764s][info][gc,cpu         ] GC(989) User=0.00s Sys=0.00s Real=0.00s
[61.806s][info][gc,start       ] GC(990) Pause Young (Allocation Failure)
[61.807s][info][gc,heap        ] GC(990) PSYoungGen: 172352K(172544K)->1824K(172544K) Eden: 170496K(170496K)->0K(170496K) From: 1856K(2048K)->1824K(2048K)
[61.807s][info][gc,heap        ] GC(990) ParOldGen: 58524K(349696K)->58724K(349696K)
[61.807s][info][gc,metaspace   ] GC(990) Metaspace: 73025K(73600K)->73025K(73600K) NonClass: 58226K(58496K)->58226K(58496K) Class: 14798K(15104K)->14798K(15104K)
[61.807s][info][gc             ] GC(990) Pause Young (Allocation Failure) 225M->59M(510M) 1.130ms
[61.807s][info][gc,cpu         ] GC(990) User=0.00s Sys=0.00s Real=0.00s
[61.850s][info][gc,start       ] GC(991) Pause Young (Allocation Failure)
[61.851s][info][gc,heap        ] GC(991) PSYoungGen: 172320K(172544K)->1824K(172544K) Eden: 170496K(170496K)->0K(170496K) From: 1824K(2048K)->1824K(2048K)
[61.851s][info][gc,heap        ] GC(991) ParOldGen: 58724K(349696K)->58876K(349696K)
[61.851s][info][gc,metaspace   ] GC(991) Metaspace: 73025K(73600K)->73025K(73600K) NonClass: 58226K(58496K)->58226K(58496K) Class: 14798K(15104K)->14798K(15104K)
[61.851s][info][gc             ] GC(991) Pause Young (Allocation Failure) 225M->59M(510M) 1.200ms
[61.851s][info][gc,cpu         ] GC(991) User=0.00s Sys=0.00s Real=0.00s
[61.895s][info][gc,start       ] GC(992) Pause Young (Allocation Failure)
[61.896s][info][gc,heap        ] GC(992) PSYoungGen: 172320K(172544K)->1664K(172544K) Eden: 170496K(170496K)->0K(170496K) From: 1824K(2048K)->1664K(2048K)
[61.896s][info][gc,heap        ] GC(992) ParOldGen: 58876K(349696K)->59108K(349696K)
[61.896s][info][gc,metaspace   ] GC(992) Metaspace: 73025K(73600K)->73025K(73600K) NonClass: 58226K(58496K)->58226K(58496K) Class: 14798K(15104K)->14798K(15104K)
[61.896s][info][gc             ] GC(992) Pause Young (Allocation Failure) 225M->59M(510M) 1.127ms
[61.896s][info][gc,cpu         ] GC(992) User=0.00s Sys=0.00s Real=0.00s
[61.940s][info][gc,start       ] GC(993) Pause Young (Allocation Failure)
[61.941s][info][gc,heap        ] GC(993) PSYoungGen: 172160K(172544K)->1728K(172544K) Eden: 170496K(170496K)->0K(170496K) From: 1664K(2048K)->1728K(2048K)
[61.941s][info][gc,heap        ] GC(993) ParOldGen: 59108K(349696K)->59324K(349696K)
[61.941s][info][gc,metaspace   ] GC(993) Metaspace: 73025K(73600K)->73025K(73600K) NonClass: 58226K(58496K)->58226K(58496K) Class: 14798K(15104K)->14798K(15104K)
[61.941s][info][gc             ] GC(993) Pause Young (Allocation Failure) 225M->59M(510M) 1.089ms
[61.941s][info][gc,cpu         ] GC(993) User=0.00s Sys=0.00s Real=0.00s
[61.985s][info][gc,start       ] GC(994) Pause Young (Allocation Failure)
[61.986s][info][gc,heap        ] GC(994) PSYoungGen: 172224K(172544K)->1728K(172544K) Eden: 170496K(170496K)->0K(170496K) From: 1728K(2048K)->1728K(2048K)
[61.986s][info][gc,heap        ] GC(994) ParOldGen: 59324K(349696K)->59540K(349696K)
[61.986s][info][gc,metaspace   ] GC(994) Metaspace: 73029K(73600K)->73029K(73600K) NonClass: 58230K(58496K)->58230K(58496K) Class: 14798K(15104K)->14798K(15104K)
[61.986s][info][gc             ] GC(994) Pause Young (Allocation Failure) 226M->59M(510M) 1.047ms
[61.986s][info][gc,cpu         ] GC(994) User=0.00s Sys=0.00s Real=0.00s
[62.029s][info][gc,start       ] GC(995) Pause Young (Allocation Failure)
[62.030s][info][gc,heap        ] GC(995) PSYoungGen: 172224K(172544K)->1600K(172544K) Eden: 170496K(170496K)->0K(170496K) From: 1728K(2048K)->1600K(2048K)
[62.030s][info][gc,heap        ] GC(995) ParOldGen: 59540K(349696K)->59756K(349696K)
[62.030s][info][gc,metaspace   ] GC(995) Metaspace: 73029K(73600K)->73029K(73600K) NonClass: 58231K(58496K)->58231K(58496K) Class: 14798K(15104K)->14798K(15104K)
[62.030s][info][gc             ] GC(995) Pause Young (Allocation Failure) 226M->59M(510M) 1.063ms
[62.030s][info][gc,cpu         ] GC(995) User=0.00s Sys=0.00s Real=0.00s
[62.075s][info][gc,start       ] GC(996) Pause Young (Allocation Failure)
[62.076s][info][gc,heap        ] GC(996) PSYoungGen: 172095K(172544K)->1568K(172544K) Eden: 170495K(170496K)->0K(170496K) From: 1600K(2048K)->1568K(2048K)
[62.076s][info][gc,heap        ] GC(996) ParOldGen: 59756K(349696K)->60100K(349696K)
[62.076s][info][gc,metaspace   ] GC(996) Metaspace: 73033K(73600K)->73033K(73600K) NonClass: 58235K(58496K)->58235K(58496K) Class: 14798K(15104K)->14798K(15104K)
[62.076s][info][gc             ] GC(996) Pause Young (Allocation Failure) 226M->60M(510M) 1.023ms
[62.076s][info][gc,cpu         ] GC(996) User=0.00s Sys=0.00s Real=0.00s
[62.121s][info][gc,start       ] GC(997) Pause Young (Allocation Failure)
[62.139s][info][gc,heap        ] GC(997) PSYoungGen: 172064K(172544K)->1600K(172544K) Eden: 170496K(170496K)->0K(170496K) From: 1568K(2048K)->1600K(2048K)
[62.139s][info][gc,heap        ] GC(997) ParOldGen: 60100K(349696K)->60348K(349696K)
[62.139s][info][gc,metaspace   ] GC(997) Metaspace: 73033K(73600K)->73033K(73600K) NonClass: 58235K(58496K)->58235K(58496K) Class: 14798K(15104K)->14798K(15104K)
[62.139s][info][gc             ] GC(997) Pause Young (Allocation Failure) 226M->60M(510M) 17.429ms
[62.139s][info][gc,cpu         ] GC(997) User=0.00s Sys=0.00s Real=0.02s
[62.189s][info][gc,start       ] GC(998) Pause Young (Allocation Failure)
[62.190s][info][gc,heap        ] GC(998) PSYoungGen: 172096K(172544K)->1376K(171520K) Eden: 170496K(170496K)->0K(169472K) From: 1600K(2048K)->1376K(2048K)
[62.190s][info][gc,heap        ] GC(998) ParOldGen: 60348K(349696K)->60500K(349696K)
[62.190s][info][gc,metaspace   ] GC(998) Metaspace: 73033K(73600K)->73033K(73600K) NonClass: 58235K(58496K)->58235K(58496K) Class: 14798K(15104K)->14798K(15104K)
[62.190s][info][gc             ] GC(998) Pause Young (Allocation Failure) 226M->60M(509M) 0.993ms
[62.190s][info][gc,cpu         ] GC(998) User=0.00s Sys=0.00s Real=0.00s
[62.238s][info][gc,start       ] GC(999) Pause Young (Allocation Failure)
[62.238s][info][gc,heap        ] GC(999) PSYoungGen: 170848K(171520K)->1440K(172032K) Eden: 169472K(169472K)->0K(169472K) From: 1376K(2048K)->1440K(2560K)
[62.238s][info][gc,heap        ] GC(999) ParOldGen: 60500K(349696K)->60708K(349696K)
[62.239s][info][gc,metaspace   ] GC(999) Metaspace: 73033K(73600K)->73033K(73600K) NonClass: 58235K(58496K)->58235K(58496K) Class: 14798K(15104K)->14798K(15104K)
[62.239s][info][gc             ] GC(999) Pause Young (Allocation Failure) 225M->60M(509M) 0.947ms
[62.239s][info][gc,cpu         ] GC(999) User=0.00s Sys=0.00s Real=0.00s
[62.286s][info][gc,start       ] GC(1000) Pause Young (Allocation Failure)
[62.287s][info][gc,heap        ] GC(1000) PSYoungGen: 170912K(172032K)->1408K(172032K) Eden: 169472K(169472K)->0K(169472K) From: 1440K(2560K)->1408K(2560K)
[62.287s][info][gc,heap        ] GC(1000) ParOldGen: 60708K(349696K)->60796K(349696K)
[62.287s][info][gc,metaspace   ] GC(1000) Metaspace: 73033K(73600K)->73033K(73600K) NonClass: 58235K(58496K)->58235K(58496K) Class: 14798K(15104K)->14798K(15104K)
[62.287s][info][gc             ] GC(1000) Pause Young (Allocation Failure) 226M->60M(509M) 0.972ms
[62.287s][info][gc,cpu         ] GC(1000) User=0.00s Sys=0.00s Real=0.00s
[62.337s][info][gc,start       ] GC(1001) Pause Young (Allocation Failure)
[62.338s][info][gc,heap        ] GC(1001) PSYoungGen: 170880K(172032K)->1248K(172032K) Eden: 169472K(169472K)->0K(169472K) From: 1408K(2560K)->1248K(2560K)
[62.338s][info][gc,heap        ] GC(1001) ParOldGen: 60796K(349696K)->61028K(349696K)
[62.338s][info][gc,metaspace   ] GC(1001) Metaspace: 73033K(73600K)->73033K(73600K) NonClass: 58235K(58496K)->58235K(58496K) Class: 14798K(15104K)->14798K(15104K)
[62.338s][info][gc             ] GC(1001) Pause Young (Allocation Failure) 226M->60M(509M) 0.934ms
[62.338s][info][gc,cpu         ] GC(1001) User=0.00s Sys=0.00s Real=0.00s
[62.390s][info][gc,start       ] GC(1002) Pause Young (Allocation Failure)
[62.391s][info][gc,heap        ] GC(1002) PSYoungGen: 170720K(172032K)->1312K(172032K) Eden: 169472K(169472K)->0K(169472K) From: 1248K(2560K)->1312K(2560K)
[62.391s][info][gc,heap        ] GC(1002) ParOldGen: 61028K(349696K)->61180K(349696K)
[62.391s][info][gc,metaspace   ] GC(1002) Metaspace: 73033K(73600K)->73033K(73600K) NonClass: 58235K(58496K)->58235K(58496K) Class: 14798K(15104K)->14798K(15104K)
[62.391s][info][gc             ] GC(1002) Pause Young (Allocation Failure) 226M->61M(509M) 1.046ms
[62.391s][info][gc,cpu         ] GC(1002) User=0.02s Sys=0.00s Real=0.00s
[62.449s][info][gc,start       ] GC(1003) Pause Young (Allocation Failure)
[62.450s][info][gc,heap        ] GC(1003) PSYoungGen: 170784K(172032K)->1120K(172032K) Eden: 169472K(169472K)->0K(169472K) From: 1312K(2560K)->1120K(2560K)
[62.450s][info][gc,heap        ] GC(1003) ParOldGen: 61180K(349696K)->61476K(349696K)
[62.450s][info][gc,metaspace   ] GC(1003) Metaspace: 73033K(73600K)->73033K(73600K) NonClass: 58235K(58496K)->58235K(58496K) Class: 14798K(15104K)->14798K(15104K)
[62.450s][info][gc             ] GC(1003) Pause Young (Allocation Failure) 226M->61M(509M) 0.901ms
[62.450s][info][gc,cpu         ] GC(1003) User=0.00s Sys=0.00s Real=0.00s
[62.513s][info][gc,start       ] GC(1004) Pause Young (Allocation Failure)
[62.513s][info][gc,heap        ] GC(1004) PSYoungGen: 170592K(172032K)->1184K(172032K) Eden: 169472K(169472K)->0K(169472K) From: 1120K(2560K)->1184K(2560K)
[62.514s][info][gc,heap        ] GC(1004) ParOldGen: 61476K(349696K)->61628K(349696K)
[62.514s][info][gc,metaspace   ] GC(1004) Metaspace: 73033K(73600K)->73033K(73600K) NonClass: 58235K(58496K)->58235K(58496K) Class: 14798K(15104K)->14798K(15104K)
[62.514s][info][gc             ] GC(1004) Pause Young (Allocation Failure) 226M->61M(509M) 0.901ms
[62.514s][info][gc,cpu         ] GC(1004) User=0.00s Sys=0.00s Real=0.00s
[62.578s][info][gc,start       ] GC(1005) Pause Young (Allocation Failure)
[62.579s][info][gc,heap        ] GC(1005) PSYoungGen: 170656K(172032K)->1152K(172032K) Eden: 169472K(169472K)->0K(169472K) From: 1184K(2560K)->1152K(2560K)
[62.579s][info][gc,heap        ] GC(1005) ParOldGen: 61628K(349696K)->61852K(349696K)
[62.579s][info][gc,metaspace   ] GC(1005) Metaspace: 73033K(73600K)->73033K(73600K) NonClass: 58235K(58496K)->58235K(58496K) Class: 14798K(15104K)->14798K(15104K)
[62.579s][info][gc             ] GC(1005) Pause Young (Allocation Failure) 226M->61M(509M) 0.892ms
[62.579s][info][gc,cpu         ] GC(1005) User=0.52s Sys=0.00s Real=0.00s
[62.645s][info][gc,start       ] GC(1006) Pause Young (Allocation Failure)
[62.646s][info][gc,heap        ] GC(1006) PSYoungGen: 170624K(172032K)->1120K(172032K) Eden: 169472K(169472K)->0K(169472K) From: 1152K(2560K)->1120K(2560K)
[62.646s][info][gc,heap        ] GC(1006) ParOldGen: 61852K(349696K)->61924K(349696K)
[62.646s][info][gc,metaspace   ] GC(1006) Metaspace: 73033K(73600K)->73033K(73600K) NonClass: 58235K(58496K)->58235K(58496K) Class: 14798K(15104K)->14798K(15104K)
[62.646s][info][gc             ] GC(1006) Pause Young (Allocation Failure) 227M->61M(509M) 0.859ms
[62.646s][info][gc,cpu         ] GC(1006) User=0.00s Sys=0.00s Real=0.00s
[62.718s][info][gc,start       ] GC(1007) Pause Young (Allocation Failure)
[62.719s][info][gc,heap        ] GC(1007) PSYoungGen: 170592K(172032K)->1120K(172032K) Eden: 169472K(169472K)->0K(169472K) From: 1120K(2560K)->1120K(2560K)
[62.719s][info][gc,heap        ] GC(1007) ParOldGen: 61924K(349696K)->62132K(349696K)
[62.719s][info][gc,metaspace   ] GC(1007) Metaspace: 73033K(73600K)->73033K(73600K) NonClass: 58235K(58496K)->58235K(58496K) Class: 14798K(15104K)->14798K(15104K)
[62.719s][info][gc             ] GC(1007) Pause Young (Allocation Failure) 227M->61M(509M) 0.818ms
[62.719s][info][gc,cpu         ] GC(1007) User=0.00s Sys=0.00s Real=0.00s
[62.799s][info][gc,start       ] GC(1008) Pause Young (Allocation Failure)
[62.800s][info][gc,heap        ] GC(1008) PSYoungGen: 170592K(172032K)->960K(172032K) Eden: 169472K(169472K)->0K(169472K) From: 1120K(2560K)->960K(2560K)
[62.800s][info][gc,heap        ] GC(1008) ParOldGen: 62132K(349696K)->62340K(349696K)
[62.800s][info][gc,metaspace   ] GC(1008) Metaspace: 73033K(73600K)->73033K(73600K) NonClass: 58235K(58496K)->58235K(58496K) Class: 14798K(15104K)->14798K(15104K)
[62.800s][info][gc             ] GC(1008) Pause Young (Allocation Failure) 227M->61M(509M) 0.824ms
[62.800s][info][gc,cpu         ] GC(1008) User=0.00s Sys=0.00s Real=0.00s
[62.883s][info][gc,start       ] GC(1009) Pause Young (Allocation Failure)
[62.884s][info][gc,heap        ] GC(1009) PSYoungGen: 170432K(172032K)->832K(165888K) Eden: 169472K(169472K)->0K(164864K) From: 960K(2560K)->832K(1024K)
[62.884s][info][gc,heap        ] GC(1009) ParOldGen: 62340K(349696K)->62476K(349696K)
[62.884s][info][gc,metaspace   ] GC(1009) Metaspace: 73033K(73600K)->73033K(73600K) NonClass: 58235K(58496K)->58235K(58496K) Class: 14798K(15104K)->14798K(15104K)
[62.884s][info][gc             ] GC(1009) Pause Young (Allocation Failure) 227M->61M(503M) 0.905ms
[62.884s][info][gc,cpu         ] GC(1009) User=0.00s Sys=0.00s Real=0.00s
[62.969s][info][gc,start       ] GC(1010) Pause Young (Allocation Failure)
[62.969s][info][gc,heap        ] GC(1010) PSYoungGen: 165696K(165888K)->768K(161792K) Eden: 164864K(164864K)->0K(160768K) From: 832K(1024K)->768K(1024K)
[62.969s][info][gc,heap        ] GC(1010) ParOldGen: 62476K(349696K)->62644K(349696K)
[62.969s][info][gc,metaspace   ] GC(1010) Metaspace: 73033K(73600K)->73033K(73600K) NonClass: 58235K(58496K)->58235K(58496K) Class: 14798K(15104K)->14798K(15104K)
[62.969s][info][gc             ] GC(1010) Pause Young (Allocation Failure) 222M->61M(499M) 0.798ms
[62.969s][info][gc,cpu         ] GC(1010) User=0.50s Sys=0.00s Real=0.00s
[63.065s][info][gc,start       ] GC(1011) Pause Young (Allocation Failure)
[63.065s][info][gc,heap        ] GC(1011) PSYoungGen: 161536K(161792K)->672K(157696K) Eden: 160768K(160768K)->0K(156672K) From: 768K(1024K)->672K(1024K)
[63.065s][info][gc,heap        ] GC(1011) ParOldGen: 62644K(349696K)->62780K(349696K)
[63.066s][info][gc,metaspace   ] GC(1011) Metaspace: 73033K(73600K)->73033K(73600K) NonClass: 58235K(58496K)->58235K(58496K) Class: 14798K(15104K)->14798K(15104K)
[63.066s][info][gc             ] GC(1011) Pause Young (Allocation Failure) 218M->61M(495M) 0.707ms
[63.066s][info][gc,cpu         ] GC(1011) User=0.00s Sys=0.00s Real=0.00s
[63.164s][info][gc,start       ] GC(1012) Pause Young (Allocation Failure)
[63.164s][info][gc,heap        ] GC(1012) PSYoungGen: 157344K(157696K)->608K(153600K) Eden: 156672K(156672K)->0K(152576K) From: 672K(1024K)->608K(1024K)
[63.164s][info][gc,heap        ] GC(1012) ParOldGen: 62780K(349696K)->62916K(349696K)
[63.164s][info][gc,metaspace   ] GC(1012) Metaspace: 73033K(73600K)->73033K(73600K) NonClass: 58235K(58496K)->58235K(58496K) Class: 14798K(15104K)->14798K(15104K)
[63.164s][info][gc             ] GC(1012) Pause Young (Allocation Failure) 214M->62M(491M) 0.805ms
[63.165s][info][gc,cpu         ] GC(1012) User=0.00s Sys=0.00s Real=0.00s
[63.260s][info][gc,start       ] GC(1013) Pause Young (Allocation Failure)
[63.261s][info][gc,heap        ] GC(1013) PSYoungGen: 153184K(153600K)->576K(149504K) Eden: 152576K(152576K)->0K(148480K) From: 608K(1024K)->576K(1024K)
[63.261s][info][gc,heap        ] GC(1013) ParOldGen: 62916K(349696K)->62916K(349696K)
[63.261s][info][gc,metaspace   ] GC(1013) Metaspace: 73033K(73600K)->73033K(73600K) NonClass: 58235K(58496K)->58235K(58496K) Class: 14798K(15104K)->14798K(15104K)
[63.261s][info][gc             ] GC(1013) Pause Young (Allocation Failure) 211M->62M(487M) 0.652ms
[63.261s][info][gc,cpu         ] GC(1013) User=0.00s Sys=0.00s Real=0.00s
[63.354s][info][gc,start       ] GC(1014) Pause Young (Allocation Failure)
[63.355s][info][gc,heap        ] GC(1014) PSYoungGen: 149056K(149504K)->640K(145920K) Eden: 148480K(148480K)->0K(144896K) From: 576K(1024K)->640K(1024K)
[63.355s][info][gc,heap        ] GC(1014) ParOldGen: 62916K(349696K)->62964K(349696K)
[63.355s][info][gc,metaspace   ] GC(1014) Metaspace: 73033K(73600K)->73033K(73600K) NonClass: 58235K(58496K)->58235K(58496K) Class: 14798K(15104K)->14798K(15104K)
[63.355s][info][gc             ] GC(1014) Pause Young (Allocation Failure) 207M->62M(484M) 0.877ms
[63.355s][info][gc,cpu         ] GC(1014) User=0.00s Sys=0.00s Real=0.00s
[63.445s][info][gc,start       ] GC(1015) Pause Young (Allocation Failure)
[63.446s][info][gc,heap        ] GC(1015) PSYoungGen: 145536K(145920K)->576K(142336K) Eden: 144896K(144896K)->0K(141312K) From: 640K(1024K)->576K(1024K)
[63.446s][info][gc,heap        ] GC(1015) ParOldGen: 62964K(349696K)->62988K(349696K)
[63.446s][info][gc,metaspace   ] GC(1015) Metaspace: 73033K(73600K)->73033K(73600K) NonClass: 58235K(58496K)->58235K(58496K) Class: 14798K(15104K)->14798K(15104K)
[63.446s][info][gc             ] GC(1015) Pause Young (Allocation Failure) 203M->62M(480M) 0.694ms
[63.446s][info][gc,cpu         ] GC(1015) User=0.28s Sys=0.00s Real=0.02s
[63.534s][info][gc,start       ] GC(1016) Pause Young (Allocation Failure)
[63.535s][info][gc,heap        ] GC(1016) PSYoungGen: 141888K(142336K)->608K(138752K) Eden: 141312K(141312K)->0K(137728K) From: 576K(1024K)->608K(1024K)
[63.535s][info][gc,heap        ] GC(1016) ParOldGen: 62988K(349696K)->63012K(349696K)
[63.535s][info][gc,metaspace   ] GC(1016) Metaspace: 73033K(73600K)->73033K(73600K) NonClass: 58235K(58496K)->58235K(58496K) Class: 14798K(15104K)->14798K(15104K)
[63.535s][info][gc             ] GC(1016) Pause Young (Allocation Failure) 200M->62M(477M) 0.866ms
[63.535s][info][gc,cpu         ] GC(1016) User=0.00s Sys=0.00s Real=0.00s
[63.622s][info][gc,start       ] GC(1017) Pause Young (Allocation Failure)
[63.622s][info][gc,heap        ] GC(1017) PSYoungGen: 138336K(138752K)->576K(135680K) Eden: 137728K(137728K)->0K(134656K) From: 608K(1024K)->576K(1024K)
[63.622s][info][gc,heap        ] GC(1017) ParOldGen: 63012K(349696K)->63084K(349696K)
[63.622s][info][gc,metaspace   ] GC(1017) Metaspace: 73033K(73600K)->73033K(73600K) NonClass: 58235K(58496K)->58235K(58496K) Class: 14798K(15104K)->14798K(15104K)
[63.622s][info][gc             ] GC(1017) Pause Young (Allocation Failure) 196M->62M(474M) 0.651ms
[63.622s][info][gc,cpu         ] GC(1017) User=0.00s Sys=0.00s Real=0.00s
[63.706s][info][gc,start       ] GC(1018) Pause Young (Allocation Failure)
[63.707s][info][gc,heap        ] GC(1018) PSYoungGen: 135232K(135680K)->608K(132608K) Eden: 134656K(134656K)->0K(131584K) From: 576K(1024K)->608K(1024K)
[63.707s][info][gc,heap        ] GC(1018) ParOldGen: 63084K(349696K)->63084K(349696K)
[63.707s][info][gc,metaspace   ] GC(1018) Metaspace: 73033K(73600K)->73033K(73600K) NonClass: 58235K(58496K)->58235K(58496K) Class: 14798K(15104K)->14798K(15104K)
[63.707s][info][gc             ] GC(1018) Pause Young (Allocation Failure) 193M->62M(471M) 0.725ms
[63.707s][info][gc,cpu         ] GC(1018) User=0.00s Sys=0.00s Real=0.00s
[63.789s][info][gc,start       ] GC(1019) Pause Young (Allocation Failure)
[63.790s][info][gc,heap        ] GC(1019) PSYoungGen: 132192K(132608K)->576K(129536K) Eden: 131584K(131584K)->0K(128512K) From: 608K(1024K)->576K(1024K)
[63.790s][info][gc,heap        ] GC(1019) ParOldGen: 63084K(349696K)->63140K(349696K)
[63.790s][info][gc,metaspace   ] GC(1019) Metaspace: 73033K(73600K)->73033K(73600K) NonClass: 58235K(58496K)->58235K(58496K) Class: 14798K(15104K)->14798K(15104K)
[63.790s][info][gc             ] GC(1019) Pause Young (Allocation Failure) 190M->62M(468M) 0.656ms
[63.790s][info][gc,cpu         ] GC(1019) User=0.00s Sys=0.00s Real=0.00s
[63.870s][info][gc,start       ] GC(1020) Pause Young (Allocation Failure)
[63.871s][info][gc,heap        ] GC(1020) PSYoungGen: 129088K(129536K)->576K(126464K) Eden: 128512K(128512K)->0K(125440K) From: 576K(1024K)->576K(1024K)
[63.871s][info][gc,heap        ] GC(1020) ParOldGen: 63140K(349696K)->63188K(349696K)
[63.871s][info][gc,metaspace   ] GC(1020) Metaspace: 73033K(73600K)->73033K(73600K) NonClass: 58235K(58496K)->58235K(58496K) Class: 14798K(15104K)->14798K(15104K)
[63.871s][info][gc             ] GC(1020) Pause Young (Allocation Failure) 187M->62M(465M) 0.792ms
[63.871s][info][gc,cpu         ] GC(1020) User=0.00s Sys=0.00s Real=0.00s
[63.950s][info][gc,start       ] GC(1021) Pause Young (Allocation Failure)
[63.950s][info][gc,heap        ] GC(1021) PSYoungGen: 126016K(126464K)->576K(123904K) Eden: 125440K(125440K)->0K(122880K) From: 576K(1024K)->576K(1024K)
[63.950s][info][gc,heap        ] GC(1021) ParOldGen: 63188K(349696K)->63188K(349696K)
[63.950s][info][gc,metaspace   ] GC(1021) Metaspace: 73033K(73600K)->73033K(73600K) NonClass: 58235K(58496K)->58235K(58496K) Class: 14798K(15104K)->14798K(15104K)
[63.950s][info][gc             ] GC(1021) Pause Young (Allocation Failure) 184M->62M(462M) 0.680ms
[63.950s][info][gc,cpu         ] GC(1021) User=0.00s Sys=0.00s Real=0.00s
[64.029s][info][gc,start       ] GC(1022) Pause Young (Allocation Failure)
[64.029s][info][gc,heap        ] GC(1022) PSYoungGen: 123456K(123904K)->544K(121344K) Eden: 122880K(122880K)->0K(120320K) From: 576K(1024K)->544K(1024K)
[64.029s][info][gc,heap        ] GC(1022) ParOldGen: 63188K(349696K)->63244K(349696K)
[64.029s][info][gc,metaspace   ] GC(1022) Metaspace: 73033K(73600K)->73033K(73600K) NonClass: 58235K(58496K)->58235K(58496K) Class: 14798K(15104K)->14798K(15104K)
[64.030s][info][gc             ] GC(1022) Pause Young (Allocation Failure) 182M->62M(460M) 0.749ms
[64.030s][info][gc,cpu         ] GC(1022) User=0.00s Sys=0.00s Real=0.00s
[64.082s][info][gc,start       ] GC(1023) Pause Young (System.gc())
[64.083s][info][gc,heap        ] GC(1023) PSYoungGen: 41022K(121344K)->1216K(121856K) Eden: 40478K(120320K)->0K(120320K) From: 544K(1024K)->1216K(1536K)
[64.083s][info][gc,heap        ] GC(1023) ParOldGen: 63244K(349696K)->63436K(349696K)
[64.083s][info][gc,metaspace   ] GC(1023) Metaspace: 73040K(73600K)->73040K(73600K) NonClass: 58242K(58496K)->58242K(58496K) Class: 14798K(15104K)->14798K(15104K)
[64.083s][info][gc             ] GC(1023) Pause Young (System.gc()) 101M->63M(460M) 1.282ms
[64.083s][info][gc,cpu         ] GC(1023) User=0.00s Sys=0.00s Real=0.00s
[64.083s][info][gc,start       ] GC(1024) Pause Full (System.gc())
[64.083s][info][gc,phases,start] GC(1024) Marking Phase
[64.120s][info][gc,phases      ] GC(1024) Marking Phase 36.255ms
[64.120s][info][gc,phases,start] GC(1024) Summary Phase
[64.120s][info][gc,phases      ] GC(1024) Summary Phase 0.014ms
[64.120s][info][gc,phases,start] GC(1024) Adjust Roots
[64.128s][info][gc,phases      ] GC(1024) Adjust Roots 8.524ms
[64.128s][info][gc,phases,start] GC(1024) Compaction Phase
[64.138s][info][gc,phases      ] GC(1024) Compaction Phase 9.710ms
[64.138s][info][gc,phases,start] GC(1024) Post Compact
[64.138s][info][gc,phases      ] GC(1024) Post Compact 0.471ms
[64.138s][info][gc,heap        ] GC(1024) PSYoungGen: 1216K(121856K)->0K(121856K) Eden: 0K(120320K)->0K(120320K) From: 1216K(1536K)->0K(1536K)
[64.138s][info][gc,heap        ] GC(1024) ParOldGen: 63436K(349696K)->35673K(349696K)
[64.138s][info][gc,metaspace   ] GC(1024) Metaspace: 73040K(73600K)->73040K(73600K) NonClass: 58242K(58496K)->58242K(58496K) Class: 14798K(15104K)->14798K(15104K)
[64.139s][info][gc             ] GC(1024) Pause Full (System.gc()) 63M->34M(460M) 55.231ms
[64.139s][info][gc,cpu         ] GC(1024) User=0.56s Sys=0.02s Real=0.05s
[64.195s][info][gc,start       ] GC(1025) Pause Young (Allocation Failure)
[64.196s][info][gc,heap        ] GC(1025) PSYoungGen: 120320K(121856K)->2048K(119808K) Eden: 120320K(120320K)->0K(117760K) From: 0K(1536K)->2048K(2048K)
[64.196s][info][gc,heap        ] GC(1025) ParOldGen: 35673K(349696K)->36961K(349696K)
[64.196s][info][gc,metaspace   ] GC(1025) Metaspace: 73097K(73664K)->73097K(73664K) NonClass: 58299K(58560K)->58299K(58560K) Class: 14798K(15104K)->14798K(15104K)
[64.197s][info][gc             ] GC(1025) Pause Young (Allocation Failure) 152M->38M(458M) 1.837ms
[64.197s][info][gc,cpu         ] GC(1025) User=0.00s Sys=0.00s Real=0.00s
[64.226s][info][gc,start       ] GC(1026) Pause Young (Allocation Failure)
[64.228s][info][gc,heap        ] GC(1026) PSYoungGen: 119808K(119808K)->1760K(143360K) Eden: 117760K(117760K)->0K(141312K) From: 2048K(2048K)->1760K(2048K)
[64.228s][info][gc,heap        ] GC(1026) ParOldGen: 36961K(349696K)->38361K(349696K)
[64.228s][info][gc,metaspace   ] GC(1026) Metaspace: 73097K(73664K)->73097K(73664K) NonClass: 58299K(58560K)->58299K(58560K) Class: 14798K(15104K)->14798K(15104K)
[64.228s][info][gc             ] GC(1026) Pause Young (Allocation Failure) 153M->39M(481M) 1.692ms
[64.228s][info][gc,cpu         ] GC(1026) User=0.00s Sys=0.00s Real=0.00s
[64.263s][info][gc,start       ] GC(1027) Pause Young (Allocation Failure)
[64.264s][info][gc,heap        ] GC(1027) PSYoungGen: 143072K(143360K)->1792K(155648K) Eden: 141312K(141312K)->0K(153088K) From: 1760K(2048K)->1792K(2560K)
[64.264s][info][gc,heap        ] GC(1027) ParOldGen: 38361K(349696K)->38617K(349696K)
[64.264s][info][gc,metaspace   ] GC(1027) Metaspace: 73097K(73664K)->73097K(73664K) NonClass: 58299K(58560K)->58299K(58560K) Class: 14798K(15104K)->14798K(15104K)
[64.264s][info][gc             ] GC(1027) Pause Young (Allocation Failure) 177M->39M(493M) 1.174ms
[64.264s][info][gc,cpu         ] GC(1027) User=0.00s Sys=0.00s Real=0.00s
[64.301s][info][gc,start       ] GC(1028) Pause Young (Allocation Failure)
[64.302s][info][gc,heap        ] GC(1028) PSYoungGen: 154880K(155648K)->1792K(156160K) Eden: 153088K(153088K)->0K(153088K) From: 1792K(2560K)->1792K(3072K)
[64.302s][info][gc,heap        ] GC(1028) ParOldGen: 38617K(349696K)->38873K(349696K)
[64.302s][info][gc,metaspace   ] GC(1028) Metaspace: 73097K(73664K)->73097K(73664K) NonClass: 58299K(58560K)->58299K(58560K) Class: 14798K(15104K)->14798K(15104K)
[64.302s][info][gc             ] GC(1028) Pause Young (Allocation Failure) 188M->39M(494M) 1.069ms
[64.302s][info][gc,cpu         ] GC(1028) User=0.00s Sys=0.00s Real=0.00s
[64.339s][info][gc,start       ] GC(1029) Pause Young (Allocation Failure)
[64.341s][info][gc,heap        ] GC(1029) PSYoungGen: 154880K(156160K)->1984K(171520K) Eden: 153088K(153088K)->0K(168448K) From: 1792K(3072K)->1984K(3072K)
[64.341s][info][gc,heap        ] GC(1029) ParOldGen: 38873K(349696K)->39113K(349696K)
[64.341s][info][gc,metaspace   ] GC(1029) Metaspace: 73097K(73664K)->73097K(73664K) NonClass: 58299K(58560K)->58299K(58560K) Class: 14798K(15104K)->14798K(15104K)
[64.341s][info][gc             ] GC(1029) Pause Young (Allocation Failure) 189M->40M(509M) 1.339ms
[64.341s][info][gc,cpu         ] GC(1029) User=0.00s Sys=0.00s Real=0.00s
[64.384s][info][gc,start       ] GC(1030) Pause Young (Allocation Failure)
[64.385s][info][gc,heap        ] GC(1030) PSYoungGen: 170432K(171520K)->1920K(171520K) Eden: 168448K(168448K)->0K(168448K) From: 1984K(3072K)->1920K(3072K)
[64.385s][info][gc,heap        ] GC(1030) ParOldGen: 39113K(349696K)->39353K(349696K)
[64.385s][info][gc,metaspace   ] GC(1030) Metaspace: 73097K(73664K)->73097K(73664K) NonClass: 58299K(58560K)->58299K(58560K) Class: 14798K(15104K)->14798K(15104K)
[64.385s][info][gc             ] GC(1030) Pause Young (Allocation Failure) 204M->40M(509M) 1.417ms
[64.385s][info][gc,cpu         ] GC(1030) User=0.00s Sys=0.00s Real=0.00s
[64.426s][info][gc,start       ] GC(1031) Pause Young (Allocation Failure)
[64.427s][info][gc,heap        ] GC(1031) PSYoungGen: 170368K(171520K)->1824K(171520K) Eden: 168448K(168448K)->0K(168448K) From: 1920K(3072K)->1824K(3072K)
[64.428s][info][gc,heap        ] GC(1031) ParOldGen: 39353K(349696K)->39601K(349696K)
[64.428s][info][gc,metaspace   ] GC(1031) Metaspace: 73097K(73664K)->73097K(73664K) NonClass: 58299K(58560K)->58299K(58560K) Class: 14798K(15104K)->14798K(15104K)
[64.428s][info][gc             ] GC(1031) Pause Young (Allocation Failure) 204M->40M(509M) 1.111ms
[64.428s][info][gc,cpu         ] GC(1031) User=0.00s Sys=0.00s Real=0.00s
[64.469s][info][gc,start       ] GC(1032) Pause Young (Allocation Failure)
[64.470s][info][gc,heap        ] GC(1032) PSYoungGen: 170272K(171520K)->1920K(171520K) Eden: 168448K(168448K)->0K(168448K) From: 1824K(3072K)->1920K(3072K)
[64.470s][info][gc,heap        ] GC(1032) ParOldGen: 39601K(349696K)->39849K(349696K)
[64.470s][info][gc,metaspace   ] GC(1032) Metaspace: 73097K(73664K)->73097K(73664K) NonClass: 58299K(58560K)->58299K(58560K) Class: 14798K(15104K)->14798K(15104K)
[64.470s][info][gc             ] GC(1032) Pause Young (Allocation Failure) 204M->40M(509M) 1.124ms
[64.470s][info][gc,cpu         ] GC(1032) User=0.00s Sys=0.00s Real=0.00s
[64.511s][info][gc,start       ] GC(1033) Pause Young (Allocation Failure)
[64.512s][info][gc,heap        ] GC(1033) PSYoungGen: 170368K(171520K)->1824K(171520K) Eden: 168448K(168448K)->0K(168448K) From: 1920K(3072K)->1824K(3072K)
[64.512s][info][gc,heap        ] GC(1033) ParOldGen: 39849K(349696K)->40073K(349696K)
[64.512s][info][gc,metaspace   ] GC(1033) Metaspace: 73097K(73664K)->73097K(73664K) NonClass: 58299K(58560K)->58299K(58560K) Class: 14798K(15104K)->14798K(15104K)
[64.512s][info][gc             ] GC(1033) Pause Young (Allocation Failure) 205M->40M(509M) 1.110ms
[64.512s][info][gc,cpu         ] GC(1033) User=0.00s Sys=0.00s Real=0.00s
[64.554s][info][gc,start       ] GC(1034) Pause Young (Allocation Failure)
[64.555s][info][gc,heap        ] GC(1034) PSYoungGen: 170272K(171520K)->1760K(171520K) Eden: 168448K(168448K)->0K(168448K) From: 1824K(3072K)->1760K(3072K)
[64.555s][info][gc,heap        ] GC(1034) ParOldGen: 40073K(349696K)->40321K(349696K)
[64.555s][info][gc,metaspace   ] GC(1034) Metaspace: 73097K(73664K)->73097K(73664K) NonClass: 58299K(58560K)->58299K(58560K) Class: 14798K(15104K)->14798K(15104K)
[64.555s][info][gc             ] GC(1034) Pause Young (Allocation Failure) 205M->41M(509M) 1.092ms
[64.555s][info][gc,cpu         ] GC(1034) User=0.00s Sys=0.00s Real=0.00s
[64.596s][info][gc,start       ] GC(1035) Pause Young (Allocation Failure)
[64.597s][info][gc,heap        ] GC(1035) PSYoungGen: 170208K(171520K)->1856K(171520K) Eden: 168448K(168448K)->0K(168448K) From: 1760K(3072K)->1856K(3072K)
[64.597s][info][gc,heap        ] GC(1035) ParOldGen: 40321K(349696K)->40537K(349696K)
[64.597s][info][gc,metaspace   ] GC(1035) Metaspace: 73097K(73664K)->73097K(73664K) NonClass: 58299K(58560K)->58299K(58560K) Class: 14798K(15104K)->14798K(15104K)
[64.597s][info][gc             ] GC(1035) Pause Young (Allocation Failure) 205M->41M(509M) 1.096ms
[64.597s][info][gc,cpu         ] GC(1035) User=0.00s Sys=0.00s Real=0.00s
[64.638s][info][gc,start       ] GC(1036) Pause Young (Allocation Failure)
[64.639s][info][gc,heap        ] GC(1036) PSYoungGen: 170304K(171520K)->1728K(171520K) Eden: 168448K(168448K)->0K(168448K) From: 1856K(3072K)->1728K(3072K)
[64.639s][info][gc,heap        ] GC(1036) ParOldGen: 40537K(349696K)->40753K(349696K)
[64.639s][info][gc,metaspace   ] GC(1036) Metaspace: 73097K(73664K)->73097K(73664K) NonClass: 58299K(58560K)->58299K(58560K) Class: 14798K(15104K)->14798K(15104K)
[64.639s][info][gc             ] GC(1036) Pause Young (Allocation Failure) 205M->41M(509M) 1.121ms
[64.639s][info][gc,cpu         ] GC(1036) User=0.00s Sys=0.00s Real=0.00s
[64.681s][info][gc,start       ] GC(1037) Pause Young (Allocation Failure)
[64.682s][info][gc,heap        ] GC(1037) PSYoungGen: 170176K(171520K)->1856K(171520K) Eden: 168448K(168448K)->0K(168448K) From: 1728K(3072K)->1856K(3072K)
[64.682s][info][gc,heap        ] GC(1037) ParOldGen: 40753K(349696K)->41009K(349696K)
[64.682s][info][gc,metaspace   ] GC(1037) Metaspace: 73097K(73664K)->73097K(73664K) NonClass: 58299K(58560K)->58299K(58560K) Class: 14798K(15104K)->14798K(15104K)
[64.682s][info][gc             ] GC(1037) Pause Young (Allocation Failure) 205M->41M(509M) 1.145ms
[64.682s][info][gc,cpu         ] GC(1037) User=0.00s Sys=0.00s Real=0.00s
[64.723s][info][gc,start       ] GC(1038) Pause Young (Allocation Failure)
[64.724s][info][gc,heap        ] GC(1038) PSYoungGen: 170304K(171520K)->1760K(171520K) Eden: 168448K(168448K)->0K(168448K) From: 1856K(3072K)->1760K(3072K)
[64.724s][info][gc,heap        ] GC(1038) ParOldGen: 41009K(349696K)->41249K(349696K)
[64.724s][info][gc,metaspace   ] GC(1038) Metaspace: 73097K(73664K)->73097K(73664K) NonClass: 58299K(58560K)->58299K(58560K) Class: 14798K(15104K)->14798K(15104K)
[64.724s][info][gc             ] GC(1038) Pause Young (Allocation Failure) 206M->42M(509M) 1.156ms
[64.724s][info][gc,cpu         ] GC(1038) User=0.00s Sys=0.00s Real=0.00s
[64.765s][info][gc,start       ] GC(1039) Pause Young (Allocation Failure)
[64.766s][info][gc,heap        ] GC(1039) PSYoungGen: 170208K(171520K)->1760K(171520K) Eden: 168448K(168448K)->0K(168448K) From: 1760K(3072K)->1760K(3072K)
[64.766s][info][gc,heap        ] GC(1039) ParOldGen: 41249K(349696K)->41513K(349696K)
[64.766s][info][gc,metaspace   ] GC(1039) Metaspace: 73097K(73664K)->73097K(73664K) NonClass: 58299K(58560K)->58299K(58560K) Class: 14798K(15104K)->14798K(15104K)
[64.767s][info][gc             ] GC(1039) Pause Young (Allocation Failure) 206M->42M(509M) 1.099ms
[64.767s][info][gc,cpu         ] GC(1039) User=0.00s Sys=0.00s Real=0.00s
[64.808s][info][gc,start       ] GC(1040) Pause Young (Allocation Failure)
[64.809s][info][gc,heap        ] GC(1040) PSYoungGen: 170208K(171520K)->1792K(171520K) Eden: 168448K(168448K)->0K(168448K) From: 1760K(3072K)->1792K(3072K)
[64.809s][info][gc,heap        ] GC(1040) ParOldGen: 41513K(349696K)->41737K(349696K)
[64.809s][info][gc,metaspace   ] GC(1040) Metaspace: 73097K(73664K)->73097K(73664K) NonClass: 58299K(58560K)->58299K(58560K) Class: 14798K(15104K)->14798K(15104K)
[64.809s][info][gc             ] GC(1040) Pause Young (Allocation Failure) 206M->42M(509M) 1.132ms
[64.809s][info][gc,cpu         ] GC(1040) User=0.00s Sys=0.00s Real=0.00s
[64.850s][info][gc,start       ] GC(1041) Pause Young (Allocation Failure)
[64.855s][info][gc,heap        ] GC(1041) PSYoungGen: 170240K(171520K)->1888K(171520K) Eden: 168448K(168448K)->0K(168448K) From: 1792K(3072K)->1888K(3072K)
[64.855s][info][gc,heap        ] GC(1041) ParOldGen: 41737K(349696K)->41985K(349696K)
[64.855s][info][gc,metaspace   ] GC(1041) Metaspace: 73097K(73664K)->73097K(73664K) NonClass: 58299K(58560K)->58299K(58560K) Class: 14798K(15104K)->14798K(15104K)
[64.855s][info][gc             ] GC(1041) Pause Young (Allocation Failure) 207M->42M(509M) 4.570ms
[64.855s][info][gc,cpu         ] GC(1041) User=0.00s Sys=0.00s Real=0.00s
[64.896s][info][gc,start       ] GC(1042) Pause Young (Allocation Failure)
[64.897s][info][gc,heap        ] GC(1042) PSYoungGen: 170336K(171520K)->1792K(171520K) Eden: 168448K(168448K)->0K(168448K) From: 1888K(3072K)->1792K(3072K)
[64.897s][info][gc,heap        ] GC(1042) ParOldGen: 41985K(349696K)->42241K(349696K)
[64.897s][info][gc,metaspace   ] GC(1042) Metaspace: 73097K(73664K)->73097K(73664K) NonClass: 58299K(58560K)->58299K(58560K) Class: 14798K(15104K)->14798K(15104K)
[64.897s][info][gc             ] GC(1042) Pause Young (Allocation Failure) 207M->43M(509M) 1.122ms
[64.897s][info][gc,cpu         ] GC(1042) User=0.00s Sys=0.00s Real=0.00s
[64.938s][info][gc,start       ] GC(1043) Pause Young (Allocation Failure)
[64.939s][info][gc,heap        ] GC(1043) PSYoungGen: 170240K(171520K)->1792K(170496K) Eden: 168448K(168448K)->0K(168448K) From: 1792K(3072K)->1792K(2048K)
[64.939s][info][gc,heap        ] GC(1043) ParOldGen: 42241K(349696K)->42489K(349696K)
[64.939s][info][gc,metaspace   ] GC(1043) Metaspace: 73097K(73664K)->73097K(73664K) NonClass: 58299K(58560K)->58299K(58560K) Class: 14798K(15104K)->14798K(15104K)
[64.939s][info][gc             ] GC(1043) Pause Young (Allocation Failure) 207M->43M(508M) 1.133ms
[64.939s][info][gc,cpu         ] GC(1043) User=0.00s Sys=0.00s Real=0.00s
[64.981s][info][gc,start       ] GC(1044) Pause Young (Allocation Failure)
[64.982s][info][gc,heap        ] GC(1044) PSYoungGen: 170239K(170496K)->1792K(171008K) Eden: 168447K(168448K)->0K(168448K) From: 1792K(2048K)->1792K(2560K)
[64.982s][info][gc,heap        ] GC(1044) ParOldGen: 42489K(349696K)->42737K(349696K)
[64.982s][info][gc,metaspace   ] GC(1044) Metaspace: 73097K(73664K)->73097K(73664K) NonClass: 58299K(58560K)->58299K(58560K) Class: 14798K(15104K)->14798K(15104K)
[64.982s][info][gc             ] GC(1044) Pause Young (Allocation Failure) 207M->43M(508M) 1.158ms
[64.982s][info][gc,cpu         ] GC(1044) User=0.00s Sys=0.00s Real=0.00s
[65.023s][info][gc,start       ] GC(1045) Pause Young (Allocation Failure)
[65.024s][info][gc,heap        ] GC(1045) PSYoungGen: 170240K(171008K)->1824K(172032K) Eden: 168448K(168448K)->0K(169472K) From: 1792K(2560K)->1824K(2560K)
[65.024s][info][gc,heap        ] GC(1045) ParOldGen: 42737K(349696K)->42977K(349696K)
[65.024s][info][gc,metaspace   ] GC(1045) Metaspace: 73097K(73664K)->73097K(73664K) NonClass: 58299K(58560K)->58299K(58560K) Class: 14798K(15104K)->14798K(15104K)
[65.024s][info][gc             ] GC(1045) Pause Young (Allocation Failure) 207M->43M(509M) 1.140ms
[65.024s][info][gc,cpu         ] GC(1045) User=0.00s Sys=0.00s Real=0.00s
[65.066s][info][gc,start       ] GC(1046) Pause Young (Allocation Failure)
[65.067s][info][gc,heap        ] GC(1046) PSYoungGen: 171296K(172032K)->2016K(172032K) Eden: 169472K(169472K)->0K(169472K) From: 1824K(2560K)->2016K(2560K)
[65.067s][info][gc,heap        ] GC(1046) ParOldGen: 42977K(349696K)->43185K(349696K)
[65.067s][info][gc,metaspace   ] GC(1046) Metaspace: 73097K(73664K)->73097K(73664K) NonClass: 58299K(58560K)->58299K(58560K) Class: 14798K(15104K)->14798K(15104K)
[65.067s][info][gc             ] GC(1046) Pause Young (Allocation Failure) 209M->44M(509M) 1.314ms
[65.067s][info][gc,cpu         ] GC(1046) User=0.00s Sys=0.00s Real=0.00s
[65.108s][info][gc,start       ] GC(1047) Pause Young (Allocation Failure)
[65.109s][info][gc,heap        ] GC(1047) PSYoungGen: 171488K(172032K)->1856K(172032K) Eden: 169472K(169472K)->0K(169472K) From: 2016K(2560K)->1856K(2560K)
[65.109s][info][gc,heap        ] GC(1047) ParOldGen: 43185K(349696K)->43441K(349696K)
[65.109s][info][gc,metaspace   ] GC(1047) Metaspace: 73097K(73664K)->73097K(73664K) NonClass: 58299K(58560K)->58299K(58560K) Class: 14798K(15104K)->14798K(15104K)
[65.109s][info][gc             ] GC(1047) Pause Young (Allocation Failure) 209M->44M(509M) 1.111ms
[65.110s][info][gc,cpu         ] GC(1047) User=0.00s Sys=0.00s Real=0.00s
[65.151s][info][gc,start       ] GC(1048) Pause Young (Allocation Failure)
[65.152s][info][gc,heap        ] GC(1048) PSYoungGen: 171328K(172032K)->1856K(172032K) Eden: 169472K(169472K)->0K(169472K) From: 1856K(2560K)->1856K(2560K)
[65.152s][info][gc,heap        ] GC(1048) ParOldGen: 43441K(349696K)->43689K(349696K)
[65.152s][info][gc,metaspace   ] GC(1048) Metaspace: 73097K(73664K)->73097K(73664K) NonClass: 58299K(58560K)->58299K(58560K) Class: 14798K(15104K)->14798K(15104K)
[65.152s][info][gc             ] GC(1048) Pause Young (Allocation Failure) 209M->44M(509M) 1.138ms
[65.152s][info][gc,cpu         ] GC(1048) User=0.00s Sys=0.00s Real=0.00s
[65.194s][info][gc,start       ] GC(1049) Pause Young (Allocation Failure)
[65.195s][info][gc,heap        ] GC(1049) PSYoungGen: 171328K(172032K)->1856K(172032K) Eden: 169472K(169472K)->0K(169472K) From: 1856K(2560K)->1856K(2560K)
[65.195s][info][gc,heap        ] GC(1049) ParOldGen: 43689K(349696K)->43881K(349696K)
[65.195s][info][gc,metaspace   ] GC(1049) Metaspace: 73097K(73664K)->73097K(73664K) NonClass: 58299K(58560K)->58299K(58560K) Class: 14798K(15104K)->14798K(15104K)
[65.195s][info][gc             ] GC(1049) Pause Young (Allocation Failure) 209M->44M(509M) 1.106ms
[65.195s][info][gc,cpu         ] GC(1049) User=0.00s Sys=0.00s Real=0.00s
[65.236s][info][gc,start       ] GC(1050) Pause Young (Allocation Failure)
[65.237s][info][gc,heap        ] GC(1050) PSYoungGen: 171328K(172032K)->1824K(172032K) Eden: 169472K(169472K)->0K(169472K) From: 1856K(2560K)->1824K(2560K)
[65.237s][info][gc,heap        ] GC(1050) ParOldGen: 43881K(349696K)->44089K(349696K)
[65.237s][info][gc,metaspace   ] GC(1050) Metaspace: 73097K(73664K)->73097K(73664K) NonClass: 58299K(58560K)->58299K(58560K) Class: 14798K(15104K)->14798K(15104K)
[65.237s][info][gc             ] GC(1050) Pause Young (Allocation Failure) 210M->44M(509M) 1.169ms
[65.237s][info][gc,cpu         ] GC(1050) User=0.00s Sys=0.00s Real=0.00s
[65.279s][info][gc,start       ] GC(1051) Pause Young (Allocation Failure)
[65.280s][info][gc,heap        ] GC(1051) PSYoungGen: 171296K(172032K)->1888K(172032K) Eden: 169472K(169472K)->0K(169472K) From: 1824K(2560K)->1888K(2560K)
[65.280s][info][gc,heap        ] GC(1051) ParOldGen: 44089K(349696K)->44313K(349696K)
[65.280s][info][gc,metaspace   ] GC(1051) Metaspace: 73097K(73664K)->73097K(73664K) NonClass: 58299K(58560K)->58299K(58560K) Class: 14798K(15104K)->14798K(15104K)
[65.280s][info][gc             ] GC(1051) Pause Young (Allocation Failure) 210M->45M(509M) 1.145ms
[65.280s][info][gc,cpu         ] GC(1051) User=0.00s Sys=0.00s Real=0.00s
[65.322s][info][gc,start       ] GC(1052) Pause Young (Allocation Failure)
[65.323s][info][gc,heap        ] GC(1052) PSYoungGen: 171360K(172032K)->1792K(172032K) Eden: 169472K(169472K)->0K(169472K) From: 1888K(2560K)->1792K(2560K)
[65.323s][info][gc,heap        ] GC(1052) ParOldGen: 44313K(349696K)->44561K(349696K)
[65.323s][info][gc,metaspace   ] GC(1052) Metaspace: 73097K(73664K)->73097K(73664K) NonClass: 58299K(58560K)->58299K(58560K) Class: 14798K(15104K)->14798K(15104K)
[65.323s][info][gc             ] GC(1052) Pause Young (Allocation Failure) 210M->45M(509M) 1.135ms
[65.323s][info][gc,cpu         ] GC(1052) User=0.00s Sys=0.00s Real=0.00s
[65.364s][info][gc,start       ] GC(1053) Pause Young (Allocation Failure)
[65.365s][info][gc,heap        ] GC(1053) PSYoungGen: 171264K(172032K)->1888K(172032K) Eden: 169472K(169472K)->0K(169472K) From: 1792K(2560K)->1888K(2560K)
[65.365s][info][gc,heap        ] GC(1053) ParOldGen: 44561K(349696K)->44809K(349696K)
[65.365s][info][gc,metaspace   ] GC(1053) Metaspace: 73097K(73664K)->73097K(73664K) NonClass: 58299K(58560K)->58299K(58560K) Class: 14798K(15104K)->14798K(15104K)
[65.365s][info][gc             ] GC(1053) Pause Young (Allocation Failure) 210M->45M(509M) 1.110ms
[65.365s][info][gc,cpu         ] GC(1053) User=0.00s Sys=0.00s Real=0.00s
[65.407s][info][gc,start       ] GC(1054) Pause Young (Allocation Failure)
[65.408s][info][gc,heap        ] GC(1054) PSYoungGen: 171360K(172032K)->1920K(172032K) Eden: 169472K(169472K)->0K(169472K) From: 1888K(2560K)->1920K(2560K)
[65.408s][info][gc,heap        ] GC(1054) ParOldGen: 44809K(349696K)->45041K(349696K)
[65.408s][info][gc,metaspace   ] GC(1054) Metaspace: 73097K(73664K)->73097K(73664K) NonClass: 58299K(58560K)->58299K(58560K) Class: 14798K(15104K)->14798K(15104K)
[65.408s][info][gc             ] GC(1054) Pause Young (Allocation Failure) 211M->45M(509M) 1.135ms
[65.408s][info][gc,cpu         ] GC(1054) User=0.00s Sys=0.00s Real=0.00s
[65.450s][info][gc,start       ] GC(1055) Pause Young (Allocation Failure)
[65.451s][info][gc,heap        ] GC(1055) PSYoungGen: 171392K(172032K)->1856K(172032K) Eden: 169472K(169472K)->0K(169472K) From: 1920K(2560K)->1856K(2560K)
[65.451s][info][gc,heap        ] GC(1055) ParOldGen: 45041K(349696K)->45265K(349696K)
[65.451s][info][gc,metaspace   ] GC(1055) Metaspace: 73097K(73664K)->73097K(73664K) NonClass: 58299K(58560K)->58299K(58560K) Class: 14798K(15104K)->14798K(15104K)
[65.451s][info][gc             ] GC(1055) Pause Young (Allocation Failure) 211M->46M(509M) 1.065ms
[65.451s][info][gc,cpu         ] GC(1055) User=0.00s Sys=0.00s Real=0.00s
[65.492s][info][gc,start       ] GC(1056) Pause Young (Allocation Failure)
[65.493s][info][gc,heap        ] GC(1056) PSYoungGen: 171328K(172032K)->1920K(172032K) Eden: 169472K(169472K)->0K(169472K) From: 1856K(2560K)->1920K(2560K)
[65.493s][info][gc,heap        ] GC(1056) ParOldGen: 45265K(349696K)->45497K(349696K)
[65.493s][info][gc,metaspace   ] GC(1056) Metaspace: 73097K(73664K)->73097K(73664K) NonClass: 58299K(58560K)->58299K(58560K) Class: 14798K(15104K)->14798K(15104K)
[65.493s][info][gc             ] GC(1056) Pause Young (Allocation Failure) 211M->46M(509M) 1.126ms
[65.493s][info][gc,cpu         ] GC(1056) User=0.00s Sys=0.00s Real=0.00s
[65.535s][info][gc,start       ] GC(1057) Pause Young (Allocation Failure)
[65.536s][info][gc,heap        ] GC(1057) PSYoungGen: 171392K(172032K)->1760K(172032K) Eden: 169472K(169472K)->0K(169472K) From: 1920K(2560K)->1760K(2560K)
[65.536s][info][gc,heap        ] GC(1057) ParOldGen: 45497K(349696K)->45745K(349696K)
[65.536s][info][gc,metaspace   ] GC(1057) Metaspace: 73097K(73664K)->73097K(73664K) NonClass: 58299K(58560K)->58299K(58560K) Class: 14798K(15104K)->14798K(15104K)
[65.536s][info][gc             ] GC(1057) Pause Young (Allocation Failure) 211M->46M(509M) 1.118ms
[65.536s][info][gc,cpu         ] GC(1057) User=0.00s Sys=0.00s Real=0.00s
[65.577s][info][gc,start       ] GC(1058) Pause Young (Allocation Failure)
[65.578s][info][gc,heap        ] GC(1058) PSYoungGen: 171232K(172032K)->1824K(172032K) Eden: 169472K(169472K)->0K(169472K) From: 1760K(2560K)->1824K(2560K)
[65.579s][info][gc,heap        ] GC(1058) ParOldGen: 45745K(349696K)->45977K(349696K)
[65.579s][info][gc,metaspace   ] GC(1058) Metaspace: 73097K(73664K)->73097K(73664K) NonClass: 58299K(58560K)->58299K(58560K) Class: 14798K(15104K)->14798K(15104K)
[65.579s][info][gc             ] GC(1058) Pause Young (Allocation Failure) 211M->46M(509M) 1.125ms
[65.579s][info][gc,cpu         ] GC(1058) User=0.00s Sys=0.00s Real=0.00s
[65.620s][info][gc,start       ] GC(1059) Pause Young (Allocation Failure)
[65.621s][info][gc,heap        ] GC(1059) PSYoungGen: 171296K(172032K)->1856K(172032K) Eden: 169472K(169472K)->0K(169472K) From: 1824K(2560K)->1856K(2560K)
[65.621s][info][gc,heap        ] GC(1059) ParOldGen: 45977K(349696K)->46201K(349696K)
[65.621s][info][gc,metaspace   ] GC(1059) Metaspace: 73097K(73664K)->73097K(73664K) NonClass: 58299K(58560K)->58299K(58560K) Class: 14798K(15104K)->14798K(15104K)
[65.621s][info][gc             ] GC(1059) Pause Young (Allocation Failure) 212M->46M(509M) 1.170ms
[65.621s][info][gc,cpu         ] GC(1059) User=0.00s Sys=0.00s Real=0.00s
[65.663s][info][gc,start       ] GC(1060) Pause Young (Allocation Failure)
[65.664s][info][gc,heap        ] GC(1060) PSYoungGen: 171328K(172032K)->1856K(172032K) Eden: 169472K(169472K)->0K(169472K) From: 1856K(2560K)->1856K(2560K)
[65.664s][info][gc,heap        ] GC(1060) ParOldGen: 46201K(349696K)->46457K(349696K)
[65.664s][info][gc,metaspace   ] GC(1060) Metaspace: 73097K(73664K)->73097K(73664K) NonClass: 58299K(58560K)->58299K(58560K) Class: 14798K(15104K)->14798K(15104K)
[65.664s][info][gc             ] GC(1060) Pause Young (Allocation Failure) 212M->47M(509M) 1.165ms
[65.664s][info][gc,cpu         ] GC(1060) User=0.00s Sys=0.00s Real=0.00s
[65.705s][info][gc,start       ] GC(1061) Pause Young (Allocation Failure)
[65.707s][info][gc,heap        ] GC(1061) PSYoungGen: 171328K(172032K)->1888K(172032K) Eden: 169472K(169472K)->0K(169472K) From: 1856K(2560K)->1888K(2560K)
[65.707s][info][gc,heap        ] GC(1061) ParOldGen: 46457K(349696K)->46705K(349696K)
[65.707s][info][gc,metaspace   ] GC(1061) Metaspace: 73097K(73664K)->73097K(73664K) NonClass: 58299K(58560K)->58299K(58560K) Class: 14798K(15104K)->14798K(15104K)
[65.707s][info][gc             ] GC(1061) Pause Young (Allocation Failure) 212M->47M(509M) 1.119ms
[65.707s][info][gc,cpu         ] GC(1061) User=0.00s Sys=0.00s Real=0.00s
[65.748s][info][gc,start       ] GC(1062) Pause Young (Allocation Failure)
[65.749s][info][gc,heap        ] GC(1062) PSYoungGen: 171360K(172032K)->1888K(172032K) Eden: 169472K(169472K)->0K(169472K) From: 1888K(2560K)->1888K(2560K)
[65.749s][info][gc,heap        ] GC(1062) ParOldGen: 46705K(349696K)->46937K(349696K)
[65.749s][info][gc,metaspace   ] GC(1062) Metaspace: 73097K(73664K)->73097K(73664K) NonClass: 58299K(58560K)->58299K(58560K) Class: 14798K(15104K)->14798K(15104K)
[65.749s][info][gc             ] GC(1062) Pause Young (Allocation Failure) 212M->47M(509M) 1.113ms
[65.749s][info][gc,cpu         ] GC(1062) User=0.00s Sys=0.00s Real=0.00s
[65.791s][info][gc,start       ] GC(1063) Pause Young (Allocation Failure)
[65.792s][info][gc,heap        ] GC(1063) PSYoungGen: 171360K(172032K)->1824K(172032K) Eden: 169472K(169472K)->0K(169472K) From: 1888K(2560K)->1824K(2560K)
[65.792s][info][gc,heap        ] GC(1063) ParOldGen: 46937K(349696K)->47193K(349696K)
[65.792s][info][gc,metaspace   ] GC(1063) Metaspace: 73097K(73664K)->73097K(73664K) NonClass: 58299K(58560K)->58299K(58560K) Class: 14798K(15104K)->14798K(15104K)
[65.792s][info][gc             ] GC(1063) Pause Young (Allocation Failure) 213M->47M(509M) 1.104ms
[65.792s][info][gc,cpu         ] GC(1063) User=0.00s Sys=0.00s Real=0.00s
[65.833s][info][gc,start       ] GC(1064) Pause Young (Allocation Failure)
[65.834s][info][gc,heap        ] GC(1064) PSYoungGen: 171296K(172032K)->1888K(172032K) Eden: 169472K(169472K)->0K(169472K) From: 1824K(2560K)->1888K(2560K)
[65.834s][info][gc,heap        ] GC(1064) ParOldGen: 47193K(349696K)->47433K(349696K)
[65.834s][info][gc,metaspace   ] GC(1064) Metaspace: 73097K(73664K)->73097K(73664K) NonClass: 58299K(58560K)->58299K(58560K) Class: 14798K(15104K)->14798K(15104K)
[65.834s][info][gc             ] GC(1064) Pause Young (Allocation Failure) 213M->48M(509M) 1.143ms
[65.834s][info][gc,cpu         ] GC(1064) User=0.00s Sys=0.00s Real=0.00s
[65.876s][info][gc,start       ] GC(1065) Pause Young (Allocation Failure)
[65.877s][info][gc,heap        ] GC(1065) PSYoungGen: 171360K(172032K)->1792K(172032K) Eden: 169472K(169472K)->0K(169472K) From: 1888K(2560K)->1792K(2560K)
[65.877s][info][gc,heap        ] GC(1065) ParOldGen: 47433K(349696K)->47673K(349696K)
[65.877s][info][gc,metaspace   ] GC(1065) Metaspace: 73097K(73664K)->73097K(73664K) NonClass: 58299K(58560K)->58299K(58560K) Class: 14798K(15104K)->14798K(15104K)
[65.877s][info][gc             ] GC(1065) Pause Young (Allocation Failure) 213M->48M(509M) 1.067ms
[65.877s][info][gc,cpu         ] GC(1065) User=0.00s Sys=0.00s Real=0.00s
[65.919s][info][gc,start       ] GC(1066) Pause Young (Allocation Failure)
[65.920s][info][gc,heap        ] GC(1066) PSYoungGen: 171264K(172032K)->1792K(171520K) Eden: 169472K(169472K)->0K(169472K) From: 1792K(2560K)->1792K(2048K)
[65.920s][info][gc,heap        ] GC(1066) ParOldGen: 47673K(349696K)->47913K(349696K)
[65.920s][info][gc,metaspace   ] GC(1066) Metaspace: 73097K(73664K)->73097K(73664K) NonClass: 58299K(58560K)->58299K(58560K) Class: 14798K(15104K)->14798K(15104K)
[65.920s][info][gc             ] GC(1066) Pause Young (Allocation Failure) 213M->48M(509M) 1.114ms
[65.920s][info][gc,cpu         ] GC(1066) User=0.00s Sys=0.00s Real=0.00s
[65.963s][info][gc,start       ] GC(1067) Pause Young (Allocation Failure)
[65.964s][info][gc,heap        ] GC(1067) PSYoungGen: 171264K(171520K)->1856K(171520K) Eden: 169472K(169472K)->0K(169472K) From: 1792K(2048K)->1856K(2048K)
[65.964s][info][gc,heap        ] GC(1067) ParOldGen: 47913K(349696K)->48153K(349696K)
[65.964s][info][gc,metaspace   ] GC(1067) Metaspace: 73097K(73664K)->73097K(73664K) NonClass: 58299K(58560K)->58299K(58560K) Class: 14798K(15104K)->14798K(15104K)
[65.964s][info][gc             ] GC(1067) Pause Young (Allocation Failure) 214M->48M(509M) 1.148ms
[65.964s][info][gc,cpu         ] GC(1067) User=0.00s Sys=0.00s Real=0.00s
[66.005s][info][gc,start       ] GC(1068) Pause Young (Allocation Failure)
[66.007s][info][gc,heap        ] GC(1068) PSYoungGen: 171328K(171520K)->1824K(171520K) Eden: 169472K(169472K)->0K(169472K) From: 1856K(2048K)->1824K(2048K)
[66.007s][info][gc,heap        ] GC(1068) ParOldGen: 48153K(349696K)->48385K(349696K)
[66.007s][info][gc,metaspace   ] GC(1068) Metaspace: 73097K(73664K)->73097K(73664K) NonClass: 58299K(58560K)->58299K(58560K) Class: 14798K(15104K)->14798K(15104K)
[66.007s][info][gc             ] GC(1068) Pause Young (Allocation Failure) 214M->49M(509M) 1.158ms
[66.007s][info][gc,cpu         ] GC(1068) User=0.00s Sys=0.00s Real=0.00s
[66.048s][info][gc,start       ] GC(1069) Pause Young (Allocation Failure)
[66.049s][info][gc,heap        ] GC(1069) PSYoungGen: 171296K(171520K)->1824K(172544K) Eden: 169472K(169472K)->0K(170496K) From: 1824K(2048K)->1824K(2048K)
[66.049s][info][gc,heap        ] GC(1069) ParOldGen: 48385K(349696K)->48609K(349696K)
[66.049s][info][gc,metaspace   ] GC(1069) Metaspace: 73097K(73664K)->73097K(73664K) NonClass: 58299K(58560K)->58299K(58560K) Class: 14798K(15104K)->14798K(15104K)
[66.049s][info][gc             ] GC(1069) Pause Young (Allocation Failure) 214M->49M(510M) 1.192ms
[66.049s][info][gc,cpu         ] GC(1069) User=0.00s Sys=0.00s Real=0.00s
[66.091s][info][gc,start       ] GC(1070) Pause Young (Allocation Failure)
[66.092s][info][gc,heap        ] GC(1070) PSYoungGen: 172320K(172544K)->1792K(172544K) Eden: 170496K(170496K)->0K(170496K) From: 1824K(2048K)->1792K(2048K)
[66.092s][info][gc,heap        ] GC(1070) ParOldGen: 48609K(349696K)->48817K(349696K)
[66.092s][info][gc,metaspace   ] GC(1070) Metaspace: 73097K(73664K)->73097K(73664K) NonClass: 58299K(58560K)->58299K(58560K) Class: 14798K(15104K)->14798K(15104K)
[66.092s][info][gc             ] GC(1070) Pause Young (Allocation Failure) 215M->49M(510M) 1.167ms
[66.092s][info][gc,cpu         ] GC(1070) User=0.00s Sys=0.00s Real=0.00s
[66.134s][info][gc,start       ] GC(1071) Pause Young (Allocation Failure)
[66.135s][info][gc,heap        ] GC(1071) PSYoungGen: 172288K(172544K)->1824K(172544K) Eden: 170496K(170496K)->0K(170496K) From: 1792K(2048K)->1824K(2048K)
[66.135s][info][gc,heap        ] GC(1071) ParOldGen: 48817K(349696K)->49081K(349696K)
[66.135s][info][gc,metaspace   ] GC(1071) Metaspace: 73097K(73664K)->73097K(73664K) NonClass: 58299K(58560K)->58299K(58560K) Class: 14798K(15104K)->14798K(15104K)
[66.135s][info][gc             ] GC(1071) Pause Young (Allocation Failure) 215M->49M(510M) 1.139ms
[66.135s][info][gc,cpu         ] GC(1071) User=0.00s Sys=0.00s Real=0.00s
[66.176s][info][gc,start       ] GC(1072) Pause Young (Allocation Failure)
[66.177s][info][gc,heap        ] GC(1072) PSYoungGen: 172320K(172544K)->1760K(172544K) Eden: 170496K(170496K)->0K(170496K) From: 1824K(2048K)->1760K(2048K)
[66.178s][info][gc,heap        ] GC(1072) ParOldGen: 49081K(349696K)->49329K(349696K)
[66.178s][info][gc,metaspace   ] GC(1072) Metaspace: 73097K(73664K)->73097K(73664K) NonClass: 58299K(58560K)->58299K(58560K) Class: 14798K(15104K)->14798K(15104K)
[66.178s][info][gc             ] GC(1072) Pause Young (Allocation Failure) 216M->49M(510M) 1.151ms
[66.178s][info][gc,cpu         ] GC(1072) User=0.00s Sys=0.00s Real=0.00s
[66.219s][info][gc,start       ] GC(1073) Pause Young (Allocation Failure)
[66.220s][info][gc,heap        ] GC(1073) PSYoungGen: 172255K(172544K)->1856K(172544K) Eden: 170495K(170496K)->0K(170496K) From: 1760K(2048K)->1856K(2048K)
[66.221s][info][gc,heap        ] GC(1073) ParOldGen: 49329K(349696K)->49561K(349696K)
[66.221s][info][gc,metaspace   ] GC(1073) Metaspace: 73097K(73664K)->73097K(73664K) NonClass: 58299K(58560K)->58299K(58560K) Class: 14798K(15104K)->14798K(15104K)
[66.221s][info][gc             ] GC(1073) Pause Young (Allocation Failure) 216M->50M(510M) 1.166ms
[66.221s][info][gc,cpu         ] GC(1073) User=0.00s Sys=0.00s Real=0.00s
[66.262s][info][gc,start       ] GC(1074) Pause Young (Allocation Failure)
[66.263s][info][gc,heap        ] GC(1074) PSYoungGen: 172352K(172544K)->1920K(172544K) Eden: 170496K(170496K)->0K(170496K) From: 1856K(2048K)->1920K(2048K)
[66.263s][info][gc,heap        ] GC(1074) ParOldGen: 49561K(349696K)->49793K(349696K)
[66.263s][info][gc,metaspace   ] GC(1074) Metaspace: 73097K(73664K)->73097K(73664K) NonClass: 58299K(58560K)->58299K(58560K) Class: 14798K(15104K)->14798K(15104K)
[66.263s][info][gc             ] GC(1074) Pause Young (Allocation Failure) 216M->50M(510M) 1.134ms
[66.263s][info][gc,cpu         ] GC(1074) User=0.00s Sys=0.00s Real=0.00s
[66.305s][info][gc,start       ] GC(1075) Pause Young (Allocation Failure)
[66.306s][info][gc,heap        ] GC(1075) PSYoungGen: 172416K(172544K)->1920K(172544K) Eden: 170496K(170496K)->0K(170496K) From: 1920K(2048K)->1920K(2048K)
[66.306s][info][gc,heap        ] GC(1075) ParOldGen: 49793K(349696K)->50033K(349696K)
[66.306s][info][gc,metaspace   ] GC(1075) Metaspace: 73097K(73664K)->73097K(73664K) NonClass: 58299K(58560K)->58299K(58560K) Class: 14798K(15104K)->14798K(15104K)
[66.306s][info][gc             ] GC(1075) Pause Young (Allocation Failure) 217M->50M(510M) 1.118ms
[66.306s][info][gc,cpu         ] GC(1075) User=0.00s Sys=0.00s Real=0.00s
[66.348s][info][gc,start       ] GC(1076) Pause Young (Allocation Failure)
[66.349s][info][gc,heap        ] GC(1076) PSYoungGen: 172416K(172544K)->1856K(172544K) Eden: 170496K(170496K)->0K(170496K) From: 1920K(2048K)->1856K(2048K)
[66.349s][info][gc,heap        ] GC(1076) ParOldGen: 50033K(349696K)->50289K(349696K)
[66.349s][info][gc,metaspace   ] GC(1076) Metaspace: 73097K(73664K)->73097K(73664K) NonClass: 58299K(58560K)->58299K(58560K) Class: 14798K(15104K)->14798K(15104K)
[66.349s][info][gc             ] GC(1076) Pause Young (Allocation Failure) 217M->50M(510M) 1.110ms
[66.349s][info][gc,cpu         ] GC(1076) User=0.00s Sys=0.00s Real=0.00s
[66.391s][info][gc,start       ] GC(1077) Pause Young (Allocation Failure)
[66.392s][info][gc,heap        ] GC(1077) PSYoungGen: 172352K(172544K)->1696K(172544K) Eden: 170496K(170496K)->0K(170496K) From: 1856K(2048K)->1696K(2048K)
[66.393s][info][gc,heap        ] GC(1077) ParOldGen: 50289K(349696K)->50529K(349696K)
[66.393s][info][gc,metaspace   ] GC(1077) Metaspace: 73097K(73664K)->73097K(73664K) NonClass: 58299K(58560K)->58299K(58560K) Class: 14798K(15104K)->14798K(15104K)
[66.393s][info][gc             ] GC(1077) Pause Young (Allocation Failure) 217M->51M(510M) 1.176ms
[66.393s][info][gc,cpu         ] GC(1077) User=0.00s Sys=0.00s Real=0.00s
[66.434s][info][gc,start       ] GC(1078) Pause Young (Allocation Failure)
[66.435s][info][gc,heap        ] GC(1078) PSYoungGen: 172191K(172544K)->1728K(172544K) Eden: 170495K(170496K)->0K(170496K) From: 1696K(2048K)->1728K(2048K)
[66.435s][info][gc,heap        ] GC(1078) ParOldGen: 50529K(349696K)->50761K(349696K)
[66.435s][info][gc,metaspace   ] GC(1078) Metaspace: 73097K(73664K)->73097K(73664K) NonClass: 58299K(58560K)->58299K(58560K) Class: 14798K(15104K)->14798K(15104K)
[66.436s][info][gc             ] GC(1078) Pause Young (Allocation Failure) 217M->51M(510M) 1.155ms
[66.436s][info][gc,cpu         ] GC(1078) User=0.00s Sys=0.00s Real=0.00s
[66.477s][info][gc,start       ] GC(1079) Pause Young (Allocation Failure)
[66.478s][info][gc,heap        ] GC(1079) PSYoungGen: 172224K(172544K)->1824K(172544K) Eden: 170496K(170496K)->0K(170496K) From: 1728K(2048K)->1824K(2048K)
[66.478s][info][gc,heap        ] GC(1079) ParOldGen: 50761K(349696K)->51025K(349696K)
[66.478s][info][gc,metaspace   ] GC(1079) Metaspace: 73097K(73664K)->73097K(73664K) NonClass: 58299K(58560K)->58299K(58560K) Class: 14798K(15104K)->14798K(15104K)
[66.478s][info][gc             ] GC(1079) Pause Young (Allocation Failure) 217M->51M(510M) 1.138ms
[66.478s][info][gc,cpu         ] GC(1079) User=0.00s Sys=0.00s Real=0.00s
[66.520s][info][gc,start       ] GC(1080) Pause Young (Allocation Failure)
[66.521s][info][gc,heap        ] GC(1080) PSYoungGen: 172319K(172544K)->1856K(172544K) Eden: 170495K(170496K)->0K(170496K) From: 1824K(2048K)->1856K(2048K)
[66.521s][info][gc,heap        ] GC(1080) ParOldGen: 51025K(349696K)->51273K(349696K)
[66.521s][info][gc,metaspace   ] GC(1080) Metaspace: 73097K(73664K)->73097K(73664K) NonClass: 58299K(58560K)->58299K(58560K) Class: 14798K(15104K)->14798K(15104K)
[66.521s][info][gc             ] GC(1080) Pause Young (Allocation Failure) 218M->51M(510M) 1.109ms
[66.521s][info][gc,cpu         ] GC(1080) User=0.00s Sys=0.00s Real=0.00s
[66.563s][info][gc,start       ] GC(1081) Pause Young (Allocation Failure)
[66.564s][info][gc,heap        ] GC(1081) PSYoungGen: 172352K(172544K)->1824K(172544K) Eden: 170496K(170496K)->0K(170496K) From: 1856K(2048K)->1824K(2048K)
[66.564s][info][gc,heap        ] GC(1081) ParOldGen: 51273K(349696K)->51465K(349696K)
[66.564s][info][gc,metaspace   ] GC(1081) Metaspace: 73097K(73664K)->73097K(73664K) NonClass: 58299K(58560K)->58299K(58560K) Class: 14798K(15104K)->14798K(15104K)
[66.564s][info][gc             ] GC(1081) Pause Young (Allocation Failure) 218M->52M(510M) 1.118ms
[66.564s][info][gc,cpu         ] GC(1081) User=0.00s Sys=0.00s Real=0.00s
[66.606s][info][gc,start       ] GC(1082) Pause Young (Allocation Failure)
[66.607s][info][gc,heap        ] GC(1082) PSYoungGen: 172320K(172544K)->1952K(172544K) Eden: 170496K(170496K)->0K(170496K) From: 1824K(2048K)->1952K(2048K)
[66.607s][info][gc,heap        ] GC(1082) ParOldGen: 51465K(349696K)->51689K(349696K)
[66.607s][info][gc,metaspace   ] GC(1082) Metaspace: 73097K(73664K)->73097K(73664K) NonClass: 58299K(58560K)->58299K(58560K) Class: 14798K(15104K)->14798K(15104K)
[66.607s][info][gc             ] GC(1082) Pause Young (Allocation Failure) 218M->52M(510M) 1.118ms
[66.607s][info][gc,cpu         ] GC(1082) User=0.00s Sys=0.00s Real=0.00s
[66.649s][info][gc,start       ] GC(1083) Pause Young (Allocation Failure)
[66.650s][info][gc,heap        ] GC(1083) PSYoungGen: 172448K(172544K)->1760K(172544K) Eden: 170496K(170496K)->0K(170496K) From: 1952K(2048K)->1760K(2048K)
[66.650s][info][gc,heap        ] GC(1083) ParOldGen: 51689K(349696K)->51945K(349696K)
[66.650s][info][gc,metaspace   ] GC(1083) Metaspace: 73097K(73664K)->73097K(73664K) NonClass: 58299K(58560K)->58299K(58560K) Class: 14798K(15104K)->14798K(15104K)
[66.650s][info][gc             ] GC(1083) Pause Young (Allocation Failure) 218M->52M(510M) 1.139ms
[66.650s][info][gc,cpu         ] GC(1083) User=0.00s Sys=0.00s Real=0.00s
[66.692s][info][gc,start       ] GC(1084) Pause Young (Allocation Failure)
[66.693s][info][gc,heap        ] GC(1084) PSYoungGen: 172256K(172544K)->1856K(172544K) Eden: 170496K(170496K)->0K(170496K) From: 1760K(2048K)->1856K(2048K)
[66.693s][info][gc,heap        ] GC(1084) ParOldGen: 51945K(349696K)->52201K(349696K)
[66.693s][info][gc,metaspace   ] GC(1084) Metaspace: 73097K(73664K)->73097K(73664K) NonClass: 58299K(58560K)->58299K(58560K) Class: 14798K(15104K)->14798K(15104K)
[66.693s][info][gc             ] GC(1084) Pause Young (Allocation Failure) 218M->52M(510M) 1.175ms
[66.693s][info][gc,cpu         ] GC(1084) User=0.00s Sys=0.00s Real=0.00s
[66.735s][info][gc,start       ] GC(1085) Pause Young (Allocation Failure)
[66.736s][info][gc,heap        ] GC(1085) PSYoungGen: 172352K(172544K)->1824K(172544K) Eden: 170496K(170496K)->0K(170496K) From: 1856K(2048K)->1824K(2048K)
[66.736s][info][gc,heap        ] GC(1085) ParOldGen: 52201K(349696K)->52433K(349696K)
[66.736s][info][gc,metaspace   ] GC(1085) Metaspace: 73097K(73664K)->73097K(73664K) NonClass: 58299K(58560K)->58299K(58560K) Class: 14798K(15104K)->14798K(15104K)
[66.736s][info][gc             ] GC(1085) Pause Young (Allocation Failure) 219M->52M(510M) 1.120ms
[66.736s][info][gc,cpu         ] GC(1085) User=0.00s Sys=0.00s Real=0.00s
[66.777s][info][gc,start       ] GC(1086) Pause Young (Allocation Failure)
[66.778s][info][gc,heap        ] GC(1086) PSYoungGen: 172320K(172544K)->1952K(172544K) Eden: 170496K(170496K)->0K(170496K) From: 1824K(2048K)->1952K(2048K)
[66.778s][info][gc,heap        ] GC(1086) ParOldGen: 52433K(349696K)->52665K(349696K)
[66.778s][info][gc,metaspace   ] GC(1086) Metaspace: 73097K(73664K)->73097K(73664K) NonClass: 58299K(58560K)->58299K(58560K) Class: 14798K(15104K)->14798K(15104K)
[66.778s][info][gc             ] GC(1086) Pause Young (Allocation Failure) 219M->53M(510M) 1.126ms
[66.778s][info][gc,cpu         ] GC(1086) User=0.00s Sys=0.00s Real=0.00s
[66.820s][info][gc,start       ] GC(1087) Pause Young (Allocation Failure)
[66.821s][info][gc,heap        ] GC(1087) PSYoungGen: 172447K(172544K)->1856K(172544K) Eden: 170495K(170496K)->0K(170496K) From: 1952K(2048K)->1856K(2048K)
[66.821s][info][gc,heap        ] GC(1087) ParOldGen: 52665K(349696K)->52889K(349696K)
[66.821s][info][gc,metaspace   ] GC(1087) Metaspace: 73097K(73664K)->73097K(73664K) NonClass: 58299K(58560K)->58299K(58560K) Class: 14798K(15104K)->14798K(15104K)
[66.821s][info][gc             ] GC(1087) Pause Young (Allocation Failure) 219M->53M(510M) 1.106ms
[66.821s][info][gc,cpu         ] GC(1087) User=0.00s Sys=0.00s Real=0.00s
[66.863s][info][gc,start       ] GC(1088) Pause Young (Allocation Failure)
[66.864s][info][gc,heap        ] GC(1088) PSYoungGen: 172352K(172544K)->1824K(172544K) Eden: 170496K(170496K)->0K(170496K) From: 1856K(2048K)->1824K(2048K)
[66.864s][info][gc,heap        ] GC(1088) ParOldGen: 52889K(349696K)->53113K(349696K)
[66.864s][info][gc,metaspace   ] GC(1088) Metaspace: 73097K(73664K)->73097K(73664K) NonClass: 58299K(58560K)->58299K(58560K) Class: 14798K(15104K)->14798K(15104K)
[66.864s][info][gc             ] GC(1088) Pause Young (Allocation Failure) 219M->53M(510M) 1.105ms
[66.864s][info][gc,cpu         ] GC(1088) User=0.00s Sys=0.00s Real=0.00s
[66.906s][info][gc,start       ] GC(1089) Pause Young (Allocation Failure)
[66.907s][info][gc,heap        ] GC(1089) PSYoungGen: 172320K(172544K)->1760K(172544K) Eden: 170496K(170496K)->0K(170496K) From: 1824K(2048K)->1760K(2048K)
[66.907s][info][gc,heap        ] GC(1089) ParOldGen: 53113K(349696K)->53345K(349696K)
[66.907s][info][gc,metaspace   ] GC(1089) Metaspace: 73097K(73664K)->73097K(73664K) NonClass: 58299K(58560K)->58299K(58560K) Class: 14798K(15104K)->14798K(15104K)
[66.907s][info][gc             ] GC(1089) Pause Young (Allocation Failure) 220M->53M(510M) 1.117ms
[66.907s][info][gc,cpu         ] GC(1089) User=0.00s Sys=0.00s Real=0.00s
[66.949s][info][gc,start       ] GC(1090) Pause Young (Allocation Failure)
[66.950s][info][gc,heap        ] GC(1090) PSYoungGen: 172256K(172544K)->1824K(172544K) Eden: 170496K(170496K)->0K(170496K) From: 1760K(2048K)->1824K(2048K)
[66.950s][info][gc,heap        ] GC(1090) ParOldGen: 53345K(349696K)->53577K(349696K)
[66.950s][info][gc,metaspace   ] GC(1090) Metaspace: 73097K(73664K)->73097K(73664K) NonClass: 58299K(58560K)->58299K(58560K) Class: 14798K(15104K)->14798K(15104K)
[66.950s][info][gc             ] GC(1090) Pause Young (Allocation Failure) 220M->54M(510M) 1.083ms
[66.950s][info][gc,cpu         ] GC(1090) User=0.00s Sys=0.00s Real=0.00s
[66.992s][info][gc,start       ] GC(1091) Pause Young (Allocation Failure)
[66.993s][info][gc,heap        ] GC(1091) PSYoungGen: 172320K(172544K)->1792K(172544K) Eden: 170496K(170496K)->0K(170496K) From: 1824K(2048K)->1792K(2048K)
[66.993s][info][gc,heap        ] GC(1091) ParOldGen: 53577K(349696K)->53817K(349696K)
[66.993s][info][gc,metaspace   ] GC(1091) Metaspace: 73097K(73664K)->73097K(73664K) NonClass: 58299K(58560K)->58299K(58560K) Class: 14798K(15104K)->14798K(15104K)
[66.993s][info][gc             ] GC(1091) Pause Young (Allocation Failure) 220M->54M(510M) 1.121ms
[66.993s][info][gc,cpu         ] GC(1091) User=0.00s Sys=0.00s Real=0.00s
[67.035s][info][gc,start       ] GC(1092) Pause Young (Allocation Failure)
[67.036s][info][gc,heap        ] GC(1092) PSYoungGen: 172288K(172544K)->1824K(172544K) Eden: 170496K(170496K)->0K(170496K) From: 1792K(2048K)->1824K(2048K)
[67.036s][info][gc,heap        ] GC(1092) ParOldGen: 53817K(349696K)->54041K(349696K)
[67.036s][info][gc,metaspace   ] GC(1092) Metaspace: 73097K(73664K)->73097K(73664K) NonClass: 58299K(58560K)->58299K(58560K) Class: 14798K(15104K)->14798K(15104K)
[67.036s][info][gc             ] GC(1092) Pause Young (Allocation Failure) 220M->54M(510M) 1.227ms
[67.036s][info][gc,cpu         ] GC(1092) User=0.00s Sys=0.00s Real=0.00s
[67.078s][info][gc,start       ] GC(1093) Pause Young (Allocation Failure)
[67.079s][info][gc,heap        ] GC(1093) PSYoungGen: 172320K(172544K)->1824K(172544K) Eden: 170496K(170496K)->0K(170496K) From: 1824K(2048K)->1824K(2048K)
[67.079s][info][gc,heap        ] GC(1093) ParOldGen: 54041K(349696K)->54265K(349696K)
[67.079s][info][gc,metaspace   ] GC(1093) Metaspace: 73097K(73664K)->73097K(73664K) NonClass: 58299K(58560K)->58299K(58560K) Class: 14798K(15104K)->14798K(15104K)
[67.079s][info][gc             ] GC(1093) Pause Young (Allocation Failure) 221M->54M(510M) 1.238ms
[67.079s][info][gc,cpu         ] GC(1093) User=0.52s Sys=0.00s Real=0.00s
[67.121s][info][gc,start       ] GC(1094) Pause Young (Allocation Failure)
[67.122s][info][gc,heap        ] GC(1094) PSYoungGen: 172320K(172544K)->1952K(172544K) Eden: 170496K(170496K)->0K(170496K) From: 1824K(2048K)->1952K(2048K)
[67.122s][info][gc,heap        ] GC(1094) ParOldGen: 54265K(349696K)->54545K(349696K)
[67.122s][info][gc,metaspace   ] GC(1094) Metaspace: 73097K(73664K)->73097K(73664K) NonClass: 58299K(58560K)->58299K(58560K) Class: 14798K(15104K)->14798K(15104K)
[67.122s][info][gc             ] GC(1094) Pause Young (Allocation Failure) 221M->55M(510M) 1.150ms
[67.122s][info][gc,cpu         ] GC(1094) User=0.00s Sys=0.00s Real=0.00s
[67.164s][info][gc,start       ] GC(1095) Pause Young (Allocation Failure)
[67.165s][info][gc,heap        ] GC(1095) PSYoungGen: 172447K(172544K)->1728K(172544K) Eden: 170495K(170496K)->0K(170496K) From: 1952K(2048K)->1728K(2048K)
[67.165s][info][gc,heap        ] GC(1095) ParOldGen: 54545K(349696K)->54801K(349696K)
[67.165s][info][gc,metaspace   ] GC(1095) Metaspace: 73097K(73664K)->73097K(73664K) NonClass: 58299K(58560K)->58299K(58560K) Class: 14798K(15104K)->14798K(15104K)
[67.165s][info][gc             ] GC(1095) Pause Young (Allocation Failure) 221M->55M(510M) 1.107ms
[67.165s][info][gc,cpu         ] GC(1095) User=0.00s Sys=0.00s Real=0.00s
[67.206s][info][gc,start       ] GC(1096) Pause Young (Allocation Failure)
[67.208s][info][gc,heap        ] GC(1096) PSYoungGen: 172224K(172544K)->1792K(172544K) Eden: 170496K(170496K)->0K(170496K) From: 1728K(2048K)->1792K(2048K)
[67.208s][info][gc,heap        ] GC(1096) ParOldGen: 54801K(349696K)->55017K(349696K)
[67.208s][info][gc,metaspace   ] GC(1096) Metaspace: 73097K(73664K)->73097K(73664K) NonClass: 58299K(58560K)->58299K(58560K) Class: 14798K(15104K)->14798K(15104K)
[67.208s][info][gc             ] GC(1096) Pause Young (Allocation Failure) 221M->55M(510M) 1.101ms
[67.208s][info][gc,cpu         ] GC(1096) User=0.00s Sys=0.00s Real=0.00s
[67.249s][info][gc,start       ] GC(1097) Pause Young (Allocation Failure)
[67.251s][info][gc,heap        ] GC(1097) PSYoungGen: 172288K(172544K)->1888K(172544K) Eden: 170496K(170496K)->0K(170496K) From: 1792K(2048K)->1888K(2048K)
[67.251s][info][gc,heap        ] GC(1097) ParOldGen: 55017K(349696K)->55265K(349696K)
[67.251s][info][gc,metaspace   ] GC(1097) Metaspace: 73097K(73664K)->73097K(73664K) NonClass: 58299K(58560K)->58299K(58560K) Class: 14798K(15104K)->14798K(15104K)
[67.251s][info][gc             ] GC(1097) Pause Young (Allocation Failure) 221M->55M(510M) 1.188ms
[67.251s][info][gc,cpu         ] GC(1097) User=0.52s Sys=0.00s Real=0.00s
[67.292s][info][gc,start       ] GC(1098) Pause Young (Allocation Failure)
[67.293s][info][gc,heap        ] GC(1098) PSYoungGen: 172384K(172544K)->1856K(172544K) Eden: 170496K(170496K)->0K(170496K) From: 1888K(2048K)->1856K(2048K)
[67.293s][info][gc,heap        ] GC(1098) ParOldGen: 55265K(349696K)->55505K(349696K)
[67.293s][info][gc,metaspace   ] GC(1098) Metaspace: 73097K(73664K)->73097K(73664K) NonClass: 58299K(58560K)->58299K(58560K) Class: 14798K(15104K)->14798K(15104K)
[67.293s][info][gc             ] GC(1098) Pause Young (Allocation Failure) 222M->56M(510M) 1.127ms
[67.293s][info][gc,cpu         ] GC(1098) User=0.00s Sys=0.00s Real=0.00s
[67.335s][info][gc,start       ] GC(1099) Pause Young (Allocation Failure)
[67.336s][info][gc,heap        ] GC(1099) PSYoungGen: 172352K(172544K)->1824K(172544K) Eden: 170496K(170496K)->0K(170496K) From: 1856K(2048K)->1824K(2048K)
[67.336s][info][gc,heap        ] GC(1099) ParOldGen: 55505K(349696K)->55737K(349696K)
[67.336s][info][gc,metaspace   ] GC(1099) Metaspace: 73097K(73664K)->73097K(73664K) NonClass: 58299K(58560K)->58299K(58560K) Class: 14798K(15104K)->14798K(15104K)
[67.336s][info][gc             ] GC(1099) Pause Young (Allocation Failure) 222M->56M(510M) 1.149ms
[67.336s][info][gc,cpu         ] GC(1099) User=0.00s Sys=0.00s Real=0.00s
[67.378s][info][gc,start       ] GC(1100) Pause Young (Allocation Failure)
[67.379s][info][gc,heap        ] GC(1100) PSYoungGen: 172320K(172544K)->1888K(172544K) Eden: 170496K(170496K)->0K(170496K) From: 1824K(2048K)->1888K(2048K)
[67.379s][info][gc,heap        ] GC(1100) ParOldGen: 55737K(349696K)->55945K(349696K)
[67.379s][info][gc,metaspace   ] GC(1100) Metaspace: 73097K(73664K)->73097K(73664K) NonClass: 58299K(58560K)->58299K(58560K) Class: 14798K(15104K)->14798K(15104K)
[67.379s][info][gc             ] GC(1100) Pause Young (Allocation Failure) 222M->56M(510M) 1.121ms
[67.379s][info][gc,cpu         ] GC(1100) User=0.00s Sys=0.00s Real=0.00s
[67.421s][info][gc,start       ] GC(1101) Pause Young (Allocation Failure)
[67.422s][info][gc,heap        ] GC(1101) PSYoungGen: 172384K(172544K)->1888K(172544K) Eden: 170496K(170496K)->0K(170496K) From: 1888K(2048K)->1888K(2048K)
[67.422s][info][gc,heap        ] GC(1101) ParOldGen: 55945K(349696K)->56193K(349696K)
[67.422s][info][gc,metaspace   ] GC(1101) Metaspace: 73097K(73664K)->73097K(73664K) NonClass: 58299K(58560K)->58299K(58560K) Class: 14798K(15104K)->14798K(15104K)
[67.422s][info][gc             ] GC(1101) Pause Young (Allocation Failure) 222M->56M(510M) 1.286ms
[67.422s][info][gc,cpu         ] GC(1101) User=0.52s Sys=0.00s Real=0.00s
[67.464s][info][gc,start       ] GC(1102) Pause Young (Allocation Failure)
[67.465s][info][gc,heap        ] GC(1102) PSYoungGen: 172384K(172544K)->1920K(172544K) Eden: 170496K(170496K)->0K(170496K) From: 1888K(2048K)->1920K(2048K)
[67.465s][info][gc,heap        ] GC(1102) ParOldGen: 56193K(349696K)->56417K(349696K)
[67.465s][info][gc,metaspace   ] GC(1102) Metaspace: 73097K(73664K)->73097K(73664K) NonClass: 58299K(58560K)->58299K(58560K) Class: 14798K(15104K)->14798K(15104K)
[67.465s][info][gc             ] GC(1102) Pause Young (Allocation Failure) 223M->56M(510M) 1.115ms
[67.465s][info][gc,cpu         ] GC(1102) User=0.00s Sys=0.00s Real=0.00s
[67.507s][info][gc,start       ] GC(1103) Pause Young (Allocation Failure)
[67.508s][info][gc,heap        ] GC(1103) PSYoungGen: 172416K(172544K)->1888K(172544K) Eden: 170496K(170496K)->0K(170496K) From: 1920K(2048K)->1888K(2048K)
[67.508s][info][gc,heap        ] GC(1103) ParOldGen: 56417K(349696K)->56657K(349696K)
[67.508s][info][gc,metaspace   ] GC(1103) Metaspace: 73097K(73664K)->73097K(73664K) NonClass: 58299K(58560K)->58299K(58560K) Class: 14798K(15104K)->14798K(15104K)
[67.508s][info][gc             ] GC(1103) Pause Young (Allocation Failure) 223M->57M(510M) 1.138ms
[67.508s][info][gc,cpu         ] GC(1103) User=0.00s Sys=0.00s Real=0.00s
[67.550s][info][gc,start       ] GC(1104) Pause Young (Allocation Failure)
[67.551s][info][gc,heap        ] GC(1104) PSYoungGen: 172384K(172544K)->1728K(172544K) Eden: 170496K(170496K)->0K(170496K) From: 1888K(2048K)->1728K(2048K)
[67.551s][info][gc,heap        ] GC(1104) ParOldGen: 56657K(349696K)->56913K(349696K)
[67.551s][info][gc,metaspace   ] GC(1104) Metaspace: 73097K(73664K)->73097K(73664K) NonClass: 58299K(58560K)->58299K(58560K) Class: 14798K(15104K)->14798K(15104K)
[67.551s][info][gc             ] GC(1104) Pause Young (Allocation Failure) 223M->57M(510M) 1.154ms
[67.551s][info][gc,cpu         ] GC(1104) User=0.00s Sys=0.00s Real=0.00s
[67.593s][info][gc,start       ] GC(1105) Pause Young (Allocation Failure)
[67.625s][info][gc,heap        ] GC(1105) PSYoungGen: 172224K(172544K)->1952K(172544K) Eden: 170496K(170496K)->0K(170496K) From: 1728K(2048K)->1952K(2048K)
[67.625s][info][gc,heap        ] GC(1105) ParOldGen: 56913K(349696K)->57161K(349696K)
[67.625s][info][gc,metaspace   ] GC(1105) Metaspace: 73097K(73664K)->73097K(73664K) NonClass: 58299K(58560K)->58299K(58560K) Class: 14798K(15104K)->14798K(15104K)
[67.625s][info][gc             ] GC(1105) Pause Young (Allocation Failure) 223M->57M(510M) 32.743ms
[67.625s][info][gc,cpu         ] GC(1105) User=0.00s Sys=0.00s Real=0.03s
[67.676s][info][gc,start       ] GC(1106) Pause Young (Allocation Failure)
[67.677s][info][gc,heap        ] GC(1106) PSYoungGen: 172448K(172544K)->1760K(172544K) Eden: 170496K(170496K)->0K(170496K) From: 1952K(2048K)->1760K(2048K)
[67.677s][info][gc,heap        ] GC(1106) ParOldGen: 57161K(349696K)->57393K(349696K)
[67.677s][info][gc,metaspace   ] GC(1106) Metaspace: 73097K(73664K)->73097K(73664K) NonClass: 58299K(58560K)->58299K(58560K) Class: 14798K(15104K)->14798K(15104K)
[67.677s][info][gc             ] GC(1106) Pause Young (Allocation Failure) 224M->57M(510M) 1.169ms
[67.677s][info][gc,cpu         ] GC(1106) User=0.00s Sys=0.00s Real=0.00s
[67.719s][info][gc,start       ] GC(1107) Pause Young (Allocation Failure)
[67.720s][info][gc,heap        ] GC(1107) PSYoungGen: 172256K(172544K)->1792K(172544K) Eden: 170496K(170496K)->0K(170496K) From: 1760K(2048K)->1792K(2048K)
[67.720s][info][gc,heap        ] GC(1107) ParOldGen: 57393K(349696K)->57633K(349696K)
[67.720s][info][gc,metaspace   ] GC(1107) Metaspace: 73097K(73664K)->73097K(73664K) NonClass: 58299K(58560K)->58299K(58560K) Class: 14798K(15104K)->14798K(15104K)
[67.720s][info][gc             ] GC(1107) Pause Young (Allocation Failure) 224M->58M(510M) 1.118ms
[67.720s][info][gc,cpu         ] GC(1107) User=0.00s Sys=0.00s Real=0.00s
[67.762s][info][gc,start       ] GC(1108) Pause Young (Allocation Failure)
[67.763s][info][gc,heap        ] GC(1108) PSYoungGen: 172288K(172544K)->1792K(172544K) Eden: 170496K(170496K)->0K(170496K) From: 1792K(2048K)->1792K(2048K)
[67.763s][info][gc,heap        ] GC(1108) ParOldGen: 57633K(349696K)->57857K(349696K)
[67.763s][info][gc,metaspace   ] GC(1108) Metaspace: 73097K(73664K)->73097K(73664K) NonClass: 58299K(58560K)->58299K(58560K) Class: 14798K(15104K)->14798K(15104K)
[67.763s][info][gc             ] GC(1108) Pause Young (Allocation Failure) 224M->58M(510M) 1.118ms
[67.763s][info][gc,cpu         ] GC(1108) User=0.00s Sys=0.00s Real=0.00s
[67.804s][info][gc,start       ] GC(1109) Pause Young (Allocation Failure)
[67.805s][info][gc,heap        ] GC(1109) PSYoungGen: 172288K(172544K)->1920K(172544K) Eden: 170496K(170496K)->0K(170496K) From: 1792K(2048K)->1920K(2048K)
[67.805s][info][gc,heap        ] GC(1109) ParOldGen: 57857K(349696K)->58073K(349696K)
[67.805s][info][gc,metaspace   ] GC(1109) Metaspace: 73097K(73664K)->73097K(73664K) NonClass: 58299K(58560K)->58299K(58560K) Class: 14798K(15104K)->14798K(15104K)
[67.805s][info][gc             ] GC(1109) Pause Young (Allocation Failure) 224M->58M(510M) 1.111ms
[67.805s][info][gc,cpu         ] GC(1109) User=0.00s Sys=0.00s Real=0.00s
[67.847s][info][gc,start       ] GC(1110) Pause Young (Allocation Failure)
[67.848s][info][gc,heap        ] GC(1110) PSYoungGen: 172416K(172544K)->1824K(172544K) Eden: 170496K(170496K)->0K(170496K) From: 1920K(2048K)->1824K(2048K)
[67.848s][info][gc,heap        ] GC(1110) ParOldGen: 58073K(349696K)->58329K(349696K)
[67.848s][info][gc,metaspace   ] GC(1110) Metaspace: 73097K(73664K)->73097K(73664K) NonClass: 58299K(58560K)->58299K(58560K) Class: 14798K(15104K)->14798K(15104K)
[67.848s][info][gc             ] GC(1110) Pause Young (Allocation Failure) 225M->58M(510M) 1.136ms
[67.848s][info][gc,cpu         ] GC(1110) User=0.00s Sys=0.00s Real=0.00s
[67.890s][info][gc,start       ] GC(1111) Pause Young (Allocation Failure)
[67.891s][info][gc,heap        ] GC(1111) PSYoungGen: 172320K(172544K)->1920K(172544K) Eden: 170496K(170496K)->0K(170496K) From: 1824K(2048K)->1920K(2048K)
[67.891s][info][gc,heap        ] GC(1111) ParOldGen: 58329K(349696K)->58505K(349696K)
[67.891s][info][gc,metaspace   ] GC(1111) Metaspace: 73097K(73664K)->73097K(73664K) NonClass: 58299K(58560K)->58299K(58560K) Class: 14798K(15104K)->14798K(15104K)
[67.891s][info][gc             ] GC(1111) Pause Young (Allocation Failure) 225M->59M(510M) 1.088ms
[67.891s][info][gc,cpu         ] GC(1111) User=0.00s Sys=0.00s Real=0.00s
[67.933s][info][gc,start       ] GC(1112) Pause Young (Allocation Failure)
[67.934s][info][gc,heap        ] GC(1112) PSYoungGen: 172416K(172544K)->1888K(172544K) Eden: 170496K(170496K)->0K(170496K) From: 1920K(2048K)->1888K(2048K)
[67.934s][info][gc,heap        ] GC(1112) ParOldGen: 58505K(349696K)->58721K(349696K)
[67.934s][info][gc,metaspace   ] GC(1112) Metaspace: 73097K(73664K)->73097K(73664K) NonClass: 58299K(58560K)->58299K(58560K) Class: 14798K(15104K)->14798K(15104K)
[67.934s][info][gc             ] GC(1112) Pause Young (Allocation Failure) 225M->59M(510M) 1.116ms
[67.934s][info][gc,cpu         ] GC(1112) User=0.00s Sys=0.00s Real=0.00s
[67.976s][info][gc,start       ] GC(1113) Pause Young (Allocation Failure)
[67.977s][info][gc,heap        ] GC(1113) PSYoungGen: 172384K(172544K)->1888K(172544K) Eden: 170496K(170496K)->0K(170496K) From: 1888K(2048K)->1888K(2048K)
[67.977s][info][gc,heap        ] GC(1113) ParOldGen: 58721K(349696K)->58969K(349696K)
[67.977s][info][gc,metaspace   ] GC(1113) Metaspace: 73097K(73664K)->73097K(73664K) NonClass: 58299K(58560K)->58299K(58560K) Class: 14798K(15104K)->14798K(15104K)
[67.977s][info][gc             ] GC(1113) Pause Young (Allocation Failure) 225M->59M(510M) 1.097ms
[67.977s][info][gc,cpu         ] GC(1113) User=0.00s Sys=0.00s Real=0.00s
[68.019s][info][gc,start       ] GC(1114) Pause Young (Allocation Failure)
[68.020s][info][gc,heap        ] GC(1114) PSYoungGen: 172384K(172544K)->1824K(172544K) Eden: 170496K(170496K)->0K(170496K) From: 1888K(2048K)->1824K(2048K)
[68.020s][info][gc,heap        ] GC(1114) ParOldGen: 58969K(349696K)->59217K(349696K)
[68.020s][info][gc,metaspace   ] GC(1114) Metaspace: 73097K(73664K)->73097K(73664K) NonClass: 58299K(58560K)->58299K(58560K) Class: 14798K(15104K)->14798K(15104K)
[68.020s][info][gc             ] GC(1114) Pause Young (Allocation Failure) 225M->59M(510M) 1.110ms
[68.020s][info][gc,cpu         ] GC(1114) User=0.00s Sys=0.00s Real=0.00s
[68.061s][info][gc,start       ] GC(1115) Pause Young (Allocation Failure)
[68.062s][info][gc,heap        ] GC(1115) PSYoungGen: 172320K(172544K)->1952K(172544K) Eden: 170496K(170496K)->0K(170496K) From: 1824K(2048K)->1952K(2048K)
[68.062s][info][gc,heap        ] GC(1115) ParOldGen: 59217K(349696K)->59457K(349696K)
[68.062s][info][gc,metaspace   ] GC(1115) Metaspace: 73097K(73664K)->73097K(73664K) NonClass: 58299K(58560K)->58299K(58560K) Class: 14798K(15104K)->14798K(15104K)
[68.062s][info][gc             ] GC(1115) Pause Young (Allocation Failure) 226M->59M(510M) 1.162ms
[68.063s][info][gc,cpu         ] GC(1115) User=0.00s Sys=0.00s Real=0.00s
[68.105s][info][gc,start       ] GC(1116) Pause Young (Allocation Failure)
[68.106s][info][gc,heap        ] GC(1116) PSYoungGen: 172448K(172544K)->1760K(172544K) Eden: 170496K(170496K)->0K(170496K) From: 1952K(2048K)->1760K(2048K)
[68.106s][info][gc,heap        ] GC(1116) ParOldGen: 59457K(349696K)->59713K(349696K)
[68.106s][info][gc,metaspace   ] GC(1116) Metaspace: 73097K(73664K)->73097K(73664K) NonClass: 58299K(58560K)->58299K(58560K) Class: 14798K(15104K)->14798K(15104K)
[68.106s][info][gc             ] GC(1116) Pause Young (Allocation Failure) 226M->60M(510M) 1.114ms
[68.106s][info][gc,cpu         ] GC(1116) User=0.00s Sys=0.00s Real=0.00s
[68.148s][info][gc,start       ] GC(1117) Pause Young (Allocation Failure)
[68.149s][info][gc,heap        ] GC(1117) PSYoungGen: 172256K(172544K)->1792K(172544K) Eden: 170496K(170496K)->0K(170496K) From: 1760K(2048K)->1792K(2048K)
[68.149s][info][gc,heap        ] GC(1117) ParOldGen: 59713K(349696K)->59977K(349696K)
[68.149s][info][gc,metaspace   ] GC(1117) Metaspace: 73097K(73664K)->73097K(73664K) NonClass: 58299K(58560K)->58299K(58560K) Class: 14798K(15104K)->14798K(15104K)
[68.149s][info][gc             ] GC(1117) Pause Young (Allocation Failure) 226M->60M(510M) 1.154ms
[68.149s][info][gc,cpu         ] GC(1117) User=0.00s Sys=0.00s Real=0.00s
[68.191s][info][gc,start       ] GC(1118) Pause Young (Allocation Failure)
[68.192s][info][gc,heap        ] GC(1118) PSYoungGen: 172288K(172544K)->1792K(172544K) Eden: 170496K(170496K)->0K(170496K) From: 1792K(2048K)->1792K(2048K)
[68.192s][info][gc,heap        ] GC(1118) ParOldGen: 59977K(349696K)->60217K(349696K)
[68.192s][info][gc,metaspace   ] GC(1118) Metaspace: 73097K(73664K)->73097K(73664K) NonClass: 58299K(58560K)->58299K(58560K) Class: 14798K(15104K)->14798K(15104K)
[68.192s][info][gc             ] GC(1118) Pause Young (Allocation Failure) 226M->60M(510M) 1.141ms
[68.192s][info][gc,cpu         ] GC(1118) User=0.00s Sys=0.00s Real=0.00s
[68.234s][info][gc,start       ] GC(1119) Pause Young (Allocation Failure)
[68.235s][info][gc,heap        ] GC(1119) PSYoungGen: 172288K(172544K)->1888K(172544K) Eden: 170496K(170496K)->0K(170496K) From: 1792K(2048K)->1888K(2048K)
[68.235s][info][gc,heap        ] GC(1119) ParOldGen: 60217K(349696K)->60449K(349696K)
[68.235s][info][gc,metaspace   ] GC(1119) Metaspace: 73097K(73664K)->73097K(73664K) NonClass: 58299K(58560K)->58299K(58560K) Class: 14798K(15104K)->14798K(15104K)
[68.235s][info][gc             ] GC(1119) Pause Young (Allocation Failure) 227M->60M(510M) 1.123ms
[68.235s][info][gc,cpu         ] GC(1119) User=0.52s Sys=0.00s Real=0.00s
[68.277s][info][gc,start       ] GC(1120) Pause Young (Allocation Failure)
[68.278s][info][gc,heap        ] GC(1120) PSYoungGen: 172384K(172544K)->1856K(172544K) Eden: 170496K(170496K)->0K(170496K) From: 1888K(2048K)->1856K(2048K)
[68.278s][info][gc,heap        ] GC(1120) ParOldGen: 60449K(349696K)->60673K(349696K)
[68.278s][info][gc,metaspace   ] GC(1120) Metaspace: 73097K(73664K)->73097K(73664K) NonClass: 58299K(58560K)->58299K(58560K) Class: 14798K(15104K)->14798K(15104K)
[68.278s][info][gc             ] GC(1120) Pause Young (Allocation Failure) 227M->61M(510M) 1.124ms
[68.278s][info][gc,cpu         ] GC(1120) User=0.00s Sys=0.00s Real=0.00s
[68.320s][info][gc,start       ] GC(1121) Pause Young (Allocation Failure)
[68.321s][info][gc,heap        ] GC(1121) PSYoungGen: 172352K(172544K)->1792K(172544K) Eden: 170496K(170496K)->0K(170496K) From: 1856K(2048K)->1792K(2048K)
[68.321s][info][gc,heap        ] GC(1121) ParOldGen: 60673K(349696K)->60905K(349696K)
[68.321s][info][gc,metaspace   ] GC(1121) Metaspace: 73097K(73664K)->73097K(73664K) NonClass: 58299K(58560K)->58299K(58560K) Class: 14798K(15104K)->14798K(15104K)
[68.321s][info][gc             ] GC(1121) Pause Young (Allocation Failure) 227M->61M(510M) 1.127ms
[68.321s][info][gc,cpu         ] GC(1121) User=0.00s Sys=0.00s Real=0.00s
[68.363s][info][gc,start       ] GC(1122) Pause Young (Allocation Failure)
[68.364s][info][gc,heap        ] GC(1122) PSYoungGen: 172288K(172544K)->1696K(172544K) Eden: 170496K(170496K)->0K(170496K) From: 1792K(2048K)->1696K(2048K)
[68.364s][info][gc,heap        ] GC(1122) ParOldGen: 60905K(349696K)->61153K(349696K)
[68.364s][info][gc,metaspace   ] GC(1122) Metaspace: 73097K(73664K)->73097K(73664K) NonClass: 58299K(58560K)->58299K(58560K) Class: 14798K(15104K)->14798K(15104K)
[68.364s][info][gc             ] GC(1122) Pause Young (Allocation Failure) 227M->61M(510M) 1.173ms
[68.364s][info][gc,cpu         ] GC(1122) User=0.00s Sys=0.00s Real=0.00s
[68.406s][info][gc,start       ] GC(1123) Pause Young (Allocation Failure)
[68.407s][info][gc,heap        ] GC(1123) PSYoungGen: 172192K(172544K)->1856K(172544K) Eden: 170496K(170496K)->0K(170496K) From: 1696K(2048K)->1856K(2048K)
[68.407s][info][gc,heap        ] GC(1123) ParOldGen: 61153K(349696K)->61401K(349696K)
[68.407s][info][gc,metaspace   ] GC(1123) Metaspace: 73097K(73664K)->73097K(73664K) NonClass: 58299K(58560K)->58299K(58560K) Class: 14798K(15104K)->14798K(15104K)
[68.407s][info][gc             ] GC(1123) Pause Young (Allocation Failure) 227M->61M(510M) 1.141ms
[68.407s][info][gc,cpu         ] GC(1123) User=0.52s Sys=0.00s Real=0.00s
[68.449s][info][gc,start       ] GC(1124) Pause Young (Allocation Failure)
[68.450s][info][gc,heap        ] GC(1124) PSYoungGen: 172352K(172544K)->1824K(172544K) Eden: 170496K(170496K)->0K(170496K) From: 1856K(2048K)->1824K(2048K)
[68.450s][info][gc,heap        ] GC(1124) ParOldGen: 61401K(349696K)->61641K(349696K)
[68.450s][info][gc,metaspace   ] GC(1124) Metaspace: 73097K(73664K)->73097K(73664K) NonClass: 58299K(58560K)->58299K(58560K) Class: 14798K(15104K)->14798K(15104K)
[68.450s][info][gc             ] GC(1124) Pause Young (Allocation Failure) 228M->61M(510M) 1.183ms
[68.450s][info][gc,cpu         ] GC(1124) User=0.00s Sys=0.00s Real=0.00s
[68.492s][info][gc,start       ] GC(1125) Pause Young (Allocation Failure)
[68.493s][info][gc,heap        ] GC(1125) PSYoungGen: 172320K(172544K)->1888K(172544K) Eden: 170496K(170496K)->0K(170496K) From: 1824K(2048K)->1888K(2048K)
[68.493s][info][gc,heap        ] GC(1125) ParOldGen: 61641K(349696K)->61865K(349696K)
[68.493s][info][gc,metaspace   ] GC(1125) Metaspace: 73097K(73664K)->73097K(73664K) NonClass: 58299K(58560K)->58299K(58560K) Class: 14798K(15104K)->14798K(15104K)
[68.493s][info][gc             ] GC(1125) Pause Young (Allocation Failure) 228M->62M(510M) 1.164ms
[68.493s][info][gc,cpu         ] GC(1125) User=0.00s Sys=0.00s Real=0.00s
[68.535s][info][gc,start       ] GC(1126) Pause Young (Allocation Failure)
[68.536s][info][gc,heap        ] GC(1126) PSYoungGen: 172384K(172544K)->1888K(172544K) Eden: 170496K(170496K)->0K(170496K) From: 1888K(2048K)->1888K(2048K)
[68.536s][info][gc,heap        ] GC(1126) ParOldGen: 61865K(349696K)->62121K(349696K)
[68.536s][info][gc,metaspace   ] GC(1126) Metaspace: 73097K(73664K)->73097K(73664K) NonClass: 58299K(58560K)->58299K(58560K) Class: 14798K(15104K)->14798K(15104K)
[68.536s][info][gc             ] GC(1126) Pause Young (Allocation Failure) 228M->62M(510M) 1.135ms
[68.536s][info][gc,cpu         ] GC(1126) User=0.00s Sys=0.00s Real=0.00s
[68.578s][info][gc,start       ] GC(1127) Pause Young (Allocation Failure)
[68.579s][info][gc,heap        ] GC(1127) PSYoungGen: 172384K(172544K)->1856K(172544K) Eden: 170496K(170496K)->0K(170496K) From: 1888K(2048K)->1856K(2048K)
[68.579s][info][gc,heap        ] GC(1127) ParOldGen: 62121K(349696K)->62361K(349696K)
[68.579s][info][gc,metaspace   ] GC(1127) Metaspace: 73097K(73664K)->73097K(73664K) NonClass: 58299K(58560K)->58299K(58560K) Class: 14798K(15104K)->14798K(15104K)
[68.579s][info][gc             ] GC(1127) Pause Young (Allocation Failure) 229M->62M(510M) 1.127ms
[68.579s][info][gc,cpu         ] GC(1127) User=0.00s Sys=0.00s Real=0.00s
[68.622s][info][gc,start       ] GC(1128) Pause Young (Allocation Failure)
[68.623s][info][gc,heap        ] GC(1128) PSYoungGen: 172352K(172544K)->1696K(172544K) Eden: 170496K(170496K)->0K(170496K) From: 1856K(2048K)->1696K(2048K)
[68.623s][info][gc,heap        ] GC(1128) ParOldGen: 62361K(349696K)->62609K(349696K)
[68.623s][info][gc,metaspace   ] GC(1128) Metaspace: 73097K(73664K)->73097K(73664K) NonClass: 58299K(58560K)->58299K(58560K) Class: 14798K(15104K)->14798K(15104K)
[68.623s][info][gc             ] GC(1128) Pause Young (Allocation Failure) 229M->62M(510M) 1.232ms
[68.623s][info][gc,cpu         ] GC(1128) User=0.00s Sys=0.00s Real=0.00s
[68.666s][info][gc,start       ] GC(1129) Pause Young (Allocation Failure)
[68.667s][info][gc,heap        ] GC(1129) PSYoungGen: 172192K(172544K)->1792K(172544K) Eden: 170496K(170496K)->0K(170496K) From: 1696K(2048K)->1792K(2048K)
[68.668s][info][gc,heap        ] GC(1129) ParOldGen: 62609K(349696K)->62865K(349696K)
[68.668s][info][gc,metaspace   ] GC(1129) Metaspace: 73097K(73664K)->73097K(73664K) NonClass: 58299K(58560K)->58299K(58560K) Class: 14798K(15104K)->14798K(15104K)
[68.668s][info][gc             ] GC(1129) Pause Young (Allocation Failure) 229M->63M(510M) 1.159ms
[68.668s][info][gc,cpu         ] GC(1129) User=0.00s Sys=0.00s Real=0.00s
[68.710s][info][gc,start       ] GC(1130) Pause Young (Allocation Failure)
[68.711s][info][gc,heap        ] GC(1130) PSYoungGen: 172288K(172544K)->1760K(172544K) Eden: 170496K(170496K)->0K(170496K) From: 1792K(2048K)->1760K(2048K)
[68.711s][info][gc,heap        ] GC(1130) ParOldGen: 62865K(349696K)->62945K(349696K)
[68.711s][info][gc,metaspace   ] GC(1130) Metaspace: 73097K(73664K)->73097K(73664K) NonClass: 58299K(58560K)->58299K(58560K) Class: 14798K(15104K)->14798K(15104K)
[68.711s][info][gc             ] GC(1130) Pause Young (Allocation Failure) 229M->63M(510M) 1.106ms
[68.711s][info][gc,cpu         ] GC(1130) User=0.00s Sys=0.00s Real=0.00s
[68.753s][info][gc,start       ] GC(1131) Pause Young (Allocation Failure)
[68.754s][info][gc,heap        ] GC(1131) PSYoungGen: 172256K(172544K)->1728K(172544K) Eden: 170496K(170496K)->0K(170496K) From: 1760K(2048K)->1728K(2048K)
[68.754s][info][gc,heap        ] GC(1131) ParOldGen: 62945K(349696K)->63113K(349696K)
[68.754s][info][gc,metaspace   ] GC(1131) Metaspace: 73097K(73664K)->73097K(73664K) NonClass: 58299K(58560K)->58299K(58560K) Class: 14798K(15104K)->14798K(15104K)
[68.754s][info][gc             ] GC(1131) Pause Young (Allocation Failure) 229M->63M(510M) 1.104ms
[68.754s][info][gc,cpu         ] GC(1131) User=0.00s Sys=0.00s Real=0.00s
[68.797s][info][gc,start       ] GC(1132) Pause Young (Allocation Failure)
[68.798s][info][gc,heap        ] GC(1132) PSYoungGen: 172224K(172544K)->1920K(172544K) Eden: 170496K(170496K)->0K(170496K) From: 1728K(2048K)->1920K(2048K)
[68.798s][info][gc,heap        ] GC(1132) ParOldGen: 63113K(349696K)->63265K(349696K)
[68.798s][info][gc,metaspace   ] GC(1132) Metaspace: 73097K(73664K)->73097K(73664K) NonClass: 58299K(58560K)->58299K(58560K) Class: 14798K(15104K)->14798K(15104K)
[68.798s][info][gc             ] GC(1132) Pause Young (Allocation Failure) 229M->63M(510M) 1.118ms
[68.798s][info][gc,cpu         ] GC(1132) User=0.00s Sys=0.00s Real=0.00s
[68.841s][info][gc,start       ] GC(1133) Pause Young (Allocation Failure)
[68.842s][info][gc,heap        ] GC(1133) PSYoungGen: 172416K(172544K)->1696K(172544K) Eden: 170496K(170496K)->0K(170496K) From: 1920K(2048K)->1696K(2048K)
[68.842s][info][gc,heap        ] GC(1133) ParOldGen: 63265K(349696K)->63433K(349696K)
[68.842s][info][gc,metaspace   ] GC(1133) Metaspace: 73097K(73664K)->73097K(73664K) NonClass: 58299K(58560K)->58299K(58560K) Class: 14798K(15104K)->14798K(15104K)
[68.842s][info][gc             ] GC(1133) Pause Young (Allocation Failure) 230M->63M(510M) 1.070ms
[68.842s][info][gc,cpu         ] GC(1133) User=0.00s Sys=0.00s Real=0.00s
[68.884s][info][gc,start       ] GC(1134) Pause Young (Allocation Failure)
[68.885s][info][gc,heap        ] GC(1134) PSYoungGen: 172192K(172544K)->1792K(172544K) Eden: 170496K(170496K)->0K(170496K) From: 1696K(2048K)->1792K(2048K)
[68.885s][info][gc,heap        ] GC(1134) ParOldGen: 63433K(349696K)->63577K(349696K)
[68.885s][info][gc,metaspace   ] GC(1134) Metaspace: 73097K(73664K)->73097K(73664K) NonClass: 58299K(58560K)->58299K(58560K) Class: 14798K(15104K)->14798K(15104K)
[68.885s][info][gc             ] GC(1134) Pause Young (Allocation Failure) 230M->63M(510M) 1.090ms
[68.885s][info][gc,cpu         ] GC(1134) User=0.00s Sys=0.00s Real=0.00s
[68.927s][info][gc,start       ] GC(1135) Pause Young (Allocation Failure)
[68.928s][info][gc,heap        ] GC(1135) PSYoungGen: 172288K(172544K)->1792K(172544K) Eden: 170496K(170496K)->0K(170496K) From: 1792K(2048K)->1792K(2048K)
[68.928s][info][gc,heap        ] GC(1135) ParOldGen: 63577K(349696K)->63737K(349696K)
[68.928s][info][gc,metaspace   ] GC(1135) Metaspace: 73097K(73664K)->73097K(73664K) NonClass: 58299K(58560K)->58299K(58560K) Class: 14798K(15104K)->14798K(15104K)
[68.928s][info][gc             ] GC(1135) Pause Young (Allocation Failure) 230M->63M(510M) 1.094ms
[68.928s][info][gc,cpu         ] GC(1135) User=0.00s Sys=0.00s Real=0.00s
[68.971s][info][gc,start       ] GC(1136) Pause Young (Allocation Failure)
[68.972s][info][gc,heap        ] GC(1136) PSYoungGen: 172288K(172544K)->1856K(172544K) Eden: 170496K(170496K)->0K(170496K) From: 1792K(2048K)->1856K(2048K)
[68.972s][info][gc,heap        ] GC(1136) ParOldGen: 63737K(349696K)->63769K(349696K)
[68.972s][info][gc,metaspace   ] GC(1136) Metaspace: 73097K(73664K)->73097K(73664K) NonClass: 58299K(58560K)->58299K(58560K) Class: 14798K(15104K)->14798K(15104K)
[68.972s][info][gc             ] GC(1136) Pause Young (Allocation Failure) 230M->64M(510M) 1.089ms
[68.972s][info][gc,cpu         ] GC(1136) User=0.00s Sys=0.00s Real=0.00s
[69.015s][info][gc,start       ] GC(1137) Pause Young (Allocation Failure)
[69.046s][info][gc,heap        ] GC(1137) PSYoungGen: 172352K(172544K)->1824K(172544K) Eden: 170496K(170496K)->0K(170496K) From: 1856K(2048K)->1824K(2048K)
[69.046s][info][gc,heap        ] GC(1137) ParOldGen: 63769K(349696K)->63841K(349696K)
[69.046s][info][gc,metaspace   ] GC(1137) Metaspace: 73097K(73664K)->73097K(73664K) NonClass: 58299K(58560K)->58299K(58560K) Class: 14798K(15104K)->14798K(15104K)
[69.046s][info][gc             ] GC(1137) Pause Young (Allocation Failure) 230M->64M(510M) 31.544ms
[69.046s][info][gc,cpu         ] GC(1137) User=0.52s Sys=0.00s Real=0.03s
[69.096s][info][gc,start       ] GC(1138) Pause Young (Allocation Failure)
[69.098s][info][gc,heap        ] GC(1138) PSYoungGen: 172320K(172544K)->1760K(172544K) Eden: 170496K(170496K)->0K(170496K) From: 1824K(2048K)->1760K(2048K)
[69.098s][info][gc,heap        ] GC(1138) ParOldGen: 63841K(349696K)->64041K(349696K)
[69.098s][info][gc,metaspace   ] GC(1138) Metaspace: 73097K(73664K)->73097K(73664K) NonClass: 58299K(58560K)->58299K(58560K) Class: 14798K(15104K)->14798K(15104K)
[69.098s][info][gc             ] GC(1138) Pause Young (Allocation Failure) 230M->64M(510M) 1.129ms
[69.098s][info][gc,cpu         ] GC(1138) User=0.00s Sys=0.00s Real=0.00s
[69.141s][info][gc,start       ] GC(1139) Pause Young (Allocation Failure)
[69.142s][info][gc,heap        ] GC(1139) PSYoungGen: 172256K(172544K)->1728K(172544K) Eden: 170496K(170496K)->0K(170496K) From: 1760K(2048K)->1728K(2048K)
[69.142s][info][gc,heap        ] GC(1139) ParOldGen: 64041K(349696K)->64297K(349696K)
[69.142s][info][gc,metaspace   ] GC(1139) Metaspace: 73097K(73664K)->73097K(73664K) NonClass: 58299K(58560K)->58299K(58560K) Class: 14798K(15104K)->14798K(15104K)
[69.142s][info][gc             ] GC(1139) Pause Young (Allocation Failure) 230M->64M(510M) 1.076ms
[69.142s][info][gc,cpu         ] GC(1139) User=0.00s Sys=0.00s Real=0.00s
[69.186s][info][gc,start       ] GC(1140) Pause Young (Allocation Failure)
[69.187s][info][gc,heap        ] GC(1140) PSYoungGen: 172224K(172544K)->1696K(172544K) Eden: 170496K(170496K)->0K(170496K) From: 1728K(2048K)->1696K(2048K)
[69.187s][info][gc,heap        ] GC(1140) ParOldGen: 64297K(349696K)->64569K(349696K)
[69.187s][info][gc,metaspace   ] GC(1140) Metaspace: 73097K(73664K)->73097K(73664K) NonClass: 58299K(58560K)->58299K(58560K) Class: 14798K(15104K)->14798K(15104K)
[69.187s][info][gc             ] GC(1140) Pause Young (Allocation Failure) 230M->64M(510M) 1.053ms
[69.187s][info][gc,cpu         ] GC(1140) User=0.00s Sys=0.00s Real=0.00s
[69.231s][info][gc,start       ] GC(1141) Pause Young (Allocation Failure)
[69.232s][info][gc,heap        ] GC(1141) PSYoungGen: 172192K(172544K)->1664K(172544K) Eden: 170496K(170496K)->0K(170496K) From: 1696K(2048K)->1664K(2048K)
[69.232s][info][gc,heap        ] GC(1141) ParOldGen: 64569K(349696K)->64769K(349696K)
[69.232s][info][gc,metaspace   ] GC(1141) Metaspace: 73097K(73664K)->73097K(73664K) NonClass: 58299K(58560K)->58299K(58560K) Class: 14798K(15104K)->14798K(15104K)
[69.232s][info][gc             ] GC(1141) Pause Young (Allocation Failure) 231M->64M(510M) 1.076ms
[69.232s][info][gc,cpu         ] GC(1141) User=0.00s Sys=0.00s Real=0.00s
[69.276s][info][gc,start       ] GC(1142) Pause Young (Allocation Failure)
[69.277s][info][gc,heap        ] GC(1142) PSYoungGen: 172160K(172544K)->1504K(172544K) Eden: 170496K(170496K)->0K(170496K) From: 1664K(2048K)->1504K(2048K)
[69.277s][info][gc,heap        ] GC(1142) ParOldGen: 64769K(349696K)->64929K(349696K)
[69.277s][info][gc,metaspace   ] GC(1142) Metaspace: 73097K(73664K)->73097K(73664K) NonClass: 58299K(58560K)->58299K(58560K) Class: 14798K(15104K)->14798K(15104K)
[69.277s][info][gc             ] GC(1142) Pause Young (Allocation Failure) 231M->64M(510M) 0.990ms
[69.277s][info][gc,cpu         ] GC(1142) User=0.00s Sys=0.00s Real=0.00s
[69.324s][info][gc,start       ] GC(1143) Pause Young (Allocation Failure)
[69.325s][info][gc,heap        ] GC(1143) PSYoungGen: 172000K(172544K)->1472K(172544K) Eden: 170496K(170496K)->0K(170496K) From: 1504K(2048K)->1472K(2048K)
[69.325s][info][gc,heap        ] GC(1143) ParOldGen: 64929K(349696K)->65153K(349696K)
[69.325s][info][gc,metaspace   ] GC(1143) Metaspace: 73097K(73664K)->73097K(73664K) NonClass: 58299K(58560K)->58299K(58560K) Class: 14798K(15104K)->14798K(15104K)
[69.325s][info][gc             ] GC(1143) Pause Young (Allocation Failure) 231M->65M(510M) 0.991ms
[69.325s][info][gc,cpu         ] GC(1143) User=0.00s Sys=0.00s Real=0.00s
[69.372s][info][gc,start       ] GC(1144) Pause Young (Allocation Failure)
[69.373s][info][gc,heap        ] GC(1144) PSYoungGen: 171968K(172544K)->1376K(172544K) Eden: 170496K(170496K)->0K(170496K) From: 1472K(2048K)->1376K(2048K)
[69.373s][info][gc,heap        ] GC(1144) ParOldGen: 65153K(349696K)->65385K(349696K)
[69.373s][info][gc,metaspace   ] GC(1144) Metaspace: 73097K(73664K)->73097K(73664K) NonClass: 58299K(58560K)->58299K(58560K) Class: 14798K(15104K)->14798K(15104K)
[69.373s][info][gc             ] GC(1144) Pause Young (Allocation Failure) 231M->65M(510M) 1.001ms
[69.373s][info][gc,cpu         ] GC(1144) User=0.00s Sys=0.00s Real=0.00s
[69.423s][info][gc,start       ] GC(1145) Pause Young (Allocation Failure)
[69.424s][info][gc,heap        ] GC(1145) PSYoungGen: 171872K(172544K)->1344K(171520K) Eden: 170496K(170496K)->0K(169472K) From: 1376K(2048K)->1344K(2048K)
[69.424s][info][gc,heap        ] GC(1145) ParOldGen: 65385K(349696K)->65561K(349696K)
[69.424s][info][gc,metaspace   ] GC(1145) Metaspace: 73097K(73664K)->73097K(73664K) NonClass: 58299K(58560K)->58299K(58560K) Class: 14798K(15104K)->14798K(15104K)
[69.424s][info][gc             ] GC(1145) Pause Young (Allocation Failure) 231M->65M(509M) 0.953ms
[69.424s][info][gc,cpu         ] GC(1145) User=0.00s Sys=0.00s Real=0.00s
[69.476s][info][gc,start       ] GC(1146) Pause Young (Allocation Failure)
[69.477s][info][gc,heap        ] GC(1146) PSYoungGen: 170816K(171520K)->1408K(172032K) Eden: 169472K(169472K)->0K(169472K) From: 1344K(2048K)->1408K(2560K)
[69.477s][info][gc,heap        ] GC(1146) ParOldGen: 65561K(349696K)->65745K(349696K)
[69.477s][info][gc,metaspace   ] GC(1146) Metaspace: 73097K(73664K)->73097K(73664K) NonClass: 58299K(58560K)->58299K(58560K) Class: 14798K(15104K)->14798K(15104K)
[69.477s][info][gc             ] GC(1146) Pause Young (Allocation Failure) 230M->65M(509M) 0.919ms
[69.477s][info][gc,cpu         ] GC(1146) User=0.00s Sys=0.00s Real=0.00s
[69.530s][info][gc,start       ] GC(1147) Pause Young (Allocation Failure)
[69.531s][info][gc,heap        ] GC(1147) PSYoungGen: 170880K(172032K)->1344K(172032K) Eden: 169472K(169472K)->0K(169472K) From: 1408K(2560K)->1344K(2560K)
[69.531s][info][gc,heap        ] GC(1147) ParOldGen: 65745K(349696K)->65921K(349696K)
[69.531s][info][gc,metaspace   ] GC(1147) Metaspace: 73097K(73664K)->73097K(73664K) NonClass: 58299K(58560K)->58299K(58560K) Class: 14798K(15104K)->14798K(15104K)
[69.531s][info][gc             ] GC(1147) Pause Young (Allocation Failure) 231M->65M(509M) 0.883ms
[69.531s][info][gc,cpu         ] GC(1147) User=0.00s Sys=0.00s Real=0.00s
[69.585s][info][gc,start       ] GC(1148) Pause Young (Allocation Failure)
[69.586s][info][gc,heap        ] GC(1148) PSYoungGen: 170816K(172032K)->1216K(172032K) Eden: 169472K(169472K)->0K(169472K) From: 1344K(2560K)->1216K(2560K)
[69.586s][info][gc,heap        ] GC(1148) ParOldGen: 65921K(349696K)->65993K(349696K)
[69.586s][info][gc,metaspace   ] GC(1148) Metaspace: 73097K(73664K)->73097K(73664K) NonClass: 58299K(58560K)->58299K(58560K) Class: 14798K(15104K)->14798K(15104K)
[69.586s][info][gc             ] GC(1148) Pause Young (Allocation Failure) 231M->65M(509M) 0.874ms
[69.586s][info][gc,cpu         ] GC(1148) User=0.52s Sys=0.00s Real=0.02s
[69.643s][info][gc,start       ] GC(1149) Pause Young (Allocation Failure)
[69.644s][info][gc,heap        ] GC(1149) PSYoungGen: 170688K(172032K)->1248K(172032K) Eden: 169472K(169472K)->0K(169472K) From: 1216K(2560K)->1248K(2560K)
[69.644s][info][gc,heap        ] GC(1149) ParOldGen: 65993K(349696K)->66089K(349696K)
[69.644s][info][gc,metaspace   ] GC(1149) Metaspace: 73097K(73664K)->73097K(73664K) NonClass: 58299K(58560K)->58299K(58560K) Class: 14798K(15104K)->14798K(15104K)
[69.644s][info][gc             ] GC(1149) Pause Young (Allocation Failure) 231M->65M(509M) 0.918ms
[69.644s][info][gc,cpu         ] GC(1149) User=0.00s Sys=0.00s Real=0.00s
[69.707s][info][gc,start       ] GC(1150) Pause Young (Allocation Failure)
[69.707s][info][gc,heap        ] GC(1150) PSYoungGen: 170720K(172032K)->1184K(172032K) Eden: 169472K(169472K)->0K(169472K) From: 1248K(2560K)->1184K(2560K)
[69.707s][info][gc,heap        ] GC(1150) ParOldGen: 66089K(349696K)->66337K(349696K)
[69.707s][info][gc,metaspace   ] GC(1150) Metaspace: 73097K(73664K)->73097K(73664K) NonClass: 58299K(58560K)->58299K(58560K) Class: 14798K(15104K)->14798K(15104K)
[69.707s][info][gc             ] GC(1150) Pause Young (Allocation Failure) 231M->65M(509M) 0.945ms
[69.708s][info][gc,cpu         ] GC(1150) User=0.00s Sys=0.00s Real=0.00s
[69.773s][info][gc,start       ] GC(1151) Pause Young (Allocation Failure)
[69.774s][info][gc,heap        ] GC(1151) PSYoungGen: 170656K(172032K)->1088K(172032K) Eden: 169472K(169472K)->0K(169472K) From: 1184K(2560K)->1088K(2560K)
[69.774s][info][gc,heap        ] GC(1151) ParOldGen: 66337K(349696K)->66361K(349696K)
[69.774s][info][gc,metaspace   ] GC(1151) Metaspace: 73097K(73664K)->73097K(73664K) NonClass: 58299K(58560K)->58299K(58560K) Class: 14798K(15104K)->14798K(15104K)
[69.774s][info][gc             ] GC(1151) Pause Young (Allocation Failure) 231M->65M(509M) 0.875ms
[69.774s][info][gc,cpu         ] GC(1151) User=0.00s Sys=0.00s Real=0.00s
[69.845s][info][gc,start       ] GC(1152) Pause Young (Allocation Failure)
[69.845s][info][gc,heap        ] GC(1152) PSYoungGen: 170560K(172032K)->1056K(172032K) Eden: 169472K(169472K)->0K(169472K) From: 1088K(2560K)->1056K(2560K)
[69.845s][info][gc,heap        ] GC(1152) ParOldGen: 66361K(349696K)->66585K(349696K)
[69.845s][info][gc,metaspace   ] GC(1152) Metaspace: 73097K(73664K)->73097K(73664K) NonClass: 58299K(58560K)->58299K(58560K) Class: 14798K(15104K)->14798K(15104K)
[69.845s][info][gc             ] GC(1152) Pause Young (Allocation Failure) 231M->66M(509M) 0.795ms
[69.845s][info][gc,cpu         ] GC(1152) User=0.00s Sys=0.00s Real=0.00s
[69.932s][info][gc,start       ] GC(1153) Pause Young (Allocation Failure)
[69.933s][info][gc,heap        ] GC(1153) PSYoungGen: 170528K(172032K)->832K(172032K) Eden: 169472K(169472K)->0K(169472K) From: 1056K(2560K)->832K(2560K)
[69.933s][info][gc,heap        ] GC(1153) ParOldGen: 66585K(349696K)->66841K(349696K)
[69.933s][info][gc,metaspace   ] GC(1153) Metaspace: 73097K(73664K)->73097K(73664K) NonClass: 58299K(58560K)->58299K(58560K) Class: 14798K(15104K)->14798K(15104K)
[69.933s][info][gc             ] GC(1153) Pause Young (Allocation Failure) 231M->66M(509M) 0.726ms
[69.933s][info][gc,cpu         ] GC(1153) User=0.00s Sys=0.00s Real=0.00s
[70.033s][info][gc,start       ] GC(1154) Pause Young (Allocation Failure)
[70.033s][info][gc,heap        ] GC(1154) PSYoungGen: 170304K(172032K)->768K(165888K) Eden: 169472K(169472K)->0K(164864K) From: 832K(2560K)->768K(1024K)
[70.033s][info][gc,heap        ] GC(1154) ParOldGen: 66841K(349696K)->67049K(349696K)
[70.033s][info][gc,metaspace   ] GC(1154) Metaspace: 73097K(73664K)->73097K(73664K) NonClass: 58299K(58560K)->58299K(58560K) Class: 14798K(15104K)->14798K(15104K)
[70.033s][info][gc             ] GC(1154) Pause Young (Allocation Failure) 231M->66M(503M) 0.871ms
[70.033s][info][gc,cpu         ] GC(1154) User=0.00s Sys=0.00s Real=0.00s
[70.132s][info][gc,start       ] GC(1155) Pause Young (Allocation Failure)
[70.132s][info][gc,heap        ] GC(1155) PSYoungGen: 165632K(165888K)->640K(161792K) Eden: 164864K(164864K)->0K(160768K) From: 768K(1024K)->640K(1024K)
[70.132s][info][gc,heap        ] GC(1155) ParOldGen: 67049K(349696K)->67153K(349696K)
[70.132s][info][gc,metaspace   ] GC(1155) Metaspace: 73097K(73664K)->73097K(73664K) NonClass: 58299K(58560K)->58299K(58560K) Class: 14798K(15104K)->14798K(15104K)
[70.132s][info][gc             ] GC(1155) Pause Young (Allocation Failure) 227M->66M(499M) 0.761ms
[70.132s][info][gc,cpu         ] GC(1155) User=0.00s Sys=0.00s Real=0.00s
[70.247s][info][gc,start       ] GC(1156) Pause Young (Allocation Failure)
[70.248s][info][gc,heap        ] GC(1156) PSYoungGen: 161408K(161792K)->544K(157696K) Eden: 160768K(160768K)->0K(156672K) From: 640K(1024K)->544K(1024K)
[70.248s][info][gc,heap        ] GC(1156) ParOldGen: 67153K(349696K)->67289K(349696K)
[70.248s][info][gc,metaspace   ] GC(1156) Metaspace: 73097K(73664K)->73097K(73664K) NonClass: 58299K(58560K)->58299K(58560K) Class: 14798K(15104K)->14798K(15104K)
[70.248s][info][gc             ] GC(1156) Pause Young (Allocation Failure) 223M->66M(495M) 0.734ms
[70.248s][info][gc,cpu         ] GC(1156) User=0.00s Sys=0.00s Real=0.00s
[70.362s][info][gc,start       ] GC(1157) Pause Young (Allocation Failure)
[70.363s][info][gc,heap        ] GC(1157) PSYoungGen: 157216K(157696K)->512K(153088K) Eden: 156672K(156672K)->0K(152576K) From: 544K(1024K)->512K(512K)
[70.363s][info][gc,heap        ] GC(1157) ParOldGen: 67289K(349696K)->67329K(349696K)
[70.363s][info][gc,metaspace   ] GC(1157) Metaspace: 73097K(73664K)->73097K(73664K) NonClass: 58299K(58560K)->58299K(58560K) Class: 14798K(15104K)->14798K(15104K)
[70.363s][info][gc             ] GC(1157) Pause Young (Allocation Failure) 219M->66M(491M) 0.858ms
[70.363s][info][gc,cpu         ] GC(1157) User=0.00s Sys=0.00s Real=0.00s
[70.475s][info][gc,start       ] GC(1158) Pause Young (Allocation Failure)
[70.476s][info][gc,heap        ] GC(1158) PSYoungGen: 153088K(153088K)->544K(151040K) Eden: 152576K(152576K)->0K(148480K) From: 512K(512K)->544K(2560K)
[70.476s][info][gc,heap        ] GC(1158) ParOldGen: 67329K(349696K)->67329K(349696K)
[70.476s][info][gc,metaspace   ] GC(1158) Metaspace: 73097K(73664K)->73097K(73664K) NonClass: 58299K(58560K)->58299K(58560K) Class: 14798K(15104K)->14798K(15104K)
[70.476s][info][gc             ] GC(1158) Pause Young (Allocation Failure) 215M->66M(489M) 0.607ms
[70.476s][info][gc,cpu         ] GC(1158) User=0.00s Sys=0.00s Real=0.00s
[70.587s][info][gc,start       ] GC(1159) Pause Young (Allocation Failure)
[70.587s][info][gc,heap        ] GC(1159) PSYoungGen: 149024K(151040K)->512K(145408K) Eden: 148480K(148480K)->0K(144896K) From: 544K(2560K)->512K(512K)
[70.588s][info][gc,heap        ] GC(1159) ParOldGen: 67329K(349696K)->67401K(349696K)
[70.588s][info][gc,metaspace   ] GC(1159) Metaspace: 73097K(73664K)->73097K(73664K) NonClass: 58299K(58560K)->58299K(58560K) Class: 14798K(15104K)->14798K(15104K)
[70.588s][info][gc             ] GC(1159) Pause Young (Allocation Failure) 211M->66M(483M) 0.907ms
[70.588s][info][gc,cpu         ] GC(1159) User=0.00s Sys=0.00s Real=0.00s
[70.697s][info][gc,start       ] GC(1160) Pause Young (Allocation Failure)
[70.698s][info][gc,heap        ] GC(1160) PSYoungGen: 145408K(145408K)->512K(143872K) Eden: 144896K(144896K)->0K(141312K) From: 512K(512K)->512K(2560K)
[70.698s][info][gc,heap        ] GC(1160) ParOldGen: 67401K(349696K)->67401K(349696K)
[70.698s][info][gc,metaspace   ] GC(1160) Metaspace: 73097K(73664K)->73097K(73664K) NonClass: 58299K(58560K)->58299K(58560K) Class: 14798K(15104K)->14798K(15104K)
[70.698s][info][gc             ] GC(1160) Pause Young (Allocation Failure) 207M->66M(482M) 0.602ms
[70.698s][info][gc,cpu         ] GC(1160) User=0.00s Sys=0.00s Real=0.00s
[70.803s][info][gc,start       ] GC(1161) Pause Young (Allocation Failure)
[70.804s][info][gc,heap        ] GC(1161) PSYoungGen: 141824K(143872K)->512K(138240K) Eden: 141312K(141312K)->0K(137728K) From: 512K(2560K)->512K(512K)
[70.804s][info][gc,heap        ] GC(1161) ParOldGen: 67401K(349696K)->67457K(349696K)
[70.804s][info][gc,metaspace   ] GC(1161) Metaspace: 73097K(73664K)->73097K(73664K) NonClass: 58299K(58560K)->58299K(58560K) Class: 14798K(15104K)->14798K(15104K)
[70.804s][info][gc             ] GC(1161) Pause Young (Allocation Failure) 204M->66M(476M) 0.945ms
[70.804s][info][gc,cpu         ] GC(1161) User=0.00s Sys=0.00s Real=0.00s
[70.908s][info][gc,start       ] GC(1162) Pause Young (Allocation Failure)
[70.909s][info][gc,heap        ] GC(1162) PSYoungGen: 138240K(138240K)->512K(137216K) Eden: 137728K(137728K)->0K(134656K) From: 512K(512K)->512K(2560K)
[70.909s][info][gc,heap        ] GC(1162) ParOldGen: 67457K(349696K)->67481K(349696K)
[70.909s][info][gc,metaspace   ] GC(1162) Metaspace: 73097K(73664K)->73097K(73664K) NonClass: 58299K(58560K)->58299K(58560K) Class: 14798K(15104K)->14798K(15104K)
[70.909s][info][gc             ] GC(1162) Pause Young (Allocation Failure) 200M->66M(475M) 0.636ms
[70.909s][info][gc,cpu         ] GC(1162) User=0.00s Sys=0.00s Real=0.00s
[71.009s][info][gc,start       ] GC(1163) Pause Young (Allocation Failure)
[71.009s][info][gc,heap        ] GC(1163) PSYoungGen: 135168K(137216K)->512K(132096K) Eden: 134656K(134656K)->0K(131584K) From: 512K(2560K)->512K(512K)
[71.010s][info][gc,heap        ] GC(1163) ParOldGen: 67481K(349696K)->67537K(349696K)
[71.010s][info][gc,metaspace   ] GC(1163) Metaspace: 73097K(73664K)->73097K(73664K) NonClass: 58299K(58560K)->58299K(58560K) Class: 14798K(15104K)->14798K(15104K)
[71.010s][info][gc             ] GC(1163) Pause Young (Allocation Failure) 197M->66M(470M) 0.891ms
[71.010s][info][gc,cpu         ] GC(1163) User=0.00s Sys=0.00s Real=0.00s
[71.107s][info][gc,start       ] GC(1164) Pause Young (Allocation Failure)
[71.108s][info][gc,heap        ] GC(1164) PSYoungGen: 132096K(132096K)->512K(130560K) Eden: 131584K(131584K)->0K(128512K) From: 512K(512K)->512K(2048K)
[71.108s][info][gc,heap        ] GC(1164) ParOldGen: 67537K(349696K)->67593K(349696K)
[71.108s][info][gc,metaspace   ] GC(1164) Metaspace: 73097K(73664K)->73097K(73664K) NonClass: 58299K(58560K)->58299K(58560K) Class: 14798K(15104K)->14798K(15104K)
[71.108s][info][gc             ] GC(1164) Pause Young (Allocation Failure) 194M->66M(469M) 0.622ms
[71.108s][info][gc,cpu         ] GC(1164) User=0.00s Sys=0.00s Real=0.00s
[71.203s][info][gc,start       ] GC(1165) Pause Young (Allocation Failure)
[71.204s][info][gc,heap        ] GC(1165) PSYoungGen: 129024K(130560K)->512K(125952K) Eden: 128512K(128512K)->0K(125440K) From: 512K(2048K)->512K(512K)
[71.204s][info][gc,heap        ] GC(1165) ParOldGen: 67593K(349696K)->67697K(349696K)
[71.204s][info][gc,metaspace   ] GC(1165) Metaspace: 73097K(73664K)->73097K(73664K) NonClass: 58299K(58560K)->58299K(58560K) Class: 14798K(15104K)->14798K(15104K)
[71.204s][info][gc             ] GC(1165) Pause Young (Allocation Failure) 192M->66M(464M) 0.838ms
[71.204s][info][gc,cpu         ] GC(1165) User=0.00s Sys=0.00s Real=0.00s
[71.388s][info][gc,start       ] GC(1166) Pause Young (Allocation Failure)
[71.389s][info][gc,heap        ] GC(1166) PSYoungGen: 125951K(125952K)->448K(124928K) Eden: 125439K(125440K)->0K(122880K) From: 512K(512K)->448K(2048K)
[71.389s][info][gc,heap        ] GC(1166) ParOldGen: 67697K(349696K)->67729K(349696K)
[71.389s][info][gc,metaspace   ] GC(1166) Metaspace: 73097K(73664K)->73097K(73664K) NonClass: 58299K(58560K)->58299K(58560K) Class: 14798K(15104K)->14798K(15104K)
[71.389s][info][gc             ] GC(1166) Pause Young (Allocation Failure) 189M->66M(463M) 1.320ms
[71.390s][info][gc,cpu         ] GC(1166) User=0.00s Sys=0.00s Real=0.00s
[71.515s][info][gc,start       ] GC(1167) Pause Young (System.gc())
[71.517s][info][gc,heap        ] GC(1167) PSYoungGen: 36642K(124928K)->1184K(124416K) Eden: 36194K(122880K)->0K(122880K) From: 448K(2048K)->1184K(1536K)
[71.517s][info][gc,heap        ] GC(1167) ParOldGen: 67729K(349696K)->67961K(349696K)
[71.517s][info][gc,metaspace   ] GC(1167) Metaspace: 73126K(73664K)->73126K(73664K) NonClass: 58328K(58560K)->58328K(58560K) Class: 14798K(15104K)->14798K(15104K)
[71.517s][info][gc             ] GC(1167) Pause Young (System.gc()) 101M->67M(463M) 1.867ms
[71.517s][info][gc,cpu         ] GC(1167) User=0.47s Sys=0.06s Real=0.00s
[71.517s][info][gc,start       ] GC(1168) Pause Full (System.gc())
[71.517s][info][gc,phases,start] GC(1168) Marking Phase
[71.557s][info][gc,phases      ] GC(1168) Marking Phase 39.906ms
[71.557s][info][gc,phases,start] GC(1168) Summary Phase
[71.557s][info][gc,phases      ] GC(1168) Summary Phase 0.013ms
[71.557s][info][gc,phases,start] GC(1168) Adjust Roots
[71.576s][info][gc,phases      ] GC(1168) Adjust Roots 19.436ms
[71.576s][info][gc,phases,start] GC(1168) Compaction Phase
[71.589s][info][gc,phases      ] GC(1168) Compaction Phase 12.412ms
[71.589s][info][gc,phases,start] GC(1168) Post Compact
[71.590s][info][gc,phases      ] GC(1168) Post Compact 0.697ms
[71.590s][info][gc,heap        ] GC(1168) PSYoungGen: 1184K(124416K)->0K(124416K) Eden: 0K(122880K)->0K(122880K) From: 1184K(1536K)->0K(1536K)
[71.590s][info][gc,heap        ] GC(1168) ParOldGen: 67961K(349696K)->35749K(349696K)
[71.590s][info][gc,metaspace   ] GC(1168) Metaspace: 73126K(73664K)->73126K(73664K) NonClass: 58328K(58560K)->58328K(58560K) Class: 14798K(15104K)->14798K(15104K)
[71.590s][info][gc             ] GC(1168) Pause Full (System.gc()) 67M->34M(463M) 72.891ms
[71.590s][info][gc,cpu         ] GC(1168) User=0.78s Sys=0.00s Real=0.06s
[71.651s][info][gc,start       ] GC(1169) Pause Young (Allocation Failure)
[71.653s][info][gc,heap        ] GC(1169) PSYoungGen: 122880K(124416K)->2048K(122368K) Eden: 122880K(122880K)->0K(120320K) From: 0K(1536K)->2048K(2048K)
[71.653s][info][gc,heap        ] GC(1169) ParOldGen: 35749K(349696K)->37205K(349696K)
[71.653s][info][gc,metaspace   ] GC(1169) Metaspace: 73269K(73792K)->73269K(73792K) NonClass: 58471K(58688K)->58471K(58688K) Class: 14798K(15104K)->14798K(15104K)
[71.653s][info][gc             ] GC(1169) Pause Young (Allocation Failure) 154M->38M(461M) 1.930ms
[71.653s][info][gc,cpu         ] GC(1169) User=0.00s Sys=0.00s Real=0.00s
[71.683s][info][gc,start       ] GC(1170) Pause Young (Allocation Failure)
[71.685s][info][gc,heap        ] GC(1170) PSYoungGen: 122368K(122368K)->1024K(145408K) Eden: 120320K(120320K)->0K(144384K) From: 2048K(2048K)->1024K(1024K)
[71.685s][info][gc,heap        ] GC(1170) ParOldGen: 37205K(349696K)->38933K(349696K)
[71.685s][info][gc,metaspace   ] GC(1170) Metaspace: 73269K(73792K)->73269K(73792K) NonClass: 58471K(58688K)->58471K(58688K) Class: 14798K(15104K)->14798K(15104K)
[71.685s][info][gc             ] GC(1170) Pause Young (Allocation Failure) 155M->39M(483M) 1.480ms
[71.685s][info][gc,cpu         ] GC(1170) User=0.00s Sys=0.00s Real=0.00s
[71.720s][info][gc,start       ] GC(1171) Pause Young (Allocation Failure)
[71.722s][info][gc,heap        ] GC(1171) PSYoungGen: 145408K(145408K)->1920K(156672K) Eden: 144384K(144384K)->0K(153088K) From: 1024K(1024K)->1920K(3584K)
[71.722s][info][gc,heap        ] GC(1171) ParOldGen: 38933K(349696K)->39205K(349696K)
[71.722s][info][gc,metaspace   ] GC(1171) Metaspace: 73269K(73792K)->73269K(73792K) NonClass: 58471K(58688K)->58471K(58688K) Class: 14798K(15104K)->14798K(15104K)
[71.722s][info][gc             ] GC(1171) Pause Young (Allocation Failure) 180M->40M(494M) 1.238ms
[71.722s][info][gc,cpu         ] GC(1171) User=0.00s Sys=0.00s Real=0.00s
[71.759s][info][gc,start       ] GC(1172) Pause Young (Allocation Failure)
[71.760s][info][gc,heap        ] GC(1172) PSYoungGen: 155008K(156672K)->1952K(171008K) Eden: 153088K(153088K)->0K(167424K) From: 1920K(3584K)->1952K(3584K)
[71.760s][info][gc,heap        ] GC(1172) ParOldGen: 39205K(349696K)->39453K(349696K)
[71.760s][info][gc,metaspace   ] GC(1172) Metaspace: 73269K(73792K)->73269K(73792K) NonClass: 58471K(58688K)->58471K(58688K) Class: 14798K(15104K)->14798K(15104K)
[71.761s][info][gc             ] GC(1172) Pause Young (Allocation Failure) 189M->40M(508M) 1.435ms
[71.761s][info][gc,cpu         ] GC(1172) User=0.00s Sys=0.00s Real=0.00s
[71.803s][info][gc,start       ] GC(1173) Pause Young (Allocation Failure)
[71.804s][info][gc,heap        ] GC(1173) PSYoungGen: 169376K(171008K)->2080K(171008K) Eden: 167424K(167424K)->0K(167424K) From: 1952K(3584K)->2080K(3584K)
[71.804s][info][gc,heap        ] GC(1173) ParOldGen: 39453K(349696K)->39621K(349696K)
[71.804s][info][gc,metaspace   ] GC(1173) Metaspace: 73269K(73792K)->73269K(73792K) NonClass: 58471K(58688K)->58471K(58688K) Class: 14798K(15104K)->14798K(15104K)
[71.804s][info][gc             ] GC(1173) Pause Young (Allocation Failure) 203M->40M(508M) 1.473ms
[71.804s][info][gc,cpu         ] GC(1173) User=0.00s Sys=0.00s Real=0.00s
[71.845s][info][gc,start       ] GC(1174) Pause Young (Allocation Failure)
[71.846s][info][gc,heap        ] GC(1174) PSYoungGen: 169504K(171008K)->1792K(171008K) Eden: 167424K(167424K)->0K(167424K) From: 2080K(3584K)->1792K(3584K)
[71.846s][info][gc,heap        ] GC(1174) ParOldGen: 39621K(349696K)->39813K(349696K)
[71.846s][info][gc,metaspace   ] GC(1174) Metaspace: 73269K(73792K)->73269K(73792K) NonClass: 58471K(58688K)->58471K(58688K) Class: 14798K(15104K)->14798K(15104K)
[71.846s][info][gc             ] GC(1174) Pause Young (Allocation Failure) 204M->40M(508M) 1.111ms
[71.846s][info][gc,cpu         ] GC(1174) User=0.00s Sys=0.00s Real=0.00s
[71.887s][info][gc,start       ] GC(1175) Pause Young (Allocation Failure)
[71.888s][info][gc,heap        ] GC(1175) PSYoungGen: 169216K(171008K)->1824K(171008K) Eden: 167424K(167424K)->0K(167424K) From: 1792K(3584K)->1824K(3584K)
[71.888s][info][gc,heap        ] GC(1175) ParOldGen: 39813K(349696K)->39981K(349696K)
[71.888s][info][gc,metaspace   ] GC(1175) Metaspace: 73269K(73792K)->73269K(73792K) NonClass: 58471K(58688K)->58471K(58688K) Class: 14798K(15104K)->14798K(15104K)
[71.888s][info][gc             ] GC(1175) Pause Young (Allocation Failure) 204M->40M(508M) 1.077ms
[71.888s][info][gc,cpu         ] GC(1175) User=0.00s Sys=0.00s Real=0.00s
[71.929s][info][gc,start       ] GC(1176) Pause Young (Allocation Failure)
[71.930s][info][gc,heap        ] GC(1176) PSYoungGen: 169248K(171008K)->1792K(171008K) Eden: 167424K(167424K)->0K(167424K) From: 1824K(3584K)->1792K(3584K)
[71.930s][info][gc,heap        ] GC(1176) ParOldGen: 39981K(349696K)->40149K(349696K)
[71.930s][info][gc,metaspace   ] GC(1176) Metaspace: 73269K(73792K)->73269K(73792K) NonClass: 58471K(58688K)->58471K(58688K) Class: 14798K(15104K)->14798K(15104K)
[71.931s][info][gc             ] GC(1176) Pause Young (Allocation Failure) 204M->40M(508M) 1.147ms
[71.931s][info][gc,cpu         ] GC(1176) User=0.00s Sys=0.00s Real=0.00s
[71.971s][info][gc,start       ] GC(1177) Pause Young (Allocation Failure)
[71.972s][info][gc,heap        ] GC(1177) PSYoungGen: 169216K(171008K)->1856K(171008K) Eden: 167424K(167424K)->0K(167424K) From: 1792K(3584K)->1856K(3584K)
[71.972s][info][gc,heap        ] GC(1177) ParOldGen: 40149K(349696K)->40309K(349696K)
[71.972s][info][gc,metaspace   ] GC(1177) Metaspace: 73269K(73792K)->73269K(73792K) NonClass: 58471K(58688K)->58471K(58688K) Class: 14798K(15104K)->14798K(15104K)
[71.973s][info][gc             ] GC(1177) Pause Young (Allocation Failure) 204M->41M(508M) 1.119ms
[71.973s][info][gc,cpu         ] GC(1177) User=0.00s Sys=0.00s Real=0.00s
[72.014s][info][gc,start       ] GC(1178) Pause Young (Allocation Failure)
[72.015s][info][gc,heap        ] GC(1178) PSYoungGen: 169280K(171008K)->1792K(171008K) Eden: 167424K(167424K)->0K(167424K) From: 1856K(3584K)->1792K(3584K)
[72.015s][info][gc,heap        ] GC(1178) ParOldGen: 40309K(349696K)->40469K(349696K)
[72.015s][info][gc,metaspace   ] GC(1178) Metaspace: 73269K(73792K)->73269K(73792K) NonClass: 58471K(58688K)->58471K(58688K) Class: 14798K(15104K)->14798K(15104K)
[72.015s][info][gc             ] GC(1178) Pause Young (Allocation Failure) 204M->41M(508M) 1.107ms
[72.015s][info][gc,cpu         ] GC(1178) User=0.00s Sys=0.00s Real=0.00s
[72.056s][info][gc,start       ] GC(1179) Pause Young (Allocation Failure)
[72.057s][info][gc,heap        ] GC(1179) PSYoungGen: 169216K(171008K)->1824K(169472K) Eden: 167424K(167424K)->0K(167424K) From: 1792K(3584K)->1824K(2048K)
[72.057s][info][gc,heap        ] GC(1179) ParOldGen: 40469K(349696K)->40645K(349696K)
[72.057s][info][gc,metaspace   ] GC(1179) Metaspace: 73269K(73792K)->73269K(73792K) NonClass: 58471K(58688K)->58471K(58688K) Class: 14798K(15104K)->14798K(15104K)
[72.057s][info][gc             ] GC(1179) Pause Young (Allocation Failure) 204M->41M(507M) 1.141ms
[72.057s][info][gc,cpu         ] GC(1179) User=0.00s Sys=0.00s Real=0.00s
[72.098s][info][gc,start       ] GC(1180) Pause Young (Allocation Failure)
[72.099s][info][gc,heap        ] GC(1180) PSYoungGen: 169248K(169472K)->1824K(170496K) Eden: 167424K(167424K)->0K(167424K) From: 1824K(2048K)->1824K(3072K)
[72.099s][info][gc,heap        ] GC(1180) ParOldGen: 40645K(349696K)->40781K(349696K)
[72.099s][info][gc,metaspace   ] GC(1180) Metaspace: 73269K(73792K)->73269K(73792K) NonClass: 58471K(58688K)->58471K(58688K) Class: 14798K(15104K)->14798K(15104K)
[72.099s][info][gc             ] GC(1180) Pause Young (Allocation Failure) 204M->41M(508M) 1.164ms
[72.099s][info][gc,cpu         ] GC(1180) User=0.00s Sys=0.00s Real=0.00s
[72.140s][info][gc,start       ] GC(1181) Pause Young (Allocation Failure)
[72.141s][info][gc,heap        ] GC(1181) PSYoungGen: 169248K(170496K)->1856K(170496K) Eden: 167424K(167424K)->0K(167424K) From: 1824K(3072K)->1856K(3072K)
[72.141s][info][gc,heap        ] GC(1181) ParOldGen: 40781K(349696K)->41045K(349696K)
[72.141s][info][gc,metaspace   ] GC(1181) Metaspace: 73269K(73792K)->73269K(73792K) NonClass: 58471K(58688K)->58471K(58688K) Class: 14798K(15104K)->14798K(15104K)
[72.141s][info][gc             ] GC(1181) Pause Young (Allocation Failure) 205M->41M(508M) 1.135ms
[72.141s][info][gc,cpu         ] GC(1181) User=0.00s Sys=0.00s Real=0.00s
[72.183s][info][gc,start       ] GC(1182) Pause Young (Allocation Failure)
[72.184s][info][gc,heap        ] GC(1182) PSYoungGen: 169280K(170496K)->1824K(171520K) Eden: 167424K(167424K)->0K(168448K) From: 1856K(3072K)->1824K(3072K)
[72.184s][info][gc,heap        ] GC(1182) ParOldGen: 41045K(349696K)->41189K(349696K)
[72.184s][info][gc,metaspace   ] GC(1182) Metaspace: 73269K(73792K)->73269K(73792K) NonClass: 58471K(58688K)->58471K(58688K) Class: 14798K(15104K)->14798K(15104K)
[72.184s][info][gc             ] GC(1182) Pause Young (Allocation Failure) 205M->42M(509M) 1.081ms
[72.184s][info][gc,cpu         ] GC(1182) User=0.00s Sys=0.00s Real=0.00s
[72.225s][info][gc,start       ] GC(1183) Pause Young (Allocation Failure)
[72.227s][info][gc,heap        ] GC(1183) PSYoungGen: 170272K(171520K)->1824K(171520K) Eden: 168448K(168448K)->0K(168448K) From: 1824K(3072K)->1824K(3072K)
[72.227s][info][gc,heap        ] GC(1183) ParOldGen: 41189K(349696K)->41357K(349696K)
[72.227s][info][gc,metaspace   ] GC(1183) Metaspace: 73269K(73792K)->73269K(73792K) NonClass: 58471K(58688K)->58471K(58688K) Class: 14798K(15104K)->14798K(15104K)
[72.227s][info][gc             ] GC(1183) Pause Young (Allocation Failure) 206M->42M(509M) 1.166ms
[72.227s][info][gc,cpu         ] GC(1183) User=0.00s Sys=0.00s Real=0.00s
[72.268s][info][gc,start       ] GC(1184) Pause Young (Allocation Failure)
[72.269s][info][gc,heap        ] GC(1184) PSYoungGen: 170272K(171520K)->1824K(171520K) Eden: 168448K(168448K)->0K(168448K) From: 1824K(3072K)->1824K(3072K)
[72.269s][info][gc,heap        ] GC(1184) ParOldGen: 41357K(349696K)->41597K(349696K)
[72.269s][info][gc,metaspace   ] GC(1184) Metaspace: 73269K(73792K)->73269K(73792K) NonClass: 58471K(58688K)->58471K(58688K) Class: 14798K(15104K)->14798K(15104K)
[72.269s][info][gc             ] GC(1184) Pause Young (Allocation Failure) 206M->42M(509M) 1.114ms
[72.269s][info][gc,cpu         ] GC(1184) User=0.00s Sys=0.00s Real=0.00s
[72.310s][info][gc,start       ] GC(1185) Pause Young (Allocation Failure)
[72.312s][info][gc,heap        ] GC(1185) PSYoungGen: 170272K(171520K)->1856K(171520K) Eden: 168448K(168448K)->0K(168448K) From: 1824K(3072K)->1856K(3072K)
[72.312s][info][gc,heap        ] GC(1185) ParOldGen: 41597K(349696K)->41741K(349696K)
[72.312s][info][gc,metaspace   ] GC(1185) Metaspace: 73269K(73792K)->73269K(73792K) NonClass: 58471K(58688K)->58471K(58688K) Class: 14798K(15104K)->14798K(15104K)
[72.312s][info][gc             ] GC(1185) Pause Young (Allocation Failure) 206M->42M(509M) 1.189ms
[72.312s][info][gc,cpu         ] GC(1185) User=0.00s Sys=0.00s Real=0.00s
[72.353s][info][gc,start       ] GC(1186) Pause Young (Allocation Failure)
[72.354s][info][gc,heap        ] GC(1186) PSYoungGen: 170304K(171520K)->1888K(171520K) Eden: 168448K(168448K)->0K(168448K) From: 1856K(3072K)->1888K(3072K)
[72.354s][info][gc,heap        ] GC(1186) ParOldGen: 41741K(349696K)->41853K(349696K)
[72.354s][info][gc,metaspace   ] GC(1186) Metaspace: 73269K(73792K)->73269K(73792K) NonClass: 58471K(58688K)->58471K(58688K) Class: 14798K(15104K)->14798K(15104K)
[72.354s][info][gc             ] GC(1186) Pause Young (Allocation Failure) 207M->42M(509M) 1.144ms
[72.354s][info][gc,cpu         ] GC(1186) User=0.00s Sys=0.00s Real=0.00s
[72.395s][info][gc,start       ] GC(1187) Pause Young (Allocation Failure)
[72.396s][info][gc,heap        ] GC(1187) PSYoungGen: 170336K(171520K)->1824K(171520K) Eden: 168448K(168448K)->0K(168448K) From: 1888K(3072K)->1824K(3072K)
[72.397s][info][gc,heap        ] GC(1187) ParOldGen: 41853K(349696K)->42005K(349696K)
[72.397s][info][gc,metaspace   ] GC(1187) Metaspace: 73269K(73792K)->73269K(73792K) NonClass: 58471K(58688K)->58471K(58688K) Class: 14798K(15104K)->14798K(15104K)
[72.397s][info][gc             ] GC(1187) Pause Young (Allocation Failure) 207M->42M(509M) 1.108ms
[72.397s][info][gc,cpu         ] GC(1187) User=0.00s Sys=0.00s Real=0.00s
[72.438s][info][gc,start       ] GC(1188) Pause Young (Allocation Failure)
[72.439s][info][gc,heap        ] GC(1188) PSYoungGen: 170272K(171520K)->1856K(170496K) Eden: 168448K(168448K)->0K(168448K) From: 1824K(3072K)->1856K(2048K)
[72.439s][info][gc,heap        ] GC(1188) ParOldGen: 42005K(349696K)->42173K(349696K)
[72.439s][info][gc,metaspace   ] GC(1188) Metaspace: 73269K(73792K)->73269K(73792K) NonClass: 58471K(58688K)->58471K(58688K) Class: 14798K(15104K)->14798K(15104K)
[72.439s][info][gc             ] GC(1188) Pause Young (Allocation Failure) 207M->42M(508M) 1.141ms
[72.439s][info][gc,cpu         ] GC(1188) User=0.00s Sys=0.00s Real=0.00s
[72.481s][info][gc,start       ] GC(1189) Pause Young (Allocation Failure)
[72.482s][info][gc,heap        ] GC(1189) PSYoungGen: 170304K(170496K)->1856K(171008K) Eden: 168448K(168448K)->0K(168448K) From: 1856K(2048K)->1856K(2560K)
[72.482s][info][gc,heap        ] GC(1189) ParOldGen: 42173K(349696K)->42381K(349696K)
[72.482s][info][gc,metaspace   ] GC(1189) Metaspace: 73269K(73792K)->73269K(73792K) NonClass: 58471K(58688K)->58471K(58688K) Class: 14798K(15104K)->14798K(15104K)
[72.482s][info][gc             ] GC(1189) Pause Young (Allocation Failure) 207M->43M(508M) 1.179ms
[72.482s][info][gc,cpu         ] GC(1189) User=0.00s Sys=0.00s Real=0.00s
[72.523s][info][gc,start       ] GC(1190) Pause Young (Allocation Failure)
[72.524s][info][gc,heap        ] GC(1190) PSYoungGen: 170304K(171008K)->1824K(172032K) Eden: 168448K(168448K)->0K(169472K) From: 1856K(2560K)->1824K(2560K)
[72.524s][info][gc,heap        ] GC(1190) ParOldGen: 42381K(349696K)->42509K(349696K)
[72.524s][info][gc,metaspace   ] GC(1190) Metaspace: 73269K(73792K)->73269K(73792K) NonClass: 58471K(58688K)->58471K(58688K) Class: 14798K(15104K)->14798K(15104K)
[72.524s][info][gc             ] GC(1190) Pause Young (Allocation Failure) 207M->43M(509M) 1.164ms
[72.524s][info][gc,cpu         ] GC(1190) User=0.00s Sys=0.00s Real=0.00s
[72.566s][info][gc,start       ] GC(1191) Pause Young (Allocation Failure)
[72.567s][info][gc,heap        ] GC(1191) PSYoungGen: 171296K(172032K)->1792K(172032K) Eden: 169472K(169472K)->0K(169472K) From: 1824K(2560K)->1792K(2560K)
[72.567s][info][gc,heap        ] GC(1191) ParOldGen: 42509K(349696K)->42701K(349696K)
[72.567s][info][gc,metaspace   ] GC(1191) Metaspace: 73269K(73792K)->73269K(73792K) NonClass: 58471K(58688K)->58471K(58688K) Class: 14798K(15104K)->14798K(15104K)
[72.567s][info][gc             ] GC(1191) Pause Young (Allocation Failure) 208M->43M(509M) 1.153ms
[72.567s][info][gc,cpu         ] GC(1191) User=0.00s Sys=0.00s Real=0.00s
[72.608s][info][gc,start       ] GC(1192) Pause Young (Allocation Failure)
[72.610s][info][gc,heap        ] GC(1192) PSYoungGen: 171264K(172032K)->1792K(172032K) Eden: 169472K(169472K)->0K(169472K) From: 1792K(2560K)->1792K(2560K)
[72.610s][info][gc,heap        ] GC(1192) ParOldGen: 42701K(349696K)->42861K(349696K)
[72.610s][info][gc,metaspace   ] GC(1192) Metaspace: 73269K(73792K)->73269K(73792K) NonClass: 58471K(58688K)->58471K(58688K) Class: 14798K(15104K)->14798K(15104K)
[72.610s][info][gc             ] GC(1192) Pause Young (Allocation Failure) 208M->43M(509M) 1.124ms
[72.610s][info][gc,cpu         ] GC(1192) User=0.00s Sys=0.00s Real=0.00s
[72.651s][info][gc,start       ] GC(1193) Pause Young (Allocation Failure)
[72.652s][info][gc,heap        ] GC(1193) PSYoungGen: 171264K(172032K)->1856K(172032K) Eden: 169472K(169472K)->0K(169472K) From: 1792K(2560K)->1856K(2560K)
[72.653s][info][gc,heap        ] GC(1193) ParOldGen: 42861K(349696K)->43037K(349696K)
[72.653s][info][gc,metaspace   ] GC(1193) Metaspace: 73269K(73792K)->73269K(73792K) NonClass: 58471K(58688K)->58471K(58688K) Class: 14798K(15104K)->14798K(15104K)
[72.653s][info][gc             ] GC(1193) Pause Young (Allocation Failure) 209M->43M(509M) 1.283ms
[72.653s][info][gc,cpu         ] GC(1193) User=0.00s Sys=0.00s Real=0.00s
[72.695s][info][gc,start       ] GC(1194) Pause Young (Allocation Failure)
[72.696s][info][gc,heap        ] GC(1194) PSYoungGen: 171328K(172032K)->1792K(172032K) Eden: 169472K(169472K)->0K(169472K) From: 1856K(2560K)->1792K(2560K)
[72.696s][info][gc,heap        ] GC(1194) ParOldGen: 43037K(349696K)->43221K(349696K)
[72.696s][info][gc,metaspace   ] GC(1194) Metaspace: 73269K(73792K)->73269K(73792K) NonClass: 58471K(58688K)->58471K(58688K) Class: 14798K(15104K)->14798K(15104K)
[72.696s][info][gc             ] GC(1194) Pause Young (Allocation Failure) 209M->43M(509M) 1.099ms
[72.696s][info][gc,cpu         ] GC(1194) User=0.00s Sys=0.00s Real=0.00s
[72.738s][info][gc,start       ] GC(1195) Pause Young (Allocation Failure)
[72.739s][info][gc,heap        ] GC(1195) PSYoungGen: 171264K(172032K)->1792K(172032K) Eden: 169472K(169472K)->0K(169472K) From: 1792K(2560K)->1792K(2560K)
[72.739s][info][gc,heap        ] GC(1195) ParOldGen: 43221K(349696K)->43421K(349696K)
[72.739s][info][gc,metaspace   ] GC(1195) Metaspace: 73269K(73792K)->73269K(73792K) NonClass: 58471K(58688K)->58471K(58688K) Class: 14798K(15104K)->14798K(15104K)
[72.739s][info][gc             ] GC(1195) Pause Young (Allocation Failure) 209M->44M(509M) 1.127ms
[72.739s][info][gc,cpu         ] GC(1195) User=0.00s Sys=0.00s Real=0.00s
[72.781s][info][gc,start       ] GC(1196) Pause Young (Allocation Failure)
[72.782s][info][gc,heap        ] GC(1196) PSYoungGen: 171264K(172032K)->1760K(172032K) Eden: 169472K(169472K)->0K(169472K) From: 1792K(2560K)->1760K(2560K)
[72.782s][info][gc,heap        ] GC(1196) ParOldGen: 43421K(349696K)->43621K(349696K)
[72.782s][info][gc,metaspace   ] GC(1196) Metaspace: 73269K(73792K)->73269K(73792K) NonClass: 58471K(58688K)->58471K(58688K) Class: 14798K(15104K)->14798K(15104K)
[72.782s][info][gc             ] GC(1196) Pause Young (Allocation Failure) 209M->44M(509M) 1.120ms
[72.782s][info][gc,cpu         ] GC(1196) User=0.52s Sys=0.00s Real=0.00s
[72.823s][info][gc,start       ] GC(1197) Pause Young (Allocation Failure)
[72.825s][info][gc,heap        ] GC(1197) PSYoungGen: 171232K(172032K)->1792K(172032K) Eden: 169472K(169472K)->0K(169472K) From: 1760K(2560K)->1792K(2560K)
[72.825s][info][gc,heap        ] GC(1197) ParOldGen: 43621K(349696K)->43797K(349696K)
[72.825s][info][gc,metaspace   ] GC(1197) Metaspace: 73269K(73792K)->73269K(73792K) NonClass: 58471K(58688K)->58471K(58688K) Class: 14798K(15104K)->14798K(15104K)
[72.825s][info][gc             ] GC(1197) Pause Young (Allocation Failure) 209M->44M(509M) 1.105ms
[72.825s][info][gc,cpu         ] GC(1197) User=0.00s Sys=0.00s Real=0.00s
[72.866s][info][gc,start       ] GC(1198) Pause Young (Allocation Failure)
[72.867s][info][gc,heap        ] GC(1198) PSYoungGen: 171264K(172032K)->1824K(172032K) Eden: 169472K(169472K)->0K(169472K) From: 1792K(2560K)->1824K(2560K)
[72.867s][info][gc,heap        ] GC(1198) ParOldGen: 43797K(349696K)->43957K(349696K)
[72.867s][info][gc,metaspace   ] GC(1198) Metaspace: 73269K(73792K)->73269K(73792K) NonClass: 58471K(58688K)->58471K(58688K) Class: 14798K(15104K)->14798K(15104K)
[72.867s][info][gc             ] GC(1198) Pause Young (Allocation Failure) 210M->44M(509M) 1.058ms
[72.867s][info][gc,cpu         ] GC(1198) User=0.00s Sys=0.00s Real=0.00s
[72.909s][info][gc,start       ] GC(1199) Pause Young (Allocation Failure)
[72.910s][info][gc,heap        ] GC(1199) PSYoungGen: 171296K(172032K)->1824K(172032K) Eden: 169472K(169472K)->0K(169472K) From: 1824K(2560K)->1824K(2560K)
[72.910s][info][gc,heap        ] GC(1199) ParOldGen: 43957K(349696K)->44157K(349696K)
[72.910s][info][gc,metaspace   ] GC(1199) Metaspace: 73269K(73792K)->73269K(73792K) NonClass: 58471K(58688K)->58471K(58688K) Class: 14798K(15104K)->14798K(15104K)
[72.910s][info][gc             ] GC(1199) Pause Young (Allocation Failure) 210M->44M(509M) 1.125ms
[72.910s][info][gc,cpu         ] GC(1199) User=0.00s Sys=0.00s Real=0.00s
[72.952s][info][gc,start       ] GC(1200) Pause Young (Allocation Failure)
[72.953s][info][gc,heap        ] GC(1200) PSYoungGen: 171296K(172032K)->1856K(172032K) Eden: 169472K(169472K)->0K(169472K) From: 1824K(2560K)->1856K(2560K)
[72.953s][info][gc,heap        ] GC(1200) ParOldGen: 44157K(349696K)->44277K(349696K)
[72.953s][info][gc,metaspace   ] GC(1200) Metaspace: 73269K(73792K)->73269K(73792K) NonClass: 58471K(58688K)->58471K(58688K) Class: 14798K(15104K)->14798K(15104K)
[72.953s][info][gc             ] GC(1200) Pause Young (Allocation Failure) 210M->45M(509M) 1.124ms
[72.953s][info][gc,cpu         ] GC(1200) User=0.00s Sys=0.00s Real=0.00s
[72.994s][info][gc,start       ] GC(1201) Pause Young (Allocation Failure)
[72.995s][info][gc,heap        ] GC(1201) PSYoungGen: 171328K(172032K)->1824K(172032K) Eden: 169472K(169472K)->0K(169472K) From: 1856K(2560K)->1824K(2560K)
[72.995s][info][gc,heap        ] GC(1201) ParOldGen: 44277K(349696K)->44461K(349696K)
[72.995s][info][gc,metaspace   ] GC(1201) Metaspace: 73269K(73792K)->73269K(73792K) NonClass: 58471K(58688K)->58471K(58688K) Class: 14798K(15104K)->14798K(15104K)
[72.995s][info][gc             ] GC(1201) Pause Young (Allocation Failure) 210M->45M(509M) 1.113ms
[72.996s][info][gc,cpu         ] GC(1201) User=0.00s Sys=0.00s Real=0.00s
[73.037s][info][gc,start       ] GC(1202) Pause Young (Allocation Failure)
[73.038s][info][gc,heap        ] GC(1202) PSYoungGen: 171296K(172032K)->1888K(172032K) Eden: 169472K(169472K)->0K(169472K) From: 1824K(2560K)->1888K(2560K)
[73.038s][info][gc,heap        ] GC(1202) ParOldGen: 44461K(349696K)->44621K(349696K)
[73.038s][info][gc,metaspace   ] GC(1202) Metaspace: 73269K(73792K)->73269K(73792K) NonClass: 58471K(58688K)->58471K(58688K) Class: 14798K(15104K)->14798K(15104K)
[73.038s][info][gc             ] GC(1202) Pause Young (Allocation Failure) 210M->45M(509M) 1.108ms
[73.038s][info][gc,cpu         ] GC(1202) User=0.00s Sys=0.00s Real=0.00s
[73.079s][info][gc,start       ] GC(1203) Pause Young (Allocation Failure)
[73.080s][info][gc,heap        ] GC(1203) PSYoungGen: 171360K(172032K)->1856K(172032K) Eden: 169472K(169472K)->0K(169472K) From: 1888K(2560K)->1856K(2560K)
[73.081s][info][gc,heap        ] GC(1203) ParOldGen: 44621K(349696K)->44789K(349696K)
[73.081s][info][gc,metaspace   ] GC(1203) Metaspace: 73269K(73792K)->73269K(73792K) NonClass: 58471K(58688K)->58471K(58688K) Class: 14798K(15104K)->14798K(15104K)
[73.081s][info][gc             ] GC(1203) Pause Young (Allocation Failure) 210M->45M(509M) 1.080ms
[73.081s][info][gc,cpu         ] GC(1203) User=0.00s Sys=0.00s Real=0.00s
[73.122s][info][gc,start       ] GC(1204) Pause Young (Allocation Failure)
[73.123s][info][gc,heap        ] GC(1204) PSYoungGen: 171328K(172032K)->1888K(172032K) Eden: 169472K(169472K)->0K(169472K) From: 1856K(2560K)->1888K(2560K)
[73.123s][info][gc,heap        ] GC(1204) ParOldGen: 44789K(349696K)->45053K(349696K)
[73.123s][info][gc,metaspace   ] GC(1204) Metaspace: 73269K(73792K)->73269K(73792K) NonClass: 58471K(58688K)->58471K(58688K) Class: 14798K(15104K)->14798K(15104K)
[73.123s][info][gc             ] GC(1204) Pause Young (Allocation Failure) 211M->45M(509M) 1.106ms
[73.123s][info][gc,cpu         ] GC(1204) User=0.00s Sys=0.00s Real=0.00s
[73.165s][info][gc,start       ] GC(1205) Pause Young (Allocation Failure)
[73.166s][info][gc,heap        ] GC(1205) PSYoungGen: 171360K(172032K)->1888K(172032K) Eden: 169472K(169472K)->0K(169472K) From: 1888K(2560K)->1888K(2560K)
[73.166s][info][gc,heap        ] GC(1205) ParOldGen: 45053K(349696K)->45205K(349696K)
[73.166s][info][gc,metaspace   ] GC(1205) Metaspace: 73269K(73792K)->73269K(73792K) NonClass: 58471K(58688K)->58471K(58688K) Class: 14798K(15104K)->14798K(15104K)
[73.166s][info][gc             ] GC(1205) Pause Young (Allocation Failure) 211M->45M(509M) 1.068ms
[73.166s][info][gc,cpu         ] GC(1205) User=0.00s Sys=0.00s Real=0.00s
[73.207s][info][gc,start       ] GC(1206) Pause Young (Allocation Failure)
[73.208s][info][gc,heap        ] GC(1206) PSYoungGen: 171360K(172032K)->1952K(172032K) Eden: 169472K(169472K)->0K(169472K) From: 1888K(2560K)->1952K(2560K)
[73.209s][info][gc,heap        ] GC(1206) ParOldGen: 45205K(349696K)->45365K(349696K)
[73.209s][info][gc,metaspace   ] GC(1206) Metaspace: 73269K(73792K)->73269K(73792K) NonClass: 58471K(58688K)->58471K(58688K) Class: 14798K(15104K)->14798K(15104K)
[73.209s][info][gc             ] GC(1206) Pause Young (Allocation Failure) 211M->46M(509M) 1.192ms
[73.209s][info][gc,cpu         ] GC(1206) User=0.00s Sys=0.00s Real=0.00s
[73.250s][info][gc,start       ] GC(1207) Pause Young (Allocation Failure)
[73.251s][info][gc,heap        ] GC(1207) PSYoungGen: 171424K(172032K)->1824K(172032K) Eden: 169472K(169472K)->0K(169472K) From: 1952K(2560K)->1824K(2560K)
[73.251s][info][gc,heap        ] GC(1207) ParOldGen: 45365K(349696K)->45565K(349696K)
[73.251s][info][gc,metaspace   ] GC(1207) Metaspace: 73269K(73792K)->73269K(73792K) NonClass: 58471K(58688K)->58471K(58688K) Class: 14798K(15104K)->14798K(15104K)
[73.251s][info][gc             ] GC(1207) Pause Young (Allocation Failure) 211M->46M(509M) 1.118ms
[73.251s][info][gc,cpu         ] GC(1207) User=0.00s Sys=0.00s Real=0.00s
[73.293s][info][gc,start       ] GC(1208) Pause Young (Allocation Failure)
[73.311s][info][gc,heap        ] GC(1208) PSYoungGen: 171296K(172032K)->1888K(172032K) Eden: 169472K(169472K)->0K(169472K) From: 1824K(2560K)->1888K(2560K)
[73.311s][info][gc,heap        ] GC(1208) ParOldGen: 45565K(349696K)->45733K(349696K)
[73.311s][info][gc,metaspace   ] GC(1208) Metaspace: 73269K(73792K)->73269K(73792K) NonClass: 58471K(58688K)->58471K(58688K) Class: 14798K(15104K)->14798K(15104K)
[73.311s][info][gc             ] GC(1208) Pause Young (Allocation Failure) 211M->46M(509M) 18.034ms
[73.311s][info][gc,cpu         ] GC(1208) User=0.00s Sys=0.00s Real=0.02s
[73.356s][info][gc,start       ] GC(1209) Pause Young (Allocation Failure)
[73.357s][info][gc,heap        ] GC(1209) PSYoungGen: 171360K(172032K)->1856K(172032K) Eden: 169472K(169472K)->0K(169472K) From: 1888K(2560K)->1856K(2560K)
[73.357s][info][gc,heap        ] GC(1209) ParOldGen: 45733K(349696K)->45845K(349696K)
[73.357s][info][gc,metaspace   ] GC(1209) Metaspace: 73269K(73792K)->73269K(73792K) NonClass: 58471K(58688K)->58471K(58688K) Class: 14798K(15104K)->14798K(15104K)
[73.357s][info][gc             ] GC(1209) Pause Young (Allocation Failure) 212M->46M(509M) 1.109ms
[73.357s][info][gc,cpu         ] GC(1209) User=0.00s Sys=0.00s Real=0.00s
[73.399s][info][gc,start       ] GC(1210) Pause Young (Allocation Failure)
[73.400s][info][gc,heap        ] GC(1210) PSYoungGen: 171328K(172032K)->1856K(171520K) Eden: 169472K(169472K)->0K(169472K) From: 1856K(2560K)->1856K(2048K)
[73.400s][info][gc,heap        ] GC(1210) ParOldGen: 45845K(349696K)->46021K(349696K)
[73.400s][info][gc,metaspace   ] GC(1210) Metaspace: 73269K(73792K)->73269K(73792K) NonClass: 58471K(58688K)->58471K(58688K) Class: 14798K(15104K)->14798K(15104K)
[73.400s][info][gc             ] GC(1210) Pause Young (Allocation Failure) 212M->46M(509M) 1.146ms
[73.400s][info][gc,cpu         ] GC(1210) User=0.00s Sys=0.00s Real=0.00s
[73.442s][info][gc,start       ] GC(1211) Pause Young (Allocation Failure)
[73.443s][info][gc,heap        ] GC(1211) PSYoungGen: 171328K(171520K)->1888K(172032K) Eden: 169472K(169472K)->0K(169984K) From: 1856K(2048K)->1888K(2048K)
[73.443s][info][gc,heap        ] GC(1211) ParOldGen: 46021K(349696K)->46189K(349696K)
[73.443s][info][gc,metaspace   ] GC(1211) Metaspace: 73269K(73792K)->73269K(73792K) NonClass: 58471K(58688K)->58471K(58688K) Class: 14798K(15104K)->14798K(15104K)
[73.443s][info][gc             ] GC(1211) Pause Young (Allocation Failure) 212M->46M(509M) 1.167ms
[73.443s][info][gc,cpu         ] GC(1211) User=0.00s Sys=0.00s Real=0.00s
[73.485s][info][gc,start       ] GC(1212) Pause Young (Allocation Failure)
[73.486s][info][gc,heap        ] GC(1212) PSYoungGen: 171872K(172032K)->1856K(172544K) Eden: 169984K(169984K)->0K(170496K) From: 1888K(2048K)->1856K(2048K)
[73.486s][info][gc,heap        ] GC(1212) ParOldGen: 46189K(349696K)->46365K(349696K)
[73.486s][info][gc,metaspace   ] GC(1212) Metaspace: 73269K(73792K)->73269K(73792K) NonClass: 58471K(58688K)->58471K(58688K) Class: 14798K(15104K)->14798K(15104K)
[73.486s][info][gc             ] GC(1212) Pause Young (Allocation Failure) 212M->47M(510M) 1.099ms
[73.486s][info][gc,cpu         ] GC(1212) User=0.00s Sys=0.00s Real=0.00s
[73.527s][info][gc,start       ] GC(1213) Pause Young (Allocation Failure)
[73.528s][info][gc,heap        ] GC(1213) PSYoungGen: 172352K(172544K)->1920K(172544K) Eden: 170496K(170496K)->0K(170496K) From: 1856K(2048K)->1920K(2048K)
[73.528s][info][gc,heap        ] GC(1213) ParOldGen: 46365K(349696K)->46509K(349696K)
[73.528s][info][gc,metaspace   ] GC(1213) Metaspace: 73269K(73792K)->73269K(73792K) NonClass: 58471K(58688K)->58471K(58688K) Class: 14798K(15104K)->14798K(15104K)
[73.528s][info][gc             ] GC(1213) Pause Young (Allocation Failure) 213M->47M(510M) 1.126ms
[73.528s][info][gc,cpu         ] GC(1213) User=0.00s Sys=0.00s Real=0.00s
[73.570s][info][gc,start       ] GC(1214) Pause Young (Allocation Failure)
[73.571s][info][gc,heap        ] GC(1214) PSYoungGen: 172416K(172544K)->1856K(172544K) Eden: 170496K(170496K)->0K(170496K) From: 1920K(2048K)->1856K(2048K)
[73.571s][info][gc,heap        ] GC(1214) ParOldGen: 46509K(349696K)->46685K(349696K)
[73.571s][info][gc,metaspace   ] GC(1214) Metaspace: 73269K(73792K)->73269K(73792K) NonClass: 58471K(58688K)->58471K(58688K) Class: 14798K(15104K)->14798K(15104K)
[73.571s][info][gc             ] GC(1214) Pause Young (Allocation Failure) 213M->47M(510M) 1.093ms
[73.571s][info][gc,cpu         ] GC(1214) User=0.00s Sys=0.00s Real=0.00s
[73.613s][info][gc,start       ] GC(1215) Pause Young (Allocation Failure)
[73.614s][info][gc,heap        ] GC(1215) PSYoungGen: 172352K(172544K)->1856K(172544K) Eden: 170496K(170496K)->0K(170496K) From: 1856K(2048K)->1856K(2048K)
[73.614s][info][gc,heap        ] GC(1215) ParOldGen: 46685K(349696K)->46853K(349696K)
[73.614s][info][gc,metaspace   ] GC(1215) Metaspace: 73269K(73792K)->73269K(73792K) NonClass: 58471K(58688K)->58471K(58688K) Class: 14798K(15104K)->14798K(15104K)
[73.614s][info][gc             ] GC(1215) Pause Young (Allocation Failure) 213M->47M(510M) 1.123ms
[73.614s][info][gc,cpu         ] GC(1215) User=0.00s Sys=0.00s Real=0.00s
[73.656s][info][gc,start       ] GC(1216) Pause Young (Allocation Failure)
[73.657s][info][gc,heap        ] GC(1216) PSYoungGen: 172352K(172544K)->1824K(172544K) Eden: 170496K(170496K)->0K(170496K) From: 1856K(2048K)->1824K(2048K)
[73.657s][info][gc,heap        ] GC(1216) ParOldGen: 46853K(349696K)->47029K(349696K)
[73.657s][info][gc,metaspace   ] GC(1216) Metaspace: 73269K(73792K)->73269K(73792K) NonClass: 58471K(58688K)->58471K(58688K) Class: 14798K(15104K)->14798K(15104K)
[73.657s][info][gc             ] GC(1216) Pause Young (Allocation Failure) 214M->47M(510M) 1.135ms
[73.657s][info][gc,cpu         ] GC(1216) User=0.00s Sys=0.00s Real=0.00s
[73.699s][info][gc,start       ] GC(1217) Pause Young (Allocation Failure)
[73.700s][info][gc,heap        ] GC(1217) PSYoungGen: 172320K(172544K)->1856K(172544K) Eden: 170496K(170496K)->0K(170496K) From: 1824K(2048K)->1856K(2048K)
[73.700s][info][gc,heap        ] GC(1217) ParOldGen: 47029K(349696K)->47205K(349696K)
[73.700s][info][gc,metaspace   ] GC(1217) Metaspace: 73269K(73792K)->73269K(73792K) NonClass: 58471K(58688K)->58471K(58688K) Class: 14798K(15104K)->14798K(15104K)
[73.700s][info][gc             ] GC(1217) Pause Young (Allocation Failure) 214M->47M(510M) 1.140ms
[73.700s][info][gc,cpu         ] GC(1217) User=0.00s Sys=0.00s Real=0.00s
[73.743s][info][gc,start       ] GC(1218) Pause Young (Allocation Failure)
[73.744s][info][gc,heap        ] GC(1218) PSYoungGen: 172352K(172544K)->1856K(172544K) Eden: 170496K(170496K)->0K(170496K) From: 1856K(2048K)->1856K(2048K)
[73.744s][info][gc,heap        ] GC(1218) ParOldGen: 47205K(349696K)->47429K(349696K)
[73.744s][info][gc,metaspace   ] GC(1218) Metaspace: 73269K(73792K)->73269K(73792K) NonClass: 58471K(58688K)->58471K(58688K) Class: 14798K(15104K)->14798K(15104K)
[73.744s][info][gc             ] GC(1218) Pause Young (Allocation Failure) 214M->48M(510M) 1.154ms
[73.744s][info][gc,cpu         ] GC(1218) User=0.00s Sys=0.00s Real=0.00s
[73.787s][info][gc,start       ] GC(1219) Pause Young (Allocation Failure)
[73.788s][info][gc,heap        ] GC(1219) PSYoungGen: 172352K(172544K)->1760K(172544K) Eden: 170496K(170496K)->0K(170496K) From: 1856K(2048K)->1760K(2048K)
[73.788s][info][gc,heap        ] GC(1219) ParOldGen: 47429K(349696K)->47613K(349696K)
[73.788s][info][gc,metaspace   ] GC(1219) Metaspace: 73269K(73792K)->73269K(73792K) NonClass: 58471K(58688K)->58471K(58688K) Class: 14798K(15104K)->14798K(15104K)
[73.788s][info][gc             ] GC(1219) Pause Young (Allocation Failure) 214M->48M(510M) 1.097ms
[73.788s][info][gc,cpu         ] GC(1219) User=0.00s Sys=0.00s Real=0.00s
[73.830s][info][gc,start       ] GC(1220) Pause Young (Allocation Failure)
[73.831s][info][gc,heap        ] GC(1220) PSYoungGen: 172256K(172544K)->1856K(172544K) Eden: 170496K(170496K)->0K(170496K) From: 1760K(2048K)->1856K(2048K)
[73.831s][info][gc,heap        ] GC(1220) ParOldGen: 47613K(349696K)->47797K(349696K)
[73.831s][info][gc,metaspace   ] GC(1220) Metaspace: 73269K(73792K)->73269K(73792K) NonClass: 58471K(58688K)->58471K(58688K) Class: 14798K(15104K)->14798K(15104K)
[73.831s][info][gc             ] GC(1220) Pause Young (Allocation Failure) 214M->48M(510M) 1.086ms
[73.831s][info][gc,cpu         ] GC(1220) User=0.00s Sys=0.00s Real=0.00s
[73.873s][info][gc,start       ] GC(1221) Pause Young (Allocation Failure)
[73.874s][info][gc,heap        ] GC(1221) PSYoungGen: 172352K(172544K)->1824K(172544K) Eden: 170496K(170496K)->0K(170496K) From: 1856K(2048K)->1824K(2048K)
[73.874s][info][gc,heap        ] GC(1221) ParOldGen: 47797K(349696K)->47965K(349696K)
[73.874s][info][gc,metaspace   ] GC(1221) Metaspace: 73269K(73792K)->73269K(73792K) NonClass: 58471K(58688K)->58471K(58688K) Class: 14798K(15104K)->14798K(15104K)
[73.874s][info][gc             ] GC(1221) Pause Young (Allocation Failure) 214M->48M(510M) 1.088ms
[73.874s][info][gc,cpu         ] GC(1221) User=0.00s Sys=0.00s Real=0.00s
[73.916s][info][gc,start       ] GC(1222) Pause Young (Allocation Failure)
[73.918s][info][gc,heap        ] GC(1222) PSYoungGen: 172320K(172544K)->1856K(172544K) Eden: 170496K(170496K)->0K(170496K) From: 1824K(2048K)->1856K(2048K)
[73.918s][info][gc,heap        ] GC(1222) ParOldGen: 47965K(349696K)->48165K(349696K)
[73.918s][info][gc,metaspace   ] GC(1222) Metaspace: 73269K(73792K)->73269K(73792K) NonClass: 58471K(58688K)->58471K(58688K) Class: 14798K(15104K)->14798K(15104K)
[73.918s][info][gc             ] GC(1222) Pause Young (Allocation Failure) 215M->48M(510M) 1.168ms
[73.918s][info][gc,cpu         ] GC(1222) User=0.00s Sys=0.00s Real=0.00s
[73.959s][info][gc,start       ] GC(1223) Pause Young (Allocation Failure)
[73.961s][info][gc,heap        ] GC(1223) PSYoungGen: 172352K(172544K)->1824K(172544K) Eden: 170496K(170496K)->0K(170496K) From: 1856K(2048K)->1824K(2048K)
[73.961s][info][gc,heap        ] GC(1223) ParOldGen: 48165K(349696K)->48357K(349696K)
[73.961s][info][gc,metaspace   ] GC(1223) Metaspace: 73269K(73792K)->73269K(73792K) NonClass: 58471K(58688K)->58471K(58688K) Class: 14798K(15104K)->14798K(15104K)
[73.961s][info][gc             ] GC(1223) Pause Young (Allocation Failure) 215M->49M(510M) 1.111ms
[73.961s][info][gc,cpu         ] GC(1223) User=0.00s Sys=0.00s Real=0.00s
[74.002s][info][gc,start       ] GC(1224) Pause Young (Allocation Failure)
[74.003s][info][gc,heap        ] GC(1224) PSYoungGen: 172320K(172544K)->1856K(172544K) Eden: 170496K(170496K)->0K(170496K) From: 1824K(2048K)->1856K(2048K)
[74.004s][info][gc,heap        ] GC(1224) ParOldGen: 48357K(349696K)->48517K(349696K)
[74.004s][info][gc,metaspace   ] GC(1224) Metaspace: 73269K(73792K)->73269K(73792K) NonClass: 58471K(58688K)->58471K(58688K) Class: 14798K(15104K)->14798K(15104K)
[74.004s][info][gc             ] GC(1224) Pause Young (Allocation Failure) 215M->49M(510M) 1.095ms
[74.004s][info][gc,cpu         ] GC(1224) User=0.00s Sys=0.00s Real=0.00s
[74.045s][info][gc,start       ] GC(1225) Pause Young (Allocation Failure)
[74.046s][info][gc,heap        ] GC(1225) PSYoungGen: 172352K(172544K)->1856K(172544K) Eden: 170496K(170496K)->0K(170496K) From: 1856K(2048K)->1856K(2048K)
[74.046s][info][gc,heap        ] GC(1225) ParOldGen: 48517K(349696K)->48709K(349696K)
[74.046s][info][gc,metaspace   ] GC(1225) Metaspace: 73269K(73792K)->73269K(73792K) NonClass: 58471K(58688K)->58471K(58688K) Class: 14798K(15104K)->14798K(15104K)
[74.046s][info][gc             ] GC(1225) Pause Young (Allocation Failure) 215M->49M(510M) 1.128ms
[74.047s][info][gc,cpu         ] GC(1225) User=0.00s Sys=0.00s Real=0.00s
[74.088s][info][gc,start       ] GC(1226) Pause Young (Allocation Failure)
[74.089s][info][gc,heap        ] GC(1226) PSYoungGen: 172352K(172544K)->1824K(172544K) Eden: 170496K(170496K)->0K(170496K) From: 1856K(2048K)->1824K(2048K)
[74.089s][info][gc,heap        ] GC(1226) ParOldGen: 48709K(349696K)->48877K(349696K)
[74.089s][info][gc,metaspace   ] GC(1226) Metaspace: 73269K(73792K)->73269K(73792K) NonClass: 58471K(58688K)->58471K(58688K) Class: 14798K(15104K)->14798K(15104K)
[74.090s][info][gc             ] GC(1226) Pause Young (Allocation Failure) 215M->49M(510M) 1.156ms
[74.090s][info][gc,cpu         ] GC(1226) User=0.00s Sys=0.00s Real=0.00s
[74.131s][info][gc,start       ] GC(1227) Pause Young (Allocation Failure)
[74.132s][info][gc,heap        ] GC(1227) PSYoungGen: 172320K(172544K)->1792K(172544K) Eden: 170496K(170496K)->0K(170496K) From: 1824K(2048K)->1792K(2048K)
[74.132s][info][gc,heap        ] GC(1227) ParOldGen: 48877K(349696K)->49125K(349696K)
[74.132s][info][gc,metaspace   ] GC(1227) Metaspace: 73269K(73792K)->73269K(73792K) NonClass: 58471K(58688K)->58471K(58688K) Class: 14798K(15104K)->14798K(15104K)
[74.132s][info][gc             ] GC(1227) Pause Young (Allocation Failure) 216M->49M(510M) 1.109ms
[74.132s][info][gc,cpu         ] GC(1227) User=0.00s Sys=0.00s Real=0.00s
[74.174s][info][gc,start       ] GC(1228) Pause Young (Allocation Failure)
[74.175s][info][gc,heap        ] GC(1228) PSYoungGen: 172288K(172544K)->1856K(172544K) Eden: 170496K(170496K)->0K(170496K) From: 1792K(2048K)->1856K(2048K)
[74.175s][info][gc,heap        ] GC(1228) ParOldGen: 49125K(349696K)->49325K(349696K)
[74.175s][info][gc,metaspace   ] GC(1228) Metaspace: 73269K(73792K)->73269K(73792K) NonClass: 58471K(58688K)->58471K(58688K) Class: 14798K(15104K)->14798K(15104K)
[74.175s][info][gc             ] GC(1228) Pause Young (Allocation Failure) 216M->49M(510M) 1.098ms
[74.175s][info][gc,cpu         ] GC(1228) User=0.00s Sys=0.00s Real=0.00s
[74.217s][info][gc,start       ] GC(1229) Pause Young (Allocation Failure)
[74.218s][info][gc,heap        ] GC(1229) PSYoungGen: 172352K(172544K)->1824K(172544K) Eden: 170496K(170496K)->0K(170496K) From: 1856K(2048K)->1824K(2048K)
[74.218s][info][gc,heap        ] GC(1229) ParOldGen: 49325K(349696K)->49517K(349696K)
[74.218s][info][gc,metaspace   ] GC(1229) Metaspace: 73269K(73792K)->73269K(73792K) NonClass: 58471K(58688K)->58471K(58688K) Class: 14798K(15104K)->14798K(15104K)
[74.218s][info][gc             ] GC(1229) Pause Young (Allocation Failure) 216M->50M(510M) 1.145ms
[74.218s][info][gc,cpu         ] GC(1229) User=0.00s Sys=0.00s Real=0.00s
[74.260s][info][gc,start       ] GC(1230) Pause Young (Allocation Failure)
[74.261s][info][gc,heap        ] GC(1230) PSYoungGen: 172320K(172544K)->1792K(172544K) Eden: 170496K(170496K)->0K(170496K) From: 1824K(2048K)->1792K(2048K)
[74.261s][info][gc,heap        ] GC(1230) ParOldGen: 49517K(349696K)->49717K(349696K)
[74.261s][info][gc,metaspace   ] GC(1230) Metaspace: 73269K(73792K)->73269K(73792K) NonClass: 58471K(58688K)->58471K(58688K) Class: 14798K(15104K)->14798K(15104K)
[74.261s][info][gc             ] GC(1230) Pause Young (Allocation Failure) 216M->50M(510M) 1.149ms
[74.261s][info][gc,cpu         ] GC(1230) User=0.00s Sys=0.00s Real=0.00s
[74.303s][info][gc,start       ] GC(1231) Pause Young (Allocation Failure)
[74.304s][info][gc,heap        ] GC(1231) PSYoungGen: 172288K(172544K)->1792K(172544K) Eden: 170496K(170496K)->0K(170496K) From: 1792K(2048K)->1792K(2048K)
[74.304s][info][gc,heap        ] GC(1231) ParOldGen: 49717K(349696K)->49901K(349696K)
[74.304s][info][gc,metaspace   ] GC(1231) Metaspace: 73269K(73792K)->73269K(73792K) NonClass: 58471K(58688K)->58471K(58688K) Class: 14798K(15104K)->14798K(15104K)
[74.304s][info][gc             ] GC(1231) Pause Young (Allocation Failure) 216M->50M(510M) 1.069ms
[74.304s][info][gc,cpu         ] GC(1231) User=0.00s Sys=0.00s Real=0.00s
[74.346s][info][gc,start       ] GC(1232) Pause Young (Allocation Failure)
[74.347s][info][gc,heap        ] GC(1232) PSYoungGen: 172288K(172544K)->1824K(172544K) Eden: 170496K(170496K)->0K(170496K) From: 1792K(2048K)->1824K(2048K)
[74.347s][info][gc,heap        ] GC(1232) ParOldGen: 49901K(349696K)->50069K(349696K)
[74.347s][info][gc,metaspace   ] GC(1232) Metaspace: 73269K(73792K)->73269K(73792K) NonClass: 58471K(58688K)->58471K(58688K) Class: 14798K(15104K)->14798K(15104K)
[74.347s][info][gc             ] GC(1232) Pause Young (Allocation Failure) 216M->50M(510M) 1.102ms
[74.347s][info][gc,cpu         ] GC(1232) User=0.00s Sys=0.00s Real=0.00s
[74.389s][info][gc,start       ] GC(1233) Pause Young (Allocation Failure)
[74.390s][info][gc,heap        ] GC(1233) PSYoungGen: 172320K(172544K)->1856K(172544K) Eden: 170496K(170496K)->0K(170496K) From: 1824K(2048K)->1856K(2048K)
[74.390s][info][gc,heap        ] GC(1233) ParOldGen: 50069K(349696K)->50237K(349696K)
[74.390s][info][gc,metaspace   ] GC(1233) Metaspace: 73269K(73792K)->73269K(73792K) NonClass: 58471K(58688K)->58471K(58688K) Class: 14798K(15104K)->14798K(15104K)
[74.390s][info][gc             ] GC(1233) Pause Young (Allocation Failure) 217M->50M(510M) 1.103ms
[74.390s][info][gc,cpu         ] GC(1233) User=0.00s Sys=0.00s Real=0.00s
[74.432s][info][gc,start       ] GC(1234) Pause Young (Allocation Failure)
[74.433s][info][gc,heap        ] GC(1234) PSYoungGen: 172352K(172544K)->1856K(172544K) Eden: 170496K(170496K)->0K(170496K) From: 1856K(2048K)->1856K(2048K)
[74.433s][info][gc,heap        ] GC(1234) ParOldGen: 50237K(349696K)->50381K(349696K)
[74.433s][info][gc,metaspace   ] GC(1234) Metaspace: 73269K(73792K)->73269K(73792K) NonClass: 58471K(58688K)->58471K(58688K) Class: 14798K(15104K)->14798K(15104K)
[74.433s][info][gc             ] GC(1234) Pause Young (Allocation Failure) 217M->51M(510M) 1.070ms
[74.433s][info][gc,cpu         ] GC(1234) User=0.00s Sys=0.00s Real=0.00s
[74.475s][info][gc,start       ] GC(1235) Pause Young (Allocation Failure)
[74.476s][info][gc,heap        ] GC(1235) PSYoungGen: 172352K(172544K)->1824K(172544K) Eden: 170496K(170496K)->0K(170496K) From: 1856K(2048K)->1824K(2048K)
[74.476s][info][gc,heap        ] GC(1235) ParOldGen: 50381K(349696K)->50541K(349696K)
[74.476s][info][gc,metaspace   ] GC(1235) Metaspace: 73269K(73792K)->73269K(73792K) NonClass: 58471K(58688K)->58471K(58688K) Class: 14798K(15104K)->14798K(15104K)
[74.476s][info][gc             ] GC(1235) Pause Young (Allocation Failure) 217M->51M(510M) 1.050ms
[74.476s][info][gc,cpu         ] GC(1235) User=0.00s Sys=0.00s Real=0.00s
[74.518s][info][gc,start       ] GC(1236) Pause Young (Allocation Failure)
[74.519s][info][gc,heap        ] GC(1236) PSYoungGen: 172320K(172544K)->1888K(172544K) Eden: 170496K(170496K)->0K(170496K) From: 1824K(2048K)->1888K(2048K)
[74.519s][info][gc,heap        ] GC(1236) ParOldGen: 50541K(349696K)->50677K(349696K)
[74.519s][info][gc,metaspace   ] GC(1236) Metaspace: 73269K(73792K)->73269K(73792K) NonClass: 58471K(58688K)->58471K(58688K) Class: 14798K(15104K)->14798K(15104K)
[74.519s][info][gc             ] GC(1236) Pause Young (Allocation Failure) 217M->51M(510M) 1.132ms
[74.519s][info][gc,cpu         ] GC(1236) User=0.00s Sys=0.00s Real=0.00s
[74.561s][info][gc,start       ] GC(1237) Pause Young (Allocation Failure)
[74.562s][info][gc,heap        ] GC(1237) PSYoungGen: 172383K(172544K)->1856K(172544K) Eden: 170495K(170496K)->0K(170496K) From: 1888K(2048K)->1856K(2048K)
[74.562s][info][gc,heap        ] GC(1237) ParOldGen: 50677K(349696K)->50853K(349696K)
[74.562s][info][gc,metaspace   ] GC(1237) Metaspace: 73269K(73792K)->73269K(73792K) NonClass: 58471K(58688K)->58471K(58688K) Class: 14798K(15104K)->14798K(15104K)
[74.562s][info][gc             ] GC(1237) Pause Young (Allocation Failure) 217M->51M(510M) 1.061ms
[74.562s][info][gc,cpu         ] GC(1237) User=0.00s Sys=0.00s Real=0.00s
[74.604s][info][gc,start       ] GC(1238) Pause Young (Allocation Failure)
[74.605s][info][gc,heap        ] GC(1238) PSYoungGen: 172352K(172544K)->1920K(172544K) Eden: 170496K(170496K)->0K(170496K) From: 1856K(2048K)->1920K(2048K)
[74.605s][info][gc,heap        ] GC(1238) ParOldGen: 50853K(349696K)->51029K(349696K)
[74.605s][info][gc,metaspace   ] GC(1238) Metaspace: 73269K(73792K)->73269K(73792K) NonClass: 58471K(58688K)->58471K(58688K) Class: 14798K(15104K)->14798K(15104K)
[74.605s][info][gc             ] GC(1238) Pause Young (Allocation Failure) 217M->51M(510M) 1.133ms
[74.605s][info][gc,cpu         ] GC(1238) User=0.00s Sys=0.00s Real=0.00s
[74.647s][info][gc,start       ] GC(1239) Pause Young (Allocation Failure)
[74.648s][info][gc,heap        ] GC(1239) PSYoungGen: 172416K(172544K)->1856K(172544K) Eden: 170496K(170496K)->0K(170496K) From: 1920K(2048K)->1856K(2048K)
[74.648s][info][gc,heap        ] GC(1239) ParOldGen: 51029K(349696K)->51205K(349696K)
[74.648s][info][gc,metaspace   ] GC(1239) Metaspace: 73269K(73792K)->73269K(73792K) NonClass: 58471K(58688K)->58471K(58688K) Class: 14798K(15104K)->14798K(15104K)
[74.648s][info][gc             ] GC(1239) Pause Young (Allocation Failure) 218M->51M(510M) 1.118ms
[74.648s][info][gc,cpu         ] GC(1239) User=0.00s Sys=0.00s Real=0.00s
[74.690s][info][gc,start       ] GC(1240) Pause Young (Allocation Failure)
[74.691s][info][gc,heap        ] GC(1240) PSYoungGen: 172352K(172544K)->1856K(172544K) Eden: 170496K(170496K)->0K(170496K) From: 1856K(2048K)->1856K(2048K)
[74.691s][info][gc,heap        ] GC(1240) ParOldGen: 51205K(349696K)->51389K(349696K)
[74.691s][info][gc,metaspace   ] GC(1240) Metaspace: 73269K(73792K)->73269K(73792K) NonClass: 58471K(58688K)->58471K(58688K) Class: 14798K(15104K)->14798K(15104K)
[74.691s][info][gc             ] GC(1240) Pause Young (Allocation Failure) 218M->51M(510M) 1.157ms
[74.691s][info][gc,cpu         ] GC(1240) User=0.00s Sys=0.00s Real=0.00s
[74.733s][info][gc,start       ] GC(1241) Pause Young (Allocation Failure)
[74.734s][info][gc,heap        ] GC(1241) PSYoungGen: 172352K(172544K)->1824K(172544K) Eden: 170496K(170496K)->0K(170496K) From: 1856K(2048K)->1824K(2048K)
[74.734s][info][gc,heap        ] GC(1241) ParOldGen: 51389K(349696K)->51549K(349696K)
[74.734s][info][gc,metaspace   ] GC(1241) Metaspace: 73269K(73792K)->73269K(73792K) NonClass: 58471K(58688K)->58471K(58688K) Class: 14798K(15104K)->14798K(15104K)
[74.734s][info][gc             ] GC(1241) Pause Young (Allocation Failure) 218M->52M(510M) 1.069ms
[74.734s][info][gc,cpu         ] GC(1241) User=0.00s Sys=0.00s Real=0.00s
[74.776s][info][gc,start       ] GC(1242) Pause Young (Allocation Failure)
[74.777s][info][gc,heap        ] GC(1242) PSYoungGen: 172319K(172544K)->1856K(172544K) Eden: 170495K(170496K)->0K(170496K) From: 1824K(2048K)->1856K(2048K)
[74.777s][info][gc,heap        ] GC(1242) ParOldGen: 51549K(349696K)->51717K(349696K)
[74.777s][info][gc,metaspace   ] GC(1242) Metaspace: 73269K(73792K)->73269K(73792K) NonClass: 58471K(58688K)->58471K(58688K) Class: 14798K(15104K)->14798K(15104K)
[74.777s][info][gc             ] GC(1242) Pause Young (Allocation Failure) 218M->52M(510M) 1.139ms
[74.777s][info][gc,cpu         ] GC(1242) User=0.00s Sys=0.00s Real=0.00s
[74.819s][info][gc,start       ] GC(1243) Pause Young (Allocation Failure)
[74.820s][info][gc,heap        ] GC(1243) PSYoungGen: 172352K(172544K)->1824K(172544K) Eden: 170496K(170496K)->0K(170496K) From: 1856K(2048K)->1824K(2048K)
[74.820s][info][gc,heap        ] GC(1243) ParOldGen: 51717K(349696K)->51909K(349696K)
[74.820s][info][gc,metaspace   ] GC(1243) Metaspace: 73269K(73792K)->73269K(73792K) NonClass: 58471K(58688K)->58471K(58688K) Class: 14798K(15104K)->14798K(15104K)
[74.820s][info][gc             ] GC(1243) Pause Young (Allocation Failure) 218M->52M(510M) 1.034ms
[74.820s][info][gc,cpu         ] GC(1243) User=0.00s Sys=0.00s Real=0.00s
[74.862s][info][gc,start       ] GC(1244) Pause Young (Allocation Failure)
[74.863s][info][gc,heap        ] GC(1244) PSYoungGen: 172320K(172544K)->1856K(172544K) Eden: 170496K(170496K)->0K(170496K) From: 1824K(2048K)->1856K(2048K)
[74.863s][info][gc,heap        ] GC(1244) ParOldGen: 51909K(349696K)->52085K(349696K)
[74.863s][info][gc,metaspace   ] GC(1244) Metaspace: 73269K(73792K)->73269K(73792K) NonClass: 58471K(58688K)->58471K(58688K) Class: 14798K(15104K)->14798K(15104K)
[74.863s][info][gc             ] GC(1244) Pause Young (Allocation Failure) 218M->52M(510M) 1.081ms
[74.863s][info][gc,cpu         ] GC(1244) User=0.00s Sys=0.00s Real=0.00s
[74.905s][info][gc,start       ] GC(1245) Pause Young (Allocation Failure)
[74.906s][info][gc,heap        ] GC(1245) PSYoungGen: 172352K(172544K)->1856K(172544K) Eden: 170496K(170496K)->0K(170496K) From: 1856K(2048K)->1856K(2048K)
[74.906s][info][gc,heap        ] GC(1245) ParOldGen: 52085K(349696K)->52261K(349696K)
[74.906s][info][gc,metaspace   ] GC(1245) Metaspace: 73269K(73792K)->73269K(73792K) NonClass: 58471K(58688K)->58471K(58688K) Class: 14798K(15104K)->14798K(15104K)
[74.906s][info][gc             ] GC(1245) Pause Young (Allocation Failure) 219M->52M(510M) 1.133ms
[74.906s][info][gc,cpu         ] GC(1245) User=0.00s Sys=0.00s Real=0.00s
[74.948s][info][gc,start       ] GC(1246) Pause Young (Allocation Failure)
[74.949s][info][gc,heap        ] GC(1246) PSYoungGen: 172352K(172544K)->1824K(172544K) Eden: 170496K(170496K)->0K(170496K) From: 1856K(2048K)->1824K(2048K)
[74.949s][info][gc,heap        ] GC(1246) ParOldGen: 52261K(349696K)->52429K(349696K)
[74.949s][info][gc,metaspace   ] GC(1246) Metaspace: 73269K(73792K)->73269K(73792K) NonClass: 58471K(58688K)->58471K(58688K) Class: 14798K(15104K)->14798K(15104K)
[74.949s][info][gc             ] GC(1246) Pause Young (Allocation Failure) 219M->52M(510M) 1.151ms
[74.949s][info][gc,cpu         ] GC(1246) User=0.00s Sys=0.00s Real=0.00s
[74.991s][info][gc,start       ] GC(1247) Pause Young (Allocation Failure)
[74.992s][info][gc,heap        ] GC(1247) PSYoungGen: 172320K(172544K)->1792K(172544K) Eden: 170496K(170496K)->0K(170496K) From: 1824K(2048K)->1792K(2048K)
[74.992s][info][gc,heap        ] GC(1247) ParOldGen: 52429K(349696K)->52637K(349696K)
[74.992s][info][gc,metaspace   ] GC(1247) Metaspace: 73269K(73792K)->73269K(73792K) NonClass: 58471K(58688K)->58471K(58688K) Class: 14798K(15104K)->14798K(15104K)
[74.992s][info][gc             ] GC(1247) Pause Young (Allocation Failure) 219M->53M(510M) 1.122ms
[74.992s][info][gc,cpu         ] GC(1247) User=0.00s Sys=0.00s Real=0.00s
[75.034s][info][gc,start       ] GC(1248) Pause Young (Allocation Failure)
[75.035s][info][gc,heap        ] GC(1248) PSYoungGen: 172288K(172544K)->1792K(172544K) Eden: 170496K(170496K)->0K(170496K) From: 1792K(2048K)->1792K(2048K)
[75.035s][info][gc,heap        ] GC(1248) ParOldGen: 52637K(349696K)->52805K(349696K)
[75.035s][info][gc,metaspace   ] GC(1248) Metaspace: 73269K(73792K)->73269K(73792K) NonClass: 58471K(58688K)->58471K(58688K) Class: 14798K(15104K)->14798K(15104K)
[75.035s][info][gc             ] GC(1248) Pause Young (Allocation Failure) 219M->53M(510M) 1.113ms
[75.035s][info][gc,cpu         ] GC(1248) User=0.00s Sys=0.00s Real=0.00s
[75.077s][info][gc,start       ] GC(1249) Pause Young (Allocation Failure)
[75.078s][info][gc,heap        ] GC(1249) PSYoungGen: 172288K(172544K)->1856K(172544K) Eden: 170496K(170496K)->0K(170496K) From: 1792K(2048K)->1856K(2048K)
[75.078s][info][gc,heap        ] GC(1249) ParOldGen: 52805K(349696K)->52997K(349696K)
[75.078s][info][gc,metaspace   ] GC(1249) Metaspace: 73269K(73792K)->73269K(73792K) NonClass: 58471K(58688K)->58471K(58688K) Class: 14798K(15104K)->14798K(15104K)
[75.078s][info][gc             ] GC(1249) Pause Young (Allocation Failure) 219M->53M(510M) 1.116ms
[75.078s][info][gc,cpu         ] GC(1249) User=0.00s Sys=0.00s Real=0.00s
[75.120s][info][gc,start       ] GC(1250) Pause Young (Allocation Failure)
[75.121s][info][gc,heap        ] GC(1250) PSYoungGen: 172351K(172544K)->1824K(172544K) Eden: 170495K(170496K)->0K(170496K) From: 1856K(2048K)->1824K(2048K)
[75.121s][info][gc,heap        ] GC(1250) ParOldGen: 52997K(349696K)->53261K(349696K)
[75.121s][info][gc,metaspace   ] GC(1250) Metaspace: 73269K(73792K)->73269K(73792K) NonClass: 58471K(58688K)->58471K(58688K) Class: 14798K(15104K)->14798K(15104K)
[75.121s][info][gc             ] GC(1250) Pause Young (Allocation Failure) 220M->53M(510M) 1.106ms
[75.121s][info][gc,cpu         ] GC(1250) User=0.00s Sys=0.00s Real=0.00s
[75.163s][info][gc,start       ] GC(1251) Pause Young (Allocation Failure)
[75.164s][info][gc,heap        ] GC(1251) PSYoungGen: 172320K(172544K)->1792K(172544K) Eden: 170496K(170496K)->0K(170496K) From: 1824K(2048K)->1792K(2048K)
[75.164s][info][gc,heap        ] GC(1251) ParOldGen: 53261K(349696K)->53413K(349696K)
[75.164s][info][gc,metaspace   ] GC(1251) Metaspace: 73269K(73792K)->73269K(73792K) NonClass: 58471K(58688K)->58471K(58688K) Class: 14798K(15104K)->14798K(15104K)
[75.164s][info][gc             ] GC(1251) Pause Young (Allocation Failure) 220M->53M(510M) 1.053ms
[75.164s][info][gc,cpu         ] GC(1251) User=0.00s Sys=0.00s Real=0.00s
[75.206s][info][gc,start       ] GC(1252) Pause Young (Allocation Failure)
[75.207s][info][gc,heap        ] GC(1252) PSYoungGen: 172288K(172544K)->1856K(172544K) Eden: 170496K(170496K)->0K(170496K) From: 1792K(2048K)->1856K(2048K)
[75.207s][info][gc,heap        ] GC(1252) ParOldGen: 53413K(349696K)->53605K(349696K)
[75.207s][info][gc,metaspace   ] GC(1252) Metaspace: 73269K(73792K)->73269K(73792K) NonClass: 58471K(58688K)->58471K(58688K) Class: 14798K(15104K)->14798K(15104K)
[75.207s][info][gc             ] GC(1252) Pause Young (Allocation Failure) 220M->54M(510M) 1.130ms
[75.207s][info][gc,cpu         ] GC(1252) User=0.00s Sys=0.00s Real=0.00s
[75.249s][info][gc,start       ] GC(1253) Pause Young (Allocation Failure)
[75.250s][info][gc,heap        ] GC(1253) PSYoungGen: 172352K(172544K)->1952K(172544K) Eden: 170496K(170496K)->0K(170496K) From: 1856K(2048K)->1952K(2048K)
[75.250s][info][gc,heap        ] GC(1253) ParOldGen: 53605K(349696K)->53805K(349696K)
[75.250s][info][gc,metaspace   ] GC(1253) Metaspace: 73269K(73792K)->73269K(73792K) NonClass: 58471K(58688K)->58471K(58688K) Class: 14798K(15104K)->14798K(15104K)
[75.250s][info][gc             ] GC(1253) Pause Young (Allocation Failure) 220M->54M(510M) 1.117ms
[75.250s][info][gc,cpu         ] GC(1253) User=0.00s Sys=0.00s Real=0.00s
[75.292s][info][gc,start       ] GC(1254) Pause Young (Allocation Failure)
[75.293s][info][gc,heap        ] GC(1254) PSYoungGen: 172448K(172544K)->1856K(172544K) Eden: 170496K(170496K)->0K(170496K) From: 1952K(2048K)->1856K(2048K)
[75.293s][info][gc,heap        ] GC(1254) ParOldGen: 53805K(349696K)->53997K(349696K)
[75.293s][info][gc,metaspace   ] GC(1254) Metaspace: 73269K(73792K)->73269K(73792K) NonClass: 58471K(58688K)->58471K(58688K) Class: 14798K(15104K)->14798K(15104K)
[75.293s][info][gc             ] GC(1254) Pause Young (Allocation Failure) 220M->54M(510M) 1.131ms
[75.293s][info][gc,cpu         ] GC(1254) User=0.00s Sys=0.00s Real=0.00s
[75.335s][info][gc,start       ] GC(1255) Pause Young (Allocation Failure)
[75.336s][info][gc,heap        ] GC(1255) PSYoungGen: 172352K(172544K)->1824K(172544K) Eden: 170496K(170496K)->0K(170496K) From: 1856K(2048K)->1824K(2048K)
[75.336s][info][gc,heap        ] GC(1255) ParOldGen: 53997K(349696K)->54173K(349696K)
[75.336s][info][gc,metaspace   ] GC(1255) Metaspace: 73269K(73792K)->73269K(73792K) NonClass: 58471K(58688K)->58471K(58688K) Class: 14798K(15104K)->14798K(15104K)
[75.336s][info][gc             ] GC(1255) Pause Young (Allocation Failure) 221M->54M(510M) 1.154ms
[75.336s][info][gc,cpu         ] GC(1255) User=0.00s Sys=0.00s Real=0.00s
[75.378s][info][gc,start       ] GC(1256) Pause Young (Allocation Failure)
[75.379s][info][gc,heap        ] GC(1256) PSYoungGen: 172320K(172544K)->1824K(172544K) Eden: 170496K(170496K)->0K(170496K) From: 1824K(2048K)->1824K(2048K)
[75.379s][info][gc,heap        ] GC(1256) ParOldGen: 54173K(349696K)->54341K(349696K)
[75.379s][info][gc,metaspace   ] GC(1256) Metaspace: 73269K(73792K)->73269K(73792K) NonClass: 58471K(58688K)->58471K(58688K) Class: 14798K(15104K)->14798K(15104K)
[75.379s][info][gc             ] GC(1256) Pause Young (Allocation Failure) 221M->54M(510M) 1.103ms
[75.379s][info][gc,cpu         ] GC(1256) User=0.00s Sys=0.00s Real=0.00s
[75.421s][info][gc,start       ] GC(1257) Pause Young (Allocation Failure)
[75.422s][info][gc,heap        ] GC(1257) PSYoungGen: 172320K(172544K)->1856K(172544K) Eden: 170496K(170496K)->0K(170496K) From: 1824K(2048K)->1856K(2048K)
[75.422s][info][gc,heap        ] GC(1257) ParOldGen: 54341K(349696K)->54557K(349696K)
[75.422s][info][gc,metaspace   ] GC(1257) Metaspace: 73269K(73792K)->73269K(73792K) NonClass: 58471K(58688K)->58471K(58688K) Class: 14798K(15104K)->14798K(15104K)
[75.422s][info][gc             ] GC(1257) Pause Young (Allocation Failure) 221M->55M(510M) 1.153ms
[75.422s][info][gc,cpu         ] GC(1257) User=0.52s Sys=0.00s Real=0.00s
[75.465s][info][gc,start       ] GC(1258) Pause Young (Allocation Failure)
[75.466s][info][gc,heap        ] GC(1258) PSYoungGen: 172352K(172544K)->1824K(172544K) Eden: 170496K(170496K)->0K(170496K) From: 1856K(2048K)->1824K(2048K)
[75.466s][info][gc,heap        ] GC(1258) ParOldGen: 54557K(349696K)->54773K(349696K)
[75.466s][info][gc,metaspace   ] GC(1258) Metaspace: 73269K(73792K)->73269K(73792K) NonClass: 58471K(58688K)->58471K(58688K) Class: 14798K(15104K)->14798K(15104K)
[75.466s][info][gc             ] GC(1258) Pause Young (Allocation Failure) 221M->55M(510M) 1.113ms
[75.466s][info][gc,cpu         ] GC(1258) User=0.00s Sys=0.00s Real=0.00s
[75.507s][info][gc,start       ] GC(1259) Pause Young (Allocation Failure)
[75.508s][info][gc,heap        ] GC(1259) PSYoungGen: 172320K(172544K)->1920K(172544K) Eden: 170496K(170496K)->0K(170496K) From: 1824K(2048K)->1920K(2048K)
[75.508s][info][gc,heap        ] GC(1259) ParOldGen: 54773K(349696K)->54925K(349696K)
[75.509s][info][gc,metaspace   ] GC(1259) Metaspace: 73269K(73792K)->73269K(73792K) NonClass: 58471K(58688K)->58471K(58688K) Class: 14798K(15104K)->14798K(15104K)
[75.509s][info][gc             ] GC(1259) Pause Young (Allocation Failure) 221M->55M(510M) 1.046ms
[75.509s][info][gc,cpu         ] GC(1259) User=0.00s Sys=0.00s Real=0.00s
[75.550s][info][gc,start       ] GC(1260) Pause Young (Allocation Failure)
[75.551s][info][gc,heap        ] GC(1260) PSYoungGen: 172416K(172544K)->1888K(172544K) Eden: 170496K(170496K)->0K(170496K) From: 1920K(2048K)->1888K(2048K)
[75.551s][info][gc,heap        ] GC(1260) ParOldGen: 54925K(349696K)->55141K(349696K)
[75.551s][info][gc,metaspace   ] GC(1260) Metaspace: 73269K(73792K)->73269K(73792K) NonClass: 58471K(58688K)->58471K(58688K) Class: 14798K(15104K)->14798K(15104K)
[75.551s][info][gc             ] GC(1260) Pause Young (Allocation Failure) 222M->55M(510M) 1.136ms
[75.551s][info][gc,cpu         ] GC(1260) User=0.00s Sys=0.00s Real=0.00s
[75.593s][info][gc,start       ] GC(1261) Pause Young (Allocation Failure)
[75.594s][info][gc,heap        ] GC(1261) PSYoungGen: 172384K(172544K)->1792K(172544K) Eden: 170496K(170496K)->0K(170496K) From: 1888K(2048K)->1792K(2048K)
[75.594s][info][gc,heap        ] GC(1261) ParOldGen: 55141K(349696K)->55349K(349696K)
[75.594s][info][gc,metaspace   ] GC(1261) Metaspace: 73269K(73792K)->73269K(73792K) NonClass: 58471K(58688K)->58471K(58688K) Class: 14798K(15104K)->14798K(15104K)
[75.594s][info][gc             ] GC(1261) Pause Young (Allocation Failure) 222M->55M(510M) 1.065ms
[75.594s][info][gc,cpu         ] GC(1261) User=0.00s Sys=0.00s Real=0.00s
[75.636s][info][gc,start       ] GC(1262) Pause Young (Allocation Failure)
[75.637s][info][gc,heap        ] GC(1262) PSYoungGen: 172288K(172544K)->1824K(172544K) Eden: 170496K(170496K)->0K(170496K) From: 1792K(2048K)->1824K(2048K)
[75.637s][info][gc,heap        ] GC(1262) ParOldGen: 55349K(349696K)->55525K(349696K)
[75.637s][info][gc,metaspace   ] GC(1262) Metaspace: 73269K(73792K)->73269K(73792K) NonClass: 58471K(58688K)->58471K(58688K) Class: 14798K(15104K)->14798K(15104K)
[75.637s][info][gc             ] GC(1262) Pause Young (Allocation Failure) 222M->56M(510M) 1.122ms
[75.637s][info][gc,cpu         ] GC(1262) User=0.00s Sys=0.00s Real=0.00s
[75.679s][info][gc,start       ] GC(1263) Pause Young (Allocation Failure)
[75.680s][info][gc,heap        ] GC(1263) PSYoungGen: 172320K(172544K)->1856K(172544K) Eden: 170496K(170496K)->0K(170496K) From: 1824K(2048K)->1856K(2048K)
[75.680s][info][gc,heap        ] GC(1263) ParOldGen: 55525K(349696K)->55757K(349696K)
[75.680s][info][gc,metaspace   ] GC(1263) Metaspace: 73269K(73792K)->73269K(73792K) NonClass: 58471K(58688K)->58471K(58688K) Class: 14798K(15104K)->14798K(15104K)
[75.680s][info][gc             ] GC(1263) Pause Young (Allocation Failure) 222M->56M(510M) 1.127ms
[75.680s][info][gc,cpu         ] GC(1263) User=0.00s Sys=0.00s Real=0.00s
[75.722s][info][gc,start       ] GC(1264) Pause Young (Allocation Failure)
[75.723s][info][gc,heap        ] GC(1264) PSYoungGen: 172352K(172544K)->1920K(172544K) Eden: 170496K(170496K)->0K(170496K) From: 1856K(2048K)->1920K(2048K)
[75.723s][info][gc,heap        ] GC(1264) ParOldGen: 55757K(349696K)->55941K(349696K)
[75.723s][info][gc,metaspace   ] GC(1264) Metaspace: 73269K(73792K)->73269K(73792K) NonClass: 58471K(58688K)->58471K(58688K) Class: 14798K(15104K)->14798K(15104K)
[75.723s][info][gc             ] GC(1264) Pause Young (Allocation Failure) 222M->56M(510M) 1.126ms
[75.723s][info][gc,cpu         ] GC(1264) User=0.00s Sys=0.00s Real=0.00s
[75.765s][info][gc,start       ] GC(1265) Pause Young (Allocation Failure)
[75.766s][info][gc,heap        ] GC(1265) PSYoungGen: 172416K(172544K)->1888K(172544K) Eden: 170496K(170496K)->0K(170496K) From: 1920K(2048K)->1888K(2048K)
[75.766s][info][gc,heap        ] GC(1265) ParOldGen: 55941K(349696K)->56117K(349696K)
[75.766s][info][gc,metaspace   ] GC(1265) Metaspace: 73269K(73792K)->73269K(73792K) NonClass: 58471K(58688K)->58471K(58688K) Class: 14798K(15104K)->14798K(15104K)
[75.766s][info][gc             ] GC(1265) Pause Young (Allocation Failure) 223M->56M(510M) 1.083ms
[75.766s][info][gc,cpu         ] GC(1265) User=0.42s Sys=0.02s Real=0.00s
[75.808s][info][gc,start       ] GC(1266) Pause Young (Allocation Failure)
[75.809s][info][gc,heap        ] GC(1266) PSYoungGen: 172384K(172544K)->1856K(172544K) Eden: 170496K(170496K)->0K(170496K) From: 1888K(2048K)->1856K(2048K)
[75.809s][info][gc,heap        ] GC(1266) ParOldGen: 56117K(349696K)->56285K(349696K)
[75.809s][info][gc,metaspace   ] GC(1266) Metaspace: 73269K(73792K)->73269K(73792K) NonClass: 58471K(58688K)->58471K(58688K) Class: 14798K(15104K)->14798K(15104K)
[75.809s][info][gc             ] GC(1266) Pause Young (Allocation Failure) 223M->56M(510M) 1.103ms
[75.809s][info][gc,cpu         ] GC(1266) User=0.00s Sys=0.00s Real=0.00s
[75.852s][info][gc,start       ] GC(1267) Pause Young (Allocation Failure)
[75.853s][info][gc,heap        ] GC(1267) PSYoungGen: 172352K(172544K)->1792K(172544K) Eden: 170496K(170496K)->0K(170496K) From: 1856K(2048K)->1792K(2048K)
[75.853s][info][gc,heap        ] GC(1267) ParOldGen: 56285K(349696K)->56461K(349696K)
[75.853s][info][gc,metaspace   ] GC(1267) Metaspace: 73269K(73792K)->73269K(73792K) NonClass: 58471K(58688K)->58471K(58688K) Class: 14798K(15104K)->14798K(15104K)
[75.853s][info][gc             ] GC(1267) Pause Young (Allocation Failure) 223M->56M(510M) 1.042ms
[75.853s][info][gc,cpu         ] GC(1267) User=0.00s Sys=0.00s Real=0.00s
[75.896s][info][gc,start       ] GC(1268) Pause Young (Allocation Failure)
[75.897s][info][gc,heap        ] GC(1268) PSYoungGen: 172288K(172544K)->1824K(172544K) Eden: 170496K(170496K)->0K(170496K) From: 1792K(2048K)->1824K(2048K)
[75.897s][info][gc,heap        ] GC(1268) ParOldGen: 56461K(349696K)->56669K(349696K)
[75.897s][info][gc,metaspace   ] GC(1268) Metaspace: 73269K(73792K)->73269K(73792K) NonClass: 58471K(58688K)->58471K(58688K) Class: 14798K(15104K)->14798K(15104K)
[75.897s][info][gc             ] GC(1268) Pause Young (Allocation Failure) 223M->57M(510M) 1.120ms
[75.897s][info][gc,cpu         ] GC(1268) User=0.00s Sys=0.00s Real=0.00s
[75.939s][info][gc,start       ] GC(1269) Pause Young (Allocation Failure)
[75.940s][info][gc,heap        ] GC(1269) PSYoungGen: 172320K(172544K)->1888K(172544K) Eden: 170496K(170496K)->0K(170496K) From: 1824K(2048K)->1888K(2048K)
[75.940s][info][gc,heap        ] GC(1269) ParOldGen: 56669K(349696K)->56837K(349696K)
[75.940s][info][gc,metaspace   ] GC(1269) Metaspace: 73269K(73792K)->73269K(73792K) NonClass: 58471K(58688K)->58471K(58688K) Class: 14798K(15104K)->14798K(15104K)
[75.940s][info][gc             ] GC(1269) Pause Young (Allocation Failure) 223M->57M(510M) 1.077ms
[75.940s][info][gc,cpu         ] GC(1269) User=0.00s Sys=0.00s Real=0.00s
[75.982s][info][gc,start       ] GC(1270) Pause Young (Allocation Failure)
[75.983s][info][gc,heap        ] GC(1270) PSYoungGen: 172384K(172544K)->1792K(172544K) Eden: 170496K(170496K)->0K(170496K) From: 1888K(2048K)->1792K(2048K)
[75.983s][info][gc,heap        ] GC(1270) ParOldGen: 56837K(349696K)->56989K(349696K)
[75.983s][info][gc,metaspace   ] GC(1270) Metaspace: 73269K(73792K)->73269K(73792K) NonClass: 58471K(58688K)->58471K(58688K) Class: 14798K(15104K)->14798K(15104K)
[75.983s][info][gc             ] GC(1270) Pause Young (Allocation Failure) 223M->57M(510M) 1.078ms
[75.983s][info][gc,cpu         ] GC(1270) User=0.00s Sys=0.00s Real=0.00s
[76.027s][info][gc,start       ] GC(1271) Pause Young (Allocation Failure)
[76.028s][info][gc,heap        ] GC(1271) PSYoungGen: 172288K(172544K)->1920K(172544K) Eden: 170496K(170496K)->0K(170496K) From: 1792K(2048K)->1920K(2048K)
[76.028s][info][gc,heap        ] GC(1271) ParOldGen: 56989K(349696K)->57165K(349696K)
[76.028s][info][gc,metaspace   ] GC(1271) Metaspace: 73269K(73792K)->73269K(73792K) NonClass: 58471K(58688K)->58471K(58688K) Class: 14798K(15104K)->14798K(15104K)
[76.028s][info][gc             ] GC(1271) Pause Young (Allocation Failure) 223M->57M(510M) 1.155ms
[76.028s][info][gc,cpu         ] GC(1271) User=0.00s Sys=0.00s Real=0.00s
[76.070s][info][gc,start       ] GC(1272) Pause Young (Allocation Failure)
[76.082s][info][gc,heap        ] GC(1272) PSYoungGen: 172416K(172544K)->1856K(172544K) Eden: 170496K(170496K)->0K(170496K) From: 1920K(2048K)->1856K(2048K)
[76.082s][info][gc,heap        ] GC(1272) ParOldGen: 57165K(349696K)->57261K(349696K)
[76.082s][info][gc,metaspace   ] GC(1272) Metaspace: 73269K(73792K)->73269K(73792K) NonClass: 58471K(58688K)->58471K(58688K) Class: 14798K(15104K)->14798K(15104K)
[76.082s][info][gc             ] GC(1272) Pause Young (Allocation Failure) 224M->57M(510M) 12.546ms
[76.082s][info][gc,cpu         ] GC(1272) User=0.00s Sys=0.00s Real=0.00s
[76.126s][info][gc,start       ] GC(1273) Pause Young (Allocation Failure)
[76.127s][info][gc,heap        ] GC(1273) PSYoungGen: 172352K(172544K)->1824K(172544K) Eden: 170496K(170496K)->0K(170496K) From: 1856K(2048K)->1824K(2048K)
[76.127s][info][gc,heap        ] GC(1273) ParOldGen: 57261K(349696K)->57525K(349696K)
[76.127s][info][gc,metaspace   ] GC(1273) Metaspace: 73269K(73792K)->73269K(73792K) NonClass: 58471K(58688K)->58471K(58688K) Class: 14798K(15104K)->14798K(15104K)
[76.127s][info][gc             ] GC(1273) Pause Young (Allocation Failure) 224M->57M(510M) 1.134ms
[76.127s][info][gc,cpu         ] GC(1273) User=0.00s Sys=0.00s Real=0.00s
[76.170s][info][gc,start       ] GC(1274) Pause Young (Allocation Failure)
[76.172s][info][gc,heap        ] GC(1274) PSYoungGen: 172320K(172544K)->1856K(172544K) Eden: 170496K(170496K)->0K(170496K) From: 1824K(2048K)->1856K(2048K)
[76.172s][info][gc,heap        ] GC(1274) ParOldGen: 57525K(349696K)->57725K(349696K)
[76.172s][info][gc,metaspace   ] GC(1274) Metaspace: 73292K(73856K)->73292K(73856K) NonClass: 58494K(58752K)->58494K(58752K) Class: 14798K(15104K)->14798K(15104K)
[76.172s][info][gc             ] GC(1274) Pause Young (Allocation Failure) 224M->58M(510M) 1.124ms
[76.172s][info][gc,cpu         ] GC(1274) User=0.00s Sys=0.00s Real=0.00s
[76.214s][info][gc,start       ] GC(1275) Pause Young (Allocation Failure)
[76.215s][info][gc,heap        ] GC(1275) PSYoungGen: 172352K(172544K)->1888K(172544K) Eden: 170496K(170496K)->0K(170496K) From: 1856K(2048K)->1888K(2048K)
[76.216s][info][gc,heap        ] GC(1275) ParOldGen: 57725K(349696K)->57909K(349696K)
[76.216s][info][gc,metaspace   ] GC(1275) Metaspace: 73292K(73856K)->73292K(73856K) NonClass: 58494K(58752K)->58494K(58752K) Class: 14798K(15104K)->14798K(15104K)
[76.216s][info][gc             ] GC(1275) Pause Young (Allocation Failure) 224M->58M(510M) 1.149ms
[76.216s][info][gc,cpu         ] GC(1275) User=0.00s Sys=0.00s Real=0.00s
[76.258s][info][gc,start       ] GC(1276) Pause Young (Allocation Failure)
[76.259s][info][gc,heap        ] GC(1276) PSYoungGen: 172384K(172544K)->1760K(172544K) Eden: 170496K(170496K)->0K(170496K) From: 1888K(2048K)->1760K(2048K)
[76.259s][info][gc,heap        ] GC(1276) ParOldGen: 57909K(349696K)->58053K(349696K)
[76.259s][info][gc,metaspace   ] GC(1276) Metaspace: 73292K(73856K)->73292K(73856K) NonClass: 58494K(58752K)->58494K(58752K) Class: 14798K(15104K)->14798K(15104K)
[76.259s][info][gc             ] GC(1276) Pause Young (Allocation Failure) 224M->58M(510M) 1.064ms
[76.259s][info][gc,cpu         ] GC(1276) User=0.00s Sys=0.00s Real=0.00s
[76.301s][info][gc,start       ] GC(1277) Pause Young (Allocation Failure)
[76.302s][info][gc,heap        ] GC(1277) PSYoungGen: 172256K(172544K)->1760K(172544K) Eden: 170496K(170496K)->0K(170496K) From: 1760K(2048K)->1760K(2048K)
[76.302s][info][gc,heap        ] GC(1277) ParOldGen: 58053K(349696K)->58197K(349696K)
[76.302s][info][gc,metaspace   ] GC(1277) Metaspace: 73292K(73856K)->73292K(73856K) NonClass: 58494K(58752K)->58494K(58752K) Class: 14798K(15104K)->14798K(15104K)
[76.302s][info][gc             ] GC(1277) Pause Young (Allocation Failure) 224M->58M(510M) 1.128ms
[76.302s][info][gc,cpu         ] GC(1277) User=0.00s Sys=0.00s Real=0.00s
[76.345s][info][gc,start       ] GC(1278) Pause Young (Allocation Failure)
[76.346s][info][gc,heap        ] GC(1278) PSYoungGen: 172256K(172544K)->1792K(172544K) Eden: 170496K(170496K)->0K(170496K) From: 1760K(2048K)->1792K(2048K)
[76.346s][info][gc,heap        ] GC(1278) ParOldGen: 58197K(349696K)->58365K(349696K)
[76.346s][info][gc,metaspace   ] GC(1278) Metaspace: 73292K(73856K)->73292K(73856K) NonClass: 58494K(58752K)->58494K(58752K) Class: 14798K(15104K)->14798K(15104K)
[76.346s][info][gc             ] GC(1278) Pause Young (Allocation Failure) 225M->58M(510M) 1.122ms
[76.346s][info][gc,cpu         ] GC(1278) User=0.00s Sys=0.00s Real=0.00s
[76.388s][info][gc,start       ] GC(1279) Pause Young (Allocation Failure)
[76.389s][info][gc,heap        ] GC(1279) PSYoungGen: 172288K(172544K)->1792K(172544K) Eden: 170496K(170496K)->0K(170496K) From: 1792K(2048K)->1792K(2048K)
[76.389s][info][gc,heap        ] GC(1279) ParOldGen: 58365K(349696K)->58517K(349696K)
[76.389s][info][gc,metaspace   ] GC(1279) Metaspace: 73292K(73856K)->73292K(73856K) NonClass: 58494K(58752K)->58494K(58752K) Class: 14798K(15104K)->14798K(15104K)
[76.389s][info][gc             ] GC(1279) Pause Young (Allocation Failure) 225M->58M(510M) 1.102ms
[76.389s][info][gc,cpu         ] GC(1279) User=0.00s Sys=0.00s Real=0.00s
[76.432s][info][gc,start       ] GC(1280) Pause Young (Allocation Failure)
[76.433s][info][gc,heap        ] GC(1280) PSYoungGen: 172288K(172544K)->1728K(172544K) Eden: 170496K(170496K)->0K(170496K) From: 1792K(2048K)->1728K(2048K)
[76.433s][info][gc,heap        ] GC(1280) ParOldGen: 58517K(349696K)->58565K(349696K)
[76.433s][info][gc,metaspace   ] GC(1280) Metaspace: 73292K(73856K)->73292K(73856K) NonClass: 58494K(58752K)->58494K(58752K) Class: 14798K(15104K)->14798K(15104K)
[76.433s][info][gc             ] GC(1280) Pause Young (Allocation Failure) 225M->58M(510M) 1.144ms
[76.433s][info][gc,cpu         ] GC(1280) User=0.00s Sys=0.00s Real=0.00s
[76.476s][info][gc,start       ] GC(1281) Pause Young (Allocation Failure)
[76.477s][info][gc,heap        ] GC(1281) PSYoungGen: 172224K(172544K)->1760K(172544K) Eden: 170496K(170496K)->0K(170496K) From: 1728K(2048K)->1760K(2048K)
[76.477s][info][gc,heap        ] GC(1281) ParOldGen: 58565K(349696K)->58661K(349696K)
[76.477s][info][gc,metaspace   ] GC(1281) Metaspace: 73292K(73856K)->73292K(73856K) NonClass: 58494K(58752K)->58494K(58752K) Class: 14798K(15104K)->14798K(15104K)
[76.477s][info][gc             ] GC(1281) Pause Young (Allocation Failure) 225M->59M(510M) 1.108ms
[76.477s][info][gc,cpu         ] GC(1281) User=0.00s Sys=0.00s Real=0.00s
[76.520s][info][gc,start       ] GC(1282) Pause Young (Allocation Failure)
[76.521s][info][gc,heap        ] GC(1282) PSYoungGen: 172256K(172544K)->1696K(172544K) Eden: 170496K(170496K)->0K(170496K) From: 1760K(2048K)->1696K(2048K)
[76.522s][info][gc,heap        ] GC(1282) ParOldGen: 58661K(349696K)->58957K(349696K)
[76.522s][info][gc,metaspace   ] GC(1282) Metaspace: 73303K(73856K)->73303K(73856K) NonClass: 58505K(58752K)->58505K(58752K) Class: 14798K(15104K)->14798K(15104K)
[76.522s][info][gc             ] GC(1282) Pause Young (Allocation Failure) 225M->59M(510M) 1.115ms
[76.522s][info][gc,cpu         ] GC(1282) User=0.00s Sys=0.00s Real=0.00s
[76.565s][info][gc,start       ] GC(1283) Pause Young (Allocation Failure)
[76.566s][info][gc,heap        ] GC(1283) PSYoungGen: 172192K(172544K)->1696K(172544K) Eden: 170496K(170496K)->0K(170496K) From: 1696K(2048K)->1696K(2048K)
[76.566s][info][gc,heap        ] GC(1283) ParOldGen: 58957K(349696K)->59253K(349696K)
[76.566s][info][gc,metaspace   ] GC(1283) Metaspace: 73303K(73856K)->73303K(73856K) NonClass: 58505K(58752K)->58505K(58752K) Class: 14798K(15104K)->14798K(15104K)
[76.566s][info][gc             ] GC(1283) Pause Young (Allocation Failure) 225M->59M(510M) 1.031ms
[76.566s][info][gc,cpu         ] GC(1283) User=0.00s Sys=0.00s Real=0.00s
[76.610s][info][gc,start       ] GC(1284) Pause Young (Allocation Failure)
[76.611s][info][gc,heap        ] GC(1284) PSYoungGen: 172192K(172544K)->1664K(172544K) Eden: 170496K(170496K)->0K(170496K) From: 1696K(2048K)->1664K(2048K)
[76.611s][info][gc,heap        ] GC(1284) ParOldGen: 59253K(349696K)->59485K(349696K)
[76.611s][info][gc,metaspace   ] GC(1284) Metaspace: 73303K(73856K)->73303K(73856K) NonClass: 58505K(58752K)->58505K(58752K) Class: 14798K(15104K)->14798K(15104K)
[76.611s][info][gc             ] GC(1284) Pause Young (Allocation Failure) 226M->59M(510M) 1.060ms
[76.611s][info][gc,cpu         ] GC(1284) User=0.00s Sys=0.00s Real=0.00s
[76.654s][info][gc,start       ] GC(1285) Pause Young (Allocation Failure)
[76.655s][info][gc,heap        ] GC(1285) PSYoungGen: 172160K(172544K)->1728K(172544K) Eden: 170496K(170496K)->0K(170496K) From: 1664K(2048K)->1728K(2048K)
[76.655s][info][gc,heap        ] GC(1285) ParOldGen: 59485K(349696K)->59621K(349696K)
[76.655s][info][gc,metaspace   ] GC(1285) Metaspace: 73303K(73856K)->73303K(73856K) NonClass: 58505K(58752K)->58505K(58752K) Class: 14798K(15104K)->14798K(15104K)
[76.655s][info][gc             ] GC(1285) Pause Young (Allocation Failure) 226M->59M(510M) 1.065ms
[76.655s][info][gc,cpu         ] GC(1285) User=0.00s Sys=0.00s Real=0.00s
[76.701s][info][gc,start       ] GC(1286) Pause Young (Allocation Failure)
[76.702s][info][gc,heap        ] GC(1286) PSYoungGen: 172224K(172544K)->1504K(172544K) Eden: 170496K(170496K)->0K(170496K) From: 1728K(2048K)->1504K(2048K)
[76.702s][info][gc,heap        ] GC(1286) ParOldGen: 59621K(349696K)->59853K(349696K)
[76.702s][info][gc,metaspace   ] GC(1286) Metaspace: 73303K(73856K)->73303K(73856K) NonClass: 58505K(58752K)->58505K(58752K) Class: 14798K(15104K)->14798K(15104K)
[76.702s][info][gc             ] GC(1286) Pause Young (Allocation Failure) 226M->59M(510M) 1.071ms
[76.702s][info][gc,cpu         ] GC(1286) User=0.00s Sys=0.00s Real=0.00s
[76.748s][info][gc,start       ] GC(1287) Pause Young (Allocation Failure)
[76.749s][info][gc,heap        ] GC(1287) PSYoungGen: 172000K(172544K)->1440K(172544K) Eden: 170496K(170496K)->0K(170496K) From: 1504K(2048K)->1440K(2048K)
[76.749s][info][gc,heap        ] GC(1287) ParOldGen: 59853K(349696K)->60069K(349696K)
[76.749s][info][gc,metaspace   ] GC(1287) Metaspace: 73303K(73856K)->73303K(73856K) NonClass: 58505K(58752K)->58505K(58752K) Class: 14798K(15104K)->14798K(15104K)
[76.749s][info][gc             ] GC(1287) Pause Young (Allocation Failure) 226M->60M(510M) 0.969ms
[76.749s][info][gc,cpu         ] GC(1287) User=0.00s Sys=0.00s Real=0.00s
[76.798s][info][gc,start       ] GC(1288) Pause Young (Allocation Failure)
[76.799s][info][gc,heap        ] GC(1288) PSYoungGen: 171936K(172544K)->1472K(172544K) Eden: 170496K(170496K)->0K(170496K) From: 1440K(2048K)->1472K(2048K)
[76.799s][info][gc,heap        ] GC(1288) ParOldGen: 60069K(349696K)->60301K(349696K)
[76.799s][info][gc,metaspace   ] GC(1288) Metaspace: 73303K(73856K)->73303K(73856K) NonClass: 58505K(58752K)->58505K(58752K) Class: 14798K(15104K)->14798K(15104K)
[76.799s][info][gc             ] GC(1288) Pause Young (Allocation Failure) 226M->60M(510M) 0.996ms
[76.799s][info][gc,cpu         ] GC(1288) User=0.00s Sys=0.00s Real=0.00s
[76.850s][info][gc,start       ] GC(1289) Pause Young (Allocation Failure)
[76.851s][info][gc,heap        ] GC(1289) PSYoungGen: 171968K(172544K)->1376K(172544K) Eden: 170496K(170496K)->0K(170496K) From: 1472K(2048K)->1376K(2048K)
[76.851s][info][gc,heap        ] GC(1289) ParOldGen: 60301K(349696K)->60525K(349696K)
[76.851s][info][gc,metaspace   ] GC(1289) Metaspace: 73303K(73856K)->73303K(73856K) NonClass: 58505K(58752K)->58505K(58752K) Class: 14798K(15104K)->14798K(15104K)
[76.851s][info][gc             ] GC(1289) Pause Young (Allocation Failure) 226M->60M(510M) 0.931ms
[76.851s][info][gc,cpu         ] GC(1289) User=0.00s Sys=0.00s Real=0.00s
[76.907s][info][gc,start       ] GC(1290) Pause Young (Allocation Failure)
[76.907s][info][gc,heap        ] GC(1290) PSYoungGen: 171872K(172544K)->1280K(171520K) Eden: 170496K(170496K)->0K(169472K) From: 1376K(2048K)->1280K(2048K)
[76.907s][info][gc,heap        ] GC(1290) ParOldGen: 60525K(349696K)->60717K(349696K)
[76.907s][info][gc,metaspace   ] GC(1290) Metaspace: 73303K(73856K)->73303K(73856K) NonClass: 58505K(58752K)->58505K(58752K) Class: 14798K(15104K)->14798K(15104K)
[76.907s][info][gc             ] GC(1290) Pause Young (Allocation Failure) 226M->60M(509M) 0.892ms
[76.907s][info][gc,cpu         ] GC(1290) User=0.00s Sys=0.00s Real=0.00s
[76.969s][info][gc,start       ] GC(1291) Pause Young (Allocation Failure)
[76.970s][info][gc,heap        ] GC(1291) PSYoungGen: 170752K(171520K)->1216K(172032K) Eden: 169472K(169472K)->0K(169472K) From: 1280K(2048K)->1216K(2560K)
[76.970s][info][gc,heap        ] GC(1291) ParOldGen: 60717K(349696K)->60981K(349696K)
[76.970s][info][gc,metaspace   ] GC(1291) Metaspace: 73303K(73856K)->73303K(73856K) NonClass: 58505K(58752K)->58505K(58752K) Class: 14798K(15104K)->14798K(15104K)
[76.970s][info][gc             ] GC(1291) Pause Young (Allocation Failure) 226M->60M(509M) 0.874ms
[76.970s][info][gc,cpu         ] GC(1291) User=0.00s Sys=0.00s Real=0.00s
[77.035s][info][gc,start       ] GC(1292) Pause Young (Allocation Failure)
[77.036s][info][gc,heap        ] GC(1292) PSYoungGen: 170688K(172032K)->1216K(172032K) Eden: 169472K(169472K)->0K(169472K) From: 1216K(2560K)->1216K(2560K)
[77.036s][info][gc,heap        ] GC(1292) ParOldGen: 60981K(349696K)->61181K(349696K)
[77.036s][info][gc,metaspace   ] GC(1292) Metaspace: 73303K(73856K)->73303K(73856K) NonClass: 58505K(58752K)->58505K(58752K) Class: 14798K(15104K)->14798K(15104K)
[77.036s][info][gc             ] GC(1292) Pause Young (Allocation Failure) 226M->60M(509M) 0.956ms
[77.036s][info][gc,cpu         ] GC(1292) User=0.52s Sys=0.00s Real=0.02s
[77.103s][info][gc,start       ] GC(1293) Pause Young (Allocation Failure)
[77.104s][info][gc,heap        ] GC(1293) PSYoungGen: 170688K(172032K)->1152K(172032K) Eden: 169472K(169472K)->0K(169472K) From: 1216K(2560K)->1152K(2560K)
[77.104s][info][gc,heap        ] GC(1293) ParOldGen: 61181K(349696K)->61317K(349696K)
[77.104s][info][gc,metaspace   ] GC(1293) Metaspace: 73303K(73856K)->73303K(73856K) NonClass: 58505K(58752K)->58505K(58752K) Class: 14798K(15104K)->14798K(15104K)
[77.104s][info][gc             ] GC(1293) Pause Young (Allocation Failure) 226M->61M(509M) 0.898ms
[77.104s][info][gc,cpu         ] GC(1293) User=0.00s Sys=0.00s Real=0.00s
[77.173s][info][gc,start       ] GC(1294) Pause Young (Allocation Failure)
[77.174s][info][gc,heap        ] GC(1294) PSYoungGen: 170624K(172032K)->1152K(172032K) Eden: 169472K(169472K)->0K(169472K) From: 1152K(2560K)->1152K(2560K)
[77.174s][info][gc,heap        ] GC(1294) ParOldGen: 61317K(349696K)->61533K(349696K)
[77.174s][info][gc,metaspace   ] GC(1294) Metaspace: 73303K(73856K)->73303K(73856K) NonClass: 58505K(58752K)->58505K(58752K) Class: 14798K(15104K)->14798K(15104K)
[77.174s][info][gc             ] GC(1294) Pause Young (Allocation Failure) 226M->61M(509M) 0.862ms
[77.174s][info][gc,cpu         ] GC(1294) User=0.00s Sys=0.00s Real=0.00s
[77.245s][info][gc,start       ] GC(1295) Pause Young (Allocation Failure)
[77.246s][info][gc,heap        ] GC(1295) PSYoungGen: 170624K(172032K)->1024K(172032K) Eden: 169472K(169472K)->0K(169472K) From: 1152K(2560K)->1024K(2560K)
[77.246s][info][gc,heap        ] GC(1295) ParOldGen: 61533K(349696K)->61669K(349696K)
[77.246s][info][gc,metaspace   ] GC(1295) Metaspace: 73303K(73856K)->73303K(73856K) NonClass: 58505K(58752K)->58505K(58752K) Class: 14798K(15104K)->14798K(15104K)
[77.246s][info][gc             ] GC(1295) Pause Young (Allocation Failure) 226M->61M(509M) 0.795ms
[77.246s][info][gc,cpu         ] GC(1295) User=0.00s Sys=0.00s Real=0.00s
[77.329s][info][gc,start       ] GC(1296) Pause Young (Allocation Failure)
[77.330s][info][gc,heap        ] GC(1296) PSYoungGen: 170496K(172032K)->928K(172032K) Eden: 169472K(169472K)->0K(169472K) From: 1024K(2560K)->928K(2560K)
[77.330s][info][gc,heap        ] GC(1296) ParOldGen: 61669K(349696K)->61845K(349696K)
[77.330s][info][gc,metaspace   ] GC(1296) Metaspace: 73303K(73856K)->73303K(73856K) NonClass: 58505K(58752K)->58505K(58752K) Class: 14798K(15104K)->14798K(15104K)
[77.330s][info][gc             ] GC(1296) Pause Young (Allocation Failure) 226M->61M(509M) 0.781ms
[77.330s][info][gc,cpu         ] GC(1296) User=0.00s Sys=0.00s Real=0.00s
[77.420s][info][gc,start       ] GC(1297) Pause Young (Allocation Failure)
[77.421s][info][gc,heap        ] GC(1297) PSYoungGen: 170400K(172032K)->736K(165888K) Eden: 169472K(169472K)->0K(164864K) From: 928K(2560K)->736K(1024K)
[77.421s][info][gc,heap        ] GC(1297) ParOldGen: 61845K(349696K)->61997K(349696K)
[77.421s][info][gc,metaspace   ] GC(1297) Metaspace: 73303K(73856K)->73303K(73856K) NonClass: 58505K(58752K)->58505K(58752K) Class: 14798K(15104K)->14798K(15104K)
[77.421s][info][gc             ] GC(1297) Pause Young (Allocation Failure) 226M->61M(503M) 0.858ms
[77.421s][info][gc,cpu         ] GC(1297) User=0.00s Sys=0.00s Real=0.00s
[77.517s][info][gc,start       ] GC(1298) Pause Young (Allocation Failure)
[77.518s][info][gc,heap        ] GC(1298) PSYoungGen: 165600K(165888K)->704K(161792K) Eden: 164864K(164864K)->0K(160768K) From: 736K(1024K)->704K(1024K)
[77.518s][info][gc,heap        ] GC(1298) ParOldGen: 61997K(349696K)->62173K(349696K)
[77.518s][info][gc,metaspace   ] GC(1298) Metaspace: 73303K(73856K)->73303K(73856K) NonClass: 58505K(58752K)->58505K(58752K) Class: 14798K(15104K)->14798K(15104K)
[77.518s][info][gc             ] GC(1298) Pause Young (Allocation Failure) 222M->61M(499M) 0.766ms
[77.518s][info][gc,cpu         ] GC(1298) User=0.00s Sys=0.00s Real=0.00s
[77.612s][info][gc,start       ] GC(1299) Pause Young (Allocation Failure)
[77.612s][info][gc,heap        ] GC(1299) PSYoungGen: 161472K(161792K)->704K(157696K) Eden: 160768K(160768K)->0K(156672K) From: 704K(1024K)->704K(1024K)
[77.612s][info][gc,heap        ] GC(1299) ParOldGen: 62173K(349696K)->62237K(349696K)
[77.612s][info][gc,metaspace   ] GC(1299) Metaspace: 73303K(73856K)->73303K(73856K) NonClass: 58505K(58752K)->58505K(58752K) Class: 14798K(15104K)->14798K(15104K)
[77.612s][info][gc             ] GC(1299) Pause Young (Allocation Failure) 218M->61M(495M) 0.686ms
[77.612s][info][gc,cpu         ] GC(1299) User=0.00s Sys=0.00s Real=0.00s
[77.703s][info][gc,start       ] GC(1300) Pause Young (Allocation Failure)
[77.704s][info][gc,heap        ] GC(1300) PSYoungGen: 157376K(157696K)->704K(153600K) Eden: 156672K(156672K)->0K(152576K) From: 704K(1024K)->704K(1024K)
[77.704s][info][gc,heap        ] GC(1300) ParOldGen: 62237K(349696K)->62301K(349696K)
[77.704s][info][gc,metaspace   ] GC(1300) Metaspace: 73303K(73856K)->73303K(73856K) NonClass: 58505K(58752K)->58505K(58752K) Class: 14798K(15104K)->14798K(15104K)
[77.704s][info][gc             ] GC(1300) Pause Young (Allocation Failure) 214M->61M(491M) 0.823ms
[77.704s][info][gc,cpu         ] GC(1300) User=0.00s Sys=0.00s Real=0.00s
[77.793s][info][gc,start       ] GC(1301) Pause Young (Allocation Failure)
[77.794s][info][gc,heap        ] GC(1301) PSYoungGen: 153280K(153600K)->768K(149504K) Eden: 152576K(152576K)->0K(148480K) From: 704K(1024K)->768K(1024K)
[77.794s][info][gc,heap        ] GC(1301) ParOldGen: 62301K(349696K)->62301K(349696K)
[77.794s][info][gc,metaspace   ] GC(1301) Metaspace: 73303K(73856K)->73303K(73856K) NonClass: 58505K(58752K)->58505K(58752K) Class: 14798K(15104K)->14798K(15104K)
[77.794s][info][gc             ] GC(1301) Pause Young (Allocation Failure) 210M->61M(487M) 0.676ms
[77.794s][info][gc,cpu         ] GC(1301) User=0.00s Sys=0.00s Real=0.00s
[77.880s][info][gc,start       ] GC(1302) Pause Young (Allocation Failure)
[77.881s][info][gc,heap        ] GC(1302) PSYoungGen: 149248K(149504K)->704K(145920K) Eden: 148480K(148480K)->0K(144896K) From: 768K(1024K)->704K(1024K)
[77.881s][info][gc,heap        ] GC(1302) ParOldGen: 62301K(349696K)->62373K(349696K)
[77.881s][info][gc,metaspace   ] GC(1302) Metaspace: 73303K(73856K)->73303K(73856K) NonClass: 58505K(58752K)->58505K(58752K) Class: 14798K(15104K)->14798K(15104K)
[77.881s][info][gc             ] GC(1302) Pause Young (Allocation Failure) 206M->61M(484M) 0.810ms
[77.881s][info][gc,cpu         ] GC(1302) User=0.00s Sys=0.00s Real=0.00s
[77.965s][info][gc,start       ] GC(1303) Pause Young (Allocation Failure)
[77.965s][info][gc,heap        ] GC(1303) PSYoungGen: 145600K(145920K)->704K(142336K) Eden: 144896K(144896K)->0K(141312K) From: 704K(1024K)->704K(1024K)
[77.965s][info][gc,heap        ] GC(1303) ParOldGen: 62373K(349696K)->62397K(349696K)
[77.966s][info][gc,metaspace   ] GC(1303) Metaspace: 73303K(73856K)->73303K(73856K) NonClass: 58505K(58752K)->58505K(58752K) Class: 14798K(15104K)->14798K(15104K)
[77.966s][info][gc             ] GC(1303) Pause Young (Allocation Failure) 203M->61M(480M) 0.684ms
[77.966s][info][gc,cpu         ] GC(1303) User=0.00s Sys=0.00s Real=0.00s
[78.047s][info][gc,start       ] GC(1304) Pause Young (Allocation Failure)
[78.048s][info][gc,heap        ] GC(1304) PSYoungGen: 142016K(142336K)->672K(138752K) Eden: 141312K(141312K)->0K(137728K) From: 704K(1024K)->672K(1024K)
[78.048s][info][gc,heap        ] GC(1304) ParOldGen: 62397K(349696K)->62413K(349696K)
[78.048s][info][gc,metaspace   ] GC(1304) Metaspace: 73303K(73856K)->73303K(73856K) NonClass: 58505K(58752K)->58505K(58752K) Class: 14798K(15104K)->14798K(15104K)
[78.048s][info][gc             ] GC(1304) Pause Young (Allocation Failure) 199M->61M(477M) 0.803ms
[78.048s][info][gc,cpu         ] GC(1304) User=0.31s Sys=0.00s Real=0.00s
[78.128s][info][gc,start       ] GC(1305) Pause Young (Allocation Failure)
[78.128s][info][gc,heap        ] GC(1305) PSYoungGen: 138400K(138752K)->704K(135680K) Eden: 137728K(137728K)->0K(134656K) From: 672K(1024K)->704K(1024K)
[78.128s][info][gc,heap        ] GC(1305) ParOldGen: 62413K(349696K)->62493K(349696K)
[78.128s][info][gc,metaspace   ] GC(1305) Metaspace: 73303K(73856K)->73303K(73856K) NonClass: 58505K(58752K)->58505K(58752K) Class: 14798K(15104K)->14798K(15104K)
[78.128s][info][gc             ] GC(1305) Pause Young (Allocation Failure) 196M->61M(474M) 0.829ms
[78.128s][info][gc,cpu         ] GC(1305) User=0.00s Sys=0.00s Real=0.00s
[78.206s][info][gc,start       ] GC(1306) Pause Young (Allocation Failure)
[78.207s][info][gc,heap        ] GC(1306) PSYoungGen: 135360K(135680K)->704K(132608K) Eden: 134656K(134656K)->0K(131584K) From: 704K(1024K)->704K(1024K)
[78.207s][info][gc,heap        ] GC(1306) ParOldGen: 62493K(349696K)->62597K(349696K)
[78.207s][info][gc,metaspace   ] GC(1306) Metaspace: 73303K(73856K)->73303K(73856K) NonClass: 58505K(58752K)->58505K(58752K) Class: 14798K(15104K)->14798K(15104K)
[78.207s][info][gc             ] GC(1306) Pause Young (Allocation Failure) 193M->61M(471M) 0.764ms
[78.207s][info][gc,cpu         ] GC(1306) User=0.00s Sys=0.00s Real=0.00s
[78.283s][info][gc,start       ] GC(1307) Pause Young (Allocation Failure)
[78.283s][info][gc,heap        ] GC(1307) PSYoungGen: 132288K(132608K)->672K(129536K) Eden: 131584K(131584K)->0K(128512K) From: 704K(1024K)->672K(1024K)
[78.283s][info][gc,heap        ] GC(1307) ParOldGen: 62597K(349696K)->62597K(349696K)
[78.283s][info][gc,metaspace   ] GC(1307) Metaspace: 73303K(73856K)->73303K(73856K) NonClass: 58505K(58752K)->58505K(58752K) Class: 14798K(15104K)->14798K(15104K)
[78.283s][info][gc             ] GC(1307) Pause Young (Allocation Failure) 190M->61M(468M) 0.676ms
[78.284s][info][gc,cpu         ] GC(1307) User=0.00s Sys=0.00s Real=0.00s
[78.357s][info][gc,start       ] GC(1308) Pause Young (Allocation Failure)
[78.358s][info][gc,heap        ] GC(1308) PSYoungGen: 129184K(129536K)->672K(126464K) Eden: 128512K(128512K)->0K(125440K) From: 672K(1024K)->672K(1024K)
[78.358s][info][gc,heap        ] GC(1308) ParOldGen: 62597K(349696K)->62653K(349696K)
[78.358s][info][gc,metaspace   ] GC(1308) Metaspace: 73303K(73856K)->73303K(73856K) NonClass: 58505K(58752K)->58505K(58752K) Class: 14798K(15104K)->14798K(15104K)
[78.358s][info][gc             ] GC(1308) Pause Young (Allocation Failure) 187M->61M(465M) 0.793ms
[78.358s][info][gc,cpu         ] GC(1308) User=0.00s Sys=0.00s Real=0.00s
[78.430s][info][gc,start       ] GC(1309) Pause Young (Allocation Failure)
[78.431s][info][gc,heap        ] GC(1309) PSYoungGen: 126112K(126464K)->704K(123904K) Eden: 125440K(125440K)->0K(122880K) From: 672K(1024K)->704K(1024K)
[78.431s][info][gc,heap        ] GC(1309) ParOldGen: 62653K(349696K)->62693K(349696K)
[78.431s][info][gc,metaspace   ] GC(1309) Metaspace: 73303K(73856K)->73303K(73856K) NonClass: 58505K(58752K)->58505K(58752K) Class: 14798K(15104K)->14798K(15104K)
[78.431s][info][gc             ] GC(1309) Pause Young (Allocation Failure) 184M->61M(462M) 0.693ms
[78.431s][info][gc,cpu         ] GC(1309) User=0.00s Sys=0.00s Real=0.00s
[78.501s][info][gc,start       ] GC(1310) Pause Young (Allocation Failure)
[78.502s][info][gc,heap        ] GC(1310) PSYoungGen: 123584K(123904K)->704K(121344K) Eden: 122880K(122880K)->0K(120320K) From: 704K(1024K)->704K(1024K)
[78.502s][info][gc,heap        ] GC(1310) ParOldGen: 62693K(349696K)->62701K(349696K)
[78.502s][info][gc,metaspace   ] GC(1310) Metaspace: 73303K(73856K)->73303K(73856K) NonClass: 58505K(58752K)->58505K(58752K) Class: 14798K(15104K)->14798K(15104K)
[78.502s][info][gc             ] GC(1310) Pause Young (Allocation Failure) 181M->61M(460M) 0.748ms
[78.502s][info][gc,cpu         ] GC(1310) User=0.00s Sys=0.00s Real=0.00s
[78.577s][info][gc,start       ] GC(1311) Pause Young (System.gc())
[78.579s][info][gc,heap        ] GC(1311) PSYoungGen: 69295K(121344K)->1248K(121856K) Eden: 68591K(120320K)->0K(120320K) From: 704K(1024K)->1248K(1536K)
[78.579s][info][gc,heap        ] GC(1311) ParOldGen: 62701K(349696K)->62781K(349696K)
[78.579s][info][gc,metaspace   ] GC(1311) Metaspace: 73305K(73856K)->73305K(73856K) NonClass: 58507K(58752K)->58507K(58752K) Class: 14798K(15104K)->14798K(15104K)
[78.579s][info][gc             ] GC(1311) Pause Young (System.gc()) 128M->62M(460M) 1.781ms
[78.579s][info][gc,cpu         ] GC(1311) User=0.00s Sys=0.00s Real=0.00s
[78.579s][info][gc,start       ] GC(1312) Pause Full (System.gc())
[78.579s][info][gc,phases,start] GC(1312) Marking Phase
[78.619s][info][gc,phases      ] GC(1312) Marking Phase 39.512ms
[78.619s][info][gc,phases,start] GC(1312) Summary Phase
[78.619s][info][gc,phases      ] GC(1312) Summary Phase 0.013ms
[78.619s][info][gc,phases,start] GC(1312) Adjust Roots
[78.636s][info][gc,phases      ] GC(1312) Adjust Roots 17.057ms
[78.636s][info][gc,phases,start] GC(1312) Compaction Phase
[78.645s][info][gc,phases      ] GC(1312) Compaction Phase 8.899ms
[78.645s][info][gc,phases,start] GC(1312) Post Compact
[78.646s][info][gc,phases      ] GC(1312) Post Compact 0.570ms
[78.646s][info][gc,heap        ] GC(1312) PSYoungGen: 1248K(121856K)->0K(121856K) Eden: 0K(120320K)->0K(120320K) From: 1248K(1536K)->0K(1536K)
[78.646s][info][gc,heap        ] GC(1312) ParOldGen: 62781K(349696K)->35763K(349696K)
[78.646s][info][gc,metaspace   ] GC(1312) Metaspace: 73305K(73856K)->73305K(73856K) NonClass: 58507K(58752K)->58507K(58752K) Class: 14798K(15104K)->14798K(15104K)
[78.646s][info][gc             ] GC(1312) Pause Full (System.gc()) 62M->34M(460M) 66.375ms
[78.646s][info][gc,cpu         ] GC(1312) User=0.53s Sys=0.02s Real=0.06s
[78.711s][info][gc,start       ] GC(1313) Pause Young (Allocation Failure)
[78.713s][info][gc,heap        ] GC(1313) PSYoungGen: 120320K(121856K)->2048K(119808K) Eden: 120320K(120320K)->0K(117760K) From: 0K(1536K)->2048K(2048K)
[78.713s][info][gc,heap        ] GC(1313) ParOldGen: 35763K(349696K)->37227K(349696K)
[78.713s][info][gc,metaspace   ] GC(1313) Metaspace: 73389K(73920K)->73389K(73920K) NonClass: 58591K(58816K)->58591K(58816K) Class: 14798K(15104K)->14798K(15104K)
[78.713s][info][gc             ] GC(1313) Pause Young (Allocation Failure) 152M->38M(458M) 1.781ms
[78.713s][info][gc,cpu         ] GC(1313) User=0.00s Sys=0.00s Real=0.00s
[78.742s][info][gc,start       ] GC(1314) Pause Young (Allocation Failure)
[78.744s][info][gc,heap        ] GC(1314) PSYoungGen: 119808K(119808K)->1824K(143360K) Eden: 117760K(117760K)->0K(141312K) From: 2048K(2048K)->1824K(2048K)
[78.744s][info][gc,heap        ] GC(1314) ParOldGen: 37227K(349696K)->38731K(349696K)
[78.744s][info][gc,metaspace   ] GC(1314) Metaspace: 73389K(73920K)->73389K(73920K) NonClass: 58591K(58816K)->58591K(58816K) Class: 14798K(15104K)->14798K(15104K)
[78.744s][info][gc             ] GC(1314) Pause Young (Allocation Failure) 153M->39M(481M) 1.683ms
[78.744s][info][gc,cpu         ] GC(1314) User=0.00s Sys=0.00s Real=0.00s
[78.779s][info][gc,start       ] GC(1315) Pause Young (Allocation Failure)
[78.780s][info][gc,heap        ] GC(1315) PSYoungGen: 143136K(143360K)->1888K(155648K) Eden: 141312K(141312K)->0K(153088K) From: 1824K(2048K)->1888K(2560K)
[78.780s][info][gc,heap        ] GC(1315) ParOldGen: 38731K(349696K)->38995K(349696K)
[78.780s][info][gc,metaspace   ] GC(1315) Metaspace: 73389K(73920K)->73389K(73920K) NonClass: 58591K(58816K)->58591K(58816K) Class: 14798K(15104K)->14798K(15104K)
[78.780s][info][gc             ] GC(1315) Pause Young (Allocation Failure) 177M->39M(493M) 1.215ms
[78.780s][info][gc,cpu         ] GC(1315) User=0.00s Sys=0.00s Real=0.00s
[78.818s][info][gc,start       ] GC(1316) Pause Young (Allocation Failure)
[78.819s][info][gc,heap        ] GC(1316) PSYoungGen: 154976K(155648K)->1856K(156160K) Eden: 153088K(153088K)->0K(153088K) From: 1888K(2560K)->1856K(3072K)
[78.819s][info][gc,heap        ] GC(1316) ParOldGen: 38995K(349696K)->39211K(349696K)
[78.819s][info][gc,metaspace   ] GC(1316) Metaspace: 73389K(73920K)->73389K(73920K) NonClass: 58591K(58816K)->58591K(58816K) Class: 14798K(15104K)->14798K(15104K)
[78.819s][info][gc             ] GC(1316) Pause Young (Allocation Failure) 189M->40M(494M) 1.238ms
[78.819s][info][gc,cpu         ] GC(1316) User=0.00s Sys=0.00s Real=0.00s
[78.856s][info][gc,start       ] GC(1317) Pause Young (Allocation Failure)
[78.858s][info][gc,heap        ] GC(1317) PSYoungGen: 154944K(156160K)->1824K(171520K) Eden: 153088K(153088K)->0K(168448K) From: 1856K(3072K)->1824K(3072K)
[78.858s][info][gc,heap        ] GC(1317) ParOldGen: 39211K(349696K)->39451K(349696K)
[78.858s][info][gc,metaspace   ] GC(1317) Metaspace: 73389K(73920K)->73389K(73920K) NonClass: 58591K(58816K)->58591K(58816K) Class: 14798K(15104K)->14798K(15104K)
[78.858s][info][gc             ] GC(1317) Pause Young (Allocation Failure) 189M->40M(509M) 1.380ms
[78.858s][info][gc,cpu         ] GC(1317) User=0.00s Sys=0.00s Real=0.00s
[78.901s][info][gc,start       ] GC(1318) Pause Young (Allocation Failure)
[78.903s][info][gc,heap        ] GC(1318) PSYoungGen: 170272K(171520K)->2048K(171520K) Eden: 168448K(168448K)->0K(168448K) From: 1824K(3072K)->2048K(3072K)
[78.903s][info][gc,heap        ] GC(1318) ParOldGen: 39451K(349696K)->39635K(349696K)
[78.903s][info][gc,metaspace   ] GC(1318) Metaspace: 73389K(73920K)->73389K(73920K) NonClass: 58591K(58816K)->58591K(58816K) Class: 14798K(15104K)->14798K(15104K)
[78.903s][info][gc             ] GC(1318) Pause Young (Allocation Failure) 204M->40M(509M) 1.784ms
[78.903s][info][gc,cpu         ] GC(1318) User=0.00s Sys=0.00s Real=0.00s
[78.944s][info][gc,start       ] GC(1319) Pause Young (Allocation Failure)
[78.945s][info][gc,heap        ] GC(1319) PSYoungGen: 170496K(171520K)->1888K(171520K) Eden: 168448K(168448K)->0K(168448K) From: 2048K(3072K)->1888K(3072K)
[78.945s][info][gc,heap        ] GC(1319) ParOldGen: 39635K(349696K)->39803K(349696K)
[78.945s][info][gc,metaspace   ] GC(1319) Metaspace: 73389K(73920K)->73389K(73920K) NonClass: 58591K(58816K)->58591K(58816K) Class: 14798K(15104K)->14798K(15104K)
[78.945s][info][gc             ] GC(1319) Pause Young (Allocation Failure) 205M->40M(509M) 1.173ms
[78.945s][info][gc,cpu         ] GC(1319) User=0.00s Sys=0.00s Real=0.00s
[78.987s][info][gc,start       ] GC(1320) Pause Young (Allocation Failure)
[78.988s][info][gc,heap        ] GC(1320) PSYoungGen: 170335K(171520K)->1888K(171520K) Eden: 168447K(168448K)->0K(168448K) From: 1888K(3072K)->1888K(3072K)
[78.988s][info][gc,heap        ] GC(1320) ParOldGen: 39803K(349696K)->40035K(349696K)
[78.988s][info][gc,metaspace   ] GC(1320) Metaspace: 73389K(73920K)->73389K(73920K) NonClass: 58591K(58816K)->58591K(58816K) Class: 14798K(15104K)->14798K(15104K)
[78.988s][info][gc             ] GC(1320) Pause Young (Allocation Failure) 205M->40M(509M) 1.131ms
[78.988s][info][gc,cpu         ] GC(1320) User=0.00s Sys=0.00s Real=0.00s
[79.029s][info][gc,start       ] GC(1321) Pause Young (Allocation Failure)
[79.030s][info][gc,heap        ] GC(1321) PSYoungGen: 170336K(171520K)->1792K(171520K) Eden: 168448K(168448K)->0K(168448K) From: 1888K(3072K)->1792K(3072K)
[79.030s][info][gc,heap        ] GC(1321) ParOldGen: 40035K(349696K)->40219K(349696K)
[79.030s][info][gc,metaspace   ] GC(1321) Metaspace: 73389K(73920K)->73389K(73920K) NonClass: 58591K(58816K)->58591K(58816K) Class: 14798K(15104K)->14798K(15104K)
[79.030s][info][gc             ] GC(1321) Pause Young (Allocation Failure) 205M->41M(509M) 1.172ms
[79.030s][info][gc,cpu         ] GC(1321) User=0.00s Sys=0.00s Real=0.00s
[79.071s][info][gc,start       ] GC(1322) Pause Young (Allocation Failure)
[79.072s][info][gc,heap        ] GC(1322) PSYoungGen: 170240K(171520K)->1856K(171520K) Eden: 168448K(168448K)->0K(168448K) From: 1792K(3072K)->1856K(3072K)
[79.072s][info][gc,heap        ] GC(1322) ParOldGen: 40219K(349696K)->40411K(349696K)
[79.072s][info][gc,metaspace   ] GC(1322) Metaspace: 73389K(73920K)->73389K(73920K) NonClass: 58591K(58816K)->58591K(58816K) Class: 14798K(15104K)->14798K(15104K)
[79.072s][info][gc             ] GC(1322) Pause Young (Allocation Failure) 205M->41M(509M) 1.133ms
[79.072s][info][gc,cpu         ] GC(1322) User=0.00s Sys=0.00s Real=0.00s
[79.114s][info][gc,start       ] GC(1323) Pause Young (Allocation Failure)
[79.115s][info][gc,heap        ] GC(1323) PSYoungGen: 170304K(171520K)->1856K(171520K) Eden: 168448K(168448K)->0K(168448K) From: 1856K(3072K)->1856K(3072K)
[79.115s][info][gc,heap        ] GC(1323) ParOldGen: 40411K(349696K)->40667K(349696K)
[79.115s][info][gc,metaspace   ] GC(1323) Metaspace: 73389K(73920K)->73389K(73920K) NonClass: 58591K(58816K)->58591K(58816K) Class: 14798K(15104K)->14798K(15104K)
[79.115s][info][gc             ] GC(1323) Pause Young (Allocation Failure) 205M->41M(509M) 1.194ms
[79.115s][info][gc,cpu         ] GC(1323) User=0.00s Sys=0.00s Real=0.00s
[79.156s][info][gc,start       ] GC(1324) Pause Young (Allocation Failure)
[79.157s][info][gc,heap        ] GC(1324) PSYoungGen: 170304K(171520K)->1856K(171520K) Eden: 168448K(168448K)->0K(168448K) From: 1856K(3072K)->1856K(3072K)
[79.157s][info][gc,heap        ] GC(1324) ParOldGen: 40667K(349696K)->40891K(349696K)
[79.157s][info][gc,metaspace   ] GC(1324) Metaspace: 73389K(73920K)->73389K(73920K) NonClass: 58591K(58816K)->58591K(58816K) Class: 14798K(15104K)->14798K(15104K)
[79.157s][info][gc             ] GC(1324) Pause Young (Allocation Failure) 206M->41M(509M) 1.130ms
[79.158s][info][gc,cpu         ] GC(1324) User=0.00s Sys=0.00s Real=0.00s
[79.199s][info][gc,start       ] GC(1325) Pause Young (Allocation Failure)
[79.200s][info][gc,heap        ] GC(1325) PSYoungGen: 170304K(171520K)->1824K(171520K) Eden: 168448K(168448K)->0K(168448K) From: 1856K(3072K)->1824K(3072K)
[79.200s][info][gc,heap        ] GC(1325) ParOldGen: 40891K(349696K)->41099K(349696K)
[79.200s][info][gc,metaspace   ] GC(1325) Metaspace: 73389K(73920K)->73389K(73920K) NonClass: 58591K(58816K)->58591K(58816K) Class: 14798K(15104K)->14798K(15104K)
[79.200s][info][gc             ] GC(1325) Pause Young (Allocation Failure) 206M->41M(509M) 1.193ms
[79.200s][info][gc,cpu         ] GC(1325) User=0.00s Sys=0.00s Real=0.00s
[79.241s][info][gc,start       ] GC(1326) Pause Young (Allocation Failure)
[79.243s][info][gc,heap        ] GC(1326) PSYoungGen: 170272K(171520K)->1728K(171520K) Eden: 168448K(168448K)->0K(168448K) From: 1824K(3072K)->1728K(3072K)
[79.243s][info][gc,heap        ] GC(1326) ParOldGen: 41099K(349696K)->41283K(349696K)
[79.243s][info][gc,metaspace   ] GC(1326) Metaspace: 73389K(73920K)->73389K(73920K) NonClass: 58591K(58816K)->58591K(58816K) Class: 14798K(15104K)->14798K(15104K)
[79.243s][info][gc             ] GC(1326) Pause Young (Allocation Failure) 206M->42M(509M) 1.103ms
[79.243s][info][gc,cpu         ] GC(1326) User=0.00s Sys=0.00s Real=0.00s
[79.284s][info][gc,start       ] GC(1327) Pause Young (Allocation Failure)
[79.285s][info][gc,heap        ] GC(1327) PSYoungGen: 170176K(171520K)->1792K(171520K) Eden: 168448K(168448K)->0K(168448K) From: 1728K(3072K)->1792K(3072K)
[79.285s][info][gc,heap        ] GC(1327) ParOldGen: 41283K(349696K)->41515K(349696K)
[79.285s][info][gc,metaspace   ] GC(1327) Metaspace: 73389K(73920K)->73389K(73920K) NonClass: 58591K(58816K)->58591K(58816K) Class: 14798K(15104K)->14798K(15104K)
[79.285s][info][gc             ] GC(1327) Pause Young (Allocation Failure) 206M->42M(509M) 1.148ms
[79.285s][info][gc,cpu         ] GC(1327) User=0.00s Sys=0.00s Real=0.00s
[79.326s][info][gc,start       ] GC(1328) Pause Young (Allocation Failure)
[79.328s][info][gc,heap        ] GC(1328) PSYoungGen: 170240K(171520K)->1888K(171520K) Eden: 168448K(168448K)->0K(168448K) From: 1792K(3072K)->1888K(3072K)
[79.328s][info][gc,heap        ] GC(1328) ParOldGen: 41515K(349696K)->41739K(349696K)
[79.328s][info][gc,metaspace   ] GC(1328) Metaspace: 73389K(73920K)->73389K(73920K) NonClass: 58591K(58816K)->58591K(58816K) Class: 14798K(15104K)->14798K(15104K)
[79.328s][info][gc             ] GC(1328) Pause Young (Allocation Failure) 206M->42M(509M) 1.177ms
[79.328s][info][gc,cpu         ] GC(1328) User=0.00s Sys=0.00s Real=0.00s
[79.369s][info][gc,start       ] GC(1329) Pause Young (Allocation Failure)
[79.370s][info][gc,heap        ] GC(1329) PSYoungGen: 170336K(171520K)->1856K(171520K) Eden: 168448K(168448K)->0K(168448K) From: 1888K(3072K)->1856K(3072K)
[79.370s][info][gc,heap        ] GC(1329) ParOldGen: 41739K(349696K)->41907K(349696K)
[79.370s][info][gc,metaspace   ] GC(1329) Metaspace: 73389K(73920K)->73389K(73920K) NonClass: 58591K(58816K)->58591K(58816K) Class: 14798K(15104K)->14798K(15104K)
[79.370s][info][gc             ] GC(1329) Pause Young (Allocation Failure) 207M->42M(509M) 1.161ms
[79.370s][info][gc,cpu         ] GC(1329) User=0.00s Sys=0.00s Real=0.00s
[79.411s][info][gc,start       ] GC(1330) Pause Young (Allocation Failure)
[79.412s][info][gc,heap        ] GC(1330) PSYoungGen: 170304K(171520K)->1792K(170496K) Eden: 168448K(168448K)->0K(168448K) From: 1856K(3072K)->1792K(2048K)
[79.413s][info][gc,heap        ] GC(1330) ParOldGen: 41907K(349696K)->42091K(349696K)
[79.413s][info][gc,metaspace   ] GC(1330) Metaspace: 73389K(73920K)->73389K(73920K) NonClass: 58591K(58816K)->58591K(58816K) Class: 14798K(15104K)->14798K(15104K)
[79.413s][info][gc             ] GC(1330) Pause Young (Allocation Failure) 207M->42M(508M) 1.136ms
[79.413s][info][gc,cpu         ] GC(1330) User=0.00s Sys=0.00s Real=0.00s
[79.454s][info][gc,start       ] GC(1331) Pause Young (Allocation Failure)
[79.455s][info][gc,heap        ] GC(1331) PSYoungGen: 170240K(170496K)->1920K(171008K) Eden: 168448K(168448K)->0K(168448K) From: 1792K(2048K)->1920K(2560K)
[79.455s][info][gc,heap        ] GC(1331) ParOldGen: 42091K(349696K)->42315K(349696K)
[79.455s][info][gc,metaspace   ] GC(1331) Metaspace: 73389K(73920K)->73389K(73920K) NonClass: 58591K(58816K)->58591K(58816K) Class: 14798K(15104K)->14798K(15104K)
[79.455s][info][gc             ] GC(1331) Pause Young (Allocation Failure) 207M->43M(508M) 1.200ms
[79.455s][info][gc,cpu         ] GC(1331) User=0.00s Sys=0.00s Real=0.00s
[79.497s][info][gc,start       ] GC(1332) Pause Young (Allocation Failure)
[79.498s][info][gc,heap        ] GC(1332) PSYoungGen: 170368K(171008K)->1920K(171008K) Eden: 168448K(168448K)->0K(168448K) From: 1920K(2560K)->1920K(2560K)
[79.498s][info][gc,heap        ] GC(1332) ParOldGen: 42315K(349696K)->42491K(349696K)
[79.498s][info][gc,metaspace   ] GC(1332) Metaspace: 73389K(73920K)->73389K(73920K) NonClass: 58591K(58816K)->58591K(58816K) Class: 14798K(15104K)->14798K(15104K)
[79.498s][info][gc             ] GC(1332) Pause Young (Allocation Failure) 207M->43M(508M) 1.133ms
[79.498s][info][gc,cpu         ] GC(1332) User=0.00s Sys=0.00s Real=0.00s
[79.539s][info][gc,start       ] GC(1333) Pause Young (Allocation Failure)
[79.540s][info][gc,heap        ] GC(1333) PSYoungGen: 170368K(171008K)->1856K(172032K) Eden: 168448K(168448K)->0K(169472K) From: 1920K(2560K)->1856K(2560K)
[79.540s][info][gc,heap        ] GC(1333) ParOldGen: 42491K(349696K)->42675K(349696K)
[79.540s][info][gc,metaspace   ] GC(1333) Metaspace: 73389K(73920K)->73389K(73920K) NonClass: 58591K(58816K)->58591K(58816K) Class: 14798K(15104K)->14798K(15104K)
[79.540s][info][gc             ] GC(1333) Pause Young (Allocation Failure) 207M->43M(509M) 1.143ms
[79.540s][info][gc,cpu         ] GC(1333) User=0.00s Sys=0.00s Real=0.00s
[79.582s][info][gc,start       ] GC(1334) Pause Young (Allocation Failure)
[79.583s][info][gc,heap        ] GC(1334) PSYoungGen: 171328K(172032K)->1856K(172032K) Eden: 169472K(169472K)->0K(169472K) From: 1856K(2560K)->1856K(2560K)
[79.583s][info][gc,heap        ] GC(1334) ParOldGen: 42675K(349696K)->42851K(349696K)
[79.583s][info][gc,metaspace   ] GC(1334) Metaspace: 73389K(73920K)->73389K(73920K) NonClass: 58591K(58816K)->58591K(58816K) Class: 14798K(15104K)->14798K(15104K)
[79.583s][info][gc             ] GC(1334) Pause Young (Allocation Failure) 208M->43M(509M) 1.219ms
[79.583s][info][gc,cpu         ] GC(1334) User=0.00s Sys=0.00s Real=0.00s
[79.625s][info][gc,start       ] GC(1335) Pause Young (Allocation Failure)
[79.626s][info][gc,heap        ] GC(1335) PSYoungGen: 171328K(172032K)->1856K(172032K) Eden: 169472K(169472K)->0K(169472K) From: 1856K(2560K)->1856K(2560K)
[79.626s][info][gc,heap        ] GC(1335) ParOldGen: 42851K(349696K)->43075K(349696K)
[79.626s][info][gc,metaspace   ] GC(1335) Metaspace: 73389K(73920K)->73389K(73920K) NonClass: 58591K(58816K)->58591K(58816K) Class: 14798K(15104K)->14798K(15104K)
[79.626s][info][gc             ] GC(1335) Pause Young (Allocation Failure) 209M->43M(509M) 1.155ms
[79.626s][info][gc,cpu         ] GC(1335) User=0.52s Sys=0.00s Real=0.00s
[79.668s][info][gc,start       ] GC(1336) Pause Young (Allocation Failure)
[79.669s][info][gc,heap        ] GC(1336) PSYoungGen: 171328K(172032K)->1856K(172032K) Eden: 169472K(169472K)->0K(169472K) From: 1856K(2560K)->1856K(2560K)
[79.669s][info][gc,heap        ] GC(1336) ParOldGen: 43075K(349696K)->43291K(349696K)
[79.669s][info][gc,metaspace   ] GC(1336) Metaspace: 73389K(73920K)->73389K(73920K) NonClass: 58591K(58816K)->58591K(58816K) Class: 14798K(15104K)->14798K(15104K)
[79.669s][info][gc             ] GC(1336) Pause Young (Allocation Failure) 209M->44M(509M) 1.123ms
[79.669s][info][gc,cpu         ] GC(1336) User=0.00s Sys=0.00s Real=0.00s
[79.710s][info][gc,start       ] GC(1337) Pause Young (Allocation Failure)
[79.711s][info][gc,heap        ] GC(1337) PSYoungGen: 171328K(172032K)->1728K(172032K) Eden: 169472K(169472K)->0K(169472K) From: 1856K(2560K)->1728K(2560K)
[79.711s][info][gc,heap        ] GC(1337) ParOldGen: 43291K(349696K)->43491K(349696K)
[79.712s][info][gc,metaspace   ] GC(1337) Metaspace: 73389K(73920K)->73389K(73920K) NonClass: 58591K(58816K)->58591K(58816K) Class: 14798K(15104K)->14798K(15104K)
[79.712s][info][gc             ] GC(1337) Pause Young (Allocation Failure) 209M->44M(509M) 1.131ms
[79.712s][info][gc,cpu         ] GC(1337) User=0.00s Sys=0.00s Real=0.00s
[79.753s][info][gc,start       ] GC(1338) Pause Young (Allocation Failure)
[79.754s][info][gc,heap        ] GC(1338) PSYoungGen: 171200K(172032K)->1824K(172032K) Eden: 169472K(169472K)->0K(169472K) From: 1728K(2560K)->1824K(2560K)
[79.754s][info][gc,heap        ] GC(1338) ParOldGen: 43491K(349696K)->43715K(349696K)
[79.754s][info][gc,metaspace   ] GC(1338) Metaspace: 73389K(73920K)->73389K(73920K) NonClass: 58591K(58816K)->58591K(58816K) Class: 14798K(15104K)->14798K(15104K)
[79.754s][info][gc             ] GC(1338) Pause Young (Allocation Failure) 209M->44M(509M) 1.108ms
[79.754s][info][gc,cpu         ] GC(1338) User=0.00s Sys=0.00s Real=0.00s
[79.796s][info][gc,start       ] GC(1339) Pause Young (Allocation Failure)
[79.797s][info][gc,heap        ] GC(1339) PSYoungGen: 171296K(172032K)->1824K(172032K) Eden: 169472K(169472K)->0K(169472K) From: 1824K(2560K)->1824K(2560K)
[79.797s][info][gc,heap        ] GC(1339) ParOldGen: 43715K(349696K)->43907K(349696K)
[79.797s][info][gc,metaspace   ] GC(1339) Metaspace: 73389K(73920K)->73389K(73920K) NonClass: 58591K(58816K)->58591K(58816K) Class: 14798K(15104K)->14798K(15104K)
[79.797s][info][gc             ] GC(1339) Pause Young (Allocation Failure) 209M->44M(509M) 1.115ms
[79.797s][info][gc,cpu         ] GC(1339) User=0.00s Sys=0.00s Real=0.00s
[79.839s][info][gc,start       ] GC(1340) Pause Young (Allocation Failure)
[79.840s][info][gc,heap        ] GC(1340) PSYoungGen: 171296K(172032K)->1824K(172032K) Eden: 169472K(169472K)->0K(169472K) From: 1824K(2560K)->1824K(2560K)
[79.840s][info][gc,heap        ] GC(1340) ParOldGen: 43907K(349696K)->44099K(349696K)
[79.840s][info][gc,metaspace   ] GC(1340) Metaspace: 73389K(73920K)->73389K(73920K) NonClass: 58591K(58816K)->58591K(58816K) Class: 14798K(15104K)->14798K(15104K)
[79.840s][info][gc             ] GC(1340) Pause Young (Allocation Failure) 210M->44M(509M) 1.147ms
[79.840s][info][gc,cpu         ] GC(1340) User=0.00s Sys=0.00s Real=0.00s
[79.881s][info][gc,start       ] GC(1341) Pause Young (Allocation Failure)
[79.882s][info][gc,heap        ] GC(1341) PSYoungGen: 171296K(172032K)->1888K(172032K) Eden: 169472K(169472K)->0K(169472K) From: 1824K(2560K)->1888K(2560K)
[79.882s][info][gc,heap        ] GC(1341) ParOldGen: 44099K(349696K)->44291K(349696K)
[79.882s][info][gc,metaspace   ] GC(1341) Metaspace: 73389K(73920K)->73389K(73920K) NonClass: 58591K(58816K)->58591K(58816K) Class: 14798K(15104K)->14798K(15104K)
[79.883s][info][gc             ] GC(1341) Pause Young (Allocation Failure) 210M->45M(509M) 1.161ms
[79.883s][info][gc,cpu         ] GC(1341) User=0.00s Sys=0.00s Real=0.00s
[79.924s][info][gc,start       ] GC(1342) Pause Young (Allocation Failure)
[79.925s][info][gc,heap        ] GC(1342) PSYoungGen: 171360K(172032K)->1888K(172032K) Eden: 169472K(169472K)->0K(169472K) From: 1888K(2560K)->1888K(2560K)
[79.925s][info][gc,heap        ] GC(1342) ParOldGen: 44291K(349696K)->44459K(349696K)
[79.925s][info][gc,metaspace   ] GC(1342) Metaspace: 73389K(73920K)->73389K(73920K) NonClass: 58591K(58816K)->58591K(58816K) Class: 14798K(15104K)->14798K(15104K)
[79.925s][info][gc             ] GC(1342) Pause Young (Allocation Failure) 210M->45M(509M) 1.129ms
[79.925s][info][gc,cpu         ] GC(1342) User=0.00s Sys=0.00s Real=0.00s
[79.967s][info][gc,start       ] GC(1343) Pause Young (Allocation Failure)
[79.968s][info][gc,heap        ] GC(1343) PSYoungGen: 171360K(172032K)->1856K(172032K) Eden: 169472K(169472K)->0K(169472K) From: 1888K(2560K)->1856K(2560K)
[79.968s][info][gc,heap        ] GC(1343) ParOldGen: 44459K(349696K)->44651K(349696K)
[79.968s][info][gc,metaspace   ] GC(1343) Metaspace: 73389K(73920K)->73389K(73920K) NonClass: 58591K(58816K)->58591K(58816K) Class: 14798K(15104K)->14798K(15104K)
[79.968s][info][gc             ] GC(1343) Pause Young (Allocation Failure) 210M->45M(509M) 1.166ms
[79.968s][info][gc,cpu         ] GC(1343) User=0.00s Sys=0.00s Real=0.00s
[80.010s][info][gc,start       ] GC(1344) Pause Young (Allocation Failure)
[80.011s][info][gc,heap        ] GC(1344) PSYoungGen: 171328K(172032K)->1920K(172032K) Eden: 169472K(169472K)->0K(169472K) From: 1856K(2560K)->1920K(2560K)
[80.011s][info][gc,heap        ] GC(1344) ParOldGen: 44651K(349696K)->44883K(349696K)
[80.011s][info][gc,metaspace   ] GC(1344) Metaspace: 73389K(73920K)->73389K(73920K) NonClass: 58591K(58816K)->58591K(58816K) Class: 14798K(15104K)->14798K(15104K)
[80.011s][info][gc             ] GC(1344) Pause Young (Allocation Failure) 210M->45M(509M) 1.163ms
[80.011s][info][gc,cpu         ] GC(1344) User=0.00s Sys=0.00s Real=0.00s
[80.053s][info][gc,start       ] GC(1345) Pause Young (Allocation Failure)
[80.054s][info][gc,heap        ] GC(1345) PSYoungGen: 171392K(172032K)->1792K(172032K) Eden: 169472K(169472K)->0K(169472K) From: 1920K(2560K)->1792K(2560K)
[80.054s][info][gc,heap        ] GC(1345) ParOldGen: 44883K(349696K)->45091K(349696K)
[80.054s][info][gc,metaspace   ] GC(1345) Metaspace: 73389K(73920K)->73389K(73920K) NonClass: 58591K(58816K)->58591K(58816K) Class: 14798K(15104K)->14798K(15104K)
[80.054s][info][gc             ] GC(1345) Pause Young (Allocation Failure) 211M->45M(509M) 1.160ms
[80.054s][info][gc,cpu         ] GC(1345) User=0.00s Sys=0.00s Real=0.00s
[80.096s][info][gc,start       ] GC(1346) Pause Young (Allocation Failure)
[80.097s][info][gc,heap        ] GC(1346) PSYoungGen: 171264K(172032K)->1824K(172032K) Eden: 169472K(169472K)->0K(169472K) From: 1792K(2560K)->1824K(2560K)
[80.097s][info][gc,heap        ] GC(1346) ParOldGen: 45091K(349696K)->45299K(349696K)
[80.097s][info][gc,metaspace   ] GC(1346) Metaspace: 73389K(73920K)->73389K(73920K) NonClass: 58591K(58816K)->58591K(58816K) Class: 14798K(15104K)->14798K(15104K)
[80.097s][info][gc             ] GC(1346) Pause Young (Allocation Failure) 211M->46M(509M) 1.143ms
[80.097s][info][gc,cpu         ] GC(1346) User=0.00s Sys=0.00s Real=0.00s
[80.138s][info][gc,start       ] GC(1347) Pause Young (Allocation Failure)
[80.139s][info][gc,heap        ] GC(1347) PSYoungGen: 171296K(172032K)->1920K(172032K) Eden: 169472K(169472K)->0K(169472K) From: 1824K(2560K)->1920K(2560K)
[80.139s][info][gc,heap        ] GC(1347) ParOldGen: 45299K(349696K)->45563K(349696K)
[80.139s][info][gc,metaspace   ] GC(1347) Metaspace: 73389K(73920K)->73389K(73920K) NonClass: 58591K(58816K)->58591K(58816K) Class: 14798K(15104K)->14798K(15104K)
[80.139s][info][gc             ] GC(1347) Pause Young (Allocation Failure) 211M->46M(509M) 1.113ms
[80.139s][info][gc,cpu         ] GC(1347) User=0.00s Sys=0.00s Real=0.00s
[80.181s][info][gc,start       ] GC(1348) Pause Young (Allocation Failure)
[80.182s][info][gc,heap        ] GC(1348) PSYoungGen: 171392K(172032K)->1856K(172032K) Eden: 169472K(169472K)->0K(169472K) From: 1920K(2560K)->1856K(2560K)
[80.182s][info][gc,heap        ] GC(1348) ParOldGen: 45563K(349696K)->45779K(349696K)
[80.182s][info][gc,metaspace   ] GC(1348) Metaspace: 73389K(73920K)->73389K(73920K) NonClass: 58591K(58816K)->58591K(58816K) Class: 14798K(15104K)->14798K(15104K)
[80.182s][info][gc             ] GC(1348) Pause Young (Allocation Failure) 211M->46M(509M) 1.196ms
[80.182s][info][gc,cpu         ] GC(1348) User=0.00s Sys=0.00s Real=0.00s
[80.223s][info][gc,start       ] GC(1349) Pause Young (Allocation Failure)
[80.225s][info][gc,heap        ] GC(1349) PSYoungGen: 171328K(172032K)->1824K(172032K) Eden: 169472K(169472K)->0K(169472K) From: 1856K(2560K)->1824K(2560K)
[80.225s][info][gc,heap        ] GC(1349) ParOldGen: 45779K(349696K)->45979K(349696K)
[80.225s][info][gc,metaspace   ] GC(1349) Metaspace: 73389K(73920K)->73389K(73920K) NonClass: 58591K(58816K)->58591K(58816K) Class: 14798K(15104K)->14798K(15104K)
[80.225s][info][gc             ] GC(1349) Pause Young (Allocation Failure) 212M->46M(509M) 1.160ms
[80.225s][info][gc,cpu         ] GC(1349) User=0.00s Sys=0.00s Real=0.00s
[80.266s][info][gc,start       ] GC(1350) Pause Young (Allocation Failure)
[80.267s][info][gc,heap        ] GC(1350) PSYoungGen: 171296K(172032K)->1888K(172032K) Eden: 169472K(169472K)->0K(169472K) From: 1824K(2560K)->1888K(2560K)
[80.267s][info][gc,heap        ] GC(1350) ParOldGen: 45979K(349696K)->46123K(349696K)
[80.267s][info][gc,metaspace   ] GC(1350) Metaspace: 73389K(73920K)->73389K(73920K) NonClass: 58591K(58816K)->58591K(58816K) Class: 14798K(15104K)->14798K(15104K)
[80.267s][info][gc             ] GC(1350) Pause Young (Allocation Failure) 212M->46M(509M) 1.144ms
[80.268s][info][gc,cpu         ] GC(1350) User=0.00s Sys=0.00s Real=0.00s
[80.309s][info][gc,start       ] GC(1351) Pause Young (Allocation Failure)
[80.355s][info][gc,heap        ] GC(1351) PSYoungGen: 171360K(172032K)->1856K(172032K) Eden: 169472K(169472K)->0K(169472K) From: 1888K(2560K)->1856K(2560K)
[80.355s][info][gc,heap        ] GC(1351) ParOldGen: 46123K(349696K)->46283K(349696K)
[80.355s][info][gc,metaspace   ] GC(1351) Metaspace: 73389K(73920K)->73389K(73920K) NonClass: 58591K(58816K)->58591K(58816K) Class: 14798K(15104K)->14798K(15104K)
[80.355s][info][gc             ] GC(1351) Pause Young (Allocation Failure) 212M->47M(509M) 45.983ms
[80.355s][info][gc,cpu         ] GC(1351) User=0.00s Sys=0.00s Real=0.03s
[80.408s][info][gc,start       ] GC(1352) Pause Young (Allocation Failure)
[80.409s][info][gc,heap        ] GC(1352) PSYoungGen: 171328K(172032K)->1856K(171520K) Eden: 169472K(169472K)->0K(169472K) From: 1856K(2560K)->1856K(2048K)
[80.409s][info][gc,heap        ] GC(1352) ParOldGen: 46283K(349696K)->46435K(349696K)
[80.409s][info][gc,metaspace   ] GC(1352) Metaspace: 73389K(73920K)->73389K(73920K) NonClass: 58591K(58816K)->58591K(58816K) Class: 14798K(15104K)->14798K(15104K)
[80.409s][info][gc             ] GC(1352) Pause Young (Allocation Failure) 212M->47M(509M) 1.132ms
[80.409s][info][gc,cpu         ] GC(1352) User=0.00s Sys=0.00s Real=0.00s
[80.451s][info][gc,start       ] GC(1353) Pause Young (Allocation Failure)
[80.452s][info][gc,heap        ] GC(1353) PSYoungGen: 171328K(171520K)->1824K(171520K) Eden: 169472K(169472K)->0K(169472K) From: 1856K(2048K)->1824K(2048K)
[80.452s][info][gc,heap        ] GC(1353) ParOldGen: 46435K(349696K)->46627K(349696K)
[80.452s][info][gc,metaspace   ] GC(1353) Metaspace: 73389K(73920K)->73389K(73920K) NonClass: 58591K(58816K)->58591K(58816K) Class: 14798K(15104K)->14798K(15104K)
[80.452s][info][gc             ] GC(1353) Pause Young (Allocation Failure) 212M->47M(509M) 1.152ms
[80.452s][info][gc,cpu         ] GC(1353) User=0.00s Sys=0.00s Real=0.00s
[80.494s][info][gc,start       ] GC(1354) Pause Young (Allocation Failure)
[80.495s][info][gc,heap        ] GC(1354) PSYoungGen: 171296K(171520K)->1856K(171520K) Eden: 169472K(169472K)->0K(169472K) From: 1824K(2048K)->1856K(2048K)
[80.495s][info][gc,heap        ] GC(1354) ParOldGen: 46627K(349696K)->46819K(349696K)
[80.495s][info][gc,metaspace   ] GC(1354) Metaspace: 73389K(73920K)->73389K(73920K) NonClass: 58591K(58816K)->58591K(58816K) Class: 14798K(15104K)->14798K(15104K)
[80.495s][info][gc             ] GC(1354) Pause Young (Allocation Failure) 212M->47M(509M) 1.145ms
[80.495s][info][gc,cpu         ] GC(1354) User=0.00s Sys=0.00s Real=0.00s
[80.537s][info][gc,start       ] GC(1355) Pause Young (Allocation Failure)
[80.538s][info][gc,heap        ] GC(1355) PSYoungGen: 171328K(171520K)->1920K(172544K) Eden: 169472K(169472K)->0K(170496K) From: 1856K(2048K)->1920K(2048K)
[80.538s][info][gc,heap        ] GC(1355) ParOldGen: 46819K(349696K)->47003K(349696K)
[80.538s][info][gc,metaspace   ] GC(1355) Metaspace: 73389K(73920K)->73389K(73920K) NonClass: 58591K(58816K)->58591K(58816K) Class: 14798K(15104K)->14798K(15104K)
[80.538s][info][gc             ] GC(1355) Pause Young (Allocation Failure) 213M->47M(510M) 1.142ms
[80.538s][info][gc,cpu         ] GC(1355) User=0.00s Sys=0.00s Real=0.00s
[80.580s][info][gc,start       ] GC(1356) Pause Young (Allocation Failure)
[80.581s][info][gc,heap        ] GC(1356) PSYoungGen: 172416K(172544K)->1888K(172544K) Eden: 170496K(170496K)->0K(170496K) From: 1920K(2048K)->1888K(2048K)
[80.581s][info][gc,heap        ] GC(1356) ParOldGen: 47003K(349696K)->47211K(349696K)
[80.581s][info][gc,metaspace   ] GC(1356) Metaspace: 73389K(73920K)->73389K(73920K) NonClass: 58591K(58816K)->58591K(58816K) Class: 14798K(15104K)->14798K(15104K)
[80.581s][info][gc             ] GC(1356) Pause Young (Allocation Failure) 214M->47M(510M) 1.148ms
[80.581s][info][gc,cpu         ] GC(1356) User=0.00s Sys=0.00s Real=0.00s
[80.623s][info][gc,start       ] GC(1357) Pause Young (Allocation Failure)
[80.624s][info][gc,heap        ] GC(1357) PSYoungGen: 172384K(172544K)->1824K(172544K) Eden: 170496K(170496K)->0K(170496K) From: 1888K(2048K)->1824K(2048K)
[80.624s][info][gc,heap        ] GC(1357) ParOldGen: 47211K(349696K)->47419K(349696K)
[80.624s][info][gc,metaspace   ] GC(1357) Metaspace: 73389K(73920K)->73389K(73920K) NonClass: 58591K(58816K)->58591K(58816K) Class: 14798K(15104K)->14798K(15104K)
[80.624s][info][gc             ] GC(1357) Pause Young (Allocation Failure) 214M->48M(510M) 1.154ms
[80.624s][info][gc,cpu         ] GC(1357) User=0.00s Sys=0.00s Real=0.00s
[80.666s][info][gc,start       ] GC(1358) Pause Young (Allocation Failure)
[80.667s][info][gc,heap        ] GC(1358) PSYoungGen: 172319K(172544K)->1760K(172544K) Eden: 170495K(170496K)->0K(170496K) From: 1824K(2048K)->1760K(2048K)
[80.667s][info][gc,heap        ] GC(1358) ParOldGen: 47419K(349696K)->47595K(349696K)
[80.667s][info][gc,metaspace   ] GC(1358) Metaspace: 73389K(73920K)->73389K(73920K) NonClass: 58591K(58816K)->58591K(58816K) Class: 14798K(15104K)->14798K(15104K)
[80.667s][info][gc             ] GC(1358) Pause Young (Allocation Failure) 214M->48M(510M) 1.145ms
[80.667s][info][gc,cpu         ] GC(1358) User=0.00s Sys=0.00s Real=0.00s
[80.709s][info][gc,start       ] GC(1359) Pause Young (Allocation Failure)
[80.710s][info][gc,heap        ] GC(1359) PSYoungGen: 172256K(172544K)->1824K(172544K) Eden: 170496K(170496K)->0K(170496K) From: 1760K(2048K)->1824K(2048K)
[80.710s][info][gc,heap        ] GC(1359) ParOldGen: 47595K(349696K)->47819K(349696K)
[80.710s][info][gc,metaspace   ] GC(1359) Metaspace: 73389K(73920K)->73389K(73920K) NonClass: 58591K(58816K)->58591K(58816K) Class: 14798K(15104K)->14798K(15104K)
[80.710s][info][gc             ] GC(1359) Pause Young (Allocation Failure) 214M->48M(510M) 1.131ms
[80.710s][info][gc,cpu         ] GC(1359) User=0.00s Sys=0.00s Real=0.00s
[80.752s][info][gc,start       ] GC(1360) Pause Young (Allocation Failure)
[80.753s][info][gc,heap        ] GC(1360) PSYoungGen: 172320K(172544K)->1888K(172544K) Eden: 170496K(170496K)->0K(170496K) From: 1824K(2048K)->1888K(2048K)
[80.753s][info][gc,heap        ] GC(1360) ParOldGen: 47819K(349696K)->47987K(349696K)
[80.753s][info][gc,metaspace   ] GC(1360) Metaspace: 73389K(73920K)->73389K(73920K) NonClass: 58591K(58816K)->58591K(58816K) Class: 14798K(15104K)->14798K(15104K)
[80.753s][info][gc             ] GC(1360) Pause Young (Allocation Failure) 214M->48M(510M) 1.140ms
[80.753s][info][gc,cpu         ] GC(1360) User=0.00s Sys=0.00s Real=0.00s
[80.795s][info][gc,start       ] GC(1361) Pause Young (Allocation Failure)
[80.796s][info][gc,heap        ] GC(1361) PSYoungGen: 172384K(172544K)->1856K(172544K) Eden: 170496K(170496K)->0K(170496K) From: 1888K(2048K)->1856K(2048K)
[80.796s][info][gc,heap        ] GC(1361) ParOldGen: 47987K(349696K)->48171K(349696K)
[80.796s][info][gc,metaspace   ] GC(1361) Metaspace: 73389K(73920K)->73389K(73920K) NonClass: 58591K(58816K)->58591K(58816K) Class: 14798K(15104K)->14798K(15104K)
[80.796s][info][gc             ] GC(1361) Pause Young (Allocation Failure) 215M->48M(510M) 1.192ms
[80.796s][info][gc,cpu         ] GC(1361) User=0.00s Sys=0.00s Real=0.00s
[80.838s][info][gc,start       ] GC(1362) Pause Young (Allocation Failure)
[80.840s][info][gc,heap        ] GC(1362) PSYoungGen: 172352K(172544K)->1824K(172544K) Eden: 170496K(170496K)->0K(170496K) From: 1856K(2048K)->1824K(2048K)
[80.840s][info][gc,heap        ] GC(1362) ParOldGen: 48171K(349696K)->48387K(349696K)
[80.840s][info][gc,metaspace   ] GC(1362) Metaspace: 73389K(73920K)->73389K(73920K) NonClass: 58591K(58816K)->58591K(58816K) Class: 14798K(15104K)->14798K(15104K)
[80.840s][info][gc             ] GC(1362) Pause Young (Allocation Failure) 215M->49M(510M) 1.123ms
[80.840s][info][gc,cpu         ] GC(1362) User=0.00s Sys=0.00s Real=0.00s
[80.882s][info][gc,start       ] GC(1363) Pause Young (Allocation Failure)
[80.883s][info][gc,heap        ] GC(1363) PSYoungGen: 172320K(172544K)->1888K(172544K) Eden: 170496K(170496K)->0K(170496K) From: 1824K(2048K)->1888K(2048K)
[80.883s][info][gc,heap        ] GC(1363) ParOldGen: 48387K(349696K)->48579K(349696K)
[80.883s][info][gc,metaspace   ] GC(1363) Metaspace: 73389K(73920K)->73389K(73920K) NonClass: 58591K(58816K)->58591K(58816K) Class: 14798K(15104K)->14798K(15104K)
[80.883s][info][gc             ] GC(1363) Pause Young (Allocation Failure) 215M->49M(510M) 1.147ms
[80.883s][info][gc,cpu         ] GC(1363) User=0.00s Sys=0.00s Real=0.00s
[80.925s][info][gc,start       ] GC(1364) Pause Young (Allocation Failure)
[80.926s][info][gc,heap        ] GC(1364) PSYoungGen: 172384K(172544K)->1856K(172544K) Eden: 170496K(170496K)->0K(170496K) From: 1888K(2048K)->1856K(2048K)
[80.926s][info][gc,heap        ] GC(1364) ParOldGen: 48579K(349696K)->48771K(349696K)
[80.926s][info][gc,metaspace   ] GC(1364) Metaspace: 73389K(73920K)->73389K(73920K) NonClass: 58591K(58816K)->58591K(58816K) Class: 14798K(15104K)->14798K(15104K)
[80.926s][info][gc             ] GC(1364) Pause Young (Allocation Failure) 215M->49M(510M) 1.161ms
[80.926s][info][gc,cpu         ] GC(1364) User=0.00s Sys=0.00s Real=0.00s
[80.968s][info][gc,start       ] GC(1365) Pause Young (Allocation Failure)
[80.969s][info][gc,heap        ] GC(1365) PSYoungGen: 172352K(172544K)->1856K(172544K) Eden: 170496K(170496K)->0K(170496K) From: 1856K(2048K)->1856K(2048K)
[80.969s][info][gc,heap        ] GC(1365) ParOldGen: 48771K(349696K)->48947K(349696K)
[80.969s][info][gc,metaspace   ] GC(1365) Metaspace: 73389K(73920K)->73389K(73920K) NonClass: 58591K(58816K)->58591K(58816K) Class: 14798K(15104K)->14798K(15104K)
[80.969s][info][gc             ] GC(1365) Pause Young (Allocation Failure) 215M->49M(510M) 1.125ms
[80.969s][info][gc,cpu         ] GC(1365) User=0.00s Sys=0.00s Real=0.00s
[81.011s][info][gc,start       ] GC(1366) Pause Young (Allocation Failure)
[81.012s][info][gc,heap        ] GC(1366) PSYoungGen: 172352K(172544K)->1856K(172544K) Eden: 170496K(170496K)->0K(170496K) From: 1856K(2048K)->1856K(2048K)
[81.012s][info][gc,heap        ] GC(1366) ParOldGen: 48947K(349696K)->49115K(349696K)
[81.012s][info][gc,metaspace   ] GC(1366) Metaspace: 73389K(73920K)->73389K(73920K) NonClass: 58591K(58816K)->58591K(58816K) Class: 14798K(15104K)->14798K(15104K)
[81.012s][info][gc             ] GC(1366) Pause Young (Allocation Failure) 216M->49M(510M) 1.143ms
[81.012s][info][gc,cpu         ] GC(1366) User=0.00s Sys=0.00s Real=0.00s
[81.054s][info][gc,start       ] GC(1367) Pause Young (Allocation Failure)
[81.055s][info][gc,heap        ] GC(1367) PSYoungGen: 172352K(172544K)->1824K(172544K) Eden: 170496K(170496K)->0K(170496K) From: 1856K(2048K)->1824K(2048K)
[81.055s][info][gc,heap        ] GC(1367) ParOldGen: 49115K(349696K)->49331K(349696K)
[81.055s][info][gc,metaspace   ] GC(1367) Metaspace: 73389K(73920K)->73389K(73920K) NonClass: 58591K(58816K)->58591K(58816K) Class: 14798K(15104K)->14798K(15104K)
[81.055s][info][gc             ] GC(1367) Pause Young (Allocation Failure) 216M->49M(510M) 1.119ms
[81.055s][info][gc,cpu         ] GC(1367) User=0.00s Sys=0.00s Real=0.00s
[81.098s][info][gc,start       ] GC(1368) Pause Young (Allocation Failure)
[81.099s][info][gc,heap        ] GC(1368) PSYoungGen: 172320K(172544K)->1920K(172544K) Eden: 170496K(170496K)->0K(170496K) From: 1824K(2048K)->1920K(2048K)
[81.099s][info][gc,heap        ] GC(1368) ParOldGen: 49331K(349696K)->49547K(349696K)
[81.099s][info][gc,metaspace   ] GC(1368) Metaspace: 73389K(73920K)->73389K(73920K) NonClass: 58591K(58816K)->58591K(58816K) Class: 14798K(15104K)->14798K(15104K)
[81.099s][info][gc             ] GC(1368) Pause Young (Allocation Failure) 216M->50M(510M) 1.135ms
[81.099s][info][gc,cpu         ] GC(1368) User=0.00s Sys=0.00s Real=0.00s
[81.141s][info][gc,start       ] GC(1369) Pause Young (Allocation Failure)
[81.142s][info][gc,heap        ] GC(1369) PSYoungGen: 172416K(172544K)->1920K(172544K) Eden: 170496K(170496K)->0K(170496K) From: 1920K(2048K)->1920K(2048K)
[81.142s][info][gc,heap        ] GC(1369) ParOldGen: 49547K(349696K)->49803K(349696K)
[81.142s][info][gc,metaspace   ] GC(1369) Metaspace: 73389K(73920K)->73389K(73920K) NonClass: 58591K(58816K)->58591K(58816K) Class: 14798K(15104K)->14798K(15104K)
[81.142s][info][gc             ] GC(1369) Pause Young (Allocation Failure) 216M->50M(510M) 1.157ms
[81.142s][info][gc,cpu         ] GC(1369) User=0.00s Sys=0.00s Real=0.00s
[81.184s][info][gc,start       ] GC(1370) Pause Young (Allocation Failure)
[81.185s][info][gc,heap        ] GC(1370) PSYoungGen: 172416K(172544K)->1824K(172544K) Eden: 170496K(170496K)->0K(170496K) From: 1920K(2048K)->1824K(2048K)
[81.185s][info][gc,heap        ] GC(1370) ParOldGen: 49803K(349696K)->49995K(349696K)
[81.185s][info][gc,metaspace   ] GC(1370) Metaspace: 73389K(73920K)->73389K(73920K) NonClass: 58591K(58816K)->58591K(58816K) Class: 14798K(15104K)->14798K(15104K)
[81.185s][info][gc             ] GC(1370) Pause Young (Allocation Failure) 217M->50M(510M) 1.164ms
[81.185s][info][gc,cpu         ] GC(1370) User=0.00s Sys=0.00s Real=0.00s
[81.227s][info][gc,start       ] GC(1371) Pause Young (Allocation Failure)
[81.228s][info][gc,heap        ] GC(1371) PSYoungGen: 172320K(172544K)->1792K(172544K) Eden: 170496K(170496K)->0K(170496K) From: 1824K(2048K)->1792K(2048K)
[81.228s][info][gc,heap        ] GC(1371) ParOldGen: 49995K(349696K)->50195K(349696K)
[81.228s][info][gc,metaspace   ] GC(1371) Metaspace: 73389K(73920K)->73389K(73920K) NonClass: 58591K(58816K)->58591K(58816K) Class: 14798K(15104K)->14798K(15104K)
[81.228s][info][gc             ] GC(1371) Pause Young (Allocation Failure) 217M->50M(510M) 1.115ms
[81.228s][info][gc,cpu         ] GC(1371) User=0.00s Sys=0.00s Real=0.00s
[81.270s][info][gc,start       ] GC(1372) Pause Young (Allocation Failure)
[81.271s][info][gc,heap        ] GC(1372) PSYoungGen: 172288K(172544K)->1856K(172544K) Eden: 170496K(170496K)->0K(170496K) From: 1792K(2048K)->1856K(2048K)
[81.271s][info][gc,heap        ] GC(1372) ParOldGen: 50195K(349696K)->50379K(349696K)
[81.271s][info][gc,metaspace   ] GC(1372) Metaspace: 73389K(73920K)->73389K(73920K) NonClass: 58591K(58816K)->58591K(58816K) Class: 14798K(15104K)->14798K(15104K)
[81.271s][info][gc             ] GC(1372) Pause Young (Allocation Failure) 217M->51M(510M) 1.156ms
[81.271s][info][gc,cpu         ] GC(1372) User=0.00s Sys=0.00s Real=0.00s
[81.313s][info][gc,start       ] GC(1373) Pause Young (Allocation Failure)
[81.314s][info][gc,heap        ] GC(1373) PSYoungGen: 172352K(172544K)->1824K(172544K) Eden: 170496K(170496K)->0K(170496K) From: 1856K(2048K)->1824K(2048K)
[81.314s][info][gc,heap        ] GC(1373) ParOldGen: 50379K(349696K)->50579K(349696K)
[81.314s][info][gc,metaspace   ] GC(1373) Metaspace: 73389K(73920K)->73389K(73920K) NonClass: 58591K(58816K)->58591K(58816K) Class: 14798K(15104K)->14798K(15104K)
[81.314s][info][gc             ] GC(1373) Pause Young (Allocation Failure) 217M->51M(510M) 1.154ms
[81.314s][info][gc,cpu         ] GC(1373) User=0.00s Sys=0.00s Real=0.00s
[81.356s][info][gc,start       ] GC(1374) Pause Young (Allocation Failure)
[81.357s][info][gc,heap        ] GC(1374) PSYoungGen: 172320K(172544K)->1760K(172544K) Eden: 170496K(170496K)->0K(170496K) From: 1824K(2048K)->1760K(2048K)
[81.357s][info][gc,heap        ] GC(1374) ParOldGen: 50579K(349696K)->50763K(349696K)
[81.357s][info][gc,metaspace   ] GC(1374) Metaspace: 73389K(73920K)->73389K(73920K) NonClass: 58591K(58816K)->58591K(58816K) Class: 14798K(15104K)->14798K(15104K)
[81.357s][info][gc             ] GC(1374) Pause Young (Allocation Failure) 217M->51M(510M) 1.170ms
[81.357s][info][gc,cpu         ] GC(1374) User=0.00s Sys=0.00s Real=0.00s
[81.399s][info][gc,start       ] GC(1375) Pause Young (Allocation Failure)
[81.400s][info][gc,heap        ] GC(1375) PSYoungGen: 172256K(172544K)->1856K(172544K) Eden: 170496K(170496K)->0K(170496K) From: 1760K(2048K)->1856K(2048K)
[81.400s][info][gc,heap        ] GC(1375) ParOldGen: 50763K(349696K)->50915K(349696K)
[81.400s][info][gc,metaspace   ] GC(1375) Metaspace: 73389K(73920K)->73389K(73920K) NonClass: 58591K(58816K)->58591K(58816K) Class: 14798K(15104K)->14798K(15104K)
[81.400s][info][gc             ] GC(1375) Pause Young (Allocation Failure) 217M->51M(510M) 1.113ms
[81.400s][info][gc,cpu         ] GC(1375) User=0.00s Sys=0.00s Real=0.00s
[81.443s][info][gc,start       ] GC(1376) Pause Young (Allocation Failure)
[81.444s][info][gc,heap        ] GC(1376) PSYoungGen: 172352K(172544K)->1792K(172544K) Eden: 170496K(170496K)->0K(170496K) From: 1856K(2048K)->1792K(2048K)
[81.444s][info][gc,heap        ] GC(1376) ParOldGen: 50915K(349696K)->51123K(349696K)
[81.444s][info][gc,metaspace   ] GC(1376) Metaspace: 73389K(73920K)->73389K(73920K) NonClass: 58591K(58816K)->58591K(58816K) Class: 14798K(15104K)->14798K(15104K)
[81.444s][info][gc             ] GC(1376) Pause Young (Allocation Failure) 218M->51M(510M) 1.128ms
[81.444s][info][gc,cpu         ] GC(1376) User=0.00s Sys=0.00s Real=0.00s
[81.486s][info][gc,start       ] GC(1377) Pause Young (Allocation Failure)
[81.487s][info][gc,heap        ] GC(1377) PSYoungGen: 172288K(172544K)->1920K(172544K) Eden: 170496K(170496K)->0K(170496K) From: 1792K(2048K)->1920K(2048K)
[81.487s][info][gc,heap        ] GC(1377) ParOldGen: 51123K(349696K)->51339K(349696K)
[81.487s][info][gc,metaspace   ] GC(1377) Metaspace: 73389K(73920K)->73389K(73920K) NonClass: 58591K(58816K)->58591K(58816K) Class: 14798K(15104K)->14798K(15104K)
[81.487s][info][gc             ] GC(1377) Pause Young (Allocation Failure) 218M->52M(510M) 1.153ms
[81.487s][info][gc,cpu         ] GC(1377) User=0.00s Sys=0.00s Real=0.00s
[81.529s][info][gc,start       ] GC(1378) Pause Young (Allocation Failure)
[81.530s][info][gc,heap        ] GC(1378) PSYoungGen: 172416K(172544K)->1920K(172544K) Eden: 170496K(170496K)->0K(170496K) From: 1920K(2048K)->1920K(2048K)
[81.530s][info][gc,heap        ] GC(1378) ParOldGen: 51339K(349696K)->51539K(349696K)
[81.530s][info][gc,metaspace   ] GC(1378) Metaspace: 73389K(73920K)->73389K(73920K) NonClass: 58591K(58816K)->58591K(58816K) Class: 14798K(15104K)->14798K(15104K)
[81.530s][info][gc             ] GC(1378) Pause Young (Allocation Failure) 218M->52M(510M) 1.112ms
[81.530s][info][gc,cpu         ] GC(1378) User=0.00s Sys=0.00s Real=0.00s
[81.572s][info][gc,start       ] GC(1379) Pause Young (Allocation Failure)
[81.573s][info][gc,heap        ] GC(1379) PSYoungGen: 172416K(172544K)->1888K(172544K) Eden: 170496K(170496K)->0K(170496K) From: 1920K(2048K)->1888K(2048K)
[81.573s][info][gc,heap        ] GC(1379) ParOldGen: 51539K(349696K)->51739K(349696K)
[81.573s][info][gc,metaspace   ] GC(1379) Metaspace: 73389K(73920K)->73389K(73920K) NonClass: 58591K(58816K)->58591K(58816K) Class: 14798K(15104K)->14798K(15104K)
[81.573s][info][gc             ] GC(1379) Pause Young (Allocation Failure) 218M->52M(510M) 1.163ms
[81.573s][info][gc,cpu         ] GC(1379) User=0.00s Sys=0.00s Real=0.00s
[81.615s][info][gc,start       ] GC(1380) Pause Young (Allocation Failure)
[81.624s][info][gc,heap        ] GC(1380) PSYoungGen: 172384K(172544K)->1856K(172544K) Eden: 170496K(170496K)->0K(170496K) From: 1888K(2048K)->1856K(2048K)
[81.624s][info][gc,heap        ] GC(1380) ParOldGen: 51739K(349696K)->51963K(349696K)
[81.624s][info][gc,metaspace   ] GC(1380) Metaspace: 73389K(73920K)->73389K(73920K) NonClass: 58591K(58816K)->58591K(58816K) Class: 14798K(15104K)->14798K(15104K)
[81.624s][info][gc             ] GC(1380) Pause Young (Allocation Failure) 218M->52M(510M) 8.790ms
[81.624s][info][gc,cpu         ] GC(1380) User=0.00s Sys=0.00s Real=0.00s
[81.668s][info][gc,start       ] GC(1381) Pause Young (Allocation Failure)
[81.669s][info][gc,heap        ] GC(1381) PSYoungGen: 172352K(172544K)->1792K(172544K) Eden: 170496K(170496K)->0K(170496K) From: 1856K(2048K)->1792K(2048K)
[81.669s][info][gc,heap        ] GC(1381) ParOldGen: 51963K(349696K)->52187K(349696K)
[81.669s][info][gc,metaspace   ] GC(1381) Metaspace: 73394K(73920K)->73394K(73920K) NonClass: 58596K(58816K)->58596K(58816K) Class: 14798K(15104K)->14798K(15104K)
[81.669s][info][gc             ] GC(1381) Pause Young (Allocation Failure) 219M->52M(510M) 1.106ms
[81.669s][info][gc,cpu         ] GC(1381) User=0.00s Sys=0.00s Real=0.00s
[81.711s][info][gc,start       ] GC(1382) Pause Young (Allocation Failure)
[81.712s][info][gc,heap        ] GC(1382) PSYoungGen: 172288K(172544K)->1888K(172544K) Eden: 170496K(170496K)->0K(170496K) From: 1792K(2048K)->1888K(2048K)
[81.712s][info][gc,heap        ] GC(1382) ParOldGen: 52187K(349696K)->52419K(349696K)
[81.712s][info][gc,metaspace   ] GC(1382) Metaspace: 73394K(73920K)->73394K(73920K) NonClass: 58596K(58816K)->58596K(58816K) Class: 14798K(15104K)->14798K(15104K)
[81.712s][info][gc             ] GC(1382) Pause Young (Allocation Failure) 219M->53M(510M) 1.166ms
[81.712s][info][gc,cpu         ] GC(1382) User=0.00s Sys=0.00s Real=0.00s
[81.754s][info][gc,start       ] GC(1383) Pause Young (Allocation Failure)
[81.755s][info][gc,heap        ] GC(1383) PSYoungGen: 172384K(172544K)->1856K(172544K) Eden: 170496K(170496K)->0K(170496K) From: 1888K(2048K)->1856K(2048K)
[81.755s][info][gc,heap        ] GC(1383) ParOldGen: 52419K(349696K)->52603K(349696K)
[81.755s][info][gc,metaspace   ] GC(1383) Metaspace: 73394K(73920K)->73394K(73920K) NonClass: 58596K(58816K)->58596K(58816K) Class: 14798K(15104K)->14798K(15104K)
[81.755s][info][gc             ] GC(1383) Pause Young (Allocation Failure) 219M->53M(510M) 1.179ms
[81.755s][info][gc,cpu         ] GC(1383) User=0.00s Sys=0.00s Real=0.00s
[81.797s][info][gc,start       ] GC(1384) Pause Young (Allocation Failure)
[81.798s][info][gc,heap        ] GC(1384) PSYoungGen: 172352K(172544K)->1856K(172544K) Eden: 170496K(170496K)->0K(170496K) From: 1856K(2048K)->1856K(2048K)
[81.798s][info][gc,heap        ] GC(1384) ParOldGen: 52603K(349696K)->52787K(349696K)
[81.798s][info][gc,metaspace   ] GC(1384) Metaspace: 73394K(73920K)->73394K(73920K) NonClass: 58596K(58816K)->58596K(58816K) Class: 14798K(15104K)->14798K(15104K)
[81.798s][info][gc             ] GC(1384) Pause Young (Allocation Failure) 219M->53M(510M) 1.099ms
[81.798s][info][gc,cpu         ] GC(1384) User=0.52s Sys=0.00s Real=0.00s
[81.840s][info][gc,start       ] GC(1385) Pause Young (Allocation Failure)
[81.841s][info][gc,heap        ] GC(1385) PSYoungGen: 172352K(172544K)->1760K(172544K) Eden: 170496K(170496K)->0K(170496K) From: 1856K(2048K)->1760K(2048K)
[81.841s][info][gc,heap        ] GC(1385) ParOldGen: 52787K(349696K)->52979K(349696K)
[81.841s][info][gc,metaspace   ] GC(1385) Metaspace: 73394K(73920K)->73394K(73920K) NonClass: 58596K(58816K)->58596K(58816K) Class: 14798K(15104K)->14798K(15104K)
[81.841s][info][gc             ] GC(1385) Pause Young (Allocation Failure) 219M->53M(510M) 1.175ms
[81.841s][info][gc,cpu         ] GC(1385) User=0.00s Sys=0.00s Real=0.00s
[81.883s][info][gc,start       ] GC(1386) Pause Young (Allocation Failure)
[81.884s][info][gc,heap        ] GC(1386) PSYoungGen: 172256K(172544K)->1824K(172544K) Eden: 170496K(170496K)->0K(170496K) From: 1760K(2048K)->1824K(2048K)
[81.884s][info][gc,heap        ] GC(1386) ParOldGen: 52979K(349696K)->53211K(349696K)
[81.884s][info][gc,metaspace   ] GC(1386) Metaspace: 73394K(73920K)->73394K(73920K) NonClass: 58596K(58816K)->58596K(58816K) Class: 14798K(15104K)->14798K(15104K)
[81.884s][info][gc             ] GC(1386) Pause Young (Allocation Failure) 219M->53M(510M) 1.189ms
[81.884s][info][gc,cpu         ] GC(1386) User=0.00s Sys=0.00s Real=0.00s
[81.926s][info][gc,start       ] GC(1387) Pause Young (Allocation Failure)
[81.927s][info][gc,heap        ] GC(1387) PSYoungGen: 172320K(172544K)->1920K(172544K) Eden: 170496K(170496K)->0K(170496K) From: 1824K(2048K)->1920K(2048K)
[81.927s][info][gc,heap        ] GC(1387) ParOldGen: 53211K(349696K)->53387K(349696K)
[81.927s][info][gc,metaspace   ] GC(1387) Metaspace: 73394K(73920K)->73394K(73920K) NonClass: 58596K(58816K)->58596K(58816K) Class: 14798K(15104K)->14798K(15104K)
[81.928s][info][gc             ] GC(1387) Pause Young (Allocation Failure) 220M->54M(510M) 1.166ms
[81.928s][info][gc,cpu         ] GC(1387) User=0.00s Sys=0.00s Real=0.00s
[81.970s][info][gc,start       ] GC(1388) Pause Young (Allocation Failure)
[81.971s][info][gc,heap        ] GC(1388) PSYoungGen: 172416K(172544K)->1792K(172544K) Eden: 170496K(170496K)->0K(170496K) From: 1920K(2048K)->1792K(2048K)
[81.971s][info][gc,heap        ] GC(1388) ParOldGen: 53387K(349696K)->53619K(349696K)
[81.971s][info][gc,metaspace   ] GC(1388) Metaspace: 73394K(73920K)->73394K(73920K) NonClass: 58596K(58816K)->58596K(58816K) Class: 14798K(15104K)->14798K(15104K)
[81.971s][info][gc             ] GC(1388) Pause Young (Allocation Failure) 220M->54M(510M) 1.138ms
[81.971s][info][gc,cpu         ] GC(1388) User=0.00s Sys=0.00s Real=0.00s
[82.013s][info][gc,start       ] GC(1389) Pause Young (Allocation Failure)
[82.014s][info][gc,heap        ] GC(1389) PSYoungGen: 172288K(172544K)->1920K(172544K) Eden: 170496K(170496K)->0K(170496K) From: 1792K(2048K)->1920K(2048K)
[82.014s][info][gc,heap        ] GC(1389) ParOldGen: 53619K(349696K)->53779K(349696K)
[82.014s][info][gc,metaspace   ] GC(1389) Metaspace: 73394K(73920K)->73394K(73920K) NonClass: 58596K(58816K)->58596K(58816K) Class: 14798K(15104K)->14798K(15104K)
[82.014s][info][gc             ] GC(1389) Pause Young (Allocation Failure) 220M->54M(510M) 1.182ms
[82.014s][info][gc,cpu         ] GC(1389) User=0.00s Sys=0.00s Real=0.00s
[82.056s][info][gc,start       ] GC(1390) Pause Young (Allocation Failure)
[82.057s][info][gc,heap        ] GC(1390) PSYoungGen: 172416K(172544K)->1824K(172544K) Eden: 170496K(170496K)->0K(170496K) From: 1920K(2048K)->1824K(2048K)
[82.057s][info][gc,heap        ] GC(1390) ParOldGen: 53779K(349696K)->53939K(349696K)
[82.057s][info][gc,metaspace   ] GC(1390) Metaspace: 73394K(73920K)->73394K(73920K) NonClass: 58596K(58816K)->58596K(58816K) Class: 14798K(15104K)->14798K(15104K)
[82.057s][info][gc             ] GC(1390) Pause Young (Allocation Failure) 220M->54M(510M) 1.117ms
[82.057s][info][gc,cpu         ] GC(1390) User=0.00s Sys=0.00s Real=0.00s
[82.099s][info][gc,start       ] GC(1391) Pause Young (Allocation Failure)
[82.100s][info][gc,heap        ] GC(1391) PSYoungGen: 172320K(172544K)->1952K(172544K) Eden: 170496K(170496K)->0K(170496K) From: 1824K(2048K)->1952K(2048K)
[82.100s][info][gc,heap        ] GC(1391) ParOldGen: 53939K(349696K)->54115K(349696K)
[82.100s][info][gc,metaspace   ] GC(1391) Metaspace: 73394K(73920K)->73394K(73920K) NonClass: 58596K(58816K)->58596K(58816K) Class: 14798K(15104K)->14798K(15104K)
[82.100s][info][gc             ] GC(1391) Pause Young (Allocation Failure) 220M->54M(510M) 1.163ms
[82.100s][info][gc,cpu         ] GC(1391) User=0.00s Sys=0.00s Real=0.00s
[82.142s][info][gc,start       ] GC(1392) Pause Young (Allocation Failure)
[82.143s][info][gc,heap        ] GC(1392) PSYoungGen: 172448K(172544K)->1856K(172544K) Eden: 170496K(170496K)->0K(170496K) From: 1952K(2048K)->1856K(2048K)
[82.143s][info][gc,heap        ] GC(1392) ParOldGen: 54115K(349696K)->54379K(349696K)
[82.143s][info][gc,metaspace   ] GC(1392) Metaspace: 73394K(73920K)->73394K(73920K) NonClass: 58596K(58816K)->58596K(58816K) Class: 14798K(15104K)->14798K(15104K)
[82.143s][info][gc             ] GC(1392) Pause Young (Allocation Failure) 221M->54M(510M) 1.135ms
[82.143s][info][gc,cpu         ] GC(1392) User=0.00s Sys=0.00s Real=0.00s
[82.185s][info][gc,start       ] GC(1393) Pause Young (Allocation Failure)
[82.186s][info][gc,heap        ] GC(1393) PSYoungGen: 172352K(172544K)->1920K(172544K) Eden: 170496K(170496K)->0K(170496K) From: 1856K(2048K)->1920K(2048K)
[82.186s][info][gc,heap        ] GC(1393) ParOldGen: 54379K(349696K)->54547K(349696K)
[82.186s][info][gc,metaspace   ] GC(1393) Metaspace: 73394K(73920K)->73394K(73920K) NonClass: 58596K(58816K)->58596K(58816K) Class: 14798K(15104K)->14798K(15104K)
[82.186s][info][gc             ] GC(1393) Pause Young (Allocation Failure) 221M->55M(510M) 1.135ms
[82.186s][info][gc,cpu         ] GC(1393) User=0.00s Sys=0.00s Real=0.00s
[82.228s][info][gc,start       ] GC(1394) Pause Young (Allocation Failure)
[82.229s][info][gc,heap        ] GC(1394) PSYoungGen: 172416K(172544K)->1792K(172544K) Eden: 170496K(170496K)->0K(170496K) From: 1920K(2048K)->1792K(2048K)
[82.229s][info][gc,heap        ] GC(1394) ParOldGen: 54547K(349696K)->54755K(349696K)
[82.229s][info][gc,metaspace   ] GC(1394) Metaspace: 73394K(73920K)->73394K(73920K) NonClass: 58596K(58816K)->58596K(58816K) Class: 14798K(15104K)->14798K(15104K)
[82.229s][info][gc             ] GC(1394) Pause Young (Allocation Failure) 221M->55M(510M) 1.095ms
[82.229s][info][gc,cpu         ] GC(1394) User=0.00s Sys=0.00s Real=0.00s
[82.271s][info][gc,start       ] GC(1395) Pause Young (Allocation Failure)
[82.272s][info][gc,heap        ] GC(1395) PSYoungGen: 172288K(172544K)->1824K(172544K) Eden: 170496K(170496K)->0K(170496K) From: 1792K(2048K)->1824K(2048K)
[82.272s][info][gc,heap        ] GC(1395) ParOldGen: 54755K(349696K)->54955K(349696K)
[82.272s][info][gc,metaspace   ] GC(1395) Metaspace: 73394K(73920K)->73394K(73920K) NonClass: 58596K(58816K)->58596K(58816K) Class: 14798K(15104K)->14798K(15104K)
[82.272s][info][gc             ] GC(1395) Pause Young (Allocation Failure) 221M->55M(510M) 1.164ms
[82.272s][info][gc,cpu         ] GC(1395) User=0.00s Sys=0.00s Real=0.00s
[82.314s][info][gc,start       ] GC(1396) Pause Young (Allocation Failure)
[82.315s][info][gc,heap        ] GC(1396) PSYoungGen: 172320K(172544K)->1856K(172544K) Eden: 170496K(170496K)->0K(170496K) From: 1824K(2048K)->1856K(2048K)
[82.315s][info][gc,heap        ] GC(1396) ParOldGen: 54955K(349696K)->55171K(349696K)
[82.315s][info][gc,metaspace   ] GC(1396) Metaspace: 73394K(73920K)->73394K(73920K) NonClass: 58596K(58816K)->58596K(58816K) Class: 14798K(15104K)->14798K(15104K)
[82.315s][info][gc             ] GC(1396) Pause Young (Allocation Failure) 221M->55M(510M) 1.158ms
[82.315s][info][gc,cpu         ] GC(1396) User=0.00s Sys=0.00s Real=0.00s
[82.357s][info][gc,start       ] GC(1397) Pause Young (Allocation Failure)
[82.358s][info][gc,heap        ] GC(1397) PSYoungGen: 172352K(172544K)->1824K(172544K) Eden: 170496K(170496K)->0K(170496K) From: 1856K(2048K)->1824K(2048K)
[82.358s][info][gc,heap        ] GC(1397) ParOldGen: 55171K(349696K)->55387K(349696K)
[82.358s][info][gc,metaspace   ] GC(1397) Metaspace: 73394K(73920K)->73394K(73920K) NonClass: 58596K(58816K)->58596K(58816K) Class: 14798K(15104K)->14798K(15104K)
[82.358s][info][gc             ] GC(1397) Pause Young (Allocation Failure) 222M->55M(510M) 1.155ms
[82.358s][info][gc,cpu         ] GC(1397) User=0.00s Sys=0.00s Real=0.00s
[82.400s][info][gc,start       ] GC(1398) Pause Young (Allocation Failure)
[82.401s][info][gc,heap        ] GC(1398) PSYoungGen: 172320K(172544K)->1824K(172544K) Eden: 170496K(170496K)->0K(170496K) From: 1824K(2048K)->1824K(2048K)
[82.401s][info][gc,heap        ] GC(1398) ParOldGen: 55387K(349696K)->55587K(349696K)
[82.401s][info][gc,metaspace   ] GC(1398) Metaspace: 73394K(73920K)->73394K(73920K) NonClass: 58596K(58816K)->58596K(58816K) Class: 14798K(15104K)->14798K(15104K)
[82.401s][info][gc             ] GC(1398) Pause Young (Allocation Failure) 222M->56M(510M) 1.192ms
[82.401s][info][gc,cpu         ] GC(1398) User=0.00s Sys=0.00s Real=0.00s
[82.443s][info][gc,start       ] GC(1399) Pause Young (Allocation Failure)
[82.444s][info][gc,heap        ] GC(1399) PSYoungGen: 172319K(172544K)->1888K(172544K) Eden: 170495K(170496K)->0K(170496K) From: 1824K(2048K)->1888K(2048K)
[82.444s][info][gc,heap        ] GC(1399) ParOldGen: 55587K(349696K)->55779K(349696K)
[82.444s][info][gc,metaspace   ] GC(1399) Metaspace: 73394K(73920K)->73394K(73920K) NonClass: 58596K(58816K)->58596K(58816K) Class: 14798K(15104K)->14798K(15104K)
[82.444s][info][gc             ] GC(1399) Pause Young (Allocation Failure) 222M->56M(510M) 1.139ms
[82.444s][info][gc,cpu         ] GC(1399) User=0.00s Sys=0.00s Real=0.00s
[82.486s][info][gc,start       ] GC(1400) Pause Young (Allocation Failure)
[82.487s][info][gc,heap        ] GC(1400) PSYoungGen: 172384K(172544K)->1728K(172544K) Eden: 170496K(170496K)->0K(170496K) From: 1888K(2048K)->1728K(2048K)
[82.487s][info][gc,heap        ] GC(1400) ParOldGen: 55779K(349696K)->55963K(349696K)
[82.487s][info][gc,metaspace   ] GC(1400) Metaspace: 73394K(73920K)->73394K(73920K) NonClass: 58596K(58816K)->58596K(58816K) Class: 14798K(15104K)->14798K(15104K)
[82.487s][info][gc             ] GC(1400) Pause Young (Allocation Failure) 222M->56M(510M) 1.122ms
[82.487s][info][gc,cpu         ] GC(1400) User=0.00s Sys=0.00s Real=0.00s
[82.529s][info][gc,start       ] GC(1401) Pause Young (Allocation Failure)
[82.530s][info][gc,heap        ] GC(1401) PSYoungGen: 172224K(172544K)->1824K(172544K) Eden: 170496K(170496K)->0K(170496K) From: 1728K(2048K)->1824K(2048K)
[82.530s][info][gc,heap        ] GC(1401) ParOldGen: 55963K(349696K)->56131K(349696K)
[82.530s][info][gc,metaspace   ] GC(1401) Metaspace: 73394K(73920K)->73394K(73920K) NonClass: 58596K(58816K)->58596K(58816K) Class: 14798K(15104K)->14798K(15104K)
[82.530s][info][gc             ] GC(1401) Pause Young (Allocation Failure) 222M->56M(510M) 1.086ms
[82.530s][info][gc,cpu         ] GC(1401) User=0.00s Sys=0.00s Real=0.00s
[82.572s][info][gc,start       ] GC(1402) Pause Young (Allocation Failure)
[82.573s][info][gc,heap        ] GC(1402) PSYoungGen: 172320K(172544K)->1920K(172544K) Eden: 170496K(170496K)->0K(170496K) From: 1824K(2048K)->1920K(2048K)
[82.573s][info][gc,heap        ] GC(1402) ParOldGen: 56131K(349696K)->56323K(349696K)
[82.573s][info][gc,metaspace   ] GC(1402) Metaspace: 73394K(73920K)->73394K(73920K) NonClass: 58596K(58816K)->58596K(58816K) Class: 14798K(15104K)->14798K(15104K)
[82.573s][info][gc             ] GC(1402) Pause Young (Allocation Failure) 223M->56M(510M) 1.151ms
[82.573s][info][gc,cpu         ] GC(1402) User=0.00s Sys=0.00s Real=0.00s
[82.615s][info][gc,start       ] GC(1403) Pause Young (Allocation Failure)
[82.616s][info][gc,heap        ] GC(1403) PSYoungGen: 172416K(172544K)->1792K(172544K) Eden: 170496K(170496K)->0K(170496K) From: 1920K(2048K)->1792K(2048K)
[82.616s][info][gc,heap        ] GC(1403) ParOldGen: 56323K(349696K)->56547K(349696K)
[82.616s][info][gc,metaspace   ] GC(1403) Metaspace: 73394K(73920K)->73394K(73920K) NonClass: 58596K(58816K)->58596K(58816K) Class: 14798K(15104K)->14798K(15104K)
[82.616s][info][gc             ] GC(1403) Pause Young (Allocation Failure) 223M->56M(510M) 1.159ms
[82.616s][info][gc,cpu         ] GC(1403) User=0.00s Sys=0.00s Real=0.00s
[82.658s][info][gc,start       ] GC(1404) Pause Young (Allocation Failure)
[82.659s][info][gc,heap        ] GC(1404) PSYoungGen: 172288K(172544K)->1952K(172544K) Eden: 170496K(170496K)->0K(170496K) From: 1792K(2048K)->1952K(2048K)
[82.659s][info][gc,heap        ] GC(1404) ParOldGen: 56547K(349696K)->56723K(349696K)
[82.659s][info][gc,metaspace   ] GC(1404) Metaspace: 73394K(73920K)->73394K(73920K) NonClass: 58596K(58816K)->58596K(58816K) Class: 14798K(15104K)->14798K(15104K)
[82.659s][info][gc             ] GC(1404) Pause Young (Allocation Failure) 223M->57M(510M) 1.137ms
[82.659s][info][gc,cpu         ] GC(1404) User=0.00s Sys=0.00s Real=0.00s
[82.701s][info][gc,start       ] GC(1405) Pause Young (Allocation Failure)
[82.702s][info][gc,heap        ] GC(1405) PSYoungGen: 172448K(172544K)->1856K(172544K) Eden: 170496K(170496K)->0K(170496K) From: 1952K(2048K)->1856K(2048K)
[82.702s][info][gc,heap        ] GC(1405) ParOldGen: 56723K(349696K)->56915K(349696K)
[82.702s][info][gc,metaspace   ] GC(1405) Metaspace: 73394K(73920K)->73394K(73920K) NonClass: 58596K(58816K)->58596K(58816K) Class: 14798K(15104K)->14798K(15104K)
[82.702s][info][gc             ] GC(1405) Pause Young (Allocation Failure) 223M->57M(510M) 1.151ms
[82.702s][info][gc,cpu         ] GC(1405) User=0.00s Sys=0.00s Real=0.00s
[82.744s][info][gc,start       ] GC(1406) Pause Young (Allocation Failure)
[82.745s][info][gc,heap        ] GC(1406) PSYoungGen: 172352K(172544K)->1920K(172544K) Eden: 170496K(170496K)->0K(170496K) From: 1856K(2048K)->1920K(2048K)
[82.745s][info][gc,heap        ] GC(1406) ParOldGen: 56915K(349696K)->57131K(349696K)
[82.745s][info][gc,metaspace   ] GC(1406) Metaspace: 73394K(73920K)->73394K(73920K) NonClass: 58596K(58816K)->58596K(58816K) Class: 14798K(15104K)->14798K(15104K)
[82.745s][info][gc             ] GC(1406) Pause Young (Allocation Failure) 223M->57M(510M) 1.142ms
[82.745s][info][gc,cpu         ] GC(1406) User=0.00s Sys=0.00s Real=0.00s
[82.787s][info][gc,start       ] GC(1407) Pause Young (Allocation Failure)
[82.788s][info][gc,heap        ] GC(1407) PSYoungGen: 172416K(172544K)->1760K(172544K) Eden: 170496K(170496K)->0K(170496K) From: 1920K(2048K)->1760K(2048K)
[82.788s][info][gc,heap        ] GC(1407) ParOldGen: 57131K(349696K)->57347K(349696K)
[82.788s][info][gc,metaspace   ] GC(1407) Metaspace: 73394K(73920K)->73394K(73920K) NonClass: 58596K(58816K)->58596K(58816K) Class: 14798K(15104K)->14798K(15104K)
[82.788s][info][gc             ] GC(1407) Pause Young (Allocation Failure) 224M->57M(510M) 1.133ms
[82.788s][info][gc,cpu         ] GC(1407) User=0.00s Sys=0.00s Real=0.00s
[82.830s][info][gc,start       ] GC(1408) Pause Young (Allocation Failure)
[82.831s][info][gc,heap        ] GC(1408) PSYoungGen: 172256K(172544K)->1856K(172544K) Eden: 170496K(170496K)->0K(170496K) From: 1760K(2048K)->1856K(2048K)
[82.831s][info][gc,heap        ] GC(1408) ParOldGen: 57347K(349696K)->57579K(349696K)
[82.831s][info][gc,metaspace   ] GC(1408) Metaspace: 73394K(73920K)->73394K(73920K) NonClass: 58596K(58816K)->58596K(58816K) Class: 14798K(15104K)->14798K(15104K)
[82.831s][info][gc             ] GC(1408) Pause Young (Allocation Failure) 224M->58M(510M) 1.111ms
[82.831s][info][gc,cpu         ] GC(1408) User=0.00s Sys=0.00s Real=0.00s
[82.873s][info][gc,start       ] GC(1409) Pause Young (Allocation Failure)
[82.874s][info][gc,heap        ] GC(1409) PSYoungGen: 172352K(172544K)->1888K(172544K) Eden: 170496K(170496K)->0K(170496K) From: 1856K(2048K)->1888K(2048K)
[82.874s][info][gc,heap        ] GC(1409) ParOldGen: 57579K(349696K)->57739K(349696K)
[82.874s][info][gc,metaspace   ] GC(1409) Metaspace: 73394K(73920K)->73394K(73920K) NonClass: 58596K(58816K)->58596K(58816K) Class: 14798K(15104K)->14798K(15104K)
[82.874s][info][gc             ] GC(1409) Pause Young (Allocation Failure) 224M->58M(510M) 1.154ms
[82.874s][info][gc,cpu         ] GC(1409) User=0.00s Sys=0.00s Real=0.00s
[82.916s][info][gc,start       ] GC(1410) Pause Young (Allocation Failure)
[82.917s][info][gc,heap        ] GC(1410) PSYoungGen: 172384K(172544K)->1856K(172544K) Eden: 170496K(170496K)->0K(170496K) From: 1888K(2048K)->1856K(2048K)
[82.917s][info][gc,heap        ] GC(1410) ParOldGen: 57739K(349696K)->57939K(349696K)
[82.917s][info][gc,metaspace   ] GC(1410) Metaspace: 73394K(73920K)->73394K(73920K) NonClass: 58596K(58816K)->58596K(58816K) Class: 14798K(15104K)->14798K(15104K)
[82.917s][info][gc             ] GC(1410) Pause Young (Allocation Failure) 224M->58M(510M) 1.129ms
[82.917s][info][gc,cpu         ] GC(1410) User=0.00s Sys=0.00s Real=0.00s
[82.960s][info][gc,start       ] GC(1411) Pause Young (Allocation Failure)
[82.961s][info][gc,heap        ] GC(1411) PSYoungGen: 172352K(172544K)->1824K(172544K) Eden: 170496K(170496K)->0K(170496K) From: 1856K(2048K)->1824K(2048K)
[82.961s][info][gc,heap        ] GC(1411) ParOldGen: 57939K(349696K)->58131K(349696K)
[82.961s][info][gc,metaspace   ] GC(1411) Metaspace: 73394K(73920K)->73394K(73920K) NonClass: 58596K(58816K)->58596K(58816K) Class: 14798K(15104K)->14798K(15104K)
[82.961s][info][gc             ] GC(1411) Pause Young (Allocation Failure) 224M->58M(510M) 1.105ms
[82.961s][info][gc,cpu         ] GC(1411) User=0.00s Sys=0.00s Real=0.00s
[83.002s][info][gc,start       ] GC(1412) Pause Young (Allocation Failure)
[83.004s][info][gc,heap        ] GC(1412) PSYoungGen: 172320K(172544K)->1824K(172544K) Eden: 170496K(170496K)->0K(170496K) From: 1824K(2048K)->1824K(2048K)
[83.004s][info][gc,heap        ] GC(1412) ParOldGen: 58131K(349696K)->58283K(349696K)
[83.004s][info][gc,metaspace   ] GC(1412) Metaspace: 73394K(73920K)->73394K(73920K) NonClass: 58596K(58816K)->58596K(58816K) Class: 14798K(15104K)->14798K(15104K)
[83.004s][info][gc             ] GC(1412) Pause Young (Allocation Failure) 225M->58M(510M) 1.149ms
[83.004s][info][gc,cpu         ] GC(1412) User=0.00s Sys=0.00s Real=0.00s
[83.045s][info][gc,start       ] GC(1413) Pause Young (Allocation Failure)
[83.046s][info][gc,heap        ] GC(1413) PSYoungGen: 172320K(172544K)->1856K(172544K) Eden: 170496K(170496K)->0K(170496K) From: 1824K(2048K)->1856K(2048K)
[83.046s][info][gc,heap        ] GC(1413) ParOldGen: 58283K(349696K)->58427K(349696K)
[83.047s][info][gc,metaspace   ] GC(1413) Metaspace: 73394K(73920K)->73394K(73920K) NonClass: 58596K(58816K)->58596K(58816K) Class: 14798K(15104K)->14798K(15104K)
[83.047s][info][gc             ] GC(1413) Pause Young (Allocation Failure) 225M->58M(510M) 1.120ms
[83.047s][info][gc,cpu         ] GC(1413) User=0.00s Sys=0.00s Real=0.00s
[83.089s][info][gc,start       ] GC(1414) Pause Young (Allocation Failure)
[83.090s][info][gc,heap        ] GC(1414) PSYoungGen: 172352K(172544K)->1824K(172544K) Eden: 170496K(170496K)->0K(170496K) From: 1856K(2048K)->1824K(2048K)
[83.090s][info][gc,heap        ] GC(1414) ParOldGen: 58427K(349696K)->58587K(349696K)
[83.090s][info][gc,metaspace   ] GC(1414) Metaspace: 73394K(73920K)->73394K(73920K) NonClass: 58596K(58816K)->58596K(58816K) Class: 14798K(15104K)->14798K(15104K)
[83.090s][info][gc             ] GC(1414) Pause Young (Allocation Failure) 225M->58M(510M) 1.156ms
[83.090s][info][gc,cpu         ] GC(1414) User=0.00s Sys=0.00s Real=0.00s
[83.132s][info][gc,start       ] GC(1415) Pause Young (Allocation Failure)
[83.133s][info][gc,heap        ] GC(1415) PSYoungGen: 172320K(172544K)->1792K(172544K) Eden: 170496K(170496K)->0K(170496K) From: 1824K(2048K)->1792K(2048K)
[83.133s][info][gc,heap        ] GC(1415) ParOldGen: 58587K(349696K)->58843K(349696K)
[83.133s][info][gc,metaspace   ] GC(1415) Metaspace: 73394K(73920K)->73394K(73920K) NonClass: 58596K(58816K)->58596K(58816K) Class: 14798K(15104K)->14798K(15104K)
[83.133s][info][gc             ] GC(1415) Pause Young (Allocation Failure) 225M->59M(510M) 1.160ms
[83.133s][info][gc,cpu         ] GC(1415) User=0.00s Sys=0.00s Real=0.00s
[83.175s][info][gc,start       ] GC(1416) Pause Young (Allocation Failure)
[83.176s][info][gc,heap        ] GC(1416) PSYoungGen: 172288K(172544K)->1824K(172544K) Eden: 170496K(170496K)->0K(170496K) From: 1792K(2048K)->1824K(2048K)
[83.176s][info][gc,heap        ] GC(1416) ParOldGen: 58843K(349696K)->59011K(349696K)
[83.176s][info][gc,metaspace   ] GC(1416) Metaspace: 73394K(73920K)->73394K(73920K) NonClass: 58596K(58816K)->58596K(58816K) Class: 14798K(15104K)->14798K(15104K)
[83.176s][info][gc             ] GC(1416) Pause Young (Allocation Failure) 225M->59M(510M) 1.171ms
[83.176s][info][gc,cpu         ] GC(1416) User=0.00s Sys=0.00s Real=0.00s
[83.218s][info][gc,start       ] GC(1417) Pause Young (Allocation Failure)
[83.219s][info][gc,heap        ] GC(1417) PSYoungGen: 172320K(172544K)->1824K(172544K) Eden: 170496K(170496K)->0K(170496K) From: 1824K(2048K)->1824K(2048K)
[83.219s][info][gc,heap        ] GC(1417) ParOldGen: 59011K(349696K)->59163K(349696K)
[83.219s][info][gc,metaspace   ] GC(1417) Metaspace: 73394K(73920K)->73394K(73920K) NonClass: 58596K(58816K)->58596K(58816K) Class: 14798K(15104K)->14798K(15104K)
[83.219s][info][gc             ] GC(1417) Pause Young (Allocation Failure) 225M->59M(510M) 1.189ms
[83.219s][info][gc,cpu         ] GC(1417) User=0.17s Sys=0.02s Real=0.00s
[83.261s][info][gc,start       ] GC(1418) Pause Young (Allocation Failure)
[83.262s][info][gc,heap        ] GC(1418) PSYoungGen: 172319K(172544K)->1888K(172544K) Eden: 170495K(170496K)->0K(170496K) From: 1824K(2048K)->1888K(2048K)
[83.262s][info][gc,heap        ] GC(1418) ParOldGen: 59163K(349696K)->59323K(349696K)
[83.262s][info][gc,metaspace   ] GC(1418) Metaspace: 73394K(73920K)->73394K(73920K) NonClass: 58596K(58816K)->58596K(58816K) Class: 14798K(15104K)->14798K(15104K)
[83.262s][info][gc             ] GC(1418) Pause Young (Allocation Failure) 226M->59M(510M) 1.149ms
[83.262s][info][gc,cpu         ] GC(1418) User=0.00s Sys=0.00s Real=0.00s
[83.304s][info][gc,start       ] GC(1419) Pause Young (Allocation Failure)
[83.306s][info][gc,heap        ] GC(1419) PSYoungGen: 172384K(172544K)->1888K(172544K) Eden: 170496K(170496K)->0K(170496K) From: 1888K(2048K)->1888K(2048K)
[83.306s][info][gc,heap        ] GC(1419) ParOldGen: 59323K(349696K)->59403K(349696K)
[83.306s][info][gc,metaspace   ] GC(1419) Metaspace: 73394K(73920K)->73394K(73920K) NonClass: 58596K(58816K)->58596K(58816K) Class: 14798K(15104K)->14798K(15104K)
[83.306s][info][gc             ] GC(1419) Pause Young (Allocation Failure) 226M->59M(510M) 1.210ms
[83.306s][info][gc,cpu         ] GC(1419) User=0.00s Sys=0.00s Real=0.00s
[83.348s][info][gc,start       ] GC(1420) Pause Young (Allocation Failure)
[83.349s][info][gc,heap        ] GC(1420) PSYoungGen: 172384K(172544K)->1856K(172544K) Eden: 170496K(170496K)->0K(170496K) From: 1888K(2048K)->1856K(2048K)
[83.349s][info][gc,heap        ] GC(1420) ParOldGen: 59403K(349696K)->59579K(349696K)
[83.349s][info][gc,metaspace   ] GC(1420) Metaspace: 73394K(73920K)->73394K(73920K) NonClass: 58596K(58816K)->58596K(58816K) Class: 14798K(15104K)->14798K(15104K)
[83.349s][info][gc             ] GC(1420) Pause Young (Allocation Failure) 226M->59M(510M) 1.162ms
[83.349s][info][gc,cpu         ] GC(1420) User=0.00s Sys=0.00s Real=0.00s
[83.391s][info][gc,start       ] GC(1421) Pause Young (Allocation Failure)
[83.392s][info][gc,heap        ] GC(1421) PSYoungGen: 172352K(172544K)->1856K(172544K) Eden: 170496K(170496K)->0K(170496K) From: 1856K(2048K)->1856K(2048K)
[83.392s][info][gc,heap        ] GC(1421) ParOldGen: 59579K(349696K)->59731K(349696K)
[83.392s][info][gc,metaspace   ] GC(1421) Metaspace: 73394K(73920K)->73394K(73920K) NonClass: 58596K(58816K)->58596K(58816K) Class: 14798K(15104K)->14798K(15104K)
[83.392s][info][gc             ] GC(1421) Pause Young (Allocation Failure) 226M->60M(510M) 1.109ms
[83.392s][info][gc,cpu         ] GC(1421) User=0.00s Sys=0.00s Real=0.00s
[83.434s][info][gc,start       ] GC(1422) Pause Young (Allocation Failure)
[83.436s][info][gc,heap        ] GC(1422) PSYoungGen: 172352K(172544K)->1792K(172544K) Eden: 170496K(170496K)->0K(170496K) From: 1856K(2048K)->1792K(2048K)
[83.436s][info][gc,heap        ] GC(1422) ParOldGen: 59731K(349696K)->59843K(349696K)
[83.436s][info][gc,metaspace   ] GC(1422) Metaspace: 73394K(73920K)->73394K(73920K) NonClass: 58596K(58816K)->58596K(58816K) Class: 14798K(15104K)->14798K(15104K)
[83.436s][info][gc             ] GC(1422) Pause Young (Allocation Failure) 226M->60M(510M) 1.162ms
[83.436s][info][gc,cpu         ] GC(1422) User=0.00s Sys=0.00s Real=0.00s
[83.478s][info][gc,start       ] GC(1423) Pause Young (Allocation Failure)
[83.479s][info][gc,heap        ] GC(1423) PSYoungGen: 172288K(172544K)->1856K(172544K) Eden: 170496K(170496K)->0K(170496K) From: 1792K(2048K)->1856K(2048K)
[83.479s][info][gc,heap        ] GC(1423) ParOldGen: 59843K(349696K)->59971K(349696K)
[83.479s][info][gc,metaspace   ] GC(1423) Metaspace: 73394K(73920K)->73394K(73920K) NonClass: 58596K(58816K)->58596K(58816K) Class: 14798K(15104K)->14798K(15104K)
[83.479s][info][gc             ] GC(1423) Pause Young (Allocation Failure) 226M->60M(510M) 1.146ms
[83.479s][info][gc,cpu         ] GC(1423) User=0.00s Sys=0.00s Real=0.00s
[83.522s][info][gc,start       ] GC(1424) Pause Young (Allocation Failure)
[83.523s][info][gc,heap        ] GC(1424) PSYoungGen: 172352K(172544K)->1792K(172544K) Eden: 170496K(170496K)->0K(170496K) From: 1856K(2048K)->1792K(2048K)
[83.523s][info][gc,heap        ] GC(1424) ParOldGen: 59971K(349696K)->60123K(349696K)
[83.523s][info][gc,metaspace   ] GC(1424) Metaspace: 73394K(73920K)->73394K(73920K) NonClass: 58596K(58816K)->58596K(58816K) Class: 14798K(15104K)->14798K(15104K)
[83.523s][info][gc             ] GC(1424) Pause Young (Allocation Failure) 226M->60M(510M) 1.214ms
[83.523s][info][gc,cpu         ] GC(1424) User=0.00s Sys=0.00s Real=0.00s
[83.565s][info][gc,start       ] GC(1425) Pause Young (Allocation Failure)
[83.567s][info][gc,heap        ] GC(1425) PSYoungGen: 172288K(172544K)->1728K(172544K) Eden: 170496K(170496K)->0K(170496K) From: 1792K(2048K)->1728K(2048K)
[83.567s][info][gc,heap        ] GC(1425) ParOldGen: 60123K(349696K)->60275K(349696K)
[83.567s][info][gc,metaspace   ] GC(1425) Metaspace: 73394K(73920K)->73394K(73920K) NonClass: 58596K(58816K)->58596K(58816K) Class: 14798K(15104K)->14798K(15104K)
[83.567s][info][gc             ] GC(1425) Pause Young (Allocation Failure) 226M->60M(510M) 1.143ms
[83.567s][info][gc,cpu         ] GC(1425) User=0.00s Sys=0.00s Real=0.00s
[83.610s][info][gc,start       ] GC(1426) Pause Young (Allocation Failure)
[83.611s][info][gc,heap        ] GC(1426) PSYoungGen: 172224K(172544K)->1728K(172544K) Eden: 170496K(170496K)->0K(170496K) From: 1728K(2048K)->1728K(2048K)
[83.611s][info][gc,heap        ] GC(1426) ParOldGen: 60275K(349696K)->60563K(349696K)
[83.611s][info][gc,metaspace   ] GC(1426) Metaspace: 73394K(73920K)->73394K(73920K) NonClass: 58596K(58816K)->58596K(58816K) Class: 14798K(15104K)->14798K(15104K)
[83.611s][info][gc             ] GC(1426) Pause Young (Allocation Failure) 227M->60M(510M) 1.123ms
[83.611s][info][gc,cpu         ] GC(1426) User=0.00s Sys=0.00s Real=0.00s
[83.654s][info][gc,start       ] GC(1427) Pause Young (Allocation Failure)
[83.655s][info][gc,heap        ] GC(1427) PSYoungGen: 172224K(172544K)->1696K(172544K) Eden: 170496K(170496K)->0K(170496K) From: 1728K(2048K)->1696K(2048K)
[83.655s][info][gc,heap        ] GC(1427) ParOldGen: 60563K(349696K)->60819K(349696K)
[83.655s][info][gc,metaspace   ] GC(1427) Metaspace: 73394K(73920K)->73394K(73920K) NonClass: 58596K(58816K)->58596K(58816K) Class: 14798K(15104K)->14798K(15104K)
[83.655s][info][gc             ] GC(1427) Pause Young (Allocation Failure) 227M->61M(510M) 1.107ms
[83.655s][info][gc,cpu         ] GC(1427) User=0.00s Sys=0.00s Real=0.00s
[83.698s][info][gc,start       ] GC(1428) Pause Young (Allocation Failure)
[83.699s][info][gc,heap        ] GC(1428) PSYoungGen: 172192K(172544K)->1696K(172544K) Eden: 170496K(170496K)->0K(170496K) From: 1696K(2048K)->1696K(2048K)
[83.699s][info][gc,heap        ] GC(1428) ParOldGen: 60819K(349696K)->60987K(349696K)
[83.699s][info][gc,metaspace   ] GC(1428) Metaspace: 73395K(73920K)->73395K(73920K) NonClass: 58597K(58816K)->58597K(58816K) Class: 14798K(15104K)->14798K(15104K)
[83.699s][info][gc             ] GC(1428) Pause Young (Allocation Failure) 227M->61M(510M) 1.162ms
[83.699s][info][gc,cpu         ] GC(1428) User=0.00s Sys=0.00s Real=0.00s
[83.743s][info][gc,start       ] GC(1429) Pause Young (Allocation Failure)
[83.744s][info][gc,heap        ] GC(1429) PSYoungGen: 172192K(172544K)->1664K(172544K) Eden: 170496K(170496K)->0K(170496K) From: 1696K(2048K)->1664K(2048K)
[83.744s][info][gc,heap        ] GC(1429) ParOldGen: 60987K(349696K)->61291K(349696K)
[83.744s][info][gc,metaspace   ] GC(1429) Metaspace: 73395K(73920K)->73395K(73920K) NonClass: 58597K(58816K)->58597K(58816K) Class: 14798K(15104K)->14798K(15104K)
[83.744s][info][gc             ] GC(1429) Pause Young (Allocation Failure) 227M->61M(510M) 1.066ms
[83.745s][info][gc,cpu         ] GC(1429) User=0.00s Sys=0.00s Real=0.00s
[83.788s][info][gc,start       ] GC(1430) Pause Young (Allocation Failure)
[83.789s][info][gc,heap        ] GC(1430) PSYoungGen: 172160K(172544K)->1600K(172544K) Eden: 170496K(170496K)->0K(170496K) From: 1664K(2048K)->1600K(2048K)
[83.789s][info][gc,heap        ] GC(1430) ParOldGen: 61291K(349696K)->61467K(349696K)
[83.789s][info][gc,metaspace   ] GC(1430) Metaspace: 73395K(73920K)->73395K(73920K) NonClass: 58597K(58816K)->58597K(58816K) Class: 14798K(15104K)->14798K(15104K)
[83.789s][info][gc             ] GC(1430) Pause Young (Allocation Failure) 227M->61M(510M) 1.080ms
[83.789s][info][gc,cpu         ] GC(1430) User=0.00s Sys=0.00s Real=0.00s
[83.834s][info][gc,start       ] GC(1431) Pause Young (Allocation Failure)
[83.835s][info][gc,heap        ] GC(1431) PSYoungGen: 172096K(172544K)->1600K(172544K) Eden: 170496K(170496K)->0K(170496K) From: 1600K(2048K)->1600K(2048K)
[83.835s][info][gc,heap        ] GC(1431) ParOldGen: 61467K(349696K)->61611K(349696K)
[83.835s][info][gc,metaspace   ] GC(1431) Metaspace: 73395K(73920K)->73395K(73920K) NonClass: 58597K(58816K)->58597K(58816K) Class: 14798K(15104K)->14798K(15104K)
[83.835s][info][gc             ] GC(1431) Pause Young (Allocation Failure) 228M->61M(510M) 1.084ms
[83.835s][info][gc,cpu         ] GC(1431) User=0.00s Sys=0.00s Real=0.00s
[83.883s][info][gc,start       ] GC(1432) Pause Young (Allocation Failure)
[83.884s][info][gc,heap        ] GC(1432) PSYoungGen: 172096K(172544K)->1568K(172544K) Eden: 170496K(170496K)->0K(170496K) From: 1600K(2048K)->1568K(2048K)
[83.884s][info][gc,heap        ] GC(1432) ParOldGen: 61611K(349696K)->61787K(349696K)
[83.884s][info][gc,metaspace   ] GC(1432) Metaspace: 73395K(73920K)->73395K(73920K) NonClass: 58597K(58816K)->58597K(58816K) Class: 14798K(15104K)->14798K(15104K)
[83.884s][info][gc             ] GC(1432) Pause Young (Allocation Failure) 228M->61M(510M) 1.091ms
[83.884s][info][gc,cpu         ] GC(1432) User=0.00s Sys=0.00s Real=0.00s
[83.934s][info][gc,start       ] GC(1433) Pause Young (Allocation Failure)
[83.935s][info][gc,heap        ] GC(1433) PSYoungGen: 172064K(172544K)->1312K(172544K) Eden: 170496K(170496K)->0K(170496K) From: 1568K(2048K)->1312K(2048K)
[83.935s][info][gc,heap        ] GC(1433) ParOldGen: 61787K(349696K)->62091K(349696K)
[83.935s][info][gc,metaspace   ] GC(1433) Metaspace: 73395K(73920K)->73395K(73920K) NonClass: 58597K(58816K)->58597K(58816K) Class: 14798K(15104K)->14798K(15104K)
[83.935s][info][gc             ] GC(1433) Pause Young (Allocation Failure) 228M->61M(510M) 1.066ms
[83.935s][info][gc,cpu         ] GC(1433) User=0.00s Sys=0.00s Real=0.00s
[83.986s][info][gc,start       ] GC(1434) Pause Young (Allocation Failure)
[83.987s][info][gc,heap        ] GC(1434) PSYoungGen: 171808K(172544K)->1216K(172032K) Eden: 170496K(170496K)->0K(170496K) From: 1312K(2048K)->1216K(1536K)
[83.987s][info][gc,heap        ] GC(1434) ParOldGen: 62091K(349696K)->62267K(349696K)
[83.987s][info][gc,metaspace   ] GC(1434) Metaspace: 73395K(73920K)->73395K(73920K) NonClass: 58597K(58816K)->58597K(58816K) Class: 14798K(15104K)->14798K(15104K)
[83.987s][info][gc             ] GC(1434) Pause Young (Allocation Failure) 228M->61M(509M) 1.041ms
[83.987s][info][gc,cpu         ] GC(1434) User=0.00s Sys=0.00s Real=0.00s
[84.041s][info][gc,start       ] GC(1435) Pause Young (Allocation Failure)
[84.042s][info][gc,heap        ] GC(1435) PSYoungGen: 171712K(172032K)->1152K(172032K) Eden: 170496K(170496K)->0K(169472K) From: 1216K(1536K)->1152K(2560K)
[84.042s][info][gc,heap        ] GC(1435) ParOldGen: 62267K(349696K)->62459K(349696K)
[84.042s][info][gc,metaspace   ] GC(1435) Metaspace: 73395K(73920K)->73395K(73920K) NonClass: 58597K(58816K)->58597K(58816K) Class: 14798K(15104K)->14798K(15104K)
[84.042s][info][gc             ] GC(1435) Pause Young (Allocation Failure) 228M->62M(509M) 0.975ms
[84.042s][info][gc,cpu         ] GC(1435) User=0.00s Sys=0.00s Real=0.00s
[84.100s][info][gc,start       ] GC(1436) Pause Young (Allocation Failure)
[84.101s][info][gc,heap        ] GC(1436) PSYoungGen: 170624K(172032K)->1184K(172032K) Eden: 169472K(169472K)->0K(169472K) From: 1152K(2560K)->1184K(2560K)
[84.101s][info][gc,heap        ] GC(1436) ParOldGen: 62459K(349696K)->62603K(349696K)
[84.101s][info][gc,metaspace   ] GC(1436) Metaspace: 73395K(73920K)->73395K(73920K) NonClass: 58597K(58816K)->58597K(58816K) Class: 14798K(15104K)->14798K(15104K)
[84.101s][info][gc             ] GC(1436) Pause Young (Allocation Failure) 227M->62M(509M) 0.982ms
[84.101s][info][gc,cpu         ] GC(1436) User=0.00s Sys=0.00s Real=0.00s
[84.164s][info][gc,start       ] GC(1437) Pause Young (Allocation Failure)
[84.165s][info][gc,heap        ] GC(1437) PSYoungGen: 170656K(172032K)->1184K(172032K) Eden: 169472K(169472K)->0K(169472K) From: 1184K(2560K)->1184K(2560K)
[84.165s][info][gc,heap        ] GC(1437) ParOldGen: 62603K(349696K)->62875K(349696K)
[84.165s][info][gc,metaspace   ] GC(1437) Metaspace: 73395K(73920K)->73395K(73920K) NonClass: 58597K(58816K)->58597K(58816K) Class: 14798K(15104K)->14798K(15104K)
[84.165s][info][gc             ] GC(1437) Pause Young (Allocation Failure) 227M->62M(509M) 0.983ms
[84.165s][info][gc,cpu         ] GC(1437) User=0.00s Sys=0.00s Real=0.00s
[84.230s][info][gc,start       ] GC(1438) Pause Young (Allocation Failure)
[84.230s][info][gc,heap        ] GC(1438) PSYoungGen: 170656K(172032K)->1120K(172032K) Eden: 169472K(169472K)->0K(169472K) From: 1184K(2560K)->1120K(2560K)
[84.230s][info][gc,heap        ] GC(1438) ParOldGen: 62875K(349696K)->63083K(349696K)
[84.230s][info][gc,metaspace   ] GC(1438) Metaspace: 73395K(73920K)->73395K(73920K) NonClass: 58597K(58816K)->58597K(58816K) Class: 14798K(15104K)->14798K(15104K)
[84.230s][info][gc             ] GC(1438) Pause Young (Allocation Failure) 228M->62M(509M) 0.949ms
[84.231s][info][gc,cpu         ] GC(1438) User=0.00s Sys=0.00s Real=0.00s
[84.298s][info][gc,start       ] GC(1439) Pause Young (Allocation Failure)
[84.299s][info][gc,heap        ] GC(1439) PSYoungGen: 170592K(172032K)->1120K(172032K) Eden: 169472K(169472K)->0K(169472K) From: 1120K(2560K)->1120K(2560K)
[84.299s][info][gc,heap        ] GC(1439) ParOldGen: 63083K(349696K)->63155K(349696K)
[84.299s][info][gc,metaspace   ] GC(1439) Metaspace: 73395K(73920K)->73395K(73920K) NonClass: 58597K(58816K)->58597K(58816K) Class: 14798K(15104K)->14798K(15104K)
[84.299s][info][gc             ] GC(1439) Pause Young (Allocation Failure) 228M->62M(509M) 0.846ms
[84.299s][info][gc,cpu         ] GC(1439) User=0.00s Sys=0.00s Real=0.00s
[84.385s][info][gc,start       ] GC(1440) Pause Young (Allocation Failure)
[84.385s][info][gc,heap        ] GC(1440) PSYoungGen: 170592K(172032K)->896K(172032K) Eden: 169472K(169472K)->0K(169472K) From: 1120K(2560K)->896K(2560K)
[84.385s][info][gc,heap        ] GC(1440) ParOldGen: 63155K(349696K)->63371K(349696K)
[84.385s][info][gc,metaspace   ] GC(1440) Metaspace: 73395K(73920K)->73395K(73920K) NonClass: 58597K(58816K)->58597K(58816K) Class: 14798K(15104K)->14798K(15104K)
[84.385s][info][gc             ] GC(1440) Pause Young (Allocation Failure) 228M->62M(509M) 0.786ms
[84.385s][info][gc,cpu         ] GC(1440) User=0.41s Sys=0.00s Real=0.02s
[84.483s][info][gc,start       ] GC(1441) Pause Young (Allocation Failure)
[84.484s][info][gc,heap        ] GC(1441) PSYoungGen: 170368K(172032K)->768K(172032K) Eden: 169472K(169472K)->0K(169472K) From: 896K(2560K)->768K(2560K)
[84.484s][info][gc,heap        ] GC(1441) ParOldGen: 63371K(349696K)->63635K(349696K)
[84.484s][info][gc,metaspace   ] GC(1441) Metaspace: 73395K(73920K)->73395K(73920K) NonClass: 58597K(58816K)->58597K(58816K) Class: 14798K(15104K)->14798K(15104K)
[84.484s][info][gc             ] GC(1441) Pause Young (Allocation Failure) 228M->62M(509M) 0.653ms
[84.484s][info][gc,cpu         ] GC(1441) User=0.00s Sys=0.00s Real=0.00s
[84.582s][info][gc,start       ] GC(1442) Pause Young (Allocation Failure)
[84.583s][info][gc,heap        ] GC(1442) PSYoungGen: 170240K(172032K)->672K(165888K) Eden: 169472K(169472K)->0K(164864K) From: 768K(2560K)->672K(1024K)
[84.583s][info][gc,heap        ] GC(1442) ParOldGen: 63635K(349696K)->63707K(349696K)
[84.583s][info][gc,metaspace   ] GC(1442) Metaspace: 73395K(73920K)->73395K(73920K) NonClass: 58597K(58816K)->58597K(58816K) Class: 14798K(15104K)->14798K(15104K)
[84.583s][info][gc             ] GC(1442) Pause Young (Allocation Failure) 228M->62M(503M) 0.842ms
[84.583s][info][gc,cpu         ] GC(1442) User=0.00s Sys=0.00s Real=0.00s
[84.685s][info][gc,start       ] GC(1443) Pause Young (Allocation Failure)
[84.686s][info][gc,heap        ] GC(1443) PSYoungGen: 165536K(165888K)->608K(161792K) Eden: 164864K(164864K)->0K(160768K) From: 672K(1024K)->608K(1024K)
[84.686s][info][gc,heap        ] GC(1443) ParOldGen: 63707K(349696K)->63747K(349696K)
[84.686s][info][gc,metaspace   ] GC(1443) Metaspace: 73395K(73920K)->73395K(73920K) NonClass: 58597K(58816K)->58597K(58816K) Class: 14798K(15104K)->14798K(15104K)
[84.686s][info][gc             ] GC(1443) Pause Young (Allocation Failure) 223M->62M(499M) 0.791ms
[84.686s][info][gc,cpu         ] GC(1443) User=0.00s Sys=0.00s Real=0.00s
[84.785s][info][gc,start       ] GC(1444) Pause Young (Allocation Failure)
[84.786s][info][gc,heap        ] GC(1444) PSYoungGen: 161376K(161792K)->608K(157696K) Eden: 160768K(160768K)->0K(156672K) From: 608K(1024K)->608K(1024K)
[84.786s][info][gc,heap        ] GC(1444) ParOldGen: 63747K(349696K)->63859K(349696K)
[84.786s][info][gc,metaspace   ] GC(1444) Metaspace: 73395K(73920K)->73395K(73920K) NonClass: 58597K(58816K)->58597K(58816K) Class: 14798K(15104K)->14798K(15104K)
[84.786s][info][gc             ] GC(1444) Pause Young (Allocation Failure) 219M->62M(495M) 0.733ms
[84.786s][info][gc,cpu         ] GC(1444) User=0.00s Sys=0.00s Real=0.00s
[84.883s][info][gc,start       ] GC(1445) Pause Young (Allocation Failure)
[84.883s][info][gc,heap        ] GC(1445) PSYoungGen: 157280K(157696K)->576K(153600K) Eden: 156672K(156672K)->0K(152576K) From: 608K(1024K)->576K(1024K)
[84.883s][info][gc,heap        ] GC(1445) ParOldGen: 63859K(349696K)->63867K(349696K)
[84.883s][info][gc,metaspace   ] GC(1445) Metaspace: 73395K(73920K)->73395K(73920K) NonClass: 58597K(58816K)->58597K(58816K) Class: 14798K(15104K)->14798K(15104K)
[84.883s][info][gc             ] GC(1445) Pause Young (Allocation Failure) 215M->62M(491M) 0.862ms
[84.883s][info][gc,cpu         ] GC(1445) User=0.00s Sys=0.00s Real=0.00s
[84.978s][info][gc,start       ] GC(1446) Pause Young (Allocation Failure)
[84.978s][info][gc,heap        ] GC(1446) PSYoungGen: 153152K(153600K)->608K(149504K) Eden: 152576K(152576K)->0K(148480K) From: 576K(1024K)->608K(1024K)
[84.978s][info][gc,heap        ] GC(1446) ParOldGen: 63867K(349696K)->63923K(349696K)
[84.978s][info][gc,metaspace   ] GC(1446) Metaspace: 73395K(73920K)->73395K(73920K) NonClass: 58597K(58816K)->58597K(58816K) Class: 14798K(15104K)->14798K(15104K)
[84.978s][info][gc             ] GC(1446) Pause Young (Allocation Failure) 211M->63M(487M) 0.694ms
[84.978s][info][gc,cpu         ] GC(1446) User=0.00s Sys=0.00s Real=0.00s
[85.071s][info][gc,start       ] GC(1447) Pause Young (Allocation Failure)
[85.072s][info][gc,heap        ] GC(1447) PSYoungGen: 149088K(149504K)->608K(145920K) Eden: 148480K(148480K)->0K(144896K) From: 608K(1024K)->608K(1024K)
[85.072s][info][gc,heap        ] GC(1447) ParOldGen: 63923K(349696K)->63931K(349696K)
[85.072s][info][gc,metaspace   ] GC(1447) Metaspace: 73395K(73920K)->73395K(73920K) NonClass: 58597K(58816K)->58597K(58816K) Class: 14798K(15104K)->14798K(15104K)
[85.072s][info][gc             ] GC(1447) Pause Young (Allocation Failure) 208M->63M(484M) 0.810ms
[85.072s][info][gc,cpu         ] GC(1447) User=0.00s Sys=0.00s Real=0.00s
[85.162s][info][gc,start       ] GC(1448) Pause Young (Allocation Failure)
[85.163s][info][gc,heap        ] GC(1448) PSYoungGen: 145504K(145920K)->608K(142336K) Eden: 144896K(144896K)->0K(141312K) From: 608K(1024K)->608K(1024K)
[85.163s][info][gc,heap        ] GC(1448) ParOldGen: 63931K(349696K)->64003K(349696K)
[85.163s][info][gc,metaspace   ] GC(1448) Metaspace: 73395K(73920K)->73395K(73920K) NonClass: 58597K(58816K)->58597K(58816K) Class: 14798K(15104K)->14798K(15104K)
[85.163s][info][gc             ] GC(1448) Pause Young (Allocation Failure) 204M->63M(480M) 0.644ms
[85.163s][info][gc,cpu         ] GC(1448) User=0.00s Sys=0.00s Real=0.00s
[85.250s][info][gc,start       ] GC(1449) Pause Young (Allocation Failure)
[85.251s][info][gc,heap        ] GC(1449) PSYoungGen: 141920K(142336K)->608K(138752K) Eden: 141312K(141312K)->0K(137728K) From: 608K(1024K)->608K(1024K)
[85.251s][info][gc,heap        ] GC(1449) ParOldGen: 64003K(349696K)->64075K(349696K)
[85.251s][info][gc,metaspace   ] GC(1449) Metaspace: 73395K(73920K)->73395K(73920K) NonClass: 58597K(58816K)->58597K(58816K) Class: 14798K(15104K)->14798K(15104K)
[85.251s][info][gc             ] GC(1449) Pause Young (Allocation Failure) 201M->63M(477M) 0.789ms
[85.251s][info][gc,cpu         ] GC(1449) User=0.00s Sys=0.00s Real=0.00s
[85.337s][info][gc,start       ] GC(1450) Pause Young (Allocation Failure)
[85.337s][info][gc,heap        ] GC(1450) PSYoungGen: 138336K(138752K)->576K(135680K) Eden: 137728K(137728K)->0K(134656K) From: 608K(1024K)->576K(1024K)
[85.337s][info][gc,heap        ] GC(1450) ParOldGen: 64075K(349696K)->64075K(349696K)
[85.337s][info][gc,metaspace   ] GC(1450) Metaspace: 73395K(73920K)->73395K(73920K) NonClass: 58597K(58816K)->58597K(58816K) Class: 14798K(15104K)->14798K(15104K)
[85.337s][info][gc             ] GC(1450) Pause Young (Allocation Failure) 197M->63M(474M) 0.689ms
[85.337s][info][gc,cpu         ] GC(1450) User=0.00s Sys=0.00s Real=0.00s
[85.421s][info][gc,start       ] GC(1451) Pause Young (Allocation Failure)
[85.422s][info][gc,heap        ] GC(1451) PSYoungGen: 135232K(135680K)->608K(132608K) Eden: 134656K(134656K)->0K(131584K) From: 576K(1024K)->608K(1024K)
[85.422s][info][gc,heap        ] GC(1451) ParOldGen: 64075K(349696K)->64123K(349696K)
[85.422s][info][gc,metaspace   ] GC(1451) Metaspace: 73395K(73920K)->73395K(73920K) NonClass: 58597K(58816K)->58597K(58816K) Class: 14798K(15104K)->14798K(15104K)
[85.422s][info][gc             ] GC(1451) Pause Young (Allocation Failure) 194M->63M(471M) 0.751ms
[85.422s][info][gc,cpu         ] GC(1451) User=0.00s Sys=0.00s Real=0.00s
[85.504s][info][gc,start       ] GC(1452) Pause Young (Allocation Failure)
[85.504s][info][gc,heap        ] GC(1452) PSYoungGen: 132192K(132608K)->608K(129536K) Eden: 131584K(131584K)->0K(128512K) From: 608K(1024K)->608K(1024K)
[85.504s][info][gc,heap        ] GC(1452) ParOldGen: 64123K(349696K)->64171K(349696K)
[85.504s][info][gc,metaspace   ] GC(1452) Metaspace: 73395K(73920K)->73395K(73920K) NonClass: 58597K(58816K)->58597K(58816K) Class: 14798K(15104K)->14798K(15104K)
[85.504s][info][gc             ] GC(1452) Pause Young (Allocation Failure) 191M->63M(468M) 0.693ms
[85.504s][info][gc,cpu         ] GC(1452) User=0.00s Sys=0.00s Real=0.00s
[85.584s][info][gc,start       ] GC(1453) Pause Young (Allocation Failure)
[85.584s][info][gc,heap        ] GC(1453) PSYoungGen: 129120K(129536K)->576K(126464K) Eden: 128512K(128512K)->0K(125440K) From: 608K(1024K)->576K(1024K)
[85.584s][info][gc,heap        ] GC(1453) ParOldGen: 64171K(349696K)->64171K(349696K)
[85.584s][info][gc,metaspace   ] GC(1453) Metaspace: 73395K(73920K)->73395K(73920K) NonClass: 58597K(58816K)->58597K(58816K) Class: 14798K(15104K)->14798K(15104K)
[85.584s][info][gc             ] GC(1453) Pause Young (Allocation Failure) 188M->63M(465M) 0.762ms
[85.584s][info][gc,cpu         ] GC(1453) User=0.00s Sys=0.00s Real=0.00s
[85.664s][info][gc,start       ] GC(1454) Pause Young (Allocation Failure)
[85.664s][info][gc,heap        ] GC(1454) PSYoungGen: 126016K(126464K)->512K(123392K) Eden: 125440K(125440K)->0K(122880K) From: 576K(1024K)->512K(512K)
[85.664s][info][gc,heap        ] GC(1454) ParOldGen: 64171K(349696K)->64235K(349696K)
[85.664s][info][gc,metaspace   ] GC(1454) Metaspace: 73395K(73920K)->73395K(73920K) NonClass: 58597K(58816K)->58597K(58816K) Class: 14798K(15104K)->14798K(15104K)
[85.664s][info][gc             ] GC(1454) Pause Young (Allocation Failure) 185M->63M(462M) 0.688ms
[85.664s][info][gc,cpu         ] GC(1454) User=0.00s Sys=0.00s Real=0.00s
[85.719s][info][gc,start       ] GC(1455) Pause Young (System.gc())
[85.721s][info][gc,heap        ] GC(1455) PSYoungGen: 32849K(123392K)->1152K(124416K) Eden: 32337K(122880K)->0K(122880K) From: 512K(512K)->1152K(1536K)
[85.721s][info][gc,heap        ] GC(1455) ParOldGen: 64235K(349696K)->64443K(349696K)
[85.721s][info][gc,metaspace   ] GC(1455) Metaspace: 73431K(73984K)->73431K(73984K) NonClass: 58633K(58880K)->58633K(58880K) Class: 14798K(15104K)->14798K(15104K)
[85.721s][info][gc             ] GC(1455) Pause Young (System.gc()) 94M->64M(463M) 1.647ms
[85.721s][info][gc,cpu         ] GC(1455) User=0.52s Sys=0.00s Real=0.00s
[85.721s][info][gc,start       ] GC(1456) Pause Full (System.gc())
[85.721s][info][gc,phases,start] GC(1456) Marking Phase
[85.761s][info][gc,phases      ] GC(1456) Marking Phase 39.514ms
[85.761s][info][gc,phases,start] GC(1456) Summary Phase
[85.761s][info][gc,phases      ] GC(1456) Summary Phase 0.014ms
[85.761s][info][gc,phases,start] GC(1456) Adjust Roots
[85.775s][info][gc,phases      ] GC(1456) Adjust Roots 14.388ms
[85.775s][info][gc,phases,start] GC(1456) Compaction Phase
[85.783s][info][gc,phases      ] GC(1456) Compaction Phase 8.149ms
[85.783s][info][gc,phases,start] GC(1456) Post Compact
[85.784s][info][gc,phases      ] GC(1456) Post Compact 0.654ms
[85.784s][info][gc,heap        ] GC(1456) PSYoungGen: 1152K(124416K)->0K(124416K) Eden: 0K(122880K)->0K(122880K) From: 1152K(1536K)->0K(1536K)
[85.784s][info][gc,heap        ] GC(1456) ParOldGen: 64443K(349696K)->35784K(349696K)
[85.784s][info][gc,metaspace   ] GC(1456) Metaspace: 73431K(73984K)->73431K(73984K) NonClass: 58633K(58880K)->58633K(58880K) Class: 14798K(15104K)->14798K(15104K)
[85.784s][info][gc             ] GC(1456) Pause Full (System.gc()) 64M->34M(463M) 63.144ms
[85.784s][info][gc,cpu         ] GC(1456) User=0.61s Sys=0.00s Real=0.06s
[85.844s][info][gc,start       ] GC(1457) Pause Young (Allocation Failure)
[85.846s][info][gc,heap        ] GC(1457) PSYoungGen: 122880K(124416K)->2048K(122368K) Eden: 122880K(122880K)->0K(120320K) From: 0K(1536K)->2048K(2048K)
[85.846s][info][gc,heap        ] GC(1457) ParOldGen: 35784K(349696K)->37232K(349696K)
[85.846s][info][gc,metaspace   ] GC(1457) Metaspace: 73628K(74112K)->73628K(74112K) NonClass: 58830K(59008K)->58830K(59008K) Class: 14798K(15104K)->14798K(15104K)
[85.846s][info][gc             ] GC(1457) Pause Young (Allocation Failure) 154M->38M(461M) 1.885ms
[85.846s][info][gc,cpu         ] GC(1457) User=0.00s Sys=0.00s Real=0.00s
[85.876s][info][gc,start       ] GC(1458) Pause Young (Allocation Failure)
[85.878s][info][gc,heap        ] GC(1458) PSYoungGen: 122368K(122368K)->1024K(145408K) Eden: 120320K(120320K)->0K(144384K) From: 2048K(2048K)->1024K(1024K)
[85.878s][info][gc,heap        ] GC(1458) ParOldGen: 37232K(349696K)->38968K(349696K)
[85.878s][info][gc,metaspace   ] GC(1458) Metaspace: 73628K(74112K)->73628K(74112K) NonClass: 58830K(59008K)->58830K(59008K) Class: 14798K(15104K)->14798K(15104K)
[85.878s][info][gc             ] GC(1458) Pause Young (Allocation Failure) 155M->39M(483M) 1.484ms
[85.878s][info][gc,cpu         ] GC(1458) User=0.00s Sys=0.00s Real=0.00s
[85.914s][info][gc,start       ] GC(1459) Pause Young (Allocation Failure)
[85.915s][info][gc,heap        ] GC(1459) PSYoungGen: 145408K(145408K)->1824K(156672K) Eden: 144384K(144384K)->0K(153088K) From: 1024K(1024K)->1824K(3584K)
[85.915s][info][gc,heap        ] GC(1459) ParOldGen: 38968K(349696K)->39224K(349696K)
[85.915s][info][gc,metaspace   ] GC(1459) Metaspace: 73628K(74112K)->73628K(74112K) NonClass: 58830K(59008K)->58830K(59008K) Class: 14798K(15104K)->14798K(15104K)
[85.915s][info][gc             ] GC(1459) Pause Young (Allocation Failure) 180M->40M(494M) 1.167ms
[85.915s][info][gc,cpu         ] GC(1459) User=0.00s Sys=0.00s Real=0.00s
[85.953s][info][gc,start       ] GC(1460) Pause Young (Allocation Failure)
[85.955s][info][gc,heap        ] GC(1460) PSYoungGen: 154912K(156672K)->1792K(171008K) Eden: 153088K(153088K)->0K(167424K) From: 1824K(3584K)->1792K(3584K)
[85.955s][info][gc,heap        ] GC(1460) ParOldGen: 39224K(349696K)->39448K(349696K)
[85.955s][info][gc,metaspace   ] GC(1460) Metaspace: 73628K(74112K)->73628K(74112K) NonClass: 58830K(59008K)->58830K(59008K) Class: 14798K(15104K)->14798K(15104K)
[85.955s][info][gc             ] GC(1460) Pause Young (Allocation Failure) 189M->40M(508M) 1.401ms
[85.955s][info][gc,cpu         ] GC(1460) User=0.00s Sys=0.00s Real=0.00s
[85.998s][info][gc,start       ] GC(1461) Pause Young (Allocation Failure)
[85.999s][info][gc,heap        ] GC(1461) PSYoungGen: 169216K(171008K)->1920K(171008K) Eden: 167424K(167424K)->0K(167424K) From: 1792K(3584K)->1920K(3584K)
[85.999s][info][gc,heap        ] GC(1461) ParOldGen: 39448K(349696K)->39664K(349696K)
[85.999s][info][gc,metaspace   ] GC(1461) Metaspace: 73628K(74112K)->73628K(74112K) NonClass: 58830K(59008K)->58830K(59008K) Class: 14798K(15104K)->14798K(15104K)
[85.999s][info][gc             ] GC(1461) Pause Young (Allocation Failure) 203M->40M(508M) 1.432ms
[86.000s][info][gc,cpu         ] GC(1461) User=0.00s Sys=0.00s Real=0.00s
[86.041s][info][gc,start       ] GC(1462) Pause Young (Allocation Failure)
[86.042s][info][gc,heap        ] GC(1462) PSYoungGen: 169344K(171008K)->1824K(171008K) Eden: 167424K(167424K)->0K(167424K) From: 1920K(3584K)->1824K(3584K)
[86.042s][info][gc,heap        ] GC(1462) ParOldGen: 39664K(349696K)->39840K(349696K)
[86.042s][info][gc,metaspace   ] GC(1462) Metaspace: 73628K(74112K)->73628K(74112K) NonClass: 58830K(59008K)->58830K(59008K) Class: 14798K(15104K)->14798K(15104K)
[86.042s][info][gc             ] GC(1462) Pause Young (Allocation Failure) 204M->40M(508M) 1.154ms
[86.042s][info][gc,cpu         ] GC(1462) User=0.00s Sys=0.00s Real=0.00s
[86.084s][info][gc,start       ] GC(1463) Pause Young (Allocation Failure)
[86.085s][info][gc,heap        ] GC(1463) PSYoungGen: 169248K(171008K)->1888K(171008K) Eden: 167424K(167424K)->0K(167424K) From: 1824K(3584K)->1888K(3584K)
[86.085s][info][gc,heap        ] GC(1463) ParOldGen: 39840K(349696K)->40024K(349696K)
[86.085s][info][gc,metaspace   ] GC(1463) Metaspace: 73628K(74112K)->73628K(74112K) NonClass: 58830K(59008K)->58830K(59008K) Class: 14798K(15104K)->14798K(15104K)
[86.085s][info][gc             ] GC(1463) Pause Young (Allocation Failure) 204M->40M(508M) 1.174ms
[86.085s][info][gc,cpu         ] GC(1463) User=0.00s Sys=0.00s Real=0.00s
[86.126s][info][gc,start       ] GC(1464) Pause Young (Allocation Failure)
[86.127s][info][gc,heap        ] GC(1464) PSYoungGen: 169312K(171008K)->1856K(171008K) Eden: 167424K(167424K)->0K(167424K) From: 1888K(3584K)->1856K(3584K)
[86.127s][info][gc,heap        ] GC(1464) ParOldGen: 40024K(349696K)->40280K(349696K)
[86.127s][info][gc,metaspace   ] GC(1464) Metaspace: 73628K(74112K)->73628K(74112K) NonClass: 58830K(59008K)->58830K(59008K) Class: 14798K(15104K)->14798K(15104K)
[86.127s][info][gc             ] GC(1464) Pause Young (Allocation Failure) 204M->41M(508M) 1.133ms
[86.127s][info][gc,cpu         ] GC(1464) User=0.00s Sys=0.00s Real=0.00s
[86.168s][info][gc,start       ] GC(1465) Pause Young (Allocation Failure)
[86.169s][info][gc,heap        ] GC(1465) PSYoungGen: 169280K(171008K)->1824K(169472K) Eden: 167424K(167424K)->0K(167424K) From: 1856K(3584K)->1824K(2048K)
[86.169s][info][gc,heap        ] GC(1465) ParOldGen: 40280K(349696K)->40448K(349696K)
[86.169s][info][gc,metaspace   ] GC(1465) Metaspace: 73628K(74112K)->73628K(74112K) NonClass: 58830K(59008K)->58830K(59008K) Class: 14798K(15104K)->14798K(15104K)
[86.169s][info][gc             ] GC(1465) Pause Young (Allocation Failure) 204M->41M(507M) 1.179ms
[86.169s][info][gc,cpu         ] GC(1465) User=0.00s Sys=0.00s Real=0.00s
[86.211s][info][gc,start       ] GC(1466) Pause Young (Allocation Failure)
[86.212s][info][gc,heap        ] GC(1466) PSYoungGen: 169248K(169472K)->1888K(170496K) Eden: 167424K(167424K)->0K(167424K) From: 1824K(2048K)->1888K(3072K)
[86.212s][info][gc,heap        ] GC(1466) ParOldGen: 40448K(349696K)->40616K(349696K)
[86.212s][info][gc,metaspace   ] GC(1466) Metaspace: 73628K(74112K)->73628K(74112K) NonClass: 58830K(59008K)->58830K(59008K) Class: 14798K(15104K)->14798K(15104K)
[86.212s][info][gc             ] GC(1466) Pause Young (Allocation Failure) 204M->41M(508M) 1.154ms
[86.212s][info][gc,cpu         ] GC(1466) User=0.00s Sys=0.00s Real=0.00s
[86.253s][info][gc,start       ] GC(1467) Pause Young (Allocation Failure)
[86.254s][info][gc,heap        ] GC(1467) PSYoungGen: 169312K(170496K)->1856K(170496K) Eden: 167424K(167424K)->0K(167424K) From: 1888K(3072K)->1856K(3072K)
[86.254s][info][gc,heap        ] GC(1467) ParOldGen: 40616K(349696K)->40784K(349696K)
[86.254s][info][gc,metaspace   ] GC(1467) Metaspace: 73628K(74112K)->73628K(74112K) NonClass: 58830K(59008K)->58830K(59008K) Class: 14798K(15104K)->14798K(15104K)
[86.254s][info][gc             ] GC(1467) Pause Young (Allocation Failure) 205M->41M(508M) 1.121ms
[86.254s][info][gc,cpu         ] GC(1467) User=0.00s Sys=0.00s Real=0.00s
[86.295s][info][gc,start       ] GC(1468) Pause Young (Allocation Failure)
[86.296s][info][gc,heap        ] GC(1468) PSYoungGen: 169280K(170496K)->1888K(171520K) Eden: 167424K(167424K)->0K(168448K) From: 1856K(3072K)->1888K(3072K)
[86.296s][info][gc,heap        ] GC(1468) ParOldGen: 40784K(349696K)->40960K(349696K)
[86.296s][info][gc,metaspace   ] GC(1468) Metaspace: 73628K(74112K)->73628K(74112K) NonClass: 58830K(59008K)->58830K(59008K) Class: 14798K(15104K)->14798K(15104K)
[86.296s][info][gc             ] GC(1468) Pause Young (Allocation Failure) 205M->41M(509M) 1.122ms
[86.296s][info][gc,cpu         ] GC(1468) User=0.00s Sys=0.00s Real=0.00s
[86.338s][info][gc,start       ] GC(1469) Pause Young (Allocation Failure)
[86.339s][info][gc,heap        ] GC(1469) PSYoungGen: 170336K(171520K)->1792K(171520K) Eden: 168448K(168448K)->0K(168448K) From: 1888K(3072K)->1792K(3072K)
[86.339s][info][gc,heap        ] GC(1469) ParOldGen: 40960K(349696K)->41096K(349696K)
[86.339s][info][gc,metaspace   ] GC(1469) Metaspace: 73628K(74112K)->73628K(74112K) NonClass: 58830K(59008K)->58830K(59008K) Class: 14798K(15104K)->14798K(15104K)
[86.339s][info][gc             ] GC(1469) Pause Young (Allocation Failure) 206M->41M(509M) 1.291ms
[86.339s][info][gc,cpu         ] GC(1469) User=0.00s Sys=0.00s Real=0.00s
[86.381s][info][gc,start       ] GC(1470) Pause Young (Allocation Failure)
[86.382s][info][gc,heap        ] GC(1470) PSYoungGen: 170240K(171520K)->1824K(171520K) Eden: 168448K(168448K)->0K(168448K) From: 1792K(3072K)->1824K(3072K)
[86.382s][info][gc,heap        ] GC(1470) ParOldGen: 41096K(349696K)->41224K(349696K)
[86.382s][info][gc,metaspace   ] GC(1470) Metaspace: 73628K(74112K)->73628K(74112K) NonClass: 58830K(59008K)->58830K(59008K) Class: 14798K(15104K)->14798K(15104K)
[86.382s][info][gc             ] GC(1470) Pause Young (Allocation Failure) 206M->42M(509M) 1.129ms
[86.382s][info][gc,cpu         ] GC(1470) User=0.00s Sys=0.00s Real=0.00s
[86.423s][info][gc,start       ] GC(1471) Pause Young (Allocation Failure)
[86.424s][info][gc,heap        ] GC(1471) PSYoungGen: 170272K(171520K)->1824K(171520K) Eden: 168448K(168448K)->0K(168448K) From: 1824K(3072K)->1824K(3072K)
[86.424s][info][gc,heap        ] GC(1471) ParOldGen: 41224K(349696K)->41376K(349696K)
[86.424s][info][gc,metaspace   ] GC(1471) Metaspace: 73628K(74112K)->73628K(74112K) NonClass: 58830K(59008K)->58830K(59008K) Class: 14798K(15104K)->14798K(15104K)
[86.424s][info][gc             ] GC(1471) Pause Young (Allocation Failure) 206M->42M(509M) 1.168ms
[86.424s][info][gc,cpu         ] GC(1471) User=0.00s Sys=0.00s Real=0.00s
[86.466s][info][gc,start       ] GC(1472) Pause Young (Allocation Failure)
[86.467s][info][gc,heap        ] GC(1472) PSYoungGen: 170272K(171520K)->1856K(171520K) Eden: 168448K(168448K)->0K(168448K) From: 1824K(3072K)->1856K(3072K)
[86.467s][info][gc,heap        ] GC(1472) ParOldGen: 41376K(349696K)->41512K(349696K)
[86.467s][info][gc,metaspace   ] GC(1472) Metaspace: 73628K(74112K)->73628K(74112K) NonClass: 58830K(59008K)->58830K(59008K) Class: 14798K(15104K)->14798K(15104K)
[86.467s][info][gc             ] GC(1472) Pause Young (Allocation Failure) 206M->42M(509M) 1.122ms
[86.467s][info][gc,cpu         ] GC(1472) User=0.00s Sys=0.00s Real=0.00s
[86.508s][info][gc,start       ] GC(1473) Pause Young (Allocation Failure)
[86.509s][info][gc,heap        ] GC(1473) PSYoungGen: 170304K(171520K)->1856K(171520K) Eden: 168448K(168448K)->0K(168448K) From: 1856K(3072K)->1856K(3072K)
[86.509s][info][gc,heap        ] GC(1473) ParOldGen: 41512K(349696K)->41664K(349696K)
[86.509s][info][gc,metaspace   ] GC(1473) Metaspace: 73628K(74112K)->73628K(74112K) NonClass: 58830K(59008K)->58830K(59008K) Class: 14798K(15104K)->14798K(15104K)
[86.509s][info][gc             ] GC(1473) Pause Young (Allocation Failure) 206M->42M(509M) 1.148ms
[86.509s][info][gc,cpu         ] GC(1473) User=0.00s Sys=0.00s Real=0.00s
[86.551s][info][gc,start       ] GC(1474) Pause Young (Allocation Failure)
[86.552s][info][gc,heap        ] GC(1474) PSYoungGen: 170304K(171520K)->1824K(171520K) Eden: 168448K(168448K)->0K(168448K) From: 1856K(3072K)->1824K(3072K)
[86.552s][info][gc,heap        ] GC(1474) ParOldGen: 41664K(349696K)->41840K(349696K)
[86.552s][info][gc,metaspace   ] GC(1474) Metaspace: 73628K(74112K)->73628K(74112K) NonClass: 58830K(59008K)->58830K(59008K) Class: 14798K(15104K)->14798K(15104K)
[86.552s][info][gc             ] GC(1474) Pause Young (Allocation Failure) 207M->42M(509M) 1.142ms
[86.552s][info][gc,cpu         ] GC(1474) User=0.00s Sys=0.00s Real=0.00s
[86.593s][info][gc,start       ] GC(1475) Pause Young (Allocation Failure)
[86.594s][info][gc,heap        ] GC(1475) PSYoungGen: 170272K(171520K)->1856K(171520K) Eden: 168448K(168448K)->0K(168448K) From: 1824K(3072K)->1856K(3072K)
[86.594s][info][gc,heap        ] GC(1475) ParOldGen: 41840K(349696K)->41992K(349696K)
[86.594s][info][gc,metaspace   ] GC(1475) Metaspace: 73628K(74112K)->73628K(74112K) NonClass: 58830K(59008K)->58830K(59008K) Class: 14798K(15104K)->14798K(15104K)
[86.594s][info][gc             ] GC(1475) Pause Young (Allocation Failure) 207M->42M(509M) 1.106ms
[86.594s][info][gc,cpu         ] GC(1475) User=0.00s Sys=0.00s Real=0.00s
[86.636s][info][gc,start       ] GC(1476) Pause Young (Allocation Failure)
[86.637s][info][gc,heap        ] GC(1476) PSYoungGen: 170304K(171520K)->1888K(170496K) Eden: 168448K(168448K)->0K(168448K) From: 1856K(3072K)->1888K(2048K)
[86.637s][info][gc,heap        ] GC(1476) ParOldGen: 41992K(349696K)->42160K(349696K)
[86.637s][info][gc,metaspace   ] GC(1476) Metaspace: 73628K(74112K)->73628K(74112K) NonClass: 58830K(59008K)->58830K(59008K) Class: 14798K(15104K)->14798K(15104K)
[86.637s][info][gc             ] GC(1476) Pause Young (Allocation Failure) 207M->43M(508M) 1.192ms
[86.637s][info][gc,cpu         ] GC(1476) User=0.00s Sys=0.00s Real=0.00s
[86.679s][info][gc,start       ] GC(1477) Pause Young (Allocation Failure)
[86.680s][info][gc,heap        ] GC(1477) PSYoungGen: 170336K(170496K)->1760K(171008K) Eden: 168448K(168448K)->0K(168448K) From: 1888K(2048K)->1760K(2560K)
[86.680s][info][gc,heap        ] GC(1477) ParOldGen: 42160K(349696K)->42336K(349696K)
[86.680s][info][gc,metaspace   ] GC(1477) Metaspace: 73628K(74112K)->73628K(74112K) NonClass: 58830K(59008K)->58830K(59008K) Class: 14798K(15104K)->14798K(15104K)
[86.680s][info][gc             ] GC(1477) Pause Young (Allocation Failure) 207M->43M(508M) 1.133ms
[86.680s][info][gc,cpu         ] GC(1477) User=0.00s Sys=0.00s Real=0.00s
[86.721s][info][gc,start       ] GC(1478) Pause Young (Allocation Failure)
[86.722s][info][gc,heap        ] GC(1478) PSYoungGen: 170208K(171008K)->1920K(172032K) Eden: 168448K(168448K)->0K(169472K) From: 1760K(2560K)->1920K(2560K)
[86.722s][info][gc,heap        ] GC(1478) ParOldGen: 42336K(349696K)->42520K(349696K)
[86.722s][info][gc,metaspace   ] GC(1478) Metaspace: 73628K(74112K)->73628K(74112K) NonClass: 58830K(59008K)->58830K(59008K) Class: 14798K(15104K)->14798K(15104K)
[86.722s][info][gc             ] GC(1478) Pause Young (Allocation Failure) 207M->43M(509M) 1.200ms
[86.722s][info][gc,cpu         ] GC(1478) User=0.00s Sys=0.00s Real=0.00s
[86.764s][info][gc,start       ] GC(1479) Pause Young (Allocation Failure)
[86.765s][info][gc,heap        ] GC(1479) PSYoungGen: 171392K(172032K)->1824K(172032K) Eden: 169472K(169472K)->0K(169472K) From: 1920K(2560K)->1824K(2560K)
[86.765s][info][gc,heap        ] GC(1479) ParOldGen: 42520K(349696K)->42688K(349696K)
[86.765s][info][gc,metaspace   ] GC(1479) Metaspace: 73628K(74112K)->73628K(74112K) NonClass: 58830K(59008K)->58830K(59008K) Class: 14798K(15104K)->14798K(15104K)
[86.765s][info][gc             ] GC(1479) Pause Young (Allocation Failure) 208M->43M(509M) 1.170ms
[86.765s][info][gc,cpu         ] GC(1479) User=0.00s Sys=0.00s Real=0.00s
[86.807s][info][gc,start       ] GC(1480) Pause Young (Allocation Failure)
[86.808s][info][gc,heap        ] GC(1480) PSYoungGen: 171296K(172032K)->1792K(172032K) Eden: 169472K(169472K)->0K(169472K) From: 1824K(2560K)->1792K(2560K)
[86.808s][info][gc,heap        ] GC(1480) ParOldGen: 42688K(349696K)->42848K(349696K)
[86.808s][info][gc,metaspace   ] GC(1480) Metaspace: 73628K(74112K)->73628K(74112K) NonClass: 58830K(59008K)->58830K(59008K) Class: 14798K(15104K)->14798K(15104K)
[86.808s][info][gc             ] GC(1480) Pause Young (Allocation Failure) 208M->43M(509M) 1.140ms
[86.808s][info][gc,cpu         ] GC(1480) User=0.00s Sys=0.00s Real=0.00s
[86.850s][info][gc,start       ] GC(1481) Pause Young (Allocation Failure)
[86.851s][info][gc,heap        ] GC(1481) PSYoungGen: 171264K(172032K)->1888K(172032K) Eden: 169472K(169472K)->0K(169472K) From: 1792K(2560K)->1888K(2560K)
[86.851s][info][gc,heap        ] GC(1481) ParOldGen: 42848K(349696K)->43032K(349696K)
[86.851s][info][gc,metaspace   ] GC(1481) Metaspace: 73628K(74112K)->73628K(74112K) NonClass: 58830K(59008K)->58830K(59008K) Class: 14798K(15104K)->14798K(15104K)
[86.851s][info][gc             ] GC(1481) Pause Young (Allocation Failure) 209M->43M(509M) 1.122ms
[86.851s][info][gc,cpu         ] GC(1481) User=0.00s Sys=0.00s Real=0.00s
[86.893s][info][gc,start       ] GC(1482) Pause Young (Allocation Failure)
[86.894s][info][gc,heap        ] GC(1482) PSYoungGen: 171360K(172032K)->1920K(172032K) Eden: 169472K(169472K)->0K(169472K) From: 1888K(2560K)->1920K(2560K)
[86.894s][info][gc,heap        ] GC(1482) ParOldGen: 43032K(349696K)->43160K(349696K)
[86.894s][info][gc,metaspace   ] GC(1482) Metaspace: 73628K(74112K)->73628K(74112K) NonClass: 58830K(59008K)->58830K(59008K) Class: 14798K(15104K)->14798K(15104K)
[86.894s][info][gc             ] GC(1482) Pause Young (Allocation Failure) 209M->44M(509M) 1.139ms
[86.894s][info][gc,cpu         ] GC(1482) User=0.00s Sys=0.00s Real=0.00s
[86.936s][info][gc,start       ] GC(1483) Pause Young (Allocation Failure)
[86.937s][info][gc,heap        ] GC(1483) PSYoungGen: 171392K(172032K)->1888K(172032K) Eden: 169472K(169472K)->0K(169472K) From: 1920K(2560K)->1888K(2560K)
[86.937s][info][gc,heap        ] GC(1483) ParOldGen: 43160K(349696K)->43296K(349696K)
[86.937s][info][gc,metaspace   ] GC(1483) Metaspace: 73628K(74112K)->73628K(74112K) NonClass: 58830K(59008K)->58830K(59008K) Class: 14798K(15104K)->14798K(15104K)
[86.937s][info][gc             ] GC(1483) Pause Young (Allocation Failure) 209M->44M(509M) 1.141ms
[86.937s][info][gc,cpu         ] GC(1483) User=0.00s Sys=0.00s Real=0.00s
[86.979s][info][gc,start       ] GC(1484) Pause Young (Allocation Failure)
[86.980s][info][gc,heap        ] GC(1484) PSYoungGen: 171360K(172032K)->1824K(172032K) Eden: 169472K(169472K)->0K(169472K) From: 1888K(2560K)->1824K(2560K)
[86.980s][info][gc,heap        ] GC(1484) ParOldGen: 43296K(349696K)->43448K(349696K)
[86.980s][info][gc,metaspace   ] GC(1484) Metaspace: 73628K(74112K)->73628K(74112K) NonClass: 58830K(59008K)->58830K(59008K) Class: 14798K(15104K)->14798K(15104K)
[86.980s][info][gc             ] GC(1484) Pause Young (Allocation Failure) 209M->44M(509M) 1.099ms
[86.980s][info][gc,cpu         ] GC(1484) User=0.00s Sys=0.00s Real=0.00s
[87.021s][info][gc,start       ] GC(1485) Pause Young (Allocation Failure)
[87.022s][info][gc,heap        ] GC(1485) PSYoungGen: 171296K(172032K)->1888K(172032K) Eden: 169472K(169472K)->0K(169472K) From: 1824K(2560K)->1888K(2560K)
[87.022s][info][gc,heap        ] GC(1485) ParOldGen: 43448K(349696K)->43608K(349696K)
[87.022s][info][gc,metaspace   ] GC(1485) Metaspace: 73628K(74112K)->73628K(74112K) NonClass: 58830K(59008K)->58830K(59008K) Class: 14798K(15104K)->14798K(15104K)
[87.022s][info][gc             ] GC(1485) Pause Young (Allocation Failure) 209M->44M(509M) 1.109ms
[87.023s][info][gc,cpu         ] GC(1485) User=0.00s Sys=0.00s Real=0.00s
[87.064s][info][gc,start       ] GC(1486) Pause Young (Allocation Failure)
[87.065s][info][gc,heap        ] GC(1486) PSYoungGen: 171360K(172032K)->1792K(172032K) Eden: 169472K(169472K)->0K(169472K) From: 1888K(2560K)->1792K(2560K)
[87.065s][info][gc,heap        ] GC(1486) ParOldGen: 43608K(349696K)->43800K(349696K)
[87.065s][info][gc,metaspace   ] GC(1486) Metaspace: 73628K(74112K)->73628K(74112K) NonClass: 58830K(59008K)->58830K(59008K) Class: 14798K(15104K)->14798K(15104K)
[87.065s][info][gc             ] GC(1486) Pause Young (Allocation Failure) 209M->44M(509M) 1.123ms
[87.065s][info][gc,cpu         ] GC(1486) User=0.00s Sys=0.00s Real=0.00s
[87.107s][info][gc,start       ] GC(1487) Pause Young (Allocation Failure)
[87.108s][info][gc,heap        ] GC(1487) PSYoungGen: 171264K(172032K)->1920K(172032K) Eden: 169472K(169472K)->0K(169472K) From: 1792K(2560K)->1920K(2560K)
[87.108s][info][gc,heap        ] GC(1487) ParOldGen: 43800K(349696K)->43968K(349696K)
[87.108s][info][gc,metaspace   ] GC(1487) Metaspace: 73628K(74112K)->73628K(74112K) NonClass: 58830K(59008K)->58830K(59008K) Class: 14798K(15104K)->14798K(15104K)
[87.108s][info][gc             ] GC(1487) Pause Young (Allocation Failure) 210M->44M(509M) 1.120ms
[87.108s][info][gc,cpu         ] GC(1487) User=0.00s Sys=0.00s Real=0.00s
[87.150s][info][gc,start       ] GC(1488) Pause Young (Allocation Failure)
[87.151s][info][gc,heap        ] GC(1488) PSYoungGen: 171392K(172032K)->1856K(172032K) Eden: 169472K(169472K)->0K(169472K) From: 1920K(2560K)->1856K(2560K)
[87.151s][info][gc,heap        ] GC(1488) ParOldGen: 43968K(349696K)->44224K(349696K)
[87.151s][info][gc,metaspace   ] GC(1488) Metaspace: 73628K(74112K)->73628K(74112K) NonClass: 58830K(59008K)->58830K(59008K) Class: 14798K(15104K)->14798K(15104K)
[87.151s][info][gc             ] GC(1488) Pause Young (Allocation Failure) 210M->45M(509M) 1.158ms
[87.151s][info][gc,cpu         ] GC(1488) User=0.00s Sys=0.00s Real=0.00s
[87.193s][info][gc,start       ] GC(1489) Pause Young (Allocation Failure)
[87.194s][info][gc,heap        ] GC(1489) PSYoungGen: 171328K(172032K)->1888K(172032K) Eden: 169472K(169472K)->0K(169472K) From: 1856K(2560K)->1888K(2560K)
[87.194s][info][gc,heap        ] GC(1489) ParOldGen: 44224K(349696K)->44384K(349696K)
[87.194s][info][gc,metaspace   ] GC(1489) Metaspace: 73628K(74112K)->73628K(74112K) NonClass: 58830K(59008K)->58830K(59008K) Class: 14798K(15104K)->14798K(15104K)
[87.194s][info][gc             ] GC(1489) Pause Young (Allocation Failure) 210M->45M(509M) 1.166ms
[87.194s][info][gc,cpu         ] GC(1489) User=0.00s Sys=0.00s Real=0.00s
[87.236s][info][gc,start       ] GC(1490) Pause Young (Allocation Failure)
[87.237s][info][gc,heap        ] GC(1490) PSYoungGen: 171360K(172032K)->1824K(172032K) Eden: 169472K(169472K)->0K(169472K) From: 1888K(2560K)->1824K(2560K)
[87.237s][info][gc,heap        ] GC(1490) ParOldGen: 44384K(349696K)->44560K(349696K)
[87.237s][info][gc,metaspace   ] GC(1490) Metaspace: 73628K(74112K)->73628K(74112K) NonClass: 58830K(59008K)->58830K(59008K) Class: 14798K(15104K)->14798K(15104K)
[87.237s][info][gc             ] GC(1490) Pause Young (Allocation Failure) 210M->45M(509M) 1.100ms
[87.237s][info][gc,cpu         ] GC(1490) User=0.00s Sys=0.00s Real=0.00s
[87.278s][info][gc,start       ] GC(1491) Pause Young (Allocation Failure)
[87.279s][info][gc,heap        ] GC(1491) PSYoungGen: 171296K(172032K)->1824K(172032K) Eden: 169472K(169472K)->0K(169472K) From: 1824K(2560K)->1824K(2560K)
[87.279s][info][gc,heap        ] GC(1491) ParOldGen: 44560K(349696K)->44752K(349696K)
[87.279s][info][gc,metaspace   ] GC(1491) Metaspace: 73628K(74112K)->73628K(74112K) NonClass: 58830K(59008K)->58830K(59008K) Class: 14798K(15104K)->14798K(15104K)
[87.279s][info][gc             ] GC(1491) Pause Young (Allocation Failure) 210M->45M(509M) 1.121ms
[87.279s][info][gc,cpu         ] GC(1491) User=0.00s Sys=0.00s Real=0.00s
[87.321s][info][gc,start       ] GC(1492) Pause Young (Allocation Failure)
[87.322s][info][gc,heap        ] GC(1492) PSYoungGen: 171296K(172032K)->1920K(172032K) Eden: 169472K(169472K)->0K(169472K) From: 1824K(2560K)->1920K(2560K)
[87.322s][info][gc,heap        ] GC(1492) ParOldGen: 44752K(349696K)->44904K(349696K)
[87.322s][info][gc,metaspace   ] GC(1492) Metaspace: 73628K(74112K)->73628K(74112K) NonClass: 58830K(59008K)->58830K(59008K) Class: 14798K(15104K)->14798K(15104K)
[87.322s][info][gc             ] GC(1492) Pause Young (Allocation Failure) 210M->45M(509M) 1.160ms
[87.322s][info][gc,cpu         ] GC(1492) User=0.00s Sys=0.00s Real=0.00s
[87.364s][info][gc,start       ] GC(1493) Pause Young (Allocation Failure)
[87.365s][info][gc,heap        ] GC(1493) PSYoungGen: 171392K(172032K)->1856K(172032K) Eden: 169472K(169472K)->0K(169472K) From: 1920K(2560K)->1856K(2560K)
[87.365s][info][gc,heap        ] GC(1493) ParOldGen: 44904K(349696K)->45040K(349696K)
[87.365s][info][gc,metaspace   ] GC(1493) Metaspace: 73628K(74112K)->73628K(74112K) NonClass: 58830K(59008K)->58830K(59008K) Class: 14798K(15104K)->14798K(15104K)
[87.365s][info][gc             ] GC(1493) Pause Young (Allocation Failure) 211M->45M(509M) 1.148ms
[87.365s][info][gc,cpu         ] GC(1493) User=0.00s Sys=0.00s Real=0.00s
[87.407s][info][gc,start       ] GC(1494) Pause Young (Allocation Failure)
[87.408s][info][gc,heap        ] GC(1494) PSYoungGen: 171328K(172032K)->1920K(172032K) Eden: 169472K(169472K)->0K(169472K) From: 1856K(2560K)->1920K(2560K)
[87.408s][info][gc,heap        ] GC(1494) ParOldGen: 45040K(349696K)->45192K(349696K)
[87.408s][info][gc,metaspace   ] GC(1494) Metaspace: 73628K(74112K)->73628K(74112K) NonClass: 58830K(59008K)->58830K(59008K) Class: 14798K(15104K)->14798K(15104K)
[87.408s][info][gc             ] GC(1494) Pause Young (Allocation Failure) 211M->46M(509M) 1.135ms
[87.408s][info][gc,cpu         ] GC(1494) User=0.00s Sys=0.00s Real=0.00s
[87.450s][info][gc,start       ] GC(1495) Pause Young (Allocation Failure)
[87.451s][info][gc,heap        ] GC(1495) PSYoungGen: 171392K(172032K)->1824K(172032K) Eden: 169472K(169472K)->0K(169472K) From: 1920K(2560K)->1824K(2560K)
[87.451s][info][gc,heap        ] GC(1495) ParOldGen: 45192K(349696K)->45344K(349696K)
[87.451s][info][gc,metaspace   ] GC(1495) Metaspace: 73628K(74112K)->73628K(74112K) NonClass: 58830K(59008K)->58830K(59008K) Class: 14798K(15104K)->14798K(15104K)
[87.451s][info][gc             ] GC(1495) Pause Young (Allocation Failure) 211M->46M(509M) 1.149ms
[87.451s][info][gc,cpu         ] GC(1495) User=0.00s Sys=0.00s Real=0.00s
[87.492s][info][gc,start       ] GC(1496) Pause Young (Allocation Failure)
[87.494s][info][gc,heap        ] GC(1496) PSYoungGen: 171296K(172032K)->1824K(172032K) Eden: 169472K(169472K)->0K(169472K) From: 1824K(2560K)->1824K(2560K)
[87.494s][info][gc,heap        ] GC(1496) ParOldGen: 45344K(349696K)->45528K(349696K)
[87.494s][info][gc,metaspace   ] GC(1496) Metaspace: 73628K(74112K)->73628K(74112K) NonClass: 58830K(59008K)->58830K(59008K) Class: 14798K(15104K)->14798K(15104K)
[87.494s][info][gc             ] GC(1496) Pause Young (Allocation Failure) 211M->46M(509M) 1.180ms
[87.494s][info][gc,cpu         ] GC(1496) User=0.00s Sys=0.00s Real=0.00s
[87.535s][info][gc,start       ] GC(1497) Pause Young (Allocation Failure)
[87.537s][info][gc,heap        ] GC(1497) PSYoungGen: 171296K(172032K)->1760K(171520K) Eden: 169472K(169472K)->0K(169472K) From: 1824K(2560K)->1760K(2048K)
[87.537s][info][gc,heap        ] GC(1497) ParOldGen: 45528K(349696K)->45696K(349696K)
[87.537s][info][gc,metaspace   ] GC(1497) Metaspace: 73628K(74112K)->73628K(74112K) NonClass: 58830K(59008K)->58830K(59008K) Class: 14798K(15104K)->14798K(15104K)
[87.537s][info][gc             ] GC(1497) Pause Young (Allocation Failure) 211M->46M(509M) 1.153ms
[87.537s][info][gc,cpu         ] GC(1497) User=0.00s Sys=0.00s Real=0.00s
[87.578s][info][gc,start       ] GC(1498) Pause Young (Allocation Failure)
[87.579s][info][gc,heap        ] GC(1498) PSYoungGen: 171232K(171520K)->1888K(171520K) Eden: 169472K(169472K)->0K(169472K) From: 1760K(2048K)->1888K(2048K)
[87.579s][info][gc,heap        ] GC(1498) ParOldGen: 45696K(349696K)->45864K(349696K)
[87.579s][info][gc,metaspace   ] GC(1498) Metaspace: 73628K(74112K)->73628K(74112K) NonClass: 58830K(59008K)->58830K(59008K) Class: 14798K(15104K)->14798K(15104K)
[87.579s][info][gc             ] GC(1498) Pause Young (Allocation Failure) 211M->46M(509M) 1.127ms
[87.579s][info][gc,cpu         ] GC(1498) User=0.00s Sys=0.00s Real=0.00s
[87.621s][info][gc,start       ] GC(1499) Pause Young (Allocation Failure)
[87.622s][info][gc,heap        ] GC(1499) PSYoungGen: 171360K(171520K)->1952K(171520K) Eden: 169472K(169472K)->0K(169472K) From: 1888K(2048K)->1952K(2048K)
[87.622s][info][gc,heap        ] GC(1499) ParOldGen: 45864K(349696K)->46008K(349696K)
[87.622s][info][gc,metaspace   ] GC(1499) Metaspace: 73628K(74112K)->73628K(74112K) NonClass: 58830K(59008K)->58830K(59008K) Class: 14798K(15104K)->14798K(15104K)
[87.622s][info][gc             ] GC(1499) Pause Young (Allocation Failure) 212M->46M(509M) 1.207ms
[87.622s][info][gc,cpu         ] GC(1499) User=0.00s Sys=0.00s Real=0.00s
[87.664s][info][gc,start       ] GC(1500) Pause Young (Allocation Failure)
[87.665s][info][gc,heap        ] GC(1500) PSYoungGen: 171424K(171520K)->1856K(172032K) Eden: 169472K(169472K)->0K(169984K) From: 1952K(2048K)->1856K(2048K)
[87.665s][info][gc,heap        ] GC(1500) ParOldGen: 46008K(349696K)->46168K(349696K)
[87.665s][info][gc,metaspace   ] GC(1500) Metaspace: 73628K(74112K)->73628K(74112K) NonClass: 58830K(59008K)->58830K(59008K) Class: 14798K(15104K)->14798K(15104K)
[87.665s][info][gc             ] GC(1500) Pause Young (Allocation Failure) 212M->46M(509M) 1.146ms
[87.665s][info][gc,cpu         ] GC(1500) User=0.00s Sys=0.00s Real=0.00s
[87.707s][info][gc,start       ] GC(1501) Pause Young (Allocation Failure)
[87.708s][info][gc,heap        ] GC(1501) PSYoungGen: 171840K(172032K)->1824K(172032K) Eden: 169984K(169984K)->0K(169984K) From: 1856K(2048K)->1824K(2048K)
[87.708s][info][gc,heap        ] GC(1501) ParOldGen: 46168K(349696K)->46344K(349696K)
[87.708s][info][gc,metaspace   ] GC(1501) Metaspace: 73628K(74112K)->73628K(74112K) NonClass: 58830K(59008K)->58830K(59008K) Class: 14798K(15104K)->14798K(15104K)
[87.708s][info][gc             ] GC(1501) Pause Young (Allocation Failure) 212M->47M(509M) 1.214ms
[87.708s][info][gc,cpu         ] GC(1501) User=0.00s Sys=0.00s Real=0.00s
[87.751s][info][gc,start       ] GC(1502) Pause Young (Allocation Failure)
[87.752s][info][gc,heap        ] GC(1502) PSYoungGen: 171808K(172032K)->1888K(172544K) Eden: 169984K(169984K)->0K(170496K) From: 1824K(2048K)->1888K(2048K)
[87.752s][info][gc,heap        ] GC(1502) ParOldGen: 46344K(349696K)->46520K(349696K)
[87.752s][info][gc,metaspace   ] GC(1502) Metaspace: 73628K(74112K)->73628K(74112K) NonClass: 58830K(59008K)->58830K(59008K) Class: 14798K(15104K)->14798K(15104K)
[87.752s][info][gc             ] GC(1502) Pause Young (Allocation Failure) 213M->47M(510M) 1.167ms
[87.752s][info][gc,cpu         ] GC(1502) User=0.00s Sys=0.00s Real=0.00s
[87.794s][info][gc,start       ] GC(1503) Pause Young (Allocation Failure)
[87.795s][info][gc,heap        ] GC(1503) PSYoungGen: 172384K(172544K)->1888K(172544K) Eden: 170496K(170496K)->0K(170496K) From: 1888K(2048K)->1888K(2048K)
[87.795s][info][gc,heap        ] GC(1503) ParOldGen: 46520K(349696K)->46688K(349696K)
[87.795s][info][gc,metaspace   ] GC(1503) Metaspace: 73628K(74112K)->73628K(74112K) NonClass: 58830K(59008K)->58830K(59008K) Class: 14798K(15104K)->14798K(15104K)
[87.795s][info][gc             ] GC(1503) Pause Young (Allocation Failure) 213M->47M(510M) 1.097ms
[87.795s][info][gc,cpu         ] GC(1503) User=0.00s Sys=0.00s Real=0.00s
[87.837s][info][gc,start       ] GC(1504) Pause Young (Allocation Failure)
[87.838s][info][gc,heap        ] GC(1504) PSYoungGen: 172384K(172544K)->1824K(172544K) Eden: 170496K(170496K)->0K(170496K) From: 1888K(2048K)->1824K(2048K)
[87.838s][info][gc,heap        ] GC(1504) ParOldGen: 46688K(349696K)->46840K(349696K)
[87.838s][info][gc,metaspace   ] GC(1504) Metaspace: 73628K(74112K)->73628K(74112K) NonClass: 58830K(59008K)->58830K(59008K) Class: 14798K(15104K)->14798K(15104K)
[87.838s][info][gc             ] GC(1504) Pause Young (Allocation Failure) 213M->47M(510M) 1.164ms
[87.838s][info][gc,cpu         ] GC(1504) User=0.00s Sys=0.00s Real=0.00s
[87.880s][info][gc,start       ] GC(1505) Pause Young (Allocation Failure)
[87.881s][info][gc,heap        ] GC(1505) PSYoungGen: 172320K(172544K)->1792K(172544K) Eden: 170496K(170496K)->0K(170496K) From: 1824K(2048K)->1792K(2048K)
[87.881s][info][gc,heap        ] GC(1505) ParOldGen: 46840K(349696K)->47000K(349696K)
[87.881s][info][gc,metaspace   ] GC(1505) Metaspace: 73628K(74112K)->73628K(74112K) NonClass: 58830K(59008K)->58830K(59008K) Class: 14798K(15104K)->14798K(15104K)
[87.881s][info][gc             ] GC(1505) Pause Young (Allocation Failure) 214M->47M(510M) 1.153ms
[87.881s][info][gc,cpu         ] GC(1505) User=0.00s Sys=0.00s Real=0.00s
[87.923s][info][gc,start       ] GC(1506) Pause Young (Allocation Failure)
[87.924s][info][gc,heap        ] GC(1506) PSYoungGen: 172288K(172544K)->1888K(172544K) Eden: 170496K(170496K)->0K(170496K) From: 1792K(2048K)->1888K(2048K)
[87.924s][info][gc,heap        ] GC(1506) ParOldGen: 47000K(349696K)->47144K(349696K)
[87.924s][info][gc,metaspace   ] GC(1506) Metaspace: 73628K(74112K)->73628K(74112K) NonClass: 58830K(59008K)->58830K(59008K) Class: 14798K(15104K)->14798K(15104K)
[87.924s][info][gc             ] GC(1506) Pause Young (Allocation Failure) 214M->47M(510M) 1.127ms
[87.924s][info][gc,cpu         ] GC(1506) User=0.00s Sys=0.00s Real=0.00s
[87.966s][info][gc,start       ] GC(1507) Pause Young (Allocation Failure)
[87.967s][info][gc,heap        ] GC(1507) PSYoungGen: 172384K(172544K)->1824K(172544K) Eden: 170496K(170496K)->0K(170496K) From: 1888K(2048K)->1824K(2048K)
[87.967s][info][gc,heap        ] GC(1507) ParOldGen: 47144K(349696K)->47288K(349696K)
[87.967s][info][gc,metaspace   ] GC(1507) Metaspace: 73628K(74112K)->73628K(74112K) NonClass: 58830K(59008K)->58830K(59008K) Class: 14798K(15104K)->14798K(15104K)
[87.967s][info][gc             ] GC(1507) Pause Young (Allocation Failure) 214M->47M(510M) 1.126ms
[87.967s][info][gc,cpu         ] GC(1507) User=0.00s Sys=0.00s Real=0.00s
[88.009s][info][gc,start       ] GC(1508) Pause Young (Allocation Failure)
[88.010s][info][gc,heap        ] GC(1508) PSYoungGen: 172320K(172544K)->1824K(172544K) Eden: 170496K(170496K)->0K(170496K) From: 1824K(2048K)->1824K(2048K)
[88.010s][info][gc,heap        ] GC(1508) ParOldGen: 47288K(349696K)->47464K(349696K)
[88.010s][info][gc,metaspace   ] GC(1508) Metaspace: 73628K(74112K)->73628K(74112K) NonClass: 58830K(59008K)->58830K(59008K) Class: 14798K(15104K)->14798K(15104K)
[88.010s][info][gc             ] GC(1508) Pause Young (Allocation Failure) 214M->48M(510M) 1.161ms
[88.010s][info][gc,cpu         ] GC(1508) User=0.00s Sys=0.00s Real=0.00s
[88.052s][info][gc,start       ] GC(1509) Pause Young (Allocation Failure)
[88.053s][info][gc,heap        ] GC(1509) PSYoungGen: 172320K(172544K)->1824K(172544K) Eden: 170496K(170496K)->0K(170496K) From: 1824K(2048K)->1824K(2048K)
[88.053s][info][gc,heap        ] GC(1509) ParOldGen: 47464K(349696K)->47624K(349696K)
[88.053s][info][gc,metaspace   ] GC(1509) Metaspace: 73628K(74112K)->73628K(74112K) NonClass: 58830K(59008K)->58830K(59008K) Class: 14798K(15104K)->14798K(15104K)
[88.054s][info][gc             ] GC(1509) Pause Young (Allocation Failure) 214M->48M(510M) 1.125ms
[88.054s][info][gc,cpu         ] GC(1509) User=0.00s Sys=0.00s Real=0.00s
[88.096s][info][gc,start       ] GC(1510) Pause Young (Allocation Failure)
[88.097s][info][gc,heap        ] GC(1510) PSYoungGen: 172320K(172544K)->1920K(172544K) Eden: 170496K(170496K)->0K(170496K) From: 1824K(2048K)->1920K(2048K)
[88.097s][info][gc,heap        ] GC(1510) ParOldGen: 47624K(349696K)->47776K(349696K)
[88.097s][info][gc,metaspace   ] GC(1510) Metaspace: 73628K(74112K)->73628K(74112K) NonClass: 58830K(59008K)->58830K(59008K) Class: 14798K(15104K)->14798K(15104K)
[88.097s][info][gc             ] GC(1510) Pause Young (Allocation Failure) 214M->48M(510M) 1.162ms
[88.097s][info][gc,cpu         ] GC(1510) User=0.00s Sys=0.00s Real=0.00s
[88.139s][info][gc,start       ] GC(1511) Pause Young (Allocation Failure)
[88.140s][info][gc,heap        ] GC(1511) PSYoungGen: 172416K(172544K)->1920K(172544K) Eden: 170496K(170496K)->0K(170496K) From: 1920K(2048K)->1920K(2048K)
[88.140s][info][gc,heap        ] GC(1511) ParOldGen: 47776K(349696K)->48032K(349696K)
[88.140s][info][gc,metaspace   ] GC(1511) Metaspace: 73628K(74112K)->73628K(74112K) NonClass: 58830K(59008K)->58830K(59008K) Class: 14798K(15104K)->14798K(15104K)
[88.140s][info][gc             ] GC(1511) Pause Young (Allocation Failure) 215M->48M(510M) 1.227ms
[88.140s][info][gc,cpu         ] GC(1511) User=0.00s Sys=0.00s Real=0.00s
[88.182s][info][gc,start       ] GC(1512) Pause Young (Allocation Failure)
[88.183s][info][gc,heap        ] GC(1512) PSYoungGen: 172416K(172544K)->1792K(172544K) Eden: 170496K(170496K)->0K(170496K) From: 1920K(2048K)->1792K(2048K)
[88.183s][info][gc,heap        ] GC(1512) ParOldGen: 48032K(349696K)->48192K(349696K)
[88.183s][info][gc,metaspace   ] GC(1512) Metaspace: 73628K(74112K)->73628K(74112K) NonClass: 58830K(59008K)->58830K(59008K) Class: 14798K(15104K)->14798K(15104K)
[88.183s][info][gc             ] GC(1512) Pause Young (Allocation Failure) 215M->48M(510M) 1.139ms
[88.183s][info][gc,cpu         ] GC(1512) User=0.00s Sys=0.00s Real=0.00s
[88.225s][info][gc,start       ] GC(1513) Pause Young (Allocation Failure)
[88.226s][info][gc,heap        ] GC(1513) PSYoungGen: 172288K(172544K)->1792K(172544K) Eden: 170496K(170496K)->0K(170496K) From: 1792K(2048K)->1792K(2048K)
[88.226s][info][gc,heap        ] GC(1513) ParOldGen: 48192K(349696K)->48360K(349696K)
[88.226s][info][gc,metaspace   ] GC(1513) Metaspace: 73628K(74112K)->73628K(74112K) NonClass: 58830K(59008K)->58830K(59008K) Class: 14798K(15104K)->14798K(15104K)
[88.226s][info][gc             ] GC(1513) Pause Young (Allocation Failure) 215M->48M(510M) 1.115ms
[88.226s][info][gc,cpu         ] GC(1513) User=0.00s Sys=0.00s Real=0.00s
[88.268s][info][gc,start       ] GC(1514) Pause Young (Allocation Failure)
[88.269s][info][gc,heap        ] GC(1514) PSYoungGen: 172288K(172544K)->1728K(172544K) Eden: 170496K(170496K)->0K(170496K) From: 1792K(2048K)->1728K(2048K)
[88.269s][info][gc,heap        ] GC(1514) ParOldGen: 48360K(349696K)->48536K(349696K)
[88.269s][info][gc,metaspace   ] GC(1514) Metaspace: 73628K(74112K)->73628K(74112K) NonClass: 58830K(59008K)->58830K(59008K) Class: 14798K(15104K)->14798K(15104K)
[88.269s][info][gc             ] GC(1514) Pause Young (Allocation Failure) 215M->49M(510M) 1.174ms
[88.269s][info][gc,cpu         ] GC(1514) User=0.00s Sys=0.00s Real=0.00s
[88.311s][info][gc,start       ] GC(1515) Pause Young (Allocation Failure)
[88.312s][info][gc,heap        ] GC(1515) PSYoungGen: 172224K(172544K)->1824K(172544K) Eden: 170496K(170496K)->0K(170496K) From: 1728K(2048K)->1824K(2048K)
[88.312s][info][gc,heap        ] GC(1515) ParOldGen: 48536K(349696K)->48728K(349696K)
[88.312s][info][gc,metaspace   ] GC(1515) Metaspace: 73628K(74112K)->73628K(74112K) NonClass: 58830K(59008K)->58830K(59008K) Class: 14798K(15104K)->14798K(15104K)
[88.312s][info][gc             ] GC(1515) Pause Young (Allocation Failure) 215M->49M(510M) 1.139ms
[88.312s][info][gc,cpu         ] GC(1515) User=0.00s Sys=0.00s Real=0.00s
[88.354s][info][gc,start       ] GC(1516) Pause Young (Allocation Failure)
[88.355s][info][gc,heap        ] GC(1516) PSYoungGen: 172320K(172544K)->1760K(172544K) Eden: 170496K(170496K)->0K(170496K) From: 1824K(2048K)->1760K(2048K)
[88.355s][info][gc,heap        ] GC(1516) ParOldGen: 48728K(349696K)->48888K(349696K)
[88.355s][info][gc,metaspace   ] GC(1516) Metaspace: 73628K(74112K)->73628K(74112K) NonClass: 58830K(59008K)->58830K(59008K) Class: 14798K(15104K)->14798K(15104K)
[88.355s][info][gc             ] GC(1516) Pause Young (Allocation Failure) 215M->49M(510M) 1.113ms
[88.355s][info][gc,cpu         ] GC(1516) User=0.00s Sys=0.00s Real=0.00s
[88.397s][info][gc,start       ] GC(1517) Pause Young (Allocation Failure)
[88.398s][info][gc,heap        ] GC(1517) PSYoungGen: 172256K(172544K)->1824K(172544K) Eden: 170496K(170496K)->0K(170496K) From: 1760K(2048K)->1824K(2048K)
[88.398s][info][gc,heap        ] GC(1517) ParOldGen: 48888K(349696K)->49056K(349696K)
[88.398s][info][gc,metaspace   ] GC(1517) Metaspace: 73628K(74112K)->73628K(74112K) NonClass: 58830K(59008K)->58830K(59008K) Class: 14798K(15104K)->14798K(15104K)
[88.398s][info][gc             ] GC(1517) Pause Young (Allocation Failure) 215M->49M(510M) 1.078ms
[88.398s][info][gc,cpu         ] GC(1517) User=0.00s Sys=0.00s Real=0.00s
[88.440s][info][gc,start       ] GC(1518) Pause Young (Allocation Failure)
[88.441s][info][gc,heap        ] GC(1518) PSYoungGen: 172320K(172544K)->1824K(172544K) Eden: 170496K(170496K)->0K(170496K) From: 1824K(2048K)->1824K(2048K)
[88.441s][info][gc,heap        ] GC(1518) ParOldGen: 49056K(349696K)->49200K(349696K)
[88.441s][info][gc,metaspace   ] GC(1518) Metaspace: 73628K(74112K)->73628K(74112K) NonClass: 58830K(59008K)->58830K(59008K) Class: 14798K(15104K)->14798K(15104K)
[88.441s][info][gc             ] GC(1518) Pause Young (Allocation Failure) 216M->49M(510M) 1.097ms
[88.441s][info][gc,cpu         ] GC(1518) User=0.00s Sys=0.00s Real=0.00s
[88.483s][info][gc,start       ] GC(1519) Pause Young (Allocation Failure)
[88.488s][info][gc,heap        ] GC(1519) PSYoungGen: 172320K(172544K)->1792K(172544K) Eden: 170496K(170496K)->0K(170496K) From: 1824K(2048K)->1792K(2048K)
[88.488s][info][gc,heap        ] GC(1519) ParOldGen: 49200K(349696K)->49368K(349696K)
[88.488s][info][gc,metaspace   ] GC(1519) Metaspace: 73628K(74112K)->73628K(74112K) NonClass: 58830K(59008K)->58830K(59008K) Class: 14798K(15104K)->14798K(15104K)
[88.488s][info][gc             ] GC(1519) Pause Young (Allocation Failure) 216M->49M(510M) 4.476ms
[88.488s][info][gc,cpu         ] GC(1519) User=0.00s Sys=0.00s Real=0.00s
[88.530s][info][gc,start       ] GC(1520) Pause Young (Allocation Failure)
[88.531s][info][gc,heap        ] GC(1520) PSYoungGen: 172288K(172544K)->1856K(172544K) Eden: 170496K(170496K)->0K(170496K) From: 1792K(2048K)->1856K(2048K)
[88.531s][info][gc,heap        ] GC(1520) ParOldGen: 49368K(349696K)->49512K(349696K)
[88.531s][info][gc,metaspace   ] GC(1520) Metaspace: 73628K(74112K)->73628K(74112K) NonClass: 58830K(59008K)->58830K(59008K) Class: 14798K(15104K)->14798K(15104K)
[88.531s][info][gc             ] GC(1520) Pause Young (Allocation Failure) 216M->50M(510M) 1.154ms
[88.531s][info][gc,cpu         ] GC(1520) User=0.00s Sys=0.00s Real=0.00s
[88.573s][info][gc,start       ] GC(1521) Pause Young (Allocation Failure)
[88.574s][info][gc,heap        ] GC(1521) PSYoungGen: 172352K(172544K)->1792K(172544K) Eden: 170496K(170496K)->0K(170496K) From: 1856K(2048K)->1792K(2048K)
[88.574s][info][gc,heap        ] GC(1521) ParOldGen: 49512K(349696K)->49648K(349696K)
[88.574s][info][gc,metaspace   ] GC(1521) Metaspace: 73628K(74112K)->73628K(74112K) NonClass: 58830K(59008K)->58830K(59008K) Class: 14798K(15104K)->14798K(15104K)
[88.574s][info][gc             ] GC(1521) Pause Young (Allocation Failure) 216M->50M(510M) 1.157ms
[88.574s][info][gc,cpu         ] GC(1521) User=0.00s Sys=0.00s Real=0.00s
[88.616s][info][gc,start       ] GC(1522) Pause Young (Allocation Failure)
[88.618s][info][gc,heap        ] GC(1522) PSYoungGen: 172288K(172544K)->1824K(172544K) Eden: 170496K(170496K)->0K(170496K) From: 1792K(2048K)->1824K(2048K)
[88.618s][info][gc,heap        ] GC(1522) ParOldGen: 49648K(349696K)->49816K(349696K)
[88.618s][info][gc,metaspace   ] GC(1522) Metaspace: 73628K(74112K)->73628K(74112K) NonClass: 58830K(59008K)->58830K(59008K) Class: 14798K(15104K)->14798K(15104K)
[88.618s][info][gc             ] GC(1522) Pause Young (Allocation Failure) 216M->50M(510M) 1.098ms
[88.618s][info][gc,cpu         ] GC(1522) User=0.00s Sys=0.00s Real=0.00s
[88.660s][info][gc,start       ] GC(1523) Pause Young (Allocation Failure)
[88.661s][info][gc,heap        ] GC(1523) PSYoungGen: 172320K(172544K)->1888K(172544K) Eden: 170496K(170496K)->0K(170496K) From: 1824K(2048K)->1888K(2048K)
[88.661s][info][gc,heap        ] GC(1523) ParOldGen: 49816K(349696K)->49960K(349696K)
[88.661s][info][gc,metaspace   ] GC(1523) Metaspace: 73628K(74112K)->73628K(74112K) NonClass: 58830K(59008K)->58830K(59008K) Class: 14798K(15104K)->14798K(15104K)
[88.661s][info][gc             ] GC(1523) Pause Young (Allocation Failure) 216M->50M(510M) 1.185ms
[88.661s][info][gc,cpu         ] GC(1523) User=0.00s Sys=0.00s Real=0.00s
[88.705s][info][gc,start       ] GC(1524) Pause Young (Allocation Failure)
[88.706s][info][gc,heap        ] GC(1524) PSYoungGen: 172384K(172544K)->1824K(172544K) Eden: 170496K(170496K)->0K(170496K) From: 1888K(2048K)->1824K(2048K)
[88.706s][info][gc,heap        ] GC(1524) ParOldGen: 49960K(349696K)->50128K(349696K)
[88.706s][info][gc,metaspace   ] GC(1524) Metaspace: 73628K(74112K)->73628K(74112K) NonClass: 58830K(59008K)->58830K(59008K) Class: 14798K(15104K)->14798K(15104K)
[88.706s][info][gc             ] GC(1524) Pause Young (Allocation Failure) 217M->50M(510M) 1.144ms
[88.706s][info][gc,cpu         ] GC(1524) User=0.00s Sys=0.00s Real=0.00s
[88.749s][info][gc,start       ] GC(1525) Pause Young (Allocation Failure)
[88.750s][info][gc,heap        ] GC(1525) PSYoungGen: 172320K(172544K)->1760K(172544K) Eden: 170496K(170496K)->0K(170496K) From: 1824K(2048K)->1760K(2048K)
[88.750s][info][gc,heap        ] GC(1525) ParOldGen: 50128K(349696K)->50328K(349696K)
[88.750s][info][gc,metaspace   ] GC(1525) Metaspace: 73628K(74112K)->73628K(74112K) NonClass: 58830K(59008K)->58830K(59008K) Class: 14798K(15104K)->14798K(15104K)
[88.750s][info][gc             ] GC(1525) Pause Young (Allocation Failure) 217M->50M(510M) 1.148ms
[88.750s][info][gc,cpu         ] GC(1525) User=0.00s Sys=0.00s Real=0.00s
[88.792s][info][gc,start       ] GC(1526) Pause Young (Allocation Failure)
[88.793s][info][gc,heap        ] GC(1526) PSYoungGen: 172256K(172544K)->1824K(172544K) Eden: 170496K(170496K)->0K(170496K) From: 1760K(2048K)->1824K(2048K)
[88.793s][info][gc,heap        ] GC(1526) ParOldGen: 50328K(349696K)->50480K(349696K)
[88.793s][info][gc,metaspace   ] GC(1526) Metaspace: 73628K(74112K)->73628K(74112K) NonClass: 58830K(59008K)->58830K(59008K) Class: 14798K(15104K)->14798K(15104K)
[88.793s][info][gc             ] GC(1526) Pause Young (Allocation Failure) 217M->51M(510M) 1.156ms
[88.793s][info][gc,cpu         ] GC(1526) User=0.00s Sys=0.00s Real=0.00s
[88.835s][info][gc,start       ] GC(1527) Pause Young (Allocation Failure)
[88.836s][info][gc,heap        ] GC(1527) PSYoungGen: 172320K(172544K)->1920K(172544K) Eden: 170496K(170496K)->0K(170496K) From: 1824K(2048K)->1920K(2048K)
[88.836s][info][gc,heap        ] GC(1527) ParOldGen: 50480K(349696K)->50656K(349696K)
[88.836s][info][gc,metaspace   ] GC(1527) Metaspace: 73628K(74112K)->73628K(74112K) NonClass: 58830K(59008K)->58830K(59008K) Class: 14798K(15104K)->14798K(15104K)
[88.836s][info][gc             ] GC(1527) Pause Young (Allocation Failure) 217M->51M(510M) 1.176ms
[88.836s][info][gc,cpu         ] GC(1527) User=0.00s Sys=0.00s Real=0.00s
[88.878s][info][gc,start       ] GC(1528) Pause Young (Allocation Failure)
[88.879s][info][gc,heap        ] GC(1528) PSYoungGen: 172416K(172544K)->1824K(172544K) Eden: 170496K(170496K)->0K(170496K) From: 1920K(2048K)->1824K(2048K)
[88.879s][info][gc,heap        ] GC(1528) ParOldGen: 50656K(349696K)->50808K(349696K)
[88.879s][info][gc,metaspace   ] GC(1528) Metaspace: 73628K(74112K)->73628K(74112K) NonClass: 58830K(59008K)->58830K(59008K) Class: 14798K(15104K)->14798K(15104K)
[88.879s][info][gc             ] GC(1528) Pause Young (Allocation Failure) 217M->51M(510M) 1.180ms
[88.879s][info][gc,cpu         ] GC(1528) User=0.00s Sys=0.00s Real=0.00s
[88.921s][info][gc,start       ] GC(1529) Pause Young (Allocation Failure)
[88.922s][info][gc,heap        ] GC(1529) PSYoungGen: 172320K(172544K)->1888K(172544K) Eden: 170496K(170496K)->0K(170496K) From: 1824K(2048K)->1888K(2048K)
[88.922s][info][gc,heap        ] GC(1529) ParOldGen: 50808K(349696K)->50976K(349696K)
[88.922s][info][gc,metaspace   ] GC(1529) Metaspace: 73628K(74112K)->73628K(74112K) NonClass: 58830K(59008K)->58830K(59008K) Class: 14798K(15104K)->14798K(15104K)
[88.923s][info][gc             ] GC(1529) Pause Young (Allocation Failure) 217M->51M(510M) 1.125ms
[88.923s][info][gc,cpu         ] GC(1529) User=0.00s Sys=0.00s Real=0.00s
[88.965s][info][gc,start       ] GC(1530) Pause Young (Allocation Failure)
[88.966s][info][gc,heap        ] GC(1530) PSYoungGen: 172384K(172544K)->1888K(172544K) Eden: 170496K(170496K)->0K(170496K) From: 1888K(2048K)->1888K(2048K)
[88.966s][info][gc,heap        ] GC(1530) ParOldGen: 50976K(349696K)->51160K(349696K)
[88.966s][info][gc,metaspace   ] GC(1530) Metaspace: 73628K(74112K)->73628K(74112K) NonClass: 58830K(59008K)->58830K(59008K) Class: 14798K(15104K)->14798K(15104K)
[88.966s][info][gc             ] GC(1530) Pause Young (Allocation Failure) 218M->51M(510M) 1.154ms
[88.966s][info][gc,cpu         ] GC(1530) User=0.00s Sys=0.00s Real=0.00s
[89.008s][info][gc,start       ] GC(1531) Pause Young (Allocation Failure)
[89.009s][info][gc,heap        ] GC(1531) PSYoungGen: 172384K(172544K)->1952K(172544K) Eden: 170496K(170496K)->0K(170496K) From: 1888K(2048K)->1952K(2048K)
[89.009s][info][gc,heap        ] GC(1531) ParOldGen: 51160K(349696K)->51304K(349696K)
[89.009s][info][gc,metaspace   ] GC(1531) Metaspace: 73628K(74112K)->73628K(74112K) NonClass: 58830K(59008K)->58830K(59008K) Class: 14798K(15104K)->14798K(15104K)
[89.009s][info][gc             ] GC(1531) Pause Young (Allocation Failure) 218M->52M(510M) 1.144ms
[89.009s][info][gc,cpu         ] GC(1531) User=0.00s Sys=0.00s Real=0.00s
[89.051s][info][gc,start       ] GC(1532) Pause Young (Allocation Failure)
[89.052s][info][gc,heap        ] GC(1532) PSYoungGen: 172448K(172544K)->1856K(172544K) Eden: 170496K(170496K)->0K(170496K) From: 1952K(2048K)->1856K(2048K)
[89.052s][info][gc,heap        ] GC(1532) ParOldGen: 51304K(349696K)->51440K(349696K)
[89.052s][info][gc,metaspace   ] GC(1532) Metaspace: 73628K(74112K)->73628K(74112K) NonClass: 58830K(59008K)->58830K(59008K) Class: 14798K(15104K)->14798K(15104K)
[89.052s][info][gc             ] GC(1532) Pause Young (Allocation Failure) 218M->52M(510M) 1.127ms
[89.052s][info][gc,cpu         ] GC(1532) User=0.00s Sys=0.00s Real=0.00s
[89.094s][info][gc,start       ] GC(1533) Pause Young (Allocation Failure)
[89.095s][info][gc,heap        ] GC(1533) PSYoungGen: 172352K(172544K)->1856K(172544K) Eden: 170496K(170496K)->0K(170496K) From: 1856K(2048K)->1856K(2048K)
[89.095s][info][gc,heap        ] GC(1533) ParOldGen: 51440K(349696K)->51616K(349696K)
[89.095s][info][gc,metaspace   ] GC(1533) Metaspace: 73628K(74112K)->73628K(74112K) NonClass: 58830K(59008K)->58830K(59008K) Class: 14798K(15104K)->14798K(15104K)
[89.095s][info][gc             ] GC(1533) Pause Young (Allocation Failure) 218M->52M(510M) 1.184ms
[89.095s][info][gc,cpu         ] GC(1533) User=0.00s Sys=0.00s Real=0.00s
[89.137s][info][gc,start       ] GC(1534) Pause Young (Allocation Failure)
[89.138s][info][gc,heap        ] GC(1534) PSYoungGen: 172352K(172544K)->1856K(172544K) Eden: 170496K(170496K)->0K(170496K) From: 1856K(2048K)->1856K(2048K)
[89.138s][info][gc,heap        ] GC(1534) ParOldGen: 51616K(349696K)->51880K(349696K)
[89.138s][info][gc,metaspace   ] GC(1534) Metaspace: 73628K(74112K)->73628K(74112K) NonClass: 58830K(59008K)->58830K(59008K) Class: 14798K(15104K)->14798K(15104K)
[89.138s][info][gc             ] GC(1534) Pause Young (Allocation Failure) 218M->52M(510M) 1.155ms
[89.138s][info][gc,cpu         ] GC(1534) User=0.00s Sys=0.00s Real=0.00s
[89.180s][info][gc,start       ] GC(1535) Pause Young (Allocation Failure)
[89.181s][info][gc,heap        ] GC(1535) PSYoungGen: 172352K(172544K)->1824K(172544K) Eden: 170496K(170496K)->0K(170496K) From: 1856K(2048K)->1824K(2048K)
[89.181s][info][gc,heap        ] GC(1535) ParOldGen: 51880K(349696K)->52032K(349696K)
[89.181s][info][gc,metaspace   ] GC(1535) Metaspace: 73628K(74112K)->73628K(74112K) NonClass: 58830K(59008K)->58830K(59008K) Class: 14798K(15104K)->14798K(15104K)
[89.181s][info][gc             ] GC(1535) Pause Young (Allocation Failure) 218M->52M(510M) 1.131ms
[89.181s][info][gc,cpu         ] GC(1535) User=0.00s Sys=0.00s Real=0.00s
[89.223s][info][gc,start       ] GC(1536) Pause Young (Allocation Failure)
[89.224s][info][gc,heap        ] GC(1536) PSYoungGen: 172320K(172544K)->1888K(172544K) Eden: 170496K(170496K)->0K(170496K) From: 1824K(2048K)->1888K(2048K)
[89.224s][info][gc,heap        ] GC(1536) ParOldGen: 52032K(349696K)->52152K(349696K)
[89.225s][info][gc,metaspace   ] GC(1536) Metaspace: 73628K(74112K)->73628K(74112K) NonClass: 58830K(59008K)->58830K(59008K) Class: 14798K(15104K)->14798K(15104K)
[89.225s][info][gc             ] GC(1536) Pause Young (Allocation Failure) 219M->52M(510M) 1.161ms
[89.225s][info][gc,cpu         ] GC(1536) User=0.00s Sys=0.00s Real=0.00s
[89.266s][info][gc,start       ] GC(1537) Pause Young (Allocation Failure)
[89.268s][info][gc,heap        ] GC(1537) PSYoungGen: 172384K(172544K)->1920K(172544K) Eden: 170496K(170496K)->0K(170496K) From: 1888K(2048K)->1920K(2048K)
[89.268s][info][gc,heap        ] GC(1537) ParOldGen: 52152K(349696K)->52336K(349696K)
[89.268s][info][gc,metaspace   ] GC(1537) Metaspace: 73628K(74112K)->73628K(74112K) NonClass: 58830K(59008K)->58830K(59008K) Class: 14798K(15104K)->14798K(15104K)
[89.268s][info][gc             ] GC(1537) Pause Young (Allocation Failure) 219M->52M(510M) 1.150ms
[89.268s][info][gc,cpu         ] GC(1537) User=0.00s Sys=0.00s Real=0.00s
[89.310s][info][gc,start       ] GC(1538) Pause Young (Allocation Failure)
[89.311s][info][gc,heap        ] GC(1538) PSYoungGen: 172416K(172544K)->1824K(172544K) Eden: 170496K(170496K)->0K(170496K) From: 1920K(2048K)->1824K(2048K)
[89.311s][info][gc,heap        ] GC(1538) ParOldGen: 52336K(349696K)->52504K(349696K)
[89.311s][info][gc,metaspace   ] GC(1538) Metaspace: 73628K(74112K)->73628K(74112K) NonClass: 58830K(59008K)->58830K(59008K) Class: 14798K(15104K)->14798K(15104K)
[89.311s][info][gc             ] GC(1538) Pause Young (Allocation Failure) 219M->53M(510M) 1.152ms
[89.311s][info][gc,cpu         ] GC(1538) User=0.00s Sys=0.00s Real=0.00s
[89.353s][info][gc,start       ] GC(1539) Pause Young (Allocation Failure)
[89.354s][info][gc,heap        ] GC(1539) PSYoungGen: 172320K(172544K)->1824K(172544K) Eden: 170496K(170496K)->0K(170496K) From: 1824K(2048K)->1824K(2048K)
[89.354s][info][gc,heap        ] GC(1539) ParOldGen: 52504K(349696K)->52664K(349696K)
[89.354s][info][gc,metaspace   ] GC(1539) Metaspace: 73628K(74112K)->73628K(74112K) NonClass: 58830K(59008K)->58830K(59008K) Class: 14798K(15104K)->14798K(15104K)
[89.354s][info][gc             ] GC(1539) Pause Young (Allocation Failure) 219M->53M(510M) 1.164ms
[89.354s][info][gc,cpu         ] GC(1539) User=0.00s Sys=0.00s Real=0.00s
[89.396s][info][gc,start       ] GC(1540) Pause Young (Allocation Failure)
[89.397s][info][gc,heap        ] GC(1540) PSYoungGen: 172320K(172544K)->1888K(172544K) Eden: 170496K(170496K)->0K(170496K) From: 1824K(2048K)->1888K(2048K)
[89.397s][info][gc,heap        ] GC(1540) ParOldGen: 52664K(349696K)->52808K(349696K)
[89.397s][info][gc,metaspace   ] GC(1540) Metaspace: 73628K(74112K)->73628K(74112K) NonClass: 58830K(59008K)->58830K(59008K) Class: 14798K(15104K)->14798K(15104K)
[89.397s][info][gc             ] GC(1540) Pause Young (Allocation Failure) 219M->53M(510M) 1.157ms
[89.397s][info][gc,cpu         ] GC(1540) User=0.00s Sys=0.00s Real=0.00s
[89.439s][info][gc,start       ] GC(1541) Pause Young (Allocation Failure)
[89.440s][info][gc,heap        ] GC(1541) PSYoungGen: 172384K(172544K)->1856K(172544K) Eden: 170496K(170496K)->0K(170496K) From: 1888K(2048K)->1856K(2048K)
[89.440s][info][gc,heap        ] GC(1541) ParOldGen: 52808K(349696K)->53000K(349696K)
[89.440s][info][gc,metaspace   ] GC(1541) Metaspace: 73628K(74112K)->73628K(74112K) NonClass: 58830K(59008K)->58830K(59008K) Class: 14798K(15104K)->14798K(15104K)
[89.440s][info][gc             ] GC(1541) Pause Young (Allocation Failure) 219M->53M(510M) 1.163ms
[89.440s][info][gc,cpu         ] GC(1541) User=0.00s Sys=0.00s Real=0.00s
[89.482s][info][gc,start       ] GC(1542) Pause Young (Allocation Failure)
[89.483s][info][gc,heap        ] GC(1542) PSYoungGen: 172352K(172544K)->1888K(172544K) Eden: 170496K(170496K)->0K(170496K) From: 1856K(2048K)->1888K(2048K)
[89.483s][info][gc,heap        ] GC(1542) ParOldGen: 53000K(349696K)->53168K(349696K)
[89.483s][info][gc,metaspace   ] GC(1542) Metaspace: 73628K(74112K)->73628K(74112K) NonClass: 58830K(59008K)->58830K(59008K) Class: 14798K(15104K)->14798K(15104K)
[89.483s][info][gc             ] GC(1542) Pause Young (Allocation Failure) 220M->53M(510M) 1.123ms
[89.483s][info][gc,cpu         ] GC(1542) User=0.00s Sys=0.00s Real=0.00s
[89.525s][info][gc,start       ] GC(1543) Pause Young (Allocation Failure)
[89.526s][info][gc,heap        ] GC(1543) PSYoungGen: 172384K(172544K)->1856K(172544K) Eden: 170496K(170496K)->0K(170496K) From: 1888K(2048K)->1856K(2048K)
[89.526s][info][gc,heap        ] GC(1543) ParOldGen: 53168K(349696K)->53336K(349696K)
[89.526s][info][gc,metaspace   ] GC(1543) Metaspace: 73628K(74112K)->73628K(74112K) NonClass: 58830K(59008K)->58830K(59008K) Class: 14798K(15104K)->14798K(15104K)
[89.526s][info][gc             ] GC(1543) Pause Young (Allocation Failure) 220M->53M(510M) 1.176ms
[89.526s][info][gc,cpu         ] GC(1543) User=0.00s Sys=0.00s Real=0.00s
[89.568s][info][gc,start       ] GC(1544) Pause Young (Allocation Failure)
[89.570s][info][gc,heap        ] GC(1544) PSYoungGen: 172352K(172544K)->1856K(172544K) Eden: 170496K(170496K)->0K(170496K) From: 1856K(2048K)->1856K(2048K)
[89.570s][info][gc,heap        ] GC(1544) ParOldGen: 53336K(349696K)->53480K(349696K)
[89.570s][info][gc,metaspace   ] GC(1544) Metaspace: 73628K(74112K)->73628K(74112K) NonClass: 58830K(59008K)->58830K(59008K) Class: 14798K(15104K)->14798K(15104K)
[89.570s][info][gc             ] GC(1544) Pause Young (Allocation Failure) 220M->54M(510M) 1.157ms
[89.570s][info][gc,cpu         ] GC(1544) User=0.00s Sys=0.00s Real=0.00s
[89.612s][info][gc,start       ] GC(1545) Pause Young (Allocation Failure)
[89.613s][info][gc,heap        ] GC(1545) PSYoungGen: 172352K(172544K)->1760K(172544K) Eden: 170496K(170496K)->0K(170496K) From: 1856K(2048K)->1760K(2048K)
[89.613s][info][gc,heap        ] GC(1545) ParOldGen: 53480K(349696K)->53608K(349696K)
[89.613s][info][gc,metaspace   ] GC(1545) Metaspace: 73628K(74112K)->73628K(74112K) NonClass: 58830K(59008K)->58830K(59008K) Class: 14798K(15104K)->14798K(15104K)
[89.613s][info][gc             ] GC(1545) Pause Young (Allocation Failure) 220M->54M(510M) 1.106ms
[89.613s][info][gc,cpu         ] GC(1545) User=0.00s Sys=0.00s Real=0.00s
[89.654s][info][gc,start       ] GC(1546) Pause Young (Allocation Failure)
[89.656s][info][gc,heap        ] GC(1546) PSYoungGen: 172256K(172544K)->1856K(172544K) Eden: 170496K(170496K)->0K(170496K) From: 1760K(2048K)->1856K(2048K)
[89.656s][info][gc,heap        ] GC(1546) ParOldGen: 53608K(349696K)->53744K(349696K)
[89.656s][info][gc,metaspace   ] GC(1546) Metaspace: 73628K(74112K)->73628K(74112K) NonClass: 58830K(59008K)->58830K(59008K) Class: 14798K(15104K)->14798K(15104K)
[89.656s][info][gc             ] GC(1546) Pause Young (Allocation Failure) 220M->54M(510M) 1.149ms
[89.656s][info][gc,cpu         ] GC(1546) User=0.00s Sys=0.00s Real=0.00s
[89.697s][info][gc,start       ] GC(1547) Pause Young (Allocation Failure)
[89.699s][info][gc,heap        ] GC(1547) PSYoungGen: 172352K(172544K)->1760K(172544K) Eden: 170496K(170496K)->0K(170496K) From: 1856K(2048K)->1760K(2048K)
[89.699s][info][gc,heap        ] GC(1547) ParOldGen: 53744K(349696K)->53928K(349696K)
[89.699s][info][gc,metaspace   ] GC(1547) Metaspace: 73628K(74112K)->73628K(74112K) NonClass: 58830K(59008K)->58830K(59008K) Class: 14798K(15104K)->14798K(15104K)
[89.699s][info][gc             ] GC(1547) Pause Young (Allocation Failure) 220M->54M(510M) 1.136ms
[89.699s][info][gc,cpu         ] GC(1547) User=0.00s Sys=0.00s Real=0.00s
[89.741s][info][gc,start       ] GC(1548) Pause Young (Allocation Failure)
[89.742s][info][gc,heap        ] GC(1548) PSYoungGen: 172256K(172544K)->1920K(172544K) Eden: 170496K(170496K)->0K(170496K) From: 1760K(2048K)->1920K(2048K)
[89.742s][info][gc,heap        ] GC(1548) ParOldGen: 53928K(349696K)->54064K(349696K)
[89.742s][info][gc,metaspace   ] GC(1548) Metaspace: 73628K(74112K)->73628K(74112K) NonClass: 58830K(59008K)->58830K(59008K) Class: 14798K(15104K)->14798K(15104K)
[89.742s][info][gc             ] GC(1548) Pause Young (Allocation Failure) 220M->54M(510M) 1.128ms
[89.742s][info][gc,cpu         ] GC(1548) User=0.00s Sys=0.00s Real=0.00s
[89.784s][info][gc,start       ] GC(1549) Pause Young (Allocation Failure)
[89.785s][info][gc,heap        ] GC(1549) PSYoungGen: 172416K(172544K)->1888K(172544K) Eden: 170496K(170496K)->0K(170496K) From: 1920K(2048K)->1888K(2048K)
[89.785s][info][gc,heap        ] GC(1549) ParOldGen: 54064K(349696K)->54240K(349696K)
[89.785s][info][gc,metaspace   ] GC(1549) Metaspace: 73628K(74112K)->73628K(74112K) NonClass: 58830K(59008K)->58830K(59008K) Class: 14798K(15104K)->14798K(15104K)
[89.785s][info][gc             ] GC(1549) Pause Young (Allocation Failure) 221M->54M(510M) 1.190ms
[89.785s][info][gc,cpu         ] GC(1549) User=0.00s Sys=0.00s Real=0.00s
[89.827s][info][gc,start       ] GC(1550) Pause Young (Allocation Failure)
[89.836s][info][gc,heap        ] GC(1550) PSYoungGen: 172384K(172544K)->1856K(172544K) Eden: 170496K(170496K)->0K(170496K) From: 1888K(2048K)->1856K(2048K)
[89.836s][info][gc,heap        ] GC(1550) ParOldGen: 54240K(349696K)->54408K(349696K)
[89.836s][info][gc,metaspace   ] GC(1550) Metaspace: 73628K(74112K)->73628K(74112K) NonClass: 58830K(59008K)->58830K(59008K) Class: 14798K(15104K)->14798K(15104K)
[89.836s][info][gc             ] GC(1550) Pause Young (Allocation Failure) 221M->54M(510M) 9.280ms
[89.836s][info][gc,cpu         ] GC(1550) User=0.00s Sys=0.00s Real=0.00s
[89.879s][info][gc,start       ] GC(1551) Pause Young (Allocation Failure)
[89.880s][info][gc,heap        ] GC(1551) PSYoungGen: 172352K(172544K)->1792K(172544K) Eden: 170496K(170496K)->0K(170496K) From: 1856K(2048K)->1792K(2048K)
[89.880s][info][gc,heap        ] GC(1551) ParOldGen: 54408K(349696K)->54568K(349696K)
[89.880s][info][gc,metaspace   ] GC(1551) Metaspace: 73628K(74112K)->73628K(74112K) NonClass: 58830K(59008K)->58830K(59008K) Class: 14798K(15104K)->14798K(15104K)
[89.880s][info][gc             ] GC(1551) Pause Young (Allocation Failure) 221M->55M(510M) 1.152ms
[89.880s][info][gc,cpu         ] GC(1551) User=0.00s Sys=0.00s Real=0.00s
[89.922s][info][gc,start       ] GC(1552) Pause Young (Allocation Failure)
[89.923s][info][gc,heap        ] GC(1552) PSYoungGen: 172288K(172544K)->1824K(172544K) Eden: 170496K(170496K)->0K(170496K) From: 1792K(2048K)->1824K(2048K)
[89.923s][info][gc,heap        ] GC(1552) ParOldGen: 54568K(349696K)->54712K(349696K)
[89.923s][info][gc,metaspace   ] GC(1552) Metaspace: 73628K(74112K)->73628K(74112K) NonClass: 58830K(59008K)->58830K(59008K) Class: 14798K(15104K)->14798K(15104K)
[89.923s][info][gc             ] GC(1552) Pause Young (Allocation Failure) 221M->55M(510M) 1.155ms
[89.923s][info][gc,cpu         ] GC(1552) User=0.00s Sys=0.00s Real=0.00s
[89.965s][info][gc,start       ] GC(1553) Pause Young (Allocation Failure)
[89.966s][info][gc,heap        ] GC(1553) PSYoungGen: 172320K(172544K)->1920K(172544K) Eden: 170496K(170496K)->0K(170496K) From: 1824K(2048K)->1920K(2048K)
[89.966s][info][gc,heap        ] GC(1553) ParOldGen: 54712K(349696K)->54872K(349696K)
[89.966s][info][gc,metaspace   ] GC(1553) Metaspace: 73628K(74112K)->73628K(74112K) NonClass: 58830K(59008K)->58830K(59008K) Class: 14798K(15104K)->14798K(15104K)
[89.966s][info][gc             ] GC(1553) Pause Young (Allocation Failure) 221M->55M(510M) 1.150ms
[89.966s][info][gc,cpu         ] GC(1553) User=0.00s Sys=0.00s Real=0.00s
[90.008s][info][gc,start       ] GC(1554) Pause Young (Allocation Failure)
[90.010s][info][gc,heap        ] GC(1554) PSYoungGen: 172416K(172544K)->1824K(172544K) Eden: 170496K(170496K)->0K(170496K) From: 1920K(2048K)->1824K(2048K)
[90.010s][info][gc,heap        ] GC(1554) ParOldGen: 54872K(349696K)->55008K(349696K)
[90.010s][info][gc,metaspace   ] GC(1554) Metaspace: 73628K(74112K)->73628K(74112K) NonClass: 58830K(59008K)->58830K(59008K) Class: 14798K(15104K)->14798K(15104K)
[90.010s][info][gc             ] GC(1554) Pause Young (Allocation Failure) 221M->55M(510M) 1.150ms
[90.010s][info][gc,cpu         ] GC(1554) User=0.00s Sys=0.00s Real=0.00s
[90.052s][info][gc,start       ] GC(1555) Pause Young (Allocation Failure)
[90.053s][info][gc,heap        ] GC(1555) PSYoungGen: 172320K(172544K)->1888K(172544K) Eden: 170496K(170496K)->0K(170496K) From: 1824K(2048K)->1888K(2048K)
[90.053s][info][gc,heap        ] GC(1555) ParOldGen: 55008K(349696K)->55160K(349696K)
[90.053s][info][gc,metaspace   ] GC(1555) Metaspace: 73628K(74112K)->73628K(74112K) NonClass: 58830K(59008K)->58830K(59008K) Class: 14798K(15104K)->14798K(15104K)
[90.053s][info][gc             ] GC(1555) Pause Young (Allocation Failure) 222M->55M(510M) 1.145ms
[90.053s][info][gc,cpu         ] GC(1555) User=0.00s Sys=0.00s Real=0.00s
[90.095s][info][gc,start       ] GC(1556) Pause Young (Allocation Failure)
[90.096s][info][gc,heap        ] GC(1556) PSYoungGen: 172384K(172544K)->1888K(172544K) Eden: 170496K(170496K)->0K(170496K) From: 1888K(2048K)->1888K(2048K)
[90.096s][info][gc,heap        ] GC(1556) ParOldGen: 55160K(349696K)->55336K(349696K)
[90.096s][info][gc,metaspace   ] GC(1556) Metaspace: 73628K(74112K)->73628K(74112K) NonClass: 58830K(59008K)->58830K(59008K) Class: 14798K(15104K)->14798K(15104K)
[90.096s][info][gc             ] GC(1556) Pause Young (Allocation Failure) 222M->55M(510M) 1.208ms
[90.096s][info][gc,cpu         ] GC(1556) User=0.00s Sys=0.00s Real=0.00s
[90.138s][info][gc,start       ] GC(1557) Pause Young (Allocation Failure)
[90.139s][info][gc,heap        ] GC(1557) PSYoungGen: 172384K(172544K)->1824K(172544K) Eden: 170496K(170496K)->0K(170496K) From: 1888K(2048K)->1824K(2048K)
[90.139s][info][gc,heap        ] GC(1557) ParOldGen: 55336K(349696K)->55600K(349696K)
[90.139s][info][gc,metaspace   ] GC(1557) Metaspace: 73628K(74112K)->73628K(74112K) NonClass: 58830K(59008K)->58830K(59008K) Class: 14798K(15104K)->14798K(15104K)
[90.139s][info][gc             ] GC(1557) Pause Young (Allocation Failure) 222M->56M(510M) 1.179ms
[90.139s][info][gc,cpu         ] GC(1557) User=0.00s Sys=0.00s Real=0.00s
[90.181s][info][gc,start       ] GC(1558) Pause Young (Allocation Failure)
[90.182s][info][gc,heap        ] GC(1558) PSYoungGen: 172320K(172544K)->1888K(172544K) Eden: 170496K(170496K)->0K(170496K) From: 1824K(2048K)->1888K(2048K)
[90.182s][info][gc,heap        ] GC(1558) ParOldGen: 55600K(349696K)->55712K(349696K)
[90.182s][info][gc,metaspace   ] GC(1558) Metaspace: 73628K(74112K)->73628K(74112K) NonClass: 58830K(59008K)->58830K(59008K) Class: 14798K(15104K)->14798K(15104K)
[90.182s][info][gc             ] GC(1558) Pause Young (Allocation Failure) 222M->56M(510M) 1.138ms
[90.182s][info][gc,cpu         ] GC(1558) User=0.00s Sys=0.00s Real=0.00s
[90.224s][info][gc,start       ] GC(1559) Pause Young (Allocation Failure)
[90.225s][info][gc,heap        ] GC(1559) PSYoungGen: 172384K(172544K)->1824K(172544K) Eden: 170496K(170496K)->0K(170496K) From: 1888K(2048K)->1824K(2048K)
[90.225s][info][gc,heap        ] GC(1559) ParOldGen: 55712K(349696K)->55856K(349696K)
[90.225s][info][gc,metaspace   ] GC(1559) Metaspace: 73628K(74112K)->73628K(74112K) NonClass: 58830K(59008K)->58830K(59008K) Class: 14798K(15104K)->14798K(15104K)
[90.225s][info][gc             ] GC(1559) Pause Young (Allocation Failure) 222M->56M(510M) 1.164ms
[90.225s][info][gc,cpu         ] GC(1559) User=0.00s Sys=0.00s Real=0.00s
[90.267s][info][gc,start       ] GC(1560) Pause Young (Allocation Failure)
[90.268s][info][gc,heap        ] GC(1560) PSYoungGen: 172320K(172544K)->1920K(172544K) Eden: 170496K(170496K)->0K(170496K) From: 1824K(2048K)->1920K(2048K)
[90.268s][info][gc,heap        ] GC(1560) ParOldGen: 55856K(349696K)->56024K(349696K)
[90.268s][info][gc,metaspace   ] GC(1560) Metaspace: 73628K(74112K)->73628K(74112K) NonClass: 58830K(59008K)->58830K(59008K) Class: 14798K(15104K)->14798K(15104K)
[90.268s][info][gc             ] GC(1560) Pause Young (Allocation Failure) 222M->56M(510M) 1.132ms
[90.268s][info][gc,cpu         ] GC(1560) User=0.00s Sys=0.00s Real=0.00s
[90.310s][info][gc,start       ] GC(1561) Pause Young (Allocation Failure)
[90.311s][info][gc,heap        ] GC(1561) PSYoungGen: 172416K(172544K)->1856K(172544K) Eden: 170496K(170496K)->0K(170496K) From: 1920K(2048K)->1856K(2048K)
[90.311s][info][gc,heap        ] GC(1561) ParOldGen: 56024K(349696K)->56184K(349696K)
[90.311s][info][gc,metaspace   ] GC(1561) Metaspace: 73628K(74112K)->73628K(74112K) NonClass: 58830K(59008K)->58830K(59008K) Class: 14798K(15104K)->14798K(15104K)
[90.311s][info][gc             ] GC(1561) Pause Young (Allocation Failure) 223M->56M(510M) 1.152ms
[90.312s][info][gc,cpu         ] GC(1561) User=0.00s Sys=0.00s Real=0.00s
[90.353s][info][gc,start       ] GC(1562) Pause Young (Allocation Failure)
[90.354s][info][gc,heap        ] GC(1562) PSYoungGen: 172352K(172544K)->1824K(172544K) Eden: 170496K(170496K)->0K(170496K) From: 1856K(2048K)->1824K(2048K)
[90.354s][info][gc,heap        ] GC(1562) ParOldGen: 56184K(349696K)->56360K(349696K)
[90.354s][info][gc,metaspace   ] GC(1562) Metaspace: 73628K(74112K)->73628K(74112K) NonClass: 58830K(59008K)->58830K(59008K) Class: 14798K(15104K)->14798K(15104K)
[90.355s][info][gc             ] GC(1562) Pause Young (Allocation Failure) 223M->56M(510M) 1.164ms
[90.355s][info][gc,cpu         ] GC(1562) User=0.00s Sys=0.00s Real=0.00s
[90.396s][info][gc,start       ] GC(1563) Pause Young (Allocation Failure)
[90.398s][info][gc,heap        ] GC(1563) PSYoungGen: 172320K(172544K)->1888K(172544K) Eden: 170496K(170496K)->0K(170496K) From: 1824K(2048K)->1888K(2048K)
[90.398s][info][gc,heap        ] GC(1563) ParOldGen: 56360K(349696K)->56496K(349696K)
[90.398s][info][gc,metaspace   ] GC(1563) Metaspace: 73628K(74112K)->73628K(74112K) NonClass: 58830K(59008K)->58830K(59008K) Class: 14798K(15104K)->14798K(15104K)
[90.398s][info][gc             ] GC(1563) Pause Young (Allocation Failure) 223M->57M(510M) 1.159ms
[90.398s][info][gc,cpu         ] GC(1563) User=0.00s Sys=0.00s Real=0.00s
[90.440s][info][gc,start       ] GC(1564) Pause Young (Allocation Failure)
[90.441s][info][gc,heap        ] GC(1564) PSYoungGen: 172384K(172544K)->1920K(172544K) Eden: 170496K(170496K)->0K(170496K) From: 1888K(2048K)->1920K(2048K)
[90.441s][info][gc,heap        ] GC(1564) ParOldGen: 56496K(349696K)->56672K(349696K)
[90.441s][info][gc,metaspace   ] GC(1564) Metaspace: 73628K(74112K)->73628K(74112K) NonClass: 58830K(59008K)->58830K(59008K) Class: 14798K(15104K)->14798K(15104K)
[90.441s][info][gc             ] GC(1564) Pause Young (Allocation Failure) 223M->57M(510M) 1.137ms
[90.441s][info][gc,cpu         ] GC(1564) User=0.00s Sys=0.00s Real=0.00s
[90.483s][info][gc,start       ] GC(1565) Pause Young (Allocation Failure)
[90.484s][info][gc,heap        ] GC(1565) PSYoungGen: 172416K(172544K)->1856K(172544K) Eden: 170496K(170496K)->0K(170496K) From: 1920K(2048K)->1856K(2048K)
[90.484s][info][gc,heap        ] GC(1565) ParOldGen: 56672K(349696K)->56800K(349696K)
[90.484s][info][gc,metaspace   ] GC(1565) Metaspace: 73628K(74112K)->73628K(74112K) NonClass: 58830K(59008K)->58830K(59008K) Class: 14798K(15104K)->14798K(15104K)
[90.484s][info][gc             ] GC(1565) Pause Young (Allocation Failure) 223M->57M(510M) 1.114ms
[90.484s][info][gc,cpu         ] GC(1565) User=0.00s Sys=0.00s Real=0.00s
[90.526s][info][gc,start       ] GC(1566) Pause Young (Allocation Failure)
[90.527s][info][gc,heap        ] GC(1566) PSYoungGen: 172352K(172544K)->1952K(172544K) Eden: 170496K(170496K)->0K(170496K) From: 1856K(2048K)->1952K(2048K)
[90.527s][info][gc,heap        ] GC(1566) ParOldGen: 56800K(349696K)->57008K(349696K)
[90.527s][info][gc,metaspace   ] GC(1566) Metaspace: 73628K(74112K)->73628K(74112K) NonClass: 58830K(59008K)->58830K(59008K) Class: 14798K(15104K)->14798K(15104K)
[90.527s][info][gc             ] GC(1566) Pause Young (Allocation Failure) 223M->57M(510M) 1.160ms
[90.527s][info][gc,cpu         ] GC(1566) User=0.00s Sys=0.00s Real=0.00s
[90.570s][info][gc,start       ] GC(1567) Pause Young (Allocation Failure)
[90.571s][info][gc,heap        ] GC(1567) PSYoungGen: 172448K(172544K)->1824K(172544K) Eden: 170496K(170496K)->0K(170496K) From: 1952K(2048K)->1824K(2048K)
[90.571s][info][gc,heap        ] GC(1567) ParOldGen: 57008K(349696K)->57176K(349696K)
[90.571s][info][gc,metaspace   ] GC(1567) Metaspace: 73628K(74112K)->73628K(74112K) NonClass: 58830K(59008K)->58830K(59008K) Class: 14798K(15104K)->14798K(15104K)
[90.571s][info][gc             ] GC(1567) Pause Young (Allocation Failure) 224M->57M(510M) 1.089ms
[90.571s][info][gc,cpu         ] GC(1567) User=0.00s Sys=0.00s Real=0.00s
[90.614s][info][gc,start       ] GC(1568) Pause Young (Allocation Failure)
[90.615s][info][gc,heap        ] GC(1568) PSYoungGen: 172320K(172544K)->1824K(172544K) Eden: 170496K(170496K)->0K(170496K) From: 1824K(2048K)->1824K(2048K)
[90.615s][info][gc,heap        ] GC(1568) ParOldGen: 57176K(349696K)->57448K(349696K)
[90.615s][info][gc,metaspace   ] GC(1568) Metaspace: 73628K(74112K)->73628K(74112K) NonClass: 58830K(59008K)->58830K(59008K) Class: 14798K(15104K)->14798K(15104K)
[90.615s][info][gc             ] GC(1568) Pause Young (Allocation Failure) 224M->57M(510M) 1.127ms
[90.615s][info][gc,cpu         ] GC(1568) User=0.00s Sys=0.00s Real=0.00s
[90.657s][info][gc,start       ] GC(1569) Pause Young (Allocation Failure)
[90.658s][info][gc,heap        ] GC(1569) PSYoungGen: 172319K(172544K)->1760K(172544K) Eden: 170495K(170496K)->0K(170496K) From: 1824K(2048K)->1760K(2048K)
[90.658s][info][gc,heap        ] GC(1569) ParOldGen: 57448K(349696K)->57656K(349696K)
[90.658s][info][gc,metaspace   ] GC(1569) Metaspace: 73628K(74112K)->73628K(74112K) NonClass: 58830K(59008K)->58830K(59008K) Class: 14798K(15104K)->14798K(15104K)
[90.658s][info][gc             ] GC(1569) Pause Young (Allocation Failure) 224M->58M(510M) 1.117ms
[90.658s][info][gc,cpu         ] GC(1569) User=0.00s Sys=0.00s Real=0.00s
[90.701s][info][gc,start       ] GC(1570) Pause Young (Allocation Failure)
[90.702s][info][gc,heap        ] GC(1570) PSYoungGen: 172256K(172544K)->1792K(172544K) Eden: 170496K(170496K)->0K(170496K) From: 1760K(2048K)->1792K(2048K)
[90.702s][info][gc,heap        ] GC(1570) ParOldGen: 57656K(349696K)->57696K(349696K)
[90.702s][info][gc,metaspace   ] GC(1570) Metaspace: 73628K(74112K)->73628K(74112K) NonClass: 58830K(59008K)->58830K(59008K) Class: 14798K(15104K)->14798K(15104K)
[90.702s][info][gc             ] GC(1570) Pause Young (Allocation Failure) 224M->58M(510M) 1.086ms
[90.702s][info][gc,cpu         ] GC(1570) User=0.00s Sys=0.00s Real=0.00s
[90.744s][info][gc,start       ] GC(1571) Pause Young (Allocation Failure)
[90.745s][info][gc,heap        ] GC(1571) PSYoungGen: 172288K(172544K)->1792K(172544K) Eden: 170496K(170496K)->0K(170496K) From: 1792K(2048K)->1792K(2048K)
[90.745s][info][gc,heap        ] GC(1571) ParOldGen: 57696K(349696K)->57736K(349696K)
[90.745s][info][gc,metaspace   ] GC(1571) Metaspace: 73628K(74112K)->73628K(74112K) NonClass: 58830K(59008K)->58830K(59008K) Class: 14798K(15104K)->14798K(15104K)
[90.745s][info][gc             ] GC(1571) Pause Young (Allocation Failure) 224M->58M(510M) 1.105ms
[90.746s][info][gc,cpu         ] GC(1571) User=0.00s Sys=0.00s Real=0.00s
[90.789s][info][gc,start       ] GC(1572) Pause Young (Allocation Failure)
[90.790s][info][gc,heap        ] GC(1572) PSYoungGen: 172288K(172544K)->1600K(172544K) Eden: 170496K(170496K)->0K(170496K) From: 1792K(2048K)->1600K(2048K)
[90.790s][info][gc,heap        ] GC(1572) ParOldGen: 57736K(349696K)->58064K(349696K)
[90.790s][info][gc,metaspace   ] GC(1572) Metaspace: 73628K(74112K)->73628K(74112K) NonClass: 58830K(59008K)->58830K(59008K) Class: 14798K(15104K)->14798K(15104K)
[90.790s][info][gc             ] GC(1572) Pause Young (Allocation Failure) 224M->58M(510M) 1.001ms
[90.790s][info][gc,cpu         ] GC(1572) User=0.00s Sys=0.00s Real=0.00s
[90.833s][info][gc,start       ] GC(1573) Pause Young (Allocation Failure)
[90.834s][info][gc,heap        ] GC(1573) PSYoungGen: 172096K(172544K)->1728K(172544K) Eden: 170496K(170496K)->0K(170496K) From: 1600K(2048K)->1728K(2048K)
[90.834s][info][gc,heap        ] GC(1573) ParOldGen: 58064K(349696K)->58224K(349696K)
[90.834s][info][gc,metaspace   ] GC(1573) Metaspace: 73628K(74112K)->73628K(74112K) NonClass: 58830K(59008K)->58830K(59008K) Class: 14798K(15104K)->14798K(15104K)
[90.834s][info][gc             ] GC(1573) Pause Young (Allocation Failure) 224M->58M(510M) 1.024ms
[90.834s][info][gc,cpu         ] GC(1573) User=0.00s Sys=0.00s Real=0.00s
[90.878s][info][gc,start       ] GC(1574) Pause Young (Allocation Failure)
[90.879s][info][gc,heap        ] GC(1574) PSYoungGen: 172224K(172544K)->1632K(172544K) Eden: 170496K(170496K)->0K(170496K) From: 1728K(2048K)->1632K(2048K)
[90.879s][info][gc,heap        ] GC(1574) ParOldGen: 58224K(349696K)->58392K(349696K)
[90.879s][info][gc,metaspace   ] GC(1574) Metaspace: 73628K(74112K)->73628K(74112K) NonClass: 58830K(59008K)->58830K(59008K) Class: 14798K(15104K)->14798K(15104K)
[90.879s][info][gc             ] GC(1574) Pause Young (Allocation Failure) 225M->58M(510M) 1.057ms
[90.879s][info][gc,cpu         ] GC(1574) User=0.00s Sys=0.00s Real=0.00s
[90.922s][info][gc,start       ] GC(1575) Pause Young (Allocation Failure)
[90.923s][info][gc,heap        ] GC(1575) PSYoungGen: 172128K(172544K)->1504K(172544K) Eden: 170496K(170496K)->0K(170496K) From: 1632K(2048K)->1504K(2048K)
[90.923s][info][gc,heap        ] GC(1575) ParOldGen: 58392K(349696K)->58560K(349696K)
[90.923s][info][gc,metaspace   ] GC(1575) Metaspace: 73628K(74112K)->73628K(74112K) NonClass: 58830K(59008K)->58830K(59008K) Class: 14798K(15104K)->14798K(15104K)
[90.923s][info][gc             ] GC(1575) Pause Young (Allocation Failure) 225M->58M(510M) 1.062ms
[90.923s][info][gc,cpu         ] GC(1575) User=0.00s Sys=0.00s Real=0.00s
[90.969s][info][gc,start       ] GC(1576) Pause Young (Allocation Failure)
[90.970s][info][gc,heap        ] GC(1576) PSYoungGen: 172000K(172544K)->1600K(172544K) Eden: 170496K(170496K)->0K(170496K) From: 1504K(2048K)->1600K(2048K)
[90.970s][info][gc,heap        ] GC(1576) ParOldGen: 58560K(349696K)->58696K(349696K)
[90.970s][info][gc,metaspace   ] GC(1576) Metaspace: 73628K(74112K)->73628K(74112K) NonClass: 58830K(59008K)->58830K(59008K) Class: 14798K(15104K)->14798K(15104K)
[90.970s][info][gc             ] GC(1576) Pause Young (Allocation Failure) 225M->58M(510M) 1.029ms
[90.970s][info][gc,cpu         ] GC(1576) User=0.52s Sys=0.00s Real=0.00s
[91.015s][info][gc,start       ] GC(1577) Pause Young (Allocation Failure)
[91.016s][info][gc,heap        ] GC(1577) PSYoungGen: 172096K(172544K)->1536K(172544K) Eden: 170496K(170496K)->0K(170496K) From: 1600K(2048K)->1536K(2048K)
[91.016s][info][gc,heap        ] GC(1577) ParOldGen: 58696K(349696K)->58896K(349696K)
[91.016s][info][gc,metaspace   ] GC(1577) Metaspace: 73628K(74112K)->73628K(74112K) NonClass: 58830K(59008K)->58830K(59008K) Class: 14798K(15104K)->14798K(15104K)
[91.016s][info][gc             ] GC(1577) Pause Young (Allocation Failure) 225M->59M(510M) 1.018ms
[91.016s][info][gc,cpu         ] GC(1577) User=0.52s Sys=0.00s Real=0.00s
[91.063s][info][gc,start       ] GC(1578) Pause Young (Allocation Failure)
[91.064s][info][gc,heap        ] GC(1578) PSYoungGen: 172032K(172544K)->1568K(172544K) Eden: 170496K(170496K)->0K(170496K) From: 1536K(2048K)->1568K(2048K)
[91.064s][info][gc,heap        ] GC(1578) ParOldGen: 58896K(349696K)->59024K(349696K)
[91.064s][info][gc,metaspace   ] GC(1578) Metaspace: 73628K(74112K)->73628K(74112K) NonClass: 58830K(59008K)->58830K(59008K) Class: 14798K(15104K)->14798K(15104K)
[91.064s][info][gc             ] GC(1578) Pause Young (Allocation Failure) 225M->59M(510M) 0.989ms
[91.064s][info][gc,cpu         ] GC(1578) User=0.00s Sys=0.00s Real=0.00s
[91.111s][info][gc,start       ] GC(1579) Pause Young (Allocation Failure)
[91.112s][info][gc,heap        ] GC(1579) PSYoungGen: 172064K(172544K)->1504K(172544K) Eden: 170496K(170496K)->0K(170496K) From: 1568K(2048K)->1504K(2048K)
[91.112s][info][gc,heap        ] GC(1579) ParOldGen: 59024K(349696K)->59200K(349696K)
[91.112s][info][gc,metaspace   ] GC(1579) Metaspace: 73628K(74112K)->73628K(74112K) NonClass: 58830K(59008K)->58830K(59008K) Class: 14798K(15104K)->14798K(15104K)
[91.112s][info][gc             ] GC(1579) Pause Young (Allocation Failure) 225M->59M(510M) 0.982ms
[91.112s][info][gc,cpu         ] GC(1579) User=0.00s Sys=0.00s Real=0.00s
[91.163s][info][gc,start       ] GC(1580) Pause Young (Allocation Failure)
[91.164s][info][gc,heap        ] GC(1580) PSYoungGen: 172000K(172544K)->1280K(171520K) Eden: 170496K(170496K)->0K(169472K) From: 1504K(2048K)->1280K(2048K)
[91.164s][info][gc,heap        ] GC(1580) ParOldGen: 59200K(349696K)->59512K(349696K)
[91.164s][info][gc,metaspace   ] GC(1580) Metaspace: 73628K(74112K)->73628K(74112K) NonClass: 58830K(59008K)->58830K(59008K) Class: 14798K(15104K)->14798K(15104K)
[91.164s][info][gc             ] GC(1580) Pause Young (Allocation Failure) 225M->59M(509M) 0.946ms
[91.164s][info][gc,cpu         ] GC(1580) User=0.00s Sys=0.00s Real=0.00s
[91.221s][info][gc,start       ] GC(1581) Pause Young (Allocation Failure)
[91.222s][info][gc,heap        ] GC(1581) PSYoungGen: 170752K(171520K)->1184K(172032K) Eden: 169472K(169472K)->0K(169472K) From: 1280K(2048K)->1184K(2560K)
[91.222s][info][gc,heap        ] GC(1581) ParOldGen: 59512K(349696K)->59752K(349696K)
[91.222s][info][gc,metaspace   ] GC(1581) Metaspace: 73628K(74112K)->73628K(74112K) NonClass: 58830K(59008K)->58830K(59008K) Class: 14798K(15104K)->14798K(15104K)
[91.222s][info][gc             ] GC(1581) Pause Young (Allocation Failure) 224M->59M(509M) 0.873ms
[91.222s][info][gc,cpu         ] GC(1581) User=0.00s Sys=0.00s Real=0.00s
[91.290s][info][gc,start       ] GC(1582) Pause Young (Allocation Failure)
[91.290s][info][gc,heap        ] GC(1582) PSYoungGen: 170656K(172032K)->1120K(172032K) Eden: 169472K(169472K)->0K(169472K) From: 1184K(2560K)->1120K(2560K)
[91.290s][info][gc,heap        ] GC(1582) ParOldGen: 59752K(349696K)->60040K(349696K)
[91.290s][info][gc,metaspace   ] GC(1582) Metaspace: 73658K(74176K)->73658K(74176K) NonClass: 58860K(59072K)->58860K(59072K) Class: 14798K(15104K)->14798K(15104K)
[91.290s][info][gc             ] GC(1582) Pause Young (Allocation Failure) 225M->59M(509M) 0.924ms
[91.290s][info][gc,cpu         ] GC(1582) User=0.00s Sys=0.00s Real=0.00s
[91.371s][info][gc,start       ] GC(1583) Pause Young (Allocation Failure)
[91.372s][info][gc,heap        ] GC(1583) PSYoungGen: 170592K(172032K)->992K(172032K) Eden: 169472K(169472K)->0K(169472K) From: 1120K(2560K)->992K(2560K)
[91.372s][info][gc,heap        ] GC(1583) ParOldGen: 60040K(349696K)->60304K(349696K)
[91.372s][info][gc,metaspace   ] GC(1583) Metaspace: 73658K(74176K)->73658K(74176K) NonClass: 58860K(59072K)->58860K(59072K) Class: 14798K(15104K)->14798K(15104K)
[91.372s][info][gc             ] GC(1583) Pause Young (Allocation Failure) 225M->59M(509M) 0.846ms
[91.372s][info][gc,cpu         ] GC(1583) User=0.00s Sys=0.00s Real=0.00s
[91.466s][info][gc,start       ] GC(1584) Pause Young (Allocation Failure)
[91.467s][info][gc,heap        ] GC(1584) PSYoungGen: 170464K(172032K)->896K(172032K) Eden: 169472K(169472K)->0K(169472K) From: 992K(2560K)->896K(2560K)
[91.467s][info][gc,heap        ] GC(1584) ParOldGen: 60304K(349696K)->60536K(349696K)
[91.467s][info][gc,metaspace   ] GC(1584) Metaspace: 73658K(74176K)->73658K(74176K) NonClass: 58860K(59072K)->58860K(59072K) Class: 14798K(15104K)->14798K(15104K)
[91.467s][info][gc             ] GC(1584) Pause Young (Allocation Failure) 225M->59M(509M) 0.687ms
[91.467s][info][gc,cpu         ] GC(1584) User=0.00s Sys=0.00s Real=0.00s
[91.576s][info][gc,start       ] GC(1585) Pause Young (Allocation Failure)
[91.576s][info][gc,heap        ] GC(1585) PSYoungGen: 170368K(172032K)->672K(165888K) Eden: 169472K(169472K)->0K(164864K) From: 896K(2560K)->672K(1024K)
[91.576s][info][gc,heap        ] GC(1585) ParOldGen: 60536K(349696K)->60736K(349696K)
[91.576s][info][gc,metaspace   ] GC(1585) Metaspace: 73658K(74176K)->73658K(74176K) NonClass: 58860K(59072K)->58860K(59072K) Class: 14798K(15104K)->14798K(15104K)
[91.576s][info][gc             ] GC(1585) Pause Young (Allocation Failure) 225M->59M(503M) 0.839ms
[91.576s][info][gc,cpu         ] GC(1585) User=0.00s Sys=0.00s Real=0.00s
[91.683s][info][gc,start       ] GC(1586) Pause Young (Allocation Failure)
[91.684s][info][gc,heap        ] GC(1586) PSYoungGen: 165536K(165888K)->640K(161792K) Eden: 164864K(164864K)->0K(160768K) From: 672K(1024K)->640K(1024K)
[91.684s][info][gc,heap        ] GC(1586) ParOldGen: 60736K(349696K)->60824K(349696K)
[91.684s][info][gc,metaspace   ] GC(1586) Metaspace: 73658K(74176K)->73658K(74176K) NonClass: 58860K(59072K)->58860K(59072K) Class: 14798K(15104K)->14798K(15104K)
[91.684s][info][gc             ] GC(1586) Pause Young (Allocation Failure) 220M->60M(499M) 0.769ms
[91.684s][info][gc,cpu         ] GC(1586) User=0.00s Sys=0.00s Real=0.00s
[91.789s][info][gc,start       ] GC(1587) Pause Young (Allocation Failure)
[91.790s][info][gc,heap        ] GC(1587) PSYoungGen: 161408K(161792K)->608K(157696K) Eden: 160768K(160768K)->0K(156672K) From: 640K(1024K)->608K(1024K)
[91.790s][info][gc,heap        ] GC(1587) ParOldGen: 60824K(349696K)->60896K(349696K)
[91.790s][info][gc,metaspace   ] GC(1587) Metaspace: 73658K(74176K)->73658K(74176K) NonClass: 58860K(59072K)->58860K(59072K) Class: 14798K(15104K)->14798K(15104K)
[91.790s][info][gc             ] GC(1587) Pause Young (Allocation Failure) 217M->60M(495M) 0.723ms
[91.790s][info][gc,cpu         ] GC(1587) User=0.00s Sys=0.00s Real=0.00s
[91.892s][info][gc,start       ] GC(1588) Pause Young (Allocation Failure)
[91.893s][info][gc,heap        ] GC(1588) PSYoungGen: 157280K(157696K)->608K(153600K) Eden: 156672K(156672K)->0K(152576K) From: 608K(1024K)->608K(1024K)
[91.893s][info][gc,heap        ] GC(1588) ParOldGen: 60896K(349696K)->60896K(349696K)
[91.893s][info][gc,metaspace   ] GC(1588) Metaspace: 73658K(74176K)->73658K(74176K) NonClass: 58860K(59072K)->58860K(59072K) Class: 14798K(15104K)->14798K(15104K)
[91.893s][info][gc             ] GC(1588) Pause Young (Allocation Failure) 213M->60M(491M) 0.826ms
[91.893s][info][gc,cpu         ] GC(1588) User=0.00s Sys=0.00s Real=0.00s
[91.993s][info][gc,start       ] GC(1589) Pause Young (Allocation Failure)
[91.994s][info][gc,heap        ] GC(1589) PSYoungGen: 153184K(153600K)->608K(149504K) Eden: 152576K(152576K)->0K(148480K) From: 608K(1024K)->608K(1024K)
[91.994s][info][gc,heap        ] GC(1589) ParOldGen: 60896K(349696K)->60952K(349696K)
[91.994s][info][gc,metaspace   ] GC(1589) Metaspace: 73658K(74176K)->73658K(74176K) NonClass: 58860K(59072K)->58860K(59072K) Class: 14798K(15104K)->14798K(15104K)
[91.994s][info][gc             ] GC(1589) Pause Young (Allocation Failure) 209M->60M(487M) 0.899ms
[91.994s][info][gc,cpu         ] GC(1589) User=0.00s Sys=0.00s Real=0.00s
[92.092s][info][gc,start       ] GC(1590) Pause Young (Allocation Failure)
[92.093s][info][gc,heap        ] GC(1590) PSYoungGen: 149088K(149504K)->576K(145920K) Eden: 148480K(148480K)->0K(144896K) From: 608K(1024K)->576K(1024K)
[92.093s][info][gc,heap        ] GC(1590) ParOldGen: 60952K(349696K)->60968K(349696K)
[92.093s][info][gc,metaspace   ] GC(1590) Metaspace: 73658K(74176K)->73658K(74176K) NonClass: 58860K(59072K)->58860K(59072K) Class: 14798K(15104K)->14798K(15104K)
[92.093s][info][gc             ] GC(1590) Pause Young (Allocation Failure) 205M->60M(484M) 0.841ms
[92.093s][info][gc,cpu         ] GC(1590) User=0.00s Sys=0.00s Real=0.00s
[92.188s][info][gc,start       ] GC(1591) Pause Young (Allocation Failure)
[92.188s][info][gc,heap        ] GC(1591) PSYoungGen: 145472K(145920K)->608K(142336K) Eden: 144896K(144896K)->0K(141312K) From: 576K(1024K)->608K(1024K)
[92.188s][info][gc,heap        ] GC(1591) ParOldGen: 60968K(349696K)->61056K(349696K)
[92.188s][info][gc,metaspace   ] GC(1591) Metaspace: 73658K(74176K)->73658K(74176K) NonClass: 58860K(59072K)->58860K(59072K) Class: 14798K(15104K)->14798K(15104K)
[92.188s][info][gc             ] GC(1591) Pause Young (Allocation Failure) 201M->60M(480M) 0.771ms
[92.189s][info][gc,cpu         ] GC(1591) User=0.36s Sys=0.06s Real=0.00s
[92.284s][info][gc,start       ] GC(1592) Pause Young (Allocation Failure)
[92.285s][info][gc,heap        ] GC(1592) PSYoungGen: 141920K(142336K)->608K(138752K) Eden: 141312K(141312K)->0K(137728K) From: 608K(1024K)->608K(1024K)
[92.285s][info][gc,heap        ] GC(1592) ParOldGen: 61056K(349696K)->61128K(349696K)
[92.285s][info][gc,metaspace   ] GC(1592) Metaspace: 73658K(74176K)->73658K(74176K) NonClass: 58860K(59072K)->58860K(59072K) Class: 14798K(15104K)->14798K(15104K)
[92.285s][info][gc             ] GC(1592) Pause Young (Allocation Failure) 198M->60M(477M) 0.854ms
[92.285s][info][gc,cpu         ] GC(1592) User=0.00s Sys=0.00s Real=0.00s
[92.376s][info][gc,start       ] GC(1593) Pause Young (Allocation Failure)
[92.376s][info][gc,heap        ] GC(1593) PSYoungGen: 138336K(138752K)->608K(135680K) Eden: 137728K(137728K)->0K(134656K) From: 608K(1024K)->608K(1024K)
[92.376s][info][gc,heap        ] GC(1593) ParOldGen: 61128K(349696K)->61128K(349696K)
[92.376s][info][gc,metaspace   ] GC(1593) Metaspace: 73658K(74176K)->73658K(74176K) NonClass: 58860K(59072K)->58860K(59072K) Class: 14798K(15104K)->14798K(15104K)
[92.376s][info][gc             ] GC(1593) Pause Young (Allocation Failure) 194M->60M(474M) 0.677ms
[92.376s][info][gc,cpu         ] GC(1593) User=0.00s Sys=0.00s Real=0.00s
[92.464s][info][gc,start       ] GC(1594) Pause Young (Allocation Failure)
[92.464s][info][gc,heap        ] GC(1594) PSYoungGen: 135264K(135680K)->576K(132608K) Eden: 134656K(134656K)->0K(131584K) From: 608K(1024K)->576K(1024K)
[92.464s][info][gc,heap        ] GC(1594) ParOldGen: 61128K(349696K)->61192K(349696K)
[92.464s][info][gc,metaspace   ] GC(1594) Metaspace: 73658K(74176K)->73658K(74176K) NonClass: 58860K(59072K)->58860K(59072K) Class: 14798K(15104K)->14798K(15104K)
[92.464s][info][gc             ] GC(1594) Pause Young (Allocation Failure) 191M->60M(471M) 0.806ms
[92.465s][info][gc,cpu         ] GC(1594) User=0.00s Sys=0.00s Real=0.00s
[92.550s][info][gc,start       ] GC(1595) Pause Young (Allocation Failure)
[92.551s][info][gc,heap        ] GC(1595) PSYoungGen: 132160K(132608K)->576K(129536K) Eden: 131584K(131584K)->0K(128512K) From: 576K(1024K)->576K(1024K)
[92.551s][info][gc,heap        ] GC(1595) ParOldGen: 61192K(349696K)->61232K(349696K)
[92.551s][info][gc,metaspace   ] GC(1595) Metaspace: 73658K(74176K)->73658K(74176K) NonClass: 58860K(59072K)->58860K(59072K) Class: 14798K(15104K)->14798K(15104K)
[92.551s][info][gc             ] GC(1595) Pause Young (Allocation Failure) 188M->60M(468M) 0.801ms
[92.551s][info][gc,cpu         ] GC(1595) User=0.00s Sys=0.00s Real=0.00s
[92.634s][info][gc,start       ] GC(1596) Pause Young (Allocation Failure)
[92.635s][info][gc,heap        ] GC(1596) PSYoungGen: 129088K(129536K)->608K(126464K) Eden: 128512K(128512K)->0K(125440K) From: 576K(1024K)->608K(1024K)
[92.635s][info][gc,heap        ] GC(1596) ParOldGen: 61232K(349696K)->61232K(349696K)
[92.635s][info][gc,metaspace   ] GC(1596) Metaspace: 73658K(74176K)->73658K(74176K) NonClass: 58860K(59072K)->58860K(59072K) Class: 14798K(15104K)->14798K(15104K)
[92.635s][info][gc             ] GC(1596) Pause Young (Allocation Failure) 185M->60M(465M) 0.757ms
[92.635s][info][gc,cpu         ] GC(1596) User=0.03s Sys=0.00s Real=0.02s
[92.717s][info][gc,start       ] GC(1597) Pause Young (Allocation Failure)
[92.718s][info][gc,heap        ] GC(1597) PSYoungGen: 126048K(126464K)->608K(123904K) Eden: 125440K(125440K)->0K(122880K) From: 608K(1024K)->608K(1024K)
[92.718s][info][gc,heap        ] GC(1597) ParOldGen: 61232K(349696K)->61288K(349696K)
[92.718s][info][gc,metaspace   ] GC(1597) Metaspace: 73658K(74176K)->73658K(74176K) NonClass: 58860K(59072K)->58860K(59072K) Class: 14798K(15104K)->14798K(15104K)
[92.718s][info][gc             ] GC(1597) Pause Young (Allocation Failure) 182M->60M(462M) 0.675ms
[92.718s][info][gc,cpu         ] GC(1597) User=0.00s Sys=0.00s Real=0.00s
[92.799s][info][gc,start       ] GC(1598) Pause Young (Allocation Failure)
[92.800s][info][gc,heap        ] GC(1598) PSYoungGen: 123488K(123904K)->576K(121344K) Eden: 122880K(122880K)->0K(120320K) From: 608K(1024K)->576K(1024K)
[92.800s][info][gc,heap        ] GC(1598) ParOldGen: 61288K(349696K)->61336K(349696K)
[92.800s][info][gc,metaspace   ] GC(1598) Metaspace: 73658K(74176K)->73658K(74176K) NonClass: 58860K(59072K)->58860K(59072K) Class: 14798K(15104K)->14798K(15104K)
[92.800s][info][gc             ] GC(1598) Pause Young (Allocation Failure) 180M->60M(460M) 0.825ms
[92.800s][info][gc,cpu         ] GC(1598) User=0.00s Sys=0.00s Real=0.00s
[92.938s][info][gc,start       ] GC(1599) Pause Young (System.gc())
[92.940s][info][gc,heap        ] GC(1599) PSYoungGen: 67701K(121344K)->1152K(121856K) Eden: 67125K(120320K)->0K(120320K) From: 576K(1024K)->1152K(1536K)
[92.940s][info][gc,heap        ] GC(1599) ParOldGen: 61336K(349696K)->61480K(349696K)
[92.940s][info][gc,metaspace   ] GC(1599) Metaspace: 73709K(74240K)->73709K(74240K) NonClass: 58911K(59136K)->58911K(59136K) Class: 14798K(15104K)->14798K(15104K)
[92.940s][info][gc             ] GC(1599) Pause Young (System.gc()) 126M->61M(460M) 1.807ms
[92.940s][info][gc,cpu         ] GC(1599) User=0.00s Sys=0.00s Real=0.00s
[92.940s][info][gc,start       ] GC(1600) Pause Full (System.gc())
[92.940s][info][gc,phases,start] GC(1600) Marking Phase
[92.978s][info][gc,phases      ] GC(1600) Marking Phase 37.506ms
[92.978s][info][gc,phases,start] GC(1600) Summary Phase
[92.978s][info][gc,phases      ] GC(1600) Summary Phase 0.014ms
[92.978s][info][gc,phases,start] GC(1600) Adjust Roots
[92.996s][info][gc,phases      ] GC(1600) Adjust Roots 17.870ms
[92.996s][info][gc,phases,start] GC(1600) Compaction Phase
[93.005s][info][gc,phases      ] GC(1600) Compaction Phase 9.554ms
[93.005s][info][gc,phases,start] GC(1600) Post Compact
[93.006s][info][gc,phases      ] GC(1600) Post Compact 0.582ms
[93.006s][info][gc,heap        ] GC(1600) PSYoungGen: 1152K(121856K)->0K(121856K) Eden: 0K(120320K)->0K(120320K) From: 1152K(1536K)->0K(1536K)
[93.006s][info][gc,heap        ] GC(1600) ParOldGen: 61480K(349696K)->35792K(349696K)
[93.006s][info][gc,metaspace   ] GC(1600) Metaspace: 73709K(74240K)->73709K(74240K) NonClass: 58911K(59136K)->58911K(59136K) Class: 14798K(15104K)->14798K(15104K)
[93.006s][info][gc             ] GC(1600) Pause Full (System.gc()) 61M->34M(460M) 65.859ms
[93.006s][info][gc,cpu         ] GC(1600) User=0.61s Sys=0.00s Real=0.06s
[93.065s][info][gc,start       ] GC(1601) Pause Young (Allocation Failure)
[93.066s][info][gc,heap        ] GC(1601) PSYoungGen: 120320K(121856K)->2048K(119808K) Eden: 120320K(120320K)->0K(117760K) From: 0K(1536K)->2048K(2048K)
[93.066s][info][gc,heap        ] GC(1601) ParOldGen: 35792K(349696K)->37320K(349696K)
[93.066s][info][gc,metaspace   ] GC(1601) Metaspace: 73942K(74496K)->73942K(74496K) NonClass: 59144K(59392K)->59144K(59392K) Class: 14798K(15104K)->14798K(15104K)
[93.066s][info][gc             ] GC(1601) Pause Young (Allocation Failure) 152M->38M(458M) 1.867ms
[93.067s][info][gc,cpu         ] GC(1601) User=0.00s Sys=0.00s Real=0.00s
[93.098s][info][gc,start       ] GC(1602) Pause Young (Allocation Failure)
[93.099s][info][gc,heap        ] GC(1602) PSYoungGen: 119808K(119808K)->1952K(143360K) Eden: 117760K(117760K)->0K(141312K) From: 2048K(2048K)->1952K(2048K)
[93.099s][info][gc,heap        ] GC(1602) ParOldGen: 37320K(349696K)->38808K(349696K)
[93.099s][info][gc,metaspace   ] GC(1602) Metaspace: 73942K(74496K)->73942K(74496K) NonClass: 59144K(59392K)->59144K(59392K) Class: 14798K(15104K)->14798K(15104K)
[93.099s][info][gc             ] GC(1602) Pause Young (Allocation Failure) 153M->39M(481M) 1.743ms
[93.099s][info][gc,cpu         ] GC(1602) User=0.00s Sys=0.00s Real=0.00s
[93.135s][info][gc,start       ] GC(1603) Pause Young (Allocation Failure)
[93.136s][info][gc,heap        ] GC(1603) PSYoungGen: 143264K(143360K)->1760K(155136K) Eden: 141312K(141312K)->0K(152576K) From: 1952K(2048K)->1760K(2560K)
[93.136s][info][gc,heap        ] GC(1603) ParOldGen: 38808K(349696K)->39064K(349696K)
[93.136s][info][gc,metaspace   ] GC(1603) Metaspace: 73942K(74496K)->73942K(74496K) NonClass: 59144K(59392K)->59144K(59392K) Class: 14798K(15104K)->14798K(15104K)
[93.136s][info][gc             ] GC(1603) Pause Young (Allocation Failure) 177M->39M(493M) 1.240ms
[93.136s][info][gc,cpu         ] GC(1603) User=0.00s Sys=0.00s Real=0.00s
[93.174s][info][gc,start       ] GC(1604) Pause Young (Allocation Failure)
[93.175s][info][gc,heap        ] GC(1604) PSYoungGen: 154335K(155136K)->1792K(155648K) Eden: 152575K(152576K)->0K(152576K) From: 1760K(2560K)->1792K(3072K)
[93.175s][info][gc,heap        ] GC(1604) ParOldGen: 39064K(349696K)->39272K(349696K)
[93.175s][info][gc,metaspace   ] GC(1604) Metaspace: 73942K(74496K)->73942K(74496K) NonClass: 59144K(59392K)->59144K(59392K) Class: 14798K(15104K)->14798K(15104K)
[93.175s][info][gc             ] GC(1604) Pause Young (Allocation Failure) 188M->40M(493M) 1.148ms
[93.175s][info][gc,cpu         ] GC(1604) User=0.00s Sys=0.00s Real=0.00s
[93.212s][info][gc,start       ] GC(1605) Pause Young (Allocation Failure)
[93.214s][info][gc,heap        ] GC(1605) PSYoungGen: 154368K(155648K)->2016K(171520K) Eden: 152576K(152576K)->0K(168448K) From: 1792K(3072K)->2016K(3072K)
[93.214s][info][gc,heap        ] GC(1605) ParOldGen: 39272K(349696K)->39448K(349696K)
[93.214s][info][gc,metaspace   ] GC(1605) Metaspace: 73942K(74496K)->73942K(74496K) NonClass: 59144K(59392K)->59144K(59392K) Class: 14798K(15104K)->14798K(15104K)
[93.214s][info][gc             ] GC(1605) Pause Young (Allocation Failure) 189M->40M(509M) 1.423ms
[93.214s][info][gc,cpu         ] GC(1605) User=0.00s Sys=0.00s Real=0.00s
[93.257s][info][gc,start       ] GC(1606) Pause Young (Allocation Failure)
[93.259s][info][gc,heap        ] GC(1606) PSYoungGen: 170464K(171520K)->1952K(170496K) Eden: 168448K(168448K)->0K(168448K) From: 2016K(3072K)->1952K(2048K)
[93.259s][info][gc,heap        ] GC(1606) ParOldGen: 39448K(349696K)->39576K(349696K)
[93.259s][info][gc,metaspace   ] GC(1606) Metaspace: 73942K(74496K)->73942K(74496K) NonClass: 59144K(59392K)->59144K(59392K) Class: 14798K(15104K)->14798K(15104K)
[93.259s][info][gc             ] GC(1606) Pause Young (Allocation Failure) 204M->40M(508M) 1.579ms
[93.259s][info][gc,cpu         ] GC(1606) User=0.00s Sys=0.00s Real=0.00s
[93.301s][info][gc,start       ] GC(1607) Pause Young (Allocation Failure)
[93.302s][info][gc,heap        ] GC(1607) PSYoungGen: 170400K(170496K)->1856K(171008K) Eden: 168448K(168448K)->0K(167424K) From: 1952K(2048K)->1856K(3584K)
[93.302s][info][gc,heap        ] GC(1607) ParOldGen: 39576K(349696K)->39728K(349696K)
[93.302s][info][gc,metaspace   ] GC(1607) Metaspace: 73942K(74496K)->73942K(74496K) NonClass: 59144K(59392K)->59144K(59392K) Class: 14798K(15104K)->14798K(15104K)
[93.302s][info][gc             ] GC(1607) Pause Young (Allocation Failure) 205M->40M(508M) 1.295ms
[93.302s][info][gc,cpu         ] GC(1607) User=0.00s Sys=0.00s Real=0.00s
[93.343s][info][gc,start       ] GC(1608) Pause Young (Allocation Failure)
[93.344s][info][gc,heap        ] GC(1608) PSYoungGen: 169280K(171008K)->1728K(169472K) Eden: 167424K(167424K)->0K(167424K) From: 1856K(3584K)->1728K(2048K)
[93.344s][info][gc,heap        ] GC(1608) ParOldGen: 39728K(349696K)->39872K(349696K)
[93.344s][info][gc,metaspace   ] GC(1608) Metaspace: 73942K(74496K)->73942K(74496K) NonClass: 59144K(59392K)->59144K(59392K) Class: 14798K(15104K)->14798K(15104K)
[93.344s][info][gc             ] GC(1608) Pause Young (Allocation Failure) 204M->40M(507M) 1.146ms
[93.344s][info][gc,cpu         ] GC(1608) User=0.42s Sys=0.02s Real=0.00s
[93.385s][info][gc,start       ] GC(1609) Pause Young (Allocation Failure)
[93.386s][info][gc,heap        ] GC(1609) PSYoungGen: 169152K(169472K)->1824K(170496K) Eden: 167424K(167424K)->0K(167424K) From: 1728K(2048K)->1824K(3072K)
[93.386s][info][gc,heap        ] GC(1609) ParOldGen: 39872K(349696K)->39976K(349696K)
[93.386s][info][gc,metaspace   ] GC(1609) Metaspace: 73942K(74496K)->73942K(74496K) NonClass: 59144K(59392K)->59144K(59392K) Class: 14798K(15104K)->14798K(15104K)
[93.386s][info][gc             ] GC(1609) Pause Young (Allocation Failure) 204M->40M(508M) 1.158ms
[93.387s][info][gc,cpu         ] GC(1609) User=0.00s Sys=0.00s Real=0.00s
[93.428s][info][gc,start       ] GC(1610) Pause Young (Allocation Failure)
[93.429s][info][gc,heap        ] GC(1610) PSYoungGen: 169248K(170496K)->1792K(170496K) Eden: 167424K(167424K)->0K(167424K) From: 1824K(3072K)->1792K(3072K)
[93.429s][info][gc,heap        ] GC(1610) ParOldGen: 39976K(349696K)->40112K(349696K)
[93.429s][info][gc,metaspace   ] GC(1610) Metaspace: 73942K(74496K)->73942K(74496K) NonClass: 59144K(59392K)->59144K(59392K) Class: 14798K(15104K)->14798K(15104K)
[93.429s][info][gc             ] GC(1610) Pause Young (Allocation Failure) 204M->40M(508M) 1.136ms
[93.429s][info][gc,cpu         ] GC(1610) User=0.00s Sys=0.00s Real=0.00s
[93.470s][info][gc,start       ] GC(1611) Pause Young (Allocation Failure)
[93.471s][info][gc,heap        ] GC(1611) PSYoungGen: 169216K(170496K)->1792K(171520K) Eden: 167424K(167424K)->0K(168448K) From: 1792K(3072K)->1792K(3072K)
[93.471s][info][gc,heap        ] GC(1611) ParOldGen: 40112K(349696K)->40264K(349696K)
[93.471s][info][gc,metaspace   ] GC(1611) Metaspace: 73942K(74496K)->73942K(74496K) NonClass: 59144K(59392K)->59144K(59392K) Class: 14798K(15104K)->14798K(15104K)
[93.471s][info][gc             ] GC(1611) Pause Young (Allocation Failure) 204M->41M(509M) 1.148ms
[93.471s][info][gc,cpu         ] GC(1611) User=0.00s Sys=0.00s Real=0.00s
[93.513s][info][gc,start       ] GC(1612) Pause Young (Allocation Failure)
[93.514s][info][gc,heap        ] GC(1612) PSYoungGen: 170240K(171520K)->1792K(171520K) Eden: 168448K(168448K)->0K(168448K) From: 1792K(3072K)->1792K(3072K)
[93.514s][info][gc,heap        ] GC(1612) ParOldGen: 40264K(349696K)->40384K(349696K)
[93.514s][info][gc,metaspace   ] GC(1612) Metaspace: 73942K(74496K)->73942K(74496K) NonClass: 59144K(59392K)->59144K(59392K) Class: 14798K(15104K)->14798K(15104K)
[93.514s][info][gc             ] GC(1612) Pause Young (Allocation Failure) 205M->41M(509M) 1.100ms
[93.514s][info][gc,cpu         ] GC(1612) User=0.00s Sys=0.00s Real=0.00s
[93.555s][info][gc,start       ] GC(1613) Pause Young (Allocation Failure)
[93.556s][info][gc,heap        ] GC(1613) PSYoungGen: 170240K(171520K)->1792K(171520K) Eden: 168448K(168448K)->0K(168448K) From: 1792K(3072K)->1792K(3072K)
[93.556s][info][gc,heap        ] GC(1613) ParOldGen: 40384K(349696K)->40512K(349696K)
[93.556s][info][gc,metaspace   ] GC(1613) Metaspace: 73942K(74496K)->73942K(74496K) NonClass: 59144K(59392K)->59144K(59392K) Class: 14798K(15104K)->14798K(15104K)
[93.556s][info][gc             ] GC(1613) Pause Young (Allocation Failure) 205M->41M(509M) 1.095ms
[93.556s][info][gc,cpu         ] GC(1613) User=0.00s Sys=0.00s Real=0.00s
[93.598s][info][gc,start       ] GC(1614) Pause Young (Allocation Failure)
[93.599s][info][gc,heap        ] GC(1614) PSYoungGen: 170240K(171520K)->1760K(171520K) Eden: 168448K(168448K)->0K(168448K) From: 1792K(3072K)->1760K(3072K)
[93.599s][info][gc,heap        ] GC(1614) ParOldGen: 40512K(349696K)->40616K(349696K)
[93.599s][info][gc,metaspace   ] GC(1614) Metaspace: 73942K(74496K)->73942K(74496K) NonClass: 59144K(59392K)->59144K(59392K) Class: 14798K(15104K)->14798K(15104K)
[93.599s][info][gc             ] GC(1614) Pause Young (Allocation Failure) 205M->41M(509M) 1.128ms
[93.599s][info][gc,cpu         ] GC(1614) User=0.00s Sys=0.00s Real=0.00s
[93.640s][info][gc,start       ] GC(1615) Pause Young (Allocation Failure)
[93.641s][info][gc,heap        ] GC(1615) PSYoungGen: 170208K(171520K)->1824K(171520K) Eden: 168448K(168448K)->0K(168448K) From: 1760K(3072K)->1824K(3072K)
[93.641s][info][gc,heap        ] GC(1615) ParOldGen: 40616K(349696K)->40800K(349696K)
[93.641s][info][gc,metaspace   ] GC(1615) Metaspace: 73942K(74496K)->73942K(74496K) NonClass: 59144K(59392K)->59144K(59392K) Class: 14798K(15104K)->14798K(15104K)
[93.642s][info][gc             ] GC(1615) Pause Young (Allocation Failure) 205M->41M(509M) 1.151ms
[93.642s][info][gc,cpu         ] GC(1615) User=0.00s Sys=0.00s Real=0.00s
[93.683s][info][gc,start       ] GC(1616) Pause Young (Allocation Failure)
[93.684s][info][gc,heap        ] GC(1616) PSYoungGen: 170272K(171520K)->1792K(171520K) Eden: 168448K(168448K)->0K(168448K) From: 1824K(3072K)->1792K(3072K)
[93.684s][info][gc,heap        ] GC(1616) ParOldGen: 40800K(349696K)->40952K(349696K)
[93.684s][info][gc,metaspace   ] GC(1616) Metaspace: 73942K(74496K)->73942K(74496K) NonClass: 59144K(59392K)->59144K(59392K) Class: 14798K(15104K)->14798K(15104K)
[93.684s][info][gc             ] GC(1616) Pause Young (Allocation Failure) 206M->41M(509M) 1.108ms
[93.684s][info][gc,cpu         ] GC(1616) User=0.00s Sys=0.00s Real=0.00s
[93.726s][info][gc,start       ] GC(1617) Pause Young (Allocation Failure)
[93.727s][info][gc,heap        ] GC(1617) PSYoungGen: 170240K(171520K)->1728K(170496K) Eden: 168448K(168448K)->0K(168448K) From: 1792K(3072K)->1728K(2048K)
[93.727s][info][gc,heap        ] GC(1617) ParOldGen: 40952K(349696K)->41136K(349696K)
[93.727s][info][gc,metaspace   ] GC(1617) Metaspace: 73942K(74496K)->73942K(74496K) NonClass: 59144K(59392K)->59144K(59392K) Class: 14798K(15104K)->14798K(15104K)
[93.727s][info][gc             ] GC(1617) Pause Young (Allocation Failure) 206M->41M(508M) 1.129ms
[93.727s][info][gc,cpu         ] GC(1617) User=0.00s Sys=0.00s Real=0.00s
[93.768s][info][gc,start       ] GC(1618) Pause Young (Allocation Failure)
[93.769s][info][gc,heap        ] GC(1618) PSYoungGen: 170176K(170496K)->1728K(171008K) Eden: 168448K(168448K)->0K(168448K) From: 1728K(2048K)->1728K(2560K)
[93.769s][info][gc,heap        ] GC(1618) ParOldGen: 41136K(349696K)->41320K(349696K)
[93.769s][info][gc,metaspace   ] GC(1618) Metaspace: 73942K(74496K)->73942K(74496K) NonClass: 59144K(59392K)->59144K(59392K) Class: 14798K(15104K)->14798K(15104K)
[93.769s][info][gc             ] GC(1618) Pause Young (Allocation Failure) 206M->42M(508M) 1.145ms
[93.769s][info][gc,cpu         ] GC(1618) User=0.00s Sys=0.00s Real=0.00s
[93.810s][info][gc,start       ] GC(1619) Pause Young (Allocation Failure)
[93.812s][info][gc,heap        ] GC(1619) PSYoungGen: 170176K(171008K)->1792K(172032K) Eden: 168448K(168448K)->0K(169472K) From: 1728K(2560K)->1792K(2560K)
[93.812s][info][gc,heap        ] GC(1619) ParOldGen: 41320K(349696K)->41496K(349696K)
[93.812s][info][gc,metaspace   ] GC(1619) Metaspace: 73942K(74496K)->73942K(74496K) NonClass: 59144K(59392K)->59144K(59392K) Class: 14798K(15104K)->14798K(15104K)
[93.812s][info][gc             ] GC(1619) Pause Young (Allocation Failure) 206M->42M(509M) 1.159ms
[93.812s][info][gc,cpu         ] GC(1619) User=0.00s Sys=0.00s Real=0.00s
[93.853s][info][gc,start       ] GC(1620) Pause Young (Allocation Failure)
[93.854s][info][gc,heap        ] GC(1620) PSYoungGen: 171264K(172032K)->1824K(172032K) Eden: 169472K(169472K)->0K(169472K) From: 1792K(2560K)->1824K(2560K)
[93.854s][info][gc,heap        ] GC(1620) ParOldGen: 41496K(349696K)->41632K(349696K)
[93.854s][info][gc,metaspace   ] GC(1620) Metaspace: 73942K(74496K)->73942K(74496K) NonClass: 59144K(59392K)->59144K(59392K) Class: 14798K(15104K)->14798K(15104K)
[93.854s][info][gc             ] GC(1620) Pause Young (Allocation Failure) 207M->42M(509M) 1.150ms
[93.854s][info][gc,cpu         ] GC(1620) User=0.00s Sys=0.00s Real=0.00s
[93.896s][info][gc,start       ] GC(1621) Pause Young (Allocation Failure)
[93.897s][info][gc,heap        ] GC(1621) PSYoungGen: 171296K(172032K)->1728K(172032K) Eden: 169472K(169472K)->0K(169472K) From: 1824K(2560K)->1728K(2560K)
[93.897s][info][gc,heap        ] GC(1621) ParOldGen: 41632K(349696K)->41760K(349696K)
[93.897s][info][gc,metaspace   ] GC(1621) Metaspace: 73942K(74496K)->73942K(74496K) NonClass: 59144K(59392K)->59144K(59392K) Class: 14798K(15104K)->14798K(15104K)
[93.897s][info][gc             ] GC(1621) Pause Young (Allocation Failure) 207M->42M(509M) 1.094ms
[93.897s][info][gc,cpu         ] GC(1621) User=0.00s Sys=0.00s Real=0.00s
[93.939s][info][gc,start       ] GC(1622) Pause Young (Allocation Failure)
[93.940s][info][gc,heap        ] GC(1622) PSYoungGen: 171200K(172032K)->1856K(172032K) Eden: 169472K(169472K)->0K(169472K) From: 1728K(2560K)->1856K(2560K)
[93.940s][info][gc,heap        ] GC(1622) ParOldGen: 41760K(349696K)->41888K(349696K)
[93.940s][info][gc,metaspace   ] GC(1622) Metaspace: 73942K(74496K)->73942K(74496K) NonClass: 59144K(59392K)->59144K(59392K) Class: 14798K(15104K)->14798K(15104K)
[93.940s][info][gc             ] GC(1622) Pause Young (Allocation Failure) 207M->42M(509M) 1.130ms
[93.940s][info][gc,cpu         ] GC(1622) User=0.00s Sys=0.00s Real=0.00s
[93.981s][info][gc,start       ] GC(1623) Pause Young (Allocation Failure)
[93.982s][info][gc,heap        ] GC(1623) PSYoungGen: 171328K(172032K)->1728K(172032K) Eden: 169472K(169472K)->0K(169472K) From: 1856K(2560K)->1728K(2560K)
[93.982s][info][gc,heap        ] GC(1623) ParOldGen: 41888K(349696K)->42032K(349696K)
[93.982s][info][gc,metaspace   ] GC(1623) Metaspace: 73942K(74496K)->73942K(74496K) NonClass: 59144K(59392K)->59144K(59392K) Class: 14798K(15104K)->14798K(15104K)
[93.982s][info][gc             ] GC(1623) Pause Young (Allocation Failure) 208M->42M(509M) 1.131ms
[93.982s][info][gc,cpu         ] GC(1623) User=0.00s Sys=0.00s Real=0.00s
[94.024s][info][gc,start       ] GC(1624) Pause Young (Allocation Failure)
[94.025s][info][gc,heap        ] GC(1624) PSYoungGen: 171199K(172032K)->1760K(172032K) Eden: 169471K(169472K)->0K(169472K) From: 1728K(2560K)->1760K(2560K)
[94.025s][info][gc,heap        ] GC(1624) ParOldGen: 42032K(349696K)->42144K(349696K)
[94.025s][info][gc,metaspace   ] GC(1624) Metaspace: 73942K(74496K)->73942K(74496K) NonClass: 59144K(59392K)->59144K(59392K) Class: 14798K(15104K)->14798K(15104K)
[94.025s][info][gc             ] GC(1624) Pause Young (Allocation Failure) 208M->42M(509M) 1.110ms
[94.025s][info][gc,cpu         ] GC(1624) User=0.00s Sys=0.00s Real=0.00s
[94.067s][info][gc,start       ] GC(1625) Pause Young (Allocation Failure)
[94.090s][info][gc,heap        ] GC(1625) PSYoungGen: 171232K(172032K)->1856K(172032K) Eden: 169472K(169472K)->0K(169472K) From: 1760K(2560K)->1856K(2560K)
[94.090s][info][gc,heap        ] GC(1625) ParOldGen: 42144K(349696K)->42272K(349696K)
[94.090s][info][gc,metaspace   ] GC(1625) Metaspace: 73942K(74496K)->73942K(74496K) NonClass: 59144K(59392K)->59144K(59392K) Class: 14798K(15104K)->14798K(15104K)
[94.090s][info][gc             ] GC(1625) Pause Young (Allocation Failure) 208M->43M(509M) 23.387ms
[94.091s][info][gc,cpu         ] GC(1625) User=0.00s Sys=0.00s Real=0.02s
[94.137s][info][gc,start       ] GC(1626) Pause Young (Allocation Failure)
[94.138s][info][gc,heap        ] GC(1626) PSYoungGen: 171328K(172032K)->1792K(172032K) Eden: 169472K(169472K)->0K(169472K) From: 1856K(2560K)->1792K(2560K)
[94.138s][info][gc,heap        ] GC(1626) ParOldGen: 42272K(349696K)->42536K(349696K)
[94.138s][info][gc,metaspace   ] GC(1626) Metaspace: 73942K(74496K)->73942K(74496K) NonClass: 59144K(59392K)->59144K(59392K) Class: 14798K(15104K)->14798K(15104K)
[94.138s][info][gc             ] GC(1626) Pause Young (Allocation Failure) 208M->43M(509M) 1.132ms
[94.138s][info][gc,cpu         ] GC(1626) User=0.00s Sys=0.00s Real=0.00s
[94.179s][info][gc,start       ] GC(1627) Pause Young (Allocation Failure)
[94.181s][info][gc,heap        ] GC(1627) PSYoungGen: 171264K(172032K)->1792K(172032K) Eden: 169472K(169472K)->0K(169472K) From: 1792K(2560K)->1792K(2560K)
[94.181s][info][gc,heap        ] GC(1627) ParOldGen: 42536K(349696K)->42736K(349696K)
[94.181s][info][gc,metaspace   ] GC(1627) Metaspace: 73942K(74496K)->73942K(74496K) NonClass: 59144K(59392K)->59144K(59392K) Class: 14798K(15104K)->14798K(15104K)
[94.181s][info][gc             ] GC(1627) Pause Young (Allocation Failure) 208M->43M(509M) 1.180ms
[94.181s][info][gc,cpu         ] GC(1627) User=0.00s Sys=0.00s Real=0.00s
[94.222s][info][gc,start       ] GC(1628) Pause Young (Allocation Failure)
[94.223s][info][gc,heap        ] GC(1628) PSYoungGen: 171264K(172032K)->1760K(172032K) Eden: 169472K(169472K)->0K(169472K) From: 1792K(2560K)->1760K(2560K)
[94.223s][info][gc,heap        ] GC(1628) ParOldGen: 42736K(349696K)->42896K(349696K)
[94.223s][info][gc,metaspace   ] GC(1628) Metaspace: 73942K(74496K)->73942K(74496K) NonClass: 59144K(59392K)->59144K(59392K) Class: 14798K(15104K)->14798K(15104K)
[94.223s][info][gc             ] GC(1628) Pause Young (Allocation Failure) 208M->43M(509M) 1.101ms
[94.223s][info][gc,cpu         ] GC(1628) User=0.00s Sys=0.00s Real=0.00s
[94.265s][info][gc,start       ] GC(1629) Pause Young (Allocation Failure)
[94.266s][info][gc,heap        ] GC(1629) PSYoungGen: 171232K(172032K)->1728K(172032K) Eden: 169472K(169472K)->0K(169472K) From: 1760K(2560K)->1728K(2560K)
[94.266s][info][gc,heap        ] GC(1629) ParOldGen: 42896K(349696K)->43024K(349696K)
[94.266s][info][gc,metaspace   ] GC(1629) Metaspace: 73942K(74496K)->73942K(74496K) NonClass: 59144K(59392K)->59144K(59392K) Class: 14798K(15104K)->14798K(15104K)
[94.266s][info][gc             ] GC(1629) Pause Young (Allocation Failure) 209M->43M(509M) 1.150ms
[94.266s][info][gc,cpu         ] GC(1629) User=0.00s Sys=0.00s Real=0.00s
[94.308s][info][gc,start       ] GC(1630) Pause Young (Allocation Failure)
[94.309s][info][gc,heap        ] GC(1630) PSYoungGen: 171200K(172032K)->1792K(172032K) Eden: 169472K(169472K)->0K(169472K) From: 1728K(2560K)->1792K(2560K)
[94.309s][info][gc,heap        ] GC(1630) ParOldGen: 43024K(349696K)->43184K(349696K)
[94.309s][info][gc,metaspace   ] GC(1630) Metaspace: 73942K(74496K)->73942K(74496K) NonClass: 59144K(59392K)->59144K(59392K) Class: 14798K(15104K)->14798K(15104K)
[94.309s][info][gc             ] GC(1630) Pause Young (Allocation Failure) 209M->43M(509M) 1.125ms
[94.309s][info][gc,cpu         ] GC(1630) User=0.00s Sys=0.00s Real=0.00s
[94.351s][info][gc,start       ] GC(1631) Pause Young (Allocation Failure)
[94.352s][info][gc,heap        ] GC(1631) PSYoungGen: 171264K(172032K)->1824K(172032K) Eden: 169472K(169472K)->0K(169472K) From: 1792K(2560K)->1824K(2560K)
[94.352s][info][gc,heap        ] GC(1631) ParOldGen: 43184K(349696K)->43312K(349696K)
[94.352s][info][gc,metaspace   ] GC(1631) Metaspace: 73942K(74496K)->73942K(74496K) NonClass: 59144K(59392K)->59144K(59392K) Class: 14798K(15104K)->14798K(15104K)
[94.352s][info][gc             ] GC(1631) Pause Young (Allocation Failure) 209M->44M(509M) 1.160ms
[94.352s][info][gc,cpu         ] GC(1631) User=0.00s Sys=0.00s Real=0.00s
[94.394s][info][gc,start       ] GC(1632) Pause Young (Allocation Failure)
[94.395s][info][gc,heap        ] GC(1632) PSYoungGen: 171296K(172032K)->1856K(172032K) Eden: 169472K(169472K)->0K(169472K) From: 1824K(2560K)->1856K(2560K)
[94.395s][info][gc,heap        ] GC(1632) ParOldGen: 43312K(349696K)->43512K(349696K)
[94.395s][info][gc,metaspace   ] GC(1632) Metaspace: 73942K(74496K)->73942K(74496K) NonClass: 59144K(59392K)->59144K(59392K) Class: 14798K(15104K)->14798K(15104K)
[94.395s][info][gc             ] GC(1632) Pause Young (Allocation Failure) 209M->44M(509M) 1.109ms
[94.395s][info][gc,cpu         ] GC(1632) User=0.00s Sys=0.00s Real=0.00s
[94.436s][info][gc,start       ] GC(1633) Pause Young (Allocation Failure)
[94.437s][info][gc,heap        ] GC(1633) PSYoungGen: 171328K(172032K)->1824K(172032K) Eden: 169472K(169472K)->0K(169472K) From: 1856K(2560K)->1824K(2560K)
[94.437s][info][gc,heap        ] GC(1633) ParOldGen: 43512K(349696K)->43680K(349696K)
[94.437s][info][gc,metaspace   ] GC(1633) Metaspace: 73942K(74496K)->73942K(74496K) NonClass: 59144K(59392K)->59144K(59392K) Class: 14798K(15104K)->14798K(15104K)
[94.437s][info][gc             ] GC(1633) Pause Young (Allocation Failure) 209M->44M(509M) 1.189ms
[94.437s][info][gc,cpu         ] GC(1633) User=0.00s Sys=0.42s Real=0.00s
[94.479s][info][gc,start       ] GC(1634) Pause Young (Allocation Failure)
[94.480s][info][gc,heap        ] GC(1634) PSYoungGen: 171296K(172032K)->1792K(172032K) Eden: 169472K(169472K)->0K(169472K) From: 1824K(2560K)->1792K(2560K)
[94.480s][info][gc,heap        ] GC(1634) ParOldGen: 43680K(349696K)->43792K(349696K)
[94.480s][info][gc,metaspace   ] GC(1634) Metaspace: 73942K(74496K)->73942K(74496K) NonClass: 59144K(59392K)->59144K(59392K) Class: 14798K(15104K)->14798K(15104K)
[94.480s][info][gc             ] GC(1634) Pause Young (Allocation Failure) 209M->44M(509M) 1.136ms
[94.480s][info][gc,cpu         ] GC(1634) User=0.00s Sys=0.00s Real=0.00s
[94.522s][info][gc,start       ] GC(1635) Pause Young (Allocation Failure)
[94.523s][info][gc,heap        ] GC(1635) PSYoungGen: 171264K(172032K)->1760K(171520K) Eden: 169472K(169472K)->0K(169472K) From: 1792K(2560K)->1760K(2048K)
[94.523s][info][gc,heap        ] GC(1635) ParOldGen: 43792K(349696K)->43928K(349696K)
[94.523s][info][gc,metaspace   ] GC(1635) Metaspace: 73942K(74496K)->73942K(74496K) NonClass: 59144K(59392K)->59144K(59392K) Class: 14798K(15104K)->14798K(15104K)
[94.523s][info][gc             ] GC(1635) Pause Young (Allocation Failure) 210M->44M(509M) 1.110ms
[94.523s][info][gc,cpu         ] GC(1635) User=0.00s Sys=0.00s Real=0.00s
[94.565s][info][gc,start       ] GC(1636) Pause Young (Allocation Failure)
[94.566s][info][gc,heap        ] GC(1636) PSYoungGen: 171232K(171520K)->1760K(172032K) Eden: 169472K(169472K)->0K(169984K) From: 1760K(2048K)->1760K(2048K)
[94.566s][info][gc,heap        ] GC(1636) ParOldGen: 43928K(349696K)->44040K(349696K)
[94.566s][info][gc,metaspace   ] GC(1636) Metaspace: 73942K(74496K)->73942K(74496K) NonClass: 59144K(59392K)->59144K(59392K) Class: 14798K(15104K)->14798K(15104K)
[94.566s][info][gc             ] GC(1636) Pause Young (Allocation Failure) 210M->44M(509M) 1.154ms
[94.566s][info][gc,cpu         ] GC(1636) User=0.00s Sys=0.00s Real=0.00s
[94.608s][info][gc,start       ] GC(1637) Pause Young (Allocation Failure)
[94.609s][info][gc,heap        ] GC(1637) PSYoungGen: 171744K(172032K)->1824K(172544K) Eden: 169984K(169984K)->0K(170496K) From: 1760K(2048K)->1824K(2048K)
[94.609s][info][gc,heap        ] GC(1637) ParOldGen: 44040K(349696K)->44192K(349696K)
[94.609s][info][gc,metaspace   ] GC(1637) Metaspace: 73942K(74496K)->73942K(74496K) NonClass: 59144K(59392K)->59144K(59392K) Class: 14798K(15104K)->14798K(15104K)
[94.609s][info][gc             ] GC(1637) Pause Young (Allocation Failure) 210M->44M(510M) 1.189ms
[94.609s][info][gc,cpu         ] GC(1637) User=0.00s Sys=0.00s Real=0.00s
[94.651s][info][gc,start       ] GC(1638) Pause Young (Allocation Failure)
[94.652s][info][gc,heap        ] GC(1638) PSYoungGen: 172320K(172544K)->1856K(172544K) Eden: 170496K(170496K)->0K(170496K) From: 1824K(2048K)->1856K(2048K)
[94.652s][info][gc,heap        ] GC(1638) ParOldGen: 44192K(349696K)->44352K(349696K)
[94.652s][info][gc,metaspace   ] GC(1638) Metaspace: 73942K(74496K)->73942K(74496K) NonClass: 59144K(59392K)->59144K(59392K) Class: 14798K(15104K)->14798K(15104K)
[94.652s][info][gc             ] GC(1638) Pause Young (Allocation Failure) 211M->45M(510M) 1.105ms
[94.652s][info][gc,cpu         ] GC(1638) User=0.00s Sys=0.00s Real=0.00s
[94.694s][info][gc,start       ] GC(1639) Pause Young (Allocation Failure)
[94.695s][info][gc,heap        ] GC(1639) PSYoungGen: 172352K(172544K)->1824K(172544K) Eden: 170496K(170496K)->0K(170496K) From: 1856K(2048K)->1824K(2048K)
[94.695s][info][gc,heap        ] GC(1639) ParOldGen: 44352K(349696K)->44512K(349696K)
[94.695s][info][gc,metaspace   ] GC(1639) Metaspace: 73942K(74496K)->73942K(74496K) NonClass: 59144K(59392K)->59144K(59392K) Class: 14798K(15104K)->14798K(15104K)
[94.695s][info][gc             ] GC(1639) Pause Young (Allocation Failure) 211M->45M(510M) 1.122ms
[94.695s][info][gc,cpu         ] GC(1639) User=0.00s Sys=0.00s Real=0.00s
[94.737s][info][gc,start       ] GC(1640) Pause Young (Allocation Failure)
[94.738s][info][gc,heap        ] GC(1640) PSYoungGen: 172320K(172544K)->1888K(172544K) Eden: 170496K(170496K)->0K(170496K) From: 1824K(2048K)->1888K(2048K)
[94.738s][info][gc,heap        ] GC(1640) ParOldGen: 44512K(349696K)->44632K(349696K)
[94.738s][info][gc,metaspace   ] GC(1640) Metaspace: 73942K(74496K)->73942K(74496K) NonClass: 59144K(59392K)->59144K(59392K) Class: 14798K(15104K)->14798K(15104K)
[94.738s][info][gc             ] GC(1640) Pause Young (Allocation Failure) 211M->45M(510M) 1.145ms
[94.738s][info][gc,cpu         ] GC(1640) User=0.00s Sys=0.00s Real=0.00s
[94.780s][info][gc,start       ] GC(1641) Pause Young (Allocation Failure)
[94.781s][info][gc,heap        ] GC(1641) PSYoungGen: 172384K(172544K)->1728K(172544K) Eden: 170496K(170496K)->0K(170496K) From: 1888K(2048K)->1728K(2048K)
[94.781s][info][gc,heap        ] GC(1641) ParOldGen: 44632K(349696K)->44792K(349696K)
[94.781s][info][gc,metaspace   ] GC(1641) Metaspace: 73942K(74496K)->73942K(74496K) NonClass: 59144K(59392K)->59144K(59392K) Class: 14798K(15104K)->14798K(15104K)
[94.781s][info][gc             ] GC(1641) Pause Young (Allocation Failure) 211M->45M(510M) 1.124ms
[94.781s][info][gc,cpu         ] GC(1641) User=0.00s Sys=0.00s Real=0.00s
[94.823s][info][gc,start       ] GC(1642) Pause Young (Allocation Failure)
[94.824s][info][gc,heap        ] GC(1642) PSYoungGen: 172224K(172544K)->1792K(172544K) Eden: 170496K(170496K)->0K(170496K) From: 1728K(2048K)->1792K(2048K)
[94.824s][info][gc,heap        ] GC(1642) ParOldGen: 44792K(349696K)->44960K(349696K)
[94.824s][info][gc,metaspace   ] GC(1642) Metaspace: 73942K(74496K)->73942K(74496K) NonClass: 59144K(59392K)->59144K(59392K) Class: 14798K(15104K)->14798K(15104K)
[94.824s][info][gc             ] GC(1642) Pause Young (Allocation Failure) 211M->45M(510M) 1.139ms
[94.824s][info][gc,cpu         ] GC(1642) User=0.00s Sys=0.00s Real=0.00s
[94.866s][info][gc,start       ] GC(1643) Pause Young (Allocation Failure)
[94.867s][info][gc,heap        ] GC(1643) PSYoungGen: 172288K(172544K)->1792K(172544K) Eden: 170496K(170496K)->0K(170496K) From: 1792K(2048K)->1792K(2048K)
[94.867s][info][gc,heap        ] GC(1643) ParOldGen: 44960K(349696K)->45056K(349696K)
[94.867s][info][gc,metaspace   ] GC(1643) Metaspace: 73942K(74496K)->73942K(74496K) NonClass: 59144K(59392K)->59144K(59392K) Class: 14798K(15104K)->14798K(15104K)
[94.867s][info][gc             ] GC(1643) Pause Young (Allocation Failure) 212M->45M(510M) 1.153ms
[94.867s][info][gc,cpu         ] GC(1643) User=0.00s Sys=0.00s Real=0.00s
[94.909s][info][gc,start       ] GC(1644) Pause Young (Allocation Failure)
[94.910s][info][gc,heap        ] GC(1644) PSYoungGen: 172288K(172544K)->1888K(172544K) Eden: 170496K(170496K)->0K(170496K) From: 1792K(2048K)->1888K(2048K)
[94.910s][info][gc,heap        ] GC(1644) ParOldGen: 45056K(349696K)->45216K(349696K)
[94.910s][info][gc,metaspace   ] GC(1644) Metaspace: 73942K(74496K)->73942K(74496K) NonClass: 59144K(59392K)->59144K(59392K) Class: 14798K(15104K)->14798K(15104K)
[94.910s][info][gc             ] GC(1644) Pause Young (Allocation Failure) 212M->46M(510M) 1.139ms
[94.910s][info][gc,cpu         ] GC(1644) User=0.00s Sys=0.00s Real=0.00s
[94.952s][info][gc,start       ] GC(1645) Pause Young (Allocation Failure)
[94.953s][info][gc,heap        ] GC(1645) PSYoungGen: 172383K(172544K)->1760K(172544K) Eden: 170495K(170496K)->0K(170496K) From: 1888K(2048K)->1760K(2048K)
[94.953s][info][gc,heap        ] GC(1645) ParOldGen: 45216K(349696K)->45384K(349696K)
[94.953s][info][gc,metaspace   ] GC(1645) Metaspace: 73942K(74496K)->73942K(74496K) NonClass: 59144K(59392K)->59144K(59392K) Class: 14798K(15104K)->14798K(15104K)
[94.953s][info][gc             ] GC(1645) Pause Young (Allocation Failure) 212M->46M(510M) 1.127ms
[94.953s][info][gc,cpu         ] GC(1645) User=0.00s Sys=0.00s Real=0.00s
[94.995s][info][gc,start       ] GC(1646) Pause Young (Allocation Failure)
[94.996s][info][gc,heap        ] GC(1646) PSYoungGen: 172256K(172544K)->1760K(172544K) Eden: 170496K(170496K)->0K(170496K) From: 1760K(2048K)->1760K(2048K)
[94.996s][info][gc,heap        ] GC(1646) ParOldGen: 45384K(349696K)->45520K(349696K)
[94.996s][info][gc,metaspace   ] GC(1646) Metaspace: 73942K(74496K)->73942K(74496K) NonClass: 59144K(59392K)->59144K(59392K) Class: 14798K(15104K)->14798K(15104K)
[94.996s][info][gc             ] GC(1646) Pause Young (Allocation Failure) 212M->46M(510M) 1.150ms
[94.996s][info][gc,cpu         ] GC(1646) User=0.00s Sys=0.00s Real=0.00s
[95.038s][info][gc,start       ] GC(1647) Pause Young (Allocation Failure)
[95.039s][info][gc,heap        ] GC(1647) PSYoungGen: 172256K(172544K)->1760K(172544K) Eden: 170496K(170496K)->0K(170496K) From: 1760K(2048K)->1760K(2048K)
[95.039s][info][gc,heap        ] GC(1647) ParOldGen: 45520K(349696K)->45624K(349696K)
[95.039s][info][gc,metaspace   ] GC(1647) Metaspace: 73942K(74496K)->73942K(74496K) NonClass: 59144K(59392K)->59144K(59392K) Class: 14798K(15104K)->14798K(15104K)
[95.039s][info][gc             ] GC(1647) Pause Young (Allocation Failure) 212M->46M(510M) 1.133ms
[95.039s][info][gc,cpu         ] GC(1647) User=0.00s Sys=0.00s Real=0.00s
[95.082s][info][gc,start       ] GC(1648) Pause Young (Allocation Failure)
[95.083s][info][gc,heap        ] GC(1648) PSYoungGen: 172256K(172544K)->1792K(172544K) Eden: 170496K(170496K)->0K(170496K) From: 1760K(2048K)->1792K(2048K)
[95.083s][info][gc,heap        ] GC(1648) ParOldGen: 45624K(349696K)->45832K(349696K)
[95.083s][info][gc,metaspace   ] GC(1648) Metaspace: 73942K(74496K)->73942K(74496K) NonClass: 59144K(59392K)->59144K(59392K) Class: 14798K(15104K)->14798K(15104K)
[95.083s][info][gc             ] GC(1648) Pause Young (Allocation Failure) 212M->46M(510M) 1.158ms
[95.083s][info][gc,cpu         ] GC(1648) User=0.00s Sys=0.00s Real=0.00s
[95.126s][info][gc,start       ] GC(1649) Pause Young (Allocation Failure)
[95.127s][info][gc,heap        ] GC(1649) PSYoungGen: 172288K(172544K)->1824K(172544K) Eden: 170496K(170496K)->0K(170496K) From: 1792K(2048K)->1824K(2048K)
[95.127s][info][gc,heap        ] GC(1649) ParOldGen: 45832K(349696K)->46096K(349696K)
[95.127s][info][gc,metaspace   ] GC(1649) Metaspace: 73942K(74496K)->73942K(74496K) NonClass: 59144K(59392K)->59144K(59392K) Class: 14798K(15104K)->14798K(15104K)
[95.127s][info][gc             ] GC(1649) Pause Young (Allocation Failure) 213M->46M(510M) 1.126ms
[95.127s][info][gc,cpu         ] GC(1649) User=0.00s Sys=0.00s Real=0.00s
[95.169s][info][gc,start       ] GC(1650) Pause Young (Allocation Failure)
[95.170s][info][gc,heap        ] GC(1650) PSYoungGen: 172320K(172544K)->1760K(172544K) Eden: 170496K(170496K)->0K(170496K) From: 1824K(2048K)->1760K(2048K)
[95.170s][info][gc,heap        ] GC(1650) ParOldGen: 46096K(349696K)->46272K(349696K)
[95.170s][info][gc,metaspace   ] GC(1650) Metaspace: 73942K(74496K)->73942K(74496K) NonClass: 59144K(59392K)->59144K(59392K) Class: 14798K(15104K)->14798K(15104K)
[95.170s][info][gc             ] GC(1650) Pause Young (Allocation Failure) 213M->46M(510M) 1.149ms
[95.170s][info][gc,cpu         ] GC(1650) User=0.00s Sys=0.00s Real=0.00s
[95.212s][info][gc,start       ] GC(1651) Pause Young (Allocation Failure)
[95.213s][info][gc,heap        ] GC(1651) PSYoungGen: 172256K(172544K)->1728K(172544K) Eden: 170496K(170496K)->0K(170496K) From: 1760K(2048K)->1728K(2048K)
[95.213s][info][gc,heap        ] GC(1651) ParOldGen: 46272K(349696K)->46432K(349696K)
[95.213s][info][gc,metaspace   ] GC(1651) Metaspace: 73942K(74496K)->73942K(74496K) NonClass: 59144K(59392K)->59144K(59392K) Class: 14798K(15104K)->14798K(15104K)
[95.213s][info][gc             ] GC(1651) Pause Young (Allocation Failure) 213M->47M(510M) 1.105ms
[95.213s][info][gc,cpu         ] GC(1651) User=0.00s Sys=0.00s Real=0.00s
[95.255s][info][gc,start       ] GC(1652) Pause Young (Allocation Failure)
[95.256s][info][gc,heap        ] GC(1652) PSYoungGen: 172224K(172544K)->1856K(172544K) Eden: 170496K(170496K)->0K(170496K) From: 1728K(2048K)->1856K(2048K)
[95.256s][info][gc,heap        ] GC(1652) ParOldGen: 46432K(349696K)->46552K(349696K)
[95.256s][info][gc,metaspace   ] GC(1652) Metaspace: 73942K(74496K)->73942K(74496K) NonClass: 59144K(59392K)->59144K(59392K) Class: 14798K(15104K)->14798K(15104K)
[95.256s][info][gc             ] GC(1652) Pause Young (Allocation Failure) 213M->47M(510M) 1.097ms
[95.256s][info][gc,cpu         ] GC(1652) User=0.00s Sys=0.00s Real=0.00s
[95.298s][info][gc,start       ] GC(1653) Pause Young (Allocation Failure)
[95.299s][info][gc,heap        ] GC(1653) PSYoungGen: 172352K(172544K)->1760K(172544K) Eden: 170496K(170496K)->0K(170496K) From: 1856K(2048K)->1760K(2048K)
[95.299s][info][gc,heap        ] GC(1653) ParOldGen: 46552K(349696K)->46728K(349696K)
[95.299s][info][gc,metaspace   ] GC(1653) Metaspace: 73942K(74496K)->73942K(74496K) NonClass: 59144K(59392K)->59144K(59392K) Class: 14798K(15104K)->14798K(15104K)
[95.299s][info][gc             ] GC(1653) Pause Young (Allocation Failure) 213M->47M(510M) 1.135ms
[95.299s][info][gc,cpu         ] GC(1653) User=0.00s Sys=0.00s Real=0.00s
[95.341s][info][gc,start       ] GC(1654) Pause Young (Allocation Failure)
[95.342s][info][gc,heap        ] GC(1654) PSYoungGen: 172256K(172544K)->1792K(172544K) Eden: 170496K(170496K)->0K(170496K) From: 1760K(2048K)->1792K(2048K)
[95.342s][info][gc,heap        ] GC(1654) ParOldGen: 46728K(349696K)->46848K(349696K)
[95.342s][info][gc,metaspace   ] GC(1654) Metaspace: 73942K(74496K)->73942K(74496K) NonClass: 59144K(59392K)->59144K(59392K) Class: 14798K(15104K)->14798K(15104K)
[95.342s][info][gc             ] GC(1654) Pause Young (Allocation Failure) 213M->47M(510M) 1.154ms
[95.342s][info][gc,cpu         ] GC(1654) User=0.00s Sys=0.00s Real=0.00s
[95.384s][info][gc,start       ] GC(1655) Pause Young (Allocation Failure)
[95.385s][info][gc,heap        ] GC(1655) PSYoungGen: 172288K(172544K)->1728K(172544K) Eden: 170496K(170496K)->0K(170496K) From: 1792K(2048K)->1728K(2048K)
[95.385s][info][gc,heap        ] GC(1655) ParOldGen: 46848K(349696K)->47016K(349696K)
[95.385s][info][gc,metaspace   ] GC(1655) Metaspace: 73942K(74496K)->73942K(74496K) NonClass: 59144K(59392K)->59144K(59392K) Class: 14798K(15104K)->14798K(15104K)
[95.385s][info][gc             ] GC(1655) Pause Young (Allocation Failure) 214M->47M(510M) 1.114ms
[95.385s][info][gc,cpu         ] GC(1655) User=0.00s Sys=0.00s Real=0.00s
[95.427s][info][gc,start       ] GC(1656) Pause Young (Allocation Failure)
[95.428s][info][gc,heap        ] GC(1656) PSYoungGen: 172224K(172544K)->1760K(172544K) Eden: 170496K(170496K)->0K(170496K) From: 1728K(2048K)->1760K(2048K)
[95.428s][info][gc,heap        ] GC(1656) ParOldGen: 47016K(349696K)->47200K(349696K)
[95.428s][info][gc,metaspace   ] GC(1656) Metaspace: 73942K(74496K)->73942K(74496K) NonClass: 59144K(59392K)->59144K(59392K) Class: 14798K(15104K)->14798K(15104K)
[95.428s][info][gc             ] GC(1656) Pause Young (Allocation Failure) 214M->47M(510M) 1.087ms
[95.428s][info][gc,cpu         ] GC(1656) User=0.00s Sys=0.00s Real=0.00s
[95.470s][info][gc,start       ] GC(1657) Pause Young (Allocation Failure)
[95.480s][info][gc,heap        ] GC(1657) PSYoungGen: 172256K(172544K)->1792K(172544K) Eden: 170496K(170496K)->0K(170496K) From: 1760K(2048K)->1792K(2048K)
[95.480s][info][gc,heap        ] GC(1657) ParOldGen: 47200K(349696K)->47400K(349696K)
[95.480s][info][gc,metaspace   ] GC(1657) Metaspace: 73942K(74496K)->73942K(74496K) NonClass: 59144K(59392K)->59144K(59392K) Class: 14798K(15104K)->14798K(15104K)
[95.480s][info][gc             ] GC(1657) Pause Young (Allocation Failure) 214M->48M(510M) 10.077ms
[95.480s][info][gc,cpu         ] GC(1657) User=0.00s Sys=0.00s Real=0.00s
[95.524s][info][gc,start       ] GC(1658) Pause Young (Allocation Failure)
[95.525s][info][gc,heap        ] GC(1658) PSYoungGen: 172288K(172544K)->1760K(172544K) Eden: 170496K(170496K)->0K(170496K) From: 1792K(2048K)->1760K(2048K)
[95.525s][info][gc,heap        ] GC(1658) ParOldGen: 47400K(349696K)->47552K(349696K)
[95.525s][info][gc,metaspace   ] GC(1658) Metaspace: 73942K(74496K)->73942K(74496K) NonClass: 59144K(59392K)->59144K(59392K) Class: 14798K(15104K)->14798K(15104K)
[95.525s][info][gc             ] GC(1658) Pause Young (Allocation Failure) 214M->48M(510M) 1.120ms
[95.525s][info][gc,cpu         ] GC(1658) User=0.00s Sys=0.00s Real=0.00s
[95.567s][info][gc,start       ] GC(1659) Pause Young (Allocation Failure)
[95.568s][info][gc,heap        ] GC(1659) PSYoungGen: 172256K(172544K)->1728K(172544K) Eden: 170496K(170496K)->0K(170496K) From: 1760K(2048K)->1728K(2048K)
[95.568s][info][gc,heap        ] GC(1659) ParOldGen: 47552K(349696K)->47720K(349696K)
[95.568s][info][gc,metaspace   ] GC(1659) Metaspace: 73942K(74496K)->73942K(74496K) NonClass: 59144K(59392K)->59144K(59392K) Class: 14798K(15104K)->14798K(15104K)
[95.568s][info][gc             ] GC(1659) Pause Young (Allocation Failure) 214M->48M(510M) 1.061ms
[95.568s][info][gc,cpu         ] GC(1659) User=0.00s Sys=0.00s Real=0.00s
[95.610s][info][gc,start       ] GC(1660) Pause Young (Allocation Failure)
[95.611s][info][gc,heap        ] GC(1660) PSYoungGen: 172224K(172544K)->1792K(172544K) Eden: 170496K(170496K)->0K(170496K) From: 1728K(2048K)->1792K(2048K)
[95.611s][info][gc,heap        ] GC(1660) ParOldGen: 47720K(349696K)->47904K(349696K)
[95.611s][info][gc,metaspace   ] GC(1660) Metaspace: 73942K(74496K)->73942K(74496K) NonClass: 59144K(59392K)->59144K(59392K) Class: 14798K(15104K)->14798K(15104K)
[95.611s][info][gc             ] GC(1660) Pause Young (Allocation Failure) 214M->48M(510M) 1.150ms
[95.611s][info][gc,cpu         ] GC(1660) User=0.00s Sys=0.02s Real=0.00s
[95.653s][info][gc,start       ] GC(1661) Pause Young (Allocation Failure)
[95.654s][info][gc,heap        ] GC(1661) PSYoungGen: 172287K(172544K)->1760K(172544K) Eden: 170495K(170496K)->0K(170496K) From: 1792K(2048K)->1760K(2048K)
[95.654s][info][gc,heap        ] GC(1661) ParOldGen: 47904K(349696K)->48048K(349696K)
[95.654s][info][gc,metaspace   ] GC(1661) Metaspace: 73942K(74496K)->73942K(74496K) NonClass: 59144K(59392K)->59144K(59392K) Class: 14798K(15104K)->14798K(15104K)
[95.654s][info][gc             ] GC(1661) Pause Young (Allocation Failure) 215M->48M(510M) 1.171ms
[95.654s][info][gc,cpu         ] GC(1661) User=0.00s Sys=0.00s Real=0.00s
[95.696s][info][gc,start       ] GC(1662) Pause Young (Allocation Failure)
[95.697s][info][gc,heap        ] GC(1662) PSYoungGen: 172256K(172544K)->1728K(172544K) Eden: 170496K(170496K)->0K(170496K) From: 1760K(2048K)->1728K(2048K)
[95.698s][info][gc,heap        ] GC(1662) ParOldGen: 48048K(349696K)->48208K(349696K)
[95.698s][info][gc,metaspace   ] GC(1662) Metaspace: 73942K(74496K)->73942K(74496K) NonClass: 59144K(59392K)->59144K(59392K) Class: 14798K(15104K)->14798K(15104K)
[95.698s][info][gc             ] GC(1662) Pause Young (Allocation Failure) 215M->48M(510M) 1.135ms
[95.698s][info][gc,cpu         ] GC(1662) User=0.00s Sys=0.00s Real=0.00s
[95.739s][info][gc,start       ] GC(1663) Pause Young (Allocation Failure)
[95.741s][info][gc,heap        ] GC(1663) PSYoungGen: 172224K(172544K)->1728K(172544K) Eden: 170496K(170496K)->0K(170496K) From: 1728K(2048K)->1728K(2048K)
[95.741s][info][gc,heap        ] GC(1663) ParOldGen: 48208K(349696K)->48368K(349696K)
[95.741s][info][gc,metaspace   ] GC(1663) Metaspace: 73942K(74496K)->73942K(74496K) NonClass: 59144K(59392K)->59144K(59392K) Class: 14798K(15104K)->14798K(15104K)
[95.741s][info][gc             ] GC(1663) Pause Young (Allocation Failure) 215M->48M(510M) 1.162ms
[95.741s][info][gc,cpu         ] GC(1663) User=0.00s Sys=0.00s Real=0.00s
[95.782s][info][gc,start       ] GC(1664) Pause Young (Allocation Failure)
[95.783s][info][gc,heap        ] GC(1664) PSYoungGen: 172224K(172544K)->1792K(172544K) Eden: 170496K(170496K)->0K(170496K) From: 1728K(2048K)->1792K(2048K)
[95.783s][info][gc,heap        ] GC(1664) ParOldGen: 48368K(349696K)->48496K(349696K)
[95.784s][info][gc,metaspace   ] GC(1664) Metaspace: 73942K(74496K)->73942K(74496K) NonClass: 59144K(59392K)->59144K(59392K) Class: 14798K(15104K)->14798K(15104K)
[95.784s][info][gc             ] GC(1664) Pause Young (Allocation Failure) 215M->49M(510M) 1.100ms
[95.784s][info][gc,cpu         ] GC(1664) User=0.00s Sys=0.00s Real=0.00s
[95.825s][info][gc,start       ] GC(1665) Pause Young (Allocation Failure)
[95.827s][info][gc,heap        ] GC(1665) PSYoungGen: 172288K(172544K)->1792K(172544K) Eden: 170496K(170496K)->0K(170496K) From: 1792K(2048K)->1792K(2048K)
[95.827s][info][gc,heap        ] GC(1665) ParOldGen: 48496K(349696K)->48632K(349696K)
[95.827s][info][gc,metaspace   ] GC(1665) Metaspace: 73942K(74496K)->73942K(74496K) NonClass: 59144K(59392K)->59144K(59392K) Class: 14798K(15104K)->14798K(15104K)
[95.827s][info][gc             ] GC(1665) Pause Young (Allocation Failure) 215M->49M(510M) 1.135ms
[95.827s][info][gc,cpu         ] GC(1665) User=0.00s Sys=0.00s Real=0.00s
[95.869s][info][gc,start       ] GC(1666) Pause Young (Allocation Failure)
[95.870s][info][gc,heap        ] GC(1666) PSYoungGen: 172288K(172544K)->1792K(172544K) Eden: 170496K(170496K)->0K(170496K) From: 1792K(2048K)->1792K(2048K)
[95.870s][info][gc,heap        ] GC(1666) ParOldGen: 48632K(349696K)->48792K(349696K)
[95.870s][info][gc,metaspace   ] GC(1666) Metaspace: 73942K(74496K)->73942K(74496K) NonClass: 59144K(59392K)->59144K(59392K) Class: 14798K(15104K)->14798K(15104K)
[95.870s][info][gc             ] GC(1666) Pause Young (Allocation Failure) 215M->49M(510M) 1.177ms
[95.870s][info][gc,cpu         ] GC(1666) User=0.00s Sys=0.00s Real=0.00s
[95.912s][info][gc,start       ] GC(1667) Pause Young (Allocation Failure)
[95.913s][info][gc,heap        ] GC(1667) PSYoungGen: 172288K(172544K)->1824K(172544K) Eden: 170496K(170496K)->0K(170496K) From: 1792K(2048K)->1824K(2048K)
[95.913s][info][gc,heap        ] GC(1667) ParOldGen: 48792K(349696K)->48976K(349696K)
[95.913s][info][gc,metaspace   ] GC(1667) Metaspace: 73942K(74496K)->73942K(74496K) NonClass: 59144K(59392K)->59144K(59392K) Class: 14798K(15104K)->14798K(15104K)
[95.913s][info][gc             ] GC(1667) Pause Young (Allocation Failure) 215M->49M(510M) 1.124ms
[95.913s][info][gc,cpu         ] GC(1667) User=0.00s Sys=0.00s Real=0.00s
[95.955s][info][gc,start       ] GC(1668) Pause Young (Allocation Failure)
[95.956s][info][gc,heap        ] GC(1668) PSYoungGen: 172320K(172544K)->1792K(172544K) Eden: 170496K(170496K)->0K(170496K) From: 1824K(2048K)->1792K(2048K)
[95.956s][info][gc,heap        ] GC(1668) ParOldGen: 48976K(349696K)->49152K(349696K)
[95.956s][info][gc,metaspace   ] GC(1668) Metaspace: 73942K(74496K)->73942K(74496K) NonClass: 59144K(59392K)->59144K(59392K) Class: 14798K(15104K)->14798K(15104K)
[95.956s][info][gc             ] GC(1668) Pause Young (Allocation Failure) 216M->49M(510M) 1.102ms
[95.956s][info][gc,cpu         ] GC(1668) User=0.00s Sys=0.00s Real=0.00s
[95.998s][info][gc,start       ] GC(1669) Pause Young (Allocation Failure)
[95.999s][info][gc,heap        ] GC(1669) PSYoungGen: 172288K(172544K)->1824K(172544K) Eden: 170496K(170496K)->0K(170496K) From: 1792K(2048K)->1824K(2048K)
[95.999s][info][gc,heap        ] GC(1669) ParOldGen: 49152K(349696K)->49304K(349696K)
[95.999s][info][gc,metaspace   ] GC(1669) Metaspace: 73942K(74496K)->73942K(74496K) NonClass: 59144K(59392K)->59144K(59392K) Class: 14798K(15104K)->14798K(15104K)
[95.999s][info][gc             ] GC(1669) Pause Young (Allocation Failure) 216M->49M(510M) 1.157ms
[95.999s][info][gc,cpu         ] GC(1669) User=0.00s Sys=0.00s Real=0.00s
[96.041s][info][gc,start       ] GC(1670) Pause Young (Allocation Failure)
[96.042s][info][gc,heap        ] GC(1670) PSYoungGen: 172320K(172544K)->1824K(172544K) Eden: 170496K(170496K)->0K(170496K) From: 1824K(2048K)->1824K(2048K)
[96.042s][info][gc,heap        ] GC(1670) ParOldGen: 49304K(349696K)->49448K(349696K)
[96.042s][info][gc,metaspace   ] GC(1670) Metaspace: 73942K(74496K)->73942K(74496K) NonClass: 59144K(59392K)->59144K(59392K) Class: 14798K(15104K)->14798K(15104K)
[96.042s][info][gc             ] GC(1670) Pause Young (Allocation Failure) 216M->50M(510M) 1.130ms
[96.042s][info][gc,cpu         ] GC(1670) User=0.00s Sys=0.00s Real=0.00s
[96.084s][info][gc,start       ] GC(1671) Pause Young (Allocation Failure)
[96.085s][info][gc,heap        ] GC(1671) PSYoungGen: 172320K(172544K)->1792K(172544K) Eden: 170496K(170496K)->0K(170496K) From: 1824K(2048K)->1792K(2048K)
[96.085s][info][gc,heap        ] GC(1671) ParOldGen: 49448K(349696K)->49608K(349696K)
[96.085s][info][gc,metaspace   ] GC(1671) Metaspace: 73942K(74496K)->73942K(74496K) NonClass: 59144K(59392K)->59144K(59392K) Class: 14798K(15104K)->14798K(15104K)
[96.085s][info][gc             ] GC(1671) Pause Young (Allocation Failure) 216M->50M(510M) 1.136ms
[96.085s][info][gc,cpu         ] GC(1671) User=0.00s Sys=0.00s Real=0.00s
[96.127s][info][gc,start       ] GC(1672) Pause Young (Allocation Failure)
[96.128s][info][gc,heap        ] GC(1672) PSYoungGen: 172288K(172544K)->1760K(172544K) Eden: 170496K(170496K)->0K(170496K) From: 1792K(2048K)->1760K(2048K)
[96.128s][info][gc,heap        ] GC(1672) ParOldGen: 49608K(349696K)->49872K(349696K)
[96.128s][info][gc,metaspace   ] GC(1672) Metaspace: 73942K(74496K)->73942K(74496K) NonClass: 59144K(59392K)->59144K(59392K) Class: 14798K(15104K)->14798K(15104K)
[96.128s][info][gc             ] GC(1672) Pause Young (Allocation Failure) 216M->50M(510M) 1.117ms
[96.128s][info][gc,cpu         ] GC(1672) User=0.00s Sys=0.00s Real=0.00s
[96.170s][info][gc,start       ] GC(1673) Pause Young (Allocation Failure)
[96.171s][info][gc,heap        ] GC(1673) PSYoungGen: 172256K(172544K)->1792K(172544K) Eden: 170496K(170496K)->0K(170496K) From: 1760K(2048K)->1792K(2048K)
[96.171s][info][gc,heap        ] GC(1673) ParOldGen: 49872K(349696K)->50024K(349696K)
[96.171s][info][gc,metaspace   ] GC(1673) Metaspace: 73942K(74496K)->73942K(74496K) NonClass: 59144K(59392K)->59144K(59392K) Class: 14798K(15104K)->14798K(15104K)
[96.171s][info][gc             ] GC(1673) Pause Young (Allocation Failure) 216M->50M(510M) 1.155ms
[96.171s][info][gc,cpu         ] GC(1673) User=0.00s Sys=0.00s Real=0.00s
[96.214s][info][gc,start       ] GC(1674) Pause Young (Allocation Failure)
[96.215s][info][gc,heap        ] GC(1674) PSYoungGen: 172288K(172544K)->1696K(172544K) Eden: 170496K(170496K)->0K(170496K) From: 1792K(2048K)->1696K(2048K)
[96.215s][info][gc,heap        ] GC(1674) ParOldGen: 50024K(349696K)->50168K(349696K)
[96.215s][info][gc,metaspace   ] GC(1674) Metaspace: 73942K(74496K)->73942K(74496K) NonClass: 59144K(59392K)->59144K(59392K) Class: 14798K(15104K)->14798K(15104K)
[96.215s][info][gc             ] GC(1674) Pause Young (Allocation Failure) 217M->50M(510M) 1.169ms
[96.215s][info][gc,cpu         ] GC(1674) User=0.00s Sys=0.00s Real=0.00s
[96.257s][info][gc,start       ] GC(1675) Pause Young (Allocation Failure)
[96.258s][info][gc,heap        ] GC(1675) PSYoungGen: 172192K(172544K)->1920K(172544K) Eden: 170496K(170496K)->0K(170496K) From: 1696K(2048K)->1920K(2048K)
[96.258s][info][gc,heap        ] GC(1675) ParOldGen: 50168K(349696K)->50296K(349696K)
[96.258s][info][gc,metaspace   ] GC(1675) Metaspace: 73942K(74496K)->73942K(74496K) NonClass: 59144K(59392K)->59144K(59392K) Class: 14798K(15104K)->14798K(15104K)
[96.258s][info][gc             ] GC(1675) Pause Young (Allocation Failure) 217M->50M(510M) 1.188ms
[96.258s][info][gc,cpu         ] GC(1675) User=0.00s Sys=0.00s Real=0.00s
[96.300s][info][gc,start       ] GC(1676) Pause Young (Allocation Failure)
[96.301s][info][gc,heap        ] GC(1676) PSYoungGen: 172416K(172544K)->1728K(172544K) Eden: 170496K(170496K)->0K(170496K) From: 1920K(2048K)->1728K(2048K)
[96.301s][info][gc,heap        ] GC(1676) ParOldGen: 50296K(349696K)->50432K(349696K)
[96.301s][info][gc,metaspace   ] GC(1676) Metaspace: 73942K(74496K)->73942K(74496K) NonClass: 59144K(59392K)->59144K(59392K) Class: 14798K(15104K)->14798K(15104K)
[96.301s][info][gc             ] GC(1676) Pause Young (Allocation Failure) 217M->50M(510M) 1.130ms
[96.301s][info][gc,cpu         ] GC(1676) User=0.00s Sys=0.00s Real=0.00s
[96.343s][info][gc,start       ] GC(1677) Pause Young (Allocation Failure)
[96.344s][info][gc,heap        ] GC(1677) PSYoungGen: 172224K(172544K)->1824K(172544K) Eden: 170496K(170496K)->0K(170496K) From: 1728K(2048K)->1824K(2048K)
[96.344s][info][gc,heap        ] GC(1677) ParOldGen: 50432K(349696K)->50584K(349696K)
[96.344s][info][gc,metaspace   ] GC(1677) Metaspace: 73942K(74496K)->73942K(74496K) NonClass: 59144K(59392K)->59144K(59392K) Class: 14798K(15104K)->14798K(15104K)
[96.344s][info][gc             ] GC(1677) Pause Young (Allocation Failure) 217M->51M(510M) 1.168ms
[96.344s][info][gc,cpu         ] GC(1677) User=0.00s Sys=0.00s Real=0.00s
[96.386s][info][gc,start       ] GC(1678) Pause Young (Allocation Failure)
[96.387s][info][gc,heap        ] GC(1678) PSYoungGen: 172320K(172544K)->1760K(172544K) Eden: 170496K(170496K)->0K(170496K) From: 1824K(2048K)->1760K(2048K)
[96.387s][info][gc,heap        ] GC(1678) ParOldGen: 50584K(349696K)->50768K(349696K)
[96.387s][info][gc,metaspace   ] GC(1678) Metaspace: 73942K(74496K)->73942K(74496K) NonClass: 59144K(59392K)->59144K(59392K) Class: 14798K(15104K)->14798K(15104K)
[96.387s][info][gc             ] GC(1678) Pause Young (Allocation Failure) 217M->51M(510M) 1.121ms
[96.387s][info][gc,cpu         ] GC(1678) User=0.00s Sys=0.00s Real=0.00s
[96.429s][info][gc,start       ] GC(1679) Pause Young (Allocation Failure)
[96.430s][info][gc,heap        ] GC(1679) PSYoungGen: 172256K(172544K)->1824K(172544K) Eden: 170496K(170496K)->0K(170496K) From: 1760K(2048K)->1824K(2048K)
[96.430s][info][gc,heap        ] GC(1679) ParOldGen: 50768K(349696K)->50920K(349696K)
[96.430s][info][gc,metaspace   ] GC(1679) Metaspace: 73942K(74496K)->73942K(74496K) NonClass: 59144K(59392K)->59144K(59392K) Class: 14798K(15104K)->14798K(15104K)
[96.430s][info][gc             ] GC(1679) Pause Young (Allocation Failure) 217M->51M(510M) 1.143ms
[96.430s][info][gc,cpu         ] GC(1679) User=0.00s Sys=0.00s Real=0.00s
[96.472s][info][gc,start       ] GC(1680) Pause Young (Allocation Failure)
[96.473s][info][gc,heap        ] GC(1680) PSYoungGen: 172320K(172544K)->1728K(172544K) Eden: 170496K(170496K)->0K(170496K) From: 1824K(2048K)->1728K(2048K)
[96.473s][info][gc,heap        ] GC(1680) ParOldGen: 50920K(349696K)->51104K(349696K)
[96.473s][info][gc,metaspace   ] GC(1680) Metaspace: 73942K(74496K)->73942K(74496K) NonClass: 59144K(59392K)->59144K(59392K) Class: 14798K(15104K)->14798K(15104K)
[96.473s][info][gc             ] GC(1680) Pause Young (Allocation Failure) 218M->51M(510M) 1.102ms
[96.473s][info][gc,cpu         ] GC(1680) User=0.00s Sys=0.00s Real=0.00s
[96.516s][info][gc,start       ] GC(1681) Pause Young (Allocation Failure)
[96.517s][info][gc,heap        ] GC(1681) PSYoungGen: 172224K(172544K)->1792K(172544K) Eden: 170496K(170496K)->0K(170496K) From: 1728K(2048K)->1792K(2048K)
[96.517s][info][gc,heap        ] GC(1681) ParOldGen: 51104K(349696K)->51256K(349696K)
[96.517s][info][gc,metaspace   ] GC(1681) Metaspace: 73942K(74496K)->73942K(74496K) NonClass: 59144K(59392K)->59144K(59392K) Class: 14798K(15104K)->14798K(15104K)
[96.517s][info][gc             ] GC(1681) Pause Young (Allocation Failure) 218M->51M(510M) 1.156ms
[96.517s][info][gc,cpu         ] GC(1681) User=0.00s Sys=0.00s Real=0.00s
[96.559s][info][gc,start       ] GC(1682) Pause Young (Allocation Failure)
[96.560s][info][gc,heap        ] GC(1682) PSYoungGen: 172288K(172544K)->1728K(172544K) Eden: 170496K(170496K)->0K(170496K) From: 1792K(2048K)->1728K(2048K)
[96.560s][info][gc,heap        ] GC(1682) ParOldGen: 51256K(349696K)->51416K(349696K)
[96.560s][info][gc,metaspace   ] GC(1682) Metaspace: 73942K(74496K)->73942K(74496K) NonClass: 59144K(59392K)->59144K(59392K) Class: 14798K(15104K)->14798K(15104K)
[96.560s][info][gc             ] GC(1682) Pause Young (Allocation Failure) 218M->51M(510M) 1.126ms
[96.560s][info][gc,cpu         ] GC(1682) User=0.00s Sys=0.00s Real=0.00s
[96.602s][info][gc,start       ] GC(1683) Pause Young (Allocation Failure)
[96.603s][info][gc,heap        ] GC(1683) PSYoungGen: 172224K(172544K)->1792K(172544K) Eden: 170496K(170496K)->0K(170496K) From: 1728K(2048K)->1792K(2048K)
[96.603s][info][gc,heap        ] GC(1683) ParOldGen: 51416K(349696K)->51608K(349696K)
[96.603s][info][gc,metaspace   ] GC(1683) Metaspace: 73942K(74496K)->73942K(74496K) NonClass: 59144K(59392K)->59144K(59392K) Class: 14798K(15104K)->14798K(15104K)
[96.603s][info][gc             ] GC(1683) Pause Young (Allocation Failure) 218M->52M(510M) 1.153ms
[96.603s][info][gc,cpu         ] GC(1683) User=0.00s Sys=0.00s Real=0.00s
[96.645s][info][gc,start       ] GC(1684) Pause Young (Allocation Failure)
[96.646s][info][gc,heap        ] GC(1684) PSYoungGen: 172288K(172544K)->1760K(172544K) Eden: 170496K(170496K)->0K(170496K) From: 1792K(2048K)->1760K(2048K)
[96.646s][info][gc,heap        ] GC(1684) ParOldGen: 51608K(349696K)->51776K(349696K)
[96.646s][info][gc,metaspace   ] GC(1684) Metaspace: 73942K(74496K)->73942K(74496K) NonClass: 59144K(59392K)->59144K(59392K) Class: 14798K(15104K)->14798K(15104K)
[96.646s][info][gc             ] GC(1684) Pause Young (Allocation Failure) 218M->52M(510M) 1.122ms
[96.646s][info][gc,cpu         ] GC(1684) User=0.00s Sys=0.00s Real=0.00s
[96.688s][info][gc,start       ] GC(1685) Pause Young (Allocation Failure)
[96.689s][info][gc,heap        ] GC(1685) PSYoungGen: 172256K(172544K)->1728K(172544K) Eden: 170496K(170496K)->0K(170496K) From: 1760K(2048K)->1728K(2048K)
[96.689s][info][gc,heap        ] GC(1685) ParOldGen: 51776K(349696K)->51952K(349696K)
[96.689s][info][gc,metaspace   ] GC(1685) Metaspace: 73942K(74496K)->73942K(74496K) NonClass: 59144K(59392K)->59144K(59392K) Class: 14798K(15104K)->14798K(15104K)
[96.689s][info][gc             ] GC(1685) Pause Young (Allocation Failure) 218M->52M(510M) 1.101ms
[96.689s][info][gc,cpu         ] GC(1685) User=0.00s Sys=0.02s Real=0.00s
[96.731s][info][gc,start       ] GC(1686) Pause Young (Allocation Failure)
[96.732s][info][gc,heap        ] GC(1686) PSYoungGen: 172224K(172544K)->1728K(172544K) Eden: 170496K(170496K)->0K(170496K) From: 1728K(2048K)->1728K(2048K)
[96.732s][info][gc,heap        ] GC(1686) ParOldGen: 51952K(349696K)->52128K(349696K)
[96.732s][info][gc,metaspace   ] GC(1686) Metaspace: 73942K(74496K)->73942K(74496K) NonClass: 59144K(59392K)->59144K(59392K) Class: 14798K(15104K)->14798K(15104K)
[96.732s][info][gc             ] GC(1686) Pause Young (Allocation Failure) 218M->52M(510M) 1.236ms
[96.732s][info][gc,cpu         ] GC(1686) User=0.00s Sys=0.00s Real=0.00s
[96.774s][info][gc,start       ] GC(1687) Pause Young (Allocation Failure)
[96.775s][info][gc,heap        ] GC(1687) PSYoungGen: 172224K(172544K)->1792K(172544K) Eden: 170496K(170496K)->0K(170496K) From: 1728K(2048K)->1792K(2048K)
[96.775s][info][gc,heap        ] GC(1687) ParOldGen: 52128K(349696K)->52232K(349696K)
[96.775s][info][gc,metaspace   ] GC(1687) Metaspace: 73942K(74496K)->73942K(74496K) NonClass: 59144K(59392K)->59144K(59392K) Class: 14798K(15104K)->14798K(15104K)
[96.775s][info][gc             ] GC(1687) Pause Young (Allocation Failure) 219M->52M(510M) 1.161ms
[96.775s][info][gc,cpu         ] GC(1687) User=0.00s Sys=0.00s Real=0.00s
[96.817s][info][gc,start       ] GC(1688) Pause Young (Allocation Failure)
[96.818s][info][gc,heap        ] GC(1688) PSYoungGen: 172288K(172544K)->1792K(172544K) Eden: 170496K(170496K)->0K(170496K) From: 1792K(2048K)->1792K(2048K)
[96.818s][info][gc,heap        ] GC(1688) ParOldGen: 52232K(349696K)->52432K(349696K)
[96.818s][info][gc,metaspace   ] GC(1688) Metaspace: 73942K(74496K)->73942K(74496K) NonClass: 59144K(59392K)->59144K(59392K) Class: 14798K(15104K)->14798K(15104K)
[96.818s][info][gc             ] GC(1688) Pause Young (Allocation Failure) 219M->52M(510M) 1.138ms
[96.818s][info][gc,cpu         ] GC(1688) User=0.00s Sys=0.00s Real=0.00s
[96.860s][info][gc,start       ] GC(1689) Pause Young (Allocation Failure)
[96.861s][info][gc,heap        ] GC(1689) PSYoungGen: 172288K(172544K)->1728K(172544K) Eden: 170496K(170496K)->0K(170496K) From: 1792K(2048K)->1728K(2048K)
[96.861s][info][gc,heap        ] GC(1689) ParOldGen: 52432K(349696K)->52592K(349696K)
[96.861s][info][gc,metaspace   ] GC(1689) Metaspace: 73942K(74496K)->73942K(74496K) NonClass: 59144K(59392K)->59144K(59392K) Class: 14798K(15104K)->14798K(15104K)
[96.861s][info][gc             ] GC(1689) Pause Young (Allocation Failure) 219M->53M(510M) 1.120ms
[96.861s][info][gc,cpu         ] GC(1689) User=0.00s Sys=0.00s Real=0.00s
[96.903s][info][gc,start       ] GC(1690) Pause Young (Allocation Failure)
[96.904s][info][gc,heap        ] GC(1690) PSYoungGen: 172224K(172544K)->1728K(172544K) Eden: 170496K(170496K)->0K(170496K) From: 1728K(2048K)->1728K(2048K)
[96.904s][info][gc,heap        ] GC(1690) ParOldGen: 52592K(349696K)->52744K(349696K)
[96.904s][info][gc,metaspace   ] GC(1690) Metaspace: 73942K(74496K)->73942K(74496K) NonClass: 59144K(59392K)->59144K(59392K) Class: 14798K(15104K)->14798K(15104K)
[96.904s][info][gc             ] GC(1690) Pause Young (Allocation Failure) 219M->53M(510M) 1.121ms
[96.904s][info][gc,cpu         ] GC(1690) User=0.00s Sys=0.00s Real=0.00s
[96.946s][info][gc,start       ] GC(1691) Pause Young (Allocation Failure)
[96.947s][info][gc,heap        ] GC(1691) PSYoungGen: 172224K(172544K)->1792K(172544K) Eden: 170496K(170496K)->0K(170496K) From: 1728K(2048K)->1792K(2048K)
[96.947s][info][gc,heap        ] GC(1691) ParOldGen: 52744K(349696K)->52888K(349696K)
[96.947s][info][gc,metaspace   ] GC(1691) Metaspace: 73942K(74496K)->73942K(74496K) NonClass: 59144K(59392K)->59144K(59392K) Class: 14798K(15104K)->14798K(15104K)
[96.947s][info][gc             ] GC(1691) Pause Young (Allocation Failure) 219M->53M(510M) 1.156ms
[96.948s][info][gc,cpu         ] GC(1691) User=0.00s Sys=0.00s Real=0.00s
[96.989s][info][gc,start       ] GC(1692) Pause Young (Allocation Failure)
[96.990s][info][gc,heap        ] GC(1692) PSYoungGen: 172288K(172544K)->1728K(172544K) Eden: 170496K(170496K)->0K(170496K) From: 1792K(2048K)->1728K(2048K)
[96.991s][info][gc,heap        ] GC(1692) ParOldGen: 52888K(349696K)->53072K(349696K)
[96.991s][info][gc,metaspace   ] GC(1692) Metaspace: 73942K(74496K)->73942K(74496K) NonClass: 59144K(59392K)->59144K(59392K) Class: 14798K(15104K)->14798K(15104K)
[96.991s][info][gc             ] GC(1692) Pause Young (Allocation Failure) 219M->53M(510M) 1.090ms
[96.991s][info][gc,cpu         ] GC(1692) User=0.00s Sys=0.00s Real=0.00s
[97.032s][info][gc,start       ] GC(1693) Pause Young (Allocation Failure)
[97.033s][info][gc,heap        ] GC(1693) PSYoungGen: 172223K(172544K)->1792K(172544K) Eden: 170495K(170496K)->0K(170496K) From: 1728K(2048K)->1792K(2048K)
[97.033s][info][gc,heap        ] GC(1693) ParOldGen: 53072K(349696K)->53232K(349696K)
[97.033s][info][gc,metaspace   ] GC(1693) Metaspace: 73942K(74496K)->73942K(74496K) NonClass: 59144K(59392K)->59144K(59392K) Class: 14798K(15104K)->14798K(15104K)
[97.034s][info][gc             ] GC(1693) Pause Young (Allocation Failure) 220M->53M(510M) 1.165ms
[97.034s][info][gc,cpu         ] GC(1693) User=0.00s Sys=0.00s Real=0.00s
[97.075s][info][gc,start       ] GC(1694) Pause Young (Allocation Failure)
[97.076s][info][gc,heap        ] GC(1694) PSYoungGen: 172287K(172544K)->1728K(172544K) Eden: 170495K(170496K)->0K(170496K) From: 1792K(2048K)->1728K(2048K)
[97.077s][info][gc,heap        ] GC(1694) ParOldGen: 53232K(349696K)->53400K(349696K)
[97.077s][info][gc,metaspace   ] GC(1694) Metaspace: 73942K(74496K)->73942K(74496K) NonClass: 59144K(59392K)->59144K(59392K) Class: 14798K(15104K)->14798K(15104K)
[97.077s][info][gc             ] GC(1694) Pause Young (Allocation Failure) 220M->53M(510M) 1.165ms
[97.077s][info][gc,cpu         ] GC(1694) User=0.00s Sys=0.00s Real=0.00s
[97.118s][info][gc,start       ] GC(1695) Pause Young (Allocation Failure)
[97.119s][info][gc,heap        ] GC(1695) PSYoungGen: 172224K(172544K)->1760K(172544K) Eden: 170496K(170496K)->0K(170496K) From: 1728K(2048K)->1760K(2048K)
[97.119s][info][gc,heap        ] GC(1695) ParOldGen: 53400K(349696K)->53664K(349696K)
[97.119s][info][gc,metaspace   ] GC(1695) Metaspace: 73942K(74496K)->73942K(74496K) NonClass: 59144K(59392K)->59144K(59392K) Class: 14798K(15104K)->14798K(15104K)
[97.119s][info][gc             ] GC(1695) Pause Young (Allocation Failure) 220M->54M(510M) 1.104ms
[97.120s][info][gc,cpu         ] GC(1695) User=0.00s Sys=0.00s Real=0.00s
[97.161s][info][gc,start       ] GC(1696) Pause Young (Allocation Failure)
[97.162s][info][gc,heap        ] GC(1696) PSYoungGen: 172256K(172544K)->1728K(172544K) Eden: 170496K(170496K)->0K(170496K) From: 1760K(2048K)->1728K(2048K)
[97.162s][info][gc,heap        ] GC(1696) ParOldGen: 53664K(349696K)->53840K(349696K)
[97.162s][info][gc,metaspace   ] GC(1696) Metaspace: 73942K(74496K)->73942K(74496K) NonClass: 59144K(59392K)->59144K(59392K) Class: 14798K(15104K)->14798K(15104K)
[97.162s][info][gc             ] GC(1696) Pause Young (Allocation Failure) 220M->54M(510M) 1.091ms
[97.162s][info][gc,cpu         ] GC(1696) User=0.00s Sys=0.00s Real=0.00s
[97.204s][info][gc,start       ] GC(1697) Pause Young (Allocation Failure)
[97.205s][info][gc,heap        ] GC(1697) PSYoungGen: 172224K(172544K)->1728K(172544K) Eden: 170496K(170496K)->0K(170496K) From: 1728K(2048K)->1728K(2048K)
[97.205s][info][gc,heap        ] GC(1697) ParOldGen: 53840K(349696K)->54000K(349696K)
[97.205s][info][gc,metaspace   ] GC(1697) Metaspace: 73942K(74496K)->73942K(74496K) NonClass: 59144K(59392K)->59144K(59392K) Class: 14798K(15104K)->14798K(15104K)
[97.205s][info][gc             ] GC(1697) Pause Young (Allocation Failure) 220M->54M(510M) 1.100ms
[97.205s][info][gc,cpu         ] GC(1697) User=0.00s Sys=0.00s Real=0.00s
[97.247s][info][gc,start       ] GC(1698) Pause Young (Allocation Failure)
[97.248s][info][gc,heap        ] GC(1698) PSYoungGen: 172224K(172544K)->1760K(172544K) Eden: 170496K(170496K)->0K(170496K) From: 1728K(2048K)->1760K(2048K)
[97.248s][info][gc,heap        ] GC(1698) ParOldGen: 54000K(349696K)->54136K(349696K)
[97.248s][info][gc,metaspace   ] GC(1698) Metaspace: 73942K(74496K)->73942K(74496K) NonClass: 59144K(59392K)->59144K(59392K) Class: 14798K(15104K)->14798K(15104K)
[97.248s][info][gc             ] GC(1698) Pause Young (Allocation Failure) 220M->54M(510M) 1.169ms
[97.248s][info][gc,cpu         ] GC(1698) User=0.00s Sys=0.00s Real=0.00s
[97.290s][info][gc,start       ] GC(1699) Pause Young (Allocation Failure)
[97.292s][info][gc,heap        ] GC(1699) PSYoungGen: 172256K(172544K)->1792K(172544K) Eden: 170496K(170496K)->0K(170496K) From: 1760K(2048K)->1792K(2048K)
[97.292s][info][gc,heap        ] GC(1699) ParOldGen: 54136K(349696K)->54280K(349696K)
[97.292s][info][gc,metaspace   ] GC(1699) Metaspace: 73942K(74496K)->73942K(74496K) NonClass: 59144K(59392K)->59144K(59392K) Class: 14798K(15104K)->14798K(15104K)
[97.292s][info][gc             ] GC(1699) Pause Young (Allocation Failure) 221M->54M(510M) 1.119ms
[97.292s][info][gc,cpu         ] GC(1699) User=0.00s Sys=0.00s Real=0.00s
[97.334s][info][gc,start       ] GC(1700) Pause Young (Allocation Failure)
[97.335s][info][gc,heap        ] GC(1700) PSYoungGen: 172288K(172544K)->1760K(172544K) Eden: 170496K(170496K)->0K(170496K) From: 1792K(2048K)->1760K(2048K)
[97.335s][info][gc,heap        ] GC(1700) ParOldGen: 54280K(349696K)->54456K(349696K)
[97.335s][info][gc,metaspace   ] GC(1700) Metaspace: 73942K(74496K)->73942K(74496K) NonClass: 59144K(59392K)->59144K(59392K) Class: 14798K(15104K)->14798K(15104K)
[97.335s][info][gc             ] GC(1700) Pause Young (Allocation Failure) 221M->54M(510M) 1.115ms
[97.335s][info][gc,cpu         ] GC(1700) User=0.00s Sys=0.00s Real=0.00s
[97.377s][info][gc,start       ] GC(1701) Pause Young (Allocation Failure)
[97.378s][info][gc,heap        ] GC(1701) PSYoungGen: 172256K(172544K)->1792K(172544K) Eden: 170496K(170496K)->0K(170496K) From: 1760K(2048K)->1792K(2048K)
[97.378s][info][gc,heap        ] GC(1701) ParOldGen: 54456K(349696K)->54600K(349696K)
[97.378s][info][gc,metaspace   ] GC(1701) Metaspace: 73942K(74496K)->73942K(74496K) NonClass: 59144K(59392K)->59144K(59392K) Class: 14798K(15104K)->14798K(15104K)
[97.378s][info][gc             ] GC(1701) Pause Young (Allocation Failure) 221M->55M(510M) 1.118ms
[97.378s][info][gc,cpu         ] GC(1701) User=0.00s Sys=0.00s Real=0.00s
[97.420s][info][gc,start       ] GC(1702) Pause Young (Allocation Failure)
[97.421s][info][gc,heap        ] GC(1702) PSYoungGen: 172288K(172544K)->1760K(172544K) Eden: 170496K(170496K)->0K(170496K) From: 1792K(2048K)->1760K(2048K)
[97.421s][info][gc,heap        ] GC(1702) ParOldGen: 54600K(349696K)->54760K(349696K)
[97.421s][info][gc,metaspace   ] GC(1702) Metaspace: 73942K(74496K)->73942K(74496K) NonClass: 59144K(59392K)->59144K(59392K) Class: 14798K(15104K)->14798K(15104K)
[97.421s][info][gc             ] GC(1702) Pause Young (Allocation Failure) 221M->55M(510M) 1.146ms
[97.421s][info][gc,cpu         ] GC(1702) User=0.00s Sys=0.00s Real=0.00s
[97.463s][info][gc,start       ] GC(1703) Pause Young (Allocation Failure)
[97.464s][info][gc,heap        ] GC(1703) PSYoungGen: 172256K(172544K)->1792K(172544K) Eden: 170496K(170496K)->0K(170496K) From: 1760K(2048K)->1792K(2048K)
[97.464s][info][gc,heap        ] GC(1703) ParOldGen: 54760K(349696K)->54904K(349696K)
[97.464s][info][gc,metaspace   ] GC(1703) Metaspace: 73942K(74496K)->73942K(74496K) NonClass: 59144K(59392K)->59144K(59392K) Class: 14798K(15104K)->14798K(15104K)
[97.464s][info][gc             ] GC(1703) Pause Young (Allocation Failure) 221M->55M(510M) 1.141ms
[97.464s][info][gc,cpu         ] GC(1703) User=0.00s Sys=0.00s Real=0.00s
[97.506s][info][gc,start       ] GC(1704) Pause Young (Allocation Failure)
[97.507s][info][gc,heap        ] GC(1704) PSYoungGen: 172288K(172544K)->1920K(172544K) Eden: 170496K(170496K)->0K(170496K) From: 1792K(2048K)->1920K(2048K)
[97.507s][info][gc,heap        ] GC(1704) ParOldGen: 54904K(349696K)->55080K(349696K)
[97.507s][info][gc,metaspace   ] GC(1704) Metaspace: 73942K(74496K)->73942K(74496K) NonClass: 59144K(59392K)->59144K(59392K) Class: 14798K(15104K)->14798K(15104K)
[97.507s][info][gc             ] GC(1704) Pause Young (Allocation Failure) 221M->55M(510M) 1.058ms
[97.507s][info][gc,cpu         ] GC(1704) User=0.00s Sys=0.00s Real=0.00s
[97.549s][info][gc,start       ] GC(1705) Pause Young (Allocation Failure)
[97.550s][info][gc,heap        ] GC(1705) PSYoungGen: 172416K(172544K)->1760K(172544K) Eden: 170496K(170496K)->0K(170496K) From: 1920K(2048K)->1760K(2048K)
[97.550s][info][gc,heap        ] GC(1705) ParOldGen: 55080K(349696K)->55248K(349696K)
[97.550s][info][gc,metaspace   ] GC(1705) Metaspace: 73942K(74496K)->73942K(74496K) NonClass: 59144K(59392K)->59144K(59392K) Class: 14798K(15104K)->14798K(15104K)
[97.550s][info][gc             ] GC(1705) Pause Young (Allocation Failure) 222M->55M(510M) 1.120ms
[97.550s][info][gc,cpu         ] GC(1705) User=0.00s Sys=0.00s Real=0.00s
[97.592s][info][gc,start       ] GC(1706) Pause Young (Allocation Failure)
[97.593s][info][gc,heap        ] GC(1706) PSYoungGen: 172256K(172544K)->1696K(172544K) Eden: 170496K(170496K)->0K(170496K) From: 1760K(2048K)->1696K(2048K)
[97.593s][info][gc,heap        ] GC(1706) ParOldGen: 55248K(349696K)->55400K(349696K)
[97.593s][info][gc,metaspace   ] GC(1706) Metaspace: 73942K(74496K)->73942K(74496K) NonClass: 59144K(59392K)->59144K(59392K) Class: 14798K(15104K)->14798K(15104K)
[97.593s][info][gc             ] GC(1706) Pause Young (Allocation Failure) 222M->55M(510M) 1.113ms
[97.593s][info][gc,cpu         ] GC(1706) User=0.00s Sys=0.00s Real=0.00s
[97.635s][info][gc,start       ] GC(1707) Pause Young (Allocation Failure)
[97.636s][info][gc,heap        ] GC(1707) PSYoungGen: 172192K(172544K)->1728K(172544K) Eden: 170496K(170496K)->0K(170496K) From: 1696K(2048K)->1728K(2048K)
[97.636s][info][gc,heap        ] GC(1707) ParOldGen: 55400K(349696K)->55584K(349696K)
[97.636s][info][gc,metaspace   ] GC(1707) Metaspace: 73942K(74496K)->73942K(74496K) NonClass: 59144K(59392K)->59144K(59392K) Class: 14798K(15104K)->14798K(15104K)
[97.636s][info][gc             ] GC(1707) Pause Young (Allocation Failure) 222M->55M(510M) 1.131ms
[97.636s][info][gc,cpu         ] GC(1707) User=0.00s Sys=0.00s Real=0.00s
[97.678s][info][gc,start       ] GC(1708) Pause Young (Allocation Failure)
[97.679s][info][gc,heap        ] GC(1708) PSYoungGen: 172224K(172544K)->1728K(172544K) Eden: 170496K(170496K)->0K(170496K) From: 1728K(2048K)->1728K(2048K)
[97.679s][info][gc,heap        ] GC(1708) ParOldGen: 55584K(349696K)->55704K(349696K)
[97.679s][info][gc,metaspace   ] GC(1708) Metaspace: 73942K(74496K)->73942K(74496K) NonClass: 59144K(59392K)->59144K(59392K) Class: 14798K(15104K)->14798K(15104K)
[97.679s][info][gc             ] GC(1708) Pause Young (Allocation Failure) 222M->56M(510M) 1.143ms
[97.679s][info][gc,cpu         ] GC(1708) User=0.00s Sys=0.00s Real=0.00s
[97.721s][info][gc,start       ] GC(1709) Pause Young (Allocation Failure)
[97.722s][info][gc,heap        ] GC(1709) PSYoungGen: 172224K(172544K)->1856K(172544K) Eden: 170496K(170496K)->0K(170496K) From: 1728K(2048K)->1856K(2048K)
[97.722s][info][gc,heap        ] GC(1709) ParOldGen: 55704K(349696K)->55816K(349696K)
[97.722s][info][gc,metaspace   ] GC(1709) Metaspace: 73942K(74496K)->73942K(74496K) NonClass: 59144K(59392K)->59144K(59392K) Class: 14798K(15104K)->14798K(15104K)
[97.722s][info][gc             ] GC(1709) Pause Young (Allocation Failure) 222M->56M(510M) 1.118ms
[97.722s][info][gc,cpu         ] GC(1709) User=0.00s Sys=0.00s Real=0.00s
[97.765s][info][gc,start       ] GC(1710) Pause Young (Allocation Failure)
[97.766s][info][gc,heap        ] GC(1710) PSYoungGen: 172352K(172544K)->1760K(172544K) Eden: 170496K(170496K)->0K(170496K) From: 1856K(2048K)->1760K(2048K)
[97.766s][info][gc,heap        ] GC(1710) ParOldGen: 55816K(349696K)->55952K(349696K)
[97.766s][info][gc,metaspace   ] GC(1710) Metaspace: 73942K(74496K)->73942K(74496K) NonClass: 59144K(59392K)->59144K(59392K) Class: 14798K(15104K)->14798K(15104K)
[97.766s][info][gc             ] GC(1710) Pause Young (Allocation Failure) 222M->56M(510M) 1.151ms
[97.766s][info][gc,cpu         ] GC(1710) User=0.00s Sys=0.00s Real=0.00s
[97.808s][info][gc,start       ] GC(1711) Pause Young (Allocation Failure)
[97.809s][info][gc,heap        ] GC(1711) PSYoungGen: 172256K(172544K)->1728K(172544K) Eden: 170496K(170496K)->0K(170496K) From: 1760K(2048K)->1728K(2048K)
[97.809s][info][gc,heap        ] GC(1711) ParOldGen: 55952K(349696K)->56216K(349696K)
[97.809s][info][gc,metaspace   ] GC(1711) Metaspace: 73942K(74496K)->73942K(74496K) NonClass: 59144K(59392K)->59144K(59392K) Class: 14798K(15104K)->14798K(15104K)
[97.809s][info][gc             ] GC(1711) Pause Young (Allocation Failure) 222M->56M(510M) 1.118ms
[97.809s][info][gc,cpu         ] GC(1711) User=0.00s Sys=0.00s Real=0.00s
[97.852s][info][gc,start       ] GC(1712) Pause Young (Allocation Failure)
[97.853s][info][gc,heap        ] GC(1712) PSYoungGen: 172224K(172544K)->1696K(172544K) Eden: 170496K(170496K)->0K(170496K) From: 1728K(2048K)->1696K(2048K)
[97.853s][info][gc,heap        ] GC(1712) ParOldGen: 56216K(349696K)->56384K(349696K)
[97.853s][info][gc,metaspace   ] GC(1712) Metaspace: 73942K(74496K)->73942K(74496K) NonClass: 59144K(59392K)->59144K(59392K) Class: 14798K(15104K)->14798K(15104K)
[97.853s][info][gc             ] GC(1712) Pause Young (Allocation Failure) 223M->56M(510M) 1.130ms
[97.853s][info][gc,cpu         ] GC(1712) User=0.00s Sys=0.00s Real=0.00s
[97.896s][info][gc,start       ] GC(1713) Pause Young (Allocation Failure)
[97.897s][info][gc,heap        ] GC(1713) PSYoungGen: 172192K(172544K)->1728K(172544K) Eden: 170496K(170496K)->0K(170496K) From: 1696K(2048K)->1728K(2048K)
[97.897s][info][gc,heap        ] GC(1713) ParOldGen: 56384K(349696K)->56544K(349696K)
[97.897s][info][gc,metaspace   ] GC(1713) Metaspace: 73942K(74496K)->73942K(74496K) NonClass: 59144K(59392K)->59144K(59392K) Class: 14798K(15104K)->14798K(15104K)
[97.897s][info][gc             ] GC(1713) Pause Young (Allocation Failure) 223M->56M(510M) 1.051ms
[97.897s][info][gc,cpu         ] GC(1713) User=0.00s Sys=0.00s Real=0.00s
[97.939s][info][gc,start       ] GC(1714) Pause Young (Allocation Failure)
[97.940s][info][gc,heap        ] GC(1714) PSYoungGen: 172224K(172544K)->1728K(172544K) Eden: 170496K(170496K)->0K(170496K) From: 1728K(2048K)->1728K(2048K)
[97.940s][info][gc,heap        ] GC(1714) ParOldGen: 56544K(349696K)->56784K(349696K)
[97.940s][info][gc,metaspace   ] GC(1714) Metaspace: 73942K(74496K)->73942K(74496K) NonClass: 59144K(59392K)->59144K(59392K) Class: 14798K(15104K)->14798K(15104K)
[97.940s][info][gc             ] GC(1714) Pause Young (Allocation Failure) 223M->57M(510M) 1.062ms
[97.940s][info][gc,cpu         ] GC(1714) User=0.00s Sys=0.00s Real=0.00s
[97.983s][info][gc,start       ] GC(1715) Pause Young (Allocation Failure)
[97.984s][info][gc,heap        ] GC(1715) PSYoungGen: 172224K(172544K)->1696K(172544K) Eden: 170496K(170496K)->0K(170496K) From: 1728K(2048K)->1696K(2048K)
[97.984s][info][gc,heap        ] GC(1715) ParOldGen: 56784K(349696K)->56936K(349696K)
[97.984s][info][gc,metaspace   ] GC(1715) Metaspace: 73942K(74496K)->73942K(74496K) NonClass: 59144K(59392K)->59144K(59392K) Class: 14798K(15104K)->14798K(15104K)
[97.984s][info][gc             ] GC(1715) Pause Young (Allocation Failure) 223M->57M(510M) 1.080ms
[97.984s][info][gc,cpu         ] GC(1715) User=0.00s Sys=0.00s Real=0.00s
[98.027s][info][gc,start       ] GC(1716) Pause Young (Allocation Failure)
[98.028s][info][gc,heap        ] GC(1716) PSYoungGen: 172192K(172544K)->1664K(172544K) Eden: 170496K(170496K)->0K(170496K) From: 1696K(2048K)->1664K(2048K)
[98.028s][info][gc,heap        ] GC(1716) ParOldGen: 56936K(349696K)->57192K(349696K)
[98.028s][info][gc,metaspace   ] GC(1716) Metaspace: 73942K(74496K)->73942K(74496K) NonClass: 59144K(59392K)->59144K(59392K) Class: 14798K(15104K)->14798K(15104K)
[98.028s][info][gc             ] GC(1716) Pause Young (Allocation Failure) 223M->57M(510M) 1.042ms
[98.028s][info][gc,cpu         ] GC(1716) User=0.00s Sys=0.00s Real=0.00s
[98.071s][info][gc,start       ] GC(1717) Pause Young (Allocation Failure)
[98.072s][info][gc,heap        ] GC(1717) PSYoungGen: 172160K(172544K)->1664K(172544K) Eden: 170496K(170496K)->0K(170496K) From: 1664K(2048K)->1664K(2048K)
[98.072s][info][gc,heap        ] GC(1717) ParOldGen: 57192K(349696K)->57400K(349696K)
[98.072s][info][gc,metaspace   ] GC(1717) Metaspace: 73942K(74496K)->73942K(74496K) NonClass: 59144K(59392K)->59144K(59392K) Class: 14798K(15104K)->14798K(15104K)
[98.072s][info][gc             ] GC(1717) Pause Young (Allocation Failure) 223M->57M(510M) 1.035ms
[98.072s][info][gc,cpu         ] GC(1717) User=0.00s Sys=0.00s Real=0.00s
[98.117s][info][gc,start       ] GC(1718) Pause Young (Allocation Failure)
[98.118s][info][gc,heap        ] GC(1718) PSYoungGen: 172160K(172544K)->1536K(172544K) Eden: 170496K(170496K)->0K(170496K) From: 1664K(2048K)->1536K(2048K)
[98.118s][info][gc,heap        ] GC(1718) ParOldGen: 57400K(349696K)->57656K(349696K)
[98.118s][info][gc,metaspace   ] GC(1718) Metaspace: 73942K(74496K)->73942K(74496K) NonClass: 59144K(59392K)->59144K(59392K) Class: 14798K(15104K)->14798K(15104K)
[98.118s][info][gc             ] GC(1718) Pause Young (Allocation Failure) 224M->57M(510M) 1.041ms
[98.118s][info][gc,cpu         ] GC(1718) User=0.00s Sys=0.00s Real=0.00s
[98.163s][info][gc,start       ] GC(1719) Pause Young (Allocation Failure)
[98.164s][info][gc,heap        ] GC(1719) PSYoungGen: 172032K(172544K)->1600K(172544K) Eden: 170496K(170496K)->0K(170496K) From: 1536K(2048K)->1600K(2048K)
[98.164s][info][gc,heap        ] GC(1719) ParOldGen: 57656K(349696K)->57888K(349696K)
[98.164s][info][gc,metaspace   ] GC(1719) Metaspace: 73942K(74496K)->73942K(74496K) NonClass: 59144K(59392K)->59144K(59392K) Class: 14798K(15104K)->14798K(15104K)
[98.164s][info][gc             ] GC(1719) Pause Young (Allocation Failure) 224M->58M(510M) 0.985ms
[98.164s][info][gc,cpu         ] GC(1719) User=0.00s Sys=0.00s Real=0.00s
[98.212s][info][gc,start       ] GC(1720) Pause Young (Allocation Failure)
[98.213s][info][gc,heap        ] GC(1720) PSYoungGen: 172096K(172544K)->1600K(172544K) Eden: 170496K(170496K)->0K(170496K) From: 1600K(2048K)->1600K(2048K)
[98.213s][info][gc,heap        ] GC(1720) ParOldGen: 57888K(349696K)->58112K(349696K)
[98.213s][info][gc,metaspace   ] GC(1720) Metaspace: 73942K(74496K)->73942K(74496K) NonClass: 59144K(59392K)->59144K(59392K) Class: 14798K(15104K)->14798K(15104K)
[98.213s][info][gc             ] GC(1720) Pause Young (Allocation Failure) 224M->58M(510M) 0.976ms
[98.213s][info][gc,cpu         ] GC(1720) User=0.00s Sys=0.00s Real=0.00s
[98.263s][info][gc,start       ] GC(1721) Pause Young (Allocation Failure)
[98.263s][info][gc,heap        ] GC(1721) PSYoungGen: 172096K(172544K)->1440K(172544K) Eden: 170496K(170496K)->0K(170496K) From: 1600K(2048K)->1440K(2048K)
[98.264s][info][gc,heap        ] GC(1721) ParOldGen: 58112K(349696K)->58336K(349696K)
[98.264s][info][gc,metaspace   ] GC(1721) Metaspace: 73942K(74496K)->73942K(74496K) NonClass: 59144K(59392K)->59144K(59392K) Class: 14798K(15104K)->14798K(15104K)
[98.264s][info][gc             ] GC(1721) Pause Young (Allocation Failure) 224M->58M(510M) 0.964ms
[98.264s][info][gc,cpu         ] GC(1721) User=0.00s Sys=0.00s Real=0.00s
[98.316s][info][gc,start       ] GC(1722) Pause Young (Allocation Failure)
[98.317s][info][gc,heap        ] GC(1722) PSYoungGen: 171936K(172544K)->1408K(172544K) Eden: 170496K(170496K)->0K(170496K) From: 1440K(2048K)->1408K(2048K)
[98.317s][info][gc,heap        ] GC(1722) ParOldGen: 58336K(349696K)->58480K(349696K)
[98.317s][info][gc,metaspace   ] GC(1722) Metaspace: 73942K(74496K)->73942K(74496K) NonClass: 59144K(59392K)->59144K(59392K) Class: 14798K(15104K)->14798K(15104K)
[98.317s][info][gc             ] GC(1722) Pause Young (Allocation Failure) 224M->58M(510M) 0.921ms
[98.317s][info][gc,cpu         ] GC(1722) User=0.00s Sys=0.00s Real=0.00s
[98.371s][info][gc,start       ] GC(1723) Pause Young (Allocation Failure)
[98.372s][info][gc,heap        ] GC(1723) PSYoungGen: 171904K(172544K)->1312K(172544K) Eden: 170496K(170496K)->0K(170496K) From: 1408K(2048K)->1312K(2048K)
[98.372s][info][gc,heap        ] GC(1723) ParOldGen: 58480K(349696K)->58712K(349696K)
[98.372s][info][gc,metaspace   ] GC(1723) Metaspace: 73942K(74496K)->73942K(74496K) NonClass: 59144K(59392K)->59144K(59392K) Class: 14798K(15104K)->14798K(15104K)
[98.372s][info][gc             ] GC(1723) Pause Young (Allocation Failure) 224M->58M(510M) 0.888ms
[98.372s][info][gc,cpu         ] GC(1723) User=0.00s Sys=0.00s Real=0.00s
[98.429s][info][gc,start       ] GC(1724) Pause Young (Allocation Failure)
[98.430s][info][gc,heap        ] GC(1724) PSYoungGen: 171808K(172544K)->1184K(172544K) Eden: 170496K(170496K)->0K(170496K) From: 1312K(2048K)->1184K(2048K)
[98.430s][info][gc,heap        ] GC(1724) ParOldGen: 58712K(349696K)->58840K(349696K)
[98.430s][info][gc,metaspace   ] GC(1724) Metaspace: 73942K(74496K)->73942K(74496K) NonClass: 59144K(59392K)->59144K(59392K) Class: 14798K(15104K)->14798K(15104K)
[98.430s][info][gc             ] GC(1724) Pause Young (Allocation Failure) 225M->58M(510M) 0.824ms
[98.430s][info][gc,cpu         ] GC(1724) User=0.00s Sys=0.00s Real=0.00s
[98.491s][info][gc,start       ] GC(1725) Pause Young (Allocation Failure)
[98.492s][info][gc,heap        ] GC(1725) PSYoungGen: 171680K(172544K)->1248K(172544K) Eden: 170496K(170496K)->0K(170496K) From: 1184K(2048K)->1248K(2048K)
[98.492s][info][gc,heap        ] GC(1725) ParOldGen: 58840K(349696K)->59032K(349696K)
[98.492s][info][gc,metaspace   ] GC(1725) Metaspace: 73942K(74496K)->73942K(74496K) NonClass: 59144K(59392K)->59144K(59392K) Class: 14798K(15104K)->14798K(15104K)
[98.492s][info][gc             ] GC(1725) Pause Young (Allocation Failure) 225M->58M(510M) 0.879ms
[98.492s][info][gc,cpu         ] GC(1725) User=0.00s Sys=0.00s Real=0.00s
[98.560s][info][gc,start       ] GC(1726) Pause Young (Allocation Failure)
[98.561s][info][gc,heap        ] GC(1726) PSYoungGen: 171744K(172544K)->1024K(172544K) Eden: 170496K(170496K)->0K(170496K) From: 1248K(2048K)->1024K(2048K)
[98.561s][info][gc,heap        ] GC(1726) ParOldGen: 59032K(349696K)->59240K(349696K)
[98.561s][info][gc,metaspace   ] GC(1726) Metaspace: 73942K(74496K)->73942K(74496K) NonClass: 59144K(59392K)->59144K(59392K) Class: 14798K(15104K)->14798K(15104K)
[98.561s][info][gc             ] GC(1726) Pause Young (Allocation Failure) 225M->58M(510M) 0.841ms
[98.561s][info][gc,cpu         ] GC(1726) User=0.00s Sys=0.00s Real=0.00s
[98.646s][info][gc,start       ] GC(1727) Pause Young (Allocation Failure)
[98.646s][info][gc,heap        ] GC(1727) PSYoungGen: 171520K(172544K)->896K(171520K) Eden: 170496K(170496K)->0K(169472K) From: 1024K(2048K)->896K(2048K)
[98.646s][info][gc,heap        ] GC(1727) ParOldGen: 59240K(349696K)->59536K(349696K)
[98.646s][info][gc,metaspace   ] GC(1727) Metaspace: 73942K(74496K)->73942K(74496K) NonClass: 59144K(59392K)->59144K(59392K) Class: 14798K(15104K)->14798K(15104K)
[98.646s][info][gc             ] GC(1727) Pause Young (Allocation Failure) 225M->59M(509M) 0.749ms
[98.646s][info][gc,cpu         ] GC(1727) User=0.00s Sys=0.00s Real=0.00s
[98.738s][info][gc,start       ] GC(1728) Pause Young (Allocation Failure)
[98.738s][info][gc,heap        ] GC(1728) PSYoungGen: 170368K(171520K)->800K(165888K) Eden: 169472K(169472K)->0K(164864K) From: 896K(2048K)->800K(1024K)
[98.738s][info][gc,heap        ] GC(1728) ParOldGen: 59536K(349696K)->59736K(349696K)
[98.738s][info][gc,metaspace   ] GC(1728) Metaspace: 73942K(74496K)->73942K(74496K) NonClass: 59144K(59392K)->59144K(59392K) Class: 14798K(15104K)->14798K(15104K)
[98.738s][info][gc             ] GC(1728) Pause Young (Allocation Failure) 224M->59M(503M) 0.815ms
[98.738s][info][gc,cpu         ] GC(1728) User=0.00s Sys=0.00s Real=0.00s
[98.830s][info][gc,start       ] GC(1729) Pause Young (Allocation Failure)
[98.831s][info][gc,heap        ] GC(1729) PSYoungGen: 165664K(165888K)->736K(161792K) Eden: 164864K(164864K)->0K(160768K) From: 800K(1024K)->736K(1024K)
[98.831s][info][gc,heap        ] GC(1729) ParOldGen: 59736K(349696K)->59824K(349696K)
[98.831s][info][gc,metaspace   ] GC(1729) Metaspace: 73942K(74496K)->73942K(74496K) NonClass: 59144K(59392K)->59144K(59392K) Class: 14798K(15104K)->14798K(15104K)
[98.831s][info][gc             ] GC(1729) Pause Young (Allocation Failure) 220M->59M(499M) 0.909ms
[98.831s][info][gc,cpu         ] GC(1729) User=0.00s Sys=0.00s Real=0.00s
[98.924s][info][gc,start       ] GC(1730) Pause Young (Allocation Failure)
[98.924s][info][gc,heap        ] GC(1730) PSYoungGen: 161504K(161792K)->672K(157696K) Eden: 160768K(160768K)->0K(156672K) From: 736K(1024K)->672K(1024K)
[98.924s][info][gc,heap        ] GC(1730) ParOldGen: 59824K(349696K)->59936K(349696K)
[98.924s][info][gc,metaspace   ] GC(1730) Metaspace: 73942K(74496K)->73942K(74496K) NonClass: 59144K(59392K)->59144K(59392K) Class: 14798K(15104K)->14798K(15104K)
[98.924s][info][gc             ] GC(1730) Pause Young (Allocation Failure) 216M->59M(495M) 0.679ms
[98.925s][info][gc,cpu         ] GC(1730) User=0.00s Sys=0.00s Real=0.00s
[99.014s][info][gc,start       ] GC(1731) Pause Young (Allocation Failure)
[99.015s][info][gc,heap        ] GC(1731) PSYoungGen: 157344K(157696K)->640K(153600K) Eden: 156672K(156672K)->0K(152576K) From: 672K(1024K)->640K(1024K)
[99.015s][info][gc,heap        ] GC(1731) ParOldGen: 59936K(349696K)->59992K(349696K)
[99.015s][info][gc,metaspace   ] GC(1731) Metaspace: 73942K(74496K)->73942K(74496K) NonClass: 59144K(59392K)->59144K(59392K) Class: 14798K(15104K)->14798K(15104K)
[99.015s][info][gc             ] GC(1731) Pause Young (Allocation Failure) 212M->59M(491M) 0.825ms
[99.015s][info][gc,cpu         ] GC(1731) User=0.00s Sys=0.02s Real=0.01s
[99.104s][info][gc,start       ] GC(1732) Pause Young (Allocation Failure)
[99.104s][info][gc,heap        ] GC(1732) PSYoungGen: 153216K(153600K)->640K(149504K) Eden: 152576K(152576K)->0K(148480K) From: 640K(1024K)->640K(1024K)
[99.104s][info][gc,heap        ] GC(1732) ParOldGen: 59992K(349696K)->60040K(349696K)
[99.104s][info][gc,metaspace   ] GC(1732) Metaspace: 73942K(74496K)->73942K(74496K) NonClass: 59144K(59392K)->59144K(59392K) Class: 14798K(15104K)->14798K(15104K)
[99.104s][info][gc             ] GC(1732) Pause Young (Allocation Failure) 208M->59M(487M) 0.701ms
[99.104s][info][gc,cpu         ] GC(1732) User=0.00s Sys=0.00s Real=0.00s
[99.190s][info][gc,start       ] GC(1733) Pause Young (Allocation Failure)
[99.191s][info][gc,heap        ] GC(1733) PSYoungGen: 149120K(149504K)->640K(145920K) Eden: 148480K(148480K)->0K(144896K) From: 640K(1024K)->640K(1024K)
[99.191s][info][gc,heap        ] GC(1733) ParOldGen: 60040K(349696K)->60168K(349696K)
[99.191s][info][gc,metaspace   ] GC(1733) Metaspace: 73942K(74496K)->73942K(74496K) NonClass: 59144K(59392K)->59144K(59392K) Class: 14798K(15104K)->14798K(15104K)
[99.191s][info][gc             ] GC(1733) Pause Young (Allocation Failure) 204M->59M(484M) 0.816ms
[99.191s][info][gc,cpu         ] GC(1733) User=0.00s Sys=0.00s Real=0.00s
[99.274s][info][gc,start       ] GC(1734) Pause Young (Allocation Failure)
[99.274s][info][gc,heap        ] GC(1734) PSYoungGen: 145536K(145920K)->640K(142336K) Eden: 144896K(144896K)->0K(141312K) From: 640K(1024K)->640K(1024K)
[99.274s][info][gc,heap        ] GC(1734) ParOldGen: 60168K(349696K)->60232K(349696K)
[99.274s][info][gc,metaspace   ] GC(1734) Metaspace: 73942K(74496K)->73942K(74496K) NonClass: 59144K(59392K)->59144K(59392K) Class: 14798K(15104K)->14798K(15104K)
[99.275s][info][gc             ] GC(1734) Pause Young (Allocation Failure) 200M->59M(480M) 0.705ms
[99.275s][info][gc,cpu         ] GC(1734) User=0.00s Sys=0.00s Real=0.00s
[99.356s][info][gc,start       ] GC(1735) Pause Young (Allocation Failure)
[99.357s][info][gc,heap        ] GC(1735) PSYoungGen: 141952K(142336K)->640K(138752K) Eden: 141312K(141312K)->0K(137728K) From: 640K(1024K)->640K(1024K)
[99.357s][info][gc,heap        ] GC(1735) ParOldGen: 60232K(349696K)->60248K(349696K)
[99.357s][info][gc,metaspace   ] GC(1735) Metaspace: 73942K(74496K)->73942K(74496K) NonClass: 59144K(59392K)->59144K(59392K) Class: 14798K(15104K)->14798K(15104K)
[99.357s][info][gc             ] GC(1735) Pause Young (Allocation Failure) 197M->59M(477M) 0.915ms
[99.357s][info][gc,cpu         ] GC(1735) User=0.00s Sys=0.00s Real=0.00s
[99.437s][info][gc,start       ] GC(1736) Pause Young (Allocation Failure)
[99.437s][info][gc,heap        ] GC(1736) PSYoungGen: 138368K(138752K)->640K(137216K) Eden: 137728K(137728K)->0K(134656K) From: 640K(1024K)->640K(2560K)
[99.437s][info][gc,heap        ] GC(1736) ParOldGen: 60248K(349696K)->60248K(349696K)
[99.437s][info][gc,metaspace   ] GC(1736) Metaspace: 73942K(74496K)->73942K(74496K) NonClass: 59144K(59392K)->59144K(59392K) Class: 14798K(15104K)->14798K(15104K)
[99.437s][info][gc             ] GC(1736) Pause Young (Allocation Failure) 193M->59M(475M) 0.714ms
[99.437s][info][gc,cpu         ] GC(1736) User=0.00s Sys=0.00s Real=0.00s
[99.515s][info][gc,start       ] GC(1737) Pause Young (Allocation Failure)
[99.516s][info][gc,heap        ] GC(1737) PSYoungGen: 135296K(137216K)->672K(132608K) Eden: 134656K(134656K)->0K(131584K) From: 640K(2560K)->672K(1024K)
[99.516s][info][gc,heap        ] GC(1737) ParOldGen: 60248K(349696K)->60304K(349696K)
[99.516s][info][gc,metaspace   ] GC(1737) Metaspace: 73942K(74496K)->73942K(74496K) NonClass: 59144K(59392K)->59144K(59392K) Class: 14798K(15104K)->14798K(15104K)
[99.516s][info][gc             ] GC(1737) Pause Young (Allocation Failure) 190M->59M(471M) 0.747ms
[99.516s][info][gc,cpu         ] GC(1737) User=0.00s Sys=0.00s Real=0.00s
[99.592s][info][gc,start       ] GC(1738) Pause Young (Allocation Failure)
[99.592s][info][gc,heap        ] GC(1738) PSYoungGen: 132256K(132608K)->640K(129536K) Eden: 131584K(131584K)->0K(128512K) From: 672K(1024K)->640K(1024K)
[99.592s][info][gc,heap        ] GC(1738) ParOldGen: 60304K(349696K)->60328K(349696K)
[99.592s][info][gc,metaspace   ] GC(1738) Metaspace: 73942K(74496K)->73942K(74496K) NonClass: 59144K(59392K)->59144K(59392K) Class: 14798K(15104K)->14798K(15104K)
[99.592s][info][gc             ] GC(1738) Pause Young (Allocation Failure) 188M->59M(468M) 0.673ms
[99.592s][info][gc,cpu         ] GC(1738) User=0.00s Sys=0.00s Real=0.00s
[99.666s][info][gc,start       ] GC(1739) Pause Young (Allocation Failure)
[99.667s][info][gc,heap        ] GC(1739) PSYoungGen: 129152K(129536K)->640K(126464K) Eden: 128512K(128512K)->0K(125440K) From: 640K(1024K)->640K(1024K)
[99.667s][info][gc,heap        ] GC(1739) ParOldGen: 60328K(349696K)->60328K(349696K)
[99.667s][info][gc,metaspace   ] GC(1739) Metaspace: 73942K(74496K)->73942K(74496K) NonClass: 59144K(59392K)->59144K(59392K) Class: 14798K(15104K)->14798K(15104K)
[99.667s][info][gc             ] GC(1739) Pause Young (Allocation Failure) 185M->59M(465M) 0.739ms
[99.667s][info][gc,cpu         ] GC(1739) User=0.00s Sys=0.00s Real=0.00s
[99.739s][info][gc,start       ] GC(1740) Pause Young (Allocation Failure)
[99.740s][info][gc,heap        ] GC(1740) PSYoungGen: 126080K(126464K)->640K(123904K) Eden: 125440K(125440K)->0K(122880K) From: 640K(1024K)->640K(1024K)
[99.740s][info][gc,heap        ] GC(1740) ParOldGen: 60328K(349696K)->60384K(349696K)
[99.740s][info][gc,metaspace   ] GC(1740) Metaspace: 73942K(74496K)->73942K(74496K) NonClass: 59144K(59392K)->59144K(59392K) Class: 14798K(15104K)->14798K(15104K)
[99.740s][info][gc             ] GC(1740) Pause Young (Allocation Failure) 182M->59M(462M) 0.687ms
[99.740s][info][gc,cpu         ] GC(1740) User=0.00s Sys=0.00s Real=0.00s
[99.811s][info][gc,start       ] GC(1741) Pause Young (Allocation Failure)
[99.811s][info][gc,heap        ] GC(1741) PSYoungGen: 123520K(123904K)->640K(121344K) Eden: 122880K(122880K)->0K(120320K) From: 640K(1024K)->640K(1024K)
[99.811s][info][gc,heap        ] GC(1741) ParOldGen: 60384K(349696K)->60440K(349696K)
[99.811s][info][gc,metaspace   ] GC(1741) Metaspace: 73942K(74496K)->73942K(74496K) NonClass: 59144K(59392K)->59144K(59392K) Class: 14798K(15104K)->14798K(15104K)
[99.811s][info][gc             ] GC(1741) Pause Young (Allocation Failure) 179M->59M(460M) 0.727ms
[99.811s][info][gc,cpu         ] GC(1741) User=0.00s Sys=0.00s Real=0.00s
[99.881s][info][gc,start       ] GC(1742) Pause Young (Allocation Failure)
[99.881s][info][gc,heap        ] GC(1742) PSYoungGen: 120960K(121344K)->640K(118784K) Eden: 120320K(120320K)->0K(117760K) From: 640K(1024K)->640K(1024K)
[99.881s][info][gc,heap        ] GC(1742) ParOldGen: 60440K(349696K)->60440K(349696K)
[99.881s][info][gc,metaspace   ] GC(1742) Metaspace: 73942K(74496K)->73942K(74496K) NonClass: 59144K(59392K)->59144K(59392K) Class: 14798K(15104K)->14798K(15104K)
[99.882s][info][gc             ] GC(1742) Pause Young (Allocation Failure) 177M->59M(457M) 0.659ms
[99.882s][info][gc,cpu         ] GC(1742) User=0.00s Sys=0.00s Real=0.00s
[99.997s][info][gc,heap,exit   ] Heap
[99.997s][info][gc,heap,exit   ]  PSYoungGen      total 118784K, used 113315K [0x00000000f5580000, 0x00000000ff200000, 0x0000000100000000)
[99.997s][info][gc,heap,exit   ]   eden space 117760K, 95% used [0x00000000f5580000,0x00000000fc388fe8,0x00000000fc880000)
[99.997s][info][gc,heap,exit   ]   from space 1024K, 62% used [0x00000000fee80000,0x00000000fef20000,0x00000000fef80000)
[99.997s][info][gc,heap,exit   ]   to   space 2048K, 0% used [0x00000000ff000000,0x00000000ff000000,0x00000000ff200000)
[99.997s][info][gc,heap,exit   ]  ParOldGen       total 349696K, used 60440K [0x00000000e0000000, 0x00000000f5580000, 0x00000000f5580000)
[99.997s][info][gc,heap,exit   ]   object space 349696K, 17% used [0x00000000e0000000,0x00000000e3b06008,0x00000000f5580000)
[99.997s][info][gc,heap,exit   ]  Metaspace       used 74001K, committed 74560K, reserved 1114112K
[99.997s][info][gc,heap,exit   ]   class space    used 14813K, committed 15168K, reserved 1048576K
