[0.018s][info][gc,init] CardTable entry size: 512
[0.018s][info][gc     ] Using Parallel
[0.030s][info][gc,init] Version: 20+36-2344 (release)
[0.030s][info][gc,init] CPUs: 48 total, 48 available
[0.030s][info][gc,init] Memory: 382G
[0.030s][info][gc,init] Large Page Support: Disabled
[0.030s][info][gc,init] NUMA Support: Disabled
[0.030s][info][gc,init] Compressed Oops: Enabled (Zero based)
[0.030s][info][gc,init] Alignments: Space 512K, Generation 512K, Heap 2M
[0.030s][info][gc,init] Heap Min Capacity: 8M
[0.030s][info][gc,init] Heap Initial Capacity: 2G
[0.058s][info][gc,init] Heap Max Capacity: 4G
[0.058s][info][gc,init] Pre-touch: Disabled
[0.058s][info][gc,init] Parallel Workers: 33
[0.060s][info][gc,metaspace] CDS archive(s) mapped at: [0x0000000800000000-0x0000000800c60000-0x0000000800c60000), size 12976128, SharedBaseAddress: 0x0000000800000000, ArchiveRelocationMode: 0.
[0.060s][info][gc,metaspace] Compressed class space mapped at: 0x0000000801000000-0x0000000841000000, reserved size: 1073741824
[0.060s][info][gc,metaspace] Narrow klass base: 0x0000000800000000, Narrow klass shift: 0, Narrow klass range: 0x100000000
[4.632s][info][gc,start    ] GC(0) Pause Young (Metadata GC Threshold)
[4.645s][info][gc,heap     ] GC(0) PSYoungGen: 199485K(611840K)->8352K(611840K) Eden: 199485K(524800K)->0K(524800K) From: 0K(87040K)->8352K(87040K)
[4.645s][info][gc,heap     ] GC(0) ParOldGen: 0K(1398272K)->16K(1398272K)
[4.645s][info][gc,metaspace] GC(0) Metaspace: 21255K(21504K)->21255K(21504K) NonClass: 18523K(18624K)->18523K(18624K) Class: 2732K(2880K)->2732K(2880K)
[4.645s][info][gc          ] GC(0) Pause Young (Metadata GC Threshold) 194M->8M(1963M) 13.211ms
[4.645s][info][gc,cpu      ] GC(0) User=0.00s Sys=0.02s Real=0.01s
[4.645s][info][gc,start    ] GC(1) Pause Full (Metadata GC Threshold)
[4.645s][info][gc,phases,start] GC(1) Marking Phase
[4.657s][info][gc,phases      ] GC(1) Marking Phase 11.785ms
[4.657s][info][gc,phases,start] GC(1) Summary Phase
[4.657s][info][gc,phases      ] GC(1) Summary Phase 0.023ms
[4.657s][info][gc,phases,start] GC(1) Adjust Roots
[4.661s][info][gc,phases      ] GC(1) Adjust Roots 3.907ms
[4.661s][info][gc,phases,start] GC(1) Compaction Phase
[4.669s][info][gc,phases      ] GC(1) Compaction Phase 7.338ms
[4.669s][info][gc,phases,start] GC(1) Post Compact
[4.671s][info][gc,phases      ] GC(1) Post Compact 2.091ms
[4.671s][info][gc,heap        ] GC(1) PSYoungGen: 8352K(611840K)->0K(611840K) Eden: 0K(524800K)->0K(524800K) From: 8352K(87040K)->0K(87040K)
[4.671s][info][gc,heap        ] GC(1) ParOldGen: 16K(1398272K)->7644K(1398272K)
[4.671s][info][gc,metaspace   ] GC(1) Metaspace: 21255K(21504K)->21255K(21504K) NonClass: 18523K(18624K)->18523K(18624K) Class: 2732K(2880K)->2732K(2880K)
[4.671s][info][gc             ] GC(1) Pause Full (Metadata GC Threshold) 8M->7M(1963M) 25.392ms
[4.671s][info][gc,cpu         ] GC(1) User=0.75s Sys=0.02s Real=0.03s
[5.428s][info][gc,start       ] GC(2) Pause Young (System.gc())
[5.435s][info][gc,heap        ] GC(2) PSYoungGen: 185430K(611840K)->5568K(611840K) Eden: 185430K(524800K)->0K(524800K) From: 0K(87040K)->5568K(87040K)
[5.435s][info][gc,heap        ] GC(2) ParOldGen: 7644K(1398272K)->7652K(1398272K)
[5.435s][info][gc,metaspace   ] GC(2) Metaspace: 30286K(30592K)->30286K(30592K) NonClass: 26243K(26432K)->26243K(26432K) Class: 4042K(4160K)->4042K(4160K)
[5.435s][info][gc             ] GC(2) Pause Young (System.gc()) 188M->12M(1963M) 7.169ms
[5.435s][info][gc,cpu         ] GC(2) User=0.19s Sys=0.11s Real=0.01s
[5.435s][info][gc,start       ] GC(3) Pause Full (System.gc())
[5.435s][info][gc,phases,start] GC(3) Marking Phase
[5.451s][info][gc,phases      ] GC(3) Marking Phase 15.502ms
[5.451s][info][gc,phases,start] GC(3) Summary Phase
[5.451s][info][gc,phases      ] GC(3) Summary Phase 0.021ms
[5.451s][info][gc,phases,start] GC(3) Adjust Roots
[5.455s][info][gc,phases      ] GC(3) Adjust Roots 3.818ms
[5.455s][info][gc,phases,start] GC(3) Compaction Phase
[5.469s][info][gc,phases      ] GC(3) Compaction Phase 14.758ms
[5.469s][info][gc,phases,start] GC(3) Post Compact
[5.470s][info][gc,phases      ] GC(3) Post Compact 0.800ms
[5.470s][info][gc,heap        ] GC(3) PSYoungGen: 5568K(611840K)->0K(611840K) Eden: 0K(524800K)->0K(524800K) From: 5568K(87040K)->0K(87040K)
[5.470s][info][gc,heap        ] GC(3) ParOldGen: 7652K(1398272K)->12479K(1398272K)
[5.470s][info][gc,metaspace   ] GC(3) Metaspace: 30286K(30592K)->30286K(30592K) NonClass: 26243K(26432K)->26243K(26432K) Class: 4042K(4160K)->4042K(4160K)
[5.470s][info][gc             ] GC(3) Pause Full (System.gc()) 12M->12M(1963M) 35.266ms
[5.470s][info][gc,cpu         ] GC(3) User=0.20s Sys=0.00s Real=0.04s
[6.616s][info][gc,start       ] GC(4) Pause Young (Metadata GC Threshold)
[6.624s][info][gc,heap        ] GC(4) PSYoungGen: 272188K(611840K)->5360K(611840K) Eden: 272188K(524800K)->0K(524800K) From: 0K(87040K)->5360K(87040K)
[6.624s][info][gc,heap        ] GC(4) ParOldGen: 12479K(1398272K)->12487K(1398272K)
[6.624s][info][gc,metaspace   ] GC(4) Metaspace: 50382K(51008K)->50382K(51008K) NonClass: 40641K(41024K)->40641K(41024K) Class: 9741K(9984K)->9741K(9984K)
[6.624s][info][gc             ] GC(4) Pause Young (Metadata GC Threshold) 277M->17M(1963M) 7.459ms
[6.624s][info][gc,cpu         ] GC(4) User=0.05s Sys=0.02s Real=0.00s
[6.624s][info][gc,start       ] GC(5) Pause Full (Metadata GC Threshold)
[6.624s][info][gc,phases,start] GC(5) Marking Phase
[6.647s][info][gc,phases      ] GC(5) Marking Phase 23.208ms
[6.647s][info][gc,phases,start] GC(5) Summary Phase
[6.647s][info][gc,phases      ] GC(5) Summary Phase 0.012ms
[6.647s][info][gc,phases,start] GC(5) Adjust Roots
[6.654s][info][gc,phases      ] GC(5) Adjust Roots 6.899ms
[6.654s][info][gc,phases,start] GC(5) Compaction Phase
[6.668s][info][gc,phases      ] GC(5) Compaction Phase 14.088ms
[6.668s][info][gc,phases,start] GC(5) Post Compact
[6.669s][info][gc,phases      ] GC(5) Post Compact 1.365ms
[6.669s][info][gc,heap        ] GC(5) PSYoungGen: 5360K(611840K)->0K(611840K) Eden: 0K(524800K)->0K(524800K) From: 5360K(87040K)->0K(87040K)
[6.669s][info][gc,heap        ] GC(5) ParOldGen: 12487K(1398272K)->17017K(1398272K)
[6.669s][info][gc,metaspace   ] GC(5) Metaspace: 50382K(51008K)->50141K(51008K) NonClass: 40641K(41024K)->40472K(41024K) Class: 9741K(9984K)->9669K(9984K)
[6.670s][info][gc             ] GC(5) Pause Full (Metadata GC Threshold) 17M->16M(1963M) 45.814ms
[6.670s][info][gc,cpu         ] GC(5) User=1.09s Sys=0.03s Real=0.05s
[8.674s][info][gc,start       ] GC(6) Pause Young (Allocation Failure)
[8.693s][info][gc,heap        ] GC(6) PSYoungGen: 524800K(611840K)->23696K(611840K) Eden: 524800K(524800K)->0K(524800K) From: 0K(87040K)->23696K(87040K)
[8.693s][info][gc,heap        ] GC(6) ParOldGen: 17017K(1398272K)->17049K(1398272K)
[8.693s][info][gc,metaspace   ] GC(6) Metaspace: 72695K(73536K)->72695K(73536K) NonClass: 57459K(57984K)->57459K(57984K) Class: 15235K(15552K)->15235K(15552K)
[8.693s][info][gc             ] GC(6) Pause Young (Allocation Failure) 529M->39M(1963M) 19.366ms
[8.693s][info][gc,cpu         ] GC(6) User=0.58s Sys=0.00s Real=0.02s
[9.295s][info][gc,start       ] GC(7) Pause Young (Allocation Failure)
[9.311s][info][gc,heap        ] GC(7) PSYoungGen: 548496K(611840K)->23168K(611840K) Eden: 524800K(524800K)->0K(524800K) From: 23696K(87040K)->23168K(87040K)
[9.312s][info][gc,heap        ] GC(7) ParOldGen: 17049K(1398272K)->17057K(1398272K)
[9.312s][info][gc,metaspace   ] GC(7) Metaspace: 72804K(73600K)->72804K(73600K) NonClass: 57568K(58048K)->57568K(58048K) Class: 15235K(15552K)->15235K(15552K)
[9.312s][info][gc             ] GC(7) Pause Young (Allocation Failure) 552M->39M(1963M) 16.254ms
[9.312s][info][gc,cpu         ] GC(7) User=0.11s Sys=0.47s Real=0.02s
[9.811s][info][gc,start       ] GC(8) Pause Young (Allocation Failure)
[9.830s][info][gc,heap        ] GC(8) PSYoungGen: 547968K(611840K)->23360K(1073152K) Eden: 524800K(524800K)->0K(1049600K) From: 23168K(87040K)->23360K(23552K)
[9.830s][info][gc,heap        ] GC(8) ParOldGen: 17057K(1398272K)->17065K(1398272K)
[9.830s][info][gc,metaspace   ] GC(8) Metaspace: 72805K(73600K)->72805K(73600K) NonClass: 57570K(58048K)->57570K(58048K) Class: 15235K(15552K)->15235K(15552K)
[9.830s][info][gc             ] GC(8) Pause Young (Allocation Failure) 551M->39M(2413M) 18.990ms
[9.830s][info][gc,cpu         ] GC(8) User=0.14s Sys=0.44s Real=0.02s
[10.615s][info][gc,start       ] GC(9) Pause Young (Allocation Failure)
[10.634s][info][gc,heap        ] GC(9) PSYoungGen: 1072960K(1073152K)->23296K(1128448K) Eden: 1049600K(1049600K)->0K(1096704K) From: 23360K(23552K)->23296K(31744K)
[10.634s][info][gc,heap        ] GC(9) ParOldGen: 17065K(1398272K)->17073K(1398272K)
[10.634s][info][gc,metaspace   ] GC(9) Metaspace: 72840K(73664K)->72840K(73664K) NonClass: 57601K(58112K)->57601K(58112K) Class: 15238K(15552K)->15238K(15552K)
[10.634s][info][gc             ] GC(9) Pause Young (Allocation Failure) 1064M->39M(2467M) 19.601ms
[10.634s][info][gc,cpu         ] GC(9) User=0.64s Sys=0.47s Real=0.02s
[11.167s][info][gc,start       ] GC(10) Pause Young (Allocation Failure)
[11.185s][info][gc,heap        ] GC(10) PSYoungGen: 1120000K(1128448K)->22976K(1361920K) Eden: 1096704K(1096704K)->0K(1328128K) From: 23296K(31744K)->22976K(33792K)
[11.185s][info][gc,heap        ] GC(10) ParOldGen: 17073K(1398272K)->17081K(1398272K)
[11.185s][info][gc,metaspace   ] GC(10) Metaspace: 72905K(73728K)->72905K(73728K) NonClass: 57657K(58112K)->57657K(58112K) Class: 15247K(15616K)->15247K(15616K)
[11.185s][info][gc             ] GC(10) Pause Young (Allocation Failure) 1110M->39M(2695M) 18.303ms
[11.185s][info][gc,cpu         ] GC(10) User=0.06s Sys=0.50s Real=0.02s
[11.706s][info][gc,start       ] GC(11) Pause Young (Allocation Failure)
[11.727s][info][gc,heap        ] GC(11) PSYoungGen: 1351104K(1361920K)->1920K(1330176K) Eden: 1328128K(1328128K)->0K(1328128K) From: 22976K(33792K)->1920K(2048K)
[11.727s][info][gc,heap        ] GC(11) ParOldGen: 17081K(1398272K)->38574K(1398272K)
[11.727s][info][gc,metaspace   ] GC(11) Metaspace: 72910K(73728K)->72910K(73728K) NonClass: 57663K(58112K)->57663K(58112K) Class: 15247K(15616K)->15247K(15616K)
[11.727s][info][gc             ] GC(11) Pause Young (Allocation Failure) 1336M->39M(2664M) 20.924ms
[11.727s][info][gc,cpu         ] GC(11) User=0.63s Sys=0.48s Real=0.02s
[12.181s][info][gc,start       ] GC(12) Pause Young (Allocation Failure)
[12.182s][info][gc,heap        ] GC(12) PSYoungGen: 1330048K(1330176K)->1984K(1361408K) Eden: 1328128K(1328128K)->0K(1326080K) From: 1920K(2048K)->1984K(35328K)
[12.182s][info][gc,heap        ] GC(12) ParOldGen: 38574K(1398272K)->38838K(1398272K)
[12.182s][info][gc,metaspace   ] GC(12) Metaspace: 72911K(73728K)->72911K(73728K) NonClass: 57664K(58112K)->57664K(58112K) Class: 15247K(15616K)->15247K(15616K)
[12.182s][info][gc             ] GC(12) Pause Young (Allocation Failure) 1336M->39M(2695M) 1.547ms
[12.182s][info][gc,cpu         ] GC(12) User=0.00s Sys=0.00s Real=0.00s
[12.577s][info][gc,start       ] GC(13) Pause Young (Allocation Failure)
[12.579s][info][gc,heap        ] GC(13) PSYoungGen: 1328064K(1361408K)->1920K(1361920K) Eden: 1326080K(1326080K)->0K(1326080K) From: 1984K(35328K)->1920K(35840K)
[12.579s][info][gc,heap        ] GC(13) ParOldGen: 38838K(1398272K)->39110K(1398272K)
[12.579s][info][gc,metaspace   ] GC(13) Metaspace: 72912K(73728K)->72912K(73728K) NonClass: 57665K(58112K)->57665K(58112K) Class: 15247K(15616K)->15247K(15616K)
[12.579s][info][gc             ] GC(13) Pause Young (Allocation Failure) 1334M->40M(2695M) 1.559ms
[12.579s][info][gc,cpu         ] GC(13) User=0.00s Sys=0.00s Real=0.00s
[12.962s][info][gc,start       ] GC(14) Pause Young (Allocation Failure)
[12.963s][info][gc,heap        ] GC(14) PSYoungGen: 1328000K(1361920K)->2048K(1360896K) Eden: 1326080K(1326080K)->0K(1326080K) From: 1920K(35840K)->2048K(34816K)
[12.963s][info][gc,heap        ] GC(14) ParOldGen: 39110K(1398272K)->39374K(1398272K)
[12.964s][info][gc,metaspace   ] GC(14) Metaspace: 72938K(73792K)->72938K(73792K) NonClass: 57688K(58176K)->57688K(58176K) Class: 15250K(15616K)->15250K(15616K)
[12.964s][info][gc             ] GC(14) Pause Young (Allocation Failure) 1335M->40M(2694M) 1.437ms
[12.964s][info][gc,cpu         ] GC(14) User=0.00s Sys=0.00s Real=0.00s
[13.305s][info][gc,start       ] GC(15) Pause Young (Allocation Failure)
[13.306s][info][gc,heap        ] GC(15) PSYoungGen: 1328128K(1360896K)->1888K(1361408K) Eden: 1326080K(1326080K)->0K(1326080K) From: 2048K(34816K)->1888K(35328K)
[13.306s][info][gc,heap        ] GC(15) ParOldGen: 39374K(1398272K)->39646K(1398272K)
[13.306s][info][gc,metaspace   ] GC(15) Metaspace: 72940K(73792K)->72940K(73792K) NonClass: 57689K(58176K)->57689K(58176K) Class: 15250K(15616K)->15250K(15616K)
[13.306s][info][gc             ] GC(15) Pause Young (Allocation Failure) 1335M->40M(2695M) 1.195ms
[13.306s][info][gc,cpu         ] GC(15) User=0.00s Sys=0.00s Real=0.00s
[13.622s][info][gc,start       ] GC(16) Pause Young (Allocation Failure)
[13.626s][info][gc,heap        ] GC(16) PSYoungGen: 1327968K(1361408K)->1856K(1281024K) Eden: 1326080K(1326080K)->0K(1278976K) From: 1888K(35328K)->1856K(2048K)
[13.626s][info][gc,heap        ] GC(16) ParOldGen: 39646K(1398272K)->39822K(1398272K)
[13.626s][info][gc,metaspace   ] GC(16) Metaspace: 72941K(73792K)->72941K(73792K) NonClass: 57690K(58176K)->57690K(58176K) Class: 15251K(15616K)->15251K(15616K)
[13.626s][info][gc             ] GC(16) Pause Young (Allocation Failure) 1335M->40M(2616M) 3.435ms
[13.626s][info][gc,cpu         ] GC(16) User=0.00s Sys=0.00s Real=0.00s
[13.928s][info][gc,start       ] GC(17) Pause Young (Allocation Failure)
[13.929s][info][gc,heap        ] GC(17) PSYoungGen: 1280832K(1281024K)->1920K(1235968K) Eden: 1278976K(1278976K)->0K(1233920K) From: 1856K(2048K)->1920K(2048K)
[13.929s][info][gc,heap        ] GC(17) ParOldGen: 39822K(1398272K)->39998K(1398272K)
[13.929s][info][gc,metaspace   ] GC(17) Metaspace: 72943K(73792K)->72943K(73792K) NonClass: 57692K(58176K)->57692K(58176K) Class: 15251K(15616K)->15251K(15616K)
[13.929s][info][gc             ] GC(17) Pause Young (Allocation Failure) 1289M->40M(2572M) 1.371ms
[13.929s][info][gc,cpu         ] GC(17) User=0.41s Sys=0.02s Real=0.00s
[14.231s][info][gc,start       ] GC(18) Pause Young (Allocation Failure)
[14.232s][info][gc,heap        ] GC(18) PSYoungGen: 1235840K(1235968K)->1920K(1192960K) Eden: 1233920K(1233920K)->0K(1190912K) From: 1920K(2048K)->1920K(2048K)
[14.232s][info][gc,heap        ] GC(18) ParOldGen: 39998K(1398272K)->40262K(1398272K)
[14.232s][info][gc,metaspace   ] GC(18) Metaspace: 72964K(73856K)->72964K(73856K) NonClass: 57713K(58240K)->57713K(58240K) Class: 15251K(15616K)->15251K(15616K)
[14.232s][info][gc             ] GC(18) Pause Young (Allocation Failure) 1245M->41M(2530M) 1.733ms
[14.232s][info][gc,cpu         ] GC(18) User=0.00s Sys=0.00s Real=0.00s
[14.522s][info][gc,start       ] GC(19) Pause Young (Allocation Failure)
[14.523s][info][gc,heap        ] GC(19) PSYoungGen: 1192832K(1192960K)->1920K(1181696K) Eden: 1190912K(1190912K)->0K(1149952K) From: 1920K(2048K)->1920K(31744K)
[14.523s][info][gc,heap        ] GC(19) ParOldGen: 40262K(1398272K)->40406K(1398272K)
[14.523s][info][gc,metaspace   ] GC(19) Metaspace: 72972K(73856K)->72972K(73856K) NonClass: 57721K(58240K)->57721K(58240K) Class: 15251K(15616K)->15251K(15616K)
[14.523s][info][gc             ] GC(19) Pause Young (Allocation Failure) 1204M->41M(2519M) 1.206ms
[14.523s][info][gc,cpu         ] GC(19) User=0.02s Sys=0.00s Real=0.00s
[14.804s][info][gc,start       ] GC(20) Pause Young (Allocation Failure)
[14.807s][info][gc,heap        ] GC(20) PSYoungGen: 1151872K(1181696K)->1984K(1112576K) Eden: 1149952K(1149952K)->0K(1110528K) From: 1920K(31744K)->1984K(2048K)
[14.807s][info][gc,heap        ] GC(20) ParOldGen: 40406K(1398272K)->40622K(1398272K)
[14.807s][info][gc,metaspace   ] GC(20) Metaspace: 73124K(74048K)->73124K(74048K) NonClass: 57835K(58368K)->57835K(58368K) Class: 15288K(15680K)->15288K(15680K)
[14.807s][info][gc             ] GC(20) Pause Young (Allocation Failure) 1164M->41M(2452M) 3.480ms
[14.807s][info][gc,cpu         ] GC(20) User=0.52s Sys=0.00s Real=0.00s
[15.083s][info][gc,start       ] GC(21) Pause Young (Allocation Failure)
[15.084s][info][gc,heap        ] GC(21) PSYoungGen: 1112512K(1112576K)->1920K(1102336K) Eden: 1110528K(1110528K)->0K(1073152K) From: 1984K(2048K)->1920K(29184K)
[15.084s][info][gc,heap        ] GC(21) ParOldGen: 40622K(1398272K)->40918K(1398272K)
[15.084s][info][gc,metaspace   ] GC(21) Metaspace: 73133K(74048K)->73133K(74048K) NonClass: 57844K(58368K)->57844K(58368K) Class: 15288K(15680K)->15288K(15680K)
[15.084s][info][gc             ] GC(21) Pause Young (Allocation Failure) 1126M->41M(2442M) 1.360ms
[15.084s][info][gc,cpu         ] GC(21) User=0.00s Sys=0.00s Real=0.00s
[15.377s][info][gc,start       ] GC(22) Pause Young (Allocation Failure)
[15.380s][info][gc,heap        ] GC(22) PSYoungGen: 1075072K(1102336K)->1920K(1039360K) Eden: 1073152K(1073152K)->0K(1037312K) From: 1920K(29184K)->1920K(2048K)
[15.380s][info][gc,heap        ] GC(22) ParOldGen: 40918K(1398272K)->41126K(1398272K)
[15.380s][info][gc,metaspace   ] GC(22) Metaspace: 73161K(74048K)->73161K(74048K) NonClass: 57872K(58368K)->57872K(58368K) Class: 15288K(15680K)->15288K(15680K)
[15.380s][info][gc             ] GC(22) Pause Young (Allocation Failure) 1089M->42M(2380M) 3.377ms
[15.380s][info][gc,cpu         ] GC(22) User=0.00s Sys=0.00s Real=0.00s
[15.682s][info][gc,start       ] GC(23) Pause Young (Allocation Failure)
[15.683s][info][gc,heap        ] GC(23) PSYoungGen: 1039232K(1039360K)->1472K(1029632K) Eden: 1037312K(1037312K)->0K(1003008K) From: 1920K(2048K)->1472K(26624K)
[15.683s][info][gc,heap        ] GC(23) ParOldGen: 41126K(1398272K)->41614K(1398272K)
[15.683s][info][gc,metaspace   ] GC(23) Metaspace: 73174K(74048K)->73174K(74048K) NonClass: 57886K(58368K)->57886K(58368K) Class: 15288K(15680K)->15288K(15680K)
[15.683s][info][gc             ] GC(23) Pause Young (Allocation Failure) 1055M->42M(2371M) 1.482ms
[15.683s][info][gc,cpu         ] GC(23) User=0.00s Sys=0.00s Real=0.00s
[16.013s][info][gc,start       ] GC(24) Pause Young (Allocation Failure)
[16.017s][info][gc,heap        ] GC(24) PSYoungGen: 1004480K(1029632K)->1248K(971776K) Eden: 1003008K(1003008K)->0K(970240K) From: 1472K(26624K)->1248K(1536K)
[16.017s][info][gc,heap        ] GC(24) ParOldGen: 41614K(1398272K)->42022K(1398272K)
[16.017s][info][gc,metaspace   ] GC(24) Metaspace: 73184K(74048K)->73184K(74048K) NonClass: 57895K(58368K)->57895K(58368K) Class: 15288K(15680K)->15288K(15680K)
[16.017s][info][gc             ] GC(24) Pause Young (Allocation Failure) 1021M->42M(2314M) 3.982ms
[16.017s][info][gc,cpu         ] GC(24) User=0.00s Sys=0.00s Real=0.00s
[16.484s][info][gc,start       ] GC(25) Pause Young (Allocation Failure)
[16.485s][info][gc,heap        ] GC(25) PSYoungGen: 971488K(971776K)->1056K(963072K) Eden: 970240K(970240K)->0K(939008K) From: 1248K(1536K)->1056K(24064K)
[16.485s][info][gc,heap        ] GC(25) ParOldGen: 42022K(1398272K)->42406K(1398272K)
[16.485s][info][gc,metaspace   ] GC(25) Metaspace: 73203K(74112K)->73203K(74112K) NonClass: 57915K(58432K)->57915K(58432K) Class: 15288K(15680K)->15288K(15680K)
[16.485s][info][gc             ] GC(25) Pause Young (Allocation Failure) 989M->42M(2306M) 1.232ms
[16.485s][info][gc,cpu         ] GC(25) User=0.00s Sys=0.00s Real=0.00s
[17.074s][info][gc,start       ] GC(26) Pause Young (Allocation Failure)
[17.081s][info][gc,heap        ] GC(26) PSYoungGen: 940064K(963072K)->1024K(910336K) Eden: 939008K(939008K)->0K(909312K) From: 1056K(24064K)->1024K(1024K)
[17.081s][info][gc,heap        ] GC(26) ParOldGen: 42406K(1398272K)->42798K(1398272K)
[17.081s][info][gc,metaspace   ] GC(26) Metaspace: 73213K(74112K)->73213K(74112K) NonClass: 57924K(58432K)->57924K(58432K) Class: 15288K(15680K)->15288K(15680K)
[17.081s][info][gc             ] GC(26) Pause Young (Allocation Failure) 959M->42M(2254M) 6.918ms
[17.081s][info][gc,cpu         ] GC(26) User=0.00s Sys=0.00s Real=0.01s
[17.658s][info][gc,start       ] GC(27) Pause Young (Allocation Failure)
[17.659s][info][gc,heap        ] GC(27) PSYoungGen: 910336K(910336K)->1056K(902144K) Eden: 909312K(909312K)->0K(880640K) From: 1024K(1024K)->1056K(21504K)
[17.659s][info][gc,heap        ] GC(27) ParOldGen: 42798K(1398272K)->43030K(1398272K)
[17.659s][info][gc,metaspace   ] GC(27) Metaspace: 73213K(74112K)->73213K(74112K) NonClass: 57924K(58432K)->57924K(58432K) Class: 15288K(15680K)->15288K(15680K)
[17.659s][info][gc             ] GC(27) Pause Young (Allocation Failure) 930M->43M(2246M) 0.820ms
[17.659s][info][gc,cpu         ] GC(27) User=0.00s Sys=0.00s Real=0.00s
[17.765s][info][gc,start       ] GC(28) Pause Young (System.gc())
[17.772s][info][gc,heap        ] GC(28) PSYoungGen: 111443K(902144K)->1344K(882176K) Eden: 110387K(880640K)->0K(880640K) From: 1056K(21504K)->1344K(1536K)
[17.772s][info][gc,heap        ] GC(28) ParOldGen: 43030K(1398272K)->43134K(1398272K)
[17.772s][info][gc,metaspace   ] GC(28) Metaspace: 73262K(74112K)->73262K(74112K) NonClass: 57967K(58432K)->57967K(58432K) Class: 15294K(15680K)->15294K(15680K)
[17.772s][info][gc             ] GC(28) Pause Young (System.gc()) 150M->43M(2227M) 6.705ms
[17.772s][info][gc,cpu         ] GC(28) User=0.00s Sys=0.00s Real=0.01s
[17.772s][info][gc,start       ] GC(29) Pause Full (System.gc())
[17.772s][info][gc,phases,start] GC(29) Marking Phase
[17.826s][info][gc,phases      ] GC(29) Marking Phase 53.913ms
[17.826s][info][gc,phases,start] GC(29) Summary Phase
[17.826s][info][gc,phases      ] GC(29) Summary Phase 0.014ms
[17.826s][info][gc,phases,start] GC(29) Adjust Roots
[17.851s][info][gc,phases      ] GC(29) Adjust Roots 24.578ms
[17.851s][info][gc,phases,start] GC(29) Compaction Phase
[17.865s][info][gc,phases      ] GC(29) Compaction Phase 14.599ms
[17.865s][info][gc,phases,start] GC(29) Post Compact
[17.868s][info][gc,phases      ] GC(29) Post Compact 2.384ms
[17.868s][info][gc,heap        ] GC(29) PSYoungGen: 1344K(882176K)->0K(882176K) Eden: 0K(880640K)->0K(880640K) From: 1344K(1536K)->0K(1536K)
[17.868s][info][gc,heap        ] GC(29) ParOldGen: 43134K(1398272K)->36125K(1398272K)
[17.868s][info][gc,metaspace   ] GC(29) Metaspace: 73262K(74112K)->72772K(74112K) NonClass: 57967K(58432K)->57627K(58432K) Class: 15294K(15680K)->15145K(15680K)
[17.868s][info][gc             ] GC(29) Pause Full (System.gc()) 43M->35M(2227M) 95.870ms
[17.868s][info][gc,cpu         ] GC(29) User=0.88s Sys=0.23s Real=0.10s
[18.406s][info][gc,start       ] GC(30) Pause Young (Allocation Failure)
[18.408s][info][gc,heap        ] GC(30) PSYoungGen: 880640K(882176K)->4192K(872960K) Eden: 880640K(880640K)->0K(853504K) From: 0K(1536K)->4192K(19456K)
[18.408s][info][gc,heap        ] GC(30) ParOldGen: 36125K(1398272K)->36133K(1398272K)
[18.408s][info][gc,metaspace   ] GC(30) Metaspace: 73699K(74176K)->73699K(74176K) NonClass: 58241K(58496K)->58241K(58496K) Class: 15458K(15680K)->15458K(15680K)
[18.408s][info][gc             ] GC(30) Pause Young (Allocation Failure) 895M->39M(2218M) 2.170ms
[18.408s][info][gc,cpu         ] GC(30) User=0.00s Sys=0.00s Real=0.00s
[18.682s][info][gc,start       ] GC(31) Pause Young (Allocation Failure)
[18.687s][info][gc,heap        ] GC(31) PSYoungGen: 857696K(872960K)->1984K(829440K) Eden: 853504K(853504K)->0K(827392K) From: 4192K(19456K)->1984K(2048K)
[18.687s][info][gc,heap        ] GC(31) ParOldGen: 36133K(1398272K)->38613K(1398272K)
[18.687s][info][gc,metaspace   ] GC(31) Metaspace: 73699K(74176K)->73699K(74176K) NonClass: 58241K(58496K)->58241K(58496K) Class: 15458K(15680K)->15458K(15680K)
[18.687s][info][gc             ] GC(31) Pause Young (Allocation Failure) 872M->39M(2175M) 4.759ms
[18.687s][info][gc,cpu         ] GC(31) User=0.00s Sys=0.00s Real=0.01s
[18.920s][info][gc,start       ] GC(32) Pause Young (Allocation Failure)
[18.921s][info][gc,heap        ] GC(32) PSYoungGen: 829376K(829440K)->1984K(804352K) Eden: 827392K(827392K)->0K(802304K) From: 1984K(2048K)->1984K(2048K)
[18.921s][info][gc,heap        ] GC(32) ParOldGen: 38613K(1398272K)->38789K(1398272K)
[18.921s][info][gc,metaspace   ] GC(32) Metaspace: 73699K(74176K)->73699K(74176K) NonClass: 58241K(58496K)->58241K(58496K) Class: 15458K(15680K)->15458K(15680K)
[18.921s][info][gc             ] GC(32) Pause Young (Allocation Failure) 847M->39M(2151M) 1.483ms
[18.921s][info][gc,cpu         ] GC(32) User=0.00s Sys=0.00s Real=0.00s
[19.120s][info][gc,start       ] GC(33) Pause Young (Allocation Failure)
[19.122s][info][gc,heap        ] GC(33) PSYoungGen: 804288K(804352K)->1888K(780288K) Eden: 802304K(802304K)->0K(778240K) From: 1984K(2048K)->1888K(2048K)
[19.122s][info][gc,heap        ] GC(33) ParOldGen: 38789K(1398272K)->39037K(1398272K)
[19.122s][info][gc,metaspace   ] GC(33) Metaspace: 73699K(74176K)->73699K(74176K) NonClass: 58241K(58496K)->58241K(58496K) Class: 15458K(15680K)->15458K(15680K)
[19.122s][info][gc             ] GC(33) Pause Young (Allocation Failure) 823M->39M(2127M) 2.550ms
[19.122s][info][gc,cpu         ] GC(33) User=0.00s Sys=0.00s Real=0.00s
[19.315s][info][gc,start       ] GC(34) Pause Young (Allocation Failure)
[19.316s][info][gc,heap        ] GC(34) PSYoungGen: 780128K(780288K)->1888K(757248K) Eden: 778240K(778240K)->0K(755200K) From: 1888K(2048K)->1888K(2048K)
[19.316s][info][gc,heap        ] GC(34) ParOldGen: 39037K(1398272K)->39181K(1398272K)
[19.316s][info][gc,metaspace   ] GC(34) Metaspace: 73700K(74176K)->73700K(74176K) NonClass: 58242K(58496K)->58242K(58496K) Class: 15458K(15680K)->15458K(15680K)
[19.316s][info][gc             ] GC(34) Pause Young (Allocation Failure) 799M->40M(2105M) 1.407ms
[19.316s][info][gc,cpu         ] GC(34) User=0.00s Sys=0.00s Real=0.00s
[19.504s][info][gc,start       ] GC(35) Pause Young (Allocation Failure)
[19.507s][info][gc,heap        ] GC(35) PSYoungGen: 757088K(757248K)->1984K(735232K) Eden: 755200K(755200K)->0K(733184K) From: 1888K(2048K)->1984K(2048K)
[19.507s][info][gc,heap        ] GC(35) ParOldGen: 39181K(1398272K)->39293K(1398272K)
[19.507s][info][gc,metaspace   ] GC(35) Metaspace: 73700K(74176K)->73700K(74176K) NonClass: 58242K(58496K)->58242K(58496K) Class: 15458K(15680K)->15458K(15680K)
[19.507s][info][gc             ] GC(35) Pause Young (Allocation Failure) 777M->40M(2083M) 2.416ms
[19.507s][info][gc,cpu         ] GC(35) User=0.00s Sys=0.00s Real=0.00s
[19.687s][info][gc,start       ] GC(36) Pause Young (Allocation Failure)
[19.689s][info][gc,heap        ] GC(36) PSYoungGen: 735168K(735232K)->1952K(714240K) Eden: 733184K(733184K)->0K(712192K) From: 1984K(2048K)->1952K(2048K)
[19.689s][info][gc,heap        ] GC(36) ParOldGen: 39293K(1398272K)->39429K(1398272K)
[19.689s][info][gc,metaspace   ] GC(36) Metaspace: 73700K(74176K)->73700K(74176K) NonClass: 58242K(58496K)->58242K(58496K) Class: 15458K(15680K)->15458K(15680K)
[19.689s][info][gc             ] GC(36) Pause Young (Allocation Failure) 756M->40M(2063M) 1.438ms
[19.689s][info][gc,cpu         ] GC(36) User=0.00s Sys=0.00s Real=0.00s
[19.864s][info][gc,start       ] GC(37) Pause Young (Allocation Failure)
[19.867s][info][gc,heap        ] GC(37) PSYoungGen: 714144K(714240K)->1824K(693760K) Eden: 712192K(712192K)->0K(691712K) From: 1952K(2048K)->1824K(2048K)
[19.867s][info][gc,heap        ] GC(37) ParOldGen: 39429K(1398272K)->39565K(1398272K)
[19.867s][info][gc,metaspace   ] GC(37) Metaspace: 73700K(74176K)->73700K(74176K) NonClass: 58242K(58496K)->58242K(58496K) Class: 15458K(15680K)->15458K(15680K)
[19.867s][info][gc             ] GC(37) Pause Young (Allocation Failure) 735M->40M(2043M) 2.394ms
[19.867s][info][gc,cpu         ] GC(37) User=0.00s Sys=0.02s Real=0.00s
[20.037s][info][gc,start       ] GC(38) Pause Young (Allocation Failure)
[20.038s][info][gc,heap        ] GC(38) PSYoungGen: 693536K(693760K)->1984K(674304K) Eden: 691712K(691712K)->0K(672256K) From: 1824K(2048K)->1984K(2048K)
[20.038s][info][gc,heap        ] GC(38) ParOldGen: 39565K(1398272K)->39829K(1398272K)
[20.038s][info][gc,metaspace   ] GC(38) Metaspace: 73700K(74176K)->73700K(74176K) NonClass: 58242K(58496K)->58242K(58496K) Class: 15458K(15680K)->15458K(15680K)
[20.038s][info][gc             ] GC(38) Pause Young (Allocation Failure) 715M->40M(2024M) 1.426ms
[20.038s][info][gc,cpu         ] GC(38) User=0.00s Sys=0.02s Real=0.00s
[20.204s][info][gc,start       ] GC(39) Pause Young (Allocation Failure)
[20.206s][info][gc,heap        ] GC(39) PSYoungGen: 674240K(674304K)->1888K(655872K) Eden: 672256K(672256K)->0K(653824K) From: 1984K(2048K)->1888K(2048K)
[20.206s][info][gc,heap        ] GC(39) ParOldGen: 39829K(1398272K)->39981K(1398272K)
[20.206s][info][gc,metaspace   ] GC(39) Metaspace: 73700K(74176K)->73700K(74176K) NonClass: 58242K(58496K)->58242K(58496K) Class: 15458K(15680K)->15458K(15680K)
[20.206s][info][gc             ] GC(39) Pause Young (Allocation Failure) 697M->40M(2006M) 2.132ms
[20.206s][info][gc,cpu         ] GC(39) User=0.00s Sys=0.00s Real=0.00s
[20.368s][info][gc,start       ] GC(40) Pause Young (Allocation Failure)
[20.369s][info][gc,heap        ] GC(40) PSYoungGen: 655712K(655872K)->1952K(637952K) Eden: 653824K(653824K)->0K(635904K) From: 1888K(2048K)->1952K(2048K)
[20.369s][info][gc,heap        ] GC(40) ParOldGen: 39981K(1398272K)->40109K(1398272K)
[20.369s][info][gc,metaspace   ] GC(40) Metaspace: 73700K(74176K)->73700K(74176K) NonClass: 58242K(58496K)->58242K(58496K) Class: 15458K(15680K)->15458K(15680K)
[20.369s][info][gc             ] GC(40) Pause Young (Allocation Failure) 679M->41M(1988M) 1.371ms
[20.369s][info][gc,cpu         ] GC(40) User=0.00s Sys=0.00s Real=0.00s
[20.527s][info][gc,start       ] GC(41) Pause Young (Allocation Failure)
[20.529s][info][gc,heap        ] GC(41) PSYoungGen: 637856K(637952K)->1920K(620544K) Eden: 635904K(635904K)->0K(618496K) From: 1952K(2048K)->1920K(2048K)
[20.529s][info][gc,heap        ] GC(41) ParOldGen: 40109K(1398272K)->40261K(1398272K)
[20.529s][info][gc,metaspace   ] GC(41) Metaspace: 73700K(74176K)->73700K(74176K) NonClass: 58242K(58496K)->58242K(58496K) Class: 15458K(15680K)->15458K(15680K)
[20.529s][info][gc             ] GC(41) Pause Young (Allocation Failure) 662M->41M(1971M) 2.486ms
[20.530s][info][gc,cpu         ] GC(41) User=0.00s Sys=0.00s Real=0.00s
[20.684s][info][gc,start       ] GC(42) Pause Young (Allocation Failure)
[20.686s][info][gc,heap        ] GC(42) PSYoungGen: 620416K(620544K)->1792K(604160K) Eden: 618496K(618496K)->0K(602112K) From: 1920K(2048K)->1792K(2048K)
[20.686s][info][gc,heap        ] GC(42) ParOldGen: 40261K(1398272K)->40381K(1398272K)
[20.686s][info][gc,metaspace   ] GC(42) Metaspace: 73701K(74176K)->73701K(74176K) NonClass: 58243K(58496K)->58243K(58496K) Class: 15458K(15680K)->15458K(15680K)
[20.686s][info][gc             ] GC(42) Pause Young (Allocation Failure) 645M->41M(1955M) 1.336ms
[20.686s][info][gc,cpu         ] GC(42) User=0.00s Sys=0.00s Real=0.00s
[20.835s][info][gc,start       ] GC(43) Pause Young (Allocation Failure)
[20.837s][info][gc,heap        ] GC(43) PSYoungGen: 603904K(604160K)->1920K(588288K) Eden: 602112K(602112K)->0K(586240K) From: 1792K(2048K)->1920K(2048K)
[20.837s][info][gc,heap        ] GC(43) ParOldGen: 40381K(1398272K)->40525K(1398272K)
[20.837s][info][gc,metaspace   ] GC(43) Metaspace: 73702K(74176K)->73702K(74176K) NonClass: 58243K(58496K)->58243K(58496K) Class: 15458K(15680K)->15458K(15680K)
[20.837s][info][gc             ] GC(43) Pause Young (Allocation Failure) 629M->41M(1940M) 2.092ms
[20.837s][info][gc,cpu         ] GC(43) User=0.00s Sys=0.00s Real=0.00s
[20.982s][info][gc,start       ] GC(44) Pause Young (Allocation Failure)
[20.984s][info][gc,heap        ] GC(44) PSYoungGen: 588160K(588288K)->1920K(572928K) Eden: 586240K(586240K)->0K(570880K) From: 1920K(2048K)->1920K(2048K)
[20.984s][info][gc,heap        ] GC(44) ParOldGen: 40525K(1398272K)->40781K(1398272K)
[20.984s][info][gc,metaspace   ] GC(44) Metaspace: 73702K(74176K)->73702K(74176K) NonClass: 58243K(58496K)->58243K(58496K) Class: 15458K(15680K)->15458K(15680K)
[20.984s][info][gc             ] GC(44) Pause Young (Allocation Failure) 613M->41M(1925M) 1.446ms
[20.984s][info][gc,cpu         ] GC(44) User=0.00s Sys=0.00s Real=0.00s
[21.124s][info][gc,start       ] GC(45) Pause Young (Allocation Failure)
[21.126s][info][gc,heap        ] GC(45) PSYoungGen: 572800K(572928K)->1888K(558080K) Eden: 570880K(570880K)->0K(556032K) From: 1920K(2048K)->1888K(2048K)
[21.126s][info][gc,heap        ] GC(45) ParOldGen: 40781K(1398272K)->40941K(1398272K)
[21.126s][info][gc,metaspace   ] GC(45) Metaspace: 73702K(74176K)->73702K(74176K) NonClass: 58244K(58496K)->58244K(58496K) Class: 15458K(15680K)->15458K(15680K)
[21.126s][info][gc             ] GC(45) Pause Young (Allocation Failure) 599M->41M(1910M) 2.027ms
[21.126s][info][gc,cpu         ] GC(45) User=0.00s Sys=0.00s Real=0.00s
[21.264s][info][gc,start       ] GC(46) Pause Young (Allocation Failure)
[21.265s][info][gc,heap        ] GC(46) PSYoungGen: 557920K(558080K)->1888K(544256K) Eden: 556032K(556032K)->0K(542208K) From: 1888K(2048K)->1888K(2048K)
[21.265s][info][gc,heap        ] GC(46) ParOldGen: 40941K(1398272K)->41085K(1398272K)
[21.265s][info][gc,metaspace   ] GC(46) Metaspace: 73702K(74176K)->73702K(74176K) NonClass: 58244K(58496K)->58244K(58496K) Class: 15458K(15680K)->15458K(15680K)
[21.265s][info][gc             ] GC(46) Pause Young (Allocation Failure) 584M->41M(1897M) 1.444ms
[21.265s][info][gc,cpu         ] GC(46) User=0.00s Sys=0.00s Real=0.00s
[21.399s][info][gc,start       ] GC(47) Pause Young (Allocation Failure)
[21.401s][info][gc,heap        ] GC(47) PSYoungGen: 544096K(544256K)->1952K(530944K) Eden: 542208K(542208K)->0K(528896K) From: 1888K(2048K)->1952K(2048K)
[21.401s][info][gc,heap        ] GC(47) ParOldGen: 41085K(1398272K)->41213K(1398272K)
[21.401s][info][gc,metaspace   ] GC(47) Metaspace: 73702K(74176K)->73702K(74176K) NonClass: 58244K(58496K)->58244K(58496K) Class: 15458K(15680K)->15458K(15680K)
[21.401s][info][gc             ] GC(47) Pause Young (Allocation Failure) 571M->42M(1884M) 1.672ms
[21.401s][info][gc,cpu         ] GC(47) User=0.00s Sys=0.00s Real=0.00s
[21.531s][info][gc,start       ] GC(48) Pause Young (Allocation Failure)
[21.532s][info][gc,heap        ] GC(48) PSYoungGen: 530848K(530944K)->1888K(518144K) Eden: 528896K(528896K)->0K(516096K) From: 1952K(2048K)->1888K(2048K)
[21.532s][info][gc,heap        ] GC(48) ParOldGen: 41213K(1398272K)->41349K(1398272K)
[21.532s][info][gc,metaspace   ] GC(48) Metaspace: 73702K(74176K)->73702K(74176K) NonClass: 58244K(58496K)->58244K(58496K) Class: 15458K(15680K)->15458K(15680K)
[21.532s][info][gc             ] GC(48) Pause Young (Allocation Failure) 558M->42M(1871M) 1.358ms
[21.532s][info][gc,cpu         ] GC(48) User=0.00s Sys=0.00s Real=0.00s
[21.659s][info][gc,start       ] GC(49) Pause Young (Allocation Failure)
[21.661s][info][gc,heap        ] GC(49) PSYoungGen: 517984K(518144K)->2048K(505856K) Eden: 516096K(516096K)->0K(503808K) From: 1888K(2048K)->2048K(2048K)
[21.661s][info][gc,heap        ] GC(49) ParOldGen: 41349K(1398272K)->41485K(1398272K)
[21.661s][info][gc,metaspace   ] GC(49) Metaspace: 73704K(74176K)->73704K(74176K) NonClass: 58246K(58496K)->58246K(58496K) Class: 15458K(15680K)->15458K(15680K)
[21.661s][info][gc             ] GC(49) Pause Young (Allocation Failure) 546M->42M(1859M) 1.651ms
[21.661s][info][gc,cpu         ] GC(49) User=0.00s Sys=0.00s Real=0.00s
[21.785s][info][gc,start       ] GC(50) Pause Young (Allocation Failure)
[21.787s][info][gc,heap        ] GC(50) PSYoungGen: 505856K(505856K)->1888K(493568K) Eden: 503808K(503808K)->0K(491520K) From: 2048K(2048K)->1888K(2048K)
[21.787s][info][gc,heap        ] GC(50) ParOldGen: 41485K(1398272K)->41629K(1398272K)
[21.787s][info][gc,metaspace   ] GC(50) Metaspace: 73704K(74176K)->73704K(74176K) NonClass: 58246K(58496K)->58246K(58496K) Class: 15458K(15680K)->15458K(15680K)
[21.787s][info][gc             ] GC(50) Pause Young (Allocation Failure) 534M->42M(1847M) 1.401ms
[21.787s][info][gc,cpu         ] GC(50) User=0.00s Sys=0.00s Real=0.00s
[21.908s][info][gc,start       ] GC(51) Pause Young (Allocation Failure)
[21.909s][info][gc,heap        ] GC(51) PSYoungGen: 493408K(493568K)->1952K(481792K) Eden: 491520K(491520K)->0K(479744K) From: 1888K(2048K)->1952K(2048K)
[21.909s][info][gc,heap        ] GC(51) ParOldGen: 41629K(1398272K)->41885K(1398272K)
[21.909s][info][gc,metaspace   ] GC(51) Metaspace: 73704K(74176K)->73704K(74176K) NonClass: 58246K(58496K)->58246K(58496K) Class: 15458K(15680K)->15458K(15680K)
[21.909s][info][gc             ] GC(51) Pause Young (Allocation Failure) 522M->42M(1836M) 1.624ms
[21.909s][info][gc,cpu         ] GC(51) User=0.00s Sys=0.00s Real=0.00s
[22.027s][info][gc,start       ] GC(52) Pause Young (Allocation Failure)
[22.028s][info][gc,heap        ] GC(52) PSYoungGen: 481696K(481792K)->1920K(470528K) Eden: 479744K(479744K)->0K(468480K) From: 1952K(2048K)->1920K(2048K)
[22.028s][info][gc,heap        ] GC(52) ParOldGen: 41885K(1398272K)->42021K(1398272K)
[22.028s][info][gc,metaspace   ] GC(52) Metaspace: 73704K(74176K)->73704K(74176K) NonClass: 58246K(58496K)->58246K(58496K) Class: 15458K(15680K)->15458K(15680K)
[22.028s][info][gc             ] GC(52) Pause Young (Allocation Failure) 511M->42M(1825M) 1.287ms
[22.028s][info][gc,cpu         ] GC(52) User=0.00s Sys=0.00s Real=0.00s
[22.144s][info][gc,start       ] GC(53) Pause Young (Allocation Failure)
[22.145s][info][gc,heap        ] GC(53) PSYoungGen: 470400K(470528K)->1984K(459776K) Eden: 468480K(468480K)->0K(457728K) From: 1920K(2048K)->1984K(2048K)
[22.145s][info][gc,heap        ] GC(53) ParOldGen: 42021K(1398272K)->42149K(1398272K)
[22.145s][info][gc,metaspace   ] GC(53) Metaspace: 73704K(74176K)->73704K(74176K) NonClass: 58246K(58496K)->58246K(58496K) Class: 15458K(15680K)->15458K(15680K)
[22.145s][info][gc             ] GC(53) Pause Young (Allocation Failure) 500M->43M(1814M) 1.643ms
[22.145s][info][gc,cpu         ] GC(53) User=0.00s Sys=0.00s Real=0.00s
[22.258s][info][gc,start       ] GC(54) Pause Young (Allocation Failure)
[22.260s][info][gc,heap        ] GC(54) PSYoungGen: 459712K(459776K)->1952K(449536K) Eden: 457728K(457728K)->0K(447488K) From: 1984K(2048K)->1952K(2048K)
[22.260s][info][gc,heap        ] GC(54) ParOldGen: 42149K(1398272K)->42253K(1398272K)
[22.260s][info][gc,metaspace   ] GC(54) Metaspace: 73705K(74176K)->73705K(74176K) NonClass: 58247K(58496K)->58247K(58496K) Class: 15458K(15680K)->15458K(15680K)
[22.260s][info][gc             ] GC(54) Pause Young (Allocation Failure) 490M->43M(1804M) 1.300ms
[22.260s][info][gc,cpu         ] GC(54) User=0.00s Sys=0.00s Real=0.00s
[22.370s][info][gc,start       ] GC(55) Pause Young (Allocation Failure)
[22.371s][info][gc,heap        ] GC(55) PSYoungGen: 449440K(449536K)->1952K(439296K) Eden: 447488K(447488K)->0K(437248K) From: 1952K(2048K)->1952K(2048K)
[22.371s][info][gc,heap        ] GC(55) ParOldGen: 42253K(1398272K)->42349K(1398272K)
[22.371s][info][gc,metaspace   ] GC(55) Metaspace: 73705K(74176K)->73705K(74176K) NonClass: 58247K(58496K)->58247K(58496K) Class: 15458K(15680K)->15458K(15680K)
[22.371s][info][gc             ] GC(55) Pause Young (Allocation Failure) 480M->43M(1794M) 1.461ms
[22.371s][info][gc,cpu         ] GC(55) User=0.00s Sys=0.00s Real=0.00s
[22.479s][info][gc,start       ] GC(56) Pause Young (Allocation Failure)
[22.481s][info][gc,heap        ] GC(56) PSYoungGen: 439200K(439296K)->1920K(429568K) Eden: 437248K(437248K)->0K(427520K) From: 1952K(2048K)->1920K(2048K)
[22.481s][info][gc,heap        ] GC(56) ParOldGen: 42349K(1398272K)->42445K(1398272K)
[22.481s][info][gc,metaspace   ] GC(56) Metaspace: 73709K(74176K)->73709K(74176K) NonClass: 58251K(58496K)->58251K(58496K) Class: 15458K(15680K)->15458K(15680K)
[22.481s][info][gc             ] GC(56) Pause Young (Allocation Failure) 470M->43M(1785M) 1.442ms
[22.481s][info][gc,cpu         ] GC(56) User=0.00s Sys=0.00s Real=0.00s
[22.587s][info][gc,start       ] GC(57) Pause Young (Allocation Failure)
[22.588s][info][gc,heap        ] GC(57) PSYoungGen: 429440K(429568K)->1920K(420352K) Eden: 427520K(427520K)->0K(418304K) From: 1920K(2048K)->1920K(2048K)
[22.588s][info][gc,heap        ] GC(57) ParOldGen: 42445K(1398272K)->42637K(1398272K)
[22.588s][info][gc,metaspace   ] GC(57) Metaspace: 73713K(74176K)->73713K(74176K) NonClass: 58255K(58496K)->58255K(58496K) Class: 15458K(15680K)->15458K(15680K)
[22.588s][info][gc             ] GC(57) Pause Young (Allocation Failure) 460M->43M(1776M) 1.664ms
[22.588s][info][gc,cpu         ] GC(57) User=0.00s Sys=0.00s Real=0.00s
[22.693s][info][gc,start       ] GC(58) Pause Young (Allocation Failure)
[22.694s][info][gc,heap        ] GC(58) PSYoungGen: 420224K(420352K)->1856K(411136K) Eden: 418304K(418304K)->0K(409088K) From: 1920K(2048K)->1856K(2048K)
[22.694s][info][gc,heap        ] GC(58) ParOldGen: 42637K(1398272K)->42797K(1398272K)
[22.694s][info][gc,metaspace   ] GC(58) Metaspace: 73719K(74176K)->73719K(74176K) NonClass: 58261K(58496K)->58261K(58496K) Class: 15458K(15680K)->15458K(15680K)
[22.694s][info][gc             ] GC(58) Pause Young (Allocation Failure) 452M->43M(1767M) 1.410ms
[22.694s][info][gc,cpu         ] GC(58) User=0.00s Sys=0.00s Real=0.00s
[22.797s][info][gc,start       ] GC(59) Pause Young (Allocation Failure)
[22.798s][info][gc,heap        ] GC(59) PSYoungGen: 410943K(411136K)->1888K(402432K) Eden: 409087K(409088K)->0K(400384K) From: 1856K(2048K)->1888K(2048K)
[22.798s][info][gc,heap        ] GC(59) ParOldGen: 42797K(1398272K)->43053K(1398272K)
[22.798s][info][gc,metaspace   ] GC(59) Metaspace: 73725K(74176K)->73725K(74176K) NonClass: 58267K(58496K)->58267K(58496K) Class: 15458K(15680K)->15458K(15680K)
[22.798s][info][gc             ] GC(59) Pause Young (Allocation Failure) 443M->43M(1758M) 1.472ms
[22.799s][info][gc,cpu         ] GC(59) User=0.00s Sys=0.00s Real=0.00s
[22.900s][info][gc,start       ] GC(60) Pause Young (Allocation Failure)
[22.902s][info][gc,heap        ] GC(60) PSYoungGen: 402272K(402432K)->1696K(394240K) Eden: 400384K(400384K)->0K(392192K) From: 1888K(2048K)->1696K(2048K)
[22.902s][info][gc,heap        ] GC(60) ParOldGen: 43053K(1398272K)->43349K(1398272K)
[22.902s][info][gc,metaspace   ] GC(60) Metaspace: 73728K(74176K)->73728K(74176K) NonClass: 58270K(58496K)->58270K(58496K) Class: 15458K(15680K)->15458K(15680K)
[22.902s][info][gc             ] GC(60) Pause Young (Allocation Failure) 434M->43M(1750M) 1.374ms
[22.902s][info][gc,cpu         ] GC(60) User=0.00s Sys=0.00s Real=0.00s
[23.004s][info][gc,start       ] GC(61) Pause Young (Allocation Failure)
[23.005s][info][gc,heap        ] GC(61) PSYoungGen: 393888K(394240K)->1792K(386048K) Eden: 392192K(392192K)->0K(384000K) From: 1696K(2048K)->1792K(2048K)
[23.005s][info][gc,heap        ] GC(61) ParOldGen: 43349K(1398272K)->43605K(1398272K)
[23.005s][info][gc,metaspace   ] GC(61) Metaspace: 73741K(74176K)->73741K(74176K) NonClass: 58283K(58496K)->58283K(58496K) Class: 15458K(15680K)->15458K(15680K)
[23.005s][info][gc             ] GC(61) Pause Young (Allocation Failure) 426M->44M(1742M) 1.303ms
[23.005s][info][gc,cpu         ] GC(61) User=0.00s Sys=0.00s Real=0.00s
[23.109s][info][gc,start       ] GC(62) Pause Young (Allocation Failure)
[23.110s][info][gc,heap        ] GC(62) PSYoungGen: 385792K(386048K)->1632K(378368K) Eden: 384000K(384000K)->0K(376320K) From: 1792K(2048K)->1632K(2048K)
[23.110s][info][gc,heap        ] GC(62) ParOldGen: 43605K(1398272K)->43933K(1398272K)
[23.110s][info][gc,metaspace   ] GC(62) Metaspace: 73753K(74240K)->73753K(74240K) NonClass: 58295K(58560K)->58295K(58560K) Class: 15458K(15680K)->15458K(15680K)
[23.110s][info][gc             ] GC(62) Pause Young (Allocation Failure) 419M->44M(1735M) 1.240ms
[23.110s][info][gc,cpu         ] GC(62) User=0.00s Sys=0.00s Real=0.00s
[23.222s][info][gc,start       ] GC(63) Pause Young (Allocation Failure)
[23.223s][info][gc,heap        ] GC(63) PSYoungGen: 377952K(378368K)->1408K(370176K) Eden: 376320K(376320K)->0K(368640K) From: 1632K(2048K)->1408K(1536K)
[23.223s][info][gc,heap        ] GC(63) ParOldGen: 43933K(1398272K)->44237K(1398272K)
[23.223s][info][gc,metaspace   ] GC(63) Metaspace: 73759K(74240K)->73759K(74240K) NonClass: 58300K(58560K)->58300K(58560K) Class: 15458K(15680K)->15458K(15680K)
[23.223s][info][gc             ] GC(63) Pause Young (Allocation Failure) 411M->44M(1727M) 1.239ms
[23.223s][info][gc,cpu         ] GC(63) User=0.00s Sys=0.00s Real=0.00s
[23.349s][info][gc,start       ] GC(64) Pause Young (Allocation Failure)
[23.350s][info][gc,heap        ] GC(64) PSYoungGen: 370048K(370176K)->1120K(363008K) Eden: 368640K(368640K)->0K(361472K) From: 1408K(1536K)->1120K(1536K)
[23.350s][info][gc,heap        ] GC(64) ParOldGen: 44237K(1398272K)->44541K(1398272K)
[23.350s][info][gc,metaspace   ] GC(64) Metaspace: 73760K(74240K)->73760K(74240K) NonClass: 58302K(58560K)->58302K(58560K) Class: 15458K(15680K)->15458K(15680K)
[23.350s][info][gc             ] GC(64) Pause Young (Allocation Failure) 404M->44M(1720M) 1.138ms
[23.350s][info][gc,cpu         ] GC(64) User=0.00s Sys=0.00s Real=0.00s
[23.484s][info][gc,start       ] GC(65) Pause Young (Allocation Failure)
[23.485s][info][gc,heap        ] GC(65) PSYoungGen: 362592K(363008K)->1184K(355840K) Eden: 361472K(361472K)->0K(354304K) From: 1120K(1536K)->1184K(1536K)
[23.485s][info][gc,heap        ] GC(65) ParOldGen: 44541K(1398272K)->44789K(1398272K)
[23.485s][info][gc,metaspace   ] GC(65) Metaspace: 73767K(74240K)->73767K(74240K) NonClass: 58309K(58560K)->58309K(58560K) Class: 15458K(15680K)->15458K(15680K)
[23.485s][info][gc             ] GC(65) Pause Young (Allocation Failure) 397M->44M(1713M) 1.282ms
[23.485s][info][gc,cpu         ] GC(65) User=0.00s Sys=0.00s Real=0.00s
[23.622s][info][gc,start       ] GC(66) Pause Young (Allocation Failure)
[23.623s][info][gc,heap        ] GC(66) PSYoungGen: 355488K(355840K)->1184K(349184K) Eden: 354304K(354304K)->0K(347648K) From: 1184K(1536K)->1184K(1536K)
[23.623s][info][gc,heap        ] GC(66) ParOldGen: 44789K(1398272K)->44925K(1398272K)
[23.623s][info][gc,metaspace   ] GC(66) Metaspace: 73778K(74240K)->73778K(74240K) NonClass: 58319K(58560K)->58319K(58560K) Class: 15458K(15680K)->15458K(15680K)
[23.623s][info][gc             ] GC(66) Pause Young (Allocation Failure) 390M->45M(1706M) 1.051ms
[23.623s][info][gc,cpu         ] GC(66) User=0.00s Sys=0.00s Real=0.00s
[23.781s][info][gc,start       ] GC(67) Pause Young (Allocation Failure)
[23.782s][info][gc,heap        ] GC(67) PSYoungGen: 348832K(349184K)->1088K(342528K) Eden: 347648K(347648K)->0K(340992K) From: 1184K(1536K)->1088K(1536K)
[23.782s][info][gc,heap        ] GC(67) ParOldGen: 44925K(1398272K)->45181K(1398272K)
[23.782s][info][gc,metaspace   ] GC(67) Metaspace: 73785K(74240K)->73785K(74240K) NonClass: 58327K(58560K)->58327K(58560K) Class: 15458K(15680K)->15458K(15680K)
[23.782s][info][gc             ] GC(67) Pause Young (Allocation Failure) 384M->45M(1700M) 1.261ms
[23.782s][info][gc,cpu         ] GC(67) User=0.00s Sys=0.00s Real=0.00s
[23.956s][info][gc,start       ] GC(68) Pause Young (Allocation Failure)
[23.957s][info][gc,heap        ] GC(68) PSYoungGen: 342080K(342528K)->1056K(335872K) Eden: 340992K(340992K)->0K(334336K) From: 1088K(1536K)->1056K(1536K)
[23.957s][info][gc,heap        ] GC(68) ParOldGen: 45181K(1398272K)->45509K(1398272K)
[23.957s][info][gc,metaspace   ] GC(68) Metaspace: 73787K(74240K)->73787K(74240K) NonClass: 58329K(58560K)->58329K(58560K) Class: 15458K(15680K)->15458K(15680K)
[23.957s][info][gc             ] GC(68) Pause Young (Allocation Failure) 378M->45M(1693M) 0.997ms
[23.957s][info][gc,cpu         ] GC(68) User=0.00s Sys=0.00s Real=0.00s
[24.153s][info][gc,start       ] GC(69) Pause Young (Allocation Failure)
[24.154s][info][gc,heap        ] GC(69) PSYoungGen: 335392K(335872K)->1056K(329728K) Eden: 334336K(334336K)->0K(328192K) From: 1056K(1536K)->1056K(1536K)
[24.154s][info][gc,heap        ] GC(69) ParOldGen: 45509K(1398272K)->45797K(1398272K)
[24.154s][info][gc,metaspace   ] GC(69) Metaspace: 73787K(74240K)->73787K(74240K) NonClass: 58329K(58560K)->58329K(58560K) Class: 15458K(15680K)->15458K(15680K)
[24.154s][info][gc             ] GC(69) Pause Young (Allocation Failure) 371M->45M(1687M) 1.004ms
[24.154s][info][gc,cpu         ] GC(69) User=0.00s Sys=0.00s Real=0.00s
[24.346s][info][gc,start       ] GC(70) Pause Young (Allocation Failure)
[24.347s][info][gc,heap        ] GC(70) PSYoungGen: 329248K(329728K)->1056K(323584K) Eden: 328192K(328192K)->0K(322048K) From: 1056K(1536K)->1056K(1536K)
[24.347s][info][gc,heap        ] GC(70) ParOldGen: 45797K(1398272K)->45805K(1398272K)
[24.347s][info][gc,metaspace   ] GC(70) Metaspace: 73787K(74240K)->73787K(74240K) NonClass: 58329K(58560K)->58329K(58560K) Class: 15458K(15680K)->15458K(15680K)
[24.347s][info][gc             ] GC(70) Pause Young (Allocation Failure) 366M->45M(1681M) 0.991ms
[24.347s][info][gc,cpu         ] GC(70) User=0.00s Sys=0.00s Real=0.00s
[24.535s][info][gc,start       ] GC(71) Pause Young (Allocation Failure)
[24.535s][info][gc,heap        ] GC(71) PSYoungGen: 323104K(323584K)->1056K(317952K) Eden: 322048K(322048K)->0K(316416K) From: 1056K(1536K)->1056K(1536K)
[24.535s][info][gc,heap        ] GC(71) ParOldGen: 45805K(1398272K)->45845K(1398272K)
[24.535s][info][gc,metaspace   ] GC(71) Metaspace: 73787K(74240K)->73787K(74240K) NonClass: 58329K(58560K)->58329K(58560K) Class: 15458K(15680K)->15458K(15680K)
[24.535s][info][gc             ] GC(71) Pause Young (Allocation Failure) 360M->45M(1676M) 0.896ms
[24.535s][info][gc,cpu         ] GC(71) User=0.00s Sys=0.00s Real=0.00s
[24.720s][info][gc,start       ] GC(72) Pause Young (Allocation Failure)
[24.721s][info][gc,heap        ] GC(72) PSYoungGen: 317472K(317952K)->1056K(312320K) Eden: 316416K(316416K)->0K(310784K) From: 1056K(1536K)->1056K(1536K)
[24.721s][info][gc,heap        ] GC(72) ParOldGen: 45845K(1398272K)->45861K(1398272K)
[24.721s][info][gc,metaspace   ] GC(72) Metaspace: 73787K(74240K)->73787K(74240K) NonClass: 58329K(58560K)->58329K(58560K) Class: 15458K(15680K)->15458K(15680K)
[24.721s][info][gc             ] GC(72) Pause Young (Allocation Failure) 354M->45M(1670M) 0.822ms
[24.721s][info][gc,cpu         ] GC(72) User=0.00s Sys=0.00s Real=0.00s
[24.902s][info][gc,start       ] GC(73) Pause Young (Allocation Failure)
[24.903s][info][gc,heap        ] GC(73) PSYoungGen: 311840K(312320K)->1056K(306688K) Eden: 310784K(310784K)->0K(305152K) From: 1056K(1536K)->1056K(1536K)
[24.903s][info][gc,heap        ] GC(73) ParOldGen: 45861K(1398272K)->46013K(1398272K)
[24.903s][info][gc,metaspace   ] GC(73) Metaspace: 73787K(74240K)->73787K(74240K) NonClass: 58329K(58560K)->58329K(58560K) Class: 15458K(15680K)->15458K(15680K)
[24.903s][info][gc             ] GC(73) Pause Young (Allocation Failure) 349M->45M(1665M) 1.065ms
[24.903s][info][gc,cpu         ] GC(73) User=0.00s Sys=0.00s Real=0.00s
[25.091s][info][gc,start       ] GC(74) Pause Young (Allocation Failure)
[25.092s][info][gc,heap        ] GC(74) PSYoungGen: 306208K(306688K)->1056K(301568K) Eden: 305152K(305152K)->0K(300032K) From: 1056K(1536K)->1056K(1536K)
[25.092s][info][gc,heap        ] GC(74) ParOldGen: 46013K(1398272K)->46045K(1398272K)
[25.092s][info][gc,metaspace   ] GC(74) Metaspace: 73808K(74240K)->73808K(74240K) NonClass: 58350K(58560K)->58350K(58560K) Class: 15458K(15680K)->15458K(15680K)
[25.092s][info][gc             ] GC(74) Pause Young (Allocation Failure) 343M->45M(1660M) 1.138ms
[25.093s][info][gc,cpu         ] GC(74) User=0.00s Sys=0.00s Real=0.00s
[25.097s][info][gc,start       ] GC(75) Pause Young (System.gc())
[25.098s][info][gc,heap        ] GC(75) PSYoungGen: 9726K(301568K)->1120K(301568K) Eden: 8670K(300032K)->0K(300032K) From: 1056K(1536K)->1120K(1536K)
[25.098s][info][gc,heap        ] GC(75) ParOldGen: 46045K(1398272K)->46589K(1398272K)
[25.098s][info][gc,metaspace   ] GC(75) Metaspace: 73825K(74304K)->73825K(74304K) NonClass: 58366K(58624K)->58366K(58624K) Class: 15458K(15680K)->15458K(15680K)
[25.098s][info][gc             ] GC(75) Pause Young (System.gc()) 54M->46M(1660M) 1.644ms
[25.098s][info][gc,cpu         ] GC(75) User=0.00s Sys=0.00s Real=0.00s
[25.098s][info][gc,start       ] GC(76) Pause Full (System.gc())
[25.098s][info][gc,phases,start] GC(76) Marking Phase
[25.150s][info][gc,phases      ] GC(76) Marking Phase 51.276ms
[25.150s][info][gc,phases,start] GC(76) Summary Phase
[25.150s][info][gc,phases      ] GC(76) Summary Phase 0.014ms
[25.150s][info][gc,phases,start] GC(76) Adjust Roots
[25.170s][info][gc,phases      ] GC(76) Adjust Roots 20.006ms
[25.170s][info][gc,phases,start] GC(76) Compaction Phase
[25.181s][info][gc,phases      ] GC(76) Compaction Phase 10.865ms
[25.181s][info][gc,phases,start] GC(76) Post Compact
[25.182s][info][gc,phases      ] GC(76) Post Compact 1.502ms
[25.182s][info][gc,heap        ] GC(76) PSYoungGen: 1120K(301568K)->0K(301568K) Eden: 0K(300032K)->0K(300032K) From: 1120K(1536K)->0K(1536K)
[25.182s][info][gc,heap        ] GC(76) ParOldGen: 46589K(1398272K)->35854K(1398272K)
[25.182s][info][gc,metaspace   ] GC(76) Metaspace: 73825K(74304K)->73812K(74304K) NonClass: 58366K(58624K)->58357K(58624K) Class: 15458K(15680K)->15454K(15680K)
[25.183s][info][gc             ] GC(76) Pause Full (System.gc()) 46M->35M(1660M) 84.146ms
[25.183s][info][gc,cpu         ] GC(76) User=0.67s Sys=0.00s Real=0.08s
[25.311s][info][gc,start       ] GC(77) Pause Young (Allocation Failure)
[25.313s][info][gc,heap        ] GC(77) PSYoungGen: 300032K(301568K)->2560K(297472K) Eden: 300032K(300032K)->0K(294912K) From: 0K(1536K)->2560K(2560K)
[25.313s][info][gc,heap        ] GC(77) ParOldGen: 35854K(1398272K)->36926K(1398272K)
[25.313s][info][gc,metaspace   ] GC(77) Metaspace: 73954K(74432K)->73954K(74432K) NonClass: 58499K(58752K)->58499K(58752K) Class: 15455K(15680K)->15455K(15680K)
[25.313s][info][gc             ] GC(77) Pause Young (Allocation Failure) 328M->38M(1656M) 2.048ms
[25.313s][info][gc,cpu         ] GC(77) User=0.00s Sys=0.00s Real=0.00s
[25.389s][info][gc,start       ] GC(78) Pause Young (Allocation Failure)
[25.391s][info][gc,heap        ] GC(78) PSYoungGen: 297472K(297472K)->1536K(291328K) Eden: 294912K(294912K)->0K(289792K) From: 2560K(2560K)->1536K(1536K)
[25.391s][info][gc,heap        ] GC(78) ParOldGen: 36926K(1398272K)->38790K(1398272K)
[25.391s][info][gc,metaspace   ] GC(78) Metaspace: 73954K(74432K)->73954K(74432K) NonClass: 58499K(58752K)->58499K(58752K) Class: 15455K(15680K)->15455K(15680K)
[25.391s][info][gc             ] GC(78) Pause Young (Allocation Failure) 326M->39M(1650M) 1.579ms
[25.391s][info][gc,cpu         ] GC(78) User=0.00s Sys=0.00s Real=0.00s
[25.462s][info][gc,start       ] GC(79) Pause Young (Allocation Failure)
[25.464s][info][gc,heap        ] GC(79) PSYoungGen: 291328K(291328K)->1856K(286720K) Eden: 289792K(289792K)->0K(284672K) From: 1536K(1536K)->1856K(2048K)
[25.464s][info][gc,heap        ] GC(79) ParOldGen: 38790K(1398272K)->39046K(1398272K)
[25.464s][info][gc,metaspace   ] GC(79) Metaspace: 73954K(74432K)->73954K(74432K) NonClass: 58499K(58752K)->58499K(58752K) Class: 15455K(15680K)->15455K(15680K)
[25.464s][info][gc             ] GC(79) Pause Young (Allocation Failure) 322M->39M(1645M) 1.321ms
[25.464s][info][gc,cpu         ] GC(79) User=0.00s Sys=0.00s Real=0.00s
[25.533s][info][gc,start       ] GC(80) Pause Young (Allocation Failure)
[25.534s][info][gc,heap        ] GC(80) PSYoungGen: 286528K(286720K)->1888K(344064K) Eden: 284672K(284672K)->0K(342016K) From: 1856K(2048K)->1888K(2048K)
[25.534s][info][gc,heap        ] GC(80) ParOldGen: 39046K(1398272K)->39206K(1398272K)
[25.534s][info][gc,metaspace   ] GC(80) Metaspace: 73954K(74432K)->73954K(74432K) NonClass: 58499K(58752K)->58499K(58752K) Class: 15455K(15680K)->15455K(15680K)
[25.534s][info][gc             ] GC(80) Pause Young (Allocation Failure) 317M->40M(1701M) 1.374ms
[25.534s][info][gc,cpu         ] GC(80) User=0.00s Sys=0.00s Real=0.00s
[25.618s][info][gc,start       ] GC(81) Pause Young (Allocation Failure)
[25.620s][info][gc,heap        ] GC(81) PSYoungGen: 343904K(344064K)->1952K(412672K) Eden: 342016K(342016K)->0K(410624K) From: 1888K(2048K)->1952K(2048K)
[25.620s][info][gc,heap        ] GC(81) ParOldGen: 39206K(1398272K)->39310K(1398272K)
[25.620s][info][gc,metaspace   ] GC(81) Metaspace: 73954K(74432K)->73954K(74432K) NonClass: 58499K(58752K)->58499K(58752K) Class: 15455K(15680K)->15455K(15680K)
[25.620s][info][gc             ] GC(81) Pause Young (Allocation Failure) 374M->40M(1768M) 1.476ms
[25.620s][info][gc,cpu         ] GC(81) User=0.00s Sys=0.00s Real=0.00s
[25.724s][info][gc,start       ] GC(82) Pause Young (Allocation Failure)
[25.726s][info][gc,heap        ] GC(82) PSYoungGen: 412576K(412672K)->1856K(495104K) Eden: 410624K(410624K)->0K(493056K) From: 1952K(2048K)->1856K(2048K)
[25.726s][info][gc,heap        ] GC(82) ParOldGen: 39310K(1398272K)->39398K(1398272K)
[25.726s][info][gc,metaspace   ] GC(82) Metaspace: 73954K(74432K)->73954K(74432K) NonClass: 58499K(58752K)->58499K(58752K) Class: 15455K(15680K)->15455K(15680K)
[25.726s][info][gc             ] GC(82) Pause Young (Allocation Failure) 441M->40M(1849M) 1.568ms
[25.726s][info][gc,cpu         ] GC(82) User=0.00s Sys=0.00s Real=0.00s
[25.846s][info][gc,start       ] GC(83) Pause Young (Allocation Failure)
[25.848s][info][gc,heap        ] GC(83) PSYoungGen: 494912K(495104K)->1824K(483328K) Eden: 493056K(493056K)->0K(481280K) From: 1856K(2048K)->1824K(2048K)
[25.848s][info][gc,heap        ] GC(83) ParOldGen: 39398K(1398272K)->39654K(1398272K)
[25.848s][info][gc,metaspace   ] GC(83) Metaspace: 73960K(74432K)->73960K(74432K) NonClass: 58504K(58752K)->58504K(58752K) Class: 15455K(15680K)->15455K(15680K)
[25.848s][info][gc             ] GC(83) Pause Young (Allocation Failure) 521M->40M(1837M) 1.310ms
[25.848s][info][gc,cpu         ] GC(83) User=0.00s Sys=0.00s Real=0.00s
[25.966s][info][gc,start       ] GC(84) Pause Young (Allocation Failure)
[25.968s][info][gc,heap        ] GC(84) PSYoungGen: 483104K(483328K)->1792K(472064K) Eden: 481280K(481280K)->0K(470016K) From: 1824K(2048K)->1792K(2048K)
[25.968s][info][gc,heap        ] GC(84) ParOldGen: 39654K(1398272K)->39790K(1398272K)
[25.968s][info][gc,metaspace   ] GC(84) Metaspace: 73960K(74432K)->73960K(74432K) NonClass: 58504K(58752K)->58504K(58752K) Class: 15455K(15680K)->15455K(15680K)
[25.968s][info][gc             ] GC(84) Pause Young (Allocation Failure) 510M->40M(1826M) 1.517ms
[25.968s][info][gc,cpu         ] GC(84) User=0.00s Sys=0.00s Real=0.00s
[26.091s][info][gc,start       ] GC(85) Pause Young (Allocation Failure)
[26.092s][info][gc,heap        ] GC(85) PSYoungGen: 471808K(472064K)->1824K(461312K) Eden: 470016K(470016K)->0K(459264K) From: 1792K(2048K)->1824K(2048K)
[26.092s][info][gc,heap        ] GC(85) ParOldGen: 39790K(1398272K)->39942K(1398272K)
[26.092s][info][gc,metaspace   ] GC(85) Metaspace: 73960K(74432K)->73960K(74432K) NonClass: 58504K(58752K)->58504K(58752K) Class: 15455K(15680K)->15455K(15680K)
[26.092s][info][gc             ] GC(85) Pause Young (Allocation Failure) 499M->40M(1816M) 1.328ms
[26.092s][info][gc,cpu         ] GC(85) User=0.00s Sys=0.00s Real=0.00s
[26.205s][info][gc,start       ] GC(86) Pause Young (Allocation Failure)
[26.206s][info][gc,heap        ] GC(86) PSYoungGen: 461088K(461312K)->1856K(451072K) Eden: 459264K(459264K)->0K(449024K) From: 1824K(2048K)->1856K(2048K)
[26.206s][info][gc,heap        ] GC(86) ParOldGen: 39942K(1398272K)->40070K(1398272K)
[26.206s][info][gc,metaspace   ] GC(86) Metaspace: 73960K(74432K)->73960K(74432K) NonClass: 58505K(58752K)->58505K(58752K) Class: 15455K(15680K)->15455K(15680K)
[26.206s][info][gc             ] GC(86) Pause Young (Allocation Failure) 489M->40M(1806M) 1.209ms
[26.206s][info][gc,cpu         ] GC(86) User=0.00s Sys=0.00s Real=0.00s
[26.315s][info][gc,start       ] GC(87) Pause Young (Allocation Failure)
[26.317s][info][gc,heap        ] GC(87) PSYoungGen: 450880K(451072K)->1792K(440832K) Eden: 449024K(449024K)->0K(438784K) From: 1856K(2048K)->1792K(2048K)
[26.317s][info][gc,heap        ] GC(87) ParOldGen: 40070K(1398272K)->40134K(1398272K)
[26.317s][info][gc,metaspace   ] GC(87) Metaspace: 73960K(74432K)->73960K(74432K) NonClass: 58505K(58752K)->58505K(58752K) Class: 15455K(15680K)->15455K(15680K)
[26.317s][info][gc             ] GC(87) Pause Young (Allocation Failure) 479M->40M(1796M) 1.311ms
[26.317s][info][gc,cpu         ] GC(87) User=0.00s Sys=0.00s Real=0.00s
[26.424s][info][gc,start       ] GC(88) Pause Young (Allocation Failure)
[26.425s][info][gc,heap        ] GC(88) PSYoungGen: 440576K(440832K)->1856K(431104K) Eden: 438784K(438784K)->0K(429056K) From: 1792K(2048K)->1856K(2048K)
[26.425s][info][gc,heap        ] GC(88) ParOldGen: 40134K(1398272K)->40270K(1398272K)
[26.425s][info][gc,metaspace   ] GC(88) Metaspace: 73963K(74432K)->73963K(74432K) NonClass: 58507K(58752K)->58507K(58752K) Class: 15455K(15680K)->15455K(15680K)
[26.425s][info][gc             ] GC(88) Pause Young (Allocation Failure) 469M->41M(1786M) 1.186ms
[26.425s][info][gc,cpu         ] GC(88) User=0.00s Sys=0.00s Real=0.00s
[26.531s][info][gc,start       ] GC(89) Pause Young (Allocation Failure)
[26.532s][info][gc,heap        ] GC(89) PSYoungGen: 430912K(431104K)->1824K(421888K) Eden: 429056K(429056K)->0K(419840K) From: 1856K(2048K)->1824K(2048K)
[26.532s][info][gc,heap        ] GC(89) ParOldGen: 40270K(1398272K)->40382K(1398272K)
[26.532s][info][gc,metaspace   ] GC(89) Metaspace: 73971K(74432K)->73971K(74432K) NonClass: 58515K(58752K)->58515K(58752K) Class: 15455K(15680K)->15455K(15680K)
[26.532s][info][gc             ] GC(89) Pause Young (Allocation Failure) 460M->41M(1777M) 1.327ms
[26.532s][info][gc,cpu         ] GC(89) User=0.00s Sys=0.00s Real=0.00s
[26.635s][info][gc,start       ] GC(90) Pause Young (Allocation Failure)
[26.636s][info][gc,heap        ] GC(90) PSYoungGen: 421664K(421888K)->1920K(412672K) Eden: 419840K(419840K)->0K(410624K) From: 1824K(2048K)->1920K(2048K)
[26.636s][info][gc,heap        ] GC(90) ParOldGen: 40382K(1398272K)->40518K(1398272K)
[26.636s][info][gc,metaspace   ] GC(90) Metaspace: 73971K(74432K)->73971K(74432K) NonClass: 58516K(58752K)->58516K(58752K) Class: 15455K(15680K)->15455K(15680K)
[26.636s][info][gc             ] GC(90) Pause Young (Allocation Failure) 451M->41M(1768M) 1.316ms
[26.636s][info][gc,cpu         ] GC(90) User=0.00s Sys=0.00s Real=0.00s
[26.736s][info][gc,start       ] GC(91) Pause Young (Allocation Failure)
[26.738s][info][gc,heap        ] GC(91) PSYoungGen: 412544K(412672K)->1888K(403968K) Eden: 410624K(410624K)->0K(401920K) From: 1920K(2048K)->1888K(2048K)
[26.738s][info][gc,heap        ] GC(91) ParOldGen: 40518K(1398272K)->40622K(1398272K)
[26.738s][info][gc,metaspace   ] GC(91) Metaspace: 73971K(74432K)->73971K(74432K) NonClass: 58516K(58752K)->58516K(58752K) Class: 15455K(15680K)->15455K(15680K)
[26.738s][info][gc             ] GC(91) Pause Young (Allocation Failure) 442M->41M(1760M) 1.401ms
[26.738s][info][gc,cpu         ] GC(91) User=0.00s Sys=0.00s Real=0.00s
[26.836s][info][gc,start       ] GC(92) Pause Young (Allocation Failure)
[26.837s][info][gc,heap        ] GC(92) PSYoungGen: 403808K(403968K)->1536K(394752K) Eden: 401920K(401920K)->0K(393216K) From: 1888K(2048K)->1536K(1536K)
[26.837s][info][gc,heap        ] GC(92) ParOldGen: 40622K(1398272K)->40974K(1398272K)
[26.837s][info][gc,metaspace   ] GC(92) Metaspace: 73971K(74432K)->73971K(74432K) NonClass: 58516K(58752K)->58516K(58752K) Class: 15455K(15680K)->15455K(15680K)
[26.837s][info][gc             ] GC(92) Pause Young (Allocation Failure) 434M->41M(1751M) 1.107ms
[26.837s][info][gc,cpu         ] GC(92) User=0.00s Sys=0.00s Real=0.00s
[26.933s][info][gc,start       ] GC(93) Pause Young (Allocation Failure)
[26.935s][info][gc,heap        ] GC(93) PSYoungGen: 394752K(394752K)->1888K(387072K) Eden: 393216K(393216K)->0K(385024K) From: 1536K(1536K)->1888K(2048K)
[26.935s][info][gc,heap        ] GC(93) ParOldGen: 40974K(1398272K)->41086K(1398272K)
[26.935s][info][gc,metaspace   ] GC(93) Metaspace: 73971K(74432K)->73971K(74432K) NonClass: 58516K(58752K)->58516K(58752K) Class: 15455K(15680K)->15455K(15680K)
[26.935s][info][gc             ] GC(93) Pause Young (Allocation Failure) 425M->41M(1743M) 1.296ms
[26.935s][info][gc,cpu         ] GC(93) User=0.00s Sys=0.00s Real=0.00s
[27.029s][info][gc,start       ] GC(94) Pause Young (Allocation Failure)
[27.030s][info][gc,heap        ] GC(94) PSYoungGen: 386912K(387072K)->1888K(379392K) Eden: 385024K(385024K)->0K(377344K) From: 1888K(2048K)->1888K(2048K)
[27.030s][info][gc,heap        ] GC(94) ParOldGen: 41086K(1398272K)->41246K(1398272K)
[27.030s][info][gc,metaspace   ] GC(94) Metaspace: 73971K(74432K)->73971K(74432K) NonClass: 58516K(58752K)->58516K(58752K) Class: 15455K(15680K)->15455K(15680K)
[27.030s][info][gc             ] GC(94) Pause Young (Allocation Failure) 417M->42M(1736M) 1.088ms
[27.030s][info][gc,cpu         ] GC(94) User=0.00s Sys=0.00s Real=0.00s
[27.122s][info][gc,start       ] GC(95) Pause Young (Allocation Failure)
[27.123s][info][gc,heap        ] GC(95) PSYoungGen: 379232K(379392K)->1888K(371712K) Eden: 377344K(377344K)->0K(369664K) From: 1888K(2048K)->1888K(2048K)
[27.124s][info][gc,heap        ] GC(95) ParOldGen: 41246K(1398272K)->41334K(1398272K)
[27.124s][info][gc,metaspace   ] GC(95) Metaspace: 73971K(74432K)->73971K(74432K) NonClass: 58516K(58752K)->58516K(58752K) Class: 15455K(15680K)->15455K(15680K)
[27.124s][info][gc             ] GC(95) Pause Young (Allocation Failure) 410M->42M(1728M) 1.351ms
[27.124s][info][gc,cpu         ] GC(95) User=0.00s Sys=0.00s Real=0.00s
[27.217s][info][gc,start       ] GC(96) Pause Young (Allocation Failure)
[27.218s][info][gc,heap        ] GC(96) PSYoungGen: 371552K(371712K)->1536K(364032K) Eden: 369664K(369664K)->0K(362496K) From: 1888K(2048K)->1536K(1536K)
[27.218s][info][gc,heap        ] GC(96) ParOldGen: 41334K(1398272K)->41534K(1398272K)
[27.218s][info][gc,metaspace   ] GC(96) Metaspace: 73971K(74432K)->73971K(74432K) NonClass: 58516K(58752K)->58516K(58752K) Class: 15455K(15680K)->15455K(15680K)
[27.218s][info][gc             ] GC(96) Pause Young (Allocation Failure) 403M->42M(1721M) 1.105ms
[27.218s][info][gc,cpu         ] GC(96) User=0.00s Sys=0.00s Real=0.00s
[27.307s][info][gc,start       ] GC(97) Pause Young (Allocation Failure)
[27.308s][info][gc,heap        ] GC(97) PSYoungGen: 364032K(364032K)->1824K(357376K) Eden: 362496K(362496K)->0K(355328K) From: 1536K(1536K)->1824K(2048K)
[27.308s][info][gc,heap        ] GC(97) ParOldGen: 41534K(1398272K)->41686K(1398272K)
[27.308s][info][gc,metaspace   ] GC(97) Metaspace: 73971K(74432K)->73971K(74432K) NonClass: 58516K(58752K)->58516K(58752K) Class: 15455K(15680K)->15455K(15680K)
[27.308s][info][gc             ] GC(97) Pause Young (Allocation Failure) 396M->42M(1714M) 1.289ms
[27.308s][info][gc,cpu         ] GC(97) User=0.00s Sys=0.00s Real=0.00s
[27.394s][info][gc,start       ] GC(98) Pause Young (Allocation Failure)
[27.395s][info][gc,heap        ] GC(98) PSYoungGen: 357152K(357376K)->1824K(350208K) Eden: 355328K(355328K)->0K(348160K) From: 1824K(2048K)->1824K(2048K)
[27.395s][info][gc,heap        ] GC(98) ParOldGen: 41686K(1398272K)->41806K(1398272K)
[27.395s][info][gc,metaspace   ] GC(98) Metaspace: 73971K(74432K)->73971K(74432K) NonClass: 58516K(58752K)->58516K(58752K) Class: 15455K(15680K)->15455K(15680K)
[27.396s][info][gc             ] GC(98) Pause Young (Allocation Failure) 389M->42M(1707M) 1.097ms
[27.396s][info][gc,cpu         ] GC(98) User=0.00s Sys=0.00s Real=0.00s
[27.481s][info][gc,start       ] GC(99) Pause Young (Allocation Failure)
[27.482s][info][gc,heap        ] GC(99) PSYoungGen: 349984K(350208K)->1824K(419840K) Eden: 348160K(348160K)->0K(417792K) From: 1824K(2048K)->1824K(2048K)
[27.482s][info][gc,heap        ] GC(99) ParOldGen: 41806K(1398272K)->41918K(1398272K)
[27.482s][info][gc,metaspace   ] GC(99) Metaspace: 73971K(74432K)->73971K(74432K) NonClass: 58516K(58752K)->58516K(58752K) Class: 15455K(15680K)->15455K(15680K)
[27.482s][info][gc             ] GC(99) Pause Young (Allocation Failure) 382M->42M(1775M) 1.434ms
[27.482s][info][gc,cpu         ] GC(99) User=0.00s Sys=0.00s Real=0.00s
[27.587s][info][gc,start       ] GC(100) Pause Young (Allocation Failure)
[27.588s][info][gc,heap        ] GC(100) PSYoungGen: 419616K(419840K)->1536K(410112K) Eden: 417792K(417792K)->0K(408576K) From: 1824K(2048K)->1536K(1536K)
[27.588s][info][gc,heap        ] GC(100) ParOldGen: 41918K(1398272K)->42118K(1398272K)
[27.588s][info][gc,metaspace   ] GC(100) Metaspace: 73971K(74432K)->73971K(74432K) NonClass: 58516K(58752K)->58516K(58752K) Class: 15455K(15680K)->15455K(15680K)
[27.588s][info][gc             ] GC(100) Pause Young (Allocation Failure) 450M->42M(1766M) 1.195ms
[27.589s][info][gc,cpu         ] GC(100) User=0.00s Sys=0.00s Real=0.00s
[27.690s][info][gc,start       ] GC(101) Pause Young (Allocation Failure)
[27.691s][info][gc,heap        ] GC(101) PSYoungGen: 410111K(410112K)->1888K(401920K) Eden: 408575K(408576K)->0K(399872K) From: 1536K(1536K)->1888K(2048K)
[27.691s][info][gc,heap        ] GC(101) ParOldGen: 42118K(1398272K)->42230K(1398272K)
[27.691s][info][gc,metaspace   ] GC(101) Metaspace: 73971K(74432K)->73971K(74432K) NonClass: 58516K(58752K)->58516K(58752K) Class: 15455K(15680K)->15455K(15680K)
[27.691s][info][gc             ] GC(101) Pause Young (Allocation Failure) 441M->43M(1758M) 1.273ms
[27.691s][info][gc,cpu         ] GC(101) User=0.00s Sys=0.00s Real=0.00s
[27.789s][info][gc,start       ] GC(102) Pause Young (Allocation Failure)
[27.790s][info][gc,heap        ] GC(102) PSYoungGen: 401760K(401920K)->1856K(393728K) Eden: 399872K(399872K)->0K(391680K) From: 1888K(2048K)->1856K(2048K)
[27.790s][info][gc,heap        ] GC(102) ParOldGen: 42230K(1398272K)->42398K(1398272K)
[27.790s][info][gc,metaspace   ] GC(102) Metaspace: 73971K(74432K)->73971K(74432K) NonClass: 58516K(58752K)->58516K(58752K) Class: 15455K(15680K)->15455K(15680K)
[27.790s][info][gc             ] GC(102) Pause Young (Allocation Failure) 433M->43M(1750M) 1.138ms
[27.790s][info][gc,cpu         ] GC(102) User=0.02s Sys=0.00s Real=0.00s
[27.885s][info][gc,start       ] GC(103) Pause Young (Allocation Failure)
[27.887s][info][gc,heap        ] GC(103) PSYoungGen: 393536K(393728K)->1856K(385536K) Eden: 391680K(391680K)->0K(383488K) From: 1856K(2048K)->1856K(2048K)
[27.887s][info][gc,heap        ] GC(103) ParOldGen: 42398K(1398272K)->42654K(1398272K)
[27.887s][info][gc,metaspace   ] GC(103) Metaspace: 73971K(74432K)->73971K(74432K) NonClass: 58516K(58752K)->58516K(58752K) Class: 15455K(15680K)->15455K(15680K)
[27.887s][info][gc             ] GC(103) Pause Young (Allocation Failure) 425M->43M(1742M) 1.378ms
[27.887s][info][gc,cpu         ] GC(103) User=0.00s Sys=0.00s Real=0.00s
[27.980s][info][gc,start       ] GC(104) Pause Young (Allocation Failure)
[27.981s][info][gc,heap        ] GC(104) PSYoungGen: 385344K(385536K)->1536K(377344K) Eden: 383488K(383488K)->0K(375808K) From: 1856K(2048K)->1536K(1536K)
[27.981s][info][gc,heap        ] GC(104) ParOldGen: 42654K(1398272K)->42878K(1398272K)
[27.981s][info][gc,metaspace   ] GC(104) Metaspace: 73971K(74432K)->73971K(74432K) NonClass: 58516K(58752K)->58516K(58752K) Class: 15455K(15680K)->15455K(15680K)
[27.981s][info][gc             ] GC(104) Pause Young (Allocation Failure) 417M->43M(1734M) 1.179ms
[27.981s][info][gc,cpu         ] GC(104) User=0.00s Sys=0.00s Real=0.00s
[28.074s][info][gc,start       ] GC(105) Pause Young (Allocation Failure)
[28.075s][info][gc,heap        ] GC(105) PSYoungGen: 377344K(377344K)->1920K(370176K) Eden: 375808K(375808K)->0K(368128K) From: 1536K(1536K)->1920K(2048K)
[28.075s][info][gc,heap        ] GC(105) ParOldGen: 42878K(1398272K)->43150K(1398272K)
[28.075s][info][gc,metaspace   ] GC(105) Metaspace: 73978K(74432K)->73978K(74432K) NonClass: 58522K(58752K)->58522K(58752K) Class: 15455K(15680K)->15455K(15680K)
[28.075s][info][gc             ] GC(105) Pause Young (Allocation Failure) 410M->44M(1727M) 1.280ms
[28.075s][info][gc,cpu         ] GC(105) User=0.00s Sys=0.00s Real=0.00s
[28.165s][info][gc,start       ] GC(106) Pause Young (Allocation Failure)
[28.166s][info][gc,heap        ] GC(106) PSYoungGen: 370048K(370176K)->1824K(363008K) Eden: 368128K(368128K)->0K(360960K) From: 1920K(2048K)->1824K(2048K)
[28.166s][info][gc,heap        ] GC(106) ParOldGen: 43150K(1398272K)->43326K(1398272K)
[28.166s][info][gc,metaspace   ] GC(106) Metaspace: 73978K(74432K)->73978K(74432K) NonClass: 58522K(58752K)->58522K(58752K) Class: 15455K(15680K)->15455K(15680K)
[28.166s][info][gc             ] GC(106) Pause Young (Allocation Failure) 403M->44M(1720M) 1.161ms
[28.166s][info][gc,cpu         ] GC(106) User=0.00s Sys=0.00s Real=0.00s
[28.255s][info][gc,start       ] GC(107) Pause Young (Allocation Failure)
[28.256s][info][gc,heap        ] GC(107) PSYoungGen: 362784K(363008K)->1856K(435200K) Eden: 360960K(360960K)->0K(433152K) From: 1824K(2048K)->1856K(2048K)
[28.256s][info][gc,heap        ] GC(107) ParOldGen: 43326K(1398272K)->43438K(1398272K)
[28.256s][info][gc,metaspace   ] GC(107) Metaspace: 73978K(74432K)->73978K(74432K) NonClass: 58522K(58752K)->58522K(58752K) Class: 15455K(15680K)->15455K(15680K)
[28.256s][info][gc             ] GC(107) Pause Young (Allocation Failure) 396M->44M(1790M) 1.381ms
[28.256s][info][gc,cpu         ] GC(107) User=0.00s Sys=0.00s Real=0.00s
[28.362s][info][gc,start       ] GC(108) Pause Young (Allocation Failure)
[28.363s][info][gc,heap        ] GC(108) PSYoungGen: 435008K(435200K)->1536K(424960K) Eden: 433152K(433152K)->0K(423424K) From: 1856K(2048K)->1536K(1536K)
[28.363s][info][gc,heap        ] GC(108) ParOldGen: 43438K(1398272K)->43598K(1398272K)
[28.363s][info][gc,metaspace   ] GC(108) Metaspace: 73980K(74432K)->73980K(74432K) NonClass: 58525K(58752K)->58525K(58752K) Class: 15455K(15680K)->15455K(15680K)
[28.363s][info][gc             ] GC(108) Pause Young (Allocation Failure) 467M->44M(1780M) 1.084ms
[28.363s][info][gc,cpu         ] GC(108) User=0.00s Sys=0.00s Real=0.00s
[28.466s][info][gc,start       ] GC(109) Pause Young (Allocation Failure)
[28.467s][info][gc,heap        ] GC(109) PSYoungGen: 424960K(424960K)->1856K(416256K) Eden: 423424K(423424K)->0K(414208K) From: 1536K(1536K)->1856K(2048K)
[28.467s][info][gc,heap        ] GC(109) ParOldGen: 43598K(1398272K)->43734K(1398272K)
[28.467s][info][gc,metaspace   ] GC(109) Metaspace: 73980K(74432K)->73980K(74432K) NonClass: 58525K(58752K)->58525K(58752K) Class: 15455K(15680K)->15455K(15680K)
[28.467s][info][gc             ] GC(109) Pause Young (Allocation Failure) 457M->44M(1772M) 1.261ms
[28.467s][info][gc,cpu         ] GC(109) User=0.00s Sys=0.00s Real=0.00s
[28.568s][info][gc,start       ] GC(110) Pause Young (Allocation Failure)
[28.569s][info][gc,heap        ] GC(110) PSYoungGen: 416064K(416256K)->1824K(407552K) Eden: 414208K(414208K)->0K(405504K) From: 1856K(2048K)->1824K(2048K)
[28.569s][info][gc,heap        ] GC(110) ParOldGen: 43734K(1398272K)->43870K(1398272K)
[28.569s][info][gc,metaspace   ] GC(110) Metaspace: 73980K(74432K)->73980K(74432K) NonClass: 58525K(58752K)->58525K(58752K) Class: 15455K(15680K)->15455K(15680K)
[28.569s][info][gc             ] GC(110) Pause Young (Allocation Failure) 449M->44M(1763M) 1.204ms
[28.570s][info][gc,cpu         ] GC(110) User=0.52s Sys=0.00s Real=0.00s
[28.669s][info][gc,start       ] GC(111) Pause Young (Allocation Failure)
[28.670s][info][gc,heap        ] GC(111) PSYoungGen: 407328K(407552K)->1824K(398848K) Eden: 405504K(405504K)->0K(396800K) From: 1824K(2048K)->1824K(2048K)
[28.670s][info][gc,heap        ] GC(111) ParOldGen: 43870K(1398272K)->43974K(1398272K)
[28.670s][info][gc,metaspace   ] GC(111) Metaspace: 73980K(74432K)->73980K(74432K) NonClass: 58525K(58752K)->58525K(58752K) Class: 15455K(15680K)->15455K(15680K)
[28.670s][info][gc             ] GC(111) Pause Young (Allocation Failure) 440M->44M(1755M) 1.342ms
[28.670s][info][gc,cpu         ] GC(111) User=0.00s Sys=0.00s Real=0.00s
[28.767s][info][gc,start       ] GC(112) Pause Young (Allocation Failure)
[28.768s][info][gc,heap        ] GC(112) PSYoungGen: 398624K(398848K)->512K(389120K) Eden: 396800K(396800K)->0K(388608K) From: 1824K(2048K)->512K(512K)
[28.768s][info][gc,heap        ] GC(112) ParOldGen: 43974K(1398272K)->44982K(1398272K)
[28.768s][info][gc,metaspace   ] GC(112) Metaspace: 73981K(74432K)->73981K(74432K) NonClass: 58526K(58752K)->58526K(58752K) Class: 15455K(15680K)->15455K(15680K)
[28.768s][info][gc             ] GC(112) Pause Young (Allocation Failure) 432M->44M(1745M) 1.241ms
[28.768s][info][gc,cpu         ] GC(112) User=0.00s Sys=0.00s Real=0.00s
[28.864s][info][gc,start       ] GC(113) Pause Young (Allocation Failure)
[28.865s][info][gc,heap        ] GC(113) PSYoungGen: 389120K(389120K)->1888K(382464K) Eden: 388608K(388608K)->0K(380416K) From: 512K(512K)->1888K(2048K)
[28.865s][info][gc,heap        ] GC(113) ParOldGen: 44982K(1398272K)->45222K(1398272K)
[28.865s][info][gc,metaspace   ] GC(113) Metaspace: 73981K(74432K)->73981K(74432K) NonClass: 58526K(58752K)->58526K(58752K) Class: 15455K(15680K)->15455K(15680K)
[28.865s][info][gc             ] GC(113) Pause Young (Allocation Failure) 423M->46M(1739M) 1.206ms
[28.865s][info][gc,cpu         ] GC(113) User=0.00s Sys=0.00s Real=0.00s
[28.958s][info][gc,start       ] GC(114) Pause Young (Allocation Failure)
[28.959s][info][gc,heap        ] GC(114) PSYoungGen: 382304K(382464K)->1856K(374784K) Eden: 380416K(380416K)->0K(372736K) From: 1888K(2048K)->1856K(2048K)
[28.959s][info][gc,heap        ] GC(114) ParOldGen: 45222K(1398272K)->45430K(1398272K)
[28.959s][info][gc,metaspace   ] GC(114) Metaspace: 73981K(74432K)->73981K(74432K) NonClass: 58526K(58752K)->58526K(58752K) Class: 15455K(15680K)->15455K(15680K)
[28.959s][info][gc             ] GC(114) Pause Young (Allocation Failure) 417M->46M(1731M) 1.105ms
[28.959s][info][gc,cpu         ] GC(114) User=0.00s Sys=0.00s Real=0.00s
[29.050s][info][gc,start       ] GC(115) Pause Young (Allocation Failure)
[29.051s][info][gc,heap        ] GC(115) PSYoungGen: 374592K(374784K)->1856K(367104K) Eden: 372736K(372736K)->0K(365056K) From: 1856K(2048K)->1856K(2048K)
[29.051s][info][gc,heap        ] GC(115) ParOldGen: 45430K(1398272K)->45542K(1398272K)
[29.051s][info][gc,metaspace   ] GC(115) Metaspace: 73981K(74432K)->73981K(74432K) NonClass: 58526K(58752K)->58526K(58752K) Class: 15455K(15680K)->15455K(15680K)
[29.051s][info][gc             ] GC(115) Pause Young (Allocation Failure) 410M->46M(1724M) 1.323ms
[29.051s][info][gc,cpu         ] GC(115) User=0.00s Sys=0.00s Real=0.00s
[29.140s][info][gc,start       ] GC(116) Pause Young (Allocation Failure)
[29.142s][info][gc,heap        ] GC(116) PSYoungGen: 366912K(367104K)->512K(438784K) Eden: 365056K(365056K)->0K(438272K) From: 1856K(2048K)->512K(512K)
[29.142s][info][gc,heap        ] GC(116) ParOldGen: 45542K(1398272K)->46486K(1398272K)
[29.142s][info][gc,metaspace   ] GC(116) Metaspace: 73981K(74432K)->73981K(74432K) NonClass: 58526K(58752K)->58526K(58752K) Class: 15455K(15680K)->15455K(15680K)
[29.142s][info][gc             ] GC(116) Pause Young (Allocation Failure) 402M->45M(1794M) 1.287ms
[29.142s][info][gc,cpu         ] GC(116) User=0.00s Sys=0.00s Real=0.00s
[29.249s][info][gc,start       ] GC(117) Pause Young (Allocation Failure)
[29.250s][info][gc,heap        ] GC(117) PSYoungGen: 438784K(438784K)->1888K(528896K) Eden: 438272K(438272K)->0K(526336K) From: 512K(512K)->1888K(2560K)
[29.250s][info][gc,heap        ] GC(117) ParOldGen: 46486K(1398272K)->46606K(1398272K)
[29.250s][info][gc,metaspace   ] GC(117) Metaspace: 73981K(74432K)->73981K(74432K) NonClass: 58526K(58752K)->58526K(58752K) Class: 15455K(15680K)->15455K(15680K)
[29.250s][info][gc             ] GC(117) Pause Young (Allocation Failure) 473M->47M(1882M) 1.164ms
[29.250s][info][gc,cpu         ] GC(117) User=0.00s Sys=0.00s Real=0.00s
[29.378s][info][gc,start       ] GC(118) Pause Young (Allocation Failure)
[29.379s][info][gc,heap        ] GC(118) PSYoungGen: 528224K(528896K)->1856K(515584K) Eden: 526336K(526336K)->0K(513536K) From: 1888K(2560K)->1856K(2048K)
[29.379s][info][gc,heap        ] GC(118) ParOldGen: 46606K(1398272K)->46854K(1398272K)
[29.379s][info][gc,metaspace   ] GC(118) Metaspace: 73981K(74432K)->73981K(74432K) NonClass: 58526K(58752K)->58526K(58752K) Class: 15455K(15680K)->15455K(15680K)
[29.379s][info][gc             ] GC(118) Pause Young (Allocation Failure) 561M->47M(1869M) 1.184ms
[29.379s][info][gc,cpu         ] GC(118) User=0.00s Sys=0.00s Real=0.00s
[29.504s][info][gc,start       ] GC(119) Pause Young (Allocation Failure)
[29.505s][info][gc,heap        ] GC(119) PSYoungGen: 515392K(515584K)->1792K(503296K) Eden: 513536K(513536K)->0K(501248K) From: 1856K(2048K)->1792K(2048K)
[29.506s][info][gc,heap        ] GC(119) ParOldGen: 46854K(1398272K)->46990K(1398272K)
[29.506s][info][gc,metaspace   ] GC(119) Metaspace: 73981K(74432K)->73981K(74432K) NonClass: 58526K(58752K)->58526K(58752K) Class: 15455K(15680K)->15455K(15680K)
[29.506s][info][gc             ] GC(119) Pause Young (Allocation Failure) 549M->47M(1857M) 1.346ms
[29.506s][info][gc,cpu         ] GC(119) User=0.00s Sys=0.00s Real=0.00s
[29.628s][info][gc,start       ] GC(120) Pause Young (Allocation Failure)
[29.629s][info][gc,heap        ] GC(120) PSYoungGen: 503040K(503296K)->1536K(491008K) Eden: 501248K(501248K)->0K(489472K) From: 1792K(2048K)->1536K(1536K)
[29.629s][info][gc,heap        ] GC(120) ParOldGen: 46990K(1398272K)->47190K(1398272K)
[29.629s][info][gc,metaspace   ] GC(120) Metaspace: 73981K(74432K)->73981K(74432K) NonClass: 58526K(58752K)->58526K(58752K) Class: 15455K(15680K)->15455K(15680K)
[29.629s][info][gc             ] GC(120) Pause Young (Allocation Failure) 537M->47M(1845M) 1.181ms
[29.629s][info][gc,cpu         ] GC(120) User=0.00s Sys=0.00s Real=0.00s
[29.749s][info][gc,start       ] GC(121) Pause Young (Allocation Failure)
[29.750s][info][gc,heap        ] GC(121) PSYoungGen: 491008K(491008K)->1920K(479744K) Eden: 489472K(489472K)->0K(477696K) From: 1536K(1536K)->1920K(2048K)
[29.750s][info][gc,heap        ] GC(121) ParOldGen: 47190K(1398272K)->47390K(1398272K)
[29.750s][info][gc,metaspace   ] GC(121) Metaspace: 73983K(74432K)->73983K(74432K) NonClass: 58527K(58752K)->58527K(58752K) Class: 15455K(15680K)->15455K(15680K)
[29.750s][info][gc             ] GC(121) Pause Young (Allocation Failure) 525M->48M(1834M) 1.306ms
[29.750s][info][gc,cpu         ] GC(121) User=0.00s Sys=0.00s Real=0.00s
[29.868s][info][gc,start       ] GC(122) Pause Young (Allocation Failure)
[29.869s][info][gc,heap        ] GC(122) PSYoungGen: 479616K(479744K)->1024K(467456K) Eden: 477696K(477696K)->0K(466432K) From: 1920K(2048K)->1024K(1024K)
[29.869s][info][gc,heap        ] GC(122) ParOldGen: 47390K(1398272K)->47894K(1398272K)
[29.869s][info][gc,metaspace   ] GC(122) Metaspace: 73984K(74432K)->73984K(74432K) NonClass: 58528K(58752K)->58528K(58752K) Class: 15455K(15680K)->15455K(15680K)
[29.869s][info][gc             ] GC(122) Pause Young (Allocation Failure) 514M->47M(1822M) 1.188ms
[29.869s][info][gc,cpu         ] GC(122) User=0.00s Sys=0.00s Real=0.00s
[29.984s][info][gc,start       ] GC(123) Pause Young (Allocation Failure)
[29.985s][info][gc,heap        ] GC(123) PSYoungGen: 467456K(467456K)->1792K(457728K) Eden: 466432K(466432K)->0K(455680K) From: 1024K(1024K)->1792K(2048K)
[29.985s][info][gc,heap        ] GC(123) ParOldGen: 47894K(1398272K)->48110K(1398272K)
[29.985s][info][gc,metaspace   ] GC(123) Metaspace: 73985K(74432K)->73985K(74432K) NonClass: 58529K(58752K)->58529K(58752K) Class: 15455K(15680K)->15455K(15680K)
[29.985s][info][gc             ] GC(123) Pause Young (Allocation Failure) 503M->48M(1812M) 1.181ms
[29.986s][info][gc,cpu         ] GC(123) User=0.00s Sys=0.00s Real=0.00s
[30.102s][info][gc,start       ] GC(124) Pause Young (Allocation Failure)
[30.103s][info][gc,heap        ] GC(124) PSYoungGen: 457471K(457728K)->1760K(447488K) Eden: 455679K(455680K)->0K(445440K) From: 1792K(2048K)->1760K(2048K)
[30.103s][info][gc,heap        ] GC(124) ParOldGen: 48110K(1398272K)->48374K(1398272K)
[30.103s][info][gc,metaspace   ] GC(124) Metaspace: 73996K(74432K)->73996K(74432K) NonClass: 58540K(58752K)->58540K(58752K) Class: 15455K(15680K)->15455K(15680K)
[30.103s][info][gc             ] GC(124) Pause Young (Allocation Failure) 493M->48M(1802M) 1.214ms
[30.103s][info][gc,cpu         ] GC(124) User=0.00s Sys=0.00s Real=0.00s
[30.227s][info][gc,start       ] GC(125) Pause Young (Allocation Failure)
[30.228s][info][gc,heap        ] GC(125) PSYoungGen: 447200K(447488K)->1600K(437760K) Eden: 445440K(445440K)->0K(435712K) From: 1760K(2048K)->1600K(2048K)
[30.228s][info][gc,heap        ] GC(125) ParOldGen: 48374K(1398272K)->48678K(1398272K)
[30.228s][info][gc,metaspace   ] GC(125) Metaspace: 74065K(74560K)->74065K(74560K) NonClass: 58610K(58880K)->58610K(58880K) Class: 15455K(15680K)->15455K(15680K)
[30.228s][info][gc             ] GC(125) Pause Young (Allocation Failure) 483M->49M(1793M) 1.226ms
[30.228s][info][gc,cpu         ] GC(125) User=0.00s Sys=0.00s Real=0.00s
[30.381s][info][gc,start       ] GC(126) Pause Young (Allocation Failure)
[30.382s][info][gc,heap        ] GC(126) PSYoungGen: 437312K(437760K)->512K(426496K) Eden: 435712K(435712K)->0K(425984K) From: 1600K(2048K)->512K(512K)
[30.382s][info][gc,heap        ] GC(126) ParOldGen: 48678K(1398272K)->49342K(1398272K)
[30.382s][info][gc,metaspace   ] GC(126) Metaspace: 74073K(74560K)->74073K(74560K) NonClass: 58618K(58880K)->58618K(58880K) Class: 15455K(15680K)->15455K(15680K)
[30.382s][info][gc             ] GC(126) Pause Young (Allocation Failure) 474M->48M(1782M) 1.074ms
[30.382s][info][gc,cpu         ] GC(126) User=0.00s Sys=0.00s Real=0.00s
[30.554s][info][gc,start       ] GC(127) Pause Young (Allocation Failure)
[30.555s][info][gc,heap        ] GC(127) PSYoungGen: 426496K(426496K)->1152K(419328K) Eden: 425984K(425984K)->0K(416768K) From: 512K(512K)->1152K(2560K)
[30.555s][info][gc,heap        ] GC(127) ParOldGen: 49342K(1398272K)->49662K(1398272K)
[30.555s][info][gc,metaspace   ] GC(127) Metaspace: 74077K(74560K)->74077K(74560K) NonClass: 58622K(58880K)->58622K(58880K) Class: 15455K(15680K)->15455K(15680K)
[30.555s][info][gc             ] GC(127) Pause Young (Allocation Failure) 464M->49M(1775M) 0.914ms
[30.555s][info][gc,cpu         ] GC(127) User=0.48s Sys=0.03s Real=0.00s
[30.752s][info][gc,start       ] GC(128) Pause Young (Allocation Failure)
[30.752s][info][gc,heap        ] GC(128) PSYoungGen: 417920K(419328K)->1088K(409088K) Eden: 416768K(416768K)->0K(407552K) From: 1152K(2560K)->1088K(1536K)
[30.753s][info][gc,heap        ] GC(128) ParOldGen: 49662K(1398272K)->49830K(1398272K)
[30.753s][info][gc,metaspace   ] GC(128) Metaspace: 74096K(74560K)->74096K(74560K) NonClass: 58640K(58880K)->58640K(58880K) Class: 15455K(15680K)->15455K(15680K)
[30.753s][info][gc             ] GC(128) Pause Young (Allocation Failure) 456M->49M(1765M) 1.045ms
[30.753s][info][gc,cpu         ] GC(128) User=0.00s Sys=0.00s Real=0.00s
[31.005s][info][gc,start       ] GC(129) Pause Young (Allocation Failure)
[31.006s][info][gc,heap        ] GC(129) PSYoungGen: 408640K(409088K)->1056K(400384K) Eden: 407552K(407552K)->0K(398848K) From: 1088K(1536K)->1056K(1536K)
[31.006s][info][gc,heap        ] GC(129) ParOldGen: 49830K(1398272K)->50174K(1398272K)
[31.006s][info][gc,metaspace   ] GC(129) Metaspace: 74102K(74560K)->74102K(74560K) NonClass: 58646K(58880K)->58646K(58880K) Class: 15455K(15680K)->15455K(15680K)
[31.006s][info][gc             ] GC(129) Pause Young (Allocation Failure) 447M->50M(1756M) 1.031ms
[31.006s][info][gc,cpu         ] GC(129) User=0.00s Sys=0.00s Real=0.00s
[31.265s][info][gc,start       ] GC(130) Pause Young (Allocation Failure)
[31.266s][info][gc,heap        ] GC(130) PSYoungGen: 399904K(400384K)->1024K(391680K) Eden: 398848K(398848K)->0K(390656K) From: 1056K(1536K)->1024K(1024K)
[31.266s][info][gc,heap        ] GC(130) ParOldGen: 50174K(1398272K)->50350K(1398272K)
[31.266s][info][gc,metaspace   ] GC(130) Metaspace: 74114K(74560K)->74114K(74560K) NonClass: 58658K(58880K)->58658K(58880K) Class: 15456K(15680K)->15456K(15680K)
[31.266s][info][gc             ] GC(130) Pause Young (Allocation Failure) 439M->50M(1748M) 1.016ms
[31.266s][info][gc,cpu         ] GC(130) User=0.00s Sys=0.00s Real=0.00s
[31.520s][info][gc,start       ] GC(131) Pause Young (Allocation Failure)
[31.521s][info][gc,heap        ] GC(131) PSYoungGen: 391680K(391680K)->1056K(384000K) Eden: 390656K(390656K)->0K(382464K) From: 1024K(1024K)->1056K(1536K)
[31.521s][info][gc,heap        ] GC(131) ParOldGen: 50350K(1398272K)->50382K(1398272K)
[31.521s][info][gc,metaspace   ] GC(131) Metaspace: 74114K(74560K)->74114K(74560K) NonClass: 58658K(58880K)->58658K(58880K) Class: 15456K(15680K)->15456K(15680K)
[31.521s][info][gc             ] GC(131) Pause Young (Allocation Failure) 431M->50M(1740M) 0.903ms
[31.521s][info][gc,cpu         ] GC(131) User=0.00s Sys=0.00s Real=0.00s
[31.767s][info][gc,start       ] GC(132) Pause Young (Allocation Failure)
[31.768s][info][gc,heap        ] GC(132) PSYoungGen: 383520K(384000K)->1056K(376320K) Eden: 382464K(382464K)->0K(374784K) From: 1056K(1536K)->1056K(1536K)
[31.768s][info][gc,heap        ] GC(132) ParOldGen: 50382K(1398272K)->50406K(1398272K)
[31.768s][info][gc,metaspace   ] GC(132) Metaspace: 74114K(74560K)->74114K(74560K) NonClass: 58658K(58880K)->58658K(58880K) Class: 15456K(15680K)->15456K(15680K)
[31.768s][info][gc             ] GC(132) Pause Young (Allocation Failure) 423M->50M(1733M) 1.077ms
[31.768s][info][gc,cpu         ] GC(132) User=0.00s Sys=0.00s Real=0.00s
[32.009s][info][gc,start       ] GC(133) Pause Young (Allocation Failure)
[32.009s][info][gc,heap        ] GC(133) PSYoungGen: 375840K(376320K)->1056K(368640K) Eden: 374784K(374784K)->0K(367104K) From: 1056K(1536K)->1056K(1536K)
[32.009s][info][gc,heap        ] GC(133) ParOldGen: 50406K(1398272K)->50518K(1398272K)
[32.009s][info][gc,metaspace   ] GC(133) Metaspace: 74114K(74560K)->74114K(74560K) NonClass: 58658K(58880K)->58658K(58880K) Class: 15456K(15680K)->15456K(15680K)
[32.009s][info][gc             ] GC(133) Pause Young (Allocation Failure) 416M->50M(1725M) 0.905ms
[32.010s][info][gc,cpu         ] GC(133) User=0.00s Sys=0.00s Real=0.00s
[32.129s][info][gc,start       ] GC(134) Pause Young (System.gc())
[32.131s][info][gc,heap        ] GC(134) PSYoungGen: 138921K(368640K)->1376K(368640K) Eden: 137865K(367104K)->0K(367104K) From: 1056K(1536K)->1376K(1536K)
[32.131s][info][gc,heap        ] GC(134) ParOldGen: 50518K(1398272K)->50542K(1398272K)
[32.131s][info][gc,metaspace   ] GC(134) Metaspace: 74143K(74560K)->74143K(74560K) NonClass: 58686K(58880K)->58686K(58880K) Class: 15456K(15680K)->15456K(15680K)
[32.131s][info][gc             ] GC(134) Pause Young (System.gc()) 184M->50M(1725M) 1.814ms
[32.131s][info][gc,cpu         ] GC(134) User=0.00s Sys=0.00s Real=0.00s
[32.132s][info][gc,start       ] GC(135) Pause Full (System.gc())
[32.132s][info][gc,phases,start] GC(135) Marking Phase
[32.168s][info][gc,phases      ] GC(135) Marking Phase 36.056ms
[32.168s][info][gc,phases,start] GC(135) Summary Phase
[32.168s][info][gc,phases      ] GC(135) Summary Phase 0.013ms
[32.168s][info][gc,phases,start] GC(135) Adjust Roots
[32.185s][info][gc,phases      ] GC(135) Adjust Roots 17.075ms
[32.185s][info][gc,phases,start] GC(135) Compaction Phase
[32.195s][info][gc,phases      ] GC(135) Compaction Phase 10.469ms
[32.195s][info][gc,phases,start] GC(135) Post Compact
[32.197s][info][gc,phases      ] GC(135) Post Compact 1.141ms
[32.197s][info][gc,heap        ] GC(135) PSYoungGen: 1376K(368640K)->0K(368640K) Eden: 0K(367104K)->0K(367104K) From: 1376K(1536K)->0K(1536K)
[32.197s][info][gc,heap        ] GC(135) ParOldGen: 50542K(1398272K)->35539K(1398272K)
[32.197s][info][gc,metaspace   ] GC(135) Metaspace: 74143K(74560K)->74143K(74560K) NonClass: 58686K(58880K)->58686K(58880K) Class: 15456K(15680K)->15456K(15680K)
[32.197s][info][gc             ] GC(135) Pause Full (System.gc()) 50M->34M(1725M) 65.181ms
[32.197s][info][gc,cpu         ] GC(135) User=0.59s Sys=0.00s Real=0.07s
[32.322s][info][gc,start       ] GC(136) Pause Young (Allocation Failure)
[32.324s][info][gc,heap        ] GC(136) PSYoungGen: 367104K(368640K)->2560K(362496K) Eden: 367104K(367104K)->0K(359936K) From: 0K(1536K)->2560K(2560K)
[32.324s][info][gc,heap        ] GC(136) ParOldGen: 35539K(1398272K)->36603K(1398272K)
[32.324s][info][gc,metaspace   ] GC(136) Metaspace: 74251K(74688K)->74251K(74688K) NonClass: 58795K(59008K)->58795K(59008K) Class: 15456K(15680K)->15456K(15680K)
[32.324s][info][gc             ] GC(136) Pause Young (Allocation Failure) 393M->38M(1719M) 2.005ms
[32.324s][info][gc,cpu         ] GC(136) User=0.00s Sys=0.00s Real=0.00s
[32.411s][info][gc,start       ] GC(137) Pause Young (Allocation Failure)
[32.413s][info][gc,heap        ] GC(137) PSYoungGen: 362496K(362496K)->1536K(354304K) Eden: 359936K(359936K)->0K(352768K) From: 2560K(2560K)->1536K(1536K)
[32.413s][info][gc,heap        ] GC(137) ParOldGen: 36603K(1398272K)->38387K(1398272K)
[32.413s][info][gc,metaspace   ] GC(137) Metaspace: 74251K(74688K)->74251K(74688K) NonClass: 58795K(59008K)->58795K(59008K) Class: 15456K(15680K)->15456K(15680K)
[32.413s][info][gc             ] GC(137) Pause Young (Allocation Failure) 389M->38M(1711M) 1.655ms
[32.413s][info][gc,cpu         ] GC(137) User=0.00s Sys=0.00s Real=0.00s
[32.498s][info][gc,start       ] GC(138) Pause Young (Allocation Failure)
[32.500s][info][gc,heap        ] GC(138) PSYoungGen: 354304K(354304K)->1856K(348160K) Eden: 352768K(352768K)->0K(346112K) From: 1536K(1536K)->1856K(2048K)
[32.500s][info][gc,heap        ] GC(138) ParOldGen: 38387K(1398272K)->38619K(1398272K)
[32.500s][info][gc,metaspace   ] GC(138) Metaspace: 74251K(74688K)->74251K(74688K) NonClass: 58795K(59008K)->58795K(59008K) Class: 15456K(15680K)->15456K(15680K)
[32.500s][info][gc             ] GC(138) Pause Young (Allocation Failure) 383M->39M(1705M) 1.361ms
[32.500s][info][gc,cpu         ] GC(138) User=0.00s Sys=0.00s Real=0.00s
[32.584s][info][gc,start       ] GC(139) Pause Young (Allocation Failure)
[32.585s][info][gc,heap        ] GC(139) PSYoungGen: 347968K(348160K)->1920K(341504K) Eden: 346112K(346112K)->0K(339456K) From: 1856K(2048K)->1920K(2048K)
[32.585s][info][gc,heap        ] GC(139) ParOldGen: 38619K(1398272K)->38691K(1398272K)
[32.585s][info][gc,metaspace   ] GC(139) Metaspace: 74251K(74688K)->74251K(74688K) NonClass: 58795K(59008K)->58795K(59008K) Class: 15456K(15680K)->15456K(15680K)
[32.585s][info][gc             ] GC(139) Pause Young (Allocation Failure) 377M->39M(1699M) 1.415ms
[32.586s][info][gc,cpu         ] GC(139) User=0.52s Sys=0.00s Real=0.00s
[32.669s][info][gc,start       ] GC(140) Pause Young (Allocation Failure)
[32.670s][info][gc,heap        ] GC(140) PSYoungGen: 341376K(341504K)->1888K(334848K) Eden: 339456K(339456K)->0K(332800K) From: 1920K(2048K)->1888K(2048K)
[32.670s][info][gc,heap        ] GC(140) ParOldGen: 38691K(1398272K)->38755K(1398272K)
[32.670s][info][gc,metaspace   ] GC(140) Metaspace: 74251K(74688K)->74251K(74688K) NonClass: 58795K(59008K)->58795K(59008K) Class: 15456K(15680K)->15456K(15680K)
[32.671s][info][gc             ] GC(140) Pause Young (Allocation Failure) 371M->39M(1692M) 1.404ms
[32.671s][info][gc,cpu         ] GC(140) User=0.00s Sys=0.00s Real=0.00s
[32.752s][info][gc,start       ] GC(141) Pause Young (Allocation Failure)
[32.753s][info][gc,heap        ] GC(141) PSYoungGen: 334688K(334848K)->1856K(401408K) Eden: 332800K(332800K)->0K(399360K) From: 1888K(2048K)->1856K(2048K)
[32.753s][info][gc,heap        ] GC(141) ParOldGen: 38755K(1398272K)->38827K(1398272K)
[32.753s][info][gc,metaspace   ] GC(141) Metaspace: 74251K(74688K)->74251K(74688K) NonClass: 58795K(59008K)->58795K(59008K) Class: 15456K(15680K)->15456K(15680K)
[32.753s][info][gc             ] GC(141) Pause Young (Allocation Failure) 364M->39M(1757M) 1.440ms
[32.754s][info][gc,cpu         ] GC(141) User=0.00s Sys=0.00s Real=0.00s
[32.851s][info][gc,start       ] GC(142) Pause Young (Allocation Failure)
[32.853s][info][gc,heap        ] GC(142) PSYoungGen: 401216K(401408K)->1888K(481280K) Eden: 399360K(399360K)->0K(479232K) From: 1856K(2048K)->1888K(2048K)
[32.853s][info][gc,heap        ] GC(142) ParOldGen: 38827K(1398272K)->39091K(1398272K)
[32.853s][info][gc,metaspace   ] GC(142) Metaspace: 74251K(74688K)->74251K(74688K) NonClass: 58795K(59008K)->58795K(59008K) Class: 15456K(15680K)->15456K(15680K)
[32.853s][info][gc             ] GC(142) Pause Young (Allocation Failure) 429M->40M(1835M) 1.541ms
[32.853s][info][gc,cpu         ] GC(142) User=0.00s Sys=0.00s Real=0.00s
[32.970s][info][gc,start       ] GC(143) Pause Young (Allocation Failure)
[32.971s][info][gc,heap        ] GC(143) PSYoungGen: 481120K(481280K)->1824K(470016K) Eden: 479232K(479232K)->0K(467968K) From: 1888K(2048K)->1824K(2048K)
[32.971s][info][gc,heap        ] GC(143) ParOldGen: 39091K(1398272K)->39211K(1398272K)
[32.971s][info][gc,metaspace   ] GC(143) Metaspace: 74251K(74688K)->74251K(74688K) NonClass: 58795K(59008K)->58795K(59008K) Class: 15456K(15680K)->15456K(15680K)
[32.971s][info][gc             ] GC(143) Pause Young (Allocation Failure) 508M->40M(1824M) 1.259ms
[32.971s][info][gc,cpu         ] GC(143) User=0.00s Sys=0.00s Real=0.00s
[33.086s][info][gc,start       ] GC(144) Pause Young (Allocation Failure)
[33.087s][info][gc,heap        ] GC(144) PSYoungGen: 469792K(470016K)->1888K(459264K) Eden: 467968K(467968K)->0K(457216K) From: 1824K(2048K)->1888K(2048K)
[33.087s][info][gc,heap        ] GC(144) ParOldGen: 39211K(1398272K)->39259K(1398272K)
[33.087s][info][gc,metaspace   ] GC(144) Metaspace: 74251K(74688K)->74251K(74688K) NonClass: 58795K(59008K)->58795K(59008K) Class: 15456K(15680K)->15456K(15680K)
[33.087s][info][gc             ] GC(144) Pause Young (Allocation Failure) 497M->40M(1814M) 1.355ms
[33.087s][info][gc,cpu         ] GC(144) User=0.00s Sys=0.00s Real=0.00s
[33.198s][info][gc,start       ] GC(145) Pause Young (Allocation Failure)
[33.200s][info][gc,heap        ] GC(145) PSYoungGen: 459104K(459264K)->1856K(449024K) Eden: 457216K(457216K)->0K(446976K) From: 1888K(2048K)->1856K(2048K)
[33.200s][info][gc,heap        ] GC(145) ParOldGen: 39259K(1398272K)->39339K(1398272K)
[33.200s][info][gc,metaspace   ] GC(145) Metaspace: 74251K(74688K)->74251K(74688K) NonClass: 58795K(59008K)->58795K(59008K) Class: 15456K(15680K)->15456K(15680K)
[33.200s][info][gc             ] GC(145) Pause Young (Allocation Failure) 486M->40M(1804M) 1.299ms
[33.200s][info][gc,cpu         ] GC(145) User=0.00s Sys=0.00s Real=0.00s
[33.308s][info][gc,start       ] GC(146) Pause Young (Allocation Failure)
[33.310s][info][gc,heap        ] GC(146) PSYoungGen: 448832K(449024K)->1888K(438784K) Eden: 446976K(446976K)->0K(436736K) From: 1856K(2048K)->1888K(2048K)
[33.310s][info][gc,heap        ] GC(146) ParOldGen: 39339K(1398272K)->39475K(1398272K)
[33.310s][info][gc,metaspace   ] GC(146) Metaspace: 74251K(74688K)->74251K(74688K) NonClass: 58795K(59008K)->58795K(59008K) Class: 15456K(15680K)->15456K(15680K)
[33.310s][info][gc             ] GC(146) Pause Young (Allocation Failure) 476M->40M(1794M) 1.378ms
[33.310s][info][gc,cpu         ] GC(146) User=0.00s Sys=0.00s Real=0.00s
[33.416s][info][gc,start       ] GC(147) Pause Young (Allocation Failure)
[33.418s][info][gc,heap        ] GC(147) PSYoungGen: 438624K(438784K)->1888K(429056K) Eden: 436736K(436736K)->0K(427008K) From: 1888K(2048K)->1888K(2048K)
[33.418s][info][gc,heap        ] GC(147) ParOldGen: 39475K(1398272K)->39611K(1398272K)
[33.418s][info][gc,metaspace   ] GC(147) Metaspace: 74251K(74688K)->74251K(74688K) NonClass: 58795K(59008K)->58795K(59008K) Class: 15456K(15680K)->15456K(15680K)
[33.418s][info][gc             ] GC(147) Pause Young (Allocation Failure) 466M->40M(1784M) 1.278ms
[33.418s][info][gc,cpu         ] GC(147) User=0.00s Sys=0.00s Real=0.00s
[33.522s][info][gc,start       ] GC(148) Pause Young (Allocation Failure)
[33.523s][info][gc,heap        ] GC(148) PSYoungGen: 428896K(429056K)->1856K(419840K) Eden: 427008K(427008K)->0K(417792K) From: 1888K(2048K)->1856K(2048K)
[33.523s][info][gc,heap        ] GC(148) ParOldGen: 39611K(1398272K)->39731K(1398272K)
[33.523s][info][gc,metaspace   ] GC(148) Metaspace: 74251K(74688K)->74251K(74688K) NonClass: 58795K(59008K)->58795K(59008K) Class: 15456K(15680K)->15456K(15680K)
[33.523s][info][gc             ] GC(148) Pause Young (Allocation Failure) 457M->40M(1775M) 1.432ms
[33.523s][info][gc,cpu         ] GC(148) User=0.52s Sys=0.00s Real=0.00s
[33.625s][info][gc,start       ] GC(149) Pause Young (Allocation Failure)
[33.626s][info][gc,heap        ] GC(149) PSYoungGen: 419648K(419840K)->1536K(410112K) Eden: 417792K(417792K)->0K(408576K) From: 1856K(2048K)->1536K(1536K)
[33.626s][info][gc,heap        ] GC(149) ParOldGen: 39731K(1398272K)->39923K(1398272K)
[33.626s][info][gc,metaspace   ] GC(149) Metaspace: 74251K(74688K)->74251K(74688K) NonClass: 58795K(59008K)->58795K(59008K) Class: 15456K(15680K)->15456K(15680K)
[33.626s][info][gc             ] GC(149) Pause Young (Allocation Failure) 448M->40M(1766M) 1.154ms
[33.626s][info][gc,cpu         ] GC(149) User=0.00s Sys=0.00s Real=0.00s
[33.726s][info][gc,start       ] GC(150) Pause Young (Allocation Failure)
[33.727s][info][gc,heap        ] GC(150) PSYoungGen: 410112K(410112K)->1952K(401920K) Eden: 408576K(408576K)->0K(399872K) From: 1536K(1536K)->1952K(2048K)
[33.727s][info][gc,heap        ] GC(150) ParOldGen: 39923K(1398272K)->40083K(1398272K)
[33.727s][info][gc,metaspace   ] GC(150) Metaspace: 74252K(74688K)->74252K(74688K) NonClass: 58795K(59008K)->58795K(59008K) Class: 15456K(15680K)->15456K(15680K)
[33.727s][info][gc             ] GC(150) Pause Young (Allocation Failure) 439M->41M(1758M) 1.422ms
[33.728s][info][gc,cpu         ] GC(150) User=0.00s Sys=0.02s Real=0.00s
[33.825s][info][gc,start       ] GC(151) Pause Young (Allocation Failure)
[33.826s][info][gc,heap        ] GC(151) PSYoungGen: 401824K(401920K)->1824K(393728K) Eden: 399872K(399872K)->0K(391680K) From: 1952K(2048K)->1824K(2048K)
[33.826s][info][gc,heap        ] GC(151) ParOldGen: 40083K(1398272K)->40347K(1398272K)
[33.826s][info][gc,metaspace   ] GC(151) Metaspace: 74252K(74688K)->74252K(74688K) NonClass: 58795K(59008K)->58795K(59008K) Class: 15456K(15680K)->15456K(15680K)
[33.826s][info][gc             ] GC(151) Pause Young (Allocation Failure) 431M->41M(1750M) 1.203ms
[33.826s][info][gc,cpu         ] GC(151) User=0.00s Sys=0.00s Real=0.00s
[33.922s][info][gc,start       ] GC(152) Pause Young (Allocation Failure)
[33.923s][info][gc,heap        ] GC(152) PSYoungGen: 393504K(393728K)->1888K(385536K) Eden: 391680K(391680K)->0K(383488K) From: 1824K(2048K)->1888K(2048K)
[33.923s][info][gc,heap        ] GC(152) ParOldGen: 40347K(1398272K)->40459K(1398272K)
[33.923s][info][gc,metaspace   ] GC(152) Metaspace: 74252K(74688K)->74252K(74688K) NonClass: 58795K(59008K)->58795K(59008K) Class: 15456K(15680K)->15456K(15680K)
[33.923s][info][gc             ] GC(152) Pause Young (Allocation Failure) 423M->41M(1742M) 1.455ms
[33.923s][info][gc,cpu         ] GC(152) User=0.00s Sys=0.00s Real=0.00s
[34.017s][info][gc,start       ] GC(153) Pause Young (Allocation Failure)
[34.018s][info][gc,heap        ] GC(153) PSYoungGen: 385376K(385536K)->1536K(377344K) Eden: 383488K(383488K)->0K(375808K) From: 1888K(2048K)->1536K(1536K)
[34.018s][info][gc,heap        ] GC(153) ParOldGen: 40459K(1398272K)->40651K(1398272K)
[34.018s][info][gc,metaspace   ] GC(153) Metaspace: 74252K(74688K)->74252K(74688K) NonClass: 58795K(59008K)->58795K(59008K) Class: 15456K(15680K)->15456K(15680K)
[34.018s][info][gc             ] GC(153) Pause Young (Allocation Failure) 415M->41M(1734M) 1.167ms
[34.018s][info][gc,cpu         ] GC(153) User=0.00s Sys=0.00s Real=0.00s
[34.110s][info][gc,start       ] GC(154) Pause Young (Allocation Failure)
[34.111s][info][gc,heap        ] GC(154) PSYoungGen: 377344K(377344K)->1824K(453120K) Eden: 375808K(375808K)->0K(451072K) From: 1536K(1536K)->1824K(2048K)
[34.111s][info][gc,heap        ] GC(154) ParOldGen: 40651K(1398272K)->40747K(1398272K)
[34.111s][info][gc,metaspace   ] GC(154) Metaspace: 74252K(74688K)->74252K(74688K) NonClass: 58795K(59008K)->58795K(59008K) Class: 15456K(15680K)->15456K(15680K)
[34.111s][info][gc             ] GC(154) Pause Young (Allocation Failure) 408M->41M(1808M) 1.391ms
[34.111s][info][gc,cpu         ] GC(154) User=0.00s Sys=0.00s Real=0.00s
[34.221s][info][gc,start       ] GC(155) Pause Young (Allocation Failure)
[34.222s][info][gc,heap        ] GC(155) PSYoungGen: 452896K(453120K)->1856K(442880K) Eden: 451072K(451072K)->0K(440832K) From: 1824K(2048K)->1856K(2048K)
[34.222s][info][gc,heap        ] GC(155) ParOldGen: 40747K(1398272K)->40875K(1398272K)
[34.222s][info][gc,metaspace   ] GC(155) Metaspace: 74252K(74688K)->74252K(74688K) NonClass: 58795K(59008K)->58795K(59008K) Class: 15456K(15680K)->15456K(15680K)
[34.222s][info][gc             ] GC(155) Pause Young (Allocation Failure) 482M->41M(1798M) 1.166ms
[34.222s][info][gc,cpu         ] GC(155) User=0.00s Sys=0.00s Real=0.00s
[34.330s][info][gc,start       ] GC(156) Pause Young (Allocation Failure)
[34.331s][info][gc,heap        ] GC(156) PSYoungGen: 442688K(442880K)->1920K(433152K) Eden: 440832K(440832K)->0K(431104K) From: 1856K(2048K)->1920K(2048K)
[34.331s][info][gc,heap        ] GC(156) ParOldGen: 40875K(1398272K)->40995K(1398272K)
[34.331s][info][gc,metaspace   ] GC(156) Metaspace: 74252K(74688K)->74252K(74688K) NonClass: 58795K(59008K)->58795K(59008K) Class: 15456K(15680K)->15456K(15680K)
[34.331s][info][gc             ] GC(156) Pause Young (Allocation Failure) 472M->41M(1788M) 1.432ms
[34.331s][info][gc,cpu         ] GC(156) User=0.00s Sys=0.00s Real=0.00s
[34.437s][info][gc,start       ] GC(157) Pause Young (Allocation Failure)
[34.438s][info][gc,heap        ] GC(157) PSYoungGen: 433024K(433152K)->1536K(423424K) Eden: 431104K(431104K)->0K(421888K) From: 1920K(2048K)->1536K(1536K)
[34.438s][info][gc,heap        ] GC(157) ParOldGen: 40995K(1398272K)->41171K(1398272K)
[34.438s][info][gc,metaspace   ] GC(157) Metaspace: 74252K(74688K)->74252K(74688K) NonClass: 58795K(59008K)->58795K(59008K) Class: 15456K(15680K)->15456K(15680K)
[34.438s][info][gc             ] GC(157) Pause Young (Allocation Failure) 462M->41M(1779M) 1.151ms
[34.438s][info][gc,cpu         ] GC(157) User=0.00s Sys=0.00s Real=0.00s
[34.541s][info][gc,start       ] GC(158) Pause Young (Allocation Failure)
[34.542s][info][gc,heap        ] GC(158) PSYoungGen: 423424K(423424K)->1856K(414720K) Eden: 421888K(421888K)->0K(412672K) From: 1536K(1536K)->1856K(2048K)
[34.543s][info][gc,heap        ] GC(158) ParOldGen: 41171K(1398272K)->41307K(1398272K)
[34.543s][info][gc,metaspace   ] GC(158) Metaspace: 74252K(74688K)->74252K(74688K) NonClass: 58795K(59008K)->58795K(59008K) Class: 15456K(15680K)->15456K(15680K)
[34.543s][info][gc             ] GC(158) Pause Young (Allocation Failure) 453M->42M(1770M) 1.355ms
[34.543s][info][gc,cpu         ] GC(158) User=0.00s Sys=0.00s Real=0.00s
[34.644s][info][gc,start       ] GC(159) Pause Young (Allocation Failure)
[34.645s][info][gc,heap        ] GC(159) PSYoungGen: 414528K(414720K)->1920K(406016K) Eden: 412672K(412672K)->0K(403968K) From: 1856K(2048K)->1920K(2048K)
[34.645s][info][gc,heap        ] GC(159) ParOldGen: 41307K(1398272K)->41435K(1398272K)
[34.645s][info][gc,metaspace   ] GC(159) Metaspace: 74252K(74688K)->74252K(74688K) NonClass: 58795K(59008K)->58795K(59008K) Class: 15456K(15680K)->15456K(15680K)
[34.645s][info][gc             ] GC(159) Pause Young (Allocation Failure) 445M->42M(1762M) 1.215ms
[34.645s][info][gc,cpu         ] GC(159) User=0.00s Sys=0.00s Real=0.00s
[34.744s][info][gc,start       ] GC(160) Pause Young (Allocation Failure)
[34.746s][info][gc,heap        ] GC(160) PSYoungGen: 405888K(406016K)->1984K(397312K) Eden: 403968K(403968K)->0K(395264K) From: 1920K(2048K)->1984K(2048K)
[34.746s][info][gc,heap        ] GC(160) ParOldGen: 41435K(1398272K)->41563K(1398272K)
[34.746s][info][gc,metaspace   ] GC(160) Metaspace: 74252K(74688K)->74252K(74688K) NonClass: 58795K(59008K)->58795K(59008K) Class: 15456K(15680K)->15456K(15680K)
[34.746s][info][gc             ] GC(160) Pause Young (Allocation Failure) 436M->42M(1753M) 1.468ms
[34.746s][info][gc,cpu         ] GC(160) User=0.00s Sys=0.00s Real=0.00s
[34.843s][info][gc,start       ] GC(161) Pause Young (Allocation Failure)
[34.844s][info][gc,heap        ] GC(161) PSYoungGen: 397248K(397312K)->1536K(388608K) Eden: 395264K(395264K)->0K(387072K) From: 1984K(2048K)->1536K(1536K)
[34.844s][info][gc,heap        ] GC(161) ParOldGen: 41563K(1398272K)->41875K(1398272K)
[34.844s][info][gc,metaspace   ] GC(161) Metaspace: 74252K(74688K)->74252K(74688K) NonClass: 58795K(59008K)->58795K(59008K) Class: 15456K(15680K)->15456K(15680K)
[34.844s][info][gc             ] GC(161) Pause Young (Allocation Failure) 428M->42M(1745M) 1.196ms
[34.844s][info][gc,cpu         ] GC(161) User=0.00s Sys=0.00s Real=0.00s
[34.938s][info][gc,start       ] GC(162) Pause Young (Allocation Failure)
[34.939s][info][gc,heap        ] GC(162) PSYoungGen: 388608K(388608K)->1920K(466944K) Eden: 387072K(387072K)->0K(464896K) From: 1536K(1536K)->1920K(2048K)
[34.939s][info][gc,heap        ] GC(162) ParOldGen: 41875K(1398272K)->42147K(1398272K)
[34.939s][info][gc,metaspace   ] GC(162) Metaspace: 74252K(74688K)->74252K(74688K) NonClass: 58795K(59008K)->58795K(59008K) Class: 15456K(15680K)->15456K(15680K)
[34.939s][info][gc             ] GC(162) Pause Young (Allocation Failure) 420M->43M(1821M) 1.346ms
[34.940s][info][gc,cpu         ] GC(162) User=0.00s Sys=0.00s Real=0.00s
[35.053s][info][gc,start       ] GC(163) Pause Young (Allocation Failure)
[35.054s][info][gc,heap        ] GC(163) PSYoungGen: 466816K(466944K)->1952K(456192K) Eden: 464896K(464896K)->0K(454144K) From: 1920K(2048K)->1952K(2048K)
[35.054s][info][gc,heap        ] GC(163) ParOldGen: 42147K(1398272K)->42299K(1398272K)
[35.054s][info][gc,metaspace   ] GC(163) Metaspace: 74252K(74688K)->74252K(74688K) NonClass: 58795K(59008K)->58795K(59008K) Class: 15456K(15680K)->15456K(15680K)
[35.054s][info][gc             ] GC(163) Pause Young (Allocation Failure) 497M->43M(1811M) 1.207ms
[35.054s][info][gc,cpu         ] GC(163) User=0.02s Sys=0.23s Real=0.00s
[35.165s][info][gc,start       ] GC(164) Pause Young (Allocation Failure)
[35.166s][info][gc,heap        ] GC(164) PSYoungGen: 456095K(456192K)->1856K(445952K) Eden: 454143K(454144K)->0K(443904K) From: 1952K(2048K)->1856K(2048K)
[35.166s][info][gc,heap        ] GC(164) ParOldGen: 42299K(1398272K)->42427K(1398272K)
[35.166s][info][gc,metaspace   ] GC(164) Metaspace: 74252K(74688K)->74252K(74688K) NonClass: 58795K(59008K)->58795K(59008K) Class: 15456K(15680K)->15456K(15680K)
[35.166s][info][gc             ] GC(164) Pause Young (Allocation Failure) 486M->43M(1801M) 1.530ms
[35.166s][info][gc,cpu         ] GC(164) User=0.00s Sys=0.00s Real=0.00s
[35.275s][info][gc,start       ] GC(165) Pause Young (Allocation Failure)
[35.276s][info][gc,heap        ] GC(165) PSYoungGen: 445760K(445952K)->1536K(435712K) Eden: 443904K(443904K)->0K(434176K) From: 1856K(2048K)->1536K(1536K)
[35.276s][info][gc,heap        ] GC(165) ParOldGen: 42427K(1398272K)->42643K(1398272K)
[35.276s][info][gc,metaspace   ] GC(165) Metaspace: 74261K(74688K)->74261K(74688K) NonClass: 58804K(59008K)->58804K(59008K) Class: 15456K(15680K)->15456K(15680K)
[35.276s][info][gc             ] GC(165) Pause Young (Allocation Failure) 476M->43M(1791M) 1.138ms
[35.276s][info][gc,cpu         ] GC(165) User=0.00s Sys=0.00s Real=0.00s
[35.383s][info][gc,start       ] GC(166) Pause Young (Allocation Failure)
[35.384s][info][gc,heap        ] GC(166) PSYoungGen: 435712K(435712K)->1888K(426496K) Eden: 434176K(434176K)->0K(424448K) From: 1536K(1536K)->1888K(2048K)
[35.384s][info][gc,heap        ] GC(166) ParOldGen: 42643K(1398272K)->42891K(1398272K)
[35.384s][info][gc,metaspace   ] GC(166) Metaspace: 74261K(74688K)->74261K(74688K) NonClass: 58804K(59008K)->58804K(59008K) Class: 15456K(15680K)->15456K(15680K)
[35.384s][info][gc             ] GC(166) Pause Young (Allocation Failure) 467M->43M(1782M) 1.359ms
[35.384s][info][gc,cpu         ] GC(166) User=0.00s Sys=0.00s Real=0.00s
[35.488s][info][gc,start       ] GC(167) Pause Young (Allocation Failure)
[35.489s][info][gc,heap        ] GC(167) PSYoungGen: 426336K(426496K)->1856K(417280K) Eden: 424448K(424448K)->0K(415232K) From: 1888K(2048K)->1856K(2048K)
[35.489s][info][gc,heap        ] GC(167) ParOldGen: 42891K(1398272K)->43027K(1398272K)
[35.489s][info][gc,metaspace   ] GC(167) Metaspace: 74261K(74688K)->74261K(74688K) NonClass: 58804K(59008K)->58804K(59008K) Class: 15456K(15680K)->15456K(15680K)
[35.489s][info][gc             ] GC(167) Pause Young (Allocation Failure) 458M->43M(1773M) 1.138ms
[35.489s][info][gc,cpu         ] GC(167) User=0.00s Sys=0.00s Real=0.00s
[35.590s][info][gc,start       ] GC(168) Pause Young (Allocation Failure)
[35.591s][info][gc,heap        ] GC(168) PSYoungGen: 417088K(417280K)->1888K(408576K) Eden: 415232K(415232K)->0K(406528K) From: 1856K(2048K)->1888K(2048K)
[35.591s][info][gc,heap        ] GC(168) ParOldGen: 43027K(1398272K)->43163K(1398272K)
[35.591s][info][gc,metaspace   ] GC(168) Metaspace: 74261K(74688K)->74261K(74688K) NonClass: 58804K(59008K)->58804K(59008K) Class: 15456K(15680K)->15456K(15680K)
[35.591s][info][gc             ] GC(168) Pause Young (Allocation Failure) 449M->43M(1764M) 1.396ms
[35.592s][info][gc,cpu         ] GC(168) User=0.00s Sys=0.00s Real=0.00s
[35.691s][info][gc,start       ] GC(169) Pause Young (Allocation Failure)
[35.692s][info][gc,heap        ] GC(169) PSYoungGen: 408416K(408576K)->1536K(399360K) Eden: 406528K(406528K)->0K(397824K) From: 1888K(2048K)->1536K(1536K)
[35.692s][info][gc,heap        ] GC(169) ParOldGen: 43163K(1398272K)->43355K(1398272K)
[35.692s][info][gc,metaspace   ] GC(169) Metaspace: 74261K(74688K)->74261K(74688K) NonClass: 58804K(59008K)->58804K(59008K) Class: 15456K(15680K)->15456K(15680K)
[35.692s][info][gc             ] GC(169) Pause Young (Allocation Failure) 440M->43M(1755M) 1.181ms
[35.692s][info][gc,cpu         ] GC(169) User=0.00s Sys=0.00s Real=0.00s
[35.790s][info][gc,start       ] GC(170) Pause Young (Allocation Failure)
[35.791s][info][gc,heap        ] GC(170) PSYoungGen: 399360K(399360K)->1920K(391680K) Eden: 397824K(397824K)->0K(389632K) From: 1536K(1536K)->1920K(2048K)
[35.791s][info][gc,heap        ] GC(170) ParOldGen: 43355K(1398272K)->43571K(1398272K)
[35.791s][info][gc,metaspace   ] GC(170) Metaspace: 74261K(74688K)->74261K(74688K) NonClass: 58804K(59008K)->58804K(59008K) Class: 15456K(15680K)->15456K(15680K)
[35.791s][info][gc             ] GC(170) Pause Young (Allocation Failure) 432M->44M(1748M) 1.338ms
[35.791s][info][gc,cpu         ] GC(170) User=0.00s Sys=0.00s Real=0.00s
[35.889s][info][gc,start       ] GC(171) Pause Young (Allocation Failure)
[35.890s][info][gc,heap        ] GC(171) PSYoungGen: 391552K(391680K)->1824K(383488K) Eden: 389632K(389632K)->0K(381440K) From: 1920K(2048K)->1824K(2048K)
[35.890s][info][gc,heap        ] GC(171) ParOldGen: 43571K(1398272K)->43835K(1398272K)
[35.890s][info][gc,metaspace   ] GC(171) Metaspace: 74261K(74688K)->74261K(74688K) NonClass: 58804K(59008K)->58804K(59008K) Class: 15456K(15680K)->15456K(15680K)
[35.890s][info][gc             ] GC(171) Pause Young (Allocation Failure) 424M->44M(1740M) 1.265ms
[35.890s][info][gc,cpu         ] GC(171) User=0.00s Sys=0.00s Real=0.00s
[35.984s][info][gc,start       ] GC(172) Pause Young (Allocation Failure)
[35.985s][info][gc,heap        ] GC(172) PSYoungGen: 383264K(383488K)->1920K(375808K) Eden: 381440K(381440K)->0K(373760K) From: 1824K(2048K)->1920K(2048K)
[35.985s][info][gc,heap        ] GC(172) ParOldGen: 43835K(1398272K)->43947K(1398272K)
[35.985s][info][gc,metaspace   ] GC(172) Metaspace: 74261K(74688K)->74261K(74688K) NonClass: 58804K(59008K)->58804K(59008K) Class: 15456K(15680K)->15456K(15680K)
[35.985s][info][gc             ] GC(172) Pause Young (Allocation Failure) 417M->44M(1732M) 1.367ms
[35.985s][info][gc,cpu         ] GC(172) User=0.00s Sys=0.00s Real=0.00s
[36.077s][info][gc,start       ] GC(173) Pause Young (Allocation Failure)
[36.078s][info][gc,heap        ] GC(173) PSYoungGen: 375680K(375808K)->1536K(450048K) Eden: 373760K(373760K)->0K(448512K) From: 1920K(2048K)->1536K(1536K)
[36.078s][info][gc,heap        ] GC(173) ParOldGen: 43947K(1398272K)->44139K(1398272K)
[36.078s][info][gc,metaspace   ] GC(173) Metaspace: 74261K(74688K)->74261K(74688K) NonClass: 58804K(59008K)->58804K(59008K) Class: 15456K(15680K)->15456K(15680K)
[36.078s][info][gc             ] GC(173) Pause Young (Allocation Failure) 409M->44M(1805M) 1.188ms
[36.078s][info][gc,cpu         ] GC(173) User=0.00s Sys=0.00s Real=0.00s
[36.188s][info][gc,start       ] GC(174) Pause Young (Allocation Failure)
[36.189s][info][gc,heap        ] GC(174) PSYoungGen: 450048K(450048K)->1792K(440320K) Eden: 448512K(448512K)->0K(438272K) From: 1536K(1536K)->1792K(2048K)
[36.189s][info][gc,heap        ] GC(174) ParOldGen: 44139K(1398272K)->44275K(1398272K)
[36.189s][info][gc,metaspace   ] GC(174) Metaspace: 74261K(74688K)->74261K(74688K) NonClass: 58804K(59008K)->58804K(59008K) Class: 15456K(15680K)->15456K(15680K)
[36.189s][info][gc             ] GC(174) Pause Young (Allocation Failure) 482M->44M(1795M) 1.402ms
[36.189s][info][gc,cpu         ] GC(174) User=0.00s Sys=0.00s Real=0.00s
[36.296s][info][gc,start       ] GC(175) Pause Young (Allocation Failure)
[36.297s][info][gc,heap        ] GC(175) PSYoungGen: 440064K(440320K)->1920K(430592K) Eden: 438272K(438272K)->0K(428544K) From: 1792K(2048K)->1920K(2048K)
[36.297s][info][gc,heap        ] GC(175) ParOldGen: 44275K(1398272K)->44419K(1398272K)
[36.297s][info][gc,metaspace   ] GC(175) Metaspace: 74261K(74688K)->74261K(74688K) NonClass: 58804K(59008K)->58804K(59008K) Class: 15456K(15680K)->15456K(15680K)
[36.297s][info][gc             ] GC(175) Pause Young (Allocation Failure) 472M->45M(1786M) 1.251ms
[36.297s][info][gc,cpu         ] GC(175) User=0.00s Sys=0.00s Real=0.00s
[36.402s][info][gc,start       ] GC(176) Pause Young (Allocation Failure)
[36.403s][info][gc,heap        ] GC(176) PSYoungGen: 430464K(430592K)->1888K(421376K) Eden: 428544K(428544K)->0K(419328K) From: 1920K(2048K)->1888K(2048K)
[36.403s][info][gc,heap        ] GC(176) ParOldGen: 44419K(1398272K)->44531K(1398272K)
[36.403s][info][gc,metaspace   ] GC(176) Metaspace: 74261K(74688K)->74261K(74688K) NonClass: 58804K(59008K)->58804K(59008K) Class: 15456K(15680K)->15456K(15680K)
[36.403s][info][gc             ] GC(176) Pause Young (Allocation Failure) 463M->45M(1777M) 1.412ms
[36.403s][info][gc,cpu         ] GC(176) User=0.00s Sys=0.00s Real=0.00s
[36.507s][info][gc,start       ] GC(177) Pause Young (Allocation Failure)
[36.508s][info][gc,heap        ] GC(177) PSYoungGen: 421216K(421376K)->1536K(411648K) Eden: 419328K(419328K)->0K(410112K) From: 1888K(2048K)->1536K(1536K)
[36.508s][info][gc,heap        ] GC(177) ParOldGen: 44531K(1398272K)->44739K(1398272K)
[36.508s][info][gc,metaspace   ] GC(177) Metaspace: 74261K(74688K)->74261K(74688K) NonClass: 58804K(59008K)->58804K(59008K) Class: 15456K(15680K)->15456K(15680K)
[36.508s][info][gc             ] GC(177) Pause Young (Allocation Failure) 454M->45M(1767M) 1.253ms
[36.508s][info][gc,cpu         ] GC(177) User=0.00s Sys=0.00s Real=0.00s
[36.608s][info][gc,start       ] GC(178) Pause Young (Allocation Failure)
[36.610s][info][gc,heap        ] GC(178) PSYoungGen: 411648K(411648K)->1888K(403456K) Eden: 410112K(410112K)->0K(401408K) From: 1536K(1536K)->1888K(2048K)
[36.610s][info][gc,heap        ] GC(178) ParOldGen: 44739K(1398272K)->44867K(1398272K)
[36.610s][info][gc,metaspace   ] GC(178) Metaspace: 74261K(74688K)->74261K(74688K) NonClass: 58804K(59008K)->58804K(59008K) Class: 15456K(15680K)->15456K(15680K)
[36.610s][info][gc             ] GC(178) Pause Young (Allocation Failure) 445M->45M(1759M) 1.402ms
[36.610s][info][gc,cpu         ] GC(178) User=0.00s Sys=0.00s Real=0.00s
[36.708s][info][gc,start       ] GC(179) Pause Young (Allocation Failure)
[36.709s][info][gc,heap        ] GC(179) PSYoungGen: 403296K(403456K)->1888K(395264K) Eden: 401408K(401408K)->0K(393216K) From: 1888K(2048K)->1888K(2048K)
[36.709s][info][gc,heap        ] GC(179) ParOldGen: 44867K(1398272K)->44987K(1398272K)
[36.709s][info][gc,metaspace   ] GC(179) Metaspace: 74261K(74688K)->74261K(74688K) NonClass: 58804K(59008K)->58804K(59008K) Class: 15456K(15680K)->15456K(15680K)
[36.709s][info][gc             ] GC(179) Pause Young (Allocation Failure) 437M->45M(1751M) 1.141ms
[36.709s][info][gc,cpu         ] GC(179) User=0.00s Sys=0.00s Real=0.00s
[36.806s][info][gc,start       ] GC(180) Pause Young (Allocation Failure)
[36.807s][info][gc,heap        ] GC(180) PSYoungGen: 395104K(395264K)->1984K(474112K) Eden: 393216K(393216K)->0K(472064K) From: 1888K(2048K)->1984K(2048K)
[36.807s][info][gc,heap        ] GC(180) ParOldGen: 44987K(1398272K)->45195K(1398272K)
[36.807s][info][gc,metaspace   ] GC(180) Metaspace: 74261K(74688K)->74261K(74688K) NonClass: 58804K(59008K)->58804K(59008K) Class: 15456K(15680K)->15456K(15680K)
[36.807s][info][gc             ] GC(180) Pause Young (Allocation Failure) 429M->46M(1828M) 1.465ms
[36.807s][info][gc,cpu         ] GC(180) User=0.00s Sys=0.00s Real=0.00s
[36.924s][info][gc,start       ] GC(181) Pause Young (Allocation Failure)
[36.925s][info][gc,heap        ] GC(181) PSYoungGen: 474048K(474112K)->512K(461824K) Eden: 472064K(472064K)->0K(461312K) From: 1984K(2048K)->512K(512K)
[36.925s][info][gc,heap        ] GC(181) ParOldGen: 45195K(1398272K)->46227K(1398272K)
[36.925s][info][gc,metaspace   ] GC(181) Metaspace: 74261K(74688K)->74261K(74688K) NonClass: 58804K(59008K)->58804K(59008K) Class: 15456K(15680K)->15456K(15680K)
[36.926s][info][gc             ] GC(181) Pause Young (Allocation Failure) 507M->45M(1816M) 1.231ms
[36.926s][info][gc,cpu         ] GC(181) User=0.00s Sys=0.00s Real=0.00s
[37.045s][info][gc,start       ] GC(182) Pause Young (Allocation Failure)
[37.046s][info][gc,heap        ] GC(182) PSYoungGen: 461824K(461824K)->1568K(453120K) Eden: 461312K(461312K)->0K(450560K) From: 512K(512K)->1568K(2560K)
[37.046s][info][gc,heap        ] GC(182) ParOldGen: 46227K(1398272K)->46507K(1398272K)
[37.046s][info][gc,metaspace   ] GC(182) Metaspace: 74261K(74688K)->74261K(74688K) NonClass: 58804K(59008K)->58804K(59008K) Class: 15456K(15680K)->15456K(15680K)
[37.047s][info][gc             ] GC(182) Pause Young (Allocation Failure) 496M->46M(1808M) 1.097ms
[37.047s][info][gc,cpu         ] GC(182) User=0.00s Sys=0.00s Real=0.00s
[37.176s][info][gc,start       ] GC(183) Pause Young (Allocation Failure)
[37.177s][info][gc,heap        ] GC(183) PSYoungGen: 452128K(453120K)->1408K(441856K) Eden: 450560K(450560K)->0K(440320K) From: 1568K(2560K)->1408K(1536K)
[37.177s][info][gc,heap        ] GC(183) ParOldGen: 46507K(1398272K)->46899K(1398272K)
[37.177s][info][gc,metaspace   ] GC(183) Metaspace: 74264K(74688K)->74264K(74688K) NonClass: 58808K(59008K)->58808K(59008K) Class: 15456K(15680K)->15456K(15680K)
[37.177s][info][gc             ] GC(183) Pause Young (Allocation Failure) 486M->47M(1797M) 1.219ms
[37.177s][info][gc,cpu         ] GC(183) User=0.00s Sys=0.00s Real=0.00s
[37.315s][info][gc,start       ] GC(184) Pause Young (Allocation Failure)
[37.316s][info][gc,heap        ] GC(184) PSYoungGen: 441728K(441856K)->1440K(432128K) Eden: 440320K(440320K)->0K(430592K) From: 1408K(1536K)->1440K(1536K)
[37.316s][info][gc,heap        ] GC(184) ParOldGen: 46899K(1398272K)->47171K(1398272K)
[37.316s][info][gc,metaspace   ] GC(184) Metaspace: 74272K(74688K)->74272K(74688K) NonClass: 58816K(59008K)->58816K(59008K) Class: 15456K(15680K)->15456K(15680K)
[37.316s][info][gc             ] GC(184) Pause Young (Allocation Failure) 477M->47M(1787M) 1.196ms
[37.316s][info][gc,cpu         ] GC(184) User=0.00s Sys=0.00s Real=0.00s
[37.483s][info][gc,start       ] GC(185) Pause Young (Allocation Failure)
[37.484s][info][gc,heap        ] GC(185) PSYoungGen: 432032K(432128K)->1248K(422912K) Eden: 430592K(430592K)->0K(421376K) From: 1440K(1536K)->1248K(1536K)
[37.484s][info][gc,heap        ] GC(185) ParOldGen: 47171K(1398272K)->47523K(1398272K)
[37.484s][info][gc,metaspace   ] GC(185) Metaspace: 74272K(74688K)->74272K(74688K) NonClass: 58816K(59008K)->58816K(59008K) Class: 15456K(15680K)->15456K(15680K)
[37.484s][info][gc             ] GC(185) Pause Young (Allocation Failure) 467M->47M(1778M) 1.264ms
[37.484s][info][gc,cpu         ] GC(185) User=0.00s Sys=0.00s Real=0.00s
[37.678s][info][gc,start       ] GC(186) Pause Young (Allocation Failure)
[37.679s][info][gc,heap        ] GC(186) PSYoungGen: 422624K(422912K)->1120K(413696K) Eden: 421376K(421376K)->0K(412160K) From: 1248K(1536K)->1120K(1536K)
[37.679s][info][gc,heap        ] GC(186) ParOldGen: 47523K(1398272K)->47787K(1398272K)
[37.679s][info][gc,metaspace   ] GC(186) Metaspace: 74272K(74688K)->74272K(74688K) NonClass: 58816K(59008K)->58816K(59008K) Class: 15456K(15680K)->15456K(15680K)
[37.679s][info][gc             ] GC(186) Pause Young (Allocation Failure) 459M->47M(1769M) 1.215ms
[37.679s][info][gc,cpu         ] GC(186) User=0.31s Sys=0.02s Real=0.00s
[37.897s][info][gc,start       ] GC(187) Pause Young (Allocation Failure)
[37.898s][info][gc,heap        ] GC(187) PSYoungGen: 413280K(413696K)->1056K(404992K) Eden: 412160K(412160K)->0K(403456K) From: 1120K(1536K)->1056K(1536K)
[37.898s][info][gc,heap        ] GC(187) ParOldGen: 47787K(1398272K)->48099K(1398272K)
[37.898s][info][gc,metaspace   ] GC(187) Metaspace: 74272K(74688K)->74272K(74688K) NonClass: 58816K(59008K)->58816K(59008K) Class: 15456K(15680K)->15456K(15680K)
[37.898s][info][gc             ] GC(187) Pause Young (Allocation Failure) 450M->48M(1761M) 1.042ms
[37.898s][info][gc,cpu         ] GC(187) User=0.00s Sys=0.02s Real=0.00s
[38.118s][info][gc,start       ] GC(188) Pause Young (Allocation Failure)
[38.119s][info][gc,heap        ] GC(188) PSYoungGen: 404512K(404992K)->1056K(396288K) Eden: 403456K(403456K)->0K(394752K) From: 1056K(1536K)->1056K(1536K)
[38.119s][info][gc,heap        ] GC(188) ParOldGen: 48099K(1398272K)->48307K(1398272K)
[38.119s][info][gc,metaspace   ] GC(188) Metaspace: 74272K(74688K)->74272K(74688K) NonClass: 58816K(59008K)->58816K(59008K) Class: 15456K(15680K)->15456K(15680K)
[38.119s][info][gc             ] GC(188) Pause Young (Allocation Failure) 442M->48M(1752M) 1.083ms
[38.119s][info][gc,cpu         ] GC(188) User=0.00s Sys=0.00s Real=0.00s
[38.333s][info][gc,start       ] GC(189) Pause Young (Allocation Failure)
[38.334s][info][gc,heap        ] GC(189) PSYoungGen: 395808K(396288K)->1056K(388096K) Eden: 394752K(394752K)->0K(386560K) From: 1056K(1536K)->1056K(1536K)
[38.334s][info][gc,heap        ] GC(189) ParOldGen: 48307K(1398272K)->48339K(1398272K)
[38.334s][info][gc,metaspace   ] GC(189) Metaspace: 74272K(74688K)->74272K(74688K) NonClass: 58816K(59008K)->58816K(59008K) Class: 15456K(15680K)->15456K(15680K)
[38.334s][info][gc             ] GC(189) Pause Young (Allocation Failure) 433M->48M(1744M) 0.873ms
[38.334s][info][gc,cpu         ] GC(189) User=0.00s Sys=0.00s Real=0.00s
[38.543s][info][gc,start       ] GC(190) Pause Young (Allocation Failure)
[38.544s][info][gc,heap        ] GC(190) PSYoungGen: 387616K(388096K)->1056K(379904K) Eden: 386560K(386560K)->0K(378368K) From: 1056K(1536K)->1056K(1536K)
[38.544s][info][gc,heap        ] GC(190) ParOldGen: 48339K(1398272K)->48403K(1398272K)
[38.544s][info][gc,metaspace   ] GC(190) Metaspace: 74272K(74688K)->74272K(74688K) NonClass: 58816K(59008K)->58816K(59008K) Class: 15456K(15680K)->15456K(15680K)
[38.544s][info][gc             ] GC(190) Pause Young (Allocation Failure) 425M->48M(1736M) 0.932ms
[38.544s][info][gc,cpu         ] GC(190) User=0.00s Sys=0.00s Real=0.00s
[38.749s][info][gc,start       ] GC(191) Pause Young (Allocation Failure)
[38.750s][info][gc,heap        ] GC(191) PSYoungGen: 379424K(379904K)->1056K(372224K) Eden: 378368K(378368K)->0K(370688K) From: 1056K(1536K)->1056K(1536K)
[38.750s][info][gc,heap        ] GC(191) ParOldGen: 48403K(1398272K)->48451K(1398272K)
[38.750s][info][gc,metaspace   ] GC(191) Metaspace: 74272K(74688K)->74272K(74688K) NonClass: 58816K(59008K)->58816K(59008K) Class: 15456K(15680K)->15456K(15680K)
[38.750s][info][gc             ] GC(191) Pause Young (Allocation Failure) 417M->48M(1729M) 0.989ms
[38.750s][info][gc,cpu         ] GC(191) User=0.00s Sys=0.00s Real=0.00s
[38.900s][info][gc,start       ] GC(192) Pause Young (System.gc())
[38.902s][info][gc,heap        ] GC(192) PSYoungGen: 231213K(372224K)->1312K(372224K) Eden: 230157K(370688K)->0K(370688K) From: 1056K(1536K)->1312K(1536K)
[38.902s][info][gc,heap        ] GC(192) ParOldGen: 48451K(1398272K)->48619K(1398272K)
[38.902s][info][gc,metaspace   ] GC(192) Metaspace: 74305K(74816K)->74305K(74816K) NonClass: 58848K(59136K)->58848K(59136K) Class: 15456K(15680K)->15456K(15680K)
[38.902s][info][gc             ] GC(192) Pause Young (System.gc()) 273M->48M(1729M) 1.557ms
[38.902s][info][gc,cpu         ] GC(192) User=0.00s Sys=0.00s Real=0.00s
[38.902s][info][gc,start       ] GC(193) Pause Full (System.gc())
[38.902s][info][gc,phases,start] GC(193) Marking Phase
[38.936s][info][gc,phases      ] GC(193) Marking Phase 34.147ms
[38.936s][info][gc,phases,start] GC(193) Summary Phase
[38.936s][info][gc,phases      ] GC(193) Summary Phase 0.014ms
[38.936s][info][gc,phases,start] GC(193) Adjust Roots
[38.954s][info][gc,phases      ] GC(193) Adjust Roots 17.289ms
[38.954s][info][gc,phases,start] GC(193) Compaction Phase
[38.962s][info][gc,phases      ] GC(193) Compaction Phase 8.333ms
[38.962s][info][gc,phases,start] GC(193) Post Compact
[38.963s][info][gc,phases      ] GC(193) Post Compact 0.958ms
[38.963s][info][gc,heap        ] GC(193) PSYoungGen: 1312K(372224K)->0K(372224K) Eden: 0K(370688K)->0K(370688K) From: 1312K(1536K)->0K(1536K)
[38.963s][info][gc,heap        ] GC(193) ParOldGen: 48619K(1398272K)->35596K(1398272K)
[38.963s][info][gc,metaspace   ] GC(193) Metaspace: 74305K(74816K)->74305K(74816K) NonClass: 58848K(59136K)->58848K(59136K) Class: 15456K(15680K)->15456K(15680K)
[38.963s][info][gc             ] GC(193) Pause Full (System.gc()) 48M->34M(1729M) 61.306ms
[38.963s][info][gc,cpu         ] GC(193) User=0.59s Sys=0.00s Real=0.06s
[39.086s][info][gc,start       ] GC(194) Pause Young (Allocation Failure)
[39.087s][info][gc,heap        ] GC(194) PSYoungGen: 370688K(372224K)->2560K(366080K) Eden: 370688K(370688K)->0K(363520K) From: 0K(1536K)->2560K(2560K)
[39.087s][info][gc,heap        ] GC(194) ParOldGen: 35596K(1398272K)->36684K(1398272K)
[39.087s][info][gc,metaspace   ] GC(194) Metaspace: 74423K(74880K)->74423K(74880K) NonClass: 58967K(59200K)->58967K(59200K) Class: 15456K(15680K)->15456K(15680K)
[39.087s][info][gc             ] GC(194) Pause Young (Allocation Failure) 396M->38M(1723M) 1.771ms
[39.088s][info][gc,cpu         ] GC(194) User=0.00s Sys=0.00s Real=0.00s
[39.175s][info][gc,start       ] GC(195) Pause Young (Allocation Failure)
[39.177s][info][gc,heap        ] GC(195) PSYoungGen: 366080K(366080K)->1920K(358400K) Eden: 363520K(363520K)->0K(356352K) From: 2560K(2560K)->1920K(2048K)
[39.177s][info][gc,heap        ] GC(195) ParOldGen: 36684K(1398272K)->38404K(1398272K)
[39.177s][info][gc,metaspace   ] GC(195) Metaspace: 74423K(74880K)->74423K(74880K) NonClass: 58967K(59200K)->58967K(59200K) Class: 15456K(15680K)->15456K(15680K)
[39.177s][info][gc             ] GC(195) Pause Young (Allocation Failure) 393M->39M(1715M) 1.879ms
[39.177s][info][gc,cpu         ] GC(195) User=0.00s Sys=0.00s Real=0.00s
[39.264s][info][gc,start       ] GC(196) Pause Young (Allocation Failure)
[39.265s][info][gc,heap        ] GC(196) PSYoungGen: 358272K(358400K)->1856K(351232K) Eden: 356352K(356352K)->0K(349184K) From: 1920K(2048K)->1856K(2048K)
[39.265s][info][gc,heap        ] GC(196) ParOldGen: 38404K(1398272K)->38580K(1398272K)
[39.265s][info][gc,metaspace   ] GC(196) Metaspace: 74423K(74880K)->74423K(74880K) NonClass: 58967K(59200K)->58967K(59200K) Class: 15456K(15680K)->15456K(15680K)
[39.265s][info][gc             ] GC(196) Pause Young (Allocation Failure) 387M->39M(1708M) 1.123ms
[39.266s][info][gc,cpu         ] GC(196) User=0.00s Sys=0.00s Real=0.00s
[39.350s][info][gc,start       ] GC(197) Pause Young (Allocation Failure)
[39.352s][info][gc,heap        ] GC(197) PSYoungGen: 351040K(351232K)->1792K(344576K) Eden: 349184K(349184K)->0K(342528K) From: 1856K(2048K)->1792K(2048K)
[39.352s][info][gc,heap        ] GC(197) ParOldGen: 38580K(1398272K)->38636K(1398272K)
[39.352s][info][gc,metaspace   ] GC(197) Metaspace: 74423K(74880K)->74423K(74880K) NonClass: 58967K(59200K)->58967K(59200K) Class: 15456K(15680K)->15456K(15680K)
[39.352s][info][gc             ] GC(197) Pause Young (Allocation Failure) 380M->39M(1702M) 1.366ms
[39.352s][info][gc,cpu         ] GC(197) User=0.52s Sys=0.00s Real=0.00s
[39.435s][info][gc,start       ] GC(198) Pause Young (Allocation Failure)
[39.436s][info][gc,heap        ] GC(198) PSYoungGen: 344320K(344576K)->1824K(337920K) Eden: 342528K(342528K)->0K(335872K) From: 1792K(2048K)->1824K(2048K)
[39.436s][info][gc,heap        ] GC(198) ParOldGen: 38636K(1398272K)->38780K(1398272K)
[39.436s][info][gc,metaspace   ] GC(198) Metaspace: 74423K(74880K)->74423K(74880K) NonClass: 58967K(59200K)->58967K(59200K) Class: 15456K(15680K)->15456K(15680K)
[39.436s][info][gc             ] GC(198) Pause Young (Allocation Failure) 373M->39M(1695M) 1.218ms
[39.436s][info][gc,cpu         ] GC(198) User=0.00s Sys=0.00s Real=0.00s
[39.518s][info][gc,start       ] GC(199) Pause Young (Allocation Failure)
[39.519s][info][gc,heap        ] GC(199) PSYoungGen: 337696K(337920K)->1920K(331776K) Eden: 335872K(335872K)->0K(329728K) From: 1824K(2048K)->1920K(2048K)
[39.519s][info][gc,heap        ] GC(199) ParOldGen: 38780K(1398272K)->38876K(1398272K)
[39.519s][info][gc,metaspace   ] GC(199) Metaspace: 74423K(74880K)->74423K(74880K) NonClass: 58967K(59200K)->58967K(59200K) Class: 15456K(15680K)->15456K(15680K)
[39.519s][info][gc             ] GC(199) Pause Young (Allocation Failure) 367M->39M(1689M) 1.322ms
[39.520s][info][gc,cpu         ] GC(199) User=0.00s Sys=0.00s Real=0.00s
[39.600s][info][gc,start       ] GC(200) Pause Young (Allocation Failure)
[39.601s][info][gc,heap        ] GC(200) PSYoungGen: 331648K(331776K)->1856K(325632K) Eden: 329728K(329728K)->0K(323584K) From: 1920K(2048K)->1856K(2048K)
[39.601s][info][gc,heap        ] GC(200) ParOldGen: 38876K(1398272K)->38948K(1398272K)
[39.601s][info][gc,metaspace   ] GC(200) Metaspace: 74423K(74880K)->74423K(74880K) NonClass: 58967K(59200K)->58967K(59200K) Class: 15456K(15680K)->15456K(15680K)
[39.601s][info][gc             ] GC(200) Pause Young (Allocation Failure) 361M->39M(1683M) 1.140ms
[39.601s][info][gc,cpu         ] GC(200) User=0.02s Sys=0.00s Real=0.00s
[39.680s][info][gc,start       ] GC(201) Pause Young (Allocation Failure)
[39.681s][info][gc,heap        ] GC(201) PSYoungGen: 325440K(325632K)->1856K(390656K) Eden: 323584K(323584K)->0K(388608K) From: 1856K(2048K)->1856K(2048K)
[39.681s][info][gc,heap        ] GC(201) ParOldGen: 38948K(1398272K)->38988K(1398272K)
[39.681s][info][gc,metaspace   ] GC(201) Metaspace: 74423K(74880K)->74423K(74880K) NonClass: 58967K(59200K)->58967K(59200K) Class: 15456K(15680K)->15456K(15680K)
[39.681s][info][gc             ] GC(201) Pause Young (Allocation Failure) 355M->39M(1747M) 1.358ms
[39.681s][info][gc,cpu         ] GC(201) User=0.00s Sys=0.00s Real=0.00s
[39.776s][info][gc,start       ] GC(202) Pause Young (Allocation Failure)
[39.778s][info][gc,heap        ] GC(202) PSYoungGen: 390464K(390656K)->1888K(468480K) Eden: 388608K(388608K)->0K(466432K) From: 1856K(2048K)->1888K(2048K)
[39.778s][info][gc,heap        ] GC(202) ParOldGen: 38988K(1398272K)->39028K(1398272K)
[39.778s][info][gc,metaspace   ] GC(202) Metaspace: 74423K(74880K)->74423K(74880K) NonClass: 58967K(59200K)->58967K(59200K) Class: 15456K(15680K)->15456K(15680K)
[39.778s][info][gc             ] GC(202) Pause Young (Allocation Failure) 419M->39M(1823M) 1.276ms
[39.778s][info][gc,cpu         ] GC(202) User=0.00s Sys=0.00s Real=0.00s
[39.892s][info][gc,start       ] GC(203) Pause Young (Allocation Failure)
[39.893s][info][gc,heap        ] GC(203) PSYoungGen: 468320K(468480K)->1792K(457728K) Eden: 466432K(466432K)->0K(455680K) From: 1888K(2048K)->1792K(2048K)
[39.893s][info][gc,heap        ] GC(203) ParOldGen: 39028K(1398272K)->39284K(1398272K)
[39.893s][info][gc,metaspace   ] GC(203) Metaspace: 74423K(74880K)->74423K(74880K) NonClass: 58967K(59200K)->58967K(59200K) Class: 15456K(15680K)->15456K(15680K)
[39.893s][info][gc             ] GC(203) Pause Young (Allocation Failure) 495M->40M(1812M) 1.435ms
[39.893s][info][gc,cpu         ] GC(203) User=0.00s Sys=0.00s Real=0.00s
[40.004s][info][gc,start       ] GC(204) Pause Young (Allocation Failure)
[40.005s][info][gc,heap        ] GC(204) PSYoungGen: 457472K(457728K)->1824K(447488K) Eden: 455680K(455680K)->0K(445440K) From: 1792K(2048K)->1824K(2048K)
[40.005s][info][gc,heap        ] GC(204) ParOldGen: 39284K(1398272K)->39444K(1398272K)
[40.005s][info][gc,metaspace   ] GC(204) Metaspace: 74423K(74880K)->74423K(74880K) NonClass: 58967K(59200K)->58967K(59200K) Class: 15456K(15680K)->15456K(15680K)
[40.005s][info][gc             ] GC(204) Pause Young (Allocation Failure) 485M->40M(1802M) 1.203ms
[40.005s][info][gc,cpu         ] GC(204) User=0.00s Sys=0.00s Real=0.00s
[40.114s][info][gc,start       ] GC(205) Pause Young (Allocation Failure)
[40.115s][info][gc,heap        ] GC(205) PSYoungGen: 447264K(447488K)->1888K(437760K) Eden: 445440K(445440K)->0K(435712K) From: 1824K(2048K)->1888K(2048K)
[40.115s][info][gc,heap        ] GC(205) ParOldGen: 39444K(1398272K)->39556K(1398272K)
[40.115s][info][gc,metaspace   ] GC(205) Metaspace: 74423K(74880K)->74423K(74880K) NonClass: 58967K(59200K)->58967K(59200K) Class: 15456K(15680K)->15456K(15680K)
[40.115s][info][gc             ] GC(205) Pause Young (Allocation Failure) 475M->40M(1793M) 1.412ms
[40.115s][info][gc,cpu         ] GC(205) User=0.00s Sys=0.00s Real=0.00s
[40.221s][info][gc,start       ] GC(206) Pause Young (Allocation Failure)
[40.222s][info][gc,heap        ] GC(206) PSYoungGen: 437600K(437760K)->1536K(427520K) Eden: 435712K(435712K)->0K(425984K) From: 1888K(2048K)->1536K(1536K)
[40.222s][info][gc,heap        ] GC(206) ParOldGen: 39556K(1398272K)->39732K(1398272K)
[40.222s][info][gc,metaspace   ] GC(206) Metaspace: 74423K(74880K)->74423K(74880K) NonClass: 58967K(59200K)->58967K(59200K) Class: 15456K(15680K)->15456K(15680K)
[40.222s][info][gc             ] GC(206) Pause Young (Allocation Failure) 465M->40M(1783M) 1.079ms
[40.222s][info][gc,cpu         ] GC(206) User=0.00s Sys=0.00s Real=0.00s
[40.326s][info][gc,start       ] GC(207) Pause Young (Allocation Failure)
[40.327s][info][gc,heap        ] GC(207) PSYoungGen: 427520K(427520K)->1920K(418816K) Eden: 425984K(425984K)->0K(416768K) From: 1536K(1536K)->1920K(2048K)
[40.327s][info][gc,heap        ] GC(207) ParOldGen: 39732K(1398272K)->39996K(1398272K)
[40.327s][info][gc,metaspace   ] GC(207) Metaspace: 74423K(74880K)->74423K(74880K) NonClass: 58967K(59200K)->58967K(59200K) Class: 15456K(15680K)->15456K(15680K)
[40.327s][info][gc             ] GC(207) Pause Young (Allocation Failure) 456M->40M(1774M) 1.351ms
[40.328s][info][gc,cpu         ] GC(207) User=0.00s Sys=0.00s Real=0.00s
[40.429s][info][gc,start       ] GC(208) Pause Young (Allocation Failure)
[40.430s][info][gc,heap        ] GC(208) PSYoungGen: 418688K(418816K)->1824K(409600K) Eden: 416768K(416768K)->0K(407552K) From: 1920K(2048K)->1824K(2048K)
[40.430s][info][gc,heap        ] GC(208) ParOldGen: 39996K(1398272K)->40148K(1398272K)
[40.430s][info][gc,metaspace   ] GC(208) Metaspace: 74423K(74880K)->74423K(74880K) NonClass: 58967K(59200K)->58967K(59200K) Class: 15456K(15680K)->15456K(15680K)
[40.430s][info][gc             ] GC(208) Pause Young (Allocation Failure) 447M->40M(1765M) 1.190ms
[40.430s][info][gc,cpu         ] GC(208) User=0.52s Sys=0.00s Real=0.00s
[40.530s][info][gc,start       ] GC(209) Pause Young (Allocation Failure)
[40.531s][info][gc,heap        ] GC(209) PSYoungGen: 409376K(409600K)->1824K(400896K) Eden: 407552K(407552K)->0K(398848K) From: 1824K(2048K)->1824K(2048K)
[40.531s][info][gc,heap        ] GC(209) ParOldGen: 40148K(1398272K)->40236K(1398272K)
[40.531s][info][gc,metaspace   ] GC(209) Metaspace: 74423K(74880K)->74423K(74880K) NonClass: 58967K(59200K)->58967K(59200K) Class: 15456K(15680K)->15456K(15680K)
[40.531s][info][gc             ] GC(209) Pause Young (Allocation Failure) 438M->41M(1757M) 1.280ms
[40.531s][info][gc,cpu         ] GC(209) User=0.00s Sys=0.00s Real=0.00s
[40.631s][info][gc,start       ] GC(210) Pause Young (Allocation Failure)
[40.632s][info][gc,heap        ] GC(210) PSYoungGen: 400672K(400896K)->1536K(392192K) Eden: 398848K(398848K)->0K(390656K) From: 1824K(2048K)->1536K(1536K)
[40.632s][info][gc,heap        ] GC(210) ParOldGen: 40236K(1398272K)->40444K(1398272K)
[40.632s][info][gc,metaspace   ] GC(210) Metaspace: 74423K(74880K)->74423K(74880K) NonClass: 58967K(59200K)->58967K(59200K) Class: 15456K(15680K)->15456K(15680K)
[40.632s][info][gc             ] GC(210) Pause Young (Allocation Failure) 430M->40M(1748M) 1.219ms
[40.632s][info][gc,cpu         ] GC(210) User=0.31s Sys=0.03s Real=0.00s
[40.727s][info][gc,start       ] GC(211) Pause Young (Allocation Failure)
[40.728s][info][gc,heap        ] GC(211) PSYoungGen: 392192K(392192K)->1888K(384512K) Eden: 390656K(390656K)->0K(382464K) From: 1536K(1536K)->1888K(2048K)
[40.728s][info][gc,heap        ] GC(211) ParOldGen: 40444K(1398272K)->40708K(1398272K)
[40.728s][info][gc,metaspace   ] GC(211) Metaspace: 74423K(74880K)->74423K(74880K) NonClass: 58967K(59200K)->58967K(59200K) Class: 15456K(15680K)->15456K(15680K)
[40.728s][info][gc             ] GC(211) Pause Young (Allocation Failure) 422M->41M(1741M) 1.440ms
[40.728s][info][gc,cpu         ] GC(211) User=0.00s Sys=0.00s Real=0.00s
[40.822s][info][gc,start       ] GC(212) Pause Young (Allocation Failure)
[40.823s][info][gc,heap        ] GC(212) PSYoungGen: 384352K(384512K)->1888K(376832K) Eden: 382464K(382464K)->0K(374784K) From: 1888K(2048K)->1888K(2048K)
[40.823s][info][gc,heap        ] GC(212) ParOldGen: 40708K(1398272K)->40964K(1398272K)
[40.823s][info][gc,metaspace   ] GC(212) Metaspace: 74423K(74880K)->74423K(74880K) NonClass: 58967K(59200K)->58967K(59200K) Class: 15456K(15680K)->15456K(15680K)
[40.823s][info][gc             ] GC(212) Pause Young (Allocation Failure) 415M->41M(1733M) 1.064ms
[40.823s][info][gc,cpu         ] GC(212) User=0.00s Sys=0.00s Real=0.00s
[40.915s][info][gc,start       ] GC(213) Pause Young (Allocation Failure)
[40.917s][info][gc,heap        ] GC(213) PSYoungGen: 376672K(376832K)->1760K(369152K) Eden: 374784K(374784K)->0K(367104K) From: 1888K(2048K)->1760K(2048K)
[40.917s][info][gc,heap        ] GC(213) ParOldGen: 40964K(1398272K)->41076K(1398272K)
[40.917s][info][gc,metaspace   ] GC(213) Metaspace: 74423K(74880K)->74423K(74880K) NonClass: 58967K(59200K)->58967K(59200K) Class: 15456K(15680K)->15456K(15680K)
[40.917s][info][gc             ] GC(213) Pause Young (Allocation Failure) 407M->41M(1726M) 1.377ms
[40.917s][info][gc,cpu         ] GC(213) User=0.00s Sys=0.00s Real=0.00s
[41.007s][info][gc,start       ] GC(214) Pause Young (Allocation Failure)
[41.008s][info][gc,heap        ] GC(214) PSYoungGen: 368864K(369152K)->1536K(361472K) Eden: 367104K(367104K)->0K(359936K) From: 1760K(2048K)->1536K(1536K)
[41.008s][info][gc,heap        ] GC(214) ParOldGen: 41076K(1398272K)->41252K(1398272K)
[41.008s][info][gc,metaspace   ] GC(214) Metaspace: 74423K(74880K)->74423K(74880K) NonClass: 58967K(59200K)->58967K(59200K) Class: 15456K(15680K)->15456K(15680K)
[41.009s][info][gc             ] GC(214) Pause Young (Allocation Failure) 400M->41M(1718M) 1.138ms
[41.009s][info][gc,cpu         ] GC(214) User=0.00s Sys=0.02s Real=0.00s
[41.096s][info][gc,start       ] GC(215) Pause Young (Allocation Failure)
[41.098s][info][gc,heap        ] GC(215) PSYoungGen: 361472K(361472K)->1888K(434176K) Eden: 359936K(359936K)->0K(432128K) From: 1536K(1536K)->1888K(2048K)
[41.098s][info][gc,heap        ] GC(215) ParOldGen: 41252K(1398272K)->41500K(1398272K)
[41.098s][info][gc,metaspace   ] GC(215) Metaspace: 74423K(74880K)->74423K(74880K) NonClass: 58967K(59200K)->58967K(59200K) Class: 15456K(15680K)->15456K(15680K)
[41.098s][info][gc             ] GC(215) Pause Young (Allocation Failure) 393M->42M(1789M) 1.314ms
[41.098s][info][gc,cpu         ] GC(215) User=0.00s Sys=0.00s Real=0.00s
[41.203s][info][gc,start       ] GC(216) Pause Young (Allocation Failure)
[41.204s][info][gc,heap        ] GC(216) PSYoungGen: 434016K(434176K)->1792K(424448K) Eden: 432128K(432128K)->0K(422400K) From: 1888K(2048K)->1792K(2048K)
[41.204s][info][gc,heap        ] GC(216) ParOldGen: 41500K(1398272K)->41652K(1398272K)
[41.204s][info][gc,metaspace   ] GC(216) Metaspace: 74423K(74880K)->74423K(74880K) NonClass: 58967K(59200K)->58967K(59200K) Class: 15456K(15680K)->15456K(15680K)
[41.204s][info][gc             ] GC(216) Pause Young (Allocation Failure) 464M->42M(1780M) 1.106ms
[41.204s][info][gc,cpu         ] GC(216) User=0.00s Sys=0.00s Real=0.00s
[41.307s][info][gc,start       ] GC(217) Pause Young (Allocation Failure)
[41.308s][info][gc,heap        ] GC(217) PSYoungGen: 424192K(424448K)->1856K(415232K) Eden: 422400K(422400K)->0K(413184K) From: 1792K(2048K)->1856K(2048K)
[41.308s][info][gc,heap        ] GC(217) ParOldGen: 41652K(1398272K)->41772K(1398272K)
[41.308s][info][gc,metaspace   ] GC(217) Metaspace: 74424K(74880K)->74424K(74880K) NonClass: 58968K(59200K)->58968K(59200K) Class: 15456K(15680K)->15456K(15680K)
[41.309s][info][gc             ] GC(217) Pause Young (Allocation Failure) 454M->42M(1771M) 1.327ms
[41.309s][info][gc,cpu         ] GC(217) User=0.00s Sys=0.00s Real=0.00s
[41.410s][info][gc,start       ] GC(218) Pause Young (Allocation Failure)
[41.411s][info][gc,heap        ] GC(218) PSYoungGen: 415040K(415232K)->1536K(406016K) Eden: 413184K(413184K)->0K(404480K) From: 1856K(2048K)->1536K(1536K)
[41.411s][info][gc,heap        ] GC(218) ParOldGen: 41772K(1398272K)->41988K(1398272K)
[41.411s][info][gc,metaspace   ] GC(218) Metaspace: 74424K(74880K)->74424K(74880K) NonClass: 58968K(59200K)->58968K(59200K) Class: 15456K(15680K)->15456K(15680K)
[41.411s][info][gc             ] GC(218) Pause Young (Allocation Failure) 446M->42M(1762M) 1.255ms
[41.411s][info][gc,cpu         ] GC(218) User=0.00s Sys=0.00s Real=0.00s
[41.509s][info][gc,start       ] GC(219) Pause Young (Allocation Failure)
[41.511s][info][gc,heap        ] GC(219) PSYoungGen: 406016K(406016K)->1856K(397824K) Eden: 404480K(404480K)->0K(395776K) From: 1536K(1536K)->1856K(2048K)
[41.511s][info][gc,heap        ] GC(219) ParOldGen: 41988K(1398272K)->42148K(1398272K)
[41.511s][info][gc,metaspace   ] GC(219) Metaspace: 74424K(74880K)->74424K(74880K) NonClass: 58968K(59200K)->58968K(59200K) Class: 15456K(15680K)->15456K(15680K)
[41.511s][info][gc             ] GC(219) Pause Young (Allocation Failure) 437M->42M(1754M) 1.301ms
[41.511s][info][gc,cpu         ] GC(219) User=0.00s Sys=0.00s Real=0.00s
[41.609s][info][gc,start       ] GC(220) Pause Young (Allocation Failure)
[41.610s][info][gc,heap        ] GC(220) PSYoungGen: 397632K(397824K)->1824K(389632K) Eden: 395776K(395776K)->0K(387584K) From: 1856K(2048K)->1824K(2048K)
[41.610s][info][gc,heap        ] GC(220) ParOldGen: 42148K(1398272K)->42292K(1398272K)
[41.610s][info][gc,metaspace   ] GC(220) Metaspace: 74424K(74880K)->74424K(74880K) NonClass: 58968K(59200K)->58968K(59200K) Class: 15456K(15680K)->15456K(15680K)
[41.610s][info][gc             ] GC(220) Pause Young (Allocation Failure) 429M->43M(1746M) 1.120ms
[41.610s][info][gc,cpu         ] GC(220) User=0.00s Sys=0.00s Real=0.00s
[41.707s][info][gc,start       ] GC(221) Pause Young (Allocation Failure)
[41.709s][info][gc,heap        ] GC(221) PSYoungGen: 389408K(389632K)->1824K(381440K) Eden: 387584K(387584K)->0K(379392K) From: 1824K(2048K)->1824K(2048K)
[41.709s][info][gc,heap        ] GC(221) ParOldGen: 42292K(1398272K)->42412K(1398272K)
[41.709s][info][gc,metaspace   ] GC(221) Metaspace: 74424K(74880K)->74424K(74880K) NonClass: 58968K(59200K)->58968K(59200K) Class: 15456K(15680K)->15456K(15680K)
[41.709s][info][gc             ] GC(221) Pause Young (Allocation Failure) 421M->43M(1738M) 1.381ms
[41.709s][info][gc,cpu         ] GC(221) User=0.00s Sys=0.00s Real=0.00s
[41.806s][info][gc,start       ] GC(222) Pause Young (Allocation Failure)
[41.807s][info][gc,heap        ] GC(222) PSYoungGen: 381216K(381440K)->1536K(373248K) Eden: 379392K(379392K)->0K(371712K) From: 1824K(2048K)->1536K(1536K)
[41.807s][info][gc,heap        ] GC(222) ParOldGen: 42412K(1398272K)->42596K(1398272K)
[41.807s][info][gc,metaspace   ] GC(222) Metaspace: 74424K(74880K)->74424K(74880K) NonClass: 58968K(59200K)->58968K(59200K) Class: 15456K(15680K)->15456K(15680K)
[41.807s][info][gc             ] GC(222) Pause Young (Allocation Failure) 413M->43M(1730M) 1.243ms
[41.807s][info][gc,cpu         ] GC(222) User=0.00s Sys=0.00s Real=0.00s
[41.901s][info][gc,start       ] GC(223) Pause Young (Allocation Failure)
[41.903s][info][gc,heap        ] GC(223) PSYoungGen: 373248K(373248K)->1888K(366080K) Eden: 371712K(371712K)->0K(364032K) From: 1536K(1536K)->1888K(2048K)
[41.903s][info][gc,heap        ] GC(223) ParOldGen: 42596K(1398272K)->42860K(1398272K)
[41.903s][info][gc,metaspace   ] GC(223) Metaspace: 74424K(74880K)->74424K(74880K) NonClass: 58968K(59200K)->58968K(59200K) Class: 15456K(15680K)->15456K(15680K)
[41.903s][info][gc             ] GC(223) Pause Young (Allocation Failure) 406M->43M(1723M) 1.335ms
[41.903s][info][gc,cpu         ] GC(223) User=0.00s Sys=0.00s Real=0.00s
[41.995s][info][gc,start       ] GC(224) Pause Young (Allocation Failure)
[41.996s][info][gc,heap        ] GC(224) PSYoungGen: 365920K(366080K)->1024K(438272K) Eden: 364032K(364032K)->0K(437248K) From: 1888K(2048K)->1024K(1024K)
[41.996s][info][gc,heap        ] GC(224) ParOldGen: 42860K(1398272K)->43388K(1398272K)
[41.996s][info][gc,metaspace   ] GC(224) Metaspace: 74424K(74880K)->74424K(74880K) NonClass: 58968K(59200K)->58968K(59200K) Class: 15456K(15680K)->15456K(15680K)
[41.996s][info][gc             ] GC(224) Pause Young (Allocation Failure) 399M->43M(1793M) 1.278ms
[41.996s][info][gc,cpu         ] GC(224) User=0.00s Sys=0.00s Real=0.00s
[42.105s][info][gc,start       ] GC(225) Pause Young (Allocation Failure)
[42.106s][info][gc,heap        ] GC(225) PSYoungGen: 438272K(438272K)->1888K(526848K) Eden: 437248K(437248K)->0K(524800K) From: 1024K(1024K)->1888K(2048K)
[42.106s][info][gc,heap        ] GC(225) ParOldGen: 43388K(1398272K)->43588K(1398272K)
[42.106s][info][gc,metaspace   ] GC(225) Metaspace: 74424K(74880K)->74424K(74880K) NonClass: 58968K(59200K)->58968K(59200K) Class: 15456K(15680K)->15456K(15680K)
[42.106s][info][gc             ] GC(225) Pause Young (Allocation Failure) 470M->44M(1880M) 1.300ms
[42.106s][info][gc,cpu         ] GC(225) User=0.00s Sys=0.00s Real=0.00s
[42.240s][info][gc,start       ] GC(226) Pause Young (Allocation Failure)
[42.241s][info][gc,heap        ] GC(226) PSYoungGen: 526688K(526848K)->1856K(514048K) Eden: 524800K(524800K)->0K(512000K) From: 1888K(2048K)->1856K(2048K)
[42.241s][info][gc,heap        ] GC(226) ParOldGen: 43588K(1398272K)->43740K(1398272K)
[42.241s][info][gc,metaspace   ] GC(226) Metaspace: 74424K(74880K)->74424K(74880K) NonClass: 58968K(59200K)->58968K(59200K) Class: 15456K(15680K)->15456K(15680K)
[42.241s][info][gc             ] GC(226) Pause Young (Allocation Failure) 556M->44M(1867M) 1.286ms
[42.241s][info][gc,cpu         ] GC(226) User=0.00s Sys=0.00s Real=0.00s
[42.372s][info][gc,start       ] GC(227) Pause Young (Allocation Failure)
[42.373s][info][gc,heap        ] GC(227) PSYoungGen: 513856K(514048K)->1824K(501760K) Eden: 512000K(512000K)->0K(499712K) From: 1856K(2048K)->1824K(2048K)
[42.373s][info][gc,heap        ] GC(227) ParOldGen: 43740K(1398272K)->43900K(1398272K)
[42.373s][info][gc,metaspace   ] GC(227) Metaspace: 74424K(74880K)->74424K(74880K) NonClass: 58968K(59200K)->58968K(59200K) Class: 15456K(15680K)->15456K(15680K)
[42.373s][info][gc             ] GC(227) Pause Young (Allocation Failure) 544M->44M(1855M) 1.354ms
[42.373s][info][gc,cpu         ] GC(227) User=0.00s Sys=0.00s Real=0.00s
[42.501s][info][gc,start       ] GC(228) Pause Young (Allocation Failure)
[42.502s][info][gc,heap        ] GC(228) PSYoungGen: 501536K(501760K)->1536K(489472K) Eden: 499712K(499712K)->0K(487936K) From: 1824K(2048K)->1536K(1536K)
[42.502s][info][gc,heap        ] GC(228) ParOldGen: 43900K(1398272K)->44092K(1398272K)
[42.502s][info][gc,metaspace   ] GC(228) Metaspace: 74424K(74880K)->74424K(74880K) NonClass: 58968K(59200K)->58968K(59200K) Class: 15456K(15680K)->15456K(15680K)
[42.502s][info][gc             ] GC(228) Pause Young (Allocation Failure) 532M->44M(1843M) 1.190ms
[42.502s][info][gc,cpu         ] GC(228) User=0.00s Sys=0.00s Real=0.00s
[42.622s][info][gc,start       ] GC(229) Pause Young (Allocation Failure)
[42.623s][info][gc,heap        ] GC(229) PSYoungGen: 489472K(489472K)->1824K(478720K) Eden: 487936K(487936K)->0K(476672K) From: 1536K(1536K)->1824K(2048K)
[42.623s][info][gc,heap        ] GC(229) ParOldGen: 44092K(1398272K)->44204K(1398272K)
[42.623s][info][gc,metaspace   ] GC(229) Metaspace: 74424K(74880K)->74424K(74880K) NonClass: 58968K(59200K)->58968K(59200K) Class: 15456K(15680K)->15456K(15680K)
[42.623s][info][gc             ] GC(229) Pause Young (Allocation Failure) 521M->44M(1833M) 1.299ms
[42.623s][info][gc,cpu         ] GC(229) User=0.00s Sys=0.00s Real=0.00s
[42.739s][info][gc,start       ] GC(230) Pause Young (Allocation Failure)
[42.740s][info][gc,heap        ] GC(230) PSYoungGen: 478496K(478720K)->1024K(466432K) Eden: 476672K(476672K)->0K(465408K) From: 1824K(2048K)->1024K(1024K)
[42.740s][info][gc,heap        ] GC(230) ParOldGen: 44204K(1398272K)->44804K(1398272K)
[42.740s][info][gc,metaspace   ] GC(230) Metaspace: 74424K(74880K)->74424K(74880K) NonClass: 58968K(59200K)->58968K(59200K) Class: 15456K(15680K)->15456K(15680K)
[42.741s][info][gc             ] GC(230) Pause Young (Allocation Failure) 510M->44M(1821M) 1.255ms
[42.741s][info][gc,cpu         ] GC(230) User=0.00s Sys=0.00s Real=0.00s
[42.857s][info][gc,start       ] GC(231) Pause Young (Allocation Failure)
[42.858s][info][gc,heap        ] GC(231) PSYoungGen: 466432K(466432K)->1856K(456704K) Eden: 465408K(465408K)->0K(454656K) From: 1024K(1024K)->1856K(2048K)
[42.858s][info][gc,heap        ] GC(231) ParOldGen: 44804K(1398272K)->45092K(1398272K)
[42.858s][info][gc,metaspace   ] GC(231) Metaspace: 74425K(74880K)->74425K(74880K) NonClass: 58968K(59200K)->58968K(59200K) Class: 15456K(15680K)->15456K(15680K)
[42.858s][info][gc             ] GC(231) Pause Young (Allocation Failure) 499M->45M(1811M) 1.212ms
[42.858s][info][gc,cpu         ] GC(231) User=0.00s Sys=0.00s Real=0.00s
[42.968s][info][gc,start       ] GC(232) Pause Young (Allocation Failure)
[42.969s][info][gc,heap        ] GC(232) PSYoungGen: 456512K(456704K)->1536K(445952K) Eden: 454656K(454656K)->0K(444416K) From: 1856K(2048K)->1536K(1536K)
[42.969s][info][gc,heap        ] GC(232) ParOldGen: 45092K(1398272K)->45380K(1398272K)
[42.969s][info][gc,metaspace   ] GC(232) Metaspace: 74425K(74880K)->74425K(74880K) NonClass: 58968K(59200K)->58968K(59200K) Class: 15456K(15680K)->15456K(15680K)
[42.969s][info][gc             ] GC(232) Pause Young (Allocation Failure) 489M->45M(1801M) 1.210ms
[42.970s][info][gc,cpu         ] GC(232) User=0.00s Sys=0.00s Real=0.00s
[43.077s][info][gc,start       ] GC(233) Pause Young (Allocation Failure)
[43.079s][info][gc,heap        ] GC(233) PSYoungGen: 445952K(445952K)->1888K(436736K) Eden: 444416K(444416K)->0K(434688K) From: 1536K(1536K)->1888K(2048K)
[43.079s][info][gc,heap        ] GC(233) ParOldGen: 45380K(1398272K)->45556K(1398272K)
[43.079s][info][gc,metaspace   ] GC(233) Metaspace: 74425K(74880K)->74425K(74880K) NonClass: 58969K(59200K)->58969K(59200K) Class: 15456K(15680K)->15456K(15680K)
[43.079s][info][gc             ] GC(233) Pause Young (Allocation Failure) 479M->46M(1792M) 1.297ms
[43.079s][info][gc,cpu         ] GC(233) User=0.00s Sys=0.00s Real=0.00s
[43.185s][info][gc,start       ] GC(234) Pause Young (Allocation Failure)
[43.186s][info][gc,heap        ] GC(234) PSYoungGen: 436576K(436736K)->1024K(425984K) Eden: 434688K(434688K)->0K(424960K) From: 1888K(2048K)->1024K(1024K)
[43.186s][info][gc,heap        ] GC(234) ParOldGen: 45556K(1398272K)->46068K(1398272K)
[43.186s][info][gc,metaspace   ] GC(234) Metaspace: 74432K(74880K)->74432K(74880K) NonClass: 58975K(59200K)->58975K(59200K) Class: 15456K(15680K)->15456K(15680K)
[43.186s][info][gc             ] GC(234) Pause Young (Allocation Failure) 470M->45M(1781M) 1.223ms
[43.186s][info][gc,cpu         ] GC(234) User=0.00s Sys=0.00s Real=0.00s
[43.290s][info][gc,start       ] GC(235) Pause Young (Allocation Failure)
[43.291s][info][gc,heap        ] GC(235) PSYoungGen: 425984K(425984K)->1856K(417792K) Eden: 424960K(424960K)->0K(415744K) From: 1024K(1024K)->1856K(2048K)
[43.291s][info][gc,heap        ] GC(235) ParOldGen: 46068K(1398272K)->46252K(1398272K)
[43.291s][info][gc,metaspace   ] GC(235) Metaspace: 74433K(74880K)->74433K(74880K) NonClass: 58976K(59200K)->58976K(59200K) Class: 15456K(15680K)->15456K(15680K)
[43.291s][info][gc             ] GC(235) Pause Young (Allocation Failure) 460M->46M(1773M) 1.239ms
[43.291s][info][gc,cpu         ] GC(235) User=0.00s Sys=0.00s Real=0.00s
[43.393s][info][gc,start       ] GC(236) Pause Young (Allocation Failure)
[43.394s][info][gc,heap        ] GC(236) PSYoungGen: 417600K(417792K)->1920K(409088K) Eden: 415744K(415744K)->0K(407040K) From: 1856K(2048K)->1920K(2048K)
[43.394s][info][gc,heap        ] GC(236) ParOldGen: 46252K(1398272K)->46436K(1398272K)
[43.394s][info][gc,metaspace   ] GC(236) Metaspace: 74433K(74880K)->74433K(74880K) NonClass: 58977K(59200K)->58977K(59200K) Class: 15456K(15680K)->15456K(15680K)
[43.394s][info][gc             ] GC(236) Pause Young (Allocation Failure) 452M->47M(1765M) 1.215ms
[43.394s][info][gc,cpu         ] GC(236) User=0.00s Sys=0.00s Real=0.00s
[43.494s][info][gc,start       ] GC(237) Pause Young (Allocation Failure)
[43.495s][info][gc,heap        ] GC(237) PSYoungGen: 408960K(409088K)->1888K(400384K) Eden: 407040K(407040K)->0K(398336K) From: 1920K(2048K)->1888K(2048K)
[43.495s][info][gc,heap        ] GC(237) ParOldGen: 46436K(1398272K)->46540K(1398272K)
[43.495s][info][gc,metaspace   ] GC(237) Metaspace: 74443K(74944K)->74443K(74944K) NonClass: 58986K(59264K)->58986K(59264K) Class: 15456K(15680K)->15456K(15680K)
[43.495s][info][gc             ] GC(237) Pause Young (Allocation Failure) 444M->47M(1756M) 1.405ms
[43.495s][info][gc,cpu         ] GC(237) User=0.00s Sys=0.00s Real=0.00s
[43.594s][info][gc,start       ] GC(238) Pause Young (Allocation Failure)
[43.595s][info][gc,heap        ] GC(238) PSYoungGen: 400224K(400384K)->1536K(391680K) Eden: 398336K(398336K)->0K(390144K) From: 1888K(2048K)->1536K(1536K)
[43.595s][info][gc,heap        ] GC(238) ParOldGen: 46540K(1398272K)->46828K(1398272K)
[43.595s][info][gc,metaspace   ] GC(238) Metaspace: 74443K(74944K)->74443K(74944K) NonClass: 58986K(59264K)->58986K(59264K) Class: 15456K(15680K)->15456K(15680K)
[43.595s][info][gc             ] GC(238) Pause Young (Allocation Failure) 436M->47M(1748M) 1.141ms
[43.595s][info][gc,cpu         ] GC(238) User=0.00s Sys=0.00s Real=0.00s
[43.694s][info][gc,start       ] GC(239) Pause Young (Allocation Failure)
[43.695s][info][gc,heap        ] GC(239) PSYoungGen: 391680K(391680K)->1792K(384000K) Eden: 390144K(390144K)->0K(381952K) From: 1536K(1536K)->1792K(2048K)
[43.695s][info][gc,heap        ] GC(239) ParOldGen: 46828K(1398272K)->47132K(1398272K)
[43.695s][info][gc,metaspace   ] GC(239) Metaspace: 74443K(74944K)->74443K(74944K) NonClass: 58986K(59264K)->58986K(59264K) Class: 15456K(15680K)->15456K(15680K)
[43.695s][info][gc             ] GC(239) Pause Young (Allocation Failure) 428M->47M(1740M) 1.344ms
[43.695s][info][gc,cpu         ] GC(239) User=0.52s Sys=0.00s Real=0.00s
[43.795s][info][gc,start       ] GC(240) Pause Young (Allocation Failure)
[43.796s][info][gc,heap        ] GC(240) PSYoungGen: 383744K(384000K)->1664K(376320K) Eden: 381952K(381952K)->0K(374272K) From: 1792K(2048K)->1664K(2048K)
[43.796s][info][gc,heap        ] GC(240) ParOldGen: 47132K(1398272K)->47476K(1398272K)
[43.796s][info][gc,metaspace   ] GC(240) Metaspace: 74443K(74944K)->74443K(74944K) NonClass: 58986K(59264K)->58986K(59264K) Class: 15456K(15680K)->15456K(15680K)
[43.796s][info][gc             ] GC(240) Pause Young (Allocation Failure) 420M->47M(1733M) 1.069ms
[43.796s][info][gc,cpu         ] GC(240) User=0.00s Sys=0.00s Real=0.00s
[43.897s][info][gc,start       ] GC(241) Pause Young (Allocation Failure)
[43.898s][info][gc,heap        ] GC(241) PSYoungGen: 375936K(376320K)->1568K(368640K) Eden: 374272K(374272K)->0K(366592K) From: 1664K(2048K)->1568K(2048K)
[43.898s][info][gc,heap        ] GC(241) ParOldGen: 47476K(1398272K)->47764K(1398272K)
[43.898s][info][gc,metaspace   ] GC(241) Metaspace: 74443K(74944K)->74443K(74944K) NonClass: 58986K(59264K)->58986K(59264K) Class: 15456K(15680K)->15456K(15680K)
[43.898s][info][gc             ] GC(241) Pause Young (Allocation Failure) 413M->48M(1725M) 1.213ms
[43.898s][info][gc,cpu         ] GC(241) User=0.00s Sys=0.02s Real=0.00s
[44.009s][info][gc,start       ] GC(242) Pause Young (Allocation Failure)
[44.010s][info][gc,heap        ] GC(242) PSYoungGen: 368160K(368640K)->512K(359936K) Eden: 366592K(366592K)->0K(359424K) From: 1568K(2048K)->512K(512K)
[44.010s][info][gc,heap        ] GC(242) ParOldGen: 47764K(1398272K)->48420K(1398272K)
[44.010s][info][gc,metaspace   ] GC(242) Metaspace: 74456K(74944K)->74456K(74944K) NonClass: 59000K(59264K)->59000K(59264K) Class: 15456K(15680K)->15456K(15680K)
[44.010s][info][gc             ] GC(242) Pause Young (Allocation Failure) 406M->47M(1717M) 1.052ms
[44.010s][info][gc,cpu         ] GC(242) User=0.00s Sys=0.00s Real=0.00s
[44.144s][info][gc,start       ] GC(243) Pause Young (Allocation Failure)
[44.145s][info][gc,heap        ] GC(243) PSYoungGen: 359936K(359936K)->1120K(354816K) Eden: 359424K(359424K)->0K(352256K) From: 512K(512K)->1120K(2560K)
[44.145s][info][gc,heap        ] GC(243) ParOldGen: 48420K(1398272K)->48740K(1398272K)
[44.145s][info][gc,metaspace   ] GC(243) Metaspace: 74456K(74944K)->74456K(74944K) NonClass: 59000K(59264K)->59000K(59264K) Class: 15456K(15680K)->15456K(15680K)
[44.145s][info][gc             ] GC(243) Pause Young (Allocation Failure) 398M->48M(1712M) 1.021ms
[44.145s][info][gc,cpu         ] GC(243) User=0.00s Sys=0.00s Real=0.00s
[44.287s][info][gc,start       ] GC(244) Pause Young (Allocation Failure)
[44.289s][info][gc,heap        ] GC(244) PSYoungGen: 353376K(354816K)->1088K(347136K) Eden: 352256K(352256K)->0K(345600K) From: 1120K(2560K)->1088K(1536K)
[44.289s][info][gc,heap        ] GC(244) ParOldGen: 48740K(1398272K)->49012K(1398272K)
[44.289s][info][gc,metaspace   ] GC(244) Metaspace: 74458K(74944K)->74458K(74944K) NonClass: 59001K(59264K)->59001K(59264K) Class: 15456K(15680K)->15456K(15680K)
[44.289s][info][gc             ] GC(244) Pause Young (Allocation Failure) 392M->48M(1704M) 2.765ms
[44.289s][info][gc,cpu         ] GC(244) User=0.00s Sys=0.00s Real=0.00s
[44.433s][info][gc,start       ] GC(245) Pause Young (Allocation Failure)
[44.434s][info][gc,heap        ] GC(245) PSYoungGen: 346688K(347136K)->1088K(340480K) Eden: 345600K(345600K)->0K(338944K) From: 1088K(1536K)->1088K(1536K)
[44.434s][info][gc,heap        ] GC(245) ParOldGen: 49012K(1398272K)->49236K(1398272K)
[44.434s][info][gc,metaspace   ] GC(245) Metaspace: 74458K(74944K)->74458K(74944K) NonClass: 59001K(59264K)->59001K(59264K) Class: 15456K(15680K)->15456K(15680K)
[44.434s][info][gc             ] GC(245) Pause Young (Allocation Failure) 386M->49M(1698M) 1.066ms
[44.434s][info][gc,cpu         ] GC(245) User=0.00s Sys=0.00s Real=0.00s
[44.606s][info][gc,start       ] GC(246) Pause Young (Allocation Failure)
[44.607s][info][gc,heap        ] GC(246) PSYoungGen: 340032K(340480K)->1024K(333824K) Eden: 338944K(338944K)->0K(332800K) From: 1088K(1536K)->1024K(1024K)
[44.607s][info][gc,heap        ] GC(246) ParOldGen: 49236K(1398272K)->49524K(1398272K)
[44.607s][info][gc,metaspace   ] GC(246) Metaspace: 74458K(74944K)->74458K(74944K) NonClass: 59001K(59264K)->59001K(59264K) Class: 15456K(15680K)->15456K(15680K)
[44.607s][info][gc             ] GC(246) Pause Young (Allocation Failure) 380M->49M(1691M) 1.056ms
[44.607s][info][gc,cpu         ] GC(246) User=0.00s Sys=0.00s Real=0.00s
[44.789s][info][gc,start       ] GC(247) Pause Young (Allocation Failure)
[44.790s][info][gc,heap        ] GC(247) PSYoungGen: 333824K(333824K)->1056K(328192K) Eden: 332800K(332800K)->0K(326656K) From: 1024K(1024K)->1056K(1536K)
[44.790s][info][gc,heap        ] GC(247) ParOldGen: 49524K(1398272K)->49732K(1398272K)
[44.790s][info][gc,metaspace   ] GC(247) Metaspace: 74458K(74944K)->74458K(74944K) NonClass: 59001K(59264K)->59001K(59264K) Class: 15456K(15680K)->15456K(15680K)
[44.790s][info][gc             ] GC(247) Pause Young (Allocation Failure) 374M->49M(1686M) 0.940ms
[44.790s][info][gc,cpu         ] GC(247) User=0.00s Sys=0.00s Real=0.00s
[44.967s][info][gc,start       ] GC(248) Pause Young (Allocation Failure)
[44.968s][info][gc,heap        ] GC(248) PSYoungGen: 327712K(328192K)->1056K(322048K) Eden: 326656K(326656K)->0K(320512K) From: 1056K(1536K)->1056K(1536K)
[44.968s][info][gc,heap        ] GC(248) ParOldGen: 49732K(1398272K)->49908K(1398272K)
[44.968s][info][gc,metaspace   ] GC(248) Metaspace: 74458K(74944K)->74458K(74944K) NonClass: 59001K(59264K)->59001K(59264K) Class: 15456K(15680K)->15456K(15680K)
[44.968s][info][gc             ] GC(248) Pause Young (Allocation Failure) 368M->49M(1680M) 0.922ms
[44.968s][info][gc,cpu         ] GC(248) User=0.00s Sys=0.00s Real=0.00s
[45.142s][info][gc,start       ] GC(249) Pause Young (Allocation Failure)
[45.143s][info][gc,heap        ] GC(249) PSYoungGen: 321568K(322048K)->1056K(316416K) Eden: 320512K(320512K)->0K(314880K) From: 1056K(1536K)->1056K(1536K)
[45.143s][info][gc,heap        ] GC(249) ParOldGen: 49908K(1398272K)->49924K(1398272K)
[45.143s][info][gc,metaspace   ] GC(249) Metaspace: 74458K(74944K)->74458K(74944K) NonClass: 59001K(59264K)->59001K(59264K) Class: 15456K(15680K)->15456K(15680K)
[45.143s][info][gc             ] GC(249) Pause Young (Allocation Failure) 362M->49M(1674M) 1.005ms
[45.143s][info][gc,cpu         ] GC(249) User=0.00s Sys=0.00s Real=0.00s
[45.315s][info][gc,start       ] GC(250) Pause Young (Allocation Failure)
[45.316s][info][gc,heap        ] GC(250) PSYoungGen: 315936K(316416K)->1056K(310784K) Eden: 314880K(314880K)->0K(309248K) From: 1056K(1536K)->1056K(1536K)
[45.316s][info][gc,heap        ] GC(250) ParOldGen: 49924K(1398272K)->49932K(1398272K)
[45.316s][info][gc,metaspace   ] GC(250) Metaspace: 74458K(74944K)->74458K(74944K) NonClass: 59001K(59264K)->59001K(59264K) Class: 15456K(15680K)->15456K(15680K)
[45.316s][info][gc             ] GC(250) Pause Young (Allocation Failure) 357M->49M(1669M) 1.040ms
[45.316s][info][gc,cpu         ] GC(250) User=0.00s Sys=0.00s Real=0.00s
[45.484s][info][gc,start       ] GC(251) Pause Young (Allocation Failure)
[45.485s][info][gc,heap        ] GC(251) PSYoungGen: 310304K(310784K)->1056K(305152K) Eden: 309248K(309248K)->0K(303616K) From: 1056K(1536K)->1056K(1536K)
[45.485s][info][gc,heap        ] GC(251) ParOldGen: 49932K(1398272K)->50028K(1398272K)
[45.485s][info][gc,metaspace   ] GC(251) Metaspace: 74458K(74944K)->74458K(74944K) NonClass: 59001K(59264K)->59001K(59264K) Class: 15456K(15680K)->15456K(15680K)
[45.485s][info][gc             ] GC(251) Pause Young (Allocation Failure) 351M->49M(1663M) 0.990ms
[45.485s][info][gc,cpu         ] GC(251) User=0.00s Sys=0.00s Real=0.00s
[45.651s][info][gc,start       ] GC(252) Pause Young (Allocation Failure)
[45.652s][info][gc,heap        ] GC(252) PSYoungGen: 304672K(305152K)->1056K(300032K) Eden: 303616K(303616K)->0K(298496K) From: 1056K(1536K)->1056K(1536K)
[45.652s][info][gc,heap        ] GC(252) ParOldGen: 50028K(1398272K)->50068K(1398272K)
[45.652s][info][gc,metaspace   ] GC(252) Metaspace: 74458K(74944K)->74458K(74944K) NonClass: 59001K(59264K)->59001K(59264K) Class: 15456K(15680K)->15456K(15680K)
[45.652s][info][gc             ] GC(252) Pause Young (Allocation Failure) 346M->49M(1658M) 0.992ms
[45.652s][info][gc,cpu         ] GC(252) User=0.00s Sys=0.00s Real=0.00s
[45.715s][info][gc,start       ] GC(253) Pause Young (System.gc())
[45.717s][info][gc,heap        ] GC(253) PSYoungGen: 79189K(300032K)->1248K(300032K) Eden: 78133K(298496K)->0K(298496K) From: 1056K(1536K)->1248K(1536K)
[45.717s][info][gc,heap        ] GC(253) ParOldGen: 50068K(1398272K)->50228K(1398272K)
[45.717s][info][gc,metaspace   ] GC(253) Metaspace: 74469K(74944K)->74469K(74944K) NonClass: 59013K(59264K)->59013K(59264K) Class: 15456K(15680K)->15456K(15680K)
[45.717s][info][gc             ] GC(253) Pause Young (System.gc()) 126M->50M(1658M) 1.504ms
[45.717s][info][gc,cpu         ] GC(253) User=0.00s Sys=0.00s Real=0.00s
[45.717s][info][gc,start       ] GC(254) Pause Full (System.gc())
[45.717s][info][gc,phases,start] GC(254) Marking Phase
[45.751s][info][gc,phases      ] GC(254) Marking Phase 33.828ms
[45.751s][info][gc,phases,start] GC(254) Summary Phase
[45.751s][info][gc,phases      ] GC(254) Summary Phase 0.013ms
[45.751s][info][gc,phases,start] GC(254) Adjust Roots
[45.762s][info][gc,phases      ] GC(254) Adjust Roots 11.482ms
[45.762s][info][gc,phases,start] GC(254) Compaction Phase
[45.771s][info][gc,phases      ] GC(254) Compaction Phase 8.626ms
[45.771s][info][gc,phases,start] GC(254) Post Compact
[45.772s][info][gc,phases      ] GC(254) Post Compact 0.727ms
[45.772s][info][gc,heap        ] GC(254) PSYoungGen: 1248K(300032K)->0K(300032K) Eden: 0K(298496K)->0K(298496K) From: 1248K(1536K)->0K(1536K)
[45.772s][info][gc,heap        ] GC(254) ParOldGen: 50228K(1398272K)->35497K(1398272K)
[45.772s][info][gc,metaspace   ] GC(254) Metaspace: 74469K(74944K)->74469K(74944K) NonClass: 59013K(59264K)->59013K(59264K) Class: 15456K(15680K)->15456K(15680K)
[45.772s][info][gc             ] GC(254) Pause Full (System.gc()) 50M->34M(1658M) 54.952ms
[45.772s][info][gc,cpu         ] GC(254) User=0.55s Sys=0.00s Real=0.06s
[45.882s][info][gc,start       ] GC(255) Pause Young (Allocation Failure)
[45.884s][info][gc,heap        ] GC(255) PSYoungGen: 298496K(300032K)->2048K(295424K) Eden: 298496K(298496K)->0K(293376K) From: 0K(1536K)->2048K(2048K)
[45.884s][info][gc,heap        ] GC(255) ParOldGen: 35497K(1398272K)->37065K(1398272K)
[45.884s][info][gc,metaspace   ] GC(255) Metaspace: 74701K(75200K)->74701K(75200K) NonClass: 59244K(59520K)->59244K(59520K) Class: 15456K(15680K)->15456K(15680K)
[45.884s][info][gc             ] GC(255) Pause Young (Allocation Failure) 326M->38M(1654M) 1.874ms
[45.884s][info][gc,cpu         ] GC(255) User=0.53s Sys=0.00s Real=0.00s
[45.956s][info][gc,start       ] GC(256) Pause Young (Allocation Failure)
[45.958s][info][gc,heap        ] GC(256) PSYoungGen: 295424K(295424K)->1984K(290304K) Eden: 293376K(293376K)->0K(288256K) From: 2048K(2048K)->1984K(2048K)
[45.958s][info][gc,heap        ] GC(256) ParOldGen: 37065K(1398272K)->38449K(1398272K)
[45.958s][info][gc,metaspace   ] GC(256) Metaspace: 74706K(75200K)->74706K(75200K) NonClass: 59250K(59520K)->59250K(59520K) Class: 15456K(15680K)->15456K(15680K)
[45.958s][info][gc             ] GC(256) Pause Young (Allocation Failure) 324M->39M(1649M) 1.727ms
[45.958s][info][gc,cpu         ] GC(256) User=0.00s Sys=0.00s Real=0.00s
[46.030s][info][gc,start       ] GC(257) Pause Young (Allocation Failure)
[46.031s][info][gc,heap        ] GC(257) PSYoungGen: 290240K(290304K)->1856K(285696K) Eden: 288256K(288256K)->0K(283648K) From: 1984K(2048K)->1856K(2048K)
[46.031s][info][gc,heap        ] GC(257) ParOldGen: 38449K(1398272K)->38681K(1398272K)
[46.031s][info][gc,metaspace   ] GC(257) Metaspace: 74706K(75200K)->74706K(75200K) NonClass: 59250K(59520K)->59250K(59520K) Class: 15456K(15680K)->15456K(15680K)
[46.031s][info][gc             ] GC(257) Pause Young (Allocation Failure) 320M->39M(1644M) 1.155ms
[46.031s][info][gc,cpu         ] GC(257) User=0.00s Sys=0.00s Real=0.00s
[46.103s][info][gc,start       ] GC(258) Pause Young (Allocation Failure)
[46.104s][info][gc,heap        ] GC(258) PSYoungGen: 285504K(285696K)->1952K(342528K) Eden: 283648K(283648K)->0K(340480K) From: 1856K(2048K)->1952K(2048K)
[46.104s][info][gc,heap        ] GC(258) ParOldGen: 38681K(1398272K)->38761K(1398272K)
[46.104s][info][gc,metaspace   ] GC(258) Metaspace: 74740K(75200K)->74740K(75200K) NonClass: 59284K(59520K)->59284K(59520K) Class: 15456K(15680K)->15456K(15680K)
[46.104s][info][gc             ] GC(258) Pause Young (Allocation Failure) 316M->39M(1700M) 1.364ms
[46.104s][info][gc,cpu         ] GC(258) User=0.00s Sys=0.00s Real=0.00s
[46.187s][info][gc,start       ] GC(259) Pause Young (Allocation Failure)
[46.188s][info][gc,heap        ] GC(259) PSYoungGen: 342432K(342528K)->1888K(410624K) Eden: 340480K(340480K)->0K(408576K) From: 1952K(2048K)->1888K(2048K)
[46.188s][info][gc,heap        ] GC(259) ParOldGen: 38761K(1398272K)->38849K(1398272K)
[46.188s][info][gc,metaspace   ] GC(259) Metaspace: 74740K(75200K)->74740K(75200K) NonClass: 59284K(59520K)->59284K(59520K) Class: 15456K(15680K)->15456K(15680K)
[46.188s][info][gc             ] GC(259) Pause Young (Allocation Failure) 372M->39M(1766M) 1.218ms
[46.188s][info][gc,cpu         ] GC(259) User=0.00s Sys=0.00s Real=0.00s
[46.288s][info][gc,start       ] GC(260) Pause Young (Allocation Failure)
[46.289s][info][gc,heap        ] GC(260) PSYoungGen: 410464K(410624K)->1984K(492544K) Eden: 408576K(408576K)->0K(490496K) From: 1888K(2048K)->1984K(2048K)
[46.289s][info][gc,heap        ] GC(260) ParOldGen: 38849K(1398272K)->38921K(1398272K)
[46.289s][info][gc,metaspace   ] GC(260) Metaspace: 74740K(75200K)->74740K(75200K) NonClass: 59284K(59520K)->59284K(59520K) Class: 15456K(15680K)->15456K(15680K)
[46.289s][info][gc             ] GC(260) Pause Young (Allocation Failure) 438M->39M(1846M) 1.376ms
[46.289s][info][gc,cpu         ] GC(260) User=0.00s Sys=0.00s Real=0.00s
[46.409s][info][gc,start       ] GC(261) Pause Young (Allocation Failure)
[46.411s][info][gc,heap        ] GC(261) PSYoungGen: 492480K(492544K)->1920K(480768K) Eden: 490496K(490496K)->0K(478720K) From: 1984K(2048K)->1920K(2048K)
[46.411s][info][gc,heap        ] GC(261) ParOldGen: 38921K(1398272K)->39033K(1398272K)
[46.411s][info][gc,metaspace   ] GC(261) Metaspace: 74740K(75200K)->74740K(75200K) NonClass: 59284K(59520K)->59284K(59520K) Class: 15456K(15680K)->15456K(15680K)
[46.411s][info][gc             ] GC(261) Pause Young (Allocation Failure) 518M->39M(1835M) 1.179ms
[46.411s][info][gc,cpu         ] GC(261) User=0.00s Sys=0.00s Real=0.00s
[46.527s][info][gc,start       ] GC(262) Pause Young (Allocation Failure)
[46.529s][info][gc,heap        ] GC(262) PSYoungGen: 480640K(480768K)->1920K(469504K) Eden: 478720K(478720K)->0K(467456K) From: 1920K(2048K)->1920K(2048K)
[46.529s][info][gc,heap        ] GC(262) ParOldGen: 39033K(1398272K)->39177K(1398272K)
[46.529s][info][gc,metaspace   ] GC(262) Metaspace: 74740K(75200K)->74740K(75200K) NonClass: 59284K(59520K)->59284K(59520K) Class: 15456K(15680K)->15456K(15680K)
[46.529s][info][gc             ] GC(262) Pause Young (Allocation Failure) 507M->40M(1824M) 1.353ms
[46.529s][info][gc,cpu         ] GC(262) User=0.00s Sys=0.00s Real=0.00s
[46.644s][info][gc,start       ] GC(263) Pause Young (Allocation Failure)
[46.646s][info][gc,heap        ] GC(263) PSYoungGen: 469376K(469504K)->1920K(458752K) Eden: 467456K(467456K)->0K(456704K) From: 1920K(2048K)->1920K(2048K)
[46.646s][info][gc,heap        ] GC(263) ParOldGen: 39177K(1398272K)->39289K(1398272K)
[46.646s][info][gc,metaspace   ] GC(263) Metaspace: 74740K(75200K)->74740K(75200K) NonClass: 59284K(59520K)->59284K(59520K) Class: 15456K(15680K)->15456K(15680K)
[46.646s][info][gc             ] GC(263) Pause Young (Allocation Failure) 496M->40M(1813M) 1.205ms
[46.646s][info][gc,cpu         ] GC(263) User=0.00s Sys=0.00s Real=0.00s
[46.757s][info][gc,start       ] GC(264) Pause Young (Allocation Failure)
[46.758s][info][gc,heap        ] GC(264) PSYoungGen: 458624K(458752K)->1888K(448512K) Eden: 456704K(456704K)->0K(446464K) From: 1920K(2048K)->1888K(2048K)
[46.758s][info][gc,heap        ] GC(264) ParOldGen: 39289K(1398272K)->39393K(1398272K)
[46.758s][info][gc,metaspace   ] GC(264) Metaspace: 74740K(75200K)->74740K(75200K) NonClass: 59284K(59520K)->59284K(59520K) Class: 15456K(15680K)->15456K(15680K)
[46.758s][info][gc             ] GC(264) Pause Young (Allocation Failure) 486M->40M(1803M) 1.351ms
[46.758s][info][gc,cpu         ] GC(264) User=0.52s Sys=0.00s Real=0.00s
[46.867s][info][gc,start       ] GC(265) Pause Young (Allocation Failure)
[46.868s][info][gc,heap        ] GC(265) PSYoungGen: 448352K(448512K)->1856K(438272K) Eden: 446464K(446464K)->0K(436224K) From: 1888K(2048K)->1856K(2048K)
[46.868s][info][gc,heap        ] GC(265) ParOldGen: 39393K(1398272K)->39657K(1398272K)
[46.868s][info][gc,metaspace   ] GC(265) Metaspace: 74740K(75200K)->74740K(75200K) NonClass: 59284K(59520K)->59284K(59520K) Class: 15456K(15680K)->15456K(15680K)
[46.869s][info][gc             ] GC(265) Pause Young (Allocation Failure) 476M->40M(1793M) 1.276ms
[46.869s][info][gc,cpu         ] GC(265) User=0.00s Sys=0.00s Real=0.00s
[46.975s][info][gc,start       ] GC(266) Pause Young (Allocation Failure)
[46.977s][info][gc,heap        ] GC(266) PSYoungGen: 438080K(438272K)->1888K(428544K) Eden: 436224K(436224K)->0K(426496K) From: 1856K(2048K)->1888K(2048K)
[46.977s][info][gc,heap        ] GC(266) ParOldGen: 39657K(1398272K)->39785K(1398272K)
[46.977s][info][gc,metaspace   ] GC(266) Metaspace: 74740K(75200K)->74740K(75200K) NonClass: 59284K(59520K)->59284K(59520K) Class: 15456K(15680K)->15456K(15680K)
[46.977s][info][gc             ] GC(266) Pause Young (Allocation Failure) 466M->40M(1784M) 1.363ms
[46.977s][info][gc,cpu         ] GC(266) User=0.52s Sys=0.00s Real=0.00s
[47.081s][info][gc,start       ] GC(267) Pause Young (Allocation Failure)
[47.082s][info][gc,heap        ] GC(267) PSYoungGen: 428384K(428544K)->1920K(419328K) Eden: 426496K(426496K)->0K(417280K) From: 1888K(2048K)->1920K(2048K)
[47.082s][info][gc,heap        ] GC(267) ParOldGen: 39785K(1398272K)->39937K(1398272K)
[47.082s][info][gc,metaspace   ] GC(267) Metaspace: 74740K(75200K)->74740K(75200K) NonClass: 59284K(59520K)->59284K(59520K) Class: 15456K(15680K)->15456K(15680K)
[47.082s][info][gc             ] GC(267) Pause Young (Allocation Failure) 457M->40M(1775M) 1.289ms
[47.082s][info][gc,cpu         ] GC(267) User=0.00s Sys=0.00s Real=0.00s
[47.184s][info][gc,start       ] GC(268) Pause Young (Allocation Failure)
[47.292s][info][gc,heap        ] GC(268) PSYoungGen: 419200K(419328K)->1888K(410112K) Eden: 417280K(417280K)->0K(408064K) From: 1920K(2048K)->1888K(2048K)
[47.292s][info][gc,heap        ] GC(268) ParOldGen: 39937K(1398272K)->40041K(1398272K)
[47.292s][info][gc,metaspace   ] GC(268) Metaspace: 74740K(75200K)->74740K(75200K) NonClass: 59284K(59520K)->59284K(59520K) Class: 15456K(15680K)->15456K(15680K)
[47.292s][info][gc             ] GC(268) Pause Young (Allocation Failure) 448M->40M(1766M) 108.921ms
[47.293s][info][gc,cpu         ] GC(268) User=0.00s Sys=0.00s Real=0.11s
[47.403s][info][gc,start       ] GC(269) Pause Young (Allocation Failure)
[47.404s][info][gc,heap        ] GC(269) PSYoungGen: 409952K(410112K)->1536K(400896K) Eden: 408064K(408064K)->0K(399360K) From: 1888K(2048K)->1536K(1536K)
[47.404s][info][gc,heap        ] GC(269) ParOldGen: 40041K(1398272K)->40217K(1398272K)
[47.404s][info][gc,metaspace   ] GC(269) Metaspace: 74740K(75200K)->74740K(75200K) NonClass: 59284K(59520K)->59284K(59520K) Class: 15456K(15680K)->15456K(15680K)
[47.404s][info][gc             ] GC(269) Pause Young (Allocation Failure) 439M->40M(1757M) 1.166ms
[47.404s][info][gc,cpu         ] GC(269) User=0.00s Sys=0.00s Real=0.00s
[47.501s][info][gc,start       ] GC(270) Pause Young (Allocation Failure)
[47.502s][info][gc,heap        ] GC(270) PSYoungGen: 400896K(400896K)->1920K(393216K) Eden: 399360K(399360K)->0K(391168K) From: 1536K(1536K)->1920K(2048K)
[47.502s][info][gc,heap        ] GC(270) ParOldGen: 40217K(1398272K)->40337K(1398272K)
[47.502s][info][gc,metaspace   ] GC(270) Metaspace: 74740K(75200K)->74740K(75200K) NonClass: 59284K(59520K)->59284K(59520K) Class: 15456K(15680K)->15456K(15680K)
[47.503s][info][gc             ] GC(270) Pause Young (Allocation Failure) 430M->41M(1749M) 1.279ms
[47.503s][info][gc,cpu         ] GC(270) User=0.00s Sys=0.00s Real=0.00s
[47.598s][info][gc,start       ] GC(271) Pause Young (Allocation Failure)
[47.599s][info][gc,heap        ] GC(271) PSYoungGen: 393088K(393216K)->1888K(385024K) Eden: 391168K(391168K)->0K(382976K) From: 1920K(2048K)->1888K(2048K)
[47.599s][info][gc,heap        ] GC(271) ParOldGen: 40337K(1398272K)->40473K(1398272K)
[47.599s][info][gc,metaspace   ] GC(271) Metaspace: 74740K(75200K)->74740K(75200K) NonClass: 59284K(59520K)->59284K(59520K) Class: 15456K(15680K)->15456K(15680K)
[47.599s][info][gc             ] GC(271) Pause Young (Allocation Failure) 423M->41M(1741M) 1.122ms
[47.599s][info][gc,cpu         ] GC(271) User=0.00s Sys=0.00s Real=0.00s
[47.692s][info][gc,start       ] GC(272) Pause Young (Allocation Failure)
[47.694s][info][gc,heap        ] GC(272) PSYoungGen: 384864K(385024K)->1920K(377344K) Eden: 382976K(382976K)->0K(375296K) From: 1888K(2048K)->1920K(2048K)
[47.694s][info][gc,heap        ] GC(272) ParOldGen: 40473K(1398272K)->40569K(1398272K)
[47.694s][info][gc,metaspace   ] GC(272) Metaspace: 74740K(75200K)->74740K(75200K) NonClass: 59284K(59520K)->59284K(59520K) Class: 15456K(15680K)->15456K(15680K)
[47.694s][info][gc             ] GC(272) Pause Young (Allocation Failure) 415M->41M(1734M) 1.374ms
[47.694s][info][gc,cpu         ] GC(272) User=0.00s Sys=0.00s Real=0.00s
[47.787s][info][gc,start       ] GC(273) Pause Young (Allocation Failure)
[47.788s][info][gc,heap        ] GC(273) PSYoungGen: 377216K(377344K)->1536K(369152K) Eden: 375296K(375296K)->0K(367616K) From: 1920K(2048K)->1536K(1536K)
[47.788s][info][gc,heap        ] GC(273) ParOldGen: 40569K(1398272K)->40737K(1398272K)
[47.788s][info][gc,metaspace   ] GC(273) Metaspace: 74740K(75200K)->74740K(75200K) NonClass: 59284K(59520K)->59284K(59520K) Class: 15456K(15680K)->15456K(15680K)
[47.788s][info][gc             ] GC(273) Pause Young (Allocation Failure) 407M->41M(1726M) 1.222ms
[47.788s][info][gc,cpu         ] GC(273) User=0.00s Sys=0.02s Real=0.00s
[47.881s][info][gc,start       ] GC(274) Pause Young (Allocation Failure)
[47.882s][info][gc,heap        ] GC(274) PSYoungGen: 369152K(369152K)->1920K(362496K) Eden: 367616K(367616K)->0K(360448K) From: 1536K(1536K)->1920K(2048K)
[47.882s][info][gc,heap        ] GC(274) ParOldGen: 40737K(1398272K)->41001K(1398272K)
[47.882s][info][gc,metaspace   ] GC(274) Metaspace: 74740K(75200K)->74740K(75200K) NonClass: 59284K(59520K)->59284K(59520K) Class: 15456K(15680K)->15456K(15680K)
[47.883s][info][gc             ] GC(274) Pause Young (Allocation Failure) 400M->41M(1719M) 1.355ms
[47.883s][info][gc,cpu         ] GC(274) User=0.52s Sys=0.00s Real=0.00s
[47.973s][info][gc,start       ] GC(275) Pause Young (Allocation Failure)
[47.974s][info][gc,heap        ] GC(275) PSYoungGen: 362368K(362496K)->1952K(355328K) Eden: 360448K(360448K)->0K(353280K) From: 1920K(2048K)->1952K(2048K)
[47.974s][info][gc,heap        ] GC(275) ParOldGen: 41001K(1398272K)->41145K(1398272K)
[47.974s][info][gc,metaspace   ] GC(275) Metaspace: 74740K(75200K)->74740K(75200K) NonClass: 59284K(59520K)->59284K(59520K) Class: 15456K(15680K)->15456K(15680K)
[47.974s][info][gc             ] GC(275) Pause Young (Allocation Failure) 393M->42M(1712M) 1.122ms
[47.974s][info][gc,cpu         ] GC(275) User=0.00s Sys=0.00s Real=0.00s
[48.060s][info][gc,start       ] GC(276) Pause Young (Allocation Failure)
[48.062s][info][gc,heap        ] GC(276) PSYoungGen: 355232K(355328K)->1920K(425984K) Eden: 353280K(353280K)->0K(423936K) From: 1952K(2048K)->1920K(2048K)
[48.062s][info][gc,heap        ] GC(276) ParOldGen: 41145K(1398272K)->41281K(1398272K)
[48.062s][info][gc,metaspace   ] GC(276) Metaspace: 74740K(75200K)->74740K(75200K) NonClass: 59284K(59520K)->59284K(59520K) Class: 15456K(15680K)->15456K(15680K)
[48.062s][info][gc             ] GC(276) Pause Young (Allocation Failure) 387M->42M(1781M) 1.400ms
[48.062s][info][gc,cpu         ] GC(276) User=0.00s Sys=0.00s Real=0.00s
[48.165s][info][gc,start       ] GC(277) Pause Young (Allocation Failure)
[48.167s][info][gc,heap        ] GC(277) PSYoungGen: 425856K(425984K)->1536K(416256K) Eden: 423936K(423936K)->0K(414720K) From: 1920K(2048K)->1536K(1536K)
[48.167s][info][gc,heap        ] GC(277) ParOldGen: 41281K(1398272K)->41441K(1398272K)
[48.167s][info][gc,metaspace   ] GC(277) Metaspace: 74740K(75200K)->74740K(75200K) NonClass: 59284K(59520K)->59284K(59520K) Class: 15456K(15680K)->15456K(15680K)
[48.167s][info][gc             ] GC(277) Pause Young (Allocation Failure) 456M->41M(1772M) 1.155ms
[48.167s][info][gc,cpu         ] GC(277) User=0.00s Sys=0.00s Real=0.00s
[48.268s][info][gc,start       ] GC(278) Pause Young (Allocation Failure)
[48.270s][info][gc,heap        ] GC(278) PSYoungGen: 416256K(416256K)->1952K(408064K) Eden: 414720K(414720K)->0K(406016K) From: 1536K(1536K)->1952K(2048K)
[48.270s][info][gc,heap        ] GC(278) ParOldGen: 41441K(1398272K)->41593K(1398272K)
[48.270s][info][gc,metaspace   ] GC(278) Metaspace: 74740K(75200K)->74740K(75200K) NonClass: 59284K(59520K)->59284K(59520K) Class: 15456K(15680K)->15456K(15680K)
[48.270s][info][gc             ] GC(278) Pause Young (Allocation Failure) 446M->42M(1764M) 1.273ms
[48.270s][info][gc,cpu         ] GC(278) User=0.00s Sys=0.00s Real=0.00s
[48.369s][info][gc,start       ] GC(279) Pause Young (Allocation Failure)
[48.370s][info][gc,heap        ] GC(279) PSYoungGen: 407968K(408064K)->1888K(399360K) Eden: 406016K(406016K)->0K(397312K) From: 1952K(2048K)->1888K(2048K)
[48.370s][info][gc,heap        ] GC(279) ParOldGen: 41593K(1398272K)->41769K(1398272K)
[48.370s][info][gc,metaspace   ] GC(279) Metaspace: 74740K(75200K)->74740K(75200K) NonClass: 59284K(59520K)->59284K(59520K) Class: 15456K(15680K)->15456K(15680K)
[48.370s][info][gc             ] GC(279) Pause Young (Allocation Failure) 439M->42M(1755M) 1.116ms
[48.370s][info][gc,cpu         ] GC(279) User=0.00s Sys=0.00s Real=0.00s
[48.468s][info][gc,start       ] GC(280) Pause Young (Allocation Failure)
[48.469s][info][gc,heap        ] GC(280) PSYoungGen: 399200K(399360K)->1952K(391168K) Eden: 397312K(397312K)->0K(389120K) From: 1888K(2048K)->1952K(2048K)
[48.469s][info][gc,heap        ] GC(280) ParOldGen: 41769K(1398272K)->41881K(1398272K)
[48.469s][info][gc,metaspace   ] GC(280) Metaspace: 74740K(75200K)->74740K(75200K) NonClass: 59284K(59520K)->59284K(59520K) Class: 15456K(15680K)->15456K(15680K)
[48.469s][info][gc             ] GC(280) Pause Young (Allocation Failure) 430M->42M(1747M) 1.298ms
[48.469s][info][gc,cpu         ] GC(280) User=0.00s Sys=0.00s Real=0.00s
[48.564s][info][gc,start       ] GC(281) Pause Young (Allocation Failure)
[48.565s][info][gc,heap        ] GC(281) PSYoungGen: 391072K(391168K)->1536K(382464K) Eden: 389120K(389120K)->0K(380928K) From: 1952K(2048K)->1536K(1536K)
[48.565s][info][gc,heap        ] GC(281) ParOldGen: 41881K(1398272K)->42089K(1398272K)
[48.565s][info][gc,metaspace   ] GC(281) Metaspace: 74740K(75200K)->74740K(75200K) NonClass: 59284K(59520K)->59284K(59520K) Class: 15456K(15680K)->15456K(15680K)
[48.565s][info][gc             ] GC(281) Pause Young (Allocation Failure) 422M->42M(1739M) 1.091ms
[48.565s][info][gc,cpu         ] GC(281) User=0.00s Sys=0.00s Real=0.00s
[48.658s][info][gc,start       ] GC(282) Pause Young (Allocation Failure)
[48.659s][info][gc,heap        ] GC(282) PSYoungGen: 382464K(382464K)->1952K(375296K) Eden: 380928K(380928K)->0K(373248K) From: 1536K(1536K)->1952K(2048K)
[48.659s][info][gc,heap        ] GC(282) ParOldGen: 42089K(1398272K)->42217K(1398272K)
[48.659s][info][gc,metaspace   ] GC(282) Metaspace: 74740K(75200K)->74740K(75200K) NonClass: 59284K(59520K)->59284K(59520K) Class: 15456K(15680K)->15456K(15680K)
[48.659s][info][gc             ] GC(282) Pause Young (Allocation Failure) 414M->43M(1732M) 1.282ms
[48.659s][info][gc,cpu         ] GC(282) User=0.00s Sys=0.00s Real=0.00s
[48.750s][info][gc,start       ] GC(283) Pause Young (Allocation Failure)
[48.752s][info][gc,heap        ] GC(283) PSYoungGen: 375200K(375296K)->1856K(367616K) Eden: 373248K(373248K)->0K(365568K) From: 1952K(2048K)->1856K(2048K)
[48.752s][info][gc,heap        ] GC(283) ParOldGen: 42217K(1398272K)->42321K(1398272K)
[48.752s][info][gc,metaspace   ] GC(283) Metaspace: 74740K(75200K)->74740K(75200K) NonClass: 59284K(59520K)->59284K(59520K) Class: 15456K(15680K)->15456K(15680K)
[48.752s][info][gc             ] GC(283) Pause Young (Allocation Failure) 407M->43M(1724M) 1.153ms
[48.752s][info][gc,cpu         ] GC(283) User=0.00s Sys=0.00s Real=0.00s
[48.841s][info][gc,start       ] GC(284) Pause Young (Allocation Failure)
[48.842s][info][gc,heap        ] GC(284) PSYoungGen: 367424K(367616K)->1888K(440832K) Eden: 365568K(365568K)->0K(438784K) From: 1856K(2048K)->1888K(2048K)
[48.842s][info][gc,heap        ] GC(284) ParOldGen: 42321K(1398272K)->42585K(1398272K)
[48.842s][info][gc,metaspace   ] GC(284) Metaspace: 74740K(75200K)->74740K(75200K) NonClass: 59284K(59520K)->59284K(59520K) Class: 15456K(15680K)->15456K(15680K)
[48.842s][info][gc             ] GC(284) Pause Young (Allocation Failure) 400M->43M(1796M) 1.399ms
[48.842s][info][gc,cpu         ] GC(284) User=0.00s Sys=0.00s Real=0.00s
[48.949s][info][gc,start       ] GC(285) Pause Young (Allocation Failure)
[48.950s][info][gc,heap        ] GC(285) PSYoungGen: 440672K(440832K)->1536K(430592K) Eden: 438784K(438784K)->0K(429056K) From: 1888K(2048K)->1536K(1536K)
[48.950s][info][gc,heap        ] GC(285) ParOldGen: 42585K(1398272K)->42809K(1398272K)
[48.950s][info][gc,metaspace   ] GC(285) Metaspace: 74740K(75200K)->74740K(75200K) NonClass: 59284K(59520K)->59284K(59520K) Class: 15456K(15680K)->15456K(15680K)
[48.950s][info][gc             ] GC(285) Pause Young (Allocation Failure) 471M->43M(1786M) 1.139ms
[48.950s][info][gc,cpu         ] GC(285) User=0.00s Sys=0.00s Real=0.00s
[49.055s][info][gc,start       ] GC(286) Pause Young (Allocation Failure)
[49.056s][info][gc,heap        ] GC(286) PSYoungGen: 430592K(430592K)->1920K(421888K) Eden: 429056K(429056K)->0K(419840K) From: 1536K(1536K)->1920K(2048K)
[49.056s][info][gc,heap        ] GC(286) ParOldGen: 42809K(1398272K)->42969K(1398272K)
[49.056s][info][gc,metaspace   ] GC(286) Metaspace: 74740K(75200K)->74740K(75200K) NonClass: 59284K(59520K)->59284K(59520K) Class: 15456K(15680K)->15456K(15680K)
[49.056s][info][gc             ] GC(286) Pause Young (Allocation Failure) 462M->43M(1777M) 1.253ms
[49.056s][info][gc,cpu         ] GC(286) User=0.00s Sys=0.00s Real=0.00s
[49.164s][info][gc,start       ] GC(287) Pause Young (Allocation Failure)
[49.165s][info][gc,heap        ] GC(287) PSYoungGen: 421760K(421888K)->1984K(412672K) Eden: 419840K(419840K)->0K(410624K) From: 1920K(2048K)->1984K(2048K)
[49.165s][info][gc,heap        ] GC(287) ParOldGen: 42969K(1398272K)->43105K(1398272K)
[49.165s][info][gc,metaspace   ] GC(287) Metaspace: 74740K(75200K)->74740K(75200K) NonClass: 59284K(59520K)->59284K(59520K) Class: 15456K(15680K)->15456K(15680K)
[49.165s][info][gc             ] GC(287) Pause Young (Allocation Failure) 453M->44M(1768M) 1.225ms
[49.165s][info][gc,cpu         ] GC(287) User=0.52s Sys=0.00s Real=0.00s
[49.268s][info][gc,start       ] GC(288) Pause Young (Allocation Failure)
[49.270s][info][gc,heap        ] GC(288) PSYoungGen: 412608K(412672K)->1952K(403968K) Eden: 410624K(410624K)->0K(401920K) From: 1984K(2048K)->1952K(2048K)
[49.270s][info][gc,heap        ] GC(288) ParOldGen: 43105K(1398272K)->43201K(1398272K)
[49.270s][info][gc,metaspace   ] GC(288) Metaspace: 74740K(75200K)->74740K(75200K) NonClass: 59284K(59520K)->59284K(59520K) Class: 15456K(15680K)->15456K(15680K)
[49.270s][info][gc             ] GC(288) Pause Young (Allocation Failure) 445M->44M(1760M) 1.419ms
[49.270s][info][gc,cpu         ] GC(288) User=0.00s Sys=0.00s Real=0.00s
[49.370s][info][gc,start       ] GC(289) Pause Young (Allocation Failure)
[49.371s][info][gc,heap        ] GC(289) PSYoungGen: 403872K(403968K)->1536K(394752K) Eden: 401920K(401920K)->0K(393216K) From: 1952K(2048K)->1536K(1536K)
[49.371s][info][gc,heap        ] GC(289) ParOldGen: 43201K(1398272K)->43377K(1398272K)
[49.371s][info][gc,metaspace   ] GC(289) Metaspace: 74740K(75200K)->74740K(75200K) NonClass: 59284K(59520K)->59284K(59520K) Class: 15456K(15680K)->15456K(15680K)
[49.371s][info][gc             ] GC(289) Pause Young (Allocation Failure) 436M->43M(1751M) 1.127ms
[49.371s][info][gc,cpu         ] GC(289) User=0.00s Sys=0.00s Real=0.00s
[49.468s][info][gc,start       ] GC(290) Pause Young (Allocation Failure)
[49.469s][info][gc,heap        ] GC(290) PSYoungGen: 394752K(394752K)->1856K(387072K) Eden: 393216K(393216K)->0K(385024K) From: 1536K(1536K)->1856K(2048K)
[49.470s][info][gc,heap        ] GC(290) ParOldGen: 43377K(1398272K)->43481K(1398272K)
[49.470s][info][gc,metaspace   ] GC(290) Metaspace: 74740K(75200K)->74740K(75200K) NonClass: 59284K(59520K)->59284K(59520K) Class: 15456K(15680K)->15456K(15680K)
[49.470s][info][gc             ] GC(290) Pause Young (Allocation Failure) 427M->44M(1743M) 1.338ms
[49.470s][info][gc,cpu         ] GC(290) User=0.00s Sys=0.00s Real=0.00s
[49.563s][info][gc,start       ] GC(291) Pause Young (Allocation Failure)
[49.564s][info][gc,heap        ] GC(291) PSYoungGen: 386880K(387072K)->1920K(379392K) Eden: 385024K(385024K)->0K(377344K) From: 1856K(2048K)->1920K(2048K)
[49.565s][info][gc,heap        ] GC(291) ParOldGen: 43481K(1398272K)->43633K(1398272K)
[49.565s][info][gc,metaspace   ] GC(291) Metaspace: 74740K(75200K)->74740K(75200K) NonClass: 59284K(59520K)->59284K(59520K) Class: 15456K(15680K)->15456K(15680K)
[49.565s][info][gc             ] GC(291) Pause Young (Allocation Failure) 420M->44M(1736M) 1.090ms
[49.565s][info][gc,cpu         ] GC(291) User=0.00s Sys=0.00s Real=0.00s
[49.657s][info][gc,start       ] GC(292) Pause Young (Allocation Failure)
[49.658s][info][gc,heap        ] GC(292) PSYoungGen: 379264K(379392K)->1952K(371712K) Eden: 377344K(377344K)->0K(369664K) From: 1920K(2048K)->1952K(2048K)
[49.658s][info][gc,heap        ] GC(292) ParOldGen: 43633K(1398272K)->43753K(1398272K)
[49.658s][info][gc,metaspace   ] GC(292) Metaspace: 74740K(75200K)->74740K(75200K) NonClass: 59284K(59520K)->59284K(59520K) Class: 15456K(15680K)->15456K(15680K)
[49.658s][info][gc             ] GC(292) Pause Young (Allocation Failure) 412M->44M(1728M) 1.399ms
[49.658s][info][gc,cpu         ] GC(292) User=0.00s Sys=0.00s Real=0.00s
[49.748s][info][gc,start       ] GC(293) Pause Young (Allocation Failure)
[49.749s][info][gc,heap        ] GC(293) PSYoungGen: 371616K(371712K)->1536K(364032K) Eden: 369664K(369664K)->0K(362496K) From: 1952K(2048K)->1536K(1536K)
[49.749s][info][gc,heap        ] GC(293) ParOldGen: 43753K(1398272K)->43937K(1398272K)
[49.750s][info][gc,metaspace   ] GC(293) Metaspace: 74740K(75200K)->74740K(75200K) NonClass: 59284K(59520K)->59284K(59520K) Class: 15456K(15680K)->15456K(15680K)
[49.750s][info][gc             ] GC(293) Pause Young (Allocation Failure) 405M->44M(1721M) 1.131ms
[49.750s][info][gc,cpu         ] GC(293) User=0.00s Sys=0.00s Real=0.00s
[49.839s][info][gc,start       ] GC(294) Pause Young (Allocation Failure)
[49.850s][info][gc,heap        ] GC(294) PSYoungGen: 364032K(364032K)->1888K(357376K) Eden: 362496K(362496K)->0K(355328K) From: 1536K(1536K)->1888K(2048K)
[49.850s][info][gc,heap        ] GC(294) ParOldGen: 43937K(1398272K)->44209K(1398272K)
[49.850s][info][gc,metaspace   ] GC(294) Metaspace: 74740K(75200K)->74740K(75200K) NonClass: 59284K(59520K)->59284K(59520K) Class: 15456K(15680K)->15456K(15680K)
[49.850s][info][gc             ] GC(294) Pause Young (Allocation Failure) 398M->45M(1714M) 11.046ms
[49.850s][info][gc,cpu         ] GC(294) User=0.00s Sys=0.00s Real=0.01s
[49.938s][info][gc,start       ] GC(295) Pause Young (Allocation Failure)
[49.940s][info][gc,heap        ] GC(295) PSYoungGen: 357216K(357376K)->1888K(350208K) Eden: 355328K(355328K)->0K(348160K) From: 1888K(2048K)->1888K(2048K)
[49.940s][info][gc,heap        ] GC(295) ParOldGen: 44209K(1398272K)->44321K(1398272K)
[49.940s][info][gc,metaspace   ] GC(295) Metaspace: 74740K(75200K)->74740K(75200K) NonClass: 59284K(59520K)->59284K(59520K) Class: 15456K(15680K)->15456K(15680K)
[49.940s][info][gc             ] GC(295) Pause Young (Allocation Failure) 392M->45M(1707M) 1.098ms
[49.940s][info][gc,cpu         ] GC(295) User=0.00s Sys=0.00s Real=0.00s
[50.025s][info][gc,start       ] GC(296) Pause Young (Allocation Failure)
[50.026s][info][gc,heap        ] GC(296) PSYoungGen: 350048K(350208K)->1920K(343552K) Eden: 348160K(348160K)->0K(341504K) From: 1888K(2048K)->1920K(2048K)
[50.026s][info][gc,heap        ] GC(296) ParOldGen: 44321K(1398272K)->44441K(1398272K)
[50.026s][info][gc,metaspace   ] GC(296) Metaspace: 74740K(75200K)->74740K(75200K) NonClass: 59284K(59520K)->59284K(59520K) Class: 15456K(15680K)->15456K(15680K)
[50.026s][info][gc             ] GC(296) Pause Young (Allocation Failure) 385M->45M(1701M) 1.350ms
[50.026s][info][gc,cpu         ] GC(296) User=0.00s Sys=0.00s Real=0.00s
[50.109s][info][gc,start       ] GC(297) Pause Young (Allocation Failure)
[50.110s][info][gc,heap        ] GC(297) PSYoungGen: 343424K(343552K)->1536K(411648K) Eden: 341504K(341504K)->0K(410112K) From: 1920K(2048K)->1536K(1536K)
[50.110s][info][gc,heap        ] GC(297) ParOldGen: 44441K(1398272K)->44633K(1398272K)
[50.110s][info][gc,metaspace   ] GC(297) Metaspace: 74740K(75200K)->74740K(75200K) NonClass: 59284K(59520K)->59284K(59520K) Class: 15456K(15680K)->15456K(15680K)
[50.110s][info][gc             ] GC(297) Pause Young (Allocation Failure) 378M->45M(1767M) 1.086ms
[50.110s][info][gc,cpu         ] GC(297) User=0.00s Sys=0.00s Real=0.00s
[50.211s][info][gc,start       ] GC(298) Pause Young (Allocation Failure)
[50.212s][info][gc,heap        ] GC(298) PSYoungGen: 411648K(411648K)->1920K(403456K) Eden: 410112K(410112K)->0K(401408K) From: 1536K(1536K)->1920K(2048K)
[50.212s][info][gc,heap        ] GC(298) ParOldGen: 44633K(1398272K)->44769K(1398272K)
[50.212s][info][gc,metaspace   ] GC(298) Metaspace: 74740K(75200K)->74740K(75200K) NonClass: 59284K(59520K)->59284K(59520K) Class: 15456K(15680K)->15456K(15680K)
[50.212s][info][gc             ] GC(298) Pause Young (Allocation Failure) 445M->45M(1759M) 1.326ms
[50.212s][info][gc,cpu         ] GC(298) User=0.00s Sys=0.00s Real=0.00s
[50.310s][info][gc,start       ] GC(299) Pause Young (Allocation Failure)
[50.312s][info][gc,heap        ] GC(299) PSYoungGen: 403328K(403456K)->1888K(395264K) Eden: 401408K(401408K)->0K(393216K) From: 1920K(2048K)->1888K(2048K)
[50.312s][info][gc,heap        ] GC(299) ParOldGen: 44769K(1398272K)->44865K(1398272K)
[50.312s][info][gc,metaspace   ] GC(299) Metaspace: 74740K(75200K)->74740K(75200K) NonClass: 59284K(59520K)->59284K(59520K) Class: 15456K(15680K)->15456K(15680K)
[50.312s][info][gc             ] GC(299) Pause Young (Allocation Failure) 437M->45M(1751M) 1.117ms
[50.312s][info][gc,cpu         ] GC(299) User=0.00s Sys=0.00s Real=0.00s
[50.410s][info][gc,start       ] GC(300) Pause Young (Allocation Failure)
[50.411s][info][gc,heap        ] GC(300) PSYoungGen: 395104K(395264K)->1856K(387072K) Eden: 393216K(393216K)->0K(385024K) From: 1888K(2048K)->1856K(2048K)
[50.411s][info][gc,heap        ] GC(300) ParOldGen: 44865K(1398272K)->45113K(1398272K)
[50.411s][info][gc,metaspace   ] GC(300) Metaspace: 74740K(75200K)->74740K(75200K) NonClass: 59284K(59520K)->59284K(59520K) Class: 15456K(15680K)->15456K(15680K)
[50.411s][info][gc             ] GC(300) Pause Young (Allocation Failure) 429M->45M(1743M) 1.390ms
[50.411s][info][gc,cpu         ] GC(300) User=0.00s Sys=0.00s Real=0.00s
[50.507s][info][gc,start       ] GC(301) Pause Young (Allocation Failure)
[50.508s][info][gc,heap        ] GC(301) PSYoungGen: 386880K(387072K)->1536K(378880K) Eden: 385024K(385024K)->0K(377344K) From: 1856K(2048K)->1536K(1536K)
[50.508s][info][gc,heap        ] GC(301) ParOldGen: 45113K(1398272K)->45321K(1398272K)
[50.508s][info][gc,metaspace   ] GC(301) Metaspace: 74740K(75200K)->74740K(75200K) NonClass: 59284K(59520K)->59284K(59520K) Class: 15456K(15680K)->15456K(15680K)
[50.508s][info][gc             ] GC(301) Pause Young (Allocation Failure) 421M->45M(1735M) 1.037ms
[50.508s][info][gc,cpu         ] GC(301) User=0.00s Sys=0.00s Real=0.00s
[50.603s][info][gc,start       ] GC(302) Pause Young (Allocation Failure)
[50.604s][info][gc,heap        ] GC(302) PSYoungGen: 378880K(378880K)->1696K(371712K) Eden: 377344K(377344K)->0K(369664K) From: 1536K(1536K)->1696K(2048K)
[50.604s][info][gc,heap        ] GC(302) ParOldGen: 45321K(1398272K)->45545K(1398272K)
[50.604s][info][gc,metaspace   ] GC(302) Metaspace: 74745K(75200K)->74745K(75200K) NonClass: 59288K(59520K)->59288K(59520K) Class: 15456K(15680K)->15456K(15680K)
[50.604s][info][gc             ] GC(302) Pause Young (Allocation Failure) 414M->46M(1728M) 1.198ms
[50.604s][info][gc,cpu         ] GC(302) User=0.00s Sys=0.00s Real=0.00s
[50.699s][info][gc,start       ] GC(303) Pause Young (Allocation Failure)
[50.700s][info][gc,heap        ] GC(303) PSYoungGen: 371360K(371712K)->1728K(364544K) Eden: 369664K(369664K)->0K(362496K) From: 1696K(2048K)->1728K(2048K)
[50.700s][info][gc,heap        ] GC(303) ParOldGen: 45545K(1398272K)->45801K(1398272K)
[50.700s][info][gc,metaspace   ] GC(303) Metaspace: 74749K(75200K)->74749K(75200K) NonClass: 59292K(59520K)->59292K(59520K) Class: 15456K(15680K)->15456K(15680K)
[50.700s][info][gc             ] GC(303) Pause Young (Allocation Failure) 407M->46M(1721M) 1.000ms
[50.700s][info][gc,cpu         ] GC(303) User=0.00s Sys=0.00s Real=0.00s
[50.795s][info][gc,start       ] GC(304) Pause Young (Allocation Failure)
[50.797s][info][gc,heap        ] GC(304) PSYoungGen: 364224K(364544K)->1632K(357376K) Eden: 362496K(362496K)->0K(355328K) From: 1728K(2048K)->1632K(2048K)
[50.797s][info][gc,heap        ] GC(304) ParOldGen: 45801K(1398272K)->46065K(1398272K)
[50.797s][info][gc,metaspace   ] GC(304) Metaspace: 74769K(75200K)->74769K(75200K) NonClass: 59312K(59520K)->59312K(59520K) Class: 15456K(15680K)->15456K(15680K)
[50.797s][info][gc             ] GC(304) Pause Young (Allocation Failure) 400M->46M(1714M) 1.215ms
[50.797s][info][gc,cpu         ] GC(304) User=0.00s Sys=0.00s Real=0.00s
[50.903s][info][gc,start       ] GC(305) Pause Young (Allocation Failure)
[50.904s][info][gc,heap        ] GC(305) PSYoungGen: 356960K(357376K)->1344K(349696K) Eden: 355328K(355328K)->0K(348160K) From: 1632K(2048K)->1344K(1536K)
[50.904s][info][gc,heap        ] GC(305) ParOldGen: 46065K(1398272K)->46369K(1398272K)
[50.904s][info][gc,metaspace   ] GC(305) Metaspace: 74778K(75200K)->74778K(75200K) NonClass: 59321K(59520K)->59321K(59520K) Class: 15456K(15680K)->15456K(15680K)
[50.904s][info][gc             ] GC(305) Pause Young (Allocation Failure) 393M->46M(1707M) 0.965ms
[50.904s][info][gc,cpu         ] GC(305) User=0.00s Sys=0.00s Real=0.00s
[51.025s][info][gc,start       ] GC(306) Pause Young (Allocation Failure)
[51.026s][info][gc,heap        ] GC(306) PSYoungGen: 349504K(349696K)->1184K(343040K) Eden: 348160K(348160K)->0K(341504K) From: 1344K(1536K)->1184K(1536K)
[51.026s][info][gc,heap        ] GC(306) ParOldGen: 46369K(1398272K)->46793K(1398272K)
[51.026s][info][gc,metaspace   ] GC(306) Metaspace: 74778K(75200K)->74778K(75200K) NonClass: 59321K(59520K)->59321K(59520K) Class: 15456K(15680K)->15456K(15680K)
[51.026s][info][gc             ] GC(306) Pause Young (Allocation Failure) 386M->46M(1700M) 1.169ms
[51.026s][info][gc,cpu         ] GC(306) User=0.00s Sys=0.00s Real=0.00s
[51.155s][info][gc,start       ] GC(307) Pause Young (Allocation Failure)
[51.156s][info][gc,heap        ] GC(307) PSYoungGen: 342688K(343040K)->1152K(336384K) Eden: 341504K(341504K)->0K(334848K) From: 1184K(1536K)->1152K(1536K)
[51.156s][info][gc,heap        ] GC(307) ParOldGen: 46793K(1398272K)->46977K(1398272K)
[51.156s][info][gc,metaspace   ] GC(307) Metaspace: 74778K(75200K)->74778K(75200K) NonClass: 59321K(59520K)->59321K(59520K) Class: 15456K(15680K)->15456K(15680K)
[51.156s][info][gc             ] GC(307) Pause Young (Allocation Failure) 380M->47M(1694M) 1.038ms
[51.156s][info][gc,cpu         ] GC(307) User=0.00s Sys=0.00s Real=0.00s
[51.288s][info][gc,start       ] GC(308) Pause Young (Allocation Failure)
[51.289s][info][gc,heap        ] GC(308) PSYoungGen: 336000K(336384K)->1152K(330240K) Eden: 334848K(334848K)->0K(328704K) From: 1152K(1536K)->1152K(1536K)
[51.289s][info][gc,heap        ] GC(308) ParOldGen: 46977K(1398272K)->47145K(1398272K)
[51.289s][info][gc,metaspace   ] GC(308) Metaspace: 74778K(75200K)->74778K(75200K) NonClass: 59321K(59520K)->59321K(59520K) Class: 15456K(15680K)->15456K(15680K)
[51.289s][info][gc             ] GC(308) Pause Young (Allocation Failure) 374M->47M(1688M) 1.064ms
[51.289s][info][gc,cpu         ] GC(308) User=0.02s Sys=0.00s Real=0.00s
[51.441s][info][gc,start       ] GC(309) Pause Young (Allocation Failure)
[51.442s][info][gc,heap        ] GC(309) PSYoungGen: 329856K(330240K)->1088K(324096K) Eden: 328704K(328704K)->0K(322560K) From: 1152K(1536K)->1088K(1536K)
[51.442s][info][gc,heap        ] GC(309) ParOldGen: 47145K(1398272K)->47337K(1398272K)
[51.442s][info][gc,metaspace   ] GC(309) Metaspace: 74778K(75200K)->74778K(75200K) NonClass: 59321K(59520K)->59321K(59520K) Class: 15456K(15680K)->15456K(15680K)
[51.442s][info][gc             ] GC(309) Pause Young (Allocation Failure) 368M->47M(1682M) 1.029ms
[51.442s][info][gc,cpu         ] GC(309) User=0.00s Sys=0.00s Real=0.00s
[51.610s][info][gc,start       ] GC(310) Pause Young (Allocation Failure)
[51.611s][info][gc,heap        ] GC(310) PSYoungGen: 323648K(324096K)->1024K(317952K) Eden: 322560K(322560K)->0K(316928K) From: 1088K(1536K)->1024K(1024K)
[51.611s][info][gc,heap        ] GC(310) ParOldGen: 47337K(1398272K)->47649K(1398272K)
[51.611s][info][gc,metaspace   ] GC(310) Metaspace: 74778K(75200K)->74778K(75200K) NonClass: 59321K(59520K)->59321K(59520K) Class: 15456K(15680K)->15456K(15680K)
[51.611s][info][gc             ] GC(310) Pause Young (Allocation Failure) 362M->47M(1676M) 1.022ms
[51.611s][info][gc,cpu         ] GC(310) User=0.00s Sys=0.00s Real=0.00s
[51.783s][info][gc,start       ] GC(311) Pause Young (Allocation Failure)
[51.784s][info][gc,heap        ] GC(311) PSYoungGen: 317952K(317952K)->1056K(312832K) Eden: 316928K(316928K)->0K(311296K) From: 1024K(1024K)->1056K(1536K)
[51.784s][info][gc,heap        ] GC(311) ParOldGen: 47649K(1398272K)->47905K(1398272K)
[51.784s][info][gc,metaspace   ] GC(311) Metaspace: 74778K(75200K)->74778K(75200K) NonClass: 59321K(59520K)->59321K(59520K) Class: 15456K(15680K)->15456K(15680K)
[51.784s][info][gc             ] GC(311) Pause Young (Allocation Failure) 357M->47M(1671M) 0.989ms
[51.784s][info][gc,cpu         ] GC(311) User=0.00s Sys=0.00s Real=0.00s
[51.953s][info][gc,start       ] GC(312) Pause Young (Allocation Failure)
[51.954s][info][gc,heap        ] GC(312) PSYoungGen: 312352K(312832K)->1056K(307200K) Eden: 311296K(311296K)->0K(305664K) From: 1056K(1536K)->1056K(1536K)
[51.954s][info][gc,heap        ] GC(312) ParOldGen: 47905K(1398272K)->48073K(1398272K)
[51.954s][info][gc,metaspace   ] GC(312) Metaspace: 74778K(75200K)->74778K(75200K) NonClass: 59321K(59520K)->59321K(59520K) Class: 15456K(15680K)->15456K(15680K)
[51.954s][info][gc             ] GC(312) Pause Young (Allocation Failure) 351M->47M(1665M) 0.988ms
[51.954s][info][gc,cpu         ] GC(312) User=0.00s Sys=0.00s Real=0.00s
[52.121s][info][gc,start       ] GC(313) Pause Young (Allocation Failure)
[52.122s][info][gc,heap        ] GC(313) PSYoungGen: 306720K(307200K)->1056K(302080K) Eden: 305664K(305664K)->0K(300544K) From: 1056K(1536K)->1056K(1536K)
[52.122s][info][gc,heap        ] GC(313) ParOldGen: 48073K(1398272K)->48153K(1398272K)
[52.122s][info][gc,metaspace   ] GC(313) Metaspace: 74778K(75200K)->74778K(75200K) NonClass: 59321K(59520K)->59321K(59520K) Class: 15456K(15680K)->15456K(15680K)
[52.122s][info][gc             ] GC(313) Pause Young (Allocation Failure) 346M->48M(1660M) 0.999ms
[52.122s][info][gc,cpu         ] GC(313) User=0.00s Sys=0.00s Real=0.00s
[52.288s][info][gc,start       ] GC(314) Pause Young (Allocation Failure)
[52.289s][info][gc,heap        ] GC(314) PSYoungGen: 301600K(302080K)->1056K(296960K) Eden: 300544K(300544K)->0K(295424K) From: 1056K(1536K)->1056K(1536K)
[52.289s][info][gc,heap        ] GC(314) ParOldGen: 48153K(1398272K)->48233K(1398272K)
[52.289s][info][gc,metaspace   ] GC(314) Metaspace: 74778K(75200K)->74778K(75200K) NonClass: 59321K(59520K)->59321K(59520K) Class: 15456K(15680K)->15456K(15680K)
[52.289s][info][gc             ] GC(314) Pause Young (Allocation Failure) 341M->48M(1655M) 0.899ms
[52.289s][info][gc,cpu         ] GC(314) User=0.00s Sys=0.00s Real=0.00s
[52.450s][info][gc,start       ] GC(315) Pause Young (Allocation Failure)
[52.451s][info][gc,heap        ] GC(315) PSYoungGen: 296480K(296960K)->1056K(291840K) Eden: 295424K(295424K)->0K(290304K) From: 1056K(1536K)->1056K(1536K)
[52.451s][info][gc,heap        ] GC(315) ParOldGen: 48233K(1398272K)->48241K(1398272K)
[52.451s][info][gc,metaspace   ] GC(315) Metaspace: 74778K(75200K)->74778K(75200K) NonClass: 59321K(59520K)->59321K(59520K) Class: 15456K(15680K)->15456K(15680K)
[52.451s][info][gc             ] GC(315) Pause Young (Allocation Failure) 336M->48M(1650M) 1.008ms
[52.451s][info][gc,cpu         ] GC(315) User=0.00s Sys=0.00s Real=0.00s
[52.612s][info][gc,start       ] GC(316) Pause Young (Allocation Failure)
[52.613s][info][gc,heap        ] GC(316) PSYoungGen: 291360K(291840K)->1056K(286720K) Eden: 290304K(290304K)->0K(285184K) From: 1056K(1536K)->1056K(1536K)
[52.613s][info][gc,heap        ] GC(316) ParOldGen: 48241K(1398272K)->48313K(1398272K)
[52.613s][info][gc,metaspace   ] GC(316) Metaspace: 74778K(75200K)->74778K(75200K) NonClass: 59321K(59520K)->59321K(59520K) Class: 15456K(15680K)->15456K(15680K)
[52.613s][info][gc             ] GC(316) Pause Young (Allocation Failure) 331M->48M(1645M) 0.992ms
[52.613s][info][gc,cpu         ] GC(316) User=0.00s Sys=0.00s Real=0.00s
[52.667s][info][gc,start       ] GC(317) Pause Young (System.gc())
[52.669s][info][gc,heap        ] GC(317) PSYoungGen: 43851K(286720K)->1408K(286720K) Eden: 42795K(285184K)->0K(285184K) From: 1056K(1536K)->1408K(1536K)
[52.669s][info][gc,heap        ] GC(317) ParOldGen: 48313K(1398272K)->48513K(1398272K)
[52.669s][info][gc,metaspace   ] GC(317) Metaspace: 74799K(75264K)->74799K(75264K) NonClass: 59342K(59584K)->59342K(59584K) Class: 15456K(15680K)->15456K(15680K)
[52.669s][info][gc             ] GC(317) Pause Young (System.gc()) 90M->48M(1645M) 1.933ms
[52.669s][info][gc,cpu         ] GC(317) User=0.00s Sys=0.00s Real=0.00s
[52.669s][info][gc,start       ] GC(318) Pause Full (System.gc())
[52.669s][info][gc,phases,start] GC(318) Marking Phase
[52.706s][info][gc,phases      ] GC(318) Marking Phase 36.201ms
[52.706s][info][gc,phases,start] GC(318) Summary Phase
[52.706s][info][gc,phases      ] GC(318) Summary Phase 0.013ms
[52.706s][info][gc,phases,start] GC(318) Adjust Roots
[52.724s][info][gc,phases      ] GC(318) Adjust Roots 18.396ms
[52.724s][info][gc,phases,start] GC(318) Compaction Phase
[52.736s][info][gc,phases      ] GC(318) Compaction Phase 11.732ms
[52.736s][info][gc,phases,start] GC(318) Post Compact
[52.737s][info][gc,phases      ] GC(318) Post Compact 0.921ms
[52.737s][info][gc,heap        ] GC(318) PSYoungGen: 1408K(286720K)->0K(286720K) Eden: 0K(285184K)->0K(285184K) From: 1408K(1536K)->0K(1536K)
[52.737s][info][gc,heap        ] GC(318) ParOldGen: 48513K(1398272K)->35820K(1398272K)
[52.737s][info][gc,metaspace   ] GC(318) Metaspace: 74799K(75264K)->74799K(75264K) NonClass: 59342K(59584K)->59342K(59584K) Class: 15456K(15680K)->15456K(15680K)
[52.737s][info][gc             ] GC(318) Pause Full (System.gc()) 48M->34M(1645M) 67.725ms
[52.737s][info][gc,cpu         ] GC(318) User=0.91s Sys=0.02s Real=0.07s
[52.844s][info][gc,start       ] GC(319) Pause Young (Allocation Failure)
[52.846s][info][gc,heap        ] GC(319) PSYoungGen: 285184K(286720K)->2560K(283136K) Eden: 285184K(285184K)->0K(280576K) From: 0K(1536K)->2560K(2560K)
[52.846s][info][gc,heap        ] GC(319) ParOldGen: 35820K(1398272K)->36820K(1398272K)
[52.846s][info][gc,metaspace   ] GC(319) Metaspace: 74884K(75328K)->74884K(75328K) NonClass: 59427K(59648K)->59427K(59648K) Class: 15456K(15680K)->15456K(15680K)
[52.846s][info][gc             ] GC(319) Pause Young (Allocation Failure) 313M->38M(1642M) 1.998ms
[52.846s][info][gc,cpu         ] GC(319) User=0.00s Sys=0.00s Real=0.00s
[52.914s][info][gc,start       ] GC(320) Pause Young (Allocation Failure)
[52.915s][info][gc,heap        ] GC(320) PSYoungGen: 283136K(283136K)->1536K(277504K) Eden: 280576K(280576K)->0K(275968K) From: 2560K(2560K)->1536K(1536K)
[52.915s][info][gc,heap        ] GC(320) ParOldGen: 36820K(1398272K)->38580K(1398272K)
[52.915s][info][gc,metaspace   ] GC(320) Metaspace: 74884K(75328K)->74884K(75328K) NonClass: 59427K(59648K)->59427K(59648K) Class: 15456K(15680K)->15456K(15680K)
[52.915s][info][gc             ] GC(320) Pause Young (Allocation Failure) 312M->39M(1636M) 1.565ms
[52.915s][info][gc,cpu         ] GC(320) User=0.00s Sys=0.02s Real=0.00s
[52.982s][info][gc,start       ] GC(321) Pause Young (Allocation Failure)
[52.983s][info][gc,heap        ] GC(321) PSYoungGen: 277504K(277504K)->1888K(273408K) Eden: 275968K(275968K)->0K(271360K) From: 1536K(1536K)->1888K(2048K)
[52.983s][info][gc,heap        ] GC(321) ParOldGen: 38580K(1398272K)->38796K(1398272K)
[52.983s][info][gc,metaspace   ] GC(321) Metaspace: 74884K(75328K)->74884K(75328K) NonClass: 59427K(59648K)->59427K(59648K) Class: 15456K(15680K)->15456K(15680K)
[52.983s][info][gc             ] GC(321) Pause Young (Allocation Failure) 308M->39M(1632M) 1.247ms
[52.984s][info][gc,cpu         ] GC(321) User=0.00s Sys=0.00s Real=0.00s
[53.049s][info][gc,start       ] GC(322) Pause Young (Allocation Failure)
[53.051s][info][gc,heap        ] GC(322) PSYoungGen: 273248K(273408K)->1888K(327680K) Eden: 271360K(271360K)->0K(325632K) From: 1888K(2048K)->1888K(2048K)
[53.051s][info][gc,heap        ] GC(322) ParOldGen: 38796K(1398272K)->38892K(1398272K)
[53.051s][info][gc,metaspace   ] GC(322) Metaspace: 74884K(75328K)->74884K(75328K) NonClass: 59427K(59648K)->59427K(59648K) Class: 15456K(15680K)->15456K(15680K)
[53.051s][info][gc             ] GC(322) Pause Young (Allocation Failure) 304M->39M(1685M) 1.419ms
[53.051s][info][gc,cpu         ] GC(322) User=0.00s Sys=0.00s Real=0.00s
[53.130s][info][gc,start       ] GC(323) Pause Young (Allocation Failure)
[53.131s][info][gc,heap        ] GC(323) PSYoungGen: 327520K(327680K)->1920K(393216K) Eden: 325632K(325632K)->0K(391168K) From: 1888K(2048K)->1920K(2048K)
[53.132s][info][gc,heap        ] GC(323) ParOldGen: 38892K(1398272K)->38940K(1398272K)
[53.132s][info][gc,metaspace   ] GC(323) Metaspace: 74884K(75328K)->74884K(75328K) NonClass: 59427K(59648K)->59427K(59648K) Class: 15456K(15680K)->15456K(15680K)
[53.132s][info][gc             ] GC(323) Pause Young (Allocation Failure) 357M->39M(1749M) 1.454ms
[53.132s][info][gc,cpu         ] GC(323) User=0.00s Sys=0.00s Real=0.00s
[53.227s][info][gc,start       ] GC(324) Pause Young (Allocation Failure)
[53.229s][info][gc,heap        ] GC(324) PSYoungGen: 393088K(393216K)->1888K(471552K) Eden: 391168K(391168K)->0K(469504K) From: 1920K(2048K)->1888K(2048K)
[53.229s][info][gc,heap        ] GC(324) ParOldGen: 38940K(1398272K)->38988K(1398272K)
[53.229s][info][gc,metaspace   ] GC(324) Metaspace: 74884K(75328K)->74884K(75328K) NonClass: 59427K(59648K)->59427K(59648K) Class: 15456K(15680K)->15456K(15680K)
[53.229s][info][gc             ] GC(324) Pause Young (Allocation Failure) 421M->39M(1826M) 1.313ms
[53.229s][info][gc,cpu         ] GC(324) User=0.00s Sys=0.00s Real=0.00s
[53.343s][info][gc,start       ] GC(325) Pause Young (Allocation Failure)
[53.344s][info][gc,heap        ] GC(325) PSYoungGen: 471392K(471552K)->1824K(460800K) Eden: 469504K(469504K)->0K(458752K) From: 1888K(2048K)->1824K(2048K)
[53.344s][info][gc,heap        ] GC(325) ParOldGen: 38988K(1398272K)->39140K(1398272K)
[53.344s][info][gc,metaspace   ] GC(325) Metaspace: 74884K(75328K)->74884K(75328K) NonClass: 59427K(59648K)->59427K(59648K) Class: 15456K(15680K)->15456K(15680K)
[53.344s][info][gc             ] GC(325) Pause Young (Allocation Failure) 498M->40M(1815M) 1.377ms
[53.345s][info][gc,cpu         ] GC(325) User=0.00s Sys=0.00s Real=0.00s
[53.457s][info][gc,start       ] GC(326) Pause Young (Allocation Failure)
[53.458s][info][gc,heap        ] GC(326) PSYoungGen: 460576K(460800K)->1888K(450560K) Eden: 458752K(458752K)->0K(448512K) From: 1824K(2048K)->1888K(2048K)
[53.458s][info][gc,heap        ] GC(326) ParOldGen: 39140K(1398272K)->39260K(1398272K)
[53.458s][info][gc,metaspace   ] GC(326) Metaspace: 74884K(75328K)->74884K(75328K) NonClass: 59427K(59648K)->59427K(59648K) Class: 15456K(15680K)->15456K(15680K)
[53.458s][info][gc             ] GC(326) Pause Young (Allocation Failure) 488M->40M(1805M) 1.192ms
[53.458s][info][gc,cpu         ] GC(326) User=0.00s Sys=0.00s Real=0.00s
[53.568s][info][gc,start       ] GC(327) Pause Young (Allocation Failure)
[53.569s][info][gc,heap        ] GC(327) PSYoungGen: 450400K(450560K)->1856K(440320K) Eden: 448512K(448512K)->0K(438272K) From: 1888K(2048K)->1856K(2048K)
[53.569s][info][gc,heap        ] GC(327) ParOldGen: 39260K(1398272K)->39332K(1398272K)
[53.569s][info][gc,metaspace   ] GC(327) Metaspace: 74884K(75328K)->74884K(75328K) NonClass: 59427K(59648K)->59427K(59648K) Class: 15456K(15680K)->15456K(15680K)
[53.569s][info][gc             ] GC(327) Pause Young (Allocation Failure) 478M->40M(1795M) 1.346ms
[53.569s][info][gc,cpu         ] GC(327) User=0.00s Sys=0.00s Real=0.00s
[53.676s][info][gc,start       ] GC(328) Pause Young (Allocation Failure)
[53.677s][info][gc,heap        ] GC(328) PSYoungGen: 440128K(440320K)->1856K(430592K) Eden: 438272K(438272K)->0K(428544K) From: 1856K(2048K)->1856K(2048K)
[53.677s][info][gc,heap        ] GC(328) ParOldGen: 39332K(1398272K)->39412K(1398272K)
[53.677s][info][gc,metaspace   ] GC(328) Metaspace: 74884K(75328K)->74884K(75328K) NonClass: 59427K(59648K)->59427K(59648K) Class: 15456K(15680K)->15456K(15680K)
[53.677s][info][gc             ] GC(328) Pause Young (Allocation Failure) 468M->40M(1786M) 1.199ms
[53.677s][info][gc,cpu         ] GC(328) User=0.00s Sys=0.00s Real=0.00s
[53.782s][info][gc,start       ] GC(329) Pause Young (Allocation Failure)
[53.783s][info][gc,heap        ] GC(329) PSYoungGen: 430399K(430592K)->1984K(421376K) Eden: 428543K(428544K)->0K(419328K) From: 1856K(2048K)->1984K(2048K)
[53.783s][info][gc,heap        ] GC(329) ParOldGen: 39412K(1398272K)->39580K(1398272K)
[53.783s][info][gc,metaspace   ] GC(329) Metaspace: 74884K(75328K)->74884K(75328K) NonClass: 59427K(59648K)->59427K(59648K) Class: 15456K(15680K)->15456K(15680K)
[53.783s][info][gc             ] GC(329) Pause Young (Allocation Failure) 458M->40M(1777M) 1.357ms
[53.783s][info][gc,cpu         ] GC(329) User=0.00s Sys=0.00s Real=0.00s
[53.885s][info][gc,start       ] GC(330) Pause Young (Allocation Failure)
[53.887s][info][gc,heap        ] GC(330) PSYoungGen: 421312K(421376K)->1856K(412160K) Eden: 419328K(419328K)->0K(410112K) From: 1984K(2048K)->1856K(2048K)
[53.887s][info][gc,heap        ] GC(330) ParOldGen: 39580K(1398272K)->39836K(1398272K)
[53.887s][info][gc,metaspace   ] GC(330) Metaspace: 74884K(75328K)->74884K(75328K) NonClass: 59427K(59648K)->59427K(59648K) Class: 15456K(15680K)->15456K(15680K)
[53.887s][info][gc             ] GC(330) Pause Young (Allocation Failure) 450M->40M(1768M) 1.235ms
[53.887s][info][gc,cpu         ] GC(330) User=0.00s Sys=0.00s Real=0.00s
[53.988s][info][gc,start       ] GC(331) Pause Young (Allocation Failure)
[53.990s][info][gc,heap        ] GC(331) PSYoungGen: 411968K(412160K)->1920K(403456K) Eden: 410112K(410112K)->0K(401408K) From: 1856K(2048K)->1920K(2048K)
[53.990s][info][gc,heap        ] GC(331) ParOldGen: 39836K(1398272K)->39948K(1398272K)
[53.990s][info][gc,metaspace   ] GC(331) Metaspace: 74884K(75328K)->74884K(75328K) NonClass: 59427K(59648K)->59427K(59648K) Class: 15456K(15680K)->15456K(15680K)
[53.990s][info][gc             ] GC(331) Pause Young (Allocation Failure) 441M->40M(1759M) 1.375ms
[53.990s][info][gc,cpu         ] GC(331) User=0.00s Sys=0.00s Real=0.00s
[54.088s][info][gc,start       ] GC(332) Pause Young (Allocation Failure)
[54.089s][info][gc,heap        ] GC(332) PSYoungGen: 403328K(403456K)->1856K(395264K) Eden: 401408K(401408K)->0K(393216K) From: 1920K(2048K)->1856K(2048K)
[54.089s][info][gc,heap        ] GC(332) ParOldGen: 39948K(1398272K)->40068K(1398272K)
[54.089s][info][gc,metaspace   ] GC(332) Metaspace: 74884K(75328K)->74884K(75328K) NonClass: 59427K(59648K)->59427K(59648K) Class: 15456K(15680K)->15456K(15680K)
[54.089s][info][gc             ] GC(332) Pause Young (Allocation Failure) 432M->40M(1751M) 1.226ms
[54.089s][info][gc,cpu         ] GC(332) User=0.00s Sys=0.00s Real=0.00s
[54.185s][info][gc,start       ] GC(333) Pause Young (Allocation Failure)
[54.186s][info][gc,heap        ] GC(333) PSYoungGen: 395072K(395264K)->1888K(387072K) Eden: 393216K(393216K)->0K(385024K) From: 1856K(2048K)->1888K(2048K)
[54.187s][info][gc,heap        ] GC(333) ParOldGen: 40068K(1398272K)->40188K(1398272K)
[54.187s][info][gc,metaspace   ] GC(333) Metaspace: 74884K(75328K)->74884K(75328K) NonClass: 59427K(59648K)->59427K(59648K) Class: 15456K(15680K)->15456K(15680K)
[54.187s][info][gc             ] GC(333) Pause Young (Allocation Failure) 424M->41M(1743M) 1.315ms
[54.187s][info][gc,cpu         ] GC(333) User=0.00s Sys=0.00s Real=0.00s
[54.281s][info][gc,start       ] GC(334) Pause Young (Allocation Failure)
[54.282s][info][gc,heap        ] GC(334) PSYoungGen: 386912K(387072K)->1536K(378880K) Eden: 385024K(385024K)->0K(377344K) From: 1888K(2048K)->1536K(1536K)
[54.282s][info][gc,heap        ] GC(334) ParOldGen: 40188K(1398272K)->40388K(1398272K)
[54.282s][info][gc,metaspace   ] GC(334) Metaspace: 74884K(75328K)->74884K(75328K) NonClass: 59427K(59648K)->59427K(59648K) Class: 15456K(15680K)->15456K(15680K)
[54.282s][info][gc             ] GC(334) Pause Young (Allocation Failure) 417M->40M(1735M) 1.162ms
[54.282s][info][gc,cpu         ] GC(334) User=0.00s Sys=0.00s Real=0.00s
[54.374s][info][gc,start       ] GC(335) Pause Young (Allocation Failure)
[54.375s][info][gc,heap        ] GC(335) PSYoungGen: 378880K(378880K)->1856K(371712K) Eden: 377344K(377344K)->0K(369664K) From: 1536K(1536K)->1856K(2048K)
[54.375s][info][gc,heap        ] GC(335) ParOldGen: 40388K(1398272K)->40628K(1398272K)
[54.375s][info][gc,metaspace   ] GC(335) Metaspace: 74884K(75328K)->74884K(75328K) NonClass: 59427K(59648K)->59427K(59648K) Class: 15456K(15680K)->15456K(15680K)
[54.375s][info][gc             ] GC(335) Pause Young (Allocation Failure) 409M->41M(1728M) 1.297ms
[54.375s][info][gc,cpu         ] GC(335) User=0.00s Sys=0.00s Real=0.00s
[54.465s][info][gc,start       ] GC(336) Pause Young (Allocation Failure)
[54.466s][info][gc,heap        ] GC(336) PSYoungGen: 371520K(371712K)->1856K(364544K) Eden: 369664K(369664K)->0K(362496K) From: 1856K(2048K)->1856K(2048K)
[54.466s][info][gc,heap        ] GC(336) ParOldGen: 40628K(1398272K)->40748K(1398272K)
[54.466s][info][gc,metaspace   ] GC(336) Metaspace: 74884K(75328K)->74884K(75328K) NonClass: 59427K(59648K)->59427K(59648K) Class: 15456K(15680K)->15456K(15680K)
[54.466s][info][gc             ] GC(336) Pause Young (Allocation Failure) 402M->41M(1721M) 1.183ms
[54.466s][info][gc,cpu         ] GC(336) User=0.00s Sys=0.00s Real=0.00s
[54.555s][info][gc,start       ] GC(337) Pause Young (Allocation Failure)
[54.556s][info][gc,heap        ] GC(337) PSYoungGen: 364352K(364544K)->1888K(357376K) Eden: 362496K(362496K)->0K(355328K) From: 1856K(2048K)->1888K(2048K)
[54.556s][info][gc,heap        ] GC(337) ParOldGen: 40748K(1398272K)->40828K(1398272K)
[54.556s][info][gc,metaspace   ] GC(337) Metaspace: 74884K(75328K)->74884K(75328K) NonClass: 59427K(59648K)->59427K(59648K) Class: 15456K(15680K)->15456K(15680K)
[54.556s][info][gc             ] GC(337) Pause Young (Allocation Failure) 395M->41M(1714M) 1.356ms
[54.556s][info][gc,cpu         ] GC(337) User=0.00s Sys=0.00s Real=0.00s
[54.644s][info][gc,start       ] GC(338) Pause Young (Allocation Failure)
[54.645s][info][gc,heap        ] GC(338) PSYoungGen: 357216K(357376K)->1536K(349696K) Eden: 355328K(355328K)->0K(348160K) From: 1888K(2048K)->1536K(1536K)
[54.645s][info][gc,heap        ] GC(338) ParOldGen: 40828K(1398272K)->41004K(1398272K)
[54.645s][info][gc,metaspace   ] GC(338) Metaspace: 74884K(75328K)->74884K(75328K) NonClass: 59427K(59648K)->59427K(59648K) Class: 15456K(15680K)->15456K(15680K)
[54.645s][info][gc             ] GC(338) Pause Young (Allocation Failure) 388M->41M(1707M) 1.078ms
[54.645s][info][gc,cpu         ] GC(338) User=0.00s Sys=0.00s Real=0.00s
[54.730s][info][gc,start       ] GC(339) Pause Young (Allocation Failure)
[54.731s][info][gc,heap        ] GC(339) PSYoungGen: 349696K(349696K)->1984K(419840K) Eden: 348160K(348160K)->0K(417792K) From: 1536K(1536K)->1984K(2048K)
[54.731s][info][gc,heap        ] GC(339) ParOldGen: 41004K(1398272K)->41164K(1398272K)
[54.731s][info][gc,metaspace   ] GC(339) Metaspace: 74884K(75328K)->74884K(75328K) NonClass: 59427K(59648K)->59427K(59648K) Class: 15456K(15680K)->15456K(15680K)
[54.731s][info][gc             ] GC(339) Pause Young (Allocation Failure) 381M->42M(1775M) 1.385ms
[54.731s][info][gc,cpu         ] GC(339) User=0.00s Sys=0.00s Real=0.00s
[54.834s][info][gc,start       ] GC(340) Pause Young (Allocation Failure)
[54.835s][info][gc,heap        ] GC(340) PSYoungGen: 419776K(419840K)->1856K(410624K) Eden: 417792K(417792K)->0K(408576K) From: 1984K(2048K)->1856K(2048K)
[54.835s][info][gc,heap        ] GC(340) ParOldGen: 41164K(1398272K)->41428K(1398272K)
[54.835s][info][gc,metaspace   ] GC(340) Metaspace: 74884K(75328K)->74884K(75328K) NonClass: 59427K(59648K)->59427K(59648K) Class: 15456K(15680K)->15456K(15680K)
[54.835s][info][gc             ] GC(340) Pause Young (Allocation Failure) 450M->42M(1766M) 1.131ms
[54.835s][info][gc,cpu         ] GC(340) User=0.00s Sys=0.00s Real=0.00s
[54.935s][info][gc,start       ] GC(341) Pause Young (Allocation Failure)
[54.936s][info][gc,heap        ] GC(341) PSYoungGen: 410432K(410624K)->1888K(401920K) Eden: 408576K(408576K)->0K(399872K) From: 1856K(2048K)->1888K(2048K)
[54.936s][info][gc,heap        ] GC(341) ParOldGen: 41428K(1398272K)->41516K(1398272K)
[54.936s][info][gc,metaspace   ] GC(341) Metaspace: 74884K(75328K)->74884K(75328K) NonClass: 59427K(59648K)->59427K(59648K) Class: 15456K(15680K)->15456K(15680K)
[54.936s][info][gc             ] GC(341) Pause Young (Allocation Failure) 441M->42M(1758M) 1.366ms
[54.936s][info][gc,cpu         ] GC(341) User=0.00s Sys=0.00s Real=0.00s
[55.033s][info][gc,start       ] GC(342) Pause Young (Allocation Failure)
[55.034s][info][gc,heap        ] GC(342) PSYoungGen: 401760K(401920K)->1536K(393216K) Eden: 399872K(399872K)->0K(391680K) From: 1888K(2048K)->1536K(1536K)
[55.035s][info][gc,heap        ] GC(342) ParOldGen: 41516K(1398272K)->41708K(1398272K)
[55.035s][info][gc,metaspace   ] GC(342) Metaspace: 74884K(75328K)->74884K(75328K) NonClass: 59427K(59648K)->59427K(59648K) Class: 15456K(15680K)->15456K(15680K)
[55.035s][info][gc             ] GC(342) Pause Young (Allocation Failure) 432M->42M(1749M) 1.136ms
[55.035s][info][gc,cpu         ] GC(342) User=0.00s Sys=0.00s Real=0.00s
[55.130s][info][gc,start       ] GC(343) Pause Young (Allocation Failure)
[55.131s][info][gc,heap        ] GC(343) PSYoungGen: 393216K(393216K)->1888K(385536K) Eden: 391680K(391680K)->0K(383488K) From: 1536K(1536K)->1888K(2048K)
[55.131s][info][gc,heap        ] GC(343) ParOldGen: 41708K(1398272K)->41860K(1398272K)
[55.131s][info][gc,metaspace   ] GC(343) Metaspace: 74884K(75328K)->74884K(75328K) NonClass: 59427K(59648K)->59427K(59648K) Class: 15456K(15680K)->15456K(15680K)
[55.131s][info][gc             ] GC(343) Pause Young (Allocation Failure) 424M->42M(1742M) 1.333ms
[55.131s][info][gc,cpu         ] GC(343) User=0.00s Sys=0.00s Real=0.00s
[55.225s][info][gc,start       ] GC(344) Pause Young (Allocation Failure)
[55.226s][info][gc,heap        ] GC(344) PSYoungGen: 385376K(385536K)->1856K(377856K) Eden: 383488K(383488K)->0K(375808K) From: 1888K(2048K)->1856K(2048K)
[55.226s][info][gc,heap        ] GC(344) ParOldGen: 41860K(1398272K)->41988K(1398272K)
[55.226s][info][gc,metaspace   ] GC(344) Metaspace: 74884K(75328K)->74884K(75328K) NonClass: 59427K(59648K)->59427K(59648K) Class: 15456K(15680K)->15456K(15680K)
[55.226s][info][gc             ] GC(344) Pause Young (Allocation Failure) 417M->42M(1734M) 1.100ms
[55.226s][info][gc,cpu         ] GC(344) User=0.02s Sys=0.00s Real=0.00s
[55.319s][info][gc,start       ] GC(345) Pause Young (Allocation Failure)
[55.320s][info][gc,heap        ] GC(345) PSYoungGen: 377664K(377856K)->1920K(370176K) Eden: 375808K(375808K)->0K(368128K) From: 1856K(2048K)->1920K(2048K)
[55.320s][info][gc,heap        ] GC(345) ParOldGen: 41988K(1398272K)->42108K(1398272K)
[55.320s][info][gc,metaspace   ] GC(345) Metaspace: 74884K(75328K)->74884K(75328K) NonClass: 59427K(59648K)->59427K(59648K) Class: 15456K(15680K)->15456K(15680K)
[55.320s][info][gc             ] GC(345) Pause Young (Allocation Failure) 409M->42M(1727M) 1.321ms
[55.320s][info][gc,cpu         ] GC(345) User=0.05s Sys=0.05s Real=0.00s
[55.411s][info][gc,start       ] GC(346) Pause Young (Allocation Failure)
[55.412s][info][gc,heap        ] GC(346) PSYoungGen: 370048K(370176K)->1536K(362496K) Eden: 368128K(368128K)->0K(360960K) From: 1920K(2048K)->1536K(1536K)
[55.412s][info][gc,heap        ] GC(346) ParOldGen: 42108K(1398272K)->42284K(1398272K)
[55.412s][info][gc,metaspace   ] GC(346) Metaspace: 74884K(75328K)->74884K(75328K) NonClass: 59427K(59648K)->59427K(59648K) Class: 15456K(15680K)->15456K(15680K)
[55.412s][info][gc             ] GC(346) Pause Young (Allocation Failure) 402M->42M(1719M) 1.092ms
[55.412s][info][gc,cpu         ] GC(346) User=0.00s Sys=0.00s Real=0.00s
[55.500s][info][gc,start       ] GC(347) Pause Young (Allocation Failure)
[55.501s][info][gc,heap        ] GC(347) PSYoungGen: 362496K(362496K)->1888K(355840K) Eden: 360960K(360960K)->0K(353792K) From: 1536K(1536K)->1888K(2048K)
[55.501s][info][gc,heap        ] GC(347) ParOldGen: 42284K(1398272K)->42508K(1398272K)
[55.501s][info][gc,metaspace   ] GC(347) Metaspace: 74884K(75328K)->74884K(75328K) NonClass: 59427K(59648K)->59427K(59648K) Class: 15456K(15680K)->15456K(15680K)
[55.501s][info][gc             ] GC(347) Pause Young (Allocation Failure) 395M->43M(1713M) 1.298ms
[55.501s][info][gc,cpu         ] GC(347) User=0.00s Sys=0.00s Real=0.00s
[55.587s][info][gc,start       ] GC(348) Pause Young (Allocation Failure)
[55.588s][info][gc,heap        ] GC(348) PSYoungGen: 355680K(355840K)->1856K(349184K) Eden: 353792K(353792K)->0K(347136K) From: 1888K(2048K)->1856K(2048K)
[55.588s][info][gc,heap        ] GC(348) ParOldGen: 42508K(1398272K)->42700K(1398272K)
[55.588s][info][gc,metaspace   ] GC(348) Metaspace: 74884K(75328K)->74884K(75328K) NonClass: 59427K(59648K)->59427K(59648K) Class: 15456K(15680K)->15456K(15680K)
[55.588s][info][gc             ] GC(348) Pause Young (Allocation Failure) 388M->43M(1706M) 1.101ms
[55.588s][info][gc,cpu         ] GC(348) User=0.00s Sys=0.00s Real=0.00s
[55.673s][info][gc,start       ] GC(349) Pause Young (Allocation Failure)
[55.675s][info][gc,heap        ] GC(349) PSYoungGen: 348992K(349184K)->1856K(342528K) Eden: 347136K(347136K)->0K(340480K) From: 1856K(2048K)->1856K(2048K)
[55.675s][info][gc,heap        ] GC(349) ParOldGen: 42700K(1398272K)->42804K(1398272K)
[55.675s][info][gc,metaspace   ] GC(349) Metaspace: 74884K(75328K)->74884K(75328K) NonClass: 59427K(59648K)->59427K(59648K) Class: 15456K(15680K)->15456K(15680K)
[55.675s][info][gc             ] GC(349) Pause Young (Allocation Failure) 382M->43M(1700M) 1.325ms
[55.675s][info][gc,cpu         ] GC(349) User=0.00s Sys=0.00s Real=0.00s
[55.758s][info][gc,start       ] GC(350) Pause Young (Allocation Failure)
[55.759s][info][gc,heap        ] GC(350) PSYoungGen: 342336K(342528K)->1536K(410112K) Eden: 340480K(340480K)->0K(408576K) From: 1856K(2048K)->1536K(1536K)
[55.759s][info][gc,heap        ] GC(350) ParOldGen: 42804K(1398272K)->42972K(1398272K)
[55.759s][info][gc,metaspace   ] GC(350) Metaspace: 74884K(75328K)->74884K(75328K) NonClass: 59427K(59648K)->59427K(59648K) Class: 15456K(15680K)->15456K(15680K)
[55.759s][info][gc             ] GC(350) Pause Young (Allocation Failure) 376M->43M(1766M) 1.199ms
[55.759s][info][gc,cpu         ] GC(350) User=0.00s Sys=0.00s Real=0.00s
[55.860s][info][gc,start       ] GC(351) Pause Young (Allocation Failure)
[55.861s][info][gc,heap        ] GC(351) PSYoungGen: 410112K(410112K)->1824K(492544K) Eden: 408576K(408576K)->0K(490496K) From: 1536K(1536K)->1824K(2048K)
[55.861s][info][gc,heap        ] GC(351) ParOldGen: 42972K(1398272K)->43244K(1398272K)
[55.861s][info][gc,metaspace   ] GC(351) Metaspace: 74887K(75392K)->74887K(75392K) NonClass: 59430K(59712K)->59430K(59712K) Class: 15456K(15680K)->15456K(15680K)
[55.861s][info][gc             ] GC(351) Pause Young (Allocation Failure) 442M->44M(1846M) 1.382ms
[55.861s][info][gc,cpu         ] GC(351) User=0.00s Sys=0.00s Real=0.00s
[55.981s][info][gc,start       ] GC(352) Pause Young (Allocation Failure)
[55.982s][info][gc,heap        ] GC(352) PSYoungGen: 492320K(492544K)->1856K(480768K) Eden: 490496K(490496K)->0K(478720K) From: 1824K(2048K)->1856K(2048K)
[55.982s][info][gc,heap        ] GC(352) ParOldGen: 43244K(1398272K)->43404K(1398272K)
[55.982s][info][gc,metaspace   ] GC(352) Metaspace: 74887K(75392K)->74887K(75392K) NonClass: 59430K(59712K)->59430K(59712K) Class: 15456K(15680K)->15456K(15680K)
[55.982s][info][gc             ] GC(352) Pause Young (Allocation Failure) 523M->44M(1835M) 1.107ms
[55.982s][info][gc,cpu         ] GC(352) User=0.00s Sys=0.00s Real=0.00s
[56.100s][info][gc,start       ] GC(353) Pause Young (Allocation Failure)
[56.102s][info][gc,heap        ] GC(353) PSYoungGen: 480576K(480768K)->1888K(469504K) Eden: 478720K(478720K)->0K(467456K) From: 1856K(2048K)->1888K(2048K)
[56.102s][info][gc,heap        ] GC(353) ParOldGen: 43404K(1398272K)->43548K(1398272K)
[56.102s][info][gc,metaspace   ] GC(353) Metaspace: 74887K(75392K)->74887K(75392K) NonClass: 59430K(59712K)->59430K(59712K) Class: 15456K(15680K)->15456K(15680K)
[56.102s][info][gc             ] GC(353) Pause Young (Allocation Failure) 511M->44M(1824M) 1.442ms
[56.102s][info][gc,cpu         ] GC(353) User=0.50s Sys=0.02s Real=0.00s
[56.216s][info][gc,start       ] GC(354) Pause Young (Allocation Failure)
[56.217s][info][gc,heap        ] GC(354) PSYoungGen: 469344K(469504K)->1536K(458240K) Eden: 467456K(467456K)->0K(456704K) From: 1888K(2048K)->1536K(1536K)
[56.217s][info][gc,heap        ] GC(354) ParOldGen: 43548K(1398272K)->43764K(1398272K)
[56.217s][info][gc,metaspace   ] GC(354) Metaspace: 74887K(75392K)->74887K(75392K) NonClass: 59430K(59712K)->59430K(59712K) Class: 15456K(15680K)->15456K(15680K)
[56.217s][info][gc             ] GC(354) Pause Young (Allocation Failure) 500M->44M(1813M) 1.102ms
[56.217s][info][gc,cpu         ] GC(354) User=0.00s Sys=0.00s Real=0.00s
[56.330s][info][gc,start       ] GC(355) Pause Young (Allocation Failure)
[56.331s][info][gc,heap        ] GC(355) PSYoungGen: 458240K(458240K)->1888K(448512K) Eden: 456704K(456704K)->0K(446464K) From: 1536K(1536K)->1888K(2048K)
[56.331s][info][gc,heap        ] GC(355) ParOldGen: 43764K(1398272K)->43876K(1398272K)
[56.331s][info][gc,metaspace   ] GC(355) Metaspace: 74887K(75392K)->74887K(75392K) NonClass: 59430K(59712K)->59430K(59712K) Class: 15456K(15680K)->15456K(15680K)
[56.331s][info][gc             ] GC(355) Pause Young (Allocation Failure) 490M->44M(1803M) 1.323ms
[56.331s][info][gc,cpu         ] GC(355) User=0.00s Sys=0.00s Real=0.00s
[56.440s][info][gc,start       ] GC(356) Pause Young (Allocation Failure)
[56.441s][info][gc,heap        ] GC(356) PSYoungGen: 448352K(448512K)->1024K(437248K) Eden: 446464K(446464K)->0K(436224K) From: 1888K(2048K)->1024K(1024K)
[56.441s][info][gc,heap        ] GC(356) ParOldGen: 43876K(1398272K)->44380K(1398272K)
[56.441s][info][gc,metaspace   ] GC(356) Metaspace: 74887K(75392K)->74887K(75392K) NonClass: 59430K(59712K)->59430K(59712K) Class: 15456K(15680K)->15456K(15680K)
[56.441s][info][gc             ] GC(356) Pause Young (Allocation Failure) 480M->44M(1792M) 1.146ms
[56.441s][info][gc,cpu         ] GC(356) User=0.00s Sys=0.00s Real=0.00s
[56.548s][info][gc,start       ] GC(357) Pause Young (Allocation Failure)
[56.549s][info][gc,heap        ] GC(357) PSYoungGen: 437248K(437248K)->1920K(428544K) Eden: 436224K(436224K)->0K(426496K) From: 1024K(1024K)->1920K(2048K)
[56.549s][info][gc,heap        ] GC(357) ParOldGen: 44380K(1398272K)->44612K(1398272K)
[56.549s][info][gc,metaspace   ] GC(357) Metaspace: 74887K(75392K)->74887K(75392K) NonClass: 59430K(59712K)->59430K(59712K) Class: 15456K(15680K)->15456K(15680K)
[56.549s][info][gc             ] GC(357) Pause Young (Allocation Failure) 470M->45M(1784M) 1.268ms
[56.549s][info][gc,cpu         ] GC(357) User=0.00s Sys=0.00s Real=0.00s
[56.655s][info][gc,start       ] GC(358) Pause Young (Allocation Failure)
[56.867s][info][gc,heap        ] GC(358) PSYoungGen: 428416K(428544K)->1824K(419328K) Eden: 426496K(426496K)->0K(417280K) From: 1920K(2048K)->1824K(2048K)
[56.867s][info][gc,heap        ] GC(358) ParOldGen: 44612K(1398272K)->44868K(1398272K)
[56.867s][info][gc,metaspace   ] GC(358) Metaspace: 74887K(75392K)->74887K(75392K) NonClass: 59430K(59712K)->59430K(59712K) Class: 15456K(15680K)->15456K(15680K)
[56.867s][info][gc             ] GC(358) Pause Young (Allocation Failure) 461M->45M(1775M) 212.693ms
[56.867s][info][gc,cpu         ] GC(358) User=0.38s Sys=0.03s Real=0.21s
[56.981s][info][gc,start       ] GC(359) Pause Young (Allocation Failure)
[56.982s][info][gc,heap        ] GC(359) PSYoungGen: 419104K(419328K)->1888K(410112K) Eden: 417280K(417280K)->0K(408064K) From: 1824K(2048K)->1888K(2048K)
[56.982s][info][gc,heap        ] GC(359) ParOldGen: 44868K(1398272K)->44996K(1398272K)
[56.982s][info][gc,metaspace   ] GC(359) Metaspace: 74887K(75392K)->74887K(75392K) NonClass: 59430K(59712K)->59430K(59712K) Class: 15456K(15680K)->15456K(15680K)
[56.982s][info][gc             ] GC(359) Pause Young (Allocation Failure) 453M->45M(1766M) 1.324ms
[56.982s][info][gc,cpu         ] GC(359) User=0.00s Sys=0.00s Real=0.00s
[57.082s][info][gc,start       ] GC(360) Pause Young (Allocation Failure)
[57.083s][info][gc,heap        ] GC(360) PSYoungGen: 409952K(410112K)->1536K(400896K) Eden: 408064K(408064K)->0K(399360K) From: 1888K(2048K)->1536K(1536K)
[57.083s][info][gc,heap        ] GC(360) ParOldGen: 44996K(1398272K)->45284K(1398272K)
[57.083s][info][gc,metaspace   ] GC(360) Metaspace: 74887K(75392K)->74887K(75392K) NonClass: 59430K(59712K)->59430K(59712K) Class: 15456K(15680K)->15456K(15680K)
[57.083s][info][gc             ] GC(360) Pause Young (Allocation Failure) 444M->45M(1757M) 1.135ms
[57.083s][info][gc,cpu         ] GC(360) User=0.00s Sys=0.00s Real=0.00s
[57.181s][info][gc,start       ] GC(361) Pause Young (Allocation Failure)
[57.182s][info][gc,heap        ] GC(361) PSYoungGen: 400896K(400896K)->1920K(393216K) Eden: 399360K(399360K)->0K(391168K) From: 1536K(1536K)->1920K(2048K)
[57.182s][info][gc,heap        ] GC(361) ParOldGen: 45284K(1398272K)->45436K(1398272K)
[57.182s][info][gc,metaspace   ] GC(361) Metaspace: 74887K(75392K)->74887K(75392K) NonClass: 59430K(59712K)->59430K(59712K) Class: 15456K(15680K)->15456K(15680K)
[57.182s][info][gc             ] GC(361) Pause Young (Allocation Failure) 435M->46M(1749M) 1.273ms
[57.182s][info][gc,cpu         ] GC(361) User=0.00s Sys=0.00s Real=0.00s
[57.278s][info][gc,start       ] GC(362) Pause Young (Allocation Failure)
[57.280s][info][gc,heap        ] GC(362) PSYoungGen: 393088K(393216K)->1024K(384000K) Eden: 391168K(391168K)->0K(382976K) From: 1920K(2048K)->1024K(1024K)
[57.280s][info][gc,heap        ] GC(362) ParOldGen: 45436K(1398272K)->45956K(1398272K)
[57.280s][info][gc,metaspace   ] GC(362) Metaspace: 74887K(75392K)->74887K(75392K) NonClass: 59430K(59712K)->59430K(59712K) Class: 15456K(15680K)->15456K(15680K)
[57.280s][info][gc             ] GC(362) Pause Young (Allocation Failure) 428M->45M(1740M) 1.284ms
[57.280s][info][gc,cpu         ] GC(362) User=0.00s Sys=0.00s Real=0.00s
[57.374s][info][gc,start       ] GC(363) Pause Young (Allocation Failure)
[57.375s][info][gc,heap        ] GC(363) PSYoungGen: 384000K(384000K)->1792K(377344K) Eden: 382976K(382976K)->0K(375296K) From: 1024K(1024K)->1792K(2048K)
[57.375s][info][gc,heap        ] GC(363) ParOldGen: 45956K(1398272K)->46260K(1398272K)
[57.375s][info][gc,metaspace   ] GC(363) Metaspace: 74887K(75392K)->74887K(75392K) NonClass: 59430K(59712K)->59430K(59712K) Class: 15456K(15680K)->15456K(15680K)
[57.375s][info][gc             ] GC(363) Pause Young (Allocation Failure) 419M->46M(1734M) 1.268ms
[57.376s][info][gc,cpu         ] GC(363) User=0.00s Sys=0.00s Real=0.00s
[57.468s][info][gc,start       ] GC(364) Pause Young (Allocation Failure)
[57.470s][info][gc,heap        ] GC(364) PSYoungGen: 377088K(377344K)->1792K(369664K) Eden: 375296K(375296K)->0K(367616K) From: 1792K(2048K)->1792K(2048K)
[57.470s][info][gc,heap        ] GC(364) ParOldGen: 46260K(1398272K)->46460K(1398272K)
[57.470s][info][gc,metaspace   ] GC(364) Metaspace: 74887K(75392K)->74887K(75392K) NonClass: 59430K(59712K)->59430K(59712K) Class: 15456K(15680K)->15456K(15680K)
[57.470s][info][gc             ] GC(364) Pause Young (Allocation Failure) 413M->47M(1726M) 1.229ms
[57.470s][info][gc,cpu         ] GC(364) User=0.00s Sys=0.00s Real=0.00s
[57.561s][info][gc,start       ] GC(365) Pause Young (Allocation Failure)
[57.562s][info][gc,heap        ] GC(365) PSYoungGen: 369408K(369664K)->1824K(362496K) Eden: 367616K(367616K)->0K(360448K) From: 1792K(2048K)->1824K(2048K)
[57.562s][info][gc,heap        ] GC(365) ParOldGen: 46460K(1398272K)->46604K(1398272K)
[57.562s][info][gc,metaspace   ] GC(365) Metaspace: 74887K(75392K)->74887K(75392K) NonClass: 59430K(59712K)->59430K(59712K) Class: 15456K(15680K)->15456K(15680K)
[57.562s][info][gc             ] GC(365) Pause Young (Allocation Failure) 406M->47M(1719M) 1.365ms
[57.562s][info][gc,cpu         ] GC(365) User=0.00s Sys=0.00s Real=0.00s
[57.652s][info][gc,start       ] GC(366) Pause Young (Allocation Failure)
[57.653s][info][gc,heap        ] GC(366) PSYoungGen: 362272K(362496K)->512K(353792K) Eden: 360448K(360448K)->0K(353280K) From: 1824K(2048K)->512K(512K)
[57.653s][info][gc,heap        ] GC(366) ParOldGen: 46604K(1398272K)->47612K(1398272K)
[57.653s][info][gc,metaspace   ] GC(366) Metaspace: 74887K(75392K)->74887K(75392K) NonClass: 59430K(59712K)->59430K(59712K) Class: 15456K(15680K)->15456K(15680K)
[57.653s][info][gc             ] GC(366) Pause Young (Allocation Failure) 399M->46M(1711M) 1.216ms
[57.653s][info][gc,cpu         ] GC(366) User=0.00s Sys=0.00s Real=0.00s
[57.744s][info][gc,start       ] GC(367) Pause Young (Allocation Failure)
[57.745s][info][gc,heap        ] GC(367) PSYoungGen: 353792K(353792K)->1728K(425984K) Eden: 353280K(353280K)->0K(423936K) From: 512K(512K)->1728K(2048K)
[57.745s][info][gc,heap        ] GC(367) ParOldGen: 47612K(1398272K)->47892K(1398272K)
[57.745s][info][gc,metaspace   ] GC(367) Metaspace: 74894K(75392K)->74894K(75392K) NonClass: 59437K(59712K)->59437K(59712K) Class: 15456K(15680K)->15456K(15680K)
[57.745s][info][gc             ] GC(367) Pause Young (Allocation Failure) 391M->48M(1781M) 1.145ms
[57.745s][info][gc,cpu         ] GC(367) User=0.00s Sys=0.00s Real=0.00s
[57.861s][info][gc,start       ] GC(368) Pause Young (Allocation Failure)
[57.862s][info][gc,heap        ] GC(368) PSYoungGen: 425664K(425984K)->1600K(416768K) Eden: 423936K(423936K)->0K(414720K) From: 1728K(2048K)->1600K(2048K)
[57.862s][info][gc,heap        ] GC(368) ParOldGen: 47892K(1398272K)->48276K(1398272K)
[57.862s][info][gc,metaspace   ] GC(368) Metaspace: 74905K(75392K)->74905K(75392K) NonClass: 59448K(59712K)->59448K(59712K) Class: 15456K(15680K)->15456K(15680K)
[57.862s][info][gc             ] GC(368) Pause Young (Allocation Failure) 462M->48M(1772M) 1.094ms
[57.862s][info][gc,cpu         ] GC(368) User=0.00s Sys=0.00s Real=0.00s
[57.981s][info][gc,start       ] GC(369) Pause Young (Allocation Failure)
[57.982s][info][gc,heap        ] GC(369) PSYoungGen: 416320K(416768K)->1376K(407552K) Eden: 414720K(414720K)->0K(406016K) From: 1600K(2048K)->1376K(1536K)
[57.982s][info][gc,heap        ] GC(369) ParOldGen: 48276K(1398272K)->48540K(1398272K)
[57.982s][info][gc,metaspace   ] GC(369) Metaspace: 74905K(75392K)->74905K(75392K) NonClass: 59448K(59712K)->59448K(59712K) Class: 15456K(15680K)->15456K(15680K)
[57.982s][info][gc             ] GC(369) Pause Young (Allocation Failure) 453M->48M(1763M) 1.190ms
[57.982s][info][gc,cpu         ] GC(369) User=0.00s Sys=0.00s Real=0.00s
[58.123s][info][gc,start       ] GC(370) Pause Young (Allocation Failure)
[58.123s][info][gc,heap        ] GC(370) PSYoungGen: 407392K(407552K)->1024K(398336K) Eden: 406016K(406016K)->0K(397312K) From: 1376K(1536K)->1024K(1024K)
[58.124s][info][gc,heap        ] GC(370) ParOldGen: 48540K(1398272K)->48884K(1398272K)
[58.124s][info][gc,metaspace   ] GC(370) Metaspace: 74905K(75392K)->74905K(75392K) NonClass: 59448K(59712K)->59448K(59712K) Class: 15456K(15680K)->15456K(15680K)
[58.124s][info][gc             ] GC(370) Pause Young (Allocation Failure) 445M->48M(1754M) 0.939ms
[58.124s][info][gc,cpu         ] GC(370) User=0.00s Sys=0.00s Real=0.00s
[58.281s][info][gc,start       ] GC(371) Pause Young (Allocation Failure)
[58.282s][info][gc,heap        ] GC(371) PSYoungGen: 398336K(398336K)->1184K(390656K) Eden: 397312K(397312K)->0K(389120K) From: 1024K(1024K)->1184K(1536K)
[58.282s][info][gc,heap        ] GC(371) ParOldGen: 48884K(1398272K)->49188K(1398272K)
[58.282s][info][gc,metaspace   ] GC(371) Metaspace: 74905K(75392K)->74905K(75392K) NonClass: 59448K(59712K)->59448K(59712K) Class: 15456K(15680K)->15456K(15680K)
[58.282s][info][gc             ] GC(371) Pause Young (Allocation Failure) 436M->49M(1747M) 1.016ms
[58.282s][info][gc,cpu         ] GC(371) User=0.00s Sys=0.00s Real=0.00s
[58.451s][info][gc,start       ] GC(372) Pause Young (Allocation Failure)
[58.452s][info][gc,heap        ] GC(372) PSYoungGen: 390303K(390656K)->1088K(382464K) Eden: 389119K(389120K)->0K(380928K) From: 1184K(1536K)->1088K(1536K)
[58.452s][info][gc,heap        ] GC(372) ParOldGen: 49188K(1398272K)->49452K(1398272K)
[58.452s][info][gc,metaspace   ] GC(372) Metaspace: 74905K(75392K)->74905K(75392K) NonClass: 59448K(59712K)->59448K(59712K) Class: 15456K(15680K)->15456K(15680K)
[58.452s][info][gc             ] GC(372) Pause Young (Allocation Failure) 429M->49M(1739M) 1.087ms
[58.452s][info][gc,cpu         ] GC(372) User=0.00s Sys=0.00s Real=0.00s
[58.649s][info][gc,start       ] GC(373) Pause Young (Allocation Failure)
[58.650s][info][gc,heap        ] GC(373) PSYoungGen: 382016K(382464K)->1056K(374784K) Eden: 380928K(380928K)->0K(373248K) From: 1088K(1536K)->1056K(1536K)
[58.650s][info][gc,heap        ] GC(373) ParOldGen: 49452K(1398272K)->49644K(1398272K)
[58.650s][info][gc,metaspace   ] GC(373) Metaspace: 74905K(75392K)->74905K(75392K) NonClass: 59448K(59712K)->59448K(59712K) Class: 15456K(15680K)->15456K(15680K)
[58.650s][info][gc             ] GC(373) Pause Young (Allocation Failure) 421M->49M(1731M) 0.953ms
[58.650s][info][gc,cpu         ] GC(373) User=0.00s Sys=0.00s Real=0.00s
[58.853s][info][gc,start       ] GC(374) Pause Young (Allocation Failure)
[58.854s][info][gc,heap        ] GC(374) PSYoungGen: 374304K(374784K)->1056K(367104K) Eden: 373248K(373248K)->0K(365568K) From: 1056K(1536K)->1056K(1536K)
[58.854s][info][gc,heap        ] GC(374) ParOldGen: 49644K(1398272K)->49884K(1398272K)
[58.854s][info][gc,metaspace   ] GC(374) Metaspace: 74905K(75392K)->74905K(75392K) NonClass: 59448K(59712K)->59448K(59712K) Class: 15456K(15680K)->15456K(15680K)
[58.854s][info][gc             ] GC(374) Pause Young (Allocation Failure) 414M->49M(1724M) 1.023ms
[58.854s][info][gc,cpu         ] GC(374) User=0.00s Sys=0.00s Real=0.00s
[59.053s][info][gc,start       ] GC(375) Pause Young (Allocation Failure)
[59.054s][info][gc,heap        ] GC(375) PSYoungGen: 366624K(367104K)->1056K(359936K) Eden: 365568K(365568K)->0K(358400K) From: 1056K(1536K)->1056K(1536K)
[59.054s][info][gc,heap        ] GC(375) ParOldGen: 49884K(1398272K)->50012K(1398272K)
[59.054s][info][gc,metaspace   ] GC(375) Metaspace: 74905K(75392K)->74905K(75392K) NonClass: 59448K(59712K)->59448K(59712K) Class: 15456K(15680K)->15456K(15680K)
[59.054s][info][gc             ] GC(375) Pause Young (Allocation Failure) 406M->49M(1717M) 1.081ms
[59.054s][info][gc,cpu         ] GC(375) User=0.00s Sys=0.02s Real=0.00s
[59.249s][info][gc,start       ] GC(376) Pause Young (Allocation Failure)
[59.250s][info][gc,heap        ] GC(376) PSYoungGen: 359456K(359936K)->1056K(352768K) Eden: 358400K(358400K)->0K(351232K) From: 1056K(1536K)->1056K(1536K)
[59.250s][info][gc,heap        ] GC(376) ParOldGen: 50012K(1398272K)->50076K(1398272K)
[59.250s][info][gc,metaspace   ] GC(376) Metaspace: 74905K(75392K)->74905K(75392K) NonClass: 59448K(59712K)->59448K(59712K) Class: 15456K(15680K)->15456K(15680K)
[59.250s][info][gc             ] GC(376) Pause Young (Allocation Failure) 399M->49M(1710M) 1.022ms
[59.250s][info][gc,cpu         ] GC(376) User=0.00s Sys=0.00s Real=0.00s
[59.441s][info][gc,start       ] GC(377) Pause Young (Allocation Failure)
[59.442s][info][gc,heap        ] GC(377) PSYoungGen: 352288K(352768K)->1056K(346112K) Eden: 351232K(351232K)->0K(344576K) From: 1056K(1536K)->1056K(1536K)
[59.442s][info][gc,heap        ] GC(377) ParOldGen: 50076K(1398272K)->50108K(1398272K)
[59.442s][info][gc,metaspace   ] GC(377) Metaspace: 74905K(75392K)->74905K(75392K) NonClass: 59448K(59712K)->59448K(59712K) Class: 15456K(15680K)->15456K(15680K)
[59.442s][info][gc             ] GC(377) Pause Young (Allocation Failure) 392M->49M(1703M) 0.978ms
[59.442s][info][gc,cpu         ] GC(377) User=0.00s Sys=0.00s Real=0.00s
[59.633s][info][gc,start       ] GC(378) Pause Young (Allocation Failure)
[59.634s][info][gc,heap        ] GC(378) PSYoungGen: 345632K(346112K)->1056K(339456K) Eden: 344576K(344576K)->0K(337920K) From: 1056K(1536K)->1056K(1536K)
[59.634s][info][gc,heap        ] GC(378) ParOldGen: 50108K(1398272K)->50108K(1398272K)
[59.634s][info][gc,metaspace   ] GC(378) Metaspace: 74905K(75392K)->74905K(75392K) NonClass: 59448K(59712K)->59448K(59712K) Class: 15456K(15680K)->15456K(15680K)
[59.634s][info][gc             ] GC(378) Pause Young (Allocation Failure) 386M->49M(1697M) 1.108ms
[59.634s][info][gc,cpu         ] GC(378) User=0.00s Sys=0.00s Real=0.00s
[59.668s][info][gc,start       ] GC(379) Pause Young (System.gc())
[59.670s][info][gc,heap        ] GC(379) PSYoungGen: 28778K(339456K)->1088K(339456K) Eden: 27722K(337920K)->0K(337920K) From: 1056K(1536K)->1088K(1536K)
[59.670s][info][gc,heap        ] GC(379) ParOldGen: 50108K(1398272K)->50436K(1398272K)
[59.670s][info][gc,metaspace   ] GC(379) Metaspace: 74914K(75392K)->74914K(75392K) NonClass: 59458K(59712K)->59458K(59712K) Class: 15456K(15680K)->15456K(15680K)
[59.670s][info][gc             ] GC(379) Pause Young (System.gc()) 77M->50M(1697M) 1.731ms
[59.670s][info][gc,cpu         ] GC(379) User=0.00s Sys=0.00s Real=0.00s
[59.670s][info][gc,start       ] GC(380) Pause Full (System.gc())
[59.670s][info][gc,phases,start] GC(380) Marking Phase
[59.707s][info][gc,phases      ] GC(380) Marking Phase 36.823ms
[59.707s][info][gc,phases,start] GC(380) Summary Phase
[59.707s][info][gc,phases      ] GC(380) Summary Phase 0.014ms
[59.707s][info][gc,phases,start] GC(380) Adjust Roots
[59.725s][info][gc,phases      ] GC(380) Adjust Roots 18.455ms
[59.725s][info][gc,phases,start] GC(380) Compaction Phase
[59.734s][info][gc,phases      ] GC(380) Compaction Phase 8.096ms
[59.734s][info][gc,phases,start] GC(380) Post Compact
[59.735s][info][gc,phases      ] GC(380) Post Compact 0.938ms
[59.735s][info][gc,heap        ] GC(380) PSYoungGen: 1088K(339456K)->0K(339456K) Eden: 0K(337920K)->0K(337920K) From: 1088K(1536K)->0K(1536K)
[59.735s][info][gc,heap        ] GC(380) ParOldGen: 50436K(1398272K)->35773K(1398272K)
[59.735s][info][gc,metaspace   ] GC(380) Metaspace: 74914K(75392K)->74914K(75392K) NonClass: 59458K(59712K)->59458K(59712K) Class: 15456K(15680K)->15456K(15680K)
[59.735s][info][gc             ] GC(380) Pause Full (System.gc()) 50M->34M(1697M) 64.741ms
[59.735s][info][gc,cpu         ] GC(380) User=0.55s Sys=0.00s Real=0.07s
[59.852s][info][gc,start       ] GC(381) Pause Young (Allocation Failure)
[59.854s][info][gc,heap        ] GC(381) PSYoungGen: 337920K(339456K)->2560K(334336K) Eden: 337920K(337920K)->0K(331776K) From: 0K(1536K)->2560K(2560K)
[59.854s][info][gc,heap        ] GC(381) ParOldGen: 35773K(1398272K)->36869K(1398272K)
[59.854s][info][gc,metaspace   ] GC(381) Metaspace: 74974K(75456K)->74974K(75456K) NonClass: 59517K(59776K)->59517K(59776K) Class: 15456K(15680K)->15456K(15680K)
[59.854s][info][gc             ] GC(381) Pause Young (Allocation Failure) 364M->38M(1692M) 1.812ms
[59.854s][info][gc,cpu         ] GC(381) User=0.00s Sys=0.00s Real=0.00s
[59.936s][info][gc,start       ] GC(382) Pause Young (Allocation Failure)
[59.938s][info][gc,heap        ] GC(382) PSYoungGen: 334336K(334336K)->2016K(327680K) Eden: 331776K(331776K)->0K(325632K) From: 2560K(2560K)->2016K(2048K)
[59.938s][info][gc,heap        ] GC(382) ParOldGen: 36869K(1398272K)->38581K(1398272K)
[59.938s][info][gc,metaspace   ] GC(382) Metaspace: 74974K(75456K)->74974K(75456K) NonClass: 59517K(59776K)->59517K(59776K) Class: 15456K(15680K)->15456K(15680K)
[59.938s][info][gc             ] GC(382) Pause Young (Allocation Failure) 362M->39M(1685M) 2.009ms
[59.938s][info][gc,cpu         ] GC(382) User=0.00s Sys=0.00s Real=0.00s
[60.019s][info][gc,start       ] GC(383) Pause Young (Allocation Failure)
[60.020s][info][gc,heap        ] GC(383) PSYoungGen: 327648K(327680K)->1824K(321536K) Eden: 325632K(325632K)->0K(319488K) From: 2016K(2048K)->1824K(2048K)
[60.020s][info][gc,heap        ] GC(383) ParOldGen: 38581K(1398272K)->38821K(1398272K)
[60.020s][info][gc,metaspace   ] GC(383) Metaspace: 74974K(75456K)->74974K(75456K) NonClass: 59517K(59776K)->59517K(59776K) Class: 15456K(15680K)->15456K(15680K)
[60.020s][info][gc             ] GC(383) Pause Young (Allocation Failure) 357M->39M(1679M) 1.226ms
[60.020s][info][gc,cpu         ] GC(383) User=0.00s Sys=0.00s Real=0.00s
[60.099s][info][gc,start       ] GC(384) Pause Young (Allocation Failure)
[60.100s][info][gc,heap        ] GC(384) PSYoungGen: 321312K(321536K)->1888K(315904K) Eden: 319488K(319488K)->0K(313856K) From: 1824K(2048K)->1888K(2048K)
[60.100s][info][gc,heap        ] GC(384) ParOldGen: 38821K(1398272K)->38893K(1398272K)
[60.100s][info][gc,metaspace   ] GC(384) Metaspace: 74974K(75456K)->74974K(75456K) NonClass: 59517K(59776K)->59517K(59776K) Class: 15456K(15680K)->15456K(15680K)
[60.100s][info][gc             ] GC(384) Pause Young (Allocation Failure) 351M->39M(1674M) 1.422ms
[60.101s][info][gc,cpu         ] GC(384) User=0.00s Sys=0.00s Real=0.00s
[60.177s][info][gc,start       ] GC(385) Pause Young (Allocation Failure)
[60.178s][info][gc,heap        ] GC(385) PSYoungGen: 315744K(315904K)->1856K(378880K) Eden: 313856K(313856K)->0K(376832K) From: 1888K(2048K)->1856K(2048K)
[60.178s][info][gc,heap        ] GC(385) ParOldGen: 38893K(1398272K)->39021K(1398272K)
[60.178s][info][gc,metaspace   ] GC(385) Metaspace: 74975K(75456K)->74975K(75456K) NonClass: 59518K(59776K)->59518K(59776K) Class: 15456K(15680K)->15456K(15680K)
[60.178s][info][gc             ] GC(385) Pause Young (Allocation Failure) 346M->39M(1735M) 1.175ms
[60.178s][info][gc,cpu         ] GC(385) User=0.00s Sys=0.00s Real=0.00s
[60.272s][info][gc,start       ] GC(386) Pause Young (Allocation Failure)
[60.274s][info][gc,heap        ] GC(386) PSYoungGen: 378688K(378880K)->1856K(454656K) Eden: 376832K(376832K)->0K(452608K) From: 1856K(2048K)->1856K(2048K)
[60.274s][info][gc,heap        ] GC(386) ParOldGen: 39021K(1398272K)->39109K(1398272K)
[60.274s][info][gc,metaspace   ] GC(386) Metaspace: 74987K(75456K)->74987K(75456K) NonClass: 59530K(59776K)->59530K(59776K) Class: 15456K(15680K)->15456K(15680K)
[60.274s][info][gc             ] GC(386) Pause Young (Allocation Failure) 407M->40M(1809M) 1.415ms
[60.274s][info][gc,cpu         ] GC(386) User=0.52s Sys=0.00s Real=0.00s
[60.389s][info][gc,start       ] GC(387) Pause Young (Allocation Failure)
[60.390s][info][gc,heap        ] GC(387) PSYoungGen: 454464K(454656K)->1888K(444416K) Eden: 452608K(452608K)->0K(442368K) From: 1856K(2048K)->1888K(2048K)
[60.390s][info][gc,heap        ] GC(387) ParOldGen: 39109K(1398272K)->39189K(1398272K)
[60.390s][info][gc,metaspace   ] GC(387) Metaspace: 74987K(75456K)->74987K(75456K) NonClass: 59530K(59776K)->59530K(59776K) Class: 15456K(15680K)->15456K(15680K)
[60.390s][info][gc             ] GC(387) Pause Young (Allocation Failure) 482M->40M(1799M) 1.296ms
[60.390s][info][gc,cpu         ] GC(387) User=0.00s Sys=0.00s Real=0.00s
[60.502s][info][gc,start       ] GC(388) Pause Young (Allocation Failure)
[60.503s][info][gc,heap        ] GC(388) PSYoungGen: 444256K(444416K)->1824K(434688K) Eden: 442368K(442368K)->0K(432640K) From: 1888K(2048K)->1824K(2048K)
[60.503s][info][gc,heap        ] GC(388) ParOldGen: 39189K(1398272K)->39261K(1398272K)
[60.503s][info][gc,metaspace   ] GC(388) Metaspace: 74987K(75456K)->74987K(75456K) NonClass: 59530K(59776K)->59530K(59776K) Class: 15456K(15680K)->15456K(15680K)
[60.504s][info][gc             ] GC(388) Pause Young (Allocation Failure) 472M->40M(1790M) 1.443ms
[60.504s][info][gc,cpu         ] GC(388) User=0.00s Sys=0.00s Real=0.00s
[60.611s][info][gc,start       ] GC(389) Pause Young (Allocation Failure)
[60.612s][info][gc,heap        ] GC(389) PSYoungGen: 434464K(434688K)->1888K(424960K) Eden: 432640K(432640K)->0K(422912K) From: 1824K(2048K)->1888K(2048K)
[60.612s][info][gc,heap        ] GC(389) ParOldGen: 39261K(1398272K)->39389K(1398272K)
[60.612s][info][gc,metaspace   ] GC(389) Metaspace: 74987K(75456K)->74987K(75456K) NonClass: 59530K(59776K)->59530K(59776K) Class: 15456K(15680K)->15456K(15680K)
[60.612s][info][gc             ] GC(389) Pause Young (Allocation Failure) 462M->40M(1780M) 1.206ms
[60.612s][info][gc,cpu         ] GC(389) User=0.00s Sys=0.00s Real=0.00s
[60.718s][info][gc,start       ] GC(390) Pause Young (Allocation Failure)
[60.719s][info][gc,heap        ] GC(390) PSYoungGen: 424800K(424960K)->1888K(415744K) Eden: 422912K(422912K)->0K(413696K) From: 1888K(2048K)->1888K(2048K)
[60.719s][info][gc,heap        ] GC(390) ParOldGen: 39389K(1398272K)->39509K(1398272K)
[60.719s][info][gc,metaspace   ] GC(390) Metaspace: 74987K(75456K)->74987K(75456K) NonClass: 59530K(59776K)->59530K(59776K) Class: 15456K(15680K)->15456K(15680K)
[60.719s][info][gc             ] GC(390) Pause Young (Allocation Failure) 453M->40M(1771M) 1.439ms
[60.719s][info][gc,cpu         ] GC(390) User=0.00s Sys=0.00s Real=0.00s
[60.821s][info][gc,start       ] GC(391) Pause Young (Allocation Failure)
[60.822s][info][gc,heap        ] GC(391) PSYoungGen: 415584K(415744K)->1856K(407040K) Eden: 413696K(413696K)->0K(404992K) From: 1888K(2048K)->1856K(2048K)
[60.822s][info][gc,heap        ] GC(391) ParOldGen: 39509K(1398272K)->39773K(1398272K)
[60.822s][info][gc,metaspace   ] GC(391) Metaspace: 74987K(75456K)->74987K(75456K) NonClass: 59530K(59776K)->59530K(59776K) Class: 15456K(15680K)->15456K(15680K)
[60.822s][info][gc             ] GC(391) Pause Young (Allocation Failure) 444M->40M(1763M) 1.338ms
[60.822s][info][gc,cpu         ] GC(391) User=0.00s Sys=0.00s Real=0.00s
[60.923s][info][gc,start       ] GC(392) Pause Young (Allocation Failure)
[60.924s][info][gc,heap        ] GC(392) PSYoungGen: 406848K(407040K)->1856K(398336K) Eden: 404992K(404992K)->0K(396288K) From: 1856K(2048K)->1856K(2048K)
[60.924s][info][gc,heap        ] GC(392) ParOldGen: 39773K(1398272K)->39869K(1398272K)
[60.924s][info][gc,metaspace   ] GC(392) Metaspace: 74987K(75456K)->74987K(75456K) NonClass: 59530K(59776K)->59530K(59776K) Class: 15456K(15680K)->15456K(15680K)
[60.924s][info][gc             ] GC(392) Pause Young (Allocation Failure) 436M->40M(1754M) 1.303ms
[60.924s][info][gc,cpu         ] GC(392) User=0.00s Sys=0.00s Real=0.00s
[61.023s][info][gc,start       ] GC(393) Pause Young (Allocation Failure)
[61.024s][info][gc,heap        ] GC(393) PSYoungGen: 398144K(398336K)->1920K(390144K) Eden: 396288K(396288K)->0K(388096K) From: 1856K(2048K)->1920K(2048K)
[61.024s][info][gc,heap        ] GC(393) ParOldGen: 39869K(1398272K)->39965K(1398272K)
[61.025s][info][gc,metaspace   ] GC(393) Metaspace: 74987K(75456K)->74987K(75456K) NonClass: 59530K(59776K)->59530K(59776K) Class: 15456K(15680K)->15456K(15680K)
[61.025s][info][gc             ] GC(393) Pause Young (Allocation Failure) 427M->40M(1746M) 1.262ms
[61.025s][info][gc,cpu         ] GC(393) User=0.00s Sys=0.00s Real=0.00s
[61.121s][info][gc,start       ] GC(394) Pause Young (Allocation Failure)
[61.122s][info][gc,heap        ] GC(394) PSYoungGen: 390016K(390144K)->1856K(381952K) Eden: 388096K(388096K)->0K(379904K) From: 1920K(2048K)->1856K(2048K)
[61.123s][info][gc,heap        ] GC(394) ParOldGen: 39965K(1398272K)->40093K(1398272K)
[61.123s][info][gc,metaspace   ] GC(394) Metaspace: 74987K(75456K)->74987K(75456K) NonClass: 59530K(59776K)->59530K(59776K) Class: 15456K(15680K)->15456K(15680K)
[61.123s][info][gc             ] GC(394) Pause Young (Allocation Failure) 419M->40M(1738M) 1.330ms
[61.123s][info][gc,cpu         ] GC(394) User=0.00s Sys=0.00s Real=0.00s
[61.217s][info][gc,start       ] GC(395) Pause Young (Allocation Failure)
[61.218s][info][gc,heap        ] GC(395) PSYoungGen: 381760K(381952K)->1536K(373760K) Eden: 379904K(379904K)->0K(372224K) From: 1856K(2048K)->1536K(1536K)
[61.218s][info][gc,heap        ] GC(395) ParOldGen: 40093K(1398272K)->40269K(1398272K)
[61.218s][info][gc,metaspace   ] GC(395) Metaspace: 74987K(75456K)->74987K(75456K) NonClass: 59530K(59776K)->59530K(59776K) Class: 15456K(15680K)->15456K(15680K)
[61.218s][info][gc             ] GC(395) Pause Young (Allocation Failure) 411M->40M(1730M) 1.128ms
[61.218s][info][gc,cpu         ] GC(395) User=0.00s Sys=0.00s Real=0.00s
[61.310s][info][gc,start       ] GC(396) Pause Young (Allocation Failure)
[61.311s][info][gc,heap        ] GC(396) PSYoungGen: 373760K(373760K)->1888K(366592K) Eden: 372224K(372224K)->0K(364544K) From: 1536K(1536K)->1888K(2048K)
[61.311s][info][gc,heap        ] GC(396) ParOldGen: 40269K(1398272K)->40501K(1398272K)
[61.311s][info][gc,metaspace   ] GC(396) Metaspace: 74987K(75456K)->74987K(75456K) NonClass: 59530K(59776K)->59530K(59776K) Class: 15456K(15680K)->15456K(15680K)
[61.311s][info][gc             ] GC(396) Pause Young (Allocation Failure) 404M->41M(1723M) 1.275ms
[61.311s][info][gc,cpu         ] GC(396) User=0.00s Sys=0.00s Real=0.00s
[61.401s][info][gc,start       ] GC(397) Pause Young (Allocation Failure)
[61.402s][info][gc,heap        ] GC(397) PSYoungGen: 366432K(366592K)->1792K(359424K) Eden: 364544K(364544K)->0K(357376K) From: 1888K(2048K)->1792K(2048K)
[61.402s][info][gc,heap        ] GC(397) ParOldGen: 40501K(1398272K)->40621K(1398272K)
[61.402s][info][gc,metaspace   ] GC(397) Metaspace: 74987K(75456K)->74987K(75456K) NonClass: 59530K(59776K)->59530K(59776K) Class: 15456K(15680K)->15456K(15680K)
[61.402s][info][gc             ] GC(397) Pause Young (Allocation Failure) 397M->41M(1716M) 1.100ms
[61.402s][info][gc,cpu         ] GC(397) User=0.00s Sys=0.00s Real=0.00s
[61.491s][info][gc,start       ] GC(398) Pause Young (Allocation Failure)
[61.492s][info][gc,heap        ] GC(398) PSYoungGen: 359168K(359424K)->1760K(352256K) Eden: 357376K(357376K)->0K(350208K) From: 1792K(2048K)->1760K(2048K)
[61.492s][info][gc,heap        ] GC(398) ParOldGen: 40621K(1398272K)->40741K(1398272K)
[61.492s][info][gc,metaspace   ] GC(398) Metaspace: 74987K(75456K)->74987K(75456K) NonClass: 59530K(59776K)->59530K(59776K) Class: 15456K(15680K)->15456K(15680K)
[61.492s][info][gc             ] GC(398) Pause Young (Allocation Failure) 390M->41M(1709M) 1.424ms
[61.492s][info][gc,cpu         ] GC(398) User=0.52s Sys=0.00s Real=0.00s
[61.578s][info][gc,start       ] GC(399) Pause Young (Allocation Failure)
[61.580s][info][gc,heap        ] GC(399) PSYoungGen: 351968K(352256K)->1536K(421888K) Eden: 350208K(350208K)->0K(420352K) From: 1760K(2048K)->1536K(1536K)
[61.580s][info][gc,heap        ] GC(399) ParOldGen: 40741K(1398272K)->40893K(1398272K)
[61.580s][info][gc,metaspace   ] GC(399) Metaspace: 74987K(75456K)->74987K(75456K) NonClass: 59530K(59776K)->59530K(59776K) Class: 15456K(15680K)->15456K(15680K)
[61.580s][info][gc             ] GC(399) Pause Young (Allocation Failure) 383M->41M(1777M) 1.190ms
[61.580s][info][gc,cpu         ] GC(399) User=0.00s Sys=0.00s Real=0.00s
[61.683s][info][gc,start       ] GC(400) Pause Young (Allocation Failure)
[61.684s][info][gc,heap        ] GC(400) PSYoungGen: 421888K(421888K)->1856K(413184K) Eden: 420352K(420352K)->0K(411136K) From: 1536K(1536K)->1856K(2048K)
[61.684s][info][gc,heap        ] GC(400) ParOldGen: 40893K(1398272K)->41021K(1398272K)
[61.684s][info][gc,metaspace   ] GC(400) Metaspace: 74987K(75456K)->74987K(75456K) NonClass: 59530K(59776K)->59530K(59776K) Class: 15456K(15680K)->15456K(15680K)
[61.684s][info][gc             ] GC(400) Pause Young (Allocation Failure) 451M->41M(1769M) 1.310ms
[61.684s][info][gc,cpu         ] GC(400) User=0.00s Sys=0.00s Real=0.00s
[61.786s][info][gc,start       ] GC(401) Pause Young (Allocation Failure)
[61.788s][info][gc,heap        ] GC(401) PSYoungGen: 412992K(413184K)->1888K(404480K) Eden: 411136K(411136K)->0K(402432K) From: 1856K(2048K)->1888K(2048K)
[61.788s][info][gc,heap        ] GC(401) ParOldGen: 41021K(1398272K)->41133K(1398272K)
[61.788s][info][gc,metaspace   ] GC(401) Metaspace: 74987K(75456K)->74987K(75456K) NonClass: 59530K(59776K)->59530K(59776K) Class: 15456K(15680K)->15456K(15680K)
[61.788s][info][gc             ] GC(401) Pause Young (Allocation Failure) 443M->42M(1760M) 1.155ms
[61.788s][info][gc,cpu         ] GC(401) User=0.00s Sys=0.00s Real=0.00s
[61.887s][info][gc,start       ] GC(402) Pause Young (Allocation Failure)
[61.889s][info][gc,heap        ] GC(402) PSYoungGen: 404320K(404480K)->1856K(395776K) Eden: 402432K(402432K)->0K(393728K) From: 1888K(2048K)->1856K(2048K)
[61.889s][info][gc,heap        ] GC(402) ParOldGen: 41133K(1398272K)->41389K(1398272K)
[61.889s][info][gc,metaspace   ] GC(402) Metaspace: 74987K(75456K)->74987K(75456K) NonClass: 59530K(59776K)->59530K(59776K) Class: 15456K(15680K)->15456K(15680K)
[61.889s][info][gc             ] GC(402) Pause Young (Allocation Failure) 435M->42M(1752M) 1.481ms
[61.889s][info][gc,cpu         ] GC(402) User=0.00s Sys=0.00s Real=0.00s
[61.986s][info][gc,start       ] GC(403) Pause Young (Allocation Failure)
[61.987s][info][gc,heap        ] GC(403) PSYoungGen: 395584K(395776K)->1536K(387072K) Eden: 393728K(393728K)->0K(385536K) From: 1856K(2048K)->1536K(1536K)
[61.987s][info][gc,heap        ] GC(403) ParOldGen: 41389K(1398272K)->41565K(1398272K)
[61.987s][info][gc,metaspace   ] GC(403) Metaspace: 74987K(75456K)->74987K(75456K) NonClass: 59530K(59776K)->59530K(59776K) Class: 15456K(15680K)->15456K(15680K)
[61.987s][info][gc             ] GC(403) Pause Young (Allocation Failure) 426M->42M(1743M) 1.097ms
[61.987s][info][gc,cpu         ] GC(403) User=0.00s Sys=0.00s Real=0.00s
[62.083s][info][gc,start       ] GC(404) Pause Young (Allocation Failure)
[62.084s][info][gc,heap        ] GC(404) PSYoungGen: 387072K(387072K)->1856K(379904K) Eden: 385536K(385536K)->0K(377856K) From: 1536K(1536K)->1856K(2048K)
[62.084s][info][gc,heap        ] GC(404) ParOldGen: 41565K(1398272K)->41685K(1398272K)
[62.084s][info][gc,metaspace   ] GC(404) Metaspace: 74987K(75456K)->74987K(75456K) NonClass: 59530K(59776K)->59530K(59776K) Class: 15456K(15680K)->15456K(15680K)
[62.084s][info][gc             ] GC(404) Pause Young (Allocation Failure) 418M->42M(1736M) 1.256ms
[62.084s][info][gc,cpu         ] GC(404) User=0.00s Sys=0.00s Real=0.00s
[62.177s][info][gc,start       ] GC(405) Pause Young (Allocation Failure)
[62.178s][info][gc,heap        ] GC(405) PSYoungGen: 379712K(379904K)->1920K(372224K) Eden: 377856K(377856K)->0K(370176K) From: 1856K(2048K)->1920K(2048K)
[62.179s][info][gc,heap        ] GC(405) ParOldGen: 41685K(1398272K)->41813K(1398272K)
[62.179s][info][gc,metaspace   ] GC(405) Metaspace: 74987K(75456K)->74987K(75456K) NonClass: 59530K(59776K)->59530K(59776K) Class: 15456K(15680K)->15456K(15680K)
[62.179s][info][gc             ] GC(405) Pause Young (Allocation Failure) 411M->42M(1729M) 1.099ms
[62.179s][info][gc,cpu         ] GC(405) User=0.00s Sys=0.00s Real=0.00s
[62.270s][info][gc,start       ] GC(406) Pause Young (Allocation Failure)
[62.272s][info][gc,heap        ] GC(406) PSYoungGen: 372096K(372224K)->1792K(365056K) Eden: 370176K(370176K)->0K(363008K) From: 1920K(2048K)->1792K(2048K)
[62.272s][info][gc,heap        ] GC(406) ParOldGen: 41813K(1398272K)->41933K(1398272K)
[62.272s][info][gc,metaspace   ] GC(406) Metaspace: 74987K(75456K)->74987K(75456K) NonClass: 59530K(59776K)->59530K(59776K) Class: 15456K(15680K)->15456K(15680K)
[62.272s][info][gc             ] GC(406) Pause Young (Allocation Failure) 404M->42M(1722M) 1.396ms
[62.272s][info][gc,cpu         ] GC(406) User=0.00s Sys=0.00s Real=0.00s
[62.362s][info][gc,start       ] GC(407) Pause Young (Allocation Failure)
[62.363s][info][gc,heap        ] GC(407) PSYoungGen: 364800K(365056K)->1536K(357376K) Eden: 363008K(363008K)->0K(355840K) From: 1792K(2048K)->1536K(1536K)
[62.363s][info][gc,heap        ] GC(407) ParOldGen: 41933K(1398272K)->42133K(1398272K)
[62.363s][info][gc,metaspace   ] GC(407) Metaspace: 74987K(75456K)->74987K(75456K) NonClass: 59530K(59776K)->59530K(59776K) Class: 15456K(15680K)->15456K(15680K)
[62.363s][info][gc             ] GC(407) Pause Young (Allocation Failure) 397M->42M(1714M) 1.155ms
[62.363s][info][gc,cpu         ] GC(407) User=0.00s Sys=0.00s Real=0.00s
[62.451s][info][gc,start       ] GC(408) Pause Young (Allocation Failure)
[62.452s][info][gc,heap        ] GC(408) PSYoungGen: 357376K(357376K)->1760K(350720K) Eden: 355840K(355840K)->0K(348672K) From: 1536K(1536K)->1760K(2048K)
[62.452s][info][gc,heap        ] GC(408) ParOldGen: 42133K(1398272K)->42253K(1398272K)
[62.452s][info][gc,metaspace   ] GC(408) Metaspace: 74987K(75456K)->74987K(75456K) NonClass: 59530K(59776K)->59530K(59776K) Class: 15456K(15680K)->15456K(15680K)
[62.452s][info][gc             ] GC(408) Pause Young (Allocation Failure) 390M->42M(1708M) 1.246ms
[62.452s][info][gc,cpu         ] GC(408) User=0.00s Sys=0.00s Real=0.00s
[62.538s][info][gc,start       ] GC(409) Pause Young (Allocation Failure)
[62.539s][info][gc,heap        ] GC(409) PSYoungGen: 350432K(350720K)->1824K(420864K) Eden: 348672K(348672K)->0K(418816K) From: 1760K(2048K)->1824K(2048K)
[62.539s][info][gc,heap        ] GC(409) ParOldGen: 42253K(1398272K)->42365K(1398272K)
[62.539s][info][gc,metaspace   ] GC(409) Metaspace: 74987K(75456K)->74987K(75456K) NonClass: 59530K(59776K)->59530K(59776K) Class: 15456K(15680K)->15456K(15680K)
[62.539s][info][gc             ] GC(409) Pause Young (Allocation Failure) 383M->43M(1776M) 1.228ms
[62.539s][info][gc,cpu         ] GC(409) User=0.52s Sys=0.00s Real=0.00s
[62.643s][info][gc,start       ] GC(410) Pause Young (Allocation Failure)
[62.644s][info][gc,heap        ] GC(410) PSYoungGen: 420640K(420864K)->1888K(504832K) Eden: 418816K(418816K)->0K(502784K) From: 1824K(2048K)->1888K(2048K)
[62.644s][info][gc,heap        ] GC(410) ParOldGen: 42365K(1398272K)->42445K(1398272K)
[62.644s][info][gc,metaspace   ] GC(410) Metaspace: 74987K(75456K)->74987K(75456K) NonClass: 59530K(59776K)->59530K(59776K) Class: 15456K(15680K)->15456K(15680K)
[62.644s][info][gc             ] GC(410) Pause Young (Allocation Failure) 452M->43M(1858M) 1.452ms
[62.644s][info][gc,cpu         ] GC(410) User=0.00s Sys=0.00s Real=0.00s
[62.769s][info][gc,start       ] GC(411) Pause Young (Allocation Failure)
[62.770s][info][gc,heap        ] GC(411) PSYoungGen: 504672K(504832K)->1536K(492032K) Eden: 502784K(502784K)->0K(490496K) From: 1888K(2048K)->1536K(1536K)
[62.770s][info][gc,heap        ] GC(411) ParOldGen: 42445K(1398272K)->42669K(1398272K)
[62.770s][info][gc,metaspace   ] GC(411) Metaspace: 74987K(75456K)->74987K(75456K) NonClass: 59530K(59776K)->59530K(59776K) Class: 15456K(15680K)->15456K(15680K)
[62.770s][info][gc             ] GC(411) Pause Young (Allocation Failure) 534M->43M(1846M) 1.148ms
[62.770s][info][gc,cpu         ] GC(411) User=0.00s Sys=0.00s Real=0.00s
[62.891s][info][gc,start       ] GC(412) Pause Young (Allocation Failure)
[62.893s][info][gc,heap        ] GC(412) PSYoungGen: 492032K(492032K)->1920K(480768K) Eden: 490496K(490496K)->0K(478720K) From: 1536K(1536K)->1920K(2048K)
[62.893s][info][gc,heap        ] GC(412) ParOldGen: 42669K(1398272K)->42933K(1398272K)
[62.893s][info][gc,metaspace   ] GC(412) Metaspace: 74987K(75456K)->74987K(75456K) NonClass: 59530K(59776K)->59530K(59776K) Class: 15456K(15680K)->15456K(15680K)
[62.893s][info][gc             ] GC(412) Pause Young (Allocation Failure) 522M->43M(1835M) 1.433ms
[62.893s][info][gc,cpu         ] GC(412) User=0.00s Sys=0.00s Real=0.00s
[63.015s][info][gc,start       ] GC(413) Pause Young (Allocation Failure)
[63.016s][info][gc,heap        ] GC(413) PSYoungGen: 480640K(480768K)->1824K(469504K) Eden: 478720K(478720K)->0K(467456K) From: 1920K(2048K)->1824K(2048K)
[63.017s][info][gc,heap        ] GC(413) ParOldGen: 42933K(1398272K)->43077K(1398272K)
[63.017s][info][gc,metaspace   ] GC(413) Metaspace: 74987K(75456K)->74987K(75456K) NonClass: 59530K(59776K)->59530K(59776K) Class: 15456K(15680K)->15456K(15680K)
[63.017s][info][gc             ] GC(413) Pause Young (Allocation Failure) 511M->43M(1824M) 1.127ms
[63.017s][info][gc,cpu         ] GC(413) User=0.00s Sys=0.00s Real=0.00s
[63.134s][info][gc,start       ] GC(414) Pause Young (Allocation Failure)
[63.136s][info][gc,heap        ] GC(414) PSYoungGen: 469280K(469504K)->1792K(458752K) Eden: 467456K(467456K)->0K(456704K) From: 1824K(2048K)->1792K(2048K)
[63.136s][info][gc,heap        ] GC(414) ParOldGen: 43077K(1398272K)->43173K(1398272K)
[63.136s][info][gc,metaspace   ] GC(414) Metaspace: 74987K(75456K)->74987K(75456K) NonClass: 59530K(59776K)->59530K(59776K) Class: 15456K(15680K)->15456K(15680K)
[63.136s][info][gc             ] GC(414) Pause Young (Allocation Failure) 500M->43M(1813M) 1.432ms
[63.136s][info][gc,cpu         ] GC(414) User=0.00s Sys=0.00s Real=0.00s
[63.251s][info][gc,start       ] GC(415) Pause Young (Allocation Failure)
[63.252s][info][gc,heap        ] GC(415) PSYoungGen: 458496K(458752K)->1536K(448000K) Eden: 456704K(456704K)->0K(446464K) From: 1792K(2048K)->1536K(1536K)
[63.252s][info][gc,heap        ] GC(415) ParOldGen: 43173K(1398272K)->43357K(1398272K)
[63.252s][info][gc,metaspace   ] GC(415) Metaspace: 74987K(75456K)->74987K(75456K) NonClass: 59530K(59776K)->59530K(59776K) Class: 15456K(15680K)->15456K(15680K)
[63.252s][info][gc             ] GC(415) Pause Young (Allocation Failure) 489M->43M(1803M) 1.141ms
[63.252s][info][gc,cpu         ] GC(415) User=0.00s Sys=0.00s Real=0.00s
[63.364s][info][gc,start       ] GC(416) Pause Young (Allocation Failure)
[63.365s][info][gc,heap        ] GC(416) PSYoungGen: 448000K(448000K)->1888K(438272K) Eden: 446464K(446464K)->0K(436224K) From: 1536K(1536K)->1888K(2048K)
[63.365s][info][gc,heap        ] GC(416) ParOldGen: 43357K(1398272K)->43517K(1398272K)
[63.365s][info][gc,metaspace   ] GC(416) Metaspace: 74987K(75456K)->74987K(75456K) NonClass: 59530K(59776K)->59530K(59776K) Class: 15456K(15680K)->15456K(15680K)
[63.365s][info][gc             ] GC(416) Pause Young (Allocation Failure) 479M->44M(1793M) 1.271ms
[63.365s][info][gc,cpu         ] GC(416) User=0.00s Sys=0.00s Real=0.00s
[63.477s][info][gc,start       ] GC(417) Pause Young (Allocation Failure)
[63.479s][info][gc,heap        ] GC(417) PSYoungGen: 438112K(438272K)->1024K(427520K) Eden: 436224K(436224K)->0K(426496K) From: 1888K(2048K)->1024K(1024K)
[63.479s][info][gc,heap        ] GC(417) ParOldGen: 43517K(1398272K)->44029K(1398272K)
[63.479s][info][gc,metaspace   ] GC(417) Metaspace: 74987K(75456K)->74987K(75456K) NonClass: 59530K(59776K)->59530K(59776K) Class: 15456K(15680K)->15456K(15680K)
[63.479s][info][gc             ] GC(417) Pause Young (Allocation Failure) 470M->43M(1783M) 1.257ms
[63.479s][info][gc,cpu         ] GC(417) User=0.00s Sys=0.00s Real=0.00s
[63.596s][info][gc,start       ] GC(418) Pause Young (Allocation Failure)
[63.597s][info][gc,heap        ] GC(418) PSYoungGen: 427520K(427520K)->1824K(419840K) Eden: 426496K(426496K)->0K(417280K) From: 1024K(1024K)->1824K(2560K)
[63.597s][info][gc,heap        ] GC(418) ParOldGen: 44029K(1398272K)->44317K(1398272K)
[63.597s][info][gc,metaspace   ] GC(418) Metaspace: 74987K(75456K)->74987K(75456K) NonClass: 59530K(59776K)->59530K(59776K) Class: 15456K(15680K)->15456K(15680K)
[63.597s][info][gc             ] GC(418) Pause Young (Allocation Failure) 460M->45M(1775M) 1.296ms
[63.597s][info][gc,cpu         ] GC(418) User=0.00s Sys=0.00s Real=0.00s
[63.700s][info][gc,start       ] GC(419) Pause Young (Allocation Failure)
[63.701s][info][gc,heap        ] GC(419) PSYoungGen: 419104K(419840K)->1824K(410112K) Eden: 417280K(417280K)->0K(408064K) From: 1824K(2560K)->1824K(2048K)
[63.701s][info][gc,heap        ] GC(419) ParOldGen: 44317K(1398272K)->44493K(1398272K)
[63.701s][info][gc,metaspace   ] GC(419) Metaspace: 74987K(75456K)->74987K(75456K) NonClass: 59530K(59776K)->59530K(59776K) Class: 15456K(15680K)->15456K(15680K)
[63.701s][info][gc             ] GC(419) Pause Young (Allocation Failure) 452M->45M(1766M) 1.182ms
[63.701s][info][gc,cpu         ] GC(419) User=0.00s Sys=0.00s Real=0.00s
[63.806s][info][gc,start       ] GC(420) Pause Young (Allocation Failure)
[63.807s][info][gc,heap        ] GC(420) PSYoungGen: 409888K(410112K)->1824K(401408K) Eden: 408064K(408064K)->0K(399360K) From: 1824K(2048K)->1824K(2048K)
[63.808s][info][gc,heap        ] GC(420) ParOldGen: 44493K(1398272K)->44597K(1398272K)
[63.808s][info][gc,metaspace   ] GC(420) Metaspace: 74987K(75456K)->74987K(75456K) NonClass: 59530K(59776K)->59530K(59776K) Class: 15456K(15680K)->15456K(15680K)
[63.808s][info][gc             ] GC(420) Pause Young (Allocation Failure) 443M->45M(1757M) 1.464ms
[63.808s][info][gc,cpu         ] GC(420) User=0.00s Sys=0.00s Real=0.00s
[63.904s][info][gc,start       ] GC(421) Pause Young (Allocation Failure)
[63.905s][info][gc,heap        ] GC(421) PSYoungGen: 401184K(401408K)->512K(391680K) Eden: 399360K(399360K)->0K(391168K) From: 1824K(2048K)->512K(512K)
[63.906s][info][gc,heap        ] GC(421) ParOldGen: 44597K(1398272K)->45661K(1398272K)
[63.906s][info][gc,metaspace   ] GC(421) Metaspace: 74987K(75456K)->74987K(75456K) NonClass: 59530K(59776K)->59530K(59776K) Class: 15456K(15680K)->15456K(15680K)
[63.906s][info][gc             ] GC(421) Pause Young (Allocation Failure) 435M->45M(1748M) 1.302ms
[63.906s][info][gc,cpu         ] GC(421) User=0.00s Sys=0.00s Real=0.00s
[64.005s][info][gc,start       ] GC(422) Pause Young (Allocation Failure)
[64.006s][info][gc,heap        ] GC(422) PSYoungGen: 391680K(391680K)->1856K(385024K) Eden: 391168K(391168K)->0K(382976K) From: 512K(512K)->1856K(2048K)
[64.006s][info][gc,heap        ] GC(422) ParOldGen: 45661K(1398272K)->45853K(1398272K)
[64.006s][info][gc,metaspace   ] GC(422) Metaspace: 74987K(75456K)->74987K(75456K) NonClass: 59530K(59776K)->59530K(59776K) Class: 15456K(15680K)->15456K(15680K)
[64.006s][info][gc             ] GC(422) Pause Young (Allocation Failure) 427M->46M(1741M) 1.114ms
[64.006s][info][gc,cpu         ] GC(422) User=0.00s Sys=0.00s Real=0.00s
[64.099s][info][gc,start       ] GC(423) Pause Young (Allocation Failure)
[64.100s][info][gc,heap        ] GC(423) PSYoungGen: 384832K(385024K)->1792K(377344K) Eden: 382976K(382976K)->0K(375296K) From: 1856K(2048K)->1792K(2048K)
[64.100s][info][gc,heap        ] GC(423) ParOldGen: 45853K(1398272K)->46077K(1398272K)
[64.100s][info][gc,metaspace   ] GC(423) Metaspace: 74987K(75456K)->74987K(75456K) NonClass: 59530K(59776K)->59530K(59776K) Class: 15456K(15680K)->15456K(15680K)
[64.100s][info][gc             ] GC(423) Pause Young (Allocation Failure) 420M->46M(1734M) 1.185ms
[64.100s][info][gc,cpu         ] GC(423) User=0.00s Sys=0.00s Real=0.00s
[64.193s][info][gc,start       ] GC(424) Pause Young (Allocation Failure)
[64.194s][info][gc,heap        ] GC(424) PSYoungGen: 377088K(377344K)->1856K(369664K) Eden: 375296K(375296K)->0K(367616K) From: 1792K(2048K)->1856K(2048K)
[64.194s][info][gc,heap        ] GC(424) ParOldGen: 46077K(1398272K)->46205K(1398272K)
[64.194s][info][gc,metaspace   ] GC(424) Metaspace: 74987K(75456K)->74987K(75456K) NonClass: 59530K(59776K)->59530K(59776K) Class: 15456K(15680K)->15456K(15680K)
[64.194s][info][gc             ] GC(424) Pause Young (Allocation Failure) 413M->46M(1726M) 1.343ms
[64.194s][info][gc,cpu         ] GC(424) User=0.00s Sys=0.00s Real=0.00s
[64.284s][info][gc,start       ] GC(425) Pause Young (Allocation Failure)
[64.285s][info][gc,heap        ] GC(425) PSYoungGen: 369472K(369664K)->512K(441856K) Eden: 367616K(367616K)->0K(441344K) From: 1856K(2048K)->512K(512K)
[64.285s][info][gc,heap        ] GC(425) ParOldGen: 46205K(1398272K)->47205K(1398272K)
[64.285s][info][gc,metaspace   ] GC(425) Metaspace: 74987K(75456K)->74987K(75456K) NonClass: 59530K(59776K)->59530K(59776K) Class: 15456K(15680K)->15456K(15680K)
[64.285s][info][gc             ] GC(425) Pause Young (Allocation Failure) 405M->46M(1797M) 1.297ms
[64.285s][info][gc,cpu         ] GC(425) User=0.00s Sys=0.00s Real=0.00s
[64.393s][info][gc,start       ] GC(426) Pause Young (Allocation Failure)
[64.394s][info][gc,heap        ] GC(426) PSYoungGen: 441856K(441856K)->1824K(433664K) Eden: 441344K(441344K)->0K(431616K) From: 512K(512K)->1824K(2048K)
[64.394s][info][gc,heap        ] GC(426) ParOldGen: 47205K(1398272K)->47461K(1398272K)
[64.394s][info][gc,metaspace   ] GC(426) Metaspace: 74987K(75456K)->74987K(75456K) NonClass: 59530K(59776K)->59530K(59776K) Class: 15456K(15680K)->15456K(15680K)
[64.394s][info][gc             ] GC(426) Pause Young (Allocation Failure) 477M->48M(1789M) 1.105ms
[64.394s][info][gc,cpu         ] GC(426) User=0.00s Sys=0.00s Real=0.00s
[64.500s][info][gc,start       ] GC(427) Pause Young (Allocation Failure)
[64.501s][info][gc,heap        ] GC(427) PSYoungGen: 433440K(433664K)->1760K(423936K) Eden: 431616K(431616K)->0K(421888K) From: 1824K(2048K)->1760K(2048K)
[64.501s][info][gc,heap        ] GC(427) ParOldGen: 47461K(1398272K)->47669K(1398272K)
[64.501s][info][gc,metaspace   ] GC(427) Metaspace: 74987K(75456K)->74987K(75456K) NonClass: 59530K(59776K)->59530K(59776K) Class: 15456K(15680K)->15456K(15680K)
[64.501s][info][gc             ] GC(427) Pause Young (Allocation Failure) 469M->48M(1779M) 1.039ms
[64.501s][info][gc,cpu         ] GC(427) User=0.00s Sys=0.00s Real=0.00s
[64.609s][info][gc,start       ] GC(428) Pause Young (Allocation Failure)
[64.610s][info][gc,heap        ] GC(428) PSYoungGen: 423648K(423936K)->1632K(414720K) Eden: 421888K(421888K)->0K(412672K) From: 1760K(2048K)->1632K(2048K)
[64.610s][info][gc,heap        ] GC(428) ParOldGen: 47669K(1398272K)->48053K(1398272K)
[64.610s][info][gc,metaspace   ] GC(428) Metaspace: 74987K(75456K)->74987K(75456K) NonClass: 59530K(59776K)->59530K(59776K) Class: 15456K(15680K)->15456K(15680K)
[64.610s][info][gc             ] GC(428) Pause Young (Allocation Failure) 460M->48M(1770M) 1.227ms
[64.610s][info][gc,cpu         ] GC(428) User=0.00s Sys=0.00s Real=0.00s
[64.725s][info][gc,start       ] GC(429) Pause Young (Allocation Failure)
[64.726s][info][gc,heap        ] GC(429) PSYoungGen: 414304K(414720K)->512K(404480K) Eden: 412672K(412672K)->0K(403968K) From: 1632K(2048K)->512K(512K)
[64.726s][info][gc,heap        ] GC(429) ParOldGen: 48053K(1398272K)->48773K(1398272K)
[64.726s][info][gc,metaspace   ] GC(429) Metaspace: 74992K(75456K)->74992K(75456K) NonClass: 59535K(59776K)->59535K(59776K) Class: 15456K(15680K)->15456K(15680K)
[64.726s][info][gc             ] GC(429) Pause Young (Allocation Failure) 451M->48M(1760M) 1.098ms
[64.726s][info][gc,cpu         ] GC(429) User=0.00s Sys=0.00s Real=0.00s
[64.847s][info][gc,start       ] GC(430) Pause Young (Allocation Failure)
[64.848s][info][gc,heap        ] GC(430) PSYoungGen: 404480K(404480K)->1408K(397824K) Eden: 403968K(403968K)->0K(395264K) From: 512K(512K)->1408K(2560K)
[64.848s][info][gc,heap        ] GC(430) ParOldGen: 48773K(1398272K)->49077K(1398272K)
[64.848s][info][gc,metaspace   ] GC(430) Metaspace: 74992K(75456K)->74992K(75456K) NonClass: 59535K(59776K)->59535K(59776K) Class: 15456K(15680K)->15456K(15680K)
[64.848s][info][gc             ] GC(430) Pause Young (Allocation Failure) 442M->49M(1754M) 0.981ms
[64.848s][info][gc,cpu         ] GC(430) User=0.00s Sys=0.00s Real=0.00s
[64.985s][info][gc,start       ] GC(431) Pause Young (Allocation Failure)
[64.986s][info][gc,heap        ] GC(431) PSYoungGen: 396672K(397824K)->1216K(388608K) Eden: 395264K(395264K)->0K(387072K) From: 1408K(2560K)->1216K(1536K)
[64.986s][info][gc,heap        ] GC(431) ParOldGen: 49077K(1398272K)->49405K(1398272K)
[64.986s][info][gc,metaspace   ] GC(431) Metaspace: 74992K(75456K)->74992K(75456K) NonClass: 59535K(59776K)->59535K(59776K) Class: 15456K(15680K)->15456K(15680K)
[64.986s][info][gc             ] GC(431) Pause Young (Allocation Failure) 435M->49M(1745M) 1.259ms
[64.986s][info][gc,cpu         ] GC(431) User=0.00s Sys=0.00s Real=0.00s
[65.147s][info][gc,start       ] GC(432) Pause Young (Allocation Failure)
[65.148s][info][gc,heap        ] GC(432) PSYoungGen: 388288K(388608K)->1120K(380416K) Eden: 387072K(387072K)->0K(378880K) From: 1216K(1536K)->1120K(1536K)
[65.148s][info][gc,heap        ] GC(432) ParOldGen: 49405K(1398272K)->49693K(1398272K)
[65.148s][info][gc,metaspace   ] GC(432) Metaspace: 74992K(75456K)->74992K(75456K) NonClass: 59535K(59776K)->59535K(59776K) Class: 15456K(15680K)->15456K(15680K)
[65.148s][info][gc             ] GC(432) Pause Young (Allocation Failure) 427M->49M(1737M) 1.182ms
[65.148s][info][gc,cpu         ] GC(432) User=0.23s Sys=0.02s Real=0.00s
[65.329s][info][gc,start       ] GC(433) Pause Young (Allocation Failure)
[65.330s][info][gc,heap        ] GC(433) PSYoungGen: 380000K(380416K)->1024K(372224K) Eden: 378880K(378880K)->0K(371200K) From: 1120K(1536K)->1024K(1024K)
[65.330s][info][gc,heap        ] GC(433) ParOldGen: 49693K(1398272K)->50021K(1398272K)
[65.330s][info][gc,metaspace   ] GC(433) Metaspace: 74992K(75456K)->74992K(75456K) NonClass: 59535K(59776K)->59535K(59776K) Class: 15456K(15680K)->15456K(15680K)
[65.330s][info][gc             ] GC(433) Pause Young (Allocation Failure) 419M->49M(1729M) 1.182ms
[65.330s][info][gc,cpu         ] GC(433) User=0.00s Sys=0.00s Real=0.00s
[65.527s][info][gc,start       ] GC(434) Pause Young (Allocation Failure)
[65.528s][info][gc,heap        ] GC(434) PSYoungGen: 372224K(372224K)->1056K(365056K) Eden: 371200K(371200K)->0K(363520K) From: 1024K(1024K)->1056K(1536K)
[65.528s][info][gc,heap        ] GC(434) ParOldGen: 50021K(1398272K)->50213K(1398272K)
[65.528s][info][gc,metaspace   ] GC(434) Metaspace: 74992K(75456K)->74992K(75456K) NonClass: 59535K(59776K)->59535K(59776K) Class: 15456K(15680K)->15456K(15680K)
[65.528s][info][gc             ] GC(434) Pause Young (Allocation Failure) 412M->50M(1722M) 0.879ms
[65.528s][info][gc,cpu         ] GC(434) User=0.00s Sys=0.00s Real=0.00s
[65.766s][info][gc,start       ] GC(435) Pause Young (Allocation Failure)
[65.767s][info][gc,heap        ] GC(435) PSYoungGen: 364576K(365056K)->992K(357376K) Eden: 363520K(363520K)->0K(356352K) From: 1056K(1536K)->992K(1024K)
[65.767s][info][gc,heap        ] GC(435) ParOldGen: 50213K(1398272K)->50493K(1398272K)
[65.767s][info][gc,metaspace   ] GC(435) Metaspace: 74992K(75456K)->74992K(75456K) NonClass: 59535K(59776K)->59535K(59776K) Class: 15456K(15680K)->15456K(15680K)
[65.767s][info][gc             ] GC(435) Pause Young (Allocation Failure) 405M->50M(1714M) 0.953ms
[65.767s][info][gc,cpu         ] GC(435) User=0.00s Sys=0.00s Real=0.00s
[66.000s][info][gc,start       ] GC(436) Pause Young (Allocation Failure)
[66.001s][info][gc,heap        ] GC(436) PSYoungGen: 357344K(357376K)->1056K(350720K) Eden: 356352K(356352K)->0K(349184K) From: 992K(1024K)->1056K(1536K)
[66.001s][info][gc,heap        ] GC(436) ParOldGen: 50493K(1398272K)->50589K(1398272K)
[66.001s][info][gc,metaspace   ] GC(436) Metaspace: 74992K(75456K)->74992K(75456K) NonClass: 59535K(59776K)->59535K(59776K) Class: 15456K(15680K)->15456K(15680K)
[66.001s][info][gc             ] GC(436) Pause Young (Allocation Failure) 398M->50M(1708M) 0.832ms
[66.001s][info][gc,cpu         ] GC(436) User=0.00s Sys=0.00s Real=0.00s
[66.229s][info][gc,start       ] GC(437) Pause Young (Allocation Failure)
[66.230s][info][gc,heap        ] GC(437) PSYoungGen: 350240K(350720K)->1056K(344064K) Eden: 349184K(349184K)->0K(342528K) From: 1056K(1536K)->1056K(1536K)
[66.230s][info][gc,heap        ] GC(437) ParOldGen: 50589K(1398272K)->50597K(1398272K)
[66.230s][info][gc,metaspace   ] GC(437) Metaspace: 74992K(75456K)->74992K(75456K) NonClass: 59535K(59776K)->59535K(59776K) Class: 15456K(15680K)->15456K(15680K)
[66.230s][info][gc             ] GC(437) Pause Young (Allocation Failure) 391M->50M(1701M) 0.966ms
[66.230s][info][gc,cpu         ] GC(437) User=0.00s Sys=0.00s Real=0.00s
[66.454s][info][gc,start       ] GC(438) Pause Young (Allocation Failure)
[66.455s][info][gc,heap        ] GC(438) PSYoungGen: 343584K(344064K)->1056K(337408K) Eden: 342528K(342528K)->0K(335872K) From: 1056K(1536K)->1056K(1536K)
[66.455s][info][gc,heap        ] GC(438) ParOldGen: 50597K(1398272K)->50605K(1398272K)
[66.455s][info][gc,metaspace   ] GC(438) Metaspace: 74992K(75456K)->74992K(75456K) NonClass: 59535K(59776K)->59535K(59776K) Class: 15456K(15680K)->15456K(15680K)
[66.455s][info][gc             ] GC(438) Pause Young (Allocation Failure) 384M->50M(1695M) 0.956ms
[66.455s][info][gc,cpu         ] GC(438) User=0.00s Sys=0.00s Real=0.00s
[66.674s][info][gc,start       ] GC(439) Pause Young (Allocation Failure)
[66.674s][info][gc,heap        ] GC(439) PSYoungGen: 336928K(337408K)->1056K(331264K) Eden: 335872K(335872K)->0K(329728K) From: 1056K(1536K)->1056K(1536K)
[66.674s][info][gc,heap        ] GC(439) ParOldGen: 50605K(1398272K)->50621K(1398272K)
[66.674s][info][gc,metaspace   ] GC(439) Metaspace: 74992K(75456K)->74992K(75456K) NonClass: 59535K(59776K)->59535K(59776K) Class: 15456K(15680K)->15456K(15680K)
[66.675s][info][gc             ] GC(439) Pause Young (Allocation Failure) 378M->50M(1689M) 0.905ms
[66.675s][info][gc,cpu         ] GC(439) User=0.00s Sys=0.00s Real=0.00s
[66.748s][info][gc,start       ] GC(440) Pause Young (System.gc())
[66.749s][info][gc,heap        ] GC(440) PSYoungGen: 74647K(331264K)->1280K(331264K) Eden: 73591K(329728K)->0K(329728K) From: 1056K(1536K)->1280K(1536K)
[66.749s][info][gc,heap        ] GC(440) ParOldGen: 50621K(1398272K)->50717K(1398272K)
[66.750s][info][gc,metaspace   ] GC(440) Metaspace: 75043K(75520K)->75043K(75520K) NonClass: 59586K(59840K)->59586K(59840K) Class: 15456K(15680K)->15456K(15680K)
[66.750s][info][gc             ] GC(440) Pause Young (System.gc()) 122M->50M(1689M) 1.641ms
[66.750s][info][gc,cpu         ] GC(440) User=0.00s Sys=0.00s Real=0.00s
[66.750s][info][gc,start       ] GC(441) Pause Full (System.gc())
[66.750s][info][gc,phases,start] GC(441) Marking Phase
[66.784s][info][gc,phases      ] GC(441) Marking Phase 33.934ms
[66.784s][info][gc,phases,start] GC(441) Summary Phase
[66.784s][info][gc,phases      ] GC(441) Summary Phase 0.014ms
[66.784s][info][gc,phases,start] GC(441) Adjust Roots
[66.803s][info][gc,phases      ] GC(441) Adjust Roots 18.835ms
[66.803s][info][gc,phases,start] GC(441) Compaction Phase
[66.810s][info][gc,phases      ] GC(441) Compaction Phase 7.483ms
[66.810s][info][gc,phases,start] GC(441) Post Compact
[66.811s][info][gc,phases      ] GC(441) Post Compact 0.844ms
[66.811s][info][gc,heap        ] GC(441) PSYoungGen: 1280K(331264K)->0K(331264K) Eden: 0K(329728K)->0K(329728K) From: 1280K(1536K)->0K(1536K)
[66.811s][info][gc,heap        ] GC(441) ParOldGen: 50717K(1398272K)->35714K(1398272K)
[66.811s][info][gc,metaspace   ] GC(441) Metaspace: 75043K(75520K)->75043K(75520K) NonClass: 59586K(59840K)->59586K(59840K) Class: 15456K(15680K)->15456K(15680K)
[66.811s][info][gc             ] GC(441) Pause Full (System.gc()) 50M->34M(1689M) 61.440ms
[66.811s][info][gc,cpu         ] GC(441) User=1.05s Sys=0.00s Real=0.06s
[66.915s][info][gc,start       ] GC(442) Pause Young (Allocation Failure)
[66.917s][info][gc,heap        ] GC(442) PSYoungGen: 329728K(331264K)->2048K(325632K) Eden: 329728K(329728K)->0K(323584K) From: 0K(1536K)->2048K(2048K)
[66.917s][info][gc,heap        ] GC(442) ParOldGen: 35714K(1398272K)->37258K(1398272K)
[66.917s][info][gc,metaspace   ] GC(442) Metaspace: 75162K(75584K)->75162K(75584K) NonClass: 59705K(59904K)->59705K(59904K) Class: 15456K(15680K)->15456K(15680K)
[66.917s][info][gc             ] GC(442) Pause Young (Allocation Failure) 356M->38M(1683M) 1.836ms
[66.917s][info][gc,cpu         ] GC(442) User=0.00s Sys=0.00s Real=0.00s
[66.997s][info][gc,start       ] GC(443) Pause Young (Allocation Failure)
[66.999s][info][gc,heap        ] GC(443) PSYoungGen: 325632K(325632K)->1888K(319488K) Eden: 323584K(323584K)->0K(317440K) From: 2048K(2048K)->1888K(2048K)
[66.999s][info][gc,heap        ] GC(443) ParOldGen: 37258K(1398272K)->38626K(1398272K)
[66.999s][info][gc,metaspace   ] GC(443) Metaspace: 75162K(75584K)->75162K(75584K) NonClass: 59705K(59904K)->59705K(59904K) Class: 15456K(15680K)->15456K(15680K)
[66.999s][info][gc             ] GC(443) Pause Young (Allocation Failure) 354M->39M(1677M) 1.705ms
[66.999s][info][gc,cpu         ] GC(443) User=0.00s Sys=0.00s Real=0.00s
[67.078s][info][gc,start       ] GC(444) Pause Young (Allocation Failure)
[67.079s][info][gc,heap        ] GC(444) PSYoungGen: 319328K(319488K)->1984K(313856K) Eden: 317440K(317440K)->0K(311808K) From: 1888K(2048K)->1984K(2048K)
[67.080s][info][gc,heap        ] GC(444) ParOldGen: 38626K(1398272K)->38866K(1398272K)
[67.080s][info][gc,metaspace   ] GC(444) Metaspace: 75162K(75584K)->75162K(75584K) NonClass: 59705K(59904K)->59705K(59904K) Class: 15456K(15680K)->15456K(15680K)
[67.080s][info][gc             ] GC(444) Pause Young (Allocation Failure) 349M->39M(1672M) 1.302ms
[67.080s][info][gc,cpu         ] GC(444) User=0.00s Sys=0.00s Real=0.00s
[67.160s][info][gc,start       ] GC(445) Pause Young (Allocation Failure)
[67.162s][info][gc,heap        ] GC(445) PSYoungGen: 313792K(313856K)->1824K(308224K) Eden: 311808K(311808K)->0K(306176K) From: 1984K(2048K)->1824K(2048K)
[67.162s][info][gc,heap        ] GC(445) ParOldGen: 38866K(1398272K)->39042K(1398272K)
[67.162s][info][gc,metaspace   ] GC(445) Metaspace: 75162K(75584K)->75162K(75584K) NonClass: 59705K(59904K)->59705K(59904K) Class: 15456K(15680K)->15456K(15680K)
[67.162s][info][gc             ] GC(445) Pause Young (Allocation Failure) 344M->39M(1666M) 1.479ms
[67.162s][info][gc,cpu         ] GC(445) User=0.00s Sys=0.00s Real=0.00s
[67.241s][info][gc,start       ] GC(446) Pause Young (Allocation Failure)
[67.242s][info][gc,heap        ] GC(446) PSYoungGen: 308000K(308224K)->1824K(369664K) Eden: 306176K(306176K)->0K(367616K) From: 1824K(2048K)->1824K(2048K)
[67.242s][info][gc,heap        ] GC(446) ParOldGen: 39042K(1398272K)->39202K(1398272K)
[67.242s][info][gc,metaspace   ] GC(446) Metaspace: 75162K(75584K)->75162K(75584K) NonClass: 59705K(59904K)->59705K(59904K) Class: 15456K(15680K)->15456K(15680K)
[67.242s][info][gc             ] GC(446) Pause Young (Allocation Failure) 338M->40M(1726M) 1.268ms
[67.242s][info][gc,cpu         ] GC(446) User=0.52s Sys=0.00s Real=0.00s
[67.335s][info][gc,start       ] GC(447) Pause Young (Allocation Failure)
[67.336s][info][gc,heap        ] GC(447) PSYoungGen: 369440K(369664K)->1792K(443392K) Eden: 367616K(367616K)->0K(441344K) From: 1824K(2048K)->1792K(2048K)
[67.336s][info][gc,heap        ] GC(447) ParOldGen: 39202K(1398272K)->39258K(1398272K)
[67.336s][info][gc,metaspace   ] GC(447) Metaspace: 75162K(75584K)->75162K(75584K) NonClass: 59705K(59904K)->59705K(59904K) Class: 15456K(15680K)->15456K(15680K)
[67.336s][info][gc             ] GC(447) Pause Young (Allocation Failure) 399M->40M(1798M) 1.424ms
[67.336s][info][gc,cpu         ] GC(447) User=0.52s Sys=0.00s Real=0.00s
[67.447s][info][gc,start       ] GC(448) Pause Young (Allocation Failure)
[67.448s][info][gc,heap        ] GC(448) PSYoungGen: 443136K(443392K)->1792K(433664K) Eden: 441344K(441344K)->0K(431616K) From: 1792K(2048K)->1792K(2048K)
[67.448s][info][gc,heap        ] GC(448) ParOldGen: 39258K(1398272K)->39322K(1398272K)
[67.448s][info][gc,metaspace   ] GC(448) Metaspace: 75162K(75584K)->75162K(75584K) NonClass: 59705K(59904K)->59705K(59904K) Class: 15456K(15680K)->15456K(15680K)
[67.448s][info][gc             ] GC(448) Pause Young (Allocation Failure) 471M->40M(1789M) 1.177ms
[67.448s][info][gc,cpu         ] GC(448) User=0.00s Sys=0.00s Real=0.00s
[67.558s][info][gc,start       ] GC(449) Pause Young (Allocation Failure)
[67.560s][info][gc,heap        ] GC(449) PSYoungGen: 433408K(433664K)->1888K(423936K) Eden: 431616K(431616K)->0K(421888K) From: 1792K(2048K)->1888K(2048K)
[67.560s][info][gc,heap        ] GC(449) ParOldGen: 39322K(1398272K)->39466K(1398272K)
[67.560s][info][gc,metaspace   ] GC(449) Metaspace: 75162K(75584K)->75162K(75584K) NonClass: 59705K(59904K)->59705K(59904K) Class: 15456K(15680K)->15456K(15680K)
[67.560s][info][gc             ] GC(449) Pause Young (Allocation Failure) 461M->40M(1779M) 1.369ms
[67.560s][info][gc,cpu         ] GC(449) User=0.00s Sys=0.00s Real=0.00s
[67.667s][info][gc,start       ] GC(450) Pause Young (Allocation Failure)
[67.669s][info][gc,heap        ] GC(450) PSYoungGen: 423776K(423936K)->1888K(414720K) Eden: 421888K(421888K)->0K(412672K) From: 1888K(2048K)->1888K(2048K)
[67.669s][info][gc,heap        ] GC(450) ParOldGen: 39466K(1398272K)->39618K(1398272K)
[67.669s][info][gc,metaspace   ] GC(450) Metaspace: 75162K(75584K)->75162K(75584K) NonClass: 59705K(59904K)->59705K(59904K) Class: 15456K(15680K)->15456K(15680K)
[67.669s][info][gc             ] GC(450) Pause Young (Allocation Failure) 452M->40M(1770M) 1.244ms
[67.669s][info][gc,cpu         ] GC(450) User=0.00s Sys=0.00s Real=0.00s
[67.773s][info][gc,start       ] GC(451) Pause Young (Allocation Failure)
[67.774s][info][gc,heap        ] GC(451) PSYoungGen: 414560K(414720K)->1888K(406016K) Eden: 412672K(412672K)->0K(403968K) From: 1888K(2048K)->1888K(2048K)
[67.774s][info][gc,heap        ] GC(451) ParOldGen: 39618K(1398272K)->39698K(1398272K)
[67.774s][info][gc,metaspace   ] GC(451) Metaspace: 75162K(75584K)->75162K(75584K) NonClass: 59705K(59904K)->59705K(59904K) Class: 15456K(15680K)->15456K(15680K)
[67.774s][info][gc             ] GC(451) Pause Young (Allocation Failure) 443M->40M(1762M) 1.338ms
[67.774s][info][gc,cpu         ] GC(451) User=0.00s Sys=0.00s Real=0.00s
[67.874s][info][gc,start       ] GC(452) Pause Young (Allocation Failure)
[67.875s][info][gc,heap        ] GC(452) PSYoungGen: 405856K(406016K)->1920K(397312K) Eden: 403968K(403968K)->0K(395264K) From: 1888K(2048K)->1920K(2048K)
[67.875s][info][gc,heap        ] GC(452) ParOldGen: 39698K(1398272K)->39962K(1398272K)
[67.875s][info][gc,metaspace   ] GC(452) Metaspace: 75162K(75584K)->75162K(75584K) NonClass: 59705K(59904K)->59705K(59904K) Class: 15456K(15680K)->15456K(15680K)
[67.875s][info][gc             ] GC(452) Pause Young (Allocation Failure) 435M->40M(1753M) 1.256ms
[67.875s][info][gc,cpu         ] GC(452) User=0.00s Sys=0.00s Real=0.00s
[67.973s][info][gc,start       ] GC(453) Pause Young (Allocation Failure)
[67.974s][info][gc,heap        ] GC(453) PSYoungGen: 397184K(397312K)->1856K(389120K) Eden: 395264K(395264K)->0K(387072K) From: 1920K(2048K)->1856K(2048K)
[67.974s][info][gc,heap        ] GC(453) ParOldGen: 39962K(1398272K)->40098K(1398272K)
[67.974s][info][gc,metaspace   ] GC(453) Metaspace: 75162K(75584K)->75162K(75584K) NonClass: 59705K(59904K)->59705K(59904K) Class: 15456K(15680K)->15456K(15680K)
[67.974s][info][gc             ] GC(453) Pause Young (Allocation Failure) 426M->40M(1745M) 1.419ms
[67.974s][info][gc,cpu         ] GC(453) User=0.00s Sys=0.00s Real=0.00s
[68.070s][info][gc,start       ] GC(454) Pause Young (Allocation Failure)
[68.071s][info][gc,heap        ] GC(454) PSYoungGen: 388928K(389120K)->1888K(380928K) Eden: 387072K(387072K)->0K(378880K) From: 1856K(2048K)->1888K(2048K)
[68.071s][info][gc,heap        ] GC(454) ParOldGen: 40098K(1398272K)->40234K(1398272K)
[68.071s][info][gc,metaspace   ] GC(454) Metaspace: 75162K(75584K)->75162K(75584K) NonClass: 59705K(59904K)->59705K(59904K) Class: 15456K(15680K)->15456K(15680K)
[68.071s][info][gc             ] GC(454) Pause Young (Allocation Failure) 418M->41M(1737M) 1.240ms
[68.071s][info][gc,cpu         ] GC(454) User=0.52s Sys=0.00s Real=0.00s
[68.171s][info][gc,start       ] GC(455) Pause Young (Allocation Failure)
[68.172s][info][gc,heap        ] GC(455) PSYoungGen: 380768K(380928K)->1728K(373248K) Eden: 378880K(378880K)->0K(371200K) From: 1888K(2048K)->1728K(2048K)
[68.173s][info][gc,heap        ] GC(455) ParOldGen: 40234K(1398272K)->40442K(1398272K)
[68.173s][info][gc,metaspace   ] GC(455) Metaspace: 75162K(75584K)->75162K(75584K) NonClass: 59705K(59904K)->59705K(59904K) Class: 15456K(15680K)->15456K(15680K)
[68.173s][info][gc             ] GC(455) Pause Young (Allocation Failure) 411M->41M(1730M) 1.453ms
[68.173s][info][gc,cpu         ] GC(455) User=0.00s Sys=0.00s Real=0.00s
[68.271s][info][gc,start       ] GC(456) Pause Young (Allocation Failure)
[68.272s][info][gc,heap        ] GC(456) PSYoungGen: 372928K(373248K)->1536K(365056K) Eden: 371200K(371200K)->0K(363520K) From: 1728K(2048K)->1536K(1536K)
[68.272s][info][gc,heap        ] GC(456) ParOldGen: 40442K(1398272K)->40698K(1398272K)
[68.272s][info][gc,metaspace   ] GC(456) Metaspace: 75162K(75584K)->75162K(75584K) NonClass: 59705K(59904K)->59705K(59904K) Class: 15456K(15680K)->15456K(15680K)
[68.272s][info][gc             ] GC(456) Pause Young (Allocation Failure) 403M->41M(1722M) 1.225ms
[68.272s][info][gc,cpu         ] GC(456) User=0.00s Sys=0.00s Real=0.00s
[68.362s][info][gc,start       ] GC(457) Pause Young (Allocation Failure)
[68.364s][info][gc,heap        ] GC(457) PSYoungGen: 365056K(365056K)->1856K(358400K) Eden: 363520K(363520K)->0K(356352K) From: 1536K(1536K)->1856K(2048K)
[68.364s][info][gc,heap        ] GC(457) ParOldGen: 40698K(1398272K)->40794K(1398272K)
[68.364s][info][gc,metaspace   ] GC(457) Metaspace: 75162K(75584K)->75162K(75584K) NonClass: 59705K(59904K)->59705K(59904K) Class: 15456K(15680K)->15456K(15680K)
[68.364s][info][gc             ] GC(457) Pause Young (Allocation Failure) 396M->41M(1715M) 1.257ms
[68.364s][info][gc,cpu         ] GC(457) User=0.00s Sys=0.00s Real=0.00s
[68.452s][info][gc,start       ] GC(458) Pause Young (Allocation Failure)
[68.453s][info][gc,heap        ] GC(458) PSYoungGen: 358208K(358400K)->1888K(430080K) Eden: 356352K(356352K)->0K(428032K) From: 1856K(2048K)->1888K(2048K)
[68.453s][info][gc,heap        ] GC(458) ParOldGen: 40794K(1398272K)->40930K(1398272K)
[68.453s][info][gc,metaspace   ] GC(458) Metaspace: 75162K(75584K)->75162K(75584K) NonClass: 59705K(59904K)->59705K(59904K) Class: 15456K(15680K)->15456K(15680K)
[68.453s][info][gc             ] GC(458) Pause Young (Allocation Failure) 389M->41M(1785M) 1.121ms
[68.453s][info][gc,cpu         ] GC(458) User=0.00s Sys=0.00s Real=0.00s
[68.559s][info][gc,start       ] GC(459) Pause Young (Allocation Failure)
[68.561s][info][gc,heap        ] GC(459) PSYoungGen: 429920K(430080K)->1792K(420864K) Eden: 428032K(428032K)->0K(418816K) From: 1888K(2048K)->1792K(2048K)
[68.561s][info][gc,heap        ] GC(459) ParOldGen: 40930K(1398272K)->41058K(1398272K)
[68.561s][info][gc,metaspace   ] GC(459) Metaspace: 75162K(75584K)->75162K(75584K) NonClass: 59705K(59904K)->59705K(59904K) Class: 15456K(15680K)->15456K(15680K)
[68.561s][info][gc             ] GC(459) Pause Young (Allocation Failure) 459M->41M(1776M) 1.392ms
[68.561s][info][gc,cpu         ] GC(459) User=0.00s Sys=0.00s Real=0.00s
[68.666s][info][gc,start       ] GC(460) Pause Young (Allocation Failure)
[68.667s][info][gc,heap        ] GC(460) PSYoungGen: 420608K(420864K)->1536K(411136K) Eden: 418816K(418816K)->0K(409600K) From: 1792K(2048K)->1536K(1536K)
[68.667s][info][gc,heap        ] GC(460) ParOldGen: 41058K(1398272K)->41226K(1398272K)
[68.667s][info][gc,metaspace   ] GC(460) Metaspace: 75162K(75584K)->75162K(75584K) NonClass: 59705K(59904K)->59705K(59904K) Class: 15456K(15680K)->15456K(15680K)
[68.667s][info][gc             ] GC(460) Pause Young (Allocation Failure) 450M->41M(1767M) 1.147ms
[68.667s][info][gc,cpu         ] GC(460) User=0.00s Sys=0.00s Real=0.00s
[68.775s][info][gc,start       ] GC(461) Pause Young (Allocation Failure)
[68.776s][info][gc,heap        ] GC(461) PSYoungGen: 411136K(411136K)->1920K(402944K) Eden: 409600K(409600K)->0K(400896K) From: 1536K(1536K)->1920K(2048K)
[68.776s][info][gc,heap        ] GC(461) ParOldGen: 41226K(1398272K)->41394K(1398272K)
[68.776s][info][gc,metaspace   ] GC(461) Metaspace: 75162K(75584K)->75162K(75584K) NonClass: 59705K(59904K)->59705K(59904K) Class: 15456K(15680K)->15456K(15680K)
[68.776s][info][gc             ] GC(461) Pause Young (Allocation Failure) 441M->42M(1759M) 1.397ms
[68.776s][info][gc,cpu         ] GC(461) User=0.00s Sys=0.00s Real=0.00s
[68.878s][info][gc,start       ] GC(462) Pause Young (Allocation Failure)
[68.879s][info][gc,heap        ] GC(462) PSYoungGen: 402816K(402944K)->1856K(394752K) Eden: 400896K(400896K)->0K(392704K) From: 1920K(2048K)->1856K(2048K)
[68.879s][info][gc,heap        ] GC(462) ParOldGen: 41394K(1398272K)->41650K(1398272K)
[68.879s][info][gc,metaspace   ] GC(462) Metaspace: 75162K(75584K)->75162K(75584K) NonClass: 59705K(59904K)->59705K(59904K) Class: 15456K(15680K)->15456K(15680K)
[68.879s][info][gc             ] GC(462) Pause Young (Allocation Failure) 433M->42M(1751M) 1.188ms
[68.879s][info][gc,cpu         ] GC(462) User=0.00s Sys=0.00s Real=0.00s
[68.978s][info][gc,start       ] GC(463) Pause Young (Allocation Failure)
[68.980s][info][gc,heap        ] GC(463) PSYoungGen: 394560K(394752K)->1856K(386560K) Eden: 392704K(392704K)->0K(384512K) From: 1856K(2048K)->1856K(2048K)
[68.980s][info][gc,heap        ] GC(463) ParOldGen: 41650K(1398272K)->41746K(1398272K)
[68.980s][info][gc,metaspace   ] GC(463) Metaspace: 75162K(75584K)->75162K(75584K) NonClass: 59705K(59904K)->59705K(59904K) Class: 15456K(15680K)->15456K(15680K)
[68.980s][info][gc             ] GC(463) Pause Young (Allocation Failure) 425M->42M(1743M) 1.344ms
[68.980s][info][gc,cpu         ] GC(463) User=0.00s Sys=0.00s Real=0.00s
[69.076s][info][gc,start       ] GC(464) Pause Young (Allocation Failure)
[69.077s][info][gc,heap        ] GC(464) PSYoungGen: 386368K(386560K)->1536K(378368K) Eden: 384512K(384512K)->0K(376832K) From: 1856K(2048K)->1536K(1536K)
[69.077s][info][gc,heap        ] GC(464) ParOldGen: 41746K(1398272K)->41930K(1398272K)
[69.077s][info][gc,metaspace   ] GC(464) Metaspace: 75162K(75584K)->75162K(75584K) NonClass: 59705K(59904K)->59705K(59904K) Class: 15456K(15680K)->15456K(15680K)
[69.077s][info][gc             ] GC(464) Pause Young (Allocation Failure) 418M->42M(1735M) 1.105ms
[69.077s][info][gc,cpu         ] GC(464) User=0.00s Sys=0.00s Real=0.00s
[69.172s][info][gc,start       ] GC(465) Pause Young (Allocation Failure)
[69.173s][info][gc,heap        ] GC(465) PSYoungGen: 378368K(378368K)->1888K(371200K) Eden: 376832K(376832K)->0K(369152K) From: 1536K(1536K)->1888K(2048K)
[69.173s][info][gc,heap        ] GC(465) ParOldGen: 41930K(1398272K)->42002K(1398272K)
[69.173s][info][gc,metaspace   ] GC(465) Metaspace: 75162K(75584K)->75162K(75584K) NonClass: 59705K(59904K)->59705K(59904K) Class: 15456K(15680K)->15456K(15680K)
[69.173s][info][gc             ] GC(465) Pause Young (Allocation Failure) 410M->42M(1728M) 1.367ms
[69.173s][info][gc,cpu         ] GC(465) User=0.00s Sys=0.00s Real=0.00s
[69.263s][info][gc,start       ] GC(466) Pause Young (Allocation Failure)
[69.264s][info][gc,heap        ] GC(466) PSYoungGen: 371040K(371200K)->1856K(364032K) Eden: 369152K(369152K)->0K(361984K) From: 1888K(2048K)->1856K(2048K)
[69.264s][info][gc,heap        ] GC(466) ParOldGen: 42002K(1398272K)->42106K(1398272K)
[69.264s][info][gc,metaspace   ] GC(466) Metaspace: 75162K(75584K)->75162K(75584K) NonClass: 59705K(59904K)->59705K(59904K) Class: 15456K(15680K)->15456K(15680K)
[69.264s][info][gc             ] GC(466) Pause Young (Allocation Failure) 403M->42M(1721M) 1.145ms
[69.264s][info][gc,cpu         ] GC(466) User=0.00s Sys=0.00s Real=0.00s
[69.352s][info][gc,start       ] GC(467) Pause Young (Allocation Failure)
[69.353s][info][gc,heap        ] GC(467) PSYoungGen: 363840K(364032K)->1888K(436736K) Eden: 361984K(361984K)->0K(434688K) From: 1856K(2048K)->1888K(2048K)
[69.353s][info][gc,heap        ] GC(467) ParOldGen: 42106K(1398272K)->42234K(1398272K)
[69.353s][info][gc,metaspace   ] GC(467) Metaspace: 75162K(75584K)->75162K(75584K) NonClass: 59705K(59904K)->59705K(59904K) Class: 15456K(15680K)->15456K(15680K)
[69.353s][info][gc             ] GC(467) Pause Young (Allocation Failure) 396M->43M(1792M) 1.387ms
[69.353s][info][gc,cpu         ] GC(467) User=0.00s Sys=0.00s Real=0.00s
[69.458s][info][gc,start       ] GC(468) Pause Young (Allocation Failure)
[69.459s][info][gc,heap        ] GC(468) PSYoungGen: 436576K(436736K)->1536K(426496K) Eden: 434688K(434688K)->0K(424960K) From: 1888K(2048K)->1536K(1536K)
[69.459s][info][gc,heap        ] GC(468) ParOldGen: 42234K(1398272K)->42418K(1398272K)
[69.459s][info][gc,metaspace   ] GC(468) Metaspace: 75162K(75584K)->75162K(75584K) NonClass: 59705K(59904K)->59705K(59904K) Class: 15456K(15680K)->15456K(15680K)
[69.459s][info][gc             ] GC(468) Pause Young (Allocation Failure) 467M->42M(1782M) 1.175ms
[69.459s][info][gc,cpu         ] GC(468) User=0.00s Sys=0.00s Real=0.00s
[69.562s][info][gc,start       ] GC(469) Pause Young (Allocation Failure)
[69.563s][info][gc,heap        ] GC(469) PSYoungGen: 426496K(426496K)->1856K(417792K) Eden: 424960K(424960K)->0K(415744K) From: 1536K(1536K)->1856K(2048K)
[69.563s][info][gc,heap        ] GC(469) ParOldGen: 42418K(1398272K)->42554K(1398272K)
[69.563s][info][gc,metaspace   ] GC(469) Metaspace: 75162K(75584K)->75162K(75584K) NonClass: 59705K(59904K)->59705K(59904K) Class: 15456K(15680K)->15456K(15680K)
[69.563s][info][gc             ] GC(469) Pause Young (Allocation Failure) 457M->43M(1773M) 1.262ms
[69.563s][info][gc,cpu         ] GC(469) User=0.00s Sys=0.00s Real=0.00s
[69.664s][info][gc,start       ] GC(470) Pause Young (Allocation Failure)
[69.665s][info][gc,heap        ] GC(470) PSYoungGen: 417600K(417792K)->1920K(409088K) Eden: 415744K(415744K)->0K(407040K) From: 1856K(2048K)->1920K(2048K)
[69.665s][info][gc,heap        ] GC(470) ParOldGen: 42554K(1398272K)->42650K(1398272K)
[69.665s][info][gc,metaspace   ] GC(470) Metaspace: 75162K(75584K)->75162K(75584K) NonClass: 59705K(59904K)->59705K(59904K) Class: 15456K(15680K)->15456K(15680K)
[69.665s][info][gc             ] GC(470) Pause Young (Allocation Failure) 449M->43M(1765M) 1.182ms
[69.665s][info][gc,cpu         ] GC(470) User=0.00s Sys=0.00s Real=0.00s
[69.764s][info][gc,start       ] GC(471) Pause Young (Allocation Failure)
[69.765s][info][gc,heap        ] GC(471) PSYoungGen: 408960K(409088K)->1856K(400384K) Eden: 407040K(407040K)->0K(398336K) From: 1920K(2048K)->1856K(2048K)
[69.765s][info][gc,heap        ] GC(471) ParOldGen: 42650K(1398272K)->42794K(1398272K)
[69.765s][info][gc,metaspace   ] GC(471) Metaspace: 75162K(75584K)->75162K(75584K) NonClass: 59705K(59904K)->59705K(59904K) Class: 15456K(15680K)->15456K(15680K)
[69.765s][info][gc             ] GC(471) Pause Young (Allocation Failure) 441M->43M(1756M) 1.365ms
[69.765s][info][gc,cpu         ] GC(471) User=0.00s Sys=0.00s Real=0.00s
[69.862s][info][gc,start       ] GC(472) Pause Young (Allocation Failure)
[69.864s][info][gc,heap        ] GC(472) PSYoungGen: 400192K(400384K)->1536K(391680K) Eden: 398336K(398336K)->0K(390144K) From: 1856K(2048K)->1536K(1536K)
[69.864s][info][gc,heap        ] GC(472) ParOldGen: 42794K(1398272K)->43114K(1398272K)
[69.864s][info][gc,metaspace   ] GC(472) Metaspace: 75162K(75584K)->75162K(75584K) NonClass: 59705K(59904K)->59705K(59904K) Class: 15456K(15680K)->15456K(15680K)
[69.864s][info][gc             ] GC(472) Pause Young (Allocation Failure) 432M->43M(1748M) 1.174ms
[69.864s][info][gc,cpu         ] GC(472) User=0.00s Sys=0.00s Real=0.00s
[69.958s][info][gc,start       ] GC(473) Pause Young (Allocation Failure)
[69.959s][info][gc,heap        ] GC(473) PSYoungGen: 391680K(391680K)->1856K(384000K) Eden: 390144K(390144K)->0K(381952K) From: 1536K(1536K)->1856K(2048K)
[69.959s][info][gc,heap        ] GC(473) ParOldGen: 43114K(1398272K)->43266K(1398272K)
[69.959s][info][gc,metaspace   ] GC(473) Metaspace: 75162K(75584K)->75162K(75584K) NonClass: 59705K(59904K)->59705K(59904K) Class: 15456K(15680K)->15456K(15680K)
[69.959s][info][gc             ] GC(473) Pause Young (Allocation Failure) 424M->44M(1740M) 1.318ms
[69.959s][info][gc,cpu         ] GC(473) User=0.00s Sys=0.00s Real=0.00s
[70.052s][info][gc,start       ] GC(474) Pause Young (Allocation Failure)
[70.053s][info][gc,heap        ] GC(474) PSYoungGen: 383808K(384000K)->1824K(376320K) Eden: 381952K(381952K)->0K(374272K) From: 1856K(2048K)->1824K(2048K)
[70.053s][info][gc,heap        ] GC(474) ParOldGen: 43266K(1398272K)->43410K(1398272K)
[70.053s][info][gc,metaspace   ] GC(474) Metaspace: 75162K(75584K)->75162K(75584K) NonClass: 59705K(59904K)->59705K(59904K) Class: 15456K(15680K)->15456K(15680K)
[70.053s][info][gc             ] GC(474) Pause Young (Allocation Failure) 417M->44M(1733M) 1.122ms
[70.053s][info][gc,cpu         ] GC(474) User=0.00s Sys=0.00s Real=0.00s
[70.144s][info][gc,start       ] GC(475) Pause Young (Allocation Failure)
[70.145s][info][gc,heap        ] GC(475) PSYoungGen: 376096K(376320K)->1792K(368640K) Eden: 374272K(374272K)->0K(366592K) From: 1824K(2048K)->1792K(2048K)
[70.145s][info][gc,heap        ] GC(475) ParOldGen: 43410K(1398272K)->43498K(1398272K)
[70.145s][info][gc,metaspace   ] GC(475) Metaspace: 75162K(75584K)->75162K(75584K) NonClass: 59705K(59904K)->59705K(59904K) Class: 15456K(15680K)->15456K(15680K)
[70.145s][info][gc             ] GC(475) Pause Young (Allocation Failure) 409M->44M(1725M) 1.318ms
[70.145s][info][gc,cpu         ] GC(475) User=0.00s Sys=0.00s Real=0.00s
[70.234s][info][gc,start       ] GC(476) Pause Young (Allocation Failure)
[70.235s][info][gc,heap        ] GC(476) PSYoungGen: 368384K(368640K)->1536K(360960K) Eden: 366592K(366592K)->0K(359424K) From: 1792K(2048K)->1536K(1536K)
[70.235s][info][gc,heap        ] GC(476) ParOldGen: 43498K(1398272K)->43714K(1398272K)
[70.235s][info][gc,metaspace   ] GC(476) Metaspace: 75162K(75584K)->75162K(75584K) NonClass: 59705K(59904K)->59705K(59904K) Class: 15456K(15680K)->15456K(15680K)
[70.235s][info][gc             ] GC(476) Pause Young (Allocation Failure) 402M->44M(1718M) 1.140ms
[70.235s][info][gc,cpu         ] GC(476) User=0.00s Sys=0.00s Real=0.00s
[70.321s][info][gc,start       ] GC(477) Pause Young (Allocation Failure)
[70.322s][info][gc,heap        ] GC(477) PSYoungGen: 360960K(360960K)->1856K(433664K) Eden: 359424K(359424K)->0K(431616K) From: 1536K(1536K)->1856K(2048K)
[70.323s][info][gc,heap        ] GC(477) ParOldGen: 43714K(1398272K)->43914K(1398272K)
[70.323s][info][gc,metaspace   ] GC(477) Metaspace: 75162K(75584K)->75162K(75584K) NonClass: 59705K(59904K)->59705K(59904K) Class: 15456K(15680K)->15456K(15680K)
[70.323s][info][gc             ] GC(477) Pause Young (Allocation Failure) 395M->44M(1789M) 1.275ms
[70.323s][info][gc,cpu         ] GC(477) User=0.00s Sys=0.00s Real=0.00s
[70.426s][info][gc,start       ] GC(478) Pause Young (Allocation Failure)
[70.449s][info][gc,heap        ] GC(478) PSYoungGen: 433472K(433664K)->1024K(422912K) Eden: 431616K(431616K)->0K(421888K) From: 1856K(2048K)->1024K(1024K)
[70.449s][info][gc,heap        ] GC(478) ParOldGen: 43914K(1398272K)->44434K(1398272K)
[70.449s][info][gc,metaspace   ] GC(478) Metaspace: 75162K(75584K)->75162K(75584K) NonClass: 59705K(59904K)->59705K(59904K) Class: 15456K(15680K)->15456K(15680K)
[70.449s][info][gc             ] GC(478) Pause Young (Allocation Failure) 466M->44M(1778M) 22.185ms
[70.449s][info][gc,cpu         ] GC(478) User=0.00s Sys=0.00s Real=0.02s
[70.556s][info][gc,start       ] GC(479) Pause Young (Allocation Failure)
[70.557s][info][gc,heap        ] GC(479) PSYoungGen: 422912K(422912K)->1952K(414720K) Eden: 421888K(421888K)->0K(412672K) From: 1024K(1024K)->1952K(2048K)
[70.557s][info][gc,heap        ] GC(479) ParOldGen: 44434K(1398272K)->44706K(1398272K)
[70.557s][info][gc,metaspace   ] GC(479) Metaspace: 75162K(75584K)->75162K(75584K) NonClass: 59705K(59904K)->59705K(59904K) Class: 15456K(15680K)->15456K(15680K)
[70.557s][info][gc             ] GC(479) Pause Young (Allocation Failure) 456M->45M(1770M) 1.240ms
[70.557s][info][gc,cpu         ] GC(479) User=0.00s Sys=0.00s Real=0.00s
[70.656s][info][gc,start       ] GC(480) Pause Young (Allocation Failure)
[70.657s][info][gc,heap        ] GC(480) PSYoungGen: 414624K(414720K)->1536K(405504K) Eden: 412672K(412672K)->0K(403968K) From: 1952K(2048K)->1536K(1536K)
[70.657s][info][gc,heap        ] GC(480) ParOldGen: 44706K(1398272K)->44922K(1398272K)
[70.657s][info][gc,metaspace   ] GC(480) Metaspace: 75162K(75584K)->75162K(75584K) NonClass: 59705K(59904K)->59705K(59904K) Class: 15456K(15680K)->15456K(15680K)
[70.658s][info][gc             ] GC(480) Pause Young (Allocation Failure) 448M->45M(1761M) 1.145ms
[70.658s][info][gc,cpu         ] GC(480) User=0.00s Sys=0.00s Real=0.00s
[70.755s][info][gc,start       ] GC(481) Pause Young (Allocation Failure)
[70.756s][info][gc,heap        ] GC(481) PSYoungGen: 405504K(405504K)->1952K(397312K) Eden: 403968K(403968K)->0K(395264K) From: 1536K(1536K)->1952K(2048K)
[70.756s][info][gc,heap        ] GC(481) ParOldGen: 44922K(1398272K)->45034K(1398272K)
[70.756s][info][gc,metaspace   ] GC(481) Metaspace: 75162K(75584K)->75162K(75584K) NonClass: 59705K(59904K)->59705K(59904K) Class: 15456K(15680K)->15456K(15680K)
[70.756s][info][gc             ] GC(481) Pause Young (Allocation Failure) 439M->45M(1753M) 1.258ms
[70.756s][info][gc,cpu         ] GC(481) User=0.00s Sys=0.00s Real=0.00s
[70.851s][info][gc,start       ] GC(482) Pause Young (Allocation Failure)
[70.852s][info][gc,heap        ] GC(482) PSYoungGen: 397216K(397312K)->1856K(389120K) Eden: 395264K(395264K)->0K(387072K) From: 1952K(2048K)->1856K(2048K)
[70.852s][info][gc,heap        ] GC(482) ParOldGen: 45034K(1398272K)->45282K(1398272K)
[70.852s][info][gc,metaspace   ] GC(482) Metaspace: 75162K(75584K)->75162K(75584K) NonClass: 59705K(59904K)->59705K(59904K) Class: 15456K(15680K)->15456K(15680K)
[70.852s][info][gc             ] GC(482) Pause Young (Allocation Failure) 431M->46M(1745M) 1.133ms
[70.852s][info][gc,cpu         ] GC(482) User=0.00s Sys=0.00s Real=0.00s
[70.946s][info][gc,start       ] GC(483) Pause Young (Allocation Failure)
[70.947s][info][gc,heap        ] GC(483) PSYoungGen: 388928K(389120K)->1888K(380928K) Eden: 387072K(387072K)->0K(378880K) From: 1856K(2048K)->1888K(2048K)
[70.947s][info][gc,heap        ] GC(483) ParOldGen: 45282K(1398272K)->45378K(1398272K)
[70.947s][info][gc,metaspace   ] GC(483) Metaspace: 75162K(75584K)->75162K(75584K) NonClass: 59705K(59904K)->59705K(59904K) Class: 15456K(15680K)->15456K(15680K)
[70.947s][info][gc             ] GC(483) Pause Young (Allocation Failure) 424M->46M(1737M) 1.308ms
[70.947s][info][gc,cpu         ] GC(483) User=0.00s Sys=0.00s Real=0.00s
[71.038s][info][gc,start       ] GC(484) Pause Young (Allocation Failure)
[71.039s][info][gc,heap        ] GC(484) PSYoungGen: 380768K(380928K)->1536K(372736K) Eden: 378880K(378880K)->0K(371200K) From: 1888K(2048K)->1536K(1536K)
[71.039s][info][gc,heap        ] GC(484) ParOldGen: 45378K(1398272K)->45578K(1398272K)
[71.039s][info][gc,metaspace   ] GC(484) Metaspace: 75162K(75584K)->75162K(75584K) NonClass: 59705K(59904K)->59705K(59904K) Class: 15456K(15680K)->15456K(15680K)
[71.039s][info][gc             ] GC(484) Pause Young (Allocation Failure) 416M->46M(1729M) 1.077ms
[71.039s][info][gc,cpu         ] GC(484) User=0.00s Sys=0.00s Real=0.00s
[71.130s][info][gc,start       ] GC(485) Pause Young (Allocation Failure)
[71.131s][info][gc,heap        ] GC(485) PSYoungGen: 372736K(372736K)->1920K(365568K) Eden: 371200K(371200K)->0K(363520K) From: 1536K(1536K)->1920K(2048K)
[71.131s][info][gc,heap        ] GC(485) ParOldGen: 45578K(1398272K)->45706K(1398272K)
[71.131s][info][gc,metaspace   ] GC(485) Metaspace: 75179K(75648K)->75179K(75648K) NonClass: 59722K(59968K)->59722K(59968K) Class: 15456K(15680K)->15456K(15680K)
[71.131s][info][gc             ] GC(485) Pause Young (Allocation Failure) 408M->46M(1722M) 1.329ms
[71.131s][info][gc,cpu         ] GC(485) User=0.00s Sys=0.00s Real=0.00s
[71.219s][info][gc,start       ] GC(486) Pause Young (Allocation Failure)
[71.220s][info][gc,heap        ] GC(486) PSYoungGen: 365440K(365568K)->1760K(358400K) Eden: 363520K(363520K)->0K(356352K) From: 1920K(2048K)->1760K(2048K)
[71.220s][info][gc,heap        ] GC(486) ParOldGen: 45706K(1398272K)->45858K(1398272K)
[71.220s][info][gc,metaspace   ] GC(486) Metaspace: 75179K(75648K)->75179K(75648K) NonClass: 59722K(59968K)->59722K(59968K) Class: 15456K(15680K)->15456K(15680K)
[71.220s][info][gc             ] GC(486) Pause Young (Allocation Failure) 401M->46M(1715M) 1.109ms
[71.221s][info][gc,cpu         ] GC(486) User=0.00s Sys=0.00s Real=0.00s
[71.308s][info][gc,start       ] GC(487) Pause Young (Allocation Failure)
[71.309s][info][gc,heap        ] GC(487) PSYoungGen: 358112K(358400K)->1792K(430080K) Eden: 356352K(356352K)->0K(428032K) From: 1760K(2048K)->1792K(2048K)
[71.309s][info][gc,heap        ] GC(487) ParOldGen: 45858K(1398272K)->45962K(1398272K)
[71.309s][info][gc,metaspace   ] GC(487) Metaspace: 75180K(75648K)->75180K(75648K) NonClass: 59723K(59968K)->59723K(59968K) Class: 15456K(15680K)->15456K(15680K)
[71.309s][info][gc             ] GC(487) Pause Young (Allocation Failure) 394M->46M(1785M) 1.360ms
[71.309s][info][gc,cpu         ] GC(487) User=0.00s Sys=0.00s Real=0.00s
[71.415s][info][gc,start       ] GC(488) Pause Young (Allocation Failure)
[71.416s][info][gc,heap        ] GC(488) PSYoungGen: 429824K(430080K)->1536K(420352K) Eden: 428032K(428032K)->0K(418816K) From: 1792K(2048K)->1536K(1536K)
[71.416s][info][gc,heap        ] GC(488) ParOldGen: 45962K(1398272K)->46218K(1398272K)
[71.416s][info][gc,metaspace   ] GC(488) Metaspace: 75186K(75648K)->75186K(75648K) NonClass: 59729K(59968K)->59729K(59968K) Class: 15456K(15680K)->15456K(15680K)
[71.416s][info][gc             ] GC(488) Pause Young (Allocation Failure) 464M->46M(1776M) 1.186ms
[71.416s][info][gc,cpu         ] GC(488) User=0.00s Sys=0.00s Real=0.00s
[71.519s][info][gc,start       ] GC(489) Pause Young (Allocation Failure)
[71.520s][info][gc,heap        ] GC(489) PSYoungGen: 420352K(420352K)->1824K(411648K) Eden: 418816K(418816K)->0K(409600K) From: 1536K(1536K)->1824K(2048K)
[71.520s][info][gc,heap        ] GC(489) ParOldGen: 46218K(1398272K)->46434K(1398272K)
[71.521s][info][gc,metaspace   ] GC(489) Metaspace: 75186K(75648K)->75186K(75648K) NonClass: 59729K(59968K)->59729K(59968K) Class: 15456K(15680K)->15456K(15680K)
[71.521s][info][gc             ] GC(489) Pause Young (Allocation Failure) 455M->47M(1767M) 1.360ms
[71.521s][info][gc,cpu         ] GC(489) User=0.00s Sys=0.00s Real=0.00s
[71.622s][info][gc,start       ] GC(490) Pause Young (Allocation Failure)
[71.623s][info][gc,heap        ] GC(490) PSYoungGen: 411423K(411648K)->1024K(401920K) Eden: 409599K(409600K)->0K(400896K) From: 1824K(2048K)->1024K(1024K)
[71.624s][info][gc,heap        ] GC(490) ParOldGen: 46434K(1398272K)->46970K(1398272K)
[71.624s][info][gc,metaspace   ] GC(490) Metaspace: 75186K(75648K)->75186K(75648K) NonClass: 59729K(59968K)->59729K(59968K) Class: 15456K(15680K)->15456K(15680K)
[71.624s][info][gc             ] GC(490) Pause Young (Allocation Failure) 447M->46M(1758M) 1.101ms
[71.624s][info][gc,cpu         ] GC(490) User=0.00s Sys=0.00s Real=0.00s
[71.727s][info][gc,start       ] GC(491) Pause Young (Allocation Failure)
[71.728s][info][gc,heap        ] GC(491) PSYoungGen: 401920K(401920K)->1600K(394752K) Eden: 400896K(400896K)->0K(392704K) From: 1024K(1024K)->1600K(2048K)
[71.728s][info][gc,heap        ] GC(491) ParOldGen: 46970K(1398272K)->47266K(1398272K)
[71.728s][info][gc,metaspace   ] GC(491) Metaspace: 75186K(75648K)->75186K(75648K) NonClass: 59729K(59968K)->59729K(59968K) Class: 15456K(15680K)->15456K(15680K)
[71.728s][info][gc             ] GC(491) Pause Young (Allocation Failure) 438M->47M(1751M) 1.142ms
[71.728s][info][gc,cpu         ] GC(491) User=0.00s Sys=0.00s Real=0.00s
[71.833s][info][gc,start       ] GC(492) Pause Young (Allocation Failure)
[71.833s][info][gc,heap        ] GC(492) PSYoungGen: 394304K(394752K)->1376K(386048K) Eden: 392704K(392704K)->0K(384512K) From: 1600K(2048K)->1376K(1536K)
[71.834s][info][gc,heap        ] GC(492) ParOldGen: 47266K(1398272K)->47578K(1398272K)
[71.834s][info][gc,metaspace   ] GC(492) Metaspace: 75193K(75648K)->75193K(75648K) NonClass: 59736K(59968K)->59736K(59968K) Class: 15456K(15680K)->15456K(15680K)
[71.834s][info][gc             ] GC(492) Pause Young (Allocation Failure) 431M->47M(1742M) 1.046ms
[71.834s][info][gc,cpu         ] GC(492) User=0.00s Sys=0.00s Real=0.00s
[71.948s][info][gc,start       ] GC(493) Pause Young (Allocation Failure)
[71.949s][info][gc,heap        ] GC(493) PSYoungGen: 385888K(386048K)->1472K(378368K) Eden: 384512K(384512K)->0K(376832K) From: 1376K(1536K)->1472K(1536K)
[71.949s][info][gc,heap        ] GC(493) ParOldGen: 47578K(1398272K)->47866K(1398272K)
[71.949s][info][gc,metaspace   ] GC(493) Metaspace: 75198K(75648K)->75198K(75648K) NonClass: 59741K(59968K)->59741K(59968K) Class: 15456K(15680K)->15456K(15680K)
[71.949s][info][gc             ] GC(493) Pause Young (Allocation Failure) 423M->48M(1735M) 1.166ms
[71.949s][info][gc,cpu         ] GC(493) User=0.00s Sys=0.00s Real=0.00s
[72.079s][info][gc,start       ] GC(494) Pause Young (Allocation Failure)
[72.080s][info][gc,heap        ] GC(494) PSYoungGen: 378304K(378368K)->1280K(370688K) Eden: 376832K(376832K)->0K(369152K) From: 1472K(1536K)->1280K(1536K)
[72.080s][info][gc,heap        ] GC(494) ParOldGen: 47866K(1398272K)->48186K(1398272K)
[72.080s][info][gc,metaspace   ] GC(494) Metaspace: 75198K(75648K)->75198K(75648K) NonClass: 59741K(59968K)->59741K(59968K) Class: 15456K(15680K)->15456K(15680K)
[72.080s][info][gc             ] GC(494) Pause Young (Allocation Failure) 416M->48M(1727M) 1.188ms
[72.080s][info][gc,cpu         ] GC(494) User=0.00s Sys=0.00s Real=0.00s
[72.227s][info][gc,start       ] GC(495) Pause Young (Allocation Failure)
[72.228s][info][gc,heap        ] GC(495) PSYoungGen: 370432K(370688K)->1152K(363520K) Eden: 369152K(369152K)->0K(361984K) From: 1280K(1536K)->1152K(1536K)
[72.228s][info][gc,heap        ] GC(495) ParOldGen: 48186K(1398272K)->48426K(1398272K)
[72.228s][info][gc,metaspace   ] GC(495) Metaspace: 75198K(75648K)->75198K(75648K) NonClass: 59741K(59968K)->59741K(59968K) Class: 15456K(15680K)->15456K(15680K)
[72.228s][info][gc             ] GC(495) Pause Young (Allocation Failure) 408M->48M(1720M) 1.056ms
[72.229s][info][gc,cpu         ] GC(495) User=0.00s Sys=0.00s Real=0.00s
[72.403s][info][gc,start       ] GC(496) Pause Young (Allocation Failure)
[72.404s][info][gc,heap        ] GC(496) PSYoungGen: 363136K(363520K)->1056K(356352K) Eden: 361984K(361984K)->0K(354816K) From: 1152K(1536K)->1056K(1536K)
[72.404s][info][gc,heap        ] GC(496) ParOldGen: 48426K(1398272K)->48690K(1398272K)
[72.404s][info][gc,metaspace   ] GC(496) Metaspace: 75198K(75648K)->75198K(75648K) NonClass: 59741K(59968K)->59741K(59968K) Class: 15456K(15680K)->15456K(15680K)
[72.404s][info][gc             ] GC(496) Pause Young (Allocation Failure) 401M->48M(1713M) 1.090ms
[72.404s][info][gc,cpu         ] GC(496) User=0.00s Sys=0.00s Real=0.00s
[72.631s][info][gc,start       ] GC(497) Pause Young (Allocation Failure)
[72.632s][info][gc,heap        ] GC(497) PSYoungGen: 355872K(356352K)->992K(349184K) Eden: 354816K(354816K)->0K(348160K) From: 1056K(1536K)->992K(1024K)
[72.632s][info][gc,heap        ] GC(497) ParOldGen: 48690K(1398272K)->49050K(1398272K)
[72.632s][info][gc,metaspace   ] GC(497) Metaspace: 75198K(75648K)->75198K(75648K) NonClass: 59741K(59968K)->59741K(59968K) Class: 15456K(15680K)->15456K(15680K)
[72.632s][info][gc             ] GC(497) Pause Young (Allocation Failure) 395M->48M(1706M) 1.069ms
[72.632s][info][gc,cpu         ] GC(497) User=0.00s Sys=0.02s Real=0.01s
[72.855s][info][gc,start       ] GC(498) Pause Young (Allocation Failure)
[72.856s][info][gc,heap        ] GC(498) PSYoungGen: 349152K(349184K)->1056K(343040K) Eden: 348160K(348160K)->0K(341504K) From: 992K(1024K)->1056K(1536K)
[72.856s][info][gc,heap        ] GC(498) ParOldGen: 49050K(1398272K)->49194K(1398272K)
[72.856s][info][gc,metaspace   ] GC(498) Metaspace: 75198K(75648K)->75198K(75648K) NonClass: 59741K(59968K)->59741K(59968K) Class: 15456K(15680K)->15456K(15680K)
[72.856s][info][gc             ] GC(498) Pause Young (Allocation Failure) 388M->49M(1700M) 0.917ms
[72.856s][info][gc,cpu         ] GC(498) User=0.00s Sys=0.00s Real=0.00s
[73.078s][info][gc,start       ] GC(499) Pause Young (Allocation Failure)
[73.079s][info][gc,heap        ] GC(499) PSYoungGen: 342560K(343040K)->1024K(335872K) Eden: 341504K(341504K)->0K(334848K) From: 1056K(1536K)->1024K(1024K)
[73.079s][info][gc,heap        ] GC(499) ParOldGen: 49194K(1398272K)->49290K(1398272K)
[73.079s][info][gc,metaspace   ] GC(499) Metaspace: 75198K(75648K)->75198K(75648K) NonClass: 59741K(59968K)->59741K(59968K) Class: 15456K(15680K)->15456K(15680K)
[73.079s][info][gc             ] GC(499) Pause Young (Allocation Failure) 382M->49M(1693M) 1.008ms
[73.079s][info][gc,cpu         ] GC(499) User=0.00s Sys=0.00s Real=0.00s
[73.294s][info][gc,start       ] GC(500) Pause Young (Allocation Failure)
[73.295s][info][gc,heap        ] GC(500) PSYoungGen: 335872K(335872K)->1056K(330240K) Eden: 334848K(334848K)->0K(328704K) From: 1024K(1024K)->1056K(1536K)
[73.295s][info][gc,heap        ] GC(500) ParOldGen: 49290K(1398272K)->49290K(1398272K)
[73.295s][info][gc,metaspace   ] GC(500) Metaspace: 75198K(75648K)->75198K(75648K) NonClass: 59741K(59968K)->59741K(59968K) Class: 15456K(15680K)->15456K(15680K)
[73.295s][info][gc             ] GC(500) Pause Young (Allocation Failure) 376M->49M(1688M) 0.870ms
[73.295s][info][gc,cpu         ] GC(500) User=0.00s Sys=0.00s Real=0.00s
[73.505s][info][gc,start       ] GC(501) Pause Young (Allocation Failure)
[73.506s][info][gc,heap        ] GC(501) PSYoungGen: 329760K(330240K)->1056K(324096K) Eden: 328704K(328704K)->0K(322560K) From: 1056K(1536K)->1056K(1536K)
[73.506s][info][gc,heap        ] GC(501) ParOldGen: 49290K(1398272K)->49314K(1398272K)
[73.506s][info][gc,metaspace   ] GC(501) Metaspace: 75198K(75648K)->75198K(75648K) NonClass: 59741K(59968K)->59741K(59968K) Class: 15456K(15680K)->15456K(15680K)
[73.506s][info][gc             ] GC(501) Pause Young (Allocation Failure) 370M->49M(1682M) 0.813ms
[73.506s][info][gc,cpu         ] GC(501) User=0.00s Sys=0.00s Real=0.00s
[73.717s][info][gc,start       ] GC(502) Pause Young (Allocation Failure)
[73.718s][info][gc,heap        ] GC(502) PSYoungGen: 323616K(324096K)->1056K(318464K) Eden: 322560K(322560K)->0K(316928K) From: 1056K(1536K)->1056K(1536K)
[73.718s][info][gc,heap        ] GC(502) ParOldGen: 49314K(1398272K)->49362K(1398272K)
[73.718s][info][gc,metaspace   ] GC(502) Metaspace: 75198K(75648K)->75198K(75648K) NonClass: 59741K(59968K)->59741K(59968K) Class: 15456K(15680K)->15456K(15680K)
[73.718s][info][gc             ] GC(502) Pause Young (Allocation Failure) 364M->49M(1676M) 0.967ms
[73.718s][info][gc,cpu         ] GC(502) User=0.00s Sys=0.00s Real=0.00s
[73.776s][info][gc,start       ] GC(503) Pause Young (System.gc())
[73.778s][info][gc,heap        ] GC(503) PSYoungGen: 43283K(318464K)->1152K(318464K) Eden: 42227K(316928K)->0K(316928K) From: 1056K(1536K)->1152K(1536K)
[73.778s][info][gc,heap        ] GC(503) ParOldGen: 49362K(1398272K)->49570K(1398272K)
[73.778s][info][gc,metaspace   ] GC(503) Metaspace: 75199K(75648K)->75199K(75648K) NonClass: 59742K(59968K)->59742K(59968K) Class: 15456K(15680K)->15456K(15680K)
[73.778s][info][gc             ] GC(503) Pause Young (System.gc()) 90M->49M(1676M) 1.665ms
[73.778s][info][gc,cpu         ] GC(503) User=0.00s Sys=0.00s Real=0.00s
[73.778s][info][gc,start       ] GC(504) Pause Full (System.gc())
[73.778s][info][gc,phases,start] GC(504) Marking Phase
[73.819s][info][gc,phases      ] GC(504) Marking Phase 41.163ms
[73.820s][info][gc,phases,start] GC(504) Summary Phase
[73.820s][info][gc,phases      ] GC(504) Summary Phase 0.013ms
[73.820s][info][gc,phases,start] GC(504) Adjust Roots
[73.838s][info][gc,phases      ] GC(504) Adjust Roots 17.952ms
[73.838s][info][gc,phases,start] GC(504) Compaction Phase
[73.847s][info][gc,phases      ] GC(504) Compaction Phase 9.078ms
[73.847s][info][gc,phases,start] GC(504) Post Compact
[73.848s][info][gc,phases      ] GC(504) Post Compact 0.991ms
[73.848s][info][gc,heap        ] GC(504) PSYoungGen: 1152K(318464K)->0K(318464K) Eden: 0K(316928K)->0K(316928K) From: 1152K(1536K)->0K(1536K)
[73.848s][info][gc,heap        ] GC(504) ParOldGen: 49570K(1398272K)->35744K(1398272K)
[73.848s][info][gc,metaspace   ] GC(504) Metaspace: 75199K(75648K)->75199K(75648K) NonClass: 59742K(59968K)->59742K(59968K) Class: 15456K(15680K)->15456K(15680K)
[73.848s][info][gc             ] GC(504) Pause Full (System.gc()) 49M->34M(1676M) 69.627ms
[73.848s][info][gc,cpu         ] GC(504) User=1.02s Sys=0.00s Real=0.06s
[73.955s][info][gc,start       ] GC(505) Pause Young (Allocation Failure)
[73.957s][info][gc,heap        ] GC(505) PSYoungGen: 316928K(318464K)->2560K(313856K) Eden: 316928K(316928K)->0K(311296K) From: 0K(1536K)->2560K(2560K)
[73.957s][info][gc,heap        ] GC(505) ParOldGen: 35744K(1398272K)->36832K(1398272K)
[73.957s][info][gc,metaspace   ] GC(505) Metaspace: 75279K(75712K)->75279K(75712K) NonClass: 59822K(60032K)->59822K(60032K) Class: 15456K(15680K)->15456K(15680K)
[73.957s][info][gc             ] GC(505) Pause Young (Allocation Failure) 344M->38M(1672M) 1.826ms
[73.957s][info][gc,cpu         ] GC(505) User=0.00s Sys=0.00s Real=0.00s
[74.031s][info][gc,start       ] GC(506) Pause Young (Allocation Failure)
[74.033s][info][gc,heap        ] GC(506) PSYoungGen: 313856K(313856K)->2016K(307712K) Eden: 311296K(311296K)->0K(305664K) From: 2560K(2560K)->2016K(2048K)
[74.034s][info][gc,heap        ] GC(506) ParOldGen: 36832K(1398272K)->38520K(1398272K)
[74.034s][info][gc,metaspace   ] GC(506) Metaspace: 75279K(75712K)->75279K(75712K) NonClass: 59822K(60032K)->59822K(60032K) Class: 15456K(15680K)->15456K(15680K)
[74.034s][info][gc             ] GC(506) Pause Young (Allocation Failure) 342M->39M(1666M) 2.118ms
[74.034s][info][gc,cpu         ] GC(506) User=0.00s Sys=0.00s Real=0.00s
[74.107s][info][gc,start       ] GC(507) Pause Young (Allocation Failure)
[74.108s][info][gc,heap        ] GC(507) PSYoungGen: 307680K(307712K)->1792K(302592K) Eden: 305664K(305664K)->0K(300544K) From: 2016K(2048K)->1792K(2048K)
[74.108s][info][gc,heap        ] GC(507) ParOldGen: 38520K(1398272K)->38744K(1398272K)
[74.108s][info][gc,metaspace   ] GC(507) Metaspace: 75279K(75712K)->75279K(75712K) NonClass: 59822K(60032K)->59822K(60032K) Class: 15456K(15680K)->15456K(15680K)
[74.108s][info][gc             ] GC(507) Pause Young (Allocation Failure) 338M->39M(1661M) 1.141ms
[74.108s][info][gc,cpu         ] GC(507) User=0.00s Sys=0.00s Real=0.00s
[74.184s][info][gc,start       ] GC(508) Pause Young (Allocation Failure)
[74.185s][info][gc,heap        ] GC(508) PSYoungGen: 302336K(302592K)->1856K(363008K) Eden: 300544K(300544K)->0K(360960K) From: 1792K(2048K)->1856K(2048K)
[74.185s][info][gc,heap        ] GC(508) ParOldGen: 38744K(1398272K)->38856K(1398272K)
[74.185s][info][gc,metaspace   ] GC(508) Metaspace: 75279K(75712K)->75279K(75712K) NonClass: 59822K(60032K)->59822K(60032K) Class: 15456K(15680K)->15456K(15680K)
[74.185s][info][gc             ] GC(508) Pause Young (Allocation Failure) 333M->39M(1720M) 1.343ms
[74.185s][info][gc,cpu         ] GC(508) User=0.00s Sys=0.00s Real=0.00s
[74.276s][info][gc,start       ] GC(509) Pause Young (Allocation Failure)
[74.277s][info][gc,heap        ] GC(509) PSYoungGen: 362816K(363008K)->1792K(435200K) Eden: 360960K(360960K)->0K(433152K) From: 1856K(2048K)->1792K(2048K)
[74.277s][info][gc,heap        ] GC(509) ParOldGen: 38856K(1398272K)->38896K(1398272K)
[74.277s][info][gc,metaspace   ] GC(509) Metaspace: 75279K(75712K)->75279K(75712K) NonClass: 59822K(60032K)->59822K(60032K) Class: 15456K(15680K)->15456K(15680K)
[74.277s][info][gc             ] GC(509) Pause Young (Allocation Failure) 392M->39M(1790M) 1.307ms
[74.277s][info][gc,cpu         ] GC(509) User=0.00s Sys=0.00s Real=0.00s
[74.384s][info][gc,start       ] GC(510) Pause Young (Allocation Failure)
[74.386s][info][gc,heap        ] GC(510) PSYoungGen: 434944K(435200K)->1856K(522240K) Eden: 433152K(433152K)->0K(520192K) From: 1792K(2048K)->1856K(2048K)
[74.386s][info][gc,heap        ] GC(510) ParOldGen: 38896K(1398272K)->39024K(1398272K)
[74.386s][info][gc,metaspace   ] GC(510) Metaspace: 75279K(75712K)->75279K(75712K) NonClass: 59822K(60032K)->59822K(60032K) Class: 15456K(15680K)->15456K(15680K)
[74.386s][info][gc             ] GC(510) Pause Young (Allocation Failure) 462M->39M(1875M) 1.459ms
[74.386s][info][gc,cpu         ] GC(510) User=0.00s Sys=0.00s Real=0.00s
[74.513s][info][gc,start       ] GC(511) Pause Young (Allocation Failure)
[74.514s][info][gc,heap        ] GC(511) PSYoungGen: 522048K(522240K)->1856K(509440K) Eden: 520192K(520192K)->0K(507392K) From: 1856K(2048K)->1856K(2048K)
[74.515s][info][gc,heap        ] GC(511) ParOldGen: 39024K(1398272K)->39184K(1398272K)
[74.515s][info][gc,metaspace   ] GC(511) Metaspace: 75279K(75712K)->75279K(75712K) NonClass: 59822K(60032K)->59822K(60032K) Class: 15456K(15680K)->15456K(15680K)
[74.515s][info][gc             ] GC(511) Pause Young (Allocation Failure) 547M->40M(1863M) 1.210ms
[74.515s][info][gc,cpu         ] GC(511) User=0.00s Sys=0.00s Real=0.00s
[74.639s][info][gc,start       ] GC(512) Pause Young (Allocation Failure)
[74.641s][info][gc,heap        ] GC(512) PSYoungGen: 509248K(509440K)->1920K(497152K) Eden: 507392K(507392K)->0K(495104K) From: 1856K(2048K)->1920K(2048K)
[74.641s][info][gc,heap        ] GC(512) ParOldGen: 39184K(1398272K)->39328K(1398272K)
[74.641s][info][gc,metaspace   ] GC(512) Metaspace: 75279K(75712K)->75279K(75712K) NonClass: 59822K(60032K)->59822K(60032K) Class: 15456K(15680K)->15456K(15680K)
[74.641s][info][gc             ] GC(512) Pause Young (Allocation Failure) 535M->40M(1851M) 1.417ms
[74.641s][info][gc,cpu         ] GC(512) User=0.00s Sys=0.00s Real=0.00s
[74.761s][info][gc,start       ] GC(513) Pause Young (Allocation Failure)
[74.763s][info][gc,heap        ] GC(513) PSYoungGen: 497024K(497152K)->1920K(485376K) Eden: 495104K(495104K)->0K(483328K) From: 1920K(2048K)->1920K(2048K)
[74.763s][info][gc,heap        ] GC(513) ParOldGen: 39328K(1398272K)->39392K(1398272K)
[74.763s][info][gc,metaspace   ] GC(513) Metaspace: 75279K(75712K)->75279K(75712K) NonClass: 59822K(60032K)->59822K(60032K) Class: 15456K(15680K)->15456K(15680K)
[74.763s][info][gc             ] GC(513) Pause Young (Allocation Failure) 523M->40M(1839M) 1.269ms
[74.763s][info][gc,cpu         ] GC(513) User=0.00s Sys=0.00s Real=0.00s
[74.879s][info][gc,start       ] GC(514) Pause Young (Allocation Failure)
[74.880s][info][gc,heap        ] GC(514) PSYoungGen: 485248K(485376K)->1888K(474112K) Eden: 483328K(483328K)->0K(472064K) From: 1920K(2048K)->1888K(2048K)
[74.880s][info][gc,heap        ] GC(514) ParOldGen: 39392K(1398272K)->39656K(1398272K)
[74.880s][info][gc,metaspace   ] GC(514) Metaspace: 75279K(75712K)->75279K(75712K) NonClass: 59822K(60032K)->59822K(60032K) Class: 15456K(15680K)->15456K(15680K)
[74.880s][info][gc             ] GC(514) Pause Young (Allocation Failure) 512M->40M(1828M) 1.375ms
[74.880s][info][gc,cpu         ] GC(514) User=0.00s Sys=0.00s Real=0.00s
[74.993s][info][gc,start       ] GC(515) Pause Young (Allocation Failure)
[74.995s][info][gc,heap        ] GC(515) PSYoungGen: 473952K(474112K)->1888K(463360K) Eden: 472064K(472064K)->0K(461312K) From: 1888K(2048K)->1888K(2048K)
[74.995s][info][gc,heap        ] GC(515) ParOldGen: 39656K(1398272K)->39800K(1398272K)
[74.995s][info][gc,metaspace   ] GC(515) Metaspace: 75279K(75712K)->75279K(75712K) NonClass: 59822K(60032K)->59822K(60032K) Class: 15456K(15680K)->15456K(15680K)
[74.995s][info][gc             ] GC(515) Pause Young (Allocation Failure) 501M->40M(1818M) 1.192ms
[74.995s][info][gc,cpu         ] GC(515) User=0.00s Sys=0.00s Real=0.00s
[75.106s][info][gc,start       ] GC(516) Pause Young (Allocation Failure)
[75.107s][info][gc,heap        ] GC(516) PSYoungGen: 463200K(463360K)->1856K(452608K) Eden: 461312K(461312K)->0K(450560K) From: 1888K(2048K)->1856K(2048K)
[75.107s][info][gc,heap        ] GC(516) ParOldGen: 39800K(1398272K)->39912K(1398272K)
[75.107s][info][gc,metaspace   ] GC(516) Metaspace: 75279K(75712K)->75279K(75712K) NonClass: 59822K(60032K)->59822K(60032K) Class: 15456K(15680K)->15456K(15680K)
[75.107s][info][gc             ] GC(516) Pause Young (Allocation Failure) 491M->40M(1807M) 1.289ms
[75.107s][info][gc,cpu         ] GC(516) User=0.00s Sys=0.00s Real=0.00s
[75.217s][info][gc,start       ] GC(517) Pause Young (Allocation Failure)
[75.218s][info][gc,heap        ] GC(517) PSYoungGen: 452416K(452608K)->1888K(442368K) Eden: 450560K(450560K)->0K(440320K) From: 1856K(2048K)->1888K(2048K)
[75.218s][info][gc,heap        ] GC(517) ParOldGen: 39912K(1398272K)->39976K(1398272K)
[75.218s][info][gc,metaspace   ] GC(517) Metaspace: 75279K(75712K)->75279K(75712K) NonClass: 59822K(60032K)->59822K(60032K) Class: 15456K(15680K)->15456K(15680K)
[75.218s][info][gc             ] GC(517) Pause Young (Allocation Failure) 480M->40M(1797M) 1.282ms
[75.218s][info][gc,cpu         ] GC(517) User=0.00s Sys=0.00s Real=0.00s
[75.324s][info][gc,start       ] GC(518) Pause Young (Allocation Failure)
[75.325s][info][gc,heap        ] GC(518) PSYoungGen: 442208K(442368K)->1760K(432640K) Eden: 440320K(440320K)->0K(430592K) From: 1888K(2048K)->1760K(2048K)
[75.325s][info][gc,heap        ] GC(518) ParOldGen: 39976K(1398272K)->40128K(1398272K)
[75.325s][info][gc,metaspace   ] GC(518) Metaspace: 75279K(75712K)->75279K(75712K) NonClass: 59822K(60032K)->59822K(60032K) Class: 15456K(15680K)->15456K(15680K)
[75.325s][info][gc             ] GC(518) Pause Young (Allocation Failure) 470M->40M(1788M) 1.436ms
[75.325s][info][gc,cpu         ] GC(518) User=0.00s Sys=0.00s Real=0.00s
[75.428s][info][gc,start       ] GC(519) Pause Young (Allocation Failure)
[75.429s][info][gc,heap        ] GC(519) PSYoungGen: 432352K(432640K)->1536K(422912K) Eden: 430592K(430592K)->0K(421376K) From: 1760K(2048K)->1536K(1536K)
[75.430s][info][gc,heap        ] GC(519) ParOldGen: 40128K(1398272K)->40360K(1398272K)
[75.430s][info][gc,metaspace   ] GC(519) Metaspace: 75279K(75712K)->75279K(75712K) NonClass: 59822K(60032K)->59822K(60032K) Class: 15456K(15680K)->15456K(15680K)
[75.430s][info][gc             ] GC(519) Pause Young (Allocation Failure) 461M->40M(1778M) 1.133ms
[75.430s][info][gc,cpu         ] GC(519) User=0.00s Sys=0.02s Real=0.00s
[75.532s][info][gc,start       ] GC(520) Pause Young (Allocation Failure)
[75.533s][info][gc,heap        ] GC(520) PSYoungGen: 422912K(422912K)->1824K(414208K) Eden: 421376K(421376K)->0K(412160K) From: 1536K(1536K)->1824K(2048K)
[75.533s][info][gc,heap        ] GC(520) ParOldGen: 40360K(1398272K)->40616K(1398272K)
[75.533s][info][gc,metaspace   ] GC(520) Metaspace: 75279K(75712K)->75279K(75712K) NonClass: 59822K(60032K)->59822K(60032K) Class: 15456K(15680K)->15456K(15680K)
[75.533s][info][gc             ] GC(520) Pause Young (Allocation Failure) 452M->41M(1770M) 1.286ms
[75.533s][info][gc,cpu         ] GC(520) User=0.00s Sys=0.00s Real=0.00s
[75.633s][info][gc,start       ] GC(521) Pause Young (Allocation Failure)
[75.634s][info][gc,heap        ] GC(521) PSYoungGen: 413984K(414208K)->1888K(405504K) Eden: 412160K(412160K)->0K(403456K) From: 1824K(2048K)->1888K(2048K)
[75.634s][info][gc,heap        ] GC(521) ParOldGen: 40616K(1398272K)->40800K(1398272K)
[75.634s][info][gc,metaspace   ] GC(521) Metaspace: 75279K(75712K)->75279K(75712K) NonClass: 59822K(60032K)->59822K(60032K) Class: 15456K(15680K)->15456K(15680K)
[75.634s][info][gc             ] GC(521) Pause Young (Allocation Failure) 443M->41M(1761M) 1.097ms
[75.634s][info][gc,cpu         ] GC(521) User=0.00s Sys=0.00s Real=0.00s
[75.731s][info][gc,start       ] GC(522) Pause Young (Allocation Failure)
[75.732s][info][gc,heap        ] GC(522) PSYoungGen: 405344K(405504K)->1984K(396800K) Eden: 403456K(403456K)->0K(394752K) From: 1888K(2048K)->1984K(2048K)
[75.732s][info][gc,heap        ] GC(522) ParOldGen: 40800K(1398272K)->40936K(1398272K)
[75.732s][info][gc,metaspace   ] GC(522) Metaspace: 75279K(75712K)->75279K(75712K) NonClass: 59822K(60032K)->59822K(60032K) Class: 15456K(15680K)->15456K(15680K)
[75.732s][info][gc             ] GC(522) Pause Young (Allocation Failure) 435M->41M(1753M) 1.369ms
[75.732s][info][gc,cpu         ] GC(522) User=0.00s Sys=0.00s Real=0.00s
[75.827s][info][gc,start       ] GC(523) Pause Young (Allocation Failure)
[75.828s][info][gc,heap        ] GC(523) PSYoungGen: 396736K(396800K)->1536K(388096K) Eden: 394752K(394752K)->0K(386560K) From: 1984K(2048K)->1536K(1536K)
[75.828s][info][gc,heap        ] GC(523) ParOldGen: 40936K(1398272K)->41256K(1398272K)
[75.828s][info][gc,metaspace   ] GC(523) Metaspace: 75279K(75712K)->75279K(75712K) NonClass: 59822K(60032K)->59822K(60032K) Class: 15456K(15680K)->15456K(15680K)
[75.828s][info][gc             ] GC(523) Pause Young (Allocation Failure) 427M->41M(1744M) 1.196ms
[75.828s][info][gc,cpu         ] GC(523) User=0.00s Sys=0.00s Real=0.00s
[75.922s][info][gc,start       ] GC(524) Pause Young (Allocation Failure)
[75.923s][info][gc,heap        ] GC(524) PSYoungGen: 388096K(388096K)->1824K(380416K) Eden: 386560K(386560K)->0K(378368K) From: 1536K(1536K)->1824K(2048K)
[75.923s][info][gc,heap        ] GC(524) ParOldGen: 41256K(1398272K)->41368K(1398272K)
[75.923s][info][gc,metaspace   ] GC(524) Metaspace: 75279K(75712K)->75279K(75712K) NonClass: 59822K(60032K)->59822K(60032K) Class: 15456K(15680K)->15456K(15680K)
[75.923s][info][gc             ] GC(524) Pause Young (Allocation Failure) 419M->42M(1737M) 1.345ms
[75.923s][info][gc,cpu         ] GC(524) User=0.00s Sys=0.00s Real=0.00s
[76.015s][info][gc,start       ] GC(525) Pause Young (Allocation Failure)
[76.016s][info][gc,heap        ] GC(525) PSYoungGen: 380192K(380416K)->1856K(372736K) Eden: 378368K(378368K)->0K(370688K) From: 1824K(2048K)->1856K(2048K)
[76.016s][info][gc,heap        ] GC(525) ParOldGen: 41368K(1398272K)->41512K(1398272K)
[76.016s][info][gc,metaspace   ] GC(525) Metaspace: 75279K(75712K)->75279K(75712K) NonClass: 59822K(60032K)->59822K(60032K) Class: 15456K(15680K)->15456K(15680K)
[76.016s][info][gc             ] GC(525) Pause Young (Allocation Failure) 411M->42M(1729M) 1.096ms
[76.016s][info][gc,cpu         ] GC(525) User=0.00s Sys=0.00s Real=0.00s
[76.107s][info][gc,start       ] GC(526) Pause Young (Allocation Failure)
[76.108s][info][gc,heap        ] GC(526) PSYoungGen: 372544K(372736K)->1856K(365568K) Eden: 370688K(370688K)->0K(363520K) From: 1856K(2048K)->1856K(2048K)
[76.108s][info][gc,heap        ] GC(526) ParOldGen: 41512K(1398272K)->41640K(1398272K)
[76.108s][info][gc,metaspace   ] GC(526) Metaspace: 75279K(75712K)->75279K(75712K) NonClass: 59822K(60032K)->59822K(60032K) Class: 15456K(15680K)->15456K(15680K)
[76.108s][info][gc             ] GC(526) Pause Young (Allocation Failure) 404M->42M(1722M) 1.411ms
[76.108s][info][gc,cpu         ] GC(526) User=0.00s Sys=0.00s Real=0.00s
[76.197s][info][gc,start       ] GC(527) Pause Young (Allocation Failure)
[76.198s][info][gc,heap        ] GC(527) PSYoungGen: 365376K(365568K)->1536K(357888K) Eden: 363520K(363520K)->0K(356352K) From: 1856K(2048K)->1536K(1536K)
[76.198s][info][gc,heap        ] GC(527) ParOldGen: 41640K(1398272K)->41808K(1398272K)
[76.198s][info][gc,metaspace   ] GC(527) Metaspace: 75279K(75712K)->75279K(75712K) NonClass: 59822K(60032K)->59822K(60032K) Class: 15456K(15680K)->15456K(15680K)
[76.198s][info][gc             ] GC(527) Pause Young (Allocation Failure) 397M->42M(1715M) 1.099ms
[76.198s][info][gc,cpu         ] GC(527) User=0.00s Sys=0.00s Real=0.00s
[76.284s][info][gc,start       ] GC(528) Pause Young (Allocation Failure)
[76.285s][info][gc,heap        ] GC(528) PSYoungGen: 357888K(357888K)->1888K(430080K) Eden: 356352K(356352K)->0K(428032K) From: 1536K(1536K)->1888K(2048K)
[76.285s][info][gc,heap        ] GC(528) ParOldGen: 41808K(1398272K)->41912K(1398272K)
[76.285s][info][gc,metaspace   ] GC(528) Metaspace: 75279K(75712K)->75279K(75712K) NonClass: 59822K(60032K)->59822K(60032K) Class: 15456K(15680K)->15456K(15680K)
[76.285s][info][gc             ] GC(528) Pause Young (Allocation Failure) 390M->42M(1785M) 1.304ms
[76.285s][info][gc,cpu         ] GC(528) User=0.00s Sys=0.00s Real=0.00s
[76.388s][info][gc,start       ] GC(529) Pause Young (Allocation Failure)
[76.389s][info][gc,heap        ] GC(529) PSYoungGen: 429920K(430080K)->1792K(420864K) Eden: 428032K(428032K)->0K(418816K) From: 1888K(2048K)->1792K(2048K)
[76.389s][info][gc,heap        ] GC(529) ParOldGen: 41912K(1398272K)->42008K(1398272K)
[76.389s][info][gc,metaspace   ] GC(529) Metaspace: 75279K(75712K)->75279K(75712K) NonClass: 59822K(60032K)->59822K(60032K) Class: 15456K(15680K)->15456K(15680K)
[76.389s][info][gc             ] GC(529) Pause Young (Allocation Failure) 460M->42M(1776M) 1.090ms
[76.389s][info][gc,cpu         ] GC(529) User=0.00s Sys=0.00s Real=0.00s
[76.490s][info][gc,start       ] GC(530) Pause Young (Allocation Failure)
[76.491s][info][gc,heap        ] GC(530) PSYoungGen: 420608K(420864K)->1856K(411648K) Eden: 418816K(418816K)->0K(409600K) From: 1792K(2048K)->1856K(2048K)
[76.491s][info][gc,heap        ] GC(530) ParOldGen: 42008K(1398272K)->42104K(1398272K)
[76.491s][info][gc,metaspace   ] GC(530) Metaspace: 75279K(75712K)->75279K(75712K) NonClass: 59822K(60032K)->59822K(60032K) Class: 15456K(15680K)->15456K(15680K)
[76.491s][info][gc             ] GC(530) Pause Young (Allocation Failure) 451M->42M(1767M) 1.313ms
[76.491s][info][gc,cpu         ] GC(530) User=0.00s Sys=0.00s Real=0.00s
[76.590s][info][gc,start       ] GC(531) Pause Young (Allocation Failure)
[76.591s][info][gc,heap        ] GC(531) PSYoungGen: 411456K(411648K)->1536K(402432K) Eden: 409600K(409600K)->0K(400896K) From: 1856K(2048K)->1536K(1536K)
[76.591s][info][gc,heap        ] GC(531) ParOldGen: 42104K(1398272K)->42280K(1398272K)
[76.591s][info][gc,metaspace   ] GC(531) Metaspace: 75279K(75712K)->75279K(75712K) NonClass: 59822K(60032K)->59822K(60032K) Class: 15456K(15680K)->15456K(15680K)
[76.591s][info][gc             ] GC(531) Pause Young (Allocation Failure) 442M->42M(1758M) 1.050ms
[76.591s][info][gc,cpu         ] GC(531) User=0.00s Sys=0.00s Real=0.00s
[76.687s][info][gc,start       ] GC(532) Pause Young (Allocation Failure)
[76.688s][info][gc,heap        ] GC(532) PSYoungGen: 402432K(402432K)->1920K(394752K) Eden: 400896K(400896K)->0K(392704K) From: 1536K(1536K)->1920K(2048K)
[76.688s][info][gc,heap        ] GC(532) ParOldGen: 42280K(1398272K)->42480K(1398272K)
[76.688s][info][gc,metaspace   ] GC(532) Metaspace: 75279K(75712K)->75279K(75712K) NonClass: 59822K(60032K)->59822K(60032K) Class: 15456K(15680K)->15456K(15680K)
[76.688s][info][gc             ] GC(532) Pause Young (Allocation Failure) 434M->43M(1751M) 1.226ms
[76.688s][info][gc,cpu         ] GC(532) User=0.00s Sys=0.00s Real=0.00s
[76.783s][info][gc,start       ] GC(533) Pause Young (Allocation Failure)
[76.784s][info][gc,heap        ] GC(533) PSYoungGen: 394624K(394752K)->1952K(386560K) Eden: 392704K(392704K)->0K(384512K) From: 1920K(2048K)->1952K(2048K)
[76.784s][info][gc,heap        ] GC(533) ParOldGen: 42480K(1398272K)->42592K(1398272K)
[76.785s][info][gc,metaspace   ] GC(533) Metaspace: 75279K(75712K)->75279K(75712K) NonClass: 59822K(60032K)->59822K(60032K) Class: 15456K(15680K)->15456K(15680K)
[76.785s][info][gc             ] GC(533) Pause Young (Allocation Failure) 426M->43M(1743M) 1.216ms
[76.785s][info][gc,cpu         ] GC(533) User=0.00s Sys=0.00s Real=0.00s
[76.878s][info][gc,start       ] GC(534) Pause Young (Allocation Failure)
[76.879s][info][gc,heap        ] GC(534) PSYoungGen: 386464K(386560K)->1920K(378880K) Eden: 384512K(384512K)->0K(376832K) From: 1952K(2048K)->1920K(2048K)
[76.879s][info][gc,heap        ] GC(534) ParOldGen: 42592K(1398272K)->42848K(1398272K)
[76.879s][info][gc,metaspace   ] GC(534) Metaspace: 75284K(75712K)->75284K(75712K) NonClass: 59827K(60032K)->59827K(60032K) Class: 15456K(15680K)->15456K(15680K)
[76.879s][info][gc             ] GC(534) Pause Young (Allocation Failure) 419M->43M(1735M) 1.339ms
[76.879s][info][gc,cpu         ] GC(534) User=0.00s Sys=0.00s Real=0.00s
[76.970s][info][gc,start       ] GC(535) Pause Young (Allocation Failure)
[76.971s][info][gc,heap        ] GC(535) PSYoungGen: 378752K(378880K)->1536K(370688K) Eden: 376832K(376832K)->0K(369152K) From: 1920K(2048K)->1536K(1536K)
[76.971s][info][gc,heap        ] GC(535) ParOldGen: 42848K(1398272K)->43088K(1398272K)
[76.971s][info][gc,metaspace   ] GC(535) Metaspace: 75284K(75712K)->75284K(75712K) NonClass: 59827K(60032K)->59827K(60032K) Class: 15456K(15680K)->15456K(15680K)
[76.971s][info][gc             ] GC(535) Pause Young (Allocation Failure) 411M->43M(1727M) 1.100ms
[76.971s][info][gc,cpu         ] GC(535) User=0.00s Sys=0.00s Real=0.00s
[77.060s][info][gc,start       ] GC(536) Pause Young (Allocation Failure)
[77.061s][info][gc,heap        ] GC(536) PSYoungGen: 370688K(370688K)->1888K(364032K) Eden: 369152K(369152K)->0K(361984K) From: 1536K(1536K)->1888K(2048K)
[77.061s][info][gc,heap        ] GC(536) ParOldGen: 43088K(1398272K)->43200K(1398272K)
[77.061s][info][gc,metaspace   ] GC(536) Metaspace: 75284K(75712K)->75284K(75712K) NonClass: 59827K(60032K)->59827K(60032K) Class: 15456K(15680K)->15456K(15680K)
[77.061s][info][gc             ] GC(536) Pause Young (Allocation Failure) 404M->44M(1721M) 1.285ms
[77.061s][info][gc,cpu         ] GC(536) User=0.00s Sys=0.00s Real=0.00s
[77.148s][info][gc,start       ] GC(537) Pause Young (Allocation Failure)
[77.149s][info][gc,heap        ] GC(537) PSYoungGen: 363872K(364032K)->1920K(356864K) Eden: 361984K(361984K)->0K(354816K) From: 1888K(2048K)->1920K(2048K)
[77.149s][info][gc,heap        ] GC(537) ParOldGen: 43200K(1398272K)->43288K(1398272K)
[77.149s][info][gc,metaspace   ] GC(537) Metaspace: 75284K(75712K)->75284K(75712K) NonClass: 59827K(60032K)->59827K(60032K) Class: 15456K(15680K)->15456K(15680K)
[77.149s][info][gc             ] GC(537) Pause Young (Allocation Failure) 397M->44M(1714M) 1.089ms
[77.149s][info][gc,cpu         ] GC(537) User=0.00s Sys=0.00s Real=0.00s
[77.235s][info][gc,start       ] GC(538) Pause Young (Allocation Failure)
[77.236s][info][gc,heap        ] GC(538) PSYoungGen: 356736K(356864K)->1792K(428032K) Eden: 354816K(354816K)->0K(425984K) From: 1920K(2048K)->1792K(2048K)
[77.236s][info][gc,heap        ] GC(538) ParOldGen: 43288K(1398272K)->43400K(1398272K)
[77.236s][info][gc,metaspace   ] GC(538) Metaspace: 75284K(75712K)->75284K(75712K) NonClass: 59827K(60032K)->59827K(60032K) Class: 15456K(15680K)->15456K(15680K)
[77.236s][info][gc             ] GC(538) Pause Young (Allocation Failure) 390M->44M(1783M) 1.315ms
[77.236s][info][gc,cpu         ] GC(538) User=0.00s Sys=0.00s Real=0.00s
[77.348s][info][gc,start       ] GC(539) Pause Young (Allocation Failure)
[77.349s][info][gc,heap        ] GC(539) PSYoungGen: 427776K(428032K)->1536K(418304K) Eden: 425984K(425984K)->0K(416768K) From: 1792K(2048K)->1536K(1536K)
[77.349s][info][gc,heap        ] GC(539) ParOldGen: 43400K(1398272K)->43584K(1398272K)
[77.349s][info][gc,metaspace   ] GC(539) Metaspace: 75284K(75712K)->75284K(75712K) NonClass: 59827K(60032K)->59827K(60032K) Class: 15456K(15680K)->15456K(15680K)
[77.349s][info][gc             ] GC(539) Pause Young (Allocation Failure) 460M->44M(1774M) 1.096ms
[77.349s][info][gc,cpu         ] GC(539) User=0.00s Sys=0.00s Real=0.00s
[77.449s][info][gc,start       ] GC(540) Pause Young (Allocation Failure)
[77.451s][info][gc,heap        ] GC(540) PSYoungGen: 418304K(418304K)->1792K(409600K) Eden: 416768K(416768K)->0K(407552K) From: 1536K(1536K)->1792K(2048K)
[77.451s][info][gc,heap        ] GC(540) ParOldGen: 43584K(1398272K)->43816K(1398272K)
[77.451s][info][gc,metaspace   ] GC(540) Metaspace: 75284K(75712K)->75284K(75712K) NonClass: 59827K(60032K)->59827K(60032K) Class: 15456K(15680K)->15456K(15680K)
[77.451s][info][gc             ] GC(540) Pause Young (Allocation Failure) 451M->44M(1765M) 1.346ms
[77.451s][info][gc,cpu         ] GC(540) User=0.00s Sys=0.00s Real=0.00s
[77.549s][info][gc,start       ] GC(541) Pause Young (Allocation Failure)
[77.550s][info][gc,heap        ] GC(541) PSYoungGen: 409344K(409600K)->1792K(400896K) Eden: 407552K(407552K)->0K(398848K) From: 1792K(2048K)->1792K(2048K)
[77.550s][info][gc,heap        ] GC(541) ParOldGen: 43816K(1398272K)->43936K(1398272K)
[77.550s][info][gc,metaspace   ] GC(541) Metaspace: 75284K(75712K)->75284K(75712K) NonClass: 59827K(60032K)->59827K(60032K) Class: 15456K(15680K)->15456K(15680K)
[77.550s][info][gc             ] GC(541) Pause Young (Allocation Failure) 442M->44M(1757M) 1.088ms
[77.550s][info][gc,cpu         ] GC(541) User=0.00s Sys=0.00s Real=0.00s
[77.646s][info][gc,start       ] GC(542) Pause Young (Allocation Failure)
[77.647s][info][gc,heap        ] GC(542) PSYoungGen: 400640K(400896K)->1760K(392704K) Eden: 398848K(398848K)->0K(390656K) From: 1792K(2048K)->1760K(2048K)
[77.647s][info][gc,heap        ] GC(542) ParOldGen: 43936K(1398272K)->44032K(1398272K)
[77.647s][info][gc,metaspace   ] GC(542) Metaspace: 75284K(75712K)->75284K(75712K) NonClass: 59827K(60032K)->59827K(60032K) Class: 15456K(15680K)->15456K(15680K)
[77.647s][info][gc             ] GC(542) Pause Young (Allocation Failure) 434M->44M(1749M) 1.349ms
[77.647s][info][gc,cpu         ] GC(542) User=0.00s Sys=0.00s Real=0.00s
[77.742s][info][gc,start       ] GC(543) Pause Young (Allocation Failure)
[77.743s][info][gc,heap        ] GC(543) PSYoungGen: 392416K(392704K)->1536K(384000K) Eden: 390656K(390656K)->0K(382464K) From: 1760K(2048K)->1536K(1536K)
[77.743s][info][gc,heap        ] GC(543) ParOldGen: 44032K(1398272K)->44264K(1398272K)
[77.743s][info][gc,metaspace   ] GC(543) Metaspace: 75284K(75712K)->75284K(75712K) NonClass: 59827K(60032K)->59827K(60032K) Class: 15456K(15680K)->15456K(15680K)
[77.743s][info][gc             ] GC(543) Pause Young (Allocation Failure) 426M->44M(1740M) 1.165ms
[77.743s][info][gc,cpu         ] GC(543) User=0.00s Sys=0.00s Real=0.00s
[77.835s][info][gc,start       ] GC(544) Pause Young (Allocation Failure)
[77.836s][info][gc,heap        ] GC(544) PSYoungGen: 384000K(384000K)->1760K(376832K) Eden: 382464K(382464K)->0K(374784K) From: 1536K(1536K)->1760K(2048K)
[77.836s][info][gc,heap        ] GC(544) ParOldGen: 44264K(1398272K)->44528K(1398272K)
[77.836s][info][gc,metaspace   ] GC(544) Metaspace: 75284K(75712K)->75284K(75712K) NonClass: 59827K(60032K)->59827K(60032K) Class: 15456K(15680K)->15456K(15680K)
[77.836s][info][gc             ] GC(544) Pause Young (Allocation Failure) 418M->45M(1733M) 1.273ms
[77.836s][info][gc,cpu         ] GC(544) User=0.00s Sys=0.00s Real=0.00s
[77.928s][info][gc,start       ] GC(545) Pause Young (Allocation Failure)
[77.929s][info][gc,heap        ] GC(545) PSYoungGen: 376544K(376832K)->1024K(368128K) Eden: 374784K(374784K)->0K(367104K) From: 1760K(2048K)->1024K(1024K)
[77.929s][info][gc,heap        ] GC(545) ParOldGen: 44528K(1398272K)->45072K(1398272K)
[77.929s][info][gc,metaspace   ] GC(545) Metaspace: 75284K(75712K)->75284K(75712K) NonClass: 59827K(60032K)->59827K(60032K) Class: 15456K(15680K)->15456K(15680K)
[77.929s][info][gc             ] GC(545) Pause Young (Allocation Failure) 411M->45M(1725M) 1.120ms
[77.929s][info][gc,cpu         ] GC(545) User=0.52s Sys=0.00s Real=0.00s
[78.018s][info][gc,start       ] GC(546) Pause Young (Allocation Failure)
[78.019s][info][gc,heap        ] GC(546) PSYoungGen: 368128K(368128K)->1824K(361984K) Eden: 367104K(367104K)->0K(359936K) From: 1024K(1024K)->1824K(2048K)
[78.019s][info][gc,heap        ] GC(546) ParOldGen: 45072K(1398272K)->45240K(1398272K)
[78.019s][info][gc,metaspace   ] GC(546) Metaspace: 75284K(75712K)->75284K(75712K) NonClass: 59827K(60032K)->59827K(60032K) Class: 15456K(15680K)->15456K(15680K)
[78.019s][info][gc             ] GC(546) Pause Young (Allocation Failure) 403M->45M(1719M) 1.214ms
[78.019s][info][gc,cpu         ] GC(546) User=0.00s Sys=0.00s Real=0.00s
[78.106s][info][gc,start       ] GC(547) Pause Young (Allocation Failure)
[78.107s][info][gc,heap        ] GC(547) PSYoungGen: 361760K(361984K)->1536K(433664K) Eden: 359936K(359936K)->0K(432128K) From: 1824K(2048K)->1536K(1536K)
[78.107s][info][gc,heap        ] GC(547) ParOldGen: 45240K(1398272K)->45464K(1398272K)
[78.107s][info][gc,metaspace   ] GC(547) Metaspace: 75284K(75712K)->75284K(75712K) NonClass: 59827K(60032K)->59827K(60032K) Class: 15456K(15680K)->15456K(15680K)
[78.107s][info][gc             ] GC(547) Pause Young (Allocation Failure) 397M->45M(1789M) 1.137ms
[78.107s][info][gc,cpu         ] GC(547) User=0.00s Sys=0.00s Real=0.00s
[78.211s][info][gc,start       ] GC(548) Pause Young (Allocation Failure)
[78.213s][info][gc,heap        ] GC(548) PSYoungGen: 433664K(433664K)->1856K(424448K) Eden: 432128K(432128K)->0K(422400K) From: 1536K(1536K)->1856K(2048K)
[78.213s][info][gc,heap        ] GC(548) ParOldGen: 45464K(1398272K)->45584K(1398272K)
[78.213s][info][gc,metaspace   ] GC(548) Metaspace: 75284K(75712K)->75284K(75712K) NonClass: 59827K(60032K)->59827K(60032K) Class: 15456K(15680K)->15456K(15680K)
[78.213s][info][gc             ] GC(548) Pause Young (Allocation Failure) 467M->46M(1780M) 1.284ms
[78.213s][info][gc,cpu         ] GC(548) User=0.00s Sys=0.00s Real=0.00s
[78.315s][info][gc,start       ] GC(549) Pause Young (Allocation Failure)
[78.316s][info][gc,heap        ] GC(549) PSYoungGen: 424256K(424448K)->1024K(414208K) Eden: 422400K(422400K)->0K(413184K) From: 1856K(2048K)->1024K(1024K)
[78.316s][info][gc,heap        ] GC(549) ParOldGen: 45584K(1398272K)->46160K(1398272K)
[78.316s][info][gc,metaspace   ] GC(549) Metaspace: 75284K(75712K)->75284K(75712K) NonClass: 59827K(60032K)->59827K(60032K) Class: 15456K(15680K)->15456K(15680K)
[78.316s][info][gc             ] GC(549) Pause Young (Allocation Failure) 458M->46M(1770M) 1.157ms
[78.316s][info][gc,cpu         ] GC(549) User=0.00s Sys=0.00s Real=0.00s
[78.418s][info][gc,start       ] GC(550) Pause Young (Allocation Failure)
[78.419s][info][gc,heap        ] GC(550) PSYoungGen: 414208K(414208K)->1856K(406528K) Eden: 413184K(413184K)->0K(404480K) From: 1024K(1024K)->1856K(2048K)
[78.419s][info][gc,heap        ] GC(550) ParOldGen: 46160K(1398272K)->46424K(1398272K)
[78.419s][info][gc,metaspace   ] GC(550) Metaspace: 75284K(75712K)->75284K(75712K) NonClass: 59827K(60032K)->59827K(60032K) Class: 15456K(15680K)->15456K(15680K)
[78.419s][info][gc             ] GC(550) Pause Young (Allocation Failure) 449M->47M(1762M) 1.200ms
[78.419s][info][gc,cpu         ] GC(550) User=0.00s Sys=0.00s Real=0.00s
[78.518s][info][gc,start       ] GC(551) Pause Young (Allocation Failure)
[78.519s][info][gc,heap        ] GC(551) PSYoungGen: 406336K(406528K)->1536K(397312K) Eden: 404480K(404480K)->0K(395776K) From: 1856K(2048K)->1536K(1536K)
[78.519s][info][gc,heap        ] GC(551) ParOldGen: 46424K(1398272K)->46728K(1398272K)
[78.519s][info][gc,metaspace   ] GC(551) Metaspace: 75284K(75712K)->75284K(75712K) NonClass: 59827K(60032K)->59827K(60032K) Class: 15456K(15680K)->15456K(15680K)
[78.519s][info][gc             ] GC(551) Pause Young (Allocation Failure) 442M->47M(1753M) 1.119ms
[78.519s][info][gc,cpu         ] GC(551) User=0.00s Sys=0.00s Real=0.00s
[78.624s][info][gc,start       ] GC(552) Pause Young (Allocation Failure)
[78.625s][info][gc,heap        ] GC(552) PSYoungGen: 397311K(397312K)->1600K(389632K) Eden: 395775K(395776K)->0K(387584K) From: 1536K(1536K)->1600K(2048K)
[78.625s][info][gc,heap        ] GC(552) ParOldGen: 46728K(1398272K)->47016K(1398272K)
[78.625s][info][gc,metaspace   ] GC(552) Metaspace: 75284K(75712K)->75284K(75712K) NonClass: 59827K(60032K)->59827K(60032K) Class: 15456K(15680K)->15456K(15680K)
[78.625s][info][gc             ] GC(552) Pause Young (Allocation Failure) 433M->47M(1746M) 1.188ms
[78.625s][info][gc,cpu         ] GC(552) User=0.00s Sys=0.00s Real=0.00s
[78.730s][info][gc,start       ] GC(553) Pause Young (Allocation Failure)
[78.731s][info][gc,heap        ] GC(553) PSYoungGen: 389184K(389632K)->1024K(380416K) Eden: 387584K(387584K)->0K(379392K) From: 1600K(2048K)->1024K(1024K)
[78.731s][info][gc,heap        ] GC(553) ParOldGen: 47016K(1398272K)->47392K(1398272K)
[78.731s][info][gc,metaspace   ] GC(553) Metaspace: 75284K(75712K)->75284K(75712K) NonClass: 59827K(60032K)->59827K(60032K) Class: 15456K(15680K)->15456K(15680K)
[78.731s][info][gc             ] GC(553) Pause Young (Allocation Failure) 425M->47M(1737M) 1.064ms
[78.731s][info][gc,cpu         ] GC(553) User=0.00s Sys=0.00s Real=0.00s
[78.838s][info][gc,start       ] GC(554) Pause Young (Allocation Failure)
[78.839s][info][gc,heap        ] GC(554) PSYoungGen: 380416K(380416K)->1280K(373248K) Eden: 379392K(379392K)->0K(371712K) From: 1024K(1024K)->1280K(1536K)
[78.839s][info][gc,heap        ] GC(554) ParOldGen: 47392K(1398272K)->47656K(1398272K)
[78.839s][info][gc,metaspace   ] GC(554) Metaspace: 75284K(75712K)->75284K(75712K) NonClass: 59827K(60032K)->59827K(60032K) Class: 15456K(15680K)->15456K(15680K)
[78.839s][info][gc             ] GC(554) Pause Young (Allocation Failure) 417M->47M(1730M) 1.086ms
[78.839s][info][gc,cpu         ] GC(554) User=0.00s Sys=0.00s Real=0.00s
[78.958s][info][gc,start       ] GC(555) Pause Young (Allocation Failure)
[78.959s][info][gc,heap        ] GC(555) PSYoungGen: 372992K(373248K)->1280K(365568K) Eden: 371712K(371712K)->0K(364032K) From: 1280K(1536K)->1280K(1536K)
[78.959s][info][gc,heap        ] GC(555) ParOldGen: 47656K(1398272K)->47960K(1398272K)
[78.959s][info][gc,metaspace   ] GC(555) Metaspace: 75284K(75712K)->75284K(75712K) NonClass: 59828K(60032K)->59828K(60032K) Class: 15456K(15680K)->15456K(15680K)
[78.959s][info][gc             ] GC(555) Pause Young (Allocation Failure) 410M->48M(1722M) 1.067ms
[78.959s][info][gc,cpu         ] GC(555) User=0.00s Sys=0.00s Real=0.00s
[79.096s][info][gc,start       ] GC(556) Pause Young (Allocation Failure)
[79.097s][info][gc,heap        ] GC(556) PSYoungGen: 365312K(365568K)->1184K(358400K) Eden: 364032K(364032K)->0K(356864K) From: 1280K(1536K)->1184K(1536K)
[79.097s][info][gc,heap        ] GC(556) ParOldGen: 47960K(1398272K)->48256K(1398272K)
[79.097s][info][gc,metaspace   ] GC(556) Metaspace: 75284K(75712K)->75284K(75712K) NonClass: 59828K(60032K)->59828K(60032K) Class: 15456K(15680K)->15456K(15680K)
[79.097s][info][gc             ] GC(556) Pause Young (Allocation Failure) 403M->48M(1715M) 1.080ms
[79.097s][info][gc,cpu         ] GC(556) User=0.00s Sys=0.00s Real=0.00s
[79.247s][info][gc,start       ] GC(557) Pause Young (Allocation Failure)
[79.266s][info][gc,heap        ] GC(557) PSYoungGen: 358048K(358400K)->1056K(351232K) Eden: 356864K(356864K)->0K(349696K) From: 1184K(1536K)->1056K(1536K)
[79.266s][info][gc,heap        ] GC(557) ParOldGen: 48256K(1398272K)->48504K(1398272K)
[79.266s][info][gc,metaspace   ] GC(557) Metaspace: 75284K(75712K)->75284K(75712K) NonClass: 59828K(60032K)->59828K(60032K) Class: 15456K(15680K)->15456K(15680K)
[79.266s][info][gc             ] GC(557) Pause Young (Allocation Failure) 396M->48M(1708M) 19.301ms
[79.266s][info][gc,cpu         ] GC(557) User=0.00s Sys=0.00s Real=0.02s
[79.474s][info][gc,start       ] GC(558) Pause Young (Allocation Failure)
[79.475s][info][gc,heap        ] GC(558) PSYoungGen: 350752K(351232K)->1056K(344576K) Eden: 349696K(349696K)->0K(343040K) From: 1056K(1536K)->1056K(1536K)
[79.475s][info][gc,heap        ] GC(558) ParOldGen: 48504K(1398272K)->48768K(1398272K)
[79.475s][info][gc,metaspace   ] GC(558) Metaspace: 75284K(75712K)->75284K(75712K) NonClass: 59828K(60032K)->59828K(60032K) Class: 15456K(15680K)->15456K(15680K)
[79.475s][info][gc             ] GC(558) Pause Young (Allocation Failure) 389M->48M(1702M) 1.106ms
[79.475s][info][gc,cpu         ] GC(558) User=0.00s Sys=0.00s Real=0.00s
[79.696s][info][gc,start       ] GC(559) Pause Young (Allocation Failure)
[79.697s][info][gc,heap        ] GC(559) PSYoungGen: 344096K(344576K)->1056K(337920K) Eden: 343040K(343040K)->0K(336384K) From: 1056K(1536K)->1056K(1536K)
[79.697s][info][gc,heap        ] GC(559) ParOldGen: 48768K(1398272K)->49056K(1398272K)
[79.697s][info][gc,metaspace   ] GC(559) Metaspace: 75284K(75712K)->75284K(75712K) NonClass: 59828K(60032K)->59828K(60032K) Class: 15456K(15680K)->15456K(15680K)
[79.697s][info][gc             ] GC(559) Pause Young (Allocation Failure) 383M->48M(1695M) 1.153ms
[79.697s][info][gc,cpu         ] GC(559) User=0.00s Sys=0.00s Real=0.00s
[79.912s][info][gc,start       ] GC(560) Pause Young (Allocation Failure)
[79.913s][info][gc,heap        ] GC(560) PSYoungGen: 337440K(337920K)->1056K(331776K) Eden: 336384K(336384K)->0K(330240K) From: 1056K(1536K)->1056K(1536K)
[79.913s][info][gc,heap        ] GC(560) ParOldGen: 49056K(1398272K)->49072K(1398272K)
[79.913s][info][gc,metaspace   ] GC(560) Metaspace: 75284K(75712K)->75284K(75712K) NonClass: 59828K(60032K)->59828K(60032K) Class: 15456K(15680K)->15456K(15680K)
[79.913s][info][gc             ] GC(560) Pause Young (Allocation Failure) 377M->48M(1689M) 1.046ms
[79.913s][info][gc,cpu         ] GC(560) User=0.00s Sys=0.00s Real=0.00s
[80.127s][info][gc,start       ] GC(561) Pause Young (Allocation Failure)
[80.128s][info][gc,heap        ] GC(561) PSYoungGen: 331296K(331776K)->1056K(325632K) Eden: 330240K(330240K)->0K(324096K) From: 1056K(1536K)->1056K(1536K)
[80.128s][info][gc,heap        ] GC(561) ParOldGen: 49072K(1398272K)->49168K(1398272K)
[80.128s][info][gc,metaspace   ] GC(561) Metaspace: 75284K(75712K)->75284K(75712K) NonClass: 59828K(60032K)->59828K(60032K) Class: 15456K(15680K)->15456K(15680K)
[80.128s][info][gc             ] GC(561) Pause Young (Allocation Failure) 371M->49M(1683M) 0.974ms
[80.128s][info][gc,cpu         ] GC(561) User=0.00s Sys=0.00s Real=0.00s
[80.335s][info][gc,start       ] GC(562) Pause Young (Allocation Failure)
[80.335s][info][gc,heap        ] GC(562) PSYoungGen: 325152K(325632K)->1056K(319488K) Eden: 324096K(324096K)->0K(317952K) From: 1056K(1536K)->1056K(1536K)
[80.335s][info][gc,heap        ] GC(562) ParOldGen: 49168K(1398272K)->49208K(1398272K)
[80.336s][info][gc,metaspace   ] GC(562) Metaspace: 75284K(75712K)->75284K(75712K) NonClass: 59828K(60032K)->59828K(60032K) Class: 15456K(15680K)->15456K(15680K)
[80.336s][info][gc             ] GC(562) Pause Young (Allocation Failure) 365M->49M(1677M) 0.860ms
[80.336s][info][gc,cpu         ] GC(562) User=0.52s Sys=0.00s Real=0.00s
[80.540s][info][gc,start       ] GC(563) Pause Young (Allocation Failure)
[80.541s][info][gc,heap        ] GC(563) PSYoungGen: 319008K(319488K)->1056K(313856K) Eden: 317952K(317952K)->0K(312320K) From: 1056K(1536K)->1056K(1536K)
[80.541s][info][gc,heap        ] GC(563) ParOldGen: 49208K(1398272K)->49280K(1398272K)
[80.541s][info][gc,metaspace   ] GC(563) Metaspace: 75284K(75712K)->75284K(75712K) NonClass: 59828K(60032K)->59828K(60032K) Class: 15456K(15680K)->15456K(15680K)
[80.541s][info][gc             ] GC(563) Pause Young (Allocation Failure) 359M->49M(1672M) 0.892ms
[80.541s][info][gc,cpu         ] GC(563) User=0.00s Sys=0.00s Real=0.00s
[80.723s][info][gc,start       ] GC(564) Pause Young (System.gc())
[80.725s][info][gc,heap        ] GC(564) PSYoungGen: 220027K(313856K)->1216K(313856K) Eden: 218971K(312320K)->0K(312320K) From: 1056K(1536K)->1216K(1536K)
[80.725s][info][gc,heap        ] GC(564) ParOldGen: 49280K(1398272K)->49280K(1398272K)
[80.725s][info][gc,metaspace   ] GC(564) Metaspace: 75322K(75776K)->75322K(75776K) NonClass: 59865K(60096K)->59865K(60096K) Class: 15456K(15680K)->15456K(15680K)
[80.725s][info][gc             ] GC(564) Pause Young (System.gc()) 262M->49M(1672M) 1.754ms
[80.725s][info][gc,cpu         ] GC(564) User=0.00s Sys=0.00s Real=0.00s
[80.725s][info][gc,start       ] GC(565) Pause Full (System.gc())
[80.725s][info][gc,phases,start] GC(565) Marking Phase
[80.764s][info][gc,phases      ] GC(565) Marking Phase 39.330ms
[80.764s][info][gc,phases,start] GC(565) Summary Phase
[80.764s][info][gc,phases      ] GC(565) Summary Phase 0.013ms
[80.765s][info][gc,phases,start] GC(565) Adjust Roots
[80.781s][info][gc,phases      ] GC(565) Adjust Roots 16.983ms
[80.782s][info][gc,phases,start] GC(565) Compaction Phase
[80.790s][info][gc,phases      ] GC(565) Compaction Phase 8.521ms
[80.790s][info][gc,phases,start] GC(565) Post Compact
[80.791s][info][gc,phases      ] GC(565) Post Compact 0.806ms
[80.791s][info][gc,heap        ] GC(565) PSYoungGen: 1216K(313856K)->0K(313856K) Eden: 0K(312320K)->0K(312320K) From: 1216K(1536K)->0K(1536K)
[80.791s][info][gc,heap        ] GC(565) ParOldGen: 49280K(1398272K)->35568K(1398272K)
[80.791s][info][gc,metaspace   ] GC(565) Metaspace: 75322K(75776K)->75322K(75776K) NonClass: 59865K(60096K)->59865K(60096K) Class: 15456K(15680K)->15456K(15680K)
[80.791s][info][gc             ] GC(565) Pause Full (System.gc()) 49M->34M(1672M) 65.938ms
[80.791s][info][gc,cpu         ] GC(565) User=0.56s Sys=0.00s Real=0.06s
[80.904s][info][gc,start       ] GC(566) Pause Young (Allocation Failure)
[80.905s][info][gc,heap        ] GC(566) PSYoungGen: 312320K(313856K)->2560K(309248K) Eden: 312320K(312320K)->0K(306688K) From: 0K(1536K)->2560K(2560K)
[80.905s][info][gc,heap        ] GC(566) ParOldGen: 35568K(1398272K)->36615K(1398272K)
[80.905s][info][gc,metaspace   ] GC(566) Metaspace: 75515K(75968K)->75515K(75968K) NonClass: 60058K(60288K)->60058K(60288K) Class: 15456K(15680K)->15456K(15680K)
[80.905s][info][gc             ] GC(566) Pause Young (Allocation Failure) 339M->38M(1667M) 1.685ms
[80.906s][info][gc,cpu         ] GC(566) User=0.00s Sys=0.00s Real=0.00s
[80.979s][info][gc,start       ] GC(567) Pause Young (Allocation Failure)
[80.981s][info][gc,heap        ] GC(567) PSYoungGen: 309248K(309248K)->2016K(303104K) Eden: 306688K(306688K)->0K(301056K) From: 2560K(2560K)->2016K(2048K)
[80.981s][info][gc,heap        ] GC(567) ParOldGen: 36615K(1398272K)->38343K(1398272K)
[80.981s][info][gc,metaspace   ] GC(567) Metaspace: 75515K(75968K)->75515K(75968K) NonClass: 60058K(60288K)->60058K(60288K) Class: 15456K(15680K)->15456K(15680K)
[80.981s][info][gc             ] GC(567) Pause Young (Allocation Failure) 337M->39M(1661M) 1.800ms
[80.981s][info][gc,cpu         ] GC(567) User=0.00s Sys=0.00s Real=0.00s
[81.053s][info][gc,start       ] GC(568) Pause Young (Allocation Failure)
[81.054s][info][gc,heap        ] GC(568) PSYoungGen: 303072K(303104K)->1856K(297984K) Eden: 301056K(301056K)->0K(295936K) From: 2016K(2048K)->1856K(2048K)
[81.054s][info][gc,heap        ] GC(568) ParOldGen: 38343K(1398272K)->38535K(1398272K)
[81.054s][info][gc,metaspace   ] GC(568) Metaspace: 75515K(75968K)->75515K(75968K) NonClass: 60058K(60288K)->60058K(60288K) Class: 15456K(15680K)->15456K(15680K)
[81.054s][info][gc             ] GC(568) Pause Young (Allocation Failure) 333M->39M(1656M) 1.113ms
[81.055s][info][gc,cpu         ] GC(568) User=0.00s Sys=0.00s Real=0.00s
[81.127s][info][gc,start       ] GC(569) Pause Young (Allocation Failure)
[81.128s][info][gc,heap        ] GC(569) PSYoungGen: 297792K(297984K)->1920K(357376K) Eden: 295936K(295936K)->0K(355328K) From: 1856K(2048K)->1920K(2048K)
[81.128s][info][gc,heap        ] GC(569) ParOldGen: 38535K(1398272K)->38679K(1398272K)
[81.128s][info][gc,metaspace   ] GC(569) Metaspace: 75515K(75968K)->75515K(75968K) NonClass: 60058K(60288K)->60058K(60288K) Class: 15456K(15680K)->15456K(15680K)
[81.128s][info][gc             ] GC(569) Pause Young (Allocation Failure) 328M->39M(1714M) 1.381ms
[81.128s][info][gc,cpu         ] GC(569) User=0.00s Sys=0.00s Real=0.00s
[81.215s][info][gc,start       ] GC(570) Pause Young (Allocation Failure)
[81.216s][info][gc,heap        ] GC(570) PSYoungGen: 357248K(357376K)->1856K(428544K) Eden: 355328K(355328K)->0K(426496K) From: 1920K(2048K)->1856K(2048K)
[81.216s][info][gc,heap        ] GC(570) ParOldGen: 38679K(1398272K)->38807K(1398272K)
[81.216s][info][gc,metaspace   ] GC(570) Metaspace: 75515K(75968K)->75515K(75968K) NonClass: 60058K(60288K)->60058K(60288K) Class: 15456K(15680K)->15456K(15680K)
[81.216s][info][gc             ] GC(570) Pause Young (Allocation Failure) 386M->39M(1784M) 1.263ms
[81.216s][info][gc,cpu         ] GC(570) User=0.00s Sys=0.00s Real=0.00s
[81.321s][info][gc,start       ] GC(571) Pause Young (Allocation Failure)
[81.323s][info][gc,heap        ] GC(571) PSYoungGen: 428352K(428544K)->1920K(514048K) Eden: 426496K(426496K)->0K(512000K) From: 1856K(2048K)->1920K(2048K)
[81.323s][info][gc,heap        ] GC(571) ParOldGen: 38807K(1398272K)->38911K(1398272K)
[81.323s][info][gc,metaspace   ] GC(571) Metaspace: 75515K(75968K)->75515K(75968K) NonClass: 60058K(60288K)->60058K(60288K) Class: 15456K(15680K)->15456K(15680K)
[81.323s][info][gc             ] GC(571) Pause Young (Allocation Failure) 456M->39M(1867M) 1.560ms
[81.323s][info][gc,cpu         ] GC(571) User=0.00s Sys=0.00s Real=0.00s
[81.449s][info][gc,start       ] GC(572) Pause Young (Allocation Failure)
[81.450s][info][gc,heap        ] GC(572) PSYoungGen: 513920K(514048K)->1920K(501760K) Eden: 512000K(512000K)->0K(499712K) From: 1920K(2048K)->1920K(2048K)
[81.450s][info][gc,heap        ] GC(572) ParOldGen: 38911K(1398272K)->38975K(1398272K)
[81.450s][info][gc,metaspace   ] GC(572) Metaspace: 75515K(75968K)->75515K(75968K) NonClass: 60058K(60288K)->60058K(60288K) Class: 15456K(15680K)->15456K(15680K)
[81.450s][info][gc             ] GC(572) Pause Young (Allocation Failure) 539M->39M(1855M) 1.209ms
[81.450s][info][gc,cpu         ] GC(572) User=0.00s Sys=0.00s Real=0.00s
[81.571s][info][gc,start       ] GC(573) Pause Young (Allocation Failure)
[81.573s][info][gc,heap        ] GC(573) PSYoungGen: 501632K(501760K)->1888K(489984K) Eden: 499712K(499712K)->0K(487936K) From: 1920K(2048K)->1888K(2048K)
[81.573s][info][gc,heap        ] GC(573) ParOldGen: 38975K(1398272K)->39031K(1398272K)
[81.573s][info][gc,metaspace   ] GC(573) Metaspace: 75515K(75968K)->75515K(75968K) NonClass: 60058K(60288K)->60058K(60288K) Class: 15456K(15680K)->15456K(15680K)
[81.573s][info][gc             ] GC(573) Pause Young (Allocation Failure) 527M->39M(1844M) 1.479ms
[81.573s][info][gc,cpu         ] GC(573) User=0.00s Sys=0.00s Real=0.00s
[81.690s][info][gc,start       ] GC(574) Pause Young (Allocation Failure)
[81.691s][info][gc,heap        ] GC(574) PSYoungGen: 489824K(489984K)->1920K(478720K) Eden: 487936K(487936K)->0K(476672K) From: 1888K(2048K)->1920K(2048K)
[81.691s][info][gc,heap        ] GC(574) ParOldGen: 39031K(1398272K)->39167K(1398272K)
[81.691s][info][gc,metaspace   ] GC(574) Metaspace: 75515K(75968K)->75515K(75968K) NonClass: 60058K(60288K)->60058K(60288K) Class: 15456K(15680K)->15456K(15680K)
[81.691s][info][gc             ] GC(574) Pause Young (Allocation Failure) 516M->40M(1833M) 1.210ms
[81.691s][info][gc,cpu         ] GC(574) User=0.00s Sys=0.00s Real=0.00s
[81.807s][info][gc,start       ] GC(575) Pause Young (Allocation Failure)
[81.808s][info][gc,heap        ] GC(575) PSYoungGen: 478592K(478720K)->1888K(467456K) Eden: 476672K(476672K)->0K(465408K) From: 1920K(2048K)->1888K(2048K)
[81.808s][info][gc,heap        ] GC(575) ParOldGen: 39167K(1398272K)->39311K(1398272K)
[81.808s][info][gc,metaspace   ] GC(575) Metaspace: 75515K(75968K)->75515K(75968K) NonClass: 60058K(60288K)->60058K(60288K) Class: 15456K(15680K)->15456K(15680K)
[81.808s][info][gc             ] GC(575) Pause Young (Allocation Failure) 505M->40M(1822M) 1.406ms
[81.808s][info][gc,cpu         ] GC(575) User=0.00s Sys=0.00s Real=0.00s
[81.920s][info][gc,start       ] GC(576) Pause Young (Allocation Failure)
[81.921s][info][gc,heap        ] GC(576) PSYoungGen: 467296K(467456K)->1952K(456704K) Eden: 465408K(465408K)->0K(454656K) From: 1888K(2048K)->1952K(2048K)
[81.921s][info][gc,heap        ] GC(576) ParOldGen: 39311K(1398272K)->39575K(1398272K)
[81.921s][info][gc,metaspace   ] GC(576) Metaspace: 75515K(75968K)->75515K(75968K) NonClass: 60058K(60288K)->60058K(60288K) Class: 15456K(15680K)->15456K(15680K)
[81.921s][info][gc             ] GC(576) Pause Young (Allocation Failure) 494M->40M(1811M) 1.262ms
[81.921s][info][gc,cpu         ] GC(576) User=0.00s Sys=0.00s Real=0.00s
[82.031s][info][gc,start       ] GC(577) Pause Young (Allocation Failure)
[82.034s][info][gc,heap        ] GC(577) PSYoungGen: 456608K(456704K)->1984K(446464K) Eden: 454656K(454656K)->0K(444416K) From: 1952K(2048K)->1984K(2048K)
[82.034s][info][gc,heap        ] GC(577) ParOldGen: 39575K(1398272K)->39687K(1398272K)
[82.034s][info][gc,metaspace   ] GC(577) Metaspace: 75515K(75968K)->75515K(75968K) NonClass: 60058K(60288K)->60058K(60288K) Class: 15456K(15680K)->15456K(15680K)
[82.034s][info][gc             ] GC(577) Pause Young (Allocation Failure) 484M->40M(1801M) 3.066ms
[82.034s][info][gc,cpu         ] GC(577) User=0.00s Sys=0.00s Real=0.00s
[82.141s][info][gc,start       ] GC(578) Pause Young (Allocation Failure)
[82.143s][info][gc,heap        ] GC(578) PSYoungGen: 446400K(446464K)->1888K(436736K) Eden: 444416K(444416K)->0K(434688K) From: 1984K(2048K)->1888K(2048K)
[82.143s][info][gc,heap        ] GC(578) ParOldGen: 39687K(1398272K)->39815K(1398272K)
[82.143s][info][gc,metaspace   ] GC(578) Metaspace: 75515K(75968K)->75515K(75968K) NonClass: 60058K(60288K)->60058K(60288K) Class: 15456K(15680K)->15456K(15680K)
[82.143s][info][gc             ] GC(578) Pause Young (Allocation Failure) 474M->40M(1792M) 1.303ms
[82.143s][info][gc,cpu         ] GC(578) User=0.00s Sys=0.00s Real=0.00s
[82.250s][info][gc,start       ] GC(579) Pause Young (Allocation Failure)
[82.252s][info][gc,heap        ] GC(579) PSYoungGen: 436576K(436736K)->1760K(427008K) Eden: 434688K(434688K)->0K(424960K) From: 1888K(2048K)->1760K(2048K)
[82.252s][info][gc,heap        ] GC(579) ParOldGen: 39815K(1398272K)->39935K(1398272K)
[82.252s][info][gc,metaspace   ] GC(579) Metaspace: 75515K(75968K)->75515K(75968K) NonClass: 60058K(60288K)->60058K(60288K) Class: 15456K(15680K)->15456K(15680K)
[82.252s][info][gc             ] GC(579) Pause Young (Allocation Failure) 465M->40M(1782M) 1.412ms
[82.252s][info][gc,cpu         ] GC(579) User=0.00s Sys=0.00s Real=0.00s
[82.357s][info][gc,start       ] GC(580) Pause Young (Allocation Failure)
[82.358s][info][gc,heap        ] GC(580) PSYoungGen: 426720K(427008K)->1824K(417792K) Eden: 424960K(424960K)->0K(415744K) From: 1760K(2048K)->1824K(2048K)
[82.358s][info][gc,heap        ] GC(580) ParOldGen: 39935K(1398272K)->40063K(1398272K)
[82.358s][info][gc,metaspace   ] GC(580) Metaspace: 75515K(75968K)->75515K(75968K) NonClass: 60058K(60288K)->60058K(60288K) Class: 15456K(15680K)->15456K(15680K)
[82.358s][info][gc             ] GC(580) Pause Young (Allocation Failure) 455M->40M(1773M) 1.259ms
[82.358s][info][gc,cpu         ] GC(580) User=0.00s Sys=0.00s Real=0.00s
[82.460s][info][gc,start       ] GC(581) Pause Young (Allocation Failure)
[82.461s][info][gc,heap        ] GC(581) PSYoungGen: 417568K(417792K)->1920K(409088K) Eden: 415744K(415744K)->0K(407040K) From: 1824K(2048K)->1920K(2048K)
[82.461s][info][gc,heap        ] GC(581) ParOldGen: 40063K(1398272K)->40183K(1398272K)
[82.461s][info][gc,metaspace   ] GC(581) Metaspace: 75515K(75968K)->75515K(75968K) NonClass: 60058K(60288K)->60058K(60288K) Class: 15456K(15680K)->15456K(15680K)
[82.461s][info][gc             ] GC(581) Pause Young (Allocation Failure) 446M->41M(1765M) 1.517ms
[82.461s][info][gc,cpu         ] GC(581) User=0.33s Sys=0.02s Real=0.00s
[82.561s][info][gc,start       ] GC(582) Pause Young (Allocation Failure)
[82.562s][info][gc,heap        ] GC(582) PSYoungGen: 408960K(409088K)->1536K(399872K) Eden: 407040K(407040K)->0K(398336K) From: 1920K(2048K)->1536K(1536K)
[82.562s][info][gc,heap        ] GC(582) ParOldGen: 40183K(1398272K)->40359K(1398272K)
[82.562s][info][gc,metaspace   ] GC(582) Metaspace: 75515K(75968K)->75515K(75968K) NonClass: 60058K(60288K)->60058K(60288K) Class: 15456K(15680K)->15456K(15680K)
[82.562s][info][gc             ] GC(582) Pause Young (Allocation Failure) 438M->40M(1756M) 1.169ms
[82.562s][info][gc,cpu         ] GC(582) User=0.00s Sys=0.00s Real=0.00s
[82.658s][info][gc,start       ] GC(583) Pause Young (Allocation Failure)
[82.659s][info][gc,heap        ] GC(583) PSYoungGen: 399872K(399872K)->1920K(392192K) Eden: 398336K(398336K)->0K(390144K) From: 1536K(1536K)->1920K(2048K)
[82.659s][info][gc,heap        ] GC(583) ParOldGen: 40359K(1398272K)->40479K(1398272K)
[82.659s][info][gc,metaspace   ] GC(583) Metaspace: 75515K(75968K)->75515K(75968K) NonClass: 60058K(60288K)->60058K(60288K) Class: 15456K(15680K)->15456K(15680K)
[82.659s][info][gc             ] GC(583) Pause Young (Allocation Failure) 429M->41M(1748M) 1.320ms
[82.659s][info][gc,cpu         ] GC(583) User=0.00s Sys=0.00s Real=0.00s
[82.753s][info][gc,start       ] GC(584) Pause Young (Allocation Failure)
[82.754s][info][gc,heap        ] GC(584) PSYoungGen: 392064K(392192K)->1888K(384000K) Eden: 390144K(390144K)->0K(381952K) From: 1920K(2048K)->1888K(2048K)
[82.754s][info][gc,heap        ] GC(584) ParOldGen: 40479K(1398272K)->40591K(1398272K)
[82.754s][info][gc,metaspace   ] GC(584) Metaspace: 75515K(75968K)->75515K(75968K) NonClass: 60058K(60288K)->60058K(60288K) Class: 15456K(15680K)->15456K(15680K)
[82.754s][info][gc             ] GC(584) Pause Young (Allocation Failure) 422M->41M(1740M) 1.155ms
[82.754s][info][gc,cpu         ] GC(584) User=0.00s Sys=0.00s Real=0.00s
[82.846s][info][gc,start       ] GC(585) Pause Young (Allocation Failure)
[82.848s][info][gc,heap        ] GC(585) PSYoungGen: 383840K(384000K)->1792K(376320K) Eden: 381952K(381952K)->0K(374272K) From: 1888K(2048K)->1792K(2048K)
[82.848s][info][gc,heap        ] GC(585) ParOldGen: 40591K(1398272K)->40847K(1398272K)
[82.848s][info][gc,metaspace   ] GC(585) Metaspace: 75515K(75968K)->75515K(75968K) NonClass: 60058K(60288K)->60058K(60288K) Class: 15456K(15680K)->15456K(15680K)
[82.848s][info][gc             ] GC(585) Pause Young (Allocation Failure) 414M->41M(1733M) 1.478ms
[82.848s][info][gc,cpu         ] GC(585) User=0.00s Sys=0.00s Real=0.00s
[82.938s][info][gc,start       ] GC(586) Pause Young (Allocation Failure)
[82.939s][info][gc,heap        ] GC(586) PSYoungGen: 376064K(376320K)->1536K(368128K) Eden: 374272K(374272K)->0K(366592K) From: 1792K(2048K)->1536K(1536K)
[82.939s][info][gc,heap        ] GC(586) ParOldGen: 40847K(1398272K)->41015K(1398272K)
[82.939s][info][gc,metaspace   ] GC(586) Metaspace: 75515K(75968K)->75515K(75968K) NonClass: 60058K(60288K)->60058K(60288K) Class: 15456K(15680K)->15456K(15680K)
[82.939s][info][gc             ] GC(586) Pause Young (Allocation Failure) 407M->41M(1725M) 1.131ms
[82.939s][info][gc,cpu         ] GC(586) User=0.00s Sys=0.00s Real=0.00s
[83.029s][info][gc,start       ] GC(587) Pause Young (Allocation Failure)
[83.031s][info][gc,heap        ] GC(587) PSYoungGen: 368128K(368128K)->1920K(442368K) Eden: 366592K(366592K)->0K(440320K) From: 1536K(1536K)->1920K(2048K)
[83.031s][info][gc,heap        ] GC(587) ParOldGen: 41015K(1398272K)->41151K(1398272K)
[83.031s][info][gc,metaspace   ] GC(587) Metaspace: 75515K(75968K)->75515K(75968K) NonClass: 60058K(60288K)->60058K(60288K) Class: 15456K(15680K)->15456K(15680K)
[83.031s][info][gc             ] GC(587) Pause Young (Allocation Failure) 399M->42M(1797M) 1.460ms
[83.031s][info][gc,cpu         ] GC(587) User=0.00s Sys=0.00s Real=0.00s
[83.139s][info][gc,start       ] GC(588) Pause Young (Allocation Failure)
[83.140s][info][gc,heap        ] GC(588) PSYoungGen: 442240K(442368K)->1920K(432640K) Eden: 440320K(440320K)->0K(430592K) From: 1920K(2048K)->1920K(2048K)
[83.140s][info][gc,heap        ] GC(588) ParOldGen: 41151K(1398272K)->41295K(1398272K)
[83.140s][info][gc,metaspace   ] GC(588) Metaspace: 75515K(75968K)->75515K(75968K) NonClass: 60058K(60288K)->60058K(60288K) Class: 15456K(15680K)->15456K(15680K)
[83.140s][info][gc             ] GC(588) Pause Young (Allocation Failure) 472M->42M(1788M) 1.202ms
[83.140s][info][gc,cpu         ] GC(588) User=0.00s Sys=0.00s Real=0.00s
[83.247s][info][gc,start       ] GC(589) Pause Young (Allocation Failure)
[83.248s][info][gc,heap        ] GC(589) PSYoungGen: 432512K(432640K)->1952K(423424K) Eden: 430592K(430592K)->0K(421376K) From: 1920K(2048K)->1952K(2048K)
[83.248s][info][gc,heap        ] GC(589) ParOldGen: 41295K(1398272K)->41407K(1398272K)
[83.248s][info][gc,metaspace   ] GC(589) Metaspace: 75515K(75968K)->75515K(75968K) NonClass: 60058K(60288K)->60058K(60288K) Class: 15456K(15680K)->15456K(15680K)
[83.248s][info][gc             ] GC(589) Pause Young (Allocation Failure) 462M->42M(1779M) 1.474ms
[83.248s][info][gc,cpu         ] GC(589) User=0.00s Sys=0.00s Real=0.00s
[83.353s][info][gc,start       ] GC(590) Pause Young (Allocation Failure)
[83.354s][info][gc,heap        ] GC(590) PSYoungGen: 423328K(423424K)->1536K(413696K) Eden: 421376K(421376K)->0K(412160K) From: 1952K(2048K)->1536K(1536K)
[83.354s][info][gc,heap        ] GC(590) ParOldGen: 41407K(1398272K)->41623K(1398272K)
[83.354s][info][gc,metaspace   ] GC(590) Metaspace: 75515K(75968K)->75515K(75968K) NonClass: 60058K(60288K)->60058K(60288K) Class: 15456K(15680K)->15456K(15680K)
[83.354s][info][gc             ] GC(590) Pause Young (Allocation Failure) 453M->42M(1769M) 1.139ms
[83.354s][info][gc,cpu         ] GC(590) User=0.00s Sys=0.00s Real=0.00s
[83.456s][info][gc,start       ] GC(591) Pause Young (Allocation Failure)
[83.457s][info][gc,heap        ] GC(591) PSYoungGen: 413696K(413696K)->1856K(405504K) Eden: 412160K(412160K)->0K(403456K) From: 1536K(1536K)->1856K(2048K)
[83.457s][info][gc,heap        ] GC(591) ParOldGen: 41623K(1398272K)->41807K(1398272K)
[83.457s][info][gc,metaspace   ] GC(591) Metaspace: 75515K(75968K)->75515K(75968K) NonClass: 60058K(60288K)->60058K(60288K) Class: 15456K(15680K)->15456K(15680K)
[83.457s][info][gc             ] GC(591) Pause Young (Allocation Failure) 444M->42M(1761M) 1.381ms
[83.457s][info][gc,cpu         ] GC(591) User=0.00s Sys=0.00s Real=0.00s
[83.556s][info][gc,start       ] GC(592) Pause Young (Allocation Failure)
[83.557s][info][gc,heap        ] GC(592) PSYoungGen: 405312K(405504K)->1984K(396800K) Eden: 403456K(403456K)->0K(394752K) From: 1856K(2048K)->1984K(2048K)
[83.557s][info][gc,heap        ] GC(592) ParOldGen: 41807K(1398272K)->41951K(1398272K)
[83.557s][info][gc,metaspace   ] GC(592) Metaspace: 75515K(75968K)->75515K(75968K) NonClass: 60058K(60288K)->60058K(60288K) Class: 15456K(15680K)->15456K(15680K)
[83.557s][info][gc             ] GC(592) Pause Young (Allocation Failure) 436M->42M(1753M) 1.131ms
[83.557s][info][gc,cpu         ] GC(592) User=0.00s Sys=0.00s Real=0.00s
[83.655s][info][gc,start       ] GC(593) Pause Young (Allocation Failure)
[83.656s][info][gc,heap        ] GC(593) PSYoungGen: 396736K(396800K)->1952K(388608K) Eden: 394752K(394752K)->0K(386560K) From: 1984K(2048K)->1952K(2048K)
[83.656s][info][gc,heap        ] GC(593) ParOldGen: 41951K(1398272K)->42079K(1398272K)
[83.656s][info][gc,metaspace   ] GC(593) Metaspace: 75515K(75968K)->75515K(75968K) NonClass: 60058K(60288K)->60058K(60288K) Class: 15456K(15680K)->15456K(15680K)
[83.657s][info][gc             ] GC(593) Pause Young (Allocation Failure) 428M->42M(1745M) 1.465ms
[83.657s][info][gc,cpu         ] GC(593) User=0.00s Sys=0.00s Real=0.00s
[83.751s][info][gc,start       ] GC(594) Pause Young (Allocation Failure)
[83.753s][info][gc,heap        ] GC(594) PSYoungGen: 388512K(388608K)->1536K(379904K) Eden: 386560K(386560K)->0K(378368K) From: 1952K(2048K)->1536K(1536K)
[83.753s][info][gc,heap        ] GC(594) ParOldGen: 42079K(1398272K)->42295K(1398272K)
[83.753s][info][gc,metaspace   ] GC(594) Metaspace: 75515K(75968K)->75515K(75968K) NonClass: 60058K(60288K)->60058K(60288K) Class: 15456K(15680K)->15456K(15680K)
[83.753s][info][gc             ] GC(594) Pause Young (Allocation Failure) 420M->42M(1736M) 1.175ms
[83.753s][info][gc,cpu         ] GC(594) User=0.00s Sys=0.00s Real=0.00s
[83.846s][info][gc,start       ] GC(595) Pause Young (Allocation Failure)
[83.848s][info][gc,heap        ] GC(595) PSYoungGen: 379904K(379904K)->1920K(372736K) Eden: 378368K(378368K)->0K(370688K) From: 1536K(1536K)->1920K(2048K)
[83.848s][info][gc,heap        ] GC(595) ParOldGen: 42295K(1398272K)->42559K(1398272K)
[83.848s][info][gc,metaspace   ] GC(595) Metaspace: 75515K(75968K)->75515K(75968K) NonClass: 60058K(60288K)->60058K(60288K) Class: 15456K(15680K)->15456K(15680K)
[83.848s][info][gc             ] GC(595) Pause Young (Allocation Failure) 412M->43M(1729M) 1.383ms
[83.848s][info][gc,cpu         ] GC(595) User=0.00s Sys=0.00s Real=0.00s
[83.940s][info][gc,start       ] GC(596) Pause Young (Allocation Failure)
[83.941s][info][gc,heap        ] GC(596) PSYoungGen: 372608K(372736K)->1952K(365568K) Eden: 370688K(370688K)->0K(363520K) From: 1920K(2048K)->1952K(2048K)
[83.941s][info][gc,heap        ] GC(596) ParOldGen: 42559K(1398272K)->42671K(1398272K)
[83.941s][info][gc,metaspace   ] GC(596) Metaspace: 75515K(75968K)->75515K(75968K) NonClass: 60058K(60288K)->60058K(60288K) Class: 15456K(15680K)->15456K(15680K)
[83.941s][info][gc             ] GC(596) Pause Young (Allocation Failure) 405M->43M(1722M) 1.190ms
[83.941s][info][gc,cpu         ] GC(596) User=0.00s Sys=0.00s Real=0.00s
[84.029s][info][gc,start       ] GC(597) Pause Young (Allocation Failure)
[84.031s][info][gc,heap        ] GC(597) PSYoungGen: 365472K(365568K)->1920K(438272K) Eden: 363520K(363520K)->0K(436224K) From: 1952K(2048K)->1920K(2048K)
[84.031s][info][gc,heap        ] GC(597) ParOldGen: 42671K(1398272K)->42831K(1398272K)
[84.031s][info][gc,metaspace   ] GC(597) Metaspace: 75515K(75968K)->75515K(75968K) NonClass: 60058K(60288K)->60058K(60288K) Class: 15456K(15680K)->15456K(15680K)
[84.031s][info][gc             ] GC(597) Pause Young (Allocation Failure) 398M->43M(1793M) 1.429ms
[84.031s][info][gc,cpu         ] GC(597) User=0.00s Sys=0.00s Real=0.00s
[84.136s][info][gc,start       ] GC(598) Pause Young (Allocation Failure)
[84.137s][info][gc,heap        ] GC(598) PSYoungGen: 438144K(438272K)->1536K(428032K) Eden: 436224K(436224K)->0K(426496K) From: 1920K(2048K)->1536K(1536K)
[84.137s][info][gc,heap        ] GC(598) ParOldGen: 42831K(1398272K)->43007K(1398272K)
[84.137s][info][gc,metaspace   ] GC(598) Metaspace: 75515K(75968K)->75515K(75968K) NonClass: 60058K(60288K)->60058K(60288K) Class: 15456K(15680K)->15456K(15680K)
[84.138s][info][gc             ] GC(598) Pause Young (Allocation Failure) 469M->43M(1783M) 1.168ms
[84.138s][info][gc,cpu         ] GC(598) User=0.00s Sys=0.00s Real=0.00s
[84.241s][info][gc,start       ] GC(599) Pause Young (Allocation Failure)
[84.242s][info][gc,heap        ] GC(599) PSYoungGen: 428032K(428032K)->1920K(419328K) Eden: 426496K(426496K)->0K(417280K) From: 1536K(1536K)->1920K(2048K)
[84.242s][info][gc,heap        ] GC(599) ParOldGen: 43007K(1398272K)->43135K(1398272K)
[84.242s][info][gc,metaspace   ] GC(599) Metaspace: 75515K(75968K)->75515K(75968K) NonClass: 60058K(60288K)->60058K(60288K) Class: 15456K(15680K)->15456K(15680K)
[84.242s][info][gc             ] GC(599) Pause Young (Allocation Failure) 459M->43M(1775M) 1.444ms
[84.242s][info][gc,cpu         ] GC(599) User=0.52s Sys=0.00s Real=0.00s
[84.344s][info][gc,start       ] GC(600) Pause Young (Allocation Failure)
[84.345s][info][gc,heap        ] GC(600) PSYoungGen: 419200K(419328K)->1792K(410112K) Eden: 417280K(417280K)->0K(408064K) From: 1920K(2048K)->1792K(2048K)
[84.345s][info][gc,heap        ] GC(600) ParOldGen: 43135K(1398272K)->43239K(1398272K)
[84.345s][info][gc,metaspace   ] GC(600) Metaspace: 75515K(75968K)->75515K(75968K) NonClass: 60058K(60288K)->60058K(60288K) Class: 15456K(15680K)->15456K(15680K)
[84.345s][info][gc             ] GC(600) Pause Young (Allocation Failure) 451M->43M(1766M) 1.106ms
[84.345s][info][gc,cpu         ] GC(600) User=0.00s Sys=0.00s Real=0.00s
[84.443s][info][gc,start       ] GC(601) Pause Young (Allocation Failure)
[84.444s][info][gc,heap        ] GC(601) PSYoungGen: 409856K(410112K)->1952K(401408K) Eden: 408064K(408064K)->0K(399360K) From: 1792K(2048K)->1952K(2048K)
[84.445s][info][gc,heap        ] GC(601) ParOldGen: 43239K(1398272K)->43367K(1398272K)
[84.445s][info][gc,metaspace   ] GC(601) Metaspace: 75515K(75968K)->75515K(75968K) NonClass: 60058K(60288K)->60058K(60288K) Class: 15456K(15680K)->15456K(15680K)
[84.445s][info][gc             ] GC(601) Pause Young (Allocation Failure) 442M->44M(1757M) 1.374ms
[84.445s][info][gc,cpu         ] GC(601) User=0.00s Sys=0.00s Real=0.00s
[84.541s][info][gc,start       ] GC(602) Pause Young (Allocation Failure)
[84.542s][info][gc,heap        ] GC(602) PSYoungGen: 401312K(401408K)->1536K(392704K) Eden: 399360K(399360K)->0K(391168K) From: 1952K(2048K)->1536K(1536K)
[84.542s][info][gc,heap        ] GC(602) ParOldGen: 43367K(1398272K)->43583K(1398272K)
[84.542s][info][gc,metaspace   ] GC(602) Metaspace: 75515K(75968K)->75515K(75968K) NonClass: 60058K(60288K)->60058K(60288K) Class: 15456K(15680K)->15456K(15680K)
[84.542s][info][gc             ] GC(602) Pause Young (Allocation Failure) 434M->44M(1749M) 1.130ms
[84.542s][info][gc,cpu         ] GC(602) User=0.00s Sys=0.00s Real=0.00s
[84.636s][info][gc,start       ] GC(603) Pause Young (Allocation Failure)
[84.638s][info][gc,heap        ] GC(603) PSYoungGen: 392704K(392704K)->1824K(385024K) Eden: 391168K(391168K)->0K(382976K) From: 1536K(1536K)->1824K(2048K)
[84.638s][info][gc,heap        ] GC(603) ParOldGen: 43583K(1398272K)->43815K(1398272K)
[84.638s][info][gc,metaspace   ] GC(603) Metaspace: 75515K(75968K)->75515K(75968K) NonClass: 60058K(60288K)->60058K(60288K) Class: 15456K(15680K)->15456K(15680K)
[84.638s][info][gc             ] GC(603) Pause Young (Allocation Failure) 426M->44M(1741M) 1.331ms
[84.638s][info][gc,cpu         ] GC(603) User=0.00s Sys=0.00s Real=0.00s
[84.730s][info][gc,start       ] GC(604) Pause Young (Allocation Failure)
[84.750s][info][gc,heap        ] GC(604) PSYoungGen: 384800K(385024K)->1888K(377344K) Eden: 382976K(382976K)->0K(375296K) From: 1824K(2048K)->1888K(2048K)
[84.750s][info][gc,heap        ] GC(604) ParOldGen: 43815K(1398272K)->43951K(1398272K)
[84.750s][info][gc,metaspace   ] GC(604) Metaspace: 75515K(75968K)->75515K(75968K) NonClass: 60058K(60288K)->60058K(60288K) Class: 15456K(15680K)->15456K(15680K)
[84.750s][info][gc             ] GC(604) Pause Young (Allocation Failure) 418M->44M(1734M) 19.707ms
[84.750s][info][gc,cpu         ] GC(604) User=0.00s Sys=0.00s Real=0.01s
[84.850s][info][gc,start       ] GC(605) Pause Young (Allocation Failure)
[84.852s][info][gc,heap        ] GC(605) PSYoungGen: 377184K(377344K)->1888K(369664K) Eden: 375296K(375296K)->0K(367616K) From: 1888K(2048K)->1888K(2048K)
[84.852s][info][gc,heap        ] GC(605) ParOldGen: 43951K(1398272K)->44215K(1398272K)
[84.852s][info][gc,metaspace   ] GC(605) Metaspace: 75515K(75968K)->75515K(75968K) NonClass: 60058K(60288K)->60058K(60288K) Class: 15456K(15680K)->15456K(15680K)
[84.852s][info][gc             ] GC(605) Pause Young (Allocation Failure) 411M->45M(1726M) 1.459ms
[84.852s][info][gc,cpu         ] GC(605) User=0.02s Sys=0.00s Real=0.00s
[84.942s][info][gc,start       ] GC(606) Pause Young (Allocation Failure)
[84.943s][info][gc,heap        ] GC(606) PSYoungGen: 369504K(369664K)->1536K(361984K) Eden: 367616K(367616K)->0K(360448K) From: 1888K(2048K)->1536K(1536K)
[84.943s][info][gc,heap        ] GC(606) ParOldGen: 44215K(1398272K)->44415K(1398272K)
[84.943s][info][gc,metaspace   ] GC(606) Metaspace: 75515K(75968K)->75515K(75968K) NonClass: 60058K(60288K)->60058K(60288K) Class: 15456K(15680K)->15456K(15680K)
[84.943s][info][gc             ] GC(606) Pause Young (Allocation Failure) 404M->44M(1719M) 1.183ms
[84.943s][info][gc,cpu         ] GC(606) User=0.00s Sys=0.00s Real=0.00s
[85.031s][info][gc,start       ] GC(607) Pause Young (Allocation Failure)
[85.032s][info][gc,heap        ] GC(607) PSYoungGen: 361984K(361984K)->1920K(434688K) Eden: 360448K(360448K)->0K(432640K) From: 1536K(1536K)->1920K(2048K)
[85.032s][info][gc,heap        ] GC(607) ParOldGen: 44415K(1398272K)->44535K(1398272K)
[85.032s][info][gc,metaspace   ] GC(607) Metaspace: 75515K(75968K)->75515K(75968K) NonClass: 60058K(60288K)->60058K(60288K) Class: 15456K(15680K)->15456K(15680K)
[85.032s][info][gc             ] GC(607) Pause Young (Allocation Failure) 396M->45M(1790M) 1.333ms
[85.032s][info][gc,cpu         ] GC(607) User=0.00s Sys=0.00s Real=0.00s
[85.137s][info][gc,start       ] GC(608) Pause Young (Allocation Failure)
[85.138s][info][gc,heap        ] GC(608) PSYoungGen: 434560K(434688K)->1952K(424960K) Eden: 432640K(432640K)->0K(422912K) From: 1920K(2048K)->1952K(2048K)
[85.138s][info][gc,heap        ] GC(608) ParOldGen: 44535K(1398272K)->44639K(1398272K)
[85.138s][info][gc,metaspace   ] GC(608) Metaspace: 75515K(75968K)->75515K(75968K) NonClass: 60058K(60288K)->60058K(60288K) Class: 15456K(15680K)->15456K(15680K)
[85.138s][info][gc             ] GC(608) Pause Young (Allocation Failure) 467M->45M(1780M) 1.177ms
[85.138s][info][gc,cpu         ] GC(608) User=0.00s Sys=0.00s Real=0.00s
[85.241s][info][gc,start       ] GC(609) Pause Young (Allocation Failure)
[85.243s][info][gc,heap        ] GC(609) PSYoungGen: 424864K(424960K)->1888K(415744K) Eden: 422912K(422912K)->0K(413696K) From: 1952K(2048K)->1888K(2048K)
[85.243s][info][gc,heap        ] GC(609) ParOldGen: 44639K(1398272K)->44855K(1398272K)
[85.243s][info][gc,metaspace   ] GC(609) Metaspace: 75515K(75968K)->75515K(75968K) NonClass: 60058K(60288K)->60058K(60288K) Class: 15456K(15680K)->15456K(15680K)
[85.243s][info][gc             ] GC(609) Pause Young (Allocation Failure) 458M->45M(1771M) 1.394ms
[85.243s][info][gc,cpu         ] GC(609) User=0.00s Sys=0.00s Real=0.00s
[85.344s][info][gc,start       ] GC(610) Pause Young (Allocation Failure)
[85.345s][info][gc,heap        ] GC(610) PSYoungGen: 415584K(415744K)->1536K(406528K) Eden: 413696K(413696K)->0K(404992K) From: 1888K(2048K)->1536K(1536K)
[85.345s][info][gc,heap        ] GC(610) ParOldGen: 44855K(1398272K)->45063K(1398272K)
[85.345s][info][gc,metaspace   ] GC(610) Metaspace: 75515K(75968K)->75515K(75968K) NonClass: 60058K(60288K)->60058K(60288K) Class: 15456K(15680K)->15456K(15680K)
[85.345s][info][gc             ] GC(610) Pause Young (Allocation Failure) 449M->45M(1762M) 1.135ms
[85.345s][info][gc,cpu         ] GC(610) User=0.00s Sys=0.00s Real=0.00s
[85.445s][info][gc,start       ] GC(611) Pause Young (Allocation Failure)
[85.447s][info][gc,heap        ] GC(611) PSYoungGen: 406528K(406528K)->1888K(398336K) Eden: 404992K(404992K)->0K(396288K) From: 1536K(1536K)->1888K(2048K)
[85.447s][info][gc,heap        ] GC(611) ParOldGen: 45063K(1398272K)->45247K(1398272K)
[85.447s][info][gc,metaspace   ] GC(611) Metaspace: 75515K(75968K)->75515K(75968K) NonClass: 60058K(60288K)->60058K(60288K) Class: 15456K(15680K)->15456K(15680K)
[85.447s][info][gc             ] GC(611) Pause Young (Allocation Failure) 441M->46M(1754M) 1.397ms
[85.447s][info][gc,cpu         ] GC(611) User=0.00s Sys=0.00s Real=0.00s
[85.546s][info][gc,start       ] GC(612) Pause Young (Allocation Failure)
[85.547s][info][gc,heap        ] GC(612) PSYoungGen: 398176K(398336K)->1760K(390144K) Eden: 396288K(396288K)->0K(388096K) From: 1888K(2048K)->1760K(2048K)
[85.547s][info][gc,heap        ] GC(612) ParOldGen: 45247K(1398272K)->45455K(1398272K)
[85.547s][info][gc,metaspace   ] GC(612) Metaspace: 75515K(75968K)->75515K(75968K) NonClass: 60058K(60288K)->60058K(60288K) Class: 15456K(15680K)->15456K(15680K)
[85.547s][info][gc             ] GC(612) Pause Young (Allocation Failure) 433M->46M(1746M) 1.280ms
[85.547s][info][gc,cpu         ] GC(612) User=0.00s Sys=0.00s Real=0.00s
[85.645s][info][gc,start       ] GC(613) Pause Young (Allocation Failure)
[85.646s][info][gc,heap        ] GC(613) PSYoungGen: 389856K(390144K)->1792K(381952K) Eden: 388096K(388096K)->0K(379904K) From: 1760K(2048K)->1792K(2048K)
[85.646s][info][gc,heap        ] GC(613) ParOldGen: 45455K(1398272K)->45631K(1398272K)
[85.646s][info][gc,metaspace   ] GC(613) Metaspace: 75515K(75968K)->75515K(75968K) NonClass: 60058K(60288K)->60058K(60288K) Class: 15456K(15680K)->15456K(15680K)
[85.646s][info][gc             ] GC(613) Pause Young (Allocation Failure) 425M->46M(1738M) 1.343ms
[85.646s][info][gc,cpu         ] GC(613) User=0.00s Sys=0.00s Real=0.00s
[85.743s][info][gc,start       ] GC(614) Pause Young (Allocation Failure)
[85.744s][info][gc,heap        ] GC(614) PSYoungGen: 381696K(381952K)->1536K(373760K) Eden: 379904K(379904K)->0K(372224K) From: 1792K(2048K)->1536K(1536K)
[85.744s][info][gc,heap        ] GC(614) ParOldGen: 45631K(1398272K)->45879K(1398272K)
[85.744s][info][gc,metaspace   ] GC(614) Metaspace: 75516K(76032K)->75516K(76032K) NonClass: 60059K(60352K)->60059K(60352K) Class: 15456K(15680K)->15456K(15680K)
[85.744s][info][gc             ] GC(614) Pause Young (Allocation Failure) 417M->46M(1730M) 1.050ms
[85.744s][info][gc,cpu         ] GC(614) User=0.00s Sys=0.00s Real=0.00s
[85.843s][info][gc,start       ] GC(615) Pause Young (Allocation Failure)
[85.844s][info][gc,heap        ] GC(615) PSYoungGen: 373760K(373760K)->1632K(366592K) Eden: 372224K(372224K)->0K(364544K) From: 1536K(1536K)->1632K(2048K)
[85.844s][info][gc,heap        ] GC(615) ParOldGen: 45879K(1398272K)->46191K(1398272K)
[85.844s][info][gc,metaspace   ] GC(615) Metaspace: 75516K(76032K)->75516K(76032K) NonClass: 60059K(60352K)->60059K(60352K) Class: 15456K(15680K)->15456K(15680K)
[85.844s][info][gc             ] GC(615) Pause Young (Allocation Failure) 409M->46M(1723M) 1.206ms
[85.844s][info][gc,cpu         ] GC(615) User=0.00s Sys=0.00s Real=0.00s
[85.951s][info][gc,start       ] GC(616) Pause Young (Allocation Failure)
[85.952s][info][gc,heap        ] GC(616) PSYoungGen: 366176K(366592K)->1376K(358912K) Eden: 364544K(364544K)->0K(357376K) From: 1632K(2048K)->1376K(1536K)
[85.952s][info][gc,heap        ] GC(616) ParOldGen: 46191K(1398272K)->46519K(1398272K)
[85.952s][info][gc,metaspace   ] GC(616) Metaspace: 75516K(76032K)->75516K(76032K) NonClass: 60059K(60352K)->60059K(60352K) Class: 15456K(15680K)->15456K(15680K)
[85.952s][info][gc             ] GC(616) Pause Young (Allocation Failure) 402M->46M(1716M) 1.084ms
[85.952s][info][gc,cpu         ] GC(616) User=0.00s Sys=0.00s Real=0.00s
[86.079s][info][gc,start       ] GC(617) Pause Young (Allocation Failure)
[86.080s][info][gc,heap        ] GC(617) PSYoungGen: 358752K(358912K)->1152K(351744K) Eden: 357376K(357376K)->0K(350208K) From: 1376K(1536K)->1152K(1536K)
[86.080s][info][gc,heap        ] GC(617) ParOldGen: 46519K(1398272K)->46823K(1398272K)
[86.080s][info][gc,metaspace   ] GC(617) Metaspace: 75516K(76032K)->75516K(76032K) NonClass: 60059K(60352K)->60059K(60352K) Class: 15456K(15680K)->15456K(15680K)
[86.080s][info][gc             ] GC(617) Pause Young (Allocation Failure) 395M->46M(1709M) 1.215ms
[86.080s][info][gc,cpu         ] GC(617) User=0.00s Sys=0.00s Real=0.00s
[86.228s][info][gc,start       ] GC(618) Pause Young (Allocation Failure)
[86.229s][info][gc,heap        ] GC(618) PSYoungGen: 351360K(351744K)->1056K(345088K) Eden: 350208K(350208K)->0K(343552K) From: 1152K(1536K)->1056K(1536K)
[86.229s][info][gc,heap        ] GC(618) ParOldGen: 46823K(1398272K)->47151K(1398272K)
[86.229s][info][gc,metaspace   ] GC(618) Metaspace: 75535K(76032K)->75535K(76032K) NonClass: 60078K(60352K)->60078K(60352K) Class: 15456K(15680K)->15456K(15680K)
[86.229s][info][gc             ] GC(618) Pause Young (Allocation Failure) 388M->47M(1702M) 1.052ms
[86.229s][info][gc,cpu         ] GC(618) User=0.00s Sys=0.00s Real=0.00s
[86.412s][info][gc,start       ] GC(619) Pause Young (Allocation Failure)
[86.413s][info][gc,heap        ] GC(619) PSYoungGen: 344608K(345088K)->1088K(338432K) Eden: 343552K(343552K)->0K(336896K) From: 1056K(1536K)->1088K(1536K)
[86.413s][info][gc,heap        ] GC(619) ParOldGen: 47151K(1398272K)->47367K(1398272K)
[86.413s][info][gc,metaspace   ] GC(619) Metaspace: 75535K(76032K)->75535K(76032K) NonClass: 60078K(60352K)->60078K(60352K) Class: 15456K(15680K)->15456K(15680K)
[86.413s][info][gc             ] GC(619) Pause Young (Allocation Failure) 382M->47M(1696M) 1.004ms
[86.413s][info][gc,cpu         ] GC(619) User=0.00s Sys=0.00s Real=0.00s
[86.633s][info][gc,start       ] GC(620) Pause Young (Allocation Failure)
[86.634s][info][gc,heap        ] GC(620) PSYoungGen: 337984K(338432K)->1056K(332288K) Eden: 336896K(336896K)->0K(330752K) From: 1088K(1536K)->1056K(1536K)
[86.634s][info][gc,heap        ] GC(620) ParOldGen: 47367K(1398272K)->47679K(1398272K)
[86.634s][info][gc,metaspace   ] GC(620) Metaspace: 75535K(76032K)->75535K(76032K) NonClass: 60078K(60352K)->60078K(60352K) Class: 15456K(15680K)->15456K(15680K)
[86.634s][info][gc             ] GC(620) Pause Young (Allocation Failure) 376M->47M(1690M) 1.058ms
[86.634s][info][gc,cpu         ] GC(620) User=0.00s Sys=0.00s Real=0.00s
[86.853s][info][gc,start       ] GC(621) Pause Young (Allocation Failure)
[86.854s][info][gc,heap        ] GC(621) PSYoungGen: 331808K(332288K)->1056K(326144K) Eden: 330752K(330752K)->0K(324608K) From: 1056K(1536K)->1056K(1536K)
[86.854s][info][gc,heap        ] GC(621) ParOldGen: 47679K(1398272K)->47695K(1398272K)
[86.854s][info][gc,metaspace   ] GC(621) Metaspace: 75535K(76032K)->75535K(76032K) NonClass: 60078K(60352K)->60078K(60352K) Class: 15456K(15680K)->15456K(15680K)
[86.854s][info][gc             ] GC(621) Pause Young (Allocation Failure) 370M->47M(1684M) 1.045ms
[86.854s][info][gc,cpu         ] GC(621) User=0.00s Sys=0.00s Real=0.00s
[87.067s][info][gc,start       ] GC(622) Pause Young (Allocation Failure)
[87.068s][info][gc,heap        ] GC(622) PSYoungGen: 325664K(326144K)->1056K(320000K) Eden: 324608K(324608K)->0K(318464K) From: 1056K(1536K)->1056K(1536K)
[87.068s][info][gc,heap        ] GC(622) ParOldGen: 47695K(1398272K)->47799K(1398272K)
[87.068s][info][gc,metaspace   ] GC(622) Metaspace: 75535K(76032K)->75535K(76032K) NonClass: 60078K(60352K)->60078K(60352K) Class: 15456K(15680K)->15456K(15680K)
[87.068s][info][gc             ] GC(622) Pause Young (Allocation Failure) 364M->47M(1678M) 1.151ms
[87.068s][info][gc,cpu         ] GC(622) User=0.00s Sys=0.00s Real=0.00s
[87.278s][info][gc,start       ] GC(623) Pause Young (Allocation Failure)
[87.279s][info][gc,heap        ] GC(623) PSYoungGen: 319520K(320000K)->1056K(314368K) Eden: 318464K(318464K)->0K(312832K) From: 1056K(1536K)->1056K(1536K)
[87.279s][info][gc,heap        ] GC(623) ParOldGen: 47799K(1398272K)->47815K(1398272K)
[87.279s][info][gc,metaspace   ] GC(623) Metaspace: 75535K(76032K)->75535K(76032K) NonClass: 60078K(60352K)->60078K(60352K) Class: 15456K(15680K)->15456K(15680K)
[87.279s][info][gc             ] GC(623) Pause Young (Allocation Failure) 358M->47M(1672M) 1.047ms
[87.279s][info][gc,cpu         ] GC(623) User=0.00s Sys=0.00s Real=0.00s
[87.485s][info][gc,start       ] GC(624) Pause Young (Allocation Failure)
[87.499s][info][gc,heap        ] GC(624) PSYoungGen: 313888K(314368K)->1056K(308736K) Eden: 312832K(312832K)->0K(307200K) From: 1056K(1536K)->1056K(1536K)
[87.517s][info][gc,heap        ] GC(624) ParOldGen: 47815K(1398272K)->47831K(1398272K)
[87.517s][info][gc,metaspace   ] GC(624) Metaspace: 75535K(76032K)->75535K(76032K) NonClass: 60078K(60352K)->60078K(60352K) Class: 15456K(15680K)->15456K(15680K)
[87.517s][info][gc             ] GC(624) Pause Young (Allocation Failure) 353M->47M(1667M) 31.809ms
[87.517s][info][gc,cpu         ] GC(624) User=0.00s Sys=0.00s Real=0.03s
[87.769s][info][gc,start       ] GC(625) Pause Young (System.gc())
[87.771s][info][gc,heap        ] GC(625) PSYoungGen: 192246K(308736K)->1216K(308736K) Eden: 191190K(307200K)->0K(307200K) From: 1056K(1536K)->1216K(1536K)
[87.771s][info][gc,heap        ] GC(625) ParOldGen: 47831K(1398272K)->47903K(1398272K)
[87.771s][info][gc,metaspace   ] GC(625) Metaspace: 75544K(76032K)->75544K(76032K) NonClass: 60087K(60352K)->60087K(60352K) Class: 15456K(15680K)->15456K(15680K)
[87.771s][info][gc             ] GC(625) Pause Young (System.gc()) 234M->47M(1667M) 1.730ms
[87.771s][info][gc,cpu         ] GC(625) User=0.00s Sys=0.00s Real=0.00s
[87.771s][info][gc,start       ] GC(626) Pause Full (System.gc())
[87.771s][info][gc,phases,start] GC(626) Marking Phase
[87.812s][info][gc,phases      ] GC(626) Marking Phase 40.900ms
[87.812s][info][gc,phases,start] GC(626) Summary Phase
[87.812s][info][gc,phases      ] GC(626) Summary Phase 0.013ms
[87.812s][info][gc,phases,start] GC(626) Adjust Roots
[87.833s][info][gc,phases      ] GC(626) Adjust Roots 21.046ms
[87.833s][info][gc,phases,start] GC(626) Compaction Phase
[87.846s][info][gc,phases      ] GC(626) Compaction Phase 13.145ms
[87.847s][info][gc,phases,start] GC(626) Post Compact
[87.848s][info][gc,phases      ] GC(626) Post Compact 0.978ms
[87.848s][info][gc,heap        ] GC(626) PSYoungGen: 1216K(308736K)->0K(308736K) Eden: 0K(307200K)->0K(307200K) From: 1216K(1536K)->0K(1536K)
[87.848s][info][gc,heap        ] GC(626) ParOldGen: 47903K(1398272K)->35783K(1398272K)
[87.848s][info][gc,metaspace   ] GC(626) Metaspace: 75544K(76032K)->75544K(76032K) NonClass: 60087K(60352K)->60087K(60352K) Class: 15456K(15680K)->15456K(15680K)
[87.848s][info][gc             ] GC(626) Pause Full (System.gc()) 47M->34M(1667M) 76.527ms
[87.848s][info][gc,cpu         ] GC(626) User=1.41s Sys=0.02s Real=0.08s
[87.957s][info][gc,start       ] GC(627) Pause Young (Allocation Failure)
[87.959s][info][gc,heap        ] GC(627) PSYoungGen: 307200K(308736K)->2560K(304128K) Eden: 307200K(307200K)->0K(301568K) From: 0K(1536K)->2560K(2560K)
[87.959s][info][gc,heap        ] GC(627) ParOldGen: 35783K(1398272K)->36999K(1398272K)
[87.959s][info][gc,metaspace   ] GC(627) Metaspace: 75817K(76288K)->75817K(76288K) NonClass: 60360K(60608K)->60360K(60608K) Class: 15456K(15680K)->15456K(15680K)
[87.959s][info][gc             ] GC(627) Pause Young (Allocation Failure) 334M->38M(1662M) 1.840ms
[87.959s][info][gc,cpu         ] GC(627) User=0.00s Sys=0.00s Real=0.00s
[88.032s][info][gc,start       ] GC(628) Pause Young (Allocation Failure)
[88.034s][info][gc,heap        ] GC(628) PSYoungGen: 304128K(304128K)->1888K(298496K) Eden: 301568K(301568K)->0K(296448K) From: 2560K(2560K)->1888K(2048K)
[88.034s][info][gc,heap        ] GC(628) ParOldGen: 36999K(1398272K)->38751K(1398272K)
[88.034s][info][gc,metaspace   ] GC(628) Metaspace: 75817K(76288K)->75817K(76288K) NonClass: 60360K(60608K)->60360K(60608K) Class: 15456K(15680K)->15456K(15680K)
[88.034s][info][gc             ] GC(628) Pause Young (Allocation Failure) 333M->39M(1657M) 2.037ms
[88.034s][info][gc,cpu         ] GC(628) User=0.00s Sys=0.00s Real=0.00s
[88.105s][info][gc,start       ] GC(629) Pause Young (Allocation Failure)
[88.106s][info][gc,heap        ] GC(629) PSYoungGen: 298336K(298496K)->1792K(293376K) Eden: 296448K(296448K)->0K(291328K) From: 1888K(2048K)->1792K(2048K)
[88.106s][info][gc,heap        ] GC(629) ParOldGen: 38751K(1398272K)->38959K(1398272K)
[88.106s][info][gc,metaspace   ] GC(629) Metaspace: 75817K(76288K)->75817K(76288K) NonClass: 60360K(60608K)->60360K(60608K) Class: 15456K(15680K)->15456K(15680K)
[88.106s][info][gc             ] GC(629) Pause Young (Allocation Failure) 329M->39M(1652M) 1.153ms
[88.106s][info][gc,cpu         ] GC(629) User=0.00s Sys=0.00s Real=0.00s
[88.178s][info][gc,start       ] GC(630) Pause Young (Allocation Failure)
[88.179s][info][gc,heap        ] GC(630) PSYoungGen: 293120K(293376K)->1888K(351744K) Eden: 291328K(291328K)->0K(349696K) From: 1792K(2048K)->1888K(2048K)
[88.179s][info][gc,heap        ] GC(630) ParOldGen: 38959K(1398272K)->39039K(1398272K)
[88.179s][info][gc,metaspace   ] GC(630) Metaspace: 75817K(76288K)->75817K(76288K) NonClass: 60360K(60608K)->60360K(60608K) Class: 15456K(15680K)->15456K(15680K)
[88.179s][info][gc             ] GC(630) Pause Young (Allocation Failure) 324M->39M(1709M) 1.384ms
[88.179s][info][gc,cpu         ] GC(630) User=0.52s Sys=0.00s Real=0.00s
[88.264s][info][gc,start       ] GC(631) Pause Young (Allocation Failure)
[88.265s][info][gc,heap        ] GC(631) PSYoungGen: 351584K(351744K)->1824K(421888K) Eden: 349696K(349696K)->0K(419840K) From: 1888K(2048K)->1824K(2048K)
[88.265s][info][gc,heap        ] GC(631) ParOldGen: 39039K(1398272K)->39119K(1398272K)
[88.265s][info][gc,metaspace   ] GC(631) Metaspace: 75817K(76288K)->75817K(76288K) NonClass: 60360K(60608K)->60360K(60608K) Class: 15456K(15680K)->15456K(15680K)
[88.265s][info][gc             ] GC(631) Pause Young (Allocation Failure) 381M->39M(1777M) 1.179ms
[88.265s][info][gc,cpu         ] GC(631) User=0.00s Sys=0.00s Real=0.00s
[88.366s][info][gc,start       ] GC(632) Pause Young (Allocation Failure)
[88.367s][info][gc,heap        ] GC(632) PSYoungGen: 421664K(421888K)->1824K(505856K) Eden: 419840K(419840K)->0K(503808K) From: 1824K(2048K)->1824K(2048K)
[88.367s][info][gc,heap        ] GC(632) ParOldGen: 39119K(1398272K)->39207K(1398272K)
[88.367s][info][gc,metaspace   ] GC(632) Metaspace: 75817K(76288K)->75817K(76288K) NonClass: 60360K(60608K)->60360K(60608K) Class: 15456K(15680K)->15456K(15680K)
[88.367s][info][gc             ] GC(632) Pause Young (Allocation Failure) 449M->40M(1859M) 1.373ms
[88.367s][info][gc,cpu         ] GC(632) User=0.52s Sys=0.00s Real=0.00s
[88.488s][info][gc,start       ] GC(633) Pause Young (Allocation Failure)
[88.490s][info][gc,heap        ] GC(633) PSYoungGen: 505632K(505856K)->1856K(493568K) Eden: 503808K(503808K)->0K(491520K) From: 1824K(2048K)->1856K(2048K)
[88.490s][info][gc,heap        ] GC(633) ParOldGen: 39207K(1398272K)->39295K(1398272K)
[88.490s][info][gc,metaspace   ] GC(633) Metaspace: 75817K(76288K)->75817K(76288K) NonClass: 60360K(60608K)->60360K(60608K) Class: 15456K(15680K)->15456K(15680K)
[88.490s][info][gc             ] GC(633) Pause Young (Allocation Failure) 532M->40M(1847M) 1.237ms
[88.490s][info][gc,cpu         ] GC(633) User=0.00s Sys=0.00s Real=0.00s
[88.608s][info][gc,start       ] GC(634) Pause Young (Allocation Failure)
[88.609s][info][gc,heap        ] GC(634) PSYoungGen: 493376K(493568K)->1856K(481792K) Eden: 491520K(491520K)->0K(479744K) From: 1856K(2048K)->1856K(2048K)
[88.609s][info][gc,heap        ] GC(634) ParOldGen: 39295K(1398272K)->39463K(1398272K)
[88.609s][info][gc,metaspace   ] GC(634) Metaspace: 75817K(76288K)->75817K(76288K) NonClass: 60360K(60608K)->60360K(60608K) Class: 15456K(15680K)->15456K(15680K)
[88.609s][info][gc             ] GC(634) Pause Young (Allocation Failure) 520M->40M(1836M) 1.366ms
[88.609s][info][gc,cpu         ] GC(634) User=0.00s Sys=0.00s Real=0.00s
[88.726s][info][gc,start       ] GC(635) Pause Young (Allocation Failure)
[88.727s][info][gc,heap        ] GC(635) PSYoungGen: 481600K(481792K)->1760K(470528K) Eden: 479744K(479744K)->0K(468480K) From: 1856K(2048K)->1760K(2048K)
[88.727s][info][gc,heap        ] GC(635) ParOldGen: 39463K(1398272K)->39583K(1398272K)
[88.727s][info][gc,metaspace   ] GC(635) Metaspace: 75817K(76288K)->75817K(76288K) NonClass: 60360K(60608K)->60360K(60608K) Class: 15456K(15680K)->15456K(15680K)
[88.727s][info][gc             ] GC(635) Pause Young (Allocation Failure) 508M->40M(1825M) 1.257ms
[88.727s][info][gc,cpu         ] GC(635) User=0.52s Sys=0.00s Real=0.00s
[88.841s][info][gc,start       ] GC(636) Pause Young (Allocation Failure)
[88.843s][info][gc,heap        ] GC(636) PSYoungGen: 470240K(470528K)->1760K(459776K) Eden: 468480K(468480K)->0K(457728K) From: 1760K(2048K)->1760K(2048K)
[88.843s][info][gc,heap        ] GC(636) ParOldGen: 39583K(1398272K)->39847K(1398272K)
[88.843s][info][gc,metaspace   ] GC(636) Metaspace: 75817K(76288K)->75817K(76288K) NonClass: 60360K(60608K)->60360K(60608K) Class: 15456K(15680K)->15456K(15680K)
[88.843s][info][gc             ] GC(636) Pause Young (Allocation Failure) 497M->40M(1814M) 1.425ms
[88.843s][info][gc,cpu         ] GC(636) User=0.00s Sys=0.00s Real=0.00s
[88.953s][info][gc,start       ] GC(637) Pause Young (Allocation Failure)
[88.955s][info][gc,heap        ] GC(637) PSYoungGen: 459488K(459776K)->1824K(449536K) Eden: 457728K(457728K)->0K(447488K) From: 1760K(2048K)->1824K(2048K)
[88.955s][info][gc,heap        ] GC(637) ParOldGen: 39847K(1398272K)->39935K(1398272K)
[88.955s][info][gc,metaspace   ] GC(637) Metaspace: 75817K(76288K)->75817K(76288K) NonClass: 60360K(60608K)->60360K(60608K) Class: 15456K(15680K)->15456K(15680K)
[88.955s][info][gc             ] GC(637) Pause Young (Allocation Failure) 487M->40M(1804M) 1.223ms
[88.955s][info][gc,cpu         ] GC(637) User=0.00s Sys=0.00s Real=0.00s
[89.063s][info][gc,start       ] GC(638) Pause Young (Allocation Failure)
[89.064s][info][gc,heap        ] GC(638) PSYoungGen: 449312K(449536K)->1856K(439296K) Eden: 447488K(447488K)->0K(437248K) From: 1824K(2048K)->1856K(2048K)
[89.064s][info][gc,heap        ] GC(638) ParOldGen: 39935K(1398272K)->40079K(1398272K)
[89.064s][info][gc,metaspace   ] GC(638) Metaspace: 75817K(76288K)->75817K(76288K) NonClass: 60360K(60608K)->60360K(60608K) Class: 15456K(15680K)->15456K(15680K)
[89.064s][info][gc             ] GC(638) Pause Young (Allocation Failure) 477M->40M(1794M) 1.388ms
[89.064s][info][gc,cpu         ] GC(638) User=0.00s Sys=0.00s Real=0.00s
[89.169s][info][gc,start       ] GC(639) Pause Young (Allocation Failure)
[89.170s][info][gc,heap        ] GC(639) PSYoungGen: 439104K(439296K)->1536K(429056K) Eden: 437248K(437248K)->0K(427520K) From: 1856K(2048K)->1536K(1536K)
[89.171s][info][gc,heap        ] GC(639) ParOldGen: 40079K(1398272K)->40247K(1398272K)
[89.171s][info][gc,metaspace   ] GC(639) Metaspace: 75817K(76288K)->75817K(76288K) NonClass: 60360K(60608K)->60360K(60608K) Class: 15456K(15680K)->15456K(15680K)
[89.171s][info][gc             ] GC(639) Pause Young (Allocation Failure) 467M->40M(1784M) 1.165ms
[89.171s][info][gc,cpu         ] GC(639) User=0.00s Sys=0.00s Real=0.00s
[89.274s][info][gc,start       ] GC(640) Pause Young (Allocation Failure)
[89.276s][info][gc,heap        ] GC(640) PSYoungGen: 429056K(429056K)->1856K(420352K) Eden: 427520K(427520K)->0K(418304K) From: 1536K(1536K)->1856K(2048K)
[89.276s][info][gc,heap        ] GC(640) ParOldGen: 40247K(1398272K)->40407K(1398272K)
[89.276s][info][gc,metaspace   ] GC(640) Metaspace: 75817K(76288K)->75817K(76288K) NonClass: 60360K(60608K)->60360K(60608K) Class: 15456K(15680K)->15456K(15680K)
[89.276s][info][gc             ] GC(640) Pause Young (Allocation Failure) 458M->41M(1776M) 1.298ms
[89.276s][info][gc,cpu         ] GC(640) User=0.00s Sys=0.00s Real=0.00s
[89.377s][info][gc,start       ] GC(641) Pause Young (Allocation Failure)
[89.378s][info][gc,heap        ] GC(641) PSYoungGen: 420160K(420352K)->1792K(411136K) Eden: 418304K(418304K)->0K(409088K) From: 1856K(2048K)->1792K(2048K)
[89.378s][info][gc,heap        ] GC(641) ParOldGen: 40407K(1398272K)->40535K(1398272K)
[89.378s][info][gc,metaspace   ] GC(641) Metaspace: 75817K(76288K)->75817K(76288K) NonClass: 60360K(60608K)->60360K(60608K) Class: 15456K(15680K)->15456K(15680K)
[89.378s][info][gc             ] GC(641) Pause Young (Allocation Failure) 449M->41M(1767M) 1.105ms
[89.378s][info][gc,cpu         ] GC(641) User=0.00s Sys=0.00s Real=0.00s
[89.477s][info][gc,start       ] GC(642) Pause Young (Allocation Failure)
[89.478s][info][gc,heap        ] GC(642) PSYoungGen: 410880K(411136K)->1888K(402432K) Eden: 409088K(409088K)->0K(400384K) From: 1792K(2048K)->1888K(2048K)
[89.478s][info][gc,heap        ] GC(642) ParOldGen: 40535K(1398272K)->40671K(1398272K)
[89.478s][info][gc,metaspace   ] GC(642) Metaspace: 75817K(76288K)->75817K(76288K) NonClass: 60360K(60608K)->60360K(60608K) Class: 15456K(15680K)->15456K(15680K)
[89.478s][info][gc             ] GC(642) Pause Young (Allocation Failure) 440M->41M(1758M) 1.333ms
[89.478s][info][gc,cpu         ] GC(642) User=0.00s Sys=0.00s Real=0.00s
[89.575s][info][gc,start       ] GC(643) Pause Young (Allocation Failure)
[89.576s][info][gc,heap        ] GC(643) PSYoungGen: 402272K(402432K)->1536K(393728K) Eden: 400384K(400384K)->0K(392192K) From: 1888K(2048K)->1536K(1536K)
[89.576s][info][gc,heap        ] GC(643) ParOldGen: 40671K(1398272K)->40871K(1398272K)
[89.576s][info][gc,metaspace   ] GC(643) Metaspace: 75817K(76288K)->75817K(76288K) NonClass: 60360K(60608K)->60360K(60608K) Class: 15456K(15680K)->15456K(15680K)
[89.576s][info][gc             ] GC(643) Pause Young (Allocation Failure) 432M->41M(1750M) 1.151ms
[89.576s][info][gc,cpu         ] GC(643) User=0.00s Sys=0.00s Real=0.00s
[89.671s][info][gc,start       ] GC(644) Pause Young (Allocation Failure)
[89.672s][info][gc,heap        ] GC(644) PSYoungGen: 393728K(393728K)->1824K(386048K) Eden: 392192K(392192K)->0K(384000K) From: 1536K(1536K)->1824K(2048K)
[89.672s][info][gc,heap        ] GC(644) ParOldGen: 40871K(1398272K)->41143K(1398272K)
[89.672s][info][gc,metaspace   ] GC(644) Metaspace: 75817K(76288K)->75817K(76288K) NonClass: 60360K(60608K)->60360K(60608K) Class: 15456K(15680K)->15456K(15680K)
[89.672s][info][gc             ] GC(644) Pause Young (Allocation Failure) 424M->41M(1742M) 1.315ms
[89.672s][info][gc,cpu         ] GC(644) User=0.00s Sys=0.00s Real=0.00s
[89.765s][info][gc,start       ] GC(645) Pause Young (Allocation Failure)
[89.766s][info][gc,heap        ] GC(645) PSYoungGen: 385824K(386048K)->1856K(378368K) Eden: 384000K(384000K)->0K(376320K) From: 1824K(2048K)->1856K(2048K)
[89.766s][info][gc,heap        ] GC(645) ParOldGen: 41143K(1398272K)->41287K(1398272K)
[89.766s][info][gc,metaspace   ] GC(645) Metaspace: 75817K(76288K)->75817K(76288K) NonClass: 60360K(60608K)->60360K(60608K) Class: 15456K(15680K)->15456K(15680K)
[89.766s][info][gc             ] GC(645) Pause Young (Allocation Failure) 416M->42M(1735M) 1.183ms
[89.766s][info][gc,cpu         ] GC(645) User=0.00s Sys=0.00s Real=0.00s
[89.857s][info][gc,start       ] GC(646) Pause Young (Allocation Failure)
[89.858s][info][gc,heap        ] GC(646) PSYoungGen: 378176K(378368K)->1856K(370688K) Eden: 376320K(376320K)->0K(368640K) From: 1856K(2048K)->1856K(2048K)
[89.858s][info][gc,heap        ] GC(646) ParOldGen: 41287K(1398272K)->41551K(1398272K)
[89.858s][info][gc,metaspace   ] GC(646) Metaspace: 75817K(76288K)->75817K(76288K) NonClass: 60360K(60608K)->60360K(60608K) Class: 15456K(15680K)->15456K(15680K)
[89.858s][info][gc             ] GC(646) Pause Young (Allocation Failure) 409M->42M(1727M) 1.392ms
[89.858s][info][gc,cpu         ] GC(646) User=0.00s Sys=0.00s Real=0.00s
[89.947s][info][gc,start       ] GC(647) Pause Young (Allocation Failure)
[89.948s][info][gc,heap        ] GC(647) PSYoungGen: 370496K(370688K)->1536K(363008K) Eden: 368640K(368640K)->0K(361472K) From: 1856K(2048K)->1536K(1536K)
[89.949s][info][gc,heap        ] GC(647) ParOldGen: 41551K(1398272K)->41703K(1398272K)
[89.949s][info][gc,metaspace   ] GC(647) Metaspace: 75817K(76288K)->75817K(76288K) NonClass: 60360K(60608K)->60360K(60608K) Class: 15456K(15680K)->15456K(15680K)
[89.949s][info][gc             ] GC(647) Pause Young (Allocation Failure) 402M->42M(1720M) 1.137ms
[89.949s][info][gc,cpu         ] GC(647) User=0.00s Sys=0.00s Real=0.00s
[90.036s][info][gc,start       ] GC(648) Pause Young (Allocation Failure)
[90.037s][info][gc,heap        ] GC(648) PSYoungGen: 363008K(363008K)->1856K(356352K) Eden: 361472K(361472K)->0K(354304K) From: 1536K(1536K)->1856K(2048K)
[90.037s][info][gc,heap        ] GC(648) ParOldGen: 41703K(1398272K)->41847K(1398272K)
[90.037s][info][gc,metaspace   ] GC(648) Metaspace: 75817K(76288K)->75817K(76288K) NonClass: 60360K(60608K)->60360K(60608K) Class: 15456K(15680K)->15456K(15680K)
[90.037s][info][gc             ] GC(648) Pause Young (Allocation Failure) 395M->42M(1713M) 1.253ms
[90.037s][info][gc,cpu         ] GC(648) User=0.00s Sys=0.00s Real=0.00s
[90.123s][info][gc,start       ] GC(649) Pause Young (Allocation Failure)
[90.124s][info][gc,heap        ] GC(649) PSYoungGen: 356160K(356352K)->1888K(427520K) Eden: 354304K(354304K)->0K(425472K) From: 1856K(2048K)->1888K(2048K)
[90.124s][info][gc,heap        ] GC(649) ParOldGen: 41847K(1398272K)->41967K(1398272K)
[90.124s][info][gc,metaspace   ] GC(649) Metaspace: 75817K(76288K)->75817K(76288K) NonClass: 60360K(60608K)->60360K(60608K) Class: 15456K(15680K)->15456K(15680K)
[90.124s][info][gc             ] GC(649) Pause Young (Allocation Failure) 388M->42M(1783M) 1.168ms
[90.124s][info][gc,cpu         ] GC(649) User=0.00s Sys=0.00s Real=0.00s
[90.227s][info][gc,start       ] GC(650) Pause Young (Allocation Failure)
[90.228s][info][gc,heap        ] GC(650) PSYoungGen: 427360K(427520K)->1824K(418304K) Eden: 425472K(425472K)->0K(416256K) From: 1888K(2048K)->1824K(2048K)
[90.228s][info][gc,heap        ] GC(650) ParOldGen: 41967K(1398272K)->42015K(1398272K)
[90.228s][info][gc,metaspace   ] GC(650) Metaspace: 75817K(76288K)->75817K(76288K) NonClass: 60360K(60608K)->60360K(60608K) Class: 15456K(15680K)->15456K(15680K)
[90.228s][info][gc             ] GC(650) Pause Young (Allocation Failure) 458M->42M(1774M) 1.325ms
[90.228s][info][gc,cpu         ] GC(650) User=0.00s Sys=0.00s Real=0.00s
[90.329s][info][gc,start       ] GC(651) Pause Young (Allocation Failure)
[90.330s][info][gc,heap        ] GC(651) PSYoungGen: 418080K(418304K)->1536K(409088K) Eden: 416256K(416256K)->0K(407552K) From: 1824K(2048K)->1536K(1536K)
[90.330s][info][gc,heap        ] GC(651) ParOldGen: 42015K(1398272K)->42231K(1398272K)
[90.330s][info][gc,metaspace   ] GC(651) Metaspace: 75817K(76288K)->75817K(76288K) NonClass: 60360K(60608K)->60360K(60608K) Class: 15456K(15680K)->15456K(15680K)
[90.330s][info][gc             ] GC(651) Pause Young (Allocation Failure) 449M->42M(1765M) 1.127ms
[90.330s][info][gc,cpu         ] GC(651) User=0.00s Sys=0.00s Real=0.00s
[90.428s][info][gc,start       ] GC(652) Pause Young (Allocation Failure)
[90.430s][info][gc,heap        ] GC(652) PSYoungGen: 409088K(409088K)->1888K(400896K) Eden: 407552K(407552K)->0K(398848K) From: 1536K(1536K)->1888K(2048K)
[90.430s][info][gc,heap        ] GC(652) ParOldGen: 42231K(1398272K)->42359K(1398272K)
[90.430s][info][gc,metaspace   ] GC(652) Metaspace: 75817K(76288K)->75817K(76288K) NonClass: 60360K(60608K)->60360K(60608K) Class: 15456K(15680K)->15456K(15680K)
[90.430s][info][gc             ] GC(652) Pause Young (Allocation Failure) 440M->43M(1757M) 1.272ms
[90.430s][info][gc,cpu         ] GC(652) User=0.00s Sys=0.00s Real=0.00s
[90.526s][info][gc,start       ] GC(653) Pause Young (Allocation Failure)
[90.527s][info][gc,heap        ] GC(653) PSYoungGen: 400736K(400896K)->1888K(392704K) Eden: 398848K(398848K)->0K(390656K) From: 1888K(2048K)->1888K(2048K)
[90.527s][info][gc,heap        ] GC(653) ParOldGen: 42359K(1398272K)->42487K(1398272K)
[90.527s][info][gc,metaspace   ] GC(653) Metaspace: 75817K(76288K)->75817K(76288K) NonClass: 60360K(60608K)->60360K(60608K) Class: 15456K(15680K)->15456K(15680K)
[90.527s][info][gc             ] GC(653) Pause Young (Allocation Failure) 432M->43M(1749M) 1.103ms
[90.527s][info][gc,cpu         ] GC(653) User=0.00s Sys=0.00s Real=0.00s
[90.621s][info][gc,start       ] GC(654) Pause Young (Allocation Failure)
[90.622s][info][gc,heap        ] GC(654) PSYoungGen: 392544K(392704K)->1792K(384512K) Eden: 390656K(390656K)->0K(382464K) From: 1888K(2048K)->1792K(2048K)
[90.622s][info][gc,heap        ] GC(654) ParOldGen: 42487K(1398272K)->42599K(1398272K)
[90.622s][info][gc,metaspace   ] GC(654) Metaspace: 75817K(76288K)->75817K(76288K) NonClass: 60360K(60608K)->60360K(60608K) Class: 15456K(15680K)->15456K(15680K)
[90.622s][info][gc             ] GC(654) Pause Young (Allocation Failure) 424M->43M(1741M) 1.307ms
[90.622s][info][gc,cpu         ] GC(654) User=0.00s Sys=0.00s Real=0.00s
[90.715s][info][gc,start       ] GC(655) Pause Young (Allocation Failure)
[90.716s][info][gc,heap        ] GC(655) PSYoungGen: 384256K(384512K)->1536K(376320K) Eden: 382464K(382464K)->0K(374784K) From: 1792K(2048K)->1536K(1536K)
[90.716s][info][gc,heap        ] GC(655) ParOldGen: 42599K(1398272K)->42767K(1398272K)
[90.716s][info][gc,metaspace   ] GC(655) Metaspace: 75817K(76288K)->75817K(76288K) NonClass: 60360K(60608K)->60360K(60608K) Class: 15456K(15680K)->15456K(15680K)
[90.716s][info][gc             ] GC(655) Pause Young (Allocation Failure) 416M->43M(1733M) 1.145ms
[90.716s][info][gc,cpu         ] GC(655) User=0.00s Sys=0.00s Real=0.00s
[90.808s][info][gc,start       ] GC(656) Pause Young (Allocation Failure)
[90.809s][info][gc,heap        ] GC(656) PSYoungGen: 376320K(376320K)->1952K(369152K) Eden: 374784K(374784K)->0K(367104K) From: 1536K(1536K)->1952K(2048K)
[90.809s][info][gc,heap        ] GC(656) ParOldGen: 42767K(1398272K)->43031K(1398272K)
[90.809s][info][gc,metaspace   ] GC(656) Metaspace: 75817K(76288K)->75817K(76288K) NonClass: 60360K(60608K)->60360K(60608K) Class: 15456K(15680K)->15456K(15680K)
[90.809s][info][gc             ] GC(656) Pause Young (Allocation Failure) 409M->43M(1726M) 1.344ms
[90.809s][info][gc,cpu         ] GC(656) User=0.00s Sys=0.00s Real=0.00s
[90.899s][info][gc,start       ] GC(657) Pause Young (Allocation Failure)
[90.900s][info][gc,heap        ] GC(657) PSYoungGen: 369056K(369152K)->1888K(361984K) Eden: 367104K(367104K)->0K(359936K) From: 1952K(2048K)->1888K(2048K)
[90.900s][info][gc,heap        ] GC(657) ParOldGen: 43031K(1398272K)->43167K(1398272K)
[90.900s][info][gc,metaspace   ] GC(657) Metaspace: 75817K(76288K)->75817K(76288K) NonClass: 60360K(60608K)->60360K(60608K) Class: 15456K(15680K)->15456K(15680K)
[90.900s][info][gc             ] GC(657) Pause Young (Allocation Failure) 402M->43M(1719M) 1.146ms
[90.900s][info][gc,cpu         ] GC(657) User=0.00s Sys=0.00s Real=0.00s
[90.987s][info][gc,start       ] GC(658) Pause Young (Allocation Failure)
[90.989s][info][gc,heap        ] GC(658) PSYoungGen: 361824K(361984K)->1792K(434176K) Eden: 359936K(359936K)->0K(432128K) From: 1888K(2048K)->1792K(2048K)
[90.989s][info][gc,heap        ] GC(658) ParOldGen: 43167K(1398272K)->43359K(1398272K)
[90.989s][info][gc,metaspace   ] GC(658) Metaspace: 75817K(76288K)->75817K(76288K) NonClass: 60360K(60608K)->60360K(60608K) Class: 15456K(15680K)->15456K(15680K)
[90.989s][info][gc             ] GC(658) Pause Young (Allocation Failure) 395M->44M(1789M) 1.438ms
[90.989s][info][gc,cpu         ] GC(658) User=0.00s Sys=0.00s Real=0.00s
[91.094s][info][gc,start       ] GC(659) Pause Young (Allocation Failure)
[91.095s][info][gc,heap        ] GC(659) PSYoungGen: 433920K(434176K)->1536K(423936K) Eden: 432128K(432128K)->0K(422400K) From: 1792K(2048K)->1536K(1536K)
[91.095s][info][gc,heap        ] GC(659) ParOldGen: 43359K(1398272K)->43559K(1398272K)
[91.095s][info][gc,metaspace   ] GC(659) Metaspace: 75817K(76288K)->75817K(76288K) NonClass: 60360K(60608K)->60360K(60608K) Class: 15456K(15680K)->15456K(15680K)
[91.095s][info][gc             ] GC(659) Pause Young (Allocation Failure) 466M->44M(1779M) 1.120ms
[91.095s][info][gc,cpu         ] GC(659) User=0.00s Sys=0.00s Real=0.00s
[91.198s][info][gc,start       ] GC(660) Pause Young (Allocation Failure)
[91.199s][info][gc,heap        ] GC(660) PSYoungGen: 423936K(423936K)->1792K(415232K) Eden: 422400K(422400K)->0K(413184K) From: 1536K(1536K)->1792K(2048K)
[91.199s][info][gc,heap        ] GC(660) ParOldGen: 43559K(1398272K)->43671K(1398272K)
[91.199s][info][gc,metaspace   ] GC(660) Metaspace: 75817K(76288K)->75817K(76288K) NonClass: 60360K(60608K)->60360K(60608K) Class: 15456K(15680K)->15456K(15680K)
[91.199s][info][gc             ] GC(660) Pause Young (Allocation Failure) 456M->44M(1771M) 1.376ms
[91.199s][info][gc,cpu         ] GC(660) User=0.00s Sys=0.00s Real=0.00s
[91.300s][info][gc,start       ] GC(661) Pause Young (Allocation Failure)
[91.301s][info][gc,heap        ] GC(661) PSYoungGen: 414976K(415232K)->1824K(406528K) Eden: 413184K(413184K)->0K(404480K) From: 1792K(2048K)->1824K(2048K)
[91.301s][info][gc,heap        ] GC(661) ParOldGen: 43671K(1398272K)->43767K(1398272K)
[91.301s][info][gc,metaspace   ] GC(661) Metaspace: 75817K(76288K)->75817K(76288K) NonClass: 60360K(60608K)->60360K(60608K) Class: 15456K(15680K)->15456K(15680K)
[91.301s][info][gc             ] GC(661) Pause Young (Allocation Failure) 447M->44M(1762M) 1.169ms
[91.301s][info][gc,cpu         ] GC(661) User=0.00s Sys=0.00s Real=0.00s
[91.399s][info][gc,start       ] GC(662) Pause Young (Allocation Failure)
[91.400s][info][gc,heap        ] GC(662) PSYoungGen: 406304K(406528K)->1792K(397824K) Eden: 404480K(404480K)->0K(395776K) From: 1824K(2048K)->1792K(2048K)
[91.400s][info][gc,heap        ] GC(662) ParOldGen: 43767K(1398272K)->43887K(1398272K)
[91.400s][info][gc,metaspace   ] GC(662) Metaspace: 75817K(76288K)->75817K(76288K) NonClass: 60360K(60608K)->60360K(60608K) Class: 15456K(15680K)->15456K(15680K)
[91.400s][info][gc             ] GC(662) Pause Young (Allocation Failure) 439M->44M(1754M) 1.354ms
[91.400s][info][gc,cpu         ] GC(662) User=0.00s Sys=0.00s Real=0.00s
[91.496s][info][gc,start       ] GC(663) Pause Young (Allocation Failure)
[91.497s][info][gc,heap        ] GC(663) PSYoungGen: 397568K(397824K)->512K(388096K) Eden: 395776K(395776K)->0K(387584K) From: 1792K(2048K)->512K(512K)
[91.497s][info][gc,heap        ] GC(663) ParOldGen: 43887K(1398272K)->44871K(1398272K)
[91.497s][info][gc,metaspace   ] GC(663) Metaspace: 75817K(76288K)->75817K(76288K) NonClass: 60360K(60608K)->60360K(60608K) Class: 15456K(15680K)->15456K(15680K)
[91.497s][info][gc             ] GC(663) Pause Young (Allocation Failure) 431M->44M(1744M) 1.204ms
[91.497s][info][gc,cpu         ] GC(663) User=0.00s Sys=0.00s Real=0.00s
[91.590s][info][gc,start       ] GC(664) Pause Young (Allocation Failure)
[91.591s][info][gc,heap        ] GC(664) PSYoungGen: 388096K(388096K)->1792K(381440K) Eden: 387584K(387584K)->0K(379392K) From: 512K(512K)->1792K(2048K)
[91.591s][info][gc,heap        ] GC(664) ParOldGen: 44871K(1398272K)->45023K(1398272K)
[91.591s][info][gc,metaspace   ] GC(664) Metaspace: 75817K(76288K)->75817K(76288K) NonClass: 60360K(60608K)->60360K(60608K) Class: 15456K(15680K)->15456K(15680K)
[91.591s][info][gc             ] GC(664) Pause Young (Allocation Failure) 422M->45M(1738M) 1.118ms
[91.591s][info][gc,cpu         ] GC(664) User=0.00s Sys=0.00s Real=0.00s
[91.683s][info][gc,start       ] GC(665) Pause Young (Allocation Failure)
[91.684s][info][gc,heap        ] GC(665) PSYoungGen: 381184K(381440K)->1824K(373760K) Eden: 379392K(379392K)->0K(371712K) From: 1792K(2048K)->1824K(2048K)
[91.684s][info][gc,heap        ] GC(665) ParOldGen: 45023K(1398272K)->45279K(1398272K)
[91.684s][info][gc,metaspace   ] GC(665) Metaspace: 75817K(76288K)->75817K(76288K) NonClass: 60360K(60608K)->60360K(60608K) Class: 15456K(15680K)->15456K(15680K)
[91.684s][info][gc             ] GC(665) Pause Young (Allocation Failure) 416M->45M(1730M) 1.104ms
[91.684s][info][gc,cpu         ] GC(665) User=0.00s Sys=0.00s Real=0.00s
[91.774s][info][gc,start       ] GC(666) Pause Young (Allocation Failure)
[91.775s][info][gc,heap        ] GC(666) PSYoungGen: 373536K(373760K)->1888K(448512K) Eden: 371712K(371712K)->0K(446464K) From: 1824K(2048K)->1888K(2048K)
[91.775s][info][gc,heap        ] GC(666) ParOldGen: 45279K(1398272K)->45343K(1398272K)
[91.775s][info][gc,metaspace   ] GC(666) Metaspace: 75817K(76288K)->75817K(76288K) NonClass: 60360K(60608K)->60360K(60608K) Class: 15456K(15680K)->15456K(15680K)
[91.775s][info][gc             ] GC(666) Pause Young (Allocation Failure) 408M->46M(1803M) 1.690ms
[91.775s][info][gc,cpu         ] GC(666) User=0.00s Sys=0.00s Real=0.00s
[91.884s][info][gc,start       ] GC(667) Pause Young (Allocation Failure)
[91.885s][info][gc,heap        ] GC(667) PSYoungGen: 448352K(448512K)->512K(536576K) Eden: 446464K(446464K)->0K(536064K) From: 1888K(2048K)->512K(512K)
[91.885s][info][gc,heap        ] GC(667) ParOldGen: 45343K(1398272K)->46359K(1398272K)
[91.885s][info][gc,metaspace   ] GC(667) Metaspace: 75817K(76288K)->75817K(76288K) NonClass: 60360K(60608K)->60360K(60608K) Class: 15456K(15680K)->15456K(15680K)
[91.885s][info][gc             ] GC(667) Pause Young (Allocation Failure) 482M->45M(1889M) 1.251ms
[91.885s][info][gc,cpu         ] GC(667) User=0.00s Sys=0.00s Real=0.00s
[92.014s][info][gc,start       ] GC(668) Pause Young (Allocation Failure)
[92.015s][info][gc,heap        ] GC(668) PSYoungGen: 536576K(536576K)->1856K(525312K) Eden: 536064K(536064K)->0K(522752K) From: 512K(512K)->1856K(2560K)
[92.016s][info][gc,heap        ] GC(668) ParOldGen: 46359K(1398272K)->46503K(1398272K)
[92.016s][info][gc,metaspace   ] GC(668) Metaspace: 75817K(76288K)->75817K(76288K) NonClass: 60360K(60608K)->60360K(60608K) Class: 15456K(15680K)->15456K(15680K)
[92.016s][info][gc             ] GC(668) Pause Young (Allocation Failure) 569M->47M(1878M) 1.146ms
[92.016s][info][gc,cpu         ] GC(668) User=0.00s Sys=0.00s Real=0.00s
[92.141s][info][gc,start       ] GC(669) Pause Young (Allocation Failure)
[92.142s][info][gc,heap        ] GC(669) PSYoungGen: 524608K(525312K)->1760K(512000K) Eden: 522752K(522752K)->0K(509952K) From: 1856K(2560K)->1760K(2048K)
[92.143s][info][gc,heap        ] GC(669) ParOldGen: 46503K(1398272K)->46751K(1398272K)
[92.143s][info][gc,metaspace   ] GC(669) Metaspace: 75817K(76288K)->75817K(76288K) NonClass: 60360K(60608K)->60360K(60608K) Class: 15456K(15680K)->15456K(15680K)
[92.143s][info][gc             ] GC(669) Pause Young (Allocation Failure) 557M->47M(1865M) 1.255ms
[92.143s][info][gc,cpu         ] GC(669) User=0.00s Sys=0.00s Real=0.00s
[92.266s][info][gc,start       ] GC(670) Pause Young (Allocation Failure)
[92.267s][info][gc,heap        ] GC(670) PSYoungGen: 511712K(512000K)->1856K(499712K) Eden: 509952K(509952K)->0K(497664K) From: 1760K(2048K)->1856K(2048K)
[92.267s][info][gc,heap        ] GC(670) ParOldGen: 46751K(1398272K)->46863K(1398272K)
[92.267s][info][gc,metaspace   ] GC(670) Metaspace: 75817K(76288K)->75817K(76288K) NonClass: 60360K(60608K)->60360K(60608K) Class: 15456K(15680K)->15456K(15680K)
[92.267s][info][gc             ] GC(670) Pause Young (Allocation Failure) 545M->47M(1853M) 1.377ms
[92.267s][info][gc,cpu         ] GC(670) User=0.00s Sys=0.00s Real=0.00s
[92.388s][info][gc,start       ] GC(671) Pause Young (Allocation Failure)
[92.389s][info][gc,heap        ] GC(671) PSYoungGen: 499520K(499712K)->512K(486400K) Eden: 497664K(497664K)->0K(485888K) From: 1856K(2048K)->512K(512K)
[92.389s][info][gc,heap        ] GC(671) ParOldGen: 46863K(1398272K)->47879K(1398272K)
[92.389s][info][gc,metaspace   ] GC(671) Metaspace: 75817K(76288K)->75817K(76288K) NonClass: 60360K(60608K)->60360K(60608K) Class: 15456K(15680K)->15456K(15680K)
[92.389s][info][gc             ] GC(671) Pause Young (Allocation Failure) 533M->47M(1840M) 1.274ms
[92.389s][info][gc,cpu         ] GC(671) User=0.00s Sys=0.00s Real=0.00s
[92.508s][info][gc,start       ] GC(672) Pause Young (Allocation Failure)
[92.509s][info][gc,heap        ] GC(672) PSYoungGen: 486400K(486400K)->1728K(477184K) Eden: 485888K(485888K)->0K(474624K) From: 512K(512K)->1728K(2560K)
[92.509s][info][gc,heap        ] GC(672) ParOldGen: 47879K(1398272K)->48071K(1398272K)
[92.509s][info][gc,metaspace   ] GC(672) Metaspace: 75817K(76288K)->75817K(76288K) NonClass: 60360K(60608K)->60360K(60608K) Class: 15456K(15680K)->15456K(15680K)
[92.509s][info][gc             ] GC(672) Pause Young (Allocation Failure) 521M->48M(1831M) 1.085ms
[92.509s][info][gc,cpu         ] GC(672) User=0.00s Sys=0.00s Real=0.00s
[92.626s][info][gc,start       ] GC(673) Pause Young (Allocation Failure)
[92.627s][info][gc,heap        ] GC(673) PSYoungGen: 476352K(477184K)->1728K(465408K) Eden: 474624K(474624K)->0K(463360K) From: 1728K(2560K)->1728K(2048K)
[92.627s][info][gc,heap        ] GC(673) ParOldGen: 48071K(1398272K)->48343K(1398272K)
[92.627s][info][gc,metaspace   ] GC(673) Metaspace: 75817K(76288K)->75817K(76288K) NonClass: 60360K(60608K)->60360K(60608K) Class: 15456K(15680K)->15456K(15680K)
[92.627s][info][gc             ] GC(673) Pause Young (Allocation Failure) 512M->48M(1820M) 1.106ms
[92.627s][info][gc,cpu         ] GC(673) User=0.00s Sys=0.00s Real=0.00s
[92.748s][info][gc,start       ] GC(674) Pause Young (Allocation Failure)
[92.749s][info][gc,heap        ] GC(674) PSYoungGen: 465088K(465408K)->1664K(454656K) Eden: 463360K(463360K)->0K(452608K) From: 1728K(2048K)->1664K(2048K)
[92.749s][info][gc,heap        ] GC(674) ParOldGen: 48343K(1398272K)->48623K(1398272K)
[92.749s][info][gc,metaspace   ] GC(674) Metaspace: 75817K(76288K)->75817K(76288K) NonClass: 60360K(60608K)->60360K(60608K) Class: 15456K(15680K)->15456K(15680K)
[92.749s][info][gc             ] GC(674) Pause Young (Allocation Failure) 501M->49M(1809M) 1.321ms
[92.749s][info][gc,cpu         ] GC(674) User=0.00s Sys=0.00s Real=0.00s
[92.885s][info][gc,start       ] GC(675) Pause Young (Allocation Failure)
[92.886s][info][gc,heap        ] GC(675) PSYoungGen: 454272K(454656K)->512K(442880K) Eden: 452608K(452608K)->0K(442368K) From: 1664K(2048K)->512K(512K)
[92.886s][info][gc,heap        ] GC(675) ParOldGen: 48623K(1398272K)->49423K(1398272K)
[92.886s][info][gc,metaspace   ] GC(675) Metaspace: 75821K(76288K)->75821K(76288K) NonClass: 60364K(60608K)->60364K(60608K) Class: 15456K(15680K)->15456K(15680K)
[92.886s][info][gc             ] GC(675) Pause Young (Allocation Failure) 491M->48M(1798M) 1.063ms
[92.886s][info][gc,cpu         ] GC(675) User=0.00s Sys=0.00s Real=0.00s
[93.058s][info][gc,start       ] GC(676) Pause Young (Allocation Failure)
[93.059s][info][gc,heap        ] GC(676) PSYoungGen: 442880K(442880K)->1152K(434176K) Eden: 442368K(442368K)->0K(432640K) From: 512K(512K)->1152K(1536K)
[93.059s][info][gc,heap        ] GC(676) ParOldGen: 49423K(1398272K)->49743K(1398272K)
[93.059s][info][gc,metaspace   ] GC(676) Metaspace: 75821K(76288K)->75821K(76288K) NonClass: 60364K(60608K)->60364K(60608K) Class: 15456K(15680K)->15456K(15680K)
[93.059s][info][gc             ] GC(676) Pause Young (Allocation Failure) 480M->49M(1789M) 1.037ms
[93.059s][info][gc,cpu         ] GC(676) User=0.00s Sys=0.00s Real=0.00s
[93.239s][info][gc,start       ] GC(677) Pause Young (Allocation Failure)
[93.240s][info][gc,heap        ] GC(677) PSYoungGen: 433792K(434176K)->1184K(424448K) Eden: 432640K(432640K)->0K(422912K) From: 1152K(1536K)->1184K(1536K)
[93.240s][info][gc,heap        ] GC(677) ParOldGen: 49743K(1398272K)->50047K(1398272K)
[93.240s][info][gc,metaspace   ] GC(677) Metaspace: 75821K(76288K)->75821K(76288K) NonClass: 60364K(60608K)->60364K(60608K) Class: 15456K(15680K)->15456K(15680K)
[93.240s][info][gc             ] GC(677) Pause Young (Allocation Failure) 472M->50M(1780M) 1.207ms
[93.241s][info][gc,cpu         ] GC(677) User=0.00s Sys=0.00s Real=0.00s
[93.443s][info][gc,start       ] GC(678) Pause Young (Allocation Failure)
[93.444s][info][gc,heap        ] GC(678) PSYoungGen: 424096K(424448K)->1120K(415232K) Eden: 422912K(422912K)->0K(413696K) From: 1184K(1536K)->1120K(1536K)
[93.444s][info][gc,heap        ] GC(678) ParOldGen: 50047K(1398272K)->50319K(1398272K)
[93.444s][info][gc,metaspace   ] GC(678) Metaspace: 75821K(76288K)->75821K(76288K) NonClass: 60364K(60608K)->60364K(60608K) Class: 15456K(15680K)->15456K(15680K)
[93.444s][info][gc             ] GC(678) Pause Young (Allocation Failure) 463M->50M(1771M) 1.038ms
[93.444s][info][gc,cpu         ] GC(678) User=0.00s Sys=0.00s Real=0.00s
[93.700s][info][gc,start       ] GC(679) Pause Young (Allocation Failure)
[93.701s][info][gc,heap        ] GC(679) PSYoungGen: 414816K(415232K)->992K(406016K) Eden: 413696K(413696K)->0K(404992K) From: 1120K(1536K)->992K(1024K)
[93.702s][info][gc,heap        ] GC(679) ParOldGen: 50319K(1398272K)->50543K(1398272K)
[93.702s][info][gc,metaspace   ] GC(679) Metaspace: 75821K(76288K)->75821K(76288K) NonClass: 60364K(60608K)->60364K(60608K) Class: 15456K(15680K)->15456K(15680K)
[93.702s][info][gc             ] GC(679) Pause Young (Allocation Failure) 454M->50M(1762M) 1.066ms
[93.702s][info][gc,cpu         ] GC(679) User=0.00s Sys=0.00s Real=0.00s
[93.978s][info][gc,start       ] GC(680) Pause Young (Allocation Failure)
[93.979s][info][gc,heap        ] GC(680) PSYoungGen: 405984K(406016K)->992K(397312K) Eden: 404992K(404992K)->0K(396288K) From: 992K(1024K)->992K(1024K)
[93.979s][info][gc,heap        ] GC(680) ParOldGen: 50543K(1398272K)->50791K(1398272K)
[93.979s][info][gc,metaspace   ] GC(680) Metaspace: 75821K(76288K)->75821K(76288K) NonClass: 60364K(60608K)->60364K(60608K) Class: 15456K(15680K)->15456K(15680K)
[93.979s][info][gc             ] GC(680) Pause Young (Allocation Failure) 445M->50M(1753M) 0.910ms
[93.979s][info][gc,cpu         ] GC(680) User=0.00s Sys=0.00s Real=0.00s
[94.246s][info][gc,start       ] GC(681) Pause Young (Allocation Failure)
[94.246s][info][gc,heap        ] GC(681) PSYoungGen: 397280K(397312K)->1056K(389632K) Eden: 396288K(396288K)->0K(388096K) From: 992K(1024K)->1056K(1536K)
[94.246s][info][gc,heap        ] GC(681) ParOldGen: 50791K(1398272K)->50863K(1398272K)
[94.246s][info][gc,metaspace   ] GC(681) Metaspace: 75821K(76288K)->75821K(76288K) NonClass: 60364K(60608K)->60364K(60608K) Class: 15456K(15680K)->15456K(15680K)
[94.246s][info][gc             ] GC(681) Pause Young (Allocation Failure) 437M->50M(1746M) 0.930ms
[94.246s][info][gc,cpu         ] GC(681) User=0.00s Sys=0.00s Real=0.00s
[94.510s][info][gc,start       ] GC(682) Pause Young (Allocation Failure)
[94.511s][info][gc,heap        ] GC(682) PSYoungGen: 389152K(389632K)->1056K(381440K) Eden: 388096K(388096K)->0K(379904K) From: 1056K(1536K)->1056K(1536K)
[94.511s][info][gc,heap        ] GC(682) ParOldGen: 50863K(1398272K)->50895K(1398272K)
[94.511s][info][gc,metaspace   ] GC(682) Metaspace: 75821K(76288K)->75821K(76288K) NonClass: 60364K(60608K)->60364K(60608K) Class: 15456K(15680K)->15456K(15680K)
[94.511s][info][gc             ] GC(682) Pause Young (Allocation Failure) 429M->50M(1738M) 1.010ms
[94.511s][info][gc,cpu         ] GC(682) User=0.00s Sys=0.00s Real=0.00s
[94.675s][info][gc,heap,exit   ] Heap
[94.675s][info][gc,heap,exit   ]  PSYoungGen      total 381440K, used 161832K [0x00000007aab00000, 0x00000007d0000000, 0x0000000800000000)
[94.675s][info][gc,heap,exit   ]   eden space 379904K, 42% used [0x00000007aab00000,0x00000007b4802260,0x00000007c1e00000)
[94.675s][info][gc,heap,exit   ]   from space 1536K, 68% used [0x00000007cfc00000,0x00000007cfd08000,0x00000007cfd80000)
[94.675s][info][gc,heap,exit   ]   to   space 2560K, 0% used [0x00000007cfd80000,0x00000007cfd80000,0x00000007d0000000)
[94.675s][info][gc,heap,exit   ]  ParOldGen       total 1398272K, used 50895K [0x0000000700000000, 0x0000000755580000, 0x00000007aab00000)
[94.675s][info][gc,heap,exit   ]   object space 1398272K, 3% used [0x0000000700000000,0x00000007031b3c18,0x0000000755580000)
[94.675s][info][gc,heap,exit   ]  Metaspace       used 75880K, committed 76288K, reserved 1114112K
[94.675s][info][gc,heap,exit   ]   class space    used 15471K, committed 15680K, reserved 1048576K
