[0.016s][info][gc,init] CardTable entry size: 512
[0.017s][info][gc     ] Using Parallel
[0.022s][info][gc,init] Version: 20+36-2344 (release)
[0.023s][info][gc,init] CPUs: 48 total, 48 available
[0.023s][info][gc,init] Memory: 382G
[0.023s][info][gc,init] Large Page Support: Disabled
[0.023s][info][gc,init] NUMA Support: Disabled
[0.023s][info][gc,init] Compressed Oops: Enabled (32-bit)
[0.023s][info][gc,init] Alignments: Space 512K, Generation 512K, Heap 2M
[0.023s][info][gc,init] Heap Min Capacity: 8M
[0.023s][info][gc,init] Heap Initial Capacity: 1G
[0.038s][info][gc,init] Heap Max Capacity: 1G
[0.038s][info][gc,init] Pre-touch: Disabled
[0.038s][info][gc,init] Parallel Workers: 33
[0.040s][info][gc,metaspace] CDS archive(s) mapped at: [0x0000000800000000-0x0000000800c60000-0x0000000800c60000), size 12976128, SharedBaseAddress: 0x0000000800000000, ArchiveRelocationMode: 0.
[0.040s][info][gc,metaspace] Compressed class space mapped at: 0x0000000801000000-0x0000000841000000, reserved size: 1073741824
[0.040s][info][gc,metaspace] Narrow klass base: 0x0000000800000000, Narrow klass shift: 0, Narrow klass range: 0x100000000
[4.479s][info][gc,start    ] GC(0) Pause Young (Metadata GC Threshold)
[4.488s][info][gc,heap     ] GC(0) PSYoungGen: 136588K(305664K)->8174K(305664K) Eden: 136588K(262144K)->0K(262144K) From: 0K(43520K)->8174K(43520K)
[4.488s][info][gc,heap     ] GC(0) ParOldGen: 0K(699392K)->16K(699392K)
[4.488s][info][gc,metaspace] GC(0) Metaspace: 21260K(21504K)->21260K(21504K) NonClass: 18523K(18624K)->18523K(18624K) Class: 2736K(2880K)->2736K(2880K)
[4.488s][info][gc          ] GC(0) Pause Young (Metadata GC Threshold) 133M->7M(981M) 9.516ms
[4.488s][info][gc,cpu      ] GC(0) User=0.03s Sys=0.03s Real=0.02s
[4.489s][info][gc,start    ] GC(1) Pause Full (Metadata GC Threshold)
[4.489s][info][gc,phases,start] GC(1) Marking Phase
[4.499s][info][gc,phases      ] GC(1) Marking Phase 10.684ms
[4.499s][info][gc,phases,start] GC(1) Summary Phase
[4.499s][info][gc,phases      ] GC(1) Summary Phase 0.017ms
[4.499s][info][gc,phases,start] GC(1) Adjust Roots
[4.502s][info][gc,phases      ] GC(1) Adjust Roots 2.832ms
[4.502s][info][gc,phases,start] GC(1) Compaction Phase
[4.512s][info][gc,phases      ] GC(1) Compaction Phase 10.169ms
[4.512s][info][gc,phases,start] GC(1) Post Compact
[4.514s][info][gc,phases      ] GC(1) Post Compact 1.565ms
[4.514s][info][gc,heap        ] GC(1) PSYoungGen: 8174K(305664K)->0K(305664K) Eden: 0K(262144K)->0K(262144K) From: 8174K(43520K)->0K(43520K)
[4.514s][info][gc,heap        ] GC(1) ParOldGen: 16K(699392K)->7645K(699392K)
[4.514s][info][gc,metaspace   ] GC(1) Metaspace: 21260K(21504K)->21260K(21504K) NonClass: 18523K(18624K)->18523K(18624K) Class: 2736K(2880K)->2736K(2880K)
[4.514s][info][gc             ] GC(1) Pause Full (Metadata GC Threshold) 7M->7M(981M) 25.474ms
[4.514s][info][gc,cpu         ] GC(1) User=0.31s Sys=0.00s Real=0.03s
[5.289s][info][gc,start       ] GC(2) Pause Young (System.gc())
[5.297s][info][gc,heap        ] GC(2) PSYoungGen: 100512K(305664K)->5744K(305664K) Eden: 100512K(262144K)->0K(262144K) From: 0K(43520K)->5744K(43520K)
[5.297s][info][gc,heap        ] GC(2) ParOldGen: 7645K(699392K)->7653K(699392K)
[5.297s][info][gc,metaspace   ] GC(2) Metaspace: 30310K(30656K)->30310K(30656K) NonClass: 26259K(26432K)->26259K(26432K) Class: 4051K(4224K)->4051K(4224K)
[5.297s][info][gc             ] GC(2) Pause Young (System.gc()) 105M->13M(981M) 8.404ms
[5.297s][info][gc,cpu         ] GC(2) User=0.00s Sys=0.00s Real=0.00s
[5.297s][info][gc,start       ] GC(3) Pause Full (System.gc())
[5.297s][info][gc,phases,start] GC(3) Marking Phase
[5.313s][info][gc,phases      ] GC(3) Marking Phase 15.893ms
[5.313s][info][gc,phases,start] GC(3) Summary Phase
[5.313s][info][gc,phases      ] GC(3) Summary Phase 0.016ms
[5.313s][info][gc,phases,start] GC(3) Adjust Roots
[5.320s][info][gc,phases      ] GC(3) Adjust Roots 6.710ms
[5.320s][info][gc,phases,start] GC(3) Compaction Phase
[5.336s][info][gc,phases      ] GC(3) Compaction Phase 15.741ms
[5.336s][info][gc,phases,start] GC(3) Post Compact
[5.336s][info][gc,phases      ] GC(3) Post Compact 0.726ms
[5.336s][info][gc,heap        ] GC(3) PSYoungGen: 5744K(305664K)->0K(305664K) Eden: 0K(262144K)->0K(262144K) From: 5744K(43520K)->0K(43520K)
[5.336s][info][gc,heap        ] GC(3) ParOldGen: 7653K(699392K)->12515K(699392K)
[5.337s][info][gc,metaspace   ] GC(3) Metaspace: 30310K(30656K)->30310K(30656K) NonClass: 26259K(26432K)->26259K(26432K) Class: 4051K(4224K)->4051K(4224K)
[5.337s][info][gc             ] GC(3) Pause Full (System.gc()) 13M->12M(981M) 39.433ms
[5.337s][info][gc,cpu         ] GC(3) User=0.59s Sys=0.00s Real=0.05s
[6.681s][info][gc,start       ] GC(4) Pause Young (Metadata GC Threshold)
[6.688s][info][gc,heap        ] GC(4) PSYoungGen: 167058K(305664K)->5568K(305664K) Eden: 167058K(262144K)->0K(262144K) From: 0K(43520K)->5568K(43520K)
[6.688s][info][gc,heap        ] GC(4) ParOldGen: 12515K(699392K)->12523K(699392K)
[6.688s][info][gc,metaspace   ] GC(4) Metaspace: 50578K(51136K)->50578K(51136K) NonClass: 40873K(41216K)->40873K(41216K) Class: 9704K(9920K)->9704K(9920K)
[6.688s][info][gc             ] GC(4) Pause Young (Metadata GC Threshold) 175M->17M(981M) 7.229ms
[6.688s][info][gc,cpu         ] GC(4) User=0.00s Sys=0.00s Real=0.00s
[6.688s][info][gc,start       ] GC(5) Pause Full (Metadata GC Threshold)
[6.688s][info][gc,phases,start] GC(5) Marking Phase
[6.711s][info][gc,phases      ] GC(5) Marking Phase 22.353ms
[6.711s][info][gc,phases,start] GC(5) Summary Phase
[6.711s][info][gc,phases      ] GC(5) Summary Phase 0.012ms
[6.711s][info][gc,phases,start] GC(5) Adjust Roots
[6.717s][info][gc,phases      ] GC(5) Adjust Roots 5.893ms
[6.717s][info][gc,phases,start] GC(5) Compaction Phase
[6.727s][info][gc,phases      ] GC(5) Compaction Phase 10.283ms
[6.727s][info][gc,phases,start] GC(5) Post Compact
[6.728s][info][gc,phases      ] GC(5) Post Compact 1.060ms
[6.728s][info][gc,heap        ] GC(5) PSYoungGen: 5568K(305664K)->0K(305664K) Eden: 0K(262144K)->0K(262144K) From: 5568K(43520K)->0K(43520K)
[6.728s][info][gc,heap        ] GC(5) ParOldGen: 12523K(699392K)->17066K(699392K)
[6.728s][info][gc,metaspace   ] GC(5) Metaspace: 50578K(51136K)->50366K(51136K) NonClass: 40873K(41216K)->40726K(41216K) Class: 9704K(9920K)->9640K(9920K)
[6.728s][info][gc             ] GC(5) Pause Full (Metadata GC Threshold) 17M->16M(981M) 39.812ms
[6.728s][info][gc,cpu         ] GC(5) User=0.56s Sys=0.00s Real=0.05s
[8.402s][info][gc,start       ] GC(6) Pause Young (Allocation Failure)
[8.416s][info][gc,heap        ] GC(6) PSYoungGen: 262144K(305664K)->22880K(305664K) Eden: 262144K(262144K)->0K(262144K) From: 0K(43520K)->22880K(43520K)
[8.416s][info][gc,heap        ] GC(6) ParOldGen: 17066K(699392K)->17082K(699392K)
[8.416s][info][gc,metaspace   ] GC(6) Metaspace: 71190K(71680K)->71190K(71680K) NonClass: 56411K(56704K)->56411K(56704K) Class: 14779K(14976K)->14779K(14976K)
[8.416s][info][gc             ] GC(6) Pause Young (Allocation Failure) 272M->39M(981M) 14.455ms
[8.416s][info][gc,cpu         ] GC(6) User=0.09s Sys=0.44s Real=0.02s
[8.871s][info][gc,start       ] GC(7) Pause Young (Allocation Failure)
[8.885s][info][gc,heap        ] GC(7) PSYoungGen: 285024K(305664K)->22704K(305664K) Eden: 262144K(262144K)->0K(262144K) From: 22880K(43520K)->22704K(43520K)
[8.885s][info][gc,heap        ] GC(7) ParOldGen: 17082K(699392K)->17098K(699392K)
[8.885s][info][gc,metaspace   ] GC(7) Metaspace: 71411K(71872K)->71411K(71872K) NonClass: 56627K(56896K)->56627K(56896K) Class: 14783K(14976K)->14783K(14976K)
[8.885s][info][gc             ] GC(7) Pause Young (Allocation Failure) 295M->38M(981M) 13.868ms
[8.885s][info][gc,cpu         ] GC(7) User=0.63s Sys=0.02s Real=0.02s
[9.241s][info][gc,start       ] GC(8) Pause Young (Allocation Failure)
[9.248s][info][gc,heap        ] GC(8) PSYoungGen: 284848K(305664K)->22752K(285184K) Eden: 262144K(262144K)->0K(262144K) From: 22704K(43520K)->22752K(23040K)
[9.248s][info][gc,heap        ] GC(8) ParOldGen: 17098K(699392K)->17106K(699392K)
[9.248s][info][gc,metaspace   ] GC(8) Metaspace: 71448K(71936K)->71448K(71936K) NonClass: 56664K(56960K)->56664K(56960K) Class: 14784K(14976K)->14784K(14976K)
[9.248s][info][gc             ] GC(8) Pause Young (Allocation Failure) 294M->38M(961M) 7.707ms
[9.248s][info][gc,cpu         ] GC(8) User=0.00s Sys=0.00s Real=0.00s
[9.556s][info][gc,start       ] GC(9) Pause Young (Allocation Failure)
[9.564s][info][gc,heap        ] GC(9) PSYoungGen: 284896K(285184K)->22736K(297984K) Eden: 262144K(262144K)->0K(267264K) From: 22752K(23040K)->22736K(30720K)
[9.564s][info][gc,heap        ] GC(9) ParOldGen: 17106K(699392K)->17114K(699392K)
[9.564s][info][gc,metaspace   ] GC(9) Metaspace: 71462K(72000K)->71462K(72000K) NonClass: 56677K(57024K)->56677K(57024K) Class: 14784K(14976K)->14784K(14976K)
[9.564s][info][gc             ] GC(9) Pause Young (Allocation Failure) 294M->38M(974M) 8.074ms
[9.564s][info][gc,cpu         ] GC(9) User=0.00s Sys=0.00s Real=0.00s
[9.817s][info][gc,start       ] GC(10) Pause Young (Allocation Failure)
[9.828s][info][gc,heap        ] GC(10) PSYoungGen: 290000K(297984K)->22768K(314368K) Eden: 267264K(267264K)->0K(281600K) From: 22736K(30720K)->22768K(32768K)
[9.828s][info][gc,heap        ] GC(10) ParOldGen: 17114K(699392K)->17122K(699392K)
[9.828s][info][gc,metaspace   ] GC(10) Metaspace: 71476K(72000K)->71476K(72000K) NonClass: 56692K(57024K)->56692K(57024K) Class: 14784K(14976K)->14784K(14976K)
[9.828s][info][gc             ] GC(10) Pause Young (Allocation Failure) 299M->38M(990M) 10.720ms
[9.828s][info][gc,cpu         ] GC(10) User=0.00s Sys=0.00s Real=0.00s
[10.081s][info][gc,start       ] GC(11) Pause Young (Allocation Failure)
[10.101s][info][gc,heap        ] GC(11) PSYoungGen: 304368K(314368K)->1952K(283648K) Eden: 281600K(281600K)->0K(281600K) From: 22768K(32768K)->1952K(2048K)
[10.101s][info][gc,heap        ] GC(11) ParOldGen: 17122K(699392K)->38536K(699392K)
[10.101s][info][gc,metaspace   ] GC(11) Metaspace: 71478K(72000K)->71478K(72000K) NonClass: 56694K(57024K)->56694K(57024K) Class: 14784K(14976K)->14784K(14976K)
[10.101s][info][gc             ] GC(11) Pause Young (Allocation Failure) 313M->39M(960M) 19.523ms
[10.101s][info][gc,cpu         ] GC(11) User=0.09s Sys=0.42s Real=0.02s
[10.314s][info][gc,start       ] GC(12) Pause Young (Allocation Failure)
[10.316s][info][gc,heap        ] GC(12) PSYoungGen: 283552K(283648K)->1920K(314368K) Eden: 281600K(281600K)->0K(279552K) From: 1952K(2048K)->1920K(34816K)
[10.316s][info][gc,heap        ] GC(12) ParOldGen: 38536K(699392K)->38800K(699392K)
[10.316s][info][gc,metaspace   ] GC(12) Metaspace: 71481K(72000K)->71481K(72000K) NonClass: 56696K(57024K)->56696K(57024K) Class: 14785K(14976K)->14785K(14976K)
[10.316s][info][gc             ] GC(12) Pause Young (Allocation Failure) 314M->39M(990M) 1.184ms
[10.316s][info][gc,cpu         ] GC(12) User=0.00s Sys=0.00s Real=0.00s
[10.513s][info][gc,start       ] GC(13) Pause Young (Allocation Failure)
[10.514s][info][gc,heap        ] GC(13) PSYoungGen: 281472K(314368K)->2048K(314368K) Eden: 279552K(279552K)->0K(279552K) From: 1920K(34816K)->2048K(34816K)
[10.514s][info][gc,heap        ] GC(13) ParOldGen: 38800K(699392K)->38936K(699392K)
[10.514s][info][gc,metaspace   ] GC(13) Metaspace: 71489K(72000K)->71489K(72000K) NonClass: 56704K(57024K)->56704K(57024K) Class: 14785K(14976K)->14785K(14976K)
[10.514s][info][gc             ] GC(13) Pause Young (Allocation Failure) 312M->40M(990M) 1.268ms
[10.515s][info][gc,cpu         ] GC(13) User=0.00s Sys=0.00s Real=0.00s
[10.702s][info][gc,start       ] GC(14) Pause Young (Allocation Failure)
[10.703s][info][gc,heap        ] GC(14) PSYoungGen: 281600K(314368K)->1824K(313344K) Eden: 279552K(279552K)->0K(279552K) From: 2048K(34816K)->1824K(33792K)
[10.704s][info][gc,heap        ] GC(14) ParOldGen: 38936K(699392K)->39328K(699392K)
[10.704s][info][gc,metaspace   ] GC(14) Metaspace: 71491K(72000K)->71491K(72000K) NonClass: 56706K(57024K)->56706K(57024K) Class: 14785K(14976K)->14785K(14976K)
[10.704s][info][gc             ] GC(14) Pause Young (Allocation Failure) 313M->40M(989M) 1.345ms
[10.704s][info][gc,cpu         ] GC(14) User=0.00s Sys=0.00s Real=0.00s
[10.878s][info][gc,start       ] GC(15) Pause Young (Allocation Failure)
[10.879s][info][gc,heap        ] GC(15) PSYoungGen: 281376K(313344K)->1920K(313856K) Eden: 279552K(279552K)->0K(279552K) From: 1824K(33792K)->1920K(34304K)
[10.879s][info][gc,heap        ] GC(15) ParOldGen: 39328K(699392K)->39560K(699392K)
[10.879s][info][gc,metaspace   ] GC(15) Metaspace: 71538K(72000K)->71538K(72000K) NonClass: 56744K(57024K)->56744K(57024K) Class: 14793K(14976K)->14793K(14976K)
[10.879s][info][gc             ] GC(15) Pause Young (Allocation Failure) 313M->40M(989M) 1.344ms
[10.879s][info][gc,cpu         ] GC(15) User=0.00s Sys=0.00s Real=0.00s
[11.031s][info][gc,start       ] GC(16) Pause Young (Allocation Failure)
[11.032s][info][gc,heap        ] GC(16) PSYoungGen: 281471K(313856K)->1664K(312832K) Eden: 279551K(279552K)->0K(281088K) From: 1920K(34304K)->1664K(31744K)
[11.032s][info][gc,heap        ] GC(16) ParOldGen: 39560K(699392K)->39832K(699392K)
[11.033s][info][gc,metaspace   ] GC(16) Metaspace: 71539K(72000K)->71539K(72000K) NonClass: 56745K(57024K)->56745K(57024K) Class: 14794K(14976K)->14794K(14976K)
[11.033s][info][gc             ] GC(16) Pause Young (Allocation Failure) 313M->40M(988M) 1.247ms
[11.033s][info][gc,cpu         ] GC(16) User=0.00s Sys=0.00s Real=0.00s
[11.167s][info][gc,start       ] GC(17) Pause Young (Allocation Failure)
[11.168s][info][gc,heap        ] GC(17) PSYoungGen: 282752K(312832K)->1760K(313856K) Eden: 281088K(281088K)->0K(281088K) From: 1664K(31744K)->1760K(32768K)
[11.169s][info][gc,heap        ] GC(17) ParOldGen: 39832K(699392K)->39992K(699392K)
[11.169s][info][gc,metaspace   ] GC(17) Metaspace: 71541K(72000K)->71541K(72000K) NonClass: 56747K(57024K)->56747K(57024K) Class: 14794K(14976K)->14794K(14976K)
[11.169s][info][gc             ] GC(17) Pause Young (Allocation Failure) 315M->40M(989M) 1.210ms
[11.169s][info][gc,cpu         ] GC(17) User=0.00s Sys=0.00s Real=0.00s
[11.301s][info][gc,start       ] GC(18) Pause Young (Allocation Failure)
[11.303s][info][gc,heap        ] GC(18) PSYoungGen: 282848K(313856K)->1824K(314368K) Eden: 281088K(281088K)->0K(284672K) From: 1760K(32768K)->1824K(29696K)
[11.303s][info][gc,heap        ] GC(18) ParOldGen: 39992K(699392K)->40200K(699392K)
[11.303s][info][gc,metaspace   ] GC(18) Metaspace: 71567K(72000K)->71567K(72000K) NonClass: 56773K(57024K)->56773K(57024K) Class: 14794K(14976K)->14794K(14976K)
[11.303s][info][gc             ] GC(18) Pause Young (Allocation Failure) 315M->41M(990M) 1.238ms
[11.303s][info][gc,cpu         ] GC(18) User=0.00s Sys=0.00s Real=0.00s
[11.430s][info][gc,start       ] GC(19) Pause Young (Allocation Failure)
[11.432s][info][gc,heap        ] GC(19) PSYoungGen: 286496K(314368K)->1760K(279552K) Eden: 284672K(284672K)->0K(277504K) From: 1824K(29696K)->1760K(2048K)
[11.432s][info][gc,heap        ] GC(19) ParOldGen: 40200K(699392K)->40376K(699392K)
[11.432s][info][gc,metaspace   ] GC(19) Metaspace: 71569K(72000K)->71569K(72000K) NonClass: 56774K(57024K)->56774K(57024K) Class: 14794K(14976K)->14794K(14976K)
[11.432s][info][gc             ] GC(19) Pause Young (Allocation Failure) 319M->41M(956M) 1.466ms
[11.432s][info][gc,cpu         ] GC(19) User=0.00s Sys=0.00s Real=0.00s
[11.556s][info][gc,start       ] GC(20) Pause Young (Allocation Failure)
[11.559s][info][gc,heap        ] GC(20) PSYoungGen: 279264K(279552K)->1728K(291840K) Eden: 277504K(277504K)->0K(270848K) From: 1760K(2048K)->1728K(20992K)
[11.559s][info][gc,heap        ] GC(20) ParOldGen: 40376K(699392K)->40640K(699392K)
[11.559s][info][gc,metaspace   ] GC(20) Metaspace: 71569K(72000K)->71569K(72000K) NonClass: 56774K(57024K)->56774K(57024K) Class: 14794K(14976K)->14794K(14976K)
[11.559s][info][gc             ] GC(20) Pause Young (Allocation Failure) 312M->41M(968M) 2.358ms
[11.559s][info][gc,cpu         ] GC(20) User=0.00s Sys=0.00s Real=0.00s
[11.673s][info][gc,start       ] GC(21) Pause Young (Allocation Failure)
[11.676s][info][gc,heap        ] GC(21) PSYoungGen: 272576K(291840K)->1888K(266240K) Eden: 270848K(270848K)->0K(264192K) From: 1728K(20992K)->1888K(2048K)
[11.676s][info][gc,heap        ] GC(21) ParOldGen: 40640K(699392K)->40848K(699392K)
[11.676s][info][gc,metaspace   ] GC(21) Metaspace: 71569K(72000K)->71569K(72000K) NonClass: 56775K(57024K)->56775K(57024K) Class: 14794K(14976K)->14794K(14976K)
[11.676s][info][gc             ] GC(21) Pause Young (Allocation Failure) 305M->41M(943M) 2.478ms
[11.676s][info][gc,cpu         ] GC(21) User=0.00s Sys=0.00s Real=0.00s
[11.780s][info][gc,start       ] GC(22) Pause Young (Allocation Failure)
[11.782s][info][gc,heap        ] GC(22) PSYoungGen: 266080K(266240K)->1856K(276992K) Eden: 264192K(264192K)->0K(258048K) From: 1888K(2048K)->1856K(18944K)
[11.782s][info][gc,heap        ] GC(22) ParOldGen: 40848K(699392K)->41064K(699392K)
[11.782s][info][gc,metaspace   ] GC(22) Metaspace: 71570K(72000K)->71570K(72000K) NonClass: 56776K(57024K)->56776K(57024K) Class: 14794K(14976K)->14794K(14976K)
[11.783s][info][gc             ] GC(22) Pause Young (Allocation Failure) 299M->41M(953M) 2.448ms
[11.783s][info][gc,cpu         ] GC(22) User=0.00s Sys=0.00s Real=0.00s
[11.875s][info][gc,start       ] GC(23) Pause Young (Allocation Failure)
[11.877s][info][gc,heap        ] GC(23) PSYoungGen: 259904K(276992K)->1792K(253952K) Eden: 258048K(258048K)->0K(251904K) From: 1856K(18944K)->1792K(2048K)
[11.877s][info][gc,heap        ] GC(23) ParOldGen: 41064K(699392K)->41288K(699392K)
[11.877s][info][gc,metaspace   ] GC(23) Metaspace: 71570K(72000K)->71570K(72000K) NonClass: 56776K(57024K)->56776K(57024K) Class: 14794K(14976K)->14794K(14976K)
[11.877s][info][gc             ] GC(23) Pause Young (Allocation Failure) 293M->42M(931M) 2.382ms
[11.877s][info][gc,cpu         ] GC(23) User=0.00s Sys=0.00s Real=0.00s
[11.964s][info][gc,start       ] GC(24) Pause Young (Allocation Failure)
[11.965s][info][gc,heap        ] GC(24) PSYoungGen: 253696K(253952K)->1888K(277504K) Eden: 251904K(251904K)->0K(252928K) From: 1792K(2048K)->1888K(24576K)
[11.965s][info][gc,heap        ] GC(24) ParOldGen: 41288K(699392K)->41440K(699392K)
[11.965s][info][gc,metaspace   ] GC(24) Metaspace: 71570K(72000K)->71570K(72000K) NonClass: 56776K(57024K)->56776K(57024K) Class: 14794K(14976K)->14794K(14976K)
[11.965s][info][gc             ] GC(24) Pause Young (Allocation Failure) 288M->42M(954M) 1.300ms
[11.965s][info][gc,cpu         ] GC(24) User=0.00s Sys=0.00s Real=0.00s
[12.050s][info][gc,start       ] GC(25) Pause Young (Allocation Failure)
[12.052s][info][gc,heap        ] GC(25) PSYoungGen: 254816K(277504K)->1920K(276480K) Eden: 252928K(252928K)->0K(252928K) From: 1888K(24576K)->1920K(23552K)
[12.052s][info][gc,heap        ] GC(25) ParOldGen: 41440K(699392K)->41648K(699392K)
[12.052s][info][gc,metaspace   ] GC(25) Metaspace: 71571K(72000K)->71571K(72000K) NonClass: 56777K(57024K)->56777K(57024K) Class: 14794K(14976K)->14794K(14976K)
[12.052s][info][gc             ] GC(25) Pause Young (Allocation Failure) 289M->42M(953M) 1.240ms
[12.052s][info][gc,cpu         ] GC(25) User=0.00s Sys=0.00s Real=0.00s
[12.134s][info][gc,start       ] GC(26) Pause Young (Allocation Failure)
[12.136s][info][gc,heap        ] GC(26) PSYoungGen: 254848K(276480K)->1856K(324096K) Eden: 252928K(252928K)->0K(302080K) From: 1920K(23552K)->1856K(22016K)
[12.136s][info][gc,heap        ] GC(26) ParOldGen: 41648K(699392K)->41880K(699392K)
[12.136s][info][gc,metaspace   ] GC(26) Metaspace: 71574K(72064K)->71574K(72064K) NonClass: 56780K(57088K)->56780K(57088K) Class: 14794K(14976K)->14794K(14976K)
[12.136s][info][gc             ] GC(26) Pause Young (Allocation Failure) 289M->42M(999M) 1.619ms
[12.136s][info][gc,cpu         ] GC(26) User=0.00s Sys=0.00s Real=0.00s
[12.270s][info][gc,start       ] GC(27) Pause Young (Allocation Failure)
[12.272s][info][gc,heap        ] GC(27) PSYoungGen: 303936K(324096K)->1792K(323072K) Eden: 302080K(302080K)->0K(302080K) From: 1856K(22016K)->1792K(20992K)
[12.272s][info][gc,heap        ] GC(27) ParOldGen: 41880K(699392K)->42104K(699392K)
[12.272s][info][gc,metaspace   ] GC(27) Metaspace: 71574K(72064K)->71574K(72064K) NonClass: 56780K(57088K)->56780K(57088K) Class: 14794K(14976K)->14794K(14976K)
[12.272s][info][gc             ] GC(27) Pause Young (Allocation Failure) 337M->42M(998M) 1.510ms
[12.272s][info][gc,cpu         ] GC(27) User=0.00s Sys=0.00s Real=0.00s
[12.367s][info][gc,start       ] GC(28) Pause Young (Allocation Failure)
[12.371s][info][gc,heap        ] GC(28) PSYoungGen: 303871K(323072K)->1856K(326656K) Eden: 302079K(302080K)->0K(307712K) From: 1792K(20992K)->1856K(18944K)
[12.371s][info][gc,heap        ] GC(28) ParOldGen: 42104K(699392K)->42328K(699392K)
[12.371s][info][gc,metaspace   ] GC(28) Metaspace: 71574K(72064K)->71574K(72064K) NonClass: 56780K(57088K)->56780K(57088K) Class: 14794K(14976K)->14794K(14976K)
[12.371s][info][gc             ] GC(28) Pause Young (Allocation Failure) 337M->43M(1002M) 4.552ms
[12.371s][info][gc,cpu         ] GC(28) User=0.00s Sys=0.00s Real=0.00s
[12.500s][info][gc,start       ] GC(29) Pause Young (Allocation Failure)
[12.501s][info][gc,heap        ] GC(29) PSYoungGen: 309568K(326656K)->1888K(326144K) Eden: 307712K(307712K)->0K(307712K) From: 1856K(18944K)->1888K(18432K)
[12.501s][info][gc,heap        ] GC(29) ParOldGen: 42328K(699392K)->42592K(699392K)
[12.501s][info][gc,metaspace   ] GC(29) Metaspace: 71574K(72064K)->71574K(72064K) NonClass: 56780K(57088K)->56780K(57088K) Class: 14794K(14976K)->14794K(14976K)
[12.501s][info][gc             ] GC(29) Pause Young (Allocation Failure) 343M->43M(1001M) 1.407ms
[12.501s][info][gc,cpu         ] GC(29) User=0.00s Sys=0.00s Real=0.00s
[12.593s][info][gc,start       ] GC(30) Pause Young (Allocation Failure)
[12.594s][info][gc,heap        ] GC(30) PSYoungGen: 309600K(326144K)->1856K(329728K) Eden: 307712K(307712K)->0K(312832K) From: 1888K(18432K)->1856K(16896K)
[12.594s][info][gc,heap        ] GC(30) ParOldGen: 42592K(699392K)->42824K(699392K)
[12.594s][info][gc,metaspace   ] GC(30) Metaspace: 71574K(72064K)->71574K(72064K) NonClass: 56780K(57088K)->56780K(57088K) Class: 14794K(14976K)->14794K(14976K)
[12.594s][info][gc             ] GC(30) Pause Young (Allocation Failure) 343M->43M(1005M) 1.513ms
[12.594s][info][gc,cpu         ] GC(30) User=0.00s Sys=0.00s Real=0.00s
[12.686s][info][gc,start       ] GC(31) Pause Young (Allocation Failure)
[12.688s][info][gc,heap        ] GC(31) PSYoungGen: 314688K(329728K)->1760K(329216K) Eden: 312832K(312832K)->0K(312832K) From: 1856K(16896K)->1760K(16384K)
[12.688s][info][gc,heap        ] GC(31) ParOldGen: 42824K(699392K)->43048K(699392K)
[12.688s][info][gc,metaspace   ] GC(31) Metaspace: 71574K(72064K)->71574K(72064K) NonClass: 56780K(57088K)->56780K(57088K) Class: 14794K(14976K)->14794K(14976K)
[12.688s][info][gc             ] GC(31) Pause Young (Allocation Failure) 349M->43M(1004M) 1.524ms
[12.688s][info][gc,cpu         ] GC(31) User=0.00s Sys=0.00s Real=0.00s
[12.779s][info][gc,start       ] GC(32) Pause Young (Allocation Failure)
[12.780s][info][gc,heap        ] GC(32) PSYoungGen: 314592K(329216K)->1792K(331776K) Eden: 312832K(312832K)->0K(316928K) From: 1760K(16384K)->1792K(14848K)
[12.780s][info][gc,heap        ] GC(32) ParOldGen: 43048K(699392K)->43272K(699392K)
[12.780s][info][gc,metaspace   ] GC(32) Metaspace: 71581K(72064K)->71581K(72064K) NonClass: 56785K(57088K)->56785K(57088K) Class: 14795K(14976K)->14795K(14976K)
[12.780s][info][gc             ] GC(32) Pause Young (Allocation Failure) 349M->44M(1007M) 1.435ms
[12.780s][info][gc,cpu         ] GC(32) User=0.00s Sys=0.00s Real=0.00s
[12.897s][info][gc,start       ] GC(33) Pause Young (Allocation Failure)
[12.898s][info][gc,heap        ] GC(33) PSYoungGen: 318720K(331776K)->1760K(331776K) Eden: 316928K(316928K)->0K(316928K) From: 1792K(14848K)->1760K(14848K)
[12.898s][info][gc,heap        ] GC(33) ParOldGen: 43272K(699392K)->43496K(699392K)
[12.898s][info][gc,metaspace   ] GC(33) Metaspace: 71601K(72128K)->71601K(72128K) NonClass: 56803K(57152K)->56803K(57152K) Class: 14797K(14976K)->14797K(14976K)
[12.898s][info][gc             ] GC(33) Pause Young (Allocation Failure) 353M->44M(1007M) 1.468ms
[12.898s][info][gc,cpu         ] GC(33) User=0.00s Sys=0.00s Real=0.00s
[12.995s][info][gc,start       ] GC(34) Pause Young (Allocation Failure)
[12.997s][info][gc,heap        ] GC(34) PSYoungGen: 318688K(331776K)->1824K(333312K) Eden: 316928K(316928K)->0K(320512K) From: 1760K(14848K)->1824K(12800K)
[12.997s][info][gc,heap        ] GC(34) ParOldGen: 43496K(699392K)->43760K(699392K)
[12.997s][info][gc,metaspace   ] GC(34) Metaspace: 71603K(72128K)->71603K(72128K) NonClass: 56805K(57152K)->56805K(57152K) Class: 14797K(14976K)->14797K(14976K)
[12.997s][info][gc             ] GC(34) Pause Young (Allocation Failure) 353M->44M(1008M) 1.359ms
[12.997s][info][gc,cpu         ] GC(34) User=0.00s Sys=0.00s Real=0.00s
[13.091s][info][gc,start       ] GC(35) Pause Young (Allocation Failure)
[13.093s][info][gc,heap        ] GC(35) PSYoungGen: 322336K(333312K)->1824K(333312K) Eden: 320512K(320512K)->0K(320512K) From: 1824K(12800K)->1824K(12800K)
[13.093s][info][gc,heap        ] GC(35) ParOldGen: 43760K(699392K)->43952K(699392K)
[13.093s][info][gc,metaspace   ] GC(35) Metaspace: 71603K(72128K)->71603K(72128K) NonClass: 56805K(57152K)->56805K(57152K) Class: 14797K(14976K)->14797K(14976K)
[13.093s][info][gc             ] GC(35) Pause Young (Allocation Failure) 357M->44M(1008M) 1.594ms
[13.093s][info][gc,cpu         ] GC(35) User=0.00s Sys=0.00s Real=0.00s
[13.182s][info][gc,start       ] GC(36) Pause Young (Allocation Failure)
[13.184s][info][gc,heap        ] GC(36) PSYoungGen: 322336K(333312K)->1792K(334848K) Eden: 320512K(320512K)->0K(324096K) From: 1824K(12800K)->1792K(10752K)
[13.184s][info][gc,heap        ] GC(36) ParOldGen: 43952K(699392K)->44128K(699392K)
[13.184s][info][gc,metaspace   ] GC(36) Metaspace: 71603K(72128K)->71603K(72128K) NonClass: 56805K(57152K)->56805K(57152K) Class: 14797K(14976K)->14797K(14976K)
[13.184s][info][gc             ] GC(36) Pause Young (Allocation Failure) 357M->44M(1010M) 1.398ms
[13.184s][info][gc,cpu         ] GC(36) User=0.00s Sys=0.00s Real=0.00s
[13.261s][info][gc,start       ] GC(37) Pause Young (Allocation Failure)
[13.263s][info][gc,heap        ] GC(37) PSYoungGen: 325888K(334848K)->1920K(335360K) Eden: 324096K(324096K)->0K(324096K) From: 1792K(10752K)->1920K(11264K)
[13.263s][info][gc,heap        ] GC(37) ParOldGen: 44128K(699392K)->44272K(699392K)
[13.263s][info][gc,metaspace   ] GC(37) Metaspace: 71603K(72128K)->71603K(72128K) NonClass: 56805K(57152K)->56805K(57152K) Class: 14797K(14976K)->14797K(14976K)
[13.263s][info][gc             ] GC(37) Pause Young (Allocation Failure) 361M->45M(1010M) 1.348ms
[13.263s][info][gc,cpu         ] GC(37) User=0.00s Sys=0.00s Real=0.00s
[13.341s][info][gc,start       ] GC(38) Pause Young (Allocation Failure)
[13.343s][info][gc,heap        ] GC(38) PSYoungGen: 326016K(335360K)->2112K(336896K) Eden: 324096K(324096K)->0K(327168K) From: 1920K(11264K)->2112K(9728K)
[13.343s][info][gc,heap        ] GC(38) ParOldGen: 44272K(699392K)->44400K(699392K)
[13.343s][info][gc,metaspace   ] GC(38) Metaspace: 71603K(72128K)->71603K(72128K) NonClass: 56805K(57152K)->56805K(57152K) Class: 14797K(14976K)->14797K(14976K)
[13.343s][info][gc             ] GC(38) Pause Young (Allocation Failure) 361M->45M(1012M) 1.485ms
[13.343s][info][gc,cpu         ] GC(38) User=0.00s Sys=0.00s Real=0.00s
[13.421s][info][gc,start       ] GC(39) Pause Young (Allocation Failure)
[13.423s][info][gc,heap        ] GC(39) PSYoungGen: 329280K(336896K)->1856K(337408K) Eden: 327168K(327168K)->0K(327168K) From: 2112K(9728K)->1856K(10240K)
[13.423s][info][gc,heap        ] GC(39) ParOldGen: 44400K(699392K)->44664K(699392K)
[13.423s][info][gc,metaspace   ] GC(39) Metaspace: 71603K(72128K)->71603K(72128K) NonClass: 56805K(57152K)->56805K(57152K) Class: 14797K(14976K)->14797K(14976K)
[13.423s][info][gc             ] GC(39) Pause Young (Allocation Failure) 364M->45M(1012M) 1.364ms
[13.423s][info][gc,cpu         ] GC(39) User=0.00s Sys=0.00s Real=0.00s
[13.501s][info][gc,start       ] GC(40) Pause Young (Allocation Failure)
[13.502s][info][gc,heap        ] GC(40) PSYoungGen: 329024K(337408K)->2048K(336896K) Eden: 327168K(327168K)->0K(329216K) From: 1856K(10240K)->2048K(7680K)
[13.502s][info][gc,heap        ] GC(40) ParOldGen: 44664K(699392K)->44768K(699392K)
[13.502s][info][gc,metaspace   ] GC(40) Metaspace: 71603K(72128K)->71603K(72128K) NonClass: 56805K(57152K)->56805K(57152K) Class: 14797K(14976K)->14797K(14976K)
[13.502s][info][gc             ] GC(40) Pause Young (Allocation Failure) 364M->45M(1012M) 1.348ms
[13.502s][info][gc,cpu         ] GC(40) User=0.00s Sys=0.00s Real=0.00s
[13.603s][info][gc,start       ] GC(41) Pause Young (Allocation Failure)
[13.604s][info][gc,heap        ] GC(41) PSYoungGen: 331264K(336896K)->2016K(337920K) Eden: 329216K(329216K)->0K(329216K) From: 2048K(7680K)->2016K(8704K)
[13.604s][info][gc,heap        ] GC(41) ParOldGen: 44768K(699392K)->44912K(699392K)
[13.604s][info][gc,metaspace   ] GC(41) Metaspace: 71604K(72128K)->71604K(72128K) NonClass: 56806K(57152K)->56806K(57152K) Class: 14798K(14976K)->14798K(14976K)
[13.604s][info][gc             ] GC(41) Pause Young (Allocation Failure) 367M->45M(1013M) 1.094ms
[13.604s][info][gc,cpu         ] GC(41) User=0.00s Sys=0.00s Real=0.00s
[13.683s][info][gc,start       ] GC(42) Pause Young (Allocation Failure)
[13.684s][info][gc,heap        ] GC(42) PSYoungGen: 331232K(337920K)->1920K(338944K) Eden: 329216K(329216K)->0K(332288K) From: 2016K(8704K)->1920K(6656K)
[13.684s][info][gc,heap        ] GC(42) ParOldGen: 44912K(699392K)->45024K(699392K)
[13.684s][info][gc,metaspace   ] GC(42) Metaspace: 71604K(72128K)->71604K(72128K) NonClass: 56806K(57152K)->56806K(57152K) Class: 14798K(14976K)->14798K(14976K)
[13.684s][info][gc             ] GC(42) Pause Young (Allocation Failure) 367M->45M(1014M) 1.536ms
[13.684s][info][gc,cpu         ] GC(42) User=0.00s Sys=0.00s Real=0.00s
[13.764s][info][gc,start       ] GC(43) Pause Young (Allocation Failure)
[13.765s][info][gc,heap        ] GC(43) PSYoungGen: 334208K(338944K)->1984K(339968K) Eden: 332288K(332288K)->0K(332288K) From: 1920K(6656K)->1984K(7680K)
[13.765s][info][gc,heap        ] GC(43) ParOldGen: 45024K(699392K)->45096K(699392K)
[13.765s][info][gc,metaspace   ] GC(43) Metaspace: 71605K(72128K)->71605K(72128K) NonClass: 56807K(57152K)->56807K(57152K) Class: 14798K(14976K)->14798K(14976K)
[13.765s][info][gc             ] GC(43) Pause Young (Allocation Failure) 370M->45M(1015M) 1.052ms
[13.765s][info][gc,cpu         ] GC(43) User=0.00s Sys=0.00s Real=0.00s
[13.844s][info][gc,start       ] GC(44) Pause Young (Allocation Failure)
[13.845s][info][gc,heap        ] GC(44) PSYoungGen: 334272K(339968K)->1952K(340480K) Eden: 332288K(332288K)->0K(333824K) From: 1984K(7680K)->1952K(6656K)
[13.845s][info][gc,heap        ] GC(44) ParOldGen: 45096K(699392K)->45224K(699392K)
[13.845s][info][gc,metaspace   ] GC(44) Metaspace: 71605K(72128K)->71605K(72128K) NonClass: 56807K(57152K)->56807K(57152K) Class: 14798K(14976K)->14798K(14976K)
[13.845s][info][gc             ] GC(44) Pause Young (Allocation Failure) 370M->46M(1015M) 1.125ms
[13.845s][info][gc,cpu         ] GC(44) User=0.00s Sys=0.00s Real=0.00s
[13.924s][info][gc,start       ] GC(45) Pause Young (Allocation Failure)
[13.926s][info][gc,heap        ] GC(45) PSYoungGen: 335776K(340480K)->2080K(340992K) Eden: 333824K(333824K)->0K(333824K) From: 1952K(6656K)->2080K(7168K)
[13.926s][info][gc,heap        ] GC(45) ParOldGen: 45224K(699392K)->45368K(699392K)
[13.926s][info][gc,metaspace   ] GC(45) Metaspace: 71606K(72128K)->71606K(72128K) NonClass: 56807K(57152K)->56807K(57152K) Class: 14798K(14976K)->14798K(14976K)
[13.926s][info][gc             ] GC(45) Pause Young (Allocation Failure) 372M->46M(1016M) 1.128ms
[13.926s][info][gc,cpu         ] GC(45) User=0.41s Sys=0.11s Real=0.00s
[14.005s][info][gc,start       ] GC(46) Pause Young (Allocation Failure)
[14.006s][info][gc,heap        ] GC(46) PSYoungGen: 335904K(340992K)->2080K(340992K) Eden: 333824K(333824K)->0K(335360K) From: 2080K(7168K)->2080K(5632K)
[14.006s][info][gc,heap        ] GC(46) ParOldGen: 45368K(699392K)->45528K(699392K)
[14.006s][info][gc,metaspace   ] GC(46) Metaspace: 71606K(72128K)->71606K(72128K) NonClass: 56807K(57152K)->56807K(57152K) Class: 14798K(14976K)->14798K(14976K)
[14.006s][info][gc             ] GC(46) Pause Young (Allocation Failure) 372M->46M(1016M) 1.249ms
[14.006s][info][gc,cpu         ] GC(46) User=0.00s Sys=0.00s Real=0.00s
[14.090s][info][gc,start       ] GC(47) Pause Young (Allocation Failure)
[14.091s][info][gc,heap        ] GC(47) PSYoungGen: 337440K(340992K)->2016K(341504K) Eden: 335360K(335360K)->0K(335360K) From: 2080K(5632K)->2016K(6144K)
[14.091s][info][gc,heap        ] GC(47) ParOldGen: 45528K(699392K)->45680K(699392K)
[14.091s][info][gc,metaspace   ] GC(47) Metaspace: 71606K(72128K)->71606K(72128K) NonClass: 56807K(57152K)->56807K(57152K) Class: 14798K(14976K)->14798K(14976K)
[14.091s][info][gc             ] GC(47) Pause Young (Allocation Failure) 373M->46M(1016M) 1.113ms
[14.091s][info][gc,cpu         ] GC(47) User=0.00s Sys=0.00s Real=0.00s
[14.171s][info][gc,start       ] GC(48) Pause Young (Allocation Failure)
[14.172s][info][gc,heap        ] GC(48) PSYoungGen: 337376K(341504K)->1984K(342016K) Eden: 335360K(335360K)->0K(336896K) From: 2016K(6144K)->1984K(5120K)
[14.172s][info][gc,heap        ] GC(48) ParOldGen: 45680K(699392K)->45760K(699392K)
[14.172s][info][gc,metaspace   ] GC(48) Metaspace: 71606K(72128K)->71606K(72128K) NonClass: 56807K(57152K)->56807K(57152K) Class: 14798K(14976K)->14798K(14976K)
[14.172s][info][gc             ] GC(48) Pause Young (Allocation Failure) 374M->46M(1017M) 1.331ms
[14.172s][info][gc,cpu         ] GC(48) User=0.00s Sys=0.00s Real=0.00s
[14.252s][info][gc,start       ] GC(49) Pause Young (Allocation Failure)
[14.253s][info][gc,heap        ] GC(49) PSYoungGen: 338880K(342016K)->1952K(342528K) Eden: 336896K(336896K)->0K(336896K) From: 1984K(5120K)->1952K(5632K)
[14.253s][info][gc,heap        ] GC(49) ParOldGen: 45760K(699392K)->45856K(699392K)
[14.253s][info][gc,metaspace   ] GC(49) Metaspace: 71607K(72128K)->71607K(72128K) NonClass: 56809K(57152K)->56809K(57152K) Class: 14798K(14976K)->14798K(14976K)
[14.253s][info][gc             ] GC(49) Pause Young (Allocation Failure) 375M->46M(1017M) 1.240ms
[14.253s][info][gc,cpu         ] GC(49) User=0.00s Sys=0.00s Real=0.00s
[14.333s][info][gc,start       ] GC(50) Pause Young (Allocation Failure)
[14.334s][info][gc,heap        ] GC(50) PSYoungGen: 338848K(342528K)->1984K(343552K) Eden: 336896K(336896K)->0K(338432K) From: 1952K(5632K)->1984K(5120K)
[14.334s][info][gc,heap        ] GC(50) ParOldGen: 45856K(699392K)->45968K(699392K)
[14.334s][info][gc,metaspace   ] GC(50) Metaspace: 71607K(72128K)->71607K(72128K) NonClass: 56809K(57152K)->56809K(57152K) Class: 14798K(14976K)->14798K(14976K)
[14.334s][info][gc             ] GC(50) Pause Young (Allocation Failure) 375M->46M(1018M) 1.117ms
[14.334s][info][gc,cpu         ] GC(50) User=0.00s Sys=0.00s Real=0.00s
[14.414s][info][gc,start       ] GC(51) Pause Young (Allocation Failure)
[14.415s][info][gc,heap        ] GC(51) PSYoungGen: 340416K(343552K)->1984K(343552K) Eden: 338432K(338432K)->0K(338432K) From: 1984K(5120K)->1984K(5120K)
[14.415s][info][gc,heap        ] GC(51) ParOldGen: 45968K(699392K)->46232K(699392K)
[14.415s][info][gc,metaspace   ] GC(51) Metaspace: 71607K(72128K)->71607K(72128K) NonClass: 56809K(57152K)->56809K(57152K) Class: 14798K(14976K)->14798K(14976K)
[14.415s][info][gc             ] GC(51) Pause Young (Allocation Failure) 377M->47M(1018M) 1.162ms
[14.416s][info][gc,cpu         ] GC(51) User=0.00s Sys=0.00s Real=0.00s
[14.496s][info][gc,start       ] GC(52) Pause Young (Allocation Failure)
[14.497s][info][gc,heap        ] GC(52) PSYoungGen: 340416K(343552K)->2080K(343040K) Eden: 338432K(338432K)->0K(338944K) From: 1984K(5120K)->2080K(4096K)
[14.497s][info][gc,heap        ] GC(52) ParOldGen: 46232K(699392K)->46384K(699392K)
[14.497s][info][gc,metaspace   ] GC(52) Metaspace: 71607K(72128K)->71607K(72128K) NonClass: 56809K(57152K)->56809K(57152K) Class: 14798K(14976K)->14798K(14976K)
[14.497s][info][gc             ] GC(52) Pause Young (Allocation Failure) 377M->47M(1018M) 1.170ms
[14.497s][info][gc,cpu         ] GC(52) User=0.00s Sys=0.00s Real=0.00s
[14.577s][info][gc,start       ] GC(53) Pause Young (Allocation Failure)
[14.578s][info][gc,heap        ] GC(53) PSYoungGen: 341024K(343040K)->1952K(343552K) Eden: 338944K(338944K)->0K(338944K) From: 2080K(4096K)->1952K(4608K)
[14.578s][info][gc,heap        ] GC(53) ParOldGen: 46384K(699392K)->46472K(699392K)
[14.578s][info][gc,metaspace   ] GC(53) Metaspace: 71612K(72128K)->71612K(72128K) NonClass: 56814K(57152K)->56814K(57152K) Class: 14798K(14976K)->14798K(14976K)
[14.578s][info][gc             ] GC(53) Pause Young (Allocation Failure) 378M->47M(1018M) 1.075ms
[14.578s][info][gc,cpu         ] GC(53) User=0.00s Sys=0.00s Real=0.00s
[14.658s][info][gc,start       ] GC(54) Pause Young (Allocation Failure)
[14.659s][info][gc,heap        ] GC(54) PSYoungGen: 340896K(343552K)->1888K(343552K) Eden: 338944K(338944K)->0K(339968K) From: 1952K(4608K)->1888K(3584K)
[14.660s][info][gc,heap        ] GC(54) ParOldGen: 46472K(699392K)->46576K(699392K)
[14.660s][info][gc,metaspace   ] GC(54) Metaspace: 71613K(72128K)->71613K(72128K) NonClass: 56815K(57152K)->56815K(57152K) Class: 14798K(14976K)->14798K(14976K)
[14.660s][info][gc             ] GC(54) Pause Young (Allocation Failure) 378M->47M(1018M) 1.169ms
[14.660s][info][gc,cpu         ] GC(54) User=0.00s Sys=0.00s Real=0.00s
[14.740s][info][gc,start       ] GC(55) Pause Young (Allocation Failure)
[14.741s][info][gc,heap        ] GC(55) PSYoungGen: 341856K(343552K)->1920K(344064K) Eden: 339968K(339968K)->0K(339968K) From: 1888K(3584K)->1920K(4096K)
[14.741s][info][gc,heap        ] GC(55) ParOldGen: 46576K(699392K)->46672K(699392K)
[14.741s][info][gc,metaspace   ] GC(55) Metaspace: 71613K(72128K)->71613K(72128K) NonClass: 56815K(57152K)->56815K(57152K) Class: 14798K(14976K)->14798K(14976K)
[14.741s][info][gc             ] GC(55) Pause Young (Allocation Failure) 379M->47M(1019M) 1.118ms
[14.741s][info][gc,cpu         ] GC(55) User=0.00s Sys=0.00s Real=0.00s
[14.821s][info][gc,start       ] GC(56) Pause Young (Allocation Failure)
[14.822s][info][gc,heap        ] GC(56) PSYoungGen: 341888K(344064K)->1920K(345088K) Eden: 339968K(339968K)->0K(340992K) From: 1920K(4096K)->1920K(4096K)
[14.822s][info][gc,heap        ] GC(56) ParOldGen: 46672K(699392K)->46832K(699392K)
[14.822s][info][gc,metaspace   ] GC(56) Metaspace: 71613K(72128K)->71613K(72128K) NonClass: 56815K(57152K)->56815K(57152K) Class: 14798K(14976K)->14798K(14976K)
[14.822s][info][gc             ] GC(56) Pause Young (Allocation Failure) 379M->47M(1020M) 1.155ms
[14.822s][info][gc,cpu         ] GC(56) User=0.00s Sys=0.00s Real=0.00s
[14.903s][info][gc,start       ] GC(57) Pause Young (Allocation Failure)
[14.904s][info][gc,heap        ] GC(57) PSYoungGen: 342912K(345088K)->1856K(343040K) Eden: 340992K(340992K)->0K(340992K) From: 1920K(4096K)->1856K(2048K)
[14.904s][info][gc,heap        ] GC(57) ParOldGen: 46832K(699392K)->47000K(699392K)
[14.904s][info][gc,metaspace   ] GC(57) Metaspace: 71613K(72128K)->71613K(72128K) NonClass: 56815K(57152K)->56815K(57152K) Class: 14798K(14976K)->14798K(14976K)
[14.904s][info][gc             ] GC(57) Pause Young (Allocation Failure) 380M->47M(1018M) 1.094ms
[14.904s][info][gc,cpu         ] GC(57) User=0.00s Sys=0.00s Real=0.00s
[14.984s][info][gc,start       ] GC(58) Pause Young (Allocation Failure)
[14.985s][info][gc,heap        ] GC(58) PSYoungGen: 342848K(343040K)->2048K(344576K) Eden: 340992K(340992K)->0K(340992K) From: 1856K(2048K)->2048K(3584K)
[14.985s][info][gc,heap        ] GC(58) ParOldGen: 47000K(699392K)->47152K(699392K)
[14.985s][info][gc,metaspace   ] GC(58) Metaspace: 71613K(72128K)->71613K(72128K) NonClass: 56815K(57152K)->56815K(57152K) Class: 14798K(14976K)->14798K(14976K)
[14.985s][info][gc             ] GC(58) Pause Young (Allocation Failure) 380M->48M(1019M) 1.052ms
[14.985s][info][gc,cpu         ] GC(58) User=0.00s Sys=0.00s Real=0.00s
[15.066s][info][gc,start       ] GC(59) Pause Young (Allocation Failure)
[15.067s][info][gc,heap        ] GC(59) PSYoungGen: 343040K(344576K)->1888K(344576K) Eden: 340992K(340992K)->0K(340992K) From: 2048K(3584K)->1888K(3584K)
[15.067s][info][gc,heap        ] GC(59) ParOldGen: 47152K(699392K)->47296K(699392K)
[15.067s][info][gc,metaspace   ] GC(59) Metaspace: 71613K(72128K)->71613K(72128K) NonClass: 56815K(57152K)->56815K(57152K) Class: 14798K(14976K)->14798K(14976K)
[15.067s][info][gc             ] GC(59) Pause Young (Allocation Failure) 381M->48M(1019M) 1.075ms
[15.067s][info][gc,cpu         ] GC(59) User=0.52s Sys=0.00s Real=0.00s
[15.147s][info][gc,start       ] GC(60) Pause Young (Allocation Failure)
[15.148s][info][gc,heap        ] GC(60) PSYoungGen: 342880K(344576K)->1920K(345600K) Eden: 340992K(340992K)->0K(342016K) From: 1888K(3584K)->1920K(3584K)
[15.148s][info][gc,heap        ] GC(60) ParOldGen: 47296K(699392K)->47384K(699392K)
[15.148s][info][gc,metaspace   ] GC(60) Metaspace: 71619K(72128K)->71619K(72128K) NonClass: 56821K(57152K)->56821K(57152K) Class: 14798K(14976K)->14798K(14976K)
[15.148s][info][gc             ] GC(60) Pause Young (Allocation Failure) 381M->48M(1020M) 1.152ms
[15.148s][info][gc,cpu         ] GC(60) User=0.00s Sys=0.00s Real=0.00s
[15.234s][info][gc,start       ] GC(61) Pause Young (Allocation Failure)
[15.235s][info][gc,heap        ] GC(61) PSYoungGen: 343936K(345600K)->1888K(345600K) Eden: 342016K(342016K)->0K(342016K) From: 1920K(3584K)->1888K(3584K)
[15.235s][info][gc,heap        ] GC(61) ParOldGen: 47384K(699392K)->47504K(699392K)
[15.235s][info][gc,metaspace   ] GC(61) Metaspace: 71772K(72320K)->71772K(72320K) NonClass: 56936K(57280K)->56936K(57280K) Class: 14836K(15040K)->14836K(15040K)
[15.235s][info][gc             ] GC(61) Pause Young (Allocation Failure) 382M->48M(1020M) 1.153ms
[15.236s][info][gc,cpu         ] GC(61) User=0.00s Sys=0.00s Real=0.00s
[15.344s][info][gc,start       ] GC(62) Pause Young (Allocation Failure)
[15.345s][info][gc,heap        ] GC(62) PSYoungGen: 343904K(345600K)->1952K(344576K) Eden: 342016K(342016K)->0K(342016K) From: 1888K(3584K)->1952K(2560K)
[15.345s][info][gc,heap        ] GC(62) ParOldGen: 47504K(699392K)->47768K(699392K)
[15.345s][info][gc,metaspace   ] GC(62) Metaspace: 71791K(72320K)->71791K(72320K) NonClass: 56954K(57280K)->56954K(57280K) Class: 14836K(15040K)->14836K(15040K)
[15.345s][info][gc             ] GC(62) Pause Young (Allocation Failure) 382M->48M(1019M) 1.322ms
[15.345s][info][gc,cpu         ] GC(62) User=0.00s Sys=0.00s Real=0.00s
[15.461s][info][gc,start       ] GC(63) Pause Young (Allocation Failure)
[15.463s][info][gc,heap        ] GC(63) PSYoungGen: 343968K(344576K)->1792K(345088K) Eden: 342016K(342016K)->0K(342016K) From: 1952K(2560K)->1792K(3072K)
[15.463s][info][gc,heap        ] GC(63) ParOldGen: 47768K(699392K)->48104K(699392K)
[15.463s][info][gc,metaspace   ] GC(63) Metaspace: 71803K(72320K)->71803K(72320K) NonClass: 56966K(57280K)->56966K(57280K) Class: 14836K(15040K)->14836K(15040K)
[15.463s][info][gc             ] GC(63) Pause Young (Allocation Failure) 382M->48M(1020M) 1.240ms
[15.463s][info][gc,cpu         ] GC(63) User=0.00s Sys=0.00s Real=0.00s
[15.564s][info][gc,start       ] GC(64) Pause Young (Allocation Failure)
[15.565s][info][gc,heap        ] GC(64) PSYoungGen: 343808K(345088K)->1664K(346112K) Eden: 342016K(342016K)->0K(343040K) From: 1792K(3072K)->1664K(3072K)
[15.565s][info][gc,heap        ] GC(64) ParOldGen: 48104K(699392K)->48416K(699392K)
[15.565s][info][gc,metaspace   ] GC(64) Metaspace: 71806K(72320K)->71806K(72320K) NonClass: 56969K(57280K)->56969K(57280K) Class: 14836K(15040K)->14836K(15040K)
[15.565s][info][gc             ] GC(64) Pause Young (Allocation Failure) 382M->48M(1021M) 1.109ms
[15.565s][info][gc,cpu         ] GC(64) User=0.00s Sys=0.00s Real=0.00s
[15.665s][info][gc,start       ] GC(65) Pause Young (Allocation Failure)
[15.666s][info][gc,heap        ] GC(65) PSYoungGen: 344704K(346112K)->1536K(335360K) Eden: 343040K(343040K)->0K(333824K) From: 1664K(3072K)->1536K(1536K)
[15.666s][info][gc,heap        ] GC(65) ParOldGen: 48416K(699392K)->48680K(699392K)
[15.666s][info][gc,metaspace   ] GC(65) Metaspace: 71808K(72320K)->71808K(72320K) NonClass: 56972K(57280K)->56972K(57280K) Class: 14836K(15040K)->14836K(15040K)
[15.666s][info][gc             ] GC(65) Pause Young (Allocation Failure) 383M->49M(1010M) 1.254ms
[15.666s][info][gc,cpu         ] GC(65) User=0.00s Sys=0.00s Real=0.00s
[15.761s][info][gc,start       ] GC(66) Pause Young (Allocation Failure)
[15.762s][info][gc,heap        ] GC(66) PSYoungGen: 335360K(335360K)->1504K(326144K) Eden: 333824K(333824K)->0K(324608K) From: 1536K(1536K)->1504K(1536K)
[15.763s][info][gc,heap        ] GC(66) ParOldGen: 48680K(699392K)->48936K(699392K)
[15.763s][info][gc,metaspace   ] GC(66) Metaspace: 71837K(72384K)->71837K(72384K) NonClass: 57000K(57344K)->57000K(57344K) Class: 14836K(15040K)->14836K(15040K)
[15.763s][info][gc             ] GC(66) Pause Young (Allocation Failure) 375M->49M(1001M) 1.154ms
[15.763s][info][gc,cpu         ] GC(66) User=0.00s Sys=0.00s Real=0.00s
[15.855s][info][gc,start       ] GC(67) Pause Young (Allocation Failure)
[15.857s][info][gc,heap        ] GC(67) PSYoungGen: 326112K(326144K)->1408K(317440K) Eden: 324608K(324608K)->0K(315904K) From: 1504K(1536K)->1408K(1536K)
[15.857s][info][gc,heap        ] GC(67) ParOldGen: 48936K(699392K)->49232K(699392K)
[15.857s][info][gc,metaspace   ] GC(67) Metaspace: 71840K(72384K)->71840K(72384K) NonClass: 57004K(57344K)->57004K(57344K) Class: 14836K(15040K)->14836K(15040K)
[15.857s][info][gc             ] GC(67) Pause Young (Allocation Failure) 366M->49M(993M) 1.171ms
[15.857s][info][gc,cpu         ] GC(67) User=0.00s Sys=0.00s Real=0.00s
[15.951s][info][gc,start       ] GC(68) Pause Young (Allocation Failure)
[15.952s][info][gc,heap        ] GC(68) PSYoungGen: 317312K(317440K)->1344K(309248K) Eden: 315904K(315904K)->0K(307712K) From: 1408K(1536K)->1344K(1536K)
[15.952s][info][gc,heap        ] GC(68) ParOldGen: 49232K(699392K)->49464K(699392K)
[15.952s][info][gc,metaspace   ] GC(68) Metaspace: 71841K(72384K)->71841K(72384K) NonClass: 57005K(57344K)->57005K(57344K) Class: 14836K(15040K)->14836K(15040K)
[15.952s][info][gc             ] GC(68) Pause Young (Allocation Failure) 357M->49M(985M) 1.282ms
[15.952s][info][gc,cpu         ] GC(68) User=0.00s Sys=0.00s Real=0.00s
[16.044s][info][gc,start       ] GC(69) Pause Young (Allocation Failure)
[16.045s][info][gc,heap        ] GC(69) PSYoungGen: 309056K(309248K)->1248K(301056K) Eden: 307712K(307712K)->0K(299520K) From: 1344K(1536K)->1248K(1536K)
[16.045s][info][gc,heap        ] GC(69) ParOldGen: 49464K(699392K)->49680K(699392K)
[16.045s][info][gc,metaspace   ] GC(69) Metaspace: 71844K(72384K)->71844K(72384K) NonClass: 57007K(57344K)->57007K(57344K) Class: 14836K(15040K)->14836K(15040K)
[16.045s][info][gc             ] GC(69) Pause Young (Allocation Failure) 350M->49M(977M) 1.089ms
[16.045s][info][gc,cpu         ] GC(69) User=0.00s Sys=0.00s Real=0.00s
[16.137s][info][gc,start       ] GC(70) Pause Young (Allocation Failure)
[16.138s][info][gc,heap        ] GC(70) PSYoungGen: 300768K(301056K)->1280K(293376K) Eden: 299520K(299520K)->0K(291840K) From: 1248K(1536K)->1280K(1536K)
[16.138s][info][gc,heap        ] GC(70) ParOldGen: 49680K(699392K)->49824K(699392K)
[16.138s][info][gc,metaspace   ] GC(70) Metaspace: 71844K(72384K)->71844K(72384K) NonClass: 57007K(57344K)->57007K(57344K) Class: 14836K(15040K)->14836K(15040K)
[16.138s][info][gc             ] GC(70) Pause Young (Allocation Failure) 342M->49M(969M) 1.115ms
[16.138s][info][gc,cpu         ] GC(70) User=0.00s Sys=0.00s Real=0.00s
[16.233s][info][gc,start       ] GC(71) Pause Young (Allocation Failure)
[16.234s][info][gc,heap        ] GC(71) PSYoungGen: 293120K(293376K)->1120K(285696K) Eden: 291840K(291840K)->0K(284160K) From: 1280K(1536K)->1120K(1536K)
[16.234s][info][gc,heap        ] GC(71) ParOldGen: 49824K(699392K)->49960K(699392K)
[16.234s][info][gc,metaspace   ] GC(71) Metaspace: 71846K(72384K)->71846K(72384K) NonClass: 57009K(57344K)->57009K(57344K) Class: 14836K(15040K)->14836K(15040K)
[16.234s][info][gc             ] GC(71) Pause Young (Allocation Failure) 334M->49M(962M) 1.027ms
[16.234s][info][gc,cpu         ] GC(71) User=0.00s Sys=0.00s Real=0.00s
[16.334s][info][gc,start       ] GC(72) Pause Young (Allocation Failure)
[16.335s][info][gc,heap        ] GC(72) PSYoungGen: 285280K(285696K)->1184K(278528K) Eden: 284160K(284160K)->0K(276992K) From: 1120K(1536K)->1184K(1536K)
[16.335s][info][gc,heap        ] GC(72) ParOldGen: 49960K(699392K)->50240K(699392K)
[16.335s][info][gc,metaspace   ] GC(72) Metaspace: 71856K(72384K)->71856K(72384K) NonClass: 57019K(57344K)->57019K(57344K) Class: 14836K(15040K)->14836K(15040K)
[16.336s][info][gc             ] GC(72) Pause Young (Allocation Failure) 327M->50M(955M) 1.119ms
[16.336s][info][gc,cpu         ] GC(72) User=0.00s Sys=0.00s Real=0.00s
[16.443s][info][gc,start       ] GC(73) Pause Young (Allocation Failure)
[16.444s][info][gc,heap        ] GC(73) PSYoungGen: 278176K(278528K)->1152K(271872K) Eden: 276992K(276992K)->0K(270336K) From: 1184K(1536K)->1152K(1536K)
[16.444s][info][gc,heap        ] GC(73) ParOldGen: 50240K(699392K)->50528K(699392K)
[16.444s][info][gc,metaspace   ] GC(73) Metaspace: 71856K(72384K)->71856K(72384K) NonClass: 57019K(57344K)->57019K(57344K) Class: 14836K(15040K)->14836K(15040K)
[16.444s][info][gc             ] GC(73) Pause Young (Allocation Failure) 320M->50M(948M) 1.024ms
[16.444s][info][gc,cpu         ] GC(73) User=0.00s Sys=0.00s Real=0.00s
[16.553s][info][gc,start       ] GC(74) Pause Young (Allocation Failure)
[16.554s][info][gc,heap        ] GC(74) PSYoungGen: 271488K(271872K)->1120K(265216K) Eden: 270336K(270336K)->0K(263680K) From: 1152K(1536K)->1120K(1536K)
[16.554s][info][gc,heap        ] GC(74) ParOldGen: 50528K(699392K)->50776K(699392K)
[16.554s][info][gc,metaspace   ] GC(74) Metaspace: 71860K(72384K)->71860K(72384K) NonClass: 57023K(57344K)->57023K(57344K) Class: 14836K(15040K)->14836K(15040K)
[16.554s][info][gc             ] GC(74) Pause Young (Allocation Failure) 314M->50M(942M) 1.084ms
[16.554s][info][gc,cpu         ] GC(74) User=0.00s Sys=0.00s Real=0.00s
[16.664s][info][gc,start       ] GC(75) Pause Young (Allocation Failure)
[16.665s][info][gc,heap        ] GC(75) PSYoungGen: 264800K(265216K)->896K(258560K) Eden: 263680K(263680K)->0K(257536K) From: 1120K(1536K)->896K(1024K)
[16.665s][info][gc,heap        ] GC(75) ParOldGen: 50776K(699392K)->50960K(699392K)
[16.665s][info][gc,metaspace   ] GC(75) Metaspace: 71862K(72384K)->71862K(72384K) NonClass: 57026K(57344K)->57026K(57344K) Class: 14836K(15040K)->14836K(15040K)
[16.665s][info][gc             ] GC(75) Pause Young (Allocation Failure) 308M->50M(935M) 0.871ms
[16.665s][info][gc,cpu         ] GC(75) User=0.00s Sys=0.00s Real=0.00s
[16.787s][info][gc,start       ] GC(76) Pause Young (Allocation Failure)
[16.787s][info][gc,heap        ] GC(76) PSYoungGen: 258432K(258560K)->832K(252416K) Eden: 257536K(257536K)->0K(251392K) From: 896K(1024K)->832K(1024K)
[16.788s][info][gc,heap        ] GC(76) ParOldGen: 50960K(699392K)->51176K(699392K)
[16.788s][info][gc,metaspace   ] GC(76) Metaspace: 71867K(72384K)->71867K(72384K) NonClass: 57031K(57344K)->57031K(57344K) Class: 14836K(15040K)->14836K(15040K)
[16.788s][info][gc             ] GC(76) Pause Young (Allocation Failure) 302M->50M(929M) 1.026ms
[16.788s][info][gc,cpu         ] GC(76) User=0.00s Sys=0.00s Real=0.00s
[16.920s][info][gc,start       ] GC(77) Pause Young (Allocation Failure)
[16.921s][info][gc,heap        ] GC(77) PSYoungGen: 252224K(252416K)->768K(246272K) Eden: 251392K(251392K)->0K(245248K) From: 832K(1024K)->768K(1024K)
[16.921s][info][gc,heap        ] GC(77) ParOldGen: 51176K(699392K)->51336K(699392K)
[16.921s][info][gc,metaspace   ] GC(77) Metaspace: 71872K(72384K)->71872K(72384K) NonClass: 57036K(57344K)->57036K(57344K) Class: 14836K(15040K)->14836K(15040K)
[16.921s][info][gc             ] GC(77) Pause Young (Allocation Failure) 296M->50M(923M) 0.770ms
[16.921s][info][gc,cpu         ] GC(77) User=0.00s Sys=0.00s Real=0.00s
[17.064s][info][gc,start       ] GC(78) Pause Young (Allocation Failure)
[17.065s][info][gc,heap        ] GC(78) PSYoungGen: 246016K(246272K)->768K(240640K) Eden: 245248K(245248K)->0K(239616K) From: 768K(1024K)->768K(1024K)
[17.065s][info][gc,heap        ] GC(78) ParOldGen: 51336K(699392K)->51496K(699392K)
[17.065s][info][gc,metaspace   ] GC(78) Metaspace: 71877K(72384K)->71877K(72384K) NonClass: 57040K(57344K)->57040K(57344K) Class: 14836K(15040K)->14836K(15040K)
[17.065s][info][gc             ] GC(78) Pause Young (Allocation Failure) 290M->51M(918M) 0.941ms
[17.065s][info][gc,cpu         ] GC(78) User=0.00s Sys=0.00s Real=0.00s
[17.217s][info][gc,start       ] GC(79) Pause Young (Allocation Failure)
[17.217s][info][gc,heap        ] GC(79) PSYoungGen: 240384K(240640K)->736K(235008K) Eden: 239616K(239616K)->0K(233984K) From: 768K(1024K)->736K(1024K)
[17.217s][info][gc,heap        ] GC(79) ParOldGen: 51496K(699392K)->51648K(699392K)
[17.217s][info][gc,metaspace   ] GC(79) Metaspace: 71877K(72384K)->71877K(72384K) NonClass: 57040K(57344K)->57040K(57344K) Class: 14836K(15040K)->14836K(15040K)
[17.218s][info][gc             ] GC(79) Pause Young (Allocation Failure) 285M->51M(912M) 0.655ms
[17.218s][info][gc,cpu         ] GC(79) User=0.00s Sys=0.00s Real=0.00s
[17.367s][info][gc,start       ] GC(80) Pause Young (Allocation Failure)
[17.367s][info][gc,heap        ] GC(80) PSYoungGen: 234720K(235008K)->672K(229888K) Eden: 233984K(233984K)->0K(228864K) From: 736K(1024K)->672K(1024K)
[17.368s][info][gc,heap        ] GC(80) ParOldGen: 51648K(699392K)->51648K(699392K)
[17.368s][info][gc,metaspace   ] GC(80) Metaspace: 71877K(72384K)->71877K(72384K) NonClass: 57040K(57344K)->57040K(57344K) Class: 14836K(15040K)->14836K(15040K)
[17.368s][info][gc             ] GC(80) Pause Young (Allocation Failure) 279M->51M(907M) 0.817ms
[17.368s][info][gc,cpu         ] GC(80) User=0.00s Sys=0.00s Real=0.00s
[17.513s][info][gc,start       ] GC(81) Pause Young (Allocation Failure)
[17.514s][info][gc,heap        ] GC(81) PSYoungGen: 229536K(229888K)->672K(224768K) Eden: 228864K(228864K)->0K(223744K) From: 672K(1024K)->672K(1024K)
[17.514s][info][gc,heap        ] GC(81) ParOldGen: 51648K(699392K)->51752K(699392K)
[17.514s][info][gc,metaspace   ] GC(81) Metaspace: 71877K(72384K)->71877K(72384K) NonClass: 57040K(57344K)->57040K(57344K) Class: 14836K(15040K)->14836K(15040K)
[17.514s][info][gc             ] GC(81) Pause Young (Allocation Failure) 274M->51M(902M) 0.662ms
[17.514s][info][gc,cpu         ] GC(81) User=0.00s Sys=0.00s Real=0.00s
[17.657s][info][gc,start       ] GC(82) Pause Young (Allocation Failure)
[17.658s][info][gc,heap        ] GC(82) PSYoungGen: 224416K(224768K)->672K(219648K) Eden: 223744K(223744K)->0K(218624K) From: 672K(1024K)->672K(1024K)
[17.658s][info][gc,heap        ] GC(82) ParOldGen: 51752K(699392K)->51848K(699392K)
[17.658s][info][gc,metaspace   ] GC(82) Metaspace: 71877K(72384K)->71877K(72384K) NonClass: 57040K(57344K)->57040K(57344K) Class: 14836K(15040K)->14836K(15040K)
[17.658s][info][gc             ] GC(82) Pause Young (Allocation Failure) 269M->51M(897M) 0.806ms
[17.658s][info][gc,cpu         ] GC(82) User=0.00s Sys=0.00s Real=0.00s
[17.799s][info][gc,start       ] GC(83) Pause Young (Allocation Failure)
[17.799s][info][gc,heap        ] GC(83) PSYoungGen: 219296K(219648K)->704K(215040K) Eden: 218624K(218624K)->0K(214016K) From: 672K(1024K)->704K(1024K)
[17.799s][info][gc,heap        ] GC(83) ParOldGen: 51848K(699392K)->51848K(699392K)
[17.799s][info][gc,metaspace   ] GC(83) Metaspace: 71882K(72384K)->71882K(72384K) NonClass: 57045K(57344K)->57045K(57344K) Class: 14836K(15040K)->14836K(15040K)
[17.799s][info][gc             ] GC(83) Pause Young (Allocation Failure) 264M->51M(893M) 0.671ms
[17.799s][info][gc,cpu         ] GC(83) User=0.00s Sys=0.00s Real=0.00s
[17.943s][info][gc,start       ] GC(84) Pause Young (Allocation Failure)
[17.944s][info][gc,heap        ] GC(84) PSYoungGen: 214720K(215040K)->672K(210432K) Eden: 214016K(214016K)->0K(209408K) From: 704K(1024K)->672K(1024K)
[17.944s][info][gc,heap        ] GC(84) ParOldGen: 51848K(699392K)->51944K(699392K)
[17.944s][info][gc,metaspace   ] GC(84) Metaspace: 72232K(72768K)->72232K(72768K) NonClass: 57278K(57600K)->57278K(57600K) Class: 14954K(15168K)->14954K(15168K)
[17.944s][info][gc             ] GC(84) Pause Young (Allocation Failure) 260M->51M(888M) 0.999ms
[17.944s][info][gc,cpu         ] GC(84) User=0.00s Sys=0.00s Real=0.00s
[18.093s][info][gc,start       ] GC(85) Pause Young (System.gc())
[18.095s][info][gc,heap        ] GC(85) PSYoungGen: 206004K(210432K)->1344K(210944K) Eden: 205332K(209408K)->0K(209408K) From: 672K(1024K)->1344K(1536K)
[18.095s][info][gc,heap        ] GC(85) ParOldGen: 51944K(699392K)->52160K(699392K)
[18.095s][info][gc,metaspace   ] GC(85) Metaspace: 72277K(72768K)->72277K(72768K) NonClass: 57317K(57600K)->57317K(57600K) Class: 14959K(15168K)->14959K(15168K)
[18.095s][info][gc             ] GC(85) Pause Young (System.gc()) 251M->52M(889M) 2.674ms
[18.095s][info][gc,cpu         ] GC(85) User=0.00s Sys=0.00s Real=0.00s
[18.095s][info][gc,start       ] GC(86) Pause Full (System.gc())
[18.095s][info][gc,phases,start] GC(86) Marking Phase
[18.142s][info][gc,phases      ] GC(86) Marking Phase 46.077ms
[18.142s][info][gc,phases,start] GC(86) Summary Phase
[18.142s][info][gc,phases      ] GC(86) Summary Phase 0.014ms
[18.142s][info][gc,phases,start] GC(86) Adjust Roots
[18.155s][info][gc,phases      ] GC(86) Adjust Roots 13.242ms
[18.155s][info][gc,phases,start] GC(86) Compaction Phase
[18.171s][info][gc,phases      ] GC(86) Compaction Phase 15.944ms
[18.171s][info][gc,phases,start] GC(86) Post Compact
[18.172s][info][gc,phases      ] GC(86) Post Compact 1.048ms
[18.172s][info][gc,heap        ] GC(86) PSYoungGen: 1344K(210944K)->0K(210944K) Eden: 0K(209408K)->0K(209408K) From: 1344K(1536K)->0K(1536K)
[18.172s][info][gc,heap        ] GC(86) ParOldGen: 52160K(699392K)->34841K(699392K)
[18.172s][info][gc,metaspace   ] GC(86) Metaspace: 72277K(72768K)->72136K(72768K) NonClass: 57317K(57600K)->57219K(57600K) Class: 14959K(15168K)->14916K(15168K)
[18.172s][info][gc             ] GC(86) Pause Full (System.gc()) 52M->34M(889M) 76.643ms
[18.172s][info][gc,cpu         ] GC(86) User=0.59s Sys=0.00s Real=0.08s
[18.394s][info][gc,start       ] GC(87) Pause Young (Allocation Failure)
[18.396s][info][gc,heap        ] GC(87) PSYoungGen: 209408K(210944K)->2560K(207360K) Eden: 209408K(209408K)->0K(204800K) From: 0K(1536K)->2560K(2560K)
[18.396s][info][gc,heap        ] GC(87) ParOldGen: 34841K(699392K)->35953K(699392K)
[18.396s][info][gc,metaspace   ] GC(87) Metaspace: 72249K(72832K)->72249K(72832K) NonClass: 57323K(57664K)->57323K(57664K) Class: 14925K(15168K)->14925K(15168K)
[18.396s][info][gc             ] GC(87) Pause Young (Allocation Failure) 238M->37M(885M) 2.043ms
[18.396s][info][gc,cpu         ] GC(87) User=0.00s Sys=0.00s Real=0.00s
[18.484s][info][gc,start       ] GC(88) Pause Young (Allocation Failure)
[18.486s][info][gc,heap        ] GC(88) PSYoungGen: 207360K(207360K)->1856K(202752K) Eden: 204800K(204800K)->0K(200704K) From: 2560K(2560K)->1856K(2048K)
[18.486s][info][gc,heap        ] GC(88) ParOldGen: 35953K(699392K)->37793K(699392K)
[18.486s][info][gc,metaspace   ] GC(88) Metaspace: 72251K(72832K)->72251K(72832K) NonClass: 57326K(57664K)->57326K(57664K) Class: 14925K(15168K)->14925K(15168K)
[18.486s][info][gc             ] GC(88) Pause Young (Allocation Failure) 237M->38M(881M) 2.086ms
[18.486s][info][gc,cpu         ] GC(88) User=0.00s Sys=0.00s Real=0.00s
[18.567s][info][gc,start       ] GC(89) Pause Young (Allocation Failure)
[18.568s][info][gc,heap        ] GC(89) PSYoungGen: 202560K(202752K)->1728K(198656K) Eden: 200704K(200704K)->0K(196608K) From: 1856K(2048K)->1728K(2048K)
[18.568s][info][gc,heap        ] GC(89) ParOldGen: 37793K(699392K)->38025K(699392K)
[18.568s][info][gc,metaspace   ] GC(89) Metaspace: 72259K(72832K)->72259K(72832K) NonClass: 57334K(57664K)->57334K(57664K) Class: 14925K(15168K)->14925K(15168K)
[18.568s][info][gc             ] GC(89) Pause Young (Allocation Failure) 234M->38M(877M) 1.445ms
[18.568s][info][gc,cpu         ] GC(89) User=0.00s Sys=0.00s Real=0.00s
[18.643s][info][gc,start       ] GC(90) Pause Young (Allocation Failure)
[18.645s][info][gc,heap        ] GC(90) PSYoungGen: 198336K(198656K)->1792K(238080K) Eden: 196608K(196608K)->0K(236032K) From: 1728K(2048K)->1792K(2048K)
[18.645s][info][gc,heap        ] GC(90) ParOldGen: 38025K(699392K)->38185K(699392K)
[18.645s][info][gc,metaspace   ] GC(90) Metaspace: 72259K(72832K)->72259K(72832K) NonClass: 57334K(57664K)->57334K(57664K) Class: 14925K(15168K)->14925K(15168K)
[18.645s][info][gc             ] GC(90) Pause Young (Allocation Failure) 230M->39M(915M) 1.582ms
[18.645s][info][gc,cpu         ] GC(90) User=0.64s Sys=0.00s Real=0.00s
[18.737s][info][gc,start       ] GC(91) Pause Young (Allocation Failure)
[18.738s][info][gc,heap        ] GC(91) PSYoungGen: 237824K(238080K)->1760K(285696K) Eden: 236032K(236032K)->0K(283648K) From: 1792K(2048K)->1760K(2048K)
[18.739s][info][gc,heap        ] GC(91) ParOldGen: 38185K(699392K)->38369K(699392K)
[18.739s][info][gc,metaspace   ] GC(91) Metaspace: 72259K(72832K)->72259K(72832K) NonClass: 57334K(57664K)->57334K(57664K) Class: 14925K(15168K)->14925K(15168K)
[18.739s][info][gc             ] GC(91) Pause Young (Allocation Failure) 269M->39M(962M) 1.408ms
[18.739s][info][gc,cpu         ] GC(91) User=0.00s Sys=0.00s Real=0.00s
[18.846s][info][gc,start       ] GC(92) Pause Young (Allocation Failure)
[18.847s][info][gc,heap        ] GC(92) PSYoungGen: 285408K(285696K)->1728K(314880K) Eden: 283648K(283648K)->0K(311808K) From: 1760K(2048K)->1728K(3072K)
[18.847s][info][gc,heap        ] GC(92) ParOldGen: 38369K(699392K)->38553K(699392K)
[18.847s][info][gc,metaspace   ] GC(92) Metaspace: 72259K(72832K)->72259K(72832K) NonClass: 57334K(57664K)->57334K(57664K) Class: 14925K(15168K)->14925K(15168K)
[18.848s][info][gc             ] GC(92) Pause Young (Allocation Failure) 316M->39M(990M) 1.300ms
[18.848s][info][gc,cpu         ] GC(92) User=0.61s Sys=0.00s Real=0.00s
[18.953s][info][gc,start       ] GC(93) Pause Young (Allocation Failure)
[18.954s][info][gc,heap        ] GC(93) PSYoungGen: 313536K(314880K)->1792K(343552K) Eden: 311808K(311808K)->0K(340480K) From: 1728K(3072K)->1792K(3072K)
[18.954s][info][gc,heap        ] GC(93) ParOldGen: 38553K(699392K)->38753K(699392K)
[18.954s][info][gc,metaspace   ] GC(93) Metaspace: 72259K(72832K)->72259K(72832K) NonClass: 57334K(57664K)->57334K(57664K) Class: 14925K(15168K)->14925K(15168K)
[18.954s][info][gc             ] GC(93) Pause Young (Allocation Failure) 343M->39M(1018M) 1.542ms
[18.954s][info][gc,cpu         ] GC(93) User=0.00s Sys=0.00s Real=0.00s
[19.061s][info][gc,start       ] GC(94) Pause Young (Allocation Failure)
[19.062s][info][gc,heap        ] GC(94) PSYoungGen: 342272K(343552K)->1856K(343552K) Eden: 340480K(340480K)->0K(340480K) From: 1792K(3072K)->1856K(3072K)
[19.063s][info][gc,heap        ] GC(94) ParOldGen: 38753K(699392K)->38929K(699392K)
[19.063s][info][gc,metaspace   ] GC(94) Metaspace: 72259K(72832K)->72259K(72832K) NonClass: 57334K(57664K)->57334K(57664K) Class: 14925K(15168K)->14925K(15168K)
[19.063s][info][gc             ] GC(94) Pause Young (Allocation Failure) 372M->39M(1018M) 1.342ms
[19.063s][info][gc,cpu         ] GC(94) User=0.00s Sys=0.00s Real=0.00s
[19.165s][info][gc,start       ] GC(95) Pause Young (Allocation Failure)
[19.167s][info][gc,heap        ] GC(95) PSYoungGen: 342336K(343552K)->1696K(346112K) Eden: 340480K(340480K)->0K(343040K) From: 1856K(3072K)->1696K(3072K)
[19.167s][info][gc,heap        ] GC(95) ParOldGen: 38929K(699392K)->39105K(699392K)
[19.167s][info][gc,metaspace   ] GC(95) Metaspace: 72259K(72832K)->72259K(72832K) NonClass: 57334K(57664K)->57334K(57664K) Class: 14925K(15168K)->14925K(15168K)
[19.167s][info][gc             ] GC(95) Pause Young (Allocation Failure) 372M->39M(1021M) 1.540ms
[19.167s][info][gc,cpu         ] GC(95) User=0.00s Sys=0.00s Real=0.00s
[19.265s][info][gc,start       ] GC(96) Pause Young (Allocation Failure)
[19.266s][info][gc,heap        ] GC(96) PSYoungGen: 344736K(346112K)->1760K(346112K) Eden: 343040K(343040K)->0K(343040K) From: 1696K(3072K)->1760K(3072K)
[19.266s][info][gc,heap        ] GC(96) ParOldGen: 39105K(699392K)->39305K(699392K)
[19.266s][info][gc,metaspace   ] GC(96) Metaspace: 72259K(72832K)->72259K(72832K) NonClass: 57334K(57664K)->57334K(57664K) Class: 14925K(15168K)->14925K(15168K)
[19.266s][info][gc             ] GC(96) Pause Young (Allocation Failure) 374M->40M(1021M) 1.320ms
[19.266s][info][gc,cpu         ] GC(96) User=0.00s Sys=0.00s Real=0.00s
[19.350s][info][gc,start       ] GC(97) Pause Young (Allocation Failure)
[19.352s][info][gc,heap        ] GC(97) PSYoungGen: 344800K(346112K)->1952K(346112K) Eden: 343040K(343040K)->0K(343040K) From: 1760K(3072K)->1952K(3072K)
[19.352s][info][gc,heap        ] GC(97) ParOldGen: 39305K(699392K)->39457K(699392K)
[19.352s][info][gc,metaspace   ] GC(97) Metaspace: 72259K(72832K)->72259K(72832K) NonClass: 57334K(57664K)->57334K(57664K) Class: 14925K(15168K)->14925K(15168K)
[19.352s][info][gc             ] GC(97) Pause Young (Allocation Failure) 375M->40M(1021M) 1.173ms
[19.352s][info][gc,cpu         ] GC(97) User=0.00s Sys=0.00s Real=0.00s
[19.435s][info][gc,start       ] GC(98) Pause Young (Allocation Failure)
[19.436s][info][gc,heap        ] GC(98) PSYoungGen: 344992K(346112K)->1952K(346112K) Eden: 343040K(343040K)->0K(343040K) From: 1952K(3072K)->1952K(3072K)
[19.436s][info][gc,heap        ] GC(98) ParOldGen: 39457K(699392K)->39713K(699392K)
[19.436s][info][gc,metaspace   ] GC(98) Metaspace: 72259K(72832K)->72259K(72832K) NonClass: 57334K(57664K)->57334K(57664K) Class: 14925K(15168K)->14925K(15168K)
[19.436s][info][gc             ] GC(98) Pause Young (Allocation Failure) 375M->40M(1021M) 1.222ms
[19.436s][info][gc,cpu         ] GC(98) User=0.00s Sys=0.00s Real=0.00s
[19.519s][info][gc,start       ] GC(99) Pause Young (Allocation Failure)
[19.520s][info][gc,heap        ] GC(99) PSYoungGen: 344992K(346112K)->1888K(346112K) Eden: 343040K(343040K)->0K(343040K) From: 1952K(3072K)->1888K(3072K)
[19.520s][info][gc,heap        ] GC(99) ParOldGen: 39713K(699392K)->39809K(699392K)
[19.520s][info][gc,metaspace   ] GC(99) Metaspace: 72259K(72832K)->72259K(72832K) NonClass: 57334K(57664K)->57334K(57664K) Class: 14925K(15168K)->14925K(15168K)
[19.520s][info][gc             ] GC(99) Pause Young (Allocation Failure) 375M->40M(1021M) 1.147ms
[19.520s][info][gc,cpu         ] GC(99) User=0.00s Sys=0.00s Real=0.00s
[19.603s][info][gc,start       ] GC(100) Pause Young (Allocation Failure)
[19.604s][info][gc,heap        ] GC(100) PSYoungGen: 344928K(346112K)->1824K(346112K) Eden: 343040K(343040K)->0K(343040K) From: 1888K(3072K)->1824K(3072K)
[19.604s][info][gc,heap        ] GC(100) ParOldGen: 39809K(699392K)->39849K(699392K)
[19.604s][info][gc,metaspace   ] GC(100) Metaspace: 72259K(72832K)->72259K(72832K) NonClass: 57334K(57664K)->57334K(57664K) Class: 14925K(15168K)->14925K(15168K)
[19.604s][info][gc             ] GC(100) Pause Young (Allocation Failure) 375M->40M(1021M) 1.150ms
[19.604s][info][gc,cpu         ] GC(100) User=0.00s Sys=0.00s Real=0.00s
[19.687s][info][gc,start       ] GC(101) Pause Young (Allocation Failure)
[19.688s][info][gc,heap        ] GC(101) PSYoungGen: 344864K(346112K)->1952K(346112K) Eden: 343040K(343040K)->0K(343040K) From: 1824K(3072K)->1952K(3072K)
[19.688s][info][gc,heap        ] GC(101) ParOldGen: 39849K(699392K)->39921K(699392K)
[19.688s][info][gc,metaspace   ] GC(101) Metaspace: 72260K(72832K)->72260K(72832K) NonClass: 57335K(57664K)->57335K(57664K) Class: 14925K(15168K)->14925K(15168K)
[19.688s][info][gc             ] GC(101) Pause Young (Allocation Failure) 375M->40M(1021M) 1.152ms
[19.688s][info][gc,cpu         ] GC(101) User=0.00s Sys=0.00s Real=0.00s
[19.771s][info][gc,start       ] GC(102) Pause Young (Allocation Failure)
[19.772s][info][gc,heap        ] GC(102) PSYoungGen: 344992K(346112K)->1792K(346112K) Eden: 343040K(343040K)->0K(343040K) From: 1952K(3072K)->1792K(3072K)
[19.772s][info][gc,heap        ] GC(102) ParOldGen: 39921K(699392K)->40017K(699392K)
[19.772s][info][gc,metaspace   ] GC(102) Metaspace: 72260K(72832K)->72260K(72832K) NonClass: 57335K(57664K)->57335K(57664K) Class: 14925K(15168K)->14925K(15168K)
[19.772s][info][gc             ] GC(102) Pause Young (Allocation Failure) 375M->40M(1021M) 1.158ms
[19.772s][info][gc,cpu         ] GC(102) User=0.00s Sys=0.00s Real=0.00s
[19.855s][info][gc,start       ] GC(103) Pause Young (Allocation Failure)
[19.856s][info][gc,heap        ] GC(103) PSYoungGen: 344832K(346112K)->1920K(346112K) Eden: 343040K(343040K)->0K(343040K) From: 1792K(3072K)->1920K(3072K)
[19.856s][info][gc,heap        ] GC(103) ParOldGen: 40017K(699392K)->40137K(699392K)
[19.856s][info][gc,metaspace   ] GC(103) Metaspace: 72260K(72832K)->72260K(72832K) NonClass: 57335K(57664K)->57335K(57664K) Class: 14925K(15168K)->14925K(15168K)
[19.856s][info][gc             ] GC(103) Pause Young (Allocation Failure) 375M->41M(1021M) 1.153ms
[19.856s][info][gc,cpu         ] GC(103) User=0.00s Sys=0.00s Real=0.00s
[19.938s][info][gc,start       ] GC(104) Pause Young (Allocation Failure)
[19.939s][info][gc,heap        ] GC(104) PSYoungGen: 344960K(346112K)->1856K(346112K) Eden: 343040K(343040K)->0K(343040K) From: 1920K(3072K)->1856K(3072K)
[19.939s][info][gc,heap        ] GC(104) ParOldGen: 40137K(699392K)->40209K(699392K)
[19.939s][info][gc,metaspace   ] GC(104) Metaspace: 72260K(72832K)->72260K(72832K) NonClass: 57335K(57664K)->57335K(57664K) Class: 14925K(15168K)->14925K(15168K)
[19.939s][info][gc             ] GC(104) Pause Young (Allocation Failure) 376M->41M(1021M) 1.119ms
[19.939s][info][gc,cpu         ] GC(104) User=0.00s Sys=0.00s Real=0.00s
[20.022s][info][gc,start       ] GC(105) Pause Young (Allocation Failure)
[20.023s][info][gc,heap        ] GC(105) PSYoungGen: 344896K(346112K)->1856K(345088K) Eden: 343040K(343040K)->0K(343040K) From: 1856K(3072K)->1856K(2048K)
[20.023s][info][gc,heap        ] GC(105) ParOldGen: 40209K(699392K)->40313K(699392K)
[20.023s][info][gc,metaspace   ] GC(105) Metaspace: 72260K(72832K)->72260K(72832K) NonClass: 57335K(57664K)->57335K(57664K) Class: 14925K(15168K)->14925K(15168K)
[20.023s][info][gc             ] GC(105) Pause Young (Allocation Failure) 376M->41M(1020M) 1.160ms
[20.023s][info][gc,cpu         ] GC(105) User=0.00s Sys=0.00s Real=0.00s
[20.105s][info][gc,start       ] GC(106) Pause Young (Allocation Failure)
[20.107s][info][gc,heap        ] GC(106) PSYoungGen: 344896K(345088K)->1888K(345600K) Eden: 343040K(343040K)->0K(343040K) From: 1856K(2048K)->1888K(2560K)
[20.107s][info][gc,heap        ] GC(106) ParOldGen: 40313K(699392K)->40393K(699392K)
[20.107s][info][gc,metaspace   ] GC(106) Metaspace: 72260K(72832K)->72260K(72832K) NonClass: 57335K(57664K)->57335K(57664K) Class: 14925K(15168K)->14925K(15168K)
[20.107s][info][gc             ] GC(106) Pause Young (Allocation Failure) 376M->41M(1020M) 1.197ms
[20.107s][info][gc,cpu         ] GC(106) User=0.00s Sys=0.00s Real=0.00s
[20.189s][info][gc,start       ] GC(107) Pause Young (Allocation Failure)
[20.190s][info][gc,heap        ] GC(107) PSYoungGen: 344928K(345600K)->1760K(346624K) Eden: 343040K(343040K)->0K(344064K) From: 1888K(2560K)->1760K(2560K)
[20.190s][info][gc,heap        ] GC(107) ParOldGen: 40393K(699392K)->40489K(699392K)
[20.190s][info][gc,metaspace   ] GC(107) Metaspace: 72260K(72832K)->72260K(72832K) NonClass: 57335K(57664K)->57335K(57664K) Class: 14925K(15168K)->14925K(15168K)
[20.190s][info][gc             ] GC(107) Pause Young (Allocation Failure) 376M->41M(1021M) 1.103ms
[20.190s][info][gc,cpu         ] GC(107) User=0.00s Sys=0.00s Real=0.00s
[20.273s][info][gc,start       ] GC(108) Pause Young (Allocation Failure)
[20.274s][info][gc,heap        ] GC(108) PSYoungGen: 345824K(346624K)->1920K(346624K) Eden: 344064K(344064K)->0K(344064K) From: 1760K(2560K)->1920K(2560K)
[20.274s][info][gc,heap        ] GC(108) ParOldGen: 40489K(699392K)->40625K(699392K)
[20.274s][info][gc,metaspace   ] GC(108) Metaspace: 72263K(72832K)->72263K(72832K) NonClass: 57337K(57664K)->57337K(57664K) Class: 14925K(15168K)->14925K(15168K)
[20.274s][info][gc             ] GC(108) Pause Young (Allocation Failure) 377M->41M(1021M) 1.167ms
[20.274s][info][gc,cpu         ] GC(108) User=0.00s Sys=0.00s Real=0.00s
[20.357s][info][gc,start       ] GC(109) Pause Young (Allocation Failure)
[20.358s][info][gc,heap        ] GC(109) PSYoungGen: 345984K(346624K)->1952K(346624K) Eden: 344064K(344064K)->0K(344064K) From: 1920K(2560K)->1952K(2560K)
[20.358s][info][gc,heap        ] GC(109) ParOldGen: 40625K(699392K)->40769K(699392K)
[20.358s][info][gc,metaspace   ] GC(109) Metaspace: 72263K(72832K)->72263K(72832K) NonClass: 57337K(57664K)->57337K(57664K) Class: 14925K(15168K)->14925K(15168K)
[20.359s][info][gc             ] GC(109) Pause Young (Allocation Failure) 377M->41M(1021M) 1.149ms
[20.359s][info][gc,cpu         ] GC(109) User=0.00s Sys=0.00s Real=0.00s
[20.447s][info][gc,start       ] GC(110) Pause Young (Allocation Failure)
[20.448s][info][gc,heap        ] GC(110) PSYoungGen: 346016K(346624K)->1824K(346624K) Eden: 344064K(344064K)->0K(344064K) From: 1952K(2560K)->1824K(2560K)
[20.448s][info][gc,heap        ] GC(110) ParOldGen: 40769K(699392K)->41033K(699392K)
[20.448s][info][gc,metaspace   ] GC(110) Metaspace: 72266K(72832K)->72266K(72832K) NonClass: 57341K(57664K)->57341K(57664K) Class: 14925K(15168K)->14925K(15168K)
[20.448s][info][gc             ] GC(110) Pause Young (Allocation Failure) 377M->41M(1021M) 1.131ms
[20.448s][info][gc,cpu         ] GC(110) User=0.00s Sys=0.00s Real=0.00s
[20.532s][info][gc,start       ] GC(111) Pause Young (Allocation Failure)
[20.533s][info][gc,heap        ] GC(111) PSYoungGen: 345888K(346624K)->1792K(346624K) Eden: 344064K(344064K)->0K(344064K) From: 1824K(2560K)->1792K(2560K)
[20.533s][info][gc,heap        ] GC(111) ParOldGen: 41033K(699392K)->41105K(699392K)
[20.533s][info][gc,metaspace   ] GC(111) Metaspace: 72266K(72832K)->72266K(72832K) NonClass: 57341K(57664K)->57341K(57664K) Class: 14925K(15168K)->14925K(15168K)
[20.533s][info][gc             ] GC(111) Pause Young (Allocation Failure) 377M->41M(1021M) 1.071ms
[20.533s][info][gc,cpu         ] GC(111) User=0.00s Sys=0.00s Real=0.00s
[20.616s][info][gc,start       ] GC(112) Pause Young (Allocation Failure)
[20.617s][info][gc,heap        ] GC(112) PSYoungGen: 345856K(346624K)->1824K(346624K) Eden: 344064K(344064K)->0K(344064K) From: 1792K(2560K)->1824K(2560K)
[20.617s][info][gc,heap        ] GC(112) ParOldGen: 41105K(699392K)->41193K(699392K)
[20.617s][info][gc,metaspace   ] GC(112) Metaspace: 72268K(72832K)->72268K(72832K) NonClass: 57343K(57664K)->57343K(57664K) Class: 14925K(15168K)->14925K(15168K)
[20.617s][info][gc             ] GC(112) Pause Young (Allocation Failure) 377M->42M(1021M) 1.154ms
[20.617s][info][gc,cpu         ] GC(112) User=0.00s Sys=0.00s Real=0.00s
[20.700s][info][gc,start       ] GC(113) Pause Young (Allocation Failure)
[20.701s][info][gc,heap        ] GC(113) PSYoungGen: 345888K(346624K)->1984K(346624K) Eden: 344064K(344064K)->0K(344064K) From: 1824K(2560K)->1984K(2560K)
[20.701s][info][gc,heap        ] GC(113) ParOldGen: 41193K(699392K)->41321K(699392K)
[20.701s][info][gc,metaspace   ] GC(113) Metaspace: 72268K(72832K)->72268K(72832K) NonClass: 57343K(57664K)->57343K(57664K) Class: 14925K(15168K)->14925K(15168K)
[20.701s][info][gc             ] GC(113) Pause Young (Allocation Failure) 378M->42M(1021M) 1.126ms
[20.701s][info][gc,cpu         ] GC(113) User=0.00s Sys=0.00s Real=0.00s
[20.784s][info][gc,start       ] GC(114) Pause Young (Allocation Failure)
[20.785s][info][gc,heap        ] GC(114) PSYoungGen: 346048K(346624K)->1856K(346624K) Eden: 344064K(344064K)->0K(344064K) From: 1984K(2560K)->1856K(2560K)
[20.785s][info][gc,heap        ] GC(114) ParOldGen: 41321K(699392K)->41441K(699392K)
[20.785s][info][gc,metaspace   ] GC(114) Metaspace: 72268K(72832K)->72268K(72832K) NonClass: 57343K(57664K)->57343K(57664K) Class: 14925K(15168K)->14925K(15168K)
[20.785s][info][gc             ] GC(114) Pause Young (Allocation Failure) 378M->42M(1021M) 1.145ms
[20.785s][info][gc,cpu         ] GC(114) User=0.00s Sys=0.00s Real=0.00s
[20.867s][info][gc,start       ] GC(115) Pause Young (Allocation Failure)
[20.868s][info][gc,heap        ] GC(115) PSYoungGen: 345920K(346624K)->1856K(346624K) Eden: 344064K(344064K)->0K(344064K) From: 1856K(2560K)->1856K(2560K)
[20.868s][info][gc,heap        ] GC(115) ParOldGen: 41441K(699392K)->41545K(699392K)
[20.869s][info][gc,metaspace   ] GC(115) Metaspace: 72268K(72832K)->72268K(72832K) NonClass: 57343K(57664K)->57343K(57664K) Class: 14925K(15168K)->14925K(15168K)
[20.869s][info][gc             ] GC(115) Pause Young (Allocation Failure) 378M->42M(1021M) 1.130ms
[20.869s][info][gc,cpu         ] GC(115) User=0.00s Sys=0.00s Real=0.00s
[20.951s][info][gc,start       ] GC(116) Pause Young (Allocation Failure)
[20.952s][info][gc,heap        ] GC(116) PSYoungGen: 345920K(346624K)->1824K(346624K) Eden: 344064K(344064K)->0K(344064K) From: 1856K(2560K)->1824K(2560K)
[20.952s][info][gc,heap        ] GC(116) ParOldGen: 41545K(699392K)->41641K(699392K)
[20.952s][info][gc,metaspace   ] GC(116) Metaspace: 72268K(72832K)->72268K(72832K) NonClass: 57343K(57664K)->57343K(57664K) Class: 14925K(15168K)->14925K(15168K)
[20.952s][info][gc             ] GC(116) Pause Young (Allocation Failure) 378M->42M(1021M) 1.109ms
[20.952s][info][gc,cpu         ] GC(116) User=0.00s Sys=0.00s Real=0.00s
[21.035s][info][gc,start       ] GC(117) Pause Young (Allocation Failure)
[21.036s][info][gc,heap        ] GC(117) PSYoungGen: 345888K(346624K)->1824K(346624K) Eden: 344064K(344064K)->0K(344064K) From: 1824K(2560K)->1824K(2560K)
[21.036s][info][gc,heap        ] GC(117) ParOldGen: 41641K(699392K)->41729K(699392K)
[21.036s][info][gc,metaspace   ] GC(117) Metaspace: 72268K(72832K)->72268K(72832K) NonClass: 57343K(57664K)->57343K(57664K) Class: 14925K(15168K)->14925K(15168K)
[21.036s][info][gc             ] GC(117) Pause Young (Allocation Failure) 378M->42M(1021M) 1.156ms
[21.036s][info][gc,cpu         ] GC(117) User=0.00s Sys=0.00s Real=0.00s
[21.119s][info][gc,start       ] GC(118) Pause Young (Allocation Failure)
[21.120s][info][gc,heap        ] GC(118) PSYoungGen: 345888K(346624K)->1792K(346624K) Eden: 344064K(344064K)->0K(344064K) From: 1824K(2560K)->1792K(2560K)
[21.120s][info][gc,heap        ] GC(118) ParOldGen: 41729K(699392K)->41801K(699392K)
[21.120s][info][gc,metaspace   ] GC(118) Metaspace: 72268K(72832K)->72268K(72832K) NonClass: 57343K(57664K)->57343K(57664K) Class: 14925K(15168K)->14925K(15168K)
[21.120s][info][gc             ] GC(118) Pause Young (Allocation Failure) 378M->42M(1021M) 1.105ms
[21.120s][info][gc,cpu         ] GC(118) User=0.00s Sys=0.00s Real=0.00s
[21.203s][info][gc,start       ] GC(119) Pause Young (Allocation Failure)
[21.204s][info][gc,heap        ] GC(119) PSYoungGen: 345856K(346624K)->1792K(346624K) Eden: 344064K(344064K)->0K(344064K) From: 1792K(2560K)->1792K(2560K)
[21.204s][info][gc,heap        ] GC(119) ParOldGen: 41801K(699392K)->41905K(699392K)
[21.204s][info][gc,metaspace   ] GC(119) Metaspace: 72268K(72832K)->72268K(72832K) NonClass: 57343K(57664K)->57343K(57664K) Class: 14925K(15168K)->14925K(15168K)
[21.204s][info][gc             ] GC(119) Pause Young (Allocation Failure) 378M->42M(1021M) 1.136ms
[21.204s][info][gc,cpu         ] GC(119) User=0.00s Sys=0.00s Real=0.00s
[21.286s][info][gc,start       ] GC(120) Pause Young (Allocation Failure)
[21.287s][info][gc,heap        ] GC(120) PSYoungGen: 345856K(346624K)->1856K(346624K) Eden: 344064K(344064K)->0K(344064K) From: 1792K(2560K)->1856K(2560K)
[21.287s][info][gc,heap        ] GC(120) ParOldGen: 41905K(699392K)->42057K(699392K)
[21.288s][info][gc,metaspace   ] GC(120) Metaspace: 72268K(72832K)->72268K(72832K) NonClass: 57343K(57664K)->57343K(57664K) Class: 14925K(15168K)->14925K(15168K)
[21.288s][info][gc             ] GC(120) Pause Young (Allocation Failure) 378M->42M(1021M) 1.160ms
[21.288s][info][gc,cpu         ] GC(120) User=0.00s Sys=0.00s Real=0.00s
[21.370s][info][gc,start       ] GC(121) Pause Young (Allocation Failure)
[21.371s][info][gc,heap        ] GC(121) PSYoungGen: 345920K(346624K)->1824K(346624K) Eden: 344064K(344064K)->0K(344064K) From: 1856K(2560K)->1824K(2560K)
[21.371s][info][gc,heap        ] GC(121) ParOldGen: 42057K(699392K)->42161K(699392K)
[21.371s][info][gc,metaspace   ] GC(121) Metaspace: 72268K(72832K)->72268K(72832K) NonClass: 57343K(57664K)->57343K(57664K) Class: 14925K(15168K)->14925K(15168K)
[21.371s][info][gc             ] GC(121) Pause Young (Allocation Failure) 378M->42M(1021M) 1.191ms
[21.371s][info][gc,cpu         ] GC(121) User=0.00s Sys=0.00s Real=0.00s
[21.454s][info][gc,start       ] GC(122) Pause Young (Allocation Failure)
[21.455s][info][gc,heap        ] GC(122) PSYoungGen: 345888K(346624K)->1856K(346112K) Eden: 344064K(344064K)->0K(344064K) From: 1824K(2560K)->1856K(2048K)
[21.455s][info][gc,heap        ] GC(122) ParOldGen: 42161K(699392K)->42425K(699392K)
[21.455s][info][gc,metaspace   ] GC(122) Metaspace: 72268K(72832K)->72268K(72832K) NonClass: 57343K(57664K)->57343K(57664K) Class: 14925K(15168K)->14925K(15168K)
[21.455s][info][gc             ] GC(122) Pause Young (Allocation Failure) 378M->43M(1021M) 1.246ms
[21.455s][info][gc,cpu         ] GC(122) User=0.00s Sys=0.00s Real=0.00s
[21.538s][info][gc,start       ] GC(123) Pause Young (Allocation Failure)
[21.539s][info][gc,heap        ] GC(123) PSYoungGen: 345920K(346112K)->1888K(346112K) Eden: 344064K(344064K)->0K(344064K) From: 1856K(2048K)->1888K(2048K)
[21.539s][info][gc,heap        ] GC(123) ParOldGen: 42425K(699392K)->42505K(699392K)
[21.539s][info][gc,metaspace   ] GC(123) Metaspace: 72268K(72832K)->72268K(72832K) NonClass: 57343K(57664K)->57343K(57664K) Class: 14925K(15168K)->14925K(15168K)
[21.539s][info][gc             ] GC(123) Pause Young (Allocation Failure) 379M->43M(1021M) 1.160ms
[21.539s][info][gc,cpu         ] GC(123) User=0.00s Sys=0.00s Real=0.00s
[21.622s][info][gc,start       ] GC(124) Pause Young (Allocation Failure)
[21.623s][info][gc,heap        ] GC(124) PSYoungGen: 345952K(346112K)->1824K(346112K) Eden: 344064K(344064K)->0K(344064K) From: 1888K(2048K)->1824K(2048K)
[21.623s][info][gc,heap        ] GC(124) ParOldGen: 42505K(699392K)->42585K(699392K)
[21.623s][info][gc,metaspace   ] GC(124) Metaspace: 72268K(72832K)->72268K(72832K) NonClass: 57343K(57664K)->57343K(57664K) Class: 14925K(15168K)->14925K(15168K)
[21.623s][info][gc             ] GC(124) Pause Young (Allocation Failure) 379M->43M(1021M) 1.115ms
[21.623s][info][gc,cpu         ] GC(124) User=0.00s Sys=0.00s Real=0.00s
[21.705s][info][gc,start       ] GC(125) Pause Young (Allocation Failure)
[21.706s][info][gc,heap        ] GC(125) PSYoungGen: 345888K(346112K)->1888K(347136K) Eden: 344064K(344064K)->0K(345088K) From: 1824K(2048K)->1888K(2048K)
[21.707s][info][gc,heap        ] GC(125) ParOldGen: 42585K(699392K)->42657K(699392K)
[21.707s][info][gc,metaspace   ] GC(125) Metaspace: 72268K(72832K)->72268K(72832K) NonClass: 57343K(57664K)->57343K(57664K) Class: 14925K(15168K)->14925K(15168K)
[21.707s][info][gc             ] GC(125) Pause Young (Allocation Failure) 379M->43M(1022M) 1.172ms
[21.707s][info][gc,cpu         ] GC(125) User=0.44s Sys=0.08s Real=0.00s
[21.790s][info][gc,start       ] GC(126) Pause Young (Allocation Failure)
[21.791s][info][gc,heap        ] GC(126) PSYoungGen: 346976K(347136K)->1888K(347136K) Eden: 345088K(345088K)->0K(345088K) From: 1888K(2048K)->1888K(2048K)
[21.791s][info][gc,heap        ] GC(126) ParOldGen: 42657K(699392K)->42753K(699392K)
[21.791s][info][gc,metaspace   ] GC(126) Metaspace: 72268K(72832K)->72268K(72832K) NonClass: 57343K(57664K)->57343K(57664K) Class: 14925K(15168K)->14925K(15168K)
[21.791s][info][gc             ] GC(126) Pause Young (Allocation Failure) 380M->43M(1022M) 1.147ms
[21.791s][info][gc,cpu         ] GC(126) User=0.00s Sys=0.00s Real=0.00s
[21.874s][info][gc,start       ] GC(127) Pause Young (Allocation Failure)
[21.875s][info][gc,heap        ] GC(127) PSYoungGen: 346976K(347136K)->1856K(347136K) Eden: 345088K(345088K)->0K(345088K) From: 1888K(2048K)->1856K(2048K)
[21.875s][info][gc,heap        ] GC(127) ParOldGen: 42753K(699392K)->42817K(699392K)
[21.875s][info][gc,metaspace   ] GC(127) Metaspace: 72268K(72832K)->72268K(72832K) NonClass: 57343K(57664K)->57343K(57664K) Class: 14925K(15168K)->14925K(15168K)
[21.875s][info][gc             ] GC(127) Pause Young (Allocation Failure) 380M->43M(1022M) 1.125ms
[21.875s][info][gc,cpu         ] GC(127) User=0.00s Sys=0.00s Real=0.00s
[21.958s][info][gc,start       ] GC(128) Pause Young (Allocation Failure)
[21.959s][info][gc,heap        ] GC(128) PSYoungGen: 346944K(347136K)->1888K(347136K) Eden: 345088K(345088K)->0K(345088K) From: 1856K(2048K)->1888K(2048K)
[21.959s][info][gc,heap        ] GC(128) ParOldGen: 42817K(699392K)->42913K(699392K)
[21.959s][info][gc,metaspace   ] GC(128) Metaspace: 72269K(72832K)->72269K(72832K) NonClass: 57344K(57664K)->57344K(57664K) Class: 14925K(15168K)->14925K(15168K)
[21.959s][info][gc             ] GC(128) Pause Young (Allocation Failure) 380M->43M(1022M) 1.174ms
[21.959s][info][gc,cpu         ] GC(128) User=0.00s Sys=0.00s Real=0.00s
[22.042s][info][gc,start       ] GC(129) Pause Young (Allocation Failure)
[22.043s][info][gc,heap        ] GC(129) PSYoungGen: 346975K(347136K)->1792K(347136K) Eden: 345087K(345088K)->0K(345088K) From: 1888K(2048K)->1792K(2048K)
[22.043s][info][gc,heap        ] GC(129) ParOldGen: 42913K(699392K)->42985K(699392K)
[22.043s][info][gc,metaspace   ] GC(129) Metaspace: 72275K(72832K)->72275K(72832K) NonClass: 57350K(57664K)->57350K(57664K) Class: 14925K(15168K)->14925K(15168K)
[22.043s][info][gc             ] GC(129) Pause Young (Allocation Failure) 380M->43M(1022M) 1.117ms
[22.043s][info][gc,cpu         ] GC(129) User=0.00s Sys=0.00s Real=0.00s
[22.129s][info][gc,start       ] GC(130) Pause Young (Allocation Failure)
[22.130s][info][gc,heap        ] GC(130) PSYoungGen: 346879K(347136K)->1760K(347136K) Eden: 345087K(345088K)->0K(345088K) From: 1792K(2048K)->1760K(2048K)
[22.131s][info][gc,heap        ] GC(130) ParOldGen: 42985K(699392K)->43097K(699392K)
[22.131s][info][gc,metaspace   ] GC(130) Metaspace: 72281K(72832K)->72281K(72832K) NonClass: 57355K(57664K)->57355K(57664K) Class: 14925K(15168K)->14925K(15168K)
[22.131s][info][gc             ] GC(130) Pause Young (Allocation Failure) 380M->43M(1022M) 1.185ms
[22.131s][info][gc,cpu         ] GC(130) User=0.00s Sys=0.00s Real=0.00s
[22.213s][info][gc,start       ] GC(131) Pause Young (Allocation Failure)
[22.214s][info][gc,heap        ] GC(131) PSYoungGen: 346848K(347136K)->1920K(347136K) Eden: 345088K(345088K)->0K(345088K) From: 1760K(2048K)->1920K(2048K)
[22.214s][info][gc,heap        ] GC(131) ParOldGen: 43097K(699392K)->43233K(699392K)
[22.214s][info][gc,metaspace   ] GC(131) Metaspace: 72281K(72832K)->72281K(72832K) NonClass: 57355K(57664K)->57355K(57664K) Class: 14925K(15168K)->14925K(15168K)
[22.214s][info][gc             ] GC(131) Pause Young (Allocation Failure) 380M->44M(1022M) 1.105ms
[22.214s][info][gc,cpu         ] GC(131) User=0.00s Sys=0.00s Real=0.00s
[22.297s][info][gc,start       ] GC(132) Pause Young (Allocation Failure)
[22.298s][info][gc,heap        ] GC(132) PSYoungGen: 347008K(347136K)->1824K(347136K) Eden: 345088K(345088K)->0K(345088K) From: 1920K(2048K)->1824K(2048K)
[22.298s][info][gc,heap        ] GC(132) ParOldGen: 43233K(699392K)->43329K(699392K)
[22.298s][info][gc,metaspace   ] GC(132) Metaspace: 72281K(72832K)->72281K(72832K) NonClass: 57355K(57664K)->57355K(57664K) Class: 14925K(15168K)->14925K(15168K)
[22.298s][info][gc             ] GC(132) Pause Young (Allocation Failure) 381M->44M(1022M) 1.132ms
[22.298s][info][gc,cpu         ] GC(132) User=0.00s Sys=0.00s Real=0.00s
[22.381s][info][gc,start       ] GC(133) Pause Young (Allocation Failure)
[22.382s][info][gc,heap        ] GC(133) PSYoungGen: 346912K(347136K)->1952K(347136K) Eden: 345088K(345088K)->0K(345088K) From: 1824K(2048K)->1952K(2048K)
[22.382s][info][gc,heap        ] GC(133) ParOldGen: 43329K(699392K)->43417K(699392K)
[22.382s][info][gc,metaspace   ] GC(133) Metaspace: 72281K(72832K)->72281K(72832K) NonClass: 57355K(57664K)->57355K(57664K) Class: 14925K(15168K)->14925K(15168K)
[22.382s][info][gc             ] GC(133) Pause Young (Allocation Failure) 381M->44M(1022M) 1.171ms
[22.382s][info][gc,cpu         ] GC(133) User=0.00s Sys=0.00s Real=0.00s
[22.465s][info][gc,start       ] GC(134) Pause Young (Allocation Failure)
[22.466s][info][gc,heap        ] GC(134) PSYoungGen: 347040K(347136K)->1888K(347136K) Eden: 345088K(345088K)->0K(345088K) From: 1952K(2048K)->1888K(2048K)
[22.466s][info][gc,heap        ] GC(134) ParOldGen: 43417K(699392K)->43673K(699392K)
[22.466s][info][gc,metaspace   ] GC(134) Metaspace: 72281K(72832K)->72281K(72832K) NonClass: 57355K(57664K)->57355K(57664K) Class: 14925K(15168K)->14925K(15168K)
[22.466s][info][gc             ] GC(134) Pause Young (Allocation Failure) 381M->44M(1022M) 1.207ms
[22.466s][info][gc,cpu         ] GC(134) User=0.00s Sys=0.00s Real=0.00s
[22.549s][info][gc,start       ] GC(135) Pause Young (Allocation Failure)
[22.550s][info][gc,heap        ] GC(135) PSYoungGen: 346976K(347136K)->1760K(347136K) Eden: 345088K(345088K)->0K(345088K) From: 1888K(2048K)->1760K(2048K)
[22.550s][info][gc,heap        ] GC(135) ParOldGen: 43673K(699392K)->43793K(699392K)
[22.550s][info][gc,metaspace   ] GC(135) Metaspace: 72281K(72832K)->72281K(72832K) NonClass: 57355K(57664K)->57355K(57664K) Class: 14925K(15168K)->14925K(15168K)
[22.550s][info][gc             ] GC(135) Pause Young (Allocation Failure) 381M->44M(1022M) 1.104ms
[22.551s][info][gc,cpu         ] GC(135) User=0.00s Sys=0.00s Real=0.00s
[22.633s][info][gc,start       ] GC(136) Pause Young (Allocation Failure)
[22.634s][info][gc,heap        ] GC(136) PSYoungGen: 346848K(347136K)->1792K(347136K) Eden: 345088K(345088K)->0K(345088K) From: 1760K(2048K)->1792K(2048K)
[22.634s][info][gc,heap        ] GC(136) ParOldGen: 43793K(699392K)->43913K(699392K)
[22.634s][info][gc,metaspace   ] GC(136) Metaspace: 72281K(72832K)->72281K(72832K) NonClass: 57355K(57664K)->57355K(57664K) Class: 14925K(15168K)->14925K(15168K)
[22.634s][info][gc             ] GC(136) Pause Young (Allocation Failure) 381M->44M(1022M) 1.153ms
[22.635s][info][gc,cpu         ] GC(136) User=0.00s Sys=0.00s Real=0.00s
[22.717s][info][gc,start       ] GC(137) Pause Young (Allocation Failure)
[22.718s][info][gc,heap        ] GC(137) PSYoungGen: 346880K(347136K)->1728K(347136K) Eden: 345088K(345088K)->0K(345088K) From: 1792K(2048K)->1728K(2048K)
[22.718s][info][gc,heap        ] GC(137) ParOldGen: 43913K(699392K)->44057K(699392K)
[22.718s][info][gc,metaspace   ] GC(137) Metaspace: 72281K(72832K)->72281K(72832K) NonClass: 57355K(57664K)->57355K(57664K) Class: 14925K(15168K)->14925K(15168K)
[22.718s][info][gc             ] GC(137) Pause Young (Allocation Failure) 381M->44M(1022M) 1.132ms
[22.718s][info][gc,cpu         ] GC(137) User=0.00s Sys=0.00s Real=0.00s
[22.801s][info][gc,start       ] GC(138) Pause Young (Allocation Failure)
[22.802s][info][gc,heap        ] GC(138) PSYoungGen: 346816K(347136K)->1920K(347136K) Eden: 345088K(345088K)->0K(345088K) From: 1728K(2048K)->1920K(2048K)
[22.802s][info][gc,heap        ] GC(138) ParOldGen: 44057K(699392K)->44177K(699392K)
[22.802s][info][gc,metaspace   ] GC(138) Metaspace: 72281K(72832K)->72281K(72832K) NonClass: 57355K(57664K)->57355K(57664K) Class: 14925K(15168K)->14925K(15168K)
[22.802s][info][gc             ] GC(138) Pause Young (Allocation Failure) 381M->45M(1022M) 1.167ms
[22.802s][info][gc,cpu         ] GC(138) User=0.00s Sys=0.00s Real=0.00s
[22.887s][info][gc,start       ] GC(139) Pause Young (Allocation Failure)
[22.888s][info][gc,heap        ] GC(139) PSYoungGen: 347008K(347136K)->1888K(347136K) Eden: 345088K(345088K)->0K(345088K) From: 1920K(2048K)->1888K(2048K)
[22.888s][info][gc,heap        ] GC(139) ParOldGen: 44177K(699392K)->44297K(699392K)
[22.888s][info][gc,metaspace   ] GC(139) Metaspace: 72287K(72832K)->72287K(72832K) NonClass: 57361K(57664K)->57361K(57664K) Class: 14925K(15168K)->14925K(15168K)
[22.888s][info][gc             ] GC(139) Pause Young (Allocation Failure) 382M->45M(1022M) 1.162ms
[22.888s][info][gc,cpu         ] GC(139) User=0.00s Sys=0.00s Real=0.00s
[22.971s][info][gc,start       ] GC(140) Pause Young (Allocation Failure)
[22.972s][info][gc,heap        ] GC(140) PSYoungGen: 346976K(347136K)->1888K(347136K) Eden: 345088K(345088K)->0K(345088K) From: 1888K(2048K)->1888K(2048K)
[22.973s][info][gc,heap        ] GC(140) ParOldGen: 44297K(699392K)->44537K(699392K)
[22.973s][info][gc,metaspace   ] GC(140) Metaspace: 72289K(72832K)->72289K(72832K) NonClass: 57364K(57664K)->57364K(57664K) Class: 14925K(15168K)->14925K(15168K)
[22.973s][info][gc             ] GC(140) Pause Young (Allocation Failure) 382M->45M(1022M) 1.158ms
[22.973s][info][gc,cpu         ] GC(140) User=0.00s Sys=0.00s Real=0.00s
[23.056s][info][gc,start       ] GC(141) Pause Young (Allocation Failure)
[23.057s][info][gc,heap        ] GC(141) PSYoungGen: 346976K(347136K)->1824K(347136K) Eden: 345088K(345088K)->0K(345088K) From: 1888K(2048K)->1824K(2048K)
[23.057s][info][gc,heap        ] GC(141) ParOldGen: 44537K(699392K)->44713K(699392K)
[23.057s][info][gc,metaspace   ] GC(141) Metaspace: 72291K(72832K)->72291K(72832K) NonClass: 57365K(57664K)->57365K(57664K) Class: 14925K(15168K)->14925K(15168K)
[23.057s][info][gc             ] GC(141) Pause Young (Allocation Failure) 382M->45M(1022M) 1.090ms
[23.057s][info][gc,cpu         ] GC(141) User=0.00s Sys=0.00s Real=0.00s
[23.142s][info][gc,start       ] GC(142) Pause Young (Allocation Failure)
[23.143s][info][gc,heap        ] GC(142) PSYoungGen: 346912K(347136K)->1728K(347136K) Eden: 345088K(345088K)->0K(345088K) From: 1824K(2048K)->1728K(2048K)
[23.143s][info][gc,heap        ] GC(142) ParOldGen: 44713K(699392K)->44897K(699392K)
[23.143s][info][gc,metaspace   ] GC(142) Metaspace: 72306K(72832K)->72306K(72832K) NonClass: 57380K(57664K)->57380K(57664K) Class: 14925K(15168K)->14925K(15168K)
[23.143s][info][gc             ] GC(142) Pause Young (Allocation Failure) 382M->45M(1022M) 1.138ms
[23.143s][info][gc,cpu         ] GC(142) User=0.00s Sys=0.00s Real=0.00s
[23.229s][info][gc,start       ] GC(143) Pause Young (Allocation Failure)
[23.230s][info][gc,heap        ] GC(143) PSYoungGen: 346816K(347136K)->1664K(347136K) Eden: 345088K(345088K)->0K(345088K) From: 1728K(2048K)->1664K(2048K)
[23.230s][info][gc,heap        ] GC(143) ParOldGen: 44897K(699392K)->45177K(699392K)
[23.230s][info][gc,metaspace   ] GC(143) Metaspace: 72306K(72832K)->72306K(72832K) NonClass: 57381K(57664K)->57381K(57664K) Class: 14925K(15168K)->14925K(15168K)
[23.230s][info][gc             ] GC(143) Pause Young (Allocation Failure) 382M->45M(1022M) 1.102ms
[23.230s][info][gc,cpu         ] GC(143) User=0.00s Sys=0.00s Real=0.00s
[23.317s][info][gc,start       ] GC(144) Pause Young (Allocation Failure)
[23.318s][info][gc,heap        ] GC(144) PSYoungGen: 346752K(347136K)->1664K(347136K) Eden: 345088K(345088K)->0K(345088K) From: 1664K(2048K)->1664K(2048K)
[23.318s][info][gc,heap        ] GC(144) ParOldGen: 45177K(699392K)->45441K(699392K)
[23.318s][info][gc,metaspace   ] GC(144) Metaspace: 72316K(72832K)->72316K(72832K) NonClass: 57391K(57664K)->57391K(57664K) Class: 14925K(15168K)->14925K(15168K)
[23.318s][info][gc             ] GC(144) Pause Young (Allocation Failure) 382M->46M(1022M) 1.070ms
[23.318s][info][gc,cpu         ] GC(144) User=0.00s Sys=0.00s Real=0.00s
[23.408s][info][gc,start       ] GC(145) Pause Young (Allocation Failure)
[23.409s][info][gc,heap        ] GC(145) PSYoungGen: 346752K(347136K)->1632K(347136K) Eden: 345088K(345088K)->0K(345088K) From: 1664K(2048K)->1632K(2048K)
[23.409s][info][gc,heap        ] GC(145) ParOldGen: 45441K(699392K)->45753K(699392K)
[23.409s][info][gc,metaspace   ] GC(145) Metaspace: 72327K(72832K)->72327K(72832K) NonClass: 57401K(57664K)->57401K(57664K) Class: 14925K(15168K)->14925K(15168K)
[23.409s][info][gc             ] GC(145) Pause Young (Allocation Failure) 383M->46M(1022M) 1.054ms
[23.409s][info][gc,cpu         ] GC(145) User=0.00s Sys=0.00s Real=0.00s
[23.503s][info][gc,start       ] GC(146) Pause Young (Allocation Failure)
[23.504s][info][gc,heap        ] GC(146) PSYoungGen: 346720K(347136K)->1408K(346624K) Eden: 345088K(345088K)->0K(345088K) From: 1632K(2048K)->1408K(1536K)
[23.504s][info][gc,heap        ] GC(146) ParOldGen: 45753K(699392K)->46073K(699392K)
[23.504s][info][gc,metaspace   ] GC(146) Metaspace: 72327K(72832K)->72327K(72832K) NonClass: 57401K(57664K)->57401K(57664K) Class: 14925K(15168K)->14925K(15168K)
[23.504s][info][gc             ] GC(146) Pause Young (Allocation Failure) 383M->46M(1021M) 1.016ms
[23.504s][info][gc,cpu         ] GC(146) User=0.00s Sys=0.00s Real=0.00s
[23.601s][info][gc,start       ] GC(147) Pause Young (Allocation Failure)
[23.602s][info][gc,heap        ] GC(147) PSYoungGen: 346496K(346624K)->1440K(336896K) Eden: 345088K(345088K)->0K(335360K) From: 1408K(1536K)->1440K(1536K)
[23.602s][info][gc,heap        ] GC(147) ParOldGen: 46073K(699392K)->46249K(699392K)
[23.602s][info][gc,metaspace   ] GC(147) Metaspace: 72327K(72832K)->72327K(72832K) NonClass: 57401K(57664K)->57401K(57664K) Class: 14925K(15168K)->14925K(15168K)
[23.602s][info][gc             ] GC(147) Pause Young (Allocation Failure) 383M->46M(1012M) 1.055ms
[23.602s][info][gc,cpu         ] GC(147) User=0.00s Sys=0.00s Real=0.00s
[23.704s][info][gc,start       ] GC(148) Pause Young (Allocation Failure)
[23.705s][info][gc,heap        ] GC(148) PSYoungGen: 336800K(336896K)->1312K(327680K) Eden: 335360K(335360K)->0K(326144K) From: 1440K(1536K)->1312K(1536K)
[23.705s][info][gc,heap        ] GC(148) ParOldGen: 46249K(699392K)->46521K(699392K)
[23.705s][info][gc,metaspace   ] GC(148) Metaspace: 72329K(72832K)->72329K(72832K) NonClass: 57403K(57664K)->57403K(57664K) Class: 14925K(15168K)->14925K(15168K)
[23.705s][info][gc             ] GC(148) Pause Young (Allocation Failure) 374M->46M(1003M) 1.097ms
[23.705s][info][gc,cpu         ] GC(148) User=0.00s Sys=0.00s Real=0.00s
[23.833s][info][gc,start       ] GC(149) Pause Young (Allocation Failure)
[23.834s][info][gc,heap        ] GC(149) PSYoungGen: 327456K(327680K)->1184K(318976K) Eden: 326144K(326144K)->0K(317440K) From: 1312K(1536K)->1184K(1536K)
[23.834s][info][gc,heap        ] GC(149) ParOldGen: 46521K(699392K)->46801K(699392K)
[23.834s][info][gc,metaspace   ] GC(149) Metaspace: 72331K(72832K)->72331K(72832K) NonClass: 57405K(57664K)->57405K(57664K) Class: 14925K(15168K)->14925K(15168K)
[23.834s][info][gc             ] GC(149) Pause Young (Allocation Failure) 365M->46M(994M) 1.147ms
[23.834s][info][gc,cpu         ] GC(149) User=0.00s Sys=0.00s Real=0.00s
[23.985s][info][gc,start       ] GC(150) Pause Young (Allocation Failure)
[23.986s][info][gc,heap        ] GC(150) PSYoungGen: 318624K(318976K)->960K(310272K) Eden: 317440K(317440K)->0K(309248K) From: 1184K(1536K)->960K(1024K)
[23.986s][info][gc,heap        ] GC(150) ParOldGen: 46801K(699392K)->47105K(699392K)
[23.986s][info][gc,metaspace   ] GC(150) Metaspace: 72334K(72832K)->72334K(72832K) NonClass: 57409K(57664K)->57409K(57664K) Class: 14925K(15168K)->14925K(15168K)
[23.986s][info][gc             ] GC(150) Pause Young (Allocation Failure) 356M->46M(986M) 0.999ms
[23.986s][info][gc,cpu         ] GC(150) User=0.00s Sys=0.00s Real=0.00s
[24.159s][info][gc,start       ] GC(151) Pause Young (Allocation Failure)
[24.159s][info][gc,heap        ] GC(151) PSYoungGen: 310208K(310272K)->800K(302080K) Eden: 309248K(309248K)->0K(301056K) From: 960K(1024K)->800K(1024K)
[24.159s][info][gc,heap        ] GC(151) ParOldGen: 47105K(699392K)->47353K(699392K)
[24.159s][info][gc,metaspace   ] GC(151) Metaspace: 72334K(72832K)->72334K(72832K) NonClass: 57409K(57664K)->57409K(57664K) Class: 14925K(15168K)->14925K(15168K)
[24.159s][info][gc             ] GC(151) Pause Young (Allocation Failure) 348M->47M(978M) 0.862ms
[24.159s][info][gc,cpu         ] GC(151) User=0.00s Sys=0.00s Real=0.00s
[24.337s][info][gc,start       ] GC(152) Pause Young (Allocation Failure)
[24.338s][info][gc,heap        ] GC(152) PSYoungGen: 301856K(302080K)->768K(294400K) Eden: 301056K(301056K)->0K(293376K) From: 800K(1024K)->768K(1024K)
[24.338s][info][gc,heap        ] GC(152) ParOldGen: 47353K(699392K)->47465K(699392K)
[24.338s][info][gc,metaspace   ] GC(152) Metaspace: 72334K(72832K)->72334K(72832K) NonClass: 57409K(57664K)->57409K(57664K) Class: 14925K(15168K)->14925K(15168K)
[24.338s][info][gc             ] GC(152) Pause Young (Allocation Failure) 341M->47M(970M) 0.722ms
[24.338s][info][gc,cpu         ] GC(152) User=0.00s Sys=0.00s Real=0.00s
[24.521s][info][gc,start       ] GC(153) Pause Young (Allocation Failure)
[24.522s][info][gc,heap        ] GC(153) PSYoungGen: 294144K(294400K)->736K(286720K) Eden: 293376K(293376K)->0K(285696K) From: 768K(1024K)->736K(1024K)
[24.522s][info][gc,heap        ] GC(153) ParOldGen: 47465K(699392K)->47625K(699392K)
[24.522s][info][gc,metaspace   ] GC(153) Metaspace: 72334K(72832K)->72334K(72832K) NonClass: 57409K(57664K)->57409K(57664K) Class: 14925K(15168K)->14925K(15168K)
[24.522s][info][gc             ] GC(153) Pause Young (Allocation Failure) 333M->47M(963M) 0.783ms
[24.522s][info][gc,cpu         ] GC(153) User=0.00s Sys=0.00s Real=0.00s
[24.702s][info][gc,start       ] GC(154) Pause Young (Allocation Failure)
[24.703s][info][gc,heap        ] GC(154) PSYoungGen: 286432K(286720K)->736K(279552K) Eden: 285696K(285696K)->0K(278528K) From: 736K(1024K)->736K(1024K)
[24.703s][info][gc,heap        ] GC(154) ParOldGen: 47625K(699392K)->47689K(699392K)
[24.703s][info][gc,metaspace   ] GC(154) Metaspace: 72334K(72832K)->72334K(72832K) NonClass: 57409K(57664K)->57409K(57664K) Class: 14925K(15168K)->14925K(15168K)
[24.703s][info][gc             ] GC(154) Pause Young (Allocation Failure) 326M->47M(956M) 0.660ms
[24.703s][info][gc,cpu         ] GC(154) User=0.00s Sys=0.00s Real=0.00s
[24.878s][info][gc,start       ] GC(155) Pause Young (Allocation Failure)
[24.878s][info][gc,heap        ] GC(155) PSYoungGen: 279264K(279552K)->704K(272384K) Eden: 278528K(278528K)->0K(271360K) From: 736K(1024K)->704K(1024K)
[24.878s][info][gc,heap        ] GC(155) ParOldGen: 47689K(699392K)->47705K(699392K)
[24.878s][info][gc,metaspace   ] GC(155) Metaspace: 72334K(72832K)->72334K(72832K) NonClass: 57409K(57664K)->57409K(57664K) Class: 14925K(15168K)->14925K(15168K)
[24.878s][info][gc             ] GC(155) Pause Young (Allocation Failure) 319M->47M(949M) 0.760ms
[24.879s][info][gc,cpu         ] GC(155) User=0.00s Sys=0.00s Real=0.00s
[25.048s][info][gc,start       ] GC(156) Pause Young (Allocation Failure)
[25.049s][info][gc,heap        ] GC(156) PSYoungGen: 272064K(272384K)->704K(265728K) Eden: 271360K(271360K)->0K(264704K) From: 704K(1024K)->704K(1024K)
[25.049s][info][gc,heap        ] GC(156) ParOldGen: 47705K(699392K)->47713K(699392K)
[25.049s][info][gc,metaspace   ] GC(156) Metaspace: 72334K(72832K)->72334K(72832K) NonClass: 57409K(57664K)->57409K(57664K) Class: 14925K(15168K)->14925K(15168K)
[25.049s][info][gc             ] GC(156) Pause Young (Allocation Failure) 312M->47M(942M) 0.631ms
[25.049s][info][gc,cpu         ] GC(156) User=0.00s Sys=0.00s Real=0.00s
[25.214s][info][gc,start       ] GC(157) Pause Young (Allocation Failure)
[25.215s][info][gc,heap        ] GC(157) PSYoungGen: 265408K(265728K)->704K(259584K) Eden: 264704K(264704K)->0K(258560K) From: 704K(1024K)->704K(1024K)
[25.215s][info][gc,heap        ] GC(157) ParOldGen: 47713K(699392K)->47729K(699392K)
[25.215s][info][gc,metaspace   ] GC(157) Metaspace: 72334K(72832K)->72334K(72832K) NonClass: 57409K(57664K)->57409K(57664K) Class: 14925K(15168K)->14925K(15168K)
[25.215s][info][gc             ] GC(157) Pause Young (Allocation Failure) 305M->47M(936M) 0.777ms
[25.215s][info][gc,cpu         ] GC(157) User=0.00s Sys=0.00s Real=0.00s
[25.409s][info][gc,start       ] GC(158) Pause Young (System.gc())
[25.411s][info][gc,heap        ] GC(158) PSYoungGen: 236743K(259584K)->1408K(260096K) Eden: 236039K(258560K)->0K(258560K) From: 704K(1024K)->1408K(1536K)
[25.411s][info][gc,heap        ] GC(158) ParOldGen: 47729K(699392K)->47817K(699392K)
[25.411s][info][gc,metaspace   ] GC(158) Metaspace: 72384K(72832K)->72384K(72832K) NonClass: 57457K(57664K)->57457K(57664K) Class: 14926K(15168K)->14926K(15168K)
[25.411s][info][gc             ] GC(158) Pause Young (System.gc()) 277M->48M(937M) 2.465ms
[25.411s][info][gc,cpu         ] GC(158) User=0.00s Sys=0.00s Real=0.00s
[25.411s][info][gc,start       ] GC(159) Pause Full (System.gc())
[25.412s][info][gc,phases,start] GC(159) Marking Phase
[25.469s][info][gc,phases      ] GC(159) Marking Phase 57.064ms
[25.469s][info][gc,phases,start] GC(159) Summary Phase
[25.469s][info][gc,phases      ] GC(159) Summary Phase 0.015ms
[25.469s][info][gc,phases,start] GC(159) Adjust Roots
[25.489s][info][gc,phases      ] GC(159) Adjust Roots 20.284ms
[25.489s][info][gc,phases,start] GC(159) Compaction Phase
[25.504s][info][gc,phases      ] GC(159) Compaction Phase 14.812ms
[25.504s][info][gc,phases,start] GC(159) Post Compact
[25.505s][info][gc,phases      ] GC(159) Post Compact 1.152ms
[25.505s][info][gc,heap        ] GC(159) PSYoungGen: 1408K(260096K)->0K(260096K) Eden: 0K(258560K)->0K(258560K) From: 1408K(1536K)->0K(1536K)
[25.505s][info][gc,heap        ] GC(159) ParOldGen: 47817K(699392K)->35719K(699392K)
[25.505s][info][gc,metaspace   ] GC(159) Metaspace: 72384K(72832K)->72371K(72832K) NonClass: 57457K(57664K)->57448K(57664K) Class: 14926K(15168K)->14922K(15168K)
[25.505s][info][gc             ] GC(159) Pause Full (System.gc()) 48M->34M(937M) 93.723ms
[25.505s][info][gc,cpu         ] GC(159) User=1.11s Sys=0.00s Real=0.09s
[25.628s][info][gc,start       ] GC(160) Pause Young (Allocation Failure)
[25.629s][info][gc,heap        ] GC(160) PSYoungGen: 258560K(260096K)->2560K(254976K) Eden: 258560K(258560K)->0K(252416K) From: 0K(1536K)->2560K(2560K)
[25.630s][info][gc,heap        ] GC(160) ParOldGen: 35719K(699392K)->36655K(699392K)
[25.630s][info][gc,metaspace   ] GC(160) Metaspace: 72489K(72960K)->72489K(72960K) NonClass: 57566K(57792K)->57566K(57792K) Class: 14922K(15168K)->14922K(15168K)
[25.630s][info][gc             ] GC(160) Pause Young (Allocation Failure) 287M->38M(932M) 1.770ms
[25.630s][info][gc,cpu         ] GC(160) User=0.00s Sys=0.02s Real=0.00s
[25.692s][info][gc,start       ] GC(161) Pause Young (Allocation Failure)
[25.694s][info][gc,heap        ] GC(161) PSYoungGen: 254976K(254976K)->1984K(248320K) Eden: 252416K(252416K)->0K(246272K) From: 2560K(2560K)->1984K(2048K)
[25.694s][info][gc,heap        ] GC(161) ParOldGen: 36655K(699392K)->38391K(699392K)
[25.694s][info][gc,metaspace   ] GC(161) Metaspace: 72489K(72960K)->72489K(72960K) NonClass: 57566K(57792K)->57566K(57792K) Class: 14922K(15168K)->14922K(15168K)
[25.694s][info][gc             ] GC(161) Pause Young (Allocation Failure) 284M->39M(925M) 1.828ms
[25.694s][info][gc,cpu         ] GC(161) User=0.00s Sys=0.00s Real=0.00s
[25.753s][info][gc,start       ] GC(162) Pause Young (Allocation Failure)
[25.755s][info][gc,heap        ] GC(162) PSYoungGen: 248256K(248320K)->1888K(297984K) Eden: 246272K(246272K)->0K(295936K) From: 1984K(2048K)->1888K(2048K)
[25.755s][info][gc,heap        ] GC(162) ParOldGen: 38391K(699392K)->38583K(699392K)
[25.755s][info][gc,metaspace   ] GC(162) Metaspace: 72489K(72960K)->72489K(72960K) NonClass: 57566K(57792K)->57566K(57792K) Class: 14922K(15168K)->14922K(15168K)
[25.755s][info][gc             ] GC(162) Pause Young (Allocation Failure) 279M->39M(974M) 1.244ms
[25.755s][info][gc,cpu         ] GC(162) User=0.00s Sys=0.00s Real=0.00s
[25.825s][info][gc,start       ] GC(163) Pause Young (Allocation Failure)
[25.827s][info][gc,heap        ] GC(163) PSYoungGen: 297824K(297984K)->1888K(331264K) Eden: 295936K(295936K)->0K(327680K) From: 1888K(2048K)->1888K(3584K)
[25.827s][info][gc,heap        ] GC(163) ParOldGen: 38583K(699392K)->38735K(699392K)
[25.827s][info][gc,metaspace   ] GC(163) Metaspace: 72489K(72960K)->72489K(72960K) NonClass: 57566K(57792K)->57566K(57792K) Class: 14922K(15168K)->14922K(15168K)
[25.827s][info][gc             ] GC(163) Pause Young (Allocation Failure) 328M->39M(1006M) 1.302ms
[25.827s][info][gc,cpu         ] GC(163) User=0.00s Sys=0.00s Real=0.00s
[25.905s][info][gc,start       ] GC(164) Pause Young (Allocation Failure)
[25.907s][info][gc,heap        ] GC(164) PSYoungGen: 329568K(331264K)->1920K(344576K) Eden: 327680K(327680K)->0K(342016K) From: 1888K(3584K)->1920K(2560K)
[25.907s][info][gc,heap        ] GC(164) ParOldGen: 38735K(699392K)->38799K(699392K)
[25.907s][info][gc,metaspace   ] GC(164) Metaspace: 72489K(72960K)->72489K(72960K) NonClass: 57566K(57792K)->57566K(57792K) Class: 14922K(15168K)->14922K(15168K)
[25.907s][info][gc             ] GC(164) Pause Young (Allocation Failure) 359M->39M(1019M) 1.587ms
[25.907s][info][gc,cpu         ] GC(164) User=0.00s Sys=0.00s Real=0.00s
[25.989s][info][gc,start       ] GC(165) Pause Young (Allocation Failure)
[25.991s][info][gc,heap        ] GC(165) PSYoungGen: 343936K(344576K)->1920K(345088K) Eden: 342016K(342016K)->0K(342016K) From: 1920K(2560K)->1920K(3072K)
[25.991s][info][gc,heap        ] GC(165) ParOldGen: 38799K(699392K)->38919K(699392K)
[25.991s][info][gc,metaspace   ] GC(165) Metaspace: 72489K(72960K)->72489K(72960K) NonClass: 57566K(57792K)->57566K(57792K) Class: 14922K(15168K)->14922K(15168K)
[25.991s][info][gc             ] GC(165) Pause Young (Allocation Failure) 373M->39M(1020M) 1.414ms
[25.991s][info][gc,cpu         ] GC(165) User=0.00s Sys=0.00s Real=0.00s
[26.073s][info][gc,start       ] GC(166) Pause Young (Allocation Failure)
[26.074s][info][gc,heap        ] GC(166) PSYoungGen: 343936K(345088K)->2080K(345088K) Eden: 342016K(342016K)->0K(342016K) From: 1920K(3072K)->2080K(3072K)
[26.074s][info][gc,heap        ] GC(166) ParOldGen: 38919K(699392K)->38983K(699392K)
[26.074s][info][gc,metaspace   ] GC(166) Metaspace: 72489K(72960K)->72489K(72960K) NonClass: 57566K(57792K)->57566K(57792K) Class: 14922K(15168K)->14922K(15168K)
[26.074s][info][gc             ] GC(166) Pause Young (Allocation Failure) 373M->40M(1020M) 1.249ms
[26.074s][info][gc,cpu         ] GC(166) User=0.00s Sys=0.00s Real=0.00s
[26.157s][info][gc,start       ] GC(167) Pause Young (Allocation Failure)
[26.158s][info][gc,heap        ] GC(167) PSYoungGen: 344096K(345088K)->1792K(345600K) Eden: 342016K(342016K)->0K(342016K) From: 2080K(3072K)->1792K(3584K)
[26.158s][info][gc,heap        ] GC(167) ParOldGen: 38983K(699392K)->39103K(699392K)
[26.158s][info][gc,metaspace   ] GC(167) Metaspace: 72489K(72960K)->72489K(72960K) NonClass: 57566K(57792K)->57566K(57792K) Class: 14922K(15168K)->14922K(15168K)
[26.158s][info][gc             ] GC(167) Pause Young (Allocation Failure) 374M->39M(1020M) 1.218ms
[26.158s][info][gc,cpu         ] GC(167) User=0.00s Sys=0.00s Real=0.00s
[26.240s][info][gc,start       ] GC(168) Pause Young (Allocation Failure)
[26.241s][info][gc,heap        ] GC(168) PSYoungGen: 343808K(345600K)->1824K(345600K) Eden: 342016K(342016K)->0K(342528K) From: 1792K(3584K)->1824K(3072K)
[26.241s][info][gc,heap        ] GC(168) ParOldGen: 39103K(699392K)->39239K(699392K)
[26.241s][info][gc,metaspace   ] GC(168) Metaspace: 72489K(72960K)->72489K(72960K) NonClass: 57566K(57792K)->57566K(57792K) Class: 14922K(15168K)->14922K(15168K)
[26.241s][info][gc             ] GC(168) Pause Young (Allocation Failure) 373M->40M(1020M) 1.259ms
[26.241s][info][gc,cpu         ] GC(168) User=0.00s Sys=0.00s Real=0.00s
[26.324s][info][gc,start       ] GC(169) Pause Young (Allocation Failure)
[26.325s][info][gc,heap        ] GC(169) PSYoungGen: 344352K(345600K)->2016K(345600K) Eden: 342528K(342528K)->0K(342528K) From: 1824K(3072K)->2016K(3072K)
[26.325s][info][gc,heap        ] GC(169) ParOldGen: 39239K(699392K)->39407K(699392K)
[26.325s][info][gc,metaspace   ] GC(169) Metaspace: 72489K(72960K)->72489K(72960K) NonClass: 57566K(57792K)->57566K(57792K) Class: 14922K(15168K)->14922K(15168K)
[26.325s][info][gc             ] GC(169) Pause Young (Allocation Failure) 374M->40M(1020M) 1.292ms
[26.325s][info][gc,cpu         ] GC(169) User=0.00s Sys=0.00s Real=0.00s
[26.407s][info][gc,start       ] GC(170) Pause Young (Allocation Failure)
[26.408s][info][gc,heap        ] GC(170) PSYoungGen: 344544K(345600K)->1824K(346112K) Eden: 342528K(342528K)->0K(343040K) From: 2016K(3072K)->1824K(3072K)
[26.408s][info][gc,heap        ] GC(170) ParOldGen: 39407K(699392K)->39655K(699392K)
[26.409s][info][gc,metaspace   ] GC(170) Metaspace: 72489K(72960K)->72489K(72960K) NonClass: 57566K(57792K)->57566K(57792K) Class: 14922K(15168K)->14922K(15168K)
[26.409s][info][gc             ] GC(170) Pause Young (Allocation Failure) 374M->40M(1021M) 1.325ms
[26.409s][info][gc,cpu         ] GC(170) User=0.00s Sys=0.00s Real=0.00s
[26.491s][info][gc,start       ] GC(171) Pause Young (Allocation Failure)
[26.492s][info][gc,heap        ] GC(171) PSYoungGen: 344864K(346112K)->1920K(346112K) Eden: 343040K(343040K)->0K(343040K) From: 1824K(3072K)->1920K(3072K)
[26.492s][info][gc,heap        ] GC(171) ParOldGen: 39655K(699392K)->39727K(699392K)
[26.492s][info][gc,metaspace   ] GC(171) Metaspace: 72489K(72960K)->72489K(72960K) NonClass: 57566K(57792K)->57566K(57792K) Class: 14922K(15168K)->14922K(15168K)
[26.492s][info][gc             ] GC(171) Pause Young (Allocation Failure) 375M->40M(1021M) 1.371ms
[26.492s][info][gc,cpu         ] GC(171) User=0.00s Sys=0.00s Real=0.00s
[26.577s][info][gc,start       ] GC(172) Pause Young (Allocation Failure)
[26.579s][info][gc,heap        ] GC(172) PSYoungGen: 344960K(346112K)->1856K(346112K) Eden: 343040K(343040K)->0K(343040K) From: 1920K(3072K)->1856K(3072K)
[26.579s][info][gc,heap        ] GC(172) ParOldGen: 39727K(699392K)->39847K(699392K)
[26.579s][info][gc,metaspace   ] GC(172) Metaspace: 72489K(72960K)->72489K(72960K) NonClass: 57566K(57792K)->57566K(57792K) Class: 14922K(15168K)->14922K(15168K)
[26.579s][info][gc             ] GC(172) Pause Young (Allocation Failure) 375M->40M(1021M) 1.233ms
[26.579s][info][gc,cpu         ] GC(172) User=0.00s Sys=0.00s Real=0.00s
[26.661s][info][gc,start       ] GC(173) Pause Young (Allocation Failure)
[26.662s][info][gc,heap        ] GC(173) PSYoungGen: 344896K(346112K)->1792K(346112K) Eden: 343040K(343040K)->0K(343040K) From: 1856K(3072K)->1792K(3072K)
[26.662s][info][gc,heap        ] GC(173) ParOldGen: 39847K(699392K)->39959K(699392K)
[26.663s][info][gc,metaspace   ] GC(173) Metaspace: 72489K(72960K)->72489K(72960K) NonClass: 57566K(57792K)->57566K(57792K) Class: 14922K(15168K)->14922K(15168K)
[26.663s][info][gc             ] GC(173) Pause Young (Allocation Failure) 375M->40M(1021M) 1.286ms
[26.663s][info][gc,cpu         ] GC(173) User=0.00s Sys=0.00s Real=0.00s
[26.745s][info][gc,start       ] GC(174) Pause Young (Allocation Failure)
[26.746s][info][gc,heap        ] GC(174) PSYoungGen: 344832K(346112K)->1792K(346112K) Eden: 343040K(343040K)->0K(343040K) From: 1792K(3072K)->1792K(3072K)
[26.746s][info][gc,heap        ] GC(174) ParOldGen: 39959K(699392K)->40095K(699392K)
[26.746s][info][gc,metaspace   ] GC(174) Metaspace: 72489K(72960K)->72489K(72960K) NonClass: 57566K(57792K)->57566K(57792K) Class: 14922K(15168K)->14922K(15168K)
[26.746s][info][gc             ] GC(174) Pause Young (Allocation Failure) 375M->40M(1021M) 1.283ms
[26.746s][info][gc,cpu         ] GC(174) User=0.00s Sys=0.00s Real=0.00s
[26.828s][info][gc,start       ] GC(175) Pause Young (Allocation Failure)
[26.830s][info][gc,heap        ] GC(175) PSYoungGen: 344832K(346112K)->1824K(345088K) Eden: 343040K(343040K)->0K(343040K) From: 1792K(3072K)->1824K(2048K)
[26.830s][info][gc,heap        ] GC(175) ParOldGen: 40095K(699392K)->40231K(699392K)
[26.830s][info][gc,metaspace   ] GC(175) Metaspace: 72489K(72960K)->72489K(72960K) NonClass: 57566K(57792K)->57566K(57792K) Class: 14922K(15168K)->14922K(15168K)
[26.830s][info][gc             ] GC(175) Pause Young (Allocation Failure) 375M->41M(1020M) 1.244ms
[26.830s][info][gc,cpu         ] GC(175) User=0.00s Sys=0.00s Real=0.00s
[26.912s][info][gc,start       ] GC(176) Pause Young (Allocation Failure)
[26.913s][info][gc,heap        ] GC(176) PSYoungGen: 344864K(345088K)->1760K(345600K) Eden: 343040K(343040K)->0K(343040K) From: 1824K(2048K)->1760K(2560K)
[26.913s][info][gc,heap        ] GC(176) ParOldGen: 40231K(699392K)->40351K(699392K)
[26.913s][info][gc,metaspace   ] GC(176) Metaspace: 72489K(72960K)->72489K(72960K) NonClass: 57566K(57792K)->57566K(57792K) Class: 14922K(15168K)->14922K(15168K)
[26.913s][info][gc             ] GC(176) Pause Young (Allocation Failure) 376M->41M(1020M) 1.232ms
[26.913s][info][gc,cpu         ] GC(176) User=0.00s Sys=0.00s Real=0.00s
[26.995s][info][gc,start       ] GC(177) Pause Young (Allocation Failure)
[26.997s][info][gc,heap        ] GC(177) PSYoungGen: 344800K(345600K)->1824K(345600K) Eden: 343040K(343040K)->0K(343040K) From: 1760K(2560K)->1824K(2560K)
[26.997s][info][gc,heap        ] GC(177) ParOldGen: 40351K(699392K)->40439K(699392K)
[26.997s][info][gc,metaspace   ] GC(177) Metaspace: 72489K(72960K)->72489K(72960K) NonClass: 57566K(57792K)->57566K(57792K) Class: 14922K(15168K)->14922K(15168K)
[26.997s][info][gc             ] GC(177) Pause Young (Allocation Failure) 376M->41M(1020M) 1.256ms
[26.997s][info][gc,cpu         ] GC(177) User=0.00s Sys=0.00s Real=0.00s
[27.079s][info][gc,start       ] GC(178) Pause Young (Allocation Failure)
[27.080s][info][gc,heap        ] GC(178) PSYoungGen: 344864K(345600K)->1856K(346624K) Eden: 343040K(343040K)->0K(344064K) From: 1824K(2560K)->1856K(2560K)
[27.080s][info][gc,heap        ] GC(178) ParOldGen: 40439K(699392K)->40519K(699392K)
[27.080s][info][gc,metaspace   ] GC(178) Metaspace: 72489K(72960K)->72489K(72960K) NonClass: 57566K(57792K)->57566K(57792K) Class: 14922K(15168K)->14922K(15168K)
[27.080s][info][gc             ] GC(178) Pause Young (Allocation Failure) 376M->41M(1021M) 1.240ms
[27.080s][info][gc,cpu         ] GC(178) User=0.00s Sys=0.00s Real=0.00s
[27.163s][info][gc,start       ] GC(179) Pause Young (Allocation Failure)
[27.164s][info][gc,heap        ] GC(179) PSYoungGen: 345920K(346624K)->1920K(346624K) Eden: 344064K(344064K)->0K(344064K) From: 1856K(2560K)->1920K(2560K)
[27.164s][info][gc,heap        ] GC(179) ParOldGen: 40519K(699392K)->40647K(699392K)
[27.164s][info][gc,metaspace   ] GC(179) Metaspace: 72489K(72960K)->72489K(72960K) NonClass: 57566K(57792K)->57566K(57792K) Class: 14922K(15168K)->14922K(15168K)
[27.164s][info][gc             ] GC(179) Pause Young (Allocation Failure) 377M->41M(1021M) 1.246ms
[27.164s][info][gc,cpu         ] GC(179) User=0.00s Sys=0.00s Real=0.00s
[27.247s][info][gc,start       ] GC(180) Pause Young (Allocation Failure)
[27.248s][info][gc,heap        ] GC(180) PSYoungGen: 345984K(346624K)->1856K(346624K) Eden: 344064K(344064K)->0K(344064K) From: 1920K(2560K)->1856K(2560K)
[27.248s][info][gc,heap        ] GC(180) ParOldGen: 40647K(699392K)->40759K(699392K)
[27.248s][info][gc,metaspace   ] GC(180) Metaspace: 72489K(72960K)->72489K(72960K) NonClass: 57566K(57792K)->57566K(57792K) Class: 14922K(15168K)->14922K(15168K)
[27.248s][info][gc             ] GC(180) Pause Young (Allocation Failure) 377M->41M(1021M) 1.281ms
[27.248s][info][gc,cpu         ] GC(180) User=0.00s Sys=0.00s Real=0.00s
[27.331s][info][gc,start       ] GC(181) Pause Young (Allocation Failure)
[27.332s][info][gc,heap        ] GC(181) PSYoungGen: 345920K(346624K)->1920K(346624K) Eden: 344064K(344064K)->0K(344064K) From: 1856K(2560K)->1920K(2560K)
[27.332s][info][gc,heap        ] GC(181) ParOldGen: 40759K(699392K)->40895K(699392K)
[27.332s][info][gc,metaspace   ] GC(181) Metaspace: 72489K(72960K)->72489K(72960K) NonClass: 57566K(57792K)->57566K(57792K) Class: 14922K(15168K)->14922K(15168K)
[27.332s][info][gc             ] GC(181) Pause Young (Allocation Failure) 377M->41M(1021M) 1.308ms
[27.332s][info][gc,cpu         ] GC(181) User=0.00s Sys=0.00s Real=0.00s
[27.415s][info][gc,start       ] GC(182) Pause Young (Allocation Failure)
[27.417s][info][gc,heap        ] GC(182) PSYoungGen: 345984K(346624K)->1888K(346624K) Eden: 344064K(344064K)->0K(344064K) From: 1920K(2560K)->1888K(2560K)
[27.417s][info][gc,heap        ] GC(182) ParOldGen: 40895K(699392K)->41143K(699392K)
[27.417s][info][gc,metaspace   ] GC(182) Metaspace: 72489K(72960K)->72489K(72960K) NonClass: 57566K(57792K)->57566K(57792K) Class: 14922K(15168K)->14922K(15168K)
[27.417s][info][gc             ] GC(182) Pause Young (Allocation Failure) 377M->42M(1021M) 1.264ms
[27.417s][info][gc,cpu         ] GC(182) User=0.00s Sys=0.00s Real=0.00s
[27.499s][info][gc,start       ] GC(183) Pause Young (Allocation Failure)
[27.500s][info][gc,heap        ] GC(183) PSYoungGen: 345952K(346624K)->1920K(346624K) Eden: 344064K(344064K)->0K(344064K) From: 1888K(2560K)->1920K(2560K)
[27.500s][info][gc,heap        ] GC(183) ParOldGen: 41143K(699392K)->41231K(699392K)
[27.500s][info][gc,metaspace   ] GC(183) Metaspace: 72489K(72960K)->72489K(72960K) NonClass: 57566K(57792K)->57566K(57792K) Class: 14922K(15168K)->14922K(15168K)
[27.500s][info][gc             ] GC(183) Pause Young (Allocation Failure) 378M->42M(1021M) 1.251ms
[27.500s][info][gc,cpu         ] GC(183) User=0.00s Sys=0.00s Real=0.00s
[27.584s][info][gc,start       ] GC(184) Pause Young (Allocation Failure)
[27.586s][info][gc,heap        ] GC(184) PSYoungGen: 345984K(346624K)->1888K(346624K) Eden: 344064K(344064K)->0K(344064K) From: 1920K(2560K)->1888K(2560K)
[27.586s][info][gc,heap        ] GC(184) ParOldGen: 41231K(699392K)->41359K(699392K)
[27.586s][info][gc,metaspace   ] GC(184) Metaspace: 72489K(72960K)->72489K(72960K) NonClass: 57566K(57792K)->57566K(57792K) Class: 14922K(15168K)->14922K(15168K)
[27.586s][info][gc             ] GC(184) Pause Young (Allocation Failure) 378M->42M(1021M) 1.236ms
[27.586s][info][gc,cpu         ] GC(184) User=0.00s Sys=0.00s Real=0.00s
[27.668s][info][gc,start       ] GC(185) Pause Young (Allocation Failure)
[27.669s][info][gc,heap        ] GC(185) PSYoungGen: 345952K(346624K)->1888K(346624K) Eden: 344064K(344064K)->0K(344064K) From: 1888K(2560K)->1888K(2560K)
[27.669s][info][gc,heap        ] GC(185) ParOldGen: 41359K(699392K)->41463K(699392K)
[27.669s][info][gc,metaspace   ] GC(185) Metaspace: 72489K(72960K)->72489K(72960K) NonClass: 57566K(57792K)->57566K(57792K) Class: 14922K(15168K)->14922K(15168K)
[27.669s][info][gc             ] GC(185) Pause Young (Allocation Failure) 378M->42M(1021M) 1.231ms
[27.669s][info][gc,cpu         ] GC(185) User=0.00s Sys=0.00s Real=0.00s
[27.752s][info][gc,start       ] GC(186) Pause Young (Allocation Failure)
[27.753s][info][gc,heap        ] GC(186) PSYoungGen: 345952K(346624K)->1856K(346624K) Eden: 344064K(344064K)->0K(344064K) From: 1888K(2560K)->1856K(2560K)
[27.753s][info][gc,heap        ] GC(186) ParOldGen: 41463K(699392K)->41583K(699392K)
[27.753s][info][gc,metaspace   ] GC(186) Metaspace: 72489K(72960K)->72489K(72960K) NonClass: 57566K(57792K)->57566K(57792K) Class: 14922K(15168K)->14922K(15168K)
[27.753s][info][gc             ] GC(186) Pause Young (Allocation Failure) 378M->42M(1021M) 1.206ms
[27.753s][info][gc,cpu         ] GC(186) User=0.00s Sys=0.00s Real=0.00s
[27.836s][info][gc,start       ] GC(187) Pause Young (Allocation Failure)
[27.837s][info][gc,heap        ] GC(187) PSYoungGen: 345920K(346624K)->2048K(346624K) Eden: 344064K(344064K)->0K(344064K) From: 1856K(2560K)->2048K(2560K)
[27.837s][info][gc,heap        ] GC(187) ParOldGen: 41583K(699392K)->41727K(699392K)
[27.837s][info][gc,metaspace   ] GC(187) Metaspace: 72489K(72960K)->72489K(72960K) NonClass: 57566K(57792K)->57566K(57792K) Class: 14922K(15168K)->14922K(15168K)
[27.837s][info][gc             ] GC(187) Pause Young (Allocation Failure) 378M->42M(1021M) 1.261ms
[27.837s][info][gc,cpu         ] GC(187) User=0.00s Sys=0.00s Real=0.00s
[27.919s][info][gc,start       ] GC(188) Pause Young (Allocation Failure)
[27.921s][info][gc,heap        ] GC(188) PSYoungGen: 346112K(346624K)->1856K(346624K) Eden: 344064K(344064K)->0K(344064K) From: 2048K(2560K)->1856K(2560K)
[27.921s][info][gc,heap        ] GC(188) ParOldGen: 41727K(699392K)->41847K(699392K)
[27.921s][info][gc,metaspace   ] GC(188) Metaspace: 72489K(72960K)->72489K(72960K) NonClass: 57566K(57792K)->57566K(57792K) Class: 14922K(15168K)->14922K(15168K)
[27.921s][info][gc             ] GC(188) Pause Young (Allocation Failure) 378M->42M(1021M) 1.282ms
[27.921s][info][gc,cpu         ] GC(188) User=0.00s Sys=0.00s Real=0.00s
[28.003s][info][gc,start       ] GC(189) Pause Young (Allocation Failure)
[28.004s][info][gc,heap        ] GC(189) PSYoungGen: 345920K(346624K)->1824K(346624K) Eden: 344064K(344064K)->0K(344064K) From: 1856K(2560K)->1824K(2560K)
[28.004s][info][gc,heap        ] GC(189) ParOldGen: 41847K(699392K)->41935K(699392K)
[28.004s][info][gc,metaspace   ] GC(189) Metaspace: 72489K(72960K)->72489K(72960K) NonClass: 57566K(57792K)->57566K(57792K) Class: 14922K(15168K)->14922K(15168K)
[28.004s][info][gc             ] GC(189) Pause Young (Allocation Failure) 378M->42M(1021M) 1.238ms
[28.004s][info][gc,cpu         ] GC(189) User=0.00s Sys=0.00s Real=0.00s
[28.088s][info][gc,start       ] GC(190) Pause Young (Allocation Failure)
[28.089s][info][gc,heap        ] GC(190) PSYoungGen: 345888K(346624K)->1824K(346624K) Eden: 344064K(344064K)->0K(344064K) From: 1824K(2560K)->1824K(2560K)
[28.089s][info][gc,heap        ] GC(190) ParOldGen: 41935K(699392K)->42071K(699392K)
[28.089s][info][gc,metaspace   ] GC(190) Metaspace: 72489K(72960K)->72489K(72960K) NonClass: 57566K(57792K)->57566K(57792K) Class: 14922K(15168K)->14922K(15168K)
[28.089s][info][gc             ] GC(190) Pause Young (Allocation Failure) 378M->42M(1021M) 1.271ms
[28.089s][info][gc,cpu         ] GC(190) User=0.00s Sys=0.00s Real=0.00s
[28.173s][info][gc,start       ] GC(191) Pause Young (Allocation Failure)
[28.174s][info][gc,heap        ] GC(191) PSYoungGen: 345888K(346624K)->1888K(346624K) Eden: 344064K(344064K)->0K(344064K) From: 1824K(2560K)->1888K(2560K)
[28.174s][info][gc,heap        ] GC(191) ParOldGen: 42071K(699392K)->42159K(699392K)
[28.174s][info][gc,metaspace   ] GC(191) Metaspace: 72489K(72960K)->72489K(72960K) NonClass: 57566K(57792K)->57566K(57792K) Class: 14922K(15168K)->14922K(15168K)
[28.174s][info][gc             ] GC(191) Pause Young (Allocation Failure) 378M->43M(1021M) 1.209ms
[28.174s][info][gc,cpu         ] GC(191) User=0.00s Sys=0.00s Real=0.00s
[28.258s][info][gc,start       ] GC(192) Pause Young (Allocation Failure)
[28.259s][info][gc,heap        ] GC(192) PSYoungGen: 345952K(346624K)->1856K(346624K) Eden: 344064K(344064K)->0K(344064K) From: 1888K(2560K)->1856K(2560K)
[28.259s][info][gc,heap        ] GC(192) ParOldGen: 42159K(699392K)->42239K(699392K)
[28.259s][info][gc,metaspace   ] GC(192) Metaspace: 72493K(72960K)->72493K(72960K) NonClass: 57570K(57792K)->57570K(57792K) Class: 14922K(15168K)->14922K(15168K)
[28.259s][info][gc             ] GC(192) Pause Young (Allocation Failure) 379M->43M(1021M) 1.196ms
[28.259s][info][gc,cpu         ] GC(192) User=0.00s Sys=0.00s Real=0.00s
[28.343s][info][gc,start       ] GC(193) Pause Young (Allocation Failure)
[28.344s][info][gc,heap        ] GC(193) PSYoungGen: 345920K(346624K)->1920K(346624K) Eden: 344064K(344064K)->0K(344064K) From: 1856K(2560K)->1920K(2560K)
[28.344s][info][gc,heap        ] GC(193) ParOldGen: 42239K(699392K)->42375K(699392K)
[28.344s][info][gc,metaspace   ] GC(193) Metaspace: 72498K(72960K)->72498K(72960K) NonClass: 57575K(57792K)->57575K(57792K) Class: 14922K(15168K)->14922K(15168K)
[28.344s][info][gc             ] GC(193) Pause Young (Allocation Failure) 379M->43M(1021M) 1.200ms
[28.344s][info][gc,cpu         ] GC(193) User=0.00s Sys=0.00s Real=0.00s
[28.427s][info][gc,start       ] GC(194) Pause Young (Allocation Failure)
[28.428s][info][gc,heap        ] GC(194) PSYoungGen: 345984K(346624K)->1888K(346624K) Eden: 344064K(344064K)->0K(344064K) From: 1920K(2560K)->1888K(2560K)
[28.428s][info][gc,heap        ] GC(194) ParOldGen: 42375K(699392K)->42655K(699392K)
[28.428s][info][gc,metaspace   ] GC(194) Metaspace: 72513K(73024K)->72513K(73024K) NonClass: 57590K(57856K)->57590K(57856K) Class: 14922K(15168K)->14922K(15168K)
[28.428s][info][gc             ] GC(194) Pause Young (Allocation Failure) 379M->43M(1021M) 1.273ms
[28.428s][info][gc,cpu         ] GC(194) User=0.00s Sys=0.00s Real=0.00s
[28.511s][info][gc,start       ] GC(195) Pause Young (Allocation Failure)
[28.512s][info][gc,heap        ] GC(195) PSYoungGen: 345952K(346624K)->1888K(346624K) Eden: 344064K(344064K)->0K(344064K) From: 1888K(2560K)->1888K(2560K)
[28.512s][info][gc,heap        ] GC(195) ParOldGen: 42655K(699392K)->42783K(699392K)
[28.512s][info][gc,metaspace   ] GC(195) Metaspace: 72513K(73024K)->72513K(73024K) NonClass: 57590K(57856K)->57590K(57856K) Class: 14922K(15168K)->14922K(15168K)
[28.512s][info][gc             ] GC(195) Pause Young (Allocation Failure) 379M->43M(1021M) 1.292ms
[28.512s][info][gc,cpu         ] GC(195) User=0.00s Sys=0.00s Real=0.00s
[28.594s][info][gc,start       ] GC(196) Pause Young (Allocation Failure)
[28.614s][info][gc,heap        ] GC(196) PSYoungGen: 345952K(346624K)->1920K(346624K) Eden: 344064K(344064K)->0K(344064K) From: 1888K(2560K)->1920K(2560K)
[28.615s][info][gc,heap        ] GC(196) ParOldGen: 42783K(699392K)->42863K(699392K)
[28.615s][info][gc,metaspace   ] GC(196) Metaspace: 72513K(73024K)->72513K(73024K) NonClass: 57590K(57856K)->57590K(57856K) Class: 14922K(15168K)->14922K(15168K)
[28.615s][info][gc             ] GC(196) Pause Young (Allocation Failure) 379M->43M(1021M) 20.225ms
[28.615s][info][gc,cpu         ] GC(196) User=0.00s Sys=0.00s Real=0.02s
[28.701s][info][gc,start       ] GC(197) Pause Young (Allocation Failure)
[28.702s][info][gc,heap        ] GC(197) PSYoungGen: 345984K(346624K)->1888K(346624K) Eden: 344064K(344064K)->0K(344064K) From: 1920K(2560K)->1888K(2560K)
[28.702s][info][gc,heap        ] GC(197) ParOldGen: 42863K(699392K)->42967K(699392K)
[28.702s][info][gc,metaspace   ] GC(197) Metaspace: 72513K(73024K)->72513K(73024K) NonClass: 57590K(57856K)->57590K(57856K) Class: 14922K(15168K)->14922K(15168K)
[28.702s][info][gc             ] GC(197) Pause Young (Allocation Failure) 379M->43M(1021M) 1.219ms
[28.702s][info][gc,cpu         ] GC(197) User=0.00s Sys=0.00s Real=0.00s
[28.786s][info][gc,start       ] GC(198) Pause Young (Allocation Failure)
[28.787s][info][gc,heap        ] GC(198) PSYoungGen: 345952K(346624K)->1888K(346112K) Eden: 344064K(344064K)->0K(344064K) From: 1888K(2560K)->1888K(2048K)
[28.787s][info][gc,heap        ] GC(198) ParOldGen: 42967K(699392K)->43055K(699392K)
[28.787s][info][gc,metaspace   ] GC(198) Metaspace: 72513K(73024K)->72513K(73024K) NonClass: 57590K(57856K)->57590K(57856K) Class: 14922K(15168K)->14922K(15168K)
[28.787s][info][gc             ] GC(198) Pause Young (Allocation Failure) 379M->43M(1021M) 1.253ms
[28.787s][info][gc,cpu         ] GC(198) User=0.00s Sys=0.00s Real=0.00s
[28.869s][info][gc,start       ] GC(199) Pause Young (Allocation Failure)
[28.870s][info][gc,heap        ] GC(199) PSYoungGen: 345951K(346112K)->1792K(346624K) Eden: 344063K(344064K)->0K(344576K) From: 1888K(2048K)->1792K(2048K)
[28.870s][info][gc,heap        ] GC(199) ParOldGen: 43055K(699392K)->43199K(699392K)
[28.870s][info][gc,metaspace   ] GC(199) Metaspace: 72513K(73024K)->72513K(73024K) NonClass: 57590K(57856K)->57590K(57856K) Class: 14922K(15168K)->14922K(15168K)
[28.870s][info][gc             ] GC(199) Pause Young (Allocation Failure) 379M->43M(1021M) 1.251ms
[28.870s][info][gc,cpu         ] GC(199) User=0.00s Sys=0.00s Real=0.00s
[28.953s][info][gc,start       ] GC(200) Pause Young (Allocation Failure)
[28.954s][info][gc,heap        ] GC(200) PSYoungGen: 346368K(346624K)->1920K(347136K) Eden: 344576K(344576K)->0K(345088K) From: 1792K(2048K)->1920K(2048K)
[28.954s][info][gc,heap        ] GC(200) ParOldGen: 43199K(699392K)->43327K(699392K)
[28.954s][info][gc,metaspace   ] GC(200) Metaspace: 72513K(73024K)->72513K(73024K) NonClass: 57590K(57856K)->57590K(57856K) Class: 14922K(15168K)->14922K(15168K)
[28.954s][info][gc             ] GC(200) Pause Young (Allocation Failure) 380M->44M(1022M) 1.212ms
[28.954s][info][gc,cpu         ] GC(200) User=0.00s Sys=0.00s Real=0.00s
[29.037s][info][gc,start       ] GC(201) Pause Young (Allocation Failure)
[29.038s][info][gc,heap        ] GC(201) PSYoungGen: 347008K(347136K)->1888K(347136K) Eden: 345088K(345088K)->0K(345088K) From: 1920K(2048K)->1888K(2048K)
[29.038s][info][gc,heap        ] GC(201) ParOldGen: 43327K(699392K)->43439K(699392K)
[29.038s][info][gc,metaspace   ] GC(201) Metaspace: 72513K(73024K)->72513K(73024K) NonClass: 57590K(57856K)->57590K(57856K) Class: 14922K(15168K)->14922K(15168K)
[29.038s][info][gc             ] GC(201) Pause Young (Allocation Failure) 381M->44M(1022M) 1.259ms
[29.038s][info][gc,cpu         ] GC(201) User=0.00s Sys=0.00s Real=0.00s
[29.121s][info][gc,start       ] GC(202) Pause Young (Allocation Failure)
[29.122s][info][gc,heap        ] GC(202) PSYoungGen: 346976K(347136K)->1856K(347136K) Eden: 345088K(345088K)->0K(345088K) From: 1888K(2048K)->1856K(2048K)
[29.122s][info][gc,heap        ] GC(202) ParOldGen: 43439K(699392K)->43551K(699392K)
[29.122s][info][gc,metaspace   ] GC(202) Metaspace: 72513K(73024K)->72513K(73024K) NonClass: 57590K(57856K)->57590K(57856K) Class: 14922K(15168K)->14922K(15168K)
[29.122s][info][gc             ] GC(202) Pause Young (Allocation Failure) 381M->44M(1022M) 1.222ms
[29.122s][info][gc,cpu         ] GC(202) User=0.00s Sys=0.00s Real=0.00s
[29.205s][info][gc,start       ] GC(203) Pause Young (Allocation Failure)
[29.206s][info][gc,heap        ] GC(203) PSYoungGen: 346944K(347136K)->1856K(347136K) Eden: 345088K(345088K)->0K(345088K) From: 1856K(2048K)->1856K(2048K)
[29.206s][info][gc,heap        ] GC(203) ParOldGen: 43551K(699392K)->43671K(699392K)
[29.206s][info][gc,metaspace   ] GC(203) Metaspace: 72513K(73024K)->72513K(73024K) NonClass: 57590K(57856K)->57590K(57856K) Class: 14922K(15168K)->14922K(15168K)
[29.206s][info][gc             ] GC(203) Pause Young (Allocation Failure) 381M->44M(1022M) 1.260ms
[29.206s][info][gc,cpu         ] GC(203) User=0.02s Sys=0.00s Real=0.00s
[29.289s][info][gc,start       ] GC(204) Pause Young (Allocation Failure)
[29.291s][info][gc,heap        ] GC(204) PSYoungGen: 346944K(347136K)->1856K(347136K) Eden: 345088K(345088K)->0K(345088K) From: 1856K(2048K)->1856K(2048K)
[29.291s][info][gc,heap        ] GC(204) ParOldGen: 43671K(699392K)->43727K(699392K)
[29.291s][info][gc,metaspace   ] GC(204) Metaspace: 72513K(73024K)->72513K(73024K) NonClass: 57590K(57856K)->57590K(57856K) Class: 14922K(15168K)->14922K(15168K)
[29.291s][info][gc             ] GC(204) Pause Young (Allocation Failure) 381M->44M(1022M) 1.282ms
[29.291s][info][gc,cpu         ] GC(204) User=0.00s Sys=0.00s Real=0.00s
[29.373s][info][gc,start       ] GC(205) Pause Young (Allocation Failure)
[29.375s][info][gc,heap        ] GC(205) PSYoungGen: 346944K(347136K)->1824K(347136K) Eden: 345088K(345088K)->0K(345088K) From: 1856K(2048K)->1824K(2048K)
[29.375s][info][gc,heap        ] GC(205) ParOldGen: 43727K(699392K)->43887K(699392K)
[29.375s][info][gc,metaspace   ] GC(205) Metaspace: 72513K(73024K)->72513K(73024K) NonClass: 57590K(57856K)->57590K(57856K) Class: 14922K(15168K)->14922K(15168K)
[29.375s][info][gc             ] GC(205) Pause Young (Allocation Failure) 381M->44M(1022M) 1.251ms
[29.375s][info][gc,cpu         ] GC(205) User=0.00s Sys=0.00s Real=0.00s
[29.457s][info][gc,start       ] GC(206) Pause Young (Allocation Failure)
[29.459s][info][gc,heap        ] GC(206) PSYoungGen: 346912K(347136K)->1856K(347136K) Eden: 345088K(345088K)->0K(345088K) From: 1824K(2048K)->1856K(2048K)
[29.459s][info][gc,heap        ] GC(206) ParOldGen: 43887K(699392K)->44135K(699392K)
[29.459s][info][gc,metaspace   ] GC(206) Metaspace: 72513K(73024K)->72513K(73024K) NonClass: 57590K(57856K)->57590K(57856K) Class: 14922K(15168K)->14922K(15168K)
[29.459s][info][gc             ] GC(206) Pause Young (Allocation Failure) 381M->44M(1022M) 1.298ms
[29.459s][info][gc,cpu         ] GC(206) User=0.00s Sys=0.00s Real=0.00s
[29.542s][info][gc,start       ] GC(207) Pause Young (Allocation Failure)
[29.543s][info][gc,heap        ] GC(207) PSYoungGen: 346944K(347136K)->1920K(347136K) Eden: 345088K(345088K)->0K(345088K) From: 1856K(2048K)->1920K(2048K)
[29.543s][info][gc,heap        ] GC(207) ParOldGen: 44135K(699392K)->44263K(699392K)
[29.543s][info][gc,metaspace   ] GC(207) Metaspace: 72513K(73024K)->72513K(73024K) NonClass: 57590K(57856K)->57590K(57856K) Class: 14922K(15168K)->14922K(15168K)
[29.543s][info][gc             ] GC(207) Pause Young (Allocation Failure) 381M->45M(1022M) 1.294ms
[29.543s][info][gc,cpu         ] GC(207) User=0.00s Sys=0.00s Real=0.00s
[29.626s][info][gc,start       ] GC(208) Pause Young (Allocation Failure)
[29.627s][info][gc,heap        ] GC(208) PSYoungGen: 347008K(347136K)->1824K(347136K) Eden: 345088K(345088K)->0K(345088K) From: 1920K(2048K)->1824K(2048K)
[29.627s][info][gc,heap        ] GC(208) ParOldGen: 44263K(699392K)->44375K(699392K)
[29.627s][info][gc,metaspace   ] GC(208) Metaspace: 72513K(73024K)->72513K(73024K) NonClass: 57590K(57856K)->57590K(57856K) Class: 14922K(15168K)->14922K(15168K)
[29.627s][info][gc             ] GC(208) Pause Young (Allocation Failure) 382M->45M(1022M) 1.253ms
[29.627s][info][gc,cpu         ] GC(208) User=0.00s Sys=0.00s Real=0.00s
[29.710s][info][gc,start       ] GC(209) Pause Young (Allocation Failure)
[29.711s][info][gc,heap        ] GC(209) PSYoungGen: 346912K(347136K)->1760K(347136K) Eden: 345088K(345088K)->0K(345088K) From: 1824K(2048K)->1760K(2048K)
[29.711s][info][gc,heap        ] GC(209) ParOldGen: 44375K(699392K)->44471K(699392K)
[29.711s][info][gc,metaspace   ] GC(209) Metaspace: 72513K(73024K)->72513K(73024K) NonClass: 57590K(57856K)->57590K(57856K) Class: 14922K(15168K)->14922K(15168K)
[29.711s][info][gc             ] GC(209) Pause Young (Allocation Failure) 382M->45M(1022M) 1.274ms
[29.711s][info][gc,cpu         ] GC(209) User=0.00s Sys=0.00s Real=0.00s
[29.794s][info][gc,start       ] GC(210) Pause Young (Allocation Failure)
[29.795s][info][gc,heap        ] GC(210) PSYoungGen: 346848K(347136K)->1856K(347136K) Eden: 345088K(345088K)->0K(345088K) From: 1760K(2048K)->1856K(2048K)
[29.795s][info][gc,heap        ] GC(210) ParOldGen: 44471K(699392K)->44551K(699392K)
[29.795s][info][gc,metaspace   ] GC(210) Metaspace: 72513K(73024K)->72513K(73024K) NonClass: 57590K(57856K)->57590K(57856K) Class: 14922K(15168K)->14922K(15168K)
[29.795s][info][gc             ] GC(210) Pause Young (Allocation Failure) 382M->45M(1022M) 1.286ms
[29.795s][info][gc,cpu         ] GC(210) User=0.00s Sys=0.00s Real=0.00s
[29.878s][info][gc,start       ] GC(211) Pause Young (Allocation Failure)
[29.880s][info][gc,heap        ] GC(211) PSYoungGen: 346944K(347136K)->1792K(347136K) Eden: 345088K(345088K)->0K(345088K) From: 1856K(2048K)->1792K(2048K)
[29.880s][info][gc,heap        ] GC(211) ParOldGen: 44551K(699392K)->44743K(699392K)
[29.880s][info][gc,metaspace   ] GC(211) Metaspace: 72513K(73024K)->72513K(73024K) NonClass: 57590K(57856K)->57590K(57856K) Class: 14922K(15168K)->14922K(15168K)
[29.880s][info][gc             ] GC(211) Pause Young (Allocation Failure) 382M->45M(1022M) 1.265ms
[29.880s][info][gc,cpu         ] GC(211) User=0.00s Sys=0.00s Real=0.00s
[29.963s][info][gc,start       ] GC(212) Pause Young (Allocation Failure)
[29.964s][info][gc,heap        ] GC(212) PSYoungGen: 346880K(347136K)->1856K(347136K) Eden: 345088K(345088K)->0K(345088K) From: 1792K(2048K)->1856K(2048K)
[29.964s][info][gc,heap        ] GC(212) ParOldGen: 44743K(699392K)->44951K(699392K)
[29.964s][info][gc,metaspace   ] GC(212) Metaspace: 72513K(73024K)->72513K(73024K) NonClass: 57590K(57856K)->57590K(57856K) Class: 14922K(15168K)->14922K(15168K)
[29.964s][info][gc             ] GC(212) Pause Young (Allocation Failure) 382M->45M(1022M) 1.262ms
[29.964s][info][gc,cpu         ] GC(212) User=0.00s Sys=0.00s Real=0.00s
[30.048s][info][gc,start       ] GC(213) Pause Young (Allocation Failure)
[30.049s][info][gc,heap        ] GC(213) PSYoungGen: 346944K(347136K)->1792K(347136K) Eden: 345088K(345088K)->0K(345088K) From: 1856K(2048K)->1792K(2048K)
[30.049s][info][gc,heap        ] GC(213) ParOldGen: 44951K(699392K)->45095K(699392K)
[30.049s][info][gc,metaspace   ] GC(213) Metaspace: 72513K(73024K)->72513K(73024K) NonClass: 57590K(57856K)->57590K(57856K) Class: 14922K(15168K)->14922K(15168K)
[30.049s][info][gc             ] GC(213) Pause Young (Allocation Failure) 382M->45M(1022M) 1.200ms
[30.049s][info][gc,cpu         ] GC(213) User=0.00s Sys=0.00s Real=0.00s
[30.132s][info][gc,start       ] GC(214) Pause Young (Allocation Failure)
[30.134s][info][gc,heap        ] GC(214) PSYoungGen: 346880K(347136K)->1792K(347136K) Eden: 345088K(345088K)->0K(345088K) From: 1792K(2048K)->1792K(2048K)
[30.134s][info][gc,heap        ] GC(214) ParOldGen: 45095K(699392K)->45263K(699392K)
[30.134s][info][gc,metaspace   ] GC(214) Metaspace: 72513K(73024K)->72513K(73024K) NonClass: 57590K(57856K)->57590K(57856K) Class: 14922K(15168K)->14922K(15168K)
[30.134s][info][gc             ] GC(214) Pause Young (Allocation Failure) 382M->45M(1022M) 1.239ms
[30.134s][info][gc,cpu         ] GC(214) User=0.00s Sys=0.00s Real=0.00s
[30.218s][info][gc,start       ] GC(215) Pause Young (Allocation Failure)
[30.219s][info][gc,heap        ] GC(215) PSYoungGen: 346880K(347136K)->1792K(347136K) Eden: 345088K(345088K)->0K(345088K) From: 1792K(2048K)->1792K(2048K)
[30.219s][info][gc,heap        ] GC(215) ParOldGen: 45263K(699392K)->45447K(699392K)
[30.219s][info][gc,metaspace   ] GC(215) Metaspace: 72514K(73024K)->72514K(73024K) NonClass: 57591K(57856K)->57591K(57856K) Class: 14922K(15168K)->14922K(15168K)
[30.219s][info][gc             ] GC(215) Pause Young (Allocation Failure) 382M->46M(1022M) 1.225ms
[30.219s][info][gc,cpu         ] GC(215) User=0.00s Sys=0.00s Real=0.00s
[30.305s][info][gc,start       ] GC(216) Pause Young (Allocation Failure)
[30.306s][info][gc,heap        ] GC(216) PSYoungGen: 346880K(347136K)->1664K(347136K) Eden: 345088K(345088K)->0K(345088K) From: 1792K(2048K)->1664K(2048K)
[30.306s][info][gc,heap        ] GC(216) ParOldGen: 45447K(699392K)->45767K(699392K)
[30.306s][info][gc,metaspace   ] GC(216) Metaspace: 72515K(73024K)->72515K(73024K) NonClass: 57593K(57856K)->57593K(57856K) Class: 14922K(15168K)->14922K(15168K)
[30.306s][info][gc             ] GC(216) Pause Young (Allocation Failure) 383M->46M(1022M) 1.221ms
[30.306s][info][gc,cpu         ] GC(216) User=0.00s Sys=0.00s Real=0.00s
[30.394s][info][gc,start       ] GC(217) Pause Young (Allocation Failure)
[30.395s][info][gc,heap        ] GC(217) PSYoungGen: 346752K(347136K)->1536K(347136K) Eden: 345088K(345088K)->0K(345088K) From: 1664K(2048K)->1536K(2048K)
[30.395s][info][gc,heap        ] GC(217) ParOldGen: 45767K(699392K)->46047K(699392K)
[30.395s][info][gc,metaspace   ] GC(217) Metaspace: 72516K(73024K)->72516K(73024K) NonClass: 57593K(57856K)->57593K(57856K) Class: 14922K(15168K)->14922K(15168K)
[30.395s][info][gc             ] GC(217) Pause Young (Allocation Failure) 383M->46M(1022M) 1.129ms
[30.395s][info][gc,cpu         ] GC(217) User=0.00s Sys=0.00s Real=0.00s
[30.487s][info][gc,start       ] GC(218) Pause Young (Allocation Failure)
[30.488s][info][gc,heap        ] GC(218) PSYoungGen: 346624K(347136K)->1472K(347136K) Eden: 345088K(345088K)->0K(345088K) From: 1536K(2048K)->1472K(2048K)
[30.488s][info][gc,heap        ] GC(218) ParOldGen: 46047K(699392K)->46319K(699392K)
[30.488s][info][gc,metaspace   ] GC(218) Metaspace: 72556K(73024K)->72556K(73024K) NonClass: 57633K(57856K)->57633K(57856K) Class: 14922K(15168K)->14922K(15168K)
[30.488s][info][gc             ] GC(218) Pause Young (Allocation Failure) 383M->46M(1022M) 1.082ms
[30.488s][info][gc,cpu         ] GC(218) User=0.00s Sys=0.00s Real=0.00s
[30.588s][info][gc,start       ] GC(219) Pause Young (Allocation Failure)
[30.589s][info][gc,heap        ] GC(219) PSYoungGen: 346560K(347136K)->1376K(346624K) Eden: 345088K(345088K)->0K(345088K) From: 1472K(2048K)->1376K(1536K)
[30.589s][info][gc,heap        ] GC(219) ParOldGen: 46319K(699392K)->46631K(699392K)
[30.589s][info][gc,metaspace   ] GC(219) Metaspace: 72592K(73088K)->72592K(73088K) NonClass: 57669K(57920K)->57669K(57920K) Class: 14922K(15168K)->14922K(15168K)
[30.589s][info][gc             ] GC(219) Pause Young (Allocation Failure) 383M->46M(1021M) 1.026ms
[30.589s][info][gc,cpu         ] GC(219) User=0.00s Sys=0.00s Real=0.00s
[30.707s][info][gc,start       ] GC(220) Pause Young (Allocation Failure)
[30.708s][info][gc,heap        ] GC(220) PSYoungGen: 346464K(346624K)->1344K(336896K) Eden: 345088K(345088K)->0K(335360K) From: 1376K(1536K)->1344K(1536K)
[30.708s][info][gc,heap        ] GC(220) ParOldGen: 46631K(699392K)->46919K(699392K)
[30.708s][info][gc,metaspace   ] GC(220) Metaspace: 72608K(73088K)->72608K(73088K) NonClass: 57685K(57920K)->57685K(57920K) Class: 14922K(15168K)->14922K(15168K)
[30.708s][info][gc             ] GC(220) Pause Young (Allocation Failure) 383M->47M(1012M) 1.147ms
[30.708s][info][gc,cpu         ] GC(220) User=0.00s Sys=0.00s Real=0.00s
[30.851s][info][gc,start       ] GC(221) Pause Young (Allocation Failure)
[30.852s][info][gc,heap        ] GC(221) PSYoungGen: 336704K(336896K)->1088K(327680K) Eden: 335360K(335360K)->0K(326144K) From: 1344K(1536K)->1088K(1536K)
[30.852s][info][gc,heap        ] GC(221) ParOldGen: 46919K(699392K)->47311K(699392K)
[30.852s][info][gc,metaspace   ] GC(221) Metaspace: 72627K(73088K)->72627K(73088K) NonClass: 57704K(57920K)->57704K(57920K) Class: 14922K(15168K)->14922K(15168K)
[30.852s][info][gc             ] GC(221) Pause Young (Allocation Failure) 374M->47M(1003M) 0.994ms
[30.852s][info][gc,cpu         ] GC(221) User=0.00s Sys=0.00s Real=0.00s
[31.011s][info][gc,start       ] GC(222) Pause Young (Allocation Failure)
[31.012s][info][gc,heap        ] GC(222) PSYoungGen: 327232K(327680K)->928K(318464K) Eden: 326144K(326144K)->0K(317440K) From: 1088K(1536K)->928K(1024K)
[31.012s][info][gc,heap        ] GC(222) ParOldGen: 47311K(699392K)->47567K(699392K)
[31.012s][info][gc,metaspace   ] GC(222) Metaspace: 72627K(73088K)->72627K(73088K) NonClass: 57704K(57920K)->57704K(57920K) Class: 14922K(15168K)->14922K(15168K)
[31.012s][info][gc             ] GC(222) Pause Young (Allocation Failure) 365M->47M(994M) 0.947ms
[31.012s][info][gc,cpu         ] GC(222) User=0.00s Sys=0.00s Real=0.00s
[31.180s][info][gc,start       ] GC(223) Pause Young (Allocation Failure)
[31.181s][info][gc,heap        ] GC(223) PSYoungGen: 318368K(318464K)->832K(310272K) Eden: 317440K(317440K)->0K(309248K) From: 928K(1024K)->832K(1024K)
[31.181s][info][gc,heap        ] GC(223) ParOldGen: 47567K(699392K)->47775K(699392K)
[31.181s][info][gc,metaspace   ] GC(223) Metaspace: 72627K(73088K)->72627K(73088K) NonClass: 57704K(57920K)->57704K(57920K) Class: 14922K(15168K)->14922K(15168K)
[31.181s][info][gc             ] GC(223) Pause Young (Allocation Failure) 357M->47M(986M) 0.764ms
[31.181s][info][gc,cpu         ] GC(223) User=0.39s Sys=0.00s Real=0.02s
[31.344s][info][gc,start       ] GC(224) Pause Young (Allocation Failure)
[31.419s][info][gc,heap        ] GC(224) PSYoungGen: 310080K(310272K)->800K(302080K) Eden: 309248K(309248K)->0K(301056K) From: 832K(1024K)->800K(1024K)
[31.419s][info][gc,heap        ] GC(224) ParOldGen: 47775K(699392K)->47871K(699392K)
[31.419s][info][gc,metaspace   ] GC(224) Metaspace: 72627K(73088K)->72627K(73088K) NonClass: 57704K(57920K)->57704K(57920K) Class: 14922K(15168K)->14922K(15168K)
[31.419s][info][gc             ] GC(224) Pause Young (Allocation Failure) 349M->47M(978M) 74.481ms
[31.419s][info][gc,cpu         ] GC(224) User=0.00s Sys=0.00s Real=0.06s
[31.599s][info][gc,start       ] GC(225) Pause Young (Allocation Failure)
[31.600s][info][gc,heap        ] GC(225) PSYoungGen: 301856K(302080K)->736K(294400K) Eden: 301056K(301056K)->0K(293376K) From: 800K(1024K)->736K(1024K)
[31.600s][info][gc,heap        ] GC(225) ParOldGen: 47871K(699392K)->47983K(699392K)
[31.600s][info][gc,metaspace   ] GC(225) Metaspace: 72627K(73088K)->72627K(73088K) NonClass: 57704K(57920K)->57704K(57920K) Class: 14922K(15168K)->14922K(15168K)
[31.600s][info][gc             ] GC(225) Pause Young (Allocation Failure) 341M->47M(970M) 0.686ms
[31.600s][info][gc,cpu         ] GC(225) User=0.00s Sys=0.00s Real=0.00s
[31.754s][info][gc,start       ] GC(226) Pause Young (Allocation Failure)
[31.755s][info][gc,heap        ] GC(226) PSYoungGen: 294112K(294400K)->736K(286720K) Eden: 293376K(293376K)->0K(285696K) From: 736K(1024K)->736K(1024K)
[31.755s][info][gc,heap        ] GC(226) ParOldGen: 47983K(699392K)->48007K(699392K)
[31.755s][info][gc,metaspace   ] GC(226) Metaspace: 72627K(73088K)->72627K(73088K) NonClass: 57704K(57920K)->57704K(57920K) Class: 14922K(15168K)->14922K(15168K)
[31.755s][info][gc             ] GC(226) Pause Young (Allocation Failure) 334M->47M(963M) 0.781ms
[31.755s][info][gc,cpu         ] GC(226) User=0.00s Sys=0.00s Real=0.00s
[31.906s][info][gc,start       ] GC(227) Pause Young (Allocation Failure)
[31.906s][info][gc,heap        ] GC(227) PSYoungGen: 286432K(286720K)->768K(279552K) Eden: 285696K(285696K)->0K(278528K) From: 736K(1024K)->768K(1024K)
[31.906s][info][gc,heap        ] GC(227) ParOldGen: 48007K(699392K)->48103K(699392K)
[31.906s][info][gc,metaspace   ] GC(227) Metaspace: 72627K(73088K)->72627K(73088K) NonClass: 57704K(57920K)->57704K(57920K) Class: 14922K(15168K)->14922K(15168K)
[31.906s][info][gc             ] GC(227) Pause Young (Allocation Failure) 326M->47M(956M) 0.673ms
[31.906s][info][gc,cpu         ] GC(227) User=0.00s Sys=0.00s Real=0.00s
[32.053s][info][gc,start       ] GC(228) Pause Young (Allocation Failure)
[32.053s][info][gc,heap        ] GC(228) PSYoungGen: 279296K(279552K)->736K(272384K) Eden: 278528K(278528K)->0K(271360K) From: 768K(1024K)->736K(1024K)
[32.053s][info][gc,heap        ] GC(228) ParOldGen: 48103K(699392K)->48103K(699392K)
[32.053s][info][gc,metaspace   ] GC(228) Metaspace: 72627K(73088K)->72627K(73088K) NonClass: 57704K(57920K)->57704K(57920K) Class: 14922K(15168K)->14922K(15168K)
[32.053s][info][gc             ] GC(228) Pause Young (Allocation Failure) 319M->47M(949M) 0.798ms
[32.053s][info][gc,cpu         ] GC(228) User=0.00s Sys=0.00s Real=0.00s
[32.197s][info][gc,start       ] GC(229) Pause Young (Allocation Failure)
[32.197s][info][gc,heap        ] GC(229) PSYoungGen: 272096K(272384K)->736K(265728K) Eden: 271360K(271360K)->0K(264704K) From: 736K(1024K)->736K(1024K)
[32.197s][info][gc,heap        ] GC(229) ParOldGen: 48103K(699392K)->48175K(699392K)
[32.197s][info][gc,metaspace   ] GC(229) Metaspace: 72627K(73088K)->72627K(73088K) NonClass: 57704K(57920K)->57704K(57920K) Class: 14922K(15168K)->14922K(15168K)
[32.197s][info][gc             ] GC(229) Pause Young (Allocation Failure) 312M->47M(942M) 0.675ms
[32.197s][info][gc,cpu         ] GC(229) User=0.00s Sys=0.00s Real=0.00s
[32.264s][info][gc,start       ] GC(230) Pause Young (System.gc())
[32.265s][info][gc,heap        ] GC(230) PSYoungGen: 68704K(265728K)->1408K(266240K) Eden: 67968K(264704K)->0K(264704K) From: 736K(1024K)->1408K(1536K)
[32.265s][info][gc,heap        ] GC(230) ParOldGen: 48175K(699392K)->48247K(699392K)
[32.265s][info][gc,metaspace   ] GC(230) Metaspace: 72636K(73088K)->72636K(73088K) NonClass: 57713K(57920K)->57713K(57920K) Class: 14922K(15168K)->14922K(15168K)
[32.265s][info][gc             ] GC(230) Pause Young (System.gc()) 114M->48M(943M) 1.720ms
[32.266s][info][gc,cpu         ] GC(230) User=0.00s Sys=0.00s Real=0.00s
[32.266s][info][gc,start       ] GC(231) Pause Full (System.gc())
[32.266s][info][gc,phases,start] GC(231) Marking Phase
[32.303s][info][gc,phases      ] GC(231) Marking Phase 37.241ms
[32.303s][info][gc,phases,start] GC(231) Summary Phase
[32.303s][info][gc,phases      ] GC(231) Summary Phase 0.014ms
[32.303s][info][gc,phases,start] GC(231) Adjust Roots
[32.320s][info][gc,phases      ] GC(231) Adjust Roots 17.292ms
[32.320s][info][gc,phases,start] GC(231) Compaction Phase
[32.334s][info][gc,phases      ] GC(231) Compaction Phase 13.552ms
[32.334s][info][gc,phases,start] GC(231) Post Compact
[32.335s][info][gc,phases      ] GC(231) Post Compact 0.847ms
[32.335s][info][gc,heap        ] GC(231) PSYoungGen: 1408K(266240K)->0K(266240K) Eden: 0K(264704K)->0K(264704K) From: 1408K(1536K)->0K(1536K)
[32.335s][info][gc,heap        ] GC(231) ParOldGen: 48247K(699392K)->35479K(699392K)
[32.335s][info][gc,metaspace   ] GC(231) Metaspace: 72636K(73088K)->72636K(73088K) NonClass: 57713K(57920K)->57713K(57920K) Class: 14922K(15168K)->14922K(15168K)
[32.335s][info][gc             ] GC(231) Pause Full (System.gc()) 48M->34M(943M) 69.279ms
[32.335s][info][gc,cpu         ] GC(231) User=0.91s Sys=0.02s Real=0.06s
[32.430s][info][gc,start       ] GC(232) Pause Young (Allocation Failure)
[32.432s][info][gc,heap        ] GC(232) PSYoungGen: 264704K(266240K)->2560K(261120K) Eden: 264704K(264704K)->0K(258560K) From: 0K(1536K)->2560K(2560K)
[32.432s][info][gc,heap        ] GC(232) ParOldGen: 35479K(699392K)->36471K(699392K)
[32.432s][info][gc,metaspace   ] GC(232) Metaspace: 72752K(73280K)->72752K(73280K) NonClass: 57829K(58112K)->57829K(58112K) Class: 14923K(15168K)->14923K(15168K)
[32.432s][info][gc             ] GC(232) Pause Young (Allocation Failure) 293M->38M(938M) 1.834ms
[32.432s][info][gc,cpu         ] GC(232) User=0.00s Sys=0.00s Real=0.00s
[32.494s][info][gc,start       ] GC(233) Pause Young (Allocation Failure)
[32.495s][info][gc,heap        ] GC(233) PSYoungGen: 261120K(261120K)->1536K(253952K) Eden: 258560K(258560K)->0K(252416K) From: 2560K(2560K)->1536K(1536K)
[32.495s][info][gc,heap        ] GC(233) ParOldGen: 36471K(699392K)->38247K(699392K)
[32.495s][info][gc,metaspace   ] GC(233) Metaspace: 72753K(73280K)->72753K(73280K) NonClass: 57829K(58112K)->57829K(58112K) Class: 14923K(15168K)->14923K(15168K)
[32.495s][info][gc             ] GC(233) Pause Young (Allocation Failure) 290M->38M(931M) 1.520ms
[32.495s][info][gc,cpu         ] GC(233) User=0.00s Sys=0.00s Real=0.00s
[32.556s][info][gc,start       ] GC(234) Pause Young (Allocation Failure)
[32.557s][info][gc,heap        ] GC(234) PSYoungGen: 253952K(253952K)->1824K(305152K) Eden: 252416K(252416K)->0K(303104K) From: 1536K(1536K)->1824K(2048K)
[32.557s][info][gc,heap        ] GC(234) ParOldGen: 38247K(699392K)->38455K(699392K)
[32.557s][info][gc,metaspace   ] GC(234) Metaspace: 72759K(73280K)->72759K(73280K) NonClass: 57836K(58112K)->57836K(58112K) Class: 14923K(15168K)->14923K(15168K)
[32.557s][info][gc             ] GC(234) Pause Young (Allocation Failure) 285M->39M(981M) 1.296ms
[32.557s][info][gc,cpu         ] GC(234) User=0.00s Sys=0.00s Real=0.00s
[32.630s][info][gc,start       ] GC(235) Pause Young (Allocation Failure)
[32.631s][info][gc,heap        ] GC(235) PSYoungGen: 304928K(305152K)->1792K(332288K) Eden: 303104K(303104K)->0K(328704K) From: 1824K(2048K)->1792K(3584K)
[32.631s][info][gc,heap        ] GC(235) ParOldGen: 38455K(699392K)->38543K(699392K)
[32.631s][info][gc,metaspace   ] GC(235) Metaspace: 72760K(73280K)->72760K(73280K) NonClass: 57837K(58112K)->57837K(58112K) Class: 14923K(15168K)->14923K(15168K)
[32.631s][info][gc             ] GC(235) Pause Young (Allocation Failure) 335M->39M(1007M) 1.193ms
[32.631s][info][gc,cpu         ] GC(235) User=0.00s Sys=0.00s Real=0.00s
[32.710s][info][gc,start       ] GC(236) Pause Young (Allocation Failure)
[32.711s][info][gc,heap        ] GC(236) PSYoungGen: 330496K(332288K)->1792K(332288K) Eden: 328704K(328704K)->0K(328704K) From: 1792K(3584K)->1792K(3584K)
[32.711s][info][gc,heap        ] GC(236) ParOldGen: 38543K(699392K)->38591K(699392K)
[32.711s][info][gc,metaspace   ] GC(236) Metaspace: 72761K(73280K)->72761K(73280K) NonClass: 57837K(58112K)->57837K(58112K) Class: 14923K(15168K)->14923K(15168K)
[32.711s][info][gc             ] GC(236) Pause Young (Allocation Failure) 360M->39M(1007M) 1.110ms
[32.711s][info][gc,cpu         ] GC(236) User=0.00s Sys=0.00s Real=0.00s
[32.790s][info][gc,start       ] GC(237) Pause Young (Allocation Failure)
[32.791s][info][gc,heap        ] GC(237) PSYoungGen: 330496K(332288K)->1984K(345600K) Eden: 328704K(328704K)->0K(342016K) From: 1792K(3584K)->1984K(3584K)
[32.791s][info][gc,heap        ] GC(237) ParOldGen: 38591K(699392K)->38615K(699392K)
[32.791s][info][gc,metaspace   ] GC(237) Metaspace: 72766K(73280K)->72766K(73280K) NonClass: 57842K(58112K)->57842K(58112K) Class: 14923K(15168K)->14923K(15168K)
[32.791s][info][gc             ] GC(237) Pause Young (Allocation Failure) 360M->39M(1020M) 1.478ms
[32.791s][info][gc,cpu         ] GC(237) User=0.00s Sys=0.00s Real=0.00s
[32.873s][info][gc,start       ] GC(238) Pause Young (Allocation Failure)
[32.875s][info][gc,heap        ] GC(238) PSYoungGen: 343999K(345600K)->1824K(345600K) Eden: 342015K(342016K)->0K(342016K) From: 1984K(3584K)->1824K(3584K)
[32.875s][info][gc,heap        ] GC(238) ParOldGen: 38615K(699392K)->38695K(699392K)
[32.875s][info][gc,metaspace   ] GC(238) Metaspace: 72767K(73280K)->72767K(73280K) NonClass: 57843K(58112K)->57843K(58112K) Class: 14923K(15168K)->14923K(15168K)
[32.875s][info][gc             ] GC(238) Pause Young (Allocation Failure) 373M->39M(1020M) 1.542ms
[32.875s][info][gc,cpu         ] GC(238) User=0.00s Sys=0.00s Real=0.00s
[32.957s][info][gc,start       ] GC(239) Pause Young (Allocation Failure)
[32.958s][info][gc,heap        ] GC(239) PSYoungGen: 343840K(345600K)->1888K(344576K) Eden: 342016K(342016K)->0K(342016K) From: 1824K(3584K)->1888K(2560K)
[32.958s][info][gc,heap        ] GC(239) ParOldGen: 38695K(699392K)->38831K(699392K)
[32.958s][info][gc,metaspace   ] GC(239) Metaspace: 72767K(73280K)->72767K(73280K) NonClass: 57843K(58112K)->57843K(58112K) Class: 14923K(15168K)->14923K(15168K)
[32.958s][info][gc             ] GC(239) Pause Young (Allocation Failure) 373M->39M(1019M) 1.096ms
[32.958s][info][gc,cpu         ] GC(239) User=0.00s Sys=0.00s Real=0.00s
[33.040s][info][gc,start       ] GC(240) Pause Young (Allocation Failure)
[33.041s][info][gc,heap        ] GC(240) PSYoungGen: 343904K(344576K)->1760K(345088K) Eden: 342016K(342016K)->0K(342016K) From: 1888K(2560K)->1760K(3072K)
[33.041s][info][gc,heap        ] GC(240) ParOldGen: 38831K(699392K)->38943K(699392K)
[33.041s][info][gc,metaspace   ] GC(240) Metaspace: 72767K(73280K)->72767K(73280K) NonClass: 57843K(58112K)->57843K(58112K) Class: 14923K(15168K)->14923K(15168K)
[33.041s][info][gc             ] GC(240) Pause Young (Allocation Failure) 373M->39M(1020M) 1.112ms
[33.041s][info][gc,cpu         ] GC(240) User=0.00s Sys=0.00s Real=0.00s
[33.123s][info][gc,start       ] GC(241) Pause Young (Allocation Failure)
[33.124s][info][gc,heap        ] GC(241) PSYoungGen: 343775K(345088K)->1920K(346112K) Eden: 342015K(342016K)->0K(343040K) From: 1760K(3072K)->1920K(3072K)
[33.124s][info][gc,heap        ] GC(241) ParOldGen: 38943K(699392K)->39015K(699392K)
[33.124s][info][gc,metaspace   ] GC(241) Metaspace: 72767K(73280K)->72767K(73280K) NonClass: 57843K(58112K)->57843K(58112K) Class: 14923K(15168K)->14923K(15168K)
[33.124s][info][gc             ] GC(241) Pause Young (Allocation Failure) 373M->39M(1021M) 1.159ms
[33.124s][info][gc,cpu         ] GC(241) User=0.00s Sys=0.00s Real=0.00s
[33.229s][info][gc,start       ] GC(242) Pause Young (Allocation Failure)
[33.231s][info][gc,heap        ] GC(242) PSYoungGen: 344960K(346112K)->1888K(346112K) Eden: 343040K(343040K)->0K(343040K) From: 1920K(3072K)->1888K(3072K)
[33.231s][info][gc,heap        ] GC(242) ParOldGen: 39015K(699392K)->39087K(699392K)
[33.231s][info][gc,metaspace   ] GC(242) Metaspace: 72767K(73280K)->72767K(73280K) NonClass: 57843K(58112K)->57843K(58112K) Class: 14923K(15168K)->14923K(15168K)
[33.231s][info][gc             ] GC(242) Pause Young (Allocation Failure) 374M->40M(1021M) 1.234ms
[33.231s][info][gc,cpu         ] GC(242) User=0.00s Sys=0.00s Real=0.00s
[33.313s][info][gc,start       ] GC(243) Pause Young (Allocation Failure)
[33.314s][info][gc,heap        ] GC(243) PSYoungGen: 344928K(346112K)->1824K(346112K) Eden: 343040K(343040K)->0K(343040K) From: 1888K(3072K)->1824K(3072K)
[33.314s][info][gc,heap        ] GC(243) ParOldGen: 39087K(699392K)->39151K(699392K)
[33.314s][info][gc,metaspace   ] GC(243) Metaspace: 72767K(73280K)->72767K(73280K) NonClass: 57843K(58112K)->57843K(58112K) Class: 14923K(15168K)->14923K(15168K)
[33.314s][info][gc             ] GC(243) Pause Young (Allocation Failure) 375M->40M(1021M) 1.072ms
[33.314s][info][gc,cpu         ] GC(243) User=0.00s Sys=0.00s Real=0.00s
[33.396s][info][gc,start       ] GC(244) Pause Young (Allocation Failure)
[33.397s][info][gc,heap        ] GC(244) PSYoungGen: 344864K(346112K)->1792K(346112K) Eden: 343040K(343040K)->0K(343040K) From: 1824K(3072K)->1792K(3072K)
[33.397s][info][gc,heap        ] GC(244) ParOldGen: 39151K(699392K)->39415K(699392K)
[33.397s][info][gc,metaspace   ] GC(244) Metaspace: 72767K(73280K)->72767K(73280K) NonClass: 57843K(58112K)->57843K(58112K) Class: 14923K(15168K)->14923K(15168K)
[33.397s][info][gc             ] GC(244) Pause Young (Allocation Failure) 375M->40M(1021M) 1.119ms
[33.397s][info][gc,cpu         ] GC(244) User=0.00s Sys=0.00s Real=0.00s
[33.480s][info][gc,start       ] GC(245) Pause Young (Allocation Failure)
[33.481s][info][gc,heap        ] GC(245) PSYoungGen: 344832K(346112K)->1792K(346112K) Eden: 343040K(343040K)->0K(343040K) From: 1792K(3072K)->1792K(3072K)
[33.481s][info][gc,heap        ] GC(245) ParOldGen: 39415K(699392K)->39623K(699392K)
[33.481s][info][gc,metaspace   ] GC(245) Metaspace: 72767K(73280K)->72767K(73280K) NonClass: 57843K(58112K)->57843K(58112K) Class: 14923K(15168K)->14923K(15168K)
[33.481s][info][gc             ] GC(245) Pause Young (Allocation Failure) 375M->40M(1021M) 1.130ms
[33.481s][info][gc,cpu         ] GC(245) User=0.00s Sys=0.00s Real=0.00s
[33.563s][info][gc,start       ] GC(246) Pause Young (Allocation Failure)
[33.564s][info][gc,heap        ] GC(246) PSYoungGen: 344832K(346112K)->1728K(345088K) Eden: 343040K(343040K)->0K(343040K) From: 1792K(3072K)->1728K(2048K)
[33.564s][info][gc,heap        ] GC(246) ParOldGen: 39623K(699392K)->39727K(699392K)
[33.564s][info][gc,metaspace   ] GC(246) Metaspace: 72767K(73280K)->72767K(73280K) NonClass: 57844K(58112K)->57844K(58112K) Class: 14923K(15168K)->14923K(15168K)
[33.564s][info][gc             ] GC(246) Pause Young (Allocation Failure) 375M->40M(1020M) 1.104ms
[33.565s][info][gc,cpu         ] GC(246) User=0.00s Sys=0.00s Real=0.00s
[33.646s][info][gc,start       ] GC(247) Pause Young (Allocation Failure)
[33.648s][info][gc,heap        ] GC(247) PSYoungGen: 344768K(345088K)->1888K(345600K) Eden: 343040K(343040K)->0K(343040K) From: 1728K(2048K)->1888K(2560K)
[33.648s][info][gc,heap        ] GC(247) ParOldGen: 39727K(699392K)->39807K(699392K)
[33.648s][info][gc,metaspace   ] GC(247) Metaspace: 72767K(73280K)->72767K(73280K) NonClass: 57844K(58112K)->57844K(58112K) Class: 14923K(15168K)->14923K(15168K)
[33.648s][info][gc             ] GC(247) Pause Young (Allocation Failure) 375M->40M(1020M) 1.128ms
[33.648s][info][gc,cpu         ] GC(247) User=0.00s Sys=0.00s Real=0.00s
[33.730s][info][gc,start       ] GC(248) Pause Young (Allocation Failure)
[33.731s][info][gc,heap        ] GC(248) PSYoungGen: 344928K(345600K)->1824K(345600K) Eden: 343040K(343040K)->0K(343040K) From: 1888K(2560K)->1824K(2560K)
[33.731s][info][gc,heap        ] GC(248) ParOldGen: 39807K(699392K)->39887K(699392K)
[33.731s][info][gc,metaspace   ] GC(248) Metaspace: 72767K(73280K)->72767K(73280K) NonClass: 57844K(58112K)->57844K(58112K) Class: 14923K(15168K)->14923K(15168K)
[33.731s][info][gc             ] GC(248) Pause Young (Allocation Failure) 375M->40M(1020M) 1.126ms
[33.731s][info][gc,cpu         ] GC(248) User=0.00s Sys=0.00s Real=0.00s
[33.814s][info][gc,start       ] GC(249) Pause Young (Allocation Failure)
[33.815s][info][gc,heap        ] GC(249) PSYoungGen: 344864K(345600K)->1888K(346624K) Eden: 343040K(343040K)->0K(344064K) From: 1824K(2560K)->1888K(2560K)
[33.815s][info][gc,heap        ] GC(249) ParOldGen: 39887K(699392K)->39999K(699392K)
[33.815s][info][gc,metaspace   ] GC(249) Metaspace: 72767K(73280K)->72767K(73280K) NonClass: 57844K(58112K)->57844K(58112K) Class: 14923K(15168K)->14923K(15168K)
[33.815s][info][gc             ] GC(249) Pause Young (Allocation Failure) 375M->40M(1021M) 1.108ms
[33.815s][info][gc,cpu         ] GC(249) User=0.00s Sys=0.00s Real=0.00s
[33.897s][info][gc,start       ] GC(250) Pause Young (Allocation Failure)
[33.898s][info][gc,heap        ] GC(250) PSYoungGen: 345952K(346624K)->1792K(346624K) Eden: 344064K(344064K)->0K(344064K) From: 1888K(2560K)->1792K(2560K)
[33.898s][info][gc,heap        ] GC(250) ParOldGen: 39999K(699392K)->40119K(699392K)
[33.898s][info][gc,metaspace   ] GC(250) Metaspace: 72767K(73280K)->72767K(73280K) NonClass: 57844K(58112K)->57844K(58112K) Class: 14923K(15168K)->14923K(15168K)
[33.898s][info][gc             ] GC(250) Pause Young (Allocation Failure) 376M->40M(1021M) 1.127ms
[33.898s][info][gc,cpu         ] GC(250) User=0.00s Sys=0.00s Real=0.00s
[33.981s][info][gc,start       ] GC(251) Pause Young (Allocation Failure)
[33.982s][info][gc,heap        ] GC(251) PSYoungGen: 345856K(346624K)->1888K(346624K) Eden: 344064K(344064K)->0K(344064K) From: 1792K(2560K)->1888K(2560K)
[33.982s][info][gc,heap        ] GC(251) ParOldGen: 40119K(699392K)->40215K(699392K)
[33.982s][info][gc,metaspace   ] GC(251) Metaspace: 72767K(73280K)->72767K(73280K) NonClass: 57844K(58112K)->57844K(58112K) Class: 14923K(15168K)->14923K(15168K)
[33.982s][info][gc             ] GC(251) Pause Young (Allocation Failure) 376M->41M(1021M) 1.134ms
[33.982s][info][gc,cpu         ] GC(251) User=0.00s Sys=0.00s Real=0.00s
[34.064s][info][gc,start       ] GC(252) Pause Young (Allocation Failure)
[34.065s][info][gc,heap        ] GC(252) PSYoungGen: 345952K(346624K)->1728K(346624K) Eden: 344064K(344064K)->0K(344064K) From: 1888K(2560K)->1728K(2560K)
[34.066s][info][gc,heap        ] GC(252) ParOldGen: 40215K(699392K)->40327K(699392K)
[34.066s][info][gc,metaspace   ] GC(252) Metaspace: 72767K(73280K)->72767K(73280K) NonClass: 57844K(58112K)->57844K(58112K) Class: 14923K(15168K)->14923K(15168K)
[34.066s][info][gc             ] GC(252) Pause Young (Allocation Failure) 377M->41M(1021M) 1.100ms
[34.066s][info][gc,cpu         ] GC(252) User=0.00s Sys=0.00s Real=0.00s
[34.148s][info][gc,start       ] GC(253) Pause Young (Allocation Failure)
[34.165s][info][gc,heap        ] GC(253) PSYoungGen: 345792K(346624K)->1824K(346624K) Eden: 344064K(344064K)->0K(344064K) From: 1728K(2560K)->1824K(2560K)
[34.165s][info][gc,heap        ] GC(253) ParOldGen: 40327K(699392K)->40471K(699392K)
[34.165s][info][gc,metaspace   ] GC(253) Metaspace: 72767K(73280K)->72767K(73280K) NonClass: 57844K(58112K)->57844K(58112K) Class: 14923K(15168K)->14923K(15168K)
[34.165s][info][gc             ] GC(253) Pause Young (Allocation Failure) 377M->41M(1021M) 16.555ms
[34.165s][info][gc,cpu         ] GC(253) User=0.00s Sys=0.00s Real=0.02s
[34.250s][info][gc,start       ] GC(254) Pause Young (Allocation Failure)
[34.251s][info][gc,heap        ] GC(254) PSYoungGen: 345888K(346624K)->1824K(346624K) Eden: 344064K(344064K)->0K(344064K) From: 1824K(2560K)->1824K(2560K)
[34.251s][info][gc,heap        ] GC(254) ParOldGen: 40471K(699392K)->40559K(699392K)
[34.251s][info][gc,metaspace   ] GC(254) Metaspace: 72768K(73280K)->72768K(73280K) NonClass: 57844K(58112K)->57844K(58112K) Class: 14923K(15168K)->14923K(15168K)
[34.251s][info][gc             ] GC(254) Pause Young (Allocation Failure) 377M->41M(1021M) 1.123ms
[34.251s][info][gc,cpu         ] GC(254) User=0.00s Sys=0.00s Real=0.00s
[34.334s][info][gc,start       ] GC(255) Pause Young (Allocation Failure)
[34.335s][info][gc,heap        ] GC(255) PSYoungGen: 345888K(346624K)->1856K(346624K) Eden: 344064K(344064K)->0K(344064K) From: 1824K(2560K)->1856K(2560K)
[34.335s][info][gc,heap        ] GC(255) ParOldGen: 40559K(699392K)->40695K(699392K)
[34.335s][info][gc,metaspace   ] GC(255) Metaspace: 72768K(73280K)->72768K(73280K) NonClass: 57844K(58112K)->57844K(58112K) Class: 14923K(15168K)->14923K(15168K)
[34.335s][info][gc             ] GC(255) Pause Young (Allocation Failure) 377M->41M(1021M) 1.132ms
[34.335s][info][gc,cpu         ] GC(255) User=0.00s Sys=0.00s Real=0.00s
[34.418s][info][gc,start       ] GC(256) Pause Young (Allocation Failure)
[34.419s][info][gc,heap        ] GC(256) PSYoungGen: 345920K(346624K)->1856K(346624K) Eden: 344064K(344064K)->0K(344064K) From: 1856K(2560K)->1856K(2560K)
[34.419s][info][gc,heap        ] GC(256) ParOldGen: 40695K(699392K)->40927K(699392K)
[34.419s][info][gc,metaspace   ] GC(256) Metaspace: 72775K(73280K)->72775K(73280K) NonClass: 57852K(58112K)->57852K(58112K) Class: 14923K(15168K)->14923K(15168K)
[34.419s][info][gc             ] GC(256) Pause Young (Allocation Failure) 377M->41M(1021M) 1.119ms
[34.419s][info][gc,cpu         ] GC(256) User=0.00s Sys=0.00s Real=0.00s
[34.502s][info][gc,start       ] GC(257) Pause Young (Allocation Failure)
[34.503s][info][gc,heap        ] GC(257) PSYoungGen: 345920K(346624K)->1888K(346624K) Eden: 344064K(344064K)->0K(344064K) From: 1856K(2560K)->1888K(2560K)
[34.503s][info][gc,heap        ] GC(257) ParOldGen: 40927K(699392K)->41007K(699392K)
[34.503s][info][gc,metaspace   ] GC(257) Metaspace: 72775K(73280K)->72775K(73280K) NonClass: 57852K(58112K)->57852K(58112K) Class: 14923K(15168K)->14923K(15168K)
[34.503s][info][gc             ] GC(257) Pause Young (Allocation Failure) 377M->41M(1021M) 1.092ms
[34.503s][info][gc,cpu         ] GC(257) User=0.00s Sys=0.00s Real=0.00s
[34.586s][info][gc,start       ] GC(258) Pause Young (Allocation Failure)
[34.587s][info][gc,heap        ] GC(258) PSYoungGen: 345952K(346624K)->1824K(346624K) Eden: 344064K(344064K)->0K(344064K) From: 1888K(2560K)->1824K(2560K)
[34.587s][info][gc,heap        ] GC(258) ParOldGen: 41007K(699392K)->41087K(699392K)
[34.587s][info][gc,metaspace   ] GC(258) Metaspace: 72802K(73280K)->72802K(73280K) NonClass: 57878K(58112K)->57878K(58112K) Class: 14923K(15168K)->14923K(15168K)
[34.587s][info][gc             ] GC(258) Pause Young (Allocation Failure) 377M->41M(1021M) 1.097ms
[34.587s][info][gc,cpu         ] GC(258) User=0.00s Sys=0.00s Real=0.00s
[34.669s][info][gc,start       ] GC(259) Pause Young (Allocation Failure)
[34.670s][info][gc,heap        ] GC(259) PSYoungGen: 345888K(346624K)->1792K(346624K) Eden: 344064K(344064K)->0K(344064K) From: 1824K(2560K)->1792K(2560K)
[34.671s][info][gc,heap        ] GC(259) ParOldGen: 41087K(699392K)->41167K(699392K)
[34.671s][info][gc,metaspace   ] GC(259) Metaspace: 72802K(73280K)->72802K(73280K) NonClass: 57878K(58112K)->57878K(58112K) Class: 14923K(15168K)->14923K(15168K)
[34.671s][info][gc             ] GC(259) Pause Young (Allocation Failure) 377M->41M(1021M) 1.090ms
[34.671s][info][gc,cpu         ] GC(259) User=0.00s Sys=0.00s Real=0.00s
[34.753s][info][gc,start       ] GC(260) Pause Young (Allocation Failure)
[34.754s][info][gc,heap        ] GC(260) PSYoungGen: 345856K(346624K)->1824K(346624K) Eden: 344064K(344064K)->0K(344064K) From: 1792K(2560K)->1824K(2560K)
[34.754s][info][gc,heap        ] GC(260) ParOldGen: 41167K(699392K)->41295K(699392K)
[34.754s][info][gc,metaspace   ] GC(260) Metaspace: 72802K(73280K)->72802K(73280K) NonClass: 57878K(58112K)->57878K(58112K) Class: 14923K(15168K)->14923K(15168K)
[34.754s][info][gc             ] GC(260) Pause Young (Allocation Failure) 377M->42M(1021M) 1.123ms
[34.754s][info][gc,cpu         ] GC(260) User=0.00s Sys=0.00s Real=0.00s
[34.837s][info][gc,start       ] GC(261) Pause Young (Allocation Failure)
[34.839s][info][gc,heap        ] GC(261) PSYoungGen: 345888K(346624K)->1888K(346624K) Eden: 344064K(344064K)->0K(344064K) From: 1824K(2560K)->1888K(2560K)
[34.839s][info][gc,heap        ] GC(261) ParOldGen: 41295K(699392K)->41367K(699392K)
[34.839s][info][gc,metaspace   ] GC(261) Metaspace: 72802K(73280K)->72802K(73280K) NonClass: 57878K(58112K)->57878K(58112K) Class: 14923K(15168K)->14923K(15168K)
[34.839s][info][gc             ] GC(261) Pause Young (Allocation Failure) 378M->42M(1021M) 1.120ms
[34.839s][info][gc,cpu         ] GC(261) User=0.00s Sys=0.00s Real=0.00s
[34.922s][info][gc,start       ] GC(262) Pause Young (Allocation Failure)
[34.923s][info][gc,heap        ] GC(262) PSYoungGen: 345952K(346624K)->1920K(346624K) Eden: 344064K(344064K)->0K(344064K) From: 1888K(2560K)->1920K(2560K)
[34.923s][info][gc,heap        ] GC(262) ParOldGen: 41367K(699392K)->41471K(699392K)
[34.923s][info][gc,metaspace   ] GC(262) Metaspace: 72802K(73280K)->72802K(73280K) NonClass: 57878K(58112K)->57878K(58112K) Class: 14923K(15168K)->14923K(15168K)
[34.923s][info][gc             ] GC(262) Pause Young (Allocation Failure) 378M->42M(1021M) 1.106ms
[34.923s][info][gc,cpu         ] GC(262) User=0.00s Sys=0.00s Real=0.00s
[35.005s][info][gc,start       ] GC(263) Pause Young (Allocation Failure)
[35.006s][info][gc,heap        ] GC(263) PSYoungGen: 345984K(346624K)->1824K(346624K) Eden: 344064K(344064K)->0K(344064K) From: 1920K(2560K)->1824K(2560K)
[35.006s][info][gc,heap        ] GC(263) ParOldGen: 41471K(699392K)->41607K(699392K)
[35.006s][info][gc,metaspace   ] GC(263) Metaspace: 72802K(73280K)->72802K(73280K) NonClass: 57878K(58112K)->57878K(58112K) Class: 14923K(15168K)->14923K(15168K)
[35.006s][info][gc             ] GC(263) Pause Young (Allocation Failure) 378M->42M(1021M) 1.066ms
[35.006s][info][gc,cpu         ] GC(263) User=0.00s Sys=0.00s Real=0.00s
[35.089s][info][gc,start       ] GC(264) Pause Young (Allocation Failure)
[35.090s][info][gc,heap        ] GC(264) PSYoungGen: 345888K(346624K)->1824K(346112K) Eden: 344064K(344064K)->0K(344064K) From: 1824K(2560K)->1824K(2048K)
[35.090s][info][gc,heap        ] GC(264) ParOldGen: 41607K(699392K)->41679K(699392K)
[35.090s][info][gc,metaspace   ] GC(264) Metaspace: 72802K(73280K)->72802K(73280K) NonClass: 57878K(58112K)->57878K(58112K) Class: 14923K(15168K)->14923K(15168K)
[35.090s][info][gc             ] GC(264) Pause Young (Allocation Failure) 378M->42M(1021M) 1.168ms
[35.090s][info][gc,cpu         ] GC(264) User=0.00s Sys=0.00s Real=0.00s
[35.173s][info][gc,start       ] GC(265) Pause Young (Allocation Failure)
[35.174s][info][gc,heap        ] GC(265) PSYoungGen: 345888K(346112K)->1824K(346112K) Eden: 344064K(344064K)->0K(344064K) From: 1824K(2048K)->1824K(2048K)
[35.174s][info][gc,heap        ] GC(265) ParOldGen: 41679K(699392K)->41775K(699392K)
[35.174s][info][gc,metaspace   ] GC(265) Metaspace: 72802K(73280K)->72802K(73280K) NonClass: 57878K(58112K)->57878K(58112K) Class: 14923K(15168K)->14923K(15168K)
[35.174s][info][gc             ] GC(265) Pause Young (Allocation Failure) 378M->42M(1021M) 1.143ms
[35.174s][info][gc,cpu         ] GC(265) User=0.00s Sys=0.00s Real=0.00s
[35.256s][info][gc,start       ] GC(266) Pause Young (Allocation Failure)
[35.257s][info][gc,heap        ] GC(266) PSYoungGen: 345888K(346112K)->1824K(346112K) Eden: 344064K(344064K)->0K(344064K) From: 1824K(2048K)->1824K(2048K)
[35.257s][info][gc,heap        ] GC(266) ParOldGen: 41775K(699392K)->41895K(699392K)
[35.257s][info][gc,metaspace   ] GC(266) Metaspace: 72802K(73280K)->72802K(73280K) NonClass: 57878K(58112K)->57878K(58112K) Class: 14923K(15168K)->14923K(15168K)
[35.257s][info][gc             ] GC(266) Pause Young (Allocation Failure) 378M->42M(1021M) 1.076ms
[35.257s][info][gc,cpu         ] GC(266) User=0.00s Sys=0.00s Real=0.00s
[35.340s][info][gc,start       ] GC(267) Pause Young (Allocation Failure)
[35.341s][info][gc,heap        ] GC(267) PSYoungGen: 345888K(346112K)->1952K(347136K) Eden: 344064K(344064K)->0K(345088K) From: 1824K(2048K)->1952K(2048K)
[35.341s][info][gc,heap        ] GC(267) ParOldGen: 41895K(699392K)->41967K(699392K)
[35.341s][info][gc,metaspace   ] GC(267) Metaspace: 72802K(73280K)->72802K(73280K) NonClass: 57878K(58112K)->57878K(58112K) Class: 14923K(15168K)->14923K(15168K)
[35.341s][info][gc             ] GC(267) Pause Young (Allocation Failure) 378M->42M(1022M) 1.164ms
[35.341s][info][gc,cpu         ] GC(267) User=0.00s Sys=0.00s Real=0.00s
[35.424s][info][gc,start       ] GC(268) Pause Young (Allocation Failure)
[35.425s][info][gc,heap        ] GC(268) PSYoungGen: 347040K(347136K)->1824K(347136K) Eden: 345088K(345088K)->0K(345088K) From: 1952K(2048K)->1824K(2048K)
[35.425s][info][gc,heap        ] GC(268) ParOldGen: 41967K(699392K)->42223K(699392K)
[35.425s][info][gc,metaspace   ] GC(268) Metaspace: 72802K(73280K)->72802K(73280K) NonClass: 57878K(58112K)->57878K(58112K) Class: 14923K(15168K)->14923K(15168K)
[35.425s][info][gc             ] GC(268) Pause Young (Allocation Failure) 379M->43M(1022M) 1.159ms
[35.425s][info][gc,cpu         ] GC(268) User=0.00s Sys=0.02s Real=0.00s
[35.508s][info][gc,start       ] GC(269) Pause Young (Allocation Failure)
[35.514s][info][gc,heap        ] GC(269) PSYoungGen: 346912K(347136K)->1824K(347136K) Eden: 345088K(345088K)->0K(345088K) From: 1824K(2048K)->1824K(2048K)
[35.514s][info][gc,heap        ] GC(269) ParOldGen: 42223K(699392K)->42319K(699392K)
[35.514s][info][gc,metaspace   ] GC(269) Metaspace: 72802K(73280K)->72802K(73280K) NonClass: 57878K(58112K)->57878K(58112K) Class: 14923K(15168K)->14923K(15168K)
[35.514s][info][gc             ] GC(269) Pause Young (Allocation Failure) 380M->43M(1022M) 6.413ms
[35.514s][info][gc,cpu         ] GC(269) User=0.00s Sys=0.00s Real=0.00s
[35.599s][info][gc,start       ] GC(270) Pause Young (Allocation Failure)
[35.600s][info][gc,heap        ] GC(270) PSYoungGen: 346912K(347136K)->1856K(347136K) Eden: 345088K(345088K)->0K(345088K) From: 1824K(2048K)->1856K(2048K)
[35.600s][info][gc,heap        ] GC(270) ParOldGen: 42319K(699392K)->42415K(699392K)
[35.600s][info][gc,metaspace   ] GC(270) Metaspace: 72814K(73280K)->72814K(73280K) NonClass: 57891K(58112K)->57891K(58112K) Class: 14923K(15168K)->14923K(15168K)
[35.600s][info][gc             ] GC(270) Pause Young (Allocation Failure) 380M->43M(1022M) 1.144ms
[35.600s][info][gc,cpu         ] GC(270) User=0.00s Sys=0.00s Real=0.00s
[35.683s][info][gc,start       ] GC(271) Pause Young (Allocation Failure)
[35.684s][info][gc,heap        ] GC(271) PSYoungGen: 346944K(347136K)->1920K(347136K) Eden: 345088K(345088K)->0K(345088K) From: 1856K(2048K)->1920K(2048K)
[35.684s][info][gc,heap        ] GC(271) ParOldGen: 42415K(699392K)->42567K(699392K)
[35.684s][info][gc,metaspace   ] GC(271) Metaspace: 72814K(73280K)->72814K(73280K) NonClass: 57891K(58112K)->57891K(58112K) Class: 14923K(15168K)->14923K(15168K)
[35.684s][info][gc             ] GC(271) Pause Young (Allocation Failure) 380M->43M(1022M) 1.096ms
[35.684s][info][gc,cpu         ] GC(271) User=0.00s Sys=0.00s Real=0.00s
[35.767s][info][gc,start       ] GC(272) Pause Young (Allocation Failure)
[35.768s][info][gc,heap        ] GC(272) PSYoungGen: 347007K(347136K)->1920K(347136K) Eden: 345087K(345088K)->0K(345088K) From: 1920K(2048K)->1920K(2048K)
[35.768s][info][gc,heap        ] GC(272) ParOldGen: 42567K(699392K)->42647K(699392K)
[35.768s][info][gc,metaspace   ] GC(272) Metaspace: 72814K(73280K)->72814K(73280K) NonClass: 57891K(58112K)->57891K(58112K) Class: 14923K(15168K)->14923K(15168K)
[35.768s][info][gc             ] GC(272) Pause Young (Allocation Failure) 380M->43M(1022M) 1.118ms
[35.768s][info][gc,cpu         ] GC(272) User=0.00s Sys=0.00s Real=0.00s
[35.850s][info][gc,start       ] GC(273) Pause Young (Allocation Failure)
[35.851s][info][gc,heap        ] GC(273) PSYoungGen: 347008K(347136K)->1824K(347136K) Eden: 345088K(345088K)->0K(345088K) From: 1920K(2048K)->1824K(2048K)
[35.851s][info][gc,heap        ] GC(273) ParOldGen: 42647K(699392K)->42799K(699392K)
[35.851s][info][gc,metaspace   ] GC(273) Metaspace: 72814K(73280K)->72814K(73280K) NonClass: 57891K(58112K)->57891K(58112K) Class: 14923K(15168K)->14923K(15168K)
[35.851s][info][gc             ] GC(273) Pause Young (Allocation Failure) 380M->43M(1022M) 1.115ms
[35.852s][info][gc,cpu         ] GC(273) User=0.00s Sys=0.00s Real=0.00s
[35.934s][info][gc,start       ] GC(274) Pause Young (Allocation Failure)
[35.935s][info][gc,heap        ] GC(274) PSYoungGen: 346912K(347136K)->1888K(347136K) Eden: 345088K(345088K)->0K(345088K) From: 1824K(2048K)->1888K(2048K)
[35.935s][info][gc,heap        ] GC(274) ParOldGen: 42799K(699392K)->42911K(699392K)
[35.935s][info][gc,metaspace   ] GC(274) Metaspace: 72814K(73280K)->72814K(73280K) NonClass: 57891K(58112K)->57891K(58112K) Class: 14923K(15168K)->14923K(15168K)
[35.935s][info][gc             ] GC(274) Pause Young (Allocation Failure) 380M->43M(1022M) 1.056ms
[35.935s][info][gc,cpu         ] GC(274) User=0.00s Sys=0.00s Real=0.00s
[36.018s][info][gc,start       ] GC(275) Pause Young (Allocation Failure)
[36.019s][info][gc,heap        ] GC(275) PSYoungGen: 346976K(347136K)->1888K(347136K) Eden: 345088K(345088K)->0K(345088K) From: 1888K(2048K)->1888K(2048K)
[36.019s][info][gc,heap        ] GC(275) ParOldGen: 42911K(699392K)->43031K(699392K)
[36.019s][info][gc,metaspace   ] GC(275) Metaspace: 72814K(73280K)->72814K(73280K) NonClass: 57891K(58112K)->57891K(58112K) Class: 14923K(15168K)->14923K(15168K)
[36.019s][info][gc             ] GC(275) Pause Young (Allocation Failure) 380M->43M(1022M) 1.109ms
[36.019s][info][gc,cpu         ] GC(275) User=0.00s Sys=0.00s Real=0.00s
[36.102s][info][gc,start       ] GC(276) Pause Young (Allocation Failure)
[36.103s][info][gc,heap        ] GC(276) PSYoungGen: 346976K(347136K)->1856K(347136K) Eden: 345088K(345088K)->0K(345088K) From: 1888K(2048K)->1856K(2048K)
[36.103s][info][gc,heap        ] GC(276) ParOldGen: 43031K(699392K)->43127K(699392K)
[36.103s][info][gc,metaspace   ] GC(276) Metaspace: 72814K(73280K)->72814K(73280K) NonClass: 57891K(58112K)->57891K(58112K) Class: 14923K(15168K)->14923K(15168K)
[36.103s][info][gc             ] GC(276) Pause Young (Allocation Failure) 380M->43M(1022M) 1.162ms
[36.103s][info][gc,cpu         ] GC(276) User=0.00s Sys=0.00s Real=0.00s
[36.186s][info][gc,start       ] GC(277) Pause Young (Allocation Failure)
[36.187s][info][gc,heap        ] GC(277) PSYoungGen: 346944K(347136K)->1920K(347136K) Eden: 345088K(345088K)->0K(345088K) From: 1856K(2048K)->1920K(2048K)
[36.187s][info][gc,heap        ] GC(277) ParOldGen: 43127K(699392K)->43239K(699392K)
[36.187s][info][gc,metaspace   ] GC(277) Metaspace: 72814K(73280K)->72814K(73280K) NonClass: 57891K(58112K)->57891K(58112K) Class: 14923K(15168K)->14923K(15168K)
[36.187s][info][gc             ] GC(277) Pause Young (Allocation Failure) 380M->44M(1022M) 1.066ms
[36.187s][info][gc,cpu         ] GC(277) User=0.00s Sys=0.00s Real=0.00s
[36.270s][info][gc,start       ] GC(278) Pause Young (Allocation Failure)
[36.271s][info][gc,heap        ] GC(278) PSYoungGen: 347008K(347136K)->1856K(347136K) Eden: 345088K(345088K)->0K(345088K) From: 1920K(2048K)->1856K(2048K)
[36.271s][info][gc,heap        ] GC(278) ParOldGen: 43239K(699392K)->43327K(699392K)
[36.271s][info][gc,metaspace   ] GC(278) Metaspace: 72814K(73280K)->72814K(73280K) NonClass: 57891K(58112K)->57891K(58112K) Class: 14923K(15168K)->14923K(15168K)
[36.271s][info][gc             ] GC(278) Pause Young (Allocation Failure) 381M->44M(1022M) 1.087ms
[36.271s][info][gc,cpu         ] GC(278) User=0.00s Sys=0.00s Real=0.00s
[36.354s][info][gc,start       ] GC(279) Pause Young (Allocation Failure)
[36.355s][info][gc,heap        ] GC(279) PSYoungGen: 346944K(347136K)->1920K(347136K) Eden: 345088K(345088K)->0K(345088K) From: 1856K(2048K)->1920K(2048K)
[36.355s][info][gc,heap        ] GC(279) ParOldGen: 43327K(699392K)->43431K(699392K)
[36.355s][info][gc,metaspace   ] GC(279) Metaspace: 72814K(73280K)->72814K(73280K) NonClass: 57891K(58112K)->57891K(58112K) Class: 14923K(15168K)->14923K(15168K)
[36.355s][info][gc             ] GC(279) Pause Young (Allocation Failure) 381M->44M(1022M) 1.123ms
[36.355s][info][gc,cpu         ] GC(279) User=0.00s Sys=0.00s Real=0.00s
[36.438s][info][gc,start       ] GC(280) Pause Young (Allocation Failure)
[36.439s][info][gc,heap        ] GC(280) PSYoungGen: 347008K(347136K)->1920K(347136K) Eden: 345088K(345088K)->0K(345088K) From: 1920K(2048K)->1920K(2048K)
[36.439s][info][gc,heap        ] GC(280) ParOldGen: 43431K(699392K)->43663K(699392K)
[36.439s][info][gc,metaspace   ] GC(280) Metaspace: 72814K(73280K)->72814K(73280K) NonClass: 57891K(58112K)->57891K(58112K) Class: 14923K(15168K)->14923K(15168K)
[36.439s][info][gc             ] GC(280) Pause Young (Allocation Failure) 381M->44M(1022M) 1.124ms
[36.439s][info][gc,cpu         ] GC(280) User=0.00s Sys=0.00s Real=0.00s
[36.522s][info][gc,start       ] GC(281) Pause Young (Allocation Failure)
[36.523s][info][gc,heap        ] GC(281) PSYoungGen: 347008K(347136K)->1728K(347136K) Eden: 345088K(345088K)->0K(345088K) From: 1920K(2048K)->1728K(2048K)
[36.523s][info][gc,heap        ] GC(281) ParOldGen: 43663K(699392K)->43791K(699392K)
[36.523s][info][gc,metaspace   ] GC(281) Metaspace: 72814K(73280K)->72814K(73280K) NonClass: 57891K(58112K)->57891K(58112K) Class: 14923K(15168K)->14923K(15168K)
[36.523s][info][gc             ] GC(281) Pause Young (Allocation Failure) 381M->44M(1022M) 1.090ms
[36.523s][info][gc,cpu         ] GC(281) User=0.00s Sys=0.00s Real=0.00s
[36.606s][info][gc,start       ] GC(282) Pause Young (Allocation Failure)
[36.607s][info][gc,heap        ] GC(282) PSYoungGen: 346816K(347136K)->1760K(347136K) Eden: 345088K(345088K)->0K(345088K) From: 1728K(2048K)->1760K(2048K)
[36.607s][info][gc,heap        ] GC(282) ParOldGen: 43791K(699392K)->43919K(699392K)
[36.607s][info][gc,metaspace   ] GC(282) Metaspace: 72814K(73280K)->72814K(73280K) NonClass: 57891K(58112K)->57891K(58112K) Class: 14923K(15168K)->14923K(15168K)
[36.607s][info][gc             ] GC(282) Pause Young (Allocation Failure) 381M->44M(1022M) 1.041ms
[36.607s][info][gc,cpu         ] GC(282) User=0.00s Sys=0.00s Real=0.00s
[36.690s][info][gc,start       ] GC(283) Pause Young (Allocation Failure)
[36.691s][info][gc,heap        ] GC(283) PSYoungGen: 346848K(347136K)->1920K(347136K) Eden: 345088K(345088K)->0K(345088K) From: 1760K(2048K)->1920K(2048K)
[36.691s][info][gc,heap        ] GC(283) ParOldGen: 43919K(699392K)->44023K(699392K)
[36.691s][info][gc,metaspace   ] GC(283) Metaspace: 72814K(73280K)->72814K(73280K) NonClass: 57891K(58112K)->57891K(58112K) Class: 14923K(15168K)->14923K(15168K)
[36.691s][info][gc             ] GC(283) Pause Young (Allocation Failure) 381M->44M(1022M) 1.082ms
[36.691s][info][gc,cpu         ] GC(283) User=0.00s Sys=0.00s Real=0.00s
[36.774s][info][gc,start       ] GC(284) Pause Young (Allocation Failure)
[36.775s][info][gc,heap        ] GC(284) PSYoungGen: 347008K(347136K)->1856K(347136K) Eden: 345088K(345088K)->0K(345088K) From: 1920K(2048K)->1856K(2048K)
[36.775s][info][gc,heap        ] GC(284) ParOldGen: 44023K(699392K)->44103K(699392K)
[36.775s][info][gc,metaspace   ] GC(284) Metaspace: 72814K(73280K)->72814K(73280K) NonClass: 57891K(58112K)->57891K(58112K) Class: 14923K(15168K)->14923K(15168K)
[36.775s][info][gc             ] GC(284) Pause Young (Allocation Failure) 381M->44M(1022M) 1.140ms
[36.775s][info][gc,cpu         ] GC(284) User=0.00s Sys=0.00s Real=0.00s
[36.859s][info][gc,start       ] GC(285) Pause Young (Allocation Failure)
[36.895s][info][gc,heap        ] GC(285) PSYoungGen: 346944K(347136K)->1792K(347136K) Eden: 345088K(345088K)->0K(345088K) From: 1856K(2048K)->1792K(2048K)
[36.895s][info][gc,heap        ] GC(285) ParOldGen: 44103K(699392K)->44359K(699392K)
[36.895s][info][gc,metaspace   ] GC(285) Metaspace: 72814K(73280K)->72814K(73280K) NonClass: 57891K(58112K)->57891K(58112K) Class: 14923K(15168K)->14923K(15168K)
[36.895s][info][gc             ] GC(285) Pause Young (Allocation Failure) 381M->45M(1022M) 36.415ms
[36.895s][info][gc,cpu         ] GC(285) User=0.00s Sys=0.00s Real=0.03s
[36.988s][info][gc,start       ] GC(286) Pause Young (Allocation Failure)
[36.989s][info][gc,heap        ] GC(286) PSYoungGen: 346880K(347136K)->1760K(347136K) Eden: 345088K(345088K)->0K(345088K) From: 1792K(2048K)->1760K(2048K)
[36.989s][info][gc,heap        ] GC(286) ParOldGen: 44359K(699392K)->44471K(699392K)
[36.989s][info][gc,metaspace   ] GC(286) Metaspace: 72814K(73280K)->72814K(73280K) NonClass: 57891K(58112K)->57891K(58112K) Class: 14923K(15168K)->14923K(15168K)
[36.989s][info][gc             ] GC(286) Pause Young (Allocation Failure) 382M->45M(1022M) 1.055ms
[36.989s][info][gc,cpu         ] GC(286) User=0.00s Sys=0.00s Real=0.00s
[37.073s][info][gc,start       ] GC(287) Pause Young (Allocation Failure)
[37.074s][info][gc,heap        ] GC(287) PSYoungGen: 346848K(347136K)->1760K(347136K) Eden: 345088K(345088K)->0K(345088K) From: 1760K(2048K)->1760K(2048K)
[37.074s][info][gc,heap        ] GC(287) ParOldGen: 44471K(699392K)->44767K(699392K)
[37.074s][info][gc,metaspace   ] GC(287) Metaspace: 72814K(73280K)->72814K(73280K) NonClass: 57891K(58112K)->57891K(58112K) Class: 14923K(15168K)->14923K(15168K)
[37.074s][info][gc             ] GC(287) Pause Young (Allocation Failure) 382M->45M(1022M) 1.082ms
[37.074s][info][gc,cpu         ] GC(287) User=0.00s Sys=0.00s Real=0.00s
[37.160s][info][gc,start       ] GC(288) Pause Young (Allocation Failure)
[37.161s][info][gc,heap        ] GC(288) PSYoungGen: 346848K(347136K)->1664K(347136K) Eden: 345088K(345088K)->0K(345088K) From: 1760K(2048K)->1664K(2048K)
[37.161s][info][gc,heap        ] GC(288) ParOldGen: 44767K(699392K)->45039K(699392K)
[37.161s][info][gc,metaspace   ] GC(288) Metaspace: 72814K(73280K)->72814K(73280K) NonClass: 57891K(58112K)->57891K(58112K) Class: 14923K(15168K)->14923K(15168K)
[37.161s][info][gc             ] GC(288) Pause Young (Allocation Failure) 382M->45M(1022M) 1.068ms
[37.161s][info][gc,cpu         ] GC(288) User=0.00s Sys=0.00s Real=0.00s
[37.250s][info][gc,start       ] GC(289) Pause Young (Allocation Failure)
[37.251s][info][gc,heap        ] GC(289) PSYoungGen: 346752K(347136K)->1568K(347136K) Eden: 345088K(345088K)->0K(345088K) From: 1664K(2048K)->1568K(2048K)
[37.251s][info][gc,heap        ] GC(289) ParOldGen: 45039K(699392K)->45359K(699392K)
[37.251s][info][gc,metaspace   ] GC(289) Metaspace: 72814K(73280K)->72814K(73280K) NonClass: 57891K(58112K)->57891K(58112K) Class: 14923K(15168K)->14923K(15168K)
[37.251s][info][gc             ] GC(289) Pause Young (Allocation Failure) 382M->45M(1022M) 0.993ms
[37.251s][info][gc,cpu         ] GC(289) User=0.00s Sys=0.00s Real=0.00s
[37.342s][info][gc,start       ] GC(290) Pause Young (Allocation Failure)
[37.343s][info][gc,heap        ] GC(290) PSYoungGen: 346656K(347136K)->1600K(337408K) Eden: 345088K(345088K)->0K(335360K) From: 1568K(2048K)->1600K(2048K)
[37.343s][info][gc,heap        ] GC(290) ParOldGen: 45359K(699392K)->45535K(699392K)
[37.343s][info][gc,metaspace   ] GC(290) Metaspace: 72815K(73280K)->72815K(73280K) NonClass: 57891K(58112K)->57891K(58112K) Class: 14923K(15168K)->14923K(15168K)
[37.343s][info][gc             ] GC(290) Pause Young (Allocation Failure) 382M->46M(1012M) 1.126ms
[37.343s][info][gc,cpu         ] GC(290) User=0.00s Sys=0.00s Real=0.00s
[37.441s][info][gc,start       ] GC(291) Pause Young (Allocation Failure)
[37.442s][info][gc,heap        ] GC(291) PSYoungGen: 336960K(337408K)->512K(326656K) Eden: 335360K(335360K)->0K(326144K) From: 1600K(2048K)->512K(512K)
[37.442s][info][gc,heap        ] GC(291) ParOldGen: 45535K(699392K)->46207K(699392K)
[37.442s][info][gc,metaspace   ] GC(291) Metaspace: 72819K(73280K)->72819K(73280K) NonClass: 57896K(58112K)->57896K(58112K) Class: 14923K(15168K)->14923K(15168K)
[37.442s][info][gc             ] GC(291) Pause Young (Allocation Failure) 373M->45M(1002M) 1.008ms
[37.442s][info][gc,cpu         ] GC(291) User=0.00s Sys=0.00s Real=0.00s
[37.559s][info][gc,start       ] GC(292) Pause Young (Allocation Failure)
[37.560s][info][gc,heap        ] GC(292) PSYoungGen: 326656K(326656K)->1280K(320000K) Eden: 326144K(326144K)->0K(317440K) From: 512K(512K)->1280K(2560K)
[37.560s][info][gc,heap        ] GC(292) ParOldGen: 46207K(699392K)->46511K(699392K)
[37.560s][info][gc,metaspace   ] GC(292) Metaspace: 72819K(73280K)->72819K(73280K) NonClass: 57896K(58112K)->57896K(58112K) Class: 14923K(15168K)->14923K(15168K)
[37.560s][info][gc             ] GC(292) Pause Young (Allocation Failure) 364M->46M(995M) 0.950ms
[37.560s][info][gc,cpu         ] GC(292) User=0.00s Sys=0.00s Real=0.00s
[37.687s][info][gc,start       ] GC(293) Pause Young (Allocation Failure)
[37.688s][info][gc,heap        ] GC(293) PSYoungGen: 318720K(320000K)->1152K(310784K) Eden: 317440K(317440K)->0K(309248K) From: 1280K(2560K)->1152K(1536K)
[37.688s][info][gc,heap        ] GC(293) ParOldGen: 46511K(699392K)->46815K(699392K)
[37.688s][info][gc,metaspace   ] GC(293) Metaspace: 72820K(73280K)->72820K(73280K) NonClass: 57896K(58112K)->57896K(58112K) Class: 14923K(15168K)->14923K(15168K)
[37.688s][info][gc             ] GC(293) Pause Young (Allocation Failure) 356M->46M(986M) 1.073ms
[37.688s][info][gc,cpu         ] GC(293) User=0.00s Sys=0.00s Real=0.00s
[37.828s][info][gc,start       ] GC(294) Pause Young (Allocation Failure)
[37.829s][info][gc,heap        ] GC(294) PSYoungGen: 310400K(310784K)->992K(302080K) Eden: 309248K(309248K)->0K(301056K) From: 1152K(1536K)->992K(1024K)
[37.829s][info][gc,heap        ] GC(294) ParOldGen: 46815K(699392K)->47015K(699392K)
[37.829s][info][gc,metaspace   ] GC(294) Metaspace: 72820K(73280K)->72820K(73280K) NonClass: 57897K(58112K)->57897K(58112K) Class: 14923K(15168K)->14923K(15168K)
[37.829s][info][gc             ] GC(294) Pause Young (Allocation Failure) 348M->46M(978M) 0.923ms
[37.829s][info][gc,cpu         ] GC(294) User=0.00s Sys=0.00s Real=0.00s
[37.993s][info][gc,start       ] GC(295) Pause Young (Allocation Failure)
[37.994s][info][gc,heap        ] GC(295) PSYoungGen: 302048K(302080K)->832K(294400K) Eden: 301056K(301056K)->0K(293376K) From: 992K(1024K)->832K(1024K)
[37.994s][info][gc,heap        ] GC(295) ParOldGen: 47015K(699392K)->47247K(699392K)
[37.994s][info][gc,metaspace   ] GC(295) Metaspace: 72820K(73280K)->72820K(73280K) NonClass: 57897K(58112K)->57897K(58112K) Class: 14923K(15168K)->14923K(15168K)
[37.994s][info][gc             ] GC(295) Pause Young (Allocation Failure) 340M->46M(970M) 1.039ms
[37.994s][info][gc,cpu         ] GC(295) User=0.00s Sys=0.00s Real=0.00s
[38.161s][info][gc,start       ] GC(296) Pause Young (Allocation Failure)
[38.162s][info][gc,heap        ] GC(296) PSYoungGen: 294208K(294400K)->768K(286720K) Eden: 293376K(293376K)->0K(285696K) From: 832K(1024K)->768K(1024K)
[38.162s][info][gc,heap        ] GC(296) ParOldGen: 47247K(699392K)->47399K(699392K)
[38.162s][info][gc,metaspace   ] GC(296) Metaspace: 72820K(73280K)->72820K(73280K) NonClass: 57897K(58112K)->57897K(58112K) Class: 14923K(15168K)->14923K(15168K)
[38.162s][info][gc             ] GC(296) Pause Young (Allocation Failure) 333M->47M(963M) 0.675ms
[38.162s][info][gc,cpu         ] GC(296) User=0.00s Sys=0.00s Real=0.00s
[38.325s][info][gc,start       ] GC(297) Pause Young (Allocation Failure)
[38.326s][info][gc,heap        ] GC(297) PSYoungGen: 286464K(286720K)->768K(279552K) Eden: 285696K(285696K)->0K(278528K) From: 768K(1024K)->768K(1024K)
[38.326s][info][gc,heap        ] GC(297) ParOldGen: 47399K(699392K)->47407K(699392K)
[38.326s][info][gc,metaspace   ] GC(297) Metaspace: 72820K(73280K)->72820K(73280K) NonClass: 57897K(58112K)->57897K(58112K) Class: 14923K(15168K)->14923K(15168K)
[38.326s][info][gc             ] GC(297) Pause Young (Allocation Failure) 326M->47M(956M) 0.800ms
[38.326s][info][gc,cpu         ] GC(297) User=0.00s Sys=0.00s Real=0.00s
[38.484s][info][gc,start       ] GC(298) Pause Young (Allocation Failure)
[38.485s][info][gc,heap        ] GC(298) PSYoungGen: 279296K(279552K)->736K(272384K) Eden: 278528K(278528K)->0K(271360K) From: 768K(1024K)->736K(1024K)
[38.485s][info][gc,heap        ] GC(298) ParOldGen: 47407K(699392K)->47511K(699392K)
[38.485s][info][gc,metaspace   ] GC(298) Metaspace: 72820K(73280K)->72820K(73280K) NonClass: 57897K(58112K)->57897K(58112K) Class: 14923K(15168K)->14923K(15168K)
[38.485s][info][gc             ] GC(298) Pause Young (Allocation Failure) 319M->47M(949M) 0.680ms
[38.485s][info][gc,cpu         ] GC(298) User=0.00s Sys=0.00s Real=0.00s
[38.639s][info][gc,start       ] GC(299) Pause Young (Allocation Failure)
[38.640s][info][gc,heap        ] GC(299) PSYoungGen: 272096K(272384K)->704K(265728K) Eden: 271360K(271360K)->0K(264704K) From: 736K(1024K)->704K(1024K)
[38.640s][info][gc,heap        ] GC(299) ParOldGen: 47511K(699392K)->47575K(699392K)
[38.640s][info][gc,metaspace   ] GC(299) Metaspace: 72820K(73280K)->72820K(73280K) NonClass: 57897K(58112K)->57897K(58112K) Class: 14923K(15168K)->14923K(15168K)
[38.640s][info][gc             ] GC(299) Pause Young (Allocation Failure) 312M->47M(942M) 0.798ms
[38.640s][info][gc,cpu         ] GC(299) User=0.00s Sys=0.00s Real=0.00s
[38.790s][info][gc,start       ] GC(300) Pause Young (Allocation Failure)
[38.791s][info][gc,heap        ] GC(300) PSYoungGen: 265408K(265728K)->704K(259584K) Eden: 264704K(264704K)->0K(258560K) From: 704K(1024K)->704K(1024K)
[38.791s][info][gc,heap        ] GC(300) ParOldGen: 47575K(699392K)->47583K(699392K)
[38.791s][info][gc,metaspace   ] GC(300) Metaspace: 72820K(73280K)->72820K(73280K) NonClass: 57897K(58112K)->57897K(58112K) Class: 14923K(15168K)->14923K(15168K)
[38.791s][info][gc             ] GC(300) Pause Young (Allocation Failure) 305M->47M(936M) 0.689ms
[38.791s][info][gc,cpu         ] GC(300) User=0.00s Sys=0.00s Real=0.00s
[38.938s][info][gc,start       ] GC(301) Pause Young (Allocation Failure)
[38.939s][info][gc,heap        ] GC(301) PSYoungGen: 259264K(259584K)->736K(253440K) Eden: 258560K(258560K)->0K(252416K) From: 704K(1024K)->736K(1024K)
[38.939s][info][gc,heap        ] GC(301) ParOldGen: 47583K(699392K)->47647K(699392K)
[38.939s][info][gc,metaspace   ] GC(301) Metaspace: 72820K(73280K)->72820K(73280K) NonClass: 57897K(58112K)->57897K(58112K) Class: 14923K(15168K)->14923K(15168K)
[38.939s][info][gc             ] GC(301) Pause Young (Allocation Failure) 299M->47M(930M) 0.821ms
[38.939s][info][gc,cpu         ] GC(301) User=0.00s Sys=0.00s Real=0.00s
[39.088s][info][gc,start       ] GC(302) Pause Young (System.gc())
[39.089s][info][gc,heap        ] GC(302) PSYoungGen: 218862K(253440K)->1216K(253952K) Eden: 218126K(252416K)->0K(252416K) From: 736K(1024K)->1216K(1536K)
[39.089s][info][gc,heap        ] GC(302) ParOldGen: 47647K(699392K)->47671K(699392K)
[39.089s][info][gc,metaspace   ] GC(302) Metaspace: 72868K(73344K)->72868K(73344K) NonClass: 57944K(58176K)->57944K(58176K) Class: 14923K(15168K)->14923K(15168K)
[39.089s][info][gc             ] GC(302) Pause Young (System.gc()) 260M->47M(931M) 1.486ms
[39.089s][info][gc,cpu         ] GC(302) User=0.00s Sys=0.00s Real=0.00s
[39.090s][info][gc,start       ] GC(303) Pause Full (System.gc())
[39.090s][info][gc,phases,start] GC(303) Marking Phase
[39.126s][info][gc,phases      ] GC(303) Marking Phase 36.032ms
[39.126s][info][gc,phases,start] GC(303) Summary Phase
[39.126s][info][gc,phases      ] GC(303) Summary Phase 0.012ms
[39.126s][info][gc,phases,start] GC(303) Adjust Roots
[39.141s][info][gc,phases      ] GC(303) Adjust Roots 15.718ms
[39.141s][info][gc,phases,start] GC(303) Compaction Phase
[39.152s][info][gc,phases      ] GC(303) Compaction Phase 10.474ms
[39.152s][info][gc,phases,start] GC(303) Post Compact
[39.153s][info][gc,phases      ] GC(303) Post Compact 0.703ms
[39.153s][info][gc,heap        ] GC(303) PSYoungGen: 1216K(253952K)->0K(253952K) Eden: 0K(252416K)->0K(252416K) From: 1216K(1536K)->0K(1536K)
[39.153s][info][gc,heap        ] GC(303) ParOldGen: 47671K(699392K)->35510K(699392K)
[39.153s][info][gc,metaspace   ] GC(303) Metaspace: 72868K(73344K)->72868K(73344K) NonClass: 57944K(58176K)->57944K(58176K) Class: 14923K(15168K)->14923K(15168K)
[39.153s][info][gc             ] GC(303) Pause Full (System.gc()) 47M->34M(931M) 63.353ms
[39.153s][info][gc,cpu         ] GC(303) User=0.61s Sys=0.00s Real=0.06s
[39.247s][info][gc,start       ] GC(304) Pause Young (Allocation Failure)
[39.249s][info][gc,heap        ] GC(304) PSYoungGen: 252416K(253952K)->2560K(248832K) Eden: 252416K(252416K)->0K(246272K) From: 0K(1536K)->2560K(2560K)
[39.249s][info][gc,heap        ] GC(304) ParOldGen: 35510K(699392K)->36606K(699392K)
[39.249s][info][gc,metaspace   ] GC(304) Metaspace: 73016K(73536K)->73016K(73536K) NonClass: 58093K(58368K)->58093K(58368K) Class: 14923K(15168K)->14923K(15168K)
[39.249s][info][gc             ] GC(304) Pause Young (Allocation Failure) 281M->38M(926M) 1.797ms
[39.249s][info][gc,cpu         ] GC(304) User=0.00s Sys=0.00s Real=0.00s
[39.309s][info][gc,start       ] GC(305) Pause Young (Allocation Failure)
[39.311s][info][gc,heap        ] GC(305) PSYoungGen: 248832K(248832K)->1984K(242688K) Eden: 246272K(246272K)->0K(240640K) From: 2560K(2560K)->1984K(2048K)
[39.311s][info][gc,heap        ] GC(305) ParOldGen: 36606K(699392K)->38438K(699392K)
[39.311s][info][gc,metaspace   ] GC(305) Metaspace: 73016K(73536K)->73016K(73536K) NonClass: 58093K(58368K)->58093K(58368K) Class: 14923K(15168K)->14923K(15168K)
[39.311s][info][gc             ] GC(305) Pause Young (Allocation Failure) 278M->39M(920M) 1.905ms
[39.311s][info][gc,cpu         ] GC(305) User=0.00s Sys=0.00s Real=0.00s
[39.372s][info][gc,start       ] GC(306) Pause Young (Allocation Failure)
[39.373s][info][gc,heap        ] GC(306) PSYoungGen: 242624K(242688K)->1824K(290816K) Eden: 240640K(240640K)->0K(288768K) From: 1984K(2048K)->1824K(2048K)
[39.373s][info][gc,heap        ] GC(306) ParOldGen: 38438K(699392K)->38662K(699392K)
[39.373s][info][gc,metaspace   ] GC(306) Metaspace: 73016K(73536K)->73016K(73536K) NonClass: 58093K(58368K)->58093K(58368K) Class: 14923K(15168K)->14923K(15168K)
[39.373s][info][gc             ] GC(306) Pause Young (Allocation Failure) 274M->39M(967M) 1.189ms
[39.374s][info][gc,cpu         ] GC(306) User=0.00s Sys=0.00s Real=0.00s
[39.444s][info][gc,start       ] GC(307) Pause Young (Allocation Failure)
[39.445s][info][gc,heap        ] GC(307) PSYoungGen: 290592K(290816K)->1888K(332288K) Eden: 288768K(288768K)->0K(329216K) From: 1824K(2048K)->1888K(3072K)
[39.445s][info][gc,heap        ] GC(307) ParOldGen: 38662K(699392K)->38910K(699392K)
[39.445s][info][gc,metaspace   ] GC(307) Metaspace: 73016K(73536K)->73016K(73536K) NonClass: 58093K(58368K)->58093K(58368K) Class: 14923K(15168K)->14923K(15168K)
[39.445s][info][gc             ] GC(307) Pause Young (Allocation Failure) 321M->39M(1007M) 1.158ms
[39.445s][info][gc,cpu         ] GC(307) User=0.00s Sys=0.00s Real=0.00s
[39.524s][info][gc,start       ] GC(308) Pause Young (Allocation Failure)
[39.525s][info][gc,heap        ] GC(308) PSYoungGen: 331104K(332288K)->2016K(345088K) Eden: 329216K(329216K)->0K(342016K) From: 1888K(3072K)->2016K(3072K)
[39.525s][info][gc,heap        ] GC(308) ParOldGen: 38910K(699392K)->38998K(699392K)
[39.525s][info][gc,metaspace   ] GC(308) Metaspace: 73016K(73536K)->73016K(73536K) NonClass: 58093K(58368K)->58093K(58368K) Class: 14923K(15168K)->14923K(15168K)
[39.525s][info][gc             ] GC(308) Pause Young (Allocation Failure) 361M->40M(1020M) 1.434ms
[39.525s][info][gc,cpu         ] GC(308) User=0.00s Sys=0.00s Real=0.00s
[39.608s][info][gc,start       ] GC(309) Pause Young (Allocation Failure)
[39.609s][info][gc,heap        ] GC(309) PSYoungGen: 344032K(345088K)->2016K(345600K) Eden: 342016K(342016K)->0K(342016K) From: 2016K(3072K)->2016K(3584K)
[39.609s][info][gc,heap        ] GC(309) ParOldGen: 38998K(699392K)->39134K(699392K)
[39.609s][info][gc,metaspace   ] GC(309) Metaspace: 73016K(73536K)->73016K(73536K) NonClass: 58093K(58368K)->58093K(58368K) Class: 14923K(15168K)->14923K(15168K)
[39.609s][info][gc             ] GC(309) Pause Young (Allocation Failure) 374M->40M(1020M) 1.446ms
[39.609s][info][gc,cpu         ] GC(309) User=0.00s Sys=0.00s Real=0.00s
[39.692s][info][gc,start       ] GC(310) Pause Young (Allocation Failure)
[39.693s][info][gc,heap        ] GC(310) PSYoungGen: 344032K(345600K)->1856K(344576K) Eden: 342016K(342016K)->0K(342016K) From: 2016K(3584K)->1856K(2560K)
[39.693s][info][gc,heap        ] GC(310) ParOldGen: 39134K(699392K)->39254K(699392K)
[39.693s][info][gc,metaspace   ] GC(310) Metaspace: 73016K(73536K)->73016K(73536K) NonClass: 58093K(58368K)->58093K(58368K) Class: 14923K(15168K)->14923K(15168K)
[39.693s][info][gc             ] GC(310) Pause Young (Allocation Failure) 374M->40M(1019M) 1.125ms
[39.693s][info][gc,cpu         ] GC(310) User=0.00s Sys=0.00s Real=0.00s
[39.776s][info][gc,start       ] GC(311) Pause Young (Allocation Failure)
[39.777s][info][gc,heap        ] GC(311) PSYoungGen: 343872K(344576K)->1856K(345088K) Eden: 342016K(342016K)->0K(342016K) From: 1856K(2560K)->1856K(3072K)
[39.777s][info][gc,heap        ] GC(311) ParOldGen: 39254K(699392K)->39310K(699392K)
[39.777s][info][gc,metaspace   ] GC(311) Metaspace: 73016K(73536K)->73016K(73536K) NonClass: 58093K(58368K)->58093K(58368K) Class: 14923K(15168K)->14923K(15168K)
[39.777s][info][gc             ] GC(311) Pause Young (Allocation Failure) 374M->40M(1020M) 1.104ms
[39.777s][info][gc,cpu         ] GC(311) User=0.00s Sys=0.00s Real=0.00s
[39.859s][info][gc,start       ] GC(312) Pause Young (Allocation Failure)
[39.860s][info][gc,heap        ] GC(312) PSYoungGen: 343872K(345088K)->1856K(346112K) Eden: 342016K(342016K)->0K(343040K) From: 1856K(3072K)->1856K(3072K)
[39.860s][info][gc,heap        ] GC(312) ParOldGen: 39310K(699392K)->39382K(699392K)
[39.860s][info][gc,metaspace   ] GC(312) Metaspace: 73016K(73536K)->73016K(73536K) NonClass: 58093K(58368K)->58093K(58368K) Class: 14923K(15168K)->14923K(15168K)
[39.860s][info][gc             ] GC(312) Pause Young (Allocation Failure) 374M->40M(1021M) 1.117ms
[39.860s][info][gc,cpu         ] GC(312) User=0.00s Sys=0.00s Real=0.00s
[39.943s][info][gc,start       ] GC(313) Pause Young (Allocation Failure)
[39.944s][info][gc,heap        ] GC(313) PSYoungGen: 344896K(346112K)->1792K(346112K) Eden: 343040K(343040K)->0K(343040K) From: 1856K(3072K)->1792K(3072K)
[39.944s][info][gc,heap        ] GC(313) ParOldGen: 39382K(699392K)->39406K(699392K)
[39.944s][info][gc,metaspace   ] GC(313) Metaspace: 73016K(73536K)->73016K(73536K) NonClass: 58093K(58368K)->58093K(58368K) Class: 14923K(15168K)->14923K(15168K)
[39.944s][info][gc             ] GC(313) Pause Young (Allocation Failure) 375M->40M(1021M) 1.240ms
[39.944s][info][gc,cpu         ] GC(313) User=0.00s Sys=0.00s Real=0.00s
[40.026s][info][gc,start       ] GC(314) Pause Young (Allocation Failure)
[40.027s][info][gc,heap        ] GC(314) PSYoungGen: 344832K(346112K)->1952K(346112K) Eden: 343040K(343040K)->0K(343040K) From: 1792K(3072K)->1952K(3072K)
[40.027s][info][gc,heap        ] GC(314) ParOldGen: 39406K(699392K)->39518K(699392K)
[40.027s][info][gc,metaspace   ] GC(314) Metaspace: 73016K(73536K)->73016K(73536K) NonClass: 58093K(58368K)->58093K(58368K) Class: 14923K(15168K)->14923K(15168K)
[40.027s][info][gc             ] GC(314) Pause Young (Allocation Failure) 375M->40M(1021M) 1.156ms
[40.027s][info][gc,cpu         ] GC(314) User=0.00s Sys=0.00s Real=0.00s
[40.110s][info][gc,start       ] GC(315) Pause Young (Allocation Failure)
[40.111s][info][gc,heap        ] GC(315) PSYoungGen: 344992K(346112K)->1888K(346112K) Eden: 343040K(343040K)->0K(343040K) From: 1952K(3072K)->1888K(3072K)
[40.111s][info][gc,heap        ] GC(315) ParOldGen: 39518K(699392K)->39630K(699392K)
[40.111s][info][gc,metaspace   ] GC(315) Metaspace: 73016K(73536K)->73016K(73536K) NonClass: 58093K(58368K)->58093K(58368K) Class: 14923K(15168K)->14923K(15168K)
[40.111s][info][gc             ] GC(315) Pause Young (Allocation Failure) 375M->40M(1021M) 1.139ms
[40.111s][info][gc,cpu         ] GC(315) User=0.00s Sys=0.00s Real=0.00s
[40.193s][info][gc,start       ] GC(316) Pause Young (Allocation Failure)
[40.194s][info][gc,heap        ] GC(316) PSYoungGen: 344928K(346112K)->1888K(346112K) Eden: 343040K(343040K)->0K(343040K) From: 1888K(3072K)->1888K(3072K)
[40.194s][info][gc,heap        ] GC(316) ParOldGen: 39630K(699392K)->39750K(699392K)
[40.194s][info][gc,metaspace   ] GC(316) Metaspace: 73016K(73536K)->73016K(73536K) NonClass: 58093K(58368K)->58093K(58368K) Class: 14923K(15168K)->14923K(15168K)
[40.194s][info][gc             ] GC(316) Pause Young (Allocation Failure) 375M->40M(1021M) 1.086ms
[40.194s][info][gc,cpu         ] GC(316) User=0.00s Sys=0.00s Real=0.00s
[40.277s][info][gc,start       ] GC(317) Pause Young (Allocation Failure)
[40.278s][info][gc,heap        ] GC(317) PSYoungGen: 344928K(346112K)->1888K(346112K) Eden: 343040K(343040K)->0K(343040K) From: 1888K(3072K)->1888K(3072K)
[40.278s][info][gc,heap        ] GC(317) ParOldGen: 39750K(699392K)->39838K(699392K)
[40.278s][info][gc,metaspace   ] GC(317) Metaspace: 73016K(73536K)->73016K(73536K) NonClass: 58093K(58368K)->58093K(58368K) Class: 14923K(15168K)->14923K(15168K)
[40.278s][info][gc             ] GC(317) Pause Young (Allocation Failure) 375M->40M(1021M) 1.138ms
[40.278s][info][gc,cpu         ] GC(317) User=0.00s Sys=0.00s Real=0.00s
[40.360s][info][gc,start       ] GC(318) Pause Young (Allocation Failure)
[40.361s][info][gc,heap        ] GC(318) PSYoungGen: 344928K(346112K)->1984K(346112K) Eden: 343040K(343040K)->0K(343040K) From: 1888K(3072K)->1984K(3072K)
[40.361s][info][gc,heap        ] GC(318) ParOldGen: 39838K(699392K)->39918K(699392K)
[40.361s][info][gc,metaspace   ] GC(318) Metaspace: 73016K(73536K)->73016K(73536K) NonClass: 58093K(58368K)->58093K(58368K) Class: 14923K(15168K)->14923K(15168K)
[40.361s][info][gc             ] GC(318) Pause Young (Allocation Failure) 375M->40M(1021M) 1.125ms
[40.361s][info][gc,cpu         ] GC(318) User=0.00s Sys=0.00s Real=0.00s
[40.444s][info][gc,start       ] GC(319) Pause Young (Allocation Failure)
[40.445s][info][gc,heap        ] GC(319) PSYoungGen: 345024K(346112K)->1856K(346112K) Eden: 343040K(343040K)->0K(343040K) From: 1984K(3072K)->1856K(3072K)
[40.445s][info][gc,heap        ] GC(319) ParOldGen: 39918K(699392K)->40174K(699392K)
[40.445s][info][gc,metaspace   ] GC(319) Metaspace: 73016K(73536K)->73016K(73536K) NonClass: 58093K(58368K)->58093K(58368K) Class: 14923K(15168K)->14923K(15168K)
[40.445s][info][gc             ] GC(319) Pause Young (Allocation Failure) 375M->41M(1021M) 1.148ms
[40.445s][info][gc,cpu         ] GC(319) User=0.00s Sys=0.00s Real=0.00s
[40.528s][info][gc,start       ] GC(320) Pause Young (Allocation Failure)
[40.529s][info][gc,heap        ] GC(320) PSYoungGen: 344896K(346112K)->1856K(345088K) Eden: 343040K(343040K)->0K(343040K) From: 1856K(3072K)->1856K(2048K)
[40.529s][info][gc,heap        ] GC(320) ParOldGen: 40174K(699392K)->40294K(699392K)
[40.529s][info][gc,metaspace   ] GC(320) Metaspace: 73016K(73536K)->73016K(73536K) NonClass: 58093K(58368K)->58093K(58368K) Class: 14923K(15168K)->14923K(15168K)
[40.529s][info][gc             ] GC(320) Pause Young (Allocation Failure) 376M->41M(1020M) 1.124ms
[40.529s][info][gc,cpu         ] GC(320) User=0.00s Sys=0.00s Real=0.00s
[40.611s][info][gc,start       ] GC(321) Pause Young (Allocation Failure)
[40.612s][info][gc,heap        ] GC(321) PSYoungGen: 344896K(345088K)->1920K(345600K) Eden: 343040K(343040K)->0K(343040K) From: 1856K(2048K)->1920K(2560K)
[40.612s][info][gc,heap        ] GC(321) ParOldGen: 40294K(699392K)->40374K(699392K)
[40.612s][info][gc,metaspace   ] GC(321) Metaspace: 73016K(73536K)->73016K(73536K) NonClass: 58093K(58368K)->58093K(58368K) Class: 14923K(15168K)->14923K(15168K)
[40.612s][info][gc             ] GC(321) Pause Young (Allocation Failure) 376M->41M(1020M) 1.113ms
[40.613s][info][gc,cpu         ] GC(321) User=0.00s Sys=0.00s Real=0.00s
[40.696s][info][gc,start       ] GC(322) Pause Young (Allocation Failure)
[40.697s][info][gc,heap        ] GC(322) PSYoungGen: 344960K(345600K)->1920K(346624K) Eden: 343040K(343040K)->0K(344064K) From: 1920K(2560K)->1920K(2560K)
[40.697s][info][gc,heap        ] GC(322) ParOldGen: 40374K(699392K)->40486K(699392K)
[40.698s][info][gc,metaspace   ] GC(322) Metaspace: 73016K(73536K)->73016K(73536K) NonClass: 58093K(58368K)->58093K(58368K) Class: 14923K(15168K)->14923K(15168K)
[40.698s][info][gc             ] GC(322) Pause Young (Allocation Failure) 376M->41M(1021M) 1.146ms
[40.698s][info][gc,cpu         ] GC(322) User=0.00s Sys=0.00s Real=0.00s
[40.780s][info][gc,start       ] GC(323) Pause Young (Allocation Failure)
[40.782s][info][gc,heap        ] GC(323) PSYoungGen: 345984K(346624K)->1888K(346624K) Eden: 344064K(344064K)->0K(344064K) From: 1920K(2560K)->1888K(2560K)
[40.782s][info][gc,heap        ] GC(323) ParOldGen: 40486K(699392K)->40582K(699392K)
[40.782s][info][gc,metaspace   ] GC(323) Metaspace: 73016K(73536K)->73016K(73536K) NonClass: 58093K(58368K)->58093K(58368K) Class: 14923K(15168K)->14923K(15168K)
[40.782s][info][gc             ] GC(323) Pause Young (Allocation Failure) 377M->41M(1021M) 1.143ms
[40.782s][info][gc,cpu         ] GC(323) User=0.00s Sys=0.00s Real=0.00s
[40.864s][info][gc,start       ] GC(324) Pause Young (Allocation Failure)
[40.865s][info][gc,heap        ] GC(324) PSYoungGen: 345952K(346624K)->1856K(346624K) Eden: 344064K(344064K)->0K(344064K) From: 1888K(2560K)->1856K(2560K)
[40.865s][info][gc,heap        ] GC(324) ParOldGen: 40582K(699392K)->40710K(699392K)
[40.865s][info][gc,metaspace   ] GC(324) Metaspace: 73016K(73536K)->73016K(73536K) NonClass: 58093K(58368K)->58093K(58368K) Class: 14923K(15168K)->14923K(15168K)
[40.865s][info][gc             ] GC(324) Pause Young (Allocation Failure) 377M->41M(1021M) 1.108ms
[40.866s][info][gc,cpu         ] GC(324) User=0.00s Sys=0.00s Real=0.00s
[40.948s][info][gc,start       ] GC(325) Pause Young (Allocation Failure)
[40.949s][info][gc,heap        ] GC(325) PSYoungGen: 345920K(346624K)->1856K(346624K) Eden: 344064K(344064K)->0K(344064K) From: 1856K(2560K)->1856K(2560K)
[40.949s][info][gc,heap        ] GC(325) ParOldGen: 40710K(699392K)->40806K(699392K)
[40.949s][info][gc,metaspace   ] GC(325) Metaspace: 73016K(73536K)->73016K(73536K) NonClass: 58093K(58368K)->58093K(58368K) Class: 14923K(15168K)->14923K(15168K)
[40.949s][info][gc             ] GC(325) Pause Young (Allocation Failure) 377M->41M(1021M) 1.131ms
[40.949s][info][gc,cpu         ] GC(325) User=0.00s Sys=0.00s Real=0.00s
[41.031s][info][gc,start       ] GC(326) Pause Young (Allocation Failure)
[41.032s][info][gc,heap        ] GC(326) PSYoungGen: 345920K(346624K)->1952K(346624K) Eden: 344064K(344064K)->0K(344064K) From: 1856K(2560K)->1952K(2560K)
[41.032s][info][gc,heap        ] GC(326) ParOldGen: 40806K(699392K)->40894K(699392K)
[41.032s][info][gc,metaspace   ] GC(326) Metaspace: 73016K(73536K)->73016K(73536K) NonClass: 58093K(58368K)->58093K(58368K) Class: 14923K(15168K)->14923K(15168K)
[41.032s][info][gc             ] GC(326) Pause Young (Allocation Failure) 377M->41M(1021M) 1.169ms
[41.032s][info][gc,cpu         ] GC(326) User=0.00s Sys=0.00s Real=0.00s
[41.115s][info][gc,start       ] GC(327) Pause Young (Allocation Failure)
[41.116s][info][gc,heap        ] GC(327) PSYoungGen: 346016K(346624K)->1888K(346624K) Eden: 344064K(344064K)->0K(344064K) From: 1952K(2560K)->1888K(2560K)
[41.116s][info][gc,heap        ] GC(327) ParOldGen: 40894K(699392K)->40998K(699392K)
[41.116s][info][gc,metaspace   ] GC(327) Metaspace: 73016K(73536K)->73016K(73536K) NonClass: 58093K(58368K)->58093K(58368K) Class: 14923K(15168K)->14923K(15168K)
[41.116s][info][gc             ] GC(327) Pause Young (Allocation Failure) 377M->41M(1021M) 1.131ms
[41.116s][info][gc,cpu         ] GC(327) User=0.00s Sys=0.00s Real=0.00s
[41.199s][info][gc,start       ] GC(328) Pause Young (Allocation Failure)
[41.200s][info][gc,heap        ] GC(328) PSYoungGen: 345952K(346624K)->1824K(346624K) Eden: 344064K(344064K)->0K(344064K) From: 1888K(2560K)->1824K(2560K)
[41.200s][info][gc,heap        ] GC(328) ParOldGen: 40998K(699392K)->41094K(699392K)
[41.200s][info][gc,metaspace   ] GC(328) Metaspace: 73016K(73536K)->73016K(73536K) NonClass: 58093K(58368K)->58093K(58368K) Class: 14923K(15168K)->14923K(15168K)
[41.200s][info][gc             ] GC(328) Pause Young (Allocation Failure) 377M->41M(1021M) 1.148ms
[41.200s][info][gc,cpu         ] GC(328) User=0.00s Sys=0.00s Real=0.00s
[41.283s][info][gc,start       ] GC(329) Pause Young (Allocation Failure)
[41.284s][info][gc,heap        ] GC(329) PSYoungGen: 345888K(346624K)->1856K(346624K) Eden: 344064K(344064K)->0K(344064K) From: 1824K(2560K)->1856K(2560K)
[41.284s][info][gc,heap        ] GC(329) ParOldGen: 41094K(699392K)->41214K(699392K)
[41.284s][info][gc,metaspace   ] GC(329) Metaspace: 73016K(73536K)->73016K(73536K) NonClass: 58093K(58368K)->58093K(58368K) Class: 14923K(15168K)->14923K(15168K)
[41.284s][info][gc             ] GC(329) Pause Young (Allocation Failure) 377M->42M(1021M) 1.149ms
[41.284s][info][gc,cpu         ] GC(329) User=0.00s Sys=0.00s Real=0.00s
[41.367s][info][gc,start       ] GC(330) Pause Young (Allocation Failure)
[41.368s][info][gc,heap        ] GC(330) PSYoungGen: 345920K(346624K)->2016K(346624K) Eden: 344064K(344064K)->0K(344064K) From: 1856K(2560K)->2016K(2560K)
[41.368s][info][gc,heap        ] GC(330) ParOldGen: 41214K(699392K)->41310K(699392K)
[41.368s][info][gc,metaspace   ] GC(330) Metaspace: 73016K(73536K)->73016K(73536K) NonClass: 58093K(58368K)->58093K(58368K) Class: 14923K(15168K)->14923K(15168K)
[41.368s][info][gc             ] GC(330) Pause Young (Allocation Failure) 378M->42M(1021M) 1.136ms
[41.368s][info][gc,cpu         ] GC(330) User=0.00s Sys=0.00s Real=0.00s
[41.451s][info][gc,start       ] GC(331) Pause Young (Allocation Failure)
[41.452s][info][gc,heap        ] GC(331) PSYoungGen: 346080K(346624K)->1824K(346624K) Eden: 344064K(344064K)->0K(344064K) From: 2016K(2560K)->1824K(2560K)
[41.452s][info][gc,heap        ] GC(331) ParOldGen: 41310K(699392K)->41566K(699392K)
[41.452s][info][gc,metaspace   ] GC(331) Metaspace: 73016K(73536K)->73016K(73536K) NonClass: 58093K(58368K)->58093K(58368K) Class: 14923K(15168K)->14923K(15168K)
[41.452s][info][gc             ] GC(331) Pause Young (Allocation Failure) 378M->42M(1021M) 1.157ms
[41.452s][info][gc,cpu         ] GC(331) User=0.00s Sys=0.00s Real=0.00s
[41.535s][info][gc,start       ] GC(332) Pause Young (Allocation Failure)
[41.536s][info][gc,heap        ] GC(332) PSYoungGen: 345888K(346624K)->1952K(346624K) Eden: 344064K(344064K)->0K(344064K) From: 1824K(2560K)->1952K(2560K)
[41.536s][info][gc,heap        ] GC(332) ParOldGen: 41566K(699392K)->41670K(699392K)
[41.536s][info][gc,metaspace   ] GC(332) Metaspace: 73016K(73536K)->73016K(73536K) NonClass: 58093K(58368K)->58093K(58368K) Class: 14923K(15168K)->14923K(15168K)
[41.536s][info][gc             ] GC(332) Pause Young (Allocation Failure) 378M->42M(1021M) 1.112ms
[41.536s][info][gc,cpu         ] GC(332) User=0.00s Sys=0.00s Real=0.00s
[41.619s][info][gc,start       ] GC(333) Pause Young (Allocation Failure)
[41.620s][info][gc,heap        ] GC(333) PSYoungGen: 346016K(346624K)->1888K(346624K) Eden: 344064K(344064K)->0K(344064K) From: 1952K(2560K)->1888K(2560K)
[41.620s][info][gc,heap        ] GC(333) ParOldGen: 41670K(699392K)->41766K(699392K)
[41.620s][info][gc,metaspace   ] GC(333) Metaspace: 73016K(73536K)->73016K(73536K) NonClass: 58093K(58368K)->58093K(58368K) Class: 14923K(15168K)->14923K(15168K)
[41.620s][info][gc             ] GC(333) Pause Young (Allocation Failure) 378M->42M(1021M) 1.126ms
[41.620s][info][gc,cpu         ] GC(333) User=0.00s Sys=0.00s Real=0.00s
[41.703s][info][gc,start       ] GC(334) Pause Young (Allocation Failure)
[41.704s][info][gc,heap        ] GC(334) PSYoungGen: 345952K(346624K)->1888K(346624K) Eden: 344064K(344064K)->0K(344064K) From: 1888K(2560K)->1888K(2560K)
[41.704s][info][gc,heap        ] GC(334) ParOldGen: 41766K(699392K)->41838K(699392K)
[41.704s][info][gc,metaspace   ] GC(334) Metaspace: 73016K(73536K)->73016K(73536K) NonClass: 58093K(58368K)->58093K(58368K) Class: 14923K(15168K)->14923K(15168K)
[41.704s][info][gc             ] GC(334) Pause Young (Allocation Failure) 378M->42M(1021M) 1.078ms
[41.704s][info][gc,cpu         ] GC(334) User=0.00s Sys=0.00s Real=0.00s
[41.787s][info][gc,start       ] GC(335) Pause Young (Allocation Failure)
[41.788s][info][gc,heap        ] GC(335) PSYoungGen: 345952K(346624K)->1824K(346624K) Eden: 344064K(344064K)->0K(344064K) From: 1888K(2560K)->1824K(2560K)
[41.788s][info][gc,heap        ] GC(335) ParOldGen: 41838K(699392K)->41950K(699392K)
[41.788s][info][gc,metaspace   ] GC(335) Metaspace: 73016K(73536K)->73016K(73536K) NonClass: 58093K(58368K)->58093K(58368K) Class: 14923K(15168K)->14923K(15168K)
[41.788s][info][gc             ] GC(335) Pause Young (Allocation Failure) 378M->42M(1021M) 1.128ms
[41.788s][info][gc,cpu         ] GC(335) User=0.00s Sys=0.00s Real=0.00s
[41.871s][info][gc,start       ] GC(336) Pause Young (Allocation Failure)
[41.872s][info][gc,heap        ] GC(336) PSYoungGen: 345888K(346624K)->1856K(346624K) Eden: 344064K(344064K)->0K(344064K) From: 1824K(2560K)->1856K(2560K)
[41.872s][info][gc,heap        ] GC(336) ParOldGen: 41950K(699392K)->42070K(699392K)
[41.872s][info][gc,metaspace   ] GC(336) Metaspace: 73016K(73536K)->73016K(73536K) NonClass: 58093K(58368K)->58093K(58368K) Class: 14923K(15168K)->14923K(15168K)
[41.872s][info][gc             ] GC(336) Pause Young (Allocation Failure) 378M->42M(1021M) 1.153ms
[41.872s][info][gc,cpu         ] GC(336) User=0.00s Sys=0.00s Real=0.00s
[41.955s][info][gc,start       ] GC(337) Pause Young (Allocation Failure)
[41.956s][info][gc,heap        ] GC(337) PSYoungGen: 345920K(346624K)->1888K(346624K) Eden: 344064K(344064K)->0K(344064K) From: 1856K(2560K)->1888K(2560K)
[41.956s][info][gc,heap        ] GC(337) ParOldGen: 42070K(699392K)->42190K(699392K)
[41.956s][info][gc,metaspace   ] GC(337) Metaspace: 73016K(73536K)->73016K(73536K) NonClass: 58093K(58368K)->58093K(58368K) Class: 14923K(15168K)->14923K(15168K)
[41.956s][info][gc             ] GC(337) Pause Young (Allocation Failure) 378M->43M(1021M) 1.101ms
[41.956s][info][gc,cpu         ] GC(337) User=0.00s Sys=0.00s Real=0.00s
[42.038s][info][gc,start       ] GC(338) Pause Young (Allocation Failure)
[42.039s][info][gc,heap        ] GC(338) PSYoungGen: 345952K(346624K)->1856K(346624K) Eden: 344064K(344064K)->0K(344064K) From: 1888K(2560K)->1856K(2560K)
[42.040s][info][gc,heap        ] GC(338) ParOldGen: 42190K(699392K)->42278K(699392K)
[42.040s][info][gc,metaspace   ] GC(338) Metaspace: 73016K(73536K)->73016K(73536K) NonClass: 58093K(58368K)->58093K(58368K) Class: 14923K(15168K)->14923K(15168K)
[42.040s][info][gc             ] GC(338) Pause Young (Allocation Failure) 379M->43M(1021M) 1.116ms
[42.040s][info][gc,cpu         ] GC(338) User=0.00s Sys=0.00s Real=0.00s
[42.122s][info][gc,start       ] GC(339) Pause Young (Allocation Failure)
[42.123s][info][gc,heap        ] GC(339) PSYoungGen: 345920K(346624K)->1824K(346624K) Eden: 344064K(344064K)->0K(344064K) From: 1856K(2560K)->1824K(2560K)
[42.123s][info][gc,heap        ] GC(339) ParOldGen: 42278K(699392K)->42390K(699392K)
[42.123s][info][gc,metaspace   ] GC(339) Metaspace: 73016K(73536K)->73016K(73536K) NonClass: 58093K(58368K)->58093K(58368K) Class: 14923K(15168K)->14923K(15168K)
[42.123s][info][gc             ] GC(339) Pause Young (Allocation Failure) 379M->43M(1021M) 1.058ms
[42.123s][info][gc,cpu         ] GC(339) User=0.00s Sys=0.00s Real=0.00s
[42.206s][info][gc,start       ] GC(340) Pause Young (Allocation Failure)
[42.207s][info][gc,heap        ] GC(340) PSYoungGen: 345888K(346624K)->1856K(346112K) Eden: 344064K(344064K)->0K(344064K) From: 1824K(2560K)->1856K(2048K)
[42.207s][info][gc,heap        ] GC(340) ParOldGen: 42390K(699392K)->42518K(699392K)
[42.207s][info][gc,metaspace   ] GC(340) Metaspace: 73016K(73536K)->73016K(73536K) NonClass: 58093K(58368K)->58093K(58368K) Class: 14923K(15168K)->14923K(15168K)
[42.207s][info][gc             ] GC(340) Pause Young (Allocation Failure) 379M->43M(1021M) 1.107ms
[42.207s][info][gc,cpu         ] GC(340) User=0.00s Sys=0.00s Real=0.00s
[42.290s][info][gc,start       ] GC(341) Pause Young (Allocation Failure)
[42.291s][info][gc,heap        ] GC(341) PSYoungGen: 345920K(346112K)->1824K(346624K) Eden: 344064K(344064K)->0K(344576K) From: 1856K(2048K)->1824K(2048K)
[42.291s][info][gc,heap        ] GC(341) ParOldGen: 42518K(699392K)->42630K(699392K)
[42.291s][info][gc,metaspace   ] GC(341) Metaspace: 73016K(73536K)->73016K(73536K) NonClass: 58093K(58368K)->58093K(58368K) Class: 14923K(15168K)->14923K(15168K)
[42.291s][info][gc             ] GC(341) Pause Young (Allocation Failure) 379M->43M(1021M) 1.122ms
[42.291s][info][gc,cpu         ] GC(341) User=0.00s Sys=0.00s Real=0.00s
[42.374s][info][gc,start       ] GC(342) Pause Young (Allocation Failure)
[42.375s][info][gc,heap        ] GC(342) PSYoungGen: 346400K(346624K)->1952K(346112K) Eden: 344576K(344576K)->0K(344064K) From: 1824K(2048K)->1952K(2048K)
[42.375s][info][gc,heap        ] GC(342) ParOldGen: 42630K(699392K)->42726K(699392K)
[42.375s][info][gc,metaspace   ] GC(342) Metaspace: 73016K(73536K)->73016K(73536K) NonClass: 58093K(58368K)->58093K(58368K) Class: 14923K(15168K)->14923K(15168K)
[42.375s][info][gc             ] GC(342) Pause Young (Allocation Failure) 379M->43M(1021M) 1.124ms
[42.375s][info][gc,cpu         ] GC(342) User=0.00s Sys=0.00s Real=0.00s
[42.458s][info][gc,start       ] GC(343) Pause Young (Allocation Failure)
[42.459s][info][gc,heap        ] GC(343) PSYoungGen: 346016K(346112K)->1824K(346624K) Eden: 344064K(344064K)->0K(344064K) From: 1952K(2048K)->1824K(2560K)
[42.459s][info][gc,heap        ] GC(343) ParOldGen: 42726K(699392K)->42982K(699392K)
[42.459s][info][gc,metaspace   ] GC(343) Metaspace: 73016K(73536K)->73016K(73536K) NonClass: 58093K(58368K)->58093K(58368K) Class: 14923K(15168K)->14923K(15168K)
[42.459s][info][gc             ] GC(343) Pause Young (Allocation Failure) 379M->43M(1021M) 1.134ms
[42.459s][info][gc,cpu         ] GC(343) User=0.00s Sys=0.00s Real=0.00s
[42.542s][info][gc,start       ] GC(344) Pause Young (Allocation Failure)
[42.543s][info][gc,heap        ] GC(344) PSYoungGen: 345888K(346624K)->1888K(346624K) Eden: 344064K(344064K)->0K(344576K) From: 1824K(2560K)->1888K(2048K)
[42.543s][info][gc,heap        ] GC(344) ParOldGen: 42982K(699392K)->43102K(699392K)
[42.543s][info][gc,metaspace   ] GC(344) Metaspace: 73016K(73536K)->73016K(73536K) NonClass: 58093K(58368K)->58093K(58368K) Class: 14923K(15168K)->14923K(15168K)
[42.543s][info][gc             ] GC(344) Pause Young (Allocation Failure) 379M->43M(1021M) 1.108ms
[42.543s][info][gc,cpu         ] GC(344) User=0.00s Sys=0.00s Real=0.00s
[42.626s][info][gc,start       ] GC(345) Pause Young (Allocation Failure)
[42.627s][info][gc,heap        ] GC(345) PSYoungGen: 346464K(346624K)->1856K(346624K) Eden: 344576K(344576K)->0K(344576K) From: 1888K(2048K)->1856K(2048K)
[42.627s][info][gc,heap        ] GC(345) ParOldGen: 43102K(699392K)->43214K(699392K)
[42.627s][info][gc,metaspace   ] GC(345) Metaspace: 73016K(73536K)->73016K(73536K) NonClass: 58093K(58368K)->58093K(58368K) Class: 14923K(15168K)->14923K(15168K)
[42.627s][info][gc             ] GC(345) Pause Young (Allocation Failure) 380M->44M(1021M) 1.117ms
[42.627s][info][gc,cpu         ] GC(345) User=0.00s Sys=0.00s Real=0.00s
[42.710s][info][gc,start       ] GC(346) Pause Young (Allocation Failure)
[42.711s][info][gc,heap        ] GC(346) PSYoungGen: 346432K(346624K)->1856K(347136K) Eden: 344576K(344576K)->0K(345088K) From: 1856K(2048K)->1856K(2048K)
[42.711s][info][gc,heap        ] GC(346) ParOldGen: 43214K(699392K)->43318K(699392K)
[42.711s][info][gc,metaspace   ] GC(346) Metaspace: 73016K(73536K)->73016K(73536K) NonClass: 58093K(58368K)->58093K(58368K) Class: 14923K(15168K)->14923K(15168K)
[42.711s][info][gc             ] GC(346) Pause Young (Allocation Failure) 380M->44M(1022M) 1.167ms
[42.711s][info][gc,cpu         ] GC(346) User=0.00s Sys=0.00s Real=0.00s
[42.794s][info][gc,start       ] GC(347) Pause Young (Allocation Failure)
[42.795s][info][gc,heap        ] GC(347) PSYoungGen: 346944K(347136K)->1856K(347136K) Eden: 345088K(345088K)->0K(345088K) From: 1856K(2048K)->1856K(2048K)
[42.795s][info][gc,heap        ] GC(347) ParOldGen: 43318K(699392K)->43414K(699392K)
[42.795s][info][gc,metaspace   ] GC(347) Metaspace: 73016K(73536K)->73016K(73536K) NonClass: 58093K(58368K)->58093K(58368K) Class: 14923K(15168K)->14923K(15168K)
[42.795s][info][gc             ] GC(347) Pause Young (Allocation Failure) 381M->44M(1022M) 1.113ms
[42.795s][info][gc,cpu         ] GC(347) User=0.00s Sys=0.00s Real=0.00s
[42.878s][info][gc,start       ] GC(348) Pause Young (Allocation Failure)
[42.879s][info][gc,heap        ] GC(348) PSYoungGen: 346944K(347136K)->1888K(347136K) Eden: 345088K(345088K)->0K(345088K) From: 1856K(2048K)->1888K(2048K)
[42.879s][info][gc,heap        ] GC(348) ParOldGen: 43414K(699392K)->43510K(699392K)
[42.879s][info][gc,metaspace   ] GC(348) Metaspace: 73016K(73536K)->73016K(73536K) NonClass: 58093K(58368K)->58093K(58368K) Class: 14923K(15168K)->14923K(15168K)
[42.879s][info][gc             ] GC(348) Pause Young (Allocation Failure) 381M->44M(1022M) 1.085ms
[42.879s][info][gc,cpu         ] GC(348) User=0.00s Sys=0.00s Real=0.00s
[42.962s][info][gc,start       ] GC(349) Pause Young (Allocation Failure)
[42.963s][info][gc,heap        ] GC(349) PSYoungGen: 346976K(347136K)->1856K(347136K) Eden: 345088K(345088K)->0K(345088K) From: 1888K(2048K)->1856K(2048K)
[42.963s][info][gc,heap        ] GC(349) ParOldGen: 43510K(699392K)->43606K(699392K)
[42.963s][info][gc,metaspace   ] GC(349) Metaspace: 73016K(73536K)->73016K(73536K) NonClass: 58093K(58368K)->58093K(58368K) Class: 14923K(15168K)->14923K(15168K)
[42.963s][info][gc             ] GC(349) Pause Young (Allocation Failure) 381M->44M(1022M) 1.152ms
[42.963s][info][gc,cpu         ] GC(349) User=0.00s Sys=0.00s Real=0.00s
[43.046s][info][gc,start       ] GC(350) Pause Young (Allocation Failure)
[43.047s][info][gc,heap        ] GC(350) PSYoungGen: 346944K(347136K)->1824K(347136K) Eden: 345088K(345088K)->0K(345088K) From: 1856K(2048K)->1824K(2048K)
[43.047s][info][gc,heap        ] GC(350) ParOldGen: 43606K(699392K)->43734K(699392K)
[43.047s][info][gc,metaspace   ] GC(350) Metaspace: 73016K(73536K)->73016K(73536K) NonClass: 58093K(58368K)->58093K(58368K) Class: 14923K(15168K)->14923K(15168K)
[43.047s][info][gc             ] GC(350) Pause Young (Allocation Failure) 381M->44M(1022M) 1.110ms
[43.047s][info][gc,cpu         ] GC(350) User=0.00s Sys=0.00s Real=0.00s
[43.130s][info][gc,start       ] GC(351) Pause Young (Allocation Failure)
[43.131s][info][gc,heap        ] GC(351) PSYoungGen: 346911K(347136K)->1856K(347136K) Eden: 345087K(345088K)->0K(345088K) From: 1824K(2048K)->1856K(2048K)
[43.131s][info][gc,heap        ] GC(351) ParOldGen: 43734K(699392K)->43846K(699392K)
[43.131s][info][gc,metaspace   ] GC(351) Metaspace: 73016K(73536K)->73016K(73536K) NonClass: 58093K(58368K)->58093K(58368K) Class: 14923K(15168K)->14923K(15168K)
[43.131s][info][gc             ] GC(351) Pause Young (Allocation Failure) 381M->44M(1022M) 1.097ms
[43.132s][info][gc,cpu         ] GC(351) User=0.00s Sys=0.00s Real=0.00s
[43.214s][info][gc,start       ] GC(352) Pause Young (Allocation Failure)
[43.216s][info][gc,heap        ] GC(352) PSYoungGen: 346944K(347136K)->1856K(347136K) Eden: 345088K(345088K)->0K(345088K) From: 1856K(2048K)->1856K(2048K)
[43.216s][info][gc,heap        ] GC(352) ParOldGen: 43846K(699392K)->43926K(699392K)
[43.216s][info][gc,metaspace   ] GC(352) Metaspace: 73016K(73536K)->73016K(73536K) NonClass: 58093K(58368K)->58093K(58368K) Class: 14923K(15168K)->14923K(15168K)
[43.216s][info][gc             ] GC(352) Pause Young (Allocation Failure) 381M->44M(1022M) 1.149ms
[43.216s][info][gc,cpu         ] GC(352) User=0.00s Sys=0.00s Real=0.00s
[43.298s][info][gc,start       ] GC(353) Pause Young (Allocation Failure)
[43.300s][info][gc,heap        ] GC(353) PSYoungGen: 346944K(347136K)->1856K(347136K) Eden: 345088K(345088K)->0K(345088K) From: 1856K(2048K)->1856K(2048K)
[43.300s][info][gc,heap        ] GC(353) ParOldGen: 43926K(699392K)->44038K(699392K)
[43.300s][info][gc,metaspace   ] GC(353) Metaspace: 73016K(73536K)->73016K(73536K) NonClass: 58093K(58368K)->58093K(58368K) Class: 14923K(15168K)->14923K(15168K)
[43.300s][info][gc             ] GC(353) Pause Young (Allocation Failure) 381M->44M(1022M) 1.142ms
[43.300s][info][gc,cpu         ] GC(353) User=0.00s Sys=0.00s Real=0.00s
[43.383s][info][gc,start       ] GC(354) Pause Young (Allocation Failure)
[43.384s][info][gc,heap        ] GC(354) PSYoungGen: 346944K(347136K)->1920K(347136K) Eden: 345088K(345088K)->0K(345088K) From: 1856K(2048K)->1920K(2048K)
[43.384s][info][gc,heap        ] GC(354) ParOldGen: 44038K(699392K)->44118K(699392K)
[43.384s][info][gc,metaspace   ] GC(354) Metaspace: 73016K(73536K)->73016K(73536K) NonClass: 58093K(58368K)->58093K(58368K) Class: 14923K(15168K)->14923K(15168K)
[43.384s][info][gc             ] GC(354) Pause Young (Allocation Failure) 381M->44M(1022M) 1.140ms
[43.384s][info][gc,cpu         ] GC(354) User=0.00s Sys=0.00s Real=0.00s
[43.467s][info][gc,start       ] GC(355) Pause Young (Allocation Failure)
[43.468s][info][gc,heap        ] GC(355) PSYoungGen: 347008K(347136K)->1888K(347136K) Eden: 345088K(345088K)->0K(345088K) From: 1920K(2048K)->1888K(2048K)
[43.468s][info][gc,heap        ] GC(355) ParOldGen: 44118K(699392K)->44374K(699392K)
[43.468s][info][gc,metaspace   ] GC(355) Metaspace: 73016K(73536K)->73016K(73536K) NonClass: 58093K(58368K)->58093K(58368K) Class: 14923K(15168K)->14923K(15168K)
[43.468s][info][gc             ] GC(355) Pause Young (Allocation Failure) 381M->45M(1022M) 1.144ms
[43.468s][info][gc,cpu         ] GC(355) User=0.00s Sys=0.00s Real=0.00s
[43.551s][info][gc,start       ] GC(356) Pause Young (Allocation Failure)
[43.552s][info][gc,heap        ] GC(356) PSYoungGen: 346976K(347136K)->1824K(347136K) Eden: 345088K(345088K)->0K(345088K) From: 1888K(2048K)->1824K(2048K)
[43.552s][info][gc,heap        ] GC(356) ParOldGen: 44374K(699392K)->44478K(699392K)
[43.552s][info][gc,metaspace   ] GC(356) Metaspace: 73016K(73536K)->73016K(73536K) NonClass: 58093K(58368K)->58093K(58368K) Class: 14923K(15168K)->14923K(15168K)
[43.552s][info][gc             ] GC(356) Pause Young (Allocation Failure) 382M->45M(1022M) 1.107ms
[43.552s][info][gc,cpu         ] GC(356) User=0.00s Sys=0.00s Real=0.00s
[43.635s][info][gc,start       ] GC(357) Pause Young (Allocation Failure)
[43.636s][info][gc,heap        ] GC(357) PSYoungGen: 346912K(347136K)->1952K(347136K) Eden: 345088K(345088K)->0K(345088K) From: 1824K(2048K)->1952K(2048K)
[43.636s][info][gc,heap        ] GC(357) ParOldGen: 44478K(699392K)->44590K(699392K)
[43.636s][info][gc,metaspace   ] GC(357) Metaspace: 73016K(73536K)->73016K(73536K) NonClass: 58093K(58368K)->58093K(58368K) Class: 14923K(15168K)->14923K(15168K)
[43.636s][info][gc             ] GC(357) Pause Young (Allocation Failure) 382M->45M(1022M) 1.107ms
[43.636s][info][gc,cpu         ] GC(357) User=0.00s Sys=0.00s Real=0.00s
[43.720s][info][gc,start       ] GC(358) Pause Young (Allocation Failure)
[43.721s][info][gc,heap        ] GC(358) PSYoungGen: 347040K(347136K)->1824K(347136K) Eden: 345088K(345088K)->0K(345088K) From: 1952K(2048K)->1824K(2048K)
[43.721s][info][gc,heap        ] GC(358) ParOldGen: 44590K(699392K)->44814K(699392K)
[43.721s][info][gc,metaspace   ] GC(358) Metaspace: 73016K(73536K)->73016K(73536K) NonClass: 58093K(58368K)->58093K(58368K) Class: 14923K(15168K)->14923K(15168K)
[43.721s][info][gc             ] GC(358) Pause Young (Allocation Failure) 382M->45M(1022M) 1.135ms
[43.721s][info][gc,cpu         ] GC(358) User=0.00s Sys=0.00s Real=0.00s
[43.805s][info][gc,start       ] GC(359) Pause Young (Allocation Failure)
[43.806s][info][gc,heap        ] GC(359) PSYoungGen: 346912K(347136K)->1888K(347136K) Eden: 345088K(345088K)->0K(345088K) From: 1824K(2048K)->1888K(2048K)
[43.806s][info][gc,heap        ] GC(359) ParOldGen: 44814K(699392K)->45094K(699392K)
[43.806s][info][gc,metaspace   ] GC(359) Metaspace: 73016K(73536K)->73016K(73536K) NonClass: 58093K(58368K)->58093K(58368K) Class: 14923K(15168K)->14923K(15168K)
[43.806s][info][gc             ] GC(359) Pause Young (Allocation Failure) 382M->45M(1022M) 1.083ms
[43.806s][info][gc,cpu         ] GC(359) User=0.00s Sys=0.00s Real=0.00s
[43.891s][info][gc,start       ] GC(360) Pause Young (Allocation Failure)
[43.892s][info][gc,heap        ] GC(360) PSYoungGen: 346976K(347136K)->1824K(347136K) Eden: 345088K(345088K)->0K(345088K) From: 1888K(2048K)->1824K(2048K)
[43.892s][info][gc,heap        ] GC(360) ParOldGen: 45094K(699392K)->45350K(699392K)
[43.892s][info][gc,metaspace   ] GC(360) Metaspace: 73016K(73536K)->73016K(73536K) NonClass: 58093K(58368K)->58093K(58368K) Class: 14923K(15168K)->14923K(15168K)
[43.892s][info][gc             ] GC(360) Pause Young (Allocation Failure) 382M->46M(1022M) 1.092ms
[43.892s][info][gc,cpu         ] GC(360) User=0.00s Sys=0.00s Real=0.00s
[43.978s][info][gc,start       ] GC(361) Pause Young (Allocation Failure)
[43.979s][info][gc,heap        ] GC(361) PSYoungGen: 346912K(347136K)->1728K(347136K) Eden: 345088K(345088K)->0K(345088K) From: 1824K(2048K)->1728K(2048K)
[43.979s][info][gc,heap        ] GC(361) ParOldGen: 45350K(699392K)->45566K(699392K)
[43.979s][info][gc,metaspace   ] GC(361) Metaspace: 73016K(73536K)->73016K(73536K) NonClass: 58093K(58368K)->58093K(58368K) Class: 14923K(15168K)->14923K(15168K)
[43.980s][info][gc             ] GC(361) Pause Young (Allocation Failure) 383M->46M(1022M) 1.056ms
[43.980s][info][gc,cpu         ] GC(361) User=0.00s Sys=0.00s Real=0.00s
[44.070s][info][gc,start       ] GC(362) Pause Young (Allocation Failure)
[44.071s][info][gc,heap        ] GC(362) PSYoungGen: 346816K(347136K)->1568K(347136K) Eden: 345088K(345088K)->0K(345088K) From: 1728K(2048K)->1568K(2048K)
[44.071s][info][gc,heap        ] GC(362) ParOldGen: 45566K(699392K)->45870K(699392K)
[44.071s][info][gc,metaspace   ] GC(362) Metaspace: 73016K(73536K)->73016K(73536K) NonClass: 58093K(58368K)->58093K(58368K) Class: 14923K(15168K)->14923K(15168K)
[44.071s][info][gc             ] GC(362) Pause Young (Allocation Failure) 383M->46M(1022M) 1.017ms
[44.071s][info][gc,cpu         ] GC(362) User=0.00s Sys=0.00s Real=0.00s
[44.166s][info][gc,start       ] GC(363) Pause Young (Allocation Failure)
[44.168s][info][gc,heap        ] GC(363) PSYoungGen: 346656K(347136K)->1536K(336896K) Eden: 345088K(345088K)->0K(335360K) From: 1568K(2048K)->1536K(1536K)
[44.168s][info][gc,heap        ] GC(363) ParOldGen: 45870K(699392K)->46134K(699392K)
[44.168s][info][gc,metaspace   ] GC(363) Metaspace: 73019K(73536K)->73019K(73536K) NonClass: 58096K(58368K)->58096K(58368K) Class: 14923K(15168K)->14923K(15168K)
[44.168s][info][gc             ] GC(363) Pause Young (Allocation Failure) 383M->46M(1012M) 1.247ms
[44.168s][info][gc,cpu         ] GC(363) User=0.00s Sys=0.00s Real=0.00s
[44.265s][info][gc,start       ] GC(364) Pause Young (Allocation Failure)
[44.266s][info][gc,heap        ] GC(364) PSYoungGen: 336896K(336896K)->1024K(327168K) Eden: 335360K(335360K)->0K(326144K) From: 1536K(1536K)->1024K(1024K)
[44.266s][info][gc,heap        ] GC(364) ParOldGen: 46134K(699392K)->46438K(699392K)
[44.266s][info][gc,metaspace   ] GC(364) Metaspace: 73020K(73536K)->73020K(73536K) NonClass: 58097K(58368K)->58097K(58368K) Class: 14923K(15168K)->14923K(15168K)
[44.266s][info][gc             ] GC(364) Pause Young (Allocation Failure) 374M->46M(1002M) 0.999ms
[44.266s][info][gc,cpu         ] GC(364) User=0.00s Sys=0.00s Real=0.00s
[44.375s][info][gc,start       ] GC(365) Pause Young (Allocation Failure)
[44.376s][info][gc,heap        ] GC(365) PSYoungGen: 327168K(327168K)->1152K(318976K) Eden: 326144K(326144K)->0K(317440K) From: 1024K(1024K)->1152K(1536K)
[44.376s][info][gc,heap        ] GC(365) ParOldGen: 46438K(699392K)->46726K(699392K)
[44.376s][info][gc,metaspace   ] GC(365) Metaspace: 73021K(73536K)->73021K(73536K) NonClass: 58098K(58368K)->58098K(58368K) Class: 14923K(15168K)->14923K(15168K)
[44.376s][info][gc             ] GC(365) Pause Young (Allocation Failure) 364M->46M(994M) 1.084ms
[44.376s][info][gc,cpu         ] GC(365) User=0.00s Sys=0.00s Real=0.00s
[44.505s][info][gc,start       ] GC(366) Pause Young (Allocation Failure)
[44.506s][info][gc,heap        ] GC(366) PSYoungGen: 318592K(318976K)->1024K(310272K) Eden: 317440K(317440K)->0K(309248K) From: 1152K(1536K)->1024K(1024K)
[44.506s][info][gc,heap        ] GC(366) ParOldGen: 46726K(699392K)->47062K(699392K)
[44.506s][info][gc,metaspace   ] GC(366) Metaspace: 73021K(73536K)->73021K(73536K) NonClass: 58098K(58368K)->58098K(58368K) Class: 14923K(15168K)->14923K(15168K)
[44.506s][info][gc             ] GC(366) Pause Young (Allocation Failure) 356M->46M(986M) 1.063ms
[44.506s][info][gc,cpu         ] GC(366) User=0.00s Sys=0.00s Real=0.00s
[44.662s][info][gc,start       ] GC(367) Pause Young (Allocation Failure)
[44.662s][info][gc,heap        ] GC(367) PSYoungGen: 310272K(310272K)->832K(302080K) Eden: 309248K(309248K)->0K(301056K) From: 1024K(1024K)->832K(1024K)
[44.662s][info][gc,heap        ] GC(367) ParOldGen: 47062K(699392K)->47302K(699392K)
[44.662s][info][gc,metaspace   ] GC(367) Metaspace: 73021K(73536K)->73021K(73536K) NonClass: 58098K(58368K)->58098K(58368K) Class: 14923K(15168K)->14923K(15168K)
[44.662s][info][gc             ] GC(367) Pause Young (Allocation Failure) 348M->47M(978M) 0.784ms
[44.662s][info][gc,cpu         ] GC(367) User=0.00s Sys=0.00s Real=0.00s
[44.844s][info][gc,start       ] GC(368) Pause Young (Allocation Failure)
[44.845s][info][gc,heap        ] GC(368) PSYoungGen: 301888K(302080K)->736K(294400K) Eden: 301056K(301056K)->0K(293376K) From: 832K(1024K)->736K(1024K)
[44.845s][info][gc,heap        ] GC(368) ParOldGen: 47302K(699392K)->47502K(699392K)
[44.845s][info][gc,metaspace   ] GC(368) Metaspace: 73021K(73536K)->73021K(73536K) NonClass: 58098K(58368K)->58098K(58368K) Class: 14923K(15168K)->14923K(15168K)
[44.845s][info][gc             ] GC(368) Pause Young (Allocation Failure) 341M->47M(970M) 0.888ms
[44.845s][info][gc,cpu         ] GC(368) User=0.00s Sys=0.00s Real=0.00s
[45.029s][info][gc,start       ] GC(369) Pause Young (Allocation Failure)
[45.030s][info][gc,heap        ] GC(369) PSYoungGen: 294112K(294400K)->736K(286720K) Eden: 293376K(293376K)->0K(285696K) From: 736K(1024K)->736K(1024K)
[45.030s][info][gc,heap        ] GC(369) ParOldGen: 47502K(699392K)->47662K(699392K)
[45.030s][info][gc,metaspace   ] GC(369) Metaspace: 73021K(73536K)->73021K(73536K) NonClass: 58098K(58368K)->58098K(58368K) Class: 14923K(15168K)->14923K(15168K)
[45.030s][info][gc             ] GC(369) Pause Young (Allocation Failure) 333M->47M(963M) 0.714ms
[45.030s][info][gc,cpu         ] GC(369) User=0.00s Sys=0.00s Real=0.00s
[45.208s][info][gc,start       ] GC(370) Pause Young (Allocation Failure)
[45.209s][info][gc,heap        ] GC(370) PSYoungGen: 286432K(286720K)->736K(279552K) Eden: 285696K(285696K)->0K(278528K) From: 736K(1024K)->736K(1024K)
[45.209s][info][gc,heap        ] GC(370) ParOldGen: 47662K(699392K)->47662K(699392K)
[45.209s][info][gc,metaspace   ] GC(370) Metaspace: 73021K(73536K)->73021K(73536K) NonClass: 58098K(58368K)->58098K(58368K) Class: 14923K(15168K)->14923K(15168K)
[45.209s][info][gc             ] GC(370) Pause Young (Allocation Failure) 326M->47M(956M) 0.813ms
[45.209s][info][gc,cpu         ] GC(370) User=0.00s Sys=0.00s Real=0.00s
[45.383s][info][gc,start       ] GC(371) Pause Young (Allocation Failure)
[45.383s][info][gc,heap        ] GC(371) PSYoungGen: 279264K(279552K)->704K(272384K) Eden: 278528K(278528K)->0K(271360K) From: 736K(1024K)->704K(1024K)
[45.383s][info][gc,heap        ] GC(371) ParOldGen: 47662K(699392K)->47766K(699392K)
[45.383s][info][gc,metaspace   ] GC(371) Metaspace: 73021K(73536K)->73021K(73536K) NonClass: 58098K(58368K)->58098K(58368K) Class: 14923K(15168K)->14923K(15168K)
[45.384s][info][gc             ] GC(371) Pause Young (Allocation Failure) 319M->47M(949M) 0.734ms
[45.384s][info][gc,cpu         ] GC(371) User=0.00s Sys=0.00s Real=0.00s
[45.553s][info][gc,start       ] GC(372) Pause Young (Allocation Failure)
[45.554s][info][gc,heap        ] GC(372) PSYoungGen: 272064K(272384K)->704K(265728K) Eden: 271360K(271360K)->0K(264704K) From: 704K(1024K)->704K(1024K)
[45.554s][info][gc,heap        ] GC(372) ParOldGen: 47766K(699392K)->47894K(699392K)
[45.554s][info][gc,metaspace   ] GC(372) Metaspace: 73021K(73536K)->73021K(73536K) NonClass: 58098K(58368K)->58098K(58368K) Class: 14923K(15168K)->14923K(15168K)
[45.554s][info][gc             ] GC(372) Pause Young (Allocation Failure) 312M->47M(942M) 0.852ms
[45.554s][info][gc,cpu         ] GC(372) User=0.00s Sys=0.00s Real=0.00s
[45.718s][info][gc,start       ] GC(373) Pause Young (Allocation Failure)
[45.719s][info][gc,heap        ] GC(373) PSYoungGen: 265408K(265728K)->704K(259584K) Eden: 264704K(264704K)->0K(258560K) From: 704K(1024K)->704K(1024K)
[45.719s][info][gc,heap        ] GC(373) ParOldGen: 47894K(699392K)->47902K(699392K)
[45.719s][info][gc,metaspace   ] GC(373) Metaspace: 73021K(73536K)->73021K(73536K) NonClass: 58098K(58368K)->58098K(58368K) Class: 14923K(15168K)->14923K(15168K)
[45.719s][info][gc             ] GC(373) Pause Young (Allocation Failure) 305M->47M(936M) 0.670ms
[45.719s][info][gc,cpu         ] GC(373) User=0.00s Sys=0.00s Real=0.00s
[45.828s][info][gc,start       ] GC(374) Pause Young (System.gc())
[45.829s][info][gc,heap        ] GC(374) PSYoungGen: 168656K(259584K)->1280K(260096K) Eden: 167952K(258560K)->0K(258560K) From: 704K(1024K)->1280K(1536K)
[45.829s][info][gc,heap        ] GC(374) ParOldGen: 47902K(699392K)->47990K(699392K)
[45.830s][info][gc,metaspace   ] GC(374) Metaspace: 73035K(73536K)->73035K(73536K) NonClass: 58112K(58368K)->58112K(58368K) Class: 14923K(15168K)->14923K(15168K)
[45.830s][info][gc             ] GC(374) Pause Young (System.gc()) 211M->48M(937M) 1.136ms
[45.830s][info][gc,cpu         ] GC(374) User=0.00s Sys=0.00s Real=0.00s
[45.830s][info][gc,start       ] GC(375) Pause Full (System.gc())
[45.830s][info][gc,phases,start] GC(375) Marking Phase
[45.863s][info][gc,phases      ] GC(375) Marking Phase 33.133ms
[45.863s][info][gc,phases,start] GC(375) Summary Phase
[45.863s][info][gc,phases      ] GC(375) Summary Phase 0.014ms
[45.863s][info][gc,phases,start] GC(375) Adjust Roots
[45.881s][info][gc,phases      ] GC(375) Adjust Roots 17.747ms
[45.881s][info][gc,phases,start] GC(375) Compaction Phase
[45.889s][info][gc,phases      ] GC(375) Compaction Phase 8.215ms
[45.889s][info][gc,phases,start] GC(375) Post Compact
[45.890s][info][gc,phases      ] GC(375) Post Compact 0.597ms
[45.890s][info][gc,heap        ] GC(375) PSYoungGen: 1280K(260096K)->0K(260096K) Eden: 0K(258560K)->0K(258560K) From: 1280K(1536K)->0K(1536K)
[45.890s][info][gc,heap        ] GC(375) ParOldGen: 47990K(699392K)->35472K(699392K)
[45.890s][info][gc,metaspace   ] GC(375) Metaspace: 73035K(73536K)->73035K(73536K) NonClass: 58112K(58368K)->58112K(58368K) Class: 14923K(15168K)->14923K(15168K)
[45.890s][info][gc             ] GC(375) Pause Full (System.gc()) 48M->34M(937M) 59.993ms
[45.890s][info][gc,cpu         ] GC(375) User=0.55s Sys=0.00s Real=0.06s
[45.984s][info][gc,start       ] GC(376) Pause Young (Allocation Failure)
[45.986s][info][gc,heap        ] GC(376) PSYoungGen: 258560K(260096K)->2560K(254976K) Eden: 258560K(258560K)->0K(252416K) From: 0K(1536K)->2560K(2560K)
[45.986s][info][gc,heap        ] GC(376) ParOldGen: 35472K(699392K)->36632K(699392K)
[45.986s][info][gc,metaspace   ] GC(376) Metaspace: 73264K(73728K)->73264K(73728K) NonClass: 58341K(58560K)->58341K(58560K) Class: 14923K(15168K)->14923K(15168K)
[45.986s][info][gc             ] GC(376) Pause Young (Allocation Failure) 287M->38M(932M) 1.974ms
[45.986s][info][gc,cpu         ] GC(376) User=0.00s Sys=0.00s Real=0.00s
[46.046s][info][gc,start       ] GC(377) Pause Young (Allocation Failure)
[46.047s][info][gc,heap        ] GC(377) PSYoungGen: 254976K(254976K)->1536K(247808K) Eden: 252416K(252416K)->0K(246272K) From: 2560K(2560K)->1536K(1536K)
[46.047s][info][gc,heap        ] GC(377) ParOldGen: 36632K(699392K)->38496K(699392K)
[46.047s][info][gc,metaspace   ] GC(377) Metaspace: 73264K(73728K)->73264K(73728K) NonClass: 58341K(58560K)->58341K(58560K) Class: 14923K(15168K)->14923K(15168K)
[46.047s][info][gc             ] GC(377) Pause Young (Allocation Failure) 284M->39M(925M) 1.499ms
[46.047s][info][gc,cpu         ] GC(377) User=0.00s Sys=0.00s Real=0.00s
[46.109s][info][gc,start       ] GC(378) Pause Young (Allocation Failure)
[46.110s][info][gc,heap        ] GC(378) PSYoungGen: 247808K(247808K)->1856K(297984K) Eden: 246272K(246272K)->0K(295936K) From: 1536K(1536K)->1856K(2048K)
[46.110s][info][gc,heap        ] GC(378) ParOldGen: 38496K(699392K)->38696K(699392K)
[46.110s][info][gc,metaspace   ] GC(378) Metaspace: 73264K(73728K)->73264K(73728K) NonClass: 58341K(58560K)->58341K(58560K) Class: 14923K(15168K)->14923K(15168K)
[46.110s][info][gc             ] GC(378) Pause Young (Allocation Failure) 279M->39M(974M) 1.338ms
[46.110s][info][gc,cpu         ] GC(378) User=0.00s Sys=0.00s Real=0.00s
[46.183s][info][gc,start       ] GC(379) Pause Young (Allocation Failure)
[46.184s][info][gc,heap        ] GC(379) PSYoungGen: 297792K(297984K)->1760K(332288K) Eden: 295936K(295936K)->0K(328704K) From: 1856K(2048K)->1760K(3584K)
[46.184s][info][gc,heap        ] GC(379) ParOldGen: 38696K(699392K)->38864K(699392K)
[46.184s][info][gc,metaspace   ] GC(379) Metaspace: 73264K(73728K)->73264K(73728K) NonClass: 58341K(58560K)->58341K(58560K) Class: 14923K(15168K)->14923K(15168K)
[46.184s][info][gc             ] GC(379) Pause Young (Allocation Failure) 328M->39M(1007M) 1.183ms
[46.184s][info][gc,cpu         ] GC(379) User=0.00s Sys=0.00s Real=0.00s
[46.263s][info][gc,start       ] GC(380) Pause Young (Allocation Failure)
[46.264s][info][gc,heap        ] GC(380) PSYoungGen: 330464K(332288K)->1888K(332288K) Eden: 328704K(328704K)->0K(328704K) From: 1760K(3584K)->1888K(3584K)
[46.264s][info][gc,heap        ] GC(380) ParOldGen: 38864K(699392K)->38960K(699392K)
[46.264s][info][gc,metaspace   ] GC(380) Metaspace: 73264K(73728K)->73264K(73728K) NonClass: 58341K(58560K)->58341K(58560K) Class: 14923K(15168K)->14923K(15168K)
[46.264s][info][gc             ] GC(380) Pause Young (Allocation Failure) 360M->39M(1007M) 1.083ms
[46.264s][info][gc,cpu         ] GC(380) User=0.00s Sys=0.00s Real=0.00s
[46.342s][info][gc,start       ] GC(381) Pause Young (Allocation Failure)
[46.344s][info][gc,heap        ] GC(381) PSYoungGen: 330592K(332288K)->1984K(345600K) Eden: 328704K(328704K)->0K(342016K) From: 1888K(3584K)->1984K(3584K)
[46.344s][info][gc,heap        ] GC(381) ParOldGen: 38960K(699392K)->39008K(699392K)
[46.344s][info][gc,metaspace   ] GC(381) Metaspace: 73264K(73728K)->73264K(73728K) NonClass: 58341K(58560K)->58341K(58560K) Class: 14923K(15168K)->14923K(15168K)
[46.344s][info][gc             ] GC(381) Pause Young (Allocation Failure) 360M->40M(1020M) 1.670ms
[46.344s][info][gc,cpu         ] GC(381) User=0.00s Sys=0.00s Real=0.00s
[46.426s][info][gc,start       ] GC(382) Pause Young (Allocation Failure)
[46.450s][info][gc,heap        ] GC(382) PSYoungGen: 344000K(345600K)->2016K(345600K) Eden: 342016K(342016K)->0K(342016K) From: 1984K(3584K)->2016K(3584K)
[46.450s][info][gc,heap        ] GC(382) ParOldGen: 39008K(699392K)->39264K(699392K)
[46.450s][info][gc,metaspace   ] GC(382) Metaspace: 73264K(73728K)->73264K(73728K) NonClass: 58341K(58560K)->58341K(58560K) Class: 14923K(15168K)->14923K(15168K)
[46.450s][info][gc             ] GC(382) Pause Young (Allocation Failure) 374M->40M(1020M) 24.318ms
[46.450s][info][gc,cpu         ] GC(382) User=0.00s Sys=0.00s Real=0.02s
[46.538s][info][gc,start       ] GC(383) Pause Young (Allocation Failure)
[46.539s][info][gc,heap        ] GC(383) PSYoungGen: 344032K(345600K)->1792K(345600K) Eden: 342016K(342016K)->0K(342016K) From: 2016K(3584K)->1792K(3584K)
[46.539s][info][gc,heap        ] GC(383) ParOldGen: 39264K(699392K)->39280K(699392K)
[46.539s][info][gc,metaspace   ] GC(383) Metaspace: 73264K(73728K)->73264K(73728K) NonClass: 58341K(58560K)->58341K(58560K) Class: 14923K(15168K)->14923K(15168K)
[46.539s][info][gc             ] GC(383) Pause Young (Allocation Failure) 374M->40M(1020M) 1.067ms
[46.539s][info][gc,cpu         ] GC(383) User=0.00s Sys=0.00s Real=0.00s
[46.621s][info][gc,start       ] GC(384) Pause Young (Allocation Failure)
[46.622s][info][gc,heap        ] GC(384) PSYoungGen: 343808K(345600K)->1760K(344064K) Eden: 342016K(342016K)->0K(342016K) From: 1792K(3584K)->1760K(2048K)
[46.622s][info][gc,heap        ] GC(384) ParOldGen: 39280K(699392K)->39400K(699392K)
[46.622s][info][gc,metaspace   ] GC(384) Metaspace: 73264K(73728K)->73264K(73728K) NonClass: 58341K(58560K)->58341K(58560K) Class: 14923K(15168K)->14923K(15168K)
[46.622s][info][gc             ] GC(384) Pause Young (Allocation Failure) 374M->40M(1019M) 1.127ms
[46.622s][info][gc,cpu         ] GC(384) User=0.00s Sys=0.00s Real=0.00s
[46.704s][info][gc,start       ] GC(385) Pause Young (Allocation Failure)
[46.705s][info][gc,heap        ] GC(385) PSYoungGen: 343776K(344064K)->1856K(345088K) Eden: 342016K(342016K)->0K(342016K) From: 1760K(2048K)->1856K(3072K)
[46.705s][info][gc,heap        ] GC(385) ParOldGen: 39400K(699392K)->39536K(699392K)
[46.705s][info][gc,metaspace   ] GC(385) Metaspace: 73265K(73728K)->73265K(73728K) NonClass: 58342K(58560K)->58342K(58560K) Class: 14923K(15168K)->14923K(15168K)
[46.705s][info][gc             ] GC(385) Pause Young (Allocation Failure) 374M->40M(1020M) 1.090ms
[46.705s][info][gc,cpu         ] GC(385) User=0.00s Sys=0.00s Real=0.00s
[46.787s][info][gc,start       ] GC(386) Pause Young (Allocation Failure)
[46.788s][info][gc,heap        ] GC(386) PSYoungGen: 343872K(345088K)->1824K(345088K) Eden: 342016K(342016K)->0K(342016K) From: 1856K(3072K)->1824K(3072K)
[46.788s][info][gc,heap        ] GC(386) ParOldGen: 39536K(699392K)->39648K(699392K)
[46.788s][info][gc,metaspace   ] GC(386) Metaspace: 73277K(73728K)->73277K(73728K) NonClass: 58353K(58560K)->58353K(58560K) Class: 14923K(15168K)->14923K(15168K)
[46.788s][info][gc             ] GC(386) Pause Young (Allocation Failure) 374M->40M(1020M) 1.087ms
[46.788s][info][gc,cpu         ] GC(386) User=0.00s Sys=0.00s Real=0.00s
[46.870s][info][gc,start       ] GC(387) Pause Young (Allocation Failure)
[46.871s][info][gc,heap        ] GC(387) PSYoungGen: 343840K(345088K)->1952K(346112K) Eden: 342016K(342016K)->0K(343040K) From: 1824K(3072K)->1952K(3072K)
[46.871s][info][gc,heap        ] GC(387) ParOldGen: 39648K(699392K)->39720K(699392K)
[46.871s][info][gc,metaspace   ] GC(387) Metaspace: 73277K(73728K)->73277K(73728K) NonClass: 58353K(58560K)->58353K(58560K) Class: 14923K(15168K)->14923K(15168K)
[46.871s][info][gc             ] GC(387) Pause Young (Allocation Failure) 374M->40M(1021M) 1.132ms
[46.871s][info][gc,cpu         ] GC(387) User=0.00s Sys=0.00s Real=0.00s
[46.954s][info][gc,start       ] GC(388) Pause Young (Allocation Failure)
[46.955s][info][gc,heap        ] GC(388) PSYoungGen: 344992K(346112K)->1824K(346112K) Eden: 343040K(343040K)->0K(343040K) From: 1952K(3072K)->1824K(3072K)
[46.955s][info][gc,heap        ] GC(388) ParOldGen: 39720K(699392K)->39760K(699392K)
[46.955s][info][gc,metaspace   ] GC(388) Metaspace: 73277K(73728K)->73277K(73728K) NonClass: 58353K(58560K)->58353K(58560K) Class: 14923K(15168K)->14923K(15168K)
[46.955s][info][gc             ] GC(388) Pause Young (Allocation Failure) 375M->40M(1021M) 1.177ms
[46.955s][info][gc,cpu         ] GC(388) User=0.00s Sys=0.00s Real=0.00s
[47.037s][info][gc,start       ] GC(389) Pause Young (Allocation Failure)
[47.038s][info][gc,heap        ] GC(389) PSYoungGen: 344864K(346112K)->1952K(346112K) Eden: 343040K(343040K)->0K(343040K) From: 1824K(3072K)->1952K(3072K)
[47.038s][info][gc,heap        ] GC(389) ParOldGen: 39760K(699392K)->39840K(699392K)
[47.038s][info][gc,metaspace   ] GC(389) Metaspace: 73277K(73728K)->73277K(73728K) NonClass: 58353K(58560K)->58353K(58560K) Class: 14923K(15168K)->14923K(15168K)
[47.038s][info][gc             ] GC(389) Pause Young (Allocation Failure) 375M->40M(1021M) 1.113ms
[47.038s][info][gc,cpu         ] GC(389) User=0.00s Sys=0.00s Real=0.00s
[47.120s][info][gc,start       ] GC(390) Pause Young (Allocation Failure)
[47.122s][info][gc,heap        ] GC(390) PSYoungGen: 344992K(346112K)->1888K(346112K) Eden: 343040K(343040K)->0K(343040K) From: 1952K(3072K)->1888K(3072K)
[47.122s][info][gc,heap        ] GC(390) ParOldGen: 39840K(699392K)->39992K(699392K)
[47.122s][info][gc,metaspace   ] GC(390) Metaspace: 73277K(73728K)->73277K(73728K) NonClass: 58353K(58560K)->58353K(58560K) Class: 14923K(15168K)->14923K(15168K)
[47.122s][info][gc             ] GC(390) Pause Young (Allocation Failure) 375M->40M(1021M) 1.200ms
[47.122s][info][gc,cpu         ] GC(390) User=0.00s Sys=0.00s Real=0.00s
[47.204s][info][gc,start       ] GC(391) Pause Young (Allocation Failure)
[47.205s][info][gc,heap        ] GC(391) PSYoungGen: 344928K(346112K)->1952K(346112K) Eden: 343040K(343040K)->0K(343040K) From: 1888K(3072K)->1952K(3072K)
[47.205s][info][gc,heap        ] GC(391) ParOldGen: 39992K(699392K)->40120K(699392K)
[47.205s][info][gc,metaspace   ] GC(391) Metaspace: 73277K(73728K)->73277K(73728K) NonClass: 58353K(58560K)->58353K(58560K) Class: 14923K(15168K)->14923K(15168K)
[47.205s][info][gc             ] GC(391) Pause Young (Allocation Failure) 375M->41M(1021M) 1.113ms
[47.205s][info][gc,cpu         ] GC(391) User=0.00s Sys=0.00s Real=0.00s
[47.287s][info][gc,start       ] GC(392) Pause Young (Allocation Failure)
[47.288s][info][gc,heap        ] GC(392) PSYoungGen: 344992K(346112K)->1792K(345088K) Eden: 343040K(343040K)->0K(343040K) From: 1952K(3072K)->1792K(2048K)
[47.288s][info][gc,heap        ] GC(392) ParOldGen: 40120K(699392K)->40240K(699392K)
[47.288s][info][gc,metaspace   ] GC(392) Metaspace: 73277K(73728K)->73277K(73728K) NonClass: 58353K(58560K)->58353K(58560K) Class: 14923K(15168K)->14923K(15168K)
[47.288s][info][gc             ] GC(392) Pause Young (Allocation Failure) 376M->41M(1020M) 1.091ms
[47.288s][info][gc,cpu         ] GC(392) User=0.00s Sys=0.00s Real=0.00s
[47.370s][info][gc,start       ] GC(393) Pause Young (Allocation Failure)
[47.371s][info][gc,heap        ] GC(393) PSYoungGen: 344832K(345088K)->1888K(345600K) Eden: 343040K(343040K)->0K(343040K) From: 1792K(2048K)->1888K(2560K)
[47.371s][info][gc,heap        ] GC(393) ParOldGen: 40240K(699392K)->40320K(699392K)
[47.371s][info][gc,metaspace   ] GC(393) Metaspace: 73277K(73728K)->73277K(73728K) NonClass: 58353K(58560K)->58353K(58560K) Class: 14923K(15168K)->14923K(15168K)
[47.371s][info][gc             ] GC(393) Pause Young (Allocation Failure) 376M->41M(1020M) 1.202ms
[47.371s][info][gc,cpu         ] GC(393) User=0.00s Sys=0.00s Real=0.00s
[47.454s][info][gc,start       ] GC(394) Pause Young (Allocation Failure)
[47.455s][info][gc,heap        ] GC(394) PSYoungGen: 344928K(345600K)->1856K(345600K) Eden: 343040K(343040K)->0K(343040K) From: 1888K(2560K)->1856K(2560K)
[47.455s][info][gc,heap        ] GC(394) ParOldGen: 40320K(699392K)->40584K(699392K)
[47.455s][info][gc,metaspace   ] GC(394) Metaspace: 73277K(73728K)->73277K(73728K) NonClass: 58353K(58560K)->58353K(58560K) Class: 14923K(15168K)->14923K(15168K)
[47.455s][info][gc             ] GC(394) Pause Young (Allocation Failure) 376M->41M(1020M) 1.163ms
[47.455s][info][gc,cpu         ] GC(394) User=0.00s Sys=0.00s Real=0.00s
[47.537s][info][gc,start       ] GC(395) Pause Young (Allocation Failure)
[47.538s][info][gc,heap        ] GC(395) PSYoungGen: 344896K(345600K)->1920K(346624K) Eden: 343040K(343040K)->0K(344064K) From: 1856K(2560K)->1920K(2560K)
[47.538s][info][gc,heap        ] GC(395) ParOldGen: 40584K(699392K)->40664K(699392K)
[47.538s][info][gc,metaspace   ] GC(395) Metaspace: 73277K(73728K)->73277K(73728K) NonClass: 58353K(58560K)->58353K(58560K) Class: 14923K(15168K)->14923K(15168K)
[47.538s][info][gc             ] GC(395) Pause Young (Allocation Failure) 376M->41M(1021M) 1.113ms
[47.538s][info][gc,cpu         ] GC(395) User=0.00s Sys=0.00s Real=0.00s
[47.620s][info][gc,start       ] GC(396) Pause Young (Allocation Failure)
[47.621s][info][gc,heap        ] GC(396) PSYoungGen: 345984K(346624K)->1856K(346624K) Eden: 344064K(344064K)->0K(344064K) From: 1920K(2560K)->1856K(2560K)
[47.621s][info][gc,heap        ] GC(396) ParOldGen: 40664K(699392K)->40784K(699392K)
[47.621s][info][gc,metaspace   ] GC(396) Metaspace: 73277K(73728K)->73277K(73728K) NonClass: 58353K(58560K)->58353K(58560K) Class: 14923K(15168K)->14923K(15168K)
[47.621s][info][gc             ] GC(396) Pause Young (Allocation Failure) 377M->41M(1021M) 1.097ms
[47.621s][info][gc,cpu         ] GC(396) User=0.00s Sys=0.00s Real=0.00s
[47.704s][info][gc,start       ] GC(397) Pause Young (Allocation Failure)
[47.705s][info][gc,heap        ] GC(397) PSYoungGen: 345920K(346624K)->1856K(346624K) Eden: 344064K(344064K)->0K(344064K) From: 1856K(2560K)->1856K(2560K)
[47.705s][info][gc,heap        ] GC(397) ParOldGen: 40784K(699392K)->40872K(699392K)
[47.705s][info][gc,metaspace   ] GC(397) Metaspace: 73277K(73728K)->73277K(73728K) NonClass: 58353K(58560K)->58353K(58560K) Class: 14923K(15168K)->14923K(15168K)
[47.705s][info][gc             ] GC(397) Pause Young (Allocation Failure) 377M->41M(1021M) 1.126ms
[47.705s][info][gc,cpu         ] GC(397) User=0.00s Sys=0.00s Real=0.00s
[47.787s][info][gc,start       ] GC(398) Pause Young (Allocation Failure)
[47.788s][info][gc,heap        ] GC(398) PSYoungGen: 345920K(346624K)->1760K(346624K) Eden: 344064K(344064K)->0K(344064K) From: 1856K(2560K)->1760K(2560K)
[47.788s][info][gc,heap        ] GC(398) ParOldGen: 40872K(699392K)->41008K(699392K)
[47.788s][info][gc,metaspace   ] GC(398) Metaspace: 73277K(73728K)->73277K(73728K) NonClass: 58353K(58560K)->58353K(58560K) Class: 14923K(15168K)->14923K(15168K)
[47.788s][info][gc             ] GC(398) Pause Young (Allocation Failure) 377M->41M(1021M) 1.062ms
[47.788s][info][gc,cpu         ] GC(398) User=0.00s Sys=0.00s Real=0.00s
[47.870s][info][gc,start       ] GC(399) Pause Young (Allocation Failure)
[47.871s][info][gc,heap        ] GC(399) PSYoungGen: 345824K(346624K)->1856K(346624K) Eden: 344064K(344064K)->0K(344064K) From: 1760K(2560K)->1856K(2560K)
[47.871s][info][gc,heap        ] GC(399) ParOldGen: 41008K(699392K)->41096K(699392K)
[47.871s][info][gc,metaspace   ] GC(399) Metaspace: 73277K(73728K)->73277K(73728K) NonClass: 58353K(58560K)->58353K(58560K) Class: 14923K(15168K)->14923K(15168K)
[47.871s][info][gc             ] GC(399) Pause Young (Allocation Failure) 377M->41M(1021M) 1.116ms
[47.872s][info][gc,cpu         ] GC(399) User=0.00s Sys=0.00s Real=0.00s
[47.954s][info][gc,start       ] GC(400) Pause Young (Allocation Failure)
[47.955s][info][gc,heap        ] GC(400) PSYoungGen: 345920K(346624K)->1824K(346624K) Eden: 344064K(344064K)->0K(344064K) From: 1856K(2560K)->1824K(2560K)
[47.955s][info][gc,heap        ] GC(400) ParOldGen: 41096K(699392K)->41176K(699392K)
[47.955s][info][gc,metaspace   ] GC(400) Metaspace: 73277K(73728K)->73277K(73728K) NonClass: 58353K(58560K)->58353K(58560K) Class: 14923K(15168K)->14923K(15168K)
[47.955s][info][gc             ] GC(400) Pause Young (Allocation Failure) 377M->41M(1021M) 1.058ms
[47.955s][info][gc,cpu         ] GC(400) User=0.00s Sys=0.00s Real=0.00s
[48.038s][info][gc,start       ] GC(401) Pause Young (Allocation Failure)
[48.039s][info][gc,heap        ] GC(401) PSYoungGen: 345888K(346624K)->1824K(346624K) Eden: 344064K(344064K)->0K(344064K) From: 1824K(2560K)->1824K(2560K)
[48.039s][info][gc,heap        ] GC(401) ParOldGen: 41176K(699392K)->41304K(699392K)
[48.039s][info][gc,metaspace   ] GC(401) Metaspace: 73277K(73728K)->73277K(73728K) NonClass: 58353K(58560K)->58353K(58560K) Class: 14923K(15168K)->14923K(15168K)
[48.039s][info][gc             ] GC(401) Pause Young (Allocation Failure) 377M->42M(1021M) 1.095ms
[48.039s][info][gc,cpu         ] GC(401) User=0.00s Sys=0.00s Real=0.00s
[48.122s][info][gc,start       ] GC(402) Pause Young (Allocation Failure)
[48.123s][info][gc,heap        ] GC(402) PSYoungGen: 345888K(346624K)->1760K(346624K) Eden: 344064K(344064K)->0K(344064K) From: 1824K(2560K)->1760K(2560K)
[48.123s][info][gc,heap        ] GC(402) ParOldGen: 41304K(699392K)->41408K(699392K)
[48.123s][info][gc,metaspace   ] GC(402) Metaspace: 73277K(73728K)->73277K(73728K) NonClass: 58353K(58560K)->58353K(58560K) Class: 14923K(15168K)->14923K(15168K)
[48.123s][info][gc             ] GC(402) Pause Young (Allocation Failure) 378M->42M(1021M) 1.065ms
[48.123s][info][gc,cpu         ] GC(402) User=0.00s Sys=0.00s Real=0.00s
[48.205s][info][gc,start       ] GC(403) Pause Young (Allocation Failure)
[48.206s][info][gc,heap        ] GC(403) PSYoungGen: 345824K(346624K)->1792K(346624K) Eden: 344064K(344064K)->0K(344064K) From: 1760K(2560K)->1792K(2560K)
[48.206s][info][gc,heap        ] GC(403) ParOldGen: 41408K(699392K)->41488K(699392K)
[48.206s][info][gc,metaspace   ] GC(403) Metaspace: 73277K(73728K)->73277K(73728K) NonClass: 58353K(58560K)->58353K(58560K) Class: 14923K(15168K)->14923K(15168K)
[48.206s][info][gc             ] GC(403) Pause Young (Allocation Failure) 378M->42M(1021M) 1.073ms
[48.206s][info][gc,cpu         ] GC(403) User=0.00s Sys=0.00s Real=0.00s
[48.290s][info][gc,start       ] GC(404) Pause Young (Allocation Failure)
[48.291s][info][gc,heap        ] GC(404) PSYoungGen: 345856K(346624K)->1760K(346624K) Eden: 344064K(344064K)->0K(344064K) From: 1792K(2560K)->1760K(2560K)
[48.291s][info][gc,heap        ] GC(404) ParOldGen: 41488K(699392K)->41576K(699392K)
[48.291s][info][gc,metaspace   ] GC(404) Metaspace: 73277K(73728K)->73277K(73728K) NonClass: 58353K(58560K)->58353K(58560K) Class: 14923K(15168K)->14923K(15168K)
[48.291s][info][gc             ] GC(404) Pause Young (Allocation Failure) 378M->42M(1021M) 1.073ms
[48.291s][info][gc,cpu         ] GC(404) User=0.00s Sys=0.00s Real=0.00s
[48.375s][info][gc,start       ] GC(405) Pause Young (Allocation Failure)
[48.376s][info][gc,heap        ] GC(405) PSYoungGen: 345824K(346624K)->1888K(346624K) Eden: 344064K(344064K)->0K(344064K) From: 1760K(2560K)->1888K(2560K)
[48.376s][info][gc,heap        ] GC(405) ParOldGen: 41576K(699392K)->41688K(699392K)
[48.376s][info][gc,metaspace   ] GC(405) Metaspace: 73277K(73728K)->73277K(73728K) NonClass: 58353K(58560K)->58353K(58560K) Class: 14923K(15168K)->14923K(15168K)
[48.376s][info][gc             ] GC(405) Pause Young (Allocation Failure) 378M->42M(1021M) 1.165ms
[48.376s][info][gc,cpu         ] GC(405) User=0.00s Sys=0.00s Real=0.00s
[48.459s][info][gc,start       ] GC(406) Pause Young (Allocation Failure)
[48.460s][info][gc,heap        ] GC(406) PSYoungGen: 345951K(346624K)->1824K(346624K) Eden: 344063K(344064K)->0K(344064K) From: 1888K(2560K)->1824K(2560K)
[48.460s][info][gc,heap        ] GC(406) ParOldGen: 41688K(699392K)->41944K(699392K)
[48.460s][info][gc,metaspace   ] GC(406) Metaspace: 73277K(73728K)->73277K(73728K) NonClass: 58353K(58560K)->58353K(58560K) Class: 14923K(15168K)->14923K(15168K)
[48.460s][info][gc             ] GC(406) Pause Young (Allocation Failure) 378M->42M(1021M) 1.140ms
[48.460s][info][gc,cpu         ] GC(406) User=0.00s Sys=0.00s Real=0.00s
[48.542s][info][gc,start       ] GC(407) Pause Young (Allocation Failure)
[48.543s][info][gc,heap        ] GC(407) PSYoungGen: 345888K(346624K)->1856K(346624K) Eden: 344064K(344064K)->0K(344064K) From: 1824K(2560K)->1856K(2560K)
[48.544s][info][gc,heap        ] GC(407) ParOldGen: 41944K(699392K)->42024K(699392K)
[48.544s][info][gc,metaspace   ] GC(407) Metaspace: 73277K(73728K)->73277K(73728K) NonClass: 58353K(58560K)->58353K(58560K) Class: 14923K(15168K)->14923K(15168K)
[48.544s][info][gc             ] GC(407) Pause Young (Allocation Failure) 378M->42M(1021M) 1.081ms
[48.544s][info][gc,cpu         ] GC(407) User=0.00s Sys=0.00s Real=0.00s
[48.626s][info][gc,start       ] GC(408) Pause Young (Allocation Failure)
[48.627s][info][gc,heap        ] GC(408) PSYoungGen: 345920K(346624K)->1792K(346112K) Eden: 344064K(344064K)->0K(344064K) From: 1856K(2560K)->1792K(2048K)
[48.627s][info][gc,heap        ] GC(408) ParOldGen: 42024K(699392K)->42136K(699392K)
[48.627s][info][gc,metaspace   ] GC(408) Metaspace: 73277K(73728K)->73277K(73728K) NonClass: 58353K(58560K)->58353K(58560K) Class: 14923K(15168K)->14923K(15168K)
[48.627s][info][gc             ] GC(408) Pause Young (Allocation Failure) 378M->42M(1021M) 1.073ms
[48.627s][info][gc,cpu         ] GC(408) User=0.00s Sys=0.00s Real=0.00s
[48.710s][info][gc,start       ] GC(409) Pause Young (Allocation Failure)
[48.711s][info][gc,heap        ] GC(409) PSYoungGen: 345856K(346112K)->1760K(346112K) Eden: 344064K(344064K)->0K(344064K) From: 1792K(2048K)->1760K(2048K)
[48.711s][info][gc,heap        ] GC(409) ParOldGen: 42136K(699392K)->42200K(699392K)
[48.711s][info][gc,metaspace   ] GC(409) Metaspace: 73277K(73728K)->73277K(73728K) NonClass: 58353K(58560K)->58353K(58560K) Class: 14923K(15168K)->14923K(15168K)
[48.711s][info][gc             ] GC(409) Pause Young (Allocation Failure) 378M->42M(1021M) 1.101ms
[48.711s][info][gc,cpu         ] GC(409) User=0.00s Sys=0.00s Real=0.00s
[48.793s][info][gc,start       ] GC(410) Pause Young (Allocation Failure)
[48.794s][info][gc,heap        ] GC(410) PSYoungGen: 345824K(346112K)->1792K(346112K) Eden: 344064K(344064K)->0K(344064K) From: 1760K(2048K)->1792K(2048K)
[48.794s][info][gc,heap        ] GC(410) ParOldGen: 42200K(699392K)->42312K(699392K)
[48.794s][info][gc,metaspace   ] GC(410) Metaspace: 73277K(73728K)->73277K(73728K) NonClass: 58353K(58560K)->58353K(58560K) Class: 14923K(15168K)->14923K(15168K)
[48.794s][info][gc             ] GC(410) Pause Young (Allocation Failure) 378M->43M(1021M) 1.062ms
[48.794s][info][gc,cpu         ] GC(410) User=0.00s Sys=0.00s Real=0.00s
[48.878s][info][gc,start       ] GC(411) Pause Young (Allocation Failure)
[48.879s][info][gc,heap        ] GC(411) PSYoungGen: 345856K(346112K)->1792K(347136K) Eden: 344064K(344064K)->0K(345088K) From: 1792K(2048K)->1792K(2048K)
[48.879s][info][gc,heap        ] GC(411) ParOldGen: 42312K(699392K)->42392K(699392K)
[48.879s][info][gc,metaspace   ] GC(411) Metaspace: 73277K(73728K)->73277K(73728K) NonClass: 58353K(58560K)->58353K(58560K) Class: 14923K(15168K)->14923K(15168K)
[48.879s][info][gc             ] GC(411) Pause Young (Allocation Failure) 379M->43M(1022M) 1.081ms
[48.879s][info][gc,cpu         ] GC(411) User=0.00s Sys=0.00s Real=0.00s
[48.961s][info][gc,start       ] GC(412) Pause Young (Allocation Failure)
[48.962s][info][gc,heap        ] GC(412) PSYoungGen: 346880K(347136K)->1888K(347136K) Eden: 345088K(345088K)->0K(345088K) From: 1792K(2048K)->1888K(2048K)
[48.962s][info][gc,heap        ] GC(412) ParOldGen: 42392K(699392K)->42528K(699392K)
[48.962s][info][gc,metaspace   ] GC(412) Metaspace: 73277K(73728K)->73277K(73728K) NonClass: 58353K(58560K)->58353K(58560K) Class: 14923K(15168K)->14923K(15168K)
[48.962s][info][gc             ] GC(412) Pause Young (Allocation Failure) 380M->43M(1022M) 1.087ms
[48.962s][info][gc,cpu         ] GC(412) User=0.00s Sys=0.00s Real=0.00s
[49.045s][info][gc,start       ] GC(413) Pause Young (Allocation Failure)
[49.046s][info][gc,heap        ] GC(413) PSYoungGen: 346976K(347136K)->1792K(347136K) Eden: 345088K(345088K)->0K(345088K) From: 1888K(2048K)->1792K(2048K)
[49.046s][info][gc,heap        ] GC(413) ParOldGen: 42528K(699392K)->42640K(699392K)
[49.046s][info][gc,metaspace   ] GC(413) Metaspace: 73277K(73728K)->73277K(73728K) NonClass: 58353K(58560K)->58353K(58560K) Class: 14923K(15168K)->14923K(15168K)
[49.046s][info][gc             ] GC(413) Pause Young (Allocation Failure) 380M->43M(1022M) 1.104ms
[49.046s][info][gc,cpu         ] GC(413) User=0.00s Sys=0.00s Real=0.00s
[49.129s][info][gc,start       ] GC(414) Pause Young (Allocation Failure)
[49.130s][info][gc,heap        ] GC(414) PSYoungGen: 346880K(347136K)->1824K(347136K) Eden: 345088K(345088K)->0K(345088K) From: 1792K(2048K)->1824K(2048K)
[49.130s][info][gc,heap        ] GC(414) ParOldGen: 42640K(699392K)->42760K(699392K)
[49.130s][info][gc,metaspace   ] GC(414) Metaspace: 73277K(73728K)->73277K(73728K) NonClass: 58353K(58560K)->58353K(58560K) Class: 14923K(15168K)->14923K(15168K)
[49.130s][info][gc             ] GC(414) Pause Young (Allocation Failure) 380M->43M(1022M) 1.044ms
[49.130s][info][gc,cpu         ] GC(414) User=0.00s Sys=0.00s Real=0.00s
[49.213s][info][gc,start       ] GC(415) Pause Young (Allocation Failure)
[49.214s][info][gc,heap        ] GC(415) PSYoungGen: 346912K(347136K)->1888K(347136K) Eden: 345088K(345088K)->0K(345088K) From: 1824K(2048K)->1888K(2048K)
[49.214s][info][gc,heap        ] GC(415) ParOldGen: 42760K(699392K)->42904K(699392K)
[49.214s][info][gc,metaspace   ] GC(415) Metaspace: 73277K(73728K)->73277K(73728K) NonClass: 58354K(58560K)->58354K(58560K) Class: 14923K(15168K)->14923K(15168K)
[49.214s][info][gc             ] GC(415) Pause Young (Allocation Failure) 380M->43M(1022M) 1.109ms
[49.214s][info][gc,cpu         ] GC(415) User=0.00s Sys=0.00s Real=0.00s
[49.297s][info][gc,start       ] GC(416) Pause Young (Allocation Failure)
[49.318s][info][gc,heap        ] GC(416) PSYoungGen: 346976K(347136K)->1888K(347136K) Eden: 345088K(345088K)->0K(345088K) From: 1888K(2048K)->1888K(2048K)
[49.318s][info][gc,heap        ] GC(416) ParOldGen: 42904K(699392K)->43000K(699392K)
[49.318s][info][gc,metaspace   ] GC(416) Metaspace: 73277K(73728K)->73277K(73728K) NonClass: 58354K(58560K)->58354K(58560K) Class: 14923K(15168K)->14923K(15168K)
[49.318s][info][gc             ] GC(416) Pause Young (Allocation Failure) 380M->43M(1022M) 21.291ms
[49.318s][info][gc,cpu         ] GC(416) User=0.00s Sys=0.00s Real=0.02s
[49.406s][info][gc,start       ] GC(417) Pause Young (Allocation Failure)
[49.407s][info][gc,heap        ] GC(417) PSYoungGen: 346976K(347136K)->1856K(347136K) Eden: 345088K(345088K)->0K(345088K) From: 1888K(2048K)->1856K(2048K)
[49.407s][info][gc,heap        ] GC(417) ParOldGen: 43000K(699392K)->43136K(699392K)
[49.407s][info][gc,metaspace   ] GC(417) Metaspace: 73277K(73728K)->73277K(73728K) NonClass: 58354K(58560K)->58354K(58560K) Class: 14923K(15168K)->14923K(15168K)
[49.407s][info][gc             ] GC(417) Pause Young (Allocation Failure) 380M->43M(1022M) 1.104ms
[49.407s][info][gc,cpu         ] GC(417) User=0.00s Sys=0.00s Real=0.00s
[49.490s][info][gc,start       ] GC(418) Pause Young (Allocation Failure)
[49.491s][info][gc,heap        ] GC(418) PSYoungGen: 346944K(347136K)->1888K(347136K) Eden: 345088K(345088K)->0K(345088K) From: 1856K(2048K)->1888K(2048K)
[49.491s][info][gc,heap        ] GC(418) ParOldGen: 43136K(699392K)->43400K(699392K)
[49.491s][info][gc,metaspace   ] GC(418) Metaspace: 73277K(73728K)->73277K(73728K) NonClass: 58354K(58560K)->58354K(58560K) Class: 14923K(15168K)->14923K(15168K)
[49.491s][info][gc             ] GC(418) Pause Young (Allocation Failure) 380M->44M(1022M) 1.063ms
[49.491s][info][gc,cpu         ] GC(418) User=0.00s Sys=0.00s Real=0.00s
[49.574s][info][gc,start       ] GC(419) Pause Young (Allocation Failure)
[49.575s][info][gc,heap        ] GC(419) PSYoungGen: 346976K(347136K)->1856K(347136K) Eden: 345088K(345088K)->0K(345088K) From: 1888K(2048K)->1856K(2048K)
[49.575s][info][gc,heap        ] GC(419) ParOldGen: 43400K(699392K)->43520K(699392K)
[49.575s][info][gc,metaspace   ] GC(419) Metaspace: 73277K(73728K)->73277K(73728K) NonClass: 58354K(58560K)->58354K(58560K) Class: 14923K(15168K)->14923K(15168K)
[49.575s][info][gc             ] GC(419) Pause Young (Allocation Failure) 381M->44M(1022M) 1.071ms
[49.575s][info][gc,cpu         ] GC(419) User=0.00s Sys=0.00s Real=0.00s
[49.658s][info][gc,start       ] GC(420) Pause Young (Allocation Failure)
[49.659s][info][gc,heap        ] GC(420) PSYoungGen: 346944K(347136K)->1824K(347136K) Eden: 345088K(345088K)->0K(345088K) From: 1856K(2048K)->1824K(2048K)
[49.659s][info][gc,heap        ] GC(420) ParOldGen: 43520K(699392K)->43584K(699392K)
[49.659s][info][gc,metaspace   ] GC(420) Metaspace: 73277K(73728K)->73277K(73728K) NonClass: 58354K(58560K)->58354K(58560K) Class: 14923K(15168K)->14923K(15168K)
[49.659s][info][gc             ] GC(420) Pause Young (Allocation Failure) 381M->44M(1022M) 1.043ms
[49.659s][info][gc,cpu         ] GC(420) User=0.00s Sys=0.00s Real=0.00s
[49.743s][info][gc,start       ] GC(421) Pause Young (Allocation Failure)
[49.744s][info][gc,heap        ] GC(421) PSYoungGen: 346912K(347136K)->1888K(347136K) Eden: 345088K(345088K)->0K(345088K) From: 1824K(2048K)->1888K(2048K)
[49.744s][info][gc,heap        ] GC(421) ParOldGen: 43584K(699392K)->43664K(699392K)
[49.744s][info][gc,metaspace   ] GC(421) Metaspace: 73277K(73728K)->73277K(73728K) NonClass: 58354K(58560K)->58354K(58560K) Class: 14923K(15168K)->14923K(15168K)
[49.744s][info][gc             ] GC(421) Pause Young (Allocation Failure) 381M->44M(1022M) 1.060ms
[49.744s][info][gc,cpu         ] GC(421) User=0.00s Sys=0.00s Real=0.00s
[49.827s][info][gc,start       ] GC(422) Pause Young (Allocation Failure)
[49.828s][info][gc,heap        ] GC(422) PSYoungGen: 346976K(347136K)->1824K(347136K) Eden: 345088K(345088K)->0K(345088K) From: 1888K(2048K)->1824K(2048K)
[49.828s][info][gc,heap        ] GC(422) ParOldGen: 43664K(699392K)->43760K(699392K)
[49.828s][info][gc,metaspace   ] GC(422) Metaspace: 73277K(73728K)->73277K(73728K) NonClass: 58354K(58560K)->58354K(58560K) Class: 14923K(15168K)->14923K(15168K)
[49.828s][info][gc             ] GC(422) Pause Young (Allocation Failure) 381M->44M(1022M) 1.056ms
[49.828s][info][gc,cpu         ] GC(422) User=0.00s Sys=0.00s Real=0.00s
[49.910s][info][gc,start       ] GC(423) Pause Young (Allocation Failure)
[49.911s][info][gc,heap        ] GC(423) PSYoungGen: 346912K(347136K)->1824K(347136K) Eden: 345088K(345088K)->0K(345088K) From: 1824K(2048K)->1824K(2048K)
[49.911s][info][gc,heap        ] GC(423) ParOldGen: 43760K(699392K)->43872K(699392K)
[49.911s][info][gc,metaspace   ] GC(423) Metaspace: 73277K(73728K)->73277K(73728K) NonClass: 58354K(58560K)->58354K(58560K) Class: 14923K(15168K)->14923K(15168K)
[49.911s][info][gc             ] GC(423) Pause Young (Allocation Failure) 381M->44M(1022M) 1.079ms
[49.911s][info][gc,cpu         ] GC(423) User=0.00s Sys=0.00s Real=0.00s
[49.994s][info][gc,start       ] GC(424) Pause Young (Allocation Failure)
[49.995s][info][gc,heap        ] GC(424) PSYoungGen: 346912K(347136K)->1856K(347136K) Eden: 345088K(345088K)->0K(345088K) From: 1824K(2048K)->1856K(2048K)
[49.995s][info][gc,heap        ] GC(424) ParOldGen: 43872K(699392K)->43976K(699392K)
[49.995s][info][gc,metaspace   ] GC(424) Metaspace: 73277K(73728K)->73277K(73728K) NonClass: 58354K(58560K)->58354K(58560K) Class: 14923K(15168K)->14923K(15168K)
[49.995s][info][gc             ] GC(424) Pause Young (Allocation Failure) 381M->44M(1022M) 1.103ms
[49.995s][info][gc,cpu         ] GC(424) User=0.00s Sys=0.00s Real=0.00s
[50.078s][info][gc,start       ] GC(425) Pause Young (Allocation Failure)
[50.079s][info][gc,heap        ] GC(425) PSYoungGen: 346944K(347136K)->1824K(347136K) Eden: 345088K(345088K)->0K(345088K) From: 1856K(2048K)->1824K(2048K)
[50.079s][info][gc,heap        ] GC(425) ParOldGen: 43976K(699392K)->44096K(699392K)
[50.079s][info][gc,metaspace   ] GC(425) Metaspace: 73277K(73728K)->73277K(73728K) NonClass: 58354K(58560K)->58354K(58560K) Class: 14923K(15168K)->14923K(15168K)
[50.079s][info][gc             ] GC(425) Pause Young (Allocation Failure) 381M->44M(1022M) 1.065ms
[50.079s][info][gc,cpu         ] GC(425) User=0.00s Sys=0.00s Real=0.00s
[50.162s][info][gc,start       ] GC(426) Pause Young (Allocation Failure)
[50.163s][info][gc,heap        ] GC(426) PSYoungGen: 346912K(347136K)->1792K(347136K) Eden: 345088K(345088K)->0K(345088K) From: 1824K(2048K)->1792K(2048K)
[50.163s][info][gc,heap        ] GC(426) ParOldGen: 44096K(699392K)->44184K(699392K)
[50.163s][info][gc,metaspace   ] GC(426) Metaspace: 73277K(73728K)->73277K(73728K) NonClass: 58354K(58560K)->58354K(58560K) Class: 14923K(15168K)->14923K(15168K)
[50.163s][info][gc             ] GC(426) Pause Young (Allocation Failure) 381M->44M(1022M) 1.075ms
[50.163s][info][gc,cpu         ] GC(426) User=0.00s Sys=0.00s Real=0.00s
[50.246s][info][gc,start       ] GC(427) Pause Young (Allocation Failure)
[50.247s][info][gc,heap        ] GC(427) PSYoungGen: 346880K(347136K)->1728K(347136K) Eden: 345088K(345088K)->0K(345088K) From: 1792K(2048K)->1728K(2048K)
[50.247s][info][gc,heap        ] GC(427) ParOldGen: 44184K(699392K)->44368K(699392K)
[50.247s][info][gc,metaspace   ] GC(427) Metaspace: 73277K(73728K)->73277K(73728K) NonClass: 58354K(58560K)->58354K(58560K) Class: 14923K(15168K)->14923K(15168K)
[50.247s][info][gc             ] GC(427) Pause Young (Allocation Failure) 381M->45M(1022M) 1.089ms
[50.247s][info][gc,cpu         ] GC(427) User=0.00s Sys=0.00s Real=0.00s
[50.330s][info][gc,start       ] GC(428) Pause Young (Allocation Failure)
[50.331s][info][gc,heap        ] GC(428) PSYoungGen: 346816K(347136K)->1888K(347136K) Eden: 345088K(345088K)->0K(345088K) From: 1728K(2048K)->1888K(2048K)
[50.331s][info][gc,heap        ] GC(428) ParOldGen: 44368K(699392K)->44480K(699392K)
[50.331s][info][gc,metaspace   ] GC(428) Metaspace: 73277K(73728K)->73277K(73728K) NonClass: 58354K(58560K)->58354K(58560K) Class: 14923K(15168K)->14923K(15168K)
[50.331s][info][gc             ] GC(428) Pause Young (Allocation Failure) 382M->45M(1022M) 1.042ms
[50.331s][info][gc,cpu         ] GC(428) User=0.00s Sys=0.00s Real=0.00s
[50.414s][info][gc,start       ] GC(429) Pause Young (Allocation Failure)
[50.415s][info][gc,heap        ] GC(429) PSYoungGen: 346976K(347136K)->1792K(347136K) Eden: 345088K(345088K)->0K(345088K) From: 1888K(2048K)->1792K(2048K)
[50.415s][info][gc,heap        ] GC(429) ParOldGen: 44480K(699392K)->44760K(699392K)
[50.415s][info][gc,metaspace   ] GC(429) Metaspace: 73277K(73728K)->73277K(73728K) NonClass: 58354K(58560K)->58354K(58560K) Class: 14923K(15168K)->14923K(15168K)
[50.415s][info][gc             ] GC(429) Pause Young (Allocation Failure) 382M->45M(1022M) 1.141ms
[50.415s][info][gc,cpu         ] GC(429) User=0.00s Sys=0.00s Real=0.00s
[50.499s][info][gc,start       ] GC(430) Pause Young (Allocation Failure)
[50.500s][info][gc,heap        ] GC(430) PSYoungGen: 346880K(347136K)->1728K(347136K) Eden: 345088K(345088K)->0K(345088K) From: 1792K(2048K)->1728K(2048K)
[50.500s][info][gc,heap        ] GC(430) ParOldGen: 44760K(699392K)->44936K(699392K)
[50.500s][info][gc,metaspace   ] GC(430) Metaspace: 73277K(73728K)->73277K(73728K) NonClass: 58354K(58560K)->58354K(58560K) Class: 14923K(15168K)->14923K(15168K)
[50.500s][info][gc             ] GC(430) Pause Young (Allocation Failure) 382M->45M(1022M) 1.041ms
[50.500s][info][gc,cpu         ] GC(430) User=0.00s Sys=0.00s Real=0.00s
[50.584s][info][gc,start       ] GC(431) Pause Young (Allocation Failure)
[50.585s][info][gc,heap        ] GC(431) PSYoungGen: 346816K(347136K)->1792K(347136K) Eden: 345088K(345088K)->0K(345088K) From: 1728K(2048K)->1792K(2048K)
[50.585s][info][gc,heap        ] GC(431) ParOldGen: 44936K(699392K)->45144K(699392K)
[50.585s][info][gc,metaspace   ] GC(431) Metaspace: 73277K(73728K)->73277K(73728K) NonClass: 58354K(58560K)->58354K(58560K) Class: 14923K(15168K)->14923K(15168K)
[50.585s][info][gc             ] GC(431) Pause Young (Allocation Failure) 382M->45M(1022M) 1.060ms
[50.585s][info][gc,cpu         ] GC(431) User=0.00s Sys=0.00s Real=0.00s
[50.669s][info][gc,start       ] GC(432) Pause Young (Allocation Failure)
[50.670s][info][gc,heap        ] GC(432) PSYoungGen: 346880K(347136K)->1632K(347136K) Eden: 345088K(345088K)->0K(345088K) From: 1792K(2048K)->1632K(2048K)
[50.670s][info][gc,heap        ] GC(432) ParOldGen: 45144K(699392K)->45344K(699392K)
[50.670s][info][gc,metaspace   ] GC(432) Metaspace: 73285K(73728K)->73285K(73728K) NonClass: 58362K(58560K)->58362K(58560K) Class: 14923K(15168K)->14923K(15168K)
[50.670s][info][gc             ] GC(432) Pause Young (Allocation Failure) 382M->45M(1022M) 1.025ms
[50.670s][info][gc,cpu         ] GC(432) User=0.00s Sys=0.00s Real=0.00s
[50.761s][info][gc,start       ] GC(433) Pause Young (Allocation Failure)
[50.762s][info][gc,heap        ] GC(433) PSYoungGen: 346720K(347136K)->1664K(347136K) Eden: 345088K(345088K)->0K(345088K) From: 1632K(2048K)->1664K(2048K)
[50.762s][info][gc,heap        ] GC(433) ParOldGen: 45344K(699392K)->45664K(699392K)
[50.762s][info][gc,metaspace   ] GC(433) Metaspace: 73318K(73792K)->73318K(73792K) NonClass: 58395K(58624K)->58395K(58624K) Class: 14923K(15168K)->14923K(15168K)
[50.762s][info][gc             ] GC(433) Pause Young (Allocation Failure) 382M->46M(1022M) 0.974ms
[50.762s][info][gc,cpu         ] GC(433) User=0.00s Sys=0.00s Real=0.00s
[50.858s][info][gc,start       ] GC(434) Pause Young (Allocation Failure)
[50.859s][info][gc,heap        ] GC(434) PSYoungGen: 346752K(347136K)->1344K(336896K) Eden: 345088K(345088K)->0K(335360K) From: 1664K(2048K)->1344K(1536K)
[50.859s][info][gc,heap        ] GC(434) ParOldGen: 45664K(699392K)->45936K(699392K)
[50.859s][info][gc,metaspace   ] GC(434) Metaspace: 73321K(73792K)->73321K(73792K) NonClass: 58398K(58624K)->58398K(58624K) Class: 14923K(15168K)->14923K(15168K)
[50.859s][info][gc             ] GC(434) Pause Young (Allocation Failure) 383M->46M(1012M) 1.088ms
[50.859s][info][gc,cpu         ] GC(434) User=0.00s Sys=0.00s Real=0.00s
[50.961s][info][gc,start       ] GC(435) Pause Young (Allocation Failure)
[50.962s][info][gc,heap        ] GC(435) PSYoungGen: 336704K(336896K)->1024K(327168K) Eden: 335360K(335360K)->0K(326144K) From: 1344K(1536K)->1024K(1024K)
[50.962s][info][gc,heap        ] GC(435) ParOldGen: 45936K(699392K)->46312K(699392K)
[50.962s][info][gc,metaspace   ] GC(435) Metaspace: 73326K(73792K)->73326K(73792K) NonClass: 58402K(58624K)->58402K(58624K) Class: 14923K(15168K)->14923K(15168K)
[50.962s][info][gc             ] GC(435) Pause Young (Allocation Failure) 373M->46M(1002M) 0.993ms
[50.962s][info][gc,cpu         ] GC(435) User=0.00s Sys=0.00s Real=0.00s
[51.069s][info][gc,start       ] GC(436) Pause Young (Allocation Failure)
[51.069s][info][gc,heap        ] GC(436) PSYoungGen: 327168K(327168K)->1248K(318976K) Eden: 326144K(326144K)->0K(317440K) From: 1024K(1024K)->1248K(1536K)
[51.069s][info][gc,heap        ] GC(436) ParOldGen: 46312K(699392K)->46552K(699392K)
[51.069s][info][gc,metaspace   ] GC(436) Metaspace: 73326K(73792K)->73326K(73792K) NonClass: 58402K(58624K)->58402K(58624K) Class: 14923K(15168K)->14923K(15168K)
[51.069s][info][gc             ] GC(436) Pause Young (Allocation Failure) 364M->46M(994M) 0.976ms
[51.070s][info][gc,cpu         ] GC(436) User=0.00s Sys=0.00s Real=0.00s
[51.190s][info][gc,start       ] GC(437) Pause Young (Allocation Failure)
[51.191s][info][gc,heap        ] GC(437) PSYoungGen: 318688K(318976K)->1152K(310784K) Eden: 317440K(317440K)->0K(309248K) From: 1248K(1536K)->1152K(1536K)
[51.191s][info][gc,heap        ] GC(437) ParOldGen: 46552K(699392K)->46776K(699392K)
[51.191s][info][gc,metaspace   ] GC(437) Metaspace: 73326K(73792K)->73326K(73792K) NonClass: 58402K(58624K)->58402K(58624K) Class: 14923K(15168K)->14923K(15168K)
[51.191s][info][gc             ] GC(437) Pause Young (Allocation Failure) 356M->46M(986M) 1.073ms
[51.191s][info][gc,cpu         ] GC(437) User=0.48s Sys=0.00s Real=0.02s
[51.330s][info][gc,start       ] GC(438) Pause Young (Allocation Failure)
[51.331s][info][gc,heap        ] GC(438) PSYoungGen: 310400K(310784K)->992K(302080K) Eden: 309248K(309248K)->0K(301056K) From: 1152K(1536K)->992K(1024K)
[51.331s][info][gc,heap        ] GC(438) ParOldGen: 46776K(699392K)->47072K(699392K)
[51.331s][info][gc,metaspace   ] GC(438) Metaspace: 73326K(73792K)->73326K(73792K) NonClass: 58402K(58624K)->58402K(58624K) Class: 14923K(15168K)->14923K(15168K)
[51.331s][info][gc             ] GC(438) Pause Young (Allocation Failure) 348M->46M(978M) 0.933ms
[51.331s][info][gc,cpu         ] GC(438) User=0.00s Sys=0.00s Real=0.00s
[51.476s][info][gc,start       ] GC(439) Pause Young (Allocation Failure)
[51.476s][info][gc,heap        ] GC(439) PSYoungGen: 302048K(302080K)->864K(294400K) Eden: 301056K(301056K)->0K(293376K) From: 992K(1024K)->864K(1024K)
[51.476s][info][gc,heap        ] GC(439) ParOldGen: 47072K(699392K)->47264K(699392K)
[51.476s][info][gc,metaspace   ] GC(439) Metaspace: 73326K(73792K)->73326K(73792K) NonClass: 58402K(58624K)->58402K(58624K) Class: 14923K(15168K)->14923K(15168K)
[51.476s][info][gc             ] GC(439) Pause Young (Allocation Failure) 340M->47M(970M) 0.879ms
[51.476s][info][gc,cpu         ] GC(439) User=0.00s Sys=0.00s Real=0.00s
[51.631s][info][gc,start       ] GC(440) Pause Young (Allocation Failure)
[51.632s][info][gc,heap        ] GC(440) PSYoungGen: 294240K(294400K)->800K(286720K) Eden: 293376K(293376K)->0K(285696K) From: 864K(1024K)->800K(1024K)
[51.632s][info][gc,heap        ] GC(440) ParOldGen: 47264K(699392K)->47432K(699392K)
[51.632s][info][gc,metaspace   ] GC(440) Metaspace: 73326K(73792K)->73326K(73792K) NonClass: 58402K(58624K)->58402K(58624K) Class: 14923K(15168K)->14923K(15168K)
[51.632s][info][gc             ] GC(440) Pause Young (Allocation Failure) 333M->47M(963M) 0.691ms
[51.632s][info][gc,cpu         ] GC(440) User=0.00s Sys=0.00s Real=0.00s
[51.783s][info][gc,start       ] GC(441) Pause Young (Allocation Failure)
[51.784s][info][gc,heap        ] GC(441) PSYoungGen: 286496K(286720K)->736K(279552K) Eden: 285696K(285696K)->0K(278528K) From: 800K(1024K)->736K(1024K)
[51.784s][info][gc,heap        ] GC(441) ParOldGen: 47432K(699392K)->47432K(699392K)
[51.784s][info][gc,metaspace   ] GC(441) Metaspace: 73326K(73792K)->73326K(73792K) NonClass: 58402K(58624K)->58402K(58624K) Class: 14923K(15168K)->14923K(15168K)
[51.784s][info][gc             ] GC(441) Pause Young (Allocation Failure) 326M->47M(956M) 0.836ms
[51.784s][info][gc,cpu         ] GC(441) User=0.00s Sys=0.00s Real=0.00s
[51.932s][info][gc,start       ] GC(442) Pause Young (Allocation Failure)
[51.933s][info][gc,heap        ] GC(442) PSYoungGen: 279264K(279552K)->736K(272384K) Eden: 278528K(278528K)->0K(271360K) From: 736K(1024K)->736K(1024K)
[51.933s][info][gc,heap        ] GC(442) ParOldGen: 47432K(699392K)->47520K(699392K)
[51.933s][info][gc,metaspace   ] GC(442) Metaspace: 73326K(73792K)->73326K(73792K) NonClass: 58402K(58624K)->58402K(58624K) Class: 14923K(15168K)->14923K(15168K)
[51.933s][info][gc             ] GC(442) Pause Young (Allocation Failure) 319M->47M(949M) 0.678ms
[51.933s][info][gc,cpu         ] GC(442) User=0.00s Sys=0.00s Real=0.00s
[52.075s][info][gc,start       ] GC(443) Pause Young (Allocation Failure)
[52.076s][info][gc,heap        ] GC(443) PSYoungGen: 272096K(272384K)->736K(265728K) Eden: 271360K(271360K)->0K(264704K) From: 736K(1024K)->736K(1024K)
[52.076s][info][gc,heap        ] GC(443) ParOldGen: 47520K(699392K)->47544K(699392K)
[52.076s][info][gc,metaspace   ] GC(443) Metaspace: 73326K(73792K)->73326K(73792K) NonClass: 58402K(58624K)->58402K(58624K) Class: 14923K(15168K)->14923K(15168K)
[52.076s][info][gc             ] GC(443) Pause Young (Allocation Failure) 312M->47M(942M) 0.807ms
[52.076s][info][gc,cpu         ] GC(443) User=0.00s Sys=0.00s Real=0.00s
[52.215s][info][gc,start       ] GC(444) Pause Young (Allocation Failure)
[52.216s][info][gc,heap        ] GC(444) PSYoungGen: 265440K(265728K)->736K(259584K) Eden: 264704K(264704K)->0K(258560K) From: 736K(1024K)->736K(1024K)
[52.216s][info][gc,heap        ] GC(444) ParOldGen: 47544K(699392K)->47608K(699392K)
[52.216s][info][gc,metaspace   ] GC(444) Metaspace: 73326K(73792K)->73326K(73792K) NonClass: 58402K(58624K)->58402K(58624K) Class: 14923K(15168K)->14923K(15168K)
[52.216s][info][gc             ] GC(444) Pause Young (Allocation Failure) 305M->47M(936M) 0.689ms
[52.216s][info][gc,cpu         ] GC(444) User=0.00s Sys=0.00s Real=0.00s
[52.352s][info][gc,start       ] GC(445) Pause Young (Allocation Failure)
[52.353s][info][gc,heap        ] GC(445) PSYoungGen: 259296K(259584K)->768K(253440K) Eden: 258560K(258560K)->0K(252416K) From: 736K(1024K)->768K(1024K)
[52.353s][info][gc,heap        ] GC(445) ParOldGen: 47608K(699392K)->47688K(699392K)
[52.353s][info][gc,metaspace   ] GC(445) Metaspace: 73326K(73792K)->73326K(73792K) NonClass: 58402K(58624K)->58402K(58624K) Class: 14923K(15168K)->14923K(15168K)
[52.353s][info][gc             ] GC(445) Pause Young (Allocation Failure) 299M->47M(930M) 0.836ms
[52.353s][info][gc,cpu         ] GC(445) User=0.00s Sys=0.00s Real=0.00s
[52.521s][info][gc,start       ] GC(446) Pause Young (System.gc())
[52.522s][info][gc,heap        ] GC(446) PSYoungGen: 244532K(253440K)->1440K(253952K) Eden: 243764K(252416K)->0K(252416K) From: 768K(1024K)->1440K(1536K)
[52.522s][info][gc,heap        ] GC(446) ParOldGen: 47688K(699392K)->47792K(699392K)
[52.522s][info][gc,metaspace   ] GC(446) Metaspace: 73351K(73856K)->73351K(73856K) NonClass: 58428K(58688K)->58428K(58688K) Class: 14923K(15168K)->14923K(15168K)
[52.523s][info][gc             ] GC(446) Pause Young (System.gc()) 285M->48M(931M) 1.772ms
[52.523s][info][gc,cpu         ] GC(446) User=0.00s Sys=0.00s Real=0.00s
[52.523s][info][gc,start       ] GC(447) Pause Full (System.gc())
[52.523s][info][gc,phases,start] GC(447) Marking Phase
[52.561s][info][gc,phases      ] GC(447) Marking Phase 38.427ms
[52.561s][info][gc,phases,start] GC(447) Summary Phase
[52.561s][info][gc,phases      ] GC(447) Summary Phase 0.024ms
[52.561s][info][gc,phases,start] GC(447) Adjust Roots
[52.580s][info][gc,phases      ] GC(447) Adjust Roots 18.546ms
[52.580s][info][gc,phases,start] GC(447) Compaction Phase
[52.589s][info][gc,phases      ] GC(447) Compaction Phase 9.623ms
[52.590s][info][gc,phases,start] GC(447) Post Compact
[52.590s][info][gc,phases      ] GC(447) Post Compact 0.617ms
[52.590s][info][gc,heap        ] GC(447) PSYoungGen: 1440K(253952K)->0K(253952K) Eden: 0K(252416K)->0K(252416K) From: 1440K(1536K)->0K(1536K)
[52.590s][info][gc,heap        ] GC(447) ParOldGen: 47792K(699392K)->35413K(699392K)
[52.590s][info][gc,metaspace   ] GC(447) Metaspace: 73351K(73856K)->73351K(73856K) NonClass: 58428K(58688K)->58428K(58688K) Class: 14923K(15168K)->14923K(15168K)
[52.590s][info][gc             ] GC(447) Pause Full (System.gc()) 48M->34M(931M) 67.614ms
[52.590s][info][gc,cpu         ] GC(447) User=0.98s Sys=0.03s Real=0.06s
[52.685s][info][gc,start       ] GC(448) Pause Young (Allocation Failure)
[52.687s][info][gc,heap        ] GC(448) PSYoungGen: 252416K(253952K)->2560K(248832K) Eden: 252416K(252416K)->0K(246272K) From: 0K(1536K)->2560K(2560K)
[52.687s][info][gc,heap        ] GC(448) ParOldGen: 35413K(699392K)->36413K(699392K)
[52.687s][info][gc,metaspace   ] GC(448) Metaspace: 73441K(73920K)->73441K(73920K) NonClass: 58517K(58752K)->58517K(58752K) Class: 14923K(15168K)->14923K(15168K)
[52.687s][info][gc             ] GC(448) Pause Young (Allocation Failure) 281M->38M(926M) 1.702ms
[52.687s][info][gc,cpu         ] GC(448) User=0.00s Sys=0.00s Real=0.00s
[52.746s][info][gc,start       ] GC(449) Pause Young (Allocation Failure)
[52.748s][info][gc,heap        ] GC(449) PSYoungGen: 248832K(248832K)->1888K(242688K) Eden: 246272K(246272K)->0K(240640K) From: 2560K(2560K)->1888K(2048K)
[52.748s][info][gc,heap        ] GC(449) ParOldGen: 36413K(699392K)->38197K(699392K)
[52.748s][info][gc,metaspace   ] GC(449) Metaspace: 73441K(73920K)->73441K(73920K) NonClass: 58517K(58752K)->58517K(58752K) Class: 14923K(15168K)->14923K(15168K)
[52.748s][info][gc             ] GC(449) Pause Young (Allocation Failure) 278M->39M(920M) 1.929ms
[52.748s][info][gc,cpu         ] GC(449) User=0.00s Sys=0.00s Real=0.00s
[52.806s][info][gc,start       ] GC(450) Pause Young (Allocation Failure)
[52.807s][info][gc,heap        ] GC(450) PSYoungGen: 242528K(242688K)->1792K(290816K) Eden: 240640K(240640K)->0K(288768K) From: 1888K(2048K)->1792K(2048K)
[52.807s][info][gc,heap        ] GC(450) ParOldGen: 38197K(699392K)->38389K(699392K)
[52.807s][info][gc,metaspace   ] GC(450) Metaspace: 73441K(73920K)->73441K(73920K) NonClass: 58517K(58752K)->58517K(58752K) Class: 14923K(15168K)->14923K(15168K)
[52.807s][info][gc             ] GC(450) Pause Young (Allocation Failure) 274M->39M(967M) 1.188ms
[52.807s][info][gc,cpu         ] GC(450) User=0.00s Sys=0.00s Real=0.00s
[52.877s][info][gc,start       ] GC(451) Pause Young (Allocation Failure)
[52.878s][info][gc,heap        ] GC(451) PSYoungGen: 290560K(290816K)->1920K(331776K) Eden: 288768K(288768K)->0K(328704K) From: 1792K(2048K)->1920K(3072K)
[52.878s][info][gc,heap        ] GC(451) ParOldGen: 38389K(699392K)->38445K(699392K)
[52.878s][info][gc,metaspace   ] GC(451) Metaspace: 73441K(73920K)->73441K(73920K) NonClass: 58517K(58752K)->58517K(58752K) Class: 14923K(15168K)->14923K(15168K)
[52.878s][info][gc             ] GC(451) Pause Young (Allocation Failure) 321M->39M(1007M) 1.078ms
[52.878s][info][gc,cpu         ] GC(451) User=0.00s Sys=0.00s Real=0.00s
[52.957s][info][gc,start       ] GC(452) Pause Young (Allocation Failure)
[52.958s][info][gc,heap        ] GC(452) PSYoungGen: 330624K(331776K)->1856K(346112K) Eden: 328704K(328704K)->0K(343040K) From: 1920K(3072K)->1856K(3072K)
[52.958s][info][gc,heap        ] GC(452) ParOldGen: 38445K(699392K)->38493K(699392K)
[52.958s][info][gc,metaspace   ] GC(452) Metaspace: 73441K(73920K)->73441K(73920K) NonClass: 58517K(58752K)->58517K(58752K) Class: 14923K(15168K)->14923K(15168K)
[52.958s][info][gc             ] GC(452) Pause Young (Allocation Failure) 360M->39M(1021M) 1.526ms
[52.958s][info][gc,cpu         ] GC(452) User=0.00s Sys=0.00s Real=0.00s
[53.042s][info][gc,start       ] GC(453) Pause Young (Allocation Failure)
[53.043s][info][gc,heap        ] GC(453) PSYoungGen: 344896K(346112K)->2016K(346112K) Eden: 343040K(343040K)->0K(343040K) From: 1856K(3072K)->2016K(3072K)
[53.043s][info][gc,heap        ] GC(453) ParOldGen: 38493K(699392K)->38525K(699392K)
[53.043s][info][gc,metaspace   ] GC(453) Metaspace: 73441K(73920K)->73441K(73920K) NonClass: 58517K(58752K)->58517K(58752K) Class: 14923K(15168K)->14923K(15168K)
[53.043s][info][gc             ] GC(453) Pause Young (Allocation Failure) 374M->39M(1021M) 1.491ms
[53.043s][info][gc,cpu         ] GC(453) User=0.00s Sys=0.00s Real=0.00s
[53.126s][info][gc,start       ] GC(454) Pause Young (Allocation Failure)
[53.127s][info][gc,heap        ] GC(454) PSYoungGen: 345056K(346112K)->1824K(346112K) Eden: 343040K(343040K)->0K(343040K) From: 2016K(3072K)->1824K(3072K)
[53.127s][info][gc,heap        ] GC(454) ParOldGen: 38525K(699392K)->38637K(699392K)
[53.127s][info][gc,metaspace   ] GC(454) Metaspace: 73441K(73920K)->73441K(73920K) NonClass: 58517K(58752K)->58517K(58752K) Class: 14923K(15168K)->14923K(15168K)
[53.127s][info][gc             ] GC(454) Pause Young (Allocation Failure) 374M->39M(1021M) 1.056ms
[53.127s][info][gc,cpu         ] GC(454) User=0.00s Sys=0.00s Real=0.00s
[53.209s][info][gc,start       ] GC(455) Pause Young (Allocation Failure)
[53.210s][info][gc,heap        ] GC(455) PSYoungGen: 344864K(346112K)->1792K(346112K) Eden: 343040K(343040K)->0K(343040K) From: 1824K(3072K)->1792K(3072K)
[53.210s][info][gc,heap        ] GC(455) ParOldGen: 38637K(699392K)->38781K(699392K)
[53.210s][info][gc,metaspace   ] GC(455) Metaspace: 73441K(73920K)->73441K(73920K) NonClass: 58517K(58752K)->58517K(58752K) Class: 14923K(15168K)->14923K(15168K)
[53.210s][info][gc             ] GC(455) Pause Young (Allocation Failure) 374M->39M(1021M) 1.174ms
[53.211s][info][gc,cpu         ] GC(455) User=0.00s Sys=0.00s Real=0.00s
[53.293s][info][gc,start       ] GC(456) Pause Young (Allocation Failure)
[53.294s][info][gc,heap        ] GC(456) PSYoungGen: 344832K(346112K)->1792K(346112K) Eden: 343040K(343040K)->0K(343040K) From: 1792K(3072K)->1792K(3072K)
[53.294s][info][gc,heap        ] GC(456) ParOldGen: 38781K(699392K)->38909K(699392K)
[53.294s][info][gc,metaspace   ] GC(456) Metaspace: 73441K(73920K)->73441K(73920K) NonClass: 58517K(58752K)->58517K(58752K) Class: 14923K(15168K)->14923K(15168K)
[53.294s][info][gc             ] GC(456) Pause Young (Allocation Failure) 374M->39M(1021M) 1.078ms
[53.294s][info][gc,cpu         ] GC(456) User=0.00s Sys=0.00s Real=0.00s
[53.376s][info][gc,start       ] GC(457) Pause Young (Allocation Failure)
[53.377s][info][gc,heap        ] GC(457) PSYoungGen: 344832K(346112K)->1888K(346112K) Eden: 343040K(343040K)->0K(343040K) From: 1792K(3072K)->1888K(3072K)
[53.378s][info][gc,heap        ] GC(457) ParOldGen: 38909K(699392K)->38965K(699392K)
[53.378s][info][gc,metaspace   ] GC(457) Metaspace: 73441K(73920K)->73441K(73920K) NonClass: 58517K(58752K)->58517K(58752K) Class: 14923K(15168K)->14923K(15168K)
[53.378s][info][gc             ] GC(457) Pause Young (Allocation Failure) 374M->39M(1021M) 1.087ms
[53.378s][info][gc,cpu         ] GC(457) User=0.00s Sys=0.00s Real=0.00s
[53.461s][info][gc,start       ] GC(458) Pause Young (Allocation Failure)
[53.462s][info][gc,heap        ] GC(458) PSYoungGen: 344928K(346112K)->1952K(346112K) Eden: 343040K(343040K)->0K(343040K) From: 1888K(3072K)->1952K(3072K)
[53.462s][info][gc,heap        ] GC(458) ParOldGen: 38965K(699392K)->39229K(699392K)
[53.462s][info][gc,metaspace   ] GC(458) Metaspace: 73441K(73920K)->73441K(73920K) NonClass: 58517K(58752K)->58517K(58752K) Class: 14923K(15168K)->14923K(15168K)
[53.462s][info][gc             ] GC(458) Pause Young (Allocation Failure) 374M->40M(1021M) 1.164ms
[53.462s][info][gc,cpu         ] GC(458) User=0.00s Sys=0.00s Real=0.00s
[53.544s][info][gc,start       ] GC(459) Pause Young (Allocation Failure)
[53.545s][info][gc,heap        ] GC(459) PSYoungGen: 344992K(346112K)->1888K(346112K) Eden: 343040K(343040K)->0K(343040K) From: 1952K(3072K)->1888K(3072K)
[53.545s][info][gc,heap        ] GC(459) ParOldGen: 39229K(699392K)->39325K(699392K)
[53.545s][info][gc,metaspace   ] GC(459) Metaspace: 73441K(73920K)->73441K(73920K) NonClass: 58517K(58752K)->58517K(58752K) Class: 14923K(15168K)->14923K(15168K)
[53.545s][info][gc             ] GC(459) Pause Young (Allocation Failure) 375M->40M(1021M) 1.117ms
[53.545s][info][gc,cpu         ] GC(459) User=0.00s Sys=0.00s Real=0.00s
[53.628s][info][gc,start       ] GC(460) Pause Young (Allocation Failure)
[53.629s][info][gc,heap        ] GC(460) PSYoungGen: 344928K(346112K)->1856K(346112K) Eden: 343040K(343040K)->0K(343040K) From: 1888K(3072K)->1856K(3072K)
[53.629s][info][gc,heap        ] GC(460) ParOldGen: 39325K(699392K)->39453K(699392K)
[53.629s][info][gc,metaspace   ] GC(460) Metaspace: 73441K(73920K)->73441K(73920K) NonClass: 58517K(58752K)->58517K(58752K) Class: 14923K(15168K)->14923K(15168K)
[53.629s][info][gc             ] GC(460) Pause Young (Allocation Failure) 375M->40M(1021M) 1.115ms
[53.629s][info][gc,cpu         ] GC(460) User=0.52s Sys=0.00s Real=0.00s
[53.712s][info][gc,start       ] GC(461) Pause Young (Allocation Failure)
[53.713s][info][gc,heap        ] GC(461) PSYoungGen: 344896K(346112K)->1888K(346112K) Eden: 343040K(343040K)->0K(343040K) From: 1856K(3072K)->1888K(3072K)
[53.713s][info][gc,heap        ] GC(461) ParOldGen: 39453K(699392K)->39565K(699392K)
[53.713s][info][gc,metaspace   ] GC(461) Metaspace: 73441K(73920K)->73441K(73920K) NonClass: 58517K(58752K)->58517K(58752K) Class: 14923K(15168K)->14923K(15168K)
[53.713s][info][gc             ] GC(461) Pause Young (Allocation Failure) 375M->40M(1021M) 1.069ms
[53.713s][info][gc,cpu         ] GC(461) User=0.00s Sys=0.00s Real=0.00s
[53.795s][info][gc,start       ] GC(462) Pause Young (Allocation Failure)
[53.796s][info][gc,heap        ] GC(462) PSYoungGen: 344928K(346112K)->1856K(346112K) Eden: 343040K(343040K)->0K(343040K) From: 1888K(3072K)->1856K(3072K)
[53.796s][info][gc,heap        ] GC(462) ParOldGen: 39565K(699392K)->39645K(699392K)
[53.796s][info][gc,metaspace   ] GC(462) Metaspace: 73441K(73920K)->73441K(73920K) NonClass: 58517K(58752K)->58517K(58752K) Class: 14923K(15168K)->14923K(15168K)
[53.796s][info][gc             ] GC(462) Pause Young (Allocation Failure) 375M->40M(1021M) 1.186ms
[53.797s][info][gc,cpu         ] GC(462) User=0.00s Sys=0.00s Real=0.00s
[53.880s][info][gc,start       ] GC(463) Pause Young (Allocation Failure)
[53.881s][info][gc,heap        ] GC(463) PSYoungGen: 344896K(346112K)->1920K(345088K) Eden: 343040K(343040K)->0K(343040K) From: 1856K(3072K)->1920K(2048K)
[53.881s][info][gc,heap        ] GC(463) ParOldGen: 39645K(699392K)->39725K(699392K)
[53.881s][info][gc,metaspace   ] GC(463) Metaspace: 73441K(73920K)->73441K(73920K) NonClass: 58517K(58752K)->58517K(58752K) Class: 14923K(15168K)->14923K(15168K)
[53.881s][info][gc             ] GC(463) Pause Young (Allocation Failure) 375M->40M(1020M) 1.128ms
[53.881s][info][gc,cpu         ] GC(463) User=0.00s Sys=0.00s Real=0.00s
[53.963s][info][gc,start       ] GC(464) Pause Young (Allocation Failure)
[53.964s][info][gc,heap        ] GC(464) PSYoungGen: 344960K(345088K)->1920K(345600K) Eden: 343040K(343040K)->0K(343040K) From: 1920K(2048K)->1920K(2560K)
[53.964s][info][gc,heap        ] GC(464) ParOldGen: 39725K(699392K)->39805K(699392K)
[53.964s][info][gc,metaspace   ] GC(464) Metaspace: 73441K(73920K)->73441K(73920K) NonClass: 58517K(58752K)->58517K(58752K) Class: 14923K(15168K)->14923K(15168K)
[53.964s][info][gc             ] GC(464) Pause Young (Allocation Failure) 375M->40M(1020M) 1.156ms
[53.964s][info][gc,cpu         ] GC(464) User=0.00s Sys=0.00s Real=0.00s
[54.047s][info][gc,start       ] GC(465) Pause Young (Allocation Failure)
[54.048s][info][gc,heap        ] GC(465) PSYoungGen: 344960K(345600K)->1856K(345600K) Eden: 343040K(343040K)->0K(343040K) From: 1920K(2560K)->1856K(2560K)
[54.048s][info][gc,heap        ] GC(465) ParOldGen: 39805K(699392K)->39917K(699392K)
[54.048s][info][gc,metaspace   ] GC(465) Metaspace: 73441K(73920K)->73441K(73920K) NonClass: 58517K(58752K)->58517K(58752K) Class: 14923K(15168K)->14923K(15168K)
[54.048s][info][gc             ] GC(465) Pause Young (Allocation Failure) 375M->40M(1020M) 1.081ms
[54.048s][info][gc,cpu         ] GC(465) User=0.00s Sys=0.00s Real=0.00s
[54.130s][info][gc,start       ] GC(466) Pause Young (Allocation Failure)
[54.132s][info][gc,heap        ] GC(466) PSYoungGen: 344896K(345600K)->1920K(346624K) Eden: 343040K(343040K)->0K(344064K) From: 1856K(2560K)->1920K(2560K)
[54.132s][info][gc,heap        ] GC(466) ParOldGen: 39917K(699392K)->40045K(699392K)
[54.132s][info][gc,metaspace   ] GC(466) Metaspace: 73441K(73920K)->73441K(73920K) NonClass: 58517K(58752K)->58517K(58752K) Class: 14923K(15168K)->14923K(15168K)
[54.132s][info][gc             ] GC(466) Pause Young (Allocation Failure) 375M->40M(1021M) 1.165ms
[54.132s][info][gc,cpu         ] GC(466) User=0.00s Sys=0.00s Real=0.00s
[54.214s][info][gc,start       ] GC(467) Pause Young (Allocation Failure)
[54.216s][info][gc,heap        ] GC(467) PSYoungGen: 345984K(346624K)->1856K(346624K) Eden: 344064K(344064K)->0K(344064K) From: 1920K(2560K)->1856K(2560K)
[54.216s][info][gc,heap        ] GC(467) ParOldGen: 40045K(699392K)->40157K(699392K)
[54.216s][info][gc,metaspace   ] GC(467) Metaspace: 73441K(73920K)->73441K(73920K) NonClass: 58517K(58752K)->58517K(58752K) Class: 14923K(15168K)->14923K(15168K)
[54.216s][info][gc             ] GC(467) Pause Young (Allocation Failure) 376M->41M(1021M) 1.156ms
[54.216s][info][gc,cpu         ] GC(467) User=0.00s Sys=0.00s Real=0.00s
[54.299s][info][gc,start       ] GC(468) Pause Young (Allocation Failure)
[54.300s][info][gc,heap        ] GC(468) PSYoungGen: 345920K(346624K)->1792K(346624K) Eden: 344064K(344064K)->0K(344064K) From: 1856K(2560K)->1792K(2560K)
[54.300s][info][gc,heap        ] GC(468) ParOldGen: 40157K(699392K)->40269K(699392K)
[54.300s][info][gc,metaspace   ] GC(468) Metaspace: 73441K(73920K)->73441K(73920K) NonClass: 58517K(58752K)->58517K(58752K) Class: 14923K(15168K)->14923K(15168K)
[54.300s][info][gc             ] GC(468) Pause Young (Allocation Failure) 377M->41M(1021M) 1.145ms
[54.300s][info][gc,cpu         ] GC(468) User=0.00s Sys=0.00s Real=0.00s
[54.383s][info][gc,start       ] GC(469) Pause Young (Allocation Failure)
[54.384s][info][gc,heap        ] GC(469) PSYoungGen: 345856K(346624K)->1856K(346624K) Eden: 344064K(344064K)->0K(344064K) From: 1792K(2560K)->1856K(2560K)
[54.384s][info][gc,heap        ] GC(469) ParOldGen: 40269K(699392K)->40397K(699392K)
[54.384s][info][gc,metaspace   ] GC(469) Metaspace: 73441K(73920K)->73441K(73920K) NonClass: 58517K(58752K)->58517K(58752K) Class: 14923K(15168K)->14923K(15168K)
[54.384s][info][gc             ] GC(469) Pause Young (Allocation Failure) 377M->41M(1021M) 1.133ms
[54.384s][info][gc,cpu         ] GC(469) User=0.00s Sys=0.00s Real=0.00s
[54.467s][info][gc,start       ] GC(470) Pause Young (Allocation Failure)
[54.468s][info][gc,heap        ] GC(470) PSYoungGen: 345920K(346624K)->1888K(346624K) Eden: 344064K(344064K)->0K(344064K) From: 1856K(2560K)->1888K(2560K)
[54.468s][info][gc,heap        ] GC(470) ParOldGen: 40397K(699392K)->40661K(699392K)
[54.468s][info][gc,metaspace   ] GC(470) Metaspace: 73441K(73920K)->73441K(73920K) NonClass: 58517K(58752K)->58517K(58752K) Class: 14923K(15168K)->14923K(15168K)
[54.468s][info][gc             ] GC(470) Pause Young (Allocation Failure) 377M->41M(1021M) 1.189ms
[54.468s][info][gc,cpu         ] GC(470) User=0.00s Sys=0.00s Real=0.00s
[54.551s][info][gc,start       ] GC(471) Pause Young (Allocation Failure)
[54.552s][info][gc,heap        ] GC(471) PSYoungGen: 345952K(346624K)->1920K(346624K) Eden: 344064K(344064K)->0K(344064K) From: 1888K(2560K)->1920K(2560K)
[54.552s][info][gc,heap        ] GC(471) ParOldGen: 40661K(699392K)->40765K(699392K)
[54.552s][info][gc,metaspace   ] GC(471) Metaspace: 73441K(73920K)->73441K(73920K) NonClass: 58517K(58752K)->58517K(58752K) Class: 14923K(15168K)->14923K(15168K)
[54.552s][info][gc             ] GC(471) Pause Young (Allocation Failure) 377M->41M(1021M) 1.118ms
[54.552s][info][gc,cpu         ] GC(471) User=0.00s Sys=0.00s Real=0.00s
[54.635s][info][gc,start       ] GC(472) Pause Young (Allocation Failure)
[54.636s][info][gc,heap        ] GC(472) PSYoungGen: 345984K(346624K)->1920K(346624K) Eden: 344064K(344064K)->0K(344064K) From: 1920K(2560K)->1920K(2560K)
[54.636s][info][gc,heap        ] GC(472) ParOldGen: 40765K(699392K)->40885K(699392K)
[54.636s][info][gc,metaspace   ] GC(472) Metaspace: 73441K(73920K)->73441K(73920K) NonClass: 58517K(58752K)->58517K(58752K) Class: 14923K(15168K)->14923K(15168K)
[54.636s][info][gc             ] GC(472) Pause Young (Allocation Failure) 377M->41M(1021M) 1.089ms
[54.636s][info][gc,cpu         ] GC(472) User=0.00s Sys=0.00s Real=0.00s
[54.719s][info][gc,start       ] GC(473) Pause Young (Allocation Failure)
[54.720s][info][gc,heap        ] GC(473) PSYoungGen: 345984K(346624K)->1888K(346624K) Eden: 344064K(344064K)->0K(344064K) From: 1920K(2560K)->1888K(2560K)
[54.720s][info][gc,heap        ] GC(473) ParOldGen: 40885K(699392K)->40941K(699392K)
[54.720s][info][gc,metaspace   ] GC(473) Metaspace: 73441K(73920K)->73441K(73920K) NonClass: 58517K(58752K)->58517K(58752K) Class: 14923K(15168K)->14923K(15168K)
[54.720s][info][gc             ] GC(473) Pause Young (Allocation Failure) 377M->41M(1021M) 1.153ms
[54.720s][info][gc,cpu         ] GC(473) User=0.00s Sys=0.00s Real=0.00s
[54.803s][info][gc,start       ] GC(474) Pause Young (Allocation Failure)
[54.812s][info][gc,heap        ] GC(474) PSYoungGen: 345952K(346624K)->1856K(346624K) Eden: 344064K(344064K)->0K(344064K) From: 1888K(2560K)->1856K(2560K)
[54.812s][info][gc,heap        ] GC(474) ParOldGen: 40941K(699392K)->41061K(699392K)
[54.812s][info][gc,metaspace   ] GC(474) Metaspace: 73441K(73920K)->73441K(73920K) NonClass: 58517K(58752K)->58517K(58752K) Class: 14923K(15168K)->14923K(15168K)
[54.812s][info][gc             ] GC(474) Pause Young (Allocation Failure) 377M->41M(1021M) 8.870ms
[54.812s][info][gc,cpu         ] GC(474) User=0.00s Sys=0.00s Real=0.00s
[54.895s][info][gc,start       ] GC(475) Pause Young (Allocation Failure)
[54.897s][info][gc,heap        ] GC(475) PSYoungGen: 345920K(346624K)->1856K(346624K) Eden: 344064K(344064K)->0K(344064K) From: 1856K(2560K)->1856K(2560K)
[54.897s][info][gc,heap        ] GC(475) ParOldGen: 41061K(699392K)->41141K(699392K)
[54.897s][info][gc,metaspace   ] GC(475) Metaspace: 73441K(73920K)->73441K(73920K) NonClass: 58517K(58752K)->58517K(58752K) Class: 14923K(15168K)->14923K(15168K)
[54.897s][info][gc             ] GC(475) Pause Young (Allocation Failure) 377M->41M(1021M) 1.118ms
[54.897s][info][gc,cpu         ] GC(475) User=0.00s Sys=0.00s Real=0.00s
[54.979s][info][gc,start       ] GC(476) Pause Young (Allocation Failure)
[54.980s][info][gc,heap        ] GC(476) PSYoungGen: 345920K(346624K)->1824K(346624K) Eden: 344064K(344064K)->0K(344064K) From: 1856K(2560K)->1824K(2560K)
[54.980s][info][gc,heap        ] GC(476) ParOldGen: 41141K(699392K)->41285K(699392K)
[54.980s][info][gc,metaspace   ] GC(476) Metaspace: 73441K(73920K)->73441K(73920K) NonClass: 58517K(58752K)->58517K(58752K) Class: 14923K(15168K)->14923K(15168K)
[54.980s][info][gc             ] GC(476) Pause Young (Allocation Failure) 377M->42M(1021M) 1.143ms
[54.980s][info][gc,cpu         ] GC(476) User=0.00s Sys=0.00s Real=0.00s
[55.063s][info][gc,start       ] GC(477) Pause Young (Allocation Failure)
[55.064s][info][gc,heap        ] GC(477) PSYoungGen: 345888K(346624K)->1824K(346624K) Eden: 344064K(344064K)->0K(344064K) From: 1824K(2560K)->1824K(2560K)
[55.064s][info][gc,heap        ] GC(477) ParOldGen: 41285K(699392K)->41381K(699392K)
[55.064s][info][gc,metaspace   ] GC(477) Metaspace: 73441K(73920K)->73441K(73920K) NonClass: 58517K(58752K)->58517K(58752K) Class: 14923K(15168K)->14923K(15168K)
[55.064s][info][gc             ] GC(477) Pause Young (Allocation Failure) 378M->42M(1021M) 1.141ms
[55.064s][info][gc,cpu         ] GC(477) User=0.00s Sys=0.00s Real=0.00s
[55.147s][info][gc,start       ] GC(478) Pause Young (Allocation Failure)
[55.148s][info][gc,heap        ] GC(478) PSYoungGen: 345888K(346624K)->1888K(346624K) Eden: 344064K(344064K)->0K(344064K) From: 1824K(2560K)->1888K(2560K)
[55.148s][info][gc,heap        ] GC(478) ParOldGen: 41381K(699392K)->41517K(699392K)
[55.148s][info][gc,metaspace   ] GC(478) Metaspace: 73441K(73920K)->73441K(73920K) NonClass: 58517K(58752K)->58517K(58752K) Class: 14923K(15168K)->14923K(15168K)
[55.148s][info][gc             ] GC(478) Pause Young (Allocation Failure) 378M->42M(1021M) 1.130ms
[55.148s][info][gc,cpu         ] GC(478) User=0.00s Sys=0.00s Real=0.00s
[55.231s][info][gc,start       ] GC(479) Pause Young (Allocation Failure)
[55.232s][info][gc,heap        ] GC(479) PSYoungGen: 345952K(346624K)->1824K(346624K) Eden: 344064K(344064K)->0K(344064K) From: 1888K(2560K)->1824K(2560K)
[55.232s][info][gc,heap        ] GC(479) ParOldGen: 41517K(699392K)->41621K(699392K)
[55.232s][info][gc,metaspace   ] GC(479) Metaspace: 73441K(73920K)->73441K(73920K) NonClass: 58517K(58752K)->58517K(58752K) Class: 14923K(15168K)->14923K(15168K)
[55.232s][info][gc             ] GC(479) Pause Young (Allocation Failure) 378M->42M(1021M) 1.150ms
[55.232s][info][gc,cpu         ] GC(479) User=0.00s Sys=0.00s Real=0.00s
[55.315s][info][gc,start       ] GC(480) Pause Young (Allocation Failure)
[55.316s][info][gc,heap        ] GC(480) PSYoungGen: 345888K(346624K)->1856K(346624K) Eden: 344064K(344064K)->0K(344064K) From: 1824K(2560K)->1856K(2560K)
[55.316s][info][gc,heap        ] GC(480) ParOldGen: 41621K(699392K)->41693K(699392K)
[55.316s][info][gc,metaspace   ] GC(480) Metaspace: 73441K(73920K)->73441K(73920K) NonClass: 58517K(58752K)->58517K(58752K) Class: 14923K(15168K)->14923K(15168K)
[55.316s][info][gc             ] GC(480) Pause Young (Allocation Failure) 378M->42M(1021M) 1.157ms
[55.316s][info][gc,cpu         ] GC(480) User=0.00s Sys=0.00s Real=0.00s
[55.399s][info][gc,start       ] GC(481) Pause Young (Allocation Failure)
[55.400s][info][gc,heap        ] GC(481) PSYoungGen: 345920K(346624K)->1792K(346624K) Eden: 344064K(344064K)->0K(344064K) From: 1856K(2560K)->1792K(2560K)
[55.400s][info][gc,heap        ] GC(481) ParOldGen: 41693K(699392K)->41949K(699392K)
[55.400s][info][gc,metaspace   ] GC(481) Metaspace: 73441K(73920K)->73441K(73920K) NonClass: 58517K(58752K)->58517K(58752K) Class: 14923K(15168K)->14923K(15168K)
[55.400s][info][gc             ] GC(481) Pause Young (Allocation Failure) 378M->42M(1021M) 1.159ms
[55.400s][info][gc,cpu         ] GC(481) User=0.00s Sys=0.00s Real=0.00s
[55.483s][info][gc,start       ] GC(482) Pause Young (Allocation Failure)
[55.484s][info][gc,heap        ] GC(482) PSYoungGen: 345856K(346624K)->1920K(346624K) Eden: 344064K(344064K)->0K(344064K) From: 1792K(2560K)->1920K(2560K)
[55.484s][info][gc,heap        ] GC(482) ParOldGen: 41949K(699392K)->42085K(699392K)
[55.484s][info][gc,metaspace   ] GC(482) Metaspace: 73441K(73920K)->73441K(73920K) NonClass: 58517K(58752K)->58517K(58752K) Class: 14923K(15168K)->14923K(15168K)
[55.484s][info][gc             ] GC(482) Pause Young (Allocation Failure) 378M->42M(1021M) 1.093ms
[55.484s][info][gc,cpu         ] GC(482) User=0.00s Sys=0.00s Real=0.00s
[55.567s][info][gc,start       ] GC(483) Pause Young (Allocation Failure)
[55.568s][info][gc,heap        ] GC(483) PSYoungGen: 345984K(346624K)->1824K(346112K) Eden: 344064K(344064K)->0K(344064K) From: 1920K(2560K)->1824K(2048K)
[55.568s][info][gc,heap        ] GC(483) ParOldGen: 42085K(699392K)->42197K(699392K)
[55.568s][info][gc,metaspace   ] GC(483) Metaspace: 73441K(73920K)->73441K(73920K) NonClass: 58517K(58752K)->58517K(58752K) Class: 14923K(15168K)->14923K(15168K)
[55.568s][info][gc             ] GC(483) Pause Young (Allocation Failure) 378M->42M(1021M) 1.186ms
[55.568s][info][gc,cpu         ] GC(483) User=0.00s Sys=0.00s Real=0.00s
[55.651s][info][gc,start       ] GC(484) Pause Young (Allocation Failure)
[55.652s][info][gc,heap        ] GC(484) PSYoungGen: 345888K(346112K)->1824K(346112K) Eden: 344064K(344064K)->0K(344064K) From: 1824K(2048K)->1824K(2048K)
[55.652s][info][gc,heap        ] GC(484) ParOldGen: 42197K(699392K)->42325K(699392K)
[55.652s][info][gc,metaspace   ] GC(484) Metaspace: 73441K(73920K)->73441K(73920K) NonClass: 58517K(58752K)->58517K(58752K) Class: 14923K(15168K)->14923K(15168K)
[55.652s][info][gc             ] GC(484) Pause Young (Allocation Failure) 378M->43M(1021M) 1.107ms
[55.652s][info][gc,cpu         ] GC(484) User=0.00s Sys=0.00s Real=0.00s
[55.734s][info][gc,start       ] GC(485) Pause Young (Allocation Failure)
[55.736s][info][gc,heap        ] GC(485) PSYoungGen: 345888K(346112K)->1760K(346112K) Eden: 344064K(344064K)->0K(344064K) From: 1824K(2048K)->1760K(2048K)
[55.736s][info][gc,heap        ] GC(485) ParOldGen: 42325K(699392K)->42421K(699392K)
[55.736s][info][gc,metaspace   ] GC(485) Metaspace: 73441K(73920K)->73441K(73920K) NonClass: 58517K(58752K)->58517K(58752K) Class: 14923K(15168K)->14923K(15168K)
[55.736s][info][gc             ] GC(485) Pause Young (Allocation Failure) 379M->43M(1021M) 1.118ms
[55.736s][info][gc,cpu         ] GC(485) User=0.00s Sys=0.00s Real=0.00s
[55.820s][info][gc,start       ] GC(486) Pause Young (Allocation Failure)
[55.821s][info][gc,heap        ] GC(486) PSYoungGen: 345824K(346112K)->1888K(347136K) Eden: 344064K(344064K)->0K(345088K) From: 1760K(2048K)->1888K(2048K)
[55.821s][info][gc,heap        ] GC(486) ParOldGen: 42421K(699392K)->42541K(699392K)
[55.821s][info][gc,metaspace   ] GC(486) Metaspace: 73441K(73920K)->73441K(73920K) NonClass: 58517K(58752K)->58517K(58752K) Class: 14923K(15168K)->14923K(15168K)
[55.821s][info][gc             ] GC(486) Pause Young (Allocation Failure) 379M->43M(1022M) 1.173ms
[55.821s][info][gc,cpu         ] GC(486) User=0.00s Sys=0.00s Real=0.00s
[55.904s][info][gc,start       ] GC(487) Pause Young (Allocation Failure)
[55.905s][info][gc,heap        ] GC(487) PSYoungGen: 346976K(347136K)->1856K(347136K) Eden: 345088K(345088K)->0K(345088K) From: 1888K(2048K)->1856K(2048K)
[55.905s][info][gc,heap        ] GC(487) ParOldGen: 42541K(699392K)->42661K(699392K)
[55.905s][info][gc,metaspace   ] GC(487) Metaspace: 73441K(73920K)->73441K(73920K) NonClass: 58517K(58752K)->58517K(58752K) Class: 14923K(15168K)->14923K(15168K)
[55.905s][info][gc             ] GC(487) Pause Young (Allocation Failure) 380M->43M(1022M) 1.083ms
[55.905s][info][gc,cpu         ] GC(487) User=0.00s Sys=0.00s Real=0.00s
[55.989s][info][gc,start       ] GC(488) Pause Young (Allocation Failure)
[55.990s][info][gc,heap        ] GC(488) PSYoungGen: 346944K(347136K)->1792K(347136K) Eden: 345088K(345088K)->0K(345088K) From: 1856K(2048K)->1792K(2048K)
[55.990s][info][gc,heap        ] GC(488) ParOldGen: 42661K(699392K)->42773K(699392K)
[55.990s][info][gc,metaspace   ] GC(488) Metaspace: 73447K(73920K)->73447K(73920K) NonClass: 58524K(58752K)->58524K(58752K) Class: 14923K(15168K)->14923K(15168K)
[55.990s][info][gc             ] GC(488) Pause Young (Allocation Failure) 380M->43M(1022M) 1.101ms
[55.990s][info][gc,cpu         ] GC(488) User=0.00s Sys=0.00s Real=0.00s
[56.073s][info][gc,start       ] GC(489) Pause Young (Allocation Failure)
[56.074s][info][gc,heap        ] GC(489) PSYoungGen: 346880K(347136K)->1888K(347136K) Eden: 345088K(345088K)->0K(345088K) From: 1792K(2048K)->1888K(2048K)
[56.074s][info][gc,heap        ] GC(489) ParOldGen: 42773K(699392K)->42917K(699392K)
[56.074s][info][gc,metaspace   ] GC(489) Metaspace: 73447K(73920K)->73447K(73920K) NonClass: 58524K(58752K)->58524K(58752K) Class: 14923K(15168K)->14923K(15168K)
[56.074s][info][gc             ] GC(489) Pause Young (Allocation Failure) 380M->43M(1022M) 1.131ms
[56.074s][info][gc,cpu         ] GC(489) User=0.00s Sys=0.00s Real=0.00s
[56.157s][info][gc,start       ] GC(490) Pause Young (Allocation Failure)
[56.158s][info][gc,heap        ] GC(490) PSYoungGen: 346975K(347136K)->2016K(346112K) Eden: 345087K(345088K)->0K(344064K) From: 1888K(2048K)->2016K(2048K)
[56.171s][info][gc,heap        ] GC(490) ParOldGen: 42917K(699392K)->43013K(699392K)
[56.171s][info][gc,metaspace   ] GC(490) Metaspace: 73447K(73920K)->73447K(73920K) NonClass: 58524K(58752K)->58524K(58752K) Class: 14923K(15168K)->14923K(15168K)
[56.171s][info][gc             ] GC(490) Pause Young (Allocation Failure) 380M->43M(1021M) 14.071ms
[56.171s][info][gc,cpu         ] GC(490) User=0.00s Sys=0.00s Real=0.00s
[56.257s][info][gc,start       ] GC(491) Pause Young (Allocation Failure)
[56.259s][info][gc,heap        ] GC(491) PSYoungGen: 346080K(346112K)->1824K(346624K) Eden: 344064K(344064K)->0K(344064K) From: 2016K(2048K)->1824K(2560K)
[56.259s][info][gc,heap        ] GC(491) ParOldGen: 43013K(699392K)->43125K(699392K)
[56.259s][info][gc,metaspace   ] GC(491) Metaspace: 73447K(73920K)->73447K(73920K) NonClass: 58524K(58752K)->58524K(58752K) Class: 14923K(15168K)->14923K(15168K)
[56.259s][info][gc             ] GC(491) Pause Young (Allocation Failure) 379M->43M(1021M) 1.168ms
[56.259s][info][gc,cpu         ] GC(491) User=0.00s Sys=0.00s Real=0.00s
[56.342s][info][gc,start       ] GC(492) Pause Young (Allocation Failure)
[56.343s][info][gc,heap        ] GC(492) PSYoungGen: 345888K(346624K)->1888K(346624K) Eden: 344064K(344064K)->0K(344576K) From: 1824K(2560K)->1888K(2048K)
[56.343s][info][gc,heap        ] GC(492) ParOldGen: 43125K(699392K)->43237K(699392K)
[56.343s][info][gc,metaspace   ] GC(492) Metaspace: 73447K(73920K)->73447K(73920K) NonClass: 58524K(58752K)->58524K(58752K) Class: 14923K(15168K)->14923K(15168K)
[56.343s][info][gc             ] GC(492) Pause Young (Allocation Failure) 379M->44M(1021M) 1.138ms
[56.343s][info][gc,cpu         ] GC(492) User=0.00s Sys=0.00s Real=0.00s
[56.426s][info][gc,start       ] GC(493) Pause Young (Allocation Failure)
[56.427s][info][gc,heap        ] GC(493) PSYoungGen: 346464K(346624K)->1920K(346624K) Eden: 344576K(344576K)->0K(344576K) From: 1888K(2048K)->1920K(2048K)
[56.427s][info][gc,heap        ] GC(493) ParOldGen: 43237K(699392K)->43501K(699392K)
[56.427s][info][gc,metaspace   ] GC(493) Metaspace: 73447K(73920K)->73447K(73920K) NonClass: 58524K(58752K)->58524K(58752K) Class: 14923K(15168K)->14923K(15168K)
[56.427s][info][gc             ] GC(493) Pause Young (Allocation Failure) 380M->44M(1021M) 1.218ms
[56.428s][info][gc,cpu         ] GC(493) User=0.00s Sys=0.00s Real=0.00s
[56.510s][info][gc,start       ] GC(494) Pause Young (Allocation Failure)
[56.511s][info][gc,heap        ] GC(494) PSYoungGen: 346496K(346624K)->1824K(347136K) Eden: 344576K(344576K)->0K(345088K) From: 1920K(2048K)->1824K(2048K)
[56.511s][info][gc,heap        ] GC(494) ParOldGen: 43501K(699392K)->43605K(699392K)
[56.511s][info][gc,metaspace   ] GC(494) Metaspace: 73447K(73920K)->73447K(73920K) NonClass: 58524K(58752K)->58524K(58752K) Class: 14923K(15168K)->14923K(15168K)
[56.511s][info][gc             ] GC(494) Pause Young (Allocation Failure) 380M->44M(1022M) 1.074ms
[56.512s][info][gc,cpu         ] GC(494) User=0.00s Sys=0.00s Real=0.00s
[56.594s][info][gc,start       ] GC(495) Pause Young (Allocation Failure)
[56.595s][info][gc,heap        ] GC(495) PSYoungGen: 346912K(347136K)->1824K(347136K) Eden: 345088K(345088K)->0K(345088K) From: 1824K(2048K)->1824K(2048K)
[56.595s][info][gc,heap        ] GC(495) ParOldGen: 43605K(699392K)->43725K(699392K)
[56.596s][info][gc,metaspace   ] GC(495) Metaspace: 73447K(73920K)->73447K(73920K) NonClass: 58524K(58752K)->58524K(58752K) Class: 14923K(15168K)->14923K(15168K)
[56.596s][info][gc             ] GC(495) Pause Young (Allocation Failure) 381M->44M(1022M) 1.137ms
[56.596s][info][gc,cpu         ] GC(495) User=0.00s Sys=0.00s Real=0.00s
[56.678s][info][gc,start       ] GC(496) Pause Young (Allocation Failure)
[56.679s][info][gc,heap        ] GC(496) PSYoungGen: 346912K(347136K)->1824K(347136K) Eden: 345088K(345088K)->0K(345088K) From: 1824K(2048K)->1824K(2048K)
[56.680s][info][gc,heap        ] GC(496) ParOldGen: 43725K(699392K)->43797K(699392K)
[56.680s][info][gc,metaspace   ] GC(496) Metaspace: 73447K(73920K)->73447K(73920K) NonClass: 58524K(58752K)->58524K(58752K) Class: 14923K(15168K)->14923K(15168K)
[56.680s][info][gc             ] GC(496) Pause Young (Allocation Failure) 381M->44M(1022M) 1.131ms
[56.680s][info][gc,cpu         ] GC(496) User=0.00s Sys=0.00s Real=0.00s
[56.762s][info][gc,start       ] GC(497) Pause Young (Allocation Failure)
[56.763s][info][gc,heap        ] GC(497) PSYoungGen: 346912K(347136K)->1856K(347136K) Eden: 345088K(345088K)->0K(345088K) From: 1824K(2048K)->1856K(2048K)
[56.763s][info][gc,heap        ] GC(497) ParOldGen: 43797K(699392K)->43925K(699392K)
[56.763s][info][gc,metaspace   ] GC(497) Metaspace: 73447K(73920K)->73447K(73920K) NonClass: 58524K(58752K)->58524K(58752K) Class: 14923K(15168K)->14923K(15168K)
[56.764s][info][gc             ] GC(497) Pause Young (Allocation Failure) 381M->44M(1022M) 1.125ms
[56.764s][info][gc,cpu         ] GC(497) User=0.00s Sys=0.00s Real=0.00s
[56.847s][info][gc,start       ] GC(498) Pause Young (Allocation Failure)
[56.848s][info][gc,heap        ] GC(498) PSYoungGen: 346944K(347136K)->1760K(347136K) Eden: 345088K(345088K)->0K(345088K) From: 1856K(2048K)->1760K(2048K)
[56.848s][info][gc,heap        ] GC(498) ParOldGen: 43925K(699392K)->44037K(699392K)
[56.848s][info][gc,metaspace   ] GC(498) Metaspace: 73447K(73920K)->73447K(73920K) NonClass: 58524K(58752K)->58524K(58752K) Class: 14923K(15168K)->14923K(15168K)
[56.848s][info][gc             ] GC(498) Pause Young (Allocation Failure) 381M->44M(1022M) 1.142ms
[56.848s][info][gc,cpu         ] GC(498) User=0.00s Sys=0.00s Real=0.00s
[56.931s][info][gc,start       ] GC(499) Pause Young (Allocation Failure)
[56.932s][info][gc,heap        ] GC(499) PSYoungGen: 346848K(347136K)->1952K(347136K) Eden: 345088K(345088K)->0K(345088K) From: 1760K(2048K)->1952K(2048K)
[56.932s][info][gc,heap        ] GC(499) ParOldGen: 44037K(699392K)->44117K(699392K)
[56.932s][info][gc,metaspace   ] GC(499) Metaspace: 73447K(73920K)->73447K(73920K) NonClass: 58524K(58752K)->58524K(58752K) Class: 14923K(15168K)->14923K(15168K)
[56.932s][info][gc             ] GC(499) Pause Young (Allocation Failure) 381M->44M(1022M) 1.172ms
[56.932s][info][gc,cpu         ] GC(499) User=0.00s Sys=0.00s Real=0.00s
[57.016s][info][gc,start       ] GC(500) Pause Young (Allocation Failure)
[57.017s][info][gc,heap        ] GC(500) PSYoungGen: 347040K(347136K)->1888K(347136K) Eden: 345088K(345088K)->0K(345088K) From: 1952K(2048K)->1888K(2048K)
[57.017s][info][gc,heap        ] GC(500) ParOldGen: 44117K(699392K)->44301K(699392K)
[57.017s][info][gc,metaspace   ] GC(500) Metaspace: 73447K(73920K)->73447K(73920K) NonClass: 58524K(58752K)->58524K(58752K) Class: 14923K(15168K)->14923K(15168K)
[57.017s][info][gc             ] GC(500) Pause Young (Allocation Failure) 381M->45M(1022M) 1.133ms
[57.017s][info][gc,cpu         ] GC(500) User=0.00s Sys=0.00s Real=0.00s
[57.100s][info][gc,start       ] GC(501) Pause Young (Allocation Failure)
[57.101s][info][gc,heap        ] GC(501) PSYoungGen: 346976K(347136K)->1792K(347136K) Eden: 345088K(345088K)->0K(345088K) From: 1888K(2048K)->1792K(2048K)
[57.101s][info][gc,heap        ] GC(501) ParOldGen: 44301K(699392K)->44565K(699392K)
[57.101s][info][gc,metaspace   ] GC(501) Metaspace: 73447K(73920K)->73447K(73920K) NonClass: 58524K(58752K)->58524K(58752K) Class: 14923K(15168K)->14923K(15168K)
[57.101s][info][gc             ] GC(501) Pause Young (Allocation Failure) 382M->45M(1022M) 1.138ms
[57.101s][info][gc,cpu         ] GC(501) User=0.00s Sys=0.00s Real=0.00s
[57.185s][info][gc,start       ] GC(502) Pause Young (Allocation Failure)
[57.186s][info][gc,heap        ] GC(502) PSYoungGen: 346880K(347136K)->1856K(347136K) Eden: 345088K(345088K)->0K(345088K) From: 1792K(2048K)->1856K(2048K)
[57.186s][info][gc,heap        ] GC(502) ParOldGen: 44565K(699392K)->44749K(699392K)
[57.186s][info][gc,metaspace   ] GC(502) Metaspace: 73447K(73920K)->73447K(73920K) NonClass: 58524K(58752K)->58524K(58752K) Class: 14923K(15168K)->14923K(15168K)
[57.186s][info][gc             ] GC(502) Pause Young (Allocation Failure) 382M->45M(1022M) 1.139ms
[57.186s][info][gc,cpu         ] GC(502) User=0.00s Sys=0.00s Real=0.00s
[57.270s][info][gc,start       ] GC(503) Pause Young (Allocation Failure)
[57.271s][info][gc,heap        ] GC(503) PSYoungGen: 346944K(347136K)->1728K(347136K) Eden: 345088K(345088K)->0K(345088K) From: 1856K(2048K)->1728K(2048K)
[57.271s][info][gc,heap        ] GC(503) ParOldGen: 44749K(699392K)->44861K(699392K)
[57.271s][info][gc,metaspace   ] GC(503) Metaspace: 73447K(73920K)->73447K(73920K) NonClass: 58524K(58752K)->58524K(58752K) Class: 14923K(15168K)->14923K(15168K)
[57.271s][info][gc             ] GC(503) Pause Young (Allocation Failure) 382M->45M(1022M) 1.027ms
[57.271s][info][gc,cpu         ] GC(503) User=0.00s Sys=0.00s Real=0.00s
[57.357s][info][gc,start       ] GC(504) Pause Young (Allocation Failure)
[57.358s][info][gc,heap        ] GC(504) PSYoungGen: 346816K(347136K)->1728K(347136K) Eden: 345088K(345088K)->0K(345088K) From: 1728K(2048K)->1728K(2048K)
[57.358s][info][gc,heap        ] GC(504) ParOldGen: 44861K(699392K)->45181K(699392K)
[57.358s][info][gc,metaspace   ] GC(504) Metaspace: 73447K(73920K)->73447K(73920K) NonClass: 58524K(58752K)->58524K(58752K) Class: 14923K(15168K)->14923K(15168K)
[57.358s][info][gc             ] GC(504) Pause Young (Allocation Failure) 382M->45M(1022M) 1.066ms
[57.358s][info][gc,cpu         ] GC(504) User=0.00s Sys=0.00s Real=0.00s
[57.445s][info][gc,start       ] GC(505) Pause Young (Allocation Failure)
[57.446s][info][gc,heap        ] GC(505) PSYoungGen: 346816K(347136K)->1600K(347136K) Eden: 345088K(345088K)->0K(345088K) From: 1728K(2048K)->1600K(2048K)
[57.446s][info][gc,heap        ] GC(505) ParOldGen: 45181K(699392K)->45509K(699392K)
[57.446s][info][gc,metaspace   ] GC(505) Metaspace: 73447K(73920K)->73447K(73920K) NonClass: 58524K(58752K)->58524K(58752K) Class: 14923K(15168K)->14923K(15168K)
[57.446s][info][gc             ] GC(505) Pause Young (Allocation Failure) 382M->46M(1022M) 1.039ms
[57.446s][info][gc,cpu         ] GC(505) User=0.00s Sys=0.00s Real=0.00s
[57.538s][info][gc,start       ] GC(506) Pause Young (Allocation Failure)
[57.544s][info][gc,heap        ] GC(506) PSYoungGen: 346688K(347136K)->1536K(336896K) Eden: 345088K(345088K)->0K(335360K) From: 1600K(2048K)->1536K(1536K)
[57.545s][info][gc,heap        ] GC(506) ParOldGen: 45509K(699392K)->45717K(699392K)
[57.545s][info][gc,metaspace   ] GC(506) Metaspace: 73462K(73920K)->73462K(73920K) NonClass: 58539K(58752K)->58539K(58752K) Class: 14923K(15168K)->14923K(15168K)
[57.545s][info][gc             ] GC(506) Pause Young (Allocation Failure) 383M->46M(1012M) 6.848ms
[57.545s][info][gc,cpu         ] GC(506) User=0.00s Sys=0.00s Real=0.00s
[57.641s][info][gc,start       ] GC(507) Pause Young (Allocation Failure)
[57.642s][info][gc,heap        ] GC(507) PSYoungGen: 336896K(336896K)->1376K(327680K) Eden: 335360K(335360K)->0K(326144K) From: 1536K(1536K)->1376K(1536K)
[57.642s][info][gc,heap        ] GC(507) ParOldGen: 45717K(699392K)->46037K(699392K)
[57.642s][info][gc,metaspace   ] GC(507) Metaspace: 73466K(73920K)->73466K(73920K) NonClass: 58543K(58752K)->58543K(58752K) Class: 14923K(15168K)->14923K(15168K)
[57.642s][info][gc             ] GC(507) Pause Young (Allocation Failure) 373M->46M(1003M) 1.114ms
[57.642s][info][gc,cpu         ] GC(507) User=0.00s Sys=0.00s Real=0.00s
[57.744s][info][gc,start       ] GC(508) Pause Young (Allocation Failure)
[57.745s][info][gc,heap        ] GC(508) PSYoungGen: 327520K(327680K)->1280K(318976K) Eden: 326144K(326144K)->0K(317440K) From: 1376K(1536K)->1280K(1536K)
[57.745s][info][gc,heap        ] GC(508) ParOldGen: 46037K(699392K)->46309K(699392K)
[57.745s][info][gc,metaspace   ] GC(508) Metaspace: 73466K(73920K)->73466K(73920K) NonClass: 58543K(58752K)->58543K(58752K) Class: 14923K(15168K)->14923K(15168K)
[57.745s][info][gc             ] GC(508) Pause Young (Allocation Failure) 364M->46M(994M) 1.117ms
[57.745s][info][gc,cpu         ] GC(508) User=0.00s Sys=0.00s Real=0.00s
[57.859s][info][gc,start       ] GC(509) Pause Young (Allocation Failure)
[57.860s][info][gc,heap        ] GC(509) PSYoungGen: 318720K(318976K)->1184K(310784K) Eden: 317440K(317440K)->0K(309248K) From: 1280K(1536K)->1184K(1536K)
[57.860s][info][gc,heap        ] GC(509) ParOldGen: 46309K(699392K)->46597K(699392K)
[57.860s][info][gc,metaspace   ] GC(509) Metaspace: 73466K(73920K)->73466K(73920K) NonClass: 58543K(58752K)->58543K(58752K) Class: 14923K(15168K)->14923K(15168K)
[57.860s][info][gc             ] GC(509) Pause Young (Allocation Failure) 356M->46M(986M) 1.147ms
[57.860s][info][gc,cpu         ] GC(509) User=0.00s Sys=0.00s Real=0.00s
[57.979s][info][gc,start       ] GC(510) Pause Young (Allocation Failure)
[57.980s][info][gc,heap        ] GC(510) PSYoungGen: 310432K(310784K)->1120K(302592K) Eden: 309248K(309248K)->0K(301056K) From: 1184K(1536K)->1120K(1536K)
[57.980s][info][gc,heap        ] GC(510) ParOldGen: 46597K(699392K)->46821K(699392K)
[57.980s][info][gc,metaspace   ] GC(510) Metaspace: 73466K(73920K)->73466K(73920K) NonClass: 58543K(58752K)->58543K(58752K) Class: 14923K(15168K)->14923K(15168K)
[57.980s][info][gc             ] GC(510) Pause Young (Allocation Failure) 348M->46M(978M) 1.111ms
[57.980s][info][gc,cpu         ] GC(510) User=0.00s Sys=0.00s Real=0.00s
[58.125s][info][gc,start       ] GC(511) Pause Young (Allocation Failure)
[58.125s][info][gc,heap        ] GC(511) PSYoungGen: 302176K(302592K)->864K(294400K) Eden: 301056K(301056K)->0K(293376K) From: 1120K(1536K)->864K(1024K)
[58.126s][info][gc,heap        ] GC(511) ParOldGen: 46821K(699392K)->47045K(699392K)
[58.126s][info][gc,metaspace   ] GC(511) Metaspace: 73466K(73920K)->73466K(73920K) NonClass: 58543K(58752K)->58543K(58752K) Class: 14923K(15168K)->14923K(15168K)
[58.126s][info][gc             ] GC(511) Pause Young (Allocation Failure) 340M->46M(970M) 0.905ms
[58.126s][info][gc,cpu         ] GC(511) User=0.00s Sys=0.00s Real=0.00s
[58.294s][info][gc,start       ] GC(512) Pause Young (Allocation Failure)
[58.295s][info][gc,heap        ] GC(512) PSYoungGen: 294240K(294400K)->768K(286720K) Eden: 293376K(293376K)->0K(285696K) From: 864K(1024K)->768K(1024K)
[58.295s][info][gc,heap        ] GC(512) ParOldGen: 47045K(699392K)->47317K(699392K)
[58.295s][info][gc,metaspace   ] GC(512) Metaspace: 73466K(73920K)->73466K(73920K) NonClass: 58543K(58752K)->58543K(58752K) Class: 14923K(15168K)->14923K(15168K)
[58.295s][info][gc             ] GC(512) Pause Young (Allocation Failure) 333M->46M(963M) 0.900ms
[58.295s][info][gc,cpu         ] GC(512) User=0.00s Sys=0.00s Real=0.00s
[58.479s][info][gc,start       ] GC(513) Pause Young (Allocation Failure)
[58.480s][info][gc,heap        ] GC(513) PSYoungGen: 286464K(286720K)->768K(279552K) Eden: 285696K(285696K)->0K(278528K) From: 768K(1024K)->768K(1024K)
[58.480s][info][gc,heap        ] GC(513) ParOldGen: 47317K(699392K)->47477K(699392K)
[58.480s][info][gc,metaspace   ] GC(513) Metaspace: 73466K(73920K)->73466K(73920K) NonClass: 58543K(58752K)->58543K(58752K) Class: 14923K(15168K)->14923K(15168K)
[58.480s][info][gc             ] GC(513) Pause Young (Allocation Failure) 325M->47M(956M) 0.671ms
[58.480s][info][gc,cpu         ] GC(513) User=0.00s Sys=0.00s Real=0.00s
[58.658s][info][gc,start       ] GC(514) Pause Young (Allocation Failure)
[58.659s][info][gc,heap        ] GC(514) PSYoungGen: 279296K(279552K)->736K(272384K) Eden: 278528K(278528K)->0K(271360K) From: 768K(1024K)->736K(1024K)
[58.659s][info][gc,heap        ] GC(514) ParOldGen: 47477K(699392K)->47573K(699392K)
[58.659s][info][gc,metaspace   ] GC(514) Metaspace: 73466K(73920K)->73466K(73920K) NonClass: 58543K(58752K)->58543K(58752K) Class: 14923K(15168K)->14923K(15168K)
[58.659s][info][gc             ] GC(514) Pause Young (Allocation Failure) 319M->47M(949M) 0.816ms
[58.659s][info][gc,cpu         ] GC(514) User=0.00s Sys=0.00s Real=0.00s
[58.837s][info][gc,start       ] GC(515) Pause Young (Allocation Failure)
[58.837s][info][gc,heap        ] GC(515) PSYoungGen: 272096K(272384K)->736K(265728K) Eden: 271360K(271360K)->0K(264704K) From: 736K(1024K)->736K(1024K)
[58.837s][info][gc,heap        ] GC(515) ParOldGen: 47573K(699392K)->47597K(699392K)
[58.837s][info][gc,metaspace   ] GC(515) Metaspace: 73466K(73920K)->73466K(73920K) NonClass: 58543K(58752K)->58543K(58752K) Class: 14923K(15168K)->14923K(15168K)
[58.837s][info][gc             ] GC(515) Pause Young (Allocation Failure) 312M->47M(942M) 0.669ms
[58.837s][info][gc,cpu         ] GC(515) User=0.00s Sys=0.00s Real=0.00s
[59.011s][info][gc,start       ] GC(516) Pause Young (Allocation Failure)
[59.011s][info][gc,heap        ] GC(516) PSYoungGen: 265440K(265728K)->736K(259584K) Eden: 264704K(264704K)->0K(258560K) From: 736K(1024K)->736K(1024K)
[59.011s][info][gc,heap        ] GC(516) ParOldGen: 47597K(699392K)->47637K(699392K)
[59.011s][info][gc,metaspace   ] GC(516) Metaspace: 73466K(73920K)->73466K(73920K) NonClass: 58543K(58752K)->58543K(58752K) Class: 14923K(15168K)->14923K(15168K)
[59.011s][info][gc             ] GC(516) Pause Young (Allocation Failure) 305M->47M(936M) 0.865ms
[59.012s][info][gc,cpu         ] GC(516) User=0.00s Sys=0.00s Real=0.00s
[59.179s][info][gc,start       ] GC(517) Pause Young (Allocation Failure)
[59.180s][info][gc,heap        ] GC(517) PSYoungGen: 259296K(259584K)->736K(253440K) Eden: 258560K(258560K)->0K(252416K) From: 736K(1024K)->736K(1024K)
[59.180s][info][gc,heap        ] GC(517) ParOldGen: 47637K(699392K)->47717K(699392K)
[59.180s][info][gc,metaspace   ] GC(517) Metaspace: 73466K(73920K)->73466K(73920K) NonClass: 58543K(58752K)->58543K(58752K) Class: 14923K(15168K)->14923K(15168K)
[59.180s][info][gc             ] GC(517) Pause Young (Allocation Failure) 299M->47M(930M) 0.702ms
[59.180s][info][gc,cpu         ] GC(517) User=0.00s Sys=0.00s Real=0.00s
[59.410s][info][gc,start       ] GC(518) Pause Young (Allocation Failure)
[59.411s][info][gc,heap        ] GC(518) PSYoungGen: 253152K(253440K)->1248K(247808K) Eden: 252416K(252416K)->0K(246272K) From: 736K(1024K)->1248K(1536K)
[59.411s][info][gc,heap        ] GC(518) ParOldGen: 47717K(699392K)->47725K(699392K)
[59.411s][info][gc,metaspace   ] GC(518) Metaspace: 73472K(73920K)->73472K(73920K) NonClass: 58548K(58752K)->58548K(58752K) Class: 14923K(15168K)->14923K(15168K)
[59.411s][info][gc             ] GC(518) Pause Young (Allocation Failure) 293M->47M(925M) 1.877ms
[59.412s][info][gc,cpu         ] GC(518) User=0.00s Sys=0.00s Real=0.00s
[59.413s][info][gc,start       ] GC(519) Pause Young (System.gc())
[59.415s][info][gc,heap        ] GC(519) PSYoungGen: 5569K(247808K)->1056K(247808K) Eden: 4321K(246272K)->0K(246272K) From: 1248K(1536K)->1056K(1536K)
[59.415s][info][gc,heap        ] GC(519) ParOldGen: 47725K(699392K)->48557K(699392K)
[59.415s][info][gc,metaspace   ] GC(519) Metaspace: 73472K(73920K)->73472K(73920K) NonClass: 58549K(58752K)->58549K(58752K) Class: 14923K(15168K)->14923K(15168K)
[59.415s][info][gc             ] GC(519) Pause Young (System.gc()) 52M->48M(925M) 1.888ms
[59.415s][info][gc,cpu         ] GC(519) User=0.00s Sys=0.00s Real=0.00s
[59.416s][info][gc,start       ] GC(520) Pause Full (System.gc())
[59.416s][info][gc,phases,start] GC(520) Marking Phase
[59.459s][info][gc,phases      ] GC(520) Marking Phase 42.974ms
[59.459s][info][gc,phases,start] GC(520) Summary Phase
[59.459s][info][gc,phases      ] GC(520) Summary Phase 0.013ms
[59.459s][info][gc,phases,start] GC(520) Adjust Roots
[59.473s][info][gc,phases      ] GC(520) Adjust Roots 14.515ms
[59.473s][info][gc,phases,start] GC(520) Compaction Phase
[59.482s][info][gc,phases      ] GC(520) Compaction Phase 9.021ms
[59.482s][info][gc,phases,start] GC(520) Post Compact
[59.483s][info][gc,phases      ] GC(520) Post Compact 0.668ms
[59.483s][info][gc,heap        ] GC(520) PSYoungGen: 1056K(247808K)->0K(247808K) Eden: 0K(246272K)->0K(246272K) From: 1056K(1536K)->0K(1536K)
[59.483s][info][gc,heap        ] GC(520) ParOldGen: 48557K(699392K)->35518K(699392K)
[59.483s][info][gc,metaspace   ] GC(520) Metaspace: 73472K(73920K)->73472K(73920K) NonClass: 58549K(58752K)->58549K(58752K) Class: 14923K(15168K)->14923K(15168K)
[59.483s][info][gc             ] GC(520) Pause Full (System.gc()) 48M->34M(925M) 67.594ms
[59.483s][info][gc,cpu         ] GC(520) User=0.73s Sys=0.00s Real=0.06s
[59.577s][info][gc,start       ] GC(521) Pause Young (Allocation Failure)
[59.578s][info][gc,heap        ] GC(521) PSYoungGen: 246272K(247808K)->2560K(243200K) Eden: 246272K(246272K)->0K(240640K) From: 0K(1536K)->2560K(2560K)
[59.578s][info][gc,heap        ] GC(521) ParOldGen: 35518K(699392K)->36542K(699392K)
[59.578s][info][gc,metaspace   ] GC(521) Metaspace: 73533K(73984K)->73533K(73984K) NonClass: 58610K(58816K)->58610K(58816K) Class: 14923K(15168K)->14923K(15168K)
[59.578s][info][gc             ] GC(521) Pause Young (Allocation Failure) 275M->38M(920M) 1.771ms
[59.578s][info][gc,cpu         ] GC(521) User=0.00s Sys=0.00s Real=0.00s
[59.636s][info][gc,start       ] GC(522) Pause Young (Allocation Failure)
[59.638s][info][gc,heap        ] GC(522) PSYoungGen: 243200K(243200K)->1856K(237056K) Eden: 240640K(240640K)->0K(235008K) From: 2560K(2560K)->1856K(2048K)
[59.638s][info][gc,heap        ] GC(522) ParOldGen: 36542K(699392K)->38286K(699392K)
[59.638s][info][gc,metaspace   ] GC(522) Metaspace: 73533K(73984K)->73533K(73984K) NonClass: 58610K(58816K)->58610K(58816K) Class: 14923K(15168K)->14923K(15168K)
[59.638s][info][gc             ] GC(522) Pause Young (Allocation Failure) 273M->39M(914M) 1.964ms
[59.638s][info][gc,cpu         ] GC(522) User=0.00s Sys=0.00s Real=0.00s
[59.694s][info][gc,start       ] GC(523) Pause Young (Allocation Failure)
[59.695s][info][gc,heap        ] GC(523) PSYoungGen: 236864K(237056K)->1856K(284160K) Eden: 235008K(235008K)->0K(282112K) From: 1856K(2048K)->1856K(2048K)
[59.695s][info][gc,heap        ] GC(523) ParOldGen: 38286K(699392K)->38502K(699392K)
[59.695s][info][gc,metaspace   ] GC(523) Metaspace: 73533K(73984K)->73533K(73984K) NonClass: 58610K(58816K)->58610K(58816K) Class: 14923K(15168K)->14923K(15168K)
[59.695s][info][gc             ] GC(523) Pause Young (Allocation Failure) 268M->39M(960M) 1.175ms
[59.695s][info][gc,cpu         ] GC(523) User=0.00s Sys=0.00s Real=0.00s
[59.762s][info][gc,start       ] GC(524) Pause Young (Allocation Failure)
[59.764s][info][gc,heap        ] GC(524) PSYoungGen: 283968K(284160K)->1920K(330240K) Eden: 282112K(282112K)->0K(327168K) From: 1856K(2048K)->1920K(3072K)
[59.764s][info][gc,heap        ] GC(524) ParOldGen: 38502K(699392K)->38638K(699392K)
[59.764s][info][gc,metaspace   ] GC(524) Metaspace: 73533K(73984K)->73533K(73984K) NonClass: 58610K(58816K)->58610K(58816K) Class: 14923K(15168K)->14923K(15168K)
[59.764s][info][gc             ] GC(524) Pause Young (Allocation Failure) 314M->39M(1005M) 1.169ms
[59.764s][info][gc,cpu         ] GC(524) User=0.00s Sys=0.00s Real=0.00s
[59.842s][info][gc,start       ] GC(525) Pause Young (Allocation Failure)
[59.843s][info][gc,heap        ] GC(525) PSYoungGen: 329088K(330240K)->1824K(342016K) Eden: 327168K(327168K)->0K(338944K) From: 1920K(3072K)->1824K(3072K)
[59.843s][info][gc,heap        ] GC(525) ParOldGen: 38638K(699392K)->38686K(699392K)
[59.843s][info][gc,metaspace   ] GC(525) Metaspace: 73533K(73984K)->73533K(73984K) NonClass: 58610K(58816K)->58610K(58816K) Class: 14923K(15168K)->14923K(15168K)
[59.843s][info][gc             ] GC(525) Pause Young (Allocation Failure) 359M->39M(1017M) 1.380ms
[59.843s][info][gc,cpu         ] GC(525) User=0.00s Sys=0.00s Real=0.00s
[59.924s][info][gc,start       ] GC(526) Pause Young (Allocation Failure)
[59.926s][info][gc,heap        ] GC(526) PSYoungGen: 340768K(342016K)->2016K(342016K) Eden: 338944K(338944K)->0K(338944K) From: 1824K(3072K)->2016K(3072K)
[59.926s][info][gc,heap        ] GC(526) ParOldGen: 38686K(699392K)->38822K(699392K)
[59.926s][info][gc,metaspace   ] GC(526) Metaspace: 73533K(73984K)->73533K(73984K) NonClass: 58610K(58816K)->58610K(58816K) Class: 14923K(15168K)->14923K(15168K)
[59.926s][info][gc             ] GC(526) Pause Young (Allocation Failure) 370M->39M(1017M) 1.763ms
[59.926s][info][gc,cpu         ] GC(526) User=0.00s Sys=0.00s Real=0.00s
[60.006s][info][gc,start       ] GC(527) Pause Young (Allocation Failure)
[60.008s][info][gc,heap        ] GC(527) PSYoungGen: 340960K(342016K)->1952K(346112K) Eden: 338944K(338944K)->0K(343040K) From: 2016K(3072K)->1952K(3072K)
[60.008s][info][gc,heap        ] GC(527) ParOldGen: 38822K(699392K)->38958K(699392K)
[60.008s][info][gc,metaspace   ] GC(527) Metaspace: 73533K(73984K)->73533K(73984K) NonClass: 58610K(58816K)->58610K(58816K) Class: 14923K(15168K)->14923K(15168K)
[60.008s][info][gc             ] GC(527) Pause Young (Allocation Failure) 370M->39M(1021M) 1.476ms
[60.008s][info][gc,cpu         ] GC(527) User=0.00s Sys=0.00s Real=0.00s
[60.090s][info][gc,start       ] GC(528) Pause Young (Allocation Failure)
[60.091s][info][gc,heap        ] GC(528) PSYoungGen: 344992K(346112K)->1888K(346112K) Eden: 343040K(343040K)->0K(343040K) From: 1952K(3072K)->1888K(3072K)
[60.091s][info][gc,heap        ] GC(528) ParOldGen: 38958K(699392K)->39022K(699392K)
[60.091s][info][gc,metaspace   ] GC(528) Metaspace: 73533K(73984K)->73533K(73984K) NonClass: 58610K(58816K)->58610K(58816K) Class: 14923K(15168K)->14923K(15168K)
[60.091s][info][gc             ] GC(528) Pause Young (Allocation Failure) 374M->39M(1021M) 1.262ms
[60.091s][info][gc,cpu         ] GC(528) User=0.00s Sys=0.00s Real=0.00s
[60.173s][info][gc,start       ] GC(529) Pause Young (Allocation Failure)
[60.174s][info][gc,heap        ] GC(529) PSYoungGen: 344928K(346112K)->1888K(346112K) Eden: 343040K(343040K)->0K(343040K) From: 1888K(3072K)->1888K(3072K)
[60.174s][info][gc,heap        ] GC(529) ParOldGen: 39022K(699392K)->39102K(699392K)
[60.174s][info][gc,metaspace   ] GC(529) Metaspace: 73533K(73984K)->73533K(73984K) NonClass: 58610K(58816K)->58610K(58816K) Class: 14923K(15168K)->14923K(15168K)
[60.174s][info][gc             ] GC(529) Pause Young (Allocation Failure) 374M->40M(1021M) 1.114ms
[60.174s][info][gc,cpu         ] GC(529) User=0.00s Sys=0.00s Real=0.00s
[60.256s][info][gc,start       ] GC(530) Pause Young (Allocation Failure)
[60.257s][info][gc,heap        ] GC(530) PSYoungGen: 344928K(346112K)->1856K(346112K) Eden: 343040K(343040K)->0K(343040K) From: 1888K(3072K)->1856K(3072K)
[60.257s][info][gc,heap        ] GC(530) ParOldGen: 39102K(699392K)->39142K(699392K)
[60.257s][info][gc,metaspace   ] GC(530) Metaspace: 73533K(73984K)->73533K(73984K) NonClass: 58610K(58816K)->58610K(58816K) Class: 14923K(15168K)->14923K(15168K)
[60.257s][info][gc             ] GC(530) Pause Young (Allocation Failure) 375M->40M(1021M) 1.150ms
[60.257s][info][gc,cpu         ] GC(530) User=0.00s Sys=0.00s Real=0.00s
[60.339s][info][gc,start       ] GC(531) Pause Young (Allocation Failure)
[60.360s][info][gc,heap        ] GC(531) PSYoungGen: 344896K(346112K)->1856K(346112K) Eden: 343040K(343040K)->0K(343040K) From: 1856K(3072K)->1856K(3072K)
[60.360s][info][gc,heap        ] GC(531) ParOldGen: 39142K(699392K)->39286K(699392K)
[60.360s][info][gc,metaspace   ] GC(531) Metaspace: 73533K(73984K)->73533K(73984K) NonClass: 58610K(58816K)->58610K(58816K) Class: 14923K(15168K)->14923K(15168K)
[60.360s][info][gc             ] GC(531) Pause Young (Allocation Failure) 375M->40M(1021M) 20.831ms
[60.360s][info][gc,cpu         ] GC(531) User=0.00s Sys=0.00s Real=0.02s
[60.447s][info][gc,start       ] GC(532) Pause Young (Allocation Failure)
[60.448s][info][gc,heap        ] GC(532) PSYoungGen: 344896K(346112K)->1856K(346112K) Eden: 343040K(343040K)->0K(343040K) From: 1856K(3072K)->1856K(3072K)
[60.448s][info][gc,heap        ] GC(532) ParOldGen: 39286K(699392K)->39542K(699392K)
[60.448s][info][gc,metaspace   ] GC(532) Metaspace: 73533K(73984K)->73533K(73984K) NonClass: 58610K(58816K)->58610K(58816K) Class: 14923K(15168K)->14923K(15168K)
[60.448s][info][gc             ] GC(532) Pause Young (Allocation Failure) 375M->40M(1021M) 1.095ms
[60.448s][info][gc,cpu         ] GC(532) User=0.00s Sys=0.00s Real=0.00s
[60.530s][info][gc,start       ] GC(533) Pause Young (Allocation Failure)
[60.531s][info][gc,heap        ] GC(533) PSYoungGen: 344896K(346112K)->1824K(346112K) Eden: 343040K(343040K)->0K(343040K) From: 1856K(3072K)->1824K(3072K)
[60.531s][info][gc,heap        ] GC(533) ParOldGen: 39542K(699392K)->39686K(699392K)
[60.531s][info][gc,metaspace   ] GC(533) Metaspace: 73533K(73984K)->73533K(73984K) NonClass: 58610K(58816K)->58610K(58816K) Class: 14923K(15168K)->14923K(15168K)
[60.531s][info][gc             ] GC(533) Pause Young (Allocation Failure) 375M->40M(1021M) 1.166ms
[60.531s][info][gc,cpu         ] GC(533) User=0.00s Sys=0.00s Real=0.00s
[60.613s][info][gc,start       ] GC(534) Pause Young (Allocation Failure)
[60.614s][info][gc,heap        ] GC(534) PSYoungGen: 344864K(346112K)->1792K(346112K) Eden: 343040K(343040K)->0K(343040K) From: 1824K(3072K)->1792K(3072K)
[60.614s][info][gc,heap        ] GC(534) ParOldGen: 39686K(699392K)->39734K(699392K)
[60.614s][info][gc,metaspace   ] GC(534) Metaspace: 73533K(73984K)->73533K(73984K) NonClass: 58610K(58816K)->58610K(58816K) Class: 14923K(15168K)->14923K(15168K)
[60.614s][info][gc             ] GC(534) Pause Young (Allocation Failure) 375M->40M(1021M) 1.110ms
[60.614s][info][gc,cpu         ] GC(534) User=0.00s Sys=0.00s Real=0.00s
[60.696s][info][gc,start       ] GC(535) Pause Young (Allocation Failure)
[60.697s][info][gc,heap        ] GC(535) PSYoungGen: 344832K(346112K)->1792K(345088K) Eden: 343040K(343040K)->0K(343040K) From: 1792K(3072K)->1792K(2048K)
[60.697s][info][gc,heap        ] GC(535) ParOldGen: 39734K(699392K)->39846K(699392K)
[60.697s][info][gc,metaspace   ] GC(535) Metaspace: 73533K(73984K)->73533K(73984K) NonClass: 58610K(58816K)->58610K(58816K) Class: 14923K(15168K)->14923K(15168K)
[60.697s][info][gc             ] GC(535) Pause Young (Allocation Failure) 375M->40M(1020M) 1.146ms
[60.697s][info][gc,cpu         ] GC(535) User=0.00s Sys=0.00s Real=0.00s
[60.779s][info][gc,start       ] GC(536) Pause Young (Allocation Failure)
[60.780s][info][gc,heap        ] GC(536) PSYoungGen: 344832K(345088K)->1888K(345600K) Eden: 343040K(343040K)->0K(343040K) From: 1792K(2048K)->1888K(2560K)
[60.780s][info][gc,heap        ] GC(536) ParOldGen: 39846K(699392K)->39958K(699392K)
[60.780s][info][gc,metaspace   ] GC(536) Metaspace: 73533K(73984K)->73533K(73984K) NonClass: 58610K(58816K)->58610K(58816K) Class: 14923K(15168K)->14923K(15168K)
[60.780s][info][gc             ] GC(536) Pause Young (Allocation Failure) 375M->40M(1020M) 1.147ms
[60.781s][info][gc,cpu         ] GC(536) User=0.00s Sys=0.00s Real=0.00s
[60.863s][info][gc,start       ] GC(537) Pause Young (Allocation Failure)
[60.864s][info][gc,heap        ] GC(537) PSYoungGen: 344928K(345600K)->1888K(346624K) Eden: 343040K(343040K)->0K(344064K) From: 1888K(2560K)->1888K(2560K)
[60.865s][info][gc,heap        ] GC(537) ParOldGen: 39958K(699392K)->40062K(699392K)
[60.865s][info][gc,metaspace   ] GC(537) Metaspace: 73533K(73984K)->73533K(73984K) NonClass: 58610K(58816K)->58610K(58816K) Class: 14923K(15168K)->14923K(15168K)
[60.865s][info][gc             ] GC(537) Pause Young (Allocation Failure) 375M->40M(1021M) 1.173ms
[60.865s][info][gc,cpu         ] GC(537) User=0.00s Sys=0.00s Real=0.00s
[60.947s][info][gc,start       ] GC(538) Pause Young (Allocation Failure)
[60.948s][info][gc,heap        ] GC(538) PSYoungGen: 345952K(346624K)->1952K(346624K) Eden: 344064K(344064K)->0K(344064K) From: 1888K(2560K)->1952K(2560K)
[60.948s][info][gc,heap        ] GC(538) ParOldGen: 40062K(699392K)->40182K(699392K)
[60.948s][info][gc,metaspace   ] GC(538) Metaspace: 73533K(73984K)->73533K(73984K) NonClass: 58610K(58816K)->58610K(58816K) Class: 14923K(15168K)->14923K(15168K)
[60.948s][info][gc             ] GC(538) Pause Young (Allocation Failure) 376M->41M(1021M) 1.222ms
[60.948s][info][gc,cpu         ] GC(538) User=0.00s Sys=0.00s Real=0.00s
[61.030s][info][gc,start       ] GC(539) Pause Young (Allocation Failure)
[61.031s][info][gc,heap        ] GC(539) PSYoungGen: 346016K(346624K)->1856K(346624K) Eden: 344064K(344064K)->0K(344064K) From: 1952K(2560K)->1856K(2560K)
[61.031s][info][gc,heap        ] GC(539) ParOldGen: 40182K(699392K)->40278K(699392K)
[61.031s][info][gc,metaspace   ] GC(539) Metaspace: 73533K(73984K)->73533K(73984K) NonClass: 58610K(58816K)->58610K(58816K) Class: 14923K(15168K)->14923K(15168K)
[61.031s][info][gc             ] GC(539) Pause Young (Allocation Failure) 377M->41M(1021M) 1.146ms
[61.031s][info][gc,cpu         ] GC(539) User=0.00s Sys=0.00s Real=0.00s
[61.113s][info][gc,start       ] GC(540) Pause Young (Allocation Failure)
[61.114s][info][gc,heap        ] GC(540) PSYoungGen: 345920K(346624K)->1792K(346624K) Eden: 344064K(344064K)->0K(344064K) From: 1856K(2560K)->1792K(2560K)
[61.114s][info][gc,heap        ] GC(540) ParOldGen: 40278K(699392K)->40382K(699392K)
[61.114s][info][gc,metaspace   ] GC(540) Metaspace: 73533K(73984K)->73533K(73984K) NonClass: 58610K(58816K)->58610K(58816K) Class: 14923K(15168K)->14923K(15168K)
[61.114s][info][gc             ] GC(540) Pause Young (Allocation Failure) 377M->41M(1021M) 1.135ms
[61.114s][info][gc,cpu         ] GC(540) User=0.00s Sys=0.00s Real=0.00s
[61.196s][info][gc,start       ] GC(541) Pause Young (Allocation Failure)
[61.197s][info][gc,heap        ] GC(541) PSYoungGen: 345856K(346624K)->1760K(346624K) Eden: 344064K(344064K)->0K(344064K) From: 1792K(2560K)->1760K(2560K)
[61.197s][info][gc,heap        ] GC(541) ParOldGen: 40382K(699392K)->40486K(699392K)
[61.197s][info][gc,metaspace   ] GC(541) Metaspace: 73533K(73984K)->73533K(73984K) NonClass: 58610K(58816K)->58610K(58816K) Class: 14923K(15168K)->14923K(15168K)
[61.198s][info][gc             ] GC(541) Pause Young (Allocation Failure) 377M->41M(1021M) 1.160ms
[61.198s][info][gc,cpu         ] GC(541) User=0.00s Sys=0.00s Real=0.00s
[61.280s][info][gc,start       ] GC(542) Pause Young (Allocation Failure)
[61.281s][info][gc,heap        ] GC(542) PSYoungGen: 345824K(346624K)->1856K(346624K) Eden: 344064K(344064K)->0K(344064K) From: 1760K(2560K)->1856K(2560K)
[61.281s][info][gc,heap        ] GC(542) ParOldGen: 40486K(699392K)->40622K(699392K)
[61.281s][info][gc,metaspace   ] GC(542) Metaspace: 73533K(73984K)->73533K(73984K) NonClass: 58610K(58816K)->58610K(58816K) Class: 14923K(15168K)->14923K(15168K)
[61.281s][info][gc             ] GC(542) Pause Young (Allocation Failure) 377M->41M(1021M) 1.086ms
[61.281s][info][gc,cpu         ] GC(542) User=0.00s Sys=0.00s Real=0.00s
[61.363s][info][gc,start       ] GC(543) Pause Young (Allocation Failure)
[61.364s][info][gc,heap        ] GC(543) PSYoungGen: 345920K(346624K)->1888K(346624K) Eden: 344064K(344064K)->0K(344064K) From: 1856K(2560K)->1888K(2560K)
[61.364s][info][gc,heap        ] GC(543) ParOldGen: 40622K(699392K)->40646K(699392K)
[61.364s][info][gc,metaspace   ] GC(543) Metaspace: 73533K(73984K)->73533K(73984K) NonClass: 58610K(58816K)->58610K(58816K) Class: 14923K(15168K)->14923K(15168K)
[61.364s][info][gc             ] GC(543) Pause Young (Allocation Failure) 377M->41M(1021M) 1.166ms
[61.364s][info][gc,cpu         ] GC(543) User=0.00s Sys=0.00s Real=0.00s
[61.446s][info][gc,start       ] GC(544) Pause Young (Allocation Failure)
[61.447s][info][gc,heap        ] GC(544) PSYoungGen: 345952K(346624K)->1888K(346624K) Eden: 344064K(344064K)->0K(344064K) From: 1888K(2560K)->1888K(2560K)
[61.447s][info][gc,heap        ] GC(544) ParOldGen: 40646K(699392K)->40910K(699392K)
[61.447s][info][gc,metaspace   ] GC(544) Metaspace: 73533K(73984K)->73533K(73984K) NonClass: 58610K(58816K)->58610K(58816K) Class: 14923K(15168K)->14923K(15168K)
[61.447s][info][gc             ] GC(544) Pause Young (Allocation Failure) 377M->41M(1021M) 1.102ms
[61.447s][info][gc,cpu         ] GC(544) User=0.00s Sys=0.00s Real=0.00s
[61.530s][info][gc,start       ] GC(545) Pause Young (Allocation Failure)
[61.531s][info][gc,heap        ] GC(545) PSYoungGen: 345952K(346624K)->1824K(346624K) Eden: 344064K(344064K)->0K(344064K) From: 1888K(2560K)->1824K(2560K)
[61.531s][info][gc,heap        ] GC(545) ParOldGen: 40910K(699392K)->41030K(699392K)
[61.531s][info][gc,metaspace   ] GC(545) Metaspace: 73533K(73984K)->73533K(73984K) NonClass: 58610K(58816K)->58610K(58816K) Class: 14923K(15168K)->14923K(15168K)
[61.531s][info][gc             ] GC(545) Pause Young (Allocation Failure) 377M->41M(1021M) 1.091ms
[61.531s][info][gc,cpu         ] GC(545) User=0.00s Sys=0.00s Real=0.00s
[61.613s][info][gc,start       ] GC(546) Pause Young (Allocation Failure)
[61.614s][info][gc,heap        ] GC(546) PSYoungGen: 345888K(346624K)->1856K(346624K) Eden: 344064K(344064K)->0K(344064K) From: 1824K(2560K)->1856K(2560K)
[61.614s][info][gc,heap        ] GC(546) ParOldGen: 41030K(699392K)->41142K(699392K)
[61.614s][info][gc,metaspace   ] GC(546) Metaspace: 73533K(73984K)->73533K(73984K) NonClass: 58610K(58816K)->58610K(58816K) Class: 14923K(15168K)->14923K(15168K)
[61.614s][info][gc             ] GC(546) Pause Young (Allocation Failure) 377M->41M(1021M) 1.108ms
[61.614s][info][gc,cpu         ] GC(546) User=0.00s Sys=0.00s Real=0.00s
[61.696s][info][gc,start       ] GC(547) Pause Young (Allocation Failure)
[61.697s][info][gc,heap        ] GC(547) PSYoungGen: 345920K(346624K)->1856K(346624K) Eden: 344064K(344064K)->0K(344064K) From: 1856K(2560K)->1856K(2560K)
[61.697s][info][gc,heap        ] GC(547) ParOldGen: 41142K(699392K)->41262K(699392K)
[61.698s][info][gc,metaspace   ] GC(547) Metaspace: 73533K(73984K)->73533K(73984K) NonClass: 58610K(58816K)->58610K(58816K) Class: 14923K(15168K)->14923K(15168K)
[61.698s][info][gc             ] GC(547) Pause Young (Allocation Failure) 377M->42M(1021M) 1.176ms
[61.698s][info][gc,cpu         ] GC(547) User=0.00s Sys=0.00s Real=0.00s
[61.780s][info][gc,start       ] GC(548) Pause Young (Allocation Failure)
[61.781s][info][gc,heap        ] GC(548) PSYoungGen: 345920K(346624K)->1888K(346624K) Eden: 344064K(344064K)->0K(344064K) From: 1856K(2560K)->1888K(2560K)
[61.781s][info][gc,heap        ] GC(548) ParOldGen: 41262K(699392K)->41374K(699392K)
[61.781s][info][gc,metaspace   ] GC(548) Metaspace: 73533K(73984K)->73533K(73984K) NonClass: 58610K(58816K)->58610K(58816K) Class: 14923K(15168K)->14923K(15168K)
[61.781s][info][gc             ] GC(548) Pause Young (Allocation Failure) 378M->42M(1021M) 1.138ms
[61.781s][info][gc,cpu         ] GC(548) User=0.00s Sys=0.00s Real=0.00s
[61.863s][info][gc,start       ] GC(549) Pause Young (Allocation Failure)
[61.864s][info][gc,heap        ] GC(549) PSYoungGen: 345952K(346624K)->1824K(346624K) Eden: 344064K(344064K)->0K(344064K) From: 1888K(2560K)->1824K(2560K)
[61.864s][info][gc,heap        ] GC(549) ParOldGen: 41374K(699392K)->41422K(699392K)
[61.864s][info][gc,metaspace   ] GC(549) Metaspace: 73533K(73984K)->73533K(73984K) NonClass: 58610K(58816K)->58610K(58816K) Class: 14923K(15168K)->14923K(15168K)
[61.864s][info][gc             ] GC(549) Pause Young (Allocation Failure) 378M->42M(1021M) 1.091ms
[61.865s][info][gc,cpu         ] GC(549) User=0.00s Sys=0.00s Real=0.00s
[61.947s][info][gc,start       ] GC(550) Pause Young (Allocation Failure)
[61.948s][info][gc,heap        ] GC(550) PSYoungGen: 345888K(346624K)->1888K(346624K) Eden: 344064K(344064K)->0K(344064K) From: 1824K(2560K)->1888K(2560K)
[61.948s][info][gc,heap        ] GC(550) ParOldGen: 41422K(699392K)->41510K(699392K)
[61.948s][info][gc,metaspace   ] GC(550) Metaspace: 73533K(73984K)->73533K(73984K) NonClass: 58610K(58816K)->58610K(58816K) Class: 14923K(15168K)->14923K(15168K)
[61.948s][info][gc             ] GC(550) Pause Young (Allocation Failure) 378M->42M(1021M) 1.115ms
[61.948s][info][gc,cpu         ] GC(550) User=0.00s Sys=0.00s Real=0.00s
[62.039s][info][gc,start       ] GC(551) Pause Young (Allocation Failure)
[62.041s][info][gc,heap        ] GC(551) PSYoungGen: 345952K(346624K)->1888K(346624K) Eden: 344064K(344064K)->0K(344064K) From: 1888K(2560K)->1888K(2560K)
[62.041s][info][gc,heap        ] GC(551) ParOldGen: 41510K(699392K)->41622K(699392K)
[62.041s][info][gc,metaspace   ] GC(551) Metaspace: 73533K(73984K)->73533K(73984K) NonClass: 58610K(58816K)->58610K(58816K) Class: 14923K(15168K)->14923K(15168K)
[62.041s][info][gc             ] GC(551) Pause Young (Allocation Failure) 378M->42M(1021M) 1.164ms
[62.041s][info][gc,cpu         ] GC(551) User=0.00s Sys=0.00s Real=0.00s
[62.143s][info][gc,start       ] GC(552) Pause Young (Allocation Failure)
[62.144s][info][gc,heap        ] GC(552) PSYoungGen: 345952K(346624K)->1856K(346624K) Eden: 344064K(344064K)->0K(344064K) From: 1888K(2560K)->1856K(2560K)
[62.144s][info][gc,heap        ] GC(552) ParOldGen: 41622K(699392K)->41726K(699392K)
[62.144s][info][gc,metaspace   ] GC(552) Metaspace: 73533K(73984K)->73533K(73984K) NonClass: 58610K(58816K)->58610K(58816K) Class: 14923K(15168K)->14923K(15168K)
[62.144s][info][gc             ] GC(552) Pause Young (Allocation Failure) 378M->42M(1021M) 1.136ms
[62.144s][info][gc,cpu         ] GC(552) User=0.00s Sys=0.00s Real=0.00s
[62.226s][info][gc,start       ] GC(553) Pause Young (Allocation Failure)
[62.227s][info][gc,heap        ] GC(553) PSYoungGen: 345920K(346624K)->1824K(346624K) Eden: 344064K(344064K)->0K(344064K) From: 1856K(2560K)->1824K(2560K)
[62.227s][info][gc,heap        ] GC(553) ParOldGen: 41726K(699392K)->41862K(699392K)
[62.227s][info][gc,metaspace   ] GC(553) Metaspace: 73533K(73984K)->73533K(73984K) NonClass: 58610K(58816K)->58610K(58816K) Class: 14923K(15168K)->14923K(15168K)
[62.227s][info][gc             ] GC(553) Pause Young (Allocation Failure) 378M->42M(1021M) 1.214ms
[62.227s][info][gc,cpu         ] GC(553) User=0.00s Sys=0.00s Real=0.00s
[62.309s][info][gc,start       ] GC(554) Pause Young (Allocation Failure)
[62.310s][info][gc,heap        ] GC(554) PSYoungGen: 345888K(346624K)->1888K(346624K) Eden: 344064K(344064K)->0K(344064K) From: 1824K(2560K)->1888K(2560K)
[62.311s][info][gc,heap        ] GC(554) ParOldGen: 41862K(699392K)->41982K(699392K)
[62.311s][info][gc,metaspace   ] GC(554) Metaspace: 73533K(73984K)->73533K(73984K) NonClass: 58610K(58816K)->58610K(58816K) Class: 14923K(15168K)->14923K(15168K)
[62.311s][info][gc             ] GC(554) Pause Young (Allocation Failure) 378M->42M(1021M) 1.102ms
[62.311s][info][gc,cpu         ] GC(554) User=0.00s Sys=0.00s Real=0.00s
[62.393s][info][gc,start       ] GC(555) Pause Young (Allocation Failure)
[62.394s][info][gc,heap        ] GC(555) PSYoungGen: 345952K(346624K)->1888K(346624K) Eden: 344064K(344064K)->0K(344064K) From: 1888K(2560K)->1888K(2560K)
[62.394s][info][gc,heap        ] GC(555) ParOldGen: 41982K(699392K)->42086K(699392K)
[62.394s][info][gc,metaspace   ] GC(555) Metaspace: 73533K(73984K)->73533K(73984K) NonClass: 58610K(58816K)->58610K(58816K) Class: 14923K(15168K)->14923K(15168K)
[62.394s][info][gc             ] GC(555) Pause Young (Allocation Failure) 378M->42M(1021M) 1.164ms
[62.394s][info][gc,cpu         ] GC(555) User=0.00s Sys=0.00s Real=0.00s
[62.476s][info][gc,start       ] GC(556) Pause Young (Allocation Failure)
[62.477s][info][gc,heap        ] GC(556) PSYoungGen: 345952K(346624K)->1856K(346112K) Eden: 344064K(344064K)->0K(344064K) From: 1888K(2560K)->1856K(2048K)
[62.477s][info][gc,heap        ] GC(556) ParOldGen: 42086K(699392K)->42350K(699392K)
[62.477s][info][gc,metaspace   ] GC(556) Metaspace: 73533K(73984K)->73533K(73984K) NonClass: 58610K(58816K)->58610K(58816K) Class: 14923K(15168K)->14923K(15168K)
[62.477s][info][gc             ] GC(556) Pause Young (Allocation Failure) 378M->43M(1021M) 1.112ms
[62.477s][info][gc,cpu         ] GC(556) User=0.00s Sys=0.00s Real=0.00s
[62.560s][info][gc,start       ] GC(557) Pause Young (Allocation Failure)
[62.561s][info][gc,heap        ] GC(557) PSYoungGen: 345920K(346112K)->1824K(346112K) Eden: 344064K(344064K)->0K(344064K) From: 1856K(2048K)->1824K(2048K)
[62.561s][info][gc,heap        ] GC(557) ParOldGen: 42350K(699392K)->42454K(699392K)
[62.561s][info][gc,metaspace   ] GC(557) Metaspace: 73533K(73984K)->73533K(73984K) NonClass: 58610K(58816K)->58610K(58816K) Class: 14923K(15168K)->14923K(15168K)
[62.561s][info][gc             ] GC(557) Pause Young (Allocation Failure) 379M->43M(1021M) 1.095ms
[62.561s][info][gc,cpu         ] GC(557) User=0.00s Sys=0.00s Real=0.00s
[62.644s][info][gc,start       ] GC(558) Pause Young (Allocation Failure)
[62.645s][info][gc,heap        ] GC(558) PSYoungGen: 345888K(346112K)->1856K(346112K) Eden: 344064K(344064K)->0K(344064K) From: 1824K(2048K)->1856K(2048K)
[62.645s][info][gc,heap        ] GC(558) ParOldGen: 42454K(699392K)->42606K(699392K)
[62.645s][info][gc,metaspace   ] GC(558) Metaspace: 73533K(73984K)->73533K(73984K) NonClass: 58610K(58816K)->58610K(58816K) Class: 14923K(15168K)->14923K(15168K)
[62.645s][info][gc             ] GC(558) Pause Young (Allocation Failure) 379M->43M(1021M) 1.118ms
[62.645s][info][gc,cpu         ] GC(558) User=0.52s Sys=0.00s Real=0.00s
[62.727s][info][gc,start       ] GC(559) Pause Young (Allocation Failure)
[62.728s][info][gc,heap        ] GC(559) PSYoungGen: 345920K(346112K)->1920K(347136K) Eden: 344064K(344064K)->0K(345088K) From: 1856K(2048K)->1920K(2048K)
[62.728s][info][gc,heap        ] GC(559) ParOldGen: 42606K(699392K)->42726K(699392K)
[62.728s][info][gc,metaspace   ] GC(559) Metaspace: 73533K(73984K)->73533K(73984K) NonClass: 58610K(58816K)->58610K(58816K) Class: 14923K(15168K)->14923K(15168K)
[62.728s][info][gc             ] GC(559) Pause Young (Allocation Failure) 379M->43M(1022M) 1.183ms
[62.728s][info][gc,cpu         ] GC(559) User=0.00s Sys=0.00s Real=0.00s
[62.811s][info][gc,start       ] GC(560) Pause Young (Allocation Failure)
[62.812s][info][gc,heap        ] GC(560) PSYoungGen: 347008K(347136K)->1888K(347136K) Eden: 345088K(345088K)->0K(345088K) From: 1920K(2048K)->1888K(2048K)
[62.812s][info][gc,heap        ] GC(560) ParOldGen: 42726K(699392K)->42814K(699392K)
[62.812s][info][gc,metaspace   ] GC(560) Metaspace: 73533K(73984K)->73533K(73984K) NonClass: 58610K(58816K)->58610K(58816K) Class: 14923K(15168K)->14923K(15168K)
[62.812s][info][gc             ] GC(560) Pause Young (Allocation Failure) 380M->43M(1022M) 1.141ms
[62.812s][info][gc,cpu         ] GC(560) User=0.00s Sys=0.00s Real=0.00s
[62.894s][info][gc,start       ] GC(561) Pause Young (Allocation Failure)
[62.895s][info][gc,heap        ] GC(561) PSYoungGen: 346976K(347136K)->1920K(347136K) Eden: 345088K(345088K)->0K(345088K) From: 1888K(2048K)->1920K(2048K)
[62.895s][info][gc,heap        ] GC(561) ParOldGen: 42814K(699392K)->42942K(699392K)
[62.895s][info][gc,metaspace   ] GC(561) Metaspace: 73533K(73984K)->73533K(73984K) NonClass: 58610K(58816K)->58610K(58816K) Class: 14923K(15168K)->14923K(15168K)
[62.895s][info][gc             ] GC(561) Pause Young (Allocation Failure) 380M->43M(1022M) 1.172ms
[62.895s][info][gc,cpu         ] GC(561) User=0.00s Sys=0.00s Real=0.00s
[62.978s][info][gc,start       ] GC(562) Pause Young (Allocation Failure)
[62.979s][info][gc,heap        ] GC(562) PSYoungGen: 347008K(347136K)->1760K(347136K) Eden: 345088K(345088K)->0K(345088K) From: 1920K(2048K)->1760K(2048K)
[62.979s][info][gc,heap        ] GC(562) ParOldGen: 42942K(699392K)->43070K(699392K)
[62.979s][info][gc,metaspace   ] GC(562) Metaspace: 73533K(73984K)->73533K(73984K) NonClass: 58610K(58816K)->58610K(58816K) Class: 14923K(15168K)->14923K(15168K)
[62.979s][info][gc             ] GC(562) Pause Young (Allocation Failure) 380M->43M(1022M) 1.092ms
[62.979s][info][gc,cpu         ] GC(562) User=0.00s Sys=0.00s Real=0.00s
[63.061s][info][gc,start       ] GC(563) Pause Young (Allocation Failure)
[63.071s][info][gc,heap        ] GC(563) PSYoungGen: 346848K(347136K)->1856K(347136K) Eden: 345088K(345088K)->0K(345088K) From: 1760K(2048K)->1856K(2048K)
[63.071s][info][gc,heap        ] GC(563) ParOldGen: 43070K(699392K)->43206K(699392K)
[63.071s][info][gc,metaspace   ] GC(563) Metaspace: 73533K(73984K)->73533K(73984K) NonClass: 58610K(58816K)->58610K(58816K) Class: 14923K(15168K)->14923K(15168K)
[63.071s][info][gc             ] GC(563) Pause Young (Allocation Failure) 380M->44M(1022M) 10.217ms
[63.071s][info][gc,cpu         ] GC(563) User=0.00s Sys=0.00s Real=0.01s
[63.155s][info][gc,start       ] GC(564) Pause Young (Allocation Failure)
[63.156s][info][gc,heap        ] GC(564) PSYoungGen: 346944K(347136K)->1856K(347136K) Eden: 345088K(345088K)->0K(345088K) From: 1856K(2048K)->1856K(2048K)
[63.156s][info][gc,heap        ] GC(564) ParOldGen: 43206K(699392K)->43342K(699392K)
[63.156s][info][gc,metaspace   ] GC(564) Metaspace: 73533K(73984K)->73533K(73984K) NonClass: 58610K(58816K)->58610K(58816K) Class: 14923K(15168K)->14923K(15168K)
[63.156s][info][gc             ] GC(564) Pause Young (Allocation Failure) 381M->44M(1022M) 1.111ms
[63.156s][info][gc,cpu         ] GC(564) User=0.00s Sys=0.00s Real=0.00s
[63.239s][info][gc,start       ] GC(565) Pause Young (Allocation Failure)
[63.240s][info][gc,heap        ] GC(565) PSYoungGen: 346944K(347136K)->1824K(347136K) Eden: 345088K(345088K)->0K(345088K) From: 1856K(2048K)->1824K(2048K)
[63.240s][info][gc,heap        ] GC(565) ParOldGen: 43342K(699392K)->43462K(699392K)
[63.240s][info][gc,metaspace   ] GC(565) Metaspace: 73533K(73984K)->73533K(73984K) NonClass: 58610K(58816K)->58610K(58816K) Class: 14923K(15168K)->14923K(15168K)
[63.240s][info][gc             ] GC(565) Pause Young (Allocation Failure) 381M->44M(1022M) 1.099ms
[63.240s][info][gc,cpu         ] GC(565) User=0.00s Sys=0.00s Real=0.00s
[63.323s][info][gc,start       ] GC(566) Pause Young (Allocation Failure)
[63.324s][info][gc,heap        ] GC(566) PSYoungGen: 346912K(347136K)->1824K(347136K) Eden: 345088K(345088K)->0K(345088K) From: 1824K(2048K)->1824K(2048K)
[63.324s][info][gc,heap        ] GC(566) ParOldGen: 43462K(699392K)->43590K(699392K)
[63.324s][info][gc,metaspace   ] GC(566) Metaspace: 73533K(73984K)->73533K(73984K) NonClass: 58610K(58816K)->58610K(58816K) Class: 14923K(15168K)->14923K(15168K)
[63.324s][info][gc             ] GC(566) Pause Young (Allocation Failure) 381M->44M(1022M) 1.134ms
[63.324s][info][gc,cpu         ] GC(566) User=0.00s Sys=0.00s Real=0.00s
[63.406s][info][gc,start       ] GC(567) Pause Young (Allocation Failure)
[63.407s][info][gc,heap        ] GC(567) PSYoungGen: 346912K(347136K)->1792K(347136K) Eden: 345088K(345088K)->0K(345088K) From: 1824K(2048K)->1792K(2048K)
[63.407s][info][gc,heap        ] GC(567) ParOldGen: 43590K(699392K)->43830K(699392K)
[63.407s][info][gc,metaspace   ] GC(567) Metaspace: 73533K(73984K)->73533K(73984K) NonClass: 58610K(58816K)->58610K(58816K) Class: 14923K(15168K)->14923K(15168K)
[63.407s][info][gc             ] GC(567) Pause Young (Allocation Failure) 381M->44M(1022M) 1.109ms
[63.407s][info][gc,cpu         ] GC(567) User=0.00s Sys=0.00s Real=0.00s
[63.490s][info][gc,start       ] GC(568) Pause Young (Allocation Failure)
[63.491s][info][gc,heap        ] GC(568) PSYoungGen: 346880K(347136K)->1888K(347136K) Eden: 345088K(345088K)->0K(345088K) From: 1792K(2048K)->1888K(2048K)
[63.491s][info][gc,heap        ] GC(568) ParOldGen: 43830K(699392K)->43926K(699392K)
[63.491s][info][gc,metaspace   ] GC(568) Metaspace: 73533K(73984K)->73533K(73984K) NonClass: 58610K(58816K)->58610K(58816K) Class: 14923K(15168K)->14923K(15168K)
[63.491s][info][gc             ] GC(568) Pause Young (Allocation Failure) 381M->44M(1022M) 1.117ms
[63.491s][info][gc,cpu         ] GC(568) User=0.00s Sys=0.00s Real=0.00s
[63.574s][info][gc,start       ] GC(569) Pause Young (Allocation Failure)
[63.575s][info][gc,heap        ] GC(569) PSYoungGen: 346976K(347136K)->1792K(347136K) Eden: 345088K(345088K)->0K(345088K) From: 1888K(2048K)->1792K(2048K)
[63.575s][info][gc,heap        ] GC(569) ParOldGen: 43926K(699392K)->44038K(699392K)
[63.575s][info][gc,metaspace   ] GC(569) Metaspace: 73533K(73984K)->73533K(73984K) NonClass: 58610K(58816K)->58610K(58816K) Class: 14923K(15168K)->14923K(15168K)
[63.575s][info][gc             ] GC(569) Pause Young (Allocation Failure) 381M->44M(1022M) 1.107ms
[63.575s][info][gc,cpu         ] GC(569) User=0.00s Sys=0.00s Real=0.00s
[63.657s][info][gc,start       ] GC(570) Pause Young (Allocation Failure)
[63.658s][info][gc,heap        ] GC(570) PSYoungGen: 346880K(347136K)->1920K(347136K) Eden: 345088K(345088K)->0K(345088K) From: 1792K(2048K)->1920K(2048K)
[63.658s][info][gc,heap        ] GC(570) ParOldGen: 44038K(699392K)->44150K(699392K)
[63.658s][info][gc,metaspace   ] GC(570) Metaspace: 73533K(73984K)->73533K(73984K) NonClass: 58610K(58816K)->58610K(58816K) Class: 14923K(15168K)->14923K(15168K)
[63.658s][info][gc             ] GC(570) Pause Young (Allocation Failure) 381M->44M(1022M) 1.108ms
[63.658s][info][gc,cpu         ] GC(570) User=0.00s Sys=0.00s Real=0.00s
[63.741s][info][gc,start       ] GC(571) Pause Young (Allocation Failure)
[63.742s][info][gc,heap        ] GC(571) PSYoungGen: 347008K(347136K)->1824K(347136K) Eden: 345088K(345088K)->0K(345088K) From: 1920K(2048K)->1824K(2048K)
[63.742s][info][gc,heap        ] GC(571) ParOldGen: 44150K(699392K)->44230K(699392K)
[63.742s][info][gc,metaspace   ] GC(571) Metaspace: 73533K(73984K)->73533K(73984K) NonClass: 58610K(58816K)->58610K(58816K) Class: 14923K(15168K)->14923K(15168K)
[63.742s][info][gc             ] GC(571) Pause Young (Allocation Failure) 381M->44M(1022M) 1.104ms
[63.742s][info][gc,cpu         ] GC(571) User=0.00s Sys=0.00s Real=0.00s
[63.825s][info][gc,start       ] GC(572) Pause Young (Allocation Failure)
[63.826s][info][gc,heap        ] GC(572) PSYoungGen: 346912K(347136K)->1856K(347136K) Eden: 345088K(345088K)->0K(345088K) From: 1824K(2048K)->1856K(2048K)
[63.826s][info][gc,heap        ] GC(572) ParOldGen: 44230K(699392K)->44326K(699392K)
[63.826s][info][gc,metaspace   ] GC(572) Metaspace: 73533K(73984K)->73533K(73984K) NonClass: 58610K(58816K)->58610K(58816K) Class: 14923K(15168K)->14923K(15168K)
[63.826s][info][gc             ] GC(572) Pause Young (Allocation Failure) 381M->45M(1022M) 1.106ms
[63.826s][info][gc,cpu         ] GC(572) User=0.00s Sys=0.00s Real=0.00s
[63.909s][info][gc,start       ] GC(573) Pause Young (Allocation Failure)
[63.910s][info][gc,heap        ] GC(573) PSYoungGen: 346944K(347136K)->1792K(347136K) Eden: 345088K(345088K)->0K(345088K) From: 1856K(2048K)->1792K(2048K)
[63.910s][info][gc,heap        ] GC(573) ParOldGen: 44326K(699392K)->44478K(699392K)
[63.910s][info][gc,metaspace   ] GC(573) Metaspace: 73533K(73984K)->73533K(73984K) NonClass: 58610K(58816K)->58610K(58816K) Class: 14923K(15168K)->14923K(15168K)
[63.910s][info][gc             ] GC(573) Pause Young (Allocation Failure) 382M->45M(1022M) 1.112ms
[63.910s][info][gc,cpu         ] GC(573) User=0.00s Sys=0.00s Real=0.00s
[63.993s][info][gc,start       ] GC(574) Pause Young (Allocation Failure)
[63.994s][info][gc,heap        ] GC(574) PSYoungGen: 346880K(347136K)->1760K(347136K) Eden: 345088K(345088K)->0K(345088K) From: 1792K(2048K)->1760K(2048K)
[63.994s][info][gc,heap        ] GC(574) ParOldGen: 44478K(699392K)->44694K(699392K)
[63.995s][info][gc,metaspace   ] GC(574) Metaspace: 73533K(73984K)->73533K(73984K) NonClass: 58610K(58816K)->58610K(58816K) Class: 14923K(15168K)->14923K(15168K)
[63.995s][info][gc             ] GC(574) Pause Young (Allocation Failure) 382M->45M(1022M) 1.109ms
[63.995s][info][gc,cpu         ] GC(574) User=0.00s Sys=0.00s Real=0.00s
[64.078s][info][gc,start       ] GC(575) Pause Young (Allocation Failure)
[64.079s][info][gc,heap        ] GC(575) PSYoungGen: 346848K(347136K)->1760K(347136K) Eden: 345088K(345088K)->0K(345088K) From: 1760K(2048K)->1760K(2048K)
[64.079s][info][gc,heap        ] GC(575) ParOldGen: 44694K(699392K)->44878K(699392K)
[64.079s][info][gc,metaspace   ] GC(575) Metaspace: 73533K(73984K)->73533K(73984K) NonClass: 58610K(58816K)->58610K(58816K) Class: 14923K(15168K)->14923K(15168K)
[64.079s][info][gc             ] GC(575) Pause Young (Allocation Failure) 382M->45M(1022M) 1.077ms
[64.079s][info][gc,cpu         ] GC(575) User=0.00s Sys=0.00s Real=0.00s
[64.163s][info][gc,start       ] GC(576) Pause Young (Allocation Failure)
[64.164s][info][gc,heap        ] GC(576) PSYoungGen: 346848K(347136K)->1792K(347136K) Eden: 345088K(345088K)->0K(345088K) From: 1760K(2048K)->1792K(2048K)
[64.164s][info][gc,heap        ] GC(576) ParOldGen: 44878K(699392K)->45046K(699392K)
[64.164s][info][gc,metaspace   ] GC(576) Metaspace: 73533K(73984K)->73533K(73984K) NonClass: 58610K(58816K)->58610K(58816K) Class: 14923K(15168K)->14923K(15168K)
[64.164s][info][gc             ] GC(576) Pause Young (Allocation Failure) 382M->45M(1022M) 1.069ms
[64.164s][info][gc,cpu         ] GC(576) User=0.00s Sys=0.00s Real=0.00s
[64.249s][info][gc,start       ] GC(577) Pause Young (Allocation Failure)
[64.250s][info][gc,heap        ] GC(577) PSYoungGen: 346880K(347136K)->1792K(347136K) Eden: 345088K(345088K)->0K(345088K) From: 1792K(2048K)->1792K(2048K)
[64.250s][info][gc,heap        ] GC(577) ParOldGen: 45046K(699392K)->45238K(699392K)
[64.250s][info][gc,metaspace   ] GC(577) Metaspace: 73533K(73984K)->73533K(73984K) NonClass: 58610K(58816K)->58610K(58816K) Class: 14923K(15168K)->14923K(15168K)
[64.250s][info][gc             ] GC(577) Pause Young (Allocation Failure) 382M->45M(1022M) 1.074ms
[64.250s][info][gc,cpu         ] GC(577) User=0.00s Sys=0.00s Real=0.00s
[64.339s][info][gc,start       ] GC(578) Pause Young (Allocation Failure)
[64.340s][info][gc,heap        ] GC(578) PSYoungGen: 346880K(347136K)->1568K(347136K) Eden: 345088K(345088K)->0K(345088K) From: 1792K(2048K)->1568K(2048K)
[64.340s][info][gc,heap        ] GC(578) ParOldGen: 45238K(699392K)->45574K(699392K)
[64.340s][info][gc,metaspace   ] GC(578) Metaspace: 73533K(73984K)->73533K(73984K) NonClass: 58610K(58816K)->58610K(58816K) Class: 14923K(15168K)->14923K(15168K)
[64.340s][info][gc             ] GC(578) Pause Young (Allocation Failure) 382M->46M(1022M) 1.057ms
[64.340s][info][gc,cpu         ] GC(578) User=0.00s Sys=0.00s Real=0.00s
[64.431s][info][gc,start       ] GC(579) Pause Young (Allocation Failure)
[64.432s][info][gc,heap        ] GC(579) PSYoungGen: 346656K(347136K)->1600K(337408K) Eden: 345088K(345088K)->0K(335360K) From: 1568K(2048K)->1600K(2048K)
[64.432s][info][gc,heap        ] GC(579) ParOldGen: 45574K(699392K)->45846K(699392K)
[64.432s][info][gc,metaspace   ] GC(579) Metaspace: 73540K(73984K)->73540K(73984K) NonClass: 58617K(58816K)->58617K(58816K) Class: 14923K(15168K)->14923K(15168K)
[64.432s][info][gc             ] GC(579) Pause Young (Allocation Failure) 383M->46M(1012M) 1.014ms
[64.432s][info][gc,cpu         ] GC(579) User=0.00s Sys=0.00s Real=0.00s
[64.523s][info][gc,start       ] GC(580) Pause Young (Allocation Failure)
[64.524s][info][gc,heap        ] GC(580) PSYoungGen: 336960K(337408K)->1472K(327680K) Eden: 335360K(335360K)->0K(326144K) From: 1600K(2048K)->1472K(1536K)
[64.524s][info][gc,heap        ] GC(580) ParOldGen: 45846K(699392K)->46118K(699392K)
[64.524s][info][gc,metaspace   ] GC(580) Metaspace: 73540K(73984K)->73540K(73984K) NonClass: 58617K(58816K)->58617K(58816K) Class: 14923K(15168K)->14923K(15168K)
[64.524s][info][gc             ] GC(580) Pause Young (Allocation Failure) 373M->46M(1003M) 1.153ms
[64.524s][info][gc,cpu         ] GC(580) User=0.00s Sys=0.00s Real=0.00s
[64.616s][info][gc,start       ] GC(581) Pause Young (Allocation Failure)
[64.617s][info][gc,heap        ] GC(581) PSYoungGen: 327616K(327680K)->1024K(318464K) Eden: 326144K(326144K)->0K(317440K) From: 1472K(1536K)->1024K(1024K)
[64.617s][info][gc,heap        ] GC(581) ParOldGen: 46118K(699392K)->46438K(699392K)
[64.617s][info][gc,metaspace   ] GC(581) Metaspace: 73540K(73984K)->73540K(73984K) NonClass: 58617K(58816K)->58617K(58816K) Class: 14923K(15168K)->14923K(15168K)
[64.617s][info][gc             ] GC(581) Pause Young (Allocation Failure) 364M->46M(994M) 0.937ms
[64.617s][info][gc,cpu         ] GC(581) User=0.00s Sys=0.00s Real=0.00s
[64.720s][info][gc,start       ] GC(582) Pause Young (Allocation Failure)
[64.721s][info][gc,heap        ] GC(582) PSYoungGen: 318464K(318464K)->1248K(310784K) Eden: 317440K(317440K)->0K(309248K) From: 1024K(1024K)->1248K(1536K)
[64.721s][info][gc,heap        ] GC(582) ParOldGen: 46438K(699392K)->46718K(699392K)
[64.721s][info][gc,metaspace   ] GC(582) Metaspace: 73540K(73984K)->73540K(73984K) NonClass: 58617K(58816K)->58617K(58816K) Class: 14923K(15168K)->14923K(15168K)
[64.721s][info][gc             ] GC(582) Pause Young (Allocation Failure) 356M->46M(986M) 1.053ms
[64.721s][info][gc,cpu         ] GC(582) User=0.00s Sys=0.00s Real=0.00s
[64.840s][info][gc,start       ] GC(583) Pause Young (Allocation Failure)
[64.841s][info][gc,heap        ] GC(583) PSYoungGen: 310496K(310784K)->1184K(302592K) Eden: 309248K(309248K)->0K(301056K) From: 1248K(1536K)->1184K(1536K)
[64.841s][info][gc,heap        ] GC(583) ParOldGen: 46718K(699392K)->47014K(699392K)
[64.841s][info][gc,metaspace   ] GC(583) Metaspace: 73540K(73984K)->73540K(73984K) NonClass: 58617K(58816K)->58617K(58816K) Class: 14923K(15168K)->14923K(15168K)
[64.841s][info][gc             ] GC(583) Pause Young (Allocation Failure) 348M->47M(978M) 1.176ms
[64.841s][info][gc,cpu         ] GC(583) User=0.00s Sys=0.02s Real=0.02s
[64.975s][info][gc,start       ] GC(584) Pause Young (Allocation Failure)
[64.976s][info][gc,heap        ] GC(584) PSYoungGen: 302240K(302592K)->1088K(294912K) Eden: 301056K(301056K)->0K(293376K) From: 1184K(1536K)->1088K(1536K)
[64.976s][info][gc,heap        ] GC(584) ParOldGen: 47014K(699392K)->47270K(699392K)
[64.976s][info][gc,metaspace   ] GC(584) Metaspace: 73540K(73984K)->73540K(73984K) NonClass: 58617K(58816K)->58617K(58816K) Class: 14923K(15168K)->14923K(15168K)
[64.976s][info][gc             ] GC(584) Pause Young (Allocation Failure) 341M->47M(971M) 1.023ms
[64.976s][info][gc,cpu         ] GC(584) User=0.00s Sys=0.00s Real=0.00s
[65.152s][info][gc,start       ] GC(585) Pause Young (Allocation Failure)
[65.153s][info][gc,heap        ] GC(585) PSYoungGen: 294464K(294912K)->864K(286720K) Eden: 293376K(293376K)->0K(285696K) From: 1088K(1536K)->864K(1024K)
[65.153s][info][gc,heap        ] GC(585) ParOldGen: 47270K(699392K)->47534K(699392K)
[65.153s][info][gc,metaspace   ] GC(585) Metaspace: 73540K(73984K)->73540K(73984K) NonClass: 58617K(58816K)->58617K(58816K) Class: 14923K(15168K)->14923K(15168K)
[65.153s][info][gc             ] GC(585) Pause Young (Allocation Failure) 333M->47M(963M) 0.969ms
[65.153s][info][gc,cpu         ] GC(585) User=0.00s Sys=0.00s Real=0.00s
[65.369s][info][gc,start       ] GC(586) Pause Young (Allocation Failure)
[65.369s][info][gc,heap        ] GC(586) PSYoungGen: 286560K(286720K)->768K(279552K) Eden: 285696K(285696K)->0K(278528K) From: 864K(1024K)->768K(1024K)
[65.369s][info][gc,heap        ] GC(586) ParOldGen: 47534K(699392K)->47774K(699392K)
[65.369s][info][gc,metaspace   ] GC(586) Metaspace: 73540K(73984K)->73540K(73984K) NonClass: 58617K(58816K)->58617K(58816K) Class: 14923K(15168K)->14923K(15168K)
[65.369s][info][gc             ] GC(586) Pause Young (Allocation Failure) 326M->47M(956M) 0.795ms
[65.369s][info][gc,cpu         ] GC(586) User=0.00s Sys=0.00s Real=0.00s
[65.597s][info][gc,start       ] GC(587) Pause Young (Allocation Failure)
[65.597s][info][gc,heap        ] GC(587) PSYoungGen: 279296K(279552K)->736K(272384K) Eden: 278528K(278528K)->0K(271360K) From: 768K(1024K)->736K(1024K)
[65.597s][info][gc,heap        ] GC(587) ParOldGen: 47774K(699392K)->47934K(699392K)
[65.597s][info][gc,metaspace   ] GC(587) Metaspace: 73540K(73984K)->73540K(73984K) NonClass: 58617K(58816K)->58617K(58816K) Class: 14923K(15168K)->14923K(15168K)
[65.597s][info][gc             ] GC(587) Pause Young (Allocation Failure) 319M->47M(949M) 0.934ms
[65.598s][info][gc,cpu         ] GC(587) User=0.00s Sys=0.00s Real=0.00s
[65.828s][info][gc,start       ] GC(588) Pause Young (Allocation Failure)
[65.829s][info][gc,heap        ] GC(588) PSYoungGen: 272096K(272384K)->704K(265728K) Eden: 271360K(271360K)->0K(264704K) From: 736K(1024K)->704K(1024K)
[65.829s][info][gc,heap        ] GC(588) ParOldGen: 47934K(699392K)->47934K(699392K)
[65.829s][info][gc,metaspace   ] GC(588) Metaspace: 73540K(73984K)->73540K(73984K) NonClass: 58617K(58816K)->58617K(58816K) Class: 14923K(15168K)->14923K(15168K)
[65.829s][info][gc             ] GC(588) Pause Young (Allocation Failure) 312M->47M(942M) 0.734ms
[65.829s][info][gc,cpu         ] GC(588) User=0.00s Sys=0.00s Real=0.00s
[66.049s][info][gc,start       ] GC(589) Pause Young (Allocation Failure)
[66.050s][info][gc,heap        ] GC(589) PSYoungGen: 265408K(265728K)->704K(259584K) Eden: 264704K(264704K)->0K(258560K) From: 704K(1024K)->704K(1024K)
[66.050s][info][gc,heap        ] GC(589) ParOldGen: 47934K(699392K)->47950K(699392K)
[66.050s][info][gc,metaspace   ] GC(589) Metaspace: 73540K(73984K)->73540K(73984K) NonClass: 58617K(58816K)->58617K(58816K) Class: 14923K(15168K)->14923K(15168K)
[66.050s][info][gc             ] GC(589) Pause Young (Allocation Failure) 305M->47M(936M) 0.867ms
[66.050s][info][gc,cpu         ] GC(589) User=0.00s Sys=0.02s Real=0.00s
[66.268s][info][gc,start       ] GC(590) Pause Young (Allocation Failure)
[66.269s][info][gc,heap        ] GC(590) PSYoungGen: 259264K(259584K)->704K(253440K) Eden: 258560K(258560K)->0K(252416K) From: 704K(1024K)->704K(1024K)
[66.269s][info][gc,heap        ] GC(590) ParOldGen: 47950K(699392K)->48022K(699392K)
[66.269s][info][gc,metaspace   ] GC(590) Metaspace: 73540K(73984K)->73540K(73984K) NonClass: 58617K(58816K)->58617K(58816K) Class: 14923K(15168K)->14923K(15168K)
[66.269s][info][gc             ] GC(590) Pause Young (Allocation Failure) 300M->47M(930M) 0.862ms
[66.269s][info][gc,cpu         ] GC(590) User=0.00s Sys=0.00s Real=0.00s
[66.545s][info][gc,start       ] GC(591) Pause Young (Allocation Failure)
[66.547s][info][gc,heap        ] GC(591) PSYoungGen: 253120K(253440K)->704K(247296K) Eden: 252416K(252416K)->0K(246272K) From: 704K(1024K)->704K(1024K)
[66.547s][info][gc,heap        ] GC(591) ParOldGen: 48022K(699392K)->48054K(699392K)
[66.547s][info][gc,metaspace   ] GC(591) Metaspace: 73541K(73984K)->73541K(73984K) NonClass: 58617K(58816K)->58617K(58816K) Class: 14923K(15168K)->14923K(15168K)
[66.547s][info][gc             ] GC(591) Pause Young (Allocation Failure) 294M->47M(924M) 1.524ms
[66.547s][info][gc,cpu         ] GC(591) User=0.00s Sys=0.00s Real=0.00s
[66.660s][info][gc,start       ] GC(592) Pause Young (System.gc())
[66.662s][info][gc,heap        ] GC(592) PSYoungGen: 31207K(247296K)->1056K(247808K) Eden: 30503K(246272K)->0K(246272K) From: 704K(1024K)->1056K(1536K)
[66.662s][info][gc,heap        ] GC(592) ParOldGen: 48054K(699392K)->48326K(699392K)
[66.662s][info][gc,metaspace   ] GC(592) Metaspace: 73572K(74048K)->73572K(74048K) NonClass: 58649K(58880K)->58649K(58880K) Class: 14923K(15168K)->14923K(15168K)
[66.662s][info][gc             ] GC(592) Pause Young (System.gc()) 77M->48M(925M) 1.908ms
[66.662s][info][gc,cpu         ] GC(592) User=0.00s Sys=0.00s Real=0.00s
[66.662s][info][gc,start       ] GC(593) Pause Full (System.gc())
[66.662s][info][gc,phases,start] GC(593) Marking Phase
[66.701s][info][gc,phases      ] GC(593) Marking Phase 38.745ms
[66.701s][info][gc,phases,start] GC(593) Summary Phase
[66.701s][info][gc,phases      ] GC(593) Summary Phase 0.014ms
[66.701s][info][gc,phases,start] GC(593) Adjust Roots
[66.717s][info][gc,phases      ] GC(593) Adjust Roots 15.619ms
[66.717s][info][gc,phases,start] GC(593) Compaction Phase
[66.725s][info][gc,phases      ] GC(593) Compaction Phase 8.368ms
[66.725s][info][gc,phases,start] GC(593) Post Compact
[66.726s][info][gc,phases      ] GC(593) Post Compact 0.636ms
[66.726s][info][gc,heap        ] GC(593) PSYoungGen: 1056K(247808K)->0K(247808K) Eden: 0K(246272K)->0K(246272K) From: 1056K(1536K)->0K(1536K)
[66.726s][info][gc,heap        ] GC(593) ParOldGen: 48326K(699392K)->35524K(699392K)
[66.726s][info][gc,metaspace   ] GC(593) Metaspace: 73572K(74048K)->73572K(74048K) NonClass: 58649K(58880K)->58649K(58880K) Class: 14923K(15168K)->14923K(15168K)
[66.726s][info][gc             ] GC(593) Pause Full (System.gc()) 48M->34M(925M) 63.755ms
[66.726s][info][gc,cpu         ] GC(593) User=1.56s Sys=0.00s Real=0.06s
[66.814s][info][gc,start       ] GC(594) Pause Young (Allocation Failure)
[66.816s][info][gc,heap        ] GC(594) PSYoungGen: 246272K(247808K)->2560K(243200K) Eden: 246272K(246272K)->0K(240640K) From: 0K(1536K)->2560K(2560K)
[66.816s][info][gc,heap        ] GC(594) ParOldGen: 35524K(699392K)->36668K(699392K)
[66.816s][info][gc,metaspace   ] GC(594) Metaspace: 73733K(74176K)->73733K(74176K) NonClass: 58809K(59008K)->58809K(59008K) Class: 14923K(15168K)->14923K(15168K)
[66.816s][info][gc             ] GC(594) Pause Young (Allocation Failure) 275M->38M(920M) 1.831ms
[66.816s][info][gc,cpu         ] GC(594) User=0.00s Sys=0.00s Real=0.00s
[66.873s][info][gc,start       ] GC(595) Pause Young (Allocation Failure)
[66.875s][info][gc,heap        ] GC(595) PSYoungGen: 243200K(243200K)->1984K(237056K) Eden: 240640K(240640K)->0K(235008K) From: 2560K(2560K)->1984K(2048K)
[66.875s][info][gc,heap        ] GC(595) ParOldGen: 36668K(699392K)->38428K(699392K)
[66.875s][info][gc,metaspace   ] GC(595) Metaspace: 73733K(74176K)->73733K(74176K) NonClass: 58809K(59008K)->58809K(59008K) Class: 14923K(15168K)->14923K(15168K)
[66.875s][info][gc             ] GC(595) Pause Young (Allocation Failure) 273M->39M(914M) 1.817ms
[66.875s][info][gc,cpu         ] GC(595) User=0.00s Sys=0.00s Real=0.00s
[66.931s][info][gc,start       ] GC(596) Pause Young (Allocation Failure)
[66.932s][info][gc,heap        ] GC(596) PSYoungGen: 236992K(237056K)->1856K(284160K) Eden: 235008K(235008K)->0K(282112K) From: 1984K(2048K)->1856K(2048K)
[66.932s][info][gc,heap        ] GC(596) ParOldGen: 38428K(699392K)->38620K(699392K)
[66.932s][info][gc,metaspace   ] GC(596) Metaspace: 73733K(74176K)->73733K(74176K) NonClass: 58809K(59008K)->58809K(59008K) Class: 14923K(15168K)->14923K(15168K)
[66.932s][info][gc             ] GC(596) Pause Young (Allocation Failure) 268M->39M(960M) 1.123ms
[66.932s][info][gc,cpu         ] GC(596) User=0.00s Sys=0.00s Real=0.00s
[67.000s][info][gc,start       ] GC(597) Pause Young (Allocation Failure)
[67.001s][info][gc,heap        ] GC(597) PSYoungGen: 283968K(284160K)->1792K(331776K) Eden: 282112K(282112K)->0K(328704K) From: 1856K(2048K)->1792K(3072K)
[67.001s][info][gc,heap        ] GC(597) ParOldGen: 38620K(699392K)->38764K(699392K)
[67.001s][info][gc,metaspace   ] GC(597) Metaspace: 73733K(74176K)->73733K(74176K) NonClass: 58809K(59008K)->58809K(59008K) Class: 14923K(15168K)->14923K(15168K)
[67.001s][info][gc             ] GC(597) Pause Young (Allocation Failure) 315M->39M(1007M) 1.111ms
[67.001s][info][gc,cpu         ] GC(597) User=0.00s Sys=0.00s Real=0.00s
[67.079s][info][gc,start       ] GC(598) Pause Young (Allocation Failure)
[67.081s][info][gc,heap        ] GC(598) PSYoungGen: 330496K(331776K)->2048K(342016K) Eden: 328704K(328704K)->0K(338944K) From: 1792K(3072K)->2048K(3072K)
[67.081s][info][gc,heap        ] GC(598) ParOldGen: 38764K(699392K)->38860K(699392K)
[67.081s][info][gc,metaspace   ] GC(598) Metaspace: 73733K(74176K)->73733K(74176K) NonClass: 58809K(59008K)->58809K(59008K) Class: 14923K(15168K)->14923K(15168K)
[67.081s][info][gc             ] GC(598) Pause Young (Allocation Failure) 360M->39M(1017M) 1.453ms
[67.081s][info][gc,cpu         ] GC(598) User=0.00s Sys=0.00s Real=0.00s
[67.162s][info][gc,start       ] GC(599) Pause Young (Allocation Failure)
[67.163s][info][gc,heap        ] GC(599) PSYoungGen: 340992K(342016K)->1856K(342016K) Eden: 338944K(338944K)->0K(338944K) From: 2048K(3072K)->1856K(3072K)
[67.163s][info][gc,heap        ] GC(599) ParOldGen: 38860K(699392K)->38924K(699392K)
[67.163s][info][gc,metaspace   ] GC(599) Metaspace: 73733K(74176K)->73733K(74176K) NonClass: 58809K(59008K)->58809K(59008K) Class: 14923K(15168K)->14923K(15168K)
[67.163s][info][gc             ] GC(599) Pause Young (Allocation Failure) 370M->39M(1017M) 1.597ms
[67.163s][info][gc,cpu         ] GC(599) User=0.00s Sys=0.00s Real=0.00s
[67.245s][info][gc,start       ] GC(600) Pause Young (Allocation Failure)
[67.246s][info][gc,heap        ] GC(600) PSYoungGen: 340800K(342016K)->2272K(345088K) Eden: 338944K(338944K)->0K(342016K) From: 1856K(3072K)->2272K(3072K)
[67.246s][info][gc,heap        ] GC(600) ParOldGen: 38924K(699392K)->38996K(699392K)
[67.246s][info][gc,metaspace   ] GC(600) Metaspace: 73733K(74176K)->73733K(74176K) NonClass: 58809K(59008K)->58809K(59008K) Class: 14923K(15168K)->14923K(15168K)
[67.246s][info][gc             ] GC(600) Pause Young (Allocation Failure) 370M->40M(1020M) 1.597ms
[67.246s][info][gc,cpu         ] GC(600) User=0.00s Sys=0.00s Real=0.00s
[67.328s][info][gc,start       ] GC(601) Pause Young (Allocation Failure)
[67.329s][info][gc,heap        ] GC(601) PSYoungGen: 344288K(345088K)->1856K(345600K) Eden: 342016K(342016K)->0K(342016K) From: 2272K(3072K)->1856K(3584K)
[67.329s][info][gc,heap        ] GC(601) ParOldGen: 38996K(699392K)->39068K(699392K)
[67.329s][info][gc,metaspace   ] GC(601) Metaspace: 73733K(74176K)->73733K(74176K) NonClass: 58809K(59008K)->58809K(59008K) Class: 14923K(15168K)->14923K(15168K)
[67.329s][info][gc             ] GC(601) Pause Young (Allocation Failure) 374M->39M(1020M) 1.110ms
[67.329s][info][gc,cpu         ] GC(601) User=0.00s Sys=0.00s Real=0.00s
[67.411s][info][gc,start       ] GC(602) Pause Young (Allocation Failure)
[67.412s][info][gc,heap        ] GC(602) PSYoungGen: 343872K(345600K)->1888K(345600K) Eden: 342016K(342016K)->0K(342528K) From: 1856K(3584K)->1888K(3072K)
[67.412s][info][gc,heap        ] GC(602) ParOldGen: 39068K(699392K)->39332K(699392K)
[67.412s][info][gc,metaspace   ] GC(602) Metaspace: 73733K(74176K)->73733K(74176K) NonClass: 58809K(59008K)->58809K(59008K) Class: 14923K(15168K)->14923K(15168K)
[67.412s][info][gc             ] GC(602) Pause Young (Allocation Failure) 373M->40M(1020M) 1.142ms
[67.412s][info][gc,cpu         ] GC(602) User=0.00s Sys=0.00s Real=0.00s
[67.495s][info][gc,start       ] GC(603) Pause Young (Allocation Failure)
[67.496s][info][gc,heap        ] GC(603) PSYoungGen: 344416K(345600K)->1856K(345600K) Eden: 342528K(342528K)->0K(342528K) From: 1888K(3072K)->1856K(3072K)
[67.496s][info][gc,heap        ] GC(603) ParOldGen: 39332K(699392K)->39492K(699392K)
[67.496s][info][gc,metaspace   ] GC(603) Metaspace: 73733K(74176K)->73733K(74176K) NonClass: 58809K(59008K)->58809K(59008K) Class: 14923K(15168K)->14923K(15168K)
[67.496s][info][gc             ] GC(603) Pause Young (Allocation Failure) 374M->40M(1020M) 1.100ms
[67.496s][info][gc,cpu         ] GC(603) User=0.00s Sys=0.00s Real=0.00s
[67.578s][info][gc,start       ] GC(604) Pause Young (Allocation Failure)
[67.579s][info][gc,heap        ] GC(604) PSYoungGen: 344384K(345600K)->1888K(346112K) Eden: 342528K(342528K)->0K(343040K) From: 1856K(3072K)->1888K(3072K)
[67.579s][info][gc,heap        ] GC(604) ParOldGen: 39492K(699392K)->39620K(699392K)
[67.579s][info][gc,metaspace   ] GC(604) Metaspace: 73733K(74176K)->73733K(74176K) NonClass: 58809K(59008K)->58809K(59008K) Class: 14923K(15168K)->14923K(15168K)
[67.579s][info][gc             ] GC(604) Pause Young (Allocation Failure) 374M->40M(1021M) 1.077ms
[67.579s][info][gc,cpu         ] GC(604) User=0.00s Sys=0.00s Real=0.00s
[67.661s][info][gc,start       ] GC(605) Pause Young (Allocation Failure)
[67.662s][info][gc,heap        ] GC(605) PSYoungGen: 344928K(346112K)->1920K(346112K) Eden: 343040K(343040K)->0K(343040K) From: 1888K(3072K)->1920K(3072K)
[67.662s][info][gc,heap        ] GC(605) ParOldGen: 39620K(699392K)->39724K(699392K)
[67.662s][info][gc,metaspace   ] GC(605) Metaspace: 73733K(74176K)->73733K(74176K) NonClass: 58809K(59008K)->58809K(59008K) Class: 14923K(15168K)->14923K(15168K)
[67.662s][info][gc             ] GC(605) Pause Young (Allocation Failure) 375M->40M(1021M) 1.169ms
[67.662s][info][gc,cpu         ] GC(605) User=0.00s Sys=0.00s Real=0.00s
[67.744s][info][gc,start       ] GC(606) Pause Young (Allocation Failure)
[67.746s][info][gc,heap        ] GC(606) PSYoungGen: 344960K(346112K)->1920K(346112K) Eden: 343040K(343040K)->0K(343040K) From: 1920K(3072K)->1920K(3072K)
[67.746s][info][gc,heap        ] GC(606) ParOldGen: 39724K(699392K)->39796K(699392K)
[67.746s][info][gc,metaspace   ] GC(606) Metaspace: 73733K(74176K)->73733K(74176K) NonClass: 58809K(59008K)->58809K(59008K) Class: 14923K(15168K)->14923K(15168K)
[67.746s][info][gc             ] GC(606) Pause Young (Allocation Failure) 375M->40M(1021M) 1.081ms
[67.746s][info][gc,cpu         ] GC(606) User=0.00s Sys=0.00s Real=0.00s
[67.828s][info][gc,start       ] GC(607) Pause Young (Allocation Failure)
[67.829s][info][gc,heap        ] GC(607) PSYoungGen: 344960K(346112K)->1920K(346112K) Eden: 343040K(343040K)->0K(343040K) From: 1920K(3072K)->1920K(3072K)
[67.829s][info][gc,heap        ] GC(607) ParOldGen: 39796K(699392K)->39892K(699392K)
[67.829s][info][gc,metaspace   ] GC(607) Metaspace: 73733K(74176K)->73733K(74176K) NonClass: 58809K(59008K)->58809K(59008K) Class: 14923K(15168K)->14923K(15168K)
[67.829s][info][gc             ] GC(607) Pause Young (Allocation Failure) 375M->40M(1021M) 1.116ms
[67.829s][info][gc,cpu         ] GC(607) User=0.00s Sys=0.00s Real=0.00s
[67.911s][info][gc,start       ] GC(608) Pause Young (Allocation Failure)
[67.912s][info][gc,heap        ] GC(608) PSYoungGen: 344960K(346112K)->1856K(346112K) Eden: 343040K(343040K)->0K(343040K) From: 1920K(3072K)->1856K(3072K)
[67.912s][info][gc,heap        ] GC(608) ParOldGen: 39892K(699392K)->40028K(699392K)
[67.912s][info][gc,metaspace   ] GC(608) Metaspace: 73733K(74176K)->73733K(74176K) NonClass: 58809K(59008K)->58809K(59008K) Class: 14923K(15168K)->14923K(15168K)
[67.912s][info][gc             ] GC(608) Pause Young (Allocation Failure) 375M->40M(1021M) 1.129ms
[67.912s][info][gc,cpu         ] GC(608) User=0.00s Sys=0.00s Real=0.00s
[67.994s][info][gc,start       ] GC(609) Pause Young (Allocation Failure)
[67.995s][info][gc,heap        ] GC(609) PSYoungGen: 344896K(346112K)->1792K(346112K) Eden: 343040K(343040K)->0K(343040K) From: 1856K(3072K)->1792K(3072K)
[67.995s][info][gc,heap        ] GC(609) ParOldGen: 40028K(699392K)->40180K(699392K)
[67.995s][info][gc,metaspace   ] GC(609) Metaspace: 73733K(74176K)->73733K(74176K) NonClass: 58809K(59008K)->58809K(59008K) Class: 14923K(15168K)->14923K(15168K)
[67.995s][info][gc             ] GC(609) Pause Young (Allocation Failure) 375M->40M(1021M) 1.049ms
[67.995s][info][gc,cpu         ] GC(609) User=0.00s Sys=0.00s Real=0.00s
[68.078s][info][gc,start       ] GC(610) Pause Young (Allocation Failure)
[68.079s][info][gc,heap        ] GC(610) PSYoungGen: 344832K(346112K)->1824K(345088K) Eden: 343040K(343040K)->0K(343040K) From: 1792K(3072K)->1824K(2048K)
[68.079s][info][gc,heap        ] GC(610) ParOldGen: 40180K(699392K)->40284K(699392K)
[68.079s][info][gc,metaspace   ] GC(610) Metaspace: 73733K(74176K)->73733K(74176K) NonClass: 58809K(59008K)->58809K(59008K) Class: 14923K(15168K)->14923K(15168K)
[68.079s][info][gc             ] GC(610) Pause Young (Allocation Failure) 375M->41M(1020M) 1.129ms
[68.079s][info][gc,cpu         ] GC(610) User=0.00s Sys=0.00s Real=0.00s
[68.161s][info][gc,start       ] GC(611) Pause Young (Allocation Failure)
[68.162s][info][gc,heap        ] GC(611) PSYoungGen: 344864K(345088K)->1824K(345600K) Eden: 343040K(343040K)->0K(343040K) From: 1824K(2048K)->1824K(2560K)
[68.162s][info][gc,heap        ] GC(611) ParOldGen: 40284K(699392K)->40380K(699392K)
[68.162s][info][gc,metaspace   ] GC(611) Metaspace: 73733K(74176K)->73733K(74176K) NonClass: 58809K(59008K)->58809K(59008K) Class: 14923K(15168K)->14923K(15168K)
[68.162s][info][gc             ] GC(611) Pause Young (Allocation Failure) 376M->41M(1020M) 1.116ms
[68.162s][info][gc,cpu         ] GC(611) User=0.00s Sys=0.00s Real=0.00s
[68.244s][info][gc,start       ] GC(612) Pause Young (Allocation Failure)
[68.245s][info][gc,heap        ] GC(612) PSYoungGen: 344864K(345600K)->1984K(346624K) Eden: 343040K(343040K)->0K(344064K) From: 1824K(2560K)->1984K(2560K)
[68.245s][info][gc,heap        ] GC(612) ParOldGen: 40380K(699392K)->40516K(699392K)
[68.245s][info][gc,metaspace   ] GC(612) Metaspace: 73733K(74176K)->73733K(74176K) NonClass: 58809K(59008K)->58809K(59008K) Class: 14923K(15168K)->14923K(15168K)
[68.245s][info][gc             ] GC(612) Pause Young (Allocation Failure) 376M->41M(1021M) 1.117ms
[68.245s][info][gc,cpu         ] GC(612) User=0.00s Sys=0.00s Real=0.00s
[68.328s][info][gc,start       ] GC(613) Pause Young (Allocation Failure)
[68.329s][info][gc,heap        ] GC(613) PSYoungGen: 346048K(346624K)->1920K(346624K) Eden: 344064K(344064K)->0K(344064K) From: 1984K(2560K)->1920K(2560K)
[68.329s][info][gc,heap        ] GC(613) ParOldGen: 40516K(699392K)->40604K(699392K)
[68.329s][info][gc,metaspace   ] GC(613) Metaspace: 73733K(74176K)->73733K(74176K) NonClass: 58809K(59008K)->58809K(59008K) Class: 14923K(15168K)->14923K(15168K)
[68.329s][info][gc             ] GC(613) Pause Young (Allocation Failure) 377M->41M(1021M) 1.149ms
[68.329s][info][gc,cpu         ] GC(613) User=0.00s Sys=0.00s Real=0.00s
[68.414s][info][gc,start       ] GC(614) Pause Young (Allocation Failure)
[68.415s][info][gc,heap        ] GC(614) PSYoungGen: 345984K(346624K)->1856K(346624K) Eden: 344064K(344064K)->0K(344064K) From: 1920K(2560K)->1856K(2560K)
[68.415s][info][gc,heap        ] GC(614) ParOldGen: 40604K(699392K)->40868K(699392K)
[68.415s][info][gc,metaspace   ] GC(614) Metaspace: 73733K(74176K)->73733K(74176K) NonClass: 58809K(59008K)->58809K(59008K) Class: 14923K(15168K)->14923K(15168K)
[68.415s][info][gc             ] GC(614) Pause Young (Allocation Failure) 377M->41M(1021M) 1.089ms
[68.415s][info][gc,cpu         ] GC(614) User=0.00s Sys=0.00s Real=0.00s
[68.498s][info][gc,start       ] GC(615) Pause Young (Allocation Failure)
[68.499s][info][gc,heap        ] GC(615) PSYoungGen: 345920K(346624K)->1792K(346624K) Eden: 344064K(344064K)->0K(344064K) From: 1856K(2560K)->1792K(2560K)
[68.499s][info][gc,heap        ] GC(615) ParOldGen: 40868K(699392K)->40996K(699392K)
[68.499s][info][gc,metaspace   ] GC(615) Metaspace: 73733K(74176K)->73733K(74176K) NonClass: 58809K(59008K)->58809K(59008K) Class: 14923K(15168K)->14923K(15168K)
[68.499s][info][gc             ] GC(615) Pause Young (Allocation Failure) 377M->41M(1021M) 1.088ms
[68.499s][info][gc,cpu         ] GC(615) User=0.00s Sys=0.00s Real=0.00s
[68.582s][info][gc,start       ] GC(616) Pause Young (Allocation Failure)
[68.583s][info][gc,heap        ] GC(616) PSYoungGen: 345856K(346624K)->1888K(346624K) Eden: 344064K(344064K)->0K(344064K) From: 1792K(2560K)->1888K(2560K)
[68.583s][info][gc,heap        ] GC(616) ParOldGen: 40996K(699392K)->41084K(699392K)
[68.583s][info][gc,metaspace   ] GC(616) Metaspace: 73733K(74176K)->73733K(74176K) NonClass: 58809K(59008K)->58809K(59008K) Class: 14923K(15168K)->14923K(15168K)
[68.583s][info][gc             ] GC(616) Pause Young (Allocation Failure) 377M->41M(1021M) 1.113ms
[68.583s][info][gc,cpu         ] GC(616) User=0.00s Sys=0.00s Real=0.00s
[68.666s][info][gc,start       ] GC(617) Pause Young (Allocation Failure)
[68.667s][info][gc,heap        ] GC(617) PSYoungGen: 345952K(346624K)->1792K(346624K) Eden: 344064K(344064K)->0K(344064K) From: 1888K(2560K)->1792K(2560K)
[68.667s][info][gc,heap        ] GC(617) ParOldGen: 41084K(699392K)->41212K(699392K)
[68.667s][info][gc,metaspace   ] GC(617) Metaspace: 73733K(74176K)->73733K(74176K) NonClass: 58809K(59008K)->58809K(59008K) Class: 14923K(15168K)->14923K(15168K)
[68.667s][info][gc             ] GC(617) Pause Young (Allocation Failure) 377M->41M(1021M) 1.098ms
[68.667s][info][gc,cpu         ] GC(617) User=0.00s Sys=0.00s Real=0.00s
[68.749s][info][gc,start       ] GC(618) Pause Young (Allocation Failure)
[68.750s][info][gc,heap        ] GC(618) PSYoungGen: 345856K(346624K)->1952K(346624K) Eden: 344064K(344064K)->0K(344064K) From: 1792K(2560K)->1952K(2560K)
[68.750s][info][gc,heap        ] GC(618) ParOldGen: 41212K(699392K)->41308K(699392K)
[68.750s][info][gc,metaspace   ] GC(618) Metaspace: 73733K(74176K)->73733K(74176K) NonClass: 58809K(59008K)->58809K(59008K) Class: 14923K(15168K)->14923K(15168K)
[68.750s][info][gc             ] GC(618) Pause Young (Allocation Failure) 377M->42M(1021M) 1.097ms
[68.750s][info][gc,cpu         ] GC(618) User=0.00s Sys=0.00s Real=0.00s
[68.833s][info][gc,start       ] GC(619) Pause Young (Allocation Failure)
[68.834s][info][gc,heap        ] GC(619) PSYoungGen: 346016K(346624K)->1888K(346624K) Eden: 344064K(344064K)->0K(344064K) From: 1952K(2560K)->1888K(2560K)
[68.834s][info][gc,heap        ] GC(619) ParOldGen: 41308K(699392K)->41428K(699392K)
[68.834s][info][gc,metaspace   ] GC(619) Metaspace: 73733K(74176K)->73733K(74176K) NonClass: 58809K(59008K)->58809K(59008K) Class: 14923K(15168K)->14923K(15168K)
[68.834s][info][gc             ] GC(619) Pause Young (Allocation Failure) 378M->42M(1021M) 1.082ms
[68.834s][info][gc,cpu         ] GC(619) User=0.00s Sys=0.00s Real=0.00s
[68.919s][info][gc,start       ] GC(620) Pause Young (Allocation Failure)
[68.920s][info][gc,heap        ] GC(620) PSYoungGen: 345952K(346624K)->1824K(346624K) Eden: 344064K(344064K)->0K(344064K) From: 1888K(2560K)->1824K(2560K)
[68.920s][info][gc,heap        ] GC(620) ParOldGen: 41428K(699392K)->41524K(699392K)
[68.920s][info][gc,metaspace   ] GC(620) Metaspace: 73733K(74176K)->73733K(74176K) NonClass: 58809K(59008K)->58809K(59008K) Class: 14923K(15168K)->14923K(15168K)
[68.920s][info][gc             ] GC(620) Pause Young (Allocation Failure) 378M->42M(1021M) 1.060ms
[68.920s][info][gc,cpu         ] GC(620) User=0.00s Sys=0.00s Real=0.00s
[69.002s][info][gc,start       ] GC(621) Pause Young (Allocation Failure)
[69.003s][info][gc,heap        ] GC(621) PSYoungGen: 345888K(346624K)->1856K(346624K) Eden: 344064K(344064K)->0K(344064K) From: 1824K(2560K)->1856K(2560K)
[69.003s][info][gc,heap        ] GC(621) ParOldGen: 41524K(699392K)->41628K(699392K)
[69.003s][info][gc,metaspace   ] GC(621) Metaspace: 73733K(74176K)->73733K(74176K) NonClass: 58809K(59008K)->58809K(59008K) Class: 14923K(15168K)->14923K(15168K)
[69.003s][info][gc             ] GC(621) Pause Young (Allocation Failure) 378M->42M(1021M) 1.068ms
[69.003s][info][gc,cpu         ] GC(621) User=0.00s Sys=0.00s Real=0.00s
[69.086s][info][gc,start       ] GC(622) Pause Young (Allocation Failure)
[69.087s][info][gc,heap        ] GC(622) PSYoungGen: 345920K(346624K)->1856K(346624K) Eden: 344064K(344064K)->0K(344064K) From: 1856K(2560K)->1856K(2560K)
[69.087s][info][gc,heap        ] GC(622) ParOldGen: 41628K(699392K)->41724K(699392K)
[69.087s][info][gc,metaspace   ] GC(622) Metaspace: 73733K(74176K)->73733K(74176K) NonClass: 58809K(59008K)->58809K(59008K) Class: 14923K(15168K)->14923K(15168K)
[69.087s][info][gc             ] GC(622) Pause Young (Allocation Failure) 378M->42M(1021M) 1.060ms
[69.087s][info][gc,cpu         ] GC(622) User=0.00s Sys=0.00s Real=0.00s
[69.169s][info][gc,start       ] GC(623) Pause Young (Allocation Failure)
[69.170s][info][gc,heap        ] GC(623) PSYoungGen: 345920K(346624K)->1824K(346624K) Eden: 344064K(344064K)->0K(344064K) From: 1856K(2560K)->1824K(2560K)
[69.170s][info][gc,heap        ] GC(623) ParOldGen: 41724K(699392K)->41836K(699392K)
[69.170s][info][gc,metaspace   ] GC(623) Metaspace: 73733K(74176K)->73733K(74176K) NonClass: 58809K(59008K)->58809K(59008K) Class: 14923K(15168K)->14923K(15168K)
[69.170s][info][gc             ] GC(623) Pause Young (Allocation Failure) 378M->42M(1021M) 1.096ms
[69.170s][info][gc,cpu         ] GC(623) User=0.00s Sys=0.00s Real=0.00s
[69.253s][info][gc,start       ] GC(624) Pause Young (Allocation Failure)
[69.254s][info][gc,heap        ] GC(624) PSYoungGen: 345888K(346624K)->1888K(346624K) Eden: 344064K(344064K)->0K(344064K) From: 1824K(2560K)->1888K(2560K)
[69.254s][info][gc,heap        ] GC(624) ParOldGen: 41836K(699392K)->41956K(699392K)
[69.254s][info][gc,metaspace   ] GC(624) Metaspace: 73733K(74176K)->73733K(74176K) NonClass: 58809K(59008K)->58809K(59008K) Class: 14923K(15168K)->14923K(15168K)
[69.254s][info][gc             ] GC(624) Pause Young (Allocation Failure) 378M->42M(1021M) 1.034ms
[69.254s][info][gc,cpu         ] GC(624) User=0.00s Sys=0.00s Real=0.00s
[69.336s][info][gc,start       ] GC(625) Pause Young (Allocation Failure)
[69.337s][info][gc,heap        ] GC(625) PSYoungGen: 345952K(346624K)->1888K(346624K) Eden: 344064K(344064K)->0K(344064K) From: 1888K(2560K)->1888K(2560K)
[69.337s][info][gc,heap        ] GC(625) ParOldGen: 41956K(699392K)->42060K(699392K)
[69.337s][info][gc,metaspace   ] GC(625) Metaspace: 73733K(74176K)->73733K(74176K) NonClass: 58809K(59008K)->58809K(59008K) Class: 14923K(15168K)->14923K(15168K)
[69.337s][info][gc             ] GC(625) Pause Young (Allocation Failure) 378M->42M(1021M) 1.135ms
[69.337s][info][gc,cpu         ] GC(625) User=0.00s Sys=0.00s Real=0.00s
[69.420s][info][gc,start       ] GC(626) Pause Young (Allocation Failure)
[69.421s][info][gc,heap        ] GC(626) PSYoungGen: 345952K(346624K)->1792K(346624K) Eden: 344064K(344064K)->0K(344064K) From: 1888K(2560K)->1792K(2560K)
[69.421s][info][gc,heap        ] GC(626) ParOldGen: 42060K(699392K)->42316K(699392K)
[69.421s][info][gc,metaspace   ] GC(626) Metaspace: 73733K(74176K)->73733K(74176K) NonClass: 58809K(59008K)->58809K(59008K) Class: 14923K(15168K)->14923K(15168K)
[69.421s][info][gc             ] GC(626) Pause Young (Allocation Failure) 378M->43M(1021M) 1.149ms
[69.421s][info][gc,cpu         ] GC(626) User=0.00s Sys=0.00s Real=0.00s
[69.504s][info][gc,start       ] GC(627) Pause Young (Allocation Failure)
[69.505s][info][gc,heap        ] GC(627) PSYoungGen: 345856K(346624K)->1856K(346624K) Eden: 344064K(344064K)->0K(344064K) From: 1792K(2560K)->1856K(2560K)
[69.505s][info][gc,heap        ] GC(627) ParOldGen: 42316K(699392K)->42436K(699392K)
[69.505s][info][gc,metaspace   ] GC(627) Metaspace: 73733K(74176K)->73733K(74176K) NonClass: 58809K(59008K)->58809K(59008K) Class: 14923K(15168K)->14923K(15168K)
[69.505s][info][gc             ] GC(627) Pause Young (Allocation Failure) 379M->43M(1021M) 1.090ms
[69.505s][info][gc,cpu         ] GC(627) User=0.00s Sys=0.00s Real=0.00s
[69.588s][info][gc,start       ] GC(628) Pause Young (Allocation Failure)
[69.589s][info][gc,heap        ] GC(628) PSYoungGen: 345920K(346624K)->1824K(346112K) Eden: 344064K(344064K)->0K(344064K) From: 1856K(2560K)->1824K(2048K)
[69.589s][info][gc,heap        ] GC(628) ParOldGen: 42436K(699392K)->42548K(699392K)
[69.589s][info][gc,metaspace   ] GC(628) Metaspace: 73733K(74176K)->73733K(74176K) NonClass: 58809K(59008K)->58809K(59008K) Class: 14923K(15168K)->14923K(15168K)
[69.589s][info][gc             ] GC(628) Pause Young (Allocation Failure) 379M->43M(1021M) 1.072ms
[69.589s][info][gc,cpu         ] GC(628) User=0.00s Sys=0.00s Real=0.00s
[69.671s][info][gc,start       ] GC(629) Pause Young (Allocation Failure)
[69.672s][info][gc,heap        ] GC(629) PSYoungGen: 345888K(346112K)->1920K(346624K) Eden: 344064K(344064K)->0K(344576K) From: 1824K(2048K)->1920K(2048K)
[69.672s][info][gc,heap        ] GC(629) ParOldGen: 42548K(699392K)->42676K(699392K)
[69.672s][info][gc,metaspace   ] GC(629) Metaspace: 73733K(74176K)->73733K(74176K) NonClass: 58809K(59008K)->58809K(59008K) Class: 14923K(15168K)->14923K(15168K)
[69.673s][info][gc             ] GC(629) Pause Young (Allocation Failure) 379M->43M(1021M) 1.105ms
[69.673s][info][gc,cpu         ] GC(629) User=0.00s Sys=0.00s Real=0.00s
[69.755s][info][gc,start       ] GC(630) Pause Young (Allocation Failure)
[69.756s][info][gc,heap        ] GC(630) PSYoungGen: 346496K(346624K)->1952K(346624K) Eden: 344576K(344576K)->0K(344064K) From: 1920K(2048K)->1952K(2560K)
[69.756s][info][gc,heap        ] GC(630) ParOldGen: 42676K(699392K)->42812K(699392K)
[69.756s][info][gc,metaspace   ] GC(630) Metaspace: 73733K(74176K)->73733K(74176K) NonClass: 58809K(59008K)->58809K(59008K) Class: 14923K(15168K)->14923K(15168K)
[69.756s][info][gc             ] GC(630) Pause Young (Allocation Failure) 380M->43M(1021M) 1.080ms
[69.756s][info][gc,cpu         ] GC(630) User=0.00s Sys=0.00s Real=0.00s
[69.838s][info][gc,start       ] GC(631) Pause Young (Allocation Failure)
[69.840s][info][gc,heap        ] GC(631) PSYoungGen: 346016K(346624K)->1920K(346624K) Eden: 344064K(344064K)->0K(344064K) From: 1952K(2560K)->1920K(2560K)
[69.840s][info][gc,heap        ] GC(631) ParOldGen: 42812K(699392K)->42932K(699392K)
[69.840s][info][gc,metaspace   ] GC(631) Metaspace: 73733K(74176K)->73733K(74176K) NonClass: 58809K(59008K)->58809K(59008K) Class: 14923K(15168K)->14923K(15168K)
[69.840s][info][gc             ] GC(631) Pause Young (Allocation Failure) 379M->43M(1021M) 1.089ms
[69.840s][info][gc,cpu         ] GC(631) User=0.00s Sys=0.00s Real=0.00s
[69.922s][info][gc,start       ] GC(632) Pause Young (Allocation Failure)
[69.923s][info][gc,heap        ] GC(632) PSYoungGen: 345984K(346624K)->1888K(346624K) Eden: 344064K(344064K)->0K(344064K) From: 1920K(2560K)->1888K(2560K)
[69.923s][info][gc,heap        ] GC(632) ParOldGen: 42932K(699392K)->43036K(699392K)
[69.923s][info][gc,metaspace   ] GC(632) Metaspace: 73733K(74176K)->73733K(74176K) NonClass: 58809K(59008K)->58809K(59008K) Class: 14923K(15168K)->14923K(15168K)
[69.923s][info][gc             ] GC(632) Pause Young (Allocation Failure) 379M->43M(1021M) 1.170ms
[69.923s][info][gc,cpu         ] GC(632) User=0.00s Sys=0.00s Real=0.00s
[70.006s][info][gc,start       ] GC(633) Pause Young (Allocation Failure)
[70.032s][info][gc,heap        ] GC(633) PSYoungGen: 345952K(346624K)->1952K(346624K) Eden: 344064K(344064K)->0K(344064K) From: 1888K(2560K)->1952K(2560K)
[70.032s][info][gc,heap        ] GC(633) ParOldGen: 43036K(699392K)->43124K(699392K)
[70.033s][info][gc,metaspace   ] GC(633) Metaspace: 73733K(74176K)->73733K(74176K) NonClass: 58809K(59008K)->58809K(59008K) Class: 14923K(15168K)->14923K(15168K)
[70.033s][info][gc             ] GC(633) Pause Young (Allocation Failure) 379M->44M(1021M) 26.657ms
[70.033s][info][gc,cpu         ] GC(633) User=0.00s Sys=0.00s Real=0.02s
[70.122s][info][gc,start       ] GC(634) Pause Young (Allocation Failure)
[70.123s][info][gc,heap        ] GC(634) PSYoungGen: 346016K(346624K)->1952K(346624K) Eden: 344064K(344064K)->0K(344064K) From: 1952K(2560K)->1952K(2560K)
[70.124s][info][gc,heap        ] GC(634) ParOldGen: 43124K(699392K)->43212K(699392K)
[70.124s][info][gc,metaspace   ] GC(634) Metaspace: 73733K(74176K)->73733K(74176K) NonClass: 58809K(59008K)->58809K(59008K) Class: 14923K(15168K)->14923K(15168K)
[70.124s][info][gc             ] GC(634) Pause Young (Allocation Failure) 380M->44M(1021M) 1.098ms
[70.124s][info][gc,cpu         ] GC(634) User=0.00s Sys=0.00s Real=0.00s
[70.206s][info][gc,start       ] GC(635) Pause Young (Allocation Failure)
[70.207s][info][gc,heap        ] GC(635) PSYoungGen: 346016K(346624K)->1888K(346624K) Eden: 344064K(344064K)->0K(344064K) From: 1952K(2560K)->1888K(2560K)
[70.207s][info][gc,heap        ] GC(635) ParOldGen: 43212K(699392K)->43300K(699392K)
[70.207s][info][gc,metaspace   ] GC(635) Metaspace: 73733K(74176K)->73733K(74176K) NonClass: 58809K(59008K)->58809K(59008K) Class: 14923K(15168K)->14923K(15168K)
[70.207s][info][gc             ] GC(635) Pause Young (Allocation Failure) 380M->44M(1021M) 1.088ms
[70.207s][info][gc,cpu         ] GC(635) User=0.00s Sys=0.00s Real=0.00s
[70.290s][info][gc,start       ] GC(636) Pause Young (Allocation Failure)
[70.291s][info][gc,heap        ] GC(636) PSYoungGen: 345952K(346624K)->1952K(346624K) Eden: 344064K(344064K)->0K(344064K) From: 1888K(2560K)->1952K(2560K)
[70.291s][info][gc,heap        ] GC(636) ParOldGen: 43300K(699392K)->43404K(699392K)
[70.291s][info][gc,metaspace   ] GC(636) Metaspace: 73733K(74176K)->73733K(74176K) NonClass: 58809K(59008K)->58809K(59008K) Class: 14923K(15168K)->14923K(15168K)
[70.291s][info][gc             ] GC(636) Pause Young (Allocation Failure) 380M->44M(1021M) 1.144ms
[70.291s][info][gc,cpu         ] GC(636) User=0.00s Sys=0.00s Real=0.00s
[70.374s][info][gc,start       ] GC(637) Pause Young (Allocation Failure)
[70.375s][info][gc,heap        ] GC(637) PSYoungGen: 346016K(346624K)->1984K(346624K) Eden: 344064K(344064K)->0K(344064K) From: 1952K(2560K)->1984K(2560K)
[70.375s][info][gc,heap        ] GC(637) ParOldGen: 43404K(699392K)->43548K(699392K)
[70.375s][info][gc,metaspace   ] GC(637) Metaspace: 73733K(74176K)->73733K(74176K) NonClass: 58809K(59008K)->58809K(59008K) Class: 14923K(15168K)->14923K(15168K)
[70.375s][info][gc             ] GC(637) Pause Young (Allocation Failure) 380M->44M(1021M) 1.118ms
[70.375s][info][gc,cpu         ] GC(637) User=0.00s Sys=0.00s Real=0.00s
[70.457s][info][gc,start       ] GC(638) Pause Young (Allocation Failure)
[70.458s][info][gc,heap        ] GC(638) PSYoungGen: 346048K(346624K)->1824K(346624K) Eden: 344064K(344064K)->0K(344064K) From: 1984K(2560K)->1824K(2560K)
[70.458s][info][gc,heap        ] GC(638) ParOldGen: 43548K(699392K)->43804K(699392K)
[70.458s][info][gc,metaspace   ] GC(638) Metaspace: 73733K(74176K)->73733K(74176K) NonClass: 58809K(59008K)->58809K(59008K) Class: 14923K(15168K)->14923K(15168K)
[70.458s][info][gc             ] GC(638) Pause Young (Allocation Failure) 380M->44M(1021M) 1.087ms
[70.458s][info][gc,cpu         ] GC(638) User=0.00s Sys=0.00s Real=0.00s
[70.541s][info][gc,start       ] GC(639) Pause Young (Allocation Failure)
[70.542s][info][gc,heap        ] GC(639) PSYoungGen: 345888K(346624K)->1856K(346624K) Eden: 344064K(344064K)->0K(344064K) From: 1824K(2560K)->1856K(2560K)
[70.542s][info][gc,heap        ] GC(639) ParOldGen: 43804K(699392K)->43892K(699392K)
[70.542s][info][gc,metaspace   ] GC(639) Metaspace: 73733K(74176K)->73733K(74176K) NonClass: 58809K(59008K)->58809K(59008K) Class: 14923K(15168K)->14923K(15168K)
[70.542s][info][gc             ] GC(639) Pause Young (Allocation Failure) 380M->44M(1021M) 1.090ms
[70.542s][info][gc,cpu         ] GC(639) User=0.00s Sys=0.00s Real=0.00s
[70.625s][info][gc,start       ] GC(640) Pause Young (Allocation Failure)
[70.626s][info][gc,heap        ] GC(640) PSYoungGen: 345920K(346624K)->1824K(346624K) Eden: 344064K(344064K)->0K(344064K) From: 1856K(2560K)->1824K(2560K)
[70.626s][info][gc,heap        ] GC(640) ParOldGen: 43892K(699392K)->43996K(699392K)
[70.626s][info][gc,metaspace   ] GC(640) Metaspace: 73733K(74176K)->73733K(74176K) NonClass: 58809K(59008K)->58809K(59008K) Class: 14923K(15168K)->14923K(15168K)
[70.626s][info][gc             ] GC(640) Pause Young (Allocation Failure) 380M->44M(1021M) 1.109ms
[70.626s][info][gc,cpu         ] GC(640) User=0.00s Sys=0.00s Real=0.00s
[70.708s][info][gc,start       ] GC(641) Pause Young (Allocation Failure)
[70.709s][info][gc,heap        ] GC(641) PSYoungGen: 345888K(346624K)->1856K(346112K) Eden: 344064K(344064K)->0K(344064K) From: 1824K(2560K)->1856K(2048K)
[70.709s][info][gc,heap        ] GC(641) ParOldGen: 43996K(699392K)->44100K(699392K)
[70.709s][info][gc,metaspace   ] GC(641) Metaspace: 73733K(74176K)->73733K(74176K) NonClass: 58809K(59008K)->58809K(59008K) Class: 14923K(15168K)->14923K(15168K)
[70.709s][info][gc             ] GC(641) Pause Young (Allocation Failure) 380M->44M(1021M) 1.174ms
[70.709s][info][gc,cpu         ] GC(641) User=0.00s Sys=0.00s Real=0.00s
[70.792s][info][gc,start       ] GC(642) Pause Young (Allocation Failure)
[70.793s][info][gc,heap        ] GC(642) PSYoungGen: 345920K(346112K)->1856K(346112K) Eden: 344064K(344064K)->0K(344064K) From: 1856K(2048K)->1856K(2048K)
[70.793s][info][gc,heap        ] GC(642) ParOldGen: 44100K(699392K)->44228K(699392K)
[70.793s][info][gc,metaspace   ] GC(642) Metaspace: 73733K(74176K)->73733K(74176K) NonClass: 58809K(59008K)->58809K(59008K) Class: 14923K(15168K)->14923K(15168K)
[70.793s][info][gc             ] GC(642) Pause Young (Allocation Failure) 380M->45M(1021M) 1.118ms
[70.793s][info][gc,cpu         ] GC(642) User=0.00s Sys=0.00s Real=0.00s
[70.875s][info][gc,start       ] GC(643) Pause Young (Allocation Failure)
[70.876s][info][gc,heap        ] GC(643) PSYoungGen: 345920K(346112K)->1952K(346112K) Eden: 344064K(344064K)->0K(344064K) From: 1856K(2048K)->1952K(2048K)
[70.876s][info][gc,heap        ] GC(643) ParOldGen: 44228K(699392K)->44364K(699392K)
[70.876s][info][gc,metaspace   ] GC(643) Metaspace: 73733K(74176K)->73733K(74176K) NonClass: 58809K(59008K)->58809K(59008K) Class: 14923K(15168K)->14923K(15168K)
[70.876s][info][gc             ] GC(643) Pause Young (Allocation Failure) 381M->45M(1021M) 1.115ms
[70.876s][info][gc,cpu         ] GC(643) User=0.00s Sys=0.00s Real=0.00s
[70.959s][info][gc,start       ] GC(644) Pause Young (Allocation Failure)
[70.960s][info][gc,heap        ] GC(644) PSYoungGen: 346016K(346112K)->1888K(347136K) Eden: 344064K(344064K)->0K(345088K) From: 1952K(2048K)->1888K(2048K)
[70.960s][info][gc,heap        ] GC(644) ParOldGen: 44364K(699392K)->44460K(699392K)
[70.960s][info][gc,metaspace   ] GC(644) Metaspace: 73733K(74176K)->73733K(74176K) NonClass: 58809K(59008K)->58809K(59008K) Class: 14923K(15168K)->14923K(15168K)
[70.960s][info][gc             ] GC(644) Pause Young (Allocation Failure) 381M->45M(1022M) 1.157ms
[70.960s][info][gc,cpu         ] GC(644) User=0.00s Sys=0.00s Real=0.00s
[71.042s][info][gc,start       ] GC(645) Pause Young (Allocation Failure)
[71.043s][info][gc,heap        ] GC(645) PSYoungGen: 346976K(347136K)->1824K(347136K) Eden: 345088K(345088K)->0K(345088K) From: 1888K(2048K)->1824K(2048K)
[71.043s][info][gc,heap        ] GC(645) ParOldGen: 44460K(699392K)->44556K(699392K)
[71.043s][info][gc,metaspace   ] GC(645) Metaspace: 73733K(74176K)->73733K(74176K) NonClass: 58809K(59008K)->58809K(59008K) Class: 14923K(15168K)->14923K(15168K)
[71.043s][info][gc             ] GC(645) Pause Young (Allocation Failure) 382M->45M(1022M) 1.056ms
[71.043s][info][gc,cpu         ] GC(645) User=0.00s Sys=0.00s Real=0.00s
[71.126s][info][gc,start       ] GC(646) Pause Young (Allocation Failure)
[71.127s][info][gc,heap        ] GC(646) PSYoungGen: 346912K(347136K)->1856K(347136K) Eden: 345088K(345088K)->0K(345088K) From: 1824K(2048K)->1856K(2048K)
[71.127s][info][gc,heap        ] GC(646) ParOldGen: 44556K(699392K)->44684K(699392K)
[71.127s][info][gc,metaspace   ] GC(646) Metaspace: 73733K(74176K)->73733K(74176K) NonClass: 58809K(59008K)->58809K(59008K) Class: 14923K(15168K)->14923K(15168K)
[71.127s][info][gc             ] GC(646) Pause Young (Allocation Failure) 382M->45M(1022M) 1.126ms
[71.127s][info][gc,cpu         ] GC(646) User=0.00s Sys=0.00s Real=0.00s
[71.212s][info][gc,start       ] GC(647) Pause Young (Allocation Failure)
[71.213s][info][gc,heap        ] GC(647) PSYoungGen: 346944K(347136K)->1824K(347136K) Eden: 345088K(345088K)->0K(345088K) From: 1856K(2048K)->1824K(2048K)
[71.213s][info][gc,heap        ] GC(647) ParOldGen: 44684K(699392K)->44788K(699392K)
[71.213s][info][gc,metaspace   ] GC(647) Metaspace: 73747K(74176K)->73747K(74176K) NonClass: 58824K(59008K)->58824K(59008K) Class: 14923K(15168K)->14923K(15168K)
[71.213s][info][gc             ] GC(647) Pause Young (Allocation Failure) 382M->45M(1022M) 1.164ms
[71.213s][info][gc,cpu         ] GC(647) User=0.00s Sys=0.00s Real=0.00s
[71.296s][info][gc,start       ] GC(648) Pause Young (Allocation Failure)
[71.297s][info][gc,heap        ] GC(648) PSYoungGen: 346912K(347136K)->1824K(347136K) Eden: 345088K(345088K)->0K(345088K) From: 1824K(2048K)->1824K(2048K)
[71.297s][info][gc,heap        ] GC(648) ParOldGen: 44788K(699392K)->45004K(699392K)
[71.297s][info][gc,metaspace   ] GC(648) Metaspace: 73747K(74176K)->73747K(74176K) NonClass: 58824K(59008K)->58824K(59008K) Class: 14923K(15168K)->14923K(15168K)
[71.297s][info][gc             ] GC(648) Pause Young (Allocation Failure) 382M->45M(1022M) 1.148ms
[71.297s][info][gc,cpu         ] GC(648) User=0.00s Sys=0.00s Real=0.00s
[71.381s][info][gc,start       ] GC(649) Pause Young (Allocation Failure)
[71.392s][info][gc,heap        ] GC(649) PSYoungGen: 346912K(347136K)->1888K(347136K) Eden: 345088K(345088K)->0K(345088K) From: 1824K(2048K)->1888K(2048K)
[71.392s][info][gc,heap        ] GC(649) ParOldGen: 45004K(699392K)->45188K(699392K)
[71.392s][info][gc,metaspace   ] GC(649) Metaspace: 73747K(74176K)->73747K(74176K) NonClass: 58824K(59008K)->58824K(59008K) Class: 14923K(15168K)->14923K(15168K)
[71.392s][info][gc             ] GC(649) Pause Young (Allocation Failure) 382M->45M(1022M) 10.152ms
[71.392s][info][gc,cpu         ] GC(649) User=0.00s Sys=0.00s Real=0.00s
[71.477s][info][gc,start       ] GC(650) Pause Young (Allocation Failure)
[71.478s][info][gc,heap        ] GC(650) PSYoungGen: 346976K(347136K)->1632K(347136K) Eden: 345088K(345088K)->0K(345088K) From: 1888K(2048K)->1632K(2048K)
[71.478s][info][gc,heap        ] GC(650) ParOldGen: 45188K(699392K)->45500K(699392K)
[71.478s][info][gc,metaspace   ] GC(650) Metaspace: 73747K(74176K)->73747K(74176K) NonClass: 58824K(59008K)->58824K(59008K) Class: 14923K(15168K)->14923K(15168K)
[71.478s][info][gc             ] GC(650) Pause Young (Allocation Failure) 382M->46M(1022M) 1.070ms
[71.478s][info][gc,cpu         ] GC(650) User=0.00s Sys=0.00s Real=0.00s
[71.563s][info][gc,start       ] GC(651) Pause Young (Allocation Failure)
[71.564s][info][gc,heap        ] GC(651) PSYoungGen: 346720K(347136K)->1664K(347136K) Eden: 345088K(345088K)->0K(345088K) From: 1632K(2048K)->1664K(2048K)
[71.564s][info][gc,heap        ] GC(651) ParOldGen: 45500K(699392K)->45716K(699392K)
[71.564s][info][gc,metaspace   ] GC(651) Metaspace: 73747K(74176K)->73747K(74176K) NonClass: 58824K(59008K)->58824K(59008K) Class: 14923K(15168K)->14923K(15168K)
[71.564s][info][gc             ] GC(651) Pause Young (Allocation Failure) 383M->46M(1022M) 1.040ms
[71.564s][info][gc,cpu         ] GC(651) User=0.00s Sys=0.00s Real=0.00s
[71.653s][info][gc,start       ] GC(652) Pause Young (Allocation Failure)
[71.654s][info][gc,heap        ] GC(652) PSYoungGen: 346752K(347136K)->1632K(346112K) Eden: 345088K(345088K)->0K(344064K) From: 1664K(2048K)->1632K(2048K)
[71.654s][info][gc,heap        ] GC(652) ParOldGen: 45716K(699392K)->45956K(699392K)
[71.654s][info][gc,metaspace   ] GC(652) Metaspace: 73747K(74176K)->73747K(74176K) NonClass: 58824K(59008K)->58824K(59008K) Class: 14923K(15168K)->14923K(15168K)
[71.654s][info][gc             ] GC(652) Pause Young (Allocation Failure) 383M->46M(1021M) 1.004ms
[71.655s][info][gc,cpu         ] GC(652) User=0.00s Sys=0.00s Real=0.00s
[71.754s][info][gc,start       ] GC(653) Pause Young (Allocation Failure)
[71.755s][info][gc,heap        ] GC(653) PSYoungGen: 345696K(346112K)->1568K(336384K) Eden: 344064K(344064K)->0K(334336K) From: 1632K(2048K)->1568K(2048K)
[71.755s][info][gc,heap        ] GC(653) ParOldGen: 45956K(699392K)->46300K(699392K)
[71.755s][info][gc,metaspace   ] GC(653) Metaspace: 73748K(74176K)->73748K(74176K) NonClass: 58825K(59008K)->58825K(59008K) Class: 14923K(15168K)->14923K(15168K)
[71.755s][info][gc             ] GC(653) Pause Young (Allocation Failure) 382M->46M(1011M) 1.199ms
[71.755s][info][gc,cpu         ] GC(653) User=0.00s Sys=0.00s Real=0.00s
[71.864s][info][gc,start       ] GC(654) Pause Young (Allocation Failure)
[71.865s][info][gc,heap        ] GC(654) PSYoungGen: 335904K(336384K)->1344K(326656K) Eden: 334336K(334336K)->0K(325120K) From: 1568K(2048K)->1344K(1536K)
[71.865s][info][gc,heap        ] GC(654) ParOldGen: 46300K(699392K)->46644K(699392K)
[71.865s][info][gc,metaspace   ] GC(654) Metaspace: 73751K(74240K)->73751K(74240K) NonClass: 58828K(59072K)->58828K(59072K) Class: 14923K(15168K)->14923K(15168K)
[71.865s][info][gc             ] GC(654) Pause Young (Allocation Failure) 373M->46M(1002M) 1.057ms
[71.865s][info][gc,cpu         ] GC(654) User=0.00s Sys=0.00s Real=0.00s
[71.988s][info][gc,start       ] GC(655) Pause Young (Allocation Failure)
[71.989s][info][gc,heap        ] GC(655) PSYoungGen: 326464K(326656K)->1216K(317952K) Eden: 325120K(325120K)->0K(316416K) From: 1344K(1536K)->1216K(1536K)
[71.989s][info][gc,heap        ] GC(655) ParOldGen: 46644K(699392K)->46964K(699392K)
[71.989s][info][gc,metaspace   ] GC(655) Metaspace: 73751K(74240K)->73751K(74240K) NonClass: 58828K(59072K)->58828K(59072K) Class: 14923K(15168K)->14923K(15168K)
[71.989s][info][gc             ] GC(655) Pause Young (Allocation Failure) 364M->47M(993M) 1.103ms
[71.989s][info][gc,cpu         ] GC(655) User=0.00s Sys=0.00s Real=0.00s
[72.117s][info][gc,start       ] GC(656) Pause Young (Allocation Failure)
[72.118s][info][gc,heap        ] GC(656) PSYoungGen: 317632K(317952K)->1024K(309248K) Eden: 316416K(316416K)->0K(308224K) From: 1216K(1536K)->1024K(1024K)
[72.118s][info][gc,heap        ] GC(656) ParOldGen: 46964K(699392K)->47164K(699392K)
[72.118s][info][gc,metaspace   ] GC(656) Metaspace: 73751K(74240K)->73751K(74240K) NonClass: 58828K(59072K)->58828K(59072K) Class: 14923K(15168K)->14923K(15168K)
[72.118s][info][gc             ] GC(656) Pause Young (Allocation Failure) 356M->47M(985M) 1.060ms
[72.118s][info][gc,cpu         ] GC(656) User=0.00s Sys=0.00s Real=0.00s
[72.277s][info][gc,start       ] GC(657) Pause Young (Allocation Failure)
[72.278s][info][gc,heap        ] GC(657) PSYoungGen: 309248K(309248K)->896K(301056K) Eden: 308224K(308224K)->0K(300032K) From: 1024K(1024K)->896K(1024K)
[72.278s][info][gc,heap        ] GC(657) ParOldGen: 47164K(699392K)->47484K(699392K)
[72.278s][info][gc,metaspace   ] GC(657) Metaspace: 73751K(74240K)->73751K(74240K) NonClass: 58828K(59072K)->58828K(59072K) Class: 14923K(15168K)->14923K(15168K)
[72.278s][info][gc             ] GC(657) Pause Young (Allocation Failure) 348M->47M(977M) 0.839ms
[72.278s][info][gc,cpu         ] GC(657) User=0.00s Sys=0.00s Real=0.00s
[72.445s][info][gc,start       ] GC(658) Pause Young (Allocation Failure)
[72.445s][info][gc,heap        ] GC(658) PSYoungGen: 300928K(301056K)->768K(293376K) Eden: 300032K(300032K)->0K(292352K) From: 896K(1024K)->768K(1024K)
[72.445s][info][gc,heap        ] GC(658) ParOldGen: 47484K(699392K)->47620K(699392K)
[72.446s][info][gc,metaspace   ] GC(658) Metaspace: 73751K(74240K)->73751K(74240K) NonClass: 58828K(59072K)->58828K(59072K) Class: 14923K(15168K)->14923K(15168K)
[72.446s][info][gc             ] GC(658) Pause Young (Allocation Failure) 340M->47M(969M) 0.834ms
[72.446s][info][gc,cpu         ] GC(658) User=0.00s Sys=0.00s Real=0.00s
[72.627s][info][gc,start       ] GC(659) Pause Young (Allocation Failure)
[72.628s][info][gc,heap        ] GC(659) PSYoungGen: 293120K(293376K)->736K(285696K) Eden: 292352K(292352K)->0K(284672K) From: 768K(1024K)->736K(1024K)
[72.628s][info][gc,heap        ] GC(659) ParOldGen: 47620K(699392K)->47812K(699392K)
[72.628s][info][gc,metaspace   ] GC(659) Metaspace: 73751K(74240K)->73751K(74240K) NonClass: 58828K(59072K)->58828K(59072K) Class: 14923K(15168K)->14923K(15168K)
[72.628s][info][gc             ] GC(659) Pause Young (Allocation Failure) 332M->47M(962M) 0.679ms
[72.628s][info][gc,cpu         ] GC(659) User=0.00s Sys=0.00s Real=0.00s
[72.804s][info][gc,start       ] GC(660) Pause Young (Allocation Failure)
[72.805s][info][gc,heap        ] GC(660) PSYoungGen: 285408K(285696K)->736K(278528K) Eden: 284672K(284672K)->0K(277504K) From: 736K(1024K)->736K(1024K)
[72.805s][info][gc,heap        ] GC(660) ParOldGen: 47812K(699392K)->47828K(699392K)
[72.805s][info][gc,metaspace   ] GC(660) Metaspace: 73751K(74240K)->73751K(74240K) NonClass: 58828K(59072K)->58828K(59072K) Class: 14923K(15168K)->14923K(15168K)
[72.805s][info][gc             ] GC(660) Pause Young (Allocation Failure) 325M->47M(955M) 0.808ms
[72.805s][info][gc,cpu         ] GC(660) User=0.00s Sys=0.00s Real=0.00s
[72.976s][info][gc,start       ] GC(661) Pause Young (Allocation Failure)
[72.977s][info][gc,heap        ] GC(661) PSYoungGen: 278240K(278528K)->704K(271872K) Eden: 277504K(277504K)->0K(270848K) From: 736K(1024K)->704K(1024K)
[72.977s][info][gc,heap        ] GC(661) ParOldGen: 47828K(699392K)->47868K(699392K)
[72.977s][info][gc,metaspace   ] GC(661) Metaspace: 73751K(74240K)->73751K(74240K) NonClass: 58828K(59072K)->58828K(59072K) Class: 14923K(15168K)->14923K(15168K)
[72.977s][info][gc             ] GC(661) Pause Young (Allocation Failure) 318M->47M(948M) 0.656ms
[72.977s][info][gc,cpu         ] GC(661) User=0.00s Sys=0.00s Real=0.00s
[73.144s][info][gc,start       ] GC(662) Pause Young (Allocation Failure)
[73.145s][info][gc,heap        ] GC(662) PSYoungGen: 271552K(271872K)->704K(265216K) Eden: 270848K(270848K)->0K(264192K) From: 704K(1024K)->704K(1024K)
[73.145s][info][gc,heap        ] GC(662) ParOldGen: 47868K(699392K)->47940K(699392K)
[73.145s][info][gc,metaspace   ] GC(662) Metaspace: 73751K(74240K)->73751K(74240K) NonClass: 58828K(59072K)->58828K(59072K) Class: 14923K(15168K)->14923K(15168K)
[73.145s][info][gc             ] GC(662) Pause Young (Allocation Failure) 311M->47M(942M) 0.773ms
[73.145s][info][gc,cpu         ] GC(662) User=0.00s Sys=0.00s Real=0.00s
[73.309s][info][gc,start       ] GC(663) Pause Young (Allocation Failure)
[73.310s][info][gc,heap        ] GC(663) PSYoungGen: 264896K(265216K)->704K(259072K) Eden: 264192K(264192K)->0K(258048K) From: 704K(1024K)->704K(1024K)
[73.310s][info][gc,heap        ] GC(663) ParOldGen: 47940K(699392K)->47948K(699392K)
[73.310s][info][gc,metaspace   ] GC(663) Metaspace: 73751K(74240K)->73751K(74240K) NonClass: 58828K(59072K)->58828K(59072K) Class: 14923K(15168K)->14923K(15168K)
[73.310s][info][gc             ] GC(663) Pause Young (Allocation Failure) 305M->47M(936M) 0.685ms
[73.310s][info][gc,cpu         ] GC(663) User=0.00s Sys=0.00s Real=0.00s
[73.467s][info][gc,start       ] GC(664) Pause Young (System.gc())
[73.469s][info][gc,heap        ] GC(664) PSYoungGen: 225883K(259072K)->1152K(259584K) Eden: 225179K(258048K)->0K(258048K) From: 704K(1024K)->1152K(1536K)
[73.469s][info][gc,heap        ] GC(664) ParOldGen: 47948K(699392K)->47988K(699392K)
[73.469s][info][gc,metaspace   ] GC(664) Metaspace: 73756K(74240K)->73756K(74240K) NonClass: 58833K(59072K)->58833K(59072K) Class: 14923K(15168K)->14923K(15168K)
[73.469s][info][gc             ] GC(664) Pause Young (System.gc()) 267M->47M(936M) 1.311ms
[73.469s][info][gc,cpu         ] GC(664) User=0.00s Sys=0.00s Real=0.00s
[73.469s][info][gc,start       ] GC(665) Pause Full (System.gc())
[73.469s][info][gc,phases,start] GC(665) Marking Phase
[73.506s][info][gc,phases      ] GC(665) Marking Phase 37.353ms
[73.506s][info][gc,phases,start] GC(665) Summary Phase
[73.506s][info][gc,phases      ] GC(665) Summary Phase 0.014ms
[73.506s][info][gc,phases,start] GC(665) Adjust Roots
[73.515s][info][gc,phases      ] GC(665) Adjust Roots 8.974ms
[73.515s][info][gc,phases,start] GC(665) Compaction Phase
[73.523s][info][gc,phases      ] GC(665) Compaction Phase 7.990ms
[73.523s][info][gc,phases,start] GC(665) Post Compact
[73.524s][info][gc,phases      ] GC(665) Post Compact 0.670ms
[73.524s][info][gc,heap        ] GC(665) PSYoungGen: 1152K(259584K)->0K(259584K) Eden: 0K(258048K)->0K(258048K) From: 1152K(1536K)->0K(1536K)
[73.524s][info][gc,heap        ] GC(665) ParOldGen: 47988K(699392K)->35426K(699392K)
[73.524s][info][gc,metaspace   ] GC(665) Metaspace: 73756K(74240K)->73756K(74240K) NonClass: 58833K(59072K)->58833K(59072K) Class: 14923K(15168K)->14923K(15168K)
[73.524s][info][gc             ] GC(665) Pause Full (System.gc()) 47M->34M(936M) 55.343ms
[73.524s][info][gc,cpu         ] GC(665) User=0.55s Sys=0.00s Real=0.05s
[73.619s][info][gc,start       ] GC(666) Pause Young (Allocation Failure)
[73.621s][info][gc,heap        ] GC(666) PSYoungGen: 258048K(259584K)->2560K(254464K) Eden: 258048K(258048K)->0K(251904K) From: 0K(1536K)->2560K(2560K)
[73.621s][info][gc,heap        ] GC(666) ParOldGen: 35426K(699392K)->36562K(699392K)
[73.621s][info][gc,metaspace   ] GC(666) Metaspace: 73835K(74368K)->73835K(74368K) NonClass: 58912K(59200K)->58912K(59200K) Class: 14923K(15168K)->14923K(15168K)
[73.621s][info][gc             ] GC(666) Pause Young (Allocation Failure) 286M->38M(931M) 1.975ms
[73.621s][info][gc,cpu         ] GC(666) User=0.00s Sys=0.00s Real=0.00s
[73.681s][info][gc,start       ] GC(667) Pause Young (Allocation Failure)
[73.682s][info][gc,heap        ] GC(667) PSYoungGen: 254464K(254464K)->1536K(247296K) Eden: 251904K(251904K)->0K(245760K) From: 2560K(2560K)->1536K(1536K)
[73.683s][info][gc,heap        ] GC(667) ParOldGen: 36562K(699392K)->38426K(699392K)
[73.683s][info][gc,metaspace   ] GC(667) Metaspace: 73835K(74368K)->73835K(74368K) NonClass: 58912K(59200K)->58912K(59200K) Class: 14923K(15168K)->14923K(15168K)
[73.683s][info][gc             ] GC(667) Pause Young (Allocation Failure) 284M->39M(924M) 1.607ms
[73.683s][info][gc,cpu         ] GC(667) User=0.00s Sys=0.00s Real=0.00s
[73.741s][info][gc,start       ] GC(668) Pause Young (Allocation Failure)
[73.743s][info][gc,heap        ] GC(668) PSYoungGen: 247296K(247296K)->1920K(296960K) Eden: 245760K(245760K)->0K(294912K) From: 1536K(1536K)->1920K(2048K)
[73.743s][info][gc,heap        ] GC(668) ParOldGen: 38426K(699392K)->38634K(699392K)
[73.743s][info][gc,metaspace   ] GC(668) Metaspace: 73835K(74368K)->73835K(74368K) NonClass: 58912K(59200K)->58912K(59200K) Class: 14923K(15168K)->14923K(15168K)
[73.743s][info][gc             ] GC(668) Pause Young (Allocation Failure) 279M->39M(973M) 1.339ms
[73.743s][info][gc,cpu         ] GC(668) User=0.00s Sys=0.00s Real=0.00s
[73.813s][info][gc,start       ] GC(669) Pause Young (Allocation Failure)
[73.814s][info][gc,heap        ] GC(669) PSYoungGen: 296832K(296960K)->1984K(331776K) Eden: 294912K(294912K)->0K(328192K) From: 1920K(2048K)->1984K(3584K)
[73.814s][info][gc,heap        ] GC(669) ParOldGen: 38634K(699392K)->38698K(699392K)
[73.814s][info][gc,metaspace   ] GC(669) Metaspace: 73835K(74368K)->73835K(74368K) NonClass: 58912K(59200K)->58912K(59200K) Class: 14923K(15168K)->14923K(15168K)
[73.814s][info][gc             ] GC(669) Pause Young (Allocation Failure) 327M->39M(1007M) 1.235ms
[73.814s][info][gc,cpu         ] GC(669) User=0.00s Sys=0.00s Real=0.00s
[73.892s][info][gc,start       ] GC(670) Pause Young (Allocation Failure)
[73.893s][info][gc,heap        ] GC(670) PSYoungGen: 330176K(331776K)->1856K(331776K) Eden: 328192K(328192K)->0K(328192K) From: 1984K(3584K)->1856K(3584K)
[73.893s][info][gc,heap        ] GC(670) ParOldGen: 38698K(699392K)->38786K(699392K)
[73.894s][info][gc,metaspace   ] GC(670) Metaspace: 73835K(74368K)->73835K(74368K) NonClass: 58912K(59200K)->58912K(59200K) Class: 14923K(15168K)->14923K(15168K)
[73.894s][info][gc             ] GC(670) Pause Young (Allocation Failure) 360M->39M(1007M) 1.119ms
[73.894s][info][gc,cpu         ] GC(670) User=0.00s Sys=0.00s Real=0.00s
[73.973s][info][gc,start       ] GC(671) Pause Young (Allocation Failure)
[73.974s][info][gc,heap        ] GC(671) PSYoungGen: 330048K(331776K)->1888K(345600K) Eden: 328192K(328192K)->0K(342016K) From: 1856K(3584K)->1888K(3584K)
[73.974s][info][gc,heap        ] GC(671) ParOldGen: 38786K(699392K)->38826K(699392K)
[73.974s][info][gc,metaspace   ] GC(671) Metaspace: 73835K(74368K)->73835K(74368K) NonClass: 58912K(59200K)->58912K(59200K) Class: 14923K(15168K)->14923K(15168K)
[73.974s][info][gc             ] GC(671) Pause Young (Allocation Failure) 360M->39M(1020M) 1.400ms
[73.974s][info][gc,cpu         ] GC(671) User=0.00s Sys=0.00s Real=0.00s
[74.056s][info][gc,start       ] GC(672) Pause Young (Allocation Failure)
[74.057s][info][gc,heap        ] GC(672) PSYoungGen: 343904K(345600K)->1952K(345600K) Eden: 342016K(342016K)->0K(342016K) From: 1888K(3584K)->1952K(3584K)
[74.057s][info][gc,heap        ] GC(672) ParOldGen: 38826K(699392K)->38938K(699392K)
[74.057s][info][gc,metaspace   ] GC(672) Metaspace: 73835K(74368K)->73835K(74368K) NonClass: 58912K(59200K)->58912K(59200K) Class: 14923K(15168K)->14923K(15168K)
[74.057s][info][gc             ] GC(672) Pause Young (Allocation Failure) 373M->39M(1020M) 1.464ms
[74.057s][info][gc,cpu         ] GC(672) User=0.00s Sys=0.00s Real=0.00s
[74.139s][info][gc,start       ] GC(673) Pause Young (Allocation Failure)
[74.140s][info][gc,heap        ] GC(673) PSYoungGen: 343968K(345600K)->1952K(345600K) Eden: 342016K(342016K)->0K(342016K) From: 1952K(3584K)->1952K(3584K)
[74.140s][info][gc,heap        ] GC(673) ParOldGen: 38938K(699392K)->39066K(699392K)
[74.140s][info][gc,metaspace   ] GC(673) Metaspace: 73835K(74368K)->73835K(74368K) NonClass: 58912K(59200K)->58912K(59200K) Class: 14923K(15168K)->14923K(15168K)
[74.140s][info][gc             ] GC(673) Pause Young (Allocation Failure) 373M->40M(1020M) 1.104ms
[74.140s][info][gc,cpu         ] GC(673) User=0.00s Sys=0.00s Real=0.00s
[74.222s][info][gc,start       ] GC(674) Pause Young (Allocation Failure)
[74.223s][info][gc,heap        ] GC(674) PSYoungGen: 343968K(345600K)->1824K(344064K) Eden: 342016K(342016K)->0K(342016K) From: 1952K(3584K)->1824K(2048K)
[74.223s][info][gc,heap        ] GC(674) ParOldGen: 39066K(699392K)->39186K(699392K)
[74.223s][info][gc,metaspace   ] GC(674) Metaspace: 73835K(74368K)->73835K(74368K) NonClass: 58912K(59200K)->58912K(59200K) Class: 14923K(15168K)->14923K(15168K)
[74.223s][info][gc             ] GC(674) Pause Young (Allocation Failure) 374M->40M(1019M) 1.151ms
[74.224s][info][gc,cpu         ] GC(674) User=0.00s Sys=0.00s Real=0.00s
[74.305s][info][gc,start       ] GC(675) Pause Young (Allocation Failure)
[74.307s][info][gc,heap        ] GC(675) PSYoungGen: 343840K(344064K)->1888K(345088K) Eden: 342016K(342016K)->0K(342016K) From: 1824K(2048K)->1888K(3072K)
[74.307s][info][gc,heap        ] GC(675) ParOldGen: 39186K(699392K)->39226K(699392K)
[74.307s][info][gc,metaspace   ] GC(675) Metaspace: 73835K(74368K)->73835K(74368K) NonClass: 58912K(59200K)->58912K(59200K) Class: 14923K(15168K)->14923K(15168K)
[74.307s][info][gc             ] GC(675) Pause Young (Allocation Failure) 374M->40M(1020M) 1.225ms
[74.307s][info][gc,cpu         ] GC(675) User=0.00s Sys=0.00s Real=0.00s
[74.389s][info][gc,start       ] GC(676) Pause Young (Allocation Failure)
[74.390s][info][gc,heap        ] GC(676) PSYoungGen: 343904K(345088K)->2016K(345088K) Eden: 342016K(342016K)->0K(342016K) From: 1888K(3072K)->2016K(3072K)
[74.390s][info][gc,heap        ] GC(676) ParOldGen: 39226K(699392K)->39298K(699392K)
[74.390s][info][gc,metaspace   ] GC(676) Metaspace: 73835K(74368K)->73835K(74368K) NonClass: 58912K(59200K)->58912K(59200K) Class: 14923K(15168K)->14923K(15168K)
[74.390s][info][gc             ] GC(676) Pause Young (Allocation Failure) 374M->40M(1020M) 1.217ms
[74.390s][info][gc,cpu         ] GC(676) User=0.00s Sys=0.00s Real=0.00s
[74.472s][info][gc,start       ] GC(677) Pause Young (Allocation Failure)
[74.473s][info][gc,heap        ] GC(677) PSYoungGen: 344032K(345088K)->1888K(346112K) Eden: 342016K(342016K)->0K(343040K) From: 2016K(3072K)->1888K(3072K)
[74.473s][info][gc,heap        ] GC(677) ParOldGen: 39298K(699392K)->39554K(699392K)
[74.473s][info][gc,metaspace   ] GC(677) Metaspace: 73835K(74368K)->73835K(74368K) NonClass: 58912K(59200K)->58912K(59200K) Class: 14923K(15168K)->14923K(15168K)
[74.473s][info][gc             ] GC(677) Pause Young (Allocation Failure) 374M->40M(1021M) 1.162ms
[74.473s][info][gc,cpu         ] GC(677) User=0.00s Sys=0.00s Real=0.00s
[74.556s][info][gc,start       ] GC(678) Pause Young (Allocation Failure)
[74.557s][info][gc,heap        ] GC(678) PSYoungGen: 344928K(346112K)->2048K(346112K) Eden: 343040K(343040K)->0K(343040K) From: 1888K(3072K)->2048K(3072K)
[74.557s][info][gc,heap        ] GC(678) ParOldGen: 39554K(699392K)->39674K(699392K)
[74.557s][info][gc,metaspace   ] GC(678) Metaspace: 73835K(74368K)->73835K(74368K) NonClass: 58912K(59200K)->58912K(59200K) Class: 14923K(15168K)->14923K(15168K)
[74.557s][info][gc             ] GC(678) Pause Young (Allocation Failure) 375M->40M(1021M) 1.267ms
[74.557s][info][gc,cpu         ] GC(678) User=0.00s Sys=0.00s Real=0.00s
[74.639s][info][gc,start       ] GC(679) Pause Young (Allocation Failure)
[74.641s][info][gc,heap        ] GC(679) PSYoungGen: 345088K(346112K)->1920K(346112K) Eden: 343040K(343040K)->0K(343040K) From: 2048K(3072K)->1920K(3072K)
[74.641s][info][gc,heap        ] GC(679) ParOldGen: 39674K(699392K)->39802K(699392K)
[74.641s][info][gc,metaspace   ] GC(679) Metaspace: 73835K(74368K)->73835K(74368K) NonClass: 58912K(59200K)->58912K(59200K) Class: 14923K(15168K)->14923K(15168K)
[74.641s][info][gc             ] GC(679) Pause Young (Allocation Failure) 375M->40M(1021M) 1.153ms
[74.641s][info][gc,cpu         ] GC(679) User=0.00s Sys=0.00s Real=0.00s
[74.723s][info][gc,start       ] GC(680) Pause Young (Allocation Failure)
[74.724s][info][gc,heap        ] GC(680) PSYoungGen: 344960K(346112K)->1952K(346112K) Eden: 343040K(343040K)->0K(343040K) From: 1920K(3072K)->1952K(3072K)
[74.724s][info][gc,heap        ] GC(680) ParOldGen: 39802K(699392K)->39890K(699392K)
[74.724s][info][gc,metaspace   ] GC(680) Metaspace: 73835K(74368K)->73835K(74368K) NonClass: 58912K(59200K)->58912K(59200K) Class: 14923K(15168K)->14923K(15168K)
[74.724s][info][gc             ] GC(680) Pause Young (Allocation Failure) 375M->40M(1021M) 1.174ms
[74.724s][info][gc,cpu         ] GC(680) User=0.00s Sys=0.00s Real=0.00s
[74.806s][info][gc,start       ] GC(681) Pause Young (Allocation Failure)
[74.807s][info][gc,heap        ] GC(681) PSYoungGen: 344992K(346112K)->1792K(346112K) Eden: 343040K(343040K)->0K(343040K) From: 1952K(3072K)->1792K(3072K)
[74.807s][info][gc,heap        ] GC(681) ParOldGen: 39890K(699392K)->40002K(699392K)
[74.807s][info][gc,metaspace   ] GC(681) Metaspace: 73835K(74368K)->73835K(74368K) NonClass: 58912K(59200K)->58912K(59200K) Class: 14923K(15168K)->14923K(15168K)
[74.807s][info][gc             ] GC(681) Pause Young (Allocation Failure) 375M->40M(1021M) 1.111ms
[74.807s][info][gc,cpu         ] GC(681) User=0.00s Sys=0.00s Real=0.00s
[74.889s][info][gc,start       ] GC(682) Pause Young (Allocation Failure)
[74.891s][info][gc,heap        ] GC(682) PSYoungGen: 344832K(346112K)->1888K(346112K) Eden: 343040K(343040K)->0K(343040K) From: 1792K(3072K)->1888K(3072K)
[74.891s][info][gc,heap        ] GC(682) ParOldGen: 40002K(699392K)->40114K(699392K)
[74.891s][info][gc,metaspace   ] GC(682) Metaspace: 73835K(74368K)->73835K(74368K) NonClass: 58912K(59200K)->58912K(59200K) Class: 14923K(15168K)->14923K(15168K)
[74.891s][info][gc             ] GC(682) Pause Young (Allocation Failure) 375M->41M(1021M) 1.137ms
[74.891s][info][gc,cpu         ] GC(682) User=0.00s Sys=0.00s Real=0.00s
[74.973s][info][gc,start       ] GC(683) Pause Young (Allocation Failure)
[74.974s][info][gc,heap        ] GC(683) PSYoungGen: 344928K(346112K)->1792K(345088K) Eden: 343040K(343040K)->0K(343040K) From: 1888K(3072K)->1792K(2048K)
[74.974s][info][gc,heap        ] GC(683) ParOldGen: 40114K(699392K)->40194K(699392K)
[74.974s][info][gc,metaspace   ] GC(683) Metaspace: 73835K(74368K)->73835K(74368K) NonClass: 58912K(59200K)->58912K(59200K) Class: 14923K(15168K)->14923K(15168K)
[74.974s][info][gc             ] GC(683) Pause Young (Allocation Failure) 376M->41M(1020M) 1.183ms
[74.974s][info][gc,cpu         ] GC(683) User=0.00s Sys=0.00s Real=0.00s
[75.057s][info][gc,start       ] GC(684) Pause Young (Allocation Failure)
[75.058s][info][gc,heap        ] GC(684) PSYoungGen: 344832K(345088K)->1888K(345600K) Eden: 343040K(343040K)->0K(343040K) From: 1792K(2048K)->1888K(2560K)
[75.058s][info][gc,heap        ] GC(684) ParOldGen: 40194K(699392K)->40330K(699392K)
[75.058s][info][gc,metaspace   ] GC(684) Metaspace: 73835K(74368K)->73835K(74368K) NonClass: 58912K(59200K)->58912K(59200K) Class: 14923K(15168K)->14923K(15168K)
[75.058s][info][gc             ] GC(684) Pause Young (Allocation Failure) 376M->41M(1020M) 1.124ms
[75.058s][info][gc,cpu         ] GC(684) User=0.00s Sys=0.00s Real=0.00s
[75.140s][info][gc,start       ] GC(685) Pause Young (Allocation Failure)
[75.141s][info][gc,heap        ] GC(685) PSYoungGen: 344928K(345600K)->1920K(346624K) Eden: 343040K(343040K)->0K(344064K) From: 1888K(2560K)->1920K(2560K)
[75.141s][info][gc,heap        ] GC(685) ParOldGen: 40330K(699392K)->40442K(699392K)
[75.141s][info][gc,metaspace   ] GC(685) Metaspace: 73835K(74368K)->73835K(74368K) NonClass: 58912K(59200K)->58912K(59200K) Class: 14923K(15168K)->14923K(15168K)
[75.141s][info][gc             ] GC(685) Pause Young (Allocation Failure) 376M->41M(1021M) 1.151ms
[75.141s][info][gc,cpu         ] GC(685) User=0.00s Sys=0.00s Real=0.00s
[75.224s][info][gc,start       ] GC(686) Pause Young (Allocation Failure)
[75.225s][info][gc,heap        ] GC(686) PSYoungGen: 345984K(346624K)->1920K(346624K) Eden: 344064K(344064K)->0K(344064K) From: 1920K(2560K)->1920K(2560K)
[75.225s][info][gc,heap        ] GC(686) ParOldGen: 40442K(699392K)->40570K(699392K)
[75.225s][info][gc,metaspace   ] GC(686) Metaspace: 73835K(74368K)->73835K(74368K) NonClass: 58912K(59200K)->58912K(59200K) Class: 14923K(15168K)->14923K(15168K)
[75.225s][info][gc             ] GC(686) Pause Young (Allocation Failure) 377M->41M(1021M) 1.181ms
[75.225s][info][gc,cpu         ] GC(686) User=0.00s Sys=0.00s Real=0.00s
[75.307s][info][gc,start       ] GC(687) Pause Young (Allocation Failure)
[75.308s][info][gc,heap        ] GC(687) PSYoungGen: 345984K(346624K)->1952K(346624K) Eden: 344064K(344064K)->0K(344064K) From: 1920K(2560K)->1952K(2560K)
[75.308s][info][gc,heap        ] GC(687) ParOldGen: 40570K(699392K)->40674K(699392K)
[75.308s][info][gc,metaspace   ] GC(687) Metaspace: 73835K(74368K)->73835K(74368K) NonClass: 58912K(59200K)->58912K(59200K) Class: 14923K(15168K)->14923K(15168K)
[75.308s][info][gc             ] GC(687) Pause Young (Allocation Failure) 377M->41M(1021M) 1.142ms
[75.308s][info][gc,cpu         ] GC(687) User=0.00s Sys=0.00s Real=0.00s
[75.396s][info][gc,start       ] GC(688) Pause Young (Allocation Failure)
[75.397s][info][gc,heap        ] GC(688) PSYoungGen: 346016K(346624K)->1920K(346624K) Eden: 344064K(344064K)->0K(344064K) From: 1952K(2560K)->1920K(2560K)
[75.397s][info][gc,heap        ] GC(688) ParOldGen: 40674K(699392K)->40818K(699392K)
[75.397s][info][gc,metaspace   ] GC(688) Metaspace: 73835K(74368K)->73835K(74368K) NonClass: 58912K(59200K)->58912K(59200K) Class: 14923K(15168K)->14923K(15168K)
[75.397s][info][gc             ] GC(688) Pause Young (Allocation Failure) 377M->41M(1021M) 1.197ms
[75.397s][info][gc,cpu         ] GC(688) User=0.00s Sys=0.00s Real=0.00s
[75.480s][info][gc,start       ] GC(689) Pause Young (Allocation Failure)
[75.481s][info][gc,heap        ] GC(689) PSYoungGen: 345984K(346624K)->1888K(346624K) Eden: 344064K(344064K)->0K(344064K) From: 1920K(2560K)->1888K(2560K)
[75.481s][info][gc,heap        ] GC(689) ParOldGen: 40818K(699392K)->41074K(699392K)
[75.481s][info][gc,metaspace   ] GC(689) Metaspace: 73835K(74368K)->73835K(74368K) NonClass: 58912K(59200K)->58912K(59200K) Class: 14923K(15168K)->14923K(15168K)
[75.481s][info][gc             ] GC(689) Pause Young (Allocation Failure) 377M->41M(1021M) 1.175ms
[75.481s][info][gc,cpu         ] GC(689) User=0.00s Sys=0.00s Real=0.00s
[75.564s][info][gc,start       ] GC(690) Pause Young (Allocation Failure)
[75.565s][info][gc,heap        ] GC(690) PSYoungGen: 345952K(346624K)->1888K(346624K) Eden: 344064K(344064K)->0K(344064K) From: 1888K(2560K)->1888K(2560K)
[75.565s][info][gc,heap        ] GC(690) ParOldGen: 41074K(699392K)->41202K(699392K)
[75.565s][info][gc,metaspace   ] GC(690) Metaspace: 73835K(74368K)->73835K(74368K) NonClass: 58912K(59200K)->58912K(59200K) Class: 14923K(15168K)->14923K(15168K)
[75.565s][info][gc             ] GC(690) Pause Young (Allocation Failure) 377M->42M(1021M) 1.125ms
[75.565s][info][gc,cpu         ] GC(690) User=0.00s Sys=0.00s Real=0.00s
[75.647s][info][gc,start       ] GC(691) Pause Young (Allocation Failure)
[75.648s][info][gc,heap        ] GC(691) PSYoungGen: 345952K(346624K)->1920K(346624K) Eden: 344064K(344064K)->0K(344064K) From: 1888K(2560K)->1920K(2560K)
[75.648s][info][gc,heap        ] GC(691) ParOldGen: 41202K(699392K)->41306K(699392K)
[75.648s][info][gc,metaspace   ] GC(691) Metaspace: 73835K(74368K)->73835K(74368K) NonClass: 58912K(59200K)->58912K(59200K) Class: 14923K(15168K)->14923K(15168K)
[75.648s][info][gc             ] GC(691) Pause Young (Allocation Failure) 378M->42M(1021M) 1.263ms
[75.648s][info][gc,cpu         ] GC(691) User=0.00s Sys=0.00s Real=0.00s
[75.731s][info][gc,start       ] GC(692) Pause Young (Allocation Failure)
[75.732s][info][gc,heap        ] GC(692) PSYoungGen: 345983K(346624K)->1952K(346624K) Eden: 344063K(344064K)->0K(344064K) From: 1920K(2560K)->1952K(2560K)
[75.732s][info][gc,heap        ] GC(692) ParOldGen: 41306K(699392K)->41394K(699392K)
[75.732s][info][gc,metaspace   ] GC(692) Metaspace: 73835K(74368K)->73835K(74368K) NonClass: 58912K(59200K)->58912K(59200K) Class: 14923K(15168K)->14923K(15168K)
[75.732s][info][gc             ] GC(692) Pause Young (Allocation Failure) 378M->42M(1021M) 1.161ms
[75.732s][info][gc,cpu         ] GC(692) User=0.00s Sys=0.00s Real=0.00s
[75.816s][info][gc,start       ] GC(693) Pause Young (Allocation Failure)
[75.817s][info][gc,heap        ] GC(693) PSYoungGen: 346016K(346624K)->1856K(346624K) Eden: 344064K(344064K)->0K(344064K) From: 1952K(2560K)->1856K(2560K)
[75.817s][info][gc,heap        ] GC(693) ParOldGen: 41394K(699392K)->41530K(699392K)
[75.817s][info][gc,metaspace   ] GC(693) Metaspace: 73835K(74368K)->73835K(74368K) NonClass: 58912K(59200K)->58912K(59200K) Class: 14923K(15168K)->14923K(15168K)
[75.817s][info][gc             ] GC(693) Pause Young (Allocation Failure) 378M->42M(1021M) 1.169ms
[75.817s][info][gc,cpu         ] GC(693) User=0.00s Sys=0.00s Real=0.00s
[75.901s][info][gc,start       ] GC(694) Pause Young (Allocation Failure)
[75.902s][info][gc,heap        ] GC(694) PSYoungGen: 345920K(346624K)->1952K(346624K) Eden: 344064K(344064K)->0K(344064K) From: 1856K(2560K)->1952K(2560K)
[75.902s][info][gc,heap        ] GC(694) ParOldGen: 41530K(699392K)->41634K(699392K)
[75.902s][info][gc,metaspace   ] GC(694) Metaspace: 73835K(74368K)->73835K(74368K) NonClass: 58912K(59200K)->58912K(59200K) Class: 14923K(15168K)->14923K(15168K)
[75.902s][info][gc             ] GC(694) Pause Young (Allocation Failure) 378M->42M(1021M) 1.183ms
[75.902s][info][gc,cpu         ] GC(694) User=0.00s Sys=0.00s Real=0.00s
[75.985s][info][gc,start       ] GC(695) Pause Young (Allocation Failure)
[75.986s][info][gc,heap        ] GC(695) PSYoungGen: 346016K(346624K)->1888K(346624K) Eden: 344064K(344064K)->0K(344064K) From: 1952K(2560K)->1888K(2560K)
[75.986s][info][gc,heap        ] GC(695) ParOldGen: 41634K(699392K)->41738K(699392K)
[75.986s][info][gc,metaspace   ] GC(695) Metaspace: 73835K(74368K)->73835K(74368K) NonClass: 58912K(59200K)->58912K(59200K) Class: 14923K(15168K)->14923K(15168K)
[75.986s][info][gc             ] GC(695) Pause Young (Allocation Failure) 378M->42M(1021M) 1.157ms
[75.986s][info][gc,cpu         ] GC(695) User=0.00s Sys=0.00s Real=0.00s
[76.068s][info][gc,start       ] GC(696) Pause Young (Allocation Failure)
[76.069s][info][gc,heap        ] GC(696) PSYoungGen: 345952K(346624K)->1824K(346624K) Eden: 344064K(344064K)->0K(344064K) From: 1888K(2560K)->1824K(2560K)
[76.069s][info][gc,heap        ] GC(696) ParOldGen: 41738K(699392K)->41834K(699392K)
[76.069s][info][gc,metaspace   ] GC(696) Metaspace: 73835K(74368K)->73835K(74368K) NonClass: 58912K(59200K)->58912K(59200K) Class: 14923K(15168K)->14923K(15168K)
[76.069s][info][gc             ] GC(696) Pause Young (Allocation Failure) 378M->42M(1021M) 1.144ms
[76.069s][info][gc,cpu         ] GC(696) User=0.00s Sys=0.00s Real=0.00s
[76.152s][info][gc,start       ] GC(697) Pause Young (Allocation Failure)
[76.153s][info][gc,heap        ] GC(697) PSYoungGen: 345888K(346624K)->1856K(346624K) Eden: 344064K(344064K)->0K(344064K) From: 1824K(2560K)->1856K(2560K)
[76.153s][info][gc,heap        ] GC(697) ParOldGen: 41834K(699392K)->41954K(699392K)
[76.153s][info][gc,metaspace   ] GC(697) Metaspace: 73835K(74368K)->73835K(74368K) NonClass: 58912K(59200K)->58912K(59200K) Class: 14923K(15168K)->14923K(15168K)
[76.153s][info][gc             ] GC(697) Pause Young (Allocation Failure) 378M->42M(1021M) 1.268ms
[76.153s][info][gc,cpu         ] GC(697) User=0.00s Sys=0.00s Real=0.00s
[76.236s][info][gc,start       ] GC(698) Pause Young (Allocation Failure)
[76.237s][info][gc,heap        ] GC(698) PSYoungGen: 345920K(346624K)->1920K(346624K) Eden: 344064K(344064K)->0K(344064K) From: 1856K(2560K)->1920K(2560K)
[76.237s][info][gc,heap        ] GC(698) ParOldGen: 41954K(699392K)->42066K(699392K)
[76.237s][info][gc,metaspace   ] GC(698) Metaspace: 73835K(74368K)->73835K(74368K) NonClass: 58912K(59200K)->58912K(59200K) Class: 14923K(15168K)->14923K(15168K)
[76.237s][info][gc             ] GC(698) Pause Young (Allocation Failure) 378M->42M(1021M) 1.179ms
[76.237s][info][gc,cpu         ] GC(698) User=0.00s Sys=0.00s Real=0.00s
[76.319s][info][gc,start       ] GC(699) Pause Young (Allocation Failure)
[76.320s][info][gc,heap        ] GC(699) PSYoungGen: 345984K(346624K)->1920K(346624K) Eden: 344064K(344064K)->0K(344064K) From: 1920K(2560K)->1920K(2560K)
[76.320s][info][gc,heap        ] GC(699) ParOldGen: 42066K(699392K)->42162K(699392K)
[76.320s][info][gc,metaspace   ] GC(699) Metaspace: 73835K(74368K)->73835K(74368K) NonClass: 58912K(59200K)->58912K(59200K) Class: 14923K(15168K)->14923K(15168K)
[76.320s][info][gc             ] GC(699) Pause Young (Allocation Failure) 378M->43M(1021M) 1.175ms
[76.320s][info][gc,cpu         ] GC(699) User=0.00s Sys=0.00s Real=0.00s
[76.403s][info][gc,start       ] GC(700) Pause Young (Allocation Failure)
[76.404s][info][gc,heap        ] GC(700) PSYoungGen: 345984K(346624K)->1920K(346624K) Eden: 344064K(344064K)->0K(344064K) From: 1920K(2560K)->1920K(2560K)
[76.404s][info][gc,heap        ] GC(700) ParOldGen: 42162K(699392K)->42418K(699392K)
[76.404s][info][gc,metaspace   ] GC(700) Metaspace: 73835K(74368K)->73835K(74368K) NonClass: 58912K(59200K)->58912K(59200K) Class: 14923K(15168K)->14923K(15168K)
[76.404s][info][gc             ] GC(700) Pause Young (Allocation Failure) 379M->43M(1021M) 1.143ms
[76.404s][info][gc,cpu         ] GC(700) User=0.00s Sys=0.00s Real=0.00s
[76.487s][info][gc,start       ] GC(701) Pause Young (Allocation Failure)
[76.488s][info][gc,heap        ] GC(701) PSYoungGen: 345984K(346624K)->1888K(346624K) Eden: 344064K(344064K)->0K(344064K) From: 1920K(2560K)->1888K(2560K)
[76.488s][info][gc,heap        ] GC(701) ParOldGen: 42418K(699392K)->42522K(699392K)
[76.488s][info][gc,metaspace   ] GC(701) Metaspace: 73835K(74368K)->73835K(74368K) NonClass: 58912K(59200K)->58912K(59200K) Class: 14923K(15168K)->14923K(15168K)
[76.488s][info][gc             ] GC(701) Pause Young (Allocation Failure) 379M->43M(1021M) 1.112ms
[76.488s][info][gc,cpu         ] GC(701) User=0.52s Sys=0.00s Real=0.00s
[76.570s][info][gc,start       ] GC(702) Pause Young (Allocation Failure)
[76.571s][info][gc,heap        ] GC(702) PSYoungGen: 345952K(346624K)->1920K(346624K) Eden: 344064K(344064K)->0K(344064K) From: 1888K(2560K)->1920K(2560K)
[76.571s][info][gc,heap        ] GC(702) ParOldGen: 42522K(699392K)->42634K(699392K)
[76.571s][info][gc,metaspace   ] GC(702) Metaspace: 73835K(74368K)->73835K(74368K) NonClass: 58912K(59200K)->58912K(59200K) Class: 14923K(15168K)->14923K(15168K)
[76.572s][info][gc             ] GC(702) Pause Young (Allocation Failure) 379M->43M(1021M) 1.169ms
[76.572s][info][gc,cpu         ] GC(702) User=0.00s Sys=0.00s Real=0.00s
[76.654s][info][gc,start       ] GC(703) Pause Young (Allocation Failure)
[76.655s][info][gc,heap        ] GC(703) PSYoungGen: 345984K(346624K)->1920K(346624K) Eden: 344064K(344064K)->0K(344064K) From: 1920K(2560K)->1920K(2560K)
[76.655s][info][gc,heap        ] GC(703) ParOldGen: 42634K(699392K)->42746K(699392K)
[76.655s][info][gc,metaspace   ] GC(703) Metaspace: 73835K(74368K)->73835K(74368K) NonClass: 58912K(59200K)->58912K(59200K) Class: 14923K(15168K)->14923K(15168K)
[76.655s][info][gc             ] GC(703) Pause Young (Allocation Failure) 379M->43M(1021M) 1.149ms
[76.655s][info][gc,cpu         ] GC(703) User=0.00s Sys=0.00s Real=0.00s
[76.737s][info][gc,start       ] GC(704) Pause Young (Allocation Failure)
[76.738s][info][gc,heap        ] GC(704) PSYoungGen: 345984K(346624K)->1920K(346624K) Eden: 344064K(344064K)->0K(344064K) From: 1920K(2560K)->1920K(2560K)
[76.738s][info][gc,heap        ] GC(704) ParOldGen: 42746K(699392K)->42850K(699392K)
[76.738s][info][gc,metaspace   ] GC(704) Metaspace: 73835K(74368K)->73835K(74368K) NonClass: 58912K(59200K)->58912K(59200K) Class: 14923K(15168K)->14923K(15168K)
[76.739s][info][gc             ] GC(704) Pause Young (Allocation Failure) 379M->43M(1021M) 1.175ms
[76.739s][info][gc,cpu         ] GC(704) User=0.00s Sys=0.00s Real=0.00s
[76.821s][info][gc,start       ] GC(705) Pause Young (Allocation Failure)
[76.823s][info][gc,heap        ] GC(705) PSYoungGen: 345984K(346624K)->1888K(346112K) Eden: 344064K(344064K)->0K(344064K) From: 1920K(2560K)->1888K(2048K)
[76.823s][info][gc,heap        ] GC(705) ParOldGen: 42850K(699392K)->42986K(699392K)
[76.823s][info][gc,metaspace   ] GC(705) Metaspace: 73836K(74368K)->73836K(74368K) NonClass: 58912K(59200K)->58912K(59200K) Class: 14923K(15168K)->14923K(15168K)
[76.823s][info][gc             ] GC(705) Pause Young (Allocation Failure) 379M->43M(1021M) 1.182ms
[76.823s][info][gc,cpu         ] GC(705) User=0.00s Sys=0.00s Real=0.00s
[76.905s][info][gc,start       ] GC(706) Pause Young (Allocation Failure)
[76.917s][info][gc,heap        ] GC(706) PSYoungGen: 345952K(346112K)->1824K(346624K) Eden: 344064K(344064K)->0K(344576K) From: 1888K(2048K)->1824K(2048K)
[76.917s][info][gc,heap        ] GC(706) ParOldGen: 42986K(699392K)->43106K(699392K)
[76.917s][info][gc,metaspace   ] GC(706) Metaspace: 73836K(74368K)->73836K(74368K) NonClass: 58912K(59200K)->58912K(59200K) Class: 14923K(15168K)->14923K(15168K)
[76.917s][info][gc             ] GC(706) Pause Young (Allocation Failure) 379M->43M(1021M) 12.234ms
[76.917s][info][gc,cpu         ] GC(706) User=0.00s Sys=0.00s Real=0.00s
[77.002s][info][gc,start       ] GC(707) Pause Young (Allocation Failure)
[77.004s][info][gc,heap        ] GC(707) PSYoungGen: 346400K(346624K)->1888K(347136K) Eden: 344576K(344576K)->0K(345088K) From: 1824K(2048K)->1888K(2048K)
[77.004s][info][gc,heap        ] GC(707) ParOldGen: 43106K(699392K)->43202K(699392K)
[77.004s][info][gc,metaspace   ] GC(707) Metaspace: 73836K(74368K)->73836K(74368K) NonClass: 58912K(59200K)->58912K(59200K) Class: 14923K(15168K)->14923K(15168K)
[77.004s][info][gc             ] GC(707) Pause Young (Allocation Failure) 380M->44M(1022M) 1.160ms
[77.004s][info][gc,cpu         ] GC(707) User=0.00s Sys=0.00s Real=0.00s
[77.086s][info][gc,start       ] GC(708) Pause Young (Allocation Failure)
[77.087s][info][gc,heap        ] GC(708) PSYoungGen: 346976K(347136K)->1920K(347136K) Eden: 345088K(345088K)->0K(345088K) From: 1888K(2048K)->1920K(2048K)
[77.087s][info][gc,heap        ] GC(708) ParOldGen: 43202K(699392K)->43306K(699392K)
[77.087s][info][gc,metaspace   ] GC(708) Metaspace: 73836K(74368K)->73836K(74368K) NonClass: 58912K(59200K)->58912K(59200K) Class: 14923K(15168K)->14923K(15168K)
[77.088s][info][gc             ] GC(708) Pause Young (Allocation Failure) 381M->44M(1022M) 1.176ms
[77.088s][info][gc,cpu         ] GC(708) User=0.00s Sys=0.00s Real=0.00s
[77.170s][info][gc,start       ] GC(709) Pause Young (Allocation Failure)
[77.171s][info][gc,heap        ] GC(709) PSYoungGen: 347008K(347136K)->1856K(347136K) Eden: 345088K(345088K)->0K(345088K) From: 1920K(2048K)->1856K(2048K)
[77.171s][info][gc,heap        ] GC(709) ParOldGen: 43306K(699392K)->43450K(699392K)
[77.171s][info][gc,metaspace   ] GC(709) Metaspace: 73836K(74368K)->73836K(74368K) NonClass: 58912K(59200K)->58912K(59200K) Class: 14923K(15168K)->14923K(15168K)
[77.171s][info][gc             ] GC(709) Pause Young (Allocation Failure) 381M->44M(1022M) 1.156ms
[77.171s][info][gc,cpu         ] GC(709) User=0.00s Sys=0.00s Real=0.00s
[77.254s][info][gc,start       ] GC(710) Pause Young (Allocation Failure)
[77.255s][info][gc,heap        ] GC(710) PSYoungGen: 346944K(347136K)->1888K(347136K) Eden: 345088K(345088K)->0K(345088K) From: 1856K(2048K)->1888K(2048K)
[77.255s][info][gc,heap        ] GC(710) ParOldGen: 43450K(699392K)->43530K(699392K)
[77.255s][info][gc,metaspace   ] GC(710) Metaspace: 73836K(74368K)->73836K(74368K) NonClass: 58913K(59200K)->58913K(59200K) Class: 14923K(15168K)->14923K(15168K)
[77.255s][info][gc             ] GC(710) Pause Young (Allocation Failure) 381M->44M(1022M) 1.123ms
[77.255s][info][gc,cpu         ] GC(710) User=0.00s Sys=0.00s Real=0.00s
[77.338s][info][gc,start       ] GC(711) Pause Young (Allocation Failure)
[77.339s][info][gc,heap        ] GC(711) PSYoungGen: 346976K(347136K)->1920K(347136K) Eden: 345088K(345088K)->0K(345088K) From: 1888K(2048K)->1920K(2048K)
[77.339s][info][gc,heap        ] GC(711) ParOldGen: 43530K(699392K)->43650K(699392K)
[77.339s][info][gc,metaspace   ] GC(711) Metaspace: 73836K(74368K)->73836K(74368K) NonClass: 58913K(59200K)->58913K(59200K) Class: 14923K(15168K)->14923K(15168K)
[77.339s][info][gc             ] GC(711) Pause Young (Allocation Failure) 381M->44M(1022M) 1.154ms
[77.339s][info][gc,cpu         ] GC(711) User=0.00s Sys=0.00s Real=0.00s
[77.422s][info][gc,start       ] GC(712) Pause Young (Allocation Failure)
[77.423s][info][gc,heap        ] GC(712) PSYoungGen: 347008K(347136K)->1888K(347136K) Eden: 345088K(345088K)->0K(345088K) From: 1920K(2048K)->1888K(2048K)
[77.423s][info][gc,heap        ] GC(712) ParOldGen: 43650K(699392K)->43914K(699392K)
[77.423s][info][gc,metaspace   ] GC(712) Metaspace: 73836K(74368K)->73836K(74368K) NonClass: 58913K(59200K)->58913K(59200K) Class: 14923K(15168K)->14923K(15168K)
[77.423s][info][gc             ] GC(712) Pause Young (Allocation Failure) 381M->44M(1022M) 1.146ms
[77.423s][info][gc,cpu         ] GC(712) User=0.00s Sys=0.00s Real=0.00s
[77.506s][info][gc,start       ] GC(713) Pause Young (Allocation Failure)
[77.507s][info][gc,heap        ] GC(713) PSYoungGen: 346976K(347136K)->1920K(347136K) Eden: 345088K(345088K)->0K(345088K) From: 1888K(2048K)->1920K(2048K)
[77.507s][info][gc,heap        ] GC(713) ParOldGen: 43914K(699392K)->44018K(699392K)
[77.507s][info][gc,metaspace   ] GC(713) Metaspace: 73836K(74368K)->73836K(74368K) NonClass: 58913K(59200K)->58913K(59200K) Class: 14923K(15168K)->14923K(15168K)
[77.507s][info][gc             ] GC(713) Pause Young (Allocation Failure) 381M->44M(1022M) 1.133ms
[77.507s][info][gc,cpu         ] GC(713) User=0.00s Sys=0.00s Real=0.00s
[77.589s][info][gc,start       ] GC(714) Pause Young (Allocation Failure)
[77.591s][info][gc,heap        ] GC(714) PSYoungGen: 347008K(347136K)->2016K(347136K) Eden: 345088K(345088K)->0K(345088K) From: 1920K(2048K)->2016K(2048K)
[77.591s][info][gc,heap        ] GC(714) ParOldGen: 44018K(699392K)->44138K(699392K)
[77.591s][info][gc,metaspace   ] GC(714) Metaspace: 73836K(74368K)->73836K(74368K) NonClass: 58913K(59200K)->58913K(59200K) Class: 14923K(15168K)->14923K(15168K)
[77.591s][info][gc             ] GC(714) Pause Young (Allocation Failure) 381M->45M(1022M) 1.167ms
[77.591s][info][gc,cpu         ] GC(714) User=0.00s Sys=0.00s Real=0.00s
[77.673s][info][gc,start       ] GC(715) Pause Young (Allocation Failure)
[77.674s][info][gc,heap        ] GC(715) PSYoungGen: 347104K(347136K)->1920K(347136K) Eden: 345088K(345088K)->0K(345088K) From: 2016K(2048K)->1920K(2048K)
[77.674s][info][gc,heap        ] GC(715) ParOldGen: 44138K(699392K)->44250K(699392K)
[77.674s][info][gc,metaspace   ] GC(715) Metaspace: 73836K(74368K)->73836K(74368K) NonClass: 58913K(59200K)->58913K(59200K) Class: 14923K(15168K)->14923K(15168K)
[77.675s][info][gc             ] GC(715) Pause Young (Allocation Failure) 382M->45M(1022M) 1.146ms
[77.675s][info][gc,cpu         ] GC(715) User=0.02s Sys=0.02s Real=0.00s
[77.757s][info][gc,start       ] GC(716) Pause Young (Allocation Failure)
[77.758s][info][gc,heap        ] GC(716) PSYoungGen: 347008K(347136K)->1984K(347136K) Eden: 345088K(345088K)->0K(345088K) From: 1920K(2048K)->1984K(2048K)
[77.758s][info][gc,heap        ] GC(716) ParOldGen: 44250K(699392K)->44346K(699392K)
[77.758s][info][gc,metaspace   ] GC(716) Metaspace: 73836K(74368K)->73836K(74368K) NonClass: 58913K(59200K)->58913K(59200K) Class: 14923K(15168K)->14923K(15168K)
[77.758s][info][gc             ] GC(716) Pause Young (Allocation Failure) 382M->45M(1022M) 1.163ms
[77.758s][info][gc,cpu         ] GC(716) User=0.00s Sys=0.00s Real=0.00s
[77.841s][info][gc,start       ] GC(717) Pause Young (Allocation Failure)
[77.842s][info][gc,heap        ] GC(717) PSYoungGen: 347072K(347136K)->1824K(347136K) Eden: 345088K(345088K)->0K(345088K) From: 1984K(2048K)->1824K(2048K)
[77.842s][info][gc,heap        ] GC(717) ParOldGen: 44346K(699392K)->44426K(699392K)
[77.842s][info][gc,metaspace   ] GC(717) Metaspace: 73836K(74368K)->73836K(74368K) NonClass: 58913K(59200K)->58913K(59200K) Class: 14923K(15168K)->14923K(15168K)
[77.842s][info][gc             ] GC(717) Pause Young (Allocation Failure) 382M->45M(1022M) 1.125ms
[77.842s][info][gc,cpu         ] GC(717) User=0.00s Sys=0.00s Real=0.00s
[77.925s][info][gc,start       ] GC(718) Pause Young (Allocation Failure)
[77.926s][info][gc,heap        ] GC(718) PSYoungGen: 346912K(347136K)->1952K(347136K) Eden: 345088K(345088K)->0K(345088K) From: 1824K(2048K)->1952K(2048K)
[77.926s][info][gc,heap        ] GC(718) ParOldGen: 44426K(699392K)->44642K(699392K)
[77.926s][info][gc,metaspace   ] GC(718) Metaspace: 73836K(74368K)->73836K(74368K) NonClass: 58913K(59200K)->58913K(59200K) Class: 14923K(15168K)->14923K(15168K)
[77.926s][info][gc             ] GC(718) Pause Young (Allocation Failure) 382M->45M(1022M) 1.167ms
[77.926s][info][gc,cpu         ] GC(718) User=0.02s Sys=0.00s Real=0.00s
[78.010s][info][gc,start       ] GC(719) Pause Young (Allocation Failure)
[78.011s][info][gc,heap        ] GC(719) PSYoungGen: 347040K(347136K)->1856K(347136K) Eden: 345088K(345088K)->0K(345088K) From: 1952K(2048K)->1856K(2048K)
[78.011s][info][gc,heap        ] GC(719) ParOldGen: 44642K(699392K)->44858K(699392K)
[78.011s][info][gc,metaspace   ] GC(719) Metaspace: 73836K(74368K)->73836K(74368K) NonClass: 58913K(59200K)->58913K(59200K) Class: 14923K(15168K)->14923K(15168K)
[78.011s][info][gc             ] GC(719) Pause Young (Allocation Failure) 382M->45M(1022M) 1.106ms
[78.011s][info][gc,cpu         ] GC(719) User=0.00s Sys=0.00s Real=0.00s
[78.095s][info][gc,start       ] GC(720) Pause Young (Allocation Failure)
[78.096s][info][gc,heap        ] GC(720) PSYoungGen: 346944K(347136K)->1696K(347136K) Eden: 345088K(345088K)->0K(345088K) From: 1856K(2048K)->1696K(2048K)
[78.096s][info][gc,heap        ] GC(720) ParOldGen: 44858K(699392K)->45090K(699392K)
[78.096s][info][gc,metaspace   ] GC(720) Metaspace: 73836K(74368K)->73836K(74368K) NonClass: 58913K(59200K)->58913K(59200K) Class: 14923K(15168K)->14923K(15168K)
[78.096s][info][gc             ] GC(720) Pause Young (Allocation Failure) 382M->45M(1022M) 1.107ms
[78.096s][info][gc,cpu         ] GC(720) User=0.00s Sys=0.00s Real=0.00s
[78.180s][info][gc,start       ] GC(721) Pause Young (Allocation Failure)
[78.182s][info][gc,heap        ] GC(721) PSYoungGen: 346784K(347136K)->1696K(346112K) Eden: 345088K(345088K)->0K(344064K) From: 1696K(2048K)->1696K(2048K)
[78.182s][info][gc,heap        ] GC(721) ParOldGen: 45090K(699392K)->45290K(699392K)
[78.182s][info][gc,metaspace   ] GC(721) Metaspace: 73836K(74368K)->73836K(74368K) NonClass: 58913K(59200K)->58913K(59200K) Class: 14923K(15168K)->14923K(15168K)
[78.182s][info][gc             ] GC(721) Pause Young (Allocation Failure) 382M->45M(1021M) 1.182ms
[78.182s][info][gc,cpu         ] GC(721) User=0.00s Sys=0.00s Real=0.00s
[78.266s][info][gc,start       ] GC(722) Pause Young (Allocation Failure)
[78.277s][info][gc,heap        ] GC(722) PSYoungGen: 345760K(346112K)->1664K(346624K) Eden: 344064K(344064K)->0K(344064K) From: 1696K(2048K)->1664K(2560K)
[78.277s][info][gc,heap        ] GC(722) ParOldGen: 45290K(699392K)->45538K(699392K)
[78.277s][info][gc,metaspace   ] GC(722) Metaspace: 73836K(74368K)->73836K(74368K) NonClass: 58913K(59200K)->58913K(59200K) Class: 14923K(15168K)->14923K(15168K)
[78.277s][info][gc             ] GC(722) Pause Young (Allocation Failure) 381M->46M(1021M) 11.236ms
[78.277s][info][gc,cpu         ] GC(722) User=0.00s Sys=0.00s Real=0.00s
[78.365s][info][gc,start       ] GC(723) Pause Young (Allocation Failure)
[78.366s][info][gc,heap        ] GC(723) PSYoungGen: 345728K(346624K)->1568K(346624K) Eden: 344064K(344064K)->0K(344064K) From: 1664K(2560K)->1568K(2560K)
[78.366s][info][gc,heap        ] GC(723) ParOldGen: 45538K(699392K)->45658K(699392K)
[78.366s][info][gc,metaspace   ] GC(723) Metaspace: 73836K(74368K)->73836K(74368K) NonClass: 58913K(59200K)->58913K(59200K) Class: 14923K(15168K)->14923K(15168K)
[78.366s][info][gc             ] GC(723) Pause Young (Allocation Failure) 382M->46M(1021M) 1.110ms
[78.366s][info][gc,cpu         ] GC(723) User=0.00s Sys=0.00s Real=0.00s
[78.454s][info][gc,start       ] GC(724) Pause Young (Allocation Failure)
[78.455s][info][gc,heap        ] GC(724) PSYoungGen: 345632K(346624K)->1536K(346624K) Eden: 344064K(344064K)->0K(344064K) From: 1568K(2560K)->1536K(2560K)
[78.455s][info][gc,heap        ] GC(724) ParOldGen: 45658K(699392K)->45930K(699392K)
[78.455s][info][gc,metaspace   ] GC(724) Metaspace: 73836K(74368K)->73836K(74368K) NonClass: 58913K(59200K)->58913K(59200K) Class: 14923K(15168K)->14923K(15168K)
[78.455s][info][gc             ] GC(724) Pause Young (Allocation Failure) 382M->46M(1021M) 1.040ms
[78.455s][info][gc,cpu         ] GC(724) User=0.00s Sys=0.00s Real=0.00s
[78.549s][info][gc,start       ] GC(725) Pause Young (Allocation Failure)
[78.550s][info][gc,heap        ] GC(725) PSYoungGen: 345600K(346624K)->1440K(335872K) Eden: 344064K(344064K)->0K(334336K) From: 1536K(2560K)->1440K(1536K)
[78.550s][info][gc,heap        ] GC(725) ParOldGen: 45930K(699392K)->46210K(699392K)
[78.550s][info][gc,metaspace   ] GC(725) Metaspace: 73838K(74368K)->73838K(74368K) NonClass: 58914K(59200K)->58914K(59200K) Class: 14923K(15168K)->14923K(15168K)
[78.550s][info][gc             ] GC(725) Pause Young (Allocation Failure) 382M->46M(1011M) 1.098ms
[78.550s][info][gc,cpu         ] GC(725) User=0.00s Sys=0.00s Real=0.00s
[78.657s][info][gc,start       ] GC(726) Pause Young (Allocation Failure)
[78.658s][info][gc,heap        ] GC(726) PSYoungGen: 335776K(335872K)->1376K(326656K) Eden: 334336K(334336K)->0K(325120K) From: 1440K(1536K)->1376K(1536K)
[78.658s][info][gc,heap        ] GC(726) ParOldGen: 46210K(699392K)->46570K(699392K)
[78.658s][info][gc,metaspace   ] GC(726) Metaspace: 73838K(74368K)->73838K(74368K) NonClass: 58914K(59200K)->58914K(59200K) Class: 14923K(15168K)->14923K(15168K)
[78.658s][info][gc             ] GC(726) Pause Young (Allocation Failure) 373M->46M(1002M) 1.125ms
[78.658s][info][gc,cpu         ] GC(726) User=0.00s Sys=0.00s Real=0.00s
[78.784s][info][gc,start       ] GC(727) Pause Young (Allocation Failure)
[78.785s][info][gc,heap        ] GC(727) PSYoungGen: 326496K(326656K)->1152K(317952K) Eden: 325120K(325120K)->0K(316416K) From: 1376K(1536K)->1152K(1536K)
[78.785s][info][gc,heap        ] GC(727) ParOldGen: 46570K(699392K)->46906K(699392K)
[78.785s][info][gc,metaspace   ] GC(727) Metaspace: 73838K(74368K)->73838K(74368K) NonClass: 58914K(59200K)->58914K(59200K) Class: 14923K(15168K)->14923K(15168K)
[78.785s][info][gc             ] GC(727) Pause Young (Allocation Failure) 364M->46M(993M) 1.161ms
[78.785s][info][gc,cpu         ] GC(727) User=0.00s Sys=0.00s Real=0.00s
[78.914s][info][gc,start       ] GC(728) Pause Young (Allocation Failure)
[78.915s][info][gc,heap        ] GC(728) PSYoungGen: 317568K(317952K)->1120K(309760K) Eden: 316416K(316416K)->0K(308224K) From: 1152K(1536K)->1120K(1536K)
[78.915s][info][gc,heap        ] GC(728) ParOldGen: 46906K(699392K)->47210K(699392K)
[78.915s][info][gc,metaspace   ] GC(728) Metaspace: 73838K(74368K)->73838K(74368K) NonClass: 58914K(59200K)->58914K(59200K) Class: 14923K(15168K)->14923K(15168K)
[78.915s][info][gc             ] GC(728) Pause Young (Allocation Failure) 355M->47M(985M) 1.042ms
[78.915s][info][gc,cpu         ] GC(728) User=0.00s Sys=0.00s Real=0.00s
[79.049s][info][gc,start       ] GC(729) Pause Young (Allocation Failure)
[79.050s][info][gc,heap        ] GC(729) PSYoungGen: 309344K(309760K)->960K(301056K) Eden: 308224K(308224K)->0K(300032K) From: 1120K(1536K)->960K(1024K)
[79.050s][info][gc,heap        ] GC(729) ParOldGen: 47210K(699392K)->47346K(699392K)
[79.050s][info][gc,metaspace   ] GC(729) Metaspace: 73838K(74368K)->73838K(74368K) NonClass: 58914K(59200K)->58914K(59200K) Class: 14923K(15168K)->14923K(15168K)
[79.050s][info][gc             ] GC(729) Pause Young (Allocation Failure) 348M->47M(977M) 0.947ms
[79.050s][info][gc,cpu         ] GC(729) User=0.00s Sys=0.00s Real=0.00s
[79.220s][info][gc,start       ] GC(730) Pause Young (Allocation Failure)
[79.221s][info][gc,heap        ] GC(730) PSYoungGen: 300992K(301056K)->832K(293376K) Eden: 300032K(300032K)->0K(292352K) From: 960K(1024K)->832K(1024K)
[79.221s][info][gc,heap        ] GC(730) ParOldGen: 47346K(699392K)->47586K(699392K)
[79.221s][info][gc,metaspace   ] GC(730) Metaspace: 73838K(74368K)->73838K(74368K) NonClass: 58914K(59200K)->58914K(59200K) Class: 14923K(15168K)->14923K(15168K)
[79.221s][info][gc             ] GC(730) Pause Young (Allocation Failure) 340M->47M(969M) 0.753ms
[79.221s][info][gc,cpu         ] GC(730) User=0.00s Sys=0.00s Real=0.00s
[79.400s][info][gc,start       ] GC(731) Pause Young (Allocation Failure)
[79.401s][info][gc,heap        ] GC(731) PSYoungGen: 293184K(293376K)->768K(285696K) Eden: 292352K(292352K)->0K(284672K) From: 832K(1024K)->768K(1024K)
[79.401s][info][gc,heap        ] GC(731) ParOldGen: 47586K(699392K)->47706K(699392K)
[79.401s][info][gc,metaspace   ] GC(731) Metaspace: 73838K(74368K)->73838K(74368K) NonClass: 58914K(59200K)->58914K(59200K) Class: 14923K(15168K)->14923K(15168K)
[79.401s][info][gc             ] GC(731) Pause Young (Allocation Failure) 332M->47M(962M) 0.886ms
[79.401s][info][gc,cpu         ] GC(731) User=0.02s Sys=0.36s Real=0.02s
[79.577s][info][gc,start       ] GC(732) Pause Young (Allocation Failure)
[79.577s][info][gc,heap        ] GC(732) PSYoungGen: 285440K(285696K)->736K(278528K) Eden: 284672K(284672K)->0K(277504K) From: 768K(1024K)->736K(1024K)
[79.577s][info][gc,heap        ] GC(732) ParOldGen: 47706K(699392K)->47842K(699392K)
[79.578s][info][gc,metaspace   ] GC(732) Metaspace: 73838K(74368K)->73838K(74368K) NonClass: 58914K(59200K)->58914K(59200K) Class: 14923K(15168K)->14923K(15168K)
[79.578s][info][gc             ] GC(732) Pause Young (Allocation Failure) 325M->47M(955M) 0.723ms
[79.578s][info][gc,cpu         ] GC(732) User=0.00s Sys=0.00s Real=0.00s
[79.750s][info][gc,start       ] GC(733) Pause Young (Allocation Failure)
[79.751s][info][gc,heap        ] GC(733) PSYoungGen: 278240K(278528K)->704K(271872K) Eden: 277504K(277504K)->0K(270848K) From: 736K(1024K)->704K(1024K)
[79.751s][info][gc,heap        ] GC(733) ParOldGen: 47842K(699392K)->47842K(699392K)
[79.751s][info][gc,metaspace   ] GC(733) Metaspace: 73838K(74368K)->73838K(74368K) NonClass: 58914K(59200K)->58914K(59200K) Class: 14923K(15168K)->14923K(15168K)
[79.751s][info][gc             ] GC(733) Pause Young (Allocation Failure) 318M->47M(948M) 0.780ms
[79.751s][info][gc,cpu         ] GC(733) User=0.00s Sys=0.00s Real=0.00s
[79.918s][info][gc,start       ] GC(734) Pause Young (Allocation Failure)
[79.919s][info][gc,heap        ] GC(734) PSYoungGen: 271552K(271872K)->704K(265216K) Eden: 270848K(270848K)->0K(264192K) From: 704K(1024K)->704K(1024K)
[79.919s][info][gc,heap        ] GC(734) ParOldGen: 47842K(699392K)->47866K(699392K)
[79.919s][info][gc,metaspace   ] GC(734) Metaspace: 73838K(74368K)->73838K(74368K) NonClass: 58914K(59200K)->58914K(59200K) Class: 14923K(15168K)->14923K(15168K)
[79.919s][info][gc             ] GC(734) Pause Young (Allocation Failure) 311M->47M(942M) 0.663ms
[79.919s][info][gc,cpu         ] GC(734) User=0.00s Sys=0.00s Real=0.00s
[80.082s][info][gc,start       ] GC(735) Pause Young (Allocation Failure)
[80.083s][info][gc,heap        ] GC(735) PSYoungGen: 264896K(265216K)->704K(259072K) Eden: 264192K(264192K)->0K(258048K) From: 704K(1024K)->704K(1024K)
[80.083s][info][gc,heap        ] GC(735) ParOldGen: 47866K(699392K)->47906K(699392K)
[80.083s][info][gc,metaspace   ] GC(735) Metaspace: 73838K(74368K)->73838K(74368K) NonClass: 58914K(59200K)->58914K(59200K) Class: 14923K(15168K)->14923K(15168K)
[80.083s][info][gc             ] GC(735) Pause Young (Allocation Failure) 305M->47M(936M) 0.801ms
[80.083s][info][gc,cpu         ] GC(735) User=0.00s Sys=0.00s Real=0.00s
[80.263s][info][gc,start       ] GC(736) Pause Young (System.gc())
[80.265s][info][gc,heap        ] GC(736) PSYoungGen: 176311K(259072K)->1152K(259584K) Eden: 175607K(258048K)->0K(258048K) From: 704K(1024K)->1152K(1536K)
[80.265s][info][gc,heap        ] GC(736) ParOldGen: 47906K(699392K)->48002K(699392K)
[80.265s][info][gc,metaspace   ] GC(736) Metaspace: 73868K(74368K)->73868K(74368K) NonClass: 58944K(59200K)->58944K(59200K) Class: 14923K(15168K)->14923K(15168K)
[80.265s][info][gc             ] GC(736) Pause Young (System.gc()) 218M->48M(936M) 1.685ms
[80.265s][info][gc,cpu         ] GC(736) User=0.00s Sys=0.00s Real=0.00s
[80.265s][info][gc,start       ] GC(737) Pause Full (System.gc())
[80.265s][info][gc,phases,start] GC(737) Marking Phase
[80.303s][info][gc,phases      ] GC(737) Marking Phase 37.861ms
[80.303s][info][gc,phases,start] GC(737) Summary Phase
[80.303s][info][gc,phases      ] GC(737) Summary Phase 0.013ms
[80.303s][info][gc,phases,start] GC(737) Adjust Roots
[80.323s][info][gc,phases      ] GC(737) Adjust Roots 19.822ms
[80.323s][info][gc,phases,start] GC(737) Compaction Phase
[80.333s][info][gc,phases      ] GC(737) Compaction Phase 10.097ms
[80.333s][info][gc,phases,start] GC(737) Post Compact
[80.334s][info][gc,phases      ] GC(737) Post Compact 0.668ms
[80.334s][info][gc,heap        ] GC(737) PSYoungGen: 1152K(259584K)->0K(259584K) Eden: 0K(258048K)->0K(258048K) From: 1152K(1536K)->0K(1536K)
[80.334s][info][gc,heap        ] GC(737) ParOldGen: 48002K(699392K)->35501K(699392K)
[80.334s][info][gc,metaspace   ] GC(737) Metaspace: 73868K(74368K)->73868K(74368K) NonClass: 58944K(59200K)->58944K(59200K) Class: 14923K(15168K)->14923K(15168K)
[80.334s][info][gc             ] GC(737) Pause Full (System.gc()) 48M->34M(936M) 68.880ms
[80.334s][info][gc,cpu         ] GC(737) User=0.94s Sys=0.00s Real=0.06s
[80.427s][info][gc,start       ] GC(738) Pause Young (Allocation Failure)
[80.429s][info][gc,heap        ] GC(738) PSYoungGen: 258048K(259584K)->2560K(254464K) Eden: 258048K(258048K)->0K(251904K) From: 0K(1536K)->2560K(2560K)
[80.429s][info][gc,heap        ] GC(738) ParOldGen: 35501K(699392K)->36605K(699392K)
[80.429s][info][gc,metaspace   ] GC(738) Metaspace: 74026K(74496K)->74026K(74496K) NonClass: 59102K(59328K)->59102K(59328K) Class: 14923K(15168K)->14923K(15168K)
[80.429s][info][gc             ] GC(738) Pause Young (Allocation Failure) 286M->38M(931M) 1.807ms
[80.429s][info][gc,cpu         ] GC(738) User=0.00s Sys=0.00s Real=0.00s
[80.489s][info][gc,start       ] GC(739) Pause Young (Allocation Failure)
[80.490s][info][gc,heap        ] GC(739) PSYoungGen: 254464K(254464K)->1888K(247808K) Eden: 251904K(251904K)->0K(245760K) From: 2560K(2560K)->1888K(2048K)
[80.490s][info][gc,heap        ] GC(739) ParOldGen: 36605K(699392K)->38325K(699392K)
[80.490s][info][gc,metaspace   ] GC(739) Metaspace: 74026K(74496K)->74026K(74496K) NonClass: 59102K(59328K)->59102K(59328K) Class: 14923K(15168K)->14923K(15168K)
[80.490s][info][gc             ] GC(739) Pause Young (Allocation Failure) 284M->39M(925M) 1.771ms
[80.490s][info][gc,cpu         ] GC(739) User=0.00s Sys=0.00s Real=0.00s
[80.549s][info][gc,start       ] GC(740) Pause Young (Allocation Failure)
[80.550s][info][gc,heap        ] GC(740) PSYoungGen: 247648K(247808K)->1920K(296960K) Eden: 245760K(245760K)->0K(294912K) From: 1888K(2048K)->1920K(2048K)
[80.550s][info][gc,heap        ] GC(740) ParOldGen: 38325K(699392K)->38541K(699392K)
[80.550s][info][gc,metaspace   ] GC(740) Metaspace: 74026K(74496K)->74026K(74496K) NonClass: 59102K(59328K)->59102K(59328K) Class: 14923K(15168K)->14923K(15168K)
[80.550s][info][gc             ] GC(740) Pause Young (Allocation Failure) 279M->39M(973M) 1.068ms
[80.550s][info][gc,cpu         ] GC(740) User=0.52s Sys=0.00s Real=0.00s
[80.621s][info][gc,start       ] GC(741) Pause Young (Allocation Failure)
[80.622s][info][gc,heap        ] GC(741) PSYoungGen: 296832K(296960K)->1856K(331264K) Eden: 294912K(294912K)->0K(327680K) From: 1920K(2048K)->1856K(3584K)
[80.622s][info][gc,heap        ] GC(741) ParOldGen: 38541K(699392K)->38589K(699392K)
[80.622s][info][gc,metaspace   ] GC(741) Metaspace: 74026K(74496K)->74026K(74496K) NonClass: 59102K(59328K)->59102K(59328K) Class: 14923K(15168K)->14923K(15168K)
[80.622s][info][gc             ] GC(741) Pause Young (Allocation Failure) 327M->39M(1006M) 1.161ms
[80.622s][info][gc,cpu         ] GC(741) User=0.00s Sys=0.00s Real=0.00s
[80.701s][info][gc,start       ] GC(742) Pause Young (Allocation Failure)
[80.702s][info][gc,heap        ] GC(742) PSYoungGen: 329536K(331264K)->2016K(345088K) Eden: 327680K(327680K)->0K(342016K) From: 1856K(3584K)->2016K(3072K)
[80.702s][info][gc,heap        ] GC(742) ParOldGen: 38589K(699392K)->38709K(699392K)
[80.702s][info][gc,metaspace   ] GC(742) Metaspace: 74026K(74496K)->74026K(74496K) NonClass: 59102K(59328K)->59102K(59328K) Class: 14923K(15168K)->14923K(15168K)
[80.702s][info][gc             ] GC(742) Pause Young (Allocation Failure) 359M->39M(1020M) 1.425ms
[80.702s][info][gc,cpu         ] GC(742) User=0.00s Sys=0.00s Real=0.00s
[80.784s][info][gc,start       ] GC(743) Pause Young (Allocation Failure)
[80.786s][info][gc,heap        ] GC(743) PSYoungGen: 344032K(345088K)->1920K(345600K) Eden: 342016K(342016K)->0K(342016K) From: 2016K(3072K)->1920K(3584K)
[80.786s][info][gc,heap        ] GC(743) ParOldGen: 38709K(699392K)->38869K(699392K)
[80.786s][info][gc,metaspace   ] GC(743) Metaspace: 74026K(74496K)->74026K(74496K) NonClass: 59102K(59328K)->59102K(59328K) Class: 14923K(15168K)->14923K(15168K)
[80.786s][info][gc             ] GC(743) Pause Young (Allocation Failure) 373M->39M(1020M) 1.400ms
[80.786s][info][gc,cpu         ] GC(743) User=0.00s Sys=0.00s Real=0.00s
[80.868s][info][gc,start       ] GC(744) Pause Young (Allocation Failure)
[80.869s][info][gc,heap        ] GC(744) PSYoungGen: 343936K(345600K)->1856K(345600K) Eden: 342016K(342016K)->0K(342528K) From: 1920K(3584K)->1856K(3072K)
[80.869s][info][gc,heap        ] GC(744) ParOldGen: 38869K(699392K)->38917K(699392K)
[80.869s][info][gc,metaspace   ] GC(744) Metaspace: 74026K(74496K)->74026K(74496K) NonClass: 59102K(59328K)->59102K(59328K) Class: 14923K(15168K)->14923K(15168K)
[80.869s][info][gc             ] GC(744) Pause Young (Allocation Failure) 373M->39M(1020M) 1.148ms
[80.869s][info][gc,cpu         ] GC(744) User=0.00s Sys=0.00s Real=0.00s
[80.951s][info][gc,start       ] GC(745) Pause Young (Allocation Failure)
[80.952s][info][gc,heap        ] GC(745) PSYoungGen: 344384K(345600K)->1920K(345600K) Eden: 342528K(342528K)->0K(342528K) From: 1856K(3072K)->1920K(3072K)
[80.952s][info][gc,heap        ] GC(745) ParOldGen: 38917K(699392K)->39005K(699392K)
[80.952s][info][gc,metaspace   ] GC(745) Metaspace: 74026K(74496K)->74026K(74496K) NonClass: 59102K(59328K)->59102K(59328K) Class: 14923K(15168K)->14923K(15168K)
[80.952s][info][gc             ] GC(745) Pause Young (Allocation Failure) 374M->39M(1020M) 1.192ms
[80.952s][info][gc,cpu         ] GC(745) User=0.00s Sys=0.00s Real=0.00s
[81.035s][info][gc,start       ] GC(746) Pause Young (Allocation Failure)
[81.036s][info][gc,heap        ] GC(746) PSYoungGen: 344448K(345600K)->1856K(346112K) Eden: 342528K(342528K)->0K(343040K) From: 1920K(3072K)->1856K(3072K)
[81.036s][info][gc,heap        ] GC(746) ParOldGen: 39005K(699392K)->39045K(699392K)
[81.036s][info][gc,metaspace   ] GC(746) Metaspace: 74026K(74496K)->74026K(74496K) NonClass: 59102K(59328K)->59102K(59328K) Class: 14923K(15168K)->14923K(15168K)
[81.036s][info][gc             ] GC(746) Pause Young (Allocation Failure) 374M->39M(1021M) 1.124ms
[81.036s][info][gc,cpu         ] GC(746) User=0.00s Sys=0.00s Real=0.00s
[81.118s][info][gc,start       ] GC(747) Pause Young (Allocation Failure)
[81.119s][info][gc,heap        ] GC(747) PSYoungGen: 344896K(346112K)->1952K(346112K) Eden: 343040K(343040K)->0K(343040K) From: 1856K(3072K)->1952K(3072K)
[81.119s][info][gc,heap        ] GC(747) ParOldGen: 39045K(699392K)->39133K(699392K)
[81.120s][info][gc,metaspace   ] GC(747) Metaspace: 74026K(74496K)->74026K(74496K) NonClass: 59102K(59328K)->59102K(59328K) Class: 14923K(15168K)->14923K(15168K)
[81.120s][info][gc             ] GC(747) Pause Young (Allocation Failure) 374M->40M(1021M) 1.236ms
[81.120s][info][gc,cpu         ] GC(747) User=0.00s Sys=0.00s Real=0.00s
[81.202s][info][gc,start       ] GC(748) Pause Young (Allocation Failure)
[81.203s][info][gc,heap        ] GC(748) PSYoungGen: 344992K(346112K)->1888K(346112K) Eden: 343040K(343040K)->0K(343040K) From: 1952K(3072K)->1888K(3072K)
[81.203s][info][gc,heap        ] GC(748) ParOldGen: 39133K(699392K)->39269K(699392K)
[81.203s][info][gc,metaspace   ] GC(748) Metaspace: 74026K(74496K)->74026K(74496K) NonClass: 59102K(59328K)->59102K(59328K) Class: 14923K(15168K)->14923K(15168K)
[81.203s][info][gc             ] GC(748) Pause Young (Allocation Failure) 375M->40M(1021M) 1.125ms
[81.203s][info][gc,cpu         ] GC(748) User=0.00s Sys=0.00s Real=0.00s
[81.285s][info][gc,start       ] GC(749) Pause Young (Allocation Failure)
[81.286s][info][gc,heap        ] GC(749) PSYoungGen: 344928K(346112K)->1920K(346112K) Eden: 343040K(343040K)->0K(343040K) From: 1888K(3072K)->1920K(3072K)
[81.286s][info][gc,heap        ] GC(749) ParOldGen: 39269K(699392K)->39381K(699392K)
[81.286s][info][gc,metaspace   ] GC(749) Metaspace: 74026K(74496K)->74026K(74496K) NonClass: 59102K(59328K)->59102K(59328K) Class: 14923K(15168K)->14923K(15168K)
[81.286s][info][gc             ] GC(749) Pause Young (Allocation Failure) 375M->40M(1021M) 1.136ms
[81.286s][info][gc,cpu         ] GC(749) User=0.00s Sys=0.00s Real=0.00s
[81.369s][info][gc,start       ] GC(750) Pause Young (Allocation Failure)
[81.370s][info][gc,heap        ] GC(750) PSYoungGen: 344960K(346112K)->1920K(346112K) Eden: 343040K(343040K)->0K(343040K) From: 1920K(3072K)->1920K(3072K)
[81.370s][info][gc,heap        ] GC(750) ParOldGen: 39381K(699392K)->39493K(699392K)
[81.370s][info][gc,metaspace   ] GC(750) Metaspace: 74026K(74496K)->74026K(74496K) NonClass: 59102K(59328K)->59102K(59328K) Class: 14923K(15168K)->14923K(15168K)
[81.370s][info][gc             ] GC(750) Pause Young (Allocation Failure) 375M->40M(1021M) 1.114ms
[81.370s][info][gc,cpu         ] GC(750) User=0.00s Sys=0.00s Real=0.00s
[81.452s][info][gc,start       ] GC(751) Pause Young (Allocation Failure)
[81.453s][info][gc,heap        ] GC(751) PSYoungGen: 344960K(346112K)->1920K(346112K) Eden: 343040K(343040K)->0K(343040K) From: 1920K(3072K)->1920K(3072K)
[81.453s][info][gc,heap        ] GC(751) ParOldGen: 39493K(699392K)->39757K(699392K)
[81.453s][info][gc,metaspace   ] GC(751) Metaspace: 74026K(74496K)->74026K(74496K) NonClass: 59102K(59328K)->59102K(59328K) Class: 14923K(15168K)->14923K(15168K)
[81.453s][info][gc             ] GC(751) Pause Young (Allocation Failure) 375M->40M(1021M) 1.104ms
[81.453s][info][gc,cpu         ] GC(751) User=0.00s Sys=0.00s Real=0.00s
[81.536s][info][gc,start       ] GC(752) Pause Young (Allocation Failure)
[81.537s][info][gc,heap        ] GC(752) PSYoungGen: 344960K(346112K)->1856K(346112K) Eden: 343040K(343040K)->0K(343040K) From: 1920K(3072K)->1856K(3072K)
[81.537s][info][gc,heap        ] GC(752) ParOldGen: 39757K(699392K)->39869K(699392K)
[81.537s][info][gc,metaspace   ] GC(752) Metaspace: 74026K(74496K)->74026K(74496K) NonClass: 59102K(59328K)->59102K(59328K) Class: 14923K(15168K)->14923K(15168K)
[81.537s][info][gc             ] GC(752) Pause Young (Allocation Failure) 375M->40M(1021M) 1.099ms
[81.537s][info][gc,cpu         ] GC(752) User=0.00s Sys=0.00s Real=0.00s
[81.620s][info][gc,start       ] GC(753) Pause Young (Allocation Failure)
[81.621s][info][gc,heap        ] GC(753) PSYoungGen: 344896K(346112K)->1856K(346112K) Eden: 343040K(343040K)->0K(343040K) From: 1856K(3072K)->1856K(3072K)
[81.621s][info][gc,heap        ] GC(753) ParOldGen: 39869K(699392K)->39981K(699392K)
[81.621s][info][gc,metaspace   ] GC(753) Metaspace: 74026K(74496K)->74026K(74496K) NonClass: 59102K(59328K)->59102K(59328K) Class: 14923K(15168K)->14923K(15168K)
[81.621s][info][gc             ] GC(753) Pause Young (Allocation Failure) 375M->40M(1021M) 1.072ms
[81.621s][info][gc,cpu         ] GC(753) User=0.00s Sys=0.00s Real=0.00s
[81.703s][info][gc,start       ] GC(754) Pause Young (Allocation Failure)
[81.704s][info][gc,heap        ] GC(754) PSYoungGen: 344896K(346112K)->1856K(345088K) Eden: 343040K(343040K)->0K(343040K) From: 1856K(3072K)->1856K(2048K)
[81.704s][info][gc,heap        ] GC(754) ParOldGen: 39981K(699392K)->40085K(699392K)
[81.704s][info][gc,metaspace   ] GC(754) Metaspace: 74026K(74496K)->74026K(74496K) NonClass: 59102K(59328K)->59102K(59328K) Class: 14923K(15168K)->14923K(15168K)
[81.704s][info][gc             ] GC(754) Pause Young (Allocation Failure) 375M->40M(1020M) 1.127ms
[81.704s][info][gc,cpu         ] GC(754) User=0.00s Sys=0.00s Real=0.00s
[81.787s][info][gc,start       ] GC(755) Pause Young (Allocation Failure)
[81.788s][info][gc,heap        ] GC(755) PSYoungGen: 344896K(345088K)->1888K(345600K) Eden: 343040K(343040K)->0K(343040K) From: 1856K(2048K)->1888K(2560K)
[81.788s][info][gc,heap        ] GC(755) ParOldGen: 40085K(699392K)->40197K(699392K)
[81.788s][info][gc,metaspace   ] GC(755) Metaspace: 74026K(74496K)->74026K(74496K) NonClass: 59102K(59328K)->59102K(59328K) Class: 14923K(15168K)->14923K(15168K)
[81.788s][info][gc             ] GC(755) Pause Young (Allocation Failure) 375M->41M(1020M) 1.054ms
[81.788s][info][gc,cpu         ] GC(755) User=0.00s Sys=0.00s Real=0.00s
[81.870s][info][gc,start       ] GC(756) Pause Young (Allocation Failure)
[81.871s][info][gc,heap        ] GC(756) PSYoungGen: 344928K(345600K)->1888K(346624K) Eden: 343040K(343040K)->0K(344064K) From: 1888K(2560K)->1888K(2560K)
[81.871s][info][gc,heap        ] GC(756) ParOldGen: 40197K(699392K)->40293K(699392K)
[81.871s][info][gc,metaspace   ] GC(756) Metaspace: 74026K(74496K)->74026K(74496K) NonClass: 59102K(59328K)->59102K(59328K) Class: 14923K(15168K)->14923K(15168K)
[81.871s][info][gc             ] GC(756) Pause Young (Allocation Failure) 376M->41M(1021M) 1.104ms
[81.871s][info][gc,cpu         ] GC(756) User=0.00s Sys=0.00s Real=0.00s
[81.953s][info][gc,start       ] GC(757) Pause Young (Allocation Failure)
[81.954s][info][gc,heap        ] GC(757) PSYoungGen: 345952K(346624K)->1920K(346624K) Eden: 344064K(344064K)->0K(344064K) From: 1888K(2560K)->1920K(2560K)
[81.954s][info][gc,heap        ] GC(757) ParOldGen: 40293K(699392K)->40349K(699392K)
[81.954s][info][gc,metaspace   ] GC(757) Metaspace: 74026K(74496K)->74026K(74496K) NonClass: 59102K(59328K)->59102K(59328K) Class: 14923K(15168K)->14923K(15168K)
[81.955s][info][gc             ] GC(757) Pause Young (Allocation Failure) 377M->41M(1021M) 1.117ms
[81.955s][info][gc,cpu         ] GC(757) User=0.00s Sys=0.00s Real=0.00s
[82.037s][info][gc,start       ] GC(758) Pause Young (Allocation Failure)
[82.038s][info][gc,heap        ] GC(758) PSYoungGen: 345984K(346624K)->1920K(346624K) Eden: 344064K(344064K)->0K(344064K) From: 1920K(2560K)->1920K(2560K)
[82.038s][info][gc,heap        ] GC(758) ParOldGen: 40349K(699392K)->40461K(699392K)
[82.038s][info][gc,metaspace   ] GC(758) Metaspace: 74026K(74496K)->74026K(74496K) NonClass: 59102K(59328K)->59102K(59328K) Class: 14923K(15168K)->14923K(15168K)
[82.038s][info][gc             ] GC(758) Pause Young (Allocation Failure) 377M->41M(1021M) 1.065ms
[82.038s][info][gc,cpu         ] GC(758) User=0.00s Sys=0.00s Real=0.00s
[82.120s][info][gc,start       ] GC(759) Pause Young (Allocation Failure)
[82.122s][info][gc,heap        ] GC(759) PSYoungGen: 345984K(346624K)->1888K(346624K) Eden: 344064K(344064K)->0K(344064K) From: 1920K(2560K)->1888K(2560K)
[82.122s][info][gc,heap        ] GC(759) ParOldGen: 40461K(699392K)->40605K(699392K)
[82.122s][info][gc,metaspace   ] GC(759) Metaspace: 74026K(74496K)->74026K(74496K) NonClass: 59102K(59328K)->59102K(59328K) Class: 14923K(15168K)->14923K(15168K)
[82.122s][info][gc             ] GC(759) Pause Young (Allocation Failure) 377M->41M(1021M) 1.117ms
[82.122s][info][gc,cpu         ] GC(759) User=0.00s Sys=0.00s Real=0.00s
[82.204s][info][gc,start       ] GC(760) Pause Young (Allocation Failure)
[82.205s][info][gc,heap        ] GC(760) PSYoungGen: 345952K(346624K)->1888K(346624K) Eden: 344064K(344064K)->0K(344064K) From: 1888K(2560K)->1888K(2560K)
[82.205s][info][gc,heap        ] GC(760) ParOldGen: 40605K(699392K)->40717K(699392K)
[82.205s][info][gc,metaspace   ] GC(760) Metaspace: 74026K(74496K)->74026K(74496K) NonClass: 59102K(59328K)->59102K(59328K) Class: 14923K(15168K)->14923K(15168K)
[82.205s][info][gc             ] GC(760) Pause Young (Allocation Failure) 377M->41M(1021M) 1.104ms
[82.205s][info][gc,cpu         ] GC(760) User=0.00s Sys=0.00s Real=0.00s
[82.288s][info][gc,start       ] GC(761) Pause Young (Allocation Failure)
[82.289s][info][gc,heap        ] GC(761) PSYoungGen: 345952K(346624K)->1920K(346624K) Eden: 344064K(344064K)->0K(344064K) From: 1888K(2560K)->1920K(2560K)
[82.289s][info][gc,heap        ] GC(761) ParOldGen: 40717K(699392K)->40821K(699392K)
[82.289s][info][gc,metaspace   ] GC(761) Metaspace: 74026K(74496K)->74026K(74496K) NonClass: 59102K(59328K)->59102K(59328K) Class: 14923K(15168K)->14923K(15168K)
[82.289s][info][gc             ] GC(761) Pause Young (Allocation Failure) 377M->41M(1021M) 1.113ms
[82.289s][info][gc,cpu         ] GC(761) User=0.00s Sys=0.00s Real=0.00s
[82.372s][info][gc,start       ] GC(762) Pause Young (Allocation Failure)
[82.373s][info][gc,heap        ] GC(762) PSYoungGen: 345984K(346624K)->1888K(346624K) Eden: 344064K(344064K)->0K(344064K) From: 1920K(2560K)->1888K(2560K)
[82.373s][info][gc,heap        ] GC(762) ParOldGen: 40821K(699392K)->40925K(699392K)
[82.373s][info][gc,metaspace   ] GC(762) Metaspace: 74026K(74496K)->74026K(74496K) NonClass: 59102K(59328K)->59102K(59328K) Class: 14923K(15168K)->14923K(15168K)
[82.373s][info][gc             ] GC(762) Pause Young (Allocation Failure) 377M->41M(1021M) 1.114ms
[82.373s][info][gc,cpu         ] GC(762) User=0.00s Sys=0.00s Real=0.00s
[82.456s][info][gc,start       ] GC(763) Pause Young (Allocation Failure)
[82.472s][info][gc,heap        ] GC(763) PSYoungGen: 345952K(346624K)->1856K(346624K) Eden: 344064K(344064K)->0K(344064K) From: 1888K(2560K)->1856K(2560K)
[82.472s][info][gc,heap        ] GC(763) ParOldGen: 40925K(699392K)->41173K(699392K)
[82.472s][info][gc,metaspace   ] GC(763) Metaspace: 74026K(74496K)->74026K(74496K) NonClass: 59102K(59328K)->59102K(59328K) Class: 14923K(15168K)->14923K(15168K)
[82.472s][info][gc             ] GC(763) Pause Young (Allocation Failure) 377M->42M(1021M) 16.089ms
[82.472s][info][gc,cpu         ] GC(763) User=0.00s Sys=0.00s Real=0.02s
[82.558s][info][gc,start       ] GC(764) Pause Young (Allocation Failure)
[82.559s][info][gc,heap        ] GC(764) PSYoungGen: 345920K(346624K)->1856K(346624K) Eden: 344064K(344064K)->0K(344064K) From: 1856K(2560K)->1856K(2560K)
[82.559s][info][gc,heap        ] GC(764) ParOldGen: 41173K(699392K)->41301K(699392K)
[82.559s][info][gc,metaspace   ] GC(764) Metaspace: 74026K(74496K)->74026K(74496K) NonClass: 59102K(59328K)->59102K(59328K) Class: 14923K(15168K)->14923K(15168K)
[82.559s][info][gc             ] GC(764) Pause Young (Allocation Failure) 378M->42M(1021M) 1.066ms
[82.559s][info][gc,cpu         ] GC(764) User=0.00s Sys=0.00s Real=0.00s
[82.642s][info][gc,start       ] GC(765) Pause Young (Allocation Failure)
[82.643s][info][gc,heap        ] GC(765) PSYoungGen: 345920K(346624K)->1856K(346624K) Eden: 344064K(344064K)->0K(344064K) From: 1856K(2560K)->1856K(2560K)
[82.643s][info][gc,heap        ] GC(765) ParOldGen: 41301K(699392K)->41405K(699392K)
[82.643s][info][gc,metaspace   ] GC(765) Metaspace: 74026K(74496K)->74026K(74496K) NonClass: 59102K(59328K)->59102K(59328K) Class: 14923K(15168K)->14923K(15168K)
[82.643s][info][gc             ] GC(765) Pause Young (Allocation Failure) 378M->42M(1021M) 1.094ms
[82.643s][info][gc,cpu         ] GC(765) User=0.00s Sys=0.00s Real=0.00s
[82.725s][info][gc,start       ] GC(766) Pause Young (Allocation Failure)
[82.726s][info][gc,heap        ] GC(766) PSYoungGen: 345920K(346624K)->1888K(346624K) Eden: 344064K(344064K)->0K(344064K) From: 1856K(2560K)->1888K(2560K)
[82.726s][info][gc,heap        ] GC(766) ParOldGen: 41405K(699392K)->41541K(699392K)
[82.726s][info][gc,metaspace   ] GC(766) Metaspace: 74026K(74496K)->74026K(74496K) NonClass: 59102K(59328K)->59102K(59328K) Class: 14923K(15168K)->14923K(15168K)
[82.726s][info][gc             ] GC(766) Pause Young (Allocation Failure) 378M->42M(1021M) 1.083ms
[82.726s][info][gc,cpu         ] GC(766) User=0.00s Sys=0.00s Real=0.00s
[82.809s][info][gc,start       ] GC(767) Pause Young (Allocation Failure)
[82.810s][info][gc,heap        ] GC(767) PSYoungGen: 345952K(346624K)->1888K(346624K) Eden: 344064K(344064K)->0K(344064K) From: 1888K(2560K)->1888K(2560K)
[82.810s][info][gc,heap        ] GC(767) ParOldGen: 41541K(699392K)->41645K(699392K)
[82.810s][info][gc,metaspace   ] GC(767) Metaspace: 74026K(74496K)->74026K(74496K) NonClass: 59102K(59328K)->59102K(59328K) Class: 14923K(15168K)->14923K(15168K)
[82.810s][info][gc             ] GC(767) Pause Young (Allocation Failure) 378M->42M(1021M) 1.099ms
[82.810s][info][gc,cpu         ] GC(767) User=0.00s Sys=0.00s Real=0.00s
[82.892s][info][gc,start       ] GC(768) Pause Young (Allocation Failure)
[82.894s][info][gc,heap        ] GC(768) PSYoungGen: 345952K(346624K)->1920K(346624K) Eden: 344064K(344064K)->0K(344064K) From: 1888K(2560K)->1920K(2560K)
[82.894s][info][gc,heap        ] GC(768) ParOldGen: 41645K(699392K)->41741K(699392K)
[82.894s][info][gc,metaspace   ] GC(768) Metaspace: 74026K(74496K)->74026K(74496K) NonClass: 59102K(59328K)->59102K(59328K) Class: 14923K(15168K)->14923K(15168K)
[82.894s][info][gc             ] GC(768) Pause Young (Allocation Failure) 378M->42M(1021M) 1.165ms
[82.894s][info][gc,cpu         ] GC(768) User=0.00s Sys=0.00s Real=0.00s
[82.976s][info][gc,start       ] GC(769) Pause Young (Allocation Failure)
[82.977s][info][gc,heap        ] GC(769) PSYoungGen: 345984K(346624K)->1824K(346624K) Eden: 344064K(344064K)->0K(344064K) From: 1920K(2560K)->1824K(2560K)
[82.977s][info][gc,heap        ] GC(769) ParOldGen: 41741K(699392K)->41877K(699392K)
[82.977s][info][gc,metaspace   ] GC(769) Metaspace: 74026K(74496K)->74026K(74496K) NonClass: 59102K(59328K)->59102K(59328K) Class: 14923K(15168K)->14923K(15168K)
[82.977s][info][gc             ] GC(769) Pause Young (Allocation Failure) 378M->42M(1021M) 1.061ms
[82.977s][info][gc,cpu         ] GC(769) User=0.00s Sys=0.00s Real=0.00s
[83.060s][info][gc,start       ] GC(770) Pause Young (Allocation Failure)
[83.061s][info][gc,heap        ] GC(770) PSYoungGen: 345888K(346624K)->1824K(346624K) Eden: 344064K(344064K)->0K(344064K) From: 1824K(2560K)->1824K(2560K)
[83.061s][info][gc,heap        ] GC(770) ParOldGen: 41877K(699392K)->41981K(699392K)
[83.061s][info][gc,metaspace   ] GC(770) Metaspace: 74026K(74496K)->74026K(74496K) NonClass: 59102K(59328K)->59102K(59328K) Class: 14923K(15168K)->14923K(15168K)
[83.061s][info][gc             ] GC(770) Pause Young (Allocation Failure) 378M->42M(1021M) 1.094ms
[83.061s][info][gc,cpu         ] GC(770) User=0.00s Sys=0.00s Real=0.00s
[83.143s][info][gc,start       ] GC(771) Pause Young (Allocation Failure)
[83.144s][info][gc,heap        ] GC(771) PSYoungGen: 345888K(346624K)->1920K(346624K) Eden: 344064K(344064K)->0K(344064K) From: 1824K(2560K)->1920K(2560K)
[83.144s][info][gc,heap        ] GC(771) ParOldGen: 41981K(699392K)->42069K(699392K)
[83.144s][info][gc,metaspace   ] GC(771) Metaspace: 74026K(74496K)->74026K(74496K) NonClass: 59102K(59328K)->59102K(59328K) Class: 14923K(15168K)->14923K(15168K)
[83.144s][info][gc             ] GC(771) Pause Young (Allocation Failure) 378M->42M(1021M) 1.095ms
[83.144s][info][gc,cpu         ] GC(771) User=0.00s Sys=0.00s Real=0.00s
[83.227s][info][gc,start       ] GC(772) Pause Young (Allocation Failure)
[83.228s][info][gc,heap        ] GC(772) PSYoungGen: 345984K(346624K)->1824K(346624K) Eden: 344064K(344064K)->0K(344064K) From: 1920K(2560K)->1824K(2560K)
[83.228s][info][gc,heap        ] GC(772) ParOldGen: 42069K(699392K)->42141K(699392K)
[83.228s][info][gc,metaspace   ] GC(772) Metaspace: 74026K(74496K)->74026K(74496K) NonClass: 59102K(59328K)->59102K(59328K) Class: 14923K(15168K)->14923K(15168K)
[83.228s][info][gc             ] GC(772) Pause Young (Allocation Failure) 378M->42M(1021M) 1.067ms
[83.228s][info][gc,cpu         ] GC(772) User=0.00s Sys=0.00s Real=0.00s
[83.311s][info][gc,start       ] GC(773) Pause Young (Allocation Failure)
[83.312s][info][gc,heap        ] GC(773) PSYoungGen: 345888K(346624K)->1888K(346624K) Eden: 344064K(344064K)->0K(344064K) From: 1824K(2560K)->1888K(2560K)
[83.312s][info][gc,heap        ] GC(773) ParOldGen: 42141K(699392K)->42285K(699392K)
[83.312s][info][gc,metaspace   ] GC(773) Metaspace: 74026K(74496K)->74026K(74496K) NonClass: 59102K(59328K)->59102K(59328K) Class: 14923K(15168K)->14923K(15168K)
[83.312s][info][gc             ] GC(773) Pause Young (Allocation Failure) 378M->43M(1021M) 1.092ms
[83.312s][info][gc,cpu         ] GC(773) User=0.00s Sys=0.00s Real=0.00s
[83.394s][info][gc,start       ] GC(774) Pause Young (Allocation Failure)
[83.395s][info][gc,heap        ] GC(774) PSYoungGen: 345952K(346624K)->1920K(346624K) Eden: 344064K(344064K)->0K(344064K) From: 1888K(2560K)->1920K(2560K)
[83.395s][info][gc,heap        ] GC(774) ParOldGen: 42285K(699392K)->42421K(699392K)
[83.395s][info][gc,metaspace   ] GC(774) Metaspace: 74026K(74496K)->74026K(74496K) NonClass: 59102K(59328K)->59102K(59328K) Class: 14923K(15168K)->14923K(15168K)
[83.395s][info][gc             ] GC(774) Pause Young (Allocation Failure) 379M->43M(1021M) 1.103ms
[83.395s][info][gc,cpu         ] GC(774) User=0.00s Sys=0.00s Real=0.00s
[83.478s][info][gc,start       ] GC(775) Pause Young (Allocation Failure)
[83.479s][info][gc,heap        ] GC(775) PSYoungGen: 345984K(346624K)->1952K(346624K) Eden: 344064K(344064K)->0K(344064K) From: 1920K(2560K)->1952K(2560K)
[83.479s][info][gc,heap        ] GC(775) ParOldGen: 42421K(699392K)->42685K(699392K)
[83.479s][info][gc,metaspace   ] GC(775) Metaspace: 74026K(74496K)->74026K(74496K) NonClass: 59102K(59328K)->59102K(59328K) Class: 14923K(15168K)->14923K(15168K)
[83.479s][info][gc             ] GC(775) Pause Young (Allocation Failure) 379M->43M(1021M) 1.119ms
[83.479s][info][gc,cpu         ] GC(775) User=0.00s Sys=0.00s Real=0.00s
[83.562s][info][gc,start       ] GC(776) Pause Young (Allocation Failure)
[83.563s][info][gc,heap        ] GC(776) PSYoungGen: 346016K(346624K)->1888K(346624K) Eden: 344064K(344064K)->0K(344064K) From: 1952K(2560K)->1888K(2560K)
[83.563s][info][gc,heap        ] GC(776) ParOldGen: 42685K(699392K)->42789K(699392K)
[83.563s][info][gc,metaspace   ] GC(776) Metaspace: 74026K(74496K)->74026K(74496K) NonClass: 59102K(59328K)->59102K(59328K) Class: 14923K(15168K)->14923K(15168K)
[83.563s][info][gc             ] GC(776) Pause Young (Allocation Failure) 379M->43M(1021M) 1.097ms
[83.563s][info][gc,cpu         ] GC(776) User=0.00s Sys=0.00s Real=0.00s
[83.646s][info][gc,start       ] GC(777) Pause Young (Allocation Failure)
[83.647s][info][gc,heap        ] GC(777) PSYoungGen: 345952K(346624K)->1856K(346112K) Eden: 344064K(344064K)->0K(344064K) From: 1888K(2560K)->1856K(2048K)
[83.647s][info][gc,heap        ] GC(777) ParOldGen: 42789K(699392K)->42909K(699392K)
[83.647s][info][gc,metaspace   ] GC(777) Metaspace: 74026K(74496K)->74026K(74496K) NonClass: 59102K(59328K)->59102K(59328K) Class: 14923K(15168K)->14923K(15168K)
[83.647s][info][gc             ] GC(777) Pause Young (Allocation Failure) 379M->43M(1021M) 1.143ms
[83.647s][info][gc,cpu         ] GC(777) User=0.00s Sys=0.00s Real=0.00s
[83.729s][info][gc,start       ] GC(778) Pause Young (Allocation Failure)
[83.730s][info][gc,heap        ] GC(778) PSYoungGen: 345920K(346112K)->1856K(346112K) Eden: 344064K(344064K)->0K(344064K) From: 1856K(2048K)->1856K(2048K)
[83.730s][info][gc,heap        ] GC(778) ParOldGen: 42909K(699392K)->43077K(699392K)
[83.730s][info][gc,metaspace   ] GC(778) Metaspace: 74026K(74496K)->74026K(74496K) NonClass: 59102K(59328K)->59102K(59328K) Class: 14923K(15168K)->14923K(15168K)
[83.730s][info][gc             ] GC(778) Pause Young (Allocation Failure) 379M->43M(1021M) 1.117ms
[83.731s][info][gc,cpu         ] GC(778) User=0.00s Sys=0.00s Real=0.00s
[83.813s][info][gc,start       ] GC(779) Pause Young (Allocation Failure)
[83.814s][info][gc,heap        ] GC(779) PSYoungGen: 345920K(346112K)->1824K(346112K) Eden: 344064K(344064K)->0K(344064K) From: 1856K(2048K)->1824K(2048K)
[83.814s][info][gc,heap        ] GC(779) ParOldGen: 43077K(699392K)->43149K(699392K)
[83.814s][info][gc,metaspace   ] GC(779) Metaspace: 74026K(74496K)->74026K(74496K) NonClass: 59102K(59328K)->59102K(59328K) Class: 14923K(15168K)->14923K(15168K)
[83.814s][info][gc             ] GC(779) Pause Young (Allocation Failure) 379M->43M(1021M) 1.103ms
[83.814s][info][gc,cpu         ] GC(779) User=0.00s Sys=0.00s Real=0.00s
[83.896s][info][gc,start       ] GC(780) Pause Young (Allocation Failure)
[83.897s][info][gc,heap        ] GC(780) PSYoungGen: 345888K(346112K)->1952K(347136K) Eden: 344064K(344064K)->0K(345088K) From: 1824K(2048K)->1952K(2048K)
[83.898s][info][gc,heap        ] GC(780) ParOldGen: 43149K(699392K)->43229K(699392K)
[83.898s][info][gc,metaspace   ] GC(780) Metaspace: 74026K(74496K)->74026K(74496K) NonClass: 59102K(59328K)->59102K(59328K) Class: 14923K(15168K)->14923K(15168K)
[83.898s][info][gc             ] GC(780) Pause Young (Allocation Failure) 379M->44M(1022M) 1.164ms
[83.898s][info][gc,cpu         ] GC(780) User=0.00s Sys=0.00s Real=0.00s
[83.981s][info][gc,start       ] GC(781) Pause Young (Allocation Failure)
[83.982s][info][gc,heap        ] GC(781) PSYoungGen: 347040K(347136K)->1856K(347136K) Eden: 345088K(345088K)->0K(345088K) From: 1952K(2048K)->1856K(2048K)
[83.982s][info][gc,heap        ] GC(781) ParOldGen: 43229K(699392K)->43349K(699392K)
[83.982s][info][gc,metaspace   ] GC(781) Metaspace: 74026K(74496K)->74026K(74496K) NonClass: 59102K(59328K)->59102K(59328K) Class: 14923K(15168K)->14923K(15168K)
[83.982s][info][gc             ] GC(781) Pause Young (Allocation Failure) 381M->44M(1022M) 1.073ms
[83.982s][info][gc,cpu         ] GC(781) User=0.00s Sys=0.00s Real=0.00s
[84.065s][info][gc,start       ] GC(782) Pause Young (Allocation Failure)
[84.066s][info][gc,heap        ] GC(782) PSYoungGen: 346944K(347136K)->1824K(347136K) Eden: 345088K(345088K)->0K(345088K) From: 1856K(2048K)->1824K(2048K)
[84.066s][info][gc,heap        ] GC(782) ParOldGen: 43349K(699392K)->43477K(699392K)
[84.066s][info][gc,metaspace   ] GC(782) Metaspace: 74026K(74496K)->74026K(74496K) NonClass: 59102K(59328K)->59102K(59328K) Class: 14923K(15168K)->14923K(15168K)
[84.066s][info][gc             ] GC(782) Pause Young (Allocation Failure) 381M->44M(1022M) 1.092ms
[84.066s][info][gc,cpu         ] GC(782) User=0.02s Sys=0.00s Real=0.00s
[84.152s][info][gc,start       ] GC(783) Pause Young (Allocation Failure)
[84.153s][info][gc,heap        ] GC(783) PSYoungGen: 346912K(347136K)->1856K(347136K) Eden: 345088K(345088K)->0K(345088K) From: 1824K(2048K)->1856K(2048K)
[84.153s][info][gc,heap        ] GC(783) ParOldGen: 43477K(699392K)->43597K(699392K)
[84.153s][info][gc,metaspace   ] GC(783) Metaspace: 74026K(74496K)->74026K(74496K) NonClass: 59102K(59328K)->59102K(59328K) Class: 14923K(15168K)->14923K(15168K)
[84.153s][info][gc             ] GC(783) Pause Young (Allocation Failure) 381M->44M(1022M) 1.077ms
[84.153s][info][gc,cpu         ] GC(783) User=0.00s Sys=0.00s Real=0.00s
[84.236s][info][gc,start       ] GC(784) Pause Young (Allocation Failure)
[84.237s][info][gc,heap        ] GC(784) PSYoungGen: 346944K(347136K)->1856K(347136K) Eden: 345088K(345088K)->0K(345088K) From: 1856K(2048K)->1856K(2048K)
[84.237s][info][gc,heap        ] GC(784) ParOldGen: 43597K(699392K)->43709K(699392K)
[84.237s][info][gc,metaspace   ] GC(784) Metaspace: 74026K(74496K)->74026K(74496K) NonClass: 59102K(59328K)->59102K(59328K) Class: 14923K(15168K)->14923K(15168K)
[84.237s][info][gc             ] GC(784) Pause Young (Allocation Failure) 381M->44M(1022M) 1.121ms
[84.237s][info][gc,cpu         ] GC(784) User=0.00s Sys=0.00s Real=0.00s
[84.320s][info][gc,start       ] GC(785) Pause Young (Allocation Failure)
[84.321s][info][gc,heap        ] GC(785) PSYoungGen: 346944K(347136K)->1952K(347136K) Eden: 345088K(345088K)->0K(345088K) From: 1856K(2048K)->1952K(2048K)
[84.321s][info][gc,heap        ] GC(785) ParOldGen: 43709K(699392K)->43805K(699392K)
[84.321s][info][gc,metaspace   ] GC(785) Metaspace: 74026K(74496K)->74026K(74496K) NonClass: 59102K(59328K)->59102K(59328K) Class: 14923K(15168K)->14923K(15168K)
[84.321s][info][gc             ] GC(785) Pause Young (Allocation Failure) 381M->44M(1022M) 1.107ms
[84.321s][info][gc,cpu         ] GC(785) User=0.00s Sys=0.00s Real=0.00s
[84.404s][info][gc,start       ] GC(786) Pause Young (Allocation Failure)
[84.405s][info][gc,heap        ] GC(786) PSYoungGen: 347040K(347136K)->1888K(347136K) Eden: 345088K(345088K)->0K(345088K) From: 1952K(2048K)->1888K(2048K)
[84.405s][info][gc,heap        ] GC(786) ParOldGen: 43805K(699392K)->44061K(699392K)
[84.405s][info][gc,metaspace   ] GC(786) Metaspace: 74026K(74496K)->74026K(74496K) NonClass: 59102K(59328K)->59102K(59328K) Class: 14923K(15168K)->14923K(15168K)
[84.405s][info][gc             ] GC(786) Pause Young (Allocation Failure) 381M->44M(1022M) 1.114ms
[84.405s][info][gc,cpu         ] GC(786) User=0.00s Sys=0.00s Real=0.00s
[84.488s][info][gc,start       ] GC(787) Pause Young (Allocation Failure)
[84.489s][info][gc,heap        ] GC(787) PSYoungGen: 346976K(347136K)->1760K(347136K) Eden: 345088K(345088K)->0K(345088K) From: 1888K(2048K)->1760K(2048K)
[84.489s][info][gc,heap        ] GC(787) ParOldGen: 44061K(699392K)->44181K(699392K)
[84.489s][info][gc,metaspace   ] GC(787) Metaspace: 74026K(74496K)->74026K(74496K) NonClass: 59102K(59328K)->59102K(59328K) Class: 14923K(15168K)->14923K(15168K)
[84.489s][info][gc             ] GC(787) Pause Young (Allocation Failure) 381M->44M(1022M) 1.125ms
[84.489s][info][gc,cpu         ] GC(787) User=0.00s Sys=0.00s Real=0.00s
[84.572s][info][gc,start       ] GC(788) Pause Young (Allocation Failure)
[84.573s][info][gc,heap        ] GC(788) PSYoungGen: 346848K(347136K)->1792K(347136K) Eden: 345088K(345088K)->0K(345088K) From: 1760K(2048K)->1792K(2048K)
[84.573s][info][gc,heap        ] GC(788) ParOldGen: 44181K(699392K)->44309K(699392K)
[84.573s][info][gc,metaspace   ] GC(788) Metaspace: 74026K(74496K)->74026K(74496K) NonClass: 59102K(59328K)->59102K(59328K) Class: 14923K(15168K)->14923K(15168K)
[84.573s][info][gc             ] GC(788) Pause Young (Allocation Failure) 381M->45M(1022M) 1.103ms
[84.573s][info][gc,cpu         ] GC(788) User=0.00s Sys=0.00s Real=0.00s
[84.656s][info][gc,start       ] GC(789) Pause Young (Allocation Failure)
[84.657s][info][gc,heap        ] GC(789) PSYoungGen: 346880K(347136K)->1792K(347136K) Eden: 345088K(345088K)->0K(345088K) From: 1792K(2048K)->1792K(2048K)
[84.657s][info][gc,heap        ] GC(789) ParOldGen: 44309K(699392K)->44493K(699392K)
[84.657s][info][gc,metaspace   ] GC(789) Metaspace: 74026K(74496K)->74026K(74496K) NonClass: 59102K(59328K)->59102K(59328K) Class: 14923K(15168K)->14923K(15168K)
[84.657s][info][gc             ] GC(789) Pause Young (Allocation Failure) 382M->45M(1022M) 1.100ms
[84.657s][info][gc,cpu         ] GC(789) User=0.00s Sys=0.00s Real=0.00s
[84.740s][info][gc,start       ] GC(790) Pause Young (Allocation Failure)
[84.741s][info][gc,heap        ] GC(790) PSYoungGen: 346880K(347136K)->1824K(347136K) Eden: 345088K(345088K)->0K(345088K) From: 1792K(2048K)->1824K(2048K)
[84.741s][info][gc,heap        ] GC(790) ParOldGen: 44493K(699392K)->44605K(699392K)
[84.741s][info][gc,metaspace   ] GC(790) Metaspace: 74026K(74496K)->74026K(74496K) NonClass: 59102K(59328K)->59102K(59328K) Class: 14923K(15168K)->14923K(15168K)
[84.741s][info][gc             ] GC(790) Pause Young (Allocation Failure) 382M->45M(1022M) 1.105ms
[84.742s][info][gc,cpu         ] GC(790) User=0.00s Sys=0.00s Real=0.00s
[84.825s][info][gc,start       ] GC(791) Pause Young (Allocation Failure)
[84.826s][info][gc,heap        ] GC(791) PSYoungGen: 346912K(347136K)->1888K(347136K) Eden: 345088K(345088K)->0K(345088K) From: 1824K(2048K)->1888K(2048K)
[84.826s][info][gc,heap        ] GC(791) ParOldGen: 44605K(699392K)->44661K(699392K)
[84.826s][info][gc,metaspace   ] GC(791) Metaspace: 74026K(74496K)->74026K(74496K) NonClass: 59102K(59328K)->59102K(59328K) Class: 14923K(15168K)->14923K(15168K)
[84.826s][info][gc             ] GC(791) Pause Young (Allocation Failure) 382M->45M(1022M) 1.068ms
[84.826s][info][gc,cpu         ] GC(791) User=0.00s Sys=0.00s Real=0.00s
[84.909s][info][gc,start       ] GC(792) Pause Young (Allocation Failure)
[84.910s][info][gc,heap        ] GC(792) PSYoungGen: 346976K(347136K)->1760K(347136K) Eden: 345088K(345088K)->0K(345088K) From: 1888K(2048K)->1760K(2048K)
[84.910s][info][gc,heap        ] GC(792) ParOldGen: 44661K(699392K)->44829K(699392K)
[84.910s][info][gc,metaspace   ] GC(792) Metaspace: 74026K(74496K)->74026K(74496K) NonClass: 59102K(59328K)->59102K(59328K) Class: 14923K(15168K)->14923K(15168K)
[84.911s][info][gc             ] GC(792) Pause Young (Allocation Failure) 382M->45M(1022M) 1.065ms
[84.911s][info][gc,cpu         ] GC(792) User=0.00s Sys=0.00s Real=0.00s
[84.995s][info][gc,start       ] GC(793) Pause Young (Allocation Failure)
[84.996s][info][gc,heap        ] GC(793) PSYoungGen: 346848K(347136K)->1824K(347136K) Eden: 345088K(345088K)->0K(345088K) From: 1760K(2048K)->1824K(2048K)
[84.996s][info][gc,heap        ] GC(793) ParOldGen: 44829K(699392K)->45045K(699392K)
[84.996s][info][gc,metaspace   ] GC(793) Metaspace: 74026K(74496K)->74026K(74496K) NonClass: 59102K(59328K)->59102K(59328K) Class: 14923K(15168K)->14923K(15168K)
[84.996s][info][gc             ] GC(793) Pause Young (Allocation Failure) 382M->45M(1022M) 1.107ms
[84.996s][info][gc,cpu         ] GC(793) User=0.00s Sys=0.00s Real=0.00s
[85.081s][info][gc,start       ] GC(794) Pause Young (Allocation Failure)
[85.082s][info][gc,heap        ] GC(794) PSYoungGen: 346912K(347136K)->1728K(347136K) Eden: 345088K(345088K)->0K(345088K) From: 1824K(2048K)->1728K(2048K)
[85.082s][info][gc,heap        ] GC(794) ParOldGen: 45045K(699392K)->45317K(699392K)
[85.082s][info][gc,metaspace   ] GC(794) Metaspace: 74026K(74496K)->74026K(74496K) NonClass: 59102K(59328K)->59102K(59328K) Class: 14923K(15168K)->14923K(15168K)
[85.082s][info][gc             ] GC(794) Pause Young (Allocation Failure) 382M->45M(1022M) 1.040ms
[85.082s][info][gc,cpu         ] GC(794) User=0.00s Sys=0.00s Real=0.00s
[85.170s][info][gc,start       ] GC(795) Pause Young (Allocation Failure)
[85.171s][info][gc,heap        ] GC(795) PSYoungGen: 346816K(347136K)->1632K(347136K) Eden: 345088K(345088K)->0K(345088K) From: 1728K(2048K)->1632K(2048K)
[85.180s][info][gc,heap        ] GC(795) ParOldGen: 45317K(699392K)->45573K(699392K)
[85.180s][info][gc,metaspace   ] GC(795) Metaspace: 74026K(74496K)->74026K(74496K) NonClass: 59102K(59328K)->59102K(59328K) Class: 14923K(15168K)->14923K(15168K)
[85.181s][info][gc             ] GC(795) Pause Young (Allocation Failure) 382M->46M(1022M) 10.748ms
[85.181s][info][gc,cpu         ] GC(795) User=0.00s Sys=0.00s Real=0.00s
[85.274s][info][gc,start       ] GC(796) Pause Young (Allocation Failure)
[85.275s][info][gc,heap        ] GC(796) PSYoungGen: 346720K(347136K)->1696K(337408K) Eden: 345088K(345088K)->0K(335360K) From: 1632K(2048K)->1696K(2048K)
[85.275s][info][gc,heap        ] GC(796) ParOldGen: 45573K(699392K)->45813K(699392K)
[85.275s][info][gc,metaspace   ] GC(796) Metaspace: 74030K(74496K)->74030K(74496K) NonClass: 59106K(59328K)->59106K(59328K) Class: 14923K(15168K)->14923K(15168K)
[85.275s][info][gc             ] GC(796) Pause Young (Allocation Failure) 383M->46M(1012M) 1.006ms
[85.275s][info][gc,cpu         ] GC(796) User=0.00s Sys=0.00s Real=0.00s
[85.370s][info][gc,start       ] GC(797) Pause Young (Allocation Failure)
[85.371s][info][gc,heap        ] GC(797) PSYoungGen: 337056K(337408K)->1472K(327680K) Eden: 335360K(335360K)->0K(326144K) From: 1696K(2048K)->1472K(1536K)
[85.371s][info][gc,heap        ] GC(797) ParOldGen: 45813K(699392K)->46133K(699392K)
[85.371s][info][gc,metaspace   ] GC(797) Metaspace: 74030K(74496K)->74030K(74496K) NonClass: 59106K(59328K)->59106K(59328K) Class: 14923K(15168K)->14923K(15168K)
[85.371s][info][gc             ] GC(797) Pause Young (Allocation Failure) 373M->46M(1003M) 1.121ms
[85.371s][info][gc,cpu         ] GC(797) User=0.00s Sys=0.00s Real=0.00s
[85.476s][info][gc,start       ] GC(798) Pause Young (Allocation Failure)
[85.477s][info][gc,heap        ] GC(798) PSYoungGen: 327616K(327680K)->1024K(318464K) Eden: 326144K(326144K)->0K(317440K) From: 1472K(1536K)->1024K(1024K)
[85.477s][info][gc,heap        ] GC(798) ParOldGen: 46133K(699392K)->46453K(699392K)
[85.477s][info][gc,metaspace   ] GC(798) Metaspace: 74030K(74496K)->74030K(74496K) NonClass: 59106K(59328K)->59106K(59328K) Class: 14923K(15168K)->14923K(15168K)
[85.477s][info][gc             ] GC(798) Pause Young (Allocation Failure) 364M->46M(994M) 1.036ms
[85.477s][info][gc,cpu         ] GC(798) User=0.00s Sys=0.00s Real=0.00s
[85.599s][info][gc,start       ] GC(799) Pause Young (Allocation Failure)
[85.599s][info][gc,heap        ] GC(799) PSYoungGen: 318464K(318464K)->1152K(310784K) Eden: 317440K(317440K)->0K(309248K) From: 1024K(1024K)->1152K(1536K)
[85.600s][info][gc,heap        ] GC(799) ParOldGen: 46453K(699392K)->46805K(699392K)
[85.600s][info][gc,metaspace   ] GC(799) Metaspace: 74030K(74496K)->74030K(74496K) NonClass: 59106K(59328K)->59106K(59328K) Class: 14923K(15168K)->14923K(15168K)
[85.600s][info][gc             ] GC(799) Pause Young (Allocation Failure) 356M->46M(986M) 1.019ms
[85.600s][info][gc,cpu         ] GC(799) User=0.00s Sys=0.00s Real=0.00s
[85.730s][info][gc,start       ] GC(800) Pause Young (Allocation Failure)
[85.731s][info][gc,heap        ] GC(800) PSYoungGen: 310400K(310784K)->992K(302080K) Eden: 309248K(309248K)->0K(301056K) From: 1152K(1536K)->992K(1024K)
[85.731s][info][gc,heap        ] GC(800) ParOldGen: 46805K(699392K)->47061K(699392K)
[85.731s][info][gc,metaspace   ] GC(800) Metaspace: 74054K(74560K)->74054K(74560K) NonClass: 59130K(59392K)->59130K(59392K) Class: 14923K(15168K)->14923K(15168K)
[85.731s][info][gc             ] GC(800) Pause Young (Allocation Failure) 348M->46M(978M) 1.054ms
[85.731s][info][gc,cpu         ] GC(800) User=0.00s Sys=0.00s Real=0.00s
[85.883s][info][gc,start       ] GC(801) Pause Young (Allocation Failure)
[85.884s][info][gc,heap        ] GC(801) PSYoungGen: 302048K(302080K)->896K(294400K) Eden: 301056K(301056K)->0K(293376K) From: 992K(1024K)->896K(1024K)
[85.884s][info][gc,heap        ] GC(801) ParOldGen: 47061K(699392K)->47293K(699392K)
[85.884s][info][gc,metaspace   ] GC(801) Metaspace: 74054K(74560K)->74054K(74560K) NonClass: 59130K(59392K)->59130K(59392K) Class: 14923K(15168K)->14923K(15168K)
[85.884s][info][gc             ] GC(801) Pause Young (Allocation Failure) 340M->47M(970M) 0.776ms
[85.884s][info][gc,cpu         ] GC(801) User=0.00s Sys=0.00s Real=0.00s
[86.058s][info][gc,start       ] GC(802) Pause Young (Allocation Failure)
[86.059s][info][gc,heap        ] GC(802) PSYoungGen: 294272K(294400K)->800K(286720K) Eden: 293376K(293376K)->0K(285696K) From: 896K(1024K)->800K(1024K)
[86.059s][info][gc,heap        ] GC(802) ParOldGen: 47293K(699392K)->47517K(699392K)
[86.059s][info][gc,metaspace   ] GC(802) Metaspace: 74054K(74560K)->74054K(74560K) NonClass: 59130K(59392K)->59130K(59392K) Class: 14923K(15168K)->14923K(15168K)
[86.059s][info][gc             ] GC(802) Pause Young (Allocation Failure) 333M->47M(963M) 0.853ms
[86.059s][info][gc,cpu         ] GC(802) User=0.00s Sys=0.00s Real=0.00s
[86.239s][info][gc,start       ] GC(803) Pause Young (Allocation Failure)
[86.240s][info][gc,heap        ] GC(803) PSYoungGen: 286496K(286720K)->736K(279552K) Eden: 285696K(285696K)->0K(278528K) From: 800K(1024K)->736K(1024K)
[86.240s][info][gc,heap        ] GC(803) ParOldGen: 47517K(699392K)->47661K(699392K)
[86.240s][info][gc,metaspace   ] GC(803) Metaspace: 74054K(74560K)->74054K(74560K) NonClass: 59130K(59392K)->59130K(59392K) Class: 14923K(15168K)->14923K(15168K)
[86.240s][info][gc             ] GC(803) Pause Young (Allocation Failure) 326M->47M(956M) 0.675ms
[86.240s][info][gc,cpu         ] GC(803) User=0.00s Sys=0.00s Real=0.00s
[86.417s][info][gc,start       ] GC(804) Pause Young (Allocation Failure)
[86.418s][info][gc,heap        ] GC(804) PSYoungGen: 279264K(279552K)->704K(272384K) Eden: 278528K(278528K)->0K(271360K) From: 736K(1024K)->704K(1024K)
[86.418s][info][gc,heap        ] GC(804) ParOldGen: 47661K(699392K)->47693K(699392K)
[86.418s][info][gc,metaspace   ] GC(804) Metaspace: 74054K(74560K)->74054K(74560K) NonClass: 59130K(59392K)->59130K(59392K) Class: 14923K(15168K)->14923K(15168K)
[86.418s][info][gc             ] GC(804) Pause Young (Allocation Failure) 319M->47M(949M) 0.885ms
[86.418s][info][gc,cpu         ] GC(804) User=0.00s Sys=0.00s Real=0.00s
[86.588s][info][gc,start       ] GC(805) Pause Young (Allocation Failure)
[86.588s][info][gc,heap        ] GC(805) PSYoungGen: 272064K(272384K)->704K(265728K) Eden: 271360K(271360K)->0K(264704K) From: 704K(1024K)->704K(1024K)
[86.588s][info][gc,heap        ] GC(805) ParOldGen: 47693K(699392K)->47821K(699392K)
[86.588s][info][gc,metaspace   ] GC(805) Metaspace: 74054K(74560K)->74054K(74560K) NonClass: 59130K(59392K)->59130K(59392K) Class: 14923K(15168K)->14923K(15168K)
[86.588s][info][gc             ] GC(805) Pause Young (Allocation Failure) 312M->47M(942M) 0.688ms
[86.588s][info][gc,cpu         ] GC(805) User=0.00s Sys=0.00s Real=0.00s
[86.754s][info][gc,start       ] GC(806) Pause Young (Allocation Failure)
[86.755s][info][gc,heap        ] GC(806) PSYoungGen: 265408K(265728K)->704K(259584K) Eden: 264704K(264704K)->0K(258560K) From: 704K(1024K)->704K(1024K)
[86.755s][info][gc,heap        ] GC(806) ParOldGen: 47821K(699392K)->47829K(699392K)
[86.755s][info][gc,metaspace   ] GC(806) Metaspace: 74054K(74560K)->74054K(74560K) NonClass: 59130K(59392K)->59130K(59392K) Class: 14923K(15168K)->14923K(15168K)
[86.755s][info][gc             ] GC(806) Pause Young (Allocation Failure) 305M->47M(936M) 0.797ms
[86.755s][info][gc,cpu         ] GC(806) User=0.00s Sys=0.00s Real=0.00s
[86.916s][info][gc,start       ] GC(807) Pause Young (Allocation Failure)
[86.917s][info][gc,heap        ] GC(807) PSYoungGen: 259264K(259584K)->704K(253440K) Eden: 258560K(258560K)->0K(252416K) From: 704K(1024K)->704K(1024K)
[86.917s][info][gc,heap        ] GC(807) ParOldGen: 47829K(699392K)->47861K(699392K)
[86.917s][info][gc,metaspace   ] GC(807) Metaspace: 74054K(74560K)->74054K(74560K) NonClass: 59130K(59392K)->59130K(59392K) Class: 14923K(15168K)->14923K(15168K)
[86.917s][info][gc             ] GC(807) Pause Young (Allocation Failure) 299M->47M(930M) 0.667ms
[86.917s][info][gc,cpu         ] GC(807) User=0.00s Sys=0.00s Real=0.00s
[87.080s][info][gc,start       ] GC(808) Pause Young (System.gc())
[87.082s][info][gc,heap        ] GC(808) PSYoungGen: 234371K(253440K)->1280K(253952K) Eden: 233667K(252416K)->0K(252416K) From: 704K(1024K)->1280K(1536K)
[87.082s][info][gc,heap        ] GC(808) ParOldGen: 47861K(699392K)->47925K(699392K)
[87.082s][info][gc,metaspace   ] GC(808) Metaspace: 74083K(74560K)->74083K(74560K) NonClass: 59159K(59392K)->59159K(59392K) Class: 14923K(15168K)->14923K(15168K)
[87.082s][info][gc             ] GC(808) Pause Young (System.gc()) 275M->48M(931M) 1.519ms
[87.082s][info][gc,cpu         ] GC(808) User=0.00s Sys=0.00s Real=0.00s
[87.082s][info][gc,start       ] GC(809) Pause Full (System.gc())
[87.082s][info][gc,phases,start] GC(809) Marking Phase
[87.120s][info][gc,phases      ] GC(809) Marking Phase 37.569ms
[87.120s][info][gc,phases,start] GC(809) Summary Phase
[87.120s][info][gc,phases      ] GC(809) Summary Phase 0.013ms
[87.120s][info][gc,phases,start] GC(809) Adjust Roots
[87.138s][info][gc,phases      ] GC(809) Adjust Roots 18.422ms
[87.138s][info][gc,phases,start] GC(809) Compaction Phase
[87.146s][info][gc,phases      ] GC(809) Compaction Phase 8.140ms
[87.146s][info][gc,phases,start] GC(809) Post Compact
[87.147s][info][gc,phases      ] GC(809) Post Compact 0.593ms
[87.147s][info][gc,heap        ] GC(809) PSYoungGen: 1280K(253952K)->0K(253952K) Eden: 0K(252416K)->0K(252416K) From: 1280K(1536K)->0K(1536K)
[87.147s][info][gc,heap        ] GC(809) ParOldGen: 47925K(699392K)->35529K(699392K)
[87.147s][info][gc,metaspace   ] GC(809) Metaspace: 74083K(74560K)->74083K(74560K) NonClass: 59159K(59392K)->59159K(59392K) Class: 14923K(15168K)->14923K(15168K)
[87.147s][info][gc             ] GC(809) Pause Full (System.gc()) 48M->34M(931M) 65.028ms
[87.147s][info][gc,cpu         ] GC(809) User=0.61s Sys=0.00s Real=0.06s
[87.239s][info][gc,start       ] GC(810) Pause Young (Allocation Failure)
[87.241s][info][gc,heap        ] GC(810) PSYoungGen: 252416K(253952K)->2560K(248832K) Eden: 252416K(252416K)->0K(246272K) From: 0K(1536K)->2560K(2560K)
[87.241s][info][gc,heap        ] GC(810) ParOldGen: 35529K(699392K)->36689K(699392K)
[87.241s][info][gc,metaspace   ] GC(810) Metaspace: 74291K(74752K)->74291K(74752K) NonClass: 59368K(59584K)->59368K(59584K) Class: 14923K(15168K)->14923K(15168K)
[87.241s][info][gc             ] GC(810) Pause Young (Allocation Failure) 281M->38M(926M) 2.036ms
[87.241s][info][gc,cpu         ] GC(810) User=0.00s Sys=0.00s Real=0.00s
[87.300s][info][gc,start       ] GC(811) Pause Young (Allocation Failure)
[87.301s][info][gc,heap        ] GC(811) PSYoungGen: 248832K(248832K)->1536K(242176K) Eden: 246272K(246272K)->0K(240640K) From: 2560K(2560K)->1536K(1536K)
[87.301s][info][gc,heap        ] GC(811) ParOldGen: 36689K(699392K)->38537K(699392K)
[87.301s][info][gc,metaspace   ] GC(811) Metaspace: 74291K(74752K)->74291K(74752K) NonClass: 59368K(59584K)->59368K(59584K) Class: 14923K(15168K)->14923K(15168K)
[87.301s][info][gc             ] GC(811) Pause Young (Allocation Failure) 278M->39M(919M) 1.554ms
[87.301s][info][gc,cpu         ] GC(811) User=0.52s Sys=0.00s Real=0.00s
[87.360s][info][gc,start       ] GC(812) Pause Young (Allocation Failure)
[87.361s][info][gc,heap        ] GC(812) PSYoungGen: 242176K(242176K)->1888K(290816K) Eden: 240640K(240640K)->0K(288768K) From: 1536K(1536K)->1888K(2048K)
[87.361s][info][gc,heap        ] GC(812) ParOldGen: 38537K(699392K)->38793K(699392K)
[87.361s][info][gc,metaspace   ] GC(812) Metaspace: 74291K(74752K)->74291K(74752K) NonClass: 59368K(59584K)->59368K(59584K) Class: 14923K(15168K)->14923K(15168K)
[87.361s][info][gc             ] GC(812) Pause Young (Allocation Failure) 274M->39M(967M) 1.394ms
[87.361s][info][gc,cpu         ] GC(812) User=0.00s Sys=0.00s Real=0.00s
[87.431s][info][gc,start       ] GC(813) Pause Young (Allocation Failure)
[87.432s][info][gc,heap        ] GC(813) PSYoungGen: 290656K(290816K)->1888K(332288K) Eden: 288768K(288768K)->0K(328704K) From: 1888K(2048K)->1888K(3584K)
[87.432s][info][gc,heap        ] GC(813) ParOldGen: 38793K(699392K)->39057K(699392K)
[87.432s][info][gc,metaspace   ] GC(813) Metaspace: 74291K(74752K)->74291K(74752K) NonClass: 59368K(59584K)->59368K(59584K) Class: 14923K(15168K)->14923K(15168K)
[87.432s][info][gc             ] GC(813) Pause Young (Allocation Failure) 321M->39M(1007M) 1.280ms
[87.432s][info][gc,cpu         ] GC(813) User=0.00s Sys=0.00s Real=0.00s
[87.510s][info][gc,start       ] GC(814) Pause Young (Allocation Failure)
[87.512s][info][gc,heap        ] GC(814) PSYoungGen: 330592K(332288K)->1856K(332288K) Eden: 328704K(328704K)->0K(328704K) From: 1888K(3584K)->1856K(3584K)
[87.512s][info][gc,heap        ] GC(814) ParOldGen: 39057K(699392K)->39129K(699392K)
[87.512s][info][gc,metaspace   ] GC(814) Metaspace: 74291K(74752K)->74291K(74752K) NonClass: 59368K(59584K)->59368K(59584K) Class: 14923K(15168K)->14923K(15168K)
[87.512s][info][gc             ] GC(814) Pause Young (Allocation Failure) 360M->40M(1007M) 1.175ms
[87.512s][info][gc,cpu         ] GC(814) User=0.00s Sys=0.00s Real=0.00s
[87.591s][info][gc,start       ] GC(815) Pause Young (Allocation Failure)
[87.592s][info][gc,heap        ] GC(815) PSYoungGen: 330560K(332288K)->1984K(345600K) Eden: 328704K(328704K)->0K(342016K) From: 1856K(3584K)->1984K(3584K)
[87.592s][info][gc,heap        ] GC(815) ParOldGen: 39129K(699392K)->39193K(699392K)
[87.592s][info][gc,metaspace   ] GC(815) Metaspace: 74291K(74752K)->74291K(74752K) NonClass: 59368K(59584K)->59368K(59584K) Class: 14923K(15168K)->14923K(15168K)
[87.592s][info][gc             ] GC(815) Pause Young (Allocation Failure) 361M->40M(1020M) 1.428ms
[87.592s][info][gc,cpu         ] GC(815) User=0.00s Sys=0.00s Real=0.00s
[87.674s][info][gc,start       ] GC(816) Pause Young (Allocation Failure)
[87.676s][info][gc,heap        ] GC(816) PSYoungGen: 344000K(345600K)->2176K(345600K) Eden: 342016K(342016K)->0K(342016K) From: 1984K(3584K)->2176K(3584K)
[87.676s][info][gc,heap        ] GC(816) ParOldGen: 39193K(699392K)->39257K(699392K)
[87.676s][info][gc,metaspace   ] GC(816) Metaspace: 74291K(74752K)->74291K(74752K) NonClass: 59368K(59584K)->59368K(59584K) Class: 14923K(15168K)->14923K(15168K)
[87.676s][info][gc             ] GC(816) Pause Young (Allocation Failure) 374M->40M(1020M) 1.365ms
[87.676s][info][gc,cpu         ] GC(816) User=0.52s Sys=0.00s Real=0.00s
[87.758s][info][gc,start       ] GC(817) Pause Young (Allocation Failure)
[87.759s][info][gc,heap        ] GC(817) PSYoungGen: 344192K(345600K)->1888K(345600K) Eden: 342016K(342016K)->0K(342016K) From: 2176K(3584K)->1888K(3584K)
[87.759s][info][gc,heap        ] GC(817) ParOldGen: 39257K(699392K)->39329K(699392K)
[87.759s][info][gc,metaspace   ] GC(817) Metaspace: 74291K(74752K)->74291K(74752K) NonClass: 59368K(59584K)->59368K(59584K) Class: 14923K(15168K)->14923K(15168K)
[87.759s][info][gc             ] GC(817) Pause Young (Allocation Failure) 374M->40M(1020M) 1.113ms
[87.759s][info][gc,cpu         ] GC(817) User=0.00s Sys=0.00s Real=0.00s
[87.841s][info][gc,start       ] GC(818) Pause Young (Allocation Failure)
[87.842s][info][gc,heap        ] GC(818) PSYoungGen: 343904K(345600K)->1856K(345600K) Eden: 342016K(342016K)->0K(342016K) From: 1888K(3584K)->1856K(3584K)
[87.842s][info][gc,heap        ] GC(818) ParOldGen: 39329K(699392K)->39473K(699392K)
[87.842s][info][gc,metaspace   ] GC(818) Metaspace: 74292K(74752K)->74292K(74752K) NonClass: 59368K(59584K)->59368K(59584K) Class: 14923K(15168K)->14923K(15168K)
[87.842s][info][gc             ] GC(818) Pause Young (Allocation Failure) 374M->40M(1020M) 1.141ms
[87.842s][info][gc,cpu         ] GC(818) User=0.00s Sys=0.00s Real=0.00s
[87.924s][info][gc,start       ] GC(819) Pause Young (Allocation Failure)
[87.925s][info][gc,heap        ] GC(819) PSYoungGen: 343872K(345600K)->1792K(344576K) Eden: 342016K(342016K)->0K(342016K) From: 1856K(3584K)->1792K(2560K)
[87.925s][info][gc,heap        ] GC(819) ParOldGen: 39473K(699392K)->39601K(699392K)
[87.925s][info][gc,metaspace   ] GC(819) Metaspace: 74292K(74752K)->74292K(74752K) NonClass: 59368K(59584K)->59368K(59584K) Class: 14923K(15168K)->14923K(15168K)
[87.925s][info][gc             ] GC(819) Pause Young (Allocation Failure) 374M->40M(1019M) 1.156ms
[87.925s][info][gc,cpu         ] GC(819) User=0.00s Sys=0.00s Real=0.00s
[88.008s][info][gc,start       ] GC(820) Pause Young (Allocation Failure)
[88.009s][info][gc,heap        ] GC(820) PSYoungGen: 343808K(344576K)->1856K(345088K) Eden: 342016K(342016K)->0K(342016K) From: 1792K(2560K)->1856K(3072K)
[88.009s][info][gc,heap        ] GC(820) ParOldGen: 39601K(699392K)->39705K(699392K)
[88.009s][info][gc,metaspace   ] GC(820) Metaspace: 74292K(74752K)->74292K(74752K) NonClass: 59368K(59584K)->59368K(59584K) Class: 14923K(15168K)->14923K(15168K)
[88.009s][info][gc             ] GC(820) Pause Young (Allocation Failure) 374M->40M(1020M) 1.190ms
[88.009s][info][gc,cpu         ] GC(820) User=0.00s Sys=0.00s Real=0.00s
[88.092s][info][gc,start       ] GC(821) Pause Young (Allocation Failure)
[88.093s][info][gc,heap        ] GC(821) PSYoungGen: 343872K(345088K)->1920K(346112K) Eden: 342016K(342016K)->0K(343040K) From: 1856K(3072K)->1920K(3072K)
[88.093s][info][gc,heap        ] GC(821) ParOldGen: 39705K(699392K)->39761K(699392K)
[88.093s][info][gc,metaspace   ] GC(821) Metaspace: 74292K(74752K)->74292K(74752K) NonClass: 59368K(59584K)->59368K(59584K) Class: 14923K(15168K)->14923K(15168K)
[88.093s][info][gc             ] GC(821) Pause Young (Allocation Failure) 374M->40M(1021M) 1.268ms
[88.093s][info][gc,cpu         ] GC(821) User=0.00s Sys=0.00s Real=0.00s
[88.177s][info][gc,start       ] GC(822) Pause Young (Allocation Failure)
[88.178s][info][gc,heap        ] GC(822) PSYoungGen: 344960K(346112K)->1888K(346112K) Eden: 343040K(343040K)->0K(343040K) From: 1920K(3072K)->1888K(3072K)
[88.178s][info][gc,heap        ] GC(822) ParOldGen: 39761K(699392K)->39801K(699392K)
[88.178s][info][gc,metaspace   ] GC(822) Metaspace: 74292K(74752K)->74292K(74752K) NonClass: 59368K(59584K)->59368K(59584K) Class: 14923K(15168K)->14923K(15168K)
[88.178s][info][gc             ] GC(822) Pause Young (Allocation Failure) 375M->40M(1021M) 1.264ms
[88.178s][info][gc,cpu         ] GC(822) User=0.00s Sys=0.00s Real=0.00s
[88.262s][info][gc,start       ] GC(823) Pause Young (Allocation Failure)
[88.263s][info][gc,heap        ] GC(823) PSYoungGen: 344928K(346112K)->1824K(346112K) Eden: 343040K(343040K)->0K(343040K) From: 1888K(3072K)->1824K(3072K)
[88.263s][info][gc,heap        ] GC(823) ParOldGen: 39801K(699392K)->39921K(699392K)
[88.263s][info][gc,metaspace   ] GC(823) Metaspace: 74292K(74752K)->74292K(74752K) NonClass: 59368K(59584K)->59368K(59584K) Class: 14923K(15168K)->14923K(15168K)
[88.263s][info][gc             ] GC(823) Pause Young (Allocation Failure) 375M->40M(1021M) 1.177ms
[88.263s][info][gc,cpu         ] GC(823) User=0.00s Sys=0.00s Real=0.00s
[88.345s][info][gc,start       ] GC(824) Pause Young (Allocation Failure)
[88.346s][info][gc,heap        ] GC(824) PSYoungGen: 344864K(346112K)->1984K(346112K) Eden: 343040K(343040K)->0K(343040K) From: 1824K(3072K)->1984K(3072K)
[88.346s][info][gc,heap        ] GC(824) ParOldGen: 39921K(699392K)->40041K(699392K)
[88.346s][info][gc,metaspace   ] GC(824) Metaspace: 74292K(74752K)->74292K(74752K) NonClass: 59368K(59584K)->59368K(59584K) Class: 14923K(15168K)->14923K(15168K)
[88.346s][info][gc             ] GC(824) Pause Young (Allocation Failure) 375M->41M(1021M) 1.212ms
[88.347s][info][gc,cpu         ] GC(824) User=0.00s Sys=0.00s Real=0.00s
[88.429s][info][gc,start       ] GC(825) Pause Young (Allocation Failure)
[88.430s][info][gc,heap        ] GC(825) PSYoungGen: 345024K(346112K)->1856K(345088K) Eden: 343040K(343040K)->0K(343040K) From: 1984K(3072K)->1856K(2048K)
[88.430s][info][gc,heap        ] GC(825) ParOldGen: 40041K(699392K)->40297K(699392K)
[88.430s][info][gc,metaspace   ] GC(825) Metaspace: 74292K(74752K)->74292K(74752K) NonClass: 59368K(59584K)->59368K(59584K) Class: 14923K(15168K)->14923K(15168K)
[88.430s][info][gc             ] GC(825) Pause Young (Allocation Failure) 376M->41M(1020M) 1.179ms
[88.430s][info][gc,cpu         ] GC(825) User=0.00s Sys=0.00s Real=0.00s
[88.512s][info][gc,start       ] GC(826) Pause Young (Allocation Failure)
[88.514s][info][gc,heap        ] GC(826) PSYoungGen: 344896K(345088K)->1824K(345600K) Eden: 343040K(343040K)->0K(343040K) From: 1856K(2048K)->1824K(2560K)
[88.514s][info][gc,heap        ] GC(826) ParOldGen: 40297K(699392K)->40401K(699392K)
[88.514s][info][gc,metaspace   ] GC(826) Metaspace: 74292K(74752K)->74292K(74752K) NonClass: 59368K(59584K)->59368K(59584K) Class: 14923K(15168K)->14923K(15168K)
[88.514s][info][gc             ] GC(826) Pause Young (Allocation Failure) 376M->41M(1020M) 1.198ms
[88.514s][info][gc,cpu         ] GC(826) User=0.00s Sys=0.00s Real=0.00s
[88.596s][info][gc,start       ] GC(827) Pause Young (Allocation Failure)
[88.598s][info][gc,heap        ] GC(827) PSYoungGen: 344864K(345600K)->1952K(346624K) Eden: 343040K(343040K)->0K(344064K) From: 1824K(2560K)->1952K(2560K)
[88.598s][info][gc,heap        ] GC(827) ParOldGen: 40401K(699392K)->40481K(699392K)
[88.598s][info][gc,metaspace   ] GC(827) Metaspace: 74292K(74752K)->74292K(74752K) NonClass: 59368K(59584K)->59368K(59584K) Class: 14923K(15168K)->14923K(15168K)
[88.598s][info][gc             ] GC(827) Pause Young (Allocation Failure) 376M->41M(1021M) 1.225ms
[88.598s][info][gc,cpu         ] GC(827) User=0.00s Sys=0.00s Real=0.00s
[88.680s][info][gc,start       ] GC(828) Pause Young (Allocation Failure)
[88.681s][info][gc,heap        ] GC(828) PSYoungGen: 346016K(346624K)->1920K(346624K) Eden: 344064K(344064K)->0K(344064K) From: 1952K(2560K)->1920K(2560K)
[88.681s][info][gc,heap        ] GC(828) ParOldGen: 40481K(699392K)->40553K(699392K)
[88.681s][info][gc,metaspace   ] GC(828) Metaspace: 74292K(74752K)->74292K(74752K) NonClass: 59368K(59584K)->59368K(59584K) Class: 14923K(15168K)->14923K(15168K)
[88.681s][info][gc             ] GC(828) Pause Young (Allocation Failure) 377M->41M(1021M) 1.220ms
[88.681s][info][gc,cpu         ] GC(828) User=0.00s Sys=0.00s Real=0.00s
[88.764s][info][gc,start       ] GC(829) Pause Young (Allocation Failure)
[88.765s][info][gc,heap        ] GC(829) PSYoungGen: 345984K(346624K)->1824K(346624K) Eden: 344064K(344064K)->0K(344064K) From: 1920K(2560K)->1824K(2560K)
[88.765s][info][gc,heap        ] GC(829) ParOldGen: 40553K(699392K)->40665K(699392K)
[88.765s][info][gc,metaspace   ] GC(829) Metaspace: 74292K(74752K)->74292K(74752K) NonClass: 59368K(59584K)->59368K(59584K) Class: 14923K(15168K)->14923K(15168K)
[88.765s][info][gc             ] GC(829) Pause Young (Allocation Failure) 377M->41M(1021M) 1.162ms
[88.765s][info][gc,cpu         ] GC(829) User=0.00s Sys=0.00s Real=0.00s
[88.848s][info][gc,start       ] GC(830) Pause Young (Allocation Failure)
[88.849s][info][gc,heap        ] GC(830) PSYoungGen: 345888K(346624K)->1824K(346624K) Eden: 344064K(344064K)->0K(344064K) From: 1824K(2560K)->1824K(2560K)
[88.849s][info][gc,heap        ] GC(830) ParOldGen: 40665K(699392K)->40753K(699392K)
[88.849s][info][gc,metaspace   ] GC(830) Metaspace: 74292K(74752K)->74292K(74752K) NonClass: 59368K(59584K)->59368K(59584K) Class: 14923K(15168K)->14923K(15168K)
[88.849s][info][gc             ] GC(830) Pause Young (Allocation Failure) 377M->41M(1021M) 1.161ms
[88.849s][info][gc,cpu         ] GC(830) User=0.00s Sys=0.00s Real=0.00s
[88.932s][info][gc,start       ] GC(831) Pause Young (Allocation Failure)
[88.933s][info][gc,heap        ] GC(831) PSYoungGen: 345888K(346624K)->1792K(346624K) Eden: 344064K(344064K)->0K(344064K) From: 1824K(2560K)->1792K(2560K)
[88.933s][info][gc,heap        ] GC(831) ParOldGen: 40753K(699392K)->40849K(699392K)
[88.933s][info][gc,metaspace   ] GC(831) Metaspace: 74292K(74752K)->74292K(74752K) NonClass: 59368K(59584K)->59368K(59584K) Class: 14923K(15168K)->14923K(15168K)
[88.933s][info][gc             ] GC(831) Pause Young (Allocation Failure) 377M->41M(1021M) 1.211ms
[88.933s][info][gc,cpu         ] GC(831) User=0.00s Sys=0.00s Real=0.00s
[89.016s][info][gc,start       ] GC(832) Pause Young (Allocation Failure)
[89.017s][info][gc,heap        ] GC(832) PSYoungGen: 345856K(346624K)->1760K(346624K) Eden: 344064K(344064K)->0K(344064K) From: 1792K(2560K)->1760K(2560K)
[89.017s][info][gc,heap        ] GC(832) ParOldGen: 40849K(699392K)->40921K(699392K)
[89.017s][info][gc,metaspace   ] GC(832) Metaspace: 74292K(74752K)->74292K(74752K) NonClass: 59368K(59584K)->59368K(59584K) Class: 14923K(15168K)->14923K(15168K)
[89.017s][info][gc             ] GC(832) Pause Young (Allocation Failure) 377M->41M(1021M) 1.175ms
[89.017s][info][gc,cpu         ] GC(832) User=0.00s Sys=0.00s Real=0.00s
[89.100s][info][gc,start       ] GC(833) Pause Young (Allocation Failure)
[89.101s][info][gc,heap        ] GC(833) PSYoungGen: 345824K(346624K)->1920K(346624K) Eden: 344064K(344064K)->0K(344064K) From: 1760K(2560K)->1920K(2560K)
[89.101s][info][gc,heap        ] GC(833) ParOldGen: 40921K(699392K)->41017K(699392K)
[89.101s][info][gc,metaspace   ] GC(833) Metaspace: 74292K(74752K)->74292K(74752K) NonClass: 59368K(59584K)->59368K(59584K) Class: 14923K(15168K)->14923K(15168K)
[89.101s][info][gc             ] GC(833) Pause Young (Allocation Failure) 377M->41M(1021M) 1.122ms
[89.101s][info][gc,cpu         ] GC(833) User=0.00s Sys=0.00s Real=0.00s
[89.184s][info][gc,start       ] GC(834) Pause Young (Allocation Failure)
[89.185s][info][gc,heap        ] GC(834) PSYoungGen: 345984K(346624K)->1920K(346624K) Eden: 344064K(344064K)->0K(344064K) From: 1920K(2560K)->1920K(2560K)
[89.185s][info][gc,heap        ] GC(834) ParOldGen: 41017K(699392K)->41121K(699392K)
[89.185s][info][gc,metaspace   ] GC(834) Metaspace: 74292K(74752K)->74292K(74752K) NonClass: 59368K(59584K)->59368K(59584K) Class: 14923K(15168K)->14923K(15168K)
[89.185s][info][gc             ] GC(834) Pause Young (Allocation Failure) 377M->42M(1021M) 1.146ms
[89.185s][info][gc,cpu         ] GC(834) User=0.00s Sys=0.00s Real=0.00s
[89.267s][info][gc,start       ] GC(835) Pause Young (Allocation Failure)
[89.268s][info][gc,heap        ] GC(835) PSYoungGen: 345984K(346624K)->1824K(346624K) Eden: 344064K(344064K)->0K(344064K) From: 1920K(2560K)->1824K(2560K)
[89.268s][info][gc,heap        ] GC(835) ParOldGen: 41121K(699392K)->41217K(699392K)
[89.268s][info][gc,metaspace   ] GC(835) Metaspace: 74292K(74752K)->74292K(74752K) NonClass: 59368K(59584K)->59368K(59584K) Class: 14923K(15168K)->14923K(15168K)
[89.269s][info][gc             ] GC(835) Pause Young (Allocation Failure) 378M->42M(1021M) 1.139ms
[89.269s][info][gc,cpu         ] GC(835) User=0.00s Sys=0.00s Real=0.00s
[89.351s][info][gc,start       ] GC(836) Pause Young (Allocation Failure)
[89.369s][info][gc,heap        ] GC(836) PSYoungGen: 345888K(346624K)->1952K(346624K) Eden: 344064K(344064K)->0K(344064K) From: 1824K(2560K)->1952K(2560K)
[89.369s][info][gc,heap        ] GC(836) ParOldGen: 41217K(699392K)->41337K(699392K)
[89.369s][info][gc,metaspace   ] GC(836) Metaspace: 74292K(74752K)->74292K(74752K) NonClass: 59368K(59584K)->59368K(59584K) Class: 14923K(15168K)->14923K(15168K)
[89.369s][info][gc             ] GC(836) Pause Young (Allocation Failure) 378M->42M(1021M) 17.733ms
[89.369s][info][gc,cpu         ] GC(836) User=0.00s Sys=0.00s Real=0.02s
[89.455s][info][gc,start       ] GC(837) Pause Young (Allocation Failure)
[89.456s][info][gc,heap        ] GC(837) PSYoungGen: 346016K(346624K)->1888K(346624K) Eden: 344064K(344064K)->0K(344064K) From: 1952K(2560K)->1888K(2560K)
[89.456s][info][gc,heap        ] GC(837) ParOldGen: 41337K(699392K)->41601K(699392K)
[89.456s][info][gc,metaspace   ] GC(837) Metaspace: 74292K(74752K)->74292K(74752K) NonClass: 59368K(59584K)->59368K(59584K) Class: 14923K(15168K)->14923K(15168K)
[89.456s][info][gc             ] GC(837) Pause Young (Allocation Failure) 378M->42M(1021M) 1.205ms
[89.457s][info][gc,cpu         ] GC(837) User=0.52s Sys=0.00s Real=0.00s
[89.539s][info][gc,start       ] GC(838) Pause Young (Allocation Failure)
[89.540s][info][gc,heap        ] GC(838) PSYoungGen: 345952K(346624K)->1824K(346624K) Eden: 344064K(344064K)->0K(344064K) From: 1888K(2560K)->1824K(2560K)
[89.540s][info][gc,heap        ] GC(838) ParOldGen: 41601K(699392K)->41689K(699392K)
[89.540s][info][gc,metaspace   ] GC(838) Metaspace: 74292K(74752K)->74292K(74752K) NonClass: 59368K(59584K)->59368K(59584K) Class: 14923K(15168K)->14923K(15168K)
[89.540s][info][gc             ] GC(838) Pause Young (Allocation Failure) 378M->42M(1021M) 1.140ms
[89.540s][info][gc,cpu         ] GC(838) User=0.00s Sys=0.00s Real=0.00s
[89.623s][info][gc,start       ] GC(839) Pause Young (Allocation Failure)
[89.624s][info][gc,heap        ] GC(839) PSYoungGen: 345888K(346624K)->1952K(346624K) Eden: 344064K(344064K)->0K(344064K) From: 1824K(2560K)->1952K(2560K)
[89.624s][info][gc,heap        ] GC(839) ParOldGen: 41689K(699392K)->41809K(699392K)
[89.624s][info][gc,metaspace   ] GC(839) Metaspace: 74292K(74752K)->74292K(74752K) NonClass: 59368K(59584K)->59368K(59584K) Class: 14923K(15168K)->14923K(15168K)
[89.624s][info][gc             ] GC(839) Pause Young (Allocation Failure) 378M->42M(1021M) 1.190ms
[89.624s][info][gc,cpu         ] GC(839) User=0.00s Sys=0.00s Real=0.00s
[89.707s][info][gc,start       ] GC(840) Pause Young (Allocation Failure)
[89.708s][info][gc,heap        ] GC(840) PSYoungGen: 346016K(346624K)->1888K(346624K) Eden: 344064K(344064K)->0K(344064K) From: 1952K(2560K)->1888K(2560K)
[89.708s][info][gc,heap        ] GC(840) ParOldGen: 41809K(699392K)->41929K(699392K)
[89.708s][info][gc,metaspace   ] GC(840) Metaspace: 74292K(74752K)->74292K(74752K) NonClass: 59368K(59584K)->59368K(59584K) Class: 14923K(15168K)->14923K(15168K)
[89.708s][info][gc             ] GC(840) Pause Young (Allocation Failure) 378M->42M(1021M) 1.125ms
[89.708s][info][gc,cpu         ] GC(840) User=0.00s Sys=0.00s Real=0.00s
[89.790s][info][gc,start       ] GC(841) Pause Young (Allocation Failure)
[89.791s][info][gc,heap        ] GC(841) PSYoungGen: 345952K(346624K)->1792K(346624K) Eden: 344064K(344064K)->0K(344064K) From: 1888K(2560K)->1792K(2560K)
[89.791s][info][gc,heap        ] GC(841) ParOldGen: 41929K(699392K)->42001K(699392K)
[89.791s][info][gc,metaspace   ] GC(841) Metaspace: 74292K(74752K)->74292K(74752K) NonClass: 59368K(59584K)->59368K(59584K) Class: 14923K(15168K)->14923K(15168K)
[89.791s][info][gc             ] GC(841) Pause Young (Allocation Failure) 378M->42M(1021M) 1.153ms
[89.791s][info][gc,cpu         ] GC(841) User=0.00s Sys=0.00s Real=0.00s
[89.874s][info][gc,start       ] GC(842) Pause Young (Allocation Failure)
[89.875s][info][gc,heap        ] GC(842) PSYoungGen: 345856K(346624K)->1824K(346624K) Eden: 344064K(344064K)->0K(344064K) From: 1792K(2560K)->1824K(2560K)
[89.875s][info][gc,heap        ] GC(842) ParOldGen: 42001K(699392K)->42097K(699392K)
[89.875s][info][gc,metaspace   ] GC(842) Metaspace: 74292K(74752K)->74292K(74752K) NonClass: 59368K(59584K)->59368K(59584K) Class: 14923K(15168K)->14923K(15168K)
[89.875s][info][gc             ] GC(842) Pause Young (Allocation Failure) 378M->42M(1021M) 1.178ms
[89.875s][info][gc,cpu         ] GC(842) User=0.00s Sys=0.00s Real=0.00s
[89.958s][info][gc,start       ] GC(843) Pause Young (Allocation Failure)
[89.959s][info][gc,heap        ] GC(843) PSYoungGen: 345888K(346624K)->1824K(346624K) Eden: 344064K(344064K)->0K(344064K) From: 1824K(2560K)->1824K(2560K)
[89.959s][info][gc,heap        ] GC(843) ParOldGen: 42097K(699392K)->42217K(699392K)
[89.959s][info][gc,metaspace   ] GC(843) Metaspace: 74292K(74752K)->74292K(74752K) NonClass: 59368K(59584K)->59368K(59584K) Class: 14923K(15168K)->14923K(15168K)
[89.959s][info][gc             ] GC(843) Pause Young (Allocation Failure) 378M->43M(1021M) 1.146ms
[89.959s][info][gc,cpu         ] GC(843) User=0.00s Sys=0.00s Real=0.00s
[90.041s][info][gc,start       ] GC(844) Pause Young (Allocation Failure)
[90.042s][info][gc,heap        ] GC(844) PSYoungGen: 345888K(346624K)->1920K(346624K) Eden: 344064K(344064K)->0K(344064K) From: 1824K(2560K)->1920K(2560K)
[90.042s][info][gc,heap        ] GC(844) ParOldGen: 42217K(699392K)->42313K(699392K)
[90.042s][info][gc,metaspace   ] GC(844) Metaspace: 74292K(74752K)->74292K(74752K) NonClass: 59368K(59584K)->59368K(59584K) Class: 14923K(15168K)->14923K(15168K)
[90.042s][info][gc             ] GC(844) Pause Young (Allocation Failure) 379M->43M(1021M) 1.167ms
[90.042s][info][gc,cpu         ] GC(844) User=0.00s Sys=0.00s Real=0.00s
[90.125s][info][gc,start       ] GC(845) Pause Young (Allocation Failure)
[90.126s][info][gc,heap        ] GC(845) PSYoungGen: 345984K(346624K)->1888K(346624K) Eden: 344064K(344064K)->0K(344064K) From: 1920K(2560K)->1888K(2560K)
[90.126s][info][gc,heap        ] GC(845) ParOldGen: 42313K(699392K)->42417K(699392K)
[90.126s][info][gc,metaspace   ] GC(845) Metaspace: 74292K(74752K)->74292K(74752K) NonClass: 59368K(59584K)->59368K(59584K) Class: 14923K(15168K)->14923K(15168K)
[90.126s][info][gc             ] GC(845) Pause Young (Allocation Failure) 379M->43M(1021M) 1.163ms
[90.126s][info][gc,cpu         ] GC(845) User=0.00s Sys=0.00s Real=0.00s
[90.208s][info][gc,start       ] GC(846) Pause Young (Allocation Failure)
[90.209s][info][gc,heap        ] GC(846) PSYoungGen: 345952K(346624K)->1824K(346624K) Eden: 344064K(344064K)->0K(344064K) From: 1888K(2560K)->1824K(2560K)
[90.209s][info][gc,heap        ] GC(846) ParOldGen: 42417K(699392K)->42529K(699392K)
[90.209s][info][gc,metaspace   ] GC(846) Metaspace: 74292K(74752K)->74292K(74752K) NonClass: 59368K(59584K)->59368K(59584K) Class: 14923K(15168K)->14923K(15168K)
[90.210s][info][gc             ] GC(846) Pause Young (Allocation Failure) 379M->43M(1021M) 1.203ms
[90.210s][info][gc,cpu         ] GC(846) User=0.00s Sys=0.00s Real=0.00s
[90.292s][info][gc,start       ] GC(847) Pause Young (Allocation Failure)
[90.293s][info][gc,heap        ] GC(847) PSYoungGen: 345888K(346624K)->1952K(346624K) Eden: 344064K(344064K)->0K(344064K) From: 1824K(2560K)->1952K(2560K)
[90.293s][info][gc,heap        ] GC(847) ParOldGen: 42529K(699392K)->42609K(699392K)
[90.293s][info][gc,metaspace   ] GC(847) Metaspace: 74292K(74752K)->74292K(74752K) NonClass: 59368K(59584K)->59368K(59584K) Class: 14923K(15168K)->14923K(15168K)
[90.293s][info][gc             ] GC(847) Pause Young (Allocation Failure) 379M->43M(1021M) 1.165ms
[90.293s][info][gc,cpu         ] GC(847) User=0.00s Sys=0.00s Real=0.00s
[90.376s][info][gc,start       ] GC(848) Pause Young (Allocation Failure)
[90.377s][info][gc,heap        ] GC(848) PSYoungGen: 346016K(346624K)->1856K(346624K) Eden: 344064K(344064K)->0K(344064K) From: 1952K(2560K)->1856K(2560K)
[90.377s][info][gc,heap        ] GC(848) ParOldGen: 42609K(699392K)->42721K(699392K)
[90.377s][info][gc,metaspace   ] GC(848) Metaspace: 74292K(74752K)->74292K(74752K) NonClass: 59368K(59584K)->59368K(59584K) Class: 14923K(15168K)->14923K(15168K)
[90.377s][info][gc             ] GC(848) Pause Young (Allocation Failure) 379M->43M(1021M) 1.210ms
[90.377s][info][gc,cpu         ] GC(848) User=0.00s Sys=0.00s Real=0.00s
[90.460s][info][gc,start       ] GC(849) Pause Young (Allocation Failure)
[90.461s][info][gc,heap        ] GC(849) PSYoungGen: 345920K(346624K)->1920K(346624K) Eden: 344064K(344064K)->0K(344064K) From: 1856K(2560K)->1920K(2560K)
[90.461s][info][gc,heap        ] GC(849) ParOldGen: 42721K(699392K)->42985K(699392K)
[90.461s][info][gc,metaspace   ] GC(849) Metaspace: 74292K(74752K)->74292K(74752K) NonClass: 59368K(59584K)->59368K(59584K) Class: 14923K(15168K)->14923K(15168K)
[90.461s][info][gc             ] GC(849) Pause Young (Allocation Failure) 379M->43M(1021M) 1.162ms
[90.461s][info][gc,cpu         ] GC(849) User=0.00s Sys=0.00s Real=0.00s
[90.544s][info][gc,start       ] GC(850) Pause Young (Allocation Failure)
[90.545s][info][gc,heap        ] GC(850) PSYoungGen: 345984K(346624K)->1856K(346112K) Eden: 344064K(344064K)->0K(344064K) From: 1920K(2560K)->1856K(2048K)
[90.545s][info][gc,heap        ] GC(850) ParOldGen: 42985K(699392K)->43105K(699392K)
[90.545s][info][gc,metaspace   ] GC(850) Metaspace: 74292K(74752K)->74292K(74752K) NonClass: 59368K(59584K)->59368K(59584K) Class: 14923K(15168K)->14923K(15168K)
[90.545s][info][gc             ] GC(850) Pause Young (Allocation Failure) 379M->43M(1021M) 1.240ms
[90.545s][info][gc,cpu         ] GC(850) User=0.00s Sys=0.00s Real=0.00s
[90.628s][info][gc,start       ] GC(851) Pause Young (Allocation Failure)
[90.629s][info][gc,heap        ] GC(851) PSYoungGen: 345920K(346112K)->1792K(346112K) Eden: 344064K(344064K)->0K(344064K) From: 1856K(2048K)->1792K(2048K)
[90.629s][info][gc,heap        ] GC(851) ParOldGen: 43105K(699392K)->43233K(699392K)
[90.629s][info][gc,metaspace   ] GC(851) Metaspace: 74292K(74752K)->74292K(74752K) NonClass: 59368K(59584K)->59368K(59584K) Class: 14923K(15168K)->14923K(15168K)
[90.629s][info][gc             ] GC(851) Pause Young (Allocation Failure) 379M->43M(1021M) 1.210ms
[90.629s][info][gc,cpu         ] GC(851) User=0.52s Sys=0.00s Real=0.00s
[90.711s][info][gc,start       ] GC(852) Pause Young (Allocation Failure)
[90.712s][info][gc,heap        ] GC(852) PSYoungGen: 345856K(346112K)->1824K(346112K) Eden: 344064K(344064K)->0K(344064K) From: 1792K(2048K)->1824K(2048K)
[90.712s][info][gc,heap        ] GC(852) ParOldGen: 43233K(699392K)->43321K(699392K)
[90.712s][info][gc,metaspace   ] GC(852) Metaspace: 74292K(74752K)->74292K(74752K) NonClass: 59368K(59584K)->59368K(59584K) Class: 14923K(15168K)->14923K(15168K)
[90.712s][info][gc             ] GC(852) Pause Young (Allocation Failure) 379M->44M(1021M) 1.207ms
[90.712s][info][gc,cpu         ] GC(852) User=0.00s Sys=0.00s Real=0.00s
[90.795s][info][gc,start       ] GC(853) Pause Young (Allocation Failure)
[90.796s][info][gc,heap        ] GC(853) PSYoungGen: 345888K(346112K)->1984K(346112K) Eden: 344064K(344064K)->0K(344064K) From: 1824K(2048K)->1984K(2048K)
[90.796s][info][gc,heap        ] GC(853) ParOldGen: 43321K(699392K)->43417K(699392K)
[90.796s][info][gc,metaspace   ] GC(853) Metaspace: 74292K(74752K)->74292K(74752K) NonClass: 59368K(59584K)->59368K(59584K) Class: 14923K(15168K)->14923K(15168K)
[90.796s][info][gc             ] GC(853) Pause Young (Allocation Failure) 380M->44M(1021M) 1.223ms
[90.796s][info][gc,cpu         ] GC(853) User=0.00s Sys=0.00s Real=0.00s
[90.879s][info][gc,start       ] GC(854) Pause Young (Allocation Failure)
[90.880s][info][gc,heap        ] GC(854) PSYoungGen: 346048K(346112K)->1760K(346624K) Eden: 344064K(344064K)->0K(344064K) From: 1984K(2048K)->1760K(2560K)
[90.880s][info][gc,heap        ] GC(854) ParOldGen: 43417K(699392K)->43545K(699392K)
[90.880s][info][gc,metaspace   ] GC(854) Metaspace: 74292K(74752K)->74292K(74752K) NonClass: 59368K(59584K)->59368K(59584K) Class: 14923K(15168K)->14923K(15168K)
[90.880s][info][gc             ] GC(854) Pause Young (Allocation Failure) 380M->44M(1021M) 1.118ms
[90.880s][info][gc,cpu         ] GC(854) User=0.00s Sys=0.00s Real=0.00s
[90.963s][info][gc,start       ] GC(855) Pause Young (Allocation Failure)
[90.964s][info][gc,heap        ] GC(855) PSYoungGen: 345824K(346624K)->1856K(346112K) Eden: 344064K(344064K)->0K(344064K) From: 1760K(2560K)->1856K(2048K)
[90.964s][info][gc,heap        ] GC(855) ParOldGen: 43545K(699392K)->43657K(699392K)
[90.964s][info][gc,metaspace   ] GC(855) Metaspace: 74292K(74752K)->74292K(74752K) NonClass: 59368K(59584K)->59368K(59584K) Class: 14923K(15168K)->14923K(15168K)
[90.964s][info][gc             ] GC(855) Pause Young (Allocation Failure) 380M->44M(1021M) 1.205ms
[90.964s][info][gc,cpu         ] GC(855) User=0.00s Sys=0.00s Real=0.00s
[91.046s][info][gc,start       ] GC(856) Pause Young (Allocation Failure)
[91.047s][info][gc,heap        ] GC(856) PSYoungGen: 345920K(346112K)->1856K(346624K) Eden: 344064K(344064K)->0K(344576K) From: 1856K(2048K)->1856K(2048K)
[91.047s][info][gc,heap        ] GC(856) ParOldGen: 43657K(699392K)->43785K(699392K)
[91.047s][info][gc,metaspace   ] GC(856) Metaspace: 74292K(74752K)->74292K(74752K) NonClass: 59368K(59584K)->59368K(59584K) Class: 14923K(15168K)->14923K(15168K)
[91.047s][info][gc             ] GC(856) Pause Young (Allocation Failure) 380M->44M(1021M) 1.166ms
[91.047s][info][gc,cpu         ] GC(856) User=0.00s Sys=0.00s Real=0.00s
[91.131s][info][gc,start       ] GC(857) Pause Young (Allocation Failure)
[91.132s][info][gc,heap        ] GC(857) PSYoungGen: 346432K(346624K)->1824K(347136K) Eden: 344576K(344576K)->0K(345088K) From: 1856K(2048K)->1824K(2048K)
[91.132s][info][gc,heap        ] GC(857) ParOldGen: 43785K(699392K)->43841K(699392K)
[91.132s][info][gc,metaspace   ] GC(857) Metaspace: 74292K(74752K)->74292K(74752K) NonClass: 59368K(59584K)->59368K(59584K) Class: 14923K(15168K)->14923K(15168K)
[91.132s][info][gc             ] GC(857) Pause Young (Allocation Failure) 381M->44M(1022M) 1.173ms
[91.132s][info][gc,cpu         ] GC(857) User=0.00s Sys=0.00s Real=0.00s
[91.215s][info][gc,start       ] GC(858) Pause Young (Allocation Failure)
[91.216s][info][gc,heap        ] GC(858) PSYoungGen: 346912K(347136K)->1856K(347136K) Eden: 345088K(345088K)->0K(345088K) From: 1824K(2048K)->1856K(2048K)
[91.216s][info][gc,heap        ] GC(858) ParOldGen: 43841K(699392K)->43937K(699392K)
[91.216s][info][gc,metaspace   ] GC(858) Metaspace: 74292K(74752K)->74292K(74752K) NonClass: 59368K(59584K)->59368K(59584K) Class: 14923K(15168K)->14923K(15168K)
[91.216s][info][gc             ] GC(858) Pause Young (Allocation Failure) 381M->44M(1022M) 1.157ms
[91.216s][info][gc,cpu         ] GC(858) User=0.00s Sys=0.00s Real=0.00s
[91.299s][info][gc,start       ] GC(859) Pause Young (Allocation Failure)
[91.300s][info][gc,heap        ] GC(859) PSYoungGen: 346944K(347136K)->1952K(347136K) Eden: 345088K(345088K)->0K(345088K) From: 1856K(2048K)->1952K(2048K)
[91.300s][info][gc,heap        ] GC(859) ParOldGen: 43937K(699392K)->44017K(699392K)
[91.300s][info][gc,metaspace   ] GC(859) Metaspace: 74292K(74752K)->74292K(74752K) NonClass: 59368K(59584K)->59368K(59584K) Class: 14923K(15168K)->14923K(15168K)
[91.300s][info][gc             ] GC(859) Pause Young (Allocation Failure) 381M->44M(1022M) 1.114ms
[91.300s][info][gc,cpu         ] GC(859) User=0.00s Sys=0.00s Real=0.00s
[91.383s][info][gc,start       ] GC(860) Pause Young (Allocation Failure)
[91.384s][info][gc,heap        ] GC(860) PSYoungGen: 347040K(347136K)->1920K(347136K) Eden: 345088K(345088K)->0K(345088K) From: 1952K(2048K)->1920K(2048K)
[91.384s][info][gc,heap        ] GC(860) ParOldGen: 44017K(699392K)->44097K(699392K)
[91.384s][info][gc,metaspace   ] GC(860) Metaspace: 74292K(74752K)->74292K(74752K) NonClass: 59368K(59584K)->59368K(59584K) Class: 14923K(15168K)->14923K(15168K)
[91.384s][info][gc             ] GC(860) Pause Young (Allocation Failure) 381M->44M(1022M) 1.156ms
[91.384s][info][gc,cpu         ] GC(860) User=0.00s Sys=0.00s Real=0.00s
[91.467s][info][gc,start       ] GC(861) Pause Young (Allocation Failure)
[91.468s][info][gc,heap        ] GC(861) PSYoungGen: 347008K(347136K)->2048K(346112K) Eden: 345088K(345088K)->0K(344064K) From: 1920K(2048K)->2048K(2048K)
[91.468s][info][gc,heap        ] GC(861) ParOldGen: 44097K(699392K)->44361K(699392K)
[91.468s][info][gc,metaspace   ] GC(861) Metaspace: 74292K(74752K)->74292K(74752K) NonClass: 59368K(59584K)->59368K(59584K) Class: 14923K(15168K)->14923K(15168K)
[91.468s][info][gc             ] GC(861) Pause Young (Allocation Failure) 381M->45M(1021M) 1.167ms
[91.468s][info][gc,cpu         ] GC(861) User=0.00s Sys=0.00s Real=0.00s
[91.551s][info][gc,start       ] GC(862) Pause Young (Allocation Failure)
[91.552s][info][gc,heap        ] GC(862) PSYoungGen: 346112K(346112K)->1856K(346624K) Eden: 344064K(344064K)->0K(344064K) From: 2048K(2048K)->1856K(2560K)
[91.552s][info][gc,heap        ] GC(862) ParOldGen: 44361K(699392K)->44457K(699392K)
[91.552s][info][gc,metaspace   ] GC(862) Metaspace: 74292K(74752K)->74292K(74752K) NonClass: 59368K(59584K)->59368K(59584K) Class: 14923K(15168K)->14923K(15168K)
[91.552s][info][gc             ] GC(862) Pause Young (Allocation Failure) 381M->45M(1021M) 1.151ms
[91.552s][info][gc,cpu         ] GC(862) User=0.00s Sys=0.00s Real=0.00s
[91.635s][info][gc,start       ] GC(863) Pause Young (Allocation Failure)
[91.636s][info][gc,heap        ] GC(863) PSYoungGen: 345920K(346624K)->1824K(346624K) Eden: 344064K(344064K)->0K(344064K) From: 1856K(2560K)->1824K(2560K)
[91.636s][info][gc,heap        ] GC(863) ParOldGen: 44457K(699392K)->44545K(699392K)
[91.636s][info][gc,metaspace   ] GC(863) Metaspace: 74292K(74752K)->74292K(74752K) NonClass: 59368K(59584K)->59368K(59584K) Class: 14923K(15168K)->14923K(15168K)
[91.636s][info][gc             ] GC(863) Pause Young (Allocation Failure) 381M->45M(1021M) 1.241ms
[91.636s][info][gc,cpu         ] GC(863) User=0.00s Sys=0.00s Real=0.00s
[91.719s][info][gc,start       ] GC(864) Pause Young (Allocation Failure)
[91.720s][info][gc,heap        ] GC(864) PSYoungGen: 345888K(346624K)->1824K(346112K) Eden: 344064K(344064K)->0K(344064K) From: 1824K(2560K)->1824K(2048K)
[91.720s][info][gc,heap        ] GC(864) ParOldGen: 44545K(699392K)->44729K(699392K)
[91.720s][info][gc,metaspace   ] GC(864) Metaspace: 74292K(74752K)->74292K(74752K) NonClass: 59368K(59584K)->59368K(59584K) Class: 14923K(15168K)->14923K(15168K)
[91.720s][info][gc             ] GC(864) Pause Young (Allocation Failure) 381M->45M(1021M) 1.264ms
[91.720s][info][gc,cpu         ] GC(864) User=0.00s Sys=0.00s Real=0.00s
[91.803s][info][gc,start       ] GC(865) Pause Young (Allocation Failure)
[91.804s][info][gc,heap        ] GC(865) PSYoungGen: 345888K(346112K)->1856K(346112K) Eden: 344064K(344064K)->0K(344064K) From: 1824K(2048K)->1856K(2048K)
[91.804s][info][gc,heap        ] GC(865) ParOldGen: 44729K(699392K)->44929K(699392K)
[91.804s][info][gc,metaspace   ] GC(865) Metaspace: 74292K(74752K)->74292K(74752K) NonClass: 59368K(59584K)->59368K(59584K) Class: 14923K(15168K)->14923K(15168K)
[91.804s][info][gc             ] GC(865) Pause Young (Allocation Failure) 381M->45M(1021M) 1.223ms
[91.804s][info][gc,cpu         ] GC(865) User=0.00s Sys=0.00s Real=0.00s
[91.888s][info][gc,start       ] GC(866) Pause Young (Allocation Failure)
[91.889s][info][gc,heap        ] GC(866) PSYoungGen: 345920K(346112K)->1728K(346112K) Eden: 344064K(344064K)->0K(344064K) From: 1856K(2048K)->1728K(2048K)
[91.889s][info][gc,heap        ] GC(866) ParOldGen: 44929K(699392K)->45009K(699392K)
[91.889s][info][gc,metaspace   ] GC(866) Metaspace: 74292K(74752K)->74292K(74752K) NonClass: 59368K(59584K)->59368K(59584K) Class: 14923K(15168K)->14923K(15168K)
[91.889s][info][gc             ] GC(866) Pause Young (Allocation Failure) 381M->45M(1021M) 1.189ms
[91.889s][info][gc,cpu         ] GC(866) User=0.00s Sys=0.00s Real=0.00s
[91.977s][info][gc,start       ] GC(867) Pause Young (Allocation Failure)
[91.978s][info][gc,heap        ] GC(867) PSYoungGen: 345792K(346112K)->1696K(346112K) Eden: 344064K(344064K)->0K(344064K) From: 1728K(2048K)->1696K(2048K)
[91.978s][info][gc,heap        ] GC(867) ParOldGen: 45009K(699392K)->45401K(699392K)
[91.978s][info][gc,metaspace   ] GC(867) Metaspace: 74292K(74752K)->74292K(74752K) NonClass: 59368K(59584K)->59368K(59584K) Class: 14923K(15168K)->14923K(15168K)
[91.978s][info][gc             ] GC(867) Pause Young (Allocation Failure) 381M->45M(1021M) 1.204ms
[91.978s][info][gc,cpu         ] GC(867) User=0.00s Sys=0.00s Real=0.00s
[92.068s][info][gc,start       ] GC(868) Pause Young (Allocation Failure)
[92.069s][info][gc,heap        ] GC(868) PSYoungGen: 345760K(346112K)->1568K(346624K) Eden: 344064K(344064K)->0K(344064K) From: 1696K(2048K)->1568K(2560K)
[92.069s][info][gc,heap        ] GC(868) ParOldGen: 45401K(699392K)->45673K(699392K)
[92.069s][info][gc,metaspace   ] GC(868) Metaspace: 74292K(74752K)->74292K(74752K) NonClass: 59368K(59584K)->59368K(59584K) Class: 14923K(15168K)->14923K(15168K)
[92.069s][info][gc             ] GC(868) Pause Young (Allocation Failure) 381M->46M(1021M) 1.056ms
[92.069s][info][gc,cpu         ] GC(868) User=0.00s Sys=0.00s Real=0.00s
[92.161s][info][gc,start       ] GC(869) Pause Young (Allocation Failure)
[92.162s][info][gc,heap        ] GC(869) PSYoungGen: 345632K(346624K)->1536K(346624K) Eden: 344064K(344064K)->0K(344064K) From: 1568K(2560K)->1536K(2560K)
[92.162s][info][gc,heap        ] GC(869) ParOldGen: 45673K(699392K)->45817K(699392K)
[92.162s][info][gc,metaspace   ] GC(869) Metaspace: 74292K(74752K)->74292K(74752K) NonClass: 59368K(59584K)->59368K(59584K) Class: 14923K(15168K)->14923K(15168K)
[92.162s][info][gc             ] GC(869) Pause Young (Allocation Failure) 382M->46M(1021M) 1.089ms
[92.162s][info][gc,cpu         ] GC(869) User=0.00s Sys=0.00s Real=0.00s
[92.265s][info][gc,start       ] GC(870) Pause Young (Allocation Failure)
[92.266s][info][gc,heap        ] GC(870) PSYoungGen: 345600K(346624K)->1408K(346624K) Eden: 344064K(344064K)->0K(344064K) From: 1536K(2560K)->1408K(2560K)
[92.266s][info][gc,heap        ] GC(870) ParOldGen: 45817K(699392K)->46105K(699392K)
[92.266s][info][gc,metaspace   ] GC(870) Metaspace: 74292K(74752K)->74292K(74752K) NonClass: 59368K(59584K)->59368K(59584K) Class: 14923K(15168K)->14923K(15168K)
[92.266s][info][gc             ] GC(870) Pause Young (Allocation Failure) 382M->46M(1021M) 1.103ms
[92.266s][info][gc,cpu         ] GC(870) User=0.00s Sys=0.00s Real=0.00s
[92.391s][info][gc,start       ] GC(871) Pause Young (Allocation Failure)
[92.392s][info][gc,heap        ] GC(871) PSYoungGen: 345471K(346624K)->1248K(335872K) Eden: 344063K(344064K)->0K(334336K) From: 1408K(2560K)->1248K(1536K)
[92.392s][info][gc,heap        ] GC(871) ParOldGen: 46105K(699392K)->46481K(699392K)
[92.392s][info][gc,metaspace   ] GC(871) Metaspace: 74292K(74752K)->74292K(74752K) NonClass: 59368K(59584K)->59368K(59584K) Class: 14923K(15168K)->14923K(15168K)
[92.392s][info][gc             ] GC(871) Pause Young (Allocation Failure) 382M->46M(1011M) 1.217ms
[92.392s][info][gc,cpu         ] GC(871) User=0.00s Sys=0.00s Real=0.00s
[92.531s][info][gc,start       ] GC(872) Pause Young (Allocation Failure)
[92.532s][info][gc,heap        ] GC(872) PSYoungGen: 335584K(335872K)->1056K(326656K) Eden: 334336K(334336K)->0K(325120K) From: 1248K(1536K)->1056K(1536K)
[92.532s][info][gc,heap        ] GC(872) ParOldGen: 46481K(699392K)->46769K(699392K)
[92.532s][info][gc,metaspace   ] GC(872) Metaspace: 74292K(74752K)->74292K(74752K) NonClass: 59368K(59584K)->59368K(59584K) Class: 14923K(15168K)->14923K(15168K)
[92.532s][info][gc             ] GC(872) Pause Young (Allocation Failure) 373M->46M(1002M) 1.065ms
[92.532s][info][gc,cpu         ] GC(872) User=0.00s Sys=0.00s Real=0.00s
[92.693s][info][gc,start       ] GC(873) Pause Young (Allocation Failure)
[92.694s][info][gc,heap        ] GC(873) PSYoungGen: 326176K(326656K)->896K(317440K) Eden: 325120K(325120K)->0K(316416K) From: 1056K(1536K)->896K(1024K)
[92.694s][info][gc,heap        ] GC(873) ParOldGen: 46769K(699392K)->47009K(699392K)
[92.694s][info][gc,metaspace   ] GC(873) Metaspace: 74292K(74752K)->74292K(74752K) NonClass: 59368K(59584K)->59368K(59584K) Class: 14923K(15168K)->14923K(15168K)
[92.694s][info][gc             ] GC(873) Pause Young (Allocation Failure) 364M->46M(993M) 0.995ms
[92.694s][info][gc,cpu         ] GC(873) User=0.00s Sys=0.00s Real=0.00s
[92.881s][info][gc,start       ] GC(874) Pause Young (Allocation Failure)
[92.882s][info][gc,heap        ] GC(874) PSYoungGen: 317312K(317440K)->800K(309248K) Eden: 316416K(316416K)->0K(308224K) From: 896K(1024K)->800K(1024K)
[92.882s][info][gc,heap        ] GC(874) ParOldGen: 47009K(699392K)->47265K(699392K)
[92.882s][info][gc,metaspace   ] GC(874) Metaspace: 74292K(74752K)->74292K(74752K) NonClass: 59368K(59584K)->59368K(59584K) Class: 14923K(15168K)->14923K(15168K)
[92.882s][info][gc             ] GC(874) Pause Young (Allocation Failure) 355M->46M(985M) 0.795ms
[92.882s][info][gc,cpu         ] GC(874) User=0.00s Sys=0.00s Real=0.00s
[93.077s][info][gc,start       ] GC(875) Pause Young (Allocation Failure)
[93.078s][info][gc,heap        ] GC(875) PSYoungGen: 309024K(309248K)->768K(301056K) Eden: 308224K(308224K)->0K(300032K) From: 800K(1024K)->768K(1024K)
[93.078s][info][gc,heap        ] GC(875) ParOldGen: 47265K(699392K)->47393K(699392K)
[93.078s][info][gc,metaspace   ] GC(875) Metaspace: 74292K(74752K)->74292K(74752K) NonClass: 59368K(59584K)->59368K(59584K) Class: 14923K(15168K)->14923K(15168K)
[93.078s][info][gc             ] GC(875) Pause Young (Allocation Failure) 347M->47M(977M) 0.845ms
[93.078s][info][gc,cpu         ] GC(875) User=0.00s Sys=0.00s Real=0.00s
[93.265s][info][gc,start       ] GC(876) Pause Young (Allocation Failure)
[93.266s][info][gc,heap        ] GC(876) PSYoungGen: 300800K(301056K)->736K(293376K) Eden: 300032K(300032K)->0K(292352K) From: 768K(1024K)->736K(1024K)
[93.266s][info][gc,heap        ] GC(876) ParOldGen: 47393K(699392K)->47425K(699392K)
[93.266s][info][gc,metaspace   ] GC(876) Metaspace: 74292K(74752K)->74292K(74752K) NonClass: 59368K(59584K)->59368K(59584K) Class: 14923K(15168K)->14923K(15168K)
[93.266s][info][gc             ] GC(876) Pause Young (Allocation Failure) 340M->47M(969M) 0.658ms
[93.266s][info][gc,cpu         ] GC(876) User=0.00s Sys=0.00s Real=0.00s
[93.448s][info][gc,start       ] GC(877) Pause Young (Allocation Failure)
[93.449s][info][gc,heap        ] GC(877) PSYoungGen: 293088K(293376K)->736K(285696K) Eden: 292352K(292352K)->0K(284672K) From: 736K(1024K)->736K(1024K)
[93.449s][info][gc,heap        ] GC(877) ParOldGen: 47425K(699392K)->47433K(699392K)
[93.449s][info][gc,metaspace   ] GC(877) Metaspace: 74292K(74752K)->74292K(74752K) NonClass: 59368K(59584K)->59368K(59584K) Class: 14923K(15168K)->14923K(15168K)
[93.449s][info][gc             ] GC(877) Pause Young (Allocation Failure) 332M->47M(962M) 0.796ms
[93.449s][info][gc,cpu         ] GC(877) User=0.00s Sys=0.00s Real=0.00s
[93.627s][info][gc,start       ] GC(878) Pause Young (Allocation Failure)
[93.628s][info][gc,heap        ] GC(878) PSYoungGen: 285408K(285696K)->736K(278528K) Eden: 284672K(284672K)->0K(277504K) From: 736K(1024K)->736K(1024K)
[93.628s][info][gc,heap        ] GC(878) ParOldGen: 47433K(699392K)->47569K(699392K)
[93.628s][info][gc,metaspace   ] GC(878) Metaspace: 74292K(74752K)->74292K(74752K) NonClass: 59368K(59584K)->59368K(59584K) Class: 14923K(15168K)->14923K(15168K)
[93.628s][info][gc             ] GC(878) Pause Young (Allocation Failure) 325M->47M(955M) 0.660ms
[93.628s][info][gc,cpu         ] GC(878) User=0.00s Sys=0.00s Real=0.00s
[93.802s][info][gc,start       ] GC(879) Pause Young (Allocation Failure)
[93.802s][info][gc,heap        ] GC(879) PSYoungGen: 278240K(278528K)->704K(271872K) Eden: 277504K(277504K)->0K(270848K) From: 736K(1024K)->704K(1024K)
[93.802s][info][gc,heap        ] GC(879) ParOldGen: 47569K(699392K)->47617K(699392K)
[93.802s][info][gc,metaspace   ] GC(879) Metaspace: 74292K(74752K)->74292K(74752K) NonClass: 59368K(59584K)->59368K(59584K) Class: 14923K(15168K)->14923K(15168K)
[93.802s][info][gc             ] GC(879) Pause Young (Allocation Failure) 318M->47M(948M) 0.784ms
[93.803s][info][gc,cpu         ] GC(879) User=0.00s Sys=0.00s Real=0.00s
[93.870s][info][gc,heap,exit   ] Heap
[93.870s][info][gc,heap,exit   ]  PSYoungGen      total 271872K, used 47224K [0x00000000eab00000, 0x00000000ff680000, 0x0000000100000000)
[93.870s][info][gc,heap,exit   ]   eden space 270848K, 17% used [0x00000000eab00000,0x00000000ed86e3a0,0x00000000fb380000)
[93.870s][info][gc,heap,exit   ]   from space 1024K, 68% used [0x00000000ff580000,0x00000000ff630000,0x00000000ff680000)
[93.870s][info][gc,heap,exit   ]   to   space 2560K, 0% used [0x00000000ff180000,0x00000000ff180000,0x00000000ff400000)
[93.870s][info][gc,heap,exit   ]  ParOldGen       total 699392K, used 47617K [0x00000000c0000000, 0x00000000eab00000, 0x00000000eab00000)
[93.870s][info][gc,heap,exit   ]   object space 699392K, 6% used [0x00000000c0000000,0x00000000c2e804f8,0x00000000eab00000)
[93.870s][info][gc,heap,exit   ]  Metaspace       used 74353K, committed 74880K, reserved 1114112K
[93.870s][info][gc,heap,exit   ]   class space    used 14939K, committed 15232K, reserved 1048576K
