[0.015s][info][gc,init] CardTable entry size: 512
[0.016s][info][gc     ] Using Parallel
[0.026s][info][gc,init] Version: 20+36-2344 (release)
[0.026s][info][gc,init] CPUs: 48 total, 48 available
[0.026s][info][gc,init] Memory: 382G
[0.026s][info][gc,init] Large Page Support: Disabled
[0.026s][info][gc,init] NUMA Support: Disabled
[0.026s][info][gc,init] Compressed Oops: Enabled (32-bit)
[0.026s][info][gc,init] Alignments: Space 512K, Generation 512K, Heap 2M
[0.026s][info][gc,init] Heap Min Capacity: 8M
[0.026s][info][gc,init] Heap Initial Capacity: 2G
[0.036s][info][gc,init] Heap Max Capacity: 2G
[0.036s][info][gc,init] Pre-touch: Disabled
[0.036s][info][gc,init] Parallel Workers: 33
[0.037s][info][gc,metaspace] CDS archive(s) mapped at: [0x0000000800000000-0x0000000800c60000-0x0000000800c60000), size 12976128, SharedBaseAddress: 0x0000000800000000, ArchiveRelocationMode: 0.
[0.037s][info][gc,metaspace] Compressed class space mapped at: 0x0000000801000000-0x0000000841000000, reserved size: 1073741824
[0.037s][info][gc,metaspace] Narrow klass base: 0x0000000800000000, Narrow klass shift: 0, Narrow klass range: 0x100000000
[4.516s][info][gc,start    ] GC(0) Pause Young (Metadata GC Threshold)
[4.530s][info][gc,heap     ] GC(0) PSYoungGen: 178467K(611840K)->8243K(611840K) Eden: 178467K(524800K)->0K(524800K) From: 0K(87040K)->8243K(87040K)
[4.530s][info][gc,heap     ] GC(0) ParOldGen: 0K(1398272K)->24K(1398272K)
[4.530s][info][gc,metaspace] GC(0) Metaspace: 21255K(21504K)->21255K(21504K) NonClass: 18523K(18624K)->18523K(18624K) Class: 2732K(2880K)->2732K(2880K)
[4.530s][info][gc          ] GC(0) Pause Young (Metadata GC Threshold) 174M->8M(1963M) 13.542ms
[4.530s][info][gc,cpu      ] GC(0) User=0.00s Sys=0.00s Real=0.00s
[4.530s][info][gc,start    ] GC(1) Pause Full (Metadata GC Threshold)
[4.530s][info][gc,phases,start] GC(1) Marking Phase
[4.543s][info][gc,phases      ] GC(1) Marking Phase 13.394ms
[4.544s][info][gc,phases,start] GC(1) Summary Phase
[4.544s][info][gc,phases      ] GC(1) Summary Phase 0.020ms
[4.544s][info][gc,phases,start] GC(1) Adjust Roots
[4.547s][info][gc,phases      ] GC(1) Adjust Roots 3.882ms
[4.547s][info][gc,phases,start] GC(1) Compaction Phase
[4.555s][info][gc,phases      ] GC(1) Compaction Phase 7.202ms
[4.555s][info][gc,phases,start] GC(1) Post Compact
[4.556s][info][gc,phases      ] GC(1) Post Compact 1.645ms
[4.556s][info][gc,heap        ] GC(1) PSYoungGen: 8243K(611840K)->0K(611840K) Eden: 0K(524800K)->0K(524800K) From: 8243K(87040K)->0K(87040K)
[4.556s][info][gc,heap        ] GC(1) ParOldGen: 24K(1398272K)->7643K(1398272K)
[4.556s][info][gc,metaspace   ] GC(1) Metaspace: 21255K(21504K)->21255K(21504K) NonClass: 18523K(18624K)->18523K(18624K) Class: 2732K(2880K)->2732K(2880K)
[4.556s][info][gc             ] GC(1) Pause Full (Metadata GC Threshold) 8M->7M(1963M) 26.348ms
[4.556s][info][gc,cpu         ] GC(1) User=0.38s Sys=0.16s Real=0.03s
[5.308s][info][gc,start       ] GC(2) Pause Young (GCLocker Initiated GC)
[5.315s][info][gc,heap        ] GC(2) PSYoungGen: 214119K(611840K)->5520K(611840K) Eden: 214119K(524800K)->0K(524800K) From: 0K(87040K)->5520K(87040K)
[5.315s][info][gc,heap        ] GC(2) ParOldGen: 7643K(1398272K)->7651K(1398272K)
[5.315s][info][gc,metaspace   ] GC(2) Metaspace: 30306K(30656K)->30306K(30656K) NonClass: 26259K(26432K)->26259K(26432K) Class: 4047K(4224K)->4047K(4224K)
[5.315s][info][gc             ] GC(2) Pause Young (GCLocker Initiated GC) 216M->12M(1963M) 6.750ms
[5.315s][info][gc,cpu         ] GC(2) User=0.00s Sys=0.00s Real=0.00s
[5.604s][info][gc,start       ] GC(3) Pause Young (Metadata GC Threshold)
[5.610s][info][gc,heap        ] GC(3) PSYoungGen: 165505K(611840K)->6576K(611840K) Eden: 159985K(524800K)->0K(524800K) From: 5520K(87040K)->6576K(87040K)
[5.610s][info][gc,heap        ] GC(3) ParOldGen: 7651K(1398272K)->7659K(1398272K)
[5.610s][info][gc,metaspace   ] GC(3) Metaspace: 35466K(35840K)->35466K(35840K) NonClass: 30194K(30400K)->30194K(30400K) Class: 5272K(5440K)->5272K(5440K)
[5.610s][info][gc             ] GC(3) Pause Young (Metadata GC Threshold) 169M->13M(1963M) 5.777ms
[5.610s][info][gc,cpu         ] GC(3) User=0.00s Sys=0.00s Real=0.01s
[5.610s][info][gc,start       ] GC(4) Pause Full (Metadata GC Threshold)
[5.610s][info][gc,phases,start] GC(4) Marking Phase
[5.628s][info][gc,phases      ] GC(4) Marking Phase 17.787ms
[5.628s][info][gc,phases,start] GC(4) Summary Phase
[5.628s][info][gc,phases      ] GC(4) Summary Phase 0.013ms
[5.628s][info][gc,phases,start] GC(4) Adjust Roots
[5.632s][info][gc,phases      ] GC(4) Adjust Roots 4.350ms
[5.632s][info][gc,phases,start] GC(4) Compaction Phase
[5.642s][info][gc,phases      ] GC(4) Compaction Phase 10.123ms
[5.642s][info][gc,phases,start] GC(4) Post Compact
[5.643s][info][gc,phases      ] GC(4) Post Compact 0.997ms
[5.643s][info][gc,heap        ] GC(4) PSYoungGen: 6576K(611840K)->0K(611840K) Eden: 0K(524800K)->0K(524800K) From: 6576K(87040K)->0K(87040K)
[5.643s][info][gc,heap        ] GC(4) ParOldGen: 7659K(1398272K)->13513K(1398272K)
[5.643s][info][gc,metaspace   ] GC(4) Metaspace: 35466K(35840K)->35437K(35840K) NonClass: 30194K(30400K)->30173K(30400K) Class: 5272K(5440K)->5263K(5440K)
[5.643s][info][gc             ] GC(4) Pause Full (Metadata GC Threshold) 13M->13M(1963M) 33.481ms
[5.643s][info][gc,cpu         ] GC(4) User=0.45s Sys=0.00s Real=0.03s
[7.059s][info][gc,start       ] GC(5) Pause Young (Metadata GC Threshold)
[7.068s][info][gc,heap        ] GC(5) PSYoungGen: 314735K(611840K)->6592K(611840K) Eden: 314735K(524800K)->0K(524800K) From: 0K(87040K)->6592K(87040K)
[7.068s][info][gc,heap        ] GC(5) ParOldGen: 13513K(1398272K)->13521K(1398272K)
[7.068s][info][gc,metaspace   ] GC(5) Metaspace: 58669K(59776K)->58669K(59776K) NonClass: 46661K(47360K)->46661K(47360K) Class: 12007K(12416K)->12007K(12416K)
[7.068s][info][gc             ] GC(5) Pause Young (Metadata GC Threshold) 320M->19M(1963M) 9.074ms
[7.068s][info][gc,cpu         ] GC(5) User=0.00s Sys=0.00s Real=0.00s
[7.068s][info][gc,start       ] GC(6) Pause Full (Metadata GC Threshold)
[7.068s][info][gc,phases,start] GC(6) Marking Phase
[7.097s][info][gc,phases      ] GC(6) Marking Phase 29.081ms
[7.097s][info][gc,phases,start] GC(6) Summary Phase
[7.097s][info][gc,phases      ] GC(6) Summary Phase 0.013ms
[7.097s][info][gc,phases,start] GC(6) Adjust Roots
[7.103s][info][gc,phases      ] GC(6) Adjust Roots 5.425ms
[7.103s][info][gc,phases,start] GC(6) Compaction Phase
[7.115s][info][gc,phases      ] GC(6) Compaction Phase 12.946ms
[7.116s][info][gc,phases,start] GC(6) Post Compact
[7.118s][info][gc,phases      ] GC(6) Post Compact 2.192ms
[7.118s][info][gc,heap        ] GC(6) PSYoungGen: 6592K(611840K)->0K(611840K) Eden: 0K(524800K)->0K(524800K) From: 6592K(87040K)->0K(87040K)
[7.118s][info][gc,heap        ] GC(6) ParOldGen: 13521K(1398272K)->18831K(1398272K)
[7.118s][info][gc,metaspace   ] GC(6) Metaspace: 58669K(59776K)->57778K(59776K) NonClass: 46661K(47360K)->46039K(47360K) Class: 12007K(12416K)->11739K(12416K)
[7.118s][info][gc             ] GC(6) Pause Full (Metadata GC Threshold) 19M->18M(1963M) 49.905ms
[7.118s][info][gc,cpu         ] GC(6) User=0.56s Sys=0.00s Real=0.05s
[8.742s][info][gc,start       ] GC(7) Pause Young (Allocation Failure)
[8.755s][info][gc,heap        ] GC(7) PSYoungGen: 524800K(611840K)->21472K(533504K) Eden: 524800K(524800K)->0K(512000K) From: 0K(87040K)->21472K(21504K)
[8.755s][info][gc,heap        ] GC(7) ParOldGen: 18831K(1398272K)->18847K(1398272K)
[8.755s][info][gc,metaspace   ] GC(7) Metaspace: 72746K(73216K)->72746K(73216K) NonClass: 57481K(57728K)->57481K(57728K) Class: 15264K(15488K)->15264K(15488K)
[8.755s][info][gc             ] GC(7) Pause Young (Allocation Failure) 530M->39M(1886M) 12.854ms
[8.755s][info][gc,cpu         ] GC(7) User=0.00s Sys=0.00s Real=0.00s
[9.278s][info][gc,start       ] GC(8) Pause Young (Allocation Failure)
[9.289s][info][gc,heap        ] GC(8) PSYoungGen: 533472K(533504K)->17920K(589312K) Eden: 512000K(512000K)->0K(571392K) From: 21472K(21504K)->17920K(17920K)
[9.289s][info][gc,heap        ] GC(8) ParOldGen: 18847K(1398272K)->22000K(1398272K)
[9.289s][info][gc,metaspace   ] GC(8) Metaspace: 72849K(73280K)->72849K(73280K) NonClass: 57584K(57792K)->57584K(57792K) Class: 15265K(15488K)->15265K(15488K)
[9.289s][info][gc             ] GC(8) Pause Young (Allocation Failure) 539M->38M(1941M) 11.455ms
[9.290s][info][gc,cpu         ] GC(8) User=0.00s Sys=0.00s Real=0.00s
[9.807s][info][gc,start       ] GC(9) Pause Young (Allocation Failure)
[9.820s][info][gc,heap        ] GC(9) PSYoungGen: 589312K(589312K)->18496K(594432K) Eden: 571392K(571392K)->0K(571392K) From: 17920K(17920K)->18496K(23040K)
[9.820s][info][gc,heap        ] GC(9) ParOldGen: 22000K(1398272K)->22008K(1398272K)
[9.820s][info][gc,metaspace   ] GC(9) Metaspace: 72849K(73280K)->72849K(73280K) NonClass: 57584K(57792K)->57584K(57792K) Class: 15265K(15488K)->15265K(15488K)
[9.820s][info][gc             ] GC(9) Pause Young (Allocation Failure) 596M->39M(1946M) 12.838ms
[9.820s][info][gc,cpu         ] GC(9) User=0.14s Sys=0.48s Real=0.02s
[10.235s][info][gc,start       ] GC(10) Pause Young (Allocation Failure)
[10.253s][info][gc,heap        ] GC(10) PSYoungGen: 589888K(594432K)->18432K(671744K) Eden: 571392K(571392K)->0K(646656K) From: 18496K(23040K)->18432K(25088K)
[10.253s][info][gc,heap        ] GC(10) ParOldGen: 22008K(1398272K)->22016K(1398272K)
[10.253s][info][gc,metaspace   ] GC(10) Metaspace: 72866K(73280K)->72866K(73280K) NonClass: 57600K(57792K)->57600K(57792K) Class: 15265K(15488K)->15265K(15488K)
[10.253s][info][gc             ] GC(10) Pause Young (Allocation Failure) 597M->39M(2021M) 18.147ms
[10.253s][info][gc,cpu         ] GC(10) User=0.11s Sys=0.48s Real=0.01s
[10.652s][info][gc,start       ] GC(11) Pause Young (Allocation Failure)
[10.667s][info][gc,heap        ] GC(11) PSYoungGen: 665088K(671744K)->1984K(648704K) Eden: 646656K(646656K)->0K(646656K) From: 18432K(25088K)->1984K(2048K)
[10.667s][info][gc,heap        ] GC(11) ParOldGen: 22016K(1398272K)->39033K(1398272K)
[10.667s][info][gc,metaspace   ] GC(11) Metaspace: 72878K(73344K)->72878K(73344K) NonClass: 57611K(57856K)->57611K(57856K) Class: 15267K(15488K)->15267K(15488K)
[10.667s][info][gc             ] GC(11) Pause Young (Allocation Failure) 671M->40M(1999M) 15.208ms
[10.667s][info][gc,cpu         ] GC(11) User=0.11s Sys=0.48s Real=0.02s
[11.022s][info][gc,start       ] GC(12) Pause Young (Allocation Failure)
[11.024s][info][gc,heap        ] GC(12) PSYoungGen: 648640K(648704K)->1952K(671232K) Eden: 646656K(646656K)->0K(644608K) From: 1984K(2048K)->1952K(26624K)
[11.024s][info][gc,heap        ] GC(12) ParOldGen: 39033K(1398272K)->39289K(1398272K)
[11.024s][info][gc,metaspace   ] GC(12) Metaspace: 72940K(73408K)->72940K(73408K) NonClass: 57663K(57920K)->57663K(57920K) Class: 15276K(15488K)->15276K(15488K)
[11.024s][info][gc             ] GC(12) Pause Young (Allocation Failure) 671M->40M(2021M) 1.587ms
[11.024s][info][gc,cpu         ] GC(12) User=0.00s Sys=0.00s Real=0.00s
[11.383s][info][gc,start       ] GC(13) Pause Young (Allocation Failure)
[11.384s][info][gc,heap        ] GC(13) PSYoungGen: 646560K(671232K)->1984K(671744K) Eden: 644608K(644608K)->0K(644608K) From: 1952K(26624K)->1984K(27136K)
[11.384s][info][gc,heap        ] GC(13) ParOldGen: 39289K(1398272K)->39553K(1398272K)
[11.384s][info][gc,metaspace   ] GC(13) Metaspace: 72956K(73408K)->72956K(73408K) NonClass: 57678K(57920K)->57678K(57920K) Class: 15277K(15488K)->15277K(15488K)
[11.384s][info][gc             ] GC(13) Pause Young (Allocation Failure) 669M->40M(2021M) 1.498ms
[11.384s][info][gc,cpu         ] GC(13) User=0.00s Sys=0.00s Real=0.00s
[11.665s][info][gc,start       ] GC(14) Pause Young (Allocation Failure)
[11.667s][info][gc,heap        ] GC(14) PSYoungGen: 646592K(671744K)->1888K(670720K) Eden: 644608K(644608K)->0K(644608K) From: 1984K(27136K)->1888K(26112K)
[11.667s][info][gc,heap        ] GC(14) ParOldGen: 39553K(1398272K)->39809K(1398272K)
[11.667s][info][gc,metaspace   ] GC(14) Metaspace: 72958K(73408K)->72958K(73408K) NonClass: 57680K(57920K)->57680K(57920K) Class: 15277K(15488K)->15277K(15488K)
[11.667s][info][gc             ] GC(14) Pause Young (Allocation Failure) 670M->40M(2020M) 1.368ms
[11.667s][info][gc,cpu         ] GC(14) User=0.00s Sys=0.00s Real=0.00s
[11.921s][info][gc,start       ] GC(15) Pause Young (Allocation Failure)
[11.922s][info][gc,heap        ] GC(15) PSYoungGen: 646496K(670720K)->1920K(671232K) Eden: 644608K(644608K)->0K(644608K) From: 1888K(26112K)->1920K(26624K)
[11.922s][info][gc,heap        ] GC(15) ParOldGen: 39809K(1398272K)->40073K(1398272K)
[11.922s][info][gc,metaspace   ] GC(15) Metaspace: 72959K(73408K)->72959K(73408K) NonClass: 57681K(57920K)->57681K(57920K) Class: 15277K(15488K)->15277K(15488K)
[11.922s][info][gc             ] GC(15) Pause Young (Allocation Failure) 670M->41M(2021M) 1.406ms
[11.922s][info][gc,cpu         ] GC(15) User=0.00s Sys=0.00s Real=0.00s
[12.151s][info][gc,start       ] GC(16) Pause Young (Allocation Failure)
[12.154s][info][gc,heap        ] GC(16) PSYoungGen: 646528K(671232K)->1792K(633344K) Eden: 644608K(644608K)->0K(627200K) From: 1920K(26624K)->1792K(6144K)
[12.154s][info][gc,heap        ] GC(16) ParOldGen: 40073K(1398272K)->40305K(1398272K)
[12.154s][info][gc,metaspace   ] GC(16) Metaspace: 72960K(73408K)->72960K(73408K) NonClass: 57682K(57920K)->57682K(57920K) Class: 15277K(15488K)->15277K(15488K)
[12.154s][info][gc             ] GC(16) Pause Young (Allocation Failure) 670M->41M(1984M) 2.770ms
[12.154s][info][gc,cpu         ] GC(16) User=0.00s Sys=0.00s Real=0.00s
[12.365s][info][gc,start       ] GC(17) Pause Young (Allocation Failure)
[12.367s][info][gc,heap        ] GC(17) PSYoungGen: 628992K(633344K)->1856K(612352K) Eden: 627200K(627200K)->0K(610304K) From: 1792K(6144K)->1856K(2048K)
[12.367s][info][gc,heap        ] GC(17) ParOldGen: 40305K(1398272K)->40513K(1398272K)
[12.367s][info][gc,metaspace   ] GC(17) Metaspace: 72961K(73408K)->72961K(73408K) NonClass: 57683K(57920K)->57683K(57920K) Class: 15277K(15488K)->15277K(15488K)
[12.367s][info][gc             ] GC(17) Pause Young (Allocation Failure) 653M->41M(1963M) 2.041ms
[12.367s][info][gc,cpu         ] GC(17) User=0.58s Sys=0.03s Real=0.00s
[12.564s][info][gc,start       ] GC(18) Pause Young (Allocation Failure)
[12.566s][info][gc,heap        ] GC(18) PSYoungGen: 612160K(612352K)->2016K(595968K) Eden: 610304K(610304K)->0K(593920K) From: 1856K(2048K)->2016K(2048K)
[12.566s][info][gc,heap        ] GC(18) ParOldGen: 40513K(1398272K)->40681K(1398272K)
[12.566s][info][gc,metaspace   ] GC(18) Metaspace: 72987K(73472K)->72987K(73472K) NonClass: 57709K(57984K)->57709K(57984K) Class: 15277K(15488K)->15277K(15488K)
[12.566s][info][gc             ] GC(18) Pause Young (Allocation Failure) 637M->41M(1947M) 1.663ms
[12.566s][info][gc,cpu         ] GC(18) User=0.00s Sys=0.00s Real=0.00s
[12.744s][info][gc,start       ] GC(19) Pause Young (Allocation Failure)
[12.745s][info][gc,heap        ] GC(19) PSYoungGen: 595936K(595968K)->2016K(580608K) Eden: 593920K(593920K)->0K(578560K) From: 2016K(2048K)->2016K(2048K)
[12.745s][info][gc,heap        ] GC(19) ParOldGen: 40681K(1398272K)->40937K(1398272K)
[12.745s][info][gc,metaspace   ] GC(19) Metaspace: 72989K(73472K)->72989K(73472K) NonClass: 57711K(57984K)->57711K(57984K) Class: 15277K(15488K)->15277K(15488K)
[12.745s][info][gc             ] GC(19) Pause Young (Allocation Failure) 621M->41M(1932M) 1.372ms
[12.745s][info][gc,cpu         ] GC(19) User=0.00s Sys=0.00s Real=0.00s
[12.914s][info][gc,start       ] GC(20) Pause Young (Allocation Failure)
[12.918s][info][gc,heap        ] GC(20) PSYoungGen: 580576K(580608K)->1920K(565760K) Eden: 578560K(578560K)->0K(563712K) From: 2016K(2048K)->1920K(2048K)
[12.918s][info][gc,heap        ] GC(20) ParOldGen: 40937K(1398272K)->41113K(1398272K)
[12.918s][info][gc,metaspace   ] GC(20) Metaspace: 72991K(73472K)->72991K(73472K) NonClass: 57713K(57984K)->57713K(57984K) Class: 15278K(15488K)->15278K(15488K)
[12.918s][info][gc             ] GC(20) Pause Young (Allocation Failure) 606M->42M(1918M) 3.475ms
[12.918s][info][gc,cpu         ] GC(20) User=0.00s Sys=0.00s Real=0.00s
[13.085s][info][gc,start       ] GC(21) Pause Young (Allocation Failure)
[13.086s][info][gc,heap        ] GC(21) PSYoungGen: 565632K(565760K)->1952K(551424K) Eden: 563712K(563712K)->0K(549376K) From: 1920K(2048K)->1952K(2048K)
[13.086s][info][gc,heap        ] GC(21) ParOldGen: 41113K(1398272K)->41281K(1398272K)
[13.086s][info][gc,metaspace   ] GC(21) Metaspace: 73009K(73472K)->73009K(73472K) NonClass: 57729K(57984K)->57729K(57984K) Class: 15279K(15488K)->15279K(15488K)
[13.086s][info][gc             ] GC(21) Pause Young (Allocation Failure) 592M->42M(1904M) 1.598ms
[13.086s][info][gc,cpu         ] GC(21) User=0.14s Sys=0.00s Real=0.00s
[13.249s][info][gc,start       ] GC(22) Pause Young (Allocation Failure)
[13.252s][info][gc,heap        ] GC(22) PSYoungGen: 551328K(551424K)->1888K(537600K) Eden: 549376K(549376K)->0K(535552K) From: 1952K(2048K)->1888K(2048K)
[13.252s][info][gc,heap        ] GC(22) ParOldGen: 41281K(1398272K)->41521K(1398272K)
[13.253s][info][gc,metaspace   ] GC(22) Metaspace: 73009K(73472K)->73009K(73472K) NonClass: 57729K(57984K)->57729K(57984K) Class: 15279K(15488K)->15279K(15488K)
[13.253s][info][gc             ] GC(22) Pause Young (Allocation Failure) 578M->42M(1890M) 3.462ms
[13.253s][info][gc,cpu         ] GC(22) User=0.00s Sys=0.00s Real=0.00s
[13.410s][info][gc,start       ] GC(23) Pause Young (Allocation Failure)
[13.412s][info][gc,heap        ] GC(23) PSYoungGen: 537440K(537600K)->1952K(524288K) Eden: 535552K(535552K)->0K(522240K) From: 1888K(2048K)->1952K(2048K)
[13.412s][info][gc,heap        ] GC(23) ParOldGen: 41521K(1398272K)->41697K(1398272K)
[13.412s][info][gc,metaspace   ] GC(23) Metaspace: 73009K(73472K)->73009K(73472K) NonClass: 57729K(57984K)->57729K(57984K) Class: 15279K(15488K)->15279K(15488K)
[13.412s][info][gc             ] GC(23) Pause Young (Allocation Failure) 565M->42M(1877M) 1.544ms
[13.412s][info][gc,cpu         ] GC(23) User=0.00s Sys=0.00s Real=0.00s
[13.540s][info][gc,start       ] GC(24) Pause Young (Allocation Failure)
[13.543s][info][gc,heap        ] GC(24) PSYoungGen: 524192K(524288K)->1920K(511488K) Eden: 522240K(522240K)->0K(509440K) From: 1952K(2048K)->1920K(2048K)
[13.543s][info][gc,heap        ] GC(24) ParOldGen: 41697K(1398272K)->41961K(1398272K)
[13.543s][info][gc,metaspace   ] GC(24) Metaspace: 73010K(73472K)->73010K(73472K) NonClass: 57729K(57984K)->57729K(57984K) Class: 15280K(15488K)->15280K(15488K)
[13.543s][info][gc             ] GC(24) Pause Young (Allocation Failure) 552M->42M(1865M) 3.187ms
[13.543s][info][gc,cpu         ] GC(24) User=0.00s Sys=0.00s Real=0.00s
[13.664s][info][gc,start       ] GC(25) Pause Young (Allocation Failure)
[13.665s][info][gc,heap        ] GC(25) PSYoungGen: 511360K(511488K)->1984K(499200K) Eden: 509440K(509440K)->0K(497152K) From: 1920K(2048K)->1984K(2048K)
[13.665s][info][gc,heap        ] GC(25) ParOldGen: 41961K(1398272K)->42097K(1398272K)
[13.665s][info][gc,metaspace   ] GC(25) Metaspace: 73010K(73472K)->73010K(73472K) NonClass: 57729K(57984K)->57729K(57984K) Class: 15280K(15488K)->15280K(15488K)
[13.665s][info][gc             ] GC(25) Pause Young (Allocation Failure) 540M->43M(1853M) 1.299ms
[13.665s][info][gc,cpu         ] GC(25) User=0.00s Sys=0.00s Real=0.00s
[13.783s][info][gc,start       ] GC(26) Pause Young (Allocation Failure)
[13.786s][info][gc,heap        ] GC(26) PSYoungGen: 499136K(499200K)->2016K(487424K) Eden: 497152K(497152K)->0K(485376K) From: 1984K(2048K)->2016K(2048K)
[13.786s][info][gc,heap        ] GC(26) ParOldGen: 42097K(1398272K)->42273K(1398272K)
[13.786s][info][gc,metaspace   ] GC(26) Metaspace: 73020K(73472K)->73020K(73472K) NonClass: 57740K(57984K)->57740K(57984K) Class: 15280K(15488K)->15280K(15488K)
[13.786s][info][gc             ] GC(26) Pause Young (Allocation Failure) 528M->43M(1841M) 2.817ms
[13.786s][info][gc,cpu         ] GC(26) User=0.00s Sys=0.00s Real=0.00s
[13.901s][info][gc,start       ] GC(27) Pause Young (Allocation Failure)
[13.903s][info][gc,heap        ] GC(27) PSYoungGen: 487392K(487424K)->1984K(476160K) Eden: 485376K(485376K)->0K(474112K) From: 2016K(2048K)->1984K(2048K)
[13.903s][info][gc,heap        ] GC(27) ParOldGen: 42273K(1398272K)->42425K(1398272K)
[13.903s][info][gc,metaspace   ] GC(27) Metaspace: 73020K(73472K)->73020K(73472K) NonClass: 57740K(57984K)->57740K(57984K) Class: 15280K(15488K)->15280K(15488K)
[13.903s][info][gc             ] GC(27) Pause Young (Allocation Failure) 517M->43M(1830M) 1.298ms
[13.903s][info][gc,cpu         ] GC(27) User=0.00s Sys=0.00s Real=0.00s
[14.015s][info][gc,start       ] GC(28) Pause Young (Allocation Failure)
[14.017s][info][gc,heap        ] GC(28) PSYoungGen: 476096K(476160K)->1952K(465408K) Eden: 474112K(474112K)->0K(463360K) From: 1984K(2048K)->1952K(2048K)
[14.017s][info][gc,heap        ] GC(28) ParOldGen: 42425K(1398272K)->42577K(1398272K)
[14.017s][info][gc,metaspace   ] GC(28) Metaspace: 73020K(73472K)->73020K(73472K) NonClass: 57740K(57984K)->57740K(57984K) Class: 15280K(15488K)->15280K(15488K)
[14.017s][info][gc             ] GC(28) Pause Young (Allocation Failure) 506M->43M(1820M) 2.613ms
[14.017s][info][gc,cpu         ] GC(28) User=0.00s Sys=0.00s Real=0.00s
[14.127s][info][gc,start       ] GC(29) Pause Young (Allocation Failure)
[14.128s][info][gc,heap        ] GC(29) PSYoungGen: 465312K(465408K)->1952K(454656K) Eden: 463360K(463360K)->0K(452608K) From: 1952K(2048K)->1952K(2048K)
[14.128s][info][gc,heap        ] GC(29) ParOldGen: 42577K(1398272K)->42713K(1398272K)
[14.128s][info][gc,metaspace   ] GC(29) Metaspace: 73020K(73472K)->73020K(73472K) NonClass: 57740K(57984K)->57740K(57984K) Class: 15280K(15488K)->15280K(15488K)
[14.128s][info][gc             ] GC(29) Pause Young (Allocation Failure) 495M->43M(1809M) 1.297ms
[14.128s][info][gc,cpu         ] GC(29) User=0.00s Sys=0.00s Real=0.00s
[14.235s][info][gc,start       ] GC(30) Pause Young (Allocation Failure)
[14.237s][info][gc,heap        ] GC(30) PSYoungGen: 454560K(454656K)->1920K(444416K) Eden: 452608K(452608K)->0K(442368K) From: 1952K(2048K)->1920K(2048K)
[14.237s][info][gc,heap        ] GC(30) ParOldGen: 42713K(1398272K)->42873K(1398272K)
[14.237s][info][gc,metaspace   ] GC(30) Metaspace: 73020K(73472K)->73020K(73472K) NonClass: 57740K(57984K)->57740K(57984K) Class: 15280K(15488K)->15280K(15488K)
[14.237s][info][gc             ] GC(30) Pause Young (Allocation Failure) 485M->43M(1799M) 2.551ms
[14.237s][info][gc,cpu         ] GC(30) User=0.00s Sys=0.00s Real=0.00s
[14.342s][info][gc,start       ] GC(31) Pause Young (Allocation Failure)
[14.344s][info][gc,heap        ] GC(31) PSYoungGen: 444288K(444416K)->1888K(434688K) Eden: 442368K(442368K)->0K(432640K) From: 1920K(2048K)->1888K(2048K)
[14.344s][info][gc,heap        ] GC(31) ParOldGen: 42873K(1398272K)->43073K(1398272K)
[14.344s][info][gc,metaspace   ] GC(31) Metaspace: 73021K(73472K)->73021K(73472K) NonClass: 57740K(57984K)->57740K(57984K) Class: 15280K(15488K)->15280K(15488K)
[14.344s][info][gc             ] GC(31) Pause Young (Allocation Failure) 475M->43M(1790M) 1.306ms
[14.344s][info][gc,cpu         ] GC(31) User=0.00s Sys=0.00s Real=0.00s
[14.446s][info][gc,start       ] GC(32) Pause Young (Allocation Failure)
[14.448s][info][gc,heap        ] GC(32) PSYoungGen: 434528K(434688K)->2016K(424960K) Eden: 432640K(432640K)->0K(422912K) From: 1888K(2048K)->2016K(2048K)
[14.448s][info][gc,heap        ] GC(32) ParOldGen: 43073K(1398272K)->43193K(1398272K)
[14.448s][info][gc,metaspace   ] GC(32) Metaspace: 73024K(73472K)->73024K(73472K) NonClass: 57744K(57984K)->57744K(57984K) Class: 15280K(15488K)->15280K(15488K)
[14.448s][info][gc             ] GC(32) Pause Young (Allocation Failure) 466M->44M(1780M) 2.255ms
[14.448s][info][gc,cpu         ] GC(32) User=0.00s Sys=0.00s Real=0.00s
[14.548s][info][gc,start       ] GC(33) Pause Young (Allocation Failure)
[14.549s][info][gc,heap        ] GC(33) PSYoungGen: 424928K(424960K)->2016K(415744K) Eden: 422912K(422912K)->0K(413696K) From: 2016K(2048K)->2016K(2048K)
[14.549s][info][gc,heap        ] GC(33) ParOldGen: 43193K(1398272K)->43449K(1398272K)
[14.549s][info][gc,metaspace   ] GC(33) Metaspace: 73024K(73472K)->73024K(73472K) NonClass: 57744K(57984K)->57744K(57984K) Class: 15280K(15488K)->15280K(15488K)
[14.549s][info][gc             ] GC(33) Pause Young (Allocation Failure) 457M->44M(1771M) 1.359ms
[14.549s][info][gc,cpu         ] GC(33) User=0.00s Sys=0.00s Real=0.00s
[14.665s][info][gc,start       ] GC(34) Pause Young (Allocation Failure)
[14.667s][info][gc,heap        ] GC(34) PSYoungGen: 415712K(415744K)->1888K(407040K) Eden: 413696K(413696K)->0K(404992K) From: 2016K(2048K)->1888K(2048K)
[14.667s][info][gc,heap        ] GC(34) ParOldGen: 43449K(1398272K)->43617K(1398272K)
[14.667s][info][gc,metaspace   ] GC(34) Metaspace: 73025K(73472K)->73025K(73472K) NonClass: 57745K(57984K)->57745K(57984K) Class: 15280K(15488K)->15280K(15488K)
[14.667s][info][gc             ] GC(34) Pause Young (Allocation Failure) 448M->44M(1763M) 2.181ms
[14.667s][info][gc,cpu         ] GC(34) User=0.00s Sys=0.00s Real=0.00s
[14.763s][info][gc,start       ] GC(35) Pause Young (Allocation Failure)
[14.764s][info][gc,heap        ] GC(35) PSYoungGen: 406880K(407040K)->1952K(398336K) Eden: 404992K(404992K)->0K(396288K) From: 1888K(2048K)->1952K(2048K)
[14.764s][info][gc,heap        ] GC(35) ParOldGen: 43617K(1398272K)->43769K(1398272K)
[14.764s][info][gc,metaspace   ] GC(35) Metaspace: 73025K(73472K)->73025K(73472K) NonClass: 57745K(57984K)->57745K(57984K) Class: 15280K(15488K)->15280K(15488K)
[14.764s][info][gc             ] GC(35) Pause Young (Allocation Failure) 439M->44M(1754M) 1.289ms
[14.764s][info][gc,cpu         ] GC(35) User=0.00s Sys=0.00s Real=0.00s
[14.857s][info][gc,start       ] GC(36) Pause Young (Allocation Failure)
[14.859s][info][gc,heap        ] GC(36) PSYoungGen: 398240K(398336K)->1888K(390144K) Eden: 396288K(396288K)->0K(388096K) From: 1952K(2048K)->1888K(2048K)
[14.859s][info][gc,heap        ] GC(36) ParOldGen: 43769K(1398272K)->43873K(1398272K)
[14.859s][info][gc,metaspace   ] GC(36) Metaspace: 73025K(73472K)->73025K(73472K) NonClass: 57745K(57984K)->57745K(57984K) Class: 15280K(15488K)->15280K(15488K)
[14.859s][info][gc             ] GC(36) Pause Young (Allocation Failure) 431M->44M(1746M) 1.987ms
[14.859s][info][gc,cpu         ] GC(36) User=0.00s Sys=0.00s Real=0.00s
[14.951s][info][gc,start       ] GC(37) Pause Young (Allocation Failure)
[14.952s][info][gc,heap        ] GC(37) PSYoungGen: 389984K(390144K)->1984K(381952K) Eden: 388096K(388096K)->0K(379904K) From: 1888K(2048K)->1984K(2048K)
[14.952s][info][gc,heap        ] GC(37) ParOldGen: 43873K(1398272K)->43985K(1398272K)
[14.952s][info][gc,metaspace   ] GC(37) Metaspace: 73025K(73472K)->73025K(73472K) NonClass: 57745K(57984K)->57745K(57984K) Class: 15280K(15488K)->15280K(15488K)
[14.952s][info][gc             ] GC(37) Pause Young (Allocation Failure) 423M->44M(1738M) 1.276ms
[14.952s][info][gc,cpu         ] GC(37) User=0.00s Sys=0.00s Real=0.00s
[15.050s][info][gc,start       ] GC(38) Pause Young (Allocation Failure)
[15.052s][info][gc,heap        ] GC(38) PSYoungGen: 381888K(381952K)->2016K(374272K) Eden: 379904K(379904K)->0K(372224K) From: 1984K(2048K)->2016K(2048K)
[15.052s][info][gc,heap        ] GC(38) ParOldGen: 43985K(1398272K)->44153K(1398272K)
[15.052s][info][gc,metaspace   ] GC(38) Metaspace: 73183K(73664K)->73183K(73664K) NonClass: 57866K(58112K)->57866K(58112K) Class: 15317K(15552K)->15317K(15552K)
[15.052s][info][gc             ] GC(38) Pause Young (Allocation Failure) 415M->45M(1731M) 1.892ms
[15.052s][info][gc,cpu         ] GC(38) User=0.00s Sys=0.00s Real=0.00s
[15.144s][info][gc,start       ] GC(39) Pause Young (Allocation Failure)
[15.145s][info][gc,heap        ] GC(39) PSYoungGen: 374240K(374272K)->1888K(366592K) Eden: 372224K(372224K)->0K(364544K) From: 2016K(2048K)->1888K(2048K)
[15.145s][info][gc,heap        ] GC(39) ParOldGen: 44153K(1398272K)->44425K(1398272K)
[15.145s][info][gc,metaspace   ] GC(39) Metaspace: 73195K(73664K)->73195K(73664K) NonClass: 57878K(58112K)->57878K(58112K) Class: 15317K(15552K)->15317K(15552K)
[15.145s][info][gc             ] GC(39) Pause Young (Allocation Failure) 408M->45M(1723M) 1.364ms
[15.145s][info][gc,cpu         ] GC(39) User=0.00s Sys=0.00s Real=0.00s
[15.244s][info][gc,start       ] GC(40) Pause Young (Allocation Failure)
[15.246s][info][gc,heap        ] GC(40) PSYoungGen: 366432K(366592K)->1920K(359424K) Eden: 364544K(364544K)->0K(357376K) From: 1888K(2048K)->1920K(2048K)
[15.246s][info][gc,heap        ] GC(40) ParOldGen: 44425K(1398272K)->44633K(1398272K)
[15.246s][info][gc,metaspace   ] GC(40) Metaspace: 73196K(73664K)->73196K(73664K) NonClass: 57879K(58112K)->57879K(58112K) Class: 15317K(15552K)->15317K(15552K)
[15.246s][info][gc             ] GC(40) Pause Young (Allocation Failure) 401M->45M(1716M) 1.911ms
[15.246s][info][gc,cpu         ] GC(40) User=0.00s Sys=0.00s Real=0.00s
[15.345s][info][gc,start       ] GC(41) Pause Young (Allocation Failure)
[15.346s][info][gc,heap        ] GC(41) PSYoungGen: 359296K(359424K)->1792K(449024K) Eden: 357376K(357376K)->0K(446976K) From: 1920K(2048K)->1792K(2048K)
[15.346s][info][gc,heap        ] GC(41) ParOldGen: 44633K(1398272K)->44881K(1398272K)
[15.346s][info][gc,metaspace   ] GC(41) Metaspace: 73197K(73664K)->73197K(73664K) NonClass: 57880K(58112K)->57880K(58112K) Class: 15317K(15552K)->15317K(15552K)
[15.346s][info][gc             ] GC(41) Pause Young (Allocation Failure) 394M->45M(1804M) 1.485ms
[15.346s][info][gc,cpu         ] GC(41) User=0.00s Sys=0.00s Real=0.00s
[15.476s][info][gc,start       ] GC(42) Pause Young (Allocation Failure)
[15.477s][info][gc,heap        ] GC(42) PSYoungGen: 448768K(449024K)->1824K(438784K) Eden: 446976K(446976K)->0K(436736K) From: 1792K(2048K)->1824K(2048K)
[15.477s][info][gc,heap        ] GC(42) ParOldGen: 44881K(1398272K)->45041K(1398272K)
[15.477s][info][gc,metaspace   ] GC(42) Metaspace: 73205K(73664K)->73205K(73664K) NonClass: 57888K(58112K)->57888K(58112K) Class: 15317K(15552K)->15317K(15552K)
[15.477s][info][gc             ] GC(42) Pause Young (Allocation Failure) 482M->45M(1794M) 1.906ms
[15.477s][info][gc,cpu         ] GC(42) User=0.00s Sys=0.00s Real=0.00s
[15.602s][info][gc,start       ] GC(43) Pause Young (Allocation Failure)
[15.603s][info][gc,heap        ] GC(43) PSYoungGen: 438560K(438784K)->1856K(429056K) Eden: 436736K(436736K)->0K(427008K) From: 1824K(2048K)->1856K(2048K)
[15.603s][info][gc,heap        ] GC(43) ParOldGen: 45041K(1398272K)->45313K(1398272K)
[15.603s][info][gc,metaspace   ] GC(43) Metaspace: 73207K(73664K)->73207K(73664K) NonClass: 57890K(58112K)->57890K(58112K) Class: 15317K(15552K)->15317K(15552K)
[15.603s][info][gc             ] GC(43) Pause Young (Allocation Failure) 472M->46M(1784M) 1.468ms
[15.603s][info][gc,cpu         ] GC(43) User=0.00s Sys=0.00s Real=0.00s
[15.722s][info][gc,start       ] GC(44) Pause Young (Allocation Failure)
[15.724s][info][gc,heap        ] GC(44) PSYoungGen: 428864K(429056K)->1760K(419840K) Eden: 427008K(427008K)->0K(417792K) From: 1856K(2048K)->1760K(2048K)
[15.724s][info][gc,heap        ] GC(44) ParOldGen: 45313K(1398272K)->45633K(1398272K)
[15.724s][info][gc,metaspace   ] GC(44) Metaspace: 73209K(73664K)->73209K(73664K) NonClass: 57892K(58112K)->57892K(58112K) Class: 15317K(15552K)->15317K(15552K)
[15.724s][info][gc             ] GC(44) Pause Young (Allocation Failure) 463M->46M(1775M) 1.871ms
[15.724s][info][gc,cpu         ] GC(44) User=0.00s Sys=0.00s Real=0.00s
[15.844s][info][gc,start       ] GC(45) Pause Young (Allocation Failure)
[15.845s][info][gc,heap        ] GC(45) PSYoungGen: 419552K(419840K)->1376K(410112K) Eden: 417792K(417792K)->0K(408576K) From: 1760K(2048K)->1376K(1536K)
[15.845s][info][gc,heap        ] GC(45) ParOldGen: 45633K(1398272K)->45961K(1398272K)
[15.845s][info][gc,metaspace   ] GC(45) Metaspace: 73220K(73664K)->73220K(73664K) NonClass: 57903K(58112K)->57903K(58112K) Class: 15317K(15552K)->15317K(15552K)
[15.845s][info][gc             ] GC(45) Pause Young (Allocation Failure) 454M->46M(1766M) 1.325ms
[15.845s][info][gc,cpu         ] GC(45) User=0.00s Sys=0.00s Real=0.00s
[15.967s][info][gc,start       ] GC(46) Pause Young (Allocation Failure)
[15.969s][info][gc,heap        ] GC(46) PSYoungGen: 409952K(410112K)->1216K(401408K) Eden: 408576K(408576K)->0K(399872K) From: 1376K(1536K)->1216K(1536K)
[15.969s][info][gc,heap        ] GC(46) ParOldGen: 45961K(1398272K)->46265K(1398272K)
[15.969s][info][gc,metaspace   ] GC(46) Metaspace: 73221K(73664K)->73221K(73664K) NonClass: 57904K(58112K)->57904K(58112K) Class: 15317K(15552K)->15317K(15552K)
[15.969s][info][gc             ] GC(46) Pause Young (Allocation Failure) 445M->46M(1757M) 1.587ms
[15.969s][info][gc,cpu         ] GC(46) User=0.00s Sys=0.00s Real=0.00s
[16.097s][info][gc,start       ] GC(47) Pause Young (Allocation Failure)
[16.098s][info][gc,heap        ] GC(47) PSYoungGen: 401088K(401408K)->1248K(393216K) Eden: 399872K(399872K)->0K(391680K) From: 1216K(1536K)->1248K(1536K)
[16.098s][info][gc,heap        ] GC(47) ParOldGen: 46265K(1398272K)->46513K(1398272K)
[16.098s][info][gc,metaspace   ] GC(47) Metaspace: 73224K(73664K)->73224K(73664K) NonClass: 57907K(58112K)->57907K(58112K) Class: 15317K(15552K)->15317K(15552K)
[16.098s][info][gc             ] GC(47) Pause Young (Allocation Failure) 436M->46M(1749M) 1.112ms
[16.099s][info][gc,cpu         ] GC(47) User=0.00s Sys=0.00s Real=0.00s
[16.240s][info][gc,start       ] GC(48) Pause Young (Allocation Failure)
[16.241s][info][gc,heap        ] GC(48) PSYoungGen: 392928K(393216K)->1152K(385024K) Eden: 391680K(391680K)->0K(383488K) From: 1248K(1536K)->1152K(1536K)
[16.241s][info][gc,heap        ] GC(48) ParOldGen: 46513K(1398272K)->46825K(1398272K)
[16.241s][info][gc,metaspace   ] GC(48) Metaspace: 73245K(73728K)->73245K(73728K) NonClass: 57928K(58176K)->57928K(58176K) Class: 15317K(15552K)->15317K(15552K)
[16.241s][info][gc             ] GC(48) Pause Young (Allocation Failure) 429M->46M(1741M) 1.681ms
[16.242s][info][gc,cpu         ] GC(48) User=0.00s Sys=0.02s Real=0.00s
[16.390s][info][gc,start       ] GC(49) Pause Young (Allocation Failure)
[16.391s][info][gc,heap        ] GC(49) PSYoungGen: 384640K(385024K)->1152K(377344K) Eden: 383488K(383488K)->0K(375808K) From: 1152K(1536K)->1152K(1536K)
[16.391s][info][gc,heap        ] GC(49) ParOldGen: 46825K(1398272K)->47097K(1398272K)
[16.391s][info][gc,metaspace   ] GC(49) Metaspace: 73249K(73728K)->73249K(73728K) NonClass: 57932K(58176K)->57932K(58176K) Class: 15317K(15552K)->15317K(15552K)
[16.391s][info][gc             ] GC(49) Pause Young (Allocation Failure) 421M->47M(1734M) 1.117ms
[16.391s][info][gc,cpu         ] GC(49) User=0.00s Sys=0.00s Real=0.00s
[16.546s][info][gc,start       ] GC(50) Pause Young (Allocation Failure)
[16.548s][info][gc,heap        ] GC(50) PSYoungGen: 376960K(377344K)->1056K(369664K) Eden: 375808K(375808K)->0K(368128K) From: 1152K(1536K)->1056K(1536K)
[16.548s][info][gc,heap        ] GC(50) ParOldGen: 47097K(1398272K)->47361K(1398272K)
[16.548s][info][gc,metaspace   ] GC(50) Metaspace: 73255K(73728K)->73255K(73728K) NonClass: 57938K(58176K)->57938K(58176K) Class: 15317K(15552K)->15317K(15552K)
[16.548s][info][gc             ] GC(50) Pause Young (Allocation Failure) 414M->47M(1726M) 1.340ms
[16.548s][info][gc,cpu         ] GC(50) User=0.00s Sys=0.00s Real=0.00s
[16.719s][info][gc,start       ] GC(51) Pause Young (Allocation Failure)
[16.720s][info][gc,heap        ] GC(51) PSYoungGen: 369184K(369664K)->1088K(362496K) Eden: 368128K(368128K)->0K(360960K) From: 1056K(1536K)->1088K(1536K)
[16.720s][info][gc,heap        ] GC(51) ParOldGen: 47361K(1398272K)->47641K(1398272K)
[16.720s][info][gc,metaspace   ] GC(51) Metaspace: 73266K(73728K)->73266K(73728K) NonClass: 57949K(58176K)->57949K(58176K) Class: 15317K(15552K)->15317K(15552K)
[16.720s][info][gc             ] GC(51) Pause Young (Allocation Failure) 406M->47M(1719M) 1.109ms
[16.720s][info][gc,cpu         ] GC(51) User=0.00s Sys=0.00s Real=0.00s
[16.918s][info][gc,start       ] GC(52) Pause Young (Allocation Failure)
[16.919s][info][gc,heap        ] GC(52) PSYoungGen: 362048K(362496K)->1056K(355328K) Eden: 360960K(360960K)->0K(353792K) From: 1088K(1536K)->1056K(1536K)
[16.919s][info][gc,heap        ] GC(52) ParOldGen: 47641K(1398272K)->47921K(1398272K)
[16.919s][info][gc,metaspace   ] GC(52) Metaspace: 73273K(73792K)->73273K(73792K) NonClass: 57955K(58240K)->57955K(58240K) Class: 15317K(15552K)->15317K(15552K)
[16.919s][info][gc             ] GC(52) Pause Young (Allocation Failure) 400M->47M(1712M) 1.349ms
[16.919s][info][gc,cpu         ] GC(52) User=0.00s Sys=0.00s Real=0.00s
[17.135s][info][gc,start       ] GC(53) Pause Young (Allocation Failure)
[17.136s][info][gc,heap        ] GC(53) PSYoungGen: 354848K(355328K)->1056K(348672K) Eden: 353792K(353792K)->0K(347136K) From: 1056K(1536K)->1056K(1536K)
[17.136s][info][gc,heap        ] GC(53) ParOldGen: 47921K(1398272K)->48153K(1398272K)
[17.136s][info][gc,metaspace   ] GC(53) Metaspace: 73273K(73792K)->73273K(73792K) NonClass: 57955K(58240K)->57955K(58240K) Class: 15317K(15552K)->15317K(15552K)
[17.136s][info][gc             ] GC(53) Pause Young (Allocation Failure) 393M->48M(1706M) 0.903ms
[17.136s][info][gc,cpu         ] GC(53) User=0.00s Sys=0.00s Real=0.00s
[17.347s][info][gc,start       ] GC(54) Pause Young (Allocation Failure)
[17.348s][info][gc,heap        ] GC(54) PSYoungGen: 348192K(348672K)->1056K(342016K) Eden: 347136K(347136K)->0K(340480K) From: 1056K(1536K)->1056K(1536K)
[17.348s][info][gc,heap        ] GC(54) ParOldGen: 48153K(1398272K)->48169K(1398272K)
[17.348s][info][gc,metaspace   ] GC(54) Metaspace: 73274K(73792K)->73274K(73792K) NonClass: 57957K(58240K)->57957K(58240K) Class: 15317K(15552K)->15317K(15552K)
[17.348s][info][gc             ] GC(54) Pause Young (Allocation Failure) 387M->48M(1699M) 1.097ms
[17.348s][info][gc,cpu         ] GC(54) User=0.00s Sys=0.00s Real=0.00s
[17.555s][info][gc,start       ] GC(55) Pause Young (Allocation Failure)
[17.556s][info][gc,heap        ] GC(55) PSYoungGen: 341536K(342016K)->1056K(335360K) Eden: 340480K(340480K)->0K(333824K) From: 1056K(1536K)->1056K(1536K)
[17.556s][info][gc,heap        ] GC(55) ParOldGen: 48169K(1398272K)->48185K(1398272K)
[17.556s][info][gc,metaspace   ] GC(55) Metaspace: 73274K(73792K)->73274K(73792K) NonClass: 57957K(58240K)->57957K(58240K) Class: 15317K(15552K)->15317K(15552K)
[17.556s][info][gc             ] GC(55) Pause Young (Allocation Failure) 380M->48M(1693M) 0.915ms
[17.556s][info][gc,cpu         ] GC(55) User=0.00s Sys=0.00s Real=0.00s
[17.759s][info][gc,start       ] GC(56) Pause Young (Allocation Failure)
[17.760s][info][gc,heap        ] GC(56) PSYoungGen: 334880K(335360K)->1056K(329216K) Eden: 333824K(333824K)->0K(327680K) From: 1056K(1536K)->1056K(1536K)
[17.760s][info][gc,heap        ] GC(56) ParOldGen: 48185K(1398272K)->48313K(1398272K)
[17.760s][info][gc,metaspace   ] GC(56) Metaspace: 73274K(73792K)->73274K(73792K) NonClass: 57957K(58240K)->57957K(58240K) Class: 15317K(15552K)->15317K(15552K)
[17.760s][info][gc             ] GC(56) Pause Young (Allocation Failure) 374M->48M(1687M) 1.166ms
[17.760s][info][gc,cpu         ] GC(56) User=0.00s Sys=0.00s Real=0.00s
[17.880s][info][gc,start       ] GC(57) Pause Young (System.gc())
[17.882s][info][gc,heap        ] GC(57) PSYoungGen: 113097K(329216K)->1440K(329216K) Eden: 112041K(327680K)->0K(327680K) From: 1056K(1536K)->1440K(1536K)
[17.882s][info][gc,heap        ] GC(57) ParOldGen: 48313K(1398272K)->48417K(1398272K)
[17.882s][info][gc,metaspace   ] GC(57) Metaspace: 73362K(73856K)->73362K(73856K) NonClass: 58026K(58304K)->58026K(58304K) Class: 15335K(15552K)->15335K(15552K)
[17.882s][info][gc             ] GC(57) Pause Young (System.gc()) 157M->48M(1687M) 2.676ms
[17.882s][info][gc,cpu         ] GC(57) User=0.00s Sys=0.00s Real=0.00s
[17.883s][info][gc,start       ] GC(58) Pause Full (System.gc())
[17.883s][info][gc,phases,start] GC(58) Marking Phase
[17.935s][info][gc,phases      ] GC(58) Marking Phase 52.216ms
[17.935s][info][gc,phases,start] GC(58) Summary Phase
[17.935s][info][gc,phases      ] GC(58) Summary Phase 0.015ms
[17.935s][info][gc,phases,start] GC(58) Adjust Roots
[17.960s][info][gc,phases      ] GC(58) Adjust Roots 25.476ms
[17.960s][info][gc,phases,start] GC(58) Compaction Phase
[17.976s][info][gc,phases      ] GC(58) Compaction Phase 15.511ms
[17.976s][info][gc,phases,start] GC(58) Post Compact
[17.977s][info][gc,phases      ] GC(58) Post Compact 1.211ms
[17.977s][info][gc,heap        ] GC(58) PSYoungGen: 1440K(329216K)->0K(329216K) Eden: 0K(327680K)->0K(327680K) From: 1440K(1536K)->0K(1536K)
[17.977s][info][gc,heap        ] GC(58) ParOldGen: 48417K(1398272K)->36168K(1398272K)
[17.977s][info][gc,metaspace   ] GC(58) Metaspace: 73362K(73856K)->73322K(73856K) NonClass: 58026K(58304K)->57998K(58304K) Class: 15335K(15552K)->15323K(15552K)
[17.977s][info][gc             ] GC(58) Pause Full (System.gc()) 48M->35M(1687M) 94.830ms
[17.977s][info][gc,cpu         ] GC(58) User=1.47s Sys=0.00s Real=0.09s
[18.251s][info][gc,start       ] GC(59) Pause Young (Allocation Failure)
[18.252s][info][gc,heap        ] GC(59) PSYoungGen: 327680K(329216K)->3584K(325120K) Eden: 327680K(327680K)->0K(321536K) From: 0K(1536K)->3584K(3584K)
[18.252s][info][gc,heap        ] GC(59) ParOldGen: 36168K(1398272K)->36400K(1398272K)
[18.252s][info][gc,metaspace   ] GC(59) Metaspace: 73419K(73920K)->73419K(73920K) NonClass: 58088K(58368K)->58088K(58368K) Class: 15331K(15552K)->15331K(15552K)
[18.252s][info][gc             ] GC(59) Pause Young (Allocation Failure) 355M->39M(1683M) 1.934ms
[18.253s][info][gc,cpu         ] GC(59) User=0.00s Sys=0.00s Real=0.00s
[18.388s][info][gc,start       ] GC(60) Pause Young (Allocation Failure)
[18.391s][info][gc,heap        ] GC(60) PSYoungGen: 325120K(325120K)->1792K(317952K) Eden: 321536K(321536K)->0K(315904K) From: 3584K(3584K)->1792K(2048K)
[18.391s][info][gc,heap        ] GC(60) ParOldGen: 36400K(1398272K)->38776K(1398272K)
[18.391s][info][gc,metaspace   ] GC(60) Metaspace: 73420K(73920K)->73420K(73920K) NonClass: 58088K(58368K)->58088K(58368K) Class: 15331K(15552K)->15331K(15552K)
[18.391s][info][gc             ] GC(60) Pause Young (Allocation Failure) 353M->39M(1676M) 2.789ms
[18.391s][info][gc,cpu         ] GC(60) User=0.00s Sys=0.00s Real=0.00s
[18.514s][info][gc,start       ] GC(61) Pause Young (Allocation Failure)
[18.516s][info][gc,heap        ] GC(61) PSYoungGen: 317696K(317952K)->1760K(312320K) Eden: 315904K(315904K)->0K(310272K) From: 1792K(2048K)->1760K(2048K)
[18.516s][info][gc,heap        ] GC(61) ParOldGen: 38776K(1398272K)->39040K(1398272K)
[18.516s][info][gc,metaspace   ] GC(61) Metaspace: 73420K(73920K)->73420K(73920K) NonClass: 58088K(58368K)->58088K(58368K) Class: 15331K(15552K)->15331K(15552K)
[18.516s][info][gc             ] GC(61) Pause Young (Allocation Failure) 348M->39M(1670M) 1.535ms
[18.516s][info][gc,cpu         ] GC(61) User=0.00s Sys=0.00s Real=0.00s
[18.633s][info][gc,start       ] GC(62) Pause Young (Allocation Failure)
[18.634s][info][gc,heap        ] GC(62) PSYoungGen: 312032K(312320K)->1696K(306688K) Eden: 310272K(310272K)->0K(304640K) From: 1760K(2048K)->1696K(2048K)
[18.634s][info][gc,heap        ] GC(62) ParOldGen: 39040K(1398272K)->39296K(1398272K)
[18.634s][info][gc,metaspace   ] GC(62) Metaspace: 73420K(73920K)->73420K(73920K) NonClass: 58088K(58368K)->58088K(58368K) Class: 15331K(15552K)->15331K(15552K)
[18.634s][info][gc             ] GC(62) Pause Young (Allocation Failure) 342M->40M(1665M) 1.413ms
[18.634s][info][gc,cpu         ] GC(62) User=0.00s Sys=0.00s Real=0.00s
[18.741s][info][gc,start       ] GC(63) Pause Young (Allocation Failure)
[18.742s][info][gc,heap        ] GC(63) PSYoungGen: 306336K(306688K)->1760K(301568K) Eden: 304640K(304640K)->0K(299520K) From: 1696K(2048K)->1760K(2048K)
[18.742s][info][gc,heap        ] GC(63) ParOldGen: 39296K(1398272K)->39496K(1398272K)
[18.742s][info][gc,metaspace   ] GC(63) Metaspace: 73420K(73920K)->73420K(73920K) NonClass: 58088K(58368K)->58088K(58368K) Class: 15331K(15552K)->15331K(15552K)
[18.742s][info][gc             ] GC(63) Pause Young (Allocation Failure) 337M->40M(1660M) 1.415ms
[18.742s][info][gc,cpu         ] GC(63) User=0.00s Sys=0.00s Real=0.00s
[18.840s][info][gc,start       ] GC(64) Pause Young (Allocation Failure)
[18.841s][info][gc,heap        ] GC(64) PSYoungGen: 301280K(301568K)->1792K(296448K) Eden: 299520K(299520K)->0K(294400K) From: 1760K(2048K)->1792K(2048K)
[18.841s][info][gc,heap        ] GC(64) ParOldGen: 39496K(1398272K)->39664K(1398272K)
[18.841s][info][gc,metaspace   ] GC(64) Metaspace: 73420K(73920K)->73420K(73920K) NonClass: 58088K(58368K)->58088K(58368K) Class: 15331K(15552K)->15331K(15552K)
[18.841s][info][gc             ] GC(64) Pause Young (Allocation Failure) 332M->40M(1655M) 1.407ms
[18.841s][info][gc,cpu         ] GC(64) User=0.00s Sys=0.00s Real=0.00s
[18.938s][info][gc,start       ] GC(65) Pause Young (Allocation Failure)
[18.940s][info][gc,heap        ] GC(65) PSYoungGen: 296192K(296448K)->1728K(291328K) Eden: 294400K(294400K)->0K(289280K) From: 1792K(2048K)->1728K(2048K)
[18.940s][info][gc,heap        ] GC(65) ParOldGen: 39664K(1398272K)->39904K(1398272K)
[18.940s][info][gc,metaspace   ] GC(65) Metaspace: 73420K(73920K)->73420K(73920K) NonClass: 58088K(58368K)->58088K(58368K) Class: 15331K(15552K)->15331K(15552K)
[18.940s][info][gc             ] GC(65) Pause Young (Allocation Failure) 327M->40M(1650M) 1.467ms
[18.940s][info][gc,cpu         ] GC(65) User=0.00s Sys=0.00s Real=0.00s
[19.038s][info][gc,start       ] GC(66) Pause Young (Allocation Failure)
[19.040s][info][gc,heap        ] GC(66) PSYoungGen: 291008K(291328K)->1632K(286208K) Eden: 289280K(289280K)->0K(284160K) From: 1728K(2048K)->1632K(2048K)
[19.040s][info][gc,heap        ] GC(66) ParOldGen: 39904K(1398272K)->40200K(1398272K)
[19.040s][info][gc,metaspace   ] GC(66) Metaspace: 73429K(73920K)->73429K(73920K) NonClass: 58096K(58368K)->58096K(58368K) Class: 15332K(15552K)->15332K(15552K)
[19.040s][info][gc             ] GC(66) Pause Young (Allocation Failure) 323M->40M(1645M) 1.489ms
[19.040s][info][gc,cpu         ] GC(66) User=0.00s Sys=0.00s Real=0.00s
[19.132s][info][gc,start       ] GC(67) Pause Young (Allocation Failure)
[19.134s][info][gc,heap        ] GC(67) PSYoungGen: 285792K(286208K)->1696K(281600K) Eden: 284160K(284160K)->0K(279552K) From: 1632K(2048K)->1696K(2048K)
[19.134s][info][gc,heap        ] GC(67) ParOldGen: 40200K(1398272K)->40368K(1398272K)
[19.134s][info][gc,metaspace   ] GC(67) Metaspace: 73431K(73920K)->73431K(73920K) NonClass: 58099K(58368K)->58099K(58368K) Class: 15332K(15552K)->15332K(15552K)
[19.134s][info][gc             ] GC(67) Pause Young (Allocation Failure) 318M->41M(1640M) 1.360ms
[19.134s][info][gc,cpu         ] GC(67) User=0.00s Sys=0.00s Real=0.00s
[19.220s][info][gc,start       ] GC(68) Pause Young (Allocation Failure)
[19.222s][info][gc,heap        ] GC(68) PSYoungGen: 281248K(281600K)->1664K(337920K) Eden: 279552K(279552K)->0K(335872K) From: 1696K(2048K)->1664K(2048K)
[19.222s][info][gc,heap        ] GC(68) ParOldGen: 40368K(1398272K)->40528K(1398272K)
[19.222s][info][gc,metaspace   ] GC(68) Metaspace: 73431K(73920K)->73431K(73920K) NonClass: 58099K(58368K)->58099K(58368K) Class: 15332K(15552K)->15332K(15552K)
[19.222s][info][gc             ] GC(68) Pause Young (Allocation Failure) 314M->41M(1695M) 1.476ms
[19.222s][info][gc,cpu         ] GC(68) User=0.00s Sys=0.00s Real=0.00s
[19.324s][info][gc,start       ] GC(69) Pause Young (Allocation Failure)
[19.325s][info][gc,heap        ] GC(69) PSYoungGen: 337536K(337920K)->1760K(331776K) Eden: 335872K(335872K)->0K(329728K) From: 1664K(2048K)->1760K(2048K)
[19.325s][info][gc,heap        ] GC(69) ParOldGen: 40528K(1398272K)->40696K(1398272K)
[19.325s][info][gc,metaspace   ] GC(69) Metaspace: 73431K(73920K)->73431K(73920K) NonClass: 58099K(58368K)->58099K(58368K) Class: 15332K(15552K)->15332K(15552K)
[19.325s][info][gc             ] GC(69) Pause Young (Allocation Failure) 369M->41M(1689M) 1.275ms
[19.325s][info][gc,cpu         ] GC(69) User=0.00s Sys=0.00s Real=0.00s
[19.425s][info][gc,start       ] GC(70) Pause Young (Allocation Failure)
[19.427s][info][gc,heap        ] GC(70) PSYoungGen: 331488K(331776K)->1856K(397824K) Eden: 329728K(329728K)->0K(395776K) From: 1760K(2048K)->1856K(2048K)
[19.427s][info][gc,heap        ] GC(70) ParOldGen: 40696K(1398272K)->40920K(1398272K)
[19.427s][info][gc,metaspace   ] GC(70) Metaspace: 73431K(73920K)->73431K(73920K) NonClass: 58099K(58368K)->58099K(58368K) Class: 15332K(15552K)->15332K(15552K)
[19.427s][info][gc             ] GC(70) Pause Young (Allocation Failure) 363M->41M(1754M) 1.546ms
[19.427s][info][gc,cpu         ] GC(70) User=0.00s Sys=0.00s Real=0.00s
[19.532s][info][gc,start       ] GC(71) Pause Young (Allocation Failure)
[19.534s][info][gc,heap        ] GC(71) PSYoungGen: 397632K(397824K)->1920K(389632K) Eden: 395776K(395776K)->0K(387584K) From: 1856K(2048K)->1920K(2048K)
[19.534s][info][gc,heap        ] GC(71) ParOldGen: 40920K(1398272K)->41184K(1398272K)
[19.534s][info][gc,metaspace   ] GC(71) Metaspace: 73431K(73920K)->73431K(73920K) NonClass: 58099K(58368K)->58099K(58368K) Class: 15332K(15552K)->15332K(15552K)
[19.534s][info][gc             ] GC(71) Pause Young (Allocation Failure) 428M->42M(1746M) 1.264ms
[19.534s][info][gc,cpu         ] GC(71) User=0.00s Sys=0.00s Real=0.00s
[19.630s][info][gc,start       ] GC(72) Pause Young (Allocation Failure)
[19.631s][info][gc,heap        ] GC(72) PSYoungGen: 389504K(389632K)->1920K(381440K) Eden: 387584K(387584K)->0K(379392K) From: 1920K(2048K)->1920K(2048K)
[19.631s][info][gc,heap        ] GC(72) ParOldGen: 41184K(1398272K)->41352K(1398272K)
[19.631s][info][gc,metaspace   ] GC(72) Metaspace: 73431K(73920K)->73431K(73920K) NonClass: 58099K(58368K)->58099K(58368K) Class: 15332K(15552K)->15332K(15552K)
[19.631s][info][gc             ] GC(72) Pause Young (Allocation Failure) 420M->42M(1738M) 1.335ms
[19.631s][info][gc,cpu         ] GC(72) User=0.00s Sys=0.00s Real=0.00s
[19.724s][info][gc,start       ] GC(73) Pause Young (Allocation Failure)
[19.725s][info][gc,heap        ] GC(73) PSYoungGen: 381312K(381440K)->1920K(373760K) Eden: 379392K(379392K)->0K(371712K) From: 1920K(2048K)->1920K(2048K)
[19.725s][info][gc,heap        ] GC(73) ParOldGen: 41352K(1398272K)->41480K(1398272K)
[19.725s][info][gc,metaspace   ] GC(73) Metaspace: 73431K(73920K)->73431K(73920K) NonClass: 58099K(58368K)->58099K(58368K) Class: 15332K(15552K)->15332K(15552K)
[19.725s][info][gc             ] GC(73) Pause Young (Allocation Failure) 412M->42M(1730M) 1.251ms
[19.725s][info][gc,cpu         ] GC(73) User=0.52s Sys=0.00s Real=0.00s
[19.815s][info][gc,start       ] GC(74) Pause Young (Allocation Failure)
[19.817s][info][gc,heap        ] GC(74) PSYoungGen: 373632K(373760K)->1888K(366080K) Eden: 371712K(371712K)->0K(364032K) From: 1920K(2048K)->1888K(2048K)
[19.817s][info][gc,heap        ] GC(74) ParOldGen: 41480K(1398272K)->41544K(1398272K)
[19.817s][info][gc,metaspace   ] GC(74) Metaspace: 73431K(73920K)->73431K(73920K) NonClass: 58099K(58368K)->58099K(58368K) Class: 15332K(15552K)->15332K(15552K)
[19.817s][info][gc             ] GC(74) Pause Young (Allocation Failure) 405M->42M(1723M) 1.322ms
[19.817s][info][gc,cpu         ] GC(74) User=0.00s Sys=0.00s Real=0.00s
[19.904s][info][gc,start       ] GC(75) Pause Young (Allocation Failure)
[19.906s][info][gc,heap        ] GC(75) PSYoungGen: 365920K(366080K)->1536K(431104K) Eden: 364032K(364032K)->0K(429568K) From: 1888K(2048K)->1536K(1536K)
[19.906s][info][gc,heap        ] GC(75) ParOldGen: 41544K(1398272K)->41688K(1398272K)
[19.906s][info][gc,metaspace   ] GC(75) Metaspace: 73431K(73920K)->73431K(73920K) NonClass: 58099K(58368K)->58099K(58368K) Class: 15332K(15552K)->15332K(15552K)
[19.906s][info][gc             ] GC(75) Pause Young (Allocation Failure) 397M->42M(1786M) 1.132ms
[19.906s][info][gc,cpu         ] GC(75) User=0.00s Sys=0.00s Real=0.00s
[20.009s][info][gc,start       ] GC(76) Pause Young (Allocation Failure)
[20.010s][info][gc,heap        ] GC(76) PSYoungGen: 431104K(431104K)->1920K(422400K) Eden: 429568K(429568K)->0K(420352K) From: 1536K(1536K)->1920K(2048K)
[20.010s][info][gc,heap        ] GC(76) ParOldGen: 41688K(1398272K)->41792K(1398272K)
[20.010s][info][gc,metaspace   ] GC(76) Metaspace: 73431K(73920K)->73431K(73920K) NonClass: 58099K(58368K)->58099K(58368K) Class: 15332K(15552K)->15332K(15552K)
[20.010s][info][gc             ] GC(76) Pause Young (Allocation Failure) 461M->42M(1778M) 1.258ms
[20.010s][info][gc,cpu         ] GC(76) User=0.00s Sys=0.00s Real=0.00s
[20.111s][info][gc,start       ] GC(77) Pause Young (Allocation Failure)
[20.113s][info][gc,heap        ] GC(77) PSYoungGen: 422272K(422400K)->1024K(412160K) Eden: 420352K(420352K)->0K(411136K) From: 1920K(2048K)->1024K(1024K)
[20.113s][info][gc,heap        ] GC(77) ParOldGen: 41792K(1398272K)->42312K(1398272K)
[20.113s][info][gc,metaspace   ] GC(77) Metaspace: 73431K(73920K)->73431K(73920K) NonClass: 58099K(58368K)->58099K(58368K) Class: 15332K(15552K)->15332K(15552K)
[20.113s][info][gc             ] GC(77) Pause Young (Allocation Failure) 453M->42M(1768M) 1.186ms
[20.113s][info][gc,cpu         ] GC(77) User=0.00s Sys=0.00s Real=0.00s
[20.212s][info][gc,start       ] GC(78) Pause Young (Allocation Failure)
[20.213s][info][gc,heap        ] GC(78) PSYoungGen: 412159K(412160K)->1856K(404480K) Eden: 411135K(411136K)->0K(402432K) From: 1024K(1024K)->1856K(2048K)
[20.213s][info][gc,heap        ] GC(78) ParOldGen: 42312K(1398272K)->42568K(1398272K)
[20.213s][info][gc,metaspace   ] GC(78) Metaspace: 73431K(73920K)->73431K(73920K) NonClass: 58099K(58368K)->58099K(58368K) Class: 15332K(15552K)->15332K(15552K)
[20.213s][info][gc             ] GC(78) Pause Young (Allocation Failure) 443M->43M(1760M) 1.268ms
[20.213s][info][gc,cpu         ] GC(78) User=0.00s Sys=0.00s Real=0.00s
[20.310s][info][gc,start       ] GC(79) Pause Young (Allocation Failure)
[20.311s][info][gc,heap        ] GC(79) PSYoungGen: 404288K(404480K)->1920K(395776K) Eden: 402432K(402432K)->0K(393728K) From: 1856K(2048K)->1920K(2048K)
[20.311s][info][gc,heap        ] GC(79) ParOldGen: 42568K(1398272K)->42664K(1398272K)
[20.311s][info][gc,metaspace   ] GC(79) Metaspace: 73431K(73920K)->73431K(73920K) NonClass: 58099K(58368K)->58099K(58368K) Class: 15332K(15552K)->15332K(15552K)
[20.312s][info][gc             ] GC(79) Pause Young (Allocation Failure) 436M->43M(1752M) 1.118ms
[20.312s][info][gc,cpu         ] GC(79) User=0.00s Sys=0.00s Real=0.00s
[20.409s][info][gc,start       ] GC(80) Pause Young (Allocation Failure)
[20.410s][info][gc,heap        ] GC(80) PSYoungGen: 395648K(395776K)->1920K(387584K) Eden: 393728K(393728K)->0K(385536K) From: 1920K(2048K)->1920K(2048K)
[20.410s][info][gc,heap        ] GC(80) ParOldGen: 42664K(1398272K)->42760K(1398272K)
[20.410s][info][gc,metaspace   ] GC(80) Metaspace: 73431K(73920K)->73431K(73920K) NonClass: 58099K(58368K)->58099K(58368K) Class: 15332K(15552K)->15332K(15552K)
[20.410s][info][gc             ] GC(80) Pause Young (Allocation Failure) 428M->43M(1744M) 1.795ms
[20.410s][info][gc,cpu         ] GC(80) User=0.00s Sys=0.00s Real=0.00s
[20.508s][info][gc,start       ] GC(81) Pause Young (Allocation Failure)
[20.509s][info][gc,heap        ] GC(81) PSYoungGen: 387456K(387584K)->1536K(379392K) Eden: 385536K(385536K)->0K(377856K) From: 1920K(2048K)->1536K(1536K)
[20.509s][info][gc,heap        ] GC(81) ParOldGen: 42760K(1398272K)->43072K(1398272K)
[20.509s][info][gc,metaspace   ] GC(81) Metaspace: 73431K(73920K)->73431K(73920K) NonClass: 58099K(58368K)->58099K(58368K) Class: 15332K(15552K)->15332K(15552K)
[20.509s][info][gc             ] GC(81) Pause Young (Allocation Failure) 420M->43M(1736M) 1.159ms
[20.509s][info][gc,cpu         ] GC(81) User=0.00s Sys=0.00s Real=0.00s
[20.602s][info][gc,start       ] GC(82) Pause Young (Allocation Failure)
[20.603s][info][gc,heap        ] GC(82) PSYoungGen: 379392K(379392K)->1856K(372224K) Eden: 377856K(377856K)->0K(370176K) From: 1536K(1536K)->1856K(2048K)
[20.603s][info][gc,heap        ] GC(82) ParOldGen: 43072K(1398272K)->43176K(1398272K)
[20.603s][info][gc,metaspace   ] GC(82) Metaspace: 73431K(73920K)->73431K(73920K) NonClass: 58099K(58368K)->58099K(58368K) Class: 15332K(15552K)->15332K(15552K)
[20.603s][info][gc             ] GC(82) Pause Young (Allocation Failure) 412M->43M(1729M) 1.376ms
[20.603s][info][gc,cpu         ] GC(82) User=0.00s Sys=0.00s Real=0.00s
[20.694s][info][gc,start       ] GC(83) Pause Young (Allocation Failure)
[20.695s][info][gc,heap        ] GC(83) PSYoungGen: 372032K(372224K)->1920K(365056K) Eden: 370176K(370176K)->0K(363008K) From: 1856K(2048K)->1920K(2048K)
[20.695s][info][gc,heap        ] GC(83) ParOldGen: 43176K(1398272K)->43312K(1398272K)
[20.695s][info][gc,metaspace   ] GC(83) Metaspace: 73437K(73920K)->73437K(73920K) NonClass: 58104K(58368K)->58104K(58368K) Class: 15332K(15552K)->15332K(15552K)
[20.695s][info][gc             ] GC(83) Pause Young (Allocation Failure) 405M->44M(1722M) 1.103ms
[20.695s][info][gc,cpu         ] GC(83) User=0.00s Sys=0.00s Real=0.00s
[20.782s][info][gc,start       ] GC(84) Pause Young (Allocation Failure)
[20.783s][info][gc,heap        ] GC(84) PSYoungGen: 364928K(365056K)->1888K(426496K) Eden: 363008K(363008K)->0K(423936K) From: 1920K(2048K)->1888K(2560K)
[20.783s][info][gc,heap        ] GC(84) ParOldGen: 43312K(1398272K)->43408K(1398272K)
[20.783s][info][gc,metaspace   ] GC(84) Metaspace: 73437K(73920K)->73437K(73920K) NonClass: 58104K(58368K)->58104K(58368K) Class: 15332K(15552K)->15332K(15552K)
[20.783s][info][gc             ] GC(84) Pause Young (Allocation Failure) 398M->44M(1782M) 1.140ms
[20.783s][info][gc,cpu         ] GC(84) User=0.00s Sys=0.00s Real=0.00s
[20.893s][info][gc,start       ] GC(85) Pause Young (Allocation Failure)
[20.894s][info][gc,heap        ] GC(85) PSYoungGen: 425824K(426496K)->1888K(438272K) Eden: 423936K(423936K)->0K(435712K) From: 1888K(2560K)->1888K(2560K)
[20.894s][info][gc,heap        ] GC(85) ParOldGen: 43408K(1398272K)->43496K(1398272K)
[20.894s][info][gc,metaspace   ] GC(85) Metaspace: 73437K(73920K)->73437K(73920K) NonClass: 58104K(58368K)->58104K(58368K) Class: 15332K(15552K)->15332K(15552K)
[20.895s][info][gc             ] GC(85) Pause Young (Allocation Failure) 458M->44M(1793M) 1.623ms
[20.895s][info][gc,cpu         ] GC(85) User=0.00s Sys=0.00s Real=0.00s
[20.999s][info][gc,start       ] GC(86) Pause Young (Allocation Failure)
[21.000s][info][gc,heap        ] GC(86) PSYoungGen: 437600K(438272K)->1984K(438272K) Eden: 435712K(435712K)->0K(435712K) From: 1888K(2560K)->1984K(2560K)
[21.000s][info][gc,heap        ] GC(86) ParOldGen: 43496K(1398272K)->43576K(1398272K)
[21.001s][info][gc,metaspace   ] GC(86) Metaspace: 73437K(73920K)->73437K(73920K) NonClass: 58105K(58368K)->58105K(58368K) Class: 15332K(15552K)->15332K(15552K)
[21.001s][info][gc             ] GC(86) Pause Young (Allocation Failure) 469M->44M(1793M) 1.510ms
[21.001s][info][gc,cpu         ] GC(86) User=0.00s Sys=0.00s Real=0.00s
[21.105s][info][gc,start       ] GC(87) Pause Young (Allocation Failure)
[21.106s][info][gc,heap        ] GC(87) PSYoungGen: 437696K(438272K)->1888K(525824K) Eden: 435712K(435712K)->0K(523264K) From: 1984K(2560K)->1888K(2560K)
[21.106s][info][gc,heap        ] GC(87) ParOldGen: 43576K(1398272K)->43704K(1398272K)
[21.106s][info][gc,metaspace   ] GC(87) Metaspace: 73437K(73920K)->73437K(73920K) NonClass: 58105K(58368K)->58105K(58368K) Class: 15332K(15552K)->15332K(15552K)
[21.106s][info][gc             ] GC(87) Pause Young (Allocation Failure) 469M->44M(1879M) 1.452ms
[21.106s][info][gc,cpu         ] GC(87) User=0.00s Sys=0.00s Real=0.00s
[21.241s][info][gc,start       ] GC(88) Pause Young (Allocation Failure)
[21.243s][info][gc,heap        ] GC(88) PSYoungGen: 525152K(525824K)->2080K(525824K) Eden: 523264K(523264K)->0K(523264K) From: 1888K(2560K)->2080K(2560K)
[21.243s][info][gc,heap        ] GC(88) ParOldGen: 43704K(1398272K)->43800K(1398272K)
[21.243s][info][gc,metaspace   ] GC(88) Metaspace: 73440K(73920K)->73440K(73920K) NonClass: 58107K(58368K)->58107K(58368K) Class: 15332K(15552K)->15332K(15552K)
[21.243s][info][gc             ] GC(88) Pause Young (Allocation Failure) 555M->44M(1879M) 1.936ms
[21.243s][info][gc,cpu         ] GC(88) User=0.00s Sys=0.00s Real=0.00s
[21.369s][info][gc,start       ] GC(89) Pause Young (Allocation Failure)
[21.370s][info][gc,heap        ] GC(89) PSYoungGen: 525344K(525824K)->1952K(630784K) Eden: 523264K(523264K)->0K(628224K) From: 2080K(2560K)->1952K(2560K)
[21.370s][info][gc,heap        ] GC(89) ParOldGen: 43800K(1398272K)->43928K(1398272K)
[21.370s][info][gc,metaspace   ] GC(89) Metaspace: 73448K(73920K)->73448K(73920K) NonClass: 58116K(58368K)->58116K(58368K) Class: 15332K(15552K)->15332K(15552K)
[21.370s][info][gc             ] GC(89) Pause Young (Allocation Failure) 555M->44M(1981M) 1.386ms
[21.370s][info][gc,cpu         ] GC(89) User=0.00s Sys=0.00s Real=0.00s
[21.532s][info][gc,start       ] GC(90) Pause Young (Allocation Failure)
[21.534s][info][gc,heap        ] GC(90) PSYoungGen: 630176K(630784K)->2080K(613888K) Eden: 628224K(628224K)->0K(611328K) From: 1952K(2560K)->2080K(2560K)
[21.534s][info][gc,heap        ] GC(90) ParOldGen: 43928K(1398272K)->44024K(1398272K)
[21.534s][info][gc,metaspace   ] GC(90) Metaspace: 73448K(73920K)->73448K(73920K) NonClass: 58116K(58368K)->58116K(58368K) Class: 15332K(15552K)->15332K(15552K)
[21.534s][info][gc             ] GC(90) Pause Young (Allocation Failure) 658M->45M(1965M) 1.674ms
[21.534s][info][gc,cpu         ] GC(90) User=0.00s Sys=0.00s Real=0.00s
[21.680s][info][gc,start       ] GC(91) Pause Young (Allocation Failure)
[21.682s][info][gc,heap        ] GC(91) PSYoungGen: 613408K(613888K)->512K(595456K) Eden: 611328K(611328K)->0K(594944K) From: 2080K(2560K)->512K(512K)
[21.682s][info][gc,heap        ] GC(91) ParOldGen: 44024K(1398272K)->45112K(1398272K)
[21.682s][info][gc,metaspace   ] GC(91) Metaspace: 73448K(73920K)->73448K(73920K) NonClass: 58116K(58368K)->58116K(58368K) Class: 15332K(15552K)->15332K(15552K)
[21.682s][info][gc             ] GC(91) Pause Young (Allocation Failure) 642M->44M(1947M) 1.350ms
[21.682s][info][gc,cpu         ] GC(91) User=0.00s Sys=0.00s Real=0.00s
[21.824s][info][gc,start       ] GC(92) Pause Young (Allocation Failure)
[21.825s][info][gc,heap        ] GC(92) PSYoungGen: 595456K(595456K)->2016K(582144K) Eden: 594944K(594944K)->0K(579584K) From: 512K(512K)->2016K(2560K)
[21.825s][info][gc,heap        ] GC(92) ParOldGen: 45112K(1398272K)->45288K(1398272K)
[21.825s][info][gc,metaspace   ] GC(92) Metaspace: 73448K(73920K)->73448K(73920K) NonClass: 58116K(58368K)->58116K(58368K) Class: 15332K(15552K)->15332K(15552K)
[21.825s][info][gc             ] GC(92) Pause Young (Allocation Failure) 625M->46M(1934M) 1.401ms
[21.825s][info][gc,cpu         ] GC(92) User=0.00s Sys=0.00s Real=0.00s
[21.964s][info][gc,start       ] GC(93) Pause Young (Allocation Failure)
[21.965s][info][gc,heap        ] GC(93) PSYoungGen: 581600K(582144K)->1920K(566784K) Eden: 579584K(579584K)->0K(564736K) From: 2016K(2560K)->1920K(2048K)
[21.965s][info][gc,heap        ] GC(93) ParOldGen: 45288K(1398272K)->45504K(1398272K)
[21.965s][info][gc,metaspace   ] GC(93) Metaspace: 73448K(73920K)->73448K(73920K) NonClass: 58116K(58368K)->58116K(58368K) Class: 15332K(15552K)->15332K(15552K)
[21.965s][info][gc             ] GC(93) Pause Young (Allocation Failure) 612M->46M(1919M) 1.287ms
[21.965s][info][gc,cpu         ] GC(93) User=0.00s Sys=0.00s Real=0.00s
[22.100s][info][gc,start       ] GC(94) Pause Young (Allocation Failure)
[22.101s][info][gc,heap        ] GC(94) PSYoungGen: 566656K(566784K)->1856K(552448K) Eden: 564736K(564736K)->0K(550400K) From: 1920K(2048K)->1856K(2048K)
[22.101s][info][gc,heap        ] GC(94) ParOldGen: 45504K(1398272K)->45608K(1398272K)
[22.101s][info][gc,metaspace   ] GC(94) Metaspace: 73448K(73920K)->73448K(73920K) NonClass: 58116K(58368K)->58116K(58368K) Class: 15332K(15552K)->15332K(15552K)
[22.101s][info][gc             ] GC(94) Pause Young (Allocation Failure) 597M->46M(1905M) 1.292ms
[22.101s][info][gc,cpu         ] GC(94) User=0.00s Sys=0.00s Real=0.00s
[22.233s][info][gc,start       ] GC(95) Pause Young (Allocation Failure)
[22.234s][info][gc,heap        ] GC(95) PSYoungGen: 552256K(552448K)->1536K(538112K) Eden: 550400K(550400K)->0K(536576K) From: 1856K(2048K)->1536K(1536K)
[22.234s][info][gc,heap        ] GC(95) ParOldGen: 45608K(1398272K)->45848K(1398272K)
[22.234s][info][gc,metaspace   ] GC(95) Metaspace: 73448K(73920K)->73448K(73920K) NonClass: 58116K(58368K)->58116K(58368K) Class: 15332K(15552K)->15332K(15552K)
[22.234s][info][gc             ] GC(95) Pause Young (Allocation Failure) 583M->46M(1891M) 1.131ms
[22.234s][info][gc,cpu         ] GC(95) User=0.00s Sys=0.00s Real=0.00s
[22.362s][info][gc,start       ] GC(96) Pause Young (Allocation Failure)
[22.363s][info][gc,heap        ] GC(96) PSYoungGen: 538112K(538112K)->2016K(525312K) Eden: 536576K(536576K)->0K(523264K) From: 1536K(1536K)->2016K(2048K)
[22.363s][info][gc,heap        ] GC(96) ParOldGen: 45848K(1398272K)->45984K(1398272K)
[22.363s][info][gc,metaspace   ] GC(96) Metaspace: 73448K(73920K)->73448K(73920K) NonClass: 58116K(58368K)->58116K(58368K) Class: 15332K(15552K)->15332K(15552K)
[22.363s][info][gc             ] GC(96) Pause Young (Allocation Failure) 570M->46M(1878M) 1.366ms
[22.363s][info][gc,cpu         ] GC(96) User=0.00s Sys=0.00s Real=0.00s
[22.489s][info][gc,start       ] GC(97) Pause Young (Allocation Failure)
[22.490s][info][gc,heap        ] GC(97) PSYoungGen: 525280K(525312K)->1984K(512512K) Eden: 523264K(523264K)->0K(510464K) From: 2016K(2048K)->1984K(2048K)
[22.490s][info][gc,heap        ] GC(97) ParOldGen: 45984K(1398272K)->46120K(1398272K)
[22.490s][info][gc,metaspace   ] GC(97) Metaspace: 73448K(73920K)->73448K(73920K) NonClass: 58116K(58368K)->58116K(58368K) Class: 15332K(15552K)->15332K(15552K)
[22.490s][info][gc             ] GC(97) Pause Young (Allocation Failure) 557M->46M(1866M) 1.140ms
[22.490s][info][gc,cpu         ] GC(97) User=0.00s Sys=0.00s Real=0.00s
[22.612s][info][gc,start       ] GC(98) Pause Young (Allocation Failure)
[22.613s][info][gc,heap        ] GC(98) PSYoungGen: 512448K(512512K)->1952K(500224K) Eden: 510464K(510464K)->0K(498176K) From: 1984K(2048K)->1952K(2048K)
[22.613s][info][gc,heap        ] GC(98) ParOldGen: 46120K(1398272K)->46384K(1398272K)
[22.613s][info][gc,metaspace   ] GC(98) Metaspace: 73448K(73920K)->73448K(73920K) NonClass: 58116K(58368K)->58116K(58368K) Class: 15332K(15552K)->15332K(15552K)
[22.613s][info][gc             ] GC(98) Pause Young (Allocation Failure) 545M->47M(1854M) 1.359ms
[22.613s][info][gc,cpu         ] GC(98) User=0.00s Sys=0.00s Real=0.00s
[22.733s][info][gc,start       ] GC(99) Pause Young (Allocation Failure)
[22.734s][info][gc,heap        ] GC(99) PSYoungGen: 500128K(500224K)->1536K(487936K) Eden: 498176K(498176K)->0K(486400K) From: 1952K(2048K)->1536K(1536K)
[22.734s][info][gc,heap        ] GC(99) ParOldGen: 46384K(1398272K)->46632K(1398272K)
[22.734s][info][gc,metaspace   ] GC(99) Metaspace: 73449K(73920K)->73449K(73920K) NonClass: 58117K(58368K)->58117K(58368K) Class: 15332K(15552K)->15332K(15552K)
[22.734s][info][gc             ] GC(99) Pause Young (Allocation Failure) 533M->47M(1842M) 1.151ms
[22.734s][info][gc,cpu         ] GC(99) User=0.00s Sys=0.00s Real=0.00s
[22.851s][info][gc,start       ] GC(100) Pause Young (Allocation Failure)
[22.853s][info][gc,heap        ] GC(100) PSYoungGen: 487936K(487936K)->1952K(477184K) Eden: 486400K(486400K)->0K(475136K) From: 1536K(1536K)->1952K(2048K)
[22.853s][info][gc,heap        ] GC(100) ParOldGen: 46632K(1398272K)->46808K(1398272K)
[22.853s][info][gc,metaspace   ] GC(100) Metaspace: 73460K(73920K)->73460K(73920K) NonClass: 58127K(58368K)->58127K(58368K) Class: 15332K(15552K)->15332K(15552K)
[22.853s][info][gc             ] GC(100) Pause Young (Allocation Failure) 522M->47M(1831M) 1.331ms
[22.853s][info][gc,cpu         ] GC(100) User=0.00s Sys=0.00s Real=0.00s
[22.968s][info][gc,start       ] GC(101) Pause Young (Allocation Failure)
[22.969s][info][gc,heap        ] GC(101) PSYoungGen: 477088K(477184K)->1824K(465920K) Eden: 475136K(475136K)->0K(463872K) From: 1952K(2048K)->1824K(2048K)
[22.969s][info][gc,heap        ] GC(101) ParOldGen: 46808K(1398272K)->47032K(1398272K)
[22.969s][info][gc,metaspace   ] GC(101) Metaspace: 73479K(73920K)->73479K(73920K) NonClass: 58146K(58368K)->58146K(58368K) Class: 15332K(15552K)->15332K(15552K)
[22.969s][info][gc             ] GC(101) Pause Young (Allocation Failure) 511M->47M(1820M) 1.141ms
[22.969s][info][gc,cpu         ] GC(101) User=0.00s Sys=0.00s Real=0.00s
[23.083s][info][gc,start       ] GC(102) Pause Young (Allocation Failure)
[23.084s][info][gc,heap        ] GC(102) PSYoungGen: 465696K(465920K)->1856K(455168K) Eden: 463872K(463872K)->0K(453120K) From: 1824K(2048K)->1856K(2048K)
[23.084s][info][gc,heap        ] GC(102) ParOldGen: 47032K(1398272K)->47280K(1398272K)
[23.084s][info][gc,metaspace   ] GC(102) Metaspace: 73491K(73920K)->73491K(73920K) NonClass: 58159K(58368K)->58159K(58368K) Class: 15332K(15552K)->15332K(15552K)
[23.084s][info][gc             ] GC(102) Pause Young (Allocation Failure) 500M->47M(1810M) 1.362ms
[23.084s][info][gc,cpu         ] GC(102) User=0.02s Sys=0.00s Real=0.00s
[23.199s][info][gc,start       ] GC(103) Pause Young (Allocation Failure)
[23.200s][info][gc,heap        ] GC(103) PSYoungGen: 454976K(455168K)->1536K(444416K) Eden: 453120K(453120K)->0K(442880K) From: 1856K(2048K)->1536K(1536K)
[23.200s][info][gc,heap        ] GC(103) ParOldGen: 47280K(1398272K)->47592K(1398272K)
[23.200s][info][gc,metaspace   ] GC(103) Metaspace: 73494K(73920K)->73494K(73920K) NonClass: 58162K(58368K)->58162K(58368K) Class: 15332K(15552K)->15332K(15552K)
[23.200s][info][gc             ] GC(103) Pause Young (Allocation Failure) 490M->47M(1799M) 1.060ms
[23.200s][info][gc,cpu         ] GC(103) User=0.00s Sys=0.00s Real=0.00s
[23.317s][info][gc,start       ] GC(104) Pause Young (Allocation Failure)
[23.318s][info][gc,heap        ] GC(104) PSYoungGen: 444416K(444416K)->1536K(434688K) Eden: 442880K(442880K)->0K(433152K) From: 1536K(1536K)->1536K(1536K)
[23.318s][info][gc,heap        ] GC(104) ParOldGen: 47592K(1398272K)->47896K(1398272K)
[23.318s][info][gc,metaspace   ] GC(104) Metaspace: 73505K(73920K)->73505K(73920K) NonClass: 58173K(58368K)->58173K(58368K) Class: 15332K(15552K)->15332K(15552K)
[23.318s][info][gc             ] GC(104) Pause Young (Allocation Failure) 480M->48M(1790M) 1.117ms
[23.318s][info][gc,cpu         ] GC(104) User=0.00s Sys=0.00s Real=0.00s
[23.440s][info][gc,start       ] GC(105) Pause Young (Allocation Failure)
[23.441s][info][gc,heap        ] GC(105) PSYoungGen: 434688K(434688K)->1408K(424960K) Eden: 433152K(433152K)->0K(423424K) From: 1536K(1536K)->1408K(1536K)
[23.441s][info][gc,heap        ] GC(105) ParOldGen: 47896K(1398272K)->48200K(1398272K)
[23.441s][info][gc,metaspace   ] GC(105) Metaspace: 73507K(73920K)->73507K(73920K) NonClass: 58175K(58368K)->58175K(58368K) Class: 15332K(15552K)->15332K(15552K)
[23.441s][info][gc             ] GC(105) Pause Young (Allocation Failure) 471M->48M(1780M) 1.109ms
[23.442s][info][gc,cpu         ] GC(105) User=0.00s Sys=0.00s Real=0.00s
[23.572s][info][gc,start       ] GC(106) Pause Young (Allocation Failure)
[23.573s][info][gc,heap        ] GC(106) PSYoungGen: 424832K(424960K)->1248K(415744K) Eden: 423424K(423424K)->0K(414208K) From: 1408K(1536K)->1248K(1536K)
[23.573s][info][gc,heap        ] GC(106) ParOldGen: 48200K(1398272K)->48496K(1398272K)
[23.573s][info][gc,metaspace   ] GC(106) Metaspace: 73512K(73920K)->73512K(73920K) NonClass: 58179K(58368K)->58179K(58368K) Class: 15332K(15552K)->15332K(15552K)
[23.573s][info][gc             ] GC(106) Pause Young (Allocation Failure) 461M->48M(1771M) 1.053ms
[23.573s][info][gc,cpu         ] GC(106) User=0.00s Sys=0.00s Real=0.00s
[23.727s][info][gc,start       ] GC(107) Pause Young (Allocation Failure)
[23.728s][info][gc,heap        ] GC(107) PSYoungGen: 415456K(415744K)->1152K(407040K) Eden: 414208K(414208K)->0K(405504K) From: 1248K(1536K)->1152K(1536K)
[23.728s][info][gc,heap        ] GC(107) ParOldGen: 48496K(1398272K)->48736K(1398272K)
[23.728s][info][gc,metaspace   ] GC(107) Metaspace: 73513K(73920K)->73513K(73920K) NonClass: 58181K(58368K)->58181K(58368K) Class: 15332K(15552K)->15332K(15552K)
[23.728s][info][gc             ] GC(107) Pause Young (Allocation Failure) 453M->48M(1763M) 1.066ms
[23.728s][info][gc,cpu         ] GC(107) User=0.00s Sys=0.00s Real=0.00s
[23.919s][info][gc,start       ] GC(108) Pause Young (Allocation Failure)
[23.920s][info][gc,heap        ] GC(108) PSYoungGen: 406656K(407040K)->1056K(398336K) Eden: 405504K(405504K)->0K(396800K) From: 1152K(1536K)->1056K(1536K)
[23.920s][info][gc,heap        ] GC(108) ParOldGen: 48736K(1398272K)->49064K(1398272K)
[23.920s][info][gc,metaspace   ] GC(108) Metaspace: 73519K(73984K)->73519K(73984K) NonClass: 58187K(58432K)->58187K(58432K) Class: 15332K(15552K)->15332K(15552K)
[23.920s][info][gc             ] GC(108) Pause Young (Allocation Failure) 444M->48M(1754M) 0.996ms
[23.920s][info][gc,cpu         ] GC(108) User=0.00s Sys=0.00s Real=0.00s
[24.139s][info][gc,start       ] GC(109) Pause Young (Allocation Failure)
[24.140s][info][gc,heap        ] GC(109) PSYoungGen: 397856K(398336K)->1056K(390144K) Eden: 396800K(396800K)->0K(388608K) From: 1056K(1536K)->1056K(1536K)
[24.140s][info][gc,heap        ] GC(109) ParOldGen: 49064K(1398272K)->49408K(1398272K)
[24.140s][info][gc,metaspace   ] GC(109) Metaspace: 73519K(73984K)->73519K(73984K) NonClass: 58187K(58432K)->58187K(58432K) Class: 15332K(15552K)->15332K(15552K)
[24.140s][info][gc             ] GC(109) Pause Young (Allocation Failure) 436M->49M(1746M) 0.998ms
[24.140s][info][gc,cpu         ] GC(109) User=0.00s Sys=0.00s Real=0.00s
[24.362s][info][gc,start       ] GC(110) Pause Young (Allocation Failure)
[24.362s][info][gc,heap        ] GC(110) PSYoungGen: 389664K(390144K)->1056K(381952K) Eden: 388608K(388608K)->0K(380416K) From: 1056K(1536K)->1056K(1536K)
[24.362s][info][gc,heap        ] GC(110) ParOldGen: 49408K(1398272K)->49632K(1398272K)
[24.362s][info][gc,metaspace   ] GC(110) Metaspace: 73523K(74048K)->73523K(74048K) NonClass: 58190K(58496K)->58190K(58496K) Class: 15332K(15552K)->15332K(15552K)
[24.362s][info][gc             ] GC(110) Pause Young (Allocation Failure) 428M->49M(1738M) 0.898ms
[24.362s][info][gc,cpu         ] GC(110) User=0.00s Sys=0.00s Real=0.00s
[24.579s][info][gc,start       ] GC(111) Pause Young (Allocation Failure)
[24.580s][info][gc,heap        ] GC(111) PSYoungGen: 381472K(381952K)->1056K(374272K) Eden: 380416K(380416K)->0K(372736K) From: 1056K(1536K)->1056K(1536K)
[24.580s][info][gc,heap        ] GC(111) ParOldGen: 49632K(1398272K)->49648K(1398272K)
[24.580s][info][gc,metaspace   ] GC(111) Metaspace: 73523K(74048K)->73523K(74048K) NonClass: 58190K(58496K)->58190K(58496K) Class: 15332K(15552K)->15332K(15552K)
[24.580s][info][gc             ] GC(111) Pause Young (Allocation Failure) 421M->49M(1731M) 0.926ms
[24.580s][info][gc,cpu         ] GC(111) User=0.00s Sys=0.00s Real=0.00s
[24.792s][info][gc,start       ] GC(112) Pause Young (Allocation Failure)
[24.793s][info][gc,heap        ] GC(112) PSYoungGen: 373792K(374272K)->1056K(366592K) Eden: 372736K(372736K)->0K(365056K) From: 1056K(1536K)->1056K(1536K)
[24.793s][info][gc,heap        ] GC(112) ParOldGen: 49648K(1398272K)->49776K(1398272K)
[24.793s][info][gc,metaspace   ] GC(112) Metaspace: 73524K(74048K)->73524K(74048K) NonClass: 58192K(58496K)->58192K(58496K) Class: 15332K(15552K)->15332K(15552K)
[24.793s][info][gc             ] GC(112) Pause Young (Allocation Failure) 413M->49M(1723M) 0.900ms
[24.793s][info][gc,cpu         ] GC(112) User=0.00s Sys=0.00s Real=0.00s
[24.999s][info][gc,start       ] GC(113) Pause Young (Allocation Failure)
[25.000s][info][gc,heap        ] GC(113) PSYoungGen: 366112K(366592K)->1056K(359424K) Eden: 365056K(365056K)->0K(357888K) From: 1056K(1536K)->1056K(1536K)
[25.000s][info][gc,heap        ] GC(113) ParOldGen: 49776K(1398272K)->49824K(1398272K)
[25.000s][info][gc,metaspace   ] GC(113) Metaspace: 73524K(74048K)->73524K(74048K) NonClass: 58192K(58496K)->58192K(58496K) Class: 15332K(15552K)->15332K(15552K)
[25.000s][info][gc             ] GC(113) Pause Young (Allocation Failure) 406M->49M(1716M) 0.881ms
[25.000s][info][gc,cpu         ] GC(113) User=0.00s Sys=0.00s Real=0.00s
[25.219s][info][gc,start       ] GC(114) Pause Young (System.gc())
[25.221s][info][gc,heap        ] GC(114) PSYoungGen: 343725K(359424K)->1440K(359424K) Eden: 342669K(357888K)->0K(357888K) From: 1056K(1536K)->1440K(1536K)
[25.221s][info][gc,heap        ] GC(114) ParOldGen: 49824K(1398272K)->49840K(1398272K)
[25.221s][info][gc,metaspace   ] GC(114) Metaspace: 73561K(74048K)->73561K(74048K) NonClass: 58228K(58496K)->58228K(58496K) Class: 15332K(15552K)->15332K(15552K)
[25.221s][info][gc             ] GC(114) Pause Young (System.gc()) 384M->50M(1716M) 2.302ms
[25.221s][info][gc,cpu         ] GC(114) User=0.00s Sys=0.00s Real=0.00s
[25.221s][info][gc,start       ] GC(115) Pause Full (System.gc())
[25.221s][info][gc,phases,start] GC(115) Marking Phase
[25.276s][info][gc,phases      ] GC(115) Marking Phase 54.933ms
[25.276s][info][gc,phases,start] GC(115) Summary Phase
[25.276s][info][gc,phases      ] GC(115) Summary Phase 0.015ms
[25.276s][info][gc,phases,start] GC(115) Adjust Roots
[25.297s][info][gc,phases      ] GC(115) Adjust Roots 21.058ms
[25.297s][info][gc,phases,start] GC(115) Compaction Phase
[25.312s][info][gc,phases      ] GC(115) Compaction Phase 14.363ms
[25.312s][info][gc,phases,start] GC(115) Post Compact
[25.313s][info][gc,phases      ] GC(115) Post Compact 1.454ms
[25.313s][info][gc,heap        ] GC(115) PSYoungGen: 1440K(359424K)->0K(359424K) Eden: 0K(357888K)->0K(357888K) From: 1440K(1536K)->0K(1536K)
[25.313s][info][gc,heap        ] GC(115) ParOldGen: 49840K(1398272K)->35913K(1398272K)
[25.313s][info][gc,metaspace   ] GC(115) Metaspace: 73561K(74048K)->73548K(74048K) NonClass: 58228K(58496K)->58219K(58496K) Class: 15332K(15552K)->15328K(15552K)
[25.313s][info][gc             ] GC(115) Pause Full (System.gc()) 50M->35M(1716M) 92.243ms
[25.314s][info][gc,cpu         ] GC(115) User=0.91s Sys=0.00s Real=0.09s
[25.458s][info][gc,start       ] GC(116) Pause Young (Allocation Failure)
[25.460s][info][gc,heap        ] GC(116) PSYoungGen: 357888K(359424K)->2560K(353280K) Eden: 357888K(357888K)->0K(350720K) From: 0K(1536K)->2560K(2560K)
[25.460s][info][gc,heap        ] GC(116) ParOldGen: 35913K(1398272K)->37199K(1398272K)
[25.460s][info][gc,metaspace   ] GC(116) Metaspace: 73690K(74112K)->73690K(74112K) NonClass: 58360K(58560K)->58360K(58560K) Class: 15329K(15552K)->15329K(15552K)
[25.460s][info][gc             ] GC(116) Pause Young (Allocation Failure) 384M->38M(1710M) 1.850ms
[25.460s][info][gc,cpu         ] GC(116) User=0.00s Sys=0.00s Real=0.00s
[25.546s][info][gc,start       ] GC(117) Pause Young (Allocation Failure)
[25.548s][info][gc,heap        ] GC(117) PSYoungGen: 353280K(353280K)->2048K(346112K) Eden: 350720K(350720K)->0K(344064K) From: 2560K(2560K)->2048K(2048K)
[25.548s][info][gc,heap        ] GC(117) ParOldGen: 37199K(1398272K)->38951K(1398272K)
[25.548s][info][gc,metaspace   ] GC(117) Metaspace: 73690K(74112K)->73690K(74112K) NonClass: 58360K(58560K)->58360K(58560K) Class: 15329K(15552K)->15329K(15552K)
[25.548s][info][gc             ] GC(117) Pause Young (Allocation Failure) 381M->40M(1703M) 1.948ms
[25.548s][info][gc,cpu         ] GC(117) User=0.00s Sys=0.00s Real=0.00s
[25.630s][info][gc,start       ] GC(118) Pause Young (Allocation Failure)
[25.631s][info][gc,heap        ] GC(118) PSYoungGen: 346112K(346112K)->1952K(339456K) Eden: 344064K(344064K)->0K(337408K) From: 2048K(2048K)->1952K(2048K)
[25.631s][info][gc,heap        ] GC(118) ParOldGen: 38951K(1398272K)->39183K(1398272K)
[25.631s][info][gc,metaspace   ] GC(118) Metaspace: 73690K(74112K)->73690K(74112K) NonClass: 58360K(58560K)->58360K(58560K) Class: 15329K(15552K)->15329K(15552K)
[25.631s][info][gc             ] GC(118) Pause Young (Allocation Failure) 376M->40M(1697M) 1.289ms
[25.631s][info][gc,cpu         ] GC(118) User=0.00s Sys=0.00s Real=0.00s
[25.711s][info][gc,start       ] GC(119) Pause Young (Allocation Failure)
[25.713s][info][gc,heap        ] GC(119) PSYoungGen: 339360K(339456K)->1920K(333312K) Eden: 337408K(337408K)->0K(331264K) From: 1952K(2048K)->1920K(2048K)
[25.713s][info][gc,heap        ] GC(119) ParOldGen: 39183K(1398272K)->39327K(1398272K)
[25.713s][info][gc,metaspace   ] GC(119) Metaspace: 73690K(74112K)->73690K(74112K) NonClass: 58360K(58560K)->58360K(58560K) Class: 15329K(15552K)->15329K(15552K)
[25.713s][info][gc             ] GC(119) Pause Young (Allocation Failure) 369M->40M(1691M) 1.354ms
[25.713s][info][gc,cpu         ] GC(119) User=0.00s Sys=0.00s Real=0.00s
[25.791s][info][gc,start       ] GC(120) Pause Young (Allocation Failure)
[25.792s][info][gc,heap        ] GC(120) PSYoungGen: 333184K(333312K)->1888K(327168K) Eden: 331264K(331264K)->0K(325120K) From: 1920K(2048K)->1888K(2048K)
[25.792s][info][gc,heap        ] GC(120) ParOldGen: 39327K(1398272K)->39407K(1398272K)
[25.792s][info][gc,metaspace   ] GC(120) Metaspace: 73690K(74112K)->73690K(74112K) NonClass: 58360K(58560K)->58360K(58560K) Class: 15329K(15552K)->15329K(15552K)
[25.793s][info][gc             ] GC(120) Pause Young (Allocation Failure) 363M->40M(1685M) 1.233ms
[25.793s][info][gc,cpu         ] GC(120) User=0.00s Sys=0.00s Real=0.00s
[25.870s][info][gc,start       ] GC(121) Pause Young (Allocation Failure)
[25.872s][info][gc,heap        ] GC(121) PSYoungGen: 327008K(327168K)->1952K(392192K) Eden: 325120K(325120K)->0K(390144K) From: 1888K(2048K)->1952K(2048K)
[25.872s][info][gc,heap        ] GC(121) ParOldGen: 39407K(1398272K)->39447K(1398272K)
[25.872s][info][gc,metaspace   ] GC(121) Metaspace: 73690K(74112K)->73690K(74112K) NonClass: 58360K(58560K)->58360K(58560K) Class: 15329K(15552K)->15329K(15552K)
[25.872s][info][gc             ] GC(121) Pause Young (Allocation Failure) 357M->40M(1748M) 1.352ms
[25.872s][info][gc,cpu         ] GC(121) User=0.00s Sys=0.00s Real=0.00s
[25.964s][info][gc,start       ] GC(122) Pause Young (Allocation Failure)
[25.966s][info][gc,heap        ] GC(122) PSYoungGen: 392096K(392192K)->1920K(470528K) Eden: 390144K(390144K)->0K(468480K) From: 1952K(2048K)->1920K(2048K)
[25.966s][info][gc,heap        ] GC(122) ParOldGen: 39447K(1398272K)->39559K(1398272K)
[25.966s][info][gc,metaspace   ] GC(122) Metaspace: 73690K(74112K)->73690K(74112K) NonClass: 58360K(58560K)->58360K(58560K) Class: 15329K(15552K)->15329K(15552K)
[25.966s][info][gc             ] GC(122) Pause Young (Allocation Failure) 421M->40M(1825M) 1.238ms
[25.966s][info][gc,cpu         ] GC(122) User=0.00s Sys=0.00s Real=0.00s
[26.078s][info][gc,start       ] GC(123) Pause Young (Allocation Failure)
[26.079s][info][gc,heap        ] GC(123) PSYoungGen: 470400K(470528K)->1888K(459776K) Eden: 468480K(468480K)->0K(457728K) From: 1920K(2048K)->1888K(2048K)
[26.079s][info][gc,heap        ] GC(123) ParOldGen: 39559K(1398272K)->39695K(1398272K)
[26.079s][info][gc,metaspace   ] GC(123) Metaspace: 73690K(74112K)->73690K(74112K) NonClass: 58360K(58560K)->58360K(58560K) Class: 15329K(15552K)->15329K(15552K)
[26.079s][info][gc             ] GC(123) Pause Young (Allocation Failure) 498M->40M(1814M) 1.337ms
[26.079s][info][gc,cpu         ] GC(123) User=0.00s Sys=0.00s Real=0.00s
[26.188s][info][gc,start       ] GC(124) Pause Young (Allocation Failure)
[26.189s][info][gc,heap        ] GC(124) PSYoungGen: 459616K(459776K)->1824K(449536K) Eden: 457728K(457728K)->0K(447488K) From: 1888K(2048K)->1824K(2048K)
[26.189s][info][gc,heap        ] GC(124) ParOldGen: 39695K(1398272K)->39855K(1398272K)
[26.189s][info][gc,metaspace   ] GC(124) Metaspace: 73690K(74112K)->73690K(74112K) NonClass: 58360K(58560K)->58360K(58560K) Class: 15329K(15552K)->15329K(15552K)
[26.189s][info][gc             ] GC(124) Pause Young (Allocation Failure) 487M->40M(1804M) 1.205ms
[26.189s][info][gc,cpu         ] GC(124) User=0.00s Sys=0.00s Real=0.00s
[26.296s][info][gc,start       ] GC(125) Pause Young (Allocation Failure)
[26.297s][info][gc,heap        ] GC(125) PSYoungGen: 449312K(449536K)->1888K(439296K) Eden: 447488K(447488K)->0K(437248K) From: 1824K(2048K)->1888K(2048K)
[26.297s][info][gc,heap        ] GC(125) ParOldGen: 39855K(1398272K)->39959K(1398272K)
[26.297s][info][gc,metaspace   ] GC(125) Metaspace: 73690K(74112K)->73690K(74112K) NonClass: 58361K(58560K)->58361K(58560K) Class: 15329K(15552K)->15329K(15552K)
[26.297s][info][gc             ] GC(125) Pause Young (Allocation Failure) 477M->40M(1794M) 1.387ms
[26.297s][info][gc,cpu         ] GC(125) User=0.00s Sys=0.00s Real=0.00s
[26.401s][info][gc,start       ] GC(126) Pause Young (Allocation Failure)
[26.403s][info][gc,heap        ] GC(126) PSYoungGen: 439136K(439296K)->1888K(429568K) Eden: 437248K(437248K)->0K(427520K) From: 1888K(2048K)->1888K(2048K)
[26.403s][info][gc,heap        ] GC(126) ParOldGen: 39959K(1398272K)->40047K(1398272K)
[26.403s][info][gc,metaspace   ] GC(126) Metaspace: 73690K(74112K)->73690K(74112K) NonClass: 58361K(58560K)->58361K(58560K) Class: 15329K(15552K)->15329K(15552K)
[26.403s][info][gc             ] GC(126) Pause Young (Allocation Failure) 467M->40M(1785M) 1.248ms
[26.403s][info][gc,cpu         ] GC(126) User=0.00s Sys=0.00s Real=0.00s
[26.504s][info][gc,start       ] GC(127) Pause Young (Allocation Failure)
[26.506s][info][gc,heap        ] GC(127) PSYoungGen: 429408K(429568K)->1984K(420352K) Eden: 427520K(427520K)->0K(418304K) From: 1888K(2048K)->1984K(2048K)
[26.506s][info][gc,heap        ] GC(127) ParOldGen: 40047K(1398272K)->40311K(1398272K)
[26.506s][info][gc,metaspace   ] GC(127) Metaspace: 73690K(74112K)->73690K(74112K) NonClass: 58361K(58560K)->58361K(58560K) Class: 15329K(15552K)->15329K(15552K)
[26.506s][info][gc             ] GC(127) Pause Young (Allocation Failure) 458M->41M(1776M) 1.453ms
[26.506s][info][gc,cpu         ] GC(127) User=0.02s Sys=0.00s Real=0.00s
[26.605s][info][gc,start       ] GC(128) Pause Young (Allocation Failure)
[26.607s][info][gc,heap        ] GC(128) PSYoungGen: 420288K(420352K)->1952K(411136K) Eden: 418304K(418304K)->0K(409088K) From: 1984K(2048K)->1952K(2048K)
[26.607s][info][gc,heap        ] GC(128) ParOldGen: 40311K(1398272K)->40455K(1398272K)
[26.607s][info][gc,metaspace   ] GC(128) Metaspace: 73690K(74112K)->73690K(74112K) NonClass: 58361K(58560K)->58361K(58560K) Class: 15329K(15552K)->15329K(15552K)
[26.607s][info][gc             ] GC(128) Pause Young (Allocation Failure) 449M->41M(1767M) 1.247ms
[26.607s][info][gc,cpu         ] GC(128) User=0.00s Sys=0.00s Real=0.00s
[26.708s][info][gc,start       ] GC(129) Pause Young (Allocation Failure)
[26.710s][info][gc,heap        ] GC(129) PSYoungGen: 411040K(411136K)->1952K(402432K) Eden: 409088K(409088K)->0K(400384K) From: 1952K(2048K)->1952K(2048K)
[26.710s][info][gc,heap        ] GC(129) ParOldGen: 40455K(1398272K)->40591K(1398272K)
[26.710s][info][gc,metaspace   ] GC(129) Metaspace: 73696K(74112K)->73696K(74112K) NonClass: 58367K(58560K)->58367K(58560K) Class: 15329K(15552K)->15329K(15552K)
[26.710s][info][gc             ] GC(129) Pause Young (Allocation Failure) 440M->41M(1758M) 1.365ms
[26.710s][info][gc,cpu         ] GC(129) User=0.00s Sys=0.00s Real=0.00s
[26.806s][info][gc,start       ] GC(130) Pause Young (Allocation Failure)
[26.807s][info][gc,heap        ] GC(130) PSYoungGen: 402336K(402432K)->1536K(393728K) Eden: 400384K(400384K)->0K(392192K) From: 1952K(2048K)->1536K(1536K)
[26.807s][info][gc,heap        ] GC(130) ParOldGen: 40591K(1398272K)->40783K(1398272K)
[26.807s][info][gc,metaspace   ] GC(130) Metaspace: 73710K(74176K)->73710K(74176K) NonClass: 58380K(58624K)->58380K(58624K) Class: 15329K(15552K)->15329K(15552K)
[26.807s][info][gc             ] GC(130) Pause Young (Allocation Failure) 432M->41M(1750M) 1.139ms
[26.807s][info][gc,cpu         ] GC(130) User=0.00s Sys=0.00s Real=0.00s
[26.900s][info][gc,start       ] GC(131) Pause Young (Allocation Failure)
[26.901s][info][gc,heap        ] GC(131) PSYoungGen: 393728K(393728K)->1984K(386048K) Eden: 392192K(392192K)->0K(384000K) From: 1536K(1536K)->1984K(2048K)
[26.901s][info][gc,heap        ] GC(131) ParOldGen: 40783K(1398272K)->41015K(1398272K)
[26.901s][info][gc,metaspace   ] GC(131) Metaspace: 73710K(74176K)->73710K(74176K) NonClass: 58380K(58624K)->58380K(58624K) Class: 15329K(15552K)->15329K(15552K)
[26.901s][info][gc             ] GC(131) Pause Young (Allocation Failure) 424M->41M(1742M) 1.306ms
[26.901s][info][gc,cpu         ] GC(131) User=0.00s Sys=0.00s Real=0.00s
[26.993s][info][gc,start       ] GC(132) Pause Young (Allocation Failure)
[26.994s][info][gc,heap        ] GC(132) PSYoungGen: 385984K(386048K)->1920K(378368K) Eden: 384000K(384000K)->0K(376320K) From: 1984K(2048K)->1920K(2048K)
[26.994s][info][gc,heap        ] GC(132) ParOldGen: 41015K(1398272K)->41167K(1398272K)
[26.994s][info][gc,metaspace   ] GC(132) Metaspace: 73710K(74176K)->73710K(74176K) NonClass: 58380K(58624K)->58380K(58624K) Class: 15329K(15552K)->15329K(15552K)
[26.994s][info][gc             ] GC(132) Pause Young (Allocation Failure) 416M->42M(1735M) 1.155ms
[26.994s][info][gc,cpu         ] GC(132) User=0.00s Sys=0.00s Real=0.00s
[27.083s][info][gc,start       ] GC(133) Pause Young (Allocation Failure)
[27.084s][info][gc,heap        ] GC(133) PSYoungGen: 378240K(378368K)->1952K(370688K) Eden: 376320K(376320K)->0K(368640K) From: 1920K(2048K)->1952K(2048K)
[27.084s][info][gc,heap        ] GC(133) ParOldGen: 41167K(1398272K)->41303K(1398272K)
[27.084s][info][gc,metaspace   ] GC(133) Metaspace: 73710K(74176K)->73710K(74176K) NonClass: 58380K(58624K)->58380K(58624K) Class: 15329K(15552K)->15329K(15552K)
[27.084s][info][gc             ] GC(133) Pause Young (Allocation Failure) 409M->42M(1727M) 1.291ms
[27.084s][info][gc,cpu         ] GC(133) User=0.00s Sys=0.00s Real=0.00s
[27.172s][info][gc,start       ] GC(134) Pause Young (Allocation Failure)
[27.173s][info][gc,heap        ] GC(134) PSYoungGen: 370592K(370688K)->1536K(443904K) Eden: 368640K(368640K)->0K(442368K) From: 1952K(2048K)->1536K(1536K)
[27.173s][info][gc,heap        ] GC(134) ParOldGen: 41303K(1398272K)->41519K(1398272K)
[27.173s][info][gc,metaspace   ] GC(134) Metaspace: 73710K(74176K)->73710K(74176K) NonClass: 58380K(58624K)->58380K(58624K) Class: 15329K(15552K)->15329K(15552K)
[27.173s][info][gc             ] GC(134) Pause Young (Allocation Failure) 402M->42M(1799M) 1.126ms
[27.173s][info][gc,cpu         ] GC(134) User=0.00s Sys=0.00s Real=0.00s
[27.279s][info][gc,start       ] GC(135) Pause Young (Allocation Failure)
[27.280s][info][gc,heap        ] GC(135) PSYoungGen: 443904K(443904K)->1888K(434688K) Eden: 442368K(442368K)->0K(432640K) From: 1536K(1536K)->1888K(2048K)
[27.280s][info][gc,heap        ] GC(135) ParOldGen: 41519K(1398272K)->41631K(1398272K)
[27.280s][info][gc,metaspace   ] GC(135) Metaspace: 73710K(74176K)->73710K(74176K) NonClass: 58380K(58624K)->58380K(58624K) Class: 15329K(15552K)->15329K(15552K)
[27.280s][info][gc             ] GC(135) Pause Young (Allocation Failure) 474M->42M(1790M) 1.248ms
[27.280s][info][gc,cpu         ] GC(135) User=0.00s Sys=0.00s Real=0.00s
[27.383s][info][gc,start       ] GC(136) Pause Young (Allocation Failure)
[27.384s][info][gc,heap        ] GC(136) PSYoungGen: 434528K(434688K)->1856K(424960K) Eden: 432640K(432640K)->0K(422912K) From: 1888K(2048K)->1856K(2048K)
[27.384s][info][gc,heap        ] GC(136) ParOldGen: 41631K(1398272K)->41791K(1398272K)
[27.384s][info][gc,metaspace   ] GC(136) Metaspace: 73710K(74176K)->73710K(74176K) NonClass: 58380K(58624K)->58380K(58624K) Class: 15329K(15552K)->15329K(15552K)
[27.384s][info][gc             ] GC(136) Pause Young (Allocation Failure) 464M->42M(1780M) 1.072ms
[27.384s][info][gc,cpu         ] GC(136) User=0.00s Sys=0.00s Real=0.00s
[27.485s][info][gc,start       ] GC(137) Pause Young (Allocation Failure)
[27.486s][info][gc,heap        ] GC(137) PSYoungGen: 424768K(424960K)->1952K(415744K) Eden: 422912K(422912K)->0K(413696K) From: 1856K(2048K)->1952K(2048K)
[27.486s][info][gc,heap        ] GC(137) ParOldGen: 41791K(1398272K)->41967K(1398272K)
[27.486s][info][gc,metaspace   ] GC(137) Metaspace: 73710K(74176K)->73710K(74176K) NonClass: 58380K(58624K)->58380K(58624K) Class: 15329K(15552K)->15329K(15552K)
[27.486s][info][gc             ] GC(137) Pause Young (Allocation Failure) 455M->42M(1771M) 1.355ms
[27.486s][info][gc,cpu         ] GC(137) User=0.00s Sys=0.00s Real=0.00s
[27.585s][info][gc,start       ] GC(138) Pause Young (Allocation Failure)
[27.586s][info][gc,heap        ] GC(138) PSYoungGen: 415648K(415744K)->1536K(406528K) Eden: 413696K(413696K)->0K(404992K) From: 1952K(2048K)->1536K(1536K)
[27.586s][info][gc,heap        ] GC(138) ParOldGen: 41967K(1398272K)->42295K(1398272K)
[27.586s][info][gc,metaspace   ] GC(138) Metaspace: 73710K(74176K)->73710K(74176K) NonClass: 58380K(58624K)->58380K(58624K) Class: 15329K(15552K)->15329K(15552K)
[27.586s][info][gc             ] GC(138) Pause Young (Allocation Failure) 446M->42M(1762M) 1.117ms
[27.586s][info][gc,cpu         ] GC(138) User=0.00s Sys=0.00s Real=0.00s
[27.682s][info][gc,start       ] GC(139) Pause Young (Allocation Failure)
[27.684s][info][gc,heap        ] GC(139) PSYoungGen: 406528K(406528K)->1888K(398336K) Eden: 404992K(404992K)->0K(396288K) From: 1536K(1536K)->1888K(2048K)
[27.684s][info][gc,heap        ] GC(139) ParOldGen: 42295K(1398272K)->42423K(1398272K)
[27.684s][info][gc,metaspace   ] GC(139) Metaspace: 73710K(74176K)->73710K(74176K) NonClass: 58380K(58624K)->58380K(58624K) Class: 15329K(15552K)->15329K(15552K)
[27.684s][info][gc             ] GC(139) Pause Young (Allocation Failure) 438M->43M(1754M) 1.289ms
[27.684s][info][gc,cpu         ] GC(139) User=0.00s Sys=0.00s Real=0.00s
[27.778s][info][gc,start       ] GC(140) Pause Young (Allocation Failure)
[27.779s][info][gc,heap        ] GC(140) PSYoungGen: 398176K(398336K)->1824K(390144K) Eden: 396288K(396288K)->0K(388096K) From: 1888K(2048K)->1824K(2048K)
[27.779s][info][gc,heap        ] GC(140) ParOldGen: 42423K(1398272K)->42599K(1398272K)
[27.779s][info][gc,metaspace   ] GC(140) Metaspace: 73710K(74176K)->73710K(74176K) NonClass: 58380K(58624K)->58380K(58624K) Class: 15329K(15552K)->15329K(15552K)
[27.779s][info][gc             ] GC(140) Pause Young (Allocation Failure) 430M->43M(1746M) 1.058ms
[27.779s][info][gc,cpu         ] GC(140) User=0.00s Sys=0.00s Real=0.00s
[27.872s][info][gc,start       ] GC(141) Pause Young (Allocation Failure)
[27.873s][info][gc,heap        ] GC(141) PSYoungGen: 389920K(390144K)->1920K(381952K) Eden: 388096K(388096K)->0K(379904K) From: 1824K(2048K)->1920K(2048K)
[27.873s][info][gc,heap        ] GC(141) ParOldGen: 42599K(1398272K)->42719K(1398272K)
[27.873s][info][gc,metaspace   ] GC(141) Metaspace: 73710K(74176K)->73710K(74176K) NonClass: 58380K(58624K)->58380K(58624K) Class: 15329K(15552K)->15329K(15552K)
[27.873s][info][gc             ] GC(141) Pause Young (Allocation Failure) 422M->43M(1738M) 1.289ms
[27.873s][info][gc,cpu         ] GC(141) User=0.00s Sys=0.00s Real=0.00s
[27.963s][info][gc,start       ] GC(142) Pause Young (Allocation Failure)
[27.964s][info][gc,heap        ] GC(142) PSYoungGen: 381824K(381952K)->1536K(373760K) Eden: 379904K(379904K)->0K(372224K) From: 1920K(2048K)->1536K(1536K)
[27.964s][info][gc,heap        ] GC(142) ParOldGen: 42719K(1398272K)->42927K(1398272K)
[27.964s][info][gc,metaspace   ] GC(142) Metaspace: 73710K(74176K)->73710K(74176K) NonClass: 58380K(58624K)->58380K(58624K) Class: 15329K(15552K)->15329K(15552K)
[27.964s][info][gc             ] GC(142) Pause Young (Allocation Failure) 414M->43M(1730M) 1.130ms
[27.964s][info][gc,cpu         ] GC(142) User=0.00s Sys=0.00s Real=0.00s
[28.053s][info][gc,start       ] GC(143) Pause Young (Allocation Failure)
[28.054s][info][gc,heap        ] GC(143) PSYoungGen: 373760K(373760K)->1888K(366592K) Eden: 372224K(372224K)->0K(364544K) From: 1536K(1536K)->1888K(2048K)
[28.054s][info][gc,heap        ] GC(143) ParOldGen: 42927K(1398272K)->43191K(1398272K)
[28.054s][info][gc,metaspace   ] GC(143) Metaspace: 73710K(74176K)->73710K(74176K) NonClass: 58380K(58624K)->58380K(58624K) Class: 15329K(15552K)->15329K(15552K)
[28.054s][info][gc             ] GC(143) Pause Young (Allocation Failure) 406M->44M(1723M) 1.281ms
[28.054s][info][gc,cpu         ] GC(143) User=0.00s Sys=0.00s Real=0.00s
[28.141s][info][gc,start       ] GC(144) Pause Young (Allocation Failure)
[28.143s][info][gc,heap        ] GC(144) PSYoungGen: 366432K(366592K)->1984K(359424K) Eden: 364544K(364544K)->0K(357376K) From: 1888K(2048K)->1984K(2048K)
[28.143s][info][gc,heap        ] GC(144) ParOldGen: 43191K(1398272K)->43351K(1398272K)
[28.143s][info][gc,metaspace   ] GC(144) Metaspace: 73714K(74176K)->73714K(74176K) NonClass: 58384K(58624K)->58384K(58624K) Class: 15329K(15552K)->15329K(15552K)
[28.143s][info][gc             ] GC(144) Pause Young (Allocation Failure) 400M->44M(1716M) 1.071ms
[28.143s][info][gc,cpu         ] GC(144) User=0.00s Sys=0.00s Real=0.00s
[28.228s][info][gc,start       ] GC(145) Pause Young (Allocation Failure)
[28.229s][info][gc,heap        ] GC(145) PSYoungGen: 359359K(359424K)->1888K(431104K) Eden: 357375K(357376K)->0K(429056K) From: 1984K(2048K)->1888K(2048K)
[28.229s][info][gc,heap        ] GC(145) ParOldGen: 43351K(1398272K)->43519K(1398272K)
[28.229s][info][gc,metaspace   ] GC(145) Metaspace: 73714K(74176K)->73714K(74176K) NonClass: 58384K(58624K)->58384K(58624K) Class: 15329K(15552K)->15329K(15552K)
[28.229s][info][gc             ] GC(145) Pause Young (Allocation Failure) 393M->44M(1786M) 1.327ms
[28.229s][info][gc,cpu         ] GC(145) User=0.00s Sys=0.00s Real=0.00s
[28.331s][info][gc,start       ] GC(146) Pause Young (Allocation Failure)
[28.332s][info][gc,heap        ] GC(146) PSYoungGen: 430944K(431104K)->1536K(421376K) Eden: 429056K(429056K)->0K(419840K) From: 1888K(2048K)->1536K(1536K)
[28.332s][info][gc,heap        ] GC(146) ParOldGen: 43519K(1398272K)->43743K(1398272K)
[28.332s][info][gc,metaspace   ] GC(146) Metaspace: 73714K(74176K)->73714K(74176K) NonClass: 58384K(58624K)->58384K(58624K) Class: 15329K(15552K)->15329K(15552K)
[28.332s][info][gc             ] GC(146) Pause Young (Allocation Failure) 463M->44M(1777M) 1.125ms
[28.332s][info][gc,cpu         ] GC(146) User=0.00s Sys=0.00s Real=0.00s
[28.434s][info][gc,start       ] GC(147) Pause Young (Allocation Failure)
[28.435s][info][gc,heap        ] GC(147) PSYoungGen: 421376K(421376K)->1952K(412672K) Eden: 419840K(419840K)->0K(410624K) From: 1536K(1536K)->1952K(2048K)
[28.435s][info][gc,heap        ] GC(147) ParOldGen: 43743K(1398272K)->43839K(1398272K)
[28.435s][info][gc,metaspace   ] GC(147) Metaspace: 73714K(74176K)->73714K(74176K) NonClass: 58384K(58624K)->58384K(58624K) Class: 15329K(15552K)->15329K(15552K)
[28.435s][info][gc             ] GC(147) Pause Young (Allocation Failure) 454M->44M(1768M) 1.319ms
[28.435s][info][gc,cpu         ] GC(147) User=0.00s Sys=0.00s Real=0.00s
[28.533s][info][gc,start       ] GC(148) Pause Young (Allocation Failure)
[28.534s][info][gc,heap        ] GC(148) PSYoungGen: 412576K(412672K)->1920K(403968K) Eden: 410624K(410624K)->0K(401920K) From: 1952K(2048K)->1920K(2048K)
[28.534s][info][gc,heap        ] GC(148) ParOldGen: 43839K(1398272K)->44103K(1398272K)
[28.534s][info][gc,metaspace   ] GC(148) Metaspace: 73714K(74176K)->73714K(74176K) NonClass: 58384K(58624K)->58384K(58624K) Class: 15329K(15552K)->15329K(15552K)
[28.534s][info][gc             ] GC(148) Pause Young (Allocation Failure) 445M->44M(1760M) 1.124ms
[28.534s][info][gc,cpu         ] GC(148) User=0.00s Sys=0.00s Real=0.00s
[28.630s][info][gc,start       ] GC(149) Pause Young (Allocation Failure)
[28.631s][info][gc,heap        ] GC(149) PSYoungGen: 403840K(403968K)->1952K(395264K) Eden: 401920K(401920K)->0K(393216K) From: 1920K(2048K)->1952K(2048K)
[28.631s][info][gc,heap        ] GC(149) ParOldGen: 44103K(1398272K)->44255K(1398272K)
[28.631s][info][gc,metaspace   ] GC(149) Metaspace: 73714K(74176K)->73714K(74176K) NonClass: 58384K(58624K)->58384K(58624K) Class: 15329K(15552K)->15329K(15552K)
[28.631s][info][gc             ] GC(149) Pause Young (Allocation Failure) 437M->45M(1751M) 1.277ms
[28.631s][info][gc,cpu         ] GC(149) User=0.00s Sys=0.00s Real=0.00s
[28.724s][info][gc,start       ] GC(150) Pause Young (Allocation Failure)
[28.726s][info][gc,heap        ] GC(150) PSYoungGen: 395168K(395264K)->1536K(386560K) Eden: 393216K(393216K)->0K(385024K) From: 1952K(2048K)->1536K(1536K)
[28.726s][info][gc,heap        ] GC(150) ParOldGen: 44255K(1398272K)->44471K(1398272K)
[28.726s][info][gc,metaspace   ] GC(150) Metaspace: 73714K(74176K)->73714K(74176K) NonClass: 58384K(58624K)->58384K(58624K) Class: 15329K(15552K)->15329K(15552K)
[28.726s][info][gc             ] GC(150) Pause Young (Allocation Failure) 429M->44M(1743M) 1.116ms
[28.726s][info][gc,cpu         ] GC(150) User=0.52s Sys=0.00s Real=0.00s
[28.817s][info][gc,start       ] GC(151) Pause Young (Allocation Failure)
[28.818s][info][gc,heap        ] GC(151) PSYoungGen: 386560K(386560K)->1888K(379392K) Eden: 385024K(385024K)->0K(377344K) From: 1536K(1536K)->1888K(2048K)
[28.818s][info][gc,heap        ] GC(151) ParOldGen: 44471K(1398272K)->44615K(1398272K)
[28.818s][info][gc,metaspace   ] GC(151) Metaspace: 73714K(74176K)->73714K(74176K) NonClass: 58384K(58624K)->58384K(58624K) Class: 15329K(15552K)->15329K(15552K)
[28.818s][info][gc             ] GC(151) Pause Young (Allocation Failure) 420M->45M(1736M) 1.332ms
[28.818s][info][gc,cpu         ] GC(151) User=0.00s Sys=0.00s Real=0.00s
[28.908s][info][gc,start       ] GC(152) Pause Young (Allocation Failure)
[28.909s][info][gc,heap        ] GC(152) PSYoungGen: 379232K(379392K)->1952K(371712K) Eden: 377344K(377344K)->0K(369664K) From: 1888K(2048K)->1952K(2048K)
[28.910s][info][gc,heap        ] GC(152) ParOldGen: 44615K(1398272K)->44711K(1398272K)
[28.910s][info][gc,metaspace   ] GC(152) Metaspace: 73714K(74176K)->73714K(74176K) NonClass: 58384K(58624K)->58384K(58624K) Class: 15329K(15552K)->15329K(15552K)
[28.910s][info][gc             ] GC(152) Pause Young (Allocation Failure) 413M->45M(1728M) 1.055ms
[28.910s][info][gc,cpu         ] GC(152) User=0.00s Sys=0.00s Real=0.00s
[29.009s][info][gc,start       ] GC(153) Pause Young (Allocation Failure)
[29.010s][info][gc,heap        ] GC(153) PSYoungGen: 371616K(371712K)->1984K(364544K) Eden: 369664K(369664K)->0K(362496K) From: 1952K(2048K)->1984K(2048K)
[29.010s][info][gc,heap        ] GC(153) ParOldGen: 44711K(1398272K)->44863K(1398272K)
[29.010s][info][gc,metaspace   ] GC(153) Metaspace: 73714K(74176K)->73714K(74176K) NonClass: 58384K(58624K)->58384K(58624K) Class: 15329K(15552K)->15329K(15552K)
[29.010s][info][gc             ] GC(153) Pause Young (Allocation Failure) 406M->45M(1721M) 1.372ms
[29.010s][info][gc,cpu         ] GC(153) User=0.00s Sys=0.00s Real=0.00s
[29.097s][info][gc,start       ] GC(154) Pause Young (Allocation Failure)
[29.098s][info][gc,heap        ] GC(154) PSYoungGen: 364480K(364544K)->1536K(356864K) Eden: 362496K(362496K)->0K(355328K) From: 1984K(2048K)->1536K(1536K)
[29.098s][info][gc,heap        ] GC(154) ParOldGen: 44863K(1398272K)->45079K(1398272K)
[29.098s][info][gc,metaspace   ] GC(154) Metaspace: 73714K(74176K)->73714K(74176K) NonClass: 58384K(58624K)->58384K(58624K) Class: 15329K(15552K)->15329K(15552K)
[29.098s][info][gc             ] GC(154) Pause Young (Allocation Failure) 399M->45M(1714M) 1.125ms
[29.098s][info][gc,cpu         ] GC(154) User=0.00s Sys=0.00s Real=0.00s
[29.183s][info][gc,start       ] GC(155) Pause Young (Allocation Failure)
[29.184s][info][gc,heap        ] GC(155) PSYoungGen: 356864K(356864K)->1888K(428544K) Eden: 355328K(355328K)->0K(426496K) From: 1536K(1536K)->1888K(2048K)
[29.184s][info][gc,heap        ] GC(155) ParOldGen: 45079K(1398272K)->45335K(1398272K)
[29.184s][info][gc,metaspace   ] GC(155) Metaspace: 73714K(74176K)->73714K(74176K) NonClass: 58384K(58624K)->58384K(58624K) Class: 15329K(15552K)->15329K(15552K)
[29.184s][info][gc             ] GC(155) Pause Young (Allocation Failure) 392M->46M(1784M) 1.283ms
[29.184s][info][gc,cpu         ] GC(155) User=0.00s Sys=0.00s Real=0.00s
[29.286s][info][gc,start       ] GC(156) Pause Young (Allocation Failure)
[29.287s][info][gc,heap        ] GC(156) PSYoungGen: 428384K(428544K)->1920K(419328K) Eden: 426496K(426496K)->0K(417280K) From: 1888K(2048K)->1920K(2048K)
[29.287s][info][gc,heap        ] GC(156) ParOldGen: 45335K(1398272K)->45495K(1398272K)
[29.287s][info][gc,metaspace   ] GC(156) Metaspace: 73714K(74176K)->73714K(74176K) NonClass: 58384K(58624K)->58384K(58624K) Class: 15329K(15552K)->15329K(15552K)
[29.287s][info][gc             ] GC(156) Pause Young (Allocation Failure) 462M->46M(1775M) 1.116ms
[29.287s][info][gc,cpu         ] GC(156) User=0.00s Sys=0.00s Real=0.00s
[29.386s][info][gc,start       ] GC(157) Pause Young (Allocation Failure)
[29.387s][info][gc,heap        ] GC(157) PSYoungGen: 419200K(419328K)->1920K(410112K) Eden: 417280K(417280K)->0K(408064K) From: 1920K(2048K)->1920K(2048K)
[29.387s][info][gc,heap        ] GC(157) ParOldGen: 45495K(1398272K)->45615K(1398272K)
[29.387s][info][gc,metaspace   ] GC(157) Metaspace: 73714K(74176K)->73714K(74176K) NonClass: 58384K(58624K)->58384K(58624K) Class: 15329K(15552K)->15329K(15552K)
[29.388s][info][gc             ] GC(157) Pause Young (Allocation Failure) 453M->46M(1766M) 1.372ms
[29.388s][info][gc,cpu         ] GC(157) User=0.00s Sys=0.00s Real=0.00s
[29.485s][info][gc,start       ] GC(158) Pause Young (Allocation Failure)
[29.486s][info][gc,heap        ] GC(158) PSYoungGen: 409984K(410112K)->1536K(400896K) Eden: 408064K(408064K)->0K(399360K) From: 1920K(2048K)->1536K(1536K)
[29.486s][info][gc,heap        ] GC(158) ParOldGen: 45615K(1398272K)->45863K(1398272K)
[29.486s][info][gc,metaspace   ] GC(158) Metaspace: 73714K(74176K)->73714K(74176K) NonClass: 58384K(58624K)->58384K(58624K) Class: 15329K(15552K)->15329K(15552K)
[29.486s][info][gc             ] GC(158) Pause Young (Allocation Failure) 444M->46M(1757M) 1.128ms
[29.486s][info][gc,cpu         ] GC(158) User=0.00s Sys=0.00s Real=0.00s
[29.581s][info][gc,start       ] GC(159) Pause Young (Allocation Failure)
[29.582s][info][gc,heap        ] GC(159) PSYoungGen: 400896K(400896K)->1888K(393216K) Eden: 399360K(399360K)->0K(391168K) From: 1536K(1536K)->1888K(2048K)
[29.582s][info][gc,heap        ] GC(159) ParOldGen: 45863K(1398272K)->46127K(1398272K)
[29.582s][info][gc,metaspace   ] GC(159) Metaspace: 73714K(74176K)->73714K(74176K) NonClass: 58384K(58624K)->58384K(58624K) Class: 15329K(15552K)->15329K(15552K)
[29.582s][info][gc             ] GC(159) Pause Young (Allocation Failure) 436M->46M(1749M) 1.264ms
[29.582s][info][gc,cpu         ] GC(159) User=0.00s Sys=0.00s Real=0.00s
[29.679s][info][gc,start       ] GC(160) Pause Young (Allocation Failure)
[29.680s][info][gc,heap        ] GC(160) PSYoungGen: 393056K(393216K)->1824K(385024K) Eden: 391168K(391168K)->0K(382976K) From: 1888K(2048K)->1824K(2048K)
[29.680s][info][gc,heap        ] GC(160) ParOldGen: 46127K(1398272K)->46247K(1398272K)
[29.680s][info][gc,metaspace   ] GC(160) Metaspace: 73714K(74176K)->73714K(74176K) NonClass: 58384K(58624K)->58384K(58624K) Class: 15329K(15552K)->15329K(15552K)
[29.680s][info][gc             ] GC(160) Pause Young (Allocation Failure) 428M->46M(1741M) 1.117ms
[29.680s][info][gc,cpu         ] GC(160) User=0.00s Sys=0.00s Real=0.00s
[29.772s][info][gc,start       ] GC(161) Pause Young (Allocation Failure)
[29.773s][info][gc,heap        ] GC(161) PSYoungGen: 384800K(385024K)->1984K(377344K) Eden: 382976K(382976K)->0K(375296K) From: 1824K(2048K)->1984K(2048K)
[29.773s][info][gc,heap        ] GC(161) ParOldGen: 46247K(1398272K)->46383K(1398272K)
[29.773s][info][gc,metaspace   ] GC(161) Metaspace: 73715K(74176K)->73715K(74176K) NonClass: 58386K(58624K)->58386K(58624K) Class: 15329K(15552K)->15329K(15552K)
[29.773s][info][gc             ] GC(161) Pause Young (Allocation Failure) 420M->47M(1734M) 1.395ms
[29.773s][info][gc,cpu         ] GC(161) User=0.00s Sys=0.00s Real=0.00s
[29.864s][info][gc,start       ] GC(162) Pause Young (Allocation Failure)
[29.865s][info][gc,heap        ] GC(162) PSYoungGen: 377280K(377344K)->1536K(369152K) Eden: 375296K(375296K)->0K(367616K) From: 1984K(2048K)->1536K(1536K)
[29.865s][info][gc,heap        ] GC(162) ParOldGen: 46383K(1398272K)->46735K(1398272K)
[29.865s][info][gc,metaspace   ] GC(162) Metaspace: 73717K(74176K)->73717K(74176K) NonClass: 58387K(58624K)->58387K(58624K) Class: 15329K(15552K)->15329K(15552K)
[29.865s][info][gc             ] GC(162) Pause Young (Allocation Failure) 413M->47M(1726M) 1.109ms
[29.865s][info][gc,cpu         ] GC(162) User=0.23s Sys=0.02s Real=0.00s
[29.955s][info][gc,start       ] GC(163) Pause Young (Allocation Failure)
[29.956s][info][gc,heap        ] GC(163) PSYoungGen: 369152K(369152K)->1760K(362496K) Eden: 367616K(367616K)->0K(360448K) From: 1536K(1536K)->1760K(2048K)
[29.956s][info][gc,heap        ] GC(163) ParOldGen: 46735K(1398272K)->47063K(1398272K)
[29.956s][info][gc,metaspace   ] GC(163) Metaspace: 73717K(74176K)->73717K(74176K) NonClass: 58387K(58624K)->58387K(58624K) Class: 15329K(15552K)->15329K(15552K)
[29.957s][info][gc             ] GC(163) Pause Young (Allocation Failure) 406M->47M(1719M) 1.264ms
[29.957s][info][gc,cpu         ] GC(163) User=0.00s Sys=0.00s Real=0.00s
[30.045s][info][gc,start       ] GC(164) Pause Young (Allocation Failure)
[30.046s][info][gc,heap        ] GC(164) PSYoungGen: 362208K(362496K)->1760K(355328K) Eden: 360448K(360448K)->0K(353280K) From: 1760K(2048K)->1760K(2048K)
[30.047s][info][gc,heap        ] GC(164) ParOldGen: 47063K(1398272K)->47311K(1398272K)
[30.047s][info][gc,metaspace   ] GC(164) Metaspace: 73718K(74176K)->73718K(74176K) NonClass: 58388K(58624K)->58388K(58624K) Class: 15329K(15552K)->15329K(15552K)
[30.047s][info][gc             ] GC(164) Pause Young (Allocation Failure) 399M->47M(1712M) 1.074ms
[30.047s][info][gc,cpu         ] GC(164) User=0.00s Sys=0.00s Real=0.00s
[30.138s][info][gc,start       ] GC(165) Pause Young (Allocation Failure)
[30.139s][info][gc,heap        ] GC(165) PSYoungGen: 355040K(355328K)->1600K(348672K) Eden: 353280K(353280K)->0K(346624K) From: 1760K(2048K)->1600K(2048K)
[30.139s][info][gc,heap        ] GC(165) ParOldGen: 47311K(1398272K)->47623K(1398272K)
[30.139s][info][gc,metaspace   ] GC(165) Metaspace: 73719K(74176K)->73719K(74176K) NonClass: 58389K(58624K)->58389K(58624K) Class: 15329K(15552K)->15329K(15552K)
[30.139s][info][gc             ] GC(165) Pause Young (Allocation Failure) 392M->48M(1706M) 1.301ms
[30.139s][info][gc,cpu         ] GC(165) User=0.00s Sys=0.00s Real=0.00s
[30.232s][info][gc,start       ] GC(166) Pause Young (Allocation Failure)
[30.232s][info][gc,heap        ] GC(166) PSYoungGen: 348224K(348672K)->1472K(341504K) Eden: 346624K(346624K)->0K(339968K) From: 1600K(2048K)->1472K(1536K)
[30.233s][info][gc,heap        ] GC(166) ParOldGen: 47623K(1398272K)->47823K(1398272K)
[30.233s][info][gc,metaspace   ] GC(166) Metaspace: 73757K(74176K)->73757K(74176K) NonClass: 58428K(58624K)->58428K(58624K) Class: 15329K(15552K)->15329K(15552K)
[30.233s][info][gc             ] GC(166) Pause Young (Allocation Failure) 386M->48M(1699M) 0.967ms
[30.233s][info][gc,cpu         ] GC(166) User=0.00s Sys=0.00s Real=0.00s
[30.334s][info][gc,start       ] GC(167) Pause Young (Allocation Failure)
[30.335s][info][gc,heap        ] GC(167) PSYoungGen: 341440K(341504K)->1312K(334848K) Eden: 339968K(339968K)->0K(333312K) From: 1472K(1536K)->1312K(1536K)
[30.335s][info][gc,heap        ] GC(167) ParOldGen: 47823K(1398272K)->48135K(1398272K)
[30.335s][info][gc,metaspace   ] GC(167) Metaspace: 73796K(74240K)->73796K(74240K) NonClass: 58466K(58688K)->58466K(58688K) Class: 15329K(15552K)->15329K(15552K)
[30.335s][info][gc             ] GC(167) Pause Young (Allocation Failure) 380M->48M(1692M) 1.093ms
[30.335s][info][gc,cpu         ] GC(167) User=0.00s Sys=0.00s Real=0.00s
[30.450s][info][gc,start       ] GC(168) Pause Young (Allocation Failure)
[30.451s][info][gc,heap        ] GC(168) PSYoungGen: 334624K(334848K)->1216K(328704K) Eden: 333312K(333312K)->0K(327168K) From: 1312K(1536K)->1216K(1536K)
[30.451s][info][gc,heap        ] GC(168) ParOldGen: 48135K(1398272K)->48455K(1398272K)
[30.451s][info][gc,metaspace   ] GC(168) Metaspace: 73801K(74240K)->73801K(74240K) NonClass: 58471K(58688K)->58471K(58688K) Class: 15329K(15552K)->15329K(15552K)
[30.451s][info][gc             ] GC(168) Pause Young (Allocation Failure) 373M->48M(1686M) 1.148ms
[30.451s][info][gc,cpu         ] GC(168) User=0.00s Sys=0.00s Real=0.00s
[30.576s][info][gc,start       ] GC(169) Pause Young (Allocation Failure)
[30.577s][info][gc,heap        ] GC(169) PSYoungGen: 328384K(328704K)->1120K(322560K) Eden: 327168K(327168K)->0K(321024K) From: 1216K(1536K)->1120K(1536K)
[30.577s][info][gc,heap        ] GC(169) ParOldGen: 48455K(1398272K)->48775K(1398272K)
[30.577s][info][gc,metaspace   ] GC(169) Metaspace: 73805K(74304K)->73805K(74304K) NonClass: 58475K(58752K)->58475K(58752K) Class: 15329K(15552K)->15329K(15552K)
[30.577s][info][gc             ] GC(169) Pause Young (Allocation Failure) 368M->48M(1680M) 1.147ms
[30.577s][info][gc,cpu         ] GC(169) User=0.00s Sys=0.00s Real=0.00s
[30.705s][info][gc,start       ] GC(170) Pause Young (Allocation Failure)
[30.706s][info][gc,heap        ] GC(170) PSYoungGen: 322144K(322560K)->1120K(316928K) Eden: 321024K(321024K)->0K(315392K) From: 1120K(1536K)->1120K(1536K)
[30.706s][info][gc,heap        ] GC(170) ParOldGen: 48775K(1398272K)->48983K(1398272K)
[30.706s][info][gc,metaspace   ] GC(170) Metaspace: 73805K(74304K)->73805K(74304K) NonClass: 58475K(58752K)->58475K(58752K) Class: 15329K(15552K)->15329K(15552K)
[30.706s][info][gc             ] GC(170) Pause Young (Allocation Failure) 362M->48M(1675M) 1.045ms
[30.706s][info][gc,cpu         ] GC(170) User=0.00s Sys=0.00s Real=0.00s
[30.838s][info][gc,start       ] GC(171) Pause Young (Allocation Failure)
[30.839s][info][gc,heap        ] GC(171) PSYoungGen: 316512K(316928K)->1056K(311296K) Eden: 315392K(315392K)->0K(309760K) From: 1120K(1536K)->1056K(1536K)
[30.839s][info][gc,heap        ] GC(171) ParOldGen: 48983K(1398272K)->49111K(1398272K)
[30.839s][info][gc,metaspace   ] GC(171) Metaspace: 73823K(74304K)->73823K(74304K) NonClass: 58493K(58752K)->58493K(58752K) Class: 15329K(15552K)->15329K(15552K)
[30.839s][info][gc             ] GC(171) Pause Young (Allocation Failure) 356M->48M(1669M) 1.025ms
[30.839s][info][gc,cpu         ] GC(171) User=0.00s Sys=0.00s Real=0.00s
[31.005s][info][gc,start       ] GC(172) Pause Young (Allocation Failure)
[31.006s][info][gc,heap        ] GC(172) PSYoungGen: 310816K(311296K)->1056K(305664K) Eden: 309760K(309760K)->0K(304128K) From: 1056K(1536K)->1056K(1536K)
[31.006s][info][gc,heap        ] GC(172) ParOldGen: 49111K(1398272K)->49407K(1398272K)
[31.006s][info][gc,metaspace   ] GC(172) Metaspace: 73823K(74304K)->73823K(74304K) NonClass: 58493K(58752K)->58493K(58752K) Class: 15329K(15552K)->15329K(15552K)
[31.006s][info][gc             ] GC(172) Pause Young (Allocation Failure) 351M->49M(1664M) 0.959ms
[31.006s][info][gc,cpu         ] GC(172) User=0.00s Sys=0.00s Real=0.00s
[31.198s][info][gc,start       ] GC(173) Pause Young (Allocation Failure)
[31.199s][info][gc,heap        ] GC(173) PSYoungGen: 305184K(305664K)->1056K(300544K) Eden: 304128K(304128K)->0K(299008K) From: 1056K(1536K)->1056K(1536K)
[31.199s][info][gc,heap        ] GC(173) ParOldGen: 49407K(1398272K)->49687K(1398272K)
[31.199s][info][gc,metaspace   ] GC(173) Metaspace: 73823K(74304K)->73823K(74304K) NonClass: 58493K(58752K)->58493K(58752K) Class: 15329K(15552K)->15329K(15552K)
[31.199s][info][gc             ] GC(173) Pause Young (Allocation Failure) 346M->49M(1659M) 0.901ms
[31.199s][info][gc,cpu         ] GC(173) User=0.00s Sys=0.00s Real=0.00s
[31.387s][info][gc,start       ] GC(174) Pause Young (Allocation Failure)
[31.387s][info][gc,heap        ] GC(174) PSYoungGen: 300064K(300544K)->1056K(295424K) Eden: 299008K(299008K)->0K(293888K) From: 1056K(1536K)->1056K(1536K)
[31.387s][info][gc,heap        ] GC(174) ParOldGen: 49687K(1398272K)->49735K(1398272K)
[31.387s][info][gc,metaspace   ] GC(174) Metaspace: 73823K(74304K)->73823K(74304K) NonClass: 58493K(58752K)->58493K(58752K) Class: 15329K(15552K)->15329K(15552K)
[31.387s][info][gc             ] GC(174) Pause Young (Allocation Failure) 341M->49M(1654M) 0.849ms
[31.387s][info][gc,cpu         ] GC(174) User=0.00s Sys=0.00s Real=0.00s
[31.573s][info][gc,start       ] GC(175) Pause Young (Allocation Failure)
[31.574s][info][gc,heap        ] GC(175) PSYoungGen: 294944K(295424K)->1056K(290304K) Eden: 293888K(293888K)->0K(288768K) From: 1056K(1536K)->1056K(1536K)
[31.574s][info][gc,heap        ] GC(175) ParOldGen: 49735K(1398272K)->49935K(1398272K)
[31.574s][info][gc,metaspace   ] GC(175) Metaspace: 73823K(74304K)->73823K(74304K) NonClass: 58493K(58752K)->58493K(58752K) Class: 15329K(15552K)->15329K(15552K)
[31.574s][info][gc             ] GC(175) Pause Young (Allocation Failure) 336M->49M(1649M) 0.928ms
[31.574s][info][gc,cpu         ] GC(175) User=0.00s Sys=0.00s Real=0.00s
[31.754s][info][gc,start       ] GC(176) Pause Young (Allocation Failure)
[31.755s][info][gc,heap        ] GC(176) PSYoungGen: 289824K(290304K)->1056K(285184K) Eden: 288768K(288768K)->0K(283648K) From: 1056K(1536K)->1056K(1536K)
[31.755s][info][gc,heap        ] GC(176) ParOldGen: 49935K(1398272K)->49959K(1398272K)
[31.755s][info][gc,metaspace   ] GC(176) Metaspace: 73823K(74304K)->73823K(74304K) NonClass: 58493K(58752K)->58493K(58752K) Class: 15329K(15552K)->15329K(15552K)
[31.755s][info][gc             ] GC(176) Pause Young (Allocation Failure) 331M->49M(1644M) 0.912ms
[31.755s][info][gc,cpu         ] GC(176) User=0.00s Sys=0.00s Real=0.00s
[31.964s][info][gc,start       ] GC(177) Pause Young (System.gc())
[31.965s][info][gc,heap        ] GC(177) PSYoungGen: 279697K(285184K)->1312K(285184K) Eden: 278641K(283648K)->0K(283648K) From: 1056K(1536K)->1312K(1536K)
[31.965s][info][gc,heap        ] GC(177) ParOldGen: 49959K(1398272K)->49999K(1398272K)
[31.965s][info][gc,metaspace   ] GC(177) Metaspace: 73845K(74304K)->73845K(74304K) NonClass: 58515K(58752K)->58515K(58752K) Class: 15329K(15552K)->15329K(15552K)
[31.965s][info][gc             ] GC(177) Pause Young (System.gc()) 321M->50M(1644M) 1.839ms
[31.965s][info][gc,cpu         ] GC(177) User=0.00s Sys=0.00s Real=0.00s
[31.966s][info][gc,start       ] GC(178) Pause Full (System.gc())
[31.966s][info][gc,phases,start] GC(178) Marking Phase
[32.005s][info][gc,phases      ] GC(178) Marking Phase 39.545ms
[32.005s][info][gc,phases,start] GC(178) Summary Phase
[32.005s][info][gc,phases      ] GC(178) Summary Phase 0.013ms
[32.005s][info][gc,phases,start] GC(178) Adjust Roots
[32.017s][info][gc,phases      ] GC(178) Adjust Roots 11.837ms
[32.017s][info][gc,phases,start] GC(178) Compaction Phase
[32.027s][info][gc,phases      ] GC(178) Compaction Phase 9.577ms
[32.027s][info][gc,phases,start] GC(178) Post Compact
[32.028s][info][gc,phases      ] GC(178) Post Compact 0.918ms
[32.028s][info][gc,heap        ] GC(178) PSYoungGen: 1312K(285184K)->0K(285184K) Eden: 0K(283648K)->0K(283648K) From: 1312K(1536K)->0K(1536K)
[32.028s][info][gc,heap        ] GC(178) ParOldGen: 49999K(1398272K)->35544K(1398272K)
[32.028s][info][gc,metaspace   ] GC(178) Metaspace: 73845K(74304K)->73845K(74304K) NonClass: 58515K(58752K)->58515K(58752K) Class: 15329K(15552K)->15329K(15552K)
[32.028s][info][gc             ] GC(178) Pause Full (System.gc()) 50M->34M(1644M) 62.163ms
[32.028s][info][gc,cpu         ] GC(178) User=0.64s Sys=0.00s Real=0.06s
[32.129s][info][gc,start       ] GC(179) Pause Young (Allocation Failure)
[32.130s][info][gc,heap        ] GC(179) PSYoungGen: 283648K(285184K)->2560K(281600K) Eden: 283648K(283648K)->0K(279040K) From: 0K(1536K)->2560K(2560K)
[32.130s][info][gc,heap        ] GC(179) ParOldGen: 35544K(1398272K)->36640K(1398272K)
[32.130s][info][gc,metaspace   ] GC(179) Metaspace: 73976K(74432K)->73976K(74432K) NonClass: 58645K(58880K)->58645K(58880K) Class: 15330K(15552K)->15330K(15552K)
[32.130s][info][gc             ] GC(179) Pause Young (Allocation Failure) 311M->38M(1640M) 1.688ms
[32.130s][info][gc,cpu         ] GC(179) User=0.00s Sys=0.00s Real=0.00s
[32.197s][info][gc,start       ] GC(180) Pause Young (Allocation Failure)
[32.199s][info][gc,heap        ] GC(180) PSYoungGen: 281600K(281600K)->1984K(276480K) Eden: 279040K(279040K)->0K(274432K) From: 2560K(2560K)->1984K(2048K)
[32.199s][info][gc,heap        ] GC(180) ParOldGen: 36640K(1398272K)->38376K(1398272K)
[32.199s][info][gc,metaspace   ] GC(180) Metaspace: 73976K(74432K)->73976K(74432K) NonClass: 58645K(58880K)->58645K(58880K) Class: 15330K(15552K)->15330K(15552K)
[32.199s][info][gc             ] GC(180) Pause Young (Allocation Failure) 310M->39M(1635M) 1.796ms
[32.199s][info][gc,cpu         ] GC(180) User=0.00s Sys=0.00s Real=0.00s
[32.264s][info][gc,start       ] GC(181) Pause Young (Allocation Failure)
[32.265s][info][gc,heap        ] GC(181) PSYoungGen: 276416K(276480K)->1856K(331776K) Eden: 274432K(274432K)->0K(329728K) From: 1984K(2048K)->1856K(2048K)
[32.265s][info][gc,heap        ] GC(181) ParOldGen: 38376K(1398272K)->38600K(1398272K)
[32.265s][info][gc,metaspace   ] GC(181) Metaspace: 73976K(74432K)->73976K(74432K) NonClass: 58645K(58880K)->58645K(58880K) Class: 15330K(15552K)->15330K(15552K)
[32.265s][info][gc             ] GC(181) Pause Young (Allocation Failure) 307M->39M(1689M) 1.104ms
[32.265s][info][gc,cpu         ] GC(181) User=0.00s Sys=0.00s Real=0.00s
[32.344s][info][gc,start       ] GC(182) Pause Young (Allocation Failure)
[32.345s][info][gc,heap        ] GC(182) PSYoungGen: 331584K(331776K)->1856K(397824K) Eden: 329728K(329728K)->0K(395776K) From: 1856K(2048K)->1856K(2048K)
[32.345s][info][gc,heap        ] GC(182) ParOldGen: 38600K(1398272K)->38640K(1398272K)
[32.345s][info][gc,metaspace   ] GC(182) Metaspace: 73976K(74432K)->73976K(74432K) NonClass: 58645K(58880K)->58645K(58880K) Class: 15330K(15552K)->15330K(15552K)
[32.345s][info][gc             ] GC(182) Pause Young (Allocation Failure) 361M->39M(1754M) 1.288ms
[32.345s][info][gc,cpu         ] GC(182) User=0.00s Sys=0.00s Real=0.00s
[32.440s][info][gc,start       ] GC(183) Pause Young (Allocation Failure)
[32.441s][info][gc,heap        ] GC(183) PSYoungGen: 397632K(397824K)->1920K(477184K) Eden: 395776K(395776K)->0K(475136K) From: 1856K(2048K)->1920K(2048K)
[32.441s][info][gc,heap        ] GC(183) ParOldGen: 38640K(1398272K)->38744K(1398272K)
[32.441s][info][gc,metaspace   ] GC(183) Metaspace: 73976K(74432K)->73976K(74432K) NonClass: 58645K(58880K)->58645K(58880K) Class: 15330K(15552K)->15330K(15552K)
[32.441s][info][gc             ] GC(183) Pause Young (Allocation Failure) 426M->39M(1831M) 1.180ms
[32.441s][info][gc,cpu         ] GC(183) User=0.00s Sys=0.00s Real=0.00s
[32.556s][info][gc,start       ] GC(184) Pause Young (Allocation Failure)
[32.558s][info][gc,heap        ] GC(184) PSYoungGen: 477056K(477184K)->1856K(465920K) Eden: 475136K(475136K)->0K(463872K) From: 1920K(2048K)->1856K(2048K)
[32.558s][info][gc,heap        ] GC(184) ParOldGen: 38744K(1398272K)->39008K(1398272K)
[32.558s][info][gc,metaspace   ] GC(184) Metaspace: 73976K(74432K)->73976K(74432K) NonClass: 58645K(58880K)->58645K(58880K) Class: 15330K(15552K)->15330K(15552K)
[32.558s][info][gc             ] GC(184) Pause Young (Allocation Failure) 503M->39M(1820M) 1.281ms
[32.558s][info][gc,cpu         ] GC(184) User=0.00s Sys=0.00s Real=0.00s
[32.669s][info][gc,start       ] GC(185) Pause Young (Allocation Failure)
[32.670s][info][gc,heap        ] GC(185) PSYoungGen: 465728K(465920K)->1888K(455168K) Eden: 463872K(463872K)->0K(453120K) From: 1856K(2048K)->1888K(2048K)
[32.670s][info][gc,heap        ] GC(185) ParOldGen: 39008K(1398272K)->39160K(1398272K)
[32.670s][info][gc,metaspace   ] GC(185) Metaspace: 73976K(74432K)->73976K(74432K) NonClass: 58645K(58880K)->58645K(58880K) Class: 15330K(15552K)->15330K(15552K)
[32.670s][info][gc             ] GC(185) Pause Young (Allocation Failure) 492M->40M(1810M) 1.213ms
[32.670s][info][gc,cpu         ] GC(185) User=0.00s Sys=0.00s Real=0.00s
[32.778s][info][gc,start       ] GC(186) Pause Young (Allocation Failure)
[32.780s][info][gc,heap        ] GC(186) PSYoungGen: 455008K(455168K)->1824K(444928K) Eden: 453120K(453120K)->0K(442880K) From: 1888K(2048K)->1824K(2048K)
[32.780s][info][gc,heap        ] GC(186) ParOldGen: 39160K(1398272K)->39296K(1398272K)
[32.780s][info][gc,metaspace   ] GC(186) Metaspace: 73976K(74432K)->73976K(74432K) NonClass: 58645K(58880K)->58645K(58880K) Class: 15330K(15552K)->15330K(15552K)
[32.780s][info][gc             ] GC(186) Pause Young (Allocation Failure) 482M->40M(1800M) 1.289ms
[32.780s][info][gc,cpu         ] GC(186) User=0.00s Sys=0.00s Real=0.00s
[32.885s][info][gc,start       ] GC(187) Pause Young (Allocation Failure)
[32.886s][info][gc,heap        ] GC(187) PSYoungGen: 444704K(444928K)->1856K(435200K) Eden: 442880K(442880K)->0K(433152K) From: 1824K(2048K)->1856K(2048K)
[32.886s][info][gc,heap        ] GC(187) ParOldGen: 39296K(1398272K)->39384K(1398272K)
[32.886s][info][gc,metaspace   ] GC(187) Metaspace: 73976K(74432K)->73976K(74432K) NonClass: 58645K(58880K)->58645K(58880K) Class: 15330K(15552K)->15330K(15552K)
[32.887s][info][gc             ] GC(187) Pause Young (Allocation Failure) 472M->40M(1790M) 1.134ms
[32.887s][info][gc,cpu         ] GC(187) User=0.00s Sys=0.00s Real=0.00s
[32.990s][info][gc,start       ] GC(188) Pause Young (Allocation Failure)
[32.991s][info][gc,heap        ] GC(188) PSYoungGen: 435008K(435200K)->1856K(425472K) Eden: 433152K(433152K)->0K(423424K) From: 1856K(2048K)->1856K(2048K)
[32.991s][info][gc,heap        ] GC(188) ParOldGen: 39384K(1398272K)->39504K(1398272K)
[32.992s][info][gc,metaspace   ] GC(188) Metaspace: 73976K(74432K)->73976K(74432K) NonClass: 58645K(58880K)->58645K(58880K) Class: 15330K(15552K)->15330K(15552K)
[32.992s][info][gc             ] GC(188) Pause Young (Allocation Failure) 463M->40M(1781M) 1.303ms
[32.992s][info][gc,cpu         ] GC(188) User=0.00s Sys=0.00s Real=0.00s
[33.093s][info][gc,start       ] GC(189) Pause Young (Allocation Failure)
[33.094s][info][gc,heap        ] GC(189) PSYoungGen: 425280K(425472K)->1984K(416256K) Eden: 423424K(423424K)->0K(414208K) From: 1856K(2048K)->1984K(2048K)
[33.094s][info][gc,heap        ] GC(189) ParOldGen: 39504K(1398272K)->39624K(1398272K)
[33.094s][info][gc,metaspace   ] GC(189) Metaspace: 73976K(74432K)->73976K(74432K) NonClass: 58645K(58880K)->58645K(58880K) Class: 15330K(15552K)->15330K(15552K)
[33.094s][info][gc             ] GC(189) Pause Young (Allocation Failure) 453M->40M(1772M) 1.188ms
[33.094s][info][gc,cpu         ] GC(189) User=0.00s Sys=0.00s Real=0.00s
[33.193s][info][gc,start       ] GC(190) Pause Young (Allocation Failure)
[33.194s][info][gc,heap        ] GC(190) PSYoungGen: 416192K(416256K)->1792K(407552K) Eden: 414208K(414208K)->0K(405504K) From: 1984K(2048K)->1792K(2048K)
[33.194s][info][gc,heap        ] GC(190) ParOldGen: 39624K(1398272K)->39752K(1398272K)
[33.194s][info][gc,metaspace   ] GC(190) Metaspace: 73976K(74432K)->73976K(74432K) NonClass: 58645K(58880K)->58645K(58880K) Class: 15330K(15552K)->15330K(15552K)
[33.194s][info][gc             ] GC(190) Pause Young (Allocation Failure) 445M->40M(1763M) 1.295ms
[33.194s][info][gc,cpu         ] GC(190) User=0.00s Sys=0.00s Real=0.00s
[33.291s][info][gc,start       ] GC(191) Pause Young (Allocation Failure)
[33.292s][info][gc,heap        ] GC(191) PSYoungGen: 407296K(407552K)->1888K(398848K) Eden: 405504K(405504K)->0K(396800K) From: 1792K(2048K)->1888K(2048K)
[33.292s][info][gc,heap        ] GC(191) ParOldGen: 39752K(1398272K)->39864K(1398272K)
[33.292s][info][gc,metaspace   ] GC(191) Metaspace: 73976K(74432K)->73976K(74432K) NonClass: 58645K(58880K)->58645K(58880K) Class: 15330K(15552K)->15330K(15552K)
[33.292s][info][gc             ] GC(191) Pause Young (Allocation Failure) 436M->40M(1755M) 1.179ms
[33.292s][info][gc,cpu         ] GC(191) User=0.00s Sys=0.00s Real=0.00s
[33.388s][info][gc,start       ] GC(192) Pause Young (Allocation Failure)
[33.389s][info][gc,heap        ] GC(192) PSYoungGen: 398688K(398848K)->1824K(390656K) Eden: 396800K(396800K)->0K(388608K) From: 1888K(2048K)->1824K(2048K)
[33.389s][info][gc,heap        ] GC(192) ParOldGen: 39864K(1398272K)->39960K(1398272K)
[33.389s][info][gc,metaspace   ] GC(192) Metaspace: 73976K(74432K)->73976K(74432K) NonClass: 58645K(58880K)->58645K(58880K) Class: 15330K(15552K)->15330K(15552K)
[33.389s][info][gc             ] GC(192) Pause Young (Allocation Failure) 428M->40M(1747M) 1.319ms
[33.389s][info][gc,cpu         ] GC(192) User=0.00s Sys=0.00s Real=0.00s
[33.482s][info][gc,start       ] GC(193) Pause Young (Allocation Failure)
[33.483s][info][gc,heap        ] GC(193) PSYoungGen: 390432K(390656K)->1536K(381952K) Eden: 388608K(388608K)->0K(380416K) From: 1824K(2048K)->1536K(1536K)
[33.483s][info][gc,heap        ] GC(193) ParOldGen: 39960K(1398272K)->40264K(1398272K)
[33.483s][info][gc,metaspace   ] GC(193) Metaspace: 73976K(74432K)->73976K(74432K) NonClass: 58645K(58880K)->58645K(58880K) Class: 15330K(15552K)->15330K(15552K)
[33.483s][info][gc             ] GC(193) Pause Young (Allocation Failure) 420M->40M(1738M) 1.093ms
[33.483s][info][gc,cpu         ] GC(193) User=0.00s Sys=0.00s Real=0.00s
[33.575s][info][gc,start       ] GC(194) Pause Young (Allocation Failure)
[33.576s][info][gc,heap        ] GC(194) PSYoungGen: 381952K(381952K)->1792K(374784K) Eden: 380416K(380416K)->0K(372736K) From: 1536K(1536K)->1792K(2048K)
[33.576s][info][gc,heap        ] GC(194) ParOldGen: 40264K(1398272K)->40544K(1398272K)
[33.576s][info][gc,metaspace   ] GC(194) Metaspace: 73990K(74432K)->73990K(74432K) NonClass: 58660K(58880K)->58660K(58880K) Class: 15330K(15552K)->15330K(15552K)
[33.576s][info][gc             ] GC(194) Pause Young (Allocation Failure) 412M->41M(1731M) 1.359ms
[33.576s][info][gc,cpu         ] GC(194) User=0.00s Sys=0.00s Real=0.00s
[33.665s][info][gc,start       ] GC(195) Pause Young (Allocation Failure)
[33.666s][info][gc,heap        ] GC(195) PSYoungGen: 374528K(374784K)->1856K(367104K) Eden: 372736K(372736K)->0K(365056K) From: 1792K(2048K)->1856K(2048K)
[33.666s][info][gc,heap        ] GC(195) ParOldGen: 40544K(1398272K)->40680K(1398272K)
[33.666s][info][gc,metaspace   ] GC(195) Metaspace: 73990K(74432K)->73990K(74432K) NonClass: 58660K(58880K)->58660K(58880K) Class: 15330K(15552K)->15330K(15552K)
[33.666s][info][gc             ] GC(195) Pause Young (Allocation Failure) 405M->41M(1724M) 1.139ms
[33.666s][info][gc,cpu         ] GC(195) User=0.00s Sys=0.00s Real=0.00s
[33.754s][info][gc,start       ] GC(196) Pause Young (Allocation Failure)
[33.755s][info][gc,heap        ] GC(196) PSYoungGen: 366912K(367104K)->1824K(359936K) Eden: 365056K(365056K)->0K(357888K) From: 1856K(2048K)->1824K(2048K)
[33.755s][info][gc,heap        ] GC(196) ParOldGen: 40680K(1398272K)->40776K(1398272K)
[33.755s][info][gc,metaspace   ] GC(196) Metaspace: 73990K(74432K)->73990K(74432K) NonClass: 58660K(58880K)->58660K(58880K) Class: 15330K(15552K)->15330K(15552K)
[33.755s][info][gc             ] GC(196) Pause Young (Allocation Failure) 398M->41M(1717M) 1.371ms
[33.755s][info][gc,cpu         ] GC(196) User=0.00s Sys=0.00s Real=0.00s
[33.841s][info][gc,start       ] GC(197) Pause Young (Allocation Failure)
[33.842s][info][gc,heap        ] GC(197) PSYoungGen: 359712K(359936K)->1536K(352256K) Eden: 357888K(357888K)->0K(350720K) From: 1824K(2048K)->1536K(1536K)
[33.842s][info][gc,heap        ] GC(197) ParOldGen: 40776K(1398272K)->40992K(1398272K)
[33.842s][info][gc,metaspace   ] GC(197) Metaspace: 73990K(74432K)->73990K(74432K) NonClass: 58660K(58880K)->58660K(58880K) Class: 15330K(15552K)->15330K(15552K)
[33.842s][info][gc             ] GC(197) Pause Young (Allocation Failure) 391M->41M(1709M) 1.069ms
[33.842s][info][gc,cpu         ] GC(197) User=0.00s Sys=0.00s Real=0.00s
[33.926s][info][gc,start       ] GC(198) Pause Young (Allocation Failure)
[33.927s][info][gc,heap        ] GC(198) PSYoungGen: 352256K(352256K)->1952K(422912K) Eden: 350720K(350720K)->0K(420864K) From: 1536K(1536K)->1952K(2048K)
[33.927s][info][gc,heap        ] GC(198) ParOldGen: 40992K(1398272K)->41152K(1398272K)
[33.927s][info][gc,metaspace   ] GC(198) Metaspace: 73990K(74432K)->73990K(74432K) NonClass: 58660K(58880K)->58660K(58880K) Class: 15330K(15552K)->15330K(15552K)
[33.927s][info][gc             ] GC(198) Pause Young (Allocation Failure) 384M->42M(1778M) 1.236ms
[33.927s][info][gc,cpu         ] GC(198) User=0.00s Sys=0.00s Real=0.00s
[34.027s][info][gc,start       ] GC(199) Pause Young (Allocation Failure)
[34.028s][info][gc,heap        ] GC(199) PSYoungGen: 422816K(422912K)->1888K(413696K) Eden: 420864K(420864K)->0K(411648K) From: 1952K(2048K)->1888K(2048K)
[34.028s][info][gc,heap        ] GC(199) ParOldGen: 41152K(1398272K)->41280K(1398272K)
[34.028s][info][gc,metaspace   ] GC(199) Metaspace: 73990K(74432K)->73990K(74432K) NonClass: 58660K(58880K)->58660K(58880K) Class: 15330K(15552K)->15330K(15552K)
[34.028s][info][gc             ] GC(199) Pause Young (Allocation Failure) 453M->42M(1769M) 1.136ms
[34.029s][info][gc,cpu         ] GC(199) User=0.00s Sys=0.00s Real=0.00s
[34.127s][info][gc,start       ] GC(200) Pause Young (Allocation Failure)
[34.128s][info][gc,heap        ] GC(200) PSYoungGen: 413536K(413696K)->1888K(404992K) Eden: 411648K(411648K)->0K(402944K) From: 1888K(2048K)->1888K(2048K)
[34.128s][info][gc,heap        ] GC(200) ParOldGen: 41280K(1398272K)->41384K(1398272K)
[34.128s][info][gc,metaspace   ] GC(200) Metaspace: 73990K(74432K)->73990K(74432K) NonClass: 58660K(58880K)->58660K(58880K) Class: 15330K(15552K)->15330K(15552K)
[34.128s][info][gc             ] GC(200) Pause Young (Allocation Failure) 444M->42M(1761M) 1.428ms
[34.128s][info][gc,cpu         ] GC(200) User=0.00s Sys=0.00s Real=0.00s
[34.225s][info][gc,start       ] GC(201) Pause Young (Allocation Failure)
[34.226s][info][gc,heap        ] GC(201) PSYoungGen: 404832K(404992K)->1536K(395776K) Eden: 402944K(402944K)->0K(394240K) From: 1888K(2048K)->1536K(1536K)
[34.226s][info][gc,heap        ] GC(201) ParOldGen: 41384K(1398272K)->41544K(1398272K)
[34.226s][info][gc,metaspace   ] GC(201) Metaspace: 73990K(74432K)->73990K(74432K) NonClass: 58660K(58880K)->58660K(58880K) Class: 15330K(15552K)->15330K(15552K)
[34.226s][info][gc             ] GC(201) Pause Young (Allocation Failure) 435M->42M(1752M) 1.053ms
[34.226s][info][gc,cpu         ] GC(201) User=0.00s Sys=0.00s Real=0.00s
[34.320s][info][gc,start       ] GC(202) Pause Young (Allocation Failure)
[34.321s][info][gc,heap        ] GC(202) PSYoungGen: 395776K(395776K)->1920K(388096K) Eden: 394240K(394240K)->0K(386048K) From: 1536K(1536K)->1920K(2048K)
[34.321s][info][gc,heap        ] GC(202) ParOldGen: 41544K(1398272K)->41672K(1398272K)
[34.321s][info][gc,metaspace   ] GC(202) Metaspace: 73990K(74432K)->73990K(74432K) NonClass: 58660K(58880K)->58660K(58880K) Class: 15330K(15552K)->15330K(15552K)
[34.322s][info][gc             ] GC(202) Pause Young (Allocation Failure) 427M->42M(1744M) 1.252ms
[34.322s][info][gc,cpu         ] GC(202) User=0.00s Sys=0.00s Real=0.00s
[34.414s][info][gc,start       ] GC(203) Pause Young (Allocation Failure)
[34.415s][info][gc,heap        ] GC(203) PSYoungGen: 387968K(388096K)->1856K(380416K) Eden: 386048K(386048K)->0K(378368K) From: 1920K(2048K)->1856K(2048K)
[34.415s][info][gc,heap        ] GC(203) ParOldGen: 41672K(1398272K)->41824K(1398272K)
[34.415s][info][gc,metaspace   ] GC(203) Metaspace: 73990K(74432K)->73990K(74432K) NonClass: 58660K(58880K)->58660K(58880K) Class: 15330K(15552K)->15330K(15552K)
[34.415s][info][gc             ] GC(203) Pause Young (Allocation Failure) 419M->42M(1737M) 1.106ms
[34.415s][info][gc,cpu         ] GC(203) User=0.00s Sys=0.00s Real=0.00s
[34.506s][info][gc,start       ] GC(204) Pause Young (Allocation Failure)
[34.508s][info][gc,heap        ] GC(204) PSYoungGen: 380224K(380416K)->1824K(372736K) Eden: 378368K(378368K)->0K(370688K) From: 1856K(2048K)->1824K(2048K)
[34.508s][info][gc,heap        ] GC(204) ParOldGen: 41824K(1398272K)->42080K(1398272K)
[34.508s][info][gc,metaspace   ] GC(204) Metaspace: 73990K(74432K)->73990K(74432K) NonClass: 58660K(58880K)->58660K(58880K) Class: 15330K(15552K)->15330K(15552K)
[34.508s][info][gc             ] GC(204) Pause Young (Allocation Failure) 412M->42M(1729M) 1.322ms
[34.508s][info][gc,cpu         ] GC(204) User=0.00s Sys=0.00s Real=0.00s
[34.596s][info][gc,start       ] GC(205) Pause Young (Allocation Failure)
[34.597s][info][gc,heap        ] GC(205) PSYoungGen: 372512K(372736K)->1536K(365056K) Eden: 370688K(370688K)->0K(363520K) From: 1824K(2048K)->1536K(1536K)
[34.597s][info][gc,heap        ] GC(205) ParOldGen: 42080K(1398272K)->42248K(1398272K)
[34.597s][info][gc,metaspace   ] GC(205) Metaspace: 73990K(74432K)->73990K(74432K) NonClass: 58660K(58880K)->58660K(58880K) Class: 15330K(15552K)->15330K(15552K)
[34.597s][info][gc             ] GC(205) Pause Young (Allocation Failure) 404M->42M(1722M) 1.090ms
[34.597s][info][gc,cpu         ] GC(205) User=0.00s Sys=0.00s Real=0.00s
[34.684s][info][gc,start       ] GC(206) Pause Young (Allocation Failure)
[34.685s][info][gc,heap        ] GC(206) PSYoungGen: 365056K(365056K)->1856K(358400K) Eden: 363520K(363520K)->0K(356352K) From: 1536K(1536K)->1856K(2048K)
[34.685s][info][gc,heap        ] GC(206) ParOldGen: 42248K(1398272K)->42512K(1398272K)
[34.685s][info][gc,metaspace   ] GC(206) Metaspace: 73990K(74432K)->73990K(74432K) NonClass: 58660K(58880K)->58660K(58880K) Class: 15330K(15552K)->15330K(15552K)
[34.685s][info][gc             ] GC(206) Pause Young (Allocation Failure) 397M->43M(1715M) 1.234ms
[34.686s][info][gc,cpu         ] GC(206) User=0.00s Sys=0.00s Real=0.00s
[34.771s][info][gc,start       ] GC(207) Pause Young (Allocation Failure)
[34.772s][info][gc,heap        ] GC(207) PSYoungGen: 358208K(358400K)->1920K(430080K) Eden: 356352K(356352K)->0K(428032K) From: 1856K(2048K)->1920K(2048K)
[34.772s][info][gc,heap        ] GC(207) ParOldGen: 42512K(1398272K)->42712K(1398272K)
[34.772s][info][gc,metaspace   ] GC(207) Metaspace: 73990K(74432K)->73990K(74432K) NonClass: 58660K(58880K)->58660K(58880K) Class: 15330K(15552K)->15330K(15552K)
[34.772s][info][gc             ] GC(207) Pause Young (Allocation Failure) 391M->43M(1785M) 1.099ms
[34.772s][info][gc,cpu         ] GC(207) User=0.02s Sys=0.00s Real=0.00s
[34.874s][info][gc,start       ] GC(208) Pause Young (Allocation Failure)
[34.875s][info][gc,heap        ] GC(208) PSYoungGen: 429952K(430080K)->1792K(420864K) Eden: 428032K(428032K)->0K(418816K) From: 1920K(2048K)->1792K(2048K)
[34.875s][info][gc,heap        ] GC(208) ParOldGen: 42712K(1398272K)->42824K(1398272K)
[34.875s][info][gc,metaspace   ] GC(208) Metaspace: 73990K(74432K)->73990K(74432K) NonClass: 58660K(58880K)->58660K(58880K) Class: 15330K(15552K)->15330K(15552K)
[34.875s][info][gc             ] GC(208) Pause Young (Allocation Failure) 461M->43M(1776M) 1.317ms
[34.875s][info][gc,cpu         ] GC(208) User=0.00s Sys=0.00s Real=0.00s
[34.976s][info][gc,start       ] GC(209) Pause Young (Allocation Failure)
[34.977s][info][gc,heap        ] GC(209) PSYoungGen: 420608K(420864K)->1536K(411136K) Eden: 418816K(418816K)->0K(409600K) From: 1792K(2048K)->1536K(1536K)
[34.977s][info][gc,heap        ] GC(209) ParOldGen: 42824K(1398272K)->43056K(1398272K)
[34.977s][info][gc,metaspace   ] GC(209) Metaspace: 73990K(74432K)->73990K(74432K) NonClass: 58660K(58880K)->58660K(58880K) Class: 15330K(15552K)->15330K(15552K)
[34.977s][info][gc             ] GC(209) Pause Young (Allocation Failure) 452M->43M(1767M) 1.072ms
[34.977s][info][gc,cpu         ] GC(209) User=0.00s Sys=0.00s Real=0.00s
[35.075s][info][gc,start       ] GC(210) Pause Young (Allocation Failure)
[35.076s][info][gc,heap        ] GC(210) PSYoungGen: 411136K(411136K)->1856K(402944K) Eden: 409600K(409600K)->0K(400896K) From: 1536K(1536K)->1856K(2048K)
[35.076s][info][gc,heap        ] GC(210) ParOldGen: 43056K(1398272K)->43192K(1398272K)
[35.076s][info][gc,metaspace   ] GC(210) Metaspace: 73990K(74432K)->73990K(74432K) NonClass: 58660K(58880K)->58660K(58880K) Class: 15330K(15552K)->15330K(15552K)
[35.076s][info][gc             ] GC(210) Pause Young (Allocation Failure) 443M->43M(1759M) 1.243ms
[35.076s][info][gc,cpu         ] GC(210) User=0.00s Sys=0.00s Real=0.00s
[35.172s][info][gc,start       ] GC(211) Pause Young (Allocation Failure)
[35.173s][info][gc,heap        ] GC(211) PSYoungGen: 402752K(402944K)->1824K(394752K) Eden: 400896K(400896K)->0K(392704K) From: 1856K(2048K)->1824K(2048K)
[35.173s][info][gc,heap        ] GC(211) ParOldGen: 43192K(1398272K)->43320K(1398272K)
[35.173s][info][gc,metaspace   ] GC(211) Metaspace: 73990K(74432K)->73990K(74432K) NonClass: 58660K(58880K)->58660K(58880K) Class: 15330K(15552K)->15330K(15552K)
[35.173s][info][gc             ] GC(211) Pause Young (Allocation Failure) 435M->44M(1751M) 1.091ms
[35.173s][info][gc,cpu         ] GC(211) User=0.00s Sys=0.00s Real=0.00s
[35.267s][info][gc,start       ] GC(212) Pause Young (Allocation Failure)
[35.268s][info][gc,heap        ] GC(212) PSYoungGen: 394528K(394752K)->1824K(386560K) Eden: 392704K(392704K)->0K(384512K) From: 1824K(2048K)->1824K(2048K)
[35.268s][info][gc,heap        ] GC(212) ParOldGen: 43320K(1398272K)->43456K(1398272K)
[35.268s][info][gc,metaspace   ] GC(212) Metaspace: 73990K(74432K)->73990K(74432K) NonClass: 58660K(58880K)->58660K(58880K) Class: 15330K(15552K)->15330K(15552K)
[35.268s][info][gc             ] GC(212) Pause Young (Allocation Failure) 427M->44M(1743M) 1.389ms
[35.268s][info][gc,cpu         ] GC(212) User=0.00s Sys=0.00s Real=0.00s
[35.360s][info][gc,start       ] GC(213) Pause Young (Allocation Failure)
[35.361s][info][gc,heap        ] GC(213) PSYoungGen: 386336K(386560K)->512K(377344K) Eden: 384512K(384512K)->0K(376832K) From: 1824K(2048K)->512K(512K)
[35.361s][info][gc,heap        ] GC(213) ParOldGen: 43456K(1398272K)->44488K(1398272K)
[35.361s][info][gc,metaspace   ] GC(213) Metaspace: 73990K(74432K)->73990K(74432K) NonClass: 58660K(58880K)->58660K(58880K) Class: 15330K(15552K)->15330K(15552K)
[35.361s][info][gc             ] GC(213) Pause Young (Allocation Failure) 419M->43M(1734M) 1.219ms
[35.361s][info][gc,cpu         ] GC(213) User=0.00s Sys=0.00s Real=0.00s
[35.452s][info][gc,start       ] GC(214) Pause Young (Allocation Failure)
[35.453s][info][gc,heap        ] GC(214) PSYoungGen: 377344K(377344K)->1984K(371200K) Eden: 376832K(376832K)->0K(369152K) From: 512K(512K)->1984K(2048K)
[35.453s][info][gc,heap        ] GC(214) ParOldGen: 44488K(1398272K)->44672K(1398272K)
[35.453s][info][gc,metaspace   ] GC(214) Metaspace: 74003K(74432K)->74003K(74432K) NonClass: 58672K(58880K)->58672K(58880K) Class: 15330K(15552K)->15330K(15552K)
[35.453s][info][gc             ] GC(214) Pause Young (Allocation Failure) 411M->45M(1728M) 1.141ms
[35.453s][info][gc,cpu         ] GC(214) User=0.00s Sys=0.00s Real=0.00s
[35.541s][info][gc,start       ] GC(215) Pause Young (Allocation Failure)
[35.542s][info][gc,heap        ] GC(215) PSYoungGen: 371136K(371200K)->1920K(445440K) Eden: 369152K(369152K)->0K(443392K) From: 1984K(2048K)->1920K(2048K)
[35.542s][info][gc,heap        ] GC(215) ParOldGen: 44672K(1398272K)->44944K(1398272K)
[35.542s][info][gc,metaspace   ] GC(215) Metaspace: 74003K(74432K)->74003K(74432K) NonClass: 58672K(58880K)->58672K(58880K) Class: 15330K(15552K)->15330K(15552K)
[35.542s][info][gc             ] GC(215) Pause Young (Allocation Failure) 406M->45M(1800M) 1.128ms
[35.542s][info][gc,cpu         ] GC(215) User=0.00s Sys=0.00s Real=0.00s
[35.649s][info][gc,start       ] GC(216) Pause Young (Allocation Failure)
[35.650s][info][gc,heap        ] GC(216) PSYoungGen: 445312K(445440K)->1920K(435712K) Eden: 443392K(443392K)->0K(433664K) From: 1920K(2048K)->1920K(2048K)
[35.650s][info][gc,heap        ] GC(216) ParOldGen: 44944K(1398272K)->45024K(1398272K)
[35.650s][info][gc,metaspace   ] GC(216) Metaspace: 74003K(74432K)->74003K(74432K) NonClass: 58672K(58880K)->58672K(58880K) Class: 15330K(15552K)->15330K(15552K)
[35.650s][info][gc             ] GC(216) Pause Young (Allocation Failure) 478M->45M(1791M) 1.319ms
[35.650s][info][gc,cpu         ] GC(216) User=0.00s Sys=0.00s Real=0.00s
[35.754s][info][gc,start       ] GC(217) Pause Young (Allocation Failure)
[35.756s][info][gc,heap        ] GC(217) PSYoungGen: 435584K(435712K)->1536K(425472K) Eden: 433664K(433664K)->0K(423936K) From: 1920K(2048K)->1536K(1536K)
[35.756s][info][gc,heap        ] GC(217) ParOldGen: 45024K(1398272K)->45240K(1398272K)
[35.756s][info][gc,metaspace   ] GC(217) Metaspace: 74003K(74432K)->74003K(74432K) NonClass: 58672K(58880K)->58672K(58880K) Class: 15330K(15552K)->15330K(15552K)
[35.756s][info][gc             ] GC(217) Pause Young (Allocation Failure) 469M->45M(1781M) 1.868ms
[35.756s][info][gc,cpu         ] GC(217) User=0.00s Sys=0.00s Real=0.00s
[35.857s][info][gc,start       ] GC(218) Pause Young (Allocation Failure)
[35.859s][info][gc,heap        ] GC(218) PSYoungGen: 425472K(425472K)->1888K(416768K) Eden: 423936K(423936K)->0K(414720K) From: 1536K(1536K)->1888K(2048K)
[35.859s][info][gc,heap        ] GC(218) ParOldGen: 45240K(1398272K)->45456K(1398272K)
[35.859s][info][gc,metaspace   ] GC(218) Metaspace: 74003K(74432K)->74003K(74432K) NonClass: 58672K(58880K)->58672K(58880K) Class: 15330K(15552K)->15330K(15552K)
[35.859s][info][gc             ] GC(218) Pause Young (Allocation Failure) 459M->46M(1772M) 1.238ms
[35.859s][info][gc,cpu         ] GC(218) User=0.00s Sys=0.00s Real=0.00s
[35.958s][info][gc,start       ] GC(219) Pause Young (Allocation Failure)
[35.959s][info][gc,heap        ] GC(219) PSYoungGen: 416608K(416768K)->1856K(408064K) Eden: 414720K(414720K)->0K(406016K) From: 1888K(2048K)->1856K(2048K)
[35.959s][info][gc,heap        ] GC(219) ParOldGen: 45456K(1398272K)->45576K(1398272K)
[35.959s][info][gc,metaspace   ] GC(219) Metaspace: 74003K(74432K)->74003K(74432K) NonClass: 58672K(58880K)->58672K(58880K) Class: 15330K(15552K)->15330K(15552K)
[35.959s][info][gc             ] GC(219) Pause Young (Allocation Failure) 451M->46M(1764M) 1.162ms
[35.959s][info][gc,cpu         ] GC(219) User=0.00s Sys=0.00s Real=0.00s
[36.056s][info][gc,start       ] GC(220) Pause Young (Allocation Failure)
[36.057s][info][gc,heap        ] GC(220) PSYoungGen: 407872K(408064K)->1888K(399360K) Eden: 406016K(406016K)->0K(397312K) From: 1856K(2048K)->1888K(2048K)
[36.057s][info][gc,heap        ] GC(220) ParOldGen: 45576K(1398272K)->45688K(1398272K)
[36.057s][info][gc,metaspace   ] GC(220) Metaspace: 74003K(74432K)->74003K(74432K) NonClass: 58672K(58880K)->58672K(58880K) Class: 15330K(15552K)->15330K(15552K)
[36.057s][info][gc             ] GC(220) Pause Young (Allocation Failure) 442M->46M(1755M) 1.316ms
[36.057s][info][gc,cpu         ] GC(220) User=0.00s Sys=0.00s Real=0.00s
[36.152s][info][gc,start       ] GC(221) Pause Young (Allocation Failure)
[36.153s][info][gc,heap        ] GC(221) PSYoungGen: 399200K(399360K)->1536K(390656K) Eden: 397312K(397312K)->0K(389120K) From: 1888K(2048K)->1536K(1536K)
[36.153s][info][gc,heap        ] GC(221) ParOldGen: 45688K(1398272K)->45896K(1398272K)
[36.153s][info][gc,metaspace   ] GC(221) Metaspace: 74003K(74432K)->74003K(74432K) NonClass: 58672K(58880K)->58672K(58880K) Class: 15330K(15552K)->15330K(15552K)
[36.153s][info][gc             ] GC(221) Pause Young (Allocation Failure) 434M->46M(1747M) 1.072ms
[36.153s][info][gc,cpu         ] GC(221) User=0.00s Sys=0.00s Real=0.00s
[36.246s][info][gc,start       ] GC(222) Pause Young (Allocation Failure)
[36.247s][info][gc,heap        ] GC(222) PSYoungGen: 390656K(390656K)->1920K(382976K) Eden: 389120K(389120K)->0K(380928K) From: 1536K(1536K)->1920K(2048K)
[36.247s][info][gc,heap        ] GC(222) ParOldGen: 45896K(1398272K)->46008K(1398272K)
[36.247s][info][gc,metaspace   ] GC(222) Metaspace: 74003K(74432K)->74003K(74432K) NonClass: 58672K(58880K)->58672K(58880K) Class: 15330K(15552K)->15330K(15552K)
[36.247s][info][gc             ] GC(222) Pause Young (Allocation Failure) 426M->46M(1739M) 1.251ms
[36.248s][info][gc,cpu         ] GC(222) User=0.00s Sys=0.00s Real=0.00s
[36.339s][info][gc,start       ] GC(223) Pause Young (Allocation Failure)
[36.340s][info][gc,heap        ] GC(223) PSYoungGen: 382848K(382976K)->1920K(375296K) Eden: 380928K(380928K)->0K(373248K) From: 1920K(2048K)->1920K(2048K)
[36.340s][info][gc,heap        ] GC(223) ParOldGen: 46008K(1398272K)->46160K(1398272K)
[36.340s][info][gc,metaspace   ] GC(223) Metaspace: 74003K(74432K)->74003K(74432K) NonClass: 58672K(58880K)->58672K(58880K) Class: 15330K(15552K)->15330K(15552K)
[36.340s][info][gc             ] GC(223) Pause Young (Allocation Failure) 418M->46M(1732M) 1.082ms
[36.340s][info][gc,cpu         ] GC(223) User=0.00s Sys=0.00s Real=0.00s
[36.430s][info][gc,start       ] GC(224) Pause Young (Allocation Failure)
[36.431s][info][gc,heap        ] GC(224) PSYoungGen: 375168K(375296K)->1888K(367616K) Eden: 373248K(373248K)->0K(365568K) From: 1920K(2048K)->1888K(2048K)
[36.431s][info][gc,heap        ] GC(224) ParOldGen: 46160K(1398272K)->46296K(1398272K)
[36.431s][info][gc,metaspace   ] GC(224) Metaspace: 74003K(74432K)->74003K(74432K) NonClass: 58672K(58880K)->58672K(58880K) Class: 15330K(15552K)->15330K(15552K)
[36.431s][info][gc             ] GC(224) Pause Young (Allocation Failure) 411M->47M(1724M) 1.352ms
[36.431s][info][gc,cpu         ] GC(224) User=0.00s Sys=0.00s Real=0.00s
[36.519s][info][gc,start       ] GC(225) Pause Young (Allocation Failure)
[36.520s][info][gc,heap        ] GC(225) PSYoungGen: 367456K(367616K)->1536K(359936K) Eden: 365568K(365568K)->0K(358400K) From: 1888K(2048K)->1536K(1536K)
[36.520s][info][gc,heap        ] GC(225) ParOldGen: 46296K(1398272K)->46624K(1398272K)
[36.520s][info][gc,metaspace   ] GC(225) Metaspace: 74003K(74432K)->74003K(74432K) NonClass: 58672K(58880K)->58672K(58880K) Class: 15330K(15552K)->15330K(15552K)
[36.520s][info][gc             ] GC(225) Pause Young (Allocation Failure) 404M->47M(1717M) 1.125ms
[36.520s][info][gc,cpu         ] GC(225) User=0.00s Sys=0.00s Real=0.00s
[36.607s][info][gc,start       ] GC(226) Pause Young (Allocation Failure)
[36.608s][info][gc,heap        ] GC(226) PSYoungGen: 359936K(359936K)->1792K(353280K) Eden: 358400K(358400K)->0K(351232K) From: 1536K(1536K)->1792K(2048K)
[36.608s][info][gc,heap        ] GC(226) ParOldGen: 46624K(1398272K)->46904K(1398272K)
[36.608s][info][gc,metaspace   ] GC(226) Metaspace: 74003K(74432K)->74003K(74432K) NonClass: 58672K(58880K)->58672K(58880K) Class: 15330K(15552K)->15330K(15552K)
[36.608s][info][gc             ] GC(226) Pause Young (Allocation Failure) 397M->47M(1710M) 1.177ms
[36.608s][info][gc,cpu         ] GC(226) User=0.00s Sys=0.00s Real=0.00s
[36.695s][info][gc,start       ] GC(227) Pause Young (Allocation Failure)
[36.696s][info][gc,heap        ] GC(227) PSYoungGen: 353024K(353280K)->1760K(346624K) Eden: 351232K(351232K)->0K(344576K) From: 1792K(2048K)->1760K(2048K)
[36.696s][info][gc,heap        ] GC(227) ParOldGen: 46904K(1398272K)->47184K(1398272K)
[36.696s][info][gc,metaspace   ] GC(227) Metaspace: 74003K(74432K)->74003K(74432K) NonClass: 58672K(58880K)->58672K(58880K) Class: 15330K(15552K)->15330K(15552K)
[36.696s][info][gc             ] GC(227) Pause Young (Allocation Failure) 390M->47M(1704M) 1.030ms
[36.696s][info][gc,cpu         ] GC(227) User=0.00s Sys=0.00s Real=0.00s
[36.784s][info][gc,start       ] GC(228) Pause Young (Allocation Failure)
[36.785s][info][gc,heap        ] GC(228) PSYoungGen: 346336K(346624K)->1696K(339968K) Eden: 344576K(344576K)->0K(337920K) From: 1760K(2048K)->1696K(2048K)
[36.785s][info][gc,heap        ] GC(228) ParOldGen: 47184K(1398272K)->47456K(1398272K)
[36.785s][info][gc,metaspace   ] GC(228) Metaspace: 74003K(74432K)->74003K(74432K) NonClass: 58672K(58880K)->58672K(58880K) Class: 15330K(15552K)->15330K(15552K)
[36.785s][info][gc             ] GC(228) Pause Young (Allocation Failure) 384M->48M(1697M) 1.292ms
[36.785s][info][gc,cpu         ] GC(228) User=0.00s Sys=0.00s Real=0.00s
[36.874s][info][gc,start       ] GC(229) Pause Young (Allocation Failure)
[36.875s][info][gc,heap        ] GC(229) PSYoungGen: 339616K(339968K)->512K(332288K) Eden: 337920K(337920K)->0K(331776K) From: 1696K(2048K)->512K(512K)
[36.875s][info][gc,heap        ] GC(229) ParOldGen: 47456K(1398272K)->48120K(1398272K)
[36.875s][info][gc,metaspace   ] GC(229) Metaspace: 74003K(74432K)->74003K(74432K) NonClass: 58672K(58880K)->58672K(58880K) Class: 15330K(15552K)->15330K(15552K)
[36.875s][info][gc             ] GC(229) Pause Young (Allocation Failure) 378M->47M(1690M) 0.948ms
[36.875s][info][gc,cpu         ] GC(229) User=0.00s Sys=0.00s Real=0.00s
[36.967s][info][gc,start       ] GC(230) Pause Young (Allocation Failure)
[36.968s][info][gc,heap        ] GC(230) PSYoungGen: 332288K(332288K)->1472K(328192K) Eden: 331776K(331776K)->0K(325632K) From: 512K(512K)->1472K(2560K)
[36.968s][info][gc,heap        ] GC(230) ParOldGen: 48120K(1398272K)->48256K(1398272K)
[36.968s][info][gc,metaspace   ] GC(230) Metaspace: 74004K(74432K)->74004K(74432K) NonClass: 58674K(58880K)->58674K(58880K) Class: 15330K(15552K)->15330K(15552K)
[36.968s][info][gc             ] GC(230) Pause Young (Allocation Failure) 371M->48M(1686M) 0.972ms
[36.968s][info][gc,cpu         ] GC(230) User=0.00s Sys=0.00s Real=0.00s
[37.068s][info][gc,start       ] GC(231) Pause Young (Allocation Failure)
[37.111s][info][gc,heap        ] GC(231) PSYoungGen: 327104K(328192K)->1280K(321024K) Eden: 325632K(325632K)->0K(319488K) From: 1472K(2560K)->1280K(1536K)
[37.111s][info][gc,heap        ] GC(231) ParOldGen: 48256K(1398272K)->48592K(1398272K)
[37.111s][info][gc,metaspace   ] GC(231) Metaspace: 74015K(74432K)->74015K(74432K) NonClass: 58685K(58880K)->58685K(58880K) Class: 15330K(15552K)->15330K(15552K)
[37.111s][info][gc             ] GC(231) Pause Young (Allocation Failure) 366M->48M(1679M) 42.205ms
[37.111s][info][gc,cpu         ] GC(231) User=0.00s Sys=0.00s Real=0.03s
[37.238s][info][gc,start       ] GC(232) Pause Young (Allocation Failure)
[37.239s][info][gc,heap        ] GC(232) PSYoungGen: 320768K(321024K)->1216K(315392K) Eden: 319488K(319488K)->0K(313856K) From: 1280K(1536K)->1216K(1536K)
[37.239s][info][gc,heap        ] GC(232) ParOldGen: 48592K(1398272K)->48928K(1398272K)
[37.239s][info][gc,metaspace   ] GC(232) Metaspace: 74015K(74432K)->74015K(74432K) NonClass: 58685K(58880K)->58685K(58880K) Class: 15330K(15552K)->15330K(15552K)
[37.239s][info][gc             ] GC(232) Pause Young (Allocation Failure) 360M->48M(1673M) 1.064ms
[37.239s][info][gc,cpu         ] GC(232) User=0.00s Sys=0.00s Real=0.00s
[37.361s][info][gc,start       ] GC(233) Pause Young (Allocation Failure)
[37.362s][info][gc,heap        ] GC(233) PSYoungGen: 315072K(315392K)->1152K(309760K) Eden: 313856K(313856K)->0K(308224K) From: 1216K(1536K)->1152K(1536K)
[37.362s][info][gc,heap        ] GC(233) ParOldGen: 48928K(1398272K)->49152K(1398272K)
[37.362s][info][gc,metaspace   ] GC(233) Metaspace: 74016K(74432K)->74016K(74432K) NonClass: 58685K(58880K)->58685K(58880K) Class: 15330K(15552K)->15330K(15552K)
[37.362s][info][gc             ] GC(233) Pause Young (Allocation Failure) 355M->49M(1668M) 1.022ms
[37.362s][info][gc,cpu         ] GC(233) User=0.00s Sys=0.00s Real=0.00s
[37.507s][info][gc,start       ] GC(234) Pause Young (Allocation Failure)
[37.508s][info][gc,heap        ] GC(234) PSYoungGen: 309376K(309760K)->1088K(304128K) Eden: 308224K(308224K)->0K(302592K) From: 1152K(1536K)->1088K(1536K)
[37.508s][info][gc,heap        ] GC(234) ParOldGen: 49152K(1398272K)->49376K(1398272K)
[37.508s][info][gc,metaspace   ] GC(234) Metaspace: 74022K(74432K)->74022K(74432K) NonClass: 58692K(58880K)->58692K(58880K) Class: 15330K(15552K)->15330K(15552K)
[37.508s][info][gc             ] GC(234) Pause Young (Allocation Failure) 350M->49M(1662M) 1.075ms
[37.508s][info][gc,cpu         ] GC(234) User=0.00s Sys=0.00s Real=0.00s
[37.673s][info][gc,start       ] GC(235) Pause Young (Allocation Failure)
[37.674s][info][gc,heap        ] GC(235) PSYoungGen: 303680K(304128K)->992K(298496K) Eden: 302592K(302592K)->0K(297472K) From: 1088K(1536K)->992K(1024K)
[37.674s][info][gc,heap        ] GC(235) ParOldGen: 49376K(1398272K)->49688K(1398272K)
[37.674s][info][gc,metaspace   ] GC(235) Metaspace: 74023K(74432K)->74023K(74432K) NonClass: 58692K(58880K)->58692K(58880K) Class: 15330K(15552K)->15330K(15552K)
[37.674s][info][gc             ] GC(235) Pause Young (Allocation Failure) 344M->49M(1657M) 1.103ms
[37.674s][info][gc,cpu         ] GC(235) User=0.00s Sys=0.02s Real=0.02s
[37.844s][info][gc,start       ] GC(236) Pause Young (Allocation Failure)
[37.844s][info][gc,heap        ] GC(236) PSYoungGen: 298464K(298496K)->1056K(293888K) Eden: 297472K(297472K)->0K(292352K) From: 992K(1024K)->1056K(1536K)
[37.844s][info][gc,heap        ] GC(236) ParOldGen: 49688K(1398272K)->49816K(1398272K)
[37.844s][info][gc,metaspace   ] GC(236) Metaspace: 74023K(74432K)->74023K(74432K) NonClass: 58693K(58880K)->58693K(58880K) Class: 15330K(15552K)->15330K(15552K)
[37.844s][info][gc             ] GC(236) Pause Young (Allocation Failure) 339M->49M(1652M) 0.808ms
[37.844s][info][gc,cpu         ] GC(236) User=0.17s Sys=0.03s Real=0.02s
[38.011s][info][gc,start       ] GC(237) Pause Young (Allocation Failure)
[38.012s][info][gc,heap        ] GC(237) PSYoungGen: 293408K(293888K)->1056K(288768K) Eden: 292352K(292352K)->0K(287232K) From: 1056K(1536K)->1056K(1536K)
[38.012s][info][gc,heap        ] GC(237) ParOldGen: 49816K(1398272K)->49928K(1398272K)
[38.012s][info][gc,metaspace   ] GC(237) Metaspace: 74028K(74432K)->74028K(74432K) NonClass: 58698K(58880K)->58698K(58880K) Class: 15330K(15552K)->15330K(15552K)
[38.012s][info][gc             ] GC(237) Pause Young (Allocation Failure) 335M->49M(1647M) 0.905ms
[38.012s][info][gc,cpu         ] GC(237) User=0.00s Sys=0.00s Real=0.00s
[38.174s][info][gc,start       ] GC(238) Pause Young (Allocation Failure)
[38.175s][info][gc,heap        ] GC(238) PSYoungGen: 288288K(288768K)->1056K(284160K) Eden: 287232K(287232K)->0K(282624K) From: 1056K(1536K)->1056K(1536K)
[38.175s][info][gc,heap        ] GC(238) ParOldGen: 49928K(1398272K)->49928K(1398272K)
[38.175s][info][gc,metaspace   ] GC(238) Metaspace: 74029K(74432K)->74029K(74432K) NonClass: 58698K(58880K)->58698K(58880K) Class: 15330K(15552K)->15330K(15552K)
[38.175s][info][gc             ] GC(238) Pause Young (Allocation Failure) 330M->49M(1643M) 0.961ms
[38.175s][info][gc,cpu         ] GC(238) User=0.00s Sys=0.00s Real=0.00s
[38.337s][info][gc,start       ] GC(239) Pause Young (Allocation Failure)
[38.337s][info][gc,heap        ] GC(239) PSYoungGen: 283680K(284160K)->1056K(279552K) Eden: 282624K(282624K)->0K(278016K) From: 1056K(1536K)->1056K(1536K)
[38.337s][info][gc,heap        ] GC(239) ParOldGen: 49928K(1398272K)->49944K(1398272K)
[38.337s][info][gc,metaspace   ] GC(239) Metaspace: 74029K(74432K)->74029K(74432K) NonClass: 58698K(58880K)->58698K(58880K) Class: 15330K(15552K)->15330K(15552K)
[38.337s][info][gc             ] GC(239) Pause Young (Allocation Failure) 325M->49M(1638M) 0.833ms
[38.337s][info][gc,cpu         ] GC(239) User=0.00s Sys=0.00s Real=0.00s
[38.496s][info][gc,start       ] GC(240) Pause Young (Allocation Failure)
[38.497s][info][gc,heap        ] GC(240) PSYoungGen: 279072K(279552K)->1056K(274944K) Eden: 278016K(278016K)->0K(273408K) From: 1056K(1536K)->1056K(1536K)
[38.497s][info][gc,heap        ] GC(240) ParOldGen: 49944K(1398272K)->50056K(1398272K)
[38.497s][info][gc,metaspace   ] GC(240) Metaspace: 74029K(74432K)->74029K(74432K) NonClass: 58698K(58880K)->58698K(58880K) Class: 15330K(15552K)->15330K(15552K)
[38.497s][info][gc             ] GC(240) Pause Young (Allocation Failure) 321M->49M(1634M) 0.907ms
[38.497s][info][gc,cpu         ] GC(240) User=0.00s Sys=0.00s Real=0.00s
[38.658s][info][gc,start       ] GC(241) Pause Young (System.gc())
[38.659s][info][gc,heap        ] GC(241) PSYoungGen: 238663K(274944K)->1504K(274944K) Eden: 237607K(273408K)->0K(273408K) From: 1056K(1536K)->1504K(1536K)
[38.659s][info][gc,heap        ] GC(241) ParOldGen: 50056K(1398272K)->50176K(1398272K)
[38.659s][info][gc,metaspace   ] GC(241) Metaspace: 74062K(74560K)->74062K(74560K) NonClass: 58731K(59008K)->58731K(59008K) Class: 15330K(15552K)->15330K(15552K)
[38.659s][info][gc             ] GC(241) Pause Young (System.gc()) 281M->50M(1634M) 1.653ms
[38.660s][info][gc,cpu         ] GC(241) User=0.00s Sys=0.00s Real=0.00s
[38.660s][info][gc,start       ] GC(242) Pause Full (System.gc())
[38.660s][info][gc,phases,start] GC(242) Marking Phase
[38.694s][info][gc,phases      ] GC(242) Marking Phase 34.013ms
[38.694s][info][gc,phases,start] GC(242) Summary Phase
[38.694s][info][gc,phases      ] GC(242) Summary Phase 0.014ms
[38.694s][info][gc,phases,start] GC(242) Adjust Roots
[38.710s][info][gc,phases      ] GC(242) Adjust Roots 16.771ms
[38.711s][info][gc,phases,start] GC(242) Compaction Phase
[38.719s][info][gc,phases      ] GC(242) Compaction Phase 8.660ms
[38.719s][info][gc,phases,start] GC(242) Post Compact
[38.720s][info][gc,phases      ] GC(242) Post Compact 0.803ms
[38.720s][info][gc,heap        ] GC(242) PSYoungGen: 1504K(274944K)->0K(274944K) Eden: 0K(273408K)->0K(273408K) From: 1504K(1536K)->0K(1536K)
[38.720s][info][gc,heap        ] GC(242) ParOldGen: 50176K(1398272K)->35525K(1398272K)
[38.720s][info][gc,metaspace   ] GC(242) Metaspace: 74062K(74560K)->74062K(74560K) NonClass: 58731K(59008K)->58731K(59008K) Class: 15330K(15552K)->15330K(15552K)
[38.720s][info][gc             ] GC(242) Pause Full (System.gc()) 50M->34M(1634M) 60.537ms
[38.720s][info][gc,cpu         ] GC(242) User=0.38s Sys=0.03s Real=0.05s
[38.816s][info][gc,start       ] GC(243) Pause Young (Allocation Failure)
[38.818s][info][gc,heap        ] GC(243) PSYoungGen: 273408K(274944K)->2560K(271360K) Eden: 273408K(273408K)->0K(268800K) From: 0K(1536K)->2560K(2560K)
[38.818s][info][gc,heap        ] GC(243) ParOldGen: 35525K(1398272K)->36541K(1398272K)
[38.818s][info][gc,metaspace   ] GC(243) Metaspace: 74197K(74688K)->74197K(74688K) NonClass: 58867K(59136K)->58867K(59136K) Class: 15330K(15552K)->15330K(15552K)
[38.818s][info][gc             ] GC(243) Pause Young (Allocation Failure) 301M->38M(1630M) 1.918ms
[38.818s][info][gc,cpu         ] GC(243) User=0.00s Sys=0.00s Real=0.00s
[38.882s][info][gc,start       ] GC(244) Pause Young (Allocation Failure)
[38.883s][info][gc,heap        ] GC(244) PSYoungGen: 271360K(271360K)->1536K(266240K) Eden: 268800K(268800K)->0K(264704K) From: 2560K(2560K)->1536K(1536K)
[38.883s][info][gc,heap        ] GC(244) ParOldGen: 36541K(1398272K)->38349K(1398272K)
[38.883s][info][gc,metaspace   ] GC(244) Metaspace: 74197K(74688K)->74197K(74688K) NonClass: 58867K(59136K)->58867K(59136K) Class: 15330K(15552K)->15330K(15552K)
[38.883s][info][gc             ] GC(244) Pause Young (Allocation Failure) 300M->38M(1625M) 1.613ms
[38.883s][info][gc,cpu         ] GC(244) User=0.00s Sys=0.00s Real=0.00s
[38.946s][info][gc,start       ] GC(245) Pause Young (Allocation Failure)
[38.947s][info][gc,heap        ] GC(245) PSYoungGen: 266240K(266240K)->1856K(320000K) Eden: 264704K(264704K)->0K(317952K) From: 1536K(1536K)->1856K(2048K)
[38.947s][info][gc,heap        ] GC(245) ParOldGen: 38349K(1398272K)->38557K(1398272K)
[38.947s][info][gc,metaspace   ] GC(245) Metaspace: 74197K(74688K)->74197K(74688K) NonClass: 58867K(59136K)->58867K(59136K) Class: 15330K(15552K)->15330K(15552K)
[38.947s][info][gc             ] GC(245) Pause Young (Allocation Failure) 297M->39M(1678M) 1.327ms
[38.948s][info][gc,cpu         ] GC(245) User=0.00s Sys=0.00s Real=0.00s
[39.024s][info][gc,start       ] GC(246) Pause Young (Allocation Failure)
[39.025s][info][gc,heap        ] GC(246) PSYoungGen: 319808K(320000K)->1952K(384000K) Eden: 317952K(317952K)->0K(381952K) From: 1856K(2048K)->1952K(2048K)
[39.025s][info][gc,heap        ] GC(246) ParOldGen: 38557K(1398272K)->38637K(1398272K)
[39.025s][info][gc,metaspace   ] GC(246) Metaspace: 74197K(74688K)->74197K(74688K) NonClass: 58867K(59136K)->58867K(59136K) Class: 15330K(15552K)->15330K(15552K)
[39.025s][info][gc             ] GC(246) Pause Young (Allocation Failure) 349M->39M(1740M) 1.323ms
[39.025s][info][gc,cpu         ] GC(246) User=0.00s Sys=0.00s Real=0.00s
[39.116s][info][gc,start       ] GC(247) Pause Young (Allocation Failure)
[39.117s][info][gc,heap        ] GC(247) PSYoungGen: 383904K(384000K)->1920K(460800K) Eden: 381952K(381952K)->0K(458752K) From: 1952K(2048K)->1920K(2048K)
[39.117s][info][gc,heap        ] GC(247) ParOldGen: 38637K(1398272K)->38717K(1398272K)
[39.117s][info][gc,metaspace   ] GC(247) Metaspace: 74197K(74688K)->74197K(74688K) NonClass: 58867K(59136K)->58867K(59136K) Class: 15330K(15552K)->15330K(15552K)
[39.117s][info][gc             ] GC(247) Pause Young (Allocation Failure) 412M->39M(1815M) 1.313ms
[39.117s][info][gc,cpu         ] GC(247) User=0.00s Sys=0.00s Real=0.00s
[39.227s][info][gc,start       ] GC(248) Pause Young (Allocation Failure)
[39.228s][info][gc,heap        ] GC(248) PSYoungGen: 460672K(460800K)->2080K(507904K) Eden: 458752K(458752K)->0K(504320K) From: 1920K(2048K)->2080K(3584K)
[39.228s][info][gc,heap        ] GC(248) ParOldGen: 38717K(1398272K)->38869K(1398272K)
[39.228s][info][gc,metaspace   ] GC(248) Metaspace: 74197K(74688K)->74197K(74688K) NonClass: 58867K(59136K)->58867K(59136K) Class: 15330K(15552K)->15330K(15552K)
[39.228s][info][gc             ] GC(248) Pause Young (Allocation Failure) 487M->39M(1861M) 1.258ms
[39.228s][info][gc,cpu         ] GC(248) User=0.00s Sys=0.00s Real=0.00s
[39.348s][info][gc,start       ] GC(249) Pause Young (Allocation Failure)
[39.350s][info][gc,heap        ] GC(249) PSYoungGen: 506400K(507904K)->1792K(494080K) Eden: 504320K(504320K)->0K(492032K) From: 2080K(3584K)->1792K(2048K)
[39.350s][info][gc,heap        ] GC(249) ParOldGen: 38869K(1398272K)->38981K(1398272K)
[39.350s][info][gc,metaspace   ] GC(249) Metaspace: 74197K(74688K)->74197K(74688K) NonClass: 58867K(59136K)->58867K(59136K) Class: 15330K(15552K)->15330K(15552K)
[39.350s][info][gc             ] GC(249) Pause Young (Allocation Failure) 532M->39M(1848M) 1.631ms
[39.350s][info][gc,cpu         ] GC(249) User=0.00s Sys=0.00s Real=0.00s
[39.468s][info][gc,start       ] GC(250) Pause Young (Allocation Failure)
[39.469s][info][gc,heap        ] GC(250) PSYoungGen: 493824K(494080K)->1920K(482304K) Eden: 492032K(492032K)->0K(480256K) From: 1792K(2048K)->1920K(2048K)
[39.469s][info][gc,heap        ] GC(250) ParOldGen: 38981K(1398272K)->39077K(1398272K)
[39.469s][info][gc,metaspace   ] GC(250) Metaspace: 74197K(74688K)->74197K(74688K) NonClass: 58867K(59136K)->58867K(59136K) Class: 15330K(15552K)->15330K(15552K)
[39.469s][info][gc             ] GC(250) Pause Young (Allocation Failure) 520M->40M(1836M) 1.115ms
[39.469s][info][gc,cpu         ] GC(250) User=0.00s Sys=0.00s Real=0.00s
[39.583s][info][gc,start       ] GC(251) Pause Young (Allocation Failure)
[39.585s][info][gc,heap        ] GC(251) PSYoungGen: 482176K(482304K)->1888K(471040K) Eden: 480256K(480256K)->0K(468992K) From: 1920K(2048K)->1888K(2048K)
[39.585s][info][gc,heap        ] GC(251) ParOldGen: 39077K(1398272K)->39333K(1398272K)
[39.585s][info][gc,metaspace   ] GC(251) Metaspace: 74197K(74688K)->74197K(74688K) NonClass: 58867K(59136K)->58867K(59136K) Class: 15330K(15552K)->15330K(15552K)
[39.585s][info][gc             ] GC(251) Pause Young (Allocation Failure) 509M->40M(1825M) 1.331ms
[39.585s][info][gc,cpu         ] GC(251) User=0.00s Sys=0.00s Real=0.00s
[39.696s][info][gc,start       ] GC(252) Pause Young (Allocation Failure)
[39.698s][info][gc,heap        ] GC(252) PSYoungGen: 470880K(471040K)->1920K(460288K) Eden: 468992K(468992K)->0K(458240K) From: 1888K(2048K)->1920K(2048K)
[39.698s][info][gc,heap        ] GC(252) ParOldGen: 39333K(1398272K)->39493K(1398272K)
[39.698s][info][gc,metaspace   ] GC(252) Metaspace: 74197K(74688K)->74197K(74688K) NonClass: 58867K(59136K)->58867K(59136K) Class: 15330K(15552K)->15330K(15552K)
[39.698s][info][gc             ] GC(252) Pause Young (Allocation Failure) 498M->40M(1815M) 1.210ms
[39.698s][info][gc,cpu         ] GC(252) User=0.00s Sys=0.00s Real=0.00s
[39.807s][info][gc,start       ] GC(253) Pause Young (Allocation Failure)
[39.808s][info][gc,heap        ] GC(253) PSYoungGen: 460160K(460288K)->1888K(450048K) Eden: 458240K(458240K)->0K(448000K) From: 1920K(2048K)->1888K(2048K)
[39.808s][info][gc,heap        ] GC(253) ParOldGen: 39493K(1398272K)->39605K(1398272K)
[39.808s][info][gc,metaspace   ] GC(253) Metaspace: 74197K(74688K)->74197K(74688K) NonClass: 58867K(59136K)->58867K(59136K) Class: 15330K(15552K)->15330K(15552K)
[39.808s][info][gc             ] GC(253) Pause Young (Allocation Failure) 487M->40M(1805M) 1.343ms
[39.808s][info][gc,cpu         ] GC(253) User=0.00s Sys=0.00s Real=0.00s
[39.916s][info][gc,start       ] GC(254) Pause Young (Allocation Failure)
[39.917s][info][gc,heap        ] GC(254) PSYoungGen: 449888K(450048K)->1888K(439808K) Eden: 448000K(448000K)->0K(437760K) From: 1888K(2048K)->1888K(2048K)
[39.917s][info][gc,heap        ] GC(254) ParOldGen: 39605K(1398272K)->39693K(1398272K)
[39.917s][info][gc,metaspace   ] GC(254) Metaspace: 74198K(74688K)->74198K(74688K) NonClass: 58868K(59136K)->58868K(59136K) Class: 15330K(15552K)->15330K(15552K)
[39.917s][info][gc             ] GC(254) Pause Young (Allocation Failure) 478M->40M(1795M) 1.173ms
[39.917s][info][gc,cpu         ] GC(254) User=0.00s Sys=0.00s Real=0.00s
[40.022s][info][gc,start       ] GC(255) Pause Young (Allocation Failure)
[40.023s][info][gc,heap        ] GC(255) PSYoungGen: 439648K(439808K)->1888K(430080K) Eden: 437760K(437760K)->0K(428032K) From: 1888K(2048K)->1888K(2048K)
[40.023s][info][gc,heap        ] GC(255) ParOldGen: 39693K(1398272K)->39805K(1398272K)
[40.023s][info][gc,metaspace   ] GC(255) Metaspace: 74198K(74688K)->74198K(74688K) NonClass: 58868K(59136K)->58868K(59136K) Class: 15330K(15552K)->15330K(15552K)
[40.023s][info][gc             ] GC(255) Pause Young (Allocation Failure) 468M->40M(1785M) 1.323ms
[40.023s][info][gc,cpu         ] GC(255) User=0.02s Sys=0.00s Real=0.00s
[40.125s][info][gc,start       ] GC(256) Pause Young (Allocation Failure)
[40.127s][info][gc,heap        ] GC(256) PSYoungGen: 429920K(430080K)->1920K(420864K) Eden: 428032K(428032K)->0K(418816K) From: 1888K(2048K)->1920K(2048K)
[40.127s][info][gc,heap        ] GC(256) ParOldGen: 39805K(1398272K)->39933K(1398272K)
[40.127s][info][gc,metaspace   ] GC(256) Metaspace: 74206K(74688K)->74206K(74688K) NonClass: 58875K(59136K)->58875K(59136K) Class: 15330K(15552K)->15330K(15552K)
[40.127s][info][gc             ] GC(256) Pause Young (Allocation Failure) 458M->40M(1776M) 1.200ms
[40.127s][info][gc,cpu         ] GC(256) User=0.00s Sys=0.00s Real=0.00s
[40.226s][info][gc,start       ] GC(257) Pause Young (Allocation Failure)
[40.228s][info][gc,heap        ] GC(257) PSYoungGen: 420736K(420864K)->1856K(411648K) Eden: 418816K(418816K)->0K(409600K) From: 1920K(2048K)->1856K(2048K)
[40.228s][info][gc,heap        ] GC(257) ParOldGen: 39933K(1398272K)->40021K(1398272K)
[40.228s][info][gc,metaspace   ] GC(257) Metaspace: 74206K(74688K)->74206K(74688K) NonClass: 58875K(59136K)->58875K(59136K) Class: 15330K(15552K)->15330K(15552K)
[40.228s][info][gc             ] GC(257) Pause Young (Allocation Failure) 449M->40M(1767M) 1.337ms
[40.228s][info][gc,cpu         ] GC(257) User=0.00s Sys=0.00s Real=0.00s
[40.326s][info][gc,start       ] GC(258) Pause Young (Allocation Failure)
[40.327s][info][gc,heap        ] GC(258) PSYoungGen: 411456K(411648K)->1536K(402432K) Eden: 409600K(409600K)->0K(400896K) From: 1856K(2048K)->1536K(1536K)
[40.327s][info][gc,heap        ] GC(258) ParOldGen: 40021K(1398272K)->40205K(1398272K)
[40.327s][info][gc,metaspace   ] GC(258) Metaspace: 74225K(74688K)->74225K(74688K) NonClass: 58894K(59136K)->58894K(59136K) Class: 15330K(15552K)->15330K(15552K)
[40.327s][info][gc             ] GC(258) Pause Young (Allocation Failure) 440M->40M(1758M) 1.084ms
[40.327s][info][gc,cpu         ] GC(258) User=0.00s Sys=0.00s Real=0.00s
[40.423s][info][gc,start       ] GC(259) Pause Young (Allocation Failure)
[40.424s][info][gc,heap        ] GC(259) PSYoungGen: 402432K(402432K)->1856K(394752K) Eden: 400896K(400896K)->0K(392704K) From: 1536K(1536K)->1856K(2048K)
[40.424s][info][gc,heap        ] GC(259) ParOldGen: 40205K(1398272K)->40333K(1398272K)
[40.424s][info][gc,metaspace   ] GC(259) Metaspace: 74225K(74688K)->74225K(74688K) NonClass: 58894K(59136K)->58894K(59136K) Class: 15330K(15552K)->15330K(15552K)
[40.424s][info][gc             ] GC(259) Pause Young (Allocation Failure) 432M->41M(1751M) 1.311ms
[40.425s][info][gc,cpu         ] GC(259) User=0.00s Sys=0.00s Real=0.00s
[40.518s][info][gc,start       ] GC(260) Pause Young (Allocation Failure)
[40.519s][info][gc,heap        ] GC(260) PSYoungGen: 394560K(394752K)->1952K(386560K) Eden: 392704K(392704K)->0K(384512K) From: 1856K(2048K)->1952K(2048K)
[40.519s][info][gc,heap        ] GC(260) ParOldGen: 40333K(1398272K)->40597K(1398272K)
[40.519s][info][gc,metaspace   ] GC(260) Metaspace: 74225K(74688K)->74225K(74688K) NonClass: 58894K(59136K)->58894K(59136K) Class: 15330K(15552K)->15330K(15552K)
[40.519s][info][gc             ] GC(260) Pause Young (Allocation Failure) 424M->41M(1743M) 1.157ms
[40.519s][info][gc,cpu         ] GC(260) User=0.00s Sys=0.00s Real=0.00s
[40.611s][info][gc,start       ] GC(261) Pause Young (Allocation Failure)
[40.612s][info][gc,heap        ] GC(261) PSYoungGen: 386464K(386560K)->1888K(378880K) Eden: 384512K(384512K)->0K(376832K) From: 1952K(2048K)->1888K(2048K)
[40.612s][info][gc,heap        ] GC(261) ParOldGen: 40597K(1398272K)->40709K(1398272K)
[40.612s][info][gc,metaspace   ] GC(261) Metaspace: 74225K(74688K)->74225K(74688K) NonClass: 58894K(59136K)->58894K(59136K) Class: 15330K(15552K)->15330K(15552K)
[40.612s][info][gc             ] GC(261) Pause Young (Allocation Failure) 417M->41M(1735M) 1.294ms
[40.613s][info][gc,cpu         ] GC(261) User=0.00s Sys=0.00s Real=0.00s
[40.703s][info][gc,start       ] GC(262) Pause Young (Allocation Failure)
[40.705s][info][gc,heap        ] GC(262) PSYoungGen: 378720K(378880K)->1536K(370688K) Eden: 376832K(376832K)->0K(369152K) From: 1888K(2048K)->1536K(1536K)
[40.705s][info][gc,heap        ] GC(262) ParOldGen: 40709K(1398272K)->40893K(1398272K)
[40.705s][info][gc,metaspace   ] GC(262) Metaspace: 74225K(74688K)->74225K(74688K) NonClass: 58894K(59136K)->58894K(59136K) Class: 15330K(15552K)->15330K(15552K)
[40.705s][info][gc             ] GC(262) Pause Young (Allocation Failure) 409M->41M(1727M) 1.202ms
[40.705s][info][gc,cpu         ] GC(262) User=0.00s Sys=0.00s Real=0.00s
[40.794s][info][gc,start       ] GC(263) Pause Young (Allocation Failure)
[40.795s][info][gc,heap        ] GC(263) PSYoungGen: 370688K(370688K)->1824K(445440K) Eden: 369152K(369152K)->0K(443392K) From: 1536K(1536K)->1824K(2048K)
[40.795s][info][gc,heap        ] GC(263) ParOldGen: 40893K(1398272K)->40997K(1398272K)
[40.795s][info][gc,metaspace   ] GC(263) Metaspace: 74225K(74688K)->74225K(74688K) NonClass: 58894K(59136K)->58894K(59136K) Class: 15330K(15552K)->15330K(15552K)
[40.795s][info][gc             ] GC(263) Pause Young (Allocation Failure) 401M->41M(1800M) 1.294ms
[40.795s][info][gc,cpu         ] GC(263) User=0.00s Sys=0.00s Real=0.00s
[40.901s][info][gc,start       ] GC(264) Pause Young (Allocation Failure)
[40.902s][info][gc,heap        ] GC(264) PSYoungGen: 445216K(445440K)->1792K(435712K) Eden: 443392K(443392K)->0K(433664K) From: 1824K(2048K)->1792K(2048K)
[40.902s][info][gc,heap        ] GC(264) ParOldGen: 40997K(1398272K)->41101K(1398272K)
[40.902s][info][gc,metaspace   ] GC(264) Metaspace: 74225K(74688K)->74225K(74688K) NonClass: 58894K(59136K)->58894K(59136K) Class: 15330K(15552K)->15330K(15552K)
[40.902s][info][gc             ] GC(264) Pause Young (Allocation Failure) 474M->41M(1791M) 1.115ms
[40.902s][info][gc,cpu         ] GC(264) User=0.00s Sys=0.00s Real=0.00s
[41.006s][info][gc,start       ] GC(265) Pause Young (Allocation Failure)
[41.007s][info][gc,heap        ] GC(265) PSYoungGen: 435456K(435712K)->1856K(425984K) Eden: 433664K(433664K)->0K(423936K) From: 1792K(2048K)->1856K(2048K)
[41.007s][info][gc,heap        ] GC(265) ParOldGen: 41101K(1398272K)->41189K(1398272K)
[41.007s][info][gc,metaspace   ] GC(265) Metaspace: 74225K(74688K)->74225K(74688K) NonClass: 58894K(59136K)->58894K(59136K) Class: 15330K(15552K)->15330K(15552K)
[41.007s][info][gc             ] GC(265) Pause Young (Allocation Failure) 465M->42M(1781M) 1.412ms
[41.007s][info][gc,cpu         ] GC(265) User=0.00s Sys=0.00s Real=0.00s
[41.108s][info][gc,start       ] GC(266) Pause Young (Allocation Failure)
[41.110s][info][gc,heap        ] GC(266) PSYoungGen: 425792K(425984K)->1536K(416256K) Eden: 423936K(423936K)->0K(414720K) From: 1856K(2048K)->1536K(1536K)
[41.110s][info][gc,heap        ] GC(266) ParOldGen: 41189K(1398272K)->41341K(1398272K)
[41.110s][info][gc,metaspace   ] GC(266) Metaspace: 74225K(74688K)->74225K(74688K) NonClass: 58894K(59136K)->58894K(59136K) Class: 15330K(15552K)->15330K(15552K)
[41.110s][info][gc             ] GC(266) Pause Young (Allocation Failure) 456M->41M(1772M) 1.177ms
[41.110s][info][gc,cpu         ] GC(266) User=0.00s Sys=0.00s Real=0.00s
[41.209s][info][gc,start       ] GC(267) Pause Young (Allocation Failure)
[41.210s][info][gc,heap        ] GC(267) PSYoungGen: 416256K(416256K)->1824K(408064K) Eden: 414720K(414720K)->0K(406016K) From: 1536K(1536K)->1824K(2048K)
[41.210s][info][gc,heap        ] GC(267) ParOldGen: 41341K(1398272K)->41469K(1398272K)
[41.210s][info][gc,metaspace   ] GC(267) Metaspace: 74225K(74688K)->74225K(74688K) NonClass: 58894K(59136K)->58894K(59136K) Class: 15330K(15552K)->15330K(15552K)
[41.210s][info][gc             ] GC(267) Pause Young (Allocation Failure) 446M->42M(1764M) 1.288ms
[41.210s][info][gc,cpu         ] GC(267) User=0.00s Sys=0.00s Real=0.00s
[41.307s][info][gc,start       ] GC(268) Pause Young (Allocation Failure)
[41.308s][info][gc,heap        ] GC(268) PSYoungGen: 407840K(408064K)->1824K(399360K) Eden: 406016K(406016K)->0K(397312K) From: 1824K(2048K)->1824K(2048K)
[41.308s][info][gc,heap        ] GC(268) ParOldGen: 41469K(1398272K)->41573K(1398272K)
[41.308s][info][gc,metaspace   ] GC(268) Metaspace: 74225K(74688K)->74225K(74688K) NonClass: 58894K(59136K)->58894K(59136K) Class: 15330K(15552K)->15330K(15552K)
[41.308s][info][gc             ] GC(268) Pause Young (Allocation Failure) 438M->42M(1755M) 1.111ms
[41.308s][info][gc,cpu         ] GC(268) User=0.00s Sys=0.00s Real=0.00s
[41.403s][info][gc,start       ] GC(269) Pause Young (Allocation Failure)
[41.404s][info][gc,heap        ] GC(269) PSYoungGen: 399136K(399360K)->1952K(391168K) Eden: 397312K(397312K)->0K(389120K) From: 1824K(2048K)->1952K(2048K)
[41.404s][info][gc,heap        ] GC(269) ParOldGen: 41573K(1398272K)->41685K(1398272K)
[41.404s][info][gc,metaspace   ] GC(269) Metaspace: 74225K(74688K)->74225K(74688K) NonClass: 58894K(59136K)->58894K(59136K) Class: 15330K(15552K)->15330K(15552K)
[41.405s][info][gc             ] GC(269) Pause Young (Allocation Failure) 430M->42M(1747M) 1.430ms
[41.405s][info][gc,cpu         ] GC(269) User=0.00s Sys=0.00s Real=0.00s
[41.498s][info][gc,start       ] GC(270) Pause Young (Allocation Failure)
[41.499s][info][gc,heap        ] GC(270) PSYoungGen: 391072K(391168K)->1536K(382464K) Eden: 389120K(389120K)->0K(380928K) From: 1952K(2048K)->1536K(1536K)
[41.499s][info][gc,heap        ] GC(270) ParOldGen: 41685K(1398272K)->41981K(1398272K)
[41.499s][info][gc,metaspace   ] GC(270) Metaspace: 74225K(74688K)->74225K(74688K) NonClass: 58894K(59136K)->58894K(59136K) Class: 15330K(15552K)->15330K(15552K)
[41.499s][info][gc             ] GC(270) Pause Young (Allocation Failure) 422M->42M(1739M) 1.138ms
[41.499s][info][gc,cpu         ] GC(270) User=0.00s Sys=0.00s Real=0.00s
[41.590s][info][gc,start       ] GC(271) Pause Young (Allocation Failure)
[41.591s][info][gc,heap        ] GC(271) PSYoungGen: 382464K(382464K)->1888K(375296K) Eden: 380928K(380928K)->0K(373248K) From: 1536K(1536K)->1888K(2048K)
[41.591s][info][gc,heap        ] GC(271) ParOldGen: 41981K(1398272K)->42181K(1398272K)
[41.591s][info][gc,metaspace   ] GC(271) Metaspace: 74225K(74688K)->74225K(74688K) NonClass: 58894K(59136K)->58894K(59136K) Class: 15330K(15552K)->15330K(15552K)
[41.591s][info][gc             ] GC(271) Pause Young (Allocation Failure) 414M->43M(1732M) 1.296ms
[41.591s][info][gc,cpu         ] GC(271) User=0.00s Sys=0.00s Real=0.00s
[41.680s][info][gc,start       ] GC(272) Pause Young (Allocation Failure)
[41.681s][info][gc,heap        ] GC(272) PSYoungGen: 375136K(375296K)->1888K(450048K) Eden: 373248K(373248K)->0K(448000K) From: 1888K(2048K)->1888K(2048K)
[41.681s][info][gc,heap        ] GC(272) ParOldGen: 42181K(1398272K)->42333K(1398272K)
[41.681s][info][gc,metaspace   ] GC(272) Metaspace: 74225K(74688K)->74225K(74688K) NonClass: 58894K(59136K)->58894K(59136K) Class: 15330K(15552K)->15330K(15552K)
[41.681s][info][gc             ] GC(272) Pause Young (Allocation Failure) 407M->43M(1805M) 1.132ms
[41.681s][info][gc,cpu         ] GC(272) User=0.00s Sys=0.00s Real=0.00s
[41.789s][info][gc,start       ] GC(273) Pause Young (Allocation Failure)
[41.790s][info][gc,heap        ] GC(273) PSYoungGen: 449888K(450048K)->1920K(439808K) Eden: 448000K(448000K)->0K(437760K) From: 1888K(2048K)->1920K(2048K)
[41.790s][info][gc,heap        ] GC(273) ParOldGen: 42333K(1398272K)->42445K(1398272K)
[41.790s][info][gc,metaspace   ] GC(273) Metaspace: 74225K(74688K)->74225K(74688K) NonClass: 58894K(59136K)->58894K(59136K) Class: 15330K(15552K)->15330K(15552K)
[41.790s][info][gc             ] GC(273) Pause Young (Allocation Failure) 480M->43M(1795M) 1.332ms
[41.790s][info][gc,cpu         ] GC(273) User=0.00s Sys=0.00s Real=0.00s
[41.895s][info][gc,start       ] GC(274) Pause Young (Allocation Failure)
[41.896s][info][gc,heap        ] GC(274) PSYoungGen: 439680K(439808K)->1536K(429568K) Eden: 437760K(437760K)->0K(428032K) From: 1920K(2048K)->1536K(1536K)
[41.896s][info][gc,heap        ] GC(274) ParOldGen: 42445K(1398272K)->42629K(1398272K)
[41.896s][info][gc,metaspace   ] GC(274) Metaspace: 74225K(74688K)->74225K(74688K) NonClass: 58894K(59136K)->58894K(59136K) Class: 15330K(15552K)->15330K(15552K)
[41.896s][info][gc             ] GC(274) Pause Young (Allocation Failure) 470M->43M(1785M) 1.153ms
[41.896s][info][gc,cpu         ] GC(274) User=0.00s Sys=0.00s Real=0.00s
[41.998s][info][gc,start       ] GC(275) Pause Young (Allocation Failure)
[42.000s][info][gc,heap        ] GC(275) PSYoungGen: 429568K(429568K)->1824K(420864K) Eden: 428032K(428032K)->0K(418816K) From: 1536K(1536K)->1824K(2048K)
[42.000s][info][gc,heap        ] GC(275) ParOldGen: 42629K(1398272K)->42757K(1398272K)
[42.000s][info][gc,metaspace   ] GC(275) Metaspace: 74225K(74688K)->74225K(74688K) NonClass: 58894K(59136K)->58894K(59136K) Class: 15330K(15552K)->15330K(15552K)
[42.000s][info][gc             ] GC(275) Pause Young (Allocation Failure) 461M->43M(1776M) 1.310ms
[42.000s][info][gc,cpu         ] GC(275) User=0.00s Sys=0.00s Real=0.00s
[42.100s][info][gc,start       ] GC(276) Pause Young (Allocation Failure)
[42.101s][info][gc,heap        ] GC(276) PSYoungGen: 420640K(420864K)->1888K(411648K) Eden: 418816K(418816K)->0K(409600K) From: 1824K(2048K)->1888K(2048K)
[42.102s][info][gc,heap        ] GC(276) ParOldGen: 42757K(1398272K)->42853K(1398272K)
[42.102s][info][gc,metaspace   ] GC(276) Metaspace: 74225K(74688K)->74225K(74688K) NonClass: 58894K(59136K)->58894K(59136K) Class: 15330K(15552K)->15330K(15552K)
[42.102s][info][gc             ] GC(276) Pause Young (Allocation Failure) 452M->43M(1767M) 1.104ms
[42.102s][info][gc,cpu         ] GC(276) User=0.00s Sys=0.00s Real=0.00s
[42.200s][info][gc,start       ] GC(277) Pause Young (Allocation Failure)
[42.201s][info][gc,heap        ] GC(277) PSYoungGen: 411488K(411648K)->1824K(402944K) Eden: 409600K(409600K)->0K(400896K) From: 1888K(2048K)->1824K(2048K)
[42.201s][info][gc,heap        ] GC(277) ParOldGen: 42853K(1398272K)->42981K(1398272K)
[42.201s][info][gc,metaspace   ] GC(277) Metaspace: 74225K(74688K)->74225K(74688K) NonClass: 58894K(59136K)->58894K(59136K) Class: 15330K(15552K)->15330K(15552K)
[42.201s][info][gc             ] GC(277) Pause Young (Allocation Failure) 443M->43M(1759M) 1.340ms
[42.201s][info][gc,cpu         ] GC(277) User=0.00s Sys=0.00s Real=0.00s
[42.297s][info][gc,start       ] GC(278) Pause Young (Allocation Failure)
[42.298s][info][gc,heap        ] GC(278) PSYoungGen: 402720K(402944K)->1536K(394240K) Eden: 400896K(400896K)->0K(392704K) From: 1824K(2048K)->1536K(1536K)
[42.298s][info][gc,heap        ] GC(278) ParOldGen: 42981K(1398272K)->43157K(1398272K)
[42.298s][info][gc,metaspace   ] GC(278) Metaspace: 74225K(74688K)->74225K(74688K) NonClass: 58894K(59136K)->58894K(59136K) Class: 15330K(15552K)->15330K(15552K)
[42.298s][info][gc             ] GC(278) Pause Young (Allocation Failure) 435M->43M(1750M) 1.140ms
[42.298s][info][gc,cpu         ] GC(278) User=0.00s Sys=0.00s Real=0.00s
[42.392s][info][gc,start       ] GC(279) Pause Young (Allocation Failure)
[42.393s][info][gc,heap        ] GC(279) PSYoungGen: 394240K(394240K)->1888K(386560K) Eden: 392704K(392704K)->0K(384512K) From: 1536K(1536K)->1888K(2048K)
[42.393s][info][gc,heap        ] GC(279) ParOldGen: 43157K(1398272K)->43309K(1398272K)
[42.393s][info][gc,metaspace   ] GC(279) Metaspace: 74225K(74688K)->74225K(74688K) NonClass: 58894K(59136K)->58894K(59136K) Class: 15330K(15552K)->15330K(15552K)
[42.393s][info][gc             ] GC(279) Pause Young (Allocation Failure) 427M->44M(1743M) 1.308ms
[42.393s][info][gc,cpu         ] GC(279) User=0.00s Sys=0.00s Real=0.00s
[42.485s][info][gc,start       ] GC(280) Pause Young (Allocation Failure)
[42.486s][info][gc,heap        ] GC(280) PSYoungGen: 386400K(386560K)->1024K(377856K) Eden: 384512K(384512K)->0K(376832K) From: 1888K(2048K)->1024K(1024K)
[42.486s][info][gc,heap        ] GC(280) ParOldGen: 43309K(1398272K)->43869K(1398272K)
[42.486s][info][gc,metaspace   ] GC(280) Metaspace: 74225K(74688K)->74225K(74688K) NonClass: 58894K(59136K)->58894K(59136K) Class: 15330K(15552K)->15330K(15552K)
[42.486s][info][gc             ] GC(280) Pause Young (Allocation Failure) 419M->43M(1734M) 1.184ms
[42.486s][info][gc,cpu         ] GC(280) User=0.00s Sys=0.00s Real=0.00s
[42.576s][info][gc,start       ] GC(281) Pause Young (Allocation Failure)
[42.578s][info][gc,heap        ] GC(281) PSYoungGen: 377856K(377856K)->1856K(371200K) Eden: 376832K(376832K)->0K(369152K) From: 1024K(1024K)->1856K(2048K)
[42.578s][info][gc,heap        ] GC(281) ParOldGen: 43869K(1398272K)->44053K(1398272K)
[42.578s][info][gc,metaspace   ] GC(281) Metaspace: 74225K(74688K)->74225K(74688K) NonClass: 58894K(59136K)->58894K(59136K) Class: 15330K(15552K)->15330K(15552K)
[42.578s][info][gc             ] GC(281) Pause Young (Allocation Failure) 411M->44M(1728M) 1.202ms
[42.578s][info][gc,cpu         ] GC(281) User=0.00s Sys=0.00s Real=0.00s
[42.666s][info][gc,start       ] GC(282) Pause Young (Allocation Failure)
[42.667s][info][gc,heap        ] GC(282) PSYoungGen: 371008K(371200K)->1888K(445440K) Eden: 369152K(369152K)->0K(443392K) From: 1856K(2048K)->1888K(2048K)
[42.667s][info][gc,heap        ] GC(282) ParOldGen: 44053K(1398272K)->44237K(1398272K)
[42.667s][info][gc,metaspace   ] GC(282) Metaspace: 74225K(74688K)->74225K(74688K) NonClass: 58894K(59136K)->58894K(59136K) Class: 15330K(15552K)->15330K(15552K)
[42.667s][info][gc             ] GC(282) Pause Young (Allocation Failure) 405M->45M(1800M) 1.243ms
[42.667s][info][gc,cpu         ] GC(282) User=0.00s Sys=0.00s Real=0.00s
[42.773s][info][gc,start       ] GC(283) Pause Young (Allocation Failure)
[42.774s][info][gc,heap        ] GC(283) PSYoungGen: 445280K(445440K)->1792K(435712K) Eden: 443392K(443392K)->0K(433664K) From: 1888K(2048K)->1792K(2048K)
[42.774s][info][gc,heap        ] GC(283) ParOldGen: 44237K(1398272K)->44349K(1398272K)
[42.774s][info][gc,metaspace   ] GC(283) Metaspace: 74225K(74688K)->74225K(74688K) NonClass: 58894K(59136K)->58894K(59136K) Class: 15330K(15552K)->15330K(15552K)
[42.774s][info][gc             ] GC(283) Pause Young (Allocation Failure) 478M->45M(1791M) 1.357ms
[42.774s][info][gc,cpu         ] GC(283) User=0.00s Sys=0.00s Real=0.00s
[42.877s][info][gc,start       ] GC(284) Pause Young (Allocation Failure)
[42.878s][info][gc,heap        ] GC(284) PSYoungGen: 435456K(435712K)->1536K(425472K) Eden: 433664K(433664K)->0K(423936K) From: 1792K(2048K)->1536K(1536K)
[42.878s][info][gc,heap        ] GC(284) ParOldGen: 44349K(1398272K)->44509K(1398272K)
[42.878s][info][gc,metaspace   ] GC(284) Metaspace: 74225K(74688K)->74225K(74688K) NonClass: 58894K(59136K)->58894K(59136K) Class: 15330K(15552K)->15330K(15552K)
[42.878s][info][gc             ] GC(284) Pause Young (Allocation Failure) 468M->44M(1781M) 1.124ms
[42.878s][info][gc,cpu         ] GC(284) User=0.00s Sys=0.00s Real=0.00s
[42.980s][info][gc,start       ] GC(285) Pause Young (Allocation Failure)
[42.981s][info][gc,heap        ] GC(285) PSYoungGen: 425472K(425472K)->1888K(416768K) Eden: 423936K(423936K)->0K(414720K) From: 1536K(1536K)->1888K(2048K)
[42.981s][info][gc,heap        ] GC(285) ParOldGen: 44509K(1398272K)->44605K(1398272K)
[42.981s][info][gc,metaspace   ] GC(285) Metaspace: 74225K(74688K)->74225K(74688K) NonClass: 58894K(59136K)->58894K(59136K) Class: 15330K(15552K)->15330K(15552K)
[42.981s][info][gc             ] GC(285) Pause Young (Allocation Failure) 458M->45M(1772M) 1.268ms
[42.981s][info][gc,cpu         ] GC(285) User=0.00s Sys=0.00s Real=0.00s
[43.081s][info][gc,start       ] GC(286) Pause Young (Allocation Failure)
[43.082s][info][gc,heap        ] GC(286) PSYoungGen: 416608K(416768K)->1024K(407040K) Eden: 414720K(414720K)->0K(406016K) From: 1888K(2048K)->1024K(1024K)
[43.082s][info][gc,heap        ] GC(286) ParOldGen: 44605K(1398272K)->45085K(1398272K)
[43.082s][info][gc,metaspace   ] GC(286) Metaspace: 74229K(74688K)->74229K(74688K) NonClass: 58898K(59136K)->58898K(59136K) Class: 15330K(15552K)->15330K(15552K)
[43.082s][info][gc             ] GC(286) Pause Young (Allocation Failure) 450M->45M(1763M) 1.137ms
[43.082s][info][gc,cpu         ] GC(286) User=0.00s Sys=0.00s Real=0.00s
[43.179s][info][gc,start       ] GC(287) Pause Young (Allocation Failure)
[43.181s][info][gc,heap        ] GC(287) PSYoungGen: 407040K(407040K)->1920K(399360K) Eden: 406016K(406016K)->0K(397312K) From: 1024K(1024K)->1920K(2048K)
[43.181s][info][gc,heap        ] GC(287) ParOldGen: 45085K(1398272K)->45229K(1398272K)
[43.181s][info][gc,metaspace   ] GC(287) Metaspace: 74229K(74688K)->74229K(74688K) NonClass: 58898K(59136K)->58898K(59136K) Class: 15330K(15552K)->15330K(15552K)
[43.181s][info][gc             ] GC(287) Pause Young (Allocation Failure) 441M->46M(1755M) 1.210ms
[43.181s][info][gc,cpu         ] GC(287) User=0.00s Sys=0.00s Real=0.00s
[43.276s][info][gc,start       ] GC(288) Pause Young (Allocation Failure)
[43.278s][info][gc,heap        ] GC(288) PSYoungGen: 399232K(399360K)->1792K(391168K) Eden: 397312K(397312K)->0K(389120K) From: 1920K(2048K)->1792K(2048K)
[43.278s][info][gc,heap        ] GC(288) ParOldGen: 45229K(1398272K)->45477K(1398272K)
[43.278s][info][gc,metaspace   ] GC(288) Metaspace: 74229K(74688K)->74229K(74688K) NonClass: 58898K(59136K)->58898K(59136K) Class: 15330K(15552K)->15330K(15552K)
[43.278s][info][gc             ] GC(288) Pause Young (Allocation Failure) 434M->46M(1747M) 1.250ms
[43.278s][info][gc,cpu         ] GC(288) User=0.00s Sys=0.00s Real=0.00s
[43.373s][info][gc,start       ] GC(289) Pause Young (Allocation Failure)
[43.374s][info][gc,heap        ] GC(289) PSYoungGen: 390912K(391168K)->1760K(382976K) Eden: 389120K(389120K)->0K(380928K) From: 1792K(2048K)->1760K(2048K)
[43.374s][info][gc,heap        ] GC(289) ParOldGen: 45477K(1398272K)->45733K(1398272K)
[43.374s][info][gc,metaspace   ] GC(289) Metaspace: 74229K(74688K)->74229K(74688K) NonClass: 58898K(59136K)->58898K(59136K) Class: 15330K(15552K)->15330K(15552K)
[43.374s][info][gc             ] GC(289) Pause Young (Allocation Failure) 426M->46M(1739M) 1.335ms
[43.374s][info][gc,cpu         ] GC(289) User=0.00s Sys=0.00s Real=0.00s
[43.469s][info][gc,start       ] GC(290) Pause Young (Allocation Failure)
[43.470s][info][gc,heap        ] GC(290) PSYoungGen: 382688K(382976K)->1536K(374784K) Eden: 380928K(380928K)->0K(373248K) From: 1760K(2048K)->1536K(1536K)
[43.470s][info][gc,heap        ] GC(290) ParOldGen: 45733K(1398272K)->45965K(1398272K)
[43.470s][info][gc,metaspace   ] GC(290) Metaspace: 74229K(74688K)->74229K(74688K) NonClass: 58898K(59136K)->58898K(59136K) Class: 15330K(15552K)->15330K(15552K)
[43.470s][info][gc             ] GC(290) Pause Young (Allocation Failure) 418M->46M(1731M) 1.022ms
[43.470s][info][gc,cpu         ] GC(290) User=0.00s Sys=0.00s Real=0.00s
[43.564s][info][gc,start       ] GC(291) Pause Young (Allocation Failure)
[43.565s][info][gc,heap        ] GC(291) PSYoungGen: 374784K(374784K)->1600K(367616K) Eden: 373248K(373248K)->0K(365568K) From: 1536K(1536K)->1600K(2048K)
[43.565s][info][gc,heap        ] GC(291) ParOldGen: 45965K(1398272K)->46269K(1398272K)
[43.565s][info][gc,metaspace   ] GC(291) Metaspace: 74229K(74688K)->74229K(74688K) NonClass: 58898K(59136K)->58898K(59136K) Class: 15330K(15552K)->15330K(15552K)
[43.565s][info][gc             ] GC(291) Pause Young (Allocation Failure) 410M->46M(1724M) 1.185ms
[43.565s][info][gc,cpu         ] GC(291) User=0.00s Sys=0.00s Real=0.00s
[43.662s][info][gc,start       ] GC(292) Pause Young (Allocation Failure)
[43.663s][info][gc,heap        ] GC(292) PSYoungGen: 367168K(367616K)->1024K(359424K) Eden: 365568K(365568K)->0K(358400K) From: 1600K(2048K)->1024K(1024K)
[43.663s][info][gc,heap        ] GC(292) ParOldGen: 46269K(1398272K)->46621K(1398272K)
[43.663s][info][gc,metaspace   ] GC(292) Metaspace: 74242K(74688K)->74242K(74688K) NonClass: 58912K(59136K)->58912K(59136K) Class: 15330K(15552K)->15330K(15552K)
[43.663s][info][gc             ] GC(292) Pause Young (Allocation Failure) 403M->46M(1716M) 0.979ms
[43.663s][info][gc,cpu         ] GC(292) User=0.00s Sys=0.00s Real=0.00s
[43.766s][info][gc,start       ] GC(293) Pause Young (Allocation Failure)
[43.767s][info][gc,heap        ] GC(293) PSYoungGen: 359424K(359424K)->1376K(352768K) Eden: 358400K(358400K)->0K(351232K) From: 1024K(1024K)->1376K(1536K)
[43.767s][info][gc,heap        ] GC(293) ParOldGen: 46621K(1398272K)->46973K(1398272K)
[43.767s][info][gc,metaspace   ] GC(293) Metaspace: 74244K(74688K)->74244K(74688K) NonClass: 58913K(59136K)->58913K(59136K) Class: 15330K(15552K)->15330K(15552K)
[43.767s][info][gc             ] GC(293) Pause Young (Allocation Failure) 396M->47M(1710M) 1.041ms
[43.767s][info][gc,cpu         ] GC(293) User=0.00s Sys=0.00s Real=0.00s
[43.895s][info][gc,start       ] GC(294) Pause Young (Allocation Failure)
[43.896s][info][gc,heap        ] GC(294) PSYoungGen: 352608K(352768K)->1216K(346112K) Eden: 351232K(351232K)->0K(344576K) From: 1376K(1536K)->1216K(1536K)
[43.896s][info][gc,heap        ] GC(294) ParOldGen: 46973K(1398272K)->47341K(1398272K)
[43.896s][info][gc,metaspace   ] GC(294) Metaspace: 74244K(74688K)->74244K(74688K) NonClass: 58913K(59136K)->58913K(59136K) Class: 15330K(15552K)->15330K(15552K)
[43.897s][info][gc             ] GC(294) Pause Young (Allocation Failure) 390M->47M(1703M) 1.070ms
[43.897s][info][gc,cpu         ] GC(294) User=0.41s Sys=0.05s Real=0.00s
[44.046s][info][gc,start       ] GC(295) Pause Young (Allocation Failure)
[44.047s][info][gc,heap        ] GC(295) PSYoungGen: 345792K(346112K)->1088K(339456K) Eden: 344576K(344576K)->0K(337920K) From: 1216K(1536K)->1088K(1536K)
[44.047s][info][gc,heap        ] GC(295) ParOldGen: 47341K(1398272K)->47645K(1398272K)
[44.047s][info][gc,metaspace   ] GC(295) Metaspace: 74244K(74688K)->74244K(74688K) NonClass: 58913K(59136K)->58913K(59136K) Class: 15330K(15552K)->15330K(15552K)
[44.047s][info][gc             ] GC(295) Pause Young (Allocation Failure) 383M->47M(1697M) 1.048ms
[44.047s][info][gc,cpu         ] GC(295) User=0.00s Sys=0.00s Real=0.00s
[44.233s][info][gc,start       ] GC(296) Pause Young (Allocation Failure)
[44.234s][info][gc,heap        ] GC(296) PSYoungGen: 339008K(339456K)->1056K(333312K) Eden: 337920K(337920K)->0K(331776K) From: 1088K(1536K)->1056K(1536K)
[44.234s][info][gc,heap        ] GC(296) ParOldGen: 47645K(1398272K)->47965K(1398272K)
[44.234s][info][gc,metaspace   ] GC(296) Metaspace: 74244K(74688K)->74244K(74688K) NonClass: 58913K(59136K)->58913K(59136K) Class: 15330K(15552K)->15330K(15552K)
[44.234s][info][gc             ] GC(296) Pause Young (Allocation Failure) 377M->47M(1691M) 1.042ms
[44.234s][info][gc,cpu         ] GC(296) User=0.00s Sys=0.00s Real=0.00s
[44.491s][info][gc,start       ] GC(297) Pause Young (Allocation Failure)
[44.492s][info][gc,heap        ] GC(297) PSYoungGen: 332832K(333312K)->1056K(327168K) Eden: 331776K(331776K)->0K(325632K) From: 1056K(1536K)->1056K(1536K)
[44.492s][info][gc,heap        ] GC(297) ParOldGen: 47965K(1398272K)->48141K(1398272K)
[44.492s][info][gc,metaspace   ] GC(297) Metaspace: 74244K(74688K)->74244K(74688K) NonClass: 58913K(59136K)->58913K(59136K) Class: 15330K(15552K)->15330K(15552K)
[44.492s][info][gc             ] GC(297) Pause Young (Allocation Failure) 371M->48M(1685M) 1.136ms
[44.492s][info][gc,cpu         ] GC(297) User=0.00s Sys=0.00s Real=0.00s
[44.827s][info][gc,start       ] GC(298) Pause Young (Allocation Failure)
[44.828s][info][gc,heap        ] GC(298) PSYoungGen: 326688K(327168K)->1056K(321024K) Eden: 325632K(325632K)->0K(319488K) From: 1056K(1536K)->1056K(1536K)
[44.828s][info][gc,heap        ] GC(298) ParOldGen: 48141K(1398272K)->48421K(1398272K)
[44.828s][info][gc,metaspace   ] GC(298) Metaspace: 74244K(74688K)->74244K(74688K) NonClass: 58913K(59136K)->58913K(59136K) Class: 15330K(15552K)->15330K(15552K)
[44.828s][info][gc             ] GC(298) Pause Young (Allocation Failure) 366M->48M(1679M) 1.186ms
[44.828s][info][gc,cpu         ] GC(298) User=0.00s Sys=0.00s Real=0.00s
[45.154s][info][gc,start       ] GC(299) Pause Young (Allocation Failure)
[45.155s][info][gc,heap        ] GC(299) PSYoungGen: 320544K(321024K)->1056K(315392K) Eden: 319488K(319488K)->0K(313856K) From: 1056K(1536K)->1056K(1536K)
[45.155s][info][gc,heap        ] GC(299) ParOldGen: 48421K(1398272K)->48437K(1398272K)
[45.155s][info][gc,metaspace   ] GC(299) Metaspace: 74244K(74688K)->74244K(74688K) NonClass: 58913K(59136K)->58913K(59136K) Class: 15330K(15552K)->15330K(15552K)
[45.155s][info][gc             ] GC(299) Pause Young (Allocation Failure) 360M->48M(1673M) 1.103ms
[45.155s][info][gc,cpu         ] GC(299) User=0.00s Sys=0.00s Real=0.00s
[45.489s][info][gc,start       ] GC(300) Pause Young (Allocation Failure)
[45.490s][info][gc,heap        ] GC(300) PSYoungGen: 314912K(315392K)->1056K(309760K) Eden: 313856K(313856K)->0K(308224K) From: 1056K(1536K)->1056K(1536K)
[45.490s][info][gc,heap        ] GC(300) ParOldGen: 48437K(1398272K)->48461K(1398272K)
[45.490s][info][gc,metaspace   ] GC(300) Metaspace: 74244K(74688K)->74244K(74688K) NonClass: 58913K(59136K)->58913K(59136K) Class: 15330K(15552K)->15330K(15552K)
[45.490s][info][gc             ] GC(300) Pause Young (Allocation Failure) 354M->48M(1668M) 1.226ms
[45.490s][info][gc,cpu         ] GC(300) User=0.00s Sys=0.00s Real=0.00s
[45.817s][info][gc,start       ] GC(301) Pause Young (Allocation Failure)
[45.818s][info][gc,heap        ] GC(301) PSYoungGen: 309280K(309760K)->1056K(304128K) Eden: 308224K(308224K)->0K(302592K) From: 1056K(1536K)->1056K(1536K)
[45.818s][info][gc,heap        ] GC(301) ParOldGen: 48461K(1398272K)->48557K(1398272K)
[45.818s][info][gc,metaspace   ] GC(301) Metaspace: 74244K(74688K)->74244K(74688K) NonClass: 58913K(59136K)->58913K(59136K) Class: 15330K(15552K)->15330K(15552K)
[45.818s][info][gc             ] GC(301) Pause Young (Allocation Failure) 349M->48M(1662M) 1.143ms
[45.818s][info][gc,cpu         ] GC(301) User=0.00s Sys=0.02s Real=0.00s
[46.181s][info][gc,start       ] GC(302) Pause Young (System.gc())
[46.183s][info][gc,heap        ] GC(302) PSYoungGen: 156483K(304128K)->1280K(304128K) Eden: 155427K(302592K)->0K(302592K) From: 1056K(1536K)->1280K(1536K)
[46.183s][info][gc,heap        ] GC(302) ParOldGen: 48557K(1398272K)->48621K(1398272K)
[46.183s][info][gc,metaspace   ] GC(302) Metaspace: 74249K(74688K)->74249K(74688K) NonClass: 58919K(59136K)->58919K(59136K) Class: 15330K(15552K)->15330K(15552K)
[46.183s][info][gc             ] GC(302) Pause Young (System.gc()) 200M->48M(1662M) 1.946ms
[46.183s][info][gc,cpu         ] GC(302) User=0.00s Sys=0.00s Real=0.00s
[46.183s][info][gc,start       ] GC(303) Pause Full (System.gc())
[46.183s][info][gc,phases,start] GC(303) Marking Phase
[46.224s][info][gc,phases      ] GC(303) Marking Phase 40.768ms
[46.224s][info][gc,phases,start] GC(303) Summary Phase
[46.224s][info][gc,phases      ] GC(303) Summary Phase 0.014ms
[46.224s][info][gc,phases,start] GC(303) Adjust Roots
[46.244s][info][gc,phases      ] GC(303) Adjust Roots 19.578ms
[46.244s][info][gc,phases,start] GC(303) Compaction Phase
[46.253s][info][gc,phases      ] GC(303) Compaction Phase 9.313ms
[46.253s][info][gc,phases,start] GC(303) Post Compact
[46.254s][info][gc,phases      ] GC(303) Post Compact 0.896ms
[46.254s][info][gc,heap        ] GC(303) PSYoungGen: 1280K(304128K)->0K(304128K) Eden: 0K(302592K)->0K(302592K) From: 1280K(1536K)->0K(1536K)
[46.254s][info][gc,heap        ] GC(303) ParOldGen: 48621K(1398272K)->35666K(1398272K)
[46.254s][info][gc,metaspace   ] GC(303) Metaspace: 74249K(74688K)->74249K(74688K) NonClass: 58919K(59136K)->58919K(59136K) Class: 15330K(15552K)->15330K(15552K)
[46.254s][info][gc             ] GC(303) Pause Full (System.gc()) 48M->34M(1662M) 70.888ms
[46.254s][info][gc,cpu         ] GC(303) User=1.06s Sys=0.00s Real=0.06s
[46.361s][info][gc,start       ] GC(304) Pause Young (Allocation Failure)
[46.363s][info][gc,heap        ] GC(304) PSYoungGen: 302592K(304128K)->2560K(300032K) Eden: 302592K(302592K)->0K(297472K) From: 0K(1536K)->2560K(2560K)
[46.363s][info][gc,heap        ] GC(304) ParOldGen: 35666K(1398272K)->36802K(1398272K)
[46.363s][info][gc,metaspace   ] GC(304) Metaspace: 74420K(74880K)->74420K(74880K) NonClass: 59090K(59328K)->59090K(59328K) Class: 15330K(15552K)->15330K(15552K)
[46.363s][info][gc             ] GC(304) Pause Young (Allocation Failure) 330M->38M(1658M) 1.908ms
[46.363s][info][gc,cpu         ] GC(304) User=0.00s Sys=0.00s Real=0.00s
[46.433s][info][gc,start       ] GC(305) Pause Young (Allocation Failure)
[46.435s][info][gc,heap        ] GC(305) PSYoungGen: 300032K(300032K)->1536K(293888K) Eden: 297472K(297472K)->0K(292352K) From: 2560K(2560K)->1536K(1536K)
[46.435s][info][gc,heap        ] GC(305) ParOldGen: 36802K(1398272K)->38626K(1398272K)
[46.435s][info][gc,metaspace   ] GC(305) Metaspace: 74420K(74880K)->74420K(74880K) NonClass: 59090K(59328K)->59090K(59328K) Class: 15330K(15552K)->15330K(15552K)
[46.435s][info][gc             ] GC(305) Pause Young (Allocation Failure) 328M->39M(1652M) 1.586ms
[46.435s][info][gc,cpu         ] GC(305) User=0.00s Sys=0.00s Real=0.00s
[46.505s][info][gc,start       ] GC(306) Pause Young (Allocation Failure)
[46.506s][info][gc,heap        ] GC(306) PSYoungGen: 293888K(293888K)->1856K(289280K) Eden: 292352K(292352K)->0K(287232K) From: 1536K(1536K)->1856K(2048K)
[46.506s][info][gc,heap        ] GC(306) ParOldGen: 38626K(1398272K)->38890K(1398272K)
[46.506s][info][gc,metaspace   ] GC(306) Metaspace: 74420K(74880K)->74420K(74880K) NonClass: 59090K(59328K)->59090K(59328K) Class: 15330K(15552K)->15330K(15552K)
[46.506s][info][gc             ] GC(306) Pause Young (Allocation Failure) 324M->39M(1648M) 1.419ms
[46.506s][info][gc,cpu         ] GC(306) User=0.00s Sys=0.00s Real=0.00s
[46.575s][info][gc,start       ] GC(307) Pause Young (Allocation Failure)
[46.576s][info][gc,heap        ] GC(307) PSYoungGen: 289088K(289280K)->1920K(347136K) Eden: 287232K(287232K)->0K(345088K) From: 1856K(2048K)->1920K(2048K)
[46.576s][info][gc,heap        ] GC(307) ParOldGen: 38890K(1398272K)->39058K(1398272K)
[46.576s][info][gc,metaspace   ] GC(307) Metaspace: 74420K(74880K)->74420K(74880K) NonClass: 59090K(59328K)->59090K(59328K) Class: 15330K(15552K)->15330K(15552K)
[46.576s][info][gc             ] GC(307) Pause Young (Allocation Failure) 320M->40M(1704M) 1.385ms
[46.576s][info][gc,cpu         ] GC(307) User=0.00s Sys=0.00s Real=0.00s
[46.658s][info][gc,start       ] GC(308) Pause Young (Allocation Failure)
[46.659s][info][gc,heap        ] GC(308) PSYoungGen: 347008K(347136K)->1888K(416256K) Eden: 345088K(345088K)->0K(414208K) From: 1920K(2048K)->1888K(2048K)
[46.660s][info][gc,heap        ] GC(308) ParOldGen: 39058K(1398272K)->39090K(1398272K)
[46.660s][info][gc,metaspace   ] GC(308) Metaspace: 74420K(74880K)->74420K(74880K) NonClass: 59090K(59328K)->59090K(59328K) Class: 15330K(15552K)->15330K(15552K)
[46.660s][info][gc             ] GC(308) Pause Young (Allocation Failure) 377M->40M(1772M) 1.375ms
[46.660s][info][gc,cpu         ] GC(308) User=0.00s Sys=0.00s Real=0.00s
[46.758s][info][gc,start       ] GC(309) Pause Young (Allocation Failure)
[46.759s][info][gc,heap        ] GC(309) PSYoungGen: 416096K(416256K)->1856K(461824K) Eden: 414208K(414208K)->0K(458240K) From: 1888K(2048K)->1856K(3584K)
[46.759s][info][gc,heap        ] GC(309) ParOldGen: 39090K(1398272K)->39162K(1398272K)
[46.759s][info][gc,metaspace   ] GC(309) Metaspace: 74420K(74880K)->74420K(74880K) NonClass: 59090K(59328K)->59090K(59328K) Class: 15330K(15552K)->15330K(15552K)
[46.759s][info][gc             ] GC(309) Pause Young (Allocation Failure) 444M->40M(1816M) 1.269ms
[46.759s][info][gc,cpu         ] GC(309) User=0.00s Sys=0.00s Real=0.00s
[46.870s][info][gc,start       ] GC(310) Pause Young (Allocation Failure)
[46.871s][info][gc,heap        ] GC(310) PSYoungGen: 460096K(461824K)->1856K(461312K) Eden: 458240K(458240K)->0K(458240K) From: 1856K(3584K)->1856K(3072K)
[46.871s][info][gc,heap        ] GC(310) ParOldGen: 39162K(1398272K)->39274K(1398272K)
[46.871s][info][gc,metaspace   ] GC(310) Metaspace: 74420K(74880K)->74420K(74880K) NonClass: 59090K(59328K)->59090K(59328K) Class: 15330K(15552K)->15330K(15552K)
[46.871s][info][gc             ] GC(310) Pause Young (Allocation Failure) 487M->40M(1816M) 1.350ms
[46.871s][info][gc,cpu         ] GC(310) User=0.00s Sys=0.00s Real=0.00s
[46.980s][info][gc,start       ] GC(311) Pause Young (Allocation Failure)
[46.981s][info][gc,heap        ] GC(311) PSYoungGen: 460096K(461312K)->1984K(552960K) Eden: 458240K(458240K)->0K(549888K) From: 1856K(3072K)->1984K(3072K)
[46.981s][info][gc,heap        ] GC(311) ParOldGen: 39274K(1398272K)->39378K(1398272K)
[46.981s][info][gc,metaspace   ] GC(311) Metaspace: 74420K(74880K)->74420K(74880K) NonClass: 59090K(59328K)->59090K(59328K) Class: 15330K(15552K)->15330K(15552K)
[46.981s][info][gc             ] GC(311) Pause Young (Allocation Failure) 487M->40M(1905M) 1.376ms
[46.981s][info][gc,cpu         ] GC(311) User=0.00s Sys=0.00s Real=0.00s
[47.122s][info][gc,start       ] GC(312) Pause Young (Allocation Failure)
[47.124s][info][gc,heap        ] GC(312) PSYoungGen: 551872K(552960K)->1888K(552960K) Eden: 549888K(549888K)->0K(549888K) From: 1984K(3072K)->1888K(3072K)
[47.124s][info][gc,heap        ] GC(312) ParOldGen: 39378K(1398272K)->39490K(1398272K)
[47.124s][info][gc,metaspace   ] GC(312) Metaspace: 74420K(74880K)->74420K(74880K) NonClass: 59090K(59328K)->59090K(59328K) Class: 15330K(15552K)->15330K(15552K)
[47.124s][info][gc             ] GC(312) Pause Young (Allocation Failure) 577M->40M(1905M) 2.035ms
[47.124s][info][gc,cpu         ] GC(312) User=0.00s Sys=0.00s Real=0.00s
[47.255s][info][gc,start       ] GC(313) Pause Young (Allocation Failure)
[47.257s][info][gc,heap        ] GC(313) PSYoungGen: 551776K(552960K)->1920K(663040K) Eden: 549888K(549888K)->0K(659968K) From: 1888K(3072K)->1920K(3072K)
[47.257s][info][gc,heap        ] GC(313) ParOldGen: 39490K(1398272K)->39570K(1398272K)
[47.257s][info][gc,metaspace   ] GC(313) Metaspace: 74420K(74880K)->74420K(74880K) NonClass: 59090K(59328K)->59090K(59328K) Class: 15330K(15552K)->15330K(15552K)
[47.257s][info][gc             ] GC(313) Pause Young (Allocation Failure) 577M->40M(2013M) 1.469ms
[47.257s][info][gc,cpu         ] GC(313) User=0.00s Sys=0.00s Real=0.00s
[47.427s][info][gc,start       ] GC(314) Pause Young (Allocation Failure)
[47.429s][info][gc,heap        ] GC(314) PSYoungGen: 661888K(663040K)->1952K(644096K) Eden: 659968K(659968K)->0K(642048K) From: 1920K(3072K)->1952K(2048K)
[47.429s][info][gc,heap        ] GC(314) ParOldGen: 39570K(1398272K)->39666K(1398272K)
[47.429s][info][gc,metaspace   ] GC(314) Metaspace: 74420K(74880K)->74420K(74880K) NonClass: 59090K(59328K)->59090K(59328K) Class: 15330K(15552K)->15330K(15552K)
[47.429s][info][gc             ] GC(314) Pause Young (Allocation Failure) 685M->40M(1994M) 1.694ms
[47.429s][info][gc,cpu         ] GC(314) User=0.20s Sys=0.31s Real=0.00s
[47.582s][info][gc,start       ] GC(315) Pause Young (Allocation Failure)
[47.584s][info][gc,heap        ] GC(315) PSYoungGen: 644000K(644096K)->1536K(626176K) Eden: 642048K(642048K)->0K(624640K) From: 1952K(2048K)->1536K(1536K)
[47.584s][info][gc,heap        ] GC(315) ParOldGen: 39666K(1398272K)->39962K(1398272K)
[47.584s][info][gc,metaspace   ] GC(315) Metaspace: 74420K(74880K)->74420K(74880K) NonClass: 59090K(59328K)->59090K(59328K) Class: 15330K(15552K)->15330K(15552K)
[47.584s][info][gc             ] GC(315) Pause Young (Allocation Failure) 667M->40M(1977M) 1.431ms
[47.584s][info][gc,cpu         ] GC(315) User=0.00s Sys=0.00s Real=0.00s
[47.733s][info][gc,start       ] GC(316) Pause Young (Allocation Failure)
[47.734s][info][gc,heap        ] GC(316) PSYoungGen: 626176K(626176K)->1792K(609792K) Eden: 624640K(624640K)->0K(607744K) From: 1536K(1536K)->1792K(2048K)
[47.734s][info][gc,heap        ] GC(316) ParOldGen: 39962K(1398272K)->40154K(1398272K)
[47.734s][info][gc,metaspace   ] GC(316) Metaspace: 74420K(74880K)->74420K(74880K) NonClass: 59090K(59328K)->59090K(59328K) Class: 15330K(15552K)->15330K(15552K)
[47.734s][info][gc             ] GC(316) Pause Young (Allocation Failure) 650M->40M(1961M) 1.536ms
[47.734s][info][gc,cpu         ] GC(316) User=0.00s Sys=0.00s Real=0.00s
[47.879s][info][gc,start       ] GC(317) Pause Young (Allocation Failure)
[47.881s][info][gc,heap        ] GC(317) PSYoungGen: 609536K(609792K)->1920K(593920K) Eden: 607744K(607744K)->0K(591872K) From: 1792K(2048K)->1920K(2048K)
[47.881s][info][gc,heap        ] GC(317) ParOldGen: 40154K(1398272K)->40330K(1398272K)
[47.881s][info][gc,metaspace   ] GC(317) Metaspace: 74420K(74880K)->74420K(74880K) NonClass: 59090K(59328K)->59090K(59328K) Class: 15330K(15552K)->15330K(15552K)
[47.881s][info][gc             ] GC(317) Pause Young (Allocation Failure) 634M->41M(1945M) 1.295ms
[47.881s][info][gc,cpu         ] GC(317) User=0.00s Sys=0.00s Real=0.00s
[48.024s][info][gc,start       ] GC(318) Pause Young (Allocation Failure)
[48.025s][info][gc,heap        ] GC(318) PSYoungGen: 593792K(593920K)->1888K(578560K) Eden: 591872K(591872K)->0K(576512K) From: 1920K(2048K)->1888K(2048K)
[48.025s][info][gc,heap        ] GC(318) ParOldGen: 40330K(1398272K)->40474K(1398272K)
[48.025s][info][gc,metaspace   ] GC(318) Metaspace: 74420K(74880K)->74420K(74880K) NonClass: 59090K(59328K)->59090K(59328K) Class: 15330K(15552K)->15330K(15552K)
[48.025s][info][gc             ] GC(318) Pause Young (Allocation Failure) 619M->41M(1930M) 1.316ms
[48.025s][info][gc,cpu         ] GC(318) User=0.00s Sys=0.00s Real=0.00s
[48.163s][info][gc,start       ] GC(319) Pause Young (Allocation Failure)
[48.164s][info][gc,heap        ] GC(319) PSYoungGen: 578400K(578560K)->1536K(563200K) Eden: 576512K(576512K)->0K(561664K) From: 1888K(2048K)->1536K(1536K)
[48.164s][info][gc,heap        ] GC(319) ParOldGen: 40474K(1398272K)->40666K(1398272K)
[48.164s][info][gc,metaspace   ] GC(319) Metaspace: 74420K(74880K)->74420K(74880K) NonClass: 59090K(59328K)->59090K(59328K) Class: 15330K(15552K)->15330K(15552K)
[48.164s][info][gc             ] GC(319) Pause Young (Allocation Failure) 604M->41M(1915M) 1.317ms
[48.164s][info][gc,cpu         ] GC(319) User=0.00s Sys=0.00s Real=0.00s
[48.298s][info][gc,start       ] GC(320) Pause Young (Allocation Failure)
[48.300s][info][gc,heap        ] GC(320) PSYoungGen: 563200K(563200K)->1792K(549376K) Eden: 561664K(561664K)->0K(547328K) From: 1536K(1536K)->1792K(2048K)
[48.300s][info][gc,heap        ] GC(320) ParOldGen: 40666K(1398272K)->40786K(1398272K)
[48.300s][info][gc,metaspace   ] GC(320) Metaspace: 74420K(74880K)->74420K(74880K) NonClass: 59090K(59328K)->59090K(59328K) Class: 15330K(15552K)->15330K(15552K)
[48.300s][info][gc             ] GC(320) Pause Young (Allocation Failure) 589M->41M(1902M) 1.317ms
[48.300s][info][gc,cpu         ] GC(320) User=0.00s Sys=0.00s Real=0.00s
[48.431s][info][gc,start       ] GC(321) Pause Young (Allocation Failure)
[48.432s][info][gc,heap        ] GC(321) PSYoungGen: 549120K(549376K)->1856K(535552K) Eden: 547328K(547328K)->0K(533504K) From: 1792K(2048K)->1856K(2048K)
[48.432s][info][gc,heap        ] GC(321) ParOldGen: 40786K(1398272K)->40914K(1398272K)
[48.432s][info][gc,metaspace   ] GC(321) Metaspace: 74420K(74880K)->74420K(74880K) NonClass: 59090K(59328K)->59090K(59328K) Class: 15330K(15552K)->15330K(15552K)
[48.432s][info][gc             ] GC(321) Pause Young (Allocation Failure) 576M->41M(1888M) 1.206ms
[48.432s][info][gc,cpu         ] GC(321) User=0.00s Sys=0.00s Real=0.00s
[48.559s][info][gc,start       ] GC(322) Pause Young (Allocation Failure)
[48.560s][info][gc,heap        ] GC(322) PSYoungGen: 535360K(535552K)->1728K(522240K) Eden: 533504K(533504K)->0K(520192K) From: 1856K(2048K)->1728K(2048K)
[48.560s][info][gc,heap        ] GC(322) ParOldGen: 40914K(1398272K)->41170K(1398272K)
[48.560s][info][gc,metaspace   ] GC(322) Metaspace: 74420K(74880K)->74420K(74880K) NonClass: 59090K(59328K)->59090K(59328K) Class: 15330K(15552K)->15330K(15552K)
[48.560s][info][gc             ] GC(322) Pause Young (Allocation Failure) 562M->41M(1875M) 1.352ms
[48.560s][info][gc,cpu         ] GC(322) User=0.00s Sys=0.00s Real=0.00s
[48.684s][info][gc,start       ] GC(323) Pause Young (Allocation Failure)
[48.685s][info][gc,heap        ] GC(323) PSYoungGen: 521920K(522240K)->1536K(508928K) Eden: 520192K(520192K)->0K(507392K) From: 1728K(2048K)->1536K(1536K)
[48.685s][info][gc,heap        ] GC(323) ParOldGen: 41170K(1398272K)->41314K(1398272K)
[48.685s][info][gc,metaspace   ] GC(323) Metaspace: 74420K(74880K)->74420K(74880K) NonClass: 59090K(59328K)->59090K(59328K) Class: 15330K(15552K)->15330K(15552K)
[48.685s][info][gc             ] GC(323) Pause Young (Allocation Failure) 549M->41M(1862M) 1.248ms
[48.685s][info][gc,cpu         ] GC(323) User=0.00s Sys=0.00s Real=0.00s
[48.806s][info][gc,start       ] GC(324) Pause Young (Allocation Failure)
[48.808s][info][gc,heap        ] GC(324) PSYoungGen: 508928K(508928K)->1856K(497152K) Eden: 507392K(507392K)->0K(495104K) From: 1536K(1536K)->1856K(2048K)
[48.808s][info][gc,heap        ] GC(324) ParOldGen: 41314K(1398272K)->41514K(1398272K)
[48.808s][info][gc,metaspace   ] GC(324) Metaspace: 74420K(74880K)->74420K(74880K) NonClass: 59090K(59328K)->59090K(59328K) Class: 15330K(15552K)->15330K(15552K)
[48.808s][info][gc             ] GC(324) Pause Young (Allocation Failure) 537M->42M(1851M) 1.333ms
[48.808s][info][gc,cpu         ] GC(324) User=0.00s Sys=0.00s Real=0.00s
[48.926s][info][gc,start       ] GC(325) Pause Young (Allocation Failure)
[48.927s][info][gc,heap        ] GC(325) PSYoungGen: 496960K(497152K)->1760K(485376K) Eden: 495104K(495104K)->0K(483328K) From: 1856K(2048K)->1760K(2048K)
[48.927s][info][gc,heap        ] GC(325) ParOldGen: 41514K(1398272K)->41666K(1398272K)
[48.927s][info][gc,metaspace   ] GC(325) Metaspace: 74420K(74880K)->74420K(74880K) NonClass: 59090K(59328K)->59090K(59328K) Class: 15330K(15552K)->15330K(15552K)
[48.927s][info][gc             ] GC(325) Pause Young (Allocation Failure) 525M->42M(1839M) 1.207ms
[48.927s][info][gc,cpu         ] GC(325) User=0.00s Sys=0.00s Real=0.00s
[49.042s][info][gc,start       ] GC(326) Pause Young (Allocation Failure)
[49.044s][info][gc,heap        ] GC(326) PSYoungGen: 485088K(485376K)->1824K(474112K) Eden: 483328K(483328K)->0K(472064K) From: 1760K(2048K)->1824K(2048K)
[49.044s][info][gc,heap        ] GC(326) ParOldGen: 41666K(1398272K)->41778K(1398272K)
[49.044s][info][gc,metaspace   ] GC(326) Metaspace: 74420K(74880K)->74420K(74880K) NonClass: 59090K(59328K)->59090K(59328K) Class: 15330K(15552K)->15330K(15552K)
[49.044s][info][gc             ] GC(326) Pause Young (Allocation Failure) 514M->42M(1828M) 1.316ms
[49.044s][info][gc,cpu         ] GC(326) User=0.00s Sys=0.00s Real=0.00s
[49.156s][info][gc,start       ] GC(327) Pause Young (Allocation Failure)
[49.158s][info][gc,heap        ] GC(327) PSYoungGen: 473888K(474112K)->1536K(462848K) Eden: 472064K(472064K)->0K(461312K) From: 1824K(2048K)->1536K(1536K)
[49.158s][info][gc,heap        ] GC(327) ParOldGen: 41778K(1398272K)->41922K(1398272K)
[49.158s][info][gc,metaspace   ] GC(327) Metaspace: 74420K(74880K)->74420K(74880K) NonClass: 59090K(59328K)->59090K(59328K) Class: 15330K(15552K)->15330K(15552K)
[49.158s][info][gc             ] GC(327) Pause Young (Allocation Failure) 503M->42M(1817M) 1.152ms
[49.158s][info][gc,cpu         ] GC(327) User=0.00s Sys=0.00s Real=0.00s
[49.268s][info][gc,start       ] GC(328) Pause Young (Allocation Failure)
[49.269s][info][gc,heap        ] GC(328) PSYoungGen: 462848K(462848K)->1824K(452608K) Eden: 461312K(461312K)->0K(450560K) From: 1536K(1536K)->1824K(2048K)
[49.269s][info][gc,heap        ] GC(328) ParOldGen: 41922K(1398272K)->42066K(1398272K)
[49.269s][info][gc,metaspace   ] GC(328) Metaspace: 74420K(74880K)->74420K(74880K) NonClass: 59090K(59328K)->59090K(59328K) Class: 15330K(15552K)->15330K(15552K)
[49.269s][info][gc             ] GC(328) Pause Young (Allocation Failure) 492M->42M(1807M) 1.374ms
[49.269s][info][gc,cpu         ] GC(328) User=0.00s Sys=0.00s Real=0.00s
[49.376s][info][gc,start       ] GC(329) Pause Young (Allocation Failure)
[49.378s][info][gc,heap        ] GC(329) PSYoungGen: 452384K(452608K)->1920K(442368K) Eden: 450560K(450560K)->0K(440320K) From: 1824K(2048K)->1920K(2048K)
[49.378s][info][gc,heap        ] GC(329) ParOldGen: 42066K(1398272K)->42226K(1398272K)
[49.378s][info][gc,metaspace   ] GC(329) Metaspace: 74420K(74880K)->74420K(74880K) NonClass: 59090K(59328K)->59090K(59328K) Class: 15330K(15552K)->15330K(15552K)
[49.378s][info][gc             ] GC(329) Pause Young (Allocation Failure) 482M->43M(1797M) 1.182ms
[49.378s][info][gc,cpu         ] GC(329) User=0.00s Sys=0.00s Real=0.00s
[49.483s][info][gc,start       ] GC(330) Pause Young (Allocation Failure)
[49.484s][info][gc,heap        ] GC(330) PSYoungGen: 442240K(442368K)->1856K(432640K) Eden: 440320K(440320K)->0K(430592K) From: 1920K(2048K)->1856K(2048K)
[49.484s][info][gc,heap        ] GC(330) ParOldGen: 42226K(1398272K)->42314K(1398272K)
[49.484s][info][gc,metaspace   ] GC(330) Metaspace: 74420K(74880K)->74420K(74880K) NonClass: 59090K(59328K)->59090K(59328K) Class: 15330K(15552K)->15330K(15552K)
[49.484s][info][gc             ] GC(330) Pause Young (Allocation Failure) 473M->43M(1788M) 1.316ms
[49.484s][info][gc,cpu         ] GC(330) User=0.00s Sys=0.00s Real=0.00s
[49.587s][info][gc,start       ] GC(331) Pause Young (Allocation Failure)
[49.589s][info][gc,heap        ] GC(331) PSYoungGen: 432448K(432640K)->1536K(422912K) Eden: 430592K(430592K)->0K(421376K) From: 1856K(2048K)->1536K(1536K)
[49.589s][info][gc,heap        ] GC(331) ParOldGen: 42314K(1398272K)->42610K(1398272K)
[49.589s][info][gc,metaspace   ] GC(331) Metaspace: 74420K(74880K)->74420K(74880K) NonClass: 59090K(59328K)->59090K(59328K) Class: 15330K(15552K)->15330K(15552K)
[49.589s][info][gc             ] GC(331) Pause Young (Allocation Failure) 463M->43M(1778M) 1.223ms
[49.589s][info][gc,cpu         ] GC(331) User=0.00s Sys=0.00s Real=0.00s
[49.689s][info][gc,start       ] GC(332) Pause Young (Allocation Failure)
[49.691s][info][gc,heap        ] GC(332) PSYoungGen: 422912K(422912K)->1888K(414208K) Eden: 421376K(421376K)->0K(412160K) From: 1536K(1536K)->1888K(2048K)
[49.691s][info][gc,heap        ] GC(332) ParOldGen: 42610K(1398272K)->42842K(1398272K)
[49.691s][info][gc,metaspace   ] GC(332) Metaspace: 74420K(74880K)->74420K(74880K) NonClass: 59090K(59328K)->59090K(59328K) Class: 15330K(15552K)->15330K(15552K)
[49.691s][info][gc             ] GC(332) Pause Young (Allocation Failure) 454M->43M(1770M) 1.356ms
[49.691s][info][gc,cpu         ] GC(332) User=0.00s Sys=0.00s Real=0.00s
[49.789s][info][gc,start       ] GC(333) Pause Young (Allocation Failure)
[49.790s][info][gc,heap        ] GC(333) PSYoungGen: 414048K(414208K)->1856K(405504K) Eden: 412160K(412160K)->0K(403456K) From: 1888K(2048K)->1856K(2048K)
[49.790s][info][gc,heap        ] GC(333) ParOldGen: 42842K(1398272K)->42962K(1398272K)
[49.790s][info][gc,metaspace   ] GC(333) Metaspace: 74420K(74880K)->74420K(74880K) NonClass: 59090K(59328K)->59090K(59328K) Class: 15330K(15552K)->15330K(15552K)
[49.790s][info][gc             ] GC(333) Pause Young (Allocation Failure) 446M->43M(1761M) 1.177ms
[49.790s][info][gc,cpu         ] GC(333) User=0.00s Sys=0.00s Real=0.00s
[49.887s][info][gc,start       ] GC(334) Pause Young (Allocation Failure)
[49.888s][info][gc,heap        ] GC(334) PSYoungGen: 405312K(405504K)->1824K(396800K) Eden: 403456K(403456K)->0K(394752K) From: 1856K(2048K)->1824K(2048K)
[49.888s][info][gc,heap        ] GC(334) ParOldGen: 42962K(1398272K)->43098K(1398272K)
[49.888s][info][gc,metaspace   ] GC(334) Metaspace: 74420K(74880K)->74420K(74880K) NonClass: 59090K(59328K)->59090K(59328K) Class: 15330K(15552K)->15330K(15552K)
[49.888s][info][gc             ] GC(334) Pause Young (Allocation Failure) 437M->43M(1753M) 1.374ms
[49.888s][info][gc,cpu         ] GC(334) User=0.00s Sys=0.00s Real=0.00s
[49.983s][info][gc,start       ] GC(335) Pause Young (Allocation Failure)
[49.984s][info][gc,heap        ] GC(335) PSYoungGen: 396576K(396800K)->1536K(388096K) Eden: 394752K(394752K)->0K(386560K) From: 1824K(2048K)->1536K(1536K)
[49.984s][info][gc,heap        ] GC(335) ParOldGen: 43098K(1398272K)->43258K(1398272K)
[49.984s][info][gc,metaspace   ] GC(335) Metaspace: 74420K(74880K)->74420K(74880K) NonClass: 59090K(59328K)->59090K(59328K) Class: 15330K(15552K)->15330K(15552K)
[49.984s][info][gc             ] GC(335) Pause Young (Allocation Failure) 429M->43M(1744M) 1.201ms
[49.984s][info][gc,cpu         ] GC(335) User=0.00s Sys=0.00s Real=0.00s
[50.077s][info][gc,start       ] GC(336) Pause Young (Allocation Failure)
[50.078s][info][gc,heap        ] GC(336) PSYoungGen: 388096K(388096K)->1856K(380416K) Eden: 386560K(386560K)->0K(378368K) From: 1536K(1536K)->1856K(2048K)
[50.078s][info][gc,heap        ] GC(336) ParOldGen: 43258K(1398272K)->43402K(1398272K)
[50.078s][info][gc,metaspace   ] GC(336) Metaspace: 74420K(74880K)->74420K(74880K) NonClass: 59090K(59328K)->59090K(59328K) Class: 15330K(15552K)->15330K(15552K)
[50.078s][info][gc             ] GC(336) Pause Young (Allocation Failure) 421M->44M(1737M) 1.284ms
[50.078s][info][gc,cpu         ] GC(336) User=0.00s Sys=0.00s Real=0.00s
[50.169s][info][gc,start       ] GC(337) Pause Young (Allocation Failure)
[50.170s][info][gc,heap        ] GC(337) PSYoungGen: 380224K(380416K)->1824K(456192K) Eden: 378368K(378368K)->0K(454144K) From: 1856K(2048K)->1824K(2048K)
[50.170s][info][gc,heap        ] GC(337) ParOldGen: 43402K(1398272K)->43554K(1398272K)
[50.170s][info][gc,metaspace   ] GC(337) Metaspace: 74420K(74880K)->74420K(74880K) NonClass: 59090K(59328K)->59090K(59328K) Class: 15330K(15552K)->15330K(15552K)
[50.170s][info][gc             ] GC(337) Pause Young (Allocation Failure) 413M->44M(1811M) 1.191ms
[50.170s][info][gc,cpu         ] GC(337) User=0.00s Sys=0.00s Real=0.00s
[50.280s][info][gc,start       ] GC(338) Pause Young (Allocation Failure)
[50.281s][info][gc,heap        ] GC(338) PSYoungGen: 455968K(456192K)->1856K(445952K) Eden: 454144K(454144K)->0K(443904K) From: 1824K(2048K)->1856K(2048K)
[50.281s][info][gc,heap        ] GC(338) ParOldGen: 43554K(1398272K)->43610K(1398272K)
[50.281s][info][gc,metaspace   ] GC(338) Metaspace: 74420K(74880K)->74420K(74880K) NonClass: 59090K(59328K)->59090K(59328K) Class: 15330K(15552K)->15330K(15552K)
[50.281s][info][gc             ] GC(338) Pause Young (Allocation Failure) 487M->44M(1801M) 1.486ms
[50.281s][info][gc,cpu         ] GC(338) User=0.00s Sys=0.00s Real=0.00s
[50.387s][info][gc,start       ] GC(339) Pause Young (Allocation Failure)
[50.388s][info][gc,heap        ] GC(339) PSYoungGen: 445760K(445952K)->512K(434688K) Eden: 443904K(443904K)->0K(434176K) From: 1856K(2048K)->512K(512K)
[50.388s][info][gc,heap        ] GC(339) ParOldGen: 43610K(1398272K)->44626K(1398272K)
[50.388s][info][gc,metaspace   ] GC(339) Metaspace: 74420K(74880K)->74420K(74880K) NonClass: 59090K(59328K)->59090K(59328K) Class: 15330K(15552K)->15330K(15552K)
[50.388s][info][gc             ] GC(339) Pause Young (Allocation Failure) 477M->44M(1790M) 1.256ms
[50.389s][info][gc,cpu         ] GC(339) User=0.00s Sys=0.00s Real=0.00s
[50.493s][info][gc,start       ] GC(340) Pause Young (Allocation Failure)
[50.494s][info][gc,heap        ] GC(340) PSYoungGen: 434688K(434688K)->1920K(427008K) Eden: 434176K(434176K)->0K(424448K) From: 512K(512K)->1920K(2560K)
[50.494s][info][gc,heap        ] GC(340) ParOldGen: 44626K(1398272K)->44882K(1398272K)
[50.494s][info][gc,metaspace   ] GC(340) Metaspace: 74420K(74880K)->74420K(74880K) NonClass: 59090K(59328K)->59090K(59328K) Class: 15330K(15552K)->15330K(15552K)
[50.494s][info][gc             ] GC(340) Pause Young (Allocation Failure) 468M->45M(1782M) 1.198ms
[50.494s][info][gc,cpu         ] GC(340) User=0.00s Sys=0.00s Real=0.00s
[50.595s][info][gc,start       ] GC(341) Pause Young (Allocation Failure)
[50.596s][info][gc,heap        ] GC(341) PSYoungGen: 426368K(427008K)->1824K(417280K) Eden: 424448K(424448K)->0K(415232K) From: 1920K(2560K)->1824K(2048K)
[50.596s][info][gc,heap        ] GC(341) ParOldGen: 44882K(1398272K)->45146K(1398272K)
[50.596s][info][gc,metaspace   ] GC(341) Metaspace: 74420K(74880K)->74420K(74880K) NonClass: 59090K(59328K)->59090K(59328K) Class: 15330K(15552K)->15330K(15552K)
[50.596s][info][gc             ] GC(341) Pause Young (Allocation Failure) 460M->45M(1773M) 1.229ms
[50.596s][info][gc,cpu         ] GC(341) User=0.00s Sys=0.00s Real=0.00s
[50.696s][info][gc,start       ] GC(342) Pause Young (Allocation Failure)
[50.697s][info][gc,heap        ] GC(342) PSYoungGen: 417055K(417280K)->1952K(408576K) Eden: 415231K(415232K)->0K(406528K) From: 1824K(2048K)->1952K(2048K)
[50.697s][info][gc,heap        ] GC(342) ParOldGen: 45146K(1398272K)->45314K(1398272K)
[50.697s][info][gc,metaspace   ] GC(342) Metaspace: 74420K(74880K)->74420K(74880K) NonClass: 59090K(59328K)->59090K(59328K) Class: 15330K(15552K)->15330K(15552K)
[50.697s][info][gc             ] GC(342) Pause Young (Allocation Failure) 451M->46M(1764M) 1.525ms
[50.697s][info][gc,cpu         ] GC(342) User=0.00s Sys=0.00s Real=0.00s
[50.796s][info][gc,start       ] GC(343) Pause Young (Allocation Failure)
[50.797s][info][gc,heap        ] GC(343) PSYoungGen: 408480K(408576K)->1536K(399360K) Eden: 406528K(406528K)->0K(397824K) From: 1952K(2048K)->1536K(1536K)
[50.797s][info][gc,heap        ] GC(343) ParOldGen: 45314K(1398272K)->45610K(1398272K)
[50.797s][info][gc,metaspace   ] GC(343) Metaspace: 74420K(74880K)->74420K(74880K) NonClass: 59090K(59328K)->59090K(59328K) Class: 15330K(15552K)->15330K(15552K)
[50.797s][info][gc             ] GC(343) Pause Young (Allocation Failure) 443M->46M(1755M) 1.167ms
[50.797s][info][gc,cpu         ] GC(343) User=0.00s Sys=0.00s Real=0.00s
[50.893s][info][gc,start       ] GC(344) Pause Young (Allocation Failure)
[50.895s][info][gc,heap        ] GC(344) PSYoungGen: 399360K(399360K)->1856K(391680K) Eden: 397824K(397824K)->0K(389632K) From: 1536K(1536K)->1856K(2048K)
[50.895s][info][gc,heap        ] GC(344) ParOldGen: 45610K(1398272K)->45754K(1398272K)
[50.895s][info][gc,metaspace   ] GC(344) Metaspace: 74421K(74880K)->74421K(74880K) NonClass: 59091K(59328K)->59091K(59328K) Class: 15330K(15552K)->15330K(15552K)
[50.895s][info][gc             ] GC(344) Pause Young (Allocation Failure) 434M->46M(1748M) 1.370ms
[50.895s][info][gc,cpu         ] GC(344) User=0.00s Sys=0.00s Real=0.00s
[50.990s][info][gc,start       ] GC(345) Pause Young (Allocation Failure)
[50.991s][info][gc,heap        ] GC(345) PSYoungGen: 391488K(391680K)->1728K(383488K) Eden: 389632K(389632K)->0K(381440K) From: 1856K(2048K)->1728K(2048K)
[50.991s][info][gc,heap        ] GC(345) ParOldGen: 45754K(1398272K)->46074K(1398272K)
[50.991s][info][gc,metaspace   ] GC(345) Metaspace: 74430K(74880K)->74430K(74880K) NonClass: 59099K(59328K)->59099K(59328K) Class: 15330K(15552K)->15330K(15552K)
[50.991s][info][gc             ] GC(345) Pause Young (Allocation Failure) 426M->46M(1740M) 1.164ms
[50.991s][info][gc,cpu         ] GC(345) User=0.52s Sys=0.00s Real=0.00s
[51.087s][info][gc,start       ] GC(346) Pause Young (Allocation Failure)
[51.088s][info][gc,heap        ] GC(346) PSYoungGen: 383168K(383488K)->1664K(375808K) Eden: 381440K(381440K)->0K(373760K) From: 1728K(2048K)->1664K(2048K)
[51.088s][info][gc,heap        ] GC(346) ParOldGen: 46074K(1398272K)->46378K(1398272K)
[51.088s][info][gc,metaspace   ] GC(346) Metaspace: 74430K(74880K)->74430K(74880K) NonClass: 59099K(59328K)->59099K(59328K) Class: 15330K(15552K)->15330K(15552K)
[51.088s][info][gc             ] GC(346) Pause Young (Allocation Failure) 419M->46M(1732M) 1.318ms
[51.088s][info][gc,cpu         ] GC(346) User=0.00s Sys=0.00s Real=0.00s
[51.186s][info][gc,start       ] GC(347) Pause Young (Allocation Failure)
[51.187s][info][gc,heap        ] GC(347) PSYoungGen: 375424K(375808K)->512K(366592K) Eden: 373760K(373760K)->0K(366080K) From: 1664K(2048K)->512K(512K)
[51.187s][info][gc,heap        ] GC(347) ParOldGen: 46378K(1398272K)->47154K(1398272K)
[51.187s][info][gc,metaspace   ] GC(347) Metaspace: 74479K(74944K)->74479K(74944K) NonClass: 59148K(59392K)->59148K(59392K) Class: 15330K(15552K)->15330K(15552K)
[51.187s][info][gc             ] GC(347) Pause Young (Allocation Failure) 411M->46M(1723M) 1.141ms
[51.187s][info][gc,cpu         ] GC(347) User=0.00s Sys=0.00s Real=0.00s
[51.292s][info][gc,start       ] GC(348) Pause Young (Allocation Failure)
[51.293s][info][gc,heap        ] GC(348) PSYoungGen: 366592K(366592K)->1216K(361472K) Eden: 366080K(366080K)->0K(358912K) From: 512K(512K)->1216K(2560K)
[51.293s][info][gc,heap        ] GC(348) ParOldGen: 47154K(1398272K)->47426K(1398272K)
[51.293s][info][gc,metaspace   ] GC(348) Metaspace: 74479K(74944K)->74479K(74944K) NonClass: 59148K(59392K)->59148K(59392K) Class: 15330K(15552K)->15330K(15552K)
[51.293s][info][gc             ] GC(348) Pause Young (Allocation Failure) 404M->47M(1718M) 0.989ms
[51.293s][info][gc,cpu         ] GC(348) User=0.00s Sys=0.00s Real=0.00s
[51.411s][info][gc,start       ] GC(349) Pause Young (Allocation Failure)
[51.412s][info][gc,heap        ] GC(349) PSYoungGen: 360128K(361472K)->1312K(353280K) Eden: 358912K(358912K)->0K(351744K) From: 1216K(2560K)->1312K(1536K)
[51.412s][info][gc,heap        ] GC(349) ParOldGen: 47426K(1398272K)->47722K(1398272K)
[51.412s][info][gc,metaspace   ] GC(349) Metaspace: 74481K(74944K)->74481K(74944K) NonClass: 59150K(59392K)->59150K(59392K) Class: 15330K(15552K)->15330K(15552K)
[51.412s][info][gc             ] GC(349) Pause Young (Allocation Failure) 398M->47M(1710M) 1.133ms
[51.413s][info][gc,cpu         ] GC(349) User=0.00s Sys=0.00s Real=0.00s
[51.551s][info][gc,start       ] GC(350) Pause Young (Allocation Failure)
[51.552s][info][gc,heap        ] GC(350) PSYoungGen: 353056K(353280K)->1088K(346624K) Eden: 351744K(351744K)->0K(345088K) From: 1312K(1536K)->1088K(1536K)
[51.552s][info][gc,heap        ] GC(350) ParOldGen: 47722K(1398272K)->48130K(1398272K)
[51.552s][info][gc,metaspace   ] GC(350) Metaspace: 74481K(74944K)->74481K(74944K) NonClass: 59150K(59392K)->59150K(59392K) Class: 15330K(15552K)->15330K(15552K)
[51.552s][info][gc             ] GC(350) Pause Young (Allocation Failure) 391M->48M(1704M) 1.101ms
[51.552s][info][gc,cpu         ] GC(350) User=0.00s Sys=0.00s Real=0.00s
[51.721s][info][gc,start       ] GC(351) Pause Young (Allocation Failure)
[51.722s][info][gc,heap        ] GC(351) PSYoungGen: 346176K(346624K)->1088K(339968K) Eden: 345088K(345088K)->0K(338432K) From: 1088K(1536K)->1088K(1536K)
[51.722s][info][gc,heap        ] GC(351) ParOldGen: 48130K(1398272K)->48330K(1398272K)
[51.722s][info][gc,metaspace   ] GC(351) Metaspace: 74481K(74944K)->74481K(74944K) NonClass: 59150K(59392K)->59150K(59392K) Class: 15330K(15552K)->15330K(15552K)
[51.722s][info][gc             ] GC(351) Pause Young (Allocation Failure) 385M->48M(1697M) 1.084ms
[51.722s][info][gc,cpu         ] GC(351) User=0.00s Sys=0.00s Real=0.00s
[51.924s][info][gc,start       ] GC(352) Pause Young (Allocation Failure)
[51.925s][info][gc,heap        ] GC(352) PSYoungGen: 339520K(339968K)->1088K(333824K) Eden: 338432K(338432K)->0K(332288K) From: 1088K(1536K)->1088K(1536K)
[51.925s][info][gc,heap        ] GC(352) ParOldGen: 48330K(1398272K)->48650K(1398272K)
[51.925s][info][gc,metaspace   ] GC(352) Metaspace: 74481K(74944K)->74481K(74944K) NonClass: 59150K(59392K)->59150K(59392K) Class: 15330K(15552K)->15330K(15552K)
[51.925s][info][gc             ] GC(352) Pause Young (Allocation Failure) 378M->48M(1691M) 1.002ms
[51.925s][info][gc,cpu         ] GC(352) User=0.00s Sys=0.02s Real=0.02s
[52.133s][info][gc,start       ] GC(353) Pause Young (Allocation Failure)
[52.134s][info][gc,heap        ] GC(353) PSYoungGen: 333376K(333824K)->1056K(327680K) Eden: 332288K(332288K)->0K(326144K) From: 1088K(1536K)->1056K(1536K)
[52.134s][info][gc,heap        ] GC(353) ParOldGen: 48650K(1398272K)->48842K(1398272K)
[52.134s][info][gc,metaspace   ] GC(353) Metaspace: 74481K(74944K)->74481K(74944K) NonClass: 59150K(59392K)->59150K(59392K) Class: 15330K(15552K)->15330K(15552K)
[52.134s][info][gc             ] GC(353) Pause Young (Allocation Failure) 373M->48M(1685M) 0.974ms
[52.134s][info][gc,cpu         ] GC(353) User=0.48s Sys=0.00s Real=0.02s
[52.339s][info][gc,start       ] GC(354) Pause Young (Allocation Failure)
[52.340s][info][gc,heap        ] GC(354) PSYoungGen: 327200K(327680K)->1056K(321536K) Eden: 326144K(326144K)->0K(320000K) From: 1056K(1536K)->1056K(1536K)
[52.340s][info][gc,heap        ] GC(354) ParOldGen: 48842K(1398272K)->48898K(1398272K)
[52.340s][info][gc,metaspace   ] GC(354) Metaspace: 74481K(74944K)->74481K(74944K) NonClass: 59150K(59392K)->59150K(59392K) Class: 15330K(15552K)->15330K(15552K)
[52.340s][info][gc             ] GC(354) Pause Young (Allocation Failure) 367M->48M(1679M) 0.916ms
[52.340s][info][gc,cpu         ] GC(354) User=0.00s Sys=0.00s Real=0.00s
[52.542s][info][gc,start       ] GC(355) Pause Young (Allocation Failure)
[52.543s][info][gc,heap        ] GC(355) PSYoungGen: 321056K(321536K)->1056K(315904K) Eden: 320000K(320000K)->0K(314368K) From: 1056K(1536K)->1056K(1536K)
[52.543s][info][gc,heap        ] GC(355) ParOldGen: 48898K(1398272K)->48922K(1398272K)
[52.543s][info][gc,metaspace   ] GC(355) Metaspace: 74481K(74944K)->74481K(74944K) NonClass: 59150K(59392K)->59150K(59392K) Class: 15330K(15552K)->15330K(15552K)
[52.543s][info][gc             ] GC(355) Pause Young (Allocation Failure) 361M->48M(1674M) 0.946ms
[52.543s][info][gc,cpu         ] GC(355) User=0.00s Sys=0.00s Real=0.00s
[52.741s][info][gc,start       ] GC(356) Pause Young (Allocation Failure)
[52.742s][info][gc,heap        ] GC(356) PSYoungGen: 315424K(315904K)->1056K(310272K) Eden: 314368K(314368K)->0K(308736K) From: 1056K(1536K)->1056K(1536K)
[52.742s][info][gc,heap        ] GC(356) ParOldGen: 48922K(1398272K)->49082K(1398272K)
[52.742s][info][gc,metaspace   ] GC(356) Metaspace: 74481K(74944K)->74481K(74944K) NonClass: 59150K(59392K)->59150K(59392K) Class: 15330K(15552K)->15330K(15552K)
[52.742s][info][gc             ] GC(356) Pause Young (Allocation Failure) 355M->48M(1668M) 0.890ms
[52.742s][info][gc,cpu         ] GC(356) User=0.00s Sys=0.00s Real=0.00s
[52.884s][info][gc,start       ] GC(357) Pause Young (System.gc())
[52.885s][info][gc,heap        ] GC(357) PSYoungGen: 188140K(310272K)->1184K(310272K) Eden: 187084K(308736K)->0K(308736K) From: 1056K(1536K)->1184K(1536K)
[52.885s][info][gc,heap        ] GC(357) ParOldGen: 49082K(1398272K)->49090K(1398272K)
[52.885s][info][gc,metaspace   ] GC(357) Metaspace: 74500K(74944K)->74500K(74944K) NonClass: 59169K(59392K)->59169K(59392K) Class: 15330K(15552K)->15330K(15552K)
[52.885s][info][gc             ] GC(357) Pause Young (System.gc()) 231M->49M(1668M) 1.698ms
[52.885s][info][gc,cpu         ] GC(357) User=0.00s Sys=0.00s Real=0.00s
[52.886s][info][gc,start       ] GC(358) Pause Full (System.gc())
[52.886s][info][gc,phases,start] GC(358) Marking Phase
[52.923s][info][gc,phases      ] GC(358) Marking Phase 37.210ms
[52.923s][info][gc,phases,start] GC(358) Summary Phase
[52.923s][info][gc,phases      ] GC(358) Summary Phase 0.012ms
[52.923s][info][gc,phases,start] GC(358) Adjust Roots
[52.931s][info][gc,phases      ] GC(358) Adjust Roots 8.368ms
[52.931s][info][gc,phases,start] GC(358) Compaction Phase
[52.940s][info][gc,phases      ] GC(358) Compaction Phase 9.215ms
[52.941s][info][gc,phases,start] GC(358) Post Compact
[52.941s][info][gc,phases      ] GC(358) Post Compact 0.711ms
[52.941s][info][gc,heap        ] GC(358) PSYoungGen: 1184K(310272K)->0K(310272K) Eden: 0K(308736K)->0K(308736K) From: 1184K(1536K)->0K(1536K)
[52.941s][info][gc,heap        ] GC(358) ParOldGen: 49090K(1398272K)->35648K(1398272K)
[52.941s][info][gc,metaspace   ] GC(358) Metaspace: 74500K(74944K)->74500K(74944K) NonClass: 59169K(59392K)->59169K(59392K) Class: 15330K(15552K)->15330K(15552K)
[52.941s][info][gc             ] GC(358) Pause Full (System.gc()) 49M->34M(1668M) 55.793ms
[52.941s][info][gc,cpu         ] GC(358) User=0.44s Sys=0.02s Real=0.05s
[53.045s][info][gc,start       ] GC(359) Pause Young (Allocation Failure)
[53.047s][info][gc,heap        ] GC(359) PSYoungGen: 308736K(310272K)->2560K(305664K) Eden: 308736K(308736K)->0K(303104K) From: 0K(1536K)->2560K(2560K)
[53.047s][info][gc,heap        ] GC(359) ParOldGen: 35648K(1398272K)->36792K(1398272K)
[53.047s][info][gc,metaspace   ] GC(359) Metaspace: 74574K(75008K)->74574K(75008K) NonClass: 59243K(59456K)->59243K(59456K) Class: 15330K(15552K)->15330K(15552K)
[53.047s][info][gc             ] GC(359) Pause Young (Allocation Failure) 336M->38M(1664M) 1.940ms
[53.047s][info][gc,cpu         ] GC(359) User=0.00s Sys=0.00s Real=0.00s
[53.119s][info][gc,start       ] GC(360) Pause Young (Allocation Failure)
[53.120s][info][gc,heap        ] GC(360) PSYoungGen: 305664K(305664K)->1536K(299520K) Eden: 303104K(303104K)->0K(297984K) From: 2560K(2560K)->1536K(1536K)
[53.120s][info][gc,heap        ] GC(360) ParOldGen: 36792K(1398272K)->38560K(1398272K)
[53.120s][info][gc,metaspace   ] GC(360) Metaspace: 74574K(75008K)->74574K(75008K) NonClass: 59243K(59456K)->59243K(59456K) Class: 15330K(15552K)->15330K(15552K)
[53.120s][info][gc             ] GC(360) Pause Young (Allocation Failure) 334M->39M(1658M) 1.549ms
[53.120s][info][gc,cpu         ] GC(360) User=0.00s Sys=0.00s Real=0.00s
[53.191s][info][gc,start       ] GC(361) Pause Young (Allocation Failure)
[53.192s][info][gc,heap        ] GC(361) PSYoungGen: 299520K(299520K)->1920K(359936K) Eden: 297984K(297984K)->0K(357888K) From: 1536K(1536K)->1920K(2048K)
[53.193s][info][gc,heap        ] GC(361) ParOldGen: 38560K(1398272K)->38816K(1398272K)
[53.193s][info][gc,metaspace   ] GC(361) Metaspace: 74574K(75008K)->74574K(75008K) NonClass: 59243K(59456K)->59243K(59456K) Class: 15330K(15552K)->15330K(15552K)
[53.193s][info][gc             ] GC(361) Pause Young (Allocation Failure) 330M->39M(1717M) 1.423ms
[53.193s][info][gc,cpu         ] GC(361) User=0.00s Sys=0.00s Real=0.00s
[53.277s][info][gc,start       ] GC(362) Pause Young (Allocation Failure)
[53.279s][info][gc,heap        ] GC(362) PSYoungGen: 359808K(359936K)->1856K(431616K) Eden: 357888K(357888K)->0K(429568K) From: 1920K(2048K)->1856K(2048K)
[53.279s][info][gc,heap        ] GC(362) ParOldGen: 38816K(1398272K)->38960K(1398272K)
[53.279s][info][gc,metaspace   ] GC(362) Metaspace: 74574K(75008K)->74574K(75008K) NonClass: 59243K(59456K)->59243K(59456K) Class: 15330K(15552K)->15330K(15552K)
[53.279s][info][gc             ] GC(362) Pause Young (Allocation Failure) 389M->39M(1787M) 1.391ms
[53.279s][info][gc,cpu         ] GC(362) User=0.00s Sys=0.00s Real=0.00s
[53.381s][info][gc,start       ] GC(363) Pause Young (Allocation Failure)
[53.382s][info][gc,heap        ] GC(363) PSYoungGen: 431424K(431616K)->1856K(517632K) Eden: 429568K(429568K)->0K(515584K) From: 1856K(2048K)->1856K(2048K)
[53.382s][info][gc,heap        ] GC(363) ParOldGen: 38960K(1398272K)->39024K(1398272K)
[53.382s][info][gc,metaspace   ] GC(363) Metaspace: 74574K(75008K)->74574K(75008K) NonClass: 59243K(59456K)->59243K(59456K) Class: 15330K(15552K)->15330K(15552K)
[53.382s][info][gc             ] GC(363) Pause Young (Allocation Failure) 459M->39M(1871M) 1.397ms
[53.382s][info][gc,cpu         ] GC(363) User=0.52s Sys=0.00s Real=0.00s
[53.504s][info][gc,start       ] GC(364) Pause Young (Allocation Failure)
[53.506s][info][gc,heap        ] GC(364) PSYoungGen: 517440K(517632K)->1888K(505344K) Eden: 515584K(515584K)->0K(503296K) From: 1856K(2048K)->1888K(2048K)
[53.506s][info][gc,heap        ] GC(364) ParOldGen: 39024K(1398272K)->39176K(1398272K)
[53.506s][info][gc,metaspace   ] GC(364) Metaspace: 74574K(75008K)->74574K(75008K) NonClass: 59243K(59456K)->59243K(59456K) Class: 15330K(15552K)->15330K(15552K)
[53.506s][info][gc             ] GC(364) Pause Young (Allocation Failure) 543M->40M(1859M) 1.466ms
[53.506s][info][gc,cpu         ] GC(364) User=0.02s Sys=0.00s Real=0.00s
[53.625s][info][gc,start       ] GC(365) Pause Young (Allocation Failure)
[53.627s][info][gc,heap        ] GC(365) PSYoungGen: 505184K(505344K)->1856K(493056K) Eden: 503296K(503296K)->0K(491008K) From: 1888K(2048K)->1856K(2048K)
[53.627s][info][gc,heap        ] GC(365) ParOldGen: 39176K(1398272K)->39424K(1398272K)
[53.627s][info][gc,metaspace   ] GC(365) Metaspace: 74574K(75008K)->74574K(75008K) NonClass: 59243K(59456K)->59243K(59456K) Class: 15330K(15552K)->15330K(15552K)
[53.627s][info][gc             ] GC(365) Pause Young (Allocation Failure) 531M->40M(1847M) 1.383ms
[53.627s][info][gc,cpu         ] GC(365) User=0.00s Sys=0.00s Real=0.00s
[53.743s][info][gc,start       ] GC(366) Pause Young (Allocation Failure)
[53.745s][info][gc,heap        ] GC(366) PSYoungGen: 492864K(493056K)->1792K(481280K) Eden: 491008K(491008K)->0K(479232K) From: 1856K(2048K)->1792K(2048K)
[53.745s][info][gc,heap        ] GC(366) ParOldGen: 39424K(1398272K)->39536K(1398272K)
[53.745s][info][gc,metaspace   ] GC(366) Metaspace: 74574K(75008K)->74574K(75008K) NonClass: 59243K(59456K)->59243K(59456K) Class: 15330K(15552K)->15330K(15552K)
[53.745s][info][gc             ] GC(366) Pause Young (Allocation Failure) 519M->40M(1835M) 1.346ms
[53.745s][info][gc,cpu         ] GC(366) User=0.00s Sys=0.00s Real=0.00s
[53.858s][info][gc,start       ] GC(367) Pause Young (Allocation Failure)
[53.879s][info][gc,heap        ] GC(367) PSYoungGen: 481024K(481280K)->1888K(470016K) Eden: 479232K(479232K)->0K(467968K) From: 1792K(2048K)->1888K(2048K)
[53.879s][info][gc,heap        ] GC(367) ParOldGen: 39536K(1398272K)->39608K(1398272K)
[53.879s][info][gc,metaspace   ] GC(367) Metaspace: 74574K(75008K)->74574K(75008K) NonClass: 59243K(59456K)->59243K(59456K) Class: 15330K(15552K)->15330K(15552K)
[53.879s][info][gc             ] GC(367) Pause Young (Allocation Failure) 508M->40M(1824M) 20.926ms
[53.879s][info][gc,cpu         ] GC(367) User=0.00s Sys=0.00s Real=0.02s
[53.994s][info][gc,start       ] GC(368) Pause Young (Allocation Failure)
[53.995s][info][gc,heap        ] GC(368) PSYoungGen: 469856K(470016K)->1856K(459264K) Eden: 467968K(467968K)->0K(457216K) From: 1888K(2048K)->1856K(2048K)
[53.995s][info][gc,heap        ] GC(368) ParOldGen: 39608K(1398272K)->39760K(1398272K)
[53.995s][info][gc,metaspace   ] GC(368) Metaspace: 74574K(75008K)->74574K(75008K) NonClass: 59243K(59456K)->59243K(59456K) Class: 15330K(15552K)->15330K(15552K)
[53.995s][info][gc             ] GC(368) Pause Young (Allocation Failure) 497M->40M(1814M) 1.278ms
[53.995s][info][gc,cpu         ] GC(368) User=0.00s Sys=0.00s Real=0.00s
[54.104s][info][gc,start       ] GC(369) Pause Young (Allocation Failure)
[54.105s][info][gc,heap        ] GC(369) PSYoungGen: 459072K(459264K)->1792K(449024K) Eden: 457216K(457216K)->0K(446976K) From: 1856K(2048K)->1792K(2048K)
[54.105s][info][gc,heap        ] GC(369) ParOldGen: 39760K(1398272K)->39912K(1398272K)
[54.105s][info][gc,metaspace   ] GC(369) Metaspace: 74574K(75008K)->74574K(75008K) NonClass: 59243K(59456K)->59243K(59456K) Class: 15330K(15552K)->15330K(15552K)
[54.105s][info][gc             ] GC(369) Pause Young (Allocation Failure) 487M->40M(1804M) 1.347ms
[54.105s][info][gc,cpu         ] GC(369) User=0.00s Sys=0.00s Real=0.00s
[54.211s][info][gc,start       ] GC(370) Pause Young (Allocation Failure)
[54.213s][info][gc,heap        ] GC(370) PSYoungGen: 448768K(449024K)->1824K(438784K) Eden: 446976K(446976K)->0K(436736K) From: 1792K(2048K)->1824K(2048K)
[54.213s][info][gc,heap        ] GC(370) ParOldGen: 39912K(1398272K)->39992K(1398272K)
[54.213s][info][gc,metaspace   ] GC(370) Metaspace: 74574K(75008K)->74574K(75008K) NonClass: 59243K(59456K)->59243K(59456K) Class: 15330K(15552K)->15330K(15552K)
[54.213s][info][gc             ] GC(370) Pause Young (Allocation Failure) 477M->40M(1794M) 1.214ms
[54.213s][info][gc,cpu         ] GC(370) User=0.00s Sys=0.00s Real=0.00s
[54.317s][info][gc,start       ] GC(371) Pause Young (Allocation Failure)
[54.318s][info][gc,heap        ] GC(371) PSYoungGen: 438560K(438784K)->1824K(429056K) Eden: 436736K(436736K)->0K(427008K) From: 1824K(2048K)->1824K(2048K)
[54.318s][info][gc,heap        ] GC(371) ParOldGen: 39992K(1398272K)->40088K(1398272K)
[54.318s][info][gc,metaspace   ] GC(371) Metaspace: 74574K(75008K)->74574K(75008K) NonClass: 59243K(59456K)->59243K(59456K) Class: 15330K(15552K)->15330K(15552K)
[54.318s][info][gc             ] GC(371) Pause Young (Allocation Failure) 467M->40M(1784M) 1.346ms
[54.318s][info][gc,cpu         ] GC(371) User=0.00s Sys=0.00s Real=0.00s
[54.420s][info][gc,start       ] GC(372) Pause Young (Allocation Failure)
[54.421s][info][gc,heap        ] GC(372) PSYoungGen: 428832K(429056K)->1536K(419328K) Eden: 427008K(427008K)->0K(417792K) From: 1824K(2048K)->1536K(1536K)
[54.421s][info][gc,heap        ] GC(372) ParOldGen: 40088K(1398272K)->40304K(1398272K)
[54.421s][info][gc,metaspace   ] GC(372) Metaspace: 74574K(75008K)->74574K(75008K) NonClass: 59243K(59456K)->59243K(59456K) Class: 15330K(15552K)->15330K(15552K)
[54.421s][info][gc             ] GC(372) Pause Young (Allocation Failure) 457M->40M(1775M) 1.132ms
[54.421s][info][gc,cpu         ] GC(372) User=0.00s Sys=0.00s Real=0.00s
[54.520s][info][gc,start       ] GC(373) Pause Young (Allocation Failure)
[54.521s][info][gc,heap        ] GC(373) PSYoungGen: 419328K(419328K)->1856K(410624K) Eden: 417792K(417792K)->0K(408576K) From: 1536K(1536K)->1856K(2048K)
[54.521s][info][gc,heap        ] GC(373) ParOldGen: 40304K(1398272K)->40576K(1398272K)
[54.521s][info][gc,metaspace   ] GC(373) Metaspace: 74574K(75008K)->74574K(75008K) NonClass: 59243K(59456K)->59243K(59456K) Class: 15330K(15552K)->15330K(15552K)
[54.521s][info][gc             ] GC(373) Pause Young (Allocation Failure) 448M->41M(1766M) 1.250ms
[54.521s][info][gc,cpu         ] GC(373) User=0.00s Sys=0.00s Real=0.00s
[54.618s][info][gc,start       ] GC(374) Pause Young (Allocation Failure)
[54.620s][info][gc,heap        ] GC(374) PSYoungGen: 410432K(410624K)->1856K(401920K) Eden: 408576K(408576K)->0K(399872K) From: 1856K(2048K)->1856K(2048K)
[54.620s][info][gc,heap        ] GC(374) ParOldGen: 40576K(1398272K)->40696K(1398272K)
[54.620s][info][gc,metaspace   ] GC(374) Metaspace: 74574K(75008K)->74574K(75008K) NonClass: 59243K(59456K)->59243K(59456K) Class: 15330K(15552K)->15330K(15552K)
[54.620s][info][gc             ] GC(374) Pause Young (Allocation Failure) 440M->41M(1758M) 1.206ms
[54.620s][info][gc,cpu         ] GC(374) User=0.00s Sys=0.00s Real=0.00s
[54.715s][info][gc,start       ] GC(375) Pause Young (Allocation Failure)
[54.716s][info][gc,heap        ] GC(375) PSYoungGen: 401728K(401920K)->1856K(393728K) Eden: 399872K(399872K)->0K(391680K) From: 1856K(2048K)->1856K(2048K)
[54.716s][info][gc,heap        ] GC(375) ParOldGen: 40696K(1398272K)->40792K(1398272K)
[54.716s][info][gc,metaspace   ] GC(375) Metaspace: 74574K(75008K)->74574K(75008K) NonClass: 59243K(59456K)->59243K(59456K) Class: 15330K(15552K)->15330K(15552K)
[54.716s][info][gc             ] GC(375) Pause Young (Allocation Failure) 432M->41M(1750M) 1.377ms
[54.716s][info][gc,cpu         ] GC(375) User=0.00s Sys=0.00s Real=0.00s
[54.810s][info][gc,start       ] GC(376) Pause Young (Allocation Failure)
[54.811s][info][gc,heap        ] GC(376) PSYoungGen: 393536K(393728K)->1536K(385024K) Eden: 391680K(391680K)->0K(383488K) From: 1856K(2048K)->1536K(1536K)
[54.811s][info][gc,heap        ] GC(376) ParOldGen: 40792K(1398272K)->40976K(1398272K)
[54.811s][info][gc,metaspace   ] GC(376) Metaspace: 74574K(75008K)->74574K(75008K) NonClass: 59243K(59456K)->59243K(59456K) Class: 15330K(15552K)->15330K(15552K)
[54.811s][info][gc             ] GC(376) Pause Young (Allocation Failure) 424M->41M(1741M) 1.239ms
[54.811s][info][gc,cpu         ] GC(376) User=0.00s Sys=0.00s Real=0.00s
[54.902s][info][gc,start       ] GC(377) Pause Young (Allocation Failure)
[54.903s][info][gc,heap        ] GC(377) PSYoungGen: 385024K(385024K)->1824K(377856K) Eden: 383488K(383488K)->0K(375808K) From: 1536K(1536K)->1824K(2048K)
[54.903s][info][gc,heap        ] GC(377) ParOldGen: 40976K(1398272K)->41104K(1398272K)
[54.903s][info][gc,metaspace   ] GC(377) Metaspace: 74574K(75008K)->74574K(75008K) NonClass: 59243K(59456K)->59243K(59456K) Class: 15330K(15552K)->15330K(15552K)
[54.903s][info][gc             ] GC(377) Pause Young (Allocation Failure) 416M->41M(1734M) 1.323ms
[54.903s][info][gc,cpu         ] GC(377) User=0.00s Sys=0.00s Real=0.00s
[54.993s][info][gc,start       ] GC(378) Pause Young (Allocation Failure)
[54.994s][info][gc,heap        ] GC(378) PSYoungGen: 377632K(377856K)->1824K(370176K) Eden: 375808K(375808K)->0K(368128K) From: 1824K(2048K)->1824K(2048K)
[54.994s][info][gc,heap        ] GC(378) ParOldGen: 41104K(1398272K)->41248K(1398272K)
[54.994s][info][gc,metaspace   ] GC(378) Metaspace: 74574K(75008K)->74574K(75008K) NonClass: 59243K(59456K)->59243K(59456K) Class: 15330K(15552K)->15330K(15552K)
[54.994s][info][gc             ] GC(378) Pause Young (Allocation Failure) 408M->42M(1727M) 1.137ms
[54.994s][info][gc,cpu         ] GC(378) User=0.00s Sys=0.00s Real=0.00s
[55.081s][info][gc,start       ] GC(379) Pause Young (Allocation Failure)
[55.083s][info][gc,heap        ] GC(379) PSYoungGen: 369952K(370176K)->1920K(443904K) Eden: 368128K(368128K)->0K(441856K) From: 1824K(2048K)->1920K(2048K)
[55.083s][info][gc,heap        ] GC(379) ParOldGen: 41248K(1398272K)->41368K(1398272K)
[55.083s][info][gc,metaspace   ] GC(379) Metaspace: 74574K(75008K)->74574K(75008K) NonClass: 59243K(59456K)->59243K(59456K) Class: 15330K(15552K)->15330K(15552K)
[55.083s][info][gc             ] GC(379) Pause Young (Allocation Failure) 401M->42M(1799M) 1.428ms
[55.083s][info][gc,cpu         ] GC(379) User=0.00s Sys=0.00s Real=0.00s
[55.187s][info][gc,start       ] GC(380) Pause Young (Allocation Failure)
[55.189s][info][gc,heap        ] GC(380) PSYoungGen: 443776K(443904K)->1536K(433664K) Eden: 441856K(441856K)->0K(432128K) From: 1920K(2048K)->1536K(1536K)
[55.189s][info][gc,heap        ] GC(380) ParOldGen: 41368K(1398272K)->41536K(1398272K)
[55.189s][info][gc,metaspace   ] GC(380) Metaspace: 74574K(75008K)->74574K(75008K) NonClass: 59243K(59456K)->59243K(59456K) Class: 15330K(15552K)->15330K(15552K)
[55.189s][info][gc             ] GC(380) Pause Young (Allocation Failure) 473M->42M(1789M) 1.143ms
[55.189s][info][gc,cpu         ] GC(380) User=0.00s Sys=0.00s Real=0.00s
[55.292s][info][gc,start       ] GC(381) Pause Young (Allocation Failure)
[55.293s][info][gc,heap        ] GC(381) PSYoungGen: 433664K(433664K)->1888K(424448K) Eden: 432128K(432128K)->0K(422400K) From: 1536K(1536K)->1888K(2048K)
[55.293s][info][gc,heap        ] GC(381) ParOldGen: 41536K(1398272K)->41656K(1398272K)
[55.293s][info][gc,metaspace   ] GC(381) Metaspace: 74574K(75008K)->74574K(75008K) NonClass: 59243K(59456K)->59243K(59456K) Class: 15330K(15552K)->15330K(15552K)
[55.293s][info][gc             ] GC(381) Pause Young (Allocation Failure) 464M->42M(1780M) 1.291ms
[55.293s][info][gc,cpu         ] GC(381) User=0.00s Sys=0.00s Real=0.00s
[55.401s][info][gc,start       ] GC(382) Pause Young (Allocation Failure)
[55.402s][info][gc,heap        ] GC(382) PSYoungGen: 424288K(424448K)->1888K(415232K) Eden: 422400K(422400K)->0K(413184K) From: 1888K(2048K)->1888K(2048K)
[55.402s][info][gc,heap        ] GC(382) ParOldGen: 41656K(1398272K)->41792K(1398272K)
[55.402s][info][gc,metaspace   ] GC(382) Metaspace: 74574K(75008K)->74574K(75008K) NonClass: 59243K(59456K)->59243K(59456K) Class: 15330K(15552K)->15330K(15552K)
[55.402s][info][gc             ] GC(382) Pause Young (Allocation Failure) 455M->42M(1771M) 1.149ms
[55.402s][info][gc,cpu         ] GC(382) User=0.00s Sys=0.00s Real=0.00s
[55.501s][info][gc,start       ] GC(383) Pause Young (Allocation Failure)
[55.503s][info][gc,heap        ] GC(383) PSYoungGen: 415072K(415232K)->1760K(406528K) Eden: 413184K(413184K)->0K(404480K) From: 1888K(2048K)->1760K(2048K)
[55.503s][info][gc,heap        ] GC(383) ParOldGen: 41792K(1398272K)->42040K(1398272K)
[55.503s][info][gc,metaspace   ] GC(383) Metaspace: 74574K(75008K)->74574K(75008K) NonClass: 59243K(59456K)->59243K(59456K) Class: 15330K(15552K)->15330K(15552K)
[55.503s][info][gc             ] GC(383) Pause Young (Allocation Failure) 446M->42M(1762M) 1.474ms
[55.503s][info][gc,cpu         ] GC(383) User=0.00s Sys=0.00s Real=0.00s
[55.599s][info][gc,start       ] GC(384) Pause Young (Allocation Failure)
[55.600s][info][gc,heap        ] GC(384) PSYoungGen: 406240K(406528K)->1536K(397312K) Eden: 404480K(404480K)->0K(395776K) From: 1760K(2048K)->1536K(1536K)
[55.600s][info][gc,heap        ] GC(384) ParOldGen: 42040K(1398272K)->42248K(1398272K)
[55.600s][info][gc,metaspace   ] GC(384) Metaspace: 74574K(75008K)->74574K(75008K) NonClass: 59243K(59456K)->59243K(59456K) Class: 15330K(15552K)->15330K(15552K)
[55.600s][info][gc             ] GC(384) Pause Young (Allocation Failure) 437M->42M(1753M) 1.108ms
[55.600s][info][gc,cpu         ] GC(384) User=0.00s Sys=0.00s Real=0.00s
[55.694s][info][gc,start       ] GC(385) Pause Young (Allocation Failure)
[55.695s][info][gc,heap        ] GC(385) PSYoungGen: 397312K(397312K)->1856K(389632K) Eden: 395776K(395776K)->0K(387584K) From: 1536K(1536K)->1856K(2048K)
[55.695s][info][gc,heap        ] GC(385) ParOldGen: 42248K(1398272K)->42496K(1398272K)
[55.695s][info][gc,metaspace   ] GC(385) Metaspace: 74576K(75072K)->74576K(75072K) NonClass: 59245K(59520K)->59245K(59520K) Class: 15330K(15552K)->15330K(15552K)
[55.695s][info][gc             ] GC(385) Pause Young (Allocation Failure) 429M->43M(1746M) 1.404ms
[55.695s][info][gc,cpu         ] GC(385) User=0.00s Sys=0.00s Real=0.00s
[55.787s][info][gc,start       ] GC(386) Pause Young (Allocation Failure)
[55.788s][info][gc,heap        ] GC(386) PSYoungGen: 389440K(389632K)->1824K(381440K) Eden: 387584K(387584K)->0K(379392K) From: 1856K(2048K)->1824K(2048K)
[55.788s][info][gc,heap        ] GC(386) ParOldGen: 42496K(1398272K)->42640K(1398272K)
[55.788s][info][gc,metaspace   ] GC(386) Metaspace: 74587K(75072K)->74587K(75072K) NonClass: 59256K(59520K)->59256K(59520K) Class: 15330K(15552K)->15330K(15552K)
[55.788s][info][gc             ] GC(386) Pause Young (Allocation Failure) 421M->43M(1738M) 1.138ms
[55.789s][info][gc,cpu         ] GC(386) User=0.02s Sys=0.00s Real=0.00s
[55.879s][info][gc,start       ] GC(387) Pause Young (Allocation Failure)
[55.881s][info][gc,heap        ] GC(387) PSYoungGen: 381216K(381440K)->1920K(373760K) Eden: 379392K(379392K)->0K(371712K) From: 1824K(2048K)->1920K(2048K)
[55.881s][info][gc,heap        ] GC(387) ParOldGen: 42640K(1398272K)->42776K(1398272K)
[55.881s][info][gc,metaspace   ] GC(387) Metaspace: 74587K(75072K)->74587K(75072K) NonClass: 59256K(59520K)->59256K(59520K) Class: 15330K(15552K)->15330K(15552K)
[55.881s][info][gc             ] GC(387) Pause Young (Allocation Failure) 413M->43M(1730M) 1.364ms
[55.881s][info][gc,cpu         ] GC(387) User=0.00s Sys=0.02s Real=0.00s
[55.971s][info][gc,start       ] GC(388) Pause Young (Allocation Failure)
[55.972s][info][gc,heap        ] GC(388) PSYoungGen: 373632K(373760K)->1536K(448000K) Eden: 371712K(371712K)->0K(446464K) From: 1920K(2048K)->1536K(1536K)
[55.972s][info][gc,heap        ] GC(388) ParOldGen: 42776K(1398272K)->42968K(1398272K)
[55.972s][info][gc,metaspace   ] GC(388) Metaspace: 74587K(75072K)->74587K(75072K) NonClass: 59256K(59520K)->59256K(59520K) Class: 15330K(15552K)->15330K(15552K)
[55.972s][info][gc             ] GC(388) Pause Young (Allocation Failure) 406M->43M(1803M) 1.189ms
[55.972s][info][gc,cpu         ] GC(388) User=0.00s Sys=0.00s Real=0.00s
[56.080s][info][gc,start       ] GC(389) Pause Young (Allocation Failure)
[56.081s][info][gc,heap        ] GC(389) PSYoungGen: 448000K(448000K)->1792K(438272K) Eden: 446464K(446464K)->0K(436224K) From: 1536K(1536K)->1792K(2048K)
[56.081s][info][gc,heap        ] GC(389) ParOldGen: 42968K(1398272K)->43096K(1398272K)
[56.081s][info][gc,metaspace   ] GC(389) Metaspace: 74587K(75072K)->74587K(75072K) NonClass: 59256K(59520K)->59256K(59520K) Class: 15330K(15552K)->15330K(15552K)
[56.081s][info][gc             ] GC(389) Pause Young (Allocation Failure) 479M->43M(1793M) 1.328ms
[56.081s][info][gc,cpu         ] GC(389) User=0.00s Sys=0.00s Real=0.00s
[56.186s][info][gc,start       ] GC(390) Pause Young (Allocation Failure)
[56.187s][info][gc,heap        ] GC(390) PSYoungGen: 438016K(438272K)->1856K(428544K) Eden: 436224K(436224K)->0K(426496K) From: 1792K(2048K)->1856K(2048K)
[56.187s][info][gc,heap        ] GC(390) ParOldGen: 43096K(1398272K)->43216K(1398272K)
[56.187s][info][gc,metaspace   ] GC(390) Metaspace: 74587K(75072K)->74587K(75072K) NonClass: 59256K(59520K)->59256K(59520K) Class: 15330K(15552K)->15330K(15552K)
[56.187s][info][gc             ] GC(390) Pause Young (Allocation Failure) 469M->44M(1784M) 1.135ms
[56.187s][info][gc,cpu         ] GC(390) User=0.00s Sys=0.00s Real=0.00s
[56.289s][info][gc,start       ] GC(391) Pause Young (Allocation Failure)
[56.290s][info][gc,heap        ] GC(391) PSYoungGen: 428352K(428544K)->1920K(419328K) Eden: 426496K(426496K)->0K(417280K) From: 1856K(2048K)->1920K(2048K)
[56.290s][info][gc,heap        ] GC(391) ParOldGen: 43216K(1398272K)->43304K(1398272K)
[56.290s][info][gc,metaspace   ] GC(391) Metaspace: 74587K(75072K)->74587K(75072K) NonClass: 59256K(59520K)->59256K(59520K) Class: 15330K(15552K)->15330K(15552K)
[56.290s][info][gc             ] GC(391) Pause Young (Allocation Failure) 460M->44M(1775M) 1.498ms
[56.290s][info][gc,cpu         ] GC(391) User=0.00s Sys=0.00s Real=0.00s
[56.391s][info][gc,start       ] GC(392) Pause Young (Allocation Failure)
[56.392s][info][gc,heap        ] GC(392) PSYoungGen: 419200K(419328K)->512K(408576K) Eden: 417280K(417280K)->0K(408064K) From: 1920K(2048K)->512K(512K)
[56.392s][info][gc,heap        ] GC(392) ParOldGen: 43304K(1398272K)->44392K(1398272K)
[56.392s][info][gc,metaspace   ] GC(392) Metaspace: 74592K(75072K)->74592K(75072K) NonClass: 59261K(59520K)->59261K(59520K) Class: 15330K(15552K)->15330K(15552K)
[56.392s][info][gc             ] GC(392) Pause Young (Allocation Failure) 451M->43M(1764M) 1.282ms
[56.392s][info][gc,cpu         ] GC(392) User=0.00s Sys=0.00s Real=0.00s
[56.490s][info][gc,start       ] GC(393) Pause Young (Allocation Failure)
[56.491s][info][gc,heap        ] GC(393) PSYoungGen: 408576K(408576K)->1952K(401920K) Eden: 408064K(408064K)->0K(399360K) From: 512K(512K)->1952K(2560K)
[56.491s][info][gc,heap        ] GC(393) ParOldGen: 44392K(1398272K)->44640K(1398272K)
[56.491s][info][gc,metaspace   ] GC(393) Metaspace: 74592K(75072K)->74592K(75072K) NonClass: 59261K(59520K)->59261K(59520K) Class: 15330K(15552K)->15330K(15552K)
[56.491s][info][gc             ] GC(393) Pause Young (Allocation Failure) 442M->45M(1758M) 1.117ms
[56.491s][info][gc,cpu         ] GC(393) User=0.02s Sys=0.28s Real=0.00s
[56.586s][info][gc,start       ] GC(394) Pause Young (Allocation Failure)
[56.587s][info][gc,heap        ] GC(394) PSYoungGen: 401312K(401920K)->1792K(393216K) Eden: 399360K(399360K)->0K(391168K) From: 1952K(2560K)->1792K(2048K)
[56.587s][info][gc,heap        ] GC(394) ParOldGen: 44640K(1398272K)->44856K(1398272K)
[56.587s][info][gc,metaspace   ] GC(394) Metaspace: 74592K(75072K)->74592K(75072K) NonClass: 59261K(59520K)->59261K(59520K) Class: 15330K(15552K)->15330K(15552K)
[56.587s][info][gc             ] GC(394) Pause Young (Allocation Failure) 435M->45M(1749M) 1.271ms
[56.587s][info][gc,cpu         ] GC(394) User=0.00s Sys=0.00s Real=0.00s
[56.680s][info][gc,start       ] GC(395) Pause Young (Allocation Failure)
[56.694s][info][gc,heap        ] GC(395) PSYoungGen: 392960K(393216K)->1888K(385024K) Eden: 391168K(391168K)->0K(382976K) From: 1792K(2048K)->1888K(2048K)
[56.694s][info][gc,heap        ] GC(395) ParOldGen: 44856K(1398272K)->44984K(1398272K)
[56.694s][info][gc,metaspace   ] GC(395) Metaspace: 74592K(75072K)->74592K(75072K) NonClass: 59261K(59520K)->59261K(59520K) Class: 15330K(15552K)->15330K(15552K)
[56.694s][info][gc             ] GC(395) Pause Young (Allocation Failure) 427M->45M(1741M) 14.486ms
[56.694s][info][gc,cpu         ] GC(395) User=0.00s Sys=0.00s Real=0.00s
[56.786s][info][gc,start       ] GC(396) Pause Young (Allocation Failure)
[56.788s][info][gc,heap        ] GC(396) PSYoungGen: 384864K(385024K)->1536K(376832K) Eden: 382976K(382976K)->0K(375296K) From: 1888K(2048K)->1536K(1536K)
[56.788s][info][gc,heap        ] GC(396) ParOldGen: 44984K(1398272K)->45152K(1398272K)
[56.788s][info][gc,metaspace   ] GC(396) Metaspace: 74592K(75072K)->74592K(75072K) NonClass: 59261K(59520K)->59261K(59520K) Class: 15330K(15552K)->15330K(15552K)
[56.788s][info][gc             ] GC(396) Pause Young (Allocation Failure) 419M->45M(1733M) 1.162ms
[56.788s][info][gc,cpu         ] GC(396) User=0.52s Sys=0.00s Real=0.00s
[56.877s][info][gc,start       ] GC(397) Pause Young (Allocation Failure)
[56.879s][info][gc,heap        ] GC(397) PSYoungGen: 376832K(376832K)->1856K(369664K) Eden: 375296K(375296K)->0K(367616K) From: 1536K(1536K)->1856K(2048K)
[56.879s][info][gc,heap        ] GC(397) ParOldGen: 45152K(1398272K)->45264K(1398272K)
[56.879s][info][gc,metaspace   ] GC(397) Metaspace: 74592K(75072K)->74592K(75072K) NonClass: 59261K(59520K)->59261K(59520K) Class: 15330K(15552K)->15330K(15552K)
[56.879s][info][gc             ] GC(397) Pause Young (Allocation Failure) 412M->46M(1726M) 1.375ms
[56.879s][info][gc,cpu         ] GC(397) User=0.00s Sys=0.00s Real=0.00s
[56.966s][info][gc,start       ] GC(398) Pause Young (Allocation Failure)
[56.967s][info][gc,heap        ] GC(398) PSYoungGen: 369472K(369664K)->1920K(443392K) Eden: 367616K(367616K)->0K(441344K) From: 1856K(2048K)->1920K(2048K)
[56.967s][info][gc,heap        ] GC(398) ParOldGen: 45264K(1398272K)->45384K(1398272K)
[56.967s][info][gc,metaspace   ] GC(398) Metaspace: 74592K(75072K)->74592K(75072K) NonClass: 59261K(59520K)->59261K(59520K) Class: 15330K(15552K)->15330K(15552K)
[56.967s][info][gc             ] GC(398) Pause Young (Allocation Failure) 405M->46M(1798M) 1.122ms
[56.967s][info][gc,cpu         ] GC(398) User=0.00s Sys=0.00s Real=0.00s
[57.076s][info][gc,start       ] GC(399) Pause Young (Allocation Failure)
[57.077s][info][gc,heap        ] GC(399) PSYoungGen: 443264K(443392K)->1888K(433664K) Eden: 441344K(441344K)->0K(431616K) From: 1920K(2048K)->1888K(2048K)
[57.077s][info][gc,heap        ] GC(399) ParOldGen: 45384K(1398272K)->45520K(1398272K)
[57.077s][info][gc,metaspace   ] GC(399) Metaspace: 74592K(75072K)->74592K(75072K) NonClass: 59261K(59520K)->59261K(59520K) Class: 15330K(15552K)->15330K(15552K)
[57.077s][info][gc             ] GC(399) Pause Young (Allocation Failure) 477M->46M(1789M) 1.482ms
[57.077s][info][gc,cpu         ] GC(399) User=0.00s Sys=0.00s Real=0.00s
[57.187s][info][gc,start       ] GC(400) Pause Young (Allocation Failure)
[57.188s][info][gc,heap        ] GC(400) PSYoungGen: 433504K(433664K)->1536K(423424K) Eden: 431616K(431616K)->0K(421888K) From: 1888K(2048K)->1536K(1536K)
[57.188s][info][gc,heap        ] GC(400) ParOldGen: 45520K(1398272K)->45728K(1398272K)
[57.188s][info][gc,metaspace   ] GC(400) Metaspace: 74592K(75072K)->74592K(75072K) NonClass: 59261K(59520K)->59261K(59520K) Class: 15330K(15552K)->15330K(15552K)
[57.188s][info][gc             ] GC(400) Pause Young (Allocation Failure) 467M->46M(1779M) 1.212ms
[57.188s][info][gc,cpu         ] GC(400) User=0.00s Sys=0.00s Real=0.00s
[57.295s][info][gc,start       ] GC(401) Pause Young (Allocation Failure)
[57.297s][info][gc,heap        ] GC(401) PSYoungGen: 423424K(423424K)->1888K(508416K) Eden: 421888K(421888K)->0K(506368K) From: 1536K(1536K)->1888K(2048K)
[57.297s][info][gc,heap        ] GC(401) ParOldGen: 45728K(1398272K)->45976K(1398272K)
[57.297s][info][gc,metaspace   ] GC(401) Metaspace: 74592K(75072K)->74592K(75072K) NonClass: 59261K(59520K)->59261K(59520K) Class: 15330K(15552K)->15330K(15552K)
[57.297s][info][gc             ] GC(401) Pause Young (Allocation Failure) 458M->46M(1862M) 1.579ms
[57.297s][info][gc,cpu         ] GC(401) User=0.00s Sys=0.00s Real=0.00s
[57.429s][info][gc,start       ] GC(402) Pause Young (Allocation Failure)
[57.430s][info][gc,heap        ] GC(402) PSYoungGen: 508256K(508416K)->1888K(496128K) Eden: 506368K(506368K)->0K(494080K) From: 1888K(2048K)->1888K(2048K)
[57.430s][info][gc,heap        ] GC(402) ParOldGen: 45976K(1398272K)->46168K(1398272K)
[57.430s][info][gc,metaspace   ] GC(402) Metaspace: 74592K(75072K)->74592K(75072K) NonClass: 59261K(59520K)->59261K(59520K) Class: 15330K(15552K)->15330K(15552K)
[57.431s][info][gc             ] GC(402) Pause Young (Allocation Failure) 541M->46M(1850M) 1.288ms
[57.431s][info][gc,cpu         ] GC(402) User=0.00s Sys=0.00s Real=0.00s
[57.556s][info][gc,start       ] GC(403) Pause Young (Allocation Failure)
[57.558s][info][gc,heap        ] GC(403) PSYoungGen: 495968K(496128K)->1792K(484352K) Eden: 494080K(494080K)->0K(482304K) From: 1888K(2048K)->1792K(2048K)
[57.558s][info][gc,heap        ] GC(403) ParOldGen: 46168K(1398272K)->46448K(1398272K)
[57.558s][info][gc,metaspace   ] GC(403) Metaspace: 74592K(75072K)->74592K(75072K) NonClass: 59261K(59520K)->59261K(59520K) Class: 15330K(15552K)->15330K(15552K)
[57.558s][info][gc             ] GC(403) Pause Young (Allocation Failure) 529M->47M(1838M) 1.384ms
[57.558s][info][gc,cpu         ] GC(403) User=0.00s Sys=0.00s Real=0.00s
[57.680s][info][gc,start       ] GC(404) Pause Young (Allocation Failure)
[57.681s][info][gc,heap        ] GC(404) PSYoungGen: 484096K(484352K)->1536K(472576K) Eden: 482304K(482304K)->0K(471040K) From: 1792K(2048K)->1536K(1536K)
[57.681s][info][gc,heap        ] GC(404) ParOldGen: 46448K(1398272K)->46776K(1398272K)
[57.681s][info][gc,metaspace   ] GC(404) Metaspace: 74593K(75072K)->74593K(75072K) NonClass: 59262K(59520K)->59262K(59520K) Class: 15330K(15552K)->15330K(15552K)
[57.681s][info][gc             ] GC(404) Pause Young (Allocation Failure) 518M->47M(1827M) 1.171ms
[57.681s][info][gc,cpu         ] GC(404) User=0.00s Sys=0.00s Real=0.00s
[57.809s][info][gc,start       ] GC(405) Pause Young (Allocation Failure)
[57.811s][info][gc,heap        ] GC(405) PSYoungGen: 472576K(472576K)->1632K(462336K) Eden: 471040K(471040K)->0K(460288K) From: 1536K(1536K)->1632K(2048K)
[57.811s][info][gc,heap        ] GC(405) ParOldGen: 46776K(1398272K)->47104K(1398272K)
[57.811s][info][gc,metaspace   ] GC(405) Metaspace: 74593K(75072K)->74593K(75072K) NonClass: 59262K(59520K)->59262K(59520K) Class: 15330K(15552K)->15330K(15552K)
[57.811s][info][gc             ] GC(405) Pause Young (Allocation Failure) 507M->47M(1817M) 1.420ms
[57.811s][info][gc,cpu         ] GC(405) User=0.00s Sys=0.00s Real=0.00s
[57.941s][info][gc,start       ] GC(406) Pause Young (Allocation Failure)
[57.942s][info][gc,heap        ] GC(406) PSYoungGen: 461920K(462336K)->1024K(450560K) Eden: 460288K(460288K)->0K(449536K) From: 1632K(2048K)->1024K(1024K)
[57.942s][info][gc,heap        ] GC(406) ParOldGen: 47104K(1398272K)->47464K(1398272K)
[57.942s][info][gc,metaspace   ] GC(406) Metaspace: 74593K(75072K)->74593K(75072K) NonClass: 59262K(59520K)->59262K(59520K) Class: 15330K(15552K)->15330K(15552K)
[57.942s][info][gc             ] GC(406) Pause Young (Allocation Failure) 497M->47M(1805M) 1.076ms
[57.942s][info][gc,cpu         ] GC(406) User=0.00s Sys=0.00s Real=0.00s
[58.096s][info][gc,start       ] GC(407) Pause Young (Allocation Failure)
[58.143s][info][gc,heap        ] GC(407) PSYoungGen: 450560K(450560K)->1312K(440832K) Eden: 449536K(449536K)->0K(439296K) From: 1024K(1024K)->1312K(1536K)
[58.143s][info][gc,heap        ] GC(407) ParOldGen: 47464K(1398272K)->47768K(1398272K)
[58.143s][info][gc,metaspace   ] GC(407) Metaspace: 74599K(75072K)->74599K(75072K) NonClass: 59268K(59520K)->59268K(59520K) Class: 15330K(15552K)->15330K(15552K)
[58.144s][info][gc             ] GC(407) Pause Young (Allocation Failure) 486M->47M(1796M) 47.632ms
[58.144s][info][gc,cpu         ] GC(407) User=0.00s Sys=0.00s Real=0.05s
[58.330s][info][gc,start       ] GC(408) Pause Young (Allocation Failure)
[58.331s][info][gc,heap        ] GC(408) PSYoungGen: 440608K(440832K)->1216K(431104K) Eden: 439296K(439296K)->0K(429568K) From: 1312K(1536K)->1216K(1536K)
[58.331s][info][gc,heap        ] GC(408) ParOldGen: 47768K(1398272K)->48168K(1398272K)
[58.331s][info][gc,metaspace   ] GC(408) Metaspace: 74599K(75072K)->74599K(75072K) NonClass: 59268K(59520K)->59268K(59520K) Class: 15330K(15552K)->15330K(15552K)
[58.331s][info][gc             ] GC(408) Pause Young (Allocation Failure) 476M->48M(1786M) 1.255ms
[58.331s][info][gc,cpu         ] GC(408) User=0.00s Sys=0.00s Real=0.00s
[58.524s][info][gc,start       ] GC(409) Pause Young (Allocation Failure)
[58.525s][info][gc,heap        ] GC(409) PSYoungGen: 430784K(431104K)->1056K(421888K) Eden: 429568K(429568K)->0K(420352K) From: 1216K(1536K)->1056K(1536K)
[58.525s][info][gc,heap        ] GC(409) ParOldGen: 48168K(1398272K)->48424K(1398272K)
[58.525s][info][gc,metaspace   ] GC(409) Metaspace: 74599K(75072K)->74599K(75072K) NonClass: 59268K(59520K)->59268K(59520K) Class: 15330K(15552K)->15330K(15552K)
[58.525s][info][gc             ] GC(409) Pause Young (Allocation Failure) 467M->48M(1777M) 1.219ms
[58.525s][info][gc,cpu         ] GC(409) User=0.00s Sys=0.00s Real=0.00s
[58.755s][info][gc,start       ] GC(410) Pause Young (Allocation Failure)
[58.756s][info][gc,heap        ] GC(410) PSYoungGen: 421408K(421888K)->1056K(412672K) Eden: 420352K(420352K)->0K(411136K) From: 1056K(1536K)->1056K(1536K)
[58.756s][info][gc,heap        ] GC(410) ParOldGen: 48424K(1398272K)->48720K(1398272K)
[58.756s][info][gc,metaspace   ] GC(410) Metaspace: 74599K(75072K)->74599K(75072K) NonClass: 59268K(59520K)->59268K(59520K) Class: 15330K(15552K)->15330K(15552K)
[58.756s][info][gc             ] GC(410) Pause Young (Allocation Failure) 458M->48M(1768M) 1.133ms
[58.756s][info][gc,cpu         ] GC(410) User=0.48s Sys=0.02s Real=0.00s
[59.079s][info][gc,start       ] GC(411) Pause Young (Allocation Failure)
[59.080s][info][gc,heap        ] GC(411) PSYoungGen: 412192K(412672K)->1056K(403968K) Eden: 411136K(411136K)->0K(402432K) From: 1056K(1536K)->1056K(1536K)
[59.080s][info][gc,heap        ] GC(411) ParOldGen: 48720K(1398272K)->48968K(1398272K)
[59.080s][info][gc,metaspace   ] GC(411) Metaspace: 74599K(75072K)->74599K(75072K) NonClass: 59268K(59520K)->59268K(59520K) Class: 15330K(15552K)->15330K(15552K)
[59.080s][info][gc             ] GC(411) Pause Young (Allocation Failure) 450M->48M(1760M) 1.121ms
[59.081s][info][gc,cpu         ] GC(411) User=0.00s Sys=0.00s Real=0.00s
[59.416s][info][gc,start       ] GC(412) Pause Young (Allocation Failure)
[59.417s][info][gc,heap        ] GC(412) PSYoungGen: 403488K(403968K)->1056K(395264K) Eden: 402432K(402432K)->0K(393728K) From: 1056K(1536K)->1056K(1536K)
[59.417s][info][gc,heap        ] GC(412) ParOldGen: 48968K(1398272K)->49112K(1398272K)
[59.417s][info][gc,metaspace   ] GC(412) Metaspace: 74599K(75072K)->74599K(75072K) NonClass: 59268K(59520K)->59268K(59520K) Class: 15330K(15552K)->15330K(15552K)
[59.417s][info][gc             ] GC(412) Pause Young (Allocation Failure) 441M->48M(1751M) 1.203ms
[59.417s][info][gc,cpu         ] GC(412) User=0.00s Sys=0.00s Real=0.00s
[59.739s][info][gc,start       ] GC(413) Pause Young (Allocation Failure)
[59.740s][info][gc,heap        ] GC(413) PSYoungGen: 394784K(395264K)->1056K(387072K) Eden: 393728K(393728K)->0K(385536K) From: 1056K(1536K)->1056K(1536K)
[59.740s][info][gc,heap        ] GC(413) ParOldGen: 49112K(1398272K)->49216K(1398272K)
[59.740s][info][gc,metaspace   ] GC(413) Metaspace: 74599K(75072K)->74599K(75072K) NonClass: 59268K(59520K)->59268K(59520K) Class: 15330K(15552K)->15330K(15552K)
[59.740s][info][gc             ] GC(413) Pause Young (Allocation Failure) 433M->49M(1743M) 1.018ms
[59.740s][info][gc,cpu         ] GC(413) User=0.00s Sys=0.00s Real=0.00s
[60.096s][info][gc,start       ] GC(414) Pause Young (System.gc())
[60.097s][info][gc,heap        ] GC(414) PSYoungGen: 304903K(387072K)->1152K(387072K) Eden: 303847K(385536K)->0K(385536K) From: 1056K(1536K)->1152K(1536K)
[60.098s][info][gc,heap        ] GC(414) ParOldGen: 49216K(1398272K)->49232K(1398272K)
[60.098s][info][gc,metaspace   ] GC(414) Metaspace: 74604K(75072K)->74604K(75072K) NonClass: 59273K(59520K)->59273K(59520K) Class: 15330K(15552K)->15330K(15552K)
[60.098s][info][gc             ] GC(414) Pause Young (System.gc()) 345M->49M(1743M) 1.856ms
[60.098s][info][gc,cpu         ] GC(414) User=0.00s Sys=0.00s Real=0.00s
[60.098s][info][gc,start       ] GC(415) Pause Full (System.gc())
[60.098s][info][gc,phases,start] GC(415) Marking Phase
[60.132s][info][gc,phases      ] GC(415) Marking Phase 33.769ms
[60.132s][info][gc,phases,start] GC(415) Summary Phase
[60.132s][info][gc,phases      ] GC(415) Summary Phase 0.014ms
[60.132s][info][gc,phases,start] GC(415) Adjust Roots
[60.148s][info][gc,phases      ] GC(415) Adjust Roots 16.425ms
[60.148s][info][gc,phases,start] GC(415) Compaction Phase
[60.156s][info][gc,phases      ] GC(415) Compaction Phase 7.884ms
[60.156s][info][gc,phases,start] GC(415) Post Compact
[60.157s][info][gc,phases      ] GC(415) Post Compact 0.870ms
[60.157s][info][gc,heap        ] GC(415) PSYoungGen: 1152K(387072K)->0K(387072K) Eden: 0K(385536K)->0K(385536K) From: 1152K(1536K)->0K(1536K)
[60.157s][info][gc,heap        ] GC(415) ParOldGen: 49232K(1398272K)->35563K(1398272K)
[60.157s][info][gc,metaspace   ] GC(415) Metaspace: 74604K(75072K)->74604K(75072K) NonClass: 59273K(59520K)->59273K(59520K) Class: 15330K(15552K)->15330K(15552K)
[60.157s][info][gc             ] GC(415) Pause Full (System.gc()) 49M->34M(1743M) 59.314ms
[60.157s][info][gc,cpu         ] GC(415) User=0.45s Sys=0.00s Real=0.06s
[60.283s][info][gc,start       ] GC(416) Pause Young (Allocation Failure)
[60.285s][info][gc,heap        ] GC(416) PSYoungGen: 385536K(387072K)->2560K(380416K) Eden: 385536K(385536K)->0K(377856K) From: 0K(1536K)->2560K(2560K)
[60.285s][info][gc,heap        ] GC(416) ParOldGen: 35563K(1398272K)->36755K(1398272K)
[60.285s][info][gc,metaspace   ] GC(416) Metaspace: 74675K(75136K)->74675K(75136K) NonClass: 59344K(59584K)->59344K(59584K) Class: 15330K(15552K)->15330K(15552K)
[60.285s][info][gc             ] GC(416) Pause Young (Allocation Failure) 411M->38M(1737M) 2.023ms
[60.285s][info][gc,cpu         ] GC(416) User=0.00s Sys=0.00s Real=0.00s
[60.377s][info][gc,start       ] GC(417) Pause Young (Allocation Failure)
[60.378s][info][gc,heap        ] GC(417) PSYoungGen: 380416K(380416K)->1536K(371712K) Eden: 377856K(377856K)->0K(370176K) From: 2560K(2560K)->1536K(1536K)
[60.378s][info][gc,heap        ] GC(417) ParOldGen: 36755K(1398272K)->38603K(1398272K)
[60.378s][info][gc,metaspace   ] GC(417) Metaspace: 74675K(75136K)->74675K(75136K) NonClass: 59344K(59584K)->59344K(59584K) Class: 15330K(15552K)->15330K(15552K)
[60.378s][info][gc             ] GC(417) Pause Young (Allocation Failure) 407M->39M(1728M) 1.662ms
[60.378s][info][gc,cpu         ] GC(417) User=0.00s Sys=0.00s Real=0.00s
[60.467s][info][gc,start       ] GC(418) Pause Young (Allocation Failure)
[60.469s][info][gc,heap        ] GC(418) PSYoungGen: 371712K(371712K)->1824K(365056K) Eden: 370176K(370176K)->0K(363008K) From: 1536K(1536K)->1824K(2048K)
[60.469s][info][gc,heap        ] GC(418) ParOldGen: 38603K(1398272K)->38883K(1398272K)
[60.469s][info][gc,metaspace   ] GC(418) Metaspace: 74675K(75136K)->74675K(75136K) NonClass: 59344K(59584K)->59344K(59584K) Class: 15330K(15552K)->15330K(15552K)
[60.469s][info][gc             ] GC(418) Pause Young (Allocation Failure) 400M->39M(1722M) 1.474ms
[60.469s][info][gc,cpu         ] GC(418) User=0.00s Sys=0.00s Real=0.00s
[60.556s][info][gc,start       ] GC(419) Pause Young (Allocation Failure)
[60.557s][info][gc,heap        ] GC(419) PSYoungGen: 364832K(365056K)->1824K(357888K) Eden: 363008K(363008K)->0K(355840K) From: 1824K(2048K)->1824K(2048K)
[60.557s][info][gc,heap        ] GC(419) ParOldGen: 38883K(1398272K)->39139K(1398272K)
[60.557s][info][gc,metaspace   ] GC(419) Metaspace: 74675K(75136K)->74675K(75136K) NonClass: 59344K(59584K)->59344K(59584K) Class: 15330K(15552K)->15330K(15552K)
[60.557s][info][gc             ] GC(419) Pause Young (Allocation Failure) 394M->40M(1715M) 1.417ms
[60.557s][info][gc,cpu         ] GC(419) User=0.00s Sys=0.00s Real=0.00s
[60.643s][info][gc,start       ] GC(420) Pause Young (Allocation Failure)
[60.644s][info][gc,heap        ] GC(420) PSYoungGen: 357664K(357888K)->1792K(350720K) Eden: 355840K(355840K)->0K(348672K) From: 1824K(2048K)->1792K(2048K)
[60.644s][info][gc,heap        ] GC(420) ParOldGen: 39139K(1398272K)->39291K(1398272K)
[60.644s][info][gc,metaspace   ] GC(420) Metaspace: 74675K(75136K)->74675K(75136K) NonClass: 59344K(59584K)->59344K(59584K) Class: 15330K(15552K)->15330K(15552K)
[60.644s][info][gc             ] GC(420) Pause Young (Allocation Failure) 387M->40M(1708M) 1.495ms
[60.644s][info][gc,cpu         ] GC(420) User=0.00s Sys=0.00s Real=0.00s
[60.728s][info][gc,start       ] GC(421) Pause Young (Allocation Failure)
[60.729s][info][gc,heap        ] GC(421) PSYoungGen: 350463K(350720K)->1824K(420864K) Eden: 348671K(348672K)->0K(418816K) From: 1792K(2048K)->1824K(2048K)
[60.729s][info][gc,heap        ] GC(421) ParOldGen: 39291K(1398272K)->39339K(1398272K)
[60.729s][info][gc,metaspace   ] GC(421) Metaspace: 74675K(75136K)->74675K(75136K) NonClass: 59344K(59584K)->59344K(59584K) Class: 15330K(15552K)->15330K(15552K)
[60.729s][info][gc             ] GC(421) Pause Young (Allocation Failure) 380M->40M(1776M) 1.393ms
[60.729s][info][gc,cpu         ] GC(421) User=0.00s Sys=0.00s Real=0.00s
[60.831s][info][gc,start       ] GC(422) Pause Young (Allocation Failure)
[60.832s][info][gc,heap        ] GC(422) PSYoungGen: 420640K(420864K)->1856K(504832K) Eden: 418816K(418816K)->0K(502784K) From: 1824K(2048K)->1856K(2048K)
[60.832s][info][gc,heap        ] GC(422) ParOldGen: 39339K(1398272K)->39443K(1398272K)
[60.832s][info][gc,metaspace   ] GC(422) Metaspace: 74675K(75136K)->74675K(75136K) NonClass: 59344K(59584K)->59344K(59584K) Class: 15330K(15552K)->15330K(15552K)
[60.832s][info][gc             ] GC(422) Pause Young (Allocation Failure) 449M->40M(1858M) 1.473ms
[60.832s][info][gc,cpu         ] GC(422) User=0.00s Sys=0.00s Real=0.00s
[60.954s][info][gc,start       ] GC(423) Pause Young (Allocation Failure)
[60.955s][info][gc,heap        ] GC(423) PSYoungGen: 504640K(504832K)->1856K(492544K) Eden: 502784K(502784K)->0K(490496K) From: 1856K(2048K)->1856K(2048K)
[60.955s][info][gc,heap        ] GC(423) ParOldGen: 39443K(1398272K)->39483K(1398272K)
[60.955s][info][gc,metaspace   ] GC(423) Metaspace: 74675K(75136K)->74675K(75136K) NonClass: 59344K(59584K)->59344K(59584K) Class: 15330K(15552K)->15330K(15552K)
[60.955s][info][gc             ] GC(423) Pause Young (Allocation Failure) 531M->40M(1846M) 1.329ms
[60.955s][info][gc,cpu         ] GC(423) User=0.00s Sys=0.00s Real=0.00s
[61.074s][info][gc,start       ] GC(424) Pause Young (Allocation Failure)
[61.075s][info][gc,heap        ] GC(424) PSYoungGen: 492352K(492544K)->1856K(480768K) Eden: 490496K(490496K)->0K(478720K) From: 1856K(2048K)->1856K(2048K)
[61.075s][info][gc,heap        ] GC(424) ParOldGen: 39483K(1398272K)->39611K(1398272K)
[61.075s][info][gc,metaspace   ] GC(424) Metaspace: 74675K(75136K)->74675K(75136K) NonClass: 59344K(59584K)->59344K(59584K) Class: 15330K(15552K)->15330K(15552K)
[61.075s][info][gc             ] GC(424) Pause Young (Allocation Failure) 519M->40M(1835M) 1.484ms
[61.075s][info][gc,cpu         ] GC(424) User=0.00s Sys=0.00s Real=0.00s
[61.190s][info][gc,start       ] GC(425) Pause Young (Allocation Failure)
[61.192s][info][gc,heap        ] GC(425) PSYoungGen: 480576K(480768K)->1824K(469504K) Eden: 478720K(478720K)->0K(467456K) From: 1856K(2048K)->1824K(2048K)
[61.192s][info][gc,heap        ] GC(425) ParOldGen: 39611K(1398272K)->39739K(1398272K)
[61.192s][info][gc,metaspace   ] GC(425) Metaspace: 74675K(75136K)->74675K(75136K) NonClass: 59344K(59584K)->59344K(59584K) Class: 15330K(15552K)->15330K(15552K)
[61.192s][info][gc             ] GC(425) Pause Young (Allocation Failure) 507M->40M(1824M) 1.321ms
[61.192s][info][gc,cpu         ] GC(425) User=0.00s Sys=0.00s Real=0.00s
[61.304s][info][gc,start       ] GC(426) Pause Young (Allocation Failure)
[61.305s][info][gc,heap        ] GC(426) PSYoungGen: 469280K(469504K)->1824K(458752K) Eden: 467456K(467456K)->0K(456704K) From: 1824K(2048K)->1824K(2048K)
[61.305s][info][gc,heap        ] GC(426) ParOldGen: 39739K(1398272K)->39835K(1398272K)
[61.305s][info][gc,metaspace   ] GC(426) Metaspace: 74675K(75136K)->74675K(75136K) NonClass: 59344K(59584K)->59344K(59584K) Class: 15330K(15552K)->15330K(15552K)
[61.305s][info][gc             ] GC(426) Pause Young (Allocation Failure) 497M->40M(1813M) 1.381ms
[61.305s][info][gc,cpu         ] GC(426) User=0.00s Sys=0.00s Real=0.00s
[61.415s][info][gc,start       ] GC(427) Pause Young (Allocation Failure)
[61.417s][info][gc,heap        ] GC(427) PSYoungGen: 458528K(458752K)->1888K(448512K) Eden: 456704K(456704K)->0K(446464K) From: 1824K(2048K)->1888K(2048K)
[61.417s][info][gc,heap        ] GC(427) ParOldGen: 39835K(1398272K)->39955K(1398272K)
[61.417s][info][gc,metaspace   ] GC(427) Metaspace: 74675K(75136K)->74675K(75136K) NonClass: 59344K(59584K)->59344K(59584K) Class: 15330K(15552K)->15330K(15552K)
[61.417s][info][gc             ] GC(427) Pause Young (Allocation Failure) 486M->40M(1803M) 1.323ms
[61.417s][info][gc,cpu         ] GC(427) User=0.00s Sys=0.00s Real=0.00s
[61.524s][info][gc,start       ] GC(428) Pause Young (Allocation Failure)
[61.525s][info][gc,heap        ] GC(428) PSYoungGen: 448352K(448512K)->1792K(438272K) Eden: 446464K(446464K)->0K(436224K) From: 1888K(2048K)->1792K(2048K)
[61.525s][info][gc,heap        ] GC(428) ParOldGen: 39955K(1398272K)->40219K(1398272K)
[61.525s][info][gc,metaspace   ] GC(428) Metaspace: 74675K(75136K)->74675K(75136K) NonClass: 59344K(59584K)->59344K(59584K) Class: 15330K(15552K)->15330K(15552K)
[61.525s][info][gc             ] GC(428) Pause Young (Allocation Failure) 476M->41M(1793M) 1.526ms
[61.525s][info][gc,cpu         ] GC(428) User=0.00s Sys=0.00s Real=0.00s
[61.630s][info][gc,start       ] GC(429) Pause Young (Allocation Failure)
[61.631s][info][gc,heap        ] GC(429) PSYoungGen: 438016K(438272K)->1536K(428032K) Eden: 436224K(436224K)->0K(426496K) From: 1792K(2048K)->1536K(1536K)
[61.631s][info][gc,heap        ] GC(429) ParOldGen: 40219K(1398272K)->40411K(1398272K)
[61.631s][info][gc,metaspace   ] GC(429) Metaspace: 74675K(75136K)->74675K(75136K) NonClass: 59344K(59584K)->59344K(59584K) Class: 15330K(15552K)->15330K(15552K)
[61.631s][info][gc             ] GC(429) Pause Young (Allocation Failure) 467M->40M(1783M) 1.143ms
[61.631s][info][gc,cpu         ] GC(429) User=0.00s Sys=0.00s Real=0.00s
[61.734s][info][gc,start       ] GC(430) Pause Young (Allocation Failure)
[61.735s][info][gc,heap        ] GC(430) PSYoungGen: 428032K(428032K)->1888K(419328K) Eden: 426496K(426496K)->0K(417280K) From: 1536K(1536K)->1888K(2048K)
[61.735s][info][gc,heap        ] GC(430) ParOldGen: 40411K(1398272K)->40539K(1398272K)
[61.735s][info][gc,metaspace   ] GC(430) Metaspace: 74675K(75136K)->74675K(75136K) NonClass: 59344K(59584K)->59344K(59584K) Class: 15330K(15552K)->15330K(15552K)
[61.735s][info][gc             ] GC(430) Pause Young (Allocation Failure) 457M->41M(1775M) 1.373ms
[61.735s][info][gc,cpu         ] GC(430) User=0.00s Sys=0.00s Real=0.00s
[61.835s][info][gc,start       ] GC(431) Pause Young (Allocation Failure)
[61.836s][info][gc,heap        ] GC(431) PSYoungGen: 419168K(419328K)->1888K(410112K) Eden: 417280K(417280K)->0K(408064K) From: 1888K(2048K)->1888K(2048K)
[61.836s][info][gc,heap        ] GC(431) ParOldGen: 40539K(1398272K)->40667K(1398272K)
[61.836s][info][gc,metaspace   ] GC(431) Metaspace: 74675K(75136K)->74675K(75136K) NonClass: 59344K(59584K)->59344K(59584K) Class: 15330K(15552K)->15330K(15552K)
[61.836s][info][gc             ] GC(431) Pause Young (Allocation Failure) 448M->41M(1766M) 1.195ms
[61.837s][info][gc,cpu         ] GC(431) User=0.00s Sys=0.00s Real=0.00s
[61.935s][info][gc,start       ] GC(432) Pause Young (Allocation Failure)
[61.937s][info][gc,heap        ] GC(432) PSYoungGen: 409952K(410112K)->1824K(401408K) Eden: 408064K(408064K)->0K(399360K) From: 1888K(2048K)->1824K(2048K)
[61.937s][info][gc,heap        ] GC(432) ParOldGen: 40667K(1398272K)->40787K(1398272K)
[61.937s][info][gc,metaspace   ] GC(432) Metaspace: 74675K(75136K)->74675K(75136K) NonClass: 59344K(59584K)->59344K(59584K) Class: 15330K(15552K)->15330K(15552K)
[61.937s][info][gc             ] GC(432) Pause Young (Allocation Failure) 440M->41M(1757M) 1.485ms
[61.937s][info][gc,cpu         ] GC(432) User=0.00s Sys=0.00s Real=0.00s
[62.032s][info][gc,start       ] GC(433) Pause Young (Allocation Failure)
[62.033s][info][gc,heap        ] GC(433) PSYoungGen: 401184K(401408K)->1536K(392704K) Eden: 399360K(399360K)->0K(391168K) From: 1824K(2048K)->1536K(1536K)
[62.033s][info][gc,heap        ] GC(433) ParOldGen: 40787K(1398272K)->40963K(1398272K)
[62.033s][info][gc,metaspace   ] GC(433) Metaspace: 74675K(75136K)->74675K(75136K) NonClass: 59344K(59584K)->59344K(59584K) Class: 15330K(15552K)->15330K(15552K)
[62.033s][info][gc             ] GC(433) Pause Young (Allocation Failure) 431M->41M(1749M) 1.231ms
[62.033s][info][gc,cpu         ] GC(433) User=0.00s Sys=0.00s Real=0.00s
[62.126s][info][gc,start       ] GC(434) Pause Young (Allocation Failure)
[62.128s][info][gc,heap        ] GC(434) PSYoungGen: 392704K(392704K)->1856K(385024K) Eden: 391168K(391168K)->0K(382976K) From: 1536K(1536K)->1856K(2048K)
[62.128s][info][gc,heap        ] GC(434) ParOldGen: 40963K(1398272K)->41099K(1398272K)
[62.128s][info][gc,metaspace   ] GC(434) Metaspace: 74675K(75136K)->74675K(75136K) NonClass: 59344K(59584K)->59344K(59584K) Class: 15330K(15552K)->15330K(15552K)
[62.128s][info][gc             ] GC(434) Pause Young (Allocation Failure) 423M->41M(1741M) 1.344ms
[62.128s][info][gc,cpu         ] GC(434) User=0.00s Sys=0.00s Real=0.00s
[62.220s][info][gc,start       ] GC(435) Pause Young (Allocation Failure)
[62.221s][info][gc,heap        ] GC(435) PSYoungGen: 384832K(385024K)->1856K(461824K) Eden: 382976K(382976K)->0K(459776K) From: 1856K(2048K)->1856K(2048K)
[62.221s][info][gc,heap        ] GC(435) ParOldGen: 41099K(1398272K)->41219K(1398272K)
[62.221s][info][gc,metaspace   ] GC(435) Metaspace: 74675K(75136K)->74675K(75136K) NonClass: 59344K(59584K)->59344K(59584K) Class: 15330K(15552K)->15330K(15552K)
[62.221s][info][gc             ] GC(435) Pause Young (Allocation Failure) 415M->42M(1816M) 1.161ms
[62.221s][info][gc,cpu         ] GC(435) User=0.00s Sys=0.00s Real=0.00s
[62.331s][info][gc,start       ] GC(436) Pause Young (Allocation Failure)
[62.333s][info][gc,heap        ] GC(436) PSYoungGen: 461632K(461824K)->1888K(451584K) Eden: 459776K(459776K)->0K(449536K) From: 1856K(2048K)->1888K(2048K)
[62.333s][info][gc,heap        ] GC(436) ParOldGen: 41219K(1398272K)->41331K(1398272K)
[62.333s][info][gc,metaspace   ] GC(436) Metaspace: 74675K(75136K)->74675K(75136K) NonClass: 59344K(59584K)->59344K(59584K) Class: 15330K(15552K)->15330K(15552K)
[62.333s][info][gc             ] GC(436) Pause Young (Allocation Failure) 491M->42M(1806M) 1.395ms
[62.333s][info][gc,cpu         ] GC(436) User=0.00s Sys=0.00s Real=0.00s
[62.443s][info][gc,start       ] GC(437) Pause Young (Allocation Failure)
[62.444s][info][gc,heap        ] GC(437) PSYoungGen: 451424K(451584K)->1536K(440832K) Eden: 449536K(449536K)->0K(439296K) From: 1888K(2048K)->1536K(1536K)
[62.444s][info][gc,heap        ] GC(437) ParOldGen: 41331K(1398272K)->41579K(1398272K)
[62.444s][info][gc,metaspace   ] GC(437) Metaspace: 74675K(75136K)->74675K(75136K) NonClass: 59344K(59584K)->59344K(59584K) Class: 15330K(15552K)->15330K(15552K)
[62.444s][info][gc             ] GC(437) Pause Young (Allocation Failure) 481M->42M(1796M) 1.263ms
[62.444s][info][gc,cpu         ] GC(437) User=0.52s Sys=0.00s Real=0.00s
[62.551s][info][gc,start       ] GC(438) Pause Young (Allocation Failure)
[62.552s][info][gc,heap        ] GC(438) PSYoungGen: 440831K(440832K)->1792K(431616K) Eden: 439295K(439296K)->0K(429568K) From: 1536K(1536K)->1792K(2048K)
[62.552s][info][gc,heap        ] GC(438) ParOldGen: 41579K(1398272K)->41827K(1398272K)
[62.552s][info][gc,metaspace   ] GC(438) Metaspace: 74675K(75136K)->74675K(75136K) NonClass: 59344K(59584K)->59344K(59584K) Class: 15330K(15552K)->15330K(15552K)
[62.552s][info][gc             ] GC(438) Pause Young (Allocation Failure) 471M->42M(1787M) 1.425ms
[62.553s][info][gc,cpu         ] GC(438) User=0.00s Sys=0.00s Real=0.00s
[62.657s][info][gc,start       ] GC(439) Pause Young (Allocation Failure)
[62.658s][info][gc,heap        ] GC(439) PSYoungGen: 431360K(431616K)->1824K(422400K) Eden: 429568K(429568K)->0K(420352K) From: 1792K(2048K)->1824K(2048K)
[62.658s][info][gc,heap        ] GC(439) ParOldGen: 41827K(1398272K)->41955K(1398272K)
[62.658s][info][gc,metaspace   ] GC(439) Metaspace: 74675K(75136K)->74675K(75136K) NonClass: 59344K(59584K)->59344K(59584K) Class: 15330K(15552K)->15330K(15552K)
[62.658s][info][gc             ] GC(439) Pause Young (Allocation Failure) 462M->42M(1778M) 1.169ms
[62.658s][info][gc,cpu         ] GC(439) User=0.00s Sys=0.00s Real=0.00s
[62.759s][info][gc,start       ] GC(440) Pause Young (Allocation Failure)
[62.760s][info][gc,heap        ] GC(440) PSYoungGen: 422176K(422400K)->1952K(413184K) Eden: 420352K(420352K)->0K(411136K) From: 1824K(2048K)->1952K(2048K)
[62.760s][info][gc,heap        ] GC(440) ParOldGen: 41955K(1398272K)->42043K(1398272K)
[62.760s][info][gc,metaspace   ] GC(440) Metaspace: 74675K(75136K)->74675K(75136K) NonClass: 59344K(59584K)->59344K(59584K) Class: 15330K(15552K)->15330K(15552K)
[62.760s][info][gc             ] GC(440) Pause Young (Allocation Failure) 453M->42M(1769M) 1.512ms
[62.760s][info][gc,cpu         ] GC(440) User=0.00s Sys=0.00s Real=0.00s
[62.860s][info][gc,start       ] GC(441) Pause Young (Allocation Failure)
[62.861s][info][gc,heap        ] GC(441) PSYoungGen: 413088K(413184K)->1536K(403968K) Eden: 411136K(411136K)->0K(402432K) From: 1952K(2048K)->1536K(1536K)
[62.861s][info][gc,heap        ] GC(441) ParOldGen: 42043K(1398272K)->42211K(1398272K)
[62.861s][info][gc,metaspace   ] GC(441) Metaspace: 74675K(75136K)->74675K(75136K) NonClass: 59344K(59584K)->59344K(59584K) Class: 15330K(15552K)->15330K(15552K)
[62.861s][info][gc             ] GC(441) Pause Young (Allocation Failure) 444M->42M(1760M) 1.237ms
[62.861s][info][gc,cpu         ] GC(441) User=0.00s Sys=0.00s Real=0.00s
[62.958s][info][gc,start       ] GC(442) Pause Young (Allocation Failure)
[62.959s][info][gc,heap        ] GC(442) PSYoungGen: 403968K(403968K)->1856K(395776K) Eden: 402432K(402432K)->0K(393728K) From: 1536K(1536K)->1856K(2048K)
[62.959s][info][gc,heap        ] GC(442) ParOldGen: 42211K(1398272K)->42467K(1398272K)
[62.959s][info][gc,metaspace   ] GC(442) Metaspace: 74675K(75136K)->74675K(75136K) NonClass: 59344K(59584K)->59344K(59584K) Class: 15330K(15552K)->15330K(15552K)
[62.959s][info][gc             ] GC(442) Pause Young (Allocation Failure) 435M->43M(1752M) 1.384ms
[62.959s][info][gc,cpu         ] GC(442) User=0.00s Sys=0.00s Real=0.00s
[63.054s][info][gc,start       ] GC(443) Pause Young (Allocation Failure)
[63.055s][info][gc,heap        ] GC(443) PSYoungGen: 395584K(395776K)->1888K(474624K) Eden: 393728K(393728K)->0K(472576K) From: 1856K(2048K)->1888K(2048K)
[63.055s][info][gc,heap        ] GC(443) ParOldGen: 42467K(1398272K)->42643K(1398272K)
[63.055s][info][gc,metaspace   ] GC(443) Metaspace: 74675K(75136K)->74675K(75136K) NonClass: 59344K(59584K)->59344K(59584K) Class: 15330K(15552K)->15330K(15552K)
[63.055s][info][gc             ] GC(443) Pause Young (Allocation Failure) 427M->43M(1829M) 1.189ms
[63.055s][info][gc,cpu         ] GC(443) User=0.00s Sys=0.00s Real=0.00s
[63.169s][info][gc,start       ] GC(444) Pause Young (Allocation Failure)
[63.170s][info][gc,heap        ] GC(444) PSYoungGen: 474464K(474624K)->1856K(463872K) Eden: 472576K(472576K)->0K(461824K) From: 1888K(2048K)->1856K(2048K)
[63.170s][info][gc,heap        ] GC(444) ParOldGen: 42643K(1398272K)->42763K(1398272K)
[63.170s][info][gc,metaspace   ] GC(444) Metaspace: 74675K(75136K)->74675K(75136K) NonClass: 59344K(59584K)->59344K(59584K) Class: 15330K(15552K)->15330K(15552K)
[63.170s][info][gc             ] GC(444) Pause Young (Allocation Failure) 504M->43M(1818M) 1.445ms
[63.170s][info][gc,cpu         ] GC(444) User=0.00s Sys=0.00s Real=0.00s
[63.281s][info][gc,start       ] GC(445) Pause Young (Allocation Failure)
[63.282s][info][gc,heap        ] GC(445) PSYoungGen: 463680K(463872K)->1536K(452608K) Eden: 461824K(461824K)->0K(451072K) From: 1856K(2048K)->1536K(1536K)
[63.282s][info][gc,heap        ] GC(445) ParOldGen: 42763K(1398272K)->42987K(1398272K)
[63.282s][info][gc,metaspace   ] GC(445) Metaspace: 74675K(75136K)->74675K(75136K) NonClass: 59344K(59584K)->59344K(59584K) Class: 15330K(15552K)->15330K(15552K)
[63.282s][info][gc             ] GC(445) Pause Young (Allocation Failure) 494M->43M(1807M) 1.126ms
[63.282s][info][gc,cpu         ] GC(445) User=0.00s Sys=0.00s Real=0.00s
[63.390s][info][gc,start       ] GC(446) Pause Young (Allocation Failure)
[63.391s][info][gc,heap        ] GC(446) PSYoungGen: 452608K(452608K)->1856K(442880K) Eden: 451072K(451072K)->0K(440832K) From: 1536K(1536K)->1856K(2048K)
[63.391s][info][gc,heap        ] GC(446) ParOldGen: 42987K(1398272K)->43123K(1398272K)
[63.391s][info][gc,metaspace   ] GC(446) Metaspace: 74675K(75136K)->74675K(75136K) NonClass: 59344K(59584K)->59344K(59584K) Class: 15330K(15552K)->15330K(15552K)
[63.391s][info][gc             ] GC(446) Pause Young (Allocation Failure) 483M->43M(1798M) 1.424ms
[63.391s][info][gc,cpu         ] GC(446) User=0.00s Sys=0.00s Real=0.00s
[63.497s][info][gc,start       ] GC(447) Pause Young (Allocation Failure)
[63.498s][info][gc,heap        ] GC(447) PSYoungGen: 442688K(442880K)->1920K(433152K) Eden: 440832K(440832K)->0K(431104K) From: 1856K(2048K)->1920K(2048K)
[63.498s][info][gc,heap        ] GC(447) ParOldGen: 43123K(1398272K)->43387K(1398272K)
[63.498s][info][gc,metaspace   ] GC(447) Metaspace: 74675K(75136K)->74675K(75136K) NonClass: 59344K(59584K)->59344K(59584K) Class: 15330K(15552K)->15330K(15552K)
[63.498s][info][gc             ] GC(447) Pause Young (Allocation Failure) 474M->44M(1788M) 1.234ms
[63.498s][info][gc,cpu         ] GC(447) User=0.00s Sys=0.00s Real=0.00s
[63.601s][info][gc,start       ] GC(448) Pause Young (Allocation Failure)
[63.603s][info][gc,heap        ] GC(448) PSYoungGen: 433024K(433152K)->1888K(423936K) Eden: 431104K(431104K)->0K(421888K) From: 1920K(2048K)->1888K(2048K)
[63.603s][info][gc,heap        ] GC(448) ParOldGen: 43387K(1398272K)->43539K(1398272K)
[63.603s][info][gc,metaspace   ] GC(448) Metaspace: 74675K(75136K)->74675K(75136K) NonClass: 59344K(59584K)->59344K(59584K) Class: 15330K(15552K)->15330K(15552K)
[63.603s][info][gc             ] GC(448) Pause Young (Allocation Failure) 465M->44M(1779M) 1.481ms
[63.603s][info][gc,cpu         ] GC(448) User=0.00s Sys=0.00s Real=0.00s
[63.703s][info][gc,start       ] GC(449) Pause Young (Allocation Failure)
[63.704s][info][gc,heap        ] GC(449) PSYoungGen: 423776K(423936K)->1536K(414208K) Eden: 421888K(421888K)->0K(412672K) From: 1888K(2048K)->1536K(1536K)
[63.704s][info][gc,heap        ] GC(449) ParOldGen: 43539K(1398272K)->43731K(1398272K)
[63.704s][info][gc,metaspace   ] GC(449) Metaspace: 74675K(75136K)->74675K(75136K) NonClass: 59344K(59584K)->59344K(59584K) Class: 15330K(15552K)->15330K(15552K)
[63.704s][info][gc             ] GC(449) Pause Young (Allocation Failure) 456M->44M(1770M) 1.153ms
[63.704s][info][gc,cpu         ] GC(449) User=0.00s Sys=0.00s Real=0.00s
[63.803s][info][gc,start       ] GC(450) Pause Young (Allocation Failure)
[63.805s][info][gc,heap        ] GC(450) PSYoungGen: 414208K(414208K)->1824K(406016K) Eden: 412672K(412672K)->0K(403968K) From: 1536K(1536K)->1824K(2048K)
[63.805s][info][gc,heap        ] GC(450) ParOldGen: 43731K(1398272K)->43827K(1398272K)
[63.805s][info][gc,metaspace   ] GC(450) Metaspace: 74675K(75136K)->74675K(75136K) NonClass: 59344K(59584K)->59344K(59584K) Class: 15330K(15552K)->15330K(15552K)
[63.805s][info][gc             ] GC(450) Pause Young (Allocation Failure) 447M->44M(1762M) 1.352ms
[63.805s][info][gc,cpu         ] GC(450) User=0.00s Sys=0.00s Real=0.00s
[63.901s][info][gc,start       ] GC(451) Pause Young (Allocation Failure)
[63.902s][info][gc,heap        ] GC(451) PSYoungGen: 405792K(406016K)->1856K(397312K) Eden: 403968K(403968K)->0K(395264K) From: 1824K(2048K)->1856K(2048K)
[63.902s][info][gc,heap        ] GC(451) ParOldGen: 43827K(1398272K)->43947K(1398272K)
[63.902s][info][gc,metaspace   ] GC(451) Metaspace: 74675K(75136K)->74675K(75136K) NonClass: 59344K(59584K)->59344K(59584K) Class: 15330K(15552K)->15330K(15552K)
[63.902s][info][gc             ] GC(451) Pause Young (Allocation Failure) 439M->44M(1753M) 1.195ms
[63.902s][info][gc,cpu         ] GC(451) User=0.00s Sys=0.00s Real=0.00s
[63.997s][info][gc,start       ] GC(452) Pause Young (Allocation Failure)
[63.998s][info][gc,heap        ] GC(452) PSYoungGen: 397120K(397312K)->1952K(476672K) Eden: 395264K(395264K)->0K(474624K) From: 1856K(2048K)->1952K(2048K)
[63.998s][info][gc,heap        ] GC(452) ParOldGen: 43947K(1398272K)->44083K(1398272K)
[63.998s][info][gc,metaspace   ] GC(452) Metaspace: 74675K(75136K)->74675K(75136K) NonClass: 59344K(59584K)->59344K(59584K) Class: 15330K(15552K)->15330K(15552K)
[63.998s][info][gc             ] GC(452) Pause Young (Allocation Failure) 430M->44M(1831M) 1.435ms
[63.998s][info][gc,cpu         ] GC(452) User=0.00s Sys=0.00s Real=0.00s
[64.115s][info][gc,start       ] GC(453) Pause Young (Allocation Failure)
[64.116s][info][gc,heap        ] GC(453) PSYoungGen: 476576K(476672K)->512K(463872K) Eden: 474624K(474624K)->0K(463360K) From: 1952K(2048K)->512K(512K)
[64.116s][info][gc,heap        ] GC(453) ParOldGen: 44083K(1398272K)->45091K(1398272K)
[64.116s][info][gc,metaspace   ] GC(453) Metaspace: 74675K(75136K)->74675K(75136K) NonClass: 59344K(59584K)->59344K(59584K) Class: 15330K(15552K)->15330K(15552K)
[64.116s][info][gc             ] GC(453) Pause Young (Allocation Failure) 508M->44M(1818M) 1.316ms
[64.116s][info][gc,cpu         ] GC(453) User=0.00s Sys=0.00s Real=0.00s
[64.234s][info][gc,start       ] GC(454) Pause Young (Allocation Failure)
[64.235s][info][gc,heap        ] GC(454) PSYoungGen: 463872K(463872K)->1824K(455168K) Eden: 463360K(463360K)->0K(452608K) From: 512K(512K)->1824K(2560K)
[64.235s][info][gc,heap        ] GC(454) ParOldGen: 45091K(1398272K)->45267K(1398272K)
[64.235s][info][gc,metaspace   ] GC(454) Metaspace: 74675K(75136K)->74675K(75136K) NonClass: 59344K(59584K)->59344K(59584K) Class: 15330K(15552K)->15330K(15552K)
[64.235s][info][gc             ] GC(454) Pause Young (Allocation Failure) 497M->45M(1810M) 1.298ms
[64.235s][info][gc,cpu         ] GC(454) User=0.00s Sys=0.00s Real=0.00s
[64.348s][info][gc,start       ] GC(455) Pause Young (Allocation Failure)
[64.349s][info][gc,heap        ] GC(455) PSYoungGen: 454432K(455168K)->1792K(444416K) Eden: 452608K(452608K)->0K(442368K) From: 1824K(2560K)->1792K(2048K)
[64.349s][info][gc,heap        ] GC(455) ParOldGen: 45267K(1398272K)->45531K(1398272K)
[64.349s][info][gc,metaspace   ] GC(455) Metaspace: 74675K(75136K)->74675K(75136K) NonClass: 59344K(59584K)->59344K(59584K) Class: 15330K(15552K)->15330K(15552K)
[64.349s][info][gc             ] GC(455) Pause Young (Allocation Failure) 487M->46M(1799M) 1.373ms
[64.349s][info][gc,cpu         ] GC(455) User=0.00s Sys=0.00s Real=0.00s
[64.458s][info][gc,start       ] GC(456) Pause Young (Allocation Failure)
[64.460s][info][gc,heap        ] GC(456) PSYoungGen: 444160K(444416K)->1888K(434688K) Eden: 442368K(442368K)->0K(432640K) From: 1792K(2048K)->1888K(2048K)
[64.460s][info][gc,heap        ] GC(456) ParOldGen: 45531K(1398272K)->45651K(1398272K)
[64.460s][info][gc,metaspace   ] GC(456) Metaspace: 74675K(75136K)->74675K(75136K) NonClass: 59344K(59584K)->59344K(59584K) Class: 15330K(15552K)->15330K(15552K)
[64.460s][info][gc             ] GC(456) Pause Young (Allocation Failure) 478M->46M(1790M) 1.415ms
[64.460s][info][gc,cpu         ] GC(456) User=0.00s Sys=0.00s Real=0.00s
[64.568s][info][gc,start       ] GC(457) Pause Young (Allocation Failure)
[64.570s][info][gc,heap        ] GC(457) PSYoungGen: 434528K(434688K)->512K(423424K) Eden: 432640K(432640K)->0K(422912K) From: 1888K(2048K)->512K(512K)
[64.570s][info][gc,heap        ] GC(457) ParOldGen: 45651K(1398272K)->46651K(1398272K)
[64.570s][info][gc,metaspace   ] GC(457) Metaspace: 74675K(75136K)->74675K(75136K) NonClass: 59344K(59584K)->59344K(59584K) Class: 15330K(15552K)->15330K(15552K)
[64.570s][info][gc             ] GC(457) Pause Young (Allocation Failure) 468M->46M(1779M) 1.339ms
[64.570s][info][gc,cpu         ] GC(457) User=0.00s Sys=0.00s Real=0.00s
[64.679s][info][gc,start       ] GC(458) Pause Young (Allocation Failure)
[64.680s][info][gc,heap        ] GC(458) PSYoungGen: 423424K(423424K)->1920K(416256K) Eden: 422912K(422912K)->0K(413696K) From: 512K(512K)->1920K(2560K)
[64.680s][info][gc,heap        ] GC(458) ParOldGen: 46651K(1398272K)->46883K(1398272K)
[64.680s][info][gc,metaspace   ] GC(458) Metaspace: 74675K(75136K)->74675K(75136K) NonClass: 59344K(59584K)->59344K(59584K) Class: 15330K(15552K)->15330K(15552K)
[64.680s][info][gc             ] GC(458) Pause Young (Allocation Failure) 459M->47M(1772M) 1.336ms
[64.680s][info][gc,cpu         ] GC(458) User=0.00s Sys=0.00s Real=0.00s
[64.785s][info][gc,start       ] GC(459) Pause Young (Allocation Failure)
[64.786s][info][gc,heap        ] GC(459) PSYoungGen: 415616K(416256K)->1952K(498688K) Eden: 413696K(413696K)->0K(496640K) From: 1920K(2560K)->1952K(2048K)
[64.786s][info][gc,heap        ] GC(459) ParOldGen: 46883K(1398272K)->47155K(1398272K)
[64.786s][info][gc,metaspace   ] GC(459) Metaspace: 74675K(75136K)->74675K(75136K) NonClass: 59344K(59584K)->59344K(59584K) Class: 15330K(15552K)->15330K(15552K)
[64.786s][info][gc             ] GC(459) Pause Young (Allocation Failure) 451M->47M(1852M) 1.418ms
[64.786s][info][gc,cpu         ] GC(459) User=0.00s Sys=0.00s Real=0.00s
[64.914s][info][gc,start       ] GC(460) Pause Young (Allocation Failure)
[64.915s][info][gc,heap        ] GC(460) PSYoungGen: 498592K(498688K)->1760K(486912K) Eden: 496640K(496640K)->0K(484864K) From: 1952K(2048K)->1760K(2048K)
[64.915s][info][gc,heap        ] GC(460) ParOldGen: 47155K(1398272K)->47483K(1398272K)
[64.915s][info][gc,metaspace   ] GC(460) Metaspace: 74675K(75136K)->74675K(75136K) NonClass: 59344K(59584K)->59344K(59584K) Class: 15330K(15552K)->15330K(15552K)
[64.915s][info][gc             ] GC(460) Pause Young (Allocation Failure) 532M->48M(1841M) 1.350ms
[64.915s][info][gc,cpu         ] GC(460) User=0.00s Sys=0.00s Real=0.00s
[65.043s][info][gc,start       ] GC(461) Pause Young (Allocation Failure)
[65.044s][info][gc,heap        ] GC(461) PSYoungGen: 486624K(486912K)->1536K(475136K) Eden: 484864K(484864K)->0K(473600K) From: 1760K(2048K)->1536K(1536K)
[65.044s][info][gc,heap        ] GC(461) ParOldGen: 47483K(1398272K)->47739K(1398272K)
[65.044s][info][gc,metaspace   ] GC(461) Metaspace: 74675K(75136K)->74675K(75136K) NonClass: 59344K(59584K)->59344K(59584K) Class: 15330K(15552K)->15330K(15552K)
[65.044s][info][gc             ] GC(461) Pause Young (Allocation Failure) 521M->48M(1829M) 1.059ms
[65.044s][info][gc,cpu         ] GC(461) User=0.00s Sys=0.00s Real=0.00s
[65.178s][info][gc,start       ] GC(462) Pause Young (Allocation Failure)
[65.179s][info][gc,heap        ] GC(462) PSYoungGen: 475136K(475136K)->1504K(464384K) Eden: 473600K(473600K)->0K(462848K) From: 1536K(1536K)->1504K(1536K)
[65.179s][info][gc,heap        ] GC(462) ParOldGen: 47739K(1398272K)->48067K(1398272K)
[65.179s][info][gc,metaspace   ] GC(462) Metaspace: 74680K(75136K)->74680K(75136K) NonClass: 59349K(59584K)->59349K(59584K) Class: 15330K(15552K)->15330K(15552K)
[65.179s][info][gc             ] GC(462) Pause Young (Allocation Failure) 510M->48M(1819M) 1.115ms
[65.179s][info][gc,cpu         ] GC(462) User=0.00s Sys=0.00s Real=0.00s
[65.356s][info][gc,start       ] GC(463) Pause Young (Allocation Failure)
[65.357s][info][gc,heap        ] GC(463) PSYoungGen: 464352K(464384K)->1248K(453632K) Eden: 462848K(462848K)->0K(452096K) From: 1504K(1536K)->1248K(1536K)
[65.357s][info][gc,heap        ] GC(463) ParOldGen: 48067K(1398272K)->48411K(1398272K)
[65.357s][info][gc,metaspace   ] GC(463) Metaspace: 74680K(75136K)->74680K(75136K) NonClass: 59349K(59584K)->59349K(59584K) Class: 15330K(15552K)->15330K(15552K)
[65.357s][info][gc             ] GC(463) Pause Young (Allocation Failure) 500M->48M(1808M) 1.141ms
[65.357s][info][gc,cpu         ] GC(463) User=0.00s Sys=0.00s Real=0.00s
[65.546s][info][gc,start       ] GC(464) Pause Young (Allocation Failure)
[65.547s][info][gc,heap        ] GC(464) PSYoungGen: 453344K(453632K)->1120K(443392K) Eden: 452096K(452096K)->0K(441856K) From: 1248K(1536K)->1120K(1536K)
[65.547s][info][gc,heap        ] GC(464) ParOldGen: 48411K(1398272K)->48787K(1398272K)
[65.547s][info][gc,metaspace   ] GC(464) Metaspace: 74680K(75136K)->74680K(75136K) NonClass: 59349K(59584K)->59349K(59584K) Class: 15330K(15552K)->15330K(15552K)
[65.547s][info][gc             ] GC(464) Pause Young (Allocation Failure) 489M->48M(1798M) 1.202ms
[65.547s][info][gc,cpu         ] GC(464) User=0.00s Sys=0.00s Real=0.00s
[65.790s][info][gc,start       ] GC(465) Pause Young (Allocation Failure)
[65.791s][info][gc,heap        ] GC(465) PSYoungGen: 442976K(443392K)->1056K(433664K) Eden: 441856K(441856K)->0K(432128K) From: 1120K(1536K)->1056K(1536K)
[65.791s][info][gc,heap        ] GC(465) ParOldGen: 48787K(1398272K)->49075K(1398272K)
[65.791s][info][gc,metaspace   ] GC(465) Metaspace: 74680K(75136K)->74680K(75136K) NonClass: 59349K(59584K)->59349K(59584K) Class: 15330K(15552K)->15330K(15552K)
[65.791s][info][gc             ] GC(465) Pause Young (Allocation Failure) 480M->48M(1789M) 1.004ms
[65.791s][info][gc,cpu         ] GC(465) User=0.00s Sys=0.00s Real=0.00s
[66.073s][info][gc,start       ] GC(466) Pause Young (Allocation Failure)
[66.074s][info][gc,heap        ] GC(466) PSYoungGen: 433184K(433664K)->1056K(423936K) Eden: 432128K(432128K)->0K(422400K) From: 1056K(1536K)->1056K(1536K)
[66.074s][info][gc,heap        ] GC(466) ParOldGen: 49075K(1398272K)->49355K(1398272K)
[66.074s][info][gc,metaspace   ] GC(466) Metaspace: 74680K(75136K)->74680K(75136K) NonClass: 59349K(59584K)->59349K(59584K) Class: 15330K(15552K)->15330K(15552K)
[66.074s][info][gc             ] GC(466) Pause Young (Allocation Failure) 470M->49M(1779M) 1.056ms
[66.074s][info][gc,cpu         ] GC(466) User=0.00s Sys=0.00s Real=0.00s
[66.350s][info][gc,start       ] GC(467) Pause Young (Allocation Failure)
[66.351s][info][gc,heap        ] GC(467) PSYoungGen: 423456K(423936K)->1056K(414720K) Eden: 422400K(422400K)->0K(413184K) From: 1056K(1536K)->1056K(1536K)
[66.351s][info][gc,heap        ] GC(467) ParOldGen: 49355K(1398272K)->49371K(1398272K)
[66.351s][info][gc,metaspace   ] GC(467) Metaspace: 74680K(75136K)->74680K(75136K) NonClass: 59349K(59584K)->59349K(59584K) Class: 15330K(15552K)->15330K(15552K)
[66.351s][info][gc             ] GC(467) Pause Young (Allocation Failure) 461M->49M(1770M) 0.900ms
[66.351s][info][gc,cpu         ] GC(467) User=0.00s Sys=0.00s Real=0.00s
[66.618s][info][gc,start       ] GC(468) Pause Young (Allocation Failure)
[66.619s][info][gc,heap        ] GC(468) PSYoungGen: 414240K(414720K)->1056K(406016K) Eden: 413184K(413184K)->0K(404480K) From: 1056K(1536K)->1056K(1536K)
[66.619s][info][gc,heap        ] GC(468) ParOldGen: 49371K(1398272K)->49387K(1398272K)
[66.619s][info][gc,metaspace   ] GC(468) Metaspace: 74680K(75136K)->74680K(75136K) NonClass: 59349K(59584K)->59349K(59584K) Class: 15330K(15552K)->15330K(15552K)
[66.619s][info][gc             ] GC(468) Pause Young (Allocation Failure) 452M->49M(1762M) 0.840ms
[66.619s][info][gc,cpu         ] GC(468) User=0.00s Sys=0.00s Real=0.00s
[66.881s][info][gc,start       ] GC(469) Pause Young (Allocation Failure)
[66.882s][info][gc,heap        ] GC(469) PSYoungGen: 405536K(406016K)->1056K(397312K) Eden: 404480K(404480K)->0K(395776K) From: 1056K(1536K)->1056K(1536K)
[66.882s][info][gc,heap        ] GC(469) ParOldGen: 49387K(1398272K)->49499K(1398272K)
[66.882s][info][gc,metaspace   ] GC(469) Metaspace: 74680K(75136K)->74680K(75136K) NonClass: 59349K(59584K)->59349K(59584K) Class: 15330K(15552K)->15330K(15552K)
[66.882s][info][gc             ] GC(469) Pause Young (Allocation Failure) 444M->49M(1753M) 0.941ms
[66.882s][info][gc,cpu         ] GC(469) User=0.39s Sys=0.02s Real=0.00s
[66.984s][info][gc,start       ] GC(470) Pause Young (System.gc())
[66.985s][info][gc,heap        ] GC(470) PSYoungGen: 118216K(397312K)->1280K(397312K) Eden: 117160K(395776K)->0K(395776K) From: 1056K(1536K)->1280K(1536K)
[66.985s][info][gc,heap        ] GC(470) ParOldGen: 49499K(1398272K)->49619K(1398272K)
[66.985s][info][gc,metaspace   ] GC(470) Metaspace: 74733K(75200K)->74733K(75200K) NonClass: 59402K(59648K)->59402K(59648K) Class: 15330K(15552K)->15330K(15552K)
[66.985s][info][gc             ] GC(470) Pause Young (System.gc()) 163M->49M(1753M) 1.448ms
[66.985s][info][gc,cpu         ] GC(470) User=0.00s Sys=0.00s Real=0.00s
[66.985s][info][gc,start       ] GC(471) Pause Full (System.gc())
[66.985s][info][gc,phases,start] GC(471) Marking Phase
[67.020s][info][gc,phases      ] GC(471) Marking Phase 34.605ms
[67.020s][info][gc,phases,start] GC(471) Summary Phase
[67.020s][info][gc,phases      ] GC(471) Summary Phase 0.013ms
[67.020s][info][gc,phases,start] GC(471) Adjust Roots
[67.036s][info][gc,phases      ] GC(471) Adjust Roots 15.800ms
[67.036s][info][gc,phases,start] GC(471) Compaction Phase
[67.043s][info][gc,phases      ] GC(471) Compaction Phase 7.768ms
[67.043s][info][gc,phases,start] GC(471) Post Compact
[67.044s][info][gc,phases      ] GC(471) Post Compact 0.920ms
[67.044s][info][gc,heap        ] GC(471) PSYoungGen: 1280K(397312K)->0K(397312K) Eden: 0K(395776K)->0K(395776K) From: 1280K(1536K)->0K(1536K)
[67.045s][info][gc,heap        ] GC(471) ParOldGen: 49619K(1398272K)->35684K(1398272K)
[67.045s][info][gc,metaspace   ] GC(471) Metaspace: 74733K(75200K)->74733K(75200K) NonClass: 59402K(59648K)->59402K(59648K) Class: 15330K(15552K)->15330K(15552K)
[67.045s][info][gc             ] GC(471) Pause Full (System.gc()) 49M->34M(1753M) 59.514ms
[67.045s][info][gc,cpu         ] GC(471) User=0.95s Sys=0.00s Real=0.06s
[67.167s][info][gc,start       ] GC(472) Pause Young (Allocation Failure)
[67.169s][info][gc,heap        ] GC(472) PSYoungGen: 395776K(397312K)->2560K(390144K) Eden: 395776K(395776K)->0K(387584K) From: 0K(1536K)->2560K(2560K)
[67.169s][info][gc,heap        ] GC(472) ParOldGen: 35684K(1398272K)->36676K(1398272K)
[67.169s][info][gc,metaspace   ] GC(472) Metaspace: 74866K(75328K)->74866K(75328K) NonClass: 59535K(59776K)->59535K(59776K) Class: 15330K(15552K)->15330K(15552K)
[67.169s][info][gc             ] GC(472) Pause Young (Allocation Failure) 421M->38M(1746M) 1.957ms
[67.169s][info][gc,cpu         ] GC(472) User=0.00s Sys=0.00s Real=0.00s
[67.266s][info][gc,start       ] GC(473) Pause Young (Allocation Failure)
[67.268s][info][gc,heap        ] GC(473) PSYoungGen: 390144K(390144K)->1792K(381440K) Eden: 387584K(387584K)->0K(379392K) From: 2560K(2560K)->1792K(2048K)
[67.268s][info][gc,heap        ] GC(473) ParOldGen: 36676K(1398272K)->38372K(1398272K)
[67.268s][info][gc,metaspace   ] GC(473) Metaspace: 74866K(75328K)->74866K(75328K) NonClass: 59535K(59776K)->59535K(59776K) Class: 15330K(15552K)->15330K(15552K)
[67.268s][info][gc             ] GC(473) Pause Young (Allocation Failure) 416M->39M(1738M) 2.008ms
[67.268s][info][gc,cpu         ] GC(473) User=0.00s Sys=0.00s Real=0.00s
[67.361s][info][gc,start       ] GC(474) Pause Young (Allocation Failure)
[67.362s][info][gc,heap        ] GC(474) PSYoungGen: 381184K(381440K)->1952K(373760K) Eden: 379392K(379392K)->0K(371712K) From: 1792K(2048K)->1952K(2048K)
[67.362s][info][gc,heap        ] GC(474) ParOldGen: 38372K(1398272K)->38580K(1398272K)
[67.362s][info][gc,metaspace   ] GC(474) Metaspace: 74866K(75328K)->74866K(75328K) NonClass: 59535K(59776K)->59535K(59776K) Class: 15330K(15552K)->15330K(15552K)
[67.362s][info][gc             ] GC(474) Pause Young (Allocation Failure) 409M->39M(1730M) 1.155ms
[67.362s][info][gc,cpu         ] GC(474) User=0.00s Sys=0.00s Real=0.00s
[67.453s][info][gc,start       ] GC(475) Pause Young (Allocation Failure)
[67.454s][info][gc,heap        ] GC(475) PSYoungGen: 373664K(373760K)->1952K(366080K) Eden: 371712K(371712K)->0K(364032K) From: 1952K(2048K)->1952K(2048K)
[67.454s][info][gc,heap        ] GC(475) ParOldGen: 38580K(1398272K)->38660K(1398272K)
[67.454s][info][gc,metaspace   ] GC(475) Metaspace: 74866K(75328K)->74866K(75328K) NonClass: 59535K(59776K)->59535K(59776K) Class: 15330K(15552K)->15330K(15552K)
[67.454s][info][gc             ] GC(475) Pause Young (Allocation Failure) 402M->39M(1723M) 1.473ms
[67.454s][info][gc,cpu         ] GC(475) User=0.00s Sys=0.00s Real=0.00s
[67.551s][info][gc,start       ] GC(476) Pause Young (Allocation Failure)
[67.552s][info][gc,heap        ] GC(476) PSYoungGen: 365984K(366080K)->1920K(358912K) Eden: 364032K(364032K)->0K(356864K) From: 1952K(2048K)->1920K(2048K)
[67.553s][info][gc,heap        ] GC(476) ParOldGen: 38660K(1398272K)->38924K(1398272K)
[67.553s][info][gc,metaspace   ] GC(476) Metaspace: 74866K(75328K)->74866K(75328K) NonClass: 59535K(59776K)->59535K(59776K) Class: 15330K(15552K)->15330K(15552K)
[67.553s][info][gc             ] GC(476) Pause Young (Allocation Failure) 395M->39M(1716M) 1.480ms
[67.553s][info][gc,cpu         ] GC(476) User=0.00s Sys=0.00s Real=0.00s
[67.645s][info][gc,start       ] GC(477) Pause Young (Allocation Failure)
[67.646s][info][gc,heap        ] GC(477) PSYoungGen: 358784K(358912K)->1888K(351744K) Eden: 356864K(356864K)->0K(349696K) From: 1920K(2048K)->1888K(2048K)
[67.646s][info][gc,heap        ] GC(477) ParOldGen: 38924K(1398272K)->38988K(1398272K)
[67.646s][info][gc,metaspace   ] GC(477) Metaspace: 74866K(75328K)->74866K(75328K) NonClass: 59535K(59776K)->59535K(59776K) Class: 15330K(15552K)->15330K(15552K)
[67.646s][info][gc             ] GC(477) Pause Young (Allocation Failure) 388M->39M(1709M) 1.380ms
[67.646s][info][gc,cpu         ] GC(477) User=0.00s Sys=0.02s Real=0.00s
[67.734s][info][gc,start       ] GC(478) Pause Young (Allocation Failure)
[67.735s][info][gc,heap        ] GC(478) PSYoungGen: 351584K(351744K)->2048K(421888K) Eden: 349696K(349696K)->0K(419840K) From: 1888K(2048K)->2048K(2048K)
[67.735s][info][gc,heap        ] GC(478) ParOldGen: 38988K(1398272K)->39116K(1398272K)
[67.735s][info][gc,metaspace   ] GC(478) Metaspace: 74866K(75328K)->74866K(75328K) NonClass: 59535K(59776K)->59535K(59776K) Class: 15330K(15552K)->15330K(15552K)
[67.735s][info][gc             ] GC(478) Pause Young (Allocation Failure) 381M->40M(1777M) 1.359ms
[67.735s][info][gc,cpu         ] GC(478) User=0.00s Sys=0.00s Real=0.00s
[67.842s][info][gc,start       ] GC(479) Pause Young (Allocation Failure)
[67.843s][info][gc,heap        ] GC(479) PSYoungGen: 421888K(421888K)->1888K(412672K) Eden: 419840K(419840K)->0K(410624K) From: 2048K(2048K)->1888K(2048K)
[67.843s][info][gc,heap        ] GC(479) ParOldGen: 39116K(1398272K)->39228K(1398272K)
[67.843s][info][gc,metaspace   ] GC(479) Metaspace: 74866K(75328K)->74866K(75328K) NonClass: 59535K(59776K)->59535K(59776K) Class: 15330K(15552K)->15330K(15552K)
[67.843s][info][gc             ] GC(479) Pause Young (Allocation Failure) 450M->40M(1768M) 1.452ms
[67.843s][info][gc,cpu         ] GC(479) User=0.00s Sys=0.00s Real=0.00s
[67.946s][info][gc,start       ] GC(480) Pause Young (Allocation Failure)
[67.947s][info][gc,heap        ] GC(480) PSYoungGen: 412512K(412672K)->1856K(403968K) Eden: 410624K(410624K)->0K(401920K) From: 1888K(2048K)->1856K(2048K)
[67.947s][info][gc,heap        ] GC(480) ParOldGen: 39228K(1398272K)->39356K(1398272K)
[67.947s][info][gc,metaspace   ] GC(480) Metaspace: 74866K(75328K)->74866K(75328K) NonClass: 59535K(59776K)->59535K(59776K) Class: 15330K(15552K)->15330K(15552K)
[67.947s][info][gc             ] GC(480) Pause Young (Allocation Failure) 441M->40M(1760M) 1.277ms
[67.947s][info][gc,cpu         ] GC(480) User=0.00s Sys=0.00s Real=0.00s
[68.052s][info][gc,start       ] GC(481) Pause Young (Allocation Failure)
[68.053s][info][gc,heap        ] GC(481) PSYoungGen: 403776K(403968K)->1952K(395264K) Eden: 401920K(401920K)->0K(393216K) From: 1856K(2048K)->1952K(2048K)
[68.053s][info][gc,heap        ] GC(481) ParOldGen: 39356K(1398272K)->39468K(1398272K)
[68.053s][info][gc,metaspace   ] GC(481) Metaspace: 74866K(75328K)->74866K(75328K) NonClass: 59535K(59776K)->59535K(59776K) Class: 15330K(15552K)->15330K(15552K)
[68.053s][info][gc             ] GC(481) Pause Young (Allocation Failure) 432M->40M(1751M) 1.400ms
[68.053s][info][gc,cpu         ] GC(481) User=0.52s Sys=0.00s Real=0.00s
[68.153s][info][gc,start       ] GC(482) Pause Young (Allocation Failure)
[68.154s][info][gc,heap        ] GC(482) PSYoungGen: 395168K(395264K)->1920K(387072K) Eden: 393216K(393216K)->0K(385024K) From: 1952K(2048K)->1920K(2048K)
[68.155s][info][gc,heap        ] GC(482) ParOldGen: 39468K(1398272K)->39580K(1398272K)
[68.155s][info][gc,metaspace   ] GC(482) Metaspace: 74866K(75328K)->74866K(75328K) NonClass: 59535K(59776K)->59535K(59776K) Class: 15330K(15552K)->15330K(15552K)
[68.155s][info][gc             ] GC(482) Pause Young (Allocation Failure) 424M->40M(1743M) 1.263ms
[68.155s][info][gc,cpu         ] GC(482) User=0.00s Sys=0.00s Real=0.00s
[68.251s][info][gc,start       ] GC(483) Pause Young (Allocation Failure)
[68.252s][info][gc,heap        ] GC(483) PSYoungGen: 386944K(387072K)->1888K(379392K) Eden: 385024K(385024K)->0K(377344K) From: 1920K(2048K)->1888K(2048K)
[68.252s][info][gc,heap        ] GC(483) ParOldGen: 39580K(1398272K)->39700K(1398272K)
[68.252s][info][gc,metaspace   ] GC(483) Metaspace: 74866K(75328K)->74866K(75328K) NonClass: 59535K(59776K)->59535K(59776K) Class: 15330K(15552K)->15330K(15552K)
[68.252s][info][gc             ] GC(483) Pause Young (Allocation Failure) 416M->40M(1736M) 1.462ms
[68.252s][info][gc,cpu         ] GC(483) User=0.00s Sys=0.00s Real=0.00s
[68.346s][info][gc,start       ] GC(484) Pause Young (Allocation Failure)
[68.347s][info][gc,heap        ] GC(484) PSYoungGen: 379232K(379392K)->1952K(371712K) Eden: 377344K(377344K)->0K(369664K) From: 1888K(2048K)->1952K(2048K)
[68.347s][info][gc,heap        ] GC(484) ParOldGen: 39700K(1398272K)->39772K(1398272K)
[68.347s][info][gc,metaspace   ] GC(484) Metaspace: 74866K(75328K)->74866K(75328K) NonClass: 59535K(59776K)->59535K(59776K) Class: 15330K(15552K)->15330K(15552K)
[68.347s][info][gc             ] GC(484) Pause Young (Allocation Failure) 409M->40M(1728M) 1.257ms
[68.347s][info][gc,cpu         ] GC(484) User=0.00s Sys=0.00s Real=0.00s
[68.438s][info][gc,start       ] GC(485) Pause Young (Allocation Failure)
[68.439s][info][gc,heap        ] GC(485) PSYoungGen: 371616K(371712K)->1952K(445952K) Eden: 369664K(369664K)->0K(443904K) From: 1952K(2048K)->1952K(2048K)
[68.439s][info][gc,heap        ] GC(485) ParOldGen: 39772K(1398272K)->39868K(1398272K)
[68.439s][info][gc,metaspace   ] GC(485) Metaspace: 74866K(75328K)->74866K(75328K) NonClass: 59535K(59776K)->59535K(59776K) Class: 15330K(15552K)->15330K(15552K)
[68.439s][info][gc             ] GC(485) Pause Young (Allocation Failure) 401M->40M(1801M) 1.385ms
[68.439s][info][gc,cpu         ] GC(485) User=0.00s Sys=0.00s Real=0.00s
[68.549s][info][gc,start       ] GC(486) Pause Young (Allocation Failure)
[68.550s][info][gc,heap        ] GC(486) PSYoungGen: 445856K(445952K)->1536K(435712K) Eden: 443904K(443904K)->0K(434176K) From: 1952K(2048K)->1536K(1536K)
[68.550s][info][gc,heap        ] GC(486) ParOldGen: 39868K(1398272K)->40156K(1398272K)
[68.550s][info][gc,metaspace   ] GC(486) Metaspace: 74866K(75328K)->74866K(75328K) NonClass: 59535K(59776K)->59535K(59776K) Class: 15330K(15552K)->15330K(15552K)
[68.550s][info][gc             ] GC(486) Pause Young (Allocation Failure) 474M->40M(1791M) 1.161ms
[68.550s][info][gc,cpu         ] GC(486) User=0.00s Sys=0.00s Real=0.00s
[68.656s][info][gc,start       ] GC(487) Pause Young (Allocation Failure)
[68.658s][info][gc,heap        ] GC(487) PSYoungGen: 435712K(435712K)->1984K(426496K) Eden: 434176K(434176K)->0K(424448K) From: 1536K(1536K)->1984K(2048K)
[68.658s][info][gc,heap        ] GC(487) ParOldGen: 40156K(1398272K)->40420K(1398272K)
[68.658s][info][gc,metaspace   ] GC(487) Metaspace: 74866K(75328K)->74866K(75328K) NonClass: 59535K(59776K)->59535K(59776K) Class: 15330K(15552K)->15330K(15552K)
[68.658s][info][gc             ] GC(487) Pause Young (Allocation Failure) 464M->41M(1782M) 1.308ms
[68.658s][info][gc,cpu         ] GC(487) User=0.00s Sys=0.00s Real=0.00s
[68.764s][info][gc,start       ] GC(488) Pause Young (Allocation Failure)
[68.765s][info][gc,heap        ] GC(488) PSYoungGen: 426432K(426496K)->1888K(417280K) Eden: 424448K(424448K)->0K(415232K) From: 1984K(2048K)->1888K(2048K)
[68.765s][info][gc,heap        ] GC(488) ParOldGen: 40420K(1398272K)->40644K(1398272K)
[68.765s][info][gc,metaspace   ] GC(488) Metaspace: 74866K(75328K)->74866K(75328K) NonClass: 59535K(59776K)->59535K(59776K) Class: 15330K(15552K)->15330K(15552K)
[68.765s][info][gc             ] GC(488) Pause Young (Allocation Failure) 455M->41M(1773M) 1.158ms
[68.765s][info][gc,cpu         ] GC(488) User=0.00s Sys=0.00s Real=0.00s
[68.867s][info][gc,start       ] GC(489) Pause Young (Allocation Failure)
[68.868s][info][gc,heap        ] GC(489) PSYoungGen: 417120K(417280K)->1856K(408576K) Eden: 415232K(415232K)->0K(406528K) From: 1888K(2048K)->1856K(2048K)
[68.868s][info][gc,heap        ] GC(489) ParOldGen: 40644K(1398272K)->40748K(1398272K)
[68.868s][info][gc,metaspace   ] GC(489) Metaspace: 74866K(75328K)->74866K(75328K) NonClass: 59535K(59776K)->59535K(59776K) Class: 15330K(15552K)->15330K(15552K)
[68.868s][info][gc             ] GC(489) Pause Young (Allocation Failure) 447M->41M(1764M) 1.363ms
[68.868s][info][gc,cpu         ] GC(489) User=0.00s Sys=0.00s Real=0.00s
[68.969s][info][gc,start       ] GC(490) Pause Young (Allocation Failure)
[68.970s][info][gc,heap        ] GC(490) PSYoungGen: 408383K(408576K)->1536K(399360K) Eden: 406527K(406528K)->0K(397824K) From: 1856K(2048K)->1536K(1536K)
[68.970s][info][gc,heap        ] GC(490) ParOldGen: 40748K(1398272K)->40940K(1398272K)
[68.970s][info][gc,metaspace   ] GC(490) Metaspace: 74866K(75328K)->74866K(75328K) NonClass: 59535K(59776K)->59535K(59776K) Class: 15330K(15552K)->15330K(15552K)
[68.970s][info][gc             ] GC(490) Pause Young (Allocation Failure) 438M->41M(1755M) 1.168ms
[68.970s][info][gc,cpu         ] GC(490) User=0.00s Sys=0.00s Real=0.00s
[69.069s][info][gc,start       ] GC(491) Pause Young (Allocation Failure)
[69.070s][info][gc,heap        ] GC(491) PSYoungGen: 399360K(399360K)->1888K(391680K) Eden: 397824K(397824K)->0K(389632K) From: 1536K(1536K)->1888K(2048K)
[69.070s][info][gc,heap        ] GC(491) ParOldGen: 40940K(1398272K)->41060K(1398272K)
[69.070s][info][gc,metaspace   ] GC(491) Metaspace: 74866K(75328K)->74866K(75328K) NonClass: 59535K(59776K)->59535K(59776K) Class: 15330K(15552K)->15330K(15552K)
[69.070s][info][gc             ] GC(491) Pause Young (Allocation Failure) 429M->41M(1748M) 1.293ms
[69.070s][info][gc,cpu         ] GC(491) User=0.00s Sys=0.00s Real=0.00s
[69.165s][info][gc,start       ] GC(492) Pause Young (Allocation Failure)
[69.166s][info][gc,heap        ] GC(492) PSYoungGen: 391520K(391680K)->1888K(383488K) Eden: 389632K(389632K)->0K(381440K) From: 1888K(2048K)->1888K(2048K)
[69.166s][info][gc,heap        ] GC(492) ParOldGen: 41060K(1398272K)->41188K(1398272K)
[69.166s][info][gc,metaspace   ] GC(492) Metaspace: 74866K(75328K)->74866K(75328K) NonClass: 59535K(59776K)->59535K(59776K) Class: 15330K(15552K)->15330K(15552K)
[69.166s][info][gc             ] GC(492) Pause Young (Allocation Failure) 422M->42M(1740M) 1.098ms
[69.166s][info][gc,cpu         ] GC(492) User=0.00s Sys=0.00s Real=0.00s
[69.258s][info][gc,start       ] GC(493) Pause Young (Allocation Failure)
[69.259s][info][gc,heap        ] GC(493) PSYoungGen: 383328K(383488K)->1920K(375808K) Eden: 381440K(381440K)->0K(373760K) From: 1888K(2048K)->1920K(2048K)
[69.259s][info][gc,heap        ] GC(493) ParOldGen: 41188K(1398272K)->41332K(1398272K)
[69.259s][info][gc,metaspace   ] GC(493) Metaspace: 74866K(75328K)->74866K(75328K) NonClass: 59535K(59776K)->59535K(59776K) Class: 15330K(15552K)->15330K(15552K)
[69.259s][info][gc             ] GC(493) Pause Young (Allocation Failure) 414M->42M(1732M) 1.348ms
[69.259s][info][gc,cpu         ] GC(493) User=0.00s Sys=0.00s Real=0.00s
[69.350s][info][gc,start       ] GC(494) Pause Young (Allocation Failure)
[69.351s][info][gc,heap        ] GC(494) PSYoungGen: 375679K(375808K)->1536K(367616K) Eden: 373759K(373760K)->0K(366080K) From: 1920K(2048K)->1536K(1536K)
[69.351s][info][gc,heap        ] GC(494) ParOldGen: 41332K(1398272K)->41492K(1398272K)
[69.351s][info][gc,metaspace   ] GC(494) Metaspace: 74866K(75328K)->74866K(75328K) NonClass: 59535K(59776K)->59535K(59776K) Class: 15330K(15552K)->15330K(15552K)
[69.351s][info][gc             ] GC(494) Pause Young (Allocation Failure) 407M->42M(1724M) 1.114ms
[69.351s][info][gc,cpu         ] GC(494) User=0.00s Sys=0.00s Real=0.00s
[69.441s][info][gc,start       ] GC(495) Pause Young (Allocation Failure)
[69.443s][info][gc,heap        ] GC(495) PSYoungGen: 367616K(367616K)->1952K(360960K) Eden: 366080K(366080K)->0K(358912K) From: 1536K(1536K)->1952K(2048K)
[69.443s][info][gc,heap        ] GC(495) ParOldGen: 41492K(1398272K)->41716K(1398272K)
[69.443s][info][gc,metaspace   ] GC(495) Metaspace: 74866K(75328K)->74866K(75328K) NonClass: 59535K(59776K)->59535K(59776K) Class: 15330K(15552K)->15330K(15552K)
[69.443s][info][gc             ] GC(495) Pause Young (Allocation Failure) 399M->42M(1718M) 1.293ms
[69.443s][info][gc,cpu         ] GC(495) User=0.00s Sys=0.00s Real=0.00s
[69.529s][info][gc,start       ] GC(496) Pause Young (Allocation Failure)
[69.530s][info][gc,heap        ] GC(496) PSYoungGen: 360864K(360960K)->1888K(433152K) Eden: 358912K(358912K)->0K(431104K) From: 1952K(2048K)->1888K(2048K)
[69.530s][info][gc,heap        ] GC(496) ParOldGen: 41716K(1398272K)->41980K(1398272K)
[69.530s][info][gc,metaspace   ] GC(496) Metaspace: 74866K(75328K)->74866K(75328K) NonClass: 59535K(59776K)->59535K(59776K) Class: 15330K(15552K)->15330K(15552K)
[69.530s][info][gc             ] GC(496) Pause Young (Allocation Failure) 393M->42M(1788M) 1.107ms
[69.531s][info][gc,cpu         ] GC(496) User=0.00s Sys=0.00s Real=0.00s
[69.636s][info][gc,start       ] GC(497) Pause Young (Allocation Failure)
[69.638s][info][gc,heap        ] GC(497) PSYoungGen: 432992K(433152K)->1952K(423936K) Eden: 431104K(431104K)->0K(421888K) From: 1888K(2048K)->1952K(2048K)
[69.638s][info][gc,heap        ] GC(497) ParOldGen: 41980K(1398272K)->42084K(1398272K)
[69.638s][info][gc,metaspace   ] GC(497) Metaspace: 74866K(75328K)->74866K(75328K) NonClass: 59535K(59776K)->59535K(59776K) Class: 15330K(15552K)->15330K(15552K)
[69.638s][info][gc             ] GC(497) Pause Young (Allocation Failure) 463M->43M(1779M) 1.411ms
[69.638s][info][gc,cpu         ] GC(497) User=0.00s Sys=0.00s Real=0.00s
[69.739s][info][gc,start       ] GC(498) Pause Young (Allocation Failure)
[69.741s][info][gc,heap        ] GC(498) PSYoungGen: 423840K(423936K)->1536K(414208K) Eden: 421888K(421888K)->0K(412672K) From: 1952K(2048K)->1536K(1536K)
[69.741s][info][gc,heap        ] GC(498) ParOldGen: 42084K(1398272K)->42308K(1398272K)
[69.741s][info][gc,metaspace   ] GC(498) Metaspace: 74866K(75328K)->74866K(75328K) NonClass: 59535K(59776K)->59535K(59776K) Class: 15330K(15552K)->15330K(15552K)
[69.741s][info][gc             ] GC(498) Pause Young (Allocation Failure) 455M->42M(1770M) 1.100ms
[69.741s][info][gc,cpu         ] GC(498) User=0.00s Sys=0.00s Real=0.00s
[69.839s][info][gc,start       ] GC(499) Pause Young (Allocation Failure)
[69.841s][info][gc,heap        ] GC(499) PSYoungGen: 414208K(414208K)->2016K(406016K) Eden: 412672K(412672K)->0K(403968K) From: 1536K(1536K)->2016K(2048K)
[69.841s][info][gc,heap        ] GC(499) ParOldGen: 42308K(1398272K)->42556K(1398272K)
[69.841s][info][gc,metaspace   ] GC(499) Metaspace: 74866K(75328K)->74866K(75328K) NonClass: 59535K(59776K)->59535K(59776K) Class: 15330K(15552K)->15330K(15552K)
[69.841s][info][gc             ] GC(499) Pause Young (Allocation Failure) 445M->43M(1762M) 1.310ms
[69.841s][info][gc,cpu         ] GC(499) User=0.00s Sys=0.00s Real=0.00s
[69.938s][info][gc,start       ] GC(500) Pause Young (Allocation Failure)
[69.939s][info][gc,heap        ] GC(500) PSYoungGen: 405984K(406016K)->1984K(397312K) Eden: 403968K(403968K)->0K(395264K) From: 2016K(2048K)->1984K(2048K)
[69.939s][info][gc,heap        ] GC(500) ParOldGen: 42556K(1398272K)->42692K(1398272K)
[69.939s][info][gc,metaspace   ] GC(500) Metaspace: 74866K(75328K)->74866K(75328K) NonClass: 59535K(59776K)->59535K(59776K) Class: 15330K(15552K)->15330K(15552K)
[69.939s][info][gc             ] GC(500) Pause Young (Allocation Failure) 438M->43M(1753M) 1.070ms
[69.939s][info][gc,cpu         ] GC(500) User=0.00s Sys=0.00s Real=0.00s
[70.035s][info][gc,start       ] GC(501) Pause Young (Allocation Failure)
[70.036s][info][gc,heap        ] GC(501) PSYoungGen: 397248K(397312K)->1888K(389120K) Eden: 395264K(395264K)->0K(387072K) From: 1984K(2048K)->1888K(2048K)
[70.036s][info][gc,heap        ] GC(501) ParOldGen: 42692K(1398272K)->42796K(1398272K)
[70.036s][info][gc,metaspace   ] GC(501) Metaspace: 74866K(75328K)->74866K(75328K) NonClass: 59535K(59776K)->59535K(59776K) Class: 15330K(15552K)->15330K(15552K)
[70.036s][info][gc             ] GC(501) Pause Young (Allocation Failure) 429M->43M(1745M) 1.385ms
[70.036s][info][gc,cpu         ] GC(501) User=0.00s Sys=0.00s Real=0.00s
[70.129s][info][gc,start       ] GC(502) Pause Young (Allocation Failure)
[70.130s][info][gc,heap        ] GC(502) PSYoungGen: 388960K(389120K)->1536K(380416K) Eden: 387072K(387072K)->0K(378880K) From: 1888K(2048K)->1536K(1536K)
[70.130s][info][gc,heap        ] GC(502) ParOldGen: 42796K(1398272K)->42988K(1398272K)
[70.130s][info][gc,metaspace   ] GC(502) Metaspace: 74866K(75328K)->74866K(75328K) NonClass: 59535K(59776K)->59535K(59776K) Class: 15330K(15552K)->15330K(15552K)
[70.130s][info][gc             ] GC(502) Pause Young (Allocation Failure) 421M->43M(1737M) 1.118ms
[70.130s][info][gc,cpu         ] GC(502) User=0.00s Sys=0.00s Real=0.00s
[70.222s][info][gc,start       ] GC(503) Pause Young (Allocation Failure)
[70.223s][info][gc,heap        ] GC(503) PSYoungGen: 380416K(380416K)->1888K(373248K) Eden: 378880K(378880K)->0K(371200K) From: 1536K(1536K)->1888K(2048K)
[70.223s][info][gc,heap        ] GC(503) ParOldGen: 42988K(1398272K)->43108K(1398272K)
[70.223s][info][gc,metaspace   ] GC(503) Metaspace: 74866K(75328K)->74866K(75328K) NonClass: 59535K(59776K)->59535K(59776K) Class: 15330K(15552K)->15330K(15552K)
[70.223s][info][gc             ] GC(503) Pause Young (Allocation Failure) 413M->43M(1730M) 1.250ms
[70.223s][info][gc,cpu         ] GC(503) User=0.00s Sys=0.00s Real=0.00s
[70.313s][info][gc,start       ] GC(504) Pause Young (Allocation Failure)
[70.314s][info][gc,heap        ] GC(504) PSYoungGen: 373088K(373248K)->1952K(365568K) Eden: 371200K(371200K)->0K(363520K) From: 1888K(2048K)->1952K(2048K)
[70.314s][info][gc,heap        ] GC(504) ParOldGen: 43108K(1398272K)->43244K(1398272K)
[70.314s][info][gc,metaspace   ] GC(504) Metaspace: 74866K(75328K)->74866K(75328K) NonClass: 59535K(59776K)->59535K(59776K) Class: 15330K(15552K)->15330K(15552K)
[70.314s][info][gc             ] GC(504) Pause Young (Allocation Failure) 406M->44M(1722M) 1.125ms
[70.314s][info][gc,cpu         ] GC(504) User=0.00s Sys=0.00s Real=0.00s
[70.401s][info][gc,start       ] GC(505) Pause Young (Allocation Failure)
[70.402s][info][gc,heap        ] GC(505) PSYoungGen: 365472K(365568K)->1984K(358400K) Eden: 363520K(363520K)->0K(356352K) From: 1952K(2048K)->1984K(2048K)
[70.402s][info][gc,heap        ] GC(505) ParOldGen: 43244K(1398272K)->43348K(1398272K)
[70.402s][info][gc,metaspace   ] GC(505) Metaspace: 74866K(75328K)->74866K(75328K) NonClass: 59535K(59776K)->59535K(59776K) Class: 15330K(15552K)->15330K(15552K)
[70.402s][info][gc             ] GC(505) Pause Young (Allocation Failure) 399M->44M(1715M) 1.310ms
[70.402s][info][gc,cpu         ] GC(505) User=0.00s Sys=0.00s Real=0.00s
[70.488s][info][gc,start       ] GC(506) Pause Young (Allocation Failure)
[70.489s][info][gc,heap        ] GC(506) PSYoungGen: 358336K(358400K)->1536K(429568K) Eden: 356352K(356352K)->0K(428032K) From: 1984K(2048K)->1536K(1536K)
[70.489s][info][gc,heap        ] GC(506) ParOldGen: 43348K(1398272K)->43692K(1398272K)
[70.489s][info][gc,metaspace   ] GC(506) Metaspace: 74866K(75328K)->74866K(75328K) NonClass: 59535K(59776K)->59535K(59776K) Class: 15330K(15552K)->15330K(15552K)
[70.489s][info][gc             ] GC(506) Pause Young (Allocation Failure) 392M->44M(1785M) 1.136ms
[70.489s][info][gc,cpu         ] GC(506) User=0.00s Sys=0.00s Real=0.00s
[70.592s][info][gc,start       ] GC(507) Pause Young (Allocation Failure)
[70.593s][info][gc,heap        ] GC(507) PSYoungGen: 429568K(429568K)->1984K(420864K) Eden: 428032K(428032K)->0K(418816K) From: 1536K(1536K)->1984K(2048K)
[70.593s][info][gc,heap        ] GC(507) ParOldGen: 43692K(1398272K)->43900K(1398272K)
[70.593s][info][gc,metaspace   ] GC(507) Metaspace: 74866K(75328K)->74866K(75328K) NonClass: 59535K(59776K)->59535K(59776K) Class: 15330K(15552K)->15330K(15552K)
[70.593s][info][gc             ] GC(507) Pause Young (Allocation Failure) 462M->44M(1776M) 1.264ms
[70.593s][info][gc,cpu         ] GC(507) User=0.00s Sys=0.00s Real=0.00s
[70.693s][info][gc,start       ] GC(508) Pause Young (Allocation Failure)
[70.694s][info][gc,heap        ] GC(508) PSYoungGen: 420800K(420864K)->1888K(411648K) Eden: 418816K(418816K)->0K(409600K) From: 1984K(2048K)->1888K(2048K)
[70.695s][info][gc,heap        ] GC(508) ParOldGen: 43900K(1398272K)->44068K(1398272K)
[70.695s][info][gc,metaspace   ] GC(508) Metaspace: 74866K(75328K)->74866K(75328K) NonClass: 59535K(59776K)->59535K(59776K) Class: 15330K(15552K)->15330K(15552K)
[70.695s][info][gc             ] GC(508) Pause Young (Allocation Failure) 453M->44M(1767M) 1.113ms
[70.695s][info][gc,cpu         ] GC(508) User=0.00s Sys=0.00s Real=0.00s
[70.792s][info][gc,start       ] GC(509) Pause Young (Allocation Failure)
[70.794s][info][gc,heap        ] GC(509) PSYoungGen: 411488K(411648K)->1888K(402944K) Eden: 409600K(409600K)->0K(400896K) From: 1888K(2048K)->1888K(2048K)
[70.794s][info][gc,heap        ] GC(509) ParOldGen: 44068K(1398272K)->44204K(1398272K)
[70.794s][info][gc,metaspace   ] GC(509) Metaspace: 74866K(75328K)->74866K(75328K) NonClass: 59535K(59776K)->59535K(59776K) Class: 15330K(15552K)->15330K(15552K)
[70.794s][info][gc             ] GC(509) Pause Young (Allocation Failure) 444M->45M(1759M) 1.329ms
[70.794s][info][gc,cpu         ] GC(509) User=0.00s Sys=0.00s Real=0.00s
[70.890s][info][gc,start       ] GC(510) Pause Young (Allocation Failure)
[70.891s][info][gc,heap        ] GC(510) PSYoungGen: 402784K(402944K)->1536K(394240K) Eden: 400896K(400896K)->0K(392704K) From: 1888K(2048K)->1536K(1536K)
[70.891s][info][gc,heap        ] GC(510) ParOldGen: 44204K(1398272K)->44388K(1398272K)
[70.891s][info][gc,metaspace   ] GC(510) Metaspace: 74866K(75328K)->74866K(75328K) NonClass: 59535K(59776K)->59535K(59776K) Class: 15330K(15552K)->15330K(15552K)
[70.891s][info][gc             ] GC(510) Pause Young (Allocation Failure) 436M->44M(1750M) 1.158ms
[70.891s][info][gc,cpu         ] GC(510) User=0.00s Sys=0.00s Real=0.00s
[70.984s][info][gc,start       ] GC(511) Pause Young (Allocation Failure)
[70.986s][info][gc,heap        ] GC(511) PSYoungGen: 394240K(394240K)->1920K(386560K) Eden: 392704K(392704K)->0K(384512K) From: 1536K(1536K)->1920K(2048K)
[70.986s][info][gc,heap        ] GC(511) ParOldGen: 44388K(1398272K)->44652K(1398272K)
[70.986s][info][gc,metaspace   ] GC(511) Metaspace: 74866K(75328K)->74866K(75328K) NonClass: 59535K(59776K)->59535K(59776K) Class: 15330K(15552K)->15330K(15552K)
[70.986s][info][gc             ] GC(511) Pause Young (Allocation Failure) 428M->45M(1743M) 1.285ms
[70.986s][info][gc,cpu         ] GC(511) User=0.00s Sys=0.00s Real=0.00s
[71.079s][info][gc,start       ] GC(512) Pause Young (Allocation Failure)
[71.080s][info][gc,heap        ] GC(512) PSYoungGen: 386432K(386560K)->1888K(378880K) Eden: 384512K(384512K)->0K(376832K) From: 1920K(2048K)->1888K(2048K)
[71.080s][info][gc,heap        ] GC(512) ParOldGen: 44652K(1398272K)->44844K(1398272K)
[71.080s][info][gc,metaspace   ] GC(512) Metaspace: 74866K(75328K)->74866K(75328K) NonClass: 59535K(59776K)->59535K(59776K) Class: 15330K(15552K)->15330K(15552K)
[71.080s][info][gc             ] GC(512) Pause Young (Allocation Failure) 420M->45M(1735M) 1.152ms
[71.080s][info][gc,cpu         ] GC(512) User=0.00s Sys=0.00s Real=0.00s
[71.170s][info][gc,start       ] GC(513) Pause Young (Allocation Failure)
[71.171s][info][gc,heap        ] GC(513) PSYoungGen: 378720K(378880K)->1920K(371200K) Eden: 376832K(376832K)->0K(369152K) From: 1888K(2048K)->1920K(2048K)
[71.171s][info][gc,heap        ] GC(513) ParOldGen: 44844K(1398272K)->44980K(1398272K)
[71.171s][info][gc,metaspace   ] GC(513) Metaspace: 74866K(75328K)->74866K(75328K) NonClass: 59535K(59776K)->59535K(59776K) Class: 15330K(15552K)->15330K(15552K)
[71.171s][info][gc             ] GC(513) Pause Young (Allocation Failure) 413M->45M(1728M) 1.283ms
[71.172s][info][gc,cpu         ] GC(513) User=0.00s Sys=0.00s Real=0.00s
[71.262s][info][gc,start       ] GC(514) Pause Young (Allocation Failure)
[71.263s][info][gc,heap        ] GC(514) PSYoungGen: 371072K(371200K)->1536K(363520K) Eden: 369152K(369152K)->0K(361984K) From: 1920K(2048K)->1536K(1536K)
[71.263s][info][gc,heap        ] GC(514) ParOldGen: 44980K(1398272K)->45188K(1398272K)
[71.263s][info][gc,metaspace   ] GC(514) Metaspace: 74866K(75328K)->74866K(75328K) NonClass: 59535K(59776K)->59535K(59776K) Class: 15330K(15552K)->15330K(15552K)
[71.263s][info][gc             ] GC(514) Pause Young (Allocation Failure) 406M->45M(1720M) 1.163ms
[71.263s][info][gc,cpu         ] GC(514) User=0.00s Sys=0.00s Real=0.00s
[71.351s][info][gc,start       ] GC(515) Pause Young (Allocation Failure)
[71.352s][info][gc,heap        ] GC(515) PSYoungGen: 363520K(363520K)->1920K(436736K) Eden: 361984K(361984K)->0K(434688K) From: 1536K(1536K)->1920K(2048K)
[71.352s][info][gc,heap        ] GC(515) ParOldGen: 45188K(1398272K)->45300K(1398272K)
[71.352s][info][gc,metaspace   ] GC(515) Metaspace: 74879K(75328K)->74879K(75328K) NonClass: 59548K(59776K)->59548K(59776K) Class: 15330K(15552K)->15330K(15552K)
[71.352s][info][gc             ] GC(515) Pause Young (Allocation Failure) 399M->46M(1792M) 1.266ms
[71.352s][info][gc,cpu         ] GC(515) User=0.00s Sys=0.00s Real=0.00s
[71.459s][info][gc,start       ] GC(516) Pause Young (Allocation Failure)
[71.461s][info][gc,heap        ] GC(516) PSYoungGen: 436608K(436736K)->1920K(427008K) Eden: 434688K(434688K)->0K(424960K) From: 1920K(2048K)->1920K(2048K)
[71.461s][info][gc,heap        ] GC(516) ParOldGen: 45300K(1398272K)->45476K(1398272K)
[71.461s][info][gc,metaspace   ] GC(516) Metaspace: 74882K(75328K)->74882K(75328K) NonClass: 59551K(59776K)->59551K(59776K) Class: 15330K(15552K)->15330K(15552K)
[71.461s][info][gc             ] GC(516) Pause Young (Allocation Failure) 470M->46M(1782M) 1.165ms
[71.461s][info][gc,cpu         ] GC(516) User=0.00s Sys=0.00s Real=0.00s
[71.566s][info][gc,start       ] GC(517) Pause Young (Allocation Failure)
[71.568s][info][gc,heap        ] GC(517) PSYoungGen: 426879K(427008K)->1920K(417792K) Eden: 424959K(424960K)->0K(415744K) From: 1920K(2048K)->1920K(2048K)
[71.568s][info][gc,heap        ] GC(517) ParOldGen: 45476K(1398272K)->45780K(1398272K)
[71.568s][info][gc,metaspace   ] GC(517) Metaspace: 74882K(75328K)->74882K(75328K) NonClass: 59551K(59776K)->59551K(59776K) Class: 15330K(15552K)->15330K(15552K)
[71.568s][info][gc             ] GC(517) Pause Young (Allocation Failure) 461M->46M(1773M) 1.375ms
[71.568s][info][gc,cpu         ] GC(517) User=0.00s Sys=0.00s Real=0.00s
[71.672s][info][gc,start       ] GC(518) Pause Young (Allocation Failure)
[71.673s][info][gc,heap        ] GC(518) PSYoungGen: 417664K(417792K)->1536K(408576K) Eden: 415744K(415744K)->0K(407040K) From: 1920K(2048K)->1536K(1536K)
[71.673s][info][gc,heap        ] GC(518) ParOldGen: 45780K(1398272K)->46060K(1398272K)
[71.673s][info][gc,metaspace   ] GC(518) Metaspace: 74882K(75328K)->74882K(75328K) NonClass: 59551K(59776K)->59551K(59776K) Class: 15330K(15552K)->15330K(15552K)
[71.673s][info][gc             ] GC(518) Pause Young (Allocation Failure) 452M->46M(1764M) 1.150ms
[71.673s][info][gc,cpu         ] GC(518) User=0.00s Sys=0.00s Real=0.00s
[71.776s][info][gc,start       ] GC(519) Pause Young (Allocation Failure)
[71.777s][info][gc,heap        ] GC(519) PSYoungGen: 408576K(408576K)->1728K(400384K) Eden: 407040K(407040K)->0K(398336K) From: 1536K(1536K)->1728K(2048K)
[71.777s][info][gc,heap        ] GC(519) ParOldGen: 46060K(1398272K)->46252K(1398272K)
[71.777s][info][gc,metaspace   ] GC(519) Metaspace: 74882K(75328K)->74882K(75328K) NonClass: 59551K(59776K)->59551K(59776K) Class: 15330K(15552K)->15330K(15552K)
[71.777s][info][gc             ] GC(519) Pause Young (Allocation Failure) 443M->46M(1756M) 1.348ms
[71.777s][info][gc,cpu         ] GC(519) User=0.00s Sys=0.00s Real=0.00s
[71.881s][info][gc,start       ] GC(520) Pause Young (Allocation Failure)
[71.882s][info][gc,heap        ] GC(520) PSYoungGen: 400064K(400384K)->1600K(392192K) Eden: 398336K(398336K)->0K(390144K) From: 1728K(2048K)->1600K(2048K)
[71.882s][info][gc,heap        ] GC(520) ParOldGen: 46252K(1398272K)->46492K(1398272K)
[71.882s][info][gc,metaspace   ] GC(520) Metaspace: 74882K(75328K)->74882K(75328K) NonClass: 59551K(59776K)->59551K(59776K) Class: 15330K(15552K)->15330K(15552K)
[71.882s][info][gc             ] GC(520) Pause Young (Allocation Failure) 435M->46M(1748M) 1.030ms
[71.882s][info][gc,cpu         ] GC(520) User=0.52s Sys=0.00s Real=0.00s
[71.990s][info][gc,start       ] GC(521) Pause Young (Allocation Failure)
[71.991s][info][gc,heap        ] GC(521) PSYoungGen: 391744K(392192K)->1408K(383488K) Eden: 390144K(390144K)->0K(381952K) From: 1600K(2048K)->1408K(1536K)
[71.991s][info][gc,heap        ] GC(521) ParOldGen: 46492K(1398272K)->46804K(1398272K)
[71.991s][info][gc,metaspace   ] GC(521) Metaspace: 74882K(75328K)->74882K(75328K) NonClass: 59551K(59776K)->59551K(59776K) Class: 15330K(15552K)->15330K(15552K)
[71.991s][info][gc             ] GC(521) Pause Young (Allocation Failure) 427M->47M(1740M) 1.240ms
[71.991s][info][gc,cpu         ] GC(521) User=0.52s Sys=0.00s Real=0.00s
[72.104s][info][gc,start       ] GC(522) Pause Young (Allocation Failure)
[72.105s][info][gc,heap        ] GC(522) PSYoungGen: 383360K(383488K)->1504K(375808K) Eden: 381952K(381952K)->0K(374272K) From: 1408K(1536K)->1504K(1536K)
[72.105s][info][gc,heap        ] GC(522) ParOldGen: 46804K(1398272K)->47124K(1398272K)
[72.105s][info][gc,metaspace   ] GC(522) Metaspace: 74888K(75328K)->74888K(75328K) NonClass: 59557K(59776K)->59557K(59776K) Class: 15330K(15552K)->15330K(15552K)
[72.105s][info][gc             ] GC(522) Pause Young (Allocation Failure) 420M->47M(1732M) 1.147ms
[72.105s][info][gc,cpu         ] GC(522) User=0.00s Sys=0.00s Real=0.00s
[72.235s][info][gc,start       ] GC(523) Pause Young (Allocation Failure)
[72.236s][info][gc,heap        ] GC(523) PSYoungGen: 375776K(375808K)->1088K(368128K) Eden: 374272K(374272K)->0K(366592K) From: 1504K(1536K)->1088K(1536K)
[72.236s][info][gc,heap        ] GC(523) ParOldGen: 47124K(1398272K)->47428K(1398272K)
[72.236s][info][gc,metaspace   ] GC(523) Metaspace: 74888K(75328K)->74888K(75328K) NonClass: 59557K(59776K)->59557K(59776K) Class: 15330K(15552K)->15330K(15552K)
[72.236s][info][gc             ] GC(523) Pause Young (Allocation Failure) 412M->47M(1725M) 1.060ms
[72.236s][info][gc,cpu         ] GC(523) User=0.00s Sys=0.00s Real=0.00s
[72.378s][info][gc,start       ] GC(524) Pause Young (Allocation Failure)
[72.379s][info][gc,heap        ] GC(524) PSYoungGen: 367680K(368128K)->1088K(360960K) Eden: 366592K(366592K)->0K(359424K) From: 1088K(1536K)->1088K(1536K)
[72.379s][info][gc,heap        ] GC(524) ParOldGen: 47428K(1398272K)->47668K(1398272K)
[72.379s][info][gc,metaspace   ] GC(524) Metaspace: 74888K(75328K)->74888K(75328K) NonClass: 59557K(59776K)->59557K(59776K) Class: 15330K(15552K)->15330K(15552K)
[72.379s][info][gc             ] GC(524) Pause Young (Allocation Failure) 405M->47M(1718M) 1.201ms
[72.379s][info][gc,cpu         ] GC(524) User=0.00s Sys=0.00s Real=0.00s
[72.523s][info][gc,start       ] GC(525) Pause Young (Allocation Failure)
[72.524s][info][gc,heap        ] GC(525) PSYoungGen: 360512K(360960K)->1088K(353792K) Eden: 359424K(359424K)->0K(352256K) From: 1088K(1536K)->1088K(1536K)
[72.524s][info][gc,heap        ] GC(525) ParOldGen: 47668K(1398272K)->47868K(1398272K)
[72.525s][info][gc,metaspace   ] GC(525) Metaspace: 74888K(75328K)->74888K(75328K) NonClass: 59557K(59776K)->59557K(59776K) Class: 15330K(15552K)->15330K(15552K)
[72.525s][info][gc             ] GC(525) Pause Young (Allocation Failure) 398M->47M(1711M) 1.128ms
[72.525s][info][gc,cpu         ] GC(525) User=0.00s Sys=0.00s Real=0.00s
[72.687s][info][gc,start       ] GC(526) Pause Young (Allocation Failure)
[72.688s][info][gc,heap        ] GC(526) PSYoungGen: 353344K(353792K)->1056K(347136K) Eden: 352256K(352256K)->0K(345600K) From: 1088K(1536K)->1056K(1536K)
[72.688s][info][gc,heap        ] GC(526) ParOldGen: 47868K(1398272K)->48148K(1398272K)
[72.688s][info][gc,metaspace   ] GC(526) Metaspace: 74888K(75328K)->74888K(75328K) NonClass: 59557K(59776K)->59557K(59776K) Class: 15330K(15552K)->15330K(15552K)
[72.688s][info][gc             ] GC(526) Pause Young (Allocation Failure) 391M->48M(1704M) 1.038ms
[72.688s][info][gc,cpu         ] GC(526) User=0.00s Sys=0.00s Real=0.00s
[72.886s][info][gc,start       ] GC(527) Pause Young (Allocation Failure)
[72.887s][info][gc,heap        ] GC(527) PSYoungGen: 346656K(347136K)->1056K(340480K) Eden: 345600K(345600K)->0K(338944K) From: 1056K(1536K)->1056K(1536K)
[72.887s][info][gc,heap        ] GC(527) ParOldGen: 48148K(1398272K)->48420K(1398272K)
[72.887s][info][gc,metaspace   ] GC(527) Metaspace: 74888K(75328K)->74888K(75328K) NonClass: 59557K(59776K)->59557K(59776K) Class: 15330K(15552K)->15330K(15552K)
[72.887s][info][gc             ] GC(527) Pause Young (Allocation Failure) 385M->48M(1698M) 1.020ms
[72.887s][info][gc,cpu         ] GC(527) User=0.00s Sys=0.00s Real=0.00s
[73.100s][info][gc,start       ] GC(528) Pause Young (Allocation Failure)
[73.101s][info][gc,heap        ] GC(528) PSYoungGen: 340000K(340480K)->1056K(334336K) Eden: 338944K(338944K)->0K(332800K) From: 1056K(1536K)->1056K(1536K)
[73.101s][info][gc,heap        ] GC(528) ParOldGen: 48420K(1398272K)->48668K(1398272K)
[73.101s][info][gc,metaspace   ] GC(528) Metaspace: 74888K(75328K)->74888K(75328K) NonClass: 59557K(59776K)->59557K(59776K) Class: 15330K(15552K)->15330K(15552K)
[73.101s][info][gc             ] GC(528) Pause Young (Allocation Failure) 379M->48M(1692M) 0.934ms
[73.101s][info][gc,cpu         ] GC(528) User=0.00s Sys=0.00s Real=0.00s
[73.311s][info][gc,start       ] GC(529) Pause Young (Allocation Failure)
[73.312s][info][gc,heap        ] GC(529) PSYoungGen: 333856K(334336K)->1056K(328192K) Eden: 332800K(332800K)->0K(326656K) From: 1056K(1536K)->1056K(1536K)
[73.312s][info][gc,heap        ] GC(529) ParOldGen: 48668K(1398272K)->48716K(1398272K)
[73.312s][info][gc,metaspace   ] GC(529) Metaspace: 74888K(75328K)->74888K(75328K) NonClass: 59557K(59776K)->59557K(59776K) Class: 15330K(15552K)->15330K(15552K)
[73.312s][info][gc             ] GC(529) Pause Young (Allocation Failure) 373M->48M(1686M) 0.854ms
[73.312s][info][gc,cpu         ] GC(529) User=0.00s Sys=0.00s Real=0.00s
[73.518s][info][gc,start       ] GC(530) Pause Young (Allocation Failure)
[73.519s][info][gc,heap        ] GC(530) PSYoungGen: 327712K(328192K)->1056K(322048K) Eden: 326656K(326656K)->0K(320512K) From: 1056K(1536K)->1056K(1536K)
[73.519s][info][gc,heap        ] GC(530) ParOldGen: 48716K(1398272K)->48780K(1398272K)
[73.519s][info][gc,metaspace   ] GC(530) Metaspace: 74888K(75328K)->74888K(75328K) NonClass: 59557K(59776K)->59557K(59776K) Class: 15330K(15552K)->15330K(15552K)
[73.519s][info][gc             ] GC(530) Pause Young (Allocation Failure) 367M->48M(1680M) 0.938ms
[73.519s][info][gc,cpu         ] GC(530) User=0.00s Sys=0.00s Real=0.00s
[73.721s][info][gc,start       ] GC(531) Pause Young (Allocation Failure)
[73.722s][info][gc,heap        ] GC(531) PSYoungGen: 321568K(322048K)->1056K(316416K) Eden: 320512K(320512K)->0K(314880K) From: 1056K(1536K)->1056K(1536K)
[73.722s][info][gc,heap        ] GC(531) ParOldGen: 48780K(1398272K)->48876K(1398272K)
[73.722s][info][gc,metaspace   ] GC(531) Metaspace: 74888K(75328K)->74888K(75328K) NonClass: 59557K(59776K)->59557K(59776K) Class: 15330K(15552K)->15330K(15552K)
[73.722s][info][gc             ] GC(531) Pause Young (Allocation Failure) 361M->48M(1674M) 0.896ms
[73.722s][info][gc,cpu         ] GC(531) User=0.00s Sys=0.00s Real=0.00s
[73.834s][info][gc,start       ] GC(532) Pause Young (System.gc())
[73.836s][info][gc,heap        ] GC(532) PSYoungGen: 154704K(316416K)->1376K(316416K) Eden: 153648K(314880K)->0K(314880K) From: 1056K(1536K)->1376K(1536K)
[73.836s][info][gc,heap        ] GC(532) ParOldGen: 48876K(1398272K)->48892K(1398272K)
[73.836s][info][gc,metaspace   ] GC(532) Metaspace: 74900K(75392K)->74900K(75392K) NonClass: 59569K(59840K)->59569K(59840K) Class: 15330K(15552K)->15330K(15552K)
[73.836s][info][gc             ] GC(532) Pause Young (System.gc()) 198M->49M(1674M) 1.609ms
[73.836s][info][gc,cpu         ] GC(532) User=0.00s Sys=0.00s Real=0.00s
[73.836s][info][gc,start       ] GC(533) Pause Full (System.gc())
[73.836s][info][gc,phases,start] GC(533) Marking Phase
[73.874s][info][gc,phases      ] GC(533) Marking Phase 37.721ms
[73.874s][info][gc,phases,start] GC(533) Summary Phase
[73.874s][info][gc,phases      ] GC(533) Summary Phase 0.017ms
[73.874s][info][gc,phases,start] GC(533) Adjust Roots
[73.894s][info][gc,phases      ] GC(533) Adjust Roots 19.686ms
[73.894s][info][gc,phases,start] GC(533) Compaction Phase
[73.903s][info][gc,phases      ] GC(533) Compaction Phase 9.578ms
[73.903s][info][gc,phases,start] GC(533) Post Compact
[73.904s][info][gc,phases      ] GC(533) Post Compact 0.851ms
[73.904s][info][gc,heap        ] GC(533) PSYoungGen: 1376K(316416K)->0K(316416K) Eden: 0K(314880K)->0K(314880K) From: 1376K(1536K)->0K(1536K)
[73.904s][info][gc,heap        ] GC(533) ParOldGen: 48892K(1398272K)->35671K(1398272K)
[73.904s][info][gc,metaspace   ] GC(533) Metaspace: 74900K(75392K)->74900K(75392K) NonClass: 59569K(59840K)->59569K(59840K) Class: 15330K(15552K)->15330K(15552K)
[73.904s][info][gc             ] GC(533) Pause Full (System.gc()) 49M->34M(1674M) 68.155ms
[73.904s][info][gc,cpu         ] GC(533) User=1.06s Sys=0.00s Real=0.06s
[74.013s][info][gc,start       ] GC(534) Pause Young (Allocation Failure)
[74.015s][info][gc,heap        ] GC(534) PSYoungGen: 314880K(316416K)->2560K(311808K) Eden: 314880K(314880K)->0K(309248K) From: 0K(1536K)->2560K(2560K)
[74.015s][info][gc,heap        ] GC(534) ParOldGen: 35671K(1398272K)->36807K(1398272K)
[74.015s][info][gc,metaspace   ] GC(534) Metaspace: 74991K(75456K)->74991K(75456K) NonClass: 59660K(59904K)->59660K(59904K) Class: 15330K(15552K)->15330K(15552K)
[74.015s][info][gc             ] GC(534) Pause Young (Allocation Failure) 342M->38M(1670M) 1.954ms
[74.015s][info][gc,cpu         ] GC(534) User=0.00s Sys=0.00s Real=0.00s
[74.088s][info][gc,start       ] GC(535) Pause Young (Allocation Failure)
[74.089s][info][gc,heap        ] GC(535) PSYoungGen: 311808K(311808K)->1536K(305152K) Eden: 309248K(309248K)->0K(303616K) From: 2560K(2560K)->1536K(1536K)
[74.089s][info][gc,heap        ] GC(535) ParOldGen: 36807K(1398272K)->38631K(1398272K)
[74.089s][info][gc,metaspace   ] GC(535) Metaspace: 74991K(75456K)->74991K(75456K) NonClass: 59660K(59904K)->59660K(59904K) Class: 15330K(15552K)->15330K(15552K)
[74.089s][info][gc             ] GC(535) Pause Young (Allocation Failure) 340M->39M(1663M) 1.593ms
[74.089s][info][gc,cpu         ] GC(535) User=0.00s Sys=0.00s Real=0.00s
[74.162s][info][gc,start       ] GC(536) Pause Young (Allocation Failure)
[74.163s][info][gc,heap        ] GC(536) PSYoungGen: 305152K(305152K)->1824K(300544K) Eden: 303616K(303616K)->0K(298496K) From: 1536K(1536K)->1824K(2048K)
[74.163s][info][gc,heap        ] GC(536) ParOldGen: 38631K(1398272K)->38855K(1398272K)
[74.163s][info][gc,metaspace   ] GC(536) Metaspace: 74991K(75456K)->74991K(75456K) NonClass: 59660K(59904K)->59660K(59904K) Class: 15330K(15552K)->15330K(15552K)
[74.163s][info][gc             ] GC(536) Pause Young (Allocation Failure) 335M->39M(1659M) 1.349ms
[74.163s][info][gc,cpu         ] GC(536) User=0.00s Sys=0.00s Real=0.00s
[74.234s][info][gc,start       ] GC(537) Pause Young (Allocation Failure)
[74.236s][info][gc,heap        ] GC(537) PSYoungGen: 300320K(300544K)->1888K(360448K) Eden: 298496K(298496K)->0K(358400K) From: 1824K(2048K)->1888K(2048K)
[74.236s][info][gc,heap        ] GC(537) ParOldGen: 38855K(1398272K)->38967K(1398272K)
[74.236s][info][gc,metaspace   ] GC(537) Metaspace: 74991K(75456K)->74991K(75456K) NonClass: 59660K(59904K)->59660K(59904K) Class: 15330K(15552K)->15330K(15552K)
[74.236s][info][gc             ] GC(537) Pause Young (Allocation Failure) 331M->39M(1717M) 1.402ms
[74.236s][info][gc,cpu         ] GC(537) User=0.00s Sys=0.00s Real=0.00s
[74.321s][info][gc,start       ] GC(538) Pause Young (Allocation Failure)
[74.323s][info][gc,heap        ] GC(538) PSYoungGen: 360288K(360448K)->1856K(432128K) Eden: 358400K(358400K)->0K(430080K) From: 1888K(2048K)->1856K(2048K)
[74.323s][info][gc,heap        ] GC(538) ParOldGen: 38967K(1398272K)->38999K(1398272K)
[74.323s][info][gc,metaspace   ] GC(538) Metaspace: 74991K(75456K)->74991K(75456K) NonClass: 59660K(59904K)->59660K(59904K) Class: 15330K(15552K)->15330K(15552K)
[74.323s][info][gc             ] GC(538) Pause Young (Allocation Failure) 389M->39M(1787M) 1.355ms
[74.323s][info][gc,cpu         ] GC(538) User=0.00s Sys=0.00s Real=0.00s
[74.426s][info][gc,start       ] GC(539) Pause Young (Allocation Failure)
[74.427s][info][gc,heap        ] GC(539) PSYoungGen: 431936K(432128K)->1856K(492032K) Eden: 430080K(430080K)->0K(488448K) From: 1856K(2048K)->1856K(3584K)
[74.427s][info][gc,heap        ] GC(539) ParOldGen: 38999K(1398272K)->39087K(1398272K)
[74.427s][info][gc,metaspace   ] GC(539) Metaspace: 74991K(75456K)->74991K(75456K) NonClass: 59660K(59904K)->59660K(59904K) Class: 15330K(15552K)->15330K(15552K)
[74.427s][info][gc             ] GC(539) Pause Young (Allocation Failure) 459M->39M(1846M) 1.258ms
[74.427s][info][gc,cpu         ] GC(539) User=0.00s Sys=0.00s Real=0.00s
[74.543s][info][gc,start       ] GC(540) Pause Young (Allocation Failure)
[74.545s][info][gc,heap        ] GC(540) PSYoungGen: 490304K(492032K)->1920K(479232K) Eden: 488448K(488448K)->0K(477184K) From: 1856K(3584K)->1920K(2048K)
[74.545s][info][gc,heap        ] GC(540) ParOldGen: 39087K(1398272K)->39351K(1398272K)
[74.545s][info][gc,metaspace   ] GC(540) Metaspace: 74991K(75456K)->74991K(75456K) NonClass: 59660K(59904K)->59660K(59904K) Class: 15330K(15552K)->15330K(15552K)
[74.545s][info][gc             ] GC(540) Pause Young (Allocation Failure) 516M->40M(1833M) 1.560ms
[74.545s][info][gc,cpu         ] GC(540) User=0.00s Sys=0.00s Real=0.00s
[74.663s][info][gc,start       ] GC(541) Pause Young (Allocation Failure)
[74.665s][info][gc,heap        ] GC(541) PSYoungGen: 479104K(479232K)->1536K(467456K) Eden: 477184K(477184K)->0K(465920K) From: 1920K(2048K)->1536K(1536K)
[74.665s][info][gc,heap        ] GC(541) ParOldGen: 39351K(1398272K)->39527K(1398272K)
[74.665s][info][gc,metaspace   ] GC(541) Metaspace: 74991K(75456K)->74991K(75456K) NonClass: 59660K(59904K)->59660K(59904K) Class: 15330K(15552K)->15330K(15552K)
[74.665s][info][gc             ] GC(541) Pause Young (Allocation Failure) 506M->40M(1822M) 1.157ms
[74.665s][info][gc,cpu         ] GC(541) User=0.00s Sys=0.00s Real=0.00s
[74.776s][info][gc,start       ] GC(542) Pause Young (Allocation Failure)
[74.777s][info][gc,heap        ] GC(542) PSYoungGen: 467456K(467456K)->1888K(457216K) Eden: 465920K(465920K)->0K(455168K) From: 1536K(1536K)->1888K(2048K)
[74.777s][info][gc,heap        ] GC(542) ParOldGen: 39527K(1398272K)->39623K(1398272K)
[74.777s][info][gc,metaspace   ] GC(542) Metaspace: 74991K(75456K)->74991K(75456K) NonClass: 59660K(59904K)->59660K(59904K) Class: 15330K(15552K)->15330K(15552K)
[74.777s][info][gc             ] GC(542) Pause Young (Allocation Failure) 495M->40M(1812M) 1.270ms
[74.777s][info][gc,cpu         ] GC(542) User=0.00s Sys=0.00s Real=0.00s
[74.886s][info][gc,start       ] GC(543) Pause Young (Allocation Failure)
[74.887s][info][gc,heap        ] GC(543) PSYoungGen: 457055K(457216K)->1888K(446976K) Eden: 455167K(455168K)->0K(444928K) From: 1888K(2048K)->1888K(2048K)
[74.887s][info][gc,heap        ] GC(543) ParOldGen: 39623K(1398272K)->39703K(1398272K)
[74.887s][info][gc,metaspace   ] GC(543) Metaspace: 74991K(75456K)->74991K(75456K) NonClass: 59660K(59904K)->59660K(59904K) Class: 15330K(15552K)->15330K(15552K)
[74.887s][info][gc             ] GC(543) Pause Young (Allocation Failure) 485M->40M(1802M) 1.222ms
[74.887s][info][gc,cpu         ] GC(543) User=0.00s Sys=0.00s Real=0.00s
[74.993s][info][gc,start       ] GC(544) Pause Young (Allocation Failure)
[74.994s][info][gc,heap        ] GC(544) PSYoungGen: 446816K(446976K)->1792K(437248K) Eden: 444928K(444928K)->0K(435200K) From: 1888K(2048K)->1792K(2048K)
[74.994s][info][gc,heap        ] GC(544) ParOldGen: 39703K(1398272K)->39855K(1398272K)
[74.994s][info][gc,metaspace   ] GC(544) Metaspace: 74991K(75456K)->74991K(75456K) NonClass: 59660K(59904K)->59660K(59904K) Class: 15330K(15552K)->15330K(15552K)
[74.994s][info][gc             ] GC(544) Pause Young (Allocation Failure) 475M->40M(1792M) 1.368ms
[74.994s][info][gc,cpu         ] GC(544) User=0.00s Sys=0.00s Real=0.00s
[75.098s][info][gc,start       ] GC(545) Pause Young (Allocation Failure)
[75.099s][info][gc,heap        ] GC(545) PSYoungGen: 436992K(437248K)->1856K(427520K) Eden: 435200K(435200K)->0K(425472K) From: 1792K(2048K)->1856K(2048K)
[75.099s][info][gc,heap        ] GC(545) ParOldGen: 39855K(1398272K)->39967K(1398272K)
[75.099s][info][gc,metaspace   ] GC(545) Metaspace: 74991K(75456K)->74991K(75456K) NonClass: 59660K(59904K)->59660K(59904K) Class: 15330K(15552K)->15330K(15552K)
[75.099s][info][gc             ] GC(545) Pause Young (Allocation Failure) 465M->40M(1783M) 1.270ms
[75.099s][info][gc,cpu         ] GC(545) User=0.00s Sys=0.00s Real=0.00s
[75.202s][info][gc,start       ] GC(546) Pause Young (Allocation Failure)
[75.203s][info][gc,heap        ] GC(546) PSYoungGen: 427328K(427520K)->1824K(418304K) Eden: 425472K(425472K)->0K(416256K) From: 1856K(2048K)->1824K(2048K)
[75.203s][info][gc,heap        ] GC(546) ParOldGen: 39967K(1398272K)->40071K(1398272K)
[75.203s][info][gc,metaspace   ] GC(546) Metaspace: 74991K(75456K)->74991K(75456K) NonClass: 59660K(59904K)->59660K(59904K) Class: 15330K(15552K)->15330K(15552K)
[75.203s][info][gc             ] GC(546) Pause Young (Allocation Failure) 456M->40M(1774M) 1.318ms
[75.203s][info][gc,cpu         ] GC(546) User=0.00s Sys=0.00s Real=0.00s
[75.303s][info][gc,start       ] GC(547) Pause Young (Allocation Failure)
[75.304s][info][gc,heap        ] GC(547) PSYoungGen: 418080K(418304K)->1536K(409088K) Eden: 416256K(416256K)->0K(407552K) From: 1824K(2048K)->1536K(1536K)
[75.304s][info][gc,heap        ] GC(547) ParOldGen: 40071K(1398272K)->40279K(1398272K)
[75.304s][info][gc,metaspace   ] GC(547) Metaspace: 74991K(75456K)->74991K(75456K) NonClass: 59660K(59904K)->59660K(59904K) Class: 15330K(15552K)->15330K(15552K)
[75.304s][info][gc             ] GC(547) Pause Young (Allocation Failure) 447M->40M(1765M) 1.151ms
[75.304s][info][gc,cpu         ] GC(547) User=0.00s Sys=0.00s Real=0.00s
[75.401s][info][gc,start       ] GC(548) Pause Young (Allocation Failure)
[75.403s][info][gc,heap        ] GC(548) PSYoungGen: 409088K(409088K)->1888K(400896K) Eden: 407552K(407552K)->0K(398848K) From: 1536K(1536K)->1888K(2048K)
[75.403s][info][gc,heap        ] GC(548) ParOldGen: 40279K(1398272K)->40495K(1398272K)
[75.403s][info][gc,metaspace   ] GC(548) Metaspace: 74991K(75456K)->74991K(75456K) NonClass: 59660K(59904K)->59660K(59904K) Class: 15330K(15552K)->15330K(15552K)
[75.403s][info][gc             ] GC(548) Pause Young (Allocation Failure) 438M->41M(1757M) 1.301ms
[75.403s][info][gc,cpu         ] GC(548) User=0.00s Sys=0.00s Real=0.00s
[75.500s][info][gc,start       ] GC(549) Pause Young (Allocation Failure)
[75.501s][info][gc,heap        ] GC(549) PSYoungGen: 400736K(400896K)->1920K(392704K) Eden: 398848K(398848K)->0K(390656K) From: 1888K(2048K)->1920K(2048K)
[75.501s][info][gc,heap        ] GC(549) ParOldGen: 40495K(1398272K)->40759K(1398272K)
[75.501s][info][gc,metaspace   ] GC(549) Metaspace: 74991K(75456K)->74991K(75456K) NonClass: 59660K(59904K)->59660K(59904K) Class: 15330K(15552K)->15330K(15552K)
[75.501s][info][gc             ] GC(549) Pause Young (Allocation Failure) 430M->41M(1749M) 1.182ms
[75.501s][info][gc,cpu         ] GC(549) User=0.00s Sys=0.00s Real=0.00s
[75.596s][info][gc,start       ] GC(550) Pause Young (Allocation Failure)
[75.598s][info][gc,heap        ] GC(550) PSYoungGen: 392576K(392704K)->1824K(384512K) Eden: 390656K(390656K)->0K(382464K) From: 1920K(2048K)->1824K(2048K)
[75.598s][info][gc,heap        ] GC(550) ParOldGen: 40759K(1398272K)->40863K(1398272K)
[75.598s][info][gc,metaspace   ] GC(550) Metaspace: 74991K(75456K)->74991K(75456K) NonClass: 59660K(59904K)->59660K(59904K) Class: 15330K(15552K)->15330K(15552K)
[75.598s][info][gc             ] GC(550) Pause Young (Allocation Failure) 423M->41M(1741M) 1.375ms
[75.598s][info][gc,cpu         ] GC(550) User=0.00s Sys=0.00s Real=0.00s
[75.692s][info][gc,start       ] GC(551) Pause Young (Allocation Failure)
[75.693s][info][gc,heap        ] GC(551) PSYoungGen: 384288K(384512K)->1536K(376320K) Eden: 382464K(382464K)->0K(374784K) From: 1824K(2048K)->1536K(1536K)
[75.693s][info][gc,heap        ] GC(551) ParOldGen: 40863K(1398272K)->41047K(1398272K)
[75.693s][info][gc,metaspace   ] GC(551) Metaspace: 74991K(75456K)->74991K(75456K) NonClass: 59660K(59904K)->59660K(59904K) Class: 15330K(15552K)->15330K(15552K)
[75.693s][info][gc             ] GC(551) Pause Young (Allocation Failure) 415M->41M(1733M) 1.141ms
[75.693s][info][gc,cpu         ] GC(551) User=0.00s Sys=0.00s Real=0.00s
[75.789s][info][gc,start       ] GC(552) Pause Young (Allocation Failure)
[75.790s][info][gc,heap        ] GC(552) PSYoungGen: 376320K(376320K)->1856K(369152K) Eden: 374784K(374784K)->0K(367104K) From: 1536K(1536K)->1856K(2048K)
[75.790s][info][gc,heap        ] GC(552) ParOldGen: 41047K(1398272K)->41159K(1398272K)
[75.790s][info][gc,metaspace   ] GC(552) Metaspace: 74991K(75456K)->74991K(75456K) NonClass: 59660K(59904K)->59660K(59904K) Class: 15330K(15552K)->15330K(15552K)
[75.790s][info][gc             ] GC(552) Pause Young (Allocation Failure) 407M->42M(1726M) 1.227ms
[75.790s][info][gc,cpu         ] GC(552) User=0.00s Sys=0.00s Real=0.00s
[75.878s][info][gc,start       ] GC(553) Pause Young (Allocation Failure)
[75.879s][info][gc,heap        ] GC(553) PSYoungGen: 368960K(369152K)->1888K(361984K) Eden: 367104K(367104K)->0K(359936K) From: 1856K(2048K)->1888K(2048K)
[75.879s][info][gc,heap        ] GC(553) ParOldGen: 41159K(1398272K)->41287K(1398272K)
[75.879s][info][gc,metaspace   ] GC(553) Metaspace: 74991K(75456K)->74991K(75456K) NonClass: 59660K(59904K)->59660K(59904K) Class: 15330K(15552K)->15330K(15552K)
[75.879s][info][gc             ] GC(553) Pause Young (Allocation Failure) 400M->42M(1719M) 1.077ms
[75.879s][info][gc,cpu         ] GC(553) User=0.00s Sys=0.00s Real=0.00s
[75.965s][info][gc,start       ] GC(554) Pause Young (Allocation Failure)
[75.966s][info][gc,heap        ] GC(554) PSYoungGen: 361824K(361984K)->1856K(354816K) Eden: 359936K(359936K)->0K(352768K) From: 1888K(2048K)->1856K(2048K)
[75.966s][info][gc,heap        ] GC(554) ParOldGen: 41287K(1398272K)->41415K(1398272K)
[75.966s][info][gc,metaspace   ] GC(554) Metaspace: 74991K(75456K)->74991K(75456K) NonClass: 59660K(59904K)->59660K(59904K) Class: 15330K(15552K)->15330K(15552K)
[75.966s][info][gc             ] GC(554) Pause Young (Allocation Failure) 393M->42M(1712M) 1.304ms
[75.966s][info][gc,cpu         ] GC(554) User=0.00s Sys=0.00s Real=0.00s
[76.050s][info][gc,start       ] GC(555) Pause Young (Allocation Failure)
[76.052s][info][gc,heap        ] GC(555) PSYoungGen: 354624K(354816K)->1536K(347648K) Eden: 352768K(352768K)->0K(346112K) From: 1856K(2048K)->1536K(1536K)
[76.052s][info][gc,heap        ] GC(555) ParOldGen: 41415K(1398272K)->41599K(1398272K)
[76.052s][info][gc,metaspace   ] GC(555) Metaspace: 74991K(75456K)->74991K(75456K) NonClass: 59660K(59904K)->59660K(59904K) Class: 15330K(15552K)->15330K(15552K)
[76.052s][info][gc             ] GC(555) Pause Young (Allocation Failure) 386M->42M(1705M) 1.137ms
[76.052s][info][gc,cpu         ] GC(555) User=0.00s Sys=0.00s Real=0.00s
[76.135s][info][gc,start       ] GC(556) Pause Young (Allocation Failure)
[76.224s][info][gc,heap        ] GC(556) PSYoungGen: 347648K(347648K)->1888K(341504K) Eden: 346112K(346112K)->0K(339456K) From: 1536K(1536K)->1888K(2048K)
[76.224s][info][gc,heap        ] GC(556) ParOldGen: 41599K(1398272K)->41703K(1398272K)
[76.224s][info][gc,metaspace   ] GC(556) Metaspace: 74991K(75456K)->74991K(75456K) NonClass: 59660K(59904K)->59660K(59904K) Class: 15330K(15552K)->15330K(15552K)
[76.224s][info][gc             ] GC(556) Pause Young (Allocation Failure) 380M->42M(1699M) 88.871ms
[76.224s][info][gc,cpu         ] GC(556) User=0.00s Sys=0.00s Real=0.08s
[76.316s][info][gc,start       ] GC(557) Pause Young (Allocation Failure)
[76.317s][info][gc,heap        ] GC(557) PSYoungGen: 341344K(341504K)->1888K(334848K) Eden: 339456K(339456K)->0K(332800K) From: 1888K(2048K)->1888K(2048K)
[76.317s][info][gc,heap        ] GC(557) ParOldGen: 41703K(1398272K)->41831K(1398272K)
[76.317s][info][gc,metaspace   ] GC(557) Metaspace: 74991K(75456K)->74991K(75456K) NonClass: 59660K(59904K)->59660K(59904K) Class: 15330K(15552K)->15330K(15552K)
[76.317s][info][gc             ] GC(557) Pause Young (Allocation Failure) 374M->42M(1692M) 1.137ms
[76.317s][info][gc,cpu         ] GC(557) User=0.00s Sys=0.00s Real=0.00s
[76.401s][info][gc,start       ] GC(558) Pause Young (Allocation Failure)
[76.402s][info][gc,heap        ] GC(558) PSYoungGen: 334688K(334848K)->1856K(401408K) Eden: 332800K(332800K)->0K(399360K) From: 1888K(2048K)->1856K(2048K)
[76.402s][info][gc,heap        ] GC(558) ParOldGen: 41831K(1398272K)->41951K(1398272K)
[76.402s][info][gc,metaspace   ] GC(558) Metaspace: 74991K(75456K)->74991K(75456K) NonClass: 59660K(59904K)->59660K(59904K) Class: 15330K(15552K)->15330K(15552K)
[76.402s][info][gc             ] GC(558) Pause Young (Allocation Failure) 367M->42M(1757M) 1.609ms
[76.402s][info][gc,cpu         ] GC(558) User=0.00s Sys=0.00s Real=0.00s
[76.499s][info][gc,start       ] GC(559) Pause Young (Allocation Failure)
[76.500s][info][gc,heap        ] GC(559) PSYoungGen: 401216K(401408K)->1536K(476160K) Eden: 399360K(399360K)->0K(474624K) From: 1856K(2048K)->1536K(1536K)
[76.500s][info][gc,heap        ] GC(559) ParOldGen: 41951K(1398272K)->42247K(1398272K)
[76.500s][info][gc,metaspace   ] GC(559) Metaspace: 74991K(75456K)->74991K(75456K) NonClass: 59660K(59904K)->59660K(59904K) Class: 15330K(15552K)->15330K(15552K)
[76.500s][info][gc             ] GC(559) Pause Young (Allocation Failure) 432M->42M(1830M) 1.175ms
[76.500s][info][gc,cpu         ] GC(559) User=0.00s Sys=0.00s Real=0.00s
[76.614s][info][gc,start       ] GC(560) Pause Young (Allocation Failure)
[76.615s][info][gc,heap        ] GC(560) PSYoungGen: 476160K(476160K)->1856K(465408K) Eden: 474624K(474624K)->0K(463360K) From: 1536K(1536K)->1856K(2048K)
[76.615s][info][gc,heap        ] GC(560) ParOldGen: 42247K(1398272K)->42391K(1398272K)
[76.615s][info][gc,metaspace   ] GC(560) Metaspace: 74991K(75456K)->74991K(75456K) NonClass: 59660K(59904K)->59660K(59904K) Class: 15330K(15552K)->15330K(15552K)
[76.615s][info][gc             ] GC(560) Pause Young (Allocation Failure) 506M->43M(1820M) 1.298ms
[76.615s][info][gc,cpu         ] GC(560) User=0.00s Sys=0.00s Real=0.00s
[76.727s][info][gc,start       ] GC(561) Pause Young (Allocation Failure)
[76.728s][info][gc,heap        ] GC(561) PSYoungGen: 465216K(465408K)->1024K(453632K) Eden: 463360K(463360K)->0K(452608K) From: 1856K(2048K)->1024K(1024K)
[76.728s][info][gc,heap        ] GC(561) ParOldGen: 42391K(1398272K)->42887K(1398272K)
[76.728s][info][gc,metaspace   ] GC(561) Metaspace: 74991K(75456K)->74991K(75456K) NonClass: 59660K(59904K)->59660K(59904K) Class: 15330K(15552K)->15330K(15552K)
[76.728s][info][gc             ] GC(561) Pause Young (Allocation Failure) 495M->42M(1808M) 1.246ms
[76.728s][info][gc,cpu         ] GC(561) User=0.00s Sys=0.00s Real=0.00s
[76.837s][info][gc,start       ] GC(562) Pause Young (Allocation Failure)
[76.839s][info][gc,heap        ] GC(562) PSYoungGen: 453632K(453632K)->1952K(444416K) Eden: 452608K(452608K)->0K(442368K) From: 1024K(1024K)->1952K(2048K)
[76.839s][info][gc,heap        ] GC(562) ParOldGen: 42887K(1398272K)->43023K(1398272K)
[76.839s][info][gc,metaspace   ] GC(562) Metaspace: 74991K(75456K)->74991K(75456K) NonClass: 59660K(59904K)->59660K(59904K) Class: 15330K(15552K)->15330K(15552K)
[76.839s][info][gc             ] GC(562) Pause Young (Allocation Failure) 484M->43M(1799M) 1.249ms
[76.839s][info][gc,cpu         ] GC(562) User=0.00s Sys=0.00s Real=0.00s
[76.947s][info][gc,start       ] GC(563) Pause Young (Allocation Failure)
[76.948s][info][gc,heap        ] GC(563) PSYoungGen: 444320K(444416K)->1792K(434688K) Eden: 442368K(442368K)->0K(432640K) From: 1952K(2048K)->1792K(2048K)
[76.948s][info][gc,heap        ] GC(563) ParOldGen: 43023K(1398272K)->43167K(1398272K)
[76.948s][info][gc,metaspace   ] GC(563) Metaspace: 74991K(75456K)->74991K(75456K) NonClass: 59660K(59904K)->59660K(59904K) Class: 15330K(15552K)->15330K(15552K)
[76.948s][info][gc             ] GC(563) Pause Young (Allocation Failure) 475M->43M(1790M) 1.222ms
[76.948s][info][gc,cpu         ] GC(563) User=0.00s Sys=0.00s Real=0.00s
[77.055s][info][gc,start       ] GC(564) Pause Young (Allocation Failure)
[77.057s][info][gc,heap        ] GC(564) PSYoungGen: 434432K(434688K)->1856K(424960K) Eden: 432640K(432640K)->0K(422912K) From: 1792K(2048K)->1856K(2048K)
[77.057s][info][gc,heap        ] GC(564) ParOldGen: 43167K(1398272K)->43271K(1398272K)
[77.057s][info][gc,metaspace   ] GC(564) Metaspace: 74991K(75456K)->74991K(75456K) NonClass: 59660K(59904K)->59660K(59904K) Class: 15330K(15552K)->15330K(15552K)
[77.057s][info][gc             ] GC(564) Pause Young (Allocation Failure) 466M->44M(1780M) 1.424ms
[77.057s][info][gc,cpu         ] GC(564) User=0.00s Sys=0.00s Real=0.00s
[77.158s][info][gc,start       ] GC(565) Pause Young (Allocation Failure)
[77.160s][info][gc,heap        ] GC(565) PSYoungGen: 424768K(424960K)->1536K(415232K) Eden: 422912K(422912K)->0K(413696K) From: 1856K(2048K)->1536K(1536K)
[77.160s][info][gc,heap        ] GC(565) ParOldGen: 43271K(1398272K)->43479K(1398272K)
[77.160s][info][gc,metaspace   ] GC(565) Metaspace: 74992K(75456K)->74992K(75456K) NonClass: 59661K(59904K)->59661K(59904K) Class: 15330K(15552K)->15330K(15552K)
[77.160s][info][gc             ] GC(565) Pause Young (Allocation Failure) 457M->43M(1771M) 1.192ms
[77.160s][info][gc,cpu         ] GC(565) User=0.00s Sys=0.00s Real=0.00s
[77.259s][info][gc,start       ] GC(566) Pause Young (Allocation Failure)
[77.260s][info][gc,heap        ] GC(566) PSYoungGen: 415232K(415232K)->1824K(407040K) Eden: 413696K(413696K)->0K(404992K) From: 1536K(1536K)->1824K(2048K)
[77.260s][info][gc,heap        ] GC(566) ParOldGen: 43479K(1398272K)->43647K(1398272K)
[77.260s][info][gc,metaspace   ] GC(566) Metaspace: 74992K(75456K)->74992K(75456K) NonClass: 59661K(59904K)->59661K(59904K) Class: 15330K(15552K)->15330K(15552K)
[77.260s][info][gc             ] GC(566) Pause Young (Allocation Failure) 447M->44M(1763M) 1.310ms
[77.260s][info][gc,cpu         ] GC(566) User=0.00s Sys=0.00s Real=0.00s
[77.357s][info][gc,start       ] GC(567) Pause Young (Allocation Failure)
[77.358s][info][gc,heap        ] GC(567) PSYoungGen: 406816K(407040K)->1824K(398336K) Eden: 404992K(404992K)->0K(396288K) From: 1824K(2048K)->1824K(2048K)
[77.358s][info][gc,heap        ] GC(567) ParOldGen: 43647K(1398272K)->43855K(1398272K)
[77.358s][info][gc,metaspace   ] GC(567) Metaspace: 74992K(75456K)->74992K(75456K) NonClass: 59661K(59904K)->59661K(59904K) Class: 15330K(15552K)->15330K(15552K)
[77.358s][info][gc             ] GC(567) Pause Young (Allocation Failure) 439M->44M(1754M) 1.161ms
[77.358s][info][gc,cpu         ] GC(567) User=0.00s Sys=0.00s Real=0.00s
[77.453s][info][gc,start       ] GC(568) Pause Young (Allocation Failure)
[77.454s][info][gc,heap        ] GC(568) PSYoungGen: 398112K(398336K)->1920K(390144K) Eden: 396288K(396288K)->0K(388096K) From: 1824K(2048K)->1920K(2048K)
[77.454s][info][gc,heap        ] GC(568) ParOldGen: 43855K(1398272K)->43959K(1398272K)
[77.454s][info][gc,metaspace   ] GC(568) Metaspace: 74992K(75456K)->74992K(75456K) NonClass: 59661K(59904K)->59661K(59904K) Class: 15330K(15552K)->15330K(15552K)
[77.454s][info][gc             ] GC(568) Pause Young (Allocation Failure) 431M->44M(1746M) 1.404ms
[77.454s][info][gc,cpu         ] GC(568) User=0.00s Sys=0.00s Real=0.00s
[77.547s][info][gc,start       ] GC(569) Pause Young (Allocation Failure)
[77.548s][info][gc,heap        ] GC(569) PSYoungGen: 390016K(390144K)->512K(380416K) Eden: 388096K(388096K)->0K(379904K) From: 1920K(2048K)->512K(512K)
[77.548s][info][gc,heap        ] GC(569) ParOldGen: 43959K(1398272K)->45007K(1398272K)
[77.548s][info][gc,metaspace   ] GC(569) Metaspace: 74992K(75456K)->74992K(75456K) NonClass: 59661K(59904K)->59661K(59904K) Class: 15330K(15552K)->15330K(15552K)
[77.548s][info][gc             ] GC(569) Pause Young (Allocation Failure) 423M->44M(1737M) 1.192ms
[77.548s][info][gc,cpu         ] GC(569) User=0.00s Sys=0.00s Real=0.00s
[77.638s][info][gc,start       ] GC(570) Pause Young (Allocation Failure)
[77.639s][info][gc,heap        ] GC(570) PSYoungGen: 380416K(380416K)->1856K(374784K) Eden: 379904K(379904K)->0K(372224K) From: 512K(512K)->1856K(2560K)
[77.639s][info][gc,heap        ] GC(570) ParOldGen: 45007K(1398272K)->45231K(1398272K)
[77.639s][info][gc,metaspace   ] GC(570) Metaspace: 74992K(75456K)->74992K(75456K) NonClass: 59661K(59904K)->59661K(59904K) Class: 15330K(15552K)->15330K(15552K)
[77.640s][info][gc             ] GC(570) Pause Young (Allocation Failure) 415M->45M(1731M) 1.107ms
[77.640s][info][gc,cpu         ] GC(570) User=0.00s Sys=0.00s Real=0.00s
[77.728s][info][gc,start       ] GC(571) Pause Young (Allocation Failure)
[77.730s][info][gc,heap        ] GC(571) PSYoungGen: 374080K(374784K)->1824K(366592K) Eden: 372224K(372224K)->0K(364544K) From: 1856K(2560K)->1824K(2048K)
[77.730s][info][gc,heap        ] GC(571) ParOldGen: 45231K(1398272K)->45415K(1398272K)
[77.730s][info][gc,metaspace   ] GC(571) Metaspace: 74992K(75456K)->74992K(75456K) NonClass: 59661K(59904K)->59661K(59904K) Class: 15330K(15552K)->15330K(15552K)
[77.730s][info][gc             ] GC(571) Pause Young (Allocation Failure) 409M->46M(1723M) 1.194ms
[77.730s][info][gc,cpu         ] GC(571) User=0.00s Sys=0.00s Real=0.00s
[77.817s][info][gc,start       ] GC(572) Pause Young (Allocation Failure)
[77.818s][info][gc,heap        ] GC(572) PSYoungGen: 366368K(366592K)->1888K(359424K) Eden: 364544K(364544K)->0K(357376K) From: 1824K(2048K)->1888K(2048K)
[77.818s][info][gc,heap        ] GC(572) ParOldGen: 45415K(1398272K)->45535K(1398272K)
[77.818s][info][gc,metaspace   ] GC(572) Metaspace: 74992K(75456K)->74992K(75456K) NonClass: 59661K(59904K)->59661K(59904K) Class: 15330K(15552K)->15330K(15552K)
[77.818s][info][gc             ] GC(572) Pause Young (Allocation Failure) 402M->46M(1716M) 1.361ms
[77.818s][info][gc,cpu         ] GC(572) User=0.00s Sys=0.00s Real=0.00s
[77.903s][info][gc,start       ] GC(573) Pause Young (Allocation Failure)
[77.904s][info][gc,heap        ] GC(573) PSYoungGen: 359264K(359424K)->1536K(351744K) Eden: 357376K(357376K)->0K(350208K) From: 1888K(2048K)->1536K(1536K)
[77.904s][info][gc,heap        ] GC(573) ParOldGen: 45535K(1398272K)->45679K(1398272K)
[77.904s][info][gc,metaspace   ] GC(573) Metaspace: 74992K(75456K)->74992K(75456K) NonClass: 59661K(59904K)->59661K(59904K) Class: 15330K(15552K)->15330K(15552K)
[77.904s][info][gc             ] GC(573) Pause Young (Allocation Failure) 395M->46M(1709M) 1.089ms
[77.904s][info][gc,cpu         ] GC(573) User=0.00s Sys=0.00s Real=0.00s
[77.988s][info][gc,start       ] GC(574) Pause Young (Allocation Failure)
[77.989s][info][gc,heap        ] GC(574) PSYoungGen: 351744K(351744K)->1824K(422400K) Eden: 350208K(350208K)->0K(420352K) From: 1536K(1536K)->1824K(2048K)
[77.989s][info][gc,heap        ] GC(574) ParOldGen: 45679K(1398272K)->45799K(1398272K)
[77.989s][info][gc,metaspace   ] GC(574) Metaspace: 74992K(75456K)->74992K(75456K) NonClass: 59661K(59904K)->59661K(59904K) Class: 15330K(15552K)->15330K(15552K)
[77.989s][info][gc             ] GC(574) Pause Young (Allocation Failure) 388M->46M(1778M) 1.312ms
[77.989s][info][gc,cpu         ] GC(574) User=0.00s Sys=0.00s Real=0.00s
[78.090s][info][gc,start       ] GC(575) Pause Young (Allocation Failure)
[78.091s][info][gc,heap        ] GC(575) PSYoungGen: 422176K(422400K)->1792K(413184K) Eden: 420352K(420352K)->0K(411136K) From: 1824K(2048K)->1792K(2048K)
[78.091s][info][gc,heap        ] GC(575) ParOldGen: 45799K(1398272K)->45919K(1398272K)
[78.091s][info][gc,metaspace   ] GC(575) Metaspace: 74992K(75456K)->74992K(75456K) NonClass: 59661K(59904K)->59661K(59904K) Class: 15330K(15552K)->15330K(15552K)
[78.091s][info][gc             ] GC(575) Pause Young (Allocation Failure) 457M->46M(1769M) 1.109ms
[78.091s][info][gc,cpu         ] GC(575) User=0.00s Sys=0.00s Real=0.00s
[78.189s][info][gc,start       ] GC(576) Pause Young (Allocation Failure)
[78.190s][info][gc,heap        ] GC(576) PSYoungGen: 412928K(413184K)->1856K(404480K) Eden: 411136K(411136K)->0K(402432K) From: 1792K(2048K)->1856K(2048K)
[78.190s][info][gc,heap        ] GC(576) ParOldGen: 45919K(1398272K)->46039K(1398272K)
[78.190s][info][gc,metaspace   ] GC(576) Metaspace: 74992K(75456K)->74992K(75456K) NonClass: 59661K(59904K)->59661K(59904K) Class: 15330K(15552K)->15330K(15552K)
[78.190s][info][gc             ] GC(576) Pause Young (Allocation Failure) 448M->46M(1760M) 1.419ms
[78.190s][info][gc,cpu         ] GC(576) User=0.00s Sys=0.00s Real=0.00s
[78.287s][info][gc,start       ] GC(577) Pause Young (Allocation Failure)
[78.288s][info][gc,heap        ] GC(577) PSYoungGen: 404288K(404480K)->512K(394240K) Eden: 402432K(402432K)->0K(393728K) From: 1856K(2048K)->512K(512K)
[78.288s][info][gc,heap        ] GC(577) ParOldGen: 46039K(1398272K)->46983K(1398272K)
[78.288s][info][gc,metaspace   ] GC(577) Metaspace: 74992K(75456K)->74992K(75456K) NonClass: 59661K(59904K)->59661K(59904K) Class: 15330K(15552K)->15330K(15552K)
[78.288s][info][gc             ] GC(577) Pause Young (Allocation Failure) 439M->46M(1750M) 1.184ms
[78.288s][info][gc,cpu         ] GC(577) User=0.52s Sys=0.00s Real=0.00s
[78.382s][info][gc,start       ] GC(578) Pause Young (Allocation Failure)
[78.383s][info][gc,heap        ] GC(578) PSYoungGen: 394240K(394240K)->1888K(388096K) Eden: 393728K(393728K)->0K(385536K) From: 512K(512K)->1888K(2560K)
[78.383s][info][gc,heap        ] GC(578) ParOldGen: 46983K(1398272K)->47199K(1398272K)
[78.383s][info][gc,metaspace   ] GC(578) Metaspace: 74992K(75456K)->74992K(75456K) NonClass: 59661K(59904K)->59661K(59904K) Class: 15330K(15552K)->15330K(15552K)
[78.383s][info][gc             ] GC(578) Pause Young (Allocation Failure) 430M->47M(1744M) 1.143ms
[78.383s][info][gc,cpu         ] GC(578) User=0.00s Sys=0.00s Real=0.00s
[78.476s][info][gc,start       ] GC(579) Pause Young (Allocation Failure)
[78.477s][info][gc,heap        ] GC(579) PSYoungGen: 387424K(388096K)->1856K(379904K) Eden: 385536K(385536K)->0K(377856K) From: 1888K(2560K)->1856K(2048K)
[78.477s][info][gc,heap        ] GC(579) ParOldGen: 47199K(1398272K)->47391K(1398272K)
[78.477s][info][gc,metaspace   ] GC(579) Metaspace: 74992K(75456K)->74992K(75456K) NonClass: 59661K(59904K)->59661K(59904K) Class: 15330K(15552K)->15330K(15552K)
[78.477s][info][gc             ] GC(579) Pause Young (Allocation Failure) 424M->48M(1736M) 1.216ms
[78.477s][info][gc,cpu         ] GC(579) User=0.00s Sys=0.00s Real=0.00s
[78.568s][info][gc,start       ] GC(580) Pause Young (Allocation Failure)
[78.569s][info][gc,heap        ] GC(580) PSYoungGen: 379712K(379904K)->1824K(372224K) Eden: 377856K(377856K)->0K(370176K) From: 1856K(2048K)->1824K(2048K)
[78.569s][info][gc,heap        ] GC(580) ParOldGen: 47391K(1398272K)->47679K(1398272K)
[78.569s][info][gc,metaspace   ] GC(580) Metaspace: 74992K(75456K)->74992K(75456K) NonClass: 59661K(59904K)->59661K(59904K) Class: 15330K(15552K)->15330K(15552K)
[78.569s][info][gc             ] GC(580) Pause Young (Allocation Failure) 417M->48M(1729M) 1.331ms
[78.569s][info][gc,cpu         ] GC(580) User=0.00s Sys=0.00s Real=0.00s
[78.658s][info][gc,start       ] GC(581) Pause Young (Allocation Failure)
[78.659s][info][gc,heap        ] GC(581) PSYoungGen: 372000K(372224K)->1536K(445952K) Eden: 370176K(370176K)->0K(444416K) From: 1824K(2048K)->1536K(1536K)
[78.659s][info][gc,heap        ] GC(581) ParOldGen: 47679K(1398272K)->47919K(1398272K)
[78.659s][info][gc,metaspace   ] GC(581) Metaspace: 74992K(75456K)->74992K(75456K) NonClass: 59661K(59904K)->59661K(59904K) Class: 15330K(15552K)->15330K(15552K)
[78.659s][info][gc             ] GC(581) Pause Young (Allocation Failure) 409M->48M(1801M) 1.115ms
[78.659s][info][gc,cpu         ] GC(581) User=0.00s Sys=0.00s Real=0.00s
[78.768s][info][gc,start       ] GC(582) Pause Young (Allocation Failure)
[78.769s][info][gc,heap        ] GC(582) PSYoungGen: 445952K(445952K)->1824K(436736K) Eden: 444416K(444416K)->0K(434688K) From: 1536K(1536K)->1824K(2048K)
[78.769s][info][gc,heap        ] GC(582) ParOldGen: 47919K(1398272K)->48207K(1398272K)
[78.769s][info][gc,metaspace   ] GC(582) Metaspace: 74992K(75456K)->74992K(75456K) NonClass: 59661K(59904K)->59661K(59904K) Class: 15330K(15552K)->15330K(15552K)
[78.769s][info][gc             ] GC(582) Pause Young (Allocation Failure) 482M->48M(1792M) 1.212ms
[78.769s][info][gc,cpu         ] GC(582) User=0.00s Sys=0.00s Real=0.00s
[78.879s][info][gc,start       ] GC(583) Pause Young (Allocation Failure)
[78.880s][info][gc,heap        ] GC(583) PSYoungGen: 436512K(436736K)->1024K(425984K) Eden: 434688K(434688K)->0K(424960K) From: 1824K(2048K)->1024K(1024K)
[78.880s][info][gc,heap        ] GC(583) ParOldGen: 48207K(1398272K)->48639K(1398272K)
[78.880s][info][gc,metaspace   ] GC(583) Metaspace: 74995K(75456K)->74995K(75456K) NonClass: 59664K(59904K)->59664K(59904K) Class: 15330K(15552K)->15330K(15552K)
[78.880s][info][gc             ] GC(583) Pause Young (Allocation Failure) 473M->48M(1781M) 1.072ms
[78.880s][info][gc,cpu         ] GC(583) User=0.00s Sys=0.00s Real=0.00s
[79.000s][info][gc,start       ] GC(584) Pause Young (Allocation Failure)
[79.001s][info][gc,heap        ] GC(584) PSYoungGen: 425984K(425984K)->1536K(417280K) Eden: 424960K(424960K)->0K(415744K) From: 1024K(1024K)->1536K(1536K)
[79.001s][info][gc,heap        ] GC(584) ParOldGen: 48639K(1398272K)->48999K(1398272K)
[79.001s][info][gc,metaspace   ] GC(584) Metaspace: 74997K(75456K)->74997K(75456K) NonClass: 59666K(59904K)->59666K(59904K) Class: 15330K(15552K)->15330K(15552K)
[79.001s][info][gc             ] GC(584) Pause Young (Allocation Failure) 463M->49M(1773M) 1.069ms
[79.001s][info][gc,cpu         ] GC(584) User=0.00s Sys=0.00s Real=0.00s
[79.147s][info][gc,start       ] GC(585) Pause Young (Allocation Failure)
[79.148s][info][gc,heap        ] GC(585) PSYoungGen: 417280K(417280K)->1312K(408576K) Eden: 415744K(415744K)->0K(407040K) From: 1536K(1536K)->1312K(1536K)
[79.148s][info][gc,heap        ] GC(585) ParOldGen: 48999K(1398272K)->49351K(1398272K)
[79.148s][info][gc,metaspace   ] GC(585) Metaspace: 74997K(75456K)->74997K(75456K) NonClass: 59666K(59904K)->59666K(59904K) Class: 15330K(15552K)->15330K(15552K)
[79.148s][info][gc             ] GC(585) Pause Young (Allocation Failure) 455M->49M(1764M) 1.171ms
[79.148s][info][gc,cpu         ] GC(585) User=0.00s Sys=0.00s Real=0.00s
[79.309s][info][gc,start       ] GC(586) Pause Young (Allocation Failure)
[79.310s][info][gc,heap        ] GC(586) PSYoungGen: 408352K(408576K)->1184K(399872K) Eden: 407040K(407040K)->0K(398336K) From: 1312K(1536K)->1184K(1536K)
[79.310s][info][gc,heap        ] GC(586) ParOldGen: 49351K(1398272K)->49663K(1398272K)
[79.310s][info][gc,metaspace   ] GC(586) Metaspace: 74997K(75456K)->74997K(75456K) NonClass: 59666K(59904K)->59666K(59904K) Class: 15330K(15552K)->15330K(15552K)
[79.310s][info][gc             ] GC(586) Pause Young (Allocation Failure) 446M->49M(1756M) 1.087ms
[79.310s][info][gc,cpu         ] GC(586) User=0.00s Sys=0.00s Real=0.00s
[79.493s][info][gc,start       ] GC(587) Pause Young (Allocation Failure)
[79.494s][info][gc,heap        ] GC(587) PSYoungGen: 399520K(399872K)->1056K(391680K) Eden: 398336K(398336K)->0K(390144K) From: 1184K(1536K)->1056K(1536K)
[79.494s][info][gc,heap        ] GC(587) ParOldGen: 49663K(1398272K)->49943K(1398272K)
[79.494s][info][gc,metaspace   ] GC(587) Metaspace: 74997K(75456K)->74997K(75456K) NonClass: 59666K(59904K)->59666K(59904K) Class: 15330K(15552K)->15330K(15552K)
[79.494s][info][gc             ] GC(587) Pause Young (Allocation Failure) 438M->49M(1748M) 1.059ms
[79.494s][info][gc,cpu         ] GC(587) User=0.00s Sys=0.00s Real=0.00s
[79.703s][info][gc,start       ] GC(588) Pause Young (Allocation Failure)
[79.704s][info][gc,heap        ] GC(588) PSYoungGen: 391200K(391680K)->1056K(383488K) Eden: 390144K(390144K)->0K(381952K) From: 1056K(1536K)->1056K(1536K)
[79.704s][info][gc,heap        ] GC(588) ParOldGen: 49943K(1398272K)->50247K(1398272K)
[79.704s][info][gc,metaspace   ] GC(588) Metaspace: 74997K(75456K)->74997K(75456K) NonClass: 59666K(59904K)->59666K(59904K) Class: 15330K(15552K)->15330K(15552K)
[79.704s][info][gc             ] GC(588) Pause Young (Allocation Failure) 430M->50M(1740M) 1.149ms
[79.704s][info][gc,cpu         ] GC(588) User=0.00s Sys=0.00s Real=0.00s
[79.942s][info][gc,start       ] GC(589) Pause Young (Allocation Failure)
[79.943s][info][gc,heap        ] GC(589) PSYoungGen: 383008K(383488K)->1056K(375808K) Eden: 381952K(381952K)->0K(374272K) From: 1056K(1536K)->1056K(1536K)
[79.943s][info][gc,heap        ] GC(589) ParOldGen: 50247K(1398272K)->50535K(1398272K)
[79.943s][info][gc,metaspace   ] GC(589) Metaspace: 74997K(75456K)->74997K(75456K) NonClass: 59666K(59904K)->59666K(59904K) Class: 15330K(15552K)->15330K(15552K)
[79.943s][info][gc             ] GC(589) Pause Young (Allocation Failure) 423M->50M(1732M) 1.007ms
[79.943s][info][gc,cpu         ] GC(589) User=0.52s Sys=0.00s Real=0.00s
[80.178s][info][gc,start       ] GC(590) Pause Young (Allocation Failure)
[80.178s][info][gc,heap        ] GC(590) PSYoungGen: 375328K(375808K)->1056K(368128K) Eden: 374272K(374272K)->0K(366592K) From: 1056K(1536K)->1056K(1536K)
[80.178s][info][gc,heap        ] GC(590) ParOldGen: 50535K(1398272K)->50535K(1398272K)
[80.178s][info][gc,metaspace   ] GC(590) Metaspace: 74997K(75456K)->74997K(75456K) NonClass: 59666K(59904K)->59666K(59904K) Class: 15330K(15552K)->15330K(15552K)
[80.179s][info][gc             ] GC(590) Pause Young (Allocation Failure) 415M->50M(1725M) 0.897ms
[80.179s][info][gc,cpu         ] GC(590) User=0.38s Sys=0.06s Real=0.00s
[80.407s][info][gc,start       ] GC(591) Pause Young (Allocation Failure)
[80.407s][info][gc,heap        ] GC(591) PSYoungGen: 367648K(368128K)->1056K(360960K) Eden: 366592K(366592K)->0K(359424K) From: 1056K(1536K)->1056K(1536K)
[80.407s][info][gc,heap        ] GC(591) ParOldGen: 50535K(1398272K)->50559K(1398272K)
[80.407s][info][gc,metaspace   ] GC(591) Metaspace: 74997K(75456K)->74997K(75456K) NonClass: 59666K(59904K)->59666K(59904K) Class: 15330K(15552K)->15330K(15552K)
[80.407s][info][gc             ] GC(591) Pause Young (Allocation Failure) 408M->50M(1718M) 0.928ms
[80.408s][info][gc,cpu         ] GC(591) User=0.00s Sys=0.00s Real=0.00s
[80.646s][info][gc,start       ] GC(592) Pause Young (System.gc())
[80.647s][info][gc,heap        ] GC(592) PSYoungGen: 353649K(360960K)->1248K(360960K) Eden: 352593K(359424K)->0K(359424K) From: 1056K(1536K)->1248K(1536K)
[80.648s][info][gc,heap        ] GC(592) ParOldGen: 50559K(1398272K)->50719K(1398272K)
[80.648s][info][gc,metaspace   ] GC(592) Metaspace: 75035K(75520K)->75035K(75520K) NonClass: 59705K(59968K)->59705K(59968K) Class: 15330K(15552K)->15330K(15552K)
[80.648s][info][gc             ] GC(592) Pause Young (System.gc()) 394M->50M(1718M) 1.526ms
[80.648s][info][gc,cpu         ] GC(592) User=0.00s Sys=0.02s Real=0.00s
[80.648s][info][gc,start       ] GC(593) Pause Full (System.gc())
[80.648s][info][gc,phases,start] GC(593) Marking Phase
[80.684s][info][gc,phases      ] GC(593) Marking Phase 36.162ms
[80.684s][info][gc,phases,start] GC(593) Summary Phase
[80.684s][info][gc,phases      ] GC(593) Summary Phase 0.013ms
[80.684s][info][gc,phases,start] GC(593) Adjust Roots
[80.702s][info][gc,phases      ] GC(593) Adjust Roots 17.929ms
[80.702s][info][gc,phases,start] GC(593) Compaction Phase
[80.711s][info][gc,phases      ] GC(593) Compaction Phase 9.199ms
[80.711s][info][gc,phases,start] GC(593) Post Compact
[80.712s][info][gc,phases      ] GC(593) Post Compact 0.943ms
[80.712s][info][gc,heap        ] GC(593) PSYoungGen: 1248K(360960K)->0K(360960K) Eden: 0K(359424K)->0K(359424K) From: 1248K(1536K)->0K(1536K)
[80.712s][info][gc,heap        ] GC(593) ParOldGen: 50719K(1398272K)->35790K(1398272K)
[80.712s][info][gc,metaspace   ] GC(593) Metaspace: 75035K(75520K)->75035K(75520K) NonClass: 59705K(59968K)->59705K(59968K) Class: 15330K(15552K)->15330K(15552K)
[80.712s][info][gc             ] GC(593) Pause Full (System.gc()) 50M->34M(1718M) 64.641ms
[80.712s][info][gc,cpu         ] GC(593) User=0.94s Sys=0.00s Real=0.05s
[80.827s][info][gc,start       ] GC(594) Pause Young (Allocation Failure)
[80.829s][info][gc,heap        ] GC(594) PSYoungGen: 359424K(360960K)->2560K(354816K) Eden: 359424K(359424K)->0K(352256K) From: 0K(1536K)->2560K(2560K)
[80.829s][info][gc,heap        ] GC(594) ParOldGen: 35790K(1398272K)->36838K(1398272K)
[80.829s][info][gc,metaspace   ] GC(594) Metaspace: 75211K(75648K)->75211K(75648K) NonClass: 59880K(60096K)->59880K(60096K) Class: 15330K(15552K)->15330K(15552K)
[80.829s][info][gc             ] GC(594) Pause Young (Allocation Failure) 385M->38M(1712M) 1.709ms
[80.829s][info][gc,cpu         ] GC(594) User=0.00s Sys=0.00s Real=0.00s
[80.912s][info][gc,start       ] GC(595) Pause Young (Allocation Failure)
[80.914s][info][gc,heap        ] GC(595) PSYoungGen: 354816K(354816K)->1888K(347648K) Eden: 352256K(352256K)->0K(345600K) From: 2560K(2560K)->1888K(2048K)
[80.914s][info][gc,heap        ] GC(595) ParOldGen: 36838K(1398272K)->38534K(1398272K)
[80.914s][info][gc,metaspace   ] GC(595) Metaspace: 75211K(75648K)->75211K(75648K) NonClass: 59880K(60096K)->59880K(60096K) Class: 15330K(15552K)->15330K(15552K)
[80.914s][info][gc             ] GC(595) Pause Young (Allocation Failure) 382M->39M(1705M) 1.856ms
[80.914s][info][gc,cpu         ] GC(595) User=0.52s Sys=0.00s Real=0.00s
[80.996s][info][gc,start       ] GC(596) Pause Young (Allocation Failure)
[80.997s][info][gc,heap        ] GC(596) PSYoungGen: 347488K(347648K)->1856K(340992K) Eden: 345600K(345600K)->0K(338944K) From: 1888K(2048K)->1856K(2048K)
[80.997s][info][gc,heap        ] GC(596) ParOldGen: 38534K(1398272K)->38718K(1398272K)
[80.997s][info][gc,metaspace   ] GC(596) Metaspace: 75211K(75648K)->75211K(75648K) NonClass: 59880K(60096K)->59880K(60096K) Class: 15330K(15552K)->15330K(15552K)
[80.997s][info][gc             ] GC(596) Pause Young (Allocation Failure) 376M->39M(1698M) 1.171ms
[80.997s][info][gc,cpu         ] GC(596) User=0.00s Sys=0.00s Real=0.00s
[81.078s][info][gc,start       ] GC(597) Pause Young (Allocation Failure)
[81.080s][info][gc,heap        ] GC(597) PSYoungGen: 340800K(340992K)->1792K(334848K) Eden: 338944K(338944K)->0K(332800K) From: 1856K(2048K)->1792K(2048K)
[81.080s][info][gc,heap        ] GC(597) ParOldGen: 38718K(1398272K)->38846K(1398272K)
[81.080s][info][gc,metaspace   ] GC(597) Metaspace: 75211K(75648K)->75211K(75648K) NonClass: 59880K(60096K)->59880K(60096K) Class: 15330K(15552K)->15330K(15552K)
[81.080s][info][gc             ] GC(597) Pause Young (Allocation Failure) 370M->39M(1692M) 1.417ms
[81.080s][info][gc,cpu         ] GC(597) User=0.00s Sys=0.00s Real=0.00s
[81.160s][info][gc,start       ] GC(598) Pause Young (Allocation Failure)
[81.161s][info][gc,heap        ] GC(598) PSYoungGen: 334592K(334848K)->1952K(328704K) Eden: 332800K(332800K)->0K(326656K) From: 1792K(2048K)->1952K(2048K)
[81.161s][info][gc,heap        ] GC(598) ParOldGen: 38846K(1398272K)->38966K(1398272K)
[81.161s][info][gc,metaspace   ] GC(598) Metaspace: 75211K(75648K)->75211K(75648K) NonClass: 59880K(60096K)->59880K(60096K) Class: 15330K(15552K)->15330K(15552K)
[81.161s][info][gc             ] GC(598) Pause Young (Allocation Failure) 364M->39M(1686M) 1.205ms
[81.161s][info][gc,cpu         ] GC(598) User=0.00s Sys=0.00s Real=0.00s
[81.239s][info][gc,start       ] GC(599) Pause Young (Allocation Failure)
[81.240s][info][gc,heap        ] GC(599) PSYoungGen: 328608K(328704K)->1952K(394240K) Eden: 326656K(326656K)->0K(392192K) From: 1952K(2048K)->1952K(2048K)
[81.240s][info][gc,heap        ] GC(599) ParOldGen: 38966K(1398272K)->39046K(1398272K)
[81.240s][info][gc,metaspace   ] GC(599) Metaspace: 75211K(75648K)->75211K(75648K) NonClass: 59880K(60096K)->59880K(60096K) Class: 15330K(15552K)->15330K(15552K)
[81.240s][info][gc             ] GC(599) Pause Young (Allocation Failure) 358M->40M(1750M) 1.376ms
[81.240s][info][gc,cpu         ] GC(599) User=0.02s Sys=0.00s Real=0.00s
[81.334s][info][gc,start       ] GC(600) Pause Young (Allocation Failure)
[81.335s][info][gc,heap        ] GC(600) PSYoungGen: 394144K(394240K)->1824K(447488K) Eden: 392192K(392192K)->0K(444928K) From: 1952K(2048K)->1824K(2560K)
[81.335s][info][gc,heap        ] GC(600) ParOldGen: 39046K(1398272K)->39110K(1398272K)
[81.335s][info][gc,metaspace   ] GC(600) Metaspace: 75211K(75648K)->75211K(75648K) NonClass: 59880K(60096K)->59880K(60096K) Class: 15330K(15552K)->15330K(15552K)
[81.335s][info][gc             ] GC(600) Pause Young (Allocation Failure) 423M->39M(1802M) 1.255ms
[81.335s][info][gc,cpu         ] GC(600) User=0.02s Sys=0.00s Real=0.00s
[81.441s][info][gc,start       ] GC(601) Pause Young (Allocation Failure)
[81.443s][info][gc,heap        ] GC(601) PSYoungGen: 446752K(447488K)->1856K(437248K) Eden: 444928K(444928K)->0K(435200K) From: 1824K(2560K)->1856K(2048K)
[81.443s][info][gc,heap        ] GC(601) ParOldGen: 39110K(1398272K)->39206K(1398272K)
[81.443s][info][gc,metaspace   ] GC(601) Metaspace: 75211K(75648K)->75211K(75648K) NonClass: 59880K(60096K)->59880K(60096K) Class: 15330K(15552K)->15330K(15552K)
[81.443s][info][gc             ] GC(601) Pause Young (Allocation Failure) 474M->40M(1792M) 1.567ms
[81.443s][info][gc,cpu         ] GC(601) User=0.00s Sys=0.00s Real=0.00s
[81.547s][info][gc,start       ] GC(602) Pause Young (Allocation Failure)
[81.548s][info][gc,heap        ] GC(602) PSYoungGen: 437056K(437248K)->1536K(427008K) Eden: 435200K(435200K)->0K(425472K) From: 1856K(2048K)->1536K(1536K)
[81.548s][info][gc,heap        ] GC(602) ParOldGen: 39206K(1398272K)->39510K(1398272K)
[81.548s][info][gc,metaspace   ] GC(602) Metaspace: 75211K(75648K)->75211K(75648K) NonClass: 59880K(60096K)->59880K(60096K) Class: 15330K(15552K)->15330K(15552K)
[81.548s][info][gc             ] GC(602) Pause Young (Allocation Failure) 465M->40M(1782M) 1.213ms
[81.548s][info][gc,cpu         ] GC(602) User=0.00s Sys=0.00s Real=0.00s
[81.650s][info][gc,start       ] GC(603) Pause Young (Allocation Failure)
[81.651s][info][gc,heap        ] GC(603) PSYoungGen: 427008K(427008K)->1952K(418304K) Eden: 425472K(425472K)->0K(416256K) From: 1536K(1536K)->1952K(2048K)
[81.651s][info][gc,heap        ] GC(603) ParOldGen: 39510K(1398272K)->39710K(1398272K)
[81.651s][info][gc,metaspace   ] GC(603) Metaspace: 75211K(75648K)->75211K(75648K) NonClass: 59880K(60096K)->59880K(60096K) Class: 15330K(15552K)->15330K(15552K)
[81.651s][info][gc             ] GC(603) Pause Young (Allocation Failure) 455M->40M(1774M) 1.338ms
[81.651s][info][gc,cpu         ] GC(603) User=0.00s Sys=0.00s Real=0.00s
[81.750s][info][gc,start       ] GC(604) Pause Young (Allocation Failure)
[81.752s][info][gc,heap        ] GC(604) PSYoungGen: 418208K(418304K)->1888K(409600K) Eden: 416256K(416256K)->0K(407552K) From: 1952K(2048K)->1888K(2048K)
[81.752s][info][gc,heap        ] GC(604) ParOldGen: 39710K(1398272K)->39830K(1398272K)
[81.752s][info][gc,metaspace   ] GC(604) Metaspace: 75211K(75648K)->75211K(75648K) NonClass: 59880K(60096K)->59880K(60096K) Class: 15330K(15552K)->15330K(15552K)
[81.752s][info][gc             ] GC(604) Pause Young (Allocation Failure) 447M->40M(1765M) 1.284ms
[81.752s][info][gc,cpu         ] GC(604) User=0.00s Sys=0.00s Real=0.00s
[81.849s][info][gc,start       ] GC(605) Pause Young (Allocation Failure)
[81.850s][info][gc,heap        ] GC(605) PSYoungGen: 409440K(409600K)->1888K(400896K) Eden: 407552K(407552K)->0K(398848K) From: 1888K(2048K)->1888K(2048K)
[81.850s][info][gc,heap        ] GC(605) ParOldGen: 39830K(1398272K)->39950K(1398272K)
[81.850s][info][gc,metaspace   ] GC(605) Metaspace: 75211K(75648K)->75211K(75648K) NonClass: 59880K(60096K)->59880K(60096K) Class: 15330K(15552K)->15330K(15552K)
[81.850s][info][gc             ] GC(605) Pause Young (Allocation Failure) 438M->40M(1757M) 1.476ms
[81.850s][info][gc,cpu         ] GC(605) User=0.27s Sys=0.02s Real=0.00s
[81.947s][info][gc,start       ] GC(606) Pause Young (Allocation Failure)
[81.948s][info][gc,heap        ] GC(606) PSYoungGen: 400736K(400896K)->1536K(392192K) Eden: 398848K(398848K)->0K(390656K) From: 1888K(2048K)->1536K(1536K)
[81.948s][info][gc,heap        ] GC(606) ParOldGen: 39950K(1398272K)->40158K(1398272K)
[81.948s][info][gc,metaspace   ] GC(606) Metaspace: 75211K(75648K)->75211K(75648K) NonClass: 59880K(60096K)->59880K(60096K) Class: 15330K(15552K)->15330K(15552K)
[81.948s][info][gc             ] GC(606) Pause Young (Allocation Failure) 430M->40M(1748M) 1.130ms
[81.948s][info][gc,cpu         ] GC(606) User=0.00s Sys=0.00s Real=0.00s
[82.041s][info][gc,start       ] GC(607) Pause Young (Allocation Failure)
[82.042s][info][gc,heap        ] GC(607) PSYoungGen: 392192K(392192K)->1824K(384512K) Eden: 390656K(390656K)->0K(382464K) From: 1536K(1536K)->1824K(2048K)
[82.042s][info][gc,heap        ] GC(607) ParOldGen: 40158K(1398272K)->40366K(1398272K)
[82.042s][info][gc,metaspace   ] GC(607) Metaspace: 75211K(75648K)->75211K(75648K) NonClass: 59880K(60096K)->59880K(60096K) Class: 15330K(15552K)->15330K(15552K)
[82.042s][info][gc             ] GC(607) Pause Young (Allocation Failure) 422M->41M(1741M) 1.328ms
[82.042s][info][gc,cpu         ] GC(607) User=0.00s Sys=0.00s Real=0.00s
[82.134s][info][gc,start       ] GC(608) Pause Young (Allocation Failure)
[82.135s][info][gc,heap        ] GC(608) PSYoungGen: 384288K(384512K)->1856K(376832K) Eden: 382464K(382464K)->0K(374784K) From: 1824K(2048K)->1856K(2048K)
[82.135s][info][gc,heap        ] GC(608) ParOldGen: 40366K(1398272K)->40518K(1398272K)
[82.135s][info][gc,metaspace   ] GC(608) Metaspace: 75211K(75648K)->75211K(75648K) NonClass: 59880K(60096K)->59880K(60096K) Class: 15330K(15552K)->15330K(15552K)
[82.135s][info][gc             ] GC(608) Pause Young (Allocation Failure) 414M->41M(1733M) 1.175ms
[82.135s][info][gc,cpu         ] GC(608) User=0.00s Sys=0.00s Real=0.00s
[82.226s][info][gc,start       ] GC(609) Pause Young (Allocation Failure)
[82.227s][info][gc,heap        ] GC(609) PSYoungGen: 376640K(376832K)->1920K(369152K) Eden: 374784K(374784K)->0K(367104K) From: 1856K(2048K)->1920K(2048K)
[82.227s][info][gc,heap        ] GC(609) ParOldGen: 40518K(1398272K)->40598K(1398272K)
[82.227s][info][gc,metaspace   ] GC(609) Metaspace: 75211K(75648K)->75211K(75648K) NonClass: 59880K(60096K)->59880K(60096K) Class: 15330K(15552K)->15330K(15552K)
[82.227s][info][gc             ] GC(609) Pause Young (Allocation Failure) 407M->41M(1726M) 1.338ms
[82.227s][info][gc,cpu         ] GC(609) User=0.00s Sys=0.00s Real=0.00s
[82.315s][info][gc,start       ] GC(610) Pause Young (Allocation Failure)
[82.316s][info][gc,heap        ] GC(610) PSYoungGen: 369024K(369152K)->1536K(439808K) Eden: 367104K(367104K)->0K(438272K) From: 1920K(2048K)->1536K(1536K)
[82.316s][info][gc,heap        ] GC(610) ParOldGen: 40598K(1398272K)->40798K(1398272K)
[82.316s][info][gc,metaspace   ] GC(610) Metaspace: 75211K(75648K)->75211K(75648K) NonClass: 59880K(60096K)->59880K(60096K) Class: 15330K(15552K)->15330K(15552K)
[82.316s][info][gc             ] GC(610) Pause Young (Allocation Failure) 400M->41M(1795M) 1.155ms
[82.316s][info][gc,cpu         ] GC(610) User=0.00s Sys=0.00s Real=0.00s
[82.423s][info][gc,start       ] GC(611) Pause Young (Allocation Failure)
[82.424s][info][gc,heap        ] GC(611) PSYoungGen: 439808K(439808K)->1888K(430592K) Eden: 438272K(438272K)->0K(428544K) From: 1536K(1536K)->1888K(2048K)
[82.424s][info][gc,heap        ] GC(611) ParOldGen: 40798K(1398272K)->40910K(1398272K)
[82.424s][info][gc,metaspace   ] GC(611) Metaspace: 75211K(75648K)->75211K(75648K) NonClass: 59880K(60096K)->59880K(60096K) Class: 15330K(15552K)->15330K(15552K)
[82.424s][info][gc             ] GC(611) Pause Young (Allocation Failure) 469M->41M(1786M) 1.432ms
[82.424s][info][gc,cpu         ] GC(611) User=0.00s Sys=0.00s Real=0.00s
[82.527s][info][gc,start       ] GC(612) Pause Young (Allocation Failure)
[82.528s][info][gc,heap        ] GC(612) PSYoungGen: 430432K(430592K)->1024K(420352K) Eden: 428544K(428544K)->0K(419328K) From: 1888K(2048K)->1024K(1024K)
[82.528s][info][gc,heap        ] GC(612) ParOldGen: 40910K(1398272K)->41502K(1398272K)
[82.528s][info][gc,metaspace   ] GC(612) Metaspace: 75211K(75648K)->75211K(75648K) NonClass: 59880K(60096K)->59880K(60096K) Class: 15330K(15552K)->15330K(15552K)
[82.528s][info][gc             ] GC(612) Pause Young (Allocation Failure) 460M->41M(1776M) 1.180ms
[82.528s][info][gc,cpu         ] GC(612) User=0.00s Sys=0.00s Real=0.00s
[82.628s][info][gc,start       ] GC(613) Pause Young (Allocation Failure)
[82.629s][info][gc,heap        ] GC(613) PSYoungGen: 420352K(420352K)->1888K(412160K) Eden: 419328K(419328K)->0K(410112K) From: 1024K(1024K)->1888K(2048K)
[82.629s][info][gc,heap        ] GC(613) ParOldGen: 41502K(1398272K)->41646K(1398272K)
[82.629s][info][gc,metaspace   ] GC(613) Metaspace: 75211K(75648K)->75211K(75648K) NonClass: 59880K(60096K)->59880K(60096K) Class: 15330K(15552K)->15330K(15552K)
[82.629s][info][gc             ] GC(613) Pause Young (Allocation Failure) 451M->42M(1768M) 1.236ms
[82.629s][info][gc,cpu         ] GC(613) User=0.00s Sys=0.00s Real=0.00s
[82.728s][info][gc,start       ] GC(614) Pause Young (Allocation Failure)
[82.729s][info][gc,heap        ] GC(614) PSYoungGen: 412000K(412160K)->1824K(403456K) Eden: 410112K(410112K)->0K(401408K) From: 1888K(2048K)->1824K(2048K)
[82.729s][info][gc,heap        ] GC(614) ParOldGen: 41646K(1398272K)->41790K(1398272K)
[82.729s][info][gc,metaspace   ] GC(614) Metaspace: 75211K(75648K)->75211K(75648K) NonClass: 59880K(60096K)->59880K(60096K) Class: 15330K(15552K)->15330K(15552K)
[82.729s][info][gc             ] GC(614) Pause Young (Allocation Failure) 443M->42M(1759M) 1.227ms
[82.729s][info][gc,cpu         ] GC(614) User=0.00s Sys=0.00s Real=0.00s
[82.827s][info][gc,start       ] GC(615) Pause Young (Allocation Failure)
[82.828s][info][gc,heap        ] GC(615) PSYoungGen: 403232K(403456K)->1824K(395264K) Eden: 401408K(401408K)->0K(393216K) From: 1824K(2048K)->1824K(2048K)
[82.828s][info][gc,heap        ] GC(615) ParOldGen: 41790K(1398272K)->41934K(1398272K)
[82.828s][info][gc,metaspace   ] GC(615) Metaspace: 75211K(75648K)->75211K(75648K) NonClass: 59880K(60096K)->59880K(60096K) Class: 15330K(15552K)->15330K(15552K)
[82.828s][info][gc             ] GC(615) Pause Young (Allocation Failure) 434M->42M(1751M) 1.333ms
[82.828s][info][gc,cpu         ] GC(615) User=0.00s Sys=0.00s Real=0.00s
[82.922s][info][gc,start       ] GC(616) Pause Young (Allocation Failure)
[82.923s][info][gc,heap        ] GC(616) PSYoungGen: 395040K(395264K)->1536K(386560K) Eden: 393216K(393216K)->0K(385024K) From: 1824K(2048K)->1536K(1536K)
[82.923s][info][gc,heap        ] GC(616) ParOldGen: 41934K(1398272K)->42102K(1398272K)
[82.923s][info][gc,metaspace   ] GC(616) Metaspace: 75211K(75648K)->75211K(75648K) NonClass: 59880K(60096K)->59880K(60096K) Class: 15330K(15552K)->15330K(15552K)
[82.923s][info][gc             ] GC(616) Pause Young (Allocation Failure) 426M->42M(1743M) 1.185ms
[82.923s][info][gc,cpu         ] GC(616) User=0.00s Sys=0.00s Real=0.00s
[83.015s][info][gc,start       ] GC(617) Pause Young (Allocation Failure)
[83.016s][info][gc,heap        ] GC(617) PSYoungGen: 386560K(386560K)->1888K(379392K) Eden: 385024K(385024K)->0K(377344K) From: 1536K(1536K)->1888K(2048K)
[83.016s][info][gc,heap        ] GC(617) ParOldGen: 42102K(1398272K)->42270K(1398272K)
[83.016s][info][gc,metaspace   ] GC(617) Metaspace: 75211K(75648K)->75211K(75648K) NonClass: 59880K(60096K)->59880K(60096K) Class: 15330K(15552K)->15330K(15552K)
[83.016s][info][gc             ] GC(617) Pause Young (Allocation Failure) 418M->43M(1736M) 1.305ms
[83.016s][info][gc,cpu         ] GC(617) User=0.00s Sys=0.00s Real=0.00s
[83.107s][info][gc,start       ] GC(618) Pause Young (Allocation Failure)
[83.108s][info][gc,heap        ] GC(618) PSYoungGen: 379232K(379392K)->1792K(371712K) Eden: 377344K(377344K)->0K(369664K) From: 1888K(2048K)->1792K(2048K)
[83.108s][info][gc,heap        ] GC(618) ParOldGen: 42270K(1398272K)->42374K(1398272K)
[83.108s][info][gc,metaspace   ] GC(618) Metaspace: 75211K(75648K)->75211K(75648K) NonClass: 59880K(60096K)->59880K(60096K) Class: 15330K(15552K)->15330K(15552K)
[83.108s][info][gc             ] GC(618) Pause Young (Allocation Failure) 411M->43M(1728M) 1.101ms
[83.108s][info][gc,cpu         ] GC(618) User=0.00s Sys=0.00s Real=0.00s
[83.196s][info][gc,start       ] GC(619) Pause Young (Allocation Failure)
[83.197s][info][gc,heap        ] GC(619) PSYoungGen: 371456K(371712K)->1856K(435200K) Eden: 369664K(369664K)->0K(432640K) From: 1792K(2048K)->1856K(2560K)
[83.197s][info][gc,heap        ] GC(619) ParOldGen: 42374K(1398272K)->42502K(1398272K)
[83.197s][info][gc,metaspace   ] GC(619) Metaspace: 75211K(75648K)->75211K(75648K) NonClass: 59880K(60096K)->59880K(60096K) Class: 15330K(15552K)->15330K(15552K)
[83.197s][info][gc             ] GC(619) Pause Young (Allocation Failure) 404M->43M(1790M) 1.254ms
[83.197s][info][gc,cpu         ] GC(619) User=0.00s Sys=0.00s Real=0.00s
[83.301s][info][gc,start       ] GC(620) Pause Young (Allocation Failure)
[83.302s][info][gc,heap        ] GC(620) PSYoungGen: 434496K(435200K)->1888K(446464K) Eden: 432640K(432640K)->0K(443904K) From: 1856K(2560K)->1888K(2560K)
[83.302s][info][gc,heap        ] GC(620) ParOldGen: 42502K(1398272K)->42622K(1398272K)
[83.302s][info][gc,metaspace   ] GC(620) Metaspace: 75211K(75648K)->75211K(75648K) NonClass: 59880K(60096K)->59880K(60096K) Class: 15330K(15552K)->15330K(15552K)
[83.302s][info][gc             ] GC(620) Pause Young (Allocation Failure) 465M->43M(1801M) 1.542ms
[83.302s][info][gc,cpu         ] GC(620) User=0.00s Sys=0.00s Real=0.00s
[83.408s][info][gc,start       ] GC(621) Pause Young (Allocation Failure)
[83.410s][info][gc,heap        ] GC(621) PSYoungGen: 445792K(446464K)->1952K(446464K) Eden: 443904K(443904K)->0K(443904K) From: 1888K(2560K)->1952K(2560K)
[83.410s][info][gc,heap        ] GC(621) ParOldGen: 42622K(1398272K)->42702K(1398272K)
[83.410s][info][gc,metaspace   ] GC(621) Metaspace: 75211K(75648K)->75211K(75648K) NonClass: 59880K(60096K)->59880K(60096K) Class: 15330K(15552K)->15330K(15552K)
[83.410s][info][gc             ] GC(621) Pause Young (Allocation Failure) 476M->43M(1801M) 1.468ms
[83.410s][info][gc,cpu         ] GC(621) User=0.00s Sys=0.00s Real=0.00s
[83.519s][info][gc,start       ] GC(622) Pause Young (Allocation Failure)
[83.521s][info][gc,heap        ] GC(622) PSYoungGen: 445856K(446464K)->1920K(535552K) Eden: 443904K(443904K)->0K(532992K) From: 1952K(2560K)->1920K(2560K)
[83.521s][info][gc,heap        ] GC(622) ParOldGen: 42702K(1398272K)->42958K(1398272K)
[83.521s][info][gc,metaspace   ] GC(622) Metaspace: 75211K(75648K)->75211K(75648K) NonClass: 59880K(60096K)->59880K(60096K) Class: 15330K(15552K)->15330K(15552K)
[83.521s][info][gc             ] GC(622) Pause Young (Allocation Failure) 477M->43M(1888M) 1.527ms
[83.521s][info][gc,cpu         ] GC(622) User=0.00s Sys=0.00s Real=0.00s
[83.660s][info][gc,start       ] GC(623) Pause Young (Allocation Failure)
[83.662s][info][gc,heap        ] GC(623) PSYoungGen: 534912K(535552K)->1984K(535552K) Eden: 532992K(532992K)->0K(532992K) From: 1920K(2560K)->1984K(2560K)
[83.662s][info][gc,heap        ] GC(623) ParOldGen: 42958K(1398272K)->43086K(1398272K)
[83.662s][info][gc,metaspace   ] GC(623) Metaspace: 75211K(75648K)->75211K(75648K) NonClass: 59880K(60096K)->59880K(60096K) Class: 15330K(15552K)->15330K(15552K)
[83.662s][info][gc             ] GC(623) Pause Young (Allocation Failure) 564M->44M(1888M) 1.755ms
[83.662s][info][gc,cpu         ] GC(623) User=0.00s Sys=0.00s Real=0.00s
[83.790s][info][gc,start       ] GC(624) Pause Young (Allocation Failure)
[83.791s][info][gc,heap        ] GC(624) PSYoungGen: 534976K(535552K)->2016K(642560K) Eden: 532992K(532992K)->0K(640000K) From: 1984K(2560K)->2016K(2560K)
[83.791s][info][gc,heap        ] GC(624) ParOldGen: 43086K(1398272K)->43206K(1398272K)
[83.791s][info][gc,metaspace   ] GC(624) Metaspace: 75211K(75648K)->75211K(75648K) NonClass: 59880K(60096K)->59880K(60096K) Class: 15330K(15552K)->15330K(15552K)
[83.791s][info][gc             ] GC(624) Pause Young (Allocation Failure) 564M->44M(1993M) 1.360ms
[83.791s][info][gc,cpu         ] GC(624) User=0.00s Sys=0.00s Real=0.00s
[83.957s][info][gc,start       ] GC(625) Pause Young (Allocation Failure)
[83.958s][info][gc,heap        ] GC(625) PSYoungGen: 642016K(642560K)->1920K(624640K) Eden: 640000K(640000K)->0K(622592K) From: 2016K(2560K)->1920K(2048K)
[83.958s][info][gc,heap        ] GC(625) ParOldGen: 43206K(1398272K)->43294K(1398272K)
[83.958s][info][gc,metaspace   ] GC(625) Metaspace: 75211K(75648K)->75211K(75648K) NonClass: 59880K(60096K)->59880K(60096K) Class: 15330K(15552K)->15330K(15552K)
[83.958s][info][gc             ] GC(625) Pause Young (Allocation Failure) 669M->44M(1975M) 1.706ms
[83.958s][info][gc,cpu         ] GC(625) User=0.00s Sys=0.00s Real=0.00s
[84.108s][info][gc,start       ] GC(626) Pause Young (Allocation Failure)
[84.109s][info][gc,heap        ] GC(626) PSYoungGen: 624512K(624640K)->1024K(607232K) Eden: 622592K(622592K)->0K(606208K) From: 1920K(2048K)->1024K(1024K)
[84.109s][info][gc,heap        ] GC(626) ParOldGen: 43294K(1398272K)->43894K(1398272K)
[84.109s][info][gc,metaspace   ] GC(626) Metaspace: 75211K(75648K)->75211K(75648K) NonClass: 59880K(60096K)->59880K(60096K) Class: 15330K(15552K)->15330K(15552K)
[84.109s][info][gc             ] GC(626) Pause Young (Allocation Failure) 652M->43M(1958M) 1.262ms
[84.109s][info][gc,cpu         ] GC(626) User=0.00s Sys=0.00s Real=0.00s
[84.254s][info][gc,start       ] GC(627) Pause Young (Allocation Failure)
[84.255s][info][gc,heap        ] GC(627) PSYoungGen: 607232K(607232K)->1888K(592384K) Eden: 606208K(606208K)->0K(590336K) From: 1024K(1024K)->1888K(2048K)
[84.255s][info][gc,heap        ] GC(627) ParOldGen: 43894K(1398272K)->44166K(1398272K)
[84.255s][info][gc,metaspace   ] GC(627) Metaspace: 75211K(75648K)->75211K(75648K) NonClass: 59880K(60096K)->59880K(60096K) Class: 15330K(15552K)->15330K(15552K)
[84.255s][info][gc             ] GC(627) Pause Young (Allocation Failure) 635M->44M(1944M) 1.514ms
[84.255s][info][gc,cpu         ] GC(627) User=0.00s Sys=0.00s Real=0.00s
[84.397s][info][gc,start       ] GC(628) Pause Young (Allocation Failure)
[84.399s][info][gc,heap        ] GC(628) PSYoungGen: 592224K(592384K)->1920K(577024K) Eden: 590336K(590336K)->0K(574976K) From: 1888K(2048K)->1920K(2048K)
[84.399s][info][gc,heap        ] GC(628) ParOldGen: 44166K(1398272K)->44366K(1398272K)
[84.399s][info][gc,metaspace   ] GC(628) Metaspace: 75211K(75648K)->75211K(75648K) NonClass: 59880K(60096K)->59880K(60096K) Class: 15330K(15552K)->15330K(15552K)
[84.399s][info][gc             ] GC(628) Pause Young (Allocation Failure) 621M->45M(1929M) 1.305ms
[84.399s][info][gc,cpu         ] GC(628) User=0.00s Sys=0.00s Real=0.00s
[84.538s][info][gc,start       ] GC(629) Pause Young (Allocation Failure)
[84.539s][info][gc,heap        ] GC(629) PSYoungGen: 576896K(577024K)->1984K(562176K) Eden: 574976K(574976K)->0K(560128K) From: 1920K(2048K)->1984K(2048K)
[84.539s][info][gc,heap        ] GC(629) ParOldGen: 44366K(1398272K)->44630K(1398272K)
[84.539s][info][gc,metaspace   ] GC(629) Metaspace: 75211K(75648K)->75211K(75648K) NonClass: 59880K(60096K)->59880K(60096K) Class: 15330K(15552K)->15330K(15552K)
[84.539s][info][gc             ] GC(629) Pause Young (Allocation Failure) 606M->45M(1914M) 1.444ms
[84.539s][info][gc,cpu         ] GC(629) User=0.00s Sys=0.00s Real=0.00s
[84.673s][info][gc,start       ] GC(630) Pause Young (Allocation Failure)
[84.675s][info][gc,heap        ] GC(630) PSYoungGen: 562112K(562176K)->1536K(547328K) Eden: 560128K(560128K)->0K(545792K) From: 1984K(2048K)->1536K(1536K)
[84.675s][info][gc,heap        ] GC(630) ParOldGen: 44630K(1398272K)->44854K(1398272K)
[84.675s][info][gc,metaspace   ] GC(630) Metaspace: 75211K(75648K)->75211K(75648K) NonClass: 59880K(60096K)->59880K(60096K) Class: 15330K(15552K)->15330K(15552K)
[84.675s][info][gc             ] GC(630) Pause Young (Allocation Failure) 592M->45M(1900M) 1.158ms
[84.675s][info][gc,cpu         ] GC(630) User=0.00s Sys=0.00s Real=0.00s
[84.805s][info][gc,start       ] GC(631) Pause Young (Allocation Failure)
[84.807s][info][gc,heap        ] GC(631) PSYoungGen: 547328K(547328K)->1856K(534016K) Eden: 545792K(545792K)->0K(531968K) From: 1536K(1536K)->1856K(2048K)
[84.807s][info][gc,heap        ] GC(631) ParOldGen: 44854K(1398272K)->45022K(1398272K)
[84.807s][info][gc,metaspace   ] GC(631) Metaspace: 75211K(75648K)->75211K(75648K) NonClass: 59880K(60096K)->59880K(60096K) Class: 15330K(15552K)->15330K(15552K)
[84.807s][info][gc             ] GC(631) Pause Young (Allocation Failure) 578M->45M(1887M) 1.437ms
[84.807s][info][gc,cpu         ] GC(631) User=0.00s Sys=0.00s Real=0.00s
[84.934s][info][gc,start       ] GC(632) Pause Young (Allocation Failure)
[84.935s][info][gc,heap        ] GC(632) PSYoungGen: 533824K(534016K)->1920K(520704K) Eden: 531968K(531968K)->0K(518656K) From: 1856K(2048K)->1920K(2048K)
[84.935s][info][gc,heap        ] GC(632) ParOldGen: 45022K(1398272K)->45158K(1398272K)
[84.935s][info][gc,metaspace   ] GC(632) Metaspace: 75211K(75648K)->75211K(75648K) NonClass: 59880K(60096K)->59880K(60096K) Class: 15330K(15552K)->15330K(15552K)
[84.935s][info][gc             ] GC(632) Pause Young (Allocation Failure) 565M->45M(1874M) 1.188ms
[84.935s][info][gc,cpu         ] GC(632) User=0.00s Sys=0.00s Real=0.00s
[85.060s][info][gc,start       ] GC(633) Pause Young (Allocation Failure)
[85.061s][info][gc,heap        ] GC(633) PSYoungGen: 520576K(520704K)->1920K(507904K) Eden: 518656K(518656K)->0K(505856K) From: 1920K(2048K)->1920K(2048K)
[85.061s][info][gc,heap        ] GC(633) ParOldGen: 45158K(1398272K)->45286K(1398272K)
[85.061s][info][gc,metaspace   ] GC(633) Metaspace: 75211K(75648K)->75211K(75648K) NonClass: 59880K(60096K)->59880K(60096K) Class: 15330K(15552K)->15330K(15552K)
[85.061s][info][gc             ] GC(633) Pause Young (Allocation Failure) 552M->46M(1861M) 1.521ms
[85.061s][info][gc,cpu         ] GC(633) User=0.00s Sys=0.00s Real=0.00s
[85.184s][info][gc,start       ] GC(634) Pause Young (Allocation Failure)
[85.185s][info][gc,heap        ] GC(634) PSYoungGen: 507776K(507904K)->1536K(495104K) Eden: 505856K(505856K)->0K(493568K) From: 1920K(2048K)->1536K(1536K)
[85.185s][info][gc,heap        ] GC(634) ParOldGen: 45286K(1398272K)->45574K(1398272K)
[85.185s][info][gc,metaspace   ] GC(634) Metaspace: 75211K(75648K)->75211K(75648K) NonClass: 59880K(60096K)->59880K(60096K) Class: 15330K(15552K)->15330K(15552K)
[85.185s][info][gc             ] GC(634) Pause Young (Allocation Failure) 540M->46M(1849M) 1.141ms
[85.185s][info][gc,cpu         ] GC(634) User=0.00s Sys=0.00s Real=0.00s
[85.313s][info][gc,start       ] GC(635) Pause Young (Allocation Failure)
[85.314s][info][gc,heap        ] GC(635) PSYoungGen: 495104K(495104K)->1696K(483840K) Eden: 493568K(493568K)->0K(481792K) From: 1536K(1536K)->1696K(2048K)
[85.314s][info][gc,heap        ] GC(635) ParOldGen: 45574K(1398272K)->45838K(1398272K)
[85.314s][info][gc,metaspace   ] GC(635) Metaspace: 75211K(75648K)->75211K(75648K) NonClass: 59880K(60096K)->59880K(60096K) Class: 15330K(15552K)->15330K(15552K)
[85.314s][info][gc             ] GC(635) Pause Young (Allocation Failure) 528M->46M(1838M) 1.360ms
[85.314s][info][gc,cpu         ] GC(635) User=0.00s Sys=0.00s Real=0.00s
[85.437s][info][gc,start       ] GC(636) Pause Young (Allocation Failure)
[85.438s][info][gc,heap        ] GC(636) PSYoungGen: 483488K(483840K)->1600K(472576K) Eden: 481792K(481792K)->0K(470528K) From: 1696K(2048K)->1600K(2048K)
[85.438s][info][gc,heap        ] GC(636) ParOldGen: 45838K(1398272K)->46094K(1398272K)
[85.438s][info][gc,metaspace   ] GC(636) Metaspace: 75211K(75648K)->75211K(75648K) NonClass: 59880K(60096K)->59880K(60096K) Class: 15330K(15552K)->15330K(15552K)
[85.438s][info][gc             ] GC(636) Pause Young (Allocation Failure) 516M->46M(1827M) 1.076ms
[85.438s][info][gc,cpu         ] GC(636) User=0.00s Sys=0.00s Real=0.00s
[85.560s][info][gc,start       ] GC(637) Pause Young (Allocation Failure)
[85.561s][info][gc,heap        ] GC(637) PSYoungGen: 472128K(472576K)->1536K(461312K) Eden: 470528K(470528K)->0K(459776K) From: 1600K(2048K)->1536K(1536K)
[85.561s][info][gc,heap        ] GC(637) ParOldGen: 46094K(1398272K)->46358K(1398272K)
[85.561s][info][gc,metaspace   ] GC(637) Metaspace: 75211K(75648K)->75211K(75648K) NonClass: 59880K(60096K)->59880K(60096K) Class: 15330K(15552K)->15330K(15552K)
[85.561s][info][gc             ] GC(637) Pause Young (Allocation Failure) 506M->46M(1816M) 1.333ms
[85.561s][info][gc,cpu         ] GC(637) User=0.00s Sys=0.00s Real=0.00s
[85.685s][info][gc,start       ] GC(638) Pause Young (Allocation Failure)
[85.695s][info][gc,heap        ] GC(638) PSYoungGen: 461312K(461312K)->1568K(451584K) Eden: 459776K(459776K)->0K(449536K) From: 1536K(1536K)->1568K(2048K)
[85.695s][info][gc,heap        ] GC(638) ParOldGen: 46358K(1398272K)->46614K(1398272K)
[85.695s][info][gc,metaspace   ] GC(638) Metaspace: 75211K(75648K)->75211K(75648K) NonClass: 59880K(60096K)->59880K(60096K) Class: 15330K(15552K)->15330K(15552K)
[85.695s][info][gc             ] GC(638) Pause Young (Allocation Failure) 495M->47M(1806M) 9.975ms
[85.695s][info][gc,cpu         ] GC(638) User=0.00s Sys=0.00s Real=0.01s
[85.826s][info][gc,start       ] GC(639) Pause Young (Allocation Failure)
[85.827s][info][gc,heap        ] GC(639) PSYoungGen: 451104K(451584K)->1440K(440832K) Eden: 449536K(449536K)->0K(439296K) From: 1568K(2048K)->1440K(1536K)
[85.827s][info][gc,heap        ] GC(639) ParOldGen: 46614K(1398272K)->46918K(1398272K)
[85.827s][info][gc,metaspace   ] GC(639) Metaspace: 75211K(75648K)->75211K(75648K) NonClass: 59880K(60096K)->59880K(60096K) Class: 15330K(15552K)->15330K(15552K)
[85.827s][info][gc             ] GC(639) Pause Young (Allocation Failure) 486M->47M(1796M) 1.176ms
[85.827s][info][gc,cpu         ] GC(639) User=0.00s Sys=0.00s Real=0.00s
[85.973s][info][gc,start       ] GC(640) Pause Young (Allocation Failure)
[85.974s][info][gc,heap        ] GC(640) PSYoungGen: 440736K(440832K)->1152K(431104K) Eden: 439296K(439296K)->0K(429568K) From: 1440K(1536K)->1152K(1536K)
[85.974s][info][gc,heap        ] GC(640) ParOldGen: 46918K(1398272K)->47238K(1398272K)
[85.974s][info][gc,metaspace   ] GC(640) Metaspace: 75218K(75648K)->75218K(75648K) NonClass: 59887K(60096K)->59887K(60096K) Class: 15330K(15552K)->15330K(15552K)
[85.974s][info][gc             ] GC(640) Pause Young (Allocation Failure) 476M->47M(1786M) 1.074ms
[85.974s][info][gc,cpu         ] GC(640) User=0.00s Sys=0.00s Real=0.00s
[86.167s][info][gc,start       ] GC(641) Pause Young (Allocation Failure)
[86.168s][info][gc,heap        ] GC(641) PSYoungGen: 430720K(431104K)->1152K(421888K) Eden: 429568K(429568K)->0K(420352K) From: 1152K(1536K)->1152K(1536K)
[86.168s][info][gc,heap        ] GC(641) ParOldGen: 47238K(1398272K)->47614K(1398272K)
[86.168s][info][gc,metaspace   ] GC(641) Metaspace: 75221K(75712K)->75221K(75712K) NonClass: 59890K(60160K)->59890K(60160K) Class: 15330K(15552K)->15330K(15552K)
[86.168s][info][gc             ] GC(641) Pause Young (Allocation Failure) 466M->47M(1777M) 1.125ms
[86.168s][info][gc,cpu         ] GC(641) User=0.00s Sys=0.00s Real=0.00s
[86.426s][info][gc,start       ] GC(642) Pause Young (Allocation Failure)
[86.427s][info][gc,heap        ] GC(642) PSYoungGen: 421504K(421888K)->1056K(412672K) Eden: 420352K(420352K)->0K(411136K) From: 1152K(1536K)->1056K(1536K)
[86.427s][info][gc,heap        ] GC(642) ParOldGen: 47614K(1398272K)->47950K(1398272K)
[86.427s][info][gc,metaspace   ] GC(642) Metaspace: 75221K(75712K)->75221K(75712K) NonClass: 59890K(60160K)->59890K(60160K) Class: 15330K(15552K)->15330K(15552K)
[86.427s][info][gc             ] GC(642) Pause Young (Allocation Failure) 458M->47M(1768M) 0.984ms
[86.427s][info][gc,cpu         ] GC(642) User=0.00s Sys=0.00s Real=0.00s
[86.698s][info][gc,start       ] GC(643) Pause Young (Allocation Failure)
[86.698s][info][gc,heap        ] GC(643) PSYoungGen: 412192K(412672K)->1056K(403968K) Eden: 411136K(411136K)->0K(402432K) From: 1056K(1536K)->1056K(1536K)
[86.699s][info][gc,heap        ] GC(643) ParOldGen: 47950K(1398272K)->48174K(1398272K)
[86.699s][info][gc,metaspace   ] GC(643) Metaspace: 75221K(75712K)->75221K(75712K) NonClass: 59890K(60160K)->59890K(60160K) Class: 15330K(15552K)->15330K(15552K)
[86.699s][info][gc             ] GC(643) Pause Young (Allocation Failure) 449M->48M(1760M) 0.847ms
[86.699s][info][gc,cpu         ] GC(643) User=0.00s Sys=0.00s Real=0.00s
[86.959s][info][gc,start       ] GC(644) Pause Young (Allocation Failure)
[86.960s][info][gc,heap        ] GC(644) PSYoungGen: 403488K(403968K)->1056K(395264K) Eden: 402432K(402432K)->0K(393728K) From: 1056K(1536K)->1056K(1536K)
[86.960s][info][gc,heap        ] GC(644) ParOldGen: 48174K(1398272K)->48174K(1398272K)
[86.960s][info][gc,metaspace   ] GC(644) Metaspace: 75221K(75712K)->75221K(75712K) NonClass: 59890K(60160K)->59890K(60160K) Class: 15330K(15552K)->15330K(15552K)
[86.960s][info][gc             ] GC(644) Pause Young (Allocation Failure) 441M->48M(1751M) 0.997ms
[86.960s][info][gc,cpu         ] GC(644) User=0.00s Sys=0.00s Real=0.00s
[87.220s][info][gc,start       ] GC(645) Pause Young (Allocation Failure)
[87.221s][info][gc,heap        ] GC(645) PSYoungGen: 394784K(395264K)->1056K(387072K) Eden: 393728K(393728K)->0K(385536K) From: 1056K(1536K)->1056K(1536K)
[87.221s][info][gc,heap        ] GC(645) ParOldGen: 48174K(1398272K)->48174K(1398272K)
[87.221s][info][gc,metaspace   ] GC(645) Metaspace: 75221K(75712K)->75221K(75712K) NonClass: 59890K(60160K)->59890K(60160K) Class: 15330K(15552K)->15330K(15552K)
[87.221s][info][gc             ] GC(645) Pause Young (Allocation Failure) 432M->48M(1743M) 0.864ms
[87.221s][info][gc,cpu         ] GC(645) User=0.00s Sys=0.00s Real=0.00s
[87.428s][info][gc,start       ] GC(646) Pause Young (System.gc())
[87.430s][info][gc,heap        ] GC(646) PSYoungGen: 269583K(387072K)->1248K(387072K) Eden: 268527K(385536K)->0K(385536K) From: 1056K(1536K)->1248K(1536K)
[87.430s][info][gc,heap        ] GC(646) ParOldGen: 48174K(1398272K)->48270K(1398272K)
[87.430s][info][gc,metaspace   ] GC(646) Metaspace: 75298K(75776K)->75298K(75776K) NonClass: 59967K(60224K)->59967K(60224K) Class: 15330K(15552K)->15330K(15552K)
[87.430s][info][gc             ] GC(646) Pause Young (System.gc()) 310M->48M(1743M) 1.618ms
[87.430s][info][gc,cpu         ] GC(646) User=0.00s Sys=0.00s Real=0.00s
[87.430s][info][gc,start       ] GC(647) Pause Full (System.gc())
[87.430s][info][gc,phases,start] GC(647) Marking Phase
[87.472s][info][gc,phases      ] GC(647) Marking Phase 41.852ms
[87.472s][info][gc,phases,start] GC(647) Summary Phase
[87.472s][info][gc,phases      ] GC(647) Summary Phase 0.015ms
[87.472s][info][gc,phases,start] GC(647) Adjust Roots
[87.483s][info][gc,phases      ] GC(647) Adjust Roots 11.076ms
[87.483s][info][gc,phases,start] GC(647) Compaction Phase
[87.492s][info][gc,phases      ] GC(647) Compaction Phase 8.560ms
[87.492s][info][gc,phases,start] GC(647) Post Compact
[87.493s][info][gc,phases      ] GC(647) Post Compact 1.094ms
[87.493s][info][gc,heap        ] GC(647) PSYoungGen: 1248K(387072K)->0K(387072K) Eden: 0K(385536K)->0K(385536K) From: 1248K(1536K)->0K(1536K)
[87.493s][info][gc,heap        ] GC(647) ParOldGen: 48270K(1398272K)->35751K(1398272K)
[87.493s][info][gc,metaspace   ] GC(647) Metaspace: 75298K(75776K)->75298K(75776K) NonClass: 59967K(60224K)->59967K(60224K) Class: 15330K(15552K)->15330K(15552K)
[87.493s][info][gc             ] GC(647) Pause Full (System.gc()) 48M->34M(1743M) 62.866ms
[87.493s][info][gc,cpu         ] GC(647) User=0.58s Sys=0.02s Real=0.06s
[87.616s][info][gc,start       ] GC(648) Pause Young (Allocation Failure)
[87.618s][info][gc,heap        ] GC(648) PSYoungGen: 385536K(387072K)->2560K(380416K) Eden: 385536K(385536K)->0K(377856K) From: 0K(1536K)->2560K(2560K)
[87.618s][info][gc,heap        ] GC(648) ParOldGen: 35751K(1398272K)->36655K(1398272K)
[87.618s][info][gc,metaspace   ] GC(648) Metaspace: 75497K(75968K)->75497K(75968K) NonClass: 60166K(60416K)->60166K(60416K) Class: 15330K(15552K)->15330K(15552K)
[87.618s][info][gc             ] GC(648) Pause Young (Allocation Failure) 411M->38M(1737M) 1.883ms
[87.618s][info][gc,cpu         ] GC(648) User=0.00s Sys=0.00s Real=0.00s
[87.714s][info][gc,start       ] GC(649) Pause Young (Allocation Failure)
[87.715s][info][gc,heap        ] GC(649) PSYoungGen: 380416K(380416K)->1536K(371712K) Eden: 377856K(377856K)->0K(370176K) From: 2560K(2560K)->1536K(1536K)
[87.715s][info][gc,heap        ] GC(649) ParOldGen: 36655K(1398272K)->38471K(1398272K)
[87.715s][info][gc,metaspace   ] GC(649) Metaspace: 75497K(75968K)->75497K(75968K) NonClass: 60166K(60416K)->60166K(60416K) Class: 15330K(15552K)->15330K(15552K)
[87.715s][info][gc             ] GC(649) Pause Young (Allocation Failure) 407M->39M(1728M) 1.567ms
[87.715s][info][gc,cpu         ] GC(649) User=0.00s Sys=0.00s Real=0.00s
[87.806s][info][gc,start       ] GC(650) Pause Young (Allocation Failure)
[87.807s][info][gc,heap        ] GC(650) PSYoungGen: 371712K(371712K)->1920K(365056K) Eden: 370176K(370176K)->0K(363008K) From: 1536K(1536K)->1920K(2048K)
[87.807s][info][gc,heap        ] GC(650) ParOldGen: 38471K(1398272K)->38687K(1398272K)
[87.807s][info][gc,metaspace   ] GC(650) Metaspace: 75497K(75968K)->75497K(75968K) NonClass: 60166K(60416K)->60166K(60416K) Class: 15330K(15552K)->15330K(15552K)
[87.807s][info][gc             ] GC(650) Pause Young (Allocation Failure) 400M->39M(1722M) 1.311ms
[87.807s][info][gc,cpu         ] GC(650) User=0.00s Sys=0.00s Real=0.00s
[87.895s][info][gc,start       ] GC(651) Pause Young (Allocation Failure)
[87.896s][info][gc,heap        ] GC(651) PSYoungGen: 364928K(365056K)->1888K(357888K) Eden: 363008K(363008K)->0K(355840K) From: 1920K(2048K)->1888K(2048K)
[87.896s][info][gc,heap        ] GC(651) ParOldGen: 38687K(1398272K)->38767K(1398272K)
[87.896s][info][gc,metaspace   ] GC(651) Metaspace: 75497K(75968K)->75497K(75968K) NonClass: 60166K(60416K)->60166K(60416K) Class: 15330K(15552K)->15330K(15552K)
[87.896s][info][gc             ] GC(651) Pause Young (Allocation Failure) 394M->39M(1715M) 1.348ms
[87.897s][info][gc,cpu         ] GC(651) User=0.00s Sys=0.00s Real=0.00s
[87.983s][info][gc,start       ] GC(652) Pause Young (Allocation Failure)
[87.984s][info][gc,heap        ] GC(652) PSYoungGen: 357728K(357888K)->1920K(350720K) Eden: 355840K(355840K)->0K(348672K) From: 1888K(2048K)->1920K(2048K)
[87.984s][info][gc,heap        ] GC(652) ParOldGen: 38767K(1398272K)->38871K(1398272K)
[87.984s][info][gc,metaspace   ] GC(652) Metaspace: 75497K(75968K)->75497K(75968K) NonClass: 60166K(60416K)->60166K(60416K) Class: 15330K(15552K)->15330K(15552K)
[87.984s][info][gc             ] GC(652) Pause Young (Allocation Failure) 387M->39M(1708M) 1.396ms
[87.984s][info][gc,cpu         ] GC(652) User=0.00s Sys=0.00s Real=0.00s
[88.068s][info][gc,start       ] GC(653) Pause Young (Allocation Failure)
[88.069s][info][gc,heap        ] GC(653) PSYoungGen: 350592K(350720K)->1856K(344064K) Eden: 348672K(348672K)->0K(342016K) From: 1920K(2048K)->1856K(2048K)
[88.069s][info][gc,heap        ] GC(653) ParOldGen: 38871K(1398272K)->38943K(1398272K)
[88.069s][info][gc,metaspace   ] GC(653) Metaspace: 75497K(75968K)->75497K(75968K) NonClass: 60166K(60416K)->60166K(60416K) Class: 15330K(15552K)->15330K(15552K)
[88.069s][info][gc             ] GC(653) Pause Young (Allocation Failure) 380M->39M(1701M) 1.383ms
[88.069s][info][gc,cpu         ] GC(653) User=0.48s Sys=0.00s Real=0.00s
[88.154s][info][gc,start       ] GC(654) Pause Young (Allocation Failure)
[88.156s][info][gc,heap        ] GC(654) PSYoungGen: 343872K(344064K)->1952K(337408K) Eden: 342016K(342016K)->0K(335360K) From: 1856K(2048K)->1952K(2048K)
[88.156s][info][gc,heap        ] GC(654) ParOldGen: 38943K(1398272K)->39063K(1398272K)
[88.156s][info][gc,metaspace   ] GC(654) Metaspace: 75497K(75968K)->75497K(75968K) NonClass: 60166K(60416K)->60166K(60416K) Class: 15330K(15552K)->15330K(15552K)
[88.156s][info][gc             ] GC(654) Pause Young (Allocation Failure) 373M->40M(1695M) 1.423ms
[88.156s][info][gc,cpu         ] GC(654) User=0.00s Sys=0.00s Real=0.00s
[88.238s][info][gc,start       ] GC(655) Pause Young (Allocation Failure)
[88.240s][info][gc,heap        ] GC(655) PSYoungGen: 337312K(337408K)->2016K(404480K) Eden: 335360K(335360K)->0K(402432K) From: 1952K(2048K)->2016K(2048K)
[88.240s][info][gc,heap        ] GC(655) ParOldGen: 39063K(1398272K)->39199K(1398272K)
[88.240s][info][gc,metaspace   ] GC(655) Metaspace: 75497K(75968K)->75497K(75968K) NonClass: 60166K(60416K)->60166K(60416K) Class: 15330K(15552K)->15330K(15552K)
[88.240s][info][gc             ] GC(655) Pause Young (Allocation Failure) 367M->40M(1760M) 1.320ms
[88.240s][info][gc,cpu         ] GC(655) User=0.00s Sys=0.00s Real=0.00s
[88.346s][info][gc,start       ] GC(656) Pause Young (Allocation Failure)
[88.347s][info][gc,heap        ] GC(656) PSYoungGen: 404448K(404480K)->1760K(485376K) Eden: 402432K(402432K)->0K(483328K) From: 2016K(2048K)->1760K(2048K)
[88.347s][info][gc,heap        ] GC(656) ParOldGen: 39199K(1398272K)->39359K(1398272K)
[88.348s][info][gc,metaspace   ] GC(656) Metaspace: 75497K(75968K)->75497K(75968K) NonClass: 60166K(60416K)->60166K(60416K) Class: 15330K(15552K)->15330K(15552K)
[88.348s][info][gc             ] GC(656) Pause Young (Allocation Failure) 433M->40M(1839M) 1.479ms
[88.348s][info][gc,cpu         ] GC(656) User=0.00s Sys=0.00s Real=0.00s
[88.469s][info][gc,start       ] GC(657) Pause Young (Allocation Failure)
[88.470s][info][gc,heap        ] GC(657) PSYoungGen: 485088K(485376K)->2016K(474112K) Eden: 483328K(483328K)->0K(472064K) From: 1760K(2048K)->2016K(2048K)
[88.470s][info][gc,heap        ] GC(657) ParOldGen: 39359K(1398272K)->39455K(1398272K)
[88.470s][info][gc,metaspace   ] GC(657) Metaspace: 75497K(75968K)->75497K(75968K) NonClass: 60166K(60416K)->60166K(60416K) Class: 15330K(15552K)->15330K(15552K)
[88.470s][info][gc             ] GC(657) Pause Young (Allocation Failure) 512M->40M(1828M) 1.238ms
[88.470s][info][gc,cpu         ] GC(657) User=0.00s Sys=0.00s Real=0.00s
[88.591s][info][gc,start       ] GC(658) Pause Young (Allocation Failure)
[88.592s][info][gc,heap        ] GC(658) PSYoungGen: 474080K(474112K)->1888K(463360K) Eden: 472064K(472064K)->0K(461312K) From: 2016K(2048K)->1888K(2048K)
[88.592s][info][gc,heap        ] GC(658) ParOldGen: 39455K(1398272K)->39703K(1398272K)
[88.592s][info][gc,metaspace   ] GC(658) Metaspace: 75497K(75968K)->75497K(75968K) NonClass: 60166K(60416K)->60166K(60416K) Class: 15330K(15552K)->15330K(15552K)
[88.592s][info][gc             ] GC(658) Pause Young (Allocation Failure) 501M->40M(1818M) 1.411ms
[88.592s][info][gc,cpu         ] GC(658) User=0.00s Sys=0.00s Real=0.00s
[88.711s][info][gc,start       ] GC(659) Pause Young (Allocation Failure)
[88.712s][info][gc,heap        ] GC(659) PSYoungGen: 463200K(463360K)->1920K(452608K) Eden: 461312K(461312K)->0K(450560K) From: 1888K(2048K)->1920K(2048K)
[88.712s][info][gc,heap        ] GC(659) ParOldGen: 39703K(1398272K)->39831K(1398272K)
[88.712s][info][gc,metaspace   ] GC(659) Metaspace: 75497K(75968K)->75497K(75968K) NonClass: 60166K(60416K)->60166K(60416K) Class: 15330K(15552K)->15330K(15552K)
[88.712s][info][gc             ] GC(659) Pause Young (Allocation Failure) 491M->40M(1807M) 1.225ms
[88.712s][info][gc,cpu         ] GC(659) User=0.00s Sys=0.00s Real=0.00s
[88.830s][info][gc,start       ] GC(660) Pause Young (Allocation Failure)
[88.831s][info][gc,heap        ] GC(660) PSYoungGen: 452480K(452608K)->1952K(442368K) Eden: 450560K(450560K)->0K(440320K) From: 1920K(2048K)->1952K(2048K)
[88.831s][info][gc,heap        ] GC(660) ParOldGen: 39831K(1398272K)->39999K(1398272K)
[88.831s][info][gc,metaspace   ] GC(660) Metaspace: 75497K(75968K)->75497K(75968K) NonClass: 60166K(60416K)->60166K(60416K) Class: 15330K(15552K)->15330K(15552K)
[88.831s][info][gc             ] GC(660) Pause Young (Allocation Failure) 480M->40M(1797M) 1.450ms
[88.831s][info][gc,cpu         ] GC(660) User=0.00s Sys=0.00s Real=0.00s
[88.945s][info][gc,start       ] GC(661) Pause Young (Allocation Failure)
[88.946s][info][gc,heap        ] GC(661) PSYoungGen: 442272K(442368K)->1856K(432640K) Eden: 440320K(440320K)->0K(430592K) From: 1952K(2048K)->1856K(2048K)
[88.946s][info][gc,heap        ] GC(661) ParOldGen: 39999K(1398272K)->40143K(1398272K)
[88.946s][info][gc,metaspace   ] GC(661) Metaspace: 75497K(75968K)->75497K(75968K) NonClass: 60166K(60416K)->60166K(60416K) Class: 15330K(15552K)->15330K(15552K)
[88.946s][info][gc             ] GC(661) Pause Young (Allocation Failure) 470M->41M(1788M) 1.223ms
[88.946s][info][gc,cpu         ] GC(661) User=0.00s Sys=0.00s Real=0.00s
[89.059s][info][gc,start       ] GC(662) Pause Young (Allocation Failure)
[89.061s][info][gc,heap        ] GC(662) PSYoungGen: 432448K(432640K)->1824K(423424K) Eden: 430592K(430592K)->0K(421376K) From: 1856K(2048K)->1824K(2048K)
[89.061s][info][gc,heap        ] GC(662) ParOldGen: 40143K(1398272K)->40303K(1398272K)
[89.061s][info][gc,metaspace   ] GC(662) Metaspace: 75497K(75968K)->75497K(75968K) NonClass: 60166K(60416K)->60166K(60416K) Class: 15330K(15552K)->15330K(15552K)
[89.061s][info][gc             ] GC(662) Pause Young (Allocation Failure) 461M->41M(1779M) 1.362ms
[89.061s][info][gc,cpu         ] GC(662) User=0.00s Sys=0.00s Real=0.00s
[89.171s][info][gc,start       ] GC(663) Pause Young (Allocation Failure)
[89.173s][info][gc,heap        ] GC(663) PSYoungGen: 423200K(423424K)->1536K(413696K) Eden: 421376K(421376K)->0K(412160K) From: 1824K(2048K)->1536K(1536K)
[89.173s][info][gc,heap        ] GC(663) ParOldGen: 40303K(1398272K)->40559K(1398272K)
[89.173s][info][gc,metaspace   ] GC(663) Metaspace: 75497K(75968K)->75497K(75968K) NonClass: 60166K(60416K)->60166K(60416K) Class: 15330K(15552K)->15330K(15552K)
[89.173s][info][gc             ] GC(663) Pause Young (Allocation Failure) 452M->41M(1769M) 1.272ms
[89.173s][info][gc,cpu         ] GC(663) User=0.00s Sys=0.00s Real=0.00s
[89.277s][info][gc,start       ] GC(664) Pause Young (Allocation Failure)
[89.279s][info][gc,heap        ] GC(664) PSYoungGen: 413696K(413696K)->1824K(405504K) Eden: 412160K(412160K)->0K(403456K) From: 1536K(1536K)->1824K(2048K)
[89.279s][info][gc,heap        ] GC(664) ParOldGen: 40559K(1398272K)->40743K(1398272K)
[89.279s][info][gc,metaspace   ] GC(664) Metaspace: 75497K(75968K)->75497K(75968K) NonClass: 60166K(60416K)->60166K(60416K) Class: 15330K(15552K)->15330K(15552K)
[89.279s][info][gc             ] GC(664) Pause Young (Allocation Failure) 443M->41M(1761M) 1.416ms
[89.279s][info][gc,cpu         ] GC(664) User=0.00s Sys=0.00s Real=0.00s
[89.380s][info][gc,start       ] GC(665) Pause Young (Allocation Failure)
[89.381s][info][gc,heap        ] GC(665) PSYoungGen: 405280K(405504K)->1856K(396800K) Eden: 403456K(403456K)->0K(394752K) From: 1824K(2048K)->1856K(2048K)
[89.381s][info][gc,heap        ] GC(665) ParOldGen: 40743K(1398272K)->40863K(1398272K)
[89.381s][info][gc,metaspace   ] GC(665) Metaspace: 75497K(75968K)->75497K(75968K) NonClass: 60166K(60416K)->60166K(60416K) Class: 15330K(15552K)->15330K(15552K)
[89.381s][info][gc             ] GC(665) Pause Young (Allocation Failure) 435M->41M(1753M) 1.149ms
[89.381s][info][gc,cpu         ] GC(665) User=0.00s Sys=0.00s Real=0.00s
[89.477s][info][gc,start       ] GC(666) Pause Young (Allocation Failure)
[89.478s][info][gc,heap        ] GC(666) PSYoungGen: 396608K(396800K)->2016K(388608K) Eden: 394752K(394752K)->0K(386560K) From: 1856K(2048K)->2016K(2048K)
[89.478s][info][gc,heap        ] GC(666) ParOldGen: 40863K(1398272K)->40975K(1398272K)
[89.478s][info][gc,metaspace   ] GC(666) Metaspace: 75497K(75968K)->75497K(75968K) NonClass: 60166K(60416K)->60166K(60416K) Class: 15330K(15552K)->15330K(15552K)
[89.478s][info][gc             ] GC(666) Pause Young (Allocation Failure) 427M->41M(1745M) 1.367ms
[89.478s][info][gc,cpu         ] GC(666) User=0.00s Sys=0.00s Real=0.00s
[89.571s][info][gc,start       ] GC(667) Pause Young (Allocation Failure)
[89.573s][info][gc,heap        ] GC(667) PSYoungGen: 388576K(388608K)->1536K(379904K) Eden: 386560K(386560K)->0K(378368K) From: 2016K(2048K)->1536K(1536K)
[89.573s][info][gc,heap        ] GC(667) ParOldGen: 40975K(1398272K)->41255K(1398272K)
[89.573s][info][gc,metaspace   ] GC(667) Metaspace: 75497K(75968K)->75497K(75968K) NonClass: 60166K(60416K)->60166K(60416K) Class: 15330K(15552K)->15330K(15552K)
[89.573s][info][gc             ] GC(667) Pause Young (Allocation Failure) 419M->41M(1736M) 1.207ms
[89.573s][info][gc,cpu         ] GC(667) User=0.00s Sys=0.00s Real=0.00s
[89.666s][info][gc,start       ] GC(668) Pause Young (Allocation Failure)
[89.667s][info][gc,heap        ] GC(668) PSYoungGen: 379904K(379904K)->1920K(372736K) Eden: 378368K(378368K)->0K(370688K) From: 1536K(1536K)->1920K(2048K)
[89.667s][info][gc,heap        ] GC(668) ParOldGen: 41255K(1398272K)->41399K(1398272K)
[89.667s][info][gc,metaspace   ] GC(668) Metaspace: 75497K(75968K)->75497K(75968K) NonClass: 60166K(60416K)->60166K(60416K) Class: 15330K(15552K)->15330K(15552K)
[89.668s][info][gc             ] GC(668) Pause Young (Allocation Failure) 411M->42M(1729M) 1.344ms
[89.668s][info][gc,cpu         ] GC(668) User=0.00s Sys=0.00s Real=0.00s
[89.760s][info][gc,start       ] GC(669) Pause Young (Allocation Failure)
[89.761s][info][gc,heap        ] GC(669) PSYoungGen: 372608K(372736K)->1888K(365568K) Eden: 370688K(370688K)->0K(363520K) From: 1920K(2048K)->1888K(2048K)
[89.761s][info][gc,heap        ] GC(669) ParOldGen: 41399K(1398272K)->41519K(1398272K)
[89.761s][info][gc,metaspace   ] GC(669) Metaspace: 75497K(75968K)->75497K(75968K) NonClass: 60166K(60416K)->60166K(60416K) Class: 15330K(15552K)->15330K(15552K)
[89.761s][info][gc             ] GC(669) Pause Young (Allocation Failure) 404M->42M(1722M) 1.160ms
[89.761s][info][gc,cpu         ] GC(669) User=0.00s Sys=0.00s Real=0.00s
[89.853s][info][gc,start       ] GC(670) Pause Young (Allocation Failure)
[89.854s][info][gc,heap        ] GC(670) PSYoungGen: 365408K(365568K)->1888K(358400K) Eden: 363520K(363520K)->0K(356352K) From: 1888K(2048K)->1888K(2048K)
[89.854s][info][gc,heap        ] GC(670) ParOldGen: 41519K(1398272K)->41663K(1398272K)
[89.854s][info][gc,metaspace   ] GC(670) Metaspace: 75497K(75968K)->75497K(75968K) NonClass: 60166K(60416K)->60166K(60416K) Class: 15330K(15552K)->15330K(15552K)
[89.854s][info][gc             ] GC(670) Pause Young (Allocation Failure) 397M->42M(1715M) 1.376ms
[89.854s][info][gc,cpu         ] GC(670) User=0.00s Sys=0.00s Real=0.00s
[89.943s][info][gc,start       ] GC(671) Pause Young (Allocation Failure)
[89.944s][info][gc,heap        ] GC(671) PSYoungGen: 358240K(358400K)->1536K(429568K) Eden: 356352K(356352K)->0K(428032K) From: 1888K(2048K)->1536K(1536K)
[89.944s][info][gc,heap        ] GC(671) ParOldGen: 41663K(1398272K)->41847K(1398272K)
[89.944s][info][gc,metaspace   ] GC(671) Metaspace: 75497K(75968K)->75497K(75968K) NonClass: 60166K(60416K)->60166K(60416K) Class: 15330K(15552K)->15330K(15552K)
[89.944s][info][gc             ] GC(671) Pause Young (Allocation Failure) 390M->42M(1785M) 1.183ms
[89.944s][info][gc,cpu         ] GC(671) User=0.52s Sys=0.00s Real=0.00s
[90.050s][info][gc,start       ] GC(672) Pause Young (Allocation Failure)
[90.051s][info][gc,heap        ] GC(672) PSYoungGen: 429568K(429568K)->1824K(420864K) Eden: 428032K(428032K)->0K(418816K) From: 1536K(1536K)->1824K(2048K)
[90.051s][info][gc,heap        ] GC(672) ParOldGen: 41847K(1398272K)->41959K(1398272K)
[90.051s][info][gc,metaspace   ] GC(672) Metaspace: 75497K(75968K)->75497K(75968K) NonClass: 60166K(60416K)->60166K(60416K) Class: 15330K(15552K)->15330K(15552K)
[90.051s][info][gc             ] GC(672) Pause Young (Allocation Failure) 460M->42M(1776M) 1.342ms
[90.051s][info][gc,cpu         ] GC(672) User=0.00s Sys=0.00s Real=0.00s
[90.156s][info][gc,start       ] GC(673) Pause Young (Allocation Failure)
[90.158s][info][gc,heap        ] GC(673) PSYoungGen: 420640K(420864K)->1952K(411648K) Eden: 418816K(418816K)->0K(409600K) From: 1824K(2048K)->1952K(2048K)
[90.158s][info][gc,heap        ] GC(673) ParOldGen: 41959K(1398272K)->42095K(1398272K)
[90.158s][info][gc,metaspace   ] GC(673) Metaspace: 75497K(75968K)->75497K(75968K) NonClass: 60166K(60416K)->60166K(60416K) Class: 15330K(15552K)->15330K(15552K)
[90.158s][info][gc             ] GC(673) Pause Young (Allocation Failure) 451M->43M(1767M) 1.166ms
[90.158s][info][gc,cpu         ] GC(673) User=0.00s Sys=0.00s Real=0.00s
[90.257s][info][gc,start       ] GC(674) Pause Young (Allocation Failure)
[90.258s][info][gc,heap        ] GC(674) PSYoungGen: 411552K(411648K)->1920K(402944K) Eden: 409600K(409600K)->0K(400896K) From: 1952K(2048K)->1920K(2048K)
[90.258s][info][gc,heap        ] GC(674) ParOldGen: 42095K(1398272K)->42223K(1398272K)
[90.258s][info][gc,metaspace   ] GC(674) Metaspace: 75497K(75968K)->75497K(75968K) NonClass: 60166K(60416K)->60166K(60416K) Class: 15330K(15552K)->15330K(15552K)
[90.258s][info][gc             ] GC(674) Pause Young (Allocation Failure) 443M->43M(1759M) 1.439ms
[90.258s][info][gc,cpu         ] GC(674) User=0.00s Sys=0.00s Real=0.00s
[90.358s][info][gc,start       ] GC(675) Pause Young (Allocation Failure)
[90.359s][info][gc,heap        ] GC(675) PSYoungGen: 402816K(402944K)->1536K(394240K) Eden: 400896K(400896K)->0K(392704K) From: 1920K(2048K)->1536K(1536K)
[90.359s][info][gc,heap        ] GC(675) ParOldGen: 42223K(1398272K)->42423K(1398272K)
[90.359s][info][gc,metaspace   ] GC(675) Metaspace: 75497K(75968K)->75497K(75968K) NonClass: 60166K(60416K)->60166K(60416K) Class: 15330K(15552K)->15330K(15552K)
[90.359s][info][gc             ] GC(675) Pause Young (Allocation Failure) 434M->42M(1750M) 1.131ms
[90.359s][info][gc,cpu         ] GC(675) User=0.00s Sys=0.00s Real=0.00s
[90.458s][info][gc,start       ] GC(676) Pause Young (Allocation Failure)
[90.459s][info][gc,heap        ] GC(676) PSYoungGen: 394240K(394240K)->1920K(386560K) Eden: 392704K(392704K)->0K(384512K) From: 1536K(1536K)->1920K(2048K)
[90.459s][info][gc,heap        ] GC(676) ParOldGen: 42423K(1398272K)->42551K(1398272K)
[90.459s][info][gc,metaspace   ] GC(676) Metaspace: 75497K(75968K)->75497K(75968K) NonClass: 60166K(60416K)->60166K(60416K) Class: 15330K(15552K)->15330K(15552K)
[90.459s][info][gc             ] GC(676) Pause Young (Allocation Failure) 426M->43M(1743M) 1.311ms
[90.459s][info][gc,cpu         ] GC(676) User=0.52s Sys=0.00s Real=0.00s
[90.553s][info][gc,start       ] GC(677) Pause Young (Allocation Failure)
[90.554s][info][gc,heap        ] GC(677) PSYoungGen: 386432K(386560K)->1888K(378880K) Eden: 384512K(384512K)->0K(376832K) From: 1920K(2048K)->1888K(2048K)
[90.554s][info][gc,heap        ] GC(677) ParOldGen: 42551K(1398272K)->42799K(1398272K)
[90.554s][info][gc,metaspace   ] GC(677) Metaspace: 75497K(75968K)->75497K(75968K) NonClass: 60166K(60416K)->60166K(60416K) Class: 15330K(15552K)->15330K(15552K)
[90.554s][info][gc             ] GC(677) Pause Young (Allocation Failure) 418M->43M(1735M) 1.147ms
[90.554s][info][gc,cpu         ] GC(677) User=0.00s Sys=0.00s Real=0.00s
[90.645s][info][gc,start       ] GC(678) Pause Young (Allocation Failure)
[90.647s][info][gc,heap        ] GC(678) PSYoungGen: 378720K(378880K)->1824K(371200K) Eden: 376832K(376832K)->0K(369152K) From: 1888K(2048K)->1824K(2048K)
[90.647s][info][gc,heap        ] GC(678) ParOldGen: 42799K(1398272K)->42903K(1398272K)
[90.647s][info][gc,metaspace   ] GC(678) Metaspace: 75497K(75968K)->75497K(75968K) NonClass: 60166K(60416K)->60166K(60416K) Class: 15330K(15552K)->15330K(15552K)
[90.647s][info][gc             ] GC(678) Pause Young (Allocation Failure) 411M->43M(1728M) 1.432ms
[90.647s][info][gc,cpu         ] GC(678) User=0.02s Sys=0.00s Real=0.00s
[90.739s][info][gc,start       ] GC(679) Pause Young (Allocation Failure)
[90.741s][info][gc,heap        ] GC(679) PSYoungGen: 370976K(371200K)->1536K(363520K) Eden: 369152K(369152K)->0K(361984K) From: 1824K(2048K)->1536K(1536K)
[90.741s][info][gc,heap        ] GC(679) ParOldGen: 42903K(1398272K)->43095K(1398272K)
[90.741s][info][gc,metaspace   ] GC(679) Metaspace: 75497K(75968K)->75497K(75968K) NonClass: 60166K(60416K)->60166K(60416K) Class: 15330K(15552K)->15330K(15552K)
[90.741s][info][gc             ] GC(679) Pause Young (Allocation Failure) 404M->43M(1720M) 1.141ms
[90.741s][info][gc,cpu         ] GC(679) User=0.31s Sys=0.00s Real=0.00s
[90.830s][info][gc,start       ] GC(680) Pause Young (Allocation Failure)
[90.831s][info][gc,heap        ] GC(680) PSYoungGen: 363520K(363520K)->1952K(436736K) Eden: 361984K(361984K)->0K(434688K) From: 1536K(1536K)->1952K(2048K)
[90.831s][info][gc,heap        ] GC(680) ParOldGen: 43095K(1398272K)->43207K(1398272K)
[90.832s][info][gc,metaspace   ] GC(680) Metaspace: 75497K(75968K)->75497K(75968K) NonClass: 60166K(60416K)->60166K(60416K) Class: 15330K(15552K)->15330K(15552K)
[90.832s][info][gc             ] GC(680) Pause Young (Allocation Failure) 397M->44M(1792M) 1.307ms
[90.832s][info][gc,cpu         ] GC(680) User=0.00s Sys=0.00s Real=0.00s
[90.939s][info][gc,start       ] GC(681) Pause Young (Allocation Failure)
[90.940s][info][gc,heap        ] GC(681) PSYoungGen: 436640K(436736K)->1984K(427008K) Eden: 434688K(434688K)->0K(424960K) From: 1952K(2048K)->1984K(2048K)
[90.940s][info][gc,heap        ] GC(681) ParOldGen: 43207K(1398272K)->43367K(1398272K)
[90.940s][info][gc,metaspace   ] GC(681) Metaspace: 75497K(75968K)->75497K(75968K) NonClass: 60166K(60416K)->60166K(60416K) Class: 15330K(15552K)->15330K(15552K)
[90.940s][info][gc             ] GC(681) Pause Young (Allocation Failure) 468M->44M(1782M) 1.167ms
[90.940s][info][gc,cpu         ] GC(681) User=0.00s Sys=0.00s Real=0.00s
[91.045s][info][gc,start       ] GC(682) Pause Young (Allocation Failure)
[91.046s][info][gc,heap        ] GC(682) PSYoungGen: 426944K(427008K)->1920K(417792K) Eden: 424960K(424960K)->0K(415744K) From: 1984K(2048K)->1920K(2048K)
[91.046s][info][gc,heap        ] GC(682) ParOldGen: 43367K(1398272K)->43479K(1398272K)
[91.046s][info][gc,metaspace   ] GC(682) Metaspace: 75497K(75968K)->75497K(75968K) NonClass: 60166K(60416K)->60166K(60416K) Class: 15330K(15552K)->15330K(15552K)
[91.046s][info][gc             ] GC(682) Pause Young (Allocation Failure) 459M->44M(1773M) 1.358ms
[91.046s][info][gc,cpu         ] GC(682) User=0.00s Sys=0.00s Real=0.00s
[91.148s][info][gc,start       ] GC(683) Pause Young (Allocation Failure)
[91.149s][info][gc,heap        ] GC(683) PSYoungGen: 417664K(417792K)->1536K(408576K) Eden: 415744K(415744K)->0K(407040K) From: 1920K(2048K)->1536K(1536K)
[91.149s][info][gc,heap        ] GC(683) ParOldGen: 43479K(1398272K)->43679K(1398272K)
[91.149s][info][gc,metaspace   ] GC(683) Metaspace: 75497K(75968K)->75497K(75968K) NonClass: 60166K(60416K)->60166K(60416K) Class: 15330K(15552K)->15330K(15552K)
[91.149s][info][gc             ] GC(683) Pause Young (Allocation Failure) 450M->44M(1764M) 1.186ms
[91.149s][info][gc,cpu         ] GC(683) User=0.00s Sys=0.00s Real=0.00s
[91.249s][info][gc,start       ] GC(684) Pause Young (Allocation Failure)
[91.250s][info][gc,heap        ] GC(684) PSYoungGen: 408576K(408576K)->1952K(400384K) Eden: 407040K(407040K)->0K(398336K) From: 1536K(1536K)->1952K(2048K)
[91.250s][info][gc,heap        ] GC(684) ParOldGen: 43679K(1398272K)->43807K(1398272K)
[91.250s][info][gc,metaspace   ] GC(684) Metaspace: 75497K(75968K)->75497K(75968K) NonClass: 60166K(60416K)->60166K(60416K) Class: 15330K(15552K)->15330K(15552K)
[91.251s][info][gc             ] GC(684) Pause Young (Allocation Failure) 441M->44M(1756M) 1.375ms
[91.251s][info][gc,cpu         ] GC(684) User=0.00s Sys=0.00s Real=0.00s
[91.352s][info][gc,start       ] GC(685) Pause Young (Allocation Failure)
[91.404s][info][gc,heap        ] GC(685) PSYoungGen: 400288K(400384K)->1824K(392192K) Eden: 398336K(398336K)->0K(390144K) From: 1952K(2048K)->1824K(2048K)
[91.404s][info][gc,heap        ] GC(685) ParOldGen: 43807K(1398272K)->43919K(1398272K)
[91.404s][info][gc,metaspace   ] GC(685) Metaspace: 75497K(75968K)->75497K(75968K) NonClass: 60166K(60416K)->60166K(60416K) Class: 15330K(15552K)->15330K(15552K)
[91.404s][info][gc             ] GC(685) Pause Young (Allocation Failure) 433M->44M(1748M) 52.069ms
[91.404s][info][gc,cpu         ] GC(685) User=0.00s Sys=0.00s Real=0.05s
[91.509s][info][gc,start       ] GC(686) Pause Young (Allocation Failure)
[91.511s][info][gc,heap        ] GC(686) PSYoungGen: 391968K(392192K)->1920K(384000K) Eden: 390144K(390144K)->0K(381952K) From: 1824K(2048K)->1920K(2048K)
[91.511s][info][gc,heap        ] GC(686) ParOldGen: 43919K(1398272K)->44039K(1398272K)
[91.511s][info][gc,metaspace   ] GC(686) Metaspace: 75497K(75968K)->75497K(75968K) NonClass: 60166K(60416K)->60166K(60416K) Class: 15330K(15552K)->15330K(15552K)
[91.511s][info][gc             ] GC(686) Pause Young (Allocation Failure) 425M->44M(1740M) 1.373ms
[91.511s][info][gc,cpu         ] GC(686) User=0.00s Sys=0.00s Real=0.00s
[91.603s][info][gc,start       ] GC(687) Pause Young (Allocation Failure)
[91.604s][info][gc,heap        ] GC(687) PSYoungGen: 383872K(384000K)->1536K(375808K) Eden: 381952K(381952K)->0K(374272K) From: 1920K(2048K)->1536K(1536K)
[91.604s][info][gc,heap        ] GC(687) ParOldGen: 44039K(1398272K)->44351K(1398272K)
[91.604s][info][gc,metaspace   ] GC(687) Metaspace: 75497K(75968K)->75497K(75968K) NonClass: 60166K(60416K)->60166K(60416K) Class: 15330K(15552K)->15330K(15552K)
[91.604s][info][gc             ] GC(687) Pause Young (Allocation Failure) 417M->44M(1732M) 1.162ms
[91.604s][info][gc,cpu         ] GC(687) User=0.00s Sys=0.00s Real=0.00s
[91.698s][info][gc,start       ] GC(688) Pause Young (Allocation Failure)
[91.700s][info][gc,heap        ] GC(688) PSYoungGen: 375808K(375808K)->1952K(368640K) Eden: 374272K(374272K)->0K(366592K) From: 1536K(1536K)->1952K(2048K)
[91.700s][info][gc,heap        ] GC(688) ParOldGen: 44351K(1398272K)->44599K(1398272K)
[91.700s][info][gc,metaspace   ] GC(688) Metaspace: 75497K(75968K)->75497K(75968K) NonClass: 60166K(60416K)->60166K(60416K) Class: 15330K(15552K)->15330K(15552K)
[91.700s][info][gc             ] GC(688) Pause Young (Allocation Failure) 410M->45M(1725M) 1.344ms
[91.700s][info][gc,cpu         ] GC(688) User=0.00s Sys=0.00s Real=0.00s
[91.789s][info][gc,start       ] GC(689) Pause Young (Allocation Failure)
[91.790s][info][gc,heap        ] GC(689) PSYoungGen: 368544K(368640K)->1888K(442368K) Eden: 366592K(366592K)->0K(440320K) From: 1952K(2048K)->1888K(2048K)
[91.790s][info][gc,heap        ] GC(689) ParOldGen: 44599K(1398272K)->44719K(1398272K)
[91.790s][info][gc,metaspace   ] GC(689) Metaspace: 75497K(75968K)->75497K(75968K) NonClass: 60166K(60416K)->60166K(60416K) Class: 15330K(15552K)->15330K(15552K)
[91.790s][info][gc             ] GC(689) Pause Young (Allocation Failure) 403M->45M(1797M) 1.165ms
[91.790s][info][gc,cpu         ] GC(689) User=0.00s Sys=0.00s Real=0.00s
[91.897s][info][gc,start       ] GC(690) Pause Young (Allocation Failure)
[91.898s][info][gc,heap        ] GC(690) PSYoungGen: 442208K(442368K)->1984K(432640K) Eden: 440320K(440320K)->0K(430592K) From: 1888K(2048K)->1984K(2048K)
[91.898s][info][gc,heap        ] GC(690) ParOldGen: 44719K(1398272K)->44839K(1398272K)
[91.898s][info][gc,metaspace   ] GC(690) Metaspace: 75497K(75968K)->75497K(75968K) NonClass: 60166K(60416K)->60166K(60416K) Class: 15330K(15552K)->15330K(15552K)
[91.898s][info][gc             ] GC(690) Pause Young (Allocation Failure) 475M->45M(1788M) 1.400ms
[91.898s][info][gc,cpu         ] GC(690) User=0.00s Sys=0.00s Real=0.00s
[92.005s][info][gc,start       ] GC(691) Pause Young (Allocation Failure)
[92.006s][info][gc,heap        ] GC(691) PSYoungGen: 432576K(432640K)->1536K(422912K) Eden: 430592K(430592K)->0K(421376K) From: 1984K(2048K)->1536K(1536K)
[92.006s][info][gc,heap        ] GC(691) ParOldGen: 44839K(1398272K)->45127K(1398272K)
[92.006s][info][gc,metaspace   ] GC(691) Metaspace: 75497K(75968K)->75497K(75968K) NonClass: 60166K(60416K)->60166K(60416K) Class: 15330K(15552K)->15330K(15552K)
[92.006s][info][gc             ] GC(691) Pause Young (Allocation Failure) 466M->45M(1778M) 1.214ms
[92.006s][info][gc,cpu         ] GC(691) User=0.00s Sys=0.00s Real=0.00s
[92.114s][info][gc,start       ] GC(692) Pause Young (Allocation Failure)
[92.115s][info][gc,heap        ] GC(692) PSYoungGen: 422912K(422912K)->1824K(414208K) Eden: 421376K(421376K)->0K(412160K) From: 1536K(1536K)->1824K(2048K)
[92.115s][info][gc,heap        ] GC(692) ParOldGen: 45127K(1398272K)->45343K(1398272K)
[92.115s][info][gc,metaspace   ] GC(692) Metaspace: 75497K(75968K)->75497K(75968K) NonClass: 60166K(60416K)->60166K(60416K) Class: 15330K(15552K)->15330K(15552K)
[92.115s][info][gc             ] GC(692) Pause Young (Allocation Failure) 457M->46M(1770M) 1.245ms
[92.115s][info][gc,cpu         ] GC(692) User=0.02s Sys=0.00s Real=0.00s
[92.222s][info][gc,start       ] GC(693) Pause Young (Allocation Failure)
[92.223s][info][gc,heap        ] GC(693) PSYoungGen: 413984K(414208K)->1632K(405504K) Eden: 412160K(412160K)->0K(403456K) From: 1824K(2048K)->1632K(2048K)
[92.223s][info][gc,heap        ] GC(693) ParOldGen: 45343K(1398272K)->45647K(1398272K)
[92.223s][info][gc,metaspace   ] GC(693) Metaspace: 75497K(75968K)->75497K(75968K) NonClass: 60166K(60416K)->60166K(60416K) Class: 15330K(15552K)->15330K(15552K)
[92.223s][info][gc             ] GC(693) Pause Young (Allocation Failure) 448M->46M(1761M) 1.213ms
[92.223s][info][gc,cpu         ] GC(693) User=0.00s Sys=0.00s Real=0.00s
[92.327s][info][gc,start       ] GC(694) Pause Young (Allocation Failure)
[92.329s][info][gc,heap        ] GC(694) PSYoungGen: 405088K(405504K)->1632K(396800K) Eden: 403456K(403456K)->0K(394752K) From: 1632K(2048K)->1632K(2048K)
[92.329s][info][gc,heap        ] GC(694) ParOldGen: 45647K(1398272K)->45839K(1398272K)
[92.329s][info][gc,metaspace   ] GC(694) Metaspace: 75497K(75968K)->75497K(75968K) NonClass: 60166K(60416K)->60166K(60416K) Class: 15330K(15552K)->15330K(15552K)
[92.329s][info][gc             ] GC(694) Pause Young (Allocation Failure) 440M->46M(1753M) 1.350ms
[92.329s][info][gc,cpu         ] GC(694) User=0.00s Sys=0.00s Real=0.00s
[92.435s][info][gc,start       ] GC(695) Pause Young (Allocation Failure)
[92.436s][info][gc,heap        ] GC(695) PSYoungGen: 396384K(396800K)->1536K(388096K) Eden: 394752K(394752K)->0K(386560K) From: 1632K(2048K)->1536K(1536K)
[92.436s][info][gc,heap        ] GC(695) ParOldGen: 45839K(1398272K)->46095K(1398272K)
[92.436s][info][gc,metaspace   ] GC(695) Metaspace: 75508K(75968K)->75508K(75968K) NonClass: 60177K(60416K)->60177K(60416K) Class: 15330K(15552K)->15330K(15552K)
[92.437s][info][gc             ] GC(695) Pause Young (Allocation Failure) 431M->46M(1744M) 1.150ms
[92.437s][info][gc,cpu         ] GC(695) User=0.00s Sys=0.00s Real=0.00s
[92.542s][info][gc,start       ] GC(696) Pause Young (Allocation Failure)
[92.543s][info][gc,heap        ] GC(696) PSYoungGen: 388096K(388096K)->1504K(379904K) Eden: 386560K(386560K)->0K(378368K) From: 1536K(1536K)->1504K(1536K)
[92.543s][info][gc,heap        ] GC(696) ParOldGen: 46095K(1398272K)->46415K(1398272K)
[92.543s][info][gc,metaspace   ] GC(696) Metaspace: 75508K(75968K)->75508K(75968K) NonClass: 60177K(60416K)->60177K(60416K) Class: 15330K(15552K)->15330K(15552K)
[92.543s][info][gc             ] GC(696) Pause Young (Allocation Failure) 424M->46M(1736M) 1.246ms
[92.543s][info][gc,cpu         ] GC(696) User=0.00s Sys=0.00s Real=0.00s
[92.652s][info][gc,start       ] GC(697) Pause Young (Allocation Failure)
[92.654s][info][gc,heap        ] GC(697) PSYoungGen: 379872K(379904K)->1440K(372224K) Eden: 378368K(378368K)->0K(370688K) From: 1504K(1536K)->1440K(1536K)
[92.654s][info][gc,heap        ] GC(697) ParOldGen: 46415K(1398272K)->46703K(1398272K)
[92.654s][info][gc,metaspace   ] GC(697) Metaspace: 75508K(75968K)->75508K(75968K) NonClass: 60177K(60416K)->60177K(60416K) Class: 15330K(15552K)->15330K(15552K)
[92.654s][info][gc             ] GC(697) Pause Young (Allocation Failure) 416M->47M(1729M) 1.297ms
[92.654s][info][gc,cpu         ] GC(697) User=0.00s Sys=0.00s Real=0.00s
[92.763s][info][gc,start       ] GC(698) Pause Young (Allocation Failure)
[92.764s][info][gc,heap        ] GC(698) PSYoungGen: 372128K(372224K)->1408K(365056K) Eden: 370688K(370688K)->0K(363520K) From: 1440K(1536K)->1408K(1536K)
[92.764s][info][gc,heap        ] GC(698) ParOldGen: 46703K(1398272K)->46911K(1398272K)
[92.764s][info][gc,metaspace   ] GC(698) Metaspace: 75508K(75968K)->75508K(75968K) NonClass: 60177K(60416K)->60177K(60416K) Class: 15330K(15552K)->15330K(15552K)
[92.764s][info][gc             ] GC(698) Pause Young (Allocation Failure) 409M->47M(1722M) 1.301ms
[92.765s][info][gc,cpu         ] GC(698) User=0.00s Sys=0.00s Real=0.00s
[92.892s][info][gc,start       ] GC(699) Pause Young (Allocation Failure)
[92.893s][info][gc,heap        ] GC(699) PSYoungGen: 364928K(365056K)->1184K(357888K) Eden: 363520K(363520K)->0K(356352K) From: 1408K(1536K)->1184K(1536K)
[92.893s][info][gc,heap        ] GC(699) ParOldGen: 46911K(1398272K)->47223K(1398272K)
[92.893s][info][gc,metaspace   ] GC(699) Metaspace: 75508K(75968K)->75508K(75968K) NonClass: 60177K(60416K)->60177K(60416K) Class: 15330K(15552K)->15330K(15552K)
[92.893s][info][gc             ] GC(699) Pause Young (Allocation Failure) 402M->47M(1715M) 1.102ms
[92.893s][info][gc,cpu         ] GC(699) User=0.00s Sys=0.00s Real=0.00s
[93.071s][info][gc,start       ] GC(700) Pause Young (Allocation Failure)
[93.072s][info][gc,heap        ] GC(700) PSYoungGen: 357536K(357888K)->1120K(350720K) Eden: 356352K(356352K)->0K(349184K) From: 1184K(1536K)->1120K(1536K)
[93.072s][info][gc,heap        ] GC(700) ParOldGen: 47223K(1398272K)->47583K(1398272K)
[93.072s][info][gc,metaspace   ] GC(700) Metaspace: 75508K(75968K)->75508K(75968K) NonClass: 60177K(60416K)->60177K(60416K) Class: 15330K(15552K)->15330K(15552K)
[93.072s][info][gc             ] GC(700) Pause Young (Allocation Failure) 395M->47M(1708M) 1.198ms
[93.072s][info][gc,cpu         ] GC(700) User=0.00s Sys=0.00s Real=0.00s
[93.283s][info][gc,start       ] GC(701) Pause Young (Allocation Failure)
[93.284s][info][gc,heap        ] GC(701) PSYoungGen: 350304K(350720K)->1024K(343552K) Eden: 349184K(349184K)->0K(342528K) From: 1120K(1536K)->1024K(1024K)
[93.284s][info][gc,heap        ] GC(701) ParOldGen: 47583K(1398272K)->47903K(1398272K)
[93.284s][info][gc,metaspace   ] GC(701) Metaspace: 75508K(75968K)->75508K(75968K) NonClass: 60177K(60416K)->60177K(60416K) Class: 15330K(15552K)->15330K(15552K)
[93.284s][info][gc             ] GC(701) Pause Young (Allocation Failure) 388M->47M(1701M) 1.042ms
[93.284s][info][gc,cpu         ] GC(701) User=0.00s Sys=0.00s Real=0.00s
[93.503s][info][gc,start       ] GC(702) Pause Young (Allocation Failure)
[93.504s][info][gc,heap        ] GC(702) PSYoungGen: 343552K(343552K)->1056K(337408K) Eden: 342528K(342528K)->0K(335872K) From: 1024K(1024K)->1056K(1536K)
[93.504s][info][gc,heap        ] GC(702) ParOldGen: 47903K(1398272K)->48079K(1398272K)
[93.504s][info][gc,metaspace   ] GC(702) Metaspace: 75508K(75968K)->75508K(75968K) NonClass: 60177K(60416K)->60177K(60416K) Class: 15330K(15552K)->15330K(15552K)
[93.504s][info][gc             ] GC(702) Pause Young (Allocation Failure) 382M->47M(1695M) 0.898ms
[93.504s][info][gc,cpu         ] GC(702) User=0.00s Sys=0.00s Real=0.00s
[93.718s][info][gc,start       ] GC(703) Pause Young (Allocation Failure)
[93.719s][info][gc,heap        ] GC(703) PSYoungGen: 336928K(337408K)->1056K(331264K) Eden: 335872K(335872K)->0K(329728K) From: 1056K(1536K)->1056K(1536K)
[93.719s][info][gc,heap        ] GC(703) ParOldGen: 48079K(1398272K)->48175K(1398272K)
[93.719s][info][gc,metaspace   ] GC(703) Metaspace: 75508K(75968K)->75508K(75968K) NonClass: 60177K(60416K)->60177K(60416K) Class: 15330K(15552K)->15330K(15552K)
[93.719s][info][gc             ] GC(703) Pause Young (Allocation Failure) 375M->48M(1689M) 0.963ms
[93.719s][info][gc,cpu         ] GC(703) User=0.00s Sys=0.00s Real=0.00s
[93.932s][info][gc,start       ] GC(704) Pause Young (Allocation Failure)
[93.933s][info][gc,heap        ] GC(704) PSYoungGen: 330784K(331264K)->1056K(325120K) Eden: 329728K(329728K)->0K(323584K) From: 1056K(1536K)->1056K(1536K)
[93.933s][info][gc,heap        ] GC(704) ParOldGen: 48175K(1398272K)->48183K(1398272K)
[93.933s][info][gc,metaspace   ] GC(704) Metaspace: 75508K(75968K)->75508K(75968K) NonClass: 60177K(60416K)->60177K(60416K) Class: 15330K(15552K)->15330K(15552K)
[93.933s][info][gc             ] GC(704) Pause Young (Allocation Failure) 370M->48M(1683M) 0.909ms
[93.933s][info][gc,cpu         ] GC(704) User=0.00s Sys=0.00s Real=0.00s
[94.150s][info][gc,start       ] GC(705) Pause Young (Allocation Failure)
[94.151s][info][gc,heap        ] GC(705) PSYoungGen: 324640K(325120K)->1056K(318976K) Eden: 323584K(323584K)->0K(317440K) From: 1056K(1536K)->1056K(1536K)
[94.151s][info][gc,heap        ] GC(705) ParOldGen: 48183K(1398272K)->48223K(1398272K)
[94.151s][info][gc,metaspace   ] GC(705) Metaspace: 75508K(75968K)->75508K(75968K) NonClass: 60177K(60416K)->60177K(60416K) Class: 15330K(15552K)->15330K(15552K)
[94.151s][info][gc             ] GC(705) Pause Young (Allocation Failure) 364M->48M(1677M) 0.935ms
[94.151s][info][gc,cpu         ] GC(705) User=0.00s Sys=0.00s Real=0.00s
[94.353s][info][gc,start       ] GC(706) Pause Young (Allocation Failure)
[94.354s][info][gc,heap        ] GC(706) PSYoungGen: 318496K(318976K)->1056K(313344K) Eden: 317440K(317440K)->0K(311808K) From: 1056K(1536K)->1056K(1536K)
[94.354s][info][gc,heap        ] GC(706) ParOldGen: 48223K(1398272K)->48231K(1398272K)
[94.354s][info][gc,metaspace   ] GC(706) Metaspace: 75508K(75968K)->75508K(75968K) NonClass: 60177K(60416K)->60177K(60416K) Class: 15330K(15552K)->15330K(15552K)
[94.354s][info][gc             ] GC(706) Pause Young (Allocation Failure) 358M->48M(1671M) 0.915ms
[94.354s][info][gc,cpu         ] GC(706) User=0.00s Sys=0.00s Real=0.00s
[94.553s][info][gc,start       ] GC(707) Pause Young (Allocation Failure)
[94.554s][info][gc,heap        ] GC(707) PSYoungGen: 312864K(313344K)->1056K(307712K) Eden: 311808K(311808K)->0K(306176K) From: 1056K(1536K)->1056K(1536K)
[94.554s][info][gc,heap        ] GC(707) ParOldGen: 48231K(1398272K)->48263K(1398272K)
[94.554s][info][gc,metaspace   ] GC(707) Metaspace: 75508K(75968K)->75508K(75968K) NonClass: 60177K(60416K)->60177K(60416K) Class: 15330K(15552K)->15330K(15552K)
[94.554s][info][gc             ] GC(707) Pause Young (Allocation Failure) 352M->48M(1666M) 0.846ms
[94.554s][info][gc,cpu         ] GC(707) User=0.52s Sys=0.00s Real=0.00s
[94.580s][info][gc,heap,exit   ] Heap
[94.580s][info][gc,heap,exit   ]  PSYoungGen      total 307712K, used 14297K [0x00000000d5580000, 0x00000000f8a00000, 0x0000000100000000)
[94.580s][info][gc,heap,exit   ]   eden space 306176K, 4% used [0x00000000d5580000,0x00000000d626e608,0x00000000e8080000)
[94.580s][info][gc,heap,exit   ]   from space 1536K, 68% used [0x00000000f8880000,0x00000000f8988000,0x00000000f8a00000)
[94.580s][info][gc,heap,exit   ]   to   space 2560K, 0% used [0x00000000f8500000,0x00000000f8500000,0x00000000f8780000)
[94.580s][info][gc,heap,exit   ]  ParOldGen       total 1398272K, used 48263K [0x0000000080000000, 0x00000000d5580000, 0x00000000d5580000)
[94.580s][info][gc,heap,exit   ]   object space 1398272K, 3% used [0x0000000080000000,0x0000000082f21cf8,0x00000000d5580000)
[94.580s][info][gc,heap,exit   ]  Metaspace       used 75567K, committed 76032K, reserved 1114112K
[94.580s][info][gc,heap,exit   ]   class space    used 15346K, committed 15552K, reserved 1048576K
