[0.017s][info][gc,init] CardTable entry size: 512
[0.017s][info][gc     ] Using Serial
[0.026s][info][gc,init] Version: 20+36-2344 (release)
[0.026s][info][gc,init] CPUs: 48 total, 48 available
[0.026s][info][gc,init] Memory: 382G
[0.026s][info][gc,init] Large Page Support: Disabled
[0.026s][info][gc,init] NUMA Support: Disabled
[0.026s][info][gc,init] Compressed Oops: Enabled (32-bit)
[0.026s][info][gc,init] Heap Min Capacity: 8M
[0.026s][info][gc,init] Heap Initial Capacity: 2G
[0.026s][info][gc,init] Heap Max Capacity: 2G
[0.026s][info][gc,init] Pre-touch: Disabled
[0.037s][info][gc,metaspace] CDS archive(s) mapped at: [0x0000000800000000-0x0000000800c60000-0x0000000800c60000), size 12976128, SharedBaseAddress: 0x0000000800000000, ArchiveRelocationMode: 0.
[0.037s][info][gc,metaspace] Compressed class space mapped at: 0x0000000801000000-0x0000000841000000, reserved size: 1073741824
[0.037s][info][gc,metaspace] Narrow klass base: 0x0000000800000000, Narrow klass shift: 0, Narrow klass range: 0x100000000
[4.620s][info][gc,start    ] GC(0) Pause Full (Metadata GC Threshold)
[4.620s][info][gc,phases,start] GC(0) Phase 1: Mark live objects
[4.638s][info][gc,phases      ] GC(0) Phase 1: Mark live objects 18.319ms
[4.638s][info][gc,phases,start] GC(0) Phase 2: Compute new object addresses
[4.649s][info][gc,phases      ] GC(0) Phase 2: Compute new object addresses 10.796ms
[4.649s][info][gc,phases,start] GC(0) Phase 3: Adjust pointers
[4.655s][info][gc,phases      ] GC(0) Phase 3: Adjust pointers 6.031ms
[4.655s][info][gc,phases,start] GC(0) Phase 4: Move objects
[4.660s][info][gc,phases      ] GC(0) Phase 4: Move objects 5.402ms
[4.662s][info][gc,heap        ] GC(0) DefNew: 223726K(629120K)->0K(629120K) Eden: 223726K(559232K)->0K(559232K) From: 0K(69888K)->0K(69888K)
[4.662s][info][gc,heap        ] GC(0) Tenured: 0K(1398144K)->7646K(1398144K)
[4.662s][info][gc,metaspace   ] GC(0) Metaspace: 21258K(21504K)->21258K(21504K) NonClass: 18523K(18624K)->18523K(18624K) Class: 2734K(2880K)->2734K(2880K)
[4.662s][info][gc             ] GC(0) Pause Full (Metadata GC Threshold) 218M->7M(1979M) 42.308ms
[4.662s][info][gc,cpu         ] GC(0) User=0.05s Sys=0.00s Real=0.05s
[5.419s][info][gc,start       ] GC(1) Pause Full (System.gc())
[5.419s][info][gc,phases,start] GC(1) Phase 1: Mark live objects
[5.445s][info][gc,phases      ] GC(1) Phase 1: Mark live objects 25.416ms
[5.445s][info][gc,phases,start] GC(1) Phase 2: Compute new object addresses
[5.453s][info][gc,phases      ] GC(1) Phase 2: Compute new object addresses 8.043ms
[5.453s][info][gc,phases,start] GC(1) Phase 3: Adjust pointers
[5.461s][info][gc,phases      ] GC(1) Phase 3: Adjust pointers 8.513ms
[5.461s][info][gc,phases,start] GC(1) Phase 4: Move objects
[5.464s][info][gc,phases      ] GC(1) Phase 4: Move objects 3.214ms
[5.465s][info][gc,heap        ] GC(1) DefNew: 208782K(629120K)->0K(629120K) Eden: 208782K(559232K)->0K(559232K) From: 0K(69888K)->0K(69888K)
[5.465s][info][gc,heap        ] GC(1) Tenured: 7646K(1398144K)->12589K(1398144K)
[5.465s][info][gc,metaspace   ] GC(1) Metaspace: 30269K(30592K)->30269K(30592K) NonClass: 26224K(26432K)->26224K(26432K) Class: 4044K(4160K)->4044K(4160K)
[5.465s][info][gc             ] GC(1) Pause Full (System.gc()) 211M->12M(1979M) 45.934ms
[5.465s][info][gc,cpu         ] GC(1) User=0.03s Sys=0.00s Real=0.03s
[6.759s][info][gc,start       ] GC(2) Pause Young (GCLocker Initiated GC)
[6.787s][info][gc,heap        ] GC(2) DefNew: 268076K(629120K)->4721K(629120K) Eden: 268076K(559232K)->0K(559232K) From: 0K(69888K)->4721K(69888K)
[6.787s][info][gc,heap        ] GC(2) Tenured: 12589K(1398144K)->12589K(1398144K)
[6.787s][info][gc,metaspace   ] GC(2) Metaspace: 50381K(51072K)->50381K(51072K) NonClass: 40641K(41024K)->40641K(41024K) Class: 9739K(10048K)->9739K(10048K)
[6.787s][info][gc             ] GC(2) Pause Young (GCLocker Initiated GC) 274M->16M(1979M) 28.011ms
[6.787s][info][gc,cpu         ] GC(2) User=0.13s Sys=0.00s Real=0.03s
[6.808s][info][gc,start       ] GC(3) Pause Full (Metadata GC Threshold)
[6.809s][info][gc,phases,start] GC(3) Phase 1: Mark live objects
[6.844s][info][gc,phases      ] GC(3) Phase 1: Mark live objects 35.586ms
[6.844s][info][gc,phases,start] GC(3) Phase 2: Compute new object addresses
[6.850s][info][gc,phases      ] GC(3) Phase 2: Compute new object addresses 5.586ms
[6.850s][info][gc,phases,start] GC(3) Phase 3: Adjust pointers
[6.862s][info][gc,phases      ] GC(3) Phase 3: Adjust pointers 12.542ms
[6.862s][info][gc,phases,start] GC(3) Phase 4: Move objects
[6.865s][info][gc,phases      ] GC(3) Phase 4: Move objects 2.227ms
[6.866s][info][gc,heap        ] GC(3) DefNew: 118433K(629120K)->0K(629120K) Eden: 113712K(559232K)->0K(559232K) From: 4721K(69888K)->0K(69888K)
[6.866s][info][gc,heap        ] GC(3) Tenured: 12589K(1398144K)->16425K(1398144K)
[6.866s][info][gc,metaspace   ] GC(3) Metaspace: 50669K(51328K)->50376K(51328K) NonClass: 40852K(41216K)->40647K(41216K) Class: 9817K(10112K)->9728K(10112K)
[6.866s][info][gc             ] GC(3) Pause Full (Metadata GC Threshold) 127M->16M(1979M) 57.438ms
[6.866s][info][gc,cpu         ] GC(3) User=0.06s Sys=0.00s Real=0.06s
[8.906s][info][gc,start       ] GC(4) Pause Young (Allocation Failure)
[8.957s][info][gc,heap        ] GC(4) DefNew: 559232K(629120K)->22328K(629120K) Eden: 559232K(559232K)->0K(559232K) From: 0K(69888K)->22328K(69888K)
[8.957s][info][gc,heap        ] GC(4) Tenured: 16425K(1398144K)->16425K(1398144K)
[8.957s][info][gc,metaspace   ] GC(4) Metaspace: 71276K(71808K)->71276K(71808K) NonClass: 56433K(56768K)->56433K(56768K) Class: 14843K(15040K)->14843K(15040K)
[8.958s][info][gc             ] GC(4) Pause Young (Allocation Failure) 562M->37M(1979M) 51.529ms
[8.958s][info][gc,cpu         ] GC(4) User=0.09s Sys=0.00s Real=0.05s
[9.547s][info][gc,start       ] GC(5) Pause Young (Allocation Failure)
[9.580s][info][gc,heap        ] GC(5) DefNew: 581560K(629120K)->22013K(629120K) Eden: 559232K(559232K)->0K(559232K) From: 22328K(69888K)->22013K(69888K)
[9.580s][info][gc,heap        ] GC(5) Tenured: 16425K(1398144K)->16425K(1398144K)
[9.580s][info][gc,metaspace   ] GC(5) Metaspace: 71413K(71872K)->71413K(71872K) NonClass: 56569K(56832K)->56569K(56832K) Class: 14843K(15040K)->14843K(15040K)
[9.581s][info][gc             ] GC(5) Pause Young (Allocation Failure) 583M->37M(1979M) 33.162ms
[9.581s][info][gc,cpu         ] GC(5) User=0.05s Sys=0.02s Real=0.03s
[10.094s][info][gc,start       ] GC(6) Pause Young (Allocation Failure)
[10.121s][info][gc,heap        ] GC(6) DefNew: 581245K(629120K)->22002K(629120K) Eden: 559232K(559232K)->0K(559232K) From: 22013K(69888K)->22002K(69888K)
[10.121s][info][gc,heap        ] GC(6) Tenured: 16425K(1398144K)->16425K(1398144K)
[10.121s][info][gc,metaspace   ] GC(6) Metaspace: 71414K(71872K)->71414K(71872K) NonClass: 56569K(56832K)->56569K(56832K) Class: 14844K(15040K)->14844K(15040K)
[10.121s][info][gc             ] GC(6) Pause Young (Allocation Failure) 583M->37M(1979M) 27.064ms
[10.122s][info][gc,cpu         ] GC(6) User=0.06s Sys=0.00s Real=0.02s
[10.539s][info][gc,start       ] GC(7) Pause Young (Allocation Failure)
[10.568s][info][gc,heap        ] GC(7) DefNew: 581234K(629120K)->22012K(629120K) Eden: 559232K(559232K)->0K(559232K) From: 22002K(69888K)->22012K(69888K)
[10.568s][info][gc,heap        ] GC(7) Tenured: 16425K(1398144K)->16425K(1398144K)
[10.568s][info][gc,metaspace   ] GC(7) Metaspace: 71417K(71872K)->71417K(71872K) NonClass: 56573K(56832K)->56573K(56832K) Class: 14844K(15040K)->14844K(15040K)
[10.568s][info][gc             ] GC(7) Pause Young (Allocation Failure) 583M->37M(1979M) 28.504ms
[10.568s][info][gc,cpu         ] GC(7) User=0.08s Sys=0.02s Real=0.03s
[10.924s][info][gc,start       ] GC(8) Pause Young (Allocation Failure)
[10.952s][info][gc,heap        ] GC(8) DefNew: 581244K(629120K)->21720K(629120K) Eden: 559232K(559232K)->0K(559232K) From: 22012K(69888K)->21720K(69888K)
[10.952s][info][gc,heap        ] GC(8) Tenured: 16425K(1398144K)->16425K(1398144K)
[10.952s][info][gc,metaspace   ] GC(8) Metaspace: 71452K(71936K)->71452K(71936K) NonClass: 56603K(56896K)->56603K(56896K) Class: 14848K(15040K)->14848K(15040K)
[10.953s][info][gc             ] GC(8) Pause Young (Allocation Failure) 583M->37M(1979M) 28.394ms
[10.953s][info][gc,cpu         ] GC(8) User=0.11s Sys=0.00s Real=0.03s
[11.242s][info][gc,start       ] GC(9) Pause Young (Allocation Failure)
[11.268s][info][gc,heap        ] GC(9) DefNew: 580952K(629120K)->21666K(629120K) Eden: 559232K(559232K)->0K(559232K) From: 21720K(69888K)->21666K(69888K)
[11.268s][info][gc,heap        ] GC(9) Tenured: 16425K(1398144K)->16425K(1398144K)
[11.268s][info][gc,metaspace   ] GC(9) Metaspace: 71495K(72000K)->71495K(72000K) NonClass: 56639K(56960K)->56639K(56960K) Class: 14855K(15040K)->14855K(15040K)
[11.268s][info][gc             ] GC(9) Pause Young (Allocation Failure) 583M->37M(1979M) 26.538ms
[11.269s][info][gc,cpu         ] GC(9) User=0.02s Sys=0.00s Real=0.02s
[11.583s][info][gc,start       ] GC(10) Pause Young (Allocation Failure)
[11.610s][info][gc,heap        ] GC(10) DefNew: 580898K(629120K)->21732K(629120K) Eden: 559232K(559232K)->0K(559232K) From: 21666K(69888K)->21732K(69888K)
[11.610s][info][gc,heap        ] GC(10) Tenured: 16425K(1398144K)->16425K(1398144K)
[11.610s][info][gc,metaspace   ] GC(10) Metaspace: 71500K(72000K)->71500K(72000K) NonClass: 56644K(56960K)->56644K(56960K) Class: 14856K(15040K)->14856K(15040K)
[11.610s][info][gc             ] GC(10) Pause Young (Allocation Failure) 583M->37M(1979M) 27.693ms
[11.610s][info][gc,cpu         ] GC(10) User=0.05s Sys=0.00s Real=0.02s
[11.921s][info][gc,start       ] GC(11) Pause Young (Allocation Failure)
[11.952s][info][gc,heap        ] GC(11) DefNew: 580964K(629120K)->21687K(629120K) Eden: 559232K(559232K)->0K(559232K) From: 21732K(69888K)->21687K(69888K)
[11.952s][info][gc,heap        ] GC(11) Tenured: 16425K(1398144K)->16425K(1398144K)
[11.952s][info][gc,metaspace   ] GC(11) Metaspace: 71500K(72000K)->71500K(72000K) NonClass: 56644K(56960K)->56644K(56960K) Class: 14856K(15040K)->14856K(15040K)
[11.952s][info][gc             ] GC(11) Pause Young (Allocation Failure) 583M->37M(1979M) 30.877ms
[11.952s][info][gc,cpu         ] GC(11) User=0.09s Sys=0.00s Real=0.02s
[12.182s][info][gc,start       ] GC(12) Pause Young (Allocation Failure)
[12.212s][info][gc,heap        ] GC(12) DefNew: 580919K(629120K)->21669K(629120K) Eden: 559232K(559232K)->0K(559232K) From: 21687K(69888K)->21669K(69888K)
[12.212s][info][gc,heap        ] GC(12) Tenured: 16425K(1398144K)->16425K(1398144K)
[12.212s][info][gc,metaspace   ] GC(12) Metaspace: 71502K(72000K)->71502K(72000K) NonClass: 56645K(56960K)->56645K(56960K) Class: 14856K(15040K)->14856K(15040K)
[12.212s][info][gc             ] GC(12) Pause Young (Allocation Failure) 583M->37M(1979M) 29.736ms
[12.212s][info][gc,cpu         ] GC(12) User=0.06s Sys=0.00s Real=0.02s
[12.417s][info][gc,start       ] GC(13) Pause Young (Allocation Failure)
[12.444s][info][gc,heap        ] GC(13) DefNew: 580901K(629120K)->21666K(629120K) Eden: 559232K(559232K)->0K(559232K) From: 21669K(69888K)->21666K(69888K)
[12.444s][info][gc,heap        ] GC(13) Tenured: 16425K(1398144K)->16425K(1398144K)
[12.444s][info][gc,metaspace   ] GC(13) Metaspace: 71502K(72000K)->71502K(72000K) NonClass: 56645K(56960K)->56645K(56960K) Class: 14856K(15040K)->14856K(15040K)
[12.444s][info][gc             ] GC(13) Pause Young (Allocation Failure) 583M->37M(1979M) 27.440ms
[12.444s][info][gc,cpu         ] GC(13) User=0.05s Sys=0.00s Real=0.02s
[12.636s][info][gc,start       ] GC(14) Pause Young (Allocation Failure)
[12.663s][info][gc,heap        ] GC(14) DefNew: 580898K(629120K)->21718K(629120K) Eden: 559232K(559232K)->0K(559232K) From: 21666K(69888K)->21718K(69888K)
[12.663s][info][gc,heap        ] GC(14) Tenured: 16425K(1398144K)->16425K(1398144K)
[12.663s][info][gc,metaspace   ] GC(14) Metaspace: 71503K(72000K)->71503K(72000K) NonClass: 56646K(56960K)->56646K(56960K) Class: 14856K(15040K)->14856K(15040K)
[12.663s][info][gc             ] GC(14) Pause Young (Allocation Failure) 583M->37M(1979M) 26.907ms
[12.663s][info][gc,cpu         ] GC(14) User=0.02s Sys=0.00s Real=0.02s
[12.845s][info][gc,start       ] GC(15) Pause Young (Allocation Failure)
[12.872s][info][gc,heap        ] GC(15) DefNew: 580950K(629120K)->21652K(629120K) Eden: 559232K(559232K)->0K(559232K) From: 21718K(69888K)->21652K(69888K)
[12.872s][info][gc,heap        ] GC(15) Tenured: 16425K(1398144K)->16425K(1398144K)
[12.872s][info][gc,metaspace   ] GC(15) Metaspace: 71503K(72000K)->71503K(72000K) NonClass: 56646K(56960K)->56646K(56960K) Class: 14856K(15040K)->14856K(15040K)
[12.872s][info][gc             ] GC(15) Pause Young (Allocation Failure) 583M->37M(1979M) 27.037ms
[12.872s][info][gc,cpu         ] GC(15) User=0.03s Sys=0.00s Real=0.02s
[13.067s][info][gc,start       ] GC(16) Pause Young (Allocation Failure)
[13.094s][info][gc,heap        ] GC(16) DefNew: 580884K(629120K)->21698K(629120K) Eden: 559232K(559232K)->0K(559232K) From: 21652K(69888K)->21698K(69888K)
[13.094s][info][gc,heap        ] GC(16) Tenured: 16425K(1398144K)->16425K(1398144K)
[13.094s][info][gc,metaspace   ] GC(16) Metaspace: 71523K(72128K)->71523K(72128K) NonClass: 56664K(57024K)->56664K(57024K) Class: 14858K(15104K)->14858K(15104K)
[13.094s][info][gc             ] GC(16) Pause Young (Allocation Failure) 583M->37M(1979M) 27.052ms
[13.095s][info][gc,cpu         ] GC(16) User=0.02s Sys=0.00s Real=0.02s
[13.285s][info][gc,start       ] GC(17) Pause Young (Allocation Failure)
[13.313s][info][gc,heap        ] GC(17) DefNew: 580930K(629120K)->21683K(629120K) Eden: 559232K(559232K)->0K(559232K) From: 21698K(69888K)->21683K(69888K)
[13.313s][info][gc,heap        ] GC(17) Tenured: 16425K(1398144K)->16425K(1398144K)
[13.313s][info][gc,metaspace   ] GC(17) Metaspace: 71523K(72128K)->71523K(72128K) NonClass: 56664K(57024K)->56664K(57024K) Class: 14858K(15104K)->14858K(15104K)
[13.313s][info][gc             ] GC(17) Pause Young (Allocation Failure) 583M->37M(1979M) 27.642ms
[13.313s][info][gc,cpu         ] GC(17) User=0.03s Sys=0.00s Real=0.02s
[13.494s][info][gc,start       ] GC(18) Pause Young (Allocation Failure)
[13.520s][info][gc,heap        ] GC(18) DefNew: 580915K(629120K)->21658K(629120K) Eden: 559232K(559232K)->0K(559232K) From: 21683K(69888K)->21658K(69888K)
[13.521s][info][gc,heap        ] GC(18) Tenured: 16425K(1398144K)->16425K(1398144K)
[13.521s][info][gc,metaspace   ] GC(18) Metaspace: 71524K(72128K)->71524K(72128K) NonClass: 56665K(57024K)->56665K(57024K) Class: 14858K(15104K)->14858K(15104K)
[13.521s][info][gc             ] GC(18) Pause Young (Allocation Failure) 583M->37M(1979M) 26.792ms
[13.521s][info][gc,cpu         ] GC(18) User=0.02s Sys=0.00s Real=0.02s
[13.690s][info][gc,start       ] GC(19) Pause Young (Allocation Failure)
[13.727s][info][gc,heap        ] GC(19) DefNew: 580890K(629120K)->1615K(629120K) Eden: 559232K(559232K)->0K(559232K) From: 21658K(69888K)->1615K(69888K)
[13.727s][info][gc,heap        ] GC(19) Tenured: 16425K(1398144K)->36548K(1398144K)
[13.727s][info][gc,metaspace   ] GC(19) Metaspace: 71524K(72128K)->71524K(72128K) NonClass: 56665K(57024K)->56665K(57024K) Class: 14858K(15104K)->14858K(15104K)
[13.727s][info][gc             ] GC(19) Pause Young (Allocation Failure) 583M->37M(1979M) 37.107ms
[13.727s][info][gc,cpu         ] GC(19) User=0.03s Sys=0.02s Real=0.03s
[13.889s][info][gc,start       ] GC(20) Pause Young (Allocation Failure)
[13.898s][info][gc,heap        ] GC(20) DefNew: 560847K(629120K)->1522K(629120K) Eden: 559232K(559232K)->0K(559232K) From: 1615K(69888K)->1522K(69888K)
[13.898s][info][gc,heap        ] GC(20) Tenured: 36548K(1398144K)->36600K(1398144K)
[13.898s][info][gc,metaspace   ] GC(20) Metaspace: 71524K(72128K)->71524K(72128K) NonClass: 56665K(57024K)->56665K(57024K) Class: 14858K(15104K)->14858K(15104K)
[13.898s][info][gc             ] GC(20) Pause Young (Allocation Failure) 583M->37M(1979M) 9.386ms
[13.898s][info][gc,cpu         ] GC(20) User=0.00s Sys=0.00s Real=0.01s
[14.035s][info][gc,start       ] GC(21) Pause Young (Allocation Failure)
[14.044s][info][gc,heap        ] GC(21) DefNew: 560754K(629120K)->1503K(629120K) Eden: 559232K(559232K)->0K(559232K) From: 1522K(69888K)->1503K(69888K)
[14.044s][info][gc,heap        ] GC(21) Tenured: 36600K(1398144K)->36623K(1398144K)
[14.044s][info][gc,metaspace   ] GC(21) Metaspace: 71524K(72128K)->71524K(72128K) NonClass: 56665K(57024K)->56665K(57024K) Class: 14858K(15104K)->14858K(15104K)
[14.044s][info][gc             ] GC(21) Pause Young (Allocation Failure) 583M->37M(1979M) 9.301ms
[14.044s][info][gc,cpu         ] GC(21) User=0.00s Sys=0.00s Real=0.00s
[14.203s][info][gc,start       ] GC(22) Pause Young (Allocation Failure)
[14.213s][info][gc,heap        ] GC(22) DefNew: 560735K(629120K)->1574K(629120K) Eden: 559231K(559232K)->0K(559232K) From: 1503K(69888K)->1574K(69888K)
[14.213s][info][gc,heap        ] GC(22) Tenured: 36623K(1398144K)->36627K(1398144K)
[14.213s][info][gc,metaspace   ] GC(22) Metaspace: 71531K(72128K)->71531K(72128K) NonClass: 56672K(57024K)->56672K(57024K) Class: 14859K(15104K)->14859K(15104K)
[14.213s][info][gc             ] GC(22) Pause Young (Allocation Failure) 583M->37M(1979M) 9.323ms
[14.213s][info][gc,cpu         ] GC(22) User=0.00s Sys=0.00s Real=0.01s
[14.350s][info][gc,start       ] GC(23) Pause Young (Allocation Failure)
[14.359s][info][gc,heap        ] GC(23) DefNew: 560806K(629120K)->1536K(629120K) Eden: 559232K(559232K)->0K(559232K) From: 1574K(69888K)->1536K(69888K)
[14.359s][info][gc,heap        ] GC(23) Tenured: 36627K(1398144K)->36649K(1398144K)
[14.359s][info][gc,metaspace   ] GC(23) Metaspace: 71531K(72128K)->71531K(72128K) NonClass: 56672K(57024K)->56672K(57024K) Class: 14859K(15104K)->14859K(15104K)
[14.359s][info][gc             ] GC(23) Pause Young (Allocation Failure) 583M->37M(1979M) 9.130ms
[14.359s][info][gc,cpu         ] GC(23) User=0.00s Sys=0.00s Real=0.00s
[14.497s][info][gc,start       ] GC(24) Pause Young (Allocation Failure)
[14.507s][info][gc,heap        ] GC(24) DefNew: 560768K(629120K)->1427K(629120K) Eden: 559232K(559232K)->0K(559232K) From: 1536K(69888K)->1427K(69888K)
[14.507s][info][gc,heap        ] GC(24) Tenured: 36649K(1398144K)->36685K(1398144K)
[14.507s][info][gc,metaspace   ] GC(24) Metaspace: 71531K(72128K)->71531K(72128K) NonClass: 56672K(57024K)->56672K(57024K) Class: 14859K(15104K)->14859K(15104K)
[14.507s][info][gc             ] GC(24) Pause Young (Allocation Failure) 583M->37M(1979M) 9.627ms
[14.507s][info][gc,cpu         ] GC(24) User=0.00s Sys=0.00s Real=0.00s
[14.645s][info][gc,start       ] GC(25) Pause Young (Allocation Failure)
[14.655s][info][gc,heap        ] GC(25) DefNew: 560659K(629120K)->1519K(629120K) Eden: 559232K(559232K)->0K(559232K) From: 1427K(69888K)->1519K(69888K)
[14.655s][info][gc,heap        ] GC(25) Tenured: 36685K(1398144K)->36701K(1398144K)
[14.655s][info][gc,metaspace   ] GC(25) Metaspace: 71531K(72128K)->71531K(72128K) NonClass: 56672K(57024K)->56672K(57024K) Class: 14859K(15104K)->14859K(15104K)
[14.655s][info][gc             ] GC(25) Pause Young (Allocation Failure) 583M->37M(1979M) 9.537ms
[14.655s][info][gc,cpu         ] GC(25) User=0.00s Sys=0.00s Real=0.00s
[14.793s][info][gc,start       ] GC(26) Pause Young (Allocation Failure)
[14.801s][info][gc,heap        ] GC(26) DefNew: 560751K(629120K)->1450K(629120K) Eden: 559232K(559232K)->0K(559232K) From: 1519K(69888K)->1450K(69888K)
[14.801s][info][gc,heap        ] GC(26) Tenured: 36701K(1398144K)->36711K(1398144K)
[14.801s][info][gc,metaspace   ] GC(26) Metaspace: 71531K(72128K)->71531K(72128K) NonClass: 56672K(57024K)->56672K(57024K) Class: 14859K(15104K)->14859K(15104K)
[14.801s][info][gc             ] GC(26) Pause Young (Allocation Failure) 583M->37M(1979M) 8.854ms
[14.801s][info][gc,cpu         ] GC(26) User=0.00s Sys=0.00s Real=0.01s
[14.938s][info][gc,start       ] GC(27) Pause Young (Allocation Failure)
[14.947s][info][gc,heap        ] GC(27) DefNew: 560682K(629120K)->1423K(629120K) Eden: 559232K(559232K)->0K(559232K) From: 1450K(69888K)->1423K(69888K)
[14.947s][info][gc,heap        ] GC(27) Tenured: 36711K(1398144K)->36715K(1398144K)
[14.947s][info][gc,metaspace   ] GC(27) Metaspace: 71531K(72128K)->71531K(72128K) NonClass: 56672K(57024K)->56672K(57024K) Class: 14859K(15104K)->14859K(15104K)
[14.947s][info][gc             ] GC(27) Pause Young (Allocation Failure) 583M->37M(1979M) 8.589ms
[14.947s][info][gc,cpu         ] GC(27) User=0.00s Sys=0.00s Real=0.00s
[15.084s][info][gc,start       ] GC(28) Pause Young (Allocation Failure)
[15.092s][info][gc,heap        ] GC(28) DefNew: 560655K(629120K)->1453K(629120K) Eden: 559232K(559232K)->0K(559232K) From: 1423K(69888K)->1453K(69888K)
[15.092s][info][gc,heap        ] GC(28) Tenured: 36715K(1398144K)->36715K(1398144K)
[15.092s][info][gc,metaspace   ] GC(28) Metaspace: 71531K(72128K)->71531K(72128K) NonClass: 56672K(57024K)->56672K(57024K) Class: 14859K(15104K)->14859K(15104K)
[15.092s][info][gc             ] GC(28) Pause Young (Allocation Failure) 583M->37M(1979M) 8.534ms
[15.092s][info][gc,cpu         ] GC(28) User=0.00s Sys=0.00s Real=0.00s
[15.229s][info][gc,start       ] GC(29) Pause Young (Allocation Failure)
[15.238s][info][gc,heap        ] GC(29) DefNew: 560685K(629120K)->1513K(629120K) Eden: 559232K(559232K)->0K(559232K) From: 1453K(69888K)->1513K(69888K)
[15.238s][info][gc,heap        ] GC(29) Tenured: 36715K(1398144K)->36733K(1398144K)
[15.238s][info][gc,metaspace   ] GC(29) Metaspace: 71535K(72128K)->71535K(72128K) NonClass: 56675K(57024K)->56675K(57024K) Class: 14859K(15104K)->14859K(15104K)
[15.238s][info][gc             ] GC(29) Pause Young (Allocation Failure) 583M->37M(1979M) 8.865ms
[15.238s][info][gc,cpu         ] GC(29) User=0.00s Sys=0.00s Real=0.00s
[15.382s][info][gc,start       ] GC(30) Pause Young (Allocation Failure)
[15.390s][info][gc,heap        ] GC(30) DefNew: 560745K(629120K)->1463K(629120K) Eden: 559232K(559232K)->0K(559232K) From: 1513K(69888K)->1463K(69888K)
[15.390s][info][gc,heap        ] GC(30) Tenured: 36733K(1398144K)->36734K(1398144K)
[15.390s][info][gc,metaspace   ] GC(30) Metaspace: 71535K(72128K)->71535K(72128K) NonClass: 56675K(57024K)->56675K(57024K) Class: 14859K(15104K)->14859K(15104K)
[15.390s][info][gc             ] GC(30) Pause Young (Allocation Failure) 583M->37M(1979M) 8.809ms
[15.390s][info][gc,cpu         ] GC(30) User=0.02s Sys=0.00s Real=0.01s
[15.527s][info][gc,start       ] GC(31) Pause Young (Allocation Failure)
[15.537s][info][gc,heap        ] GC(31) DefNew: 560695K(629120K)->1431K(629120K) Eden: 559232K(559232K)->0K(559232K) From: 1463K(69888K)->1431K(69888K)
[15.537s][info][gc,heap        ] GC(31) Tenured: 36734K(1398144K)->36750K(1398144K)
[15.537s][info][gc,metaspace   ] GC(31) Metaspace: 71535K(72128K)->71535K(72128K) NonClass: 56675K(57024K)->56675K(57024K) Class: 14859K(15104K)->14859K(15104K)
[15.537s][info][gc             ] GC(31) Pause Young (Allocation Failure) 583M->37M(1979M) 9.494ms
[15.537s][info][gc,cpu         ] GC(31) User=0.00s Sys=0.00s Real=0.00s
[15.673s][info][gc,start       ] GC(32) Pause Young (Allocation Failure)
[15.682s][info][gc,heap        ] GC(32) DefNew: 560663K(629120K)->1451K(629120K) Eden: 559232K(559232K)->0K(559232K) From: 1431K(69888K)->1451K(69888K)
[15.682s][info][gc,heap        ] GC(32) Tenured: 36750K(1398144K)->36750K(1398144K)
[15.682s][info][gc,metaspace   ] GC(32) Metaspace: 71535K(72128K)->71535K(72128K) NonClass: 56675K(57024K)->56675K(57024K) Class: 14859K(15104K)->14859K(15104K)
[15.683s][info][gc             ] GC(32) Pause Young (Allocation Failure) 583M->37M(1979M) 9.296ms
[15.683s][info][gc,cpu         ] GC(32) User=0.00s Sys=0.00s Real=0.00s
[15.826s][info][gc,start       ] GC(33) Pause Young (Allocation Failure)
[15.835s][info][gc,heap        ] GC(33) DefNew: 560683K(629120K)->1501K(629120K) Eden: 559231K(559232K)->0K(559232K) From: 1451K(69888K)->1501K(69888K)
[15.835s][info][gc,heap        ] GC(33) Tenured: 36750K(1398144K)->36750K(1398144K)
[15.835s][info][gc,metaspace   ] GC(33) Metaspace: 71688K(72256K)->71688K(72256K) NonClass: 56791K(57152K)->56791K(57152K) Class: 14897K(15104K)->14897K(15104K)
[15.835s][info][gc             ] GC(33) Pause Young (Allocation Failure) 583M->37M(1979M) 9.460ms
[15.835s][info][gc,cpu         ] GC(33) User=0.00s Sys=0.00s Real=0.00s
[15.999s][info][gc,start       ] GC(34) Pause Young (Allocation Failure)
[16.009s][info][gc,heap        ] GC(34) DefNew: 560733K(629120K)->1487K(629120K) Eden: 559232K(559232K)->0K(559232K) From: 1501K(69888K)->1487K(69888K)
[16.009s][info][gc,heap        ] GC(34) Tenured: 36750K(1398144K)->36766K(1398144K)
[16.009s][info][gc,metaspace   ] GC(34) Metaspace: 71699K(72256K)->71699K(72256K) NonClass: 56801K(57152K)->56801K(57152K) Class: 14897K(15104K)->14897K(15104K)
[16.009s][info][gc             ] GC(34) Pause Young (Allocation Failure) 583M->37M(1979M) 9.623ms
[16.009s][info][gc,cpu         ] GC(34) User=0.02s Sys=0.00s Real=0.01s
[16.181s][info][gc,start       ] GC(35) Pause Young (Allocation Failure)
[16.191s][info][gc,heap        ] GC(35) DefNew: 560719K(629120K)->1478K(629120K) Eden: 559232K(559232K)->0K(559232K) From: 1487K(69888K)->1478K(69888K)
[16.191s][info][gc,heap        ] GC(35) Tenured: 36766K(1398144K)->36769K(1398144K)
[16.191s][info][gc,metaspace   ] GC(35) Metaspace: 71723K(72256K)->71723K(72256K) NonClass: 56826K(57152K)->56826K(57152K) Class: 14897K(15104K)->14897K(15104K)
[16.191s][info][gc             ] GC(35) Pause Young (Allocation Failure) 583M->37M(1979M) 10.021ms
[16.191s][info][gc,cpu         ] GC(35) User=0.00s Sys=0.00s Real=0.00s
[16.345s][info][gc,start       ] GC(36) Pause Young (Allocation Failure)
[16.354s][info][gc,heap        ] GC(36) DefNew: 560710K(629120K)->1475K(629120K) Eden: 559232K(559232K)->0K(559232K) From: 1478K(69888K)->1475K(69888K)
[16.354s][info][gc,heap        ] GC(36) Tenured: 36769K(1398144K)->36769K(1398144K)
[16.354s][info][gc,metaspace   ] GC(36) Metaspace: 71727K(72256K)->71727K(72256K) NonClass: 56829K(57152K)->56829K(57152K) Class: 14897K(15104K)->14897K(15104K)
[16.354s][info][gc             ] GC(36) Pause Young (Allocation Failure) 583M->37M(1979M) 8.908ms
[16.354s][info][gc,cpu         ] GC(36) User=0.00s Sys=0.00s Real=0.00s
[16.505s][info][gc,start       ] GC(37) Pause Young (Allocation Failure)
[16.514s][info][gc,heap        ] GC(37) DefNew: 560707K(629120K)->1441K(629120K) Eden: 559232K(559232K)->0K(559232K) From: 1475K(69888K)->1441K(69888K)
[16.514s][info][gc,heap        ] GC(37) Tenured: 36769K(1398144K)->36769K(1398144K)
[16.514s][info][gc,metaspace   ] GC(37) Metaspace: 71729K(72256K)->71729K(72256K) NonClass: 56831K(57152K)->56831K(57152K) Class: 14897K(15104K)->14897K(15104K)
[16.514s][info][gc             ] GC(37) Pause Young (Allocation Failure) 583M->37M(1979M) 8.379ms
[16.514s][info][gc,cpu         ] GC(37) User=0.00s Sys=0.00s Real=0.00s
[16.665s][info][gc,start       ] GC(38) Pause Young (Allocation Failure)
[16.673s][info][gc,heap        ] GC(38) DefNew: 560673K(629120K)->1553K(629120K) Eden: 559232K(559232K)->0K(559232K) From: 1441K(69888K)->1553K(69888K)
[16.673s][info][gc,heap        ] GC(38) Tenured: 36769K(1398144K)->36769K(1398144K)
[16.673s][info][gc,metaspace   ] GC(38) Metaspace: 71739K(72256K)->71739K(72256K) NonClass: 56842K(57152K)->56842K(57152K) Class: 14897K(15104K)->14897K(15104K)
[16.673s][info][gc             ] GC(38) Pause Young (Allocation Failure) 583M->37M(1979M) 8.264ms
[16.673s][info][gc,cpu         ] GC(38) User=0.00s Sys=0.00s Real=0.00s
[16.833s][info][gc,start       ] GC(39) Pause Young (Allocation Failure)
[16.841s][info][gc,heap        ] GC(39) DefNew: 560785K(629120K)->1536K(629120K) Eden: 559232K(559232K)->0K(559232K) From: 1553K(69888K)->1536K(69888K)
[16.841s][info][gc,heap        ] GC(39) Tenured: 36769K(1398144K)->36769K(1398144K)
[16.841s][info][gc,metaspace   ] GC(39) Metaspace: 71746K(72256K)->71746K(72256K) NonClass: 56849K(57152K)->56849K(57152K) Class: 14897K(15104K)->14897K(15104K)
[16.841s][info][gc             ] GC(39) Pause Young (Allocation Failure) 583M->37M(1979M) 7.676ms
[16.841s][info][gc,cpu         ] GC(39) User=0.00s Sys=0.00s Real=0.00s
[17.019s][info][gc,start       ] GC(40) Pause Young (Allocation Failure)
[17.028s][info][gc,heap        ] GC(40) DefNew: 560768K(629120K)->1481K(629120K) Eden: 559232K(559232K)->0K(559232K) From: 1536K(69888K)->1481K(69888K)
[17.028s][info][gc,heap        ] GC(40) Tenured: 36769K(1398144K)->36786K(1398144K)
[17.028s][info][gc,metaspace   ] GC(40) Metaspace: 71753K(72256K)->71753K(72256K) NonClass: 56856K(57152K)->56856K(57152K) Class: 14897K(15104K)->14897K(15104K)
[17.028s][info][gc             ] GC(40) Pause Young (Allocation Failure) 583M->37M(1979M) 8.688ms
[17.028s][info][gc,cpu         ] GC(40) User=0.00s Sys=0.00s Real=0.00s
[17.245s][info][gc,start       ] GC(41) Pause Young (Allocation Failure)
[17.258s][info][gc,heap        ] GC(41) DefNew: 560713K(629120K)->1402K(629120K) Eden: 559232K(559232K)->0K(559232K) From: 1481K(69888K)->1402K(69888K)
[17.259s][info][gc,heap        ] GC(41) Tenured: 36786K(1398144K)->36786K(1398144K)
[17.259s][info][gc,metaspace   ] GC(41) Metaspace: 71763K(72320K)->71763K(72320K) NonClass: 56866K(57216K)->56866K(57216K) Class: 14897K(15104K)->14897K(15104K)
[17.259s][info][gc             ] GC(41) Pause Young (Allocation Failure) 583M->37M(1979M) 14.044ms
[17.259s][info][gc,cpu         ] GC(41) User=0.02s Sys=0.00s Real=0.02s
[17.541s][info][gc,start       ] GC(42) Pause Young (Allocation Failure)
[17.547s][info][gc,heap        ] GC(42) DefNew: 560634K(629120K)->1371K(629120K) Eden: 559232K(559232K)->0K(559232K) From: 1402K(69888K)->1371K(69888K)
[17.547s][info][gc,heap        ] GC(42) Tenured: 36786K(1398144K)->36786K(1398144K)
[17.547s][info][gc,metaspace   ] GC(42) Metaspace: 71781K(72320K)->71781K(72320K) NonClass: 56884K(57216K)->56884K(57216K) Class: 14897K(15104K)->14897K(15104K)
[17.547s][info][gc             ] GC(42) Pause Young (Allocation Failure) 583M->37M(1979M) 6.071ms
[17.547s][info][gc,cpu         ] GC(42) User=0.00s Sys=0.00s Real=0.00s
[17.890s][info][gc,start       ] GC(43) Pause Young (Allocation Failure)
[17.894s][info][gc,heap        ] GC(43) DefNew: 560603K(629120K)->1395K(629120K) Eden: 559232K(559232K)->0K(559232K) From: 1371K(69888K)->1395K(69888K)
[17.894s][info][gc,heap        ] GC(43) Tenured: 36786K(1398144K)->36786K(1398144K)
[17.894s][info][gc,metaspace   ] GC(43) Metaspace: 71787K(72320K)->71787K(72320K) NonClass: 56890K(57216K)->56890K(57216K) Class: 14897K(15104K)->14897K(15104K)
[17.895s][info][gc             ] GC(43) Pause Young (Allocation Failure) 583M->37M(1979M) 4.787ms
[17.895s][info][gc,cpu         ] GC(43) User=0.00s Sys=0.00s Real=0.00s
[18.254s][info][gc,start       ] GC(44) Pause Young (Allocation Failure)
[18.259s][info][gc,heap        ] GC(44) DefNew: 560627K(629120K)->1499K(629120K) Eden: 559232K(559232K)->0K(559232K) From: 1395K(69888K)->1499K(69888K)
[18.259s][info][gc,heap        ] GC(44) Tenured: 36786K(1398144K)->36786K(1398144K)
[18.259s][info][gc,metaspace   ] GC(44) Metaspace: 72183K(72704K)->72183K(72704K) NonClass: 57153K(57472K)->57153K(57472K) Class: 15029K(15232K)->15029K(15232K)
[18.259s][info][gc             ] GC(44) Pause Young (Allocation Failure) 583M->37M(1979M) 5.117ms
[18.259s][info][gc,cpu         ] GC(44) User=0.02s Sys=0.00s Real=0.02s
[18.610s][info][gc,start       ] GC(45) Pause Young (Allocation Failure)
[18.614s][info][gc,heap        ] GC(45) DefNew: 560731K(629120K)->1481K(629120K) Eden: 559232K(559232K)->0K(559232K) From: 1499K(69888K)->1481K(69888K)
[18.614s][info][gc,heap        ] GC(45) Tenured: 36786K(1398144K)->36786K(1398144K)
[18.614s][info][gc,metaspace   ] GC(45) Metaspace: 72183K(72704K)->72183K(72704K) NonClass: 57153K(57472K)->57153K(57472K) Class: 15029K(15232K)->15029K(15232K)
[18.615s][info][gc             ] GC(45) Pause Young (Allocation Failure) 583M->37M(1979M) 4.847ms
[18.615s][info][gc,cpu         ] GC(45) User=0.00s Sys=0.00s Real=0.00s
[18.865s][info][gc,start       ] GC(46) Pause Full (System.gc())
[18.865s][info][gc,phases,start] GC(46) Phase 1: Mark live objects
[18.927s][info][gc,phases      ] GC(46) Phase 1: Mark live objects 62.422ms
[18.927s][info][gc,phases,start] GC(46) Phase 2: Compute new object addresses
[19.038s][info][gc,phases      ] GC(46) Phase 2: Compute new object addresses 110.435ms
[19.038s][info][gc,phases,start] GC(46) Phase 3: Adjust pointers
[19.065s][info][gc,phases      ] GC(46) Phase 3: Adjust pointers 26.968ms
[19.065s][info][gc,phases,start] GC(46) Phase 4: Move objects
[19.074s][info][gc,phases      ] GC(46) Phase 4: Move objects 8.925ms
[19.075s][info][gc,heap        ] GC(46) DefNew: 319836K(629120K)->0K(629120K) Eden: 318354K(559232K)->0K(559232K) From: 1481K(69888K)->0K(69888K)
[19.075s][info][gc,heap        ] GC(46) Tenured: 36786K(1398144K)->34779K(1398144K)
[19.075s][info][gc,metaspace   ] GC(46) Metaspace: 72225K(72768K)->72045K(72768K) NonClass: 57190K(57536K)->57064K(57536K) Class: 15035K(15232K)->14980K(15232K)
[19.075s][info][gc             ] GC(46) Pause Full (System.gc()) 348M->33M(1979M) 210.192ms
[19.075s][info][gc,cpu         ] GC(46) User=0.20s Sys=0.00s Real=0.20s
[19.449s][info][gc,start       ] GC(47) Pause Young (Allocation Failure)
[19.466s][info][gc,heap        ] GC(47) DefNew: 559232K(629120K)->3550K(629120K) Eden: 559232K(559232K)->0K(559232K) From: 0K(69888K)->3550K(69888K)
[19.466s][info][gc,heap        ] GC(47) Tenured: 34779K(1398144K)->34779K(1398144K)
[19.466s][info][gc,metaspace   ] GC(47) Metaspace: 72166K(72768K)->72166K(72768K) NonClass: 57176K(57536K)->57176K(57536K) Class: 14989K(15232K)->14989K(15232K)
[19.466s][info][gc             ] GC(47) Pause Young (Allocation Failure) 580M->37M(1979M) 16.934ms
[19.466s][info][gc,cpu         ] GC(47) User=0.02s Sys=0.00s Real=0.02s
[19.672s][info][gc,start       ] GC(48) Pause Young (Allocation Failure)
[19.685s][info][gc,heap        ] GC(48) DefNew: 562782K(629120K)->3530K(629120K) Eden: 559232K(559232K)->0K(559232K) From: 3550K(69888K)->3530K(69888K)
[19.685s][info][gc,heap        ] GC(48) Tenured: 34779K(1398144K)->34779K(1398144K)
[19.685s][info][gc,metaspace   ] GC(48) Metaspace: 72166K(72768K)->72166K(72768K) NonClass: 57176K(57536K)->57176K(57536K) Class: 14989K(15232K)->14989K(15232K)
[19.685s][info][gc             ] GC(48) Pause Young (Allocation Failure) 583M->37M(1979M) 13.474ms
[19.685s][info][gc,cpu         ] GC(48) User=0.00s Sys=0.00s Real=0.00s
[19.868s][info][gc,start       ] GC(49) Pause Young (Allocation Failure)
[19.881s][info][gc,heap        ] GC(49) DefNew: 562762K(629120K)->3628K(629120K) Eden: 559232K(559232K)->0K(559232K) From: 3530K(69888K)->3628K(69888K)
[19.881s][info][gc,heap        ] GC(49) Tenured: 34779K(1398144K)->34779K(1398144K)
[19.881s][info][gc,metaspace   ] GC(49) Metaspace: 72166K(72768K)->72166K(72768K) NonClass: 57176K(57536K)->57176K(57536K) Class: 14989K(15232K)->14989K(15232K)
[19.881s][info][gc             ] GC(49) Pause Young (Allocation Failure) 583M->37M(1979M) 13.577ms
[19.882s][info][gc,cpu         ] GC(49) User=0.00s Sys=0.00s Real=0.00s
[20.046s][info][gc,start       ] GC(50) Pause Young (Allocation Failure)
[20.060s][info][gc,heap        ] GC(50) DefNew: 562860K(629120K)->3601K(629120K) Eden: 559232K(559232K)->0K(559232K) From: 3628K(69888K)->3601K(69888K)
[20.060s][info][gc,heap        ] GC(50) Tenured: 34779K(1398144K)->34779K(1398144K)
[20.060s][info][gc,metaspace   ] GC(50) Metaspace: 72166K(72768K)->72166K(72768K) NonClass: 57176K(57536K)->57176K(57536K) Class: 14989K(15232K)->14989K(15232K)
[20.060s][info][gc             ] GC(50) Pause Young (Allocation Failure) 583M->37M(1979M) 14.345ms
[20.060s][info][gc,cpu         ] GC(50) User=0.00s Sys=0.00s Real=0.00s
[20.204s][info][gc,start       ] GC(51) Pause Young (Allocation Failure)
[20.218s][info][gc,heap        ] GC(51) DefNew: 562833K(629120K)->3681K(629120K) Eden: 559232K(559232K)->0K(559232K) From: 3601K(69888K)->3681K(69888K)
[20.218s][info][gc,heap        ] GC(51) Tenured: 34779K(1398144K)->34779K(1398144K)
[20.218s][info][gc,metaspace   ] GC(51) Metaspace: 72166K(72768K)->72166K(72768K) NonClass: 57176K(57536K)->57176K(57536K) Class: 14989K(15232K)->14989K(15232K)
[20.218s][info][gc             ] GC(51) Pause Young (Allocation Failure) 583M->37M(1979M) 13.400ms
[20.218s][info][gc,cpu         ] GC(51) User=0.00s Sys=0.00s Real=0.00s
[20.363s][info][gc,start       ] GC(52) Pause Young (Allocation Failure)
[20.376s][info][gc,heap        ] GC(52) DefNew: 562913K(629120K)->3701K(629120K) Eden: 559232K(559232K)->0K(559232K) From: 3681K(69888K)->3701K(69888K)
[20.376s][info][gc,heap        ] GC(52) Tenured: 34779K(1398144K)->34779K(1398144K)
[20.376s][info][gc,metaspace   ] GC(52) Metaspace: 72166K(72768K)->72166K(72768K) NonClass: 57176K(57536K)->57176K(57536K) Class: 14989K(15232K)->14989K(15232K)
[20.376s][info][gc             ] GC(52) Pause Young (Allocation Failure) 583M->37M(1979M) 13.143ms
[20.376s][info][gc,cpu         ] GC(52) User=0.00s Sys=0.00s Real=0.00s
[20.520s][info][gc,start       ] GC(53) Pause Young (Allocation Failure)
[20.533s][info][gc,heap        ] GC(53) DefNew: 562933K(629120K)->3688K(629120K) Eden: 559232K(559232K)->0K(559232K) From: 3701K(69888K)->3688K(69888K)
[20.533s][info][gc,heap        ] GC(53) Tenured: 34779K(1398144K)->34779K(1398144K)
[20.533s][info][gc,metaspace   ] GC(53) Metaspace: 72166K(72768K)->72166K(72768K) NonClass: 57176K(57536K)->57176K(57536K) Class: 14989K(15232K)->14989K(15232K)
[20.533s][info][gc             ] GC(53) Pause Young (Allocation Failure) 583M->37M(1979M) 13.018ms
[20.533s][info][gc,cpu         ] GC(53) User=0.00s Sys=0.00s Real=0.00s
[20.673s][info][gc,start       ] GC(54) Pause Young (Allocation Failure)
[20.686s][info][gc,heap        ] GC(54) DefNew: 562920K(629120K)->3669K(629120K) Eden: 559232K(559232K)->0K(559232K) From: 3688K(69888K)->3669K(69888K)
[20.686s][info][gc,heap        ] GC(54) Tenured: 34779K(1398144K)->34779K(1398144K)
[20.686s][info][gc,metaspace   ] GC(54) Metaspace: 72166K(72768K)->72166K(72768K) NonClass: 57176K(57536K)->57176K(57536K) Class: 14989K(15232K)->14989K(15232K)
[20.686s][info][gc             ] GC(54) Pause Young (Allocation Failure) 583M->37M(1979M) 13.088ms
[20.686s][info][gc,cpu         ] GC(54) User=0.00s Sys=0.00s Real=0.00s
[20.825s][info][gc,start       ] GC(55) Pause Young (Allocation Failure)
[20.838s][info][gc,heap        ] GC(55) DefNew: 562901K(629120K)->3700K(629120K) Eden: 559232K(559232K)->0K(559232K) From: 3669K(69888K)->3700K(69888K)
[20.838s][info][gc,heap        ] GC(55) Tenured: 34779K(1398144K)->34779K(1398144K)
[20.838s][info][gc,metaspace   ] GC(55) Metaspace: 72166K(72768K)->72166K(72768K) NonClass: 57176K(57536K)->57176K(57536K) Class: 14989K(15232K)->14989K(15232K)
[20.838s][info][gc             ] GC(55) Pause Young (Allocation Failure) 583M->37M(1979M) 13.058ms
[20.838s][info][gc,cpu         ] GC(55) User=0.00s Sys=0.00s Real=0.00s
[20.977s][info][gc,start       ] GC(56) Pause Young (Allocation Failure)
[20.990s][info][gc,heap        ] GC(56) DefNew: 562932K(629120K)->3660K(629120K) Eden: 559232K(559232K)->0K(559232K) From: 3700K(69888K)->3660K(69888K)
[20.990s][info][gc,heap        ] GC(56) Tenured: 34779K(1398144K)->34779K(1398144K)
[20.990s][info][gc,metaspace   ] GC(56) Metaspace: 72166K(72768K)->72166K(72768K) NonClass: 57176K(57536K)->57176K(57536K) Class: 14989K(15232K)->14989K(15232K)
[20.990s][info][gc             ] GC(56) Pause Young (Allocation Failure) 583M->37M(1979M) 12.694ms
[20.990s][info][gc,cpu         ] GC(56) User=0.00s Sys=0.00s Real=0.00s
[21.130s][info][gc,start       ] GC(57) Pause Young (Allocation Failure)
[21.143s][info][gc,heap        ] GC(57) DefNew: 562892K(629120K)->3673K(629120K) Eden: 559232K(559232K)->0K(559232K) From: 3660K(69888K)->3673K(69888K)
[21.143s][info][gc,heap        ] GC(57) Tenured: 34779K(1398144K)->34779K(1398144K)
[21.143s][info][gc,metaspace   ] GC(57) Metaspace: 72166K(72768K)->72166K(72768K) NonClass: 57176K(57536K)->57176K(57536K) Class: 14989K(15232K)->14989K(15232K)
[21.144s][info][gc             ] GC(57) Pause Young (Allocation Failure) 583M->37M(1979M) 13.926ms
[21.144s][info][gc,cpu         ] GC(57) User=0.00s Sys=0.00s Real=0.00s
[21.284s][info][gc,start       ] GC(58) Pause Young (Allocation Failure)
[21.298s][info][gc,heap        ] GC(58) DefNew: 562905K(629120K)->3649K(629120K) Eden: 559232K(559232K)->0K(559232K) From: 3673K(69888K)->3649K(69888K)
[21.298s][info][gc,heap        ] GC(58) Tenured: 34779K(1398144K)->34779K(1398144K)
[21.298s][info][gc,metaspace   ] GC(58) Metaspace: 72166K(72768K)->72166K(72768K) NonClass: 57176K(57536K)->57176K(57536K) Class: 14989K(15232K)->14989K(15232K)
[21.298s][info][gc             ] GC(58) Pause Young (Allocation Failure) 583M->37M(1979M) 13.363ms
[21.298s][info][gc,cpu         ] GC(58) User=0.00s Sys=0.00s Real=0.00s
[21.437s][info][gc,start       ] GC(59) Pause Young (Allocation Failure)
[21.450s][info][gc,heap        ] GC(59) DefNew: 562881K(629120K)->3682K(629120K) Eden: 559231K(559232K)->0K(559232K) From: 3649K(69888K)->3682K(69888K)
[21.450s][info][gc,heap        ] GC(59) Tenured: 34779K(1398144K)->34779K(1398144K)
[21.450s][info][gc,metaspace   ] GC(59) Metaspace: 72166K(72768K)->72166K(72768K) NonClass: 57176K(57536K)->57176K(57536K) Class: 14989K(15232K)->14989K(15232K)
[21.450s][info][gc             ] GC(59) Pause Young (Allocation Failure) 583M->37M(1979M) 12.827ms
[21.450s][info][gc,cpu         ] GC(59) User=0.00s Sys=0.00s Real=0.00s
[21.588s][info][gc,start       ] GC(60) Pause Young (Allocation Failure)
[21.601s][info][gc,heap        ] GC(60) DefNew: 562914K(629120K)->3717K(629120K) Eden: 559232K(559232K)->0K(559232K) From: 3682K(69888K)->3717K(69888K)
[21.601s][info][gc,heap        ] GC(60) Tenured: 34779K(1398144K)->34779K(1398144K)
[21.601s][info][gc,metaspace   ] GC(60) Metaspace: 72166K(72768K)->72166K(72768K) NonClass: 57176K(57536K)->57176K(57536K) Class: 14989K(15232K)->14989K(15232K)
[21.601s][info][gc             ] GC(60) Pause Young (Allocation Failure) 583M->37M(1979M) 13.094ms
[21.602s][info][gc,cpu         ] GC(60) User=0.00s Sys=0.00s Real=0.00s
[21.740s][info][gc,start       ] GC(61) Pause Young (Allocation Failure)
[21.753s][info][gc,heap        ] GC(61) DefNew: 562949K(629120K)->3661K(629120K) Eden: 559231K(559232K)->0K(559232K) From: 3717K(69888K)->3661K(69888K)
[21.753s][info][gc,heap        ] GC(61) Tenured: 34779K(1398144K)->34779K(1398144K)
[21.753s][info][gc,metaspace   ] GC(61) Metaspace: 72166K(72768K)->72166K(72768K) NonClass: 57176K(57536K)->57176K(57536K) Class: 14989K(15232K)->14989K(15232K)
[21.753s][info][gc             ] GC(61) Pause Young (Allocation Failure) 583M->37M(1979M) 12.722ms
[21.753s][info][gc,cpu         ] GC(61) User=0.00s Sys=0.00s Real=0.00s
[21.893s][info][gc,start       ] GC(62) Pause Young (Allocation Failure)
[21.908s][info][gc,heap        ] GC(62) DefNew: 562893K(629120K)->1461K(629120K) Eden: 559232K(559232K)->0K(559232K) From: 3661K(69888K)->1461K(69888K)
[21.908s][info][gc,heap        ] GC(62) Tenured: 34779K(1398144K)->37019K(1398144K)
[21.908s][info][gc,metaspace   ] GC(62) Metaspace: 72166K(72768K)->72166K(72768K) NonClass: 57176K(57536K)->57176K(57536K) Class: 14989K(15232K)->14989K(15232K)
[21.908s][info][gc             ] GC(62) Pause Young (Allocation Failure) 583M->37M(1979M) 15.108ms
[21.908s][info][gc,cpu         ] GC(62) User=0.00s Sys=0.00s Real=0.00s
[22.048s][info][gc,start       ] GC(63) Pause Young (Allocation Failure)
[22.057s][info][gc,heap        ] GC(63) DefNew: 560693K(629120K)->1423K(629120K) Eden: 559232K(559232K)->0K(559232K) From: 1461K(69888K)->1423K(69888K)
[22.057s][info][gc,heap        ] GC(63) Tenured: 37019K(1398144K)->37036K(1398144K)
[22.057s][info][gc,metaspace   ] GC(63) Metaspace: 72166K(72768K)->72166K(72768K) NonClass: 57176K(57536K)->57176K(57536K) Class: 14989K(15232K)->14989K(15232K)
[22.057s][info][gc             ] GC(63) Pause Young (Allocation Failure) 583M->37M(1979M) 9.377ms
[22.057s][info][gc,cpu         ] GC(63) User=0.00s Sys=0.00s Real=0.00s
[22.195s][info][gc,start       ] GC(64) Pause Young (Allocation Failure)
[22.204s][info][gc,heap        ] GC(64) DefNew: 560655K(629120K)->1447K(629120K) Eden: 559232K(559232K)->0K(559232K) From: 1423K(69888K)->1447K(69888K)
[22.204s][info][gc,heap        ] GC(64) Tenured: 37036K(1398144K)->37037K(1398144K)
[22.204s][info][gc,metaspace   ] GC(64) Metaspace: 72166K(72768K)->72166K(72768K) NonClass: 57176K(57536K)->57176K(57536K) Class: 14989K(15232K)->14989K(15232K)
[22.204s][info][gc             ] GC(64) Pause Young (Allocation Failure) 583M->37M(1979M) 8.783ms
[22.204s][info][gc,cpu         ] GC(64) User=0.02s Sys=0.00s Real=0.00s
[22.342s][info][gc,start       ] GC(65) Pause Young (Allocation Failure)
[22.351s][info][gc,heap        ] GC(65) DefNew: 560679K(629120K)->1451K(629120K) Eden: 559232K(559232K)->0K(559232K) From: 1447K(69888K)->1451K(69888K)
[22.351s][info][gc,heap        ] GC(65) Tenured: 37037K(1398144K)->37037K(1398144K)
[22.351s][info][gc,metaspace   ] GC(65) Metaspace: 72166K(72768K)->72166K(72768K) NonClass: 57176K(57536K)->57176K(57536K) Class: 14989K(15232K)->14989K(15232K)
[22.351s][info][gc             ] GC(65) Pause Young (Allocation Failure) 583M->37M(1979M) 8.762ms
[22.351s][info][gc,cpu         ] GC(65) User=0.00s Sys=0.00s Real=0.01s
[22.489s][info][gc,start       ] GC(66) Pause Young (Allocation Failure)
[22.498s][info][gc,heap        ] GC(66) DefNew: 560683K(629120K)->1410K(629120K) Eden: 559232K(559232K)->0K(559232K) From: 1451K(69888K)->1410K(69888K)
[22.498s][info][gc,heap        ] GC(66) Tenured: 37037K(1398144K)->37037K(1398144K)
[22.498s][info][gc,metaspace   ] GC(66) Metaspace: 72166K(72768K)->72166K(72768K) NonClass: 57176K(57536K)->57176K(57536K) Class: 14989K(15232K)->14989K(15232K)
[22.498s][info][gc             ] GC(66) Pause Young (Allocation Failure) 583M->37M(1979M) 8.531ms
[22.498s][info][gc,cpu         ] GC(66) User=0.02s Sys=0.00s Real=0.01s
[22.635s][info][gc,start       ] GC(67) Pause Young (Allocation Failure)
[22.644s][info][gc,heap        ] GC(67) DefNew: 560642K(629120K)->1414K(629120K) Eden: 559232K(559232K)->0K(559232K) From: 1410K(69888K)->1414K(69888K)
[22.644s][info][gc,heap        ] GC(67) Tenured: 37037K(1398144K)->37037K(1398144K)
[22.644s][info][gc,metaspace   ] GC(67) Metaspace: 72166K(72768K)->72166K(72768K) NonClass: 57176K(57536K)->57176K(57536K) Class: 14989K(15232K)->14989K(15232K)
[22.645s][info][gc             ] GC(67) Pause Young (Allocation Failure) 583M->37M(1979M) 9.384ms
[22.645s][info][gc,cpu         ] GC(67) User=0.00s Sys=0.00s Real=0.00s
[22.783s][info][gc,start       ] GC(68) Pause Young (Allocation Failure)
[22.792s][info][gc,heap        ] GC(68) DefNew: 560646K(629120K)->1440K(629120K) Eden: 559232K(559232K)->0K(559232K) From: 1414K(69888K)->1440K(69888K)
[22.792s][info][gc,heap        ] GC(68) Tenured: 37037K(1398144K)->37037K(1398144K)
[22.792s][info][gc,metaspace   ] GC(68) Metaspace: 72166K(72768K)->72166K(72768K) NonClass: 57176K(57536K)->57176K(57536K) Class: 14989K(15232K)->14989K(15232K)
[22.792s][info][gc             ] GC(68) Pause Young (Allocation Failure) 583M->37M(1979M) 9.310ms
[22.792s][info][gc,cpu         ] GC(68) User=0.00s Sys=0.00s Real=0.00s
[22.930s][info][gc,start       ] GC(69) Pause Young (Allocation Failure)
[22.939s][info][gc,heap        ] GC(69) DefNew: 560672K(629120K)->1412K(629120K) Eden: 559232K(559232K)->0K(559232K) From: 1440K(69888K)->1412K(69888K)
[22.939s][info][gc,heap        ] GC(69) Tenured: 37037K(1398144K)->37053K(1398144K)
[22.939s][info][gc,metaspace   ] GC(69) Metaspace: 72166K(72768K)->72166K(72768K) NonClass: 57176K(57536K)->57176K(57536K) Class: 14989K(15232K)->14989K(15232K)
[22.939s][info][gc             ] GC(69) Pause Young (Allocation Failure) 583M->37M(1979M) 8.982ms
[22.939s][info][gc,cpu         ] GC(69) User=0.00s Sys=0.03s Real=0.00s
[23.077s][info][gc,start       ] GC(70) Pause Young (Allocation Failure)
[23.087s][info][gc,heap        ] GC(70) DefNew: 560644K(629120K)->1463K(629120K) Eden: 559232K(559232K)->0K(559232K) From: 1412K(69888K)->1463K(69888K)
[23.087s][info][gc,heap        ] GC(70) Tenured: 37053K(1398144K)->37053K(1398144K)
[23.087s][info][gc,metaspace   ] GC(70) Metaspace: 72166K(72768K)->72166K(72768K) NonClass: 57176K(57536K)->57176K(57536K) Class: 14989K(15232K)->14989K(15232K)
[23.087s][info][gc             ] GC(70) Pause Young (Allocation Failure) 583M->37M(1979M) 9.548ms
[23.087s][info][gc,cpu         ] GC(70) User=0.00s Sys=0.00s Real=0.00s
[23.225s][info][gc,start       ] GC(71) Pause Young (Allocation Failure)
[23.234s][info][gc,heap        ] GC(71) DefNew: 560695K(629120K)->1422K(629120K) Eden: 559232K(559232K)->0K(559232K) From: 1463K(69888K)->1422K(69888K)
[23.234s][info][gc,heap        ] GC(71) Tenured: 37053K(1398144K)->37053K(1398144K)
[23.234s][info][gc,metaspace   ] GC(71) Metaspace: 72166K(72768K)->72166K(72768K) NonClass: 57176K(57536K)->57176K(57536K) Class: 14989K(15232K)->14989K(15232K)
[23.234s][info][gc             ] GC(71) Pause Young (Allocation Failure) 583M->37M(1979M) 8.931ms
[23.234s][info][gc,cpu         ] GC(71) User=0.02s Sys=0.00s Real=0.01s
[23.372s][info][gc,start       ] GC(72) Pause Young (Allocation Failure)
[23.380s][info][gc,heap        ] GC(72) DefNew: 560654K(629120K)->1475K(629120K) Eden: 559232K(559232K)->0K(559232K) From: 1422K(69888K)->1475K(69888K)
[23.380s][info][gc,heap        ] GC(72) Tenured: 37053K(1398144K)->37053K(1398144K)
[23.380s][info][gc,metaspace   ] GC(72) Metaspace: 72166K(72768K)->72166K(72768K) NonClass: 57176K(57536K)->57176K(57536K) Class: 14989K(15232K)->14989K(15232K)
[23.380s][info][gc             ] GC(72) Pause Young (Allocation Failure) 583M->37M(1979M) 8.738ms
[23.380s][info][gc,cpu         ] GC(72) User=0.00s Sys=0.00s Real=0.00s
[23.519s][info][gc,start       ] GC(73) Pause Young (Allocation Failure)
[23.528s][info][gc,heap        ] GC(73) DefNew: 560707K(629120K)->1492K(629120K) Eden: 559232K(559232K)->0K(559232K) From: 1475K(69888K)->1492K(69888K)
[23.528s][info][gc,heap        ] GC(73) Tenured: 37053K(1398144K)->37053K(1398144K)
[23.528s][info][gc,metaspace   ] GC(73) Metaspace: 72166K(72768K)->72166K(72768K) NonClass: 57176K(57536K)->57176K(57536K) Class: 14989K(15232K)->14989K(15232K)
[23.528s][info][gc             ] GC(73) Pause Young (Allocation Failure) 583M->37M(1979M) 8.867ms
[23.528s][info][gc,cpu         ] GC(73) User=0.00s Sys=0.00s Real=0.00s
[23.665s][info][gc,start       ] GC(74) Pause Young (Allocation Failure)
[23.674s][info][gc,heap        ] GC(74) DefNew: 560724K(629120K)->1476K(629120K) Eden: 559232K(559232K)->0K(559232K) From: 1492K(69888K)->1476K(69888K)
[23.674s][info][gc,heap        ] GC(74) Tenured: 37053K(1398144K)->37053K(1398144K)
[23.674s][info][gc,metaspace   ] GC(74) Metaspace: 72166K(72768K)->72166K(72768K) NonClass: 57176K(57536K)->57176K(57536K) Class: 14989K(15232K)->14989K(15232K)
[23.674s][info][gc             ] GC(74) Pause Young (Allocation Failure) 583M->37M(1979M) 8.639ms
[23.674s][info][gc,cpu         ] GC(74) User=0.00s Sys=0.00s Real=0.00s
[23.812s][info][gc,start       ] GC(75) Pause Young (Allocation Failure)
[23.820s][info][gc,heap        ] GC(75) DefNew: 560708K(629120K)->1477K(629120K) Eden: 559232K(559232K)->0K(559232K) From: 1476K(69888K)->1477K(69888K)
[23.820s][info][gc,heap        ] GC(75) Tenured: 37053K(1398144K)->37071K(1398144K)
[23.820s][info][gc,metaspace   ] GC(75) Metaspace: 72166K(72768K)->72166K(72768K) NonClass: 57176K(57536K)->57176K(57536K) Class: 14989K(15232K)->14989K(15232K)
[23.820s][info][gc             ] GC(75) Pause Young (Allocation Failure) 583M->37M(1979M) 8.862ms
[23.820s][info][gc,cpu         ] GC(75) User=0.00s Sys=0.00s Real=0.01s
[23.960s][info][gc,start       ] GC(76) Pause Young (Allocation Failure)
[23.968s][info][gc,heap        ] GC(76) DefNew: 560709K(629120K)->1413K(629120K) Eden: 559232K(559232K)->0K(559232K) From: 1477K(69888K)->1413K(69888K)
[23.968s][info][gc,heap        ] GC(76) Tenured: 37071K(1398144K)->37073K(1398144K)
[23.968s][info][gc,metaspace   ] GC(76) Metaspace: 72177K(72768K)->72177K(72768K) NonClass: 57188K(57536K)->57188K(57536K) Class: 14989K(15232K)->14989K(15232K)
[23.968s][info][gc             ] GC(76) Pause Young (Allocation Failure) 583M->37M(1979M) 8.729ms
[23.968s][info][gc,cpu         ] GC(76) User=0.00s Sys=0.00s Real=0.00s
[24.107s][info][gc,start       ] GC(77) Pause Young (Allocation Failure)
[24.115s][info][gc,heap        ] GC(77) DefNew: 560645K(629120K)->1417K(629120K) Eden: 559232K(559232K)->0K(559232K) From: 1413K(69888K)->1417K(69888K)
[24.115s][info][gc,heap        ] GC(77) Tenured: 37073K(1398144K)->37073K(1398144K)
[24.115s][info][gc,metaspace   ] GC(77) Metaspace: 72178K(72768K)->72178K(72768K) NonClass: 57188K(57536K)->57188K(57536K) Class: 14989K(15232K)->14989K(15232K)
[24.115s][info][gc             ] GC(77) Pause Young (Allocation Failure) 583M->37M(1979M) 8.465ms
[24.115s][info][gc,cpu         ] GC(77) User=0.00s Sys=0.00s Real=0.00s
[24.254s][info][gc,start       ] GC(78) Pause Young (Allocation Failure)
[24.262s][info][gc,heap        ] GC(78) DefNew: 560649K(629120K)->1460K(629120K) Eden: 559232K(559232K)->0K(559232K) From: 1417K(69888K)->1460K(69888K)
[24.262s][info][gc,heap        ] GC(78) Tenured: 37073K(1398144K)->37073K(1398144K)
[24.262s][info][gc,metaspace   ] GC(78) Metaspace: 72183K(72768K)->72183K(72768K) NonClass: 57193K(57536K)->57193K(57536K) Class: 14989K(15232K)->14989K(15232K)
[24.262s][info][gc             ] GC(78) Pause Young (Allocation Failure) 583M->37M(1979M) 8.795ms
[24.262s][info][gc,cpu         ] GC(78) User=0.00s Sys=0.00s Real=0.00s
[24.402s][info][gc,start       ] GC(79) Pause Young (Allocation Failure)
[24.411s][info][gc,heap        ] GC(79) DefNew: 560692K(629120K)->1528K(629120K) Eden: 559231K(559232K)->0K(559232K) From: 1460K(69888K)->1528K(69888K)
[24.411s][info][gc,heap        ] GC(79) Tenured: 37073K(1398144K)->37073K(1398144K)
[24.411s][info][gc,metaspace   ] GC(79) Metaspace: 72194K(72768K)->72194K(72768K) NonClass: 57204K(57536K)->57204K(57536K) Class: 14989K(15232K)->14989K(15232K)
[24.411s][info][gc             ] GC(79) Pause Young (Allocation Failure) 583M->37M(1979M) 9.014ms
[24.412s][info][gc,cpu         ] GC(79) User=0.00s Sys=0.00s Real=0.00s
[24.554s][info][gc,start       ] GC(80) Pause Young (Allocation Failure)
[24.563s][info][gc,heap        ] GC(80) DefNew: 560760K(629120K)->1586K(629120K) Eden: 559232K(559232K)->0K(559232K) From: 1528K(69888K)->1586K(69888K)
[24.563s][info][gc,heap        ] GC(80) Tenured: 37073K(1398144K)->37073K(1398144K)
[24.563s][info][gc,metaspace   ] GC(80) Metaspace: 72196K(72768K)->72196K(72768K) NonClass: 57207K(57536K)->57207K(57536K) Class: 14989K(15232K)->14989K(15232K)
[24.563s][info][gc             ] GC(80) Pause Young (Allocation Failure) 583M->37M(1979M) 9.483ms
[24.563s][info][gc,cpu         ] GC(80) User=0.03s Sys=0.00s Real=0.00s
[24.711s][info][gc,start       ] GC(81) Pause Young (Allocation Failure)
[24.720s][info][gc,heap        ] GC(81) DefNew: 560818K(629120K)->1538K(629120K) Eden: 559232K(559232K)->0K(559232K) From: 1586K(69888K)->1538K(69888K)
[24.720s][info][gc,heap        ] GC(81) Tenured: 37073K(1398144K)->37073K(1398144K)
[24.720s][info][gc,metaspace   ] GC(81) Metaspace: 72208K(72768K)->72208K(72768K) NonClass: 57218K(57536K)->57218K(57536K) Class: 14989K(15232K)->14989K(15232K)
[24.720s][info][gc             ] GC(81) Pause Young (Allocation Failure) 583M->37M(1979M) 8.893ms
[24.720s][info][gc,cpu         ] GC(81) User=0.02s Sys=0.00s Real=0.00s
[24.881s][info][gc,start       ] GC(82) Pause Young (Allocation Failure)
[24.888s][info][gc,heap        ] GC(82) DefNew: 560770K(629120K)->1484K(629120K) Eden: 559232K(559232K)->0K(559232K) From: 1538K(69888K)->1484K(69888K)
[24.888s][info][gc,heap        ] GC(82) Tenured: 37073K(1398144K)->37089K(1398144K)
[24.888s][info][gc,metaspace   ] GC(82) Metaspace: 72209K(72768K)->72209K(72768K) NonClass: 57220K(57536K)->57220K(57536K) Class: 14989K(15232K)->14989K(15232K)
[24.889s][info][gc             ] GC(82) Pause Young (Allocation Failure) 583M->37M(1979M) 8.015ms
[24.889s][info][gc,cpu         ] GC(82) User=0.00s Sys=0.00s Real=0.00s
[25.058s][info][gc,start       ] GC(83) Pause Young (Allocation Failure)
[25.064s][info][gc,heap        ] GC(83) DefNew: 560716K(629120K)->1392K(629120K) Eden: 559232K(559232K)->0K(559232K) From: 1484K(69888K)->1392K(69888K)
[25.064s][info][gc,heap        ] GC(83) Tenured: 37089K(1398144K)->37089K(1398144K)
[25.064s][info][gc,metaspace   ] GC(83) Metaspace: 72211K(72832K)->72211K(72832K) NonClass: 57221K(57600K)->57221K(57600K) Class: 14989K(15232K)->14989K(15232K)
[25.065s][info][gc             ] GC(83) Pause Young (Allocation Failure) 583M->37M(1979M) 6.606ms
[25.065s][info][gc,cpu         ] GC(83) User=0.00s Sys=0.00s Real=0.00s
[25.302s][info][gc,start       ] GC(84) Pause Young (Allocation Failure)
[25.308s][info][gc,heap        ] GC(84) DefNew: 560624K(629120K)->1397K(629120K) Eden: 559232K(559232K)->0K(559232K) From: 1392K(69888K)->1397K(69888K)
[25.308s][info][gc,heap        ] GC(84) Tenured: 37089K(1398144K)->37089K(1398144K)
[25.308s][info][gc,metaspace   ] GC(84) Metaspace: 72216K(72832K)->72216K(72832K) NonClass: 57226K(57600K)->57226K(57600K) Class: 14989K(15232K)->14989K(15232K)
[25.308s][info][gc             ] GC(84) Pause Young (Allocation Failure) 583M->37M(1979M) 6.009ms
[25.308s][info][gc,cpu         ] GC(84) User=0.02s Sys=0.00s Real=0.02s
[25.693s][info][gc,start       ] GC(85) Pause Young (Allocation Failure)
[25.699s][info][gc,heap        ] GC(85) DefNew: 560629K(629120K)->1357K(629120K) Eden: 559232K(559232K)->0K(559232K) From: 1397K(69888K)->1357K(69888K)
[25.699s][info][gc,heap        ] GC(85) Tenured: 37089K(1398144K)->37096K(1398144K)
[25.699s][info][gc,metaspace   ] GC(85) Metaspace: 72218K(72832K)->72218K(72832K) NonClass: 57228K(57600K)->57228K(57600K) Class: 14989K(15232K)->14989K(15232K)
[25.699s][info][gc             ] GC(85) Pause Young (Allocation Failure) 583M->37M(1979M) 6.453ms
[25.699s][info][gc,cpu         ] GC(85) User=0.00s Sys=0.00s Real=0.00s
[26.116s][info][gc,start       ] GC(86) Pause Young (Allocation Failure)
[26.120s][info][gc,heap        ] GC(86) DefNew: 560589K(629120K)->1371K(629120K) Eden: 559232K(559232K)->0K(559232K) From: 1357K(69888K)->1371K(69888K)
[26.120s][info][gc,heap        ] GC(86) Tenured: 37096K(1398144K)->37096K(1398144K)
[26.120s][info][gc,metaspace   ] GC(86) Metaspace: 72218K(72832K)->72218K(72832K) NonClass: 57228K(57600K)->57228K(57600K) Class: 14989K(15232K)->14989K(15232K)
[26.120s][info][gc             ] GC(86) Pause Young (Allocation Failure) 583M->37M(1979M) 4.273ms
[26.120s][info][gc,cpu         ] GC(86) User=0.00s Sys=0.00s Real=0.00s
[26.533s][info][gc,start       ] GC(87) Pause Young (Allocation Failure)
[26.539s][info][gc,heap        ] GC(87) DefNew: 560603K(629120K)->1365K(629120K) Eden: 559232K(559232K)->0K(559232K) From: 1371K(69888K)->1365K(69888K)
[26.540s][info][gc,heap        ] GC(87) Tenured: 37096K(1398144K)->37096K(1398144K)
[26.540s][info][gc,metaspace   ] GC(87) Metaspace: 72218K(72832K)->72218K(72832K) NonClass: 57228K(57600K)->57228K(57600K) Class: 14989K(15232K)->14989K(15232K)
[26.540s][info][gc             ] GC(87) Pause Young (Allocation Failure) 583M->37M(1979M) 6.136ms
[26.540s][info][gc,cpu         ] GC(87) User=0.02s Sys=0.00s Real=0.02s
[26.895s][info][gc,start       ] GC(88) Pause Full (System.gc())
[26.895s][info][gc,phases,start] GC(88) Phase 1: Mark live objects
[26.962s][info][gc,phases      ] GC(88) Phase 1: Mark live objects 67.176ms
[26.962s][info][gc,phases,start] GC(88) Phase 2: Compute new object addresses
[27.082s][info][gc,phases      ] GC(88) Phase 2: Compute new object addresses 120.259ms
[27.082s][info][gc,phases,start] GC(88) Phase 3: Adjust pointers
[27.106s][info][gc,phases      ] GC(88) Phase 3: Adjust pointers 23.866ms
[27.106s][info][gc,phases,start] GC(88) Phase 4: Move objects
[27.108s][info][gc,phases      ] GC(88) Phase 4: Move objects 1.371ms
[27.108s][info][gc,heap        ] GC(88) DefNew: 339529K(629120K)->0K(629120K) Eden: 338163K(559232K)->0K(559232K) From: 1365K(69888K)->0K(69888K)
[27.108s][info][gc,heap        ] GC(88) Tenured: 37096K(1398144K)->38420K(1398144K)
[27.108s][info][gc,metaspace   ] GC(88) Metaspace: 72253K(72832K)->72240K(72832K) NonClass: 57264K(57600K)->57254K(57600K) Class: 14989K(15232K)->14985K(15232K)
[27.108s][info][gc             ] GC(88) Pause Full (System.gc()) 367M->37M(1979M) 213.801ms
[27.108s][info][gc,cpu         ] GC(88) User=0.20s Sys=0.00s Real=0.20s
[27.295s][info][gc,start       ] GC(89) Pause Young (Allocation Failure)
[27.310s][info][gc,heap        ] GC(89) DefNew: 559232K(629120K)->3505K(629120K) Eden: 559232K(559232K)->0K(559232K) From: 0K(69888K)->3505K(69888K)
[27.311s][info][gc,heap        ] GC(89) Tenured: 38420K(1398144K)->38420K(1398144K)
[27.311s][info][gc,metaspace   ] GC(89) Metaspace: 72354K(72832K)->72354K(72832K) NonClass: 57367K(57600K)->57367K(57600K) Class: 14986K(15232K)->14986K(15232K)
[27.311s][info][gc             ] GC(89) Pause Young (Allocation Failure) 583M->40M(1979M) 15.493ms
[27.311s][info][gc,cpu         ] GC(89) User=0.02s Sys=0.00s Real=0.02s
[27.451s][info][gc,start       ] GC(90) Pause Young (Allocation Failure)
[27.463s][info][gc,heap        ] GC(90) DefNew: 562737K(629120K)->3463K(629120K) Eden: 559232K(559232K)->0K(559232K) From: 3505K(69888K)->3463K(69888K)
[27.464s][info][gc,heap        ] GC(90) Tenured: 38420K(1398144K)->38420K(1398144K)
[27.464s][info][gc,metaspace   ] GC(90) Metaspace: 72354K(72832K)->72354K(72832K) NonClass: 57367K(57600K)->57367K(57600K) Class: 14986K(15232K)->14986K(15232K)
[27.464s][info][gc             ] GC(90) Pause Young (Allocation Failure) 587M->40M(1979M) 12.757ms
[27.464s][info][gc,cpu         ] GC(90) User=0.00s Sys=0.00s Real=0.00s
[27.603s][info][gc,start       ] GC(91) Pause Young (Allocation Failure)
[27.615s][info][gc,heap        ] GC(91) DefNew: 562695K(629120K)->3484K(629120K) Eden: 559232K(559232K)->0K(559232K) From: 3463K(69888K)->3484K(69888K)
[27.615s][info][gc,heap        ] GC(91) Tenured: 38420K(1398144K)->38420K(1398144K)
[27.615s][info][gc,metaspace   ] GC(91) Metaspace: 72354K(72832K)->72354K(72832K) NonClass: 57367K(57600K)->57367K(57600K) Class: 14986K(15232K)->14986K(15232K)
[27.615s][info][gc             ] GC(91) Pause Young (Allocation Failure) 587M->40M(1979M) 12.325ms
[27.615s][info][gc,cpu         ] GC(91) User=0.00s Sys=0.00s Real=0.00s
[27.755s][info][gc,start       ] GC(92) Pause Young (Allocation Failure)
[27.769s][info][gc,heap        ] GC(92) DefNew: 562716K(629120K)->3476K(629120K) Eden: 559232K(559232K)->0K(559232K) From: 3484K(69888K)->3476K(69888K)
[27.769s][info][gc,heap        ] GC(92) Tenured: 38420K(1398144K)->38420K(1398144K)
[27.769s][info][gc,metaspace   ] GC(92) Metaspace: 72354K(72832K)->72354K(72832K) NonClass: 57367K(57600K)->57367K(57600K) Class: 14986K(15232K)->14986K(15232K)
[27.769s][info][gc             ] GC(92) Pause Young (Allocation Failure) 587M->40M(1979M) 13.329ms
[27.769s][info][gc,cpu         ] GC(92) User=0.00s Sys=0.00s Real=0.00s
[27.908s][info][gc,start       ] GC(93) Pause Young (Allocation Failure)
[27.921s][info][gc,heap        ] GC(93) DefNew: 562708K(629120K)->3486K(629120K) Eden: 559232K(559232K)->0K(559232K) From: 3476K(69888K)->3486K(69888K)
[27.921s][info][gc,heap        ] GC(93) Tenured: 38420K(1398144K)->38420K(1398144K)
[27.921s][info][gc,metaspace   ] GC(93) Metaspace: 72354K(72832K)->72354K(72832K) NonClass: 57367K(57600K)->57367K(57600K) Class: 14986K(15232K)->14986K(15232K)
[27.921s][info][gc             ] GC(93) Pause Young (Allocation Failure) 587M->40M(1979M) 13.480ms
[27.921s][info][gc,cpu         ] GC(93) User=0.00s Sys=0.00s Real=0.00s
[28.060s][info][gc,start       ] GC(94) Pause Young (Allocation Failure)
[28.073s][info][gc,heap        ] GC(94) DefNew: 562718K(629120K)->3500K(629120K) Eden: 559232K(559232K)->0K(559232K) From: 3486K(69888K)->3500K(69888K)
[28.073s][info][gc,heap        ] GC(94) Tenured: 38420K(1398144K)->38420K(1398144K)
[28.073s][info][gc,metaspace   ] GC(94) Metaspace: 72354K(72832K)->72354K(72832K) NonClass: 57367K(57600K)->57367K(57600K) Class: 14986K(15232K)->14986K(15232K)
[28.073s][info][gc             ] GC(94) Pause Young (Allocation Failure) 587M->40M(1979M) 12.991ms
[28.073s][info][gc,cpu         ] GC(94) User=0.00s Sys=0.00s Real=0.00s
[28.211s][info][gc,start       ] GC(95) Pause Young (Allocation Failure)
[28.223s][info][gc,heap        ] GC(95) DefNew: 562732K(629120K)->3425K(629120K) Eden: 559232K(559232K)->0K(559232K) From: 3500K(69888K)->3425K(69888K)
[28.223s][info][gc,heap        ] GC(95) Tenured: 38420K(1398144K)->38420K(1398144K)
[28.223s][info][gc,metaspace   ] GC(95) Metaspace: 72354K(72832K)->72354K(72832K) NonClass: 57367K(57600K)->57367K(57600K) Class: 14986K(15232K)->14986K(15232K)
[28.223s][info][gc             ] GC(95) Pause Young (Allocation Failure) 587M->40M(1979M) 12.108ms
[28.223s][info][gc,cpu         ] GC(95) User=0.00s Sys=0.00s Real=0.00s
[28.362s][info][gc,start       ] GC(96) Pause Young (Allocation Failure)
[28.375s][info][gc,heap        ] GC(96) DefNew: 562657K(629120K)->3489K(629120K) Eden: 559232K(559232K)->0K(559232K) From: 3425K(69888K)->3489K(69888K)
[28.375s][info][gc,heap        ] GC(96) Tenured: 38420K(1398144K)->38420K(1398144K)
[28.375s][info][gc,metaspace   ] GC(96) Metaspace: 72354K(72832K)->72354K(72832K) NonClass: 57367K(57600K)->57367K(57600K) Class: 14986K(15232K)->14986K(15232K)
[28.375s][info][gc             ] GC(96) Pause Young (Allocation Failure) 586M->40M(1979M) 13.633ms
[28.375s][info][gc,cpu         ] GC(96) User=0.00s Sys=0.00s Real=0.00s
[28.515s][info][gc,start       ] GC(97) Pause Young (Allocation Failure)
[28.528s][info][gc,heap        ] GC(97) DefNew: 562721K(629120K)->3442K(629120K) Eden: 559232K(559232K)->0K(559232K) From: 3489K(69888K)->3442K(69888K)
[28.528s][info][gc,heap        ] GC(97) Tenured: 38420K(1398144K)->38420K(1398144K)
[28.528s][info][gc,metaspace   ] GC(97) Metaspace: 72354K(72832K)->72354K(72832K) NonClass: 57367K(57600K)->57367K(57600K) Class: 14986K(15232K)->14986K(15232K)
[28.528s][info][gc             ] GC(97) Pause Young (Allocation Failure) 587M->40M(1979M) 13.021ms
[28.528s][info][gc,cpu         ] GC(97) User=0.00s Sys=0.00s Real=0.00s
[28.668s][info][gc,start       ] GC(98) Pause Young (Allocation Failure)
[28.680s][info][gc,heap        ] GC(98) DefNew: 562674K(629120K)->3519K(629120K) Eden: 559232K(559232K)->0K(559232K) From: 3442K(69888K)->3519K(69888K)
[28.680s][info][gc,heap        ] GC(98) Tenured: 38420K(1398144K)->38420K(1398144K)
[28.680s][info][gc,metaspace   ] GC(98) Metaspace: 72354K(72832K)->72354K(72832K) NonClass: 57367K(57600K)->57367K(57600K) Class: 14986K(15232K)->14986K(15232K)
[28.680s][info][gc             ] GC(98) Pause Young (Allocation Failure) 587M->40M(1979M) 12.602ms
[28.680s][info][gc,cpu         ] GC(98) User=0.00s Sys=0.00s Real=0.00s
[28.821s][info][gc,start       ] GC(99) Pause Young (Allocation Failure)
[28.834s][info][gc,heap        ] GC(99) DefNew: 562751K(629120K)->3518K(629120K) Eden: 559232K(559232K)->0K(559232K) From: 3519K(69888K)->3518K(69888K)
[28.834s][info][gc,heap        ] GC(99) Tenured: 38420K(1398144K)->38420K(1398144K)
[28.834s][info][gc,metaspace   ] GC(99) Metaspace: 72354K(72832K)->72354K(72832K) NonClass: 57367K(57600K)->57367K(57600K) Class: 14986K(15232K)->14986K(15232K)
[28.834s][info][gc             ] GC(99) Pause Young (Allocation Failure) 587M->40M(1979M) 12.779ms
[28.834s][info][gc,cpu         ] GC(99) User=0.02s Sys=0.00s Real=0.00s
[28.972s][info][gc,start       ] GC(100) Pause Young (Allocation Failure)
[28.985s][info][gc,heap        ] GC(100) DefNew: 562750K(629120K)->3433K(629120K) Eden: 559232K(559232K)->0K(559232K) From: 3518K(69888K)->3433K(69888K)
[28.986s][info][gc,heap        ] GC(100) Tenured: 38420K(1398144K)->38420K(1398144K)
[28.986s][info][gc,metaspace   ] GC(100) Metaspace: 72354K(72832K)->72354K(72832K) NonClass: 57367K(57600K)->57367K(57600K) Class: 14986K(15232K)->14986K(15232K)
[28.986s][info][gc             ] GC(100) Pause Young (Allocation Failure) 587M->40M(1979M) 13.520ms
[28.986s][info][gc,cpu         ] GC(100) User=0.00s Sys=0.00s Real=0.00s
[29.124s][info][gc,start       ] GC(101) Pause Young (Allocation Failure)
[29.137s][info][gc,heap        ] GC(101) DefNew: 562665K(629120K)->3468K(629120K) Eden: 559232K(559232K)->0K(559232K) From: 3433K(69888K)->3468K(69888K)
[29.137s][info][gc,heap        ] GC(101) Tenured: 38420K(1398144K)->38420K(1398144K)
[29.137s][info][gc,metaspace   ] GC(101) Metaspace: 72354K(72832K)->72354K(72832K) NonClass: 57367K(57600K)->57367K(57600K) Class: 14986K(15232K)->14986K(15232K)
[29.137s][info][gc             ] GC(101) Pause Young (Allocation Failure) 586M->40M(1979M) 12.731ms
[29.137s][info][gc,cpu         ] GC(101) User=0.00s Sys=0.00s Real=0.00s
[29.277s][info][gc,start       ] GC(102) Pause Young (Allocation Failure)
[29.289s][info][gc,heap        ] GC(102) DefNew: 562700K(629120K)->3544K(629120K) Eden: 559232K(559232K)->0K(559232K) From: 3468K(69888K)->3544K(69888K)
[29.289s][info][gc,heap        ] GC(102) Tenured: 38420K(1398144K)->38420K(1398144K)
[29.289s][info][gc,metaspace   ] GC(102) Metaspace: 72360K(72832K)->72360K(72832K) NonClass: 57374K(57600K)->57374K(57600K) Class: 14986K(15232K)->14986K(15232K)
[29.289s][info][gc             ] GC(102) Pause Young (Allocation Failure) 587M->40M(1979M) 12.711ms
[29.289s][info][gc,cpu         ] GC(102) User=0.00s Sys=0.00s Real=0.00s
[29.428s][info][gc,start       ] GC(103) Pause Young (Allocation Failure)
[29.441s][info][gc,heap        ] GC(103) DefNew: 562776K(629120K)->3596K(629120K) Eden: 559232K(559232K)->0K(559232K) From: 3544K(69888K)->3596K(69888K)
[29.441s][info][gc,heap        ] GC(103) Tenured: 38420K(1398144K)->38420K(1398144K)
[29.441s][info][gc,metaspace   ] GC(103) Metaspace: 72360K(72832K)->72360K(72832K) NonClass: 57374K(57600K)->57374K(57600K) Class: 14986K(15232K)->14986K(15232K)
[29.441s][info][gc             ] GC(103) Pause Young (Allocation Failure) 587M->41M(1979M) 12.600ms
[29.441s][info][gc,cpu         ] GC(103) User=0.00s Sys=0.00s Real=0.00s
[29.580s][info][gc,start       ] GC(104) Pause Young (Allocation Failure)
[29.593s][info][gc,heap        ] GC(104) DefNew: 562828K(629120K)->1471K(629120K) Eden: 559232K(559232K)->0K(559232K) From: 3596K(69888K)->1471K(69888K)
[29.593s][info][gc,heap        ] GC(104) Tenured: 38420K(1398144K)->40478K(1398144K)
[29.593s][info][gc,metaspace   ] GC(104) Metaspace: 72360K(72832K)->72360K(72832K) NonClass: 57374K(57600K)->57374K(57600K) Class: 14986K(15232K)->14986K(15232K)
[29.593s][info][gc             ] GC(104) Pause Young (Allocation Failure) 587M->40M(1979M) 13.531ms
[29.593s][info][gc,cpu         ] GC(104) User=0.00s Sys=0.00s Real=0.00s
[29.733s][info][gc,start       ] GC(105) Pause Young (Allocation Failure)
[29.742s][info][gc,heap        ] GC(105) DefNew: 560703K(629120K)->1526K(629120K) Eden: 559231K(559232K)->0K(559232K) From: 1471K(69888K)->1526K(69888K)
[29.742s][info][gc,heap        ] GC(105) Tenured: 40478K(1398144K)->40478K(1398144K)
[29.742s][info][gc,metaspace   ] GC(105) Metaspace: 72360K(72832K)->72360K(72832K) NonClass: 57374K(57600K)->57374K(57600K) Class: 14986K(15232K)->14986K(15232K)
[29.742s][info][gc             ] GC(105) Pause Young (Allocation Failure) 587M->41M(1979M) 8.837ms
[29.742s][info][gc,cpu         ] GC(105) User=0.00s Sys=0.00s Real=0.00s
[29.881s][info][gc,start       ] GC(106) Pause Young (Allocation Failure)
[29.889s][info][gc,heap        ] GC(106) DefNew: 560758K(629120K)->1473K(629120K) Eden: 559232K(559232K)->0K(559232K) From: 1526K(69888K)->1473K(69888K)
[29.889s][info][gc,heap        ] GC(106) Tenured: 40478K(1398144K)->40494K(1398144K)
[29.889s][info][gc,metaspace   ] GC(106) Metaspace: 72360K(72832K)->72360K(72832K) NonClass: 57374K(57600K)->57374K(57600K) Class: 14986K(15232K)->14986K(15232K)
[29.889s][info][gc             ] GC(106) Pause Young (Allocation Failure) 587M->40M(1979M) 8.606ms
[29.889s][info][gc,cpu         ] GC(106) User=0.00s Sys=0.00s Real=0.00s
[30.027s][info][gc,start       ] GC(107) Pause Young (Allocation Failure)
[30.037s][info][gc,heap        ] GC(107) DefNew: 560705K(629120K)->1524K(629120K) Eden: 559232K(559232K)->0K(559232K) From: 1473K(69888K)->1524K(69888K)
[30.037s][info][gc,heap        ] GC(107) Tenured: 40494K(1398144K)->40494K(1398144K)
[30.037s][info][gc,metaspace   ] GC(107) Metaspace: 72360K(72832K)->72360K(72832K) NonClass: 57374K(57600K)->57374K(57600K) Class: 14986K(15232K)->14986K(15232K)
[30.037s][info][gc             ] GC(107) Pause Young (Allocation Failure) 587M->41M(1979M) 9.485ms
[30.037s][info][gc,cpu         ] GC(107) User=0.00s Sys=0.00s Real=0.00s
[30.175s][info][gc,start       ] GC(108) Pause Young (Allocation Failure)
[30.184s][info][gc,heap        ] GC(108) DefNew: 560756K(629120K)->1492K(629120K) Eden: 559232K(559232K)->0K(559232K) From: 1524K(69888K)->1492K(69888K)
[30.184s][info][gc,heap        ] GC(108) Tenured: 40494K(1398144K)->40495K(1398144K)
[30.184s][info][gc,metaspace   ] GC(108) Metaspace: 72360K(72832K)->72360K(72832K) NonClass: 57374K(57600K)->57374K(57600K) Class: 14986K(15232K)->14986K(15232K)
[30.184s][info][gc             ] GC(108) Pause Young (Allocation Failure) 587M->41M(1979M) 9.178ms
[30.184s][info][gc,cpu         ] GC(108) User=0.00s Sys=0.00s Real=0.00s
[30.323s][info][gc,start       ] GC(109) Pause Young (Allocation Failure)
[30.332s][info][gc,heap        ] GC(109) DefNew: 560724K(629120K)->1453K(629120K) Eden: 559232K(559232K)->0K(559232K) From: 1492K(69888K)->1453K(69888K)
[30.332s][info][gc,heap        ] GC(109) Tenured: 40495K(1398144K)->40495K(1398144K)
[30.332s][info][gc,metaspace   ] GC(109) Metaspace: 72360K(72832K)->72360K(72832K) NonClass: 57374K(57600K)->57374K(57600K) Class: 14986K(15232K)->14986K(15232K)
[30.332s][info][gc             ] GC(109) Pause Young (Allocation Failure) 587M->40M(1979M) 8.613ms
[30.332s][info][gc,cpu         ] GC(109) User=0.00s Sys=0.00s Real=0.00s
[30.470s][info][gc,start       ] GC(110) Pause Young (Allocation Failure)
[30.478s][info][gc,heap        ] GC(110) DefNew: 560685K(629120K)->1500K(629120K) Eden: 559232K(559232K)->0K(559232K) From: 1453K(69888K)->1500K(69888K)
[30.478s][info][gc,heap        ] GC(110) Tenured: 40495K(1398144K)->40495K(1398144K)
[30.478s][info][gc,metaspace   ] GC(110) Metaspace: 72360K(72832K)->72360K(72832K) NonClass: 57374K(57600K)->57374K(57600K) Class: 14986K(15232K)->14986K(15232K)
[30.479s][info][gc             ] GC(110) Pause Young (Allocation Failure) 587M->41M(1979M) 8.683ms
[30.479s][info][gc,cpu         ] GC(110) User=0.00s Sys=0.00s Real=0.00s
[30.618s][info][gc,start       ] GC(111) Pause Young (Allocation Failure)
[30.628s][info][gc,heap        ] GC(111) DefNew: 560732K(629120K)->1490K(629120K) Eden: 559232K(559232K)->0K(559232K) From: 1500K(69888K)->1490K(69888K)
[30.628s][info][gc,heap        ] GC(111) Tenured: 40495K(1398144K)->40495K(1398144K)
[30.628s][info][gc,metaspace   ] GC(111) Metaspace: 72360K(72832K)->72360K(72832K) NonClass: 57374K(57600K)->57374K(57600K) Class: 14986K(15232K)->14986K(15232K)
[30.628s][info][gc             ] GC(111) Pause Young (Allocation Failure) 587M->41M(1979M) 9.772ms
[30.628s][info][gc,cpu         ] GC(111) User=0.00s Sys=0.00s Real=0.00s
[30.767s][info][gc,start       ] GC(112) Pause Young (Allocation Failure)
[30.776s][info][gc,heap        ] GC(112) DefNew: 560722K(629120K)->1502K(629120K) Eden: 559232K(559232K)->0K(559232K) From: 1490K(69888K)->1502K(69888K)
[30.776s][info][gc,heap        ] GC(112) Tenured: 40495K(1398144K)->40495K(1398144K)
[30.776s][info][gc,metaspace   ] GC(112) Metaspace: 72360K(72832K)->72360K(72832K) NonClass: 57374K(57600K)->57374K(57600K) Class: 14986K(15232K)->14986K(15232K)
[30.776s][info][gc             ] GC(112) Pause Young (Allocation Failure) 587M->41M(1979M) 9.451ms
[30.776s][info][gc,cpu         ] GC(112) User=0.00s Sys=0.00s Real=0.00s
[30.914s][info][gc,start       ] GC(113) Pause Young (Allocation Failure)
[30.923s][info][gc,heap        ] GC(113) DefNew: 560734K(629120K)->1424K(629120K) Eden: 559232K(559232K)->0K(559232K) From: 1502K(69888K)->1424K(69888K)
[30.923s][info][gc,heap        ] GC(113) Tenured: 40495K(1398144K)->40511K(1398144K)
[30.923s][info][gc,metaspace   ] GC(113) Metaspace: 72360K(72832K)->72360K(72832K) NonClass: 57374K(57600K)->57374K(57600K) Class: 14986K(15232K)->14986K(15232K)
[30.923s][info][gc             ] GC(113) Pause Young (Allocation Failure) 587M->40M(1979M) 8.898ms
[30.923s][info][gc,cpu         ] GC(113) User=0.02s Sys=0.00s Real=0.01s
[31.061s][info][gc,start       ] GC(114) Pause Young (Allocation Failure)
[31.070s][info][gc,heap        ] GC(114) DefNew: 560656K(629120K)->1443K(629120K) Eden: 559232K(559232K)->0K(559232K) From: 1424K(69888K)->1443K(69888K)
[31.070s][info][gc,heap        ] GC(114) Tenured: 40511K(1398144K)->40511K(1398144K)
[31.070s][info][gc,metaspace   ] GC(114) Metaspace: 72360K(72832K)->72360K(72832K) NonClass: 57374K(57600K)->57374K(57600K) Class: 14986K(15232K)->14986K(15232K)
[31.070s][info][gc             ] GC(114) Pause Young (Allocation Failure) 587M->40M(1979M) 8.518ms
[31.070s][info][gc,cpu         ] GC(114) User=0.00s Sys=0.00s Real=0.00s
[31.208s][info][gc,start       ] GC(115) Pause Young (Allocation Failure)
[31.216s][info][gc,heap        ] GC(115) DefNew: 560675K(629120K)->1431K(629120K) Eden: 559232K(559232K)->0K(559232K) From: 1443K(69888K)->1431K(69888K)
[31.216s][info][gc,heap        ] GC(115) Tenured: 40511K(1398144K)->40511K(1398144K)
[31.216s][info][gc,metaspace   ] GC(115) Metaspace: 72360K(72832K)->72360K(72832K) NonClass: 57374K(57600K)->57374K(57600K) Class: 14986K(15232K)->14986K(15232K)
[31.216s][info][gc             ] GC(115) Pause Young (Allocation Failure) 587M->40M(1979M) 8.406ms
[31.216s][info][gc,cpu         ] GC(115) User=0.00s Sys=0.00s Real=0.00s
[31.354s][info][gc,start       ] GC(116) Pause Young (Allocation Failure)
[31.363s][info][gc,heap        ] GC(116) DefNew: 560663K(629120K)->1445K(629120K) Eden: 559232K(559232K)->0K(559232K) From: 1431K(69888K)->1445K(69888K)
[31.363s][info][gc,heap        ] GC(116) Tenured: 40511K(1398144K)->40511K(1398144K)
[31.363s][info][gc,metaspace   ] GC(116) Metaspace: 72360K(72832K)->72360K(72832K) NonClass: 57374K(57600K)->57374K(57600K) Class: 14986K(15232K)->14986K(15232K)
[31.363s][info][gc             ] GC(116) Pause Young (Allocation Failure) 587M->40M(1979M) 8.551ms
[31.363s][info][gc,cpu         ] GC(116) User=0.00s Sys=0.00s Real=0.00s
[31.501s][info][gc,start       ] GC(117) Pause Young (Allocation Failure)
[31.509s][info][gc,heap        ] GC(117) DefNew: 560677K(629120K)->1382K(629120K) Eden: 559232K(559232K)->0K(559232K) From: 1445K(69888K)->1382K(69888K)
[31.510s][info][gc,heap        ] GC(117) Tenured: 40511K(1398144K)->40553K(1398144K)
[31.510s][info][gc,metaspace   ] GC(117) Metaspace: 72360K(72832K)->72360K(72832K) NonClass: 57374K(57600K)->57374K(57600K) Class: 14986K(15232K)->14986K(15232K)
[31.510s][info][gc             ] GC(117) Pause Young (Allocation Failure) 587M->40M(1979M) 8.488ms
[31.510s][info][gc,cpu         ] GC(117) User=0.02s Sys=0.00s Real=0.01s
[31.648s][info][gc,start       ] GC(118) Pause Young (Allocation Failure)
[31.656s][info][gc,heap        ] GC(118) DefNew: 560614K(629120K)->1435K(629120K) Eden: 559232K(559232K)->0K(559232K) From: 1382K(69888K)->1435K(69888K)
[31.657s][info][gc,heap        ] GC(118) Tenured: 40553K(1398144K)->40554K(1398144K)
[31.657s][info][gc,metaspace   ] GC(118) Metaspace: 72360K(72832K)->72360K(72832K) NonClass: 57374K(57600K)->57374K(57600K) Class: 14986K(15232K)->14986K(15232K)
[31.657s][info][gc             ] GC(118) Pause Young (Allocation Failure) 587M->41M(1979M) 8.495ms
[31.657s][info][gc,cpu         ] GC(118) User=0.02s Sys=0.00s Real=0.00s
[31.795s][info][gc,start       ] GC(119) Pause Young (Allocation Failure)
[31.803s][info][gc,heap        ] GC(119) DefNew: 560667K(629120K)->1415K(629120K) Eden: 559232K(559232K)->0K(559232K) From: 1435K(69888K)->1415K(69888K)
[31.803s][info][gc,heap        ] GC(119) Tenured: 40554K(1398144K)->40570K(1398144K)
[31.803s][info][gc,metaspace   ] GC(119) Metaspace: 72360K(72832K)->72360K(72832K) NonClass: 57374K(57600K)->57374K(57600K) Class: 14986K(15232K)->14986K(15232K)
[31.803s][info][gc             ] GC(119) Pause Young (Allocation Failure) 587M->41M(1979M) 8.518ms
[31.803s][info][gc,cpu         ] GC(119) User=0.00s Sys=0.00s Real=0.00s
[31.942s][info][gc,start       ] GC(120) Pause Young (Allocation Failure)
[31.952s][info][gc,heap        ] GC(120) DefNew: 560647K(629120K)->1482K(629120K) Eden: 559232K(559232K)->0K(559232K) From: 1415K(69888K)->1482K(69888K)
[31.952s][info][gc,heap        ] GC(120) Tenured: 40570K(1398144K)->40570K(1398144K)
[31.952s][info][gc,metaspace   ] GC(120) Metaspace: 72376K(72832K)->72376K(72832K) NonClass: 57389K(57600K)->57389K(57600K) Class: 14986K(15232K)->14986K(15232K)
[31.952s][info][gc             ] GC(120) Pause Young (Allocation Failure) 587M->41M(1979M) 9.146ms
[31.952s][info][gc,cpu         ] GC(120) User=0.02s Sys=0.00s Real=0.01s
[32.094s][info][gc,start       ] GC(121) Pause Young (Allocation Failure)
[32.103s][info][gc,heap        ] GC(121) DefNew: 560714K(629120K)->1446K(629120K) Eden: 559232K(559232K)->0K(559232K) From: 1482K(69888K)->1446K(69888K)
[32.103s][info][gc,heap        ] GC(121) Tenured: 40570K(1398144K)->40570K(1398144K)
[32.103s][info][gc,metaspace   ] GC(121) Metaspace: 72378K(72832K)->72378K(72832K) NonClass: 57391K(57600K)->57391K(57600K) Class: 14986K(15232K)->14986K(15232K)
[32.103s][info][gc             ] GC(121) Pause Young (Allocation Failure) 587M->41M(1979M) 8.631ms
[32.103s][info][gc,cpu         ] GC(121) User=0.00s Sys=0.00s Real=0.00s
[32.246s][info][gc,start       ] GC(122) Pause Young (Allocation Failure)
[32.254s][info][gc,heap        ] GC(122) DefNew: 560678K(629120K)->1416K(629120K) Eden: 559232K(559232K)->0K(559232K) From: 1446K(69888K)->1416K(69888K)
[32.254s][info][gc,heap        ] GC(122) Tenured: 40570K(1398144K)->40570K(1398144K)
[32.254s][info][gc,metaspace   ] GC(122) Metaspace: 72387K(72832K)->72387K(72832K) NonClass: 57401K(57600K)->57401K(57600K) Class: 14986K(15232K)->14986K(15232K)
[32.254s][info][gc             ] GC(122) Pause Young (Allocation Failure) 587M->41M(1979M) 8.249ms
[32.254s][info][gc,cpu         ] GC(122) User=0.00s Sys=0.00s Real=0.01s
[32.400s][info][gc,start       ] GC(123) Pause Young (Allocation Failure)
[32.438s][info][gc,heap        ] GC(123) DefNew: 560648K(629120K)->1477K(629120K) Eden: 559232K(559232K)->0K(559232K) From: 1416K(69888K)->1477K(69888K)
[32.438s][info][gc,heap        ] GC(123) Tenured: 40570K(1398144K)->40570K(1398144K)
[32.438s][info][gc,metaspace   ] GC(123) Metaspace: 72387K(72832K)->72387K(72832K) NonClass: 57401K(57600K)->57401K(57600K) Class: 14986K(15232K)->14986K(15232K)
[32.438s][info][gc             ] GC(123) Pause Young (Allocation Failure) 587M->41M(1979M) 38.235ms
[32.438s][info][gc,cpu         ] GC(123) User=0.02s Sys=0.00s Real=0.03s
[32.613s][info][gc,start       ] GC(124) Pause Young (Allocation Failure)
[32.621s][info][gc,heap        ] GC(124) DefNew: 560709K(629120K)->1462K(629120K) Eden: 559232K(559232K)->0K(559232K) From: 1477K(69888K)->1462K(69888K)
[32.621s][info][gc,heap        ] GC(124) Tenured: 40570K(1398144K)->40570K(1398144K)
[32.621s][info][gc,metaspace   ] GC(124) Metaspace: 72441K(72896K)->72441K(72896K) NonClass: 57455K(57664K)->57455K(57664K) Class: 14986K(15232K)->14986K(15232K)
[32.622s][info][gc             ] GC(124) Pause Young (Allocation Failure) 587M->41M(1979M) 8.884ms
[32.622s][info][gc,cpu         ] GC(124) User=0.00s Sys=0.00s Real=0.00s
[32.837s][info][gc,start       ] GC(125) Pause Young (Allocation Failure)
[32.843s][info][gc,heap        ] GC(125) DefNew: 560694K(629120K)->1412K(629120K) Eden: 559232K(559232K)->0K(559232K) From: 1462K(69888K)->1412K(69888K)
[32.843s][info][gc,heap        ] GC(125) Tenured: 40570K(1398144K)->40570K(1398144K)
[32.843s][info][gc,metaspace   ] GC(125) Metaspace: 72442K(72896K)->72442K(72896K) NonClass: 57455K(57664K)->57455K(57664K) Class: 14986K(15232K)->14986K(15232K)
[32.844s][info][gc             ] GC(125) Pause Young (Allocation Failure) 587M->40M(1979M) 6.590ms
[32.844s][info][gc,cpu         ] GC(125) User=0.00s Sys=0.00s Real=0.00s
[33.086s][info][gc,start       ] GC(126) Pause Young (Allocation Failure)
[33.092s][info][gc,heap        ] GC(126) DefNew: 560644K(629120K)->1410K(629120K) Eden: 559231K(559232K)->0K(559232K) From: 1412K(69888K)->1410K(69888K)
[33.092s][info][gc,heap        ] GC(126) Tenured: 40570K(1398144K)->40586K(1398144K)
[33.092s][info][gc,metaspace   ] GC(126) Metaspace: 72461K(72896K)->72461K(72896K) NonClass: 57474K(57664K)->57474K(57664K) Class: 14986K(15232K)->14986K(15232K)
[33.092s][info][gc             ] GC(126) Pause Young (Allocation Failure) 587M->41M(1979M) 5.493ms
[33.092s][info][gc,cpu         ] GC(126) User=0.00s Sys=0.00s Real=0.00s
[33.400s][info][gc,start       ] GC(127) Pause Young (Allocation Failure)
[33.405s][info][gc,heap        ] GC(127) DefNew: 560642K(629120K)->1359K(629120K) Eden: 559232K(559232K)->0K(559232K) From: 1410K(69888K)->1359K(69888K)
[33.405s][info][gc,heap        ] GC(127) Tenured: 40586K(1398144K)->40586K(1398144K)
[33.405s][info][gc,metaspace   ] GC(127) Metaspace: 72461K(72896K)->72461K(72896K) NonClass: 57474K(57664K)->57474K(57664K) Class: 14986K(15232K)->14986K(15232K)
[33.405s][info][gc             ] GC(127) Pause Young (Allocation Failure) 587M->40M(1979M) 4.709ms
[33.405s][info][gc,cpu         ] GC(127) User=0.00s Sys=0.00s Real=0.00s
[33.733s][info][gc,start       ] GC(128) Pause Young (Allocation Failure)
[33.737s][info][gc,heap        ] GC(128) DefNew: 560591K(629120K)->1388K(629120K) Eden: 559232K(559232K)->0K(559232K) From: 1359K(69888K)->1388K(69888K)
[33.737s][info][gc,heap        ] GC(128) Tenured: 40586K(1398144K)->40586K(1398144K)
[33.737s][info][gc,metaspace   ] GC(128) Metaspace: 72461K(72896K)->72461K(72896K) NonClass: 57474K(57664K)->57474K(57664K) Class: 14986K(15232K)->14986K(15232K)
[33.737s][info][gc             ] GC(128) Pause Young (Allocation Failure) 587M->40M(1979M) 4.443ms
[33.737s][info][gc,cpu         ] GC(128) User=0.02s Sys=0.00s Real=0.02s
[34.066s][info][gc,start       ] GC(129) Pause Young (Allocation Failure)
[34.070s][info][gc,heap        ] GC(129) DefNew: 560620K(629120K)->1374K(629120K) Eden: 559232K(559232K)->0K(559232K) From: 1388K(69888K)->1374K(69888K)
[34.070s][info][gc,heap        ] GC(129) Tenured: 40586K(1398144K)->40586K(1398144K)
[34.070s][info][gc,metaspace   ] GC(129) Metaspace: 72461K(72896K)->72461K(72896K) NonClass: 57474K(57664K)->57474K(57664K) Class: 14986K(15232K)->14986K(15232K)
[34.070s][info][gc             ] GC(129) Pause Young (Allocation Failure) 587M->40M(1979M) 4.346ms
[34.070s][info][gc,cpu         ] GC(129) User=0.02s Sys=0.00s Real=0.02s
[34.277s][info][gc,start       ] GC(130) Pause Full (System.gc())
[34.277s][info][gc,phases,start] GC(130) Phase 1: Mark live objects
[34.326s][info][gc,phases      ] GC(130) Phase 1: Mark live objects 48.187ms
[34.326s][info][gc,phases,start] GC(130) Phase 2: Compute new object addresses
[34.458s][info][gc,phases      ] GC(130) Phase 2: Compute new object addresses 132.463ms
[34.458s][info][gc,phases,start] GC(130) Phase 3: Adjust pointers
[34.481s][info][gc,phases      ] GC(130) Phase 3: Adjust pointers 23.209ms
[34.481s][info][gc,phases,start] GC(130) Phase 4: Move objects
[34.483s][info][gc,phases      ] GC(130) Phase 4: Move objects 1.340ms
[34.483s][info][gc,heap        ] GC(130) DefNew: 327375K(629120K)->0K(629120K) Eden: 326001K(559232K)->0K(559232K) From: 1374K(69888K)->0K(69888K)
[34.483s][info][gc,heap        ] GC(130) Tenured: 40586K(1398144K)->41784K(1398144K)
[34.483s][info][gc,metaspace   ] GC(130) Metaspace: 72468K(72896K)->72468K(72896K) NonClass: 57481K(57664K)->57481K(57664K) Class: 14986K(15232K)->14986K(15232K)
[34.483s][info][gc             ] GC(130) Pause Full (System.gc()) 359M->40M(1979M) 206.093ms
[34.483s][info][gc,cpu         ] GC(130) User=0.20s Sys=0.00s Real=0.20s
[34.656s][info][gc,start       ] GC(131) Pause Young (Allocation Failure)
[34.672s][info][gc,heap        ] GC(131) DefNew: 559232K(629120K)->3621K(629120K) Eden: 559232K(559232K)->0K(559232K) From: 0K(69888K)->3621K(69888K)
[34.672s][info][gc,heap        ] GC(131) Tenured: 41784K(1398144K)->41784K(1398144K)
[34.672s][info][gc,metaspace   ] GC(131) Metaspace: 72586K(73088K)->72586K(73088K) NonClass: 57599K(57856K)->57599K(57856K) Class: 14987K(15232K)->14987K(15232K)
[34.672s][info][gc             ] GC(131) Pause Young (Allocation Failure) 586M->44M(1979M) 15.808ms
[34.672s][info][gc,cpu         ] GC(131) User=0.02s Sys=0.00s Real=0.02s
[34.813s][info][gc,start       ] GC(132) Pause Young (Allocation Failure)
[34.826s][info][gc,heap        ] GC(132) DefNew: 562853K(629120K)->3609K(629120K) Eden: 559232K(559232K)->0K(559232K) From: 3621K(69888K)->3609K(69888K)
[34.826s][info][gc,heap        ] GC(132) Tenured: 41784K(1398144K)->41784K(1398144K)
[34.826s][info][gc,metaspace   ] GC(132) Metaspace: 72586K(73088K)->72586K(73088K) NonClass: 57599K(57856K)->57599K(57856K) Class: 14987K(15232K)->14987K(15232K)
[34.826s][info][gc             ] GC(132) Pause Young (Allocation Failure) 590M->44M(1979M) 12.850ms
[34.826s][info][gc,cpu         ] GC(132) User=0.00s Sys=0.00s Real=0.00s
[34.964s][info][gc,start       ] GC(133) Pause Young (Allocation Failure)
[34.976s][info][gc,heap        ] GC(133) DefNew: 562841K(629120K)->3485K(629120K) Eden: 559232K(559232K)->0K(559232K) From: 3609K(69888K)->3485K(69888K)
[34.976s][info][gc,heap        ] GC(133) Tenured: 41784K(1398144K)->41784K(1398144K)
[34.976s][info][gc,metaspace   ] GC(133) Metaspace: 72586K(73088K)->72586K(73088K) NonClass: 57599K(57856K)->57599K(57856K) Class: 14987K(15232K)->14987K(15232K)
[34.976s][info][gc             ] GC(133) Pause Young (Allocation Failure) 590M->44M(1979M) 12.327ms
[34.976s][info][gc,cpu         ] GC(133) User=0.00s Sys=0.00s Real=0.00s
[35.114s][info][gc,start       ] GC(134) Pause Young (Allocation Failure)
[35.127s][info][gc,heap        ] GC(134) DefNew: 562717K(629120K)->3465K(629120K) Eden: 559232K(559232K)->0K(559232K) From: 3485K(69888K)->3465K(69888K)
[35.127s][info][gc,heap        ] GC(134) Tenured: 41784K(1398144K)->41784K(1398144K)
[35.127s][info][gc,metaspace   ] GC(134) Metaspace: 72586K(73088K)->72586K(73088K) NonClass: 57599K(57856K)->57599K(57856K) Class: 14987K(15232K)->14987K(15232K)
[35.127s][info][gc             ] GC(134) Pause Young (Allocation Failure) 590M->44M(1979M) 13.650ms
[35.127s][info][gc,cpu         ] GC(134) User=0.00s Sys=0.00s Real=0.00s
[35.265s][info][gc,start       ] GC(135) Pause Young (Allocation Failure)
[35.278s][info][gc,heap        ] GC(135) DefNew: 562697K(629120K)->3487K(629120K) Eden: 559232K(559232K)->0K(559232K) From: 3465K(69888K)->3487K(69888K)
[35.279s][info][gc,heap        ] GC(135) Tenured: 41784K(1398144K)->41784K(1398144K)
[35.279s][info][gc,metaspace   ] GC(135) Metaspace: 72586K(73088K)->72586K(73088K) NonClass: 57599K(57856K)->57599K(57856K) Class: 14987K(15232K)->14987K(15232K)
[35.279s][info][gc             ] GC(135) Pause Young (Allocation Failure) 590M->44M(1979M) 13.554ms
[35.279s][info][gc,cpu         ] GC(135) User=0.00s Sys=0.00s Real=0.00s
[35.417s][info][gc,start       ] GC(136) Pause Young (Allocation Failure)
[35.429s][info][gc,heap        ] GC(136) DefNew: 562719K(629120K)->3482K(629120K) Eden: 559232K(559232K)->0K(559232K) From: 3487K(69888K)->3482K(69888K)
[35.429s][info][gc,heap        ] GC(136) Tenured: 41784K(1398144K)->41784K(1398144K)
[35.429s][info][gc,metaspace   ] GC(136) Metaspace: 72586K(73088K)->72586K(73088K) NonClass: 57599K(57856K)->57599K(57856K) Class: 14987K(15232K)->14987K(15232K)
[35.430s][info][gc             ] GC(136) Pause Young (Allocation Failure) 590M->44M(1979M) 12.807ms
[35.430s][info][gc,cpu         ] GC(136) User=0.00s Sys=0.00s Real=0.00s
[35.567s][info][gc,start       ] GC(137) Pause Young (Allocation Failure)
[35.580s][info][gc,heap        ] GC(137) DefNew: 562714K(629120K)->3468K(629120K) Eden: 559232K(559232K)->0K(559232K) From: 3482K(69888K)->3468K(69888K)
[35.580s][info][gc,heap        ] GC(137) Tenured: 41784K(1398144K)->41784K(1398144K)
[35.580s][info][gc,metaspace   ] GC(137) Metaspace: 72586K(73088K)->72586K(73088K) NonClass: 57599K(57856K)->57599K(57856K) Class: 14987K(15232K)->14987K(15232K)
[35.580s][info][gc             ] GC(137) Pause Young (Allocation Failure) 590M->44M(1979M) 13.286ms
[35.580s][info][gc,cpu         ] GC(137) User=0.00s Sys=0.00s Real=0.00s
[35.718s][info][gc,start       ] GC(138) Pause Young (Allocation Failure)
[35.730s][info][gc,heap        ] GC(138) DefNew: 562700K(629120K)->3525K(629120K) Eden: 559232K(559232K)->0K(559232K) From: 3468K(69888K)->3525K(69888K)
[35.731s][info][gc,heap        ] GC(138) Tenured: 41784K(1398144K)->41784K(1398144K)
[35.731s][info][gc,metaspace   ] GC(138) Metaspace: 72586K(73088K)->72586K(73088K) NonClass: 57599K(57856K)->57599K(57856K) Class: 14987K(15232K)->14987K(15232K)
[35.731s][info][gc             ] GC(138) Pause Young (Allocation Failure) 590M->44M(1979M) 12.525ms
[35.731s][info][gc,cpu         ] GC(138) User=0.00s Sys=0.00s Real=0.00s
[35.868s][info][gc,start       ] GC(139) Pause Young (Allocation Failure)
[35.881s][info][gc,heap        ] GC(139) DefNew: 562757K(629120K)->3525K(629120K) Eden: 559232K(559232K)->0K(559232K) From: 3525K(69888K)->3525K(69888K)
[35.881s][info][gc,heap        ] GC(139) Tenured: 41784K(1398144K)->41784K(1398144K)
[35.881s][info][gc,metaspace   ] GC(139) Metaspace: 72586K(73088K)->72586K(73088K) NonClass: 57599K(57856K)->57599K(57856K) Class: 14987K(15232K)->14987K(15232K)
[35.881s][info][gc             ] GC(139) Pause Young (Allocation Failure) 590M->44M(1979M) 12.329ms
[35.881s][info][gc,cpu         ] GC(139) User=0.00s Sys=0.00s Real=0.00s
[36.018s][info][gc,start       ] GC(140) Pause Young (Allocation Failure)
[36.032s][info][gc,heap        ] GC(140) DefNew: 562757K(629120K)->3509K(629120K) Eden: 559232K(559232K)->0K(559232K) From: 3525K(69888K)->3509K(69888K)
[36.032s][info][gc,heap        ] GC(140) Tenured: 41784K(1398144K)->41784K(1398144K)
[36.032s][info][gc,metaspace   ] GC(140) Metaspace: 72586K(73088K)->72586K(73088K) NonClass: 57599K(57856K)->57599K(57856K) Class: 14987K(15232K)->14987K(15232K)
[36.032s][info][gc             ] GC(140) Pause Young (Allocation Failure) 590M->44M(1979M) 13.726ms
[36.032s][info][gc,cpu         ] GC(140) User=0.02s Sys=0.00s Real=0.01s
[36.170s][info][gc,start       ] GC(141) Pause Young (Allocation Failure)
[36.183s][info][gc,heap        ] GC(141) DefNew: 562741K(629120K)->3503K(629120K) Eden: 559232K(559232K)->0K(559232K) From: 3509K(69888K)->3503K(69888K)
[36.183s][info][gc,heap        ] GC(141) Tenured: 41784K(1398144K)->41784K(1398144K)
[36.183s][info][gc,metaspace   ] GC(141) Metaspace: 72586K(73088K)->72586K(73088K) NonClass: 57599K(57856K)->57599K(57856K) Class: 14987K(15232K)->14987K(15232K)
[36.183s][info][gc             ] GC(141) Pause Young (Allocation Failure) 590M->44M(1979M) 13.047ms
[36.183s][info][gc,cpu         ] GC(141) User=0.00s Sys=0.00s Real=0.00s
[36.321s][info][gc,start       ] GC(142) Pause Young (Allocation Failure)
[36.334s][info][gc,heap        ] GC(142) DefNew: 562735K(629120K)->3473K(629120K) Eden: 559232K(559232K)->0K(559232K) From: 3503K(69888K)->3473K(69888K)
[36.335s][info][gc,heap        ] GC(142) Tenured: 41784K(1398144K)->41784K(1398144K)
[36.335s][info][gc,metaspace   ] GC(142) Metaspace: 72586K(73088K)->72586K(73088K) NonClass: 57599K(57856K)->57599K(57856K) Class: 14987K(15232K)->14987K(15232K)
[36.335s][info][gc             ] GC(142) Pause Young (Allocation Failure) 590M->44M(1979M) 13.844ms
[36.335s][info][gc,cpu         ] GC(142) User=0.02s Sys=0.00s Real=0.02s
[36.473s][info][gc,start       ] GC(143) Pause Young (Allocation Failure)
[36.485s][info][gc,heap        ] GC(143) DefNew: 562705K(629120K)->3476K(629120K) Eden: 559232K(559232K)->0K(559232K) From: 3473K(69888K)->3476K(69888K)
[36.485s][info][gc,heap        ] GC(143) Tenured: 41784K(1398144K)->41784K(1398144K)
[36.485s][info][gc,metaspace   ] GC(143) Metaspace: 72586K(73088K)->72586K(73088K) NonClass: 57599K(57856K)->57599K(57856K) Class: 14987K(15232K)->14987K(15232K)
[36.485s][info][gc             ] GC(143) Pause Young (Allocation Failure) 590M->44M(1979M) 12.691ms
[36.485s][info][gc,cpu         ] GC(143) User=0.00s Sys=0.00s Real=0.00s
[36.623s][info][gc,start       ] GC(144) Pause Young (Allocation Failure)
[36.636s][info][gc,heap        ] GC(144) DefNew: 562708K(629120K)->3481K(629120K) Eden: 559232K(559232K)->0K(559232K) From: 3476K(69888K)->3481K(69888K)
[36.636s][info][gc,heap        ] GC(144) Tenured: 41784K(1398144K)->41784K(1398144K)
[36.636s][info][gc,metaspace   ] GC(144) Metaspace: 72586K(73088K)->72586K(73088K) NonClass: 57599K(57856K)->57599K(57856K) Class: 14987K(15232K)->14987K(15232K)
[36.636s][info][gc             ] GC(144) Pause Young (Allocation Failure) 590M->44M(1979M) 12.381ms
[36.636s][info][gc,cpu         ] GC(144) User=0.00s Sys=0.00s Real=0.00s
[36.774s][info][gc,start       ] GC(145) Pause Young (Allocation Failure)
[36.786s][info][gc,heap        ] GC(145) DefNew: 562713K(629120K)->3510K(629120K) Eden: 559232K(559232K)->0K(559232K) From: 3481K(69888K)->3510K(69888K)
[36.786s][info][gc,heap        ] GC(145) Tenured: 41784K(1398144K)->41784K(1398144K)
[36.786s][info][gc,metaspace   ] GC(145) Metaspace: 72586K(73088K)->72586K(73088K) NonClass: 57599K(57856K)->57599K(57856K) Class: 14987K(15232K)->14987K(15232K)
[36.786s][info][gc             ] GC(145) Pause Young (Allocation Failure) 590M->44M(1979M) 12.405ms
[36.786s][info][gc,cpu         ] GC(145) User=0.02s Sys=0.00s Real=0.00s
[36.924s][info][gc,start       ] GC(146) Pause Young (Allocation Failure)
[36.937s][info][gc,heap        ] GC(146) DefNew: 562742K(629120K)->1415K(629120K) Eden: 559232K(559232K)->0K(559232K) From: 3510K(69888K)->1415K(69888K)
[36.937s][info][gc,heap        ] GC(146) Tenured: 41784K(1398144K)->43852K(1398144K)
[36.937s][info][gc,metaspace   ] GC(146) Metaspace: 72586K(73088K)->72586K(73088K) NonClass: 57599K(57856K)->57599K(57856K) Class: 14987K(15232K)->14987K(15232K)
[36.937s][info][gc             ] GC(146) Pause Young (Allocation Failure) 590M->44M(1979M) 13.239ms
[36.937s][info][gc,cpu         ] GC(146) User=0.00s Sys=0.00s Real=0.00s
[37.075s][info][gc,start       ] GC(147) Pause Young (Allocation Failure)
[37.085s][info][gc,heap        ] GC(147) DefNew: 560647K(629120K)->1397K(629120K) Eden: 559232K(559232K)->0K(559232K) From: 1415K(69888K)->1397K(69888K)
[37.085s][info][gc,heap        ] GC(147) Tenured: 43852K(1398144K)->43852K(1398144K)
[37.085s][info][gc,metaspace   ] GC(147) Metaspace: 72586K(73088K)->72586K(73088K) NonClass: 57599K(57856K)->57599K(57856K) Class: 14987K(15232K)->14987K(15232K)
[37.085s][info][gc             ] GC(147) Pause Young (Allocation Failure) 590M->44M(1979M) 9.178ms
[37.085s][info][gc,cpu         ] GC(147) User=0.00s Sys=0.00s Real=0.00s
[37.223s][info][gc,start       ] GC(148) Pause Young (Allocation Failure)
[37.232s][info][gc,heap        ] GC(148) DefNew: 560629K(629120K)->1505K(629120K) Eden: 559232K(559232K)->0K(559232K) From: 1397K(69888K)->1505K(69888K)
[37.232s][info][gc,heap        ] GC(148) Tenured: 43852K(1398144K)->43852K(1398144K)
[37.232s][info][gc,metaspace   ] GC(148) Metaspace: 72597K(73088K)->72597K(73088K) NonClass: 57610K(57856K)->57610K(57856K) Class: 14987K(15232K)->14987K(15232K)
[37.232s][info][gc             ] GC(148) Pause Young (Allocation Failure) 590M->44M(1979M) 9.360ms
[37.232s][info][gc,cpu         ] GC(148) User=0.00s Sys=0.00s Real=0.00s
[37.370s][info][gc,start       ] GC(149) Pause Young (Allocation Failure)
[37.379s][info][gc,heap        ] GC(149) DefNew: 560737K(629120K)->1444K(629120K) Eden: 559232K(559232K)->0K(559232K) From: 1505K(69888K)->1444K(69888K)
[37.379s][info][gc,heap        ] GC(149) Tenured: 43852K(1398144K)->43852K(1398144K)
[37.379s][info][gc,metaspace   ] GC(149) Metaspace: 72597K(73088K)->72597K(73088K) NonClass: 57610K(57856K)->57610K(57856K) Class: 14987K(15232K)->14987K(15232K)
[37.379s][info][gc             ] GC(149) Pause Young (Allocation Failure) 590M->44M(1979M) 8.535ms
[37.379s][info][gc,cpu         ] GC(149) User=0.00s Sys=0.00s Real=0.00s
[37.517s][info][gc,start       ] GC(150) Pause Young (Allocation Failure)
[37.525s][info][gc,heap        ] GC(150) DefNew: 560676K(629120K)->1513K(629120K) Eden: 559232K(559232K)->0K(559232K) From: 1444K(69888K)->1513K(69888K)
[37.525s][info][gc,heap        ] GC(150) Tenured: 43852K(1398144K)->43852K(1398144K)
[37.525s][info][gc,metaspace   ] GC(150) Metaspace: 72597K(73088K)->72597K(73088K) NonClass: 57610K(57856K)->57610K(57856K) Class: 14987K(15232K)->14987K(15232K)
[37.525s][info][gc             ] GC(150) Pause Young (Allocation Failure) 590M->44M(1979M) 8.694ms
[37.525s][info][gc,cpu         ] GC(150) User=0.00s Sys=0.00s Real=0.00s
[37.663s][info][gc,start       ] GC(151) Pause Young (Allocation Failure)
[37.672s][info][gc,heap        ] GC(151) DefNew: 560745K(629120K)->1483K(629120K) Eden: 559232K(559232K)->0K(559232K) From: 1513K(69888K)->1483K(69888K)
[37.672s][info][gc,heap        ] GC(151) Tenured: 43852K(1398144K)->43852K(1398144K)
[37.672s][info][gc,metaspace   ] GC(151) Metaspace: 72597K(73088K)->72597K(73088K) NonClass: 57610K(57856K)->57610K(57856K) Class: 14987K(15232K)->14987K(15232K)
[37.672s][info][gc             ] GC(151) Pause Young (Allocation Failure) 590M->44M(1979M) 8.818ms
[37.672s][info][gc,cpu         ] GC(151) User=0.00s Sys=0.00s Real=0.00s
[37.810s][info][gc,start       ] GC(152) Pause Young (Allocation Failure)
[37.819s][info][gc,heap        ] GC(152) DefNew: 560715K(629120K)->1503K(629120K) Eden: 559232K(559232K)->0K(559232K) From: 1483K(69888K)->1503K(69888K)
[37.819s][info][gc,heap        ] GC(152) Tenured: 43852K(1398144K)->43868K(1398144K)
[37.819s][info][gc,metaspace   ] GC(152) Metaspace: 72597K(73088K)->72597K(73088K) NonClass: 57610K(57856K)->57610K(57856K) Class: 14987K(15232K)->14987K(15232K)
[37.819s][info][gc             ] GC(152) Pause Young (Allocation Failure) 590M->44M(1979M) 8.900ms
[37.819s][info][gc,cpu         ] GC(152) User=0.00s Sys=0.00s Real=0.00s
[37.956s][info][gc,start       ] GC(153) Pause Young (Allocation Failure)
[37.965s][info][gc,heap        ] GC(153) DefNew: 560735K(629120K)->1499K(629120K) Eden: 559232K(559232K)->0K(559232K) From: 1503K(69888K)->1499K(69888K)
[37.965s][info][gc,heap        ] GC(153) Tenured: 43868K(1398144K)->43868K(1398144K)
[37.965s][info][gc,metaspace   ] GC(153) Metaspace: 72597K(73088K)->72597K(73088K) NonClass: 57610K(57856K)->57610K(57856K) Class: 14987K(15232K)->14987K(15232K)
[37.965s][info][gc             ] GC(153) Pause Young (Allocation Failure) 590M->44M(1979M) 8.703ms
[37.965s][info][gc,cpu         ] GC(153) User=0.00s Sys=0.00s Real=0.00s
[38.103s][info][gc,start       ] GC(154) Pause Young (Allocation Failure)
[38.111s][info][gc,heap        ] GC(154) DefNew: 560731K(629120K)->1458K(629120K) Eden: 559232K(559232K)->0K(559232K) From: 1499K(69888K)->1458K(69888K)
[38.111s][info][gc,heap        ] GC(154) Tenured: 43868K(1398144K)->43868K(1398144K)
[38.111s][info][gc,metaspace   ] GC(154) Metaspace: 72597K(73088K)->72597K(73088K) NonClass: 57610K(57856K)->57610K(57856K) Class: 14987K(15232K)->14987K(15232K)
[38.111s][info][gc             ] GC(154) Pause Young (Allocation Failure) 590M->44M(1979M) 8.604ms
[38.112s][info][gc,cpu         ] GC(154) User=0.00s Sys=0.00s Real=0.00s
[38.250s][info][gc,start       ] GC(155) Pause Young (Allocation Failure)
[38.259s][info][gc,heap        ] GC(155) DefNew: 560690K(629120K)->1417K(629120K) Eden: 559232K(559232K)->0K(559232K) From: 1458K(69888K)->1417K(69888K)
[38.259s][info][gc,heap        ] GC(155) Tenured: 43868K(1398144K)->43868K(1398144K)
[38.259s][info][gc,metaspace   ] GC(155) Metaspace: 72597K(73088K)->72597K(73088K) NonClass: 57610K(57856K)->57610K(57856K) Class: 14987K(15232K)->14987K(15232K)
[38.259s][info][gc             ] GC(155) Pause Young (Allocation Failure) 590M->44M(1979M) 9.142ms
[38.259s][info][gc,cpu         ] GC(155) User=0.00s Sys=0.00s Real=0.00s
[38.397s][info][gc,start       ] GC(156) Pause Young (Allocation Failure)
[38.406s][info][gc,heap        ] GC(156) DefNew: 560649K(629120K)->1427K(629120K) Eden: 559232K(559232K)->0K(559232K) From: 1417K(69888K)->1427K(69888K)
[38.406s][info][gc,heap        ] GC(156) Tenured: 43868K(1398144K)->43868K(1398144K)
[38.406s][info][gc,metaspace   ] GC(156) Metaspace: 72597K(73088K)->72597K(73088K) NonClass: 57610K(57856K)->57610K(57856K) Class: 14987K(15232K)->14987K(15232K)
[38.406s][info][gc             ] GC(156) Pause Young (Allocation Failure) 590M->44M(1979M) 9.164ms
[38.406s][info][gc,cpu         ] GC(156) User=0.02s Sys=0.00s Real=0.01s
[38.545s][info][gc,start       ] GC(157) Pause Young (Allocation Failure)
[38.554s][info][gc,heap        ] GC(157) DefNew: 560659K(629120K)->1508K(629120K) Eden: 559232K(559232K)->0K(559232K) From: 1427K(69888K)->1508K(69888K)
[38.554s][info][gc,heap        ] GC(157) Tenured: 43868K(1398144K)->43868K(1398144K)
[38.554s][info][gc,metaspace   ] GC(157) Metaspace: 72597K(73088K)->72597K(73088K) NonClass: 57610K(57856K)->57610K(57856K) Class: 14987K(15232K)->14987K(15232K)
[38.554s][info][gc             ] GC(157) Pause Young (Allocation Failure) 590M->44M(1979M) 8.803ms
[38.554s][info][gc,cpu         ] GC(157) User=0.00s Sys=0.00s Real=0.01s
[38.692s][info][gc,start       ] GC(158) Pause Young (Allocation Failure)
[38.700s][info][gc,heap        ] GC(158) DefNew: 560740K(629120K)->1510K(629120K) Eden: 559232K(559232K)->0K(559232K) From: 1508K(69888K)->1510K(69888K)
[38.700s][info][gc,heap        ] GC(158) Tenured: 43868K(1398144K)->43868K(1398144K)
[38.700s][info][gc,metaspace   ] GC(158) Metaspace: 72597K(73088K)->72597K(73088K) NonClass: 57610K(57856K)->57610K(57856K) Class: 14987K(15232K)->14987K(15232K)
[38.700s][info][gc             ] GC(158) Pause Young (Allocation Failure) 590M->44M(1979M) 8.733ms
[38.701s][info][gc,cpu         ] GC(158) User=0.00s Sys=0.00s Real=0.00s
[38.839s][info][gc,start       ] GC(159) Pause Young (Allocation Failure)
[38.848s][info][gc,heap        ] GC(159) DefNew: 560742K(629120K)->1498K(629120K) Eden: 559232K(559232K)->0K(559232K) From: 1510K(69888K)->1498K(69888K)
[38.848s][info][gc,heap        ] GC(159) Tenured: 43868K(1398144K)->43886K(1398144K)
[38.848s][info][gc,metaspace   ] GC(159) Metaspace: 72597K(73088K)->72597K(73088K) NonClass: 57610K(57856K)->57610K(57856K) Class: 14987K(15232K)->14987K(15232K)
[38.848s][info][gc             ] GC(159) Pause Young (Allocation Failure) 590M->44M(1979M) 9.642ms
[38.848s][info][gc,cpu         ] GC(159) User=0.00s Sys=0.00s Real=0.00s
[38.991s][info][gc,start       ] GC(160) Pause Young (Allocation Failure)
[39.000s][info][gc,heap        ] GC(160) DefNew: 560730K(629120K)->1456K(629120K) Eden: 559232K(559232K)->0K(559232K) From: 1498K(69888K)->1456K(69888K)
[39.001s][info][gc,heap        ] GC(160) Tenured: 43886K(1398144K)->43886K(1398144K)
[39.001s][info][gc,metaspace   ] GC(160) Metaspace: 72597K(73088K)->72597K(73088K) NonClass: 57610K(57856K)->57610K(57856K) Class: 14987K(15232K)->14987K(15232K)
[39.001s][info][gc             ] GC(160) Pause Young (Allocation Failure) 590M->44M(1979M) 9.662ms
[39.001s][info][gc,cpu         ] GC(160) User=0.00s Sys=0.00s Real=0.00s
[39.139s][info][gc,start       ] GC(161) Pause Young (Allocation Failure)
[39.148s][info][gc,heap        ] GC(161) DefNew: 560688K(629120K)->1494K(629120K) Eden: 559232K(559232K)->0K(559232K) From: 1456K(69888K)->1494K(69888K)
[39.148s][info][gc,heap        ] GC(161) Tenured: 43886K(1398144K)->43886K(1398144K)
[39.148s][info][gc,metaspace   ] GC(161) Metaspace: 72597K(73088K)->72597K(73088K) NonClass: 57610K(57856K)->57610K(57856K) Class: 14987K(15232K)->14987K(15232K)
[39.148s][info][gc             ] GC(161) Pause Young (Allocation Failure) 590M->44M(1979M) 9.272ms
[39.148s][info][gc,cpu         ] GC(161) User=0.00s Sys=0.00s Real=0.00s
[39.300s][info][gc,start       ] GC(162) Pause Young (Allocation Failure)
[39.309s][info][gc,heap        ] GC(162) DefNew: 560726K(629120K)->1475K(629120K) Eden: 559232K(559232K)->0K(559232K) From: 1494K(69888K)->1475K(69888K)
[39.309s][info][gc,heap        ] GC(162) Tenured: 43886K(1398144K)->43886K(1398144K)
[39.309s][info][gc,metaspace   ] GC(162) Metaspace: 72633K(73088K)->72633K(73088K) NonClass: 57645K(57856K)->57645K(57856K) Class: 14987K(15232K)->14987K(15232K)
[39.309s][info][gc             ] GC(162) Pause Young (Allocation Failure) 590M->44M(1979M) 9.105ms
[39.309s][info][gc,cpu         ] GC(162) User=0.00s Sys=0.00s Real=0.00s
[39.449s][info][gc,start       ] GC(163) Pause Young (Allocation Failure)
[39.458s][info][gc,heap        ] GC(163) DefNew: 560707K(629120K)->1467K(629120K) Eden: 559232K(559232K)->0K(559232K) From: 1475K(69888K)->1467K(69888K)
[39.458s][info][gc,heap        ] GC(163) Tenured: 43886K(1398144K)->43920K(1398144K)
[39.458s][info][gc,metaspace   ] GC(163) Metaspace: 72633K(73088K)->72633K(73088K) NonClass: 57645K(57856K)->57645K(57856K) Class: 14987K(15232K)->14987K(15232K)
[39.458s][info][gc             ] GC(163) Pause Young (Allocation Failure) 590M->44M(1979M) 9.002ms
[39.458s][info][gc,cpu         ] GC(163) User=0.00s Sys=0.00s Real=0.00s
[39.600s][info][gc,start       ] GC(164) Pause Young (Allocation Failure)
[39.609s][info][gc,heap        ] GC(164) DefNew: 560699K(629120K)->1586K(629120K) Eden: 559232K(559232K)->0K(559232K) From: 1467K(69888K)->1586K(69888K)
[39.609s][info][gc,heap        ] GC(164) Tenured: 43920K(1398144K)->43920K(1398144K)
[39.609s][info][gc,metaspace   ] GC(164) Metaspace: 72633K(73088K)->72633K(73088K) NonClass: 57645K(57856K)->57645K(57856K) Class: 14987K(15232K)->14987K(15232K)
[39.609s][info][gc             ] GC(164) Pause Young (Allocation Failure) 590M->44M(1979M) 9.046ms
[39.609s][info][gc,cpu         ] GC(164) User=0.00s Sys=0.00s Real=0.00s
[39.755s][info][gc,start       ] GC(165) Pause Young (Allocation Failure)
[39.764s][info][gc,heap        ] GC(165) DefNew: 560818K(629120K)->1550K(629120K) Eden: 559232K(559232K)->0K(559232K) From: 1586K(69888K)->1550K(69888K)
[39.764s][info][gc,heap        ] GC(165) Tenured: 43920K(1398144K)->43920K(1398144K)
[39.764s][info][gc,metaspace   ] GC(165) Metaspace: 72633K(73088K)->72633K(73088K) NonClass: 57645K(57856K)->57645K(57856K) Class: 14987K(15232K)->14987K(15232K)
[39.764s][info][gc             ] GC(165) Pause Young (Allocation Failure) 590M->44M(1979M) 9.304ms
[39.764s][info][gc,cpu         ] GC(165) User=0.00s Sys=0.00s Real=0.00s
[39.923s][info][gc,start       ] GC(166) Pause Young (Allocation Failure)
[39.930s][info][gc,heap        ] GC(166) DefNew: 560782K(629120K)->1422K(629120K) Eden: 559232K(559232K)->0K(559232K) From: 1550K(69888K)->1422K(69888K)
[39.930s][info][gc,heap        ] GC(166) Tenured: 43920K(1398144K)->43937K(1398144K)
[39.930s][info][gc,metaspace   ] GC(166) Metaspace: 72633K(73088K)->72633K(73088K) NonClass: 57645K(57856K)->57645K(57856K) Class: 14987K(15232K)->14987K(15232K)
[39.931s][info][gc             ] GC(166) Pause Young (Allocation Failure) 590M->44M(1979M) 7.964ms
[39.931s][info][gc,cpu         ] GC(166) User=0.00s Sys=0.00s Real=0.00s
[40.116s][info][gc,start       ] GC(167) Pause Young (Allocation Failure)
[40.123s][info][gc,heap        ] GC(167) DefNew: 560654K(629120K)->1414K(629120K) Eden: 559232K(559232K)->0K(559232K) From: 1422K(69888K)->1414K(69888K)
[40.123s][info][gc,heap        ] GC(167) Tenured: 43937K(1398144K)->43937K(1398144K)
[40.123s][info][gc,metaspace   ] GC(167) Metaspace: 72633K(73088K)->72633K(73088K) NonClass: 57645K(57856K)->57645K(57856K) Class: 14987K(15232K)->14987K(15232K)
[40.123s][info][gc             ] GC(167) Pause Young (Allocation Failure) 590M->44M(1979M) 6.717ms
[40.123s][info][gc,cpu         ] GC(167) User=0.02s Sys=0.00s Real=0.01s
[40.354s][info][gc,start       ] GC(168) Pause Young (Allocation Failure)
[40.359s][info][gc,heap        ] GC(168) DefNew: 560646K(629120K)->1363K(629120K) Eden: 559232K(559232K)->0K(559232K) From: 1414K(69888K)->1363K(69888K)
[40.359s][info][gc,heap        ] GC(168) Tenured: 43937K(1398144K)->43937K(1398144K)
[40.359s][info][gc,metaspace   ] GC(168) Metaspace: 72633K(73088K)->72633K(73088K) NonClass: 57645K(57856K)->57645K(57856K) Class: 14987K(15232K)->14987K(15232K)
[40.359s][info][gc             ] GC(168) Pause Young (Allocation Failure) 590M->44M(1979M) 5.556ms
[40.359s][info][gc,cpu         ] GC(168) User=0.00s Sys=0.00s Real=0.00s
[40.671s][info][gc,start       ] GC(169) Pause Young (Allocation Failure)
[40.677s][info][gc,heap        ] GC(169) DefNew: 560595K(629120K)->1383K(629120K) Eden: 559232K(559232K)->0K(559232K) From: 1363K(69888K)->1383K(69888K)
[40.677s][info][gc,heap        ] GC(169) Tenured: 43937K(1398144K)->43937K(1398144K)
[40.677s][info][gc,metaspace   ] GC(169) Metaspace: 72633K(73088K)->72633K(73088K) NonClass: 57645K(57856K)->57645K(57856K) Class: 14987K(15232K)->14987K(15232K)
[40.677s][info][gc             ] GC(169) Pause Young (Allocation Failure) 590M->44M(1979M) 5.112ms
[40.677s][info][gc,cpu         ] GC(169) User=0.00s Sys=0.00s Real=0.00s
[41.270s][info][gc,start       ] GC(170) Pause Young (Allocation Failure)
[41.274s][info][gc,heap        ] GC(170) DefNew: 560615K(629120K)->1367K(629120K) Eden: 559232K(559232K)->0K(559232K) From: 1383K(69888K)->1367K(69888K)
[41.274s][info][gc,heap        ] GC(170) Tenured: 43937K(1398144K)->43937K(1398144K)
[41.274s][info][gc,metaspace   ] GC(170) Metaspace: 72633K(73088K)->72633K(73088K) NonClass: 57645K(57856K)->57645K(57856K) Class: 14987K(15232K)->14987K(15232K)
[41.275s][info][gc             ] GC(170) Pause Young (Allocation Failure) 590M->44M(1979M) 4.586ms
[41.275s][info][gc,cpu         ] GC(170) User=0.00s Sys=0.00s Real=0.00s
[41.870s][info][gc,start       ] GC(171) Pause Young (Allocation Failure)
[41.874s][info][gc,heap        ] GC(171) DefNew: 560599K(629120K)->1388K(629120K) Eden: 559232K(559232K)->0K(559232K) From: 1367K(69888K)->1388K(69888K)
[41.874s][info][gc,heap        ] GC(171) Tenured: 43937K(1398144K)->43937K(1398144K)
[41.874s][info][gc,metaspace   ] GC(171) Metaspace: 72633K(73088K)->72633K(73088K) NonClass: 57645K(57856K)->57645K(57856K) Class: 14987K(15232K)->14987K(15232K)
[41.875s][info][gc             ] GC(171) Pause Young (Allocation Failure) 590M->44M(1979M) 4.236ms
[41.875s][info][gc,cpu         ] GC(171) User=0.00s Sys=0.00s Real=0.00s
[42.339s][info][gc,start       ] GC(172) Pause Full (System.gc())
[42.345s][info][gc,phases,start] GC(172) Phase 1: Mark live objects
[42.398s][info][gc,phases      ] GC(172) Phase 1: Mark live objects 52.794ms
[42.398s][info][gc,phases,start] GC(172) Phase 2: Compute new object addresses
[42.520s][info][gc,phases      ] GC(172) Phase 2: Compute new object addresses 122.118ms
[42.520s][info][gc,phases,start] GC(172) Phase 3: Adjust pointers
[42.543s][info][gc,phases      ] GC(172) Phase 3: Adjust pointers 23.636ms
[42.543s][info][gc,phases,start] GC(172) Phase 4: Move objects
[42.545s][info][gc,phases      ] GC(172) Phase 4: Move objects 1.294ms
[42.545s][info][gc,heap        ] GC(172) DefNew: 337832K(629120K)->0K(629120K) Eden: 336443K(559232K)->0K(559232K) From: 1388K(69888K)->0K(69888K)
[42.545s][info][gc,heap        ] GC(172) Tenured: 43937K(1398144K)->45156K(1398144K)
[42.545s][info][gc,metaspace   ] GC(172) Metaspace: 72678K(73152K)->72678K(73152K) NonClass: 57691K(57920K)->57691K(57920K) Class: 14987K(15232K)->14987K(15232K)
[42.545s][info][gc             ] GC(172) Pause Full (System.gc()) 372M->44M(1979M) 206.348ms
[42.545s][info][gc,cpu         ] GC(172) User=0.20s Sys=0.00s Real=0.20s
[42.712s][info][gc,start       ] GC(173) Pause Young (Allocation Failure)
[42.727s][info][gc,heap        ] GC(173) DefNew: 559232K(629120K)->3532K(629120K) Eden: 559232K(559232K)->0K(559232K) From: 0K(69888K)->3532K(69888K)
[42.727s][info][gc,heap        ] GC(173) Tenured: 45156K(1398144K)->45156K(1398144K)
[42.727s][info][gc,metaspace   ] GC(173) Metaspace: 72807K(73280K)->72807K(73280K) NonClass: 57820K(58048K)->57820K(58048K) Class: 14987K(15232K)->14987K(15232K)
[42.727s][info][gc             ] GC(173) Pause Young (Allocation Failure) 590M->47M(1979M) 15.172ms
[42.727s][info][gc,cpu         ] GC(173) User=0.00s Sys=0.02s Real=0.02s
[42.865s][info][gc,start       ] GC(174) Pause Young (Allocation Failure)
[42.877s][info][gc,heap        ] GC(174) DefNew: 562764K(629120K)->3499K(629120K) Eden: 559232K(559232K)->0K(559232K) From: 3532K(69888K)->3499K(69888K)
[42.877s][info][gc,heap        ] GC(174) Tenured: 45156K(1398144K)->45156K(1398144K)
[42.877s][info][gc,metaspace   ] GC(174) Metaspace: 72807K(73280K)->72807K(73280K) NonClass: 57820K(58048K)->57820K(58048K) Class: 14987K(15232K)->14987K(15232K)
[42.877s][info][gc             ] GC(174) Pause Young (Allocation Failure) 593M->47M(1979M) 12.412ms
[42.877s][info][gc,cpu         ] GC(174) User=0.00s Sys=0.00s Real=0.00s
[43.015s][info][gc,start       ] GC(175) Pause Young (Allocation Failure)
[43.028s][info][gc,heap        ] GC(175) DefNew: 562731K(629120K)->3518K(629120K) Eden: 559232K(559232K)->0K(559232K) From: 3499K(69888K)->3518K(69888K)
[43.028s][info][gc,heap        ] GC(175) Tenured: 45156K(1398144K)->45156K(1398144K)
[43.028s][info][gc,metaspace   ] GC(175) Metaspace: 72807K(73280K)->72807K(73280K) NonClass: 57820K(58048K)->57820K(58048K) Class: 14987K(15232K)->14987K(15232K)
[43.028s][info][gc             ] GC(175) Pause Young (Allocation Failure) 593M->47M(1979M) 12.732ms
[43.028s][info][gc,cpu         ] GC(175) User=0.00s Sys=0.00s Real=0.00s
[43.166s][info][gc,start       ] GC(176) Pause Young (Allocation Failure)
[43.180s][info][gc,heap        ] GC(176) DefNew: 562750K(629120K)->3494K(629120K) Eden: 559232K(559232K)->0K(559232K) From: 3518K(69888K)->3494K(69888K)
[43.180s][info][gc,heap        ] GC(176) Tenured: 45156K(1398144K)->45156K(1398144K)
[43.180s][info][gc,metaspace   ] GC(176) Metaspace: 72807K(73280K)->72807K(73280K) NonClass: 57820K(58048K)->57820K(58048K) Class: 14987K(15232K)->14987K(15232K)
[43.180s][info][gc             ] GC(176) Pause Young (Allocation Failure) 593M->47M(1979M) 13.858ms
[43.180s][info][gc,cpu         ] GC(176) User=0.00s Sys=0.00s Real=0.00s
[43.319s][info][gc,start       ] GC(177) Pause Young (Allocation Failure)
[43.331s][info][gc,heap        ] GC(177) DefNew: 562726K(629120K)->3514K(629120K) Eden: 559232K(559232K)->0K(559232K) From: 3494K(69888K)->3514K(69888K)
[43.331s][info][gc,heap        ] GC(177) Tenured: 45156K(1398144K)->45156K(1398144K)
[43.331s][info][gc,metaspace   ] GC(177) Metaspace: 72807K(73280K)->72807K(73280K) NonClass: 57820K(58048K)->57820K(58048K) Class: 14987K(15232K)->14987K(15232K)
[43.331s][info][gc             ] GC(177) Pause Young (Allocation Failure) 593M->47M(1979M) 12.883ms
[43.331s][info][gc,cpu         ] GC(177) User=0.00s Sys=0.00s Real=0.00s
[43.470s][info][gc,start       ] GC(178) Pause Young (Allocation Failure)
[43.483s][info][gc,heap        ] GC(178) DefNew: 562746K(629120K)->3470K(629120K) Eden: 559232K(559232K)->0K(559232K) From: 3514K(69888K)->3470K(69888K)
[43.483s][info][gc,heap        ] GC(178) Tenured: 45156K(1398144K)->45156K(1398144K)
[43.483s][info][gc,metaspace   ] GC(178) Metaspace: 72807K(73280K)->72807K(73280K) NonClass: 57820K(58048K)->57820K(58048K) Class: 14987K(15232K)->14987K(15232K)
[43.483s][info][gc             ] GC(178) Pause Young (Allocation Failure) 593M->47M(1979M) 12.285ms
[43.483s][info][gc,cpu         ] GC(178) User=0.00s Sys=0.00s Real=0.00s
[43.621s][info][gc,start       ] GC(179) Pause Young (Allocation Failure)
[43.634s][info][gc,heap        ] GC(179) DefNew: 562702K(629120K)->3501K(629120K) Eden: 559232K(559232K)->0K(559232K) From: 3470K(69888K)->3501K(69888K)
[43.634s][info][gc,heap        ] GC(179) Tenured: 45156K(1398144K)->45156K(1398144K)
[43.634s][info][gc,metaspace   ] GC(179) Metaspace: 72807K(73280K)->72807K(73280K) NonClass: 57820K(58048K)->57820K(58048K) Class: 14987K(15232K)->14987K(15232K)
[43.634s][info][gc             ] GC(179) Pause Young (Allocation Failure) 593M->47M(1979M) 12.380ms
[43.634s][info][gc,cpu         ] GC(179) User=0.00s Sys=0.00s Real=0.00s
[43.773s][info][gc,start       ] GC(180) Pause Young (Allocation Failure)
[43.785s][info][gc,heap        ] GC(180) DefNew: 562733K(629120K)->3495K(629120K) Eden: 559232K(559232K)->0K(559232K) From: 3501K(69888K)->3495K(69888K)
[43.785s][info][gc,heap        ] GC(180) Tenured: 45156K(1398144K)->45156K(1398144K)
[43.785s][info][gc,metaspace   ] GC(180) Metaspace: 72807K(73280K)->72807K(73280K) NonClass: 57820K(58048K)->57820K(58048K) Class: 14987K(15232K)->14987K(15232K)
[43.785s][info][gc             ] GC(180) Pause Young (Allocation Failure) 593M->47M(1979M) 12.270ms
[43.785s][info][gc,cpu         ] GC(180) User=0.00s Sys=0.00s Real=0.00s
[43.924s][info][gc,start       ] GC(181) Pause Young (Allocation Failure)
[43.936s][info][gc,heap        ] GC(181) DefNew: 562727K(629120K)->3507K(629120K) Eden: 559232K(559232K)->0K(559232K) From: 3495K(69888K)->3507K(69888K)
[43.936s][info][gc,heap        ] GC(181) Tenured: 45156K(1398144K)->45156K(1398144K)
[43.936s][info][gc,metaspace   ] GC(181) Metaspace: 72807K(73280K)->72807K(73280K) NonClass: 57820K(58048K)->57820K(58048K) Class: 14987K(15232K)->14987K(15232K)
[43.936s][info][gc             ] GC(181) Pause Young (Allocation Failure) 593M->47M(1979M) 12.540ms
[43.936s][info][gc,cpu         ] GC(181) User=0.00s Sys=0.00s Real=0.00s
[44.077s][info][gc,start       ] GC(182) Pause Young (Allocation Failure)
[44.089s][info][gc,heap        ] GC(182) DefNew: 562739K(629120K)->3448K(629120K) Eden: 559232K(559232K)->0K(559232K) From: 3507K(69888K)->3448K(69888K)
[44.089s][info][gc,heap        ] GC(182) Tenured: 45156K(1398144K)->45156K(1398144K)
[44.089s][info][gc,metaspace   ] GC(182) Metaspace: 72807K(73280K)->72807K(73280K) NonClass: 57820K(58048K)->57820K(58048K) Class: 14987K(15232K)->14987K(15232K)
[44.089s][info][gc             ] GC(182) Pause Young (Allocation Failure) 593M->47M(1979M) 12.175ms
[44.089s][info][gc,cpu         ] GC(182) User=0.00s Sys=0.00s Real=0.00s
[44.230s][info][gc,start       ] GC(183) Pause Young (Allocation Failure)
[44.242s][info][gc,heap        ] GC(183) DefNew: 562680K(629120K)->3464K(629120K) Eden: 559232K(559232K)->0K(559232K) From: 3448K(69888K)->3464K(69888K)
[44.242s][info][gc,heap        ] GC(183) Tenured: 45156K(1398144K)->45156K(1398144K)
[44.242s][info][gc,metaspace   ] GC(183) Metaspace: 72807K(73280K)->72807K(73280K) NonClass: 57820K(58048K)->57820K(58048K) Class: 14987K(15232K)->14987K(15232K)
[44.242s][info][gc             ] GC(183) Pause Young (Allocation Failure) 593M->47M(1979M) 12.217ms
[44.242s][info][gc,cpu         ] GC(183) User=0.00s Sys=0.00s Real=0.00s
[44.381s][info][gc,start       ] GC(184) Pause Young (Allocation Failure)
[44.392s][info][gc,heap        ] GC(184) DefNew: 562696K(629120K)->3470K(629120K) Eden: 559232K(559232K)->0K(559232K) From: 3464K(69888K)->3470K(69888K)
[44.393s][info][gc,heap        ] GC(184) Tenured: 45156K(1398144K)->45156K(1398144K)
[44.393s][info][gc,metaspace   ] GC(184) Metaspace: 72807K(73280K)->72807K(73280K) NonClass: 57820K(58048K)->57820K(58048K) Class: 14987K(15232K)->14987K(15232K)
[44.393s][info][gc             ] GC(184) Pause Young (Allocation Failure) 593M->47M(1979M) 11.907ms
[44.393s][info][gc,cpu         ] GC(184) User=0.00s Sys=0.00s Real=0.00s
[44.531s][info][gc,start       ] GC(185) Pause Young (Allocation Failure)
[44.544s][info][gc,heap        ] GC(185) DefNew: 562702K(629120K)->3495K(629120K) Eden: 559232K(559232K)->0K(559232K) From: 3470K(69888K)->3495K(69888K)
[44.544s][info][gc,heap        ] GC(185) Tenured: 45156K(1398144K)->45156K(1398144K)
[44.544s][info][gc,metaspace   ] GC(185) Metaspace: 72808K(73280K)->72808K(73280K) NonClass: 57820K(58048K)->57820K(58048K) Class: 14987K(15232K)->14987K(15232K)
[44.544s][info][gc             ] GC(185) Pause Young (Allocation Failure) 593M->47M(1979M) 12.499ms
[44.544s][info][gc,cpu         ] GC(185) User=0.00s Sys=0.00s Real=0.00s
[44.682s][info][gc,start       ] GC(186) Pause Young (Allocation Failure)
[44.694s][info][gc,heap        ] GC(186) DefNew: 562727K(629120K)->3548K(629120K) Eden: 559232K(559232K)->0K(559232K) From: 3495K(69888K)->3548K(69888K)
[44.694s][info][gc,heap        ] GC(186) Tenured: 45156K(1398144K)->45156K(1398144K)
[44.694s][info][gc,metaspace   ] GC(186) Metaspace: 72808K(73280K)->72808K(73280K) NonClass: 57820K(58048K)->57820K(58048K) Class: 14987K(15232K)->14987K(15232K)
[44.695s][info][gc             ] GC(186) Pause Young (Allocation Failure) 593M->47M(1979M) 12.703ms
[44.695s][info][gc,cpu         ] GC(186) User=0.00s Sys=0.00s Real=0.00s
[44.836s][info][gc,start       ] GC(187) Pause Young (Allocation Failure)
[44.848s][info][gc,heap        ] GC(187) DefNew: 562780K(629120K)->3582K(629120K) Eden: 559232K(559232K)->0K(559232K) From: 3548K(69888K)->3582K(69888K)
[44.848s][info][gc,heap        ] GC(187) Tenured: 45156K(1398144K)->45156K(1398144K)
[44.848s][info][gc,metaspace   ] GC(187) Metaspace: 72808K(73280K)->72808K(73280K) NonClass: 57820K(58048K)->57820K(58048K) Class: 14987K(15232K)->14987K(15232K)
[44.849s][info][gc             ] GC(187) Pause Young (Allocation Failure) 593M->47M(1979M) 12.410ms
[44.849s][info][gc,cpu         ] GC(187) User=0.02s Sys=0.00s Real=0.00s
[44.987s][info][gc,start       ] GC(188) Pause Young (Allocation Failure)
[45.000s][info][gc,heap        ] GC(188) DefNew: 562796K(629120K)->1441K(629120K) Eden: 559213K(559232K)->0K(559232K) From: 3582K(69888K)->1441K(69888K)
[45.000s][info][gc,heap        ] GC(188) Tenured: 45156K(1398144K)->47208K(1398144K)
[45.000s][info][gc,metaspace   ] GC(188) Metaspace: 72808K(73280K)->72808K(73280K) NonClass: 57820K(58048K)->57820K(58048K) Class: 14987K(15232K)->14987K(15232K)
[45.000s][info][gc             ] GC(188) Pause Young (Allocation Failure) 593M->47M(1979M) 13.492ms
[45.000s][info][gc,cpu         ] GC(188) User=0.00s Sys=0.00s Real=0.00s
[45.143s][info][gc,start       ] GC(189) Pause Young (Allocation Failure)
[45.151s][info][gc,heap        ] GC(189) DefNew: 560673K(629120K)->1462K(629120K) Eden: 559232K(559232K)->0K(559232K) From: 1441K(69888K)->1462K(69888K)
[45.151s][info][gc,heap        ] GC(189) Tenured: 47208K(1398144K)->47208K(1398144K)
[45.151s][info][gc,metaspace   ] GC(189) Metaspace: 72808K(73280K)->72808K(73280K) NonClass: 57820K(58048K)->57820K(58048K) Class: 14987K(15232K)->14987K(15232K)
[45.151s][info][gc             ] GC(189) Pause Young (Allocation Failure) 593M->47M(1979M) 8.463ms
[45.151s][info][gc,cpu         ] GC(189) User=0.00s Sys=0.00s Real=0.00s
[45.290s][info][gc,start       ] GC(190) Pause Young (Allocation Failure)
[45.299s][info][gc,heap        ] GC(190) DefNew: 560694K(629120K)->1453K(629120K) Eden: 559232K(559232K)->0K(559232K) From: 1462K(69888K)->1453K(69888K)
[45.300s][info][gc,heap        ] GC(190) Tenured: 47208K(1398144K)->47208K(1398144K)
[45.300s][info][gc,metaspace   ] GC(190) Metaspace: 72808K(73280K)->72808K(73280K) NonClass: 57820K(58048K)->57820K(58048K) Class: 14987K(15232K)->14987K(15232K)
[45.300s][info][gc             ] GC(190) Pause Young (Allocation Failure) 593M->47M(1979M) 9.345ms
[45.300s][info][gc,cpu         ] GC(190) User=0.00s Sys=0.00s Real=0.00s
[45.438s][info][gc,start       ] GC(191) Pause Young (Allocation Failure)
[45.447s][info][gc,heap        ] GC(191) DefNew: 560685K(629120K)->1454K(629120K) Eden: 559232K(559232K)->0K(559232K) From: 1453K(69888K)->1454K(69888K)
[45.447s][info][gc,heap        ] GC(191) Tenured: 47208K(1398144K)->47208K(1398144K)
[45.447s][info][gc,metaspace   ] GC(191) Metaspace: 72808K(73280K)->72808K(73280K) NonClass: 57820K(58048K)->57820K(58048K) Class: 14987K(15232K)->14987K(15232K)
[45.447s][info][gc             ] GC(191) Pause Young (Allocation Failure) 593M->47M(1979M) 8.874ms
[45.447s][info][gc,cpu         ] GC(191) User=0.00s Sys=0.00s Real=0.00s
[45.585s][info][gc,start       ] GC(192) Pause Young (Allocation Failure)
[45.594s][info][gc,heap        ] GC(192) DefNew: 560686K(629120K)->1479K(629120K) Eden: 559231K(559232K)->0K(559232K) From: 1454K(69888K)->1479K(69888K)
[45.594s][info][gc,heap        ] GC(192) Tenured: 47208K(1398144K)->47208K(1398144K)
[45.594s][info][gc,metaspace   ] GC(192) Metaspace: 72808K(73280K)->72808K(73280K) NonClass: 57820K(58048K)->57820K(58048K) Class: 14987K(15232K)->14987K(15232K)
[45.594s][info][gc             ] GC(192) Pause Young (Allocation Failure) 593M->47M(1979M) 8.773ms
[45.594s][info][gc,cpu         ] GC(192) User=0.00s Sys=0.00s Real=0.00s
[45.733s][info][gc,start       ] GC(193) Pause Young (Allocation Failure)
[45.742s][info][gc,heap        ] GC(193) DefNew: 560711K(629120K)->1512K(629120K) Eden: 559232K(559232K)->0K(559232K) From: 1479K(69888K)->1512K(69888K)
[45.742s][info][gc,heap        ] GC(193) Tenured: 47208K(1398144K)->47208K(1398144K)
[45.742s][info][gc,metaspace   ] GC(193) Metaspace: 72808K(73280K)->72808K(73280K) NonClass: 57820K(58048K)->57820K(58048K) Class: 14987K(15232K)->14987K(15232K)
[45.742s][info][gc             ] GC(193) Pause Young (Allocation Failure) 593M->47M(1979M) 8.784ms
[45.742s][info][gc,cpu         ] GC(193) User=0.00s Sys=0.00s Real=0.00s
[45.881s][info][gc,start       ] GC(194) Pause Young (Allocation Failure)
[45.889s][info][gc,heap        ] GC(194) DefNew: 560744K(629120K)->1501K(629120K) Eden: 559232K(559232K)->0K(559232K) From: 1512K(69888K)->1501K(69888K)
[45.889s][info][gc,heap        ] GC(194) Tenured: 47208K(1398144K)->47224K(1398144K)
[45.890s][info][gc,metaspace   ] GC(194) Metaspace: 72808K(73280K)->72808K(73280K) NonClass: 57820K(58048K)->57820K(58048K) Class: 14987K(15232K)->14987K(15232K)
[45.890s][info][gc             ] GC(194) Pause Young (Allocation Failure) 593M->47M(1979M) 8.752ms
[45.890s][info][gc,cpu         ] GC(194) User=0.00s Sys=0.00s Real=0.00s
[46.028s][info][gc,start       ] GC(195) Pause Young (Allocation Failure)
[46.036s][info][gc,heap        ] GC(195) DefNew: 560733K(629120K)->1456K(629120K) Eden: 559232K(559232K)->0K(559232K) From: 1501K(69888K)->1456K(69888K)
[46.036s][info][gc,heap        ] GC(195) Tenured: 47224K(1398144K)->47224K(1398144K)
[46.036s][info][gc,metaspace   ] GC(195) Metaspace: 72808K(73280K)->72808K(73280K) NonClass: 57820K(58048K)->57820K(58048K) Class: 14987K(15232K)->14987K(15232K)
[46.036s][info][gc             ] GC(195) Pause Young (Allocation Failure) 593M->47M(1979M) 8.545ms
[46.036s][info][gc,cpu         ] GC(195) User=0.00s Sys=0.00s Real=0.00s
[46.174s][info][gc,start       ] GC(196) Pause Young (Allocation Failure)
[46.183s][info][gc,heap        ] GC(196) DefNew: 560688K(629120K)->1482K(629120K) Eden: 559232K(559232K)->0K(559232K) From: 1456K(69888K)->1482K(69888K)
[46.183s][info][gc,heap        ] GC(196) Tenured: 47224K(1398144K)->47224K(1398144K)
[46.183s][info][gc,metaspace   ] GC(196) Metaspace: 72808K(73280K)->72808K(73280K) NonClass: 57820K(58048K)->57820K(58048K) Class: 14987K(15232K)->14987K(15232K)
[46.183s][info][gc             ] GC(196) Pause Young (Allocation Failure) 593M->47M(1979M) 8.630ms
[46.183s][info][gc,cpu         ] GC(196) User=0.00s Sys=0.00s Real=0.00s
[46.321s][info][gc,start       ] GC(197) Pause Young (Allocation Failure)
[46.329s][info][gc,heap        ] GC(197) DefNew: 560714K(629120K)->1425K(629120K) Eden: 559232K(559232K)->0K(559232K) From: 1482K(69888K)->1425K(69888K)
[46.329s][info][gc,heap        ] GC(197) Tenured: 47224K(1398144K)->47224K(1398144K)
[46.329s][info][gc,metaspace   ] GC(197) Metaspace: 72808K(73280K)->72808K(73280K) NonClass: 57820K(58048K)->57820K(58048K) Class: 14987K(15232K)->14987K(15232K)
[46.329s][info][gc             ] GC(197) Pause Young (Allocation Failure) 593M->47M(1979M) 8.397ms
[46.329s][info][gc,cpu         ] GC(197) User=0.02s Sys=0.00s Real=0.00s
[46.467s][info][gc,start       ] GC(198) Pause Young (Allocation Failure)
[46.476s][info][gc,heap        ] GC(198) DefNew: 560657K(629120K)->1460K(629120K) Eden: 559232K(559232K)->0K(559232K) From: 1425K(69888K)->1460K(69888K)
[46.476s][info][gc,heap        ] GC(198) Tenured: 47224K(1398144K)->47224K(1398144K)
[46.476s][info][gc,metaspace   ] GC(198) Metaspace: 72808K(73280K)->72808K(73280K) NonClass: 57820K(58048K)->57820K(58048K) Class: 14987K(15232K)->14987K(15232K)
[46.476s][info][gc             ] GC(198) Pause Young (Allocation Failure) 593M->47M(1979M) 8.724ms
[46.476s][info][gc,cpu         ] GC(198) User=0.00s Sys=0.00s Real=0.00s
[46.614s][info][gc,start       ] GC(199) Pause Young (Allocation Failure)
[46.623s][info][gc,heap        ] GC(199) DefNew: 560692K(629120K)->1509K(629120K) Eden: 559231K(559232K)->0K(559232K) From: 1460K(69888K)->1509K(69888K)
[46.623s][info][gc,heap        ] GC(199) Tenured: 47224K(1398144K)->47225K(1398144K)
[46.623s][info][gc,metaspace   ] GC(199) Metaspace: 72808K(73280K)->72808K(73280K) NonClass: 57820K(58048K)->57820K(58048K) Class: 14987K(15232K)->14987K(15232K)
[46.623s][info][gc             ] GC(199) Pause Young (Allocation Failure) 593M->47M(1979M) 8.897ms
[46.623s][info][gc,cpu         ] GC(199) User=0.02s Sys=0.00s Real=0.01s
[46.762s][info][gc,start       ] GC(200) Pause Young (Allocation Failure)
[46.770s][info][gc,heap        ] GC(200) DefNew: 560741K(629120K)->1447K(629120K) Eden: 559232K(559232K)->0K(559232K) From: 1509K(69888K)->1447K(69888K)
[46.770s][info][gc,heap        ] GC(200) Tenured: 47225K(1398144K)->47248K(1398144K)
[46.770s][info][gc,metaspace   ] GC(200) Metaspace: 72808K(73280K)->72808K(73280K) NonClass: 57820K(58048K)->57820K(58048K) Class: 14987K(15232K)->14987K(15232K)
[46.770s][info][gc             ] GC(200) Pause Young (Allocation Failure) 593M->47M(1979M) 8.467ms
[46.770s][info][gc,cpu         ] GC(200) User=0.00s Sys=0.00s Real=0.00s
[46.908s][info][gc,start       ] GC(201) Pause Young (Allocation Failure)
[46.917s][info][gc,heap        ] GC(201) DefNew: 560679K(629120K)->1493K(629120K) Eden: 559232K(559232K)->0K(559232K) From: 1447K(69888K)->1493K(69888K)
[46.917s][info][gc,heap        ] GC(201) Tenured: 47248K(1398144K)->47278K(1398144K)
[46.917s][info][gc,metaspace   ] GC(201) Metaspace: 72808K(73280K)->72808K(73280K) NonClass: 57820K(58048K)->57820K(58048K) Class: 14987K(15232K)->14987K(15232K)
[46.917s][info][gc             ] GC(201) Pause Young (Allocation Failure) 593M->47M(1979M) 8.894ms
[46.917s][info][gc,cpu         ] GC(201) User=0.00s Sys=0.00s Real=0.00s
[47.056s][info][gc,start       ] GC(202) Pause Young (Allocation Failure)
[47.065s][info][gc,heap        ] GC(202) DefNew: 560725K(629120K)->1417K(629120K) Eden: 559232K(559232K)->0K(559232K) From: 1493K(69888K)->1417K(69888K)
[47.065s][info][gc,heap        ] GC(202) Tenured: 47278K(1398144K)->47278K(1398144K)
[47.065s][info][gc,metaspace   ] GC(202) Metaspace: 72808K(73280K)->72808K(73280K) NonClass: 57820K(58048K)->57820K(58048K) Class: 14987K(15232K)->14987K(15232K)
[47.065s][info][gc             ] GC(202) Pause Young (Allocation Failure) 593M->47M(1979M) 9.242ms
[47.065s][info][gc,cpu         ] GC(202) User=0.00s Sys=0.00s Real=0.00s
[47.203s][info][gc,start       ] GC(203) Pause Young (Allocation Failure)
[47.212s][info][gc,heap        ] GC(203) DefNew: 560649K(629120K)->1441K(629120K) Eden: 559232K(559232K)->0K(559232K) From: 1417K(69888K)->1441K(69888K)
[47.212s][info][gc,heap        ] GC(203) Tenured: 47278K(1398144K)->47278K(1398144K)
[47.212s][info][gc,metaspace   ] GC(203) Metaspace: 72808K(73280K)->72808K(73280K) NonClass: 57820K(58048K)->57820K(58048K) Class: 14987K(15232K)->14987K(15232K)
[47.212s][info][gc             ] GC(203) Pause Young (Allocation Failure) 593M->47M(1979M) 9.076ms
[47.212s][info][gc,cpu         ] GC(203) User=0.00s Sys=0.00s Real=0.00s
[47.352s][info][gc,start       ] GC(204) Pause Young (Allocation Failure)
[47.361s][info][gc,heap        ] GC(204) DefNew: 560673K(629120K)->1453K(629120K) Eden: 559232K(559232K)->0K(559232K) From: 1441K(69888K)->1453K(69888K)
[47.361s][info][gc,heap        ] GC(204) Tenured: 47278K(1398144K)->47278K(1398144K)
[47.361s][info][gc,metaspace   ] GC(204) Metaspace: 72820K(73344K)->72820K(73344K) NonClass: 57833K(58112K)->57833K(58112K) Class: 14987K(15232K)->14987K(15232K)
[47.361s][info][gc             ] GC(204) Pause Young (Allocation Failure) 593M->47M(1979M) 8.993ms
[47.361s][info][gc,cpu         ] GC(204) User=0.02s Sys=0.00s Real=0.00s
[47.502s][info][gc,start       ] GC(205) Pause Young (Allocation Failure)
[47.511s][info][gc,heap        ] GC(205) DefNew: 560685K(629120K)->1445K(629120K) Eden: 559232K(559232K)->0K(559232K) From: 1453K(69888K)->1445K(69888K)
[47.511s][info][gc,heap        ] GC(205) Tenured: 47278K(1398144K)->47278K(1398144K)
[47.511s][info][gc,metaspace   ] GC(205) Metaspace: 72820K(73344K)->72820K(73344K) NonClass: 57833K(58112K)->57833K(58112K) Class: 14987K(15232K)->14987K(15232K)
[47.511s][info][gc             ] GC(205) Pause Young (Allocation Failure) 593M->47M(1979M) 8.779ms
[47.511s][info][gc,cpu         ] GC(205) User=0.00s Sys=0.00s Real=0.00s
[47.655s][info][gc,start       ] GC(206) Pause Young (Allocation Failure)
[47.664s][info][gc,heap        ] GC(206) DefNew: 560677K(629120K)->1535K(629120K) Eden: 559232K(559232K)->0K(559232K) From: 1445K(69888K)->1535K(69888K)
[47.665s][info][gc,heap        ] GC(206) Tenured: 47278K(1398144K)->47278K(1398144K)
[47.665s][info][gc,metaspace   ] GC(206) Metaspace: 72834K(73344K)->72834K(73344K) NonClass: 57847K(58112K)->57847K(58112K) Class: 14987K(15232K)->14987K(15232K)
[47.665s][info][gc             ] GC(206) Pause Young (Allocation Failure) 593M->47M(1979M) 9.649ms
[47.665s][info][gc,cpu         ] GC(206) User=0.00s Sys=0.00s Real=0.00s
[47.811s][info][gc,start       ] GC(207) Pause Young (Allocation Failure)
[47.819s][info][gc,heap        ] GC(207) DefNew: 560767K(629120K)->1480K(629120K) Eden: 559232K(559232K)->0K(559232K) From: 1535K(69888K)->1480K(69888K)
[47.819s][info][gc,heap        ] GC(207) Tenured: 47278K(1398144K)->47294K(1398144K)
[47.819s][info][gc,metaspace   ] GC(207) Metaspace: 72834K(73344K)->72834K(73344K) NonClass: 57847K(58112K)->57847K(58112K) Class: 14987K(15232K)->14987K(15232K)
[47.819s][info][gc             ] GC(207) Pause Young (Allocation Failure) 593M->47M(1979M) 8.624ms
[47.819s][info][gc,cpu         ] GC(207) User=0.00s Sys=0.00s Real=0.00s
[47.977s][info][gc,start       ] GC(208) Pause Young (Allocation Failure)
[47.985s][info][gc,heap        ] GC(208) DefNew: 560712K(629120K)->1451K(629120K) Eden: 559232K(559232K)->0K(559232K) From: 1480K(69888K)->1451K(69888K)
[47.985s][info][gc,heap        ] GC(208) Tenured: 47294K(1398144K)->47294K(1398144K)
[47.985s][info][gc,metaspace   ] GC(208) Metaspace: 72834K(73344K)->72834K(73344K) NonClass: 57847K(58112K)->57847K(58112K) Class: 14987K(15232K)->14987K(15232K)
[47.985s][info][gc             ] GC(208) Pause Young (Allocation Failure) 593M->47M(1979M) 8.082ms
[47.986s][info][gc,cpu         ] GC(208) User=0.00s Sys=0.00s Real=0.00s
[48.180s][info][gc,start       ] GC(209) Pause Young (Allocation Failure)
[48.186s][info][gc,heap        ] GC(209) DefNew: 560683K(629120K)->1419K(629120K) Eden: 559232K(559232K)->0K(559232K) From: 1451K(69888K)->1419K(69888K)
[48.186s][info][gc,heap        ] GC(209) Tenured: 47294K(1398144K)->47294K(1398144K)
[48.186s][info][gc,metaspace   ] GC(209) Metaspace: 72834K(73344K)->72834K(73344K) NonClass: 57847K(58112K)->57847K(58112K) Class: 14987K(15232K)->14987K(15232K)
[48.186s][info][gc             ] GC(209) Pause Young (Allocation Failure) 593M->47M(1979M) 6.245ms
[48.186s][info][gc,cpu         ] GC(209) User=0.02s Sys=0.00s Real=0.00s
[48.453s][info][gc,start       ] GC(210) Pause Young (Allocation Failure)
[48.458s][info][gc,heap        ] GC(210) DefNew: 560651K(629120K)->1328K(629120K) Eden: 559232K(559232K)->0K(559232K) From: 1419K(69888K)->1328K(69888K)
[48.458s][info][gc,heap        ] GC(210) Tenured: 47294K(1398144K)->47294K(1398144K)
[48.458s][info][gc,metaspace   ] GC(210) Metaspace: 72834K(73344K)->72834K(73344K) NonClass: 57847K(58112K)->57847K(58112K) Class: 14987K(15232K)->14987K(15232K)
[48.458s][info][gc             ] GC(210) Pause Young (Allocation Failure) 593M->47M(1979M) 5.144ms
[48.458s][info][gc,cpu         ] GC(210) User=0.00s Sys=0.00s Real=0.00s
[48.764s][info][gc,start       ] GC(211) Pause Young (Allocation Failure)
[48.768s][info][gc,heap        ] GC(211) DefNew: 560560K(629120K)->1391K(629120K) Eden: 559232K(559232K)->0K(559232K) From: 1328K(69888K)->1391K(69888K)
[48.768s][info][gc,heap        ] GC(211) Tenured: 47294K(1398144K)->47294K(1398144K)
[48.768s][info][gc,metaspace   ] GC(211) Metaspace: 72834K(73344K)->72834K(73344K) NonClass: 57847K(58112K)->57847K(58112K) Class: 14987K(15232K)->14987K(15232K)
[48.768s][info][gc             ] GC(211) Pause Young (Allocation Failure) 593M->47M(1979M) 4.465ms
[48.768s][info][gc,cpu         ] GC(211) User=0.02s Sys=0.00s Real=0.02s
[49.073s][info][gc,start       ] GC(212) Pause Young (Allocation Failure)
[49.077s][info][gc,heap        ] GC(212) DefNew: 560623K(629120K)->1372K(629120K) Eden: 559232K(559232K)->0K(559232K) From: 1391K(69888K)->1372K(69888K)
[49.077s][info][gc,heap        ] GC(212) Tenured: 47294K(1398144K)->47294K(1398144K)
[49.077s][info][gc,metaspace   ] GC(212) Metaspace: 72834K(73344K)->72834K(73344K) NonClass: 57847K(58112K)->57847K(58112K) Class: 14987K(15232K)->14987K(15232K)
[49.078s][info][gc             ] GC(212) Pause Young (Allocation Failure) 593M->47M(1979M) 4.414ms
[49.078s][info][gc,cpu         ] GC(212) User=0.00s Sys=0.00s Real=0.00s
[49.382s][info][gc,start       ] GC(213) Pause Young (Allocation Failure)
[49.386s][info][gc,heap        ] GC(213) DefNew: 560604K(629120K)->1341K(629120K) Eden: 559232K(559232K)->0K(559232K) From: 1372K(69888K)->1341K(69888K)
[49.386s][info][gc,heap        ] GC(213) Tenured: 47294K(1398144K)->47294K(1398144K)
[49.386s][info][gc,metaspace   ] GC(213) Metaspace: 72834K(73344K)->72834K(73344K) NonClass: 57847K(58112K)->57847K(58112K) Class: 14987K(15232K)->14987K(15232K)
[49.386s][info][gc             ] GC(213) Pause Young (Allocation Failure) 593M->47M(1979M) 4.264ms
[49.386s][info][gc,cpu         ] GC(213) User=0.00s Sys=0.00s Real=0.00s
[49.603s][info][gc,start       ] GC(214) Pause Full (System.gc())
[49.604s][info][gc,phases,start] GC(214) Phase 1: Mark live objects
[49.650s][info][gc,phases      ] GC(214) Phase 1: Mark live objects 46.551ms
[49.650s][info][gc,phases,start] GC(214) Phase 2: Compute new object addresses
[49.769s][info][gc,phases      ] GC(214) Phase 2: Compute new object addresses 118.735ms
[49.769s][info][gc,phases,start] GC(214) Phase 3: Adjust pointers
[49.793s][info][gc,phases      ] GC(214) Phase 3: Adjust pointers 24.469ms
[49.793s][info][gc,phases,start] GC(214) Phase 4: Move objects
[49.799s][info][gc,phases      ] GC(214) Phase 4: Move objects 5.145ms
[49.799s][info][gc,heap        ] GC(214) DefNew: 330694K(629120K)->0K(629120K) Eden: 329352K(559232K)->0K(559232K) From: 1341K(69888K)->0K(69888K)
[49.799s][info][gc,heap        ] GC(214) Tenured: 47294K(1398144K)->35793K(1398144K)
[49.799s][info][gc,metaspace   ] GC(214) Metaspace: 72859K(73344K)->72859K(73344K) NonClass: 57872K(58112K)->57872K(58112K) Class: 14987K(15232K)->14987K(15232K)
[49.799s][info][gc             ] GC(214) Pause Full (System.gc()) 369M->34M(1979M) 195.710ms
[49.799s][info][gc,cpu         ] GC(214) User=0.19s Sys=0.00s Real=0.19s
[49.964s][info][gc,start       ] GC(215) Pause Young (Allocation Failure)
[49.979s][info][gc,heap        ] GC(215) DefNew: 559232K(629120K)->3461K(629120K) Eden: 559232K(559232K)->0K(559232K) From: 0K(69888K)->3461K(69888K)
[49.979s][info][gc,heap        ] GC(215) Tenured: 35793K(1398144K)->35793K(1398144K)
[49.979s][info][gc,metaspace   ] GC(215) Metaspace: 73064K(73536K)->73064K(73536K) NonClass: 58076K(58304K)->58076K(58304K) Class: 14987K(15232K)->14987K(15232K)
[49.979s][info][gc             ] GC(215) Pause Young (Allocation Failure) 581M->38M(1979M) 14.963ms
[49.979s][info][gc,cpu         ] GC(215) User=0.00s Sys=0.00s Real=0.00s
[50.119s][info][gc,start       ] GC(216) Pause Young (Allocation Failure)
[50.132s][info][gc,heap        ] GC(216) DefNew: 562693K(629120K)->3542K(629120K) Eden: 559232K(559232K)->0K(559232K) From: 3461K(69888K)->3542K(69888K)
[50.132s][info][gc,heap        ] GC(216) Tenured: 35793K(1398144K)->35793K(1398144K)
[50.132s][info][gc,metaspace   ] GC(216) Metaspace: 73064K(73536K)->73064K(73536K) NonClass: 58076K(58304K)->58076K(58304K) Class: 14987K(15232K)->14987K(15232K)
[50.132s][info][gc             ] GC(216) Pause Young (Allocation Failure) 584M->38M(1979M) 12.717ms
[50.132s][info][gc,cpu         ] GC(216) User=0.00s Sys=0.00s Real=0.00s
[50.270s][info][gc,start       ] GC(217) Pause Young (Allocation Failure)
[50.282s][info][gc,heap        ] GC(217) DefNew: 562774K(629120K)->3505K(629120K) Eden: 559232K(559232K)->0K(559232K) From: 3542K(69888K)->3505K(69888K)
[50.282s][info][gc,heap        ] GC(217) Tenured: 35793K(1398144K)->35793K(1398144K)
[50.282s][info][gc,metaspace   ] GC(217) Metaspace: 73064K(73536K)->73064K(73536K) NonClass: 58076K(58304K)->58076K(58304K) Class: 14987K(15232K)->14987K(15232K)
[50.283s][info][gc             ] GC(217) Pause Young (Allocation Failure) 584M->38M(1979M) 12.711ms
[50.283s][info][gc,cpu         ] GC(217) User=0.00s Sys=0.00s Real=0.00s
[50.421s][info][gc,start       ] GC(218) Pause Young (Allocation Failure)
[50.434s][info][gc,heap        ] GC(218) DefNew: 562737K(629120K)->3485K(629120K) Eden: 559232K(559232K)->0K(559232K) From: 3505K(69888K)->3485K(69888K)
[50.434s][info][gc,heap        ] GC(218) Tenured: 35793K(1398144K)->35793K(1398144K)
[50.434s][info][gc,metaspace   ] GC(218) Metaspace: 73064K(73536K)->73064K(73536K) NonClass: 58076K(58304K)->58076K(58304K) Class: 14987K(15232K)->14987K(15232K)
[50.434s][info][gc             ] GC(218) Pause Young (Allocation Failure) 584M->38M(1979M) 12.433ms
[50.434s][info][gc,cpu         ] GC(218) User=0.00s Sys=0.00s Real=0.00s
[50.572s][info][gc,start       ] GC(219) Pause Young (Allocation Failure)
[50.585s][info][gc,heap        ] GC(219) DefNew: 562717K(629120K)->3467K(629120K) Eden: 559232K(559232K)->0K(559232K) From: 3485K(69888K)->3467K(69888K)
[50.585s][info][gc,heap        ] GC(219) Tenured: 35793K(1398144K)->35793K(1398144K)
[50.585s][info][gc,metaspace   ] GC(219) Metaspace: 73064K(73536K)->73064K(73536K) NonClass: 58076K(58304K)->58076K(58304K) Class: 14987K(15232K)->14987K(15232K)
[50.585s][info][gc             ] GC(219) Pause Young (Allocation Failure) 584M->38M(1979M) 13.770ms
[50.586s][info][gc,cpu         ] GC(219) User=0.00s Sys=0.00s Real=0.00s
[50.724s][info][gc,start       ] GC(220) Pause Young (Allocation Failure)
[50.738s][info][gc,heap        ] GC(220) DefNew: 562699K(629120K)->3474K(629120K) Eden: 559232K(559232K)->0K(559232K) From: 3467K(69888K)->3474K(69888K)
[50.738s][info][gc,heap        ] GC(220) Tenured: 35793K(1398144K)->35793K(1398144K)
[50.738s][info][gc,metaspace   ] GC(220) Metaspace: 73064K(73536K)->73064K(73536K) NonClass: 58076K(58304K)->58076K(58304K) Class: 14987K(15232K)->14987K(15232K)
[50.738s][info][gc             ] GC(220) Pause Young (Allocation Failure) 584M->38M(1979M) 13.484ms
[50.738s][info][gc,cpu         ] GC(220) User=0.00s Sys=0.00s Real=0.00s
[50.876s][info][gc,start       ] GC(221) Pause Young (Allocation Failure)
[50.888s][info][gc,heap        ] GC(221) DefNew: 562706K(629120K)->3455K(629120K) Eden: 559232K(559232K)->0K(559232K) From: 3474K(69888K)->3455K(69888K)
[50.888s][info][gc,heap        ] GC(221) Tenured: 35793K(1398144K)->35793K(1398144K)
[50.888s][info][gc,metaspace   ] GC(221) Metaspace: 73064K(73536K)->73064K(73536K) NonClass: 58077K(58304K)->58077K(58304K) Class: 14987K(15232K)->14987K(15232K)
[50.888s][info][gc             ] GC(221) Pause Young (Allocation Failure) 584M->38M(1979M) 12.355ms
[50.888s][info][gc,cpu         ] GC(221) User=0.00s Sys=0.00s Real=0.00s
[51.029s][info][gc,start       ] GC(222) Pause Young (Allocation Failure)
[51.042s][info][gc,heap        ] GC(222) DefNew: 562687K(629120K)->3446K(629120K) Eden: 559232K(559232K)->0K(559232K) From: 3455K(69888K)->3446K(69888K)
[51.042s][info][gc,heap        ] GC(222) Tenured: 35793K(1398144K)->35793K(1398144K)
[51.042s][info][gc,metaspace   ] GC(222) Metaspace: 73064K(73536K)->73064K(73536K) NonClass: 58077K(58304K)->58077K(58304K) Class: 14987K(15232K)->14987K(15232K)
[51.042s][info][gc             ] GC(222) Pause Young (Allocation Failure) 584M->38M(1979M) 13.640ms
[51.042s][info][gc,cpu         ] GC(222) User=0.02s Sys=0.02s Real=0.01s
[51.183s][info][gc,start       ] GC(223) Pause Young (Allocation Failure)
[51.195s][info][gc,heap        ] GC(223) DefNew: 562678K(629120K)->3425K(629120K) Eden: 559232K(559232K)->0K(559232K) From: 3446K(69888K)->3425K(69888K)
[51.195s][info][gc,heap        ] GC(223) Tenured: 35793K(1398144K)->35793K(1398144K)
[51.195s][info][gc,metaspace   ] GC(223) Metaspace: 73064K(73536K)->73064K(73536K) NonClass: 58077K(58304K)->58077K(58304K) Class: 14987K(15232K)->14987K(15232K)
[51.195s][info][gc             ] GC(223) Pause Young (Allocation Failure) 584M->38M(1979M) 12.713ms
[51.195s][info][gc,cpu         ] GC(223) User=0.00s Sys=0.00s Real=0.01s
[51.336s][info][gc,start       ] GC(224) Pause Young (Allocation Failure)
[51.348s][info][gc,heap        ] GC(224) DefNew: 562657K(629120K)->3453K(629120K) Eden: 559232K(559232K)->0K(559232K) From: 3425K(69888K)->3453K(69888K)
[51.348s][info][gc,heap        ] GC(224) Tenured: 35793K(1398144K)->35793K(1398144K)
[51.348s][info][gc,metaspace   ] GC(224) Metaspace: 73064K(73536K)->73064K(73536K) NonClass: 58077K(58304K)->58077K(58304K) Class: 14987K(15232K)->14987K(15232K)
[51.348s][info][gc             ] GC(224) Pause Young (Allocation Failure) 584M->38M(1979M) 12.266ms
[51.348s][info][gc,cpu         ] GC(224) User=0.00s Sys=0.00s Real=0.00s
[51.486s][info][gc,start       ] GC(225) Pause Young (Allocation Failure)
[51.498s][info][gc,heap        ] GC(225) DefNew: 562685K(629120K)->3382K(629120K) Eden: 559232K(559232K)->0K(559232K) From: 3453K(69888K)->3382K(69888K)
[51.498s][info][gc,heap        ] GC(225) Tenured: 35793K(1398144K)->35793K(1398144K)
[51.498s][info][gc,metaspace   ] GC(225) Metaspace: 73064K(73536K)->73064K(73536K) NonClass: 58077K(58304K)->58077K(58304K) Class: 14987K(15232K)->14987K(15232K)
[51.498s][info][gc             ] GC(225) Pause Young (Allocation Failure) 584M->38M(1979M) 11.936ms
[51.498s][info][gc,cpu         ] GC(225) User=0.00s Sys=0.00s Real=0.00s
[51.636s][info][gc,start       ] GC(226) Pause Young (Allocation Failure)
[51.650s][info][gc,heap        ] GC(226) DefNew: 562614K(629120K)->3495K(629120K) Eden: 559232K(559232K)->0K(559232K) From: 3382K(69888K)->3495K(69888K)
[51.650s][info][gc,heap        ] GC(226) Tenured: 35793K(1398144K)->35793K(1398144K)
[51.650s][info][gc,metaspace   ] GC(226) Metaspace: 73064K(73536K)->73064K(73536K) NonClass: 58077K(58304K)->58077K(58304K) Class: 14987K(15232K)->14987K(15232K)
[51.651s][info][gc             ] GC(226) Pause Young (Allocation Failure) 584M->38M(1979M) 14.118ms
[51.651s][info][gc,cpu         ] GC(226) User=0.02s Sys=0.00s Real=0.01s
[51.792s][info][gc,start       ] GC(227) Pause Young (Allocation Failure)
[51.804s][info][gc,heap        ] GC(227) DefNew: 562727K(629120K)->3476K(629120K) Eden: 559232K(559232K)->0K(559232K) From: 3495K(69888K)->3476K(69888K)
[51.804s][info][gc,heap        ] GC(227) Tenured: 35793K(1398144K)->35793K(1398144K)
[51.804s][info][gc,metaspace   ] GC(227) Metaspace: 73064K(73536K)->73064K(73536K) NonClass: 58077K(58304K)->58077K(58304K) Class: 14987K(15232K)->14987K(15232K)
[51.804s][info][gc             ] GC(227) Pause Young (Allocation Failure) 584M->38M(1979M) 12.660ms
[51.805s][info][gc,cpu         ] GC(227) User=0.00s Sys=0.00s Real=0.00s
[51.943s][info][gc,start       ] GC(228) Pause Young (Allocation Failure)
[51.956s][info][gc,heap        ] GC(228) DefNew: 562708K(629120K)->3467K(629120K) Eden: 559232K(559232K)->0K(559232K) From: 3476K(69888K)->3467K(69888K)
[51.956s][info][gc,heap        ] GC(228) Tenured: 35793K(1398144K)->35793K(1398144K)
[51.956s][info][gc,metaspace   ] GC(228) Metaspace: 73064K(73536K)->73064K(73536K) NonClass: 58077K(58304K)->58077K(58304K) Class: 14987K(15232K)->14987K(15232K)
[51.956s][info][gc             ] GC(228) Pause Young (Allocation Failure) 584M->38M(1979M) 12.561ms
[51.956s][info][gc,cpu         ] GC(228) User=0.00s Sys=0.00s Real=0.00s
[52.095s][info][gc,start       ] GC(229) Pause Young (Allocation Failure)
[52.109s][info][gc,heap        ] GC(229) DefNew: 562699K(629120K)->3476K(629120K) Eden: 559232K(559232K)->0K(559232K) From: 3467K(69888K)->3476K(69888K)
[52.109s][info][gc,heap        ] GC(229) Tenured: 35793K(1398144K)->35793K(1398144K)
[52.109s][info][gc,metaspace   ] GC(229) Metaspace: 73064K(73536K)->73064K(73536K) NonClass: 58077K(58304K)->58077K(58304K) Class: 14987K(15232K)->14987K(15232K)
[52.109s][info][gc             ] GC(229) Pause Young (Allocation Failure) 584M->38M(1979M) 13.614ms
[52.109s][info][gc,cpu         ] GC(229) User=0.00s Sys=0.00s Real=0.00s
[52.250s][info][gc,start       ] GC(230) Pause Young (Allocation Failure)
[52.263s][info][gc,heap        ] GC(230) DefNew: 562708K(629120K)->1397K(629120K) Eden: 559232K(559232K)->0K(559232K) From: 3476K(69888K)->1397K(69888K)
[52.263s][info][gc,heap        ] GC(230) Tenured: 35793K(1398144K)->37822K(1398144K)
[52.263s][info][gc,metaspace   ] GC(230) Metaspace: 73064K(73536K)->73064K(73536K) NonClass: 58077K(58304K)->58077K(58304K) Class: 14987K(15232K)->14987K(15232K)
[52.263s][info][gc             ] GC(230) Pause Young (Allocation Failure) 584M->38M(1979M) 13.110ms
[52.263s][info][gc,cpu         ] GC(230) User=0.00s Sys=0.00s Real=0.00s
[52.401s][info][gc,start       ] GC(231) Pause Young (Allocation Failure)
[52.410s][info][gc,heap        ] GC(231) DefNew: 560629K(629120K)->1410K(629120K) Eden: 559232K(559232K)->0K(559232K) From: 1397K(69888K)->1410K(69888K)
[52.410s][info][gc,heap        ] GC(231) Tenured: 37822K(1398144K)->37822K(1398144K)
[52.410s][info][gc,metaspace   ] GC(231) Metaspace: 73064K(73536K)->73064K(73536K) NonClass: 58077K(58304K)->58077K(58304K) Class: 14987K(15232K)->14987K(15232K)
[52.410s][info][gc             ] GC(231) Pause Young (Allocation Failure) 584M->38M(1979M) 9.280ms
[52.410s][info][gc,cpu         ] GC(231) User=0.00s Sys=0.00s Real=0.00s
[52.561s][info][gc,start       ] GC(232) Pause Young (Allocation Failure)
[52.571s][info][gc,heap        ] GC(232) DefNew: 560642K(629120K)->1449K(629120K) Eden: 559232K(559232K)->0K(559232K) From: 1410K(69888K)->1449K(69888K)
[52.571s][info][gc,heap        ] GC(232) Tenured: 37822K(1398144K)->37822K(1398144K)
[52.571s][info][gc,metaspace   ] GC(232) Metaspace: 73064K(73536K)->73064K(73536K) NonClass: 58077K(58304K)->58077K(58304K) Class: 14987K(15232K)->14987K(15232K)
[52.571s][info][gc             ] GC(232) Pause Young (Allocation Failure) 584M->38M(1979M) 9.529ms
[52.571s][info][gc,cpu         ] GC(232) User=0.00s Sys=0.00s Real=0.00s
[52.709s][info][gc,start       ] GC(233) Pause Young (Allocation Failure)
[52.719s][info][gc,heap        ] GC(233) DefNew: 560681K(629120K)->1500K(629120K) Eden: 559232K(559232K)->0K(559232K) From: 1449K(69888K)->1500K(69888K)
[52.719s][info][gc,heap        ] GC(233) Tenured: 37822K(1398144K)->37822K(1398144K)
[52.719s][info][gc,metaspace   ] GC(233) Metaspace: 73065K(73536K)->73065K(73536K) NonClass: 58077K(58304K)->58077K(58304K) Class: 14987K(15232K)->14987K(15232K)
[52.719s][info][gc             ] GC(233) Pause Young (Allocation Failure) 584M->38M(1979M) 9.390ms
[52.719s][info][gc,cpu         ] GC(233) User=0.00s Sys=0.00s Real=0.00s
[52.858s][info][gc,start       ] GC(234) Pause Young (Allocation Failure)
[52.866s][info][gc,heap        ] GC(234) DefNew: 560732K(629120K)->1444K(629120K) Eden: 559232K(559232K)->0K(559232K) From: 1500K(69888K)->1444K(69888K)
[52.866s][info][gc,heap        ] GC(234) Tenured: 37822K(1398144K)->37838K(1398144K)
[52.866s][info][gc,metaspace   ] GC(234) Metaspace: 73065K(73536K)->73065K(73536K) NonClass: 58077K(58304K)->58077K(58304K) Class: 14987K(15232K)->14987K(15232K)
[52.866s][info][gc             ] GC(234) Pause Young (Allocation Failure) 584M->38M(1979M) 8.517ms
[52.866s][info][gc,cpu         ] GC(234) User=0.00s Sys=0.00s Real=0.00s
[53.005s][info][gc,start       ] GC(235) Pause Young (Allocation Failure)
[53.014s][info][gc,heap        ] GC(235) DefNew: 560676K(629120K)->1486K(629120K) Eden: 559232K(559232K)->0K(559232K) From: 1444K(69888K)->1486K(69888K)
[53.014s][info][gc,heap        ] GC(235) Tenured: 37838K(1398144K)->37838K(1398144K)
[53.014s][info][gc,metaspace   ] GC(235) Metaspace: 73065K(73536K)->73065K(73536K) NonClass: 58077K(58304K)->58077K(58304K) Class: 14987K(15232K)->14987K(15232K)
[53.014s][info][gc             ] GC(235) Pause Young (Allocation Failure) 584M->38M(1979M) 8.714ms
[53.014s][info][gc,cpu         ] GC(235) User=0.00s Sys=0.00s Real=0.00s
[53.152s][info][gc,start       ] GC(236) Pause Young (Allocation Failure)
[53.161s][info][gc,heap        ] GC(236) DefNew: 560718K(629120K)->1493K(629120K) Eden: 559232K(559232K)->0K(559232K) From: 1486K(69888K)->1493K(69888K)
[53.161s][info][gc,heap        ] GC(236) Tenured: 37838K(1398144K)->37838K(1398144K)
[53.161s][info][gc,metaspace   ] GC(236) Metaspace: 73065K(73536K)->73065K(73536K) NonClass: 58077K(58304K)->58077K(58304K) Class: 14987K(15232K)->14987K(15232K)
[53.161s][info][gc             ] GC(236) Pause Young (Allocation Failure) 584M->38M(1979M) 8.776ms
[53.161s][info][gc,cpu         ] GC(236) User=0.00s Sys=0.00s Real=0.00s
[53.302s][info][gc,start       ] GC(237) Pause Young (Allocation Failure)
[53.312s][info][gc,heap        ] GC(237) DefNew: 560725K(629120K)->1431K(629120K) Eden: 559232K(559232K)->0K(559232K) From: 1493K(69888K)->1431K(69888K)
[53.312s][info][gc,heap        ] GC(237) Tenured: 37838K(1398144K)->37838K(1398144K)
[53.312s][info][gc,metaspace   ] GC(237) Metaspace: 73065K(73536K)->73065K(73536K) NonClass: 58077K(58304K)->58077K(58304K) Class: 14987K(15232K)->14987K(15232K)
[53.312s][info][gc             ] GC(237) Pause Young (Allocation Failure) 584M->38M(1979M) 9.528ms
[53.312s][info][gc,cpu         ] GC(237) User=0.02s Sys=0.00s Real=0.01s
[53.451s][info][gc,start       ] GC(238) Pause Young (Allocation Failure)
[53.460s][info][gc,heap        ] GC(238) DefNew: 560663K(629120K)->1494K(629120K) Eden: 559232K(559232K)->0K(559232K) From: 1431K(69888K)->1494K(69888K)
[53.460s][info][gc,heap        ] GC(238) Tenured: 37838K(1398144K)->37838K(1398144K)
[53.460s][info][gc,metaspace   ] GC(238) Metaspace: 73065K(73536K)->73065K(73536K) NonClass: 58077K(58304K)->58077K(58304K) Class: 14987K(15232K)->14987K(15232K)
[53.460s][info][gc             ] GC(238) Pause Young (Allocation Failure) 584M->38M(1979M) 9.244ms
[53.460s][info][gc,cpu         ] GC(238) User=0.00s Sys=0.00s Real=0.00s
[53.600s][info][gc,start       ] GC(239) Pause Young (Allocation Failure)
[53.610s][info][gc,heap        ] GC(239) DefNew: 560726K(629120K)->1544K(629120K) Eden: 559232K(559232K)->0K(559232K) From: 1494K(69888K)->1544K(69888K)
[53.610s][info][gc,heap        ] GC(239) Tenured: 37838K(1398144K)->37838K(1398144K)
[53.610s][info][gc,metaspace   ] GC(239) Metaspace: 73065K(73536K)->73065K(73536K) NonClass: 58077K(58304K)->58077K(58304K) Class: 14987K(15232K)->14987K(15232K)
[53.610s][info][gc             ] GC(239) Pause Young (Allocation Failure) 584M->38M(1979M) 9.367ms
[53.610s][info][gc,cpu         ] GC(239) User=0.00s Sys=0.00s Real=0.00s
[53.750s][info][gc,start       ] GC(240) Pause Young (Allocation Failure)
[53.758s][info][gc,heap        ] GC(240) DefNew: 560776K(629120K)->1505K(629120K) Eden: 559232K(559232K)->0K(559232K) From: 1544K(69888K)->1505K(69888K)
[53.758s][info][gc,heap        ] GC(240) Tenured: 37838K(1398144K)->37838K(1398144K)
[53.758s][info][gc,metaspace   ] GC(240) Metaspace: 73065K(73536K)->73065K(73536K) NonClass: 58077K(58304K)->58077K(58304K) Class: 14987K(15232K)->14987K(15232K)
[53.758s][info][gc             ] GC(240) Pause Young (Allocation Failure) 584M->38M(1979M) 8.771ms
[53.758s][info][gc,cpu         ] GC(240) User=0.00s Sys=0.00s Real=0.00s
[53.897s][info][gc,start       ] GC(241) Pause Young (Allocation Failure)
[53.906s][info][gc,heap        ] GC(241) DefNew: 560737K(629120K)->1459K(629120K) Eden: 559232K(559232K)->0K(559232K) From: 1505K(69888K)->1459K(69888K)
[53.906s][info][gc,heap        ] GC(241) Tenured: 37838K(1398144K)->37855K(1398144K)
[53.906s][info][gc,metaspace   ] GC(241) Metaspace: 73065K(73536K)->73065K(73536K) NonClass: 58077K(58304K)->58077K(58304K) Class: 14987K(15232K)->14987K(15232K)
[53.907s][info][gc             ] GC(241) Pause Young (Allocation Failure) 584M->38M(1979M) 9.611ms
[53.907s][info][gc,cpu         ] GC(241) User=0.02s Sys=0.00s Real=0.01s
[54.046s][info][gc,start       ] GC(242) Pause Young (Allocation Failure)
[54.055s][info][gc,heap        ] GC(242) DefNew: 560691K(629120K)->1493K(629120K) Eden: 559232K(559232K)->0K(559232K) From: 1459K(69888K)->1493K(69888K)
[54.055s][info][gc,heap        ] GC(242) Tenured: 37855K(1398144K)->37855K(1398144K)
[54.055s][info][gc,metaspace   ] GC(242) Metaspace: 73065K(73536K)->73065K(73536K) NonClass: 58077K(58304K)->58077K(58304K) Class: 14987K(15232K)->14987K(15232K)
[54.055s][info][gc             ] GC(242) Pause Young (Allocation Failure) 584M->38M(1979M) 9.292ms
[54.055s][info][gc,cpu         ] GC(242) User=0.00s Sys=0.00s Real=0.00s
[54.194s][info][gc,start       ] GC(243) Pause Young (Allocation Failure)
[54.203s][info][gc,heap        ] GC(243) DefNew: 560725K(629120K)->1424K(629120K) Eden: 559232K(559232K)->0K(559232K) From: 1493K(69888K)->1424K(69888K)
[54.203s][info][gc,heap        ] GC(243) Tenured: 37855K(1398144K)->37855K(1398144K)
[54.203s][info][gc,metaspace   ] GC(243) Metaspace: 73065K(73536K)->73065K(73536K) NonClass: 58077K(58304K)->58077K(58304K) Class: 14987K(15232K)->14987K(15232K)
[54.203s][info][gc             ] GC(243) Pause Young (Allocation Failure) 584M->38M(1979M) 9.375ms
[54.203s][info][gc,cpu         ] GC(243) User=0.00s Sys=0.00s Real=0.00s
[54.341s][info][gc,start       ] GC(244) Pause Young (Allocation Failure)
[54.350s][info][gc,heap        ] GC(244) DefNew: 560656K(629120K)->1402K(629120K) Eden: 559232K(559232K)->0K(559232K) From: 1424K(69888K)->1402K(69888K)
[54.350s][info][gc,heap        ] GC(244) Tenured: 37855K(1398144K)->37855K(1398144K)
[54.350s][info][gc,metaspace   ] GC(244) Metaspace: 73065K(73536K)->73065K(73536K) NonClass: 58077K(58304K)->58077K(58304K) Class: 14987K(15232K)->14987K(15232K)
[54.350s][info][gc             ] GC(244) Pause Young (Allocation Failure) 584M->38M(1979M) 8.831ms
[54.350s][info][gc,cpu         ] GC(244) User=0.00s Sys=0.00s Real=0.00s
[54.488s][info][gc,start       ] GC(245) Pause Young (Allocation Failure)
[54.497s][info][gc,heap        ] GC(245) DefNew: 560634K(629120K)->1467K(629120K) Eden: 559232K(559232K)->0K(559232K) From: 1402K(69888K)->1467K(69888K)
[54.497s][info][gc,heap        ] GC(245) Tenured: 37855K(1398144K)->37855K(1398144K)
[54.497s][info][gc,metaspace   ] GC(245) Metaspace: 73065K(73536K)->73065K(73536K) NonClass: 58077K(58304K)->58077K(58304K) Class: 14987K(15232K)->14987K(15232K)
[54.497s][info][gc             ] GC(245) Pause Young (Allocation Failure) 584M->38M(1979M) 8.563ms
[54.497s][info][gc,cpu         ] GC(245) User=0.00s Sys=0.00s Real=0.00s
[54.637s][info][gc,start       ] GC(246) Pause Young (Allocation Failure)
[54.646s][info][gc,heap        ] GC(246) DefNew: 560699K(629120K)->1531K(629120K) Eden: 559232K(559232K)->0K(559232K) From: 1467K(69888K)->1531K(69888K)
[54.646s][info][gc,heap        ] GC(246) Tenured: 37855K(1398144K)->37855K(1398144K)
[54.646s][info][gc,metaspace   ] GC(246) Metaspace: 73071K(73536K)->73071K(73536K) NonClass: 58083K(58304K)->58083K(58304K) Class: 14987K(15232K)->14987K(15232K)
[54.646s][info][gc             ] GC(246) Pause Young (Allocation Failure) 584M->38M(1979M) 9.368ms
[54.646s][info][gc,cpu         ] GC(246) User=0.00s Sys=0.00s Real=0.00s
[54.787s][info][gc,start       ] GC(247) Pause Young (Allocation Failure)
[54.796s][info][gc,heap        ] GC(247) DefNew: 560763K(629120K)->1456K(629120K) Eden: 559232K(559232K)->0K(559232K) From: 1531K(69888K)->1456K(69888K)
[54.796s][info][gc,heap        ] GC(247) Tenured: 37855K(1398144K)->37871K(1398144K)
[54.796s][info][gc,metaspace   ] GC(247) Metaspace: 73077K(73536K)->73077K(73536K) NonClass: 58089K(58304K)->58089K(58304K) Class: 14987K(15232K)->14987K(15232K)
[54.796s][info][gc             ] GC(247) Pause Young (Allocation Failure) 584M->38M(1979M) 9.650ms
[54.796s][info][gc,cpu         ] GC(247) User=0.00s Sys=0.00s Real=0.00s
[54.940s][info][gc,start       ] GC(248) Pause Young (Allocation Failure)
[54.949s][info][gc,heap        ] GC(248) DefNew: 560688K(629120K)->1471K(629120K) Eden: 559232K(559232K)->0K(559232K) From: 1456K(69888K)->1471K(69888K)
[54.949s][info][gc,heap        ] GC(248) Tenured: 37871K(1398144K)->37905K(1398144K)
[54.949s][info][gc,metaspace   ] GC(248) Metaspace: 73085K(73536K)->73085K(73536K) NonClass: 58098K(58304K)->58098K(58304K) Class: 14987K(15232K)->14987K(15232K)
[54.949s][info][gc             ] GC(248) Pause Young (Allocation Failure) 584M->38M(1979M) 8.870ms
[54.949s][info][gc,cpu         ] GC(248) User=0.00s Sys=0.00s Real=0.00s
[55.104s][info][gc,start       ] GC(249) Pause Young (Allocation Failure)
[55.112s][info][gc,heap        ] GC(249) DefNew: 560703K(629120K)->1488K(629120K) Eden: 559232K(559232K)->0K(559232K) From: 1471K(69888K)->1488K(69888K)
[55.112s][info][gc,heap        ] GC(249) Tenured: 37905K(1398144K)->37905K(1398144K)
[55.112s][info][gc,metaspace   ] GC(249) Metaspace: 73111K(73600K)->73111K(73600K) NonClass: 58123K(58368K)->58123K(58368K) Class: 14987K(15232K)->14987K(15232K)
[55.112s][info][gc             ] GC(249) Pause Young (Allocation Failure) 584M->38M(1979M) 7.792ms
[55.112s][info][gc,cpu         ] GC(249) User=0.00s Sys=0.00s Real=0.00s
[55.277s][info][gc,start       ] GC(250) Pause Young (Allocation Failure)
[55.284s][info][gc,heap        ] GC(250) DefNew: 560720K(629120K)->1436K(629120K) Eden: 559232K(559232K)->0K(559232K) From: 1488K(69888K)->1436K(69888K)
[55.284s][info][gc,heap        ] GC(250) Tenured: 37905K(1398144K)->37905K(1398144K)
[55.284s][info][gc,metaspace   ] GC(250) Metaspace: 73111K(73600K)->73111K(73600K) NonClass: 58123K(58368K)->58123K(58368K) Class: 14987K(15232K)->14987K(15232K)
[55.284s][info][gc             ] GC(250) Pause Young (Allocation Failure) 584M->38M(1979M) 6.944ms
[55.284s][info][gc,cpu         ] GC(250) User=0.00s Sys=0.00s Real=0.00s
[55.470s][info][gc,start       ] GC(251) Pause Young (Allocation Failure)
[55.477s][info][gc,heap        ] GC(251) DefNew: 560649K(629120K)->1420K(629120K) Eden: 559213K(559232K)->0K(559232K) From: 1436K(69888K)->1420K(69888K)
[55.477s][info][gc,heap        ] GC(251) Tenured: 37905K(1398144K)->37905K(1398144K)
[55.477s][info][gc,metaspace   ] GC(251) Metaspace: 73111K(73600K)->73111K(73600K) NonClass: 58123K(58368K)->58123K(58368K) Class: 14987K(15232K)->14987K(15232K)
[55.477s][info][gc             ] GC(251) Pause Young (Allocation Failure) 584M->38M(1979M) 6.624ms
[55.477s][info][gc,cpu         ] GC(251) User=0.00s Sys=0.00s Real=0.00s
[55.706s][info][gc,start       ] GC(252) Pause Young (Allocation Failure)
[55.712s][info][gc,heap        ] GC(252) DefNew: 560652K(629120K)->1394K(629120K) Eden: 559232K(559232K)->0K(559232K) From: 1420K(69888K)->1394K(69888K)
[55.712s][info][gc,heap        ] GC(252) Tenured: 37905K(1398144K)->37905K(1398144K)
[55.712s][info][gc,metaspace   ] GC(252) Metaspace: 73111K(73600K)->73111K(73600K) NonClass: 58123K(58368K)->58123K(58368K) Class: 14987K(15232K)->14987K(15232K)
[55.712s][info][gc             ] GC(252) Pause Young (Allocation Failure) 584M->38M(1979M) 5.762ms
[55.712s][info][gc,cpu         ] GC(252) User=0.00s Sys=0.00s Real=0.00s
[55.956s][info][gc,start       ] GC(253) Pause Young (Allocation Failure)
[55.961s][info][gc,heap        ] GC(253) DefNew: 560626K(629120K)->1402K(629120K) Eden: 559232K(559232K)->0K(559232K) From: 1394K(69888K)->1402K(69888K)
[55.961s][info][gc,heap        ] GC(253) Tenured: 37905K(1398144K)->37905K(1398144K)
[55.961s][info][gc,metaspace   ] GC(253) Metaspace: 73111K(73600K)->73111K(73600K) NonClass: 58123K(58368K)->58123K(58368K) Class: 14987K(15232K)->14987K(15232K)
[55.961s][info][gc             ] GC(253) Pause Young (Allocation Failure) 584M->38M(1979M) 5.236ms
[55.961s][info][gc,cpu         ] GC(253) User=0.02s Sys=0.00s Real=0.02s
[56.276s][info][gc,start       ] GC(254) Pause Young (Allocation Failure)
[56.280s][info][gc,heap        ] GC(254) DefNew: 560634K(629120K)->1353K(629120K) Eden: 559232K(559232K)->0K(559232K) From: 1402K(69888K)->1353K(69888K)
[56.280s][info][gc,heap        ] GC(254) Tenured: 37905K(1398144K)->37921K(1398144K)
[56.280s][info][gc,metaspace   ] GC(254) Metaspace: 73111K(73600K)->73111K(73600K) NonClass: 58123K(58368K)->58123K(58368K) Class: 14987K(15232K)->14987K(15232K)
[56.281s][info][gc             ] GC(254) Pause Young (Allocation Failure) 584M->38M(1979M) 4.857ms
[56.281s][info][gc,cpu         ] GC(254) User=0.00s Sys=0.00s Real=0.00s
[56.610s][info][gc,start       ] GC(255) Pause Young (Allocation Failure)
[56.614s][info][gc,heap        ] GC(255) DefNew: 560585K(629120K)->1364K(629120K) Eden: 559232K(559232K)->0K(559232K) From: 1353K(69888K)->1364K(69888K)
[56.614s][info][gc,heap        ] GC(255) Tenured: 37921K(1398144K)->37921K(1398144K)
[56.614s][info][gc,metaspace   ] GC(255) Metaspace: 73111K(73600K)->73111K(73600K) NonClass: 58123K(58368K)->58123K(58368K) Class: 14987K(15232K)->14987K(15232K)
[56.614s][info][gc             ] GC(255) Pause Young (Allocation Failure) 584M->38M(1979M) 4.332ms
[56.614s][info][gc,cpu         ] GC(255) User=0.00s Sys=0.00s Real=0.00s
[56.855s][info][gc,start       ] GC(256) Pause Full (System.gc())
[56.855s][info][gc,phases,start] GC(256) Phase 1: Mark live objects
[56.906s][info][gc,phases      ] GC(256) Phase 1: Mark live objects 50.796ms
[56.906s][info][gc,phases,start] GC(256) Phase 2: Compute new object addresses
[57.025s][info][gc,phases      ] GC(256) Phase 2: Compute new object addresses 118.305ms
[57.025s][info][gc,phases,start] GC(256) Phase 3: Adjust pointers
[57.048s][info][gc,phases      ] GC(256) Phase 3: Adjust pointers 23.835ms
[57.048s][info][gc,phases,start] GC(256) Phase 4: Move objects
[57.050s][info][gc,phases      ] GC(256) Phase 4: Move objects 1.076ms
[57.050s][info][gc,heap        ] GC(256) DefNew: 329903K(629120K)->0K(629120K) Eden: 328539K(559232K)->0K(559232K) From: 1364K(69888K)->0K(69888K)
[57.050s][info][gc,heap        ] GC(256) Tenured: 37921K(1398144K)->39133K(1398144K)
[57.050s][info][gc,metaspace   ] GC(256) Metaspace: 73116K(73600K)->73116K(73600K) NonClass: 58129K(58368K)->58129K(58368K) Class: 14987K(15232K)->14987K(15232K)
[57.050s][info][gc             ] GC(256) Pause Full (System.gc()) 359M->38M(1979M) 194.782ms
[57.050s][info][gc,cpu         ] GC(256) User=0.19s Sys=0.00s Real=0.19s
[57.218s][info][gc,start       ] GC(257) Pause Young (Allocation Failure)
[57.233s][info][gc,heap        ] GC(257) DefNew: 559232K(629120K)->3555K(629120K) Eden: 559232K(559232K)->0K(559232K) From: 0K(69888K)->3555K(69888K)
[57.233s][info][gc,heap        ] GC(257) Tenured: 39133K(1398144K)->39133K(1398144K)
[57.233s][info][gc,metaspace   ] GC(257) Metaspace: 73179K(73664K)->73179K(73664K) NonClass: 58192K(58432K)->58192K(58432K) Class: 14987K(15232K)->14987K(15232K)
[57.234s][info][gc             ] GC(257) Pause Young (Allocation Failure) 584M->41M(1979M) 15.527ms
[57.234s][info][gc,cpu         ] GC(257) User=0.00s Sys=0.02s Real=0.02s
[57.374s][info][gc,start       ] GC(258) Pause Young (Allocation Failure)
[57.386s][info][gc,heap        ] GC(258) DefNew: 562787K(629120K)->3530K(629120K) Eden: 559232K(559232K)->0K(559232K) From: 3555K(69888K)->3530K(69888K)
[57.386s][info][gc,heap        ] GC(258) Tenured: 39133K(1398144K)->39133K(1398144K)
[57.386s][info][gc,metaspace   ] GC(258) Metaspace: 73179K(73664K)->73179K(73664K) NonClass: 58192K(58432K)->58192K(58432K) Class: 14987K(15232K)->14987K(15232K)
[57.386s][info][gc             ] GC(258) Pause Young (Allocation Failure) 587M->41M(1979M) 12.499ms
[57.386s][info][gc,cpu         ] GC(258) User=0.00s Sys=0.00s Real=0.00s
[57.525s][info][gc,start       ] GC(259) Pause Young (Allocation Failure)
[57.539s][info][gc,heap        ] GC(259) DefNew: 562762K(629120K)->3506K(629120K) Eden: 559232K(559232K)->0K(559232K) From: 3530K(69888K)->3506K(69888K)
[57.539s][info][gc,heap        ] GC(259) Tenured: 39133K(1398144K)->39133K(1398144K)
[57.539s][info][gc,metaspace   ] GC(259) Metaspace: 73179K(73664K)->73179K(73664K) NonClass: 58192K(58432K)->58192K(58432K) Class: 14987K(15232K)->14987K(15232K)
[57.539s][info][gc             ] GC(259) Pause Young (Allocation Failure) 587M->41M(1979M) 13.832ms
[57.539s][info][gc,cpu         ] GC(259) User=0.00s Sys=0.00s Real=0.00s
[57.683s][info][gc,start       ] GC(260) Pause Young (Allocation Failure)
[57.697s][info][gc,heap        ] GC(260) DefNew: 562738K(629120K)->3490K(629120K) Eden: 559232K(559232K)->0K(559232K) From: 3506K(69888K)->3490K(69888K)
[57.697s][info][gc,heap        ] GC(260) Tenured: 39133K(1398144K)->39133K(1398144K)
[57.697s][info][gc,metaspace   ] GC(260) Metaspace: 73179K(73664K)->73179K(73664K) NonClass: 58192K(58432K)->58192K(58432K) Class: 14987K(15232K)->14987K(15232K)
[57.697s][info][gc             ] GC(260) Pause Young (Allocation Failure) 587M->41M(1979M) 14.016ms
[57.697s][info][gc,cpu         ] GC(260) User=0.02s Sys=0.00s Real=0.01s
[57.838s][info][gc,start       ] GC(261) Pause Young (Allocation Failure)
[57.851s][info][gc,heap        ] GC(261) DefNew: 562722K(629120K)->3482K(629120K) Eden: 559232K(559232K)->0K(559232K) From: 3490K(69888K)->3482K(69888K)
[57.851s][info][gc,heap        ] GC(261) Tenured: 39133K(1398144K)->39133K(1398144K)
[57.851s][info][gc,metaspace   ] GC(261) Metaspace: 73179K(73664K)->73179K(73664K) NonClass: 58192K(58432K)->58192K(58432K) Class: 14987K(15232K)->14987K(15232K)
[57.851s][info][gc             ] GC(261) Pause Young (Allocation Failure) 587M->41M(1979M) 13.253ms
[57.851s][info][gc,cpu         ] GC(261) User=0.00s Sys=0.00s Real=0.00s
[57.989s][info][gc,start       ] GC(262) Pause Young (Allocation Failure)
[58.001s][info][gc,heap        ] GC(262) DefNew: 562714K(629120K)->3440K(629120K) Eden: 559232K(559232K)->0K(559232K) From: 3482K(69888K)->3440K(69888K)
[58.001s][info][gc,heap        ] GC(262) Tenured: 39133K(1398144K)->39133K(1398144K)
[58.001s][info][gc,metaspace   ] GC(262) Metaspace: 73179K(73664K)->73179K(73664K) NonClass: 58192K(58432K)->58192K(58432K) Class: 14987K(15232K)->14987K(15232K)
[58.001s][info][gc             ] GC(262) Pause Young (Allocation Failure) 587M->41M(1979M) 12.415ms
[58.001s][info][gc,cpu         ] GC(262) User=0.00s Sys=0.00s Real=0.00s
[58.140s][info][gc,start       ] GC(263) Pause Young (Allocation Failure)
[58.152s][info][gc,heap        ] GC(263) DefNew: 562672K(629120K)->3401K(629120K) Eden: 559232K(559232K)->0K(559232K) From: 3440K(69888K)->3401K(69888K)
[58.152s][info][gc,heap        ] GC(263) Tenured: 39133K(1398144K)->39133K(1398144K)
[58.152s][info][gc,metaspace   ] GC(263) Metaspace: 73179K(73664K)->73179K(73664K) NonClass: 58192K(58432K)->58192K(58432K) Class: 14987K(15232K)->14987K(15232K)
[58.152s][info][gc             ] GC(263) Pause Young (Allocation Failure) 587M->41M(1979M) 12.177ms
[58.152s][info][gc,cpu         ] GC(263) User=0.00s Sys=0.00s Real=0.00s
[58.291s][info][gc,start       ] GC(264) Pause Young (Allocation Failure)
[58.303s][info][gc,heap        ] GC(264) DefNew: 562633K(629120K)->3508K(629120K) Eden: 559232K(559232K)->0K(559232K) From: 3401K(69888K)->3508K(69888K)
[58.303s][info][gc,heap        ] GC(264) Tenured: 39133K(1398144K)->39133K(1398144K)
[58.303s][info][gc,metaspace   ] GC(264) Metaspace: 73179K(73664K)->73179K(73664K) NonClass: 58192K(58432K)->58192K(58432K) Class: 14987K(15232K)->14987K(15232K)
[58.303s][info][gc             ] GC(264) Pause Young (Allocation Failure) 587M->41M(1979M) 12.396ms
[58.303s][info][gc,cpu         ] GC(264) User=0.00s Sys=0.00s Real=0.00s
[58.441s][info][gc,start       ] GC(265) Pause Young (Allocation Failure)
[58.454s][info][gc,heap        ] GC(265) DefNew: 562740K(629120K)->3450K(629120K) Eden: 559232K(559232K)->0K(559232K) From: 3508K(69888K)->3450K(69888K)
[58.454s][info][gc,heap        ] GC(265) Tenured: 39133K(1398144K)->39133K(1398144K)
[58.454s][info][gc,metaspace   ] GC(265) Metaspace: 73179K(73664K)->73179K(73664K) NonClass: 58192K(58432K)->58192K(58432K) Class: 14987K(15232K)->14987K(15232K)
[58.454s][info][gc             ] GC(265) Pause Young (Allocation Failure) 587M->41M(1979M) 12.486ms
[58.454s][info][gc,cpu         ] GC(265) User=0.00s Sys=0.00s Real=0.00s
[58.593s][info][gc,start       ] GC(266) Pause Young (Allocation Failure)
[58.606s][info][gc,heap        ] GC(266) DefNew: 562682K(629120K)->3474K(629120K) Eden: 559232K(559232K)->0K(559232K) From: 3450K(69888K)->3474K(69888K)
[58.606s][info][gc,heap        ] GC(266) Tenured: 39133K(1398144K)->39133K(1398144K)
[58.606s][info][gc,metaspace   ] GC(266) Metaspace: 73179K(73664K)->73179K(73664K) NonClass: 58192K(58432K)->58192K(58432K) Class: 14987K(15232K)->14987K(15232K)
[58.606s][info][gc             ] GC(266) Pause Young (Allocation Failure) 587M->41M(1979M) 12.647ms
[58.606s][info][gc,cpu         ] GC(266) User=0.02s Sys=0.00s Real=0.01s
[58.744s][info][gc,start       ] GC(267) Pause Young (Allocation Failure)
[58.758s][info][gc,heap        ] GC(267) DefNew: 562706K(629120K)->3514K(629120K) Eden: 559232K(559232K)->0K(559232K) From: 3474K(69888K)->3514K(69888K)
[58.758s][info][gc,heap        ] GC(267) Tenured: 39133K(1398144K)->39133K(1398144K)
[58.758s][info][gc,metaspace   ] GC(267) Metaspace: 73179K(73664K)->73179K(73664K) NonClass: 58192K(58432K)->58192K(58432K) Class: 14987K(15232K)->14987K(15232K)
[58.758s][info][gc             ] GC(267) Pause Young (Allocation Failure) 587M->41M(1979M) 13.969ms
[58.758s][info][gc,cpu         ] GC(267) User=0.00s Sys=0.00s Real=0.00s
[58.899s][info][gc,start       ] GC(268) Pause Young (Allocation Failure)
[58.912s][info][gc,heap        ] GC(268) DefNew: 562746K(629120K)->3495K(629120K) Eden: 559232K(559232K)->0K(559232K) From: 3514K(69888K)->3495K(69888K)
[58.912s][info][gc,heap        ] GC(268) Tenured: 39133K(1398144K)->39133K(1398144K)
[58.912s][info][gc,metaspace   ] GC(268) Metaspace: 73179K(73664K)->73179K(73664K) NonClass: 58192K(58432K)->58192K(58432K) Class: 14987K(15232K)->14987K(15232K)
[58.912s][info][gc             ] GC(268) Pause Young (Allocation Failure) 587M->41M(1979M) 12.953ms
[58.912s][info][gc,cpu         ] GC(268) User=0.02s Sys=0.00s Real=0.00s
[59.053s][info][gc,start       ] GC(269) Pause Young (Allocation Failure)
[59.065s][info][gc,heap        ] GC(269) DefNew: 562727K(629120K)->3491K(629120K) Eden: 559232K(559232K)->0K(559232K) From: 3495K(69888K)->3491K(69888K)
[59.085s][info][gc,heap        ] GC(269) Tenured: 39133K(1398144K)->39133K(1398144K)
[59.085s][info][gc,metaspace   ] GC(269) Metaspace: 73179K(73664K)->73179K(73664K) NonClass: 58192K(58432K)->58192K(58432K) Class: 14987K(15232K)->14987K(15232K)
[59.085s][info][gc             ] GC(269) Pause Young (Allocation Failure) 587M->41M(1979M) 32.062ms
[59.085s][info][gc,cpu         ] GC(269) User=0.02s Sys=0.00s Real=0.03s
[59.230s][info][gc,start       ] GC(270) Pause Young (Allocation Failure)
[59.242s][info][gc,heap        ] GC(270) DefNew: 562723K(629120K)->3441K(629120K) Eden: 559232K(559232K)->0K(559232K) From: 3491K(69888K)->3441K(69888K)
[59.242s][info][gc,heap        ] GC(270) Tenured: 39133K(1398144K)->39133K(1398144K)
[59.242s][info][gc,metaspace   ] GC(270) Metaspace: 73179K(73664K)->73179K(73664K) NonClass: 58192K(58432K)->58192K(58432K) Class: 14987K(15232K)->14987K(15232K)
[59.242s][info][gc             ] GC(270) Pause Young (Allocation Failure) 587M->41M(1979M) 12.015ms
[59.242s][info][gc,cpu         ] GC(270) User=0.00s Sys=0.00s Real=0.00s
[59.382s][info][gc,start       ] GC(271) Pause Young (Allocation Failure)
[59.396s][info][gc,heap        ] GC(271) DefNew: 562673K(629120K)->3438K(629120K) Eden: 559232K(559232K)->0K(559232K) From: 3441K(69888K)->3438K(69888K)
[59.396s][info][gc,heap        ] GC(271) Tenured: 39133K(1398144K)->39133K(1398144K)
[59.396s][info][gc,metaspace   ] GC(271) Metaspace: 73179K(73664K)->73179K(73664K) NonClass: 58192K(58432K)->58192K(58432K) Class: 14987K(15232K)->14987K(15232K)
[59.396s][info][gc             ] GC(271) Pause Young (Allocation Failure) 587M->41M(1979M) 13.846ms
[59.396s][info][gc,cpu         ] GC(271) User=0.02s Sys=0.00s Real=0.01s
[59.537s][info][gc,start       ] GC(272) Pause Young (Allocation Failure)
[59.551s][info][gc,heap        ] GC(272) DefNew: 562670K(629120K)->1431K(629120K) Eden: 559232K(559232K)->0K(559232K) From: 3438K(69888K)->1431K(69888K)
[59.551s][info][gc,heap        ] GC(272) Tenured: 39133K(1398144K)->41160K(1398144K)
[59.551s][info][gc,metaspace   ] GC(272) Metaspace: 73179K(73664K)->73179K(73664K) NonClass: 58192K(58432K)->58192K(58432K) Class: 14987K(15232K)->14987K(15232K)
[59.551s][info][gc             ] GC(272) Pause Young (Allocation Failure) 587M->41M(1979M) 13.356ms
[59.551s][info][gc,cpu         ] GC(272) User=0.00s Sys=0.00s Real=0.00s
[59.689s][info][gc,start       ] GC(273) Pause Young (Allocation Failure)
[59.699s][info][gc,heap        ] GC(273) DefNew: 560663K(629120K)->1446K(629120K) Eden: 559232K(559232K)->0K(559232K) From: 1431K(69888K)->1446K(69888K)
[59.699s][info][gc,heap        ] GC(273) Tenured: 41160K(1398144K)->41160K(1398144K)
[59.699s][info][gc,metaspace   ] GC(273) Metaspace: 73179K(73664K)->73179K(73664K) NonClass: 58192K(58432K)->58192K(58432K) Class: 14987K(15232K)->14987K(15232K)
[59.699s][info][gc             ] GC(273) Pause Young (Allocation Failure) 587M->41M(1979M) 9.484ms
[59.699s][info][gc,cpu         ] GC(273) User=0.00s Sys=0.00s Real=0.00s
[59.837s][info][gc,start       ] GC(274) Pause Young (Allocation Failure)
[59.846s][info][gc,heap        ] GC(274) DefNew: 560678K(629120K)->1453K(629120K) Eden: 559232K(559232K)->0K(559232K) From: 1446K(69888K)->1453K(69888K)
[59.846s][info][gc,heap        ] GC(274) Tenured: 41160K(1398144K)->41160K(1398144K)
[59.846s][info][gc,metaspace   ] GC(274) Metaspace: 73179K(73664K)->73179K(73664K) NonClass: 58192K(58432K)->58192K(58432K) Class: 14987K(15232K)->14987K(15232K)
[59.846s][info][gc             ] GC(274) Pause Young (Allocation Failure) 587M->41M(1979M) 9.146ms
[59.846s][info][gc,cpu         ] GC(274) User=0.00s Sys=0.00s Real=0.00s
[59.985s][info][gc,start       ] GC(275) Pause Young (Allocation Failure)
[59.994s][info][gc,heap        ] GC(275) DefNew: 560685K(629120K)->1494K(629120K) Eden: 559232K(559232K)->0K(559232K) From: 1453K(69888K)->1494K(69888K)
[59.994s][info][gc,heap        ] GC(275) Tenured: 41160K(1398144K)->41176K(1398144K)
[59.994s][info][gc,metaspace   ] GC(275) Metaspace: 73183K(73664K)->73183K(73664K) NonClass: 58195K(58432K)->58195K(58432K) Class: 14987K(15232K)->14987K(15232K)
[59.994s][info][gc             ] GC(275) Pause Young (Allocation Failure) 587M->41M(1979M) 8.887ms
[59.994s][info][gc,cpu         ] GC(275) User=0.00s Sys=0.00s Real=0.00s
[60.134s][info][gc,start       ] GC(276) Pause Young (Allocation Failure)
[60.142s][info][gc,heap        ] GC(276) DefNew: 560726K(629120K)->1435K(629120K) Eden: 559232K(559232K)->0K(559232K) From: 1494K(69888K)->1435K(69888K)
[60.142s][info][gc,heap        ] GC(276) Tenured: 41176K(1398144K)->41176K(1398144K)
[60.142s][info][gc,metaspace   ] GC(276) Metaspace: 73183K(73664K)->73183K(73664K) NonClass: 58195K(58432K)->58195K(58432K) Class: 14987K(15232K)->14987K(15232K)
[60.142s][info][gc             ] GC(276) Pause Young (Allocation Failure) 587M->41M(1979M) 8.653ms
[60.142s][info][gc,cpu         ] GC(276) User=0.00s Sys=0.00s Real=0.00s
[60.281s][info][gc,start       ] GC(277) Pause Young (Allocation Failure)
[60.289s][info][gc,heap        ] GC(277) DefNew: 560667K(629120K)->1479K(629120K) Eden: 559232K(559232K)->0K(559232K) From: 1435K(69888K)->1479K(69888K)
[60.289s][info][gc,heap        ] GC(277) Tenured: 41176K(1398144K)->41176K(1398144K)
[60.289s][info][gc,metaspace   ] GC(277) Metaspace: 73183K(73664K)->73183K(73664K) NonClass: 58195K(58432K)->58195K(58432K) Class: 14987K(15232K)->14987K(15232K)
[60.289s][info][gc             ] GC(277) Pause Young (Allocation Failure) 587M->41M(1979M) 8.582ms
[60.289s][info][gc,cpu         ] GC(277) User=0.00s Sys=0.00s Real=0.00s
[60.428s][info][gc,start       ] GC(278) Pause Young (Allocation Failure)
[60.436s][info][gc,heap        ] GC(278) DefNew: 560711K(629120K)->1506K(629120K) Eden: 559232K(559232K)->0K(559232K) From: 1479K(69888K)->1506K(69888K)
[60.436s][info][gc,heap        ] GC(278) Tenured: 41176K(1398144K)->41177K(1398144K)
[60.436s][info][gc,metaspace   ] GC(278) Metaspace: 73183K(73664K)->73183K(73664K) NonClass: 58195K(58432K)->58195K(58432K) Class: 14987K(15232K)->14987K(15232K)
[60.436s][info][gc             ] GC(278) Pause Young (Allocation Failure) 587M->41M(1979M) 8.887ms
[60.437s][info][gc,cpu         ] GC(278) User=0.00s Sys=0.00s Real=0.00s
[60.575s][info][gc,start       ] GC(279) Pause Young (Allocation Failure)
[60.585s][info][gc,heap        ] GC(279) DefNew: 560738K(629120K)->1490K(629120K) Eden: 559232K(559232K)->0K(559232K) From: 1506K(69888K)->1490K(69888K)
[60.585s][info][gc,heap        ] GC(279) Tenured: 41177K(1398144K)->41177K(1398144K)
[60.585s][info][gc,metaspace   ] GC(279) Metaspace: 73183K(73664K)->73183K(73664K) NonClass: 58195K(58432K)->58195K(58432K) Class: 14987K(15232K)->14987K(15232K)
[60.585s][info][gc             ] GC(279) Pause Young (Allocation Failure) 587M->41M(1979M) 9.615ms
[60.585s][info][gc,cpu         ] GC(279) User=0.00s Sys=0.00s Real=0.00s
[60.723s][info][gc,start       ] GC(280) Pause Young (Allocation Failure)
[60.732s][info][gc,heap        ] GC(280) DefNew: 560722K(629120K)->1542K(629120K) Eden: 559232K(559232K)->0K(559232K) From: 1490K(69888K)->1542K(69888K)
[60.732s][info][gc,heap        ] GC(280) Tenured: 41177K(1398144K)->41177K(1398144K)
[60.732s][info][gc,metaspace   ] GC(280) Metaspace: 73183K(73664K)->73183K(73664K) NonClass: 58195K(58432K)->58195K(58432K) Class: 14987K(15232K)->14987K(15232K)
[60.732s][info][gc             ] GC(280) Pause Young (Allocation Failure) 587M->41M(1979M) 9.282ms
[60.732s][info][gc,cpu         ] GC(280) User=0.00s Sys=0.00s Real=0.00s
[60.872s][info][gc,start       ] GC(281) Pause Young (Allocation Failure)
[60.881s][info][gc,heap        ] GC(281) DefNew: 560774K(629120K)->1535K(629120K) Eden: 559232K(559232K)->0K(559232K) From: 1542K(69888K)->1535K(69888K)
[60.881s][info][gc,heap        ] GC(281) Tenured: 41177K(1398144K)->41193K(1398144K)
[60.881s][info][gc,metaspace   ] GC(281) Metaspace: 73183K(73664K)->73183K(73664K) NonClass: 58195K(58432K)->58195K(58432K) Class: 14987K(15232K)->14987K(15232K)
[60.881s][info][gc             ] GC(281) Pause Young (Allocation Failure) 587M->41M(1979M) 9.036ms
[60.881s][info][gc,cpu         ] GC(281) User=0.00s Sys=0.00s Real=0.00s
[61.019s][info][gc,start       ] GC(282) Pause Young (Allocation Failure)
[61.028s][info][gc,heap        ] GC(282) DefNew: 560767K(629120K)->1489K(629120K) Eden: 559232K(559232K)->0K(559232K) From: 1535K(69888K)->1489K(69888K)
[61.028s][info][gc,heap        ] GC(282) Tenured: 41193K(1398144K)->41193K(1398144K)
[61.028s][info][gc,metaspace   ] GC(282) Metaspace: 73183K(73664K)->73183K(73664K) NonClass: 58195K(58432K)->58195K(58432K) Class: 14987K(15232K)->14987K(15232K)
[61.028s][info][gc             ] GC(282) Pause Young (Allocation Failure) 587M->41M(1979M) 8.688ms
[61.028s][info][gc,cpu         ] GC(282) User=0.00s Sys=0.00s Real=0.00s
[61.167s][info][gc,start       ] GC(283) Pause Young (Allocation Failure)
[61.176s][info][gc,heap        ] GC(283) DefNew: 560721K(629120K)->1466K(629120K) Eden: 559232K(559232K)->0K(559232K) From: 1489K(69888K)->1466K(69888K)
[61.176s][info][gc,heap        ] GC(283) Tenured: 41193K(1398144K)->41193K(1398144K)
[61.176s][info][gc,metaspace   ] GC(283) Metaspace: 73183K(73664K)->73183K(73664K) NonClass: 58195K(58432K)->58195K(58432K) Class: 14987K(15232K)->14987K(15232K)
[61.176s][info][gc             ] GC(283) Pause Young (Allocation Failure) 587M->41M(1979M) 8.644ms
[61.176s][info][gc,cpu         ] GC(283) User=0.00s Sys=0.00s Real=0.00s
[61.314s][info][gc,start       ] GC(284) Pause Young (Allocation Failure)
[61.324s][info][gc,heap        ] GC(284) DefNew: 560698K(629120K)->1436K(629120K) Eden: 559232K(559232K)->0K(559232K) From: 1466K(69888K)->1436K(69888K)
[61.324s][info][gc,heap        ] GC(284) Tenured: 41193K(1398144K)->41193K(1398144K)
[61.324s][info][gc,metaspace   ] GC(284) Metaspace: 73183K(73664K)->73183K(73664K) NonClass: 58195K(58432K)->58195K(58432K) Class: 14987K(15232K)->14987K(15232K)
[61.324s][info][gc             ] GC(284) Pause Young (Allocation Failure) 587M->41M(1979M) 9.409ms
[61.324s][info][gc,cpu         ] GC(284) User=0.00s Sys=0.00s Real=0.00s
[61.463s][info][gc,start       ] GC(285) Pause Young (Allocation Failure)
[61.472s][info][gc,heap        ] GC(285) DefNew: 560668K(629120K)->1449K(629120K) Eden: 559232K(559232K)->0K(559232K) From: 1436K(69888K)->1449K(69888K)
[61.472s][info][gc,heap        ] GC(285) Tenured: 41193K(1398144K)->41193K(1398144K)
[61.472s][info][gc,metaspace   ] GC(285) Metaspace: 73183K(73664K)->73183K(73664K) NonClass: 58195K(58432K)->58195K(58432K) Class: 14987K(15232K)->14987K(15232K)
[61.472s][info][gc             ] GC(285) Pause Young (Allocation Failure) 587M->41M(1979M) 9.257ms
[61.472s][info][gc,cpu         ] GC(285) User=0.00s Sys=0.00s Real=0.00s
[61.611s][info][gc,start       ] GC(286) Pause Young (Allocation Failure)
[61.621s][info][gc,heap        ] GC(286) DefNew: 560681K(629120K)->1538K(629120K) Eden: 559232K(559232K)->0K(559232K) From: 1449K(69888K)->1538K(69888K)
[61.621s][info][gc,heap        ] GC(286) Tenured: 41193K(1398144K)->41193K(1398144K)
[61.621s][info][gc,metaspace   ] GC(286) Metaspace: 73183K(73664K)->73183K(73664K) NonClass: 58195K(58432K)->58195K(58432K) Class: 14987K(15232K)->14987K(15232K)
[61.621s][info][gc             ] GC(286) Pause Young (Allocation Failure) 587M->41M(1979M) 9.538ms
[61.621s][info][gc,cpu         ] GC(286) User=0.02s Sys=0.00s Real=0.01s
[61.759s][info][gc,start       ] GC(287) Pause Young (Allocation Failure)
[61.768s][info][gc,heap        ] GC(287) DefNew: 560770K(629120K)->1486K(629120K) Eden: 559232K(559232K)->0K(559232K) From: 1538K(69888K)->1486K(69888K)
[61.768s][info][gc,heap        ] GC(287) Tenured: 41193K(1398144K)->41193K(1398144K)
[61.768s][info][gc,metaspace   ] GC(287) Metaspace: 73183K(73664K)->73183K(73664K) NonClass: 58195K(58432K)->58195K(58432K) Class: 14987K(15232K)->14987K(15232K)
[61.768s][info][gc             ] GC(287) Pause Young (Allocation Failure) 587M->41M(1979M) 8.778ms
[61.768s][info][gc,cpu         ] GC(287) User=0.00s Sys=0.00s Real=0.00s
[61.907s][info][gc,start       ] GC(288) Pause Young (Allocation Failure)
[61.917s][info][gc,heap        ] GC(288) DefNew: 560718K(629120K)->1505K(629120K) Eden: 559232K(559232K)->0K(559232K) From: 1486K(69888K)->1505K(69888K)
[61.917s][info][gc,heap        ] GC(288) Tenured: 41193K(1398144K)->41209K(1398144K)
[61.917s][info][gc,metaspace   ] GC(288) Metaspace: 73184K(73664K)->73184K(73664K) NonClass: 58197K(58432K)->58197K(58432K) Class: 14987K(15232K)->14987K(15232K)
[61.917s][info][gc             ] GC(288) Pause Young (Allocation Failure) 587M->41M(1979M) 10.198ms
[61.917s][info][gc,cpu         ] GC(288) User=0.00s Sys=0.00s Real=0.00s
[62.057s][info][gc,start       ] GC(289) Pause Young (Allocation Failure)
[62.066s][info][gc,heap        ] GC(289) DefNew: 560737K(629120K)->1499K(629120K) Eden: 559232K(559232K)->0K(559232K) From: 1505K(69888K)->1499K(69888K)
[62.066s][info][gc,heap        ] GC(289) Tenured: 41209K(1398144K)->41209K(1398144K)
[62.066s][info][gc,metaspace   ] GC(289) Metaspace: 73184K(73664K)->73184K(73664K) NonClass: 58197K(58432K)->58197K(58432K) Class: 14987K(15232K)->14987K(15232K)
[62.066s][info][gc             ] GC(289) Pause Young (Allocation Failure) 587M->41M(1979M) 9.836ms
[62.066s][info][gc,cpu         ] GC(289) User=0.00s Sys=0.00s Real=0.00s
[62.208s][info][gc,start       ] GC(290) Pause Young (Allocation Failure)
[62.218s][info][gc,heap        ] GC(290) DefNew: 560731K(629120K)->1515K(629120K) Eden: 559232K(559232K)->0K(559232K) From: 1499K(69888K)->1515K(69888K)
[62.218s][info][gc,heap        ] GC(290) Tenured: 41209K(1398144K)->41243K(1398144K)
[62.218s][info][gc,metaspace   ] GC(290) Metaspace: 73187K(73664K)->73187K(73664K) NonClass: 58199K(58432K)->58199K(58432K) Class: 14987K(15232K)->14987K(15232K)
[62.218s][info][gc             ] GC(290) Pause Young (Allocation Failure) 587M->41M(1979M) 9.952ms
[62.218s][info][gc,cpu         ] GC(290) User=0.00s Sys=0.00s Real=0.00s
[62.362s][info][gc,start       ] GC(291) Pause Young (Allocation Failure)
[62.371s][info][gc,heap        ] GC(291) DefNew: 560747K(629120K)->1517K(629120K) Eden: 559232K(559232K)->0K(559232K) From: 1515K(69888K)->1517K(69888K)
[62.371s][info][gc,heap        ] GC(291) Tenured: 41243K(1398144K)->41243K(1398144K)
[62.371s][info][gc,metaspace   ] GC(291) Metaspace: 73187K(73664K)->73187K(73664K) NonClass: 58200K(58432K)->58200K(58432K) Class: 14987K(15232K)->14987K(15232K)
[62.371s][info][gc             ] GC(291) Pause Young (Allocation Failure) 587M->41M(1979M) 9.053ms
[62.371s][info][gc,cpu         ] GC(291) User=0.00s Sys=0.00s Real=0.00s
[62.521s][info][gc,start       ] GC(292) Pause Young (Allocation Failure)
[62.530s][info][gc,heap        ] GC(292) DefNew: 560749K(629120K)->1503K(629120K) Eden: 559232K(559232K)->0K(559232K) From: 1517K(69888K)->1503K(69888K)
[62.530s][info][gc,heap        ] GC(292) Tenured: 41243K(1398144K)->41243K(1398144K)
[62.530s][info][gc,metaspace   ] GC(292) Metaspace: 73187K(73664K)->73187K(73664K) NonClass: 58200K(58432K)->58200K(58432K) Class: 14987K(15232K)->14987K(15232K)
[62.530s][info][gc             ] GC(292) Pause Young (Allocation Failure) 587M->41M(1979M) 9.006ms
[62.530s][info][gc,cpu         ] GC(292) User=0.00s Sys=0.00s Real=0.00s
[62.708s][info][gc,start       ] GC(293) Pause Young (Allocation Failure)
[62.716s][info][gc,heap        ] GC(293) DefNew: 560735K(629120K)->1448K(629120K) Eden: 559232K(559232K)->0K(559232K) From: 1503K(69888K)->1448K(69888K)
[62.716s][info][gc,heap        ] GC(293) Tenured: 41243K(1398144K)->41243K(1398144K)
[62.716s][info][gc,metaspace   ] GC(293) Metaspace: 73187K(73664K)->73187K(73664K) NonClass: 58200K(58432K)->58200K(58432K) Class: 14987K(15232K)->14987K(15232K)
[62.716s][info][gc             ] GC(293) Pause Young (Allocation Failure) 587M->41M(1979M) 7.637ms
[62.716s][info][gc,cpu         ] GC(293) User=0.00s Sys=0.00s Real=0.00s
[62.980s][info][gc,start       ] GC(294) Pause Young (Allocation Failure)
[62.985s][info][gc,heap        ] GC(294) DefNew: 560680K(629120K)->1338K(629120K) Eden: 559232K(559232K)->0K(559232K) From: 1448K(69888K)->1338K(69888K)
[62.985s][info][gc,heap        ] GC(294) Tenured: 41243K(1398144K)->41259K(1398144K)
[62.985s][info][gc,metaspace   ] GC(294) Metaspace: 73187K(73664K)->73187K(73664K) NonClass: 58200K(58432K)->58200K(58432K) Class: 14987K(15232K)->14987K(15232K)
[62.985s][info][gc             ] GC(294) Pause Young (Allocation Failure) 587M->41M(1979M) 5.519ms
[62.985s][info][gc,cpu         ] GC(294) User=0.00s Sys=0.00s Real=0.00s
[63.340s][info][gc,start       ] GC(295) Pause Young (Allocation Failure)
[63.344s][info][gc,heap        ] GC(295) DefNew: 560570K(629120K)->1359K(629120K) Eden: 559232K(559232K)->0K(559232K) From: 1338K(69888K)->1359K(69888K)
[63.344s][info][gc,heap        ] GC(295) Tenured: 41259K(1398144K)->41259K(1398144K)
[63.344s][info][gc,metaspace   ] GC(295) Metaspace: 73187K(73664K)->73187K(73664K) NonClass: 58200K(58432K)->58200K(58432K) Class: 14987K(15232K)->14987K(15232K)
[63.344s][info][gc             ] GC(295) Pause Young (Allocation Failure) 587M->41M(1979M) 4.425ms
[63.344s][info][gc,cpu         ] GC(295) User=0.00s Sys=0.00s Real=0.00s
[63.702s][info][gc,start       ] GC(296) Pause Young (Allocation Failure)
[63.706s][info][gc,heap        ] GC(296) DefNew: 560591K(629120K)->1336K(629120K) Eden: 559232K(559232K)->0K(559232K) From: 1359K(69888K)->1336K(69888K)
[63.706s][info][gc,heap        ] GC(296) Tenured: 41259K(1398144K)->41259K(1398144K)
[63.706s][info][gc,metaspace   ] GC(296) Metaspace: 73187K(73664K)->73187K(73664K) NonClass: 58200K(58432K)->58200K(58432K) Class: 14987K(15232K)->14987K(15232K)
[63.706s][info][gc             ] GC(296) Pause Young (Allocation Failure) 587M->41M(1979M) 4.151ms
[63.706s][info][gc,cpu         ] GC(296) User=0.00s Sys=0.00s Real=0.00s
[64.063s][info][gc,start       ] GC(297) Pause Young (Allocation Failure)
[64.067s][info][gc,heap        ] GC(297) DefNew: 560568K(629120K)->1344K(629120K) Eden: 559232K(559232K)->0K(559232K) From: 1336K(69888K)->1344K(69888K)
[64.067s][info][gc,heap        ] GC(297) Tenured: 41259K(1398144K)->41259K(1398144K)
[64.067s][info][gc,metaspace   ] GC(297) Metaspace: 73187K(73664K)->73187K(73664K) NonClass: 58200K(58432K)->58200K(58432K) Class: 14987K(15232K)->14987K(15232K)
[64.067s][info][gc             ] GC(297) Pause Young (Allocation Failure) 587M->41M(1979M) 4.207ms
[64.067s][info][gc,cpu         ] GC(297) User=0.00s Sys=0.00s Real=0.00s
[64.318s][info][gc,start       ] GC(298) Pause Full (System.gc())
[64.319s][info][gc,phases,start] GC(298) Phase 1: Mark live objects
[64.367s][info][gc,phases      ] GC(298) Phase 1: Mark live objects 48.819ms
[64.368s][info][gc,phases,start] GC(298) Phase 2: Compute new object addresses
[64.488s][info][gc,phases      ] GC(298) Phase 2: Compute new object addresses 120.350ms
[64.488s][info][gc,phases,start] GC(298) Phase 3: Adjust pointers
[64.512s][info][gc,phases      ] GC(298) Phase 3: Adjust pointers 23.973ms
[64.512s][info][gc,phases,start] GC(298) Phase 4: Move objects
[64.513s][info][gc,phases      ] GC(298) Phase 4: Move objects 1.035ms
[64.513s][info][gc,heap        ] GC(298) DefNew: 331282K(629120K)->0K(629120K) Eden: 329938K(559232K)->0K(559232K) From: 1344K(69888K)->0K(69888K)
[64.513s][info][gc,heap        ] GC(298) Tenured: 41259K(1398144K)->42506K(1398144K)
[64.513s][info][gc,metaspace   ] GC(298) Metaspace: 73194K(73664K)->73194K(73664K) NonClass: 58207K(58432K)->58207K(58432K) Class: 14987K(15232K)->14987K(15232K)
[64.513s][info][gc             ] GC(298) Pause Full (System.gc()) 363M->41M(1979M) 194.983ms
[64.513s][info][gc,cpu         ] GC(298) User=0.19s Sys=0.00s Real=0.19s
[64.682s][info][gc,start       ] GC(299) Pause Young (Allocation Failure)
[64.699s][info][gc,heap        ] GC(299) DefNew: 559232K(629120K)->3527K(629120K) Eden: 559232K(559232K)->0K(559232K) From: 0K(69888K)->3527K(69888K)
[64.699s][info][gc,heap        ] GC(299) Tenured: 42506K(1398144K)->42506K(1398144K)
[64.699s][info][gc,metaspace   ] GC(299) Metaspace: 73253K(73728K)->73253K(73728K) NonClass: 58266K(58496K)->58266K(58496K) Class: 14987K(15232K)->14987K(15232K)
[64.699s][info][gc             ] GC(299) Pause Young (Allocation Failure) 587M->44M(1979M) 17.472ms
[64.700s][info][gc,cpu         ] GC(299) User=0.02s Sys=0.00s Real=0.02s
[64.842s][info][gc,start       ] GC(300) Pause Young (Allocation Failure)
[64.855s][info][gc,heap        ] GC(300) DefNew: 562759K(629120K)->3508K(629120K) Eden: 559232K(559232K)->0K(559232K) From: 3527K(69888K)->3508K(69888K)
[64.855s][info][gc,heap        ] GC(300) Tenured: 42506K(1398144K)->42506K(1398144K)
[64.855s][info][gc,metaspace   ] GC(300) Metaspace: 73253K(73728K)->73253K(73728K) NonClass: 58266K(58496K)->58266K(58496K) Class: 14987K(15232K)->14987K(15232K)
[64.855s][info][gc             ] GC(300) Pause Young (Allocation Failure) 591M->44M(1979M) 13.243ms
[64.855s][info][gc,cpu         ] GC(300) User=0.00s Sys=0.00s Real=0.00s
[64.995s][info][gc,start       ] GC(301) Pause Young (Allocation Failure)
[65.007s][info][gc,heap        ] GC(301) DefNew: 562740K(629120K)->3514K(629120K) Eden: 559232K(559232K)->0K(559232K) From: 3508K(69888K)->3514K(69888K)
[65.007s][info][gc,heap        ] GC(301) Tenured: 42506K(1398144K)->42506K(1398144K)
[65.007s][info][gc,metaspace   ] GC(301) Metaspace: 73253K(73728K)->73253K(73728K) NonClass: 58266K(58496K)->58266K(58496K) Class: 14987K(15232K)->14987K(15232K)
[65.008s][info][gc             ] GC(301) Pause Young (Allocation Failure) 591M->44M(1979M) 12.399ms
[65.008s][info][gc,cpu         ] GC(301) User=0.00s Sys=0.00s Real=0.00s
[65.146s][info][gc,start       ] GC(302) Pause Young (Allocation Failure)
[65.158s][info][gc,heap        ] GC(302) DefNew: 562746K(629120K)->3503K(629120K) Eden: 559232K(559232K)->0K(559232K) From: 3514K(69888K)->3503K(69888K)
[65.158s][info][gc,heap        ] GC(302) Tenured: 42506K(1398144K)->42506K(1398144K)
[65.158s][info][gc,metaspace   ] GC(302) Metaspace: 73253K(73728K)->73253K(73728K) NonClass: 58266K(58496K)->58266K(58496K) Class: 14987K(15232K)->14987K(15232K)
[65.158s][info][gc             ] GC(302) Pause Young (Allocation Failure) 591M->44M(1979M) 12.199ms
[65.158s][info][gc,cpu         ] GC(302) User=0.00s Sys=0.00s Real=0.00s
[65.296s][info][gc,start       ] GC(303) Pause Young (Allocation Failure)
[65.308s][info][gc,heap        ] GC(303) DefNew: 562735K(629120K)->3509K(629120K) Eden: 559232K(559232K)->0K(559232K) From: 3503K(69888K)->3509K(69888K)
[65.308s][info][gc,heap        ] GC(303) Tenured: 42506K(1398144K)->42506K(1398144K)
[65.308s][info][gc,metaspace   ] GC(303) Metaspace: 73253K(73728K)->73253K(73728K) NonClass: 58266K(58496K)->58266K(58496K) Class: 14987K(15232K)->14987K(15232K)
[65.308s][info][gc             ] GC(303) Pause Young (Allocation Failure) 591M->44M(1979M) 12.520ms
[65.308s][info][gc,cpu         ] GC(303) User=0.00s Sys=0.00s Real=0.00s
[65.446s][info][gc,start       ] GC(304) Pause Young (Allocation Failure)
[65.459s][info][gc,heap        ] GC(304) DefNew: 562741K(629120K)->3509K(629120K) Eden: 559232K(559232K)->0K(559232K) From: 3509K(69888K)->3509K(69888K)
[65.459s][info][gc,heap        ] GC(304) Tenured: 42506K(1398144K)->42506K(1398144K)
[65.459s][info][gc,metaspace   ] GC(304) Metaspace: 73253K(73728K)->73253K(73728K) NonClass: 58266K(58496K)->58266K(58496K) Class: 14987K(15232K)->14987K(15232K)
[65.459s][info][gc             ] GC(304) Pause Young (Allocation Failure) 591M->44M(1979M) 12.624ms
[65.459s][info][gc,cpu         ] GC(304) User=0.00s Sys=0.00s Real=0.00s
[65.597s][info][gc,start       ] GC(305) Pause Young (Allocation Failure)
[65.609s][info][gc,heap        ] GC(305) DefNew: 562741K(629120K)->3466K(629120K) Eden: 559232K(559232K)->0K(559232K) From: 3509K(69888K)->3466K(69888K)
[65.609s][info][gc,heap        ] GC(305) Tenured: 42506K(1398144K)->42506K(1398144K)
[65.609s][info][gc,metaspace   ] GC(305) Metaspace: 73253K(73728K)->73253K(73728K) NonClass: 58266K(58496K)->58266K(58496K) Class: 14987K(15232K)->14987K(15232K)
[65.610s][info][gc             ] GC(305) Pause Young (Allocation Failure) 591M->44M(1979M) 12.249ms
[65.610s][info][gc,cpu         ] GC(305) User=0.00s Sys=0.00s Real=0.00s
[65.748s][info][gc,start       ] GC(306) Pause Young (Allocation Failure)
[65.761s][info][gc,heap        ] GC(306) DefNew: 562698K(629120K)->3498K(629120K) Eden: 559232K(559232K)->0K(559232K) From: 3466K(69888K)->3498K(69888K)
[65.761s][info][gc,heap        ] GC(306) Tenured: 42506K(1398144K)->42506K(1398144K)
[65.761s][info][gc,metaspace   ] GC(306) Metaspace: 73253K(73728K)->73253K(73728K) NonClass: 58266K(58496K)->58266K(58496K) Class: 14987K(15232K)->14987K(15232K)
[65.762s][info][gc             ] GC(306) Pause Young (Allocation Failure) 591M->44M(1979M) 13.844ms
[65.762s][info][gc,cpu         ] GC(306) User=0.00s Sys=0.00s Real=0.00s
[65.901s][info][gc,start       ] GC(307) Pause Young (Allocation Failure)
[65.914s][info][gc,heap        ] GC(307) DefNew: 562730K(629120K)->3521K(629120K) Eden: 559232K(559232K)->0K(559232K) From: 3498K(69888K)->3521K(69888K)
[65.914s][info][gc,heap        ] GC(307) Tenured: 42506K(1398144K)->42506K(1398144K)
[65.914s][info][gc,metaspace   ] GC(307) Metaspace: 73253K(73728K)->73253K(73728K) NonClass: 58266K(58496K)->58266K(58496K) Class: 14987K(15232K)->14987K(15232K)
[65.914s][info][gc             ] GC(307) Pause Young (Allocation Failure) 591M->44M(1979M) 13.808ms
[65.914s][info][gc,cpu         ] GC(307) User=0.00s Sys=0.00s Real=0.00s
[66.053s][info][gc,start       ] GC(308) Pause Young (Allocation Failure)
[66.067s][info][gc,heap        ] GC(308) DefNew: 562753K(629120K)->3518K(629120K) Eden: 559232K(559232K)->0K(559232K) From: 3521K(69888K)->3518K(69888K)
[66.067s][info][gc,heap        ] GC(308) Tenured: 42506K(1398144K)->42506K(1398144K)
[66.067s][info][gc,metaspace   ] GC(308) Metaspace: 73253K(73728K)->73253K(73728K) NonClass: 58266K(58496K)->58266K(58496K) Class: 14987K(15232K)->14987K(15232K)
[66.067s][info][gc             ] GC(308) Pause Young (Allocation Failure) 591M->44M(1979M) 13.650ms
[66.067s][info][gc,cpu         ] GC(308) User=0.00s Sys=0.00s Real=0.00s
[66.207s][info][gc,start       ] GC(309) Pause Young (Allocation Failure)
[66.219s][info][gc,heap        ] GC(309) DefNew: 562750K(629120K)->3513K(629120K) Eden: 559232K(559232K)->0K(559232K) From: 3518K(69888K)->3513K(69888K)
[66.220s][info][gc,heap        ] GC(309) Tenured: 42506K(1398144K)->42506K(1398144K)
[66.220s][info][gc,metaspace   ] GC(309) Metaspace: 73253K(73728K)->73253K(73728K) NonClass: 58266K(58496K)->58266K(58496K) Class: 14987K(15232K)->14987K(15232K)
[66.220s][info][gc             ] GC(309) Pause Young (Allocation Failure) 591M->44M(1979M) 12.849ms
[66.220s][info][gc,cpu         ] GC(309) User=0.00s Sys=0.00s Real=0.00s
[66.360s][info][gc,start       ] GC(310) Pause Young (Allocation Failure)
[66.372s][info][gc,heap        ] GC(310) DefNew: 562745K(629120K)->3469K(629120K) Eden: 559232K(559232K)->0K(559232K) From: 3513K(69888K)->3469K(69888K)
[66.372s][info][gc,heap        ] GC(310) Tenured: 42506K(1398144K)->42506K(1398144K)
[66.372s][info][gc,metaspace   ] GC(310) Metaspace: 73253K(73728K)->73253K(73728K) NonClass: 58266K(58496K)->58266K(58496K) Class: 14987K(15232K)->14987K(15232K)
[66.372s][info][gc             ] GC(310) Pause Young (Allocation Failure) 591M->44M(1979M) 12.538ms
[66.372s][info][gc,cpu         ] GC(310) User=0.00s Sys=0.00s Real=0.00s
[66.511s][info][gc,start       ] GC(311) Pause Young (Allocation Failure)
[66.525s][info][gc,heap        ] GC(311) DefNew: 562701K(629120K)->3521K(629120K) Eden: 559232K(559232K)->0K(559232K) From: 3469K(69888K)->3521K(69888K)
[66.525s][info][gc,heap        ] GC(311) Tenured: 42506K(1398144K)->42506K(1398144K)
[66.525s][info][gc,metaspace   ] GC(311) Metaspace: 73253K(73728K)->73253K(73728K) NonClass: 58266K(58496K)->58266K(58496K) Class: 14987K(15232K)->14987K(15232K)
[66.525s][info][gc             ] GC(311) Pause Young (Allocation Failure) 591M->44M(1979M) 13.913ms
[66.525s][info][gc,cpu         ] GC(311) User=0.02s Sys=0.00s Real=0.01s
[66.664s][info][gc,start       ] GC(312) Pause Young (Allocation Failure)
[66.677s][info][gc,heap        ] GC(312) DefNew: 562753K(629120K)->3497K(629120K) Eden: 559232K(559232K)->0K(559232K) From: 3521K(69888K)->3497K(69888K)
[66.677s][info][gc,heap        ] GC(312) Tenured: 42506K(1398144K)->42506K(1398144K)
[66.677s][info][gc,metaspace   ] GC(312) Metaspace: 73253K(73728K)->73253K(73728K) NonClass: 58266K(58496K)->58266K(58496K) Class: 14987K(15232K)->14987K(15232K)
[66.677s][info][gc             ] GC(312) Pause Young (Allocation Failure) 591M->44M(1979M) 13.122ms
[66.677s][info][gc,cpu         ] GC(312) User=0.00s Sys=0.00s Real=0.00s
[66.817s][info][gc,start       ] GC(313) Pause Young (Allocation Failure)
[66.829s][info][gc,heap        ] GC(313) DefNew: 562729K(629120K)->3445K(629120K) Eden: 559232K(559232K)->0K(559232K) From: 3497K(69888K)->3445K(69888K)
[66.829s][info][gc,heap        ] GC(313) Tenured: 42506K(1398144K)->42506K(1398144K)
[66.829s][info][gc,metaspace   ] GC(313) Metaspace: 73254K(73728K)->73254K(73728K) NonClass: 58266K(58496K)->58266K(58496K) Class: 14987K(15232K)->14987K(15232K)
[66.830s][info][gc             ] GC(313) Pause Young (Allocation Failure) 591M->44M(1979M) 12.522ms
[66.830s][info][gc,cpu         ] GC(313) User=0.00s Sys=0.00s Real=0.00s
[66.970s][info][gc,start       ] GC(314) Pause Young (Allocation Failure)
[66.983s][info][gc,heap        ] GC(314) DefNew: 562677K(629120K)->1503K(629120K) Eden: 559232K(559232K)->0K(559232K) From: 3445K(69888K)->1503K(69888K)
[66.983s][info][gc,heap        ] GC(314) Tenured: 42506K(1398144K)->44558K(1398144K)
[66.983s][info][gc,metaspace   ] GC(314) Metaspace: 73254K(73728K)->73254K(73728K) NonClass: 58266K(58496K)->58266K(58496K) Class: 14987K(15232K)->14987K(15232K)
[66.983s][info][gc             ] GC(314) Pause Young (Allocation Failure) 590M->44M(1979M) 13.369ms
[66.983s][info][gc,cpu         ] GC(314) User=0.02s Sys=0.00s Real=0.01s
[67.123s][info][gc,start       ] GC(315) Pause Young (Allocation Failure)
[67.133s][info][gc,heap        ] GC(315) DefNew: 560735K(629120K)->1456K(629120K) Eden: 559232K(559232K)->0K(559232K) From: 1503K(69888K)->1456K(69888K)
[67.133s][info][gc,heap        ] GC(315) Tenured: 44558K(1398144K)->44559K(1398144K)
[67.133s][info][gc,metaspace   ] GC(315) Metaspace: 73254K(73728K)->73254K(73728K) NonClass: 58266K(58496K)->58266K(58496K) Class: 14987K(15232K)->14987K(15232K)
[67.133s][info][gc             ] GC(315) Pause Young (Allocation Failure) 591M->44M(1979M) 9.792ms
[67.133s][info][gc,cpu         ] GC(315) User=0.00s Sys=0.00s Real=0.00s
[67.272s][info][gc,start       ] GC(316) Pause Young (Allocation Failure)
[67.281s][info][gc,heap        ] GC(316) DefNew: 560688K(629120K)->1451K(629120K) Eden: 559232K(559232K)->0K(559232K) From: 1456K(69888K)->1451K(69888K)
[67.281s][info][gc,heap        ] GC(316) Tenured: 44559K(1398144K)->44559K(1398144K)
[67.281s][info][gc,metaspace   ] GC(316) Metaspace: 73254K(73728K)->73254K(73728K) NonClass: 58266K(58496K)->58266K(58496K) Class: 14987K(15232K)->14987K(15232K)
[67.281s][info][gc             ] GC(316) Pause Young (Allocation Failure) 591M->44M(1979M) 9.240ms
[67.281s][info][gc,cpu         ] GC(316) User=0.00s Sys=0.00s Real=0.00s
[67.420s][info][gc,start       ] GC(317) Pause Young (Allocation Failure)
[67.447s][info][gc,heap        ] GC(317) DefNew: 560683K(629120K)->1492K(629120K) Eden: 559232K(559232K)->0K(559232K) From: 1451K(69888K)->1492K(69888K)
[67.448s][info][gc,heap        ] GC(317) Tenured: 44559K(1398144K)->44559K(1398144K)
[67.448s][info][gc,metaspace   ] GC(317) Metaspace: 73254K(73728K)->73254K(73728K) NonClass: 58266K(58496K)->58266K(58496K) Class: 14987K(15232K)->14987K(15232K)
[67.448s][info][gc             ] GC(317) Pause Young (Allocation Failure) 591M->44M(1979M) 28.118ms
[67.448s][info][gc,cpu         ] GC(317) User=0.00s Sys=0.00s Real=0.02s
[67.592s][info][gc,start       ] GC(318) Pause Young (Allocation Failure)
[67.601s][info][gc,heap        ] GC(318) DefNew: 560724K(629120K)->1499K(629120K) Eden: 559232K(559232K)->0K(559232K) From: 1492K(69888K)->1499K(69888K)
[67.601s][info][gc,heap        ] GC(318) Tenured: 44559K(1398144K)->44559K(1398144K)
[67.601s][info][gc,metaspace   ] GC(318) Metaspace: 73254K(73728K)->73254K(73728K) NonClass: 58266K(58496K)->58266K(58496K) Class: 14987K(15232K)->14987K(15232K)
[67.601s][info][gc             ] GC(318) Pause Young (Allocation Failure) 591M->44M(1979M) 8.924ms
[67.601s][info][gc,cpu         ] GC(318) User=0.00s Sys=0.00s Real=0.00s
[67.739s][info][gc,start       ] GC(319) Pause Young (Allocation Failure)
[67.748s][info][gc,heap        ] GC(319) DefNew: 560731K(629120K)->1483K(629120K) Eden: 559232K(559232K)->0K(559232K) From: 1499K(69888K)->1483K(69888K)
[67.748s][info][gc,heap        ] GC(319) Tenured: 44559K(1398144K)->44559K(1398144K)
[67.748s][info][gc,metaspace   ] GC(319) Metaspace: 73254K(73728K)->73254K(73728K) NonClass: 58266K(58496K)->58266K(58496K) Class: 14987K(15232K)->14987K(15232K)
[67.748s][info][gc             ] GC(319) Pause Young (Allocation Failure) 591M->44M(1979M) 8.769ms
[67.748s][info][gc,cpu         ] GC(319) User=0.00s Sys=0.00s Real=0.00s
[67.886s][info][gc,start       ] GC(320) Pause Young (Allocation Failure)
[67.895s][info][gc,heap        ] GC(320) DefNew: 560715K(629120K)->1490K(629120K) Eden: 559232K(559232K)->0K(559232K) From: 1483K(69888K)->1490K(69888K)
[67.895s][info][gc,heap        ] GC(320) Tenured: 44559K(1398144K)->44575K(1398144K)
[67.895s][info][gc,metaspace   ] GC(320) Metaspace: 73254K(73728K)->73254K(73728K) NonClass: 58266K(58496K)->58266K(58496K) Class: 14987K(15232K)->14987K(15232K)
[67.895s][info][gc             ] GC(320) Pause Young (Allocation Failure) 591M->44M(1979M) 8.894ms
[67.895s][info][gc,cpu         ] GC(320) User=0.00s Sys=0.00s Real=0.00s
[68.034s][info][gc,start       ] GC(321) Pause Young (Allocation Failure)
[68.042s][info][gc,heap        ] GC(321) DefNew: 560722K(629120K)->1454K(629120K) Eden: 559232K(559232K)->0K(559232K) From: 1490K(69888K)->1454K(69888K)
[68.042s][info][gc,heap        ] GC(321) Tenured: 44575K(1398144K)->44576K(1398144K)
[68.042s][info][gc,metaspace   ] GC(321) Metaspace: 73254K(73728K)->73254K(73728K) NonClass: 58266K(58496K)->58266K(58496K) Class: 14987K(15232K)->14987K(15232K)
[68.042s][info][gc             ] GC(321) Pause Young (Allocation Failure) 591M->44M(1979M) 8.613ms
[68.042s][info][gc,cpu         ] GC(321) User=0.00s Sys=0.00s Real=0.00s
[68.181s][info][gc,start       ] GC(322) Pause Young (Allocation Failure)
[68.189s][info][gc,heap        ] GC(322) DefNew: 560686K(629120K)->1481K(629120K) Eden: 559232K(559232K)->0K(559232K) From: 1454K(69888K)->1481K(69888K)
[68.190s][info][gc,heap        ] GC(322) Tenured: 44576K(1398144K)->44576K(1398144K)
[68.190s][info][gc,metaspace   ] GC(322) Metaspace: 73254K(73728K)->73254K(73728K) NonClass: 58266K(58496K)->58266K(58496K) Class: 14987K(15232K)->14987K(15232K)
[68.190s][info][gc             ] GC(322) Pause Young (Allocation Failure) 591M->44M(1979M) 8.852ms
[68.190s][info][gc,cpu         ] GC(322) User=0.00s Sys=0.00s Real=0.00s
[68.328s][info][gc,start       ] GC(323) Pause Young (Allocation Failure)
[68.337s][info][gc,heap        ] GC(323) DefNew: 560713K(629120K)->1487K(629120K) Eden: 559232K(559232K)->0K(559232K) From: 1481K(69888K)->1487K(69888K)
[68.337s][info][gc,heap        ] GC(323) Tenured: 44576K(1398144K)->44576K(1398144K)
[68.337s][info][gc,metaspace   ] GC(323) Metaspace: 73254K(73728K)->73254K(73728K) NonClass: 58266K(58496K)->58266K(58496K) Class: 14987K(15232K)->14987K(15232K)
[68.337s][info][gc             ] GC(323) Pause Young (Allocation Failure) 591M->44M(1979M) 8.896ms
[68.337s][info][gc,cpu         ] GC(323) User=0.00s Sys=0.00s Real=0.00s
[68.475s][info][gc,start       ] GC(324) Pause Young (Allocation Failure)
[68.484s][info][gc,heap        ] GC(324) DefNew: 560719K(629120K)->1501K(629120K) Eden: 559232K(559232K)->0K(559232K) From: 1487K(69888K)->1501K(69888K)
[68.484s][info][gc,heap        ] GC(324) Tenured: 44576K(1398144K)->44576K(1398144K)
[68.484s][info][gc,metaspace   ] GC(324) Metaspace: 73254K(73728K)->73254K(73728K) NonClass: 58266K(58496K)->58266K(58496K) Class: 14987K(15232K)->14987K(15232K)
[68.484s][info][gc             ] GC(324) Pause Young (Allocation Failure) 591M->44M(1979M) 8.967ms
[68.484s][info][gc,cpu         ] GC(324) User=0.00s Sys=0.00s Real=0.00s
[68.623s][info][gc,start       ] GC(325) Pause Young (Allocation Failure)
[68.632s][info][gc,heap        ] GC(325) DefNew: 560733K(629120K)->1489K(629120K) Eden: 559232K(559232K)->0K(559232K) From: 1501K(69888K)->1489K(69888K)
[68.632s][info][gc,heap        ] GC(325) Tenured: 44576K(1398144K)->44576K(1398144K)
[68.632s][info][gc,metaspace   ] GC(325) Metaspace: 73254K(73728K)->73254K(73728K) NonClass: 58266K(58496K)->58266K(58496K) Class: 14987K(15232K)->14987K(15232K)
[68.632s][info][gc             ] GC(325) Pause Young (Allocation Failure) 591M->44M(1979M) 8.895ms
[68.632s][info][gc,cpu         ] GC(325) User=0.00s Sys=0.00s Real=0.00s
[68.770s][info][gc,start       ] GC(326) Pause Young (Allocation Failure)
[68.779s][info][gc,heap        ] GC(326) DefNew: 560721K(629120K)->1530K(629120K) Eden: 559232K(559232K)->0K(559232K) From: 1489K(69888K)->1530K(69888K)
[68.779s][info][gc,heap        ] GC(326) Tenured: 44576K(1398144K)->44576K(1398144K)
[68.779s][info][gc,metaspace   ] GC(326) Metaspace: 73254K(73728K)->73254K(73728K) NonClass: 58266K(58496K)->58266K(58496K) Class: 14987K(15232K)->14987K(15232K)
[68.779s][info][gc             ] GC(326) Pause Young (Allocation Failure) 591M->45M(1979M) 8.934ms
[68.779s][info][gc,cpu         ] GC(326) User=0.02s Sys=0.00s Real=0.01s
[68.918s][info][gc,start       ] GC(327) Pause Young (Allocation Failure)
[69.016s][info][gc,heap        ] GC(327) DefNew: 560762K(629120K)->1505K(629120K) Eden: 559232K(559232K)->0K(559232K) From: 1530K(69888K)->1505K(69888K)
[69.016s][info][gc,heap        ] GC(327) Tenured: 44576K(1398144K)->44593K(1398144K)
[69.016s][info][gc,metaspace   ] GC(327) Metaspace: 73254K(73728K)->73254K(73728K) NonClass: 58266K(58496K)->58266K(58496K) Class: 14987K(15232K)->14987K(15232K)
[69.016s][info][gc             ] GC(327) Pause Young (Allocation Failure) 591M->45M(1979M) 98.316ms
[69.016s][info][gc,cpu         ] GC(327) User=0.02s Sys=0.00s Real=0.10s
[69.164s][info][gc,start       ] GC(328) Pause Young (Allocation Failure)
[69.173s][info][gc,heap        ] GC(328) DefNew: 560737K(629120K)->1453K(629120K) Eden: 559232K(559232K)->0K(559232K) From: 1505K(69888K)->1453K(69888K)
[69.173s][info][gc,heap        ] GC(328) Tenured: 44593K(1398144K)->44593K(1398144K)
[69.173s][info][gc,metaspace   ] GC(328) Metaspace: 73254K(73728K)->73254K(73728K) NonClass: 58266K(58496K)->58266K(58496K) Class: 14987K(15232K)->14987K(15232K)
[69.173s][info][gc             ] GC(328) Pause Young (Allocation Failure) 591M->44M(1979M) 9.668ms
[69.173s][info][gc,cpu         ] GC(328) User=0.02s Sys=0.00s Real=0.00s
[69.312s][info][gc,start       ] GC(329) Pause Young (Allocation Failure)
[69.322s][info][gc,heap        ] GC(329) DefNew: 560685K(629120K)->1465K(629120K) Eden: 559232K(559232K)->0K(559232K) From: 1453K(69888K)->1465K(69888K)
[69.322s][info][gc,heap        ] GC(329) Tenured: 44593K(1398144K)->44593K(1398144K)
[69.322s][info][gc,metaspace   ] GC(329) Metaspace: 73254K(73728K)->73254K(73728K) NonClass: 58266K(58496K)->58266K(58496K) Class: 14987K(15232K)->14987K(15232K)
[69.322s][info][gc             ] GC(329) Pause Young (Allocation Failure) 591M->44M(1979M) 9.464ms
[69.322s][info][gc,cpu         ] GC(329) User=0.02s Sys=0.00s Real=0.01s
[69.463s][info][gc,start       ] GC(330) Pause Young (Allocation Failure)
[69.471s][info][gc,heap        ] GC(330) DefNew: 560697K(629120K)->1434K(629120K) Eden: 559232K(559232K)->0K(559232K) From: 1465K(69888K)->1434K(69888K)
[69.471s][info][gc,heap        ] GC(330) Tenured: 44593K(1398144K)->44632K(1398144K)
[69.471s][info][gc,metaspace   ] GC(330) Metaspace: 73266K(73728K)->73266K(73728K) NonClass: 58278K(58496K)->58278K(58496K) Class: 14987K(15232K)->14987K(15232K)
[69.472s][info][gc             ] GC(330) Pause Young (Allocation Failure) 591M->44M(1979M) 9.029ms
[69.472s][info][gc,cpu         ] GC(330) User=0.00s Sys=0.00s Real=0.00s
[69.613s][info][gc,start       ] GC(331) Pause Young (Allocation Failure)
[69.622s][info][gc,heap        ] GC(331) DefNew: 560666K(629120K)->1504K(629120K) Eden: 559232K(559232K)->0K(559232K) From: 1434K(69888K)->1504K(69888K)
[69.622s][info][gc,heap        ] GC(331) Tenured: 44632K(1398144K)->44632K(1398144K)
[69.622s][info][gc,metaspace   ] GC(331) Metaspace: 73266K(73728K)->73266K(73728K) NonClass: 58278K(58496K)->58278K(58496K) Class: 14987K(15232K)->14987K(15232K)
[69.622s][info][gc             ] GC(331) Pause Young (Allocation Failure) 591M->45M(1979M) 8.945ms
[69.622s][info][gc,cpu         ] GC(331) User=0.00s Sys=0.00s Real=0.00s
[69.762s][info][gc,start       ] GC(332) Pause Young (Allocation Failure)
[69.771s][info][gc,heap        ] GC(332) DefNew: 560736K(629120K)->1513K(629120K) Eden: 559232K(559232K)->0K(559232K) From: 1504K(69888K)->1513K(69888K)
[69.771s][info][gc,heap        ] GC(332) Tenured: 44632K(1398144K)->44632K(1398144K)
[69.771s][info][gc,metaspace   ] GC(332) Metaspace: 73266K(73728K)->73266K(73728K) NonClass: 58278K(58496K)->58278K(58496K) Class: 14987K(15232K)->14987K(15232K)
[69.771s][info][gc             ] GC(332) Pause Young (Allocation Failure) 591M->45M(1979M) 8.620ms
[69.771s][info][gc,cpu         ] GC(332) User=0.00s Sys=0.00s Real=0.00s
[69.915s][info][gc,start       ] GC(333) Pause Young (Allocation Failure)
[69.923s][info][gc,heap        ] GC(333) DefNew: 560745K(629120K)->1490K(629120K) Eden: 559232K(559232K)->0K(559232K) From: 1513K(69888K)->1490K(69888K)
[69.923s][info][gc,heap        ] GC(333) Tenured: 44632K(1398144K)->44648K(1398144K)
[69.923s][info][gc,metaspace   ] GC(333) Metaspace: 73266K(73728K)->73266K(73728K) NonClass: 58278K(58496K)->58278K(58496K) Class: 14987K(15232K)->14987K(15232K)
[69.923s][info][gc             ] GC(333) Pause Young (Allocation Failure) 591M->45M(1979M) 8.313ms
[69.923s][info][gc,cpu         ] GC(333) User=0.00s Sys=0.00s Real=0.00s
[70.075s][info][gc,start       ] GC(334) Pause Young (Allocation Failure)
[70.082s][info][gc,heap        ] GC(334) DefNew: 560722K(629120K)->1423K(629120K) Eden: 559232K(559232K)->0K(559232K) From: 1490K(69888K)->1423K(69888K)
[70.082s][info][gc,heap        ] GC(334) Tenured: 44648K(1398144K)->44648K(1398144K)
[70.082s][info][gc,metaspace   ] GC(334) Metaspace: 73266K(73728K)->73266K(73728K) NonClass: 58278K(58496K)->58278K(58496K) Class: 14987K(15232K)->14987K(15232K)
[70.083s][info][gc             ] GC(334) Pause Young (Allocation Failure) 591M->44M(1979M) 7.865ms
[70.083s][info][gc,cpu         ] GC(334) User=0.00s Sys=0.00s Real=0.00s
[70.252s][info][gc,start       ] GC(335) Pause Young (Allocation Failure)
[70.258s][info][gc,heap        ] GC(335) DefNew: 560655K(629120K)->1391K(629120K) Eden: 559232K(559232K)->0K(559232K) From: 1423K(69888K)->1391K(69888K)
[70.259s][info][gc,heap        ] GC(335) Tenured: 44648K(1398144K)->44648K(1398144K)
[70.259s][info][gc,metaspace   ] GC(335) Metaspace: 73266K(73728K)->73266K(73728K) NonClass: 58278K(58496K)->58278K(58496K) Class: 14987K(15232K)->14987K(15232K)
[70.259s][info][gc             ] GC(335) Pause Young (Allocation Failure) 591M->44M(1979M) 6.896ms
[70.259s][info][gc,cpu         ] GC(335) User=0.02s Sys=0.00s Real=0.02s
[70.471s][info][gc,start       ] GC(336) Pause Young (Allocation Failure)
[70.477s][info][gc,heap        ] GC(336) DefNew: 560623K(629120K)->1373K(629120K) Eden: 559232K(559232K)->0K(559232K) From: 1391K(69888K)->1373K(69888K)
[70.477s][info][gc,heap        ] GC(336) Tenured: 44648K(1398144K)->44648K(1398144K)
[70.477s][info][gc,metaspace   ] GC(336) Metaspace: 73266K(73728K)->73266K(73728K) NonClass: 58278K(58496K)->58278K(58496K) Class: 14987K(15232K)->14987K(15232K)
[70.477s][info][gc             ] GC(336) Pause Young (Allocation Failure) 591M->44M(1979M) 6.128ms
[70.477s][info][gc,cpu         ] GC(336) User=0.00s Sys=0.00s Real=0.00s
[70.731s][info][gc,start       ] GC(337) Pause Young (Allocation Failure)
[70.737s][info][gc,heap        ] GC(337) DefNew: 560605K(629120K)->1388K(629120K) Eden: 559232K(559232K)->0K(559232K) From: 1373K(69888K)->1388K(69888K)
[70.737s][info][gc,heap        ] GC(337) Tenured: 44648K(1398144K)->44648K(1398144K)
[70.737s][info][gc,metaspace   ] GC(337) Metaspace: 73266K(73728K)->73266K(73728K) NonClass: 58278K(58496K)->58278K(58496K) Class: 14987K(15232K)->14987K(15232K)
[70.737s][info][gc             ] GC(337) Pause Young (Allocation Failure) 591M->44M(1979M) 5.236ms
[70.737s][info][gc,cpu         ] GC(337) User=0.00s Sys=0.00s Real=0.00s
[71.077s][info][gc,start       ] GC(338) Pause Young (Allocation Failure)
[71.082s][info][gc,heap        ] GC(338) DefNew: 560620K(629120K)->1381K(629120K) Eden: 559232K(559232K)->0K(559232K) From: 1388K(69888K)->1381K(69888K)
[71.082s][info][gc,heap        ] GC(338) Tenured: 44648K(1398144K)->44648K(1398144K)
[71.082s][info][gc,metaspace   ] GC(338) Metaspace: 73266K(73728K)->73266K(73728K) NonClass: 58278K(58496K)->58278K(58496K) Class: 14987K(15232K)->14987K(15232K)
[71.082s][info][gc             ] GC(338) Pause Young (Allocation Failure) 591M->44M(1979M) 4.767ms
[71.082s][info][gc,cpu         ] GC(338) User=0.00s Sys=0.00s Real=0.00s
[71.448s][info][gc,start       ] GC(339) Pause Young (Allocation Failure)
[71.452s][info][gc,heap        ] GC(339) DefNew: 560613K(629120K)->1372K(629120K) Eden: 559232K(559232K)->0K(559232K) From: 1381K(69888K)->1372K(69888K)
[71.452s][info][gc,heap        ] GC(339) Tenured: 44648K(1398144K)->44648K(1398144K)
[71.452s][info][gc,metaspace   ] GC(339) Metaspace: 73266K(73728K)->73266K(73728K) NonClass: 58278K(58496K)->58278K(58496K) Class: 14987K(15232K)->14987K(15232K)
[71.452s][info][gc             ] GC(339) Pause Young (Allocation Failure) 591M->44M(1979M) 4.317ms
[71.452s][info][gc,cpu         ] GC(339) User=0.00s Sys=0.00s Real=0.00s
[71.678s][info][gc,start       ] GC(340) Pause Full (System.gc())
[71.679s][info][gc,phases,start] GC(340) Phase 1: Mark live objects
[71.727s][info][gc,phases      ] GC(340) Phase 1: Mark live objects 48.055ms
[71.727s][info][gc,phases,start] GC(340) Phase 2: Compute new object addresses
[71.846s][info][gc,phases      ] GC(340) Phase 2: Compute new object addresses 119.564ms
[71.846s][info][gc,phases,start] GC(340) Phase 3: Adjust pointers
[71.871s][info][gc,phases      ] GC(340) Phase 3: Adjust pointers 24.684ms
[71.871s][info][gc,phases,start] GC(340) Phase 4: Move objects
[71.872s][info][gc,phases      ] GC(340) Phase 4: Move objects 1.097ms
[71.872s][info][gc,heap        ] GC(340) DefNew: 329982K(629120K)->0K(629120K) Eden: 328610K(559232K)->0K(559232K) From: 1372K(69888K)->0K(69888K)
[71.872s][info][gc,heap        ] GC(340) Tenured: 44648K(1398144K)->45944K(1398144K)
[71.872s][info][gc,metaspace   ] GC(340) Metaspace: 73305K(73792K)->73305K(73792K) NonClass: 58317K(58560K)->58317K(58560K) Class: 14987K(15232K)->14987K(15232K)
[71.873s][info][gc             ] GC(340) Pause Full (System.gc()) 365M->44M(1979M) 194.169ms
[71.873s][info][gc,cpu         ] GC(340) User=0.19s Sys=0.00s Real=0.19s
[72.038s][info][gc,start       ] GC(341) Pause Young (Allocation Failure)
[72.053s][info][gc,heap        ] GC(341) DefNew: 559232K(629120K)->3487K(629120K) Eden: 559232K(559232K)->0K(559232K) From: 0K(69888K)->3487K(69888K)
[72.053s][info][gc,heap        ] GC(341) Tenured: 45944K(1398144K)->45944K(1398144K)
[72.053s][info][gc,metaspace   ] GC(341) Metaspace: 73432K(73920K)->73432K(73920K) NonClass: 58444K(58688K)->58444K(58688K) Class: 14987K(15232K)->14987K(15232K)
[72.053s][info][gc             ] GC(341) Pause Young (Allocation Failure) 590M->48M(1979M) 15.020ms
[72.053s][info][gc,cpu         ] GC(341) User=0.00s Sys=0.00s Real=0.00s
[72.192s][info][gc,start       ] GC(342) Pause Young (Allocation Failure)
[72.204s][info][gc,heap        ] GC(342) DefNew: 562719K(629120K)->3427K(629120K) Eden: 559232K(559232K)->0K(559232K) From: 3487K(69888K)->3427K(69888K)
[72.204s][info][gc,heap        ] GC(342) Tenured: 45944K(1398144K)->45944K(1398144K)
[72.204s][info][gc,metaspace   ] GC(342) Metaspace: 73432K(73920K)->73432K(73920K) NonClass: 58444K(58688K)->58444K(58688K) Class: 14987K(15232K)->14987K(15232K)
[72.204s][info][gc             ] GC(342) Pause Young (Allocation Failure) 594M->48M(1979M) 12.303ms
[72.204s][info][gc,cpu         ] GC(342) User=0.00s Sys=0.00s Real=0.00s
[72.343s][info][gc,start       ] GC(343) Pause Young (Allocation Failure)
[72.355s][info][gc,heap        ] GC(343) DefNew: 562659K(629120K)->3404K(629120K) Eden: 559232K(559232K)->0K(559232K) From: 3427K(69888K)->3404K(69888K)
[72.355s][info][gc,heap        ] GC(343) Tenured: 45944K(1398144K)->45944K(1398144K)
[72.355s][info][gc,metaspace   ] GC(343) Metaspace: 73432K(73920K)->73432K(73920K) NonClass: 58444K(58688K)->58444K(58688K) Class: 14987K(15232K)->14987K(15232K)
[72.355s][info][gc             ] GC(343) Pause Young (Allocation Failure) 594M->48M(1979M) 11.942ms
[72.355s][info][gc,cpu         ] GC(343) User=0.00s Sys=0.00s Real=0.00s
[72.494s][info][gc,start       ] GC(344) Pause Young (Allocation Failure)
[72.505s][info][gc,heap        ] GC(344) DefNew: 562636K(629120K)->3397K(629120K) Eden: 559232K(559232K)->0K(559232K) From: 3404K(69888K)->3397K(69888K)
[72.506s][info][gc,heap        ] GC(344) Tenured: 45944K(1398144K)->45944K(1398144K)
[72.506s][info][gc,metaspace   ] GC(344) Metaspace: 73432K(73920K)->73432K(73920K) NonClass: 58444K(58688K)->58444K(58688K) Class: 14987K(15232K)->14987K(15232K)
[72.506s][info][gc             ] GC(344) Pause Young (Allocation Failure) 594M->48M(1979M) 12.064ms
[72.506s][info][gc,cpu         ] GC(344) User=0.00s Sys=0.00s Real=0.00s
[72.644s][info][gc,start       ] GC(345) Pause Young (Allocation Failure)
[72.657s][info][gc,heap        ] GC(345) DefNew: 562629K(629120K)->3475K(629120K) Eden: 559232K(559232K)->0K(559232K) From: 3397K(69888K)->3475K(69888K)
[72.657s][info][gc,heap        ] GC(345) Tenured: 45944K(1398144K)->45944K(1398144K)
[72.657s][info][gc,metaspace   ] GC(345) Metaspace: 73432K(73920K)->73432K(73920K) NonClass: 58444K(58688K)->58444K(58688K) Class: 14987K(15232K)->14987K(15232K)
[72.657s][info][gc             ] GC(345) Pause Young (Allocation Failure) 594M->48M(1979M) 12.364ms
[72.657s][info][gc,cpu         ] GC(345) User=0.00s Sys=0.00s Real=0.00s
[72.796s][info][gc,start       ] GC(346) Pause Young (Allocation Failure)
[72.808s][info][gc,heap        ] GC(346) DefNew: 562707K(629120K)->3448K(629120K) Eden: 559232K(559232K)->0K(559232K) From: 3475K(69888K)->3448K(69888K)
[72.808s][info][gc,heap        ] GC(346) Tenured: 45944K(1398144K)->45944K(1398144K)
[72.808s][info][gc,metaspace   ] GC(346) Metaspace: 73432K(73920K)->73432K(73920K) NonClass: 58444K(58688K)->58444K(58688K) Class: 14987K(15232K)->14987K(15232K)
[72.808s][info][gc             ] GC(346) Pause Young (Allocation Failure) 594M->48M(1979M) 12.204ms
[72.808s][info][gc,cpu         ] GC(346) User=0.00s Sys=0.00s Real=0.00s
[72.948s][info][gc,start       ] GC(347) Pause Young (Allocation Failure)
[72.960s][info][gc,heap        ] GC(347) DefNew: 562680K(629120K)->3508K(629120K) Eden: 559232K(559232K)->0K(559232K) From: 3448K(69888K)->3508K(69888K)
[72.960s][info][gc,heap        ] GC(347) Tenured: 45944K(1398144K)->45944K(1398144K)
[72.960s][info][gc,metaspace   ] GC(347) Metaspace: 73432K(73920K)->73432K(73920K) NonClass: 58444K(58688K)->58444K(58688K) Class: 14987K(15232K)->14987K(15232K)
[72.960s][info][gc             ] GC(347) Pause Young (Allocation Failure) 594M->48M(1979M) 12.489ms
[72.960s][info][gc,cpu         ] GC(347) User=0.00s Sys=0.00s Real=0.00s
[73.100s][info][gc,start       ] GC(348) Pause Young (Allocation Failure)
[73.112s][info][gc,heap        ] GC(348) DefNew: 562740K(629120K)->3485K(629120K) Eden: 559232K(559232K)->0K(559232K) From: 3508K(69888K)->3485K(69888K)
[73.112s][info][gc,heap        ] GC(348) Tenured: 45944K(1398144K)->45944K(1398144K)
[73.112s][info][gc,metaspace   ] GC(348) Metaspace: 73432K(73920K)->73432K(73920K) NonClass: 58444K(58688K)->58444K(58688K) Class: 14987K(15232K)->14987K(15232K)
[73.112s][info][gc             ] GC(348) Pause Young (Allocation Failure) 594M->48M(1979M) 12.247ms
[73.112s][info][gc,cpu         ] GC(348) User=0.00s Sys=0.00s Real=0.00s
[73.251s][info][gc,start       ] GC(349) Pause Young (Allocation Failure)
[73.265s][info][gc,heap        ] GC(349) DefNew: 562717K(629120K)->3462K(629120K) Eden: 559232K(559232K)->0K(559232K) From: 3485K(69888K)->3462K(69888K)
[73.265s][info][gc,heap        ] GC(349) Tenured: 45944K(1398144K)->45944K(1398144K)
[73.265s][info][gc,metaspace   ] GC(349) Metaspace: 73432K(73920K)->73432K(73920K) NonClass: 58444K(58688K)->58444K(58688K) Class: 14987K(15232K)->14987K(15232K)
[73.265s][info][gc             ] GC(349) Pause Young (Allocation Failure) 594M->48M(1979M) 13.629ms
[73.265s][info][gc,cpu         ] GC(349) User=0.00s Sys=0.00s Real=0.00s
[73.405s][info][gc,start       ] GC(350) Pause Young (Allocation Failure)
[73.418s][info][gc,heap        ] GC(350) DefNew: 562694K(629120K)->3450K(629120K) Eden: 559232K(559232K)->0K(559232K) From: 3462K(69888K)->3450K(69888K)
[73.418s][info][gc,heap        ] GC(350) Tenured: 45944K(1398144K)->45944K(1398144K)
[73.418s][info][gc,metaspace   ] GC(350) Metaspace: 73432K(73920K)->73432K(73920K) NonClass: 58444K(58688K)->58444K(58688K) Class: 14987K(15232K)->14987K(15232K)
[73.418s][info][gc             ] GC(350) Pause Young (Allocation Failure) 594M->48M(1979M) 12.721ms
[73.418s][info][gc,cpu         ] GC(350) User=0.00s Sys=0.00s Real=0.00s
[73.557s][info][gc,start       ] GC(351) Pause Young (Allocation Failure)
[73.570s][info][gc,heap        ] GC(351) DefNew: 562682K(629120K)->3470K(629120K) Eden: 559232K(559232K)->0K(559232K) From: 3450K(69888K)->3470K(69888K)
[73.570s][info][gc,heap        ] GC(351) Tenured: 45944K(1398144K)->45944K(1398144K)
[73.570s][info][gc,metaspace   ] GC(351) Metaspace: 73432K(73920K)->73432K(73920K) NonClass: 58444K(58688K)->58444K(58688K) Class: 14987K(15232K)->14987K(15232K)
[73.570s][info][gc             ] GC(351) Pause Young (Allocation Failure) 594M->48M(1979M) 13.829ms
[73.571s][info][gc,cpu         ] GC(351) User=0.00s Sys=0.00s Real=0.00s
[73.710s][info][gc,start       ] GC(352) Pause Young (Allocation Failure)
[73.723s][info][gc,heap        ] GC(352) DefNew: 562702K(629120K)->3494K(629120K) Eden: 559232K(559232K)->0K(559232K) From: 3470K(69888K)->3494K(69888K)
[73.723s][info][gc,heap        ] GC(352) Tenured: 45944K(1398144K)->45944K(1398144K)
[73.723s][info][gc,metaspace   ] GC(352) Metaspace: 73432K(73920K)->73432K(73920K) NonClass: 58444K(58688K)->58444K(58688K) Class: 14987K(15232K)->14987K(15232K)
[73.723s][info][gc             ] GC(352) Pause Young (Allocation Failure) 594M->48M(1979M) 12.787ms
[73.723s][info][gc,cpu         ] GC(352) User=0.00s Sys=0.00s Real=0.00s
[73.863s][info][gc,start       ] GC(353) Pause Young (Allocation Failure)
[73.875s][info][gc,heap        ] GC(353) DefNew: 562726K(629120K)->3429K(629120K) Eden: 559232K(559232K)->0K(559232K) From: 3494K(69888K)->3429K(69888K)
[73.875s][info][gc,heap        ] GC(353) Tenured: 45944K(1398144K)->45944K(1398144K)
[73.875s][info][gc,metaspace   ] GC(353) Metaspace: 73432K(73920K)->73432K(73920K) NonClass: 58444K(58688K)->58444K(58688K) Class: 14987K(15232K)->14987K(15232K)
[73.875s][info][gc             ] GC(353) Pause Young (Allocation Failure) 594M->48M(1979M) 12.296ms
[73.875s][info][gc,cpu         ] GC(353) User=0.00s Sys=0.00s Real=0.00s
[74.014s][info][gc,start       ] GC(354) Pause Young (Allocation Failure)
[74.028s][info][gc,heap        ] GC(354) DefNew: 562661K(629120K)->3523K(629120K) Eden: 559232K(559232K)->0K(559232K) From: 3429K(69888K)->3523K(69888K)
[74.028s][info][gc,heap        ] GC(354) Tenured: 45944K(1398144K)->45944K(1398144K)
[74.028s][info][gc,metaspace   ] GC(354) Metaspace: 73432K(73920K)->73432K(73920K) NonClass: 58444K(58688K)->58444K(58688K) Class: 14987K(15232K)->14987K(15232K)
[74.028s][info][gc             ] GC(354) Pause Young (Allocation Failure) 594M->48M(1979M) 13.744ms
[74.028s][info][gc,cpu         ] GC(354) User=0.00s Sys=0.00s Real=0.00s
[74.168s][info][gc,start       ] GC(355) Pause Young (Allocation Failure)
[74.182s][info][gc,heap        ] GC(355) DefNew: 562755K(629120K)->3438K(629120K) Eden: 559232K(559232K)->0K(559232K) From: 3523K(69888K)->3438K(69888K)
[74.182s][info][gc,heap        ] GC(355) Tenured: 45944K(1398144K)->45944K(1398144K)
[74.182s][info][gc,metaspace   ] GC(355) Metaspace: 73432K(73920K)->73432K(73920K) NonClass: 58444K(58688K)->58444K(58688K) Class: 14987K(15232K)->14987K(15232K)
[74.182s][info][gc             ] GC(355) Pause Young (Allocation Failure) 594M->48M(1979M) 13.343ms
[74.182s][info][gc,cpu         ] GC(355) User=0.00s Sys=0.00s Real=0.00s
[74.320s][info][gc,start       ] GC(356) Pause Young (Allocation Failure)
[74.334s][info][gc,heap        ] GC(356) DefNew: 562670K(629120K)->1478K(629120K) Eden: 559232K(559232K)->0K(559232K) From: 3438K(69888K)->1478K(69888K)
[74.334s][info][gc,heap        ] GC(356) Tenured: 45944K(1398144K)->47961K(1398144K)
[74.334s][info][gc,metaspace   ] GC(356) Metaspace: 73432K(73920K)->73432K(73920K) NonClass: 58444K(58688K)->58444K(58688K) Class: 14987K(15232K)->14987K(15232K)
[74.334s][info][gc             ] GC(356) Pause Young (Allocation Failure) 594M->48M(1979M) 13.456ms
[74.334s][info][gc,cpu         ] GC(356) User=0.00s Sys=0.00s Real=0.00s
[74.473s][info][gc,start       ] GC(357) Pause Young (Allocation Failure)
[74.482s][info][gc,heap        ] GC(357) DefNew: 560710K(629120K)->1448K(629120K) Eden: 559232K(559232K)->0K(559232K) From: 1478K(69888K)->1448K(69888K)
[74.482s][info][gc,heap        ] GC(357) Tenured: 47961K(1398144K)->47962K(1398144K)
[74.482s][info][gc,metaspace   ] GC(357) Metaspace: 73432K(73920K)->73432K(73920K) NonClass: 58444K(58688K)->58444K(58688K) Class: 14987K(15232K)->14987K(15232K)
[74.482s][info][gc             ] GC(357) Pause Young (Allocation Failure) 594M->48M(1979M) 8.624ms
[74.482s][info][gc,cpu         ] GC(357) User=0.00s Sys=0.00s Real=0.00s
[74.621s][info][gc,start       ] GC(358) Pause Young (Allocation Failure)
[74.631s][info][gc,heap        ] GC(358) DefNew: 560680K(629120K)->1452K(629120K) Eden: 559232K(559232K)->0K(559232K) From: 1448K(69888K)->1452K(69888K)
[74.631s][info][gc,heap        ] GC(358) Tenured: 47962K(1398144K)->47962K(1398144K)
[74.631s][info][gc,metaspace   ] GC(358) Metaspace: 73432K(73920K)->73432K(73920K) NonClass: 58444K(58688K)->58444K(58688K) Class: 14987K(15232K)->14987K(15232K)
[74.631s][info][gc             ] GC(358) Pause Young (Allocation Failure) 594M->48M(1979M) 9.549ms
[74.631s][info][gc,cpu         ] GC(358) User=0.00s Sys=0.00s Real=0.00s
[74.770s][info][gc,start       ] GC(359) Pause Young (Allocation Failure)
[74.779s][info][gc,heap        ] GC(359) DefNew: 560684K(629120K)->1432K(629120K) Eden: 559232K(559232K)->0K(559232K) From: 1452K(69888K)->1432K(69888K)
[74.779s][info][gc,heap        ] GC(359) Tenured: 47962K(1398144K)->47962K(1398144K)
[74.779s][info][gc,metaspace   ] GC(359) Metaspace: 73432K(73920K)->73432K(73920K) NonClass: 58444K(58688K)->58444K(58688K) Class: 14987K(15232K)->14987K(15232K)
[74.779s][info][gc             ] GC(359) Pause Young (Allocation Failure) 594M->48M(1979M) 9.066ms
[74.779s][info][gc,cpu         ] GC(359) User=0.00s Sys=0.00s Real=0.00s
[74.918s][info][gc,start       ] GC(360) Pause Young (Allocation Failure)
[74.926s][info][gc,heap        ] GC(360) DefNew: 560664K(629120K)->1428K(629120K) Eden: 559232K(559232K)->0K(559232K) From: 1432K(69888K)->1428K(69888K)
[74.926s][info][gc,heap        ] GC(360) Tenured: 47962K(1398144K)->47980K(1398144K)
[74.926s][info][gc,metaspace   ] GC(360) Metaspace: 73432K(73920K)->73432K(73920K) NonClass: 58444K(58688K)->58444K(58688K) Class: 14987K(15232K)->14987K(15232K)
[74.926s][info][gc             ] GC(360) Pause Young (Allocation Failure) 594M->48M(1979M) 8.441ms
[74.926s][info][gc,cpu         ] GC(360) User=0.00s Sys=0.00s Real=0.00s
[75.065s][info][gc,start       ] GC(361) Pause Young (Allocation Failure)
[75.073s][info][gc,heap        ] GC(361) DefNew: 560660K(629120K)->1483K(629120K) Eden: 559232K(559232K)->0K(559232K) From: 1428K(69888K)->1483K(69888K)
[75.073s][info][gc,heap        ] GC(361) Tenured: 47980K(1398144K)->47980K(1398144K)
[75.073s][info][gc,metaspace   ] GC(361) Metaspace: 73432K(73920K)->73432K(73920K) NonClass: 58444K(58688K)->58444K(58688K) Class: 14987K(15232K)->14987K(15232K)
[75.073s][info][gc             ] GC(361) Pause Young (Allocation Failure) 594M->48M(1979M) 8.764ms
[75.073s][info][gc,cpu         ] GC(361) User=0.00s Sys=0.00s Real=0.00s
[75.212s][info][gc,start       ] GC(362) Pause Young (Allocation Failure)
[75.221s][info][gc,heap        ] GC(362) DefNew: 560715K(629120K)->1472K(629120K) Eden: 559232K(559232K)->0K(559232K) From: 1483K(69888K)->1472K(69888K)
[75.221s][info][gc,heap        ] GC(362) Tenured: 47980K(1398144K)->47980K(1398144K)
[75.221s][info][gc,metaspace   ] GC(362) Metaspace: 73432K(73920K)->73432K(73920K) NonClass: 58444K(58688K)->58444K(58688K) Class: 14987K(15232K)->14987K(15232K)
[75.221s][info][gc             ] GC(362) Pause Young (Allocation Failure) 594M->48M(1979M) 8.574ms
[75.221s][info][gc,cpu         ] GC(362) User=0.00s Sys=0.00s Real=0.00s
[75.360s][info][gc,start       ] GC(363) Pause Young (Allocation Failure)
[75.368s][info][gc,heap        ] GC(363) DefNew: 560704K(629120K)->1510K(629120K) Eden: 559232K(559232K)->0K(559232K) From: 1472K(69888K)->1510K(69888K)
[75.368s][info][gc,heap        ] GC(363) Tenured: 47980K(1398144K)->47980K(1398144K)
[75.368s][info][gc,metaspace   ] GC(363) Metaspace: 73432K(73920K)->73432K(73920K) NonClass: 58444K(58688K)->58444K(58688K) Class: 14987K(15232K)->14987K(15232K)
[75.368s][info][gc             ] GC(363) Pause Young (Allocation Failure) 594M->48M(1979M) 8.733ms
[75.368s][info][gc,cpu         ] GC(363) User=0.00s Sys=0.00s Real=0.00s
[75.507s][info][gc,start       ] GC(364) Pause Young (Allocation Failure)
[75.516s][info][gc,heap        ] GC(364) DefNew: 560742K(629120K)->1502K(629120K) Eden: 559232K(559232K)->0K(559232K) From: 1510K(69888K)->1502K(69888K)
[75.516s][info][gc,heap        ] GC(364) Tenured: 47980K(1398144K)->47980K(1398144K)
[75.516s][info][gc,metaspace   ] GC(364) Metaspace: 73432K(73920K)->73432K(73920K) NonClass: 58444K(58688K)->58444K(58688K) Class: 14987K(15232K)->14987K(15232K)
[75.516s][info][gc             ] GC(364) Pause Young (Allocation Failure) 594M->48M(1979M) 8.713ms
[75.516s][info][gc,cpu         ] GC(364) User=0.00s Sys=0.00s Real=0.00s
[75.654s][info][gc,start       ] GC(365) Pause Young (Allocation Failure)
[75.663s][info][gc,heap        ] GC(365) DefNew: 560734K(629120K)->1449K(629120K) Eden: 559232K(559232K)->0K(559232K) From: 1502K(69888K)->1449K(69888K)
[75.663s][info][gc,heap        ] GC(365) Tenured: 47980K(1398144K)->47980K(1398144K)
[75.663s][info][gc,metaspace   ] GC(365) Metaspace: 73432K(73920K)->73432K(73920K) NonClass: 58444K(58688K)->58444K(58688K) Class: 14987K(15232K)->14987K(15232K)
[75.663s][info][gc             ] GC(365) Pause Young (Allocation Failure) 594M->48M(1979M) 8.636ms
[75.663s][info][gc,cpu         ] GC(365) User=0.00s Sys=0.00s Real=0.00s
[75.802s][info][gc,start       ] GC(366) Pause Young (Allocation Failure)
[75.811s][info][gc,heap        ] GC(366) DefNew: 560681K(629120K)->1492K(629120K) Eden: 559232K(559232K)->0K(559232K) From: 1449K(69888K)->1492K(69888K)
[75.811s][info][gc,heap        ] GC(366) Tenured: 47980K(1398144K)->47996K(1398144K)
[75.811s][info][gc,metaspace   ] GC(366) Metaspace: 73432K(73920K)->73432K(73920K) NonClass: 58444K(58688K)->58444K(58688K) Class: 14987K(15232K)->14987K(15232K)
[75.811s][info][gc             ] GC(366) Pause Young (Allocation Failure) 594M->48M(1979M) 9.569ms
[75.811s][info][gc,cpu         ] GC(366) User=0.00s Sys=0.00s Real=0.00s
[75.950s][info][gc,start       ] GC(367) Pause Young (Allocation Failure)
[75.959s][info][gc,heap        ] GC(367) DefNew: 560724K(629120K)->1425K(629120K) Eden: 559232K(559232K)->0K(559232K) From: 1492K(69888K)->1425K(69888K)
[75.959s][info][gc,heap        ] GC(367) Tenured: 47996K(1398144K)->47996K(1398144K)
[75.959s][info][gc,metaspace   ] GC(367) Metaspace: 73432K(73920K)->73432K(73920K) NonClass: 58444K(58688K)->58444K(58688K) Class: 14987K(15232K)->14987K(15232K)
[75.959s][info][gc             ] GC(367) Pause Young (Allocation Failure) 594M->48M(1979M) 9.088ms
[75.959s][info][gc,cpu         ] GC(367) User=0.00s Sys=0.00s Real=0.00s
[76.099s][info][gc,start       ] GC(368) Pause Young (Allocation Failure)
[76.108s][info][gc,heap        ] GC(368) DefNew: 560657K(629120K)->1474K(629120K) Eden: 559232K(559232K)->0K(559232K) From: 1425K(69888K)->1474K(69888K)
[76.108s][info][gc,heap        ] GC(368) Tenured: 47996K(1398144K)->47996K(1398144K)
[76.108s][info][gc,metaspace   ] GC(368) Metaspace: 73432K(73920K)->73432K(73920K) NonClass: 58444K(58688K)->58444K(58688K) Class: 14987K(15232K)->14987K(15232K)
[76.108s][info][gc             ] GC(368) Pause Young (Allocation Failure) 594M->48M(1979M) 9.153ms
[76.108s][info][gc,cpu         ] GC(368) User=0.00s Sys=0.00s Real=0.00s
[76.246s][info][gc,start       ] GC(369) Pause Young (Allocation Failure)
[76.255s][info][gc,heap        ] GC(369) DefNew: 560706K(629120K)->1460K(629120K) Eden: 559232K(559232K)->0K(559232K) From: 1474K(69888K)->1460K(69888K)
[76.255s][info][gc,heap        ] GC(369) Tenured: 47996K(1398144K)->47996K(1398144K)
[76.255s][info][gc,metaspace   ] GC(369) Metaspace: 73432K(73920K)->73432K(73920K) NonClass: 58444K(58688K)->58444K(58688K) Class: 14987K(15232K)->14987K(15232K)
[76.255s][info][gc             ] GC(369) Pause Young (Allocation Failure) 594M->48M(1979M) 8.527ms
[76.255s][info][gc,cpu         ] GC(369) User=0.00s Sys=0.00s Real=0.00s
[76.394s][info][gc,start       ] GC(370) Pause Young (Allocation Failure)
[76.402s][info][gc,heap        ] GC(370) DefNew: 560692K(629120K)->1496K(629120K) Eden: 559232K(559232K)->0K(559232K) From: 1460K(69888K)->1496K(69888K)
[76.402s][info][gc,heap        ] GC(370) Tenured: 47996K(1398144K)->47996K(1398144K)
[76.402s][info][gc,metaspace   ] GC(370) Metaspace: 73432K(73920K)->73432K(73920K) NonClass: 58444K(58688K)->58444K(58688K) Class: 14987K(15232K)->14987K(15232K)
[76.402s][info][gc             ] GC(370) Pause Young (Allocation Failure) 594M->48M(1979M) 8.731ms
[76.402s][info][gc,cpu         ] GC(370) User=0.00s Sys=0.00s Real=0.00s
[76.542s][info][gc,start       ] GC(371) Pause Young (Allocation Failure)
[76.551s][info][gc,heap        ] GC(371) DefNew: 560728K(629120K)->1475K(629120K) Eden: 559232K(559232K)->0K(559232K) From: 1496K(69888K)->1475K(69888K)
[76.551s][info][gc,heap        ] GC(371) Tenured: 47996K(1398144K)->47996K(1398144K)
[76.551s][info][gc,metaspace   ] GC(371) Metaspace: 73432K(73920K)->73432K(73920K) NonClass: 58444K(58688K)->58444K(58688K) Class: 14987K(15232K)->14987K(15232K)
[76.551s][info][gc             ] GC(371) Pause Young (Allocation Failure) 594M->48M(1979M) 9.452ms
[76.551s][info][gc,cpu         ] GC(371) User=0.00s Sys=0.00s Real=0.00s
[76.691s][info][gc,start       ] GC(372) Pause Young (Allocation Failure)
[76.701s][info][gc,heap        ] GC(372) DefNew: 560707K(629120K)->1522K(629120K) Eden: 559232K(559232K)->0K(559232K) From: 1475K(69888K)->1522K(69888K)
[76.701s][info][gc,heap        ] GC(372) Tenured: 47996K(1398144K)->47996K(1398144K)
[76.701s][info][gc,metaspace   ] GC(372) Metaspace: 73444K(73920K)->73444K(73920K) NonClass: 58456K(58688K)->58456K(58688K) Class: 14987K(15232K)->14987K(15232K)
[76.701s][info][gc             ] GC(372) Pause Young (Allocation Failure) 594M->48M(1979M) 9.893ms
[76.701s][info][gc,cpu         ] GC(372) User=0.00s Sys=0.00s Real=0.00s
[76.841s][info][gc,start       ] GC(373) Pause Young (Allocation Failure)
[76.850s][info][gc,heap        ] GC(373) DefNew: 560754K(629120K)->1516K(629120K) Eden: 559232K(559232K)->0K(559232K) From: 1522K(69888K)->1516K(69888K)
[76.850s][info][gc,heap        ] GC(373) Tenured: 47996K(1398144K)->48050K(1398144K)
[76.850s][info][gc,metaspace   ] GC(373) Metaspace: 73447K(73920K)->73447K(73920K) NonClass: 58460K(58688K)->58460K(58688K) Class: 14987K(15232K)->14987K(15232K)
[76.850s][info][gc             ] GC(373) Pause Young (Allocation Failure) 594M->48M(1979M) 9.239ms
[76.850s][info][gc,cpu         ] GC(373) User=0.00s Sys=0.00s Real=0.00s
[76.992s][info][gc,start       ] GC(374) Pause Young (Allocation Failure)
[77.001s][info][gc,heap        ] GC(374) DefNew: 560748K(629120K)->1551K(629120K) Eden: 559231K(559232K)->0K(559232K) From: 1516K(69888K)->1551K(69888K)
[77.001s][info][gc,heap        ] GC(374) Tenured: 48050K(1398144K)->48050K(1398144K)
[77.001s][info][gc,metaspace   ] GC(374) Metaspace: 73447K(73920K)->73447K(73920K) NonClass: 58460K(58688K)->58460K(58688K) Class: 14987K(15232K)->14987K(15232K)
[77.001s][info][gc             ] GC(374) Pause Young (Allocation Failure) 594M->48M(1979M) 9.073ms
[77.001s][info][gc,cpu         ] GC(374) User=0.02s Sys=0.00s Real=0.00s
[77.143s][info][gc,start       ] GC(375) Pause Young (Allocation Failure)
[77.153s][info][gc,heap        ] GC(375) DefNew: 560783K(629120K)->1480K(629120K) Eden: 559232K(559232K)->0K(559232K) From: 1551K(69888K)->1480K(69888K)
[77.153s][info][gc,heap        ] GC(375) Tenured: 48050K(1398144K)->48050K(1398144K)
[77.153s][info][gc,metaspace   ] GC(375) Metaspace: 73448K(73920K)->73448K(73920K) NonClass: 58460K(58688K)->58460K(58688K) Class: 14987K(15232K)->14987K(15232K)
[77.153s][info][gc             ] GC(375) Pause Young (Allocation Failure) 594M->48M(1979M) 9.255ms
[77.153s][info][gc,cpu         ] GC(375) User=0.00s Sys=0.00s Real=0.00s
[77.304s][info][gc,start       ] GC(376) Pause Young (Allocation Failure)
[77.313s][info][gc,heap        ] GC(376) DefNew: 560712K(629120K)->1405K(629120K) Eden: 559232K(559232K)->0K(559232K) From: 1480K(69888K)->1405K(69888K)
[77.313s][info][gc,heap        ] GC(376) Tenured: 48050K(1398144K)->48050K(1398144K)
[77.313s][info][gc,metaspace   ] GC(376) Metaspace: 73448K(73920K)->73448K(73920K) NonClass: 58460K(58688K)->58460K(58688K) Class: 14987K(15232K)->14987K(15232K)
[77.313s][info][gc             ] GC(376) Pause Young (Allocation Failure) 594M->48M(1979M) 8.899ms
[77.313s][info][gc,cpu         ] GC(376) User=0.02s Sys=0.00s Real=0.00s
[77.496s][info][gc,start       ] GC(377) Pause Young (Allocation Failure)
[77.504s][info][gc,heap        ] GC(377) DefNew: 560637K(629120K)->1418K(629120K) Eden: 559232K(559232K)->0K(559232K) From: 1405K(69888K)->1418K(69888K)
[77.504s][info][gc,heap        ] GC(377) Tenured: 48050K(1398144K)->48050K(1398144K)
[77.504s][info][gc,metaspace   ] GC(377) Metaspace: 73448K(73920K)->73448K(73920K) NonClass: 58460K(58688K)->58460K(58688K) Class: 14987K(15232K)->14987K(15232K)
[77.504s][info][gc             ] GC(377) Pause Young (Allocation Failure) 594M->48M(1979M) 7.377ms
[77.504s][info][gc,cpu         ] GC(377) User=0.00s Sys=0.00s Real=0.00s
[77.758s][info][gc,start       ] GC(378) Pause Young (Allocation Failure)
[77.763s][info][gc,heap        ] GC(378) DefNew: 560650K(629120K)->1369K(629120K) Eden: 559232K(559232K)->0K(559232K) From: 1418K(69888K)->1369K(69888K)
[77.763s][info][gc,heap        ] GC(378) Tenured: 48050K(1398144K)->48050K(1398144K)
[77.763s][info][gc,metaspace   ] GC(378) Metaspace: 73448K(73920K)->73448K(73920K) NonClass: 58460K(58688K)->58460K(58688K) Class: 14987K(15232K)->14987K(15232K)
[77.764s][info][gc             ] GC(378) Pause Young (Allocation Failure) 594M->48M(1979M) 5.824ms
[77.764s][info][gc,cpu         ] GC(378) User=0.02s Sys=0.00s Real=0.00s
[78.121s][info][gc,start       ] GC(379) Pause Young (Allocation Failure)
[78.125s][info][gc,heap        ] GC(379) DefNew: 560601K(629120K)->1356K(629120K) Eden: 559232K(559232K)->0K(559232K) From: 1369K(69888K)->1356K(69888K)
[78.125s][info][gc,heap        ] GC(379) Tenured: 48050K(1398144K)->48050K(1398144K)
[78.125s][info][gc,metaspace   ] GC(379) Metaspace: 73448K(73920K)->73448K(73920K) NonClass: 58460K(58688K)->58460K(58688K) Class: 14987K(15232K)->14987K(15232K)
[78.125s][info][gc             ] GC(379) Pause Young (Allocation Failure) 594M->48M(1979M) 4.323ms
[78.125s][info][gc,cpu         ] GC(379) User=0.00s Sys=0.00s Real=0.00s
[78.482s][info][gc,start       ] GC(380) Pause Young (Allocation Failure)
[78.486s][info][gc,heap        ] GC(380) DefNew: 560588K(629120K)->1366K(629120K) Eden: 559232K(559232K)->0K(559232K) From: 1356K(69888K)->1366K(69888K)
[78.486s][info][gc,heap        ] GC(380) Tenured: 48050K(1398144K)->48066K(1398144K)
[78.486s][info][gc,metaspace   ] GC(380) Metaspace: 73448K(73920K)->73448K(73920K) NonClass: 58460K(58688K)->58460K(58688K) Class: 14987K(15232K)->14987K(15232K)
[78.486s][info][gc             ] GC(380) Pause Young (Allocation Failure) 594M->48M(1979M) 4.306ms
[78.486s][info][gc,cpu         ] GC(380) User=0.00s Sys=0.00s Real=0.00s
[78.841s][info][gc,start       ] GC(381) Pause Young (Allocation Failure)
[78.845s][info][gc,heap        ] GC(381) DefNew: 560598K(629120K)->1348K(629120K) Eden: 559232K(559232K)->0K(559232K) From: 1366K(69888K)->1348K(69888K)
[78.845s][info][gc,heap        ] GC(381) Tenured: 48066K(1398144K)->48066K(1398144K)
[78.845s][info][gc,metaspace   ] GC(381) Metaspace: 73448K(73920K)->73448K(73920K) NonClass: 58460K(58688K)->58460K(58688K) Class: 14987K(15232K)->14987K(15232K)
[78.845s][info][gc             ] GC(381) Pause Young (Allocation Failure) 594M->48M(1979M) 4.212ms
[78.845s][info][gc,cpu         ] GC(381) User=0.00s Sys=0.00s Real=0.00s
[79.123s][info][gc,start       ] GC(382) Pause Full (System.gc())
[79.124s][info][gc,phases,start] GC(382) Phase 1: Mark live objects
[79.175s][info][gc,phases      ] GC(382) Phase 1: Mark live objects 51.673ms
[79.175s][info][gc,phases,start] GC(382) Phase 2: Compute new object addresses
[79.292s][info][gc,phases      ] GC(382) Phase 2: Compute new object addresses 117.136ms
[79.292s][info][gc,phases,start] GC(382) Phase 3: Adjust pointers
[79.317s][info][gc,phases      ] GC(382) Phase 3: Adjust pointers 24.268ms
[79.317s][info][gc,phases,start] GC(382) Phase 4: Move objects
[79.321s][info][gc,phases      ] GC(382) Phase 4: Move objects 4.113ms
[79.321s][info][gc,heap        ] GC(382) DefNew: 325169K(629120K)->0K(629120K) Eden: 323821K(559232K)->0K(559232K) From: 1348K(69888K)->0K(69888K)
[79.321s][info][gc,heap        ] GC(382) Tenured: 48066K(1398144K)->36002K(1398144K)
[79.321s][info][gc,metaspace   ] GC(382) Metaspace: 73448K(73920K)->73448K(73920K) NonClass: 58461K(58688K)->58461K(58688K) Class: 14987K(15232K)->14987K(15232K)
[79.321s][info][gc             ] GC(382) Pause Full (System.gc()) 364M->35M(1979M) 197.991ms
[79.321s][info][gc,cpu         ] GC(382) User=0.19s Sys=0.00s Real=0.19s
[79.484s][info][gc,start       ] GC(383) Pause Young (Allocation Failure)
[79.499s][info][gc,heap        ] GC(383) DefNew: 559232K(629120K)->3456K(629120K) Eden: 559232K(559232K)->0K(559232K) From: 0K(69888K)->3456K(69888K)
[79.499s][info][gc,heap        ] GC(383) Tenured: 36002K(1398144K)->36002K(1398144K)
[79.499s][info][gc,metaspace   ] GC(383) Metaspace: 73507K(73984K)->73507K(73984K) NonClass: 58519K(58752K)->58519K(58752K) Class: 14987K(15232K)->14987K(15232K)
[79.499s][info][gc             ] GC(383) Pause Young (Allocation Failure) 581M->38M(1979M) 15.080ms
[79.499s][info][gc,cpu         ] GC(383) User=0.00s Sys=0.00s Real=0.00s
[79.638s][info][gc,start       ] GC(384) Pause Young (Allocation Failure)
[79.651s][info][gc,heap        ] GC(384) DefNew: 562688K(629120K)->3450K(629120K) Eden: 559232K(559232K)->0K(559232K) From: 3456K(69888K)->3450K(69888K)
[79.651s][info][gc,heap        ] GC(384) Tenured: 36002K(1398144K)->36002K(1398144K)
[79.651s][info][gc,metaspace   ] GC(384) Metaspace: 73507K(73984K)->73507K(73984K) NonClass: 58519K(58752K)->58519K(58752K) Class: 14987K(15232K)->14987K(15232K)
[79.651s][info][gc             ] GC(384) Pause Young (Allocation Failure) 584M->38M(1979M) 12.599ms
[79.651s][info][gc,cpu         ] GC(384) User=0.00s Sys=0.00s Real=0.00s
[79.789s][info][gc,start       ] GC(385) Pause Young (Allocation Failure)
[79.801s][info][gc,heap        ] GC(385) DefNew: 562682K(629120K)->3473K(629120K) Eden: 559232K(559232K)->0K(559232K) From: 3450K(69888K)->3473K(69888K)
[79.801s][info][gc,heap        ] GC(385) Tenured: 36002K(1398144K)->36002K(1398144K)
[79.801s][info][gc,metaspace   ] GC(385) Metaspace: 73507K(73984K)->73507K(73984K) NonClass: 58519K(58752K)->58519K(58752K) Class: 14987K(15232K)->14987K(15232K)
[79.801s][info][gc             ] GC(385) Pause Young (Allocation Failure) 584M->38M(1979M) 12.247ms
[79.801s][info][gc,cpu         ] GC(385) User=0.00s Sys=0.00s Real=0.00s
[79.940s][info][gc,start       ] GC(386) Pause Young (Allocation Failure)
[79.952s][info][gc,heap        ] GC(386) DefNew: 562705K(629120K)->3481K(629120K) Eden: 559232K(559232K)->0K(559232K) From: 3473K(69888K)->3481K(69888K)
[79.952s][info][gc,heap        ] GC(386) Tenured: 36002K(1398144K)->36002K(1398144K)
[79.952s][info][gc,metaspace   ] GC(386) Metaspace: 73507K(73984K)->73507K(73984K) NonClass: 58519K(58752K)->58519K(58752K) Class: 14987K(15232K)->14987K(15232K)
[79.952s][info][gc             ] GC(386) Pause Young (Allocation Failure) 584M->38M(1979M) 12.350ms
[79.952s][info][gc,cpu         ] GC(386) User=0.00s Sys=0.00s Real=0.00s
[80.091s][info][gc,start       ] GC(387) Pause Young (Allocation Failure)
[80.103s][info][gc,heap        ] GC(387) DefNew: 562713K(629120K)->3420K(629120K) Eden: 559232K(559232K)->0K(559232K) From: 3481K(69888K)->3420K(69888K)
[80.103s][info][gc,heap        ] GC(387) Tenured: 36002K(1398144K)->36002K(1398144K)
[80.103s][info][gc,metaspace   ] GC(387) Metaspace: 73507K(73984K)->73507K(73984K) NonClass: 58519K(58752K)->58519K(58752K) Class: 14987K(15232K)->14987K(15232K)
[80.103s][info][gc             ] GC(387) Pause Young (Allocation Failure) 584M->38M(1979M) 12.037ms
[80.103s][info][gc,cpu         ] GC(387) User=0.00s Sys=0.00s Real=0.00s
[80.242s][info][gc,start       ] GC(388) Pause Young (Allocation Failure)
[80.254s][info][gc,heap        ] GC(388) DefNew: 562652K(629120K)->3454K(629120K) Eden: 559232K(559232K)->0K(559232K) From: 3420K(69888K)->3454K(69888K)
[80.254s][info][gc,heap        ] GC(388) Tenured: 36002K(1398144K)->36002K(1398144K)
[80.254s][info][gc,metaspace   ] GC(388) Metaspace: 73507K(73984K)->73507K(73984K) NonClass: 58519K(58752K)->58519K(58752K) Class: 14987K(15232K)->14987K(15232K)
[80.254s][info][gc             ] GC(388) Pause Young (Allocation Failure) 584M->38M(1979M) 12.150ms
[80.254s][info][gc,cpu         ] GC(388) User=0.00s Sys=0.00s Real=0.00s
[80.392s][info][gc,start       ] GC(389) Pause Young (Allocation Failure)
[80.406s][info][gc,heap        ] GC(389) DefNew: 562686K(629120K)->3469K(629120K) Eden: 559232K(559232K)->0K(559232K) From: 3454K(69888K)->3469K(69888K)
[80.406s][info][gc,heap        ] GC(389) Tenured: 36002K(1398144K)->36002K(1398144K)
[80.406s][info][gc,metaspace   ] GC(389) Metaspace: 73507K(73984K)->73507K(73984K) NonClass: 58519K(58752K)->58519K(58752K) Class: 14987K(15232K)->14987K(15232K)
[80.406s][info][gc             ] GC(389) Pause Young (Allocation Failure) 584M->38M(1979M) 13.508ms
[80.406s][info][gc,cpu         ] GC(389) User=0.00s Sys=0.00s Real=0.00s
[80.546s][info][gc,start       ] GC(390) Pause Young (Allocation Failure)
[80.558s][info][gc,heap        ] GC(390) DefNew: 562701K(629120K)->3451K(629120K) Eden: 559232K(559232K)->0K(559232K) From: 3469K(69888K)->3451K(69888K)
[80.558s][info][gc,heap        ] GC(390) Tenured: 36002K(1398144K)->36002K(1398144K)
[80.558s][info][gc,metaspace   ] GC(390) Metaspace: 73507K(73984K)->73507K(73984K) NonClass: 58519K(58752K)->58519K(58752K) Class: 14987K(15232K)->14987K(15232K)
[80.559s][info][gc             ] GC(390) Pause Young (Allocation Failure) 584M->38M(1979M) 12.892ms
[80.559s][info][gc,cpu         ] GC(390) User=0.00s Sys=0.00s Real=0.00s
[80.698s][info][gc,start       ] GC(391) Pause Young (Allocation Failure)
[80.710s][info][gc,heap        ] GC(391) DefNew: 562683K(629120K)->3450K(629120K) Eden: 559232K(559232K)->0K(559232K) From: 3451K(69888K)->3450K(69888K)
[80.710s][info][gc,heap        ] GC(391) Tenured: 36002K(1398144K)->36002K(1398144K)
[80.710s][info][gc,metaspace   ] GC(391) Metaspace: 73507K(73984K)->73507K(73984K) NonClass: 58519K(58752K)->58519K(58752K) Class: 14987K(15232K)->14987K(15232K)
[80.710s][info][gc             ] GC(391) Pause Young (Allocation Failure) 584M->38M(1979M) 12.394ms
[80.710s][info][gc,cpu         ] GC(391) User=0.00s Sys=0.00s Real=0.00s
[80.849s][info][gc,start       ] GC(392) Pause Young (Allocation Failure)
[80.861s][info][gc,heap        ] GC(392) DefNew: 562682K(629120K)->3443K(629120K) Eden: 559232K(559232K)->0K(559232K) From: 3450K(69888K)->3443K(69888K)
[80.862s][info][gc,heap        ] GC(392) Tenured: 36002K(1398144K)->36002K(1398144K)
[80.862s][info][gc,metaspace   ] GC(392) Metaspace: 73507K(73984K)->73507K(73984K) NonClass: 58519K(58752K)->58519K(58752K) Class: 14987K(15232K)->14987K(15232K)
[80.862s][info][gc             ] GC(392) Pause Young (Allocation Failure) 584M->38M(1979M) 12.334ms
[80.862s][info][gc,cpu         ] GC(392) User=0.00s Sys=0.00s Real=0.00s
[81.001s][info][gc,start       ] GC(393) Pause Young (Allocation Failure)
[81.014s][info][gc,heap        ] GC(393) DefNew: 562675K(629120K)->3431K(629120K) Eden: 559232K(559232K)->0K(559232K) From: 3443K(69888K)->3431K(69888K)
[81.014s][info][gc,heap        ] GC(393) Tenured: 36002K(1398144K)->36002K(1398144K)
[81.014s][info][gc,metaspace   ] GC(393) Metaspace: 73507K(73984K)->73507K(73984K) NonClass: 58519K(58752K)->58519K(58752K) Class: 14987K(15232K)->14987K(15232K)
[81.014s][info][gc             ] GC(393) Pause Young (Allocation Failure) 584M->38M(1979M) 12.404ms
[81.014s][info][gc,cpu         ] GC(393) User=0.02s Sys=0.00s Real=0.01s
[81.153s][info][gc,start       ] GC(394) Pause Young (Allocation Failure)
[81.166s][info][gc,heap        ] GC(394) DefNew: 562663K(629120K)->3504K(629120K) Eden: 559231K(559232K)->0K(559232K) From: 3431K(69888K)->3504K(69888K)
[81.166s][info][gc,heap        ] GC(394) Tenured: 36002K(1398144K)->36002K(1398144K)
[81.166s][info][gc,metaspace   ] GC(394) Metaspace: 73507K(73984K)->73507K(73984K) NonClass: 58519K(58752K)->58519K(58752K) Class: 14987K(15232K)->14987K(15232K)
[81.166s][info][gc             ] GC(394) Pause Young (Allocation Failure) 584M->38M(1979M) 12.566ms
[81.166s][info][gc,cpu         ] GC(394) User=0.00s Sys=0.00s Real=0.00s
[81.304s][info][gc,start       ] GC(395) Pause Young (Allocation Failure)
[81.316s][info][gc,heap        ] GC(395) DefNew: 562736K(629120K)->3455K(629120K) Eden: 559232K(559232K)->0K(559232K) From: 3504K(69888K)->3455K(69888K)
[81.316s][info][gc,heap        ] GC(395) Tenured: 36002K(1398144K)->36002K(1398144K)
[81.316s][info][gc,metaspace   ] GC(395) Metaspace: 73507K(73984K)->73507K(73984K) NonClass: 58519K(58752K)->58519K(58752K) Class: 14987K(15232K)->14987K(15232K)
[81.316s][info][gc             ] GC(395) Pause Young (Allocation Failure) 584M->38M(1979M) 12.180ms
[81.316s][info][gc,cpu         ] GC(395) User=0.00s Sys=0.00s Real=0.00s
[81.455s][info][gc,start       ] GC(396) Pause Young (Allocation Failure)
[81.467s][info][gc,heap        ] GC(396) DefNew: 562687K(629120K)->3430K(629120K) Eden: 559232K(559232K)->0K(559232K) From: 3455K(69888K)->3430K(69888K)
[81.467s][info][gc,heap        ] GC(396) Tenured: 36002K(1398144K)->36002K(1398144K)
[81.467s][info][gc,metaspace   ] GC(396) Metaspace: 73507K(73984K)->73507K(73984K) NonClass: 58519K(58752K)->58519K(58752K) Class: 14987K(15232K)->14987K(15232K)
[81.467s][info][gc             ] GC(396) Pause Young (Allocation Failure) 584M->38M(1979M) 12.335ms
[81.467s][info][gc,cpu         ] GC(396) User=0.02s Sys=0.00s Real=0.01s
[81.606s][info][gc,start       ] GC(397) Pause Young (Allocation Failure)
[81.618s][info][gc,heap        ] GC(397) DefNew: 562662K(629120K)->3477K(629120K) Eden: 559232K(559232K)->0K(559232K) From: 3430K(69888K)->3477K(69888K)
[81.618s][info][gc,heap        ] GC(397) Tenured: 36002K(1398144K)->36002K(1398144K)
[81.618s][info][gc,metaspace   ] GC(397) Metaspace: 73507K(73984K)->73507K(73984K) NonClass: 58519K(58752K)->58519K(58752K) Class: 14987K(15232K)->14987K(15232K)
[81.618s][info][gc             ] GC(397) Pause Young (Allocation Failure) 584M->38M(1979M) 12.469ms
[81.618s][info][gc,cpu         ] GC(397) User=0.00s Sys=0.00s Real=0.00s
[81.757s][info][gc,start       ] GC(398) Pause Young (Allocation Failure)
[81.769s][info][gc,heap        ] GC(398) DefNew: 562709K(629120K)->1482K(629120K) Eden: 559232K(559232K)->0K(559232K) From: 3477K(69888K)->1482K(69888K)
[81.770s][info][gc,heap        ] GC(398) Tenured: 36002K(1398144K)->38022K(1398144K)
[81.770s][info][gc,metaspace   ] GC(398) Metaspace: 73507K(73984K)->73507K(73984K) NonClass: 58519K(58752K)->58519K(58752K) Class: 14987K(15232K)->14987K(15232K)
[81.770s][info][gc             ] GC(398) Pause Young (Allocation Failure) 584M->38M(1979M) 12.865ms
[81.770s][info][gc,cpu         ] GC(398) User=0.00s Sys=0.00s Real=0.00s
[81.908s][info][gc,start       ] GC(399) Pause Young (Allocation Failure)
[81.917s][info][gc,heap        ] GC(399) DefNew: 560714K(629120K)->1436K(629120K) Eden: 559232K(559232K)->0K(559232K) From: 1482K(69888K)->1436K(69888K)
[81.917s][info][gc,heap        ] GC(399) Tenured: 38022K(1398144K)->38038K(1398144K)
[81.917s][info][gc,metaspace   ] GC(399) Metaspace: 73507K(73984K)->73507K(73984K) NonClass: 58519K(58752K)->58519K(58752K) Class: 14987K(15232K)->14987K(15232K)
[81.917s][info][gc             ] GC(399) Pause Young (Allocation Failure) 584M->38M(1979M) 8.751ms
[81.917s][info][gc,cpu         ] GC(399) User=0.00s Sys=0.00s Real=0.00s
[82.057s][info][gc,start       ] GC(400) Pause Young (Allocation Failure)
[82.066s][info][gc,heap        ] GC(400) DefNew: 560668K(629120K)->1508K(629120K) Eden: 559232K(559232K)->0K(559232K) From: 1436K(69888K)->1508K(69888K)
[82.066s][info][gc,heap        ] GC(400) Tenured: 38038K(1398144K)->38038K(1398144K)
[82.066s][info][gc,metaspace   ] GC(400) Metaspace: 73515K(73984K)->73515K(73984K) NonClass: 58528K(58752K)->58528K(58752K) Class: 14987K(15232K)->14987K(15232K)
[82.066s][info][gc             ] GC(400) Pause Young (Allocation Failure) 584M->38M(1979M) 8.960ms
[82.066s][info][gc,cpu         ] GC(400) User=0.00s Sys=0.00s Real=0.00s
[82.204s][info][gc,start       ] GC(401) Pause Young (Allocation Failure)
[82.213s][info][gc,heap        ] GC(401) DefNew: 560740K(629120K)->1527K(629120K) Eden: 559232K(559232K)->0K(559232K) From: 1508K(69888K)->1527K(69888K)
[82.213s][info][gc,heap        ] GC(401) Tenured: 38038K(1398144K)->38038K(1398144K)
[82.213s][info][gc,metaspace   ] GC(401) Metaspace: 73515K(73984K)->73515K(73984K) NonClass: 58528K(58752K)->58528K(58752K) Class: 14987K(15232K)->14987K(15232K)
[82.213s][info][gc             ] GC(401) Pause Young (Allocation Failure) 584M->38M(1979M) 8.992ms
[82.213s][info][gc,cpu         ] GC(401) User=0.00s Sys=0.00s Real=0.00s
[82.352s][info][gc,start       ] GC(402) Pause Young (Allocation Failure)
[82.361s][info][gc,heap        ] GC(402) DefNew: 560759K(629120K)->1531K(629120K) Eden: 559232K(559232K)->0K(559232K) From: 1527K(69888K)->1531K(69888K)
[82.361s][info][gc,heap        ] GC(402) Tenured: 38038K(1398144K)->38038K(1398144K)
[82.361s][info][gc,metaspace   ] GC(402) Metaspace: 73515K(73984K)->73515K(73984K) NonClass: 58528K(58752K)->58528K(58752K) Class: 14987K(15232K)->14987K(15232K)
[82.361s][info][gc             ] GC(402) Pause Young (Allocation Failure) 584M->38M(1979M) 8.861ms
[82.361s][info][gc,cpu         ] GC(402) User=0.00s Sys=0.00s Real=0.00s
[82.499s][info][gc,start       ] GC(403) Pause Young (Allocation Failure)
[82.508s][info][gc,heap        ] GC(403) DefNew: 560763K(629120K)->1444K(629120K) Eden: 559232K(559232K)->0K(559232K) From: 1531K(69888K)->1444K(69888K)
[82.508s][info][gc,heap        ] GC(403) Tenured: 38038K(1398144K)->38038K(1398144K)
[82.508s][info][gc,metaspace   ] GC(403) Metaspace: 73515K(73984K)->73515K(73984K) NonClass: 58528K(58752K)->58528K(58752K) Class: 14987K(15232K)->14987K(15232K)
[82.508s][info][gc             ] GC(403) Pause Young (Allocation Failure) 584M->38M(1979M) 8.572ms
[82.508s][info][gc,cpu         ] GC(403) User=0.00s Sys=0.00s Real=0.00s
[82.646s][info][gc,start       ] GC(404) Pause Young (Allocation Failure)
[82.655s][info][gc,heap        ] GC(404) DefNew: 560676K(629120K)->1499K(629120K) Eden: 559232K(559232K)->0K(559232K) From: 1444K(69888K)->1499K(69888K)
[82.655s][info][gc,heap        ] GC(404) Tenured: 38038K(1398144K)->38038K(1398144K)
[82.655s][info][gc,metaspace   ] GC(404) Metaspace: 73515K(73984K)->73515K(73984K) NonClass: 58528K(58752K)->58528K(58752K) Class: 14987K(15232K)->14987K(15232K)
[82.655s][info][gc             ] GC(404) Pause Young (Allocation Failure) 584M->38M(1979M) 8.956ms
[82.655s][info][gc,cpu         ] GC(404) User=0.00s Sys=0.00s Real=0.00s
[82.794s][info][gc,start       ] GC(405) Pause Young (Allocation Failure)
[82.802s][info][gc,heap        ] GC(405) DefNew: 560731K(629120K)->1538K(629120K) Eden: 559232K(559232K)->0K(559232K) From: 1499K(69888K)->1538K(69888K)
[82.802s][info][gc,heap        ] GC(405) Tenured: 38038K(1398144K)->38038K(1398144K)
[82.802s][info][gc,metaspace   ] GC(405) Metaspace: 73515K(73984K)->73515K(73984K) NonClass: 58528K(58752K)->58528K(58752K) Class: 14987K(15232K)->14987K(15232K)
[82.802s][info][gc             ] GC(405) Pause Young (Allocation Failure) 584M->38M(1979M) 8.768ms
[82.802s][info][gc,cpu         ] GC(405) User=0.00s Sys=0.00s Real=0.00s
[82.941s][info][gc,start       ] GC(406) Pause Young (Allocation Failure)
[82.949s][info][gc,heap        ] GC(406) DefNew: 560770K(629120K)->1468K(629120K) Eden: 559232K(559232K)->0K(559232K) From: 1538K(69888K)->1468K(69888K)
[82.950s][info][gc,heap        ] GC(406) Tenured: 38038K(1398144K)->38056K(1398144K)
[82.950s][info][gc,metaspace   ] GC(406) Metaspace: 73515K(73984K)->73515K(73984K) NonClass: 58528K(58752K)->58528K(58752K) Class: 14987K(15232K)->14987K(15232K)
[82.950s][info][gc             ] GC(406) Pause Young (Allocation Failure) 584M->38M(1979M) 8.826ms
[82.950s][info][gc,cpu         ] GC(406) User=0.02s Sys=0.00s Real=0.01s
[83.088s][info][gc,start       ] GC(407) Pause Young (Allocation Failure)
[83.097s][info][gc,heap        ] GC(407) DefNew: 560700K(629120K)->1471K(629120K) Eden: 559232K(559232K)->0K(559232K) From: 1468K(69888K)->1471K(69888K)
[83.097s][info][gc,heap        ] GC(407) Tenured: 38056K(1398144K)->38056K(1398144K)
[83.097s][info][gc,metaspace   ] GC(407) Metaspace: 73515K(73984K)->73515K(73984K) NonClass: 58528K(58752K)->58528K(58752K) Class: 14987K(15232K)->14987K(15232K)
[83.097s][info][gc             ] GC(407) Pause Young (Allocation Failure) 584M->38M(1979M) 9.423ms
[83.097s][info][gc,cpu         ] GC(407) User=0.00s Sys=0.00s Real=0.00s
[83.235s][info][gc,start       ] GC(408) Pause Young (Allocation Failure)
[83.244s][info][gc,heap        ] GC(408) DefNew: 560703K(629120K)->1460K(629120K) Eden: 559232K(559232K)->0K(559232K) From: 1471K(69888K)->1460K(69888K)
[83.244s][info][gc,heap        ] GC(408) Tenured: 38056K(1398144K)->38056K(1398144K)
[83.244s][info][gc,metaspace   ] GC(408) Metaspace: 73515K(73984K)->73515K(73984K) NonClass: 58528K(58752K)->58528K(58752K) Class: 14987K(15232K)->14987K(15232K)
[83.244s][info][gc             ] GC(408) Pause Young (Allocation Failure) 584M->38M(1979M) 9.101ms
[83.245s][info][gc,cpu         ] GC(408) User=0.00s Sys=0.00s Real=0.00s
[83.383s][info][gc,start       ] GC(409) Pause Young (Allocation Failure)
[83.391s][info][gc,heap        ] GC(409) DefNew: 560692K(629120K)->1424K(629120K) Eden: 559232K(559232K)->0K(559232K) From: 1460K(69888K)->1424K(69888K)
[83.391s][info][gc,heap        ] GC(409) Tenured: 38056K(1398144K)->38056K(1398144K)
[83.391s][info][gc,metaspace   ] GC(409) Metaspace: 73515K(73984K)->73515K(73984K) NonClass: 58528K(58752K)->58528K(58752K) Class: 14987K(15232K)->14987K(15232K)
[83.391s][info][gc             ] GC(409) Pause Young (Allocation Failure) 584M->38M(1979M) 8.541ms
[83.391s][info][gc,cpu         ] GC(409) User=0.00s Sys=0.00s Real=0.00s
[83.530s][info][gc,start       ] GC(410) Pause Young (Allocation Failure)
[83.539s][info][gc,heap        ] GC(410) DefNew: 560656K(629120K)->1484K(629120K) Eden: 559232K(559232K)->0K(559232K) From: 1424K(69888K)->1484K(69888K)
[83.539s][info][gc,heap        ] GC(410) Tenured: 38056K(1398144K)->38056K(1398144K)
[83.539s][info][gc,metaspace   ] GC(410) Metaspace: 73515K(73984K)->73515K(73984K) NonClass: 58528K(58752K)->58528K(58752K) Class: 14987K(15232K)->14987K(15232K)
[83.539s][info][gc             ] GC(410) Pause Young (Allocation Failure) 584M->38M(1979M) 8.875ms
[83.539s][info][gc,cpu         ] GC(410) User=0.00s Sys=0.00s Real=0.00s
[83.677s][info][gc,start       ] GC(411) Pause Young (Allocation Failure)
[83.687s][info][gc,heap        ] GC(411) DefNew: 560716K(629120K)->1490K(629120K) Eden: 559232K(559232K)->0K(559232K) From: 1484K(69888K)->1490K(69888K)
[83.687s][info][gc,heap        ] GC(411) Tenured: 38056K(1398144K)->38056K(1398144K)
[83.687s][info][gc,metaspace   ] GC(411) Metaspace: 73515K(73984K)->73515K(73984K) NonClass: 58528K(58752K)->58528K(58752K) Class: 14987K(15232K)->14987K(15232K)
[83.687s][info][gc             ] GC(411) Pause Young (Allocation Failure) 584M->38M(1979M) 9.546ms
[83.687s][info][gc,cpu         ] GC(411) User=0.00s Sys=0.00s Real=0.00s
[83.825s][info][gc,start       ] GC(412) Pause Young (Allocation Failure)
[83.835s][info][gc,heap        ] GC(412) DefNew: 560722K(629120K)->1517K(629120K) Eden: 559232K(559232K)->0K(559232K) From: 1490K(69888K)->1517K(69888K)
[83.835s][info][gc,heap        ] GC(412) Tenured: 38056K(1398144K)->38072K(1398144K)
[83.835s][info][gc,metaspace   ] GC(412) Metaspace: 73515K(73984K)->73515K(73984K) NonClass: 58528K(58752K)->58528K(58752K) Class: 14987K(15232K)->14987K(15232K)
[83.835s][info][gc             ] GC(412) Pause Young (Allocation Failure) 584M->38M(1979M) 9.445ms
[83.835s][info][gc,cpu         ] GC(412) User=0.00s Sys=0.00s Real=0.00s
[83.973s][info][gc,start       ] GC(413) Pause Young (Allocation Failure)
[83.982s][info][gc,heap        ] GC(413) DefNew: 560749K(629120K)->1509K(629120K) Eden: 559232K(559232K)->0K(559232K) From: 1517K(69888K)->1509K(69888K)
[83.982s][info][gc,heap        ] GC(413) Tenured: 38072K(1398144K)->38072K(1398144K)
[83.982s][info][gc,metaspace   ] GC(413) Metaspace: 73515K(73984K)->73515K(73984K) NonClass: 58528K(58752K)->58528K(58752K) Class: 14987K(15232K)->14987K(15232K)
[83.982s][info][gc             ] GC(413) Pause Young (Allocation Failure) 584M->38M(1979M) 8.822ms
[83.982s][info][gc,cpu         ] GC(413) User=0.00s Sys=0.00s Real=0.00s
[84.121s][info][gc,start       ] GC(414) Pause Young (Allocation Failure)
[84.130s][info][gc,heap        ] GC(414) DefNew: 560741K(629120K)->1499K(629120K) Eden: 559232K(559232K)->0K(559232K) From: 1509K(69888K)->1499K(69888K)
[84.131s][info][gc,heap        ] GC(414) Tenured: 38072K(1398144K)->38072K(1398144K)
[84.131s][info][gc,metaspace   ] GC(414) Metaspace: 73515K(73984K)->73515K(73984K) NonClass: 58528K(58752K)->58528K(58752K) Class: 14987K(15232K)->14987K(15232K)
[84.131s][info][gc             ] GC(414) Pause Young (Allocation Failure) 584M->38M(1979M) 9.067ms
[84.131s][info][gc,cpu         ] GC(414) User=0.00s Sys=0.00s Real=0.00s
[84.271s][info][gc,start       ] GC(415) Pause Young (Allocation Failure)
[84.280s][info][gc,heap        ] GC(415) DefNew: 560731K(629120K)->1407K(629120K) Eden: 559232K(559232K)->0K(559232K) From: 1499K(69888K)->1407K(69888K)
[84.280s][info][gc,heap        ] GC(415) Tenured: 38072K(1398144K)->38112K(1398144K)
[84.280s][info][gc,metaspace   ] GC(415) Metaspace: 73515K(73984K)->73515K(73984K) NonClass: 58528K(58752K)->58528K(58752K) Class: 14987K(15232K)->14987K(15232K)
[84.280s][info][gc             ] GC(415) Pause Young (Allocation Failure) 584M->38M(1979M) 8.786ms
[84.280s][info][gc,cpu         ] GC(415) User=0.00s Sys=0.00s Real=0.00s
[84.421s][info][gc,start       ] GC(416) Pause Young (Allocation Failure)
[84.430s][info][gc,heap        ] GC(416) DefNew: 560639K(629120K)->1465K(629120K) Eden: 559232K(559232K)->0K(559232K) From: 1407K(69888K)->1465K(69888K)
[84.430s][info][gc,heap        ] GC(416) Tenured: 38112K(1398144K)->38112K(1398144K)
[84.430s][info][gc,metaspace   ] GC(416) Metaspace: 73515K(73984K)->73515K(73984K) NonClass: 58528K(58752K)->58528K(58752K) Class: 14987K(15232K)->14987K(15232K)
[84.430s][info][gc             ] GC(416) Pause Young (Allocation Failure) 584M->38M(1979M) 9.254ms
[84.430s][info][gc,cpu         ] GC(416) User=0.00s Sys=0.00s Real=0.00s
[84.574s][info][gc,start       ] GC(417) Pause Young (Allocation Failure)
[84.584s][info][gc,heap        ] GC(417) DefNew: 560697K(629120K)->1542K(629120K) Eden: 559231K(559232K)->0K(559232K) From: 1465K(69888K)->1542K(69888K)
[84.584s][info][gc,heap        ] GC(417) Tenured: 38112K(1398144K)->38112K(1398144K)
[84.584s][info][gc,metaspace   ] GC(417) Metaspace: 73515K(73984K)->73515K(73984K) NonClass: 58528K(58752K)->58528K(58752K) Class: 14987K(15232K)->14987K(15232K)
[84.584s][info][gc             ] GC(417) Pause Young (Allocation Failure) 584M->38M(1979M) 9.366ms
[84.584s][info][gc,cpu         ] GC(417) User=0.00s Sys=0.00s Real=0.00s
[84.732s][info][gc,start       ] GC(418) Pause Young (Allocation Failure)
[84.740s][info][gc,heap        ] GC(418) DefNew: 560774K(629120K)->1517K(629120K) Eden: 559232K(559232K)->0K(559232K) From: 1542K(69888K)->1517K(69888K)
[84.740s][info][gc,heap        ] GC(418) Tenured: 38112K(1398144K)->38112K(1398144K)
[84.740s][info][gc,metaspace   ] GC(418) Metaspace: 73515K(73984K)->73515K(73984K) NonClass: 58528K(58752K)->58528K(58752K) Class: 14987K(15232K)->14987K(15232K)
[84.740s][info][gc             ] GC(418) Pause Young (Allocation Failure) 584M->38M(1979M) 8.818ms
[84.740s][info][gc,cpu         ] GC(418) User=0.00s Sys=0.00s Real=0.00s
[84.932s][info][gc,start       ] GC(419) Pause Young (Allocation Failure)
[84.940s][info][gc,heap        ] GC(419) DefNew: 560749K(629120K)->1442K(629120K) Eden: 559232K(559232K)->0K(559232K) From: 1517K(69888K)->1442K(69888K)
[84.940s][info][gc,heap        ] GC(419) Tenured: 38112K(1398144K)->38129K(1398144K)
[84.940s][info][gc,metaspace   ] GC(419) Metaspace: 73515K(73984K)->73515K(73984K) NonClass: 58528K(58752K)->58528K(58752K) Class: 14987K(15232K)->14987K(15232K)
[84.940s][info][gc             ] GC(419) Pause Young (Allocation Failure) 584M->38M(1979M) 7.596ms
[84.940s][info][gc,cpu         ] GC(419) User=0.00s Sys=0.00s Real=0.00s
[85.170s][info][gc,start       ] GC(420) Pause Young (Allocation Failure)
[85.175s][info][gc,heap        ] GC(420) DefNew: 560674K(629120K)->1367K(629120K) Eden: 559232K(559232K)->0K(559232K) From: 1442K(69888K)->1367K(69888K)
[85.175s][info][gc,heap        ] GC(420) Tenured: 38129K(1398144K)->38129K(1398144K)
[85.175s][info][gc,metaspace   ] GC(420) Metaspace: 73515K(73984K)->73515K(73984K) NonClass: 58528K(58752K)->58528K(58752K) Class: 14987K(15232K)->14987K(15232K)
[85.175s][info][gc             ] GC(420) Pause Young (Allocation Failure) 584M->38M(1979M) 5.555ms
[85.175s][info][gc,cpu         ] GC(420) User=0.00s Sys=0.00s Real=0.00s
[85.475s][info][gc,start       ] GC(421) Pause Young (Allocation Failure)
[85.480s][info][gc,heap        ] GC(421) DefNew: 560599K(629120K)->1379K(629120K) Eden: 559232K(559232K)->0K(559232K) From: 1367K(69888K)->1379K(69888K)
[85.480s][info][gc,heap        ] GC(421) Tenured: 38129K(1398144K)->38129K(1398144K)
[85.480s][info][gc,metaspace   ] GC(421) Metaspace: 73515K(73984K)->73515K(73984K) NonClass: 58528K(58752K)->58528K(58752K) Class: 14987K(15232K)->14987K(15232K)
[85.480s][info][gc             ] GC(421) Pause Young (Allocation Failure) 584M->38M(1979M) 4.949ms
[85.480s][info][gc,cpu         ] GC(421) User=0.02s Sys=0.00s Real=0.02s
[85.847s][info][gc,start       ] GC(422) Pause Young (Allocation Failure)
[85.851s][info][gc,heap        ] GC(422) DefNew: 560611K(629120K)->1371K(629120K) Eden: 559232K(559232K)->0K(559232K) From: 1379K(69888K)->1371K(69888K)
[85.851s][info][gc,heap        ] GC(422) Tenured: 38129K(1398144K)->38129K(1398144K)
[85.851s][info][gc,metaspace   ] GC(422) Metaspace: 73515K(73984K)->73515K(73984K) NonClass: 58528K(58752K)->58528K(58752K) Class: 14987K(15232K)->14987K(15232K)
[85.851s][info][gc             ] GC(422) Pause Young (Allocation Failure) 584M->38M(1979M) 4.244ms
[85.851s][info][gc,cpu         ] GC(422) User=0.00s Sys=0.00s Real=0.00s
[86.218s][info][gc,start       ] GC(423) Pause Young (Allocation Failure)
[86.222s][info][gc,heap        ] GC(423) DefNew: 560603K(629120K)->1356K(629120K) Eden: 559232K(559232K)->0K(559232K) From: 1371K(69888K)->1356K(69888K)
[86.222s][info][gc,heap        ] GC(423) Tenured: 38129K(1398144K)->38129K(1398144K)
[86.222s][info][gc,metaspace   ] GC(423) Metaspace: 73515K(73984K)->73515K(73984K) NonClass: 58528K(58752K)->58528K(58752K) Class: 14987K(15232K)->14987K(15232K)
[86.222s][info][gc             ] GC(423) Pause Young (Allocation Failure) 584M->38M(1979M) 4.266ms
[86.222s][info][gc,cpu         ] GC(423) User=0.00s Sys=0.00s Real=0.00s
[86.553s][info][gc,start       ] GC(424) Pause Full (System.gc())
[86.554s][info][gc,phases,start] GC(424) Phase 1: Mark live objects
[86.606s][info][gc,phases      ] GC(424) Phase 1: Mark live objects 51.854ms
[86.606s][info][gc,phases,start] GC(424) Phase 2: Compute new object addresses
[86.724s][info][gc,phases      ] GC(424) Phase 2: Compute new object addresses 118.280ms
[86.724s][info][gc,phases,start] GC(424) Phase 3: Adjust pointers
[86.748s][info][gc,phases      ] GC(424) Phase 3: Adjust pointers 24.235ms
[86.748s][info][gc,phases,start] GC(424) Phase 4: Move objects
[86.749s][info][gc,phases      ] GC(424) Phase 4: Move objects 1.032ms
[86.750s][info][gc,heap        ] GC(424) DefNew: 324786K(629120K)->0K(629120K) Eden: 323430K(559232K)->0K(559232K) From: 1356K(69888K)->0K(69888K)
[86.750s][info][gc,heap        ] GC(424) Tenured: 38129K(1398144K)->39326K(1398144K)
[86.750s][info][gc,metaspace   ] GC(424) Metaspace: 73557K(73984K)->73557K(73984K) NonClass: 58569K(58752K)->58569K(58752K) Class: 14987K(15232K)->14987K(15232K)
[86.750s][info][gc             ] GC(424) Pause Full (System.gc()) 354M->38M(1979M) 196.162ms
[86.750s][info][gc,cpu         ] GC(424) User=0.19s Sys=0.00s Real=0.19s
[86.915s][info][gc,start       ] GC(425) Pause Young (Allocation Failure)
[86.930s][info][gc,heap        ] GC(425) DefNew: 559232K(629120K)->3522K(629120K) Eden: 559232K(559232K)->0K(559232K) From: 0K(69888K)->3522K(69888K)
[86.930s][info][gc,heap        ] GC(425) Tenured: 39326K(1398144K)->39326K(1398144K)
[86.930s][info][gc,metaspace   ] GC(425) Metaspace: 73758K(74176K)->73758K(74176K) NonClass: 58770K(58944K)->58770K(58944K) Class: 14987K(15232K)->14987K(15232K)
[86.930s][info][gc             ] GC(425) Pause Young (Allocation Failure) 584M->41M(1979M) 15.234ms
[86.930s][info][gc,cpu         ] GC(425) User=0.02s Sys=0.00s Real=0.00s
[87.070s][info][gc,start       ] GC(426) Pause Young (Allocation Failure)
[87.082s][info][gc,heap        ] GC(426) DefNew: 562754K(629120K)->3600K(629120K) Eden: 559232K(559232K)->0K(559232K) From: 3522K(69888K)->3600K(69888K)
[87.082s][info][gc,heap        ] GC(426) Tenured: 39326K(1398144K)->39326K(1398144K)
[87.082s][info][gc,metaspace   ] GC(426) Metaspace: 73758K(74176K)->73758K(74176K) NonClass: 58770K(58944K)->58770K(58944K) Class: 14987K(15232K)->14987K(15232K)
[87.082s][info][gc             ] GC(426) Pause Young (Allocation Failure) 587M->41M(1979M) 12.840ms
[87.082s][info][gc,cpu         ] GC(426) User=0.02s Sys=0.00s Real=0.00s
[87.223s][info][gc,start       ] GC(427) Pause Young (Allocation Failure)
[87.236s][info][gc,heap        ] GC(427) DefNew: 562832K(629120K)->3515K(629120K) Eden: 559232K(559232K)->0K(559232K) From: 3600K(69888K)->3515K(69888K)
[87.236s][info][gc,heap        ] GC(427) Tenured: 39326K(1398144K)->39326K(1398144K)
[87.236s][info][gc,metaspace   ] GC(427) Metaspace: 73758K(74176K)->73758K(74176K) NonClass: 58770K(58944K)->58770K(58944K) Class: 14987K(15232K)->14987K(15232K)
[87.236s][info][gc             ] GC(427) Pause Young (Allocation Failure) 588M->41M(1979M) 12.702ms
[87.236s][info][gc,cpu         ] GC(427) User=0.00s Sys=0.00s Real=0.00s
[87.374s][info][gc,start       ] GC(428) Pause Young (Allocation Failure)
[87.387s][info][gc,heap        ] GC(428) DefNew: 562747K(629120K)->3510K(629120K) Eden: 559232K(559232K)->0K(559232K) From: 3515K(69888K)->3510K(69888K)
[87.387s][info][gc,heap        ] GC(428) Tenured: 39326K(1398144K)->39326K(1398144K)
[87.387s][info][gc,metaspace   ] GC(428) Metaspace: 73758K(74176K)->73758K(74176K) NonClass: 58770K(58944K)->58770K(58944K) Class: 14987K(15232K)->14987K(15232K)
[87.387s][info][gc             ] GC(428) Pause Young (Allocation Failure) 587M->41M(1979M) 12.471ms
[87.387s][info][gc,cpu         ] GC(428) User=0.00s Sys=0.00s Real=0.00s
[87.525s][info][gc,start       ] GC(429) Pause Young (Allocation Failure)
[87.537s][info][gc,heap        ] GC(429) DefNew: 562742K(629120K)->3433K(629120K) Eden: 559232K(559232K)->0K(559232K) From: 3510K(69888K)->3433K(69888K)
[87.537s][info][gc,heap        ] GC(429) Tenured: 39326K(1398144K)->39326K(1398144K)
[87.537s][info][gc,metaspace   ] GC(429) Metaspace: 73758K(74176K)->73758K(74176K) NonClass: 58770K(58944K)->58770K(58944K) Class: 14987K(15232K)->14987K(15232K)
[87.537s][info][gc             ] GC(429) Pause Young (Allocation Failure) 587M->41M(1979M) 12.266ms
[87.537s][info][gc,cpu         ] GC(429) User=0.00s Sys=0.00s Real=0.01s
[87.675s][info][gc,start       ] GC(430) Pause Young (Allocation Failure)
[87.688s][info][gc,heap        ] GC(430) DefNew: 562665K(629120K)->3552K(629120K) Eden: 559232K(559232K)->0K(559232K) From: 3433K(69888K)->3552K(69888K)
[87.688s][info][gc,heap        ] GC(430) Tenured: 39326K(1398144K)->39326K(1398144K)
[87.688s][info][gc,metaspace   ] GC(430) Metaspace: 73758K(74176K)->73758K(74176K) NonClass: 58770K(58944K)->58770K(58944K) Class: 14987K(15232K)->14987K(15232K)
[87.688s][info][gc             ] GC(430) Pause Young (Allocation Failure) 587M->41M(1979M) 12.762ms
[87.688s][info][gc,cpu         ] GC(430) User=0.00s Sys=0.00s Real=0.00s
[87.826s][info][gc,start       ] GC(431) Pause Young (Allocation Failure)
[87.840s][info][gc,heap        ] GC(431) DefNew: 562784K(629120K)->3551K(629120K) Eden: 559232K(559232K)->0K(559232K) From: 3552K(69888K)->3551K(69888K)
[87.840s][info][gc,heap        ] GC(431) Tenured: 39326K(1398144K)->39326K(1398144K)
[87.840s][info][gc,metaspace   ] GC(431) Metaspace: 73758K(74176K)->73758K(74176K) NonClass: 58770K(58944K)->58770K(58944K) Class: 14987K(15232K)->14987K(15232K)
[87.840s][info][gc             ] GC(431) Pause Young (Allocation Failure) 587M->41M(1979M) 13.949ms
[87.840s][info][gc,cpu         ] GC(431) User=0.00s Sys=0.00s Real=0.00s
[87.978s][info][gc,start       ] GC(432) Pause Young (Allocation Failure)
[87.991s][info][gc,heap        ] GC(432) DefNew: 562783K(629120K)->3452K(629120K) Eden: 559232K(559232K)->0K(559232K) From: 3551K(69888K)->3452K(69888K)
[87.991s][info][gc,heap        ] GC(432) Tenured: 39326K(1398144K)->39326K(1398144K)
[87.991s][info][gc,metaspace   ] GC(432) Metaspace: 73758K(74176K)->73758K(74176K) NonClass: 58770K(58944K)->58770K(58944K) Class: 14987K(15232K)->14987K(15232K)
[87.991s][info][gc             ] GC(432) Pause Young (Allocation Failure) 587M->41M(1979M) 12.972ms
[87.991s][info][gc,cpu         ] GC(432) User=0.00s Sys=0.00s Real=0.01s
[88.129s][info][gc,start       ] GC(433) Pause Young (Allocation Failure)
[88.142s][info][gc,heap        ] GC(433) DefNew: 562684K(629120K)->3509K(629120K) Eden: 559232K(559232K)->0K(559232K) From: 3452K(69888K)->3509K(69888K)
[88.142s][info][gc,heap        ] GC(433) Tenured: 39326K(1398144K)->39326K(1398144K)
[88.142s][info][gc,metaspace   ] GC(433) Metaspace: 73758K(74176K)->73758K(74176K) NonClass: 58770K(58944K)->58770K(58944K) Class: 14987K(15232K)->14987K(15232K)
[88.142s][info][gc             ] GC(433) Pause Young (Allocation Failure) 587M->41M(1979M) 12.560ms
[88.142s][info][gc,cpu         ] GC(433) User=0.00s Sys=0.00s Real=0.00s
[88.279s][info][gc,start       ] GC(434) Pause Young (Allocation Failure)
[88.292s][info][gc,heap        ] GC(434) DefNew: 562741K(629120K)->3511K(629120K) Eden: 559232K(559232K)->0K(559232K) From: 3509K(69888K)->3511K(69888K)
[88.292s][info][gc,heap        ] GC(434) Tenured: 39326K(1398144K)->39326K(1398144K)
[88.292s][info][gc,metaspace   ] GC(434) Metaspace: 73758K(74176K)->73758K(74176K) NonClass: 58770K(58944K)->58770K(58944K) Class: 14987K(15232K)->14987K(15232K)
[88.292s][info][gc             ] GC(434) Pause Young (Allocation Failure) 587M->41M(1979M) 12.361ms
[88.292s][info][gc,cpu         ] GC(434) User=0.00s Sys=0.00s Real=0.00s
[88.430s][info][gc,start       ] GC(435) Pause Young (Allocation Failure)
[88.443s][info][gc,heap        ] GC(435) DefNew: 562743K(629120K)->3429K(629120K) Eden: 559232K(559232K)->0K(559232K) From: 3511K(69888K)->3429K(69888K)
[88.443s][info][gc,heap        ] GC(435) Tenured: 39326K(1398144K)->39326K(1398144K)
[88.443s][info][gc,metaspace   ] GC(435) Metaspace: 73758K(74176K)->73758K(74176K) NonClass: 58770K(58944K)->58770K(58944K) Class: 14987K(15232K)->14987K(15232K)
[88.444s][info][gc             ] GC(435) Pause Young (Allocation Failure) 587M->41M(1979M) 13.598ms
[88.444s][info][gc,cpu         ] GC(435) User=0.00s Sys=0.00s Real=0.00s
[88.582s][info][gc,start       ] GC(436) Pause Young (Allocation Failure)
[88.595s][info][gc,heap        ] GC(436) DefNew: 562661K(629120K)->3543K(629120K) Eden: 559232K(559232K)->0K(559232K) From: 3429K(69888K)->3543K(69888K)
[88.595s][info][gc,heap        ] GC(436) Tenured: 39326K(1398144K)->39326K(1398144K)
[88.595s][info][gc,metaspace   ] GC(436) Metaspace: 73758K(74176K)->73758K(74176K) NonClass: 58770K(58944K)->58770K(58944K) Class: 14987K(15232K)->14987K(15232K)
[88.595s][info][gc             ] GC(436) Pause Young (Allocation Failure) 587M->41M(1979M) 13.141ms
[88.595s][info][gc,cpu         ] GC(436) User=0.00s Sys=0.00s Real=0.00s
[88.734s][info][gc,start       ] GC(437) Pause Young (Allocation Failure)
[88.747s][info][gc,heap        ] GC(437) DefNew: 562775K(629120K)->3542K(629120K) Eden: 559232K(559232K)->0K(559232K) From: 3543K(69888K)->3542K(69888K)
[88.747s][info][gc,heap        ] GC(437) Tenured: 39326K(1398144K)->39326K(1398144K)
[88.747s][info][gc,metaspace   ] GC(437) Metaspace: 73758K(74176K)->73758K(74176K) NonClass: 58770K(58944K)->58770K(58944K) Class: 14987K(15232K)->14987K(15232K)
[88.747s][info][gc             ] GC(437) Pause Young (Allocation Failure) 587M->41M(1979M) 12.730ms
[88.747s][info][gc,cpu         ] GC(437) User=0.00s Sys=0.00s Real=0.00s
[88.885s][info][gc,start       ] GC(438) Pause Young (Allocation Failure)
[88.898s][info][gc,heap        ] GC(438) DefNew: 562774K(629120K)->3538K(629120K) Eden: 559232K(559232K)->0K(559232K) From: 3542K(69888K)->3538K(69888K)
[88.898s][info][gc,heap        ] GC(438) Tenured: 39326K(1398144K)->39326K(1398144K)
[88.898s][info][gc,metaspace   ] GC(438) Metaspace: 73758K(74176K)->73758K(74176K) NonClass: 58770K(58944K)->58770K(58944K) Class: 14987K(15232K)->14987K(15232K)
[88.898s][info][gc             ] GC(438) Pause Young (Allocation Failure) 587M->41M(1979M) 12.590ms
[88.898s][info][gc,cpu         ] GC(438) User=0.00s Sys=0.00s Real=0.00s
[89.036s][info][gc,start       ] GC(439) Pause Young (Allocation Failure)
[89.048s][info][gc,heap        ] GC(439) DefNew: 562770K(629120K)->3480K(629120K) Eden: 559232K(559232K)->0K(559232K) From: 3538K(69888K)->3480K(69888K)
[89.048s][info][gc,heap        ] GC(439) Tenured: 39326K(1398144K)->39326K(1398144K)
[89.048s][info][gc,metaspace   ] GC(439) Metaspace: 73758K(74176K)->73758K(74176K) NonClass: 58770K(58944K)->58770K(58944K) Class: 14987K(15232K)->14987K(15232K)
[89.048s][info][gc             ] GC(439) Pause Young (Allocation Failure) 587M->41M(1979M) 12.321ms
[89.049s][info][gc,cpu         ] GC(439) User=0.00s Sys=0.00s Real=0.00s
[89.187s][info][gc,start       ] GC(440) Pause Young (Allocation Failure)
[89.202s][info][gc,heap        ] GC(440) DefNew: 562712K(629120K)->1418K(629120K) Eden: 559232K(559232K)->0K(559232K) From: 3480K(69888K)->1418K(69888K)
[89.202s][info][gc,heap        ] GC(440) Tenured: 39326K(1398144K)->41398K(1398144K)
[89.202s][info][gc,metaspace   ] GC(440) Metaspace: 73758K(74176K)->73758K(74176K) NonClass: 58770K(58944K)->58770K(58944K) Class: 14987K(15232K)->14987K(15232K)
[89.202s][info][gc             ] GC(440) Pause Young (Allocation Failure) 587M->41M(1979M) 14.429ms
[89.202s][info][gc,cpu         ] GC(440) User=0.02s Sys=0.00s Real=0.01s
[89.341s][info][gc,start       ] GC(441) Pause Young (Allocation Failure)
[89.350s][info][gc,heap        ] GC(441) DefNew: 560650K(629120K)->1450K(629120K) Eden: 559232K(559232K)->0K(559232K) From: 1418K(69888K)->1450K(69888K)
[89.350s][info][gc,heap        ] GC(441) Tenured: 41398K(1398144K)->41398K(1398144K)
[89.350s][info][gc,metaspace   ] GC(441) Metaspace: 73758K(74176K)->73758K(74176K) NonClass: 58770K(58944K)->58770K(58944K) Class: 14987K(15232K)->14987K(15232K)
[89.351s][info][gc             ] GC(441) Pause Young (Allocation Failure) 587M->41M(1979M) 9.141ms
[89.351s][info][gc,cpu         ] GC(441) User=0.00s Sys=0.00s Real=0.00s
[89.490s][info][gc,start       ] GC(442) Pause Young (Allocation Failure)
[89.499s][info][gc,heap        ] GC(442) DefNew: 560682K(629120K)->1495K(629120K) Eden: 559232K(559232K)->0K(559232K) From: 1450K(69888K)->1495K(69888K)
[89.500s][info][gc,heap        ] GC(442) Tenured: 41398K(1398144K)->41398K(1398144K)
[89.500s][info][gc,metaspace   ] GC(442) Metaspace: 73758K(74176K)->73758K(74176K) NonClass: 58770K(58944K)->58770K(58944K) Class: 14987K(15232K)->14987K(15232K)
[89.500s][info][gc             ] GC(442) Pause Young (Allocation Failure) 587M->41M(1979M) 9.825ms
[89.500s][info][gc,cpu         ] GC(442) User=0.00s Sys=0.00s Real=0.00s
[89.641s][info][gc,start       ] GC(443) Pause Young (Allocation Failure)
[89.650s][info][gc,heap        ] GC(443) DefNew: 560727K(629120K)->1474K(629120K) Eden: 559232K(559232K)->0K(559232K) From: 1495K(69888K)->1474K(69888K)
[89.650s][info][gc,heap        ] GC(443) Tenured: 41398K(1398144K)->41398K(1398144K)
[89.650s][info][gc,metaspace   ] GC(443) Metaspace: 73758K(74176K)->73758K(74176K) NonClass: 58770K(58944K)->58770K(58944K) Class: 14987K(15232K)->14987K(15232K)
[89.650s][info][gc             ] GC(443) Pause Young (Allocation Failure) 588M->41M(1979M) 9.275ms
[89.650s][info][gc,cpu         ] GC(443) User=0.00s Sys=0.00s Real=0.00s
[89.789s][info][gc,start       ] GC(444) Pause Young (Allocation Failure)
[89.798s][info][gc,heap        ] GC(444) DefNew: 560706K(629120K)->1438K(629120K) Eden: 559232K(559232K)->0K(559232K) From: 1474K(69888K)->1438K(69888K)
[89.798s][info][gc,heap        ] GC(444) Tenured: 41398K(1398144K)->41398K(1398144K)
[89.798s][info][gc,metaspace   ] GC(444) Metaspace: 73758K(74176K)->73758K(74176K) NonClass: 58770K(58944K)->58770K(58944K) Class: 14987K(15232K)->14987K(15232K)
[89.798s][info][gc             ] GC(444) Pause Young (Allocation Failure) 587M->41M(1979M) 8.606ms
[89.798s][info][gc,cpu         ] GC(444) User=0.00s Sys=0.00s Real=0.00s
[89.937s][info][gc,start       ] GC(445) Pause Young (Allocation Failure)
[89.946s][info][gc,heap        ] GC(445) DefNew: 560670K(629120K)->1456K(629120K) Eden: 559232K(559232K)->0K(559232K) From: 1438K(69888K)->1456K(69888K)
[89.946s][info][gc,heap        ] GC(445) Tenured: 41398K(1398144K)->41415K(1398144K)
[89.946s][info][gc,metaspace   ] GC(445) Metaspace: 73758K(74176K)->73758K(74176K) NonClass: 58770K(58944K)->58770K(58944K) Class: 14987K(15232K)->14987K(15232K)
[89.946s][info][gc             ] GC(445) Pause Young (Allocation Failure) 587M->41M(1979M) 9.479ms
[89.946s][info][gc,cpu         ] GC(445) User=0.00s Sys=0.00s Real=0.00s
[90.085s][info][gc,start       ] GC(446) Pause Young (Allocation Failure)
[90.094s][info][gc,heap        ] GC(446) DefNew: 560688K(629120K)->1461K(629120K) Eden: 559232K(559232K)->0K(559232K) From: 1456K(69888K)->1461K(69888K)
[90.094s][info][gc,heap        ] GC(446) Tenured: 41415K(1398144K)->41415K(1398144K)
[90.094s][info][gc,metaspace   ] GC(446) Metaspace: 73758K(74176K)->73758K(74176K) NonClass: 58770K(58944K)->58770K(58944K) Class: 14987K(15232K)->14987K(15232K)
[90.094s][info][gc             ] GC(446) Pause Young (Allocation Failure) 587M->41M(1979M) 9.181ms
[90.094s][info][gc,cpu         ] GC(446) User=0.00s Sys=0.00s Real=0.00s
[90.232s][info][gc,start       ] GC(447) Pause Young (Allocation Failure)
[90.241s][info][gc,heap        ] GC(447) DefNew: 560693K(629120K)->1465K(629120K) Eden: 559232K(559232K)->0K(559232K) From: 1461K(69888K)->1465K(69888K)
[90.241s][info][gc,heap        ] GC(447) Tenured: 41415K(1398144K)->41415K(1398144K)
[90.241s][info][gc,metaspace   ] GC(447) Metaspace: 73758K(74176K)->73758K(74176K) NonClass: 58770K(58944K)->58770K(58944K) Class: 14987K(15232K)->14987K(15232K)
[90.241s][info][gc             ] GC(447) Pause Young (Allocation Failure) 587M->41M(1979M) 8.714ms
[90.241s][info][gc,cpu         ] GC(447) User=0.00s Sys=0.00s Real=0.00s
[90.379s][info][gc,start       ] GC(448) Pause Young (Allocation Failure)
[90.388s][info][gc,heap        ] GC(448) DefNew: 560697K(629120K)->1535K(629120K) Eden: 559232K(559232K)->0K(559232K) From: 1465K(69888K)->1535K(69888K)
[90.388s][info][gc,heap        ] GC(448) Tenured: 41415K(1398144K)->41415K(1398144K)
[90.388s][info][gc,metaspace   ] GC(448) Metaspace: 73758K(74176K)->73758K(74176K) NonClass: 58770K(58944K)->58770K(58944K) Class: 14987K(15232K)->14987K(15232K)
[90.388s][info][gc             ] GC(448) Pause Young (Allocation Failure) 588M->41M(1979M) 8.853ms
[90.388s][info][gc,cpu         ] GC(448) User=0.00s Sys=0.00s Real=0.00s
[90.526s][info][gc,start       ] GC(449) Pause Young (Allocation Failure)
[90.535s][info][gc,heap        ] GC(449) DefNew: 560767K(629120K)->1503K(629120K) Eden: 559232K(559232K)->0K(559232K) From: 1535K(69888K)->1503K(69888K)
[90.535s][info][gc,heap        ] GC(449) Tenured: 41415K(1398144K)->41415K(1398144K)
[90.535s][info][gc,metaspace   ] GC(449) Metaspace: 73758K(74176K)->73758K(74176K) NonClass: 58770K(58944K)->58770K(58944K) Class: 14987K(15232K)->14987K(15232K)
[90.535s][info][gc             ] GC(449) Pause Young (Allocation Failure) 588M->41M(1979M) 8.687ms
[90.535s][info][gc,cpu         ] GC(449) User=0.00s Sys=0.00s Real=0.00s
[90.673s][info][gc,start       ] GC(450) Pause Young (Allocation Failure)
[90.682s][info][gc,heap        ] GC(450) DefNew: 560735K(629120K)->1491K(629120K) Eden: 559232K(559232K)->0K(559232K) From: 1503K(69888K)->1491K(69888K)
[90.682s][info][gc,heap        ] GC(450) Tenured: 41415K(1398144K)->41415K(1398144K)
[90.682s][info][gc,metaspace   ] GC(450) Metaspace: 73758K(74176K)->73758K(74176K) NonClass: 58770K(58944K)->58770K(58944K) Class: 14987K(15232K)->14987K(15232K)
[90.682s][info][gc             ] GC(450) Pause Young (Allocation Failure) 588M->41M(1979M) 8.800ms
[90.682s][info][gc,cpu         ] GC(450) User=0.00s Sys=0.00s Real=0.00s
[90.820s][info][gc,start       ] GC(451) Pause Young (Allocation Failure)
[90.829s][info][gc,heap        ] GC(451) DefNew: 560723K(629120K)->1486K(629120K) Eden: 559232K(559232K)->0K(559232K) From: 1491K(69888K)->1486K(69888K)
[90.829s][info][gc,heap        ] GC(451) Tenured: 41415K(1398144K)->41433K(1398144K)
[90.829s][info][gc,metaspace   ] GC(451) Metaspace: 73758K(74176K)->73758K(74176K) NonClass: 58770K(58944K)->58770K(58944K) Class: 14987K(15232K)->14987K(15232K)
[90.829s][info][gc             ] GC(451) Pause Young (Allocation Failure) 588M->41M(1979M) 8.778ms
[90.829s][info][gc,cpu         ] GC(451) User=0.00s Sys=0.00s Real=0.00s
[90.967s][info][gc,start       ] GC(452) Pause Young (Allocation Failure)
[90.975s][info][gc,heap        ] GC(452) DefNew: 560718K(629120K)->1444K(629120K) Eden: 559232K(559232K)->0K(559232K) From: 1486K(69888K)->1444K(69888K)
[90.975s][info][gc,heap        ] GC(452) Tenured: 41433K(1398144K)->41433K(1398144K)
[90.975s][info][gc,metaspace   ] GC(452) Metaspace: 73758K(74176K)->73758K(74176K) NonClass: 58770K(58944K)->58770K(58944K) Class: 14987K(15232K)->14987K(15232K)
[90.975s][info][gc             ] GC(452) Pause Young (Allocation Failure) 588M->41M(1979M) 8.570ms
[90.975s][info][gc,cpu         ] GC(452) User=0.00s Sys=0.00s Real=0.00s
[91.113s][info][gc,start       ] GC(453) Pause Young (Allocation Failure)
[91.122s][info][gc,heap        ] GC(453) DefNew: 560676K(629120K)->1459K(629120K) Eden: 559232K(559232K)->0K(559232K) From: 1444K(69888K)->1459K(69888K)
[91.122s][info][gc,heap        ] GC(453) Tenured: 41433K(1398144K)->41433K(1398144K)
[91.122s][info][gc,metaspace   ] GC(453) Metaspace: 73758K(74176K)->73758K(74176K) NonClass: 58770K(58944K)->58770K(58944K) Class: 14987K(15232K)->14987K(15232K)
[91.122s][info][gc             ] GC(453) Pause Young (Allocation Failure) 587M->41M(1979M) 8.609ms
[91.122s][info][gc,cpu         ] GC(453) User=0.00s Sys=0.00s Real=0.00s
[91.260s][info][gc,start       ] GC(454) Pause Young (Allocation Failure)
[91.269s][info][gc,heap        ] GC(454) DefNew: 560691K(629120K)->1480K(629120K) Eden: 559232K(559232K)->0K(559232K) From: 1459K(69888K)->1480K(69888K)
[91.269s][info][gc,heap        ] GC(454) Tenured: 41433K(1398144K)->41433K(1398144K)
[91.269s][info][gc,metaspace   ] GC(454) Metaspace: 73758K(74176K)->73758K(74176K) NonClass: 58770K(58944K)->58770K(58944K) Class: 14987K(15232K)->14987K(15232K)
[91.269s][info][gc             ] GC(454) Pause Young (Allocation Failure) 588M->41M(1979M) 8.691ms
[91.269s][info][gc,cpu         ] GC(454) User=0.00s Sys=0.00s Real=0.00s
[91.408s][info][gc,start       ] GC(455) Pause Young (Allocation Failure)
[91.417s][info][gc,heap        ] GC(455) DefNew: 560712K(629120K)->1451K(629120K) Eden: 559232K(559232K)->0K(559232K) From: 1480K(69888K)->1451K(69888K)
[91.417s][info][gc,heap        ] GC(455) Tenured: 41433K(1398144K)->41433K(1398144K)
[91.417s][info][gc,metaspace   ] GC(455) Metaspace: 73758K(74176K)->73758K(74176K) NonClass: 58770K(58944K)->58770K(58944K) Class: 14987K(15232K)->14987K(15232K)
[91.417s][info][gc             ] GC(455) Pause Young (Allocation Failure) 588M->41M(1979M) 9.527ms
[91.417s][info][gc,cpu         ] GC(455) User=0.02s Sys=0.00s Real=0.01s
[91.556s][info][gc,start       ] GC(456) Pause Young (Allocation Failure)
[91.566s][info][gc,heap        ] GC(456) DefNew: 560683K(629120K)->1596K(629120K) Eden: 559232K(559232K)->0K(559232K) From: 1451K(69888K)->1596K(69888K)
[91.566s][info][gc,heap        ] GC(456) Tenured: 41433K(1398144K)->41433K(1398144K)
[91.566s][info][gc,metaspace   ] GC(456) Metaspace: 73758K(74176K)->73758K(74176K) NonClass: 58770K(58944K)->58770K(58944K) Class: 14987K(15232K)->14987K(15232K)
[91.566s][info][gc             ] GC(456) Pause Young (Allocation Failure) 588M->42M(1979M) 9.905ms
[91.566s][info][gc,cpu         ] GC(456) User=0.00s Sys=0.02s Real=0.00s
[91.705s][info][gc,start       ] GC(457) Pause Young (Allocation Failure)
[91.715s][info][gc,heap        ] GC(457) DefNew: 560828K(629120K)->1500K(629120K) Eden: 559232K(559232K)->0K(559232K) From: 1596K(69888K)->1500K(69888K)
[91.715s][info][gc,heap        ] GC(457) Tenured: 41433K(1398144K)->41468K(1398144K)
[91.715s][info][gc,metaspace   ] GC(457) Metaspace: 73758K(74176K)->73758K(74176K) NonClass: 58770K(58944K)->58770K(58944K) Class: 14987K(15232K)->14987K(15232K)
[91.715s][info][gc             ] GC(457) Pause Young (Allocation Failure) 588M->41M(1979M) 9.904ms
[91.715s][info][gc,cpu         ] GC(457) User=0.00s Sys=0.00s Real=0.00s
[91.858s][info][gc,start       ] GC(458) Pause Young (Allocation Failure)
[91.867s][info][gc,heap        ] GC(458) DefNew: 560732K(629120K)->1569K(629120K) Eden: 559232K(559232K)->0K(559232K) From: 1500K(69888K)->1569K(69888K)
[91.867s][info][gc,heap        ] GC(458) Tenured: 41468K(1398144K)->41484K(1398144K)
[91.867s][info][gc,metaspace   ] GC(458) Metaspace: 73758K(74176K)->73758K(74176K) NonClass: 58770K(58944K)->58770K(58944K) Class: 14987K(15232K)->14987K(15232K)
[91.867s][info][gc             ] GC(458) Pause Young (Allocation Failure) 588M->42M(1979M) 9.535ms
[91.867s][info][gc,cpu         ] GC(458) User=0.00s Sys=0.00s Real=0.00s
[92.019s][info][gc,start       ] GC(459) Pause Young (Allocation Failure)
[92.027s][info][gc,heap        ] GC(459) DefNew: 560801K(629120K)->1521K(629120K) Eden: 559232K(559232K)->0K(559232K) From: 1569K(69888K)->1521K(69888K)
[92.027s][info][gc,heap        ] GC(459) Tenured: 41484K(1398144K)->41484K(1398144K)
[92.027s][info][gc,metaspace   ] GC(459) Metaspace: 73758K(74176K)->73758K(74176K) NonClass: 58770K(58944K)->58770K(58944K) Class: 14987K(15232K)->14987K(15232K)
[92.027s][info][gc             ] GC(459) Pause Young (Allocation Failure) 588M->41M(1979M) 7.902ms
[92.027s][info][gc,cpu         ] GC(459) User=0.00s Sys=0.00s Real=0.00s
[92.186s][info][gc,start       ] GC(460) Pause Young (Allocation Failure)
[92.193s][info][gc,heap        ] GC(460) DefNew: 560753K(629120K)->1498K(629120K) Eden: 559232K(559232K)->0K(559232K) From: 1521K(69888K)->1498K(69888K)
[92.193s][info][gc,heap        ] GC(460) Tenured: 41484K(1398144K)->41484K(1398144K)
[92.193s][info][gc,metaspace   ] GC(460) Metaspace: 73758K(74176K)->73758K(74176K) NonClass: 58770K(58944K)->58770K(58944K) Class: 14987K(15232K)->14987K(15232K)
[92.193s][info][gc             ] GC(460) Pause Young (Allocation Failure) 588M->41M(1979M) 7.264ms
[92.193s][info][gc,cpu         ] GC(460) User=0.00s Sys=0.00s Real=0.00s
[92.378s][info][gc,start       ] GC(461) Pause Young (Allocation Failure)
[92.385s][info][gc,heap        ] GC(461) DefNew: 560730K(629120K)->1411K(629120K) Eden: 559232K(559232K)->0K(559232K) From: 1498K(69888K)->1411K(69888K)
[92.385s][info][gc,heap        ] GC(461) Tenured: 41484K(1398144K)->41484K(1398144K)
[92.385s][info][gc,metaspace   ] GC(461) Metaspace: 73758K(74176K)->73758K(74176K) NonClass: 58770K(58944K)->58770K(58944K) Class: 14987K(15232K)->14987K(15232K)
[92.385s][info][gc             ] GC(461) Pause Young (Allocation Failure) 588M->41M(1979M) 6.836ms
[92.385s][info][gc,cpu         ] GC(461) User=0.00s Sys=0.00s Real=0.00s
[92.622s][info][gc,start       ] GC(462) Pause Young (Allocation Failure)
[92.627s][info][gc,heap        ] GC(462) DefNew: 560643K(629120K)->1363K(629120K) Eden: 559232K(559232K)->0K(559232K) From: 1411K(69888K)->1363K(69888K)
[92.627s][info][gc,heap        ] GC(462) Tenured: 41484K(1398144K)->41484K(1398144K)
[92.627s][info][gc,metaspace   ] GC(462) Metaspace: 73790K(74240K)->73790K(74240K) NonClass: 58802K(59008K)->58802K(59008K) Class: 14987K(15232K)->14987K(15232K)
[92.627s][info][gc             ] GC(462) Pause Young (Allocation Failure) 588M->41M(1979M) 5.489ms
[92.627s][info][gc,cpu         ] GC(462) User=0.00s Sys=0.00s Real=0.00s
[92.977s][info][gc,start       ] GC(463) Pause Young (Allocation Failure)
[92.982s][info][gc,heap        ] GC(463) DefNew: 560595K(629120K)->1361K(629120K) Eden: 559232K(559232K)->0K(559232K) From: 1363K(69888K)->1361K(69888K)
[92.982s][info][gc,heap        ] GC(463) Tenured: 41484K(1398144K)->41484K(1398144K)
[92.982s][info][gc,metaspace   ] GC(463) Metaspace: 73790K(74240K)->73790K(74240K) NonClass: 58802K(59008K)->58802K(59008K) Class: 14987K(15232K)->14987K(15232K)
[92.982s][info][gc             ] GC(463) Pause Young (Allocation Failure) 587M->41M(1979M) 4.473ms
[92.982s][info][gc,cpu         ] GC(463) User=0.00s Sys=0.00s Real=0.00s
[93.347s][info][gc,start       ] GC(464) Pause Young (Allocation Failure)
[93.352s][info][gc,heap        ] GC(464) DefNew: 560593K(629120K)->1366K(629120K) Eden: 559232K(559232K)->0K(559232K) From: 1361K(69888K)->1366K(69888K)
[93.352s][info][gc,heap        ] GC(464) Tenured: 41484K(1398144K)->41484K(1398144K)
[93.352s][info][gc,metaspace   ] GC(464) Metaspace: 73790K(74240K)->73790K(74240K) NonClass: 58802K(59008K)->58802K(59008K) Class: 14987K(15232K)->14987K(15232K)
[93.352s][info][gc             ] GC(464) Pause Young (Allocation Failure) 587M->41M(1979M) 4.217ms
[93.352s][info][gc,cpu         ] GC(464) User=0.00s Sys=0.00s Real=0.00s
[93.714s][info][gc,start       ] GC(465) Pause Young (Allocation Failure)
[93.719s][info][gc,heap        ] GC(465) DefNew: 560598K(629120K)->1372K(629120K) Eden: 559232K(559232K)->0K(559232K) From: 1366K(69888K)->1372K(69888K)
[93.719s][info][gc,heap        ] GC(465) Tenured: 41484K(1398144K)->41501K(1398144K)
[93.719s][info][gc,metaspace   ] GC(465) Metaspace: 73790K(74240K)->73790K(74240K) NonClass: 58802K(59008K)->58802K(59008K) Class: 14987K(15232K)->14987K(15232K)
[93.719s][info][gc             ] GC(465) Pause Young (Allocation Failure) 587M->41M(1979M) 4.429ms
[93.719s][info][gc,cpu         ] GC(465) User=0.00s Sys=0.00s Real=0.00s
[93.979s][info][gc,start       ] GC(466) Pause Full (System.gc())
[93.979s][info][gc,phases,start] GC(466) Phase 1: Mark live objects
[94.030s][info][gc,phases      ] GC(466) Phase 1: Mark live objects 50.665ms
[94.030s][info][gc,phases,start] GC(466) Phase 2: Compute new object addresses
[94.146s][info][gc,phases      ] GC(466) Phase 2: Compute new object addresses 116.584ms
[94.146s][info][gc,phases,start] GC(466) Phase 3: Adjust pointers
[94.170s][info][gc,phases      ] GC(466) Phase 3: Adjust pointers 23.886ms
[94.170s][info][gc,phases,start] GC(466) Phase 4: Move objects
[94.171s][info][gc,phases      ] GC(466) Phase 4: Move objects 1.080ms
[94.172s][info][gc,heap        ] GC(466) DefNew: 323290K(629120K)->0K(629120K) Eden: 321917K(559232K)->0K(559232K) From: 1372K(69888K)->0K(69888K)
[94.172s][info][gc,heap        ] GC(466) Tenured: 41501K(1398144K)->42727K(1398144K)
[94.172s][info][gc,metaspace   ] GC(466) Metaspace: 73794K(74240K)->73794K(74240K) NonClass: 58806K(59008K)->58806K(59008K) Class: 14987K(15232K)->14987K(15232K)
[94.172s][info][gc             ] GC(466) Pause Full (System.gc()) 356M->41M(1979M) 192.986ms
[94.172s][info][gc,cpu         ] GC(466) User=0.19s Sys=0.00s Real=0.19s
[94.342s][info][gc,start       ] GC(467) Pause Young (Allocation Failure)
[94.358s][info][gc,heap        ] GC(467) DefNew: 559232K(629120K)->3627K(629120K) Eden: 559232K(559232K)->0K(559232K) From: 0K(69888K)->3627K(69888K)
[94.358s][info][gc,heap        ] GC(467) Tenured: 42727K(1398144K)->42727K(1398144K)
[94.358s][info][gc,metaspace   ] GC(467) Metaspace: 74089K(74560K)->74089K(74560K) NonClass: 59101K(59328K)->59101K(59328K) Class: 14987K(15232K)->14987K(15232K)
[94.358s][info][gc             ] GC(467) Pause Young (Allocation Failure) 587M->45M(1979M) 15.707ms
[94.358s][info][gc,cpu         ] GC(467) User=0.02s Sys=0.00s Real=0.02s
[94.498s][info][gc,start       ] GC(468) Pause Young (Allocation Failure)
[94.510s][info][gc,heap        ] GC(468) DefNew: 562859K(629120K)->3578K(629120K) Eden: 559232K(559232K)->0K(559232K) From: 3627K(69888K)->3578K(69888K)
[94.511s][info][gc,heap        ] GC(468) Tenured: 42727K(1398144K)->42727K(1398144K)
[94.511s][info][gc,metaspace   ] GC(468) Metaspace: 74089K(74560K)->74089K(74560K) NonClass: 59101K(59328K)->59101K(59328K) Class: 14987K(15232K)->14987K(15232K)
[94.511s][info][gc             ] GC(468) Pause Young (Allocation Failure) 591M->45M(1979M) 12.275ms
[94.511s][info][gc,cpu         ] GC(468) User=0.00s Sys=0.00s Real=0.00s
[94.650s][info][gc,start       ] GC(469) Pause Young (Allocation Failure)
[94.662s][info][gc,heap        ] GC(469) DefNew: 562810K(629120K)->3583K(629120K) Eden: 559232K(559232K)->0K(559232K) From: 3578K(69888K)->3583K(69888K)
[94.662s][info][gc,heap        ] GC(469) Tenured: 42727K(1398144K)->42727K(1398144K)
[94.662s][info][gc,metaspace   ] GC(469) Metaspace: 74089K(74560K)->74089K(74560K) NonClass: 59101K(59328K)->59101K(59328K) Class: 14987K(15232K)->14987K(15232K)
[94.662s][info][gc             ] GC(469) Pause Young (Allocation Failure) 591M->45M(1979M) 12.684ms
[94.662s][info][gc,cpu         ] GC(469) User=0.00s Sys=0.02s Real=0.01s
[94.801s][info][gc,start       ] GC(470) Pause Young (Allocation Failure)
[94.814s][info][gc,heap        ] GC(470) DefNew: 562815K(629120K)->3591K(629120K) Eden: 559232K(559232K)->0K(559232K) From: 3583K(69888K)->3591K(69888K)
[94.814s][info][gc,heap        ] GC(470) Tenured: 42727K(1398144K)->42727K(1398144K)
[94.814s][info][gc,metaspace   ] GC(470) Metaspace: 74089K(74560K)->74089K(74560K) NonClass: 59101K(59328K)->59101K(59328K) Class: 14987K(15232K)->14987K(15232K)
[94.814s][info][gc             ] GC(470) Pause Young (Allocation Failure) 591M->45M(1979M) 12.882ms
[94.814s][info][gc,cpu         ] GC(470) User=0.02s Sys=0.00s Real=0.01s
[94.952s][info][gc,start       ] GC(471) Pause Young (Allocation Failure)
[94.964s][info][gc,heap        ] GC(471) DefNew: 562823K(629120K)->3534K(629120K) Eden: 559232K(559232K)->0K(559232K) From: 3591K(69888K)->3534K(69888K)
[94.964s][info][gc,heap        ] GC(471) Tenured: 42727K(1398144K)->42727K(1398144K)
[94.964s][info][gc,metaspace   ] GC(471) Metaspace: 74089K(74560K)->74089K(74560K) NonClass: 59101K(59328K)->59101K(59328K) Class: 14987K(15232K)->14987K(15232K)
[94.964s][info][gc             ] GC(471) Pause Young (Allocation Failure) 591M->45M(1979M) 12.437ms
[94.965s][info][gc,cpu         ] GC(471) User=0.00s Sys=0.00s Real=0.00s
[95.103s][info][gc,start       ] GC(472) Pause Young (Allocation Failure)
[95.115s][info][gc,heap        ] GC(472) DefNew: 562766K(629120K)->3562K(629120K) Eden: 559232K(559232K)->0K(559232K) From: 3534K(69888K)->3562K(69888K)
[95.115s][info][gc,heap        ] GC(472) Tenured: 42727K(1398144K)->42727K(1398144K)
[95.115s][info][gc,metaspace   ] GC(472) Metaspace: 74089K(74560K)->74089K(74560K) NonClass: 59101K(59328K)->59101K(59328K) Class: 14987K(15232K)->14987K(15232K)
[95.115s][info][gc             ] GC(472) Pause Young (Allocation Failure) 591M->45M(1979M) 12.434ms
[95.115s][info][gc,cpu         ] GC(472) User=0.00s Sys=0.00s Real=0.00s
[95.254s][info][gc,start       ] GC(473) Pause Young (Allocation Failure)
[95.266s][info][gc,heap        ] GC(473) DefNew: 562794K(629120K)->3544K(629120K) Eden: 559232K(559232K)->0K(559232K) From: 3562K(69888K)->3544K(69888K)
[95.266s][info][gc,heap        ] GC(473) Tenured: 42727K(1398144K)->42727K(1398144K)
[95.266s][info][gc,metaspace   ] GC(473) Metaspace: 74089K(74560K)->74089K(74560K) NonClass: 59101K(59328K)->59101K(59328K) Class: 14987K(15232K)->14987K(15232K)
[95.266s][info][gc             ] GC(473) Pause Young (Allocation Failure) 591M->45M(1979M) 12.428ms
[95.266s][info][gc,cpu         ] GC(473) User=0.00s Sys=0.00s Real=0.00s
[95.404s][info][gc,start       ] GC(474) Pause Young (Allocation Failure)
[95.417s][info][gc,heap        ] GC(474) DefNew: 562776K(629120K)->3570K(629120K) Eden: 559232K(559232K)->0K(559232K) From: 3544K(69888K)->3570K(69888K)
[95.417s][info][gc,heap        ] GC(474) Tenured: 42727K(1398144K)->42727K(1398144K)
[95.417s][info][gc,metaspace   ] GC(474) Metaspace: 74089K(74560K)->74089K(74560K) NonClass: 59101K(59328K)->59101K(59328K) Class: 14987K(15232K)->14987K(15232K)
[95.417s][info][gc             ] GC(474) Pause Young (Allocation Failure) 591M->45M(1979M) 12.883ms
[95.417s][info][gc,cpu         ] GC(474) User=0.00s Sys=0.00s Real=0.00s
[95.558s][info][gc,start       ] GC(475) Pause Young (Allocation Failure)
[95.570s][info][gc,heap        ] GC(475) DefNew: 562802K(629120K)->3575K(629120K) Eden: 559232K(559232K)->0K(559232K) From: 3570K(69888K)->3575K(69888K)
[95.570s][info][gc,heap        ] GC(475) Tenured: 42727K(1398144K)->42727K(1398144K)
[95.570s][info][gc,metaspace   ] GC(475) Metaspace: 74089K(74560K)->74089K(74560K) NonClass: 59101K(59328K)->59101K(59328K) Class: 14987K(15232K)->14987K(15232K)
[95.570s][info][gc             ] GC(475) Pause Young (Allocation Failure) 591M->45M(1979M) 12.548ms
[95.570s][info][gc,cpu         ] GC(475) User=0.00s Sys=0.00s Real=0.00s
[95.709s][info][gc,start       ] GC(476) Pause Young (Allocation Failure)
[95.722s][info][gc,heap        ] GC(476) DefNew: 562807K(629120K)->3563K(629120K) Eden: 559232K(559232K)->0K(559232K) From: 3575K(69888K)->3563K(69888K)
[95.722s][info][gc,heap        ] GC(476) Tenured: 42727K(1398144K)->42727K(1398144K)
[95.722s][info][gc,metaspace   ] GC(476) Metaspace: 74089K(74560K)->74089K(74560K) NonClass: 59101K(59328K)->59101K(59328K) Class: 14987K(15232K)->14987K(15232K)
[95.722s][info][gc             ] GC(476) Pause Young (Allocation Failure) 591M->45M(1979M) 12.662ms
[95.722s][info][gc,cpu         ] GC(476) User=0.00s Sys=0.00s Real=0.00s
[95.860s][info][gc,start       ] GC(477) Pause Young (Allocation Failure)
[95.873s][info][gc,heap        ] GC(477) DefNew: 562795K(629120K)->3569K(629120K) Eden: 559232K(559232K)->0K(559232K) From: 3563K(69888K)->3569K(69888K)
[95.873s][info][gc,heap        ] GC(477) Tenured: 42727K(1398144K)->42727K(1398144K)
[95.873s][info][gc,metaspace   ] GC(477) Metaspace: 74089K(74560K)->74089K(74560K) NonClass: 59101K(59328K)->59101K(59328K) Class: 14987K(15232K)->14987K(15232K)
[95.873s][info][gc             ] GC(477) Pause Young (Allocation Failure) 591M->45M(1979M) 12.821ms
[95.873s][info][gc,cpu         ] GC(477) User=0.02s Sys=0.00s Real=0.01s
[96.014s][info][gc,start       ] GC(478) Pause Young (Allocation Failure)
[96.027s][info][gc,heap        ] GC(478) DefNew: 562801K(629120K)->3601K(629120K) Eden: 559232K(559232K)->0K(559232K) From: 3569K(69888K)->3601K(69888K)
[96.027s][info][gc,heap        ] GC(478) Tenured: 42727K(1398144K)->42727K(1398144K)
[96.027s][info][gc,metaspace   ] GC(478) Metaspace: 74089K(74560K)->74089K(74560K) NonClass: 59101K(59328K)->59101K(59328K) Class: 14987K(15232K)->14987K(15232K)
[96.027s][info][gc             ] GC(478) Pause Young (Allocation Failure) 591M->45M(1979M) 12.580ms
[96.027s][info][gc,cpu         ] GC(478) User=0.00s Sys=0.00s Real=0.00s
[96.169s][info][gc,start       ] GC(479) Pause Young (Allocation Failure)
[96.181s][info][gc,heap        ] GC(479) DefNew: 562833K(629120K)->3564K(629120K) Eden: 559232K(559232K)->0K(559232K) From: 3601K(69888K)->3564K(69888K)
[96.182s][info][gc,heap        ] GC(479) Tenured: 42727K(1398144K)->42727K(1398144K)
[96.182s][info][gc,metaspace   ] GC(479) Metaspace: 74089K(74560K)->74089K(74560K) NonClass: 59101K(59328K)->59101K(59328K) Class: 14987K(15232K)->14987K(15232K)
[96.182s][info][gc             ] GC(479) Pause Young (Allocation Failure) 591M->45M(1979M) 12.443ms
[96.182s][info][gc,cpu         ] GC(479) User=0.00s Sys=0.00s Real=0.00s
[96.322s][info][gc,start       ] GC(480) Pause Young (Allocation Failure)
[96.335s][info][gc,heap        ] GC(480) DefNew: 562796K(629120K)->3567K(629120K) Eden: 559232K(559232K)->0K(559232K) From: 3564K(69888K)->3567K(69888K)
[96.335s][info][gc,heap        ] GC(480) Tenured: 42727K(1398144K)->42727K(1398144K)
[96.335s][info][gc,metaspace   ] GC(480) Metaspace: 74089K(74560K)->74089K(74560K) NonClass: 59101K(59328K)->59101K(59328K) Class: 14987K(15232K)->14987K(15232K)
[96.335s][info][gc             ] GC(480) Pause Young (Allocation Failure) 591M->45M(1979M) 12.692ms
[96.335s][info][gc,cpu         ] GC(480) User=0.00s Sys=0.00s Real=0.01s
[96.474s][info][gc,start       ] GC(481) Pause Young (Allocation Failure)
[96.487s][info][gc,heap        ] GC(481) DefNew: 562799K(629120K)->3489K(629120K) Eden: 559232K(559232K)->0K(559232K) From: 3567K(69888K)->3489K(69888K)
[96.487s][info][gc,heap        ] GC(481) Tenured: 42727K(1398144K)->42727K(1398144K)
[96.487s][info][gc,metaspace   ] GC(481) Metaspace: 74089K(74560K)->74089K(74560K) NonClass: 59101K(59328K)->59101K(59328K) Class: 14987K(15232K)->14987K(15232K)
[96.488s][info][gc             ] GC(481) Pause Young (Allocation Failure) 591M->45M(1979M) 13.232ms
[96.488s][info][gc,cpu         ] GC(481) User=0.00s Sys=0.00s Real=0.00s
[96.629s][info][gc,start       ] GC(482) Pause Young (Allocation Failure)
[96.642s][info][gc,heap        ] GC(482) DefNew: 562721K(629120K)->1471K(629120K) Eden: 559232K(559232K)->0K(559232K) From: 3489K(69888K)->1471K(69888K)
[96.642s][info][gc,heap        ] GC(482) Tenured: 42727K(1398144K)->44857K(1398144K)
[96.642s][info][gc,metaspace   ] GC(482) Metaspace: 74089K(74560K)->74089K(74560K) NonClass: 59101K(59328K)->59101K(59328K) Class: 14987K(15232K)->14987K(15232K)
[96.642s][info][gc             ] GC(482) Pause Young (Allocation Failure) 591M->45M(1979M) 13.747ms
[96.642s][info][gc,cpu         ] GC(482) User=0.00s Sys=0.00s Real=0.00s
[96.784s][info][gc,start       ] GC(483) Pause Young (Allocation Failure)
[96.792s][info][gc,heap        ] GC(483) DefNew: 560703K(629120K)->1481K(629120K) Eden: 559232K(559232K)->0K(559232K) From: 1471K(69888K)->1481K(69888K)
[96.792s][info][gc,heap        ] GC(483) Tenured: 44857K(1398144K)->44858K(1398144K)
[96.792s][info][gc,metaspace   ] GC(483) Metaspace: 74089K(74560K)->74089K(74560K) NonClass: 59101K(59328K)->59101K(59328K) Class: 14987K(15232K)->14987K(15232K)
[96.793s][info][gc             ] GC(483) Pause Young (Allocation Failure) 591M->45M(1979M) 8.805ms
[96.793s][info][gc,cpu         ] GC(483) User=0.00s Sys=0.00s Real=0.00s
[96.931s][info][gc,start       ] GC(484) Pause Young (Allocation Failure)
[96.940s][info][gc,heap        ] GC(484) DefNew: 560713K(629120K)->1489K(629120K) Eden: 559232K(559232K)->0K(559232K) From: 1481K(69888K)->1489K(69888K)
[96.940s][info][gc,heap        ] GC(484) Tenured: 44858K(1398144K)->44874K(1398144K)
[96.940s][info][gc,metaspace   ] GC(484) Metaspace: 74089K(74560K)->74089K(74560K) NonClass: 59101K(59328K)->59101K(59328K) Class: 14987K(15232K)->14987K(15232K)
[96.940s][info][gc             ] GC(484) Pause Young (Allocation Failure) 591M->45M(1979M) 9.071ms
[96.940s][info][gc,cpu         ] GC(484) User=0.00s Sys=0.00s Real=0.01s
[97.078s][info][gc,start       ] GC(485) Pause Young (Allocation Failure)
[97.087s][info][gc,heap        ] GC(485) DefNew: 560721K(629120K)->1509K(629120K) Eden: 559232K(559232K)->0K(559232K) From: 1489K(69888K)->1509K(69888K)
[97.087s][info][gc,heap        ] GC(485) Tenured: 44874K(1398144K)->44874K(1398144K)
[97.087s][info][gc,metaspace   ] GC(485) Metaspace: 74089K(74560K)->74089K(74560K) NonClass: 59101K(59328K)->59101K(59328K) Class: 14987K(15232K)->14987K(15232K)
[97.087s][info][gc             ] GC(485) Pause Young (Allocation Failure) 591M->45M(1979M) 8.673ms
[97.087s][info][gc,cpu         ] GC(485) User=0.00s Sys=0.00s Real=0.00s
[97.226s][info][gc,start       ] GC(486) Pause Young (Allocation Failure)
[97.235s][info][gc,heap        ] GC(486) DefNew: 560741K(629120K)->1518K(629120K) Eden: 559232K(559232K)->0K(559232K) From: 1509K(69888K)->1518K(69888K)
[97.235s][info][gc,heap        ] GC(486) Tenured: 44874K(1398144K)->44874K(1398144K)
[97.235s][info][gc,metaspace   ] GC(486) Metaspace: 74089K(74560K)->74089K(74560K) NonClass: 59101K(59328K)->59101K(59328K) Class: 14987K(15232K)->14987K(15232K)
[97.235s][info][gc             ] GC(486) Pause Young (Allocation Failure) 591M->45M(1979M) 8.884ms
[97.235s][info][gc,cpu         ] GC(486) User=0.00s Sys=0.00s Real=0.00s
[97.373s][info][gc,start       ] GC(487) Pause Young (Allocation Failure)
[97.382s][info][gc,heap        ] GC(487) DefNew: 560750K(629120K)->1433K(629120K) Eden: 559232K(559232K)->0K(559232K) From: 1518K(69888K)->1433K(69888K)
[97.383s][info][gc,heap        ] GC(487) Tenured: 44874K(1398144K)->44874K(1398144K)
[97.383s][info][gc,metaspace   ] GC(487) Metaspace: 74089K(74560K)->74089K(74560K) NonClass: 59101K(59328K)->59101K(59328K) Class: 14987K(15232K)->14987K(15232K)
[97.383s][info][gc             ] GC(487) Pause Young (Allocation Failure) 591M->45M(1979M) 9.321ms
[97.383s][info][gc,cpu         ] GC(487) User=0.00s Sys=0.00s Real=0.00s
[97.522s][info][gc,start       ] GC(488) Pause Young (Allocation Failure)
[97.532s][info][gc,heap        ] GC(488) DefNew: 560665K(629120K)->1495K(629120K) Eden: 559232K(559232K)->0K(559232K) From: 1433K(69888K)->1495K(69888K)
[97.532s][info][gc,heap        ] GC(488) Tenured: 44874K(1398144K)->44874K(1398144K)
[97.532s][info][gc,metaspace   ] GC(488) Metaspace: 74089K(74560K)->74089K(74560K) NonClass: 59101K(59328K)->59101K(59328K) Class: 14987K(15232K)->14987K(15232K)
[97.532s][info][gc             ] GC(488) Pause Young (Allocation Failure) 591M->45M(1979M) 9.600ms
[97.532s][info][gc,cpu         ] GC(488) User=0.00s Sys=0.00s Real=0.00s
[97.671s][info][gc,start       ] GC(489) Pause Young (Allocation Failure)
[97.680s][info][gc,heap        ] GC(489) DefNew: 560727K(629120K)->1495K(629120K) Eden: 559232K(559232K)->0K(559232K) From: 1495K(69888K)->1495K(69888K)
[97.680s][info][gc,heap        ] GC(489) Tenured: 44874K(1398144K)->44874K(1398144K)
[97.680s][info][gc,metaspace   ] GC(489) Metaspace: 74089K(74560K)->74089K(74560K) NonClass: 59101K(59328K)->59101K(59328K) Class: 14987K(15232K)->14987K(15232K)
[97.680s][info][gc             ] GC(489) Pause Young (Allocation Failure) 591M->45M(1979M) 8.955ms
[97.680s][info][gc,cpu         ] GC(489) User=0.00s Sys=0.00s Real=0.00s
[97.818s][info][gc,start       ] GC(490) Pause Young (Allocation Failure)
[97.827s][info][gc,heap        ] GC(490) DefNew: 560727K(629120K)->1518K(629120K) Eden: 559232K(559232K)->0K(559232K) From: 1495K(69888K)->1518K(69888K)
[97.827s][info][gc,heap        ] GC(490) Tenured: 44874K(1398144K)->44890K(1398144K)
[97.827s][info][gc,metaspace   ] GC(490) Metaspace: 74089K(74560K)->74089K(74560K) NonClass: 59101K(59328K)->59101K(59328K) Class: 14987K(15232K)->14987K(15232K)
[97.827s][info][gc             ] GC(490) Pause Young (Allocation Failure) 591M->45M(1979M) 8.850ms
[97.827s][info][gc,cpu         ] GC(490) User=0.00s Sys=0.00s Real=0.00s
[97.965s][info][gc,start       ] GC(491) Pause Young (Allocation Failure)
[97.974s][info][gc,heap        ] GC(491) DefNew: 560750K(629120K)->1437K(629120K) Eden: 559232K(559232K)->0K(559232K) From: 1518K(69888K)->1437K(69888K)
[97.974s][info][gc,heap        ] GC(491) Tenured: 44890K(1398144K)->44890K(1398144K)
[97.974s][info][gc,metaspace   ] GC(491) Metaspace: 74089K(74560K)->74089K(74560K) NonClass: 59101K(59328K)->59101K(59328K) Class: 14987K(15232K)->14987K(15232K)
[97.974s][info][gc             ] GC(491) Pause Young (Allocation Failure) 591M->45M(1979M) 8.444ms
[97.974s][info][gc,cpu         ] GC(491) User=0.00s Sys=0.00s Real=0.00s
[98.112s][info][gc,start       ] GC(492) Pause Young (Allocation Failure)
[98.121s][info][gc,heap        ] GC(492) DefNew: 560669K(629120K)->1546K(629120K) Eden: 559232K(559232K)->0K(559232K) From: 1437K(69888K)->1546K(69888K)
[98.121s][info][gc,heap        ] GC(492) Tenured: 44890K(1398144K)->44890K(1398144K)
[98.121s][info][gc,metaspace   ] GC(492) Metaspace: 74089K(74560K)->74089K(74560K) NonClass: 59101K(59328K)->59101K(59328K) Class: 14987K(15232K)->14987K(15232K)
[98.121s][info][gc             ] GC(492) Pause Young (Allocation Failure) 591M->45M(1979M) 9.053ms
[98.121s][info][gc,cpu         ] GC(492) User=0.00s Sys=0.00s Real=0.00s
[98.260s][info][gc,start       ] GC(493) Pause Young (Allocation Failure)
[98.268s][info][gc,heap        ] GC(493) DefNew: 560778K(629120K)->1481K(629120K) Eden: 559232K(559232K)->0K(559232K) From: 1546K(69888K)->1481K(69888K)
[98.268s][info][gc,heap        ] GC(493) Tenured: 44890K(1398144K)->44890K(1398144K)
[98.268s][info][gc,metaspace   ] GC(493) Metaspace: 74089K(74560K)->74089K(74560K) NonClass: 59101K(59328K)->59101K(59328K) Class: 14987K(15232K)->14987K(15232K)
[98.268s][info][gc             ] GC(493) Pause Young (Allocation Failure) 591M->45M(1979M) 8.611ms
[98.269s][info][gc,cpu         ] GC(493) User=0.00s Sys=0.00s Real=0.00s
[98.407s][info][gc,start       ] GC(494) Pause Young (Allocation Failure)
[98.415s][info][gc,heap        ] GC(494) DefNew: 560713K(629120K)->1483K(629120K) Eden: 559232K(559232K)->0K(559232K) From: 1481K(69888K)->1483K(69888K)
[98.415s][info][gc,heap        ] GC(494) Tenured: 44890K(1398144K)->44890K(1398144K)
[98.415s][info][gc,metaspace   ] GC(494) Metaspace: 74089K(74560K)->74089K(74560K) NonClass: 59101K(59328K)->59101K(59328K) Class: 14987K(15232K)->14987K(15232K)
[98.415s][info][gc             ] GC(494) Pause Young (Allocation Failure) 591M->45M(1979M) 8.752ms
[98.415s][info][gc,cpu         ] GC(494) User=0.00s Sys=0.00s Real=0.00s
[98.555s][info][gc,start       ] GC(495) Pause Young (Allocation Failure)
[98.563s][info][gc,heap        ] GC(495) DefNew: 560715K(629120K)->1481K(629120K) Eden: 559232K(559232K)->0K(559232K) From: 1483K(69888K)->1481K(69888K)
[98.563s][info][gc,heap        ] GC(495) Tenured: 44890K(1398144K)->44890K(1398144K)
[98.563s][info][gc,metaspace   ] GC(495) Metaspace: 74089K(74560K)->74089K(74560K) NonClass: 59101K(59328K)->59101K(59328K) Class: 14987K(15232K)->14987K(15232K)
[98.563s][info][gc             ] GC(495) Pause Young (Allocation Failure) 591M->45M(1979M) 8.677ms
[98.563s][info][gc,cpu         ] GC(495) User=0.00s Sys=0.00s Real=0.00s
[98.703s][info][gc,start       ] GC(496) Pause Young (Allocation Failure)
[98.711s][info][gc,heap        ] GC(496) DefNew: 560713K(629120K)->1472K(629120K) Eden: 559232K(559232K)->0K(559232K) From: 1481K(69888K)->1472K(69888K)
[98.712s][info][gc,heap        ] GC(496) Tenured: 44890K(1398144K)->44890K(1398144K)
[98.712s][info][gc,metaspace   ] GC(496) Metaspace: 74089K(74560K)->74089K(74560K) NonClass: 59101K(59328K)->59101K(59328K) Class: 14987K(15232K)->14987K(15232K)
[98.712s][info][gc             ] GC(496) Pause Young (Allocation Failure) 591M->45M(1979M) 8.551ms
[98.712s][info][gc,cpu         ] GC(496) User=0.00s Sys=0.00s Real=0.00s
[98.850s][info][gc,start       ] GC(497) Pause Young (Allocation Failure)
[98.860s][info][gc,heap        ] GC(497) DefNew: 560704K(629120K)->1501K(629120K) Eden: 559232K(559232K)->0K(559232K) From: 1472K(69888K)->1501K(69888K)
[98.860s][info][gc,heap        ] GC(497) Tenured: 44890K(1398144K)->44908K(1398144K)
[98.860s][info][gc,metaspace   ] GC(497) Metaspace: 74089K(74560K)->74089K(74560K) NonClass: 59101K(59328K)->59101K(59328K) Class: 14987K(15232K)->14987K(15232K)
[98.860s][info][gc             ] GC(497) Pause Young (Allocation Failure) 591M->45M(1979M) 9.639ms
[98.860s][info][gc,cpu         ] GC(497) User=0.00s Sys=0.00s Real=0.00s
[99.000s][info][gc,start       ] GC(498) Pause Young (Allocation Failure)
[99.009s][info][gc,heap        ] GC(498) DefNew: 560733K(629120K)->1508K(629120K) Eden: 559232K(559232K)->0K(559232K) From: 1501K(69888K)->1508K(69888K)
[99.009s][info][gc,heap        ] GC(498) Tenured: 44908K(1398144K)->44908K(1398144K)
[99.009s][info][gc,metaspace   ] GC(498) Metaspace: 74089K(74560K)->74089K(74560K) NonClass: 59101K(59328K)->59101K(59328K) Class: 14987K(15232K)->14987K(15232K)
[99.009s][info][gc             ] GC(498) Pause Young (Allocation Failure) 591M->45M(1979M) 9.611ms
[99.009s][info][gc,cpu         ] GC(498) User=0.00s Sys=0.00s Real=0.00s
[99.149s][info][gc,start       ] GC(499) Pause Young (Allocation Failure)
[99.158s][info][gc,heap        ] GC(499) DefNew: 560740K(629120K)->1437K(629120K) Eden: 559232K(559232K)->0K(559232K) From: 1508K(69888K)->1437K(69888K)
[99.158s][info][gc,heap        ] GC(499) Tenured: 44908K(1398144K)->44944K(1398144K)
[99.158s][info][gc,metaspace   ] GC(499) Metaspace: 74089K(74560K)->74089K(74560K) NonClass: 59101K(59328K)->59101K(59328K) Class: 14987K(15232K)->14987K(15232K)
[99.158s][info][gc             ] GC(499) Pause Young (Allocation Failure) 591M->45M(1979M) 9.084ms
[99.158s][info][gc,cpu         ] GC(499) User=0.02s Sys=0.00s Real=0.00s
[99.299s][info][gc,start       ] GC(500) Pause Young (Allocation Failure)
[99.308s][info][gc,heap        ] GC(500) DefNew: 560669K(629120K)->1521K(629120K) Eden: 559232K(559232K)->0K(559232K) From: 1437K(69888K)->1521K(69888K)
[99.308s][info][gc,heap        ] GC(500) Tenured: 44944K(1398144K)->44944K(1398144K)
[99.308s][info][gc,metaspace   ] GC(500) Metaspace: 74089K(74560K)->74089K(74560K) NonClass: 59101K(59328K)->59101K(59328K) Class: 14987K(15232K)->14987K(15232K)
[99.308s][info][gc             ] GC(500) Pause Young (Allocation Failure) 591M->45M(1979M) 8.901ms
[99.308s][info][gc,cpu         ] GC(500) User=0.00s Sys=0.00s Real=0.00s
[99.455s][info][gc,start       ] GC(501) Pause Young (Allocation Failure)
[99.463s][info][gc,heap        ] GC(501) DefNew: 560709K(629120K)->1457K(629120K) Eden: 559187K(559232K)->0K(559232K) From: 1521K(69888K)->1457K(69888K)
[99.463s][info][gc,heap        ] GC(501) Tenured: 44944K(1398144K)->44944K(1398144K)
[99.463s][info][gc,metaspace   ] GC(501) Metaspace: 74089K(74560K)->74089K(74560K) NonClass: 59101K(59328K)->59101K(59328K) Class: 14987K(15232K)->14987K(15232K)
[99.463s][info][gc             ] GC(501) Pause Young (Allocation Failure) 591M->45M(1979M) 8.607ms
[99.464s][info][gc,cpu         ] GC(501) User=0.00s Sys=0.00s Real=0.00s
[99.627s][info][gc,start       ] GC(502) Pause Young (Allocation Failure)
[99.634s][info][gc,heap        ] GC(502) DefNew: 560689K(629120K)->1507K(629120K) Eden: 559232K(559232K)->0K(559232K) From: 1457K(69888K)->1507K(69888K)
[99.634s][info][gc,heap        ] GC(502) Tenured: 44944K(1398144K)->44944K(1398144K)
[99.634s][info][gc,metaspace   ] GC(502) Metaspace: 74089K(74560K)->74089K(74560K) NonClass: 59101K(59328K)->59101K(59328K) Class: 14987K(15232K)->14987K(15232K)
[99.634s][info][gc             ] GC(502) Pause Young (Allocation Failure) 591M->45M(1979M) 7.853ms
[99.634s][info][gc,cpu         ] GC(502) User=0.00s Sys=0.00s Real=0.00s
[99.831s][info][gc,start       ] GC(503) Pause Young (Allocation Failure)
[99.843s][info][gc,heap        ] GC(503) DefNew: 560739K(629120K)->1425K(629120K) Eden: 559232K(559232K)->0K(559232K) From: 1507K(69888K)->1425K(69888K)
[99.844s][info][gc,heap        ] GC(503) Tenured: 44944K(1398144K)->44944K(1398144K)
[99.844s][info][gc,metaspace   ] GC(503) Metaspace: 74089K(74560K)->74089K(74560K) NonClass: 59101K(59328K)->59101K(59328K) Class: 14987K(15232K)->14987K(15232K)
[99.844s][info][gc             ] GC(503) Pause Young (Allocation Failure) 591M->45M(1979M) 12.517ms
[99.844s][info][gc,cpu         ] GC(503) User=0.00s Sys=0.00s Real=0.00s
[100.097s][info][gc,start       ] GC(504) Pause Young (Allocation Failure)
[100.103s][info][gc,heap        ] GC(504) DefNew: 560657K(629120K)->1372K(629120K) Eden: 559232K(559232K)->0K(559232K) From: 1425K(69888K)->1372K(69888K)
[100.103s][info][gc,heap        ] GC(504) Tenured: 44944K(1398144K)->44960K(1398144K)
[100.103s][info][gc,metaspace   ] GC(504) Metaspace: 74089K(74560K)->74089K(74560K) NonClass: 59101K(59328K)->59101K(59328K) Class: 14987K(15232K)->14987K(15232K)
[100.103s][info][gc             ] GC(504) Pause Young (Allocation Failure) 591M->45M(1979M) 5.965ms
[100.103s][info][gc,cpu         ] GC(504) User=0.00s Sys=0.00s Real=0.00s
[100.413s][info][gc,start       ] GC(505) Pause Young (Allocation Failure)
[100.418s][info][gc,heap        ] GC(505) DefNew: 560604K(629120K)->1360K(629120K) Eden: 559232K(559232K)->0K(559232K) From: 1372K(69888K)->1360K(69888K)
[100.418s][info][gc,heap        ] GC(505) Tenured: 44960K(1398144K)->44960K(1398144K)
[100.418s][info][gc,metaspace   ] GC(505) Metaspace: 74089K(74560K)->74089K(74560K) NonClass: 59101K(59328K)->59101K(59328K) Class: 14987K(15232K)->14987K(15232K)
[100.418s][info][gc             ] GC(505) Pause Young (Allocation Failure) 591M->45M(1979M) 4.955ms
[100.418s][info][gc,cpu         ] GC(505) User=0.02s Sys=0.00s Real=0.00s
[100.776s][info][gc,start       ] GC(506) Pause Young (Allocation Failure)
[100.780s][info][gc,heap        ] GC(506) DefNew: 560592K(629120K)->1365K(629120K) Eden: 559232K(559232K)->0K(559232K) From: 1360K(69888K)->1365K(69888K)
[100.780s][info][gc,heap        ] GC(506) Tenured: 44960K(1398144K)->44960K(1398144K)
[100.780s][info][gc,metaspace   ] GC(506) Metaspace: 74089K(74560K)->74089K(74560K) NonClass: 59101K(59328K)->59101K(59328K) Class: 14987K(15232K)->14987K(15232K)
[100.780s][info][gc             ] GC(506) Pause Young (Allocation Failure) 591M->45M(1979M) 4.297ms
[100.780s][info][gc,cpu         ] GC(506) User=0.02s Sys=0.00s Real=0.01s
[101.138s][info][gc,start       ] GC(507) Pause Young (Allocation Failure)
[101.142s][info][gc,heap        ] GC(507) DefNew: 560597K(629120K)->1370K(629120K) Eden: 559232K(559232K)->0K(559232K) From: 1365K(69888K)->1370K(69888K)
[101.142s][info][gc,heap        ] GC(507) Tenured: 44960K(1398144K)->44960K(1398144K)
[101.142s][info][gc,metaspace   ] GC(507) Metaspace: 74089K(74560K)->74089K(74560K) NonClass: 59101K(59328K)->59101K(59328K) Class: 14987K(15232K)->14987K(15232K)
[101.142s][info][gc             ] GC(507) Pause Young (Allocation Failure) 591M->45M(1979M) 4.253ms
[101.142s][info][gc,cpu         ] GC(507) User=0.00s Sys=0.00s Real=0.00s
[101.413s][info][gc,heap,exit   ] Heap
[101.413s][info][gc,heap,exit   ]  def new generation   total 629120K, used 330186K [0x0000000080000000, 0x00000000aaaa0000, 0x00000000aaaa0000)
[101.413s][info][gc,heap,exit   ]   eden space 559232K,  58% used [0x0000000080000000, 0x000000009411bfb0, 0x00000000a2220000)
[101.413s][info][gc,heap,exit   ]   from space 69888K,   1% used [0x00000000a2220000, 0x00000000a2376b48, 0x00000000a6660000)
[101.413s][info][gc,heap,exit   ]   to   space 69888K,   0% used [0x00000000a6660000, 0x00000000a6660000, 0x00000000aaaa0000)
[101.413s][info][gc,heap,exit   ]  tenured generation   total 1398144K, used 44960K [0x00000000aaaa0000, 0x0000000100000000, 0x0000000100000000)
[101.413s][info][gc,heap,exit   ]    the space 1398144K,   3% used [0x00000000aaaa0000, 0x00000000ad6881f8, 0x00000000ad688200, 0x0000000100000000)
[101.413s][info][gc,heap,exit   ]  Metaspace       used 74182K, committed 74624K, reserved 1114112K
[101.413s][info][gc,heap,exit   ]   class space    used 15010K, committed 15232K, reserved 1048576K
