[0.017s][info][gc,init] CardTable entry size: 512
[0.017s][info][gc     ] Using Serial
[0.020s][info][gc,init] Version: 20+36-2344 (release)
[0.020s][info][gc,init] CPUs: 48 total, 48 available
[0.020s][info][gc,init] Memory: 382G
[0.020s][info][gc,init] Large Page Support: Disabled
[0.020s][info][gc,init] NUMA Support: Disabled
[0.020s][info][gc,init] Compressed Oops: Enabled (32-bit)
[0.020s][info][gc,init] Heap Min Capacity: 8M
[0.020s][info][gc,init] Heap Initial Capacity: 512M
[0.020s][info][gc,init] Heap Max Capacity: 512M
[0.020s][info][gc,init] Pre-touch: Disabled
[0.038s][info][gc,metaspace] CDS archive(s) mapped at: [0x0000000800000000-0x0000000800c60000-0x0000000800c60000), size 12976128, SharedBaseAddress: 0x0000000800000000, ArchiveRelocationMode: 0.
[0.039s][info][gc,metaspace] Compressed class space mapped at: 0x0000000801000000-0x0000000841000000, reserved size: 1073741824
[0.039s][info][gc,metaspace] Narrow klass base: 0x0000000800000000, Narrow klass shift: 0, Narrow klass range: 0x100000000
[5.187s][info][gc,start    ] GC(0) Pause Full (Metadata GC Threshold)
[5.187s][info][gc,phases,start] GC(0) Phase 1: Mark live objects
[5.206s][info][gc,phases      ] GC(0) Phase 1: Mark live objects 19.742ms
[5.207s][info][gc,phases,start] GC(0) Phase 2: Compute new object addresses
[5.218s][info][gc,phases      ] GC(0) Phase 2: Compute new object addresses 11.577ms
[5.218s][info][gc,phases,start] GC(0) Phase 3: Adjust pointers
[5.225s][info][gc,phases      ] GC(0) Phase 3: Adjust pointers 6.428ms
[5.225s][info][gc,phases,start] GC(0) Phase 4: Move objects
[5.230s][info][gc,phases      ] GC(0) Phase 4: Move objects 5.002ms
[5.231s][info][gc,heap        ] GC(0) DefNew: 106495K(157248K)->0K(157248K) Eden: 106495K(139776K)->0K(139776K) From: 0K(17472K)->0K(17472K)
[5.231s][info][gc,heap        ] GC(0) Tenured: 0K(349568K)->7645K(349568K)
[5.231s][info][gc,metaspace   ] GC(0) Metaspace: 21258K(21504K)->21258K(21504K) NonClass: 18523K(18624K)->18523K(18624K) Class: 2734K(2880K)->2734K(2880K)
[5.231s][info][gc             ] GC(0) Pause Full (Metadata GC Threshold) 103M->7M(494M) 44.523ms
[5.231s][info][gc,cpu         ] GC(0) User=0.05s Sys=0.00s Real=0.05s
[5.953s][info][gc,start       ] GC(1) Pause Young (GCLocker Initiated GC)
[5.973s][info][gc,heap        ] GC(1) DefNew: 71892K(157248K)->4974K(157248K) Eden: 71892K(139776K)->0K(139776K) From: 0K(17472K)->4974K(17472K)
[5.973s][info][gc,heap        ] GC(1) Tenured: 7645K(349568K)->7645K(349568K)
[5.973s][info][gc,metaspace   ] GC(1) Metaspace: 30275K(30592K)->30275K(30592K) NonClass: 26231K(26432K)->26231K(26432K) Class: 4043K(4160K)->4043K(4160K)
[5.973s][info][gc             ] GC(1) Pause Young (GCLocker Initiated GC) 77M->12M(494M) 20.576ms
[5.973s][info][gc,cpu         ] GC(1) User=0.02s Sys=0.00s Real=0.02s
[6.291s][info][gc,start       ] GC(2) Pause Young (GCLocker Initiated GC)
[6.306s][info][gc,heap        ] GC(2) DefNew: 46032K(157248K)->6158K(157248K) Eden: 41057K(139776K)->0K(139776K) From: 4974K(17472K)->6158K(17472K)
[6.306s][info][gc,heap        ] GC(2) Tenured: 7645K(349568K)->7645K(349568K)
[6.306s][info][gc,metaspace   ] GC(2) Metaspace: 35516K(35904K)->35516K(35904K) NonClass: 30158K(30400K)->30158K(30400K) Class: 5358K(5504K)->5358K(5504K)
[6.306s][info][gc             ] GC(2) Pause Young (GCLocker Initiated GC) 52M->13M(494M) 14.715ms
[6.306s][info][gc,cpu         ] GC(2) User=0.03s Sys=0.00s Real=0.01s
[6.331s][info][gc,start       ] GC(3) Pause Full (Metadata GC Threshold)
[6.331s][info][gc,phases,start] GC(3) Phase 1: Mark live objects
[6.352s][info][gc,phases      ] GC(3) Phase 1: Mark live objects 20.925ms
[6.352s][info][gc,phases,start] GC(3) Phase 2: Compute new object addresses
[6.357s][info][gc,phases      ] GC(3) Phase 2: Compute new object addresses 4.239ms
[6.357s][info][gc,phases,start] GC(3) Phase 3: Adjust pointers
[6.366s][info][gc,phases      ] GC(3) Phase 3: Adjust pointers 9.086ms
[6.366s][info][gc,phases,start] GC(3) Phase 4: Move objects
[6.369s][info][gc,phases      ] GC(3) Phase 4: Move objects 3.341ms
[6.370s][info][gc,heap        ] GC(3) DefNew: 21719K(157248K)->0K(157248K) Eden: 15561K(139776K)->0K(139776K) From: 6158K(17472K)->0K(17472K)
[6.370s][info][gc,heap        ] GC(3) Tenured: 7645K(349568K)->13527K(349568K)
[6.370s][info][gc,metaspace   ] GC(3) Metaspace: 35873K(36160K)->35861K(36160K) NonClass: 30419K(30592K)->30410K(30592K) Class: 5454K(5568K)->5450K(5568K)
[6.370s][info][gc             ] GC(3) Pause Full (Metadata GC Threshold) 28M->13M(494M) 38.548ms
[6.370s][info][gc,cpu         ] GC(3) User=0.03s Sys=0.00s Real=0.03s
[7.500s][info][gc,start       ] GC(4) Pause Young (Allocation Failure)
[7.521s][info][gc,heap        ] GC(4) DefNew: 139776K(157248K)->5181K(157248K) Eden: 139776K(139776K)->0K(139776K) From: 0K(17472K)->5181K(17472K)
[7.522s][info][gc,heap        ] GC(4) Tenured: 13527K(349568K)->13527K(349568K)
[7.522s][info][gc,metaspace   ] GC(4) Metaspace: 54420K(55360K)->54420K(55360K) NonClass: 43481K(44032K)->43481K(44032K) Class: 10938K(11328K)->10938K(11328K)
[7.522s][info][gc             ] GC(4) Pause Young (Allocation Failure) 149M->18M(494M) 22.063ms
[7.522s][info][gc,cpu         ] GC(4) User=0.03s Sys=0.00s Real=0.02s
[7.804s][info][gc,start       ] GC(5) Pause Full (Metadata GC Threshold)
[7.804s][info][gc,phases,start] GC(5) Phase 1: Mark live objects
[7.851s][info][gc,phases      ] GC(5) Phase 1: Mark live objects 46.645ms
[7.851s][info][gc,phases,start] GC(5) Phase 2: Compute new object addresses
[7.864s][info][gc,phases      ] GC(5) Phase 2: Compute new object addresses 13.446ms
[7.864s][info][gc,phases,start] GC(5) Phase 3: Adjust pointers
[7.882s][info][gc,phases      ] GC(5) Phase 3: Adjust pointers 17.943ms
[7.882s][info][gc,phases,start] GC(5) Phase 4: Move objects
[7.886s][info][gc,phases      ] GC(5) Phase 4: Move objects 3.905ms
[7.888s][info][gc,heap        ] GC(5) DefNew: 42074K(157248K)->0K(157248K) Eden: 36892K(139776K)->0K(139776K) From: 5181K(17472K)->0K(17472K)
[7.888s][info][gc,heap        ] GC(5) Tenured: 13527K(349568K)->18968K(349568K)
[7.888s][info][gc,metaspace   ] GC(5) Metaspace: 59156K(60288K)->58232K(60288K) NonClass: 46977K(47680K)->46330K(47680K) Class: 12179K(12608K)->11901K(12608K)
[7.888s][info][gc             ] GC(5) Pause Full (Metadata GC Threshold) 54M->18M(494M) 84.532ms
[7.888s][info][gc,cpu         ] GC(5) User=0.30s Sys=0.00s Real=0.09s
[8.917s][info][gc,start       ] GC(6) Pause Young (Allocation Failure)
[8.955s][info][gc,heap        ] GC(6) DefNew: 139776K(157248K)->17471K(157248K) Eden: 139776K(139776K)->0K(139776K) From: 0K(17472K)->17471K(17472K)
[8.955s][info][gc,heap        ] GC(6) Tenured: 18968K(349568K)->21504K(349568K)
[8.955s][info][gc,metaspace   ] GC(6) Metaspace: 71747K(72192K)->71747K(72192K) NonClass: 56694K(56960K)->56694K(56960K) Class: 15052K(15232K)->15052K(15232K)
[8.955s][info][gc             ] GC(6) Pause Young (Allocation Failure) 155M->38M(494M) 38.183ms
[8.955s][info][gc,cpu         ] GC(6) User=0.05s Sys=0.00s Real=0.05s
[9.236s][info][gc,start       ] GC(7) Pause Young (Allocation Failure)
[9.270s][info][gc,heap        ] GC(7) DefNew: 157247K(157248K)->1766K(157248K) Eden: 139776K(139776K)->0K(139776K) From: 17471K(17472K)->1766K(17472K)
[9.270s][info][gc,heap        ] GC(7) Tenured: 21504K(349568K)->38814K(349568K)
[9.270s][info][gc,metaspace   ] GC(7) Metaspace: 71802K(72192K)->71802K(72192K) NonClass: 56747K(56960K)->56747K(56960K) Class: 15055K(15232K)->15055K(15232K)
[9.270s][info][gc             ] GC(7) Pause Young (Allocation Failure) 174M->39M(494M) 34.183ms
[9.270s][info][gc,cpu         ] GC(7) User=0.02s Sys=0.02s Real=0.03s
[9.500s][info][gc,start       ] GC(8) Pause Young (Allocation Failure)
[9.512s][info][gc,heap        ] GC(8) DefNew: 141542K(157248K)->1866K(157248K) Eden: 139776K(139776K)->0K(139776K) From: 1766K(17472K)->1866K(17472K)
[9.512s][info][gc,heap        ] GC(8) Tenured: 38814K(349568K)->38814K(349568K)
[9.512s][info][gc,metaspace   ] GC(8) Metaspace: 71911K(72320K)->71911K(72320K) NonClass: 56853K(57088K)->56853K(57088K) Class: 15058K(15232K)->15058K(15232K)
[9.512s][info][gc             ] GC(8) Pause Young (Allocation Failure) 176M->39M(494M) 11.787ms
[9.512s][info][gc,cpu         ] GC(8) User=0.09s Sys=0.00s Real=0.02s
[9.691s][info][gc,start       ] GC(9) Pause Young (Allocation Failure)
[9.703s][info][gc,heap        ] GC(9) DefNew: 141642K(157248K)->1828K(157248K) Eden: 139776K(139776K)->0K(139776K) From: 1866K(17472K)->1828K(17472K)
[9.703s][info][gc,heap        ] GC(9) Tenured: 38814K(349568K)->38814K(349568K)
[9.703s][info][gc,metaspace   ] GC(9) Metaspace: 71987K(72384K)->71987K(72384K) NonClass: 56928K(57152K)->56928K(57152K) Class: 15059K(15232K)->15059K(15232K)
[9.703s][info][gc             ] GC(9) Pause Young (Allocation Failure) 176M->39M(494M) 11.806ms
[9.703s][info][gc,cpu         ] GC(9) User=0.00s Sys=0.00s Real=0.00s
[9.882s][info][gc,start       ] GC(10) Pause Young (Allocation Failure)
[9.894s][info][gc,heap        ] GC(10) DefNew: 141604K(157248K)->1885K(157248K) Eden: 139776K(139776K)->0K(139776K) From: 1828K(17472K)->1885K(17472K)
[9.895s][info][gc,heap        ] GC(10) Tenured: 38814K(349568K)->38814K(349568K)
[9.895s][info][gc,metaspace   ] GC(10) Metaspace: 71993K(72384K)->71993K(72384K) NonClass: 56934K(57152K)->56934K(57152K) Class: 15059K(15232K)->15059K(15232K)
[9.895s][info][gc             ] GC(10) Pause Young (Allocation Failure) 176M->39M(494M) 12.427ms
[9.895s][info][gc,cpu         ] GC(10) User=0.00s Sys=0.00s Real=0.00s
[10.052s][info][gc,start       ] GC(11) Pause Young (Allocation Failure)
[10.064s][info][gc,heap        ] GC(11) DefNew: 141661K(157248K)->1796K(157248K) Eden: 139775K(139776K)->0K(139776K) From: 1885K(17472K)->1796K(17472K)
[10.064s][info][gc,heap        ] GC(11) Tenured: 38814K(349568K)->38814K(349568K)
[10.064s][info][gc,metaspace   ] GC(11) Metaspace: 72006K(72384K)->72006K(72384K) NonClass: 56947K(57152K)->56947K(57152K) Class: 15059K(15232K)->15059K(15232K)
[10.065s][info][gc             ] GC(11) Pause Young (Allocation Failure) 176M->39M(494M) 12.280ms
[10.065s][info][gc,cpu         ] GC(11) User=0.00s Sys=0.00s Real=0.00s
[10.212s][info][gc,start       ] GC(12) Pause Young (Allocation Failure)
[10.223s][info][gc,heap        ] GC(12) DefNew: 141572K(157248K)->1844K(157248K) Eden: 139776K(139776K)->0K(139776K) From: 1796K(17472K)->1844K(17472K)
[10.223s][info][gc,heap        ] GC(12) Tenured: 38814K(349568K)->38814K(349568K)
[10.223s][info][gc,metaspace   ] GC(12) Metaspace: 72006K(72384K)->72006K(72384K) NonClass: 56947K(57152K)->56947K(57152K) Class: 15059K(15232K)->15059K(15232K)
[10.223s][info][gc             ] GC(12) Pause Young (Allocation Failure) 176M->39M(494M) 11.217ms
[10.223s][info][gc,cpu         ] GC(12) User=0.08s Sys=0.00s Real=0.02s
[10.361s][info][gc,start       ] GC(13) Pause Young (Allocation Failure)
[10.376s][info][gc,heap        ] GC(13) DefNew: 141620K(157248K)->1854K(157248K) Eden: 139775K(139776K)->0K(139776K) From: 1844K(17472K)->1854K(17472K)
[10.376s][info][gc,heap        ] GC(13) Tenured: 38814K(349568K)->38814K(349568K)
[10.376s][info][gc,metaspace   ] GC(13) Metaspace: 72006K(72384K)->72006K(72384K) NonClass: 56947K(57152K)->56947K(57152K) Class: 15059K(15232K)->15059K(15232K)
[10.376s][info][gc             ] GC(13) Pause Young (Allocation Failure) 176M->39M(494M) 15.350ms
[10.376s][info][gc,cpu         ] GC(13) User=0.00s Sys=0.00s Real=0.00s
[10.504s][info][gc,start       ] GC(14) Pause Young (Allocation Failure)
[10.518s][info][gc,heap        ] GC(14) DefNew: 141630K(157248K)->1836K(157248K) Eden: 139776K(139776K)->0K(139776K) From: 1854K(17472K)->1836K(17472K)
[10.518s][info][gc,heap        ] GC(14) Tenured: 38814K(349568K)->38814K(349568K)
[10.519s][info][gc,metaspace   ] GC(14) Metaspace: 72006K(72384K)->72006K(72384K) NonClass: 56947K(57152K)->56947K(57152K) Class: 15059K(15232K)->15059K(15232K)
[10.519s][info][gc             ] GC(14) Pause Young (Allocation Failure) 176M->39M(494M) 14.562ms
[10.519s][info][gc,cpu         ] GC(14) User=0.00s Sys=0.00s Real=0.00s
[10.635s][info][gc,start       ] GC(15) Pause Young (Allocation Failure)
[10.650s][info][gc,heap        ] GC(15) DefNew: 141612K(157248K)->1866K(157248K) Eden: 139776K(139776K)->0K(139776K) From: 1836K(17472K)->1866K(17472K)
[10.650s][info][gc,heap        ] GC(15) Tenured: 38814K(349568K)->38814K(349568K)
[10.650s][info][gc,metaspace   ] GC(15) Metaspace: 72007K(72384K)->72007K(72384K) NonClass: 56947K(57152K)->56947K(57152K) Class: 15059K(15232K)->15059K(15232K)
[10.650s][info][gc             ] GC(15) Pause Young (Allocation Failure) 176M->39M(494M) 14.445ms
[10.650s][info][gc,cpu         ] GC(15) User=0.05s Sys=0.00s Real=0.02s
[10.763s][info][gc,start       ] GC(16) Pause Young (Allocation Failure)
[10.774s][info][gc,heap        ] GC(16) DefNew: 141642K(157248K)->1943K(157248K) Eden: 139776K(139776K)->0K(139776K) From: 1866K(17472K)->1943K(17472K)
[10.774s][info][gc,heap        ] GC(16) Tenured: 38814K(349568K)->38814K(349568K)
[10.774s][info][gc,metaspace   ] GC(16) Metaspace: 72009K(72384K)->72009K(72384K) NonClass: 56950K(57152K)->56950K(57152K) Class: 15059K(15232K)->15059K(15232K)
[10.774s][info][gc             ] GC(16) Pause Young (Allocation Failure) 176M->39M(494M) 11.299ms
[10.774s][info][gc,cpu         ] GC(16) User=0.06s Sys=0.00s Real=0.02s
[10.887s][info][gc,start       ] GC(17) Pause Young (Allocation Failure)
[10.898s][info][gc,heap        ] GC(17) DefNew: 141719K(157248K)->1811K(157248K) Eden: 139776K(139776K)->0K(139776K) From: 1943K(17472K)->1811K(17472K)
[10.898s][info][gc,heap        ] GC(17) Tenured: 38814K(349568K)->38814K(349568K)
[10.898s][info][gc,metaspace   ] GC(17) Metaspace: 72011K(72384K)->72011K(72384K) NonClass: 56951K(57152K)->56951K(57152K) Class: 15059K(15232K)->15059K(15232K)
[10.898s][info][gc             ] GC(17) Pause Young (Allocation Failure) 176M->39M(494M) 11.079ms
[10.898s][info][gc,cpu         ] GC(17) User=0.06s Sys=0.00s Real=0.02s
[11.006s][info][gc,start       ] GC(18) Pause Young (Allocation Failure)
[11.017s][info][gc,heap        ] GC(18) DefNew: 141587K(157248K)->1823K(157248K) Eden: 139776K(139776K)->0K(139776K) From: 1811K(17472K)->1823K(17472K)
[11.017s][info][gc,heap        ] GC(18) Tenured: 38814K(349568K)->38814K(349568K)
[11.017s][info][gc,metaspace   ] GC(18) Metaspace: 72036K(72384K)->72036K(72384K) NonClass: 56975K(57152K)->56975K(57152K) Class: 15061K(15232K)->15061K(15232K)
[11.017s][info][gc             ] GC(18) Pause Young (Allocation Failure) 176M->39M(494M) 11.222ms
[11.017s][info][gc,cpu         ] GC(18) User=0.03s Sys=0.00s Real=0.02s
[11.121s][info][gc,start       ] GC(19) Pause Young (Allocation Failure)
[11.132s][info][gc,heap        ] GC(19) DefNew: 141599K(157248K)->1814K(157248K) Eden: 139776K(139776K)->0K(139776K) From: 1823K(17472K)->1814K(17472K)
[11.132s][info][gc,heap        ] GC(19) Tenured: 38814K(349568K)->38814K(349568K)
[11.132s][info][gc,metaspace   ] GC(19) Metaspace: 72036K(72384K)->72036K(72384K) NonClass: 56975K(57152K)->56975K(57152K) Class: 15061K(15232K)->15061K(15232K)
[11.132s][info][gc             ] GC(19) Pause Young (Allocation Failure) 176M->39M(494M) 10.649ms
[11.132s][info][gc,cpu         ] GC(19) User=0.00s Sys=0.00s Real=0.00s
[11.230s][info][gc,start       ] GC(20) Pause Young (Allocation Failure)
[11.241s][info][gc,heap        ] GC(20) DefNew: 141590K(157248K)->1888K(157248K) Eden: 139776K(139776K)->0K(139776K) From: 1814K(17472K)->1888K(17472K)
[11.241s][info][gc,heap        ] GC(20) Tenured: 38814K(349568K)->38814K(349568K)
[11.241s][info][gc,metaspace   ] GC(20) Metaspace: 72037K(72384K)->72037K(72384K) NonClass: 56975K(57152K)->56975K(57152K) Class: 15061K(15232K)->15061K(15232K)
[11.241s][info][gc             ] GC(20) Pause Young (Allocation Failure) 176M->39M(494M) 11.424ms
[11.241s][info][gc,cpu         ] GC(20) User=0.00s Sys=0.00s Real=0.00s
[11.334s][info][gc,start       ] GC(21) Pause Young (Allocation Failure)
[11.346s][info][gc,heap        ] GC(21) DefNew: 141664K(157248K)->1914K(157248K) Eden: 139776K(139776K)->0K(139776K) From: 1888K(17472K)->1914K(17472K)
[11.346s][info][gc,heap        ] GC(21) Tenured: 38814K(349568K)->38814K(349568K)
[11.346s][info][gc,metaspace   ] GC(21) Metaspace: 72075K(72448K)->72075K(72448K) NonClass: 57007K(57216K)->57007K(57216K) Class: 15068K(15232K)->15068K(15232K)
[11.346s][info][gc             ] GC(21) Pause Young (Allocation Failure) 176M->39M(494M) 11.983ms
[11.346s][info][gc,cpu         ] GC(21) User=0.06s Sys=0.00s Real=0.02s
[11.428s][info][gc,start       ] GC(22) Pause Young (Allocation Failure)
[11.440s][info][gc,heap        ] GC(22) DefNew: 141690K(157248K)->1532K(157248K) Eden: 139776K(139776K)->0K(139776K) From: 1914K(17472K)->1532K(17472K)
[11.440s][info][gc,heap        ] GC(22) Tenured: 38814K(349568K)->39177K(349568K)
[11.440s][info][gc,metaspace   ] GC(22) Metaspace: 72106K(72448K)->72106K(72448K) NonClass: 57030K(57216K)->57030K(57216K) Class: 15076K(15232K)->15076K(15232K)
[11.440s][info][gc             ] GC(22) Pause Young (Allocation Failure) 176M->39M(494M) 11.876ms
[11.440s][info][gc,cpu         ] GC(22) User=0.00s Sys=0.00s Real=0.00s
[11.527s][info][gc,start       ] GC(23) Pause Young (Allocation Failure)
[11.537s][info][gc,heap        ] GC(23) DefNew: 141308K(157248K)->1565K(157248K) Eden: 139776K(139776K)->0K(139776K) From: 1532K(17472K)->1565K(17472K)
[11.538s][info][gc,heap        ] GC(23) Tenured: 39177K(349568K)->39211K(349568K)
[11.538s][info][gc,metaspace   ] GC(23) Metaspace: 72106K(72448K)->72106K(72448K) NonClass: 57030K(57216K)->57030K(57216K) Class: 15076K(15232K)->15076K(15232K)
[11.538s][info][gc             ] GC(23) Pause Young (Allocation Failure) 176M->39M(494M) 10.350ms
[11.538s][info][gc,cpu         ] GC(23) User=0.00s Sys=0.00s Real=0.00s
[11.616s][info][gc,start       ] GC(24) Pause Young (Allocation Failure)
[11.625s][info][gc,heap        ] GC(24) DefNew: 141341K(157248K)->1483K(157248K) Eden: 139776K(139776K)->0K(139776K) From: 1565K(17472K)->1483K(17472K)
[11.625s][info][gc,heap        ] GC(24) Tenured: 39211K(349568K)->39244K(349568K)
[11.625s][info][gc,metaspace   ] GC(24) Metaspace: 72106K(72448K)->72106K(72448K) NonClass: 57030K(57216K)->57030K(57216K) Class: 15076K(15232K)->15076K(15232K)
[11.626s][info][gc             ] GC(24) Pause Young (Allocation Failure) 176M->39M(494M) 9.886ms
[11.626s][info][gc,cpu         ] GC(24) User=0.00s Sys=0.00s Real=0.00s
[11.702s][info][gc,start       ] GC(25) Pause Young (Allocation Failure)
[11.712s][info][gc,heap        ] GC(25) DefNew: 141259K(157248K)->1483K(157248K) Eden: 139776K(139776K)->0K(139776K) From: 1483K(17472K)->1483K(17472K)
[11.712s][info][gc,heap        ] GC(25) Tenured: 39244K(349568K)->39249K(349568K)
[11.712s][info][gc,metaspace   ] GC(25) Metaspace: 72106K(72448K)->72106K(72448K) NonClass: 57030K(57216K)->57030K(57216K) Class: 15076K(15232K)->15076K(15232K)
[11.712s][info][gc             ] GC(25) Pause Young (Allocation Failure) 176M->39M(494M) 9.892ms
[11.712s][info][gc,cpu         ] GC(25) User=0.00s Sys=0.00s Real=0.00s
[11.786s][info][gc,start       ] GC(26) Pause Young (Allocation Failure)
[11.796s][info][gc,heap        ] GC(26) DefNew: 141259K(157248K)->1516K(157248K) Eden: 139776K(139776K)->0K(139776K) From: 1483K(17472K)->1516K(17472K)
[11.796s][info][gc,heap        ] GC(26) Tenured: 39249K(349568K)->39253K(349568K)
[11.796s][info][gc,metaspace   ] GC(26) Metaspace: 72106K(72448K)->72106K(72448K) NonClass: 57030K(57216K)->57030K(57216K) Class: 15076K(15232K)->15076K(15232K)
[11.796s][info][gc             ] GC(26) Pause Young (Allocation Failure) 176M->39M(494M) 10.438ms
[11.797s][info][gc,cpu         ] GC(26) User=0.00s Sys=0.00s Real=0.00s
[11.870s][info][gc,start       ] GC(27) Pause Young (Allocation Failure)
[11.881s][info][gc,heap        ] GC(27) DefNew: 141292K(157248K)->1466K(157248K) Eden: 139776K(139776K)->0K(139776K) From: 1516K(17472K)->1466K(17472K)
[11.881s][info][gc,heap        ] GC(27) Tenured: 39253K(349568K)->39275K(349568K)
[11.881s][info][gc,metaspace   ] GC(27) Metaspace: 72106K(72448K)->72106K(72448K) NonClass: 57030K(57216K)->57030K(57216K) Class: 15076K(15232K)->15076K(15232K)
[11.882s][info][gc             ] GC(27) Pause Young (Allocation Failure) 176M->39M(494M) 11.355ms
[11.882s][info][gc,cpu         ] GC(27) User=0.00s Sys=0.00s Real=0.00s
[11.953s][info][gc,start       ] GC(28) Pause Young (Allocation Failure)
[11.965s][info][gc,heap        ] GC(28) DefNew: 141242K(157248K)->1455K(157248K) Eden: 139776K(139776K)->0K(139776K) From: 1466K(17472K)->1455K(17472K)
[11.965s][info][gc,heap        ] GC(28) Tenured: 39275K(349568K)->39282K(349568K)
[11.965s][info][gc,metaspace   ] GC(28) Metaspace: 72106K(72448K)->72106K(72448K) NonClass: 57030K(57216K)->57030K(57216K) Class: 15076K(15232K)->15076K(15232K)
[11.965s][info][gc             ] GC(28) Pause Young (Allocation Failure) 176M->39M(494M) 11.515ms
[11.965s][info][gc,cpu         ] GC(28) User=0.06s Sys=0.00s Real=0.02s
[12.035s][info][gc,start       ] GC(29) Pause Young (Allocation Failure)
[12.045s][info][gc,heap        ] GC(29) DefNew: 141231K(157248K)->1478K(157248K) Eden: 139776K(139776K)->0K(139776K) From: 1455K(17472K)->1478K(17472K)
[12.045s][info][gc,heap        ] GC(29) Tenured: 39282K(349568K)->39282K(349568K)
[12.045s][info][gc,metaspace   ] GC(29) Metaspace: 72106K(72448K)->72106K(72448K) NonClass: 57030K(57216K)->57030K(57216K) Class: 15076K(15232K)->15076K(15232K)
[12.045s][info][gc             ] GC(29) Pause Young (Allocation Failure) 176M->39M(494M) 9.867ms
[12.045s][info][gc,cpu         ] GC(29) User=0.11s Sys=0.00s Real=0.02s
[12.112s][info][gc,start       ] GC(30) Pause Young (Allocation Failure)
[12.122s][info][gc,heap        ] GC(30) DefNew: 141254K(157248K)->1426K(157248K) Eden: 139776K(139776K)->0K(139776K) From: 1478K(17472K)->1426K(17472K)
[12.122s][info][gc,heap        ] GC(30) Tenured: 39282K(349568K)->39286K(349568K)
[12.122s][info][gc,metaspace   ] GC(30) Metaspace: 72106K(72448K)->72106K(72448K) NonClass: 57030K(57216K)->57030K(57216K) Class: 15076K(15232K)->15076K(15232K)
[12.122s][info][gc             ] GC(30) Pause Young (Allocation Failure) 176M->39M(494M) 9.764ms
[12.122s][info][gc,cpu         ] GC(30) User=0.00s Sys=0.00s Real=0.00s
[12.189s][info][gc,start       ] GC(31) Pause Young (Allocation Failure)
[12.199s][info][gc,heap        ] GC(31) DefNew: 141202K(157248K)->1489K(157248K) Eden: 139776K(139776K)->0K(139776K) From: 1426K(17472K)->1489K(17472K)
[12.199s][info][gc,heap        ] GC(31) Tenured: 39286K(349568K)->39286K(349568K)
[12.199s][info][gc,metaspace   ] GC(31) Metaspace: 72106K(72448K)->72106K(72448K) NonClass: 57030K(57216K)->57030K(57216K) Class: 15076K(15232K)->15076K(15232K)
[12.199s][info][gc             ] GC(31) Pause Young (Allocation Failure) 176M->39M(494M) 10.010ms
[12.199s][info][gc,cpu         ] GC(31) User=0.00s Sys=0.00s Real=0.00s
[12.264s][info][gc,start       ] GC(32) Pause Young (Allocation Failure)
[12.277s][info][gc,heap        ] GC(32) DefNew: 141265K(157248K)->1446K(157248K) Eden: 139776K(139776K)->0K(139776K) From: 1489K(17472K)->1446K(17472K)
[12.277s][info][gc,heap        ] GC(32) Tenured: 39286K(349568K)->39287K(349568K)
[12.277s][info][gc,metaspace   ] GC(32) Metaspace: 72106K(72448K)->72106K(72448K) NonClass: 57030K(57216K)->57030K(57216K) Class: 15076K(15232K)->15076K(15232K)
[12.277s][info][gc             ] GC(32) Pause Young (Allocation Failure) 176M->39M(494M) 12.918ms
[12.277s][info][gc,cpu         ] GC(32) User=0.00s Sys=0.00s Real=0.00s
[12.339s][info][gc,start       ] GC(33) Pause Young (Allocation Failure)
[12.349s][info][gc,heap        ] GC(33) DefNew: 141222K(157248K)->1479K(157248K) Eden: 139776K(139776K)->0K(139776K) From: 1446K(17472K)->1479K(17472K)
[12.349s][info][gc,heap        ] GC(33) Tenured: 39287K(349568K)->39289K(349568K)
[12.349s][info][gc,metaspace   ] GC(33) Metaspace: 72106K(72448K)->72106K(72448K) NonClass: 57030K(57216K)->57030K(57216K) Class: 15076K(15232K)->15076K(15232K)
[12.349s][info][gc             ] GC(33) Pause Young (Allocation Failure) 176M->39M(494M) 9.815ms
[12.349s][info][gc,cpu         ] GC(33) User=0.00s Sys=0.00s Real=0.00s
[12.439s][info][gc,start       ] GC(34) Pause Young (Allocation Failure)
[12.450s][info][gc,heap        ] GC(34) DefNew: 141255K(157248K)->1424K(157248K) Eden: 139776K(139776K)->0K(139776K) From: 1479K(17472K)->1424K(17472K)
[12.450s][info][gc,heap        ] GC(34) Tenured: 39289K(349568K)->39290K(349568K)
[12.450s][info][gc,metaspace   ] GC(34) Metaspace: 72106K(72448K)->72106K(72448K) NonClass: 57030K(57216K)->57030K(57216K) Class: 15076K(15232K)->15076K(15232K)
[12.450s][info][gc             ] GC(34) Pause Young (Allocation Failure) 176M->39M(494M) 11.161ms
[12.450s][info][gc,cpu         ] GC(34) User=0.00s Sys=0.00s Real=0.00s
[12.509s][info][gc,start       ] GC(35) Pause Young (Allocation Failure)
[12.519s][info][gc,heap        ] GC(35) DefNew: 141200K(157248K)->1470K(157248K) Eden: 139776K(139776K)->0K(139776K) From: 1424K(17472K)->1470K(17472K)
[12.519s][info][gc,heap        ] GC(35) Tenured: 39290K(349568K)->39309K(349568K)
[12.519s][info][gc,metaspace   ] GC(35) Metaspace: 72108K(72448K)->72108K(72448K) NonClass: 57031K(57216K)->57031K(57216K) Class: 15076K(15232K)->15076K(15232K)
[12.519s][info][gc             ] GC(35) Pause Young (Allocation Failure) 176M->39M(494M) 10.060ms
[12.519s][info][gc,cpu         ] GC(35) User=0.00s Sys=0.00s Real=0.00s
[12.574s][info][gc,start       ] GC(36) Pause Young (Allocation Failure)
[12.585s][info][gc,heap        ] GC(36) DefNew: 141246K(157248K)->1469K(157248K) Eden: 139776K(139776K)->0K(139776K) From: 1470K(17472K)->1469K(17472K)
[12.585s][info][gc,heap        ] GC(36) Tenured: 39309K(349568K)->39316K(349568K)
[12.585s][info][gc,metaspace   ] GC(36) Metaspace: 72108K(72448K)->72108K(72448K) NonClass: 57031K(57216K)->57031K(57216K) Class: 15076K(15232K)->15076K(15232K)
[12.585s][info][gc             ] GC(36) Pause Young (Allocation Failure) 176M->39M(494M) 10.298ms
[12.585s][info][gc,cpu         ] GC(36) User=0.00s Sys=0.00s Real=0.00s
[12.636s][info][gc,start       ] GC(37) Pause Young (Allocation Failure)
[12.645s][info][gc,heap        ] GC(37) DefNew: 141245K(157248K)->1397K(157248K) Eden: 139776K(139776K)->0K(139776K) From: 1469K(17472K)->1397K(17472K)
[12.645s][info][gc,heap        ] GC(37) Tenured: 39316K(349568K)->39354K(349568K)
[12.645s][info][gc,metaspace   ] GC(37) Metaspace: 72108K(72448K)->72108K(72448K) NonClass: 57031K(57216K)->57031K(57216K) Class: 15076K(15232K)->15076K(15232K)
[12.645s][info][gc             ] GC(37) Pause Young (Allocation Failure) 176M->39M(494M) 8.912ms
[12.645s][info][gc,cpu         ] GC(37) User=0.00s Sys=0.00s Real=0.00s
[12.695s][info][gc,start       ] GC(38) Pause Young (Allocation Failure)
[12.703s][info][gc,heap        ] GC(38) DefNew: 141173K(157248K)->1357K(157248K) Eden: 139776K(139776K)->0K(139776K) From: 1397K(17472K)->1357K(17472K)
[12.703s][info][gc,heap        ] GC(38) Tenured: 39354K(349568K)->39357K(349568K)
[12.703s][info][gc,metaspace   ] GC(38) Metaspace: 72109K(72448K)->72109K(72448K) NonClass: 57032K(57216K)->57032K(57216K) Class: 15076K(15232K)->15076K(15232K)
[12.703s][info][gc             ] GC(38) Pause Young (Allocation Failure) 176M->39M(494M) 8.670ms
[12.703s][info][gc,cpu         ] GC(38) User=0.00s Sys=0.00s Real=0.00s
[12.754s][info][gc,start       ] GC(39) Pause Young (Allocation Failure)
[12.763s][info][gc,heap        ] GC(39) DefNew: 141133K(157248K)->1404K(157248K) Eden: 139776K(139776K)->0K(139776K) From: 1357K(17472K)->1404K(17472K)
[12.763s][info][gc,heap        ] GC(39) Tenured: 39357K(349568K)->39357K(349568K)
[12.763s][info][gc,metaspace   ] GC(39) Metaspace: 72110K(72448K)->72110K(72448K) NonClass: 57033K(57216K)->57033K(57216K) Class: 15076K(15232K)->15076K(15232K)
[12.763s][info][gc             ] GC(39) Pause Young (Allocation Failure) 176M->39M(494M) 9.260ms
[12.763s][info][gc,cpu         ] GC(39) User=0.00s Sys=0.00s Real=0.00s
[12.812s][info][gc,start       ] GC(40) Pause Young (Allocation Failure)
[12.821s][info][gc,heap        ] GC(40) DefNew: 141180K(157248K)->1372K(157248K) Eden: 139776K(139776K)->0K(139776K) From: 1404K(17472K)->1372K(17472K)
[12.821s][info][gc,heap        ] GC(40) Tenured: 39357K(349568K)->39358K(349568K)
[12.821s][info][gc,metaspace   ] GC(40) Metaspace: 72110K(72448K)->72110K(72448K) NonClass: 57033K(57216K)->57033K(57216K) Class: 15076K(15232K)->15076K(15232K)
[12.821s][info][gc             ] GC(40) Pause Young (Allocation Failure) 176M->39M(494M) 8.847ms
[12.821s][info][gc,cpu         ] GC(40) User=0.00s Sys=0.00s Real=0.00s
[12.870s][info][gc,start       ] GC(41) Pause Young (Allocation Failure)
[12.878s][info][gc,heap        ] GC(41) DefNew: 141148K(157248K)->1411K(157248K) Eden: 139776K(139776K)->0K(139776K) From: 1372K(17472K)->1411K(17472K)
[12.878s][info][gc,heap        ] GC(41) Tenured: 39358K(349568K)->39358K(349568K)
[12.878s][info][gc,metaspace   ] GC(41) Metaspace: 72110K(72448K)->72110K(72448K) NonClass: 57033K(57216K)->57033K(57216K) Class: 15076K(15232K)->15076K(15232K)
[12.878s][info][gc             ] GC(41) Pause Young (Allocation Failure) 176M->39M(494M) 8.519ms
[12.879s][info][gc,cpu         ] GC(41) User=0.00s Sys=0.00s Real=0.00s
[12.926s][info][gc,start       ] GC(42) Pause Young (Allocation Failure)
[12.934s][info][gc,heap        ] GC(42) DefNew: 141187K(157248K)->1357K(157248K) Eden: 139776K(139776K)->0K(139776K) From: 1411K(17472K)->1357K(17472K)
[12.934s][info][gc,heap        ] GC(42) Tenured: 39358K(349568K)->39359K(349568K)
[12.934s][info][gc,metaspace   ] GC(42) Metaspace: 72110K(72448K)->72110K(72448K) NonClass: 57033K(57216K)->57033K(57216K) Class: 15076K(15232K)->15076K(15232K)
[12.934s][info][gc             ] GC(42) Pause Young (Allocation Failure) 176M->39M(494M) 8.199ms
[12.934s][info][gc,cpu         ] GC(42) User=0.00s Sys=0.00s Real=0.00s
[12.980s][info][gc,start       ] GC(43) Pause Young (Allocation Failure)
[12.988s][info][gc,heap        ] GC(43) DefNew: 141133K(157248K)->1374K(157248K) Eden: 139776K(139776K)->0K(139776K) From: 1357K(17472K)->1374K(17472K)
[12.988s][info][gc,heap        ] GC(43) Tenured: 39359K(349568K)->39359K(349568K)
[12.988s][info][gc,metaspace   ] GC(43) Metaspace: 72110K(72448K)->72110K(72448K) NonClass: 57033K(57216K)->57033K(57216K) Class: 15076K(15232K)->15076K(15232K)
[12.988s][info][gc             ] GC(43) Pause Young (Allocation Failure) 176M->39M(494M) 8.582ms
[12.989s][info][gc,cpu         ] GC(43) User=0.00s Sys=0.00s Real=0.00s
[13.035s][info][gc,start       ] GC(44) Pause Young (Allocation Failure)
[13.043s][info][gc,heap        ] GC(44) DefNew: 141150K(157248K)->1437K(157248K) Eden: 139776K(139776K)->0K(139776K) From: 1374K(17472K)->1437K(17472K)
[13.044s][info][gc,heap        ] GC(44) Tenured: 39359K(349568K)->39359K(349568K)
[13.044s][info][gc,metaspace   ] GC(44) Metaspace: 72110K(72448K)->72110K(72448K) NonClass: 57033K(57216K)->57033K(57216K) Class: 15076K(15232K)->15076K(15232K)
[13.044s][info][gc             ] GC(44) Pause Young (Allocation Failure) 176M->39M(494M) 8.815ms
[13.044s][info][gc,cpu         ] GC(44) User=0.00s Sys=0.00s Real=0.00s
[13.088s][info][gc,start       ] GC(45) Pause Young (Allocation Failure)
[13.097s][info][gc,heap        ] GC(45) DefNew: 141213K(157248K)->1399K(157248K) Eden: 139776K(139776K)->0K(139776K) From: 1437K(17472K)->1399K(17472K)
[13.097s][info][gc,heap        ] GC(45) Tenured: 39359K(349568K)->39359K(349568K)
[13.097s][info][gc,metaspace   ] GC(45) Metaspace: 72110K(72448K)->72110K(72448K) NonClass: 57033K(57216K)->57033K(57216K) Class: 15076K(15232K)->15076K(15232K)
[13.097s][info][gc             ] GC(45) Pause Young (Allocation Failure) 176M->39M(494M) 9.242ms
[13.097s][info][gc,cpu         ] GC(45) User=0.00s Sys=0.00s Real=0.00s
[13.142s][info][gc,start       ] GC(46) Pause Young (Allocation Failure)
[13.151s][info][gc,heap        ] GC(46) DefNew: 141175K(157248K)->1367K(157248K) Eden: 139776K(139776K)->0K(139776K) From: 1399K(17472K)->1367K(17472K)
[13.151s][info][gc,heap        ] GC(46) Tenured: 39359K(349568K)->39383K(349568K)
[13.151s][info][gc,metaspace   ] GC(46) Metaspace: 72110K(72448K)->72110K(72448K) NonClass: 57033K(57216K)->57033K(57216K) Class: 15076K(15232K)->15076K(15232K)
[13.151s][info][gc             ] GC(46) Pause Young (Allocation Failure) 176M->39M(494M) 9.259ms
[13.151s][info][gc,cpu         ] GC(46) User=0.03s Sys=0.00s Real=0.01s
[13.197s][info][gc,start       ] GC(47) Pause Young (Allocation Failure)
[13.206s][info][gc,heap        ] GC(47) DefNew: 141143K(157248K)->1397K(157248K) Eden: 139776K(139776K)->0K(139776K) From: 1367K(17472K)->1397K(17472K)
[13.206s][info][gc,heap        ] GC(47) Tenured: 39383K(349568K)->39385K(349568K)
[13.206s][info][gc,metaspace   ] GC(47) Metaspace: 72110K(72448K)->72110K(72448K) NonClass: 57033K(57216K)->57033K(57216K) Class: 15076K(15232K)->15076K(15232K)
[13.206s][info][gc             ] GC(47) Pause Young (Allocation Failure) 176M->39M(494M) 9.739ms
[13.207s][info][gc,cpu         ] GC(47) User=0.00s Sys=0.00s Real=0.00s
[13.250s][info][gc,start       ] GC(48) Pause Young (Allocation Failure)
[13.258s][info][gc,heap        ] GC(48) DefNew: 141173K(157248K)->1371K(157248K) Eden: 139776K(139776K)->0K(139776K) From: 1397K(17472K)->1371K(17472K)
[13.258s][info][gc,heap        ] GC(48) Tenured: 39385K(349568K)->39391K(349568K)
[13.258s][info][gc,metaspace   ] GC(48) Metaspace: 72110K(72448K)->72110K(72448K) NonClass: 57033K(57216K)->57033K(57216K) Class: 15076K(15232K)->15076K(15232K)
[13.259s][info][gc             ] GC(48) Pause Young (Allocation Failure) 176M->39M(494M) 8.900ms
[13.259s][info][gc,cpu         ] GC(48) User=0.00s Sys=0.00s Real=0.00s
[13.302s][info][gc,start       ] GC(49) Pause Young (Allocation Failure)
[13.314s][info][gc,heap        ] GC(49) DefNew: 141147K(157248K)->1400K(157248K) Eden: 139776K(139776K)->0K(139776K) From: 1371K(17472K)->1400K(17472K)
[13.314s][info][gc,heap        ] GC(49) Tenured: 39391K(349568K)->39394K(349568K)
[13.314s][info][gc,metaspace   ] GC(49) Metaspace: 72110K(72448K)->72110K(72448K) NonClass: 57033K(57216K)->57033K(57216K) Class: 15076K(15232K)->15076K(15232K)
[13.314s][info][gc             ] GC(49) Pause Young (Allocation Failure) 176M->39M(494M) 11.710ms
[13.314s][info][gc,cpu         ] GC(49) User=0.00s Sys=0.00s Real=0.00s
[13.358s][info][gc,start       ] GC(50) Pause Young (Allocation Failure)
[13.366s][info][gc,heap        ] GC(50) DefNew: 141176K(157248K)->1383K(157248K) Eden: 139776K(139776K)->0K(139776K) From: 1400K(17472K)->1383K(17472K)
[13.366s][info][gc,heap        ] GC(50) Tenured: 39394K(349568K)->39398K(349568K)
[13.366s][info][gc,metaspace   ] GC(50) Metaspace: 72110K(72448K)->72110K(72448K) NonClass: 57033K(57216K)->57033K(57216K) Class: 15076K(15232K)->15076K(15232K)
[13.366s][info][gc             ] GC(50) Pause Young (Allocation Failure) 176M->39M(494M) 8.400ms
[13.366s][info][gc,cpu         ] GC(50) User=0.00s Sys=0.00s Real=0.00s
[13.409s][info][gc,start       ] GC(51) Pause Young (Allocation Failure)
[13.418s][info][gc,heap        ] GC(51) DefNew: 141159K(157248K)->1426K(157248K) Eden: 139776K(139776K)->0K(139776K) From: 1383K(17472K)->1426K(17472K)
[13.418s][info][gc,heap        ] GC(51) Tenured: 39398K(349568K)->39398K(349568K)
[13.418s][info][gc,metaspace   ] GC(51) Metaspace: 72110K(72448K)->72110K(72448K) NonClass: 57033K(57216K)->57033K(57216K) Class: 15076K(15232K)->15076K(15232K)
[13.418s][info][gc             ] GC(51) Pause Young (Allocation Failure) 176M->39M(494M) 8.887ms
[13.418s][info][gc,cpu         ] GC(51) User=0.00s Sys=0.00s Real=0.00s
[13.461s][info][gc,start       ] GC(52) Pause Young (Allocation Failure)
[13.469s][info][gc,heap        ] GC(52) DefNew: 141202K(157248K)->1407K(157248K) Eden: 139776K(139776K)->0K(139776K) From: 1426K(17472K)->1407K(17472K)
[13.469s][info][gc,heap        ] GC(52) Tenured: 39398K(349568K)->39398K(349568K)
[13.469s][info][gc,metaspace   ] GC(52) Metaspace: 72111K(72448K)->72111K(72448K) NonClass: 57034K(57216K)->57034K(57216K) Class: 15076K(15232K)->15076K(15232K)
[13.469s][info][gc             ] GC(52) Pause Young (Allocation Failure) 176M->39M(494M) 8.381ms
[13.469s][info][gc,cpu         ] GC(52) User=0.00s Sys=0.00s Real=0.00s
[13.511s][info][gc,start       ] GC(53) Pause Young (Allocation Failure)
[13.520s][info][gc,heap        ] GC(53) DefNew: 141183K(157248K)->1460K(157248K) Eden: 139776K(139776K)->0K(139776K) From: 1407K(17472K)->1460K(17472K)
[13.520s][info][gc,heap        ] GC(53) Tenured: 39398K(349568K)->39399K(349568K)
[13.520s][info][gc,metaspace   ] GC(53) Metaspace: 72133K(72448K)->72133K(72448K) NonClass: 57053K(57216K)->57053K(57216K) Class: 15080K(15232K)->15080K(15232K)
[13.520s][info][gc             ] GC(53) Pause Young (Allocation Failure) 176M->39M(494M) 9.183ms
[13.520s][info][gc,cpu         ] GC(53) User=0.00s Sys=0.00s Real=0.00s
[13.584s][info][gc,start       ] GC(54) Pause Young (Allocation Failure)
[13.593s][info][gc,heap        ] GC(54) DefNew: 141236K(157248K)->1408K(157248K) Eden: 139775K(139776K)->0K(139776K) From: 1460K(17472K)->1408K(17472K)
[13.593s][info][gc,heap        ] GC(54) Tenured: 39399K(349568K)->39399K(349568K)
[13.593s][info][gc,metaspace   ] GC(54) Metaspace: 72138K(72512K)->72138K(72512K) NonClass: 57058K(57280K)->57058K(57280K) Class: 15080K(15232K)->15080K(15232K)
[13.593s][info][gc             ] GC(54) Pause Young (Allocation Failure) 176M->39M(494M) 8.926ms
[13.593s][info][gc,cpu         ] GC(54) User=0.03s Sys=0.00s Real=0.01s
[13.639s][info][gc,start       ] GC(55) Pause Young (Allocation Failure)
[13.648s][info][gc,heap        ] GC(55) DefNew: 141184K(157248K)->1425K(157248K) Eden: 139776K(139776K)->0K(139776K) From: 1408K(17472K)->1425K(17472K)
[13.648s][info][gc,heap        ] GC(55) Tenured: 39399K(349568K)->39399K(349568K)
[13.648s][info][gc,metaspace   ] GC(55) Metaspace: 72138K(72512K)->72138K(72512K) NonClass: 57058K(57280K)->57058K(57280K) Class: 15080K(15232K)->15080K(15232K)
[13.648s][info][gc             ] GC(55) Pause Young (Allocation Failure) 176M->39M(494M) 9.019ms
[13.648s][info][gc,cpu         ] GC(55) User=0.00s Sys=0.00s Real=0.00s
[13.695s][info][gc,start       ] GC(56) Pause Young (Allocation Failure)
[13.704s][info][gc,heap        ] GC(56) DefNew: 141201K(157248K)->1397K(157248K) Eden: 139776K(139776K)->0K(139776K) From: 1425K(17472K)->1397K(17472K)
[13.704s][info][gc,heap        ] GC(56) Tenured: 39399K(349568K)->39399K(349568K)
[13.704s][info][gc,metaspace   ] GC(56) Metaspace: 72138K(72512K)->72138K(72512K) NonClass: 57058K(57280K)->57058K(57280K) Class: 15080K(15232K)->15080K(15232K)
[13.704s][info][gc             ] GC(56) Pause Young (Allocation Failure) 176M->39M(494M) 9.380ms
[13.704s][info][gc,cpu         ] GC(56) User=0.00s Sys=0.00s Real=0.01s
[13.750s][info][gc,start       ] GC(57) Pause Young (Allocation Failure)
[13.759s][info][gc,heap        ] GC(57) DefNew: 141173K(157248K)->1389K(157248K) Eden: 139776K(139776K)->0K(139776K) From: 1397K(17472K)->1389K(17472K)
[13.760s][info][gc,heap        ] GC(57) Tenured: 39399K(349568K)->39401K(349568K)
[13.760s][info][gc,metaspace   ] GC(57) Metaspace: 72138K(72512K)->72138K(72512K) NonClass: 57058K(57280K)->57058K(57280K) Class: 15080K(15232K)->15080K(15232K)
[13.760s][info][gc             ] GC(57) Pause Young (Allocation Failure) 176M->39M(494M) 9.243ms
[13.760s][info][gc,cpu         ] GC(57) User=0.00s Sys=0.00s Real=0.00s
[13.805s][info][gc,start       ] GC(58) Pause Young (Allocation Failure)
[13.814s][info][gc,heap        ] GC(58) DefNew: 141165K(157248K)->1406K(157248K) Eden: 139776K(139776K)->0K(139776K) From: 1389K(17472K)->1406K(17472K)
[13.814s][info][gc,heap        ] GC(58) Tenured: 39401K(349568K)->39402K(349568K)
[13.814s][info][gc,metaspace   ] GC(58) Metaspace: 72138K(72512K)->72138K(72512K) NonClass: 57058K(57280K)->57058K(57280K) Class: 15080K(15232K)->15080K(15232K)
[13.814s][info][gc             ] GC(58) Pause Young (Allocation Failure) 176M->39M(494M) 9.118ms
[13.814s][info][gc,cpu         ] GC(58) User=0.00s Sys=0.00s Real=0.00s
[13.859s][info][gc,start       ] GC(59) Pause Young (Allocation Failure)
[13.868s][info][gc,heap        ] GC(59) DefNew: 141182K(157248K)->1459K(157248K) Eden: 139776K(139776K)->0K(139776K) From: 1406K(17472K)->1459K(17472K)
[13.869s][info][gc,heap        ] GC(59) Tenured: 39402K(349568K)->39402K(349568K)
[13.869s][info][gc,metaspace   ] GC(59) Metaspace: 72138K(72512K)->72138K(72512K) NonClass: 57058K(57280K)->57058K(57280K) Class: 15080K(15232K)->15080K(15232K)
[13.869s][info][gc             ] GC(59) Pause Young (Allocation Failure) 176M->39M(494M) 9.738ms
[13.869s][info][gc,cpu         ] GC(59) User=0.00s Sys=0.00s Real=0.00s
[13.914s][info][gc,start       ] GC(60) Pause Young (Allocation Failure)
[13.923s][info][gc,heap        ] GC(60) DefNew: 141235K(157248K)->1384K(157248K) Eden: 139775K(139776K)->0K(139776K) From: 1459K(17472K)->1384K(17472K)
[13.923s][info][gc,heap        ] GC(60) Tenured: 39402K(349568K)->39404K(349568K)
[13.923s][info][gc,metaspace   ] GC(60) Metaspace: 72138K(72512K)->72138K(72512K) NonClass: 57058K(57280K)->57058K(57280K) Class: 15080K(15232K)->15080K(15232K)
[13.923s][info][gc             ] GC(60) Pause Young (Allocation Failure) 176M->39M(494M) 9.107ms
[13.923s][info][gc,cpu         ] GC(60) User=0.00s Sys=0.00s Real=0.00s
[13.967s][info][gc,start       ] GC(61) Pause Young (Allocation Failure)
[13.976s][info][gc,heap        ] GC(61) DefNew: 141160K(157248K)->1412K(157248K) Eden: 139776K(139776K)->0K(139776K) From: 1384K(17472K)->1412K(17472K)
[13.976s][info][gc,heap        ] GC(61) Tenured: 39404K(349568K)->39404K(349568K)
[13.976s][info][gc,metaspace   ] GC(61) Metaspace: 72138K(72512K)->72138K(72512K) NonClass: 57058K(57280K)->57058K(57280K) Class: 15080K(15232K)->15080K(15232K)
[13.976s][info][gc             ] GC(61) Pause Young (Allocation Failure) 176M->39M(494M) 9.160ms
[13.976s][info][gc,cpu         ] GC(61) User=0.05s Sys=0.00s Real=0.01s
[14.016s][info][gc,start       ] GC(62) Pause Young (Allocation Failure)
[14.025s][info][gc,heap        ] GC(62) DefNew: 141188K(157248K)->1400K(157248K) Eden: 139776K(139776K)->0K(139776K) From: 1412K(17472K)->1400K(17472K)
[14.025s][info][gc,heap        ] GC(62) Tenured: 39404K(349568K)->39425K(349568K)
[14.025s][info][gc,metaspace   ] GC(62) Metaspace: 72138K(72512K)->72138K(72512K) NonClass: 57058K(57280K)->57058K(57280K) Class: 15080K(15232K)->15080K(15232K)
[14.025s][info][gc             ] GC(62) Pause Young (Allocation Failure) 176M->39M(494M) 9.416ms
[14.025s][info][gc,cpu         ] GC(62) User=0.00s Sys=0.00s Real=0.00s
[14.062s][info][gc,start       ] GC(63) Pause Young (Allocation Failure)
[14.071s][info][gc,heap        ] GC(63) DefNew: 141176K(157248K)->1444K(157248K) Eden: 139776K(139776K)->0K(139776K) From: 1400K(17472K)->1444K(17472K)
[14.071s][info][gc,heap        ] GC(63) Tenured: 39425K(349568K)->39429K(349568K)
[14.071s][info][gc,metaspace   ] GC(63) Metaspace: 72138K(72512K)->72138K(72512K) NonClass: 57058K(57280K)->57058K(57280K) Class: 15080K(15232K)->15080K(15232K)
[14.071s][info][gc             ] GC(63) Pause Young (Allocation Failure) 176M->39M(494M) 9.007ms
[14.071s][info][gc,cpu         ] GC(63) User=0.00s Sys=0.00s Real=0.00s
[14.107s][info][gc,start       ] GC(64) Pause Young (Allocation Failure)
[14.115s][info][gc,heap        ] GC(64) DefNew: 141220K(157248K)->1398K(157248K) Eden: 139776K(139776K)->0K(139776K) From: 1444K(17472K)->1398K(17472K)
[14.115s][info][gc,heap        ] GC(64) Tenured: 39429K(349568K)->39430K(349568K)
[14.115s][info][gc,metaspace   ] GC(64) Metaspace: 72138K(72512K)->72138K(72512K) NonClass: 57058K(57280K)->57058K(57280K) Class: 15080K(15232K)->15080K(15232K)
[14.115s][info][gc             ] GC(64) Pause Young (Allocation Failure) 176M->39M(494M) 8.520ms
[14.115s][info][gc,cpu         ] GC(64) User=0.00s Sys=0.00s Real=0.01s
[14.151s][info][gc,start       ] GC(65) Pause Young (Allocation Failure)
[14.159s][info][gc,heap        ] GC(65) DefNew: 141174K(157248K)->1365K(157248K) Eden: 139776K(139776K)->0K(139776K) From: 1398K(17472K)->1365K(17472K)
[14.159s][info][gc,heap        ] GC(65) Tenured: 39430K(349568K)->39430K(349568K)
[14.159s][info][gc,metaspace   ] GC(65) Metaspace: 72138K(72512K)->72138K(72512K) NonClass: 57058K(57280K)->57058K(57280K) Class: 15080K(15232K)->15080K(15232K)
[14.159s][info][gc             ] GC(65) Pause Young (Allocation Failure) 176M->39M(494M) 8.267ms
[14.159s][info][gc,cpu         ] GC(65) User=0.00s Sys=0.00s Real=0.00s
[14.196s][info][gc,start       ] GC(66) Pause Young (Allocation Failure)
[14.206s][info][gc,heap        ] GC(66) DefNew: 141141K(157248K)->1410K(157248K) Eden: 139776K(139776K)->0K(139776K) From: 1365K(17472K)->1410K(17472K)
[14.206s][info][gc,heap        ] GC(66) Tenured: 39430K(349568K)->39430K(349568K)
[14.206s][info][gc,metaspace   ] GC(66) Metaspace: 72138K(72512K)->72138K(72512K) NonClass: 57058K(57280K)->57058K(57280K) Class: 15080K(15232K)->15080K(15232K)
[14.206s][info][gc             ] GC(66) Pause Young (Allocation Failure) 176M->39M(494M) 9.372ms
[14.206s][info][gc,cpu         ] GC(66) User=0.00s Sys=0.00s Real=0.00s
[14.242s][info][gc,start       ] GC(67) Pause Young (Allocation Failure)
[14.251s][info][gc,heap        ] GC(67) DefNew: 141186K(157248K)->1431K(157248K) Eden: 139775K(139776K)->0K(139776K) From: 1410K(17472K)->1431K(17472K)
[14.251s][info][gc,heap        ] GC(67) Tenured: 39430K(349568K)->39430K(349568K)
[14.251s][info][gc,metaspace   ] GC(67) Metaspace: 72138K(72512K)->72138K(72512K) NonClass: 57058K(57280K)->57058K(57280K) Class: 15080K(15232K)->15080K(15232K)
[14.251s][info][gc             ] GC(67) Pause Young (Allocation Failure) 176M->39M(494M) 9.191ms
[14.251s][info][gc,cpu         ] GC(67) User=0.00s Sys=0.00s Real=0.00s
[14.287s][info][gc,start       ] GC(68) Pause Young (Allocation Failure)
[14.295s][info][gc,heap        ] GC(68) DefNew: 141207K(157248K)->1415K(157248K) Eden: 139776K(139776K)->0K(139776K) From: 1431K(17472K)->1415K(17472K)
[14.295s][info][gc,heap        ] GC(68) Tenured: 39430K(349568K)->39434K(349568K)
[14.295s][info][gc,metaspace   ] GC(68) Metaspace: 72138K(72512K)->72138K(72512K) NonClass: 57058K(57280K)->57058K(57280K) Class: 15080K(15232K)->15080K(15232K)
[14.295s][info][gc             ] GC(68) Pause Young (Allocation Failure) 176M->39M(494M) 8.433ms
[14.295s][info][gc,cpu         ] GC(68) User=0.00s Sys=0.00s Real=0.00s
[14.330s][info][gc,start       ] GC(69) Pause Young (Allocation Failure)
[14.339s][info][gc,heap        ] GC(69) DefNew: 141191K(157248K)->1445K(157248K) Eden: 139776K(139776K)->0K(139776K) From: 1415K(17472K)->1445K(17472K)
[14.339s][info][gc,heap        ] GC(69) Tenured: 39434K(349568K)->39450K(349568K)
[14.339s][info][gc,metaspace   ] GC(69) Metaspace: 72138K(72512K)->72138K(72512K) NonClass: 57058K(57280K)->57058K(57280K) Class: 15080K(15232K)->15080K(15232K)
[14.339s][info][gc             ] GC(69) Pause Young (Allocation Failure) 176M->39M(494M) 8.614ms
[14.339s][info][gc,cpu         ] GC(69) User=0.00s Sys=0.00s Real=0.00s
[14.374s][info][gc,start       ] GC(70) Pause Young (Allocation Failure)
[14.383s][info][gc,heap        ] GC(70) DefNew: 141221K(157248K)->1449K(157248K) Eden: 139776K(139776K)->0K(139776K) From: 1445K(17472K)->1449K(17472K)
[14.383s][info][gc,heap        ] GC(70) Tenured: 39450K(349568K)->39450K(349568K)
[14.383s][info][gc,metaspace   ] GC(70) Metaspace: 72138K(72512K)->72138K(72512K) NonClass: 57058K(57280K)->57058K(57280K) Class: 15080K(15232K)->15080K(15232K)
[14.383s][info][gc             ] GC(70) Pause Young (Allocation Failure) 176M->39M(494M) 8.504ms
[14.383s][info][gc,cpu         ] GC(70) User=0.00s Sys=0.00s Real=0.00s
[14.418s][info][gc,start       ] GC(71) Pause Young (Allocation Failure)
[14.426s][info][gc,heap        ] GC(71) DefNew: 141225K(157248K)->1382K(157248K) Eden: 139776K(139776K)->0K(139776K) From: 1449K(17472K)->1382K(17472K)
[14.426s][info][gc,heap        ] GC(71) Tenured: 39450K(349568K)->39451K(349568K)
[14.426s][info][gc,metaspace   ] GC(71) Metaspace: 72138K(72512K)->72138K(72512K) NonClass: 57058K(57280K)->57058K(57280K) Class: 15080K(15232K)->15080K(15232K)
[14.426s][info][gc             ] GC(71) Pause Young (Allocation Failure) 176M->39M(494M) 8.256ms
[14.426s][info][gc,cpu         ] GC(71) User=0.00s Sys=0.00s Real=0.00s
[14.461s][info][gc,start       ] GC(72) Pause Young (Allocation Failure)
[14.469s][info][gc,heap        ] GC(72) DefNew: 141158K(157248K)->1422K(157248K) Eden: 139776K(139776K)->0K(139776K) From: 1382K(17472K)->1422K(17472K)
[14.469s][info][gc,heap        ] GC(72) Tenured: 39451K(349568K)->39451K(349568K)
[14.469s][info][gc,metaspace   ] GC(72) Metaspace: 72138K(72512K)->72138K(72512K) NonClass: 57058K(57280K)->57058K(57280K) Class: 15080K(15232K)->15080K(15232K)
[14.470s][info][gc             ] GC(72) Pause Young (Allocation Failure) 176M->39M(494M) 8.240ms
[14.470s][info][gc,cpu         ] GC(72) User=0.00s Sys=0.00s Real=0.00s
[14.505s][info][gc,start       ] GC(73) Pause Young (Allocation Failure)
[14.513s][info][gc,heap        ] GC(73) DefNew: 141198K(157248K)->1427K(157248K) Eden: 139776K(139776K)->0K(139776K) From: 1422K(17472K)->1427K(17472K)
[14.513s][info][gc,heap        ] GC(73) Tenured: 39451K(349568K)->39452K(349568K)
[14.513s][info][gc,metaspace   ] GC(73) Metaspace: 72138K(72512K)->72138K(72512K) NonClass: 57058K(57280K)->57058K(57280K) Class: 15080K(15232K)->15080K(15232K)
[14.513s][info][gc             ] GC(73) Pause Young (Allocation Failure) 176M->39M(494M) 8.342ms
[14.513s][info][gc,cpu         ] GC(73) User=0.00s Sys=0.00s Real=0.00s
[14.550s][info][gc,start       ] GC(74) Pause Young (Allocation Failure)
[14.558s][info][gc,heap        ] GC(74) DefNew: 141203K(157248K)->1392K(157248K) Eden: 139776K(139776K)->0K(139776K) From: 1427K(17472K)->1392K(17472K)
[14.558s][info][gc,heap        ] GC(74) Tenured: 39452K(349568K)->39452K(349568K)
[14.558s][info][gc,metaspace   ] GC(74) Metaspace: 72138K(72512K)->72138K(72512K) NonClass: 57058K(57280K)->57058K(57280K) Class: 15080K(15232K)->15080K(15232K)
[14.558s][info][gc             ] GC(74) Pause Young (Allocation Failure) 176M->39M(494M) 8.155ms
[14.558s][info][gc,cpu         ] GC(74) User=0.00s Sys=0.00s Real=0.00s
[14.594s][info][gc,start       ] GC(75) Pause Young (Allocation Failure)
[14.603s][info][gc,heap        ] GC(75) DefNew: 141168K(157248K)->1372K(157248K) Eden: 139776K(139776K)->0K(139776K) From: 1392K(17472K)->1372K(17472K)
[14.603s][info][gc,heap        ] GC(75) Tenured: 39452K(349568K)->39452K(349568K)
[14.603s][info][gc,metaspace   ] GC(75) Metaspace: 72138K(72512K)->72138K(72512K) NonClass: 57058K(57280K)->57058K(57280K) Class: 15080K(15232K)->15080K(15232K)
[14.603s][info][gc             ] GC(75) Pause Young (Allocation Failure) 176M->39M(494M) 8.662ms
[14.603s][info][gc,cpu         ] GC(75) User=0.00s Sys=0.00s Real=0.00s
[14.664s][info][gc,start       ] GC(76) Pause Young (Allocation Failure)
[14.673s][info][gc,heap        ] GC(76) DefNew: 141148K(157248K)->1362K(157248K) Eden: 139776K(139776K)->0K(139776K) From: 1372K(17472K)->1362K(17472K)
[14.673s][info][gc,heap        ] GC(76) Tenured: 39452K(349568K)->39452K(349568K)
[14.673s][info][gc,metaspace   ] GC(76) Metaspace: 72138K(72512K)->72138K(72512K) NonClass: 57058K(57280K)->57058K(57280K) Class: 15080K(15232K)->15080K(15232K)
[14.673s][info][gc             ] GC(76) Pause Young (Allocation Failure) 176M->39M(494M) 8.501ms
[14.673s][info][gc,cpu         ] GC(76) User=0.00s Sys=0.00s Real=0.00s
[14.708s][info][gc,start       ] GC(77) Pause Young (Allocation Failure)
[14.717s][info][gc,heap        ] GC(77) DefNew: 141138K(157248K)->1404K(157248K) Eden: 139776K(139776K)->0K(139776K) From: 1362K(17472K)->1404K(17472K)
[14.717s][info][gc,heap        ] GC(77) Tenured: 39452K(349568K)->39452K(349568K)
[14.717s][info][gc,metaspace   ] GC(77) Metaspace: 72138K(72512K)->72138K(72512K) NonClass: 57058K(57280K)->57058K(57280K) Class: 15080K(15232K)->15080K(15232K)
[14.717s][info][gc             ] GC(77) Pause Young (Allocation Failure) 176M->39M(494M) 9.014ms
[14.717s][info][gc,cpu         ] GC(77) User=0.00s Sys=0.00s Real=0.00s
[14.752s][info][gc,start       ] GC(78) Pause Young (Allocation Failure)
[14.760s][info][gc,heap        ] GC(78) DefNew: 141180K(157248K)->1394K(157248K) Eden: 139775K(139776K)->0K(139776K) From: 1404K(17472K)->1394K(17472K)
[14.760s][info][gc,heap        ] GC(78) Tenured: 39452K(349568K)->39452K(349568K)
[14.760s][info][gc,metaspace   ] GC(78) Metaspace: 72138K(72512K)->72138K(72512K) NonClass: 57058K(57280K)->57058K(57280K) Class: 15080K(15232K)->15080K(15232K)
[14.761s][info][gc             ] GC(78) Pause Young (Allocation Failure) 176M->39M(494M) 8.700ms
[14.761s][info][gc,cpu         ] GC(78) User=0.00s Sys=0.00s Real=0.00s
[14.796s][info][gc,start       ] GC(79) Pause Young (Allocation Failure)
[14.804s][info][gc,heap        ] GC(79) DefNew: 141170K(157248K)->1411K(157248K) Eden: 139776K(139776K)->0K(139776K) From: 1394K(17472K)->1411K(17472K)
[14.804s][info][gc,heap        ] GC(79) Tenured: 39452K(349568K)->39453K(349568K)
[14.804s][info][gc,metaspace   ] GC(79) Metaspace: 72138K(72512K)->72138K(72512K) NonClass: 57058K(57280K)->57058K(57280K) Class: 15080K(15232K)->15080K(15232K)
[14.804s][info][gc             ] GC(79) Pause Young (Allocation Failure) 176M->39M(494M) 8.219ms
[14.804s][info][gc,cpu         ] GC(79) User=0.00s Sys=0.00s Real=0.00s
[14.839s][info][gc,start       ] GC(80) Pause Young (Allocation Failure)
[14.847s][info][gc,heap        ] GC(80) DefNew: 141187K(157248K)->1369K(157248K) Eden: 139776K(139776K)->0K(139776K) From: 1411K(17472K)->1369K(17472K)
[14.847s][info][gc,heap        ] GC(80) Tenured: 39453K(349568K)->39453K(349568K)
[14.847s][info][gc,metaspace   ] GC(80) Metaspace: 72138K(72512K)->72138K(72512K) NonClass: 57058K(57280K)->57058K(57280K) Class: 15080K(15232K)->15080K(15232K)
[14.847s][info][gc             ] GC(80) Pause Young (Allocation Failure) 176M->39M(494M) 8.109ms
[14.847s][info][gc,cpu         ] GC(80) User=0.00s Sys=0.00s Real=0.00s
[14.882s][info][gc,start       ] GC(81) Pause Young (Allocation Failure)
[14.890s][info][gc,heap        ] GC(81) DefNew: 141145K(157248K)->1386K(157248K) Eden: 139776K(139776K)->0K(139776K) From: 1369K(17472K)->1386K(17472K)
[14.890s][info][gc,heap        ] GC(81) Tenured: 39453K(349568K)->39477K(349568K)
[14.890s][info][gc,metaspace   ] GC(81) Metaspace: 72138K(72512K)->72138K(72512K) NonClass: 57058K(57280K)->57058K(57280K) Class: 15080K(15232K)->15080K(15232K)
[14.891s][info][gc             ] GC(81) Pause Young (Allocation Failure) 176M->39M(494M) 8.284ms
[14.891s][info][gc,cpu         ] GC(81) User=0.02s Sys=0.00s Real=0.00s
[14.926s][info][gc,start       ] GC(82) Pause Young (Allocation Failure)
[14.934s][info][gc,heap        ] GC(82) DefNew: 141162K(157248K)->1342K(157248K) Eden: 139776K(139776K)->0K(139776K) From: 1386K(17472K)->1342K(17472K)
[14.934s][info][gc,heap        ] GC(82) Tenured: 39477K(349568K)->39478K(349568K)
[14.934s][info][gc,metaspace   ] GC(82) Metaspace: 72138K(72512K)->72138K(72512K) NonClass: 57058K(57280K)->57058K(57280K) Class: 15080K(15232K)->15080K(15232K)
[14.934s][info][gc             ] GC(82) Pause Young (Allocation Failure) 176M->39M(494M) 8.759ms
[14.934s][info][gc,cpu         ] GC(82) User=0.00s Sys=0.00s Real=0.00s
[14.969s][info][gc,start       ] GC(83) Pause Young (Allocation Failure)
[14.978s][info][gc,heap        ] GC(83) DefNew: 141118K(157248K)->1369K(157248K) Eden: 139776K(139776K)->0K(139776K) From: 1342K(17472K)->1369K(17472K)
[14.978s][info][gc,heap        ] GC(83) Tenured: 39478K(349568K)->39478K(349568K)
[14.978s][info][gc,metaspace   ] GC(83) Metaspace: 72138K(72512K)->72138K(72512K) NonClass: 57058K(57280K)->57058K(57280K) Class: 15080K(15232K)->15080K(15232K)
[14.978s][info][gc             ] GC(83) Pause Young (Allocation Failure) 176M->39M(494M) 8.798ms
[14.978s][info][gc,cpu         ] GC(83) User=0.02s Sys=0.00s Real=0.01s
[15.013s][info][gc,start       ] GC(84) Pause Young (Allocation Failure)
[15.022s][info][gc,heap        ] GC(84) DefNew: 141145K(157248K)->1376K(157248K) Eden: 139776K(139776K)->0K(139776K) From: 1369K(17472K)->1376K(17472K)
[15.022s][info][gc,heap        ] GC(84) Tenured: 39478K(349568K)->39478K(349568K)
[15.022s][info][gc,metaspace   ] GC(84) Metaspace: 72138K(72512K)->72138K(72512K) NonClass: 57058K(57280K)->57058K(57280K) Class: 15080K(15232K)->15080K(15232K)
[15.022s][info][gc             ] GC(84) Pause Young (Allocation Failure) 176M->39M(494M) 8.506ms
[15.022s][info][gc,cpu         ] GC(84) User=0.00s Sys=0.00s Real=0.00s
[15.057s][info][gc,start       ] GC(85) Pause Young (Allocation Failure)
[15.065s][info][gc,heap        ] GC(85) DefNew: 141152K(157248K)->1402K(157248K) Eden: 139775K(139776K)->0K(139776K) From: 1376K(17472K)->1402K(17472K)
[15.065s][info][gc,heap        ] GC(85) Tenured: 39478K(349568K)->39478K(349568K)
[15.065s][info][gc,metaspace   ] GC(85) Metaspace: 72138K(72512K)->72138K(72512K) NonClass: 57058K(57280K)->57058K(57280K) Class: 15080K(15232K)->15080K(15232K)
[15.065s][info][gc             ] GC(85) Pause Young (Allocation Failure) 176M->39M(494M) 8.258ms
[15.065s][info][gc,cpu         ] GC(85) User=0.00s Sys=0.00s Real=0.00s
[15.100s][info][gc,start       ] GC(86) Pause Young (Allocation Failure)
[15.109s][info][gc,heap        ] GC(86) DefNew: 141178K(157248K)->1398K(157248K) Eden: 139776K(139776K)->0K(139776K) From: 1402K(17472K)->1398K(17472K)
[15.109s][info][gc,heap        ] GC(86) Tenured: 39478K(349568K)->39479K(349568K)
[15.109s][info][gc,metaspace   ] GC(86) Metaspace: 72143K(72512K)->72143K(72512K) NonClass: 57063K(57280K)->57063K(57280K) Class: 15080K(15232K)->15080K(15232K)
[15.109s][info][gc             ] GC(86) Pause Young (Allocation Failure) 176M->39M(494M) 9.160ms
[15.109s][info][gc,cpu         ] GC(86) User=0.02s Sys=0.00s Real=0.00s
[15.144s][info][gc,start       ] GC(87) Pause Young (Allocation Failure)
[15.153s][info][gc,heap        ] GC(87) DefNew: 141174K(157248K)->1390K(157248K) Eden: 139775K(139776K)->0K(139776K) From: 1398K(17472K)->1390K(17472K)
[15.153s][info][gc,heap        ] GC(87) Tenured: 39479K(349568K)->39479K(349568K)
[15.153s][info][gc,metaspace   ] GC(87) Metaspace: 72143K(72512K)->72143K(72512K) NonClass: 57063K(57280K)->57063K(57280K) Class: 15080K(15232K)->15080K(15232K)
[15.153s][info][gc             ] GC(87) Pause Young (Allocation Failure) 176M->39M(494M) 8.744ms
[15.153s][info][gc,cpu         ] GC(87) User=0.00s Sys=0.00s Real=0.00s
[15.188s][info][gc,start       ] GC(88) Pause Young (Allocation Failure)
[15.197s][info][gc,heap        ] GC(88) DefNew: 141166K(157248K)->1453K(157248K) Eden: 139776K(139776K)->0K(139776K) From: 1390K(17472K)->1453K(17472K)
[15.197s][info][gc,heap        ] GC(88) Tenured: 39479K(349568K)->39480K(349568K)
[15.197s][info][gc,metaspace   ] GC(88) Metaspace: 72143K(72512K)->72143K(72512K) NonClass: 57063K(57280K)->57063K(57280K) Class: 15080K(15232K)->15080K(15232K)
[15.197s][info][gc             ] GC(88) Pause Young (Allocation Failure) 176M->39M(494M) 8.522ms
[15.197s][info][gc,cpu         ] GC(88) User=0.02s Sys=0.00s Real=0.01s
[15.232s][info][gc,start       ] GC(89) Pause Young (Allocation Failure)
[15.240s][info][gc,heap        ] GC(89) DefNew: 141229K(157248K)->1375K(157248K) Eden: 139776K(139776K)->0K(139776K) From: 1453K(17472K)->1375K(17472K)
[15.240s][info][gc,heap        ] GC(89) Tenured: 39480K(349568K)->39480K(349568K)
[15.240s][info][gc,metaspace   ] GC(89) Metaspace: 72143K(72512K)->72143K(72512K) NonClass: 57063K(57280K)->57063K(57280K) Class: 15080K(15232K)->15080K(15232K)
[15.240s][info][gc             ] GC(89) Pause Young (Allocation Failure) 176M->39M(494M) 8.079ms
[15.240s][info][gc,cpu         ] GC(89) User=0.00s Sys=0.00s Real=0.01s
[15.278s][info][gc,start       ] GC(90) Pause Young (Allocation Failure)
[15.290s][info][gc,heap        ] GC(90) DefNew: 141151K(157248K)->1364K(157248K) Eden: 139776K(139776K)->0K(139776K) From: 1375K(17472K)->1364K(17472K)
[15.290s][info][gc,heap        ] GC(90) Tenured: 39480K(349568K)->39480K(349568K)
[15.290s][info][gc,metaspace   ] GC(90) Metaspace: 72143K(72512K)->72143K(72512K) NonClass: 57063K(57280K)->57063K(57280K) Class: 15080K(15232K)->15080K(15232K)
[15.291s][info][gc             ] GC(90) Pause Young (Allocation Failure) 176M->39M(494M) 12.848ms
[15.291s][info][gc,cpu         ] GC(90) User=0.00s Sys=0.00s Real=0.00s
[15.330s][info][gc,start       ] GC(91) Pause Young (Allocation Failure)
[15.339s][info][gc,heap        ] GC(91) DefNew: 141140K(157248K)->1446K(157248K) Eden: 139776K(139776K)->0K(139776K) From: 1364K(17472K)->1446K(17472K)
[15.339s][info][gc,heap        ] GC(91) Tenured: 39480K(349568K)->39481K(349568K)
[15.339s][info][gc,metaspace   ] GC(91) Metaspace: 72143K(72512K)->72143K(72512K) NonClass: 57063K(57280K)->57063K(57280K) Class: 15080K(15232K)->15080K(15232K)
[15.339s][info][gc             ] GC(91) Pause Young (Allocation Failure) 176M->39M(494M) 8.362ms
[15.339s][info][gc,cpu         ] GC(91) User=0.00s Sys=0.00s Real=0.00s
[15.374s][info][gc,start       ] GC(92) Pause Young (Allocation Failure)
[15.385s][info][gc,heap        ] GC(92) DefNew: 141222K(157248K)->1372K(157248K) Eden: 139776K(139776K)->0K(139776K) From: 1446K(17472K)->1372K(17472K)
[15.385s][info][gc,heap        ] GC(92) Tenured: 39481K(349568K)->39481K(349568K)
[15.385s][info][gc,metaspace   ] GC(92) Metaspace: 72143K(72512K)->72143K(72512K) NonClass: 57063K(57280K)->57063K(57280K) Class: 15080K(15232K)->15080K(15232K)
[15.385s][info][gc             ] GC(92) Pause Young (Allocation Failure) 176M->39M(494M) 11.228ms
[15.385s][info][gc,cpu         ] GC(92) User=0.00s Sys=0.00s Real=0.00s
[15.421s][info][gc,start       ] GC(93) Pause Young (Allocation Failure)
[15.432s][info][gc,heap        ] GC(93) DefNew: 141148K(157248K)->1378K(157248K) Eden: 139776K(139776K)->0K(139776K) From: 1372K(17472K)->1378K(17472K)
[15.432s][info][gc,heap        ] GC(93) Tenured: 39481K(349568K)->39481K(349568K)
[15.432s][info][gc,metaspace   ] GC(93) Metaspace: 72143K(72512K)->72143K(72512K) NonClass: 57063K(57280K)->57063K(57280K) Class: 15080K(15232K)->15080K(15232K)
[15.432s][info][gc             ] GC(93) Pause Young (Allocation Failure) 176M->39M(494M) 11.107ms
[15.432s][info][gc,cpu         ] GC(93) User=0.00s Sys=0.00s Real=0.00s
[15.467s][info][gc,start       ] GC(94) Pause Young (Allocation Failure)
[15.475s][info][gc,heap        ] GC(94) DefNew: 141154K(157248K)->1366K(157248K) Eden: 139776K(139776K)->0K(139776K) From: 1378K(17472K)->1366K(17472K)
[15.475s][info][gc,heap        ] GC(94) Tenured: 39481K(349568K)->39481K(349568K)
[15.475s][info][gc,metaspace   ] GC(94) Metaspace: 72143K(72512K)->72143K(72512K) NonClass: 57063K(57280K)->57063K(57280K) Class: 15080K(15232K)->15080K(15232K)
[15.475s][info][gc             ] GC(94) Pause Young (Allocation Failure) 176M->39M(494M) 8.218ms
[15.475s][info][gc,cpu         ] GC(94) User=0.00s Sys=0.00s Real=0.00s
[15.510s][info][gc,start       ] GC(95) Pause Young (Allocation Failure)
[15.518s][info][gc,heap        ] GC(95) DefNew: 141142K(157248K)->1399K(157248K) Eden: 139776K(139776K)->0K(139776K) From: 1366K(17472K)->1399K(17472K)
[15.518s][info][gc,heap        ] GC(95) Tenured: 39481K(349568K)->39482K(349568K)
[15.518s][info][gc,metaspace   ] GC(95) Metaspace: 72143K(72512K)->72143K(72512K) NonClass: 57063K(57280K)->57063K(57280K) Class: 15080K(15232K)->15080K(15232K)
[15.518s][info][gc             ] GC(95) Pause Young (Allocation Failure) 176M->39M(494M) 8.391ms
[15.518s][info][gc,cpu         ] GC(95) User=0.00s Sys=0.00s Real=0.00s
[15.553s][info][gc,start       ] GC(96) Pause Young (Allocation Failure)
[15.561s][info][gc,heap        ] GC(96) DefNew: 141175K(157248K)->1393K(157248K) Eden: 139776K(139776K)->0K(139776K) From: 1399K(17472K)->1393K(17472K)
[15.561s][info][gc,heap        ] GC(96) Tenured: 39482K(349568K)->39482K(349568K)
[15.561s][info][gc,metaspace   ] GC(96) Metaspace: 72143K(72512K)->72143K(72512K) NonClass: 57063K(57280K)->57063K(57280K) Class: 15080K(15232K)->15080K(15232K)
[15.561s][info][gc             ] GC(96) Pause Young (Allocation Failure) 176M->39M(494M) 8.222ms
[15.561s][info][gc,cpu         ] GC(96) User=0.00s Sys=0.00s Real=0.00s
[15.596s][info][gc,start       ] GC(97) Pause Young (Allocation Failure)
[15.604s][info][gc,heap        ] GC(97) DefNew: 141169K(157248K)->1393K(157248K) Eden: 139776K(139776K)->0K(139776K) From: 1393K(17472K)->1393K(17472K)
[15.604s][info][gc,heap        ] GC(97) Tenured: 39482K(349568K)->39482K(349568K)
[15.604s][info][gc,metaspace   ] GC(97) Metaspace: 72143K(72512K)->72143K(72512K) NonClass: 57063K(57280K)->57063K(57280K) Class: 15080K(15232K)->15080K(15232K)
[15.604s][info][gc             ] GC(97) Pause Young (Allocation Failure) 176M->39M(494M) 8.064ms
[15.605s][info][gc,cpu         ] GC(97) User=0.00s Sys=0.00s Real=0.00s
[15.640s][info][gc,start       ] GC(98) Pause Young (Allocation Failure)
[15.648s][info][gc,heap        ] GC(98) DefNew: 141169K(157248K)->1451K(157248K) Eden: 139776K(139776K)->0K(139776K) From: 1393K(17472K)->1451K(17472K)
[15.648s][info][gc,heap        ] GC(98) Tenured: 39482K(349568K)->39483K(349568K)
[15.648s][info][gc,metaspace   ] GC(98) Metaspace: 72143K(72512K)->72143K(72512K) NonClass: 57063K(57280K)->57063K(57280K) Class: 15080K(15232K)->15080K(15232K)
[15.648s][info][gc             ] GC(98) Pause Young (Allocation Failure) 176M->39M(494M) 8.293ms
[15.648s][info][gc,cpu         ] GC(98) User=0.00s Sys=0.00s Real=0.00s
[15.683s][info][gc,start       ] GC(99) Pause Young (Allocation Failure)
[15.691s][info][gc,heap        ] GC(99) DefNew: 141227K(157248K)->1401K(157248K) Eden: 139776K(139776K)->0K(139776K) From: 1451K(17472K)->1401K(17472K)
[15.691s][info][gc,heap        ] GC(99) Tenured: 39483K(349568K)->39483K(349568K)
[15.691s][info][gc,metaspace   ] GC(99) Metaspace: 72143K(72512K)->72143K(72512K) NonClass: 57063K(57280K)->57063K(57280K) Class: 15080K(15232K)->15080K(15232K)
[15.691s][info][gc             ] GC(99) Pause Young (Allocation Failure) 176M->39M(494M) 8.120ms
[15.691s][info][gc,cpu         ] GC(99) User=0.00s Sys=0.00s Real=0.00s
[15.726s][info][gc,start       ] GC(100) Pause Young (Allocation Failure)
[15.734s][info][gc,heap        ] GC(100) DefNew: 141177K(157248K)->1381K(157248K) Eden: 139776K(139776K)->0K(139776K) From: 1401K(17472K)->1381K(17472K)
[15.734s][info][gc,heap        ] GC(100) Tenured: 39483K(349568K)->39483K(349568K)
[15.734s][info][gc,metaspace   ] GC(100) Metaspace: 72143K(72512K)->72143K(72512K) NonClass: 57063K(57280K)->57063K(57280K) Class: 15080K(15232K)->15080K(15232K)
[15.734s][info][gc             ] GC(100) Pause Young (Allocation Failure) 176M->39M(494M) 8.200ms
[15.734s][info][gc,cpu         ] GC(100) User=0.00s Sys=0.00s Real=0.00s
[15.770s][info][gc,start       ] GC(101) Pause Young (Allocation Failure)
[15.778s][info][gc,heap        ] GC(101) DefNew: 141157K(157248K)->1370K(157248K) Eden: 139776K(139776K)->0K(139776K) From: 1381K(17472K)->1370K(17472K)
[15.778s][info][gc,heap        ] GC(101) Tenured: 39483K(349568K)->39483K(349568K)
[15.778s][info][gc,metaspace   ] GC(101) Metaspace: 72144K(72512K)->72144K(72512K) NonClass: 57063K(57280K)->57063K(57280K) Class: 15080K(15232K)->15080K(15232K)
[15.778s][info][gc             ] GC(101) Pause Young (Allocation Failure) 176M->39M(494M) 8.220ms
[15.778s][info][gc,cpu         ] GC(101) User=0.02s Sys=0.00s Real=0.01s
[15.812s][info][gc,start       ] GC(102) Pause Young (Allocation Failure)
[15.820s][info][gc,heap        ] GC(102) DefNew: 141146K(157248K)->1383K(157248K) Eden: 139776K(139776K)->0K(139776K) From: 1370K(17472K)->1383K(17472K)
[15.820s][info][gc,heap        ] GC(102) Tenured: 39483K(349568K)->39483K(349568K)
[15.820s][info][gc,metaspace   ] GC(102) Metaspace: 72144K(72512K)->72144K(72512K) NonClass: 57063K(57280K)->57063K(57280K) Class: 15080K(15232K)->15080K(15232K)
[15.820s][info][gc             ] GC(102) Pause Young (Allocation Failure) 176M->39M(494M) 8.239ms
[15.820s][info][gc,cpu         ] GC(102) User=0.00s Sys=0.00s Real=0.00s
[15.856s][info][gc,start       ] GC(103) Pause Young (Allocation Failure)
[15.865s][info][gc,heap        ] GC(103) DefNew: 141159K(157248K)->1352K(157248K) Eden: 139776K(139776K)->0K(139776K) From: 1383K(17472K)->1352K(17472K)
[15.865s][info][gc,heap        ] GC(103) Tenured: 39483K(349568K)->39507K(349568K)
[15.865s][info][gc,metaspace   ] GC(103) Metaspace: 72144K(72512K)->72144K(72512K) NonClass: 57063K(57280K)->57063K(57280K) Class: 15080K(15232K)->15080K(15232K)
[15.865s][info][gc             ] GC(103) Pause Young (Allocation Failure) 176M->39M(494M) 8.902ms
[15.865s][info][gc,cpu         ] GC(103) User=0.00s Sys=0.00s Real=0.00s
[15.901s][info][gc,start       ] GC(104) Pause Young (Allocation Failure)
[15.910s][info][gc,heap        ] GC(104) DefNew: 141128K(157248K)->1313K(157248K) Eden: 139776K(139776K)->0K(139776K) From: 1352K(17472K)->1313K(17472K)
[15.910s][info][gc,heap        ] GC(104) Tenured: 39507K(349568K)->39508K(349568K)
[15.910s][info][gc,metaspace   ] GC(104) Metaspace: 72144K(72512K)->72144K(72512K) NonClass: 57063K(57280K)->57063K(57280K) Class: 15080K(15232K)->15080K(15232K)
[15.910s][info][gc             ] GC(104) Pause Young (Allocation Failure) 176M->39M(494M) 8.293ms
[15.910s][info][gc,cpu         ] GC(104) User=0.00s Sys=0.00s Real=0.00s
[15.944s][info][gc,start       ] GC(105) Pause Young (Allocation Failure)
[15.952s][info][gc,heap        ] GC(105) DefNew: 141089K(157248K)->1344K(157248K) Eden: 139776K(139776K)->0K(139776K) From: 1313K(17472K)->1344K(17472K)
[15.952s][info][gc,heap        ] GC(105) Tenured: 39508K(349568K)->39508K(349568K)
[15.952s][info][gc,metaspace   ] GC(105) Metaspace: 72144K(72512K)->72144K(72512K) NonClass: 57063K(57280K)->57063K(57280K) Class: 15080K(15232K)->15080K(15232K)
[15.953s][info][gc             ] GC(105) Pause Young (Allocation Failure) 176M->39M(494M) 8.154ms
[15.953s][info][gc,cpu         ] GC(105) User=0.02s Sys=0.00s Real=0.00s
[15.987s][info][gc,start       ] GC(106) Pause Young (Allocation Failure)
[15.995s][info][gc,heap        ] GC(106) DefNew: 141120K(157248K)->1343K(157248K) Eden: 139776K(139776K)->0K(139776K) From: 1344K(17472K)->1343K(17472K)
[15.995s][info][gc,heap        ] GC(106) Tenured: 39508K(349568K)->39508K(349568K)
[15.995s][info][gc,metaspace   ] GC(106) Metaspace: 72144K(72512K)->72144K(72512K) NonClass: 57063K(57280K)->57063K(57280K) Class: 15080K(15232K)->15080K(15232K)
[15.996s][info][gc             ] GC(106) Pause Young (Allocation Failure) 176M->39M(494M) 8.122ms
[15.996s][info][gc,cpu         ] GC(106) User=0.00s Sys=0.00s Real=0.00s
[16.030s][info][gc,start       ] GC(107) Pause Young (Allocation Failure)
[16.038s][info][gc,heap        ] GC(107) DefNew: 141119K(157248K)->1344K(157248K) Eden: 139775K(139776K)->0K(139776K) From: 1343K(17472K)->1344K(17472K)
[16.038s][info][gc,heap        ] GC(107) Tenured: 39508K(349568K)->39509K(349568K)
[16.038s][info][gc,metaspace   ] GC(107) Metaspace: 72144K(72512K)->72144K(72512K) NonClass: 57063K(57280K)->57063K(57280K) Class: 15080K(15232K)->15080K(15232K)
[16.038s][info][gc             ] GC(107) Pause Young (Allocation Failure) 176M->39M(494M) 7.946ms
[16.038s][info][gc,cpu         ] GC(107) User=0.00s Sys=0.00s Real=0.00s
[16.073s][info][gc,start       ] GC(108) Pause Young (Allocation Failure)
[16.081s][info][gc,heap        ] GC(108) DefNew: 141120K(157248K)->1377K(157248K) Eden: 139776K(139776K)->0K(139776K) From: 1344K(17472K)->1377K(17472K)
[16.081s][info][gc,heap        ] GC(108) Tenured: 39509K(349568K)->39509K(349568K)
[16.081s][info][gc,metaspace   ] GC(108) Metaspace: 72148K(72512K)->72148K(72512K) NonClass: 57067K(57280K)->57067K(57280K) Class: 15080K(15232K)->15080K(15232K)
[16.081s][info][gc             ] GC(108) Pause Young (Allocation Failure) 176M->39M(494M) 8.104ms
[16.081s][info][gc,cpu         ] GC(108) User=0.00s Sys=0.00s Real=0.00s
[16.116s][info][gc,start       ] GC(109) Pause Young (Allocation Failure)
[16.124s][info][gc,heap        ] GC(109) DefNew: 141153K(157248K)->1366K(157248K) Eden: 139776K(139776K)->0K(139776K) From: 1377K(17472K)->1366K(17472K)
[16.124s][info][gc,heap        ] GC(109) Tenured: 39509K(349568K)->39509K(349568K)
[16.124s][info][gc,metaspace   ] GC(109) Metaspace: 72148K(72512K)->72148K(72512K) NonClass: 57067K(57280K)->57067K(57280K) Class: 15080K(15232K)->15080K(15232K)
[16.124s][info][gc             ] GC(109) Pause Young (Allocation Failure) 176M->39M(494M) 8.032ms
[16.124s][info][gc,cpu         ] GC(109) User=0.00s Sys=0.00s Real=0.00s
[16.159s][info][gc,start       ] GC(110) Pause Young (Allocation Failure)
[16.167s][info][gc,heap        ] GC(110) DefNew: 141142K(157248K)->1367K(157248K) Eden: 139776K(139776K)->0K(139776K) From: 1366K(17472K)->1367K(17472K)
[16.167s][info][gc,heap        ] GC(110) Tenured: 39509K(349568K)->39509K(349568K)
[16.167s][info][gc,metaspace   ] GC(110) Metaspace: 72148K(72512K)->72148K(72512K) NonClass: 57067K(57280K)->57067K(57280K) Class: 15080K(15232K)->15080K(15232K)
[16.167s][info][gc             ] GC(110) Pause Young (Allocation Failure) 176M->39M(494M) 8.239ms
[16.167s][info][gc,cpu         ] GC(110) User=0.02s Sys=0.00s Real=0.01s
[16.203s][info][gc,start       ] GC(111) Pause Young (Allocation Failure)
[16.211s][info][gc,heap        ] GC(111) DefNew: 141143K(157248K)->1416K(157248K) Eden: 139776K(139776K)->0K(139776K) From: 1367K(17472K)->1416K(17472K)
[16.211s][info][gc,heap        ] GC(111) Tenured: 39509K(349568K)->39510K(349568K)
[16.211s][info][gc,metaspace   ] GC(111) Metaspace: 72148K(72512K)->72148K(72512K) NonClass: 57067K(57280K)->57067K(57280K) Class: 15080K(15232K)->15080K(15232K)
[16.211s][info][gc             ] GC(111) Pause Young (Allocation Failure) 176M->39M(494M) 8.341ms
[16.211s][info][gc,cpu         ] GC(111) User=0.00s Sys=0.00s Real=0.00s
[16.245s][info][gc,start       ] GC(112) Pause Young (Allocation Failure)
[16.254s][info][gc,heap        ] GC(112) DefNew: 141192K(157248K)->1425K(157248K) Eden: 139776K(139776K)->0K(139776K) From: 1416K(17472K)->1425K(17472K)
[16.254s][info][gc,heap        ] GC(112) Tenured: 39510K(349568K)->39510K(349568K)
[16.254s][info][gc,metaspace   ] GC(112) Metaspace: 72148K(72512K)->72148K(72512K) NonClass: 57067K(57280K)->57067K(57280K) Class: 15080K(15232K)->15080K(15232K)
[16.254s][info][gc             ] GC(112) Pause Young (Allocation Failure) 176M->39M(494M) 8.233ms
[16.254s][info][gc,cpu         ] GC(112) User=0.00s Sys=0.00s Real=0.00s
[16.289s][info][gc,start       ] GC(113) Pause Young (Allocation Failure)
[16.297s][info][gc,heap        ] GC(113) DefNew: 141201K(157248K)->1466K(157248K) Eden: 139776K(139776K)->0K(139776K) From: 1425K(17472K)->1466K(17472K)
[16.297s][info][gc,heap        ] GC(113) Tenured: 39510K(349568K)->39511K(349568K)
[16.297s][info][gc,metaspace   ] GC(113) Metaspace: 72148K(72512K)->72148K(72512K) NonClass: 57067K(57280K)->57067K(57280K) Class: 15080K(15232K)->15080K(15232K)
[16.297s][info][gc             ] GC(113) Pause Young (Allocation Failure) 176M->40M(494M) 8.274ms
[16.297s][info][gc,cpu         ] GC(113) User=0.00s Sys=0.00s Real=0.00s
[16.332s][info][gc,start       ] GC(114) Pause Young (Allocation Failure)
[16.341s][info][gc,heap        ] GC(114) DefNew: 141242K(157248K)->1403K(157248K) Eden: 139776K(139776K)->0K(139776K) From: 1466K(17472K)->1403K(17472K)
[16.341s][info][gc,heap        ] GC(114) Tenured: 39511K(349568K)->39511K(349568K)
[16.341s][info][gc,metaspace   ] GC(114) Metaspace: 72148K(72512K)->72148K(72512K) NonClass: 57067K(57280K)->57067K(57280K) Class: 15080K(15232K)->15080K(15232K)
[16.341s][info][gc             ] GC(114) Pause Young (Allocation Failure) 176M->39M(494M) 8.958ms
[16.341s][info][gc,cpu         ] GC(114) User=0.00s Sys=0.00s Real=0.00s
[16.376s][info][gc,start       ] GC(115) Pause Young (Allocation Failure)
[16.385s][info][gc,heap        ] GC(115) DefNew: 141179K(157248K)->1383K(157248K) Eden: 139776K(139776K)->0K(139776K) From: 1403K(17472K)->1383K(17472K)
[16.385s][info][gc,heap        ] GC(115) Tenured: 39511K(349568K)->39511K(349568K)
[16.385s][info][gc,metaspace   ] GC(115) Metaspace: 72148K(72512K)->72148K(72512K) NonClass: 57067K(57280K)->57067K(57280K) Class: 15080K(15232K)->15080K(15232K)
[16.385s][info][gc             ] GC(115) Pause Young (Allocation Failure) 176M->39M(494M) 8.999ms
[16.385s][info][gc,cpu         ] GC(115) User=0.00s Sys=0.00s Real=0.00s
[16.420s][info][gc,start       ] GC(116) Pause Young (Allocation Failure)
[16.429s][info][gc,heap        ] GC(116) DefNew: 141159K(157248K)->1451K(157248K) Eden: 139776K(139776K)->0K(139776K) From: 1383K(17472K)->1451K(17472K)
[16.429s][info][gc,heap        ] GC(116) Tenured: 39511K(349568K)->39511K(349568K)
[16.429s][info][gc,metaspace   ] GC(116) Metaspace: 72150K(72512K)->72150K(72512K) NonClass: 57069K(57280K)->57069K(57280K) Class: 15080K(15232K)->15080K(15232K)
[16.429s][info][gc             ] GC(116) Pause Young (Allocation Failure) 176M->40M(494M) 9.017ms
[16.429s][info][gc,cpu         ] GC(116) User=0.00s Sys=0.00s Real=0.00s
[16.465s][info][gc,start       ] GC(117) Pause Young (Allocation Failure)
[16.474s][info][gc,heap        ] GC(117) DefNew: 141227K(157248K)->1438K(157248K) Eden: 139776K(139776K)->0K(139776K) From: 1451K(17472K)->1438K(17472K)
[16.474s][info][gc,heap        ] GC(117) Tenured: 39511K(349568K)->39511K(349568K)
[16.474s][info][gc,metaspace   ] GC(117) Metaspace: 72153K(72512K)->72153K(72512K) NonClass: 57072K(57280K)->57072K(57280K) Class: 15080K(15232K)->15080K(15232K)
[16.474s][info][gc             ] GC(117) Pause Young (Allocation Failure) 176M->39M(494M) 8.693ms
[16.474s][info][gc,cpu         ] GC(117) User=0.00s Sys=0.00s Real=0.00s
[16.509s][info][gc,start       ] GC(118) Pause Young (Allocation Failure)
[16.517s][info][gc,heap        ] GC(118) DefNew: 141214K(157248K)->1449K(157248K) Eden: 139776K(139776K)->0K(139776K) From: 1438K(17472K)->1449K(17472K)
[16.517s][info][gc,heap        ] GC(118) Tenured: 39511K(349568K)->39512K(349568K)
[16.517s][info][gc,metaspace   ] GC(118) Metaspace: 72153K(72512K)->72153K(72512K) NonClass: 57072K(57280K)->57072K(57280K) Class: 15080K(15232K)->15080K(15232K)
[16.518s][info][gc             ] GC(118) Pause Young (Allocation Failure) 176M->40M(494M) 8.530ms
[16.518s][info][gc,cpu         ] GC(118) User=0.00s Sys=0.00s Real=0.00s
[16.552s][info][gc,start       ] GC(119) Pause Young (Allocation Failure)
[16.561s][info][gc,heap        ] GC(119) DefNew: 141225K(157248K)->1473K(157248K) Eden: 139776K(139776K)->0K(139776K) From: 1449K(17472K)->1473K(17472K)
[16.561s][info][gc,heap        ] GC(119) Tenured: 39512K(349568K)->39512K(349568K)
[16.561s][info][gc,metaspace   ] GC(119) Metaspace: 72153K(72512K)->72153K(72512K) NonClass: 57072K(57280K)->57072K(57280K) Class: 15080K(15232K)->15080K(15232K)
[16.561s][info][gc             ] GC(119) Pause Young (Allocation Failure) 176M->40M(494M) 8.707ms
[16.561s][info][gc,cpu         ] GC(119) User=0.00s Sys=0.00s Real=0.00s
[16.596s][info][gc,start       ] GC(120) Pause Young (Allocation Failure)
[16.605s][info][gc,heap        ] GC(120) DefNew: 141249K(157248K)->1465K(157248K) Eden: 139776K(139776K)->0K(139776K) From: 1473K(17472K)->1465K(17472K)
[16.605s][info][gc,heap        ] GC(120) Tenured: 39512K(349568K)->39512K(349568K)
[16.605s][info][gc,metaspace   ] GC(120) Metaspace: 72153K(72512K)->72153K(72512K) NonClass: 57072K(57280K)->57072K(57280K) Class: 15080K(15232K)->15080K(15232K)
[16.605s][info][gc             ] GC(120) Pause Young (Allocation Failure) 176M->40M(494M) 8.686ms
[16.605s][info][gc,cpu         ] GC(120) User=0.02s Sys=0.00s Real=0.01s
[16.640s][info][gc,start       ] GC(121) Pause Young (Allocation Failure)
[16.648s][info][gc,heap        ] GC(121) DefNew: 141241K(157248K)->1446K(157248K) Eden: 139776K(139776K)->0K(139776K) From: 1465K(17472K)->1446K(17472K)
[16.648s][info][gc,heap        ] GC(121) Tenured: 39512K(349568K)->39513K(349568K)
[16.648s][info][gc,metaspace   ] GC(121) Metaspace: 72153K(72512K)->72153K(72512K) NonClass: 57072K(57280K)->57072K(57280K) Class: 15080K(15232K)->15080K(15232K)
[16.648s][info][gc             ] GC(121) Pause Young (Allocation Failure) 176M->39M(494M) 8.533ms
[16.648s][info][gc,cpu         ] GC(121) User=0.02s Sys=0.00s Real=0.01s
[16.683s][info][gc,start       ] GC(122) Pause Young (Allocation Failure)
[16.691s][info][gc,heap        ] GC(122) DefNew: 141222K(157248K)->1455K(157248K) Eden: 139776K(139776K)->0K(139776K) From: 1446K(17472K)->1455K(17472K)
[16.691s][info][gc,heap        ] GC(122) Tenured: 39513K(349568K)->39513K(349568K)
[16.691s][info][gc,metaspace   ] GC(122) Metaspace: 72153K(72512K)->72153K(72512K) NonClass: 57072K(57280K)->57072K(57280K) Class: 15080K(15232K)->15080K(15232K)
[16.691s][info][gc             ] GC(122) Pause Young (Allocation Failure) 176M->40M(494M) 8.542ms
[16.691s][info][gc,cpu         ] GC(122) User=0.00s Sys=0.00s Real=0.00s
[16.727s][info][gc,start       ] GC(123) Pause Young (Allocation Failure)
[16.735s][info][gc,heap        ] GC(123) DefNew: 141231K(157248K)->1432K(157248K) Eden: 139776K(139776K)->0K(139776K) From: 1455K(17472K)->1432K(17472K)
[16.735s][info][gc,heap        ] GC(123) Tenured: 39513K(349568K)->39514K(349568K)
[16.735s][info][gc,metaspace   ] GC(123) Metaspace: 72153K(72512K)->72153K(72512K) NonClass: 57072K(57280K)->57072K(57280K) Class: 15080K(15232K)->15080K(15232K)
[16.735s][info][gc             ] GC(123) Pause Young (Allocation Failure) 176M->39M(494M) 8.380ms
[16.735s][info][gc,cpu         ] GC(123) User=0.00s Sys=0.00s Real=0.00s
[16.770s][info][gc,start       ] GC(124) Pause Young (Allocation Failure)
[16.778s][info][gc,heap        ] GC(124) DefNew: 141208K(157248K)->1386K(157248K) Eden: 139776K(139776K)->0K(139776K) From: 1432K(17472K)->1386K(17472K)
[16.778s][info][gc,heap        ] GC(124) Tenured: 39514K(349568K)->39515K(349568K)
[16.778s][info][gc,metaspace   ] GC(124) Metaspace: 72153K(72512K)->72153K(72512K) NonClass: 57072K(57280K)->57072K(57280K) Class: 15080K(15232K)->15080K(15232K)
[16.778s][info][gc             ] GC(124) Pause Young (Allocation Failure) 176M->39M(494M) 8.333ms
[16.778s][info][gc,cpu         ] GC(124) User=0.00s Sys=0.00s Real=0.00s
[16.814s][info][gc,start       ] GC(125) Pause Young (Allocation Failure)
[16.822s][info][gc,heap        ] GC(125) DefNew: 141162K(157248K)->1390K(157248K) Eden: 139776K(139776K)->0K(139776K) From: 1386K(17472K)->1390K(17472K)
[16.822s][info][gc,heap        ] GC(125) Tenured: 39515K(349568K)->39515K(349568K)
[16.822s][info][gc,metaspace   ] GC(125) Metaspace: 72154K(72512K)->72154K(72512K) NonClass: 57073K(57280K)->57073K(57280K) Class: 15080K(15232K)->15080K(15232K)
[16.822s][info][gc             ] GC(125) Pause Young (Allocation Failure) 176M->39M(494M) 8.456ms
[16.822s][info][gc,cpu         ] GC(125) User=0.00s Sys=0.00s Real=0.00s
[16.860s][info][gc,start       ] GC(126) Pause Young (Allocation Failure)
[16.869s][info][gc,heap        ] GC(126) DefNew: 141166K(157248K)->1433K(157248K) Eden: 139776K(139776K)->0K(139776K) From: 1390K(17472K)->1433K(17472K)
[16.869s][info][gc,heap        ] GC(126) Tenured: 39515K(349568K)->39541K(349568K)
[16.869s][info][gc,metaspace   ] GC(126) Metaspace: 72316K(72704K)->72316K(72704K) NonClass: 57196K(57408K)->57196K(57408K) Class: 15120K(15296K)->15120K(15296K)
[16.869s][info][gc             ] GC(126) Pause Young (Allocation Failure) 176M->40M(494M) 9.253ms
[16.869s][info][gc,cpu         ] GC(126) User=0.00s Sys=0.00s Real=0.00s
[16.910s][info][gc,start       ] GC(127) Pause Young (Allocation Failure)
[16.919s][info][gc,heap        ] GC(127) DefNew: 141209K(157248K)->1447K(157248K) Eden: 139776K(139776K)->0K(139776K) From: 1433K(17472K)->1447K(17472K)
[16.919s][info][gc,heap        ] GC(127) Tenured: 39541K(349568K)->39541K(349568K)
[16.919s][info][gc,metaspace   ] GC(127) Metaspace: 72328K(72704K)->72328K(72704K) NonClass: 57208K(57408K)->57208K(57408K) Class: 15120K(15296K)->15120K(15296K)
[16.919s][info][gc             ] GC(127) Pause Young (Allocation Failure) 176M->40M(494M) 8.928ms
[16.919s][info][gc,cpu         ] GC(127) User=0.00s Sys=0.00s Real=0.00s
[16.960s][info][gc,start       ] GC(128) Pause Young (Allocation Failure)
[16.969s][info][gc,heap        ] GC(128) DefNew: 141223K(157248K)->1425K(157248K) Eden: 139776K(139776K)->0K(139776K) From: 1447K(17472K)->1425K(17472K)
[16.969s][info][gc,heap        ] GC(128) Tenured: 39541K(349568K)->39542K(349568K)
[16.969s][info][gc,metaspace   ] GC(128) Metaspace: 72329K(72704K)->72329K(72704K) NonClass: 57208K(57408K)->57208K(57408K) Class: 15120K(15296K)->15120K(15296K)
[16.969s][info][gc             ] GC(128) Pause Young (Allocation Failure) 176M->40M(494M) 9.023ms
[16.969s][info][gc,cpu         ] GC(128) User=0.00s Sys=0.00s Real=0.00s
[17.013s][info][gc,start       ] GC(129) Pause Young (Allocation Failure)
[17.022s][info][gc,heap        ] GC(129) DefNew: 141201K(157248K)->1374K(157248K) Eden: 139776K(139776K)->0K(139776K) From: 1425K(17472K)->1374K(17472K)
[17.022s][info][gc,heap        ] GC(129) Tenured: 39542K(349568K)->39543K(349568K)
[17.022s][info][gc,metaspace   ] GC(129) Metaspace: 72331K(72704K)->72331K(72704K) NonClass: 57210K(57408K)->57210K(57408K) Class: 15120K(15296K)->15120K(15296K)
[17.022s][info][gc             ] GC(129) Pause Young (Allocation Failure) 176M->39M(494M) 8.783ms
[17.022s][info][gc,cpu         ] GC(129) User=0.00s Sys=0.00s Real=0.00s
[17.067s][info][gc,start       ] GC(130) Pause Young (Allocation Failure)
[17.075s][info][gc,heap        ] GC(130) DefNew: 141150K(157248K)->1408K(157248K) Eden: 139776K(139776K)->0K(139776K) From: 1374K(17472K)->1408K(17472K)
[17.075s][info][gc,heap        ] GC(130) Tenured: 39543K(349568K)->39544K(349568K)
[17.075s][info][gc,metaspace   ] GC(130) Metaspace: 72331K(72704K)->72331K(72704K) NonClass: 57210K(57408K)->57210K(57408K) Class: 15120K(15296K)->15120K(15296K)
[17.075s][info][gc             ] GC(130) Pause Young (Allocation Failure) 176M->39M(494M) 8.346ms
[17.075s][info][gc,cpu         ] GC(130) User=0.00s Sys=0.00s Real=0.00s
[17.116s][info][gc,start       ] GC(131) Pause Young (Allocation Failure)
[17.125s][info][gc,heap        ] GC(131) DefNew: 141184K(157248K)->1402K(157248K) Eden: 139776K(139776K)->0K(139776K) From: 1408K(17472K)->1402K(17472K)
[17.125s][info][gc,heap        ] GC(131) Tenured: 39544K(349568K)->39548K(349568K)
[17.125s][info][gc,metaspace   ] GC(131) Metaspace: 72337K(72704K)->72337K(72704K) NonClass: 57217K(57408K)->57217K(57408K) Class: 15120K(15296K)->15120K(15296K)
[17.125s][info][gc             ] GC(131) Pause Young (Allocation Failure) 176M->39M(494M) 8.772ms
[17.125s][info][gc,cpu         ] GC(131) User=0.00s Sys=0.00s Real=0.00s
[17.165s][info][gc,start       ] GC(132) Pause Young (Allocation Failure)
[17.174s][info][gc,heap        ] GC(132) DefNew: 141178K(157248K)->1432K(157248K) Eden: 139776K(139776K)->0K(139776K) From: 1402K(17472K)->1432K(17472K)
[17.174s][info][gc,heap        ] GC(132) Tenured: 39548K(349568K)->39566K(349568K)
[17.174s][info][gc,metaspace   ] GC(132) Metaspace: 72337K(72704K)->72337K(72704K) NonClass: 57217K(57408K)->57217K(57408K) Class: 15120K(15296K)->15120K(15296K)
[17.174s][info][gc             ] GC(132) Pause Young (Allocation Failure) 176M->40M(494M) 8.964ms
[17.174s][info][gc,cpu         ] GC(132) User=0.00s Sys=0.00s Real=0.00s
[17.215s][info][gc,start       ] GC(133) Pause Young (Allocation Failure)
[17.225s][info][gc,heap        ] GC(133) DefNew: 141208K(157248K)->1452K(157248K) Eden: 139776K(139776K)->0K(139776K) From: 1432K(17472K)->1452K(17472K)
[17.225s][info][gc,heap        ] GC(133) Tenured: 39566K(349568K)->39566K(349568K)
[17.225s][info][gc,metaspace   ] GC(133) Metaspace: 72337K(72704K)->72337K(72704K) NonClass: 57217K(57408K)->57217K(57408K) Class: 15120K(15296K)->15120K(15296K)
[17.225s][info][gc             ] GC(133) Pause Young (Allocation Failure) 176M->40M(494M) 9.848ms
[17.225s][info][gc,cpu         ] GC(133) User=0.00s Sys=0.00s Real=0.00s
[17.266s][info][gc,start       ] GC(134) Pause Young (Allocation Failure)
[17.274s][info][gc,heap        ] GC(134) DefNew: 141228K(157248K)->1442K(157248K) Eden: 139776K(139776K)->0K(139776K) From: 1452K(17472K)->1442K(17472K)
[17.274s][info][gc,heap        ] GC(134) Tenured: 39566K(349568K)->39566K(349568K)
[17.274s][info][gc,metaspace   ] GC(134) Metaspace: 72337K(72704K)->72337K(72704K) NonClass: 57217K(57408K)->57217K(57408K) Class: 15120K(15296K)->15120K(15296K)
[17.274s][info][gc             ] GC(134) Pause Young (Allocation Failure) 176M->40M(494M) 8.354ms
[17.274s][info][gc,cpu         ] GC(134) User=0.00s Sys=0.00s Real=0.00s
[17.315s][info][gc,start       ] GC(135) Pause Young (Allocation Failure)
[17.332s][info][gc,heap        ] GC(135) DefNew: 141218K(157248K)->1467K(157248K) Eden: 139776K(139776K)->0K(139776K) From: 1442K(17472K)->1467K(17472K)
[17.333s][info][gc,heap        ] GC(135) Tenured: 39566K(349568K)->39566K(349568K)
[17.333s][info][gc,metaspace   ] GC(135) Metaspace: 72337K(72704K)->72337K(72704K) NonClass: 57217K(57408K)->57217K(57408K) Class: 15120K(15296K)->15120K(15296K)
[17.333s][info][gc             ] GC(135) Pause Young (Allocation Failure) 176M->40M(494M) 17.911ms
[17.333s][info][gc,cpu         ] GC(135) User=0.05s Sys=0.00s Real=0.02s
[17.373s][info][gc,start       ] GC(136) Pause Young (Allocation Failure)
[17.382s][info][gc,heap        ] GC(136) DefNew: 141243K(157248K)->1450K(157248K) Eden: 139776K(139776K)->0K(139776K) From: 1467K(17472K)->1450K(17472K)
[17.382s][info][gc,heap        ] GC(136) Tenured: 39566K(349568K)->39567K(349568K)
[17.382s][info][gc,metaspace   ] GC(136) Metaspace: 72338K(72704K)->72338K(72704K) NonClass: 57218K(57408K)->57218K(57408K) Class: 15120K(15296K)->15120K(15296K)
[17.382s][info][gc             ] GC(136) Pause Young (Allocation Failure) 176M->40M(494M) 8.686ms
[17.382s][info][gc,cpu         ] GC(136) User=0.00s Sys=0.00s Real=0.00s
[17.419s][info][gc,start       ] GC(137) Pause Young (Allocation Failure)
[17.428s][info][gc,heap        ] GC(137) DefNew: 141226K(157248K)->1462K(157248K) Eden: 139776K(139776K)->0K(139776K) From: 1450K(17472K)->1462K(17472K)
[17.428s][info][gc,heap        ] GC(137) Tenured: 39567K(349568K)->39567K(349568K)
[17.428s][info][gc,metaspace   ] GC(137) Metaspace: 72338K(72704K)->72338K(72704K) NonClass: 57218K(57408K)->57218K(57408K) Class: 15120K(15296K)->15120K(15296K)
[17.428s][info][gc             ] GC(137) Pause Young (Allocation Failure) 176M->40M(494M) 9.272ms
[17.429s][info][gc,cpu         ] GC(137) User=0.00s Sys=0.00s Real=0.00s
[17.467s][info][gc,start       ] GC(138) Pause Young (Allocation Failure)
[17.475s][info][gc,heap        ] GC(138) DefNew: 141238K(157248K)->1436K(157248K) Eden: 139776K(139776K)->0K(139776K) From: 1462K(17472K)->1436K(17472K)
[17.475s][info][gc,heap        ] GC(138) Tenured: 39567K(349568K)->39568K(349568K)
[17.475s][info][gc,metaspace   ] GC(138) Metaspace: 72338K(72704K)->72338K(72704K) NonClass: 57218K(57408K)->57218K(57408K) Class: 15120K(15296K)->15120K(15296K)
[17.475s][info][gc             ] GC(138) Pause Young (Allocation Failure) 176M->40M(494M) 8.623ms
[17.475s][info][gc,cpu         ] GC(138) User=0.00s Sys=0.00s Real=0.00s
[17.512s][info][gc,start       ] GC(139) Pause Young (Allocation Failure)
[17.521s][info][gc,heap        ] GC(139) DefNew: 141212K(157248K)->1462K(157248K) Eden: 139776K(139776K)->0K(139776K) From: 1436K(17472K)->1462K(17472K)
[17.521s][info][gc,heap        ] GC(139) Tenured: 39568K(349568K)->39568K(349568K)
[17.521s][info][gc,metaspace   ] GC(139) Metaspace: 72338K(72704K)->72338K(72704K) NonClass: 57218K(57408K)->57218K(57408K) Class: 15120K(15296K)->15120K(15296K)
[17.521s][info][gc             ] GC(139) Pause Young (Allocation Failure) 176M->40M(494M) 8.371ms
[17.521s][info][gc,cpu         ] GC(139) User=0.00s Sys=0.00s Real=0.01s
[17.557s][info][gc,start       ] GC(140) Pause Young (Allocation Failure)
[17.565s][info][gc,heap        ] GC(140) DefNew: 141238K(157248K)->1424K(157248K) Eden: 139776K(139776K)->0K(139776K) From: 1462K(17472K)->1424K(17472K)
[17.565s][info][gc,heap        ] GC(140) Tenured: 39568K(349568K)->39590K(349568K)
[17.565s][info][gc,metaspace   ] GC(140) Metaspace: 72341K(72704K)->72341K(72704K) NonClass: 57220K(57408K)->57220K(57408K) Class: 15120K(15296K)->15120K(15296K)
[17.565s][info][gc             ] GC(140) Pause Young (Allocation Failure) 176M->40M(494M) 8.015ms
[17.565s][info][gc,cpu         ] GC(140) User=0.00s Sys=0.00s Real=0.00s
[17.602s][info][gc,start       ] GC(141) Pause Young (Allocation Failure)
[17.610s][info][gc,heap        ] GC(141) DefNew: 141200K(157248K)->1383K(157248K) Eden: 139776K(139776K)->0K(139776K) From: 1424K(17472K)->1383K(17472K)
[17.610s][info][gc,heap        ] GC(141) Tenured: 39590K(349568K)->39669K(349568K)
[17.610s][info][gc,metaspace   ] GC(141) Metaspace: 72341K(72704K)->72341K(72704K) NonClass: 57220K(57408K)->57220K(57408K) Class: 15120K(15296K)->15120K(15296K)
[17.610s][info][gc             ] GC(141) Pause Young (Allocation Failure) 176M->40M(494M) 7.968ms
[17.610s][info][gc,cpu         ] GC(141) User=0.00s Sys=0.00s Real=0.00s
[17.648s][info][gc,start       ] GC(142) Pause Young (Allocation Failure)
[17.657s][info][gc,heap        ] GC(142) DefNew: 141159K(157248K)->1313K(157248K) Eden: 139776K(139776K)->0K(139776K) From: 1383K(17472K)->1313K(17472K)
[17.657s][info][gc,heap        ] GC(142) Tenured: 39669K(349568K)->39688K(349568K)
[17.657s][info][gc,metaspace   ] GC(142) Metaspace: 72343K(72704K)->72343K(72704K) NonClass: 57222K(57408K)->57222K(57408K) Class: 15120K(15296K)->15120K(15296K)
[17.657s][info][gc             ] GC(142) Pause Young (Allocation Failure) 176M->40M(494M) 8.866ms
[17.657s][info][gc,cpu         ] GC(142) User=0.02s Sys=0.00s Real=0.00s
[17.696s][info][gc,start       ] GC(143) Pause Young (Allocation Failure)
[17.703s][info][gc,heap        ] GC(143) DefNew: 141089K(157248K)->1280K(157248K) Eden: 139776K(139776K)->0K(139776K) From: 1313K(17472K)->1280K(17472K)
[17.703s][info][gc,heap        ] GC(143) Tenured: 39688K(349568K)->39714K(349568K)
[17.703s][info][gc,metaspace   ] GC(143) Metaspace: 72343K(72704K)->72343K(72704K) NonClass: 57222K(57408K)->57222K(57408K) Class: 15120K(15296K)->15120K(15296K)
[17.703s][info][gc             ] GC(143) Pause Young (Allocation Failure) 176M->40M(494M) 7.672ms
[17.703s][info][gc,cpu         ] GC(143) User=0.00s Sys=0.00s Real=0.00s
[17.742s][info][gc,start       ] GC(144) Pause Young (Allocation Failure)
[17.749s][info][gc,heap        ] GC(144) DefNew: 141056K(157248K)->1224K(157248K) Eden: 139776K(139776K)->0K(139776K) From: 1280K(17472K)->1224K(17472K)
[17.749s][info][gc,heap        ] GC(144) Tenured: 39714K(349568K)->39739K(349568K)
[17.749s][info][gc,metaspace   ] GC(144) Metaspace: 72343K(72704K)->72343K(72704K) NonClass: 57222K(57408K)->57222K(57408K) Class: 15120K(15296K)->15120K(15296K)
[17.749s][info][gc             ] GC(144) Pause Young (Allocation Failure) 176M->40M(494M) 6.882ms
[17.749s][info][gc,cpu         ] GC(144) User=0.00s Sys=0.00s Real=0.00s
[17.788s][info][gc,start       ] GC(145) Pause Young (Allocation Failure)
[17.795s][info][gc,heap        ] GC(145) DefNew: 141000K(157248K)->1325K(157248K) Eden: 139776K(139776K)->0K(139776K) From: 1224K(17472K)->1325K(17472K)
[17.795s][info][gc,heap        ] GC(145) Tenured: 39739K(349568K)->39751K(349568K)
[17.795s][info][gc,metaspace   ] GC(145) Metaspace: 72351K(72768K)->72351K(72768K) NonClass: 57231K(57472K)->57231K(57472K) Class: 15120K(15296K)->15120K(15296K)
[17.795s][info][gc             ] GC(145) Pause Young (Allocation Failure) 176M->40M(494M) 7.144ms
[17.795s][info][gc,cpu         ] GC(145) User=0.02s Sys=0.00s Real=0.00s
[17.838s][info][gc,start       ] GC(146) Pause Young (Allocation Failure)
[17.845s][info][gc,heap        ] GC(146) DefNew: 141101K(157248K)->1152K(157248K) Eden: 139776K(139776K)->0K(139776K) From: 1325K(17472K)->1152K(17472K)
[17.845s][info][gc,heap        ] GC(146) Tenured: 39751K(349568K)->39790K(349568K)
[17.845s][info][gc,metaspace   ] GC(146) Metaspace: 72361K(72768K)->72361K(72768K) NonClass: 57241K(57472K)->57241K(57472K) Class: 15120K(15296K)->15120K(15296K)
[17.845s][info][gc             ] GC(146) Pause Young (Allocation Failure) 176M->39M(494M) 6.762ms
[17.845s][info][gc,cpu         ] GC(146) User=0.00s Sys=0.00s Real=0.00s
[17.888s][info][gc,start       ] GC(147) Pause Young (Allocation Failure)
[17.895s][info][gc,heap        ] GC(147) DefNew: 140928K(157248K)->1260K(157248K) Eden: 139776K(139776K)->0K(139776K) From: 1152K(17472K)->1260K(17472K)
[17.895s][info][gc,heap        ] GC(147) Tenured: 39790K(349568K)->39791K(349568K)
[17.895s][info][gc,metaspace   ] GC(147) Metaspace: 72361K(72768K)->72361K(72768K) NonClass: 57241K(57472K)->57241K(57472K) Class: 15120K(15296K)->15120K(15296K)
[17.895s][info][gc             ] GC(147) Pause Young (Allocation Failure) 176M->40M(494M) 7.426ms
[17.895s][info][gc,cpu         ] GC(147) User=0.00s Sys=0.00s Real=0.00s
[17.940s][info][gc,start       ] GC(148) Pause Young (Allocation Failure)
[17.947s][info][gc,heap        ] GC(148) DefNew: 141036K(157248K)->1174K(157248K) Eden: 139776K(139776K)->0K(139776K) From: 1260K(17472K)->1174K(17472K)
[17.947s][info][gc,heap        ] GC(148) Tenured: 39791K(349568K)->39814K(349568K)
[17.947s][info][gc,metaspace   ] GC(148) Metaspace: 72363K(72768K)->72363K(72768K) NonClass: 57243K(57472K)->57243K(57472K) Class: 15120K(15296K)->15120K(15296K)
[17.947s][info][gc             ] GC(148) Pause Young (Allocation Failure) 176M->40M(494M) 7.133ms
[17.947s][info][gc,cpu         ] GC(148) User=0.03s Sys=0.00s Real=0.02s
[17.993s][info][gc,start       ] GC(149) Pause Young (Allocation Failure)
[18.000s][info][gc,heap        ] GC(149) DefNew: 140950K(157248K)->1163K(157248K) Eden: 139776K(139776K)->0K(139776K) From: 1174K(17472K)->1163K(17472K)
[18.000s][info][gc,heap        ] GC(149) Tenured: 39814K(349568K)->39826K(349568K)
[18.000s][info][gc,metaspace   ] GC(149) Metaspace: 72363K(72768K)->72363K(72768K) NonClass: 57243K(57472K)->57243K(57472K) Class: 15120K(15296K)->15120K(15296K)
[18.000s][info][gc             ] GC(149) Pause Young (Allocation Failure) 176M->40M(494M) 7.031ms
[18.000s][info][gc,cpu         ] GC(149) User=0.00s Sys=0.00s Real=0.00s
[18.047s][info][gc,start       ] GC(150) Pause Young (Allocation Failure)
[18.053s][info][gc,heap        ] GC(150) DefNew: 140939K(157248K)->1182K(157248K) Eden: 139776K(139776K)->0K(139776K) From: 1163K(17472K)->1182K(17472K)
[18.053s][info][gc,heap        ] GC(150) Tenured: 39826K(349568K)->39867K(349568K)
[18.053s][info][gc,metaspace   ] GC(150) Metaspace: 72363K(72768K)->72363K(72768K) NonClass: 57243K(57472K)->57243K(57472K) Class: 15120K(15296K)->15120K(15296K)
[18.053s][info][gc             ] GC(150) Pause Young (Allocation Failure) 176M->40M(494M) 6.207ms
[18.053s][info][gc,cpu         ] GC(150) User=0.00s Sys=0.00s Real=0.00s
[18.101s][info][gc,start       ] GC(151) Pause Young (Allocation Failure)
[18.108s][info][gc,heap        ] GC(151) DefNew: 140958K(157248K)->1058K(157248K) Eden: 139776K(139776K)->0K(139776K) From: 1182K(17472K)->1058K(17472K)
[18.109s][info][gc,heap        ] GC(151) Tenured: 39867K(349568K)->39893K(349568K)
[18.109s][info][gc,metaspace   ] GC(151) Metaspace: 72363K(72768K)->72363K(72768K) NonClass: 57243K(57472K)->57243K(57472K) Class: 15120K(15296K)->15120K(15296K)
[18.109s][info][gc             ] GC(151) Pause Young (Allocation Failure) 176M->39M(494M) 7.586ms
[18.109s][info][gc,cpu         ] GC(151) User=0.00s Sys=0.00s Real=0.00s
[18.157s][info][gc,start       ] GC(152) Pause Young (Allocation Failure)
[18.164s][info][gc,heap        ] GC(152) DefNew: 140834K(157248K)->1064K(157248K) Eden: 139776K(139776K)->0K(139776K) From: 1058K(17472K)->1064K(17472K)
[18.164s][info][gc,heap        ] GC(152) Tenured: 39893K(349568K)->39919K(349568K)
[18.164s][info][gc,metaspace   ] GC(152) Metaspace: 72364K(72768K)->72364K(72768K) NonClass: 57243K(57472K)->57243K(57472K) Class: 15120K(15296K)->15120K(15296K)
[18.164s][info][gc             ] GC(152) Pause Young (Allocation Failure) 176M->40M(494M) 6.986ms
[18.164s][info][gc,cpu         ] GC(152) User=0.00s Sys=0.00s Real=0.00s
[18.214s][info][gc,start       ] GC(153) Pause Young (Allocation Failure)
[18.220s][info][gc,heap        ] GC(153) DefNew: 140840K(157248K)->1061K(157248K) Eden: 139776K(139776K)->0K(139776K) From: 1064K(17472K)->1061K(17472K)
[18.220s][info][gc,heap        ] GC(153) Tenured: 39919K(349568K)->39919K(349568K)
[18.220s][info][gc,metaspace   ] GC(153) Metaspace: 72364K(72768K)->72364K(72768K) NonClass: 57243K(57472K)->57243K(57472K) Class: 15120K(15296K)->15120K(15296K)
[18.220s][info][gc             ] GC(153) Pause Young (Allocation Failure) 176M->40M(494M) 6.125ms
[18.220s][info][gc,cpu         ] GC(153) User=0.00s Sys=0.00s Real=0.00s
[18.271s][info][gc,start       ] GC(154) Pause Young (Allocation Failure)
[18.276s][info][gc,heap        ] GC(154) DefNew: 140837K(157248K)->1047K(157248K) Eden: 139776K(139776K)->0K(139776K) From: 1061K(17472K)->1047K(17472K)
[18.276s][info][gc,heap        ] GC(154) Tenured: 39919K(349568K)->39945K(349568K)
[18.276s][info][gc,metaspace   ] GC(154) Metaspace: 72364K(72768K)->72364K(72768K) NonClass: 57243K(57472K)->57243K(57472K) Class: 15120K(15296K)->15120K(15296K)
[18.276s][info][gc             ] GC(154) Pause Young (Allocation Failure) 176M->40M(494M) 5.275ms
[18.277s][info][gc,cpu         ] GC(154) User=0.00s Sys=0.00s Real=0.00s
[18.328s][info][gc,start       ] GC(155) Pause Young (Allocation Failure)
[18.334s][info][gc,heap        ] GC(155) DefNew: 140823K(157248K)->1004K(157248K) Eden: 139776K(139776K)->0K(139776K) From: 1047K(17472K)->1004K(17472K)
[18.334s][info][gc,heap        ] GC(155) Tenured: 39945K(349568K)->39971K(349568K)
[18.334s][info][gc,metaspace   ] GC(155) Metaspace: 72364K(72768K)->72364K(72768K) NonClass: 57243K(57472K)->57243K(57472K) Class: 15120K(15296K)->15120K(15296K)
[18.334s][info][gc             ] GC(155) Pause Young (Allocation Failure) 176M->40M(494M) 5.202ms
[18.334s][info][gc,cpu         ] GC(155) User=0.00s Sys=0.00s Real=0.00s
[18.387s][info][gc,start       ] GC(156) Pause Young (Allocation Failure)
[18.392s][info][gc,heap        ] GC(156) DefNew: 140780K(157248K)->992K(157248K) Eden: 139776K(139776K)->0K(139776K) From: 1004K(17472K)->992K(17472K)
[18.392s][info][gc,heap        ] GC(156) Tenured: 39971K(349568K)->39971K(349568K)
[18.392s][info][gc,metaspace   ] GC(156) Metaspace: 72371K(72768K)->72371K(72768K) NonClass: 57250K(57472K)->57250K(57472K) Class: 15120K(15296K)->15120K(15296K)
[18.392s][info][gc             ] GC(156) Pause Young (Allocation Failure) 176M->40M(494M) 5.213ms
[18.392s][info][gc,cpu         ] GC(156) User=0.02s Sys=0.00s Real=0.02s
[18.448s][info][gc,start       ] GC(157) Pause Young (Allocation Failure)
[18.453s][info][gc,heap        ] GC(157) DefNew: 140768K(157248K)->929K(157248K) Eden: 139776K(139776K)->0K(139776K) From: 992K(17472K)->929K(17472K)
[18.453s][info][gc,heap        ] GC(157) Tenured: 39971K(349568K)->40047K(349568K)
[18.453s][info][gc,metaspace   ] GC(157) Metaspace: 72372K(72768K)->72372K(72768K) NonClass: 57252K(57472K)->57252K(57472K) Class: 15120K(15296K)->15120K(15296K)
[18.453s][info][gc             ] GC(157) Pause Young (Allocation Failure) 176M->40M(494M) 5.125ms
[18.453s][info][gc,cpu         ] GC(157) User=0.02s Sys=0.00s Real=0.02s
[18.514s][info][gc,start       ] GC(158) Pause Young (Allocation Failure)
[18.519s][info][gc,heap        ] GC(158) DefNew: 140705K(157248K)->927K(157248K) Eden: 139776K(139776K)->0K(139776K) From: 929K(17472K)->927K(17472K)
[18.519s][info][gc,heap        ] GC(158) Tenured: 40047K(349568K)->40071K(349568K)
[18.519s][info][gc,metaspace   ] GC(158) Metaspace: 72420K(72832K)->72420K(72832K) NonClass: 57288K(57536K)->57288K(57536K) Class: 15131K(15296K)->15131K(15296K)
[18.519s][info][gc             ] GC(158) Pause Young (Allocation Failure) 176M->40M(494M) 5.115ms
[18.520s][info][gc,cpu         ] GC(158) User=0.00s Sys=0.00s Real=0.00s
[18.581s][info][gc,start       ] GC(159) Pause Young (Allocation Failure)
[18.585s][info][gc,heap        ] GC(159) DefNew: 140703K(157248K)->926K(157248K) Eden: 139776K(139776K)->0K(139776K) From: 927K(17472K)->926K(17472K)
[18.585s][info][gc,heap        ] GC(159) Tenured: 40071K(349568K)->40075K(349568K)
[18.585s][info][gc,metaspace   ] GC(159) Metaspace: 72422K(72832K)->72422K(72832K) NonClass: 57291K(57536K)->57291K(57536K) Class: 15131K(15296K)->15131K(15296K)
[18.585s][info][gc             ] GC(159) Pause Young (Allocation Failure) 176M->40M(494M) 4.707ms
[18.585s][info][gc,cpu         ] GC(159) User=0.02s Sys=0.00s Real=0.02s
[18.646s][info][gc,start       ] GC(160) Pause Young (Allocation Failure)
[18.651s][info][gc,heap        ] GC(160) DefNew: 140702K(157248K)->906K(157248K) Eden: 139776K(139776K)->0K(139776K) From: 926K(17472K)->906K(17472K)
[18.651s][info][gc,heap        ] GC(160) Tenured: 40075K(349568K)->40103K(349568K)
[18.651s][info][gc,metaspace   ] GC(160) Metaspace: 72430K(72832K)->72430K(72832K) NonClass: 57298K(57536K)->57298K(57536K) Class: 15131K(15296K)->15131K(15296K)
[18.651s][info][gc             ] GC(160) Pause Young (Allocation Failure) 176M->40M(494M) 4.603ms
[18.651s][info][gc,cpu         ] GC(160) User=0.00s Sys=0.00s Real=0.00s
[18.717s][info][gc,start       ] GC(161) Pause Young (Allocation Failure)
[18.721s][info][gc,heap        ] GC(161) DefNew: 140682K(157248K)->817K(157248K) Eden: 139776K(139776K)->0K(139776K) From: 906K(17472K)->817K(17472K)
[18.721s][info][gc,heap        ] GC(161) Tenured: 40103K(349568K)->40178K(349568K)
[18.721s][info][gc,metaspace   ] GC(161) Metaspace: 72431K(72832K)->72431K(72832K) NonClass: 57299K(57536K)->57299K(57536K) Class: 15131K(15296K)->15131K(15296K)
[18.721s][info][gc             ] GC(161) Pause Young (Allocation Failure) 176M->40M(494M) 4.386ms
[18.721s][info][gc,cpu         ] GC(161) User=0.00s Sys=0.00s Real=0.00s
[18.797s][info][gc,start       ] GC(162) Pause Young (Allocation Failure)
[18.801s][info][gc,heap        ] GC(162) DefNew: 140593K(157248K)->769K(157248K) Eden: 139776K(139776K)->0K(139776K) From: 817K(17472K)->769K(17472K)
[18.801s][info][gc,heap        ] GC(162) Tenured: 40178K(349568K)->40200K(349568K)
[18.801s][info][gc,metaspace   ] GC(162) Metaspace: 72438K(72832K)->72438K(72832K) NonClass: 57306K(57536K)->57306K(57536K) Class: 15131K(15296K)->15131K(15296K)
[18.801s][info][gc             ] GC(162) Pause Young (Allocation Failure) 176M->40M(494M) 3.997ms
[18.801s][info][gc,cpu         ] GC(162) User=0.00s Sys=0.00s Real=0.00s
[18.882s][info][gc,start       ] GC(163) Pause Young (Allocation Failure)
[18.886s][info][gc,heap        ] GC(163) DefNew: 140545K(157248K)->732K(157248K) Eden: 139776K(139776K)->0K(139776K) From: 769K(17472K)->732K(17472K)
[18.886s][info][gc,heap        ] GC(163) Tenured: 40200K(349568K)->40229K(349568K)
[18.886s][info][gc,metaspace   ] GC(163) Metaspace: 72438K(72832K)->72438K(72832K) NonClass: 57306K(57536K)->57306K(57536K) Class: 15131K(15296K)->15131K(15296K)
[18.886s][info][gc             ] GC(163) Pause Young (Allocation Failure) 176M->40M(494M) 3.679ms
[18.886s][info][gc,cpu         ] GC(163) User=0.00s Sys=0.00s Real=0.00s
[18.968s][info][gc,start       ] GC(164) Pause Young (Allocation Failure)
[18.972s][info][gc,heap        ] GC(164) DefNew: 140508K(157248K)->700K(157248K) Eden: 139776K(139776K)->0K(139776K) From: 732K(17472K)->700K(17472K)
[18.972s][info][gc,heap        ] GC(164) Tenured: 40229K(349568K)->40255K(349568K)
[18.972s][info][gc,metaspace   ] GC(164) Metaspace: 72443K(72832K)->72443K(72832K) NonClass: 57311K(57536K)->57311K(57536K) Class: 15131K(15296K)->15131K(15296K)
[18.972s][info][gc             ] GC(164) Pause Young (Allocation Failure) 176M->39M(494M) 3.689ms
[18.972s][info][gc,cpu         ] GC(164) User=0.00s Sys=0.02s Real=0.02s
[19.063s][info][gc,start       ] GC(165) Pause Young (Allocation Failure)
[19.066s][info][gc,heap        ] GC(165) DefNew: 140476K(157248K)->715K(157248K) Eden: 139776K(139776K)->0K(139776K) From: 700K(17472K)->715K(17472K)
[19.066s][info][gc,heap        ] GC(165) Tenured: 40255K(349568K)->40255K(349568K)
[19.066s][info][gc,metaspace   ] GC(165) Metaspace: 72443K(72832K)->72443K(72832K) NonClass: 57311K(57536K)->57311K(57536K) Class: 15131K(15296K)->15131K(15296K)
[19.066s][info][gc             ] GC(165) Pause Young (Allocation Failure) 176M->40M(494M) 3.413ms
[19.066s][info][gc,cpu         ] GC(165) User=0.00s Sys=0.00s Real=0.00s
[19.157s][info][gc,start       ] GC(166) Pause Young (Allocation Failure)
[19.161s][info][gc,heap        ] GC(166) DefNew: 140491K(157248K)->693K(157248K) Eden: 139776K(139776K)->0K(139776K) From: 715K(17472K)->693K(17472K)
[19.161s][info][gc,heap        ] GC(166) Tenured: 40255K(349568K)->40281K(349568K)
[19.161s][info][gc,metaspace   ] GC(166) Metaspace: 72443K(72832K)->72443K(72832K) NonClass: 57311K(57536K)->57311K(57536K) Class: 15131K(15296K)->15131K(15296K)
[19.161s][info][gc             ] GC(166) Pause Young (Allocation Failure) 176M->40M(494M) 3.541ms
[19.161s][info][gc,cpu         ] GC(166) User=0.00s Sys=0.00s Real=0.00s
[19.252s][info][gc,start       ] GC(167) Pause Young (Allocation Failure)
[19.255s][info][gc,heap        ] GC(167) DefNew: 140469K(157248K)->672K(157248K) Eden: 139776K(139776K)->0K(139776K) From: 693K(17472K)->672K(17472K)
[19.255s][info][gc,heap        ] GC(167) Tenured: 40281K(349568K)->40307K(349568K)
[19.255s][info][gc,metaspace   ] GC(167) Metaspace: 72443K(72832K)->72443K(72832K) NonClass: 57311K(57536K)->57311K(57536K) Class: 15131K(15296K)->15131K(15296K)
[19.255s][info][gc             ] GC(167) Pause Young (Allocation Failure) 176M->40M(494M) 3.442ms
[19.255s][info][gc,cpu         ] GC(167) User=0.00s Sys=0.00s Real=0.00s
[19.345s][info][gc,start       ] GC(168) Pause Young (Allocation Failure)
[19.348s][info][gc,heap        ] GC(168) DefNew: 140448K(157248K)->642K(157248K) Eden: 139776K(139776K)->0K(139776K) From: 672K(17472K)->642K(17472K)
[19.348s][info][gc,heap        ] GC(168) Tenured: 40307K(349568K)->40345K(349568K)
[19.348s][info][gc,metaspace   ] GC(168) Metaspace: 72443K(72832K)->72443K(72832K) NonClass: 57311K(57536K)->57311K(57536K) Class: 15131K(15296K)->15131K(15296K)
[19.348s][info][gc             ] GC(168) Pause Young (Allocation Failure) 176M->40M(494M) 3.448ms
[19.348s][info][gc,cpu         ] GC(168) User=0.00s Sys=0.00s Real=0.00s
[19.438s][info][gc,start       ] GC(169) Pause Young (Allocation Failure)
[19.441s][info][gc,heap        ] GC(169) DefNew: 140418K(157248K)->606K(157248K) Eden: 139776K(139776K)->0K(139776K) From: 642K(17472K)->606K(17472K)
[19.441s][info][gc,heap        ] GC(169) Tenured: 40345K(349568K)->40345K(349568K)
[19.442s][info][gc,metaspace   ] GC(169) Metaspace: 72443K(72832K)->72443K(72832K) NonClass: 57311K(57536K)->57311K(57536K) Class: 15131K(15296K)->15131K(15296K)
[19.442s][info][gc             ] GC(169) Pause Young (Allocation Failure) 176M->39M(494M) 3.183ms
[19.442s][info][gc,cpu         ] GC(169) User=0.00s Sys=0.00s Real=0.00s
[19.531s][info][gc,start       ] GC(170) Pause Young (Allocation Failure)
[19.534s][info][gc,heap        ] GC(170) DefNew: 140382K(157248K)->631K(157248K) Eden: 139776K(139776K)->0K(139776K) From: 606K(17472K)->631K(17472K)
[19.535s][info][gc,heap        ] GC(170) Tenured: 40345K(349568K)->40346K(349568K)
[19.535s][info][gc,metaspace   ] GC(170) Metaspace: 72443K(72832K)->72443K(72832K) NonClass: 57311K(57536K)->57311K(57536K) Class: 15131K(15296K)->15131K(15296K)
[19.535s][info][gc             ] GC(170) Pause Young (Allocation Failure) 176M->40M(494M) 3.355ms
[19.535s][info][gc,cpu         ] GC(170) User=0.00s Sys=0.00s Real=0.00s
[19.625s][info][gc,start       ] GC(171) Pause Young (Allocation Failure)
[19.628s][info][gc,heap        ] GC(171) DefNew: 140407K(157248K)->578K(157248K) Eden: 139776K(139776K)->0K(139776K) From: 631K(17472K)->578K(17472K)
[19.628s][info][gc,heap        ] GC(171) Tenured: 40346K(349568K)->40399K(349568K)
[19.628s][info][gc,metaspace   ] GC(171) Metaspace: 72443K(72832K)->72443K(72832K) NonClass: 57311K(57536K)->57311K(57536K) Class: 15131K(15296K)->15131K(15296K)
[19.628s][info][gc             ] GC(171) Pause Young (Allocation Failure) 176M->40M(494M) 3.452ms
[19.628s][info][gc,cpu         ] GC(171) User=0.00s Sys=0.00s Real=0.00s
[19.719s][info][gc,start       ] GC(172) Pause Young (Allocation Failure)
[19.722s][info][gc,heap        ] GC(172) DefNew: 140354K(157248K)->518K(157248K) Eden: 139776K(139776K)->0K(139776K) From: 578K(17472K)->518K(17472K)
[19.722s][info][gc,heap        ] GC(172) Tenured: 40399K(349568K)->40450K(349568K)
[19.722s][info][gc,metaspace   ] GC(172) Metaspace: 72443K(72832K)->72443K(72832K) NonClass: 57311K(57536K)->57311K(57536K) Class: 15131K(15296K)->15131K(15296K)
[19.722s][info][gc             ] GC(172) Pause Young (Allocation Failure) 176M->40M(494M) 3.129ms
[19.722s][info][gc,cpu         ] GC(172) User=0.00s Sys=0.00s Real=0.00s
[19.813s][info][gc,start       ] GC(173) Pause Young (Allocation Failure)
[19.816s][info][gc,heap        ] GC(173) DefNew: 140294K(157248K)->459K(157248K) Eden: 139776K(139776K)->0K(139776K) From: 518K(17472K)->459K(17472K)
[19.816s][info][gc,heap        ] GC(173) Tenured: 40450K(349568K)->40515K(349568K)
[19.816s][info][gc,metaspace   ] GC(173) Metaspace: 72443K(72832K)->72443K(72832K) NonClass: 57311K(57536K)->57311K(57536K) Class: 15131K(15296K)->15131K(15296K)
[19.816s][info][gc             ] GC(173) Pause Young (Allocation Failure) 176M->40M(494M) 3.211ms
[19.816s][info][gc,cpu         ] GC(173) User=0.00s Sys=0.00s Real=0.00s
[19.904s][info][gc,start       ] GC(174) Pause Young (Allocation Failure)
[19.907s][info][gc,heap        ] GC(174) DefNew: 140235K(157248K)->405K(157248K) Eden: 139776K(139776K)->0K(139776K) From: 459K(17472K)->405K(17472K)
[19.907s][info][gc,heap        ] GC(174) Tenured: 40515K(349568K)->40550K(349568K)
[19.907s][info][gc,metaspace   ] GC(174) Metaspace: 72443K(72832K)->72443K(72832K) NonClass: 57311K(57536K)->57311K(57536K) Class: 15131K(15296K)->15131K(15296K)
[19.907s][info][gc             ] GC(174) Pause Young (Allocation Failure) 176M->39M(494M) 3.021ms
[19.907s][info][gc,cpu         ] GC(174) User=0.00s Sys=0.00s Real=0.00s
[19.996s][info][gc,start       ] GC(175) Pause Young (Allocation Failure)
[19.999s][info][gc,heap        ] GC(175) DefNew: 140181K(157248K)->381K(157248K) Eden: 139776K(139776K)->0K(139776K) From: 405K(17472K)->381K(17472K)
[19.999s][info][gc,heap        ] GC(175) Tenured: 40550K(349568K)->40602K(349568K)
[19.999s][info][gc,metaspace   ] GC(175) Metaspace: 72443K(72832K)->72443K(72832K) NonClass: 57311K(57536K)->57311K(57536K) Class: 15131K(15296K)->15131K(15296K)
[19.999s][info][gc             ] GC(175) Pause Young (Allocation Failure) 176M->40M(494M) 2.816ms
[19.999s][info][gc,cpu         ] GC(175) User=0.00s Sys=0.00s Real=0.00s
[20.097s][info][gc,start       ] GC(176) Pause Young (Allocation Failure)
[20.100s][info][gc,heap        ] GC(176) DefNew: 140157K(157248K)->300K(157248K) Eden: 139776K(139776K)->0K(139776K) From: 381K(17472K)->300K(17472K)
[20.100s][info][gc,heap        ] GC(176) Tenured: 40602K(349568K)->40655K(349568K)
[20.100s][info][gc,metaspace   ] GC(176) Metaspace: 72449K(72832K)->72449K(72832K) NonClass: 57317K(57536K)->57317K(57536K) Class: 15131K(15296K)->15131K(15296K)
[20.100s][info][gc             ] GC(176) Pause Young (Allocation Failure) 176M->39M(494M) 3.088ms
[20.100s][info][gc,cpu         ] GC(176) User=0.00s Sys=0.00s Real=0.00s
[20.157s][info][gc,start       ] GC(177) Pause Full (System.gc())
[20.158s][info][gc,phases,start] GC(177) Phase 1: Mark live objects
[20.219s][info][gc,phases      ] GC(177) Phase 1: Mark live objects 61.818ms
[20.220s][info][gc,phases,start] GC(177) Phase 2: Compute new object addresses
[20.236s][info][gc,phases      ] GC(177) Phase 2: Compute new object addresses 16.527ms
[20.236s][info][gc,phases,start] GC(177) Phase 3: Adjust pointers
[20.264s][info][gc,phases      ] GC(177) Phase 3: Adjust pointers 27.512ms
[20.264s][info][gc,phases,start] GC(177) Phase 4: Move objects
[20.273s][info][gc,phases      ] GC(177) Phase 4: Move objects 9.649ms
[20.274s][info][gc,heap        ] GC(177) DefNew: 27742K(157248K)->0K(157248K) Eden: 27442K(139776K)->0K(139776K) From: 300K(17472K)->0K(17472K)
[20.274s][info][gc,heap        ] GC(177) Tenured: 40655K(349568K)->35285K(349568K)
[20.274s][info][gc,metaspace   ] GC(177) Metaspace: 72485K(72896K)->72483K(72896K) NonClass: 57347K(57600K)->57346K(57600K) Class: 15137K(15296K)->15136K(15296K)
[20.274s][info][gc             ] GC(177) Pause Full (System.gc()) 66M->34M(494M) 116.542ms
[20.274s][info][gc,cpu         ] GC(177) User=0.11s Sys=0.00s Real=0.11s
[20.480s][info][gc,start       ] GC(178) Pause Young (Allocation Failure)
[20.496s][info][gc,heap        ] GC(178) DefNew: 139776K(157248K)->3520K(157248K) Eden: 139776K(139776K)->0K(139776K) From: 0K(17472K)->3520K(17472K)
[20.496s][info][gc,heap        ] GC(178) Tenured: 35285K(349568K)->35285K(349568K)
[20.496s][info][gc,metaspace   ] GC(178) Metaspace: 72582K(72960K)->72582K(72960K) NonClass: 57436K(57664K)->57436K(57664K) Class: 15146K(15296K)->15146K(15296K)
[20.496s][info][gc             ] GC(178) Pause Young (Allocation Failure) 170M->37M(494M) 16.358ms
[20.496s][info][gc,cpu         ] GC(178) User=0.00s Sys=0.00s Real=0.00s
[20.568s][info][gc,start       ] GC(179) Pause Young (Allocation Failure)
[20.581s][info][gc,heap        ] GC(179) DefNew: 143296K(157248K)->3489K(157248K) Eden: 139776K(139776K)->0K(139776K) From: 3520K(17472K)->3489K(17472K)
[20.581s][info][gc,heap        ] GC(179) Tenured: 35285K(349568K)->35285K(349568K)
[20.581s][info][gc,metaspace   ] GC(179) Metaspace: 72582K(72960K)->72582K(72960K) NonClass: 57436K(57664K)->57436K(57664K) Class: 15146K(15296K)->15146K(15296K)
[20.581s][info][gc             ] GC(179) Pause Young (Allocation Failure) 174M->37M(494M) 13.882ms
[20.581s][info][gc,cpu         ] GC(179) User=0.06s Sys=0.00s Real=0.02s
[20.645s][info][gc,start       ] GC(180) Pause Young (Allocation Failure)
[20.659s][info][gc,heap        ] GC(180) DefNew: 143265K(157248K)->3536K(157248K) Eden: 139776K(139776K)->0K(139776K) From: 3489K(17472K)->3536K(17472K)
[20.659s][info][gc,heap        ] GC(180) Tenured: 35285K(349568K)->35285K(349568K)
[20.659s][info][gc,metaspace   ] GC(180) Metaspace: 72582K(72960K)->72582K(72960K) NonClass: 57436K(57664K)->57436K(57664K) Class: 15146K(15296K)->15146K(15296K)
[20.659s][info][gc             ] GC(180) Pause Young (Allocation Failure) 174M->37M(494M) 13.665ms
[20.659s][info][gc,cpu         ] GC(180) User=0.05s Sys=0.00s Real=0.02s
[20.717s][info][gc,start       ] GC(181) Pause Young (Allocation Failure)
[20.729s][info][gc,heap        ] GC(181) DefNew: 143312K(157248K)->3554K(157248K) Eden: 139776K(139776K)->0K(139776K) From: 3536K(17472K)->3554K(17472K)
[20.729s][info][gc,heap        ] GC(181) Tenured: 35285K(349568K)->35285K(349568K)
[20.729s][info][gc,metaspace   ] GC(181) Metaspace: 72582K(72960K)->72582K(72960K) NonClass: 57436K(57664K)->57436K(57664K) Class: 15146K(15296K)->15146K(15296K)
[20.730s][info][gc             ] GC(181) Pause Young (Allocation Failure) 174M->37M(494M) 12.842ms
[20.730s][info][gc,cpu         ] GC(181) User=0.00s Sys=0.00s Real=0.00s
[20.786s][info][gc,start       ] GC(182) Pause Young (Allocation Failure)
[20.800s][info][gc,heap        ] GC(182) DefNew: 143330K(157248K)->3552K(157248K) Eden: 139776K(139776K)->0K(139776K) From: 3554K(17472K)->3552K(17472K)
[20.800s][info][gc,heap        ] GC(182) Tenured: 35285K(349568K)->35285K(349568K)
[20.800s][info][gc,metaspace   ] GC(182) Metaspace: 72582K(72960K)->72582K(72960K) NonClass: 57436K(57664K)->57436K(57664K) Class: 15146K(15296K)->15146K(15296K)
[20.800s][info][gc             ] GC(182) Pause Young (Allocation Failure) 174M->37M(494M) 13.467ms
[20.800s][info][gc,cpu         ] GC(182) User=0.00s Sys=0.00s Real=0.00s
[20.854s][info][gc,start       ] GC(183) Pause Young (Allocation Failure)
[20.867s][info][gc,heap        ] GC(183) DefNew: 143328K(157248K)->3470K(157248K) Eden: 139776K(139776K)->0K(139776K) From: 3552K(17472K)->3470K(17472K)
[20.867s][info][gc,heap        ] GC(183) Tenured: 35285K(349568K)->35285K(349568K)
[20.867s][info][gc,metaspace   ] GC(183) Metaspace: 72582K(72960K)->72582K(72960K) NonClass: 57436K(57664K)->57436K(57664K) Class: 15146K(15296K)->15146K(15296K)
[20.867s][info][gc             ] GC(183) Pause Young (Allocation Failure) 174M->37M(494M) 13.171ms
[20.867s][info][gc,cpu         ] GC(183) User=0.00s Sys=0.00s Real=0.00s
[20.919s][info][gc,start       ] GC(184) Pause Young (Allocation Failure)
[20.933s][info][gc,heap        ] GC(184) DefNew: 143246K(157248K)->3534K(157248K) Eden: 139776K(139776K)->0K(139776K) From: 3470K(17472K)->3534K(17472K)
[20.933s][info][gc,heap        ] GC(184) Tenured: 35285K(349568K)->35285K(349568K)
[20.933s][info][gc,metaspace   ] GC(184) Metaspace: 72582K(72960K)->72582K(72960K) NonClass: 57436K(57664K)->57436K(57664K) Class: 15146K(15296K)->15146K(15296K)
[20.933s][info][gc             ] GC(184) Pause Young (Allocation Failure) 174M->37M(494M) 14.060ms
[20.933s][info][gc,cpu         ] GC(184) User=0.03s Sys=0.02s Real=0.01s
[20.984s][info][gc,start       ] GC(185) Pause Young (Allocation Failure)
[20.998s][info][gc,heap        ] GC(185) DefNew: 143310K(157248K)->3432K(157248K) Eden: 139776K(139776K)->0K(139776K) From: 3534K(17472K)->3432K(17472K)
[20.998s][info][gc,heap        ] GC(185) Tenured: 35285K(349568K)->35285K(349568K)
[20.998s][info][gc,metaspace   ] GC(185) Metaspace: 72582K(72960K)->72582K(72960K) NonClass: 57436K(57664K)->57436K(57664K) Class: 15146K(15296K)->15146K(15296K)
[20.998s][info][gc             ] GC(185) Pause Young (Allocation Failure) 174M->37M(494M) 14.023ms
[20.998s][info][gc,cpu         ] GC(185) User=0.00s Sys=0.00s Real=0.00s
[21.049s][info][gc,start       ] GC(186) Pause Young (Allocation Failure)
[21.063s][info][gc,heap        ] GC(186) DefNew: 143208K(157248K)->3517K(157248K) Eden: 139776K(139776K)->0K(139776K) From: 3432K(17472K)->3517K(17472K)
[21.063s][info][gc,heap        ] GC(186) Tenured: 35285K(349568K)->35285K(349568K)
[21.063s][info][gc,metaspace   ] GC(186) Metaspace: 72582K(72960K)->72582K(72960K) NonClass: 57436K(57664K)->57436K(57664K) Class: 15146K(15296K)->15146K(15296K)
[21.063s][info][gc             ] GC(186) Pause Young (Allocation Failure) 174M->37M(494M) 13.771ms
[21.063s][info][gc,cpu         ] GC(186) User=0.00s Sys=0.00s Real=0.00s
[21.112s][info][gc,start       ] GC(187) Pause Young (Allocation Failure)
[21.126s][info][gc,heap        ] GC(187) DefNew: 143293K(157248K)->3497K(157248K) Eden: 139776K(139776K)->0K(139776K) From: 3517K(17472K)->3497K(17472K)
[21.126s][info][gc,heap        ] GC(187) Tenured: 35285K(349568K)->35285K(349568K)
[21.126s][info][gc,metaspace   ] GC(187) Metaspace: 72582K(72960K)->72582K(72960K) NonClass: 57436K(57664K)->57436K(57664K) Class: 15146K(15296K)->15146K(15296K)
[21.126s][info][gc             ] GC(187) Pause Young (Allocation Failure) 174M->37M(494M) 13.938ms
[21.126s][info][gc,cpu         ] GC(187) User=0.00s Sys=0.00s Real=0.00s
[21.174s][info][gc,start       ] GC(188) Pause Young (Allocation Failure)
[21.186s][info][gc,heap        ] GC(188) DefNew: 143273K(157248K)->3465K(157248K) Eden: 139776K(139776K)->0K(139776K) From: 3497K(17472K)->3465K(17472K)
[21.186s][info][gc,heap        ] GC(188) Tenured: 35285K(349568K)->35285K(349568K)
[21.186s][info][gc,metaspace   ] GC(188) Metaspace: 72582K(72960K)->72582K(72960K) NonClass: 57436K(57664K)->57436K(57664K) Class: 15146K(15296K)->15146K(15296K)
[21.186s][info][gc             ] GC(188) Pause Young (Allocation Failure) 174M->37M(494M) 12.822ms
[21.186s][info][gc,cpu         ] GC(188) User=0.08s Sys=0.00s Real=0.01s
[21.232s][info][gc,start       ] GC(189) Pause Young (Allocation Failure)
[21.245s][info][gc,heap        ] GC(189) DefNew: 143241K(157248K)->3591K(157248K) Eden: 139776K(139776K)->0K(139776K) From: 3465K(17472K)->3591K(17472K)
[21.245s][info][gc,heap        ] GC(189) Tenured: 35285K(349568K)->35285K(349568K)
[21.245s][info][gc,metaspace   ] GC(189) Metaspace: 72582K(72960K)->72582K(72960K) NonClass: 57436K(57664K)->57436K(57664K) Class: 15146K(15296K)->15146K(15296K)
[21.245s][info][gc             ] GC(189) Pause Young (Allocation Failure) 174M->37M(494M) 12.729ms
[21.245s][info][gc,cpu         ] GC(189) User=0.00s Sys=0.00s Real=0.00s
[21.289s][info][gc,start       ] GC(190) Pause Young (Allocation Failure)
[21.303s][info][gc,heap        ] GC(190) DefNew: 143367K(157248K)->3550K(157248K) Eden: 139776K(139776K)->0K(139776K) From: 3591K(17472K)->3550K(17472K)
[21.303s][info][gc,heap        ] GC(190) Tenured: 35285K(349568K)->35285K(349568K)
[21.303s][info][gc,metaspace   ] GC(190) Metaspace: 72582K(72960K)->72582K(72960K) NonClass: 57436K(57664K)->57436K(57664K) Class: 15146K(15296K)->15146K(15296K)
[21.303s][info][gc             ] GC(190) Pause Young (Allocation Failure) 174M->37M(494M) 13.300ms
[21.303s][info][gc,cpu         ] GC(190) User=0.00s Sys=0.00s Real=0.00s
[21.349s][info][gc,start       ] GC(191) Pause Young (Allocation Failure)
[21.362s][info][gc,heap        ] GC(191) DefNew: 143326K(157248K)->3576K(157248K) Eden: 139776K(139776K)->0K(139776K) From: 3550K(17472K)->3576K(17472K)
[21.362s][info][gc,heap        ] GC(191) Tenured: 35285K(349568K)->35285K(349568K)
[21.362s][info][gc,metaspace   ] GC(191) Metaspace: 72582K(72960K)->72582K(72960K) NonClass: 57436K(57664K)->57436K(57664K) Class: 15146K(15296K)->15146K(15296K)
[21.362s][info][gc             ] GC(191) Pause Young (Allocation Failure) 174M->37M(494M) 13.459ms
[21.362s][info][gc,cpu         ] GC(191) User=0.00s Sys=0.00s Real=0.00s
[21.407s][info][gc,start       ] GC(192) Pause Young (Allocation Failure)
[21.420s][info][gc,heap        ] GC(192) DefNew: 143352K(157248K)->3543K(157248K) Eden: 139776K(139776K)->0K(139776K) From: 3576K(17472K)->3543K(17472K)
[21.420s][info][gc,heap        ] GC(192) Tenured: 35285K(349568K)->35285K(349568K)
[21.420s][info][gc,metaspace   ] GC(192) Metaspace: 72582K(72960K)->72582K(72960K) NonClass: 57436K(57664K)->57436K(57664K) Class: 15146K(15296K)->15146K(15296K)
[21.420s][info][gc             ] GC(192) Pause Young (Allocation Failure) 174M->37M(494M) 13.462ms
[21.421s][info][gc,cpu         ] GC(192) User=0.00s Sys=0.00s Real=0.00s
[21.465s][info][gc,start       ] GC(193) Pause Young (Allocation Failure)
[21.479s][info][gc,heap        ] GC(193) DefNew: 143319K(157248K)->1357K(157248K) Eden: 139776K(139776K)->0K(139776K) From: 3543K(17472K)->1357K(17472K)
[21.479s][info][gc,heap        ] GC(193) Tenured: 35285K(349568K)->37484K(349568K)
[21.479s][info][gc,metaspace   ] GC(193) Metaspace: 72582K(72960K)->72582K(72960K) NonClass: 57436K(57664K)->57436K(57664K) Class: 15146K(15296K)->15146K(15296K)
[21.479s][info][gc             ] GC(193) Pause Young (Allocation Failure) 174M->37M(494M) 14.212ms
[21.479s][info][gc,cpu         ] GC(193) User=0.00s Sys=0.00s Real=0.00s
[21.521s][info][gc,start       ] GC(194) Pause Young (Allocation Failure)
[21.533s][info][gc,heap        ] GC(194) DefNew: 141133K(157248K)->1429K(157248K) Eden: 139776K(139776K)->0K(139776K) From: 1357K(17472K)->1429K(17472K)
[21.533s][info][gc,heap        ] GC(194) Tenured: 37484K(349568K)->37488K(349568K)
[21.533s][info][gc,metaspace   ] GC(194) Metaspace: 72582K(72960K)->72582K(72960K) NonClass: 57436K(57664K)->57436K(57664K) Class: 15146K(15296K)->15146K(15296K)
[21.533s][info][gc             ] GC(194) Pause Young (Allocation Failure) 174M->38M(494M) 11.975ms
[21.533s][info][gc,cpu         ] GC(194) User=0.05s Sys=0.00s Real=0.00s
[21.571s][info][gc,start       ] GC(195) Pause Young (Allocation Failure)
[21.582s][info][gc,heap        ] GC(195) DefNew: 141205K(157248K)->1460K(157248K) Eden: 139775K(139776K)->0K(139776K) From: 1429K(17472K)->1460K(17472K)
[21.582s][info][gc,heap        ] GC(195) Tenured: 37488K(349568K)->37491K(349568K)
[21.582s][info][gc,metaspace   ] GC(195) Metaspace: 72582K(72960K)->72582K(72960K) NonClass: 57436K(57664K)->57436K(57664K) Class: 15146K(15296K)->15146K(15296K)
[21.582s][info][gc             ] GC(195) Pause Young (Allocation Failure) 174M->38M(494M) 11.092ms
[21.582s][info][gc,cpu         ] GC(195) User=0.00s Sys=0.00s Real=0.00s
[21.619s][info][gc,start       ] GC(196) Pause Young (Allocation Failure)
[21.631s][info][gc,heap        ] GC(196) DefNew: 141236K(157248K)->1477K(157248K) Eden: 139776K(139776K)->0K(139776K) From: 1460K(17472K)->1477K(17472K)
[21.631s][info][gc,heap        ] GC(196) Tenured: 37491K(349568K)->37491K(349568K)
[21.631s][info][gc,metaspace   ] GC(196) Metaspace: 72582K(72960K)->72582K(72960K) NonClass: 57436K(57664K)->57436K(57664K) Class: 15146K(15296K)->15146K(15296K)
[21.631s][info][gc             ] GC(196) Pause Young (Allocation Failure) 174M->38M(494M) 11.686ms
[21.631s][info][gc,cpu         ] GC(196) User=0.00s Sys=0.00s Real=0.00s
[21.668s][info][gc,start       ] GC(197) Pause Young (Allocation Failure)
[21.679s][info][gc,heap        ] GC(197) DefNew: 141253K(157248K)->1435K(157248K) Eden: 139776K(139776K)->0K(139776K) From: 1477K(17472K)->1435K(17472K)
[21.679s][info][gc,heap        ] GC(197) Tenured: 37491K(349568K)->37492K(349568K)
[21.679s][info][gc,metaspace   ] GC(197) Metaspace: 72582K(72960K)->72582K(72960K) NonClass: 57436K(57664K)->57436K(57664K) Class: 15146K(15296K)->15146K(15296K)
[21.679s][info][gc             ] GC(197) Pause Young (Allocation Failure) 174M->38M(494M) 11.153ms
[21.679s][info][gc,cpu         ] GC(197) User=0.00s Sys=0.00s Real=0.00s
[21.717s][info][gc,start       ] GC(198) Pause Young (Allocation Failure)
[21.726s][info][gc,heap        ] GC(198) DefNew: 141211K(157248K)->1377K(157248K) Eden: 139776K(139776K)->0K(139776K) From: 1435K(17472K)->1377K(17472K)
[21.726s][info][gc,heap        ] GC(198) Tenured: 37492K(349568K)->37493K(349568K)
[21.726s][info][gc,metaspace   ] GC(198) Metaspace: 72582K(72960K)->72582K(72960K) NonClass: 57436K(57664K)->57436K(57664K) Class: 15146K(15296K)->15146K(15296K)
[21.726s][info][gc             ] GC(198) Pause Young (Allocation Failure) 174M->37M(494M) 8.511ms
[21.726s][info][gc,cpu         ] GC(198) User=0.00s Sys=0.00s Real=0.00s
[21.762s][info][gc,start       ] GC(199) Pause Young (Allocation Failure)
[21.770s][info][gc,heap        ] GC(199) DefNew: 141153K(157248K)->1468K(157248K) Eden: 139776K(139776K)->0K(139776K) From: 1377K(17472K)->1468K(17472K)
[21.770s][info][gc,heap        ] GC(199) Tenured: 37493K(349568K)->37493K(349568K)
[21.770s][info][gc,metaspace   ] GC(199) Metaspace: 72582K(72960K)->72582K(72960K) NonClass: 57436K(57664K)->57436K(57664K) Class: 15146K(15296K)->15146K(15296K)
[21.770s][info][gc             ] GC(199) Pause Young (Allocation Failure) 174M->38M(494M) 8.460ms
[21.770s][info][gc,cpu         ] GC(199) User=0.00s Sys=0.00s Real=0.00s
[21.807s][info][gc,start       ] GC(200) Pause Young (Allocation Failure)
[21.815s][info][gc,heap        ] GC(200) DefNew: 141244K(157248K)->1424K(157248K) Eden: 139776K(139776K)->0K(139776K) From: 1468K(17472K)->1424K(17472K)
[21.815s][info][gc,heap        ] GC(200) Tenured: 37493K(349568K)->37494K(349568K)
[21.815s][info][gc,metaspace   ] GC(200) Metaspace: 72582K(72960K)->72582K(72960K) NonClass: 57436K(57664K)->57436K(57664K) Class: 15146K(15296K)->15146K(15296K)
[21.815s][info][gc             ] GC(200) Pause Young (Allocation Failure) 174M->38M(494M) 8.369ms
[21.815s][info][gc,cpu         ] GC(200) User=0.00s Sys=0.00s Real=0.00s
[21.850s][info][gc,start       ] GC(201) Pause Young (Allocation Failure)
[21.859s][info][gc,heap        ] GC(201) DefNew: 141200K(157248K)->1473K(157248K) Eden: 139776K(139776K)->0K(139776K) From: 1424K(17472K)->1473K(17472K)
[21.859s][info][gc,heap        ] GC(201) Tenured: 37494K(349568K)->37494K(349568K)
[21.859s][info][gc,metaspace   ] GC(201) Metaspace: 72582K(72960K)->72582K(72960K) NonClass: 57436K(57664K)->57436K(57664K) Class: 15146K(15296K)->15146K(15296K)
[21.859s][info][gc             ] GC(201) Pause Young (Allocation Failure) 174M->38M(494M) 8.523ms
[21.859s][info][gc,cpu         ] GC(201) User=0.00s Sys=0.02s Real=0.00s
[21.894s][info][gc,start       ] GC(202) Pause Young (Allocation Failure)
[21.902s][info][gc,heap        ] GC(202) DefNew: 141249K(157248K)->1485K(157248K) Eden: 139776K(139776K)->0K(139776K) From: 1473K(17472K)->1485K(17472K)
[21.902s][info][gc,heap        ] GC(202) Tenured: 37494K(349568K)->37494K(349568K)
[21.902s][info][gc,metaspace   ] GC(202) Metaspace: 72582K(72960K)->72582K(72960K) NonClass: 57436K(57664K)->57436K(57664K) Class: 15146K(15296K)->15146K(15296K)
[21.902s][info][gc             ] GC(202) Pause Young (Allocation Failure) 174M->38M(494M) 8.481ms
[21.902s][info][gc,cpu         ] GC(202) User=0.00s Sys=0.00s Real=0.00s
[21.938s][info][gc,start       ] GC(203) Pause Young (Allocation Failure)
[21.946s][info][gc,heap        ] GC(203) DefNew: 141261K(157248K)->1471K(157248K) Eden: 139776K(139776K)->0K(139776K) From: 1485K(17472K)->1471K(17472K)
[21.946s][info][gc,heap        ] GC(203) Tenured: 37494K(349568K)->37495K(349568K)
[21.946s][info][gc,metaspace   ] GC(203) Metaspace: 72582K(72960K)->72582K(72960K) NonClass: 57436K(57664K)->57436K(57664K) Class: 15146K(15296K)->15146K(15296K)
[21.946s][info][gc             ] GC(203) Pause Young (Allocation Failure) 174M->38M(494M) 8.476ms
[21.946s][info][gc,cpu         ] GC(203) User=0.00s Sys=0.00s Real=0.00s
[21.982s][info][gc,start       ] GC(204) Pause Young (Allocation Failure)
[21.990s][info][gc,heap        ] GC(204) DefNew: 141247K(157248K)->1391K(157248K) Eden: 139776K(139776K)->0K(139776K) From: 1471K(17472K)->1391K(17472K)
[21.990s][info][gc,heap        ] GC(204) Tenured: 37495K(349568K)->37521K(349568K)
[21.991s][info][gc,metaspace   ] GC(204) Metaspace: 72582K(72960K)->72582K(72960K) NonClass: 57436K(57664K)->57436K(57664K) Class: 15146K(15296K)->15146K(15296K)
[21.991s][info][gc             ] GC(204) Pause Young (Allocation Failure) 174M->38M(494M) 8.339ms
[21.991s][info][gc,cpu         ] GC(204) User=0.00s Sys=0.00s Real=0.00s
[22.026s][info][gc,start       ] GC(205) Pause Young (Allocation Failure)
[22.034s][info][gc,heap        ] GC(205) DefNew: 141167K(157248K)->1429K(157248K) Eden: 139776K(139776K)->0K(139776K) From: 1391K(17472K)->1429K(17472K)
[22.034s][info][gc,heap        ] GC(205) Tenured: 37521K(349568K)->37523K(349568K)
[22.034s][info][gc,metaspace   ] GC(205) Metaspace: 72582K(72960K)->72582K(72960K) NonClass: 57436K(57664K)->57436K(57664K) Class: 15146K(15296K)->15146K(15296K)
[22.034s][info][gc             ] GC(205) Pause Young (Allocation Failure) 174M->38M(494M) 8.370ms
[22.034s][info][gc,cpu         ] GC(205) User=0.00s Sys=0.00s Real=0.00s
[22.070s][info][gc,start       ] GC(206) Pause Young (Allocation Failure)
[22.079s][info][gc,heap        ] GC(206) DefNew: 141205K(157248K)->1379K(157248K) Eden: 139776K(139776K)->0K(139776K) From: 1429K(17472K)->1379K(17472K)
[22.079s][info][gc,heap        ] GC(206) Tenured: 37523K(349568K)->37525K(349568K)
[22.079s][info][gc,metaspace   ] GC(206) Metaspace: 72582K(72960K)->72582K(72960K) NonClass: 57436K(57664K)->57436K(57664K) Class: 15146K(15296K)->15146K(15296K)
[22.079s][info][gc             ] GC(206) Pause Young (Allocation Failure) 174M->37M(494M) 9.046ms
[22.079s][info][gc,cpu         ] GC(206) User=0.02s Sys=0.00s Real=0.01s
[22.114s][info][gc,start       ] GC(207) Pause Young (Allocation Failure)
[22.123s][info][gc,heap        ] GC(207) DefNew: 141155K(157248K)->1365K(157248K) Eden: 139776K(139776K)->0K(139776K) From: 1379K(17472K)->1365K(17472K)
[22.123s][info][gc,heap        ] GC(207) Tenured: 37525K(349568K)->37525K(349568K)
[22.123s][info][gc,metaspace   ] GC(207) Metaspace: 72582K(72960K)->72582K(72960K) NonClass: 57436K(57664K)->57436K(57664K) Class: 15146K(15296K)->15146K(15296K)
[22.123s][info][gc             ] GC(207) Pause Young (Allocation Failure) 174M->37M(494M) 8.574ms
[22.123s][info][gc,cpu         ] GC(207) User=0.00s Sys=0.00s Real=0.00s
[22.159s][info][gc,start       ] GC(208) Pause Young (Allocation Failure)
[22.167s][info][gc,heap        ] GC(208) DefNew: 141141K(157248K)->1431K(157248K) Eden: 139776K(139776K)->0K(139776K) From: 1365K(17472K)->1431K(17472K)
[22.167s][info][gc,heap        ] GC(208) Tenured: 37525K(349568K)->37526K(349568K)
[22.167s][info][gc,metaspace   ] GC(208) Metaspace: 72582K(72960K)->72582K(72960K) NonClass: 57436K(57664K)->57436K(57664K) Class: 15146K(15296K)->15146K(15296K)
[22.167s][info][gc             ] GC(208) Pause Young (Allocation Failure) 174M->38M(494M) 8.580ms
[22.167s][info][gc,cpu         ] GC(208) User=0.00s Sys=0.00s Real=0.00s
[22.203s][info][gc,start       ] GC(209) Pause Young (Allocation Failure)
[22.212s][info][gc,heap        ] GC(209) DefNew: 141207K(157248K)->1397K(157248K) Eden: 139776K(139776K)->0K(139776K) From: 1431K(17472K)->1397K(17472K)
[22.212s][info][gc,heap        ] GC(209) Tenured: 37526K(349568K)->37526K(349568K)
[22.212s][info][gc,metaspace   ] GC(209) Metaspace: 72582K(72960K)->72582K(72960K) NonClass: 57436K(57664K)->57436K(57664K) Class: 15146K(15296K)->15146K(15296K)
[22.212s][info][gc             ] GC(209) Pause Young (Allocation Failure) 174M->38M(494M) 9.184ms
[22.212s][info][gc,cpu         ] GC(209) User=0.00s Sys=0.00s Real=0.00s
[22.248s][info][gc,start       ] GC(210) Pause Young (Allocation Failure)
[22.257s][info][gc,heap        ] GC(210) DefNew: 141173K(157248K)->1481K(157248K) Eden: 139776K(139776K)->0K(139776K) From: 1397K(17472K)->1481K(17472K)
[22.257s][info][gc,heap        ] GC(210) Tenured: 37526K(349568K)->37526K(349568K)
[22.257s][info][gc,metaspace   ] GC(210) Metaspace: 72582K(72960K)->72582K(72960K) NonClass: 57436K(57664K)->57436K(57664K) Class: 15146K(15296K)->15146K(15296K)
[22.257s][info][gc             ] GC(210) Pause Young (Allocation Failure) 174M->38M(494M) 9.404ms
[22.257s][info][gc,cpu         ] GC(210) User=0.00s Sys=0.00s Real=0.00s
[22.292s][info][gc,start       ] GC(211) Pause Young (Allocation Failure)
[22.301s][info][gc,heap        ] GC(211) DefNew: 141257K(157248K)->1402K(157248K) Eden: 139776K(139776K)->0K(139776K) From: 1481K(17472K)->1402K(17472K)
[22.301s][info][gc,heap        ] GC(211) Tenured: 37526K(349568K)->37528K(349568K)
[22.301s][info][gc,metaspace   ] GC(211) Metaspace: 72582K(72960K)->72582K(72960K) NonClass: 57436K(57664K)->57436K(57664K) Class: 15146K(15296K)->15146K(15296K)
[22.301s][info][gc             ] GC(211) Pause Young (Allocation Failure) 174M->38M(494M) 8.962ms
[22.301s][info][gc,cpu         ] GC(211) User=0.00s Sys=0.00s Real=0.00s
[22.337s][info][gc,start       ] GC(212) Pause Young (Allocation Failure)
[22.346s][info][gc,heap        ] GC(212) DefNew: 141178K(157248K)->1474K(157248K) Eden: 139776K(139776K)->0K(139776K) From: 1402K(17472K)->1474K(17472K)
[22.346s][info][gc,heap        ] GC(212) Tenured: 37528K(349568K)->37528K(349568K)
[22.346s][info][gc,metaspace   ] GC(212) Metaspace: 72582K(72960K)->72582K(72960K) NonClass: 57436K(57664K)->57436K(57664K) Class: 15146K(15296K)->15146K(15296K)
[22.346s][info][gc             ] GC(212) Pause Young (Allocation Failure) 174M->38M(494M) 9.159ms
[22.346s][info][gc,cpu         ] GC(212) User=0.00s Sys=0.00s Real=0.01s
[22.381s][info][gc,start       ] GC(213) Pause Young (Allocation Failure)
[22.389s][info][gc,heap        ] GC(213) DefNew: 141250K(157248K)->1435K(157248K) Eden: 139776K(139776K)->0K(139776K) From: 1474K(17472K)->1435K(17472K)
[22.389s][info][gc,heap        ] GC(213) Tenured: 37528K(349568K)->37530K(349568K)
[22.389s][info][gc,metaspace   ] GC(213) Metaspace: 72582K(72960K)->72582K(72960K) NonClass: 57436K(57664K)->57436K(57664K) Class: 15146K(15296K)->15146K(15296K)
[22.389s][info][gc             ] GC(213) Pause Young (Allocation Failure) 174M->38M(494M) 8.326ms
[22.389s][info][gc,cpu         ] GC(213) User=0.00s Sys=0.00s Real=0.00s
[22.425s][info][gc,start       ] GC(214) Pause Young (Allocation Failure)
[22.433s][info][gc,heap        ] GC(214) DefNew: 141211K(157248K)->1383K(157248K) Eden: 139776K(139776K)->0K(139776K) From: 1435K(17472K)->1383K(17472K)
[22.433s][info][gc,heap        ] GC(214) Tenured: 37530K(349568K)->37530K(349568K)
[22.433s][info][gc,metaspace   ] GC(214) Metaspace: 72582K(72960K)->72582K(72960K) NonClass: 57436K(57664K)->57436K(57664K) Class: 15146K(15296K)->15146K(15296K)
[22.433s][info][gc             ] GC(214) Pause Young (Allocation Failure) 174M->38M(494M) 8.092ms
[22.433s][info][gc,cpu         ] GC(214) User=0.00s Sys=0.00s Real=0.00s
[22.468s][info][gc,start       ] GC(215) Pause Young (Allocation Failure)
[22.476s][info][gc,heap        ] GC(215) DefNew: 141159K(157248K)->1403K(157248K) Eden: 139776K(139776K)->0K(139776K) From: 1383K(17472K)->1403K(17472K)
[22.476s][info][gc,heap        ] GC(215) Tenured: 37530K(349568K)->37530K(349568K)
[22.476s][info][gc,metaspace   ] GC(215) Metaspace: 72582K(72960K)->72582K(72960K) NonClass: 57436K(57664K)->57436K(57664K) Class: 15146K(15296K)->15146K(15296K)
[22.476s][info][gc             ] GC(215) Pause Young (Allocation Failure) 174M->38M(494M) 8.192ms
[22.476s][info][gc,cpu         ] GC(215) User=0.00s Sys=0.00s Real=0.00s
[22.511s][info][gc,start       ] GC(216) Pause Young (Allocation Failure)
[22.520s][info][gc,heap        ] GC(216) DefNew: 141179K(157248K)->1376K(157248K) Eden: 139776K(139776K)->0K(139776K) From: 1403K(17472K)->1376K(17472K)
[22.520s][info][gc,heap        ] GC(216) Tenured: 37530K(349568K)->37530K(349568K)
[22.520s][info][gc,metaspace   ] GC(216) Metaspace: 72582K(72960K)->72582K(72960K) NonClass: 57436K(57664K)->57436K(57664K) Class: 15146K(15296K)->15146K(15296K)
[22.520s][info][gc             ] GC(216) Pause Young (Allocation Failure) 174M->37M(494M) 8.172ms
[22.520s][info][gc,cpu         ] GC(216) User=0.00s Sys=0.00s Real=0.00s
[22.555s][info][gc,start       ] GC(217) Pause Young (Allocation Failure)
[22.563s][info][gc,heap        ] GC(217) DefNew: 141152K(157248K)->1442K(157248K) Eden: 139776K(139776K)->0K(139776K) From: 1376K(17472K)->1442K(17472K)
[22.563s][info][gc,heap        ] GC(217) Tenured: 37530K(349568K)->37530K(349568K)
[22.563s][info][gc,metaspace   ] GC(217) Metaspace: 72582K(72960K)->72582K(72960K) NonClass: 57436K(57664K)->57436K(57664K) Class: 15146K(15296K)->15146K(15296K)
[22.563s][info][gc             ] GC(217) Pause Young (Allocation Failure) 174M->38M(494M) 8.311ms
[22.563s][info][gc,cpu         ] GC(217) User=0.00s Sys=0.00s Real=0.00s
[22.599s][info][gc,start       ] GC(218) Pause Young (Allocation Failure)
[22.607s][info][gc,heap        ] GC(218) DefNew: 141218K(157248K)->1385K(157248K) Eden: 139776K(139776K)->0K(139776K) From: 1442K(17472K)->1385K(17472K)
[22.607s][info][gc,heap        ] GC(218) Tenured: 37530K(349568K)->37530K(349568K)
[22.607s][info][gc,metaspace   ] GC(218) Metaspace: 72582K(72960K)->72582K(72960K) NonClass: 57436K(57664K)->57436K(57664K) Class: 15146K(15296K)->15146K(15296K)
[22.607s][info][gc             ] GC(218) Pause Young (Allocation Failure) 174M->38M(494M) 8.210ms
[22.607s][info][gc,cpu         ] GC(218) User=0.00s Sys=0.00s Real=0.00s
[22.642s][info][gc,start       ] GC(219) Pause Young (Allocation Failure)
[22.650s][info][gc,heap        ] GC(219) DefNew: 141161K(157248K)->1486K(157248K) Eden: 139776K(139776K)->0K(139776K) From: 1385K(17472K)->1486K(17472K)
[22.651s][info][gc,heap        ] GC(219) Tenured: 37530K(349568K)->37530K(349568K)
[22.651s][info][gc,metaspace   ] GC(219) Metaspace: 72582K(72960K)->72582K(72960K) NonClass: 57436K(57664K)->57436K(57664K) Class: 15146K(15296K)->15146K(15296K)
[22.651s][info][gc             ] GC(219) Pause Young (Allocation Failure) 174M->38M(494M) 8.454ms
[22.651s][info][gc,cpu         ] GC(219) User=0.00s Sys=0.00s Real=0.00s
[22.686s][info][gc,start       ] GC(220) Pause Young (Allocation Failure)
[22.695s][info][gc,heap        ] GC(220) DefNew: 141262K(157248K)->1437K(157248K) Eden: 139776K(139776K)->0K(139776K) From: 1486K(17472K)->1437K(17472K)
[22.695s][info][gc,heap        ] GC(220) Tenured: 37530K(349568K)->37530K(349568K)
[22.695s][info][gc,metaspace   ] GC(220) Metaspace: 72582K(72960K)->72582K(72960K) NonClass: 57436K(57664K)->57436K(57664K) Class: 15146K(15296K)->15146K(15296K)
[22.695s][info][gc             ] GC(220) Pause Young (Allocation Failure) 174M->38M(494M) 8.370ms
[22.695s][info][gc,cpu         ] GC(220) User=0.00s Sys=0.00s Real=0.00s
[22.730s][info][gc,start       ] GC(221) Pause Young (Allocation Failure)
[22.738s][info][gc,heap        ] GC(221) DefNew: 141213K(157248K)->1404K(157248K) Eden: 139776K(139776K)->0K(139776K) From: 1437K(17472K)->1404K(17472K)
[22.738s][info][gc,heap        ] GC(221) Tenured: 37530K(349568K)->37530K(349568K)
[22.738s][info][gc,metaspace   ] GC(221) Metaspace: 72582K(72960K)->72582K(72960K) NonClass: 57436K(57664K)->57436K(57664K) Class: 15146K(15296K)->15146K(15296K)
[22.738s][info][gc             ] GC(221) Pause Young (Allocation Failure) 174M->38M(494M) 8.369ms
[22.738s][info][gc,cpu         ] GC(221) User=0.00s Sys=0.00s Real=0.00s
[22.773s][info][gc,start       ] GC(222) Pause Young (Allocation Failure)
[22.782s][info][gc,heap        ] GC(222) DefNew: 141180K(157248K)->1391K(157248K) Eden: 139776K(139776K)->0K(139776K) From: 1404K(17472K)->1391K(17472K)
[22.782s][info][gc,heap        ] GC(222) Tenured: 37530K(349568K)->37531K(349568K)
[22.782s][info][gc,metaspace   ] GC(222) Metaspace: 72582K(72960K)->72582K(72960K) NonClass: 57436K(57664K)->57436K(57664K) Class: 15146K(15296K)->15146K(15296K)
[22.782s][info][gc             ] GC(222) Pause Young (Allocation Failure) 174M->38M(494M) 8.231ms
[22.782s][info][gc,cpu         ] GC(222) User=0.00s Sys=0.00s Real=0.01s
[22.817s][info][gc,start       ] GC(223) Pause Young (Allocation Failure)
[22.825s][info][gc,heap        ] GC(223) DefNew: 141167K(157248K)->1483K(157248K) Eden: 139776K(139776K)->0K(139776K) From: 1391K(17472K)->1483K(17472K)
[22.825s][info][gc,heap        ] GC(223) Tenured: 37531K(349568K)->37531K(349568K)
[22.825s][info][gc,metaspace   ] GC(223) Metaspace: 72582K(72960K)->72582K(72960K) NonClass: 57436K(57664K)->57436K(57664K) Class: 15146K(15296K)->15146K(15296K)
[22.826s][info][gc             ] GC(223) Pause Young (Allocation Failure) 174M->38M(494M) 8.466ms
[22.826s][info][gc,cpu         ] GC(223) User=0.00s Sys=0.00s Real=0.00s
[22.861s][info][gc,start       ] GC(224) Pause Young (Allocation Failure)
[22.869s][info][gc,heap        ] GC(224) DefNew: 141259K(157248K)->1375K(157248K) Eden: 139776K(139776K)->0K(139776K) From: 1483K(17472K)->1375K(17472K)
[22.869s][info][gc,heap        ] GC(224) Tenured: 37531K(349568K)->37556K(349568K)
[22.869s][info][gc,metaspace   ] GC(224) Metaspace: 72582K(72960K)->72582K(72960K) NonClass: 57436K(57664K)->57436K(57664K) Class: 15146K(15296K)->15146K(15296K)
[22.869s][info][gc             ] GC(224) Pause Young (Allocation Failure) 174M->38M(494M) 8.112ms
[22.869s][info][gc,cpu         ] GC(224) User=0.00s Sys=0.00s Real=0.00s
[22.904s][info][gc,start       ] GC(225) Pause Young (Allocation Failure)
[22.912s][info][gc,heap        ] GC(225) DefNew: 141151K(157248K)->1407K(157248K) Eden: 139776K(139776K)->0K(139776K) From: 1375K(17472K)->1407K(17472K)
[22.912s][info][gc,heap        ] GC(225) Tenured: 37556K(349568K)->37557K(349568K)
[22.912s][info][gc,metaspace   ] GC(225) Metaspace: 72582K(72960K)->72582K(72960K) NonClass: 57436K(57664K)->57436K(57664K) Class: 15146K(15296K)->15146K(15296K)
[22.912s][info][gc             ] GC(225) Pause Young (Allocation Failure) 174M->38M(494M) 8.200ms
[22.912s][info][gc,cpu         ] GC(225) User=0.00s Sys=0.00s Real=0.00s
[22.947s][info][gc,start       ] GC(226) Pause Young (Allocation Failure)
[22.956s][info][gc,heap        ] GC(226) DefNew: 141183K(157248K)->1432K(157248K) Eden: 139776K(139776K)->0K(139776K) From: 1407K(17472K)->1432K(17472K)
[22.956s][info][gc,heap        ] GC(226) Tenured: 37557K(349568K)->37558K(349568K)
[22.956s][info][gc,metaspace   ] GC(226) Metaspace: 72582K(72960K)->72582K(72960K) NonClass: 57436K(57664K)->57436K(57664K) Class: 15146K(15296K)->15146K(15296K)
[22.956s][info][gc             ] GC(226) Pause Young (Allocation Failure) 174M->38M(494M) 8.939ms
[22.956s][info][gc,cpu         ] GC(226) User=0.00s Sys=0.00s Real=0.00s
[22.992s][info][gc,start       ] GC(227) Pause Young (Allocation Failure)
[23.000s][info][gc,heap        ] GC(227) DefNew: 141208K(157248K)->1397K(157248K) Eden: 139776K(139776K)->0K(139776K) From: 1432K(17472K)->1397K(17472K)
[23.001s][info][gc,heap        ] GC(227) Tenured: 37558K(349568K)->37558K(349568K)
[23.001s][info][gc,metaspace   ] GC(227) Metaspace: 72582K(72960K)->72582K(72960K) NonClass: 57436K(57664K)->57436K(57664K) Class: 15146K(15296K)->15146K(15296K)
[23.001s][info][gc             ] GC(227) Pause Young (Allocation Failure) 174M->38M(494M) 8.869ms
[23.001s][info][gc,cpu         ] GC(227) User=0.00s Sys=0.00s Real=0.00s
[23.036s][info][gc,start       ] GC(228) Pause Young (Allocation Failure)
[23.045s][info][gc,heap        ] GC(228) DefNew: 141173K(157248K)->1407K(157248K) Eden: 139776K(139776K)->0K(139776K) From: 1397K(17472K)->1407K(17472K)
[23.045s][info][gc,heap        ] GC(228) Tenured: 37558K(349568K)->37558K(349568K)
[23.045s][info][gc,metaspace   ] GC(228) Metaspace: 72582K(72960K)->72582K(72960K) NonClass: 57436K(57664K)->57436K(57664K) Class: 15146K(15296K)->15146K(15296K)
[23.045s][info][gc             ] GC(228) Pause Young (Allocation Failure) 174M->38M(494M) 8.762ms
[23.045s][info][gc,cpu         ] GC(228) User=0.00s Sys=0.00s Real=0.00s
[23.080s][info][gc,start       ] GC(229) Pause Young (Allocation Failure)
[23.088s][info][gc,heap        ] GC(229) DefNew: 141183K(157248K)->1359K(157248K) Eden: 139776K(139776K)->0K(139776K) From: 1407K(17472K)->1359K(17472K)
[23.088s][info][gc,heap        ] GC(229) Tenured: 37558K(349568K)->37559K(349568K)
[23.088s][info][gc,metaspace   ] GC(229) Metaspace: 72582K(72960K)->72582K(72960K) NonClass: 57436K(57664K)->57436K(57664K) Class: 15146K(15296K)->15146K(15296K)
[23.088s][info][gc             ] GC(229) Pause Young (Allocation Failure) 174M->38M(494M) 8.113ms
[23.088s][info][gc,cpu         ] GC(229) User=0.00s Sys=0.00s Real=0.00s
[23.123s][info][gc,start       ] GC(230) Pause Young (Allocation Failure)
[23.131s][info][gc,heap        ] GC(230) DefNew: 141135K(157248K)->1407K(157248K) Eden: 139776K(139776K)->0K(139776K) From: 1359K(17472K)->1407K(17472K)
[23.131s][info][gc,heap        ] GC(230) Tenured: 37559K(349568K)->37559K(349568K)
[23.131s][info][gc,metaspace   ] GC(230) Metaspace: 72582K(72960K)->72582K(72960K) NonClass: 57436K(57664K)->57436K(57664K) Class: 15146K(15296K)->15146K(15296K)
[23.131s][info][gc             ] GC(230) Pause Young (Allocation Failure) 174M->38M(494M) 8.255ms
[23.131s][info][gc,cpu         ] GC(230) User=0.00s Sys=0.00s Real=0.00s
[23.167s][info][gc,start       ] GC(231) Pause Young (Allocation Failure)
[23.175s][info][gc,heap        ] GC(231) DefNew: 141183K(157248K)->1341K(157248K) Eden: 139776K(139776K)->0K(139776K) From: 1407K(17472K)->1341K(17472K)
[23.175s][info][gc,heap        ] GC(231) Tenured: 37559K(349568K)->37559K(349568K)
[23.175s][info][gc,metaspace   ] GC(231) Metaspace: 72582K(72960K)->72582K(72960K) NonClass: 57436K(57664K)->57436K(57664K) Class: 15146K(15296K)->15146K(15296K)
[23.175s][info][gc             ] GC(231) Pause Young (Allocation Failure) 174M->37M(494M) 8.081ms
[23.175s][info][gc,cpu         ] GC(231) User=0.00s Sys=0.00s Real=0.01s
[23.210s][info][gc,start       ] GC(232) Pause Young (Allocation Failure)
[23.218s][info][gc,heap        ] GC(232) DefNew: 141117K(157248K)->1476K(157248K) Eden: 139775K(139776K)->0K(139776K) From: 1341K(17472K)->1476K(17472K)
[23.218s][info][gc,heap        ] GC(232) Tenured: 37559K(349568K)->37559K(349568K)
[23.218s][info][gc,metaspace   ] GC(232) Metaspace: 72582K(72960K)->72582K(72960K) NonClass: 57436K(57664K)->57436K(57664K) Class: 15146K(15296K)->15146K(15296K)
[23.218s][info][gc             ] GC(232) Pause Young (Allocation Failure) 174M->38M(494M) 8.564ms
[23.218s][info][gc,cpu         ] GC(232) User=0.00s Sys=0.00s Real=0.00s
[23.254s][info][gc,start       ] GC(233) Pause Young (Allocation Failure)
[23.263s][info][gc,heap        ] GC(233) DefNew: 141252K(157248K)->1435K(157248K) Eden: 139776K(139776K)->0K(139776K) From: 1476K(17472K)->1435K(17472K)
[23.263s][info][gc,heap        ] GC(233) Tenured: 37559K(349568K)->37560K(349568K)
[23.263s][info][gc,metaspace   ] GC(233) Metaspace: 72582K(72960K)->72582K(72960K) NonClass: 57436K(57664K)->57436K(57664K) Class: 15146K(15296K)->15146K(15296K)
[23.263s][info][gc             ] GC(233) Pause Young (Allocation Failure) 174M->38M(494M) 9.115ms
[23.263s][info][gc,cpu         ] GC(233) User=0.00s Sys=0.00s Real=0.00s
[23.298s][info][gc,start       ] GC(234) Pause Young (Allocation Failure)
[23.307s][info][gc,heap        ] GC(234) DefNew: 141211K(157248K)->1449K(157248K) Eden: 139776K(139776K)->0K(139776K) From: 1435K(17472K)->1449K(17472K)
[23.307s][info][gc,heap        ] GC(234) Tenured: 37560K(349568K)->37560K(349568K)
[23.307s][info][gc,metaspace   ] GC(234) Metaspace: 72582K(72960K)->72582K(72960K) NonClass: 57436K(57664K)->57436K(57664K) Class: 15146K(15296K)->15146K(15296K)
[23.308s][info][gc             ] GC(234) Pause Young (Allocation Failure) 174M->38M(494M) 9.392ms
[23.308s][info][gc,cpu         ] GC(234) User=0.00s Sys=0.00s Real=0.00s
[23.343s][info][gc,start       ] GC(235) Pause Young (Allocation Failure)
[23.352s][info][gc,heap        ] GC(235) DefNew: 141225K(157248K)->1441K(157248K) Eden: 139776K(139776K)->0K(139776K) From: 1449K(17472K)->1441K(17472K)
[23.352s][info][gc,heap        ] GC(235) Tenured: 37560K(349568K)->37560K(349568K)
[23.352s][info][gc,metaspace   ] GC(235) Metaspace: 72582K(72960K)->72582K(72960K) NonClass: 57436K(57664K)->57436K(57664K) Class: 15146K(15296K)->15146K(15296K)
[23.352s][info][gc             ] GC(235) Pause Young (Allocation Failure) 174M->38M(494M) 9.006ms
[23.352s][info][gc,cpu         ] GC(235) User=0.00s Sys=0.00s Real=0.00s
[23.387s][info][gc,start       ] GC(236) Pause Young (Allocation Failure)
[23.396s][info][gc,heap        ] GC(236) DefNew: 141217K(157248K)->1458K(157248K) Eden: 139776K(139776K)->0K(139776K) From: 1441K(17472K)->1458K(17472K)
[23.396s][info][gc,heap        ] GC(236) Tenured: 37560K(349568K)->37560K(349568K)
[23.396s][info][gc,metaspace   ] GC(236) Metaspace: 72582K(72960K)->72582K(72960K) NonClass: 57436K(57664K)->57436K(57664K) Class: 15146K(15296K)->15146K(15296K)
[23.396s][info][gc             ] GC(236) Pause Young (Allocation Failure) 174M->38M(494M) 8.423ms
[23.396s][info][gc,cpu         ] GC(236) User=0.00s Sys=0.00s Real=0.00s
[23.431s][info][gc,start       ] GC(237) Pause Young (Allocation Failure)
[23.439s][info][gc,heap        ] GC(237) DefNew: 141234K(157248K)->1424K(157248K) Eden: 139776K(139776K)->0K(139776K) From: 1458K(17472K)->1424K(17472K)
[23.439s][info][gc,heap        ] GC(237) Tenured: 37560K(349568K)->37560K(349568K)
[23.439s][info][gc,metaspace   ] GC(237) Metaspace: 72582K(72960K)->72582K(72960K) NonClass: 57436K(57664K)->57436K(57664K) Class: 15146K(15296K)->15146K(15296K)
[23.439s][info][gc             ] GC(237) Pause Young (Allocation Failure) 174M->38M(494M) 8.196ms
[23.439s][info][gc,cpu         ] GC(237) User=0.00s Sys=0.00s Real=0.00s
[23.479s][info][gc,start       ] GC(238) Pause Young (Allocation Failure)
[23.488s][info][gc,heap        ] GC(238) DefNew: 141200K(157248K)->1461K(157248K) Eden: 139776K(139776K)->0K(139776K) From: 1424K(17472K)->1461K(17472K)
[23.488s][info][gc,heap        ] GC(238) Tenured: 37560K(349568K)->37560K(349568K)
[23.488s][info][gc,metaspace   ] GC(238) Metaspace: 72582K(72960K)->72582K(72960K) NonClass: 57436K(57664K)->57436K(57664K) Class: 15146K(15296K)->15146K(15296K)
[23.488s][info][gc             ] GC(238) Pause Young (Allocation Failure) 174M->38M(494M) 8.445ms
[23.488s][info][gc,cpu         ] GC(238) User=0.00s Sys=0.00s Real=0.00s
[23.523s][info][gc,start       ] GC(239) Pause Young (Allocation Failure)
[23.531s][info][gc,heap        ] GC(239) DefNew: 141237K(157248K)->1501K(157248K) Eden: 139776K(139776K)->0K(139776K) From: 1461K(17472K)->1501K(17472K)
[23.531s][info][gc,heap        ] GC(239) Tenured: 37560K(349568K)->37560K(349568K)
[23.531s][info][gc,metaspace   ] GC(239) Metaspace: 72582K(72960K)->72582K(72960K) NonClass: 57436K(57664K)->57436K(57664K) Class: 15146K(15296K)->15146K(15296K)
[23.532s][info][gc             ] GC(239) Pause Young (Allocation Failure) 174M->38M(494M) 8.636ms
[23.532s][info][gc,cpu         ] GC(239) User=0.00s Sys=0.00s Real=0.00s
[23.567s][info][gc,start       ] GC(240) Pause Young (Allocation Failure)
[23.575s][info][gc,heap        ] GC(240) DefNew: 141277K(157248K)->1456K(157248K) Eden: 139776K(139776K)->0K(139776K) From: 1501K(17472K)->1456K(17472K)
[23.575s][info][gc,heap        ] GC(240) Tenured: 37560K(349568K)->37560K(349568K)
[23.575s][info][gc,metaspace   ] GC(240) Metaspace: 72583K(72960K)->72583K(72960K) NonClass: 57437K(57664K)->57437K(57664K) Class: 15146K(15296K)->15146K(15296K)
[23.575s][info][gc             ] GC(240) Pause Young (Allocation Failure) 174M->38M(494M) 8.361ms
[23.575s][info][gc,cpu         ] GC(240) User=0.00s Sys=0.00s Real=0.00s
[23.611s][info][gc,start       ] GC(241) Pause Young (Allocation Failure)
[23.620s][info][gc,heap        ] GC(241) DefNew: 141232K(157248K)->1416K(157248K) Eden: 139776K(139776K)->0K(139776K) From: 1456K(17472K)->1416K(17472K)
[23.620s][info][gc,heap        ] GC(241) Tenured: 37560K(349568K)->37561K(349568K)
[23.620s][info][gc,metaspace   ] GC(241) Metaspace: 72583K(72960K)->72583K(72960K) NonClass: 57437K(57664K)->57437K(57664K) Class: 15146K(15296K)->15146K(15296K)
[23.620s][info][gc             ] GC(241) Pause Young (Allocation Failure) 174M->38M(494M) 8.928ms
[23.620s][info][gc,cpu         ] GC(241) User=0.00s Sys=0.00s Real=0.00s
[23.655s][info][gc,start       ] GC(242) Pause Young (Allocation Failure)
[23.664s][info][gc,heap        ] GC(242) DefNew: 141192K(157248K)->1494K(157248K) Eden: 139776K(139776K)->0K(139776K) From: 1416K(17472K)->1494K(17472K)
[23.664s][info][gc,heap        ] GC(242) Tenured: 37561K(349568K)->37561K(349568K)
[23.664s][info][gc,metaspace   ] GC(242) Metaspace: 72583K(72960K)->72583K(72960K) NonClass: 57437K(57664K)->57437K(57664K) Class: 15146K(15296K)->15146K(15296K)
[23.664s][info][gc             ] GC(242) Pause Young (Allocation Failure) 174M->38M(494M) 9.078ms
[23.664s][info][gc,cpu         ] GC(242) User=0.00s Sys=0.00s Real=0.00s
[23.700s][info][gc,start       ] GC(243) Pause Young (Allocation Failure)
[23.708s][info][gc,heap        ] GC(243) DefNew: 141270K(157248K)->1448K(157248K) Eden: 139775K(139776K)->0K(139776K) From: 1494K(17472K)->1448K(17472K)
[23.708s][info][gc,heap        ] GC(243) Tenured: 37561K(349568K)->37562K(349568K)
[23.708s][info][gc,metaspace   ] GC(243) Metaspace: 72583K(72960K)->72583K(72960K) NonClass: 57437K(57664K)->57437K(57664K) Class: 15146K(15296K)->15146K(15296K)
[23.708s][info][gc             ] GC(243) Pause Young (Allocation Failure) 174M->38M(494M) 8.385ms
[23.708s][info][gc,cpu         ] GC(243) User=0.00s Sys=0.00s Real=0.00s
[23.743s][info][gc,start       ] GC(244) Pause Young (Allocation Failure)
[23.751s][info][gc,heap        ] GC(244) DefNew: 141224K(157248K)->1468K(157248K) Eden: 139776K(139776K)->0K(139776K) From: 1448K(17472K)->1468K(17472K)
[23.751s][info][gc,heap        ] GC(244) Tenured: 37562K(349568K)->37562K(349568K)
[23.751s][info][gc,metaspace   ] GC(244) Metaspace: 72583K(72960K)->72583K(72960K) NonClass: 57437K(57664K)->57437K(57664K) Class: 15146K(15296K)->15146K(15296K)
[23.751s][info][gc             ] GC(244) Pause Young (Allocation Failure) 174M->38M(494M) 8.362ms
[23.751s][info][gc,cpu         ] GC(244) User=0.00s Sys=0.00s Real=0.00s
[23.787s][info][gc,start       ] GC(245) Pause Young (Allocation Failure)
[23.795s][info][gc,heap        ] GC(245) DefNew: 141244K(157248K)->1490K(157248K) Eden: 139776K(139776K)->0K(139776K) From: 1468K(17472K)->1490K(17472K)
[23.795s][info][gc,heap        ] GC(245) Tenured: 37562K(349568K)->37562K(349568K)
[23.795s][info][gc,metaspace   ] GC(245) Metaspace: 72583K(72960K)->72583K(72960K) NonClass: 57437K(57664K)->57437K(57664K) Class: 15146K(15296K)->15146K(15296K)
[23.795s][info][gc             ] GC(245) Pause Young (Allocation Failure) 174M->38M(494M) 8.685ms
[23.795s][info][gc,cpu         ] GC(245) User=0.00s Sys=0.00s Real=0.00s
[23.831s][info][gc,start       ] GC(246) Pause Young (Allocation Failure)
[23.839s][info][gc,heap        ] GC(246) DefNew: 141266K(157248K)->1430K(157248K) Eden: 139776K(139776K)->0K(139776K) From: 1490K(17472K)->1430K(17472K)
[23.839s][info][gc,heap        ] GC(246) Tenured: 37562K(349568K)->37562K(349568K)
[23.839s][info][gc,metaspace   ] GC(246) Metaspace: 72583K(72960K)->72583K(72960K) NonClass: 57437K(57664K)->57437K(57664K) Class: 15146K(15296K)->15146K(15296K)
[23.839s][info][gc             ] GC(246) Pause Young (Allocation Failure) 174M->38M(494M) 8.374ms
[23.839s][info][gc,cpu         ] GC(246) User=0.00s Sys=0.00s Real=0.00s
[23.874s][info][gc,start       ] GC(247) Pause Young (Allocation Failure)
[23.883s][info][gc,heap        ] GC(247) DefNew: 141206K(157248K)->1408K(157248K) Eden: 139776K(139776K)->0K(139776K) From: 1430K(17472K)->1408K(17472K)
[23.883s][info][gc,heap        ] GC(247) Tenured: 37562K(349568K)->37592K(349568K)
[23.883s][info][gc,metaspace   ] GC(247) Metaspace: 72583K(72960K)->72583K(72960K) NonClass: 57437K(57664K)->57437K(57664K) Class: 15146K(15296K)->15146K(15296K)
[23.883s][info][gc             ] GC(247) Pause Young (Allocation Failure) 174M->38M(494M) 9.165ms
[23.883s][info][gc,cpu         ] GC(247) User=0.00s Sys=0.00s Real=0.00s
[23.919s][info][gc,start       ] GC(248) Pause Young (Allocation Failure)
[23.927s][info][gc,heap        ] GC(248) DefNew: 141184K(157248K)->1375K(157248K) Eden: 139776K(139776K)->0K(139776K) From: 1408K(17472K)->1375K(17472K)
[23.927s][info][gc,heap        ] GC(248) Tenured: 37592K(349568K)->37592K(349568K)
[23.927s][info][gc,metaspace   ] GC(248) Metaspace: 72583K(72960K)->72583K(72960K) NonClass: 57437K(57664K)->57437K(57664K) Class: 15146K(15296K)->15146K(15296K)
[23.927s][info][gc             ] GC(248) Pause Young (Allocation Failure) 174M->38M(494M) 8.533ms
[23.927s][info][gc,cpu         ] GC(248) User=0.00s Sys=0.00s Real=0.00s
[23.963s][info][gc,start       ] GC(249) Pause Young (Allocation Failure)
[23.971s][info][gc,heap        ] GC(249) DefNew: 141151K(157248K)->1422K(157248K) Eden: 139776K(139776K)->0K(139776K) From: 1375K(17472K)->1422K(17472K)
[23.971s][info][gc,heap        ] GC(249) Tenured: 37592K(349568K)->37593K(349568K)
[23.971s][info][gc,metaspace   ] GC(249) Metaspace: 72583K(72960K)->72583K(72960K) NonClass: 57437K(57664K)->57437K(57664K) Class: 15146K(15296K)->15146K(15296K)
[23.971s][info][gc             ] GC(249) Pause Young (Allocation Failure) 174M->38M(494M) 8.365ms
[23.971s][info][gc,cpu         ] GC(249) User=0.00s Sys=0.00s Real=0.00s
[24.006s][info][gc,start       ] GC(250) Pause Young (Allocation Failure)
[24.015s][info][gc,heap        ] GC(250) DefNew: 141198K(157248K)->1428K(157248K) Eden: 139776K(139776K)->0K(139776K) From: 1422K(17472K)->1428K(17472K)
[24.015s][info][gc,heap        ] GC(250) Tenured: 37593K(349568K)->37593K(349568K)
[24.015s][info][gc,metaspace   ] GC(250) Metaspace: 72583K(72960K)->72583K(72960K) NonClass: 57437K(57664K)->57437K(57664K) Class: 15146K(15296K)->15146K(15296K)
[24.015s][info][gc             ] GC(250) Pause Young (Allocation Failure) 174M->38M(494M) 9.204ms
[24.015s][info][gc,cpu         ] GC(250) User=0.02s Sys=0.00s Real=0.01s
[24.051s][info][gc,start       ] GC(251) Pause Young (Allocation Failure)
[24.059s][info][gc,heap        ] GC(251) DefNew: 141204K(157248K)->1384K(157248K) Eden: 139776K(139776K)->0K(139776K) From: 1428K(17472K)->1384K(17472K)
[24.059s][info][gc,heap        ] GC(251) Tenured: 37593K(349568K)->37593K(349568K)
[24.059s][info][gc,metaspace   ] GC(251) Metaspace: 72583K(72960K)->72583K(72960K) NonClass: 57437K(57664K)->57437K(57664K) Class: 15146K(15296K)->15146K(15296K)
[24.059s][info][gc             ] GC(251) Pause Young (Allocation Failure) 174M->38M(494M) 8.650ms
[24.059s][info][gc,cpu         ] GC(251) User=0.00s Sys=0.00s Real=0.00s
[24.094s][info][gc,start       ] GC(252) Pause Young (Allocation Failure)
[24.103s][info][gc,heap        ] GC(252) DefNew: 141160K(157248K)->1401K(157248K) Eden: 139776K(139776K)->0K(139776K) From: 1384K(17472K)->1401K(17472K)
[24.103s][info][gc,heap        ] GC(252) Tenured: 37593K(349568K)->37593K(349568K)
[24.103s][info][gc,metaspace   ] GC(252) Metaspace: 72583K(72960K)->72583K(72960K) NonClass: 57437K(57664K)->57437K(57664K) Class: 15146K(15296K)->15146K(15296K)
[24.103s][info][gc             ] GC(252) Pause Young (Allocation Failure) 174M->38M(494M) 8.420ms
[24.103s][info][gc,cpu         ] GC(252) User=0.00s Sys=0.00s Real=0.00s
[24.138s][info][gc,start       ] GC(253) Pause Young (Allocation Failure)
[24.146s][info][gc,heap        ] GC(253) DefNew: 141177K(157248K)->1445K(157248K) Eden: 139776K(139776K)->0K(139776K) From: 1401K(17472K)->1445K(17472K)
[24.146s][info][gc,heap        ] GC(253) Tenured: 37593K(349568K)->37593K(349568K)
[24.146s][info][gc,metaspace   ] GC(253) Metaspace: 72583K(72960K)->72583K(72960K) NonClass: 57437K(57664K)->57437K(57664K) Class: 15146K(15296K)->15146K(15296K)
[24.146s][info][gc             ] GC(253) Pause Young (Allocation Failure) 174M->38M(494M) 8.480ms
[24.146s][info][gc,cpu         ] GC(253) User=0.00s Sys=0.00s Real=0.01s
[24.182s][info][gc,start       ] GC(254) Pause Young (Allocation Failure)
[24.190s][info][gc,heap        ] GC(254) DefNew: 141221K(157248K)->1413K(157248K) Eden: 139776K(139776K)->0K(139776K) From: 1445K(17472K)->1413K(17472K)
[24.190s][info][gc,heap        ] GC(254) Tenured: 37593K(349568K)->37594K(349568K)
[24.190s][info][gc,metaspace   ] GC(254) Metaspace: 72583K(72960K)->72583K(72960K) NonClass: 57437K(57664K)->57437K(57664K) Class: 15146K(15296K)->15146K(15296K)
[24.190s][info][gc             ] GC(254) Pause Young (Allocation Failure) 174M->38M(494M) 8.409ms
[24.190s][info][gc,cpu         ] GC(254) User=0.00s Sys=0.00s Real=0.00s
[24.225s][info][gc,start       ] GC(255) Pause Young (Allocation Failure)
[24.234s][info][gc,heap        ] GC(255) DefNew: 141189K(157248K)->1446K(157248K) Eden: 139776K(139776K)->0K(139776K) From: 1413K(17472K)->1446K(17472K)
[24.234s][info][gc,heap        ] GC(255) Tenured: 37594K(349568K)->37607K(349568K)
[24.234s][info][gc,metaspace   ] GC(255) Metaspace: 72583K(72960K)->72583K(72960K) NonClass: 57437K(57664K)->57437K(57664K) Class: 15146K(15296K)->15146K(15296K)
[24.234s][info][gc             ] GC(255) Pause Young (Allocation Failure) 174M->38M(494M) 9.221ms
[24.235s][info][gc,cpu         ] GC(255) User=0.02s Sys=0.00s Real=0.00s
[24.270s][info][gc,start       ] GC(256) Pause Young (Allocation Failure)
[24.279s][info][gc,heap        ] GC(256) DefNew: 141222K(157248K)->1429K(157248K) Eden: 139776K(139776K)->0K(139776K) From: 1446K(17472K)->1429K(17472K)
[24.279s][info][gc,heap        ] GC(256) Tenured: 37607K(349568K)->37607K(349568K)
[24.279s][info][gc,metaspace   ] GC(256) Metaspace: 72583K(72960K)->72583K(72960K) NonClass: 57437K(57664K)->57437K(57664K) Class: 15146K(15296K)->15146K(15296K)
[24.279s][info][gc             ] GC(256) Pause Young (Allocation Failure) 174M->38M(494M) 8.894ms
[24.279s][info][gc,cpu         ] GC(256) User=0.00s Sys=0.00s Real=0.00s
[24.314s][info][gc,start       ] GC(257) Pause Young (Allocation Failure)
[24.323s][info][gc,heap        ] GC(257) DefNew: 141205K(157248K)->1393K(157248K) Eden: 139776K(139776K)->0K(139776K) From: 1429K(17472K)->1393K(17472K)
[24.323s][info][gc,heap        ] GC(257) Tenured: 37607K(349568K)->37608K(349568K)
[24.323s][info][gc,metaspace   ] GC(257) Metaspace: 72583K(72960K)->72583K(72960K) NonClass: 57437K(57664K)->57437K(57664K) Class: 15146K(15296K)->15146K(15296K)
[24.323s][info][gc             ] GC(257) Pause Young (Allocation Failure) 174M->38M(494M) 8.995ms
[24.323s][info][gc,cpu         ] GC(257) User=0.00s Sys=0.00s Real=0.00s
[24.359s][info][gc,start       ] GC(258) Pause Young (Allocation Failure)
[24.367s][info][gc,heap        ] GC(258) DefNew: 141169K(157248K)->1430K(157248K) Eden: 139776K(139776K)->0K(139776K) From: 1393K(17472K)->1430K(17472K)
[24.368s][info][gc,heap        ] GC(258) Tenured: 37608K(349568K)->37608K(349568K)
[24.368s][info][gc,metaspace   ] GC(258) Metaspace: 72583K(72960K)->72583K(72960K) NonClass: 57437K(57664K)->57437K(57664K) Class: 15146K(15296K)->15146K(15296K)
[24.368s][info][gc             ] GC(258) Pause Young (Allocation Failure) 174M->38M(494M) 8.979ms
[24.368s][info][gc,cpu         ] GC(258) User=0.00s Sys=0.00s Real=0.00s
[24.403s][info][gc,start       ] GC(259) Pause Young (Allocation Failure)
[24.412s][info][gc,heap        ] GC(259) DefNew: 141206K(157248K)->1457K(157248K) Eden: 139776K(139776K)->0K(139776K) From: 1430K(17472K)->1457K(17472K)
[24.412s][info][gc,heap        ] GC(259) Tenured: 37608K(349568K)->37608K(349568K)
[24.412s][info][gc,metaspace   ] GC(259) Metaspace: 72583K(72960K)->72583K(72960K) NonClass: 57437K(57664K)->57437K(57664K) Class: 15146K(15296K)->15146K(15296K)
[24.412s][info][gc             ] GC(259) Pause Young (Allocation Failure) 174M->38M(494M) 9.254ms
[24.412s][info][gc,cpu         ] GC(259) User=0.00s Sys=0.00s Real=0.00s
[24.448s][info][gc,start       ] GC(260) Pause Young (Allocation Failure)
[24.456s][info][gc,heap        ] GC(260) DefNew: 141233K(157248K)->1416K(157248K) Eden: 139776K(139776K)->0K(139776K) From: 1457K(17472K)->1416K(17472K)
[24.456s][info][gc,heap        ] GC(260) Tenured: 37608K(349568K)->37609K(349568K)
[24.456s][info][gc,metaspace   ] GC(260) Metaspace: 72583K(72960K)->72583K(72960K) NonClass: 57437K(57664K)->57437K(57664K) Class: 15146K(15296K)->15146K(15296K)
[24.456s][info][gc             ] GC(260) Pause Young (Allocation Failure) 174M->38M(494M) 8.824ms
[24.456s][info][gc,cpu         ] GC(260) User=0.00s Sys=0.00s Real=0.00s
[24.492s][info][gc,start       ] GC(261) Pause Young (Allocation Failure)
[24.500s][info][gc,heap        ] GC(261) DefNew: 141192K(157248K)->1443K(157248K) Eden: 139776K(139776K)->0K(139776K) From: 1416K(17472K)->1443K(17472K)
[24.500s][info][gc,heap        ] GC(261) Tenured: 37609K(349568K)->37610K(349568K)
[24.500s][info][gc,metaspace   ] GC(261) Metaspace: 72583K(72960K)->72583K(72960K) NonClass: 57437K(57664K)->57437K(57664K) Class: 15146K(15296K)->15146K(15296K)
[24.500s][info][gc             ] GC(261) Pause Young (Allocation Failure) 174M->38M(494M) 8.393ms
[24.500s][info][gc,cpu         ] GC(261) User=0.00s Sys=0.00s Real=0.00s
[24.535s][info][gc,start       ] GC(262) Pause Young (Allocation Failure)
[24.543s][info][gc,heap        ] GC(262) DefNew: 141219K(157248K)->1428K(157248K) Eden: 139776K(139776K)->0K(139776K) From: 1443K(17472K)->1428K(17472K)
[24.543s][info][gc,heap        ] GC(262) Tenured: 37610K(349568K)->37610K(349568K)
[24.543s][info][gc,metaspace   ] GC(262) Metaspace: 72583K(72960K)->72583K(72960K) NonClass: 57437K(57664K)->57437K(57664K) Class: 15146K(15296K)->15146K(15296K)
[24.543s][info][gc             ] GC(262) Pause Young (Allocation Failure) 174M->38M(494M) 8.310ms
[24.543s][info][gc,cpu         ] GC(262) User=0.02s Sys=0.00s Real=0.01s
[24.578s][info][gc,start       ] GC(263) Pause Young (Allocation Failure)
[24.587s][info][gc,heap        ] GC(263) DefNew: 141204K(157248K)->1416K(157248K) Eden: 139776K(139776K)->0K(139776K) From: 1428K(17472K)->1416K(17472K)
[24.587s][info][gc,heap        ] GC(263) Tenured: 37610K(349568K)->37611K(349568K)
[24.587s][info][gc,metaspace   ] GC(263) Metaspace: 72583K(72960K)->72583K(72960K) NonClass: 57437K(57664K)->57437K(57664K) Class: 15146K(15296K)->15146K(15296K)
[24.588s][info][gc             ] GC(263) Pause Young (Allocation Failure) 174M->38M(494M) 9.075ms
[24.588s][info][gc,cpu         ] GC(263) User=0.00s Sys=0.00s Real=0.00s
[24.623s][info][gc,start       ] GC(264) Pause Young (Allocation Failure)
[24.632s][info][gc,heap        ] GC(264) DefNew: 141192K(157248K)->1449K(157248K) Eden: 139776K(139776K)->0K(139776K) From: 1416K(17472K)->1449K(17472K)
[24.632s][info][gc,heap        ] GC(264) Tenured: 37611K(349568K)->37612K(349568K)
[24.632s][info][gc,metaspace   ] GC(264) Metaspace: 72583K(72960K)->72583K(72960K) NonClass: 57437K(57664K)->57437K(57664K) Class: 15146K(15296K)->15146K(15296K)
[24.632s][info][gc             ] GC(264) Pause Young (Allocation Failure) 174M->38M(494M) 8.890ms
[24.632s][info][gc,cpu         ] GC(264) User=0.00s Sys=0.00s Real=0.00s
[24.667s][info][gc,start       ] GC(265) Pause Young (Allocation Failure)
[24.676s][info][gc,heap        ] GC(265) DefNew: 141225K(157248K)->1445K(157248K) Eden: 139776K(139776K)->0K(139776K) From: 1449K(17472K)->1445K(17472K)
[24.676s][info][gc,heap        ] GC(265) Tenured: 37612K(349568K)->37612K(349568K)
[24.676s][info][gc,metaspace   ] GC(265) Metaspace: 72583K(72960K)->72583K(72960K) NonClass: 57437K(57664K)->57437K(57664K) Class: 15146K(15296K)->15146K(15296K)
[24.676s][info][gc             ] GC(265) Pause Young (Allocation Failure) 174M->38M(494M) 8.389ms
[24.676s][info][gc,cpu         ] GC(265) User=0.00s Sys=0.00s Real=0.00s
[24.711s][info][gc,start       ] GC(266) Pause Young (Allocation Failure)
[24.719s][info][gc,heap        ] GC(266) DefNew: 141221K(157248K)->1470K(157248K) Eden: 139776K(139776K)->0K(139776K) From: 1445K(17472K)->1470K(17472K)
[24.719s][info][gc,heap        ] GC(266) Tenured: 37612K(349568K)->37612K(349568K)
[24.719s][info][gc,metaspace   ] GC(266) Metaspace: 72583K(72960K)->72583K(72960K) NonClass: 57437K(57664K)->57437K(57664K) Class: 15146K(15296K)->15146K(15296K)
[24.719s][info][gc             ] GC(266) Pause Young (Allocation Failure) 174M->38M(494M) 8.511ms
[24.719s][info][gc,cpu         ] GC(266) User=0.00s Sys=0.00s Real=0.01s
[24.755s][info][gc,start       ] GC(267) Pause Young (Allocation Failure)
[24.764s][info][gc,heap        ] GC(267) DefNew: 141246K(157248K)->1459K(157248K) Eden: 139776K(139776K)->0K(139776K) From: 1470K(17472K)->1459K(17472K)
[24.764s][info][gc,heap        ] GC(267) Tenured: 37612K(349568K)->37612K(349568K)
[24.764s][info][gc,metaspace   ] GC(267) Metaspace: 72583K(72960K)->72583K(72960K) NonClass: 57437K(57664K)->57437K(57664K) Class: 15146K(15296K)->15146K(15296K)
[24.764s][info][gc             ] GC(267) Pause Young (Allocation Failure) 174M->38M(494M) 9.259ms
[24.764s][info][gc,cpu         ] GC(267) User=0.00s Sys=0.00s Real=0.00s
[24.799s][info][gc,start       ] GC(268) Pause Young (Allocation Failure)
[24.808s][info][gc,heap        ] GC(268) DefNew: 141235K(157248K)->1374K(157248K) Eden: 139776K(139776K)->0K(139776K) From: 1459K(17472K)->1374K(17472K)
[24.808s][info][gc,heap        ] GC(268) Tenured: 37612K(349568K)->37612K(349568K)
[24.808s][info][gc,metaspace   ] GC(268) Metaspace: 72583K(72960K)->72583K(72960K) NonClass: 57437K(57664K)->57437K(57664K) Class: 15146K(15296K)->15146K(15296K)
[24.808s][info][gc             ] GC(268) Pause Young (Allocation Failure) 174M->38M(494M) 8.919ms
[24.808s][info][gc,cpu         ] GC(268) User=0.00s Sys=0.00s Real=0.00s
[24.843s][info][gc,start       ] GC(269) Pause Young (Allocation Failure)
[24.852s][info][gc,heap        ] GC(269) DefNew: 141150K(157248K)->1380K(157248K) Eden: 139776K(139776K)->0K(139776K) From: 1374K(17472K)->1380K(17472K)
[24.852s][info][gc,heap        ] GC(269) Tenured: 37612K(349568K)->37612K(349568K)
[24.852s][info][gc,metaspace   ] GC(269) Metaspace: 72583K(72960K)->72583K(72960K) NonClass: 57437K(57664K)->57437K(57664K) Class: 15146K(15296K)->15146K(15296K)
[24.852s][info][gc             ] GC(269) Pause Young (Allocation Failure) 174M->38M(494M) 8.542ms
[24.852s][info][gc,cpu         ] GC(269) User=0.00s Sys=0.00s Real=0.00s
[24.887s][info][gc,start       ] GC(270) Pause Young (Allocation Failure)
[24.895s][info][gc,heap        ] GC(270) DefNew: 141156K(157248K)->1414K(157248K) Eden: 139776K(139776K)->0K(139776K) From: 1380K(17472K)->1414K(17472K)
[24.895s][info][gc,heap        ] GC(270) Tenured: 37612K(349568K)->37639K(349568K)
[24.895s][info][gc,metaspace   ] GC(270) Metaspace: 72583K(72960K)->72583K(72960K) NonClass: 57437K(57664K)->57437K(57664K) Class: 15146K(15296K)->15146K(15296K)
[24.895s][info][gc             ] GC(270) Pause Young (Allocation Failure) 174M->38M(494M) 8.340ms
[24.895s][info][gc,cpu         ] GC(270) User=0.00s Sys=0.00s Real=0.00s
[24.930s][info][gc,start       ] GC(271) Pause Young (Allocation Failure)
[24.939s][info][gc,heap        ] GC(271) DefNew: 141190K(157248K)->1447K(157248K) Eden: 139776K(139776K)->0K(139776K) From: 1414K(17472K)->1447K(17472K)
[24.939s][info][gc,heap        ] GC(271) Tenured: 37639K(349568K)->37639K(349568K)
[24.939s][info][gc,metaspace   ] GC(271) Metaspace: 72583K(72960K)->72583K(72960K) NonClass: 57437K(57664K)->57437K(57664K) Class: 15146K(15296K)->15146K(15296K)
[24.939s][info][gc             ] GC(271) Pause Young (Allocation Failure) 174M->38M(494M) 8.378ms
[24.939s][info][gc,cpu         ] GC(271) User=0.00s Sys=0.00s Real=0.00s
[24.974s][info][gc,start       ] GC(272) Pause Young (Allocation Failure)
[24.983s][info][gc,heap        ] GC(272) DefNew: 141223K(157248K)->1360K(157248K) Eden: 139776K(139776K)->0K(139776K) From: 1447K(17472K)->1360K(17472K)
[24.983s][info][gc,heap        ] GC(272) Tenured: 37639K(349568K)->37640K(349568K)
[24.983s][info][gc,metaspace   ] GC(272) Metaspace: 72583K(72960K)->72583K(72960K) NonClass: 57437K(57664K)->57437K(57664K) Class: 15146K(15296K)->15146K(15296K)
[24.983s][info][gc             ] GC(272) Pause Young (Allocation Failure) 174M->38M(494M) 8.691ms
[24.983s][info][gc,cpu         ] GC(272) User=0.00s Sys=0.00s Real=0.00s
[25.018s][info][gc,start       ] GC(273) Pause Young (Allocation Failure)
[25.026s][info][gc,heap        ] GC(273) DefNew: 141136K(157248K)->1358K(157248K) Eden: 139776K(139776K)->0K(139776K) From: 1360K(17472K)->1358K(17472K)
[25.026s][info][gc,heap        ] GC(273) Tenured: 37640K(349568K)->37641K(349568K)
[25.026s][info][gc,metaspace   ] GC(273) Metaspace: 72583K(72960K)->72583K(72960K) NonClass: 57437K(57664K)->57437K(57664K) Class: 15146K(15296K)->15146K(15296K)
[25.026s][info][gc             ] GC(273) Pause Young (Allocation Failure) 174M->38M(494M) 8.494ms
[25.026s][info][gc,cpu         ] GC(273) User=0.00s Sys=0.00s Real=0.00s
[25.061s][info][gc,start       ] GC(274) Pause Young (Allocation Failure)
[25.070s][info][gc,heap        ] GC(274) DefNew: 141134K(157248K)->1413K(157248K) Eden: 139776K(139776K)->0K(139776K) From: 1358K(17472K)->1413K(17472K)
[25.070s][info][gc,heap        ] GC(274) Tenured: 37641K(349568K)->37641K(349568K)
[25.070s][info][gc,metaspace   ] GC(274) Metaspace: 72583K(72960K)->72583K(72960K) NonClass: 57437K(57664K)->57437K(57664K) Class: 15146K(15296K)->15146K(15296K)
[25.070s][info][gc             ] GC(274) Pause Young (Allocation Failure) 174M->38M(494M) 8.335ms
[25.070s][info][gc,cpu         ] GC(274) User=0.00s Sys=0.00s Real=0.01s
[25.105s][info][gc,start       ] GC(275) Pause Young (Allocation Failure)
[25.114s][info][gc,heap        ] GC(275) DefNew: 141189K(157248K)->1426K(157248K) Eden: 139776K(139776K)->0K(139776K) From: 1413K(17472K)->1426K(17472K)
[25.114s][info][gc,heap        ] GC(275) Tenured: 37641K(349568K)->37641K(349568K)
[25.114s][info][gc,metaspace   ] GC(275) Metaspace: 72583K(72960K)->72583K(72960K) NonClass: 57437K(57664K)->57437K(57664K) Class: 15146K(15296K)->15146K(15296K)
[25.114s][info][gc             ] GC(275) Pause Young (Allocation Failure) 174M->38M(494M) 8.987ms
[25.114s][info][gc,cpu         ] GC(275) User=0.00s Sys=0.00s Real=0.00s
[25.150s][info][gc,start       ] GC(276) Pause Young (Allocation Failure)
[25.158s][info][gc,heap        ] GC(276) DefNew: 141202K(157248K)->1340K(157248K) Eden: 139776K(139776K)->0K(139776K) From: 1426K(17472K)->1340K(17472K)
[25.158s][info][gc,heap        ] GC(276) Tenured: 37641K(349568K)->37641K(349568K)
[25.158s][info][gc,metaspace   ] GC(276) Metaspace: 72583K(72960K)->72583K(72960K) NonClass: 57437K(57664K)->57437K(57664K) Class: 15146K(15296K)->15146K(15296K)
[25.158s][info][gc             ] GC(276) Pause Young (Allocation Failure) 174M->38M(494M) 8.486ms
[25.158s][info][gc,cpu         ] GC(276) User=0.00s Sys=0.00s Real=0.00s
[25.195s][info][gc,start       ] GC(277) Pause Young (Allocation Failure)
[25.203s][info][gc,heap        ] GC(277) DefNew: 141116K(157248K)->1432K(157248K) Eden: 139776K(139776K)->0K(139776K) From: 1340K(17472K)->1432K(17472K)
[25.203s][info][gc,heap        ] GC(277) Tenured: 37641K(349568K)->37642K(349568K)
[25.203s][info][gc,metaspace   ] GC(277) Metaspace: 72594K(72960K)->72594K(72960K) NonClass: 57448K(57664K)->57448K(57664K) Class: 15146K(15296K)->15146K(15296K)
[25.203s][info][gc             ] GC(277) Pause Young (Allocation Failure) 174M->38M(494M) 8.619ms
[25.203s][info][gc,cpu         ] GC(277) User=0.00s Sys=0.00s Real=0.00s
[25.239s][info][gc,start       ] GC(278) Pause Young (Allocation Failure)
[25.247s][info][gc,heap        ] GC(278) DefNew: 141208K(157248K)->1432K(157248K) Eden: 139776K(139776K)->0K(139776K) From: 1432K(17472K)->1432K(17472K)
[25.247s][info][gc,heap        ] GC(278) Tenured: 37642K(349568K)->37642K(349568K)
[25.247s][info][gc,metaspace   ] GC(278) Metaspace: 72594K(72960K)->72594K(72960K) NonClass: 57448K(57664K)->57448K(57664K) Class: 15146K(15296K)->15146K(15296K)
[25.247s][info][gc             ] GC(278) Pause Young (Allocation Failure) 174M->38M(494M) 8.419ms
[25.247s][info][gc,cpu         ] GC(278) User=0.00s Sys=0.00s Real=0.00s
[25.282s][info][gc,start       ] GC(279) Pause Young (Allocation Failure)
[25.291s][info][gc,heap        ] GC(279) DefNew: 141208K(157248K)->1464K(157248K) Eden: 139776K(139776K)->0K(139776K) From: 1432K(17472K)->1464K(17472K)
[25.291s][info][gc,heap        ] GC(279) Tenured: 37642K(349568K)->37643K(349568K)
[25.291s][info][gc,metaspace   ] GC(279) Metaspace: 72594K(72960K)->72594K(72960K) NonClass: 57448K(57664K)->57448K(57664K) Class: 15146K(15296K)->15146K(15296K)
[25.291s][info][gc             ] GC(279) Pause Young (Allocation Failure) 174M->38M(494M) 8.681ms
[25.291s][info][gc,cpu         ] GC(279) User=0.02s Sys=0.00s Real=0.01s
[25.326s][info][gc,start       ] GC(280) Pause Young (Allocation Failure)
[25.335s][info][gc,heap        ] GC(280) DefNew: 141240K(157248K)->1395K(157248K) Eden: 139776K(139776K)->0K(139776K) From: 1464K(17472K)->1395K(17472K)
[25.335s][info][gc,heap        ] GC(280) Tenured: 37643K(349568K)->37643K(349568K)
[25.335s][info][gc,metaspace   ] GC(280) Metaspace: 72594K(72960K)->72594K(72960K) NonClass: 57448K(57664K)->57448K(57664K) Class: 15146K(15296K)->15146K(15296K)
[25.335s][info][gc             ] GC(280) Pause Young (Allocation Failure) 174M->38M(494M) 9.095ms
[25.335s][info][gc,cpu         ] GC(280) User=0.00s Sys=0.00s Real=0.00s
[25.371s][info][gc,start       ] GC(281) Pause Young (Allocation Failure)
[25.380s][info][gc,heap        ] GC(281) DefNew: 141171K(157248K)->1428K(157248K) Eden: 139776K(139776K)->0K(139776K) From: 1395K(17472K)->1428K(17472K)
[25.380s][info][gc,heap        ] GC(281) Tenured: 37643K(349568K)->37644K(349568K)
[25.380s][info][gc,metaspace   ] GC(281) Metaspace: 72598K(72960K)->72598K(72960K) NonClass: 57452K(57664K)->57452K(57664K) Class: 15146K(15296K)->15146K(15296K)
[25.380s][info][gc             ] GC(281) Pause Young (Allocation Failure) 174M->38M(494M) 9.053ms
[25.380s][info][gc,cpu         ] GC(281) User=0.00s Sys=0.00s Real=0.00s
[25.416s][info][gc,start       ] GC(282) Pause Young (Allocation Failure)
[25.425s][info][gc,heap        ] GC(282) DefNew: 141204K(157248K)->1517K(157248K) Eden: 139776K(139776K)->0K(139776K) From: 1428K(17472K)->1517K(17472K)
[25.425s][info][gc,heap        ] GC(282) Tenured: 37644K(349568K)->37644K(349568K)
[25.425s][info][gc,metaspace   ] GC(282) Metaspace: 72598K(72960K)->72598K(72960K) NonClass: 57452K(57664K)->57452K(57664K) Class: 15146K(15296K)->15146K(15296K)
[25.425s][info][gc             ] GC(282) Pause Young (Allocation Failure) 174M->38M(494M) 9.503ms
[25.425s][info][gc,cpu         ] GC(282) User=0.00s Sys=0.00s Real=0.00s
[25.464s][info][gc,start       ] GC(283) Pause Young (Allocation Failure)
[25.478s][info][gc,heap        ] GC(283) DefNew: 141293K(157248K)->1478K(157248K) Eden: 139776K(139776K)->0K(139776K) From: 1517K(17472K)->1478K(17472K)
[25.478s][info][gc,heap        ] GC(283) Tenured: 37644K(349568K)->37644K(349568K)
[25.478s][info][gc,metaspace   ] GC(283) Metaspace: 72598K(72960K)->72598K(72960K) NonClass: 57452K(57664K)->57452K(57664K) Class: 15146K(15296K)->15146K(15296K)
[25.478s][info][gc             ] GC(283) Pause Young (Allocation Failure) 174M->38M(494M) 13.961ms
[25.478s][info][gc,cpu         ] GC(283) User=0.00s Sys=0.00s Real=0.00s
[25.516s][info][gc,start       ] GC(284) Pause Young (Allocation Failure)
[25.528s][info][gc,heap        ] GC(284) DefNew: 141254K(157248K)->1479K(157248K) Eden: 139776K(139776K)->0K(139776K) From: 1478K(17472K)->1479K(17472K)
[25.528s][info][gc,heap        ] GC(284) Tenured: 37644K(349568K)->37644K(349568K)
[25.528s][info][gc,metaspace   ] GC(284) Metaspace: 72598K(72960K)->72598K(72960K) NonClass: 57452K(57664K)->57452K(57664K) Class: 15146K(15296K)->15146K(15296K)
[25.528s][info][gc             ] GC(284) Pause Young (Allocation Failure) 174M->38M(494M) 12.143ms
[25.528s][info][gc,cpu         ] GC(284) User=0.00s Sys=0.00s Real=0.00s
[25.565s][info][gc,start       ] GC(285) Pause Young (Allocation Failure)
[25.574s][info][gc,heap        ] GC(285) DefNew: 141255K(157248K)->1492K(157248K) Eden: 139776K(139776K)->0K(139776K) From: 1479K(17472K)->1492K(17472K)
[25.574s][info][gc,heap        ] GC(285) Tenured: 37644K(349568K)->37644K(349568K)
[25.574s][info][gc,metaspace   ] GC(285) Metaspace: 72598K(72960K)->72598K(72960K) NonClass: 57452K(57664K)->57452K(57664K) Class: 15146K(15296K)->15146K(15296K)
[25.574s][info][gc             ] GC(285) Pause Young (Allocation Failure) 174M->38M(494M) 9.046ms
[25.574s][info][gc,cpu         ] GC(285) User=0.00s Sys=0.00s Real=0.00s
[25.610s][info][gc,start       ] GC(286) Pause Young (Allocation Failure)
[25.618s][info][gc,heap        ] GC(286) DefNew: 141268K(157248K)->1466K(157248K) Eden: 139776K(139776K)->0K(139776K) From: 1492K(17472K)->1466K(17472K)
[25.618s][info][gc,heap        ] GC(286) Tenured: 37644K(349568K)->37644K(349568K)
[25.618s][info][gc,metaspace   ] GC(286) Metaspace: 72598K(72960K)->72598K(72960K) NonClass: 57452K(57664K)->57452K(57664K) Class: 15146K(15296K)->15146K(15296K)
[25.618s][info][gc             ] GC(286) Pause Young (Allocation Failure) 174M->38M(494M) 8.558ms
[25.618s][info][gc,cpu         ] GC(286) User=0.00s Sys=0.00s Real=0.00s
[25.653s][info][gc,start       ] GC(287) Pause Young (Allocation Failure)
[25.662s][info][gc,heap        ] GC(287) DefNew: 141242K(157248K)->1465K(157248K) Eden: 139776K(139776K)->0K(139776K) From: 1466K(17472K)->1465K(17472K)
[25.662s][info][gc,heap        ] GC(287) Tenured: 37644K(349568K)->37644K(349568K)
[25.662s][info][gc,metaspace   ] GC(287) Metaspace: 72598K(72960K)->72598K(72960K) NonClass: 57452K(57664K)->57452K(57664K) Class: 15146K(15296K)->15146K(15296K)
[25.663s][info][gc             ] GC(287) Pause Young (Allocation Failure) 174M->38M(494M) 9.292ms
[25.663s][info][gc,cpu         ] GC(287) User=0.00s Sys=0.00s Real=0.00s
[25.698s][info][gc,start       ] GC(288) Pause Young (Allocation Failure)
[25.707s][info][gc,heap        ] GC(288) DefNew: 141241K(157248K)->1493K(157248K) Eden: 139776K(139776K)->0K(139776K) From: 1465K(17472K)->1493K(17472K)
[25.707s][info][gc,heap        ] GC(288) Tenured: 37644K(349568K)->37644K(349568K)
[25.707s][info][gc,metaspace   ] GC(288) Metaspace: 72598K(72960K)->72598K(72960K) NonClass: 57452K(57664K)->57452K(57664K) Class: 15146K(15296K)->15146K(15296K)
[25.707s][info][gc             ] GC(288) Pause Young (Allocation Failure) 174M->38M(494M) 9.115ms
[25.707s][info][gc,cpu         ] GC(288) User=0.00s Sys=0.00s Real=0.01s
[25.742s][info][gc,start       ] GC(289) Pause Young (Allocation Failure)
[25.751s][info][gc,heap        ] GC(289) DefNew: 141269K(157248K)->1465K(157248K) Eden: 139776K(139776K)->0K(139776K) From: 1493K(17472K)->1465K(17472K)
[25.751s][info][gc,heap        ] GC(289) Tenured: 37644K(349568K)->37644K(349568K)
[25.751s][info][gc,metaspace   ] GC(289) Metaspace: 72598K(72960K)->72598K(72960K) NonClass: 57452K(57664K)->57452K(57664K) Class: 15146K(15296K)->15146K(15296K)
[25.751s][info][gc             ] GC(289) Pause Young (Allocation Failure) 174M->38M(494M) 8.523ms
[25.751s][info][gc,cpu         ] GC(289) User=0.00s Sys=0.00s Real=0.00s
[25.786s][info][gc,start       ] GC(290) Pause Young (Allocation Failure)
[25.794s][info][gc,heap        ] GC(290) DefNew: 141241K(157248K)->1430K(157248K) Eden: 139776K(139776K)->0K(139776K) From: 1465K(17472K)->1430K(17472K)
[25.794s][info][gc,heap        ] GC(290) Tenured: 37644K(349568K)->37645K(349568K)
[25.794s][info][gc,metaspace   ] GC(290) Metaspace: 72598K(72960K)->72598K(72960K) NonClass: 57452K(57664K)->57452K(57664K) Class: 15146K(15296K)->15146K(15296K)
[25.794s][info][gc             ] GC(290) Pause Young (Allocation Failure) 174M->38M(494M) 8.505ms
[25.795s][info][gc,cpu         ] GC(290) User=0.00s Sys=0.00s Real=0.00s
[25.830s][info][gc,start       ] GC(291) Pause Young (Allocation Failure)
[25.838s][info][gc,heap        ] GC(291) DefNew: 141206K(157248K)->1440K(157248K) Eden: 139776K(139776K)->0K(139776K) From: 1430K(17472K)->1440K(17472K)
[25.838s][info][gc,heap        ] GC(291) Tenured: 37645K(349568K)->37645K(349568K)
[25.838s][info][gc,metaspace   ] GC(291) Metaspace: 72598K(72960K)->72598K(72960K) NonClass: 57452K(57664K)->57452K(57664K) Class: 15146K(15296K)->15146K(15296K)
[25.838s][info][gc             ] GC(291) Pause Young (Allocation Failure) 174M->38M(494M) 8.373ms
[25.838s][info][gc,cpu         ] GC(291) User=0.00s Sys=0.00s Real=0.00s
[25.873s][info][gc,start       ] GC(292) Pause Young (Allocation Failure)
[25.881s][info][gc,heap        ] GC(292) DefNew: 141216K(157248K)->1428K(157248K) Eden: 139775K(139776K)->0K(139776K) From: 1440K(17472K)->1428K(17472K)
[25.881s][info][gc,heap        ] GC(292) Tenured: 37645K(349568K)->37693K(349568K)
[25.881s][info][gc,metaspace   ] GC(292) Metaspace: 72598K(72960K)->72598K(72960K) NonClass: 57452K(57664K)->57452K(57664K) Class: 15146K(15296K)->15146K(15296K)
[25.882s][info][gc             ] GC(292) Pause Young (Allocation Failure) 174M->38M(494M) 8.676ms
[25.882s][info][gc,cpu         ] GC(292) User=0.00s Sys=0.00s Real=0.00s
[25.917s][info][gc,start       ] GC(293) Pause Young (Allocation Failure)
[25.925s][info][gc,heap        ] GC(293) DefNew: 141204K(157248K)->1403K(157248K) Eden: 139776K(139776K)->0K(139776K) From: 1428K(17472K)->1403K(17472K)
[25.925s][info][gc,heap        ] GC(293) Tenured: 37693K(349568K)->37694K(349568K)
[25.925s][info][gc,metaspace   ] GC(293) Metaspace: 72598K(72960K)->72598K(72960K) NonClass: 57452K(57664K)->57452K(57664K) Class: 15146K(15296K)->15146K(15296K)
[25.925s][info][gc             ] GC(293) Pause Young (Allocation Failure) 174M->38M(494M) 8.160ms
[25.925s][info][gc,cpu         ] GC(293) User=0.00s Sys=0.00s Real=0.00s
[25.960s][info][gc,start       ] GC(294) Pause Young (Allocation Failure)
[25.969s][info][gc,heap        ] GC(294) DefNew: 141179K(157248K)->1454K(157248K) Eden: 139776K(139776K)->0K(139776K) From: 1403K(17472K)->1454K(17472K)
[25.969s][info][gc,heap        ] GC(294) Tenured: 37694K(349568K)->37695K(349568K)
[25.969s][info][gc,metaspace   ] GC(294) Metaspace: 72598K(72960K)->72598K(72960K) NonClass: 57452K(57664K)->57452K(57664K) Class: 15146K(15296K)->15146K(15296K)
[25.969s][info][gc             ] GC(294) Pause Young (Allocation Failure) 174M->38M(494M) 9.357ms
[25.969s][info][gc,cpu         ] GC(294) User=0.02s Sys=0.00s Real=0.00s
[26.005s][info][gc,start       ] GC(295) Pause Young (Allocation Failure)
[26.014s][info][gc,heap        ] GC(295) DefNew: 141230K(157248K)->1420K(157248K) Eden: 139775K(139776K)->0K(139776K) From: 1454K(17472K)->1420K(17472K)
[26.014s][info][gc,heap        ] GC(295) Tenured: 37695K(349568K)->37696K(349568K)
[26.014s][info][gc,metaspace   ] GC(295) Metaspace: 72598K(72960K)->72598K(72960K) NonClass: 57452K(57664K)->57452K(57664K) Class: 15146K(15296K)->15146K(15296K)
[26.014s][info][gc             ] GC(295) Pause Young (Allocation Failure) 174M->38M(494M) 8.840ms
[26.014s][info][gc,cpu         ] GC(295) User=0.00s Sys=0.00s Real=0.00s
[26.049s][info][gc,start       ] GC(296) Pause Young (Allocation Failure)
[26.058s][info][gc,heap        ] GC(296) DefNew: 141196K(157248K)->1362K(157248K) Eden: 139776K(139776K)->0K(139776K) From: 1420K(17472K)->1362K(17472K)
[26.058s][info][gc,heap        ] GC(296) Tenured: 37696K(349568K)->37715K(349568K)
[26.058s][info][gc,metaspace   ] GC(296) Metaspace: 72598K(72960K)->72598K(72960K) NonClass: 57452K(57664K)->57452K(57664K) Class: 15146K(15296K)->15146K(15296K)
[26.058s][info][gc             ] GC(296) Pause Young (Allocation Failure) 174M->38M(494M) 8.962ms
[26.058s][info][gc,cpu         ] GC(296) User=0.00s Sys=0.00s Real=0.00s
[26.094s][info][gc,start       ] GC(297) Pause Young (Allocation Failure)
[26.102s][info][gc,heap        ] GC(297) DefNew: 141138K(157248K)->1356K(157248K) Eden: 139776K(139776K)->0K(139776K) From: 1362K(17472K)->1356K(17472K)
[26.102s][info][gc,heap        ] GC(297) Tenured: 37715K(349568K)->37716K(349568K)
[26.102s][info][gc,metaspace   ] GC(297) Metaspace: 72598K(72960K)->72598K(72960K) NonClass: 57452K(57664K)->57452K(57664K) Class: 15146K(15296K)->15146K(15296K)
[26.102s][info][gc             ] GC(297) Pause Young (Allocation Failure) 174M->38M(494M) 8.781ms
[26.103s][info][gc,cpu         ] GC(297) User=0.00s Sys=0.00s Real=0.00s
[26.138s][info][gc,start       ] GC(298) Pause Young (Allocation Failure)
[26.147s][info][gc,heap        ] GC(298) DefNew: 141132K(157248K)->1393K(157248K) Eden: 139776K(139776K)->0K(139776K) From: 1356K(17472K)->1393K(17472K)
[26.147s][info][gc,heap        ] GC(298) Tenured: 37716K(349568K)->37716K(349568K)
[26.147s][info][gc,metaspace   ] GC(298) Metaspace: 72598K(72960K)->72598K(72960K) NonClass: 57452K(57664K)->57452K(57664K) Class: 15146K(15296K)->15146K(15296K)
[26.147s][info][gc             ] GC(298) Pause Young (Allocation Failure) 174M->38M(494M) 9.094ms
[26.147s][info][gc,cpu         ] GC(298) User=0.00s Sys=0.00s Real=0.01s
[26.183s][info][gc,start       ] GC(299) Pause Young (Allocation Failure)
[26.192s][info][gc,heap        ] GC(299) DefNew: 141169K(157248K)->1374K(157248K) Eden: 139776K(139776K)->0K(139776K) From: 1393K(17472K)->1374K(17472K)
[26.192s][info][gc,heap        ] GC(299) Tenured: 37716K(349568K)->37717K(349568K)
[26.192s][info][gc,metaspace   ] GC(299) Metaspace: 72598K(72960K)->72598K(72960K) NonClass: 57452K(57664K)->57452K(57664K) Class: 15146K(15296K)->15146K(15296K)
[26.192s][info][gc             ] GC(299) Pause Young (Allocation Failure) 174M->38M(494M) 8.813ms
[26.192s][info][gc,cpu         ] GC(299) User=0.00s Sys=0.00s Real=0.01s
[26.227s][info][gc,start       ] GC(300) Pause Young (Allocation Failure)
[26.235s][info][gc,heap        ] GC(300) DefNew: 141150K(157248K)->1444K(157248K) Eden: 139776K(139776K)->0K(139776K) From: 1374K(17472K)->1444K(17472K)
[26.235s][info][gc,heap        ] GC(300) Tenured: 37717K(349568K)->37717K(349568K)
[26.235s][info][gc,metaspace   ] GC(300) Metaspace: 72598K(72960K)->72598K(72960K) NonClass: 57452K(57664K)->57452K(57664K) Class: 15146K(15296K)->15146K(15296K)
[26.235s][info][gc             ] GC(300) Pause Young (Allocation Failure) 174M->38M(494M) 8.390ms
[26.235s][info][gc,cpu         ] GC(300) User=0.00s Sys=0.00s Real=0.00s
[26.271s][info][gc,start       ] GC(301) Pause Young (Allocation Failure)
[26.279s][info][gc,heap        ] GC(301) DefNew: 141220K(157248K)->1401K(157248K) Eden: 139775K(139776K)->0K(139776K) From: 1444K(17472K)->1401K(17472K)
[26.279s][info][gc,heap        ] GC(301) Tenured: 37717K(349568K)->37717K(349568K)
[26.279s][info][gc,metaspace   ] GC(301) Metaspace: 72601K(72960K)->72601K(72960K) NonClass: 57455K(57664K)->57455K(57664K) Class: 15146K(15296K)->15146K(15296K)
[26.280s][info][gc             ] GC(301) Pause Young (Allocation Failure) 174M->38M(494M) 8.482ms
[26.280s][info][gc,cpu         ] GC(301) User=0.00s Sys=0.00s Real=0.00s
[26.315s][info][gc,start       ] GC(302) Pause Young (Allocation Failure)
[26.323s][info][gc,heap        ] GC(302) DefNew: 141177K(157248K)->1441K(157248K) Eden: 139776K(139776K)->0K(139776K) From: 1401K(17472K)->1441K(17472K)
[26.323s][info][gc,heap        ] GC(302) Tenured: 37717K(349568K)->37717K(349568K)
[26.323s][info][gc,metaspace   ] GC(302) Metaspace: 72601K(72960K)->72601K(72960K) NonClass: 57455K(57664K)->57455K(57664K) Class: 15146K(15296K)->15146K(15296K)
[26.323s][info][gc             ] GC(302) Pause Young (Allocation Failure) 174M->38M(494M) 8.422ms
[26.323s][info][gc,cpu         ] GC(302) User=0.00s Sys=0.00s Real=0.00s
[26.359s][info][gc,start       ] GC(303) Pause Young (Allocation Failure)
[26.367s][info][gc,heap        ] GC(303) DefNew: 141217K(157248K)->1429K(157248K) Eden: 139776K(139776K)->0K(139776K) From: 1441K(17472K)->1429K(17472K)
[26.367s][info][gc,heap        ] GC(303) Tenured: 37717K(349568K)->37717K(349568K)
[26.367s][info][gc,metaspace   ] GC(303) Metaspace: 72602K(72960K)->72602K(72960K) NonClass: 57456K(57664K)->57456K(57664K) Class: 15146K(15296K)->15146K(15296K)
[26.367s][info][gc             ] GC(303) Pause Young (Allocation Failure) 174M->38M(494M) 8.317ms
[26.367s][info][gc,cpu         ] GC(303) User=0.00s Sys=0.00s Real=0.00s
[26.403s][info][gc,start       ] GC(304) Pause Young (Allocation Failure)
[26.412s][info][gc,heap        ] GC(304) DefNew: 141205K(157248K)->1411K(157248K) Eden: 139776K(139776K)->0K(139776K) From: 1429K(17472K)->1411K(17472K)
[26.412s][info][gc,heap        ] GC(304) Tenured: 37717K(349568K)->37717K(349568K)
[26.412s][info][gc,metaspace   ] GC(304) Metaspace: 72602K(72960K)->72602K(72960K) NonClass: 57456K(57664K)->57456K(57664K) Class: 15146K(15296K)->15146K(15296K)
[26.412s][info][gc             ] GC(304) Pause Young (Allocation Failure) 174M->38M(494M) 8.975ms
[26.412s][info][gc,cpu         ] GC(304) User=0.00s Sys=0.00s Real=0.00s
[26.447s][info][gc,start       ] GC(305) Pause Young (Allocation Failure)
[26.456s][info][gc,heap        ] GC(305) DefNew: 141187K(157248K)->1406K(157248K) Eden: 139775K(139776K)->0K(139776K) From: 1411K(17472K)->1406K(17472K)
[26.456s][info][gc,heap        ] GC(305) Tenured: 37717K(349568K)->37717K(349568K)
[26.456s][info][gc,metaspace   ] GC(305) Metaspace: 72602K(72960K)->72602K(72960K) NonClass: 57456K(57664K)->57456K(57664K) Class: 15146K(15296K)->15146K(15296K)
[26.456s][info][gc             ] GC(305) Pause Young (Allocation Failure) 174M->38M(494M) 8.764ms
[26.456s][info][gc,cpu         ] GC(305) User=0.00s Sys=0.00s Real=0.00s
[26.491s][info][gc,start       ] GC(306) Pause Young (Allocation Failure)
[26.500s][info][gc,heap        ] GC(306) DefNew: 141182K(157248K)->1487K(157248K) Eden: 139776K(139776K)->0K(139776K) From: 1406K(17472K)->1487K(17472K)
[26.500s][info][gc,heap        ] GC(306) Tenured: 37717K(349568K)->37717K(349568K)
[26.500s][info][gc,metaspace   ] GC(306) Metaspace: 72602K(72960K)->72602K(72960K) NonClass: 57456K(57664K)->57456K(57664K) Class: 15146K(15296K)->15146K(15296K)
[26.500s][info][gc             ] GC(306) Pause Young (Allocation Failure) 174M->38M(494M) 8.620ms
[26.500s][info][gc,cpu         ] GC(306) User=0.02s Sys=0.00s Real=0.01s
[26.536s][info][gc,start       ] GC(307) Pause Young (Allocation Failure)
[26.544s][info][gc,heap        ] GC(307) DefNew: 141263K(157248K)->1445K(157248K) Eden: 139776K(139776K)->0K(139776K) From: 1487K(17472K)->1445K(17472K)
[26.544s][info][gc,heap        ] GC(307) Tenured: 37717K(349568K)->37718K(349568K)
[26.544s][info][gc,metaspace   ] GC(307) Metaspace: 72606K(72960K)->72606K(72960K) NonClass: 57460K(57664K)->57460K(57664K) Class: 15146K(15296K)->15146K(15296K)
[26.544s][info][gc             ] GC(307) Pause Young (Allocation Failure) 174M->38M(494M) 8.598ms
[26.545s][info][gc,cpu         ] GC(307) User=0.00s Sys=0.00s Real=0.00s
[26.580s][info][gc,start       ] GC(308) Pause Young (Allocation Failure)
[26.588s][info][gc,heap        ] GC(308) DefNew: 141221K(157248K)->1393K(157248K) Eden: 139776K(139776K)->0K(139776K) From: 1445K(17472K)->1393K(17472K)
[26.588s][info][gc,heap        ] GC(308) Tenured: 37718K(349568K)->37718K(349568K)
[26.588s][info][gc,metaspace   ] GC(308) Metaspace: 72610K(72960K)->72610K(72960K) NonClass: 57464K(57664K)->57464K(57664K) Class: 15146K(15296K)->15146K(15296K)
[26.588s][info][gc             ] GC(308) Pause Young (Allocation Failure) 174M->38M(494M) 8.044ms
[26.588s][info][gc,cpu         ] GC(308) User=0.00s Sys=0.00s Real=0.00s
[26.624s][info][gc,start       ] GC(309) Pause Young (Allocation Failure)
[26.632s][info][gc,heap        ] GC(309) DefNew: 141169K(157248K)->1433K(157248K) Eden: 139776K(139776K)->0K(139776K) From: 1393K(17472K)->1433K(17472K)
[26.632s][info][gc,heap        ] GC(309) Tenured: 37718K(349568K)->37719K(349568K)
[26.632s][info][gc,metaspace   ] GC(309) Metaspace: 72610K(72960K)->72610K(72960K) NonClass: 57464K(57664K)->57464K(57664K) Class: 15146K(15296K)->15146K(15296K)
[26.632s][info][gc             ] GC(309) Pause Young (Allocation Failure) 174M->38M(494M) 8.172ms
[26.632s][info][gc,cpu         ] GC(309) User=0.00s Sys=0.00s Real=0.00s
[26.668s][info][gc,start       ] GC(310) Pause Young (Allocation Failure)
[26.677s][info][gc,heap        ] GC(310) DefNew: 141209K(157248K)->1446K(157248K) Eden: 139776K(139776K)->0K(139776K) From: 1433K(17472K)->1446K(17472K)
[26.677s][info][gc,heap        ] GC(310) Tenured: 37719K(349568K)->37719K(349568K)
[26.677s][info][gc,metaspace   ] GC(310) Metaspace: 72611K(72960K)->72611K(72960K) NonClass: 57465K(57664K)->57465K(57664K) Class: 15146K(15296K)->15146K(15296K)
[26.677s][info][gc             ] GC(310) Pause Young (Allocation Failure) 174M->38M(494M) 9.003ms
[26.677s][info][gc,cpu         ] GC(310) User=0.00s Sys=0.00s Real=0.00s
[26.713s][info][gc,start       ] GC(311) Pause Young (Allocation Failure)
[26.721s][info][gc,heap        ] GC(311) DefNew: 141222K(157248K)->1425K(157248K) Eden: 139776K(139776K)->0K(139776K) From: 1446K(17472K)->1425K(17472K)
[26.721s][info][gc,heap        ] GC(311) Tenured: 37719K(349568K)->37719K(349568K)
[26.721s][info][gc,metaspace   ] GC(311) Metaspace: 72611K(72960K)->72611K(72960K) NonClass: 57465K(57664K)->57465K(57664K) Class: 15146K(15296K)->15146K(15296K)
[26.721s][info][gc             ] GC(311) Pause Young (Allocation Failure) 174M->38M(494M) 8.575ms
[26.721s][info][gc,cpu         ] GC(311) User=0.00s Sys=0.00s Real=0.00s
[26.758s][info][gc,start       ] GC(312) Pause Young (Allocation Failure)
[26.766s][info][gc,heap        ] GC(312) DefNew: 141201K(157248K)->1408K(157248K) Eden: 139776K(139776K)->0K(139776K) From: 1425K(17472K)->1408K(17472K)
[26.766s][info][gc,heap        ] GC(312) Tenured: 37719K(349568K)->37719K(349568K)
[26.766s][info][gc,metaspace   ] GC(312) Metaspace: 72611K(72960K)->72611K(72960K) NonClass: 57465K(57664K)->57465K(57664K) Class: 15146K(15296K)->15146K(15296K)
[26.766s][info][gc             ] GC(312) Pause Young (Allocation Failure) 174M->38M(494M) 7.831ms
[26.766s][info][gc,cpu         ] GC(312) User=0.00s Sys=0.00s Real=0.00s
[26.803s][info][gc,start       ] GC(313) Pause Young (Allocation Failure)
[26.811s][info][gc,heap        ] GC(313) DefNew: 141184K(157248K)->1458K(157248K) Eden: 139776K(139776K)->0K(139776K) From: 1408K(17472K)->1458K(17472K)
[26.811s][info][gc,heap        ] GC(313) Tenured: 37719K(349568K)->37720K(349568K)
[26.811s][info][gc,metaspace   ] GC(313) Metaspace: 72613K(72960K)->72613K(72960K) NonClass: 57467K(57664K)->57467K(57664K) Class: 15146K(15296K)->15146K(15296K)
[26.811s][info][gc             ] GC(313) Pause Young (Allocation Failure) 174M->38M(494M) 8.121ms
[26.811s][info][gc,cpu         ] GC(313) User=0.00s Sys=0.00s Real=0.00s
[26.848s][info][gc,start       ] GC(314) Pause Young (Allocation Failure)
[26.855s][info][gc,heap        ] GC(314) DefNew: 141234K(157248K)->1364K(157248K) Eden: 139776K(139776K)->0K(139776K) From: 1458K(17472K)->1364K(17472K)
[26.855s][info][gc,heap        ] GC(314) Tenured: 37720K(349568K)->37737K(349568K)
[26.855s][info][gc,metaspace   ] GC(314) Metaspace: 72613K(72960K)->72613K(72960K) NonClass: 57467K(57664K)->57467K(57664K) Class: 15146K(15296K)->15146K(15296K)
[26.856s][info][gc             ] GC(314) Pause Young (Allocation Failure) 174M->38M(494M) 7.564ms
[26.856s][info][gc,cpu         ] GC(314) User=0.00s Sys=0.00s Real=0.00s
[26.892s][info][gc,start       ] GC(315) Pause Young (Allocation Failure)
[26.901s][info][gc,heap        ] GC(315) DefNew: 141140K(157248K)->1400K(157248K) Eden: 139776K(139776K)->0K(139776K) From: 1364K(17472K)->1400K(17472K)
[26.901s][info][gc,heap        ] GC(315) Tenured: 37737K(349568K)->37745K(349568K)
[26.901s][info][gc,metaspace   ] GC(315) Metaspace: 72614K(72960K)->72614K(72960K) NonClass: 57468K(57664K)->57468K(57664K) Class: 15146K(15296K)->15146K(15296K)
[26.901s][info][gc             ] GC(315) Pause Young (Allocation Failure) 174M->38M(494M) 8.691ms
[26.901s][info][gc,cpu         ] GC(315) User=0.00s Sys=0.00s Real=0.00s
[26.939s][info][gc,start       ] GC(316) Pause Young (Allocation Failure)
[26.947s][info][gc,heap        ] GC(316) DefNew: 141176K(157248K)->1398K(157248K) Eden: 139776K(139776K)->0K(139776K) From: 1400K(17472K)->1398K(17472K)
[26.947s][info][gc,heap        ] GC(316) Tenured: 37745K(349568K)->37782K(349568K)
[26.947s][info][gc,metaspace   ] GC(316) Metaspace: 72615K(72960K)->72615K(72960K) NonClass: 57469K(57664K)->57469K(57664K) Class: 15146K(15296K)->15146K(15296K)
[26.947s][info][gc             ] GC(316) Pause Young (Allocation Failure) 174M->38M(494M) 8.369ms
[26.947s][info][gc,cpu         ] GC(316) User=0.00s Sys=0.00s Real=0.00s
[26.984s][info][gc,start       ] GC(317) Pause Young (Allocation Failure)
[26.993s][info][gc,heap        ] GC(317) DefNew: 141174K(157248K)->1352K(157248K) Eden: 139776K(139776K)->0K(139776K) From: 1398K(17472K)->1352K(17472K)
[26.993s][info][gc,heap        ] GC(317) Tenured: 37782K(349568K)->37811K(349568K)
[26.993s][info][gc,metaspace   ] GC(317) Metaspace: 72615K(72960K)->72615K(72960K) NonClass: 57469K(57664K)->57469K(57664K) Class: 15146K(15296K)->15146K(15296K)
[26.993s][info][gc             ] GC(317) Pause Young (Allocation Failure) 174M->38M(494M) 8.450ms
[26.993s][info][gc,cpu         ] GC(317) User=0.00s Sys=0.00s Real=0.00s
[27.031s][info][gc,start       ] GC(318) Pause Young (Allocation Failure)
[27.039s][info][gc,heap        ] GC(318) DefNew: 141128K(157248K)->1334K(157248K) Eden: 139776K(139776K)->0K(139776K) From: 1352K(17472K)->1334K(17472K)
[27.039s][info][gc,heap        ] GC(318) Tenured: 37811K(349568K)->37827K(349568K)
[27.039s][info][gc,metaspace   ] GC(318) Metaspace: 72615K(72960K)->72615K(72960K) NonClass: 57469K(57664K)->57469K(57664K) Class: 15146K(15296K)->15146K(15296K)
[27.039s][info][gc             ] GC(318) Pause Young (Allocation Failure) 174M->38M(494M) 7.898ms
[27.039s][info][gc,cpu         ] GC(318) User=0.00s Sys=0.00s Real=0.00s
[27.077s][info][gc,start       ] GC(319) Pause Young (Allocation Failure)
[27.085s][info][gc,heap        ] GC(319) DefNew: 141110K(157248K)->1309K(157248K) Eden: 139776K(139776K)->0K(139776K) From: 1334K(17472K)->1309K(17472K)
[27.085s][info][gc,heap        ] GC(319) Tenured: 37827K(349568K)->37827K(349568K)
[27.085s][info][gc,metaspace   ] GC(319) Metaspace: 72622K(72960K)->72622K(72960K) NonClass: 57476K(57664K)->57476K(57664K) Class: 15146K(15296K)->15146K(15296K)
[27.085s][info][gc             ] GC(319) Pause Young (Allocation Failure) 174M->38M(494M) 7.921ms
[27.085s][info][gc,cpu         ] GC(319) User=0.00s Sys=0.00s Real=0.00s
[27.123s][info][gc,start       ] GC(320) Pause Young (Allocation Failure)
[27.131s][info][gc,heap        ] GC(320) DefNew: 141085K(157248K)->1292K(157248K) Eden: 139776K(139776K)->0K(139776K) From: 1309K(17472K)->1292K(17472K)
[27.131s][info][gc,heap        ] GC(320) Tenured: 37827K(349568K)->37827K(349568K)
[27.131s][info][gc,metaspace   ] GC(320) Metaspace: 72622K(72960K)->72622K(72960K) NonClass: 57476K(57664K)->57476K(57664K) Class: 15146K(15296K)->15146K(15296K)
[27.131s][info][gc             ] GC(320) Pause Young (Allocation Failure) 174M->38M(494M) 7.541ms
[27.131s][info][gc,cpu         ] GC(320) User=0.00s Sys=0.00s Real=0.00s
[27.171s][info][gc,start       ] GC(321) Pause Young (Allocation Failure)
[27.178s][info][gc,heap        ] GC(321) DefNew: 141068K(157248K)->1340K(157248K) Eden: 139776K(139776K)->0K(139776K) From: 1292K(17472K)->1340K(17472K)
[27.178s][info][gc,heap        ] GC(321) Tenured: 37827K(349568K)->37840K(349568K)
[27.178s][info][gc,metaspace   ] GC(321) Metaspace: 72628K(72960K)->72628K(72960K) NonClass: 57482K(57664K)->57482K(57664K) Class: 15146K(15296K)->15146K(15296K)
[27.178s][info][gc             ] GC(321) Pause Young (Allocation Failure) 174M->38M(494M) 7.169ms
[27.178s][info][gc,cpu         ] GC(321) User=0.00s Sys=0.00s Real=0.00s
[27.220s][info][gc,start       ] GC(322) Pause Young (Allocation Failure)
[27.228s][info][gc,heap        ] GC(322) DefNew: 141116K(157248K)->1239K(157248K) Eden: 139776K(139776K)->0K(139776K) From: 1340K(17472K)->1239K(17472K)
[27.228s][info][gc,heap        ] GC(322) Tenured: 37840K(349568K)->37889K(349568K)
[27.228s][info][gc,metaspace   ] GC(322) Metaspace: 72628K(72960K)->72628K(72960K) NonClass: 57482K(57664K)->57482K(57664K) Class: 15146K(15296K)->15146K(15296K)
[27.228s][info][gc             ] GC(322) Pause Young (Allocation Failure) 174M->38M(494M) 7.908ms
[27.228s][info][gc,cpu         ] GC(322) User=0.00s Sys=0.00s Real=0.00s
[27.271s][info][gc,start       ] GC(323) Pause Young (Allocation Failure)
[27.277s][info][gc,heap        ] GC(323) DefNew: 141015K(157248K)->1199K(157248K) Eden: 139776K(139776K)->0K(139776K) From: 1239K(17472K)->1199K(17472K)
[27.277s][info][gc,heap        ] GC(323) Tenured: 37889K(349568K)->37905K(349568K)
[27.277s][info][gc,metaspace   ] GC(323) Metaspace: 72629K(73024K)->72629K(73024K) NonClass: 57483K(57728K)->57483K(57728K) Class: 15146K(15296K)->15146K(15296K)
[27.277s][info][gc             ] GC(323) Pause Young (Allocation Failure) 174M->38M(494M) 6.838ms
[27.278s][info][gc,cpu         ] GC(323) User=0.00s Sys=0.00s Real=0.00s
[27.323s][info][gc,start       ] GC(324) Pause Young (Allocation Failure)
[27.329s][info][gc,heap        ] GC(324) DefNew: 140975K(157248K)->1238K(157248K) Eden: 139776K(139776K)->0K(139776K) From: 1199K(17472K)->1238K(17472K)
[27.330s][info][gc,heap        ] GC(324) Tenured: 37905K(349568K)->37921K(349568K)
[27.330s][info][gc,metaspace   ] GC(324) Metaspace: 72631K(73024K)->72631K(73024K) NonClass: 57485K(57728K)->57485K(57728K) Class: 15146K(15296K)->15146K(15296K)
[27.330s][info][gc             ] GC(324) Pause Young (Allocation Failure) 174M->38M(494M) 6.252ms
[27.330s][info][gc,cpu         ] GC(324) User=0.00s Sys=0.00s Real=0.00s
[27.379s][info][gc,start       ] GC(325) Pause Young (Allocation Failure)
[27.384s][info][gc,heap        ] GC(325) DefNew: 141014K(157248K)->1180K(157248K) Eden: 139776K(139776K)->0K(139776K) From: 1238K(17472K)->1180K(17472K)
[27.384s][info][gc,heap        ] GC(325) Tenured: 37921K(349568K)->37960K(349568K)
[27.384s][info][gc,metaspace   ] GC(325) Metaspace: 72632K(73024K)->72632K(73024K) NonClass: 57486K(57728K)->57486K(57728K) Class: 15146K(15296K)->15146K(15296K)
[27.384s][info][gc             ] GC(325) Pause Young (Allocation Failure) 174M->38M(494M) 5.794ms
[27.384s][info][gc,cpu         ] GC(325) User=0.00s Sys=0.00s Real=0.00s
[27.434s][info][gc,start       ] GC(326) Pause Young (Allocation Failure)
[27.440s][info][gc,heap        ] GC(326) DefNew: 140956K(157248K)->1138K(157248K) Eden: 139776K(139776K)->0K(139776K) From: 1180K(17472K)->1138K(17472K)
[27.440s][info][gc,heap        ] GC(326) Tenured: 37960K(349568K)->37986K(349568K)
[27.440s][info][gc,metaspace   ] GC(326) Metaspace: 72632K(73024K)->72632K(73024K) NonClass: 57486K(57728K)->57486K(57728K) Class: 15146K(15296K)->15146K(15296K)
[27.440s][info][gc             ] GC(326) Pause Young (Allocation Failure) 174M->38M(494M) 5.555ms
[27.440s][info][gc,cpu         ] GC(326) User=0.00s Sys=0.00s Real=0.00s
[27.492s][info][gc,start       ] GC(327) Pause Young (Allocation Failure)
[27.497s][info][gc,heap        ] GC(327) DefNew: 140914K(157248K)->1098K(157248K) Eden: 139776K(139776K)->0K(139776K) From: 1138K(17472K)->1098K(17472K)
[27.497s][info][gc,heap        ] GC(327) Tenured: 37986K(349568K)->37986K(349568K)
[27.497s][info][gc,metaspace   ] GC(327) Metaspace: 72632K(73024K)->72632K(73024K) NonClass: 57486K(57728K)->57486K(57728K) Class: 15146K(15296K)->15146K(15296K)
[27.497s][info][gc             ] GC(327) Pause Young (Allocation Failure) 174M->38M(494M) 5.523ms
[27.497s][info][gc,cpu         ] GC(327) User=0.00s Sys=0.00s Real=0.00s
[27.551s][info][gc,start       ] GC(328) Pause Young (Allocation Failure)
[27.556s][info][gc,heap        ] GC(328) DefNew: 140874K(157248K)->1075K(157248K) Eden: 139776K(139776K)->0K(139776K) From: 1098K(17472K)->1075K(17472K)
[27.556s][info][gc,heap        ] GC(328) Tenured: 37986K(349568K)->38011K(349568K)
[27.556s][info][gc,metaspace   ] GC(328) Metaspace: 72632K(73024K)->72632K(73024K) NonClass: 57486K(57728K)->57486K(57728K) Class: 15146K(15296K)->15146K(15296K)
[27.556s][info][gc             ] GC(328) Pause Young (Allocation Failure) 174M->38M(494M) 5.301ms
[27.556s][info][gc,cpu         ] GC(328) User=0.00s Sys=0.00s Real=0.00s
[27.610s][info][gc,start       ] GC(329) Pause Young (Allocation Failure)
[27.617s][info][gc,heap        ] GC(329) DefNew: 140851K(157248K)->1049K(157248K) Eden: 139776K(139776K)->0K(139776K) From: 1075K(17472K)->1049K(17472K)
[27.617s][info][gc,heap        ] GC(329) Tenured: 38011K(349568K)->38021K(349568K)
[27.617s][info][gc,metaspace   ] GC(329) Metaspace: 72633K(73024K)->72633K(73024K) NonClass: 57487K(57728K)->57487K(57728K) Class: 15146K(15296K)->15146K(15296K)
[27.618s][info][gc             ] GC(329) Pause Young (Allocation Failure) 174M->38M(494M) 7.128ms
[27.618s][info][gc,cpu         ] GC(329) User=0.00s Sys=0.00s Real=0.00s
[27.672s][info][gc,start       ] GC(330) Pause Young (Allocation Failure)
[27.678s][info][gc,heap        ] GC(330) DefNew: 140825K(157248K)->1011K(157248K) Eden: 139776K(139776K)->0K(139776K) From: 1049K(17472K)->1011K(17472K)
[27.678s][info][gc,heap        ] GC(330) Tenured: 38021K(349568K)->38063K(349568K)
[27.678s][info][gc,metaspace   ] GC(330) Metaspace: 72633K(73024K)->72633K(73024K) NonClass: 57487K(57728K)->57487K(57728K) Class: 15146K(15296K)->15146K(15296K)
[27.678s][info][gc             ] GC(330) Pause Young (Allocation Failure) 174M->38M(494M) 5.485ms
[27.678s][info][gc,cpu         ] GC(330) User=0.00s Sys=0.00s Real=0.00s
[27.733s][info][gc,start       ] GC(331) Pause Young (Allocation Failure)
[27.738s][info][gc,heap        ] GC(331) DefNew: 140787K(157248K)->1015K(157248K) Eden: 139776K(139776K)->0K(139776K) From: 1011K(17472K)->1015K(17472K)
[27.738s][info][gc,heap        ] GC(331) Tenured: 38063K(349568K)->38089K(349568K)
[27.738s][info][gc,metaspace   ] GC(331) Metaspace: 72633K(73024K)->72633K(73024K) NonClass: 57487K(57728K)->57487K(57728K) Class: 15146K(15296K)->15146K(15296K)
[27.738s][info][gc             ] GC(331) Pause Young (Allocation Failure) 174M->38M(494M) 5.085ms
[27.738s][info][gc,cpu         ] GC(331) User=0.00s Sys=0.00s Real=0.00s
[27.793s][info][gc,start       ] GC(332) Pause Young (Allocation Failure)
[27.798s][info][gc,heap        ] GC(332) DefNew: 140791K(157248K)->992K(157248K) Eden: 139776K(139776K)->0K(139776K) From: 1015K(17472K)->992K(17472K)
[27.798s][info][gc,heap        ] GC(332) Tenured: 38089K(349568K)->38115K(349568K)
[27.798s][info][gc,metaspace   ] GC(332) Metaspace: 72634K(73024K)->72634K(73024K) NonClass: 57488K(57728K)->57488K(57728K) Class: 15146K(15296K)->15146K(15296K)
[27.798s][info][gc             ] GC(332) Pause Young (Allocation Failure) 174M->38M(494M) 4.935ms
[27.798s][info][gc,cpu         ] GC(332) User=0.00s Sys=0.00s Real=0.00s
[27.855s][info][gc,start       ] GC(333) Pause Young (Allocation Failure)
[27.860s][info][gc,heap        ] GC(333) DefNew: 140768K(157248K)->958K(157248K) Eden: 139776K(139776K)->0K(139776K) From: 992K(17472K)->958K(17472K)
[27.860s][info][gc,heap        ] GC(333) Tenured: 38115K(349568K)->38141K(349568K)
[27.860s][info][gc,metaspace   ] GC(333) Metaspace: 72635K(73024K)->72635K(73024K) NonClass: 57489K(57728K)->57489K(57728K) Class: 15146K(15296K)->15146K(15296K)
[27.860s][info][gc             ] GC(333) Pause Young (Allocation Failure) 174M->38M(494M) 4.851ms
[27.860s][info][gc,cpu         ] GC(333) User=0.00s Sys=0.00s Real=0.00s
[27.919s][info][gc,start       ] GC(334) Pause Young (Allocation Failure)
[27.924s][info][gc,heap        ] GC(334) DefNew: 140734K(157248K)->908K(157248K) Eden: 139776K(139776K)->0K(139776K) From: 958K(17472K)->908K(17472K)
[27.924s][info][gc,heap        ] GC(334) Tenured: 38141K(349568K)->38171K(349568K)
[27.924s][info][gc,metaspace   ] GC(334) Metaspace: 72638K(73024K)->72638K(73024K) NonClass: 57492K(57728K)->57492K(57728K) Class: 15146K(15296K)->15146K(15296K)
[27.924s][info][gc             ] GC(334) Pause Young (Allocation Failure) 174M->38M(494M) 4.478ms
[27.924s][info][gc,cpu         ] GC(334) User=0.02s Sys=0.00s Real=0.02s
[27.989s][info][gc,start       ] GC(335) Pause Young (Allocation Failure)
[27.993s][info][gc,heap        ] GC(335) DefNew: 140684K(157248K)->857K(157248K) Eden: 139776K(139776K)->0K(139776K) From: 908K(17472K)->857K(17472K)
[27.993s][info][gc,heap        ] GC(335) Tenured: 38171K(349568K)->38197K(349568K)
[27.993s][info][gc,metaspace   ] GC(335) Metaspace: 72638K(73024K)->72638K(73024K) NonClass: 57492K(57728K)->57492K(57728K) Class: 15146K(15296K)->15146K(15296K)
[27.993s][info][gc             ] GC(335) Pause Young (Allocation Failure) 174M->38M(494M) 4.184ms
[27.993s][info][gc,cpu         ] GC(335) User=0.00s Sys=0.00s Real=0.00s
[28.077s][info][gc,start       ] GC(336) Pause Young (Allocation Failure)
[28.081s][info][gc,heap        ] GC(336) DefNew: 140633K(157248K)->802K(157248K) Eden: 139776K(139776K)->0K(139776K) From: 857K(17472K)->802K(17472K)
[28.081s][info][gc,heap        ] GC(336) Tenured: 38197K(349568K)->38244K(349568K)
[28.081s][info][gc,metaspace   ] GC(336) Metaspace: 72638K(73024K)->72638K(73024K) NonClass: 57492K(57728K)->57492K(57728K) Class: 15146K(15296K)->15146K(15296K)
[28.081s][info][gc             ] GC(336) Pause Young (Allocation Failure) 174M->38M(494M) 3.946ms
[28.081s][info][gc,cpu         ] GC(336) User=0.00s Sys=0.00s Real=0.00s
[28.173s][info][gc,start       ] GC(337) Pause Young (Allocation Failure)
[28.177s][info][gc,heap        ] GC(337) DefNew: 140578K(157248K)->740K(157248K) Eden: 139776K(139776K)->0K(139776K) From: 802K(17472K)->740K(17472K)
[28.177s][info][gc,heap        ] GC(337) Tenured: 38244K(349568K)->38283K(349568K)
[28.177s][info][gc,metaspace   ] GC(337) Metaspace: 72638K(73024K)->72638K(73024K) NonClass: 57492K(57728K)->57492K(57728K) Class: 15146K(15296K)->15146K(15296K)
[28.177s][info][gc             ] GC(337) Pause Young (Allocation Failure) 174M->38M(494M) 3.391ms
[28.177s][info][gc,cpu         ] GC(337) User=0.00s Sys=0.00s Real=0.00s
[28.286s][info][gc,start       ] GC(338) Pause Young (Allocation Failure)
[28.294s][info][gc,heap        ] GC(338) DefNew: 140516K(157248K)->674K(157248K) Eden: 139776K(139776K)->0K(139776K) From: 740K(17472K)->674K(17472K)
[28.294s][info][gc,heap        ] GC(338) Tenured: 38283K(349568K)->38360K(349568K)
[28.294s][info][gc,metaspace   ] GC(338) Metaspace: 72638K(73024K)->72638K(73024K) NonClass: 57492K(57728K)->57492K(57728K) Class: 15146K(15296K)->15146K(15296K)
[28.294s][info][gc             ] GC(338) Pause Young (Allocation Failure) 174M->38M(494M) 7.290ms
[28.294s][info][gc,cpu         ] GC(338) User=0.00s Sys=0.00s Real=0.00s
[28.494s][info][gc,start       ] GC(339) Pause Young (Allocation Failure)
[28.500s][info][gc,heap        ] GC(339) DefNew: 140450K(157248K)->621K(157248K) Eden: 139776K(139776K)->0K(139776K) From: 674K(17472K)->621K(17472K)
[28.500s][info][gc,heap        ] GC(339) Tenured: 38360K(349568K)->38411K(349568K)
[28.500s][info][gc,metaspace   ] GC(339) Metaspace: 72638K(73024K)->72638K(73024K) NonClass: 57492K(57728K)->57492K(57728K) Class: 15146K(15296K)->15146K(15296K)
[28.500s][info][gc             ] GC(339) Pause Young (Allocation Failure) 174M->38M(494M) 6.350ms
[28.500s][info][gc,cpu         ] GC(339) User=0.00s Sys=0.00s Real=0.00s
[28.708s][info][gc,start       ] GC(340) Pause Young (Allocation Failure)
[28.714s][info][gc,heap        ] GC(340) DefNew: 140397K(157248K)->601K(157248K) Eden: 139776K(139776K)->0K(139776K) From: 621K(17472K)->601K(17472K)
[28.714s][info][gc,heap        ] GC(340) Tenured: 38411K(349568K)->38437K(349568K)
[28.715s][info][gc,metaspace   ] GC(340) Metaspace: 72638K(73024K)->72638K(73024K) NonClass: 57492K(57728K)->57492K(57728K) Class: 15146K(15296K)->15146K(15296K)
[28.715s][info][gc             ] GC(340) Pause Young (Allocation Failure) 174M->38M(494M) 6.433ms
[28.715s][info][gc,cpu         ] GC(340) User=0.00s Sys=0.00s Real=0.00s
[28.922s][info][gc,start       ] GC(341) Pause Young (Allocation Failure)
[28.925s][info][gc,heap        ] GC(341) DefNew: 140377K(157248K)->593K(157248K) Eden: 139776K(139776K)->0K(139776K) From: 601K(17472K)->593K(17472K)
[28.925s][info][gc,heap        ] GC(341) Tenured: 38437K(349568K)->38437K(349568K)
[28.925s][info][gc,metaspace   ] GC(341) Metaspace: 72638K(73024K)->72638K(73024K) NonClass: 57492K(57728K)->57492K(57728K) Class: 15146K(15296K)->15146K(15296K)
[28.925s][info][gc             ] GC(341) Pause Young (Allocation Failure) 174M->38M(494M) 3.364ms
[28.925s][info][gc,cpu         ] GC(341) User=0.00s Sys=0.00s Real=0.00s
[29.129s][info][gc,start       ] GC(342) Pause Young (Allocation Failure)
[29.133s][info][gc,heap        ] GC(342) DefNew: 140369K(157248K)->552K(157248K) Eden: 139776K(139776K)->0K(139776K) From: 593K(17472K)->552K(17472K)
[29.133s][info][gc,heap        ] GC(342) Tenured: 38437K(349568K)->38488K(349568K)
[29.133s][info][gc,metaspace   ] GC(342) Metaspace: 72638K(73024K)->72638K(73024K) NonClass: 57492K(57728K)->57492K(57728K) Class: 15146K(15296K)->15146K(15296K)
[29.134s][info][gc             ] GC(342) Pause Young (Allocation Failure) 174M->38M(494M) 4.524ms
[29.134s][info][gc,cpu         ] GC(342) User=0.02s Sys=0.00s Real=0.02s
[29.322s][info][gc,start       ] GC(343) Pause Young (Allocation Failure)
[29.327s][info][gc,heap        ] GC(343) DefNew: 140328K(157248K)->548K(157248K) Eden: 139776K(139776K)->0K(139776K) From: 552K(17472K)->548K(17472K)
[29.327s][info][gc,heap        ] GC(343) Tenured: 38488K(349568K)->38488K(349568K)
[29.327s][info][gc,metaspace   ] GC(343) Metaspace: 72638K(73024K)->72638K(73024K) NonClass: 57492K(57728K)->57492K(57728K) Class: 15146K(15296K)->15146K(15296K)
[29.327s][info][gc             ] GC(343) Pause Young (Allocation Failure) 174M->38M(494M) 5.014ms
[29.327s][info][gc,cpu         ] GC(343) User=0.00s Sys=0.00s Real=0.00s
[29.519s][info][gc,start       ] GC(344) Pause Young (Allocation Failure)
[29.524s][info][gc,heap        ] GC(344) DefNew: 140324K(157248K)->529K(157248K) Eden: 139776K(139776K)->0K(139776K) From: 548K(17472K)->529K(17472K)
[29.524s][info][gc,heap        ] GC(344) Tenured: 38488K(349568K)->38514K(349568K)
[29.524s][info][gc,metaspace   ] GC(344) Metaspace: 72638K(73024K)->72638K(73024K) NonClass: 57492K(57728K)->57492K(57728K) Class: 15146K(15296K)->15146K(15296K)
[29.525s][info][gc             ] GC(344) Pause Young (Allocation Failure) 174M->38M(494M) 5.848ms
[29.525s][info][gc,cpu         ] GC(344) User=0.00s Sys=0.00s Real=0.00s
[29.733s][info][gc,start       ] GC(345) Pause Young (Allocation Failure)
[29.736s][info][gc,heap        ] GC(345) DefNew: 140305K(157248K)->524K(157248K) Eden: 139776K(139776K)->0K(139776K) From: 529K(17472K)->524K(17472K)
[29.736s][info][gc,heap        ] GC(345) Tenured: 38514K(349568K)->38514K(349568K)
[29.736s][info][gc,metaspace   ] GC(345) Metaspace: 72638K(73024K)->72638K(73024K) NonClass: 57492K(57728K)->57492K(57728K) Class: 15146K(15296K)->15146K(15296K)
[29.736s][info][gc             ] GC(345) Pause Young (Allocation Failure) 174M->38M(494M) 3.079ms
[29.736s][info][gc,cpu         ] GC(345) User=0.00s Sys=0.00s Real=0.00s
[29.975s][info][gc,start       ] GC(346) Pause Young (Allocation Failure)
[29.981s][info][gc,heap        ] GC(346) DefNew: 140300K(157248K)->517K(157248K) Eden: 139776K(139776K)->0K(139776K) From: 524K(17472K)->517K(17472K)
[29.981s][info][gc,heap        ] GC(346) Tenured: 38514K(349568K)->38526K(349568K)
[29.981s][info][gc,metaspace   ] GC(346) Metaspace: 72640K(73024K)->72640K(73024K) NonClass: 57494K(57728K)->57494K(57728K) Class: 15146K(15296K)->15146K(15296K)
[29.981s][info][gc             ] GC(346) Pause Young (Allocation Failure) 174M->38M(494M) 6.330ms
[29.981s][info][gc,cpu         ] GC(346) User=0.02s Sys=0.00s Real=0.00s
[30.359s][info][gc,start       ] GC(347) Pause Young (Allocation Failure)
[30.365s][info][gc,heap        ] GC(347) DefNew: 140293K(157248K)->482K(157248K) Eden: 139776K(139776K)->0K(139776K) From: 517K(17472K)->482K(17472K)
[30.365s][info][gc,heap        ] GC(347) Tenured: 38526K(349568K)->38542K(349568K)
[30.365s][info][gc,metaspace   ] GC(347) Metaspace: 72643K(73024K)->72643K(73024K) NonClass: 57497K(57728K)->57497K(57728K) Class: 15146K(15296K)->15146K(15296K)
[30.365s][info][gc             ] GC(347) Pause Young (Allocation Failure) 174M->38M(494M) 5.877ms
[30.365s][info][gc,cpu         ] GC(347) User=0.00s Sys=0.00s Real=0.00s
[30.458s][info][gc,start       ] GC(348) Pause Full (System.gc())
[30.459s][info][gc,phases,start] GC(348) Phase 1: Mark live objects
[30.541s][info][gc,phases      ] GC(348) Phase 1: Mark live objects 82.609ms
[30.541s][info][gc,phases,start] GC(348) Phase 2: Compute new object addresses
[30.560s][info][gc,phases      ] GC(348) Phase 2: Compute new object addresses 18.459ms
[30.560s][info][gc,phases,start] GC(348) Phase 3: Adjust pointers
[30.583s][info][gc,phases      ] GC(348) Phase 3: Adjust pointers 23.475ms
[30.583s][info][gc,phases,start] GC(348) Phase 4: Move objects
[30.584s][info][gc,phases      ] GC(348) Phase 4: Move objects 0.551ms
[30.585s][info][gc,heap        ] GC(348) DefNew: 24001K(157248K)->0K(157248K) Eden: 23518K(139776K)->0K(139776K) From: 482K(17472K)->0K(17472K)
[30.585s][info][gc,heap        ] GC(348) Tenured: 38542K(349568K)->39171K(349568K)
[30.585s][info][gc,metaspace   ] GC(348) Metaspace: 72682K(73088K)->72669K(73088K) NonClass: 57536K(57792K)->57527K(57792K) Class: 15146K(15296K)->15142K(15296K)
[30.585s][info][gc             ] GC(348) Pause Full (System.gc()) 61M->38M(494M) 126.375ms
[30.585s][info][gc,cpu         ] GC(348) User=0.13s Sys=0.00s Real=0.13s
[30.667s][info][gc,start       ] GC(349) Pause Young (Allocation Failure)
[30.682s][info][gc,heap        ] GC(349) DefNew: 139776K(157248K)->3326K(157248K) Eden: 139776K(139776K)->0K(139776K) From: 0K(17472K)->3326K(17472K)
[30.682s][info][gc,heap        ] GC(349) Tenured: 39171K(349568K)->39171K(349568K)
[30.682s][info][gc,metaspace   ] GC(349) Metaspace: 72842K(73216K)->72842K(73216K) NonClass: 57699K(57920K)->57699K(57920K) Class: 15143K(15296K)->15143K(15296K)
[30.682s][info][gc             ] GC(349) Pause Young (Allocation Failure) 174M->41M(494M) 14.714ms
[30.682s][info][gc,cpu         ] GC(349) User=0.02s Sys=0.00s Real=0.02s
[30.720s][info][gc,start       ] GC(350) Pause Young (Allocation Failure)
[30.734s][info][gc,heap        ] GC(350) DefNew: 143102K(157248K)->3460K(157248K) Eden: 139776K(139776K)->0K(139776K) From: 3326K(17472K)->3460K(17472K)
[30.734s][info][gc,heap        ] GC(350) Tenured: 39171K(349568K)->39171K(349568K)
[30.734s][info][gc,metaspace   ] GC(350) Metaspace: 72842K(73216K)->72842K(73216K) NonClass: 57699K(57920K)->57699K(57920K) Class: 15143K(15296K)->15143K(15296K)
[30.734s][info][gc             ] GC(350) Pause Young (Allocation Failure) 178M->41M(494M) 13.450ms
[30.734s][info][gc,cpu         ] GC(350) User=0.02s Sys=0.00s Real=0.01s
[30.771s][info][gc,start       ] GC(351) Pause Young (Allocation Failure)
[30.784s][info][gc,heap        ] GC(351) DefNew: 143236K(157248K)->3602K(157248K) Eden: 139776K(139776K)->0K(139776K) From: 3460K(17472K)->3602K(17472K)
[30.784s][info][gc,heap        ] GC(351) Tenured: 39171K(349568K)->39171K(349568K)
[30.784s][info][gc,metaspace   ] GC(351) Metaspace: 72842K(73216K)->72842K(73216K) NonClass: 57699K(57920K)->57699K(57920K) Class: 15143K(15296K)->15143K(15296K)
[30.784s][info][gc             ] GC(351) Pause Young (Allocation Failure) 178M->41M(494M) 13.142ms
[30.785s][info][gc,cpu         ] GC(351) User=0.00s Sys=0.00s Real=0.00s
[30.823s][info][gc,start       ] GC(352) Pause Young (Allocation Failure)
[30.835s][info][gc,heap        ] GC(352) DefNew: 143378K(157248K)->3573K(157248K) Eden: 139776K(139776K)->0K(139776K) From: 3602K(17472K)->3573K(17472K)
[30.835s][info][gc,heap        ] GC(352) Tenured: 39171K(349568K)->39171K(349568K)
[30.835s][info][gc,metaspace   ] GC(352) Metaspace: 72842K(73216K)->72842K(73216K) NonClass: 57699K(57920K)->57699K(57920K) Class: 15143K(15296K)->15143K(15296K)
[30.835s][info][gc             ] GC(352) Pause Young (Allocation Failure) 178M->41M(494M) 12.606ms
[30.835s][info][gc,cpu         ] GC(352) User=0.00s Sys=0.00s Real=0.00s
[30.873s][info][gc,start       ] GC(353) Pause Young (Allocation Failure)
[30.887s][info][gc,heap        ] GC(353) DefNew: 143349K(157248K)->3546K(157248K) Eden: 139776K(139776K)->0K(139776K) From: 3573K(17472K)->3546K(17472K)
[30.887s][info][gc,heap        ] GC(353) Tenured: 39171K(349568K)->39171K(349568K)
[30.887s][info][gc,metaspace   ] GC(353) Metaspace: 72842K(73216K)->72842K(73216K) NonClass: 57699K(57920K)->57699K(57920K) Class: 15143K(15296K)->15143K(15296K)
[30.887s][info][gc             ] GC(353) Pause Young (Allocation Failure) 178M->41M(494M) 14.021ms
[30.887s][info][gc,cpu         ] GC(353) User=0.00s Sys=0.00s Real=0.00s
[30.925s][info][gc,start       ] GC(354) Pause Young (Allocation Failure)
[30.938s][info][gc,heap        ] GC(354) DefNew: 143322K(157248K)->3592K(157248K) Eden: 139776K(139776K)->0K(139776K) From: 3546K(17472K)->3592K(17472K)
[30.938s][info][gc,heap        ] GC(354) Tenured: 39171K(349568K)->39171K(349568K)
[30.938s][info][gc,metaspace   ] GC(354) Metaspace: 72842K(73216K)->72842K(73216K) NonClass: 57699K(57920K)->57699K(57920K) Class: 15143K(15296K)->15143K(15296K)
[30.938s][info][gc             ] GC(354) Pause Young (Allocation Failure) 178M->41M(494M) 13.051ms
[30.938s][info][gc,cpu         ] GC(354) User=0.00s Sys=0.00s Real=0.00s
[30.974s][info][gc,start       ] GC(355) Pause Young (Allocation Failure)
[30.988s][info][gc,heap        ] GC(355) DefNew: 143368K(157248K)->3496K(157248K) Eden: 139776K(139776K)->0K(139776K) From: 3592K(17472K)->3496K(17472K)
[30.988s][info][gc,heap        ] GC(355) Tenured: 39171K(349568K)->39171K(349568K)
[30.988s][info][gc,metaspace   ] GC(355) Metaspace: 72842K(73216K)->72842K(73216K) NonClass: 57699K(57920K)->57699K(57920K) Class: 15143K(15296K)->15143K(15296K)
[30.988s][info][gc             ] GC(355) Pause Young (Allocation Failure) 178M->41M(494M) 13.659ms
[30.988s][info][gc,cpu         ] GC(355) User=0.00s Sys=0.00s Real=0.00s
[31.026s][info][gc,start       ] GC(356) Pause Young (Allocation Failure)
[31.038s][info][gc,heap        ] GC(356) DefNew: 143272K(157248K)->3487K(157248K) Eden: 139776K(139776K)->0K(139776K) From: 3496K(17472K)->3487K(17472K)
[31.038s][info][gc,heap        ] GC(356) Tenured: 39171K(349568K)->39171K(349568K)
[31.038s][info][gc,metaspace   ] GC(356) Metaspace: 72842K(73216K)->72842K(73216K) NonClass: 57699K(57920K)->57699K(57920K) Class: 15143K(15296K)->15143K(15296K)
[31.038s][info][gc             ] GC(356) Pause Young (Allocation Failure) 178M->41M(494M) 12.740ms
[31.038s][info][gc,cpu         ] GC(356) User=0.00s Sys=0.00s Real=0.00s
[31.074s][info][gc,start       ] GC(357) Pause Young (Allocation Failure)
[31.086s][info][gc,heap        ] GC(357) DefNew: 143263K(157248K)->3453K(157248K) Eden: 139776K(139776K)->0K(139776K) From: 3487K(17472K)->3453K(17472K)
[31.086s][info][gc,heap        ] GC(357) Tenured: 39171K(349568K)->39171K(349568K)
[31.086s][info][gc,metaspace   ] GC(357) Metaspace: 72842K(73216K)->72842K(73216K) NonClass: 57699K(57920K)->57699K(57920K) Class: 15143K(15296K)->15143K(15296K)
[31.086s][info][gc             ] GC(357) Pause Young (Allocation Failure) 178M->41M(494M) 11.930ms
[31.086s][info][gc,cpu         ] GC(357) User=0.00s Sys=0.00s Real=0.00s
[31.124s][info][gc,start       ] GC(358) Pause Young (Allocation Failure)
[31.138s][info][gc,heap        ] GC(358) DefNew: 143229K(157248K)->3472K(157248K) Eden: 139776K(139776K)->0K(139776K) From: 3453K(17472K)->3472K(17472K)
[31.138s][info][gc,heap        ] GC(358) Tenured: 39171K(349568K)->39171K(349568K)
[31.138s][info][gc,metaspace   ] GC(358) Metaspace: 72842K(73216K)->72842K(73216K) NonClass: 57699K(57920K)->57699K(57920K) Class: 15143K(15296K)->15143K(15296K)
[31.138s][info][gc             ] GC(358) Pause Young (Allocation Failure) 178M->41M(494M) 13.640ms
[31.138s][info][gc,cpu         ] GC(358) User=0.00s Sys=0.00s Real=0.00s
[31.176s][info][gc,start       ] GC(359) Pause Young (Allocation Failure)
[31.189s][info][gc,heap        ] GC(359) DefNew: 143248K(157248K)->3534K(157248K) Eden: 139776K(139776K)->0K(139776K) From: 3472K(17472K)->3534K(17472K)
[31.189s][info][gc,heap        ] GC(359) Tenured: 39171K(349568K)->39171K(349568K)
[31.189s][info][gc,metaspace   ] GC(359) Metaspace: 72842K(73216K)->72842K(73216K) NonClass: 57699K(57920K)->57699K(57920K) Class: 15143K(15296K)->15143K(15296K)
[31.189s][info][gc             ] GC(359) Pause Young (Allocation Failure) 178M->41M(494M) 12.856ms
[31.189s][info][gc,cpu         ] GC(359) User=0.00s Sys=0.00s Real=0.00s
[31.226s][info][gc,start       ] GC(360) Pause Young (Allocation Failure)
[31.238s][info][gc,heap        ] GC(360) DefNew: 143310K(157248K)->3525K(157248K) Eden: 139776K(139776K)->0K(139776K) From: 3534K(17472K)->3525K(17472K)
[31.238s][info][gc,heap        ] GC(360) Tenured: 39171K(349568K)->39171K(349568K)
[31.238s][info][gc,metaspace   ] GC(360) Metaspace: 72842K(73216K)->72842K(73216K) NonClass: 57699K(57920K)->57699K(57920K) Class: 15143K(15296K)->15143K(15296K)
[31.238s][info][gc             ] GC(360) Pause Young (Allocation Failure) 178M->41M(494M) 12.456ms
[31.238s][info][gc,cpu         ] GC(360) User=0.00s Sys=0.00s Real=0.00s
[31.275s][info][gc,start       ] GC(361) Pause Young (Allocation Failure)
[31.287s][info][gc,heap        ] GC(361) DefNew: 143301K(157248K)->3530K(157248K) Eden: 139775K(139776K)->0K(139776K) From: 3525K(17472K)->3530K(17472K)
[31.288s][info][gc,heap        ] GC(361) Tenured: 39171K(349568K)->39171K(349568K)
[31.288s][info][gc,metaspace   ] GC(361) Metaspace: 72842K(73216K)->72842K(73216K) NonClass: 57699K(57920K)->57699K(57920K) Class: 15143K(15296K)->15143K(15296K)
[31.288s][info][gc             ] GC(361) Pause Young (Allocation Failure) 178M->41M(494M) 12.135ms
[31.288s][info][gc,cpu         ] GC(361) User=0.00s Sys=0.00s Real=0.00s
[31.326s][info][gc,start       ] GC(362) Pause Young (Allocation Failure)
[31.338s][info][gc,heap        ] GC(362) DefNew: 143306K(157248K)->3482K(157248K) Eden: 139776K(139776K)->0K(139776K) From: 3530K(17472K)->3482K(17472K)
[31.338s][info][gc,heap        ] GC(362) Tenured: 39171K(349568K)->39171K(349568K)
[31.338s][info][gc,metaspace   ] GC(362) Metaspace: 72842K(73216K)->72842K(73216K) NonClass: 57699K(57920K)->57699K(57920K) Class: 15143K(15296K)->15143K(15296K)
[31.338s][info][gc             ] GC(362) Pause Young (Allocation Failure) 178M->41M(494M) 12.110ms
[31.338s][info][gc,cpu         ] GC(362) User=0.00s Sys=0.00s Real=0.00s
[31.376s][info][gc,start       ] GC(363) Pause Young (Allocation Failure)
[31.389s][info][gc,heap        ] GC(363) DefNew: 143258K(157248K)->3557K(157248K) Eden: 139776K(139776K)->0K(139776K) From: 3482K(17472K)->3557K(17472K)
[31.389s][info][gc,heap        ] GC(363) Tenured: 39171K(349568K)->39171K(349568K)
[31.389s][info][gc,metaspace   ] GC(363) Metaspace: 72842K(73216K)->72842K(73216K) NonClass: 57699K(57920K)->57699K(57920K) Class: 15143K(15296K)->15143K(15296K)
[31.389s][info][gc             ] GC(363) Pause Young (Allocation Failure) 178M->41M(494M) 13.606ms
[31.389s][info][gc,cpu         ] GC(363) User=0.00s Sys=0.00s Real=0.00s
[31.427s][info][gc,start       ] GC(364) Pause Young (Allocation Failure)
[31.440s][info][gc,heap        ] GC(364) DefNew: 143333K(157248K)->1395K(157248K) Eden: 139776K(139776K)->0K(139776K) From: 3557K(17472K)->1395K(17472K)
[31.440s][info][gc,heap        ] GC(364) Tenured: 39171K(349568K)->41253K(349568K)
[31.440s][info][gc,metaspace   ] GC(364) Metaspace: 72842K(73216K)->72842K(73216K) NonClass: 57699K(57920K)->57699K(57920K) Class: 15143K(15296K)->15143K(15296K)
[31.440s][info][gc             ] GC(364) Pause Young (Allocation Failure) 178M->41M(494M) 13.406ms
[31.441s][info][gc,cpu         ] GC(364) User=0.02s Sys=0.00s Real=0.01s
[31.477s][info][gc,start       ] GC(365) Pause Young (Allocation Failure)
[31.485s][info][gc,heap        ] GC(365) DefNew: 141171K(157248K)->1461K(157248K) Eden: 139776K(139776K)->0K(139776K) From: 1395K(17472K)->1461K(17472K)
[31.485s][info][gc,heap        ] GC(365) Tenured: 41253K(349568K)->41262K(349568K)
[31.485s][info][gc,metaspace   ] GC(365) Metaspace: 72842K(73216K)->72842K(73216K) NonClass: 57699K(57920K)->57699K(57920K) Class: 15143K(15296K)->15143K(15296K)
[31.485s][info][gc             ] GC(365) Pause Young (Allocation Failure) 178M->41M(494M) 8.445ms
[31.485s][info][gc,cpu         ] GC(365) User=0.00s Sys=0.00s Real=0.01s
[31.521s][info][gc,start       ] GC(366) Pause Young (Allocation Failure)
[31.529s][info][gc,heap        ] GC(366) DefNew: 141237K(157248K)->1468K(157248K) Eden: 139776K(139776K)->0K(139776K) From: 1461K(17472K)->1468K(17472K)
[31.529s][info][gc,heap        ] GC(366) Tenured: 41262K(349568K)->41265K(349568K)
[31.529s][info][gc,metaspace   ] GC(366) Metaspace: 72842K(73216K)->72842K(73216K) NonClass: 57699K(57920K)->57699K(57920K) Class: 15143K(15296K)->15143K(15296K)
[31.529s][info][gc             ] GC(366) Pause Young (Allocation Failure) 178M->41M(494M) 8.507ms
[31.529s][info][gc,cpu         ] GC(366) User=0.00s Sys=0.00s Real=0.00s
[31.564s][info][gc,start       ] GC(367) Pause Young (Allocation Failure)
[31.572s][info][gc,heap        ] GC(367) DefNew: 141244K(157248K)->1372K(157248K) Eden: 139776K(139776K)->0K(139776K) From: 1468K(17472K)->1372K(17472K)
[31.573s][info][gc,heap        ] GC(367) Tenured: 41265K(349568K)->41268K(349568K)
[31.573s][info][gc,metaspace   ] GC(367) Metaspace: 72842K(73216K)->72842K(73216K) NonClass: 57699K(57920K)->57699K(57920K) Class: 15143K(15296K)->15143K(15296K)
[31.573s][info][gc             ] GC(367) Pause Young (Allocation Failure) 178M->41M(494M) 8.192ms
[31.573s][info][gc,cpu         ] GC(367) User=0.00s Sys=0.00s Real=0.00s
[31.608s][info][gc,start       ] GC(368) Pause Young (Allocation Failure)
[31.617s][info][gc,heap        ] GC(368) DefNew: 141148K(157248K)->1425K(157248K) Eden: 139776K(139776K)->0K(139776K) From: 1372K(17472K)->1425K(17472K)
[31.617s][info][gc,heap        ] GC(368) Tenured: 41268K(349568K)->41268K(349568K)
[31.617s][info][gc,metaspace   ] GC(368) Metaspace: 72842K(73216K)->72842K(73216K) NonClass: 57699K(57920K)->57699K(57920K) Class: 15143K(15296K)->15143K(15296K)
[31.617s][info][gc             ] GC(368) Pause Young (Allocation Failure) 178M->41M(494M) 8.969ms
[31.617s][info][gc,cpu         ] GC(368) User=0.00s Sys=0.00s Real=0.00s
[31.652s][info][gc,start       ] GC(369) Pause Young (Allocation Failure)
[31.661s][info][gc,heap        ] GC(369) DefNew: 141201K(157248K)->1442K(157248K) Eden: 139775K(139776K)->0K(139776K) From: 1425K(17472K)->1442K(17472K)
[31.661s][info][gc,heap        ] GC(369) Tenured: 41268K(349568K)->41270K(349568K)
[31.661s][info][gc,metaspace   ] GC(369) Metaspace: 72842K(73216K)->72842K(73216K) NonClass: 57699K(57920K)->57699K(57920K) Class: 15143K(15296K)->15143K(15296K)
[31.661s][info][gc             ] GC(369) Pause Young (Allocation Failure) 178M->41M(494M) 8.928ms
[31.661s][info][gc,cpu         ] GC(369) User=0.00s Sys=0.00s Real=0.00s
[31.696s][info][gc,start       ] GC(370) Pause Young (Allocation Failure)
[31.705s][info][gc,heap        ] GC(370) DefNew: 141218K(157248K)->1412K(157248K) Eden: 139776K(139776K)->0K(139776K) From: 1442K(17472K)->1412K(17472K)
[31.705s][info][gc,heap        ] GC(370) Tenured: 41270K(349568K)->41270K(349568K)
[31.705s][info][gc,metaspace   ] GC(370) Metaspace: 72842K(73216K)->72842K(73216K) NonClass: 57699K(57920K)->57699K(57920K) Class: 15143K(15296K)->15143K(15296K)
[31.705s][info][gc             ] GC(370) Pause Young (Allocation Failure) 178M->41M(494M) 8.337ms
[31.705s][info][gc,cpu         ] GC(370) User=0.00s Sys=0.00s Real=0.00s
[31.740s][info][gc,start       ] GC(371) Pause Young (Allocation Failure)
[31.748s][info][gc,heap        ] GC(371) DefNew: 141188K(157248K)->1381K(157248K) Eden: 139776K(139776K)->0K(139776K) From: 1412K(17472K)->1381K(17472K)
[31.748s][info][gc,heap        ] GC(371) Tenured: 41270K(349568K)->41270K(349568K)
[31.748s][info][gc,metaspace   ] GC(371) Metaspace: 72842K(73216K)->72842K(73216K) NonClass: 57699K(57920K)->57699K(57920K) Class: 15143K(15296K)->15143K(15296K)
[31.748s][info][gc             ] GC(371) Pause Young (Allocation Failure) 178M->41M(494M) 8.191ms
[31.749s][info][gc,cpu         ] GC(371) User=0.02s Sys=0.00s Real=0.00s
[31.783s][info][gc,start       ] GC(372) Pause Young (Allocation Failure)
[31.792s][info][gc,heap        ] GC(372) DefNew: 141157K(157248K)->1469K(157248K) Eden: 139776K(139776K)->0K(139776K) From: 1381K(17472K)->1469K(17472K)
[31.792s][info][gc,heap        ] GC(372) Tenured: 41270K(349568K)->41270K(349568K)
[31.792s][info][gc,metaspace   ] GC(372) Metaspace: 72842K(73216K)->72842K(73216K) NonClass: 57699K(57920K)->57699K(57920K) Class: 15143K(15296K)->15143K(15296K)
[31.792s][info][gc             ] GC(372) Pause Young (Allocation Failure) 178M->41M(494M) 8.413ms
[31.792s][info][gc,cpu         ] GC(372) User=0.00s Sys=0.00s Real=0.00s
[31.827s][info][gc,start       ] GC(373) Pause Young (Allocation Failure)
[31.836s][info][gc,heap        ] GC(373) DefNew: 141245K(157248K)->1390K(157248K) Eden: 139776K(139776K)->0K(139776K) From: 1469K(17472K)->1390K(17472K)
[31.836s][info][gc,heap        ] GC(373) Tenured: 41270K(349568K)->41270K(349568K)
[31.836s][info][gc,metaspace   ] GC(373) Metaspace: 72842K(73216K)->72842K(73216K) NonClass: 57699K(57920K)->57699K(57920K) Class: 15143K(15296K)->15143K(15296K)
[31.836s][info][gc             ] GC(373) Pause Young (Allocation Failure) 178M->41M(494M) 9.046ms
[31.836s][info][gc,cpu         ] GC(373) User=0.00s Sys=0.00s Real=0.00s
[31.872s][info][gc,start       ] GC(374) Pause Young (Allocation Failure)
[31.880s][info][gc,heap        ] GC(374) DefNew: 141166K(157248K)->1410K(157248K) Eden: 139776K(139776K)->0K(139776K) From: 1390K(17472K)->1410K(17472K)
[31.880s][info][gc,heap        ] GC(374) Tenured: 41270K(349568K)->41270K(349568K)
[31.881s][info][gc,metaspace   ] GC(374) Metaspace: 72842K(73216K)->72842K(73216K) NonClass: 57699K(57920K)->57699K(57920K) Class: 15143K(15296K)->15143K(15296K)
[31.881s][info][gc             ] GC(374) Pause Young (Allocation Failure) 178M->41M(494M) 8.981ms
[31.881s][info][gc,cpu         ] GC(374) User=0.00s Sys=0.00s Real=0.00s
[31.916s][info][gc,start       ] GC(375) Pause Young (Allocation Failure)
[32.029s][info][gc,heap        ] GC(375) DefNew: 141186K(157248K)->1397K(157248K) Eden: 139776K(139776K)->0K(139776K) From: 1410K(17472K)->1397K(17472K)
[32.029s][info][gc,heap        ] GC(375) Tenured: 41270K(349568K)->41306K(349568K)
[32.029s][info][gc,metaspace   ] GC(375) Metaspace: 72842K(73216K)->72842K(73216K) NonClass: 57699K(57920K)->57699K(57920K) Class: 15143K(15296K)->15143K(15296K)
[32.030s][info][gc             ] GC(375) Pause Young (Allocation Failure) 178M->41M(494M) 113.514ms
[32.030s][info][gc,cpu         ] GC(375) User=0.02s Sys=0.00s Real=0.11s
[32.075s][info][gc,start       ] GC(376) Pause Young (Allocation Failure)
[32.083s][info][gc,heap        ] GC(376) DefNew: 141173K(157248K)->1372K(157248K) Eden: 139776K(139776K)->0K(139776K) From: 1397K(17472K)->1372K(17472K)
[32.083s][info][gc,heap        ] GC(376) Tenured: 41306K(349568K)->41306K(349568K)
[32.083s][info][gc,metaspace   ] GC(376) Metaspace: 72842K(73216K)->72842K(73216K) NonClass: 57699K(57920K)->57699K(57920K) Class: 15143K(15296K)->15143K(15296K)
[32.083s][info][gc             ] GC(376) Pause Young (Allocation Failure) 178M->41M(494M) 8.151ms
[32.083s][info][gc,cpu         ] GC(376) User=0.00s Sys=0.00s Real=0.00s
[32.119s][info][gc,start       ] GC(377) Pause Young (Allocation Failure)
[32.127s][info][gc,heap        ] GC(377) DefNew: 141148K(157248K)->1362K(157248K) Eden: 139776K(139776K)->0K(139776K) From: 1372K(17472K)->1362K(17472K)
[32.127s][info][gc,heap        ] GC(377) Tenured: 41306K(349568K)->41306K(349568K)
[32.127s][info][gc,metaspace   ] GC(377) Metaspace: 72842K(73216K)->72842K(73216K) NonClass: 57699K(57920K)->57699K(57920K) Class: 15143K(15296K)->15143K(15296K)
[32.127s][info][gc             ] GC(377) Pause Young (Allocation Failure) 178M->41M(494M) 8.091ms
[32.127s][info][gc,cpu         ] GC(377) User=0.00s Sys=0.00s Real=0.00s
[32.162s][info][gc,start       ] GC(378) Pause Young (Allocation Failure)
[32.170s][info][gc,heap        ] GC(378) DefNew: 141138K(157248K)->1416K(157248K) Eden: 139776K(139776K)->0K(139776K) From: 1362K(17472K)->1416K(17472K)
[32.171s][info][gc,heap        ] GC(378) Tenured: 41306K(349568K)->41306K(349568K)
[32.171s][info][gc,metaspace   ] GC(378) Metaspace: 72842K(73216K)->72842K(73216K) NonClass: 57699K(57920K)->57699K(57920K) Class: 15143K(15296K)->15143K(15296K)
[32.171s][info][gc             ] GC(378) Pause Young (Allocation Failure) 178M->41M(494M) 8.371ms
[32.171s][info][gc,cpu         ] GC(378) User=0.02s Sys=0.00s Real=0.00s
[32.206s][info][gc,start       ] GC(379) Pause Young (Allocation Failure)
[32.214s][info][gc,heap        ] GC(379) DefNew: 141192K(157248K)->1395K(157248K) Eden: 139776K(139776K)->0K(139776K) From: 1416K(17472K)->1395K(17472K)
[32.214s][info][gc,heap        ] GC(379) Tenured: 41306K(349568K)->41306K(349568K)
[32.214s][info][gc,metaspace   ] GC(379) Metaspace: 72842K(73216K)->72842K(73216K) NonClass: 57699K(57920K)->57699K(57920K) Class: 15143K(15296K)->15143K(15296K)
[32.214s][info][gc             ] GC(379) Pause Young (Allocation Failure) 178M->41M(494M) 8.267ms
[32.214s][info][gc,cpu         ] GC(379) User=0.00s Sys=0.00s Real=0.00s
[32.249s][info][gc,start       ] GC(380) Pause Young (Allocation Failure)
[32.257s][info][gc,heap        ] GC(380) DefNew: 141171K(157248K)->1369K(157248K) Eden: 139776K(139776K)->0K(139776K) From: 1395K(17472K)->1369K(17472K)
[32.257s][info][gc,heap        ] GC(380) Tenured: 41306K(349568K)->41306K(349568K)
[32.257s][info][gc,metaspace   ] GC(380) Metaspace: 72842K(73216K)->72842K(73216K) NonClass: 57699K(57920K)->57699K(57920K) Class: 15143K(15296K)->15143K(15296K)
[32.257s][info][gc             ] GC(380) Pause Young (Allocation Failure) 178M->41M(494M) 7.993ms
[32.257s][info][gc,cpu         ] GC(380) User=0.00s Sys=0.00s Real=0.00s
[32.293s][info][gc,start       ] GC(381) Pause Young (Allocation Failure)
[32.301s][info][gc,heap        ] GC(381) DefNew: 141145K(157248K)->1461K(157248K) Eden: 139776K(139776K)->0K(139776K) From: 1369K(17472K)->1461K(17472K)
[32.301s][info][gc,heap        ] GC(381) Tenured: 41306K(349568K)->41307K(349568K)
[32.301s][info][gc,metaspace   ] GC(381) Metaspace: 72842K(73216K)->72842K(73216K) NonClass: 57699K(57920K)->57699K(57920K) Class: 15143K(15296K)->15143K(15296K)
[32.301s][info][gc             ] GC(381) Pause Young (Allocation Failure) 178M->41M(494M) 8.531ms
[32.301s][info][gc,cpu         ] GC(381) User=0.00s Sys=0.00s Real=0.01s
[32.336s][info][gc,start       ] GC(382) Pause Young (Allocation Failure)
[32.344s][info][gc,heap        ] GC(382) DefNew: 141237K(157248K)->1405K(157248K) Eden: 139776K(139776K)->0K(139776K) From: 1461K(17472K)->1405K(17472K)
[32.344s][info][gc,heap        ] GC(382) Tenured: 41307K(349568K)->41308K(349568K)
[32.344s][info][gc,metaspace   ] GC(382) Metaspace: 72842K(73216K)->72842K(73216K) NonClass: 57699K(57920K)->57699K(57920K) Class: 15143K(15296K)->15143K(15296K)
[32.344s][info][gc             ] GC(382) Pause Young (Allocation Failure) 178M->41M(494M) 8.204ms
[32.344s][info][gc,cpu         ] GC(382) User=0.00s Sys=0.00s Real=0.00s
[32.380s][info][gc,start       ] GC(383) Pause Young (Allocation Failure)
[32.388s][info][gc,heap        ] GC(383) DefNew: 141181K(157248K)->1443K(157248K) Eden: 139776K(139776K)->0K(139776K) From: 1405K(17472K)->1443K(17472K)
[32.388s][info][gc,heap        ] GC(383) Tenured: 41308K(349568K)->41308K(349568K)
[32.388s][info][gc,metaspace   ] GC(383) Metaspace: 72842K(73216K)->72842K(73216K) NonClass: 57699K(57920K)->57699K(57920K) Class: 15143K(15296K)->15143K(15296K)
[32.388s][info][gc             ] GC(383) Pause Young (Allocation Failure) 178M->41M(494M) 8.562ms
[32.388s][info][gc,cpu         ] GC(383) User=0.00s Sys=0.00s Real=0.00s
[32.424s][info][gc,start       ] GC(384) Pause Young (Allocation Failure)
[32.432s][info][gc,heap        ] GC(384) DefNew: 141219K(157248K)->1434K(157248K) Eden: 139776K(139776K)->0K(139776K) From: 1443K(17472K)->1434K(17472K)
[32.433s][info][gc,heap        ] GC(384) Tenured: 41308K(349568K)->41309K(349568K)
[32.433s][info][gc,metaspace   ] GC(384) Metaspace: 72842K(73216K)->72842K(73216K) NonClass: 57699K(57920K)->57699K(57920K) Class: 15143K(15296K)->15143K(15296K)
[32.433s][info][gc             ] GC(384) Pause Young (Allocation Failure) 178M->41M(494M) 8.277ms
[32.433s][info][gc,cpu         ] GC(384) User=0.00s Sys=0.00s Real=0.00s
[32.468s][info][gc,start       ] GC(385) Pause Young (Allocation Failure)
[32.476s][info][gc,heap        ] GC(385) DefNew: 141210K(157248K)->1383K(157248K) Eden: 139776K(139776K)->0K(139776K) From: 1434K(17472K)->1383K(17472K)
[32.476s][info][gc,heap        ] GC(385) Tenured: 41309K(349568K)->41310K(349568K)
[32.476s][info][gc,metaspace   ] GC(385) Metaspace: 72842K(73216K)->72842K(73216K) NonClass: 57699K(57920K)->57699K(57920K) Class: 15143K(15296K)->15143K(15296K)
[32.476s][info][gc             ] GC(385) Pause Young (Allocation Failure) 178M->41M(494M) 8.039ms
[32.476s][info][gc,cpu         ] GC(385) User=0.00s Sys=0.00s Real=0.00s
[32.512s][info][gc,start       ] GC(386) Pause Young (Allocation Failure)
[32.520s][info][gc,heap        ] GC(386) DefNew: 141159K(157248K)->1396K(157248K) Eden: 139776K(139776K)->0K(139776K) From: 1383K(17472K)->1396K(17472K)
[32.520s][info][gc,heap        ] GC(386) Tenured: 41310K(349568K)->41310K(349568K)
[32.520s][info][gc,metaspace   ] GC(386) Metaspace: 72842K(73216K)->72842K(73216K) NonClass: 57699K(57920K)->57699K(57920K) Class: 15143K(15296K)->15143K(15296K)
[32.520s][info][gc             ] GC(386) Pause Young (Allocation Failure) 178M->41M(494M) 8.384ms
[32.520s][info][gc,cpu         ] GC(386) User=0.00s Sys=0.00s Real=0.00s
[32.556s][info][gc,start       ] GC(387) Pause Young (Allocation Failure)
[32.564s][info][gc,heap        ] GC(387) DefNew: 141172K(157248K)->1384K(157248K) Eden: 139776K(139776K)->0K(139776K) From: 1396K(17472K)->1384K(17472K)
[32.564s][info][gc,heap        ] GC(387) Tenured: 41310K(349568K)->41311K(349568K)
[32.564s][info][gc,metaspace   ] GC(387) Metaspace: 72842K(73216K)->72842K(73216K) NonClass: 57699K(57920K)->57699K(57920K) Class: 15143K(15296K)->15143K(15296K)
[32.564s][info][gc             ] GC(387) Pause Young (Allocation Failure) 178M->41M(494M) 8.099ms
[32.564s][info][gc,cpu         ] GC(387) User=0.00s Sys=0.00s Real=0.00s
[32.599s][info][gc,start       ] GC(388) Pause Young (Allocation Failure)
[32.607s][info][gc,heap        ] GC(388) DefNew: 141160K(157248K)->1416K(157248K) Eden: 139776K(139776K)->0K(139776K) From: 1384K(17472K)->1416K(17472K)
[32.607s][info][gc,heap        ] GC(388) Tenured: 41311K(349568K)->41311K(349568K)
[32.607s][info][gc,metaspace   ] GC(388) Metaspace: 72842K(73216K)->72842K(73216K) NonClass: 57699K(57920K)->57699K(57920K) Class: 15143K(15296K)->15143K(15296K)
[32.607s][info][gc             ] GC(388) Pause Young (Allocation Failure) 178M->41M(494M) 8.158ms
[32.607s][info][gc,cpu         ] GC(388) User=0.00s Sys=0.00s Real=0.00s
[32.643s][info][gc,start       ] GC(389) Pause Young (Allocation Failure)
[32.652s][info][gc,heap        ] GC(389) DefNew: 141192K(157248K)->1431K(157248K) Eden: 139776K(139776K)->0K(139776K) From: 1416K(17472K)->1431K(17472K)
[32.652s][info][gc,heap        ] GC(389) Tenured: 41311K(349568K)->41311K(349568K)
[32.652s][info][gc,metaspace   ] GC(389) Metaspace: 72842K(73216K)->72842K(73216K) NonClass: 57699K(57920K)->57699K(57920K) Class: 15143K(15296K)->15143K(15296K)
[32.652s][info][gc             ] GC(389) Pause Young (Allocation Failure) 178M->41M(494M) 9.205ms
[32.652s][info][gc,cpu         ] GC(389) User=0.00s Sys=0.00s Real=0.00s
[32.688s][info][gc,start       ] GC(390) Pause Young (Allocation Failure)
[32.696s][info][gc,heap        ] GC(390) DefNew: 141207K(157248K)->1375K(157248K) Eden: 139776K(139776K)->0K(139776K) From: 1431K(17472K)->1375K(17472K)
[32.696s][info][gc,heap        ] GC(390) Tenured: 41311K(349568K)->41311K(349568K)
[32.696s][info][gc,metaspace   ] GC(390) Metaspace: 72842K(73216K)->72842K(73216K) NonClass: 57699K(57920K)->57699K(57920K) Class: 15143K(15296K)->15143K(15296K)
[32.696s][info][gc             ] GC(390) Pause Young (Allocation Failure) 178M->41M(494M) 8.556ms
[32.696s][info][gc,cpu         ] GC(390) User=0.00s Sys=0.00s Real=0.00s
[32.732s][info][gc,start       ] GC(391) Pause Young (Allocation Failure)
[32.740s][info][gc,heap        ] GC(391) DefNew: 141151K(157248K)->1439K(157248K) Eden: 139776K(139776K)->0K(139776K) From: 1375K(17472K)->1439K(17472K)
[32.740s][info][gc,heap        ] GC(391) Tenured: 41311K(349568K)->41311K(349568K)
[32.740s][info][gc,metaspace   ] GC(391) Metaspace: 72842K(73216K)->72842K(73216K) NonClass: 57699K(57920K)->57699K(57920K) Class: 15143K(15296K)->15143K(15296K)
[32.740s][info][gc             ] GC(391) Pause Young (Allocation Failure) 178M->41M(494M) 8.525ms
[32.740s][info][gc,cpu         ] GC(391) User=0.00s Sys=0.00s Real=0.00s
[32.776s][info][gc,start       ] GC(392) Pause Young (Allocation Failure)
[32.784s][info][gc,heap        ] GC(392) DefNew: 141215K(157248K)->1453K(157248K) Eden: 139776K(139776K)->0K(139776K) From: 1439K(17472K)->1453K(17472K)
[32.784s][info][gc,heap        ] GC(392) Tenured: 41311K(349568K)->41311K(349568K)
[32.784s][info][gc,metaspace   ] GC(392) Metaspace: 72842K(73216K)->72842K(73216K) NonClass: 57699K(57920K)->57699K(57920K) Class: 15143K(15296K)->15143K(15296K)
[32.784s][info][gc             ] GC(392) Pause Young (Allocation Failure) 178M->41M(494M) 8.322ms
[32.784s][info][gc,cpu         ] GC(392) User=0.00s Sys=0.00s Real=0.00s
[32.819s][info][gc,start       ] GC(393) Pause Young (Allocation Failure)
[32.827s][info][gc,heap        ] GC(393) DefNew: 141229K(157248K)->1431K(157248K) Eden: 139776K(139776K)->0K(139776K) From: 1453K(17472K)->1431K(17472K)
[32.827s][info][gc,heap        ] GC(393) Tenured: 41311K(349568K)->41311K(349568K)
[32.827s][info][gc,metaspace   ] GC(393) Metaspace: 72842K(73216K)->72842K(73216K) NonClass: 57699K(57920K)->57699K(57920K) Class: 15143K(15296K)->15143K(15296K)
[32.827s][info][gc             ] GC(393) Pause Young (Allocation Failure) 178M->41M(494M) 8.206ms
[32.827s][info][gc,cpu         ] GC(393) User=0.00s Sys=0.00s Real=0.00s
[32.863s][info][gc,start       ] GC(394) Pause Young (Allocation Failure)
[32.871s][info][gc,heap        ] GC(394) DefNew: 141207K(157248K)->1383K(157248K) Eden: 139776K(139776K)->0K(139776K) From: 1431K(17472K)->1383K(17472K)
[32.871s][info][gc,heap        ] GC(394) Tenured: 41311K(349568K)->41334K(349568K)
[32.871s][info][gc,metaspace   ] GC(394) Metaspace: 72842K(73216K)->72842K(73216K) NonClass: 57699K(57920K)->57699K(57920K) Class: 15143K(15296K)->15143K(15296K)
[32.871s][info][gc             ] GC(394) Pause Young (Allocation Failure) 178M->41M(494M) 8.191ms
[32.871s][info][gc,cpu         ] GC(394) User=0.00s Sys=0.00s Real=0.00s
[32.907s][info][gc,start       ] GC(395) Pause Young (Allocation Failure)
[32.915s][info][gc,heap        ] GC(395) DefNew: 141159K(157248K)->1414K(157248K) Eden: 139776K(139776K)->0K(139776K) From: 1383K(17472K)->1414K(17472K)
[32.915s][info][gc,heap        ] GC(395) Tenured: 41334K(349568K)->41334K(349568K)
[32.915s][info][gc,metaspace   ] GC(395) Metaspace: 72842K(73216K)->72842K(73216K) NonClass: 57699K(57920K)->57699K(57920K) Class: 15143K(15296K)->15143K(15296K)
[32.915s][info][gc             ] GC(395) Pause Young (Allocation Failure) 178M->41M(494M) 8.231ms
[32.915s][info][gc,cpu         ] GC(395) User=0.00s Sys=0.00s Real=0.00s
[32.950s][info][gc,start       ] GC(396) Pause Young (Allocation Failure)
[32.958s][info][gc,heap        ] GC(396) DefNew: 141190K(157248K)->1384K(157248K) Eden: 139776K(139776K)->0K(139776K) From: 1414K(17472K)->1384K(17472K)
[32.958s][info][gc,heap        ] GC(396) Tenured: 41334K(349568K)->41334K(349568K)
[32.958s][info][gc,metaspace   ] GC(396) Metaspace: 72842K(73216K)->72842K(73216K) NonClass: 57699K(57920K)->57699K(57920K) Class: 15143K(15296K)->15143K(15296K)
[32.958s][info][gc             ] GC(396) Pause Young (Allocation Failure) 178M->41M(494M) 8.154ms
[32.958s][info][gc,cpu         ] GC(396) User=0.00s Sys=0.00s Real=0.00s
[32.993s][info][gc,start       ] GC(397) Pause Young (Allocation Failure)
[33.001s][info][gc,heap        ] GC(397) DefNew: 141160K(157248K)->1397K(157248K) Eden: 139776K(139776K)->0K(139776K) From: 1384K(17472K)->1397K(17472K)
[33.001s][info][gc,heap        ] GC(397) Tenured: 41334K(349568K)->41334K(349568K)
[33.001s][info][gc,metaspace   ] GC(397) Metaspace: 72842K(73216K)->72842K(73216K) NonClass: 57699K(57920K)->57699K(57920K) Class: 15143K(15296K)->15143K(15296K)
[33.001s][info][gc             ] GC(397) Pause Young (Allocation Failure) 178M->41M(494M) 8.200ms
[33.001s][info][gc,cpu         ] GC(397) User=0.00s Sys=0.00s Real=0.00s
[33.037s][info][gc,start       ] GC(398) Pause Young (Allocation Failure)
[33.045s][info][gc,heap        ] GC(398) DefNew: 141173K(157248K)->1426K(157248K) Eden: 139776K(139776K)->0K(139776K) From: 1397K(17472K)->1426K(17472K)
[33.045s][info][gc,heap        ] GC(398) Tenured: 41334K(349568K)->41334K(349568K)
[33.045s][info][gc,metaspace   ] GC(398) Metaspace: 72842K(73216K)->72842K(73216K) NonClass: 57699K(57920K)->57699K(57920K) Class: 15143K(15296K)->15143K(15296K)
[33.045s][info][gc             ] GC(398) Pause Young (Allocation Failure) 178M->41M(494M) 8.344ms
[33.045s][info][gc,cpu         ] GC(398) User=0.00s Sys=0.00s Real=0.00s
[33.080s][info][gc,start       ] GC(399) Pause Young (Allocation Failure)
[33.088s][info][gc,heap        ] GC(399) DefNew: 141202K(157248K)->1373K(157248K) Eden: 139776K(139776K)->0K(139776K) From: 1426K(17472K)->1373K(17472K)
[33.088s][info][gc,heap        ] GC(399) Tenured: 41334K(349568K)->41334K(349568K)
[33.088s][info][gc,metaspace   ] GC(399) Metaspace: 72842K(73216K)->72842K(73216K) NonClass: 57699K(57920K)->57699K(57920K) Class: 15143K(15296K)->15143K(15296K)
[33.089s][info][gc             ] GC(399) Pause Young (Allocation Failure) 178M->41M(494M) 8.402ms
[33.089s][info][gc,cpu         ] GC(399) User=0.00s Sys=0.00s Real=0.00s
[33.124s][info][gc,start       ] GC(400) Pause Young (Allocation Failure)
[33.132s][info][gc,heap        ] GC(400) DefNew: 141149K(157248K)->1347K(157248K) Eden: 139776K(139776K)->0K(139776K) From: 1373K(17472K)->1347K(17472K)
[33.132s][info][gc,heap        ] GC(400) Tenured: 41334K(349568K)->41335K(349568K)
[33.132s][info][gc,metaspace   ] GC(400) Metaspace: 72842K(73216K)->72842K(73216K) NonClass: 57699K(57920K)->57699K(57920K) Class: 15143K(15296K)->15143K(15296K)
[33.132s][info][gc             ] GC(400) Pause Young (Allocation Failure) 178M->41M(494M) 8.009ms
[33.132s][info][gc,cpu         ] GC(400) User=0.00s Sys=0.00s Real=0.00s
[33.167s][info][gc,start       ] GC(401) Pause Young (Allocation Failure)
[33.175s][info][gc,heap        ] GC(401) DefNew: 141123K(157248K)->1444K(157248K) Eden: 139776K(139776K)->0K(139776K) From: 1347K(17472K)->1444K(17472K)
[33.175s][info][gc,heap        ] GC(401) Tenured: 41335K(349568K)->41335K(349568K)
[33.175s][info][gc,metaspace   ] GC(401) Metaspace: 72842K(73216K)->72842K(73216K) NonClass: 57699K(57920K)->57699K(57920K) Class: 15143K(15296K)->15143K(15296K)
[33.175s][info][gc             ] GC(401) Pause Young (Allocation Failure) 178M->41M(494M) 8.368ms
[33.175s][info][gc,cpu         ] GC(401) User=0.00s Sys=0.00s Real=0.00s
[33.210s][info][gc,start       ] GC(402) Pause Young (Allocation Failure)
[33.219s][info][gc,heap        ] GC(402) DefNew: 141220K(157248K)->1367K(157248K) Eden: 139776K(139776K)->0K(139776K) From: 1444K(17472K)->1367K(17472K)
[33.219s][info][gc,heap        ] GC(402) Tenured: 41335K(349568K)->41336K(349568K)
[33.219s][info][gc,metaspace   ] GC(402) Metaspace: 72842K(73216K)->72842K(73216K) NonClass: 57699K(57920K)->57699K(57920K) Class: 15143K(15296K)->15143K(15296K)
[33.219s][info][gc             ] GC(402) Pause Young (Allocation Failure) 178M->41M(494M) 9.163ms
[33.219s][info][gc,cpu         ] GC(402) User=0.02s Sys=0.00s Real=0.00s
[33.255s][info][gc,start       ] GC(403) Pause Young (Allocation Failure)
[33.264s][info][gc,heap        ] GC(403) DefNew: 141143K(157248K)->1397K(157248K) Eden: 139776K(139776K)->0K(139776K) From: 1367K(17472K)->1397K(17472K)
[33.264s][info][gc,heap        ] GC(403) Tenured: 41336K(349568K)->41336K(349568K)
[33.264s][info][gc,metaspace   ] GC(403) Metaspace: 72842K(73216K)->72842K(73216K) NonClass: 57699K(57920K)->57699K(57920K) Class: 15143K(15296K)->15143K(15296K)
[33.264s][info][gc             ] GC(403) Pause Young (Allocation Failure) 178M->41M(494M) 8.883ms
[33.264s][info][gc,cpu         ] GC(403) User=0.00s Sys=0.00s Real=0.00s
[33.300s][info][gc,start       ] GC(404) Pause Young (Allocation Failure)
[33.308s][info][gc,heap        ] GC(404) DefNew: 141173K(157248K)->1398K(157248K) Eden: 139776K(139776K)->0K(139776K) From: 1397K(17472K)->1398K(17472K)
[33.308s][info][gc,heap        ] GC(404) Tenured: 41336K(349568K)->41336K(349568K)
[33.308s][info][gc,metaspace   ] GC(404) Metaspace: 72842K(73216K)->72842K(73216K) NonClass: 57699K(57920K)->57699K(57920K) Class: 15143K(15296K)->15143K(15296K)
[33.308s][info][gc             ] GC(404) Pause Young (Allocation Failure) 178M->41M(494M) 8.221ms
[33.308s][info][gc,cpu         ] GC(404) User=0.00s Sys=0.00s Real=0.00s
[33.343s][info][gc,start       ] GC(405) Pause Young (Allocation Failure)
[33.351s][info][gc,heap        ] GC(405) DefNew: 141174K(157248K)->1424K(157248K) Eden: 139776K(139776K)->0K(139776K) From: 1398K(17472K)->1424K(17472K)
[33.351s][info][gc,heap        ] GC(405) Tenured: 41336K(349568K)->41336K(349568K)
[33.351s][info][gc,metaspace   ] GC(405) Metaspace: 72842K(73216K)->72842K(73216K) NonClass: 57699K(57920K)->57699K(57920K) Class: 15143K(15296K)->15143K(15296K)
[33.352s][info][gc             ] GC(405) Pause Young (Allocation Failure) 178M->41M(494M) 8.429ms
[33.352s][info][gc,cpu         ] GC(405) User=0.00s Sys=0.00s Real=0.00s
[33.387s][info][gc,start       ] GC(406) Pause Young (Allocation Failure)
[33.395s][info][gc,heap        ] GC(406) DefNew: 141200K(157248K)->1407K(157248K) Eden: 139776K(139776K)->0K(139776K) From: 1424K(17472K)->1407K(17472K)
[33.395s][info][gc,heap        ] GC(406) Tenured: 41336K(349568K)->41336K(349568K)
[33.395s][info][gc,metaspace   ] GC(406) Metaspace: 72842K(73216K)->72842K(73216K) NonClass: 57699K(57920K)->57699K(57920K) Class: 15143K(15296K)->15143K(15296K)
[33.395s][info][gc             ] GC(406) Pause Young (Allocation Failure) 178M->41M(494M) 8.297ms
[33.395s][info][gc,cpu         ] GC(406) User=0.00s Sys=0.00s Real=0.00s
[33.430s][info][gc,start       ] GC(407) Pause Young (Allocation Failure)
[33.439s][info][gc,heap        ] GC(407) DefNew: 141183K(157248K)->1398K(157248K) Eden: 139776K(139776K)->0K(139776K) From: 1407K(17472K)->1398K(17472K)
[33.439s][info][gc,heap        ] GC(407) Tenured: 41336K(349568K)->41336K(349568K)
[33.439s][info][gc,metaspace   ] GC(407) Metaspace: 72842K(73216K)->72842K(73216K) NonClass: 57699K(57920K)->57699K(57920K) Class: 15143K(15296K)->15143K(15296K)
[33.439s][info][gc             ] GC(407) Pause Young (Allocation Failure) 178M->41M(494M) 8.199ms
[33.439s][info][gc,cpu         ] GC(407) User=0.00s Sys=0.00s Real=0.00s
[33.474s][info][gc,start       ] GC(408) Pause Young (Allocation Failure)
[33.482s][info][gc,heap        ] GC(408) DefNew: 141174K(157248K)->1397K(157248K) Eden: 139776K(139776K)->0K(139776K) From: 1398K(17472K)->1397K(17472K)
[33.482s][info][gc,heap        ] GC(408) Tenured: 41336K(349568K)->41336K(349568K)
[33.482s][info][gc,metaspace   ] GC(408) Metaspace: 72842K(73216K)->72842K(73216K) NonClass: 57699K(57920K)->57699K(57920K) Class: 15143K(15296K)->15143K(15296K)
[33.482s][info][gc             ] GC(408) Pause Young (Allocation Failure) 178M->41M(494M) 8.058ms
[33.482s][info][gc,cpu         ] GC(408) User=0.02s Sys=0.00s Real=0.00s
[33.517s][info][gc,start       ] GC(409) Pause Young (Allocation Failure)
[33.526s][info][gc,heap        ] GC(409) DefNew: 141173K(157248K)->1386K(157248K) Eden: 139776K(139776K)->0K(139776K) From: 1397K(17472K)->1386K(17472K)
[33.526s][info][gc,heap        ] GC(409) Tenured: 41336K(349568K)->41336K(349568K)
[33.526s][info][gc,metaspace   ] GC(409) Metaspace: 72842K(73216K)->72842K(73216K) NonClass: 57699K(57920K)->57699K(57920K) Class: 15143K(15296K)->15143K(15296K)
[33.526s][info][gc             ] GC(409) Pause Young (Allocation Failure) 178M->41M(494M) 8.966ms
[33.526s][info][gc,cpu         ] GC(409) User=0.00s Sys=0.00s Real=0.00s
[33.562s][info][gc,start       ] GC(410) Pause Young (Allocation Failure)
[33.571s][info][gc,heap        ] GC(410) DefNew: 141162K(157248K)->1463K(157248K) Eden: 139776K(139776K)->0K(139776K) From: 1386K(17472K)->1463K(17472K)
[33.571s][info][gc,heap        ] GC(410) Tenured: 41336K(349568K)->41336K(349568K)
[33.571s][info][gc,metaspace   ] GC(410) Metaspace: 72842K(73216K)->72842K(73216K) NonClass: 57699K(57920K)->57699K(57920K) Class: 15143K(15296K)->15143K(15296K)
[33.571s][info][gc             ] GC(410) Pause Young (Allocation Failure) 178M->41M(494M) 8.945ms
[33.571s][info][gc,cpu         ] GC(410) User=0.00s Sys=0.00s Real=0.00s
[33.606s][info][gc,start       ] GC(411) Pause Young (Allocation Failure)
[33.614s][info][gc,heap        ] GC(411) DefNew: 141239K(157248K)->1362K(157248K) Eden: 139776K(139776K)->0K(139776K) From: 1463K(17472K)->1362K(17472K)
[33.614s][info][gc,heap        ] GC(411) Tenured: 41336K(349568K)->41336K(349568K)
[33.614s][info][gc,metaspace   ] GC(411) Metaspace: 72842K(73216K)->72842K(73216K) NonClass: 57699K(57920K)->57699K(57920K) Class: 15143K(15296K)->15143K(15296K)
[33.614s][info][gc             ] GC(411) Pause Young (Allocation Failure) 178M->41M(494M) 7.993ms
[33.614s][info][gc,cpu         ] GC(411) User=0.00s Sys=0.00s Real=0.00s
[33.649s][info][gc,start       ] GC(412) Pause Young (Allocation Failure)
[33.658s][info][gc,heap        ] GC(412) DefNew: 141138K(157248K)->1413K(157248K) Eden: 139776K(139776K)->0K(139776K) From: 1362K(17472K)->1413K(17472K)
[33.658s][info][gc,heap        ] GC(412) Tenured: 41336K(349568K)->41336K(349568K)
[33.658s][info][gc,metaspace   ] GC(412) Metaspace: 72842K(73216K)->72842K(73216K) NonClass: 57699K(57920K)->57699K(57920K) Class: 15143K(15296K)->15143K(15296K)
[33.658s][info][gc             ] GC(412) Pause Young (Allocation Failure) 178M->41M(494M) 8.231ms
[33.658s][info][gc,cpu         ] GC(412) User=0.00s Sys=0.00s Real=0.00s
[33.692s][info][gc,start       ] GC(413) Pause Young (Allocation Failure)
[33.700s][info][gc,heap        ] GC(413) DefNew: 141189K(157248K)->1381K(157248K) Eden: 139776K(139776K)->0K(139776K) From: 1413K(17472K)->1381K(17472K)
[33.700s][info][gc,heap        ] GC(413) Tenured: 41336K(349568K)->41336K(349568K)
[33.700s][info][gc,metaspace   ] GC(413) Metaspace: 72842K(73216K)->72842K(73216K) NonClass: 57699K(57920K)->57699K(57920K) Class: 15143K(15296K)->15143K(15296K)
[33.700s][info][gc             ] GC(413) Pause Young (Allocation Failure) 178M->41M(494M) 8.118ms
[33.700s][info][gc,cpu         ] GC(413) User=0.00s Sys=0.00s Real=0.00s
[33.736s][info][gc,start       ] GC(414) Pause Young (Allocation Failure)
[33.744s][info][gc,heap        ] GC(414) DefNew: 141157K(157248K)->1366K(157248K) Eden: 139775K(139776K)->0K(139776K) From: 1381K(17472K)->1366K(17472K)
[33.744s][info][gc,heap        ] GC(414) Tenured: 41336K(349568K)->41336K(349568K)
[33.744s][info][gc,metaspace   ] GC(414) Metaspace: 72842K(73216K)->72842K(73216K) NonClass: 57699K(57920K)->57699K(57920K) Class: 15143K(15296K)->15143K(15296K)
[33.744s][info][gc             ] GC(414) Pause Young (Allocation Failure) 178M->41M(494M) 8.006ms
[33.744s][info][gc,cpu         ] GC(414) User=0.00s Sys=0.00s Real=0.00s
[33.779s][info][gc,start       ] GC(415) Pause Young (Allocation Failure)
[33.787s][info][gc,heap        ] GC(415) DefNew: 141142K(157248K)->1417K(157248K) Eden: 139776K(139776K)->0K(139776K) From: 1366K(17472K)->1417K(17472K)
[33.787s][info][gc,heap        ] GC(415) Tenured: 41336K(349568K)->41336K(349568K)
[33.787s][info][gc,metaspace   ] GC(415) Metaspace: 72842K(73216K)->72842K(73216K) NonClass: 57699K(57920K)->57699K(57920K) Class: 15143K(15296K)->15143K(15296K)
[33.787s][info][gc             ] GC(415) Pause Young (Allocation Failure) 178M->41M(494M) 8.111ms
[33.787s][info][gc,cpu         ] GC(415) User=0.00s Sys=0.00s Real=0.00s
[33.822s][info][gc,start       ] GC(416) Pause Young (Allocation Failure)
[33.831s][info][gc,heap        ] GC(416) DefNew: 141193K(157248K)->1394K(157248K) Eden: 139776K(139776K)->0K(139776K) From: 1417K(17472K)->1394K(17472K)
[33.831s][info][gc,heap        ] GC(416) Tenured: 41336K(349568K)->41337K(349568K)
[33.831s][info][gc,metaspace   ] GC(416) Metaspace: 72842K(73216K)->72842K(73216K) NonClass: 57699K(57920K)->57699K(57920K) Class: 15143K(15296K)->15143K(15296K)
[33.831s][info][gc             ] GC(416) Pause Young (Allocation Failure) 178M->41M(494M) 8.876ms
[33.831s][info][gc,cpu         ] GC(416) User=0.00s Sys=0.00s Real=0.00s
[33.866s][info][gc,start       ] GC(417) Pause Young (Allocation Failure)
[33.875s][info][gc,heap        ] GC(417) DefNew: 141170K(157248K)->1357K(157248K) Eden: 139776K(139776K)->0K(139776K) From: 1394K(17472K)->1357K(17472K)
[33.875s][info][gc,heap        ] GC(417) Tenured: 41337K(349568K)->41360K(349568K)
[33.875s][info][gc,metaspace   ] GC(417) Metaspace: 72842K(73216K)->72842K(73216K) NonClass: 57699K(57920K)->57699K(57920K) Class: 15143K(15296K)->15143K(15296K)
[33.875s][info][gc             ] GC(417) Pause Young (Allocation Failure) 178M->41M(494M) 8.732ms
[33.875s][info][gc,cpu         ] GC(417) User=0.00s Sys=0.02s Real=0.00s
[33.910s][info][gc,start       ] GC(418) Pause Young (Allocation Failure)
[33.918s][info][gc,heap        ] GC(418) DefNew: 141133K(157248K)->1421K(157248K) Eden: 139776K(139776K)->0K(139776K) From: 1357K(17472K)->1421K(17472K)
[33.919s][info][gc,heap        ] GC(418) Tenured: 41360K(349568K)->41360K(349568K)
[33.919s][info][gc,metaspace   ] GC(418) Metaspace: 72842K(73216K)->72842K(73216K) NonClass: 57699K(57920K)->57699K(57920K) Class: 15143K(15296K)->15143K(15296K)
[33.919s][info][gc             ] GC(418) Pause Young (Allocation Failure) 178M->41M(494M) 8.324ms
[33.919s][info][gc,cpu         ] GC(418) User=0.00s Sys=0.00s Real=0.00s
[33.953s][info][gc,start       ] GC(419) Pause Young (Allocation Failure)
[33.961s][info][gc,heap        ] GC(419) DefNew: 141197K(157248K)->1374K(157248K) Eden: 139776K(139776K)->0K(139776K) From: 1421K(17472K)->1374K(17472K)
[33.961s][info][gc,heap        ] GC(419) Tenured: 41360K(349568K)->41360K(349568K)
[33.961s][info][gc,metaspace   ] GC(419) Metaspace: 72842K(73216K)->72842K(73216K) NonClass: 57699K(57920K)->57699K(57920K) Class: 15143K(15296K)->15143K(15296K)
[33.961s][info][gc             ] GC(419) Pause Young (Allocation Failure) 178M->41M(494M) 8.202ms
[33.961s][info][gc,cpu         ] GC(419) User=0.00s Sys=0.00s Real=0.00s
[33.997s][info][gc,start       ] GC(420) Pause Young (Allocation Failure)
[34.005s][info][gc,heap        ] GC(420) DefNew: 141150K(157248K)->1400K(157248K) Eden: 139776K(139776K)->0K(139776K) From: 1374K(17472K)->1400K(17472K)
[34.005s][info][gc,heap        ] GC(420) Tenured: 41360K(349568K)->41360K(349568K)
[34.005s][info][gc,metaspace   ] GC(420) Metaspace: 72842K(73216K)->72842K(73216K) NonClass: 57699K(57920K)->57699K(57920K) Class: 15143K(15296K)->15143K(15296K)
[34.005s][info][gc             ] GC(420) Pause Young (Allocation Failure) 178M->41M(494M) 8.239ms
[34.005s][info][gc,cpu         ] GC(420) User=0.00s Sys=0.00s Real=0.00s
[34.040s][info][gc,start       ] GC(421) Pause Young (Allocation Failure)
[34.049s][info][gc,heap        ] GC(421) DefNew: 141176K(157248K)->1409K(157248K) Eden: 139776K(139776K)->0K(139776K) From: 1400K(17472K)->1409K(17472K)
[34.049s][info][gc,heap        ] GC(421) Tenured: 41360K(349568K)->41360K(349568K)
[34.049s][info][gc,metaspace   ] GC(421) Metaspace: 72842K(73216K)->72842K(73216K) NonClass: 57699K(57920K)->57699K(57920K) Class: 15143K(15296K)->15143K(15296K)
[34.049s][info][gc             ] GC(421) Pause Young (Allocation Failure) 178M->41M(494M) 8.350ms
[34.049s][info][gc,cpu         ] GC(421) User=0.00s Sys=0.00s Real=0.00s
[34.084s][info][gc,start       ] GC(422) Pause Young (Allocation Failure)
[34.092s][info][gc,heap        ] GC(422) DefNew: 141185K(157248K)->1382K(157248K) Eden: 139776K(139776K)->0K(139776K) From: 1409K(17472K)->1382K(17472K)
[34.092s][info][gc,heap        ] GC(422) Tenured: 41360K(349568K)->41360K(349568K)
[34.092s][info][gc,metaspace   ] GC(422) Metaspace: 72842K(73216K)->72842K(73216K) NonClass: 57699K(57920K)->57699K(57920K) Class: 15143K(15296K)->15143K(15296K)
[34.092s][info][gc             ] GC(422) Pause Young (Allocation Failure) 178M->41M(494M) 8.178ms
[34.092s][info][gc,cpu         ] GC(422) User=0.00s Sys=0.00s Real=0.00s
[34.127s][info][gc,start       ] GC(423) Pause Young (Allocation Failure)
[34.135s][info][gc,heap        ] GC(423) DefNew: 141158K(157248K)->1393K(157248K) Eden: 139776K(139776K)->0K(139776K) From: 1382K(17472K)->1393K(17472K)
[34.135s][info][gc,heap        ] GC(423) Tenured: 41360K(349568K)->41360K(349568K)
[34.135s][info][gc,metaspace   ] GC(423) Metaspace: 72842K(73216K)->72842K(73216K) NonClass: 57699K(57920K)->57699K(57920K) Class: 15143K(15296K)->15143K(15296K)
[34.135s][info][gc             ] GC(423) Pause Young (Allocation Failure) 178M->41M(494M) 8.188ms
[34.135s][info][gc,cpu         ] GC(423) User=0.00s Sys=0.00s Real=0.00s
[34.171s][info][gc,start       ] GC(424) Pause Young (Allocation Failure)
[34.179s][info][gc,heap        ] GC(424) DefNew: 141169K(157248K)->1362K(157248K) Eden: 139776K(139776K)->0K(139776K) From: 1393K(17472K)->1362K(17472K)
[34.179s][info][gc,heap        ] GC(424) Tenured: 41360K(349568K)->41361K(349568K)
[34.179s][info][gc,metaspace   ] GC(424) Metaspace: 72842K(73216K)->72842K(73216K) NonClass: 57699K(57920K)->57699K(57920K) Class: 15143K(15296K)->15143K(15296K)
[34.179s][info][gc             ] GC(424) Pause Young (Allocation Failure) 178M->41M(494M) 8.116ms
[34.179s][info][gc,cpu         ] GC(424) User=0.00s Sys=0.00s Real=0.00s
[34.214s][info][gc,start       ] GC(425) Pause Young (Allocation Failure)
[34.222s][info][gc,heap        ] GC(425) DefNew: 141138K(157248K)->1392K(157248K) Eden: 139776K(139776K)->0K(139776K) From: 1362K(17472K)->1392K(17472K)
[34.222s][info][gc,heap        ] GC(425) Tenured: 41361K(349568K)->41361K(349568K)
[34.222s][info][gc,metaspace   ] GC(425) Metaspace: 72842K(73216K)->72842K(73216K) NonClass: 57699K(57920K)->57699K(57920K) Class: 15143K(15296K)->15143K(15296K)
[34.222s][info][gc             ] GC(425) Pause Young (Allocation Failure) 178M->41M(494M) 8.123ms
[34.222s][info][gc,cpu         ] GC(425) User=0.00s Sys=0.00s Real=0.00s
[34.257s][info][gc,start       ] GC(426) Pause Young (Allocation Failure)
[34.266s][info][gc,heap        ] GC(426) DefNew: 141168K(157248K)->1441K(157248K) Eden: 139776K(139776K)->0K(139776K) From: 1392K(17472K)->1441K(17472K)
[34.266s][info][gc,heap        ] GC(426) Tenured: 41361K(349568K)->41361K(349568K)
[34.266s][info][gc,metaspace   ] GC(426) Metaspace: 72842K(73216K)->72842K(73216K) NonClass: 57699K(57920K)->57699K(57920K) Class: 15143K(15296K)->15143K(15296K)
[34.266s][info][gc             ] GC(426) Pause Young (Allocation Failure) 178M->41M(494M) 8.379ms
[34.266s][info][gc,cpu         ] GC(426) User=0.00s Sys=0.00s Real=0.00s
[34.301s][info][gc,start       ] GC(427) Pause Young (Allocation Failure)
[34.310s][info][gc,heap        ] GC(427) DefNew: 141217K(157248K)->1439K(157248K) Eden: 139776K(139776K)->0K(139776K) From: 1441K(17472K)->1439K(17472K)
[34.310s][info][gc,heap        ] GC(427) Tenured: 41361K(349568K)->41361K(349568K)
[34.310s][info][gc,metaspace   ] GC(427) Metaspace: 72842K(73216K)->72842K(73216K) NonClass: 57699K(57920K)->57699K(57920K) Class: 15143K(15296K)->15143K(15296K)
[34.310s][info][gc             ] GC(427) Pause Young (Allocation Failure) 178M->41M(494M) 9.154ms
[34.310s][info][gc,cpu         ] GC(427) User=0.00s Sys=0.00s Real=0.00s
[34.346s][info][gc,start       ] GC(428) Pause Young (Allocation Failure)
[34.355s][info][gc,heap        ] GC(428) DefNew: 141215K(157248K)->1431K(157248K) Eden: 139776K(139776K)->0K(139776K) From: 1439K(17472K)->1431K(17472K)
[34.355s][info][gc,heap        ] GC(428) Tenured: 41361K(349568K)->41361K(349568K)
[34.355s][info][gc,metaspace   ] GC(428) Metaspace: 72842K(73216K)->72842K(73216K) NonClass: 57699K(57920K)->57699K(57920K) Class: 15143K(15296K)->15143K(15296K)
[34.355s][info][gc             ] GC(428) Pause Young (Allocation Failure) 178M->41M(494M) 8.894ms
[34.355s][info][gc,cpu         ] GC(428) User=0.00s Sys=0.00s Real=0.00s
[34.391s][info][gc,start       ] GC(429) Pause Young (Allocation Failure)
[34.399s][info][gc,heap        ] GC(429) DefNew: 141207K(157248K)->1396K(157248K) Eden: 139776K(139776K)->0K(139776K) From: 1431K(17472K)->1396K(17472K)
[34.399s][info][gc,heap        ] GC(429) Tenured: 41361K(349568K)->41361K(349568K)
[34.399s][info][gc,metaspace   ] GC(429) Metaspace: 72842K(73216K)->72842K(73216K) NonClass: 57699K(57920K)->57699K(57920K) Class: 15143K(15296K)->15143K(15296K)
[34.399s][info][gc             ] GC(429) Pause Young (Allocation Failure) 178M->41M(494M) 8.295ms
[34.399s][info][gc,cpu         ] GC(429) User=0.02s Sys=0.00s Real=0.01s
[34.434s][info][gc,start       ] GC(430) Pause Young (Allocation Failure)
[34.443s][info][gc,heap        ] GC(430) DefNew: 141172K(157248K)->1411K(157248K) Eden: 139776K(139776K)->0K(139776K) From: 1396K(17472K)->1411K(17472K)
[34.443s][info][gc,heap        ] GC(430) Tenured: 41361K(349568K)->41361K(349568K)
[34.443s][info][gc,metaspace   ] GC(430) Metaspace: 72842K(73216K)->72842K(73216K) NonClass: 57699K(57920K)->57699K(57920K) Class: 15143K(15296K)->15143K(15296K)
[34.443s][info][gc             ] GC(430) Pause Young (Allocation Failure) 178M->41M(494M) 8.355ms
[34.443s][info][gc,cpu         ] GC(430) User=0.00s Sys=0.00s Real=0.00s
[34.478s][info][gc,start       ] GC(431) Pause Young (Allocation Failure)
[34.487s][info][gc,heap        ] GC(431) DefNew: 141187K(157248K)->1393K(157248K) Eden: 139776K(139776K)->0K(139776K) From: 1411K(17472K)->1393K(17472K)
[34.487s][info][gc,heap        ] GC(431) Tenured: 41361K(349568K)->41361K(349568K)
[34.487s][info][gc,metaspace   ] GC(431) Metaspace: 72842K(73216K)->72842K(73216K) NonClass: 57699K(57920K)->57699K(57920K) Class: 15143K(15296K)->15143K(15296K)
[34.487s][info][gc             ] GC(431) Pause Young (Allocation Failure) 178M->41M(494M) 9.007ms
[34.487s][info][gc,cpu         ] GC(431) User=0.00s Sys=0.00s Real=0.01s
[34.522s][info][gc,start       ] GC(432) Pause Young (Allocation Failure)
[34.531s][info][gc,heap        ] GC(432) DefNew: 141169K(157248K)->1386K(157248K) Eden: 139776K(139776K)->0K(139776K) From: 1393K(17472K)->1386K(17472K)
[34.531s][info][gc,heap        ] GC(432) Tenured: 41361K(349568K)->41362K(349568K)
[34.531s][info][gc,metaspace   ] GC(432) Metaspace: 72842K(73216K)->72842K(73216K) NonClass: 57699K(57920K)->57699K(57920K) Class: 15143K(15296K)->15143K(15296K)
[34.531s][info][gc             ] GC(432) Pause Young (Allocation Failure) 178M->41M(494M) 8.780ms
[34.531s][info][gc,cpu         ] GC(432) User=0.00s Sys=0.00s Real=0.00s
[34.567s][info][gc,start       ] GC(433) Pause Young (Allocation Failure)
[34.575s][info][gc,heap        ] GC(433) DefNew: 141162K(157248K)->1411K(157248K) Eden: 139776K(139776K)->0K(139776K) From: 1386K(17472K)->1411K(17472K)
[34.575s][info][gc,heap        ] GC(433) Tenured: 41362K(349568K)->41362K(349568K)
[34.575s][info][gc,metaspace   ] GC(433) Metaspace: 72842K(73216K)->72842K(73216K) NonClass: 57699K(57920K)->57699K(57920K) Class: 15143K(15296K)->15143K(15296K)
[34.575s][info][gc             ] GC(433) Pause Young (Allocation Failure) 178M->41M(494M) 8.264ms
[34.575s][info][gc,cpu         ] GC(433) User=0.00s Sys=0.00s Real=0.00s
[34.610s][info][gc,start       ] GC(434) Pause Young (Allocation Failure)
[34.618s][info][gc,heap        ] GC(434) DefNew: 141187K(157248K)->1402K(157248K) Eden: 139776K(139776K)->0K(139776K) From: 1411K(17472K)->1402K(17472K)
[34.618s][info][gc,heap        ] GC(434) Tenured: 41362K(349568K)->41363K(349568K)
[34.618s][info][gc,metaspace   ] GC(434) Metaspace: 72842K(73216K)->72842K(73216K) NonClass: 57699K(57920K)->57699K(57920K) Class: 15143K(15296K)->15143K(15296K)
[34.618s][info][gc             ] GC(434) Pause Young (Allocation Failure) 178M->41M(494M) 8.268ms
[34.618s][info][gc,cpu         ] GC(434) User=0.00s Sys=0.00s Real=0.00s
[34.654s][info][gc,start       ] GC(435) Pause Young (Allocation Failure)
[34.662s][info][gc,heap        ] GC(435) DefNew: 141178K(157248K)->1405K(157248K) Eden: 139776K(139776K)->0K(139776K) From: 1402K(17472K)->1405K(17472K)
[34.662s][info][gc,heap        ] GC(435) Tenured: 41363K(349568K)->41363K(349568K)
[34.662s][info][gc,metaspace   ] GC(435) Metaspace: 72842K(73216K)->72842K(73216K) NonClass: 57699K(57920K)->57699K(57920K) Class: 15143K(15296K)->15143K(15296K)
[34.662s][info][gc             ] GC(435) Pause Young (Allocation Failure) 178M->41M(494M) 8.284ms
[34.662s][info][gc,cpu         ] GC(435) User=0.00s Sys=0.00s Real=0.00s
[34.697s][info][gc,start       ] GC(436) Pause Young (Allocation Failure)
[34.705s][info][gc,heap        ] GC(436) DefNew: 141181K(157248K)->1398K(157248K) Eden: 139776K(139776K)->0K(139776K) From: 1405K(17472K)->1398K(17472K)
[34.705s][info][gc,heap        ] GC(436) Tenured: 41363K(349568K)->41363K(349568K)
[34.705s][info][gc,metaspace   ] GC(436) Metaspace: 72842K(73216K)->72842K(73216K) NonClass: 57699K(57920K)->57699K(57920K) Class: 15143K(15296K)->15143K(15296K)
[34.705s][info][gc             ] GC(436) Pause Young (Allocation Failure) 178M->41M(494M) 8.263ms
[34.705s][info][gc,cpu         ] GC(436) User=0.00s Sys=0.00s Real=0.00s
[34.740s][info][gc,start       ] GC(437) Pause Young (Allocation Failure)
[34.748s][info][gc,heap        ] GC(437) DefNew: 141174K(157248K)->1399K(157248K) Eden: 139776K(139776K)->0K(139776K) From: 1398K(17472K)->1399K(17472K)
[34.748s][info][gc,heap        ] GC(437) Tenured: 41363K(349568K)->41364K(349568K)
[34.748s][info][gc,metaspace   ] GC(437) Metaspace: 72842K(73216K)->72842K(73216K) NonClass: 57699K(57920K)->57699K(57920K) Class: 15143K(15296K)->15143K(15296K)
[34.749s][info][gc             ] GC(437) Pause Young (Allocation Failure) 178M->41M(494M) 8.088ms
[34.749s][info][gc,cpu         ] GC(437) User=0.00s Sys=0.00s Real=0.00s
[34.784s][info][gc,start       ] GC(438) Pause Young (Allocation Failure)
[34.792s][info][gc,heap        ] GC(438) DefNew: 141175K(157248K)->1401K(157248K) Eden: 139776K(139776K)->0K(139776K) From: 1399K(17472K)->1401K(17472K)
[34.792s][info][gc,heap        ] GC(438) Tenured: 41364K(349568K)->41365K(349568K)
[34.792s][info][gc,metaspace   ] GC(438) Metaspace: 72842K(73216K)->72842K(73216K) NonClass: 57699K(57920K)->57699K(57920K) Class: 15143K(15296K)->15143K(15296K)
[34.792s][info][gc             ] GC(438) Pause Young (Allocation Failure) 178M->41M(494M) 8.202ms
[34.792s][info][gc,cpu         ] GC(438) User=0.00s Sys=0.00s Real=0.00s
[34.827s][info][gc,start       ] GC(439) Pause Young (Allocation Failure)
[34.836s][info][gc,heap        ] GC(439) DefNew: 141177K(157248K)->1418K(157248K) Eden: 139776K(139776K)->0K(139776K) From: 1401K(17472K)->1418K(17472K)
[34.836s][info][gc,heap        ] GC(439) Tenured: 41365K(349568K)->41365K(349568K)
[34.836s][info][gc,metaspace   ] GC(439) Metaspace: 72842K(73216K)->72842K(73216K) NonClass: 57699K(57920K)->57699K(57920K) Class: 15143K(15296K)->15143K(15296K)
[34.836s][info][gc             ] GC(439) Pause Young (Allocation Failure) 178M->41M(494M) 8.995ms
[34.836s][info][gc,cpu         ] GC(439) User=0.00s Sys=0.00s Real=0.00s
[34.872s][info][gc,start       ] GC(440) Pause Young (Allocation Failure)
[34.880s][info][gc,heap        ] GC(440) DefNew: 141194K(157248K)->1343K(157248K) Eden: 139776K(139776K)->0K(139776K) From: 1418K(17472K)->1343K(17472K)
[34.880s][info][gc,heap        ] GC(440) Tenured: 41365K(349568K)->41388K(349568K)
[34.880s][info][gc,metaspace   ] GC(440) Metaspace: 72842K(73216K)->72842K(73216K) NonClass: 57699K(57920K)->57699K(57920K) Class: 15143K(15296K)->15143K(15296K)
[34.880s][info][gc             ] GC(440) Pause Young (Allocation Failure) 178M->41M(494M) 8.604ms
[34.880s][info][gc,cpu         ] GC(440) User=0.00s Sys=0.00s Real=0.00s
[34.915s][info][gc,start       ] GC(441) Pause Young (Allocation Failure)
[34.924s][info][gc,heap        ] GC(441) DefNew: 141119K(157248K)->1371K(157248K) Eden: 139776K(139776K)->0K(139776K) From: 1343K(17472K)->1371K(17472K)
[34.924s][info][gc,heap        ] GC(441) Tenured: 41388K(349568K)->41389K(349568K)
[34.924s][info][gc,metaspace   ] GC(441) Metaspace: 72842K(73216K)->72842K(73216K) NonClass: 57699K(57920K)->57699K(57920K) Class: 15143K(15296K)->15143K(15296K)
[34.924s][info][gc             ] GC(441) Pause Young (Allocation Failure) 178M->41M(494M) 8.900ms
[34.924s][info][gc,cpu         ] GC(441) User=0.00s Sys=0.00s Real=0.00s
[34.959s][info][gc,start       ] GC(442) Pause Young (Allocation Failure)
[34.968s][info][gc,heap        ] GC(442) DefNew: 141147K(157248K)->1418K(157248K) Eden: 139776K(139776K)->0K(139776K) From: 1371K(17472K)->1418K(17472K)
[34.968s][info][gc,heap        ] GC(442) Tenured: 41389K(349568K)->41389K(349568K)
[34.968s][info][gc,metaspace   ] GC(442) Metaspace: 72842K(73216K)->72842K(73216K) NonClass: 57699K(57920K)->57699K(57920K) Class: 15143K(15296K)->15143K(15296K)
[34.968s][info][gc             ] GC(442) Pause Young (Allocation Failure) 178M->41M(494M) 8.706ms
[34.968s][info][gc,cpu         ] GC(442) User=0.00s Sys=0.00s Real=0.00s
[35.004s][info][gc,start       ] GC(443) Pause Young (Allocation Failure)
[35.012s][info][gc,heap        ] GC(443) DefNew: 141194K(157248K)->1352K(157248K) Eden: 139776K(139776K)->0K(139776K) From: 1418K(17472K)->1352K(17472K)
[35.012s][info][gc,heap        ] GC(443) Tenured: 41389K(349568K)->41389K(349568K)
[35.012s][info][gc,metaspace   ] GC(443) Metaspace: 72842K(73216K)->72842K(73216K) NonClass: 57699K(57920K)->57699K(57920K) Class: 15143K(15296K)->15143K(15296K)
[35.012s][info][gc             ] GC(443) Pause Young (Allocation Failure) 178M->41M(494M) 8.129ms
[35.012s][info][gc,cpu         ] GC(443) User=0.02s Sys=0.00s Real=0.01s
[35.047s][info][gc,start       ] GC(444) Pause Young (Allocation Failure)
[35.055s][info][gc,heap        ] GC(444) DefNew: 141128K(157248K)->1415K(157248K) Eden: 139776K(139776K)->0K(139776K) From: 1352K(17472K)->1415K(17472K)
[35.055s][info][gc,heap        ] GC(444) Tenured: 41389K(349568K)->41389K(349568K)
[35.055s][info][gc,metaspace   ] GC(444) Metaspace: 72842K(73216K)->72842K(73216K) NonClass: 57699K(57920K)->57699K(57920K) Class: 15143K(15296K)->15143K(15296K)
[35.055s][info][gc             ] GC(444) Pause Young (Allocation Failure) 178M->41M(494M) 8.173ms
[35.055s][info][gc,cpu         ] GC(444) User=0.00s Sys=0.00s Real=0.00s
[35.090s][info][gc,start       ] GC(445) Pause Young (Allocation Failure)
[35.098s][info][gc,heap        ] GC(445) DefNew: 141191K(157248K)->1418K(157248K) Eden: 139776K(139776K)->0K(139776K) From: 1415K(17472K)->1418K(17472K)
[35.098s][info][gc,heap        ] GC(445) Tenured: 41389K(349568K)->41389K(349568K)
[35.098s][info][gc,metaspace   ] GC(445) Metaspace: 72842K(73216K)->72842K(73216K) NonClass: 57699K(57920K)->57699K(57920K) Class: 15143K(15296K)->15143K(15296K)
[35.098s][info][gc             ] GC(445) Pause Young (Allocation Failure) 178M->41M(494M) 8.364ms
[35.098s][info][gc,cpu         ] GC(445) User=0.00s Sys=0.00s Real=0.00s
[35.134s][info][gc,start       ] GC(446) Pause Young (Allocation Failure)
[35.141s][info][gc,heap        ] GC(446) DefNew: 141194K(157248K)->1338K(157248K) Eden: 139776K(139776K)->0K(139776K) From: 1418K(17472K)->1338K(17472K)
[35.141s][info][gc,heap        ] GC(446) Tenured: 41389K(349568K)->41389K(349568K)
[35.141s][info][gc,metaspace   ] GC(446) Metaspace: 72842K(73216K)->72842K(73216K) NonClass: 57699K(57920K)->57699K(57920K) Class: 15143K(15296K)->15143K(15296K)
[35.142s][info][gc             ] GC(446) Pause Young (Allocation Failure) 178M->41M(494M) 7.938ms
[35.142s][info][gc,cpu         ] GC(446) User=0.00s Sys=0.00s Real=0.00s
[35.177s][info][gc,start       ] GC(447) Pause Young (Allocation Failure)
[35.185s][info][gc,heap        ] GC(447) DefNew: 141114K(157248K)->1375K(157248K) Eden: 139776K(139776K)->0K(139776K) From: 1338K(17472K)->1375K(17472K)
[35.185s][info][gc,heap        ] GC(447) Tenured: 41389K(349568K)->41389K(349568K)
[35.185s][info][gc,metaspace   ] GC(447) Metaspace: 72842K(73216K)->72842K(73216K) NonClass: 57699K(57920K)->57699K(57920K) Class: 15143K(15296K)->15143K(15296K)
[35.186s][info][gc             ] GC(447) Pause Young (Allocation Failure) 178M->41M(494M) 8.835ms
[35.186s][info][gc,cpu         ] GC(447) User=0.00s Sys=0.00s Real=0.00s
[35.221s][info][gc,start       ] GC(448) Pause Young (Allocation Failure)
[35.230s][info][gc,heap        ] GC(448) DefNew: 141151K(157248K)->1437K(157248K) Eden: 139776K(139776K)->0K(139776K) From: 1375K(17472K)->1437K(17472K)
[35.230s][info][gc,heap        ] GC(448) Tenured: 41389K(349568K)->41390K(349568K)
[35.230s][info][gc,metaspace   ] GC(448) Metaspace: 72842K(73216K)->72842K(73216K) NonClass: 57699K(57920K)->57699K(57920K) Class: 15143K(15296K)->15143K(15296K)
[35.230s][info][gc             ] GC(448) Pause Young (Allocation Failure) 178M->41M(494M) 9.169ms
[35.230s][info][gc,cpu         ] GC(448) User=0.02s Sys=0.00s Real=0.01s
[35.265s][info][gc,start       ] GC(449) Pause Young (Allocation Failure)
[35.274s][info][gc,heap        ] GC(449) DefNew: 141213K(157248K)->1455K(157248K) Eden: 139776K(139776K)->0K(139776K) From: 1437K(17472K)->1455K(17472K)
[35.274s][info][gc,heap        ] GC(449) Tenured: 41390K(349568K)->41390K(349568K)
[35.274s][info][gc,metaspace   ] GC(449) Metaspace: 72842K(73216K)->72842K(73216K) NonClass: 57699K(57920K)->57699K(57920K) Class: 15143K(15296K)->15143K(15296K)
[35.274s][info][gc             ] GC(449) Pause Young (Allocation Failure) 178M->41M(494M) 8.558ms
[35.274s][info][gc,cpu         ] GC(449) User=0.00s Sys=0.00s Real=0.00s
[35.310s][info][gc,start       ] GC(450) Pause Young (Allocation Failure)
[35.318s][info][gc,heap        ] GC(450) DefNew: 141231K(157248K)->1446K(157248K) Eden: 139776K(139776K)->0K(139776K) From: 1455K(17472K)->1446K(17472K)
[35.318s][info][gc,heap        ] GC(450) Tenured: 41390K(349568K)->41390K(349568K)
[35.318s][info][gc,metaspace   ] GC(450) Metaspace: 72842K(73216K)->72842K(73216K) NonClass: 57699K(57920K)->57699K(57920K) Class: 15143K(15296K)->15143K(15296K)
[35.318s][info][gc             ] GC(450) Pause Young (Allocation Failure) 178M->41M(494M) 8.408ms
[35.318s][info][gc,cpu         ] GC(450) User=0.00s Sys=0.00s Real=0.00s
[35.353s][info][gc,start       ] GC(451) Pause Young (Allocation Failure)
[35.361s][info][gc,heap        ] GC(451) DefNew: 141222K(157248K)->1416K(157248K) Eden: 139776K(139776K)->0K(139776K) From: 1446K(17472K)->1416K(17472K)
[35.362s][info][gc,heap        ] GC(451) Tenured: 41390K(349568K)->41391K(349568K)
[35.362s][info][gc,metaspace   ] GC(451) Metaspace: 72842K(73216K)->72842K(73216K) NonClass: 57699K(57920K)->57699K(57920K) Class: 15143K(15296K)->15143K(15296K)
[35.362s][info][gc             ] GC(451) Pause Young (Allocation Failure) 178M->41M(494M) 8.228ms
[35.362s][info][gc,cpu         ] GC(451) User=0.00s Sys=0.00s Real=0.00s
[35.397s][info][gc,start       ] GC(452) Pause Young (Allocation Failure)
[35.405s][info][gc,heap        ] GC(452) DefNew: 141192K(157248K)->1432K(157248K) Eden: 139776K(139776K)->0K(139776K) From: 1416K(17472K)->1432K(17472K)
[35.405s][info][gc,heap        ] GC(452) Tenured: 41391K(349568K)->41391K(349568K)
[35.405s][info][gc,metaspace   ] GC(452) Metaspace: 72842K(73216K)->72842K(73216K) NonClass: 57699K(57920K)->57699K(57920K) Class: 15143K(15296K)->15143K(15296K)
[35.405s][info][gc             ] GC(452) Pause Young (Allocation Failure) 178M->41M(494M) 8.346ms
[35.405s][info][gc,cpu         ] GC(452) User=0.00s Sys=0.00s Real=0.00s
[35.441s][info][gc,start       ] GC(453) Pause Young (Allocation Failure)
[35.449s][info][gc,heap        ] GC(453) DefNew: 141208K(157248K)->1408K(157248K) Eden: 139776K(139776K)->0K(139776K) From: 1432K(17472K)->1408K(17472K)
[35.449s][info][gc,heap        ] GC(453) Tenured: 41391K(349568K)->41391K(349568K)
[35.449s][info][gc,metaspace   ] GC(453) Metaspace: 72842K(73216K)->72842K(73216K) NonClass: 57699K(57920K)->57699K(57920K) Class: 15143K(15296K)->15143K(15296K)
[35.449s][info][gc             ] GC(453) Pause Young (Allocation Failure) 178M->41M(494M) 8.175ms
[35.449s][info][gc,cpu         ] GC(453) User=0.00s Sys=0.00s Real=0.00s
[35.485s][info][gc,start       ] GC(454) Pause Young (Allocation Failure)
[35.494s][info][gc,heap        ] GC(454) DefNew: 141184K(157248K)->1482K(157248K) Eden: 139776K(139776K)->0K(139776K) From: 1408K(17472K)->1482K(17472K)
[35.494s][info][gc,heap        ] GC(454) Tenured: 41391K(349568K)->41391K(349568K)
[35.494s][info][gc,metaspace   ] GC(454) Metaspace: 72848K(73216K)->72848K(73216K) NonClass: 57705K(57920K)->57705K(57920K) Class: 15143K(15296K)->15143K(15296K)
[35.494s][info][gc             ] GC(454) Pause Young (Allocation Failure) 178M->41M(494M) 8.585ms
[35.494s][info][gc,cpu         ] GC(454) User=0.00s Sys=0.00s Real=0.00s
[35.529s][info][gc,start       ] GC(455) Pause Young (Allocation Failure)
[35.538s][info][gc,heap        ] GC(455) DefNew: 141258K(157248K)->1471K(157248K) Eden: 139776K(139776K)->0K(139776K) From: 1482K(17472K)->1471K(17472K)
[35.538s][info][gc,heap        ] GC(455) Tenured: 41391K(349568K)->41391K(349568K)
[35.538s][info][gc,metaspace   ] GC(455) Metaspace: 72848K(73216K)->72848K(73216K) NonClass: 57705K(57920K)->57705K(57920K) Class: 15143K(15296K)->15143K(15296K)
[35.538s][info][gc             ] GC(455) Pause Young (Allocation Failure) 178M->41M(494M) 8.618ms
[35.538s][info][gc,cpu         ] GC(455) User=0.00s Sys=0.00s Real=0.00s
[35.573s][info][gc,start       ] GC(456) Pause Young (Allocation Failure)
[35.581s][info][gc,heap        ] GC(456) DefNew: 141247K(157248K)->1462K(157248K) Eden: 139776K(139776K)->0K(139776K) From: 1471K(17472K)->1462K(17472K)
[35.581s][info][gc,heap        ] GC(456) Tenured: 41391K(349568K)->41391K(349568K)
[35.581s][info][gc,metaspace   ] GC(456) Metaspace: 72848K(73216K)->72848K(73216K) NonClass: 57705K(57920K)->57705K(57920K) Class: 15143K(15296K)->15143K(15296K)
[35.581s][info][gc             ] GC(456) Pause Young (Allocation Failure) 178M->41M(494M) 8.481ms
[35.581s][info][gc,cpu         ] GC(456) User=0.00s Sys=0.00s Real=0.00s
[35.618s][info][gc,start       ] GC(457) Pause Young (Allocation Failure)
[35.626s][info][gc,heap        ] GC(457) DefNew: 141238K(157248K)->1384K(157248K) Eden: 139776K(139776K)->0K(139776K) From: 1462K(17472K)->1384K(17472K)
[35.626s][info][gc,heap        ] GC(457) Tenured: 41391K(349568K)->41391K(349568K)
[35.626s][info][gc,metaspace   ] GC(457) Metaspace: 72848K(73216K)->72848K(73216K) NonClass: 57705K(57920K)->57705K(57920K) Class: 15143K(15296K)->15143K(15296K)
[35.626s][info][gc             ] GC(457) Pause Young (Allocation Failure) 178M->41M(494M) 8.227ms
[35.626s][info][gc,cpu         ] GC(457) User=0.00s Sys=0.00s Real=0.00s
[35.662s][info][gc,start       ] GC(458) Pause Young (Allocation Failure)
[35.671s][info][gc,heap        ] GC(458) DefNew: 141160K(157248K)->1559K(157248K) Eden: 139776K(139776K)->0K(139776K) From: 1384K(17472K)->1559K(17472K)
[35.671s][info][gc,heap        ] GC(458) Tenured: 41391K(349568K)->41391K(349568K)
[35.671s][info][gc,metaspace   ] GC(458) Metaspace: 72862K(73216K)->72862K(73216K) NonClass: 57719K(57920K)->57719K(57920K) Class: 15143K(15296K)->15143K(15296K)
[35.671s][info][gc             ] GC(458) Pause Young (Allocation Failure) 178M->41M(494M) 9.005ms
[35.671s][info][gc,cpu         ] GC(458) User=0.02s Sys=0.00s Real=0.00s
[35.707s][info][gc,start       ] GC(459) Pause Young (Allocation Failure)
[35.716s][info][gc,heap        ] GC(459) DefNew: 141335K(157248K)->1473K(157248K) Eden: 139776K(139776K)->0K(139776K) From: 1559K(17472K)->1473K(17472K)
[35.716s][info][gc,heap        ] GC(459) Tenured: 41391K(349568K)->41391K(349568K)
[35.716s][info][gc,metaspace   ] GC(459) Metaspace: 72862K(73216K)->72862K(73216K) NonClass: 57719K(57920K)->57719K(57920K) Class: 15143K(15296K)->15143K(15296K)
[35.716s][info][gc             ] GC(459) Pause Young (Allocation Failure) 178M->41M(494M) 9.244ms
[35.716s][info][gc,cpu         ] GC(459) User=0.00s Sys=0.00s Real=0.00s
[35.751s][info][gc,start       ] GC(460) Pause Young (Allocation Failure)
[35.761s][info][gc,heap        ] GC(460) DefNew: 141249K(157248K)->1470K(157248K) Eden: 139776K(139776K)->0K(139776K) From: 1473K(17472K)->1470K(17472K)
[35.761s][info][gc,heap        ] GC(460) Tenured: 41391K(349568K)->41391K(349568K)
[35.761s][info][gc,metaspace   ] GC(460) Metaspace: 72862K(73216K)->72862K(73216K) NonClass: 57719K(57920K)->57719K(57920K) Class: 15143K(15296K)->15143K(15296K)
[35.761s][info][gc             ] GC(460) Pause Young (Allocation Failure) 178M->41M(494M) 9.436ms
[35.761s][info][gc,cpu         ] GC(460) User=0.00s Sys=0.00s Real=0.00s
[35.796s][info][gc,start       ] GC(461) Pause Young (Allocation Failure)
[35.805s][info][gc,heap        ] GC(461) DefNew: 141246K(157248K)->1465K(157248K) Eden: 139776K(139776K)->0K(139776K) From: 1470K(17472K)->1465K(17472K)
[35.806s][info][gc,heap        ] GC(461) Tenured: 41391K(349568K)->41392K(349568K)
[35.806s][info][gc,metaspace   ] GC(461) Metaspace: 72862K(73216K)->72862K(73216K) NonClass: 57719K(57920K)->57719K(57920K) Class: 15143K(15296K)->15143K(15296K)
[35.806s][info][gc             ] GC(461) Pause Young (Allocation Failure) 178M->41M(494M) 9.396ms
[35.806s][info][gc,cpu         ] GC(461) User=0.00s Sys=0.00s Real=0.00s
[35.841s][info][gc,start       ] GC(462) Pause Young (Allocation Failure)
[35.850s][info][gc,heap        ] GC(462) DefNew: 141241K(157248K)->1433K(157248K) Eden: 139776K(139776K)->0K(139776K) From: 1465K(17472K)->1433K(17472K)
[35.850s][info][gc,heap        ] GC(462) Tenured: 41392K(349568K)->41392K(349568K)
[35.850s][info][gc,metaspace   ] GC(462) Metaspace: 72862K(73216K)->72862K(73216K) NonClass: 57719K(57920K)->57719K(57920K) Class: 15143K(15296K)->15143K(15296K)
[35.850s][info][gc             ] GC(462) Pause Young (Allocation Failure) 178M->41M(494M) 8.949ms
[35.850s][info][gc,cpu         ] GC(462) User=0.00s Sys=0.00s Real=0.00s
[35.885s][info][gc,start       ] GC(463) Pause Young (Allocation Failure)
[35.893s][info][gc,heap        ] GC(463) DefNew: 141209K(157248K)->1424K(157248K) Eden: 139776K(139776K)->0K(139776K) From: 1433K(17472K)->1424K(17472K)
[35.893s][info][gc,heap        ] GC(463) Tenured: 41392K(349568K)->41416K(349568K)
[35.893s][info][gc,metaspace   ] GC(463) Metaspace: 72862K(73216K)->72862K(73216K) NonClass: 57719K(57920K)->57719K(57920K) Class: 15143K(15296K)->15143K(15296K)
[35.893s][info][gc             ] GC(463) Pause Young (Allocation Failure) 178M->41M(494M) 8.425ms
[35.893s][info][gc,cpu         ] GC(463) User=0.00s Sys=0.00s Real=0.00s
[35.929s][info][gc,start       ] GC(464) Pause Young (Allocation Failure)
[35.937s][info][gc,heap        ] GC(464) DefNew: 141200K(157248K)->1370K(157248K) Eden: 139776K(139776K)->0K(139776K) From: 1424K(17472K)->1370K(17472K)
[35.937s][info][gc,heap        ] GC(464) Tenured: 41416K(349568K)->41417K(349568K)
[35.937s][info][gc,metaspace   ] GC(464) Metaspace: 72862K(73216K)->72862K(73216K) NonClass: 57719K(57920K)->57719K(57920K) Class: 15143K(15296K)->15143K(15296K)
[35.937s][info][gc             ] GC(464) Pause Young (Allocation Failure) 178M->41M(494M) 8.220ms
[35.937s][info][gc,cpu         ] GC(464) User=0.02s Sys=0.00s Real=0.00s
[35.973s][info][gc,start       ] GC(465) Pause Young (Allocation Failure)
[35.981s][info][gc,heap        ] GC(465) DefNew: 141146K(157248K)->1382K(157248K) Eden: 139776K(139776K)->0K(139776K) From: 1370K(17472K)->1382K(17472K)
[35.981s][info][gc,heap        ] GC(465) Tenured: 41417K(349568K)->41417K(349568K)
[35.981s][info][gc,metaspace   ] GC(465) Metaspace: 72862K(73216K)->72862K(73216K) NonClass: 57719K(57920K)->57719K(57920K) Class: 15143K(15296K)->15143K(15296K)
[35.981s][info][gc             ] GC(465) Pause Young (Allocation Failure) 178M->41M(494M) 8.182ms
[35.981s][info][gc,cpu         ] GC(465) User=0.00s Sys=0.00s Real=0.00s
[36.016s][info][gc,start       ] GC(466) Pause Young (Allocation Failure)
[36.025s][info][gc,heap        ] GC(466) DefNew: 141158K(157248K)->1401K(157248K) Eden: 139776K(139776K)->0K(139776K) From: 1382K(17472K)->1401K(17472K)
[36.025s][info][gc,heap        ] GC(466) Tenured: 41417K(349568K)->41417K(349568K)
[36.025s][info][gc,metaspace   ] GC(466) Metaspace: 72862K(73216K)->72862K(73216K) NonClass: 57719K(57920K)->57719K(57920K) Class: 15143K(15296K)->15143K(15296K)
[36.025s][info][gc             ] GC(466) Pause Young (Allocation Failure) 178M->41M(494M) 9.060ms
[36.025s][info][gc,cpu         ] GC(466) User=0.00s Sys=0.00s Real=0.00s
[36.060s][info][gc,start       ] GC(467) Pause Young (Allocation Failure)
[36.069s][info][gc,heap        ] GC(467) DefNew: 141177K(157248K)->1415K(157248K) Eden: 139776K(139776K)->0K(139776K) From: 1401K(17472K)->1415K(17472K)
[36.069s][info][gc,heap        ] GC(467) Tenured: 41417K(349568K)->41419K(349568K)
[36.069s][info][gc,metaspace   ] GC(467) Metaspace: 72862K(73216K)->72862K(73216K) NonClass: 57719K(57920K)->57719K(57920K) Class: 15143K(15296K)->15143K(15296K)
[36.069s][info][gc             ] GC(467) Pause Young (Allocation Failure) 178M->41M(494M) 9.048ms
[36.070s][info][gc,cpu         ] GC(467) User=0.00s Sys=0.00s Real=0.00s
[36.105s][info][gc,start       ] GC(468) Pause Young (Allocation Failure)
[36.114s][info][gc,heap        ] GC(468) DefNew: 141191K(157248K)->1446K(157248K) Eden: 139776K(139776K)->0K(139776K) From: 1415K(17472K)->1446K(17472K)
[36.114s][info][gc,heap        ] GC(468) Tenured: 41419K(349568K)->41419K(349568K)
[36.114s][info][gc,metaspace   ] GC(468) Metaspace: 72862K(73216K)->72862K(73216K) NonClass: 57719K(57920K)->57719K(57920K) Class: 15143K(15296K)->15143K(15296K)
[36.114s][info][gc             ] GC(468) Pause Young (Allocation Failure) 178M->41M(494M) 8.460ms
[36.114s][info][gc,cpu         ] GC(468) User=0.00s Sys=0.00s Real=0.00s
[36.149s][info][gc,start       ] GC(469) Pause Young (Allocation Failure)
[36.159s][info][gc,heap        ] GC(469) DefNew: 141222K(157248K)->1402K(157248K) Eden: 139776K(139776K)->0K(139776K) From: 1446K(17472K)->1402K(17472K)
[36.159s][info][gc,heap        ] GC(469) Tenured: 41419K(349568K)->41441K(349568K)
[36.159s][info][gc,metaspace   ] GC(469) Metaspace: 72862K(73216K)->72862K(73216K) NonClass: 57719K(57920K)->57719K(57920K) Class: 15143K(15296K)->15143K(15296K)
[36.159s][info][gc             ] GC(469) Pause Young (Allocation Failure) 178M->41M(494M) 9.296ms
[36.159s][info][gc,cpu         ] GC(469) User=0.00s Sys=0.00s Real=0.00s
[36.194s][info][gc,start       ] GC(470) Pause Young (Allocation Failure)
[36.203s][info][gc,heap        ] GC(470) DefNew: 141178K(157248K)->1441K(157248K) Eden: 139776K(139776K)->0K(139776K) From: 1402K(17472K)->1441K(17472K)
[36.203s][info][gc,heap        ] GC(470) Tenured: 41441K(349568K)->41441K(349568K)
[36.203s][info][gc,metaspace   ] GC(470) Metaspace: 72862K(73216K)->72862K(73216K) NonClass: 57719K(57920K)->57719K(57920K) Class: 15143K(15296K)->15143K(15296K)
[36.203s][info][gc             ] GC(470) Pause Young (Allocation Failure) 178M->41M(494M) 8.971ms
[36.203s][info][gc,cpu         ] GC(470) User=0.00s Sys=0.00s Real=0.00s
[36.239s][info][gc,start       ] GC(471) Pause Young (Allocation Failure)
[36.248s][info][gc,heap        ] GC(471) DefNew: 141217K(157248K)->1438K(157248K) Eden: 139776K(139776K)->0K(139776K) From: 1441K(17472K)->1438K(17472K)
[36.248s][info][gc,heap        ] GC(471) Tenured: 41441K(349568K)->41441K(349568K)
[36.248s][info][gc,metaspace   ] GC(471) Metaspace: 72862K(73216K)->72862K(73216K) NonClass: 57719K(57920K)->57719K(57920K) Class: 15143K(15296K)->15143K(15296K)
[36.248s][info][gc             ] GC(471) Pause Young (Allocation Failure) 178M->41M(494M) 9.136ms
[36.248s][info][gc,cpu         ] GC(471) User=0.00s Sys=0.00s Real=0.00s
[36.283s][info][gc,start       ] GC(472) Pause Young (Allocation Failure)
[36.293s][info][gc,heap        ] GC(472) DefNew: 141214K(157248K)->1459K(157248K) Eden: 139776K(139776K)->0K(139776K) From: 1438K(17472K)->1459K(17472K)
[36.293s][info][gc,heap        ] GC(472) Tenured: 41441K(349568K)->41443K(349568K)
[36.293s][info][gc,metaspace   ] GC(472) Metaspace: 72862K(73216K)->72862K(73216K) NonClass: 57719K(57920K)->57719K(57920K) Class: 15143K(15296K)->15143K(15296K)
[36.293s][info][gc             ] GC(472) Pause Young (Allocation Failure) 178M->41M(494M) 9.383ms
[36.293s][info][gc,cpu         ] GC(472) User=0.00s Sys=0.00s Real=0.00s
[36.328s][info][gc,start       ] GC(473) Pause Young (Allocation Failure)
[36.337s][info][gc,heap        ] GC(473) DefNew: 141235K(157248K)->1406K(157248K) Eden: 139776K(139776K)->0K(139776K) From: 1459K(17472K)->1406K(17472K)
[36.337s][info][gc,heap        ] GC(473) Tenured: 41443K(349568K)->41460K(349568K)
[36.337s][info][gc,metaspace   ] GC(473) Metaspace: 72862K(73216K)->72862K(73216K) NonClass: 57719K(57920K)->57719K(57920K) Class: 15143K(15296K)->15143K(15296K)
[36.337s][info][gc             ] GC(473) Pause Young (Allocation Failure) 178M->41M(494M) 8.825ms
[36.337s][info][gc,cpu         ] GC(473) User=0.02s Sys=0.00s Real=0.01s
[36.372s][info][gc,start       ] GC(474) Pause Young (Allocation Failure)
[36.380s][info][gc,heap        ] GC(474) DefNew: 141182K(157248K)->1422K(157248K) Eden: 139776K(139776K)->0K(139776K) From: 1406K(17472K)->1422K(17472K)
[36.380s][info][gc,heap        ] GC(474) Tenured: 41460K(349568K)->41460K(349568K)
[36.380s][info][gc,metaspace   ] GC(474) Metaspace: 72862K(73216K)->72862K(73216K) NonClass: 57719K(57920K)->57719K(57920K) Class: 15143K(15296K)->15143K(15296K)
[36.380s][info][gc             ] GC(474) Pause Young (Allocation Failure) 178M->41M(494M) 8.341ms
[36.380s][info][gc,cpu         ] GC(474) User=0.00s Sys=0.00s Real=0.00s
[36.416s][info][gc,start       ] GC(475) Pause Young (Allocation Failure)
[36.424s][info][gc,heap        ] GC(475) DefNew: 141198K(157248K)->1385K(157248K) Eden: 139776K(139776K)->0K(139776K) From: 1422K(17472K)->1385K(17472K)
[36.424s][info][gc,heap        ] GC(475) Tenured: 41460K(349568K)->41460K(349568K)
[36.424s][info][gc,metaspace   ] GC(475) Metaspace: 72862K(73216K)->72862K(73216K) NonClass: 57719K(57920K)->57719K(57920K) Class: 15143K(15296K)->15143K(15296K)
[36.424s][info][gc             ] GC(475) Pause Young (Allocation Failure) 178M->41M(494M) 8.288ms
[36.424s][info][gc,cpu         ] GC(475) User=0.00s Sys=0.00s Real=0.00s
[36.460s][info][gc,start       ] GC(476) Pause Young (Allocation Failure)
[36.468s][info][gc,heap        ] GC(476) DefNew: 141161K(157248K)->1383K(157248K) Eden: 139776K(139776K)->0K(139776K) From: 1385K(17472K)->1383K(17472K)
[36.468s][info][gc,heap        ] GC(476) Tenured: 41460K(349568K)->41460K(349568K)
[36.468s][info][gc,metaspace   ] GC(476) Metaspace: 72863K(73216K)->72863K(73216K) NonClass: 57720K(57920K)->57720K(57920K) Class: 15143K(15296K)->15143K(15296K)
[36.468s][info][gc             ] GC(476) Pause Young (Allocation Failure) 178M->41M(494M) 8.379ms
[36.468s][info][gc,cpu         ] GC(476) User=0.00s Sys=0.00s Real=0.00s
[36.504s][info][gc,start       ] GC(477) Pause Young (Allocation Failure)
[36.512s][info][gc,heap        ] GC(477) DefNew: 141159K(157248K)->1447K(157248K) Eden: 139776K(139776K)->0K(139776K) From: 1383K(17472K)->1447K(17472K)
[36.512s][info][gc,heap        ] GC(477) Tenured: 41460K(349568K)->41460K(349568K)
[36.512s][info][gc,metaspace   ] GC(477) Metaspace: 72863K(73216K)->72863K(73216K) NonClass: 57720K(57920K)->57720K(57920K) Class: 15143K(15296K)->15143K(15296K)
[36.512s][info][gc             ] GC(477) Pause Young (Allocation Failure) 178M->41M(494M) 8.497ms
[36.512s][info][gc,cpu         ] GC(477) User=0.00s Sys=0.00s Real=0.00s
[36.547s][info][gc,start       ] GC(478) Pause Young (Allocation Failure)
[36.556s][info][gc,heap        ] GC(478) DefNew: 141223K(157248K)->1466K(157248K) Eden: 139776K(139776K)->0K(139776K) From: 1447K(17472K)->1466K(17472K)
[36.556s][info][gc,heap        ] GC(478) Tenured: 41460K(349568K)->41460K(349568K)
[36.556s][info][gc,metaspace   ] GC(478) Metaspace: 72863K(73216K)->72863K(73216K) NonClass: 57720K(57920K)->57720K(57920K) Class: 15143K(15296K)->15143K(15296K)
[36.556s][info][gc             ] GC(478) Pause Young (Allocation Failure) 178M->41M(494M) 8.425ms
[36.556s][info][gc,cpu         ] GC(478) User=0.00s Sys=0.00s Real=0.00s
[36.591s][info][gc,start       ] GC(479) Pause Young (Allocation Failure)
[36.599s][info][gc,heap        ] GC(479) DefNew: 141242K(157248K)->1431K(157248K) Eden: 139776K(139776K)->0K(139776K) From: 1466K(17472K)->1431K(17472K)
[36.599s][info][gc,heap        ] GC(479) Tenured: 41460K(349568K)->41461K(349568K)
[36.599s][info][gc,metaspace   ] GC(479) Metaspace: 72863K(73216K)->72863K(73216K) NonClass: 57720K(57920K)->57720K(57920K) Class: 15143K(15296K)->15143K(15296K)
[36.599s][info][gc             ] GC(479) Pause Young (Allocation Failure) 178M->41M(494M) 8.285ms
[36.599s][info][gc,cpu         ] GC(479) User=0.00s Sys=0.00s Real=0.00s
[36.635s][info][gc,start       ] GC(480) Pause Young (Allocation Failure)
[36.644s][info][gc,heap        ] GC(480) DefNew: 141207K(157248K)->1388K(157248K) Eden: 139775K(139776K)->0K(139776K) From: 1431K(17472K)->1388K(17472K)
[36.644s][info][gc,heap        ] GC(480) Tenured: 41461K(349568K)->41461K(349568K)
[36.644s][info][gc,metaspace   ] GC(480) Metaspace: 72863K(73216K)->72863K(73216K) NonClass: 57720K(57920K)->57720K(57920K) Class: 15143K(15296K)->15143K(15296K)
[36.644s][info][gc             ] GC(480) Pause Young (Allocation Failure) 178M->41M(494M) 9.145ms
[36.644s][info][gc,cpu         ] GC(480) User=0.00s Sys=0.00s Real=0.00s
[36.680s][info][gc,start       ] GC(481) Pause Young (Allocation Failure)
[36.688s][info][gc,heap        ] GC(481) DefNew: 141164K(157248K)->1436K(157248K) Eden: 139776K(139776K)->0K(139776K) From: 1388K(17472K)->1436K(17472K)
[36.689s][info][gc,heap        ] GC(481) Tenured: 41461K(349568K)->41461K(349568K)
[36.689s][info][gc,metaspace   ] GC(481) Metaspace: 72863K(73216K)->72863K(73216K) NonClass: 57720K(57920K)->57720K(57920K) Class: 15143K(15296K)->15143K(15296K)
[36.689s][info][gc             ] GC(481) Pause Young (Allocation Failure) 178M->41M(494M) 9.052ms
[36.689s][info][gc,cpu         ] GC(481) User=0.00s Sys=0.00s Real=0.01s
[36.724s][info][gc,start       ] GC(482) Pause Young (Allocation Failure)
[36.733s][info][gc,heap        ] GC(482) DefNew: 141212K(157248K)->1467K(157248K) Eden: 139776K(139776K)->0K(139776K) From: 1436K(17472K)->1467K(17472K)
[36.733s][info][gc,heap        ] GC(482) Tenured: 41461K(349568K)->41461K(349568K)
[36.733s][info][gc,metaspace   ] GC(482) Metaspace: 72863K(73216K)->72863K(73216K) NonClass: 57720K(57920K)->57720K(57920K) Class: 15143K(15296K)->15143K(15296K)
[36.733s][info][gc             ] GC(482) Pause Young (Allocation Failure) 178M->41M(494M) 8.481ms
[36.733s][info][gc,cpu         ] GC(482) User=0.00s Sys=0.00s Real=0.00s
[36.769s][info][gc,start       ] GC(483) Pause Young (Allocation Failure)
[36.777s][info][gc,heap        ] GC(483) DefNew: 141243K(157248K)->1404K(157248K) Eden: 139776K(139776K)->0K(139776K) From: 1467K(17472K)->1404K(17472K)
[36.777s][info][gc,heap        ] GC(483) Tenured: 41461K(349568K)->41461K(349568K)
[36.777s][info][gc,metaspace   ] GC(483) Metaspace: 72864K(73216K)->72864K(73216K) NonClass: 57721K(57920K)->57721K(57920K) Class: 15143K(15296K)->15143K(15296K)
[36.777s][info][gc             ] GC(483) Pause Young (Allocation Failure) 178M->41M(494M) 8.076ms
[36.777s][info][gc,cpu         ] GC(483) User=0.00s Sys=0.00s Real=0.00s
[36.813s][info][gc,start       ] GC(484) Pause Young (Allocation Failure)
[36.820s][info][gc,heap        ] GC(484) DefNew: 141180K(157248K)->1437K(157248K) Eden: 139776K(139776K)->0K(139776K) From: 1404K(17472K)->1437K(17472K)
[36.821s][info][gc,heap        ] GC(484) Tenured: 41461K(349568K)->41461K(349568K)
[36.821s][info][gc,metaspace   ] GC(484) Metaspace: 72864K(73216K)->72864K(73216K) NonClass: 57721K(57920K)->57721K(57920K) Class: 15143K(15296K)->15143K(15296K)
[36.821s][info][gc             ] GC(484) Pause Young (Allocation Failure) 178M->41M(494M) 8.046ms
[36.821s][info][gc,cpu         ] GC(484) User=0.00s Sys=0.00s Real=0.01s
[36.856s][info][gc,start       ] GC(485) Pause Young (Allocation Failure)
[36.865s][info][gc,heap        ] GC(485) DefNew: 141213K(157248K)->1479K(157248K) Eden: 139776K(139776K)->0K(139776K) From: 1437K(17472K)->1479K(17472K)
[36.865s][info][gc,heap        ] GC(485) Tenured: 41461K(349568K)->41486K(349568K)
[36.865s][info][gc,metaspace   ] GC(485) Metaspace: 72865K(73216K)->72865K(73216K) NonClass: 57722K(57920K)->57722K(57920K) Class: 15143K(15296K)->15143K(15296K)
[36.865s][info][gc             ] GC(485) Pause Young (Allocation Failure) 178M->41M(494M) 8.441ms
[36.865s][info][gc,cpu         ] GC(485) User=0.00s Sys=0.00s Real=0.00s
[36.900s][info][gc,start       ] GC(486) Pause Young (Allocation Failure)
[36.909s][info][gc,heap        ] GC(486) DefNew: 141255K(157248K)->1401K(157248K) Eden: 139776K(139776K)->0K(139776K) From: 1479K(17472K)->1401K(17472K)
[36.909s][info][gc,heap        ] GC(486) Tenured: 41486K(349568K)->41486K(349568K)
[36.909s][info][gc,metaspace   ] GC(486) Metaspace: 72865K(73216K)->72865K(73216K) NonClass: 57722K(57920K)->57722K(57920K) Class: 15143K(15296K)->15143K(15296K)
[36.909s][info][gc             ] GC(486) Pause Young (Allocation Failure) 178M->41M(494M) 8.452ms
[36.909s][info][gc,cpu         ] GC(486) User=0.00s Sys=0.00s Real=0.00s
[36.944s][info][gc,start       ] GC(487) Pause Young (Allocation Failure)
[36.953s][info][gc,heap        ] GC(487) DefNew: 141177K(157248K)->1400K(157248K) Eden: 139776K(139776K)->0K(139776K) From: 1401K(17472K)->1400K(17472K)
[36.953s][info][gc,heap        ] GC(487) Tenured: 41486K(349568K)->41486K(349568K)
[36.953s][info][gc,metaspace   ] GC(487) Metaspace: 72865K(73216K)->72865K(73216K) NonClass: 57722K(57920K)->57722K(57920K) Class: 15143K(15296K)->15143K(15296K)
[36.953s][info][gc             ] GC(487) Pause Young (Allocation Failure) 178M->41M(494M) 8.551ms
[36.953s][info][gc,cpu         ] GC(487) User=0.00s Sys=0.00s Real=0.00s
[36.989s][info][gc,start       ] GC(488) Pause Young (Allocation Failure)
[36.997s][info][gc,heap        ] GC(488) DefNew: 141176K(157248K)->1358K(157248K) Eden: 139776K(139776K)->0K(139776K) From: 1400K(17472K)->1358K(17472K)
[36.997s][info][gc,heap        ] GC(488) Tenured: 41486K(349568K)->41486K(349568K)
[36.997s][info][gc,metaspace   ] GC(488) Metaspace: 72865K(73216K)->72865K(73216K) NonClass: 57722K(57920K)->57722K(57920K) Class: 15143K(15296K)->15143K(15296K)
[36.997s][info][gc             ] GC(488) Pause Young (Allocation Failure) 178M->41M(494M) 7.739ms
[36.997s][info][gc,cpu         ] GC(488) User=0.00s Sys=0.00s Real=0.00s
[37.033s][info][gc,start       ] GC(489) Pause Young (Allocation Failure)
[37.041s][info][gc,heap        ] GC(489) DefNew: 141134K(157248K)->1422K(157248K) Eden: 139775K(139776K)->0K(139776K) From: 1358K(17472K)->1422K(17472K)
[37.041s][info][gc,heap        ] GC(489) Tenured: 41486K(349568K)->41486K(349568K)
[37.041s][info][gc,metaspace   ] GC(489) Metaspace: 72865K(73216K)->72865K(73216K) NonClass: 57722K(57920K)->57722K(57920K) Class: 15143K(15296K)->15143K(15296K)
[37.041s][info][gc             ] GC(489) Pause Young (Allocation Failure) 178M->41M(494M) 8.087ms
[37.041s][info][gc,cpu         ] GC(489) User=0.00s Sys=0.00s Real=0.00s
[37.077s][info][gc,start       ] GC(490) Pause Young (Allocation Failure)
[37.086s][info][gc,heap        ] GC(490) DefNew: 141198K(157248K)->1482K(157248K) Eden: 139776K(139776K)->0K(139776K) From: 1422K(17472K)->1482K(17472K)
[37.086s][info][gc,heap        ] GC(490) Tenured: 41486K(349568K)->41498K(349568K)
[37.086s][info][gc,metaspace   ] GC(490) Metaspace: 72865K(73216K)->72865K(73216K) NonClass: 57722K(57920K)->57722K(57920K) Class: 15143K(15296K)->15143K(15296K)
[37.086s][info][gc             ] GC(490) Pause Young (Allocation Failure) 178M->41M(494M) 8.861ms
[37.086s][info][gc,cpu         ] GC(490) User=0.00s Sys=0.00s Real=0.00s
[37.122s][info][gc,start       ] GC(491) Pause Young (Allocation Failure)
[37.131s][info][gc,heap        ] GC(491) DefNew: 141258K(157248K)->1411K(157248K) Eden: 139776K(139776K)->0K(139776K) From: 1482K(17472K)->1411K(17472K)
[37.131s][info][gc,heap        ] GC(491) Tenured: 41498K(349568K)->41516K(349568K)
[37.131s][info][gc,metaspace   ] GC(491) Metaspace: 72866K(73216K)->72866K(73216K) NonClass: 57723K(57920K)->57723K(57920K) Class: 15143K(15296K)->15143K(15296K)
[37.131s][info][gc             ] GC(491) Pause Young (Allocation Failure) 178M->41M(494M) 8.653ms
[37.131s][info][gc,cpu         ] GC(491) User=0.00s Sys=0.00s Real=0.00s
[37.169s][info][gc,start       ] GC(492) Pause Young (Allocation Failure)
[37.177s][info][gc,heap        ] GC(492) DefNew: 141187K(157248K)->1354K(157248K) Eden: 139776K(139776K)->0K(139776K) From: 1411K(17472K)->1354K(17472K)
[37.177s][info][gc,heap        ] GC(492) Tenured: 41516K(349568K)->41516K(349568K)
[37.177s][info][gc,metaspace   ] GC(492) Metaspace: 72867K(73216K)->72867K(73216K) NonClass: 57724K(57920K)->57724K(57920K) Class: 15143K(15296K)->15143K(15296K)
[37.177s][info][gc             ] GC(492) Pause Young (Allocation Failure) 178M->41M(494M) 8.205ms
[37.177s][info][gc,cpu         ] GC(492) User=0.00s Sys=0.00s Real=0.00s
[37.216s][info][gc,start       ] GC(493) Pause Young (Allocation Failure)
[37.223s][info][gc,heap        ] GC(493) DefNew: 141130K(157248K)->1352K(157248K) Eden: 139776K(139776K)->0K(139776K) From: 1354K(17472K)->1352K(17472K)
[37.223s][info][gc,heap        ] GC(493) Tenured: 41516K(349568K)->41517K(349568K)
[37.223s][info][gc,metaspace   ] GC(493) Metaspace: 72871K(73216K)->72871K(73216K) NonClass: 57728K(57920K)->57728K(57920K) Class: 15143K(15296K)->15143K(15296K)
[37.223s][info][gc             ] GC(493) Pause Young (Allocation Failure) 178M->41M(494M) 7.803ms
[37.223s][info][gc,cpu         ] GC(493) User=0.00s Sys=0.00s Real=0.00s
[37.263s][info][gc,start       ] GC(494) Pause Young (Allocation Failure)
[37.270s][info][gc,heap        ] GC(494) DefNew: 141128K(157248K)->1402K(157248K) Eden: 139776K(139776K)->0K(139776K) From: 1352K(17472K)->1402K(17472K)
[37.270s][info][gc,heap        ] GC(494) Tenured: 41517K(349568K)->41518K(349568K)
[37.270s][info][gc,metaspace   ] GC(494) Metaspace: 72874K(73216K)->72874K(73216K) NonClass: 57731K(57920K)->57731K(57920K) Class: 15143K(15296K)->15143K(15296K)
[37.270s][info][gc             ] GC(494) Pause Young (Allocation Failure) 178M->41M(494M) 7.356ms
[37.270s][info][gc,cpu         ] GC(494) User=0.00s Sys=0.00s Real=0.00s
[37.310s][info][gc,start       ] GC(495) Pause Young (Allocation Failure)
[37.317s][info][gc,heap        ] GC(495) DefNew: 141178K(157248K)->1379K(157248K) Eden: 139776K(139776K)->0K(139776K) From: 1402K(17472K)->1379K(17472K)
[37.317s][info][gc,heap        ] GC(495) Tenured: 41518K(349568K)->41570K(349568K)
[37.317s][info][gc,metaspace   ] GC(495) Metaspace: 72882K(73280K)->72882K(73280K) NonClass: 57739K(57984K)->57739K(57984K) Class: 15143K(15296K)->15143K(15296K)
[37.317s][info][gc             ] GC(495) Pause Young (Allocation Failure) 178M->41M(494M) 7.247ms
[37.317s][info][gc,cpu         ] GC(495) User=0.00s Sys=0.00s Real=0.00s
[37.358s][info][gc,start       ] GC(496) Pause Young (Allocation Failure)
[37.365s][info][gc,heap        ] GC(496) DefNew: 141155K(157248K)->1349K(157248K) Eden: 139776K(139776K)->0K(139776K) From: 1379K(17472K)->1349K(17472K)
[37.365s][info][gc,heap        ] GC(496) Tenured: 41570K(349568K)->41601K(349568K)
[37.365s][info][gc,metaspace   ] GC(496) Metaspace: 72900K(73280K)->72900K(73280K) NonClass: 57756K(57984K)->57756K(57984K) Class: 15143K(15296K)->15143K(15296K)
[37.365s][info][gc             ] GC(496) Pause Young (Allocation Failure) 178M->41M(494M) 7.867ms
[37.365s][info][gc,cpu         ] GC(496) User=0.00s Sys=0.00s Real=0.00s
[37.409s][info][gc,start       ] GC(497) Pause Young (Allocation Failure)
[37.417s][info][gc,heap        ] GC(497) DefNew: 141125K(157248K)->1260K(157248K) Eden: 139776K(139776K)->0K(139776K) From: 1349K(17472K)->1260K(17472K)
[37.417s][info][gc,heap        ] GC(497) Tenured: 41601K(349568K)->41622K(349568K)
[37.417s][info][gc,metaspace   ] GC(497) Metaspace: 72915K(73280K)->72915K(73280K) NonClass: 57772K(57984K)->57772K(57984K) Class: 15143K(15296K)->15143K(15296K)
[37.417s][info][gc             ] GC(497) Pause Young (Allocation Failure) 178M->41M(494M) 7.333ms
[37.417s][info][gc,cpu         ] GC(497) User=0.02s Sys=0.00s Real=0.01s
[37.464s][info][gc,start       ] GC(498) Pause Young (Allocation Failure)
[37.533s][info][gc,heap        ] GC(498) DefNew: 141036K(157248K)->1185K(157248K) Eden: 139775K(139776K)->0K(139776K) From: 1260K(17472K)->1185K(17472K)
[37.533s][info][gc,heap        ] GC(498) Tenured: 41622K(349568K)->41647K(349568K)
[37.533s][info][gc,metaspace   ] GC(498) Metaspace: 72920K(73280K)->72920K(73280K) NonClass: 57777K(57984K)->57777K(57984K) Class: 15143K(15296K)->15143K(15296K)
[37.534s][info][gc             ] GC(498) Pause Young (Allocation Failure) 178M->41M(494M) 69.623ms
[37.534s][info][gc,cpu         ] GC(498) User=0.02s Sys=0.00s Real=0.06s
[37.596s][info][gc,start       ] GC(499) Pause Young (Allocation Failure)
[37.602s][info][gc,heap        ] GC(499) DefNew: 140961K(157248K)->1187K(157248K) Eden: 139776K(139776K)->0K(139776K) From: 1185K(17472K)->1187K(17472K)
[37.602s][info][gc,heap        ] GC(499) Tenured: 41647K(349568K)->41667K(349568K)
[37.602s][info][gc,metaspace   ] GC(499) Metaspace: 72921K(73280K)->72921K(73280K) NonClass: 57778K(57984K)->57778K(57984K) Class: 15143K(15296K)->15143K(15296K)
[37.602s][info][gc             ] GC(499) Pause Young (Allocation Failure) 178M->41M(494M) 5.957ms
[37.602s][info][gc,cpu         ] GC(499) User=0.02s Sys=0.00s Real=0.02s
[37.659s][info][gc,start       ] GC(500) Pause Young (Allocation Failure)
[37.664s][info][gc,heap        ] GC(500) DefNew: 140963K(157248K)->1161K(157248K) Eden: 139776K(139776K)->0K(139776K) From: 1187K(17472K)->1161K(17472K)
[37.664s][info][gc,heap        ] GC(500) Tenured: 41667K(349568K)->41673K(349568K)
[37.664s][info][gc,metaspace   ] GC(500) Metaspace: 72921K(73280K)->72921K(73280K) NonClass: 57778K(57984K)->57778K(57984K) Class: 15143K(15296K)->15143K(15296K)
[37.664s][info][gc             ] GC(500) Pause Young (Allocation Failure) 178M->41M(494M) 5.497ms
[37.664s][info][gc,cpu         ] GC(500) User=0.02s Sys=0.00s Real=0.02s
[37.725s][info][gc,start       ] GC(501) Pause Young (Allocation Failure)
[37.730s][info][gc,heap        ] GC(501) DefNew: 140937K(157248K)->1174K(157248K) Eden: 139776K(139776K)->0K(139776K) From: 1161K(17472K)->1174K(17472K)
[37.730s][info][gc,heap        ] GC(501) Tenured: 41673K(349568K)->41673K(349568K)
[37.730s][info][gc,metaspace   ] GC(501) Metaspace: 72941K(73280K)->72941K(73280K) NonClass: 57798K(57984K)->57798K(57984K) Class: 15143K(15296K)->15143K(15296K)
[37.730s][info][gc             ] GC(501) Pause Young (Allocation Failure) 178M->41M(494M) 4.994ms
[37.730s][info][gc,cpu         ] GC(501) User=0.02s Sys=0.00s Real=0.00s
[37.798s][info][gc,start       ] GC(502) Pause Young (Allocation Failure)
[37.802s][info][gc,heap        ] GC(502) DefNew: 140950K(157248K)->1123K(157248K) Eden: 139776K(139776K)->0K(139776K) From: 1174K(17472K)->1123K(17472K)
[37.802s][info][gc,heap        ] GC(502) Tenured: 41673K(349568K)->41673K(349568K)
[37.802s][info][gc,metaspace   ] GC(502) Metaspace: 72941K(73280K)->72941K(73280K) NonClass: 57798K(57984K)->57798K(57984K) Class: 15143K(15296K)->15143K(15296K)
[37.802s][info][gc             ] GC(502) Pause Young (Allocation Failure) 178M->41M(494M) 4.358ms
[37.802s][info][gc,cpu         ] GC(502) User=0.00s Sys=0.00s Real=0.00s
[37.883s][info][gc,start       ] GC(503) Pause Young (Allocation Failure)
[37.887s][info][gc,heap        ] GC(503) DefNew: 140899K(157248K)->1106K(157248K) Eden: 139776K(139776K)->0K(139776K) From: 1123K(17472K)->1106K(17472K)
[37.887s][info][gc,heap        ] GC(503) Tenured: 41673K(349568K)->41679K(349568K)
[37.887s][info][gc,metaspace   ] GC(503) Metaspace: 72941K(73280K)->72941K(73280K) NonClass: 57798K(57984K)->57798K(57984K) Class: 15143K(15296K)->15143K(15296K)
[37.887s][info][gc             ] GC(503) Pause Young (Allocation Failure) 178M->41M(494M) 4.035ms
[37.887s][info][gc,cpu         ] GC(503) User=0.00s Sys=0.00s Real=0.00s
[37.970s][info][gc,start       ] GC(504) Pause Young (Allocation Failure)
[37.974s][info][gc,heap        ] GC(504) DefNew: 140882K(157248K)->1115K(157248K) Eden: 139776K(139776K)->0K(139776K) From: 1106K(17472K)->1115K(17472K)
[37.974s][info][gc,heap        ] GC(504) Tenured: 41679K(349568K)->41699K(349568K)
[37.974s][info][gc,metaspace   ] GC(504) Metaspace: 72941K(73280K)->72941K(73280K) NonClass: 57798K(57984K)->57798K(57984K) Class: 15143K(15296K)->15143K(15296K)
[37.974s][info][gc             ] GC(504) Pause Young (Allocation Failure) 178M->41M(494M) 4.033ms
[37.974s][info][gc,cpu         ] GC(504) User=0.00s Sys=0.00s Real=0.00s
[38.059s][info][gc,start       ] GC(505) Pause Young (Allocation Failure)
[38.062s][info][gc,heap        ] GC(505) DefNew: 140891K(157248K)->1030K(157248K) Eden: 139776K(139776K)->0K(139776K) From: 1115K(17472K)->1030K(17472K)
[38.062s][info][gc,heap        ] GC(505) Tenured: 41699K(349568K)->41760K(349568K)
[38.062s][info][gc,metaspace   ] GC(505) Metaspace: 72941K(73280K)->72941K(73280K) NonClass: 57798K(57984K)->57798K(57984K) Class: 15143K(15296K)->15143K(15296K)
[38.062s][info][gc             ] GC(505) Pause Young (Allocation Failure) 178M->41M(494M) 3.973ms
[38.062s][info][gc,cpu         ] GC(505) User=0.00s Sys=0.00s Real=0.00s
[38.158s][info][gc,start       ] GC(506) Pause Young (Allocation Failure)
[38.161s][info][gc,heap        ] GC(506) DefNew: 140806K(157248K)->965K(157248K) Eden: 139776K(139776K)->0K(139776K) From: 1030K(17472K)->965K(17472K)
[38.161s][info][gc,heap        ] GC(506) Tenured: 41760K(349568K)->41849K(349568K)
[38.161s][info][gc,metaspace   ] GC(506) Metaspace: 72941K(73280K)->72941K(73280K) NonClass: 57798K(57984K)->57798K(57984K) Class: 15143K(15296K)->15143K(15296K)
[38.161s][info][gc             ] GC(506) Pause Young (Allocation Failure) 178M->41M(494M) 3.881ms
[38.161s][info][gc,cpu         ] GC(506) User=0.00s Sys=0.00s Real=0.00s
[38.259s][info][gc,start       ] GC(507) Pause Young (Allocation Failure)
[38.263s][info][gc,heap        ] GC(507) DefNew: 140741K(157248K)->913K(157248K) Eden: 139776K(139776K)->0K(139776K) From: 965K(17472K)->913K(17472K)
[38.263s][info][gc,heap        ] GC(507) Tenured: 41849K(349568K)->41880K(349568K)
[38.263s][info][gc,metaspace   ] GC(507) Metaspace: 72941K(73280K)->72941K(73280K) NonClass: 57798K(57984K)->57798K(57984K) Class: 15143K(15296K)->15143K(15296K)
[38.263s][info][gc             ] GC(507) Pause Young (Allocation Failure) 178M->41M(494M) 3.716ms
[38.263s][info][gc,cpu         ] GC(507) User=0.02s Sys=0.00s Real=0.02s
[38.357s][info][gc,start       ] GC(508) Pause Young (Allocation Failure)
[38.360s][info][gc,heap        ] GC(508) DefNew: 140689K(157248K)->874K(157248K) Eden: 139776K(139776K)->0K(139776K) From: 913K(17472K)->874K(17472K)
[38.360s][info][gc,heap        ] GC(508) Tenured: 41880K(349568K)->41924K(349568K)
[38.360s][info][gc,metaspace   ] GC(508) Metaspace: 72941K(73280K)->72941K(73280K) NonClass: 57798K(57984K)->57798K(57984K) Class: 15143K(15296K)->15143K(15296K)
[38.360s][info][gc             ] GC(508) Pause Young (Allocation Failure) 178M->41M(494M) 3.528ms
[38.360s][info][gc,cpu         ] GC(508) User=0.00s Sys=0.00s Real=0.00s
[38.456s][info][gc,start       ] GC(509) Pause Young (Allocation Failure)
[38.459s][info][gc,heap        ] GC(509) DefNew: 140650K(157248K)->838K(157248K) Eden: 139776K(139776K)->0K(139776K) From: 874K(17472K)->838K(17472K)
[38.459s][info][gc,heap        ] GC(509) Tenured: 41924K(349568K)->41950K(349568K)
[38.460s][info][gc,metaspace   ] GC(509) Metaspace: 72941K(73280K)->72941K(73280K) NonClass: 57798K(57984K)->57798K(57984K) Class: 15143K(15296K)->15143K(15296K)
[38.460s][info][gc             ] GC(509) Pause Young (Allocation Failure) 178M->41M(494M) 3.408ms
[38.460s][info][gc,cpu         ] GC(509) User=0.00s Sys=0.00s Real=0.00s
[38.552s][info][gc,start       ] GC(510) Pause Young (Allocation Failure)
[38.556s][info][gc,heap        ] GC(510) DefNew: 140614K(157248K)->800K(157248K) Eden: 139776K(139776K)->0K(139776K) From: 838K(17472K)->800K(17472K)
[38.556s][info][gc,heap        ] GC(510) Tenured: 41950K(349568K)->41981K(349568K)
[38.556s][info][gc,metaspace   ] GC(510) Metaspace: 72941K(73280K)->72941K(73280K) NonClass: 57798K(57984K)->57798K(57984K) Class: 15143K(15296K)->15143K(15296K)
[38.556s][info][gc             ] GC(510) Pause Young (Allocation Failure) 178M->41M(494M) 3.585ms
[38.556s][info][gc,cpu         ] GC(510) User=0.00s Sys=0.00s Real=0.00s
[38.650s][info][gc,start       ] GC(511) Pause Young (Allocation Failure)
[38.653s][info][gc,heap        ] GC(511) DefNew: 140576K(157248K)->752K(157248K) Eden: 139776K(139776K)->0K(139776K) From: 800K(17472K)->752K(17472K)
[38.653s][info][gc,heap        ] GC(511) Tenured: 41981K(349568K)->42038K(349568K)
[38.653s][info][gc,metaspace   ] GC(511) Metaspace: 72941K(73280K)->72941K(73280K) NonClass: 57798K(57984K)->57798K(57984K) Class: 15143K(15296K)->15143K(15296K)
[38.653s][info][gc             ] GC(511) Pause Young (Allocation Failure) 178M->41M(494M) 3.296ms
[38.653s][info][gc,cpu         ] GC(511) User=0.00s Sys=0.00s Real=0.00s
[38.749s][info][gc,start       ] GC(512) Pause Young (Allocation Failure)
[38.752s][info][gc,heap        ] GC(512) DefNew: 140528K(157248K)->670K(157248K) Eden: 139776K(139776K)->0K(139776K) From: 752K(17472K)->670K(17472K)
[38.752s][info][gc,heap        ] GC(512) Tenured: 42038K(349568K)->42128K(349568K)
[38.752s][info][gc,metaspace   ] GC(512) Metaspace: 72941K(73280K)->72941K(73280K) NonClass: 57798K(57984K)->57798K(57984K) Class: 15143K(15296K)->15143K(15296K)
[38.752s][info][gc             ] GC(512) Pause Young (Allocation Failure) 178M->41M(494M) 3.499ms
[38.752s][info][gc,cpu         ] GC(512) User=0.02s Sys=0.00s Real=0.02s
[38.846s][info][gc,start       ] GC(513) Pause Young (Allocation Failure)
[38.849s][info][gc,heap        ] GC(513) DefNew: 140446K(157248K)->633K(157248K) Eden: 139776K(139776K)->0K(139776K) From: 670K(17472K)->633K(17472K)
[38.849s][info][gc,heap        ] GC(513) Tenured: 42128K(349568K)->42184K(349568K)
[38.850s][info][gc,metaspace   ] GC(513) Metaspace: 72941K(73280K)->72941K(73280K) NonClass: 57798K(57984K)->57798K(57984K) Class: 15143K(15296K)->15143K(15296K)
[38.850s][info][gc             ] GC(513) Pause Young (Allocation Failure) 178M->41M(494M) 3.228ms
[38.850s][info][gc,cpu         ] GC(513) User=0.00s Sys=0.00s Real=0.00s
[38.944s][info][gc,start       ] GC(514) Pause Young (Allocation Failure)
[38.947s][info][gc,heap        ] GC(514) DefNew: 140409K(157248K)->537K(157248K) Eden: 139776K(139776K)->0K(139776K) From: 633K(17472K)->537K(17472K)
[38.947s][info][gc,heap        ] GC(514) Tenured: 42184K(349568K)->42260K(349568K)
[38.947s][info][gc,metaspace   ] GC(514) Metaspace: 72941K(73280K)->72941K(73280K) NonClass: 57798K(57984K)->57798K(57984K) Class: 15143K(15296K)->15143K(15296K)
[38.947s][info][gc             ] GC(514) Pause Young (Allocation Failure) 178M->41M(494M) 3.140ms
[38.947s][info][gc,cpu         ] GC(514) User=0.00s Sys=0.00s Real=0.00s
[39.040s][info][gc,start       ] GC(515) Pause Young (Allocation Failure)
[39.043s][info][gc,heap        ] GC(515) DefNew: 140313K(157248K)->473K(157248K) Eden: 139776K(139776K)->0K(139776K) From: 537K(17472K)->473K(17472K)
[39.043s][info][gc,heap        ] GC(515) Tenured: 42260K(349568K)->42302K(349568K)
[39.043s][info][gc,metaspace   ] GC(515) Metaspace: 72941K(73280K)->72941K(73280K) NonClass: 57798K(57984K)->57798K(57984K) Class: 15143K(15296K)->15143K(15296K)
[39.043s][info][gc             ] GC(515) Pause Young (Allocation Failure) 178M->41M(494M) 2.835ms
[39.043s][info][gc,cpu         ] GC(515) User=0.02s Sys=0.00s Real=0.02s
[39.136s][info][gc,start       ] GC(516) Pause Young (Allocation Failure)
[39.138s][info][gc,heap        ] GC(516) DefNew: 140249K(157248K)->396K(157248K) Eden: 139776K(139776K)->0K(139776K) From: 473K(17472K)->396K(17472K)
[39.139s][info][gc,heap        ] GC(516) Tenured: 42302K(349568K)->42393K(349568K)
[39.139s][info][gc,metaspace   ] GC(516) Metaspace: 72941K(73280K)->72941K(73280K) NonClass: 57798K(57984K)->57798K(57984K) Class: 15143K(15296K)->15143K(15296K)
[39.139s][info][gc             ] GC(516) Pause Young (Allocation Failure) 178M->41M(494M) 2.869ms
[39.139s][info][gc,cpu         ] GC(516) User=0.00s Sys=0.00s Real=0.00s
[39.231s][info][gc,start       ] GC(517) Pause Young (Allocation Failure)
[39.234s][info][gc,heap        ] GC(517) DefNew: 140172K(157248K)->335K(157248K) Eden: 139776K(139776K)->0K(139776K) From: 396K(17472K)->335K(17472K)
[39.234s][info][gc,heap        ] GC(517) Tenured: 42393K(349568K)->42471K(349568K)
[39.234s][info][gc,metaspace   ] GC(517) Metaspace: 72941K(73280K)->72941K(73280K) NonClass: 57798K(57984K)->57798K(57984K) Class: 15143K(15296K)->15143K(15296K)
[39.234s][info][gc             ] GC(517) Pause Young (Allocation Failure) 178M->41M(494M) 2.844ms
[39.234s][info][gc,cpu         ] GC(517) User=0.00s Sys=0.00s Real=0.00s
[39.343s][info][gc,start       ] GC(518) Pause Young (Allocation Failure)
[39.346s][info][gc,heap        ] GC(518) DefNew: 140111K(157248K)->253K(157248K) Eden: 139776K(139776K)->0K(139776K) From: 335K(17472K)->253K(17472K)
[39.346s][info][gc,heap        ] GC(518) Tenured: 42471K(349568K)->42523K(349568K)
[39.346s][info][gc,metaspace   ] GC(518) Metaspace: 72941K(73280K)->72941K(73280K) NonClass: 57798K(57984K)->57798K(57984K) Class: 15143K(15296K)->15143K(15296K)
[39.346s][info][gc             ] GC(518) Pause Young (Allocation Failure) 178M->41M(494M) 3.687ms
[39.347s][info][gc,cpu         ] GC(518) User=0.00s Sys=0.00s Real=0.00s
[39.436s][info][gc,start       ] GC(519) Pause Full (System.gc())
[39.436s][info][gc,phases,start] GC(519) Phase 1: Mark live objects
[39.504s][info][gc,phases      ] GC(519) Phase 1: Mark live objects 67.569ms
[39.504s][info][gc,phases,start] GC(519) Phase 2: Compute new object addresses
[39.523s][info][gc,phases      ] GC(519) Phase 2: Compute new object addresses 18.723ms
[39.523s][info][gc,phases,start] GC(519) Phase 3: Adjust pointers
[39.551s][info][gc,phases      ] GC(519) Phase 3: Adjust pointers 27.779ms
[39.551s][info][gc,phases,start] GC(519) Phase 4: Move objects
[39.552s][info][gc,phases      ] GC(519) Phase 4: Move objects 1.030ms
[39.552s][info][gc,heap        ] GC(519) DefNew: 29098K(157248K)->0K(157248K) Eden: 28845K(139776K)->0K(139776K) From: 253K(17472K)->0K(17472K)
[39.552s][info][gc,heap        ] GC(519) Tenured: 42523K(349568K)->43247K(349568K)
[39.552s][info][gc,metaspace   ] GC(519) Metaspace: 72950K(73344K)->72950K(73344K) NonClass: 57807K(58048K)->57807K(58048K) Class: 15143K(15296K)->15143K(15296K)
[39.552s][info][gc             ] GC(519) Pause Full (System.gc()) 69M->42M(494M) 116.224ms
[39.552s][info][gc,cpu         ] GC(519) User=0.11s Sys=0.00s Real=0.11s
[39.622s][info][gc,start       ] GC(520) Pause Young (Allocation Failure)
[39.637s][info][gc,heap        ] GC(520) DefNew: 139776K(157248K)->3442K(157248K) Eden: 139776K(139776K)->0K(139776K) From: 0K(17472K)->3442K(17472K)
[39.638s][info][gc,heap        ] GC(520) Tenured: 43247K(349568K)->43247K(349568K)
[39.638s][info][gc,metaspace   ] GC(520) Metaspace: 73069K(73472K)->73069K(73472K) NonClass: 57925K(58176K)->57925K(58176K) Class: 15143K(15296K)->15143K(15296K)
[39.638s][info][gc             ] GC(520) Pause Young (Allocation Failure) 178M->45M(494M) 15.394ms
[39.638s][info][gc,cpu         ] GC(520) User=0.00s Sys=0.00s Real=0.00s
[39.677s][info][gc,start       ] GC(521) Pause Young (Allocation Failure)
[39.694s][info][gc,heap        ] GC(521) DefNew: 143218K(157248K)->3386K(157248K) Eden: 139776K(139776K)->0K(139776K) From: 3442K(17472K)->3386K(17472K)
[39.694s][info][gc,heap        ] GC(521) Tenured: 43247K(349568K)->43247K(349568K)
[39.694s][info][gc,metaspace   ] GC(521) Metaspace: 73069K(73472K)->73069K(73472K) NonClass: 57925K(58176K)->57925K(58176K) Class: 15143K(15296K)->15143K(15296K)
[39.694s][info][gc             ] GC(521) Pause Young (Allocation Failure) 182M->45M(494M) 16.844ms
[39.694s][info][gc,cpu         ] GC(521) User=0.02s Sys=0.02s Real=0.02s
[39.732s][info][gc,start       ] GC(522) Pause Young (Allocation Failure)
[39.744s][info][gc,heap        ] GC(522) DefNew: 143162K(157248K)->3555K(157248K) Eden: 139776K(139776K)->0K(139776K) From: 3386K(17472K)->3555K(17472K)
[39.744s][info][gc,heap        ] GC(522) Tenured: 43247K(349568K)->43247K(349568K)
[39.744s][info][gc,metaspace   ] GC(522) Metaspace: 73069K(73472K)->73069K(73472K) NonClass: 57925K(58176K)->57925K(58176K) Class: 15143K(15296K)->15143K(15296K)
[39.744s][info][gc             ] GC(522) Pause Young (Allocation Failure) 182M->45M(494M) 12.398ms
[39.745s][info][gc,cpu         ] GC(522) User=0.00s Sys=0.00s Real=0.00s
[39.780s][info][gc,start       ] GC(523) Pause Young (Allocation Failure)
[39.792s][info][gc,heap        ] GC(523) DefNew: 143331K(157248K)->3491K(157248K) Eden: 139776K(139776K)->0K(139776K) From: 3555K(17472K)->3491K(17472K)
[39.792s][info][gc,heap        ] GC(523) Tenured: 43247K(349568K)->43247K(349568K)
[39.792s][info][gc,metaspace   ] GC(523) Metaspace: 73069K(73472K)->73069K(73472K) NonClass: 57925K(58176K)->57925K(58176K) Class: 15143K(15296K)->15143K(15296K)
[39.792s][info][gc             ] GC(523) Pause Young (Allocation Failure) 182M->45M(494M) 12.217ms
[39.792s][info][gc,cpu         ] GC(523) User=0.00s Sys=0.00s Real=0.00s
[39.828s][info][gc,start       ] GC(524) Pause Young (Allocation Failure)
[39.840s][info][gc,heap        ] GC(524) DefNew: 143267K(157248K)->3603K(157248K) Eden: 139776K(139776K)->0K(139776K) From: 3491K(17472K)->3603K(17472K)
[39.840s][info][gc,heap        ] GC(524) Tenured: 43247K(349568K)->43247K(349568K)
[39.840s][info][gc,metaspace   ] GC(524) Metaspace: 73069K(73472K)->73069K(73472K) NonClass: 57925K(58176K)->57925K(58176K) Class: 15143K(15296K)->15143K(15296K)
[39.840s][info][gc             ] GC(524) Pause Young (Allocation Failure) 182M->45M(494M) 12.552ms
[39.840s][info][gc,cpu         ] GC(524) User=0.00s Sys=0.00s Real=0.00s
[39.879s][info][gc,start       ] GC(525) Pause Young (Allocation Failure)
[39.891s][info][gc,heap        ] GC(525) DefNew: 143379K(157248K)->3551K(157248K) Eden: 139776K(139776K)->0K(139776K) From: 3603K(17472K)->3551K(17472K)
[39.891s][info][gc,heap        ] GC(525) Tenured: 43247K(349568K)->43247K(349568K)
[39.891s][info][gc,metaspace   ] GC(525) Metaspace: 73069K(73472K)->73069K(73472K) NonClass: 57925K(58176K)->57925K(58176K) Class: 15143K(15296K)->15143K(15296K)
[39.891s][info][gc             ] GC(525) Pause Young (Allocation Failure) 182M->45M(494M) 12.221ms
[39.891s][info][gc,cpu         ] GC(525) User=0.00s Sys=0.00s Real=0.00s
[39.929s][info][gc,start       ] GC(526) Pause Young (Allocation Failure)
[39.941s][info][gc,heap        ] GC(526) DefNew: 143327K(157248K)->3542K(157248K) Eden: 139776K(139776K)->0K(139776K) From: 3551K(17472K)->3542K(17472K)
[39.941s][info][gc,heap        ] GC(526) Tenured: 43247K(349568K)->43247K(349568K)
[39.941s][info][gc,metaspace   ] GC(526) Metaspace: 73069K(73472K)->73069K(73472K) NonClass: 57925K(58176K)->57925K(58176K) Class: 15143K(15296K)->15143K(15296K)
[39.941s][info][gc             ] GC(526) Pause Young (Allocation Failure) 182M->45M(494M) 12.115ms
[39.941s][info][gc,cpu         ] GC(526) User=0.00s Sys=0.02s Real=0.00s
[39.979s][info][gc,start       ] GC(527) Pause Young (Allocation Failure)
[39.991s][info][gc,heap        ] GC(527) DefNew: 143318K(157248K)->3581K(157248K) Eden: 139776K(139776K)->0K(139776K) From: 3542K(17472K)->3581K(17472K)
[39.991s][info][gc,heap        ] GC(527) Tenured: 43247K(349568K)->43247K(349568K)
[39.991s][info][gc,metaspace   ] GC(527) Metaspace: 73069K(73472K)->73069K(73472K) NonClass: 57925K(58176K)->57925K(58176K) Class: 15143K(15296K)->15143K(15296K)
[39.991s][info][gc             ] GC(527) Pause Young (Allocation Failure) 182M->45M(494M) 12.305ms
[39.991s][info][gc,cpu         ] GC(527) User=0.00s Sys=0.00s Real=0.00s
[40.030s][info][gc,start       ] GC(528) Pause Young (Allocation Failure)
[40.042s][info][gc,heap        ] GC(528) DefNew: 143357K(157248K)->3558K(157248K) Eden: 139776K(139776K)->0K(139776K) From: 3581K(17472K)->3558K(17472K)
[40.042s][info][gc,heap        ] GC(528) Tenured: 43247K(349568K)->43247K(349568K)
[40.042s][info][gc,metaspace   ] GC(528) Metaspace: 73069K(73472K)->73069K(73472K) NonClass: 57925K(58176K)->57925K(58176K) Class: 15143K(15296K)->15143K(15296K)
[40.042s][info][gc             ] GC(528) Pause Young (Allocation Failure) 182M->45M(494M) 12.209ms
[40.042s][info][gc,cpu         ] GC(528) User=0.00s Sys=0.00s Real=0.00s
[40.080s][info][gc,start       ] GC(529) Pause Young (Allocation Failure)
[40.092s][info][gc,heap        ] GC(529) DefNew: 143334K(157248K)->3554K(157248K) Eden: 139776K(139776K)->0K(139776K) From: 3558K(17472K)->3554K(17472K)
[40.092s][info][gc,heap        ] GC(529) Tenured: 43247K(349568K)->43247K(349568K)
[40.092s][info][gc,metaspace   ] GC(529) Metaspace: 73069K(73472K)->73069K(73472K) NonClass: 57925K(58176K)->57925K(58176K) Class: 15143K(15296K)->15143K(15296K)
[40.092s][info][gc             ] GC(529) Pause Young (Allocation Failure) 182M->45M(494M) 12.255ms
[40.092s][info][gc,cpu         ] GC(529) User=0.00s Sys=0.00s Real=0.00s
[40.130s][info][gc,start       ] GC(530) Pause Young (Allocation Failure)
[40.143s][info][gc,heap        ] GC(530) DefNew: 143330K(157248K)->3550K(157248K) Eden: 139776K(139776K)->0K(139776K) From: 3554K(17472K)->3550K(17472K)
[40.143s][info][gc,heap        ] GC(530) Tenured: 43247K(349568K)->43247K(349568K)
[40.143s][info][gc,metaspace   ] GC(530) Metaspace: 73069K(73472K)->73069K(73472K) NonClass: 57925K(58176K)->57925K(58176K) Class: 15143K(15296K)->15143K(15296K)
[40.143s][info][gc             ] GC(530) Pause Young (Allocation Failure) 182M->45M(494M) 12.438ms
[40.143s][info][gc,cpu         ] GC(530) User=0.00s Sys=0.00s Real=0.00s
[40.181s][info][gc,start       ] GC(531) Pause Young (Allocation Failure)
[40.194s][info][gc,heap        ] GC(531) DefNew: 143326K(157248K)->3481K(157248K) Eden: 139776K(139776K)->0K(139776K) From: 3550K(17472K)->3481K(17472K)
[40.194s][info][gc,heap        ] GC(531) Tenured: 43247K(349568K)->43247K(349568K)
[40.194s][info][gc,metaspace   ] GC(531) Metaspace: 73069K(73472K)->73069K(73472K) NonClass: 57925K(58176K)->57925K(58176K) Class: 15143K(15296K)->15143K(15296K)
[40.194s][info][gc             ] GC(531) Pause Young (Allocation Failure) 182M->45M(494M) 13.558ms
[40.194s][info][gc,cpu         ] GC(531) User=0.00s Sys=0.00s Real=0.00s
[40.232s][info][gc,start       ] GC(532) Pause Young (Allocation Failure)
[40.245s][info][gc,heap        ] GC(532) DefNew: 143257K(157248K)->3545K(157248K) Eden: 139776K(139776K)->0K(139776K) From: 3481K(17472K)->3545K(17472K)
[40.245s][info][gc,heap        ] GC(532) Tenured: 43247K(349568K)->43247K(349568K)
[40.245s][info][gc,metaspace   ] GC(532) Metaspace: 73069K(73472K)->73069K(73472K) NonClass: 57925K(58176K)->57925K(58176K) Class: 15143K(15296K)->15143K(15296K)
[40.245s][info][gc             ] GC(532) Pause Young (Allocation Failure) 182M->45M(494M) 12.984ms
[40.245s][info][gc,cpu         ] GC(532) User=0.00s Sys=0.00s Real=0.00s
[40.281s][info][gc,start       ] GC(533) Pause Young (Allocation Failure)
[40.310s][info][gc,heap        ] GC(533) DefNew: 143321K(157248K)->3538K(157248K) Eden: 139776K(139776K)->0K(139776K) From: 3545K(17472K)->3538K(17472K)
[40.310s][info][gc,heap        ] GC(533) Tenured: 43247K(349568K)->43247K(349568K)
[40.310s][info][gc,metaspace   ] GC(533) Metaspace: 73069K(73472K)->73069K(73472K) NonClass: 57925K(58176K)->57925K(58176K) Class: 15143K(15296K)->15143K(15296K)
[40.310s][info][gc             ] GC(533) Pause Young (Allocation Failure) 182M->45M(494M) 29.082ms
[40.310s][info][gc,cpu         ] GC(533) User=0.02s Sys=0.00s Real=0.02s
[40.353s][info][gc,start       ] GC(534) Pause Young (Allocation Failure)
[40.365s][info][gc,heap        ] GC(534) DefNew: 143314K(157248K)->3518K(157248K) Eden: 139776K(139776K)->0K(139776K) From: 3538K(17472K)->3518K(17472K)
[40.365s][info][gc,heap        ] GC(534) Tenured: 43247K(349568K)->43247K(349568K)
[40.365s][info][gc,metaspace   ] GC(534) Metaspace: 73069K(73472K)->73069K(73472K) NonClass: 57925K(58176K)->57925K(58176K) Class: 15143K(15296K)->15143K(15296K)
[40.365s][info][gc             ] GC(534) Pause Young (Allocation Failure) 182M->45M(494M) 12.393ms
[40.365s][info][gc,cpu         ] GC(534) User=0.00s Sys=0.00s Real=0.00s
[40.401s][info][gc,start       ] GC(535) Pause Young (Allocation Failure)
[40.414s][info][gc,heap        ] GC(535) DefNew: 143294K(157248K)->1426K(157248K) Eden: 139776K(139776K)->0K(139776K) From: 3518K(17472K)->1426K(17472K)
[40.414s][info][gc,heap        ] GC(535) Tenured: 43247K(349568K)->45326K(349568K)
[40.414s][info][gc,metaspace   ] GC(535) Metaspace: 73069K(73472K)->73069K(73472K) NonClass: 57925K(58176K)->57925K(58176K) Class: 15143K(15296K)->15143K(15296K)
[40.414s][info][gc             ] GC(535) Pause Young (Allocation Failure) 182M->45M(494M) 13.081ms
[40.414s][info][gc,cpu         ] GC(535) User=0.00s Sys=0.00s Real=0.00s
[40.453s][info][gc,start       ] GC(536) Pause Young (Allocation Failure)
[40.461s][info][gc,heap        ] GC(536) DefNew: 141202K(157248K)->1443K(157248K) Eden: 139776K(139776K)->0K(139776K) From: 1426K(17472K)->1443K(17472K)
[40.461s][info][gc,heap        ] GC(536) Tenured: 45326K(349568K)->45332K(349568K)
[40.461s][info][gc,metaspace   ] GC(536) Metaspace: 73069K(73472K)->73069K(73472K) NonClass: 57925K(58176K)->57925K(58176K) Class: 15143K(15296K)->15143K(15296K)
[40.461s][info][gc             ] GC(536) Pause Young (Allocation Failure) 182M->45M(494M) 8.337ms
[40.461s][info][gc,cpu         ] GC(536) User=0.00s Sys=0.00s Real=0.00s
[40.496s][info][gc,start       ] GC(537) Pause Young (Allocation Failure)
[40.504s][info][gc,heap        ] GC(537) DefNew: 141219K(157248K)->1426K(157248K) Eden: 139776K(139776K)->0K(139776K) From: 1443K(17472K)->1426K(17472K)
[40.504s][info][gc,heap        ] GC(537) Tenured: 45332K(349568K)->45337K(349568K)
[40.504s][info][gc,metaspace   ] GC(537) Metaspace: 73069K(73472K)->73069K(73472K) NonClass: 57925K(58176K)->57925K(58176K) Class: 15143K(15296K)->15143K(15296K)
[40.505s][info][gc             ] GC(537) Pause Young (Allocation Failure) 182M->45M(494M) 8.361ms
[40.505s][info][gc,cpu         ] GC(537) User=0.00s Sys=0.00s Real=0.00s
[40.540s][info][gc,start       ] GC(538) Pause Young (Allocation Failure)
[40.548s][info][gc,heap        ] GC(538) DefNew: 141202K(157248K)->1382K(157248K) Eden: 139775K(139776K)->0K(139776K) From: 1426K(17472K)->1382K(17472K)
[40.548s][info][gc,heap        ] GC(538) Tenured: 45337K(349568K)->45340K(349568K)
[40.548s][info][gc,metaspace   ] GC(538) Metaspace: 73069K(73472K)->73069K(73472K) NonClass: 57925K(58176K)->57925K(58176K) Class: 15143K(15296K)->15143K(15296K)
[40.548s][info][gc             ] GC(538) Pause Young (Allocation Failure) 182M->45M(494M) 8.084ms
[40.548s][info][gc,cpu         ] GC(538) User=0.00s Sys=0.00s Real=0.00s
[40.583s][info][gc,start       ] GC(539) Pause Young (Allocation Failure)
[40.591s][info][gc,heap        ] GC(539) DefNew: 141158K(157248K)->1450K(157248K) Eden: 139776K(139776K)->0K(139776K) From: 1382K(17472K)->1450K(17472K)
[40.592s][info][gc,heap        ] GC(539) Tenured: 45340K(349568K)->45341K(349568K)
[40.592s][info][gc,metaspace   ] GC(539) Metaspace: 73069K(73472K)->73069K(73472K) NonClass: 57925K(58176K)->57925K(58176K) Class: 15143K(15296K)->15143K(15296K)
[40.592s][info][gc             ] GC(539) Pause Young (Allocation Failure) 182M->45M(494M) 8.344ms
[40.592s][info][gc,cpu         ] GC(539) User=0.00s Sys=0.00s Real=0.00s
[40.627s][info][gc,start       ] GC(540) Pause Young (Allocation Failure)
[40.635s][info][gc,heap        ] GC(540) DefNew: 141226K(157248K)->1356K(157248K) Eden: 139776K(139776K)->0K(139776K) From: 1450K(17472K)->1356K(17472K)
[40.635s][info][gc,heap        ] GC(540) Tenured: 45341K(349568K)->45341K(349568K)
[40.635s][info][gc,metaspace   ] GC(540) Metaspace: 73069K(73472K)->73069K(73472K) NonClass: 57925K(58176K)->57925K(58176K) Class: 15143K(15296K)->15143K(15296K)
[40.635s][info][gc             ] GC(540) Pause Young (Allocation Failure) 182M->45M(494M) 8.000ms
[40.635s][info][gc,cpu         ] GC(540) User=0.00s Sys=0.00s Real=0.00s
[40.672s][info][gc,start       ] GC(541) Pause Young (Allocation Failure)
[40.681s][info][gc,heap        ] GC(541) DefNew: 141132K(157248K)->1469K(157248K) Eden: 139776K(139776K)->0K(139776K) From: 1356K(17472K)->1469K(17472K)
[40.681s][info][gc,heap        ] GC(541) Tenured: 45341K(349568K)->45341K(349568K)
[40.681s][info][gc,metaspace   ] GC(541) Metaspace: 73078K(73472K)->73078K(73472K) NonClass: 57934K(58176K)->57934K(58176K) Class: 15143K(15296K)->15143K(15296K)
[40.681s][info][gc             ] GC(541) Pause Young (Allocation Failure) 182M->45M(494M) 8.566ms
[40.681s][info][gc,cpu         ] GC(541) User=0.00s Sys=0.00s Real=0.00s
[40.717s][info][gc,start       ] GC(542) Pause Young (Allocation Failure)
[40.725s][info][gc,heap        ] GC(542) DefNew: 141245K(157248K)->1446K(157248K) Eden: 139776K(139776K)->0K(139776K) From: 1469K(17472K)->1446K(17472K)
[40.725s][info][gc,heap        ] GC(542) Tenured: 45341K(349568K)->45341K(349568K)
[40.725s][info][gc,metaspace   ] GC(542) Metaspace: 73078K(73472K)->73078K(73472K) NonClass: 57934K(58176K)->57934K(58176K) Class: 15143K(15296K)->15143K(15296K)
[40.725s][info][gc             ] GC(542) Pause Young (Allocation Failure) 182M->45M(494M) 8.200ms
[40.725s][info][gc,cpu         ] GC(542) User=0.00s Sys=0.00s Real=0.00s
[40.760s][info][gc,start       ] GC(543) Pause Young (Allocation Failure)
[40.768s][info][gc,heap        ] GC(543) DefNew: 141222K(157248K)->1456K(157248K) Eden: 139776K(139776K)->0K(139776K) From: 1446K(17472K)->1456K(17472K)
[40.768s][info][gc,heap        ] GC(543) Tenured: 45341K(349568K)->45341K(349568K)
[40.768s][info][gc,metaspace   ] GC(543) Metaspace: 73078K(73472K)->73078K(73472K) NonClass: 57934K(58176K)->57934K(58176K) Class: 15143K(15296K)->15143K(15296K)
[40.768s][info][gc             ] GC(543) Pause Young (Allocation Failure) 182M->45M(494M) 8.142ms
[40.768s][info][gc,cpu         ] GC(543) User=0.00s Sys=0.00s Real=0.00s
[40.804s][info][gc,start       ] GC(544) Pause Young (Allocation Failure)
[40.812s][info][gc,heap        ] GC(544) DefNew: 141232K(157248K)->1466K(157248K) Eden: 139776K(139776K)->0K(139776K) From: 1456K(17472K)->1466K(17472K)
[40.812s][info][gc,heap        ] GC(544) Tenured: 45341K(349568K)->45341K(349568K)
[40.812s][info][gc,metaspace   ] GC(544) Metaspace: 73078K(73472K)->73078K(73472K) NonClass: 57934K(58176K)->57934K(58176K) Class: 15143K(15296K)->15143K(15296K)
[40.812s][info][gc             ] GC(544) Pause Young (Allocation Failure) 182M->45M(494M) 8.438ms
[40.812s][info][gc,cpu         ] GC(544) User=0.00s Sys=0.00s Real=0.00s
[40.848s][info][gc,start       ] GC(545) Pause Young (Allocation Failure)
[40.856s][info][gc,heap        ] GC(545) DefNew: 141242K(157248K)->1501K(157248K) Eden: 139776K(139776K)->0K(139776K) From: 1466K(17472K)->1501K(17472K)
[40.856s][info][gc,heap        ] GC(545) Tenured: 45341K(349568K)->45341K(349568K)
[40.856s][info][gc,metaspace   ] GC(545) Metaspace: 73078K(73472K)->73078K(73472K) NonClass: 57934K(58176K)->57934K(58176K) Class: 15143K(15296K)->15143K(15296K)
[40.856s][info][gc             ] GC(545) Pause Young (Allocation Failure) 182M->45M(494M) 8.419ms
[40.856s][info][gc,cpu         ] GC(545) User=0.00s Sys=0.00s Real=0.00s
[40.892s][info][gc,start       ] GC(546) Pause Young (Allocation Failure)
[40.900s][info][gc,heap        ] GC(546) DefNew: 141277K(157248K)->1484K(157248K) Eden: 139776K(139776K)->0K(139776K) From: 1501K(17472K)->1484K(17472K)
[40.900s][info][gc,heap        ] GC(546) Tenured: 45341K(349568K)->45342K(349568K)
[40.900s][info][gc,metaspace   ] GC(546) Metaspace: 73078K(73472K)->73078K(73472K) NonClass: 57934K(58176K)->57934K(58176K) Class: 15143K(15296K)->15143K(15296K)
[40.900s][info][gc             ] GC(546) Pause Young (Allocation Failure) 182M->45M(494M) 8.361ms
[40.900s][info][gc,cpu         ] GC(546) User=0.00s Sys=0.00s Real=0.00s
[40.935s][info][gc,start       ] GC(547) Pause Young (Allocation Failure)
[40.944s][info][gc,heap        ] GC(547) DefNew: 141260K(157248K)->1445K(157248K) Eden: 139775K(139776K)->0K(139776K) From: 1484K(17472K)->1445K(17472K)
[40.944s][info][gc,heap        ] GC(547) Tenured: 45342K(349568K)->45376K(349568K)
[40.944s][info][gc,metaspace   ] GC(547) Metaspace: 73078K(73472K)->73078K(73472K) NonClass: 57934K(58176K)->57934K(58176K) Class: 15143K(15296K)->15143K(15296K)
[40.944s][info][gc             ] GC(547) Pause Young (Allocation Failure) 182M->45M(494M) 8.493ms
[40.944s][info][gc,cpu         ] GC(547) User=0.00s Sys=0.00s Real=0.00s
[40.979s][info][gc,start       ] GC(548) Pause Young (Allocation Failure)
[40.988s][info][gc,heap        ] GC(548) DefNew: 141221K(157248K)->1415K(157248K) Eden: 139776K(139776K)->0K(139776K) From: 1445K(17472K)->1415K(17472K)
[40.988s][info][gc,heap        ] GC(548) Tenured: 45376K(349568K)->45376K(349568K)
[40.988s][info][gc,metaspace   ] GC(548) Metaspace: 73078K(73472K)->73078K(73472K) NonClass: 57934K(58176K)->57934K(58176K) Class: 15143K(15296K)->15143K(15296K)
[40.988s][info][gc             ] GC(548) Pause Young (Allocation Failure) 182M->45M(494M) 8.926ms
[40.988s][info][gc,cpu         ] GC(548) User=0.00s Sys=0.00s Real=0.00s
[41.023s][info][gc,start       ] GC(549) Pause Young (Allocation Failure)
[41.032s][info][gc,heap        ] GC(549) DefNew: 141191K(157248K)->1496K(157248K) Eden: 139776K(139776K)->0K(139776K) From: 1415K(17472K)->1496K(17472K)
[41.032s][info][gc,heap        ] GC(549) Tenured: 45376K(349568K)->45376K(349568K)
[41.032s][info][gc,metaspace   ] GC(549) Metaspace: 73078K(73472K)->73078K(73472K) NonClass: 57934K(58176K)->57934K(58176K) Class: 15143K(15296K)->15143K(15296K)
[41.032s][info][gc             ] GC(549) Pause Young (Allocation Failure) 182M->45M(494M) 9.183ms
[41.033s][info][gc,cpu         ] GC(549) User=0.00s Sys=0.00s Real=0.00s
[41.068s][info][gc,start       ] GC(550) Pause Young (Allocation Failure)
[41.077s][info][gc,heap        ] GC(550) DefNew: 141272K(157248K)->1509K(157248K) Eden: 139776K(139776K)->0K(139776K) From: 1496K(17472K)->1509K(17472K)
[41.077s][info][gc,heap        ] GC(550) Tenured: 45376K(349568K)->45377K(349568K)
[41.077s][info][gc,metaspace   ] GC(550) Metaspace: 73078K(73472K)->73078K(73472K) NonClass: 57934K(58176K)->57934K(58176K) Class: 15143K(15296K)->15143K(15296K)
[41.077s][info][gc             ] GC(550) Pause Young (Allocation Failure) 182M->45M(494M) 9.133ms
[41.077s][info][gc,cpu         ] GC(550) User=0.00s Sys=0.00s Real=0.00s
[41.113s][info][gc,start       ] GC(551) Pause Young (Allocation Failure)
[41.122s][info][gc,heap        ] GC(551) DefNew: 141285K(157248K)->1471K(157248K) Eden: 139776K(139776K)->0K(139776K) From: 1509K(17472K)->1471K(17472K)
[41.122s][info][gc,heap        ] GC(551) Tenured: 45377K(349568K)->45378K(349568K)
[41.122s][info][gc,metaspace   ] GC(551) Metaspace: 73078K(73472K)->73078K(73472K) NonClass: 57934K(58176K)->57934K(58176K) Class: 15143K(15296K)->15143K(15296K)
[41.122s][info][gc             ] GC(551) Pause Young (Allocation Failure) 182M->45M(494M) 8.845ms
[41.122s][info][gc,cpu         ] GC(551) User=0.00s Sys=0.00s Real=0.00s
[41.157s][info][gc,start       ] GC(552) Pause Young (Allocation Failure)
[41.165s][info][gc,heap        ] GC(552) DefNew: 141247K(157248K)->1370K(157248K) Eden: 139776K(139776K)->0K(139776K) From: 1471K(17472K)->1370K(17472K)
[41.165s][info][gc,heap        ] GC(552) Tenured: 45378K(349568K)->45378K(349568K)
[41.165s][info][gc,metaspace   ] GC(552) Metaspace: 73078K(73472K)->73078K(73472K) NonClass: 57934K(58176K)->57934K(58176K) Class: 15143K(15296K)->15143K(15296K)
[41.165s][info][gc             ] GC(552) Pause Young (Allocation Failure) 182M->45M(494M) 7.872ms
[41.165s][info][gc,cpu         ] GC(552) User=0.00s Sys=0.00s Real=0.00s
[41.200s][info][gc,start       ] GC(553) Pause Young (Allocation Failure)
[41.208s][info][gc,heap        ] GC(553) DefNew: 141146K(157248K)->1493K(157248K) Eden: 139776K(139776K)->0K(139776K) From: 1370K(17472K)->1493K(17472K)
[41.208s][info][gc,heap        ] GC(553) Tenured: 45378K(349568K)->45378K(349568K)
[41.208s][info][gc,metaspace   ] GC(553) Metaspace: 73078K(73472K)->73078K(73472K) NonClass: 57934K(58176K)->57934K(58176K) Class: 15143K(15296K)->15143K(15296K)
[41.208s][info][gc             ] GC(553) Pause Young (Allocation Failure) 182M->45M(494M) 8.403ms
[41.208s][info][gc,cpu         ] GC(553) User=0.00s Sys=0.00s Real=0.00s
[41.244s][info][gc,start       ] GC(554) Pause Young (Allocation Failure)
[41.252s][info][gc,heap        ] GC(554) DefNew: 141269K(157248K)->1488K(157248K) Eden: 139776K(139776K)->0K(139776K) From: 1493K(17472K)->1488K(17472K)
[41.252s][info][gc,heap        ] GC(554) Tenured: 45378K(349568K)->45378K(349568K)
[41.252s][info][gc,metaspace   ] GC(554) Metaspace: 73078K(73472K)->73078K(73472K) NonClass: 57934K(58176K)->57934K(58176K) Class: 15143K(15296K)->15143K(15296K)
[41.252s][info][gc             ] GC(554) Pause Young (Allocation Failure) 182M->45M(494M) 8.292ms
[41.252s][info][gc,cpu         ] GC(554) User=0.00s Sys=0.00s Real=0.00s
[41.288s][info][gc,start       ] GC(555) Pause Young (Allocation Failure)
[41.296s][info][gc,heap        ] GC(555) DefNew: 141264K(157248K)->1485K(157248K) Eden: 139776K(139776K)->0K(139776K) From: 1488K(17472K)->1485K(17472K)
[41.296s][info][gc,heap        ] GC(555) Tenured: 45378K(349568K)->45378K(349568K)
[41.296s][info][gc,metaspace   ] GC(555) Metaspace: 73078K(73472K)->73078K(73472K) NonClass: 57934K(58176K)->57934K(58176K) Class: 15143K(15296K)->15143K(15296K)
[41.296s][info][gc             ] GC(555) Pause Young (Allocation Failure) 182M->45M(494M) 8.316ms
[41.296s][info][gc,cpu         ] GC(555) User=0.02s Sys=0.00s Real=0.00s
[41.331s][info][gc,start       ] GC(556) Pause Young (Allocation Failure)
[41.339s][info][gc,heap        ] GC(556) DefNew: 141261K(157248K)->1429K(157248K) Eden: 139776K(139776K)->0K(139776K) From: 1485K(17472K)->1429K(17472K)
[41.339s][info][gc,heap        ] GC(556) Tenured: 45378K(349568K)->45422K(349568K)
[41.339s][info][gc,metaspace   ] GC(556) Metaspace: 73078K(73472K)->73078K(73472K) NonClass: 57934K(58176K)->57934K(58176K) Class: 15143K(15296K)->15143K(15296K)
[41.339s][info][gc             ] GC(556) Pause Young (Allocation Failure) 182M->45M(494M) 8.305ms
[41.339s][info][gc,cpu         ] GC(556) User=0.00s Sys=0.00s Real=0.00s
[41.374s][info][gc,start       ] GC(557) Pause Young (Allocation Failure)
[41.382s][info][gc,heap        ] GC(557) DefNew: 141205K(157248K)->1399K(157248K) Eden: 139776K(139776K)->0K(139776K) From: 1429K(17472K)->1399K(17472K)
[41.382s][info][gc,heap        ] GC(557) Tenured: 45422K(349568K)->45422K(349568K)
[41.382s][info][gc,metaspace   ] GC(557) Metaspace: 73078K(73472K)->73078K(73472K) NonClass: 57934K(58176K)->57934K(58176K) Class: 15143K(15296K)->15143K(15296K)
[41.382s][info][gc             ] GC(557) Pause Young (Allocation Failure) 182M->45M(494M) 8.139ms
[41.382s][info][gc,cpu         ] GC(557) User=0.00s Sys=0.00s Real=0.00s
[41.418s][info][gc,start       ] GC(558) Pause Young (Allocation Failure)
[41.426s][info][gc,heap        ] GC(558) DefNew: 141175K(157248K)->1385K(157248K) Eden: 139776K(139776K)->0K(139776K) From: 1399K(17472K)->1385K(17472K)
[41.426s][info][gc,heap        ] GC(558) Tenured: 45422K(349568K)->45422K(349568K)
[41.426s][info][gc,metaspace   ] GC(558) Metaspace: 73078K(73472K)->73078K(73472K) NonClass: 57934K(58176K)->57934K(58176K) Class: 15143K(15296K)->15143K(15296K)
[41.426s][info][gc             ] GC(558) Pause Young (Allocation Failure) 182M->45M(494M) 8.068ms
[41.426s][info][gc,cpu         ] GC(558) User=0.00s Sys=0.00s Real=0.00s
[41.461s][info][gc,start       ] GC(559) Pause Young (Allocation Failure)
[41.469s][info][gc,heap        ] GC(559) DefNew: 141161K(157248K)->1418K(157248K) Eden: 139776K(139776K)->0K(139776K) From: 1385K(17472K)->1418K(17472K)
[41.469s][info][gc,heap        ] GC(559) Tenured: 45422K(349568K)->45422K(349568K)
[41.469s][info][gc,metaspace   ] GC(559) Metaspace: 73078K(73472K)->73078K(73472K) NonClass: 57934K(58176K)->57934K(58176K) Class: 15143K(15296K)->15143K(15296K)
[41.469s][info][gc             ] GC(559) Pause Young (Allocation Failure) 182M->45M(494M) 8.252ms
[41.469s][info][gc,cpu         ] GC(559) User=0.00s Sys=0.00s Real=0.00s
[41.504s][info][gc,start       ] GC(560) Pause Young (Allocation Failure)
[41.512s][info][gc,heap        ] GC(560) DefNew: 141194K(157248K)->1427K(157248K) Eden: 139776K(139776K)->0K(139776K) From: 1418K(17472K)->1427K(17472K)
[41.512s][info][gc,heap        ] GC(560) Tenured: 45422K(349568K)->45422K(349568K)
[41.512s][info][gc,metaspace   ] GC(560) Metaspace: 73078K(73472K)->73078K(73472K) NonClass: 57934K(58176K)->57934K(58176K) Class: 15143K(15296K)->15143K(15296K)
[41.513s][info][gc             ] GC(560) Pause Young (Allocation Failure) 182M->45M(494M) 8.257ms
[41.513s][info][gc,cpu         ] GC(560) User=0.00s Sys=0.00s Real=0.00s
[41.548s][info][gc,start       ] GC(561) Pause Young (Allocation Failure)
[41.556s][info][gc,heap        ] GC(561) DefNew: 141203K(157248K)->1404K(157248K) Eden: 139776K(139776K)->0K(139776K) From: 1427K(17472K)->1404K(17472K)
[41.556s][info][gc,heap        ] GC(561) Tenured: 45422K(349568K)->45422K(349568K)
[41.556s][info][gc,metaspace   ] GC(561) Metaspace: 73078K(73472K)->73078K(73472K) NonClass: 57934K(58176K)->57934K(58176K) Class: 15143K(15296K)->15143K(15296K)
[41.556s][info][gc             ] GC(561) Pause Young (Allocation Failure) 182M->45M(494M) 8.173ms
[41.556s][info][gc,cpu         ] GC(561) User=0.00s Sys=0.00s Real=0.00s
[41.591s][info][gc,start       ] GC(562) Pause Young (Allocation Failure)
[41.599s][info][gc,heap        ] GC(562) DefNew: 141180K(157248K)->1383K(157248K) Eden: 139776K(139776K)->0K(139776K) From: 1404K(17472K)->1383K(17472K)
[41.599s][info][gc,heap        ] GC(562) Tenured: 45422K(349568K)->45422K(349568K)
[41.599s][info][gc,metaspace   ] GC(562) Metaspace: 73078K(73472K)->73078K(73472K) NonClass: 57934K(58176K)->57934K(58176K) Class: 15143K(15296K)->15143K(15296K)
[41.599s][info][gc             ] GC(562) Pause Young (Allocation Failure) 182M->45M(494M) 8.074ms
[41.599s][info][gc,cpu         ] GC(562) User=0.00s Sys=0.00s Real=0.00s
[41.635s][info][gc,start       ] GC(563) Pause Young (Allocation Failure)
[41.661s][info][gc,heap        ] GC(563) DefNew: 141159K(157248K)->1400K(157248K) Eden: 139776K(139776K)->0K(139776K) From: 1383K(17472K)->1400K(17472K)
[41.661s][info][gc,heap        ] GC(563) Tenured: 45422K(349568K)->45422K(349568K)
[41.661s][info][gc,metaspace   ] GC(563) Metaspace: 73078K(73472K)->73078K(73472K) NonClass: 57934K(58176K)->57934K(58176K) Class: 15143K(15296K)->15143K(15296K)
[41.661s][info][gc             ] GC(563) Pause Young (Allocation Failure) 182M->45M(494M) 26.686ms
[41.661s][info][gc,cpu         ] GC(563) User=0.00s Sys=0.00s Real=0.02s
[41.703s][info][gc,start       ] GC(564) Pause Young (Allocation Failure)
[41.710s][info][gc,heap        ] GC(564) DefNew: 141176K(157248K)->1344K(157248K) Eden: 139776K(139776K)->0K(139776K) From: 1400K(17472K)->1344K(17472K)
[41.710s][info][gc,heap        ] GC(564) Tenured: 45422K(349568K)->45422K(349568K)
[41.711s][info][gc,metaspace   ] GC(564) Metaspace: 73078K(73472K)->73078K(73472K) NonClass: 57934K(58176K)->57934K(58176K) Class: 15143K(15296K)->15143K(15296K)
[41.711s][info][gc             ] GC(564) Pause Young (Allocation Failure) 182M->45M(494M) 7.954ms
[41.711s][info][gc,cpu         ] GC(564) User=0.00s Sys=0.00s Real=0.00s
[41.746s][info][gc,start       ] GC(565) Pause Young (Allocation Failure)
[41.754s][info][gc,heap        ] GC(565) DefNew: 141120K(157248K)->1358K(157248K) Eden: 139776K(139776K)->0K(139776K) From: 1344K(17472K)->1358K(17472K)
[41.754s][info][gc,heap        ] GC(565) Tenured: 45422K(349568K)->45422K(349568K)
[41.754s][info][gc,metaspace   ] GC(565) Metaspace: 73078K(73472K)->73078K(73472K) NonClass: 57934K(58176K)->57934K(58176K) Class: 15143K(15296K)->15143K(15296K)
[41.754s][info][gc             ] GC(565) Pause Young (Allocation Failure) 182M->45M(494M) 8.113ms
[41.754s][info][gc,cpu         ] GC(565) User=0.00s Sys=0.00s Real=0.00s
[41.790s][info][gc,start       ] GC(566) Pause Young (Allocation Failure)
[41.798s][info][gc,heap        ] GC(566) DefNew: 141134K(157248K)->1406K(157248K) Eden: 139776K(139776K)->0K(139776K) From: 1358K(17472K)->1406K(17472K)
[41.798s][info][gc,heap        ] GC(566) Tenured: 45422K(349568K)->45423K(349568K)
[41.798s][info][gc,metaspace   ] GC(566) Metaspace: 73078K(73472K)->73078K(73472K) NonClass: 57934K(58176K)->57934K(58176K) Class: 15143K(15296K)->15143K(15296K)
[41.798s][info][gc             ] GC(566) Pause Young (Allocation Failure) 182M->45M(494M) 8.774ms
[41.798s][info][gc,cpu         ] GC(566) User=0.00s Sys=0.00s Real=0.00s
[41.834s][info][gc,start       ] GC(567) Pause Young (Allocation Failure)
[41.842s][info][gc,heap        ] GC(567) DefNew: 141182K(157248K)->1369K(157248K) Eden: 139776K(139776K)->0K(139776K) From: 1406K(17472K)->1369K(17472K)
[41.842s][info][gc,heap        ] GC(567) Tenured: 45423K(349568K)->45423K(349568K)
[41.842s][info][gc,metaspace   ] GC(567) Metaspace: 73078K(73472K)->73078K(73472K) NonClass: 57934K(58176K)->57934K(58176K) Class: 15143K(15296K)->15143K(15296K)
[41.842s][info][gc             ] GC(567) Pause Young (Allocation Failure) 182M->45M(494M) 8.544ms
[41.842s][info][gc,cpu         ] GC(567) User=0.00s Sys=0.00s Real=0.00s
[41.877s][info][gc,start       ] GC(568) Pause Young (Allocation Failure)
[41.885s][info][gc,heap        ] GC(568) DefNew: 141145K(157248K)->1360K(157248K) Eden: 139776K(139776K)->0K(139776K) From: 1369K(17472K)->1360K(17472K)
[41.885s][info][gc,heap        ] GC(568) Tenured: 45423K(349568K)->45445K(349568K)
[41.885s][info][gc,metaspace   ] GC(568) Metaspace: 73078K(73472K)->73078K(73472K) NonClass: 57934K(58176K)->57934K(58176K) Class: 15143K(15296K)->15143K(15296K)
[41.885s][info][gc             ] GC(568) Pause Young (Allocation Failure) 182M->45M(494M) 8.028ms
[41.885s][info][gc,cpu         ] GC(568) User=0.00s Sys=0.00s Real=0.00s
[41.921s][info][gc,start       ] GC(569) Pause Young (Allocation Failure)
[41.929s][info][gc,heap        ] GC(569) DefNew: 141136K(157248K)->1333K(157248K) Eden: 139776K(139776K)->0K(139776K) From: 1360K(17472K)->1333K(17472K)
[41.929s][info][gc,heap        ] GC(569) Tenured: 45445K(349568K)->45445K(349568K)
[41.929s][info][gc,metaspace   ] GC(569) Metaspace: 73078K(73472K)->73078K(73472K) NonClass: 57934K(58176K)->57934K(58176K) Class: 15143K(15296K)->15143K(15296K)
[41.930s][info][gc             ] GC(569) Pause Young (Allocation Failure) 182M->45M(494M) 8.715ms
[41.930s][info][gc,cpu         ] GC(569) User=0.02s Sys=0.00s Real=0.01s
[41.965s][info][gc,start       ] GC(570) Pause Young (Allocation Failure)
[41.973s][info][gc,heap        ] GC(570) DefNew: 141109K(157248K)->1378K(157248K) Eden: 139776K(139776K)->0K(139776K) From: 1333K(17472K)->1378K(17472K)
[41.973s][info][gc,heap        ] GC(570) Tenured: 45445K(349568K)->45445K(349568K)
[41.973s][info][gc,metaspace   ] GC(570) Metaspace: 73078K(73472K)->73078K(73472K) NonClass: 57934K(58176K)->57934K(58176K) Class: 15143K(15296K)->15143K(15296K)
[41.974s][info][gc             ] GC(570) Pause Young (Allocation Failure) 182M->45M(494M) 8.961ms
[41.974s][info][gc,cpu         ] GC(570) User=0.00s Sys=0.00s Real=0.00s
[42.009s][info][gc,start       ] GC(571) Pause Young (Allocation Failure)
[42.018s][info][gc,heap        ] GC(571) DefNew: 141154K(157248K)->1375K(157248K) Eden: 139776K(139776K)->0K(139776K) From: 1378K(17472K)->1375K(17472K)
[42.018s][info][gc,heap        ] GC(571) Tenured: 45445K(349568K)->45446K(349568K)
[42.018s][info][gc,metaspace   ] GC(571) Metaspace: 73078K(73472K)->73078K(73472K) NonClass: 57934K(58176K)->57934K(58176K) Class: 15143K(15296K)->15143K(15296K)
[42.018s][info][gc             ] GC(571) Pause Young (Allocation Failure) 182M->45M(494M) 8.571ms
[42.018s][info][gc,cpu         ] GC(571) User=0.00s Sys=0.00s Real=0.01s
[42.053s][info][gc,start       ] GC(572) Pause Young (Allocation Failure)
[42.061s][info][gc,heap        ] GC(572) DefNew: 141151K(157248K)->1371K(157248K) Eden: 139776K(139776K)->0K(139776K) From: 1375K(17472K)->1371K(17472K)
[42.061s][info][gc,heap        ] GC(572) Tenured: 45446K(349568K)->45446K(349568K)
[42.061s][info][gc,metaspace   ] GC(572) Metaspace: 73078K(73472K)->73078K(73472K) NonClass: 57934K(58176K)->57934K(58176K) Class: 15143K(15296K)->15143K(15296K)
[42.061s][info][gc             ] GC(572) Pause Young (Allocation Failure) 182M->45M(494M) 8.191ms
[42.061s][info][gc,cpu         ] GC(572) User=0.00s Sys=0.00s Real=0.00s
[42.097s][info][gc,start       ] GC(573) Pause Young (Allocation Failure)
[42.105s][info][gc,heap        ] GC(573) DefNew: 141147K(157248K)->1376K(157248K) Eden: 139776K(139776K)->0K(139776K) From: 1371K(17472K)->1376K(17472K)
[42.105s][info][gc,heap        ] GC(573) Tenured: 45446K(349568K)->45446K(349568K)
[42.105s][info][gc,metaspace   ] GC(573) Metaspace: 73078K(73472K)->73078K(73472K) NonClass: 57934K(58176K)->57934K(58176K) Class: 15143K(15296K)->15143K(15296K)
[42.105s][info][gc             ] GC(573) Pause Young (Allocation Failure) 182M->45M(494M) 8.111ms
[42.105s][info][gc,cpu         ] GC(573) User=0.02s Sys=0.00s Real=0.01s
[42.140s][info][gc,start       ] GC(574) Pause Young (Allocation Failure)
[42.148s][info][gc,heap        ] GC(574) DefNew: 141152K(157248K)->1408K(157248K) Eden: 139776K(139776K)->0K(139776K) From: 1376K(17472K)->1408K(17472K)
[42.148s][info][gc,heap        ] GC(574) Tenured: 45446K(349568K)->45446K(349568K)
[42.148s][info][gc,metaspace   ] GC(574) Metaspace: 73078K(73472K)->73078K(73472K) NonClass: 57934K(58176K)->57934K(58176K) Class: 15143K(15296K)->15143K(15296K)
[42.148s][info][gc             ] GC(574) Pause Young (Allocation Failure) 182M->45M(494M) 8.255ms
[42.148s][info][gc,cpu         ] GC(574) User=0.00s Sys=0.00s Real=0.00s
[42.184s][info][gc,start       ] GC(575) Pause Young (Allocation Failure)
[42.192s][info][gc,heap        ] GC(575) DefNew: 141184K(157248K)->1412K(157248K) Eden: 139776K(139776K)->0K(139776K) From: 1408K(17472K)->1412K(17472K)
[42.192s][info][gc,heap        ] GC(575) Tenured: 45446K(349568K)->45446K(349568K)
[42.192s][info][gc,metaspace   ] GC(575) Metaspace: 73078K(73472K)->73078K(73472K) NonClass: 57934K(58176K)->57934K(58176K) Class: 15143K(15296K)->15143K(15296K)
[42.192s][info][gc             ] GC(575) Pause Young (Allocation Failure) 182M->45M(494M) 8.191ms
[42.192s][info][gc,cpu         ] GC(575) User=0.00s Sys=0.00s Real=0.00s
[42.228s][info][gc,start       ] GC(576) Pause Young (Allocation Failure)
[42.236s][info][gc,heap        ] GC(576) DefNew: 141188K(157248K)->1431K(157248K) Eden: 139776K(139776K)->0K(139776K) From: 1412K(17472K)->1431K(17472K)
[42.236s][info][gc,heap        ] GC(576) Tenured: 45446K(349568K)->45446K(349568K)
[42.236s][info][gc,metaspace   ] GC(576) Metaspace: 73078K(73472K)->73078K(73472K) NonClass: 57934K(58176K)->57934K(58176K) Class: 15143K(15296K)->15143K(15296K)
[42.236s][info][gc             ] GC(576) Pause Young (Allocation Failure) 182M->45M(494M) 8.267ms
[42.236s][info][gc,cpu         ] GC(576) User=0.00s Sys=0.00s Real=0.00s
[42.272s][info][gc,start       ] GC(577) Pause Young (Allocation Failure)
[42.280s][info][gc,heap        ] GC(577) DefNew: 141207K(157248K)->1450K(157248K) Eden: 139776K(139776K)->0K(139776K) From: 1431K(17472K)->1450K(17472K)
[42.280s][info][gc,heap        ] GC(577) Tenured: 45446K(349568K)->45446K(349568K)
[42.280s][info][gc,metaspace   ] GC(577) Metaspace: 73078K(73472K)->73078K(73472K) NonClass: 57934K(58176K)->57934K(58176K) Class: 15143K(15296K)->15143K(15296K)
[42.280s][info][gc             ] GC(577) Pause Young (Allocation Failure) 182M->45M(494M) 8.326ms
[42.280s][info][gc,cpu         ] GC(577) User=0.00s Sys=0.00s Real=0.00s
[42.316s][info][gc,start       ] GC(578) Pause Young (Allocation Failure)
[42.323s][info][gc,heap        ] GC(578) DefNew: 141226K(157248K)->1366K(157248K) Eden: 139776K(139776K)->0K(139776K) From: 1450K(17472K)->1366K(17472K)
[42.323s][info][gc,heap        ] GC(578) Tenured: 45446K(349568K)->45446K(349568K)
[42.323s][info][gc,metaspace   ] GC(578) Metaspace: 73078K(73472K)->73078K(73472K) NonClass: 57934K(58176K)->57934K(58176K) Class: 15143K(15296K)->15143K(15296K)
[42.323s][info][gc             ] GC(578) Pause Young (Allocation Failure) 182M->45M(494M) 7.946ms
[42.323s][info][gc,cpu         ] GC(578) User=0.00s Sys=0.00s Real=0.00s
[42.359s][info][gc,start       ] GC(579) Pause Young (Allocation Failure)
[42.367s][info][gc,heap        ] GC(579) DefNew: 141142K(157248K)->1454K(157248K) Eden: 139776K(139776K)->0K(139776K) From: 1366K(17472K)->1454K(17472K)
[42.367s][info][gc,heap        ] GC(579) Tenured: 45446K(349568K)->45446K(349568K)
[42.367s][info][gc,metaspace   ] GC(579) Metaspace: 73078K(73472K)->73078K(73472K) NonClass: 57934K(58176K)->57934K(58176K) Class: 15143K(15296K)->15143K(15296K)
[42.367s][info][gc             ] GC(579) Pause Young (Allocation Failure) 182M->45M(494M) 8.275ms
[42.367s][info][gc,cpu         ] GC(579) User=0.00s Sys=0.00s Real=0.00s
[42.403s][info][gc,start       ] GC(580) Pause Young (Allocation Failure)
[42.411s][info][gc,heap        ] GC(580) DefNew: 141230K(157248K)->1386K(157248K) Eden: 139776K(139776K)->0K(139776K) From: 1454K(17472K)->1386K(17472K)
[42.411s][info][gc,heap        ] GC(580) Tenured: 45446K(349568K)->45446K(349568K)
[42.411s][info][gc,metaspace   ] GC(580) Metaspace: 73078K(73472K)->73078K(73472K) NonClass: 57934K(58176K)->57934K(58176K) Class: 15143K(15296K)->15143K(15296K)
[42.411s][info][gc             ] GC(580) Pause Young (Allocation Failure) 182M->45M(494M) 8.180ms
[42.411s][info][gc,cpu         ] GC(580) User=0.00s Sys=0.00s Real=0.00s
[42.446s][info][gc,start       ] GC(581) Pause Young (Allocation Failure)
[42.454s][info][gc,heap        ] GC(581) DefNew: 141162K(157248K)->1417K(157248K) Eden: 139776K(139776K)->0K(139776K) From: 1386K(17472K)->1417K(17472K)
[42.454s][info][gc,heap        ] GC(581) Tenured: 45446K(349568K)->45447K(349568K)
[42.454s][info][gc,metaspace   ] GC(581) Metaspace: 73078K(73472K)->73078K(73472K) NonClass: 57934K(58176K)->57934K(58176K) Class: 15143K(15296K)->15143K(15296K)
[42.454s][info][gc             ] GC(581) Pause Young (Allocation Failure) 182M->45M(494M) 8.203ms
[42.454s][info][gc,cpu         ] GC(581) User=0.00s Sys=0.00s Real=0.00s
[42.490s][info][gc,start       ] GC(582) Pause Young (Allocation Failure)
[42.498s][info][gc,heap        ] GC(582) DefNew: 141193K(157248K)->1422K(157248K) Eden: 139776K(139776K)->0K(139776K) From: 1417K(17472K)->1422K(17472K)
[42.498s][info][gc,heap        ] GC(582) Tenured: 45447K(349568K)->45447K(349568K)
[42.498s][info][gc,metaspace   ] GC(582) Metaspace: 73078K(73472K)->73078K(73472K) NonClass: 57934K(58176K)->57934K(58176K) Class: 15143K(15296K)->15143K(15296K)
[42.498s][info][gc             ] GC(582) Pause Young (Allocation Failure) 182M->45M(494M) 8.410ms
[42.498s][info][gc,cpu         ] GC(582) User=0.02s Sys=0.00s Real=0.01s
[42.534s][info][gc,start       ] GC(583) Pause Young (Allocation Failure)
[42.542s][info][gc,heap        ] GC(583) DefNew: 141198K(157248K)->1388K(157248K) Eden: 139776K(139776K)->0K(139776K) From: 1422K(17472K)->1388K(17472K)
[42.542s][info][gc,heap        ] GC(583) Tenured: 45447K(349568K)->45447K(349568K)
[42.542s][info][gc,metaspace   ] GC(583) Metaspace: 73078K(73472K)->73078K(73472K) NonClass: 57934K(58176K)->57934K(58176K) Class: 15143K(15296K)->15143K(15296K)
[42.542s][info][gc             ] GC(583) Pause Young (Allocation Failure) 182M->45M(494M) 8.838ms
[42.542s][info][gc,cpu         ] GC(583) User=0.00s Sys=0.00s Real=0.00s
[42.578s][info][gc,start       ] GC(584) Pause Young (Allocation Failure)
[42.586s][info][gc,heap        ] GC(584) DefNew: 141164K(157248K)->1425K(157248K) Eden: 139776K(139776K)->0K(139776K) From: 1388K(17472K)->1425K(17472K)
[42.586s][info][gc,heap        ] GC(584) Tenured: 45447K(349568K)->45448K(349568K)
[42.586s][info][gc,metaspace   ] GC(584) Metaspace: 73078K(73472K)->73078K(73472K) NonClass: 57934K(58176K)->57934K(58176K) Class: 15143K(15296K)->15143K(15296K)
[42.587s][info][gc             ] GC(584) Pause Young (Allocation Failure) 182M->45M(494M) 8.777ms
[42.587s][info][gc,cpu         ] GC(584) User=0.00s Sys=0.00s Real=0.00s
[42.622s][info][gc,start       ] GC(585) Pause Young (Allocation Failure)
[42.630s][info][gc,heap        ] GC(585) DefNew: 141201K(157248K)->1405K(157248K) Eden: 139776K(139776K)->0K(139776K) From: 1425K(17472K)->1405K(17472K)
[42.630s][info][gc,heap        ] GC(585) Tenured: 45448K(349568K)->45448K(349568K)
[42.630s][info][gc,metaspace   ] GC(585) Metaspace: 73078K(73472K)->73078K(73472K) NonClass: 57934K(58176K)->57934K(58176K) Class: 15143K(15296K)->15143K(15296K)
[42.630s][info][gc             ] GC(585) Pause Young (Allocation Failure) 182M->45M(494M) 8.185ms
[42.630s][info][gc,cpu         ] GC(585) User=0.00s Sys=0.00s Real=0.00s
[42.665s][info][gc,start       ] GC(586) Pause Young (Allocation Failure)
[42.673s][info][gc,heap        ] GC(586) DefNew: 141181K(157248K)->1381K(157248K) Eden: 139776K(139776K)->0K(139776K) From: 1405K(17472K)->1381K(17472K)
[42.673s][info][gc,heap        ] GC(586) Tenured: 45448K(349568K)->45448K(349568K)
[42.673s][info][gc,metaspace   ] GC(586) Metaspace: 73078K(73472K)->73078K(73472K) NonClass: 57934K(58176K)->57934K(58176K) Class: 15143K(15296K)->15143K(15296K)
[42.674s][info][gc             ] GC(586) Pause Young (Allocation Failure) 182M->45M(494M) 8.080ms
[42.674s][info][gc,cpu         ] GC(586) User=0.00s Sys=0.00s Real=0.00s
[42.708s][info][gc,start       ] GC(587) Pause Young (Allocation Failure)
[42.716s][info][gc,heap        ] GC(587) DefNew: 141157K(157248K)->1416K(157248K) Eden: 139776K(139776K)->0K(139776K) From: 1381K(17472K)->1416K(17472K)
[42.716s][info][gc,heap        ] GC(587) Tenured: 45448K(349568K)->45448K(349568K)
[42.716s][info][gc,metaspace   ] GC(587) Metaspace: 73078K(73472K)->73078K(73472K) NonClass: 57934K(58176K)->57934K(58176K) Class: 15143K(15296K)->15143K(15296K)
[42.716s][info][gc             ] GC(587) Pause Young (Allocation Failure) 182M->45M(494M) 8.278ms
[42.716s][info][gc,cpu         ] GC(587) User=0.00s Sys=0.00s Real=0.00s
[42.752s][info][gc,start       ] GC(588) Pause Young (Allocation Failure)
[42.761s][info][gc,heap        ] GC(588) DefNew: 141192K(157248K)->1423K(157248K) Eden: 139776K(139776K)->0K(139776K) From: 1416K(17472K)->1423K(17472K)
[42.761s][info][gc,heap        ] GC(588) Tenured: 45448K(349568K)->45448K(349568K)
[42.761s][info][gc,metaspace   ] GC(588) Metaspace: 73078K(73472K)->73078K(73472K) NonClass: 57934K(58176K)->57934K(58176K) Class: 15143K(15296K)->15143K(15296K)
[42.761s][info][gc             ] GC(588) Pause Young (Allocation Failure) 182M->45M(494M) 8.846ms
[42.761s][info][gc,cpu         ] GC(588) User=0.00s Sys=0.00s Real=0.00s
[42.796s][info][gc,start       ] GC(589) Pause Young (Allocation Failure)
[42.805s][info][gc,heap        ] GC(589) DefNew: 141199K(157248K)->1407K(157248K) Eden: 139776K(139776K)->0K(139776K) From: 1423K(17472K)->1407K(17472K)
[42.805s][info][gc,heap        ] GC(589) Tenured: 45448K(349568K)->45449K(349568K)
[42.805s][info][gc,metaspace   ] GC(589) Metaspace: 73078K(73472K)->73078K(73472K) NonClass: 57934K(58176K)->57934K(58176K) Class: 15143K(15296K)->15143K(15296K)
[42.805s][info][gc             ] GC(589) Pause Young (Allocation Failure) 182M->45M(494M) 8.574ms
[42.805s][info][gc,cpu         ] GC(589) User=0.00s Sys=0.00s Real=0.00s
[42.840s][info][gc,start       ] GC(590) Pause Young (Allocation Failure)
[42.848s][info][gc,heap        ] GC(590) DefNew: 141183K(157248K)->1391K(157248K) Eden: 139776K(139776K)->0K(139776K) From: 1407K(17472K)->1391K(17472K)
[42.848s][info][gc,heap        ] GC(590) Tenured: 45449K(349568K)->45465K(349568K)
[42.848s][info][gc,metaspace   ] GC(590) Metaspace: 73078K(73472K)->73078K(73472K) NonClass: 57934K(58176K)->57934K(58176K) Class: 15143K(15296K)->15143K(15296K)
[42.848s][info][gc             ] GC(590) Pause Young (Allocation Failure) 182M->45M(494M) 8.228ms
[42.848s][info][gc,cpu         ] GC(590) User=0.00s Sys=0.00s Real=0.00s
[42.883s][info][gc,start       ] GC(591) Pause Young (Allocation Failure)
[42.892s][info][gc,heap        ] GC(591) DefNew: 141167K(157248K)->1381K(157248K) Eden: 139776K(139776K)->0K(139776K) From: 1391K(17472K)->1381K(17472K)
[42.892s][info][gc,heap        ] GC(591) Tenured: 45465K(349568K)->45474K(349568K)
[42.892s][info][gc,metaspace   ] GC(591) Metaspace: 73078K(73472K)->73078K(73472K) NonClass: 57934K(58176K)->57934K(58176K) Class: 15143K(15296K)->15143K(15296K)
[42.892s][info][gc             ] GC(591) Pause Young (Allocation Failure) 182M->45M(494M) 9.162ms
[42.892s][info][gc,cpu         ] GC(591) User=0.00s Sys=0.00s Real=0.01s
[42.928s][info][gc,start       ] GC(592) Pause Young (Allocation Failure)
[42.937s][info][gc,heap        ] GC(592) DefNew: 141157K(157248K)->1388K(157248K) Eden: 139776K(139776K)->0K(139776K) From: 1381K(17472K)->1388K(17472K)
[42.937s][info][gc,heap        ] GC(592) Tenured: 45474K(349568K)->45475K(349568K)
[42.937s][info][gc,metaspace   ] GC(592) Metaspace: 73078K(73472K)->73078K(73472K) NonClass: 57934K(58176K)->57934K(58176K) Class: 15143K(15296K)->15143K(15296K)
[42.937s][info][gc             ] GC(592) Pause Young (Allocation Failure) 182M->45M(494M) 8.602ms
[42.937s][info][gc,cpu         ] GC(592) User=0.02s Sys=0.00s Real=0.00s
[42.972s][info][gc,start       ] GC(593) Pause Young (Allocation Failure)
[42.980s][info][gc,heap        ] GC(593) DefNew: 141164K(157248K)->1361K(157248K) Eden: 139776K(139776K)->0K(139776K) From: 1388K(17472K)->1361K(17472K)
[42.980s][info][gc,heap        ] GC(593) Tenured: 45475K(349568K)->45475K(349568K)
[42.980s][info][gc,metaspace   ] GC(593) Metaspace: 73078K(73472K)->73078K(73472K) NonClass: 57934K(58176K)->57934K(58176K) Class: 15143K(15296K)->15143K(15296K)
[42.980s][info][gc             ] GC(593) Pause Young (Allocation Failure) 182M->45M(494M) 8.072ms
[42.980s][info][gc,cpu         ] GC(593) User=0.00s Sys=0.00s Real=0.00s
[43.016s][info][gc,start       ] GC(594) Pause Young (Allocation Failure)
[43.024s][info][gc,heap        ] GC(594) DefNew: 141137K(157248K)->1349K(157248K) Eden: 139776K(139776K)->0K(139776K) From: 1361K(17472K)->1349K(17472K)
[43.024s][info][gc,heap        ] GC(594) Tenured: 45475K(349568K)->45475K(349568K)
[43.024s][info][gc,metaspace   ] GC(594) Metaspace: 73078K(73472K)->73078K(73472K) NonClass: 57934K(58176K)->57934K(58176K) Class: 15143K(15296K)->15143K(15296K)
[43.024s][info][gc             ] GC(594) Pause Young (Allocation Failure) 182M->45M(494M) 8.072ms
[43.024s][info][gc,cpu         ] GC(594) User=0.00s Sys=0.00s Real=0.00s
[43.066s][info][gc,start       ] GC(595) Pause Young (Allocation Failure)
[43.074s][info][gc,heap        ] GC(595) DefNew: 141125K(157248K)->1339K(157248K) Eden: 139776K(139776K)->0K(139776K) From: 1349K(17472K)->1339K(17472K)
[43.074s][info][gc,heap        ] GC(595) Tenured: 45475K(349568K)->45475K(349568K)
[43.074s][info][gc,metaspace   ] GC(595) Metaspace: 73078K(73472K)->73078K(73472K) NonClass: 57934K(58176K)->57934K(58176K) Class: 15143K(15296K)->15143K(15296K)
[43.074s][info][gc             ] GC(595) Pause Young (Allocation Failure) 182M->45M(494M) 8.162ms
[43.074s][info][gc,cpu         ] GC(595) User=0.02s Sys=0.00s Real=0.01s
[43.115s][info][gc,start       ] GC(596) Pause Young (Allocation Failure)
[43.122s][info][gc,heap        ] GC(596) DefNew: 141115K(157248K)->1368K(157248K) Eden: 139776K(139776K)->0K(139776K) From: 1339K(17472K)->1368K(17472K)
[43.122s][info][gc,heap        ] GC(596) Tenured: 45475K(349568K)->45475K(349568K)
[43.122s][info][gc,metaspace   ] GC(596) Metaspace: 73078K(73472K)->73078K(73472K) NonClass: 57934K(58176K)->57934K(58176K) Class: 15143K(15296K)->15143K(15296K)
[43.122s][info][gc             ] GC(596) Pause Young (Allocation Failure) 182M->45M(494M) 7.843ms
[43.122s][info][gc,cpu         ] GC(596) User=0.02s Sys=0.00s Real=0.00s
[43.158s][info][gc,start       ] GC(597) Pause Young (Allocation Failure)
[43.166s][info][gc,heap        ] GC(597) DefNew: 141144K(157248K)->1337K(157248K) Eden: 139776K(139776K)->0K(139776K) From: 1368K(17472K)->1337K(17472K)
[43.166s][info][gc,heap        ] GC(597) Tenured: 45475K(349568K)->45475K(349568K)
[43.166s][info][gc,metaspace   ] GC(597) Metaspace: 73078K(73472K)->73078K(73472K) NonClass: 57934K(58176K)->57934K(58176K) Class: 15143K(15296K)->15143K(15296K)
[43.166s][info][gc             ] GC(597) Pause Young (Allocation Failure) 182M->45M(494M) 8.051ms
[43.166s][info][gc,cpu         ] GC(597) User=0.00s Sys=0.00s Real=0.00s
[43.201s][info][gc,start       ] GC(598) Pause Young (Allocation Failure)
[43.209s][info][gc,heap        ] GC(598) DefNew: 141113K(157248K)->1361K(157248K) Eden: 139776K(139776K)->0K(139776K) From: 1337K(17472K)->1361K(17472K)
[43.209s][info][gc,heap        ] GC(598) Tenured: 45475K(349568K)->45476K(349568K)
[43.209s][info][gc,metaspace   ] GC(598) Metaspace: 73078K(73472K)->73078K(73472K) NonClass: 57934K(58176K)->57934K(58176K) Class: 15143K(15296K)->15143K(15296K)
[43.209s][info][gc             ] GC(598) Pause Young (Allocation Failure) 182M->45M(494M) 8.932ms
[43.209s][info][gc,cpu         ] GC(598) User=0.00s Sys=0.00s Real=0.00s
[43.245s][info][gc,start       ] GC(599) Pause Young (Allocation Failure)
[43.254s][info][gc,heap        ] GC(599) DefNew: 141137K(157248K)->1370K(157248K) Eden: 139776K(139776K)->0K(139776K) From: 1361K(17472K)->1370K(17472K)
[43.254s][info][gc,heap        ] GC(599) Tenured: 45476K(349568K)->45476K(349568K)
[43.254s][info][gc,metaspace   ] GC(599) Metaspace: 73078K(73472K)->73078K(73472K) NonClass: 57934K(58176K)->57934K(58176K) Class: 15143K(15296K)->15143K(15296K)
[43.254s][info][gc             ] GC(599) Pause Young (Allocation Failure) 182M->45M(494M) 8.811ms
[43.254s][info][gc,cpu         ] GC(599) User=0.00s Sys=0.00s Real=0.00s
[43.289s][info][gc,start       ] GC(600) Pause Young (Allocation Failure)
[43.298s][info][gc,heap        ] GC(600) DefNew: 141146K(157248K)->1426K(157248K) Eden: 139776K(139776K)->0K(139776K) From: 1370K(17472K)->1426K(17472K)
[43.298s][info][gc,heap        ] GC(600) Tenured: 45476K(349568K)->45476K(349568K)
[43.298s][info][gc,metaspace   ] GC(600) Metaspace: 73078K(73472K)->73078K(73472K) NonClass: 57934K(58176K)->57934K(58176K) Class: 15143K(15296K)->15143K(15296K)
[43.298s][info][gc             ] GC(600) Pause Young (Allocation Failure) 182M->45M(494M) 8.854ms
[43.298s][info][gc,cpu         ] GC(600) User=0.00s Sys=0.00s Real=0.00s
[43.334s][info][gc,start       ] GC(601) Pause Young (Allocation Failure)
[43.343s][info][gc,heap        ] GC(601) DefNew: 141202K(157248K)->1391K(157248K) Eden: 139776K(139776K)->0K(139776K) From: 1426K(17472K)->1391K(17472K)
[43.343s][info][gc,heap        ] GC(601) Tenured: 45476K(349568K)->45477K(349568K)
[43.343s][info][gc,metaspace   ] GC(601) Metaspace: 73078K(73472K)->73078K(73472K) NonClass: 57934K(58176K)->57934K(58176K) Class: 15143K(15296K)->15143K(15296K)
[43.343s][info][gc             ] GC(601) Pause Young (Allocation Failure) 182M->45M(494M) 9.037ms
[43.343s][info][gc,cpu         ] GC(601) User=0.02s Sys=0.00s Real=0.00s
[43.378s][info][gc,start       ] GC(602) Pause Young (Allocation Failure)
[43.387s][info][gc,heap        ] GC(602) DefNew: 141167K(157248K)->1423K(157248K) Eden: 139775K(139776K)->0K(139776K) From: 1391K(17472K)->1423K(17472K)
[43.387s][info][gc,heap        ] GC(602) Tenured: 45477K(349568K)->45477K(349568K)
[43.387s][info][gc,metaspace   ] GC(602) Metaspace: 73078K(73472K)->73078K(73472K) NonClass: 57934K(58176K)->57934K(58176K) Class: 15143K(15296K)->15143K(15296K)
[43.387s][info][gc             ] GC(602) Pause Young (Allocation Failure) 182M->45M(494M) 8.660ms
[43.387s][info][gc,cpu         ] GC(602) User=0.00s Sys=0.00s Real=0.00s
[43.422s][info][gc,start       ] GC(603) Pause Young (Allocation Failure)
[43.430s][info][gc,heap        ] GC(603) DefNew: 141199K(157248K)->1432K(157248K) Eden: 139776K(139776K)->0K(139776K) From: 1423K(17472K)->1432K(17472K)
[43.430s][info][gc,heap        ] GC(603) Tenured: 45477K(349568K)->45477K(349568K)
[43.430s][info][gc,metaspace   ] GC(603) Metaspace: 73078K(73472K)->73078K(73472K) NonClass: 57934K(58176K)->57934K(58176K) Class: 15143K(15296K)->15143K(15296K)
[43.430s][info][gc             ] GC(603) Pause Young (Allocation Failure) 182M->45M(494M) 8.239ms
[43.430s][info][gc,cpu         ] GC(603) User=0.00s Sys=0.00s Real=0.01s
[43.466s][info][gc,start       ] GC(604) Pause Young (Allocation Failure)
[43.474s][info][gc,heap        ] GC(604) DefNew: 141208K(157248K)->1355K(157248K) Eden: 139776K(139776K)->0K(139776K) From: 1432K(17472K)->1355K(17472K)
[43.474s][info][gc,heap        ] GC(604) Tenured: 45477K(349568K)->45477K(349568K)
[43.474s][info][gc,metaspace   ] GC(604) Metaspace: 73078K(73472K)->73078K(73472K) NonClass: 57934K(58176K)->57934K(58176K) Class: 15143K(15296K)->15143K(15296K)
[43.474s][info][gc             ] GC(604) Pause Young (Allocation Failure) 182M->45M(494M) 8.211ms
[43.474s][info][gc,cpu         ] GC(604) User=0.00s Sys=0.00s Real=0.00s
[43.510s][info][gc,start       ] GC(605) Pause Young (Allocation Failure)
[43.517s][info][gc,heap        ] GC(605) DefNew: 141131K(157248K)->1381K(157248K) Eden: 139776K(139776K)->0K(139776K) From: 1355K(17472K)->1381K(17472K)
[43.517s][info][gc,heap        ] GC(605) Tenured: 45477K(349568K)->45477K(349568K)
[43.517s][info][gc,metaspace   ] GC(605) Metaspace: 73078K(73472K)->73078K(73472K) NonClass: 57934K(58176K)->57934K(58176K) Class: 15143K(15296K)->15143K(15296K)
[43.517s][info][gc             ] GC(605) Pause Young (Allocation Failure) 182M->45M(494M) 7.955ms
[43.517s][info][gc,cpu         ] GC(605) User=0.00s Sys=0.00s Real=0.00s
[43.552s][info][gc,start       ] GC(606) Pause Young (Allocation Failure)
[43.560s][info][gc,heap        ] GC(606) DefNew: 141157K(157248K)->1480K(157248K) Eden: 139776K(139776K)->0K(139776K) From: 1381K(17472K)->1480K(17472K)
[43.560s][info][gc,heap        ] GC(606) Tenured: 45477K(349568K)->45478K(349568K)
[43.561s][info][gc,metaspace   ] GC(606) Metaspace: 73078K(73472K)->73078K(73472K) NonClass: 57934K(58176K)->57934K(58176K) Class: 15143K(15296K)->15143K(15296K)
[43.561s][info][gc             ] GC(606) Pause Young (Allocation Failure) 182M->45M(494M) 8.721ms
[43.561s][info][gc,cpu         ] GC(606) User=0.02s Sys=0.00s Real=0.00s
[43.596s][info][gc,start       ] GC(607) Pause Young (Allocation Failure)
[43.604s][info][gc,heap        ] GC(607) DefNew: 141256K(157248K)->1436K(157248K) Eden: 139776K(139776K)->0K(139776K) From: 1480K(17472K)->1436K(17472K)
[43.604s][info][gc,heap        ] GC(607) Tenured: 45478K(349568K)->45478K(349568K)
[43.604s][info][gc,metaspace   ] GC(607) Metaspace: 73078K(73472K)->73078K(73472K) NonClass: 57934K(58176K)->57934K(58176K) Class: 15143K(15296K)->15143K(15296K)
[43.604s][info][gc             ] GC(607) Pause Young (Allocation Failure) 182M->45M(494M) 8.297ms
[43.604s][info][gc,cpu         ] GC(607) User=0.00s Sys=0.00s Real=0.00s
[43.640s][info][gc,start       ] GC(608) Pause Young (Allocation Failure)
[43.648s][info][gc,heap        ] GC(608) DefNew: 141212K(157248K)->1402K(157248K) Eden: 139776K(139776K)->0K(139776K) From: 1436K(17472K)->1402K(17472K)
[43.648s][info][gc,heap        ] GC(608) Tenured: 45478K(349568K)->45478K(349568K)
[43.648s][info][gc,metaspace   ] GC(608) Metaspace: 73078K(73472K)->73078K(73472K) NonClass: 57934K(58176K)->57934K(58176K) Class: 15143K(15296K)->15143K(15296K)
[43.648s][info][gc             ] GC(608) Pause Young (Allocation Failure) 182M->45M(494M) 8.199ms
[43.648s][info][gc,cpu         ] GC(608) User=0.00s Sys=0.00s Real=0.00s
[43.683s][info][gc,start       ] GC(609) Pause Young (Allocation Failure)
[43.690s][info][gc,heap        ] GC(609) DefNew: 141178K(157248K)->1362K(157248K) Eden: 139776K(139776K)->0K(139776K) From: 1402K(17472K)->1362K(17472K)
[43.691s][info][gc,heap        ] GC(609) Tenured: 45478K(349568K)->45478K(349568K)
[43.691s][info][gc,metaspace   ] GC(609) Metaspace: 73078K(73472K)->73078K(73472K) NonClass: 57934K(58176K)->57934K(58176K) Class: 15143K(15296K)->15143K(15296K)
[43.691s][info][gc             ] GC(609) Pause Young (Allocation Failure) 182M->45M(494M) 7.934ms
[43.691s][info][gc,cpu         ] GC(609) User=0.00s Sys=0.00s Real=0.00s
[43.726s][info][gc,start       ] GC(610) Pause Young (Allocation Failure)
[43.734s][info][gc,heap        ] GC(610) DefNew: 141138K(157248K)->1464K(157248K) Eden: 139776K(139776K)->0K(139776K) From: 1362K(17472K)->1464K(17472K)
[43.734s][info][gc,heap        ] GC(610) Tenured: 45478K(349568K)->45478K(349568K)
[43.734s][info][gc,metaspace   ] GC(610) Metaspace: 73078K(73472K)->73078K(73472K) NonClass: 57934K(58176K)->57934K(58176K) Class: 15143K(15296K)->15143K(15296K)
[43.734s][info][gc             ] GC(610) Pause Young (Allocation Failure) 182M->45M(494M) 8.380ms
[43.734s][info][gc,cpu         ] GC(610) User=0.02s Sys=0.00s Real=0.00s
[43.769s][info][gc,start       ] GC(611) Pause Young (Allocation Failure)
[43.777s][info][gc,heap        ] GC(611) DefNew: 141240K(157248K)->1375K(157248K) Eden: 139776K(139776K)->0K(139776K) From: 1464K(17472K)->1375K(17472K)
[43.777s][info][gc,heap        ] GC(611) Tenured: 45478K(349568K)->45478K(349568K)
[43.778s][info][gc,metaspace   ] GC(611) Metaspace: 73078K(73472K)->73078K(73472K) NonClass: 57934K(58176K)->57934K(58176K) Class: 15143K(15296K)->15143K(15296K)
[43.778s][info][gc             ] GC(611) Pause Young (Allocation Failure) 182M->45M(494M) 8.110ms
[43.778s][info][gc,cpu         ] GC(611) User=0.00s Sys=0.00s Real=0.00s
[43.813s][info][gc,start       ] GC(612) Pause Young (Allocation Failure)
[43.821s][info][gc,heap        ] GC(612) DefNew: 141151K(157248K)->1390K(157248K) Eden: 139776K(139776K)->0K(139776K) From: 1375K(17472K)->1390K(17472K)
[43.821s][info][gc,heap        ] GC(612) Tenured: 45478K(349568K)->45478K(349568K)
[43.821s][info][gc,metaspace   ] GC(612) Metaspace: 73078K(73472K)->73078K(73472K) NonClass: 57934K(58176K)->57934K(58176K) Class: 15143K(15296K)->15143K(15296K)
[43.821s][info][gc             ] GC(612) Pause Young (Allocation Failure) 182M->45M(494M) 8.091ms
[43.821s][info][gc,cpu         ] GC(612) User=0.00s Sys=0.00s Real=0.00s
[43.856s][info][gc,start       ] GC(613) Pause Young (Allocation Failure)
[43.864s][info][gc,heap        ] GC(613) DefNew: 141166K(157248K)->1369K(157248K) Eden: 139776K(139776K)->0K(139776K) From: 1390K(17472K)->1369K(17472K)
[43.864s][info][gc,heap        ] GC(613) Tenured: 45478K(349568K)->45505K(349568K)
[43.864s][info][gc,metaspace   ] GC(613) Metaspace: 73078K(73472K)->73078K(73472K) NonClass: 57934K(58176K)->57934K(58176K) Class: 15143K(15296K)->15143K(15296K)
[43.865s][info][gc             ] GC(613) Pause Young (Allocation Failure) 182M->45M(494M) 8.168ms
[43.865s][info][gc,cpu         ] GC(613) User=0.00s Sys=0.00s Real=0.00s
[43.900s][info][gc,start       ] GC(614) Pause Young (Allocation Failure)
[43.908s][info][gc,heap        ] GC(614) DefNew: 141145K(157248K)->1396K(157248K) Eden: 139776K(139776K)->0K(139776K) From: 1369K(17472K)->1396K(17472K)
[43.908s][info][gc,heap        ] GC(614) Tenured: 45505K(349568K)->45505K(349568K)
[43.908s][info][gc,metaspace   ] GC(614) Metaspace: 73078K(73472K)->73078K(73472K) NonClass: 57934K(58176K)->57934K(58176K) Class: 15143K(15296K)->15143K(15296K)
[43.908s][info][gc             ] GC(614) Pause Young (Allocation Failure) 182M->45M(494M) 8.302ms
[43.908s][info][gc,cpu         ] GC(614) User=0.00s Sys=0.00s Real=0.00s
[43.944s][info][gc,start       ] GC(615) Pause Young (Allocation Failure)
[43.952s][info][gc,heap        ] GC(615) DefNew: 141172K(157248K)->1384K(157248K) Eden: 139776K(139776K)->0K(139776K) From: 1396K(17472K)->1384K(17472K)
[43.952s][info][gc,heap        ] GC(615) Tenured: 45505K(349568K)->45505K(349568K)
[43.952s][info][gc,metaspace   ] GC(615) Metaspace: 73078K(73472K)->73078K(73472K) NonClass: 57934K(58176K)->57934K(58176K) Class: 15143K(15296K)->15143K(15296K)
[43.952s][info][gc             ] GC(615) Pause Young (Allocation Failure) 182M->45M(494M) 7.989ms
[43.952s][info][gc,cpu         ] GC(615) User=0.00s Sys=0.00s Real=0.00s
[43.987s][info][gc,start       ] GC(616) Pause Young (Allocation Failure)
[43.996s][info][gc,heap        ] GC(616) DefNew: 141160K(157248K)->1415K(157248K) Eden: 139776K(139776K)->0K(139776K) From: 1384K(17472K)->1415K(17472K)
[43.996s][info][gc,heap        ] GC(616) Tenured: 45505K(349568K)->45506K(349568K)
[43.996s][info][gc,metaspace   ] GC(616) Metaspace: 73078K(73472K)->73078K(73472K) NonClass: 57934K(58176K)->57934K(58176K) Class: 15143K(15296K)->15143K(15296K)
[43.996s][info][gc             ] GC(616) Pause Young (Allocation Failure) 182M->45M(494M) 9.048ms
[43.996s][info][gc,cpu         ] GC(616) User=0.00s Sys=0.00s Real=0.00s
[44.031s][info][gc,start       ] GC(617) Pause Young (Allocation Failure)
[44.040s][info][gc,heap        ] GC(617) DefNew: 141191K(157248K)->1347K(157248K) Eden: 139776K(139776K)->0K(139776K) From: 1415K(17472K)->1347K(17472K)
[44.040s][info][gc,heap        ] GC(617) Tenured: 45506K(349568K)->45506K(349568K)
[44.040s][info][gc,metaspace   ] GC(617) Metaspace: 73078K(73472K)->73078K(73472K) NonClass: 57934K(58176K)->57934K(58176K) Class: 15143K(15296K)->15143K(15296K)
[44.040s][info][gc             ] GC(617) Pause Young (Allocation Failure) 182M->45M(494M) 8.467ms
[44.040s][info][gc,cpu         ] GC(617) User=0.00s Sys=0.00s Real=0.00s
[44.075s][info][gc,start       ] GC(618) Pause Young (Allocation Failure)
[44.084s][info][gc,heap        ] GC(618) DefNew: 141123K(157248K)->1353K(157248K) Eden: 139776K(139776K)->0K(139776K) From: 1347K(17472K)->1353K(17472K)
[44.084s][info][gc,heap        ] GC(618) Tenured: 45506K(349568K)->45506K(349568K)
[44.084s][info][gc,metaspace   ] GC(618) Metaspace: 73078K(73472K)->73078K(73472K) NonClass: 57934K(58176K)->57934K(58176K) Class: 15143K(15296K)->15143K(15296K)
[44.084s][info][gc             ] GC(618) Pause Young (Allocation Failure) 182M->45M(494M) 8.802ms
[44.084s][info][gc,cpu         ] GC(618) User=0.00s Sys=0.00s Real=0.00s
[44.119s][info][gc,start       ] GC(619) Pause Young (Allocation Failure)
[44.128s][info][gc,heap        ] GC(619) DefNew: 141129K(157248K)->1382K(157248K) Eden: 139776K(139776K)->0K(139776K) From: 1353K(17472K)->1382K(17472K)
[44.128s][info][gc,heap        ] GC(619) Tenured: 45506K(349568K)->45506K(349568K)
[44.128s][info][gc,metaspace   ] GC(619) Metaspace: 73078K(73472K)->73078K(73472K) NonClass: 57934K(58176K)->57934K(58176K) Class: 15143K(15296K)->15143K(15296K)
[44.128s][info][gc             ] GC(619) Pause Young (Allocation Failure) 182M->45M(494M) 8.580ms
[44.128s][info][gc,cpu         ] GC(619) User=0.00s Sys=0.00s Real=0.00s
[44.163s][info][gc,start       ] GC(620) Pause Young (Allocation Failure)
[44.171s][info][gc,heap        ] GC(620) DefNew: 141158K(157248K)->1407K(157248K) Eden: 139776K(139776K)->0K(139776K) From: 1382K(17472K)->1407K(17472K)
[44.171s][info][gc,heap        ] GC(620) Tenured: 45506K(349568K)->45506K(349568K)
[44.171s][info][gc,metaspace   ] GC(620) Metaspace: 73078K(73472K)->73078K(73472K) NonClass: 57934K(58176K)->57934K(58176K) Class: 15143K(15296K)->15143K(15296K)
[44.171s][info][gc             ] GC(620) Pause Young (Allocation Failure) 182M->45M(494M) 8.136ms
[44.171s][info][gc,cpu         ] GC(620) User=0.02s Sys=0.00s Real=0.00s
[44.206s][info][gc,start       ] GC(621) Pause Young (Allocation Failure)
[44.214s][info][gc,heap        ] GC(621) DefNew: 141183K(157248K)->1475K(157248K) Eden: 139776K(139776K)->0K(139776K) From: 1407K(17472K)->1475K(17472K)
[44.214s][info][gc,heap        ] GC(621) Tenured: 45506K(349568K)->45506K(349568K)
[44.214s][info][gc,metaspace   ] GC(621) Metaspace: 73078K(73472K)->73078K(73472K) NonClass: 57934K(58176K)->57934K(58176K) Class: 15143K(15296K)->15143K(15296K)
[44.214s][info][gc             ] GC(621) Pause Young (Allocation Failure) 182M->45M(494M) 8.446ms
[44.214s][info][gc,cpu         ] GC(621) User=0.00s Sys=0.00s Real=0.00s
[44.250s][info][gc,start       ] GC(622) Pause Young (Allocation Failure)
[44.258s][info][gc,heap        ] GC(622) DefNew: 141251K(157248K)->1412K(157248K) Eden: 139776K(139776K)->0K(139776K) From: 1475K(17472K)->1412K(17472K)
[44.258s][info][gc,heap        ] GC(622) Tenured: 45506K(349568K)->45506K(349568K)
[44.258s][info][gc,metaspace   ] GC(622) Metaspace: 73078K(73472K)->73078K(73472K) NonClass: 57934K(58176K)->57934K(58176K) Class: 15143K(15296K)->15143K(15296K)
[44.258s][info][gc             ] GC(622) Pause Young (Allocation Failure) 182M->45M(494M) 8.313ms
[44.258s][info][gc,cpu         ] GC(622) User=0.00s Sys=0.00s Real=0.00s
[44.294s][info][gc,start       ] GC(623) Pause Young (Allocation Failure)
[44.301s][info][gc,heap        ] GC(623) DefNew: 141188K(157248K)->1342K(157248K) Eden: 139776K(139776K)->0K(139776K) From: 1412K(17472K)->1342K(17472K)
[44.302s][info][gc,heap        ] GC(623) Tenured: 45506K(349568K)->45506K(349568K)
[44.302s][info][gc,metaspace   ] GC(623) Metaspace: 73078K(73472K)->73078K(73472K) NonClass: 57934K(58176K)->57934K(58176K) Class: 15143K(15296K)->15143K(15296K)
[44.302s][info][gc             ] GC(623) Pause Young (Allocation Failure) 182M->45M(494M) 7.918ms
[44.302s][info][gc,cpu         ] GC(623) User=0.00s Sys=0.00s Real=0.00s
[44.336s][info][gc,start       ] GC(624) Pause Young (Allocation Failure)
[44.344s][info][gc,heap        ] GC(624) DefNew: 141118K(157248K)->1419K(157248K) Eden: 139776K(139776K)->0K(139776K) From: 1342K(17472K)->1419K(17472K)
[44.344s][info][gc,heap        ] GC(624) Tenured: 45506K(349568K)->45506K(349568K)
[44.344s][info][gc,metaspace   ] GC(624) Metaspace: 73078K(73472K)->73078K(73472K) NonClass: 57934K(58176K)->57934K(58176K) Class: 15143K(15296K)->15143K(15296K)
[44.344s][info][gc             ] GC(624) Pause Young (Allocation Failure) 182M->45M(494M) 8.219ms
[44.344s][info][gc,cpu         ] GC(624) User=0.00s Sys=0.00s Real=0.00s
[44.380s][info][gc,start       ] GC(625) Pause Young (Allocation Failure)
[44.388s][info][gc,heap        ] GC(625) DefNew: 141195K(157248K)->1430K(157248K) Eden: 139776K(139776K)->0K(139776K) From: 1419K(17472K)->1430K(17472K)
[44.388s][info][gc,heap        ] GC(625) Tenured: 45506K(349568K)->45507K(349568K)
[44.388s][info][gc,metaspace   ] GC(625) Metaspace: 73078K(73472K)->73078K(73472K) NonClass: 57934K(58176K)->57934K(58176K) Class: 15143K(15296K)->15143K(15296K)
[44.388s][info][gc             ] GC(625) Pause Young (Allocation Failure) 182M->45M(494M) 8.295ms
[44.388s][info][gc,cpu         ] GC(625) User=0.00s Sys=0.00s Real=0.00s
[44.423s][info][gc,start       ] GC(626) Pause Young (Allocation Failure)
[44.432s][info][gc,heap        ] GC(626) DefNew: 141206K(157248K)->1441K(157248K) Eden: 139776K(139776K)->0K(139776K) From: 1430K(17472K)->1441K(17472K)
[44.432s][info][gc,heap        ] GC(626) Tenured: 45507K(349568K)->45507K(349568K)
[44.432s][info][gc,metaspace   ] GC(626) Metaspace: 73078K(73472K)->73078K(73472K) NonClass: 57934K(58176K)->57934K(58176K) Class: 15143K(15296K)->15143K(15296K)
[44.432s][info][gc             ] GC(626) Pause Young (Allocation Failure) 182M->45M(494M) 8.351ms
[44.432s][info][gc,cpu         ] GC(626) User=0.00s Sys=0.00s Real=0.00s
[44.468s][info][gc,start       ] GC(627) Pause Young (Allocation Failure)
[44.514s][info][gc,heap        ] GC(627) DefNew: 141217K(157248K)->1413K(157248K) Eden: 139776K(139776K)->0K(139776K) From: 1441K(17472K)->1413K(17472K)
[44.514s][info][gc,heap        ] GC(627) Tenured: 45507K(349568K)->45507K(349568K)
[44.514s][info][gc,metaspace   ] GC(627) Metaspace: 73102K(73536K)->73102K(73536K) NonClass: 57958K(58240K)->57958K(58240K) Class: 15143K(15296K)->15143K(15296K)
[44.514s][info][gc             ] GC(627) Pause Young (Allocation Failure) 182M->45M(494M) 45.981ms
[44.514s][info][gc,cpu         ] GC(627) User=0.00s Sys=0.00s Real=0.03s
[44.559s][info][gc,start       ] GC(628) Pause Young (Allocation Failure)
[44.568s][info][gc,heap        ] GC(628) DefNew: 141189K(157248K)->1431K(157248K) Eden: 139775K(139776K)->0K(139776K) From: 1413K(17472K)->1431K(17472K)
[44.568s][info][gc,heap        ] GC(628) Tenured: 45507K(349568K)->45507K(349568K)
[44.568s][info][gc,metaspace   ] GC(628) Metaspace: 73102K(73536K)->73102K(73536K) NonClass: 57958K(58240K)->57958K(58240K) Class: 15143K(15296K)->15143K(15296K)
[44.568s][info][gc             ] GC(628) Pause Young (Allocation Failure) 182M->45M(494M) 8.488ms
[44.568s][info][gc,cpu         ] GC(628) User=0.00s Sys=0.00s Real=0.00s
[44.603s][info][gc,start       ] GC(629) Pause Young (Allocation Failure)
[44.613s][info][gc,heap        ] GC(629) DefNew: 141207K(157248K)->1486K(157248K) Eden: 139776K(139776K)->0K(139776K) From: 1431K(17472K)->1486K(17472K)
[44.613s][info][gc,heap        ] GC(629) Tenured: 45507K(349568K)->45508K(349568K)
[44.613s][info][gc,metaspace   ] GC(629) Metaspace: 73102K(73536K)->73102K(73536K) NonClass: 57959K(58240K)->57959K(58240K) Class: 15143K(15296K)->15143K(15296K)
[44.613s][info][gc             ] GC(629) Pause Young (Allocation Failure) 182M->45M(494M) 9.391ms
[44.613s][info][gc,cpu         ] GC(629) User=0.00s Sys=0.00s Real=0.01s
[44.649s][info][gc,start       ] GC(630) Pause Young (Allocation Failure)
[44.658s][info][gc,heap        ] GC(630) DefNew: 141262K(157248K)->1456K(157248K) Eden: 139776K(139776K)->0K(139776K) From: 1486K(17472K)->1456K(17472K)
[44.658s][info][gc,heap        ] GC(630) Tenured: 45508K(349568K)->45508K(349568K)
[44.658s][info][gc,metaspace   ] GC(630) Metaspace: 73102K(73536K)->73102K(73536K) NonClass: 57959K(58240K)->57959K(58240K) Class: 15143K(15296K)->15143K(15296K)
[44.658s][info][gc             ] GC(630) Pause Young (Allocation Failure) 182M->45M(494M) 9.113ms
[44.658s][info][gc,cpu         ] GC(630) User=0.00s Sys=0.00s Real=0.00s
[44.694s][info][gc,start       ] GC(631) Pause Young (Allocation Failure)
[44.702s][info][gc,heap        ] GC(631) DefNew: 141232K(157248K)->1448K(157248K) Eden: 139776K(139776K)->0K(139776K) From: 1456K(17472K)->1448K(17472K)
[44.702s][info][gc,heap        ] GC(631) Tenured: 45508K(349568K)->45508K(349568K)
[44.702s][info][gc,metaspace   ] GC(631) Metaspace: 73102K(73536K)->73102K(73536K) NonClass: 57959K(58240K)->57959K(58240K) Class: 15143K(15296K)->15143K(15296K)
[44.702s][info][gc             ] GC(631) Pause Young (Allocation Failure) 182M->45M(494M) 8.350ms
[44.702s][info][gc,cpu         ] GC(631) User=0.00s Sys=0.00s Real=0.00s
[44.738s][info][gc,start       ] GC(632) Pause Young (Allocation Failure)
[44.746s][info][gc,heap        ] GC(632) DefNew: 141224K(157248K)->1424K(157248K) Eden: 139776K(139776K)->0K(139776K) From: 1448K(17472K)->1424K(17472K)
[44.746s][info][gc,heap        ] GC(632) Tenured: 45508K(349568K)->45508K(349568K)
[44.746s][info][gc,metaspace   ] GC(632) Metaspace: 73102K(73536K)->73102K(73536K) NonClass: 57959K(58240K)->57959K(58240K) Class: 15143K(15296K)->15143K(15296K)
[44.746s][info][gc             ] GC(632) Pause Young (Allocation Failure) 182M->45M(494M) 8.346ms
[44.746s][info][gc,cpu         ] GC(632) User=0.00s Sys=0.00s Real=0.00s
[44.781s][info][gc,start       ] GC(633) Pause Young (Allocation Failure)
[44.790s][info][gc,heap        ] GC(633) DefNew: 141200K(157248K)->1470K(157248K) Eden: 139776K(139776K)->0K(139776K) From: 1424K(17472K)->1470K(17472K)
[44.790s][info][gc,heap        ] GC(633) Tenured: 45508K(349568K)->45508K(349568K)
[44.790s][info][gc,metaspace   ] GC(633) Metaspace: 73102K(73536K)->73102K(73536K) NonClass: 57959K(58240K)->57959K(58240K) Class: 15143K(15296K)->15143K(15296K)
[44.790s][info][gc             ] GC(633) Pause Young (Allocation Failure) 182M->45M(494M) 8.382ms
[44.790s][info][gc,cpu         ] GC(633) User=0.00s Sys=0.00s Real=0.00s
[44.825s][info][gc,start       ] GC(634) Pause Young (Allocation Failure)
[44.833s][info][gc,heap        ] GC(634) DefNew: 141246K(157248K)->1468K(157248K) Eden: 139776K(139776K)->0K(139776K) From: 1470K(17472K)->1468K(17472K)
[44.833s][info][gc,heap        ] GC(634) Tenured: 45508K(349568K)->45509K(349568K)
[44.833s][info][gc,metaspace   ] GC(634) Metaspace: 73102K(73536K)->73102K(73536K) NonClass: 57959K(58240K)->57959K(58240K) Class: 15143K(15296K)->15143K(15296K)
[44.834s][info][gc             ] GC(634) Pause Young (Allocation Failure) 182M->45M(494M) 8.463ms
[44.834s][info][gc,cpu         ] GC(634) User=0.00s Sys=0.00s Real=0.00s
[44.869s][info][gc,start       ] GC(635) Pause Young (Allocation Failure)
[44.877s][info][gc,heap        ] GC(635) DefNew: 141244K(157248K)->1490K(157248K) Eden: 139776K(139776K)->0K(139776K) From: 1468K(17472K)->1490K(17472K)
[44.877s][info][gc,heap        ] GC(635) Tenured: 45509K(349568K)->45509K(349568K)
[44.877s][info][gc,metaspace   ] GC(635) Metaspace: 73102K(73536K)->73102K(73536K) NonClass: 57959K(58240K)->57959K(58240K) Class: 15143K(15296K)->15143K(15296K)
[44.877s][info][gc             ] GC(635) Pause Young (Allocation Failure) 182M->45M(494M) 8.453ms
[44.877s][info][gc,cpu         ] GC(635) User=0.00s Sys=0.00s Real=0.00s
[44.913s][info][gc,start       ] GC(636) Pause Young (Allocation Failure)
[44.922s][info][gc,heap        ] GC(636) DefNew: 141266K(157248K)->1432K(157248K) Eden: 139776K(139776K)->0K(139776K) From: 1490K(17472K)->1432K(17472K)
[44.922s][info][gc,heap        ] GC(636) Tenured: 45509K(349568K)->45533K(349568K)
[44.922s][info][gc,metaspace   ] GC(636) Metaspace: 73102K(73536K)->73102K(73536K) NonClass: 57959K(58240K)->57959K(58240K) Class: 15143K(15296K)->15143K(15296K)
[44.922s][info][gc             ] GC(636) Pause Young (Allocation Failure) 182M->45M(494M) 9.232ms
[44.922s][info][gc,cpu         ] GC(636) User=0.00s Sys=0.00s Real=0.00s
[44.958s][info][gc,start       ] GC(637) Pause Young (Allocation Failure)
[44.966s][info][gc,heap        ] GC(637) DefNew: 141208K(157248K)->1435K(157248K) Eden: 139776K(139776K)->0K(139776K) From: 1432K(17472K)->1435K(17472K)
[44.966s][info][gc,heap        ] GC(637) Tenured: 45533K(349568K)->45533K(349568K)
[44.966s][info][gc,metaspace   ] GC(637) Metaspace: 73102K(73536K)->73102K(73536K) NonClass: 57959K(58240K)->57959K(58240K) Class: 15143K(15296K)->15143K(15296K)
[44.966s][info][gc             ] GC(637) Pause Young (Allocation Failure) 182M->45M(494M) 8.823ms
[44.967s][info][gc,cpu         ] GC(637) User=0.00s Sys=0.00s Real=0.00s
[45.002s][info][gc,start       ] GC(638) Pause Young (Allocation Failure)
[45.011s][info][gc,heap        ] GC(638) DefNew: 141211K(157248K)->1419K(157248K) Eden: 139776K(139776K)->0K(139776K) From: 1435K(17472K)->1419K(17472K)
[45.011s][info][gc,heap        ] GC(638) Tenured: 45533K(349568K)->45533K(349568K)
[45.011s][info][gc,metaspace   ] GC(638) Metaspace: 73102K(73536K)->73102K(73536K) NonClass: 57959K(58240K)->57959K(58240K) Class: 15143K(15296K)->15143K(15296K)
[45.011s][info][gc             ] GC(638) Pause Young (Allocation Failure) 182M->45M(494M) 9.034ms
[45.011s][info][gc,cpu         ] GC(638) User=0.00s Sys=0.00s Real=0.00s
[45.046s][info][gc,start       ] GC(639) Pause Young (Allocation Failure)
[45.055s][info][gc,heap        ] GC(639) DefNew: 141195K(157248K)->1436K(157248K) Eden: 139776K(139776K)->0K(139776K) From: 1419K(17472K)->1436K(17472K)
[45.055s][info][gc,heap        ] GC(639) Tenured: 45533K(349568K)->45533K(349568K)
[45.055s][info][gc,metaspace   ] GC(639) Metaspace: 73102K(73536K)->73102K(73536K) NonClass: 57959K(58240K)->57959K(58240K) Class: 15143K(15296K)->15143K(15296K)
[45.055s][info][gc             ] GC(639) Pause Young (Allocation Failure) 182M->45M(494M) 8.899ms
[45.055s][info][gc,cpu         ] GC(639) User=0.00s Sys=0.00s Real=0.00s
[45.091s][info][gc,start       ] GC(640) Pause Young (Allocation Failure)
[45.099s][info][gc,heap        ] GC(640) DefNew: 141212K(157248K)->1423K(157248K) Eden: 139776K(139776K)->0K(139776K) From: 1436K(17472K)->1423K(17472K)
[45.099s][info][gc,heap        ] GC(640) Tenured: 45533K(349568K)->45534K(349568K)
[45.099s][info][gc,metaspace   ] GC(640) Metaspace: 73102K(73536K)->73102K(73536K) NonClass: 57959K(58240K)->57959K(58240K) Class: 15143K(15296K)->15143K(15296K)
[45.099s][info][gc             ] GC(640) Pause Young (Allocation Failure) 182M->45M(494M) 8.373ms
[45.099s][info][gc,cpu         ] GC(640) User=0.00s Sys=0.00s Real=0.00s
[45.135s][info][gc,start       ] GC(641) Pause Young (Allocation Failure)
[45.143s][info][gc,heap        ] GC(641) DefNew: 141199K(157248K)->1440K(157248K) Eden: 139776K(139776K)->0K(139776K) From: 1423K(17472K)->1440K(17472K)
[45.143s][info][gc,heap        ] GC(641) Tenured: 45534K(349568K)->45534K(349568K)
[45.143s][info][gc,metaspace   ] GC(641) Metaspace: 73102K(73536K)->73102K(73536K) NonClass: 57959K(58240K)->57959K(58240K) Class: 15143K(15296K)->15143K(15296K)
[45.143s][info][gc             ] GC(641) Pause Young (Allocation Failure) 182M->45M(494M) 8.400ms
[45.143s][info][gc,cpu         ] GC(641) User=0.00s Sys=0.00s Real=0.00s
[45.178s][info][gc,start       ] GC(642) Pause Young (Allocation Failure)
[45.186s][info][gc,heap        ] GC(642) DefNew: 141216K(157248K)->1397K(157248K) Eden: 139776K(139776K)->0K(139776K) From: 1440K(17472K)->1397K(17472K)
[45.186s][info][gc,heap        ] GC(642) Tenured: 45534K(349568K)->45555K(349568K)
[45.186s][info][gc,metaspace   ] GC(642) Metaspace: 73102K(73536K)->73102K(73536K) NonClass: 57959K(58240K)->57959K(58240K) Class: 15143K(15296K)->15143K(15296K)
[45.186s][info][gc             ] GC(642) Pause Young (Allocation Failure) 182M->45M(494M) 8.228ms
[45.186s][info][gc,cpu         ] GC(642) User=0.00s Sys=0.00s Real=0.00s
[45.221s][info][gc,start       ] GC(643) Pause Young (Allocation Failure)
[45.230s][info][gc,heap        ] GC(643) DefNew: 141173K(157248K)->1435K(157248K) Eden: 139776K(139776K)->0K(139776K) From: 1397K(17472K)->1435K(17472K)
[45.230s][info][gc,heap        ] GC(643) Tenured: 45555K(349568K)->45556K(349568K)
[45.230s][info][gc,metaspace   ] GC(643) Metaspace: 73102K(73536K)->73102K(73536K) NonClass: 57959K(58240K)->57959K(58240K) Class: 15143K(15296K)->15143K(15296K)
[45.230s][info][gc             ] GC(643) Pause Young (Allocation Failure) 182M->45M(494M) 8.598ms
[45.230s][info][gc,cpu         ] GC(643) User=0.02s Sys=0.00s Real=0.01s
[45.265s][info][gc,start       ] GC(644) Pause Young (Allocation Failure)
[45.273s][info][gc,heap        ] GC(644) DefNew: 141211K(157248K)->1408K(157248K) Eden: 139776K(139776K)->0K(139776K) From: 1435K(17472K)->1408K(17472K)
[45.273s][info][gc,heap        ] GC(644) Tenured: 45556K(349568K)->45575K(349568K)
[45.273s][info][gc,metaspace   ] GC(644) Metaspace: 73102K(73536K)->73102K(73536K) NonClass: 57959K(58240K)->57959K(58240K) Class: 15143K(15296K)->15143K(15296K)
[45.273s][info][gc             ] GC(644) Pause Young (Allocation Failure) 182M->45M(494M) 8.390ms
[45.273s][info][gc,cpu         ] GC(644) User=0.00s Sys=0.00s Real=0.00s
[45.309s][info][gc,start       ] GC(645) Pause Young (Allocation Failure)
[45.318s][info][gc,heap        ] GC(645) DefNew: 141184K(157248K)->1473K(157248K) Eden: 139776K(139776K)->0K(139776K) From: 1408K(17472K)->1473K(17472K)
[45.318s][info][gc,heap        ] GC(645) Tenured: 45575K(349568K)->45575K(349568K)
[45.318s][info][gc,metaspace   ] GC(645) Metaspace: 73102K(73536K)->73102K(73536K) NonClass: 57959K(58240K)->57959K(58240K) Class: 15143K(15296K)->15143K(15296K)
[45.318s][info][gc             ] GC(645) Pause Young (Allocation Failure) 182M->45M(494M) 9.109ms
[45.318s][info][gc,cpu         ] GC(645) User=0.00s Sys=0.00s Real=0.00s
[45.353s][info][gc,start       ] GC(646) Pause Young (Allocation Failure)
[45.362s][info][gc,heap        ] GC(646) DefNew: 141249K(157248K)->1462K(157248K) Eden: 139776K(139776K)->0K(139776K) From: 1473K(17472K)->1462K(17472K)
[45.363s][info][gc,heap        ] GC(646) Tenured: 45575K(349568K)->45576K(349568K)
[45.363s][info][gc,metaspace   ] GC(646) Metaspace: 73106K(73536K)->73106K(73536K) NonClass: 57963K(58240K)->57963K(58240K) Class: 15143K(15296K)->15143K(15296K)
[45.363s][info][gc             ] GC(646) Pause Young (Allocation Failure) 182M->45M(494M) 9.242ms
[45.363s][info][gc,cpu         ] GC(646) User=0.00s Sys=0.00s Real=0.00s
[45.398s][info][gc,start       ] GC(647) Pause Young (Allocation Failure)
[45.407s][info][gc,heap        ] GC(647) DefNew: 141238K(157248K)->1377K(157248K) Eden: 139776K(139776K)->0K(139776K) From: 1462K(17472K)->1377K(17472K)
[45.407s][info][gc,heap        ] GC(647) Tenured: 45576K(349568K)->45576K(349568K)
[45.407s][info][gc,metaspace   ] GC(647) Metaspace: 73106K(73536K)->73106K(73536K) NonClass: 57963K(58240K)->57963K(58240K) Class: 15143K(15296K)->15143K(15296K)
[45.407s][info][gc             ] GC(647) Pause Young (Allocation Failure) 182M->45M(494M) 8.605ms
[45.407s][info][gc,cpu         ] GC(647) User=0.02s Sys=0.00s Real=0.00s
[45.442s][info][gc,start       ] GC(648) Pause Young (Allocation Failure)
[45.450s][info][gc,heap        ] GC(648) DefNew: 141153K(157248K)->1403K(157248K) Eden: 139776K(139776K)->0K(139776K) From: 1377K(17472K)->1403K(17472K)
[45.450s][info][gc,heap        ] GC(648) Tenured: 45576K(349568K)->45576K(349568K)
[45.450s][info][gc,metaspace   ] GC(648) Metaspace: 73106K(73536K)->73106K(73536K) NonClass: 57963K(58240K)->57963K(58240K) Class: 15143K(15296K)->15143K(15296K)
[45.450s][info][gc             ] GC(648) Pause Young (Allocation Failure) 182M->45M(494M) 8.179ms
[45.450s][info][gc,cpu         ] GC(648) User=0.00s Sys=0.00s Real=0.00s
[45.486s][info][gc,start       ] GC(649) Pause Young (Allocation Failure)
[45.494s][info][gc,heap        ] GC(649) DefNew: 141179K(157248K)->1387K(157248K) Eden: 139776K(139776K)->0K(139776K) From: 1403K(17472K)->1387K(17472K)
[45.494s][info][gc,heap        ] GC(649) Tenured: 45576K(349568K)->45577K(349568K)
[45.494s][info][gc,metaspace   ] GC(649) Metaspace: 73106K(73536K)->73106K(73536K) NonClass: 57963K(58240K)->57963K(58240K) Class: 15143K(15296K)->15143K(15296K)
[45.494s][info][gc             ] GC(649) Pause Young (Allocation Failure) 182M->45M(494M) 8.305ms
[45.494s][info][gc,cpu         ] GC(649) User=0.00s Sys=0.00s Real=0.00s
[45.530s][info][gc,start       ] GC(650) Pause Young (Allocation Failure)
[45.538s][info][gc,heap        ] GC(650) DefNew: 141163K(157248K)->1451K(157248K) Eden: 139776K(139776K)->0K(139776K) From: 1387K(17472K)->1451K(17472K)
[45.538s][info][gc,heap        ] GC(650) Tenured: 45577K(349568K)->45578K(349568K)
[45.538s][info][gc,metaspace   ] GC(650) Metaspace: 73106K(73536K)->73106K(73536K) NonClass: 57963K(58240K)->57963K(58240K) Class: 15143K(15296K)->15143K(15296K)
[45.538s][info][gc             ] GC(650) Pause Young (Allocation Failure) 182M->45M(494M) 8.450ms
[45.538s][info][gc,cpu         ] GC(650) User=0.00s Sys=0.00s Real=0.00s
[45.573s][info][gc,start       ] GC(651) Pause Young (Allocation Failure)
[45.582s][info][gc,heap        ] GC(651) DefNew: 141227K(157248K)->1420K(157248K) Eden: 139776K(139776K)->0K(139776K) From: 1451K(17472K)->1420K(17472K)
[45.582s][info][gc,heap        ] GC(651) Tenured: 45578K(349568K)->45578K(349568K)
[45.582s][info][gc,metaspace   ] GC(651) Metaspace: 73106K(73536K)->73106K(73536K) NonClass: 57963K(58240K)->57963K(58240K) Class: 15143K(15296K)->15143K(15296K)
[45.582s][info][gc             ] GC(651) Pause Young (Allocation Failure) 182M->45M(494M) 8.389ms
[45.582s][info][gc,cpu         ] GC(651) User=0.00s Sys=0.00s Real=0.00s
[45.617s][info][gc,start       ] GC(652) Pause Young (Allocation Failure)
[45.625s][info][gc,heap        ] GC(652) DefNew: 141196K(157248K)->1415K(157248K) Eden: 139776K(139776K)->0K(139776K) From: 1420K(17472K)->1415K(17472K)
[45.626s][info][gc,heap        ] GC(652) Tenured: 45578K(349568K)->45578K(349568K)
[45.626s][info][gc,metaspace   ] GC(652) Metaspace: 73106K(73536K)->73106K(73536K) NonClass: 57963K(58240K)->57963K(58240K) Class: 15143K(15296K)->15143K(15296K)
[45.626s][info][gc             ] GC(652) Pause Young (Allocation Failure) 182M->45M(494M) 8.153ms
[45.626s][info][gc,cpu         ] GC(652) User=0.00s Sys=0.00s Real=0.00s
[45.661s][info][gc,start       ] GC(653) Pause Young (Allocation Failure)
[45.669s][info][gc,heap        ] GC(653) DefNew: 141191K(157248K)->1425K(157248K) Eden: 139776K(139776K)->0K(139776K) From: 1415K(17472K)->1425K(17472K)
[45.669s][info][gc,heap        ] GC(653) Tenured: 45578K(349568K)->45578K(349568K)
[45.669s][info][gc,metaspace   ] GC(653) Metaspace: 73106K(73536K)->73106K(73536K) NonClass: 57963K(58240K)->57963K(58240K) Class: 15143K(15296K)->15143K(15296K)
[45.670s][info][gc             ] GC(653) Pause Young (Allocation Failure) 182M->45M(494M) 8.245ms
[45.670s][info][gc,cpu         ] GC(653) User=0.00s Sys=0.00s Real=0.00s
[45.705s][info][gc,start       ] GC(654) Pause Young (Allocation Failure)
[45.713s][info][gc,heap        ] GC(654) DefNew: 141201K(157248K)->1450K(157248K) Eden: 139776K(139776K)->0K(139776K) From: 1425K(17472K)->1450K(17472K)
[45.713s][info][gc,heap        ] GC(654) Tenured: 45578K(349568K)->45578K(349568K)
[45.713s][info][gc,metaspace   ] GC(654) Metaspace: 73106K(73536K)->73106K(73536K) NonClass: 57963K(58240K)->57963K(58240K) Class: 15143K(15296K)->15143K(15296K)
[45.713s][info][gc             ] GC(654) Pause Young (Allocation Failure) 182M->45M(494M) 8.243ms
[45.713s][info][gc,cpu         ] GC(654) User=0.00s Sys=0.00s Real=0.00s
[45.749s][info][gc,start       ] GC(655) Pause Young (Allocation Failure)
[45.757s][info][gc,heap        ] GC(655) DefNew: 141226K(157248K)->1446K(157248K) Eden: 139776K(139776K)->0K(139776K) From: 1450K(17472K)->1446K(17472K)
[45.757s][info][gc,heap        ] GC(655) Tenured: 45578K(349568K)->45578K(349568K)
[45.757s][info][gc,metaspace   ] GC(655) Metaspace: 73106K(73536K)->73106K(73536K) NonClass: 57963K(58240K)->57963K(58240K) Class: 15143K(15296K)->15143K(15296K)
[45.757s][info][gc             ] GC(655) Pause Young (Allocation Failure) 182M->45M(494M) 8.102ms
[45.757s][info][gc,cpu         ] GC(655) User=0.00s Sys=0.00s Real=0.00s
[45.793s][info][gc,start       ] GC(656) Pause Young (Allocation Failure)
[45.802s][info][gc,heap        ] GC(656) DefNew: 141222K(157248K)->1464K(157248K) Eden: 139776K(139776K)->0K(139776K) From: 1446K(17472K)->1464K(17472K)
[45.802s][info][gc,heap        ] GC(656) Tenured: 45578K(349568K)->45579K(349568K)
[45.802s][info][gc,metaspace   ] GC(656) Metaspace: 73106K(73536K)->73106K(73536K) NonClass: 57963K(58240K)->57963K(58240K) Class: 15143K(15296K)->15143K(15296K)
[45.802s][info][gc             ] GC(656) Pause Young (Allocation Failure) 182M->45M(494M) 8.952ms
[45.802s][info][gc,cpu         ] GC(656) User=0.00s Sys=0.00s Real=0.00s
[45.838s][info][gc,start       ] GC(657) Pause Young (Allocation Failure)
[45.847s][info][gc,heap        ] GC(657) DefNew: 141240K(157248K)->1445K(157248K) Eden: 139776K(139776K)->0K(139776K) From: 1464K(17472K)->1445K(17472K)
[45.847s][info][gc,heap        ] GC(657) Tenured: 45579K(349568K)->45579K(349568K)
[45.847s][info][gc,metaspace   ] GC(657) Metaspace: 73106K(73536K)->73106K(73536K) NonClass: 57963K(58240K)->57963K(58240K) Class: 15143K(15296K)->15143K(15296K)
[45.847s][info][gc             ] GC(657) Pause Young (Allocation Failure) 182M->45M(494M) 8.806ms
[45.847s][info][gc,cpu         ] GC(657) User=0.00s Sys=0.00s Real=0.00s
[45.884s][info][gc,start       ] GC(658) Pause Young (Allocation Failure)
[45.892s][info][gc,heap        ] GC(658) DefNew: 141221K(157248K)->1406K(157248K) Eden: 139776K(139776K)->0K(139776K) From: 1445K(17472K)->1406K(17472K)
[45.892s][info][gc,heap        ] GC(658) Tenured: 45579K(349568K)->45601K(349568K)
[45.892s][info][gc,metaspace   ] GC(658) Metaspace: 73106K(73536K)->73106K(73536K) NonClass: 57963K(58240K)->57963K(58240K) Class: 15143K(15296K)->15143K(15296K)
[45.892s][info][gc             ] GC(658) Pause Young (Allocation Failure) 182M->45M(494M) 8.336ms
[45.892s][info][gc,cpu         ] GC(658) User=0.00s Sys=0.00s Real=0.00s
[45.929s][info][gc,start       ] GC(659) Pause Young (Allocation Failure)
[45.937s][info][gc,heap        ] GC(659) DefNew: 141182K(157248K)->1450K(157248K) Eden: 139776K(139776K)->0K(139776K) From: 1406K(17472K)->1450K(17472K)
[45.937s][info][gc,heap        ] GC(659) Tenured: 45601K(349568K)->45602K(349568K)
[45.937s][info][gc,metaspace   ] GC(659) Metaspace: 73106K(73536K)->73106K(73536K) NonClass: 57963K(58240K)->57963K(58240K) Class: 15143K(15296K)->15143K(15296K)
[45.937s][info][gc             ] GC(659) Pause Young (Allocation Failure) 182M->45M(494M) 7.819ms
[45.937s][info][gc,cpu         ] GC(659) User=0.02s Sys=0.00s Real=0.00s
[45.974s][info][gc,start       ] GC(660) Pause Young (Allocation Failure)
[45.982s][info][gc,heap        ] GC(660) DefNew: 141226K(157248K)->1353K(157248K) Eden: 139776K(139776K)->0K(139776K) From: 1450K(17472K)->1353K(17472K)
[45.982s][info][gc,heap        ] GC(660) Tenured: 45602K(349568K)->45609K(349568K)
[45.982s][info][gc,metaspace   ] GC(660) Metaspace: 73106K(73536K)->73106K(73536K) NonClass: 57963K(58240K)->57963K(58240K) Class: 15143K(15296K)->15143K(15296K)
[45.983s][info][gc             ] GC(660) Pause Young (Allocation Failure) 182M->45M(494M) 8.202ms
[45.983s][info][gc,cpu         ] GC(660) User=0.00s Sys=0.00s Real=0.00s
[46.021s][info][gc,start       ] GC(661) Pause Young (Allocation Failure)
[46.029s][info][gc,heap        ] GC(661) DefNew: 141129K(157248K)->1391K(157248K) Eden: 139776K(139776K)->0K(139776K) From: 1353K(17472K)->1391K(17472K)
[46.029s][info][gc,heap        ] GC(661) Tenured: 45609K(349568K)->45632K(349568K)
[46.029s][info][gc,metaspace   ] GC(661) Metaspace: 73106K(73536K)->73106K(73536K) NonClass: 57963K(58240K)->57963K(58240K) Class: 15143K(15296K)->15143K(15296K)
[46.029s][info][gc             ] GC(661) Pause Young (Allocation Failure) 182M->45M(494M) 7.925ms
[46.029s][info][gc,cpu         ] GC(661) User=0.00s Sys=0.00s Real=0.00s
[46.069s][info][gc,start       ] GC(662) Pause Young (Allocation Failure)
[46.075s][info][gc,heap        ] GC(662) DefNew: 141167K(157248K)->1263K(157248K) Eden: 139776K(139776K)->0K(139776K) From: 1391K(17472K)->1263K(17472K)
[46.075s][info][gc,heap        ] GC(662) Tenured: 45632K(349568K)->45632K(349568K)
[46.075s][info][gc,metaspace   ] GC(662) Metaspace: 73106K(73536K)->73106K(73536K) NonClass: 57963K(58240K)->57963K(58240K) Class: 15143K(15296K)->15143K(15296K)
[46.075s][info][gc             ] GC(662) Pause Young (Allocation Failure) 182M->45M(494M) 6.690ms
[46.075s][info][gc,cpu         ] GC(662) User=0.02s Sys=0.00s Real=0.01s
[46.114s][info][gc,start       ] GC(663) Pause Young (Allocation Failure)
[46.121s][info][gc,heap        ] GC(663) DefNew: 141039K(157248K)->1405K(157248K) Eden: 139776K(139776K)->0K(139776K) From: 1263K(17472K)->1405K(17472K)
[46.121s][info][gc,heap        ] GC(663) Tenured: 45632K(349568K)->45646K(349568K)
[46.121s][info][gc,metaspace   ] GC(663) Metaspace: 73106K(73536K)->73106K(73536K) NonClass: 57963K(58240K)->57963K(58240K) Class: 15143K(15296K)->15143K(15296K)
[46.121s][info][gc             ] GC(663) Pause Young (Allocation Failure) 182M->45M(494M) 7.147ms
[46.121s][info][gc,cpu         ] GC(663) User=0.00s Sys=0.00s Real=0.00s
[46.160s][info][gc,start       ] GC(664) Pause Young (Allocation Failure)
[46.167s][info][gc,heap        ] GC(664) DefNew: 141181K(157248K)->1371K(157248K) Eden: 139776K(139776K)->0K(139776K) From: 1405K(17472K)->1371K(17472K)
[46.167s][info][gc,heap        ] GC(664) Tenured: 45646K(349568K)->45658K(349568K)
[46.167s][info][gc,metaspace   ] GC(664) Metaspace: 73106K(73536K)->73106K(73536K) NonClass: 57963K(58240K)->57963K(58240K) Class: 15143K(15296K)->15143K(15296K)
[46.167s][info][gc             ] GC(664) Pause Young (Allocation Failure) 182M->45M(494M) 7.091ms
[46.167s][info][gc,cpu         ] GC(664) User=0.00s Sys=0.00s Real=0.00s
[46.208s][info][gc,start       ] GC(665) Pause Young (Allocation Failure)
[46.215s][info][gc,heap        ] GC(665) DefNew: 141147K(157248K)->1275K(157248K) Eden: 139776K(139776K)->0K(139776K) From: 1371K(17472K)->1275K(17472K)
[46.215s][info][gc,heap        ] GC(665) Tenured: 45658K(349568K)->45659K(349568K)
[46.215s][info][gc,metaspace   ] GC(665) Metaspace: 73106K(73536K)->73106K(73536K) NonClass: 57963K(58240K)->57963K(58240K) Class: 15143K(15296K)->15143K(15296K)
[46.215s][info][gc             ] GC(665) Pause Young (Allocation Failure) 182M->45M(494M) 7.560ms
[46.215s][info][gc,cpu         ] GC(665) User=0.02s Sys=0.00s Real=0.02s
[46.257s][info][gc,start       ] GC(666) Pause Young (Allocation Failure)
[46.264s][info][gc,heap        ] GC(666) DefNew: 141051K(157248K)->1357K(157248K) Eden: 139776K(139776K)->0K(139776K) From: 1275K(17472K)->1357K(17472K)
[46.264s][info][gc,heap        ] GC(666) Tenured: 45659K(349568K)->45709K(349568K)
[46.264s][info][gc,metaspace   ] GC(666) Metaspace: 73108K(73536K)->73108K(73536K) NonClass: 57964K(58240K)->57964K(58240K) Class: 15143K(15296K)->15143K(15296K)
[46.264s][info][gc             ] GC(666) Pause Young (Allocation Failure) 182M->45M(494M) 7.257ms
[46.264s][info][gc,cpu         ] GC(666) User=0.00s Sys=0.00s Real=0.00s
[46.307s][info][gc,start       ] GC(667) Pause Young (Allocation Failure)
[46.314s][info][gc,heap        ] GC(667) DefNew: 141133K(157248K)->1290K(157248K) Eden: 139776K(139776K)->0K(139776K) From: 1357K(17472K)->1290K(17472K)
[46.314s][info][gc,heap        ] GC(667) Tenured: 45709K(349568K)->45710K(349568K)
[46.314s][info][gc,metaspace   ] GC(667) Metaspace: 73108K(73536K)->73108K(73536K) NonClass: 57964K(58240K)->57964K(58240K) Class: 15143K(15296K)->15143K(15296K)
[46.314s][info][gc             ] GC(667) Pause Young (Allocation Failure) 182M->45M(494M) 7.400ms
[46.314s][info][gc,cpu         ] GC(667) User=0.00s Sys=0.00s Real=0.00s
[46.360s][info][gc,start       ] GC(668) Pause Young (Allocation Failure)
[46.367s][info][gc,heap        ] GC(668) DefNew: 141066K(157248K)->1177K(157248K) Eden: 139776K(139776K)->0K(139776K) From: 1290K(17472K)->1177K(17472K)
[46.367s][info][gc,heap        ] GC(668) Tenured: 45710K(349568K)->45740K(349568K)
[46.367s][info][gc,metaspace   ] GC(668) Metaspace: 73108K(73536K)->73108K(73536K) NonClass: 57964K(58240K)->57964K(58240K) Class: 15143K(15296K)->15143K(15296K)
[46.367s][info][gc             ] GC(668) Pause Young (Allocation Failure) 182M->45M(494M) 6.671ms
[46.367s][info][gc,cpu         ] GC(668) User=0.00s Sys=0.00s Real=0.00s
[46.417s][info][gc,start       ] GC(669) Pause Young (Allocation Failure)
[46.423s][info][gc,heap        ] GC(669) DefNew: 140953K(157248K)->1164K(157248K) Eden: 139776K(139776K)->0K(139776K) From: 1177K(17472K)->1164K(17472K)
[46.423s][info][gc,heap        ] GC(669) Tenured: 45740K(349568K)->45781K(349568K)
[46.423s][info][gc,metaspace   ] GC(669) Metaspace: 73108K(73536K)->73108K(73536K) NonClass: 57964K(58240K)->57964K(58240K) Class: 15143K(15296K)->15143K(15296K)
[46.423s][info][gc             ] GC(669) Pause Young (Allocation Failure) 182M->45M(494M) 5.793ms
[46.423s][info][gc,cpu         ] GC(669) User=0.00s Sys=0.00s Real=0.01s
[46.476s][info][gc,start       ] GC(670) Pause Young (Allocation Failure)
[46.482s][info][gc,heap        ] GC(670) DefNew: 140940K(157248K)->1139K(157248K) Eden: 139776K(139776K)->0K(139776K) From: 1164K(17472K)->1139K(17472K)
[46.482s][info][gc,heap        ] GC(670) Tenured: 45781K(349568K)->45796K(349568K)
[46.482s][info][gc,metaspace   ] GC(670) Metaspace: 73108K(73536K)->73108K(73536K) NonClass: 57964K(58240K)->57964K(58240K) Class: 15143K(15296K)->15143K(15296K)
[46.482s][info][gc             ] GC(670) Pause Young (Allocation Failure) 182M->45M(494M) 5.518ms
[46.482s][info][gc,cpu         ] GC(670) User=0.00s Sys=0.00s Real=0.00s
[46.536s][info][gc,start       ] GC(671) Pause Young (Allocation Failure)
[46.542s][info][gc,heap        ] GC(671) DefNew: 140915K(157248K)->1137K(157248K) Eden: 139776K(139776K)->0K(139776K) From: 1139K(17472K)->1137K(17472K)
[46.542s][info][gc,heap        ] GC(671) Tenured: 45796K(349568K)->45814K(349568K)
[46.542s][info][gc,metaspace   ] GC(671) Metaspace: 73108K(73536K)->73108K(73536K) NonClass: 57964K(58240K)->57964K(58240K) Class: 15143K(15296K)->15143K(15296K)
[46.542s][info][gc             ] GC(671) Pause Young (Allocation Failure) 182M->45M(494M) 5.130ms
[46.542s][info][gc,cpu         ] GC(671) User=0.02s Sys=0.00s Real=0.02s
[46.600s][info][gc,start       ] GC(672) Pause Young (Allocation Failure)
[46.605s][info][gc,heap        ] GC(672) DefNew: 140913K(157248K)->1081K(157248K) Eden: 139776K(139776K)->0K(139776K) From: 1137K(17472K)->1081K(17472K)
[46.605s][info][gc,heap        ] GC(672) Tenured: 45814K(349568K)->45865K(349568K)
[46.605s][info][gc,metaspace   ] GC(672) Metaspace: 73108K(73536K)->73108K(73536K) NonClass: 57964K(58240K)->57964K(58240K) Class: 15143K(15296K)->15143K(15296K)
[46.605s][info][gc             ] GC(672) Pause Young (Allocation Failure) 182M->45M(494M) 5.025ms
[46.605s][info][gc,cpu         ] GC(672) User=0.02s Sys=0.00s Real=0.02s
[46.671s][info][gc,start       ] GC(673) Pause Young (Allocation Failure)
[46.675s][info][gc,heap        ] GC(673) DefNew: 140857K(157248K)->1030K(157248K) Eden: 139776K(139776K)->0K(139776K) From: 1081K(17472K)->1030K(17472K)
[46.676s][info][gc,heap        ] GC(673) Tenured: 45865K(349568K)->45891K(349568K)
[46.676s][info][gc,metaspace   ] GC(673) Metaspace: 73108K(73536K)->73108K(73536K) NonClass: 57964K(58240K)->57964K(58240K) Class: 15143K(15296K)->15143K(15296K)
[46.676s][info][gc             ] GC(673) Pause Young (Allocation Failure) 182M->45M(494M) 4.476ms
[46.676s][info][gc,cpu         ] GC(673) User=0.02s Sys=0.00s Real=0.02s
[46.747s][info][gc,start       ] GC(674) Pause Young (Allocation Failure)
[46.751s][info][gc,heap        ] GC(674) DefNew: 140806K(157248K)->988K(157248K) Eden: 139776K(139776K)->0K(139776K) From: 1030K(17472K)->988K(17472K)
[46.751s][info][gc,heap        ] GC(674) Tenured: 45891K(349568K)->45942K(349568K)
[46.751s][info][gc,metaspace   ] GC(674) Metaspace: 73108K(73536K)->73108K(73536K) NonClass: 57964K(58240K)->57964K(58240K) Class: 15143K(15296K)->15143K(15296K)
[46.751s][info][gc             ] GC(674) Pause Young (Allocation Failure) 182M->45M(494M) 4.126ms
[46.751s][info][gc,cpu         ] GC(674) User=0.00s Sys=0.00s Real=0.00s
[46.831s][info][gc,start       ] GC(675) Pause Young (Allocation Failure)
[46.835s][info][gc,heap        ] GC(675) DefNew: 140764K(157248K)->893K(157248K) Eden: 139776K(139776K)->0K(139776K) From: 988K(17472K)->893K(17472K)
[46.835s][info][gc,heap        ] GC(675) Tenured: 45942K(349568K)->46000K(349568K)
[46.835s][info][gc,metaspace   ] GC(675) Metaspace: 73108K(73536K)->73108K(73536K) NonClass: 57964K(58240K)->57964K(58240K) Class: 15143K(15296K)->15143K(15296K)
[46.835s][info][gc             ] GC(675) Pause Young (Allocation Failure) 182M->45M(494M) 3.880ms
[46.835s][info][gc,cpu         ] GC(675) User=0.00s Sys=0.00s Real=0.00s
[46.921s][info][gc,start       ] GC(676) Pause Young (Allocation Failure)
[46.924s][info][gc,heap        ] GC(676) DefNew: 140669K(157248K)->873K(157248K) Eden: 139776K(139776K)->0K(139776K) From: 893K(17472K)->873K(17472K)
[46.924s][info][gc,heap        ] GC(676) Tenured: 46000K(349568K)->46019K(349568K)
[46.924s][info][gc,metaspace   ] GC(676) Metaspace: 73108K(73536K)->73108K(73536K) NonClass: 57964K(58240K)->57964K(58240K) Class: 15143K(15296K)->15143K(15296K)
[46.924s][info][gc             ] GC(676) Pause Young (Allocation Failure) 182M->45M(494M) 3.547ms
[46.924s][info][gc,cpu         ] GC(676) User=0.00s Sys=0.00s Real=0.00s
[47.016s][info][gc,start       ] GC(677) Pause Young (Allocation Failure)
[47.020s][info][gc,heap        ] GC(677) DefNew: 140649K(157248K)->878K(157248K) Eden: 139776K(139776K)->0K(139776K) From: 873K(17472K)->878K(17472K)
[47.020s][info][gc,heap        ] GC(677) Tenured: 46019K(349568K)->46045K(349568K)
[47.020s][info][gc,metaspace   ] GC(677) Metaspace: 73108K(73536K)->73108K(73536K) NonClass: 57964K(58240K)->57964K(58240K) Class: 15143K(15296K)->15143K(15296K)
[47.020s][info][gc             ] GC(677) Pause Young (Allocation Failure) 182M->45M(494M) 3.518ms
[47.020s][info][gc,cpu         ] GC(677) User=0.00s Sys=0.00s Real=0.00s
[47.113s][info][gc,start       ] GC(678) Pause Young (Allocation Failure)
[47.117s][info][gc,heap        ] GC(678) DefNew: 140654K(157248K)->845K(157248K) Eden: 139776K(139776K)->0K(139776K) From: 878K(17472K)->845K(17472K)
[47.117s][info][gc,heap        ] GC(678) Tenured: 46045K(349568K)->46045K(349568K)
[47.117s][info][gc,metaspace   ] GC(678) Metaspace: 73108K(73536K)->73108K(73536K) NonClass: 57964K(58240K)->57964K(58240K) Class: 15143K(15296K)->15143K(15296K)
[47.117s][info][gc             ] GC(678) Pause Young (Allocation Failure) 182M->45M(494M) 3.476ms
[47.117s][info][gc,cpu         ] GC(678) User=0.00s Sys=0.00s Real=0.00s
[47.210s][info][gc,start       ] GC(679) Pause Young (Allocation Failure)
[47.213s][info][gc,heap        ] GC(679) DefNew: 140621K(157248K)->824K(157248K) Eden: 139776K(139776K)->0K(139776K) From: 845K(17472K)->824K(17472K)
[47.213s][info][gc,heap        ] GC(679) Tenured: 46045K(349568K)->46074K(349568K)
[47.214s][info][gc,metaspace   ] GC(679) Metaspace: 73108K(73536K)->73108K(73536K) NonClass: 57964K(58240K)->57964K(58240K) Class: 15143K(15296K)->15143K(15296K)
[47.214s][info][gc             ] GC(679) Pause Young (Allocation Failure) 182M->45M(494M) 3.441ms
[47.214s][info][gc,cpu         ] GC(679) User=0.02s Sys=0.00s Real=0.00s
[47.307s][info][gc,start       ] GC(680) Pause Young (Allocation Failure)
[47.310s][info][gc,heap        ] GC(680) DefNew: 140600K(157248K)->771K(157248K) Eden: 139776K(139776K)->0K(139776K) From: 824K(17472K)->771K(17472K)
[47.310s][info][gc,heap        ] GC(680) Tenured: 46074K(349568K)->46140K(349568K)
[47.310s][info][gc,metaspace   ] GC(680) Metaspace: 73108K(73536K)->73108K(73536K) NonClass: 57964K(58240K)->57964K(58240K) Class: 15143K(15296K)->15143K(15296K)
[47.310s][info][gc             ] GC(680) Pause Young (Allocation Failure) 182M->45M(494M) 3.480ms
[47.310s][info][gc,cpu         ] GC(680) User=0.00s Sys=0.00s Real=0.00s
[47.402s][info][gc,start       ] GC(681) Pause Young (Allocation Failure)
[47.406s][info][gc,heap        ] GC(681) DefNew: 140547K(157248K)->753K(157248K) Eden: 139776K(139776K)->0K(139776K) From: 771K(17472K)->753K(17472K)
[47.406s][info][gc,heap        ] GC(681) Tenured: 46140K(349568K)->46166K(349568K)
[47.406s][info][gc,metaspace   ] GC(681) Metaspace: 73108K(73536K)->73108K(73536K) NonClass: 57964K(58240K)->57964K(58240K) Class: 15143K(15296K)->15143K(15296K)
[47.406s][info][gc             ] GC(681) Pause Young (Allocation Failure) 182M->45M(494M) 3.475ms
[47.406s][info][gc,cpu         ] GC(681) User=0.00s Sys=0.00s Real=0.00s
[47.499s][info][gc,start       ] GC(682) Pause Young (Allocation Failure)
[47.502s][info][gc,heap        ] GC(682) DefNew: 140529K(157248K)->712K(157248K) Eden: 139776K(139776K)->0K(139776K) From: 753K(17472K)->712K(17472K)
[47.502s][info][gc,heap        ] GC(682) Tenured: 46166K(349568K)->46192K(349568K)
[47.502s][info][gc,metaspace   ] GC(682) Metaspace: 73108K(73536K)->73108K(73536K) NonClass: 57964K(58240K)->57964K(58240K) Class: 15143K(15296K)->15143K(15296K)
[47.502s][info][gc             ] GC(682) Pause Young (Allocation Failure) 182M->45M(494M) 3.314ms
[47.503s][info][gc,cpu         ] GC(682) User=0.02s Sys=0.00s Real=0.02s
[47.598s][info][gc,start       ] GC(683) Pause Young (Allocation Failure)
[47.602s][info][gc,heap        ] GC(683) DefNew: 140488K(157248K)->626K(157248K) Eden: 139776K(139776K)->0K(139776K) From: 712K(17472K)->626K(17472K)
[47.602s][info][gc,heap        ] GC(683) Tenured: 46192K(349568K)->46294K(349568K)
[47.602s][info][gc,metaspace   ] GC(683) Metaspace: 73108K(73536K)->73108K(73536K) NonClass: 57964K(58240K)->57964K(58240K) Class: 15143K(15296K)->15143K(15296K)
[47.602s][info][gc             ] GC(683) Pause Young (Allocation Failure) 182M->45M(494M) 3.712ms
[47.602s][info][gc,cpu         ] GC(683) User=0.02s Sys=0.00s Real=0.01s
[47.695s][info][gc,start       ] GC(684) Pause Young (Allocation Failure)
[47.698s][info][gc,heap        ] GC(684) DefNew: 140402K(157248K)->572K(157248K) Eden: 139776K(139776K)->0K(139776K) From: 626K(17472K)->572K(17472K)
[47.698s][info][gc,heap        ] GC(684) Tenured: 46294K(349568K)->46320K(349568K)
[47.698s][info][gc,metaspace   ] GC(684) Metaspace: 73108K(73536K)->73108K(73536K) NonClass: 57964K(58240K)->57964K(58240K) Class: 15143K(15296K)->15143K(15296K)
[47.698s][info][gc             ] GC(684) Pause Young (Allocation Failure) 182M->45M(494M) 3.059ms
[47.698s][info][gc,cpu         ] GC(684) User=0.00s Sys=0.00s Real=0.00s
[47.789s][info][gc,start       ] GC(685) Pause Young (Allocation Failure)
[47.792s][info][gc,heap        ] GC(685) DefNew: 140348K(157248K)->519K(157248K) Eden: 139776K(139776K)->0K(139776K) From: 572K(17472K)->519K(17472K)
[47.792s][info][gc,heap        ] GC(685) Tenured: 46320K(349568K)->46372K(349568K)
[47.792s][info][gc,metaspace   ] GC(685) Metaspace: 73108K(73536K)->73108K(73536K) NonClass: 57964K(58240K)->57964K(58240K) Class: 15143K(15296K)->15143K(15296K)
[47.792s][info][gc             ] GC(685) Pause Young (Allocation Failure) 182M->45M(494M) 3.137ms
[47.792s][info][gc,cpu         ] GC(685) User=0.00s Sys=0.00s Real=0.00s
[47.885s][info][gc,start       ] GC(686) Pause Young (Allocation Failure)
[47.888s][info][gc,heap        ] GC(686) DefNew: 140295K(157248K)->498K(157248K) Eden: 139776K(139776K)->0K(139776K) From: 519K(17472K)->498K(17472K)
[47.888s][info][gc,heap        ] GC(686) Tenured: 46372K(349568K)->46398K(349568K)
[47.888s][info][gc,metaspace   ] GC(686) Metaspace: 73108K(73536K)->73108K(73536K) NonClass: 57964K(58240K)->57964K(58240K) Class: 15143K(15296K)->15143K(15296K)
[47.888s][info][gc             ] GC(686) Pause Young (Allocation Failure) 182M->45M(494M) 2.898ms
[47.888s][info][gc,cpu         ] GC(686) User=0.00s Sys=0.00s Real=0.00s
[47.981s][info][gc,start       ] GC(687) Pause Young (Allocation Failure)
[47.984s][info][gc,heap        ] GC(687) DefNew: 140274K(157248K)->414K(157248K) Eden: 139776K(139776K)->0K(139776K) From: 498K(17472K)->414K(17472K)
[47.984s][info][gc,heap        ] GC(687) Tenured: 46398K(349568K)->46501K(349568K)
[47.984s][info][gc,metaspace   ] GC(687) Metaspace: 73108K(73536K)->73108K(73536K) NonClass: 57964K(58240K)->57964K(58240K) Class: 15143K(15296K)->15143K(15296K)
[47.984s][info][gc             ] GC(687) Pause Young (Allocation Failure) 182M->45M(494M) 2.988ms
[47.984s][info][gc,cpu         ] GC(687) User=0.00s Sys=0.00s Real=0.00s
[48.076s][info][gc,start       ] GC(688) Pause Young (Allocation Failure)
[48.078s][info][gc,heap        ] GC(688) DefNew: 140190K(157248K)->353K(157248K) Eden: 139776K(139776K)->0K(139776K) From: 414K(17472K)->353K(17472K)
[48.079s][info][gc,heap        ] GC(688) Tenured: 46501K(349568K)->46552K(349568K)
[48.079s][info][gc,metaspace   ] GC(688) Metaspace: 73108K(73536K)->73108K(73536K) NonClass: 57964K(58240K)->57964K(58240K) Class: 15143K(15296K)->15143K(15296K)
[48.079s][info][gc             ] GC(688) Pause Young (Allocation Failure) 182M->45M(494M) 2.834ms
[48.079s][info][gc,cpu         ] GC(688) User=0.00s Sys=0.00s Real=0.00s
[48.171s][info][gc,start       ] GC(689) Pause Young (Allocation Failure)
[48.174s][info][gc,heap        ] GC(689) DefNew: 140129K(157248K)->298K(157248K) Eden: 139776K(139776K)->0K(139776K) From: 353K(17472K)->298K(17472K)
[48.174s][info][gc,heap        ] GC(689) Tenured: 46552K(349568K)->46603K(349568K)
[48.174s][info][gc,metaspace   ] GC(689) Metaspace: 73108K(73536K)->73108K(73536K) NonClass: 57964K(58240K)->57964K(58240K) Class: 15143K(15296K)->15143K(15296K)
[48.174s][info][gc             ] GC(689) Pause Young (Allocation Failure) 182M->45M(494M) 2.795ms
[48.174s][info][gc,cpu         ] GC(689) User=0.00s Sys=0.00s Real=0.00s
[48.193s][info][gc,start       ] GC(690) Pause Full (System.gc())
[48.194s][info][gc,phases,start] GC(690) Phase 1: Mark live objects
[48.245s][info][gc,phases      ] GC(690) Phase 1: Mark live objects 51.116ms
[48.245s][info][gc,phases,start] GC(690) Phase 2: Compute new object addresses
[48.260s][info][gc,phases      ] GC(690) Phase 2: Compute new object addresses 15.539ms
[48.260s][info][gc,phases,start] GC(690) Phase 3: Adjust pointers
[48.284s][info][gc,phases      ] GC(690) Phase 3: Adjust pointers 23.275ms
[48.284s][info][gc,phases,start] GC(690) Phase 4: Move objects
[48.285s][info][gc,phases      ] GC(690) Phase 4: Move objects 0.961ms
[48.285s][info][gc,heap        ] GC(690) DefNew: 22978K(157248K)->0K(157248K) Eden: 22679K(139776K)->0K(139776K) From: 298K(17472K)->0K(17472K)
[48.285s][info][gc,heap        ] GC(690) Tenured: 46603K(349568K)->47391K(349568K)
[48.285s][info][gc,metaspace   ] GC(690) Metaspace: 73145K(73536K)->73145K(73536K) NonClass: 58002K(58240K)->58002K(58240K) Class: 15143K(15296K)->15143K(15296K)
[48.285s][info][gc             ] GC(690) Pause Full (System.gc()) 67M->46M(494M) 91.584ms
[48.285s][info][gc,cpu         ] GC(690) User=0.09s Sys=0.00s Real=0.09s
[48.351s][info][gc,start       ] GC(691) Pause Young (Allocation Failure)
[48.365s][info][gc,heap        ] GC(691) DefNew: 139776K(157248K)->3505K(157248K) Eden: 139776K(139776K)->0K(139776K) From: 0K(17472K)->3505K(17472K)
[48.365s][info][gc,heap        ] GC(691) Tenured: 47391K(349568K)->47391K(349568K)
[48.365s][info][gc,metaspace   ] GC(691) Metaspace: 73270K(73664K)->73270K(73664K) NonClass: 58127K(58368K)->58127K(58368K) Class: 15143K(15296K)->15143K(15296K)
[48.365s][info][gc             ] GC(691) Pause Young (Allocation Failure) 182M->49M(494M) 14.857ms
[48.366s][info][gc,cpu         ] GC(691) User=0.00s Sys=0.00s Real=0.00s
[48.403s][info][gc,start       ] GC(692) Pause Young (Allocation Failure)
[48.417s][info][gc,heap        ] GC(692) DefNew: 143281K(157248K)->3603K(157248K) Eden: 139776K(139776K)->0K(139776K) From: 3505K(17472K)->3603K(17472K)
[48.417s][info][gc,heap        ] GC(692) Tenured: 47391K(349568K)->47391K(349568K)
[48.417s][info][gc,metaspace   ] GC(692) Metaspace: 73270K(73664K)->73270K(73664K) NonClass: 58127K(58368K)->58127K(58368K) Class: 15143K(15296K)->15143K(15296K)
[48.417s][info][gc             ] GC(692) Pause Young (Allocation Failure) 186M->49M(494M) 13.986ms
[48.417s][info][gc,cpu         ] GC(692) User=0.00s Sys=0.00s Real=0.00s
[48.454s][info][gc,start       ] GC(693) Pause Young (Allocation Failure)
[48.467s][info][gc,heap        ] GC(693) DefNew: 143379K(157248K)->3569K(157248K) Eden: 139776K(139776K)->0K(139776K) From: 3603K(17472K)->3569K(17472K)
[48.467s][info][gc,heap        ] GC(693) Tenured: 47391K(349568K)->47391K(349568K)
[48.467s][info][gc,metaspace   ] GC(693) Metaspace: 73270K(73664K)->73270K(73664K) NonClass: 58127K(58368K)->58127K(58368K) Class: 15143K(15296K)->15143K(15296K)
[48.467s][info][gc             ] GC(693) Pause Young (Allocation Failure) 186M->49M(494M) 13.088ms
[48.467s][info][gc,cpu         ] GC(693) User=0.00s Sys=0.00s Real=0.00s
[48.503s][info][gc,start       ] GC(694) Pause Young (Allocation Failure)
[48.515s][info][gc,heap        ] GC(694) DefNew: 143345K(157248K)->3552K(157248K) Eden: 139776K(139776K)->0K(139776K) From: 3569K(17472K)->3552K(17472K)
[48.515s][info][gc,heap        ] GC(694) Tenured: 47391K(349568K)->47391K(349568K)
[48.515s][info][gc,metaspace   ] GC(694) Metaspace: 73270K(73664K)->73270K(73664K) NonClass: 58127K(58368K)->58127K(58368K) Class: 15143K(15296K)->15143K(15296K)
[48.515s][info][gc             ] GC(694) Pause Young (Allocation Failure) 186M->49M(494M) 12.209ms
[48.516s][info][gc,cpu         ] GC(694) User=0.00s Sys=0.00s Real=0.00s
[48.553s][info][gc,start       ] GC(695) Pause Young (Allocation Failure)
[48.603s][info][gc,heap        ] GC(695) DefNew: 143328K(157248K)->3582K(157248K) Eden: 139776K(139776K)->0K(139776K) From: 3552K(17472K)->3582K(17472K)
[48.603s][info][gc,heap        ] GC(695) Tenured: 47391K(349568K)->47391K(349568K)
[48.603s][info][gc,metaspace   ] GC(695) Metaspace: 73270K(73664K)->73270K(73664K) NonClass: 58127K(58368K)->58127K(58368K) Class: 15143K(15296K)->15143K(15296K)
[48.603s][info][gc             ] GC(695) Pause Young (Allocation Failure) 186M->49M(494M) 49.479ms
[48.603s][info][gc,cpu         ] GC(695) User=0.03s Sys=0.00s Real=0.05s
[48.649s][info][gc,start       ] GC(696) Pause Young (Allocation Failure)
[48.661s][info][gc,heap        ] GC(696) DefNew: 143358K(157248K)->3542K(157248K) Eden: 139776K(139776K)->0K(139776K) From: 3582K(17472K)->3542K(17472K)
[48.661s][info][gc,heap        ] GC(696) Tenured: 47391K(349568K)->47391K(349568K)
[48.661s][info][gc,metaspace   ] GC(696) Metaspace: 73270K(73664K)->73270K(73664K) NonClass: 58127K(58368K)->58127K(58368K) Class: 15143K(15296K)->15143K(15296K)
[48.661s][info][gc             ] GC(696) Pause Young (Allocation Failure) 186M->49M(494M) 12.441ms
[48.661s][info][gc,cpu         ] GC(696) User=0.00s Sys=0.00s Real=0.00s
[48.697s][info][gc,start       ] GC(697) Pause Young (Allocation Failure)
[48.709s][info][gc,heap        ] GC(697) DefNew: 143318K(157248K)->3609K(157248K) Eden: 139776K(139776K)->0K(139776K) From: 3542K(17472K)->3609K(17472K)
[48.709s][info][gc,heap        ] GC(697) Tenured: 47391K(349568K)->47391K(349568K)
[48.709s][info][gc,metaspace   ] GC(697) Metaspace: 73270K(73664K)->73270K(73664K) NonClass: 58127K(58368K)->58127K(58368K) Class: 15143K(15296K)->15143K(15296K)
[48.710s][info][gc             ] GC(697) Pause Young (Allocation Failure) 186M->49M(494M) 12.602ms
[48.710s][info][gc,cpu         ] GC(697) User=0.00s Sys=0.00s Real=0.00s
[48.745s][info][gc,start       ] GC(698) Pause Young (Allocation Failure)
[48.757s][info][gc,heap        ] GC(698) DefNew: 143385K(157248K)->3601K(157248K) Eden: 139776K(139776K)->0K(139776K) From: 3609K(17472K)->3601K(17472K)
[48.757s][info][gc,heap        ] GC(698) Tenured: 47391K(349568K)->47391K(349568K)
[48.757s][info][gc,metaspace   ] GC(698) Metaspace: 73270K(73664K)->73270K(73664K) NonClass: 58127K(58368K)->58127K(58368K) Class: 15143K(15296K)->15143K(15296K)
[48.757s][info][gc             ] GC(698) Pause Young (Allocation Failure) 186M->49M(494M) 12.546ms
[48.757s][info][gc,cpu         ] GC(698) User=0.00s Sys=0.00s Real=0.00s
[48.794s][info][gc,start       ] GC(699) Pause Young (Allocation Failure)
[48.806s][info][gc,heap        ] GC(699) DefNew: 143377K(157248K)->3554K(157248K) Eden: 139776K(139776K)->0K(139776K) From: 3601K(17472K)->3554K(17472K)
[48.806s][info][gc,heap        ] GC(699) Tenured: 47391K(349568K)->47391K(349568K)
[48.806s][info][gc,metaspace   ] GC(699) Metaspace: 73270K(73664K)->73270K(73664K) NonClass: 58127K(58368K)->58127K(58368K) Class: 15143K(15296K)->15143K(15296K)
[48.806s][info][gc             ] GC(699) Pause Young (Allocation Failure) 186M->49M(494M) 12.346ms
[48.806s][info][gc,cpu         ] GC(699) User=0.00s Sys=0.00s Real=0.00s
[48.845s][info][gc,start       ] GC(700) Pause Young (Allocation Failure)
[48.857s][info][gc,heap        ] GC(700) DefNew: 143330K(157248K)->3588K(157248K) Eden: 139776K(139776K)->0K(139776K) From: 3554K(17472K)->3588K(17472K)
[48.857s][info][gc,heap        ] GC(700) Tenured: 47391K(349568K)->47391K(349568K)
[48.857s][info][gc,metaspace   ] GC(700) Metaspace: 73270K(73664K)->73270K(73664K) NonClass: 58127K(58368K)->58127K(58368K) Class: 15143K(15296K)->15143K(15296K)
[48.857s][info][gc             ] GC(700) Pause Young (Allocation Failure) 186M->49M(494M) 12.412ms
[48.857s][info][gc,cpu         ] GC(700) User=0.00s Sys=0.00s Real=0.00s
[48.895s][info][gc,start       ] GC(701) Pause Young (Allocation Failure)
[48.908s][info][gc,heap        ] GC(701) DefNew: 143364K(157248K)->3597K(157248K) Eden: 139776K(139776K)->0K(139776K) From: 3588K(17472K)->3597K(17472K)
[48.908s][info][gc,heap        ] GC(701) Tenured: 47391K(349568K)->47391K(349568K)
[48.908s][info][gc,metaspace   ] GC(701) Metaspace: 73270K(73664K)->73270K(73664K) NonClass: 58127K(58368K)->58127K(58368K) Class: 15143K(15296K)->15143K(15296K)
[48.908s][info][gc             ] GC(701) Pause Young (Allocation Failure) 186M->49M(494M) 12.528ms
[48.908s][info][gc,cpu         ] GC(701) User=0.00s Sys=0.00s Real=0.00s
[48.945s][info][gc,start       ] GC(702) Pause Young (Allocation Failure)
[48.958s][info][gc,heap        ] GC(702) DefNew: 143373K(157248K)->3543K(157248K) Eden: 139776K(139776K)->0K(139776K) From: 3597K(17472K)->3543K(17472K)
[48.958s][info][gc,heap        ] GC(702) Tenured: 47391K(349568K)->47391K(349568K)
[48.958s][info][gc,metaspace   ] GC(702) Metaspace: 73270K(73664K)->73270K(73664K) NonClass: 58127K(58368K)->58127K(58368K) Class: 15143K(15296K)->15143K(15296K)
[48.958s][info][gc             ] GC(702) Pause Young (Allocation Failure) 186M->49M(494M) 12.323ms
[48.958s][info][gc,cpu         ] GC(702) User=0.00s Sys=0.00s Real=0.00s
[48.995s][info][gc,start       ] GC(703) Pause Young (Allocation Failure)
[49.007s][info][gc,heap        ] GC(703) DefNew: 143319K(157248K)->3535K(157248K) Eden: 139776K(139776K)->0K(139776K) From: 3543K(17472K)->3535K(17472K)
[49.007s][info][gc,heap        ] GC(703) Tenured: 47391K(349568K)->47391K(349568K)
[49.007s][info][gc,metaspace   ] GC(703) Metaspace: 73270K(73664K)->73270K(73664K) NonClass: 58127K(58368K)->58127K(58368K) Class: 15143K(15296K)->15143K(15296K)
[49.007s][info][gc             ] GC(703) Pause Young (Allocation Failure) 186M->49M(494M) 12.113ms
[49.008s][info][gc,cpu         ] GC(703) User=0.00s Sys=0.00s Real=0.00s
[49.046s][info][gc,start       ] GC(704) Pause Young (Allocation Failure)
[49.058s][info][gc,heap        ] GC(704) DefNew: 143311K(157248K)->3486K(157248K) Eden: 139776K(139776K)->0K(139776K) From: 3535K(17472K)->3486K(17472K)
[49.058s][info][gc,heap        ] GC(704) Tenured: 47391K(349568K)->47391K(349568K)
[49.058s][info][gc,metaspace   ] GC(704) Metaspace: 73270K(73664K)->73270K(73664K) NonClass: 58127K(58368K)->58127K(58368K) Class: 15143K(15296K)->15143K(15296K)
[49.058s][info][gc             ] GC(704) Pause Young (Allocation Failure) 186M->49M(494M) 12.162ms
[49.058s][info][gc,cpu         ] GC(704) User=0.00s Sys=0.00s Real=0.00s
[49.096s][info][gc,start       ] GC(705) Pause Young (Allocation Failure)
[49.108s][info][gc,heap        ] GC(705) DefNew: 143262K(157248K)->3488K(157248K) Eden: 139776K(139776K)->0K(139776K) From: 3486K(17472K)->3488K(17472K)
[49.108s][info][gc,heap        ] GC(705) Tenured: 47391K(349568K)->47391K(349568K)
[49.108s][info][gc,metaspace   ] GC(705) Metaspace: 73270K(73664K)->73270K(73664K) NonClass: 58127K(58368K)->58127K(58368K) Class: 15143K(15296K)->15143K(15296K)
[49.108s][info][gc             ] GC(705) Pause Young (Allocation Failure) 186M->49M(494M) 12.158ms
[49.108s][info][gc,cpu         ] GC(705) User=0.00s Sys=0.00s Real=0.00s
[49.146s][info][gc,start       ] GC(706) Pause Young (Allocation Failure)
[49.159s][info][gc,heap        ] GC(706) DefNew: 143264K(157248K)->1364K(157248K) Eden: 139776K(139776K)->0K(139776K) From: 3488K(17472K)->1364K(17472K)
[49.160s][info][gc,heap        ] GC(706) Tenured: 47391K(349568K)->49484K(349568K)
[49.160s][info][gc,metaspace   ] GC(706) Metaspace: 73270K(73664K)->73270K(73664K) NonClass: 58127K(58368K)->58127K(58368K) Class: 15143K(15296K)->15143K(15296K)
[49.160s][info][gc             ] GC(706) Pause Young (Allocation Failure) 186M->49M(494M) 13.432ms
[49.160s][info][gc,cpu         ] GC(706) User=0.00s Sys=0.00s Real=0.00s
[49.197s][info][gc,start       ] GC(707) Pause Young (Allocation Failure)
[49.206s][info][gc,heap        ] GC(707) DefNew: 141140K(157248K)->1434K(157248K) Eden: 139776K(139776K)->0K(139776K) From: 1364K(17472K)->1434K(17472K)
[49.206s][info][gc,heap        ] GC(707) Tenured: 49484K(349568K)->49488K(349568K)
[49.206s][info][gc,metaspace   ] GC(707) Metaspace: 73270K(73664K)->73270K(73664K) NonClass: 58127K(58368K)->58127K(58368K) Class: 15143K(15296K)->15143K(15296K)
[49.206s][info][gc             ] GC(707) Pause Young (Allocation Failure) 186M->49M(494M) 8.453ms
[49.206s][info][gc,cpu         ] GC(707) User=0.00s Sys=0.00s Real=0.00s
[49.241s][info][gc,start       ] GC(708) Pause Young (Allocation Failure)
[49.250s][info][gc,heap        ] GC(708) DefNew: 141210K(157248K)->1467K(157248K) Eden: 139776K(139776K)->0K(139776K) From: 1434K(17472K)->1467K(17472K)
[49.250s][info][gc,heap        ] GC(708) Tenured: 49488K(349568K)->49491K(349568K)
[49.250s][info][gc,metaspace   ] GC(708) Metaspace: 73270K(73664K)->73270K(73664K) NonClass: 58127K(58368K)->58127K(58368K) Class: 15143K(15296K)->15143K(15296K)
[49.250s][info][gc             ] GC(708) Pause Young (Allocation Failure) 186M->49M(494M) 8.351ms
[49.250s][info][gc,cpu         ] GC(708) User=0.00s Sys=0.00s Real=0.00s
[49.285s][info][gc,start       ] GC(709) Pause Young (Allocation Failure)
[49.294s][info][gc,heap        ] GC(709) DefNew: 141243K(157248K)->1435K(157248K) Eden: 139775K(139776K)->0K(139776K) From: 1467K(17472K)->1435K(17472K)
[49.294s][info][gc,heap        ] GC(709) Tenured: 49491K(349568K)->49491K(349568K)
[49.294s][info][gc,metaspace   ] GC(709) Metaspace: 73270K(73664K)->73270K(73664K) NonClass: 58127K(58368K)->58127K(58368K) Class: 15143K(15296K)->15143K(15296K)
[49.294s][info][gc             ] GC(709) Pause Young (Allocation Failure) 186M->49M(494M) 8.993ms
[49.294s][info][gc,cpu         ] GC(709) User=0.00s Sys=0.00s Real=0.00s
[49.330s][info][gc,start       ] GC(710) Pause Young (Allocation Failure)
[49.338s][info][gc,heap        ] GC(710) DefNew: 141211K(157248K)->1387K(157248K) Eden: 139776K(139776K)->0K(139776K) From: 1435K(17472K)->1387K(17472K)
[49.338s][info][gc,heap        ] GC(710) Tenured: 49491K(349568K)->49491K(349568K)
[49.338s][info][gc,metaspace   ] GC(710) Metaspace: 73270K(73664K)->73270K(73664K) NonClass: 58127K(58368K)->58127K(58368K) Class: 15143K(15296K)->15143K(15296K)
[49.339s][info][gc             ] GC(710) Pause Young (Allocation Failure) 186M->49M(494M) 8.698ms
[49.339s][info][gc,cpu         ] GC(710) User=0.00s Sys=0.00s Real=0.00s
[49.374s][info][gc,start       ] GC(711) Pause Young (Allocation Failure)
[49.382s][info][gc,heap        ] GC(711) DefNew: 141163K(157248K)->1384K(157248K) Eden: 139776K(139776K)->0K(139776K) From: 1387K(17472K)->1384K(17472K)
[49.382s][info][gc,heap        ] GC(711) Tenured: 49491K(349568K)->49491K(349568K)
[49.382s][info][gc,metaspace   ] GC(711) Metaspace: 73270K(73664K)->73270K(73664K) NonClass: 58127K(58368K)->58127K(58368K) Class: 15143K(15296K)->15143K(15296K)
[49.382s][info][gc             ] GC(711) Pause Young (Allocation Failure) 186M->49M(494M) 8.287ms
[49.382s][info][gc,cpu         ] GC(711) User=0.00s Sys=0.00s Real=0.00s
[49.418s][info][gc,start       ] GC(712) Pause Young (Allocation Failure)
[49.426s][info][gc,heap        ] GC(712) DefNew: 141160K(157248K)->1393K(157248K) Eden: 139776K(139776K)->0K(139776K) From: 1384K(17472K)->1393K(17472K)
[49.426s][info][gc,heap        ] GC(712) Tenured: 49491K(349568K)->49491K(349568K)
[49.426s][info][gc,metaspace   ] GC(712) Metaspace: 73270K(73664K)->73270K(73664K) NonClass: 58127K(58368K)->58127K(58368K) Class: 15143K(15296K)->15143K(15296K)
[49.426s][info][gc             ] GC(712) Pause Young (Allocation Failure) 186M->49M(494M) 8.264ms
[49.426s][info][gc,cpu         ] GC(712) User=0.00s Sys=0.00s Real=0.00s
[49.462s][info][gc,start       ] GC(713) Pause Young (Allocation Failure)
[49.471s][info][gc,heap        ] GC(713) DefNew: 141169K(157248K)->1405K(157248K) Eden: 139776K(139776K)->0K(139776K) From: 1393K(17472K)->1405K(17472K)
[49.471s][info][gc,heap        ] GC(713) Tenured: 49491K(349568K)->49491K(349568K)
[49.471s][info][gc,metaspace   ] GC(713) Metaspace: 73270K(73664K)->73270K(73664K) NonClass: 58127K(58368K)->58127K(58368K) Class: 15143K(15296K)->15143K(15296K)
[49.471s][info][gc             ] GC(713) Pause Young (Allocation Failure) 186M->49M(494M) 9.135ms
[49.471s][info][gc,cpu         ] GC(713) User=0.00s Sys=0.00s Real=0.01s
[49.506s][info][gc,start       ] GC(714) Pause Young (Allocation Failure)
[49.515s][info][gc,heap        ] GC(714) DefNew: 141181K(157248K)->1434K(157248K) Eden: 139776K(139776K)->0K(139776K) From: 1405K(17472K)->1434K(17472K)
[49.515s][info][gc,heap        ] GC(714) Tenured: 49491K(349568K)->49492K(349568K)
[49.515s][info][gc,metaspace   ] GC(714) Metaspace: 73270K(73664K)->73270K(73664K) NonClass: 58127K(58368K)->58127K(58368K) Class: 15143K(15296K)->15143K(15296K)
[49.515s][info][gc             ] GC(714) Pause Young (Allocation Failure) 186M->49M(494M) 8.792ms
[49.515s][info][gc,cpu         ] GC(714) User=0.00s Sys=0.00s Real=0.00s
[49.551s][info][gc,start       ] GC(715) Pause Young (Allocation Failure)
[49.559s][info][gc,heap        ] GC(715) DefNew: 141210K(157248K)->1420K(157248K) Eden: 139776K(139776K)->0K(139776K) From: 1434K(17472K)->1420K(17472K)
[49.559s][info][gc,heap        ] GC(715) Tenured: 49492K(349568K)->49494K(349568K)
[49.559s][info][gc,metaspace   ] GC(715) Metaspace: 73270K(73664K)->73270K(73664K) NonClass: 58127K(58368K)->58127K(58368K) Class: 15143K(15296K)->15143K(15296K)
[49.559s][info][gc             ] GC(715) Pause Young (Allocation Failure) 186M->49M(494M) 8.351ms
[49.559s][info][gc,cpu         ] GC(715) User=0.00s Sys=0.00s Real=0.00s
[49.594s][info][gc,start       ] GC(716) Pause Young (Allocation Failure)
[49.602s][info][gc,heap        ] GC(716) DefNew: 141196K(157248K)->1425K(157248K) Eden: 139775K(139776K)->0K(139776K) From: 1420K(17472K)->1425K(17472K)
[49.602s][info][gc,heap        ] GC(716) Tenured: 49494K(349568K)->49495K(349568K)
[49.602s][info][gc,metaspace   ] GC(716) Metaspace: 73270K(73664K)->73270K(73664K) NonClass: 58127K(58368K)->58127K(58368K) Class: 15143K(15296K)->15143K(15296K)
[49.602s][info][gc             ] GC(716) Pause Young (Allocation Failure) 186M->49M(494M) 8.393ms
[49.602s][info][gc,cpu         ] GC(716) User=0.00s Sys=0.00s Real=0.00s
[49.638s][info][gc,start       ] GC(717) Pause Young (Allocation Failure)
[49.647s][info][gc,heap        ] GC(717) DefNew: 141201K(157248K)->1410K(157248K) Eden: 139776K(139776K)->0K(139776K) From: 1425K(17472K)->1410K(17472K)
[49.647s][info][gc,heap        ] GC(717) Tenured: 49495K(349568K)->49495K(349568K)
[49.647s][info][gc,metaspace   ] GC(717) Metaspace: 73271K(73664K)->73271K(73664K) NonClass: 58127K(58368K)->58127K(58368K) Class: 15143K(15296K)->15143K(15296K)
[49.647s][info][gc             ] GC(717) Pause Young (Allocation Failure) 186M->49M(494M) 9.193ms
[49.647s][info][gc,cpu         ] GC(717) User=0.00s Sys=0.00s Real=0.00s
[49.683s][info][gc,start       ] GC(718) Pause Young (Allocation Failure)
[49.692s][info][gc,heap        ] GC(718) DefNew: 141186K(157248K)->1467K(157248K) Eden: 139776K(139776K)->0K(139776K) From: 1410K(17472K)->1467K(17472K)
[49.692s][info][gc,heap        ] GC(718) Tenured: 49495K(349568K)->49495K(349568K)
[49.692s][info][gc,metaspace   ] GC(718) Metaspace: 73271K(73664K)->73271K(73664K) NonClass: 58127K(58368K)->58127K(58368K) Class: 15143K(15296K)->15143K(15296K)
[49.692s][info][gc             ] GC(718) Pause Young (Allocation Failure) 186M->49M(494M) 8.792ms
[49.692s][info][gc,cpu         ] GC(718) User=0.00s Sys=0.00s Real=0.00s
[49.727s][info][gc,start       ] GC(719) Pause Young (Allocation Failure)
[49.735s][info][gc,heap        ] GC(719) DefNew: 141243K(157248K)->1471K(157248K) Eden: 139776K(139776K)->0K(139776K) From: 1467K(17472K)->1471K(17472K)
[49.736s][info][gc,heap        ] GC(719) Tenured: 49495K(349568K)->49495K(349568K)
[49.736s][info][gc,metaspace   ] GC(719) Metaspace: 73271K(73664K)->73271K(73664K) NonClass: 58127K(58368K)->58127K(58368K) Class: 15143K(15296K)->15143K(15296K)
[49.736s][info][gc             ] GC(719) Pause Young (Allocation Failure) 186M->49M(494M) 8.584ms
[49.736s][info][gc,cpu         ] GC(719) User=0.00s Sys=0.00s Real=0.00s
[49.771s][info][gc,start       ] GC(720) Pause Young (Allocation Failure)
[49.779s][info][gc,heap        ] GC(720) DefNew: 141247K(157248K)->1462K(157248K) Eden: 139776K(139776K)->0K(139776K) From: 1471K(17472K)->1462K(17472K)
[49.779s][info][gc,heap        ] GC(720) Tenured: 49495K(349568K)->49495K(349568K)
[49.779s][info][gc,metaspace   ] GC(720) Metaspace: 73271K(73664K)->73271K(73664K) NonClass: 58127K(58368K)->58127K(58368K) Class: 15143K(15296K)->15143K(15296K)
[49.779s][info][gc             ] GC(720) Pause Young (Allocation Failure) 186M->49M(494M) 8.313ms
[49.779s][info][gc,cpu         ] GC(720) User=0.02s Sys=0.00s Real=0.00s
[49.814s][info][gc,start       ] GC(721) Pause Young (Allocation Failure)
[49.823s][info][gc,heap        ] GC(721) DefNew: 141238K(157248K)->1445K(157248K) Eden: 139776K(139776K)->0K(139776K) From: 1462K(17472K)->1445K(17472K)
[49.823s][info][gc,heap        ] GC(721) Tenured: 49495K(349568K)->49495K(349568K)
[49.823s][info][gc,metaspace   ] GC(721) Metaspace: 73271K(73664K)->73271K(73664K) NonClass: 58127K(58368K)->58127K(58368K) Class: 15143K(15296K)->15143K(15296K)
[49.823s][info][gc             ] GC(721) Pause Young (Allocation Failure) 186M->49M(494M) 8.371ms
[49.823s][info][gc,cpu         ] GC(721) User=0.00s Sys=0.00s Real=0.00s
[49.858s][info][gc,start       ] GC(722) Pause Young (Allocation Failure)
[49.866s][info][gc,heap        ] GC(722) DefNew: 141221K(157248K)->1395K(157248K) Eden: 139776K(139776K)->0K(139776K) From: 1445K(17472K)->1395K(17472K)
[49.866s][info][gc,heap        ] GC(722) Tenured: 49495K(349568K)->49530K(349568K)
[49.866s][info][gc,metaspace   ] GC(722) Metaspace: 73271K(73664K)->73271K(73664K) NonClass: 58127K(58368K)->58127K(58368K) Class: 15143K(15296K)->15143K(15296K)
[49.866s][info][gc             ] GC(722) Pause Young (Allocation Failure) 186M->49M(494M) 8.172ms
[49.866s][info][gc,cpu         ] GC(722) User=0.00s Sys=0.00s Real=0.00s
[49.902s][info][gc,start       ] GC(723) Pause Young (Allocation Failure)
[49.911s][info][gc,heap        ] GC(723) DefNew: 141171K(157248K)->1420K(157248K) Eden: 139776K(139776K)->0K(139776K) From: 1395K(17472K)->1420K(17472K)
[49.911s][info][gc,heap        ] GC(723) Tenured: 49530K(349568K)->49530K(349568K)
[49.911s][info][gc,metaspace   ] GC(723) Metaspace: 73271K(73664K)->73271K(73664K) NonClass: 58127K(58368K)->58127K(58368K) Class: 15143K(15296K)->15143K(15296K)
[49.911s][info][gc             ] GC(723) Pause Young (Allocation Failure) 186M->49M(494M) 9.350ms
[49.911s][info][gc,cpu         ] GC(723) User=0.00s Sys=0.00s Real=0.00s
[49.947s][info][gc,start       ] GC(724) Pause Young (Allocation Failure)
[49.955s][info][gc,heap        ] GC(724) DefNew: 141196K(157248K)->1431K(157248K) Eden: 139776K(139776K)->0K(139776K) From: 1420K(17472K)->1431K(17472K)
[49.955s][info][gc,heap        ] GC(724) Tenured: 49530K(349568K)->49530K(349568K)
[49.955s][info][gc,metaspace   ] GC(724) Metaspace: 73271K(73664K)->73271K(73664K) NonClass: 58127K(58368K)->58127K(58368K) Class: 15143K(15296K)->15143K(15296K)
[49.955s][info][gc             ] GC(724) Pause Young (Allocation Failure) 186M->49M(494M) 8.218ms
[49.955s][info][gc,cpu         ] GC(724) User=0.00s Sys=0.00s Real=0.00s
[49.990s][info][gc,start       ] GC(725) Pause Young (Allocation Failure)
[49.998s][info][gc,heap        ] GC(725) DefNew: 141207K(157248K)->1373K(157248K) Eden: 139776K(139776K)->0K(139776K) From: 1431K(17472K)->1373K(17472K)
[49.998s][info][gc,heap        ] GC(725) Tenured: 49530K(349568K)->49530K(349568K)
[49.998s][info][gc,metaspace   ] GC(725) Metaspace: 73271K(73664K)->73271K(73664K) NonClass: 58127K(58368K)->58127K(58368K) Class: 15143K(15296K)->15143K(15296K)
[49.998s][info][gc             ] GC(725) Pause Young (Allocation Failure) 186M->49M(494M) 7.995ms
[49.999s][info][gc,cpu         ] GC(725) User=0.00s Sys=0.00s Real=0.00s
[50.034s][info][gc,start       ] GC(726) Pause Young (Allocation Failure)
[50.042s][info][gc,heap        ] GC(726) DefNew: 141149K(157248K)->1417K(157248K) Eden: 139776K(139776K)->0K(139776K) From: 1373K(17472K)->1417K(17472K)
[50.042s][info][gc,heap        ] GC(726) Tenured: 49530K(349568K)->49530K(349568K)
[50.042s][info][gc,metaspace   ] GC(726) Metaspace: 73271K(73664K)->73271K(73664K) NonClass: 58127K(58368K)->58127K(58368K) Class: 15143K(15296K)->15143K(15296K)
[50.043s][info][gc             ] GC(726) Pause Young (Allocation Failure) 186M->49M(494M) 8.248ms
[50.043s][info][gc,cpu         ] GC(726) User=0.00s Sys=0.00s Real=0.00s
[50.078s][info][gc,start       ] GC(727) Pause Young (Allocation Failure)
[50.086s][info][gc,heap        ] GC(727) DefNew: 141193K(157248K)->1448K(157248K) Eden: 139776K(139776K)->0K(139776K) From: 1417K(17472K)->1448K(17472K)
[50.086s][info][gc,heap        ] GC(727) Tenured: 49530K(349568K)->49530K(349568K)
[50.086s][info][gc,metaspace   ] GC(727) Metaspace: 73271K(73664K)->73271K(73664K) NonClass: 58127K(58368K)->58127K(58368K) Class: 15143K(15296K)->15143K(15296K)
[50.086s][info][gc             ] GC(727) Pause Young (Allocation Failure) 186M->49M(494M) 8.244ms
[50.087s][info][gc,cpu         ] GC(727) User=0.00s Sys=0.00s Real=0.00s
[50.122s][info][gc,start       ] GC(728) Pause Young (Allocation Failure)
[50.130s][info][gc,heap        ] GC(728) DefNew: 141224K(157248K)->1465K(157248K) Eden: 139776K(139776K)->0K(139776K) From: 1448K(17472K)->1465K(17472K)
[50.130s][info][gc,heap        ] GC(728) Tenured: 49530K(349568K)->49530K(349568K)
[50.130s][info][gc,metaspace   ] GC(728) Metaspace: 73271K(73664K)->73271K(73664K) NonClass: 58127K(58368K)->58127K(58368K) Class: 15143K(15296K)->15143K(15296K)
[50.130s][info][gc             ] GC(728) Pause Young (Allocation Failure) 186M->49M(494M) 8.502ms
[50.131s][info][gc,cpu         ] GC(728) User=0.00s Sys=0.00s Real=0.01s
[50.166s][info][gc,start       ] GC(729) Pause Young (Allocation Failure)
[50.174s][info][gc,heap        ] GC(729) DefNew: 141241K(157248K)->1392K(157248K) Eden: 139776K(139776K)->0K(139776K) From: 1465K(17472K)->1392K(17472K)
[50.174s][info][gc,heap        ] GC(729) Tenured: 49530K(349568K)->49531K(349568K)
[50.174s][info][gc,metaspace   ] GC(729) Metaspace: 73271K(73664K)->73271K(73664K) NonClass: 58127K(58368K)->58127K(58368K) Class: 15143K(15296K)->15143K(15296K)
[50.174s][info][gc             ] GC(729) Pause Young (Allocation Failure) 186M->49M(494M) 8.018ms
[50.174s][info][gc,cpu         ] GC(729) User=0.00s Sys=0.00s Real=0.00s
[50.209s][info][gc,start       ] GC(730) Pause Young (Allocation Failure)
[50.218s][info][gc,heap        ] GC(730) DefNew: 141168K(157248K)->1516K(157248K) Eden: 139776K(139776K)->0K(139776K) From: 1392K(17472K)->1516K(17472K)
[50.218s][info][gc,heap        ] GC(730) Tenured: 49531K(349568K)->49531K(349568K)
[50.218s][info][gc,metaspace   ] GC(730) Metaspace: 73271K(73664K)->73271K(73664K) NonClass: 58127K(58368K)->58127K(58368K) Class: 15143K(15296K)->15143K(15296K)
[50.218s][info][gc             ] GC(730) Pause Young (Allocation Failure) 186M->49M(494M) 8.681ms
[50.218s][info][gc,cpu         ] GC(730) User=0.00s Sys=0.00s Real=0.00s
[50.253s][info][gc,start       ] GC(731) Pause Young (Allocation Failure)
[50.261s][info][gc,heap        ] GC(731) DefNew: 141292K(157248K)->1438K(157248K) Eden: 139776K(139776K)->0K(139776K) From: 1516K(17472K)->1438K(17472K)
[50.261s][info][gc,heap        ] GC(731) Tenured: 49531K(349568K)->49533K(349568K)
[50.261s][info][gc,metaspace   ] GC(731) Metaspace: 73271K(73664K)->73271K(73664K) NonClass: 58127K(58368K)->58127K(58368K) Class: 15143K(15296K)->15143K(15296K)
[50.261s][info][gc             ] GC(731) Pause Young (Allocation Failure) 186M->49M(494M) 8.255ms
[50.262s][info][gc,cpu         ] GC(731) User=0.00s Sys=0.00s Real=0.00s
[50.297s][info][gc,start       ] GC(732) Pause Young (Allocation Failure)
[50.305s][info][gc,heap        ] GC(732) DefNew: 141214K(157248K)->1364K(157248K) Eden: 139776K(139776K)->0K(139776K) From: 1438K(17472K)->1364K(17472K)
[50.305s][info][gc,heap        ] GC(732) Tenured: 49533K(349568K)->49577K(349568K)
[50.305s][info][gc,metaspace   ] GC(732) Metaspace: 73271K(73664K)->73271K(73664K) NonClass: 58127K(58368K)->58127K(58368K) Class: 15143K(15296K)->15143K(15296K)
[50.305s][info][gc             ] GC(732) Pause Young (Allocation Failure) 186M->49M(494M) 8.113ms
[50.305s][info][gc,cpu         ] GC(732) User=0.00s Sys=0.00s Real=0.00s
[50.340s][info][gc,start       ] GC(733) Pause Young (Allocation Failure)
[50.348s][info][gc,heap        ] GC(733) DefNew: 141140K(157248K)->1397K(157248K) Eden: 139776K(139776K)->0K(139776K) From: 1364K(17472K)->1397K(17472K)
[50.348s][info][gc,heap        ] GC(733) Tenured: 49577K(349568K)->49577K(349568K)
[50.348s][info][gc,metaspace   ] GC(733) Metaspace: 73271K(73664K)->73271K(73664K) NonClass: 58127K(58368K)->58127K(58368K) Class: 15143K(15296K)->15143K(15296K)
[50.348s][info][gc             ] GC(733) Pause Young (Allocation Failure) 186M->49M(494M) 8.228ms
[50.349s][info][gc,cpu         ] GC(733) User=0.00s Sys=0.00s Real=0.01s
[50.384s][info][gc,start       ] GC(734) Pause Young (Allocation Failure)
[50.392s][info][gc,heap        ] GC(734) DefNew: 141173K(157248K)->1369K(157248K) Eden: 139775K(139776K)->0K(139776K) From: 1397K(17472K)->1369K(17472K)
[50.392s][info][gc,heap        ] GC(734) Tenured: 49577K(349568K)->49578K(349568K)
[50.392s][info][gc,metaspace   ] GC(734) Metaspace: 73271K(73664K)->73271K(73664K) NonClass: 58127K(58368K)->58127K(58368K) Class: 15143K(15296K)->15143K(15296K)
[50.392s][info][gc             ] GC(734) Pause Young (Allocation Failure) 186M->49M(494M) 8.250ms
[50.392s][info][gc,cpu         ] GC(734) User=0.00s Sys=0.00s Real=0.00s
[50.427s][info][gc,start       ] GC(735) Pause Young (Allocation Failure)
[50.435s][info][gc,heap        ] GC(735) DefNew: 141145K(157248K)->1404K(157248K) Eden: 139776K(139776K)->0K(139776K) From: 1369K(17472K)->1404K(17472K)
[50.435s][info][gc,heap        ] GC(735) Tenured: 49578K(349568K)->49579K(349568K)
[50.435s][info][gc,metaspace   ] GC(735) Metaspace: 73271K(73664K)->73271K(73664K) NonClass: 58127K(58368K)->58127K(58368K) Class: 15143K(15296K)->15143K(15296K)
[50.435s][info][gc             ] GC(735) Pause Young (Allocation Failure) 186M->49M(494M) 8.140ms
[50.435s][info][gc,cpu         ] GC(735) User=0.00s Sys=0.00s Real=0.00s
[50.471s][info][gc,start       ] GC(736) Pause Young (Allocation Failure)
[50.479s][info][gc,heap        ] GC(736) DefNew: 141180K(157248K)->1382K(157248K) Eden: 139776K(139776K)->0K(139776K) From: 1404K(17472K)->1382K(17472K)
[50.479s][info][gc,heap        ] GC(736) Tenured: 49579K(349568K)->49579K(349568K)
[50.479s][info][gc,metaspace   ] GC(736) Metaspace: 73271K(73664K)->73271K(73664K) NonClass: 58127K(58368K)->58127K(58368K) Class: 15143K(15296K)->15143K(15296K)
[50.479s][info][gc             ] GC(736) Pause Young (Allocation Failure) 186M->49M(494M) 8.056ms
[50.479s][info][gc,cpu         ] GC(736) User=0.00s Sys=0.00s Real=0.00s
[50.514s][info][gc,start       ] GC(737) Pause Young (Allocation Failure)
[50.522s][info][gc,heap        ] GC(737) DefNew: 141158K(157248K)->1370K(157248K) Eden: 139776K(139776K)->0K(139776K) From: 1382K(17472K)->1370K(17472K)
[50.522s][info][gc,heap        ] GC(737) Tenured: 49579K(349568K)->49579K(349568K)
[50.522s][info][gc,metaspace   ] GC(737) Metaspace: 73271K(73664K)->73271K(73664K) NonClass: 58127K(58368K)->58127K(58368K) Class: 15143K(15296K)->15143K(15296K)
[50.522s][info][gc             ] GC(737) Pause Young (Allocation Failure) 186M->49M(494M) 8.298ms
[50.522s][info][gc,cpu         ] GC(737) User=0.00s Sys=0.00s Real=0.00s
[50.557s][info][gc,start       ] GC(738) Pause Young (Allocation Failure)
[50.566s][info][gc,heap        ] GC(738) DefNew: 141146K(157248K)->1439K(157248K) Eden: 139776K(139776K)->0K(139776K) From: 1370K(17472K)->1439K(17472K)
[50.566s][info][gc,heap        ] GC(738) Tenured: 49579K(349568K)->49579K(349568K)
[50.566s][info][gc,metaspace   ] GC(738) Metaspace: 73271K(73664K)->73271K(73664K) NonClass: 58127K(58368K)->58127K(58368K) Class: 15143K(15296K)->15143K(15296K)
[50.566s][info][gc             ] GC(738) Pause Young (Allocation Failure) 186M->49M(494M) 8.325ms
[50.566s][info][gc,cpu         ] GC(738) User=0.00s Sys=0.00s Real=0.00s
[50.601s][info][gc,start       ] GC(739) Pause Young (Allocation Failure)
[50.609s][info][gc,heap        ] GC(739) DefNew: 141215K(157248K)->1432K(157248K) Eden: 139776K(139776K)->0K(139776K) From: 1439K(17472K)->1432K(17472K)
[50.609s][info][gc,heap        ] GC(739) Tenured: 49579K(349568K)->49579K(349568K)
[50.609s][info][gc,metaspace   ] GC(739) Metaspace: 73271K(73664K)->73271K(73664K) NonClass: 58127K(58368K)->58127K(58368K) Class: 15143K(15296K)->15143K(15296K)
[50.610s][info][gc             ] GC(739) Pause Young (Allocation Failure) 186M->49M(494M) 8.270ms
[50.610s][info][gc,cpu         ] GC(739) User=0.00s Sys=0.00s Real=0.00s
[50.645s][info][gc,start       ] GC(740) Pause Young (Allocation Failure)
[50.653s][info][gc,heap        ] GC(740) DefNew: 141208K(157248K)->1464K(157248K) Eden: 139776K(139776K)->0K(139776K) From: 1432K(17472K)->1464K(17472K)
[50.653s][info][gc,heap        ] GC(740) Tenured: 49579K(349568K)->49579K(349568K)
[50.653s][info][gc,metaspace   ] GC(740) Metaspace: 73271K(73664K)->73271K(73664K) NonClass: 58127K(58368K)->58127K(58368K) Class: 15143K(15296K)->15143K(15296K)
[50.653s][info][gc             ] GC(740) Pause Young (Allocation Failure) 186M->49M(494M) 8.507ms
[50.653s][info][gc,cpu         ] GC(740) User=0.00s Sys=0.00s Real=0.00s
[50.689s][info][gc,start       ] GC(741) Pause Young (Allocation Failure)
[50.697s][info][gc,heap        ] GC(741) DefNew: 141240K(157248K)->1430K(157248K) Eden: 139776K(139776K)->0K(139776K) From: 1464K(17472K)->1430K(17472K)
[50.697s][info][gc,heap        ] GC(741) Tenured: 49579K(349568K)->49580K(349568K)
[50.697s][info][gc,metaspace   ] GC(741) Metaspace: 73271K(73664K)->73271K(73664K) NonClass: 58127K(58368K)->58127K(58368K) Class: 15143K(15296K)->15143K(15296K)
[50.697s][info][gc             ] GC(741) Pause Young (Allocation Failure) 186M->49M(494M) 8.293ms
[50.697s][info][gc,cpu         ] GC(741) User=0.00s Sys=0.00s Real=0.00s
[50.732s][info][gc,start       ] GC(742) Pause Young (Allocation Failure)
[50.741s][info][gc,heap        ] GC(742) DefNew: 141206K(157248K)->1443K(157248K) Eden: 139776K(139776K)->0K(139776K) From: 1430K(17472K)->1443K(17472K)
[50.741s][info][gc,heap        ] GC(742) Tenured: 49580K(349568K)->49580K(349568K)
[50.741s][info][gc,metaspace   ] GC(742) Metaspace: 73271K(73664K)->73271K(73664K) NonClass: 58127K(58368K)->58127K(58368K) Class: 15143K(15296K)->15143K(15296K)
[50.741s][info][gc             ] GC(742) Pause Young (Allocation Failure) 186M->49M(494M) 8.909ms
[50.741s][info][gc,cpu         ] GC(742) User=0.00s Sys=0.00s Real=0.01s
[50.777s][info][gc,start       ] GC(743) Pause Young (Allocation Failure)
[50.785s][info][gc,heap        ] GC(743) DefNew: 141219K(157248K)->1394K(157248K) Eden: 139776K(139776K)->0K(139776K) From: 1443K(17472K)->1394K(17472K)
[50.785s][info][gc,heap        ] GC(743) Tenured: 49580K(349568K)->49580K(349568K)
[50.785s][info][gc,metaspace   ] GC(743) Metaspace: 73271K(73664K)->73271K(73664K) NonClass: 58127K(58368K)->58127K(58368K) Class: 15143K(15296K)->15143K(15296K)
[50.785s][info][gc             ] GC(743) Pause Young (Allocation Failure) 186M->49M(494M) 8.245ms
[50.785s][info][gc,cpu         ] GC(743) User=0.00s Sys=0.00s Real=0.00s
[50.820s][info][gc,start       ] GC(744) Pause Young (Allocation Failure)
[50.829s][info][gc,heap        ] GC(744) DefNew: 141170K(157248K)->1399K(157248K) Eden: 139776K(139776K)->0K(139776K) From: 1394K(17472K)->1399K(17472K)
[50.829s][info][gc,heap        ] GC(744) Tenured: 49580K(349568K)->49580K(349568K)
[50.829s][info][gc,metaspace   ] GC(744) Metaspace: 73271K(73664K)->73271K(73664K) NonClass: 58127K(58368K)->58127K(58368K) Class: 15143K(15296K)->15143K(15296K)
[50.829s][info][gc             ] GC(744) Pause Young (Allocation Failure) 186M->49M(494M) 8.944ms
[50.829s][info][gc,cpu         ] GC(744) User=0.00s Sys=0.00s Real=0.00s
[50.864s][info][gc,start       ] GC(745) Pause Young (Allocation Failure)
[50.873s][info][gc,heap        ] GC(745) DefNew: 141175K(157248K)->1361K(157248K) Eden: 139776K(139776K)->0K(139776K) From: 1399K(17472K)->1361K(17472K)
[50.873s][info][gc,heap        ] GC(745) Tenured: 49580K(349568K)->49605K(349568K)
[50.873s][info][gc,metaspace   ] GC(745) Metaspace: 73271K(73664K)->73271K(73664K) NonClass: 58127K(58368K)->58127K(58368K) Class: 15143K(15296K)->15143K(15296K)
[50.873s][info][gc             ] GC(745) Pause Young (Allocation Failure) 186M->49M(494M) 9.080ms
[50.873s][info][gc,cpu         ] GC(745) User=0.02s Sys=0.00s Real=0.01s
[50.909s][info][gc,start       ] GC(746) Pause Young (Allocation Failure)
[50.917s][info][gc,heap        ] GC(746) DefNew: 141137K(157248K)->1360K(157248K) Eden: 139776K(139776K)->0K(139776K) From: 1361K(17472K)->1360K(17472K)
[50.917s][info][gc,heap        ] GC(746) Tenured: 49605K(349568K)->49605K(349568K)
[50.917s][info][gc,metaspace   ] GC(746) Metaspace: 73271K(73664K)->73271K(73664K) NonClass: 58127K(58368K)->58127K(58368K) Class: 15143K(15296K)->15143K(15296K)
[50.918s][info][gc             ] GC(746) Pause Young (Allocation Failure) 186M->49M(494M) 8.450ms
[50.918s][info][gc,cpu         ] GC(746) User=0.00s Sys=0.00s Real=0.00s
[50.953s][info][gc,start       ] GC(747) Pause Young (Allocation Failure)
[50.961s][info][gc,heap        ] GC(747) DefNew: 141136K(157248K)->1445K(157248K) Eden: 139776K(139776K)->0K(139776K) From: 1360K(17472K)->1445K(17472K)
[50.961s][info][gc,heap        ] GC(747) Tenured: 49605K(349568K)->49606K(349568K)
[50.961s][info][gc,metaspace   ] GC(747) Metaspace: 73271K(73664K)->73271K(73664K) NonClass: 58127K(58368K)->58127K(58368K) Class: 15143K(15296K)->15143K(15296K)
[50.962s][info][gc             ] GC(747) Pause Young (Allocation Failure) 186M->49M(494M) 8.412ms
[50.962s][info][gc,cpu         ] GC(747) User=0.00s Sys=0.00s Real=0.00s
[50.997s][info][gc,start       ] GC(748) Pause Young (Allocation Failure)
[51.005s][info][gc,heap        ] GC(748) DefNew: 141221K(157248K)->1415K(157248K) Eden: 139776K(139776K)->0K(139776K) From: 1445K(17472K)->1415K(17472K)
[51.005s][info][gc,heap        ] GC(748) Tenured: 49606K(349568K)->49607K(349568K)
[51.005s][info][gc,metaspace   ] GC(748) Metaspace: 73271K(73664K)->73271K(73664K) NonClass: 58127K(58368K)->58127K(58368K) Class: 15143K(15296K)->15143K(15296K)
[51.005s][info][gc             ] GC(748) Pause Young (Allocation Failure) 186M->49M(494M) 8.403ms
[51.005s][info][gc,cpu         ] GC(748) User=0.00s Sys=0.00s Real=0.00s
[51.041s][info][gc,start       ] GC(749) Pause Young (Allocation Failure)
[51.049s][info][gc,heap        ] GC(749) DefNew: 141191K(157248K)->1395K(157248K) Eden: 139776K(139776K)->0K(139776K) From: 1415K(17472K)->1395K(17472K)
[51.049s][info][gc,heap        ] GC(749) Tenured: 49607K(349568K)->49607K(349568K)
[51.049s][info][gc,metaspace   ] GC(749) Metaspace: 73271K(73664K)->73271K(73664K) NonClass: 58127K(58368K)->58127K(58368K) Class: 15143K(15296K)->15143K(15296K)
[51.049s][info][gc             ] GC(749) Pause Young (Allocation Failure) 186M->49M(494M) 8.164ms
[51.049s][info][gc,cpu         ] GC(749) User=0.00s Sys=0.00s Real=0.00s
[51.084s][info][gc,start       ] GC(750) Pause Young (Allocation Failure)
[51.092s][info][gc,heap        ] GC(750) DefNew: 141171K(157248K)->1399K(157248K) Eden: 139776K(139776K)->0K(139776K) From: 1395K(17472K)->1399K(17472K)
[51.092s][info][gc,heap        ] GC(750) Tenured: 49607K(349568K)->49607K(349568K)
[51.092s][info][gc,metaspace   ] GC(750) Metaspace: 73271K(73664K)->73271K(73664K) NonClass: 58127K(58368K)->58127K(58368K) Class: 15143K(15296K)->15143K(15296K)
[51.092s][info][gc             ] GC(750) Pause Young (Allocation Failure) 186M->49M(494M) 8.283ms
[51.093s][info][gc,cpu         ] GC(750) User=0.00s Sys=0.00s Real=0.00s
[51.128s][info][gc,start       ] GC(751) Pause Young (Allocation Failure)
[51.136s][info][gc,heap        ] GC(751) DefNew: 141175K(157248K)->1354K(157248K) Eden: 139776K(139776K)->0K(139776K) From: 1399K(17472K)->1354K(17472K)
[51.136s][info][gc,heap        ] GC(751) Tenured: 49607K(349568K)->49607K(349568K)
[51.136s][info][gc,metaspace   ] GC(751) Metaspace: 73271K(73664K)->73271K(73664K) NonClass: 58127K(58368K)->58127K(58368K) Class: 15143K(15296K)->15143K(15296K)
[51.136s][info][gc             ] GC(751) Pause Young (Allocation Failure) 186M->49M(494M) 8.103ms
[51.136s][info][gc,cpu         ] GC(751) User=0.00s Sys=0.00s Real=0.00s
[51.171s][info][gc,start       ] GC(752) Pause Young (Allocation Failure)
[51.179s][info][gc,heap        ] GC(752) DefNew: 141130K(157248K)->1352K(157248K) Eden: 139776K(139776K)->0K(139776K) From: 1354K(17472K)->1352K(17472K)
[51.179s][info][gc,heap        ] GC(752) Tenured: 49607K(349568K)->49607K(349568K)
[51.179s][info][gc,metaspace   ] GC(752) Metaspace: 73271K(73664K)->73271K(73664K) NonClass: 58127K(58368K)->58127K(58368K) Class: 15143K(15296K)->15143K(15296K)
[51.179s][info][gc             ] GC(752) Pause Young (Allocation Failure) 186M->49M(494M) 8.193ms
[51.179s][info][gc,cpu         ] GC(752) User=0.00s Sys=0.02s Real=0.01s
[51.215s][info][gc,start       ] GC(753) Pause Young (Allocation Failure)
[51.223s][info][gc,heap        ] GC(753) DefNew: 141128K(157248K)->1404K(157248K) Eden: 139776K(139776K)->0K(139776K) From: 1352K(17472K)->1404K(17472K)
[51.223s][info][gc,heap        ] GC(753) Tenured: 49607K(349568K)->49607K(349568K)
[51.223s][info][gc,metaspace   ] GC(753) Metaspace: 73271K(73664K)->73271K(73664K) NonClass: 58127K(58368K)->58127K(58368K) Class: 15143K(15296K)->15143K(15296K)
[51.223s][info][gc             ] GC(753) Pause Young (Allocation Failure) 186M->49M(494M) 8.567ms
[51.223s][info][gc,cpu         ] GC(753) User=0.00s Sys=0.00s Real=0.00s
[51.259s][info][gc,start       ] GC(754) Pause Young (Allocation Failure)
[51.271s][info][gc,heap        ] GC(754) DefNew: 141180K(157248K)->1386K(157248K) Eden: 139776K(139776K)->0K(139776K) From: 1404K(17472K)->1386K(17472K)
[51.271s][info][gc,heap        ] GC(754) Tenured: 49607K(349568K)->49607K(349568K)
[51.271s][info][gc,metaspace   ] GC(754) Metaspace: 73271K(73664K)->73271K(73664K) NonClass: 58127K(58368K)->58127K(58368K) Class: 15143K(15296K)->15143K(15296K)
[51.271s][info][gc             ] GC(754) Pause Young (Allocation Failure) 186M->49M(494M) 12.376ms
[51.271s][info][gc,cpu         ] GC(754) User=0.00s Sys=0.00s Real=0.00s
[51.308s][info][gc,start       ] GC(755) Pause Young (Allocation Failure)
[51.315s][info][gc,heap        ] GC(755) DefNew: 141162K(157248K)->1377K(157248K) Eden: 139776K(139776K)->0K(139776K) From: 1386K(17472K)->1377K(17472K)
[51.316s][info][gc,heap        ] GC(755) Tenured: 49607K(349568K)->49607K(349568K)
[51.316s][info][gc,metaspace   ] GC(755) Metaspace: 73271K(73664K)->73271K(73664K) NonClass: 58127K(58368K)->58127K(58368K) Class: 15143K(15296K)->15143K(15296K)
[51.316s][info][gc             ] GC(755) Pause Young (Allocation Failure) 186M->49M(494M) 8.084ms
[51.316s][info][gc,cpu         ] GC(755) User=0.00s Sys=0.00s Real=0.00s
[51.351s][info][gc,start       ] GC(756) Pause Young (Allocation Failure)
[51.359s][info][gc,heap        ] GC(756) DefNew: 141153K(157248K)->1416K(157248K) Eden: 139776K(139776K)->0K(139776K) From: 1377K(17472K)->1416K(17472K)
[51.359s][info][gc,heap        ] GC(756) Tenured: 49607K(349568K)->49607K(349568K)
[51.359s][info][gc,metaspace   ] GC(756) Metaspace: 73271K(73664K)->73271K(73664K) NonClass: 58127K(58368K)->58127K(58368K) Class: 15143K(15296K)->15143K(15296K)
[51.359s][info][gc             ] GC(756) Pause Young (Allocation Failure) 186M->49M(494M) 8.322ms
[51.359s][info][gc,cpu         ] GC(756) User=0.02s Sys=0.00s Real=0.00s
[51.395s][info][gc,start       ] GC(757) Pause Young (Allocation Failure)
[51.404s][info][gc,heap        ] GC(757) DefNew: 141192K(157248K)->1354K(157248K) Eden: 139776K(139776K)->0K(139776K) From: 1416K(17472K)->1354K(17472K)
[51.404s][info][gc,heap        ] GC(757) Tenured: 49607K(349568K)->49607K(349568K)
[51.404s][info][gc,metaspace   ] GC(757) Metaspace: 73271K(73664K)->73271K(73664K) NonClass: 58127K(58368K)->58127K(58368K) Class: 15143K(15296K)->15143K(15296K)
[51.404s][info][gc             ] GC(757) Pause Young (Allocation Failure) 186M->49M(494M) 8.885ms
[51.404s][info][gc,cpu         ] GC(757) User=0.02s Sys=0.00s Real=0.01s
[51.439s][info][gc,start       ] GC(758) Pause Young (Allocation Failure)
[51.448s][info][gc,heap        ] GC(758) DefNew: 141130K(157248K)->1377K(157248K) Eden: 139776K(139776K)->0K(139776K) From: 1354K(17472K)->1377K(17472K)
[51.448s][info][gc,heap        ] GC(758) Tenured: 49607K(349568K)->49607K(349568K)
[51.448s][info][gc,metaspace   ] GC(758) Metaspace: 73271K(73664K)->73271K(73664K) NonClass: 58127K(58368K)->58127K(58368K) Class: 15143K(15296K)->15143K(15296K)
[51.448s][info][gc             ] GC(758) Pause Young (Allocation Failure) 186M->49M(494M) 8.930ms
[51.448s][info][gc,cpu         ] GC(758) User=0.00s Sys=0.00s Real=0.00s
[51.484s][info][gc,start       ] GC(759) Pause Young (Allocation Failure)
[51.493s][info][gc,heap        ] GC(759) DefNew: 141153K(157248K)->1468K(157248K) Eden: 139776K(139776K)->0K(139776K) From: 1377K(17472K)->1468K(17472K)
[51.493s][info][gc,heap        ] GC(759) Tenured: 49607K(349568K)->49607K(349568K)
[51.493s][info][gc,metaspace   ] GC(759) Metaspace: 73271K(73664K)->73271K(73664K) NonClass: 58127K(58368K)->58127K(58368K) Class: 15143K(15296K)->15143K(15296K)
[51.493s][info][gc             ] GC(759) Pause Young (Allocation Failure) 186M->49M(494M) 8.944ms
[51.493s][info][gc,cpu         ] GC(759) User=0.00s Sys=0.00s Real=0.00s
[51.528s][info][gc,start       ] GC(760) Pause Young (Allocation Failure)
[51.536s][info][gc,heap        ] GC(760) DefNew: 141244K(157248K)->1375K(157248K) Eden: 139776K(139776K)->0K(139776K) From: 1468K(17472K)->1375K(17472K)
[51.536s][info][gc,heap        ] GC(760) Tenured: 49607K(349568K)->49607K(349568K)
[51.536s][info][gc,metaspace   ] GC(760) Metaspace: 73271K(73664K)->73271K(73664K) NonClass: 58127K(58368K)->58127K(58368K) Class: 15143K(15296K)->15143K(15296K)
[51.536s][info][gc             ] GC(760) Pause Young (Allocation Failure) 186M->49M(494M) 8.031ms
[51.536s][info][gc,cpu         ] GC(760) User=0.00s Sys=0.00s Real=0.00s
[51.572s][info][gc,start       ] GC(761) Pause Young (Allocation Failure)
[51.580s][info][gc,heap        ] GC(761) DefNew: 141151K(157248K)->1403K(157248K) Eden: 139776K(139776K)->0K(139776K) From: 1375K(17472K)->1403K(17472K)
[51.580s][info][gc,heap        ] GC(761) Tenured: 49607K(349568K)->49607K(349568K)
[51.580s][info][gc,metaspace   ] GC(761) Metaspace: 73271K(73664K)->73271K(73664K) NonClass: 58127K(58368K)->58127K(58368K) Class: 15143K(15296K)->15143K(15296K)
[51.580s][info][gc             ] GC(761) Pause Young (Allocation Failure) 186M->49M(494M) 8.238ms
[51.580s][info][gc,cpu         ] GC(761) User=0.00s Sys=0.00s Real=0.00s
[51.615s][info][gc,start       ] GC(762) Pause Young (Allocation Failure)
[51.623s][info][gc,heap        ] GC(762) DefNew: 141179K(157248K)->1346K(157248K) Eden: 139776K(139776K)->0K(139776K) From: 1403K(17472K)->1346K(17472K)
[51.623s][info][gc,heap        ] GC(762) Tenured: 49607K(349568K)->49607K(349568K)
[51.623s][info][gc,metaspace   ] GC(762) Metaspace: 73271K(73664K)->73271K(73664K) NonClass: 58127K(58368K)->58127K(58368K) Class: 15143K(15296K)->15143K(15296K)
[51.623s][info][gc             ] GC(762) Pause Young (Allocation Failure) 186M->49M(494M) 7.973ms
[51.623s][info][gc,cpu         ] GC(762) User=0.00s Sys=0.00s Real=0.00s
[51.658s][info][gc,start       ] GC(763) Pause Young (Allocation Failure)
[51.666s][info][gc,heap        ] GC(763) DefNew: 141122K(157248K)->1439K(157248K) Eden: 139776K(139776K)->0K(139776K) From: 1346K(17472K)->1439K(17472K)
[51.666s][info][gc,heap        ] GC(763) Tenured: 49607K(349568K)->49608K(349568K)
[51.666s][info][gc,metaspace   ] GC(763) Metaspace: 73271K(73664K)->73271K(73664K) NonClass: 58127K(58368K)->58127K(58368K) Class: 15143K(15296K)->15143K(15296K)
[51.666s][info][gc             ] GC(763) Pause Young (Allocation Failure) 186M->49M(494M) 8.261ms
[51.666s][info][gc,cpu         ] GC(763) User=0.00s Sys=0.00s Real=0.00s
[51.702s][info][gc,start       ] GC(764) Pause Young (Allocation Failure)
[51.710s][info][gc,heap        ] GC(764) DefNew: 141215K(157248K)->1435K(157248K) Eden: 139776K(139776K)->0K(139776K) From: 1439K(17472K)->1435K(17472K)
[51.710s][info][gc,heap        ] GC(764) Tenured: 49608K(349568K)->49609K(349568K)
[51.710s][info][gc,metaspace   ] GC(764) Metaspace: 73271K(73664K)->73271K(73664K) NonClass: 58127K(58368K)->58127K(58368K) Class: 15143K(15296K)->15143K(15296K)
[51.710s][info][gc             ] GC(764) Pause Young (Allocation Failure) 186M->49M(494M) 8.350ms
[51.710s][info][gc,cpu         ] GC(764) User=0.00s Sys=0.00s Real=0.00s
[51.745s][info][gc,start       ] GC(765) Pause Young (Allocation Failure)
[51.754s][info][gc,heap        ] GC(765) DefNew: 141211K(157248K)->1412K(157248K) Eden: 139776K(139776K)->0K(139776K) From: 1435K(17472K)->1412K(17472K)
[51.754s][info][gc,heap        ] GC(765) Tenured: 49609K(349568K)->49609K(349568K)
[51.754s][info][gc,metaspace   ] GC(765) Metaspace: 73271K(73664K)->73271K(73664K) NonClass: 58127K(58368K)->58127K(58368K) Class: 15143K(15296K)->15143K(15296K)
[51.754s][info][gc             ] GC(765) Pause Young (Allocation Failure) 186M->49M(494M) 8.284ms
[51.754s][info][gc,cpu         ] GC(765) User=0.00s Sys=0.00s Real=0.00s
[51.789s][info][gc,start       ] GC(766) Pause Young (Allocation Failure)
[51.797s][info][gc,heap        ] GC(766) DefNew: 141188K(157248K)->1409K(157248K) Eden: 139776K(139776K)->0K(139776K) From: 1412K(17472K)->1409K(17472K)
[51.797s][info][gc,heap        ] GC(766) Tenured: 49609K(349568K)->49609K(349568K)
[51.797s][info][gc,metaspace   ] GC(766) Metaspace: 73271K(73664K)->73271K(73664K) NonClass: 58127K(58368K)->58127K(58368K) Class: 15143K(15296K)->15143K(15296K)
[51.797s][info][gc             ] GC(766) Pause Young (Allocation Failure) 186M->49M(494M) 8.218ms
[51.797s][info][gc,cpu         ] GC(766) User=0.00s Sys=0.00s Real=0.00s
[51.833s][info][gc,start       ] GC(767) Pause Young (Allocation Failure)
[51.841s][info][gc,heap        ] GC(767) DefNew: 141185K(157248K)->1389K(157248K) Eden: 139776K(139776K)->0K(139776K) From: 1409K(17472K)->1389K(17472K)
[51.841s][info][gc,heap        ] GC(767) Tenured: 49609K(349568K)->49609K(349568K)
[51.841s][info][gc,metaspace   ] GC(767) Metaspace: 73271K(73664K)->73271K(73664K) NonClass: 58127K(58368K)->58127K(58368K) Class: 15143K(15296K)->15143K(15296K)
[51.841s][info][gc             ] GC(767) Pause Young (Allocation Failure) 186M->49M(494M) 8.133ms
[51.841s][info][gc,cpu         ] GC(767) User=0.00s Sys=0.00s Real=0.00s
[51.876s][info][gc,start       ] GC(768) Pause Young (Allocation Failure)
[51.885s][info][gc,heap        ] GC(768) DefNew: 141165K(157248K)->1409K(157248K) Eden: 139776K(139776K)->0K(139776K) From: 1389K(17472K)->1409K(17472K)
[51.885s][info][gc,heap        ] GC(768) Tenured: 49609K(349568K)->49635K(349568K)
[51.885s][info][gc,metaspace   ] GC(768) Metaspace: 73271K(73664K)->73271K(73664K) NonClass: 58127K(58368K)->58127K(58368K) Class: 15143K(15296K)->15143K(15296K)
[51.885s][info][gc             ] GC(768) Pause Young (Allocation Failure) 186M->49M(494M) 8.283ms
[51.885s][info][gc,cpu         ] GC(768) User=0.00s Sys=0.00s Real=0.00s
[51.920s][info][gc,start       ] GC(769) Pause Young (Allocation Failure)
[51.928s][info][gc,heap        ] GC(769) DefNew: 141185K(157248K)->1309K(157248K) Eden: 139776K(139776K)->0K(139776K) From: 1409K(17472K)->1309K(17472K)
[51.928s][info][gc,heap        ] GC(769) Tenured: 49635K(349568K)->49635K(349568K)
[51.928s][info][gc,metaspace   ] GC(769) Metaspace: 73271K(73664K)->73271K(73664K) NonClass: 58127K(58368K)->58127K(58368K) Class: 15143K(15296K)->15143K(15296K)
[51.928s][info][gc             ] GC(769) Pause Young (Allocation Failure) 186M->49M(494M) 8.030ms
[51.928s][info][gc,cpu         ] GC(769) User=0.00s Sys=0.00s Real=0.00s
[51.964s][info][gc,start       ] GC(770) Pause Young (Allocation Failure)
[51.972s][info][gc,heap        ] GC(770) DefNew: 141085K(157248K)->1376K(157248K) Eden: 139776K(139776K)->0K(139776K) From: 1309K(17472K)->1376K(17472K)
[51.972s][info][gc,heap        ] GC(770) Tenured: 49635K(349568K)->49635K(349568K)
[51.972s][info][gc,metaspace   ] GC(770) Metaspace: 73271K(73664K)->73271K(73664K) NonClass: 58127K(58368K)->58127K(58368K) Class: 15143K(15296K)->15143K(15296K)
[51.972s][info][gc             ] GC(770) Pause Young (Allocation Failure) 186M->49M(494M) 8.100ms
[51.972s][info][gc,cpu         ] GC(770) User=0.00s Sys=0.00s Real=0.00s
[52.007s][info][gc,start       ] GC(771) Pause Young (Allocation Failure)
[52.015s][info][gc,heap        ] GC(771) DefNew: 141152K(157248K)->1430K(157248K) Eden: 139776K(139776K)->0K(139776K) From: 1376K(17472K)->1430K(17472K)
[52.016s][info][gc,heap        ] GC(771) Tenured: 49635K(349568K)->49635K(349568K)
[52.016s][info][gc,metaspace   ] GC(771) Metaspace: 73271K(73664K)->73271K(73664K) NonClass: 58127K(58368K)->58127K(58368K) Class: 15143K(15296K)->15143K(15296K)
[52.016s][info][gc             ] GC(771) Pause Young (Allocation Failure) 186M->49M(494M) 8.400ms
[52.016s][info][gc,cpu         ] GC(771) User=0.00s Sys=0.00s Real=0.00s
[52.051s][info][gc,start       ] GC(772) Pause Young (Allocation Failure)
[52.060s][info][gc,heap        ] GC(772) DefNew: 141206K(157248K)->1421K(157248K) Eden: 139776K(139776K)->0K(139776K) From: 1430K(17472K)->1421K(17472K)
[52.060s][info][gc,heap        ] GC(772) Tenured: 49635K(349568K)->49635K(349568K)
[52.060s][info][gc,metaspace   ] GC(772) Metaspace: 73271K(73664K)->73271K(73664K) NonClass: 58127K(58368K)->58127K(58368K) Class: 15143K(15296K)->15143K(15296K)
[52.060s][info][gc             ] GC(772) Pause Young (Allocation Failure) 186M->49M(494M) 9.148ms
[52.060s][info][gc,cpu         ] GC(772) User=0.00s Sys=0.00s Real=0.00s
[52.096s][info][gc,start       ] GC(773) Pause Young (Allocation Failure)
[52.105s][info][gc,heap        ] GC(773) DefNew: 141197K(157248K)->1383K(157248K) Eden: 139776K(139776K)->0K(139776K) From: 1421K(17472K)->1383K(17472K)
[52.105s][info][gc,heap        ] GC(773) Tenured: 49635K(349568K)->49635K(349568K)
[52.105s][info][gc,metaspace   ] GC(773) Metaspace: 73271K(73664K)->73271K(73664K) NonClass: 58127K(58368K)->58127K(58368K) Class: 15143K(15296K)->15143K(15296K)
[52.105s][info][gc             ] GC(773) Pause Young (Allocation Failure) 186M->49M(494M) 8.610ms
[52.105s][info][gc,cpu         ] GC(773) User=0.00s Sys=0.00s Real=0.00s
[52.140s][info][gc,start       ] GC(774) Pause Young (Allocation Failure)
[52.149s][info][gc,heap        ] GC(774) DefNew: 141159K(157248K)->1435K(157248K) Eden: 139775K(139776K)->0K(139776K) From: 1383K(17472K)->1435K(17472K)
[52.149s][info][gc,heap        ] GC(774) Tenured: 49635K(349568K)->49635K(349568K)
[52.149s][info][gc,metaspace   ] GC(774) Metaspace: 73271K(73664K)->73271K(73664K) NonClass: 58127K(58368K)->58127K(58368K) Class: 15143K(15296K)->15143K(15296K)
[52.149s][info][gc             ] GC(774) Pause Young (Allocation Failure) 186M->49M(494M) 9.146ms
[52.149s][info][gc,cpu         ] GC(774) User=0.00s Sys=0.00s Real=0.00s
[52.185s][info][gc,start       ] GC(775) Pause Young (Allocation Failure)
[52.194s][info][gc,heap        ] GC(775) DefNew: 141211K(157248K)->1433K(157248K) Eden: 139775K(139776K)->0K(139776K) From: 1435K(17472K)->1433K(17472K)
[52.194s][info][gc,heap        ] GC(775) Tenured: 49635K(349568K)->49635K(349568K)
[52.194s][info][gc,metaspace   ] GC(775) Metaspace: 73271K(73664K)->73271K(73664K) NonClass: 58127K(58368K)->58127K(58368K) Class: 15143K(15296K)->15143K(15296K)
[52.194s][info][gc             ] GC(775) Pause Young (Allocation Failure) 186M->49M(494M) 9.079ms
[52.194s][info][gc,cpu         ] GC(775) User=0.00s Sys=0.00s Real=0.00s
[52.230s][info][gc,start       ] GC(776) Pause Young (Allocation Failure)
[52.239s][info][gc,heap        ] GC(776) DefNew: 141209K(157248K)->1426K(157248K) Eden: 139776K(139776K)->0K(139776K) From: 1433K(17472K)->1426K(17472K)
[52.239s][info][gc,heap        ] GC(776) Tenured: 49635K(349568K)->49635K(349568K)
[52.239s][info][gc,metaspace   ] GC(776) Metaspace: 73271K(73664K)->73271K(73664K) NonClass: 58127K(58368K)->58127K(58368K) Class: 15143K(15296K)->15143K(15296K)
[52.239s][info][gc             ] GC(776) Pause Young (Allocation Failure) 186M->49M(494M) 9.155ms
[52.239s][info][gc,cpu         ] GC(776) User=0.00s Sys=0.00s Real=0.00s
[52.275s][info][gc,start       ] GC(777) Pause Young (Allocation Failure)
[52.283s][info][gc,heap        ] GC(777) DefNew: 141202K(157248K)->1467K(157248K) Eden: 139776K(139776K)->0K(139776K) From: 1426K(17472K)->1467K(17472K)
[52.284s][info][gc,heap        ] GC(777) Tenured: 49635K(349568K)->49635K(349568K)
[52.284s][info][gc,metaspace   ] GC(777) Metaspace: 73271K(73664K)->73271K(73664K) NonClass: 58127K(58368K)->58127K(58368K) Class: 15143K(15296K)->15143K(15296K)
[52.284s][info][gc             ] GC(777) Pause Young (Allocation Failure) 186M->49M(494M) 8.865ms
[52.284s][info][gc,cpu         ] GC(777) User=0.00s Sys=0.00s Real=0.00s
[52.319s][info][gc,start       ] GC(778) Pause Young (Allocation Failure)
[52.327s][info][gc,heap        ] GC(778) DefNew: 141243K(157248K)->1422K(157248K) Eden: 139776K(139776K)->0K(139776K) From: 1467K(17472K)->1422K(17472K)
[52.327s][info][gc,heap        ] GC(778) Tenured: 49635K(349568K)->49636K(349568K)
[52.327s][info][gc,metaspace   ] GC(778) Metaspace: 73271K(73664K)->73271K(73664K) NonClass: 58127K(58368K)->58127K(58368K) Class: 15143K(15296K)->15143K(15296K)
[52.327s][info][gc             ] GC(778) Pause Young (Allocation Failure) 186M->49M(494M) 8.302ms
[52.327s][info][gc,cpu         ] GC(778) User=0.02s Sys=0.00s Real=0.00s
[52.363s][info][gc,start       ] GC(779) Pause Young (Allocation Failure)
[52.371s][info][gc,heap        ] GC(779) DefNew: 141198K(157248K)->1428K(157248K) Eden: 139776K(139776K)->0K(139776K) From: 1422K(17472K)->1428K(17472K)
[52.371s][info][gc,heap        ] GC(779) Tenured: 49636K(349568K)->49637K(349568K)
[52.371s][info][gc,metaspace   ] GC(779) Metaspace: 73271K(73664K)->73271K(73664K) NonClass: 58127K(58368K)->58127K(58368K) Class: 15143K(15296K)->15143K(15296K)
[52.371s][info][gc             ] GC(779) Pause Young (Allocation Failure) 186M->49M(494M) 8.371ms
[52.371s][info][gc,cpu         ] GC(779) User=0.00s Sys=0.00s Real=0.00s
[52.406s][info][gc,start       ] GC(780) Pause Young (Allocation Failure)
[52.415s][info][gc,heap        ] GC(780) DefNew: 141204K(157248K)->1392K(157248K) Eden: 139776K(139776K)->0K(139776K) From: 1428K(17472K)->1392K(17472K)
[52.415s][info][gc,heap        ] GC(780) Tenured: 49637K(349568K)->49638K(349568K)
[52.415s][info][gc,metaspace   ] GC(780) Metaspace: 73271K(73664K)->73271K(73664K) NonClass: 58127K(58368K)->58127K(58368K) Class: 15143K(15296K)->15143K(15296K)
[52.415s][info][gc             ] GC(780) Pause Young (Allocation Failure) 186M->49M(494M) 8.962ms
[52.415s][info][gc,cpu         ] GC(780) User=0.00s Sys=0.00s Real=0.00s
[52.451s][info][gc,start       ] GC(781) Pause Young (Allocation Failure)
[52.460s][info][gc,heap        ] GC(781) DefNew: 141168K(157248K)->1364K(157248K) Eden: 139776K(139776K)->0K(139776K) From: 1392K(17472K)->1364K(17472K)
[52.460s][info][gc,heap        ] GC(781) Tenured: 49638K(349568K)->49639K(349568K)
[52.460s][info][gc,metaspace   ] GC(781) Metaspace: 73271K(73664K)->73271K(73664K) NonClass: 58127K(58368K)->58127K(58368K) Class: 15143K(15296K)->15143K(15296K)
[52.460s][info][gc             ] GC(781) Pause Young (Allocation Failure) 186M->49M(494M) 8.779ms
[52.460s][info][gc,cpu         ] GC(781) User=0.00s Sys=0.00s Real=0.00s
[52.495s][info][gc,start       ] GC(782) Pause Young (Allocation Failure)
[52.504s][info][gc,heap        ] GC(782) DefNew: 141140K(157248K)->1364K(157248K) Eden: 139776K(139776K)->0K(139776K) From: 1364K(17472K)->1364K(17472K)
[52.504s][info][gc,heap        ] GC(782) Tenured: 49639K(349568K)->49640K(349568K)
[52.504s][info][gc,metaspace   ] GC(782) Metaspace: 73271K(73664K)->73271K(73664K) NonClass: 58127K(58368K)->58127K(58368K) Class: 15143K(15296K)->15143K(15296K)
[52.504s][info][gc             ] GC(782) Pause Young (Allocation Failure) 186M->49M(494M) 9.006ms
[52.504s][info][gc,cpu         ] GC(782) User=0.00s Sys=0.00s Real=0.00s
[52.540s][info][gc,start       ] GC(783) Pause Young (Allocation Failure)
[52.548s][info][gc,heap        ] GC(783) DefNew: 141140K(157248K)->1415K(157248K) Eden: 139776K(139776K)->0K(139776K) From: 1364K(17472K)->1415K(17472K)
[52.548s][info][gc,heap        ] GC(783) Tenured: 49640K(349568K)->49640K(349568K)
[52.548s][info][gc,metaspace   ] GC(783) Metaspace: 73271K(73664K)->73271K(73664K) NonClass: 58127K(58368K)->58127K(58368K) Class: 15143K(15296K)->15143K(15296K)
[52.548s][info][gc             ] GC(783) Pause Young (Allocation Failure) 186M->49M(494M) 8.698ms
[52.548s][info][gc,cpu         ] GC(783) User=0.00s Sys=0.00s Real=0.00s
[52.584s][info][gc,start       ] GC(784) Pause Young (Allocation Failure)
[52.592s][info][gc,heap        ] GC(784) DefNew: 141191K(157248K)->1420K(157248K) Eden: 139776K(139776K)->0K(139776K) From: 1415K(17472K)->1420K(17472K)
[52.592s][info][gc,heap        ] GC(784) Tenured: 49640K(349568K)->49641K(349568K)
[52.592s][info][gc,metaspace   ] GC(784) Metaspace: 73271K(73664K)->73271K(73664K) NonClass: 58127K(58368K)->58127K(58368K) Class: 15143K(15296K)->15143K(15296K)
[52.592s][info][gc             ] GC(784) Pause Young (Allocation Failure) 186M->49M(494M) 8.333ms
[52.592s][info][gc,cpu         ] GC(784) User=0.00s Sys=0.00s Real=0.00s
[52.627s][info][gc,start       ] GC(785) Pause Young (Allocation Failure)
[52.656s][info][gc,heap        ] GC(785) DefNew: 141196K(157248K)->1423K(157248K) Eden: 139776K(139776K)->0K(139776K) From: 1420K(17472K)->1423K(17472K)
[52.656s][info][gc,heap        ] GC(785) Tenured: 49641K(349568K)->49641K(349568K)
[52.656s][info][gc,metaspace   ] GC(785) Metaspace: 73271K(73664K)->73271K(73664K) NonClass: 58127K(58368K)->58127K(58368K) Class: 15143K(15296K)->15143K(15296K)
[52.656s][info][gc             ] GC(785) Pause Young (Allocation Failure) 186M->49M(494M) 28.664ms
[52.656s][info][gc,cpu         ] GC(785) User=0.00s Sys=0.00s Real=0.02s
[52.698s][info][gc,start       ] GC(786) Pause Young (Allocation Failure)
[52.706s][info][gc,heap        ] GC(786) DefNew: 141199K(157248K)->1445K(157248K) Eden: 139776K(139776K)->0K(139776K) From: 1423K(17472K)->1445K(17472K)
[52.706s][info][gc,heap        ] GC(786) Tenured: 49641K(349568K)->49641K(349568K)
[52.706s][info][gc,metaspace   ] GC(786) Metaspace: 73271K(73664K)->73271K(73664K) NonClass: 58127K(58368K)->58127K(58368K) Class: 15143K(15296K)->15143K(15296K)
[52.706s][info][gc             ] GC(786) Pause Young (Allocation Failure) 186M->49M(494M) 8.388ms
[52.706s][info][gc,cpu         ] GC(786) User=0.00s Sys=0.00s Real=0.00s
[52.742s][info][gc,start       ] GC(787) Pause Young (Allocation Failure)
[52.751s][info][gc,heap        ] GC(787) DefNew: 141221K(157248K)->1461K(157248K) Eden: 139776K(139776K)->0K(139776K) From: 1445K(17472K)->1461K(17472K)
[52.751s][info][gc,heap        ] GC(787) Tenured: 49641K(349568K)->49641K(349568K)
[52.751s][info][gc,metaspace   ] GC(787) Metaspace: 73271K(73664K)->73271K(73664K) NonClass: 58127K(58368K)->58127K(58368K) Class: 15143K(15296K)->15143K(15296K)
[52.751s][info][gc             ] GC(787) Pause Young (Allocation Failure) 186M->49M(494M) 9.162ms
[52.751s][info][gc,cpu         ] GC(787) User=0.00s Sys=0.00s Real=0.00s
[52.786s][info][gc,start       ] GC(788) Pause Young (Allocation Failure)
[52.795s][info][gc,heap        ] GC(788) DefNew: 141237K(157248K)->1383K(157248K) Eden: 139776K(139776K)->0K(139776K) From: 1461K(17472K)->1383K(17472K)
[52.795s][info][gc,heap        ] GC(788) Tenured: 49641K(349568K)->49641K(349568K)
[52.795s][info][gc,metaspace   ] GC(788) Metaspace: 73271K(73664K)->73271K(73664K) NonClass: 58127K(58368K)->58127K(58368K) Class: 15143K(15296K)->15143K(15296K)
[52.795s][info][gc             ] GC(788) Pause Young (Allocation Failure) 186M->49M(494M) 8.729ms
[52.795s][info][gc,cpu         ] GC(788) User=0.00s Sys=0.00s Real=0.00s
[52.831s][info][gc,start       ] GC(789) Pause Young (Allocation Failure)
[52.839s][info][gc,heap        ] GC(789) DefNew: 141159K(157248K)->1392K(157248K) Eden: 139776K(139776K)->0K(139776K) From: 1383K(17472K)->1392K(17472K)
[52.839s][info][gc,heap        ] GC(789) Tenured: 49641K(349568K)->49641K(349568K)
[52.839s][info][gc,metaspace   ] GC(789) Metaspace: 73271K(73664K)->73271K(73664K) NonClass: 58127K(58368K)->58127K(58368K) Class: 15143K(15296K)->15143K(15296K)
[52.839s][info][gc             ] GC(789) Pause Young (Allocation Failure) 186M->49M(494M) 8.202ms
[52.839s][info][gc,cpu         ] GC(789) User=0.00s Sys=0.00s Real=0.00s
[52.875s][info][gc,start       ] GC(790) Pause Young (Allocation Failure)
[52.883s][info][gc,heap        ] GC(790) DefNew: 141168K(157248K)->1451K(157248K) Eden: 139776K(139776K)->0K(139776K) From: 1392K(17472K)->1451K(17472K)
[52.883s][info][gc,heap        ] GC(790) Tenured: 49641K(349568K)->49665K(349568K)
[52.883s][info][gc,metaspace   ] GC(790) Metaspace: 73271K(73664K)->73271K(73664K) NonClass: 58127K(58368K)->58127K(58368K) Class: 15143K(15296K)->15143K(15296K)
[52.883s][info][gc             ] GC(790) Pause Young (Allocation Failure) 186M->49M(494M) 8.494ms
[52.883s][info][gc,cpu         ] GC(790) User=0.00s Sys=0.00s Real=0.00s
[52.919s][info][gc,start       ] GC(791) Pause Young (Allocation Failure)
[52.927s][info][gc,heap        ] GC(791) DefNew: 141227K(157248K)->1421K(157248K) Eden: 139775K(139776K)->0K(139776K) From: 1451K(17472K)->1421K(17472K)
[52.927s][info][gc,heap        ] GC(791) Tenured: 49665K(349568K)->49666K(349568K)
[52.927s][info][gc,metaspace   ] GC(791) Metaspace: 73271K(73664K)->73271K(73664K) NonClass: 58127K(58368K)->58127K(58368K) Class: 15143K(15296K)->15143K(15296K)
[52.927s][info][gc             ] GC(791) Pause Young (Allocation Failure) 186M->49M(494M) 8.380ms
[52.927s][info][gc,cpu         ] GC(791) User=0.00s Sys=0.00s Real=0.00s
[52.962s][info][gc,start       ] GC(792) Pause Young (Allocation Failure)
[52.970s][info][gc,heap        ] GC(792) DefNew: 141197K(157248K)->1400K(157248K) Eden: 139775K(139776K)->0K(139776K) From: 1421K(17472K)->1400K(17472K)
[52.970s][info][gc,heap        ] GC(792) Tenured: 49666K(349568K)->49666K(349568K)
[52.970s][info][gc,metaspace   ] GC(792) Metaspace: 73271K(73664K)->73271K(73664K) NonClass: 58127K(58368K)->58127K(58368K) Class: 15143K(15296K)->15143K(15296K)
[52.970s][info][gc             ] GC(792) Pause Young (Allocation Failure) 186M->49M(494M) 8.277ms
[52.970s][info][gc,cpu         ] GC(792) User=0.00s Sys=0.00s Real=0.00s
[53.006s][info][gc,start       ] GC(793) Pause Young (Allocation Failure)
[53.014s][info][gc,heap        ] GC(793) DefNew: 141176K(157248K)->1376K(157248K) Eden: 139776K(139776K)->0K(139776K) From: 1400K(17472K)->1376K(17472K)
[53.014s][info][gc,heap        ] GC(793) Tenured: 49666K(349568K)->49666K(349568K)
[53.014s][info][gc,metaspace   ] GC(793) Metaspace: 73271K(73664K)->73271K(73664K) NonClass: 58127K(58368K)->58127K(58368K) Class: 15143K(15296K)->15143K(15296K)
[53.014s][info][gc             ] GC(793) Pause Young (Allocation Failure) 186M->49M(494M) 8.109ms
[53.014s][info][gc,cpu         ] GC(793) User=0.02s Sys=0.00s Real=0.01s
[53.049s][info][gc,start       ] GC(794) Pause Young (Allocation Failure)
[53.057s][info][gc,heap        ] GC(794) DefNew: 141152K(157248K)->1424K(157248K) Eden: 139776K(139776K)->0K(139776K) From: 1376K(17472K)->1424K(17472K)
[53.057s][info][gc,heap        ] GC(794) Tenured: 49666K(349568K)->49666K(349568K)
[53.057s][info][gc,metaspace   ] GC(794) Metaspace: 73271K(73664K)->73271K(73664K) NonClass: 58127K(58368K)->58127K(58368K) Class: 15143K(15296K)->15143K(15296K)
[53.057s][info][gc             ] GC(794) Pause Young (Allocation Failure) 186M->49M(494M) 8.321ms
[53.057s][info][gc,cpu         ] GC(794) User=0.00s Sys=0.00s Real=0.00s
[53.093s][info][gc,start       ] GC(795) Pause Young (Allocation Failure)
[53.100s][info][gc,heap        ] GC(795) DefNew: 141200K(157248K)->1362K(157248K) Eden: 139776K(139776K)->0K(139776K) From: 1424K(17472K)->1362K(17472K)
[53.100s][info][gc,heap        ] GC(795) Tenured: 49666K(349568K)->49667K(349568K)
[53.101s][info][gc,metaspace   ] GC(795) Metaspace: 73271K(73664K)->73271K(73664K) NonClass: 58127K(58368K)->58127K(58368K) Class: 15143K(15296K)->15143K(15296K)
[53.101s][info][gc             ] GC(795) Pause Young (Allocation Failure) 186M->49M(494M) 8.028ms
[53.101s][info][gc,cpu         ] GC(795) User=0.00s Sys=0.00s Real=0.00s
[53.136s][info][gc,start       ] GC(796) Pause Young (Allocation Failure)
[53.145s][info][gc,heap        ] GC(796) DefNew: 141138K(157248K)->1417K(157248K) Eden: 139776K(139776K)->0K(139776K) From: 1362K(17472K)->1417K(17472K)
[53.145s][info][gc,heap        ] GC(796) Tenured: 49667K(349568K)->49667K(349568K)
[53.145s][info][gc,metaspace   ] GC(796) Metaspace: 73271K(73664K)->73271K(73664K) NonClass: 58127K(58368K)->58127K(58368K) Class: 15143K(15296K)->15143K(15296K)
[53.145s][info][gc             ] GC(796) Pause Young (Allocation Failure) 186M->49M(494M) 9.159ms
[53.145s][info][gc,cpu         ] GC(796) User=0.00s Sys=0.00s Real=0.01s
[53.181s][info][gc,start       ] GC(797) Pause Young (Allocation Failure)
[53.190s][info][gc,heap        ] GC(797) DefNew: 141193K(157248K)->1418K(157248K) Eden: 139776K(139776K)->0K(139776K) From: 1417K(17472K)->1418K(17472K)
[53.190s][info][gc,heap        ] GC(797) Tenured: 49667K(349568K)->49668K(349568K)
[53.190s][info][gc,metaspace   ] GC(797) Metaspace: 73271K(73664K)->73271K(73664K) NonClass: 58127K(58368K)->58127K(58368K) Class: 15143K(15296K)->15143K(15296K)
[53.190s][info][gc             ] GC(797) Pause Young (Allocation Failure) 186M->49M(494M) 8.916ms
[53.190s][info][gc,cpu         ] GC(797) User=0.00s Sys=0.00s Real=0.00s
[53.226s][info][gc,start       ] GC(798) Pause Young (Allocation Failure)
[53.235s][info][gc,heap        ] GC(798) DefNew: 141194K(157248K)->1470K(157248K) Eden: 139776K(139776K)->0K(139776K) From: 1418K(17472K)->1470K(17472K)
[53.235s][info][gc,heap        ] GC(798) Tenured: 49668K(349568K)->49668K(349568K)
[53.235s][info][gc,metaspace   ] GC(798) Metaspace: 73287K(73664K)->73287K(73664K) NonClass: 58144K(58368K)->58144K(58368K) Class: 15143K(15296K)->15143K(15296K)
[53.235s][info][gc             ] GC(798) Pause Young (Allocation Failure) 186M->49M(494M) 8.786ms
[53.235s][info][gc,cpu         ] GC(798) User=0.00s Sys=0.00s Real=0.00s
[53.271s][info][gc,start       ] GC(799) Pause Young (Allocation Failure)
[53.280s][info][gc,heap        ] GC(799) DefNew: 141246K(157248K)->1473K(157248K) Eden: 139776K(139776K)->0K(139776K) From: 1470K(17472K)->1473K(17472K)
[53.280s][info][gc,heap        ] GC(799) Tenured: 49668K(349568K)->49668K(349568K)
[53.280s][info][gc,metaspace   ] GC(799) Metaspace: 73287K(73664K)->73287K(73664K) NonClass: 58144K(58368K)->58144K(58368K) Class: 15143K(15296K)->15143K(15296K)
[53.280s][info][gc             ] GC(799) Pause Young (Allocation Failure) 186M->49M(494M) 9.521ms
[53.280s][info][gc,cpu         ] GC(799) User=0.00s Sys=0.00s Real=0.00s
[53.316s][info][gc,start       ] GC(800) Pause Young (Allocation Failure)
[53.324s][info][gc,heap        ] GC(800) DefNew: 141249K(157248K)->1438K(157248K) Eden: 139776K(139776K)->0K(139776K) From: 1473K(17472K)->1438K(17472K)
[53.325s][info][gc,heap        ] GC(800) Tenured: 49668K(349568K)->49668K(349568K)
[53.325s][info][gc,metaspace   ] GC(800) Metaspace: 73289K(73664K)->73289K(73664K) NonClass: 58145K(58368K)->58145K(58368K) Class: 15143K(15296K)->15143K(15296K)
[53.325s][info][gc             ] GC(800) Pause Young (Allocation Failure) 186M->49M(494M) 9.014ms
[53.325s][info][gc,cpu         ] GC(800) User=0.00s Sys=0.00s Real=0.00s
[53.361s][info][gc,start       ] GC(801) Pause Young (Allocation Failure)
[53.369s][info][gc,heap        ] GC(801) DefNew: 141214K(157248K)->1396K(157248K) Eden: 139776K(139776K)->0K(139776K) From: 1438K(17472K)->1396K(17472K)
[53.369s][info][gc,heap        ] GC(801) Tenured: 49668K(349568K)->49668K(349568K)
[53.369s][info][gc,metaspace   ] GC(801) Metaspace: 73289K(73664K)->73289K(73664K) NonClass: 58146K(58368K)->58146K(58368K) Class: 15143K(15296K)->15143K(15296K)
[53.369s][info][gc             ] GC(801) Pause Young (Allocation Failure) 186M->49M(494M) 8.496ms
[53.369s][info][gc,cpu         ] GC(801) User=0.00s Sys=0.00s Real=0.00s
[53.404s][info][gc,start       ] GC(802) Pause Young (Allocation Failure)
[53.413s][info][gc,heap        ] GC(802) DefNew: 141172K(157248K)->1479K(157248K) Eden: 139776K(139776K)->0K(139776K) From: 1396K(17472K)->1479K(17472K)
[53.413s][info][gc,heap        ] GC(802) Tenured: 49668K(349568K)->49668K(349568K)
[53.413s][info][gc,metaspace   ] GC(802) Metaspace: 73289K(73664K)->73289K(73664K) NonClass: 58146K(58368K)->58146K(58368K) Class: 15143K(15296K)->15143K(15296K)
[53.413s][info][gc             ] GC(802) Pause Young (Allocation Failure) 186M->49M(494M) 8.566ms
[53.413s][info][gc,cpu         ] GC(802) User=0.00s Sys=0.00s Real=0.00s
[53.448s][info][gc,start       ] GC(803) Pause Young (Allocation Failure)
[53.457s][info][gc,heap        ] GC(803) DefNew: 141255K(157248K)->1441K(157248K) Eden: 139776K(139776K)->0K(139776K) From: 1479K(17472K)->1441K(17472K)
[53.457s][info][gc,heap        ] GC(803) Tenured: 49668K(349568K)->49668K(349568K)
[53.457s][info][gc,metaspace   ] GC(803) Metaspace: 73289K(73664K)->73289K(73664K) NonClass: 58146K(58368K)->58146K(58368K) Class: 15143K(15296K)->15143K(15296K)
[53.457s][info][gc             ] GC(803) Pause Young (Allocation Failure) 186M->49M(494M) 8.582ms
[53.457s][info][gc,cpu         ] GC(803) User=0.00s Sys=0.00s Real=0.00s
[53.492s][info][gc,start       ] GC(804) Pause Young (Allocation Failure)
[53.501s][info][gc,heap        ] GC(804) DefNew: 141217K(157248K)->1447K(157248K) Eden: 139776K(139776K)->0K(139776K) From: 1441K(17472K)->1447K(17472K)
[53.501s][info][gc,heap        ] GC(804) Tenured: 49668K(349568K)->49668K(349568K)
[53.501s][info][gc,metaspace   ] GC(804) Metaspace: 73289K(73664K)->73289K(73664K) NonClass: 58146K(58368K)->58146K(58368K) Class: 15143K(15296K)->15143K(15296K)
[53.501s][info][gc             ] GC(804) Pause Young (Allocation Failure) 186M->49M(494M) 8.392ms
[53.501s][info][gc,cpu         ] GC(804) User=0.00s Sys=0.00s Real=0.00s
[53.536s][info][gc,start       ] GC(805) Pause Young (Allocation Failure)
[53.545s][info][gc,heap        ] GC(805) DefNew: 141223K(157248K)->1482K(157248K) Eden: 139776K(139776K)->0K(139776K) From: 1447K(17472K)->1482K(17472K)
[53.545s][info][gc,heap        ] GC(805) Tenured: 49668K(349568K)->49668K(349568K)
[53.545s][info][gc,metaspace   ] GC(805) Metaspace: 73289K(73664K)->73289K(73664K) NonClass: 58146K(58368K)->58146K(58368K) Class: 15143K(15296K)->15143K(15296K)
[53.545s][info][gc             ] GC(805) Pause Young (Allocation Failure) 186M->49M(494M) 8.611ms
[53.545s][info][gc,cpu         ] GC(805) User=0.00s Sys=0.00s Real=0.00s
[53.580s][info][gc,start       ] GC(806) Pause Young (Allocation Failure)
[53.589s][info][gc,heap        ] GC(806) DefNew: 141258K(157248K)->1423K(157248K) Eden: 139776K(139776K)->0K(139776K) From: 1482K(17472K)->1423K(17472K)
[53.589s][info][gc,heap        ] GC(806) Tenured: 49668K(349568K)->49668K(349568K)
[53.589s][info][gc,metaspace   ] GC(806) Metaspace: 73289K(73664K)->73289K(73664K) NonClass: 58146K(58368K)->58146K(58368K) Class: 15143K(15296K)->15143K(15296K)
[53.589s][info][gc             ] GC(806) Pause Young (Allocation Failure) 186M->49M(494M) 8.416ms
[53.589s][info][gc,cpu         ] GC(806) User=0.00s Sys=0.00s Real=0.00s
[53.624s][info][gc,start       ] GC(807) Pause Young (Allocation Failure)
[53.633s][info][gc,heap        ] GC(807) DefNew: 141199K(157248K)->1467K(157248K) Eden: 139776K(139776K)->0K(139776K) From: 1423K(17472K)->1467K(17472K)
[53.633s][info][gc,heap        ] GC(807) Tenured: 49668K(349568K)->49668K(349568K)
[53.633s][info][gc,metaspace   ] GC(807) Metaspace: 73289K(73664K)->73289K(73664K) NonClass: 58146K(58368K)->58146K(58368K) Class: 15143K(15296K)->15143K(15296K)
[53.633s][info][gc             ] GC(807) Pause Young (Allocation Failure) 186M->49M(494M) 8.868ms
[53.633s][info][gc,cpu         ] GC(807) User=0.00s Sys=0.00s Real=0.00s
[53.668s][info][gc,start       ] GC(808) Pause Young (Allocation Failure)
[53.677s][info][gc,heap        ] GC(808) DefNew: 141243K(157248K)->1408K(157248K) Eden: 139776K(139776K)->0K(139776K) From: 1467K(17472K)->1408K(17472K)
[53.677s][info][gc,heap        ] GC(808) Tenured: 49668K(349568K)->49669K(349568K)
[53.677s][info][gc,metaspace   ] GC(808) Metaspace: 73289K(73664K)->73289K(73664K) NonClass: 58146K(58368K)->58146K(58368K) Class: 15143K(15296K)->15143K(15296K)
[53.677s][info][gc             ] GC(808) Pause Young (Allocation Failure) 186M->49M(494M) 8.432ms
[53.677s][info][gc,cpu         ] GC(808) User=0.00s Sys=0.00s Real=0.00s
[53.712s][info][gc,start       ] GC(809) Pause Young (Allocation Failure)
[53.721s][info][gc,heap        ] GC(809) DefNew: 141184K(157248K)->1505K(157248K) Eden: 139776K(139776K)->0K(139776K) From: 1408K(17472K)->1505K(17472K)
[53.721s][info][gc,heap        ] GC(809) Tenured: 49669K(349568K)->49669K(349568K)
[53.721s][info][gc,metaspace   ] GC(809) Metaspace: 73289K(73664K)->73289K(73664K) NonClass: 58146K(58368K)->58146K(58368K) Class: 15143K(15296K)->15143K(15296K)
[53.721s][info][gc             ] GC(809) Pause Young (Allocation Failure) 186M->49M(494M) 8.659ms
[53.721s][info][gc,cpu         ] GC(809) User=0.00s Sys=0.00s Real=0.00s
[53.757s][info][gc,start       ] GC(810) Pause Young (Allocation Failure)
[53.765s][info][gc,heap        ] GC(810) DefNew: 141281K(157248K)->1458K(157248K) Eden: 139776K(139776K)->0K(139776K) From: 1505K(17472K)->1458K(17472K)
[53.765s][info][gc,heap        ] GC(810) Tenured: 49669K(349568K)->49669K(349568K)
[53.765s][info][gc,metaspace   ] GC(810) Metaspace: 73289K(73664K)->73289K(73664K) NonClass: 58146K(58368K)->58146K(58368K) Class: 15143K(15296K)->15143K(15296K)
[53.765s][info][gc             ] GC(810) Pause Young (Allocation Failure) 186M->49M(494M) 8.564ms
[53.765s][info][gc,cpu         ] GC(810) User=0.00s Sys=0.00s Real=0.00s
[53.800s][info][gc,start       ] GC(811) Pause Young (Allocation Failure)
[53.809s][info][gc,heap        ] GC(811) DefNew: 141234K(157248K)->1414K(157248K) Eden: 139776K(139776K)->0K(139776K) From: 1458K(17472K)->1414K(17472K)
[53.809s][info][gc,heap        ] GC(811) Tenured: 49669K(349568K)->49669K(349568K)
[53.809s][info][gc,metaspace   ] GC(811) Metaspace: 73289K(73664K)->73289K(73664K) NonClass: 58146K(58368K)->58146K(58368K) Class: 15143K(15296K)->15143K(15296K)
[53.809s][info][gc             ] GC(811) Pause Young (Allocation Failure) 186M->49M(494M) 8.344ms
[53.809s][info][gc,cpu         ] GC(811) User=0.00s Sys=0.00s Real=0.00s
[53.844s][info][gc,start       ] GC(812) Pause Young (Allocation Failure)
[53.853s][info][gc,heap        ] GC(812) DefNew: 141190K(157248K)->1462K(157248K) Eden: 139776K(139776K)->0K(139776K) From: 1414K(17472K)->1462K(17472K)
[53.853s][info][gc,heap        ] GC(812) Tenured: 49669K(349568K)->49670K(349568K)
[53.853s][info][gc,metaspace   ] GC(812) Metaspace: 73289K(73664K)->73289K(73664K) NonClass: 58146K(58368K)->58146K(58368K) Class: 15143K(15296K)->15143K(15296K)
[53.853s][info][gc             ] GC(812) Pause Young (Allocation Failure) 186M->49M(494M) 9.419ms
[53.853s][info][gc,cpu         ] GC(812) User=0.02s Sys=0.00s Real=0.01s
[53.889s][info][gc,start       ] GC(813) Pause Young (Allocation Failure)
[53.898s][info][gc,heap        ] GC(813) DefNew: 141238K(157248K)->1382K(157248K) Eden: 139776K(139776K)->0K(139776K) From: 1462K(17472K)->1382K(17472K)
[53.898s][info][gc,heap        ] GC(813) Tenured: 49670K(349568K)->49717K(349568K)
[53.898s][info][gc,metaspace   ] GC(813) Metaspace: 73289K(73664K)->73289K(73664K) NonClass: 58146K(58368K)->58146K(58368K) Class: 15143K(15296K)->15143K(15296K)
[53.898s][info][gc             ] GC(813) Pause Young (Allocation Failure) 186M->49M(494M) 9.209ms
[53.898s][info][gc,cpu         ] GC(813) User=0.00s Sys=0.00s Real=0.00s
[53.934s][info][gc,start       ] GC(814) Pause Young (Allocation Failure)
[53.942s][info][gc,heap        ] GC(814) DefNew: 141158K(157248K)->1369K(157248K) Eden: 139776K(139776K)->0K(139776K) From: 1382K(17472K)->1369K(17472K)
[53.942s][info][gc,heap        ] GC(814) Tenured: 49717K(349568K)->49717K(349568K)
[53.942s][info][gc,metaspace   ] GC(814) Metaspace: 73289K(73664K)->73289K(73664K) NonClass: 58146K(58368K)->58146K(58368K) Class: 15143K(15296K)->15143K(15296K)
[53.942s][info][gc             ] GC(814) Pause Young (Allocation Failure) 186M->49M(494M) 8.607ms
[53.942s][info][gc,cpu         ] GC(814) User=0.00s Sys=0.00s Real=0.00s
[53.978s][info][gc,start       ] GC(815) Pause Young (Allocation Failure)
[53.986s][info][gc,heap        ] GC(815) DefNew: 141145K(157248K)->1424K(157248K) Eden: 139776K(139776K)->0K(139776K) From: 1369K(17472K)->1424K(17472K)
[53.986s][info][gc,heap        ] GC(815) Tenured: 49717K(349568K)->49718K(349568K)
[53.986s][info][gc,metaspace   ] GC(815) Metaspace: 73289K(73664K)->73289K(73664K) NonClass: 58146K(58368K)->58146K(58368K) Class: 15143K(15296K)->15143K(15296K)
[53.986s][info][gc             ] GC(815) Pause Young (Allocation Failure) 186M->49M(494M) 8.407ms
[53.986s][info][gc,cpu         ] GC(815) User=0.00s Sys=0.00s Real=0.00s
[54.021s][info][gc,start       ] GC(816) Pause Young (Allocation Failure)
[54.030s][info][gc,heap        ] GC(816) DefNew: 141200K(157248K)->1370K(157248K) Eden: 139776K(139776K)->0K(139776K) From: 1424K(17472K)->1370K(17472K)
[54.030s][info][gc,heap        ] GC(816) Tenured: 49718K(349568K)->49736K(349568K)
[54.030s][info][gc,metaspace   ] GC(816) Metaspace: 73289K(73664K)->73289K(73664K) NonClass: 58146K(58368K)->58146K(58368K) Class: 15143K(15296K)->15143K(15296K)
[54.030s][info][gc             ] GC(816) Pause Young (Allocation Failure) 186M->49M(494M) 8.930ms
[54.030s][info][gc,cpu         ] GC(816) User=0.00s Sys=0.00s Real=0.00s
[54.066s][info][gc,start       ] GC(817) Pause Young (Allocation Failure)
[54.075s][info][gc,heap        ] GC(817) DefNew: 141146K(157248K)->1429K(157248K) Eden: 139776K(139776K)->0K(139776K) From: 1370K(17472K)->1429K(17472K)
[54.075s][info][gc,heap        ] GC(817) Tenured: 49736K(349568K)->49736K(349568K)
[54.075s][info][gc,metaspace   ] GC(817) Metaspace: 73289K(73664K)->73289K(73664K) NonClass: 58146K(58368K)->58146K(58368K) Class: 15143K(15296K)->15143K(15296K)
[54.075s][info][gc             ] GC(817) Pause Young (Allocation Failure) 186M->49M(494M) 9.268ms
[54.075s][info][gc,cpu         ] GC(817) User=0.00s Sys=0.00s Real=0.00s
[54.111s][info][gc,start       ] GC(818) Pause Young (Allocation Failure)
[54.120s][info][gc,heap        ] GC(818) DefNew: 141205K(157248K)->1422K(157248K) Eden: 139776K(139776K)->0K(139776K) From: 1429K(17472K)->1422K(17472K)
[54.120s][info][gc,heap        ] GC(818) Tenured: 49736K(349568K)->49736K(349568K)
[54.120s][info][gc,metaspace   ] GC(818) Metaspace: 73292K(73664K)->73292K(73664K) NonClass: 58148K(58368K)->58148K(58368K) Class: 15143K(15296K)->15143K(15296K)
[54.120s][info][gc             ] GC(818) Pause Young (Allocation Failure) 186M->49M(494M) 9.108ms
[54.120s][info][gc,cpu         ] GC(818) User=0.02s Sys=0.00s Real=0.01s
[54.156s][info][gc,start       ] GC(819) Pause Young (Allocation Failure)
[54.164s][info][gc,heap        ] GC(819) DefNew: 141198K(157248K)->1409K(157248K) Eden: 139776K(139776K)->0K(139776K) From: 1422K(17472K)->1409K(17472K)
[54.164s][info][gc,heap        ] GC(819) Tenured: 49736K(349568K)->49736K(349568K)
[54.164s][info][gc,metaspace   ] GC(819) Metaspace: 73293K(73664K)->73293K(73664K) NonClass: 58149K(58368K)->58149K(58368K) Class: 15143K(15296K)->15143K(15296K)
[54.164s][info][gc             ] GC(819) Pause Young (Allocation Failure) 186M->49M(494M) 8.305ms
[54.164s][info][gc,cpu         ] GC(819) User=0.02s Sys=0.00s Real=0.01s
[54.200s][info][gc,start       ] GC(820) Pause Young (Allocation Failure)
[54.208s][info][gc,heap        ] GC(820) DefNew: 141185K(157248K)->1410K(157248K) Eden: 139776K(139776K)->0K(139776K) From: 1409K(17472K)->1410K(17472K)
[54.208s][info][gc,heap        ] GC(820) Tenured: 49736K(349568K)->49736K(349568K)
[54.208s][info][gc,metaspace   ] GC(820) Metaspace: 73293K(73664K)->73293K(73664K) NonClass: 58149K(58368K)->58149K(58368K) Class: 15143K(15296K)->15143K(15296K)
[54.208s][info][gc             ] GC(820) Pause Young (Allocation Failure) 186M->49M(494M) 8.416ms
[54.208s][info][gc,cpu         ] GC(820) User=0.00s Sys=0.00s Real=0.00s
[54.244s][info][gc,start       ] GC(821) Pause Young (Allocation Failure)
[54.252s][info][gc,heap        ] GC(821) DefNew: 141186K(157248K)->1388K(157248K) Eden: 139776K(139776K)->0K(139776K) From: 1410K(17472K)->1388K(17472K)
[54.252s][info][gc,heap        ] GC(821) Tenured: 49736K(349568K)->49736K(349568K)
[54.252s][info][gc,metaspace   ] GC(821) Metaspace: 73294K(73664K)->73294K(73664K) NonClass: 58150K(58368K)->58150K(58368K) Class: 15143K(15296K)->15143K(15296K)
[54.252s][info][gc             ] GC(821) Pause Young (Allocation Failure) 186M->49M(494M) 8.258ms
[54.252s][info][gc,cpu         ] GC(821) User=0.00s Sys=0.00s Real=0.01s
[54.288s][info][gc,start       ] GC(822) Pause Young (Allocation Failure)
[54.296s][info][gc,heap        ] GC(822) DefNew: 141164K(157248K)->1397K(157248K) Eden: 139776K(139776K)->0K(139776K) From: 1388K(17472K)->1397K(17472K)
[54.296s][info][gc,heap        ] GC(822) Tenured: 49736K(349568K)->49736K(349568K)
[54.296s][info][gc,metaspace   ] GC(822) Metaspace: 73294K(73664K)->73294K(73664K) NonClass: 58150K(58368K)->58150K(58368K) Class: 15143K(15296K)->15143K(15296K)
[54.296s][info][gc             ] GC(822) Pause Young (Allocation Failure) 186M->49M(494M) 8.041ms
[54.296s][info][gc,cpu         ] GC(822) User=0.00s Sys=0.00s Real=0.00s
[54.331s][info][gc,start       ] GC(823) Pause Young (Allocation Failure)
[54.341s][info][gc,heap        ] GC(823) DefNew: 141173K(157248K)->1447K(157248K) Eden: 139776K(139776K)->0K(139776K) From: 1397K(17472K)->1447K(17472K)
[54.341s][info][gc,heap        ] GC(823) Tenured: 49736K(349568K)->49736K(349568K)
[54.341s][info][gc,metaspace   ] GC(823) Metaspace: 73294K(73664K)->73294K(73664K) NonClass: 58150K(58368K)->58150K(58368K) Class: 15143K(15296K)->15143K(15296K)
[54.341s][info][gc             ] GC(823) Pause Young (Allocation Failure) 186M->49M(494M) 9.438ms
[54.341s][info][gc,cpu         ] GC(823) User=0.00s Sys=0.00s Real=0.00s
[54.378s][info][gc,start       ] GC(824) Pause Young (Allocation Failure)
[54.386s][info][gc,heap        ] GC(824) DefNew: 141223K(157248K)->1410K(157248K) Eden: 139776K(139776K)->0K(139776K) From: 1447K(17472K)->1410K(17472K)
[54.386s][info][gc,heap        ] GC(824) Tenured: 49736K(349568K)->49737K(349568K)
[54.386s][info][gc,metaspace   ] GC(824) Metaspace: 73294K(73664K)->73294K(73664K) NonClass: 58150K(58368K)->58150K(58368K) Class: 15143K(15296K)->15143K(15296K)
[54.386s][info][gc             ] GC(824) Pause Young (Allocation Failure) 186M->49M(494M) 8.744ms
[54.386s][info][gc,cpu         ] GC(824) User=0.00s Sys=0.00s Real=0.00s
[54.422s][info][gc,start       ] GC(825) Pause Young (Allocation Failure)
[54.431s][info][gc,heap        ] GC(825) DefNew: 141186K(157248K)->1469K(157248K) Eden: 139776K(139776K)->0K(139776K) From: 1410K(17472K)->1469K(17472K)
[54.431s][info][gc,heap        ] GC(825) Tenured: 49737K(349568K)->49738K(349568K)
[54.431s][info][gc,metaspace   ] GC(825) Metaspace: 73294K(73664K)->73294K(73664K) NonClass: 58150K(58368K)->58150K(58368K) Class: 15143K(15296K)->15143K(15296K)
[54.431s][info][gc             ] GC(825) Pause Young (Allocation Failure) 186M->50M(494M) 8.283ms
[54.431s][info][gc,cpu         ] GC(825) User=0.00s Sys=0.00s Real=0.00s
[54.467s][info][gc,start       ] GC(826) Pause Young (Allocation Failure)
[54.474s][info][gc,heap        ] GC(826) DefNew: 141245K(157248K)->1425K(157248K) Eden: 139776K(139776K)->0K(139776K) From: 1469K(17472K)->1425K(17472K)
[54.475s][info][gc,heap        ] GC(826) Tenured: 49738K(349568K)->49738K(349568K)
[54.475s][info][gc,metaspace   ] GC(826) Metaspace: 73294K(73664K)->73294K(73664K) NonClass: 58150K(58368K)->58150K(58368K) Class: 15143K(15296K)->15143K(15296K)
[54.475s][info][gc             ] GC(826) Pause Young (Allocation Failure) 186M->49M(494M) 8.167ms
[54.475s][info][gc,cpu         ] GC(826) User=0.00s Sys=0.00s Real=0.00s
[54.511s][info][gc,start       ] GC(827) Pause Young (Allocation Failure)
[54.519s][info][gc,heap        ] GC(827) DefNew: 141201K(157248K)->1506K(157248K) Eden: 139776K(139776K)->0K(139776K) From: 1425K(17472K)->1506K(17472K)
[54.519s][info][gc,heap        ] GC(827) Tenured: 49738K(349568K)->49739K(349568K)
[54.519s][info][gc,metaspace   ] GC(827) Metaspace: 73294K(73664K)->73294K(73664K) NonClass: 58150K(58368K)->58150K(58368K) Class: 15143K(15296K)->15143K(15296K)
[54.519s][info][gc             ] GC(827) Pause Young (Allocation Failure) 186M->50M(494M) 8.137ms
[54.519s][info][gc,cpu         ] GC(827) User=0.00s Sys=0.00s Real=0.00s
[54.555s][info][gc,start       ] GC(828) Pause Young (Allocation Failure)
[54.563s][info][gc,heap        ] GC(828) DefNew: 141282K(157248K)->1432K(157248K) Eden: 139776K(139776K)->0K(139776K) From: 1506K(17472K)->1432K(17472K)
[54.563s][info][gc,heap        ] GC(828) Tenured: 49739K(349568K)->49739K(349568K)
[54.563s][info][gc,metaspace   ] GC(828) Metaspace: 73294K(73664K)->73294K(73664K) NonClass: 58150K(58368K)->58150K(58368K) Class: 15143K(15296K)->15143K(15296K)
[54.563s][info][gc             ] GC(828) Pause Young (Allocation Failure) 186M->49M(494M) 8.486ms
[54.563s][info][gc,cpu         ] GC(828) User=0.00s Sys=0.00s Real=0.00s
[54.600s][info][gc,start       ] GC(829) Pause Young (Allocation Failure)
[54.608s][info][gc,heap        ] GC(829) DefNew: 141208K(157248K)->1409K(157248K) Eden: 139776K(139776K)->0K(139776K) From: 1432K(17472K)->1409K(17472K)
[54.608s][info][gc,heap        ] GC(829) Tenured: 49739K(349568K)->49740K(349568K)
[54.608s][info][gc,metaspace   ] GC(829) Metaspace: 73294K(73664K)->73294K(73664K) NonClass: 58150K(58368K)->58150K(58368K) Class: 15143K(15296K)->15143K(15296K)
[54.608s][info][gc             ] GC(829) Pause Young (Allocation Failure) 186M->49M(494M) 8.305ms
[54.608s][info][gc,cpu         ] GC(829) User=0.02s Sys=0.00s Real=0.00s
[54.645s][info][gc,start       ] GC(830) Pause Young (Allocation Failure)
[54.652s][info][gc,heap        ] GC(830) DefNew: 141185K(157248K)->1462K(157248K) Eden: 139776K(139776K)->0K(139776K) From: 1409K(17472K)->1462K(17472K)
[54.653s][info][gc,heap        ] GC(830) Tenured: 49740K(349568K)->49741K(349568K)
[54.653s][info][gc,metaspace   ] GC(830) Metaspace: 73294K(73664K)->73294K(73664K) NonClass: 58150K(58368K)->58150K(58368K) Class: 15143K(15296K)->15143K(15296K)
[54.653s][info][gc             ] GC(830) Pause Young (Allocation Failure) 186M->50M(494M) 7.986ms
[54.653s][info][gc,cpu         ] GC(830) User=0.00s Sys=0.00s Real=0.00s
[54.689s][info][gc,start       ] GC(831) Pause Young (Allocation Failure)
[54.698s][info][gc,heap        ] GC(831) DefNew: 141238K(157248K)->1440K(157248K) Eden: 139776K(139776K)->0K(139776K) From: 1462K(17472K)->1440K(17472K)
[54.698s][info][gc,heap        ] GC(831) Tenured: 49741K(349568K)->49741K(349568K)
[54.698s][info][gc,metaspace   ] GC(831) Metaspace: 73294K(73664K)->73294K(73664K) NonClass: 58150K(58368K)->58150K(58368K) Class: 15143K(15296K)->15143K(15296K)
[54.698s][info][gc             ] GC(831) Pause Young (Allocation Failure) 186M->49M(494M) 8.465ms
[54.698s][info][gc,cpu         ] GC(831) User=0.00s Sys=0.00s Real=0.00s
[54.735s][info][gc,start       ] GC(832) Pause Young (Allocation Failure)
[54.743s][info][gc,heap        ] GC(832) DefNew: 141216K(157248K)->1407K(157248K) Eden: 139776K(139776K)->0K(139776K) From: 1440K(17472K)->1407K(17472K)
[54.743s][info][gc,heap        ] GC(832) Tenured: 49741K(349568K)->49742K(349568K)
[54.743s][info][gc,metaspace   ] GC(832) Metaspace: 73294K(73664K)->73294K(73664K) NonClass: 58150K(58368K)->58150K(58368K) Class: 15143K(15296K)->15143K(15296K)
[54.743s][info][gc             ] GC(832) Pause Young (Allocation Failure) 186M->49M(494M) 8.226ms
[54.743s][info][gc,cpu         ] GC(832) User=0.00s Sys=0.00s Real=0.00s
[54.781s][info][gc,start       ] GC(833) Pause Young (Allocation Failure)
[54.789s][info][gc,heap        ] GC(833) DefNew: 141183K(157248K)->1404K(157248K) Eden: 139776K(139776K)->0K(139776K) From: 1407K(17472K)->1404K(17472K)
[54.789s][info][gc,heap        ] GC(833) Tenured: 49742K(349568K)->49772K(349568K)
[54.789s][info][gc,metaspace   ] GC(833) Metaspace: 73294K(73664K)->73294K(73664K) NonClass: 58150K(58368K)->58150K(58368K) Class: 15143K(15296K)->15143K(15296K)
[54.789s][info][gc             ] GC(833) Pause Young (Allocation Failure) 186M->49M(494M) 8.021ms
[54.789s][info][gc,cpu         ] GC(833) User=0.00s Sys=0.00s Real=0.00s
[54.827s][info][gc,start       ] GC(834) Pause Young (Allocation Failure)
[54.836s][info][gc,heap        ] GC(834) DefNew: 141180K(157248K)->1446K(157248K) Eden: 139776K(139776K)->0K(139776K) From: 1404K(17472K)->1446K(17472K)
[54.836s][info][gc,heap        ] GC(834) Tenured: 49772K(349568K)->49772K(349568K)
[54.836s][info][gc,metaspace   ] GC(834) Metaspace: 73294K(73664K)->73294K(73664K) NonClass: 58150K(58368K)->58150K(58368K) Class: 15143K(15296K)->15143K(15296K)
[54.836s][info][gc             ] GC(834) Pause Young (Allocation Failure) 186M->50M(494M) 8.397ms
[54.836s][info][gc,cpu         ] GC(834) User=0.00s Sys=0.00s Real=0.00s
[54.875s][info][gc,start       ] GC(835) Pause Young (Allocation Failure)
[54.882s][info][gc,heap        ] GC(835) DefNew: 141222K(157248K)->1398K(157248K) Eden: 139776K(139776K)->0K(139776K) From: 1446K(17472K)->1398K(17472K)
[54.883s][info][gc,heap        ] GC(835) Tenured: 49772K(349568K)->49816K(349568K)
[54.883s][info][gc,metaspace   ] GC(835) Metaspace: 73294K(73664K)->73294K(73664K) NonClass: 58150K(58368K)->58150K(58368K) Class: 15143K(15296K)->15143K(15296K)
[54.883s][info][gc             ] GC(835) Pause Young (Allocation Failure) 186M->50M(494M) 8.006ms
[54.883s][info][gc,cpu         ] GC(835) User=0.00s Sys=0.00s Real=0.00s
[54.924s][info][gc,start       ] GC(836) Pause Young (Allocation Failure)
[54.930s][info][gc,heap        ] GC(836) DefNew: 141174K(157248K)->1290K(157248K) Eden: 139776K(139776K)->0K(139776K) From: 1398K(17472K)->1290K(17472K)
[54.930s][info][gc,heap        ] GC(836) Tenured: 49816K(349568K)->49828K(349568K)
[54.930s][info][gc,metaspace   ] GC(836) Metaspace: 73294K(73664K)->73294K(73664K) NonClass: 58150K(58368K)->58150K(58368K) Class: 15143K(15296K)->15143K(15296K)
[54.930s][info][gc             ] GC(836) Pause Young (Allocation Failure) 186M->49M(494M) 6.740ms
[54.930s][info][gc,cpu         ] GC(836) User=0.00s Sys=0.00s Real=0.00s
[54.973s][info][gc,start       ] GC(837) Pause Young (Allocation Failure)
[54.979s][info][gc,heap        ] GC(837) DefNew: 141066K(157248K)->1388K(157248K) Eden: 139776K(139776K)->0K(139776K) From: 1290K(17472K)->1388K(17472K)
[54.979s][info][gc,heap        ] GC(837) Tenured: 49828K(349568K)->49828K(349568K)
[54.979s][info][gc,metaspace   ] GC(837) Metaspace: 73294K(73664K)->73294K(73664K) NonClass: 58150K(58368K)->58150K(58368K) Class: 15143K(15296K)->15143K(15296K)
[54.980s][info][gc             ] GC(837) Pause Young (Allocation Failure) 186M->50M(494M) 6.793ms
[54.980s][info][gc,cpu         ] GC(837) User=0.00s Sys=0.00s Real=0.00s
[55.024s][info][gc,start       ] GC(838) Pause Young (Allocation Failure)
[55.030s][info][gc,heap        ] GC(838) DefNew: 141164K(157248K)->1227K(157248K) Eden: 139776K(139776K)->0K(139776K) From: 1388K(17472K)->1227K(17472K)
[55.030s][info][gc,heap        ] GC(838) Tenured: 49828K(349568K)->49887K(349568K)
[55.030s][info][gc,metaspace   ] GC(838) Metaspace: 73294K(73664K)->73294K(73664K) NonClass: 58150K(58368K)->58150K(58368K) Class: 15143K(15296K)->15143K(15296K)
[55.030s][info][gc             ] GC(838) Pause Young (Allocation Failure) 186M->49M(494M) 6.033ms
[55.030s][info][gc,cpu         ] GC(838) User=0.00s Sys=0.00s Real=0.00s
[55.073s][info][gc,start       ] GC(839) Pause Young (Allocation Failure)
[55.080s][info][gc,heap        ] GC(839) DefNew: 141003K(157248K)->1178K(157248K) Eden: 139776K(139776K)->0K(139776K) From: 1227K(17472K)->1178K(17472K)
[55.080s][info][gc,heap        ] GC(839) Tenured: 49887K(349568K)->49931K(349568K)
[55.080s][info][gc,metaspace   ] GC(839) Metaspace: 73294K(73664K)->73294K(73664K) NonClass: 58150K(58368K)->58150K(58368K) Class: 15143K(15296K)->15143K(15296K)
[55.080s][info][gc             ] GC(839) Pause Young (Allocation Failure) 186M->49M(494M) 7.075ms
[55.080s][info][gc,cpu         ] GC(839) User=0.02s Sys=0.00s Real=0.02s
[55.124s][info][gc,start       ] GC(840) Pause Young (Allocation Failure)
[55.131s][info][gc,heap        ] GC(840) DefNew: 140954K(157248K)->1144K(157248K) Eden: 139776K(139776K)->0K(139776K) From: 1178K(17472K)->1144K(17472K)
[55.131s][info][gc,heap        ] GC(840) Tenured: 49931K(349568K)->49957K(349568K)
[55.131s][info][gc,metaspace   ] GC(840) Metaspace: 73294K(73664K)->73294K(73664K) NonClass: 58150K(58368K)->58150K(58368K) Class: 15143K(15296K)->15143K(15296K)
[55.131s][info][gc             ] GC(840) Pause Young (Allocation Failure) 186M->49M(494M) 7.003ms
[55.131s][info][gc,cpu         ] GC(840) User=0.00s Sys=0.00s Real=0.00s
[55.178s][info][gc,start       ] GC(841) Pause Young (Allocation Failure)
[55.185s][info][gc,heap        ] GC(841) DefNew: 140920K(157248K)->1179K(157248K) Eden: 139776K(139776K)->0K(139776K) From: 1144K(17472K)->1179K(17472K)
[55.185s][info][gc,heap        ] GC(841) Tenured: 49957K(349568K)->50008K(349568K)
[55.185s][info][gc,metaspace   ] GC(841) Metaspace: 73294K(73664K)->73294K(73664K) NonClass: 58150K(58368K)->58150K(58368K) Class: 15143K(15296K)->15143K(15296K)
[55.185s][info][gc             ] GC(841) Pause Young (Allocation Failure) 186M->49M(494M) 7.610ms
[55.185s][info][gc,cpu         ] GC(841) User=0.00s Sys=0.00s Real=0.00s
[55.241s][info][gc,start       ] GC(842) Pause Young (Allocation Failure)
[55.247s][info][gc,heap        ] GC(842) DefNew: 140955K(157248K)->1124K(157248K) Eden: 139776K(139776K)->0K(139776K) From: 1179K(17472K)->1124K(17472K)
[55.247s][info][gc,heap        ] GC(842) Tenured: 50008K(349568K)->50008K(349568K)
[55.247s][info][gc,metaspace   ] GC(842) Metaspace: 73294K(73664K)->73294K(73664K) NonClass: 58150K(58368K)->58150K(58368K) Class: 15143K(15296K)->15143K(15296K)
[55.247s][info][gc             ] GC(842) Pause Young (Allocation Failure) 186M->49M(494M) 5.943ms
[55.247s][info][gc,cpu         ] GC(842) User=0.00s Sys=0.00s Real=0.00s
[55.305s][info][gc,start       ] GC(843) Pause Young (Allocation Failure)
[55.309s][info][gc,heap        ] GC(843) DefNew: 140900K(157248K)->1101K(157248K) Eden: 139776K(139776K)->0K(139776K) From: 1124K(17472K)->1101K(17472K)
[55.310s][info][gc,heap        ] GC(843) Tenured: 50008K(349568K)->50016K(349568K)
[55.310s][info][gc,metaspace   ] GC(843) Metaspace: 73294K(73664K)->73294K(73664K) NonClass: 58150K(58368K)->58150K(58368K) Class: 15143K(15296K)->15143K(15296K)
[55.310s][info][gc             ] GC(843) Pause Young (Allocation Failure) 186M->49M(494M) 4.845ms
[55.310s][info][gc,cpu         ] GC(843) User=0.00s Sys=0.00s Real=0.00s
[55.375s][info][gc,start       ] GC(844) Pause Young (Allocation Failure)
[55.402s][info][gc,heap        ] GC(844) DefNew: 140877K(157248K)->1062K(157248K) Eden: 139776K(139776K)->0K(139776K) From: 1101K(17472K)->1062K(17472K)
[55.402s][info][gc,heap        ] GC(844) Tenured: 50016K(349568K)->50035K(349568K)
[55.402s][info][gc,metaspace   ] GC(844) Metaspace: 73294K(73664K)->73294K(73664K) NonClass: 58150K(58368K)->58150K(58368K) Class: 15143K(15296K)->15143K(15296K)
[55.402s][info][gc             ] GC(844) Pause Young (Allocation Failure) 186M->49M(494M) 26.830ms
[55.402s][info][gc,cpu         ] GC(844) User=0.00s Sys=0.00s Real=0.02s
[55.492s][info][gc,start       ] GC(845) Pause Young (Allocation Failure)
[55.496s][info][gc,heap        ] GC(845) DefNew: 140838K(157248K)->963K(157248K) Eden: 139776K(139776K)->0K(139776K) From: 1062K(17472K)->963K(17472K)
[55.496s][info][gc,heap        ] GC(845) Tenured: 50035K(349568K)->50104K(349568K)
[55.496s][info][gc,metaspace   ] GC(845) Metaspace: 73294K(73664K)->73294K(73664K) NonClass: 58150K(58368K)->58150K(58368K) Class: 15143K(15296K)->15143K(15296K)
[55.496s][info][gc             ] GC(845) Pause Young (Allocation Failure) 186M->49M(494M) 4.037ms
[55.496s][info][gc,cpu         ] GC(845) User=0.00s Sys=0.00s Real=0.00s
[55.580s][info][gc,start       ] GC(846) Pause Young (Allocation Failure)
[55.583s][info][gc,heap        ] GC(846) DefNew: 140739K(157248K)->960K(157248K) Eden: 139776K(139776K)->0K(139776K) From: 963K(17472K)->960K(17472K)
[55.583s][info][gc,heap        ] GC(846) Tenured: 50104K(349568K)->50112K(349568K)
[55.583s][info][gc,metaspace   ] GC(846) Metaspace: 73294K(73664K)->73294K(73664K) NonClass: 58150K(58368K)->58150K(58368K) Class: 15143K(15296K)->15143K(15296K)
[55.583s][info][gc             ] GC(846) Pause Young (Allocation Failure) 186M->49M(494M) 3.740ms
[55.583s][info][gc,cpu         ] GC(846) User=0.00s Sys=0.00s Real=0.00s
[55.668s][info][gc,start       ] GC(847) Pause Young (Allocation Failure)
[55.672s][info][gc,heap        ] GC(847) DefNew: 140736K(157248K)->941K(157248K) Eden: 139776K(139776K)->0K(139776K) From: 960K(17472K)->941K(17472K)
[55.672s][info][gc,heap        ] GC(847) Tenured: 50112K(349568K)->50134K(349568K)
[55.672s][info][gc,metaspace   ] GC(847) Metaspace: 73294K(73664K)->73294K(73664K) NonClass: 58150K(58368K)->58150K(58368K) Class: 15143K(15296K)->15143K(15296K)
[55.672s][info][gc             ] GC(847) Pause Young (Allocation Failure) 186M->49M(494M) 3.726ms
[55.672s][info][gc,cpu         ] GC(847) User=0.00s Sys=0.00s Real=0.00s
[55.755s][info][gc,start       ] GC(848) Pause Young (Allocation Failure)
[55.758s][info][gc,heap        ] GC(848) DefNew: 140717K(157248K)->928K(157248K) Eden: 139776K(139776K)->0K(139776K) From: 941K(17472K)->928K(17472K)
[55.758s][info][gc,heap        ] GC(848) Tenured: 50134K(349568K)->50138K(349568K)
[55.758s][info][gc,metaspace   ] GC(848) Metaspace: 73294K(73664K)->73294K(73664K) NonClass: 58150K(58368K)->58150K(58368K) Class: 15143K(15296K)->15143K(15296K)
[55.758s][info][gc             ] GC(848) Pause Young (Allocation Failure) 186M->49M(494M) 3.593ms
[55.758s][info][gc,cpu         ] GC(848) User=0.00s Sys=0.00s Real=0.00s
[55.841s][info][gc,start       ] GC(849) Pause Young (Allocation Failure)
[55.844s][info][gc,heap        ] GC(849) DefNew: 140704K(157248K)->883K(157248K) Eden: 139776K(139776K)->0K(139776K) From: 928K(17472K)->883K(17472K)
[55.844s][info][gc,heap        ] GC(849) Tenured: 50138K(349568K)->50187K(349568K)
[55.844s][info][gc,metaspace   ] GC(849) Metaspace: 73294K(73664K)->73294K(73664K) NonClass: 58150K(58368K)->58150K(58368K) Class: 15143K(15296K)->15143K(15296K)
[55.844s][info][gc             ] GC(849) Pause Young (Allocation Failure) 186M->49M(494M) 3.541ms
[55.844s][info][gc,cpu         ] GC(849) User=0.02s Sys=0.00s Real=0.02s
[55.927s][info][gc,start       ] GC(850) Pause Young (Allocation Failure)
[55.930s][info][gc,heap        ] GC(850) DefNew: 140659K(157248K)->837K(157248K) Eden: 139776K(139776K)->0K(139776K) From: 883K(17472K)->837K(17472K)
[55.930s][info][gc,heap        ] GC(850) Tenured: 50187K(349568K)->50241K(349568K)
[55.930s][info][gc,metaspace   ] GC(850) Metaspace: 73294K(73664K)->73294K(73664K) NonClass: 58150K(58368K)->58150K(58368K) Class: 15143K(15296K)->15143K(15296K)
[55.930s][info][gc             ] GC(850) Pause Young (Allocation Failure) 186M->49M(494M) 3.531ms
[55.930s][info][gc,cpu         ] GC(850) User=0.00s Sys=0.00s Real=0.00s
[56.013s][info][gc,start       ] GC(851) Pause Young (Allocation Failure)
[56.017s][info][gc,heap        ] GC(851) DefNew: 140613K(157248K)->750K(157248K) Eden: 139776K(139776K)->0K(139776K) From: 837K(17472K)->750K(17472K)
[56.017s][info][gc,heap        ] GC(851) Tenured: 50241K(349568K)->50293K(349568K)
[56.017s][info][gc,metaspace   ] GC(851) Metaspace: 73294K(73664K)->73294K(73664K) NonClass: 58150K(58368K)->58150K(58368K) Class: 15143K(15296K)->15143K(15296K)
[56.017s][info][gc             ] GC(851) Pause Young (Allocation Failure) 186M->49M(494M) 3.450ms
[56.017s][info][gc,cpu         ] GC(851) User=0.00s Sys=0.00s Real=0.00s
[56.100s][info][gc,start       ] GC(852) Pause Young (Allocation Failure)
[56.103s][info][gc,heap        ] GC(852) DefNew: 140526K(157248K)->717K(157248K) Eden: 139776K(139776K)->0K(139776K) From: 750K(17472K)->717K(17472K)
[56.103s][info][gc,heap        ] GC(852) Tenured: 50293K(349568K)->50347K(349568K)
[56.103s][info][gc,metaspace   ] GC(852) Metaspace: 73294K(73664K)->73294K(73664K) NonClass: 58150K(58368K)->58150K(58368K) Class: 15143K(15296K)->15143K(15296K)
[56.103s][info][gc             ] GC(852) Pause Young (Allocation Failure) 186M->49M(494M) 3.591ms
[56.103s][info][gc,cpu         ] GC(852) User=0.00s Sys=0.00s Real=0.00s
[56.187s][info][gc,start       ] GC(853) Pause Young (Allocation Failure)
[56.190s][info][gc,heap        ] GC(853) DefNew: 140493K(157248K)->728K(157248K) Eden: 139776K(139776K)->0K(139776K) From: 717K(17472K)->728K(17472K)
[56.190s][info][gc,heap        ] GC(853) Tenured: 50347K(349568K)->50348K(349568K)
[56.190s][info][gc,metaspace   ] GC(853) Metaspace: 73294K(73664K)->73294K(73664K) NonClass: 58150K(58368K)->58150K(58368K) Class: 15143K(15296K)->15143K(15296K)
[56.190s][info][gc             ] GC(853) Pause Young (Allocation Failure) 186M->49M(494M) 3.332ms
[56.190s][info][gc,cpu         ] GC(853) User=0.00s Sys=0.00s Real=0.00s
[56.273s][info][gc,start       ] GC(854) Pause Young (Allocation Failure)
[56.276s][info][gc,heap        ] GC(854) DefNew: 140504K(157248K)->742K(157248K) Eden: 139776K(139776K)->0K(139776K) From: 728K(17472K)->742K(17472K)
[56.276s][info][gc,heap        ] GC(854) Tenured: 50348K(349568K)->50348K(349568K)
[56.276s][info][gc,metaspace   ] GC(854) Metaspace: 73294K(73664K)->73294K(73664K) NonClass: 58150K(58368K)->58150K(58368K) Class: 15143K(15296K)->15143K(15296K)
[56.276s][info][gc             ] GC(854) Pause Young (Allocation Failure) 186M->49M(494M) 3.399ms
[56.276s][info][gc,cpu         ] GC(854) User=0.00s Sys=0.00s Real=0.00s
[56.360s][info][gc,start       ] GC(855) Pause Young (Allocation Failure)
[56.363s][info][gc,heap        ] GC(855) DefNew: 140518K(157248K)->684K(157248K) Eden: 139776K(139776K)->0K(139776K) From: 742K(17472K)->684K(17472K)
[56.363s][info][gc,heap        ] GC(855) Tenured: 50348K(349568K)->50374K(349568K)
[56.363s][info][gc,metaspace   ] GC(855) Metaspace: 73294K(73664K)->73294K(73664K) NonClass: 58150K(58368K)->58150K(58368K) Class: 15143K(15296K)->15143K(15296K)
[56.363s][info][gc             ] GC(855) Pause Young (Allocation Failure) 186M->49M(494M) 3.419ms
[56.363s][info][gc,cpu         ] GC(855) User=0.00s Sys=0.00s Real=0.00s
[56.446s][info][gc,start       ] GC(856) Pause Young (Allocation Failure)
[56.449s][info][gc,heap        ] GC(856) DefNew: 140460K(157248K)->621K(157248K) Eden: 139776K(139776K)->0K(139776K) From: 684K(17472K)->621K(17472K)
[56.449s][info][gc,heap        ] GC(856) Tenured: 50374K(349568K)->50468K(349568K)
[56.449s][info][gc,metaspace   ] GC(856) Metaspace: 73294K(73664K)->73294K(73664K) NonClass: 58150K(58368K)->58150K(58368K) Class: 15143K(15296K)->15143K(15296K)
[56.449s][info][gc             ] GC(856) Pause Young (Allocation Failure) 186M->49M(494M) 3.284ms
[56.449s][info][gc,cpu         ] GC(856) User=0.00s Sys=0.00s Real=0.00s
[56.532s][info][gc,start       ] GC(857) Pause Young (Allocation Failure)
[56.535s][info][gc,heap        ] GC(857) DefNew: 140397K(157248K)->499K(157248K) Eden: 139776K(139776K)->0K(139776K) From: 621K(17472K)->499K(17472K)
[56.535s][info][gc,heap        ] GC(857) Tenured: 50468K(349568K)->50590K(349568K)
[56.535s][info][gc,metaspace   ] GC(857) Metaspace: 73294K(73664K)->73294K(73664K) NonClass: 58150K(58368K)->58150K(58368K) Class: 15143K(15296K)->15143K(15296K)
[56.535s][info][gc             ] GC(857) Pause Young (Allocation Failure) 186M->49M(494M) 3.300ms
[56.535s][info][gc,cpu         ] GC(857) User=0.00s Sys=0.00s Real=0.00s
[56.618s][info][gc,start       ] GC(858) Pause Young (Allocation Failure)
[56.621s][info][gc,heap        ] GC(858) DefNew: 140275K(157248K)->449K(157248K) Eden: 139776K(139776K)->0K(139776K) From: 499K(17472K)->449K(17472K)
[56.621s][info][gc,heap        ] GC(858) Tenured: 50590K(349568K)->50641K(349568K)
[56.621s][info][gc,metaspace   ] GC(858) Metaspace: 73294K(73664K)->73294K(73664K) NonClass: 58150K(58368K)->58150K(58368K) Class: 15143K(15296K)->15143K(15296K)
[56.621s][info][gc             ] GC(858) Pause Young (Allocation Failure) 186M->49M(494M) 2.948ms
[56.621s][info][gc,cpu         ] GC(858) User=0.00s Sys=0.00s Real=0.00s
[56.703s][info][gc,start       ] GC(859) Pause Young (Allocation Failure)
[56.706s][info][gc,heap        ] GC(859) DefNew: 140225K(157248K)->342K(157248K) Eden: 139776K(139776K)->0K(139776K) From: 449K(17472K)->342K(17472K)
[56.706s][info][gc,heap        ] GC(859) Tenured: 50641K(349568K)->50750K(349568K)
[56.706s][info][gc,metaspace   ] GC(859) Metaspace: 73294K(73664K)->73294K(73664K) NonClass: 58150K(58368K)->58150K(58368K) Class: 15143K(15296K)->15143K(15296K)
[56.706s][info][gc             ] GC(859) Pause Young (Allocation Failure) 186M->49M(494M) 2.973ms
[56.706s][info][gc,cpu         ] GC(859) User=0.00s Sys=0.00s Real=0.00s
[56.798s][info][gc,start       ] GC(860) Pause Young (Allocation Failure)
[56.802s][info][gc,heap        ] GC(860) DefNew: 140118K(157248K)->252K(157248K) Eden: 139776K(139776K)->0K(139776K) From: 342K(17472K)->252K(17472K)
[56.802s][info][gc,heap        ] GC(860) Tenured: 50750K(349568K)->50794K(349568K)
[56.802s][info][gc,metaspace   ] GC(860) Metaspace: 73294K(73664K)->73294K(73664K) NonClass: 58150K(58368K)->58150K(58368K) Class: 15143K(15296K)->15143K(15296K)
[56.802s][info][gc             ] GC(860) Pause Young (Allocation Failure) 186M->49M(494M) 3.329ms
[56.802s][info][gc,cpu         ] GC(860) User=0.02s Sys=0.00s Real=0.01s
[56.872s][info][gc,start       ] GC(861) Pause Full (System.gc())
[56.872s][info][gc,phases,start] GC(861) Phase 1: Mark live objects
[56.924s][info][gc,phases      ] GC(861) Phase 1: Mark live objects 51.636ms
[56.924s][info][gc,phases,start] GC(861) Phase 2: Compute new object addresses
[56.940s][info][gc,phases      ] GC(861) Phase 2: Compute new object addresses 15.872ms
[56.940s][info][gc,phases,start] GC(861) Phase 3: Adjust pointers
[56.964s][info][gc,phases      ] GC(861) Phase 3: Adjust pointers 24.029ms
[56.964s][info][gc,phases,start] GC(861) Phase 4: Move objects
[56.971s][info][gc,phases      ] GC(861) Phase 4: Move objects 6.617ms
[56.971s][info][gc,heap        ] GC(861) DefNew: 23632K(157248K)->0K(157248K) Eden: 23380K(139776K)->0K(139776K) From: 252K(17472K)->0K(17472K)
[56.971s][info][gc,heap        ] GC(861) Tenured: 50794K(349568K)->36083K(349568K)
[56.971s][info][gc,metaspace   ] GC(861) Metaspace: 73312K(73664K)->73312K(73664K) NonClass: 58168K(58368K)->58168K(58368K) Class: 15143K(15296K)->15143K(15296K)
[56.971s][info][gc             ] GC(861) Pause Full (System.gc()) 72M->35M(494M) 99.087ms
[56.971s][info][gc,cpu         ] GC(861) User=0.09s Sys=0.00s Real=0.09s
[57.035s][info][gc,start       ] GC(862) Pause Young (Allocation Failure)
[57.050s][info][gc,heap        ] GC(862) DefNew: 139776K(157248K)->3510K(157248K) Eden: 139776K(139776K)->0K(139776K) From: 0K(17472K)->3510K(17472K)
[57.050s][info][gc,heap        ] GC(862) Tenured: 36083K(349568K)->36083K(349568K)
[57.050s][info][gc,metaspace   ] GC(862) Metaspace: 73493K(73920K)->73493K(73920K) NonClass: 58350K(58624K)->58350K(58624K) Class: 15143K(15296K)->15143K(15296K)
[57.050s][info][gc             ] GC(862) Pause Young (Allocation Failure) 171M->38M(494M) 15.012ms
[57.050s][info][gc,cpu         ] GC(862) User=0.00s Sys=0.00s Real=0.00s
[57.087s][info][gc,start       ] GC(863) Pause Young (Allocation Failure)
[57.101s][info][gc,heap        ] GC(863) DefNew: 143286K(157248K)->3545K(157248K) Eden: 139776K(139776K)->0K(139776K) From: 3510K(17472K)->3545K(17472K)
[57.101s][info][gc,heap        ] GC(863) Tenured: 36083K(349568K)->36083K(349568K)
[57.101s][info][gc,metaspace   ] GC(863) Metaspace: 73493K(73920K)->73493K(73920K) NonClass: 58350K(58624K)->58350K(58624K) Class: 15143K(15296K)->15143K(15296K)
[57.101s][info][gc             ] GC(863) Pause Young (Allocation Failure) 175M->38M(494M) 13.857ms
[57.101s][info][gc,cpu         ] GC(863) User=0.00s Sys=0.00s Real=0.00s
[57.137s][info][gc,start       ] GC(864) Pause Young (Allocation Failure)
[57.149s][info][gc,heap        ] GC(864) DefNew: 143321K(157248K)->3492K(157248K) Eden: 139776K(139776K)->0K(139776K) From: 3545K(17472K)->3492K(17472K)
[57.150s][info][gc,heap        ] GC(864) Tenured: 36083K(349568K)->36083K(349568K)
[57.150s][info][gc,metaspace   ] GC(864) Metaspace: 73493K(73920K)->73493K(73920K) NonClass: 58350K(58624K)->58350K(58624K) Class: 15143K(15296K)->15143K(15296K)
[57.150s][info][gc             ] GC(864) Pause Young (Allocation Failure) 175M->38M(494M) 12.748ms
[57.150s][info][gc,cpu         ] GC(864) User=0.00s Sys=0.00s Real=0.00s
[57.186s][info][gc,start       ] GC(865) Pause Young (Allocation Failure)
[57.200s][info][gc,heap        ] GC(865) DefNew: 143268K(157248K)->3570K(157248K) Eden: 139776K(139776K)->0K(139776K) From: 3492K(17472K)->3570K(17472K)
[57.200s][info][gc,heap        ] GC(865) Tenured: 36083K(349568K)->36083K(349568K)
[57.200s][info][gc,metaspace   ] GC(865) Metaspace: 73493K(73920K)->73493K(73920K) NonClass: 58350K(58624K)->58350K(58624K) Class: 15143K(15296K)->15143K(15296K)
[57.200s][info][gc             ] GC(865) Pause Young (Allocation Failure) 175M->38M(494M) 13.941ms
[57.200s][info][gc,cpu         ] GC(865) User=0.00s Sys=0.00s Real=0.00s
[57.237s][info][gc,start       ] GC(866) Pause Young (Allocation Failure)
[57.250s][info][gc,heap        ] GC(866) DefNew: 143346K(157248K)->3578K(157248K) Eden: 139776K(139776K)->0K(139776K) From: 3570K(17472K)->3578K(17472K)
[57.250s][info][gc,heap        ] GC(866) Tenured: 36083K(349568K)->36083K(349568K)
[57.250s][info][gc,metaspace   ] GC(866) Metaspace: 73493K(73920K)->73493K(73920K) NonClass: 58350K(58624K)->58350K(58624K) Class: 15143K(15296K)->15143K(15296K)
[57.250s][info][gc             ] GC(866) Pause Young (Allocation Failure) 175M->38M(494M) 13.295ms
[57.250s][info][gc,cpu         ] GC(866) User=0.00s Sys=0.00s Real=0.00s
[57.287s][info][gc,start       ] GC(867) Pause Young (Allocation Failure)
[57.299s][info][gc,heap        ] GC(867) DefNew: 143354K(157248K)->3496K(157248K) Eden: 139776K(139776K)->0K(139776K) From: 3578K(17472K)->3496K(17472K)
[57.299s][info][gc,heap        ] GC(867) Tenured: 36083K(349568K)->36083K(349568K)
[57.299s][info][gc,metaspace   ] GC(867) Metaspace: 73493K(73920K)->73493K(73920K) NonClass: 58350K(58624K)->58350K(58624K) Class: 15143K(15296K)->15143K(15296K)
[57.299s][info][gc             ] GC(867) Pause Young (Allocation Failure) 175M->38M(494M) 12.101ms
[57.299s][info][gc,cpu         ] GC(867) User=0.00s Sys=0.00s Real=0.00s
[57.336s][info][gc,start       ] GC(868) Pause Young (Allocation Failure)
[57.348s][info][gc,heap        ] GC(868) DefNew: 143272K(157248K)->3583K(157248K) Eden: 139776K(139776K)->0K(139776K) From: 3496K(17472K)->3583K(17472K)
[57.348s][info][gc,heap        ] GC(868) Tenured: 36083K(349568K)->36083K(349568K)
[57.348s][info][gc,metaspace   ] GC(868) Metaspace: 73493K(73920K)->73493K(73920K) NonClass: 58350K(58624K)->58350K(58624K) Class: 15143K(15296K)->15143K(15296K)
[57.348s][info][gc             ] GC(868) Pause Young (Allocation Failure) 175M->38M(494M) 12.289ms
[57.348s][info][gc,cpu         ] GC(868) User=0.00s Sys=0.00s Real=0.00s
[57.385s][info][gc,start       ] GC(869) Pause Young (Allocation Failure)
[57.397s][info][gc,heap        ] GC(869) DefNew: 143359K(157248K)->3491K(157248K) Eden: 139776K(139776K)->0K(139776K) From: 3583K(17472K)->3491K(17472K)
[57.397s][info][gc,heap        ] GC(869) Tenured: 36083K(349568K)->36083K(349568K)
[57.397s][info][gc,metaspace   ] GC(869) Metaspace: 73493K(73920K)->73493K(73920K) NonClass: 58350K(58624K)->58350K(58624K) Class: 15143K(15296K)->15143K(15296K)
[57.398s][info][gc             ] GC(869) Pause Young (Allocation Failure) 175M->38M(494M) 12.121ms
[57.398s][info][gc,cpu         ] GC(869) User=0.00s Sys=0.00s Real=0.00s
[57.435s][info][gc,start       ] GC(870) Pause Young (Allocation Failure)
[57.447s][info][gc,heap        ] GC(870) DefNew: 143267K(157248K)->3524K(157248K) Eden: 139776K(139776K)->0K(139776K) From: 3491K(17472K)->3524K(17472K)
[57.447s][info][gc,heap        ] GC(870) Tenured: 36083K(349568K)->36083K(349568K)
[57.447s][info][gc,metaspace   ] GC(870) Metaspace: 73493K(73920K)->73493K(73920K) NonClass: 58350K(58624K)->58350K(58624K) Class: 15143K(15296K)->15143K(15296K)
[57.447s][info][gc             ] GC(870) Pause Young (Allocation Failure) 175M->38M(494M) 12.139ms
[57.447s][info][gc,cpu         ] GC(870) User=0.02s Sys=0.00s Real=0.01s
[57.484s][info][gc,start       ] GC(871) Pause Young (Allocation Failure)
[57.496s][info][gc,heap        ] GC(871) DefNew: 143300K(157248K)->3490K(157248K) Eden: 139776K(139776K)->0K(139776K) From: 3524K(17472K)->3490K(17472K)
[57.496s][info][gc,heap        ] GC(871) Tenured: 36083K(349568K)->36083K(349568K)
[57.496s][info][gc,metaspace   ] GC(871) Metaspace: 73493K(73920K)->73493K(73920K) NonClass: 58350K(58624K)->58350K(58624K) Class: 15143K(15296K)->15143K(15296K)
[57.496s][info][gc             ] GC(871) Pause Young (Allocation Failure) 175M->38M(494M) 12.158ms
[57.496s][info][gc,cpu         ] GC(871) User=0.00s Sys=0.00s Real=0.00s
[57.533s][info][gc,start       ] GC(872) Pause Young (Allocation Failure)
[57.545s][info][gc,heap        ] GC(872) DefNew: 143266K(157248K)->3484K(157248K) Eden: 139776K(139776K)->0K(139776K) From: 3490K(17472K)->3484K(17472K)
[57.545s][info][gc,heap        ] GC(872) Tenured: 36083K(349568K)->36083K(349568K)
[57.545s][info][gc,metaspace   ] GC(872) Metaspace: 73493K(73920K)->73493K(73920K) NonClass: 58350K(58624K)->58350K(58624K) Class: 15143K(15296K)->15143K(15296K)
[57.545s][info][gc             ] GC(872) Pause Young (Allocation Failure) 175M->38M(494M) 12.138ms
[57.545s][info][gc,cpu         ] GC(872) User=0.00s Sys=0.00s Real=0.00s
[57.581s][info][gc,start       ] GC(873) Pause Young (Allocation Failure)
[57.594s][info][gc,heap        ] GC(873) DefNew: 143260K(157248K)->3477K(157248K) Eden: 139776K(139776K)->0K(139776K) From: 3484K(17472K)->3477K(17472K)
[57.594s][info][gc,heap        ] GC(873) Tenured: 36083K(349568K)->36083K(349568K)
[57.595s][info][gc,metaspace   ] GC(873) Metaspace: 73493K(73920K)->73493K(73920K) NonClass: 58350K(58624K)->58350K(58624K) Class: 15143K(15296K)->15143K(15296K)
[57.595s][info][gc             ] GC(873) Pause Young (Allocation Failure) 175M->38M(494M) 13.519ms
[57.595s][info][gc,cpu         ] GC(873) User=0.00s Sys=0.00s Real=0.00s
[57.630s][info][gc,start       ] GC(874) Pause Young (Allocation Failure)
[57.643s][info][gc,heap        ] GC(874) DefNew: 143253K(157248K)->3502K(157248K) Eden: 139776K(139776K)->0K(139776K) From: 3477K(17472K)->3502K(17472K)
[57.643s][info][gc,heap        ] GC(874) Tenured: 36083K(349568K)->36083K(349568K)
[57.643s][info][gc,metaspace   ] GC(874) Metaspace: 73493K(73920K)->73493K(73920K) NonClass: 58350K(58624K)->58350K(58624K) Class: 15143K(15296K)->15143K(15296K)
[57.643s][info][gc             ] GC(874) Pause Young (Allocation Failure) 175M->38M(494M) 13.107ms
[57.644s][info][gc,cpu         ] GC(874) User=0.02s Sys=0.00s Real=0.01s
[57.679s][info][gc,start       ] GC(875) Pause Young (Allocation Failure)
[57.692s][info][gc,heap        ] GC(875) DefNew: 143278K(157248K)->3500K(157248K) Eden: 139776K(139776K)->0K(139776K) From: 3502K(17472K)->3500K(17472K)
[57.692s][info][gc,heap        ] GC(875) Tenured: 36083K(349568K)->36083K(349568K)
[57.692s][info][gc,metaspace   ] GC(875) Metaspace: 73493K(73920K)->73493K(73920K) NonClass: 58350K(58624K)->58350K(58624K) Class: 15143K(15296K)->15143K(15296K)
[57.692s][info][gc             ] GC(875) Pause Young (Allocation Failure) 175M->38M(494M) 12.247ms
[57.692s][info][gc,cpu         ] GC(875) User=0.00s Sys=0.00s Real=0.00s
[57.728s][info][gc,start       ] GC(876) Pause Young (Allocation Failure)
[57.741s][info][gc,heap        ] GC(876) DefNew: 143276K(157248K)->3533K(157248K) Eden: 139776K(139776K)->0K(139776K) From: 3500K(17472K)->3533K(17472K)
[57.741s][info][gc,heap        ] GC(876) Tenured: 36083K(349568K)->36083K(349568K)
[57.741s][info][gc,metaspace   ] GC(876) Metaspace: 73493K(73920K)->73493K(73920K) NonClass: 58350K(58624K)->58350K(58624K) Class: 15143K(15296K)->15143K(15296K)
[57.741s][info][gc             ] GC(876) Pause Young (Allocation Failure) 175M->38M(494M) 12.559ms
[57.741s][info][gc,cpu         ] GC(876) User=0.00s Sys=0.00s Real=0.01s
[57.778s][info][gc,start       ] GC(877) Pause Young (Allocation Failure)
[57.791s][info][gc,heap        ] GC(877) DefNew: 143309K(157248K)->1410K(157248K) Eden: 139776K(139776K)->0K(139776K) From: 3533K(17472K)->1410K(17472K)
[57.791s][info][gc,heap        ] GC(877) Tenured: 36083K(349568K)->38184K(349568K)
[57.791s][info][gc,metaspace   ] GC(877) Metaspace: 73493K(73920K)->73493K(73920K) NonClass: 58350K(58624K)->58350K(58624K) Class: 15143K(15296K)->15143K(15296K)
[57.791s][info][gc             ] GC(877) Pause Young (Allocation Failure) 175M->38M(494M) 13.068ms
[57.791s][info][gc,cpu         ] GC(877) User=0.00s Sys=0.00s Real=0.00s
[57.828s][info][gc,start       ] GC(878) Pause Young (Allocation Failure)
[57.837s][info][gc,heap        ] GC(878) DefNew: 141186K(157248K)->1423K(157248K) Eden: 139775K(139776K)->0K(139776K) From: 1410K(17472K)->1423K(17472K)
[57.837s][info][gc,heap        ] GC(878) Tenured: 38184K(349568K)->38188K(349568K)
[57.837s][info][gc,metaspace   ] GC(878) Metaspace: 73493K(73920K)->73493K(73920K) NonClass: 58350K(58624K)->58350K(58624K) Class: 15143K(15296K)->15143K(15296K)
[57.837s][info][gc             ] GC(878) Pause Young (Allocation Failure) 175M->38M(494M) 8.407ms
[57.837s][info][gc,cpu         ] GC(878) User=0.00s Sys=0.00s Real=0.00s
[57.872s][info][gc,start       ] GC(879) Pause Young (Allocation Failure)
[57.881s][info][gc,heap        ] GC(879) DefNew: 141199K(157248K)->1393K(157248K) Eden: 139776K(139776K)->0K(139776K) From: 1423K(17472K)->1393K(17472K)
[57.881s][info][gc,heap        ] GC(879) Tenured: 38188K(349568K)->38189K(349568K)
[57.881s][info][gc,metaspace   ] GC(879) Metaspace: 73493K(73920K)->73493K(73920K) NonClass: 58350K(58624K)->58350K(58624K) Class: 15143K(15296K)->15143K(15296K)
[57.881s][info][gc             ] GC(879) Pause Young (Allocation Failure) 175M->38M(494M) 8.299ms
[57.881s][info][gc,cpu         ] GC(879) User=0.00s Sys=0.00s Real=0.00s
[57.916s][info][gc,start       ] GC(880) Pause Young (Allocation Failure)
[57.924s][info][gc,heap        ] GC(880) DefNew: 141169K(157248K)->1344K(157248K) Eden: 139776K(139776K)->0K(139776K) From: 1393K(17472K)->1344K(17472K)
[57.924s][info][gc,heap        ] GC(880) Tenured: 38189K(349568K)->38208K(349568K)
[57.924s][info][gc,metaspace   ] GC(880) Metaspace: 73493K(73920K)->73493K(73920K) NonClass: 58350K(58624K)->58350K(58624K) Class: 15143K(15296K)->15143K(15296K)
[57.924s][info][gc             ] GC(880) Pause Young (Allocation Failure) 175M->38M(494M) 8.118ms
[57.924s][info][gc,cpu         ] GC(880) User=0.00s Sys=0.00s Real=0.00s
[57.959s][info][gc,start       ] GC(881) Pause Young (Allocation Failure)
[57.967s][info][gc,heap        ] GC(881) DefNew: 141120K(157248K)->1378K(157248K) Eden: 139776K(139776K)->0K(139776K) From: 1344K(17472K)->1378K(17472K)
[57.967s][info][gc,heap        ] GC(881) Tenured: 38208K(349568K)->38211K(349568K)
[57.967s][info][gc,metaspace   ] GC(881) Metaspace: 73493K(73920K)->73493K(73920K) NonClass: 58350K(58624K)->58350K(58624K) Class: 15143K(15296K)->15143K(15296K)
[57.967s][info][gc             ] GC(881) Pause Young (Allocation Failure) 175M->38M(494M) 8.186ms
[57.967s][info][gc,cpu         ] GC(881) User=0.00s Sys=0.00s Real=0.00s
[58.003s][info][gc,start       ] GC(882) Pause Young (Allocation Failure)
[58.011s][info][gc,heap        ] GC(882) DefNew: 141154K(157248K)->1367K(157248K) Eden: 139776K(139776K)->0K(139776K) From: 1378K(17472K)->1367K(17472K)
[58.011s][info][gc,heap        ] GC(882) Tenured: 38211K(349568K)->38211K(349568K)
[58.011s][info][gc,metaspace   ] GC(882) Metaspace: 73493K(73920K)->73493K(73920K) NonClass: 58350K(58624K)->58350K(58624K) Class: 15143K(15296K)->15143K(15296K)
[58.011s][info][gc             ] GC(882) Pause Young (Allocation Failure) 175M->38M(494M) 8.155ms
[58.011s][info][gc,cpu         ] GC(882) User=0.00s Sys=0.00s Real=0.00s
[58.046s][info][gc,start       ] GC(883) Pause Young (Allocation Failure)
[58.054s][info][gc,heap        ] GC(883) DefNew: 141143K(157248K)->1382K(157248K) Eden: 139776K(139776K)->0K(139776K) From: 1367K(17472K)->1382K(17472K)
[58.054s][info][gc,heap        ] GC(883) Tenured: 38211K(349568K)->38211K(349568K)
[58.054s][info][gc,metaspace   ] GC(883) Metaspace: 73493K(73920K)->73493K(73920K) NonClass: 58350K(58624K)->58350K(58624K) Class: 15143K(15296K)->15143K(15296K)
[58.054s][info][gc             ] GC(883) Pause Young (Allocation Failure) 175M->38M(494M) 8.140ms
[58.054s][info][gc,cpu         ] GC(883) User=0.00s Sys=0.00s Real=0.00s
[58.090s][info][gc,start       ] GC(884) Pause Young (Allocation Failure)
[58.098s][info][gc,heap        ] GC(884) DefNew: 141158K(157248K)->1377K(157248K) Eden: 139776K(139776K)->0K(139776K) From: 1382K(17472K)->1377K(17472K)
[58.098s][info][gc,heap        ] GC(884) Tenured: 38211K(349568K)->38211K(349568K)
[58.098s][info][gc,metaspace   ] GC(884) Metaspace: 73493K(73920K)->73493K(73920K) NonClass: 58350K(58624K)->58350K(58624K) Class: 15143K(15296K)->15143K(15296K)
[58.098s][info][gc             ] GC(884) Pause Young (Allocation Failure) 175M->38M(494M) 8.254ms
[58.098s][info][gc,cpu         ] GC(884) User=0.00s Sys=0.00s Real=0.00s
[58.133s][info][gc,start       ] GC(885) Pause Young (Allocation Failure)
[58.141s][info][gc,heap        ] GC(885) DefNew: 141153K(157248K)->1372K(157248K) Eden: 139776K(139776K)->0K(139776K) From: 1377K(17472K)->1372K(17472K)
[58.141s][info][gc,heap        ] GC(885) Tenured: 38211K(349568K)->38212K(349568K)
[58.141s][info][gc,metaspace   ] GC(885) Metaspace: 73493K(73920K)->73493K(73920K) NonClass: 58350K(58624K)->58350K(58624K) Class: 15143K(15296K)->15143K(15296K)
[58.141s][info][gc             ] GC(885) Pause Young (Allocation Failure) 175M->38M(494M) 8.188ms
[58.141s][info][gc,cpu         ] GC(885) User=0.00s Sys=0.00s Real=0.01s
[58.177s][info][gc,start       ] GC(886) Pause Young (Allocation Failure)
[58.185s][info][gc,heap        ] GC(886) DefNew: 141148K(157248K)->1380K(157248K) Eden: 139776K(139776K)->0K(139776K) From: 1372K(17472K)->1380K(17472K)
[58.185s][info][gc,heap        ] GC(886) Tenured: 38212K(349568K)->38212K(349568K)
[58.185s][info][gc,metaspace   ] GC(886) Metaspace: 73493K(73920K)->73493K(73920K) NonClass: 58350K(58624K)->58350K(58624K) Class: 15143K(15296K)->15143K(15296K)
[58.185s][info][gc             ] GC(886) Pause Young (Allocation Failure) 175M->38M(494M) 8.229ms
[58.185s][info][gc,cpu         ] GC(886) User=0.00s Sys=0.00s Real=0.00s
[58.220s][info][gc,start       ] GC(887) Pause Young (Allocation Failure)
[58.229s][info][gc,heap        ] GC(887) DefNew: 141156K(157248K)->1442K(157248K) Eden: 139776K(139776K)->0K(139776K) From: 1380K(17472K)->1442K(17472K)
[58.229s][info][gc,heap        ] GC(887) Tenured: 38212K(349568K)->38212K(349568K)
[58.229s][info][gc,metaspace   ] GC(887) Metaspace: 73493K(73920K)->73493K(73920K) NonClass: 58350K(58624K)->58350K(58624K) Class: 15143K(15296K)->15143K(15296K)
[58.229s][info][gc             ] GC(887) Pause Young (Allocation Failure) 175M->38M(494M) 8.479ms
[58.229s][info][gc,cpu         ] GC(887) User=0.02s Sys=0.00s Real=0.01s
[58.264s][info][gc,start       ] GC(888) Pause Young (Allocation Failure)
[58.272s][info][gc,heap        ] GC(888) DefNew: 141218K(157248K)->1393K(157248K) Eden: 139776K(139776K)->0K(139776K) From: 1442K(17472K)->1393K(17472K)
[58.272s][info][gc,heap        ] GC(888) Tenured: 38212K(349568K)->38213K(349568K)
[58.272s][info][gc,metaspace   ] GC(888) Metaspace: 73493K(73920K)->73493K(73920K) NonClass: 58350K(58624K)->58350K(58624K) Class: 15143K(15296K)->15143K(15296K)
[58.272s][info][gc             ] GC(888) Pause Young (Allocation Failure) 175M->38M(494M) 8.269ms
[58.272s][info][gc,cpu         ] GC(888) User=0.00s Sys=0.00s Real=0.00s
[58.308s][info][gc,start       ] GC(889) Pause Young (Allocation Failure)
[58.316s][info][gc,heap        ] GC(889) DefNew: 141169K(157248K)->1442K(157248K) Eden: 139776K(139776K)->0K(139776K) From: 1393K(17472K)->1442K(17472K)
[58.316s][info][gc,heap        ] GC(889) Tenured: 38213K(349568K)->38214K(349568K)
[58.316s][info][gc,metaspace   ] GC(889) Metaspace: 73493K(73920K)->73493K(73920K) NonClass: 58350K(58624K)->58350K(58624K) Class: 15143K(15296K)->15143K(15296K)
[58.316s][info][gc             ] GC(889) Pause Young (Allocation Failure) 175M->38M(494M) 8.427ms
[58.316s][info][gc,cpu         ] GC(889) User=0.00s Sys=0.00s Real=0.00s
[58.352s][info][gc,start       ] GC(890) Pause Young (Allocation Failure)
[58.361s][info][gc,heap        ] GC(890) DefNew: 141218K(157248K)->1461K(157248K) Eden: 139776K(139776K)->0K(139776K) From: 1442K(17472K)->1461K(17472K)
[58.361s][info][gc,heap        ] GC(890) Tenured: 38214K(349568K)->38214K(349568K)
[58.361s][info][gc,metaspace   ] GC(890) Metaspace: 73498K(73920K)->73498K(73920K) NonClass: 58355K(58624K)->58355K(58624K) Class: 15143K(15296K)->15143K(15296K)
[58.361s][info][gc             ] GC(890) Pause Young (Allocation Failure) 175M->38M(494M) 9.321ms
[58.361s][info][gc,cpu         ] GC(890) User=0.00s Sys=0.00s Real=0.00s
[58.397s][info][gc,start       ] GC(891) Pause Young (Allocation Failure)
[58.406s][info][gc,heap        ] GC(891) DefNew: 141237K(157248K)->1497K(157248K) Eden: 139776K(139776K)->0K(139776K) From: 1461K(17472K)->1497K(17472K)
[58.406s][info][gc,heap        ] GC(891) Tenured: 38214K(349568K)->38214K(349568K)
[58.406s][info][gc,metaspace   ] GC(891) Metaspace: 73498K(73920K)->73498K(73920K) NonClass: 58355K(58624K)->58355K(58624K) Class: 15143K(15296K)->15143K(15296K)
[58.406s][info][gc             ] GC(891) Pause Young (Allocation Failure) 175M->38M(494M) 9.114ms
[58.406s][info][gc,cpu         ] GC(891) User=0.02s Sys=0.00s Real=0.01s
[58.441s][info][gc,start       ] GC(892) Pause Young (Allocation Failure)
[58.450s][info][gc,heap        ] GC(892) DefNew: 141273K(157248K)->1478K(157248K) Eden: 139776K(139776K)->0K(139776K) From: 1497K(17472K)->1478K(17472K)
[58.450s][info][gc,heap        ] GC(892) Tenured: 38214K(349568K)->38214K(349568K)
[58.450s][info][gc,metaspace   ] GC(892) Metaspace: 73498K(73920K)->73498K(73920K) NonClass: 58355K(58624K)->58355K(58624K) Class: 15143K(15296K)->15143K(15296K)
[58.450s][info][gc             ] GC(892) Pause Young (Allocation Failure) 175M->38M(494M) 8.509ms
[58.450s][info][gc,cpu         ] GC(892) User=0.00s Sys=0.00s Real=0.00s
[58.485s][info][gc,start       ] GC(893) Pause Young (Allocation Failure)
[58.494s][info][gc,heap        ] GC(893) DefNew: 141254K(157248K)->1492K(157248K) Eden: 139776K(139776K)->0K(139776K) From: 1478K(17472K)->1492K(17472K)
[58.494s][info][gc,heap        ] GC(893) Tenured: 38214K(349568K)->38214K(349568K)
[58.494s][info][gc,metaspace   ] GC(893) Metaspace: 73498K(73920K)->73498K(73920K) NonClass: 58355K(58624K)->58355K(58624K) Class: 15143K(15296K)->15143K(15296K)
[58.494s][info][gc             ] GC(893) Pause Young (Allocation Failure) 175M->38M(494M) 8.471ms
[58.494s][info][gc,cpu         ] GC(893) User=0.00s Sys=0.00s Real=0.00s
[58.529s][info][gc,start       ] GC(894) Pause Young (Allocation Failure)
[58.537s][info][gc,heap        ] GC(894) DefNew: 141268K(157248K)->1432K(157248K) Eden: 139776K(139776K)->0K(139776K) From: 1492K(17472K)->1432K(17472K)
[58.537s][info][gc,heap        ] GC(894) Tenured: 38214K(349568K)->38215K(349568K)
[58.537s][info][gc,metaspace   ] GC(894) Metaspace: 73498K(73920K)->73498K(73920K) NonClass: 58355K(58624K)->58355K(58624K) Class: 15143K(15296K)->15143K(15296K)
[58.537s][info][gc             ] GC(894) Pause Young (Allocation Failure) 175M->38M(494M) 8.214ms
[58.537s][info][gc,cpu         ] GC(894) User=0.00s Sys=0.00s Real=0.00s
[58.573s][info][gc,start       ] GC(895) Pause Young (Allocation Failure)
[58.581s][info][gc,heap        ] GC(895) DefNew: 141208K(157248K)->1439K(157248K) Eden: 139776K(139776K)->0K(139776K) From: 1432K(17472K)->1439K(17472K)
[58.581s][info][gc,heap        ] GC(895) Tenured: 38215K(349568K)->38215K(349568K)
[58.581s][info][gc,metaspace   ] GC(895) Metaspace: 73498K(73920K)->73498K(73920K) NonClass: 58355K(58624K)->58355K(58624K) Class: 15143K(15296K)->15143K(15296K)
[58.581s][info][gc             ] GC(895) Pause Young (Allocation Failure) 175M->38M(494M) 8.203ms
[58.581s][info][gc,cpu         ] GC(895) User=0.00s Sys=0.00s Real=0.00s
[58.616s][info][gc,start       ] GC(896) Pause Young (Allocation Failure)
[58.625s][info][gc,heap        ] GC(896) DefNew: 141215K(157248K)->1482K(157248K) Eden: 139776K(139776K)->0K(139776K) From: 1439K(17472K)->1482K(17472K)
[58.625s][info][gc,heap        ] GC(896) Tenured: 38215K(349568K)->38215K(349568K)
[58.625s][info][gc,metaspace   ] GC(896) Metaspace: 73498K(73920K)->73498K(73920K) NonClass: 58355K(58624K)->58355K(58624K) Class: 15143K(15296K)->15143K(15296K)
[58.625s][info][gc             ] GC(896) Pause Young (Allocation Failure) 175M->38M(494M) 8.576ms
[58.625s][info][gc,cpu         ] GC(896) User=0.02s Sys=0.00s Real=0.00s
[58.660s][info][gc,start       ] GC(897) Pause Young (Allocation Failure)
[58.668s][info][gc,heap        ] GC(897) DefNew: 141258K(157248K)->1511K(157248K) Eden: 139776K(139776K)->0K(139776K) From: 1482K(17472K)->1511K(17472K)
[58.668s][info][gc,heap        ] GC(897) Tenured: 38215K(349568K)->38217K(349568K)
[58.668s][info][gc,metaspace   ] GC(897) Metaspace: 73498K(73920K)->73498K(73920K) NonClass: 58355K(58624K)->58355K(58624K) Class: 15143K(15296K)->15143K(15296K)
[58.668s][info][gc             ] GC(897) Pause Young (Allocation Failure) 175M->38M(494M) 8.613ms
[58.668s][info][gc,cpu         ] GC(897) User=0.00s Sys=0.00s Real=0.00s
[58.704s][info][gc,start       ] GC(898) Pause Young (Allocation Failure)
[58.712s][info][gc,heap        ] GC(898) DefNew: 141287K(157248K)->1471K(157248K) Eden: 139776K(139776K)->0K(139776K) From: 1511K(17472K)->1471K(17472K)
[58.712s][info][gc,heap        ] GC(898) Tenured: 38217K(349568K)->38217K(349568K)
[58.712s][info][gc,metaspace   ] GC(898) Metaspace: 73498K(73920K)->73498K(73920K) NonClass: 58355K(58624K)->58355K(58624K) Class: 15143K(15296K)->15143K(15296K)
[58.712s][info][gc             ] GC(898) Pause Young (Allocation Failure) 175M->38M(494M) 8.432ms
[58.712s][info][gc,cpu         ] GC(898) User=0.00s Sys=0.00s Real=0.00s
[58.747s][info][gc,start       ] GC(899) Pause Young (Allocation Failure)
[58.756s][info][gc,heap        ] GC(899) DefNew: 141247K(157248K)->1517K(157248K) Eden: 139776K(139776K)->0K(139776K) From: 1471K(17472K)->1517K(17472K)
[58.756s][info][gc,heap        ] GC(899) Tenured: 38217K(349568K)->38217K(349568K)
[58.756s][info][gc,metaspace   ] GC(899) Metaspace: 73498K(73920K)->73498K(73920K) NonClass: 58355K(58624K)->58355K(58624K) Class: 15143K(15296K)->15143K(15296K)
[58.756s][info][gc             ] GC(899) Pause Young (Allocation Failure) 175M->38M(494M) 8.634ms
[58.756s][info][gc,cpu         ] GC(899) User=0.00s Sys=0.00s Real=0.00s
[58.791s][info][gc,start       ] GC(900) Pause Young (Allocation Failure)
[58.799s][info][gc,heap        ] GC(900) DefNew: 141293K(157248K)->1447K(157248K) Eden: 139776K(139776K)->0K(139776K) From: 1517K(17472K)->1447K(17472K)
[58.799s][info][gc,heap        ] GC(900) Tenured: 38217K(349568K)->38217K(349568K)
[58.799s][info][gc,metaspace   ] GC(900) Metaspace: 73498K(73920K)->73498K(73920K) NonClass: 58355K(58624K)->58355K(58624K) Class: 15143K(15296K)->15143K(15296K)
[58.799s][info][gc             ] GC(900) Pause Young (Allocation Failure) 175M->38M(494M) 8.352ms
[58.799s][info][gc,cpu         ] GC(900) User=0.00s Sys=0.00s Real=0.00s
[58.835s][info][gc,start       ] GC(901) Pause Young (Allocation Failure)
[58.844s][info][gc,heap        ] GC(901) DefNew: 141223K(157248K)->1426K(157248K) Eden: 139776K(139776K)->0K(139776K) From: 1447K(17472K)->1426K(17472K)
[58.844s][info][gc,heap        ] GC(901) Tenured: 38217K(349568K)->38218K(349568K)
[58.844s][info][gc,metaspace   ] GC(901) Metaspace: 73498K(73920K)->73498K(73920K) NonClass: 58355K(58624K)->58355K(58624K) Class: 15143K(15296K)->15143K(15296K)
[58.844s][info][gc             ] GC(901) Pause Young (Allocation Failure) 175M->38M(494M) 9.108ms
[58.844s][info][gc,cpu         ] GC(901) User=0.00s Sys=0.00s Real=0.00s
[58.880s][info][gc,start       ] GC(902) Pause Young (Allocation Failure)
[58.889s][info][gc,heap        ] GC(902) DefNew: 141202K(157248K)->1507K(157248K) Eden: 139776K(139776K)->0K(139776K) From: 1426K(17472K)->1507K(17472K)
[58.889s][info][gc,heap        ] GC(902) Tenured: 38218K(349568K)->38247K(349568K)
[58.889s][info][gc,metaspace   ] GC(902) Metaspace: 73498K(73920K)->73498K(73920K) NonClass: 58355K(58624K)->58355K(58624K) Class: 15143K(15296K)->15143K(15296K)
[58.889s][info][gc             ] GC(902) Pause Young (Allocation Failure) 175M->38M(494M) 9.097ms
[58.889s][info][gc,cpu         ] GC(902) User=0.00s Sys=0.00s Real=0.00s
[58.924s][info][gc,start       ] GC(903) Pause Young (Allocation Failure)
[58.933s][info][gc,heap        ] GC(903) DefNew: 141283K(157248K)->1439K(157248K) Eden: 139776K(139776K)->0K(139776K) From: 1507K(17472K)->1439K(17472K)
[58.933s][info][gc,heap        ] GC(903) Tenured: 38247K(349568K)->38247K(349568K)
[58.933s][info][gc,metaspace   ] GC(903) Metaspace: 73498K(73920K)->73498K(73920K) NonClass: 58355K(58624K)->58355K(58624K) Class: 15143K(15296K)->15143K(15296K)
[58.933s][info][gc             ] GC(903) Pause Young (Allocation Failure) 175M->38M(494M) 8.339ms
[58.933s][info][gc,cpu         ] GC(903) User=0.00s Sys=0.00s Real=0.00s
[58.968s][info][gc,start       ] GC(904) Pause Young (Allocation Failure)
[58.976s][info][gc,heap        ] GC(904) DefNew: 141215K(157248K)->1428K(157248K) Eden: 139776K(139776K)->0K(139776K) From: 1439K(17472K)->1428K(17472K)
[58.976s][info][gc,heap        ] GC(904) Tenured: 38247K(349568K)->38247K(349568K)
[58.976s][info][gc,metaspace   ] GC(904) Metaspace: 73498K(73920K)->73498K(73920K) NonClass: 58355K(58624K)->58355K(58624K) Class: 15143K(15296K)->15143K(15296K)
[58.976s][info][gc             ] GC(904) Pause Young (Allocation Failure) 175M->38M(494M) 8.229ms
[58.976s][info][gc,cpu         ] GC(904) User=0.00s Sys=0.00s Real=0.00s
[59.011s][info][gc,start       ] GC(905) Pause Young (Allocation Failure)
[59.019s][info][gc,heap        ] GC(905) DefNew: 141204K(157248K)->1355K(157248K) Eden: 139776K(139776K)->0K(139776K) From: 1428K(17472K)->1355K(17472K)
[59.019s][info][gc,heap        ] GC(905) Tenured: 38247K(349568K)->38290K(349568K)
[59.019s][info][gc,metaspace   ] GC(905) Metaspace: 73498K(73920K)->73498K(73920K) NonClass: 58355K(58624K)->58355K(58624K) Class: 15143K(15296K)->15143K(15296K)
[59.019s][info][gc             ] GC(905) Pause Young (Allocation Failure) 175M->38M(494M) 8.058ms
[59.019s][info][gc,cpu         ] GC(905) User=0.00s Sys=0.00s Real=0.00s
[59.054s][info][gc,start       ] GC(906) Pause Young (Allocation Failure)
[59.063s][info][gc,heap        ] GC(906) DefNew: 141131K(157248K)->1367K(157248K) Eden: 139776K(139776K)->0K(139776K) From: 1355K(17472K)->1367K(17472K)
[59.063s][info][gc,heap        ] GC(906) Tenured: 38290K(349568K)->38290K(349568K)
[59.063s][info][gc,metaspace   ] GC(906) Metaspace: 73498K(73920K)->73498K(73920K) NonClass: 58355K(58624K)->58355K(58624K) Class: 15143K(15296K)->15143K(15296K)
[59.063s][info][gc             ] GC(906) Pause Young (Allocation Failure) 175M->38M(494M) 8.961ms
[59.063s][info][gc,cpu         ] GC(906) User=0.00s Sys=0.00s Real=0.00s
[59.099s][info][gc,start       ] GC(907) Pause Young (Allocation Failure)
[59.108s][info][gc,heap        ] GC(907) DefNew: 141143K(157248K)->1441K(157248K) Eden: 139776K(139776K)->0K(139776K) From: 1367K(17472K)->1441K(17472K)
[59.108s][info][gc,heap        ] GC(907) Tenured: 38290K(349568K)->38290K(349568K)
[59.108s][info][gc,metaspace   ] GC(907) Metaspace: 73498K(73920K)->73498K(73920K) NonClass: 58355K(58624K)->58355K(58624K) Class: 15143K(15296K)->15143K(15296K)
[59.108s][info][gc             ] GC(907) Pause Young (Allocation Failure) 175M->38M(494M) 8.820ms
[59.108s][info][gc,cpu         ] GC(907) User=0.00s Sys=0.00s Real=0.00s
[59.144s][info][gc,start       ] GC(908) Pause Young (Allocation Failure)
[59.152s][info][gc,heap        ] GC(908) DefNew: 141217K(157248K)->1368K(157248K) Eden: 139776K(139776K)->0K(139776K) From: 1441K(17472K)->1368K(17472K)
[59.152s][info][gc,heap        ] GC(908) Tenured: 38290K(349568K)->38290K(349568K)
[59.152s][info][gc,metaspace   ] GC(908) Metaspace: 73498K(73920K)->73498K(73920K) NonClass: 58355K(58624K)->58355K(58624K) Class: 15143K(15296K)->15143K(15296K)
[59.152s][info][gc             ] GC(908) Pause Young (Allocation Failure) 175M->38M(494M) 8.845ms
[59.152s][info][gc,cpu         ] GC(908) User=0.00s Sys=0.00s Real=0.00s
[59.188s][info][gc,start       ] GC(909) Pause Young (Allocation Failure)
[59.197s][info][gc,heap        ] GC(909) DefNew: 141144K(157248K)->1503K(157248K) Eden: 139776K(139776K)->0K(139776K) From: 1368K(17472K)->1503K(17472K)
[59.197s][info][gc,heap        ] GC(909) Tenured: 38290K(349568K)->38290K(349568K)
[59.197s][info][gc,metaspace   ] GC(909) Metaspace: 73498K(73920K)->73498K(73920K) NonClass: 58355K(58624K)->58355K(58624K) Class: 15143K(15296K)->15143K(15296K)
[59.197s][info][gc             ] GC(909) Pause Young (Allocation Failure) 175M->38M(494M) 9.511ms
[59.198s][info][gc,cpu         ] GC(909) User=0.00s Sys=0.00s Real=0.00s
[59.233s][info][gc,start       ] GC(910) Pause Young (Allocation Failure)
[59.242s][info][gc,heap        ] GC(910) DefNew: 141279K(157248K)->1392K(157248K) Eden: 139776K(139776K)->0K(139776K) From: 1503K(17472K)->1392K(17472K)
[59.242s][info][gc,heap        ] GC(910) Tenured: 38290K(349568K)->38290K(349568K)
[59.242s][info][gc,metaspace   ] GC(910) Metaspace: 73498K(73920K)->73498K(73920K) NonClass: 58355K(58624K)->58355K(58624K) Class: 15143K(15296K)->15143K(15296K)
[59.242s][info][gc             ] GC(910) Pause Young (Allocation Failure) 175M->38M(494M) 9.002ms
[59.242s][info][gc,cpu         ] GC(910) User=0.00s Sys=0.00s Real=0.00s
[59.278s][info][gc,start       ] GC(911) Pause Young (Allocation Failure)
[59.286s][info][gc,heap        ] GC(911) DefNew: 141168K(157248K)->1472K(157248K) Eden: 139776K(139776K)->0K(139776K) From: 1392K(17472K)->1472K(17472K)
[59.286s][info][gc,heap        ] GC(911) Tenured: 38290K(349568K)->38291K(349568K)
[59.287s][info][gc,metaspace   ] GC(911) Metaspace: 73498K(73920K)->73498K(73920K) NonClass: 58355K(58624K)->58355K(58624K) Class: 15143K(15296K)->15143K(15296K)
[59.287s][info][gc             ] GC(911) Pause Young (Allocation Failure) 175M->38M(494M) 8.915ms
[59.287s][info][gc,cpu         ] GC(911) User=0.00s Sys=0.00s Real=0.00s
[59.322s][info][gc,start       ] GC(912) Pause Young (Allocation Failure)
[59.332s][info][gc,heap        ] GC(912) DefNew: 141248K(157248K)->1460K(157248K) Eden: 139776K(139776K)->0K(139776K) From: 1472K(17472K)->1460K(17472K)
[59.332s][info][gc,heap        ] GC(912) Tenured: 38291K(349568K)->38291K(349568K)
[59.332s][info][gc,metaspace   ] GC(912) Metaspace: 73498K(73920K)->73498K(73920K) NonClass: 58355K(58624K)->58355K(58624K) Class: 15143K(15296K)->15143K(15296K)
[59.332s][info][gc             ] GC(912) Pause Young (Allocation Failure) 175M->38M(494M) 9.253ms
[59.332s][info][gc,cpu         ] GC(912) User=0.00s Sys=0.00s Real=0.00s
[59.367s][info][gc,start       ] GC(913) Pause Young (Allocation Failure)
[59.376s][info][gc,heap        ] GC(913) DefNew: 141236K(157248K)->1457K(157248K) Eden: 139776K(139776K)->0K(139776K) From: 1460K(17472K)->1457K(17472K)
[59.376s][info][gc,heap        ] GC(913) Tenured: 38291K(349568K)->38292K(349568K)
[59.376s][info][gc,metaspace   ] GC(913) Metaspace: 73498K(73920K)->73498K(73920K) NonClass: 58355K(58624K)->58355K(58624K) Class: 15143K(15296K)->15143K(15296K)
[59.376s][info][gc             ] GC(913) Pause Young (Allocation Failure) 175M->38M(494M) 9.081ms
[59.376s][info][gc,cpu         ] GC(913) User=0.00s Sys=0.00s Real=0.00s
[59.412s][info][gc,start       ] GC(914) Pause Young (Allocation Failure)
[59.420s][info][gc,heap        ] GC(914) DefNew: 141233K(157248K)->1499K(157248K) Eden: 139776K(139776K)->0K(139776K) From: 1457K(17472K)->1499K(17472K)
[59.420s][info][gc,heap        ] GC(914) Tenured: 38292K(349568K)->38292K(349568K)
[59.420s][info][gc,metaspace   ] GC(914) Metaspace: 73498K(73920K)->73498K(73920K) NonClass: 58355K(58624K)->58355K(58624K) Class: 15143K(15296K)->15143K(15296K)
[59.420s][info][gc             ] GC(914) Pause Young (Allocation Failure) 175M->38M(494M) 8.597ms
[59.420s][info][gc,cpu         ] GC(914) User=0.02s Sys=0.00s Real=0.01s
[59.456s][info][gc,start       ] GC(915) Pause Young (Allocation Failure)
[59.464s][info][gc,heap        ] GC(915) DefNew: 141275K(157248K)->1396K(157248K) Eden: 139775K(139776K)->0K(139776K) From: 1499K(17472K)->1396K(17472K)
[59.464s][info][gc,heap        ] GC(915) Tenured: 38292K(349568K)->38292K(349568K)
[59.464s][info][gc,metaspace   ] GC(915) Metaspace: 73498K(73920K)->73498K(73920K) NonClass: 58355K(58624K)->58355K(58624K) Class: 15143K(15296K)->15143K(15296K)
[59.464s][info][gc             ] GC(915) Pause Young (Allocation Failure) 175M->38M(494M) 8.219ms
[59.464s][info][gc,cpu         ] GC(915) User=0.00s Sys=0.00s Real=0.00s
[59.500s][info][gc,start       ] GC(916) Pause Young (Allocation Failure)
[59.508s][info][gc,heap        ] GC(916) DefNew: 141172K(157248K)->1380K(157248K) Eden: 139776K(139776K)->0K(139776K) From: 1396K(17472K)->1380K(17472K)
[59.508s][info][gc,heap        ] GC(916) Tenured: 38292K(349568K)->38292K(349568K)
[59.508s][info][gc,metaspace   ] GC(916) Metaspace: 73498K(73920K)->73498K(73920K) NonClass: 58355K(58624K)->58355K(58624K) Class: 15143K(15296K)->15143K(15296K)
[59.508s][info][gc             ] GC(916) Pause Young (Allocation Failure) 175M->38M(494M) 8.168ms
[59.508s][info][gc,cpu         ] GC(916) User=0.00s Sys=0.00s Real=0.00s
[59.543s][info][gc,start       ] GC(917) Pause Young (Allocation Failure)
[59.551s][info][gc,heap        ] GC(917) DefNew: 141156K(157248K)->1368K(157248K) Eden: 139776K(139776K)->0K(139776K) From: 1380K(17472K)->1368K(17472K)
[59.551s][info][gc,heap        ] GC(917) Tenured: 38292K(349568K)->38293K(349568K)
[59.551s][info][gc,metaspace   ] GC(917) Metaspace: 73498K(73920K)->73498K(73920K) NonClass: 58355K(58624K)->58355K(58624K) Class: 15143K(15296K)->15143K(15296K)
[59.551s][info][gc             ] GC(917) Pause Young (Allocation Failure) 175M->38M(494M) 8.074ms
[59.551s][info][gc,cpu         ] GC(917) User=0.00s Sys=0.00s Real=0.00s
[59.586s][info][gc,start       ] GC(918) Pause Young (Allocation Failure)
[59.616s][info][gc,heap        ] GC(918) DefNew: 141144K(157248K)->1355K(157248K) Eden: 139776K(139776K)->0K(139776K) From: 1368K(17472K)->1355K(17472K)
[59.616s][info][gc,heap        ] GC(918) Tenured: 38293K(349568K)->38293K(349568K)
[59.616s][info][gc,metaspace   ] GC(918) Metaspace: 73498K(73920K)->73498K(73920K) NonClass: 58355K(58624K)->58355K(58624K) Class: 15143K(15296K)->15143K(15296K)
[59.616s][info][gc             ] GC(918) Pause Young (Allocation Failure) 175M->38M(494M) 29.938ms
[59.616s][info][gc,cpu         ] GC(918) User=0.00s Sys=0.00s Real=0.02s
[59.660s][info][gc,start       ] GC(919) Pause Young (Allocation Failure)
[59.668s][info][gc,heap        ] GC(919) DefNew: 141131K(157248K)->1388K(157248K) Eden: 139776K(139776K)->0K(139776K) From: 1355K(17472K)->1388K(17472K)
[59.668s][info][gc,heap        ] GC(919) Tenured: 38293K(349568K)->38293K(349568K)
[59.668s][info][gc,metaspace   ] GC(919) Metaspace: 73498K(73920K)->73498K(73920K) NonClass: 58355K(58624K)->58355K(58624K) Class: 15143K(15296K)->15143K(15296K)
[59.668s][info][gc             ] GC(919) Pause Young (Allocation Failure) 175M->38M(494M) 8.258ms
[59.668s][info][gc,cpu         ] GC(919) User=0.02s Sys=0.00s Real=0.01s
[59.703s][info][gc,start       ] GC(920) Pause Young (Allocation Failure)
[59.712s][info][gc,heap        ] GC(920) DefNew: 141164K(157248K)->1472K(157248K) Eden: 139776K(139776K)->0K(139776K) From: 1388K(17472K)->1472K(17472K)
[59.712s][info][gc,heap        ] GC(920) Tenured: 38293K(349568K)->38293K(349568K)
[59.712s][info][gc,metaspace   ] GC(920) Metaspace: 73498K(73920K)->73498K(73920K) NonClass: 58355K(58624K)->58355K(58624K) Class: 15143K(15296K)->15143K(15296K)
[59.712s][info][gc             ] GC(920) Pause Young (Allocation Failure) 175M->38M(494M) 8.513ms
[59.712s][info][gc,cpu         ] GC(920) User=0.02s Sys=0.00s Real=0.01s
[59.747s][info][gc,start       ] GC(921) Pause Young (Allocation Failure)
[59.756s][info][gc,heap        ] GC(921) DefNew: 141248K(157248K)->1433K(157248K) Eden: 139776K(139776K)->0K(139776K) From: 1472K(17472K)->1433K(17472K)
[59.756s][info][gc,heap        ] GC(921) Tenured: 38293K(349568K)->38293K(349568K)
[59.756s][info][gc,metaspace   ] GC(921) Metaspace: 73498K(73920K)->73498K(73920K) NonClass: 58355K(58624K)->58355K(58624K) Class: 15143K(15296K)->15143K(15296K)
[59.756s][info][gc             ] GC(921) Pause Young (Allocation Failure) 175M->38M(494M) 8.402ms
[59.756s][info][gc,cpu         ] GC(921) User=0.00s Sys=0.00s Real=0.00s
[59.791s][info][gc,start       ] GC(922) Pause Young (Allocation Failure)
[59.800s][info][gc,heap        ] GC(922) DefNew: 141209K(157248K)->1439K(157248K) Eden: 139776K(139776K)->0K(139776K) From: 1433K(17472K)->1439K(17472K)
[59.800s][info][gc,heap        ] GC(922) Tenured: 38293K(349568K)->38293K(349568K)
[59.800s][info][gc,metaspace   ] GC(922) Metaspace: 73498K(73920K)->73498K(73920K) NonClass: 58355K(58624K)->58355K(58624K) Class: 15143K(15296K)->15143K(15296K)
[59.800s][info][gc             ] GC(922) Pause Young (Allocation Failure) 175M->38M(494M) 8.348ms
[59.800s][info][gc,cpu         ] GC(922) User=0.00s Sys=0.00s Real=0.00s
[59.835s][info][gc,start       ] GC(923) Pause Young (Allocation Failure)
[59.843s][info][gc,heap        ] GC(923) DefNew: 141215K(157248K)->1466K(157248K) Eden: 139776K(139776K)->0K(139776K) From: 1439K(17472K)->1466K(17472K)
[59.843s][info][gc,heap        ] GC(923) Tenured: 38293K(349568K)->38293K(349568K)
[59.843s][info][gc,metaspace   ] GC(923) Metaspace: 73498K(73920K)->73498K(73920K) NonClass: 58355K(58624K)->58355K(58624K) Class: 15143K(15296K)->15143K(15296K)
[59.843s][info][gc             ] GC(923) Pause Young (Allocation Failure) 175M->38M(494M) 8.463ms
[59.843s][info][gc,cpu         ] GC(923) User=0.02s Sys=0.00s Real=0.00s
[59.879s][info][gc,start       ] GC(924) Pause Young (Allocation Failure)
[59.887s][info][gc,heap        ] GC(924) DefNew: 141242K(157248K)->1399K(157248K) Eden: 139776K(139776K)->0K(139776K) From: 1466K(17472K)->1399K(17472K)
[59.887s][info][gc,heap        ] GC(924) Tenured: 38293K(349568K)->38320K(349568K)
[59.887s][info][gc,metaspace   ] GC(924) Metaspace: 73498K(73920K)->73498K(73920K) NonClass: 58355K(58624K)->58355K(58624K) Class: 15143K(15296K)->15143K(15296K)
[59.887s][info][gc             ] GC(924) Pause Young (Allocation Failure) 175M->38M(494M) 8.377ms
[59.887s][info][gc,cpu         ] GC(924) User=0.00s Sys=0.00s Real=0.00s
[59.923s][info][gc,start       ] GC(925) Pause Young (Allocation Failure)
[59.931s][info][gc,heap        ] GC(925) DefNew: 141175K(157248K)->1364K(157248K) Eden: 139776K(139776K)->0K(139776K) From: 1399K(17472K)->1364K(17472K)
[59.931s][info][gc,heap        ] GC(925) Tenured: 38320K(349568K)->38320K(349568K)
[59.931s][info][gc,metaspace   ] GC(925) Metaspace: 73498K(73920K)->73498K(73920K) NonClass: 58355K(58624K)->58355K(58624K) Class: 15143K(15296K)->15143K(15296K)
[59.931s][info][gc             ] GC(925) Pause Young (Allocation Failure) 175M->38M(494M) 8.159ms
[59.931s][info][gc,cpu         ] GC(925) User=0.00s Sys=0.00s Real=0.00s
[59.966s][info][gc,start       ] GC(926) Pause Young (Allocation Failure)
[59.974s][info][gc,heap        ] GC(926) DefNew: 141140K(157248K)->1411K(157248K) Eden: 139776K(139776K)->0K(139776K) From: 1364K(17472K)->1411K(17472K)
[59.974s][info][gc,heap        ] GC(926) Tenured: 38320K(349568K)->38320K(349568K)
[59.974s][info][gc,metaspace   ] GC(926) Metaspace: 73498K(73920K)->73498K(73920K) NonClass: 58355K(58624K)->58355K(58624K) Class: 15143K(15296K)->15143K(15296K)
[59.974s][info][gc             ] GC(926) Pause Young (Allocation Failure) 175M->38M(494M) 8.166ms
[59.974s][info][gc,cpu         ] GC(926) User=0.00s Sys=0.00s Real=0.00s
[60.009s][info][gc,start       ] GC(927) Pause Young (Allocation Failure)
[60.017s][info][gc,heap        ] GC(927) DefNew: 141187K(157248K)->1415K(157248K) Eden: 139776K(139776K)->0K(139776K) From: 1411K(17472K)->1415K(17472K)
[60.018s][info][gc,heap        ] GC(927) Tenured: 38320K(349568K)->38320K(349568K)
[60.018s][info][gc,metaspace   ] GC(927) Metaspace: 73498K(73920K)->73498K(73920K) NonClass: 58355K(58624K)->58355K(58624K) Class: 15143K(15296K)->15143K(15296K)
[60.018s][info][gc             ] GC(927) Pause Young (Allocation Failure) 175M->38M(494M) 8.203ms
[60.018s][info][gc,cpu         ] GC(927) User=0.00s Sys=0.00s Real=0.00s
[60.053s][info][gc,start       ] GC(928) Pause Young (Allocation Failure)
[60.061s][info][gc,heap        ] GC(928) DefNew: 141191K(157248K)->1411K(157248K) Eden: 139776K(139776K)->0K(139776K) From: 1415K(17472K)->1411K(17472K)
[60.061s][info][gc,heap        ] GC(928) Tenured: 38320K(349568K)->38321K(349568K)
[60.061s][info][gc,metaspace   ] GC(928) Metaspace: 73498K(73920K)->73498K(73920K) NonClass: 58355K(58624K)->58355K(58624K) Class: 15143K(15296K)->15143K(15296K)
[60.061s][info][gc             ] GC(928) Pause Young (Allocation Failure) 175M->38M(494M) 8.180ms
[60.061s][info][gc,cpu         ] GC(928) User=0.00s Sys=0.00s Real=0.00s
[60.096s][info][gc,start       ] GC(929) Pause Young (Allocation Failure)
[60.104s][info][gc,heap        ] GC(929) DefNew: 141187K(157248K)->1399K(157248K) Eden: 139776K(139776K)->0K(139776K) From: 1411K(17472K)->1399K(17472K)
[60.104s][info][gc,heap        ] GC(929) Tenured: 38321K(349568K)->38322K(349568K)
[60.104s][info][gc,metaspace   ] GC(929) Metaspace: 73498K(73920K)->73498K(73920K) NonClass: 58355K(58624K)->58355K(58624K) Class: 15143K(15296K)->15143K(15296K)
[60.105s][info][gc             ] GC(929) Pause Young (Allocation Failure) 175M->38M(494M) 8.272ms
[60.105s][info][gc,cpu         ] GC(929) User=0.00s Sys=0.00s Real=0.00s
[60.140s][info][gc,start       ] GC(930) Pause Young (Allocation Failure)
[60.148s][info][gc,heap        ] GC(930) DefNew: 141175K(157248K)->1375K(157248K) Eden: 139776K(139776K)->0K(139776K) From: 1399K(17472K)->1375K(17472K)
[60.148s][info][gc,heap        ] GC(930) Tenured: 38322K(349568K)->38322K(349568K)
[60.148s][info][gc,metaspace   ] GC(930) Metaspace: 73498K(73920K)->73498K(73920K) NonClass: 58355K(58624K)->58355K(58624K) Class: 15143K(15296K)->15143K(15296K)
[60.148s][info][gc             ] GC(930) Pause Young (Allocation Failure) 175M->38M(494M) 8.212ms
[60.148s][info][gc,cpu         ] GC(930) User=0.00s Sys=0.00s Real=0.00s
[60.184s][info][gc,start       ] GC(931) Pause Young (Allocation Failure)
[60.192s][info][gc,heap        ] GC(931) DefNew: 141151K(157248K)->1432K(157248K) Eden: 139776K(139776K)->0K(139776K) From: 1375K(17472K)->1432K(17472K)
[60.192s][info][gc,heap        ] GC(931) Tenured: 38322K(349568K)->38322K(349568K)
[60.192s][info][gc,metaspace   ] GC(931) Metaspace: 73498K(73920K)->73498K(73920K) NonClass: 58355K(58624K)->58355K(58624K) Class: 15143K(15296K)->15143K(15296K)
[60.192s][info][gc             ] GC(931) Pause Young (Allocation Failure) 175M->38M(494M) 8.423ms
[60.192s][info][gc,cpu         ] GC(931) User=0.00s Sys=0.00s Real=0.00s
[60.228s][info][gc,start       ] GC(932) Pause Young (Allocation Failure)
[60.236s][info][gc,heap        ] GC(932) DefNew: 141208K(157248K)->1411K(157248K) Eden: 139776K(139776K)->0K(139776K) From: 1432K(17472K)->1411K(17472K)
[60.236s][info][gc,heap        ] GC(932) Tenured: 38322K(349568K)->38322K(349568K)
[60.236s][info][gc,metaspace   ] GC(932) Metaspace: 73498K(73920K)->73498K(73920K) NonClass: 58355K(58624K)->58355K(58624K) Class: 15143K(15296K)->15143K(15296K)
[60.236s][info][gc             ] GC(932) Pause Young (Allocation Failure) 175M->38M(494M) 8.420ms
[60.236s][info][gc,cpu         ] GC(932) User=0.00s Sys=0.00s Real=0.00s
[60.271s][info][gc,start       ] GC(933) Pause Young (Allocation Failure)
[60.280s][info][gc,heap        ] GC(933) DefNew: 141187K(157248K)->1434K(157248K) Eden: 139776K(139776K)->0K(139776K) From: 1411K(17472K)->1434K(17472K)
[60.280s][info][gc,heap        ] GC(933) Tenured: 38322K(349568K)->38323K(349568K)
[60.280s][info][gc,metaspace   ] GC(933) Metaspace: 73498K(73920K)->73498K(73920K) NonClass: 58355K(58624K)->58355K(58624K) Class: 15143K(15296K)->15143K(15296K)
[60.280s][info][gc             ] GC(933) Pause Young (Allocation Failure) 175M->38M(494M) 8.372ms
[60.280s][info][gc,cpu         ] GC(933) User=0.00s Sys=0.00s Real=0.00s
[60.315s][info][gc,start       ] GC(934) Pause Young (Allocation Failure)
[60.323s][info][gc,heap        ] GC(934) DefNew: 141210K(157248K)->1377K(157248K) Eden: 139776K(139776K)->0K(139776K) From: 1434K(17472K)->1377K(17472K)
[60.323s][info][gc,heap        ] GC(934) Tenured: 38323K(349568K)->38324K(349568K)
[60.323s][info][gc,metaspace   ] GC(934) Metaspace: 73498K(73920K)->73498K(73920K) NonClass: 58355K(58624K)->58355K(58624K) Class: 15143K(15296K)->15143K(15296K)
[60.323s][info][gc             ] GC(934) Pause Young (Allocation Failure) 175M->38M(494M) 8.128ms
[60.323s][info][gc,cpu         ] GC(934) User=0.00s Sys=0.00s Real=0.00s
[60.359s][info][gc,start       ] GC(935) Pause Young (Allocation Failure)
[60.367s][info][gc,heap        ] GC(935) DefNew: 141153K(157248K)->1465K(157248K) Eden: 139776K(139776K)->0K(139776K) From: 1377K(17472K)->1465K(17472K)
[60.367s][info][gc,heap        ] GC(935) Tenured: 38324K(349568K)->38325K(349568K)
[60.367s][info][gc,metaspace   ] GC(935) Metaspace: 73498K(73920K)->73498K(73920K) NonClass: 58355K(58624K)->58355K(58624K) Class: 15143K(15296K)->15143K(15296K)
[60.367s][info][gc             ] GC(935) Pause Young (Allocation Failure) 175M->38M(494M) 8.506ms
[60.367s][info][gc,cpu         ] GC(935) User=0.00s Sys=0.00s Real=0.00s
[60.403s][info][gc,start       ] GC(936) Pause Young (Allocation Failure)
[60.411s][info][gc,heap        ] GC(936) DefNew: 141241K(157248K)->1427K(157248K) Eden: 139776K(139776K)->0K(139776K) From: 1465K(17472K)->1427K(17472K)
[60.411s][info][gc,heap        ] GC(936) Tenured: 38325K(349568K)->38325K(349568K)
[60.411s][info][gc,metaspace   ] GC(936) Metaspace: 73498K(73920K)->73498K(73920K) NonClass: 58355K(58624K)->58355K(58624K) Class: 15143K(15296K)->15143K(15296K)
[60.411s][info][gc             ] GC(936) Pause Young (Allocation Failure) 175M->38M(494M) 8.400ms
[60.411s][info][gc,cpu         ] GC(936) User=0.00s Sys=0.00s Real=0.00s
[60.446s][info][gc,start       ] GC(937) Pause Young (Allocation Failure)
[60.454s][info][gc,heap        ] GC(937) DefNew: 141203K(157248K)->1394K(157248K) Eden: 139776K(139776K)->0K(139776K) From: 1427K(17472K)->1394K(17472K)
[60.454s][info][gc,heap        ] GC(937) Tenured: 38325K(349568K)->38325K(349568K)
[60.454s][info][gc,metaspace   ] GC(937) Metaspace: 73498K(73920K)->73498K(73920K) NonClass: 58355K(58624K)->58355K(58624K) Class: 15143K(15296K)->15143K(15296K)
[60.454s][info][gc             ] GC(937) Pause Young (Allocation Failure) 175M->38M(494M) 7.997ms
[60.454s][info][gc,cpu         ] GC(937) User=0.00s Sys=0.00s Real=0.00s
[60.490s][info][gc,start       ] GC(938) Pause Young (Allocation Failure)
[60.498s][info][gc,heap        ] GC(938) DefNew: 141170K(157248K)->1441K(157248K) Eden: 139776K(139776K)->0K(139776K) From: 1394K(17472K)->1441K(17472K)
[60.498s][info][gc,heap        ] GC(938) Tenured: 38325K(349568K)->38325K(349568K)
[60.498s][info][gc,metaspace   ] GC(938) Metaspace: 73498K(73920K)->73498K(73920K) NonClass: 58355K(58624K)->58355K(58624K) Class: 15143K(15296K)->15143K(15296K)
[60.498s][info][gc             ] GC(938) Pause Young (Allocation Failure) 175M->38M(494M) 8.427ms
[60.498s][info][gc,cpu         ] GC(938) User=0.00s Sys=0.00s Real=0.00s
[60.534s][info][gc,start       ] GC(939) Pause Young (Allocation Failure)
[60.542s][info][gc,heap        ] GC(939) DefNew: 141217K(157248K)->1384K(157248K) Eden: 139776K(139776K)->0K(139776K) From: 1441K(17472K)->1384K(17472K)
[60.542s][info][gc,heap        ] GC(939) Tenured: 38325K(349568K)->38325K(349568K)
[60.542s][info][gc,metaspace   ] GC(939) Metaspace: 73498K(73920K)->73498K(73920K) NonClass: 58355K(58624K)->58355K(58624K) Class: 15143K(15296K)->15143K(15296K)
[60.542s][info][gc             ] GC(939) Pause Young (Allocation Failure) 175M->38M(494M) 8.170ms
[60.542s][info][gc,cpu         ] GC(939) User=0.00s Sys=0.00s Real=0.00s
[60.577s][info][gc,start       ] GC(940) Pause Young (Allocation Failure)
[60.585s][info][gc,heap        ] GC(940) DefNew: 141160K(157248K)->1432K(157248K) Eden: 139776K(139776K)->0K(139776K) From: 1384K(17472K)->1432K(17472K)
[60.585s][info][gc,heap        ] GC(940) Tenured: 38325K(349568K)->38325K(349568K)
[60.585s][info][gc,metaspace   ] GC(940) Metaspace: 73498K(73920K)->73498K(73920K) NonClass: 58355K(58624K)->58355K(58624K) Class: 15143K(15296K)->15143K(15296K)
[60.585s][info][gc             ] GC(940) Pause Young (Allocation Failure) 175M->38M(494M) 8.239ms
[60.585s][info][gc,cpu         ] GC(940) User=0.00s Sys=0.00s Real=0.00s
[60.620s][info][gc,start       ] GC(941) Pause Young (Allocation Failure)
[60.628s][info][gc,heap        ] GC(941) DefNew: 141208K(157248K)->1388K(157248K) Eden: 139776K(139776K)->0K(139776K) From: 1432K(17472K)->1388K(17472K)
[60.628s][info][gc,heap        ] GC(941) Tenured: 38325K(349568K)->38326K(349568K)
[60.628s][info][gc,metaspace   ] GC(941) Metaspace: 73498K(73920K)->73498K(73920K) NonClass: 58355K(58624K)->58355K(58624K) Class: 15143K(15296K)->15143K(15296K)
[60.628s][info][gc             ] GC(941) Pause Young (Allocation Failure) 175M->38M(494M) 8.129ms
[60.628s][info][gc,cpu         ] GC(941) User=0.00s Sys=0.00s Real=0.00s
[60.664s][info][gc,start       ] GC(942) Pause Young (Allocation Failure)
[60.672s][info][gc,heap        ] GC(942) DefNew: 141164K(157248K)->1414K(157248K) Eden: 139776K(139776K)->0K(139776K) From: 1388K(17472K)->1414K(17472K)
[60.672s][info][gc,heap        ] GC(942) Tenured: 38326K(349568K)->38326K(349568K)
[60.672s][info][gc,metaspace   ] GC(942) Metaspace: 73498K(73920K)->73498K(73920K) NonClass: 58355K(58624K)->58355K(58624K) Class: 15143K(15296K)->15143K(15296K)
[60.672s][info][gc             ] GC(942) Pause Young (Allocation Failure) 175M->38M(494M) 8.245ms
[60.672s][info][gc,cpu         ] GC(942) User=0.00s Sys=0.00s Real=0.00s
[60.707s][info][gc,start       ] GC(943) Pause Young (Allocation Failure)
[60.715s][info][gc,heap        ] GC(943) DefNew: 141190K(157248K)->1408K(157248K) Eden: 139776K(139776K)->0K(139776K) From: 1414K(17472K)->1408K(17472K)
[60.715s][info][gc,heap        ] GC(943) Tenured: 38326K(349568K)->38326K(349568K)
[60.715s][info][gc,metaspace   ] GC(943) Metaspace: 73498K(73920K)->73498K(73920K) NonClass: 58355K(58624K)->58355K(58624K) Class: 15143K(15296K)->15143K(15296K)
[60.715s][info][gc             ] GC(943) Pause Young (Allocation Failure) 175M->38M(494M) 8.092ms
[60.715s][info][gc,cpu         ] GC(943) User=0.00s Sys=0.00s Real=0.00s
[60.750s][info][gc,start       ] GC(944) Pause Young (Allocation Failure)
[60.759s][info][gc,heap        ] GC(944) DefNew: 141184K(157248K)->1504K(157248K) Eden: 139776K(139776K)->0K(139776K) From: 1408K(17472K)->1504K(17472K)
[60.759s][info][gc,heap        ] GC(944) Tenured: 38326K(349568K)->38326K(349568K)
[60.759s][info][gc,metaspace   ] GC(944) Metaspace: 73498K(73920K)->73498K(73920K) NonClass: 58355K(58624K)->58355K(58624K) Class: 15143K(15296K)->15143K(15296K)
[60.759s][info][gc             ] GC(944) Pause Young (Allocation Failure) 175M->38M(494M) 8.651ms
[60.759s][info][gc,cpu         ] GC(944) User=0.00s Sys=0.00s Real=0.00s
[60.795s][info][gc,start       ] GC(945) Pause Young (Allocation Failure)
[60.803s][info][gc,heap        ] GC(945) DefNew: 141280K(157248K)->1406K(157248K) Eden: 139776K(139776K)->0K(139776K) From: 1504K(17472K)->1406K(17472K)
[60.803s][info][gc,heap        ] GC(945) Tenured: 38326K(349568K)->38327K(349568K)
[60.803s][info][gc,metaspace   ] GC(945) Metaspace: 73498K(73920K)->73498K(73920K) NonClass: 58355K(58624K)->58355K(58624K) Class: 15143K(15296K)->15143K(15296K)
[60.803s][info][gc             ] GC(945) Pause Young (Allocation Failure) 175M->38M(494M) 8.214ms
[60.803s][info][gc,cpu         ] GC(945) User=0.00s Sys=0.00s Real=0.00s
[60.839s][info][gc,start       ] GC(946) Pause Young (Allocation Failure)
[60.848s][info][gc,heap        ] GC(946) DefNew: 141182K(157248K)->1388K(157248K) Eden: 139776K(139776K)->0K(139776K) From: 1406K(17472K)->1388K(17472K)
[60.848s][info][gc,heap        ] GC(946) Tenured: 38327K(349568K)->38350K(349568K)
[60.848s][info][gc,metaspace   ] GC(946) Metaspace: 73498K(73920K)->73498K(73920K) NonClass: 58355K(58624K)->58355K(58624K) Class: 15143K(15296K)->15143K(15296K)
[60.848s][info][gc             ] GC(946) Pause Young (Allocation Failure) 175M->38M(494M) 9.509ms
[60.848s][info][gc,cpu         ] GC(946) User=0.00s Sys=0.00s Real=0.00s
[60.883s][info][gc,start       ] GC(947) Pause Young (Allocation Failure)
[60.892s][info][gc,heap        ] GC(947) DefNew: 141164K(157248K)->1417K(157248K) Eden: 139776K(139776K)->0K(139776K) From: 1388K(17472K)->1417K(17472K)
[60.892s][info][gc,heap        ] GC(947) Tenured: 38350K(349568K)->38355K(349568K)
[60.892s][info][gc,metaspace   ] GC(947) Metaspace: 73498K(73920K)->73498K(73920K) NonClass: 58355K(58624K)->58355K(58624K) Class: 15143K(15296K)->15143K(15296K)
[60.892s][info][gc             ] GC(947) Pause Young (Allocation Failure) 175M->38M(494M) 8.325ms
[60.892s][info][gc,cpu         ] GC(947) User=0.00s Sys=0.00s Real=0.00s
[60.927s][info][gc,start       ] GC(948) Pause Young (Allocation Failure)
[60.936s][info][gc,heap        ] GC(948) DefNew: 141193K(157248K)->1449K(157248K) Eden: 139776K(139776K)->0K(139776K) From: 1417K(17472K)->1449K(17472K)
[60.936s][info][gc,heap        ] GC(948) Tenured: 38355K(349568K)->38355K(349568K)
[60.936s][info][gc,metaspace   ] GC(948) Metaspace: 73498K(73920K)->73498K(73920K) NonClass: 58355K(58624K)->58355K(58624K) Class: 15143K(15296K)->15143K(15296K)
[60.936s][info][gc             ] GC(948) Pause Young (Allocation Failure) 175M->38M(494M) 9.095ms
[60.936s][info][gc,cpu         ] GC(948) User=0.02s Sys=0.00s Real=0.00s
[60.972s][info][gc,start       ] GC(949) Pause Young (Allocation Failure)
[60.986s][info][gc,heap        ] GC(949) DefNew: 141225K(157248K)->1360K(157248K) Eden: 139776K(139776K)->0K(139776K) From: 1449K(17472K)->1360K(17472K)
[60.986s][info][gc,heap        ] GC(949) Tenured: 38355K(349568K)->38355K(349568K)
[60.986s][info][gc,metaspace   ] GC(949) Metaspace: 73498K(73920K)->73498K(73920K) NonClass: 58355K(58624K)->58355K(58624K) Class: 15143K(15296K)->15143K(15296K)
[60.986s][info][gc             ] GC(949) Pause Young (Allocation Failure) 175M->38M(494M) 14.733ms
[60.986s][info][gc,cpu         ] GC(949) User=0.00s Sys=0.00s Real=0.00s
[61.024s][info][gc,start       ] GC(950) Pause Young (Allocation Failure)
[61.033s][info][gc,heap        ] GC(950) DefNew: 141136K(157248K)->1429K(157248K) Eden: 139776K(139776K)->0K(139776K) From: 1360K(17472K)->1429K(17472K)
[61.033s][info][gc,heap        ] GC(950) Tenured: 38355K(349568K)->38355K(349568K)
[61.033s][info][gc,metaspace   ] GC(950) Metaspace: 73498K(73920K)->73498K(73920K) NonClass: 58355K(58624K)->58355K(58624K) Class: 15143K(15296K)->15143K(15296K)
[61.033s][info][gc             ] GC(950) Pause Young (Allocation Failure) 175M->38M(494M) 9.069ms
[61.033s][info][gc,cpu         ] GC(950) User=0.00s Sys=0.00s Real=0.00s
[61.069s][info][gc,start       ] GC(951) Pause Young (Allocation Failure)
[61.078s][info][gc,heap        ] GC(951) DefNew: 141205K(157248K)->1431K(157248K) Eden: 139776K(139776K)->0K(139776K) From: 1429K(17472K)->1431K(17472K)
[61.078s][info][gc,heap        ] GC(951) Tenured: 38355K(349568K)->38355K(349568K)
[61.078s][info][gc,metaspace   ] GC(951) Metaspace: 73498K(73920K)->73498K(73920K) NonClass: 58355K(58624K)->58355K(58624K) Class: 15143K(15296K)->15143K(15296K)
[61.078s][info][gc             ] GC(951) Pause Young (Allocation Failure) 175M->38M(494M) 8.901ms
[61.078s][info][gc,cpu         ] GC(951) User=0.02s Sys=0.00s Real=0.00s
[61.114s][info][gc,start       ] GC(952) Pause Young (Allocation Failure)
[61.123s][info][gc,heap        ] GC(952) DefNew: 141207K(157248K)->1428K(157248K) Eden: 139776K(139776K)->0K(139776K) From: 1431K(17472K)->1428K(17472K)
[61.123s][info][gc,heap        ] GC(952) Tenured: 38355K(349568K)->38355K(349568K)
[61.123s][info][gc,metaspace   ] GC(952) Metaspace: 73498K(73920K)->73498K(73920K) NonClass: 58355K(58624K)->58355K(58624K) Class: 15143K(15296K)->15143K(15296K)
[61.123s][info][gc             ] GC(952) Pause Young (Allocation Failure) 175M->38M(494M) 9.042ms
[61.123s][info][gc,cpu         ] GC(952) User=0.00s Sys=0.00s Real=0.00s
[61.158s][info][gc,start       ] GC(953) Pause Young (Allocation Failure)
[61.167s][info][gc,heap        ] GC(953) DefNew: 141204K(157248K)->1388K(157248K) Eden: 139776K(139776K)->0K(139776K) From: 1428K(17472K)->1388K(17472K)
[61.167s][info][gc,heap        ] GC(953) Tenured: 38355K(349568K)->38356K(349568K)
[61.167s][info][gc,metaspace   ] GC(953) Metaspace: 73498K(73920K)->73498K(73920K) NonClass: 58355K(58624K)->58355K(58624K) Class: 15143K(15296K)->15143K(15296K)
[61.167s][info][gc             ] GC(953) Pause Young (Allocation Failure) 175M->38M(494M) 8.702ms
[61.167s][info][gc,cpu         ] GC(953) User=0.00s Sys=0.00s Real=0.00s
[61.202s][info][gc,start       ] GC(954) Pause Young (Allocation Failure)
[61.210s][info][gc,heap        ] GC(954) DefNew: 141164K(157248K)->1375K(157248K) Eden: 139776K(139776K)->0K(139776K) From: 1388K(17472K)->1375K(17472K)
[61.211s][info][gc,heap        ] GC(954) Tenured: 38356K(349568K)->38356K(349568K)
[61.211s][info][gc,metaspace   ] GC(954) Metaspace: 73498K(73920K)->73498K(73920K) NonClass: 58355K(58624K)->58355K(58624K) Class: 15143K(15296K)->15143K(15296K)
[61.211s][info][gc             ] GC(954) Pause Young (Allocation Failure) 175M->38M(494M) 8.277ms
[61.211s][info][gc,cpu         ] GC(954) User=0.00s Sys=0.00s Real=0.00s
[61.247s][info][gc,start       ] GC(955) Pause Young (Allocation Failure)
[61.255s][info][gc,heap        ] GC(955) DefNew: 141151K(157248K)->1363K(157248K) Eden: 139775K(139776K)->0K(139776K) From: 1375K(17472K)->1363K(17472K)
[61.255s][info][gc,heap        ] GC(955) Tenured: 38356K(349568K)->38356K(349568K)
[61.255s][info][gc,metaspace   ] GC(955) Metaspace: 73498K(73920K)->73498K(73920K) NonClass: 58355K(58624K)->58355K(58624K) Class: 15143K(15296K)->15143K(15296K)
[61.256s][info][gc             ] GC(955) Pause Young (Allocation Failure) 175M->38M(494M) 8.958ms
[61.256s][info][gc,cpu         ] GC(955) User=0.00s Sys=0.00s Real=0.01s
[61.291s][info][gc,start       ] GC(956) Pause Young (Allocation Failure)
[61.300s][info][gc,heap        ] GC(956) DefNew: 141139K(157248K)->1382K(157248K) Eden: 139776K(139776K)->0K(139776K) From: 1363K(17472K)->1382K(17472K)
[61.300s][info][gc,heap        ] GC(956) Tenured: 38356K(349568K)->38356K(349568K)
[61.300s][info][gc,metaspace   ] GC(956) Metaspace: 73498K(73920K)->73498K(73920K) NonClass: 58355K(58624K)->58355K(58624K) Class: 15143K(15296K)->15143K(15296K)
[61.300s][info][gc             ] GC(956) Pause Young (Allocation Failure) 175M->38M(494M) 8.610ms
[61.300s][info][gc,cpu         ] GC(956) User=0.00s Sys=0.00s Real=0.00s
[61.335s][info][gc,start       ] GC(957) Pause Young (Allocation Failure)
[61.343s][info][gc,heap        ] GC(957) DefNew: 141158K(157248K)->1423K(157248K) Eden: 139776K(139776K)->0K(139776K) From: 1382K(17472K)->1423K(17472K)
[61.343s][info][gc,heap        ] GC(957) Tenured: 38356K(349568K)->38356K(349568K)
[61.343s][info][gc,metaspace   ] GC(957) Metaspace: 73498K(73920K)->73498K(73920K) NonClass: 58355K(58624K)->58355K(58624K) Class: 15143K(15296K)->15143K(15296K)
[61.344s][info][gc             ] GC(957) Pause Young (Allocation Failure) 175M->38M(494M) 8.427ms
[61.344s][info][gc,cpu         ] GC(957) User=0.00s Sys=0.00s Real=0.00s
[61.379s][info][gc,start       ] GC(958) Pause Young (Allocation Failure)
[61.387s][info][gc,heap        ] GC(958) DefNew: 141199K(157248K)->1453K(157248K) Eden: 139776K(139776K)->0K(139776K) From: 1423K(17472K)->1453K(17472K)
[61.387s][info][gc,heap        ] GC(958) Tenured: 38356K(349568K)->38356K(349568K)
[61.387s][info][gc,metaspace   ] GC(958) Metaspace: 73498K(73920K)->73498K(73920K) NonClass: 58355K(58624K)->58355K(58624K) Class: 15143K(15296K)->15143K(15296K)
[61.387s][info][gc             ] GC(958) Pause Young (Allocation Failure) 175M->38M(494M) 8.329ms
[61.387s][info][gc,cpu         ] GC(958) User=0.00s Sys=0.00s Real=0.00s
[61.422s][info][gc,start       ] GC(959) Pause Young (Allocation Failure)
[61.431s][info][gc,heap        ] GC(959) DefNew: 141229K(157248K)->1420K(157248K) Eden: 139776K(139776K)->0K(139776K) From: 1453K(17472K)->1420K(17472K)
[61.431s][info][gc,heap        ] GC(959) Tenured: 38356K(349568K)->38356K(349568K)
[61.431s][info][gc,metaspace   ] GC(959) Metaspace: 73498K(73920K)->73498K(73920K) NonClass: 58355K(58624K)->58355K(58624K) Class: 15143K(15296K)->15143K(15296K)
[61.431s][info][gc             ] GC(959) Pause Young (Allocation Failure) 175M->38M(494M) 8.363ms
[61.431s][info][gc,cpu         ] GC(959) User=0.00s Sys=0.00s Real=0.00s
[61.466s][info][gc,start       ] GC(960) Pause Young (Allocation Failure)
[61.474s][info][gc,heap        ] GC(960) DefNew: 141196K(157248K)->1442K(157248K) Eden: 139776K(139776K)->0K(139776K) From: 1420K(17472K)->1442K(17472K)
[61.475s][info][gc,heap        ] GC(960) Tenured: 38356K(349568K)->38356K(349568K)
[61.475s][info][gc,metaspace   ] GC(960) Metaspace: 73498K(73920K)->73498K(73920K) NonClass: 58355K(58624K)->58355K(58624K) Class: 15143K(15296K)->15143K(15296K)
[61.475s][info][gc             ] GC(960) Pause Young (Allocation Failure) 175M->38M(494M) 8.463ms
[61.475s][info][gc,cpu         ] GC(960) User=0.00s Sys=0.00s Real=0.00s
[61.510s][info][gc,start       ] GC(961) Pause Young (Allocation Failure)
[61.519s][info][gc,heap        ] GC(961) DefNew: 141218K(157248K)->1361K(157248K) Eden: 139776K(139776K)->0K(139776K) From: 1442K(17472K)->1361K(17472K)
[61.519s][info][gc,heap        ] GC(961) Tenured: 38356K(349568K)->38357K(349568K)
[61.519s][info][gc,metaspace   ] GC(961) Metaspace: 73498K(73920K)->73498K(73920K) NonClass: 58355K(58624K)->58355K(58624K) Class: 15143K(15296K)->15143K(15296K)
[61.519s][info][gc             ] GC(961) Pause Young (Allocation Failure) 175M->38M(494M) 8.800ms
[61.519s][info][gc,cpu         ] GC(961) User=0.00s Sys=0.00s Real=0.00s
[61.554s][info][gc,start       ] GC(962) Pause Young (Allocation Failure)
[61.563s][info][gc,heap        ] GC(962) DefNew: 141137K(157248K)->1399K(157248K) Eden: 139776K(139776K)->0K(139776K) From: 1361K(17472K)->1399K(17472K)
[61.563s][info][gc,heap        ] GC(962) Tenured: 38357K(349568K)->38357K(349568K)
[61.563s][info][gc,metaspace   ] GC(962) Metaspace: 73498K(73920K)->73498K(73920K) NonClass: 58355K(58624K)->58355K(58624K) Class: 15143K(15296K)->15143K(15296K)
[61.563s][info][gc             ] GC(962) Pause Young (Allocation Failure) 175M->38M(494M) 8.958ms
[61.563s][info][gc,cpu         ] GC(962) User=0.00s Sys=0.00s Real=0.00s
[61.599s][info][gc,start       ] GC(963) Pause Young (Allocation Failure)
[61.607s][info][gc,heap        ] GC(963) DefNew: 141175K(157248K)->1403K(157248K) Eden: 139776K(139776K)->0K(139776K) From: 1399K(17472K)->1403K(17472K)
[61.607s][info][gc,heap        ] GC(963) Tenured: 38357K(349568K)->38358K(349568K)
[61.607s][info][gc,metaspace   ] GC(963) Metaspace: 73498K(73920K)->73498K(73920K) NonClass: 58355K(58624K)->58355K(58624K) Class: 15143K(15296K)->15143K(15296K)
[61.608s][info][gc             ] GC(963) Pause Young (Allocation Failure) 175M->38M(494M) 8.879ms
[61.608s][info][gc,cpu         ] GC(963) User=0.00s Sys=0.00s Real=0.00s
[61.643s][info][gc,start       ] GC(964) Pause Young (Allocation Failure)
[61.651s][info][gc,heap        ] GC(964) DefNew: 141179K(157248K)->1367K(157248K) Eden: 139776K(139776K)->0K(139776K) From: 1403K(17472K)->1367K(17472K)
[61.651s][info][gc,heap        ] GC(964) Tenured: 38358K(349568K)->38358K(349568K)
[61.651s][info][gc,metaspace   ] GC(964) Metaspace: 73498K(73920K)->73498K(73920K) NonClass: 58355K(58624K)->58355K(58624K) Class: 15143K(15296K)->15143K(15296K)
[61.651s][info][gc             ] GC(964) Pause Young (Allocation Failure) 175M->38M(494M) 8.331ms
[61.651s][info][gc,cpu         ] GC(964) User=0.00s Sys=0.00s Real=0.00s
[61.687s][info][gc,start       ] GC(965) Pause Young (Allocation Failure)
[61.695s][info][gc,heap        ] GC(965) DefNew: 141143K(157248K)->1425K(157248K) Eden: 139776K(139776K)->0K(139776K) From: 1367K(17472K)->1425K(17472K)
[61.695s][info][gc,heap        ] GC(965) Tenured: 38358K(349568K)->38358K(349568K)
[61.695s][info][gc,metaspace   ] GC(965) Metaspace: 73498K(73920K)->73498K(73920K) NonClass: 58355K(58624K)->58355K(58624K) Class: 15143K(15296K)->15143K(15296K)
[61.695s][info][gc             ] GC(965) Pause Young (Allocation Failure) 175M->38M(494M) 8.484ms
[61.695s][info][gc,cpu         ] GC(965) User=0.00s Sys=0.00s Real=0.00s
[61.731s][info][gc,start       ] GC(966) Pause Young (Allocation Failure)
[61.739s][info][gc,heap        ] GC(966) DefNew: 141201K(157248K)->1395K(157248K) Eden: 139776K(139776K)->0K(139776K) From: 1425K(17472K)->1395K(17472K)
[61.739s][info][gc,heap        ] GC(966) Tenured: 38358K(349568K)->38358K(349568K)
[61.739s][info][gc,metaspace   ] GC(966) Metaspace: 73498K(73920K)->73498K(73920K) NonClass: 58355K(58624K)->58355K(58624K) Class: 15143K(15296K)->15143K(15296K)
[61.739s][info][gc             ] GC(966) Pause Young (Allocation Failure) 175M->38M(494M) 8.112ms
[61.739s][info][gc,cpu         ] GC(966) User=0.00s Sys=0.00s Real=0.01s
[61.774s][info][gc,start       ] GC(967) Pause Young (Allocation Failure)
[61.782s][info][gc,heap        ] GC(967) DefNew: 141171K(157248K)->1460K(157248K) Eden: 139776K(139776K)->0K(139776K) From: 1395K(17472K)->1460K(17472K)
[61.782s][info][gc,heap        ] GC(967) Tenured: 38358K(349568K)->38358K(349568K)
[61.782s][info][gc,metaspace   ] GC(967) Metaspace: 73498K(73920K)->73498K(73920K) NonClass: 58355K(58624K)->58355K(58624K) Class: 15143K(15296K)->15143K(15296K)
[61.782s][info][gc             ] GC(967) Pause Young (Allocation Failure) 175M->38M(494M) 8.356ms
[61.782s][info][gc,cpu         ] GC(967) User=0.00s Sys=0.00s Real=0.00s
[61.818s][info][gc,start       ] GC(968) Pause Young (Allocation Failure)
[61.826s][info][gc,heap        ] GC(968) DefNew: 141236K(157248K)->1359K(157248K) Eden: 139776K(139776K)->0K(139776K) From: 1460K(17472K)->1359K(17472K)
[61.826s][info][gc,heap        ] GC(968) Tenured: 38358K(349568K)->38358K(349568K)
[61.826s][info][gc,metaspace   ] GC(968) Metaspace: 73498K(73920K)->73498K(73920K) NonClass: 58355K(58624K)->58355K(58624K) Class: 15143K(15296K)->15143K(15296K)
[61.826s][info][gc             ] GC(968) Pause Young (Allocation Failure) 175M->38M(494M) 8.027ms
[61.826s][info][gc,cpu         ] GC(968) User=0.00s Sys=0.00s Real=0.00s
[61.861s][info][gc,start       ] GC(969) Pause Young (Allocation Failure)
[61.870s][info][gc,heap        ] GC(969) DefNew: 141135K(157248K)->1405K(157248K) Eden: 139776K(139776K)->0K(139776K) From: 1359K(17472K)->1405K(17472K)
[61.870s][info][gc,heap        ] GC(969) Tenured: 38358K(349568K)->38382K(349568K)
[61.870s][info][gc,metaspace   ] GC(969) Metaspace: 73498K(73920K)->73498K(73920K) NonClass: 58355K(58624K)->58355K(58624K) Class: 15143K(15296K)->15143K(15296K)
[61.870s][info][gc             ] GC(969) Pause Young (Allocation Failure) 175M->38M(494M) 8.227ms
[61.870s][info][gc,cpu         ] GC(969) User=0.00s Sys=0.00s Real=0.00s
[61.905s][info][gc,start       ] GC(970) Pause Young (Allocation Failure)
[61.913s][info][gc,heap        ] GC(970) DefNew: 141181K(157248K)->1410K(157248K) Eden: 139776K(139776K)->0K(139776K) From: 1405K(17472K)->1410K(17472K)
[61.914s][info][gc,heap        ] GC(970) Tenured: 38382K(349568K)->38383K(349568K)
[61.914s][info][gc,metaspace   ] GC(970) Metaspace: 73499K(73920K)->73499K(73920K) NonClass: 58356K(58624K)->58356K(58624K) Class: 15143K(15296K)->15143K(15296K)
[61.914s][info][gc             ] GC(970) Pause Young (Allocation Failure) 175M->38M(494M) 8.541ms
[61.914s][info][gc,cpu         ] GC(970) User=0.00s Sys=0.00s Real=0.00s
[61.949s][info][gc,start       ] GC(971) Pause Young (Allocation Failure)
[61.957s][info][gc,heap        ] GC(971) DefNew: 141186K(157248K)->1421K(157248K) Eden: 139776K(139776K)->0K(139776K) From: 1410K(17472K)->1421K(17472K)
[61.957s][info][gc,heap        ] GC(971) Tenured: 38383K(349568K)->38383K(349568K)
[61.957s][info][gc,metaspace   ] GC(971) Metaspace: 73499K(73920K)->73499K(73920K) NonClass: 58356K(58624K)->58356K(58624K) Class: 15143K(15296K)->15143K(15296K)
[61.957s][info][gc             ] GC(971) Pause Young (Allocation Failure) 175M->38M(494M) 8.354ms
[61.957s][info][gc,cpu         ] GC(971) User=0.00s Sys=0.00s Real=0.00s
[61.993s][info][gc,start       ] GC(972) Pause Young (Allocation Failure)
[62.001s][info][gc,heap        ] GC(972) DefNew: 141197K(157248K)->1375K(157248K) Eden: 139776K(139776K)->0K(139776K) From: 1421K(17472K)->1375K(17472K)
[62.001s][info][gc,heap        ] GC(972) Tenured: 38383K(349568K)->38383K(349568K)
[62.001s][info][gc,metaspace   ] GC(972) Metaspace: 73499K(73920K)->73499K(73920K) NonClass: 58356K(58624K)->58356K(58624K) Class: 15143K(15296K)->15143K(15296K)
[62.001s][info][gc             ] GC(972) Pause Young (Allocation Failure) 175M->38M(494M) 8.279ms
[62.001s][info][gc,cpu         ] GC(972) User=0.00s Sys=0.00s Real=0.00s
[62.037s][info][gc,start       ] GC(973) Pause Young (Allocation Failure)
[62.045s][info][gc,heap        ] GC(973) DefNew: 141151K(157248K)->1440K(157248K) Eden: 139776K(139776K)->0K(139776K) From: 1375K(17472K)->1440K(17472K)
[62.045s][info][gc,heap        ] GC(973) Tenured: 38383K(349568K)->38383K(349568K)
[62.045s][info][gc,metaspace   ] GC(973) Metaspace: 73502K(73920K)->73502K(73920K) NonClass: 58358K(58624K)->58358K(58624K) Class: 15143K(15296K)->15143K(15296K)
[62.045s][info][gc             ] GC(973) Pause Young (Allocation Failure) 175M->38M(494M) 8.519ms
[62.045s][info][gc,cpu         ] GC(973) User=0.02s Sys=0.00s Real=0.01s
[62.081s][info][gc,start       ] GC(974) Pause Young (Allocation Failure)
[62.089s][info][gc,heap        ] GC(974) DefNew: 141216K(157248K)->1465K(157248K) Eden: 139776K(139776K)->0K(139776K) From: 1440K(17472K)->1465K(17472K)
[62.089s][info][gc,heap        ] GC(974) Tenured: 38383K(349568K)->38383K(349568K)
[62.089s][info][gc,metaspace   ] GC(974) Metaspace: 73502K(73920K)->73502K(73920K) NonClass: 58358K(58624K)->58358K(58624K) Class: 15143K(15296K)->15143K(15296K)
[62.089s][info][gc             ] GC(974) Pause Young (Allocation Failure) 175M->38M(494M) 8.415ms
[62.089s][info][gc,cpu         ] GC(974) User=0.00s Sys=0.00s Real=0.00s
[62.125s][info][gc,start       ] GC(975) Pause Young (Allocation Failure)
[62.133s][info][gc,heap        ] GC(975) DefNew: 141241K(157248K)->1417K(157248K) Eden: 139776K(139776K)->0K(139776K) From: 1465K(17472K)->1417K(17472K)
[62.133s][info][gc,heap        ] GC(975) Tenured: 38383K(349568K)->38383K(349568K)
[62.133s][info][gc,metaspace   ] GC(975) Metaspace: 73502K(73920K)->73502K(73920K) NonClass: 58358K(58624K)->58358K(58624K) Class: 15143K(15296K)->15143K(15296K)
[62.133s][info][gc             ] GC(975) Pause Young (Allocation Failure) 175M->38M(494M) 8.325ms
[62.133s][info][gc,cpu         ] GC(975) User=0.00s Sys=0.00s Real=0.00s
[62.168s][info][gc,start       ] GC(976) Pause Young (Allocation Failure)
[62.177s][info][gc,heap        ] GC(976) DefNew: 141193K(157248K)->1454K(157248K) Eden: 139776K(139776K)->0K(139776K) From: 1417K(17472K)->1454K(17472K)
[62.177s][info][gc,heap        ] GC(976) Tenured: 38383K(349568K)->38383K(349568K)
[62.177s][info][gc,metaspace   ] GC(976) Metaspace: 73502K(73920K)->73502K(73920K) NonClass: 58358K(58624K)->58358K(58624K) Class: 15143K(15296K)->15143K(15296K)
[62.177s][info][gc             ] GC(976) Pause Young (Allocation Failure) 175M->38M(494M) 8.510ms
[62.177s][info][gc,cpu         ] GC(976) User=0.00s Sys=0.00s Real=0.00s
[62.212s][info][gc,start       ] GC(977) Pause Young (Allocation Failure)
[62.221s][info][gc,heap        ] GC(977) DefNew: 141230K(157248K)->1522K(157248K) Eden: 139776K(139776K)->0K(139776K) From: 1454K(17472K)->1522K(17472K)
[62.221s][info][gc,heap        ] GC(977) Tenured: 38383K(349568K)->38384K(349568K)
[62.221s][info][gc,metaspace   ] GC(977) Metaspace: 73502K(73920K)->73502K(73920K) NonClass: 58358K(58624K)->58358K(58624K) Class: 15143K(15296K)->15143K(15296K)
[62.221s][info][gc             ] GC(977) Pause Young (Allocation Failure) 175M->38M(494M) 8.798ms
[62.221s][info][gc,cpu         ] GC(977) User=0.00s Sys=0.00s Real=0.00s
[62.257s][info][gc,start       ] GC(978) Pause Young (Allocation Failure)
[62.266s][info][gc,heap        ] GC(978) DefNew: 141298K(157248K)->1490K(157248K) Eden: 139776K(139776K)->0K(139776K) From: 1522K(17472K)->1490K(17472K)
[62.266s][info][gc,heap        ] GC(978) Tenured: 38384K(349568K)->38385K(349568K)
[62.266s][info][gc,metaspace   ] GC(978) Metaspace: 73502K(73920K)->73502K(73920K) NonClass: 58358K(58624K)->58358K(58624K) Class: 15143K(15296K)->15143K(15296K)
[62.266s][info][gc             ] GC(978) Pause Young (Allocation Failure) 175M->38M(494M) 9.267ms
[62.266s][info][gc,cpu         ] GC(978) User=0.00s Sys=0.00s Real=0.00s
[62.301s][info][gc,start       ] GC(979) Pause Young (Allocation Failure)
[62.311s][info][gc,heap        ] GC(979) DefNew: 141266K(157248K)->1537K(157248K) Eden: 139776K(139776K)->0K(139776K) From: 1490K(17472K)->1537K(17472K)
[62.311s][info][gc,heap        ] GC(979) Tenured: 38385K(349568K)->38386K(349568K)
[62.311s][info][gc,metaspace   ] GC(979) Metaspace: 73502K(73920K)->73502K(73920K) NonClass: 58358K(58624K)->58358K(58624K) Class: 15143K(15296K)->15143K(15296K)
[62.311s][info][gc             ] GC(979) Pause Young (Allocation Failure) 175M->38M(494M) 9.296ms
[62.311s][info][gc,cpu         ] GC(979) User=0.02s Sys=0.00s Real=0.01s
[62.347s][info][gc,start       ] GC(980) Pause Young (Allocation Failure)
[62.355s][info][gc,heap        ] GC(980) DefNew: 141313K(157248K)->1490K(157248K) Eden: 139776K(139776K)->0K(139776K) From: 1537K(17472K)->1490K(17472K)
[62.355s][info][gc,heap        ] GC(980) Tenured: 38386K(349568K)->38387K(349568K)
[62.355s][info][gc,metaspace   ] GC(980) Metaspace: 73502K(73920K)->73502K(73920K) NonClass: 58358K(58624K)->58358K(58624K) Class: 15143K(15296K)->15143K(15296K)
[62.355s][info][gc             ] GC(980) Pause Young (Allocation Failure) 175M->38M(494M) 8.665ms
[62.355s][info][gc,cpu         ] GC(980) User=0.00s Sys=0.00s Real=0.00s
[62.391s][info][gc,start       ] GC(981) Pause Young (Allocation Failure)
[62.399s][info][gc,heap        ] GC(981) DefNew: 141266K(157248K)->1508K(157248K) Eden: 139776K(139776K)->0K(139776K) From: 1490K(17472K)->1508K(17472K)
[62.399s][info][gc,heap        ] GC(981) Tenured: 38387K(349568K)->38387K(349568K)
[62.399s][info][gc,metaspace   ] GC(981) Metaspace: 73502K(73920K)->73502K(73920K) NonClass: 58358K(58624K)->58358K(58624K) Class: 15143K(15296K)->15143K(15296K)
[62.399s][info][gc             ] GC(981) Pause Young (Allocation Failure) 175M->38M(494M) 8.631ms
[62.399s][info][gc,cpu         ] GC(981) User=0.00s Sys=0.00s Real=0.00s
[62.435s][info][gc,start       ] GC(982) Pause Young (Allocation Failure)
[62.443s][info][gc,heap        ] GC(982) DefNew: 141284K(157248K)->1454K(157248K) Eden: 139776K(139776K)->0K(139776K) From: 1508K(17472K)->1454K(17472K)
[62.443s][info][gc,heap        ] GC(982) Tenured: 38387K(349568K)->38388K(349568K)
[62.444s][info][gc,metaspace   ] GC(982) Metaspace: 73502K(73920K)->73502K(73920K) NonClass: 58358K(58624K)->58358K(58624K) Class: 15143K(15296K)->15143K(15296K)
[62.444s][info][gc             ] GC(982) Pause Young (Allocation Failure) 175M->38M(494M) 8.467ms
[62.444s][info][gc,cpu         ] GC(982) User=0.00s Sys=0.00s Real=0.00s
[62.479s][info][gc,start       ] GC(983) Pause Young (Allocation Failure)
[62.488s][info][gc,heap        ] GC(983) DefNew: 141230K(157248K)->1449K(157248K) Eden: 139776K(139776K)->0K(139776K) From: 1454K(17472K)->1449K(17472K)
[62.488s][info][gc,heap        ] GC(983) Tenured: 38388K(349568K)->38389K(349568K)
[62.488s][info][gc,metaspace   ] GC(983) Metaspace: 73502K(73920K)->73502K(73920K) NonClass: 58358K(58624K)->58358K(58624K) Class: 15143K(15296K)->15143K(15296K)
[62.488s][info][gc             ] GC(983) Pause Young (Allocation Failure) 175M->38M(494M) 9.265ms
[62.488s][info][gc,cpu         ] GC(983) User=0.00s Sys=0.00s Real=0.00s
[62.523s][info][gc,start       ] GC(984) Pause Young (Allocation Failure)
[62.532s][info][gc,heap        ] GC(984) DefNew: 141225K(157248K)->1472K(157248K) Eden: 139776K(139776K)->0K(139776K) From: 1449K(17472K)->1472K(17472K)
[62.532s][info][gc,heap        ] GC(984) Tenured: 38389K(349568K)->38389K(349568K)
[62.532s][info][gc,metaspace   ] GC(984) Metaspace: 73502K(73920K)->73502K(73920K) NonClass: 58358K(58624K)->58358K(58624K) Class: 15143K(15296K)->15143K(15296K)
[62.532s][info][gc             ] GC(984) Pause Young (Allocation Failure) 175M->38M(494M) 9.088ms
[62.532s][info][gc,cpu         ] GC(984) User=0.00s Sys=0.00s Real=0.00s
[62.568s][info][gc,start       ] GC(985) Pause Young (Allocation Failure)
[62.576s][info][gc,heap        ] GC(985) DefNew: 141248K(157248K)->1434K(157248K) Eden: 139776K(139776K)->0K(139776K) From: 1472K(17472K)->1434K(17472K)
[62.576s][info][gc,heap        ] GC(985) Tenured: 38389K(349568K)->38409K(349568K)
[62.576s][info][gc,metaspace   ] GC(985) Metaspace: 73502K(73920K)->73502K(73920K) NonClass: 58358K(58624K)->58358K(58624K) Class: 15143K(15296K)->15143K(15296K)
[62.576s][info][gc             ] GC(985) Pause Young (Allocation Failure) 175M->38M(494M) 8.399ms
[62.576s][info][gc,cpu         ] GC(985) User=0.00s Sys=0.00s Real=0.00s
[62.612s][info][gc,start       ] GC(986) Pause Young (Allocation Failure)
[62.620s][info][gc,heap        ] GC(986) DefNew: 141210K(157248K)->1358K(157248K) Eden: 139776K(139776K)->0K(139776K) From: 1434K(17472K)->1358K(17472K)
[62.620s][info][gc,heap        ] GC(986) Tenured: 38409K(349568K)->38410K(349568K)
[62.620s][info][gc,metaspace   ] GC(986) Metaspace: 73502K(73920K)->73502K(73920K) NonClass: 58358K(58624K)->58358K(58624K) Class: 15143K(15296K)->15143K(15296K)
[62.620s][info][gc             ] GC(986) Pause Young (Allocation Failure) 175M->38M(494M) 8.100ms
[62.620s][info][gc,cpu         ] GC(986) User=0.00s Sys=0.00s Real=0.00s
[62.655s][info][gc,start       ] GC(987) Pause Young (Allocation Failure)
[62.663s][info][gc,heap        ] GC(987) DefNew: 141134K(157248K)->1426K(157248K) Eden: 139776K(139776K)->0K(139776K) From: 1358K(17472K)->1426K(17472K)
[62.663s][info][gc,heap        ] GC(987) Tenured: 38410K(349568K)->38411K(349568K)
[62.663s][info][gc,metaspace   ] GC(987) Metaspace: 73502K(73920K)->73502K(73920K) NonClass: 58358K(58624K)->58358K(58624K) Class: 15143K(15296K)->15143K(15296K)
[62.663s][info][gc             ] GC(987) Pause Young (Allocation Failure) 175M->38M(494M) 8.237ms
[62.663s][info][gc,cpu         ] GC(987) User=0.00s Sys=0.00s Real=0.00s
[62.699s][info][gc,start       ] GC(988) Pause Young (Allocation Failure)
[62.707s][info][gc,heap        ] GC(988) DefNew: 141202K(157248K)->1443K(157248K) Eden: 139776K(139776K)->0K(139776K) From: 1426K(17472K)->1443K(17472K)
[62.707s][info][gc,heap        ] GC(988) Tenured: 38411K(349568K)->38429K(349568K)
[62.707s][info][gc,metaspace   ] GC(988) Metaspace: 73502K(73920K)->73502K(73920K) NonClass: 58358K(58624K)->58358K(58624K) Class: 15143K(15296K)->15143K(15296K)
[62.707s][info][gc             ] GC(988) Pause Young (Allocation Failure) 175M->38M(494M) 8.334ms
[62.707s][info][gc,cpu         ] GC(988) User=0.00s Sys=0.00s Real=0.00s
[62.742s][info][gc,start       ] GC(989) Pause Young (Allocation Failure)
[62.750s][info][gc,heap        ] GC(989) DefNew: 141219K(157248K)->1372K(157248K) Eden: 139776K(139776K)->0K(139776K) From: 1443K(17472K)->1372K(17472K)
[62.750s][info][gc,heap        ] GC(989) Tenured: 38429K(349568K)->38429K(349568K)
[62.750s][info][gc,metaspace   ] GC(989) Metaspace: 73502K(73920K)->73502K(73920K) NonClass: 58358K(58624K)->58358K(58624K) Class: 15143K(15296K)->15143K(15296K)
[62.751s][info][gc             ] GC(989) Pause Young (Allocation Failure) 175M->38M(494M) 8.126ms
[62.751s][info][gc,cpu         ] GC(989) User=0.00s Sys=0.00s Real=0.01s
[62.786s][info][gc,start       ] GC(990) Pause Young (Allocation Failure)
[62.795s][info][gc,heap        ] GC(990) DefNew: 141148K(157248K)->1400K(157248K) Eden: 139776K(139776K)->0K(139776K) From: 1372K(17472K)->1400K(17472K)
[62.795s][info][gc,heap        ] GC(990) Tenured: 38429K(349568K)->38429K(349568K)
[62.795s][info][gc,metaspace   ] GC(990) Metaspace: 73502K(73920K)->73502K(73920K) NonClass: 58358K(58624K)->58358K(58624K) Class: 15143K(15296K)->15143K(15296K)
[62.795s][info][gc             ] GC(990) Pause Young (Allocation Failure) 175M->38M(494M) 8.481ms
[62.795s][info][gc,cpu         ] GC(990) User=0.00s Sys=0.00s Real=0.00s
[62.830s][info][gc,start       ] GC(991) Pause Young (Allocation Failure)
[62.839s][info][gc,heap        ] GC(991) DefNew: 141176K(157248K)->1412K(157248K) Eden: 139776K(139776K)->0K(139776K) From: 1400K(17472K)->1412K(17472K)
[62.839s][info][gc,heap        ] GC(991) Tenured: 38429K(349568K)->38429K(349568K)
[62.839s][info][gc,metaspace   ] GC(991) Metaspace: 73502K(73920K)->73502K(73920K) NonClass: 58358K(58624K)->58358K(58624K) Class: 15143K(15296K)->15143K(15296K)
[62.839s][info][gc             ] GC(991) Pause Young (Allocation Failure) 175M->38M(494M) 9.078ms
[62.839s][info][gc,cpu         ] GC(991) User=0.00s Sys=0.00s Real=0.00s
[62.875s][info][gc,start       ] GC(992) Pause Young (Allocation Failure)
[62.884s][info][gc,heap        ] GC(992) DefNew: 141188K(157248K)->1373K(157248K) Eden: 139776K(139776K)->0K(139776K) From: 1412K(17472K)->1373K(17472K)
[62.884s][info][gc,heap        ] GC(992) Tenured: 38429K(349568K)->38453K(349568K)
[62.884s][info][gc,metaspace   ] GC(992) Metaspace: 73502K(73920K)->73502K(73920K) NonClass: 58358K(58624K)->58358K(58624K) Class: 15143K(15296K)->15143K(15296K)
[62.884s][info][gc             ] GC(992) Pause Young (Allocation Failure) 175M->38M(494M) 9.093ms
[62.884s][info][gc,cpu         ] GC(992) User=0.00s Sys=0.00s Real=0.00s
[62.921s][info][gc,start       ] GC(993) Pause Young (Allocation Failure)
[62.930s][info][gc,heap        ] GC(993) DefNew: 141149K(157248K)->1374K(157248K) Eden: 139776K(139776K)->0K(139776K) From: 1373K(17472K)->1374K(17472K)
[62.930s][info][gc,heap        ] GC(993) Tenured: 38453K(349568K)->38454K(349568K)
[62.930s][info][gc,metaspace   ] GC(993) Metaspace: 73502K(73920K)->73502K(73920K) NonClass: 58358K(58624K)->58358K(58624K) Class: 15143K(15296K)->15143K(15296K)
[62.930s][info][gc             ] GC(993) Pause Young (Allocation Failure) 175M->38M(494M) 9.171ms
[62.930s][info][gc,cpu         ] GC(993) User=0.00s Sys=0.00s Real=0.00s
[62.966s][info][gc,start       ] GC(994) Pause Young (Allocation Failure)
[62.975s][info][gc,heap        ] GC(994) DefNew: 141150K(157248K)->1349K(157248K) Eden: 139776K(139776K)->0K(139776K) From: 1374K(17472K)->1349K(17472K)
[62.975s][info][gc,heap        ] GC(994) Tenured: 38454K(349568K)->38454K(349568K)
[62.975s][info][gc,metaspace   ] GC(994) Metaspace: 73502K(73920K)->73502K(73920K) NonClass: 58358K(58624K)->58358K(58624K) Class: 15143K(15296K)->15143K(15296K)
[62.975s][info][gc             ] GC(994) Pause Young (Allocation Failure) 175M->38M(494M) 8.622ms
[62.975s][info][gc,cpu         ] GC(994) User=0.00s Sys=0.00s Real=0.00s
[63.010s][info][gc,start       ] GC(995) Pause Young (Allocation Failure)
[63.019s][info][gc,heap        ] GC(995) DefNew: 141125K(157248K)->1429K(157248K) Eden: 139776K(139776K)->0K(139776K) From: 1349K(17472K)->1429K(17472K)
[63.019s][info][gc,heap        ] GC(995) Tenured: 38454K(349568K)->38455K(349568K)
[63.019s][info][gc,metaspace   ] GC(995) Metaspace: 73502K(73920K)->73502K(73920K) NonClass: 58358K(58624K)->58358K(58624K) Class: 15143K(15296K)->15143K(15296K)
[63.019s][info][gc             ] GC(995) Pause Young (Allocation Failure) 175M->38M(494M) 8.231ms
[63.019s][info][gc,cpu         ] GC(995) User=0.00s Sys=0.00s Real=0.00s
[63.055s][info][gc,start       ] GC(996) Pause Young (Allocation Failure)
[63.063s][info][gc,heap        ] GC(996) DefNew: 141205K(157248K)->1361K(157248K) Eden: 139776K(139776K)->0K(139776K) From: 1429K(17472K)->1361K(17472K)
[63.063s][info][gc,heap        ] GC(996) Tenured: 38455K(349568K)->38455K(349568K)
[63.063s][info][gc,metaspace   ] GC(996) Metaspace: 73502K(73920K)->73502K(73920K) NonClass: 58358K(58624K)->58358K(58624K) Class: 15143K(15296K)->15143K(15296K)
[63.063s][info][gc             ] GC(996) Pause Young (Allocation Failure) 175M->38M(494M) 8.519ms
[63.063s][info][gc,cpu         ] GC(996) User=0.00s Sys=0.00s Real=0.00s
[63.099s][info][gc,start       ] GC(997) Pause Young (Allocation Failure)
[63.108s][info][gc,heap        ] GC(997) DefNew: 141137K(157248K)->1422K(157248K) Eden: 139776K(139776K)->0K(139776K) From: 1361K(17472K)->1422K(17472K)
[63.108s][info][gc,heap        ] GC(997) Tenured: 38455K(349568K)->38455K(349568K)
[63.108s][info][gc,metaspace   ] GC(997) Metaspace: 73502K(73920K)->73502K(73920K) NonClass: 58358K(58624K)->58358K(58624K) Class: 15143K(15296K)->15143K(15296K)
[63.108s][info][gc             ] GC(997) Pause Young (Allocation Failure) 175M->38M(494M) 8.518ms
[63.108s][info][gc,cpu         ] GC(997) User=0.00s Sys=0.00s Real=0.00s
[63.144s][info][gc,start       ] GC(998) Pause Young (Allocation Failure)
[63.151s][info][gc,heap        ] GC(998) DefNew: 141198K(157248K)->1430K(157248K) Eden: 139776K(139776K)->0K(139776K) From: 1422K(17472K)->1430K(17472K)
[63.151s][info][gc,heap        ] GC(998) Tenured: 38455K(349568K)->38455K(349568K)
[63.152s][info][gc,metaspace   ] GC(998) Metaspace: 73502K(73920K)->73502K(73920K) NonClass: 58358K(58624K)->58358K(58624K) Class: 15143K(15296K)->15143K(15296K)
[63.152s][info][gc             ] GC(998) Pause Young (Allocation Failure) 175M->38M(494M) 8.009ms
[63.152s][info][gc,cpu         ] GC(998) User=0.00s Sys=0.00s Real=0.00s
[63.188s][info][gc,start       ] GC(999) Pause Young (Allocation Failure)
[63.197s][info][gc,heap        ] GC(999) DefNew: 141206K(157248K)->1459K(157248K) Eden: 139776K(139776K)->0K(139776K) From: 1430K(17472K)->1459K(17472K)
[63.197s][info][gc,heap        ] GC(999) Tenured: 38455K(349568K)->38455K(349568K)
[63.197s][info][gc,metaspace   ] GC(999) Metaspace: 73503K(73920K)->73503K(73920K) NonClass: 58359K(58624K)->58359K(58624K) Class: 15143K(15296K)->15143K(15296K)
[63.197s][info][gc             ] GC(999) Pause Young (Allocation Failure) 175M->38M(494M) 9.355ms
[63.197s][info][gc,cpu         ] GC(999) User=0.00s Sys=0.00s Real=0.00s
[63.234s][info][gc,start       ] GC(1000) Pause Young (Allocation Failure)
[63.242s][info][gc,heap        ] GC(1000) DefNew: 141235K(157248K)->1485K(157248K) Eden: 139776K(139776K)->0K(139776K) From: 1459K(17472K)->1485K(17472K)
[63.242s][info][gc,heap        ] GC(1000) Tenured: 38455K(349568K)->38455K(349568K)
[63.242s][info][gc,metaspace   ] GC(1000) Metaspace: 73511K(73920K)->73511K(73920K) NonClass: 58368K(58624K)->58368K(58624K) Class: 15143K(15296K)->15143K(15296K)
[63.242s][info][gc             ] GC(1000) Pause Young (Allocation Failure) 175M->39M(494M) 8.556ms
[63.242s][info][gc,cpu         ] GC(1000) User=0.00s Sys=0.00s Real=0.00s
[63.280s][info][gc,start       ] GC(1001) Pause Young (Allocation Failure)
[63.288s][info][gc,heap        ] GC(1001) DefNew: 141261K(157248K)->1412K(157248K) Eden: 139776K(139776K)->0K(139776K) From: 1485K(17472K)->1412K(17472K)
[63.288s][info][gc,heap        ] GC(1001) Tenured: 38455K(349568K)->38455K(349568K)
[63.288s][info][gc,metaspace   ] GC(1001) Metaspace: 73511K(73920K)->73511K(73920K) NonClass: 58368K(58624K)->58368K(58624K) Class: 15143K(15296K)->15143K(15296K)
[63.288s][info][gc             ] GC(1001) Pause Young (Allocation Failure) 175M->38M(494M) 8.226ms
[63.288s][info][gc,cpu         ] GC(1001) User=0.00s Sys=0.00s Real=0.00s
[63.324s][info][gc,start       ] GC(1002) Pause Young (Allocation Failure)
[63.333s][info][gc,heap        ] GC(1002) DefNew: 141188K(157248K)->1458K(157248K) Eden: 139776K(139776K)->0K(139776K) From: 1412K(17472K)->1458K(17472K)
[63.333s][info][gc,heap        ] GC(1002) Tenured: 38455K(349568K)->38455K(349568K)
[63.333s][info][gc,metaspace   ] GC(1002) Metaspace: 73511K(73920K)->73511K(73920K) NonClass: 58368K(58624K)->58368K(58624K) Class: 15143K(15296K)->15143K(15296K)
[63.333s][info][gc             ] GC(1002) Pause Young (Allocation Failure) 175M->38M(494M) 8.674ms
[63.333s][info][gc,cpu         ] GC(1002) User=0.00s Sys=0.00s Real=0.00s
[63.371s][info][gc,start       ] GC(1003) Pause Young (Allocation Failure)
[63.379s][info][gc,heap        ] GC(1003) DefNew: 141234K(157248K)->1384K(157248K) Eden: 139776K(139776K)->0K(139776K) From: 1458K(17472K)->1384K(17472K)
[63.379s][info][gc,heap        ] GC(1003) Tenured: 38455K(349568K)->38455K(349568K)
[63.379s][info][gc,metaspace   ] GC(1003) Metaspace: 73511K(73920K)->73511K(73920K) NonClass: 58368K(58624K)->58368K(58624K) Class: 15143K(15296K)->15143K(15296K)
[63.379s][info][gc             ] GC(1003) Pause Young (Allocation Failure) 175M->38M(494M) 7.954ms
[63.379s][info][gc,cpu         ] GC(1003) User=0.00s Sys=0.00s Real=0.00s
[63.416s][info][gc,start       ] GC(1004) Pause Young (Allocation Failure)
[63.425s][info][gc,heap        ] GC(1004) DefNew: 141160K(157248K)->1451K(157248K) Eden: 139776K(139776K)->0K(139776K) From: 1384K(17472K)->1451K(17472K)
[63.425s][info][gc,heap        ] GC(1004) Tenured: 38455K(349568K)->38471K(349568K)
[63.425s][info][gc,metaspace   ] GC(1004) Metaspace: 73512K(73920K)->73512K(73920K) NonClass: 58369K(58624K)->58369K(58624K) Class: 15143K(15296K)->15143K(15296K)
[63.425s][info][gc             ] GC(1004) Pause Young (Allocation Failure) 175M->38M(494M) 8.235ms
[63.425s][info][gc,cpu         ] GC(1004) User=0.00s Sys=0.00s Real=0.00s
[63.464s][info][gc,start       ] GC(1005) Pause Young (Allocation Failure)
[63.471s][info][gc,heap        ] GC(1005) DefNew: 141227K(157248K)->1361K(157248K) Eden: 139776K(139776K)->0K(139776K) From: 1451K(17472K)->1361K(17472K)
[63.471s][info][gc,heap        ] GC(1005) Tenured: 38471K(349568K)->38485K(349568K)
[63.471s][info][gc,metaspace   ] GC(1005) Metaspace: 73522K(73920K)->73522K(73920K) NonClass: 58378K(58624K)->58378K(58624K) Class: 15143K(15296K)->15143K(15296K)
[63.471s][info][gc             ] GC(1005) Pause Young (Allocation Failure) 175M->38M(494M) 7.934ms
[63.472s][info][gc,cpu         ] GC(1005) User=0.00s Sys=0.00s Real=0.00s
[63.511s][info][gc,start       ] GC(1006) Pause Young (Allocation Failure)
[63.518s][info][gc,heap        ] GC(1006) DefNew: 141137K(157248K)->1331K(157248K) Eden: 139776K(139776K)->0K(139776K) From: 1361K(17472K)->1331K(17472K)
[63.518s][info][gc,heap        ] GC(1006) Tenured: 38485K(349568K)->38485K(349568K)
[63.519s][info][gc,metaspace   ] GC(1006) Metaspace: 73541K(73920K)->73541K(73920K) NonClass: 58397K(58624K)->58397K(58624K) Class: 15143K(15296K)->15143K(15296K)
[63.519s][info][gc             ] GC(1006) Pause Young (Allocation Failure) 175M->38M(494M) 7.505ms
[63.519s][info][gc,cpu         ] GC(1006) User=0.00s Sys=0.00s Real=0.00s
[63.558s][info][gc,start       ] GC(1007) Pause Young (Allocation Failure)
[63.565s][info][gc,heap        ] GC(1007) DefNew: 141107K(157248K)->1351K(157248K) Eden: 139776K(139776K)->0K(139776K) From: 1331K(17472K)->1351K(17472K)
[63.565s][info][gc,heap        ] GC(1007) Tenured: 38485K(349568K)->38512K(349568K)
[63.565s][info][gc,metaspace   ] GC(1007) Metaspace: 73541K(73920K)->73541K(73920K) NonClass: 58397K(58624K)->58397K(58624K) Class: 15143K(15296K)->15143K(15296K)
[63.565s][info][gc             ] GC(1007) Pause Young (Allocation Failure) 175M->38M(494M) 6.821ms
[63.565s][info][gc,cpu         ] GC(1007) User=0.00s Sys=0.00s Real=0.00s
[63.607s][info][gc,start       ] GC(1008) Pause Young (Allocation Failure)
[63.615s][info][gc,heap        ] GC(1008) DefNew: 141127K(157248K)->1363K(157248K) Eden: 139776K(139776K)->0K(139776K) From: 1351K(17472K)->1363K(17472K)
[63.615s][info][gc,heap        ] GC(1008) Tenured: 38512K(349568K)->38563K(349568K)
[63.615s][info][gc,metaspace   ] GC(1008) Metaspace: 73541K(73920K)->73541K(73920K) NonClass: 58397K(58624K)->58397K(58624K) Class: 15143K(15296K)->15143K(15296K)
[63.615s][info][gc             ] GC(1008) Pause Young (Allocation Failure) 175M->38M(494M) 7.844ms
[63.615s][info][gc,cpu         ] GC(1008) User=0.00s Sys=0.00s Real=0.00s
[63.657s][info][gc,start       ] GC(1009) Pause Young (Allocation Failure)
[63.665s][info][gc,heap        ] GC(1009) DefNew: 141139K(157248K)->1263K(157248K) Eden: 139776K(139776K)->0K(139776K) From: 1363K(17472K)->1263K(17472K)
[63.665s][info][gc,heap        ] GC(1009) Tenured: 38563K(349568K)->38589K(349568K)
[63.665s][info][gc,metaspace   ] GC(1009) Metaspace: 73541K(73920K)->73541K(73920K) NonClass: 58397K(58624K)->58397K(58624K) Class: 15143K(15296K)->15143K(15296K)
[63.665s][info][gc             ] GC(1009) Pause Young (Allocation Failure) 175M->38M(494M) 7.380ms
[63.665s][info][gc,cpu         ] GC(1009) User=0.00s Sys=0.00s Real=0.00s
[63.710s][info][gc,start       ] GC(1010) Pause Young (Allocation Failure)
[63.717s][info][gc,heap        ] GC(1010) DefNew: 141039K(157248K)->1242K(157248K) Eden: 139776K(139776K)->0K(139776K) From: 1263K(17472K)->1242K(17472K)
[63.717s][info][gc,heap        ] GC(1010) Tenured: 38589K(349568K)->38638K(349568K)
[63.717s][info][gc,metaspace   ] GC(1010) Metaspace: 73541K(73920K)->73541K(73920K) NonClass: 58397K(58624K)->58397K(58624K) Class: 15143K(15296K)->15143K(15296K)
[63.717s][info][gc             ] GC(1010) Pause Young (Allocation Failure) 175M->38M(494M) 7.440ms
[63.717s][info][gc,cpu         ] GC(1010) User=0.02s Sys=0.00s Real=0.00s
[63.766s][info][gc,start       ] GC(1011) Pause Young (Allocation Failure)
[63.773s][info][gc,heap        ] GC(1011) DefNew: 141018K(157248K)->1150K(157248K) Eden: 139776K(139776K)->0K(139776K) From: 1242K(17472K)->1150K(17472K)
[63.773s][info][gc,heap        ] GC(1011) Tenured: 38638K(349568K)->38640K(349568K)
[63.773s][info][gc,metaspace   ] GC(1011) Metaspace: 73541K(73920K)->73541K(73920K) NonClass: 58397K(58624K)->58397K(58624K) Class: 15143K(15296K)->15143K(15296K)
[63.773s][info][gc             ] GC(1011) Pause Young (Allocation Failure) 175M->38M(494M) 6.375ms
[63.773s][info][gc,cpu         ] GC(1011) User=0.00s Sys=0.00s Real=0.00s
[63.827s][info][gc,start       ] GC(1012) Pause Young (Allocation Failure)
[63.833s][info][gc,heap        ] GC(1012) DefNew: 140926K(157248K)->1161K(157248K) Eden: 139776K(139776K)->0K(139776K) From: 1150K(17472K)->1161K(17472K)
[63.833s][info][gc,heap        ] GC(1012) Tenured: 38640K(349568K)->38640K(349568K)
[63.833s][info][gc,metaspace   ] GC(1012) Metaspace: 73541K(73920K)->73541K(73920K) NonClass: 58397K(58624K)->58397K(58624K) Class: 15143K(15296K)->15143K(15296K)
[63.833s][info][gc             ] GC(1012) Pause Young (Allocation Failure) 175M->38M(494M) 5.558ms
[63.833s][info][gc,cpu         ] GC(1012) User=0.02s Sys=0.00s Real=0.01s
[63.889s][info][gc,start       ] GC(1013) Pause Young (Allocation Failure)
[63.898s][info][gc,heap        ] GC(1013) DefNew: 140937K(157248K)->1163K(157248K) Eden: 139776K(139776K)->0K(139776K) From: 1161K(17472K)->1163K(17472K)
[63.898s][info][gc,heap        ] GC(1013) Tenured: 38640K(349568K)->38641K(349568K)
[63.898s][info][gc,metaspace   ] GC(1013) Metaspace: 73541K(73920K)->73541K(73920K) NonClass: 58397K(58624K)->58397K(58624K) Class: 15143K(15296K)->15143K(15296K)
[63.898s][info][gc             ] GC(1013) Pause Young (Allocation Failure) 175M->38M(494M) 9.145ms
[63.898s][info][gc,cpu         ] GC(1013) User=0.02s Sys=0.00s Real=0.02s
[63.959s][info][gc,start       ] GC(1014) Pause Young (Allocation Failure)
[63.995s][info][gc,heap        ] GC(1014) DefNew: 140939K(157248K)->1042K(157248K) Eden: 139776K(139776K)->0K(139776K) From: 1163K(17472K)->1042K(17472K)
[63.995s][info][gc,heap        ] GC(1014) Tenured: 38641K(349568K)->38732K(349568K)
[63.995s][info][gc,metaspace   ] GC(1014) Metaspace: 73541K(73920K)->73541K(73920K) NonClass: 58397K(58624K)->58397K(58624K) Class: 15143K(15296K)->15143K(15296K)
[63.995s][info][gc             ] GC(1014) Pause Young (Allocation Failure) 175M->38M(494M) 36.630ms
[63.995s][info][gc,cpu         ] GC(1014) User=0.02s Sys=0.00s Real=0.03s
[64.072s][info][gc,start       ] GC(1015) Pause Young (Allocation Failure)
[64.076s][info][gc,heap        ] GC(1015) DefNew: 140818K(157248K)->1009K(157248K) Eden: 139776K(139776K)->0K(139776K) From: 1042K(17472K)->1009K(17472K)
[64.077s][info][gc,heap        ] GC(1015) Tenured: 38732K(349568K)->38760K(349568K)
[64.077s][info][gc,metaspace   ] GC(1015) Metaspace: 73541K(73920K)->73541K(73920K) NonClass: 58397K(58624K)->58397K(58624K) Class: 15143K(15296K)->15143K(15296K)
[64.077s][info][gc             ] GC(1015) Pause Young (Allocation Failure) 175M->38M(494M) 4.808ms
[64.077s][info][gc,cpu         ] GC(1015) User=0.02s Sys=0.00s Real=0.02s
[64.154s][info][gc,start       ] GC(1016) Pause Young (Allocation Failure)
[64.158s][info][gc,heap        ] GC(1016) DefNew: 140785K(157248K)->968K(157248K) Eden: 139776K(139776K)->0K(139776K) From: 1009K(17472K)->968K(17472K)
[64.158s][info][gc,heap        ] GC(1016) Tenured: 38760K(349568K)->38786K(349568K)
[64.158s][info][gc,metaspace   ] GC(1016) Metaspace: 73541K(73920K)->73541K(73920K) NonClass: 58397K(58624K)->58397K(58624K) Class: 15143K(15296K)->15143K(15296K)
[64.158s][info][gc             ] GC(1016) Pause Young (Allocation Failure) 175M->38M(494M) 3.915ms
[64.158s][info][gc,cpu         ] GC(1016) User=0.00s Sys=0.00s Real=0.00s
[64.235s][info][gc,start       ] GC(1017) Pause Young (Allocation Failure)
[64.239s][info][gc,heap        ] GC(1017) DefNew: 140744K(157248K)->923K(157248K) Eden: 139776K(139776K)->0K(139776K) From: 968K(17472K)->923K(17472K)
[64.239s][info][gc,heap        ] GC(1017) Tenured: 38786K(349568K)->38830K(349568K)
[64.239s][info][gc,metaspace   ] GC(1017) Metaspace: 73541K(73920K)->73541K(73920K) NonClass: 58397K(58624K)->58397K(58624K) Class: 15143K(15296K)->15143K(15296K)
[64.239s][info][gc             ] GC(1017) Pause Young (Allocation Failure) 175M->38M(494M) 3.787ms
[64.239s][info][gc,cpu         ] GC(1017) User=0.00s Sys=0.00s Real=0.00s
[64.322s][info][gc,start       ] GC(1018) Pause Young (Allocation Failure)
[64.326s][info][gc,heap        ] GC(1018) DefNew: 140699K(157248K)->919K(157248K) Eden: 139776K(139776K)->0K(139776K) From: 923K(17472K)->919K(17472K)
[64.326s][info][gc,heap        ] GC(1018) Tenured: 38830K(349568K)->38837K(349568K)
[64.326s][info][gc,metaspace   ] GC(1018) Metaspace: 73541K(73920K)->73541K(73920K) NonClass: 58397K(58624K)->58397K(58624K) Class: 15143K(15296K)->15143K(15296K)
[64.326s][info][gc             ] GC(1018) Pause Young (Allocation Failure) 175M->38M(494M) 3.788ms
[64.326s][info][gc,cpu         ] GC(1018) User=0.00s Sys=0.00s Real=0.00s
[64.410s][info][gc,start       ] GC(1019) Pause Young (Allocation Failure)
[64.414s][info][gc,heap        ] GC(1019) DefNew: 140695K(157248K)->903K(157248K) Eden: 139776K(139776K)->0K(139776K) From: 919K(17472K)->903K(17472K)
[64.414s][info][gc,heap        ] GC(1019) Tenured: 38837K(349568K)->38863K(349568K)
[64.414s][info][gc,metaspace   ] GC(1019) Metaspace: 73541K(73920K)->73541K(73920K) NonClass: 58397K(58624K)->58397K(58624K) Class: 15143K(15296K)->15143K(15296K)
[64.414s][info][gc             ] GC(1019) Pause Young (Allocation Failure) 175M->38M(494M) 3.692ms
[64.414s][info][gc,cpu         ] GC(1019) User=0.02s Sys=0.00s Real=0.02s
[64.497s][info][gc,start       ] GC(1020) Pause Young (Allocation Failure)
[64.501s][info][gc,heap        ] GC(1020) DefNew: 140679K(157248K)->863K(157248K) Eden: 139776K(139776K)->0K(139776K) From: 903K(17472K)->863K(17472K)
[64.501s][info][gc,heap        ] GC(1020) Tenured: 38863K(349568K)->38906K(349568K)
[64.501s][info][gc,metaspace   ] GC(1020) Metaspace: 73541K(73920K)->73541K(73920K) NonClass: 58397K(58624K)->58397K(58624K) Class: 15143K(15296K)->15143K(15296K)
[64.501s][info][gc             ] GC(1020) Pause Young (Allocation Failure) 175M->38M(494M) 3.587ms
[64.501s][info][gc,cpu         ] GC(1020) User=0.00s Sys=0.00s Real=0.00s
[64.584s][info][gc,start       ] GC(1021) Pause Young (Allocation Failure)
[64.588s][info][gc,heap        ] GC(1021) DefNew: 140639K(157248K)->814K(157248K) Eden: 139776K(139776K)->0K(139776K) From: 863K(17472K)->814K(17472K)
[64.588s][info][gc,heap        ] GC(1021) Tenured: 38906K(349568K)->38940K(349568K)
[64.588s][info][gc,metaspace   ] GC(1021) Metaspace: 73541K(73920K)->73541K(73920K) NonClass: 58397K(58624K)->58397K(58624K) Class: 15143K(15296K)->15143K(15296K)
[64.588s][info][gc             ] GC(1021) Pause Young (Allocation Failure) 175M->38M(494M) 3.475ms
[64.588s][info][gc,cpu         ] GC(1021) User=0.02s Sys=0.00s Real=0.00s
[64.671s][info][gc,start       ] GC(1022) Pause Young (Allocation Failure)
[64.675s][info][gc,heap        ] GC(1022) DefNew: 140590K(157248K)->788K(157248K) Eden: 139776K(139776K)->0K(139776K) From: 814K(17472K)->788K(17472K)
[64.675s][info][gc,heap        ] GC(1022) Tenured: 38940K(349568K)->38978K(349568K)
[64.675s][info][gc,metaspace   ] GC(1022) Metaspace: 73541K(73920K)->73541K(73920K) NonClass: 58397K(58624K)->58397K(58624K) Class: 15143K(15296K)->15143K(15296K)
[64.675s][info][gc             ] GC(1022) Pause Young (Allocation Failure) 175M->38M(494M) 3.563ms
[64.675s][info][gc,cpu         ] GC(1022) User=0.00s Sys=0.02s Real=0.02s
[64.758s][info][gc,start       ] GC(1023) Pause Young (Allocation Failure)
[64.762s][info][gc,heap        ] GC(1023) DefNew: 140564K(157248K)->787K(157248K) Eden: 139776K(139776K)->0K(139776K) From: 788K(17472K)->787K(17472K)
[64.762s][info][gc,heap        ] GC(1023) Tenured: 38978K(349568K)->38992K(349568K)
[64.762s][info][gc,metaspace   ] GC(1023) Metaspace: 73541K(73920K)->73541K(73920K) NonClass: 58397K(58624K)->58397K(58624K) Class: 15143K(15296K)->15143K(15296K)
[64.762s][info][gc             ] GC(1023) Pause Young (Allocation Failure) 175M->38M(494M) 3.562ms
[64.762s][info][gc,cpu         ] GC(1023) User=0.00s Sys=0.00s Real=0.00s
[64.845s][info][gc,start       ] GC(1024) Pause Young (Allocation Failure)
[64.849s][info][gc,heap        ] GC(1024) DefNew: 140563K(157248K)->736K(157248K) Eden: 139776K(139776K)->0K(139776K) From: 787K(17472K)->736K(17472K)
[64.849s][info][gc,heap        ] GC(1024) Tenured: 38992K(349568K)->39040K(349568K)
[64.849s][info][gc,metaspace   ] GC(1024) Metaspace: 73541K(73920K)->73541K(73920K) NonClass: 58397K(58624K)->58397K(58624K) Class: 15143K(15296K)->15143K(15296K)
[64.849s][info][gc             ] GC(1024) Pause Young (Allocation Failure) 175M->38M(494M) 3.478ms
[64.849s][info][gc,cpu         ] GC(1024) User=0.00s Sys=0.00s Real=0.00s
[64.932s][info][gc,start       ] GC(1025) Pause Young (Allocation Failure)
[64.935s][info][gc,heap        ] GC(1025) DefNew: 140512K(157248K)->652K(157248K) Eden: 139776K(139776K)->0K(139776K) From: 736K(17472K)->652K(17472K)
[64.935s][info][gc,heap        ] GC(1025) Tenured: 39040K(349568K)->39095K(349568K)
[64.935s][info][gc,metaspace   ] GC(1025) Metaspace: 73541K(73920K)->73541K(73920K) NonClass: 58397K(58624K)->58397K(58624K) Class: 15143K(15296K)->15143K(15296K)
[64.936s][info][gc             ] GC(1025) Pause Young (Allocation Failure) 175M->38M(494M) 3.313ms
[64.936s][info][gc,cpu         ] GC(1025) User=0.00s Sys=0.00s Real=0.00s
[65.019s][info][gc,start       ] GC(1026) Pause Young (Allocation Failure)
[65.022s][info][gc,heap        ] GC(1026) DefNew: 140428K(157248K)->602K(157248K) Eden: 139776K(139776K)->0K(139776K) From: 652K(17472K)->602K(17472K)
[65.022s][info][gc,heap        ] GC(1026) Tenured: 39095K(349568K)->39187K(349568K)
[65.022s][info][gc,metaspace   ] GC(1026) Metaspace: 73541K(73920K)->73541K(73920K) NonClass: 58397K(58624K)->58397K(58624K) Class: 15143K(15296K)->15143K(15296K)
[65.022s][info][gc             ] GC(1026) Pause Young (Allocation Failure) 175M->38M(494M) 3.336ms
[65.022s][info][gc,cpu         ] GC(1026) User=0.00s Sys=0.00s Real=0.00s
[65.106s][info][gc,start       ] GC(1027) Pause Young (Allocation Failure)
[65.109s][info][gc,heap        ] GC(1027) DefNew: 140378K(157248K)->531K(157248K) Eden: 139776K(139776K)->0K(139776K) From: 602K(17472K)->531K(17472K)
[65.109s][info][gc,heap        ] GC(1027) Tenured: 39187K(349568K)->39224K(349568K)
[65.109s][info][gc,metaspace   ] GC(1027) Metaspace: 73541K(73920K)->73541K(73920K) NonClass: 58397K(58624K)->58397K(58624K) Class: 15143K(15296K)->15143K(15296K)
[65.109s][info][gc             ] GC(1027) Pause Young (Allocation Failure) 175M->38M(494M) 3.207ms
[65.109s][info][gc,cpu         ] GC(1027) User=0.00s Sys=0.00s Real=0.00s
[65.192s][info][gc,start       ] GC(1028) Pause Young (Allocation Failure)
[65.195s][info][gc,heap        ] GC(1028) DefNew: 140307K(157248K)->499K(157248K) Eden: 139776K(139776K)->0K(139776K) From: 531K(17472K)->499K(17472K)
[65.195s][info][gc,heap        ] GC(1028) Tenured: 39224K(349568K)->39276K(349568K)
[65.195s][info][gc,metaspace   ] GC(1028) Metaspace: 73541K(73920K)->73541K(73920K) NonClass: 58397K(58624K)->58397K(58624K) Class: 15143K(15296K)->15143K(15296K)
[65.195s][info][gc             ] GC(1028) Pause Young (Allocation Failure) 175M->38M(494M) 3.072ms
[65.195s][info][gc,cpu         ] GC(1028) User=0.00s Sys=0.00s Real=0.00s
[65.278s][info][gc,start       ] GC(1029) Pause Young (Allocation Failure)
[65.281s][info][gc,heap        ] GC(1029) DefNew: 140275K(157248K)->445K(157248K) Eden: 139776K(139776K)->0K(139776K) From: 499K(17472K)->445K(17472K)
[65.281s][info][gc,heap        ] GC(1029) Tenured: 39276K(349568K)->39302K(349568K)
[65.281s][info][gc,metaspace   ] GC(1029) Metaspace: 73541K(73920K)->73541K(73920K) NonClass: 58397K(58624K)->58397K(58624K) Class: 15143K(15296K)->15143K(15296K)
[65.281s][info][gc             ] GC(1029) Pause Young (Allocation Failure) 175M->38M(494M) 2.969ms
[65.281s][info][gc,cpu         ] GC(1029) User=0.00s Sys=0.00s Real=0.00s
[65.364s][info][gc,start       ] GC(1030) Pause Young (Allocation Failure)
[65.367s][info][gc,heap        ] GC(1030) DefNew: 140221K(157248K)->339K(157248K) Eden: 139776K(139776K)->0K(139776K) From: 445K(17472K)->339K(17472K)
[65.367s][info][gc,heap        ] GC(1030) Tenured: 39302K(349568K)->39438K(349568K)
[65.367s][info][gc,metaspace   ] GC(1030) Metaspace: 73541K(73920K)->73541K(73920K) NonClass: 58397K(58624K)->58397K(58624K) Class: 15143K(15296K)->15143K(15296K)
[65.367s][info][gc             ] GC(1030) Pause Young (Allocation Failure) 175M->38M(494M) 2.916ms
[65.367s][info][gc,cpu         ] GC(1030) User=0.00s Sys=0.00s Real=0.00s
[65.457s][info][gc,start       ] GC(1031) Pause Young (Allocation Failure)
[65.460s][info][gc,heap        ] GC(1031) DefNew: 140115K(157248K)->269K(157248K) Eden: 139776K(139776K)->0K(139776K) From: 339K(17472K)->269K(17472K)
[65.460s][info][gc,heap        ] GC(1031) Tenured: 39438K(349568K)->39456K(349568K)
[65.460s][info][gc,metaspace   ] GC(1031) Metaspace: 73541K(73920K)->73541K(73920K) NonClass: 58397K(58624K)->58397K(58624K) Class: 15143K(15296K)->15143K(15296K)
[65.460s][info][gc             ] GC(1031) Pause Young (Allocation Failure) 175M->38M(494M) 3.212ms
[65.460s][info][gc,cpu         ] GC(1031) User=0.00s Sys=0.00s Real=0.00s
[65.510s][info][gc,start       ] GC(1032) Pause Full (System.gc())
[65.510s][info][gc,phases,start] GC(1032) Phase 1: Mark live objects
[65.560s][info][gc,phases      ] GC(1032) Phase 1: Mark live objects 49.848ms
[65.560s][info][gc,phases,start] GC(1032) Phase 2: Compute new object addresses
[65.575s][info][gc,phases      ] GC(1032) Phase 2: Compute new object addresses 14.934ms
[65.575s][info][gc,phases,start] GC(1032) Phase 3: Adjust pointers
[65.598s][info][gc,phases      ] GC(1032) Phase 3: Adjust pointers 22.965ms
[65.598s][info][gc,phases,start] GC(1032) Phase 4: Move objects
[65.599s][info][gc,phases      ] GC(1032) Phase 4: Move objects 0.659ms
[65.599s][info][gc,heap        ] GC(1032) DefNew: 21277K(157248K)->0K(157248K) Eden: 21007K(139776K)->0K(139776K) From: 269K(17472K)->0K(17472K)
[65.599s][info][gc,heap        ] GC(1032) Tenured: 39456K(349568K)->40223K(349568K)
[65.599s][info][gc,metaspace   ] GC(1032) Metaspace: 73545K(73920K)->73545K(73920K) NonClass: 58401K(58624K)->58401K(58624K) Class: 15143K(15296K)->15143K(15296K)
[65.599s][info][gc             ] GC(1032) Pause Full (System.gc()) 59M->39M(494M) 89.128ms
[65.599s][info][gc,cpu         ] GC(1032) User=0.08s Sys=0.00s Real=0.08s
[65.664s][info][gc,start       ] GC(1033) Pause Young (Allocation Failure)
[65.678s][info][gc,heap        ] GC(1033) DefNew: 139776K(157248K)->3390K(157248K) Eden: 139776K(139776K)->0K(139776K) From: 0K(17472K)->3390K(17472K)
[65.678s][info][gc,heap        ] GC(1033) Tenured: 40223K(349568K)->40223K(349568K)
[65.678s][info][gc,metaspace   ] GC(1033) Metaspace: 73597K(73984K)->73597K(73984K) NonClass: 58454K(58688K)->58454K(58688K) Class: 15143K(15296K)->15143K(15296K)
[65.678s][info][gc             ] GC(1033) Pause Young (Allocation Failure) 175M->42M(494M) 14.713ms
[65.679s][info][gc,cpu         ] GC(1033) User=0.00s Sys=0.00s Real=0.00s
[65.716s][info][gc,start       ] GC(1034) Pause Young (Allocation Failure)
[65.728s][info][gc,heap        ] GC(1034) DefNew: 143166K(157248K)->3524K(157248K) Eden: 139776K(139776K)->0K(139776K) From: 3390K(17472K)->3524K(17472K)
[65.728s][info][gc,heap        ] GC(1034) Tenured: 40223K(349568K)->40223K(349568K)
[65.728s][info][gc,metaspace   ] GC(1034) Metaspace: 73597K(73984K)->73597K(73984K) NonClass: 58454K(58688K)->58454K(58688K) Class: 15143K(15296K)->15143K(15296K)
[65.728s][info][gc             ] GC(1034) Pause Young (Allocation Failure) 179M->42M(494M) 12.373ms
[65.728s][info][gc,cpu         ] GC(1034) User=0.00s Sys=0.00s Real=0.00s
[65.764s][info][gc,start       ] GC(1035) Pause Young (Allocation Failure)
[65.777s][info][gc,heap        ] GC(1035) DefNew: 143300K(157248K)->3567K(157248K) Eden: 139776K(139776K)->0K(139776K) From: 3524K(17472K)->3567K(17472K)
[65.777s][info][gc,heap        ] GC(1035) Tenured: 40223K(349568K)->40223K(349568K)
[65.777s][info][gc,metaspace   ] GC(1035) Metaspace: 73597K(73984K)->73597K(73984K) NonClass: 58454K(58688K)->58454K(58688K) Class: 15143K(15296K)->15143K(15296K)
[65.777s][info][gc             ] GC(1035) Pause Young (Allocation Failure) 179M->42M(494M) 12.690ms
[65.777s][info][gc,cpu         ] GC(1035) User=0.00s Sys=0.00s Real=0.00s
[65.813s][info][gc,start       ] GC(1036) Pause Young (Allocation Failure)
[65.825s][info][gc,heap        ] GC(1036) DefNew: 143343K(157248K)->3538K(157248K) Eden: 139776K(139776K)->0K(139776K) From: 3567K(17472K)->3538K(17472K)
[65.825s][info][gc,heap        ] GC(1036) Tenured: 40223K(349568K)->40223K(349568K)
[65.825s][info][gc,metaspace   ] GC(1036) Metaspace: 73597K(73984K)->73597K(73984K) NonClass: 58454K(58688K)->58454K(58688K) Class: 15143K(15296K)->15143K(15296K)
[65.825s][info][gc             ] GC(1036) Pause Young (Allocation Failure) 179M->42M(494M) 12.568ms
[65.825s][info][gc,cpu         ] GC(1036) User=0.00s Sys=0.00s Real=0.00s
[65.861s][info][gc,start       ] GC(1037) Pause Young (Allocation Failure)
[65.873s][info][gc,heap        ] GC(1037) DefNew: 143314K(157248K)->3493K(157248K) Eden: 139776K(139776K)->0K(139776K) From: 3538K(17472K)->3493K(17472K)
[65.873s][info][gc,heap        ] GC(1037) Tenured: 40223K(349568K)->40223K(349568K)
[65.873s][info][gc,metaspace   ] GC(1037) Metaspace: 73597K(73984K)->73597K(73984K) NonClass: 58454K(58688K)->58454K(58688K) Class: 15143K(15296K)->15143K(15296K)
[65.873s][info][gc             ] GC(1037) Pause Young (Allocation Failure) 179M->42M(494M) 12.133ms
[65.873s][info][gc,cpu         ] GC(1037) User=0.00s Sys=0.00s Real=0.00s
[65.910s][info][gc,start       ] GC(1038) Pause Young (Allocation Failure)
[65.922s][info][gc,heap        ] GC(1038) DefNew: 143269K(157248K)->3545K(157248K) Eden: 139776K(139776K)->0K(139776K) From: 3493K(17472K)->3545K(17472K)
[65.922s][info][gc,heap        ] GC(1038) Tenured: 40223K(349568K)->40223K(349568K)
[65.922s][info][gc,metaspace   ] GC(1038) Metaspace: 73597K(73984K)->73597K(73984K) NonClass: 58454K(58688K)->58454K(58688K) Class: 15143K(15296K)->15143K(15296K)
[65.923s][info][gc             ] GC(1038) Pause Young (Allocation Failure) 179M->42M(494M) 12.266ms
[65.923s][info][gc,cpu         ] GC(1038) User=0.00s Sys=0.00s Real=0.00s
[65.959s][info][gc,start       ] GC(1039) Pause Young (Allocation Failure)
[65.972s][info][gc,heap        ] GC(1039) DefNew: 143321K(157248K)->3579K(157248K) Eden: 139776K(139776K)->0K(139776K) From: 3545K(17472K)->3579K(17472K)
[65.972s][info][gc,heap        ] GC(1039) Tenured: 40223K(349568K)->40223K(349568K)
[65.972s][info][gc,metaspace   ] GC(1039) Metaspace: 73597K(73984K)->73597K(73984K) NonClass: 58454K(58688K)->58454K(58688K) Class: 15143K(15296K)->15143K(15296K)
[65.972s][info][gc             ] GC(1039) Pause Young (Allocation Failure) 179M->42M(494M) 12.621ms
[65.972s][info][gc,cpu         ] GC(1039) User=0.00s Sys=0.00s Real=0.00s
[66.010s][info][gc,start       ] GC(1040) Pause Young (Allocation Failure)
[66.022s][info][gc,heap        ] GC(1040) DefNew: 143355K(157248K)->3535K(157248K) Eden: 139776K(139776K)->0K(139776K) From: 3579K(17472K)->3535K(17472K)
[66.022s][info][gc,heap        ] GC(1040) Tenured: 40223K(349568K)->40223K(349568K)
[66.022s][info][gc,metaspace   ] GC(1040) Metaspace: 73597K(73984K)->73597K(73984K) NonClass: 58454K(58688K)->58454K(58688K) Class: 15143K(15296K)->15143K(15296K)
[66.022s][info][gc             ] GC(1040) Pause Young (Allocation Failure) 179M->42M(494M) 12.355ms
[66.022s][info][gc,cpu         ] GC(1040) User=0.00s Sys=0.00s Real=0.00s
[66.060s][info][gc,start       ] GC(1041) Pause Young (Allocation Failure)
[66.072s][info][gc,heap        ] GC(1041) DefNew: 143311K(157248K)->3591K(157248K) Eden: 139776K(139776K)->0K(139776K) From: 3535K(17472K)->3591K(17472K)
[66.072s][info][gc,heap        ] GC(1041) Tenured: 40223K(349568K)->40223K(349568K)
[66.072s][info][gc,metaspace   ] GC(1041) Metaspace: 73597K(73984K)->73597K(73984K) NonClass: 58454K(58688K)->58454K(58688K) Class: 15143K(15296K)->15143K(15296K)
[66.072s][info][gc             ] GC(1041) Pause Young (Allocation Failure) 179M->42M(494M) 12.474ms
[66.072s][info][gc,cpu         ] GC(1041) User=0.00s Sys=0.00s Real=0.00s
[66.110s][info][gc,start       ] GC(1042) Pause Young (Allocation Failure)
[66.122s][info][gc,heap        ] GC(1042) DefNew: 143367K(157248K)->3502K(157248K) Eden: 139776K(139776K)->0K(139776K) From: 3591K(17472K)->3502K(17472K)
[66.122s][info][gc,heap        ] GC(1042) Tenured: 40223K(349568K)->40223K(349568K)
[66.122s][info][gc,metaspace   ] GC(1042) Metaspace: 73597K(73984K)->73597K(73984K) NonClass: 58454K(58688K)->58454K(58688K) Class: 15143K(15296K)->15143K(15296K)
[66.122s][info][gc             ] GC(1042) Pause Young (Allocation Failure) 179M->42M(494M) 12.392ms
[66.122s][info][gc,cpu         ] GC(1042) User=0.00s Sys=0.00s Real=0.00s
[66.160s][info][gc,start       ] GC(1043) Pause Young (Allocation Failure)
[66.172s][info][gc,heap        ] GC(1043) DefNew: 143278K(157248K)->3490K(157248K) Eden: 139776K(139776K)->0K(139776K) From: 3502K(17472K)->3490K(17472K)
[66.172s][info][gc,heap        ] GC(1043) Tenured: 40223K(349568K)->40223K(349568K)
[66.172s][info][gc,metaspace   ] GC(1043) Metaspace: 73597K(73984K)->73597K(73984K) NonClass: 58454K(58688K)->58454K(58688K) Class: 15143K(15296K)->15143K(15296K)
[66.172s][info][gc             ] GC(1043) Pause Young (Allocation Failure) 179M->42M(494M) 12.232ms
[66.172s][info][gc,cpu         ] GC(1043) User=0.00s Sys=0.00s Real=0.00s
[66.210s][info][gc,start       ] GC(1044) Pause Young (Allocation Failure)
[66.222s][info][gc,heap        ] GC(1044) DefNew: 143266K(157248K)->3579K(157248K) Eden: 139776K(139776K)->0K(139776K) From: 3490K(17472K)->3579K(17472K)
[66.222s][info][gc,heap        ] GC(1044) Tenured: 40223K(349568K)->40223K(349568K)
[66.222s][info][gc,metaspace   ] GC(1044) Metaspace: 73597K(73984K)->73597K(73984K) NonClass: 58454K(58688K)->58454K(58688K) Class: 15143K(15296K)->15143K(15296K)
[66.222s][info][gc             ] GC(1044) Pause Young (Allocation Failure) 179M->42M(494M) 12.562ms
[66.223s][info][gc,cpu         ] GC(1044) User=0.02s Sys=0.00s Real=0.00s
[66.261s][info][gc,start       ] GC(1045) Pause Young (Allocation Failure)
[66.273s][info][gc,heap        ] GC(1045) DefNew: 143355K(157248K)->3552K(157248K) Eden: 139776K(139776K)->0K(139776K) From: 3579K(17472K)->3552K(17472K)
[66.273s][info][gc,heap        ] GC(1045) Tenured: 40223K(349568K)->40223K(349568K)
[66.273s][info][gc,metaspace   ] GC(1045) Metaspace: 73597K(73984K)->73597K(73984K) NonClass: 58454K(58688K)->58454K(58688K) Class: 15143K(15296K)->15143K(15296K)
[66.273s][info][gc             ] GC(1045) Pause Young (Allocation Failure) 179M->42M(494M) 12.672ms
[66.273s][info][gc,cpu         ] GC(1045) User=0.00s Sys=0.00s Real=0.00s
[66.311s][info][gc,start       ] GC(1046) Pause Young (Allocation Failure)
[66.324s][info][gc,heap        ] GC(1046) DefNew: 143328K(157248K)->3533K(157248K) Eden: 139776K(139776K)->0K(139776K) From: 3552K(17472K)->3533K(17472K)
[66.324s][info][gc,heap        ] GC(1046) Tenured: 40223K(349568K)->40223K(349568K)
[66.324s][info][gc,metaspace   ] GC(1046) Metaspace: 73597K(73984K)->73597K(73984K) NonClass: 58454K(58688K)->58454K(58688K) Class: 15143K(15296K)->15143K(15296K)
[66.324s][info][gc             ] GC(1046) Pause Young (Allocation Failure) 179M->42M(494M) 12.371ms
[66.324s][info][gc,cpu         ] GC(1046) User=0.00s Sys=0.00s Real=0.00s
[66.361s][info][gc,start       ] GC(1047) Pause Young (Allocation Failure)
[66.373s][info][gc,heap        ] GC(1047) DefNew: 143309K(157248K)->3494K(157248K) Eden: 139776K(139776K)->0K(139776K) From: 3533K(17472K)->3494K(17472K)
[66.373s][info][gc,heap        ] GC(1047) Tenured: 40223K(349568K)->40223K(349568K)
[66.373s][info][gc,metaspace   ] GC(1047) Metaspace: 73597K(73984K)->73597K(73984K) NonClass: 58454K(58688K)->58454K(58688K) Class: 15143K(15296K)->15143K(15296K)
[66.373s][info][gc             ] GC(1047) Pause Young (Allocation Failure) 179M->42M(494M) 12.332ms
[66.373s][info][gc,cpu         ] GC(1047) User=0.02s Sys=0.00s Real=0.01s
[66.411s][info][gc,start       ] GC(1048) Pause Young (Allocation Failure)
[66.423s][info][gc,heap        ] GC(1048) DefNew: 143270K(157248K)->1427K(157248K) Eden: 139776K(139776K)->0K(139776K) From: 3494K(17472K)->1427K(17472K)
[66.423s][info][gc,heap        ] GC(1048) Tenured: 40223K(349568K)->42319K(349568K)
[66.423s][info][gc,metaspace   ] GC(1048) Metaspace: 73597K(73984K)->73597K(73984K) NonClass: 58454K(58688K)->58454K(58688K) Class: 15143K(15296K)->15143K(15296K)
[66.423s][info][gc             ] GC(1048) Pause Young (Allocation Failure) 179M->42M(494M) 12.904ms
[66.423s][info][gc,cpu         ] GC(1048) User=0.00s Sys=0.00s Real=0.00s
[66.461s][info][gc,start       ] GC(1049) Pause Young (Allocation Failure)
[66.469s][info][gc,heap        ] GC(1049) DefNew: 141203K(157248K)->1401K(157248K) Eden: 139776K(139776K)->0K(139776K) From: 1427K(17472K)->1401K(17472K)
[66.469s][info][gc,heap        ] GC(1049) Tenured: 42319K(349568K)->42325K(349568K)
[66.469s][info][gc,metaspace   ] GC(1049) Metaspace: 73597K(73984K)->73597K(73984K) NonClass: 58454K(58688K)->58454K(58688K) Class: 15143K(15296K)->15143K(15296K)
[66.469s][info][gc             ] GC(1049) Pause Young (Allocation Failure) 179M->42M(494M) 8.221ms
[66.469s][info][gc,cpu         ] GC(1049) User=0.00s Sys=0.00s Real=0.00s
[66.505s][info][gc,start       ] GC(1050) Pause Young (Allocation Failure)
[66.513s][info][gc,heap        ] GC(1050) DefNew: 141177K(157248K)->1392K(157248K) Eden: 139776K(139776K)->0K(139776K) From: 1401K(17472K)->1392K(17472K)
[66.513s][info][gc,heap        ] GC(1050) Tenured: 42325K(349568K)->42330K(349568K)
[66.513s][info][gc,metaspace   ] GC(1050) Metaspace: 73597K(73984K)->73597K(73984K) NonClass: 58454K(58688K)->58454K(58688K) Class: 15143K(15296K)->15143K(15296K)
[66.513s][info][gc             ] GC(1050) Pause Young (Allocation Failure) 179M->42M(494M) 8.178ms
[66.513s][info][gc,cpu         ] GC(1050) User=0.00s Sys=0.00s Real=0.00s
[66.548s][info][gc,start       ] GC(1051) Pause Young (Allocation Failure)
[66.556s][info][gc,heap        ] GC(1051) DefNew: 141168K(157248K)->1366K(157248K) Eden: 139776K(139776K)->0K(139776K) From: 1392K(17472K)->1366K(17472K)
[66.556s][info][gc,heap        ] GC(1051) Tenured: 42330K(349568K)->42330K(349568K)
[66.556s][info][gc,metaspace   ] GC(1051) Metaspace: 73597K(73984K)->73597K(73984K) NonClass: 58454K(58688K)->58454K(58688K) Class: 15143K(15296K)->15143K(15296K)
[66.556s][info][gc             ] GC(1051) Pause Young (Allocation Failure) 179M->42M(494M) 8.171ms
[66.556s][info][gc,cpu         ] GC(1051) User=0.00s Sys=0.00s Real=0.00s
[66.592s][info][gc,start       ] GC(1052) Pause Young (Allocation Failure)
[66.600s][info][gc,heap        ] GC(1052) DefNew: 141142K(157248K)->1407K(157248K) Eden: 139776K(139776K)->0K(139776K) From: 1366K(17472K)->1407K(17472K)
[66.600s][info][gc,heap        ] GC(1052) Tenured: 42330K(349568K)->42330K(349568K)
[66.600s][info][gc,metaspace   ] GC(1052) Metaspace: 73597K(73984K)->73597K(73984K) NonClass: 58454K(58688K)->58454K(58688K) Class: 15143K(15296K)->15143K(15296K)
[66.600s][info][gc             ] GC(1052) Pause Young (Allocation Failure) 179M->42M(494M) 8.248ms
[66.600s][info][gc,cpu         ] GC(1052) User=0.00s Sys=0.00s Real=0.00s
[66.635s][info][gc,start       ] GC(1053) Pause Young (Allocation Failure)
[66.644s][info][gc,heap        ] GC(1053) DefNew: 141183K(157248K)->1389K(157248K) Eden: 139776K(139776K)->0K(139776K) From: 1407K(17472K)->1389K(17472K)
[66.644s][info][gc,heap        ] GC(1053) Tenured: 42330K(349568K)->42330K(349568K)
[66.644s][info][gc,metaspace   ] GC(1053) Metaspace: 73597K(73984K)->73597K(73984K) NonClass: 58454K(58688K)->58454K(58688K) Class: 15143K(15296K)->15143K(15296K)
[66.644s][info][gc             ] GC(1053) Pause Young (Allocation Failure) 179M->42M(494M) 8.173ms
[66.644s][info][gc,cpu         ] GC(1053) User=0.00s Sys=0.00s Real=0.00s
[66.679s][info][gc,start       ] GC(1054) Pause Young (Allocation Failure)
[66.687s][info][gc,heap        ] GC(1054) DefNew: 141165K(157248K)->1371K(157248K) Eden: 139776K(139776K)->0K(139776K) From: 1389K(17472K)->1371K(17472K)
[66.687s][info][gc,heap        ] GC(1054) Tenured: 42330K(349568K)->42330K(349568K)
[66.687s][info][gc,metaspace   ] GC(1054) Metaspace: 73597K(73984K)->73597K(73984K) NonClass: 58454K(58688K)->58454K(58688K) Class: 15143K(15296K)->15143K(15296K)
[66.687s][info][gc             ] GC(1054) Pause Young (Allocation Failure) 179M->42M(494M) 7.978ms
[66.687s][info][gc,cpu         ] GC(1054) User=0.02s Sys=0.00s Real=0.00s
[66.722s][info][gc,start       ] GC(1055) Pause Young (Allocation Failure)
[66.730s][info][gc,heap        ] GC(1055) DefNew: 141147K(157248K)->1353K(157248K) Eden: 139776K(139776K)->0K(139776K) From: 1371K(17472K)->1353K(17472K)
[66.730s][info][gc,heap        ] GC(1055) Tenured: 42330K(349568K)->42330K(349568K)
[66.730s][info][gc,metaspace   ] GC(1055) Metaspace: 73597K(73984K)->73597K(73984K) NonClass: 58454K(58688K)->58454K(58688K) Class: 15143K(15296K)->15143K(15296K)
[66.730s][info][gc             ] GC(1055) Pause Young (Allocation Failure) 179M->42M(494M) 7.997ms
[66.730s][info][gc,cpu         ] GC(1055) User=0.00s Sys=0.00s Real=0.00s
[66.766s][info][gc,start       ] GC(1056) Pause Young (Allocation Failure)
[66.798s][info][gc,heap        ] GC(1056) DefNew: 141129K(157248K)->1417K(157248K) Eden: 139776K(139776K)->0K(139776K) From: 1353K(17472K)->1417K(17472K)
[66.798s][info][gc,heap        ] GC(1056) Tenured: 42330K(349568K)->42330K(349568K)
[66.798s][info][gc,metaspace   ] GC(1056) Metaspace: 73597K(73984K)->73597K(73984K) NonClass: 58454K(58688K)->58454K(58688K) Class: 15143K(15296K)->15143K(15296K)
[66.798s][info][gc             ] GC(1056) Pause Young (Allocation Failure) 179M->42M(494M) 31.875ms
[66.798s][info][gc,cpu         ] GC(1056) User=0.02s Sys=0.00s Real=0.03s
[66.840s][info][gc,start       ] GC(1057) Pause Young (Allocation Failure)
[66.849s][info][gc,heap        ] GC(1057) DefNew: 141193K(157248K)->1474K(157248K) Eden: 139776K(139776K)->0K(139776K) From: 1417K(17472K)->1474K(17472K)
[66.849s][info][gc,heap        ] GC(1057) Tenured: 42330K(349568K)->42330K(349568K)
[66.849s][info][gc,metaspace   ] GC(1057) Metaspace: 73597K(73984K)->73597K(73984K) NonClass: 58454K(58688K)->58454K(58688K) Class: 15143K(15296K)->15143K(15296K)
[66.849s][info][gc             ] GC(1057) Pause Young (Allocation Failure) 179M->42M(494M) 9.224ms
[66.849s][info][gc,cpu         ] GC(1057) User=0.00s Sys=0.00s Real=0.00s
[66.885s][info][gc,start       ] GC(1058) Pause Young (Allocation Failure)
[66.893s][info][gc,heap        ] GC(1058) DefNew: 141250K(157248K)->1404K(157248K) Eden: 139776K(139776K)->0K(139776K) From: 1474K(17472K)->1404K(17472K)
[66.893s][info][gc,heap        ] GC(1058) Tenured: 42330K(349568K)->42330K(349568K)
[66.893s][info][gc,metaspace   ] GC(1058) Metaspace: 73597K(73984K)->73597K(73984K) NonClass: 58454K(58688K)->58454K(58688K) Class: 15143K(15296K)->15143K(15296K)
[66.893s][info][gc             ] GC(1058) Pause Young (Allocation Failure) 179M->42M(494M) 8.630ms
[66.893s][info][gc,cpu         ] GC(1058) User=0.00s Sys=0.00s Real=0.00s
[66.928s][info][gc,start       ] GC(1059) Pause Young (Allocation Failure)
[66.937s][info][gc,heap        ] GC(1059) DefNew: 141180K(157248K)->1407K(157248K) Eden: 139776K(139776K)->0K(139776K) From: 1404K(17472K)->1407K(17472K)
[66.938s][info][gc,heap        ] GC(1059) Tenured: 42330K(349568K)->42348K(349568K)
[66.938s][info][gc,metaspace   ] GC(1059) Metaspace: 73597K(73984K)->73597K(73984K) NonClass: 58454K(58688K)->58454K(58688K) Class: 15143K(15296K)->15143K(15296K)
[66.938s][info][gc             ] GC(1059) Pause Young (Allocation Failure) 179M->42M(494M) 9.087ms
[66.938s][info][gc,cpu         ] GC(1059) User=0.02s Sys=0.00s Real=0.00s
[66.973s][info][gc,start       ] GC(1060) Pause Young (Allocation Failure)
[66.981s][info][gc,heap        ] GC(1060) DefNew: 141183K(157248K)->1353K(157248K) Eden: 139776K(139776K)->0K(139776K) From: 1407K(17472K)->1353K(17472K)
[66.981s][info][gc,heap        ] GC(1060) Tenured: 42348K(349568K)->42348K(349568K)
[66.981s][info][gc,metaspace   ] GC(1060) Metaspace: 73597K(73984K)->73597K(73984K) NonClass: 58454K(58688K)->58454K(58688K) Class: 15143K(15296K)->15143K(15296K)
[66.981s][info][gc             ] GC(1060) Pause Young (Allocation Failure) 179M->42M(494M) 8.470ms
[66.981s][info][gc,cpu         ] GC(1060) User=0.00s Sys=0.00s Real=0.00s
[67.017s][info][gc,start       ] GC(1061) Pause Young (Allocation Failure)
[67.025s][info][gc,heap        ] GC(1061) DefNew: 141129K(157248K)->1407K(157248K) Eden: 139776K(139776K)->0K(139776K) From: 1353K(17472K)->1407K(17472K)
[67.025s][info][gc,heap        ] GC(1061) Tenured: 42348K(349568K)->42349K(349568K)
[67.025s][info][gc,metaspace   ] GC(1061) Metaspace: 73597K(73984K)->73597K(73984K) NonClass: 58454K(58688K)->58454K(58688K) Class: 15143K(15296K)->15143K(15296K)
[67.025s][info][gc             ] GC(1061) Pause Young (Allocation Failure) 179M->42M(494M) 8.446ms
[67.025s][info][gc,cpu         ] GC(1061) User=0.00s Sys=0.00s Real=0.00s
[67.061s][info][gc,start       ] GC(1062) Pause Young (Allocation Failure)
[67.069s][info][gc,heap        ] GC(1062) DefNew: 141183K(157248K)->1371K(157248K) Eden: 139776K(139776K)->0K(139776K) From: 1407K(17472K)->1371K(17472K)
[67.069s][info][gc,heap        ] GC(1062) Tenured: 42349K(349568K)->42351K(349568K)
[67.069s][info][gc,metaspace   ] GC(1062) Metaspace: 73607K(73984K)->73607K(73984K) NonClass: 58463K(58688K)->58463K(58688K) Class: 15143K(15296K)->15143K(15296K)
[67.069s][info][gc             ] GC(1062) Pause Young (Allocation Failure) 179M->42M(494M) 8.127ms
[67.069s][info][gc,cpu         ] GC(1062) User=0.00s Sys=0.00s Real=0.00s
[67.105s][info][gc,start       ] GC(1063) Pause Young (Allocation Failure)
[67.113s][info][gc,heap        ] GC(1063) DefNew: 141147K(157248K)->1464K(157248K) Eden: 139776K(139776K)->0K(139776K) From: 1371K(17472K)->1464K(17472K)
[67.113s][info][gc,heap        ] GC(1063) Tenured: 42351K(349568K)->42352K(349568K)
[67.113s][info][gc,metaspace   ] GC(1063) Metaspace: 73607K(73984K)->73607K(73984K) NonClass: 58463K(58688K)->58463K(58688K) Class: 15143K(15296K)->15143K(15296K)
[67.113s][info][gc             ] GC(1063) Pause Young (Allocation Failure) 179M->42M(494M) 8.397ms
[67.113s][info][gc,cpu         ] GC(1063) User=0.00s Sys=0.00s Real=0.00s
[67.149s][info][gc,start       ] GC(1064) Pause Young (Allocation Failure)
[67.157s][info][gc,heap        ] GC(1064) DefNew: 141240K(157248K)->1448K(157248K) Eden: 139776K(139776K)->0K(139776K) From: 1464K(17472K)->1448K(17472K)
[67.157s][info][gc,heap        ] GC(1064) Tenured: 42352K(349568K)->42352K(349568K)
[67.157s][info][gc,metaspace   ] GC(1064) Metaspace: 73607K(73984K)->73607K(73984K) NonClass: 58463K(58688K)->58463K(58688K) Class: 15143K(15296K)->15143K(15296K)
[67.157s][info][gc             ] GC(1064) Pause Young (Allocation Failure) 179M->42M(494M) 8.206ms
[67.157s][info][gc,cpu         ] GC(1064) User=0.00s Sys=0.00s Real=0.00s
[67.192s][info][gc,start       ] GC(1065) Pause Young (Allocation Failure)
[67.201s][info][gc,heap        ] GC(1065) DefNew: 141224K(157248K)->1494K(157248K) Eden: 139776K(139776K)->0K(139776K) From: 1448K(17472K)->1494K(17472K)
[67.201s][info][gc,heap        ] GC(1065) Tenured: 42352K(349568K)->42352K(349568K)
[67.201s][info][gc,metaspace   ] GC(1065) Metaspace: 73607K(73984K)->73607K(73984K) NonClass: 58463K(58688K)->58463K(58688K) Class: 15143K(15296K)->15143K(15296K)
[67.201s][info][gc             ] GC(1065) Pause Young (Allocation Failure) 179M->42M(494M) 8.386ms
[67.201s][info][gc,cpu         ] GC(1065) User=0.00s Sys=0.00s Real=0.00s
[67.236s][info][gc,start       ] GC(1066) Pause Young (Allocation Failure)
[67.244s][info][gc,heap        ] GC(1066) DefNew: 141270K(157248K)->1463K(157248K) Eden: 139776K(139776K)->0K(139776K) From: 1494K(17472K)->1463K(17472K)
[67.244s][info][gc,heap        ] GC(1066) Tenured: 42352K(349568K)->42352K(349568K)
[67.244s][info][gc,metaspace   ] GC(1066) Metaspace: 73607K(73984K)->73607K(73984K) NonClass: 58463K(58688K)->58463K(58688K) Class: 15143K(15296K)->15143K(15296K)
[67.245s][info][gc             ] GC(1066) Pause Young (Allocation Failure) 179M->42M(494M) 8.272ms
[67.245s][info][gc,cpu         ] GC(1066) User=0.00s Sys=0.00s Real=0.00s
[67.280s][info][gc,start       ] GC(1067) Pause Young (Allocation Failure)
[67.288s][info][gc,heap        ] GC(1067) DefNew: 141239K(157248K)->1433K(157248K) Eden: 139776K(139776K)->0K(139776K) From: 1463K(17472K)->1433K(17472K)
[67.288s][info][gc,heap        ] GC(1067) Tenured: 42352K(349568K)->42352K(349568K)
[67.288s][info][gc,metaspace   ] GC(1067) Metaspace: 73607K(73984K)->73607K(73984K) NonClass: 58463K(58688K)->58463K(58688K) Class: 15143K(15296K)->15143K(15296K)
[67.288s][info][gc             ] GC(1067) Pause Young (Allocation Failure) 179M->42M(494M) 8.182ms
[67.288s][info][gc,cpu         ] GC(1067) User=0.00s Sys=0.00s Real=0.00s
[67.323s][info][gc,start       ] GC(1068) Pause Young (Allocation Failure)
[67.331s][info][gc,heap        ] GC(1068) DefNew: 141209K(157248K)->1369K(157248K) Eden: 139776K(139776K)->0K(139776K) From: 1433K(17472K)->1369K(17472K)
[67.331s][info][gc,heap        ] GC(1068) Tenured: 42352K(349568K)->42352K(349568K)
[67.331s][info][gc,metaspace   ] GC(1068) Metaspace: 73607K(73984K)->73607K(73984K) NonClass: 58463K(58688K)->58463K(58688K) Class: 15143K(15296K)->15143K(15296K)
[67.331s][info][gc             ] GC(1068) Pause Young (Allocation Failure) 179M->42M(494M) 7.870ms
[67.331s][info][gc,cpu         ] GC(1068) User=0.00s Sys=0.00s Real=0.00s
[67.367s][info][gc,start       ] GC(1069) Pause Young (Allocation Failure)
[67.375s][info][gc,heap        ] GC(1069) DefNew: 141145K(157248K)->1489K(157248K) Eden: 139776K(139776K)->0K(139776K) From: 1369K(17472K)->1489K(17472K)
[67.375s][info][gc,heap        ] GC(1069) Tenured: 42352K(349568K)->42352K(349568K)
[67.375s][info][gc,metaspace   ] GC(1069) Metaspace: 73607K(73984K)->73607K(73984K) NonClass: 58463K(58688K)->58463K(58688K) Class: 15143K(15296K)->15143K(15296K)
[67.375s][info][gc             ] GC(1069) Pause Young (Allocation Failure) 179M->42M(494M) 8.364ms
[67.375s][info][gc,cpu         ] GC(1069) User=0.00s Sys=0.00s Real=0.00s
[67.410s][info][gc,start       ] GC(1070) Pause Young (Allocation Failure)
[67.419s][info][gc,heap        ] GC(1070) DefNew: 141265K(157248K)->1484K(157248K) Eden: 139776K(139776K)->0K(139776K) From: 1489K(17472K)->1484K(17472K)
[67.419s][info][gc,heap        ] GC(1070) Tenured: 42352K(349568K)->42352K(349568K)
[67.419s][info][gc,metaspace   ] GC(1070) Metaspace: 73607K(73984K)->73607K(73984K) NonClass: 58463K(58688K)->58463K(58688K) Class: 15143K(15296K)->15143K(15296K)
[67.419s][info][gc             ] GC(1070) Pause Young (Allocation Failure) 179M->42M(494M) 8.423ms
[67.419s][info][gc,cpu         ] GC(1070) User=0.00s Sys=0.00s Real=0.00s
[67.454s][info][gc,start       ] GC(1071) Pause Young (Allocation Failure)
[67.462s][info][gc,heap        ] GC(1071) DefNew: 141260K(157248K)->1517K(157248K) Eden: 139776K(139776K)->0K(139776K) From: 1484K(17472K)->1517K(17472K)
[67.462s][info][gc,heap        ] GC(1071) Tenured: 42352K(349568K)->42352K(349568K)
[67.462s][info][gc,metaspace   ] GC(1071) Metaspace: 73607K(73984K)->73607K(73984K) NonClass: 58463K(58688K)->58463K(58688K) Class: 15143K(15296K)->15143K(15296K)
[67.462s][info][gc             ] GC(1071) Pause Young (Allocation Failure) 179M->42M(494M) 8.658ms
[67.462s][info][gc,cpu         ] GC(1071) User=0.00s Sys=0.00s Real=0.00s
[67.498s][info][gc,start       ] GC(1072) Pause Young (Allocation Failure)
[67.506s][info][gc,heap        ] GC(1072) DefNew: 141293K(157248K)->1440K(157248K) Eden: 139776K(139776K)->0K(139776K) From: 1517K(17472K)->1440K(17472K)
[67.506s][info][gc,heap        ] GC(1072) Tenured: 42352K(349568K)->42353K(349568K)
[67.506s][info][gc,metaspace   ] GC(1072) Metaspace: 73607K(73984K)->73607K(73984K) NonClass: 58463K(58688K)->58463K(58688K) Class: 15143K(15296K)->15143K(15296K)
[67.506s][info][gc             ] GC(1072) Pause Young (Allocation Failure) 179M->42M(494M) 8.339ms
[67.506s][info][gc,cpu         ] GC(1072) User=0.00s Sys=0.00s Real=0.01s
[67.541s][info][gc,start       ] GC(1073) Pause Young (Allocation Failure)
[67.550s][info][gc,heap        ] GC(1073) DefNew: 141216K(157248K)->1505K(157248K) Eden: 139776K(139776K)->0K(139776K) From: 1440K(17472K)->1505K(17472K)
[67.550s][info][gc,heap        ] GC(1073) Tenured: 42353K(349568K)->42353K(349568K)
[67.550s][info][gc,metaspace   ] GC(1073) Metaspace: 73607K(73984K)->73607K(73984K) NonClass: 58463K(58688K)->58463K(58688K) Class: 15143K(15296K)->15143K(15296K)
[67.550s][info][gc             ] GC(1073) Pause Young (Allocation Failure) 179M->42M(494M) 8.624ms
[67.550s][info][gc,cpu         ] GC(1073) User=0.00s Sys=0.00s Real=0.00s
[67.585s][info][gc,start       ] GC(1074) Pause Young (Allocation Failure)
[67.593s][info][gc,heap        ] GC(1074) DefNew: 141281K(157248K)->1463K(157248K) Eden: 139776K(139776K)->0K(139776K) From: 1505K(17472K)->1463K(17472K)
[67.593s][info][gc,heap        ] GC(1074) Tenured: 42353K(349568K)->42353K(349568K)
[67.593s][info][gc,metaspace   ] GC(1074) Metaspace: 73607K(73984K)->73607K(73984K) NonClass: 58463K(58688K)->58463K(58688K) Class: 15143K(15296K)->15143K(15296K)
[67.593s][info][gc             ] GC(1074) Pause Young (Allocation Failure) 179M->42M(494M) 8.446ms
[67.593s][info][gc,cpu         ] GC(1074) User=0.02s Sys=0.00s Real=0.00s
[67.630s][info][gc,start       ] GC(1075) Pause Young (Allocation Failure)
[67.640s][info][gc,heap        ] GC(1075) DefNew: 141239K(157248K)->1490K(157248K) Eden: 139776K(139776K)->0K(139776K) From: 1463K(17472K)->1490K(17472K)
[67.640s][info][gc,heap        ] GC(1075) Tenured: 42353K(349568K)->42353K(349568K)
[67.640s][info][gc,metaspace   ] GC(1075) Metaspace: 73607K(73984K)->73607K(73984K) NonClass: 58463K(58688K)->58463K(58688K) Class: 15143K(15296K)->15143K(15296K)
[67.640s][info][gc             ] GC(1075) Pause Young (Allocation Failure) 179M->42M(494M) 9.460ms
[67.640s][info][gc,cpu         ] GC(1075) User=0.00s Sys=0.00s Real=0.00s
[67.676s][info][gc,start       ] GC(1076) Pause Young (Allocation Failure)
[67.685s][info][gc,heap        ] GC(1076) DefNew: 141266K(157248K)->1437K(157248K) Eden: 139776K(139776K)->0K(139776K) From: 1490K(17472K)->1437K(17472K)
[67.685s][info][gc,heap        ] GC(1076) Tenured: 42353K(349568K)->42367K(349568K)
[67.685s][info][gc,metaspace   ] GC(1076) Metaspace: 73607K(73984K)->73607K(73984K) NonClass: 58463K(58688K)->58463K(58688K) Class: 15143K(15296K)->15143K(15296K)
[67.685s][info][gc             ] GC(1076) Pause Young (Allocation Failure) 179M->42M(494M) 8.953ms
[67.685s][info][gc,cpu         ] GC(1076) User=0.00s Sys=0.00s Real=0.00s
[67.720s][info][gc,start       ] GC(1077) Pause Young (Allocation Failure)
[67.728s][info][gc,heap        ] GC(1077) DefNew: 141213K(157248K)->1388K(157248K) Eden: 139776K(139776K)->0K(139776K) From: 1437K(17472K)->1388K(17472K)
[67.728s][info][gc,heap        ] GC(1077) Tenured: 42367K(349568K)->42396K(349568K)
[67.728s][info][gc,metaspace   ] GC(1077) Metaspace: 73607K(73984K)->73607K(73984K) NonClass: 58463K(58688K)->58463K(58688K) Class: 15143K(15296K)->15143K(15296K)
[67.728s][info][gc             ] GC(1077) Pause Young (Allocation Failure) 179M->42M(494M) 8.244ms
[67.728s][info][gc,cpu         ] GC(1077) User=0.00s Sys=0.00s Real=0.00s
[67.764s][info][gc,start       ] GC(1078) Pause Young (Allocation Failure)
[67.772s][info][gc,heap        ] GC(1078) DefNew: 141164K(157248K)->1442K(157248K) Eden: 139776K(139776K)->0K(139776K) From: 1388K(17472K)->1442K(17472K)
[67.772s][info][gc,heap        ] GC(1078) Tenured: 42396K(349568K)->42397K(349568K)
[67.772s][info][gc,metaspace   ] GC(1078) Metaspace: 73607K(73984K)->73607K(73984K) NonClass: 58463K(58688K)->58463K(58688K) Class: 15143K(15296K)->15143K(15296K)
[67.772s][info][gc             ] GC(1078) Pause Young (Allocation Failure) 179M->42M(494M) 8.342ms
[67.772s][info][gc,cpu         ] GC(1078) User=0.00s Sys=0.00s Real=0.00s
[67.808s][info][gc,start       ] GC(1079) Pause Young (Allocation Failure)
[67.816s][info][gc,heap        ] GC(1079) DefNew: 141218K(157248K)->1385K(157248K) Eden: 139776K(139776K)->0K(139776K) From: 1442K(17472K)->1385K(17472K)
[67.816s][info][gc,heap        ] GC(1079) Tenured: 42397K(349568K)->42398K(349568K)
[67.816s][info][gc,metaspace   ] GC(1079) Metaspace: 73607K(73984K)->73607K(73984K) NonClass: 58463K(58688K)->58463K(58688K) Class: 15143K(15296K)->15143K(15296K)
[67.816s][info][gc             ] GC(1079) Pause Young (Allocation Failure) 179M->42M(494M) 8.161ms
[67.816s][info][gc,cpu         ] GC(1079) User=0.00s Sys=0.00s Real=0.00s
[67.851s][info][gc,start       ] GC(1080) Pause Young (Allocation Failure)
[67.859s][info][gc,heap        ] GC(1080) DefNew: 141161K(157248K)->1332K(157248K) Eden: 139776K(139776K)->0K(139776K) From: 1385K(17472K)->1332K(17472K)
[67.859s][info][gc,heap        ] GC(1080) Tenured: 42398K(349568K)->42423K(349568K)
[67.859s][info][gc,metaspace   ] GC(1080) Metaspace: 73607K(73984K)->73607K(73984K) NonClass: 58463K(58688K)->58463K(58688K) Class: 15143K(15296K)->15143K(15296K)
[67.859s][info][gc             ] GC(1080) Pause Young (Allocation Failure) 179M->42M(494M) 8.087ms
[67.859s][info][gc,cpu         ] GC(1080) User=0.00s Sys=0.00s Real=0.00s
[67.895s][info][gc,start       ] GC(1081) Pause Young (Allocation Failure)
[67.903s][info][gc,heap        ] GC(1081) DefNew: 141108K(157248K)->1402K(157248K) Eden: 139776K(139776K)->0K(139776K) From: 1332K(17472K)->1402K(17472K)
[67.903s][info][gc,heap        ] GC(1081) Tenured: 42423K(349568K)->42424K(349568K)
[67.903s][info][gc,metaspace   ] GC(1081) Metaspace: 73607K(73984K)->73607K(73984K) NonClass: 58463K(58688K)->58463K(58688K) Class: 15143K(15296K)->15143K(15296K)
[67.903s][info][gc             ] GC(1081) Pause Young (Allocation Failure) 179M->42M(494M) 8.145ms
[67.903s][info][gc,cpu         ] GC(1081) User=0.00s Sys=0.00s Real=0.00s
[67.938s][info][gc,start       ] GC(1082) Pause Young (Allocation Failure)
[67.946s][info][gc,heap        ] GC(1082) DefNew: 141178K(157248K)->1393K(157248K) Eden: 139776K(139776K)->0K(139776K) From: 1402K(17472K)->1393K(17472K)
[67.946s][info][gc,heap        ] GC(1082) Tenured: 42424K(349568K)->42424K(349568K)
[67.946s][info][gc,metaspace   ] GC(1082) Metaspace: 73607K(73984K)->73607K(73984K) NonClass: 58463K(58688K)->58463K(58688K) Class: 15143K(15296K)->15143K(15296K)
[67.947s][info][gc             ] GC(1082) Pause Young (Allocation Failure) 179M->42M(494M) 8.077ms
[67.947s][info][gc,cpu         ] GC(1082) User=0.00s Sys=0.00s Real=0.00s
[67.982s][info][gc,start       ] GC(1083) Pause Young (Allocation Failure)
[67.990s][info][gc,heap        ] GC(1083) DefNew: 141169K(157248K)->1379K(157248K) Eden: 139776K(139776K)->0K(139776K) From: 1393K(17472K)->1379K(17472K)
[67.990s][info][gc,heap        ] GC(1083) Tenured: 42424K(349568K)->42424K(349568K)
[67.990s][info][gc,metaspace   ] GC(1083) Metaspace: 73607K(73984K)->73607K(73984K) NonClass: 58463K(58688K)->58463K(58688K) Class: 15143K(15296K)->15143K(15296K)
[67.990s][info][gc             ] GC(1083) Pause Young (Allocation Failure) 179M->42M(494M) 8.146ms
[67.990s][info][gc,cpu         ] GC(1083) User=0.00s Sys=0.00s Real=0.00s
[68.025s][info][gc,start       ] GC(1084) Pause Young (Allocation Failure)
[68.033s][info][gc,heap        ] GC(1084) DefNew: 141155K(157248K)->1379K(157248K) Eden: 139776K(139776K)->0K(139776K) From: 1379K(17472K)->1379K(17472K)
[68.033s][info][gc,heap        ] GC(1084) Tenured: 42424K(349568K)->42424K(349568K)
[68.033s][info][gc,metaspace   ] GC(1084) Metaspace: 73607K(73984K)->73607K(73984K) NonClass: 58463K(58688K)->58463K(58688K) Class: 15143K(15296K)->15143K(15296K)
[68.033s][info][gc             ] GC(1084) Pause Young (Allocation Failure) 179M->42M(494M) 7.957ms
[68.033s][info][gc,cpu         ] GC(1084) User=0.00s Sys=0.00s Real=0.00s
[68.069s][info][gc,start       ] GC(1085) Pause Young (Allocation Failure)
[68.077s][info][gc,heap        ] GC(1085) DefNew: 141155K(157248K)->1346K(157248K) Eden: 139776K(139776K)->0K(139776K) From: 1379K(17472K)->1346K(17472K)
[68.077s][info][gc,heap        ] GC(1085) Tenured: 42424K(349568K)->42425K(349568K)
[68.077s][info][gc,metaspace   ] GC(1085) Metaspace: 73607K(73984K)->73607K(73984K) NonClass: 58463K(58688K)->58463K(58688K) Class: 15143K(15296K)->15143K(15296K)
[68.077s][info][gc             ] GC(1085) Pause Young (Allocation Failure) 179M->42M(494M) 8.232ms
[68.077s][info][gc,cpu         ] GC(1085) User=0.00s Sys=0.00s Real=0.00s
[68.112s][info][gc,start       ] GC(1086) Pause Young (Allocation Failure)
[68.120s][info][gc,heap        ] GC(1086) DefNew: 141122K(157248K)->1411K(157248K) Eden: 139776K(139776K)->0K(139776K) From: 1346K(17472K)->1411K(17472K)
[68.121s][info][gc,heap        ] GC(1086) Tenured: 42425K(349568K)->42425K(349568K)
[68.121s][info][gc,metaspace   ] GC(1086) Metaspace: 73607K(73984K)->73607K(73984K) NonClass: 58463K(58688K)->58463K(58688K) Class: 15143K(15296K)->15143K(15296K)
[68.121s][info][gc             ] GC(1086) Pause Young (Allocation Failure) 179M->42M(494M) 8.221ms
[68.121s][info][gc,cpu         ] GC(1086) User=0.00s Sys=0.00s Real=0.00s
[68.156s][info][gc,start       ] GC(1087) Pause Young (Allocation Failure)
[68.164s][info][gc,heap        ] GC(1087) DefNew: 141187K(157248K)->1339K(157248K) Eden: 139776K(139776K)->0K(139776K) From: 1411K(17472K)->1339K(17472K)
[68.164s][info][gc,heap        ] GC(1087) Tenured: 42425K(349568K)->42425K(349568K)
[68.164s][info][gc,metaspace   ] GC(1087) Metaspace: 73607K(73984K)->73607K(73984K) NonClass: 58463K(58688K)->58463K(58688K) Class: 15143K(15296K)->15143K(15296K)
[68.164s][info][gc             ] GC(1087) Pause Young (Allocation Failure) 179M->42M(494M) 7.901ms
[68.164s][info][gc,cpu         ] GC(1087) User=0.00s Sys=0.00s Real=0.00s
[68.199s][info][gc,start       ] GC(1088) Pause Young (Allocation Failure)
[68.255s][info][gc,heap        ] GC(1088) DefNew: 141115K(157248K)->1437K(157248K) Eden: 139776K(139776K)->0K(139776K) From: 1339K(17472K)->1437K(17472K)
[68.256s][info][gc,heap        ] GC(1088) Tenured: 42425K(349568K)->42425K(349568K)
[68.256s][info][gc,metaspace   ] GC(1088) Metaspace: 73607K(73984K)->73607K(73984K) NonClass: 58463K(58688K)->58463K(58688K) Class: 15143K(15296K)->15143K(15296K)
[68.256s][info][gc             ] GC(1088) Pause Young (Allocation Failure) 179M->42M(494M) 56.628ms
[68.256s][info][gc,cpu         ] GC(1088) User=0.02s Sys=0.00s Real=0.05s
[68.300s][info][gc,start       ] GC(1089) Pause Young (Allocation Failure)
[68.308s][info][gc,heap        ] GC(1089) DefNew: 141213K(157248K)->1402K(157248K) Eden: 139776K(139776K)->0K(139776K) From: 1437K(17472K)->1402K(17472K)
[68.308s][info][gc,heap        ] GC(1089) Tenured: 42425K(349568K)->42425K(349568K)
[68.308s][info][gc,metaspace   ] GC(1089) Metaspace: 73607K(73984K)->73607K(73984K) NonClass: 58463K(58688K)->58463K(58688K) Class: 15143K(15296K)->15143K(15296K)
[68.308s][info][gc             ] GC(1089) Pause Young (Allocation Failure) 179M->42M(494M) 8.285ms
[68.308s][info][gc,cpu         ] GC(1089) User=0.00s Sys=0.00s Real=0.00s
[68.344s][info][gc,start       ] GC(1090) Pause Young (Allocation Failure)
[68.352s][info][gc,heap        ] GC(1090) DefNew: 141178K(157248K)->1466K(157248K) Eden: 139776K(139776K)->0K(139776K) From: 1402K(17472K)->1466K(17472K)
[68.352s][info][gc,heap        ] GC(1090) Tenured: 42425K(349568K)->42425K(349568K)
[68.352s][info][gc,metaspace   ] GC(1090) Metaspace: 73607K(73984K)->73607K(73984K) NonClass: 58463K(58688K)->58463K(58688K) Class: 15143K(15296K)->15143K(15296K)
[68.352s][info][gc             ] GC(1090) Pause Young (Allocation Failure) 179M->42M(494M) 8.310ms
[68.352s][info][gc,cpu         ] GC(1090) User=0.00s Sys=0.00s Real=0.00s
[68.388s][info][gc,start       ] GC(1091) Pause Young (Allocation Failure)
[68.396s][info][gc,heap        ] GC(1091) DefNew: 141242K(157248K)->1485K(157248K) Eden: 139776K(139776K)->0K(139776K) From: 1466K(17472K)->1485K(17472K)
[68.396s][info][gc,heap        ] GC(1091) Tenured: 42425K(349568K)->42425K(349568K)
[68.396s][info][gc,metaspace   ] GC(1091) Metaspace: 73607K(73984K)->73607K(73984K) NonClass: 58463K(58688K)->58463K(58688K) Class: 15143K(15296K)->15143K(15296K)
[68.396s][info][gc             ] GC(1091) Pause Young (Allocation Failure) 179M->42M(494M) 8.777ms
[68.396s][info][gc,cpu         ] GC(1091) User=0.00s Sys=0.00s Real=0.00s
[68.432s][info][gc,start       ] GC(1092) Pause Young (Allocation Failure)
[68.441s][info][gc,heap        ] GC(1092) DefNew: 141261K(157248K)->1403K(157248K) Eden: 139776K(139776K)->0K(139776K) From: 1485K(17472K)->1403K(17472K)
[68.441s][info][gc,heap        ] GC(1092) Tenured: 42425K(349568K)->42425K(349568K)
[68.441s][info][gc,metaspace   ] GC(1092) Metaspace: 73607K(73984K)->73607K(73984K) NonClass: 58463K(58688K)->58463K(58688K) Class: 15143K(15296K)->15143K(15296K)
[68.441s][info][gc             ] GC(1092) Pause Young (Allocation Failure) 179M->42M(494M) 8.962ms
[68.441s][info][gc,cpu         ] GC(1092) User=0.00s Sys=0.00s Real=0.00s
[68.476s][info][gc,start       ] GC(1093) Pause Young (Allocation Failure)
[68.485s][info][gc,heap        ] GC(1093) DefNew: 141179K(157248K)->1441K(157248K) Eden: 139775K(139776K)->0K(139776K) From: 1403K(17472K)->1441K(17472K)
[68.485s][info][gc,heap        ] GC(1093) Tenured: 42425K(349568K)->42425K(349568K)
[68.485s][info][gc,metaspace   ] GC(1093) Metaspace: 73607K(73984K)->73607K(73984K) NonClass: 58463K(58688K)->58463K(58688K) Class: 15143K(15296K)->15143K(15296K)
[68.485s][info][gc             ] GC(1093) Pause Young (Allocation Failure) 179M->42M(494M) 8.912ms
[68.485s][info][gc,cpu         ] GC(1093) User=0.00s Sys=0.00s Real=0.00s
[68.520s][info][gc,start       ] GC(1094) Pause Young (Allocation Failure)
[68.529s][info][gc,heap        ] GC(1094) DefNew: 141217K(157248K)->1397K(157248K) Eden: 139776K(139776K)->0K(139776K) From: 1441K(17472K)->1397K(17472K)
[68.529s][info][gc,heap        ] GC(1094) Tenured: 42425K(349568K)->42426K(349568K)
[68.529s][info][gc,metaspace   ] GC(1094) Metaspace: 73607K(73984K)->73607K(73984K) NonClass: 58463K(58688K)->58463K(58688K) Class: 15143K(15296K)->15143K(15296K)
[68.529s][info][gc             ] GC(1094) Pause Young (Allocation Failure) 179M->42M(494M) 8.296ms
[68.529s][info][gc,cpu         ] GC(1094) User=0.02s Sys=0.00s Real=0.01s
[68.565s][info][gc,start       ] GC(1095) Pause Young (Allocation Failure)
[68.574s][info][gc,heap        ] GC(1095) DefNew: 141173K(157248K)->1469K(157248K) Eden: 139776K(139776K)->0K(139776K) From: 1397K(17472K)->1469K(17472K)
[68.574s][info][gc,heap        ] GC(1095) Tenured: 42426K(349568K)->42427K(349568K)
[68.574s][info][gc,metaspace   ] GC(1095) Metaspace: 73607K(73984K)->73607K(73984K) NonClass: 58463K(58688K)->58463K(58688K) Class: 15143K(15296K)->15143K(15296K)
[68.574s][info][gc             ] GC(1095) Pause Young (Allocation Failure) 179M->42M(494M) 8.492ms
[68.574s][info][gc,cpu         ] GC(1095) User=0.00s Sys=0.00s Real=0.00s
[68.613s][info][gc,start       ] GC(1096) Pause Young (Allocation Failure)
[68.622s][info][gc,heap        ] GC(1096) DefNew: 141245K(157248K)->1421K(157248K) Eden: 139776K(139776K)->0K(139776K) From: 1469K(17472K)->1421K(17472K)
[68.622s][info][gc,heap        ] GC(1096) Tenured: 42427K(349568K)->42428K(349568K)
[68.622s][info][gc,metaspace   ] GC(1096) Metaspace: 73607K(73984K)->73607K(73984K) NonClass: 58463K(58688K)->58463K(58688K) Class: 15143K(15296K)->15143K(15296K)
[68.622s][info][gc             ] GC(1096) Pause Young (Allocation Failure) 179M->42M(494M) 8.623ms
[68.622s][info][gc,cpu         ] GC(1096) User=0.03s Sys=0.00s Real=0.01s
[68.657s][info][gc,start       ] GC(1097) Pause Young (Allocation Failure)
[68.665s][info][gc,heap        ] GC(1097) DefNew: 141197K(157248K)->1410K(157248K) Eden: 139776K(139776K)->0K(139776K) From: 1421K(17472K)->1410K(17472K)
[68.665s][info][gc,heap        ] GC(1097) Tenured: 42428K(349568K)->42428K(349568K)
[68.665s][info][gc,metaspace   ] GC(1097) Metaspace: 73607K(73984K)->73607K(73984K) NonClass: 58463K(58688K)->58463K(58688K) Class: 15143K(15296K)->15143K(15296K)
[68.666s][info][gc             ] GC(1097) Pause Young (Allocation Failure) 179M->42M(494M) 8.191ms
[68.666s][info][gc,cpu         ] GC(1097) User=0.00s Sys=0.00s Real=0.00s
[68.701s][info][gc,start       ] GC(1098) Pause Young (Allocation Failure)
[68.709s][info][gc,heap        ] GC(1098) DefNew: 141186K(157248K)->1435K(157248K) Eden: 139776K(139776K)->0K(139776K) From: 1410K(17472K)->1435K(17472K)
[68.709s][info][gc,heap        ] GC(1098) Tenured: 42428K(349568K)->42429K(349568K)
[68.709s][info][gc,metaspace   ] GC(1098) Metaspace: 73607K(73984K)->73607K(73984K) NonClass: 58463K(58688K)->58463K(58688K) Class: 15143K(15296K)->15143K(15296K)
[68.709s][info][gc             ] GC(1098) Pause Young (Allocation Failure) 179M->42M(494M) 8.588ms
[68.709s][info][gc,cpu         ] GC(1098) User=0.00s Sys=0.00s Real=0.01s
[68.745s][info][gc,start       ] GC(1099) Pause Young (Allocation Failure)
[68.753s][info][gc,heap        ] GC(1099) DefNew: 141211K(157248K)->1412K(157248K) Eden: 139776K(139776K)->0K(139776K) From: 1435K(17472K)->1412K(17472K)
[68.753s][info][gc,heap        ] GC(1099) Tenured: 42429K(349568K)->42429K(349568K)
[68.753s][info][gc,metaspace   ] GC(1099) Metaspace: 73607K(73984K)->73607K(73984K) NonClass: 58463K(58688K)->58463K(58688K) Class: 15143K(15296K)->15143K(15296K)
[68.753s][info][gc             ] GC(1099) Pause Young (Allocation Failure) 179M->42M(494M) 8.174ms
[68.753s][info][gc,cpu         ] GC(1099) User=0.00s Sys=0.00s Real=0.00s
[68.788s][info][gc,start       ] GC(1100) Pause Young (Allocation Failure)
[68.797s][info][gc,heap        ] GC(1100) DefNew: 141188K(157248K)->1412K(157248K) Eden: 139776K(139776K)->0K(139776K) From: 1412K(17472K)->1412K(17472K)
[68.797s][info][gc,heap        ] GC(1100) Tenured: 42429K(349568K)->42430K(349568K)
[68.797s][info][gc,metaspace   ] GC(1100) Metaspace: 73607K(73984K)->73607K(73984K) NonClass: 58463K(58688K)->58463K(58688K) Class: 15143K(15296K)->15143K(15296K)
[68.797s][info][gc             ] GC(1100) Pause Young (Allocation Failure) 179M->42M(494M) 8.256ms
[68.797s][info][gc,cpu         ] GC(1100) User=0.00s Sys=0.00s Real=0.00s
[68.832s][info][gc,start       ] GC(1101) Pause Young (Allocation Failure)
[68.840s][info][gc,heap        ] GC(1101) DefNew: 141188K(157248K)->1425K(157248K) Eden: 139776K(139776K)->0K(139776K) From: 1412K(17472K)->1425K(17472K)
[68.840s][info][gc,heap        ] GC(1101) Tenured: 42430K(349568K)->42431K(349568K)
[68.840s][info][gc,metaspace   ] GC(1101) Metaspace: 73607K(73984K)->73607K(73984K) NonClass: 58463K(58688K)->58463K(58688K) Class: 15143K(15296K)->15143K(15296K)
[68.840s][info][gc             ] GC(1101) Pause Young (Allocation Failure) 179M->42M(494M) 8.325ms
[68.841s][info][gc,cpu         ] GC(1101) User=0.00s Sys=0.00s Real=0.00s
[68.876s][info][gc,start       ] GC(1102) Pause Young (Allocation Failure)
[68.884s][info][gc,heap        ] GC(1102) DefNew: 141201K(157248K)->1447K(157248K) Eden: 139776K(139776K)->0K(139776K) From: 1425K(17472K)->1447K(17472K)
[68.884s][info][gc,heap        ] GC(1102) Tenured: 42431K(349568K)->42431K(349568K)
[68.884s][info][gc,metaspace   ] GC(1102) Metaspace: 73607K(73984K)->73607K(73984K) NonClass: 58463K(58688K)->58463K(58688K) Class: 15143K(15296K)->15143K(15296K)
[68.885s][info][gc             ] GC(1102) Pause Young (Allocation Failure) 179M->42M(494M) 8.412ms
[68.885s][info][gc,cpu         ] GC(1102) User=0.00s Sys=0.00s Real=0.00s
[68.920s][info][gc,start       ] GC(1103) Pause Young (Allocation Failure)
[68.928s][info][gc,heap        ] GC(1103) DefNew: 141223K(157248K)->1321K(157248K) Eden: 139776K(139776K)->0K(139776K) From: 1447K(17472K)->1321K(17472K)
[68.928s][info][gc,heap        ] GC(1103) Tenured: 42431K(349568K)->42458K(349568K)
[68.928s][info][gc,metaspace   ] GC(1103) Metaspace: 73607K(73984K)->73607K(73984K) NonClass: 58463K(58688K)->58463K(58688K) Class: 15143K(15296K)->15143K(15296K)
[68.928s][info][gc             ] GC(1103) Pause Young (Allocation Failure) 179M->42M(494M) 8.064ms
[68.928s][info][gc,cpu         ] GC(1103) User=0.00s Sys=0.00s Real=0.00s
[68.963s][info][gc,start       ] GC(1104) Pause Young (Allocation Failure)
[68.972s][info][gc,heap        ] GC(1104) DefNew: 141097K(157248K)->1463K(157248K) Eden: 139776K(139776K)->0K(139776K) From: 1321K(17472K)->1463K(17472K)
[68.972s][info][gc,heap        ] GC(1104) Tenured: 42458K(349568K)->42458K(349568K)
[68.972s][info][gc,metaspace   ] GC(1104) Metaspace: 73607K(73984K)->73607K(73984K) NonClass: 58463K(58688K)->58463K(58688K) Class: 15143K(15296K)->15143K(15296K)
[68.972s][info][gc             ] GC(1104) Pause Young (Allocation Failure) 179M->42M(494M) 8.483ms
[68.972s][info][gc,cpu         ] GC(1104) User=0.00s Sys=0.00s Real=0.00s
[69.007s][info][gc,start       ] GC(1105) Pause Young (Allocation Failure)
[69.015s][info][gc,heap        ] GC(1105) DefNew: 141239K(157248K)->1375K(157248K) Eden: 139776K(139776K)->0K(139776K) From: 1463K(17472K)->1375K(17472K)
[69.015s][info][gc,heap        ] GC(1105) Tenured: 42458K(349568K)->42458K(349568K)
[69.015s][info][gc,metaspace   ] GC(1105) Metaspace: 73607K(73984K)->73607K(73984K) NonClass: 58463K(58688K)->58463K(58688K) Class: 15143K(15296K)->15143K(15296K)
[69.015s][info][gc             ] GC(1105) Pause Young (Allocation Failure) 179M->42M(494M) 8.134ms
[69.015s][info][gc,cpu         ] GC(1105) User=0.02s Sys=0.00s Real=0.00s
[69.050s][info][gc,start       ] GC(1106) Pause Young (Allocation Failure)
[69.060s][info][gc,heap        ] GC(1106) DefNew: 141151K(157248K)->1433K(157248K) Eden: 139776K(139776K)->0K(139776K) From: 1375K(17472K)->1433K(17472K)
[69.060s][info][gc,heap        ] GC(1106) Tenured: 42458K(349568K)->42458K(349568K)
[69.060s][info][gc,metaspace   ] GC(1106) Metaspace: 73607K(73984K)->73607K(73984K) NonClass: 58463K(58688K)->58463K(58688K) Class: 15143K(15296K)->15143K(15296K)
[69.060s][info][gc             ] GC(1106) Pause Young (Allocation Failure) 179M->42M(494M) 9.171ms
[69.060s][info][gc,cpu         ] GC(1106) User=0.00s Sys=0.00s Real=0.00s
[69.095s][info][gc,start       ] GC(1107) Pause Young (Allocation Failure)
[69.104s][info][gc,heap        ] GC(1107) DefNew: 141209K(157248K)->1368K(157248K) Eden: 139776K(139776K)->0K(139776K) From: 1433K(17472K)->1368K(17472K)
[69.104s][info][gc,heap        ] GC(1107) Tenured: 42458K(349568K)->42458K(349568K)
[69.104s][info][gc,metaspace   ] GC(1107) Metaspace: 73607K(73984K)->73607K(73984K) NonClass: 58463K(58688K)->58463K(58688K) Class: 15143K(15296K)->15143K(15296K)
[69.104s][info][gc             ] GC(1107) Pause Young (Allocation Failure) 179M->42M(494M) 8.535ms
[69.104s][info][gc,cpu         ] GC(1107) User=0.00s Sys=0.00s Real=0.00s
[69.140s][info][gc,start       ] GC(1108) Pause Young (Allocation Failure)
[69.148s][info][gc,heap        ] GC(1108) DefNew: 141144K(157248K)->1338K(157248K) Eden: 139776K(139776K)->0K(139776K) From: 1368K(17472K)->1338K(17472K)
[69.148s][info][gc,heap        ] GC(1108) Tenured: 42458K(349568K)->42458K(349568K)
[69.148s][info][gc,metaspace   ] GC(1108) Metaspace: 73607K(73984K)->73607K(73984K) NonClass: 58463K(58688K)->58463K(58688K) Class: 15143K(15296K)->15143K(15296K)
[69.148s][info][gc             ] GC(1108) Pause Young (Allocation Failure) 179M->42M(494M) 7.955ms
[69.148s][info][gc,cpu         ] GC(1108) User=0.00s Sys=0.00s Real=0.00s
[69.183s][info][gc,start       ] GC(1109) Pause Young (Allocation Failure)
[69.191s][info][gc,heap        ] GC(1109) DefNew: 141114K(157248K)->1375K(157248K) Eden: 139776K(139776K)->0K(139776K) From: 1338K(17472K)->1375K(17472K)
[69.191s][info][gc,heap        ] GC(1109) Tenured: 42458K(349568K)->42458K(349568K)
[69.191s][info][gc,metaspace   ] GC(1109) Metaspace: 73607K(73984K)->73607K(73984K) NonClass: 58463K(58688K)->58463K(58688K) Class: 15143K(15296K)->15143K(15296K)
[69.191s][info][gc             ] GC(1109) Pause Young (Allocation Failure) 179M->42M(494M) 8.283ms
[69.192s][info][gc,cpu         ] GC(1109) User=0.00s Sys=0.00s Real=0.00s
[69.227s][info][gc,start       ] GC(1110) Pause Young (Allocation Failure)
[69.235s][info][gc,heap        ] GC(1110) DefNew: 141151K(157248K)->1488K(157248K) Eden: 139776K(139776K)->0K(139776K) From: 1375K(17472K)->1488K(17472K)
[69.235s][info][gc,heap        ] GC(1110) Tenured: 42458K(349568K)->42458K(349568K)
[69.235s][info][gc,metaspace   ] GC(1110) Metaspace: 73607K(73984K)->73607K(73984K) NonClass: 58463K(58688K)->58463K(58688K) Class: 15143K(15296K)->15143K(15296K)
[69.235s][info][gc             ] GC(1110) Pause Young (Allocation Failure) 179M->42M(494M) 8.538ms
[69.235s][info][gc,cpu         ] GC(1110) User=0.00s Sys=0.00s Real=0.00s
[69.271s][info][gc,start       ] GC(1111) Pause Young (Allocation Failure)
[69.279s][info][gc,heap        ] GC(1111) DefNew: 141264K(157248K)->1407K(157248K) Eden: 139776K(139776K)->0K(139776K) From: 1488K(17472K)->1407K(17472K)
[69.279s][info][gc,heap        ] GC(1111) Tenured: 42458K(349568K)->42460K(349568K)
[69.279s][info][gc,metaspace   ] GC(1111) Metaspace: 73607K(73984K)->73607K(73984K) NonClass: 58463K(58688K)->58463K(58688K) Class: 15143K(15296K)->15143K(15296K)
[69.279s][info][gc             ] GC(1111) Pause Young (Allocation Failure) 179M->42M(494M) 8.277ms
[69.279s][info][gc,cpu         ] GC(1111) User=0.00s Sys=0.00s Real=0.00s
[69.315s][info][gc,start       ] GC(1112) Pause Young (Allocation Failure)
[69.323s][info][gc,heap        ] GC(1112) DefNew: 141183K(157248K)->1354K(157248K) Eden: 139776K(139776K)->0K(139776K) From: 1407K(17472K)->1354K(17472K)
[69.323s][info][gc,heap        ] GC(1112) Tenured: 42460K(349568K)->42460K(349568K)
[69.323s][info][gc,metaspace   ] GC(1112) Metaspace: 73607K(73984K)->73607K(73984K) NonClass: 58463K(58688K)->58463K(58688K) Class: 15143K(15296K)->15143K(15296K)
[69.323s][info][gc             ] GC(1112) Pause Young (Allocation Failure) 179M->42M(494M) 8.000ms
[69.323s][info][gc,cpu         ] GC(1112) User=0.00s Sys=0.00s Real=0.00s
[69.358s][info][gc,start       ] GC(1113) Pause Young (Allocation Failure)
[69.367s][info][gc,heap        ] GC(1113) DefNew: 141130K(157248K)->1405K(157248K) Eden: 139776K(139776K)->0K(139776K) From: 1354K(17472K)->1405K(17472K)
[69.367s][info][gc,heap        ] GC(1113) Tenured: 42460K(349568K)->42460K(349568K)
[69.367s][info][gc,metaspace   ] GC(1113) Metaspace: 73607K(73984K)->73607K(73984K) NonClass: 58463K(58688K)->58463K(58688K) Class: 15143K(15296K)->15143K(15296K)
[69.367s][info][gc             ] GC(1113) Pause Young (Allocation Failure) 179M->42M(494M) 8.150ms
[69.367s][info][gc,cpu         ] GC(1113) User=0.00s Sys=0.00s Real=0.00s
[69.402s][info][gc,start       ] GC(1114) Pause Young (Allocation Failure)
[69.411s][info][gc,heap        ] GC(1114) DefNew: 141181K(157248K)->1387K(157248K) Eden: 139776K(139776K)->0K(139776K) From: 1405K(17472K)->1387K(17472K)
[69.411s][info][gc,heap        ] GC(1114) Tenured: 42460K(349568K)->42461K(349568K)
[69.411s][info][gc,metaspace   ] GC(1114) Metaspace: 73607K(73984K)->73607K(73984K) NonClass: 58463K(58688K)->58463K(58688K) Class: 15143K(15296K)->15143K(15296K)
[69.411s][info][gc             ] GC(1114) Pause Young (Allocation Failure) 179M->42M(494M) 8.889ms
[69.411s][info][gc,cpu         ] GC(1114) User=0.00s Sys=0.00s Real=0.00s
[69.446s][info][gc,start       ] GC(1115) Pause Young (Allocation Failure)
[69.455s][info][gc,heap        ] GC(1115) DefNew: 141163K(157248K)->1392K(157248K) Eden: 139776K(139776K)->0K(139776K) From: 1387K(17472K)->1392K(17472K)
[69.455s][info][gc,heap        ] GC(1115) Tenured: 42461K(349568K)->42461K(349568K)
[69.455s][info][gc,metaspace   ] GC(1115) Metaspace: 73607K(73984K)->73607K(73984K) NonClass: 58463K(58688K)->58463K(58688K) Class: 15143K(15296K)->15143K(15296K)
[69.455s][info][gc             ] GC(1115) Pause Young (Allocation Failure) 179M->42M(494M) 8.950ms
[69.455s][info][gc,cpu         ] GC(1115) User=0.00s Sys=0.00s Real=0.00s
[69.491s][info][gc,start       ] GC(1116) Pause Young (Allocation Failure)
[69.500s][info][gc,heap        ] GC(1116) DefNew: 141168K(157248K)->1475K(157248K) Eden: 139776K(139776K)->0K(139776K) From: 1392K(17472K)->1475K(17472K)
[69.500s][info][gc,heap        ] GC(1116) Tenured: 42461K(349568K)->42461K(349568K)
[69.500s][info][gc,metaspace   ] GC(1116) Metaspace: 73607K(73984K)->73607K(73984K) NonClass: 58463K(58688K)->58463K(58688K) Class: 15143K(15296K)->15143K(15296K)
[69.500s][info][gc             ] GC(1116) Pause Young (Allocation Failure) 179M->42M(494M) 9.058ms
[69.500s][info][gc,cpu         ] GC(1116) User=0.02s Sys=0.00s Real=0.00s
[69.536s][info][gc,start       ] GC(1117) Pause Young (Allocation Failure)
[69.545s][info][gc,heap        ] GC(1117) DefNew: 141251K(157248K)->1486K(157248K) Eden: 139776K(139776K)->0K(139776K) From: 1475K(17472K)->1486K(17472K)
[69.545s][info][gc,heap        ] GC(1117) Tenured: 42461K(349568K)->42461K(349568K)
[69.545s][info][gc,metaspace   ] GC(1117) Metaspace: 73607K(73984K)->73607K(73984K) NonClass: 58463K(58688K)->58463K(58688K) Class: 15143K(15296K)->15143K(15296K)
[69.545s][info][gc             ] GC(1117) Pause Young (Allocation Failure) 179M->42M(494M) 9.421ms
[69.545s][info][gc,cpu         ] GC(1117) User=0.00s Sys=0.00s Real=0.00s
[69.581s][info][gc,start       ] GC(1118) Pause Young (Allocation Failure)
[69.625s][info][gc,heap        ] GC(1118) DefNew: 141262K(157248K)->1428K(157248K) Eden: 139776K(139776K)->0K(139776K) From: 1486K(17472K)->1428K(17472K)
[69.626s][info][gc,heap        ] GC(1118) Tenured: 42461K(349568K)->42461K(349568K)
[69.626s][info][gc,metaspace   ] GC(1118) Metaspace: 73607K(73984K)->73607K(73984K) NonClass: 58463K(58688K)->58463K(58688K) Class: 15143K(15296K)->15143K(15296K)
[69.626s][info][gc             ] GC(1118) Pause Young (Allocation Failure) 179M->42M(494M) 44.664ms
[69.626s][info][gc,cpu         ] GC(1118) User=0.00s Sys=0.00s Real=0.03s
[69.671s][info][gc,start       ] GC(1119) Pause Young (Allocation Failure)
[69.680s][info][gc,heap        ] GC(1119) DefNew: 141204K(157248K)->1428K(157248K) Eden: 139776K(139776K)->0K(139776K) From: 1428K(17472K)->1428K(17472K)
[69.680s][info][gc,heap        ] GC(1119) Tenured: 42461K(349568K)->42461K(349568K)
[69.680s][info][gc,metaspace   ] GC(1119) Metaspace: 73607K(73984K)->73607K(73984K) NonClass: 58463K(58688K)->58463K(58688K) Class: 15143K(15296K)->15143K(15296K)
[69.680s][info][gc             ] GC(1119) Pause Young (Allocation Failure) 179M->42M(494M) 9.157ms
[69.680s][info][gc,cpu         ] GC(1119) User=0.00s Sys=0.00s Real=0.00s
[69.716s][info][gc,start       ] GC(1120) Pause Young (Allocation Failure)
[69.724s][info][gc,heap        ] GC(1120) DefNew: 141204K(157248K)->1382K(157248K) Eden: 139775K(139776K)->0K(139776K) From: 1428K(17472K)->1382K(17472K)
[69.724s][info][gc,heap        ] GC(1120) Tenured: 42461K(349568K)->42461K(349568K)
[69.724s][info][gc,metaspace   ] GC(1120) Metaspace: 73607K(73984K)->73607K(73984K) NonClass: 58463K(58688K)->58463K(58688K) Class: 15143K(15296K)->15143K(15296K)
[69.724s][info][gc             ] GC(1120) Pause Young (Allocation Failure) 179M->42M(494M) 8.637ms
[69.724s][info][gc,cpu         ] GC(1120) User=0.00s Sys=0.00s Real=0.00s
[69.760s][info][gc,start       ] GC(1121) Pause Young (Allocation Failure)
[69.768s][info][gc,heap        ] GC(1121) DefNew: 141158K(157248K)->1397K(157248K) Eden: 139775K(139776K)->0K(139776K) From: 1382K(17472K)->1397K(17472K)
[69.768s][info][gc,heap        ] GC(1121) Tenured: 42461K(349568K)->42461K(349568K)
[69.768s][info][gc,metaspace   ] GC(1121) Metaspace: 73607K(73984K)->73607K(73984K) NonClass: 58463K(58688K)->58463K(58688K) Class: 15143K(15296K)->15143K(15296K)
[69.768s][info][gc             ] GC(1121) Pause Young (Allocation Failure) 179M->42M(494M) 8.290ms
[69.768s][info][gc,cpu         ] GC(1121) User=0.00s Sys=0.00s Real=0.00s
[69.803s][info][gc,start       ] GC(1122) Pause Young (Allocation Failure)
[69.812s][info][gc,heap        ] GC(1122) DefNew: 141173K(157248K)->1448K(157248K) Eden: 139776K(139776K)->0K(139776K) From: 1397K(17472K)->1448K(17472K)
[69.812s][info][gc,heap        ] GC(1122) Tenured: 42461K(349568K)->42461K(349568K)
[69.812s][info][gc,metaspace   ] GC(1122) Metaspace: 73607K(73984K)->73607K(73984K) NonClass: 58463K(58688K)->58463K(58688K) Class: 15143K(15296K)->15143K(15296K)
[69.812s][info][gc             ] GC(1122) Pause Young (Allocation Failure) 179M->42M(494M) 8.337ms
[69.812s][info][gc,cpu         ] GC(1122) User=0.02s Sys=0.00s Real=0.00s
[69.847s][info][gc,start       ] GC(1123) Pause Young (Allocation Failure)
[69.855s][info][gc,heap        ] GC(1123) DefNew: 141224K(157248K)->1421K(157248K) Eden: 139776K(139776K)->0K(139776K) From: 1448K(17472K)->1421K(17472K)
[69.855s][info][gc,heap        ] GC(1123) Tenured: 42461K(349568K)->42461K(349568K)
[69.855s][info][gc,metaspace   ] GC(1123) Metaspace: 73607K(73984K)->73607K(73984K) NonClass: 58463K(58688K)->58463K(58688K) Class: 15143K(15296K)->15143K(15296K)
[69.855s][info][gc             ] GC(1123) Pause Young (Allocation Failure) 179M->42M(494M) 8.220ms
[69.855s][info][gc,cpu         ] GC(1123) User=0.00s Sys=0.00s Real=0.00s
[69.891s][info][gc,start       ] GC(1124) Pause Young (Allocation Failure)
[69.899s][info][gc,heap        ] GC(1124) DefNew: 141197K(157248K)->1346K(157248K) Eden: 139776K(139776K)->0K(139776K) From: 1421K(17472K)->1346K(17472K)
[69.899s][info][gc,heap        ] GC(1124) Tenured: 42461K(349568K)->42479K(349568K)
[69.899s][info][gc,metaspace   ] GC(1124) Metaspace: 73607K(73984K)->73607K(73984K) NonClass: 58463K(58688K)->58463K(58688K) Class: 15143K(15296K)->15143K(15296K)
[69.899s][info][gc             ] GC(1124) Pause Young (Allocation Failure) 179M->42M(494M) 8.069ms
[69.899s][info][gc,cpu         ] GC(1124) User=0.00s Sys=0.00s Real=0.00s
[69.934s][info][gc,start       ] GC(1125) Pause Young (Allocation Failure)
[69.942s][info][gc,heap        ] GC(1125) DefNew: 141122K(157248K)->1419K(157248K) Eden: 139776K(139776K)->0K(139776K) From: 1346K(17472K)->1419K(17472K)
[69.942s][info][gc,heap        ] GC(1125) Tenured: 42479K(349568K)->42483K(349568K)
[69.942s][info][gc,metaspace   ] GC(1125) Metaspace: 73607K(73984K)->73607K(73984K) NonClass: 58463K(58688K)->58463K(58688K) Class: 15143K(15296K)->15143K(15296K)
[69.942s][info][gc             ] GC(1125) Pause Young (Allocation Failure) 179M->42M(494M) 8.139ms
[69.942s][info][gc,cpu         ] GC(1125) User=0.00s Sys=0.00s Real=0.00s
[69.977s][info][gc,start       ] GC(1126) Pause Young (Allocation Failure)
[69.985s][info][gc,heap        ] GC(1126) DefNew: 141195K(157248K)->1334K(157248K) Eden: 139776K(139776K)->0K(139776K) From: 1419K(17472K)->1334K(17472K)
[69.985s][info][gc,heap        ] GC(1126) Tenured: 42483K(349568K)->42483K(349568K)
[69.985s][info][gc,metaspace   ] GC(1126) Metaspace: 73607K(73984K)->73607K(73984K) NonClass: 58463K(58688K)->58463K(58688K) Class: 15143K(15296K)->15143K(15296K)
[69.985s][info][gc             ] GC(1126) Pause Young (Allocation Failure) 179M->42M(494M) 7.990ms
[69.985s][info][gc,cpu         ] GC(1126) User=0.00s Sys=0.00s Real=0.00s
[70.021s][info][gc,start       ] GC(1127) Pause Young (Allocation Failure)
[70.029s][info][gc,heap        ] GC(1127) DefNew: 141110K(157248K)->1413K(157248K) Eden: 139776K(139776K)->0K(139776K) From: 1334K(17472K)->1413K(17472K)
[70.029s][info][gc,heap        ] GC(1127) Tenured: 42483K(349568K)->42484K(349568K)
[70.029s][info][gc,metaspace   ] GC(1127) Metaspace: 73607K(73984K)->73607K(73984K) NonClass: 58463K(58688K)->58463K(58688K) Class: 15143K(15296K)->15143K(15296K)
[70.029s][info][gc             ] GC(1127) Pause Young (Allocation Failure) 179M->42M(494M) 8.215ms
[70.029s][info][gc,cpu         ] GC(1127) User=0.00s Sys=0.00s Real=0.00s
[70.064s][info][gc,start       ] GC(1128) Pause Young (Allocation Failure)
[70.072s][info][gc,heap        ] GC(1128) DefNew: 141189K(157248K)->1404K(157248K) Eden: 139776K(139776K)->0K(139776K) From: 1413K(17472K)->1404K(17472K)
[70.072s][info][gc,heap        ] GC(1128) Tenured: 42484K(349568K)->42484K(349568K)
[70.072s][info][gc,metaspace   ] GC(1128) Metaspace: 73607K(73984K)->73607K(73984K) NonClass: 58463K(58688K)->58463K(58688K) Class: 15143K(15296K)->15143K(15296K)
[70.072s][info][gc             ] GC(1128) Pause Young (Allocation Failure) 179M->42M(494M) 8.160ms
[70.072s][info][gc,cpu         ] GC(1128) User=0.00s Sys=0.00s Real=0.00s
[70.108s][info][gc,start       ] GC(1129) Pause Young (Allocation Failure)
[70.116s][info][gc,heap        ] GC(1129) DefNew: 141180K(157248K)->1325K(157248K) Eden: 139776K(139776K)->0K(139776K) From: 1404K(17472K)->1325K(17472K)
[70.116s][info][gc,heap        ] GC(1129) Tenured: 42484K(349568K)->42485K(349568K)
[70.116s][info][gc,metaspace   ] GC(1129) Metaspace: 73607K(73984K)->73607K(73984K) NonClass: 58463K(58688K)->58463K(58688K) Class: 15143K(15296K)->15143K(15296K)
[70.116s][info][gc             ] GC(1129) Pause Young (Allocation Failure) 179M->42M(494M) 7.957ms
[70.116s][info][gc,cpu         ] GC(1129) User=0.00s Sys=0.00s Real=0.00s
[70.151s][info][gc,start       ] GC(1130) Pause Young (Allocation Failure)
[70.160s][info][gc,heap        ] GC(1130) DefNew: 141101K(157248K)->1339K(157248K) Eden: 139776K(139776K)->0K(139776K) From: 1325K(17472K)->1339K(17472K)
[70.160s][info][gc,heap        ] GC(1130) Tenured: 42485K(349568K)->42485K(349568K)
[70.160s][info][gc,metaspace   ] GC(1130) Metaspace: 73607K(73984K)->73607K(73984K) NonClass: 58463K(58688K)->58463K(58688K) Class: 15143K(15296K)->15143K(15296K)
[70.160s][info][gc             ] GC(1130) Pause Young (Allocation Failure) 179M->42M(494M) 8.848ms
[70.160s][info][gc,cpu         ] GC(1130) User=0.00s Sys=0.00s Real=0.00s
[70.195s][info][gc,start       ] GC(1131) Pause Young (Allocation Failure)
[70.204s][info][gc,heap        ] GC(1131) DefNew: 141115K(157248K)->1449K(157248K) Eden: 139776K(139776K)->0K(139776K) From: 1339K(17472K)->1449K(17472K)
[70.204s][info][gc,heap        ] GC(1131) Tenured: 42485K(349568K)->42485K(349568K)
[70.204s][info][gc,metaspace   ] GC(1131) Metaspace: 73607K(73984K)->73607K(73984K) NonClass: 58463K(58688K)->58463K(58688K) Class: 15143K(15296K)->15143K(15296K)
[70.204s][info][gc             ] GC(1131) Pause Young (Allocation Failure) 179M->42M(494M) 8.997ms
[70.205s][info][gc,cpu         ] GC(1131) User=0.00s Sys=0.00s Real=0.01s
[70.240s][info][gc,start       ] GC(1132) Pause Young (Allocation Failure)
[70.249s][info][gc,heap        ] GC(1132) DefNew: 141225K(157248K)->1441K(157248K) Eden: 139776K(139776K)->0K(139776K) From: 1449K(17472K)->1441K(17472K)
[70.249s][info][gc,heap        ] GC(1132) Tenured: 42485K(349568K)->42485K(349568K)
[70.249s][info][gc,metaspace   ] GC(1132) Metaspace: 73607K(73984K)->73607K(73984K) NonClass: 58463K(58688K)->58463K(58688K) Class: 15143K(15296K)->15143K(15296K)
[70.249s][info][gc             ] GC(1132) Pause Young (Allocation Failure) 179M->42M(494M) 9.128ms
[70.249s][info][gc,cpu         ] GC(1132) User=0.00s Sys=0.00s Real=0.00s
[70.285s][info][gc,start       ] GC(1133) Pause Young (Allocation Failure)
[70.294s][info][gc,heap        ] GC(1133) DefNew: 141217K(157248K)->1402K(157248K) Eden: 139776K(139776K)->0K(139776K) From: 1441K(17472K)->1402K(17472K)
[70.294s][info][gc,heap        ] GC(1133) Tenured: 42485K(349568K)->42485K(349568K)
[70.294s][info][gc,metaspace   ] GC(1133) Metaspace: 73607K(73984K)->73607K(73984K) NonClass: 58463K(58688K)->58463K(58688K) Class: 15143K(15296K)->15143K(15296K)
[70.294s][info][gc             ] GC(1133) Pause Young (Allocation Failure) 179M->42M(494M) 9.064ms
[70.294s][info][gc,cpu         ] GC(1133) User=0.00s Sys=0.00s Real=0.00s
[70.329s][info][gc,start       ] GC(1134) Pause Young (Allocation Failure)
[70.338s][info][gc,heap        ] GC(1134) DefNew: 141178K(157248K)->1412K(157248K) Eden: 139776K(139776K)->0K(139776K) From: 1402K(17472K)->1412K(17472K)
[70.338s][info][gc,heap        ] GC(1134) Tenured: 42485K(349568K)->42486K(349568K)
[70.338s][info][gc,metaspace   ] GC(1134) Metaspace: 73607K(73984K)->73607K(73984K) NonClass: 58463K(58688K)->58463K(58688K) Class: 15143K(15296K)->15143K(15296K)
[70.338s][info][gc             ] GC(1134) Pause Young (Allocation Failure) 179M->42M(494M) 8.873ms
[70.338s][info][gc,cpu         ] GC(1134) User=0.00s Sys=0.00s Real=0.00s
[70.373s][info][gc,start       ] GC(1135) Pause Young (Allocation Failure)
[70.382s][info][gc,heap        ] GC(1135) DefNew: 141188K(157248K)->1450K(157248K) Eden: 139776K(139776K)->0K(139776K) From: 1412K(17472K)->1450K(17472K)
[70.382s][info][gc,heap        ] GC(1135) Tenured: 42486K(349568K)->42486K(349568K)
[70.382s][info][gc,metaspace   ] GC(1135) Metaspace: 73607K(73984K)->73607K(73984K) NonClass: 58463K(58688K)->58463K(58688K) Class: 15143K(15296K)->15143K(15296K)
[70.382s][info][gc             ] GC(1135) Pause Young (Allocation Failure) 179M->42M(494M) 8.437ms
[70.382s][info][gc,cpu         ] GC(1135) User=0.00s Sys=0.00s Real=0.00s
[70.417s][info][gc,start       ] GC(1136) Pause Young (Allocation Failure)
[70.425s][info][gc,heap        ] GC(1136) DefNew: 141226K(157248K)->1428K(157248K) Eden: 139776K(139776K)->0K(139776K) From: 1450K(17472K)->1428K(17472K)
[70.425s][info][gc,heap        ] GC(1136) Tenured: 42486K(349568K)->42486K(349568K)
[70.425s][info][gc,metaspace   ] GC(1136) Metaspace: 73607K(73984K)->73607K(73984K) NonClass: 58463K(58688K)->58463K(58688K) Class: 15143K(15296K)->15143K(15296K)
[70.425s][info][gc             ] GC(1136) Pause Young (Allocation Failure) 179M->42M(494M) 8.337ms
[70.425s][info][gc,cpu         ] GC(1136) User=0.00s Sys=0.00s Real=0.00s
[70.461s][info][gc,start       ] GC(1137) Pause Young (Allocation Failure)
[70.470s][info][gc,heap        ] GC(1137) DefNew: 141204K(157248K)->1411K(157248K) Eden: 139776K(139776K)->0K(139776K) From: 1428K(17472K)->1411K(17472K)
[70.470s][info][gc,heap        ] GC(1137) Tenured: 42486K(349568K)->42486K(349568K)
[70.470s][info][gc,metaspace   ] GC(1137) Metaspace: 73607K(73984K)->73607K(73984K) NonClass: 58463K(58688K)->58463K(58688K) Class: 15143K(15296K)->15143K(15296K)
[70.470s][info][gc             ] GC(1137) Pause Young (Allocation Failure) 179M->42M(494M) 9.157ms
[70.470s][info][gc,cpu         ] GC(1137) User=0.00s Sys=0.00s Real=0.00s
[70.505s][info][gc,start       ] GC(1138) Pause Young (Allocation Failure)
[70.514s][info][gc,heap        ] GC(1138) DefNew: 141187K(157248K)->1493K(157248K) Eden: 139776K(139776K)->0K(139776K) From: 1411K(17472K)->1493K(17472K)
[70.514s][info][gc,heap        ] GC(1138) Tenured: 42486K(349568K)->42486K(349568K)
[70.514s][info][gc,metaspace   ] GC(1138) Metaspace: 73607K(73984K)->73607K(73984K) NonClass: 58463K(58688K)->58463K(58688K) Class: 15143K(15296K)->15143K(15296K)
[70.514s][info][gc             ] GC(1138) Pause Young (Allocation Failure) 179M->42M(494M) 9.127ms
[70.514s][info][gc,cpu         ] GC(1138) User=0.00s Sys=0.00s Real=0.00s
[70.550s][info][gc,start       ] GC(1139) Pause Young (Allocation Failure)
[70.558s][info][gc,heap        ] GC(1139) DefNew: 141269K(157248K)->1400K(157248K) Eden: 139776K(139776K)->0K(139776K) From: 1493K(17472K)->1400K(17472K)
[70.559s][info][gc,heap        ] GC(1139) Tenured: 42486K(349568K)->42486K(349568K)
[70.559s][info][gc,metaspace   ] GC(1139) Metaspace: 73608K(73984K)->73608K(73984K) NonClass: 58465K(58688K)->58465K(58688K) Class: 15143K(15296K)->15143K(15296K)
[70.559s][info][gc             ] GC(1139) Pause Young (Allocation Failure) 179M->42M(494M) 8.502ms
[70.559s][info][gc,cpu         ] GC(1139) User=0.00s Sys=0.00s Real=0.00s
[70.594s][info][gc,start       ] GC(1140) Pause Young (Allocation Failure)
[70.602s][info][gc,heap        ] GC(1140) DefNew: 141176K(157248K)->1457K(157248K) Eden: 139776K(139776K)->0K(139776K) From: 1400K(17472K)->1457K(17472K)
[70.602s][info][gc,heap        ] GC(1140) Tenured: 42486K(349568K)->42486K(349568K)
[70.602s][info][gc,metaspace   ] GC(1140) Metaspace: 73608K(73984K)->73608K(73984K) NonClass: 58465K(58688K)->58465K(58688K) Class: 15143K(15296K)->15143K(15296K)
[70.602s][info][gc             ] GC(1140) Pause Young (Allocation Failure) 179M->42M(494M) 8.336ms
[70.602s][info][gc,cpu         ] GC(1140) User=0.00s Sys=0.00s Real=0.00s
[70.638s][info][gc,start       ] GC(1141) Pause Young (Allocation Failure)
[70.647s][info][gc,heap        ] GC(1141) DefNew: 141233K(157248K)->1505K(157248K) Eden: 139776K(139776K)->0K(139776K) From: 1457K(17472K)->1505K(17472K)
[70.647s][info][gc,heap        ] GC(1141) Tenured: 42486K(349568K)->42486K(349568K)
[70.647s][info][gc,metaspace   ] GC(1141) Metaspace: 73608K(73984K)->73608K(73984K) NonClass: 58465K(58688K)->58465K(58688K) Class: 15143K(15296K)->15143K(15296K)
[70.647s][info][gc             ] GC(1141) Pause Young (Allocation Failure) 179M->42M(494M) 8.901ms
[70.647s][info][gc,cpu         ] GC(1141) User=0.00s Sys=0.00s Real=0.00s
[70.682s][info][gc,start       ] GC(1142) Pause Young (Allocation Failure)
[70.691s][info][gc,heap        ] GC(1142) DefNew: 141281K(157248K)->1437K(157248K) Eden: 139776K(139776K)->0K(139776K) From: 1505K(17472K)->1437K(17472K)
[70.691s][info][gc,heap        ] GC(1142) Tenured: 42486K(349568K)->42486K(349568K)
[70.691s][info][gc,metaspace   ] GC(1142) Metaspace: 73608K(73984K)->73608K(73984K) NonClass: 58465K(58688K)->58465K(58688K) Class: 15143K(15296K)->15143K(15296K)
[70.691s][info][gc             ] GC(1142) Pause Young (Allocation Failure) 179M->42M(494M) 8.476ms
[70.691s][info][gc,cpu         ] GC(1142) User=0.00s Sys=0.00s Real=0.00s
[70.726s][info][gc,start       ] GC(1143) Pause Young (Allocation Failure)
[70.735s][info][gc,heap        ] GC(1143) DefNew: 141213K(157248K)->1435K(157248K) Eden: 139776K(139776K)->0K(139776K) From: 1437K(17472K)->1435K(17472K)
[70.735s][info][gc,heap        ] GC(1143) Tenured: 42486K(349568K)->42487K(349568K)
[70.735s][info][gc,metaspace   ] GC(1143) Metaspace: 73608K(73984K)->73608K(73984K) NonClass: 58465K(58688K)->58465K(58688K) Class: 15143K(15296K)->15143K(15296K)
[70.735s][info][gc             ] GC(1143) Pause Young (Allocation Failure) 179M->42M(494M) 8.455ms
[70.735s][info][gc,cpu         ] GC(1143) User=0.00s Sys=0.00s Real=0.00s
[70.770s][info][gc,start       ] GC(1144) Pause Young (Allocation Failure)
[70.778s][info][gc,heap        ] GC(1144) DefNew: 141211K(157248K)->1449K(157248K) Eden: 139776K(139776K)->0K(139776K) From: 1435K(17472K)->1449K(17472K)
[70.778s][info][gc,heap        ] GC(1144) Tenured: 42487K(349568K)->42487K(349568K)
[70.778s][info][gc,metaspace   ] GC(1144) Metaspace: 73608K(73984K)->73608K(73984K) NonClass: 58465K(58688K)->58465K(58688K) Class: 15143K(15296K)->15143K(15296K)
[70.778s][info][gc             ] GC(1144) Pause Young (Allocation Failure) 179M->42M(494M) 8.438ms
[70.778s][info][gc,cpu         ] GC(1144) User=0.00s Sys=0.00s Real=0.00s
[70.814s][info][gc,start       ] GC(1145) Pause Young (Allocation Failure)
[70.822s][info][gc,heap        ] GC(1145) DefNew: 141225K(157248K)->1392K(157248K) Eden: 139776K(139776K)->0K(139776K) From: 1449K(17472K)->1392K(17472K)
[70.822s][info][gc,heap        ] GC(1145) Tenured: 42487K(349568K)->42488K(349568K)
[70.822s][info][gc,metaspace   ] GC(1145) Metaspace: 73608K(73984K)->73608K(73984K) NonClass: 58465K(58688K)->58465K(58688K) Class: 15143K(15296K)->15143K(15296K)
[70.822s][info][gc             ] GC(1145) Pause Young (Allocation Failure) 179M->42M(494M) 8.273ms
[70.822s][info][gc,cpu         ] GC(1145) User=0.00s Sys=0.00s Real=0.00s
[70.857s][info][gc,start       ] GC(1146) Pause Young (Allocation Failure)
[70.866s][info][gc,heap        ] GC(1146) DefNew: 141168K(157248K)->1435K(157248K) Eden: 139776K(139776K)->0K(139776K) From: 1392K(17472K)->1435K(17472K)
[70.866s][info][gc,heap        ] GC(1146) Tenured: 42488K(349568K)->42513K(349568K)
[70.866s][info][gc,metaspace   ] GC(1146) Metaspace: 73608K(73984K)->73608K(73984K) NonClass: 58465K(58688K)->58465K(58688K) Class: 15143K(15296K)->15143K(15296K)
[70.866s][info][gc             ] GC(1146) Pause Young (Allocation Failure) 179M->42M(494M) 8.429ms
[70.866s][info][gc,cpu         ] GC(1146) User=0.00s Sys=0.00s Real=0.00s
[70.901s][info][gc,start       ] GC(1147) Pause Young (Allocation Failure)
[70.909s][info][gc,heap        ] GC(1147) DefNew: 141211K(157248K)->1447K(157248K) Eden: 139776K(139776K)->0K(139776K) From: 1435K(17472K)->1447K(17472K)
[70.909s][info][gc,heap        ] GC(1147) Tenured: 42513K(349568K)->42513K(349568K)
[70.909s][info][gc,metaspace   ] GC(1147) Metaspace: 73608K(73984K)->73608K(73984K) NonClass: 58465K(58688K)->58465K(58688K) Class: 15143K(15296K)->15143K(15296K)
[70.909s][info][gc             ] GC(1147) Pause Young (Allocation Failure) 179M->42M(494M) 8.498ms
[70.909s][info][gc,cpu         ] GC(1147) User=0.00s Sys=0.00s Real=0.00s
[70.945s][info][gc,start       ] GC(1148) Pause Young (Allocation Failure)
[70.954s][info][gc,heap        ] GC(1148) DefNew: 141223K(157248K)->1401K(157248K) Eden: 139776K(139776K)->0K(139776K) From: 1447K(17472K)->1401K(17472K)
[70.954s][info][gc,heap        ] GC(1148) Tenured: 42513K(349568K)->42513K(349568K)
[70.954s][info][gc,metaspace   ] GC(1148) Metaspace: 73608K(73984K)->73608K(73984K) NonClass: 58465K(58688K)->58465K(58688K) Class: 15143K(15296K)->15143K(15296K)
[70.955s][info][gc             ] GC(1148) Pause Young (Allocation Failure) 179M->42M(494M) 9.414ms
[70.955s][info][gc,cpu         ] GC(1148) User=0.00s Sys=0.00s Real=0.00s
[70.991s][info][gc,start       ] GC(1149) Pause Young (Allocation Failure)
[71.054s][info][gc,heap        ] GC(1149) DefNew: 141177K(157248K)->1471K(157248K) Eden: 139776K(139776K)->0K(139776K) From: 1401K(17472K)->1471K(17472K)
[71.054s][info][gc,heap        ] GC(1149) Tenured: 42513K(349568K)->42514K(349568K)
[71.054s][info][gc,metaspace   ] GC(1149) Metaspace: 73608K(73984K)->73608K(73984K) NonClass: 58465K(58688K)->58465K(58688K) Class: 15143K(15296K)->15143K(15296K)
[71.054s][info][gc             ] GC(1149) Pause Young (Allocation Failure) 179M->42M(494M) 63.922ms
[71.055s][info][gc,cpu         ] GC(1149) User=0.02s Sys=0.00s Real=0.06s
[71.100s][info][gc,start       ] GC(1150) Pause Young (Allocation Failure)
[71.108s][info][gc,heap        ] GC(1150) DefNew: 141247K(157248K)->1428K(157248K) Eden: 139775K(139776K)->0K(139776K) From: 1471K(17472K)->1428K(17472K)
[71.108s][info][gc,heap        ] GC(1150) Tenured: 42514K(349568K)->42514K(349568K)
[71.108s][info][gc,metaspace   ] GC(1150) Metaspace: 73608K(73984K)->73608K(73984K) NonClass: 58465K(58688K)->58465K(58688K) Class: 15143K(15296K)->15143K(15296K)
[71.108s][info][gc             ] GC(1150) Pause Young (Allocation Failure) 179M->42M(494M) 8.353ms
[71.108s][info][gc,cpu         ] GC(1150) User=0.00s Sys=0.00s Real=0.00s
[71.144s][info][gc,start       ] GC(1151) Pause Young (Allocation Failure)
[71.153s][info][gc,heap        ] GC(1151) DefNew: 141204K(157248K)->1410K(157248K) Eden: 139776K(139776K)->0K(139776K) From: 1428K(17472K)->1410K(17472K)
[71.153s][info][gc,heap        ] GC(1151) Tenured: 42514K(349568K)->42514K(349568K)
[71.153s][info][gc,metaspace   ] GC(1151) Metaspace: 73608K(73984K)->73608K(73984K) NonClass: 58465K(58688K)->58465K(58688K) Class: 15143K(15296K)->15143K(15296K)
[71.153s][info][gc             ] GC(1151) Pause Young (Allocation Failure) 179M->42M(494M) 9.220ms
[71.153s][info][gc,cpu         ] GC(1151) User=0.02s Sys=0.00s Real=0.01s
[71.188s][info][gc,start       ] GC(1152) Pause Young (Allocation Failure)
[71.197s][info][gc,heap        ] GC(1152) DefNew: 141186K(157248K)->1453K(157248K) Eden: 139776K(139776K)->0K(139776K) From: 1410K(17472K)->1453K(17472K)
[71.197s][info][gc,heap        ] GC(1152) Tenured: 42514K(349568K)->42515K(349568K)
[71.197s][info][gc,metaspace   ] GC(1152) Metaspace: 73608K(73984K)->73608K(73984K) NonClass: 58465K(58688K)->58465K(58688K) Class: 15143K(15296K)->15143K(15296K)
[71.197s][info][gc             ] GC(1152) Pause Young (Allocation Failure) 179M->42M(494M) 9.042ms
[71.197s][info][gc,cpu         ] GC(1152) User=0.00s Sys=0.00s Real=0.00s
[71.233s][info][gc,start       ] GC(1153) Pause Young (Allocation Failure)
[71.241s][info][gc,heap        ] GC(1153) DefNew: 141229K(157248K)->1402K(157248K) Eden: 139776K(139776K)->0K(139776K) From: 1453K(17472K)->1402K(17472K)
[71.241s][info][gc,heap        ] GC(1153) Tenured: 42515K(349568K)->42515K(349568K)
[71.241s][info][gc,metaspace   ] GC(1153) Metaspace: 73608K(73984K)->73608K(73984K) NonClass: 58465K(58688K)->58465K(58688K) Class: 15143K(15296K)->15143K(15296K)
[71.241s][info][gc             ] GC(1153) Pause Young (Allocation Failure) 179M->42M(494M) 8.145ms
[71.241s][info][gc,cpu         ] GC(1153) User=0.00s Sys=0.00s Real=0.01s
[71.277s][info][gc,start       ] GC(1154) Pause Young (Allocation Failure)
[71.285s][info][gc,heap        ] GC(1154) DefNew: 141178K(157248K)->1436K(157248K) Eden: 139776K(139776K)->0K(139776K) From: 1402K(17472K)->1436K(17472K)
[71.285s][info][gc,heap        ] GC(1154) Tenured: 42515K(349568K)->42537K(349568K)
[71.285s][info][gc,metaspace   ] GC(1154) Metaspace: 73608K(73984K)->73608K(73984K) NonClass: 58465K(58688K)->58465K(58688K) Class: 15143K(15296K)->15143K(15296K)
[71.285s][info][gc             ] GC(1154) Pause Young (Allocation Failure) 179M->42M(494M) 8.379ms
[71.285s][info][gc,cpu         ] GC(1154) User=0.00s Sys=0.00s Real=0.00s
[71.321s][info][gc,start       ] GC(1155) Pause Young (Allocation Failure)
[71.329s][info][gc,heap        ] GC(1155) DefNew: 141212K(157248K)->1418K(157248K) Eden: 139775K(139776K)->0K(139776K) From: 1436K(17472K)->1418K(17472K)
[71.329s][info][gc,heap        ] GC(1155) Tenured: 42537K(349568K)->42538K(349568K)
[71.329s][info][gc,metaspace   ] GC(1155) Metaspace: 73608K(73984K)->73608K(73984K) NonClass: 58465K(58688K)->58465K(58688K) Class: 15143K(15296K)->15143K(15296K)
[71.329s][info][gc             ] GC(1155) Pause Young (Allocation Failure) 179M->42M(494M) 8.503ms
[71.329s][info][gc,cpu         ] GC(1155) User=0.00s Sys=0.00s Real=0.00s
[71.365s][info][gc,start       ] GC(1156) Pause Young (Allocation Failure)
[71.373s][info][gc,heap        ] GC(1156) DefNew: 141194K(157248K)->1431K(157248K) Eden: 139776K(139776K)->0K(139776K) From: 1418K(17472K)->1431K(17472K)
[71.373s][info][gc,heap        ] GC(1156) Tenured: 42538K(349568K)->42556K(349568K)
[71.373s][info][gc,metaspace   ] GC(1156) Metaspace: 73608K(73984K)->73608K(73984K) NonClass: 58465K(58688K)->58465K(58688K) Class: 15143K(15296K)->15143K(15296K)
[71.373s][info][gc             ] GC(1156) Pause Young (Allocation Failure) 179M->42M(494M) 8.393ms
[71.373s][info][gc,cpu         ] GC(1156) User=0.00s Sys=0.00s Real=0.00s
[71.408s][info][gc,start       ] GC(1157) Pause Young (Allocation Failure)
[71.417s][info][gc,heap        ] GC(1157) DefNew: 141207K(157248K)->1450K(157248K) Eden: 139776K(139776K)->0K(139776K) From: 1431K(17472K)->1450K(17472K)
[71.417s][info][gc,heap        ] GC(1157) Tenured: 42556K(349568K)->42557K(349568K)
[71.417s][info][gc,metaspace   ] GC(1157) Metaspace: 73608K(73984K)->73608K(73984K) NonClass: 58465K(58688K)->58465K(58688K) Class: 15143K(15296K)->15143K(15296K)
[71.417s][info][gc             ] GC(1157) Pause Young (Allocation Failure) 179M->42M(494M) 8.465ms
[71.417s][info][gc,cpu         ] GC(1157) User=0.00s Sys=0.00s Real=0.00s
[71.452s][info][gc,start       ] GC(1158) Pause Young (Allocation Failure)
[71.460s][info][gc,heap        ] GC(1158) DefNew: 141226K(157248K)->1476K(157248K) Eden: 139776K(139776K)->0K(139776K) From: 1450K(17472K)->1476K(17472K)
[71.461s][info][gc,heap        ] GC(1158) Tenured: 42557K(349568K)->42557K(349568K)
[71.461s][info][gc,metaspace   ] GC(1158) Metaspace: 73608K(73984K)->73608K(73984K) NonClass: 58465K(58688K)->58465K(58688K) Class: 15143K(15296K)->15143K(15296K)
[71.461s][info][gc             ] GC(1158) Pause Young (Allocation Failure) 179M->43M(494M) 8.457ms
[71.461s][info][gc,cpu         ] GC(1158) User=0.00s Sys=0.00s Real=0.00s
[71.496s][info][gc,start       ] GC(1159) Pause Young (Allocation Failure)
[71.504s][info][gc,heap        ] GC(1159) DefNew: 141252K(157248K)->1351K(157248K) Eden: 139776K(139776K)->0K(139776K) From: 1476K(17472K)->1351K(17472K)
[71.504s][info][gc,heap        ] GC(1159) Tenured: 42557K(349568K)->42558K(349568K)
[71.504s][info][gc,metaspace   ] GC(1159) Metaspace: 73608K(73984K)->73608K(73984K) NonClass: 58465K(58688K)->58465K(58688K) Class: 15143K(15296K)->15143K(15296K)
[71.504s][info][gc             ] GC(1159) Pause Young (Allocation Failure) 179M->42M(494M) 7.916ms
[71.504s][info][gc,cpu         ] GC(1159) User=0.00s Sys=0.00s Real=0.00s
[71.540s][info][gc,start       ] GC(1160) Pause Young (Allocation Failure)
[71.548s][info][gc,heap        ] GC(1160) DefNew: 141127K(157248K)->1404K(157248K) Eden: 139776K(139776K)->0K(139776K) From: 1351K(17472K)->1404K(17472K)
[71.548s][info][gc,heap        ] GC(1160) Tenured: 42558K(349568K)->42558K(349568K)
[71.548s][info][gc,metaspace   ] GC(1160) Metaspace: 73608K(73984K)->73608K(73984K) NonClass: 58465K(58688K)->58465K(58688K) Class: 15143K(15296K)->15143K(15296K)
[71.548s][info][gc             ] GC(1160) Pause Young (Allocation Failure) 179M->42M(494M) 8.140ms
[71.548s][info][gc,cpu         ] GC(1160) User=0.00s Sys=0.00s Real=0.00s
[71.583s][info][gc,start       ] GC(1161) Pause Young (Allocation Failure)
[71.590s][info][gc,heap        ] GC(1161) DefNew: 141180K(157248K)->1356K(157248K) Eden: 139776K(139776K)->0K(139776K) From: 1404K(17472K)->1356K(17472K)
[71.590s][info][gc,heap        ] GC(1161) Tenured: 42558K(349568K)->42559K(349568K)
[71.590s][info][gc,metaspace   ] GC(1161) Metaspace: 73608K(73984K)->73608K(73984K) NonClass: 58465K(58688K)->58465K(58688K) Class: 15143K(15296K)->15143K(15296K)
[71.591s][info][gc             ] GC(1161) Pause Young (Allocation Failure) 179M->42M(494M) 7.983ms
[71.591s][info][gc,cpu         ] GC(1161) User=0.00s Sys=0.00s Real=0.00s
[71.626s][info][gc,start       ] GC(1162) Pause Young (Allocation Failure)
[71.634s][info][gc,heap        ] GC(1162) DefNew: 141132K(157248K)->1376K(157248K) Eden: 139776K(139776K)->0K(139776K) From: 1356K(17472K)->1376K(17472K)
[71.634s][info][gc,heap        ] GC(1162) Tenured: 42559K(349568K)->42559K(349568K)
[71.634s][info][gc,metaspace   ] GC(1162) Metaspace: 73608K(73984K)->73608K(73984K) NonClass: 58465K(58688K)->58465K(58688K) Class: 15143K(15296K)->15143K(15296K)
[71.634s][info][gc             ] GC(1162) Pause Young (Allocation Failure) 179M->42M(494M) 8.129ms
[71.634s][info][gc,cpu         ] GC(1162) User=0.00s Sys=0.00s Real=0.00s
[71.669s][info][gc,start       ] GC(1163) Pause Young (Allocation Failure)
[71.679s][info][gc,heap        ] GC(1163) DefNew: 141152K(157248K)->1471K(157248K) Eden: 139776K(139776K)->0K(139776K) From: 1376K(17472K)->1471K(17472K)
[71.679s][info][gc,heap        ] GC(1163) Tenured: 42559K(349568K)->42559K(349568K)
[71.679s][info][gc,metaspace   ] GC(1163) Metaspace: 73608K(73984K)->73608K(73984K) NonClass: 58465K(58688K)->58465K(58688K) Class: 15143K(15296K)->15143K(15296K)
[71.679s][info][gc             ] GC(1163) Pause Young (Allocation Failure) 179M->42M(494M) 9.583ms
[71.679s][info][gc,cpu         ] GC(1163) User=0.00s Sys=0.00s Real=0.00s
[71.715s][info][gc,start       ] GC(1164) Pause Young (Allocation Failure)
[71.724s][info][gc,heap        ] GC(1164) DefNew: 141247K(157248K)->1395K(157248K) Eden: 139776K(139776K)->0K(139776K) From: 1471K(17472K)->1395K(17472K)
[71.724s][info][gc,heap        ] GC(1164) Tenured: 42559K(349568K)->42559K(349568K)
[71.724s][info][gc,metaspace   ] GC(1164) Metaspace: 73608K(73984K)->73608K(73984K) NonClass: 58465K(58688K)->58465K(58688K) Class: 15143K(15296K)->15143K(15296K)
[71.724s][info][gc             ] GC(1164) Pause Young (Allocation Failure) 179M->42M(494M) 8.958ms
[71.724s][info][gc,cpu         ] GC(1164) User=0.00s Sys=0.00s Real=0.00s
[71.760s][info][gc,start       ] GC(1165) Pause Young (Allocation Failure)
[71.768s][info][gc,heap        ] GC(1165) DefNew: 141171K(157248K)->1396K(157248K) Eden: 139776K(139776K)->0K(139776K) From: 1395K(17472K)->1396K(17472K)
[71.768s][info][gc,heap        ] GC(1165) Tenured: 42559K(349568K)->42560K(349568K)
[71.768s][info][gc,metaspace   ] GC(1165) Metaspace: 73608K(73984K)->73608K(73984K) NonClass: 58465K(58688K)->58465K(58688K) Class: 15143K(15296K)->15143K(15296K)
[71.768s][info][gc             ] GC(1165) Pause Young (Allocation Failure) 179M->42M(494M) 8.339ms
[71.768s][info][gc,cpu         ] GC(1165) User=0.00s Sys=0.00s Real=0.00s
[71.804s][info][gc,start       ] GC(1166) Pause Young (Allocation Failure)
[71.812s][info][gc,heap        ] GC(1166) DefNew: 141172K(157248K)->1403K(157248K) Eden: 139776K(139776K)->0K(139776K) From: 1396K(17472K)->1403K(17472K)
[71.812s][info][gc,heap        ] GC(1166) Tenured: 42560K(349568K)->42560K(349568K)
[71.812s][info][gc,metaspace   ] GC(1166) Metaspace: 73608K(73984K)->73608K(73984K) NonClass: 58465K(58688K)->58465K(58688K) Class: 15143K(15296K)->15143K(15296K)
[71.812s][info][gc             ] GC(1166) Pause Young (Allocation Failure) 179M->42M(494M) 8.063ms
[71.812s][info][gc,cpu         ] GC(1166) User=0.00s Sys=0.00s Real=0.00s
[71.848s][info][gc,start       ] GC(1167) Pause Young (Allocation Failure)
[71.856s][info][gc,heap        ] GC(1167) DefNew: 141179K(157248K)->1418K(157248K) Eden: 139776K(139776K)->0K(139776K) From: 1403K(17472K)->1418K(17472K)
[71.856s][info][gc,heap        ] GC(1167) Tenured: 42560K(349568K)->42584K(349568K)
[71.856s][info][gc,metaspace   ] GC(1167) Metaspace: 73608K(73984K)->73608K(73984K) NonClass: 58465K(58688K)->58465K(58688K) Class: 15143K(15296K)->15143K(15296K)
[71.856s][info][gc             ] GC(1167) Pause Young (Allocation Failure) 179M->42M(494M) 8.290ms
[71.856s][info][gc,cpu         ] GC(1167) User=0.00s Sys=0.00s Real=0.00s
[71.892s][info][gc,start       ] GC(1168) Pause Young (Allocation Failure)
[71.900s][info][gc,heap        ] GC(1168) DefNew: 141194K(157248K)->1401K(157248K) Eden: 139776K(139776K)->0K(139776K) From: 1418K(17472K)->1401K(17472K)
[71.900s][info][gc,heap        ] GC(1168) Tenured: 42584K(349568K)->42585K(349568K)
[71.900s][info][gc,metaspace   ] GC(1168) Metaspace: 73608K(73984K)->73608K(73984K) NonClass: 58465K(58688K)->58465K(58688K) Class: 15143K(15296K)->15143K(15296K)
[71.900s][info][gc             ] GC(1168) Pause Young (Allocation Failure) 179M->42M(494M) 8.029ms
[71.900s][info][gc,cpu         ] GC(1168) User=0.00s Sys=0.00s Real=0.00s
[71.935s][info][gc,start       ] GC(1169) Pause Young (Allocation Failure)
[71.943s][info][gc,heap        ] GC(1169) DefNew: 141177K(157248K)->1439K(157248K) Eden: 139776K(139776K)->0K(139776K) From: 1401K(17472K)->1439K(17472K)
[71.943s][info][gc,heap        ] GC(1169) Tenured: 42585K(349568K)->42586K(349568K)
[71.943s][info][gc,metaspace   ] GC(1169) Metaspace: 73608K(73984K)->73608K(73984K) NonClass: 58465K(58688K)->58465K(58688K) Class: 15143K(15296K)->15143K(15296K)
[71.943s][info][gc             ] GC(1169) Pause Young (Allocation Failure) 179M->42M(494M) 7.805ms
[71.943s][info][gc,cpu         ] GC(1169) User=0.00s Sys=0.00s Real=0.00s
[71.980s][info][gc,start       ] GC(1170) Pause Young (Allocation Failure)
[71.987s][info][gc,heap        ] GC(1170) DefNew: 141215K(157248K)->1413K(157248K) Eden: 139776K(139776K)->0K(139776K) From: 1439K(17472K)->1413K(17472K)
[71.987s][info][gc,heap        ] GC(1170) Tenured: 42586K(349568K)->42586K(349568K)
[71.987s][info][gc,metaspace   ] GC(1170) Metaspace: 73609K(73984K)->73609K(73984K) NonClass: 58465K(58688K)->58465K(58688K) Class: 15143K(15296K)->15143K(15296K)
[71.988s][info][gc             ] GC(1170) Pause Young (Allocation Failure) 179M->42M(494M) 7.868ms
[71.988s][info][gc,cpu         ] GC(1170) User=0.00s Sys=0.00s Real=0.00s
[72.024s][info][gc,start       ] GC(1171) Pause Young (Allocation Failure)
[72.032s][info][gc,heap        ] GC(1171) DefNew: 141189K(157248K)->1436K(157248K) Eden: 139776K(139776K)->0K(139776K) From: 1413K(17472K)->1436K(17472K)
[72.032s][info][gc,heap        ] GC(1171) Tenured: 42586K(349568K)->42586K(349568K)
[72.032s][info][gc,metaspace   ] GC(1171) Metaspace: 73609K(73984K)->73609K(73984K) NonClass: 58465K(58688K)->58465K(58688K) Class: 15143K(15296K)->15143K(15296K)
[72.032s][info][gc             ] GC(1171) Pause Young (Allocation Failure) 179M->42M(494M) 7.685ms
[72.032s][info][gc,cpu         ] GC(1171) User=0.00s Sys=0.00s Real=0.00s
[72.070s][info][gc,start       ] GC(1172) Pause Young (Allocation Failure)
[72.077s][info][gc,heap        ] GC(1172) DefNew: 141212K(157248K)->1391K(157248K) Eden: 139776K(139776K)->0K(139776K) From: 1436K(17472K)->1391K(17472K)
[72.077s][info][gc,heap        ] GC(1172) Tenured: 42586K(349568K)->42586K(349568K)
[72.077s][info][gc,metaspace   ] GC(1172) Metaspace: 73609K(73984K)->73609K(73984K) NonClass: 58465K(58688K)->58465K(58688K) Class: 15143K(15296K)->15143K(15296K)
[72.077s][info][gc             ] GC(1172) Pause Young (Allocation Failure) 179M->42M(494M) 7.395ms
[72.077s][info][gc,cpu         ] GC(1172) User=0.00s Sys=0.00s Real=0.00s
[72.116s][info][gc,start       ] GC(1173) Pause Young (Allocation Failure)
[72.124s][info][gc,heap        ] GC(1173) DefNew: 141167K(157248K)->1450K(157248K) Eden: 139776K(139776K)->0K(139776K) From: 1391K(17472K)->1450K(17472K)
[72.124s][info][gc,heap        ] GC(1173) Tenured: 42586K(349568K)->42586K(349568K)
[72.124s][info][gc,metaspace   ] GC(1173) Metaspace: 73609K(73984K)->73609K(73984K) NonClass: 58465K(58688K)->58465K(58688K) Class: 15143K(15296K)->15143K(15296K)
[72.124s][info][gc             ] GC(1173) Pause Young (Allocation Failure) 179M->43M(494M) 8.140ms
[72.124s][info][gc,cpu         ] GC(1173) User=0.02s Sys=0.00s Real=0.00s
[72.163s][info][gc,start       ] GC(1174) Pause Young (Allocation Failure)
[72.170s][info][gc,heap        ] GC(1174) DefNew: 141226K(157248K)->1424K(157248K) Eden: 139776K(139776K)->0K(139776K) From: 1450K(17472K)->1424K(17472K)
[72.170s][info][gc,heap        ] GC(1174) Tenured: 42586K(349568K)->42587K(349568K)
[72.170s][info][gc,metaspace   ] GC(1174) Metaspace: 73609K(73984K)->73609K(73984K) NonClass: 58465K(58688K)->58465K(58688K) Class: 15143K(15296K)->15143K(15296K)
[72.170s][info][gc             ] GC(1174) Pause Young (Allocation Failure) 179M->42M(494M) 7.608ms
[72.170s][info][gc,cpu         ] GC(1174) User=0.02s Sys=0.00s Real=0.00s
[72.210s][info][gc,start       ] GC(1175) Pause Young (Allocation Failure)
[72.217s][info][gc,heap        ] GC(1175) DefNew: 141200K(157248K)->1443K(157248K) Eden: 139776K(139776K)->0K(139776K) From: 1424K(17472K)->1443K(17472K)
[72.217s][info][gc,heap        ] GC(1175) Tenured: 42587K(349568K)->42587K(349568K)
[72.217s][info][gc,metaspace   ] GC(1175) Metaspace: 73609K(73984K)->73609K(73984K) NonClass: 58465K(58688K)->58465K(58688K) Class: 15143K(15296K)->15143K(15296K)
[72.217s][info][gc             ] GC(1175) Pause Young (Allocation Failure) 179M->42M(494M) 7.365ms
[72.217s][info][gc,cpu         ] GC(1175) User=0.02s Sys=0.00s Real=0.00s
[72.256s][info][gc,start       ] GC(1176) Pause Young (Allocation Failure)
[72.264s][info][gc,heap        ] GC(1176) DefNew: 141219K(157248K)->1446K(157248K) Eden: 139776K(139776K)->0K(139776K) From: 1443K(17472K)->1446K(17472K)
[72.264s][info][gc,heap        ] GC(1176) Tenured: 42587K(349568K)->42588K(349568K)
[72.264s][info][gc,metaspace   ] GC(1176) Metaspace: 73609K(73984K)->73609K(73984K) NonClass: 58465K(58688K)->58465K(58688K) Class: 15143K(15296K)->15143K(15296K)
[72.264s][info][gc             ] GC(1176) Pause Young (Allocation Failure) 179M->43M(494M) 7.994ms
[72.264s][info][gc,cpu         ] GC(1176) User=0.00s Sys=0.00s Real=0.00s
[72.303s][info][gc,start       ] GC(1177) Pause Young (Allocation Failure)
[72.311s][info][gc,heap        ] GC(1177) DefNew: 141222K(157248K)->1366K(157248K) Eden: 139776K(139776K)->0K(139776K) From: 1446K(17472K)->1366K(17472K)
[72.311s][info][gc,heap        ] GC(1177) Tenured: 42588K(349568K)->42607K(349568K)
[72.311s][info][gc,metaspace   ] GC(1177) Metaspace: 73609K(73984K)->73609K(73984K) NonClass: 58465K(58688K)->58465K(58688K) Class: 15143K(15296K)->15143K(15296K)
[72.311s][info][gc             ] GC(1177) Pause Young (Allocation Failure) 179M->42M(494M) 7.517ms
[72.311s][info][gc,cpu         ] GC(1177) User=0.00s Sys=0.00s Real=0.00s
[72.350s][info][gc,start       ] GC(1178) Pause Young (Allocation Failure)
[72.358s][info][gc,heap        ] GC(1178) DefNew: 141142K(157248K)->1361K(157248K) Eden: 139776K(139776K)->0K(139776K) From: 1366K(17472K)->1361K(17472K)
[72.358s][info][gc,heap        ] GC(1178) Tenured: 42607K(349568K)->42621K(349568K)
[72.358s][info][gc,metaspace   ] GC(1178) Metaspace: 73609K(73984K)->73609K(73984K) NonClass: 58465K(58688K)->58465K(58688K) Class: 15143K(15296K)->15143K(15296K)
[72.358s][info][gc             ] GC(1178) Pause Young (Allocation Failure) 179M->42M(494M) 7.317ms
[72.358s][info][gc,cpu         ] GC(1178) User=0.02s Sys=0.00s Real=0.00s
[72.399s][info][gc,start       ] GC(1179) Pause Young (Allocation Failure)
[72.406s][info][gc,heap        ] GC(1179) DefNew: 141137K(157248K)->1343K(157248K) Eden: 139776K(139776K)->0K(139776K) From: 1361K(17472K)->1343K(17472K)
[72.406s][info][gc,heap        ] GC(1179) Tenured: 42621K(349568K)->42679K(349568K)
[72.406s][info][gc,metaspace   ] GC(1179) Metaspace: 73612K(73984K)->73612K(73984K) NonClass: 58468K(58688K)->58468K(58688K) Class: 15143K(15296K)->15143K(15296K)
[72.406s][info][gc             ] GC(1179) Pause Young (Allocation Failure) 179M->42M(494M) 7.024ms
[72.406s][info][gc,cpu         ] GC(1179) User=0.02s Sys=0.00s Real=0.02s
[72.450s][info][gc,start       ] GC(1180) Pause Young (Allocation Failure)
[72.523s][info][gc,heap        ] GC(1180) DefNew: 141119K(157248K)->1226K(157248K) Eden: 139776K(139776K)->0K(139776K) From: 1343K(17472K)->1226K(17472K)
[72.523s][info][gc,heap        ] GC(1180) Tenured: 42679K(349568K)->42727K(349568K)
[72.523s][info][gc,metaspace   ] GC(1180) Metaspace: 73612K(73984K)->73612K(73984K) NonClass: 58468K(58688K)->58468K(58688K) Class: 15143K(15296K)->15143K(15296K)
[72.523s][info][gc             ] GC(1180) Pause Young (Allocation Failure) 179M->42M(494M) 73.651ms
[72.523s][info][gc,cpu         ] GC(1180) User=0.02s Sys=0.00s Real=0.08s
[72.583s][info][gc,start       ] GC(1181) Pause Young (Allocation Failure)
[72.590s][info][gc,heap        ] GC(1181) DefNew: 141002K(157248K)->1204K(157248K) Eden: 139776K(139776K)->0K(139776K) From: 1226K(17472K)->1204K(17472K)
[72.590s][info][gc,heap        ] GC(1181) Tenured: 42727K(349568K)->42740K(349568K)
[72.590s][info][gc,metaspace   ] GC(1181) Metaspace: 73612K(73984K)->73612K(73984K) NonClass: 58468K(58688K)->58468K(58688K) Class: 15143K(15296K)->15143K(15296K)
[72.590s][info][gc             ] GC(1181) Pause Young (Allocation Failure) 179M->42M(494M) 7.833ms
[72.590s][info][gc,cpu         ] GC(1181) User=0.00s Sys=0.00s Real=0.00s
[72.639s][info][gc,start       ] GC(1182) Pause Young (Allocation Failure)
[72.646s][info][gc,heap        ] GC(1182) DefNew: 140980K(157248K)->1167K(157248K) Eden: 139776K(139776K)->0K(139776K) From: 1204K(17472K)->1167K(17472K)
[72.646s][info][gc,heap        ] GC(1182) Tenured: 42740K(349568K)->42794K(349568K)
[72.646s][info][gc,metaspace   ] GC(1182) Metaspace: 73612K(73984K)->73612K(73984K) NonClass: 58468K(58688K)->58468K(58688K) Class: 15143K(15296K)->15143K(15296K)
[72.646s][info][gc             ] GC(1182) Pause Young (Allocation Failure) 179M->42M(494M) 6.551ms
[72.646s][info][gc,cpu         ] GC(1182) User=0.00s Sys=0.00s Real=0.00s
[72.697s][info][gc,start       ] GC(1183) Pause Young (Allocation Failure)
[72.703s][info][gc,heap        ] GC(1183) DefNew: 140943K(157248K)->1071K(157248K) Eden: 139776K(139776K)->0K(139776K) From: 1167K(17472K)->1071K(17472K)
[72.703s][info][gc,heap        ] GC(1183) Tenured: 42794K(349568K)->42830K(349568K)
[72.703s][info][gc,metaspace   ] GC(1183) Metaspace: 73612K(73984K)->73612K(73984K) NonClass: 58468K(58688K)->58468K(58688K) Class: 15143K(15296K)->15143K(15296K)
[72.703s][info][gc             ] GC(1183) Pause Young (Allocation Failure) 179M->42M(494M) 5.593ms
[72.703s][info][gc,cpu         ] GC(1183) User=0.02s Sys=0.00s Real=0.02s
[72.757s][info][gc,start       ] GC(1184) Pause Young (Allocation Failure)
[72.762s][info][gc,heap        ] GC(1184) DefNew: 140847K(157248K)->1095K(157248K) Eden: 139776K(139776K)->0K(139776K) From: 1071K(17472K)->1095K(17472K)
[72.762s][info][gc,heap        ] GC(1184) Tenured: 42830K(349568K)->42848K(349568K)
[72.762s][info][gc,metaspace   ] GC(1184) Metaspace: 73612K(73984K)->73612K(73984K) NonClass: 58468K(58688K)->58468K(58688K) Class: 15143K(15296K)->15143K(15296K)
[72.763s][info][gc             ] GC(1184) Pause Young (Allocation Failure) 179M->42M(494M) 5.222ms
[72.763s][info][gc,cpu         ] GC(1184) User=0.00s Sys=0.00s Real=0.00s
[72.819s][info][gc,start       ] GC(1185) Pause Young (Allocation Failure)
[72.824s][info][gc,heap        ] GC(1185) DefNew: 140871K(157248K)->1072K(157248K) Eden: 139776K(139776K)->0K(139776K) From: 1095K(17472K)->1072K(17472K)
[72.824s][info][gc,heap        ] GC(1185) Tenured: 42848K(349568K)->42882K(349568K)
[72.824s][info][gc,metaspace   ] GC(1185) Metaspace: 73612K(73984K)->73612K(73984K) NonClass: 58468K(58688K)->58468K(58688K) Class: 15143K(15296K)->15143K(15296K)
[72.824s][info][gc             ] GC(1185) Pause Young (Allocation Failure) 179M->42M(494M) 5.188ms
[72.824s][info][gc,cpu         ] GC(1185) User=0.02s Sys=0.00s Real=0.01s
[72.883s][info][gc,start       ] GC(1186) Pause Young (Allocation Failure)
[72.888s][info][gc,heap        ] GC(1186) DefNew: 140848K(157248K)->958K(157248K) Eden: 139776K(139776K)->0K(139776K) From: 1072K(17472K)->958K(17472K)
[72.888s][info][gc,heap        ] GC(1186) Tenured: 42882K(349568K)->42936K(349568K)
[72.888s][info][gc,metaspace   ] GC(1186) Metaspace: 73612K(73984K)->73612K(73984K) NonClass: 58468K(58688K)->58468K(58688K) Class: 15143K(15296K)->15143K(15296K)
[72.888s][info][gc             ] GC(1186) Pause Young (Allocation Failure) 179M->42M(494M) 4.765ms
[72.888s][info][gc,cpu         ] GC(1186) User=0.00s Sys=0.00s Real=0.00s
[72.955s][info][gc,start       ] GC(1187) Pause Young (Allocation Failure)
[72.959s][info][gc,heap        ] GC(1187) DefNew: 140734K(157248K)->882K(157248K) Eden: 139776K(139776K)->0K(139776K) From: 958K(17472K)->882K(17472K)
[72.959s][info][gc,heap        ] GC(1187) Tenured: 42936K(349568K)->43009K(349568K)
[72.959s][info][gc,metaspace   ] GC(1187) Metaspace: 73612K(73984K)->73612K(73984K) NonClass: 58468K(58688K)->58468K(58688K) Class: 15143K(15296K)->15143K(15296K)
[72.959s][info][gc             ] GC(1187) Pause Young (Allocation Failure) 179M->42M(494M) 4.135ms
[72.959s][info][gc,cpu         ] GC(1187) User=0.00s Sys=0.00s Real=0.00s
[73.037s][info][gc,start       ] GC(1188) Pause Young (Allocation Failure)
[73.041s][info][gc,heap        ] GC(1188) DefNew: 140658K(157248K)->903K(157248K) Eden: 139776K(139776K)->0K(139776K) From: 882K(17472K)->903K(17472K)
[73.041s][info][gc,heap        ] GC(1188) Tenured: 43009K(349568K)->43009K(349568K)
[73.041s][info][gc,metaspace   ] GC(1188) Metaspace: 73612K(73984K)->73612K(73984K) NonClass: 58468K(58688K)->58468K(58688K) Class: 15143K(15296K)->15143K(15296K)
[73.041s][info][gc             ] GC(1188) Pause Young (Allocation Failure) 179M->42M(494M) 3.981ms
[73.041s][info][gc,cpu         ] GC(1188) User=0.00s Sys=0.00s Real=0.00s
[73.127s][info][gc,start       ] GC(1189) Pause Young (Allocation Failure)
[73.131s][info][gc,heap        ] GC(1189) DefNew: 140679K(157248K)->870K(157248K) Eden: 139776K(139776K)->0K(139776K) From: 903K(17472K)->870K(17472K)
[73.131s][info][gc,heap        ] GC(1189) Tenured: 43009K(349568K)->43032K(349568K)
[73.131s][info][gc,metaspace   ] GC(1189) Metaspace: 73612K(73984K)->73612K(73984K) NonClass: 58468K(58688K)->58468K(58688K) Class: 15143K(15296K)->15143K(15296K)
[73.131s][info][gc             ] GC(1189) Pause Young (Allocation Failure) 179M->42M(494M) 3.679ms
[73.131s][info][gc,cpu         ] GC(1189) User=0.00s Sys=0.00s Real=0.00s
[73.224s][info][gc,start       ] GC(1190) Pause Young (Allocation Failure)
[73.227s][info][gc,heap        ] GC(1190) DefNew: 140646K(157248K)->837K(157248K) Eden: 139776K(139776K)->0K(139776K) From: 870K(17472K)->837K(17472K)
[73.227s][info][gc,heap        ] GC(1190) Tenured: 43032K(349568K)->43046K(349568K)
[73.227s][info][gc,metaspace   ] GC(1190) Metaspace: 73612K(73984K)->73612K(73984K) NonClass: 58468K(58688K)->58468K(58688K) Class: 15143K(15296K)->15143K(15296K)
[73.227s][info][gc             ] GC(1190) Pause Young (Allocation Failure) 179M->42M(494M) 3.408ms
[73.227s][info][gc,cpu         ] GC(1190) User=0.02s Sys=0.00s Real=0.00s
[73.319s][info][gc,start       ] GC(1191) Pause Young (Allocation Failure)
[73.323s][info][gc,heap        ] GC(1191) DefNew: 140613K(157248K)->823K(157248K) Eden: 139776K(139776K)->0K(139776K) From: 837K(17472K)->823K(17472K)
[73.323s][info][gc,heap        ] GC(1191) Tenured: 43046K(349568K)->43046K(349568K)
[73.323s][info][gc,metaspace   ] GC(1191) Metaspace: 73612K(73984K)->73612K(73984K) NonClass: 58468K(58688K)->58468K(58688K) Class: 15143K(15296K)->15143K(15296K)
[73.323s][info][gc             ] GC(1191) Pause Young (Allocation Failure) 179M->42M(494M) 3.367ms
[73.323s][info][gc,cpu         ] GC(1191) User=0.00s Sys=0.00s Real=0.00s
[73.414s][info][gc,start       ] GC(1192) Pause Young (Allocation Failure)
[73.418s][info][gc,heap        ] GC(1192) DefNew: 140599K(157248K)->860K(157248K) Eden: 139776K(139776K)->0K(139776K) From: 823K(17472K)->860K(17472K)
[73.418s][info][gc,heap        ] GC(1192) Tenured: 43046K(349568K)->43047K(349568K)
[73.418s][info][gc,metaspace   ] GC(1192) Metaspace: 73612K(73984K)->73612K(73984K) NonClass: 58468K(58688K)->58468K(58688K) Class: 15143K(15296K)->15143K(15296K)
[73.418s][info][gc             ] GC(1192) Pause Young (Allocation Failure) 179M->42M(494M) 3.386ms
[73.418s][info][gc,cpu         ] GC(1192) User=0.00s Sys=0.00s Real=0.00s
[73.510s][info][gc,start       ] GC(1193) Pause Young (Allocation Failure)
[73.514s][info][gc,heap        ] GC(1193) DefNew: 140636K(157248K)->778K(157248K) Eden: 139776K(139776K)->0K(139776K) From: 860K(17472K)->778K(17472K)
[73.514s][info][gc,heap        ] GC(1193) Tenured: 43047K(349568K)->43116K(349568K)
[73.514s][info][gc,metaspace   ] GC(1193) Metaspace: 73612K(73984K)->73612K(73984K) NonClass: 58468K(58688K)->58468K(58688K) Class: 15143K(15296K)->15143K(15296K)
[73.514s][info][gc             ] GC(1193) Pause Young (Allocation Failure) 179M->42M(494M) 3.540ms
[73.514s][info][gc,cpu         ] GC(1193) User=0.00s Sys=0.00s Real=0.00s
[73.608s][info][gc,start       ] GC(1194) Pause Young (Allocation Failure)
[73.611s][info][gc,heap        ] GC(1194) DefNew: 140554K(157248K)->728K(157248K) Eden: 139776K(139776K)->0K(139776K) From: 778K(17472K)->728K(17472K)
[73.611s][info][gc,heap        ] GC(1194) Tenured: 43116K(349568K)->43150K(349568K)
[73.611s][info][gc,metaspace   ] GC(1194) Metaspace: 73612K(73984K)->73612K(73984K) NonClass: 58468K(58688K)->58468K(58688K) Class: 15143K(15296K)->15143K(15296K)
[73.611s][info][gc             ] GC(1194) Pause Young (Allocation Failure) 179M->42M(494M) 3.321ms
[73.611s][info][gc,cpu         ] GC(1194) User=0.00s Sys=0.00s Real=0.00s
[73.703s][info][gc,start       ] GC(1195) Pause Young (Allocation Failure)
[73.706s][info][gc,heap        ] GC(1195) DefNew: 140504K(157248K)->701K(157248K) Eden: 139776K(139776K)->0K(139776K) From: 728K(17472K)->701K(17472K)
[73.706s][info][gc,heap        ] GC(1195) Tenured: 43150K(349568K)->43178K(349568K)
[73.706s][info][gc,metaspace   ] GC(1195) Metaspace: 73612K(73984K)->73612K(73984K) NonClass: 58468K(58688K)->58468K(58688K) Class: 15143K(15296K)->15143K(15296K)
[73.706s][info][gc             ] GC(1195) Pause Young (Allocation Failure) 179M->42M(494M) 3.225ms
[73.706s][info][gc,cpu         ] GC(1195) User=0.00s Sys=0.00s Real=0.00s
[73.799s][info][gc,start       ] GC(1196) Pause Young (Allocation Failure)
[73.802s][info][gc,heap        ] GC(1196) DefNew: 140477K(157248K)->643K(157248K) Eden: 139776K(139776K)->0K(139776K) From: 701K(17472K)->643K(17472K)
[73.802s][info][gc,heap        ] GC(1196) Tenured: 43178K(349568K)->43228K(349568K)
[73.802s][info][gc,metaspace   ] GC(1196) Metaspace: 73612K(73984K)->73612K(73984K) NonClass: 58468K(58688K)->58468K(58688K) Class: 15143K(15296K)->15143K(15296K)
[73.802s][info][gc             ] GC(1196) Pause Young (Allocation Failure) 179M->42M(494M) 3.123ms
[73.802s][info][gc,cpu         ] GC(1196) User=0.00s Sys=0.00s Real=0.00s
[73.894s][info][gc,start       ] GC(1197) Pause Young (Allocation Failure)
[73.897s][info][gc,heap        ] GC(1197) DefNew: 140419K(157248K)->613K(157248K) Eden: 139776K(139776K)->0K(139776K) From: 643K(17472K)->613K(17472K)
[73.897s][info][gc,heap        ] GC(1197) Tenured: 43228K(349568K)->43279K(349568K)
[73.897s][info][gc,metaspace   ] GC(1197) Metaspace: 73612K(73984K)->73612K(73984K) NonClass: 58468K(58688K)->58468K(58688K) Class: 15143K(15296K)->15143K(15296K)
[73.897s][info][gc             ] GC(1197) Pause Young (Allocation Failure) 179M->42M(494M) 3.319ms
[73.897s][info][gc,cpu         ] GC(1197) User=0.00s Sys=0.00s Real=0.00s
[73.991s][info][gc,start       ] GC(1198) Pause Young (Allocation Failure)
[73.994s][info][gc,heap        ] GC(1198) DefNew: 140389K(157248K)->550K(157248K) Eden: 139776K(139776K)->0K(139776K) From: 613K(17472K)->550K(17472K)
[73.994s][info][gc,heap        ] GC(1198) Tenured: 43279K(349568K)->43356K(349568K)
[73.994s][info][gc,metaspace   ] GC(1198) Metaspace: 73612K(73984K)->73612K(73984K) NonClass: 58468K(58688K)->58468K(58688K) Class: 15143K(15296K)->15143K(15296K)
[73.994s][info][gc             ] GC(1198) Pause Young (Allocation Failure) 179M->42M(494M) 3.164ms
[73.994s][info][gc,cpu         ] GC(1198) User=0.02s Sys=0.00s Real=0.02s
[74.088s][info][gc,start       ] GC(1199) Pause Young (Allocation Failure)
[74.090s][info][gc,heap        ] GC(1199) DefNew: 140326K(157248K)->515K(157248K) Eden: 139776K(139776K)->0K(139776K) From: 550K(17472K)->515K(17472K)
[74.091s][info][gc,heap        ] GC(1199) Tenured: 43356K(349568K)->43374K(349568K)
[74.091s][info][gc,metaspace   ] GC(1199) Metaspace: 73612K(73984K)->73612K(73984K) NonClass: 58468K(58688K)->58468K(58688K) Class: 15143K(15296K)->15143K(15296K)
[74.091s][info][gc             ] GC(1199) Pause Young (Allocation Failure) 179M->42M(494M) 2.964ms
[74.091s][info][gc,cpu         ] GC(1199) User=0.00s Sys=0.00s Real=0.00s
[74.182s][info][gc,start       ] GC(1200) Pause Young (Allocation Failure)
[74.185s][info][gc,heap        ] GC(1200) DefNew: 140291K(157248K)->476K(157248K) Eden: 139776K(139776K)->0K(139776K) From: 515K(17472K)->476K(17472K)
[74.185s][info][gc,heap        ] GC(1200) Tenured: 43374K(349568K)->43409K(349568K)
[74.185s][info][gc,metaspace   ] GC(1200) Metaspace: 73612K(73984K)->73612K(73984K) NonClass: 58468K(58688K)->58468K(58688K) Class: 15143K(15296K)->15143K(15296K)
[74.185s][info][gc             ] GC(1200) Pause Young (Allocation Failure) 179M->42M(494M) 2.995ms
[74.185s][info][gc,cpu         ] GC(1200) User=0.00s Sys=0.00s Real=0.00s
[74.277s][info][gc,start       ] GC(1201) Pause Young (Allocation Failure)
[74.280s][info][gc,heap        ] GC(1201) DefNew: 140252K(157248K)->404K(157248K) Eden: 139776K(139776K)->0K(139776K) From: 476K(17472K)->404K(17472K)
[74.280s][info][gc,heap        ] GC(1201) Tenured: 43409K(349568K)->43497K(349568K)
[74.280s][info][gc,metaspace   ] GC(1201) Metaspace: 73612K(73984K)->73612K(73984K) NonClass: 58468K(58688K)->58468K(58688K) Class: 15143K(15296K)->15143K(15296K)
[74.280s][info][gc             ] GC(1201) Pause Young (Allocation Failure) 179M->42M(494M) 2.970ms
[74.280s][info][gc,cpu         ] GC(1201) User=0.00s Sys=0.00s Real=0.00s
[74.377s][info][gc,start       ] GC(1202) Pause Young (Allocation Failure)
[74.380s][info][gc,heap        ] GC(1202) DefNew: 140180K(157248K)->307K(157248K) Eden: 139776K(139776K)->0K(139776K) From: 404K(17472K)->307K(17472K)
[74.380s][info][gc,heap        ] GC(1202) Tenured: 43497K(349568K)->43562K(349568K)
[74.380s][info][gc,metaspace   ] GC(1202) Metaspace: 73612K(73984K)->73612K(73984K) NonClass: 58468K(58688K)->58468K(58688K) Class: 15143K(15296K)->15143K(15296K)
[74.380s][info][gc             ] GC(1202) Pause Young (Allocation Failure) 179M->42M(494M) 3.591ms
[74.380s][info][gc,cpu         ] GC(1202) User=0.00s Sys=0.00s Real=0.00s
[74.423s][info][gc,start       ] GC(1203) Pause Full (System.gc())
[74.423s][info][gc,phases,start] GC(1203) Phase 1: Mark live objects
[74.472s][info][gc,phases      ] GC(1203) Phase 1: Mark live objects 49.468ms
[74.473s][info][gc,phases,start] GC(1203) Phase 2: Compute new object addresses
[74.488s][info][gc,phases      ] GC(1203) Phase 2: Compute new object addresses 15.216ms
[74.488s][info][gc,phases,start] GC(1203) Phase 3: Adjust pointers
[74.511s][info][gc,phases      ] GC(1203) Phase 3: Adjust pointers 23.059ms
[74.511s][info][gc,phases,start] GC(1203) Phase 4: Move objects
[74.512s][info][gc,phases      ] GC(1203) Phase 4: Move objects 0.693ms
[74.512s][info][gc,heap        ] GC(1203) DefNew: 22642K(157248K)->0K(157248K) Eden: 22335K(139776K)->0K(139776K) From: 307K(17472K)->0K(17472K)
[74.512s][info][gc,heap        ] GC(1203) Tenured: 43562K(349568K)->44367K(349568K)
[74.512s][info][gc,metaspace   ] GC(1203) Metaspace: 73629K(74048K)->73629K(74048K) NonClass: 58485K(58752K)->58485K(58752K) Class: 15143K(15296K)->15143K(15296K)
[74.512s][info][gc             ] GC(1203) Pause Full (System.gc()) 64M->43M(494M) 89.175ms
[74.512s][info][gc,cpu         ] GC(1203) User=0.08s Sys=0.00s Real=0.08s
[74.576s][info][gc,start       ] GC(1204) Pause Young (Allocation Failure)
[74.592s][info][gc,heap        ] GC(1204) DefNew: 139776K(157248K)->3377K(157248K) Eden: 139776K(139776K)->0K(139776K) From: 0K(17472K)->3377K(17472K)
[74.592s][info][gc,heap        ] GC(1204) Tenured: 44367K(349568K)->44367K(349568K)
[74.592s][info][gc,metaspace   ] GC(1204) Metaspace: 73679K(74112K)->73679K(74112K) NonClass: 58536K(58816K)->58536K(58816K) Class: 15143K(15296K)->15143K(15296K)
[74.592s][info][gc             ] GC(1204) Pause Young (Allocation Failure) 179M->46M(494M) 15.513ms
[74.592s][info][gc,cpu         ] GC(1204) User=0.02s Sys=0.00s Real=0.01s
[74.628s][info][gc,start       ] GC(1205) Pause Young (Allocation Failure)
[74.641s][info][gc,heap        ] GC(1205) DefNew: 143153K(157248K)->3496K(157248K) Eden: 139776K(139776K)->0K(139776K) From: 3377K(17472K)->3496K(17472K)
[74.641s][info][gc,heap        ] GC(1205) Tenured: 44367K(349568K)->44367K(349568K)
[74.641s][info][gc,metaspace   ] GC(1205) Metaspace: 73679K(74112K)->73679K(74112K) NonClass: 58536K(58816K)->58536K(58816K) Class: 15143K(15296K)->15143K(15296K)
[74.641s][info][gc             ] GC(1205) Pause Young (Allocation Failure) 183M->46M(494M) 12.286ms
[74.641s][info][gc,cpu         ] GC(1205) User=0.00s Sys=0.00s Real=0.00s
[74.676s][info][gc,start       ] GC(1206) Pause Young (Allocation Failure)
[74.689s][info][gc,heap        ] GC(1206) DefNew: 143272K(157248K)->3507K(157248K) Eden: 139776K(139776K)->0K(139776K) From: 3496K(17472K)->3507K(17472K)
[74.689s][info][gc,heap        ] GC(1206) Tenured: 44367K(349568K)->44367K(349568K)
[74.689s][info][gc,metaspace   ] GC(1206) Metaspace: 73679K(74112K)->73679K(74112K) NonClass: 58536K(58816K)->58536K(58816K) Class: 15143K(15296K)->15143K(15296K)
[74.690s][info][gc             ] GC(1206) Pause Young (Allocation Failure) 183M->46M(494M) 13.579ms
[74.690s][info][gc,cpu         ] GC(1206) User=0.00s Sys=0.00s Real=0.00s
[74.725s][info][gc,start       ] GC(1207) Pause Young (Allocation Failure)
[74.738s][info][gc,heap        ] GC(1207) DefNew: 143283K(157248K)->3474K(157248K) Eden: 139776K(139776K)->0K(139776K) From: 3507K(17472K)->3474K(17472K)
[74.738s][info][gc,heap        ] GC(1207) Tenured: 44367K(349568K)->44367K(349568K)
[74.739s][info][gc,metaspace   ] GC(1207) Metaspace: 73679K(74112K)->73679K(74112K) NonClass: 58536K(58816K)->58536K(58816K) Class: 15143K(15296K)->15143K(15296K)
[74.739s][info][gc             ] GC(1207) Pause Young (Allocation Failure) 183M->46M(494M) 13.655ms
[74.739s][info][gc,cpu         ] GC(1207) User=0.00s Sys=0.00s Real=0.00s
[74.775s][info][gc,start       ] GC(1208) Pause Young (Allocation Failure)
[74.788s][info][gc,heap        ] GC(1208) DefNew: 143250K(157248K)->3479K(157248K) Eden: 139776K(139776K)->0K(139776K) From: 3474K(17472K)->3479K(17472K)
[74.788s][info][gc,heap        ] GC(1208) Tenured: 44367K(349568K)->44367K(349568K)
[74.788s][info][gc,metaspace   ] GC(1208) Metaspace: 73679K(74112K)->73679K(74112K) NonClass: 58536K(58816K)->58536K(58816K) Class: 15143K(15296K)->15143K(15296K)
[74.788s][info][gc             ] GC(1208) Pause Young (Allocation Failure) 183M->46M(494M) 12.877ms
[74.788s][info][gc,cpu         ] GC(1208) User=0.00s Sys=0.00s Real=0.00s
[74.825s][info][gc,start       ] GC(1209) Pause Young (Allocation Failure)
[74.837s][info][gc,heap        ] GC(1209) DefNew: 143255K(157248K)->3494K(157248K) Eden: 139776K(139776K)->0K(139776K) From: 3479K(17472K)->3494K(17472K)
[74.837s][info][gc,heap        ] GC(1209) Tenured: 44367K(349568K)->44367K(349568K)
[74.837s][info][gc,metaspace   ] GC(1209) Metaspace: 73679K(74112K)->73679K(74112K) NonClass: 58536K(58816K)->58536K(58816K) Class: 15143K(15296K)->15143K(15296K)
[74.837s][info][gc             ] GC(1209) Pause Young (Allocation Failure) 183M->46M(494M) 12.177ms
[74.837s][info][gc,cpu         ] GC(1209) User=0.00s Sys=0.00s Real=0.00s
[74.874s][info][gc,start       ] GC(1210) Pause Young (Allocation Failure)
[74.889s][info][gc,heap        ] GC(1210) DefNew: 143270K(157248K)->3461K(157248K) Eden: 139776K(139776K)->0K(139776K) From: 3494K(17472K)->3461K(17472K)
[74.890s][info][gc,heap        ] GC(1210) Tenured: 44367K(349568K)->44367K(349568K)
[74.890s][info][gc,metaspace   ] GC(1210) Metaspace: 73679K(74112K)->73679K(74112K) NonClass: 58536K(58816K)->58536K(58816K) Class: 15143K(15296K)->15143K(15296K)
[74.890s][info][gc             ] GC(1210) Pause Young (Allocation Failure) 183M->46M(494M) 15.423ms
[74.890s][info][gc,cpu         ] GC(1210) User=0.00s Sys=0.02s Real=0.02s
[74.927s][info][gc,start       ] GC(1211) Pause Young (Allocation Failure)
[74.940s][info][gc,heap        ] GC(1211) DefNew: 143237K(157248K)->3501K(157248K) Eden: 139776K(139776K)->0K(139776K) From: 3461K(17472K)->3501K(17472K)
[74.940s][info][gc,heap        ] GC(1211) Tenured: 44367K(349568K)->44367K(349568K)
[74.940s][info][gc,metaspace   ] GC(1211) Metaspace: 73679K(74112K)->73679K(74112K) NonClass: 58536K(58816K)->58536K(58816K) Class: 15143K(15296K)->15143K(15296K)
[74.940s][info][gc             ] GC(1211) Pause Young (Allocation Failure) 183M->46M(494M) 12.741ms
[74.940s][info][gc,cpu         ] GC(1211) User=0.02s Sys=0.00s Real=0.01s
[74.975s][info][gc,start       ] GC(1212) Pause Young (Allocation Failure)
[74.989s][info][gc,heap        ] GC(1212) DefNew: 143277K(157248K)->3417K(157248K) Eden: 139776K(139776K)->0K(139776K) From: 3501K(17472K)->3417K(17472K)
[74.989s][info][gc,heap        ] GC(1212) Tenured: 44367K(349568K)->44367K(349568K)
[74.989s][info][gc,metaspace   ] GC(1212) Metaspace: 73679K(74112K)->73679K(74112K) NonClass: 58536K(58816K)->58536K(58816K) Class: 15143K(15296K)->15143K(15296K)
[74.989s][info][gc             ] GC(1212) Pause Young (Allocation Failure) 183M->46M(494M) 13.484ms
[74.989s][info][gc,cpu         ] GC(1212) User=0.02s Sys=0.00s Real=0.00s
[75.027s][info][gc,start       ] GC(1213) Pause Young (Allocation Failure)
[75.040s][info][gc,heap        ] GC(1213) DefNew: 143193K(157248K)->3507K(157248K) Eden: 139776K(139776K)->0K(139776K) From: 3417K(17472K)->3507K(17472K)
[75.040s][info][gc,heap        ] GC(1213) Tenured: 44367K(349568K)->44367K(349568K)
[75.040s][info][gc,metaspace   ] GC(1213) Metaspace: 73679K(74112K)->73679K(74112K) NonClass: 58536K(58816K)->58536K(58816K) Class: 15143K(15296K)->15143K(15296K)
[75.040s][info][gc             ] GC(1213) Pause Young (Allocation Failure) 183M->46M(494M) 13.121ms
[75.040s][info][gc,cpu         ] GC(1213) User=0.00s Sys=0.00s Real=0.00s
[75.076s][info][gc,start       ] GC(1214) Pause Young (Allocation Failure)
[75.088s][info][gc,heap        ] GC(1214) DefNew: 143283K(157248K)->3540K(157248K) Eden: 139776K(139776K)->0K(139776K) From: 3507K(17472K)->3540K(17472K)
[75.089s][info][gc,heap        ] GC(1214) Tenured: 44367K(349568K)->44367K(349568K)
[75.089s][info][gc,metaspace   ] GC(1214) Metaspace: 73679K(74112K)->73679K(74112K) NonClass: 58536K(58816K)->58536K(58816K) Class: 15143K(15296K)->15143K(15296K)
[75.089s][info][gc             ] GC(1214) Pause Young (Allocation Failure) 183M->46M(494M) 12.461ms
[75.089s][info][gc,cpu         ] GC(1214) User=0.00s Sys=0.00s Real=0.00s
[75.126s][info][gc,start       ] GC(1215) Pause Young (Allocation Failure)
[75.138s][info][gc,heap        ] GC(1215) DefNew: 143316K(157248K)->3385K(157248K) Eden: 139776K(139776K)->0K(139776K) From: 3540K(17472K)->3385K(17472K)
[75.138s][info][gc,heap        ] GC(1215) Tenured: 44367K(349568K)->44367K(349568K)
[75.138s][info][gc,metaspace   ] GC(1215) Metaspace: 73679K(74112K)->73679K(74112K) NonClass: 58536K(58816K)->58536K(58816K) Class: 15143K(15296K)->15143K(15296K)
[75.138s][info][gc             ] GC(1215) Pause Young (Allocation Failure) 183M->46M(494M) 12.041ms
[75.138s][info][gc,cpu         ] GC(1215) User=0.00s Sys=0.00s Real=0.00s
[75.176s][info][gc,start       ] GC(1216) Pause Young (Allocation Failure)
[75.188s][info][gc,heap        ] GC(1216) DefNew: 143161K(157248K)->3432K(157248K) Eden: 139776K(139776K)->0K(139776K) From: 3385K(17472K)->3432K(17472K)
[75.188s][info][gc,heap        ] GC(1216) Tenured: 44367K(349568K)->44367K(349568K)
[75.188s][info][gc,metaspace   ] GC(1216) Metaspace: 73679K(74112K)->73679K(74112K) NonClass: 58536K(58816K)->58536K(58816K) Class: 15143K(15296K)->15143K(15296K)
[75.188s][info][gc             ] GC(1216) Pause Young (Allocation Failure) 183M->46M(494M) 12.100ms
[75.188s][info][gc,cpu         ] GC(1216) User=0.00s Sys=0.00s Real=0.00s
[75.226s][info][gc,start       ] GC(1217) Pause Young (Allocation Failure)
[75.238s][info][gc,heap        ] GC(1217) DefNew: 143208K(157248K)->3485K(157248K) Eden: 139776K(139776K)->0K(139776K) From: 3432K(17472K)->3485K(17472K)
[75.238s][info][gc,heap        ] GC(1217) Tenured: 44367K(349568K)->44367K(349568K)
[75.238s][info][gc,metaspace   ] GC(1217) Metaspace: 73679K(74112K)->73679K(74112K) NonClass: 58536K(58816K)->58536K(58816K) Class: 15143K(15296K)->15143K(15296K)
[75.238s][info][gc             ] GC(1217) Pause Young (Allocation Failure) 183M->46M(494M) 12.398ms
[75.238s][info][gc,cpu         ] GC(1217) User=0.00s Sys=0.00s Real=0.00s
[75.276s][info][gc,start       ] GC(1218) Pause Young (Allocation Failure)
[75.288s][info][gc,heap        ] GC(1218) DefNew: 143261K(157248K)->3455K(157248K) Eden: 139776K(139776K)->0K(139776K) From: 3485K(17472K)->3455K(17472K)
[75.288s][info][gc,heap        ] GC(1218) Tenured: 44367K(349568K)->44367K(349568K)
[75.288s][info][gc,metaspace   ] GC(1218) Metaspace: 73679K(74112K)->73679K(74112K) NonClass: 58536K(58816K)->58536K(58816K) Class: 15143K(15296K)->15143K(15296K)
[75.288s][info][gc             ] GC(1218) Pause Young (Allocation Failure) 183M->46M(494M) 12.257ms
[75.288s][info][gc,cpu         ] GC(1218) User=0.00s Sys=0.00s Real=0.00s
[75.326s][info][gc,start       ] GC(1219) Pause Young (Allocation Failure)
[75.339s][info][gc,heap        ] GC(1219) DefNew: 143230K(157248K)->1455K(157248K) Eden: 139775K(139776K)->0K(139776K) From: 3455K(17472K)->1455K(17472K)
[75.339s][info][gc,heap        ] GC(1219) Tenured: 44367K(349568K)->46408K(349568K)
[75.339s][info][gc,metaspace   ] GC(1219) Metaspace: 73679K(74112K)->73679K(74112K) NonClass: 58536K(58816K)->58536K(58816K) Class: 15143K(15296K)->15143K(15296K)
[75.339s][info][gc             ] GC(1219) Pause Young (Allocation Failure) 183M->46M(494M) 12.898ms
[75.339s][info][gc,cpu         ] GC(1219) User=0.00s Sys=0.00s Real=0.00s
[75.377s][info][gc,start       ] GC(1220) Pause Young (Allocation Failure)
[75.386s][info][gc,heap        ] GC(1220) DefNew: 141231K(157248K)->1457K(157248K) Eden: 139775K(139776K)->0K(139776K) From: 1455K(17472K)->1457K(17472K)
[75.386s][info][gc,heap        ] GC(1220) Tenured: 46408K(349568K)->46415K(349568K)
[75.386s][info][gc,metaspace   ] GC(1220) Metaspace: 73679K(74112K)->73679K(74112K) NonClass: 58536K(58816K)->58536K(58816K) Class: 15143K(15296K)->15143K(15296K)
[75.386s][info][gc             ] GC(1220) Pause Young (Allocation Failure) 183M->46M(494M) 8.396ms
[75.386s][info][gc,cpu         ] GC(1220) User=0.00s Sys=0.00s Real=0.00s
[75.422s][info][gc,start       ] GC(1221) Pause Young (Allocation Failure)
[75.430s][info][gc,heap        ] GC(1221) DefNew: 141233K(157248K)->1321K(157248K) Eden: 139776K(139776K)->0K(139776K) From: 1457K(17472K)->1321K(17472K)
[75.430s][info][gc,heap        ] GC(1221) Tenured: 46415K(349568K)->46419K(349568K)
[75.430s][info][gc,metaspace   ] GC(1221) Metaspace: 73679K(74112K)->73679K(74112K) NonClass: 58536K(58816K)->58536K(58816K) Class: 15143K(15296K)->15143K(15296K)
[75.430s][info][gc             ] GC(1221) Pause Young (Allocation Failure) 183M->46M(494M) 7.938ms
[75.430s][info][gc,cpu         ] GC(1221) User=0.00s Sys=0.00s Real=0.00s
[75.465s][info][gc,start       ] GC(1222) Pause Young (Allocation Failure)
[75.474s][info][gc,heap        ] GC(1222) DefNew: 141097K(157248K)->1403K(157248K) Eden: 139776K(139776K)->0K(139776K) From: 1321K(17472K)->1403K(17472K)
[75.474s][info][gc,heap        ] GC(1222) Tenured: 46419K(349568K)->46419K(349568K)
[75.474s][info][gc,metaspace   ] GC(1222) Metaspace: 73679K(74112K)->73679K(74112K) NonClass: 58536K(58816K)->58536K(58816K) Class: 15143K(15296K)->15143K(15296K)
[75.474s][info][gc             ] GC(1222) Pause Young (Allocation Failure) 183M->46M(494M) 8.402ms
[75.474s][info][gc,cpu         ] GC(1222) User=0.00s Sys=0.00s Real=0.00s
[75.509s][info][gc,start       ] GC(1223) Pause Young (Allocation Failure)
[75.517s][info][gc,heap        ] GC(1223) DefNew: 141179K(157248K)->1382K(157248K) Eden: 139776K(139776K)->0K(139776K) From: 1403K(17472K)->1382K(17472K)
[75.517s][info][gc,heap        ] GC(1223) Tenured: 46419K(349568K)->46419K(349568K)
[75.517s][info][gc,metaspace   ] GC(1223) Metaspace: 73679K(74112K)->73679K(74112K) NonClass: 58536K(58816K)->58536K(58816K) Class: 15143K(15296K)->15143K(15296K)
[75.517s][info][gc             ] GC(1223) Pause Young (Allocation Failure) 183M->46M(494M) 8.168ms
[75.517s][info][gc,cpu         ] GC(1223) User=0.00s Sys=0.00s Real=0.00s
[75.552s][info][gc,start       ] GC(1224) Pause Young (Allocation Failure)
[75.561s][info][gc,heap        ] GC(1224) DefNew: 141158K(157248K)->1429K(157248K) Eden: 139776K(139776K)->0K(139776K) From: 1382K(17472K)->1429K(17472K)
[75.562s][info][gc,heap        ] GC(1224) Tenured: 46419K(349568K)->46419K(349568K)
[75.562s][info][gc,metaspace   ] GC(1224) Metaspace: 73679K(74112K)->73679K(74112K) NonClass: 58536K(58816K)->58536K(58816K) Class: 15143K(15296K)->15143K(15296K)
[75.562s][info][gc             ] GC(1224) Pause Young (Allocation Failure) 183M->46M(494M) 9.200ms
[75.562s][info][gc,cpu         ] GC(1224) User=0.00s Sys=0.00s Real=0.00s
[75.597s][info][gc,start       ] GC(1225) Pause Young (Allocation Failure)
[75.606s][info][gc,heap        ] GC(1225) DefNew: 141205K(157248K)->1368K(157248K) Eden: 139776K(139776K)->0K(139776K) From: 1429K(17472K)->1368K(17472K)
[75.606s][info][gc,heap        ] GC(1225) Tenured: 46419K(349568K)->46420K(349568K)
[75.606s][info][gc,metaspace   ] GC(1225) Metaspace: 73679K(74112K)->73679K(74112K) NonClass: 58536K(58816K)->58536K(58816K) Class: 15143K(15296K)->15143K(15296K)
[75.606s][info][gc             ] GC(1225) Pause Young (Allocation Failure) 183M->46M(494M) 8.948ms
[75.606s][info][gc,cpu         ] GC(1225) User=0.00s Sys=0.00s Real=0.00s
[75.642s][info][gc,start       ] GC(1226) Pause Young (Allocation Failure)
[75.651s][info][gc,heap        ] GC(1226) DefNew: 141144K(157248K)->1533K(157248K) Eden: 139775K(139776K)->0K(139776K) From: 1368K(17472K)->1533K(17472K)
[75.651s][info][gc,heap        ] GC(1226) Tenured: 46420K(349568K)->46420K(349568K)
[75.651s][info][gc,metaspace   ] GC(1226) Metaspace: 73679K(74112K)->73679K(74112K) NonClass: 58536K(58816K)->58536K(58816K) Class: 15143K(15296K)->15143K(15296K)
[75.651s][info][gc             ] GC(1226) Pause Young (Allocation Failure) 183M->46M(494M) 9.397ms
[75.651s][info][gc,cpu         ] GC(1226) User=0.00s Sys=0.00s Real=0.00s
[75.687s][info][gc,start       ] GC(1227) Pause Young (Allocation Failure)
[75.695s][info][gc,heap        ] GC(1227) DefNew: 141309K(157248K)->1445K(157248K) Eden: 139776K(139776K)->0K(139776K) From: 1533K(17472K)->1445K(17472K)
[75.695s][info][gc,heap        ] GC(1227) Tenured: 46420K(349568K)->46420K(349568K)
[75.695s][info][gc,metaspace   ] GC(1227) Metaspace: 73679K(74112K)->73679K(74112K) NonClass: 58536K(58816K)->58536K(58816K) Class: 15143K(15296K)->15143K(15296K)
[75.695s][info][gc             ] GC(1227) Pause Young (Allocation Failure) 183M->46M(494M) 8.436ms
[75.695s][info][gc,cpu         ] GC(1227) User=0.00s Sys=0.00s Real=0.00s
[75.730s][info][gc,start       ] GC(1228) Pause Young (Allocation Failure)
[75.740s][info][gc,heap        ] GC(1228) DefNew: 141221K(157248K)->1440K(157248K) Eden: 139776K(139776K)->0K(139776K) From: 1445K(17472K)->1440K(17472K)
[75.740s][info][gc,heap        ] GC(1228) Tenured: 46420K(349568K)->46421K(349568K)
[75.740s][info][gc,metaspace   ] GC(1228) Metaspace: 73679K(74112K)->73679K(74112K) NonClass: 58536K(58816K)->58536K(58816K) Class: 15143K(15296K)->15143K(15296K)
[75.740s][info][gc             ] GC(1228) Pause Young (Allocation Failure) 183M->46M(494M) 9.240ms
[75.740s][info][gc,cpu         ] GC(1228) User=0.00s Sys=0.00s Real=0.01s
[75.775s][info][gc,start       ] GC(1229) Pause Young (Allocation Failure)
[75.784s][info][gc,heap        ] GC(1229) DefNew: 141216K(157248K)->1473K(157248K) Eden: 139776K(139776K)->0K(139776K) From: 1440K(17472K)->1473K(17472K)
[75.784s][info][gc,heap        ] GC(1229) Tenured: 46421K(349568K)->46422K(349568K)
[75.784s][info][gc,metaspace   ] GC(1229) Metaspace: 73679K(74112K)->73679K(74112K) NonClass: 58536K(58816K)->58536K(58816K) Class: 15143K(15296K)->15143K(15296K)
[75.784s][info][gc             ] GC(1229) Pause Young (Allocation Failure) 183M->46M(494M) 8.887ms
[75.784s][info][gc,cpu         ] GC(1229) User=0.00s Sys=0.00s Real=0.00s
[75.819s][info][gc,start       ] GC(1230) Pause Young (Allocation Failure)
[75.828s][info][gc,heap        ] GC(1230) DefNew: 141249K(157248K)->1453K(157248K) Eden: 139776K(139776K)->0K(139776K) From: 1473K(17472K)->1453K(17472K)
[75.829s][info][gc,heap        ] GC(1230) Tenured: 46422K(349568K)->46422K(349568K)
[75.829s][info][gc,metaspace   ] GC(1230) Metaspace: 73679K(74112K)->73679K(74112K) NonClass: 58536K(58816K)->58536K(58816K) Class: 15143K(15296K)->15143K(15296K)
[75.829s][info][gc             ] GC(1230) Pause Young (Allocation Failure) 183M->46M(494M) 9.178ms
[75.829s][info][gc,cpu         ] GC(1230) User=0.02s Sys=0.00s Real=0.00s
[75.865s][info][gc,start       ] GC(1231) Pause Young (Allocation Failure)
[75.873s][info][gc,heap        ] GC(1231) DefNew: 141229K(157248K)->1420K(157248K) Eden: 139776K(139776K)->0K(139776K) From: 1453K(17472K)->1420K(17472K)
[75.873s][info][gc,heap        ] GC(1231) Tenured: 46422K(349568K)->46422K(349568K)
[75.873s][info][gc,metaspace   ] GC(1231) Metaspace: 73679K(74112K)->73679K(74112K) NonClass: 58536K(58816K)->58536K(58816K) Class: 15143K(15296K)->15143K(15296K)
[75.873s][info][gc             ] GC(1231) Pause Young (Allocation Failure) 183M->46M(494M) 8.637ms
[75.873s][info][gc,cpu         ] GC(1231) User=0.00s Sys=0.00s Real=0.00s
[75.908s][info][gc,start       ] GC(1232) Pause Young (Allocation Failure)
[75.917s][info][gc,heap        ] GC(1232) DefNew: 141196K(157248K)->1454K(157248K) Eden: 139776K(139776K)->0K(139776K) From: 1420K(17472K)->1454K(17472K)
[75.917s][info][gc,heap        ] GC(1232) Tenured: 46422K(349568K)->46441K(349568K)
[75.917s][info][gc,metaspace   ] GC(1232) Metaspace: 73679K(74112K)->73679K(74112K) NonClass: 58536K(58816K)->58536K(58816K) Class: 15143K(15296K)->15143K(15296K)
[75.917s][info][gc             ] GC(1232) Pause Young (Allocation Failure) 183M->46M(494M) 8.393ms
[75.917s][info][gc,cpu         ] GC(1232) User=0.00s Sys=0.00s Real=0.00s
[75.952s][info][gc,start       ] GC(1233) Pause Young (Allocation Failure)
[75.961s][info][gc,heap        ] GC(1233) DefNew: 141230K(157248K)->1357K(157248K) Eden: 139776K(139776K)->0K(139776K) From: 1454K(17472K)->1357K(17472K)
[75.961s][info][gc,heap        ] GC(1233) Tenured: 46441K(349568K)->46442K(349568K)
[75.961s][info][gc,metaspace   ] GC(1233) Metaspace: 73679K(74112K)->73679K(74112K) NonClass: 58536K(58816K)->58536K(58816K) Class: 15143K(15296K)->15143K(15296K)
[75.961s][info][gc             ] GC(1233) Pause Young (Allocation Failure) 183M->46M(494M) 8.717ms
[75.961s][info][gc,cpu         ] GC(1233) User=0.00s Sys=0.00s Real=0.00s
[75.997s][info][gc,start       ] GC(1234) Pause Young (Allocation Failure)
[76.006s][info][gc,heap        ] GC(1234) DefNew: 141133K(157248K)->1402K(157248K) Eden: 139776K(139776K)->0K(139776K) From: 1357K(17472K)->1402K(17472K)
[76.006s][info][gc,heap        ] GC(1234) Tenured: 46442K(349568K)->46442K(349568K)
[76.006s][info][gc,metaspace   ] GC(1234) Metaspace: 73679K(74112K)->73679K(74112K) NonClass: 58536K(58816K)->58536K(58816K) Class: 15143K(15296K)->15143K(15296K)
[76.006s][info][gc             ] GC(1234) Pause Young (Allocation Failure) 183M->46M(494M) 8.846ms
[76.006s][info][gc,cpu         ] GC(1234) User=0.00s Sys=0.00s Real=0.00s
[76.041s][info][gc,start       ] GC(1235) Pause Young (Allocation Failure)
[76.049s][info][gc,heap        ] GC(1235) DefNew: 141178K(157248K)->1420K(157248K) Eden: 139776K(139776K)->0K(139776K) From: 1402K(17472K)->1420K(17472K)
[76.049s][info][gc,heap        ] GC(1235) Tenured: 46442K(349568K)->46442K(349568K)
[76.049s][info][gc,metaspace   ] GC(1235) Metaspace: 73679K(74112K)->73679K(74112K) NonClass: 58536K(58816K)->58536K(58816K) Class: 15143K(15296K)->15143K(15296K)
[76.049s][info][gc             ] GC(1235) Pause Young (Allocation Failure) 183M->46M(494M) 8.147ms
[76.049s][info][gc,cpu         ] GC(1235) User=0.00s Sys=0.00s Real=0.00s
[76.084s][info][gc,start       ] GC(1236) Pause Young (Allocation Failure)
[76.093s][info][gc,heap        ] GC(1236) DefNew: 141196K(157248K)->1441K(157248K) Eden: 139776K(139776K)->0K(139776K) From: 1420K(17472K)->1441K(17472K)
[76.093s][info][gc,heap        ] GC(1236) Tenured: 46442K(349568K)->46442K(349568K)
[76.093s][info][gc,metaspace   ] GC(1236) Metaspace: 73679K(74112K)->73679K(74112K) NonClass: 58536K(58816K)->58536K(58816K) Class: 15143K(15296K)->15143K(15296K)
[76.093s][info][gc             ] GC(1236) Pause Young (Allocation Failure) 183M->46M(494M) 8.254ms
[76.093s][info][gc,cpu         ] GC(1236) User=0.00s Sys=0.00s Real=0.00s
[76.128s][info][gc,start       ] GC(1237) Pause Young (Allocation Failure)
[76.136s][info][gc,heap        ] GC(1237) DefNew: 141217K(157248K)->1359K(157248K) Eden: 139776K(139776K)->0K(139776K) From: 1441K(17472K)->1359K(17472K)
[76.136s][info][gc,heap        ] GC(1237) Tenured: 46442K(349568K)->46442K(349568K)
[76.136s][info][gc,metaspace   ] GC(1237) Metaspace: 73679K(74112K)->73679K(74112K) NonClass: 58536K(58816K)->58536K(58816K) Class: 15143K(15296K)->15143K(15296K)
[76.136s][info][gc             ] GC(1237) Pause Young (Allocation Failure) 183M->46M(494M) 8.038ms
[76.136s][info][gc,cpu         ] GC(1237) User=0.00s Sys=0.00s Real=0.00s
[76.171s][info][gc,start       ] GC(1238) Pause Young (Allocation Failure)
[76.180s][info][gc,heap        ] GC(1238) DefNew: 141135K(157248K)->1473K(157248K) Eden: 139776K(139776K)->0K(139776K) From: 1359K(17472K)->1473K(17472K)
[76.180s][info][gc,heap        ] GC(1238) Tenured: 46442K(349568K)->46442K(349568K)
[76.180s][info][gc,metaspace   ] GC(1238) Metaspace: 73679K(74112K)->73679K(74112K) NonClass: 58536K(58816K)->58536K(58816K) Class: 15143K(15296K)->15143K(15296K)
[76.180s][info][gc             ] GC(1238) Pause Young (Allocation Failure) 183M->46M(494M) 8.454ms
[76.180s][info][gc,cpu         ] GC(1238) User=0.00s Sys=0.00s Real=0.00s
[76.215s][info][gc,start       ] GC(1239) Pause Young (Allocation Failure)
[76.224s][info][gc,heap        ] GC(1239) DefNew: 141249K(157248K)->1440K(157248K) Eden: 139776K(139776K)->0K(139776K) From: 1473K(17472K)->1440K(17472K)
[76.224s][info][gc,heap        ] GC(1239) Tenured: 46442K(349568K)->46442K(349568K)
[76.224s][info][gc,metaspace   ] GC(1239) Metaspace: 73679K(74112K)->73679K(74112K) NonClass: 58536K(58816K)->58536K(58816K) Class: 15143K(15296K)->15143K(15296K)
[76.224s][info][gc             ] GC(1239) Pause Young (Allocation Failure) 183M->46M(494M) 9.187ms
[76.224s][info][gc,cpu         ] GC(1239) User=0.00s Sys=0.00s Real=0.00s
[76.260s][info][gc,start       ] GC(1240) Pause Young (Allocation Failure)
[76.268s][info][gc,heap        ] GC(1240) DefNew: 141216K(157248K)->1469K(157248K) Eden: 139776K(139776K)->0K(139776K) From: 1440K(17472K)->1469K(17472K)
[76.268s][info][gc,heap        ] GC(1240) Tenured: 46442K(349568K)->46442K(349568K)
[76.268s][info][gc,metaspace   ] GC(1240) Metaspace: 73679K(74112K)->73679K(74112K) NonClass: 58536K(58816K)->58536K(58816K) Class: 15143K(15296K)->15143K(15296K)
[76.268s][info][gc             ] GC(1240) Pause Young (Allocation Failure) 183M->46M(494M) 8.831ms
[76.268s][info][gc,cpu         ] GC(1240) User=0.00s Sys=0.00s Real=0.00s
[76.304s][info][gc,start       ] GC(1241) Pause Young (Allocation Failure)
[76.313s][info][gc,heap        ] GC(1241) DefNew: 141245K(157248K)->1436K(157248K) Eden: 139776K(139776K)->0K(139776K) From: 1469K(17472K)->1436K(17472K)
[76.313s][info][gc,heap        ] GC(1241) Tenured: 46442K(349568K)->46460K(349568K)
[76.313s][info][gc,metaspace   ] GC(1241) Metaspace: 73679K(74112K)->73679K(74112K) NonClass: 58536K(58816K)->58536K(58816K) Class: 15143K(15296K)->15143K(15296K)
[76.313s][info][gc             ] GC(1241) Pause Young (Allocation Failure) 183M->46M(494M) 8.185ms
[76.313s][info][gc,cpu         ] GC(1241) User=0.00s Sys=0.00s Real=0.00s
[76.347s][info][gc,start       ] GC(1242) Pause Young (Allocation Failure)
[76.356s][info][gc,heap        ] GC(1242) DefNew: 141212K(157248K)->1447K(157248K) Eden: 139776K(139776K)->0K(139776K) From: 1436K(17472K)->1447K(17472K)
[76.356s][info][gc,heap        ] GC(1242) Tenured: 46460K(349568K)->46486K(349568K)
[76.356s][info][gc,metaspace   ] GC(1242) Metaspace: 73679K(74112K)->73679K(74112K) NonClass: 58536K(58816K)->58536K(58816K) Class: 15143K(15296K)->15143K(15296K)
[76.356s][info][gc             ] GC(1242) Pause Young (Allocation Failure) 183M->46M(494M) 8.454ms
[76.356s][info][gc,cpu         ] GC(1242) User=0.00s Sys=0.00s Real=0.00s
[76.391s][info][gc,start       ] GC(1243) Pause Young (Allocation Failure)
[76.400s][info][gc,heap        ] GC(1243) DefNew: 141223K(157248K)->1421K(157248K) Eden: 139776K(139776K)->0K(139776K) From: 1447K(17472K)->1421K(17472K)
[76.400s][info][gc,heap        ] GC(1243) Tenured: 46486K(349568K)->46486K(349568K)
[76.400s][info][gc,metaspace   ] GC(1243) Metaspace: 73679K(74112K)->73679K(74112K) NonClass: 58536K(58816K)->58536K(58816K) Class: 15143K(15296K)->15143K(15296K)
[76.400s][info][gc             ] GC(1243) Pause Young (Allocation Failure) 183M->46M(494M) 9.114ms
[76.400s][info][gc,cpu         ] GC(1243) User=0.00s Sys=0.00s Real=0.00s
[76.436s][info][gc,start       ] GC(1244) Pause Young (Allocation Failure)
[76.444s][info][gc,heap        ] GC(1244) DefNew: 141197K(157248K)->1417K(157248K) Eden: 139776K(139776K)->0K(139776K) From: 1421K(17472K)->1417K(17472K)
[76.444s][info][gc,heap        ] GC(1244) Tenured: 46486K(349568K)->46486K(349568K)
[76.444s][info][gc,metaspace   ] GC(1244) Metaspace: 73679K(74112K)->73679K(74112K) NonClass: 58536K(58816K)->58536K(58816K) Class: 15143K(15296K)->15143K(15296K)
[76.445s][info][gc             ] GC(1244) Pause Young (Allocation Failure) 183M->46M(494M) 8.709ms
[76.445s][info][gc,cpu         ] GC(1244) User=0.00s Sys=0.00s Real=0.00s
[76.480s][info][gc,start       ] GC(1245) Pause Young (Allocation Failure)
[76.488s][info][gc,heap        ] GC(1245) DefNew: 141193K(157248K)->1467K(157248K) Eden: 139776K(139776K)->0K(139776K) From: 1417K(17472K)->1467K(17472K)
[76.488s][info][gc,heap        ] GC(1245) Tenured: 46486K(349568K)->46487K(349568K)
[76.488s][info][gc,metaspace   ] GC(1245) Metaspace: 73679K(74112K)->73679K(74112K) NonClass: 58536K(58816K)->58536K(58816K) Class: 15143K(15296K)->15143K(15296K)
[76.488s][info][gc             ] GC(1245) Pause Young (Allocation Failure) 183M->46M(494M) 8.595ms
[76.488s][info][gc,cpu         ] GC(1245) User=0.00s Sys=0.00s Real=0.00s
[76.524s][info][gc,start       ] GC(1246) Pause Young (Allocation Failure)
[76.532s][info][gc,heap        ] GC(1246) DefNew: 141243K(157248K)->1488K(157248K) Eden: 139776K(139776K)->0K(139776K) From: 1467K(17472K)->1488K(17472K)
[76.532s][info][gc,heap        ] GC(1246) Tenured: 46487K(349568K)->46487K(349568K)
[76.532s][info][gc,metaspace   ] GC(1246) Metaspace: 73679K(74112K)->73679K(74112K) NonClass: 58536K(58816K)->58536K(58816K) Class: 15143K(15296K)->15143K(15296K)
[76.532s][info][gc             ] GC(1246) Pause Young (Allocation Failure) 183M->46M(494M) 8.618ms
[76.532s][info][gc,cpu         ] GC(1246) User=0.00s Sys=0.00s Real=0.00s
[76.568s][info][gc,start       ] GC(1247) Pause Young (Allocation Failure)
[76.576s][info][gc,heap        ] GC(1247) DefNew: 141264K(157248K)->1404K(157248K) Eden: 139776K(139776K)->0K(139776K) From: 1488K(17472K)->1404K(17472K)
[76.576s][info][gc,heap        ] GC(1247) Tenured: 46487K(349568K)->46488K(349568K)
[76.576s][info][gc,metaspace   ] GC(1247) Metaspace: 73679K(74112K)->73679K(74112K) NonClass: 58536K(58816K)->58536K(58816K) Class: 15143K(15296K)->15143K(15296K)
[76.576s][info][gc             ] GC(1247) Pause Young (Allocation Failure) 183M->46M(494M) 8.207ms
[76.576s][info][gc,cpu         ] GC(1247) User=0.02s Sys=0.00s Real=0.00s
[76.612s][info][gc,start       ] GC(1248) Pause Young (Allocation Failure)
[76.621s][info][gc,heap        ] GC(1248) DefNew: 141180K(157248K)->1380K(157248K) Eden: 139776K(139776K)->0K(139776K) From: 1404K(17472K)->1380K(17472K)
[76.621s][info][gc,heap        ] GC(1248) Tenured: 46488K(349568K)->46489K(349568K)
[76.621s][info][gc,metaspace   ] GC(1248) Metaspace: 73679K(74112K)->73679K(74112K) NonClass: 58536K(58816K)->58536K(58816K) Class: 15143K(15296K)->15143K(15296K)
[76.621s][info][gc             ] GC(1248) Pause Young (Allocation Failure) 183M->46M(494M) 9.053ms
[76.621s][info][gc,cpu         ] GC(1248) User=0.00s Sys=0.00s Real=0.00s
[76.656s][info][gc,start       ] GC(1249) Pause Young (Allocation Failure)
[76.665s][info][gc,heap        ] GC(1249) DefNew: 141156K(157248K)->1463K(157248K) Eden: 139776K(139776K)->0K(139776K) From: 1380K(17472K)->1463K(17472K)
[76.665s][info][gc,heap        ] GC(1249) Tenured: 46489K(349568K)->46490K(349568K)
[76.665s][info][gc,metaspace   ] GC(1249) Metaspace: 73679K(74112K)->73679K(74112K) NonClass: 58536K(58816K)->58536K(58816K) Class: 15143K(15296K)->15143K(15296K)
[76.665s][info][gc             ] GC(1249) Pause Young (Allocation Failure) 183M->46M(494M) 8.828ms
[76.665s][info][gc,cpu         ] GC(1249) User=0.00s Sys=0.00s Real=0.00s
[76.700s][info][gc,start       ] GC(1250) Pause Young (Allocation Failure)
[76.708s][info][gc,heap        ] GC(1250) DefNew: 141239K(157248K)->1398K(157248K) Eden: 139776K(139776K)->0K(139776K) From: 1463K(17472K)->1398K(17472K)
[76.708s][info][gc,heap        ] GC(1250) Tenured: 46490K(349568K)->46490K(349568K)
[76.708s][info][gc,metaspace   ] GC(1250) Metaspace: 73679K(74112K)->73679K(74112K) NonClass: 58536K(58816K)->58536K(58816K) Class: 15143K(15296K)->15143K(15296K)
[76.708s][info][gc             ] GC(1250) Pause Young (Allocation Failure) 183M->46M(494M) 8.235ms
[76.708s][info][gc,cpu         ] GC(1250) User=0.00s Sys=0.00s Real=0.00s
[76.744s][info][gc,start       ] GC(1251) Pause Young (Allocation Failure)
[76.752s][info][gc,heap        ] GC(1251) DefNew: 141174K(157248K)->1439K(157248K) Eden: 139776K(139776K)->0K(139776K) From: 1398K(17472K)->1439K(17472K)
[76.752s][info][gc,heap        ] GC(1251) Tenured: 46490K(349568K)->46490K(349568K)
[76.752s][info][gc,metaspace   ] GC(1251) Metaspace: 73679K(74112K)->73679K(74112K) NonClass: 58536K(58816K)->58536K(58816K) Class: 15143K(15296K)->15143K(15296K)
[76.752s][info][gc             ] GC(1251) Pause Young (Allocation Failure) 183M->46M(494M) 8.390ms
[76.752s][info][gc,cpu         ] GC(1251) User=0.00s Sys=0.00s Real=0.00s
[76.788s][info][gc,start       ] GC(1252) Pause Young (Allocation Failure)
[76.796s][info][gc,heap        ] GC(1252) DefNew: 141215K(157248K)->1462K(157248K) Eden: 139776K(139776K)->0K(139776K) From: 1439K(17472K)->1462K(17472K)
[76.796s][info][gc,heap        ] GC(1252) Tenured: 46490K(349568K)->46491K(349568K)
[76.796s][info][gc,metaspace   ] GC(1252) Metaspace: 73679K(74112K)->73679K(74112K) NonClass: 58536K(58816K)->58536K(58816K) Class: 15143K(15296K)->15143K(15296K)
[76.796s][info][gc             ] GC(1252) Pause Young (Allocation Failure) 183M->46M(494M) 8.430ms
[76.796s][info][gc,cpu         ] GC(1252) User=0.02s Sys=0.00s Real=0.00s
[76.831s][info][gc,start       ] GC(1253) Pause Young (Allocation Failure)
[76.840s][info][gc,heap        ] GC(1253) DefNew: 141238K(157248K)->1481K(157248K) Eden: 139776K(139776K)->0K(139776K) From: 1462K(17472K)->1481K(17472K)
[76.840s][info][gc,heap        ] GC(1253) Tenured: 46491K(349568K)->46491K(349568K)
[76.840s][info][gc,metaspace   ] GC(1253) Metaspace: 73679K(74112K)->73679K(74112K) NonClass: 58536K(58816K)->58536K(58816K) Class: 15143K(15296K)->15143K(15296K)
[76.840s][info][gc             ] GC(1253) Pause Young (Allocation Failure) 183M->46M(494M) 8.312ms
[76.840s][info][gc,cpu         ] GC(1253) User=0.00s Sys=0.00s Real=0.00s
[76.875s][info][gc,start       ] GC(1254) Pause Young (Allocation Failure)
[76.883s][info][gc,heap        ] GC(1254) DefNew: 141257K(157248K)->1348K(157248K) Eden: 139776K(139776K)->0K(139776K) From: 1481K(17472K)->1348K(17472K)
[76.883s][info][gc,heap        ] GC(1254) Tenured: 46491K(349568K)->46514K(349568K)
[76.883s][info][gc,metaspace   ] GC(1254) Metaspace: 73679K(74112K)->73679K(74112K) NonClass: 58536K(58816K)->58536K(58816K) Class: 15143K(15296K)->15143K(15296K)
[76.883s][info][gc             ] GC(1254) Pause Young (Allocation Failure) 183M->46M(494M) 8.198ms
[76.883s][info][gc,cpu         ] GC(1254) User=0.00s Sys=0.00s Real=0.00s
[76.919s][info][gc,start       ] GC(1255) Pause Young (Allocation Failure)
[76.927s][info][gc,heap        ] GC(1255) DefNew: 141124K(157248K)->1393K(157248K) Eden: 139776K(139776K)->0K(139776K) From: 1348K(17472K)->1393K(17472K)
[76.927s][info][gc,heap        ] GC(1255) Tenured: 46514K(349568K)->46514K(349568K)
[76.927s][info][gc,metaspace   ] GC(1255) Metaspace: 73679K(74112K)->73679K(74112K) NonClass: 58536K(58816K)->58536K(58816K) Class: 15143K(15296K)->15143K(15296K)
[76.927s][info][gc             ] GC(1255) Pause Young (Allocation Failure) 183M->46M(494M) 8.178ms
[76.927s][info][gc,cpu         ] GC(1255) User=0.00s Sys=0.00s Real=0.00s
[76.962s][info][gc,start       ] GC(1256) Pause Young (Allocation Failure)
[76.971s][info][gc,heap        ] GC(1256) DefNew: 141169K(157248K)->1402K(157248K) Eden: 139775K(139776K)->0K(139776K) From: 1393K(17472K)->1402K(17472K)
[76.971s][info][gc,heap        ] GC(1256) Tenured: 46514K(349568K)->46514K(349568K)
[76.971s][info][gc,metaspace   ] GC(1256) Metaspace: 73679K(74112K)->73679K(74112K) NonClass: 58536K(58816K)->58536K(58816K) Class: 15143K(15296K)->15143K(15296K)
[76.971s][info][gc             ] GC(1256) Pause Young (Allocation Failure) 183M->46M(494M) 8.323ms
[76.971s][info][gc,cpu         ] GC(1256) User=0.00s Sys=0.00s Real=0.00s
[77.006s][info][gc,start       ] GC(1257) Pause Young (Allocation Failure)
[77.014s][info][gc,heap        ] GC(1257) DefNew: 141178K(157248K)->1368K(157248K) Eden: 139776K(139776K)->0K(139776K) From: 1402K(17472K)->1368K(17472K)
[77.014s][info][gc,heap        ] GC(1257) Tenured: 46514K(349568K)->46514K(349568K)
[77.014s][info][gc,metaspace   ] GC(1257) Metaspace: 73679K(74112K)->73679K(74112K) NonClass: 58536K(58816K)->58536K(58816K) Class: 15143K(15296K)->15143K(15296K)
[77.014s][info][gc             ] GC(1257) Pause Young (Allocation Failure) 183M->46M(494M) 8.206ms
[77.014s][info][gc,cpu         ] GC(1257) User=0.00s Sys=0.00s Real=0.00s
[77.050s][info][gc,start       ] GC(1258) Pause Young (Allocation Failure)
[77.059s][info][gc,heap        ] GC(1258) DefNew: 141144K(157248K)->1390K(157248K) Eden: 139776K(139776K)->0K(139776K) From: 1368K(17472K)->1390K(17472K)
[77.059s][info][gc,heap        ] GC(1258) Tenured: 46514K(349568K)->46514K(349568K)
[77.059s][info][gc,metaspace   ] GC(1258) Metaspace: 73679K(74112K)->73679K(74112K) NonClass: 58536K(58816K)->58536K(58816K) Class: 15143K(15296K)->15143K(15296K)
[77.059s][info][gc             ] GC(1258) Pause Young (Allocation Failure) 183M->46M(494M) 9.070ms
[77.059s][info][gc,cpu         ] GC(1258) User=0.00s Sys=0.00s Real=0.00s
[77.094s][info][gc,start       ] GC(1259) Pause Young (Allocation Failure)
[77.103s][info][gc,heap        ] GC(1259) DefNew: 141166K(157248K)->1374K(157248K) Eden: 139776K(139776K)->0K(139776K) From: 1390K(17472K)->1374K(17472K)
[77.103s][info][gc,heap        ] GC(1259) Tenured: 46514K(349568K)->46514K(349568K)
[77.103s][info][gc,metaspace   ] GC(1259) Metaspace: 73679K(74112K)->73679K(74112K) NonClass: 58536K(58816K)->58536K(58816K) Class: 15143K(15296K)->15143K(15296K)
[77.103s][info][gc             ] GC(1259) Pause Young (Allocation Failure) 183M->46M(494M) 8.545ms
[77.103s][info][gc,cpu         ] GC(1259) User=0.00s Sys=0.00s Real=0.00s
[77.138s][info][gc,start       ] GC(1260) Pause Young (Allocation Failure)
[77.147s][info][gc,heap        ] GC(1260) DefNew: 141150K(157248K)->1353K(157248K) Eden: 139776K(139776K)->0K(139776K) From: 1374K(17472K)->1353K(17472K)
[77.147s][info][gc,heap        ] GC(1260) Tenured: 46514K(349568K)->46514K(349568K)
[77.147s][info][gc,metaspace   ] GC(1260) Metaspace: 73679K(74112K)->73679K(74112K) NonClass: 58536K(58816K)->58536K(58816K) Class: 15143K(15296K)->15143K(15296K)
[77.147s][info][gc             ] GC(1260) Pause Young (Allocation Failure) 183M->46M(494M) 8.748ms
[77.147s][info][gc,cpu         ] GC(1260) User=0.00s Sys=0.00s Real=0.00s
[77.182s][info][gc,start       ] GC(1261) Pause Young (Allocation Failure)
[77.190s][info][gc,heap        ] GC(1261) DefNew: 141129K(157248K)->1366K(157248K) Eden: 139776K(139776K)->0K(139776K) From: 1353K(17472K)->1366K(17472K)
[77.190s][info][gc,heap        ] GC(1261) Tenured: 46514K(349568K)->46514K(349568K)
[77.190s][info][gc,metaspace   ] GC(1261) Metaspace: 73679K(74112K)->73679K(74112K) NonClass: 58536K(58816K)->58536K(58816K) Class: 15143K(15296K)->15143K(15296K)
[77.191s][info][gc             ] GC(1261) Pause Young (Allocation Failure) 183M->46M(494M) 8.809ms
[77.191s][info][gc,cpu         ] GC(1261) User=0.00s Sys=0.00s Real=0.00s
[77.226s][info][gc,start       ] GC(1262) Pause Young (Allocation Failure)
[77.235s][info][gc,heap        ] GC(1262) DefNew: 141142K(157248K)->1419K(157248K) Eden: 139776K(139776K)->0K(139776K) From: 1366K(17472K)->1419K(17472K)
[77.235s][info][gc,heap        ] GC(1262) Tenured: 46514K(349568K)->46515K(349568K)
[77.235s][info][gc,metaspace   ] GC(1262) Metaspace: 73679K(74112K)->73679K(74112K) NonClass: 58536K(58816K)->58536K(58816K) Class: 15143K(15296K)->15143K(15296K)
[77.235s][info][gc             ] GC(1262) Pause Young (Allocation Failure) 183M->46M(494M) 8.897ms
[77.235s][info][gc,cpu         ] GC(1262) User=0.00s Sys=0.00s Real=0.00s
[77.271s][info][gc,start       ] GC(1263) Pause Young (Allocation Failure)
[77.279s][info][gc,heap        ] GC(1263) DefNew: 141195K(157248K)->1434K(157248K) Eden: 139776K(139776K)->0K(139776K) From: 1419K(17472K)->1434K(17472K)
[77.279s][info][gc,heap        ] GC(1263) Tenured: 46515K(349568K)->46515K(349568K)
[77.279s][info][gc,metaspace   ] GC(1263) Metaspace: 73679K(74112K)->73679K(74112K) NonClass: 58536K(58816K)->58536K(58816K) Class: 15143K(15296K)->15143K(15296K)
[77.279s][info][gc             ] GC(1263) Pause Young (Allocation Failure) 183M->46M(494M) 8.595ms
[77.279s][info][gc,cpu         ] GC(1263) User=0.00s Sys=0.00s Real=0.00s
[77.315s][info][gc,start       ] GC(1264) Pause Young (Allocation Failure)
[77.323s][info][gc,heap        ] GC(1264) DefNew: 141210K(157248K)->1430K(157248K) Eden: 139776K(139776K)->0K(139776K) From: 1434K(17472K)->1430K(17472K)
[77.323s][info][gc,heap        ] GC(1264) Tenured: 46515K(349568K)->46515K(349568K)
[77.323s][info][gc,metaspace   ] GC(1264) Metaspace: 73679K(74112K)->73679K(74112K) NonClass: 58536K(58816K)->58536K(58816K) Class: 15143K(15296K)->15143K(15296K)
[77.323s][info][gc             ] GC(1264) Pause Young (Allocation Failure) 183M->46M(494M) 8.303ms
[77.323s][info][gc,cpu         ] GC(1264) User=0.00s Sys=0.00s Real=0.00s
[77.358s][info][gc,start       ] GC(1265) Pause Young (Allocation Failure)
[77.366s][info][gc,heap        ] GC(1265) DefNew: 141206K(157248K)->1450K(157248K) Eden: 139776K(139776K)->0K(139776K) From: 1430K(17472K)->1450K(17472K)
[77.366s][info][gc,heap        ] GC(1265) Tenured: 46515K(349568K)->46516K(349568K)
[77.366s][info][gc,metaspace   ] GC(1265) Metaspace: 73679K(74112K)->73679K(74112K) NonClass: 58536K(58816K)->58536K(58816K) Class: 15143K(15296K)->15143K(15296K)
[77.367s][info][gc             ] GC(1265) Pause Young (Allocation Failure) 183M->46M(494M) 8.403ms
[77.367s][info][gc,cpu         ] GC(1265) User=0.00s Sys=0.00s Real=0.00s
[77.402s][info][gc,start       ] GC(1266) Pause Young (Allocation Failure)
[77.410s][info][gc,heap        ] GC(1266) DefNew: 141226K(157248K)->1382K(157248K) Eden: 139776K(139776K)->0K(139776K) From: 1450K(17472K)->1382K(17472K)
[77.410s][info][gc,heap        ] GC(1266) Tenured: 46516K(349568K)->46516K(349568K)
[77.410s][info][gc,metaspace   ] GC(1266) Metaspace: 73679K(74112K)->73679K(74112K) NonClass: 58536K(58816K)->58536K(58816K) Class: 15143K(15296K)->15143K(15296K)
[77.410s][info][gc             ] GC(1266) Pause Young (Allocation Failure) 183M->46M(494M) 8.141ms
[77.410s][info][gc,cpu         ] GC(1266) User=0.00s Sys=0.00s Real=0.00s
[77.446s][info][gc,start       ] GC(1267) Pause Young (Allocation Failure)
[77.454s][info][gc,heap        ] GC(1267) DefNew: 141158K(157248K)->1438K(157248K) Eden: 139776K(139776K)->0K(139776K) From: 1382K(17472K)->1438K(17472K)
[77.454s][info][gc,heap        ] GC(1267) Tenured: 46516K(349568K)->46516K(349568K)
[77.454s][info][gc,metaspace   ] GC(1267) Metaspace: 73679K(74112K)->73679K(74112K) NonClass: 58536K(58816K)->58536K(58816K) Class: 15143K(15296K)->15143K(15296K)
[77.454s][info][gc             ] GC(1267) Pause Young (Allocation Failure) 183M->46M(494M) 8.374ms
[77.454s][info][gc,cpu         ] GC(1267) User=0.00s Sys=0.00s Real=0.00s
[77.489s][info][gc,start       ] GC(1268) Pause Young (Allocation Failure)
[77.498s][info][gc,heap        ] GC(1268) DefNew: 141214K(157248K)->1385K(157248K) Eden: 139776K(139776K)->0K(139776K) From: 1438K(17472K)->1385K(17472K)
[77.498s][info][gc,heap        ] GC(1268) Tenured: 46516K(349568K)->46516K(349568K)
[77.498s][info][gc,metaspace   ] GC(1268) Metaspace: 73679K(74112K)->73679K(74112K) NonClass: 58536K(58816K)->58536K(58816K) Class: 15143K(15296K)->15143K(15296K)
[77.498s][info][gc             ] GC(1268) Pause Young (Allocation Failure) 183M->46M(494M) 9.005ms
[77.498s][info][gc,cpu         ] GC(1268) User=0.00s Sys=0.00s Real=0.00s
[77.534s][info][gc,start       ] GC(1269) Pause Young (Allocation Failure)
[77.543s][info][gc,heap        ] GC(1269) DefNew: 141161K(157248K)->1414K(157248K) Eden: 139776K(139776K)->0K(139776K) From: 1385K(17472K)->1414K(17472K)
[77.543s][info][gc,heap        ] GC(1269) Tenured: 46516K(349568K)->46516K(349568K)
[77.543s][info][gc,metaspace   ] GC(1269) Metaspace: 73679K(74112K)->73679K(74112K) NonClass: 58536K(58816K)->58536K(58816K) Class: 15143K(15296K)->15143K(15296K)
[77.543s][info][gc             ] GC(1269) Pause Young (Allocation Failure) 183M->46M(494M) 8.908ms
[77.543s][info][gc,cpu         ] GC(1269) User=0.00s Sys=0.00s Real=0.00s
[77.578s][info][gc,start       ] GC(1270) Pause Young (Allocation Failure)
[77.587s][info][gc,heap        ] GC(1270) DefNew: 141190K(157248K)->1385K(157248K) Eden: 139776K(139776K)->0K(139776K) From: 1414K(17472K)->1385K(17472K)
[77.587s][info][gc,heap        ] GC(1270) Tenured: 46516K(349568K)->46516K(349568K)
[77.587s][info][gc,metaspace   ] GC(1270) Metaspace: 73679K(74112K)->73679K(74112K) NonClass: 58536K(58816K)->58536K(58816K) Class: 15143K(15296K)->15143K(15296K)
[77.587s][info][gc             ] GC(1270) Pause Young (Allocation Failure) 183M->46M(494M) 8.753ms
[77.587s][info][gc,cpu         ] GC(1270) User=0.00s Sys=0.00s Real=0.00s
[77.623s][info][gc,start       ] GC(1271) Pause Young (Allocation Failure)
[77.631s][info][gc,heap        ] GC(1271) DefNew: 141161K(157248K)->1435K(157248K) Eden: 139776K(139776K)->0K(139776K) From: 1385K(17472K)->1435K(17472K)
[77.631s][info][gc,heap        ] GC(1271) Tenured: 46516K(349568K)->46517K(349568K)
[77.631s][info][gc,metaspace   ] GC(1271) Metaspace: 73679K(74112K)->73679K(74112K) NonClass: 58536K(58816K)->58536K(58816K) Class: 15143K(15296K)->15143K(15296K)
[77.631s][info][gc             ] GC(1271) Pause Young (Allocation Failure) 183M->46M(494M) 8.442ms
[77.631s][info][gc,cpu         ] GC(1271) User=0.00s Sys=0.00s Real=0.00s
[77.666s][info][gc,start       ] GC(1272) Pause Young (Allocation Failure)
[77.675s][info][gc,heap        ] GC(1272) DefNew: 141211K(157248K)->1384K(157248K) Eden: 139776K(139776K)->0K(139776K) From: 1435K(17472K)->1384K(17472K)
[77.675s][info][gc,heap        ] GC(1272) Tenured: 46517K(349568K)->46517K(349568K)
[77.675s][info][gc,metaspace   ] GC(1272) Metaspace: 73679K(74112K)->73679K(74112K) NonClass: 58536K(58816K)->58536K(58816K) Class: 15143K(15296K)->15143K(15296K)
[77.675s][info][gc             ] GC(1272) Pause Young (Allocation Failure) 183M->46M(494M) 8.171ms
[77.675s][info][gc,cpu         ] GC(1272) User=0.00s Sys=0.00s Real=0.01s
[77.710s][info][gc,start       ] GC(1273) Pause Young (Allocation Failure)
[77.718s][info][gc,heap        ] GC(1273) DefNew: 141160K(157248K)->1420K(157248K) Eden: 139776K(139776K)->0K(139776K) From: 1384K(17472K)->1420K(17472K)
[77.718s][info][gc,heap        ] GC(1273) Tenured: 46517K(349568K)->46517K(349568K)
[77.718s][info][gc,metaspace   ] GC(1273) Metaspace: 73679K(74112K)->73679K(74112K) NonClass: 58536K(58816K)->58536K(58816K) Class: 15143K(15296K)->15143K(15296K)
[77.718s][info][gc             ] GC(1273) Pause Young (Allocation Failure) 183M->46M(494M) 8.178ms
[77.718s][info][gc,cpu         ] GC(1273) User=0.00s Sys=0.00s Real=0.00s
[77.754s][info][gc,start       ] GC(1274) Pause Young (Allocation Failure)
[77.763s][info][gc,heap        ] GC(1274) DefNew: 141196K(157248K)->1355K(157248K) Eden: 139775K(139776K)->0K(139776K) From: 1420K(17472K)->1355K(17472K)
[77.763s][info][gc,heap        ] GC(1274) Tenured: 46517K(349568K)->46517K(349568K)
[77.763s][info][gc,metaspace   ] GC(1274) Metaspace: 73679K(74112K)->73679K(74112K) NonClass: 58536K(58816K)->58536K(58816K) Class: 15143K(15296K)->15143K(15296K)
[77.763s][info][gc             ] GC(1274) Pause Young (Allocation Failure) 183M->46M(494M) 8.956ms
[77.763s][info][gc,cpu         ] GC(1274) User=0.00s Sys=0.00s Real=0.00s
[77.798s][info][gc,start       ] GC(1275) Pause Young (Allocation Failure)
[77.807s][info][gc,heap        ] GC(1275) DefNew: 141131K(157248K)->1363K(157248K) Eden: 139776K(139776K)->0K(139776K) From: 1355K(17472K)->1363K(17472K)
[77.807s][info][gc,heap        ] GC(1275) Tenured: 46517K(349568K)->46517K(349568K)
[77.807s][info][gc,metaspace   ] GC(1275) Metaspace: 73679K(74112K)->73679K(74112K) NonClass: 58536K(58816K)->58536K(58816K) Class: 15143K(15296K)->15143K(15296K)
[77.807s][info][gc             ] GC(1275) Pause Young (Allocation Failure) 183M->46M(494M) 8.482ms
[77.807s][info][gc,cpu         ] GC(1275) User=0.00s Sys=0.00s Real=0.00s
[77.843s][info][gc,start       ] GC(1276) Pause Young (Allocation Failure)
[77.851s][info][gc,heap        ] GC(1276) DefNew: 141139K(157248K)->1406K(157248K) Eden: 139776K(139776K)->0K(139776K) From: 1363K(17472K)->1406K(17472K)
[77.851s][info][gc,heap        ] GC(1276) Tenured: 46517K(349568K)->46517K(349568K)
[77.851s][info][gc,metaspace   ] GC(1276) Metaspace: 73679K(74112K)->73679K(74112K) NonClass: 58536K(58816K)->58536K(58816K) Class: 15143K(15296K)->15143K(15296K)
[77.851s][info][gc             ] GC(1276) Pause Young (Allocation Failure) 183M->46M(494M) 8.217ms
[77.851s][info][gc,cpu         ] GC(1276) User=0.00s Sys=0.00s Real=0.00s
[77.885s][info][gc,start       ] GC(1277) Pause Young (Allocation Failure)
[77.894s][info][gc,heap        ] GC(1277) DefNew: 141182K(157248K)->1416K(157248K) Eden: 139776K(139776K)->0K(139776K) From: 1406K(17472K)->1416K(17472K)
[77.894s][info][gc,heap        ] GC(1277) Tenured: 46517K(349568K)->46541K(349568K)
[77.894s][info][gc,metaspace   ] GC(1277) Metaspace: 73679K(74112K)->73679K(74112K) NonClass: 58536K(58816K)->58536K(58816K) Class: 15143K(15296K)->15143K(15296K)
[77.894s][info][gc             ] GC(1277) Pause Young (Allocation Failure) 183M->46M(494M) 8.355ms
[77.894s][info][gc,cpu         ] GC(1277) User=0.00s Sys=0.00s Real=0.00s
[77.929s][info][gc,start       ] GC(1278) Pause Young (Allocation Failure)
[77.969s][info][gc,heap        ] GC(1278) DefNew: 141192K(157248K)->1372K(157248K) Eden: 139776K(139776K)->0K(139776K) From: 1416K(17472K)->1372K(17472K)
[77.969s][info][gc,heap        ] GC(1278) Tenured: 46541K(349568K)->46541K(349568K)
[77.969s][info][gc,metaspace   ] GC(1278) Metaspace: 73679K(74112K)->73679K(74112K) NonClass: 58536K(58816K)->58536K(58816K) Class: 15143K(15296K)->15143K(15296K)
[77.969s][info][gc             ] GC(1278) Pause Young (Allocation Failure) 183M->46M(494M) 40.113ms
[77.969s][info][gc,cpu         ] GC(1278) User=0.02s Sys=0.00s Real=0.03s
[78.015s][info][gc,start       ] GC(1279) Pause Young (Allocation Failure)
[78.023s][info][gc,heap        ] GC(1279) DefNew: 141148K(157248K)->1401K(157248K) Eden: 139776K(139776K)->0K(139776K) From: 1372K(17472K)->1401K(17472K)
[78.023s][info][gc,heap        ] GC(1279) Tenured: 46541K(349568K)->46542K(349568K)
[78.023s][info][gc,metaspace   ] GC(1279) Metaspace: 73679K(74112K)->73679K(74112K) NonClass: 58536K(58816K)->58536K(58816K) Class: 15143K(15296K)->15143K(15296K)
[78.023s][info][gc             ] GC(1279) Pause Young (Allocation Failure) 183M->46M(494M) 8.241ms
[78.023s][info][gc,cpu         ] GC(1279) User=0.00s Sys=0.00s Real=0.00s
[78.058s][info][gc,start       ] GC(1280) Pause Young (Allocation Failure)
[78.066s][info][gc,heap        ] GC(1280) DefNew: 141177K(157248K)->1368K(157248K) Eden: 139776K(139776K)->0K(139776K) From: 1401K(17472K)->1368K(17472K)
[78.066s][info][gc,heap        ] GC(1280) Tenured: 46542K(349568K)->46542K(349568K)
[78.067s][info][gc,metaspace   ] GC(1280) Metaspace: 73679K(74112K)->73679K(74112K) NonClass: 58536K(58816K)->58536K(58816K) Class: 15143K(15296K)->15143K(15296K)
[78.067s][info][gc             ] GC(1280) Pause Young (Allocation Failure) 183M->46M(494M) 8.199ms
[78.067s][info][gc,cpu         ] GC(1280) User=0.00s Sys=0.00s Real=0.00s
[78.102s][info][gc,start       ] GC(1281) Pause Young (Allocation Failure)
[78.110s][info][gc,heap        ] GC(1281) DefNew: 141144K(157248K)->1386K(157248K) Eden: 139776K(139776K)->0K(139776K) From: 1368K(17472K)->1386K(17472K)
[78.110s][info][gc,heap        ] GC(1281) Tenured: 46542K(349568K)->46542K(349568K)
[78.110s][info][gc,metaspace   ] GC(1281) Metaspace: 73679K(74112K)->73679K(74112K) NonClass: 58536K(58816K)->58536K(58816K) Class: 15143K(15296K)->15143K(15296K)
[78.110s][info][gc             ] GC(1281) Pause Young (Allocation Failure) 183M->46M(494M) 8.140ms
[78.110s][info][gc,cpu         ] GC(1281) User=0.00s Sys=0.00s Real=0.00s
[78.146s][info][gc,start       ] GC(1282) Pause Young (Allocation Failure)
[78.154s][info][gc,heap        ] GC(1282) DefNew: 141162K(157248K)->1344K(157248K) Eden: 139776K(139776K)->0K(139776K) From: 1386K(17472K)->1344K(17472K)
[78.154s][info][gc,heap        ] GC(1282) Tenured: 46542K(349568K)->46542K(349568K)
[78.154s][info][gc,metaspace   ] GC(1282) Metaspace: 73679K(74112K)->73679K(74112K) NonClass: 58536K(58816K)->58536K(58816K) Class: 15143K(15296K)->15143K(15296K)
[78.154s][info][gc             ] GC(1282) Pause Young (Allocation Failure) 183M->46M(494M) 8.002ms
[78.154s][info][gc,cpu         ] GC(1282) User=0.02s Sys=0.00s Real=0.01s
[78.189s][info][gc,start       ] GC(1283) Pause Young (Allocation Failure)
[78.197s][info][gc,heap        ] GC(1283) DefNew: 141120K(157248K)->1372K(157248K) Eden: 139776K(139776K)->0K(139776K) From: 1344K(17472K)->1372K(17472K)
[78.197s][info][gc,heap        ] GC(1283) Tenured: 46542K(349568K)->46543K(349568K)
[78.197s][info][gc,metaspace   ] GC(1283) Metaspace: 73679K(74112K)->73679K(74112K) NonClass: 58536K(58816K)->58536K(58816K) Class: 15143K(15296K)->15143K(15296K)
[78.197s][info][gc             ] GC(1283) Pause Young (Allocation Failure) 183M->46M(494M) 8.275ms
[78.197s][info][gc,cpu         ] GC(1283) User=0.02s Sys=0.00s Real=0.01s
[78.233s][info][gc,start       ] GC(1284) Pause Young (Allocation Failure)
[78.242s][info][gc,heap        ] GC(1284) DefNew: 141148K(157248K)->1406K(157248K) Eden: 139776K(139776K)->0K(139776K) From: 1372K(17472K)->1406K(17472K)
[78.242s][info][gc,heap        ] GC(1284) Tenured: 46543K(349568K)->46543K(349568K)
[78.242s][info][gc,metaspace   ] GC(1284) Metaspace: 73679K(74112K)->73679K(74112K) NonClass: 58536K(58816K)->58536K(58816K) Class: 15143K(15296K)->15143K(15296K)
[78.242s][info][gc             ] GC(1284) Pause Young (Allocation Failure) 183M->46M(494M) 9.269ms
[78.242s][info][gc,cpu         ] GC(1284) User=0.02s Sys=0.00s Real=0.01s
[78.278s][info][gc,start       ] GC(1285) Pause Young (Allocation Failure)
[78.287s][info][gc,heap        ] GC(1285) DefNew: 141182K(157248K)->1408K(157248K) Eden: 139776K(139776K)->0K(139776K) From: 1406K(17472K)->1408K(17472K)
[78.287s][info][gc,heap        ] GC(1285) Tenured: 46543K(349568K)->46543K(349568K)
[78.287s][info][gc,metaspace   ] GC(1285) Metaspace: 73679K(74112K)->73679K(74112K) NonClass: 58536K(58816K)->58536K(58816K) Class: 15143K(15296K)->15143K(15296K)
[78.287s][info][gc             ] GC(1285) Pause Young (Allocation Failure) 183M->46M(494M) 8.701ms
[78.287s][info][gc,cpu         ] GC(1285) User=0.00s Sys=0.00s Real=0.00s
[78.322s][info][gc,start       ] GC(1286) Pause Young (Allocation Failure)
[78.330s][info][gc,heap        ] GC(1286) DefNew: 141184K(157248K)->1437K(157248K) Eden: 139776K(139776K)->0K(139776K) From: 1408K(17472K)->1437K(17472K)
[78.330s][info][gc,heap        ] GC(1286) Tenured: 46543K(349568K)->46543K(349568K)
[78.330s][info][gc,metaspace   ] GC(1286) Metaspace: 73679K(74112K)->73679K(74112K) NonClass: 58536K(58816K)->58536K(58816K) Class: 15143K(15296K)->15143K(15296K)
[78.330s][info][gc             ] GC(1286) Pause Young (Allocation Failure) 183M->46M(494M) 8.282ms
[78.330s][info][gc,cpu         ] GC(1286) User=0.00s Sys=0.00s Real=0.00s
[78.366s][info][gc,start       ] GC(1287) Pause Young (Allocation Failure)
[78.374s][info][gc,heap        ] GC(1287) DefNew: 141213K(157248K)->1457K(157248K) Eden: 139776K(139776K)->0K(139776K) From: 1437K(17472K)->1457K(17472K)
[78.374s][info][gc,heap        ] GC(1287) Tenured: 46543K(349568K)->46543K(349568K)
[78.374s][info][gc,metaspace   ] GC(1287) Metaspace: 73679K(74112K)->73679K(74112K) NonClass: 58536K(58816K)->58536K(58816K) Class: 15143K(15296K)->15143K(15296K)
[78.374s][info][gc             ] GC(1287) Pause Young (Allocation Failure) 183M->46M(494M) 8.325ms
[78.374s][info][gc,cpu         ] GC(1287) User=0.02s Sys=0.00s Real=0.00s
[78.409s][info][gc,start       ] GC(1288) Pause Young (Allocation Failure)
[78.417s][info][gc,heap        ] GC(1288) DefNew: 141233K(157248K)->1374K(157248K) Eden: 139776K(139776K)->0K(139776K) From: 1457K(17472K)->1374K(17472K)
[78.417s][info][gc,heap        ] GC(1288) Tenured: 46543K(349568K)->46543K(349568K)
[78.417s][info][gc,metaspace   ] GC(1288) Metaspace: 73679K(74112K)->73679K(74112K) NonClass: 58536K(58816K)->58536K(58816K) Class: 15143K(15296K)->15143K(15296K)
[78.417s][info][gc             ] GC(1288) Pause Young (Allocation Failure) 183M->46M(494M) 7.989ms
[78.417s][info][gc,cpu         ] GC(1288) User=0.00s Sys=0.00s Real=0.00s
[78.452s][info][gc,start       ] GC(1289) Pause Young (Allocation Failure)
[78.460s][info][gc,heap        ] GC(1289) DefNew: 141150K(157248K)->1414K(157248K) Eden: 139776K(139776K)->0K(139776K) From: 1374K(17472K)->1414K(17472K)
[78.461s][info][gc,heap        ] GC(1289) Tenured: 46543K(349568K)->46543K(349568K)
[78.461s][info][gc,metaspace   ] GC(1289) Metaspace: 73679K(74112K)->73679K(74112K) NonClass: 58536K(58816K)->58536K(58816K) Class: 15143K(15296K)->15143K(15296K)
[78.461s][info][gc             ] GC(1289) Pause Young (Allocation Failure) 183M->46M(494M) 8.264ms
[78.461s][info][gc,cpu         ] GC(1289) User=0.00s Sys=0.00s Real=0.00s
[78.496s][info][gc,start       ] GC(1290) Pause Young (Allocation Failure)
[78.504s][info][gc,heap        ] GC(1290) DefNew: 141190K(157248K)->1444K(157248K) Eden: 139776K(139776K)->0K(139776K) From: 1414K(17472K)->1444K(17472K)
[78.504s][info][gc,heap        ] GC(1290) Tenured: 46543K(349568K)->46544K(349568K)
[78.504s][info][gc,metaspace   ] GC(1290) Metaspace: 73679K(74112K)->73679K(74112K) NonClass: 58536K(58816K)->58536K(58816K) Class: 15143K(15296K)->15143K(15296K)
[78.504s][info][gc             ] GC(1290) Pause Young (Allocation Failure) 183M->46M(494M) 8.400ms
[78.504s][info][gc,cpu         ] GC(1290) User=0.00s Sys=0.00s Real=0.00s
[78.539s][info][gc,start       ] GC(1291) Pause Young (Allocation Failure)
[78.547s][info][gc,heap        ] GC(1291) DefNew: 141220K(157248K)->1437K(157248K) Eden: 139776K(139776K)->0K(139776K) From: 1444K(17472K)->1437K(17472K)
[78.547s][info][gc,heap        ] GC(1291) Tenured: 46544K(349568K)->46544K(349568K)
[78.547s][info][gc,metaspace   ] GC(1291) Metaspace: 73679K(74112K)->73679K(74112K) NonClass: 58536K(58816K)->58536K(58816K) Class: 15143K(15296K)->15143K(15296K)
[78.547s][info][gc             ] GC(1291) Pause Young (Allocation Failure) 183M->46M(494M) 8.402ms
[78.547s][info][gc,cpu         ] GC(1291) User=0.00s Sys=0.00s Real=0.00s
[78.583s][info][gc,start       ] GC(1292) Pause Young (Allocation Failure)
[78.591s][info][gc,heap        ] GC(1292) DefNew: 141213K(157248K)->1438K(157248K) Eden: 139776K(139776K)->0K(139776K) From: 1437K(17472K)->1438K(17472K)
[78.591s][info][gc,heap        ] GC(1292) Tenured: 46544K(349568K)->46544K(349568K)
[78.591s][info][gc,metaspace   ] GC(1292) Metaspace: 73679K(74112K)->73679K(74112K) NonClass: 58536K(58816K)->58536K(58816K) Class: 15143K(15296K)->15143K(15296K)
[78.591s][info][gc             ] GC(1292) Pause Young (Allocation Failure) 183M->46M(494M) 8.403ms
[78.591s][info][gc,cpu         ] GC(1292) User=0.00s Sys=0.00s Real=0.00s
[78.626s][info][gc,start       ] GC(1293) Pause Young (Allocation Failure)
[78.636s][info][gc,heap        ] GC(1293) DefNew: 141214K(157248K)->1446K(157248K) Eden: 139776K(139776K)->0K(139776K) From: 1438K(17472K)->1446K(17472K)
[78.636s][info][gc,heap        ] GC(1293) Tenured: 46544K(349568K)->46544K(349568K)
[78.636s][info][gc,metaspace   ] GC(1293) Metaspace: 73679K(74112K)->73679K(74112K) NonClass: 58536K(58816K)->58536K(58816K) Class: 15143K(15296K)->15143K(15296K)
[78.636s][info][gc             ] GC(1293) Pause Young (Allocation Failure) 183M->46M(494M) 9.168ms
[78.636s][info][gc,cpu         ] GC(1293) User=0.00s Sys=0.00s Real=0.00s
[78.671s][info][gc,start       ] GC(1294) Pause Young (Allocation Failure)
[78.679s][info][gc,heap        ] GC(1294) DefNew: 141222K(157248K)->1370K(157248K) Eden: 139776K(139776K)->0K(139776K) From: 1446K(17472K)->1370K(17472K)
[78.679s][info][gc,heap        ] GC(1294) Tenured: 46544K(349568K)->46544K(349568K)
[78.679s][info][gc,metaspace   ] GC(1294) Metaspace: 73679K(74112K)->73679K(74112K) NonClass: 58536K(58816K)->58536K(58816K) Class: 15143K(15296K)->15143K(15296K)
[78.679s][info][gc             ] GC(1294) Pause Young (Allocation Failure) 183M->46M(494M) 8.522ms
[78.679s][info][gc,cpu         ] GC(1294) User=0.00s Sys=0.00s Real=0.00s
[78.714s][info][gc,start       ] GC(1295) Pause Young (Allocation Failure)
[78.722s][info][gc,heap        ] GC(1295) DefNew: 141146K(157248K)->1343K(157248K) Eden: 139776K(139776K)->0K(139776K) From: 1370K(17472K)->1343K(17472K)
[78.722s][info][gc,heap        ] GC(1295) Tenured: 46544K(349568K)->46546K(349568K)
[78.722s][info][gc,metaspace   ] GC(1295) Metaspace: 73679K(74112K)->73679K(74112K) NonClass: 58536K(58816K)->58536K(58816K) Class: 15143K(15296K)->15143K(15296K)
[78.723s][info][gc             ] GC(1295) Pause Young (Allocation Failure) 183M->46M(494M) 8.021ms
[78.723s][info][gc,cpu         ] GC(1295) User=0.00s Sys=0.00s Real=0.00s
[78.758s][info][gc,start       ] GC(1296) Pause Young (Allocation Failure)
[78.766s][info][gc,heap        ] GC(1296) DefNew: 141119K(157248K)->1461K(157248K) Eden: 139776K(139776K)->0K(139776K) From: 1343K(17472K)->1461K(17472K)
[78.767s][info][gc,heap        ] GC(1296) Tenured: 46546K(349568K)->46546K(349568K)
[78.767s][info][gc,metaspace   ] GC(1296) Metaspace: 73679K(74112K)->73679K(74112K) NonClass: 58536K(58816K)->58536K(58816K) Class: 15143K(15296K)->15143K(15296K)
[78.767s][info][gc             ] GC(1296) Pause Young (Allocation Failure) 183M->46M(494M) 8.573ms
[78.767s][info][gc,cpu         ] GC(1296) User=0.00s Sys=0.00s Real=0.00s
[78.802s][info][gc,start       ] GC(1297) Pause Young (Allocation Failure)
[78.810s][info][gc,heap        ] GC(1297) DefNew: 141237K(157248K)->1433K(157248K) Eden: 139776K(139776K)->0K(139776K) From: 1461K(17472K)->1433K(17472K)
[78.810s][info][gc,heap        ] GC(1297) Tenured: 46546K(349568K)->46547K(349568K)
[78.810s][info][gc,metaspace   ] GC(1297) Metaspace: 73679K(74112K)->73679K(74112K) NonClass: 58536K(58816K)->58536K(58816K) Class: 15143K(15296K)->15143K(15296K)
[78.810s][info][gc             ] GC(1297) Pause Young (Allocation Failure) 183M->46M(494M) 8.392ms
[78.810s][info][gc,cpu         ] GC(1297) User=0.00s Sys=0.00s Real=0.00s
[78.846s][info][gc,start       ] GC(1298) Pause Young (Allocation Failure)
[78.854s][info][gc,heap        ] GC(1298) DefNew: 141209K(157248K)->1417K(157248K) Eden: 139776K(139776K)->0K(139776K) From: 1433K(17472K)->1417K(17472K)
[78.854s][info][gc,heap        ] GC(1298) Tenured: 46547K(349568K)->46574K(349568K)
[78.854s][info][gc,metaspace   ] GC(1298) Metaspace: 73679K(74112K)->73679K(74112K) NonClass: 58536K(58816K)->58536K(58816K) Class: 15143K(15296K)->15143K(15296K)
[78.854s][info][gc             ] GC(1298) Pause Young (Allocation Failure) 183M->46M(494M) 8.441ms
[78.854s][info][gc,cpu         ] GC(1298) User=0.00s Sys=0.00s Real=0.00s
[78.890s][info][gc,start       ] GC(1299) Pause Young (Allocation Failure)
[78.898s][info][gc,heap        ] GC(1299) DefNew: 141193K(157248K)->1384K(157248K) Eden: 139776K(139776K)->0K(139776K) From: 1417K(17472K)->1384K(17472K)
[78.898s][info][gc,heap        ] GC(1299) Tenured: 46574K(349568K)->46574K(349568K)
[78.898s][info][gc,metaspace   ] GC(1299) Metaspace: 73679K(74112K)->73679K(74112K) NonClass: 58536K(58816K)->58536K(58816K) Class: 15143K(15296K)->15143K(15296K)
[78.898s][info][gc             ] GC(1299) Pause Young (Allocation Failure) 183M->46M(494M) 8.056ms
[78.898s][info][gc,cpu         ] GC(1299) User=0.00s Sys=0.00s Real=0.00s
[78.933s][info][gc,start       ] GC(1300) Pause Young (Allocation Failure)
[78.941s][info][gc,heap        ] GC(1300) DefNew: 141160K(157248K)->1346K(157248K) Eden: 139776K(139776K)->0K(139776K) From: 1384K(17472K)->1346K(17472K)
[78.941s][info][gc,heap        ] GC(1300) Tenured: 46574K(349568K)->46575K(349568K)
[78.941s][info][gc,metaspace   ] GC(1300) Metaspace: 73679K(74112K)->73679K(74112K) NonClass: 58536K(58816K)->58536K(58816K) Class: 15143K(15296K)->15143K(15296K)
[78.941s][info][gc             ] GC(1300) Pause Young (Allocation Failure) 183M->46M(494M) 8.114ms
[78.942s][info][gc,cpu         ] GC(1300) User=0.00s Sys=0.00s Real=0.01s
[78.977s][info][gc,start       ] GC(1301) Pause Young (Allocation Failure)
[78.986s][info][gc,heap        ] GC(1301) DefNew: 141122K(157248K)->1389K(157248K) Eden: 139776K(139776K)->0K(139776K) From: 1346K(17472K)->1389K(17472K)
[78.986s][info][gc,heap        ] GC(1301) Tenured: 46575K(349568K)->46575K(349568K)
[78.986s][info][gc,metaspace   ] GC(1301) Metaspace: 73679K(74112K)->73679K(74112K) NonClass: 58536K(58816K)->58536K(58816K) Class: 15143K(15296K)->15143K(15296K)
[78.986s][info][gc             ] GC(1301) Pause Young (Allocation Failure) 183M->46M(494M) 9.033ms
[78.986s][info][gc,cpu         ] GC(1301) User=0.00s Sys=0.00s Real=0.00s
[79.021s][info][gc,start       ] GC(1302) Pause Young (Allocation Failure)
[79.030s][info][gc,heap        ] GC(1302) DefNew: 141165K(157248K)->1313K(157248K) Eden: 139776K(139776K)->0K(139776K) From: 1389K(17472K)->1313K(17472K)
[79.030s][info][gc,heap        ] GC(1302) Tenured: 46575K(349568K)->46575K(349568K)
[79.030s][info][gc,metaspace   ] GC(1302) Metaspace: 73679K(74112K)->73679K(74112K) NonClass: 58536K(58816K)->58536K(58816K) Class: 15143K(15296K)->15143K(15296K)
[79.030s][info][gc             ] GC(1302) Pause Young (Allocation Failure) 183M->46M(494M) 8.308ms
[79.030s][info][gc,cpu         ] GC(1302) User=0.00s Sys=0.00s Real=0.00s
[79.065s][info][gc,start       ] GC(1303) Pause Young (Allocation Failure)
[79.073s][info][gc,heap        ] GC(1303) DefNew: 141089K(157248K)->1441K(157248K) Eden: 139776K(139776K)->0K(139776K) From: 1313K(17472K)->1441K(17472K)
[79.074s][info][gc,heap        ] GC(1303) Tenured: 46575K(349568K)->46575K(349568K)
[79.074s][info][gc,metaspace   ] GC(1303) Metaspace: 73679K(74112K)->73679K(74112K) NonClass: 58536K(58816K)->58536K(58816K) Class: 15143K(15296K)->15143K(15296K)
[79.074s][info][gc             ] GC(1303) Pause Young (Allocation Failure) 183M->46M(494M) 8.571ms
[79.074s][info][gc,cpu         ] GC(1303) User=0.02s Sys=0.00s Real=0.01s
[79.109s][info][gc,start       ] GC(1304) Pause Young (Allocation Failure)
[79.117s][info][gc,heap        ] GC(1304) DefNew: 141217K(157248K)->1412K(157248K) Eden: 139776K(139776K)->0K(139776K) From: 1441K(17472K)->1412K(17472K)
[79.117s][info][gc,heap        ] GC(1304) Tenured: 46575K(349568K)->46575K(349568K)
[79.117s][info][gc,metaspace   ] GC(1304) Metaspace: 73679K(74112K)->73679K(74112K) NonClass: 58536K(58816K)->58536K(58816K) Class: 15143K(15296K)->15143K(15296K)
[79.117s][info][gc             ] GC(1304) Pause Young (Allocation Failure) 183M->46M(494M) 8.319ms
[79.117s][info][gc,cpu         ] GC(1304) User=0.00s Sys=0.00s Real=0.00s
[79.152s][info][gc,start       ] GC(1305) Pause Young (Allocation Failure)
[79.160s][info][gc,heap        ] GC(1305) DefNew: 141188K(157248K)->1403K(157248K) Eden: 139776K(139776K)->0K(139776K) From: 1412K(17472K)->1403K(17472K)
[79.160s][info][gc,heap        ] GC(1305) Tenured: 46575K(349568K)->46575K(349568K)
[79.160s][info][gc,metaspace   ] GC(1305) Metaspace: 73679K(74112K)->73679K(74112K) NonClass: 58536K(58816K)->58536K(58816K) Class: 15143K(15296K)->15143K(15296K)
[79.160s][info][gc             ] GC(1305) Pause Young (Allocation Failure) 183M->46M(494M) 8.187ms
[79.160s][info][gc,cpu         ] GC(1305) User=0.00s Sys=0.00s Real=0.00s
[79.195s][info][gc,start       ] GC(1306) Pause Young (Allocation Failure)
[79.204s][info][gc,heap        ] GC(1306) DefNew: 141179K(157248K)->1445K(157248K) Eden: 139776K(139776K)->0K(139776K) From: 1403K(17472K)->1445K(17472K)
[79.204s][info][gc,heap        ] GC(1306) Tenured: 46575K(349568K)->46575K(349568K)
[79.204s][info][gc,metaspace   ] GC(1306) Metaspace: 73679K(74112K)->73679K(74112K) NonClass: 58536K(58816K)->58536K(58816K) Class: 15143K(15296K)->15143K(15296K)
[79.204s][info][gc             ] GC(1306) Pause Young (Allocation Failure) 183M->46M(494M) 8.541ms
[79.204s][info][gc,cpu         ] GC(1306) User=0.00s Sys=0.00s Real=0.00s
[79.239s][info][gc,start       ] GC(1307) Pause Young (Allocation Failure)
[79.248s][info][gc,heap        ] GC(1307) DefNew: 141221K(157248K)->1382K(157248K) Eden: 139775K(139776K)->0K(139776K) From: 1445K(17472K)->1382K(17472K)
[79.248s][info][gc,heap        ] GC(1307) Tenured: 46575K(349568K)->46575K(349568K)
[79.248s][info][gc,metaspace   ] GC(1307) Metaspace: 73679K(74112K)->73679K(74112K) NonClass: 58536K(58816K)->58536K(58816K) Class: 15143K(15296K)->15143K(15296K)
[79.248s][info][gc             ] GC(1307) Pause Young (Allocation Failure) 183M->46M(494M) 8.142ms
[79.248s][info][gc,cpu         ] GC(1307) User=0.00s Sys=0.00s Real=0.00s
[79.282s][info][gc,start       ] GC(1308) Pause Young (Allocation Failure)
[79.310s][info][gc,heap        ] GC(1308) DefNew: 141158K(157248K)->1439K(157248K) Eden: 139776K(139776K)->0K(139776K) From: 1382K(17472K)->1439K(17472K)
[79.310s][info][gc,heap        ] GC(1308) Tenured: 46575K(349568K)->46575K(349568K)
[79.310s][info][gc,metaspace   ] GC(1308) Metaspace: 73679K(74112K)->73679K(74112K) NonClass: 58536K(58816K)->58536K(58816K) Class: 15143K(15296K)->15143K(15296K)
[79.310s][info][gc             ] GC(1308) Pause Young (Allocation Failure) 183M->46M(494M) 27.378ms
[79.310s][info][gc,cpu         ] GC(1308) User=0.00s Sys=0.00s Real=0.02s
[79.352s][info][gc,start       ] GC(1309) Pause Young (Allocation Failure)
[79.361s][info][gc,heap        ] GC(1309) DefNew: 141215K(157248K)->1383K(157248K) Eden: 139776K(139776K)->0K(139776K) From: 1439K(17472K)->1383K(17472K)
[79.361s][info][gc,heap        ] GC(1309) Tenured: 46575K(349568K)->46575K(349568K)
[79.361s][info][gc,metaspace   ] GC(1309) Metaspace: 73679K(74112K)->73679K(74112K) NonClass: 58536K(58816K)->58536K(58816K) Class: 15143K(15296K)->15143K(15296K)
[79.361s][info][gc             ] GC(1309) Pause Young (Allocation Failure) 183M->46M(494M) 8.908ms
[79.361s][info][gc,cpu         ] GC(1309) User=0.00s Sys=0.00s Real=0.01s
[79.396s][info][gc,start       ] GC(1310) Pause Young (Allocation Failure)
[79.405s][info][gc,heap        ] GC(1310) DefNew: 141159K(157248K)->1391K(157248K) Eden: 139776K(139776K)->0K(139776K) From: 1383K(17472K)->1391K(17472K)
[79.405s][info][gc,heap        ] GC(1310) Tenured: 46575K(349568K)->46576K(349568K)
[79.405s][info][gc,metaspace   ] GC(1310) Metaspace: 73679K(74112K)->73679K(74112K) NonClass: 58536K(58816K)->58536K(58816K) Class: 15143K(15296K)->15143K(15296K)
[79.405s][info][gc             ] GC(1310) Pause Young (Allocation Failure) 183M->46M(494M) 8.668ms
[79.405s][info][gc,cpu         ] GC(1310) User=0.00s Sys=0.00s Real=0.00s
[79.442s][info][gc,start       ] GC(1311) Pause Young (Allocation Failure)
[79.451s][info][gc,heap        ] GC(1311) DefNew: 141167K(157248K)->1423K(157248K) Eden: 139776K(139776K)->0K(139776K) From: 1391K(17472K)->1423K(17472K)
[79.451s][info][gc,heap        ] GC(1311) Tenured: 46576K(349568K)->46576K(349568K)
[79.451s][info][gc,metaspace   ] GC(1311) Metaspace: 73697K(74112K)->73697K(74112K) NonClass: 58553K(58816K)->58553K(58816K) Class: 15143K(15296K)->15143K(15296K)
[79.451s][info][gc             ] GC(1311) Pause Young (Allocation Failure) 183M->46M(494M) 8.776ms
[79.451s][info][gc,cpu         ] GC(1311) User=0.02s Sys=0.00s Real=0.01s
[79.488s][info][gc,start       ] GC(1312) Pause Young (Allocation Failure)
[79.496s][info][gc,heap        ] GC(1312) DefNew: 141199K(157248K)->1422K(157248K) Eden: 139776K(139776K)->0K(139776K) From: 1423K(17472K)->1422K(17472K)
[79.496s][info][gc,heap        ] GC(1312) Tenured: 46576K(349568K)->46577K(349568K)
[79.496s][info][gc,metaspace   ] GC(1312) Metaspace: 73697K(74112K)->73697K(74112K) NonClass: 58553K(58816K)->58553K(58816K) Class: 15143K(15296K)->15143K(15296K)
[79.496s][info][gc             ] GC(1312) Pause Young (Allocation Failure) 183M->46M(494M) 8.421ms
[79.496s][info][gc,cpu         ] GC(1312) User=0.00s Sys=0.00s Real=0.00s
[79.532s][info][gc,start       ] GC(1313) Pause Young (Allocation Failure)
[79.543s][info][gc,heap        ] GC(1313) DefNew: 141198K(157248K)->1448K(157248K) Eden: 139776K(139776K)->0K(139776K) From: 1422K(17472K)->1448K(17472K)
[79.543s][info][gc,heap        ] GC(1313) Tenured: 46577K(349568K)->46577K(349568K)
[79.543s][info][gc,metaspace   ] GC(1313) Metaspace: 73697K(74112K)->73697K(74112K) NonClass: 58553K(58816K)->58553K(58816K) Class: 15143K(15296K)->15143K(15296K)
[79.543s][info][gc             ] GC(1313) Pause Young (Allocation Failure) 183M->46M(494M) 11.617ms
[79.543s][info][gc,cpu         ] GC(1313) User=0.00s Sys=0.00s Real=0.00s
[79.579s][info][gc,start       ] GC(1314) Pause Young (Allocation Failure)
[79.588s][info][gc,heap        ] GC(1314) DefNew: 141224K(157248K)->1506K(157248K) Eden: 139776K(139776K)->0K(139776K) From: 1448K(17472K)->1506K(17472K)
[79.588s][info][gc,heap        ] GC(1314) Tenured: 46577K(349568K)->46577K(349568K)
[79.588s][info][gc,metaspace   ] GC(1314) Metaspace: 73697K(74112K)->73697K(74112K) NonClass: 58553K(58816K)->58553K(58816K) Class: 15143K(15296K)->15143K(15296K)
[79.588s][info][gc             ] GC(1314) Pause Young (Allocation Failure) 183M->46M(494M) 8.805ms
[79.588s][info][gc,cpu         ] GC(1314) User=0.00s Sys=0.00s Real=0.00s
[79.623s][info][gc,start       ] GC(1315) Pause Young (Allocation Failure)
[79.631s][info][gc,heap        ] GC(1315) DefNew: 141282K(157248K)->1410K(157248K) Eden: 139776K(139776K)->0K(139776K) From: 1506K(17472K)->1410K(17472K)
[79.631s][info][gc,heap        ] GC(1315) Tenured: 46577K(349568K)->46577K(349568K)
[79.631s][info][gc,metaspace   ] GC(1315) Metaspace: 73697K(74112K)->73697K(74112K) NonClass: 58553K(58816K)->58553K(58816K) Class: 15143K(15296K)->15143K(15296K)
[79.632s][info][gc             ] GC(1315) Pause Young (Allocation Failure) 183M->46M(494M) 8.270ms
[79.632s][info][gc,cpu         ] GC(1315) User=0.00s Sys=0.00s Real=0.00s
[79.667s][info][gc,start       ] GC(1316) Pause Young (Allocation Failure)
[79.676s][info][gc,heap        ] GC(1316) DefNew: 141186K(157248K)->1405K(157248K) Eden: 139776K(139776K)->0K(139776K) From: 1410K(17472K)->1405K(17472K)
[79.676s][info][gc,heap        ] GC(1316) Tenured: 46577K(349568K)->46578K(349568K)
[79.676s][info][gc,metaspace   ] GC(1316) Metaspace: 73697K(74112K)->73697K(74112K) NonClass: 58553K(58816K)->58553K(58816K) Class: 15143K(15296K)->15143K(15296K)
[79.676s][info][gc             ] GC(1316) Pause Young (Allocation Failure) 183M->46M(494M) 9.079ms
[79.676s][info][gc,cpu         ] GC(1316) User=0.00s Sys=0.00s Real=0.00s
[79.711s][info][gc,start       ] GC(1317) Pause Young (Allocation Failure)
[79.720s][info][gc,heap        ] GC(1317) DefNew: 141181K(157248K)->1480K(157248K) Eden: 139776K(139776K)->0K(139776K) From: 1405K(17472K)->1480K(17472K)
[79.720s][info][gc,heap        ] GC(1317) Tenured: 46578K(349568K)->46578K(349568K)
[79.720s][info][gc,metaspace   ] GC(1317) Metaspace: 73697K(74112K)->73697K(74112K) NonClass: 58553K(58816K)->58553K(58816K) Class: 15143K(15296K)->15143K(15296K)
[79.720s][info][gc             ] GC(1317) Pause Young (Allocation Failure) 183M->46M(494M) 9.125ms
[79.720s][info][gc,cpu         ] GC(1317) User=0.00s Sys=0.00s Real=0.00s
[79.756s][info][gc,start       ] GC(1318) Pause Young (Allocation Failure)
[79.764s][info][gc,heap        ] GC(1318) DefNew: 141256K(157248K)->1450K(157248K) Eden: 139776K(139776K)->0K(139776K) From: 1480K(17472K)->1450K(17472K)
[79.764s][info][gc,heap        ] GC(1318) Tenured: 46578K(349568K)->46578K(349568K)
[79.764s][info][gc,metaspace   ] GC(1318) Metaspace: 73697K(74112K)->73697K(74112K) NonClass: 58553K(58816K)->58553K(58816K) Class: 15143K(15296K)->15143K(15296K)
[79.764s][info][gc             ] GC(1318) Pause Young (Allocation Failure) 183M->46M(494M) 8.435ms
[79.764s][info][gc,cpu         ] GC(1318) User=0.02s Sys=0.00s Real=0.01s
[79.800s][info][gc,start       ] GC(1319) Pause Young (Allocation Failure)
[79.808s][info][gc,heap        ] GC(1319) DefNew: 141226K(157248K)->1475K(157248K) Eden: 139776K(139776K)->0K(139776K) From: 1450K(17472K)->1475K(17472K)
[79.808s][info][gc,heap        ] GC(1319) Tenured: 46578K(349568K)->46578K(349568K)
[79.808s][info][gc,metaspace   ] GC(1319) Metaspace: 73697K(74112K)->73697K(74112K) NonClass: 58553K(58816K)->58553K(58816K) Class: 15143K(15296K)->15143K(15296K)
[79.808s][info][gc             ] GC(1319) Pause Young (Allocation Failure) 183M->46M(494M) 8.539ms
[79.808s][info][gc,cpu         ] GC(1319) User=0.00s Sys=0.00s Real=0.00s
[79.844s][info][gc,start       ] GC(1320) Pause Young (Allocation Failure)
[79.852s][info][gc,heap        ] GC(1320) DefNew: 141251K(157248K)->1485K(157248K) Eden: 139776K(139776K)->0K(139776K) From: 1475K(17472K)->1485K(17472K)
[79.853s][info][gc,heap        ] GC(1320) Tenured: 46578K(349568K)->46578K(349568K)
[79.853s][info][gc,metaspace   ] GC(1320) Metaspace: 73697K(74112K)->73697K(74112K) NonClass: 58553K(58816K)->58553K(58816K) Class: 15143K(15296K)->15143K(15296K)
[79.853s][info][gc             ] GC(1320) Pause Young (Allocation Failure) 183M->46M(494M) 8.586ms
[79.853s][info][gc,cpu         ] GC(1320) User=0.00s Sys=0.00s Real=0.00s
[79.888s][info][gc,start       ] GC(1321) Pause Young (Allocation Failure)
[79.897s][info][gc,heap        ] GC(1321) DefNew: 141261K(157248K)->1356K(157248K) Eden: 139776K(139776K)->0K(139776K) From: 1485K(17472K)->1356K(17472K)
[79.897s][info][gc,heap        ] GC(1321) Tenured: 46578K(349568K)->46609K(349568K)
[79.897s][info][gc,metaspace   ] GC(1321) Metaspace: 73697K(74112K)->73697K(74112K) NonClass: 58553K(58816K)->58553K(58816K) Class: 15143K(15296K)->15143K(15296K)
[79.897s][info][gc             ] GC(1321) Pause Young (Allocation Failure) 183M->46M(494M) 9.156ms
[79.897s][info][gc,cpu         ] GC(1321) User=0.00s Sys=0.00s Real=0.00s
[79.933s][info][gc,start       ] GC(1322) Pause Young (Allocation Failure)
[79.942s][info][gc,heap        ] GC(1322) DefNew: 141132K(157248K)->1478K(157248K) Eden: 139776K(139776K)->0K(139776K) From: 1356K(17472K)->1478K(17472K)
[79.942s][info][gc,heap        ] GC(1322) Tenured: 46609K(349568K)->46609K(349568K)
[79.942s][info][gc,metaspace   ] GC(1322) Metaspace: 73697K(74112K)->73697K(74112K) NonClass: 58553K(58816K)->58553K(58816K) Class: 15143K(15296K)->15143K(15296K)
[79.942s][info][gc             ] GC(1322) Pause Young (Allocation Failure) 183M->46M(494M) 9.101ms
[79.942s][info][gc,cpu         ] GC(1322) User=0.00s Sys=0.00s Real=0.00s
[79.977s][info][gc,start       ] GC(1323) Pause Young (Allocation Failure)
[79.985s][info][gc,heap        ] GC(1323) DefNew: 141254K(157248K)->1429K(157248K) Eden: 139776K(139776K)->0K(139776K) From: 1478K(17472K)->1429K(17472K)
[79.985s][info][gc,heap        ] GC(1323) Tenured: 46609K(349568K)->46609K(349568K)
[79.985s][info][gc,metaspace   ] GC(1323) Metaspace: 73697K(74112K)->73697K(74112K) NonClass: 58553K(58816K)->58553K(58816K) Class: 15143K(15296K)->15143K(15296K)
[79.985s][info][gc             ] GC(1323) Pause Young (Allocation Failure) 183M->46M(494M) 8.230ms
[79.985s][info][gc,cpu         ] GC(1323) User=0.00s Sys=0.00s Real=0.00s
[80.021s][info][gc,start       ] GC(1324) Pause Young (Allocation Failure)
[80.030s][info][gc,heap        ] GC(1324) DefNew: 141205K(157248K)->1409K(157248K) Eden: 139776K(139776K)->0K(139776K) From: 1429K(17472K)->1409K(17472K)
[80.030s][info][gc,heap        ] GC(1324) Tenured: 46609K(349568K)->46609K(349568K)
[80.030s][info][gc,metaspace   ] GC(1324) Metaspace: 73697K(74112K)->73697K(74112K) NonClass: 58553K(58816K)->58553K(58816K) Class: 15143K(15296K)->15143K(15296K)
[80.030s][info][gc             ] GC(1324) Pause Young (Allocation Failure) 183M->46M(494M) 9.091ms
[80.030s][info][gc,cpu         ] GC(1324) User=0.00s Sys=0.00s Real=0.00s
[80.065s][info][gc,start       ] GC(1325) Pause Young (Allocation Failure)
[80.074s][info][gc,heap        ] GC(1325) DefNew: 141185K(157248K)->1469K(157248K) Eden: 139776K(139776K)->0K(139776K) From: 1409K(17472K)->1469K(17472K)
[80.074s][info][gc,heap        ] GC(1325) Tenured: 46609K(349568K)->46610K(349568K)
[80.074s][info][gc,metaspace   ] GC(1325) Metaspace: 73697K(74112K)->73697K(74112K) NonClass: 58553K(58816K)->58553K(58816K) Class: 15143K(15296K)->15143K(15296K)
[80.074s][info][gc             ] GC(1325) Pause Young (Allocation Failure) 183M->46M(494M) 8.976ms
[80.074s][info][gc,cpu         ] GC(1325) User=0.00s Sys=0.00s Real=0.00s
[80.110s][info][gc,start       ] GC(1326) Pause Young (Allocation Failure)
[80.119s][info][gc,heap        ] GC(1326) DefNew: 141245K(157248K)->1322K(157248K) Eden: 139776K(139776K)->0K(139776K) From: 1469K(17472K)->1322K(17472K)
[80.119s][info][gc,heap        ] GC(1326) Tenured: 46610K(349568K)->46633K(349568K)
[80.119s][info][gc,metaspace   ] GC(1326) Metaspace: 73697K(74112K)->73697K(74112K) NonClass: 58553K(58816K)->58553K(58816K) Class: 15143K(15296K)->15143K(15296K)
[80.119s][info][gc             ] GC(1326) Pause Young (Allocation Failure) 183M->46M(494M) 8.926ms
[80.119s][info][gc,cpu         ] GC(1326) User=0.00s Sys=0.00s Real=0.00s
[80.154s][info][gc,start       ] GC(1327) Pause Young (Allocation Failure)
[80.163s][info][gc,heap        ] GC(1327) DefNew: 141098K(157248K)->1440K(157248K) Eden: 139776K(139776K)->0K(139776K) From: 1322K(17472K)->1440K(17472K)
[80.163s][info][gc,heap        ] GC(1327) Tenured: 46633K(349568K)->46634K(349568K)
[80.163s][info][gc,metaspace   ] GC(1327) Metaspace: 73697K(74112K)->73697K(74112K) NonClass: 58553K(58816K)->58553K(58816K) Class: 15143K(15296K)->15143K(15296K)
[80.163s][info][gc             ] GC(1327) Pause Young (Allocation Failure) 183M->46M(494M) 8.933ms
[80.163s][info][gc,cpu         ] GC(1327) User=0.00s Sys=0.00s Real=0.00s
[80.198s][info][gc,start       ] GC(1328) Pause Young (Allocation Failure)
[80.208s][info][gc,heap        ] GC(1328) DefNew: 141216K(157248K)->1434K(157248K) Eden: 139776K(139776K)->0K(139776K) From: 1440K(17472K)->1434K(17472K)
[80.208s][info][gc,heap        ] GC(1328) Tenured: 46634K(349568K)->46635K(349568K)
[80.208s][info][gc,metaspace   ] GC(1328) Metaspace: 73697K(74112K)->73697K(74112K) NonClass: 58553K(58816K)->58553K(58816K) Class: 15143K(15296K)->15143K(15296K)
[80.208s][info][gc             ] GC(1328) Pause Young (Allocation Failure) 183M->46M(494M) 9.397ms
[80.208s][info][gc,cpu         ] GC(1328) User=0.00s Sys=0.00s Real=0.00s
[80.243s][info][gc,start       ] GC(1329) Pause Young (Allocation Failure)
[80.252s][info][gc,heap        ] GC(1329) DefNew: 141210K(157248K)->1376K(157248K) Eden: 139776K(139776K)->0K(139776K) From: 1434K(17472K)->1376K(17472K)
[80.252s][info][gc,heap        ] GC(1329) Tenured: 46635K(349568K)->46652K(349568K)
[80.252s][info][gc,metaspace   ] GC(1329) Metaspace: 73697K(74112K)->73697K(74112K) NonClass: 58553K(58816K)->58553K(58816K) Class: 15143K(15296K)->15143K(15296K)
[80.252s][info][gc             ] GC(1329) Pause Young (Allocation Failure) 183M->46M(494M) 8.919ms
[80.252s][info][gc,cpu         ] GC(1329) User=0.00s Sys=0.00s Real=0.00s
[80.288s][info][gc,start       ] GC(1330) Pause Young (Allocation Failure)
[80.296s][info][gc,heap        ] GC(1330) DefNew: 141152K(157248K)->1383K(157248K) Eden: 139776K(139776K)->0K(139776K) From: 1376K(17472K)->1383K(17472K)
[80.296s][info][gc,heap        ] GC(1330) Tenured: 46652K(349568K)->46652K(349568K)
[80.296s][info][gc,metaspace   ] GC(1330) Metaspace: 73697K(74112K)->73697K(74112K) NonClass: 58553K(58816K)->58553K(58816K) Class: 15143K(15296K)->15143K(15296K)
[80.296s][info][gc             ] GC(1330) Pause Young (Allocation Failure) 183M->46M(494M) 8.603ms
[80.296s][info][gc,cpu         ] GC(1330) User=0.00s Sys=0.00s Real=0.00s
[80.332s][info][gc,start       ] GC(1331) Pause Young (Allocation Failure)
[80.341s][info][gc,heap        ] GC(1331) DefNew: 141159K(157248K)->1449K(157248K) Eden: 139776K(139776K)->0K(139776K) From: 1383K(17472K)->1449K(17472K)
[80.341s][info][gc,heap        ] GC(1331) Tenured: 46652K(349568K)->46652K(349568K)
[80.341s][info][gc,metaspace   ] GC(1331) Metaspace: 73697K(74112K)->73697K(74112K) NonClass: 58553K(58816K)->58553K(58816K) Class: 15143K(15296K)->15143K(15296K)
[80.341s][info][gc             ] GC(1331) Pause Young (Allocation Failure) 183M->46M(494M) 9.222ms
[80.341s][info][gc,cpu         ] GC(1331) User=0.00s Sys=0.00s Real=0.00s
[80.377s][info][gc,start       ] GC(1332) Pause Young (Allocation Failure)
[80.386s][info][gc,heap        ] GC(1332) DefNew: 141225K(157248K)->1425K(157248K) Eden: 139775K(139776K)->0K(139776K) From: 1449K(17472K)->1425K(17472K)
[80.386s][info][gc,heap        ] GC(1332) Tenured: 46652K(349568K)->46652K(349568K)
[80.386s][info][gc,metaspace   ] GC(1332) Metaspace: 73697K(74112K)->73697K(74112K) NonClass: 58553K(58816K)->58553K(58816K) Class: 15143K(15296K)->15143K(15296K)
[80.386s][info][gc             ] GC(1332) Pause Young (Allocation Failure) 183M->46M(494M) 9.032ms
[80.386s][info][gc,cpu         ] GC(1332) User=0.00s Sys=0.00s Real=0.00s
[80.421s][info][gc,start       ] GC(1333) Pause Young (Allocation Failure)
[80.430s][info][gc,heap        ] GC(1333) DefNew: 141201K(157248K)->1385K(157248K) Eden: 139775K(139776K)->0K(139776K) From: 1425K(17472K)->1385K(17472K)
[80.430s][info][gc,heap        ] GC(1333) Tenured: 46652K(349568K)->46653K(349568K)
[80.430s][info][gc,metaspace   ] GC(1333) Metaspace: 73697K(74112K)->73697K(74112K) NonClass: 58553K(58816K)->58553K(58816K) Class: 15143K(15296K)->15143K(15296K)
[80.430s][info][gc             ] GC(1333) Pause Young (Allocation Failure) 183M->46M(494M) 8.624ms
[80.430s][info][gc,cpu         ] GC(1333) User=0.00s Sys=0.00s Real=0.00s
[80.465s][info][gc,start       ] GC(1334) Pause Young (Allocation Failure)
[80.474s][info][gc,heap        ] GC(1334) DefNew: 141161K(157248K)->1417K(157248K) Eden: 139776K(139776K)->0K(139776K) From: 1385K(17472K)->1417K(17472K)
[80.474s][info][gc,heap        ] GC(1334) Tenured: 46653K(349568K)->46653K(349568K)
[80.474s][info][gc,metaspace   ] GC(1334) Metaspace: 73697K(74112K)->73697K(74112K) NonClass: 58553K(58816K)->58553K(58816K) Class: 15143K(15296K)->15143K(15296K)
[80.474s][info][gc             ] GC(1334) Pause Young (Allocation Failure) 183M->46M(494M) 8.456ms
[80.474s][info][gc,cpu         ] GC(1334) User=0.00s Sys=0.00s Real=0.00s
[80.509s][info][gc,start       ] GC(1335) Pause Young (Allocation Failure)
[80.517s][info][gc,heap        ] GC(1335) DefNew: 141193K(157248K)->1458K(157248K) Eden: 139776K(139776K)->0K(139776K) From: 1417K(17472K)->1458K(17472K)
[80.517s][info][gc,heap        ] GC(1335) Tenured: 46653K(349568K)->46653K(349568K)
[80.517s][info][gc,metaspace   ] GC(1335) Metaspace: 73697K(74112K)->73697K(74112K) NonClass: 58553K(58816K)->58553K(58816K) Class: 15143K(15296K)->15143K(15296K)
[80.517s][info][gc             ] GC(1335) Pause Young (Allocation Failure) 183M->46M(494M) 8.516ms
[80.517s][info][gc,cpu         ] GC(1335) User=0.00s Sys=0.00s Real=0.00s
[80.553s][info][gc,start       ] GC(1336) Pause Young (Allocation Failure)
[80.561s][info][gc,heap        ] GC(1336) DefNew: 141234K(157248K)->1406K(157248K) Eden: 139776K(139776K)->0K(139776K) From: 1458K(17472K)->1406K(17472K)
[80.561s][info][gc,heap        ] GC(1336) Tenured: 46653K(349568K)->46653K(349568K)
[80.561s][info][gc,metaspace   ] GC(1336) Metaspace: 73697K(74112K)->73697K(74112K) NonClass: 58553K(58816K)->58553K(58816K) Class: 15143K(15296K)->15143K(15296K)
[80.561s][info][gc             ] GC(1336) Pause Young (Allocation Failure) 183M->46M(494M) 8.227ms
[80.561s][info][gc,cpu         ] GC(1336) User=0.02s Sys=0.00s Real=0.00s
[80.596s][info][gc,start       ] GC(1337) Pause Young (Allocation Failure)
[80.605s][info][gc,heap        ] GC(1337) DefNew: 141182K(157248K)->1433K(157248K) Eden: 139776K(139776K)->0K(139776K) From: 1406K(17472K)->1433K(17472K)
[80.605s][info][gc,heap        ] GC(1337) Tenured: 46653K(349568K)->46653K(349568K)
[80.605s][info][gc,metaspace   ] GC(1337) Metaspace: 73697K(74112K)->73697K(74112K) NonClass: 58553K(58816K)->58553K(58816K) Class: 15143K(15296K)->15143K(15296K)
[80.605s][info][gc             ] GC(1337) Pause Young (Allocation Failure) 183M->46M(494M) 8.455ms
[80.605s][info][gc,cpu         ] GC(1337) User=0.00s Sys=0.00s Real=0.00s
[80.640s][info][gc,start       ] GC(1338) Pause Young (Allocation Failure)
[80.648s][info][gc,heap        ] GC(1338) DefNew: 141209K(157248K)->1345K(157248K) Eden: 139776K(139776K)->0K(139776K) From: 1433K(17472K)->1345K(17472K)
[80.649s][info][gc,heap        ] GC(1338) Tenured: 46653K(349568K)->46653K(349568K)
[80.649s][info][gc,metaspace   ] GC(1338) Metaspace: 73697K(74112K)->73697K(74112K) NonClass: 58553K(58816K)->58553K(58816K) Class: 15143K(15296K)->15143K(15296K)
[80.649s][info][gc             ] GC(1338) Pause Young (Allocation Failure) 183M->46M(494M) 8.678ms
[80.649s][info][gc,cpu         ] GC(1338) User=0.00s Sys=0.00s Real=0.00s
[80.684s][info][gc,start       ] GC(1339) Pause Young (Allocation Failure)
[80.693s][info][gc,heap        ] GC(1339) DefNew: 141121K(157248K)->1423K(157248K) Eden: 139775K(139776K)->0K(139776K) From: 1345K(17472K)->1423K(17472K)
[80.693s][info][gc,heap        ] GC(1339) Tenured: 46653K(349568K)->46653K(349568K)
[80.693s][info][gc,metaspace   ] GC(1339) Metaspace: 73697K(74112K)->73697K(74112K) NonClass: 58553K(58816K)->58553K(58816K) Class: 15143K(15296K)->15143K(15296K)
[80.693s][info][gc             ] GC(1339) Pause Young (Allocation Failure) 183M->46M(494M) 8.877ms
[80.693s][info][gc,cpu         ] GC(1339) User=0.00s Sys=0.00s Real=0.00s
[80.729s][info][gc,start       ] GC(1340) Pause Young (Allocation Failure)
[80.737s][info][gc,heap        ] GC(1340) DefNew: 141199K(157248K)->1463K(157248K) Eden: 139776K(139776K)->0K(139776K) From: 1423K(17472K)->1463K(17472K)
[80.737s][info][gc,heap        ] GC(1340) Tenured: 46653K(349568K)->46654K(349568K)
[80.737s][info][gc,metaspace   ] GC(1340) Metaspace: 73697K(74112K)->73697K(74112K) NonClass: 58553K(58816K)->58553K(58816K) Class: 15143K(15296K)->15143K(15296K)
[80.737s][info][gc             ] GC(1340) Pause Young (Allocation Failure) 183M->46M(494M) 8.344ms
[80.737s][info][gc,cpu         ] GC(1340) User=0.00s Sys=0.00s Real=0.00s
[80.773s][info][gc,start       ] GC(1341) Pause Young (Allocation Failure)
[80.781s][info][gc,heap        ] GC(1341) DefNew: 141239K(157248K)->1448K(157248K) Eden: 139776K(139776K)->0K(139776K) From: 1463K(17472K)->1448K(17472K)
[80.781s][info][gc,heap        ] GC(1341) Tenured: 46654K(349568K)->46654K(349568K)
[80.781s][info][gc,metaspace   ] GC(1341) Metaspace: 73697K(74112K)->73697K(74112K) NonClass: 58553K(58816K)->58553K(58816K) Class: 15143K(15296K)->15143K(15296K)
[80.781s][info][gc             ] GC(1341) Pause Young (Allocation Failure) 183M->46M(494M) 8.309ms
[80.781s][info][gc,cpu         ] GC(1341) User=0.00s Sys=0.00s Real=0.00s
[80.817s][info][gc,start       ] GC(1342) Pause Young (Allocation Failure)
[80.825s][info][gc,heap        ] GC(1342) DefNew: 141224K(157248K)->1462K(157248K) Eden: 139776K(139776K)->0K(139776K) From: 1448K(17472K)->1462K(17472K)
[80.825s][info][gc,heap        ] GC(1342) Tenured: 46654K(349568K)->46654K(349568K)
[80.825s][info][gc,metaspace   ] GC(1342) Metaspace: 73697K(74112K)->73697K(74112K) NonClass: 58553K(58816K)->58553K(58816K) Class: 15143K(15296K)->15143K(15296K)
[80.825s][info][gc             ] GC(1342) Pause Young (Allocation Failure) 183M->46M(494M) 8.377ms
[80.825s][info][gc,cpu         ] GC(1342) User=0.00s Sys=0.00s Real=0.00s
[80.861s][info][gc,start       ] GC(1343) Pause Young (Allocation Failure)
[80.870s][info][gc,heap        ] GC(1343) DefNew: 141238K(157248K)->1394K(157248K) Eden: 139776K(139776K)->0K(139776K) From: 1462K(17472K)->1394K(17472K)
[80.870s][info][gc,heap        ] GC(1343) Tenured: 46654K(349568K)->46684K(349568K)
[80.870s][info][gc,metaspace   ] GC(1343) Metaspace: 73697K(74112K)->73697K(74112K) NonClass: 58553K(58816K)->58553K(58816K) Class: 15143K(15296K)->15143K(15296K)
[80.870s][info][gc             ] GC(1343) Pause Young (Allocation Failure) 183M->46M(494M) 8.916ms
[80.870s][info][gc,cpu         ] GC(1343) User=0.00s Sys=0.00s Real=0.00s
[80.907s][info][gc,start       ] GC(1344) Pause Young (Allocation Failure)
[80.915s][info][gc,heap        ] GC(1344) DefNew: 141170K(157248K)->1407K(157248K) Eden: 139776K(139776K)->0K(139776K) From: 1394K(17472K)->1407K(17472K)
[80.915s][info][gc,heap        ] GC(1344) Tenured: 46684K(349568K)->46684K(349568K)
[80.915s][info][gc,metaspace   ] GC(1344) Metaspace: 73697K(74112K)->73697K(74112K) NonClass: 58553K(58816K)->58553K(58816K) Class: 15143K(15296K)->15143K(15296K)
[80.915s][info][gc             ] GC(1344) Pause Young (Allocation Failure) 183M->46M(494M) 8.636ms
[80.915s][info][gc,cpu         ] GC(1344) User=0.00s Sys=0.00s Real=0.00s
[80.953s][info][gc,start       ] GC(1345) Pause Young (Allocation Failure)
[80.962s][info][gc,heap        ] GC(1345) DefNew: 141183K(157248K)->1393K(157248K) Eden: 139776K(139776K)->0K(139776K) From: 1407K(17472K)->1393K(17472K)
[80.962s][info][gc,heap        ] GC(1345) Tenured: 46684K(349568K)->46685K(349568K)
[80.962s][info][gc,metaspace   ] GC(1345) Metaspace: 73697K(74112K)->73697K(74112K) NonClass: 58553K(58816K)->58553K(58816K) Class: 15143K(15296K)->15143K(15296K)
[80.962s][info][gc             ] GC(1345) Pause Young (Allocation Failure) 183M->46M(494M) 8.252ms
[80.962s][info][gc,cpu         ] GC(1345) User=0.00s Sys=0.00s Real=0.00s
[81.000s][info][gc,start       ] GC(1346) Pause Young (Allocation Failure)
[81.008s][info][gc,heap        ] GC(1346) DefNew: 141169K(157248K)->1390K(157248K) Eden: 139776K(139776K)->0K(139776K) From: 1393K(17472K)->1390K(17472K)
[81.008s][info][gc,heap        ] GC(1346) Tenured: 46685K(349568K)->46686K(349568K)
[81.008s][info][gc,metaspace   ] GC(1346) Metaspace: 73697K(74112K)->73697K(74112K) NonClass: 58553K(58816K)->58553K(58816K) Class: 15143K(15296K)->15143K(15296K)
[81.008s][info][gc             ] GC(1346) Pause Young (Allocation Failure) 183M->46M(494M) 7.894ms
[81.008s][info][gc,cpu         ] GC(1346) User=0.00s Sys=0.00s Real=0.00s
[81.047s][info][gc,start       ] GC(1347) Pause Young (Allocation Failure)
[81.055s][info][gc,heap        ] GC(1347) DefNew: 141166K(157248K)->1343K(157248K) Eden: 139776K(139776K)->0K(139776K) From: 1390K(17472K)->1343K(17472K)
[81.055s][info][gc,heap        ] GC(1347) Tenured: 46686K(349568K)->46688K(349568K)
[81.055s][info][gc,metaspace   ] GC(1347) Metaspace: 73697K(74112K)->73697K(74112K) NonClass: 58553K(58816K)->58553K(58816K) Class: 15143K(15296K)->15143K(15296K)
[81.055s][info][gc             ] GC(1347) Pause Young (Allocation Failure) 183M->46M(494M) 7.562ms
[81.055s][info][gc,cpu         ] GC(1347) User=0.00s Sys=0.00s Real=0.00s
[81.096s][info][gc,start       ] GC(1348) Pause Young (Allocation Failure)
[81.103s][info][gc,heap        ] GC(1348) DefNew: 141119K(157248K)->1336K(157248K) Eden: 139776K(139776K)->0K(139776K) From: 1343K(17472K)->1336K(17472K)
[81.103s][info][gc,heap        ] GC(1348) Tenured: 46688K(349568K)->46688K(349568K)
[81.103s][info][gc,metaspace   ] GC(1348) Metaspace: 73697K(74112K)->73697K(74112K) NonClass: 58553K(58816K)->58553K(58816K) Class: 15143K(15296K)->15143K(15296K)
[81.103s][info][gc             ] GC(1348) Pause Young (Allocation Failure) 183M->46M(494M) 6.867ms
[81.103s][info][gc,cpu         ] GC(1348) User=0.00s Sys=0.00s Real=0.00s
[81.145s][info][gc,start       ] GC(1349) Pause Young (Allocation Failure)
[81.151s][info][gc,heap        ] GC(1349) DefNew: 141112K(157248K)->1300K(157248K) Eden: 139776K(139776K)->0K(139776K) From: 1336K(17472K)->1300K(17472K)
[81.151s][info][gc,heap        ] GC(1349) Tenured: 46688K(349568K)->46724K(349568K)
[81.151s][info][gc,metaspace   ] GC(1349) Metaspace: 73697K(74112K)->73697K(74112K) NonClass: 58553K(58816K)->58553K(58816K) Class: 15143K(15296K)->15143K(15296K)
[81.151s][info][gc             ] GC(1349) Pause Young (Allocation Failure) 183M->46M(494M) 6.629ms
[81.151s][info][gc,cpu         ] GC(1349) User=0.00s Sys=0.00s Real=0.00s
[81.197s][info][gc,start       ] GC(1350) Pause Young (Allocation Failure)
[81.204s][info][gc,heap        ] GC(1350) DefNew: 141076K(157248K)->1290K(157248K) Eden: 139776K(139776K)->0K(139776K) From: 1300K(17472K)->1290K(17472K)
[81.204s][info][gc,heap        ] GC(1350) Tenured: 46724K(349568K)->46745K(349568K)
[81.204s][info][gc,metaspace   ] GC(1350) Metaspace: 73697K(74112K)->73697K(74112K) NonClass: 58553K(58816K)->58553K(58816K) Class: 15143K(15296K)->15143K(15296K)
[81.204s][info][gc             ] GC(1350) Pause Young (Allocation Failure) 183M->46M(494M) 6.371ms
[81.204s][info][gc,cpu         ] GC(1350) User=0.02s Sys=0.00s Real=0.02s
[81.255s][info][gc,start       ] GC(1351) Pause Young (Allocation Failure)
[81.260s][info][gc,heap        ] GC(1351) DefNew: 141066K(157248K)->1302K(157248K) Eden: 139776K(139776K)->0K(139776K) From: 1290K(17472K)->1302K(17472K)
[81.260s][info][gc,heap        ] GC(1351) Tenured: 46745K(349568K)->46746K(349568K)
[81.260s][info][gc,metaspace   ] GC(1351) Metaspace: 73697K(74112K)->73697K(74112K) NonClass: 58553K(58816K)->58553K(58816K) Class: 15143K(15296K)->15143K(15296K)
[81.260s][info][gc             ] GC(1351) Pause Young (Allocation Failure) 183M->46M(494M) 5.854ms
[81.260s][info][gc,cpu         ] GC(1351) User=0.00s Sys=0.00s Real=0.00s
[81.316s][info][gc,start       ] GC(1352) Pause Young (Allocation Failure)
[81.322s][info][gc,heap        ] GC(1352) DefNew: 141078K(157248K)->1280K(157248K) Eden: 139776K(139776K)->0K(139776K) From: 1302K(17472K)->1280K(17472K)
[81.322s][info][gc,heap        ] GC(1352) Tenured: 46746K(349568K)->46772K(349568K)
[81.322s][info][gc,metaspace   ] GC(1352) Metaspace: 73697K(74112K)->73697K(74112K) NonClass: 58553K(58816K)->58553K(58816K) Class: 15143K(15296K)->15143K(15296K)
[81.322s][info][gc             ] GC(1352) Pause Young (Allocation Failure) 183M->46M(494M) 5.617ms
[81.322s][info][gc,cpu         ] GC(1352) User=0.02s Sys=0.00s Real=0.02s
[81.381s][info][gc,start       ] GC(1353) Pause Young (Allocation Failure)
[81.386s][info][gc,heap        ] GC(1353) DefNew: 141056K(157248K)->1287K(157248K) Eden: 139776K(139776K)->0K(139776K) From: 1280K(17472K)->1287K(17472K)
[81.386s][info][gc,heap        ] GC(1353) Tenured: 46772K(349568K)->46772K(349568K)
[81.386s][info][gc,metaspace   ] GC(1353) Metaspace: 73697K(74112K)->73697K(74112K) NonClass: 58553K(58816K)->58553K(58816K) Class: 15143K(15296K)->15143K(15296K)
[81.386s][info][gc             ] GC(1353) Pause Young (Allocation Failure) 183M->46M(494M) 5.120ms
[81.386s][info][gc,cpu         ] GC(1353) User=0.02s Sys=0.00s Real=0.02s
[81.444s][info][gc,start       ] GC(1354) Pause Young (Allocation Failure)
[81.449s][info][gc,heap        ] GC(1354) DefNew: 141063K(157248K)->1272K(157248K) Eden: 139776K(139776K)->0K(139776K) From: 1287K(17472K)->1272K(17472K)
[81.449s][info][gc,heap        ] GC(1354) Tenured: 46772K(349568K)->46772K(349568K)
[81.449s][info][gc,metaspace   ] GC(1354) Metaspace: 73697K(74112K)->73697K(74112K) NonClass: 58553K(58816K)->58553K(58816K) Class: 15143K(15296K)->15143K(15296K)
[81.449s][info][gc             ] GC(1354) Pause Young (Allocation Failure) 183M->46M(494M) 4.964ms
[81.449s][info][gc,cpu         ] GC(1354) User=0.02s Sys=0.00s Real=0.00s
[81.509s][info][gc,start       ] GC(1355) Pause Young (Allocation Failure)
[81.513s][info][gc,heap        ] GC(1355) DefNew: 141048K(157248K)->1245K(157248K) Eden: 139776K(139776K)->0K(139776K) From: 1272K(17472K)->1245K(17472K)
[81.513s][info][gc,heap        ] GC(1355) Tenured: 46772K(349568K)->46786K(349568K)
[81.513s][info][gc,metaspace   ] GC(1355) Metaspace: 73697K(74112K)->73697K(74112K) NonClass: 58553K(58816K)->58553K(58816K) Class: 15143K(15296K)->15143K(15296K)
[81.513s][info][gc             ] GC(1355) Pause Young (Allocation Failure) 183M->46M(494M) 4.843ms
[81.513s][info][gc,cpu         ] GC(1355) User=0.00s Sys=0.00s Real=0.00s
[81.573s][info][gc,start       ] GC(1356) Pause Young (Allocation Failure)
[81.578s][info][gc,heap        ] GC(1356) DefNew: 141021K(157248K)->1235K(157248K) Eden: 139776K(139776K)->0K(139776K) From: 1245K(17472K)->1235K(17472K)
[81.578s][info][gc,heap        ] GC(1356) Tenured: 46786K(349568K)->46799K(349568K)
[81.578s][info][gc,metaspace   ] GC(1356) Metaspace: 73697K(74112K)->73697K(74112K) NonClass: 58553K(58816K)->58553K(58816K) Class: 15143K(15296K)->15143K(15296K)
[81.578s][info][gc             ] GC(1356) Pause Young (Allocation Failure) 183M->46M(494M) 4.890ms
[81.578s][info][gc,cpu         ] GC(1356) User=0.00s Sys=0.00s Real=0.00s
[81.637s][info][gc,start       ] GC(1357) Pause Young (Allocation Failure)
[81.641s][info][gc,heap        ] GC(1357) DefNew: 141011K(157248K)->1158K(157248K) Eden: 139776K(139776K)->0K(139776K) From: 1235K(17472K)->1158K(17472K)
[81.641s][info][gc,heap        ] GC(1357) Tenured: 46799K(349568K)->46851K(349568K)
[81.641s][info][gc,metaspace   ] GC(1357) Metaspace: 73697K(74112K)->73697K(74112K) NonClass: 58553K(58816K)->58553K(58816K) Class: 15143K(15296K)->15143K(15296K)
[81.641s][info][gc             ] GC(1357) Pause Young (Allocation Failure) 183M->46M(494M) 4.793ms
[81.641s][info][gc,cpu         ] GC(1357) User=0.00s Sys=0.00s Real=0.00s
[81.704s][info][gc,start       ] GC(1358) Pause Young (Allocation Failure)
[81.709s][info][gc,heap        ] GC(1358) DefNew: 140934K(157248K)->1066K(157248K) Eden: 139776K(139776K)->0K(139776K) From: 1158K(17472K)->1066K(17472K)
[81.709s][info][gc,heap        ] GC(1358) Tenured: 46851K(349568K)->46942K(349568K)
[81.709s][info][gc,metaspace   ] GC(1358) Metaspace: 73697K(74112K)->73697K(74112K) NonClass: 58553K(58816K)->58553K(58816K) Class: 15143K(15296K)->15143K(15296K)
[81.709s][info][gc             ] GC(1358) Pause Young (Allocation Failure) 183M->46M(494M) 4.562ms
[81.709s][info][gc,cpu         ] GC(1358) User=0.00s Sys=0.00s Real=0.00s
[81.778s][info][gc,start       ] GC(1359) Pause Young (Allocation Failure)
[81.782s][info][gc,heap        ] GC(1359) DefNew: 140842K(157248K)->968K(157248K) Eden: 139776K(139776K)->0K(139776K) From: 1066K(17472K)->968K(17472K)
[81.782s][info][gc,heap        ] GC(1359) Tenured: 46942K(349568K)->47021K(349568K)
[81.782s][info][gc,metaspace   ] GC(1359) Metaspace: 73697K(74112K)->73697K(74112K) NonClass: 58553K(58816K)->58553K(58816K) Class: 15143K(15296K)->15143K(15296K)
[81.782s][info][gc             ] GC(1359) Pause Young (Allocation Failure) 183M->46M(494M) 4.340ms
[81.782s][info][gc,cpu         ] GC(1359) User=0.00s Sys=0.00s Real=0.00s
[81.855s][info][gc,start       ] GC(1360) Pause Young (Allocation Failure)
[81.858s][info][gc,heap        ] GC(1360) DefNew: 140744K(157248K)->913K(157248K) Eden: 139776K(139776K)->0K(139776K) From: 968K(17472K)->913K(17472K)
[81.859s][info][gc,heap        ] GC(1360) Tenured: 47021K(349568K)->47107K(349568K)
[81.859s][info][gc,metaspace   ] GC(1360) Metaspace: 73697K(74112K)->73697K(74112K) NonClass: 58553K(58816K)->58553K(58816K) Class: 15143K(15296K)->15143K(15296K)
[81.859s][info][gc             ] GC(1360) Pause Young (Allocation Failure) 183M->46M(494M) 3.857ms
[81.859s][info][gc,cpu         ] GC(1360) User=0.00s Sys=0.00s Real=0.00s
[81.930s][info][gc,start       ] GC(1361) Pause Young (Allocation Failure)
[81.934s][info][gc,heap        ] GC(1361) DefNew: 140689K(157248K)->907K(157248K) Eden: 139776K(139776K)->0K(139776K) From: 913K(17472K)->907K(17472K)
[81.934s][info][gc,heap        ] GC(1361) Tenured: 47107K(349568K)->47108K(349568K)
[81.934s][info][gc,metaspace   ] GC(1361) Metaspace: 73697K(74112K)->73697K(74112K) NonClass: 58553K(58816K)->58553K(58816K) Class: 15143K(15296K)->15143K(15296K)
[81.934s][info][gc             ] GC(1361) Pause Young (Allocation Failure) 183M->46M(494M) 3.813ms
[81.934s][info][gc,cpu         ] GC(1361) User=0.00s Sys=0.00s Real=0.00s
[82.015s][info][gc,start       ] GC(1362) Pause Young (Allocation Failure)
[82.018s][info][gc,heap        ] GC(1362) DefNew: 140683K(157248K)->803K(157248K) Eden: 139776K(139776K)->0K(139776K) From: 907K(17472K)->803K(17472K)
[82.018s][info][gc,heap        ] GC(1362) Tenured: 47108K(349568K)->47178K(349568K)
[82.018s][info][gc,metaspace   ] GC(1362) Metaspace: 73697K(74112K)->73697K(74112K) NonClass: 58553K(58816K)->58553K(58816K) Class: 15143K(15296K)->15143K(15296K)
[82.019s][info][gc             ] GC(1362) Pause Young (Allocation Failure) 183M->46M(494M) 3.952ms
[82.019s][info][gc,cpu         ] GC(1362) User=0.00s Sys=0.00s Real=0.00s
[82.116s][info][gc,start       ] GC(1363) Pause Young (Allocation Failure)
[82.119s][info][gc,heap        ] GC(1363) DefNew: 140579K(157248K)->788K(157248K) Eden: 139776K(139776K)->0K(139776K) From: 803K(17472K)->788K(17472K)
[82.119s][info][gc,heap        ] GC(1363) Tenured: 47178K(349568K)->47185K(349568K)
[82.119s][info][gc,metaspace   ] GC(1363) Metaspace: 73697K(74112K)->73697K(74112K) NonClass: 58553K(58816K)->58553K(58816K) Class: 15143K(15296K)->15143K(15296K)
[82.119s][info][gc             ] GC(1363) Pause Young (Allocation Failure) 183M->46M(494M) 3.434ms
[82.119s][info][gc,cpu         ] GC(1363) User=0.02s Sys=0.00s Real=0.00s
[82.218s][info][gc,start       ] GC(1364) Pause Young (Allocation Failure)
[82.221s][info][gc,heap        ] GC(1364) DefNew: 140564K(157248K)->760K(157248K) Eden: 139776K(139776K)->0K(139776K) From: 788K(17472K)->760K(17472K)
[82.221s][info][gc,heap        ] GC(1364) Tenured: 47185K(349568K)->47261K(349568K)
[82.221s][info][gc,metaspace   ] GC(1364) Metaspace: 73697K(74112K)->73697K(74112K) NonClass: 58553K(58816K)->58553K(58816K) Class: 15143K(15296K)->15143K(15296K)
[82.221s][info][gc             ] GC(1364) Pause Young (Allocation Failure) 183M->46M(494M) 3.623ms
[82.221s][info][gc,cpu         ] GC(1364) User=0.00s Sys=0.00s Real=0.00s
[82.319s][info][gc,start       ] GC(1365) Pause Young (Allocation Failure)
[82.322s][info][gc,heap        ] GC(1365) DefNew: 140536K(157248K)->640K(157248K) Eden: 139776K(139776K)->0K(139776K) From: 760K(17472K)->640K(17472K)
[82.322s][info][gc,heap        ] GC(1365) Tenured: 47261K(349568K)->47351K(349568K)
[82.322s][info][gc,metaspace   ] GC(1365) Metaspace: 73697K(74112K)->73697K(74112K) NonClass: 58553K(58816K)->58553K(58816K) Class: 15143K(15296K)->15143K(15296K)
[82.322s][info][gc             ] GC(1365) Pause Young (Allocation Failure) 183M->46M(494M) 3.356ms
[82.322s][info][gc,cpu         ] GC(1365) User=0.02s Sys=0.00s Real=0.00s
[82.421s][info][gc,start       ] GC(1366) Pause Young (Allocation Failure)
[82.424s][info][gc,heap        ] GC(1366) DefNew: 140416K(157248K)->552K(157248K) Eden: 139776K(139776K)->0K(139776K) From: 640K(17472K)->552K(17472K)
[82.424s][info][gc,heap        ] GC(1366) Tenured: 47351K(349568K)->47432K(349568K)
[82.424s][info][gc,metaspace   ] GC(1366) Metaspace: 73697K(74112K)->73697K(74112K) NonClass: 58553K(58816K)->58553K(58816K) Class: 15143K(15296K)->15143K(15296K)
[82.424s][info][gc             ] GC(1366) Pause Young (Allocation Failure) 183M->46M(494M) 3.168ms
[82.424s][info][gc,cpu         ] GC(1366) User=0.02s Sys=0.00s Real=0.02s
[82.523s][info][gc,start       ] GC(1367) Pause Young (Allocation Failure)
[82.526s][info][gc,heap        ] GC(1367) DefNew: 140328K(157248K)->465K(157248K) Eden: 139776K(139776K)->0K(139776K) From: 552K(17472K)->465K(17472K)
[82.526s][info][gc,heap        ] GC(1367) Tenured: 47432K(349568K)->47500K(349568K)
[82.526s][info][gc,metaspace   ] GC(1367) Metaspace: 73697K(74112K)->73697K(74112K) NonClass: 58553K(58816K)->58553K(58816K) Class: 15143K(15296K)->15143K(15296K)
[82.526s][info][gc             ] GC(1367) Pause Young (Allocation Failure) 183M->46M(494M) 3.041ms
[82.526s][info][gc,cpu         ] GC(1367) User=0.00s Sys=0.00s Real=0.00s
[82.630s][info][gc,start       ] GC(1368) Pause Young (Allocation Failure)
[82.633s][info][gc,heap        ] GC(1368) DefNew: 140241K(157248K)->461K(157248K) Eden: 139776K(139776K)->0K(139776K) From: 465K(17472K)->461K(17472K)
[82.633s][info][gc,heap        ] GC(1368) Tenured: 47500K(349568K)->47530K(349568K)
[82.633s][info][gc,metaspace   ] GC(1368) Metaspace: 73697K(74112K)->73697K(74112K) NonClass: 58553K(58816K)->58553K(58816K) Class: 15143K(15296K)->15143K(15296K)
[82.633s][info][gc             ] GC(1368) Pause Young (Allocation Failure) 183M->46M(494M) 2.865ms
[82.633s][info][gc,cpu         ] GC(1368) User=0.02s Sys=0.00s Real=0.02s
[82.737s][info][gc,start       ] GC(1369) Pause Young (Allocation Failure)
[82.739s][info][gc,heap        ] GC(1369) DefNew: 140237K(157248K)->442K(157248K) Eden: 139776K(139776K)->0K(139776K) From: 461K(17472K)->442K(17472K)
[82.739s][info][gc,heap        ] GC(1369) Tenured: 47530K(349568K)->47530K(349568K)
[82.739s][info][gc,metaspace   ] GC(1369) Metaspace: 73697K(74112K)->73697K(74112K) NonClass: 58553K(58816K)->58553K(58816K) Class: 15143K(15296K)->15143K(15296K)
[82.739s][info][gc             ] GC(1369) Pause Young (Allocation Failure) 183M->46M(494M) 2.728ms
[82.739s][info][gc,cpu         ] GC(1369) User=0.00s Sys=0.00s Real=0.00s
[82.842s][info][gc,start       ] GC(1370) Pause Young (Allocation Failure)
[82.845s][info][gc,heap        ] GC(1370) DefNew: 140218K(157248K)->456K(157248K) Eden: 139776K(139776K)->0K(139776K) From: 442K(17472K)->456K(17472K)
[82.845s][info][gc,heap        ] GC(1370) Tenured: 47530K(349568K)->47531K(349568K)
[82.845s][info][gc,metaspace   ] GC(1370) Metaspace: 73697K(74112K)->73697K(74112K) NonClass: 58553K(58816K)->58553K(58816K) Class: 15143K(15296K)->15143K(15296K)
[82.845s][info][gc             ] GC(1370) Pause Young (Allocation Failure) 183M->46M(494M) 2.948ms
[82.845s][info][gc,cpu         ] GC(1370) User=0.00s Sys=0.00s Real=0.00s
[82.942s][info][gc,start       ] GC(1371) Pause Young (Allocation Failure)
[82.945s][info][gc,heap        ] GC(1371) DefNew: 140232K(157248K)->458K(157248K) Eden: 139776K(139776K)->0K(139776K) From: 456K(17472K)->458K(17472K)
[82.945s][info][gc,heap        ] GC(1371) Tenured: 47531K(349568K)->47531K(349568K)
[82.945s][info][gc,metaspace   ] GC(1371) Metaspace: 73697K(74112K)->73697K(74112K) NonClass: 58553K(58816K)->58553K(58816K) Class: 15143K(15296K)->15143K(15296K)
[82.945s][info][gc             ] GC(1371) Pause Young (Allocation Failure) 183M->46M(494M) 2.946ms
[82.945s][info][gc,cpu         ] GC(1371) User=0.00s Sys=0.00s Real=0.00s
[83.045s][info][gc,start       ] GC(1372) Pause Young (Allocation Failure)
[83.048s][info][gc,heap        ] GC(1372) DefNew: 140234K(157248K)->409K(157248K) Eden: 139776K(139776K)->0K(139776K) From: 458K(17472K)->409K(17472K)
[83.048s][info][gc,heap        ] GC(1372) Tenured: 47531K(349568K)->47556K(349568K)
[83.048s][info][gc,metaspace   ] GC(1372) Metaspace: 73697K(74112K)->73697K(74112K) NonClass: 58553K(58816K)->58553K(58816K) Class: 15143K(15296K)->15143K(15296K)
[83.048s][info][gc             ] GC(1372) Pause Young (Allocation Failure) 183M->46M(494M) 2.806ms
[83.048s][info][gc,cpu         ] GC(1372) User=0.00s Sys=0.00s Real=0.00s
[83.158s][info][gc,start       ] GC(1373) Pause Young (Allocation Failure)
[83.162s][info][gc,heap        ] GC(1373) DefNew: 140185K(157248K)->354K(157248K) Eden: 139776K(139776K)->0K(139776K) From: 409K(17472K)->354K(17472K)
[83.162s][info][gc,heap        ] GC(1373) Tenured: 47556K(349568K)->47607K(349568K)
[83.162s][info][gc,metaspace   ] GC(1373) Metaspace: 73697K(74112K)->73697K(74112K) NonClass: 58554K(58816K)->58554K(58816K) Class: 15143K(15296K)->15143K(15296K)
[83.162s][info][gc             ] GC(1373) Pause Young (Allocation Failure) 183M->46M(494M) 3.727ms
[83.162s][info][gc,cpu         ] GC(1373) User=0.00s Sys=0.00s Real=0.00s
[83.210s][info][gc,start       ] GC(1374) Pause Full (System.gc())
[83.210s][info][gc,phases,start] GC(1374) Phase 1: Mark live objects
[83.265s][info][gc,phases      ] GC(1374) Phase 1: Mark live objects 55.039ms
[83.265s][info][gc,phases,start] GC(1374) Phase 2: Compute new object addresses
[83.280s][info][gc,phases      ] GC(1374) Phase 2: Compute new object addresses 15.306ms
[83.280s][info][gc,phases,start] GC(1374) Phase 3: Adjust pointers
[83.302s][info][gc,phases      ] GC(1374) Phase 3: Adjust pointers 21.320ms
[83.302s][info][gc,phases,start] GC(1374) Phase 4: Move objects
[83.302s][info][gc,phases      ] GC(1374) Phase 4: Move objects 0.734ms
[83.303s][info][gc,heap        ] GC(1374) DefNew: 21868K(157248K)->0K(157248K) Eden: 21514K(139776K)->0K(139776K) From: 354K(17472K)->0K(17472K)
[83.303s][info][gc,heap        ] GC(1374) Tenured: 47607K(349568K)->48439K(349568K)
[83.303s][info][gc,metaspace   ] GC(1374) Metaspace: 73736K(74112K)->73736K(74112K) NonClass: 58592K(58816K)->58592K(58816K) Class: 15143K(15296K)->15143K(15296K)
[83.303s][info][gc             ] GC(1374) Pause Full (System.gc()) 67M->47M(494M) 93.635ms
[83.303s][info][gc,cpu         ] GC(1374) User=0.08s Sys=0.00s Real=0.08s
[83.365s][info][gc,start       ] GC(1375) Pause Young (Allocation Failure)
[83.379s][info][gc,heap        ] GC(1375) DefNew: 139776K(157248K)->3408K(157248K) Eden: 139776K(139776K)->0K(139776K) From: 0K(17472K)->3408K(17472K)
[83.379s][info][gc,heap        ] GC(1375) Tenured: 48439K(349568K)->48439K(349568K)
[83.379s][info][gc,metaspace   ] GC(1375) Metaspace: 73866K(74240K)->73866K(74240K) NonClass: 58723K(58944K)->58723K(58944K) Class: 15143K(15296K)->15143K(15296K)
[83.379s][info][gc             ] GC(1375) Pause Young (Allocation Failure) 183M->50M(494M) 14.711ms
[83.379s][info][gc,cpu         ] GC(1375) User=0.00s Sys=0.00s Real=0.00s
[83.417s][info][gc,start       ] GC(1376) Pause Young (Allocation Failure)
[83.429s][info][gc,heap        ] GC(1376) DefNew: 143184K(157248K)->3482K(157248K) Eden: 139776K(139776K)->0K(139776K) From: 3408K(17472K)->3482K(17472K)
[83.429s][info][gc,heap        ] GC(1376) Tenured: 48439K(349568K)->48439K(349568K)
[83.429s][info][gc,metaspace   ] GC(1376) Metaspace: 73866K(74240K)->73866K(74240K) NonClass: 58723K(58944K)->58723K(58944K) Class: 15143K(15296K)->15143K(15296K)
[83.429s][info][gc             ] GC(1376) Pause Young (Allocation Failure) 187M->50M(494M) 12.167ms
[83.429s][info][gc,cpu         ] GC(1376) User=0.00s Sys=0.00s Real=0.00s
[83.466s][info][gc,start       ] GC(1377) Pause Young (Allocation Failure)
[83.479s][info][gc,heap        ] GC(1377) DefNew: 143258K(157248K)->3492K(157248K) Eden: 139776K(139776K)->0K(139776K) From: 3482K(17472K)->3492K(17472K)
[83.479s][info][gc,heap        ] GC(1377) Tenured: 48439K(349568K)->48439K(349568K)
[83.479s][info][gc,metaspace   ] GC(1377) Metaspace: 73866K(74240K)->73866K(74240K) NonClass: 58723K(58944K)->58723K(58944K) Class: 15143K(15296K)->15143K(15296K)
[83.479s][info][gc             ] GC(1377) Pause Young (Allocation Failure) 187M->50M(494M) 12.557ms
[83.479s][info][gc,cpu         ] GC(1377) User=0.00s Sys=0.00s Real=0.00s
[83.515s][info][gc,start       ] GC(1378) Pause Young (Allocation Failure)
[83.528s][info][gc,heap        ] GC(1378) DefNew: 143268K(157248K)->3458K(157248K) Eden: 139776K(139776K)->0K(139776K) From: 3492K(17472K)->3458K(17472K)
[83.528s][info][gc,heap        ] GC(1378) Tenured: 48439K(349568K)->48439K(349568K)
[83.528s][info][gc,metaspace   ] GC(1378) Metaspace: 73866K(74240K)->73866K(74240K) NonClass: 58723K(58944K)->58723K(58944K) Class: 15143K(15296K)->15143K(15296K)
[83.529s][info][gc             ] GC(1378) Pause Young (Allocation Failure) 187M->50M(494M) 13.349ms
[83.529s][info][gc,cpu         ] GC(1378) User=0.00s Sys=0.00s Real=0.00s
[83.565s][info][gc,start       ] GC(1379) Pause Young (Allocation Failure)
[83.577s][info][gc,heap        ] GC(1379) DefNew: 143234K(157248K)->3424K(157248K) Eden: 139776K(139776K)->0K(139776K) From: 3458K(17472K)->3424K(17472K)
[83.577s][info][gc,heap        ] GC(1379) Tenured: 48439K(349568K)->48439K(349568K)
[83.577s][info][gc,metaspace   ] GC(1379) Metaspace: 73866K(74240K)->73866K(74240K) NonClass: 58723K(58944K)->58723K(58944K) Class: 15143K(15296K)->15143K(15296K)
[83.578s][info][gc             ] GC(1379) Pause Young (Allocation Failure) 187M->50M(494M) 12.507ms
[83.578s][info][gc,cpu         ] GC(1379) User=0.02s Sys=0.00s Real=0.01s
[83.613s][info][gc,start       ] GC(1380) Pause Young (Allocation Failure)
[83.625s][info][gc,heap        ] GC(1380) DefNew: 143200K(157248K)->3462K(157248K) Eden: 139776K(139776K)->0K(139776K) From: 3424K(17472K)->3462K(17472K)
[83.625s][info][gc,heap        ] GC(1380) Tenured: 48439K(349568K)->48439K(349568K)
[83.625s][info][gc,metaspace   ] GC(1380) Metaspace: 73866K(74240K)->73866K(74240K) NonClass: 58723K(58944K)->58723K(58944K) Class: 15143K(15296K)->15143K(15296K)
[83.625s][info][gc             ] GC(1380) Pause Young (Allocation Failure) 187M->50M(494M) 12.060ms
[83.625s][info][gc,cpu         ] GC(1380) User=0.00s Sys=0.00s Real=0.00s
[83.661s][info][gc,start       ] GC(1381) Pause Young (Allocation Failure)
[83.673s][info][gc,heap        ] GC(1381) DefNew: 143238K(157248K)->3484K(157248K) Eden: 139776K(139776K)->0K(139776K) From: 3462K(17472K)->3484K(17472K)
[83.673s][info][gc,heap        ] GC(1381) Tenured: 48439K(349568K)->48439K(349568K)
[83.673s][info][gc,metaspace   ] GC(1381) Metaspace: 73866K(74240K)->73866K(74240K) NonClass: 58723K(58944K)->58723K(58944K) Class: 15143K(15296K)->15143K(15296K)
[83.673s][info][gc             ] GC(1381) Pause Young (Allocation Failure) 187M->50M(494M) 12.171ms
[83.673s][info][gc,cpu         ] GC(1381) User=0.00s Sys=0.00s Real=0.00s
[83.710s][info][gc,start       ] GC(1382) Pause Young (Allocation Failure)
[83.722s][info][gc,heap        ] GC(1382) DefNew: 143260K(157248K)->3432K(157248K) Eden: 139776K(139776K)->0K(139776K) From: 3484K(17472K)->3432K(17472K)
[83.722s][info][gc,heap        ] GC(1382) Tenured: 48439K(349568K)->48439K(349568K)
[83.722s][info][gc,metaspace   ] GC(1382) Metaspace: 73866K(74240K)->73866K(74240K) NonClass: 58723K(58944K)->58723K(58944K) Class: 15143K(15296K)->15143K(15296K)
[83.722s][info][gc             ] GC(1382) Pause Young (Allocation Failure) 187M->50M(494M) 12.249ms
[83.722s][info][gc,cpu         ] GC(1382) User=0.00s Sys=0.00s Real=0.01s
[83.761s][info][gc,start       ] GC(1383) Pause Young (Allocation Failure)
[83.773s][info][gc,heap        ] GC(1383) DefNew: 143208K(157248K)->3532K(157248K) Eden: 139776K(139776K)->0K(139776K) From: 3432K(17472K)->3532K(17472K)
[83.773s][info][gc,heap        ] GC(1383) Tenured: 48439K(349568K)->48439K(349568K)
[83.773s][info][gc,metaspace   ] GC(1383) Metaspace: 73866K(74240K)->73866K(74240K) NonClass: 58723K(58944K)->58723K(58944K) Class: 15143K(15296K)->15143K(15296K)
[83.773s][info][gc             ] GC(1383) Pause Young (Allocation Failure) 187M->50M(494M) 12.452ms
[83.773s][info][gc,cpu         ] GC(1383) User=0.00s Sys=0.00s Real=0.00s
[83.811s][info][gc,start       ] GC(1384) Pause Young (Allocation Failure)
[83.823s][info][gc,heap        ] GC(1384) DefNew: 143308K(157248K)->3422K(157248K) Eden: 139776K(139776K)->0K(139776K) From: 3532K(17472K)->3422K(17472K)
[83.823s][info][gc,heap        ] GC(1384) Tenured: 48439K(349568K)->48439K(349568K)
[83.823s][info][gc,metaspace   ] GC(1384) Metaspace: 73866K(74240K)->73866K(74240K) NonClass: 58723K(58944K)->58723K(58944K) Class: 15143K(15296K)->15143K(15296K)
[83.823s][info][gc             ] GC(1384) Pause Young (Allocation Failure) 187M->50M(494M) 11.898ms
[83.823s][info][gc,cpu         ] GC(1384) User=0.00s Sys=0.00s Real=0.00s
[83.861s][info][gc,start       ] GC(1385) Pause Young (Allocation Failure)
[83.874s][info][gc,heap        ] GC(1385) DefNew: 143198K(157248K)->3438K(157248K) Eden: 139776K(139776K)->0K(139776K) From: 3422K(17472K)->3438K(17472K)
[83.874s][info][gc,heap        ] GC(1385) Tenured: 48439K(349568K)->48439K(349568K)
[83.874s][info][gc,metaspace   ] GC(1385) Metaspace: 73866K(74240K)->73866K(74240K) NonClass: 58723K(58944K)->58723K(58944K) Class: 15143K(15296K)->15143K(15296K)
[83.874s][info][gc             ] GC(1385) Pause Young (Allocation Failure) 187M->50M(494M) 13.310ms
[83.874s][info][gc,cpu         ] GC(1385) User=0.00s Sys=0.00s Real=0.00s
[83.912s][info][gc,start       ] GC(1386) Pause Young (Allocation Failure)
[83.925s][info][gc,heap        ] GC(1386) DefNew: 143214K(157248K)->3431K(157248K) Eden: 139776K(139776K)->0K(139776K) From: 3438K(17472K)->3431K(17472K)
[83.925s][info][gc,heap        ] GC(1386) Tenured: 48439K(349568K)->48439K(349568K)
[83.925s][info][gc,metaspace   ] GC(1386) Metaspace: 73866K(74240K)->73866K(74240K) NonClass: 58723K(58944K)->58723K(58944K) Class: 15143K(15296K)->15143K(15296K)
[83.925s][info][gc             ] GC(1386) Pause Young (Allocation Failure) 187M->50M(494M) 12.723ms
[83.925s][info][gc,cpu         ] GC(1386) User=0.02s Sys=0.00s Real=0.01s
[83.961s][info][gc,start       ] GC(1387) Pause Young (Allocation Failure)
[83.973s][info][gc,heap        ] GC(1387) DefNew: 143207K(157248K)->3459K(157248K) Eden: 139776K(139776K)->0K(139776K) From: 3431K(17472K)->3459K(17472K)
[83.973s][info][gc,heap        ] GC(1387) Tenured: 48439K(349568K)->48439K(349568K)
[83.973s][info][gc,metaspace   ] GC(1387) Metaspace: 73866K(74240K)->73866K(74240K) NonClass: 58723K(58944K)->58723K(58944K) Class: 15143K(15296K)->15143K(15296K)
[83.973s][info][gc             ] GC(1387) Pause Young (Allocation Failure) 187M->50M(494M) 11.903ms
[83.973s][info][gc,cpu         ] GC(1387) User=0.00s Sys=0.00s Real=0.00s
[84.011s][info][gc,start       ] GC(1388) Pause Young (Allocation Failure)
[84.023s][info][gc,heap        ] GC(1388) DefNew: 143235K(157248K)->3377K(157248K) Eden: 139776K(139776K)->0K(139776K) From: 3459K(17472K)->3377K(17472K)
[84.023s][info][gc,heap        ] GC(1388) Tenured: 48439K(349568K)->48439K(349568K)
[84.023s][info][gc,metaspace   ] GC(1388) Metaspace: 73866K(74240K)->73866K(74240K) NonClass: 58723K(58944K)->58723K(58944K) Class: 15143K(15296K)->15143K(15296K)
[84.023s][info][gc             ] GC(1388) Pause Young (Allocation Failure) 187M->50M(494M) 11.746ms
[84.023s][info][gc,cpu         ] GC(1388) User=0.00s Sys=0.00s Real=0.00s
[84.061s][info][gc,start       ] GC(1389) Pause Young (Allocation Failure)
[84.073s][info][gc,heap        ] GC(1389) DefNew: 143153K(157248K)->3457K(157248K) Eden: 139776K(139776K)->0K(139776K) From: 3377K(17472K)->3457K(17472K)
[84.073s][info][gc,heap        ] GC(1389) Tenured: 48439K(349568K)->48439K(349568K)
[84.073s][info][gc,metaspace   ] GC(1389) Metaspace: 73866K(74240K)->73866K(74240K) NonClass: 58723K(58944K)->58723K(58944K) Class: 15143K(15296K)->15143K(15296K)
[84.073s][info][gc             ] GC(1389) Pause Young (Allocation Failure) 187M->50M(494M) 12.153ms
[84.073s][info][gc,cpu         ] GC(1389) User=0.00s Sys=0.00s Real=0.00s
[84.111s][info][gc,start       ] GC(1390) Pause Young (Allocation Failure)
[84.124s][info][gc,heap        ] GC(1390) DefNew: 143233K(157248K)->1463K(157248K) Eden: 139776K(139776K)->0K(139776K) From: 3457K(17472K)->1463K(17472K)
[84.124s][info][gc,heap        ] GC(1390) Tenured: 48439K(349568K)->50474K(349568K)
[84.124s][info][gc,metaspace   ] GC(1390) Metaspace: 73866K(74240K)->73866K(74240K) NonClass: 58723K(58944K)->58723K(58944K) Class: 15143K(15296K)->15143K(15296K)
[84.124s][info][gc             ] GC(1390) Pause Young (Allocation Failure) 187M->50M(494M) 12.781ms
[84.124s][info][gc,cpu         ] GC(1390) User=0.02s Sys=0.00s Real=0.01s
[84.162s][info][gc,start       ] GC(1391) Pause Young (Allocation Failure)
[84.170s][info][gc,heap        ] GC(1391) DefNew: 141239K(157248K)->1401K(157248K) Eden: 139776K(139776K)->0K(139776K) From: 1463K(17472K)->1401K(17472K)
[84.170s][info][gc,heap        ] GC(1391) Tenured: 50474K(349568K)->50475K(349568K)
[84.170s][info][gc,metaspace   ] GC(1391) Metaspace: 73866K(74240K)->73866K(74240K) NonClass: 58723K(58944K)->58723K(58944K) Class: 15143K(15296K)->15143K(15296K)
[84.170s][info][gc             ] GC(1391) Pause Young (Allocation Failure) 187M->50M(494M) 8.300ms
[84.170s][info][gc,cpu         ] GC(1391) User=0.00s Sys=0.00s Real=0.00s
[84.206s][info][gc,start       ] GC(1392) Pause Young (Allocation Failure)
[84.214s][info][gc,heap        ] GC(1392) DefNew: 141177K(157248K)->1441K(157248K) Eden: 139776K(139776K)->0K(139776K) From: 1401K(17472K)->1441K(17472K)
[84.215s][info][gc,heap        ] GC(1392) Tenured: 50475K(349568K)->50476K(349568K)
[84.215s][info][gc,metaspace   ] GC(1392) Metaspace: 73866K(74240K)->73866K(74240K) NonClass: 58723K(58944K)->58723K(58944K) Class: 15143K(15296K)->15143K(15296K)
[84.215s][info][gc             ] GC(1392) Pause Young (Allocation Failure) 187M->50M(494M) 8.475ms
[84.215s][info][gc,cpu         ] GC(1392) User=0.00s Sys=0.00s Real=0.00s
[84.250s][info][gc,start       ] GC(1393) Pause Young (Allocation Failure)
[84.258s][info][gc,heap        ] GC(1393) DefNew: 141217K(157248K)->1420K(157248K) Eden: 139776K(139776K)->0K(139776K) From: 1441K(17472K)->1420K(17472K)
[84.258s][info][gc,heap        ] GC(1393) Tenured: 50476K(349568K)->50476K(349568K)
[84.258s][info][gc,metaspace   ] GC(1393) Metaspace: 73866K(74240K)->73866K(74240K) NonClass: 58723K(58944K)->58723K(58944K) Class: 15143K(15296K)->15143K(15296K)
[84.258s][info][gc             ] GC(1393) Pause Young (Allocation Failure) 187M->50M(494M) 8.231ms
[84.258s][info][gc,cpu         ] GC(1393) User=0.00s Sys=0.00s Real=0.00s
[84.293s][info][gc,start       ] GC(1394) Pause Young (Allocation Failure)
[84.303s][info][gc,heap        ] GC(1394) DefNew: 141196K(157248K)->1445K(157248K) Eden: 139776K(139776K)->0K(139776K) From: 1420K(17472K)->1445K(17472K)
[84.303s][info][gc,heap        ] GC(1394) Tenured: 50476K(349568K)->50479K(349568K)
[84.303s][info][gc,metaspace   ] GC(1394) Metaspace: 73866K(74240K)->73866K(74240K) NonClass: 58723K(58944K)->58723K(58944K) Class: 15143K(15296K)->15143K(15296K)
[84.303s][info][gc             ] GC(1394) Pause Young (Allocation Failure) 187M->50M(494M) 9.225ms
[84.303s][info][gc,cpu         ] GC(1394) User=0.00s Sys=0.00s Real=0.00s
[84.339s][info][gc,start       ] GC(1395) Pause Young (Allocation Failure)
[84.348s][info][gc,heap        ] GC(1395) DefNew: 141221K(157248K)->1430K(157248K) Eden: 139776K(139776K)->0K(139776K) From: 1445K(17472K)->1430K(17472K)
[84.348s][info][gc,heap        ] GC(1395) Tenured: 50479K(349568K)->50479K(349568K)
[84.348s][info][gc,metaspace   ] GC(1395) Metaspace: 73866K(74240K)->73866K(74240K) NonClass: 58723K(58944K)->58723K(58944K) Class: 15143K(15296K)->15143K(15296K)
[84.348s][info][gc             ] GC(1395) Pause Young (Allocation Failure) 187M->50M(494M) 8.986ms
[84.348s][info][gc,cpu         ] GC(1395) User=0.00s Sys=0.00s Real=0.00s
[84.383s][info][gc,start       ] GC(1396) Pause Young (Allocation Failure)
[84.392s][info][gc,heap        ] GC(1396) DefNew: 141206K(157248K)->1421K(157248K) Eden: 139776K(139776K)->0K(139776K) From: 1430K(17472K)->1421K(17472K)
[84.393s][info][gc,heap        ] GC(1396) Tenured: 50479K(349568K)->50479K(349568K)
[84.393s][info][gc,metaspace   ] GC(1396) Metaspace: 73866K(74240K)->73866K(74240K) NonClass: 58723K(58944K)->58723K(58944K) Class: 15143K(15296K)->15143K(15296K)
[84.393s][info][gc             ] GC(1396) Pause Young (Allocation Failure) 187M->50M(494M) 9.272ms
[84.393s][info][gc,cpu         ] GC(1396) User=0.00s Sys=0.00s Real=0.01s
[84.429s][info][gc,start       ] GC(1397) Pause Young (Allocation Failure)
[84.438s][info][gc,heap        ] GC(1397) DefNew: 141197K(157248K)->1415K(157248K) Eden: 139776K(139776K)->0K(139776K) From: 1421K(17472K)->1415K(17472K)
[84.438s][info][gc,heap        ] GC(1397) Tenured: 50479K(349568K)->50479K(349568K)
[84.438s][info][gc,metaspace   ] GC(1397) Metaspace: 73866K(74240K)->73866K(74240K) NonClass: 58723K(58944K)->58723K(58944K) Class: 15143K(15296K)->15143K(15296K)
[84.438s][info][gc             ] GC(1397) Pause Young (Allocation Failure) 187M->50M(494M) 8.850ms
[84.438s][info][gc,cpu         ] GC(1397) User=0.02s Sys=0.00s Real=0.01s
[84.473s][info][gc,start       ] GC(1398) Pause Young (Allocation Failure)
[84.481s][info][gc,heap        ] GC(1398) DefNew: 141191K(157248K)->1351K(157248K) Eden: 139776K(139776K)->0K(139776K) From: 1415K(17472K)->1351K(17472K)
[84.481s][info][gc,heap        ] GC(1398) Tenured: 50479K(349568K)->50479K(349568K)
[84.481s][info][gc,metaspace   ] GC(1398) Metaspace: 73866K(74240K)->73866K(74240K) NonClass: 58723K(58944K)->58723K(58944K) Class: 15143K(15296K)->15143K(15296K)
[84.481s][info][gc             ] GC(1398) Pause Young (Allocation Failure) 187M->50M(494M) 8.132ms
[84.481s][info][gc,cpu         ] GC(1398) User=0.02s Sys=0.00s Real=0.01s
[84.517s][info][gc,start       ] GC(1399) Pause Young (Allocation Failure)
[84.525s][info][gc,heap        ] GC(1399) DefNew: 141127K(157248K)->1411K(157248K) Eden: 139776K(139776K)->0K(139776K) From: 1351K(17472K)->1411K(17472K)
[84.525s][info][gc,heap        ] GC(1399) Tenured: 50479K(349568K)->50479K(349568K)
[84.525s][info][gc,metaspace   ] GC(1399) Metaspace: 73866K(74240K)->73866K(74240K) NonClass: 58723K(58944K)->58723K(58944K) Class: 15143K(15296K)->15143K(15296K)
[84.525s][info][gc             ] GC(1399) Pause Young (Allocation Failure) 187M->50M(494M) 8.289ms
[84.525s][info][gc,cpu         ] GC(1399) User=0.00s Sys=0.00s Real=0.00s
[84.561s][info][gc,start       ] GC(1400) Pause Young (Allocation Failure)
[84.570s][info][gc,heap        ] GC(1400) DefNew: 141187K(157248K)->1413K(157248K) Eden: 139775K(139776K)->0K(139776K) From: 1411K(17472K)->1413K(17472K)
[84.570s][info][gc,heap        ] GC(1400) Tenured: 50479K(349568K)->50480K(349568K)
[84.570s][info][gc,metaspace   ] GC(1400) Metaspace: 73867K(74240K)->73867K(74240K) NonClass: 58723K(58944K)->58723K(58944K) Class: 15143K(15296K)->15143K(15296K)
[84.570s][info][gc             ] GC(1400) Pause Young (Allocation Failure) 187M->50M(494M) 8.524ms
[84.570s][info][gc,cpu         ] GC(1400) User=0.00s Sys=0.00s Real=0.00s
[84.606s][info][gc,start       ] GC(1401) Pause Young (Allocation Failure)
[84.614s][info][gc,heap        ] GC(1401) DefNew: 141189K(157248K)->1433K(157248K) Eden: 139776K(139776K)->0K(139776K) From: 1413K(17472K)->1433K(17472K)
[84.614s][info][gc,heap        ] GC(1401) Tenured: 50480K(349568K)->50480K(349568K)
[84.614s][info][gc,metaspace   ] GC(1401) Metaspace: 73867K(74240K)->73867K(74240K) NonClass: 58723K(58944K)->58723K(58944K) Class: 15143K(15296K)->15143K(15296K)
[84.614s][info][gc             ] GC(1401) Pause Young (Allocation Failure) 187M->50M(494M) 8.296ms
[84.614s][info][gc,cpu         ] GC(1401) User=0.00s Sys=0.00s Real=0.00s
[84.649s][info][gc,start       ] GC(1402) Pause Young (Allocation Failure)
[84.658s][info][gc,heap        ] GC(1402) DefNew: 141209K(157248K)->1490K(157248K) Eden: 139776K(139776K)->0K(139776K) From: 1433K(17472K)->1490K(17472K)
[84.658s][info][gc,heap        ] GC(1402) Tenured: 50480K(349568K)->50480K(349568K)
[84.658s][info][gc,metaspace   ] GC(1402) Metaspace: 73867K(74240K)->73867K(74240K) NonClass: 58723K(58944K)->58723K(58944K) Class: 15143K(15296K)->15143K(15296K)
[84.658s][info][gc             ] GC(1402) Pause Young (Allocation Failure) 187M->50M(494M) 8.550ms
[84.658s][info][gc,cpu         ] GC(1402) User=0.00s Sys=0.00s Real=0.01s
[84.693s][info][gc,start       ] GC(1403) Pause Young (Allocation Failure)
[84.701s][info][gc,heap        ] GC(1403) DefNew: 141266K(157248K)->1517K(157248K) Eden: 139776K(139776K)->0K(139776K) From: 1490K(17472K)->1517K(17472K)
[84.702s][info][gc,heap        ] GC(1403) Tenured: 50480K(349568K)->50480K(349568K)
[84.702s][info][gc,metaspace   ] GC(1403) Metaspace: 73867K(74240K)->73867K(74240K) NonClass: 58723K(58944K)->58723K(58944K) Class: 15143K(15296K)->15143K(15296K)
[84.702s][info][gc             ] GC(1403) Pause Young (Allocation Failure) 187M->50M(494M) 8.583ms
[84.702s][info][gc,cpu         ] GC(1403) User=0.00s Sys=0.00s Real=0.00s
[84.737s][info][gc,start       ] GC(1404) Pause Young (Allocation Failure)
[84.745s][info][gc,heap        ] GC(1404) DefNew: 141293K(157248K)->1505K(157248K) Eden: 139776K(139776K)->0K(139776K) From: 1517K(17472K)->1505K(17472K)
[84.745s][info][gc,heap        ] GC(1404) Tenured: 50480K(349568K)->50480K(349568K)
[84.745s][info][gc,metaspace   ] GC(1404) Metaspace: 73867K(74240K)->73867K(74240K) NonClass: 58723K(58944K)->58723K(58944K) Class: 15143K(15296K)->15143K(15296K)
[84.745s][info][gc             ] GC(1404) Pause Young (Allocation Failure) 187M->50M(494M) 8.497ms
[84.745s][info][gc,cpu         ] GC(1404) User=0.00s Sys=0.00s Real=0.00s
[84.780s][info][gc,start       ] GC(1405) Pause Young (Allocation Failure)
[84.789s][info][gc,heap        ] GC(1405) DefNew: 141281K(157248K)->1455K(157248K) Eden: 139776K(139776K)->0K(139776K) From: 1505K(17472K)->1455K(17472K)
[84.789s][info][gc,heap        ] GC(1405) Tenured: 50480K(349568K)->50481K(349568K)
[84.789s][info][gc,metaspace   ] GC(1405) Metaspace: 73867K(74240K)->73867K(74240K) NonClass: 58723K(58944K)->58723K(58944K) Class: 15143K(15296K)->15143K(15296K)
[84.789s][info][gc             ] GC(1405) Pause Young (Allocation Failure) 187M->50M(494M) 9.129ms
[84.789s][info][gc,cpu         ] GC(1405) User=0.00s Sys=0.00s Real=0.00s
[84.825s][info][gc,start       ] GC(1406) Pause Young (Allocation Failure)
[84.834s][info][gc,heap        ] GC(1406) DefNew: 141231K(157248K)->1435K(157248K) Eden: 139775K(139776K)->0K(139776K) From: 1455K(17472K)->1435K(17472K)
[84.834s][info][gc,heap        ] GC(1406) Tenured: 50481K(349568K)->50481K(349568K)
[84.834s][info][gc,metaspace   ] GC(1406) Metaspace: 73867K(74240K)->73867K(74240K) NonClass: 58723K(58944K)->58723K(58944K) Class: 15143K(15296K)->15143K(15296K)
[84.834s][info][gc             ] GC(1406) Pause Young (Allocation Failure) 187M->50M(494M) 9.083ms
[84.834s][info][gc,cpu         ] GC(1406) User=0.00s Sys=0.00s Real=0.00s
[84.870s][info][gc,start       ] GC(1407) Pause Young (Allocation Failure)
[84.878s][info][gc,heap        ] GC(1407) DefNew: 141211K(157248K)->1432K(157248K) Eden: 139776K(139776K)->0K(139776K) From: 1435K(17472K)->1432K(17472K)
[84.878s][info][gc,heap        ] GC(1407) Tenured: 50481K(349568K)->50503K(349568K)
[84.878s][info][gc,metaspace   ] GC(1407) Metaspace: 73867K(74240K)->73867K(74240K) NonClass: 58723K(58944K)->58723K(58944K) Class: 15143K(15296K)->15143K(15296K)
[84.878s][info][gc             ] GC(1407) Pause Young (Allocation Failure) 187M->50M(494M) 8.723ms
[84.878s][info][gc,cpu         ] GC(1407) User=0.00s Sys=0.00s Real=0.00s
[84.914s][info][gc,start       ] GC(1408) Pause Young (Allocation Failure)
[84.922s][info][gc,heap        ] GC(1408) DefNew: 141208K(157248K)->1388K(157248K) Eden: 139776K(139776K)->0K(139776K) From: 1432K(17472K)->1388K(17472K)
[84.922s][info][gc,heap        ] GC(1408) Tenured: 50503K(349568K)->50504K(349568K)
[84.922s][info][gc,metaspace   ] GC(1408) Metaspace: 73867K(74240K)->73867K(74240K) NonClass: 58723K(58944K)->58723K(58944K) Class: 15143K(15296K)->15143K(15296K)
[84.922s][info][gc             ] GC(1408) Pause Young (Allocation Failure) 187M->50M(494M) 7.861ms
[84.922s][info][gc,cpu         ] GC(1408) User=0.00s Sys=0.00s Real=0.00s
[84.957s][info][gc,start       ] GC(1409) Pause Young (Allocation Failure)
[84.965s][info][gc,heap        ] GC(1409) DefNew: 141164K(157248K)->1419K(157248K) Eden: 139776K(139776K)->0K(139776K) From: 1388K(17472K)->1419K(17472K)
[84.965s][info][gc,heap        ] GC(1409) Tenured: 50504K(349568K)->50504K(349568K)
[84.965s][info][gc,metaspace   ] GC(1409) Metaspace: 73867K(74240K)->73867K(74240K) NonClass: 58723K(58944K)->58723K(58944K) Class: 15143K(15296K)->15143K(15296K)
[84.965s][info][gc             ] GC(1409) Pause Young (Allocation Failure) 187M->50M(494M) 8.207ms
[84.965s][info][gc,cpu         ] GC(1409) User=0.00s Sys=0.00s Real=0.00s
[85.001s][info][gc,start       ] GC(1410) Pause Young (Allocation Failure)
[85.009s][info][gc,heap        ] GC(1410) DefNew: 141195K(157248K)->1424K(157248K) Eden: 139776K(139776K)->0K(139776K) From: 1419K(17472K)->1424K(17472K)
[85.009s][info][gc,heap        ] GC(1410) Tenured: 50504K(349568K)->50505K(349568K)
[85.009s][info][gc,metaspace   ] GC(1410) Metaspace: 73867K(74240K)->73867K(74240K) NonClass: 58723K(58944K)->58723K(58944K) Class: 15143K(15296K)->15143K(15296K)
[85.009s][info][gc             ] GC(1410) Pause Young (Allocation Failure) 187M->50M(494M) 8.289ms
[85.009s][info][gc,cpu         ] GC(1410) User=0.00s Sys=0.00s Real=0.00s
[85.044s][info][gc,start       ] GC(1411) Pause Young (Allocation Failure)
[85.053s][info][gc,heap        ] GC(1411) DefNew: 141200K(157248K)->1445K(157248K) Eden: 139776K(139776K)->0K(139776K) From: 1424K(17472K)->1445K(17472K)
[85.053s][info][gc,heap        ] GC(1411) Tenured: 50505K(349568K)->50507K(349568K)
[85.053s][info][gc,metaspace   ] GC(1411) Metaspace: 73867K(74240K)->73867K(74240K) NonClass: 58723K(58944K)->58723K(58944K) Class: 15143K(15296K)->15143K(15296K)
[85.053s][info][gc             ] GC(1411) Pause Young (Allocation Failure) 187M->50M(494M) 8.390ms
[85.053s][info][gc,cpu         ] GC(1411) User=0.00s Sys=0.00s Real=0.00s
[85.088s][info][gc,start       ] GC(1412) Pause Young (Allocation Failure)
[85.096s][info][gc,heap        ] GC(1412) DefNew: 141221K(157248K)->1425K(157248K) Eden: 139776K(139776K)->0K(139776K) From: 1445K(17472K)->1425K(17472K)
[85.096s][info][gc,heap        ] GC(1412) Tenured: 50507K(349568K)->50507K(349568K)
[85.096s][info][gc,metaspace   ] GC(1412) Metaspace: 73867K(74240K)->73867K(74240K) NonClass: 58723K(58944K)->58723K(58944K) Class: 15143K(15296K)->15143K(15296K)
[85.096s][info][gc             ] GC(1412) Pause Young (Allocation Failure) 187M->50M(494M) 8.273ms
[85.096s][info][gc,cpu         ] GC(1412) User=0.00s Sys=0.00s Real=0.00s
[85.132s][info][gc,start       ] GC(1413) Pause Young (Allocation Failure)
[85.140s][info][gc,heap        ] GC(1413) DefNew: 141201K(157248K)->1423K(157248K) Eden: 139776K(139776K)->0K(139776K) From: 1425K(17472K)->1423K(17472K)
[85.141s][info][gc,heap        ] GC(1413) Tenured: 50507K(349568K)->50507K(349568K)
[85.141s][info][gc,metaspace   ] GC(1413) Metaspace: 73867K(74240K)->73867K(74240K) NonClass: 58723K(58944K)->58723K(58944K) Class: 15143K(15296K)->15143K(15296K)
[85.141s][info][gc             ] GC(1413) Pause Young (Allocation Failure) 187M->50M(494M) 9.011ms
[85.141s][info][gc,cpu         ] GC(1413) User=0.00s Sys=0.00s Real=0.00s
[85.176s][info][gc,start       ] GC(1414) Pause Young (Allocation Failure)
[85.185s][info][gc,heap        ] GC(1414) DefNew: 141199K(157248K)->1431K(157248K) Eden: 139776K(139776K)->0K(139776K) From: 1423K(17472K)->1431K(17472K)
[85.185s][info][gc,heap        ] GC(1414) Tenured: 50507K(349568K)->50507K(349568K)
[85.185s][info][gc,metaspace   ] GC(1414) Metaspace: 73867K(74240K)->73867K(74240K) NonClass: 58723K(58944K)->58723K(58944K) Class: 15143K(15296K)->15143K(15296K)
[85.185s][info][gc             ] GC(1414) Pause Young (Allocation Failure) 187M->50M(494M) 8.714ms
[85.185s][info][gc,cpu         ] GC(1414) User=0.00s Sys=0.00s Real=0.00s
[85.220s][info][gc,start       ] GC(1415) Pause Young (Allocation Failure)
[85.229s][info][gc,heap        ] GC(1415) DefNew: 141207K(157248K)->1427K(157248K) Eden: 139776K(139776K)->0K(139776K) From: 1431K(17472K)->1427K(17472K)
[85.229s][info][gc,heap        ] GC(1415) Tenured: 50507K(349568K)->50551K(349568K)
[85.229s][info][gc,metaspace   ] GC(1415) Metaspace: 73867K(74240K)->73867K(74240K) NonClass: 58723K(58944K)->58723K(58944K) Class: 15143K(15296K)->15143K(15296K)
[85.229s][info][gc             ] GC(1415) Pause Young (Allocation Failure) 187M->50M(494M) 8.500ms
[85.229s][info][gc,cpu         ] GC(1415) User=0.00s Sys=0.00s Real=0.00s
[85.264s][info][gc,start       ] GC(1416) Pause Young (Allocation Failure)
[85.272s][info][gc,heap        ] GC(1416) DefNew: 141203K(157248K)->1376K(157248K) Eden: 139776K(139776K)->0K(139776K) From: 1427K(17472K)->1376K(17472K)
[85.272s][info][gc,heap        ] GC(1416) Tenured: 50551K(349568K)->50551K(349568K)
[85.272s][info][gc,metaspace   ] GC(1416) Metaspace: 73867K(74240K)->73867K(74240K) NonClass: 58723K(58944K)->58723K(58944K) Class: 15143K(15296K)->15143K(15296K)
[85.272s][info][gc             ] GC(1416) Pause Young (Allocation Failure) 187M->50M(494M) 7.986ms
[85.272s][info][gc,cpu         ] GC(1416) User=0.00s Sys=0.00s Real=0.00s
[85.307s][info][gc,start       ] GC(1417) Pause Young (Allocation Failure)
[85.316s][info][gc,heap        ] GC(1417) DefNew: 141152K(157248K)->1482K(157248K) Eden: 139776K(139776K)->0K(139776K) From: 1376K(17472K)->1482K(17472K)
[85.316s][info][gc,heap        ] GC(1417) Tenured: 50551K(349568K)->50551K(349568K)
[85.316s][info][gc,metaspace   ] GC(1417) Metaspace: 73867K(74240K)->73867K(74240K) NonClass: 58723K(58944K)->58723K(58944K) Class: 15143K(15296K)->15143K(15296K)
[85.316s][info][gc             ] GC(1417) Pause Young (Allocation Failure) 187M->50M(494M) 8.555ms
[85.316s][info][gc,cpu         ] GC(1417) User=0.00s Sys=0.00s Real=0.00s
[85.351s][info][gc,start       ] GC(1418) Pause Young (Allocation Failure)
[85.360s][info][gc,heap        ] GC(1418) DefNew: 141258K(157248K)->1451K(157248K) Eden: 139776K(139776K)->0K(139776K) From: 1482K(17472K)->1451K(17472K)
[85.360s][info][gc,heap        ] GC(1418) Tenured: 50551K(349568K)->50551K(349568K)
[85.360s][info][gc,metaspace   ] GC(1418) Metaspace: 73867K(74240K)->73867K(74240K) NonClass: 58723K(58944K)->58723K(58944K) Class: 15143K(15296K)->15143K(15296K)
[85.360s][info][gc             ] GC(1418) Pause Young (Allocation Failure) 187M->50M(494M) 8.362ms
[85.360s][info][gc,cpu         ] GC(1418) User=0.00s Sys=0.00s Real=0.00s
[85.395s][info][gc,start       ] GC(1419) Pause Young (Allocation Failure)
[85.403s][info][gc,heap        ] GC(1419) DefNew: 141227K(157248K)->1434K(157248K) Eden: 139776K(139776K)->0K(139776K) From: 1451K(17472K)->1434K(17472K)
[85.403s][info][gc,heap        ] GC(1419) Tenured: 50551K(349568K)->50551K(349568K)
[85.403s][info][gc,metaspace   ] GC(1419) Metaspace: 73867K(74240K)->73867K(74240K) NonClass: 58723K(58944K)->58723K(58944K) Class: 15143K(15296K)->15143K(15296K)
[85.403s][info][gc             ] GC(1419) Pause Young (Allocation Failure) 187M->50M(494M) 8.310ms
[85.403s][info][gc,cpu         ] GC(1419) User=0.00s Sys=0.00s Real=0.00s
[85.439s][info][gc,start       ] GC(1420) Pause Young (Allocation Failure)
[85.447s][info][gc,heap        ] GC(1420) DefNew: 141210K(157248K)->1364K(157248K) Eden: 139776K(139776K)->0K(139776K) From: 1434K(17472K)->1364K(17472K)
[85.447s][info][gc,heap        ] GC(1420) Tenured: 50551K(349568K)->50551K(349568K)
[85.447s][info][gc,metaspace   ] GC(1420) Metaspace: 73867K(74240K)->73867K(74240K) NonClass: 58723K(58944K)->58723K(58944K) Class: 15143K(15296K)->15143K(15296K)
[85.447s][info][gc             ] GC(1420) Pause Young (Allocation Failure) 187M->50M(494M) 7.965ms
[85.447s][info][gc,cpu         ] GC(1420) User=0.00s Sys=0.00s Real=0.00s
[85.482s][info][gc,start       ] GC(1421) Pause Young (Allocation Failure)
[85.490s][info][gc,heap        ] GC(1421) DefNew: 141140K(157248K)->1381K(157248K) Eden: 139776K(139776K)->0K(139776K) From: 1364K(17472K)->1381K(17472K)
[85.490s][info][gc,heap        ] GC(1421) Tenured: 50551K(349568K)->50551K(349568K)
[85.490s][info][gc,metaspace   ] GC(1421) Metaspace: 73867K(74240K)->73867K(74240K) NonClass: 58723K(58944K)->58723K(58944K) Class: 15143K(15296K)->15143K(15296K)
[85.490s][info][gc             ] GC(1421) Pause Young (Allocation Failure) 187M->50M(494M) 8.106ms
[85.490s][info][gc,cpu         ] GC(1421) User=0.00s Sys=0.00s Real=0.00s
[85.526s][info][gc,start       ] GC(1422) Pause Young (Allocation Failure)
[85.534s][info][gc,heap        ] GC(1422) DefNew: 141157K(157248K)->1415K(157248K) Eden: 139776K(139776K)->0K(139776K) From: 1381K(17472K)->1415K(17472K)
[85.534s][info][gc,heap        ] GC(1422) Tenured: 50551K(349568K)->50552K(349568K)
[85.534s][info][gc,metaspace   ] GC(1422) Metaspace: 73867K(74240K)->73867K(74240K) NonClass: 58723K(58944K)->58723K(58944K) Class: 15143K(15296K)->15143K(15296K)
[85.534s][info][gc             ] GC(1422) Pause Young (Allocation Failure) 187M->50M(494M) 8.302ms
[85.534s][info][gc,cpu         ] GC(1422) User=0.00s Sys=0.00s Real=0.00s
[85.569s][info][gc,start       ] GC(1423) Pause Young (Allocation Failure)
[85.578s][info][gc,heap        ] GC(1423) DefNew: 141191K(157248K)->1420K(157248K) Eden: 139776K(139776K)->0K(139776K) From: 1415K(17472K)->1420K(17472K)
[85.578s][info][gc,heap        ] GC(1423) Tenured: 50552K(349568K)->50552K(349568K)
[85.578s][info][gc,metaspace   ] GC(1423) Metaspace: 73867K(74240K)->73867K(74240K) NonClass: 58723K(58944K)->58723K(58944K) Class: 15143K(15296K)->15143K(15296K)
[85.578s][info][gc             ] GC(1423) Pause Young (Allocation Failure) 187M->50M(494M) 8.277ms
[85.578s][info][gc,cpu         ] GC(1423) User=0.00s Sys=0.00s Real=0.00s
[85.613s][info][gc,start       ] GC(1424) Pause Young (Allocation Failure)
[85.621s][info][gc,heap        ] GC(1424) DefNew: 141196K(157248K)->1415K(157248K) Eden: 139776K(139776K)->0K(139776K) From: 1420K(17472K)->1415K(17472K)
[85.621s][info][gc,heap        ] GC(1424) Tenured: 50552K(349568K)->50552K(349568K)
[85.621s][info][gc,metaspace   ] GC(1424) Metaspace: 73867K(74240K)->73867K(74240K) NonClass: 58723K(58944K)->58723K(58944K) Class: 15143K(15296K)->15143K(15296K)
[85.621s][info][gc             ] GC(1424) Pause Young (Allocation Failure) 187M->50M(494M) 8.285ms
[85.622s][info][gc,cpu         ] GC(1424) User=0.02s Sys=0.00s Real=0.01s
[85.657s][info][gc,start       ] GC(1425) Pause Young (Allocation Failure)
[85.665s][info][gc,heap        ] GC(1425) DefNew: 141191K(157248K)->1367K(157248K) Eden: 139776K(139776K)->0K(139776K) From: 1415K(17472K)->1367K(17472K)
[85.665s][info][gc,heap        ] GC(1425) Tenured: 50552K(349568K)->50552K(349568K)
[85.665s][info][gc,metaspace   ] GC(1425) Metaspace: 73867K(74240K)->73867K(74240K) NonClass: 58723K(58944K)->58723K(58944K) Class: 15143K(15296K)->15143K(15296K)
[85.665s][info][gc             ] GC(1425) Pause Young (Allocation Failure) 187M->50M(494M) 8.155ms
[85.665s][info][gc,cpu         ] GC(1425) User=0.00s Sys=0.00s Real=0.00s
[85.700s][info][gc,start       ] GC(1426) Pause Young (Allocation Failure)
[85.709s][info][gc,heap        ] GC(1426) DefNew: 141143K(157248K)->1467K(157248K) Eden: 139776K(139776K)->0K(139776K) From: 1367K(17472K)->1467K(17472K)
[85.709s][info][gc,heap        ] GC(1426) Tenured: 50552K(349568K)->50553K(349568K)
[85.709s][info][gc,metaspace   ] GC(1426) Metaspace: 73867K(74240K)->73867K(74240K) NonClass: 58723K(58944K)->58723K(58944K) Class: 15143K(15296K)->15143K(15296K)
[85.709s][info][gc             ] GC(1426) Pause Young (Allocation Failure) 187M->50M(494M) 8.498ms
[85.709s][info][gc,cpu         ] GC(1426) User=0.00s Sys=0.00s Real=0.00s
[85.745s][info][gc,start       ] GC(1427) Pause Young (Allocation Failure)
[85.753s][info][gc,heap        ] GC(1427) DefNew: 141243K(157248K)->1438K(157248K) Eden: 139776K(139776K)->0K(139776K) From: 1467K(17472K)->1438K(17472K)
[85.753s][info][gc,heap        ] GC(1427) Tenured: 50553K(349568K)->50553K(349568K)
[85.753s][info][gc,metaspace   ] GC(1427) Metaspace: 73867K(74240K)->73867K(74240K) NonClass: 58723K(58944K)->58723K(58944K) Class: 15143K(15296K)->15143K(15296K)
[85.753s][info][gc             ] GC(1427) Pause Young (Allocation Failure) 187M->50M(494M) 8.355ms
[85.753s][info][gc,cpu         ] GC(1427) User=0.00s Sys=0.00s Real=0.00s
[85.789s][info][gc,start       ] GC(1428) Pause Young (Allocation Failure)
[85.797s][info][gc,heap        ] GC(1428) DefNew: 141214K(157248K)->1397K(157248K) Eden: 139776K(139776K)->0K(139776K) From: 1438K(17472K)->1397K(17472K)
[85.797s][info][gc,heap        ] GC(1428) Tenured: 50553K(349568K)->50554K(349568K)
[85.797s][info][gc,metaspace   ] GC(1428) Metaspace: 73867K(74240K)->73867K(74240K) NonClass: 58723K(58944K)->58723K(58944K) Class: 15143K(15296K)->15143K(15296K)
[85.797s][info][gc             ] GC(1428) Pause Young (Allocation Failure) 187M->50M(494M) 8.238ms
[85.797s][info][gc,cpu         ] GC(1428) User=0.00s Sys=0.00s Real=0.00s
[85.832s][info][gc,start       ] GC(1429) Pause Young (Allocation Failure)
[85.841s][info][gc,heap        ] GC(1429) DefNew: 141173K(157248K)->1456K(157248K) Eden: 139776K(139776K)->0K(139776K) From: 1397K(17472K)->1456K(17472K)
[85.841s][info][gc,heap        ] GC(1429) Tenured: 50554K(349568K)->50555K(349568K)
[85.841s][info][gc,metaspace   ] GC(1429) Metaspace: 73867K(74240K)->73867K(74240K) NonClass: 58723K(58944K)->58723K(58944K) Class: 15143K(15296K)->15143K(15296K)
[85.841s][info][gc             ] GC(1429) Pause Young (Allocation Failure) 187M->50M(494M) 8.424ms
[85.841s][info][gc,cpu         ] GC(1429) User=0.00s Sys=0.00s Real=0.00s
[85.876s][info][gc,start       ] GC(1430) Pause Young (Allocation Failure)
[85.885s][info][gc,heap        ] GC(1430) DefNew: 141232K(157248K)->1371K(157248K) Eden: 139776K(139776K)->0K(139776K) From: 1456K(17472K)->1371K(17472K)
[85.885s][info][gc,heap        ] GC(1430) Tenured: 50555K(349568K)->50579K(349568K)
[85.885s][info][gc,metaspace   ] GC(1430) Metaspace: 73867K(74240K)->73867K(74240K) NonClass: 58723K(58944K)->58723K(58944K) Class: 15143K(15296K)->15143K(15296K)
[85.885s][info][gc             ] GC(1430) Pause Young (Allocation Failure) 187M->50M(494M) 9.071ms
[85.885s][info][gc,cpu         ] GC(1430) User=0.00s Sys=0.00s Real=0.00s
[85.920s][info][gc,start       ] GC(1431) Pause Young (Allocation Failure)
[85.929s][info][gc,heap        ] GC(1431) DefNew: 141147K(157248K)->1393K(157248K) Eden: 139776K(139776K)->0K(139776K) From: 1371K(17472K)->1393K(17472K)
[85.929s][info][gc,heap        ] GC(1431) Tenured: 50579K(349568K)->50580K(349568K)
[85.929s][info][gc,metaspace   ] GC(1431) Metaspace: 73867K(74240K)->73867K(74240K) NonClass: 58723K(58944K)->58723K(58944K) Class: 15143K(15296K)->15143K(15296K)
[85.929s][info][gc             ] GC(1431) Pause Young (Allocation Failure) 187M->50M(494M) 8.601ms
[85.929s][info][gc,cpu         ] GC(1431) User=0.00s Sys=0.00s Real=0.00s
[85.965s][info][gc,start       ] GC(1432) Pause Young (Allocation Failure)
[85.973s][info][gc,heap        ] GC(1432) DefNew: 141169K(157248K)->1403K(157248K) Eden: 139776K(139776K)->0K(139776K) From: 1393K(17472K)->1403K(17472K)
[85.973s][info][gc,heap        ] GC(1432) Tenured: 50580K(349568K)->50580K(349568K)
[85.973s][info][gc,metaspace   ] GC(1432) Metaspace: 73867K(74240K)->73867K(74240K) NonClass: 58723K(58944K)->58723K(58944K) Class: 15143K(15296K)->15143K(15296K)
[85.973s][info][gc             ] GC(1432) Pause Young (Allocation Failure) 187M->50M(494M) 8.243ms
[85.973s][info][gc,cpu         ] GC(1432) User=0.00s Sys=0.00s Real=0.00s
[86.010s][info][gc,start       ] GC(1433) Pause Young (Allocation Failure)
[86.018s][info][gc,heap        ] GC(1433) DefNew: 141179K(157248K)->1412K(157248K) Eden: 139776K(139776K)->0K(139776K) From: 1403K(17472K)->1412K(17472K)
[86.018s][info][gc,heap        ] GC(1433) Tenured: 50580K(349568K)->50580K(349568K)
[86.018s][info][gc,metaspace   ] GC(1433) Metaspace: 73867K(74240K)->73867K(74240K) NonClass: 58723K(58944K)->58723K(58944K) Class: 15143K(15296K)->15143K(15296K)
[86.018s][info][gc             ] GC(1433) Pause Young (Allocation Failure) 187M->50M(494M) 8.476ms
[86.018s][info][gc,cpu         ] GC(1433) User=0.00s Sys=0.00s Real=0.01s
[86.054s][info][gc,start       ] GC(1434) Pause Young (Allocation Failure)
[86.062s][info][gc,heap        ] GC(1434) DefNew: 141188K(157248K)->1395K(157248K) Eden: 139776K(139776K)->0K(139776K) From: 1412K(17472K)->1395K(17472K)
[86.062s][info][gc,heap        ] GC(1434) Tenured: 50580K(349568K)->50580K(349568K)
[86.062s][info][gc,metaspace   ] GC(1434) Metaspace: 73867K(74240K)->73867K(74240K) NonClass: 58723K(58944K)->58723K(58944K) Class: 15143K(15296K)->15143K(15296K)
[86.062s][info][gc             ] GC(1434) Pause Young (Allocation Failure) 187M->50M(494M) 8.197ms
[86.062s][info][gc,cpu         ] GC(1434) User=0.00s Sys=0.00s Real=0.00s
[86.098s][info][gc,start       ] GC(1435) Pause Young (Allocation Failure)
[86.106s][info][gc,heap        ] GC(1435) DefNew: 141171K(157248K)->1420K(157248K) Eden: 139776K(139776K)->0K(139776K) From: 1395K(17472K)->1420K(17472K)
[86.106s][info][gc,heap        ] GC(1435) Tenured: 50580K(349568K)->50580K(349568K)
[86.106s][info][gc,metaspace   ] GC(1435) Metaspace: 73867K(74240K)->73867K(74240K) NonClass: 58723K(58944K)->58723K(58944K) Class: 15143K(15296K)->15143K(15296K)
[86.106s][info][gc             ] GC(1435) Pause Young (Allocation Failure) 187M->50M(494M) 8.408ms
[86.106s][info][gc,cpu         ] GC(1435) User=0.02s Sys=0.00s Real=0.01s
[86.142s][info][gc,start       ] GC(1436) Pause Young (Allocation Failure)
[86.150s][info][gc,heap        ] GC(1436) DefNew: 141196K(157248K)->1337K(157248K) Eden: 139776K(139776K)->0K(139776K) From: 1420K(17472K)->1337K(17472K)
[86.151s][info][gc,heap        ] GC(1436) Tenured: 50580K(349568K)->50580K(349568K)
[86.151s][info][gc,metaspace   ] GC(1436) Metaspace: 73867K(74240K)->73867K(74240K) NonClass: 58723K(58944K)->58723K(58944K) Class: 15143K(15296K)->15143K(15296K)
[86.151s][info][gc             ] GC(1436) Pause Young (Allocation Failure) 187M->50M(494M) 8.856ms
[86.151s][info][gc,cpu         ] GC(1436) User=0.02s Sys=0.00s Real=0.01s
[86.186s][info][gc,start       ] GC(1437) Pause Young (Allocation Failure)
[86.195s][info][gc,heap        ] GC(1437) DefNew: 141113K(157248K)->1399K(157248K) Eden: 139776K(139776K)->0K(139776K) From: 1337K(17472K)->1399K(17472K)
[86.195s][info][gc,heap        ] GC(1437) Tenured: 50580K(349568K)->50580K(349568K)
[86.195s][info][gc,metaspace   ] GC(1437) Metaspace: 73867K(74240K)->73867K(74240K) NonClass: 58723K(58944K)->58723K(58944K) Class: 15143K(15296K)->15143K(15296K)
[86.195s][info][gc             ] GC(1437) Pause Young (Allocation Failure) 187M->50M(494M) 8.848ms
[86.195s][info][gc,cpu         ] GC(1437) User=0.02s Sys=0.00s Real=0.01s
[86.231s][info][gc,start       ] GC(1438) Pause Young (Allocation Failure)
[86.240s][info][gc,heap        ] GC(1438) DefNew: 141175K(157248K)->1397K(157248K) Eden: 139776K(139776K)->0K(139776K) From: 1399K(17472K)->1397K(17472K)
[86.240s][info][gc,heap        ] GC(1438) Tenured: 50580K(349568K)->50580K(349568K)
[86.240s][info][gc,metaspace   ] GC(1438) Metaspace: 73867K(74240K)->73867K(74240K) NonClass: 58723K(58944K)->58723K(58944K) Class: 15143K(15296K)->15143K(15296K)
[86.240s][info][gc             ] GC(1438) Pause Young (Allocation Failure) 187M->50M(494M) 9.065ms
[86.240s][info][gc,cpu         ] GC(1438) User=0.00s Sys=0.00s Real=0.00s
[86.275s][info][gc,start       ] GC(1439) Pause Young (Allocation Failure)
[86.284s][info][gc,heap        ] GC(1439) DefNew: 141173K(157248K)->1377K(157248K) Eden: 139775K(139776K)->0K(139776K) From: 1397K(17472K)->1377K(17472K)
[86.284s][info][gc,heap        ] GC(1439) Tenured: 50580K(349568K)->50580K(349568K)
[86.284s][info][gc,metaspace   ] GC(1439) Metaspace: 73867K(74240K)->73867K(74240K) NonClass: 58723K(58944K)->58723K(58944K) Class: 15143K(15296K)->15143K(15296K)
[86.284s][info][gc             ] GC(1439) Pause Young (Allocation Failure) 187M->50M(494M) 8.680ms
[86.284s][info][gc,cpu         ] GC(1439) User=0.00s Sys=0.00s Real=0.00s
[86.319s][info][gc,start       ] GC(1440) Pause Young (Allocation Failure)
[86.331s][info][gc,heap        ] GC(1440) DefNew: 141153K(157248K)->1424K(157248K) Eden: 139776K(139776K)->0K(139776K) From: 1377K(17472K)->1424K(17472K)
[86.331s][info][gc,heap        ] GC(1440) Tenured: 50580K(349568K)->50580K(349568K)
[86.331s][info][gc,metaspace   ] GC(1440) Metaspace: 73867K(74240K)->73867K(74240K) NonClass: 58723K(58944K)->58723K(58944K) Class: 15143K(15296K)->15143K(15296K)
[86.331s][info][gc             ] GC(1440) Pause Young (Allocation Failure) 187M->50M(494M) 12.055ms
[86.331s][info][gc,cpu         ] GC(1440) User=0.00s Sys=0.00s Real=0.00s
[86.368s][info][gc,start       ] GC(1441) Pause Young (Allocation Failure)
[86.376s][info][gc,heap        ] GC(1441) DefNew: 141200K(157248K)->1427K(157248K) Eden: 139776K(139776K)->0K(139776K) From: 1424K(17472K)->1427K(17472K)
[86.376s][info][gc,heap        ] GC(1441) Tenured: 50580K(349568K)->50581K(349568K)
[86.376s][info][gc,metaspace   ] GC(1441) Metaspace: 73867K(74240K)->73867K(74240K) NonClass: 58723K(58944K)->58723K(58944K) Class: 15143K(15296K)->15143K(15296K)
[86.376s][info][gc             ] GC(1441) Pause Young (Allocation Failure) 187M->50M(494M) 8.469ms
[86.376s][info][gc,cpu         ] GC(1441) User=0.00s Sys=0.00s Real=0.01s
[86.411s][info][gc,start       ] GC(1442) Pause Young (Allocation Failure)
[86.420s][info][gc,heap        ] GC(1442) DefNew: 141203K(157248K)->1407K(157248K) Eden: 139776K(139776K)->0K(139776K) From: 1427K(17472K)->1407K(17472K)
[86.420s][info][gc,heap        ] GC(1442) Tenured: 50581K(349568K)->50581K(349568K)
[86.420s][info][gc,metaspace   ] GC(1442) Metaspace: 73867K(74240K)->73867K(74240K) NonClass: 58723K(58944K)->58723K(58944K) Class: 15143K(15296K)->15143K(15296K)
[86.420s][info][gc             ] GC(1442) Pause Young (Allocation Failure) 187M->50M(494M) 8.334ms
[86.420s][info][gc,cpu         ] GC(1442) User=0.00s Sys=0.00s Real=0.00s
[86.455s][info][gc,start       ] GC(1443) Pause Young (Allocation Failure)
[86.464s][info][gc,heap        ] GC(1443) DefNew: 141183K(157248K)->1361K(157248K) Eden: 139776K(139776K)->0K(139776K) From: 1407K(17472K)->1361K(17472K)
[86.464s][info][gc,heap        ] GC(1443) Tenured: 50581K(349568K)->50581K(349568K)
[86.464s][info][gc,metaspace   ] GC(1443) Metaspace: 73867K(74240K)->73867K(74240K) NonClass: 58723K(58944K)->58723K(58944K) Class: 15143K(15296K)->15143K(15296K)
[86.464s][info][gc             ] GC(1443) Pause Young (Allocation Failure) 187M->50M(494M) 8.885ms
[86.464s][info][gc,cpu         ] GC(1443) User=0.00s Sys=0.00s Real=0.00s
[86.499s][info][gc,start       ] GC(1444) Pause Young (Allocation Failure)
[86.508s][info][gc,heap        ] GC(1444) DefNew: 141137K(157248K)->1413K(157248K) Eden: 139776K(139776K)->0K(139776K) From: 1361K(17472K)->1413K(17472K)
[86.508s][info][gc,heap        ] GC(1444) Tenured: 50581K(349568K)->50582K(349568K)
[86.508s][info][gc,metaspace   ] GC(1444) Metaspace: 73867K(74240K)->73867K(74240K) NonClass: 58723K(58944K)->58723K(58944K) Class: 15143K(15296K)->15143K(15296K)
[86.508s][info][gc             ] GC(1444) Pause Young (Allocation Failure) 187M->50M(494M) 8.756ms
[86.508s][info][gc,cpu         ] GC(1444) User=0.00s Sys=0.00s Real=0.00s
[86.544s][info][gc,start       ] GC(1445) Pause Young (Allocation Failure)
[86.552s][info][gc,heap        ] GC(1445) DefNew: 141189K(157248K)->1432K(157248K) Eden: 139776K(139776K)->0K(139776K) From: 1413K(17472K)->1432K(17472K)
[86.552s][info][gc,heap        ] GC(1445) Tenured: 50582K(349568K)->50582K(349568K)
[86.552s][info][gc,metaspace   ] GC(1445) Metaspace: 73867K(74240K)->73867K(74240K) NonClass: 58723K(58944K)->58723K(58944K) Class: 15143K(15296K)->15143K(15296K)
[86.552s][info][gc             ] GC(1445) Pause Young (Allocation Failure) 187M->50M(494M) 8.278ms
[86.552s][info][gc,cpu         ] GC(1445) User=0.00s Sys=0.00s Real=0.00s
[86.588s][info][gc,start       ] GC(1446) Pause Young (Allocation Failure)
[86.596s][info][gc,heap        ] GC(1446) DefNew: 141208K(157248K)->1406K(157248K) Eden: 139776K(139776K)->0K(139776K) From: 1432K(17472K)->1406K(17472K)
[86.596s][info][gc,heap        ] GC(1446) Tenured: 50582K(349568K)->50583K(349568K)
[86.596s][info][gc,metaspace   ] GC(1446) Metaspace: 73867K(74240K)->73867K(74240K) NonClass: 58723K(58944K)->58723K(58944K) Class: 15143K(15296K)->15143K(15296K)
[86.596s][info][gc             ] GC(1446) Pause Young (Allocation Failure) 187M->50M(494M) 8.410ms
[86.596s][info][gc,cpu         ] GC(1446) User=0.00s Sys=0.00s Real=0.00s
[86.631s][info][gc,start       ] GC(1447) Pause Young (Allocation Failure)
[86.639s][info][gc,heap        ] GC(1447) DefNew: 141182K(157248K)->1381K(157248K) Eden: 139776K(139776K)->0K(139776K) From: 1406K(17472K)->1381K(17472K)
[86.639s][info][gc,heap        ] GC(1447) Tenured: 50583K(349568K)->50583K(349568K)
[86.639s][info][gc,metaspace   ] GC(1447) Metaspace: 73867K(74240K)->73867K(74240K) NonClass: 58723K(58944K)->58723K(58944K) Class: 15143K(15296K)->15143K(15296K)
[86.639s][info][gc             ] GC(1447) Pause Young (Allocation Failure) 187M->50M(494M) 8.146ms
[86.639s][info][gc,cpu         ] GC(1447) User=0.02s Sys=0.00s Real=0.00s
[86.675s][info][gc,start       ] GC(1448) Pause Young (Allocation Failure)
[86.683s][info][gc,heap        ] GC(1448) DefNew: 141157K(157248K)->1434K(157248K) Eden: 139776K(139776K)->0K(139776K) From: 1381K(17472K)->1434K(17472K)
[86.684s][info][gc,heap        ] GC(1448) Tenured: 50583K(349568K)->50583K(349568K)
[86.684s][info][gc,metaspace   ] GC(1448) Metaspace: 73868K(74240K)->73868K(74240K) NonClass: 58724K(58944K)->58724K(58944K) Class: 15144K(15296K)->15144K(15296K)
[86.684s][info][gc             ] GC(1448) Pause Young (Allocation Failure) 187M->50M(494M) 8.586ms
[86.684s][info][gc,cpu         ] GC(1448) User=0.00s Sys=0.00s Real=0.00s
[86.719s][info][gc,start       ] GC(1449) Pause Young (Allocation Failure)
[86.728s][info][gc,heap        ] GC(1449) DefNew: 141210K(157248K)->1363K(157248K) Eden: 139776K(139776K)->0K(139776K) From: 1434K(17472K)->1363K(17472K)
[86.728s][info][gc,heap        ] GC(1449) Tenured: 50583K(349568K)->50583K(349568K)
[86.728s][info][gc,metaspace   ] GC(1449) Metaspace: 73868K(74240K)->73868K(74240K) NonClass: 58724K(58944K)->58724K(58944K) Class: 15144K(15296K)->15144K(15296K)
[86.728s][info][gc             ] GC(1449) Pause Young (Allocation Failure) 187M->50M(494M) 8.383ms
[86.728s][info][gc,cpu         ] GC(1449) User=0.00s Sys=0.00s Real=0.00s
[86.763s][info][gc,start       ] GC(1450) Pause Young (Allocation Failure)
[86.771s][info][gc,heap        ] GC(1450) DefNew: 141139K(157248K)->1367K(157248K) Eden: 139776K(139776K)->0K(139776K) From: 1363K(17472K)->1367K(17472K)
[86.771s][info][gc,heap        ] GC(1450) Tenured: 50583K(349568K)->50583K(349568K)
[86.771s][info][gc,metaspace   ] GC(1450) Metaspace: 73868K(74240K)->73868K(74240K) NonClass: 58724K(58944K)->58724K(58944K) Class: 15144K(15296K)->15144K(15296K)
[86.771s][info][gc             ] GC(1450) Pause Young (Allocation Failure) 187M->50M(494M) 8.193ms
[86.771s][info][gc,cpu         ] GC(1450) User=0.00s Sys=0.00s Real=0.00s
[86.807s][info][gc,start       ] GC(1451) Pause Young (Allocation Failure)
[86.815s][info][gc,heap        ] GC(1451) DefNew: 141143K(157248K)->1426K(157248K) Eden: 139776K(139776K)->0K(139776K) From: 1367K(17472K)->1426K(17472K)
[86.815s][info][gc,heap        ] GC(1451) Tenured: 50583K(349568K)->50584K(349568K)
[86.815s][info][gc,metaspace   ] GC(1451) Metaspace: 73868K(74240K)->73868K(74240K) NonClass: 58724K(58944K)->58724K(58944K) Class: 15144K(15296K)->15144K(15296K)
[86.815s][info][gc             ] GC(1451) Pause Young (Allocation Failure) 187M->50M(494M) 8.562ms
[86.815s][info][gc,cpu         ] GC(1451) User=0.00s Sys=0.00s Real=0.00s
[86.850s][info][gc,start       ] GC(1452) Pause Young (Allocation Failure)
[86.859s][info][gc,heap        ] GC(1452) DefNew: 141202K(157248K)->1389K(157248K) Eden: 139775K(139776K)->0K(139776K) From: 1426K(17472K)->1389K(17472K)
[86.859s][info][gc,heap        ] GC(1452) Tenured: 50584K(349568K)->50609K(349568K)
[86.859s][info][gc,metaspace   ] GC(1452) Metaspace: 73868K(74240K)->73868K(74240K) NonClass: 58724K(58944K)->58724K(58944K) Class: 15144K(15296K)->15144K(15296K)
[86.859s][info][gc             ] GC(1452) Pause Young (Allocation Failure) 187M->50M(494M) 8.517ms
[86.859s][info][gc,cpu         ] GC(1452) User=0.02s Sys=0.00s Real=0.00s
[86.894s][info][gc,start       ] GC(1453) Pause Young (Allocation Failure)
[86.903s][info][gc,heap        ] GC(1453) DefNew: 141165K(157248K)->1357K(157248K) Eden: 139776K(139776K)->0K(139776K) From: 1389K(17472K)->1357K(17472K)
[86.903s][info][gc,heap        ] GC(1453) Tenured: 50609K(349568K)->50610K(349568K)
[86.904s][info][gc,metaspace   ] GC(1453) Metaspace: 73868K(74240K)->73868K(74240K) NonClass: 58724K(58944K)->58724K(58944K) Class: 15144K(15296K)->15144K(15296K)
[86.904s][info][gc             ] GC(1453) Pause Young (Allocation Failure) 187M->50M(494M) 9.101ms
[86.904s][info][gc,cpu         ] GC(1453) User=0.00s Sys=0.00s Real=0.00s
[86.939s][info][gc,start       ] GC(1454) Pause Young (Allocation Failure)
[86.948s][info][gc,heap        ] GC(1454) DefNew: 141133K(157248K)->1397K(157248K) Eden: 139776K(139776K)->0K(139776K) From: 1357K(17472K)->1397K(17472K)
[86.948s][info][gc,heap        ] GC(1454) Tenured: 50610K(349568K)->50610K(349568K)
[86.948s][info][gc,metaspace   ] GC(1454) Metaspace: 73868K(74240K)->73868K(74240K) NonClass: 58724K(58944K)->58724K(58944K) Class: 15144K(15296K)->15144K(15296K)
[86.948s][info][gc             ] GC(1454) Pause Young (Allocation Failure) 187M->50M(494M) 8.868ms
[86.948s][info][gc,cpu         ] GC(1454) User=0.00s Sys=0.00s Real=0.00s
[86.983s][info][gc,start       ] GC(1455) Pause Young (Allocation Failure)
[86.992s][info][gc,heap        ] GC(1455) DefNew: 141173K(157248K)->1397K(157248K) Eden: 139776K(139776K)->0K(139776K) From: 1397K(17472K)->1397K(17472K)
[86.992s][info][gc,heap        ] GC(1455) Tenured: 50610K(349568K)->50610K(349568K)
[86.992s][info][gc,metaspace   ] GC(1455) Metaspace: 73868K(74240K)->73868K(74240K) NonClass: 58724K(58944K)->58724K(58944K) Class: 15144K(15296K)->15144K(15296K)
[86.992s][info][gc             ] GC(1455) Pause Young (Allocation Failure) 187M->50M(494M) 8.370ms
[86.992s][info][gc,cpu         ] GC(1455) User=0.00s Sys=0.00s Real=0.00s
[87.027s][info][gc,start       ] GC(1456) Pause Young (Allocation Failure)
[87.037s][info][gc,heap        ] GC(1456) DefNew: 141173K(157248K)->1424K(157248K) Eden: 139776K(139776K)->0K(139776K) From: 1397K(17472K)->1424K(17472K)
[87.037s][info][gc,heap        ] GC(1456) Tenured: 50610K(349568K)->50610K(349568K)
[87.037s][info][gc,metaspace   ] GC(1456) Metaspace: 73868K(74240K)->73868K(74240K) NonClass: 58724K(58944K)->58724K(58944K) Class: 15144K(15296K)->15144K(15296K)
[87.037s][info][gc             ] GC(1456) Pause Young (Allocation Failure) 187M->50M(494M) 9.502ms
[87.037s][info][gc,cpu         ] GC(1456) User=0.00s Sys=0.00s Real=0.00s
[87.073s][info][gc,start       ] GC(1457) Pause Young (Allocation Failure)
[87.082s][info][gc,heap        ] GC(1457) DefNew: 141200K(157248K)->1412K(157248K) Eden: 139776K(139776K)->0K(139776K) From: 1424K(17472K)->1412K(17472K)
[87.082s][info][gc,heap        ] GC(1457) Tenured: 50610K(349568K)->50610K(349568K)
[87.082s][info][gc,metaspace   ] GC(1457) Metaspace: 73868K(74240K)->73868K(74240K) NonClass: 58724K(58944K)->58724K(58944K) Class: 15144K(15296K)->15144K(15296K)
[87.082s][info][gc             ] GC(1457) Pause Young (Allocation Failure) 187M->50M(494M) 9.109ms
[87.082s][info][gc,cpu         ] GC(1457) User=0.00s Sys=0.00s Real=0.00s
[87.118s][info][gc,start       ] GC(1458) Pause Young (Allocation Failure)
[87.126s][info][gc,heap        ] GC(1458) DefNew: 141188K(157248K)->1350K(157248K) Eden: 139776K(139776K)->0K(139776K) From: 1412K(17472K)->1350K(17472K)
[87.126s][info][gc,heap        ] GC(1458) Tenured: 50610K(349568K)->50610K(349568K)
[87.126s][info][gc,metaspace   ] GC(1458) Metaspace: 73868K(74240K)->73868K(74240K) NonClass: 58724K(58944K)->58724K(58944K) Class: 15144K(15296K)->15144K(15296K)
[87.126s][info][gc             ] GC(1458) Pause Young (Allocation Failure) 187M->50M(494M) 8.305ms
[87.126s][info][gc,cpu         ] GC(1458) User=0.00s Sys=0.00s Real=0.01s
[87.161s][info][gc,start       ] GC(1459) Pause Young (Allocation Failure)
[87.170s][info][gc,heap        ] GC(1459) DefNew: 141126K(157248K)->1393K(157248K) Eden: 139776K(139776K)->0K(139776K) From: 1350K(17472K)->1393K(17472K)
[87.170s][info][gc,heap        ] GC(1459) Tenured: 50610K(349568K)->50610K(349568K)
[87.170s][info][gc,metaspace   ] GC(1459) Metaspace: 73868K(74240K)->73868K(74240K) NonClass: 58724K(58944K)->58724K(58944K) Class: 15144K(15296K)->15144K(15296K)
[87.170s][info][gc             ] GC(1459) Pause Young (Allocation Failure) 187M->50M(494M) 8.387ms
[87.170s][info][gc,cpu         ] GC(1459) User=0.00s Sys=0.00s Real=0.00s
[87.205s][info][gc,start       ] GC(1460) Pause Young (Allocation Failure)
[87.213s][info][gc,heap        ] GC(1460) DefNew: 141169K(157248K)->1381K(157248K) Eden: 139776K(139776K)->0K(139776K) From: 1393K(17472K)->1381K(17472K)
[87.213s][info][gc,heap        ] GC(1460) Tenured: 50610K(349568K)->50610K(349568K)
[87.213s][info][gc,metaspace   ] GC(1460) Metaspace: 73868K(74240K)->73868K(74240K) NonClass: 58724K(58944K)->58724K(58944K) Class: 15144K(15296K)->15144K(15296K)
[87.213s][info][gc             ] GC(1460) Pause Young (Allocation Failure) 187M->50M(494M) 8.354ms
[87.213s][info][gc,cpu         ] GC(1460) User=0.00s Sys=0.00s Real=0.00s
[87.249s][info][gc,start       ] GC(1461) Pause Young (Allocation Failure)
[87.257s][info][gc,heap        ] GC(1461) DefNew: 141157K(157248K)->1425K(157248K) Eden: 139776K(139776K)->0K(139776K) From: 1381K(17472K)->1425K(17472K)
[87.257s][info][gc,heap        ] GC(1461) Tenured: 50610K(349568K)->50611K(349568K)
[87.257s][info][gc,metaspace   ] GC(1461) Metaspace: 73868K(74240K)->73868K(74240K) NonClass: 58724K(58944K)->58724K(58944K) Class: 15144K(15296K)->15144K(15296K)
[87.257s][info][gc             ] GC(1461) Pause Young (Allocation Failure) 187M->50M(494M) 8.526ms
[87.257s][info][gc,cpu         ] GC(1461) User=0.00s Sys=0.00s Real=0.00s
[87.293s][info][gc,start       ] GC(1462) Pause Young (Allocation Failure)
[87.301s][info][gc,heap        ] GC(1462) DefNew: 141201K(157248K)->1459K(157248K) Eden: 139776K(139776K)->0K(139776K) From: 1425K(17472K)->1459K(17472K)
[87.301s][info][gc,heap        ] GC(1462) Tenured: 50611K(349568K)->50612K(349568K)
[87.301s][info][gc,metaspace   ] GC(1462) Metaspace: 73868K(74240K)->73868K(74240K) NonClass: 58724K(58944K)->58724K(58944K) Class: 15144K(15296K)->15144K(15296K)
[87.301s][info][gc             ] GC(1462) Pause Young (Allocation Failure) 187M->50M(494M) 8.660ms
[87.301s][info][gc,cpu         ] GC(1462) User=0.00s Sys=0.00s Real=0.00s
[87.337s][info][gc,start       ] GC(1463) Pause Young (Allocation Failure)
[87.345s][info][gc,heap        ] GC(1463) DefNew: 141235K(157248K)->1424K(157248K) Eden: 139776K(139776K)->0K(139776K) From: 1459K(17472K)->1424K(17472K)
[87.345s][info][gc,heap        ] GC(1463) Tenured: 50612K(349568K)->50614K(349568K)
[87.345s][info][gc,metaspace   ] GC(1463) Metaspace: 73868K(74240K)->73868K(74240K) NonClass: 58724K(58944K)->58724K(58944K) Class: 15144K(15296K)->15144K(15296K)
[87.346s][info][gc             ] GC(1463) Pause Young (Allocation Failure) 187M->50M(494M) 8.619ms
[87.346s][info][gc,cpu         ] GC(1463) User=0.00s Sys=0.00s Real=0.00s
[87.381s][info][gc,start       ] GC(1464) Pause Young (Allocation Failure)
[87.389s][info][gc,heap        ] GC(1464) DefNew: 141200K(157248K)->1431K(157248K) Eden: 139776K(139776K)->0K(139776K) From: 1424K(17472K)->1431K(17472K)
[87.389s][info][gc,heap        ] GC(1464) Tenured: 50614K(349568K)->50614K(349568K)
[87.389s][info][gc,metaspace   ] GC(1464) Metaspace: 73868K(74240K)->73868K(74240K) NonClass: 58724K(58944K)->58724K(58944K) Class: 15144K(15296K)->15144K(15296K)
[87.390s][info][gc             ] GC(1464) Pause Young (Allocation Failure) 187M->50M(494M) 8.384ms
[87.390s][info][gc,cpu         ] GC(1464) User=0.00s Sys=0.00s Real=0.00s
[87.425s][info][gc,start       ] GC(1465) Pause Young (Allocation Failure)
[87.433s][info][gc,heap        ] GC(1465) DefNew: 141207K(157248K)->1429K(157248K) Eden: 139776K(139776K)->0K(139776K) From: 1431K(17472K)->1429K(17472K)
[87.433s][info][gc,heap        ] GC(1465) Tenured: 50614K(349568K)->50614K(349568K)
[87.433s][info][gc,metaspace   ] GC(1465) Metaspace: 73868K(74240K)->73868K(74240K) NonClass: 58724K(58944K)->58724K(58944K) Class: 15144K(15296K)->15144K(15296K)
[87.433s][info][gc             ] GC(1465) Pause Young (Allocation Failure) 187M->50M(494M) 8.290ms
[87.433s][info][gc,cpu         ] GC(1465) User=0.00s Sys=0.00s Real=0.00s
[87.468s][info][gc,start       ] GC(1466) Pause Young (Allocation Failure)
[87.477s][info][gc,heap        ] GC(1466) DefNew: 141205K(157248K)->1394K(157248K) Eden: 139776K(139776K)->0K(139776K) From: 1429K(17472K)->1394K(17472K)
[87.477s][info][gc,heap        ] GC(1466) Tenured: 50614K(349568K)->50614K(349568K)
[87.477s][info][gc,metaspace   ] GC(1466) Metaspace: 73868K(74240K)->73868K(74240K) NonClass: 58724K(58944K)->58724K(58944K) Class: 15144K(15296K)->15144K(15296K)
[87.477s][info][gc             ] GC(1466) Pause Young (Allocation Failure) 187M->50M(494M) 9.005ms
[87.477s][info][gc,cpu         ] GC(1466) User=0.00s Sys=0.00s Real=0.00s
[87.513s][info][gc,start       ] GC(1467) Pause Young (Allocation Failure)
[87.522s][info][gc,heap        ] GC(1467) DefNew: 141170K(157248K)->1423K(157248K) Eden: 139776K(139776K)->0K(139776K) From: 1394K(17472K)->1423K(17472K)
[87.522s][info][gc,heap        ] GC(1467) Tenured: 50614K(349568K)->50614K(349568K)
[87.522s][info][gc,metaspace   ] GC(1467) Metaspace: 73868K(74240K)->73868K(74240K) NonClass: 58724K(58944K)->58724K(58944K) Class: 15144K(15296K)->15144K(15296K)
[87.522s][info][gc             ] GC(1467) Pause Young (Allocation Failure) 187M->50M(494M) 8.748ms
[87.522s][info][gc,cpu         ] GC(1467) User=0.00s Sys=0.00s Real=0.01s
[87.557s][info][gc,start       ] GC(1468) Pause Young (Allocation Failure)
[87.566s][info][gc,heap        ] GC(1468) DefNew: 141199K(157248K)->1424K(157248K) Eden: 139776K(139776K)->0K(139776K) From: 1423K(17472K)->1424K(17472K)
[87.566s][info][gc,heap        ] GC(1468) Tenured: 50614K(349568K)->50615K(349568K)
[87.566s][info][gc,metaspace   ] GC(1468) Metaspace: 73868K(74240K)->73868K(74240K) NonClass: 58724K(58944K)->58724K(58944K) Class: 15144K(15296K)->15144K(15296K)
[87.566s][info][gc             ] GC(1468) Pause Young (Allocation Failure) 187M->50M(494M) 9.137ms
[87.566s][info][gc,cpu         ] GC(1468) User=0.00s Sys=0.00s Real=0.00s
[87.602s][info][gc,start       ] GC(1469) Pause Young (Allocation Failure)
[87.611s][info][gc,heap        ] GC(1469) DefNew: 141200K(157248K)->1409K(157248K) Eden: 139776K(139776K)->0K(139776K) From: 1424K(17472K)->1409K(17472K)
[87.611s][info][gc,heap        ] GC(1469) Tenured: 50615K(349568K)->50615K(349568K)
[87.611s][info][gc,metaspace   ] GC(1469) Metaspace: 73868K(74240K)->73868K(74240K) NonClass: 58724K(58944K)->58724K(58944K) Class: 15144K(15296K)->15144K(15296K)
[87.611s][info][gc             ] GC(1469) Pause Young (Allocation Failure) 187M->50M(494M) 9.181ms
[87.611s][info][gc,cpu         ] GC(1469) User=0.00s Sys=0.00s Real=0.00s
[87.648s][info][gc,start       ] GC(1470) Pause Young (Allocation Failure)
[87.657s][info][gc,heap        ] GC(1470) DefNew: 141185K(157248K)->1399K(157248K) Eden: 139776K(139776K)->0K(139776K) From: 1409K(17472K)->1399K(17472K)
[87.657s][info][gc,heap        ] GC(1470) Tenured: 50615K(349568K)->50615K(349568K)
[87.657s][info][gc,metaspace   ] GC(1470) Metaspace: 73868K(74240K)->73868K(74240K) NonClass: 58724K(58944K)->58724K(58944K) Class: 15144K(15296K)->15144K(15296K)
[87.657s][info][gc             ] GC(1470) Pause Young (Allocation Failure) 187M->50M(494M) 8.587ms
[87.657s][info][gc,cpu         ] GC(1470) User=0.00s Sys=0.00s Real=0.00s
[87.693s][info][gc,start       ] GC(1471) Pause Young (Allocation Failure)
[87.701s][info][gc,heap        ] GC(1471) DefNew: 141175K(157248K)->1415K(157248K) Eden: 139776K(139776K)->0K(139776K) From: 1399K(17472K)->1415K(17472K)
[87.701s][info][gc,heap        ] GC(1471) Tenured: 50615K(349568K)->50615K(349568K)
[87.701s][info][gc,metaspace   ] GC(1471) Metaspace: 73868K(74240K)->73868K(74240K) NonClass: 58724K(58944K)->58724K(58944K) Class: 15144K(15296K)->15144K(15296K)
[87.701s][info][gc             ] GC(1471) Pause Young (Allocation Failure) 187M->50M(494M) 8.267ms
[87.701s][info][gc,cpu         ] GC(1471) User=0.00s Sys=0.00s Real=0.00s
[87.737s][info][gc,start       ] GC(1472) Pause Young (Allocation Failure)
[87.752s][info][gc,heap        ] GC(1472) DefNew: 141191K(157248K)->1421K(157248K) Eden: 139776K(139776K)->0K(139776K) From: 1415K(17472K)->1421K(17472K)
[87.752s][info][gc,heap        ] GC(1472) Tenured: 50615K(349568K)->50616K(349568K)
[87.752s][info][gc,metaspace   ] GC(1472) Metaspace: 73868K(74240K)->73868K(74240K) NonClass: 58724K(58944K)->58724K(58944K) Class: 15144K(15296K)->15144K(15296K)
[87.752s][info][gc             ] GC(1472) Pause Young (Allocation Failure) 187M->50M(494M) 15.308ms
[87.752s][info][gc,cpu         ] GC(1472) User=0.00s Sys=0.00s Real=0.01s
[87.790s][info][gc,start       ] GC(1473) Pause Young (Allocation Failure)
[87.798s][info][gc,heap        ] GC(1473) DefNew: 141197K(157248K)->1400K(157248K) Eden: 139776K(139776K)->0K(139776K) From: 1421K(17472K)->1400K(17472K)
[87.798s][info][gc,heap        ] GC(1473) Tenured: 50616K(349568K)->50616K(349568K)
[87.798s][info][gc,metaspace   ] GC(1473) Metaspace: 73868K(74240K)->73868K(74240K) NonClass: 58724K(58944K)->58724K(58944K) Class: 15144K(15296K)->15144K(15296K)
[87.798s][info][gc             ] GC(1473) Pause Young (Allocation Failure) 187M->50M(494M) 8.181ms
[87.798s][info][gc,cpu         ] GC(1473) User=0.00s Sys=0.00s Real=0.00s
[87.834s][info][gc,start       ] GC(1474) Pause Young (Allocation Failure)
[87.842s][info][gc,heap        ] GC(1474) DefNew: 141176K(157248K)->1398K(157248K) Eden: 139776K(139776K)->0K(139776K) From: 1400K(17472K)->1398K(17472K)
[87.842s][info][gc,heap        ] GC(1474) Tenured: 50616K(349568K)->50616K(349568K)
[87.842s][info][gc,metaspace   ] GC(1474) Metaspace: 73868K(74240K)->73868K(74240K) NonClass: 58724K(58944K)->58724K(58944K) Class: 15144K(15296K)->15144K(15296K)
[87.842s][info][gc             ] GC(1474) Pause Young (Allocation Failure) 187M->50M(494M) 8.369ms
[87.842s][info][gc,cpu         ] GC(1474) User=0.02s Sys=0.00s Real=0.00s
[87.878s][info][gc,start       ] GC(1475) Pause Young (Allocation Failure)
[87.886s][info][gc,heap        ] GC(1475) DefNew: 141174K(157248K)->1394K(157248K) Eden: 139776K(139776K)->0K(139776K) From: 1398K(17472K)->1394K(17472K)
[87.886s][info][gc,heap        ] GC(1475) Tenured: 50616K(349568K)->50642K(349568K)
[87.886s][info][gc,metaspace   ] GC(1475) Metaspace: 73868K(74240K)->73868K(74240K) NonClass: 58724K(58944K)->58724K(58944K) Class: 15144K(15296K)->15144K(15296K)
[87.886s][info][gc             ] GC(1475) Pause Young (Allocation Failure) 187M->50M(494M) 8.281ms
[87.886s][info][gc,cpu         ] GC(1475) User=0.00s Sys=0.00s Real=0.00s
[87.921s][info][gc,start       ] GC(1476) Pause Young (Allocation Failure)
[87.930s][info][gc,heap        ] GC(1476) DefNew: 141170K(157248K)->1437K(157248K) Eden: 139776K(139776K)->0K(139776K) From: 1394K(17472K)->1437K(17472K)
[87.930s][info][gc,heap        ] GC(1476) Tenured: 50642K(349568K)->50642K(349568K)
[87.930s][info][gc,metaspace   ] GC(1476) Metaspace: 73868K(74240K)->73868K(74240K) NonClass: 58724K(58944K)->58724K(58944K) Class: 15144K(15296K)->15144K(15296K)
[87.930s][info][gc             ] GC(1476) Pause Young (Allocation Failure) 187M->50M(494M) 8.416ms
[87.930s][info][gc,cpu         ] GC(1476) User=0.00s Sys=0.00s Real=0.00s
[87.965s][info][gc,start       ] GC(1477) Pause Young (Allocation Failure)
[87.974s][info][gc,heap        ] GC(1477) DefNew: 141213K(157248K)->1373K(157248K) Eden: 139776K(139776K)->0K(139776K) From: 1437K(17472K)->1373K(17472K)
[87.974s][info][gc,heap        ] GC(1477) Tenured: 50642K(349568K)->50642K(349568K)
[87.974s][info][gc,metaspace   ] GC(1477) Metaspace: 73868K(74240K)->73868K(74240K) NonClass: 58724K(58944K)->58724K(58944K) Class: 15144K(15296K)->15144K(15296K)
[87.974s][info][gc             ] GC(1477) Pause Young (Allocation Failure) 187M->50M(494M) 8.993ms
[87.974s][info][gc,cpu         ] GC(1477) User=0.00s Sys=0.00s Real=0.00s
[88.010s][info][gc,start       ] GC(1478) Pause Young (Allocation Failure)
[88.018s][info][gc,heap        ] GC(1478) DefNew: 141149K(157248K)->1366K(157248K) Eden: 139776K(139776K)->0K(139776K) From: 1373K(17472K)->1366K(17472K)
[88.018s][info][gc,heap        ] GC(1478) Tenured: 50642K(349568K)->50643K(349568K)
[88.018s][info][gc,metaspace   ] GC(1478) Metaspace: 73868K(74240K)->73868K(74240K) NonClass: 58724K(58944K)->58724K(58944K) Class: 15144K(15296K)->15144K(15296K)
[88.018s][info][gc             ] GC(1478) Pause Young (Allocation Failure) 187M->50M(494M) 8.677ms
[88.018s][info][gc,cpu         ] GC(1478) User=0.00s Sys=0.00s Real=0.00s
[88.054s][info][gc,start       ] GC(1479) Pause Young (Allocation Failure)
[88.062s][info][gc,heap        ] GC(1479) DefNew: 141142K(157248K)->1404K(157248K) Eden: 139776K(139776K)->0K(139776K) From: 1366K(17472K)->1404K(17472K)
[88.062s][info][gc,heap        ] GC(1479) Tenured: 50643K(349568K)->50643K(349568K)
[88.062s][info][gc,metaspace   ] GC(1479) Metaspace: 73868K(74240K)->73868K(74240K) NonClass: 58724K(58944K)->58724K(58944K) Class: 15144K(15296K)->15144K(15296K)
[88.062s][info][gc             ] GC(1479) Pause Young (Allocation Failure) 187M->50M(494M) 8.152ms
[88.062s][info][gc,cpu         ] GC(1479) User=0.00s Sys=0.00s Real=0.00s
[88.096s][info][gc,start       ] GC(1480) Pause Young (Allocation Failure)
[88.105s][info][gc,heap        ] GC(1480) DefNew: 141180K(157248K)->1407K(157248K) Eden: 139776K(139776K)->0K(139776K) From: 1404K(17472K)->1407K(17472K)
[88.105s][info][gc,heap        ] GC(1480) Tenured: 50643K(349568K)->50644K(349568K)
[88.105s][info][gc,metaspace   ] GC(1480) Metaspace: 73868K(74240K)->73868K(74240K) NonClass: 58724K(58944K)->58724K(58944K) Class: 15144K(15296K)->15144K(15296K)
[88.105s][info][gc             ] GC(1480) Pause Young (Allocation Failure) 187M->50M(494M) 8.309ms
[88.105s][info][gc,cpu         ] GC(1480) User=0.00s Sys=0.00s Real=0.00s
[88.140s][info][gc,start       ] GC(1481) Pause Young (Allocation Failure)
[88.149s][info][gc,heap        ] GC(1481) DefNew: 141183K(157248K)->1458K(157248K) Eden: 139776K(139776K)->0K(139776K) From: 1407K(17472K)->1458K(17472K)
[88.149s][info][gc,heap        ] GC(1481) Tenured: 50644K(349568K)->50644K(349568K)
[88.149s][info][gc,metaspace   ] GC(1481) Metaspace: 73868K(74240K)->73868K(74240K) NonClass: 58724K(58944K)->58724K(58944K) Class: 15144K(15296K)->15144K(15296K)
[88.149s][info][gc             ] GC(1481) Pause Young (Allocation Failure) 187M->50M(494M) 8.445ms
[88.149s][info][gc,cpu         ] GC(1481) User=0.00s Sys=0.00s Real=0.00s
[88.184s][info][gc,start       ] GC(1482) Pause Young (Allocation Failure)
[88.192s][info][gc,heap        ] GC(1482) DefNew: 141234K(157248K)->1425K(157248K) Eden: 139776K(139776K)->0K(139776K) From: 1458K(17472K)->1425K(17472K)
[88.192s][info][gc,heap        ] GC(1482) Tenured: 50644K(349568K)->50645K(349568K)
[88.192s][info][gc,metaspace   ] GC(1482) Metaspace: 73868K(74240K)->73868K(74240K) NonClass: 58724K(58944K)->58724K(58944K) Class: 15144K(15296K)->15144K(15296K)
[88.193s][info][gc             ] GC(1482) Pause Young (Allocation Failure) 187M->50M(494M) 8.346ms
[88.193s][info][gc,cpu         ] GC(1482) User=0.00s Sys=0.00s Real=0.01s
[88.227s][info][gc,start       ] GC(1483) Pause Young (Allocation Failure)
[88.236s][info][gc,heap        ] GC(1483) DefNew: 141201K(157248K)->1504K(157248K) Eden: 139776K(139776K)->0K(139776K) From: 1425K(17472K)->1504K(17472K)
[88.236s][info][gc,heap        ] GC(1483) Tenured: 50645K(349568K)->50645K(349568K)
[88.236s][info][gc,metaspace   ] GC(1483) Metaspace: 73868K(74240K)->73868K(74240K) NonClass: 58724K(58944K)->58724K(58944K) Class: 15144K(15296K)->15144K(15296K)
[88.236s][info][gc             ] GC(1483) Pause Young (Allocation Failure) 187M->50M(494M) 8.880ms
[88.236s][info][gc,cpu         ] GC(1483) User=0.00s Sys=0.00s Real=0.00s
[88.272s][info][gc,start       ] GC(1484) Pause Young (Allocation Failure)
[88.280s][info][gc,heap        ] GC(1484) DefNew: 141280K(157248K)->1445K(157248K) Eden: 139776K(139776K)->0K(139776K) From: 1504K(17472K)->1445K(17472K)
[88.280s][info][gc,heap        ] GC(1484) Tenured: 50645K(349568K)->50645K(349568K)
[88.280s][info][gc,metaspace   ] GC(1484) Metaspace: 73868K(74240K)->73868K(74240K) NonClass: 58724K(58944K)->58724K(58944K) Class: 15144K(15296K)->15144K(15296K)
[88.280s][info][gc             ] GC(1484) Pause Young (Allocation Failure) 187M->50M(494M) 8.533ms
[88.280s][info][gc,cpu         ] GC(1484) User=0.00s Sys=0.00s Real=0.00s
[88.316s][info][gc,start       ] GC(1485) Pause Young (Allocation Failure)
[88.324s][info][gc,heap        ] GC(1485) DefNew: 141221K(157248K)->1490K(157248K) Eden: 139776K(139776K)->0K(139776K) From: 1445K(17472K)->1490K(17472K)
[88.324s][info][gc,heap        ] GC(1485) Tenured: 50645K(349568K)->50645K(349568K)
[88.324s][info][gc,metaspace   ] GC(1485) Metaspace: 73868K(74240K)->73868K(74240K) NonClass: 58724K(58944K)->58724K(58944K) Class: 15144K(15296K)->15144K(15296K)
[88.324s][info][gc             ] GC(1485) Pause Young (Allocation Failure) 187M->50M(494M) 8.577ms
[88.324s][info][gc,cpu         ] GC(1485) User=0.00s Sys=0.00s Real=0.00s
[88.360s][info][gc,start       ] GC(1486) Pause Young (Allocation Failure)
[88.368s][info][gc,heap        ] GC(1486) DefNew: 141266K(157248K)->1452K(157248K) Eden: 139776K(139776K)->0K(139776K) From: 1490K(17472K)->1452K(17472K)
[88.368s][info][gc,heap        ] GC(1486) Tenured: 50645K(349568K)->50645K(349568K)
[88.368s][info][gc,metaspace   ] GC(1486) Metaspace: 73868K(74240K)->73868K(74240K) NonClass: 58724K(58944K)->58724K(58944K) Class: 15144K(15296K)->15144K(15296K)
[88.368s][info][gc             ] GC(1486) Pause Young (Allocation Failure) 187M->50M(494M) 8.556ms
[88.368s][info][gc,cpu         ] GC(1486) User=0.00s Sys=0.00s Real=0.00s
[88.403s][info][gc,start       ] GC(1487) Pause Young (Allocation Failure)
[88.413s][info][gc,heap        ] GC(1487) DefNew: 141228K(157248K)->1476K(157248K) Eden: 139776K(139776K)->0K(139776K) From: 1452K(17472K)->1476K(17472K)
[88.413s][info][gc,heap        ] GC(1487) Tenured: 50645K(349568K)->50645K(349568K)
[88.413s][info][gc,metaspace   ] GC(1487) Metaspace: 73868K(74240K)->73868K(74240K) NonClass: 58724K(58944K)->58724K(58944K) Class: 15144K(15296K)->15144K(15296K)
[88.413s][info][gc             ] GC(1487) Pause Young (Allocation Failure) 187M->50M(494M) 9.426ms
[88.413s][info][gc,cpu         ] GC(1487) User=0.00s Sys=0.00s Real=0.00s
[88.449s][info][gc,start       ] GC(1488) Pause Young (Allocation Failure)
[88.458s][info][gc,heap        ] GC(1488) DefNew: 141252K(157248K)->1440K(157248K) Eden: 139776K(139776K)->0K(139776K) From: 1476K(17472K)->1440K(17472K)
[88.458s][info][gc,heap        ] GC(1488) Tenured: 50645K(349568K)->50645K(349568K)
[88.458s][info][gc,metaspace   ] GC(1488) Metaspace: 73868K(74240K)->73868K(74240K) NonClass: 58724K(58944K)->58724K(58944K) Class: 15144K(15296K)->15144K(15296K)
[88.458s][info][gc             ] GC(1488) Pause Young (Allocation Failure) 187M->50M(494M) 8.968ms
[88.458s][info][gc,cpu         ] GC(1488) User=0.00s Sys=0.00s Real=0.01s
[88.493s][info][gc,start       ] GC(1489) Pause Young (Allocation Failure)
[88.502s][info][gc,heap        ] GC(1489) DefNew: 141216K(157248K)->1471K(157248K) Eden: 139776K(139776K)->0K(139776K) From: 1440K(17472K)->1471K(17472K)
[88.502s][info][gc,heap        ] GC(1489) Tenured: 50645K(349568K)->50646K(349568K)
[88.502s][info][gc,metaspace   ] GC(1489) Metaspace: 73868K(74240K)->73868K(74240K) NonClass: 58724K(58944K)->58724K(58944K) Class: 15144K(15296K)->15144K(15296K)
[88.502s][info][gc             ] GC(1489) Pause Young (Allocation Failure) 187M->50M(494M) 8.669ms
[88.502s][info][gc,cpu         ] GC(1489) User=0.00s Sys=0.00s Real=0.00s
[88.538s][info][gc,start       ] GC(1490) Pause Young (Allocation Failure)
[88.546s][info][gc,heap        ] GC(1490) DefNew: 141247K(157248K)->1443K(157248K) Eden: 139776K(139776K)->0K(139776K) From: 1471K(17472K)->1443K(17472K)
[88.546s][info][gc,heap        ] GC(1490) Tenured: 50646K(349568K)->50646K(349568K)
[88.546s][info][gc,metaspace   ] GC(1490) Metaspace: 73868K(74240K)->73868K(74240K) NonClass: 58724K(58944K)->58724K(58944K) Class: 15144K(15296K)->15144K(15296K)
[88.546s][info][gc             ] GC(1490) Pause Young (Allocation Failure) 187M->50M(494M) 8.407ms
[88.546s][info][gc,cpu         ] GC(1490) User=0.02s Sys=0.00s Real=0.00s
[88.582s][info][gc,start       ] GC(1491) Pause Young (Allocation Failure)
[88.590s][info][gc,heap        ] GC(1491) DefNew: 141219K(157248K)->1450K(157248K) Eden: 139776K(139776K)->0K(139776K) From: 1443K(17472K)->1450K(17472K)
[88.590s][info][gc,heap        ] GC(1491) Tenured: 50646K(349568K)->50646K(349568K)
[88.590s][info][gc,metaspace   ] GC(1491) Metaspace: 73868K(74240K)->73868K(74240K) NonClass: 58724K(58944K)->58724K(58944K) Class: 15144K(15296K)->15144K(15296K)
[88.590s][info][gc             ] GC(1491) Pause Young (Allocation Failure) 187M->50M(494M) 8.475ms
[88.590s][info][gc,cpu         ] GC(1491) User=0.00s Sys=0.00s Real=0.00s
[88.625s][info][gc,start       ] GC(1492) Pause Young (Allocation Failure)
[88.634s][info][gc,heap        ] GC(1492) DefNew: 141226K(157248K)->1405K(157248K) Eden: 139776K(139776K)->0K(139776K) From: 1450K(17472K)->1405K(17472K)
[88.634s][info][gc,heap        ] GC(1492) Tenured: 50646K(349568K)->50646K(349568K)
[88.634s][info][gc,metaspace   ] GC(1492) Metaspace: 73868K(74240K)->73868K(74240K) NonClass: 58724K(58944K)->58724K(58944K) Class: 15144K(15296K)->15144K(15296K)
[88.634s][info][gc             ] GC(1492) Pause Young (Allocation Failure) 187M->50M(494M) 8.306ms
[88.634s][info][gc,cpu         ] GC(1492) User=0.02s Sys=0.00s Real=0.01s
[88.669s][info][gc,start       ] GC(1493) Pause Young (Allocation Failure)
[88.678s][info][gc,heap        ] GC(1493) DefNew: 141181K(157248K)->1523K(157248K) Eden: 139776K(139776K)->0K(139776K) From: 1405K(17472K)->1523K(17472K)
[88.678s][info][gc,heap        ] GC(1493) Tenured: 50646K(349568K)->50646K(349568K)
[88.678s][info][gc,metaspace   ] GC(1493) Metaspace: 73868K(74240K)->73868K(74240K) NonClass: 58724K(58944K)->58724K(58944K) Class: 15144K(15296K)->15144K(15296K)
[88.678s][info][gc             ] GC(1493) Pause Young (Allocation Failure) 187M->50M(494M) 8.780ms
[88.678s][info][gc,cpu         ] GC(1493) User=0.00s Sys=0.00s Real=0.00s
[88.713s][info][gc,start       ] GC(1494) Pause Young (Allocation Failure)
[88.721s][info][gc,heap        ] GC(1494) DefNew: 141299K(157248K)->1408K(157248K) Eden: 139776K(139776K)->0K(139776K) From: 1523K(17472K)->1408K(17472K)
[88.721s][info][gc,heap        ] GC(1494) Tenured: 50646K(349568K)->50646K(349568K)
[88.721s][info][gc,metaspace   ] GC(1494) Metaspace: 73868K(74240K)->73868K(74240K) NonClass: 58724K(58944K)->58724K(58944K) Class: 15144K(15296K)->15144K(15296K)
[88.721s][info][gc             ] GC(1494) Pause Young (Allocation Failure) 187M->50M(494M) 8.206ms
[88.721s][info][gc,cpu         ] GC(1494) User=0.00s Sys=0.00s Real=0.00s
[88.757s][info][gc,start       ] GC(1495) Pause Young (Allocation Failure)
[88.765s][info][gc,heap        ] GC(1495) DefNew: 141184K(157248K)->1422K(157248K) Eden: 139776K(139776K)->0K(139776K) From: 1408K(17472K)->1422K(17472K)
[88.765s][info][gc,heap        ] GC(1495) Tenured: 50646K(349568K)->50647K(349568K)
[88.765s][info][gc,metaspace   ] GC(1495) Metaspace: 73868K(74240K)->73868K(74240K) NonClass: 58724K(58944K)->58724K(58944K) Class: 15144K(15296K)->15144K(15296K)
[88.765s][info][gc             ] GC(1495) Pause Young (Allocation Failure) 187M->50M(494M) 8.491ms
[88.765s][info][gc,cpu         ] GC(1495) User=0.02s Sys=0.00s Real=0.00s
[88.802s][info][gc,start       ] GC(1496) Pause Young (Allocation Failure)
[88.811s][info][gc,heap        ] GC(1496) DefNew: 141198K(157248K)->1481K(157248K) Eden: 139776K(139776K)->0K(139776K) From: 1422K(17472K)->1481K(17472K)
[88.811s][info][gc,heap        ] GC(1496) Tenured: 50647K(349568K)->50647K(349568K)
[88.811s][info][gc,metaspace   ] GC(1496) Metaspace: 73868K(74240K)->73868K(74240K) NonClass: 58724K(58944K)->58724K(58944K) Class: 15144K(15296K)->15144K(15296K)
[88.811s][info][gc             ] GC(1496) Pause Young (Allocation Failure) 187M->50M(494M) 8.296ms
[88.811s][info][gc,cpu         ] GC(1496) User=0.00s Sys=0.00s Real=0.00s
[88.847s][info][gc,start       ] GC(1497) Pause Young (Allocation Failure)
[88.855s][info][gc,heap        ] GC(1497) DefNew: 141257K(157248K)->1383K(157248K) Eden: 139776K(139776K)->0K(139776K) From: 1481K(17472K)->1383K(17472K)
[88.855s][info][gc,heap        ] GC(1497) Tenured: 50647K(349568K)->50668K(349568K)
[88.855s][info][gc,metaspace   ] GC(1497) Metaspace: 73868K(74240K)->73868K(74240K) NonClass: 58724K(58944K)->58724K(58944K) Class: 15144K(15296K)->15144K(15296K)
[88.856s][info][gc             ] GC(1497) Pause Young (Allocation Failure) 187M->50M(494M) 8.266ms
[88.856s][info][gc,cpu         ] GC(1497) User=0.00s Sys=0.00s Real=0.00s
[88.890s][info][gc,start       ] GC(1498) Pause Young (Allocation Failure)
[88.899s][info][gc,heap        ] GC(1498) DefNew: 141159K(157248K)->1388K(157248K) Eden: 139776K(139776K)->0K(139776K) From: 1383K(17472K)->1388K(17472K)
[88.899s][info][gc,heap        ] GC(1498) Tenured: 50668K(349568K)->50694K(349568K)
[88.899s][info][gc,metaspace   ] GC(1498) Metaspace: 73868K(74240K)->73868K(74240K) NonClass: 58724K(58944K)->58724K(58944K) Class: 15144K(15296K)->15144K(15296K)
[88.899s][info][gc             ] GC(1498) Pause Young (Allocation Failure) 187M->50M(494M) 9.123ms
[88.900s][info][gc,cpu         ] GC(1498) User=0.00s Sys=0.00s Real=0.00s
[88.935s][info][gc,start       ] GC(1499) Pause Young (Allocation Failure)
[88.944s][info][gc,heap        ] GC(1499) DefNew: 141164K(157248K)->1400K(157248K) Eden: 139776K(139776K)->0K(139776K) From: 1388K(17472K)->1400K(17472K)
[88.944s][info][gc,heap        ] GC(1499) Tenured: 50694K(349568K)->50694K(349568K)
[88.944s][info][gc,metaspace   ] GC(1499) Metaspace: 73868K(74240K)->73868K(74240K) NonClass: 58724K(58944K)->58724K(58944K) Class: 15144K(15296K)->15144K(15296K)
[88.944s][info][gc             ] GC(1499) Pause Young (Allocation Failure) 187M->50M(494M) 8.677ms
[88.944s][info][gc,cpu         ] GC(1499) User=0.00s Sys=0.00s Real=0.00s
[88.980s][info][gc,start       ] GC(1500) Pause Young (Allocation Failure)
[88.988s][info][gc,heap        ] GC(1500) DefNew: 141176K(157248K)->1375K(157248K) Eden: 139776K(139776K)->0K(139776K) From: 1400K(17472K)->1375K(17472K)
[88.988s][info][gc,heap        ] GC(1500) Tenured: 50694K(349568K)->50694K(349568K)
[88.988s][info][gc,metaspace   ] GC(1500) Metaspace: 73880K(74240K)->73880K(74240K) NonClass: 58735K(58944K)->58735K(58944K) Class: 15144K(15296K)->15144K(15296K)
[88.989s][info][gc             ] GC(1500) Pause Young (Allocation Failure) 187M->50M(494M) 8.527ms
[88.989s][info][gc,cpu         ] GC(1500) User=0.00s Sys=0.00s Real=0.00s
[89.025s][info][gc,start       ] GC(1501) Pause Young (Allocation Failure)
[89.033s][info][gc,heap        ] GC(1501) DefNew: 141151K(157248K)->1425K(157248K) Eden: 139776K(139776K)->0K(139776K) From: 1375K(17472K)->1425K(17472K)
[89.033s][info][gc,heap        ] GC(1501) Tenured: 50694K(349568K)->50712K(349568K)
[89.033s][info][gc,metaspace   ] GC(1501) Metaspace: 73880K(74240K)->73880K(74240K) NonClass: 58735K(58944K)->58735K(58944K) Class: 15144K(15296K)->15144K(15296K)
[89.033s][info][gc             ] GC(1501) Pause Young (Allocation Failure) 187M->50M(494M) 8.606ms
[89.033s][info][gc,cpu         ] GC(1501) User=0.00s Sys=0.00s Real=0.00s
[89.069s][info][gc,start       ] GC(1502) Pause Young (Allocation Failure)
[89.077s][info][gc,heap        ] GC(1502) DefNew: 141201K(157248K)->1366K(157248K) Eden: 139776K(139776K)->0K(139776K) From: 1425K(17472K)->1366K(17472K)
[89.077s][info][gc,heap        ] GC(1502) Tenured: 50712K(349568K)->50712K(349568K)
[89.077s][info][gc,metaspace   ] GC(1502) Metaspace: 73880K(74240K)->73880K(74240K) NonClass: 58735K(58944K)->58735K(58944K) Class: 15144K(15296K)->15144K(15296K)
[89.077s][info][gc             ] GC(1502) Pause Young (Allocation Failure) 187M->50M(494M) 8.204ms
[89.077s][info][gc,cpu         ] GC(1502) User=0.02s Sys=0.00s Real=0.00s
[89.112s][info][gc,start       ] GC(1503) Pause Young (Allocation Failure)
[89.191s][info][gc,heap        ] GC(1503) DefNew: 141142K(157248K)->1357K(157248K) Eden: 139776K(139776K)->0K(139776K) From: 1366K(17472K)->1357K(17472K)
[89.191s][info][gc,heap        ] GC(1503) Tenured: 50712K(349568K)->50712K(349568K)
[89.191s][info][gc,metaspace   ] GC(1503) Metaspace: 73880K(74240K)->73880K(74240K) NonClass: 58735K(58944K)->58735K(58944K) Class: 15144K(15296K)->15144K(15296K)
[89.191s][info][gc             ] GC(1503) Pause Young (Allocation Failure) 187M->50M(494M) 78.621ms
[89.191s][info][gc,cpu         ] GC(1503) User=0.02s Sys=0.00s Real=0.08s
[89.236s][info][gc,start       ] GC(1504) Pause Young (Allocation Failure)
[89.244s][info][gc,heap        ] GC(1504) DefNew: 141133K(157248K)->1441K(157248K) Eden: 139776K(139776K)->0K(139776K) From: 1357K(17472K)->1441K(17472K)
[89.244s][info][gc,heap        ] GC(1504) Tenured: 50712K(349568K)->50712K(349568K)
[89.244s][info][gc,metaspace   ] GC(1504) Metaspace: 73880K(74240K)->73880K(74240K) NonClass: 58735K(58944K)->58735K(58944K) Class: 15144K(15296K)->15144K(15296K)
[89.244s][info][gc             ] GC(1504) Pause Young (Allocation Failure) 187M->50M(494M) 8.435ms
[89.244s][info][gc,cpu         ] GC(1504) User=0.00s Sys=0.00s Real=0.00s
[89.280s][info][gc,start       ] GC(1505) Pause Young (Allocation Failure)
[89.288s][info][gc,heap        ] GC(1505) DefNew: 141217K(157248K)->1405K(157248K) Eden: 139776K(139776K)->0K(139776K) From: 1441K(17472K)->1405K(17472K)
[89.288s][info][gc,heap        ] GC(1505) Tenured: 50712K(349568K)->50712K(349568K)
[89.288s][info][gc,metaspace   ] GC(1505) Metaspace: 73880K(74240K)->73880K(74240K) NonClass: 58735K(58944K)->58735K(58944K) Class: 15144K(15296K)->15144K(15296K)
[89.288s][info][gc             ] GC(1505) Pause Young (Allocation Failure) 187M->50M(494M) 8.122ms
[89.288s][info][gc,cpu         ] GC(1505) User=0.00s Sys=0.00s Real=0.01s
[89.323s][info][gc,start       ] GC(1506) Pause Young (Allocation Failure)
[89.331s][info][gc,heap        ] GC(1506) DefNew: 141181K(157248K)->1397K(157248K) Eden: 139776K(139776K)->0K(139776K) From: 1405K(17472K)->1397K(17472K)
[89.331s][info][gc,heap        ] GC(1506) Tenured: 50712K(349568K)->50712K(349568K)
[89.331s][info][gc,metaspace   ] GC(1506) Metaspace: 73880K(74240K)->73880K(74240K) NonClass: 58735K(58944K)->58735K(58944K) Class: 15144K(15296K)->15144K(15296K)
[89.331s][info][gc             ] GC(1506) Pause Young (Allocation Failure) 187M->50M(494M) 8.060ms
[89.331s][info][gc,cpu         ] GC(1506) User=0.00s Sys=0.00s Real=0.00s
[89.367s][info][gc,start       ] GC(1507) Pause Young (Allocation Failure)
[89.375s][info][gc,heap        ] GC(1507) DefNew: 141173K(157248K)->1454K(157248K) Eden: 139776K(139776K)->0K(139776K) From: 1397K(17472K)->1454K(17472K)
[89.375s][info][gc,heap        ] GC(1507) Tenured: 50712K(349568K)->50712K(349568K)
[89.375s][info][gc,metaspace   ] GC(1507) Metaspace: 73880K(74240K)->73880K(74240K) NonClass: 58735K(58944K)->58735K(58944K) Class: 15144K(15296K)->15144K(15296K)
[89.375s][info][gc             ] GC(1507) Pause Young (Allocation Failure) 187M->50M(494M) 8.258ms
[89.375s][info][gc,cpu         ] GC(1507) User=0.00s Sys=0.00s Real=0.00s
[89.411s][info][gc,start       ] GC(1508) Pause Young (Allocation Failure)
[89.420s][info][gc,heap        ] GC(1508) DefNew: 141230K(157248K)->1398K(157248K) Eden: 139776K(139776K)->0K(139776K) From: 1454K(17472K)->1398K(17472K)
[89.420s][info][gc,heap        ] GC(1508) Tenured: 50712K(349568K)->50712K(349568K)
[89.420s][info][gc,metaspace   ] GC(1508) Metaspace: 73880K(74240K)->73880K(74240K) NonClass: 58735K(58944K)->58735K(58944K) Class: 15144K(15296K)->15144K(15296K)
[89.420s][info][gc             ] GC(1508) Pause Young (Allocation Failure) 187M->50M(494M) 8.816ms
[89.420s][info][gc,cpu         ] GC(1508) User=0.00s Sys=0.00s Real=0.00s
[89.456s][info][gc,start       ] GC(1509) Pause Young (Allocation Failure)
[89.464s][info][gc,heap        ] GC(1509) DefNew: 141174K(157248K)->1393K(157248K) Eden: 139776K(139776K)->0K(139776K) From: 1398K(17472K)->1393K(17472K)
[89.464s][info][gc,heap        ] GC(1509) Tenured: 50712K(349568K)->50713K(349568K)
[89.464s][info][gc,metaspace   ] GC(1509) Metaspace: 73880K(74240K)->73880K(74240K) NonClass: 58735K(58944K)->58735K(58944K) Class: 15144K(15296K)->15144K(15296K)
[89.464s][info][gc             ] GC(1509) Pause Young (Allocation Failure) 187M->50M(494M) 8.535ms
[89.464s][info][gc,cpu         ] GC(1509) User=0.00s Sys=0.00s Real=0.00s
[89.500s][info][gc,start       ] GC(1510) Pause Young (Allocation Failure)
[89.508s][info][gc,heap        ] GC(1510) DefNew: 141169K(157248K)->1377K(157248K) Eden: 139776K(139776K)->0K(139776K) From: 1393K(17472K)->1377K(17472K)
[89.508s][info][gc,heap        ] GC(1510) Tenured: 50713K(349568K)->50713K(349568K)
[89.508s][info][gc,metaspace   ] GC(1510) Metaspace: 73880K(74240K)->73880K(74240K) NonClass: 58735K(58944K)->58735K(58944K) Class: 15144K(15296K)->15144K(15296K)
[89.508s][info][gc             ] GC(1510) Pause Young (Allocation Failure) 187M->50M(494M) 8.111ms
[89.508s][info][gc,cpu         ] GC(1510) User=0.00s Sys=0.00s Real=0.00s
[89.544s][info][gc,start       ] GC(1511) Pause Young (Allocation Failure)
[89.552s][info][gc,heap        ] GC(1511) DefNew: 141153K(157248K)->1422K(157248K) Eden: 139776K(139776K)->0K(139776K) From: 1377K(17472K)->1422K(17472K)
[89.552s][info][gc,heap        ] GC(1511) Tenured: 50713K(349568K)->50713K(349568K)
[89.552s][info][gc,metaspace   ] GC(1511) Metaspace: 73880K(74240K)->73880K(74240K) NonClass: 58735K(58944K)->58735K(58944K) Class: 15144K(15296K)->15144K(15296K)
[89.552s][info][gc             ] GC(1511) Pause Young (Allocation Failure) 187M->50M(494M) 8.278ms
[89.552s][info][gc,cpu         ] GC(1511) User=0.00s Sys=0.00s Real=0.00s
[89.588s][info][gc,start       ] GC(1512) Pause Young (Allocation Failure)
[89.596s][info][gc,heap        ] GC(1512) DefNew: 141198K(157248K)->1489K(157248K) Eden: 139776K(139776K)->0K(139776K) From: 1422K(17472K)->1489K(17472K)
[89.597s][info][gc,heap        ] GC(1512) Tenured: 50713K(349568K)->50713K(349568K)
[89.597s][info][gc,metaspace   ] GC(1512) Metaspace: 73880K(74240K)->73880K(74240K) NonClass: 58735K(58944K)->58735K(58944K) Class: 15144K(15296K)->15144K(15296K)
[89.597s][info][gc             ] GC(1512) Pause Young (Allocation Failure) 187M->50M(494M) 8.439ms
[89.597s][info][gc,cpu         ] GC(1512) User=0.00s Sys=0.00s Real=0.00s
[89.633s][info][gc,start       ] GC(1513) Pause Young (Allocation Failure)
[89.642s][info][gc,heap        ] GC(1513) DefNew: 141265K(157248K)->1389K(157248K) Eden: 139776K(139776K)->0K(139776K) From: 1489K(17472K)->1389K(17472K)
[89.642s][info][gc,heap        ] GC(1513) Tenured: 50713K(349568K)->50713K(349568K)
[89.642s][info][gc,metaspace   ] GC(1513) Metaspace: 73880K(74240K)->73880K(74240K) NonClass: 58735K(58944K)->58735K(58944K) Class: 15144K(15296K)->15144K(15296K)
[89.642s][info][gc             ] GC(1513) Pause Young (Allocation Failure) 187M->50M(494M) 8.747ms
[89.642s][info][gc,cpu         ] GC(1513) User=0.00s Sys=0.00s Real=0.00s
[89.678s][info][gc,start       ] GC(1514) Pause Young (Allocation Failure)
[89.687s][info][gc,heap        ] GC(1514) DefNew: 141165K(157248K)->1479K(157248K) Eden: 139776K(139776K)->0K(139776K) From: 1389K(17472K)->1479K(17472K)
[89.687s][info][gc,heap        ] GC(1514) Tenured: 50713K(349568K)->50714K(349568K)
[89.687s][info][gc,metaspace   ] GC(1514) Metaspace: 73880K(74240K)->73880K(74240K) NonClass: 58735K(58944K)->58735K(58944K) Class: 15144K(15296K)->15144K(15296K)
[89.687s][info][gc             ] GC(1514) Pause Young (Allocation Failure) 187M->50M(494M) 8.622ms
[89.687s][info][gc,cpu         ] GC(1514) User=0.00s Sys=0.00s Real=0.00s
[89.723s][info][gc,start       ] GC(1515) Pause Young (Allocation Failure)
[89.732s][info][gc,heap        ] GC(1515) DefNew: 141255K(157248K)->1380K(157248K) Eden: 139776K(139776K)->0K(139776K) From: 1479K(17472K)->1380K(17472K)
[89.732s][info][gc,heap        ] GC(1515) Tenured: 50714K(349568K)->50769K(349568K)
[89.732s][info][gc,metaspace   ] GC(1515) Metaspace: 73880K(74240K)->73880K(74240K) NonClass: 58735K(58944K)->58735K(58944K) Class: 15144K(15296K)->15144K(15296K)
[89.732s][info][gc             ] GC(1515) Pause Young (Allocation Failure) 187M->50M(494M) 8.684ms
[89.732s][info][gc,cpu         ] GC(1515) User=0.00s Sys=0.00s Real=0.00s
[89.768s][info][gc,start       ] GC(1516) Pause Young (Allocation Failure)
[89.776s][info][gc,heap        ] GC(1516) DefNew: 141156K(157248K)->1294K(157248K) Eden: 139776K(139776K)->0K(139776K) From: 1380K(17472K)->1294K(17472K)
[89.776s][info][gc,heap        ] GC(1516) Tenured: 50769K(349568K)->50815K(349568K)
[89.776s][info][gc,metaspace   ] GC(1516) Metaspace: 73880K(74240K)->73880K(74240K) NonClass: 58735K(58944K)->58735K(58944K) Class: 15144K(15296K)->15144K(15296K)
[89.776s][info][gc             ] GC(1516) Pause Young (Allocation Failure) 187M->50M(494M) 7.959ms
[89.776s][info][gc,cpu         ] GC(1516) User=0.00s Sys=0.00s Real=0.00s
[89.813s][info][gc,start       ] GC(1517) Pause Young (Allocation Failure)
[89.821s][info][gc,heap        ] GC(1517) DefNew: 141070K(157248K)->1356K(157248K) Eden: 139776K(139776K)->0K(139776K) From: 1294K(17472K)->1356K(17472K)
[89.821s][info][gc,heap        ] GC(1517) Tenured: 50815K(349568K)->50820K(349568K)
[89.821s][info][gc,metaspace   ] GC(1517) Metaspace: 73880K(74240K)->73880K(74240K) NonClass: 58735K(58944K)->58735K(58944K) Class: 15144K(15296K)->15144K(15296K)
[89.821s][info][gc             ] GC(1517) Pause Young (Allocation Failure) 187M->50M(494M) 7.725ms
[89.821s][info][gc,cpu         ] GC(1517) User=0.00s Sys=0.00s Real=0.00s
[89.858s][info][gc,start       ] GC(1518) Pause Young (Allocation Failure)
[89.865s][info][gc,heap        ] GC(1518) DefNew: 141132K(157248K)->1282K(157248K) Eden: 139776K(139776K)->0K(139776K) From: 1356K(17472K)->1282K(17472K)
[89.865s][info][gc,heap        ] GC(1518) Tenured: 50820K(349568K)->50837K(349568K)
[89.865s][info][gc,metaspace   ] GC(1518) Metaspace: 73880K(74240K)->73880K(74240K) NonClass: 58735K(58944K)->58735K(58944K) Class: 15144K(15296K)->15144K(15296K)
[89.865s][info][gc             ] GC(1518) Pause Young (Allocation Failure) 187M->50M(494M) 7.395ms
[89.865s][info][gc,cpu         ] GC(1518) User=0.00s Sys=0.00s Real=0.00s
[89.903s][info][gc,start       ] GC(1519) Pause Young (Allocation Failure)
[89.910s][info][gc,heap        ] GC(1519) DefNew: 141058K(157248K)->1266K(157248K) Eden: 139776K(139776K)->0K(139776K) From: 1282K(17472K)->1266K(17472K)
[89.910s][info][gc,heap        ] GC(1519) Tenured: 50837K(349568K)->50874K(349568K)
[89.910s][info][gc,metaspace   ] GC(1519) Metaspace: 73880K(74240K)->73880K(74240K) NonClass: 58735K(58944K)->58735K(58944K) Class: 15144K(15296K)->15144K(15296K)
[89.910s][info][gc             ] GC(1519) Pause Young (Allocation Failure) 187M->50M(494M) 7.365ms
[89.910s][info][gc,cpu         ] GC(1519) User=0.00s Sys=0.00s Real=0.00s
[89.948s][info][gc,start       ] GC(1520) Pause Young (Allocation Failure)
[89.955s][info][gc,heap        ] GC(1520) DefNew: 141042K(157248K)->1281K(157248K) Eden: 139776K(139776K)->0K(139776K) From: 1266K(17472K)->1281K(17472K)
[89.955s][info][gc,heap        ] GC(1520) Tenured: 50874K(349568K)->50874K(349568K)
[89.955s][info][gc,metaspace   ] GC(1520) Metaspace: 73880K(74240K)->73880K(74240K) NonClass: 58735K(58944K)->58735K(58944K) Class: 15144K(15296K)->15144K(15296K)
[89.955s][info][gc             ] GC(1520) Pause Young (Allocation Failure) 187M->50M(494M) 7.223ms
[89.955s][info][gc,cpu         ] GC(1520) User=0.00s Sys=0.00s Real=0.00s
[89.994s][info][gc,start       ] GC(1521) Pause Young (Allocation Failure)
[90.002s][info][gc,heap        ] GC(1521) DefNew: 141057K(157248K)->1212K(157248K) Eden: 139776K(139776K)->0K(139776K) From: 1281K(17472K)->1212K(17472K)
[90.002s][info][gc,heap        ] GC(1521) Tenured: 50874K(349568K)->50874K(349568K)
[90.002s][info][gc,metaspace   ] GC(1521) Metaspace: 73880K(74240K)->73880K(74240K) NonClass: 58735K(58944K)->58735K(58944K) Class: 15144K(15296K)->15144K(15296K)
[90.002s][info][gc             ] GC(1521) Pause Young (Allocation Failure) 187M->50M(494M) 7.751ms
[90.002s][info][gc,cpu         ] GC(1521) User=0.00s Sys=0.00s Real=0.00s
[90.041s][info][gc,start       ] GC(1522) Pause Young (Allocation Failure)
[90.048s][info][gc,heap        ] GC(1522) DefNew: 140988K(157248K)->1198K(157248K) Eden: 139776K(139776K)->0K(139776K) From: 1212K(17472K)->1198K(17472K)
[90.049s][info][gc,heap        ] GC(1522) Tenured: 50874K(349568K)->50874K(349568K)
[90.049s][info][gc,metaspace   ] GC(1522) Metaspace: 73880K(74240K)->73880K(74240K) NonClass: 58735K(58944K)->58735K(58944K) Class: 15144K(15296K)->15144K(15296K)
[90.049s][info][gc             ] GC(1522) Pause Young (Allocation Failure) 187M->50M(494M) 7.183ms
[90.049s][info][gc,cpu         ] GC(1522) User=0.00s Sys=0.00s Real=0.00s
[90.092s][info][gc,start       ] GC(1523) Pause Young (Allocation Failure)
[90.099s][info][gc,heap        ] GC(1523) DefNew: 140974K(157248K)->1275K(157248K) Eden: 139776K(139776K)->0K(139776K) From: 1198K(17472K)->1275K(17472K)
[90.099s][info][gc,heap        ] GC(1523) Tenured: 50874K(349568K)->50874K(349568K)
[90.099s][info][gc,metaspace   ] GC(1523) Metaspace: 73880K(74240K)->73880K(74240K) NonClass: 58735K(58944K)->58735K(58944K) Class: 15144K(15296K)->15144K(15296K)
[90.099s][info][gc             ] GC(1523) Pause Young (Allocation Failure) 187M->50M(494M) 7.550ms
[90.099s][info][gc,cpu         ] GC(1523) User=0.00s Sys=0.00s Real=0.00s
[90.144s][info][gc,start       ] GC(1524) Pause Young (Allocation Failure)
[90.151s][info][gc,heap        ] GC(1524) DefNew: 141051K(157248K)->1261K(157248K) Eden: 139776K(139776K)->0K(139776K) From: 1275K(17472K)->1261K(17472K)
[90.151s][info][gc,heap        ] GC(1524) Tenured: 50874K(349568K)->50881K(349568K)
[90.151s][info][gc,metaspace   ] GC(1524) Metaspace: 73880K(74240K)->73880K(74240K) NonClass: 58735K(58944K)->58735K(58944K) Class: 15144K(15296K)->15144K(15296K)
[90.151s][info][gc             ] GC(1524) Pause Young (Allocation Failure) 187M->50M(494M) 6.995ms
[90.151s][info][gc,cpu         ] GC(1524) User=0.02s Sys=0.00s Real=0.01s
[90.200s][info][gc,start       ] GC(1525) Pause Young (Allocation Failure)
[90.210s][info][gc,heap        ] GC(1525) DefNew: 141037K(157248K)->1200K(157248K) Eden: 139776K(139776K)->0K(139776K) From: 1261K(17472K)->1200K(17472K)
[90.210s][info][gc,heap        ] GC(1525) Tenured: 50881K(349568K)->50900K(349568K)
[90.210s][info][gc,metaspace   ] GC(1525) Metaspace: 73880K(74240K)->73880K(74240K) NonClass: 58735K(58944K)->58735K(58944K) Class: 15144K(15296K)->15144K(15296K)
[90.210s][info][gc             ] GC(1525) Pause Young (Allocation Failure) 187M->50M(494M) 10.087ms
[90.210s][info][gc,cpu         ] GC(1525) User=0.00s Sys=0.00s Real=0.00s
[90.263s][info][gc,start       ] GC(1526) Pause Young (Allocation Failure)
[90.269s][info][gc,heap        ] GC(1526) DefNew: 140976K(157248K)->1162K(157248K) Eden: 139776K(139776K)->0K(139776K) From: 1200K(17472K)->1162K(17472K)
[90.269s][info][gc,heap        ] GC(1526) Tenured: 50900K(349568K)->50926K(349568K)
[90.269s][info][gc,metaspace   ] GC(1526) Metaspace: 73880K(74240K)->73880K(74240K) NonClass: 58735K(58944K)->58735K(58944K) Class: 15144K(15296K)->15144K(15296K)
[90.269s][info][gc             ] GC(1526) Pause Young (Allocation Failure) 187M->50M(494M) 6.185ms
[90.269s][info][gc,cpu         ] GC(1526) User=0.00s Sys=0.00s Real=0.00s
[90.326s][info][gc,start       ] GC(1527) Pause Young (Allocation Failure)
[90.331s][info][gc,heap        ] GC(1527) DefNew: 140938K(157248K)->1108K(157248K) Eden: 139776K(139776K)->0K(139776K) From: 1162K(17472K)->1108K(17472K)
[90.331s][info][gc,heap        ] GC(1527) Tenured: 50926K(349568K)->50973K(349568K)
[90.331s][info][gc,metaspace   ] GC(1527) Metaspace: 73880K(74240K)->73880K(74240K) NonClass: 58735K(58944K)->58735K(58944K) Class: 15144K(15296K)->15144K(15296K)
[90.331s][info][gc             ] GC(1527) Pause Young (Allocation Failure) 187M->50M(494M) 5.176ms
[90.331s][info][gc,cpu         ] GC(1527) User=0.00s Sys=0.00s Real=0.00s
[90.387s][info][gc,start       ] GC(1528) Pause Young (Allocation Failure)
[90.392s][info][gc,heap        ] GC(1528) DefNew: 140884K(157248K)->1086K(157248K) Eden: 139776K(139776K)->0K(139776K) From: 1108K(17472K)->1086K(17472K)
[90.392s][info][gc,heap        ] GC(1528) Tenured: 50973K(349568K)->51003K(349568K)
[90.392s][info][gc,metaspace   ] GC(1528) Metaspace: 73880K(74240K)->73880K(74240K) NonClass: 58735K(58944K)->58735K(58944K) Class: 15144K(15296K)->15144K(15296K)
[90.392s][info][gc             ] GC(1528) Pause Young (Allocation Failure) 187M->50M(494M) 5.104ms
[90.392s][info][gc,cpu         ] GC(1528) User=0.02s Sys=0.00s Real=0.02s
[90.450s][info][gc,start       ] GC(1529) Pause Young (Allocation Failure)
[90.454s][info][gc,heap        ] GC(1529) DefNew: 140862K(157248K)->1062K(157248K) Eden: 139776K(139776K)->0K(139776K) From: 1086K(17472K)->1062K(17472K)
[90.454s][info][gc,heap        ] GC(1529) Tenured: 51003K(349568K)->51004K(349568K)
[90.454s][info][gc,metaspace   ] GC(1529) Metaspace: 73880K(74240K)->73880K(74240K) NonClass: 58735K(58944K)->58735K(58944K) Class: 15144K(15296K)->15144K(15296K)
[90.454s][info][gc             ] GC(1529) Pause Young (Allocation Failure) 187M->50M(494M) 4.846ms
[90.454s][info][gc,cpu         ] GC(1529) User=0.02s Sys=0.00s Real=0.02s
[90.514s][info][gc,start       ] GC(1530) Pause Young (Allocation Failure)
[90.519s][info][gc,heap        ] GC(1530) DefNew: 140838K(157248K)->1062K(157248K) Eden: 139776K(139776K)->0K(139776K) From: 1062K(17472K)->1062K(17472K)
[90.519s][info][gc,heap        ] GC(1530) Tenured: 51004K(349568K)->51029K(349568K)
[90.519s][info][gc,metaspace   ] GC(1530) Metaspace: 73880K(74240K)->73880K(74240K) NonClass: 58735K(58944K)->58735K(58944K) Class: 15144K(15296K)->15144K(15296K)
[90.519s][info][gc             ] GC(1530) Pause Young (Allocation Failure) 187M->50M(494M) 4.772ms
[90.519s][info][gc,cpu         ] GC(1530) User=0.00s Sys=0.00s Real=0.00s
[90.589s][info][gc,start       ] GC(1531) Pause Young (Allocation Failure)
[90.594s][info][gc,heap        ] GC(1531) DefNew: 140838K(157248K)->1010K(157248K) Eden: 139776K(139776K)->0K(139776K) From: 1062K(17472K)->1010K(17472K)
[90.594s][info][gc,heap        ] GC(1531) Tenured: 51029K(349568K)->51034K(349568K)
[90.594s][info][gc,metaspace   ] GC(1531) Metaspace: 73880K(74240K)->73880K(74240K) NonClass: 58735K(58944K)->58735K(58944K) Class: 15144K(15296K)->15144K(15296K)
[90.594s][info][gc             ] GC(1531) Pause Young (Allocation Failure) 187M->50M(494M) 4.499ms
[90.594s][info][gc,cpu         ] GC(1531) User=0.00s Sys=0.00s Real=0.00s
[90.683s][info][gc,start       ] GC(1532) Pause Young (Allocation Failure)
[90.687s][info][gc,heap        ] GC(1532) DefNew: 140786K(157248K)->950K(157248K) Eden: 139776K(139776K)->0K(139776K) From: 1010K(17472K)->950K(17472K)
[90.687s][info][gc,heap        ] GC(1532) Tenured: 51034K(349568K)->51080K(349568K)
[90.687s][info][gc,metaspace   ] GC(1532) Metaspace: 73880K(74240K)->73880K(74240K) NonClass: 58735K(58944K)->58735K(58944K) Class: 15144K(15296K)->15144K(15296K)
[90.687s][info][gc             ] GC(1532) Pause Young (Allocation Failure) 187M->50M(494M) 3.861ms
[90.687s][info][gc,cpu         ] GC(1532) User=0.00s Sys=0.00s Real=0.00s
[90.786s][info][gc,start       ] GC(1533) Pause Young (Allocation Failure)
[90.790s][info][gc,heap        ] GC(1533) DefNew: 140726K(157248K)->912K(157248K) Eden: 139776K(139776K)->0K(139776K) From: 950K(17472K)->912K(17472K)
[90.790s][info][gc,heap        ] GC(1533) Tenured: 51080K(349568K)->51107K(349568K)
[90.790s][info][gc,metaspace   ] GC(1533) Metaspace: 73880K(74240K)->73880K(74240K) NonClass: 58735K(58944K)->58735K(58944K) Class: 15144K(15296K)->15144K(15296K)
[90.790s][info][gc             ] GC(1533) Pause Young (Allocation Failure) 187M->50M(494M) 3.701ms
[90.790s][info][gc,cpu         ] GC(1533) User=0.00s Sys=0.00s Real=0.00s
[90.903s][info][gc,start       ] GC(1534) Pause Young (Allocation Failure)
[90.907s][info][gc,heap        ] GC(1534) DefNew: 140688K(157248K)->880K(157248K) Eden: 139776K(139776K)->0K(139776K) From: 912K(17472K)->880K(17472K)
[90.907s][info][gc,heap        ] GC(1534) Tenured: 51107K(349568K)->51148K(349568K)
[90.907s][info][gc,metaspace   ] GC(1534) Metaspace: 73880K(74240K)->73880K(74240K) NonClass: 58735K(58944K)->58735K(58944K) Class: 15144K(15296K)->15144K(15296K)
[90.907s][info][gc             ] GC(1534) Pause Young (Allocation Failure) 187M->50M(494M) 3.465ms
[90.907s][info][gc,cpu         ] GC(1534) User=0.00s Sys=0.00s Real=0.00s
[91.023s][info][gc,start       ] GC(1535) Pause Young (Allocation Failure)
[91.026s][info][gc,heap        ] GC(1535) DefNew: 140656K(157248K)->869K(157248K) Eden: 139776K(139776K)->0K(139776K) From: 880K(17472K)->869K(17472K)
[91.026s][info][gc,heap        ] GC(1535) Tenured: 51148K(349568K)->51158K(349568K)
[91.026s][info][gc,metaspace   ] GC(1535) Metaspace: 73880K(74240K)->73880K(74240K) NonClass: 58735K(58944K)->58735K(58944K) Class: 15144K(15296K)->15144K(15296K)
[91.026s][info][gc             ] GC(1535) Pause Young (Allocation Failure) 187M->50M(494M) 3.432ms
[91.026s][info][gc,cpu         ] GC(1535) User=0.00s Sys=0.00s Real=0.00s
[91.142s][info][gc,start       ] GC(1536) Pause Young (Allocation Failure)
[91.146s][info][gc,heap        ] GC(1536) DefNew: 140645K(157248K)->820K(157248K) Eden: 139776K(139776K)->0K(139776K) From: 869K(17472K)->820K(17472K)
[91.146s][info][gc,heap        ] GC(1536) Tenured: 51158K(349568K)->51206K(349568K)
[91.146s][info][gc,metaspace   ] GC(1536) Metaspace: 73880K(74240K)->73880K(74240K) NonClass: 58735K(58944K)->58735K(58944K) Class: 15144K(15296K)->15144K(15296K)
[91.146s][info][gc             ] GC(1536) Pause Young (Allocation Failure) 187M->50M(494M) 4.675ms
[91.146s][info][gc,cpu         ] GC(1536) User=0.00s Sys=0.00s Real=0.00s
[91.261s][info][gc,start       ] GC(1537) Pause Young (Allocation Failure)
[91.264s][info][gc,heap        ] GC(1537) DefNew: 140596K(157248K)->782K(157248K) Eden: 139776K(139776K)->0K(139776K) From: 820K(17472K)->782K(17472K)
[91.264s][info][gc,heap        ] GC(1537) Tenured: 51206K(349568K)->51257K(349568K)
[91.264s][info][gc,metaspace   ] GC(1537) Metaspace: 73880K(74240K)->73880K(74240K) NonClass: 58735K(58944K)->58735K(58944K) Class: 15144K(15296K)->15144K(15296K)
[91.264s][info][gc             ] GC(1537) Pause Young (Allocation Failure) 187M->50M(494M) 3.345ms
[91.264s][info][gc,cpu         ] GC(1537) User=0.00s Sys=0.00s Real=0.00s
[91.380s][info][gc,start       ] GC(1538) Pause Young (Allocation Failure)
[91.384s][info][gc,heap        ] GC(1538) DefNew: 140558K(157248K)->724K(157248K) Eden: 139776K(139776K)->0K(139776K) From: 782K(17472K)->724K(17472K)
[91.384s][info][gc,heap        ] GC(1538) Tenured: 51257K(349568K)->51314K(349568K)
[91.384s][info][gc,metaspace   ] GC(1538) Metaspace: 73880K(74240K)->73880K(74240K) NonClass: 58735K(58944K)->58735K(58944K) Class: 15144K(15296K)->15144K(15296K)
[91.384s][info][gc             ] GC(1538) Pause Young (Allocation Failure) 187M->50M(494M) 3.496ms
[91.384s][info][gc,cpu         ] GC(1538) User=0.00s Sys=0.00s Real=0.00s
[91.499s][info][gc,start       ] GC(1539) Pause Young (Allocation Failure)
[91.502s][info][gc,heap        ] GC(1539) DefNew: 140500K(157248K)->687K(157248K) Eden: 139776K(139776K)->0K(139776K) From: 724K(17472K)->687K(17472K)
[91.502s][info][gc,heap        ] GC(1539) Tenured: 51314K(349568K)->51365K(349568K)
[91.502s][info][gc,metaspace   ] GC(1539) Metaspace: 73880K(74240K)->73880K(74240K) NonClass: 58735K(58944K)->58735K(58944K) Class: 15144K(15296K)->15144K(15296K)
[91.502s][info][gc             ] GC(1539) Pause Young (Allocation Failure) 187M->50M(494M) 3.613ms
[91.502s][info][gc,cpu         ] GC(1539) User=0.00s Sys=0.00s Real=0.00s
[91.616s][info][gc,start       ] GC(1540) Pause Young (Allocation Failure)
[91.620s][info][gc,heap        ] GC(1540) DefNew: 140463K(157248K)->601K(157248K) Eden: 139776K(139776K)->0K(139776K) From: 687K(17472K)->601K(17472K)
[91.620s][info][gc,heap        ] GC(1540) Tenured: 51365K(349568K)->51430K(349568K)
[91.620s][info][gc,metaspace   ] GC(1540) Metaspace: 73880K(74240K)->73880K(74240K) NonClass: 58735K(58944K)->58735K(58944K) Class: 15144K(15296K)->15144K(15296K)
[91.621s][info][gc             ] GC(1540) Pause Young (Allocation Failure) 187M->50M(494M) 4.034ms
[91.621s][info][gc,cpu         ] GC(1540) User=0.00s Sys=0.00s Real=0.00s
[91.735s][info][gc,start       ] GC(1541) Pause Young (Allocation Failure)
[91.738s][info][gc,heap        ] GC(1541) DefNew: 140377K(157248K)->527K(157248K) Eden: 139776K(139776K)->0K(139776K) From: 601K(17472K)->527K(17472K)
[91.738s][info][gc,heap        ] GC(1541) Tenured: 51430K(349568K)->51507K(349568K)
[91.738s][info][gc,metaspace   ] GC(1541) Metaspace: 73880K(74240K)->73880K(74240K) NonClass: 58735K(58944K)->58735K(58944K) Class: 15144K(15296K)->15144K(15296K)
[91.738s][info][gc             ] GC(1541) Pause Young (Allocation Failure) 187M->50M(494M) 3.038ms
[91.738s][info][gc,cpu         ] GC(1541) User=0.00s Sys=0.00s Real=0.00s
[91.852s][info][gc,start       ] GC(1542) Pause Young (Allocation Failure)
[91.855s][info][gc,heap        ] GC(1542) DefNew: 140303K(157248K)->497K(157248K) Eden: 139776K(139776K)->0K(139776K) From: 527K(17472K)->497K(17472K)
[91.855s][info][gc,heap        ] GC(1542) Tenured: 51507K(349568K)->51533K(349568K)
[91.855s][info][gc,metaspace   ] GC(1542) Metaspace: 73880K(74240K)->73880K(74240K) NonClass: 58735K(58944K)->58735K(58944K) Class: 15144K(15296K)->15144K(15296K)
[91.855s][info][gc             ] GC(1542) Pause Young (Allocation Failure) 187M->50M(494M) 3.869ms
[91.856s][info][gc,cpu         ] GC(1542) User=0.00s Sys=0.00s Real=0.00s
[91.970s][info][gc,start       ] GC(1543) Pause Young (Allocation Failure)
[91.973s][info][gc,heap        ] GC(1543) DefNew: 140273K(157248K)->484K(157248K) Eden: 139776K(139776K)->0K(139776K) From: 497K(17472K)->484K(17472K)
[91.973s][info][gc,heap        ] GC(1543) Tenured: 51533K(349568K)->51559K(349568K)
[91.973s][info][gc,metaspace   ] GC(1543) Metaspace: 73880K(74240K)->73880K(74240K) NonClass: 58735K(58944K)->58735K(58944K) Class: 15144K(15296K)->15144K(15296K)
[91.973s][info][gc             ] GC(1543) Pause Young (Allocation Failure) 187M->50M(494M) 2.926ms
[91.973s][info][gc,cpu         ] GC(1543) User=0.00s Sys=0.00s Real=0.00s
[92.225s][info][gc,start       ] GC(1544) Pause Young (Allocation Failure)
[92.230s][info][gc,heap        ] GC(1544) DefNew: 140260K(157248K)->423K(157248K) Eden: 139776K(139776K)->0K(139776K) From: 484K(17472K)->423K(17472K)
[92.230s][info][gc,heap        ] GC(1544) Tenured: 51559K(349568K)->51584K(349568K)
[92.230s][info][gc,metaspace   ] GC(1544) Metaspace: 73880K(74240K)->73880K(74240K) NonClass: 58735K(58944K)->58735K(58944K) Class: 15144K(15296K)->15144K(15296K)
[92.231s][info][gc             ] GC(1544) Pause Young (Allocation Failure) 187M->50M(494M) 5.931ms
[92.231s][info][gc,cpu         ] GC(1544) User=0.02s Sys=0.00s Real=0.02s
[92.335s][info][gc,start       ] GC(1545) Pause Full (System.gc())
[92.335s][info][gc,phases,start] GC(1545) Phase 1: Mark live objects
[92.381s][info][gc,phases      ] GC(1545) Phase 1: Mark live objects 45.605ms
[92.381s][info][gc,phases,start] GC(1545) Phase 2: Compute new object addresses
[92.410s][info][gc,phases      ] GC(1545) Phase 2: Compute new object addresses 28.907ms
[92.410s][info][gc,phases,start] GC(1545) Phase 3: Adjust pointers
[92.439s][info][gc,phases      ] GC(1545) Phase 3: Adjust pointers 28.532ms
[92.439s][info][gc,phases,start] GC(1545) Phase 4: Move objects
[92.442s][info][gc,phases      ] GC(1545) Phase 4: Move objects 3.759ms
[92.443s][info][gc,heap        ] GC(1545) DefNew: 23411K(157248K)->0K(157248K) Eden: 22988K(139776K)->0K(139776K) From: 423K(17472K)->0K(17472K)
[92.443s][info][gc,heap        ] GC(1545) Tenured: 51584K(349568K)->36084K(349568K)
[92.443s][info][gc,metaspace   ] GC(1545) Metaspace: 73880K(74240K)->73880K(74240K) NonClass: 58736K(58944K)->58736K(58944K) Class: 15144K(15296K)->15144K(15296K)
[92.443s][info][gc             ] GC(1545) Pause Full (System.gc()) 73M->35M(494M) 107.590ms
[92.443s][info][gc,cpu         ] GC(1545) User=0.11s Sys=0.00s Real=0.09s
[92.518s][info][gc,start       ] GC(1546) Pause Young (Allocation Failure)
[92.533s][info][gc,heap        ] GC(1546) DefNew: 139776K(157248K)->3449K(157248K) Eden: 139776K(139776K)->0K(139776K) From: 0K(17472K)->3449K(17472K)
[92.533s][info][gc,heap        ] GC(1546) Tenured: 36084K(349568K)->36084K(349568K)
[92.533s][info][gc,metaspace   ] GC(1546) Metaspace: 73904K(74304K)->73904K(74304K) NonClass: 58760K(59008K)->58760K(59008K) Class: 15144K(15296K)->15144K(15296K)
[92.533s][info][gc             ] GC(1546) Pause Young (Allocation Failure) 171M->38M(494M) 15.012ms
[92.533s][info][gc,cpu         ] GC(1546) User=0.00s Sys=0.00s Real=0.00s
[92.579s][info][gc,start       ] GC(1547) Pause Young (Allocation Failure)
[92.592s][info][gc,heap        ] GC(1547) DefNew: 143225K(157248K)->3550K(157248K) Eden: 139776K(139776K)->0K(139776K) From: 3449K(17472K)->3550K(17472K)
[92.592s][info][gc,heap        ] GC(1547) Tenured: 36084K(349568K)->36084K(349568K)
[92.592s][info][gc,metaspace   ] GC(1547) Metaspace: 73904K(74304K)->73904K(74304K) NonClass: 58760K(59008K)->58760K(59008K) Class: 15144K(15296K)->15144K(15296K)
[92.592s][info][gc             ] GC(1547) Pause Young (Allocation Failure) 175M->38M(494M) 12.900ms
[92.592s][info][gc,cpu         ] GC(1547) User=0.00s Sys=0.00s Real=0.00s
[92.633s][info][gc,start       ] GC(1548) Pause Young (Allocation Failure)
[92.646s][info][gc,heap        ] GC(1548) DefNew: 143326K(157248K)->3495K(157248K) Eden: 139776K(139776K)->0K(139776K) From: 3550K(17472K)->3495K(17472K)
[92.646s][info][gc,heap        ] GC(1548) Tenured: 36084K(349568K)->36084K(349568K)
[92.646s][info][gc,metaspace   ] GC(1548) Metaspace: 73904K(74304K)->73904K(74304K) NonClass: 58760K(59008K)->58760K(59008K) Class: 15144K(15296K)->15144K(15296K)
[92.646s][info][gc             ] GC(1548) Pause Young (Allocation Failure) 175M->38M(494M) 12.434ms
[92.646s][info][gc,cpu         ] GC(1548) User=0.00s Sys=0.00s Real=0.00s
[92.688s][info][gc,start       ] GC(1549) Pause Young (Allocation Failure)
[92.702s][info][gc,heap        ] GC(1549) DefNew: 143271K(157248K)->3613K(157248K) Eden: 139776K(139776K)->0K(139776K) From: 3495K(17472K)->3613K(17472K)
[92.702s][info][gc,heap        ] GC(1549) Tenured: 36084K(349568K)->36084K(349568K)
[92.702s][info][gc,metaspace   ] GC(1549) Metaspace: 73904K(74304K)->73904K(74304K) NonClass: 58760K(59008K)->58760K(59008K) Class: 15144K(15296K)->15144K(15296K)
[92.702s][info][gc             ] GC(1549) Pause Young (Allocation Failure) 175M->38M(494M) 14.022ms
[92.702s][info][gc,cpu         ] GC(1549) User=0.00s Sys=0.00s Real=0.00s
[92.740s][info][gc,start       ] GC(1550) Pause Young (Allocation Failure)
[92.754s][info][gc,heap        ] GC(1550) DefNew: 143389K(157248K)->3561K(157248K) Eden: 139776K(139776K)->0K(139776K) From: 3613K(17472K)->3561K(17472K)
[92.754s][info][gc,heap        ] GC(1550) Tenured: 36084K(349568K)->36084K(349568K)
[92.754s][info][gc,metaspace   ] GC(1550) Metaspace: 73904K(74304K)->73904K(74304K) NonClass: 58760K(59008K)->58760K(59008K) Class: 15144K(15296K)->15144K(15296K)
[92.754s][info][gc             ] GC(1550) Pause Young (Allocation Failure) 175M->38M(494M) 13.538ms
[92.754s][info][gc,cpu         ] GC(1550) User=0.00s Sys=0.00s Real=0.00s
[92.791s][info][gc,start       ] GC(1551) Pause Young (Allocation Failure)
[92.803s][info][gc,heap        ] GC(1551) DefNew: 143337K(157248K)->3552K(157248K) Eden: 139776K(139776K)->0K(139776K) From: 3561K(17472K)->3552K(17472K)
[92.803s][info][gc,heap        ] GC(1551) Tenured: 36084K(349568K)->36084K(349568K)
[92.803s][info][gc,metaspace   ] GC(1551) Metaspace: 73904K(74304K)->73904K(74304K) NonClass: 58760K(59008K)->58760K(59008K) Class: 15144K(15296K)->15144K(15296K)
[92.803s][info][gc             ] GC(1551) Pause Young (Allocation Failure) 175M->38M(494M) 12.488ms
[92.803s][info][gc,cpu         ] GC(1551) User=0.00s Sys=0.00s Real=0.00s
[92.839s][info][gc,start       ] GC(1552) Pause Young (Allocation Failure)
[92.852s][info][gc,heap        ] GC(1552) DefNew: 143328K(157248K)->3529K(157248K) Eden: 139776K(139776K)->0K(139776K) From: 3552K(17472K)->3529K(17472K)
[92.852s][info][gc,heap        ] GC(1552) Tenured: 36084K(349568K)->36084K(349568K)
[92.852s][info][gc,metaspace   ] GC(1552) Metaspace: 73904K(74304K)->73904K(74304K) NonClass: 58760K(59008K)->58760K(59008K) Class: 15144K(15296K)->15144K(15296K)
[92.853s][info][gc             ] GC(1552) Pause Young (Allocation Failure) 175M->38M(494M) 13.641ms
[92.853s][info][gc,cpu         ] GC(1552) User=0.00s Sys=0.00s Real=0.00s
[92.889s][info][gc,start       ] GC(1553) Pause Young (Allocation Failure)
[92.902s][info][gc,heap        ] GC(1553) DefNew: 143305K(157248K)->3517K(157248K) Eden: 139776K(139776K)->0K(139776K) From: 3529K(17472K)->3517K(17472K)
[92.902s][info][gc,heap        ] GC(1553) Tenured: 36084K(349568K)->36084K(349568K)
[92.902s][info][gc,metaspace   ] GC(1553) Metaspace: 73904K(74304K)->73904K(74304K) NonClass: 58760K(59008K)->58760K(59008K) Class: 15144K(15296K)->15144K(15296K)
[92.902s][info][gc             ] GC(1553) Pause Young (Allocation Failure) 175M->38M(494M) 12.944ms
[92.902s][info][gc,cpu         ] GC(1553) User=0.02s Sys=0.00s Real=0.01s
[92.938s][info][gc,start       ] GC(1554) Pause Young (Allocation Failure)
[92.950s][info][gc,heap        ] GC(1554) DefNew: 143293K(157248K)->3525K(157248K) Eden: 139776K(139776K)->0K(139776K) From: 3517K(17472K)->3525K(17472K)
[92.950s][info][gc,heap        ] GC(1554) Tenured: 36084K(349568K)->36084K(349568K)
[92.950s][info][gc,metaspace   ] GC(1554) Metaspace: 73904K(74304K)->73904K(74304K) NonClass: 58760K(59008K)->58760K(59008K) Class: 15144K(15296K)->15144K(15296K)
[92.950s][info][gc             ] GC(1554) Pause Young (Allocation Failure) 175M->38M(494M) 12.291ms
[92.950s][info][gc,cpu         ] GC(1554) User=0.00s Sys=0.00s Real=0.00s
[92.986s][info][gc,start       ] GC(1555) Pause Young (Allocation Failure)
[92.998s][info][gc,heap        ] GC(1555) DefNew: 143301K(157248K)->3560K(157248K) Eden: 139776K(139776K)->0K(139776K) From: 3525K(17472K)->3560K(17472K)
[92.998s][info][gc,heap        ] GC(1555) Tenured: 36084K(349568K)->36084K(349568K)
[92.998s][info][gc,metaspace   ] GC(1555) Metaspace: 73904K(74304K)->73904K(74304K) NonClass: 58760K(59008K)->58760K(59008K) Class: 15144K(15296K)->15144K(15296K)
[92.998s][info][gc             ] GC(1555) Pause Young (Allocation Failure) 175M->38M(494M) 12.320ms
[92.998s][info][gc,cpu         ] GC(1555) User=0.00s Sys=0.00s Real=0.00s
[93.036s][info][gc,start       ] GC(1556) Pause Young (Allocation Failure)
[93.049s][info][gc,heap        ] GC(1556) DefNew: 143336K(157248K)->3576K(157248K) Eden: 139776K(139776K)->0K(139776K) From: 3560K(17472K)->3576K(17472K)
[93.049s][info][gc,heap        ] GC(1556) Tenured: 36084K(349568K)->36084K(349568K)
[93.049s][info][gc,metaspace   ] GC(1556) Metaspace: 73904K(74304K)->73904K(74304K) NonClass: 58760K(59008K)->58760K(59008K) Class: 15144K(15296K)->15144K(15296K)
[93.049s][info][gc             ] GC(1556) Pause Young (Allocation Failure) 175M->38M(494M) 12.569ms
[93.049s][info][gc,cpu         ] GC(1556) User=0.00s Sys=0.00s Real=0.00s
[93.087s][info][gc,start       ] GC(1557) Pause Young (Allocation Failure)
[93.099s][info][gc,heap        ] GC(1557) DefNew: 143352K(157248K)->3546K(157248K) Eden: 139776K(139776K)->0K(139776K) From: 3576K(17472K)->3546K(17472K)
[93.099s][info][gc,heap        ] GC(1557) Tenured: 36084K(349568K)->36084K(349568K)
[93.099s][info][gc,metaspace   ] GC(1557) Metaspace: 73904K(74304K)->73904K(74304K) NonClass: 58760K(59008K)->58760K(59008K) Class: 15144K(15296K)->15144K(15296K)
[93.100s][info][gc             ] GC(1557) Pause Young (Allocation Failure) 175M->38M(494M) 12.189ms
[93.100s][info][gc,cpu         ] GC(1557) User=0.00s Sys=0.00s Real=0.00s
[93.136s][info][gc,start       ] GC(1558) Pause Young (Allocation Failure)
[93.150s][info][gc,heap        ] GC(1558) DefNew: 143322K(157248K)->3490K(157248K) Eden: 139776K(139776K)->0K(139776K) From: 3546K(17472K)->3490K(17472K)
[93.150s][info][gc,heap        ] GC(1558) Tenured: 36084K(349568K)->36084K(349568K)
[93.150s][info][gc,metaspace   ] GC(1558) Metaspace: 73904K(74304K)->73904K(74304K) NonClass: 58760K(59008K)->58760K(59008K) Class: 15144K(15296K)->15144K(15296K)
[93.150s][info][gc             ] GC(1558) Pause Young (Allocation Failure) 175M->38M(494M) 13.698ms
[93.150s][info][gc,cpu         ] GC(1558) User=0.00s Sys=0.00s Real=0.00s
[93.189s][info][gc,start       ] GC(1559) Pause Young (Allocation Failure)
[93.202s][info][gc,heap        ] GC(1559) DefNew: 143266K(157248K)->3560K(157248K) Eden: 139776K(139776K)->0K(139776K) From: 3490K(17472K)->3560K(17472K)
[93.202s][info][gc,heap        ] GC(1559) Tenured: 36084K(349568K)->36084K(349568K)
[93.202s][info][gc,metaspace   ] GC(1559) Metaspace: 73904K(74304K)->73904K(74304K) NonClass: 58760K(59008K)->58760K(59008K) Class: 15144K(15296K)->15144K(15296K)
[93.202s][info][gc             ] GC(1559) Pause Young (Allocation Failure) 175M->38M(494M) 13.478ms
[93.202s][info][gc,cpu         ] GC(1559) User=0.00s Sys=0.00s Real=0.00s
[93.238s][info][gc,start       ] GC(1560) Pause Young (Allocation Failure)
[93.251s][info][gc,heap        ] GC(1560) DefNew: 143336K(157248K)->3608K(157248K) Eden: 139776K(139776K)->0K(139776K) From: 3560K(17472K)->3608K(17472K)
[93.251s][info][gc,heap        ] GC(1560) Tenured: 36084K(349568K)->36084K(349568K)
[93.251s][info][gc,metaspace   ] GC(1560) Metaspace: 73904K(74304K)->73904K(74304K) NonClass: 58760K(59008K)->58760K(59008K) Class: 15144K(15296K)->15144K(15296K)
[93.251s][info][gc             ] GC(1560) Pause Young (Allocation Failure) 175M->38M(494M) 12.865ms
[93.251s][info][gc,cpu         ] GC(1560) User=0.00s Sys=0.00s Real=0.00s
[93.288s][info][gc,start       ] GC(1561) Pause Young (Allocation Failure)
[93.301s][info][gc,heap        ] GC(1561) DefNew: 143384K(157248K)->1390K(157248K) Eden: 139776K(139776K)->0K(139776K) From: 3608K(17472K)->1390K(17472K)
[93.301s][info][gc,heap        ] GC(1561) Tenured: 36084K(349568K)->38197K(349568K)
[93.301s][info][gc,metaspace   ] GC(1561) Metaspace: 73904K(74304K)->73904K(74304K) NonClass: 58760K(59008K)->58760K(59008K) Class: 15144K(15296K)->15144K(15296K)
[93.301s][info][gc             ] GC(1561) Pause Young (Allocation Failure) 175M->38M(494M) 12.774ms
[93.301s][info][gc,cpu         ] GC(1561) User=0.00s Sys=0.00s Real=0.00s
[93.339s][info][gc,start       ] GC(1562) Pause Young (Allocation Failure)
[93.350s][info][gc,heap        ] GC(1562) DefNew: 141166K(157248K)->1409K(157248K) Eden: 139776K(139776K)->0K(139776K) From: 1390K(17472K)->1409K(17472K)
[93.350s][info][gc,heap        ] GC(1562) Tenured: 38197K(349568K)->38202K(349568K)
[93.350s][info][gc,metaspace   ] GC(1562) Metaspace: 73904K(74304K)->73904K(74304K) NonClass: 58760K(59008K)->58760K(59008K) Class: 15144K(15296K)->15144K(15296K)
[93.350s][info][gc             ] GC(1562) Pause Young (Allocation Failure) 175M->38M(494M) 11.516ms
[93.350s][info][gc,cpu         ] GC(1562) User=0.00s Sys=0.00s Real=0.00s
[93.388s][info][gc,start       ] GC(1563) Pause Young (Allocation Failure)
[93.397s][info][gc,heap        ] GC(1563) DefNew: 141185K(157248K)->1492K(157248K) Eden: 139776K(139776K)->0K(139776K) From: 1409K(17472K)->1492K(17472K)
[93.397s][info][gc,heap        ] GC(1563) Tenured: 38202K(349568K)->38204K(349568K)
[93.397s][info][gc,metaspace   ] GC(1563) Metaspace: 73906K(74304K)->73906K(74304K) NonClass: 58762K(59008K)->58762K(59008K) Class: 15144K(15296K)->15144K(15296K)
[93.397s][info][gc             ] GC(1563) Pause Young (Allocation Failure) 175M->38M(494M) 8.974ms
[93.397s][info][gc,cpu         ] GC(1563) User=0.00s Sys=0.00s Real=0.01s
[93.433s][info][gc,start       ] GC(1564) Pause Young (Allocation Failure)
[93.442s][info][gc,heap        ] GC(1564) DefNew: 141268K(157248K)->1419K(157248K) Eden: 139776K(139776K)->0K(139776K) From: 1492K(17472K)->1419K(17472K)
[93.442s][info][gc,heap        ] GC(1564) Tenured: 38204K(349568K)->38206K(349568K)
[93.442s][info][gc,metaspace   ] GC(1564) Metaspace: 73906K(74304K)->73906K(74304K) NonClass: 58762K(59008K)->58762K(59008K) Class: 15144K(15296K)->15144K(15296K)
[93.442s][info][gc             ] GC(1564) Pause Young (Allocation Failure) 175M->38M(494M) 9.124ms
[93.442s][info][gc,cpu         ] GC(1564) User=0.00s Sys=0.00s Real=0.00s
[93.478s][info][gc,start       ] GC(1565) Pause Young (Allocation Failure)
[93.486s][info][gc,heap        ] GC(1565) DefNew: 141195K(157248K)->1459K(157248K) Eden: 139776K(139776K)->0K(139776K) From: 1419K(17472K)->1459K(17472K)
[93.487s][info][gc,heap        ] GC(1565) Tenured: 38206K(349568K)->38206K(349568K)
[93.487s][info][gc,metaspace   ] GC(1565) Metaspace: 73906K(74304K)->73906K(74304K) NonClass: 58762K(59008K)->58762K(59008K) Class: 15144K(15296K)->15144K(15296K)
[93.487s][info][gc             ] GC(1565) Pause Young (Allocation Failure) 175M->38M(494M) 8.885ms
[93.487s][info][gc,cpu         ] GC(1565) User=0.00s Sys=0.00s Real=0.00s
[93.522s][info][gc,start       ] GC(1566) Pause Young (Allocation Failure)
[93.531s][info][gc,heap        ] GC(1566) DefNew: 141235K(157248K)->1523K(157248K) Eden: 139776K(139776K)->0K(139776K) From: 1459K(17472K)->1523K(17472K)
[93.531s][info][gc,heap        ] GC(1566) Tenured: 38206K(349568K)->38206K(349568K)
[93.531s][info][gc,metaspace   ] GC(1566) Metaspace: 73906K(74304K)->73906K(74304K) NonClass: 58762K(59008K)->58762K(59008K) Class: 15144K(15296K)->15144K(15296K)
[93.531s][info][gc             ] GC(1566) Pause Young (Allocation Failure) 175M->38M(494M) 8.668ms
[93.531s][info][gc,cpu         ] GC(1566) User=0.02s Sys=0.00s Real=0.00s
[93.567s][info][gc,start       ] GC(1567) Pause Young (Allocation Failure)
[93.575s][info][gc,heap        ] GC(1567) DefNew: 141299K(157248K)->1424K(157248K) Eden: 139776K(139776K)->0K(139776K) From: 1523K(17472K)->1424K(17472K)
[93.575s][info][gc,heap        ] GC(1567) Tenured: 38206K(349568K)->38206K(349568K)
[93.575s][info][gc,metaspace   ] GC(1567) Metaspace: 73906K(74304K)->73906K(74304K) NonClass: 58762K(59008K)->58762K(59008K) Class: 15144K(15296K)->15144K(15296K)
[93.575s][info][gc             ] GC(1567) Pause Young (Allocation Failure) 175M->38M(494M) 8.148ms
[93.575s][info][gc,cpu         ] GC(1567) User=0.00s Sys=0.00s Real=0.00s
[93.611s][info][gc,start       ] GC(1568) Pause Young (Allocation Failure)
[93.620s][info][gc,heap        ] GC(1568) DefNew: 141200K(157248K)->1458K(157248K) Eden: 139776K(139776K)->0K(139776K) From: 1424K(17472K)->1458K(17472K)
[93.620s][info][gc,heap        ] GC(1568) Tenured: 38206K(349568K)->38206K(349568K)
[93.620s][info][gc,metaspace   ] GC(1568) Metaspace: 73906K(74304K)->73906K(74304K) NonClass: 58762K(59008K)->58762K(59008K) Class: 15144K(15296K)->15144K(15296K)
[93.620s][info][gc             ] GC(1568) Pause Young (Allocation Failure) 175M->38M(494M) 9.211ms
[93.620s][info][gc,cpu         ] GC(1568) User=0.00s Sys=0.00s Real=0.00s
[93.655s][info][gc,start       ] GC(1569) Pause Young (Allocation Failure)
[93.665s][info][gc,heap        ] GC(1569) DefNew: 141234K(157248K)->1519K(157248K) Eden: 139776K(139776K)->0K(139776K) From: 1458K(17472K)->1519K(17472K)
[93.665s][info][gc,heap        ] GC(1569) Tenured: 38206K(349568K)->38206K(349568K)
[93.665s][info][gc,metaspace   ] GC(1569) Metaspace: 73906K(74304K)->73906K(74304K) NonClass: 58762K(59008K)->58762K(59008K) Class: 15144K(15296K)->15144K(15296K)
[93.665s][info][gc             ] GC(1569) Pause Young (Allocation Failure) 175M->38M(494M) 9.252ms
[93.665s][info][gc,cpu         ] GC(1569) User=0.00s Sys=0.00s Real=0.00s
[93.700s][info][gc,start       ] GC(1570) Pause Young (Allocation Failure)
[93.709s][info][gc,heap        ] GC(1570) DefNew: 141295K(157248K)->1442K(157248K) Eden: 139776K(139776K)->0K(139776K) From: 1519K(17472K)->1442K(17472K)
[93.709s][info][gc,heap        ] GC(1570) Tenured: 38206K(349568K)->38206K(349568K)
[93.709s][info][gc,metaspace   ] GC(1570) Metaspace: 73906K(74304K)->73906K(74304K) NonClass: 58762K(59008K)->58762K(59008K) Class: 15144K(15296K)->15144K(15296K)
[93.709s][info][gc             ] GC(1570) Pause Young (Allocation Failure) 175M->38M(494M) 9.124ms
[93.709s][info][gc,cpu         ] GC(1570) User=0.00s Sys=0.00s Real=0.00s
[93.745s][info][gc,start       ] GC(1571) Pause Young (Allocation Failure)
[93.754s][info][gc,heap        ] GC(1571) DefNew: 141218K(157248K)->1446K(157248K) Eden: 139776K(139776K)->0K(139776K) From: 1442K(17472K)->1446K(17472K)
[93.754s][info][gc,heap        ] GC(1571) Tenured: 38206K(349568K)->38206K(349568K)
[93.754s][info][gc,metaspace   ] GC(1571) Metaspace: 73906K(74304K)->73906K(74304K) NonClass: 58762K(59008K)->58762K(59008K) Class: 15144K(15296K)->15144K(15296K)
[93.754s][info][gc             ] GC(1571) Pause Young (Allocation Failure) 175M->38M(494M) 8.780ms
[93.754s][info][gc,cpu         ] GC(1571) User=0.00s Sys=0.00s Real=0.00s
[93.789s][info][gc,start       ] GC(1572) Pause Young (Allocation Failure)
[93.798s][info][gc,heap        ] GC(1572) DefNew: 141222K(157248K)->1452K(157248K) Eden: 139775K(139776K)->0K(139776K) From: 1446K(17472K)->1452K(17472K)
[93.798s][info][gc,heap        ] GC(1572) Tenured: 38206K(349568K)->38206K(349568K)
[93.798s][info][gc,metaspace   ] GC(1572) Metaspace: 73906K(74304K)->73906K(74304K) NonClass: 58762K(59008K)->58762K(59008K) Class: 15144K(15296K)->15144K(15296K)
[93.798s][info][gc             ] GC(1572) Pause Young (Allocation Failure) 175M->38M(494M) 8.461ms
[93.798s][info][gc,cpu         ] GC(1572) User=0.00s Sys=0.00s Real=0.00s
[93.834s][info][gc,start       ] GC(1573) Pause Young (Allocation Failure)
[93.842s][info][gc,heap        ] GC(1573) DefNew: 141228K(157248K)->1454K(157248K) Eden: 139776K(139776K)->0K(139776K) From: 1452K(17472K)->1454K(17472K)
[93.842s][info][gc,heap        ] GC(1573) Tenured: 38206K(349568K)->38206K(349568K)
[93.842s][info][gc,metaspace   ] GC(1573) Metaspace: 73906K(74304K)->73906K(74304K) NonClass: 58762K(59008K)->58762K(59008K) Class: 15144K(15296K)->15144K(15296K)
[93.842s][info][gc             ] GC(1573) Pause Young (Allocation Failure) 175M->38M(494M) 8.428ms
[93.842s][info][gc,cpu         ] GC(1573) User=0.00s Sys=0.00s Real=0.00s
[93.877s][info][gc,start       ] GC(1574) Pause Young (Allocation Failure)
[93.886s][info][gc,heap        ] GC(1574) DefNew: 141230K(157248K)->1400K(157248K) Eden: 139776K(139776K)->0K(139776K) From: 1454K(17472K)->1400K(17472K)
[93.887s][info][gc,heap        ] GC(1574) Tenured: 38206K(349568K)->38236K(349568K)
[93.887s][info][gc,metaspace   ] GC(1574) Metaspace: 73906K(74304K)->73906K(74304K) NonClass: 58762K(59008K)->58762K(59008K) Class: 15144K(15296K)->15144K(15296K)
[93.887s][info][gc             ] GC(1574) Pause Young (Allocation Failure) 175M->38M(494M) 9.194ms
[93.887s][info][gc,cpu         ] GC(1574) User=0.00s Sys=0.00s Real=0.00s
[93.922s][info][gc,start       ] GC(1575) Pause Young (Allocation Failure)
[93.931s][info][gc,heap        ] GC(1575) DefNew: 141176K(157248K)->1417K(157248K) Eden: 139776K(139776K)->0K(139776K) From: 1400K(17472K)->1417K(17472K)
[93.931s][info][gc,heap        ] GC(1575) Tenured: 38236K(349568K)->38237K(349568K)
[93.931s][info][gc,metaspace   ] GC(1575) Metaspace: 73906K(74304K)->73906K(74304K) NonClass: 58762K(59008K)->58762K(59008K) Class: 15144K(15296K)->15144K(15296K)
[93.931s][info][gc             ] GC(1575) Pause Young (Allocation Failure) 175M->38M(494M) 8.812ms
[93.931s][info][gc,cpu         ] GC(1575) User=0.00s Sys=0.00s Real=0.00s
[93.967s][info][gc,start       ] GC(1576) Pause Young (Allocation Failure)
[93.976s][info][gc,heap        ] GC(1576) DefNew: 141193K(157248K)->1441K(157248K) Eden: 139776K(139776K)->0K(139776K) From: 1417K(17472K)->1441K(17472K)
[93.976s][info][gc,heap        ] GC(1576) Tenured: 38237K(349568K)->38238K(349568K)
[93.976s][info][gc,metaspace   ] GC(1576) Metaspace: 73906K(74304K)->73906K(74304K) NonClass: 58762K(59008K)->58762K(59008K) Class: 15144K(15296K)->15144K(15296K)
[93.976s][info][gc             ] GC(1576) Pause Young (Allocation Failure) 175M->38M(494M) 9.224ms
[93.976s][info][gc,cpu         ] GC(1576) User=0.00s Sys=0.00s Real=0.00s
[94.011s][info][gc,start       ] GC(1577) Pause Young (Allocation Failure)
[94.020s][info][gc,heap        ] GC(1577) DefNew: 141217K(157248K)->1462K(157248K) Eden: 139776K(139776K)->0K(139776K) From: 1441K(17472K)->1462K(17472K)
[94.020s][info][gc,heap        ] GC(1577) Tenured: 38238K(349568K)->38239K(349568K)
[94.020s][info][gc,metaspace   ] GC(1577) Metaspace: 73906K(74304K)->73906K(74304K) NonClass: 58762K(59008K)->58762K(59008K) Class: 15144K(15296K)->15144K(15296K)
[94.020s][info][gc             ] GC(1577) Pause Young (Allocation Failure) 175M->38M(494M) 8.983ms
[94.020s][info][gc,cpu         ] GC(1577) User=0.00s Sys=0.00s Real=0.01s
[94.056s][info][gc,start       ] GC(1578) Pause Young (Allocation Failure)
[94.064s][info][gc,heap        ] GC(1578) DefNew: 141238K(157248K)->1360K(157248K) Eden: 139776K(139776K)->0K(139776K) From: 1462K(17472K)->1360K(17472K)
[94.064s][info][gc,heap        ] GC(1578) Tenured: 38239K(349568K)->38283K(349568K)
[94.065s][info][gc,metaspace   ] GC(1578) Metaspace: 73906K(74304K)->73906K(74304K) NonClass: 58762K(59008K)->58762K(59008K) Class: 15144K(15296K)->15144K(15296K)
[94.065s][info][gc             ] GC(1578) Pause Young (Allocation Failure) 175M->38M(494M) 8.250ms
[94.065s][info][gc,cpu         ] GC(1578) User=0.00s Sys=0.00s Real=0.00s
[94.100s][info][gc,start       ] GC(1579) Pause Young (Allocation Failure)
[94.108s][info][gc,heap        ] GC(1579) DefNew: 141136K(157248K)->1406K(157248K) Eden: 139776K(139776K)->0K(139776K) From: 1360K(17472K)->1406K(17472K)
[94.108s][info][gc,heap        ] GC(1579) Tenured: 38283K(349568K)->38283K(349568K)
[94.108s][info][gc,metaspace   ] GC(1579) Metaspace: 73906K(74304K)->73906K(74304K) NonClass: 58762K(59008K)->58762K(59008K) Class: 15144K(15296K)->15144K(15296K)
[94.108s][info][gc             ] GC(1579) Pause Young (Allocation Failure) 175M->38M(494M) 8.305ms
[94.108s][info][gc,cpu         ] GC(1579) User=0.02s Sys=0.00s Real=0.00s
[94.144s][info][gc,start       ] GC(1580) Pause Young (Allocation Failure)
[94.152s][info][gc,heap        ] GC(1580) DefNew: 141182K(157248K)->1429K(157248K) Eden: 139776K(139776K)->0K(139776K) From: 1406K(17472K)->1429K(17472K)
[94.152s][info][gc,heap        ] GC(1580) Tenured: 38283K(349568K)->38284K(349568K)
[94.153s][info][gc,metaspace   ] GC(1580) Metaspace: 73906K(74304K)->73906K(74304K) NonClass: 58762K(59008K)->58762K(59008K) Class: 15144K(15296K)->15144K(15296K)
[94.153s][info][gc             ] GC(1580) Pause Young (Allocation Failure) 175M->38M(494M) 8.465ms
[94.153s][info][gc,cpu         ] GC(1580) User=0.00s Sys=0.00s Real=0.00s
[94.187s][info][gc,start       ] GC(1581) Pause Young (Allocation Failure)
[94.196s][info][gc,heap        ] GC(1581) DefNew: 141205K(157248K)->1363K(157248K) Eden: 139776K(139776K)->0K(139776K) From: 1429K(17472K)->1363K(17472K)
[94.196s][info][gc,heap        ] GC(1581) Tenured: 38284K(349568K)->38284K(349568K)
[94.196s][info][gc,metaspace   ] GC(1581) Metaspace: 73906K(74304K)->73906K(74304K) NonClass: 58762K(59008K)->58762K(59008K) Class: 15144K(15296K)->15144K(15296K)
[94.196s][info][gc             ] GC(1581) Pause Young (Allocation Failure) 175M->38M(494M) 8.226ms
[94.196s][info][gc,cpu         ] GC(1581) User=0.00s Sys=0.00s Real=0.00s
[94.231s][info][gc,start       ] GC(1582) Pause Young (Allocation Failure)
[94.239s][info][gc,heap        ] GC(1582) DefNew: 141139K(157248K)->1398K(157248K) Eden: 139776K(139776K)->0K(139776K) From: 1363K(17472K)->1398K(17472K)
[94.239s][info][gc,heap        ] GC(1582) Tenured: 38284K(349568K)->38284K(349568K)
[94.239s][info][gc,metaspace   ] GC(1582) Metaspace: 73906K(74304K)->73906K(74304K) NonClass: 58762K(59008K)->58762K(59008K) Class: 15144K(15296K)->15144K(15296K)
[94.239s][info][gc             ] GC(1582) Pause Young (Allocation Failure) 175M->38M(494M) 8.294ms
[94.239s][info][gc,cpu         ] GC(1582) User=0.00s Sys=0.00s Real=0.00s
[94.275s][info][gc,start       ] GC(1583) Pause Young (Allocation Failure)
[94.283s][info][gc,heap        ] GC(1583) DefNew: 141174K(157248K)->1426K(157248K) Eden: 139776K(139776K)->0K(139776K) From: 1398K(17472K)->1426K(17472K)
[94.283s][info][gc,heap        ] GC(1583) Tenured: 38284K(349568K)->38284K(349568K)
[94.283s][info][gc,metaspace   ] GC(1583) Metaspace: 73906K(74304K)->73906K(74304K) NonClass: 58762K(59008K)->58762K(59008K) Class: 15144K(15296K)->15144K(15296K)
[94.283s][info][gc             ] GC(1583) Pause Young (Allocation Failure) 175M->38M(494M) 8.358ms
[94.283s][info][gc,cpu         ] GC(1583) User=0.00s Sys=0.00s Real=0.00s
[94.318s][info][gc,start       ] GC(1584) Pause Young (Allocation Failure)
[94.327s][info][gc,heap        ] GC(1584) DefNew: 141202K(157248K)->1364K(157248K) Eden: 139776K(139776K)->0K(139776K) From: 1426K(17472K)->1364K(17472K)
[94.327s][info][gc,heap        ] GC(1584) Tenured: 38284K(349568K)->38284K(349568K)
[94.327s][info][gc,metaspace   ] GC(1584) Metaspace: 73906K(74304K)->73906K(74304K) NonClass: 58762K(59008K)->58762K(59008K) Class: 15144K(15296K)->15144K(15296K)
[94.327s][info][gc             ] GC(1584) Pause Young (Allocation Failure) 175M->38M(494M) 8.956ms
[94.327s][info][gc,cpu         ] GC(1584) User=0.02s Sys=0.00s Real=0.00s
[94.363s][info][gc,start       ] GC(1585) Pause Young (Allocation Failure)
[94.371s][info][gc,heap        ] GC(1585) DefNew: 141140K(157248K)->1406K(157248K) Eden: 139775K(139776K)->0K(139776K) From: 1364K(17472K)->1406K(17472K)
[94.371s][info][gc,heap        ] GC(1585) Tenured: 38284K(349568K)->38284K(349568K)
[94.371s][info][gc,metaspace   ] GC(1585) Metaspace: 73906K(74304K)->73906K(74304K) NonClass: 58762K(59008K)->58762K(59008K) Class: 15144K(15296K)->15144K(15296K)
[94.372s][info][gc             ] GC(1585) Pause Young (Allocation Failure) 175M->38M(494M) 8.700ms
[94.372s][info][gc,cpu         ] GC(1585) User=0.00s Sys=0.00s Real=0.00s
[94.407s][info][gc,start       ] GC(1586) Pause Young (Allocation Failure)
[94.416s][info][gc,heap        ] GC(1586) DefNew: 141182K(157248K)->1477K(157248K) Eden: 139776K(139776K)->0K(139776K) From: 1406K(17472K)->1477K(17472K)
[94.416s][info][gc,heap        ] GC(1586) Tenured: 38284K(349568K)->38284K(349568K)
[94.416s][info][gc,metaspace   ] GC(1586) Metaspace: 73906K(74304K)->73906K(74304K) NonClass: 58762K(59008K)->58762K(59008K) Class: 15144K(15296K)->15144K(15296K)
[94.416s][info][gc             ] GC(1586) Pause Young (Allocation Failure) 175M->38M(494M) 8.614ms
[94.416s][info][gc,cpu         ] GC(1586) User=0.00s Sys=0.00s Real=0.00s
[94.451s][info][gc,start       ] GC(1587) Pause Young (Allocation Failure)
[94.461s][info][gc,heap        ] GC(1587) DefNew: 141253K(157248K)->1423K(157248K) Eden: 139776K(139776K)->0K(139776K) From: 1477K(17472K)->1423K(17472K)
[94.461s][info][gc,heap        ] GC(1587) Tenured: 38284K(349568K)->38284K(349568K)
[94.461s][info][gc,metaspace   ] GC(1587) Metaspace: 73906K(74304K)->73906K(74304K) NonClass: 58762K(59008K)->58762K(59008K) Class: 15144K(15296K)->15144K(15296K)
[94.461s][info][gc             ] GC(1587) Pause Young (Allocation Failure) 175M->38M(494M) 9.211ms
[94.461s][info][gc,cpu         ] GC(1587) User=0.00s Sys=0.00s Real=0.00s
[94.496s][info][gc,start       ] GC(1588) Pause Young (Allocation Failure)
[94.505s][info][gc,heap        ] GC(1588) DefNew: 141199K(157248K)->1449K(157248K) Eden: 139776K(139776K)->0K(139776K) From: 1423K(17472K)->1449K(17472K)
[94.505s][info][gc,heap        ] GC(1588) Tenured: 38284K(349568K)->38284K(349568K)
[94.505s][info][gc,metaspace   ] GC(1588) Metaspace: 73906K(74304K)->73906K(74304K) NonClass: 58762K(59008K)->58762K(59008K) Class: 15144K(15296K)->15144K(15296K)
[94.505s][info][gc             ] GC(1588) Pause Young (Allocation Failure) 175M->38M(494M) 8.963ms
[94.505s][info][gc,cpu         ] GC(1588) User=0.00s Sys=0.00s Real=0.00s
[94.541s][info][gc,start       ] GC(1589) Pause Young (Allocation Failure)
[94.549s][info][gc,heap        ] GC(1589) DefNew: 141225K(157248K)->1423K(157248K) Eden: 139776K(139776K)->0K(139776K) From: 1449K(17472K)->1423K(17472K)
[94.549s][info][gc,heap        ] GC(1589) Tenured: 38284K(349568K)->38284K(349568K)
[94.549s][info][gc,metaspace   ] GC(1589) Metaspace: 73906K(74304K)->73906K(74304K) NonClass: 58762K(59008K)->58762K(59008K) Class: 15144K(15296K)->15144K(15296K)
[94.549s][info][gc             ] GC(1589) Pause Young (Allocation Failure) 175M->38M(494M) 8.217ms
[94.549s][info][gc,cpu         ] GC(1589) User=0.00s Sys=0.00s Real=0.00s
[94.585s][info][gc,start       ] GC(1590) Pause Young (Allocation Failure)
[94.593s][info][gc,heap        ] GC(1590) DefNew: 141199K(157248K)->1444K(157248K) Eden: 139776K(139776K)->0K(139776K) From: 1423K(17472K)->1444K(17472K)
[94.593s][info][gc,heap        ] GC(1590) Tenured: 38284K(349568K)->38284K(349568K)
[94.593s][info][gc,metaspace   ] GC(1590) Metaspace: 73906K(74304K)->73906K(74304K) NonClass: 58762K(59008K)->58762K(59008K) Class: 15144K(15296K)->15144K(15296K)
[94.593s][info][gc             ] GC(1590) Pause Young (Allocation Failure) 175M->38M(494M) 8.504ms
[94.593s][info][gc,cpu         ] GC(1590) User=0.02s Sys=0.00s Real=0.01s
[94.629s][info][gc,start       ] GC(1591) Pause Young (Allocation Failure)
[94.637s][info][gc,heap        ] GC(1591) DefNew: 141220K(157248K)->1430K(157248K) Eden: 139776K(139776K)->0K(139776K) From: 1444K(17472K)->1430K(17472K)
[94.637s][info][gc,heap        ] GC(1591) Tenured: 38284K(349568K)->38284K(349568K)
[94.637s][info][gc,metaspace   ] GC(1591) Metaspace: 73906K(74304K)->73906K(74304K) NonClass: 58762K(59008K)->58762K(59008K) Class: 15144K(15296K)->15144K(15296K)
[94.637s][info][gc             ] GC(1591) Pause Young (Allocation Failure) 175M->38M(494M) 8.295ms
[94.637s][info][gc,cpu         ] GC(1591) User=0.00s Sys=0.00s Real=0.00s
[94.672s][info][gc,start       ] GC(1592) Pause Young (Allocation Failure)
[94.681s][info][gc,heap        ] GC(1592) DefNew: 141206K(157248K)->1471K(157248K) Eden: 139776K(139776K)->0K(139776K) From: 1430K(17472K)->1471K(17472K)
[94.681s][info][gc,heap        ] GC(1592) Tenured: 38284K(349568K)->38285K(349568K)
[94.681s][info][gc,metaspace   ] GC(1592) Metaspace: 73906K(74304K)->73906K(74304K) NonClass: 58762K(59008K)->58762K(59008K) Class: 15144K(15296K)->15144K(15296K)
[94.681s][info][gc             ] GC(1592) Pause Young (Allocation Failure) 175M->38M(494M) 8.549ms
[94.681s][info][gc,cpu         ] GC(1592) User=0.00s Sys=0.00s Real=0.00s
[94.717s][info][gc,start       ] GC(1593) Pause Young (Allocation Failure)
[94.727s][info][gc,heap        ] GC(1593) DefNew: 141247K(157248K)->1400K(157248K) Eden: 139776K(139776K)->0K(139776K) From: 1471K(17472K)->1400K(17472K)
[94.727s][info][gc,heap        ] GC(1593) Tenured: 38285K(349568K)->38285K(349568K)
[94.727s][info][gc,metaspace   ] GC(1593) Metaspace: 73906K(74304K)->73906K(74304K) NonClass: 58762K(59008K)->58762K(59008K) Class: 15144K(15296K)->15144K(15296K)
[94.727s][info][gc             ] GC(1593) Pause Young (Allocation Failure) 175M->38M(494M) 10.863ms
[94.727s][info][gc,cpu         ] GC(1593) User=0.00s Sys=0.00s Real=0.00s
[94.764s][info][gc,start       ] GC(1594) Pause Young (Allocation Failure)
[94.772s][info][gc,heap        ] GC(1594) DefNew: 141176K(157248K)->1397K(157248K) Eden: 139776K(139776K)->0K(139776K) From: 1400K(17472K)->1397K(17472K)
[94.772s][info][gc,heap        ] GC(1594) Tenured: 38285K(349568K)->38287K(349568K)
[94.772s][info][gc,metaspace   ] GC(1594) Metaspace: 73906K(74304K)->73906K(74304K) NonClass: 58762K(59008K)->58762K(59008K) Class: 15144K(15296K)->15144K(15296K)
[94.772s][info][gc             ] GC(1594) Pause Young (Allocation Failure) 175M->38M(494M) 8.288ms
[94.772s][info][gc,cpu         ] GC(1594) User=0.00s Sys=0.00s Real=0.00s
[94.808s][info][gc,start       ] GC(1595) Pause Young (Allocation Failure)
[94.817s][info][gc,heap        ] GC(1595) DefNew: 141173K(157248K)->1456K(157248K) Eden: 139776K(139776K)->0K(139776K) From: 1397K(17472K)->1456K(17472K)
[94.817s][info][gc,heap        ] GC(1595) Tenured: 38287K(349568K)->38287K(349568K)
[94.817s][info][gc,metaspace   ] GC(1595) Metaspace: 73906K(74304K)->73906K(74304K) NonClass: 58762K(59008K)->58762K(59008K) Class: 15144K(15296K)->15144K(15296K)
[94.817s][info][gc             ] GC(1595) Pause Young (Allocation Failure) 175M->38M(494M) 9.348ms
[94.817s][info][gc,cpu         ] GC(1595) User=0.00s Sys=0.00s Real=0.00s
[94.853s][info][gc,start       ] GC(1596) Pause Young (Allocation Failure)
[94.862s][info][gc,heap        ] GC(1596) DefNew: 141232K(157248K)->1405K(157248K) Eden: 139776K(139776K)->0K(139776K) From: 1456K(17472K)->1405K(17472K)
[94.862s][info][gc,heap        ] GC(1596) Tenured: 38287K(349568K)->38317K(349568K)
[94.862s][info][gc,metaspace   ] GC(1596) Metaspace: 73906K(74304K)->73906K(74304K) NonClass: 58762K(59008K)->58762K(59008K) Class: 15144K(15296K)->15144K(15296K)
[94.862s][info][gc             ] GC(1596) Pause Young (Allocation Failure) 175M->38M(494M) 9.057ms
[94.862s][info][gc,cpu         ] GC(1596) User=0.00s Sys=0.00s Real=0.01s
[94.897s][info][gc,start       ] GC(1597) Pause Young (Allocation Failure)
[94.906s][info][gc,heap        ] GC(1597) DefNew: 141181K(157248K)->1381K(157248K) Eden: 139776K(139776K)->0K(139776K) From: 1405K(17472K)->1381K(17472K)
[94.906s][info][gc,heap        ] GC(1597) Tenured: 38317K(349568K)->38319K(349568K)
[94.906s][info][gc,metaspace   ] GC(1597) Metaspace: 73906K(74304K)->73906K(74304K) NonClass: 58762K(59008K)->58762K(59008K) Class: 15144K(15296K)->15144K(15296K)
[94.906s][info][gc             ] GC(1597) Pause Young (Allocation Failure) 175M->38M(494M) 9.146ms
[94.906s][info][gc,cpu         ] GC(1597) User=0.00s Sys=0.00s Real=0.00s
[94.942s][info][gc,start       ] GC(1598) Pause Young (Allocation Failure)
[94.951s][info][gc,heap        ] GC(1598) DefNew: 141157K(157248K)->1371K(157248K) Eden: 139776K(139776K)->0K(139776K) From: 1381K(17472K)->1371K(17472K)
[94.951s][info][gc,heap        ] GC(1598) Tenured: 38319K(349568K)->38319K(349568K)
[94.951s][info][gc,metaspace   ] GC(1598) Metaspace: 73906K(74304K)->73906K(74304K) NonClass: 58762K(59008K)->58762K(59008K) Class: 15144K(15296K)->15144K(15296K)
[94.951s][info][gc             ] GC(1598) Pause Young (Allocation Failure) 175M->38M(494M) 8.709ms
[94.951s][info][gc,cpu         ] GC(1598) User=0.00s Sys=0.00s Real=0.00s
[94.986s][info][gc,start       ] GC(1599) Pause Young (Allocation Failure)
[94.995s][info][gc,heap        ] GC(1599) DefNew: 141147K(157248K)->1429K(157248K) Eden: 139776K(139776K)->0K(139776K) From: 1371K(17472K)->1429K(17472K)
[94.996s][info][gc,heap        ] GC(1599) Tenured: 38319K(349568K)->38320K(349568K)
[94.996s][info][gc,metaspace   ] GC(1599) Metaspace: 73906K(74304K)->73906K(74304K) NonClass: 58762K(59008K)->58762K(59008K) Class: 15144K(15296K)->15144K(15296K)
[94.996s][info][gc             ] GC(1599) Pause Young (Allocation Failure) 175M->38M(494M) 9.482ms
[94.996s][info][gc,cpu         ] GC(1599) User=0.00s Sys=0.00s Real=0.00s
[95.032s][info][gc,start       ] GC(1600) Pause Young (Allocation Failure)
[95.041s][info][gc,heap        ] GC(1600) DefNew: 141205K(157248K)->1390K(157248K) Eden: 139776K(139776K)->0K(139776K) From: 1429K(17472K)->1390K(17472K)
[95.041s][info][gc,heap        ] GC(1600) Tenured: 38320K(349568K)->38320K(349568K)
[95.041s][info][gc,metaspace   ] GC(1600) Metaspace: 73906K(74304K)->73906K(74304K) NonClass: 58762K(59008K)->58762K(59008K) Class: 15144K(15296K)->15144K(15296K)
[95.041s][info][gc             ] GC(1600) Pause Young (Allocation Failure) 175M->38M(494M) 8.859ms
[95.041s][info][gc,cpu         ] GC(1600) User=0.00s Sys=0.00s Real=0.00s
[95.076s][info][gc,start       ] GC(1601) Pause Young (Allocation Failure)
[95.085s][info][gc,heap        ] GC(1601) DefNew: 141166K(157248K)->1355K(157248K) Eden: 139776K(139776K)->0K(139776K) From: 1390K(17472K)->1355K(17472K)
[95.085s][info][gc,heap        ] GC(1601) Tenured: 38320K(349568K)->38320K(349568K)
[95.085s][info][gc,metaspace   ] GC(1601) Metaspace: 73906K(74304K)->73906K(74304K) NonClass: 58762K(59008K)->58762K(59008K) Class: 15144K(15296K)->15144K(15296K)
[95.085s][info][gc             ] GC(1601) Pause Young (Allocation Failure) 175M->38M(494M) 8.345ms
[95.085s][info][gc,cpu         ] GC(1601) User=0.00s Sys=0.00s Real=0.00s
[95.121s][info][gc,start       ] GC(1602) Pause Young (Allocation Failure)
[95.129s][info][gc,heap        ] GC(1602) DefNew: 141131K(157248K)->1333K(157248K) Eden: 139775K(139776K)->0K(139776K) From: 1355K(17472K)->1333K(17472K)
[95.129s][info][gc,heap        ] GC(1602) Tenured: 38320K(349568K)->38320K(349568K)
[95.129s][info][gc,metaspace   ] GC(1602) Metaspace: 73906K(74304K)->73906K(74304K) NonClass: 58762K(59008K)->58762K(59008K) Class: 15144K(15296K)->15144K(15296K)
[95.129s][info][gc             ] GC(1602) Pause Young (Allocation Failure) 175M->38M(494M) 8.765ms
[95.129s][info][gc,cpu         ] GC(1602) User=0.00s Sys=0.00s Real=0.00s
[95.165s][info][gc,start       ] GC(1603) Pause Young (Allocation Failure)
[95.173s][info][gc,heap        ] GC(1603) DefNew: 141109K(157248K)->1370K(157248K) Eden: 139776K(139776K)->0K(139776K) From: 1333K(17472K)->1370K(17472K)
[95.173s][info][gc,heap        ] GC(1603) Tenured: 38320K(349568K)->38321K(349568K)
[95.173s][info][gc,metaspace   ] GC(1603) Metaspace: 73906K(74304K)->73906K(74304K) NonClass: 58762K(59008K)->58762K(59008K) Class: 15144K(15296K)->15144K(15296K)
[95.173s][info][gc             ] GC(1603) Pause Young (Allocation Failure) 175M->38M(494M) 8.646ms
[95.174s][info][gc,cpu         ] GC(1603) User=0.00s Sys=0.00s Real=0.00s
[95.209s][info][gc,start       ] GC(1604) Pause Young (Allocation Failure)
[95.218s][info][gc,heap        ] GC(1604) DefNew: 141146K(157248K)->1433K(157248K) Eden: 139776K(139776K)->0K(139776K) From: 1370K(17472K)->1433K(17472K)
[95.218s][info][gc,heap        ] GC(1604) Tenured: 38321K(349568K)->38321K(349568K)
[95.218s][info][gc,metaspace   ] GC(1604) Metaspace: 73906K(74304K)->73906K(74304K) NonClass: 58762K(59008K)->58762K(59008K) Class: 15144K(15296K)->15144K(15296K)
[95.218s][info][gc             ] GC(1604) Pause Young (Allocation Failure) 175M->38M(494M) 8.650ms
[95.218s][info][gc,cpu         ] GC(1604) User=0.02s Sys=0.00s Real=0.01s
[95.253s][info][gc,start       ] GC(1605) Pause Young (Allocation Failure)
[95.261s][info][gc,heap        ] GC(1605) DefNew: 141209K(157248K)->1436K(157248K) Eden: 139776K(139776K)->0K(139776K) From: 1433K(17472K)->1436K(17472K)
[95.261s][info][gc,heap        ] GC(1605) Tenured: 38321K(349568K)->38321K(349568K)
[95.261s][info][gc,metaspace   ] GC(1605) Metaspace: 73906K(74304K)->73906K(74304K) NonClass: 58762K(59008K)->58762K(59008K) Class: 15144K(15296K)->15144K(15296K)
[95.261s][info][gc             ] GC(1605) Pause Young (Allocation Failure) 175M->38M(494M) 8.452ms
[95.261s][info][gc,cpu         ] GC(1605) User=0.00s Sys=0.00s Real=0.00s
[95.297s][info][gc,start       ] GC(1606) Pause Young (Allocation Failure)
[95.305s][info][gc,heap        ] GC(1606) DefNew: 141212K(157248K)->1436K(157248K) Eden: 139776K(139776K)->0K(139776K) From: 1436K(17472K)->1436K(17472K)
[95.305s][info][gc,heap        ] GC(1606) Tenured: 38321K(349568K)->38321K(349568K)
[95.305s][info][gc,metaspace   ] GC(1606) Metaspace: 73906K(74304K)->73906K(74304K) NonClass: 58762K(59008K)->58762K(59008K) Class: 15144K(15296K)->15144K(15296K)
[95.305s][info][gc             ] GC(1606) Pause Young (Allocation Failure) 175M->38M(494M) 8.411ms
[95.305s][info][gc,cpu         ] GC(1606) User=0.00s Sys=0.00s Real=0.00s
[95.341s][info][gc,start       ] GC(1607) Pause Young (Allocation Failure)
[95.349s][info][gc,heap        ] GC(1607) DefNew: 141212K(157248K)->1424K(157248K) Eden: 139776K(139776K)->0K(139776K) From: 1436K(17472K)->1424K(17472K)
[95.349s][info][gc,heap        ] GC(1607) Tenured: 38321K(349568K)->38321K(349568K)
[95.349s][info][gc,metaspace   ] GC(1607) Metaspace: 73906K(74304K)->73906K(74304K) NonClass: 58762K(59008K)->58762K(59008K) Class: 15144K(15296K)->15144K(15296K)
[95.349s][info][gc             ] GC(1607) Pause Young (Allocation Failure) 175M->38M(494M) 8.352ms
[95.349s][info][gc,cpu         ] GC(1607) User=0.00s Sys=0.00s Real=0.00s
[95.384s][info][gc,start       ] GC(1608) Pause Young (Allocation Failure)
[95.392s][info][gc,heap        ] GC(1608) DefNew: 141200K(157248K)->1383K(157248K) Eden: 139776K(139776K)->0K(139776K) From: 1424K(17472K)->1383K(17472K)
[95.392s][info][gc,heap        ] GC(1608) Tenured: 38321K(349568K)->38321K(349568K)
[95.392s][info][gc,metaspace   ] GC(1608) Metaspace: 73906K(74304K)->73906K(74304K) NonClass: 58762K(59008K)->58762K(59008K) Class: 15144K(15296K)->15144K(15296K)
[95.392s][info][gc             ] GC(1608) Pause Young (Allocation Failure) 175M->38M(494M) 8.205ms
[95.393s][info][gc,cpu         ] GC(1608) User=0.00s Sys=0.00s Real=0.00s
[95.428s][info][gc,start       ] GC(1609) Pause Young (Allocation Failure)
[95.437s][info][gc,heap        ] GC(1609) DefNew: 141159K(157248K)->1425K(157248K) Eden: 139776K(139776K)->0K(139776K) From: 1383K(17472K)->1425K(17472K)
[95.437s][info][gc,heap        ] GC(1609) Tenured: 38321K(349568K)->38322K(349568K)
[95.437s][info][gc,metaspace   ] GC(1609) Metaspace: 73906K(74304K)->73906K(74304K) NonClass: 58762K(59008K)->58762K(59008K) Class: 15144K(15296K)->15144K(15296K)
[95.437s][info][gc             ] GC(1609) Pause Young (Allocation Failure) 175M->38M(494M) 9.037ms
[95.437s][info][gc,cpu         ] GC(1609) User=0.02s Sys=0.00s Real=0.00s
[95.473s][info][gc,start       ] GC(1610) Pause Young (Allocation Failure)
[95.482s][info][gc,heap        ] GC(1610) DefNew: 141201K(157248K)->1436K(157248K) Eden: 139776K(139776K)->0K(139776K) From: 1425K(17472K)->1436K(17472K)
[95.482s][info][gc,heap        ] GC(1610) Tenured: 38322K(349568K)->38322K(349568K)
[95.482s][info][gc,metaspace   ] GC(1610) Metaspace: 73906K(74304K)->73906K(74304K) NonClass: 58762K(59008K)->58762K(59008K) Class: 15144K(15296K)->15144K(15296K)
[95.482s][info][gc             ] GC(1610) Pause Young (Allocation Failure) 175M->38M(494M) 9.055ms
[95.482s][info][gc,cpu         ] GC(1610) User=0.02s Sys=0.00s Real=0.01s
[95.518s][info][gc,start       ] GC(1611) Pause Young (Allocation Failure)
[95.526s][info][gc,heap        ] GC(1611) DefNew: 141212K(157248K)->1391K(157248K) Eden: 139776K(139776K)->0K(139776K) From: 1436K(17472K)->1391K(17472K)
[95.526s][info][gc,heap        ] GC(1611) Tenured: 38322K(349568K)->38323K(349568K)
[95.526s][info][gc,metaspace   ] GC(1611) Metaspace: 73906K(74304K)->73906K(74304K) NonClass: 58762K(59008K)->58762K(59008K) Class: 15144K(15296K)->15144K(15296K)
[95.526s][info][gc             ] GC(1611) Pause Young (Allocation Failure) 175M->38M(494M) 8.213ms
[95.526s][info][gc,cpu         ] GC(1611) User=0.00s Sys=0.00s Real=0.00s
[95.561s][info][gc,start       ] GC(1612) Pause Young (Allocation Failure)
[95.569s][info][gc,heap        ] GC(1612) DefNew: 141167K(157248K)->1392K(157248K) Eden: 139776K(139776K)->0K(139776K) From: 1391K(17472K)->1392K(17472K)
[95.569s][info][gc,heap        ] GC(1612) Tenured: 38323K(349568K)->38324K(349568K)
[95.569s][info][gc,metaspace   ] GC(1612) Metaspace: 73906K(74304K)->73906K(74304K) NonClass: 58762K(59008K)->58762K(59008K) Class: 15144K(15296K)->15144K(15296K)
[95.569s][info][gc             ] GC(1612) Pause Young (Allocation Failure) 175M->38M(494M) 8.194ms
[95.570s][info][gc,cpu         ] GC(1612) User=0.00s Sys=0.00s Real=0.00s
[95.604s][info][gc,start       ] GC(1613) Pause Young (Allocation Failure)
[95.612s][info][gc,heap        ] GC(1613) DefNew: 141168K(157248K)->1383K(157248K) Eden: 139776K(139776K)->0K(139776K) From: 1392K(17472K)->1383K(17472K)
[95.613s][info][gc,heap        ] GC(1613) Tenured: 38324K(349568K)->38324K(349568K)
[95.613s][info][gc,metaspace   ] GC(1613) Metaspace: 73906K(74304K)->73906K(74304K) NonClass: 58762K(59008K)->58762K(59008K) Class: 15144K(15296K)->15144K(15296K)
[95.613s][info][gc             ] GC(1613) Pause Young (Allocation Failure) 175M->38M(494M) 8.194ms
[95.613s][info][gc,cpu         ] GC(1613) User=0.00s Sys=0.00s Real=0.01s
[95.648s][info][gc,start       ] GC(1614) Pause Young (Allocation Failure)
[95.657s][info][gc,heap        ] GC(1614) DefNew: 141159K(157248K)->1399K(157248K) Eden: 139776K(139776K)->0K(139776K) From: 1383K(17472K)->1399K(17472K)
[95.657s][info][gc,heap        ] GC(1614) Tenured: 38324K(349568K)->38324K(349568K)
[95.657s][info][gc,metaspace   ] GC(1614) Metaspace: 73906K(74304K)->73906K(74304K) NonClass: 58762K(59008K)->58762K(59008K) Class: 15144K(15296K)->15144K(15296K)
[95.657s][info][gc             ] GC(1614) Pause Young (Allocation Failure) 175M->38M(494M) 9.208ms
[95.657s][info][gc,cpu         ] GC(1614) User=0.00s Sys=0.00s Real=0.00s
[95.693s][info][gc,start       ] GC(1615) Pause Young (Allocation Failure)
[95.702s][info][gc,heap        ] GC(1615) DefNew: 141175K(157248K)->1403K(157248K) Eden: 139776K(139776K)->0K(139776K) From: 1399K(17472K)->1403K(17472K)
[95.702s][info][gc,heap        ] GC(1615) Tenured: 38324K(349568K)->38324K(349568K)
[95.702s][info][gc,metaspace   ] GC(1615) Metaspace: 73906K(74304K)->73906K(74304K) NonClass: 58762K(59008K)->58762K(59008K) Class: 15144K(15296K)->15144K(15296K)
[95.702s][info][gc             ] GC(1615) Pause Young (Allocation Failure) 175M->38M(494M) 8.931ms
[95.702s][info][gc,cpu         ] GC(1615) User=0.02s Sys=0.00s Real=0.01s
[95.738s][info][gc,start       ] GC(1616) Pause Young (Allocation Failure)
[95.746s][info][gc,heap        ] GC(1616) DefNew: 141179K(157248K)->1377K(157248K) Eden: 139776K(139776K)->0K(139776K) From: 1403K(17472K)->1377K(17472K)
[95.746s][info][gc,heap        ] GC(1616) Tenured: 38324K(349568K)->38324K(349568K)
[95.746s][info][gc,metaspace   ] GC(1616) Metaspace: 73906K(74304K)->73906K(74304K) NonClass: 58762K(59008K)->58762K(59008K) Class: 15144K(15296K)->15144K(15296K)
[95.746s][info][gc             ] GC(1616) Pause Young (Allocation Failure) 175M->38M(494M) 8.240ms
[95.746s][info][gc,cpu         ] GC(1616) User=0.00s Sys=0.00s Real=0.00s
[95.781s][info][gc,start       ] GC(1617) Pause Young (Allocation Failure)
[95.790s][info][gc,heap        ] GC(1617) DefNew: 141153K(157248K)->1405K(157248K) Eden: 139775K(139776K)->0K(139776K) From: 1377K(17472K)->1405K(17472K)
[95.790s][info][gc,heap        ] GC(1617) Tenured: 38324K(349568K)->38325K(349568K)
[95.790s][info][gc,metaspace   ] GC(1617) Metaspace: 73906K(74304K)->73906K(74304K) NonClass: 58762K(59008K)->58762K(59008K) Class: 15144K(15296K)->15144K(15296K)
[95.791s][info][gc             ] GC(1617) Pause Young (Allocation Failure) 175M->38M(494M) 9.231ms
[95.791s][info][gc,cpu         ] GC(1617) User=0.00s Sys=0.00s Real=0.00s
[95.827s][info][gc,start       ] GC(1618) Pause Young (Allocation Failure)
[95.835s][info][gc,heap        ] GC(1618) DefNew: 141181K(157248K)->1391K(157248K) Eden: 139776K(139776K)->0K(139776K) From: 1405K(17472K)->1391K(17472K)
[95.835s][info][gc,heap        ] GC(1618) Tenured: 38325K(349568K)->38325K(349568K)
[95.835s][info][gc,metaspace   ] GC(1618) Metaspace: 73906K(74304K)->73906K(74304K) NonClass: 58762K(59008K)->58762K(59008K) Class: 15144K(15296K)->15144K(15296K)
[95.835s][info][gc             ] GC(1618) Pause Young (Allocation Failure) 175M->38M(494M) 8.773ms
[95.835s][info][gc,cpu         ] GC(1618) User=0.00s Sys=0.00s Real=0.00s
[95.871s][info][gc,start       ] GC(1619) Pause Young (Allocation Failure)
[95.879s][info][gc,heap        ] GC(1619) DefNew: 141167K(157248K)->1371K(157248K) Eden: 139776K(139776K)->0K(139776K) From: 1391K(17472K)->1371K(17472K)
[95.879s][info][gc,heap        ] GC(1619) Tenured: 38325K(349568K)->38353K(349568K)
[95.879s][info][gc,metaspace   ] GC(1619) Metaspace: 73906K(74304K)->73906K(74304K) NonClass: 58762K(59008K)->58762K(59008K) Class: 15144K(15296K)->15144K(15296K)
[95.879s][info][gc             ] GC(1619) Pause Young (Allocation Failure) 175M->38M(494M) 8.455ms
[95.880s][info][gc,cpu         ] GC(1619) User=0.00s Sys=0.00s Real=0.00s
[95.916s][info][gc,start       ] GC(1620) Pause Young (Allocation Failure)
[95.924s][info][gc,heap        ] GC(1620) DefNew: 141147K(157248K)->1359K(157248K) Eden: 139775K(139776K)->0K(139776K) From: 1371K(17472K)->1359K(17472K)
[95.924s][info][gc,heap        ] GC(1620) Tenured: 38353K(349568K)->38353K(349568K)
[95.924s][info][gc,metaspace   ] GC(1620) Metaspace: 73906K(74304K)->73906K(74304K) NonClass: 58762K(59008K)->58762K(59008K) Class: 15144K(15296K)->15144K(15296K)
[95.924s][info][gc             ] GC(1620) Pause Young (Allocation Failure) 175M->38M(494M) 8.273ms
[95.924s][info][gc,cpu         ] GC(1620) User=0.00s Sys=0.00s Real=0.01s
[95.959s][info][gc,start       ] GC(1621) Pause Young (Allocation Failure)
[95.967s][info][gc,heap        ] GC(1621) DefNew: 141135K(157248K)->1390K(157248K) Eden: 139776K(139776K)->0K(139776K) From: 1359K(17472K)->1390K(17472K)
[95.967s][info][gc,heap        ] GC(1621) Tenured: 38353K(349568K)->38353K(349568K)
[95.967s][info][gc,metaspace   ] GC(1621) Metaspace: 73906K(74304K)->73906K(74304K) NonClass: 58762K(59008K)->58762K(59008K) Class: 15144K(15296K)->15144K(15296K)
[95.967s][info][gc             ] GC(1621) Pause Young (Allocation Failure) 175M->38M(494M) 8.187ms
[95.967s][info][gc,cpu         ] GC(1621) User=0.00s Sys=0.00s Real=0.00s
[96.003s][info][gc,start       ] GC(1622) Pause Young (Allocation Failure)
[96.011s][info][gc,heap        ] GC(1622) DefNew: 141166K(157248K)->1413K(157248K) Eden: 139776K(139776K)->0K(139776K) From: 1390K(17472K)->1413K(17472K)
[96.011s][info][gc,heap        ] GC(1622) Tenured: 38353K(349568K)->38353K(349568K)
[96.011s][info][gc,metaspace   ] GC(1622) Metaspace: 73906K(74304K)->73906K(74304K) NonClass: 58762K(59008K)->58762K(59008K) Class: 15144K(15296K)->15144K(15296K)
[96.011s][info][gc             ] GC(1622) Pause Young (Allocation Failure) 175M->38M(494M) 8.373ms
[96.011s][info][gc,cpu         ] GC(1622) User=0.00s Sys=0.00s Real=0.00s
[96.047s][info][gc,start       ] GC(1623) Pause Young (Allocation Failure)
[96.055s][info][gc,heap        ] GC(1623) DefNew: 141189K(157248K)->1419K(157248K) Eden: 139776K(139776K)->0K(139776K) From: 1413K(17472K)->1419K(17472K)
[96.055s][info][gc,heap        ] GC(1623) Tenured: 38353K(349568K)->38353K(349568K)
[96.055s][info][gc,metaspace   ] GC(1623) Metaspace: 73906K(74304K)->73906K(74304K) NonClass: 58762K(59008K)->58762K(59008K) Class: 15144K(15296K)->15144K(15296K)
[96.055s][info][gc             ] GC(1623) Pause Young (Allocation Failure) 175M->38M(494M) 8.388ms
[96.055s][info][gc,cpu         ] GC(1623) User=0.02s Sys=0.00s Real=0.01s
[96.090s][info][gc,start       ] GC(1624) Pause Young (Allocation Failure)
[96.099s][info][gc,heap        ] GC(1624) DefNew: 141195K(157248K)->1381K(157248K) Eden: 139776K(139776K)->0K(139776K) From: 1419K(17472K)->1381K(17472K)
[96.099s][info][gc,heap        ] GC(1624) Tenured: 38353K(349568K)->38353K(349568K)
[96.099s][info][gc,metaspace   ] GC(1624) Metaspace: 73906K(74304K)->73906K(74304K) NonClass: 58762K(59008K)->58762K(59008K) Class: 15144K(15296K)->15144K(15296K)
[96.099s][info][gc             ] GC(1624) Pause Young (Allocation Failure) 175M->38M(494M) 8.286ms
[96.099s][info][gc,cpu         ] GC(1624) User=0.00s Sys=0.00s Real=0.00s
[96.134s][info][gc,start       ] GC(1625) Pause Young (Allocation Failure)
[96.142s][info][gc,heap        ] GC(1625) DefNew: 141157K(157248K)->1414K(157248K) Eden: 139776K(139776K)->0K(139776K) From: 1381K(17472K)->1414K(17472K)
[96.142s][info][gc,heap        ] GC(1625) Tenured: 38353K(349568K)->38354K(349568K)
[96.142s][info][gc,metaspace   ] GC(1625) Metaspace: 73906K(74304K)->73906K(74304K) NonClass: 58762K(59008K)->58762K(59008K) Class: 15144K(15296K)->15144K(15296K)
[96.143s][info][gc             ] GC(1625) Pause Young (Allocation Failure) 175M->38M(494M) 8.369ms
[96.143s][info][gc,cpu         ] GC(1625) User=0.00s Sys=0.00s Real=0.00s
[96.179s][info][gc,start       ] GC(1626) Pause Young (Allocation Failure)
[96.190s][info][gc,heap        ] GC(1626) DefNew: 141190K(157248K)->1385K(157248K) Eden: 139776K(139776K)->0K(139776K) From: 1414K(17472K)->1385K(17472K)
[96.190s][info][gc,heap        ] GC(1626) Tenured: 38354K(349568K)->38354K(349568K)
[96.190s][info][gc,metaspace   ] GC(1626) Metaspace: 73906K(74304K)->73906K(74304K) NonClass: 58762K(59008K)->58762K(59008K) Class: 15144K(15296K)->15144K(15296K)
[96.190s][info][gc             ] GC(1626) Pause Young (Allocation Failure) 175M->38M(494M) 10.620ms
[96.190s][info][gc,cpu         ] GC(1626) User=0.02s Sys=0.02s Real=0.00s
[96.226s][info][gc,start       ] GC(1627) Pause Young (Allocation Failure)
[96.235s][info][gc,heap        ] GC(1627) DefNew: 141161K(157248K)->1416K(157248K) Eden: 139776K(139776K)->0K(139776K) From: 1385K(17472K)->1416K(17472K)
[96.236s][info][gc,heap        ] GC(1627) Tenured: 38354K(349568K)->38354K(349568K)
[96.236s][info][gc,metaspace   ] GC(1627) Metaspace: 73906K(74304K)->73906K(74304K) NonClass: 58762K(59008K)->58762K(59008K) Class: 15144K(15296K)->15144K(15296K)
[96.236s][info][gc             ] GC(1627) Pause Young (Allocation Failure) 175M->38M(494M) 9.377ms
[96.236s][info][gc,cpu         ] GC(1627) User=0.00s Sys=0.00s Real=0.00s
[96.271s][info][gc,start       ] GC(1628) Pause Young (Allocation Failure)
[96.280s][info][gc,heap        ] GC(1628) DefNew: 141192K(157248K)->1439K(157248K) Eden: 139776K(139776K)->0K(139776K) From: 1416K(17472K)->1439K(17472K)
[96.280s][info][gc,heap        ] GC(1628) Tenured: 38354K(349568K)->38355K(349568K)
[96.280s][info][gc,metaspace   ] GC(1628) Metaspace: 73906K(74304K)->73906K(74304K) NonClass: 58762K(59008K)->58762K(59008K) Class: 15144K(15296K)->15144K(15296K)
[96.280s][info][gc             ] GC(1628) Pause Young (Allocation Failure) 175M->38M(494M) 9.236ms
[96.280s][info][gc,cpu         ] GC(1628) User=0.00s Sys=0.00s Real=0.00s
[96.316s][info][gc,start       ] GC(1629) Pause Young (Allocation Failure)
[96.325s][info][gc,heap        ] GC(1629) DefNew: 141215K(157248K)->1420K(157248K) Eden: 139776K(139776K)->0K(139776K) From: 1439K(17472K)->1420K(17472K)
[96.325s][info][gc,heap        ] GC(1629) Tenured: 38355K(349568K)->38355K(349568K)
[96.325s][info][gc,metaspace   ] GC(1629) Metaspace: 73906K(74304K)->73906K(74304K) NonClass: 58762K(59008K)->58762K(59008K) Class: 15144K(15296K)->15144K(15296K)
[96.325s][info][gc             ] GC(1629) Pause Young (Allocation Failure) 175M->38M(494M) 8.983ms
[96.325s][info][gc,cpu         ] GC(1629) User=0.00s Sys=0.00s Real=0.00s
[96.361s][info][gc,start       ] GC(1630) Pause Young (Allocation Failure)
[96.369s][info][gc,heap        ] GC(1630) DefNew: 141196K(157248K)->1382K(157248K) Eden: 139776K(139776K)->0K(139776K) From: 1420K(17472K)->1382K(17472K)
[96.369s][info][gc,heap        ] GC(1630) Tenured: 38355K(349568K)->38355K(349568K)
[96.369s][info][gc,metaspace   ] GC(1630) Metaspace: 73906K(74304K)->73906K(74304K) NonClass: 58762K(59008K)->58762K(59008K) Class: 15144K(15296K)->15144K(15296K)
[96.369s][info][gc             ] GC(1630) Pause Young (Allocation Failure) 175M->38M(494M) 8.263ms
[96.369s][info][gc,cpu         ] GC(1630) User=0.00s Sys=0.00s Real=0.00s
[96.405s][info][gc,start       ] GC(1631) Pause Young (Allocation Failure)
[96.413s][info][gc,heap        ] GC(1631) DefNew: 141158K(157248K)->1462K(157248K) Eden: 139776K(139776K)->0K(139776K) From: 1382K(17472K)->1462K(17472K)
[96.413s][info][gc,heap        ] GC(1631) Tenured: 38355K(349568K)->38356K(349568K)
[96.413s][info][gc,metaspace   ] GC(1631) Metaspace: 73906K(74304K)->73906K(74304K) NonClass: 58762K(59008K)->58762K(59008K) Class: 15144K(15296K)->15144K(15296K)
[96.413s][info][gc             ] GC(1631) Pause Young (Allocation Failure) 175M->38M(494M) 8.639ms
[96.413s][info][gc,cpu         ] GC(1631) User=0.00s Sys=0.00s Real=0.01s
[96.449s][info][gc,start       ] GC(1632) Pause Young (Allocation Failure)
[96.457s][info][gc,heap        ] GC(1632) DefNew: 141238K(157248K)->1388K(157248K) Eden: 139776K(139776K)->0K(139776K) From: 1462K(17472K)->1388K(17472K)
[96.457s][info][gc,heap        ] GC(1632) Tenured: 38356K(349568K)->38356K(349568K)
[96.457s][info][gc,metaspace   ] GC(1632) Metaspace: 73906K(74304K)->73906K(74304K) NonClass: 58762K(59008K)->58762K(59008K) Class: 15144K(15296K)->15144K(15296K)
[96.457s][info][gc             ] GC(1632) Pause Young (Allocation Failure) 175M->38M(494M) 8.135ms
[96.457s][info][gc,cpu         ] GC(1632) User=0.00s Sys=0.00s Real=0.00s
[96.492s][info][gc,start       ] GC(1633) Pause Young (Allocation Failure)
[96.501s][info][gc,heap        ] GC(1633) DefNew: 141164K(157248K)->1418K(157248K) Eden: 139776K(139776K)->0K(139776K) From: 1388K(17472K)->1418K(17472K)
[96.501s][info][gc,heap        ] GC(1633) Tenured: 38356K(349568K)->38356K(349568K)
[96.501s][info][gc,metaspace   ] GC(1633) Metaspace: 73906K(74304K)->73906K(74304K) NonClass: 58762K(59008K)->58762K(59008K) Class: 15144K(15296K)->15144K(15296K)
[96.501s][info][gc             ] GC(1633) Pause Young (Allocation Failure) 175M->38M(494M) 8.214ms
[96.501s][info][gc,cpu         ] GC(1633) User=0.00s Sys=0.00s Real=0.00s
[96.536s][info][gc,start       ] GC(1634) Pause Young (Allocation Failure)
[96.545s][info][gc,heap        ] GC(1634) DefNew: 141194K(157248K)->1468K(157248K) Eden: 139776K(139776K)->0K(139776K) From: 1418K(17472K)->1468K(17472K)
[96.545s][info][gc,heap        ] GC(1634) Tenured: 38356K(349568K)->38356K(349568K)
[96.545s][info][gc,metaspace   ] GC(1634) Metaspace: 73906K(74304K)->73906K(74304K) NonClass: 58762K(59008K)->58762K(59008K) Class: 15144K(15296K)->15144K(15296K)
[96.545s][info][gc             ] GC(1634) Pause Young (Allocation Failure) 175M->38M(494M) 8.548ms
[96.545s][info][gc,cpu         ] GC(1634) User=0.00s Sys=0.00s Real=0.00s
[96.580s][info][gc,start       ] GC(1635) Pause Young (Allocation Failure)
[96.589s][info][gc,heap        ] GC(1635) DefNew: 141244K(157248K)->1428K(157248K) Eden: 139776K(139776K)->0K(139776K) From: 1468K(17472K)->1428K(17472K)
[96.589s][info][gc,heap        ] GC(1635) Tenured: 38356K(349568K)->38356K(349568K)
[96.589s][info][gc,metaspace   ] GC(1635) Metaspace: 73906K(74304K)->73906K(74304K) NonClass: 58762K(59008K)->58762K(59008K) Class: 15144K(15296K)->15144K(15296K)
[96.589s][info][gc             ] GC(1635) Pause Young (Allocation Failure) 175M->38M(494M) 9.359ms
[96.589s][info][gc,cpu         ] GC(1635) User=0.02s Sys=0.00s Real=0.01s
[96.625s][info][gc,start       ] GC(1636) Pause Young (Allocation Failure)
[96.634s][info][gc,heap        ] GC(1636) DefNew: 141204K(157248K)->1430K(157248K) Eden: 139776K(139776K)->0K(139776K) From: 1428K(17472K)->1430K(17472K)
[96.634s][info][gc,heap        ] GC(1636) Tenured: 38356K(349568K)->38356K(349568K)
[96.634s][info][gc,metaspace   ] GC(1636) Metaspace: 73906K(74304K)->73906K(74304K) NonClass: 58762K(59008K)->58762K(59008K) Class: 15144K(15296K)->15144K(15296K)
[96.634s][info][gc             ] GC(1636) Pause Young (Allocation Failure) 175M->38M(494M) 8.944ms
[96.634s][info][gc,cpu         ] GC(1636) User=0.00s Sys=0.00s Real=0.00s
[96.670s][info][gc,start       ] GC(1637) Pause Young (Allocation Failure)
[96.678s][info][gc,heap        ] GC(1637) DefNew: 141206K(157248K)->1410K(157248K) Eden: 139776K(139776K)->0K(139776K) From: 1430K(17472K)->1410K(17472K)
[96.678s][info][gc,heap        ] GC(1637) Tenured: 38356K(349568K)->38357K(349568K)
[96.678s][info][gc,metaspace   ] GC(1637) Metaspace: 73906K(74304K)->73906K(74304K) NonClass: 58762K(59008K)->58762K(59008K) Class: 15144K(15296K)->15144K(15296K)
[96.678s][info][gc             ] GC(1637) Pause Young (Allocation Failure) 175M->38M(494M) 8.203ms
[96.678s][info][gc,cpu         ] GC(1637) User=0.00s Sys=0.00s Real=0.00s
[96.714s][info][gc,start       ] GC(1638) Pause Young (Allocation Failure)
[96.722s][info][gc,heap        ] GC(1638) DefNew: 141186K(157248K)->1367K(157248K) Eden: 139776K(139776K)->0K(139776K) From: 1410K(17472K)->1367K(17472K)
[96.722s][info][gc,heap        ] GC(1638) Tenured: 38357K(349568K)->38357K(349568K)
[96.722s][info][gc,metaspace   ] GC(1638) Metaspace: 73906K(74304K)->73906K(74304K) NonClass: 58762K(59008K)->58762K(59008K) Class: 15144K(15296K)->15144K(15296K)
[96.722s][info][gc             ] GC(1638) Pause Young (Allocation Failure) 175M->38M(494M) 8.197ms
[96.722s][info][gc,cpu         ] GC(1638) User=0.00s Sys=0.00s Real=0.00s
[96.757s][info][gc,start       ] GC(1639) Pause Young (Allocation Failure)
[96.766s][info][gc,heap        ] GC(1639) DefNew: 141143K(157248K)->1458K(157248K) Eden: 139776K(139776K)->0K(139776K) From: 1367K(17472K)->1458K(17472K)
[96.766s][info][gc,heap        ] GC(1639) Tenured: 38357K(349568K)->38357K(349568K)
[96.766s][info][gc,metaspace   ] GC(1639) Metaspace: 73906K(74304K)->73906K(74304K) NonClass: 58762K(59008K)->58762K(59008K) Class: 15144K(15296K)->15144K(15296K)
[96.766s][info][gc             ] GC(1639) Pause Young (Allocation Failure) 175M->38M(494M) 8.607ms
[96.766s][info][gc,cpu         ] GC(1639) User=0.00s Sys=0.00s Real=0.00s
[96.801s][info][gc,start       ] GC(1640) Pause Young (Allocation Failure)
[96.809s][info][gc,heap        ] GC(1640) DefNew: 141234K(157248K)->1426K(157248K) Eden: 139776K(139776K)->0K(139776K) From: 1458K(17472K)->1426K(17472K)
[96.809s][info][gc,heap        ] GC(1640) Tenured: 38357K(349568K)->38357K(349568K)
[96.809s][info][gc,metaspace   ] GC(1640) Metaspace: 73906K(74304K)->73906K(74304K) NonClass: 58762K(59008K)->58762K(59008K) Class: 15144K(15296K)->15144K(15296K)
[96.810s][info][gc             ] GC(1640) Pause Young (Allocation Failure) 175M->38M(494M) 8.475ms
[96.810s][info][gc,cpu         ] GC(1640) User=0.02s Sys=0.00s Real=0.01s
[96.845s][info][gc,start       ] GC(1641) Pause Young (Allocation Failure)
[96.853s][info][gc,heap        ] GC(1641) DefNew: 141202K(157248K)->1377K(157248K) Eden: 139775K(139776K)->0K(139776K) From: 1426K(17472K)->1377K(17472K)
[96.853s][info][gc,heap        ] GC(1641) Tenured: 38357K(349568K)->38357K(349568K)
[96.853s][info][gc,metaspace   ] GC(1641) Metaspace: 73906K(74304K)->73906K(74304K) NonClass: 58762K(59008K)->58762K(59008K) Class: 15144K(15296K)->15144K(15296K)
[96.853s][info][gc             ] GC(1641) Pause Young (Allocation Failure) 175M->38M(494M) 8.148ms
[96.853s][info][gc,cpu         ] GC(1641) User=0.00s Sys=0.00s Real=0.00s
[96.889s][info][gc,start       ] GC(1642) Pause Young (Allocation Failure)
[96.897s][info][gc,heap        ] GC(1642) DefNew: 141153K(157248K)->1369K(157248K) Eden: 139776K(139776K)->0K(139776K) From: 1377K(17472K)->1369K(17472K)
[96.897s][info][gc,heap        ] GC(1642) Tenured: 38357K(349568K)->38385K(349568K)
[96.897s][info][gc,metaspace   ] GC(1642) Metaspace: 73906K(74304K)->73906K(74304K) NonClass: 58762K(59008K)->58762K(59008K) Class: 15144K(15296K)->15144K(15296K)
[96.897s][info][gc             ] GC(1642) Pause Young (Allocation Failure) 175M->38M(494M) 8.288ms
[96.897s][info][gc,cpu         ] GC(1642) User=0.00s Sys=0.00s Real=0.00s
[96.932s][info][gc,start       ] GC(1643) Pause Young (Allocation Failure)
[96.941s][info][gc,heap        ] GC(1643) DefNew: 141145K(157248K)->1423K(157248K) Eden: 139776K(139776K)->0K(139776K) From: 1369K(17472K)->1423K(17472K)
[96.941s][info][gc,heap        ] GC(1643) Tenured: 38385K(349568K)->38385K(349568K)
[96.941s][info][gc,metaspace   ] GC(1643) Metaspace: 73906K(74304K)->73906K(74304K) NonClass: 58762K(59008K)->58762K(59008K) Class: 15144K(15296K)->15144K(15296K)
[96.941s][info][gc             ] GC(1643) Pause Young (Allocation Failure) 175M->38M(494M) 8.665ms
[96.941s][info][gc,cpu         ] GC(1643) User=0.00s Sys=0.00s Real=0.00s
[96.976s][info][gc,start       ] GC(1644) Pause Young (Allocation Failure)
[96.984s][info][gc,heap        ] GC(1644) DefNew: 141199K(157248K)->1413K(157248K) Eden: 139776K(139776K)->0K(139776K) From: 1423K(17472K)->1413K(17472K)
[96.984s][info][gc,heap        ] GC(1644) Tenured: 38385K(349568K)->38386K(349568K)
[96.985s][info][gc,metaspace   ] GC(1644) Metaspace: 73906K(74304K)->73906K(74304K) NonClass: 58762K(59008K)->58762K(59008K) Class: 15144K(15296K)->15144K(15296K)
[96.985s][info][gc             ] GC(1644) Pause Young (Allocation Failure) 175M->38M(494M) 8.304ms
[96.985s][info][gc,cpu         ] GC(1644) User=0.00s Sys=0.00s Real=0.00s
[97.020s][info][gc,start       ] GC(1645) Pause Young (Allocation Failure)
[97.029s][info][gc,heap        ] GC(1645) DefNew: 141189K(157248K)->1331K(157248K) Eden: 139776K(139776K)->0K(139776K) From: 1413K(17472K)->1331K(17472K)
[97.029s][info][gc,heap        ] GC(1645) Tenured: 38386K(349568K)->38387K(349568K)
[97.029s][info][gc,metaspace   ] GC(1645) Metaspace: 73906K(74304K)->73906K(74304K) NonClass: 58762K(59008K)->58762K(59008K) Class: 15144K(15296K)->15144K(15296K)
[97.029s][info][gc             ] GC(1645) Pause Young (Allocation Failure) 175M->38M(494M) 9.019ms
[97.029s][info][gc,cpu         ] GC(1645) User=0.02s Sys=0.00s Real=0.01s
[97.065s][info][gc,start       ] GC(1646) Pause Young (Allocation Failure)
[97.074s][info][gc,heap        ] GC(1646) DefNew: 141107K(157248K)->1445K(157248K) Eden: 139776K(139776K)->0K(139776K) From: 1331K(17472K)->1445K(17472K)
[97.074s][info][gc,heap        ] GC(1646) Tenured: 38387K(349568K)->38387K(349568K)
[97.074s][info][gc,metaspace   ] GC(1646) Metaspace: 73906K(74304K)->73906K(74304K) NonClass: 58762K(59008K)->58762K(59008K) Class: 15144K(15296K)->15144K(15296K)
[97.074s][info][gc             ] GC(1646) Pause Young (Allocation Failure) 175M->38M(494M) 8.963ms
[97.074s][info][gc,cpu         ] GC(1646) User=0.00s Sys=0.00s Real=0.00s
[97.109s][info][gc,start       ] GC(1647) Pause Young (Allocation Failure)
[97.117s][info][gc,heap        ] GC(1647) DefNew: 141221K(157248K)->1319K(157248K) Eden: 139776K(139776K)->0K(139776K) From: 1445K(17472K)->1319K(17472K)
[97.117s][info][gc,heap        ] GC(1647) Tenured: 38387K(349568K)->38387K(349568K)
[97.117s][info][gc,metaspace   ] GC(1647) Metaspace: 73906K(74304K)->73906K(74304K) NonClass: 58762K(59008K)->58762K(59008K) Class: 15144K(15296K)->15144K(15296K)
[97.117s][info][gc             ] GC(1647) Pause Young (Allocation Failure) 175M->38M(494M) 8.037ms
[97.117s][info][gc,cpu         ] GC(1647) User=0.00s Sys=0.00s Real=0.00s
[97.152s][info][gc,start       ] GC(1648) Pause Young (Allocation Failure)
[97.160s][info][gc,heap        ] GC(1648) DefNew: 141095K(157248K)->1343K(157248K) Eden: 139776K(139776K)->0K(139776K) From: 1319K(17472K)->1343K(17472K)
[97.160s][info][gc,heap        ] GC(1648) Tenured: 38387K(349568K)->38388K(349568K)
[97.160s][info][gc,metaspace   ] GC(1648) Metaspace: 73906K(74304K)->73906K(74304K) NonClass: 58762K(59008K)->58762K(59008K) Class: 15144K(15296K)->15144K(15296K)
[97.160s][info][gc             ] GC(1648) Pause Young (Allocation Failure) 175M->38M(494M) 8.053ms
[97.160s][info][gc,cpu         ] GC(1648) User=0.00s Sys=0.00s Real=0.00s
[97.196s][info][gc,start       ] GC(1649) Pause Young (Allocation Failure)
[97.204s][info][gc,heap        ] GC(1649) DefNew: 141119K(157248K)->1460K(157248K) Eden: 139776K(139776K)->0K(139776K) From: 1343K(17472K)->1460K(17472K)
[97.204s][info][gc,heap        ] GC(1649) Tenured: 38388K(349568K)->38389K(349568K)
[97.204s][info][gc,metaspace   ] GC(1649) Metaspace: 73906K(74304K)->73906K(74304K) NonClass: 58762K(59008K)->58762K(59008K) Class: 15144K(15296K)->15144K(15296K)
[97.204s][info][gc             ] GC(1649) Pause Young (Allocation Failure) 175M->38M(494M) 8.616ms
[97.204s][info][gc,cpu         ] GC(1649) User=0.00s Sys=0.00s Real=0.00s
[97.240s][info][gc,start       ] GC(1650) Pause Young (Allocation Failure)
[97.249s][info][gc,heap        ] GC(1650) DefNew: 141236K(157248K)->1495K(157248K) Eden: 139776K(139776K)->0K(139776K) From: 1460K(17472K)->1495K(17472K)
[97.249s][info][gc,heap        ] GC(1650) Tenured: 38389K(349568K)->38389K(349568K)
[97.249s][info][gc,metaspace   ] GC(1650) Metaspace: 73906K(74304K)->73906K(74304K) NonClass: 58762K(59008K)->58762K(59008K) Class: 15144K(15296K)->15144K(15296K)
[97.249s][info][gc             ] GC(1650) Pause Young (Allocation Failure) 175M->38M(494M) 8.684ms
[97.249s][info][gc,cpu         ] GC(1650) User=0.00s Sys=0.00s Real=0.00s
[97.284s][info][gc,start       ] GC(1651) Pause Young (Allocation Failure)
[97.292s][info][gc,heap        ] GC(1651) DefNew: 141271K(157248K)->1402K(157248K) Eden: 139776K(139776K)->0K(139776K) From: 1495K(17472K)->1402K(17472K)
[97.292s][info][gc,heap        ] GC(1651) Tenured: 38389K(349568K)->38389K(349568K)
[97.292s][info][gc,metaspace   ] GC(1651) Metaspace: 73906K(74304K)->73906K(74304K) NonClass: 58762K(59008K)->58762K(59008K) Class: 15144K(15296K)->15144K(15296K)
[97.292s][info][gc             ] GC(1651) Pause Young (Allocation Failure) 175M->38M(494M) 8.254ms
[97.292s][info][gc,cpu         ] GC(1651) User=0.00s Sys=0.00s Real=0.00s
[97.328s][info][gc,start       ] GC(1652) Pause Young (Allocation Failure)
[97.336s][info][gc,heap        ] GC(1652) DefNew: 141178K(157248K)->1367K(157248K) Eden: 139776K(139776K)->0K(139776K) From: 1402K(17472K)->1367K(17472K)
[97.336s][info][gc,heap        ] GC(1652) Tenured: 38389K(349568K)->38389K(349568K)
[97.336s][info][gc,metaspace   ] GC(1652) Metaspace: 73906K(74304K)->73906K(74304K) NonClass: 58762K(59008K)->58762K(59008K) Class: 15144K(15296K)->15144K(15296K)
[97.336s][info][gc             ] GC(1652) Pause Young (Allocation Failure) 175M->38M(494M) 8.175ms
[97.336s][info][gc,cpu         ] GC(1652) User=0.00s Sys=0.00s Real=0.00s
[97.372s][info][gc,start       ] GC(1653) Pause Young (Allocation Failure)
[97.381s][info][gc,heap        ] GC(1653) DefNew: 141143K(157248K)->1451K(157248K) Eden: 139776K(139776K)->0K(139776K) From: 1367K(17472K)->1451K(17472K)
[97.381s][info][gc,heap        ] GC(1653) Tenured: 38389K(349568K)->38389K(349568K)
[97.381s][info][gc,metaspace   ] GC(1653) Metaspace: 73907K(74304K)->73907K(74304K) NonClass: 58763K(59008K)->58763K(59008K) Class: 15144K(15296K)->15144K(15296K)
[97.381s][info][gc             ] GC(1653) Pause Young (Allocation Failure) 175M->38M(494M) 8.629ms
[97.381s][info][gc,cpu         ] GC(1653) User=0.00s Sys=0.00s Real=0.00s
[97.416s][info][gc,start       ] GC(1654) Pause Young (Allocation Failure)
[97.424s][info][gc,heap        ] GC(1654) DefNew: 141227K(157248K)->1429K(157248K) Eden: 139776K(139776K)->0K(139776K) From: 1451K(17472K)->1429K(17472K)
[97.424s][info][gc,heap        ] GC(1654) Tenured: 38389K(349568K)->38389K(349568K)
[97.424s][info][gc,metaspace   ] GC(1654) Metaspace: 73907K(74304K)->73907K(74304K) NonClass: 58763K(59008K)->58763K(59008K) Class: 15144K(15296K)->15144K(15296K)
[97.424s][info][gc             ] GC(1654) Pause Young (Allocation Failure) 175M->38M(494M) 8.377ms
[97.424s][info][gc,cpu         ] GC(1654) User=0.00s Sys=0.00s Real=0.00s
[97.460s][info][gc,start       ] GC(1655) Pause Young (Allocation Failure)
[97.468s][info][gc,heap        ] GC(1655) DefNew: 141205K(157248K)->1454K(157248K) Eden: 139776K(139776K)->0K(139776K) From: 1429K(17472K)->1454K(17472K)
[97.468s][info][gc,heap        ] GC(1655) Tenured: 38389K(349568K)->38390K(349568K)
[97.468s][info][gc,metaspace   ] GC(1655) Metaspace: 73907K(74304K)->73907K(74304K) NonClass: 58763K(59008K)->58763K(59008K) Class: 15144K(15296K)->15144K(15296K)
[97.468s][info][gc             ] GC(1655) Pause Young (Allocation Failure) 175M->38M(494M) 8.679ms
[97.469s][info][gc,cpu         ] GC(1655) User=0.00s Sys=0.00s Real=0.00s
[97.504s][info][gc,start       ] GC(1656) Pause Young (Allocation Failure)
[97.519s][info][gc,heap        ] GC(1656) DefNew: 141230K(157248K)->1441K(157248K) Eden: 139776K(139776K)->0K(139776K) From: 1454K(17472K)->1441K(17472K)
[97.519s][info][gc,heap        ] GC(1656) Tenured: 38390K(349568K)->38390K(349568K)
[97.519s][info][gc,metaspace   ] GC(1656) Metaspace: 73907K(74304K)->73907K(74304K) NonClass: 58763K(59008K)->58763K(59008K) Class: 15144K(15296K)->15144K(15296K)
[97.519s][info][gc             ] GC(1656) Pause Young (Allocation Failure) 175M->38M(494M) 15.066ms
[97.519s][info][gc,cpu         ] GC(1656) User=0.00s Sys=0.00s Real=0.00s
[97.556s][info][gc,start       ] GC(1657) Pause Young (Allocation Failure)
[97.564s][info][gc,heap        ] GC(1657) DefNew: 141217K(157248K)->1465K(157248K) Eden: 139776K(139776K)->0K(139776K) From: 1441K(17472K)->1465K(17472K)
[97.564s][info][gc,heap        ] GC(1657) Tenured: 38390K(349568K)->38390K(349568K)
[97.564s][info][gc,metaspace   ] GC(1657) Metaspace: 73907K(74304K)->73907K(74304K) NonClass: 58763K(59008K)->58763K(59008K) Class: 15144K(15296K)->15144K(15296K)
[97.564s][info][gc             ] GC(1657) Pause Young (Allocation Failure) 175M->38M(494M) 8.507ms
[97.564s][info][gc,cpu         ] GC(1657) User=0.00s Sys=0.00s Real=0.01s
[97.600s][info][gc,start       ] GC(1658) Pause Young (Allocation Failure)
[97.608s][info][gc,heap        ] GC(1658) DefNew: 141241K(157248K)->1438K(157248K) Eden: 139776K(139776K)->0K(139776K) From: 1465K(17472K)->1438K(17472K)
[97.608s][info][gc,heap        ] GC(1658) Tenured: 38390K(349568K)->38391K(349568K)
[97.608s][info][gc,metaspace   ] GC(1658) Metaspace: 73907K(74304K)->73907K(74304K) NonClass: 58763K(59008K)->58763K(59008K) Class: 15144K(15296K)->15144K(15296K)
[97.609s][info][gc             ] GC(1658) Pause Young (Allocation Failure) 175M->38M(494M) 8.566ms
[97.609s][info][gc,cpu         ] GC(1658) User=0.00s Sys=0.00s Real=0.00s
[97.644s][info][gc,start       ] GC(1659) Pause Young (Allocation Failure)
[97.652s][info][gc,heap        ] GC(1659) DefNew: 141214K(157248K)->1438K(157248K) Eden: 139776K(139776K)->0K(139776K) From: 1438K(17472K)->1438K(17472K)
[97.652s][info][gc,heap        ] GC(1659) Tenured: 38391K(349568K)->38391K(349568K)
[97.652s][info][gc,metaspace   ] GC(1659) Metaspace: 73907K(74304K)->73907K(74304K) NonClass: 58763K(59008K)->58763K(59008K) Class: 15144K(15296K)->15144K(15296K)
[97.652s][info][gc             ] GC(1659) Pause Young (Allocation Failure) 175M->38M(494M) 8.317ms
[97.653s][info][gc,cpu         ] GC(1659) User=0.00s Sys=0.00s Real=0.00s
[97.688s][info][gc,start       ] GC(1660) Pause Young (Allocation Failure)
[97.696s][info][gc,heap        ] GC(1660) DefNew: 141214K(157248K)->1450K(157248K) Eden: 139776K(139776K)->0K(139776K) From: 1438K(17472K)->1450K(17472K)
[97.696s][info][gc,heap        ] GC(1660) Tenured: 38391K(349568K)->38391K(349568K)
[97.696s][info][gc,metaspace   ] GC(1660) Metaspace: 73907K(74304K)->73907K(74304K) NonClass: 58763K(59008K)->58763K(59008K) Class: 15144K(15296K)->15144K(15296K)
[97.696s][info][gc             ] GC(1660) Pause Young (Allocation Failure) 175M->38M(494M) 8.327ms
[97.696s][info][gc,cpu         ] GC(1660) User=0.00s Sys=0.00s Real=0.00s
[97.732s][info][gc,start       ] GC(1661) Pause Young (Allocation Failure)
[97.740s][info][gc,heap        ] GC(1661) DefNew: 141226K(157248K)->1468K(157248K) Eden: 139776K(139776K)->0K(139776K) From: 1450K(17472K)->1468K(17472K)
[97.740s][info][gc,heap        ] GC(1661) Tenured: 38391K(349568K)->38391K(349568K)
[97.740s][info][gc,metaspace   ] GC(1661) Metaspace: 73907K(74304K)->73907K(74304K) NonClass: 58763K(59008K)->58763K(59008K) Class: 15144K(15296K)->15144K(15296K)
[97.740s][info][gc             ] GC(1661) Pause Young (Allocation Failure) 175M->38M(494M) 8.612ms
[97.740s][info][gc,cpu         ] GC(1661) User=0.00s Sys=0.00s Real=0.00s
[97.776s][info][gc,start       ] GC(1662) Pause Young (Allocation Failure)
[97.784s][info][gc,heap        ] GC(1662) DefNew: 141244K(157248K)->1454K(157248K) Eden: 139776K(139776K)->0K(139776K) From: 1468K(17472K)->1454K(17472K)
[97.784s][info][gc,heap        ] GC(1662) Tenured: 38391K(349568K)->38392K(349568K)
[97.784s][info][gc,metaspace   ] GC(1662) Metaspace: 73907K(74304K)->73907K(74304K) NonClass: 58763K(59008K)->58763K(59008K) Class: 15144K(15296K)->15144K(15296K)
[97.784s][info][gc             ] GC(1662) Pause Young (Allocation Failure) 175M->38M(494M) 8.663ms
[97.784s][info][gc,cpu         ] GC(1662) User=0.00s Sys=0.00s Real=0.01s
[97.820s][info][gc,start       ] GC(1663) Pause Young (Allocation Failure)
[97.829s][info][gc,heap        ] GC(1663) DefNew: 141230K(157248K)->1443K(157248K) Eden: 139776K(139776K)->0K(139776K) From: 1454K(17472K)->1443K(17472K)
[97.829s][info][gc,heap        ] GC(1663) Tenured: 38392K(349568K)->38392K(349568K)
[97.829s][info][gc,metaspace   ] GC(1663) Metaspace: 73907K(74304K)->73907K(74304K) NonClass: 58763K(59008K)->58763K(59008K) Class: 15144K(15296K)->15144K(15296K)
[97.829s][info][gc             ] GC(1663) Pause Young (Allocation Failure) 175M->38M(494M) 8.547ms
[97.829s][info][gc,cpu         ] GC(1663) User=0.00s Sys=0.00s Real=0.00s
[97.864s][info][gc,start       ] GC(1664) Pause Young (Allocation Failure)
[97.872s][info][gc,heap        ] GC(1664) DefNew: 141219K(157248K)->1420K(157248K) Eden: 139776K(139776K)->0K(139776K) From: 1443K(17472K)->1420K(17472K)
[97.872s][info][gc,heap        ] GC(1664) Tenured: 38392K(349568K)->38417K(349568K)
[97.873s][info][gc,metaspace   ] GC(1664) Metaspace: 73907K(74304K)->73907K(74304K) NonClass: 58763K(59008K)->58763K(59008K) Class: 15144K(15296K)->15144K(15296K)
[97.873s][info][gc             ] GC(1664) Pause Young (Allocation Failure) 175M->38M(494M) 8.309ms
[97.873s][info][gc,cpu         ] GC(1664) User=0.00s Sys=0.00s Real=0.00s
[97.908s][info][gc,start       ] GC(1665) Pause Young (Allocation Failure)
[97.916s][info][gc,heap        ] GC(1665) DefNew: 141196K(157248K)->1481K(157248K) Eden: 139776K(139776K)->0K(139776K) From: 1420K(17472K)->1481K(17472K)
[97.916s][info][gc,heap        ] GC(1665) Tenured: 38417K(349568K)->38417K(349568K)
[97.917s][info][gc,metaspace   ] GC(1665) Metaspace: 73907K(74304K)->73907K(74304K) NonClass: 58763K(59008K)->58763K(59008K) Class: 15144K(15296K)->15144K(15296K)
[97.917s][info][gc             ] GC(1665) Pause Young (Allocation Failure) 175M->38M(494M) 8.685ms
[97.917s][info][gc,cpu         ] GC(1665) User=0.02s Sys=0.00s Real=0.01s
[97.952s][info][gc,start       ] GC(1666) Pause Young (Allocation Failure)
[97.961s][info][gc,heap        ] GC(1666) DefNew: 141257K(157248K)->1455K(157248K) Eden: 139776K(139776K)->0K(139776K) From: 1481K(17472K)->1455K(17472K)
[97.961s][info][gc,heap        ] GC(1666) Tenured: 38417K(349568K)->38418K(349568K)
[97.961s][info][gc,metaspace   ] GC(1666) Metaspace: 73907K(74304K)->73907K(74304K) NonClass: 58763K(59008K)->58763K(59008K) Class: 15144K(15296K)->15144K(15296K)
[97.961s][info][gc             ] GC(1666) Pause Young (Allocation Failure) 175M->38M(494M) 8.624ms
[97.961s][info][gc,cpu         ] GC(1666) User=0.00s Sys=0.00s Real=0.00s
[97.996s][info][gc,start       ] GC(1667) Pause Young (Allocation Failure)
[98.005s][info][gc,heap        ] GC(1667) DefNew: 141231K(157248K)->1440K(157248K) Eden: 139776K(139776K)->0K(139776K) From: 1455K(17472K)->1440K(17472K)
[98.005s][info][gc,heap        ] GC(1667) Tenured: 38418K(349568K)->38418K(349568K)
[98.005s][info][gc,metaspace   ] GC(1667) Metaspace: 73907K(74304K)->73907K(74304K) NonClass: 58763K(59008K)->58763K(59008K) Class: 15144K(15296K)->15144K(15296K)
[98.005s][info][gc             ] GC(1667) Pause Young (Allocation Failure) 175M->38M(494M) 8.371ms
[98.005s][info][gc,cpu         ] GC(1667) User=0.00s Sys=0.00s Real=0.00s
[98.040s][info][gc,start       ] GC(1668) Pause Young (Allocation Failure)
[98.048s][info][gc,heap        ] GC(1668) DefNew: 141216K(157248K)->1333K(157248K) Eden: 139776K(139776K)->0K(139776K) From: 1440K(17472K)->1333K(17472K)
[98.048s][info][gc,heap        ] GC(1668) Tenured: 38418K(349568K)->38442K(349568K)
[98.048s][info][gc,metaspace   ] GC(1668) Metaspace: 73907K(74304K)->73907K(74304K) NonClass: 58763K(59008K)->58763K(59008K) Class: 15144K(15296K)->15144K(15296K)
[98.048s][info][gc             ] GC(1668) Pause Young (Allocation Failure) 175M->38M(494M) 8.284ms
[98.048s][info][gc,cpu         ] GC(1668) User=0.00s Sys=0.00s Real=0.01s
[98.084s][info][gc,start       ] GC(1669) Pause Young (Allocation Failure)
[98.093s][info][gc,heap        ] GC(1669) DefNew: 141109K(157248K)->1412K(157248K) Eden: 139776K(139776K)->0K(139776K) From: 1333K(17472K)->1412K(17472K)
[98.093s][info][gc,heap        ] GC(1669) Tenured: 38442K(349568K)->38442K(349568K)
[98.093s][info][gc,metaspace   ] GC(1669) Metaspace: 73907K(74304K)->73907K(74304K) NonClass: 58763K(59008K)->58763K(59008K) Class: 15144K(15296K)->15144K(15296K)
[98.093s][info][gc             ] GC(1669) Pause Young (Allocation Failure) 175M->38M(494M) 9.276ms
[98.093s][info][gc,cpu         ] GC(1669) User=0.00s Sys=0.00s Real=0.00s
[98.129s][info][gc,start       ] GC(1670) Pause Young (Allocation Failure)
[98.138s][info][gc,heap        ] GC(1670) DefNew: 141188K(157248K)->1430K(157248K) Eden: 139776K(139776K)->0K(139776K) From: 1412K(17472K)->1430K(17472K)
[98.138s][info][gc,heap        ] GC(1670) Tenured: 38442K(349568K)->38443K(349568K)
[98.138s][info][gc,metaspace   ] GC(1670) Metaspace: 73907K(74304K)->73907K(74304K) NonClass: 58763K(59008K)->58763K(59008K) Class: 15144K(15296K)->15144K(15296K)
[98.138s][info][gc             ] GC(1670) Pause Young (Allocation Failure) 175M->38M(494M) 9.084ms
[98.138s][info][gc,cpu         ] GC(1670) User=0.02s Sys=0.00s Real=0.01s
[98.173s][info][gc,start       ] GC(1671) Pause Young (Allocation Failure)
[98.182s][info][gc,heap        ] GC(1671) DefNew: 141206K(157248K)->1396K(157248K) Eden: 139776K(139776K)->0K(139776K) From: 1430K(17472K)->1396K(17472K)
[98.182s][info][gc,heap        ] GC(1671) Tenured: 38443K(349568K)->38461K(349568K)
[98.182s][info][gc,metaspace   ] GC(1671) Metaspace: 73907K(74304K)->73907K(74304K) NonClass: 58763K(59008K)->58763K(59008K) Class: 15144K(15296K)->15144K(15296K)
[98.182s][info][gc             ] GC(1671) Pause Young (Allocation Failure) 175M->38M(494M) 8.401ms
[98.182s][info][gc,cpu         ] GC(1671) User=0.00s Sys=0.00s Real=0.00s
[98.217s][info][gc,start       ] GC(1672) Pause Young (Allocation Failure)
[98.226s][info][gc,heap        ] GC(1672) DefNew: 141172K(157248K)->1448K(157248K) Eden: 139776K(139776K)->0K(139776K) From: 1396K(17472K)->1448K(17472K)
[98.226s][info][gc,heap        ] GC(1672) Tenured: 38461K(349568K)->38461K(349568K)
[98.226s][info][gc,metaspace   ] GC(1672) Metaspace: 73907K(74304K)->73907K(74304K) NonClass: 58763K(59008K)->58763K(59008K) Class: 15144K(15296K)->15144K(15296K)
[98.226s][info][gc             ] GC(1672) Pause Young (Allocation Failure) 175M->38M(494M) 8.643ms
[98.226s][info][gc,cpu         ] GC(1672) User=0.00s Sys=0.00s Real=0.01s
[98.262s][info][gc,start       ] GC(1673) Pause Young (Allocation Failure)
[98.270s][info][gc,heap        ] GC(1673) DefNew: 141224K(157248K)->1381K(157248K) Eden: 139776K(139776K)->0K(139776K) From: 1448K(17472K)->1381K(17472K)
[98.270s][info][gc,heap        ] GC(1673) Tenured: 38461K(349568K)->38461K(349568K)
[98.270s][info][gc,metaspace   ] GC(1673) Metaspace: 73907K(74304K)->73907K(74304K) NonClass: 58763K(59008K)->58763K(59008K) Class: 15144K(15296K)->15144K(15296K)
[98.270s][info][gc             ] GC(1673) Pause Young (Allocation Failure) 175M->38M(494M) 8.312ms
[98.270s][info][gc,cpu         ] GC(1673) User=0.00s Sys=0.00s Real=0.00s
[98.306s][info][gc,start       ] GC(1674) Pause Young (Allocation Failure)
[98.314s][info][gc,heap        ] GC(1674) DefNew: 141157K(157248K)->1408K(157248K) Eden: 139776K(139776K)->0K(139776K) From: 1381K(17472K)->1408K(17472K)
[98.314s][info][gc,heap        ] GC(1674) Tenured: 38461K(349568K)->38461K(349568K)
[98.314s][info][gc,metaspace   ] GC(1674) Metaspace: 73907K(74304K)->73907K(74304K) NonClass: 58763K(59008K)->58763K(59008K) Class: 15144K(15296K)->15144K(15296K)
[98.314s][info][gc             ] GC(1674) Pause Young (Allocation Failure) 175M->38M(494M) 8.276ms
[98.314s][info][gc,cpu         ] GC(1674) User=0.00s Sys=0.00s Real=0.00s
[98.349s][info][gc,start       ] GC(1675) Pause Young (Allocation Failure)
[98.358s][info][gc,heap        ] GC(1675) DefNew: 141184K(157248K)->1449K(157248K) Eden: 139776K(139776K)->0K(139776K) From: 1408K(17472K)->1449K(17472K)
[98.358s][info][gc,heap        ] GC(1675) Tenured: 38461K(349568K)->38462K(349568K)
[98.358s][info][gc,metaspace   ] GC(1675) Metaspace: 73907K(74304K)->73907K(74304K) NonClass: 58763K(59008K)->58763K(59008K) Class: 15144K(15296K)->15144K(15296K)
[98.358s][info][gc             ] GC(1675) Pause Young (Allocation Failure) 175M->38M(494M) 8.615ms
[98.358s][info][gc,cpu         ] GC(1675) User=0.00s Sys=0.00s Real=0.00s
[98.394s][info][gc,start       ] GC(1676) Pause Young (Allocation Failure)
[98.403s][info][gc,heap        ] GC(1676) DefNew: 141225K(157248K)->1488K(157248K) Eden: 139776K(139776K)->0K(139776K) From: 1449K(17472K)->1488K(17472K)
[98.403s][info][gc,heap        ] GC(1676) Tenured: 38462K(349568K)->38462K(349568K)
[98.403s][info][gc,metaspace   ] GC(1676) Metaspace: 73907K(74304K)->73907K(74304K) NonClass: 58763K(59008K)->58763K(59008K) Class: 15144K(15296K)->15144K(15296K)
[98.403s][info][gc             ] GC(1676) Pause Young (Allocation Failure) 175M->39M(494M) 9.747ms
[98.403s][info][gc,cpu         ] GC(1676) User=0.00s Sys=0.00s Real=0.00s
[98.440s][info][gc,start       ] GC(1677) Pause Young (Allocation Failure)
[98.448s][info][gc,heap        ] GC(1677) DefNew: 141264K(157248K)->1418K(157248K) Eden: 139776K(139776K)->0K(139776K) From: 1488K(17472K)->1418K(17472K)
[98.449s][info][gc,heap        ] GC(1677) Tenured: 38462K(349568K)->38462K(349568K)
[98.449s][info][gc,metaspace   ] GC(1677) Metaspace: 73907K(74304K)->73907K(74304K) NonClass: 58763K(59008K)->58763K(59008K) Class: 15144K(15296K)->15144K(15296K)
[98.449s][info][gc             ] GC(1677) Pause Young (Allocation Failure) 175M->38M(494M) 8.896ms
[98.449s][info][gc,cpu         ] GC(1677) User=0.00s Sys=0.00s Real=0.00s
[98.485s][info][gc,start       ] GC(1678) Pause Young (Allocation Failure)
[98.493s][info][gc,heap        ] GC(1678) DefNew: 141194K(157248K)->1465K(157248K) Eden: 139776K(139776K)->0K(139776K) From: 1418K(17472K)->1465K(17472K)
[98.493s][info][gc,heap        ] GC(1678) Tenured: 38462K(349568K)->38462K(349568K)
[98.493s][info][gc,metaspace   ] GC(1678) Metaspace: 73907K(74304K)->73907K(74304K) NonClass: 58763K(59008K)->58763K(59008K) Class: 15144K(15296K)->15144K(15296K)
[98.493s][info][gc             ] GC(1678) Pause Young (Allocation Failure) 175M->38M(494M) 8.761ms
[98.493s][info][gc,cpu         ] GC(1678) User=0.00s Sys=0.00s Real=0.00s
[98.529s][info][gc,start       ] GC(1679) Pause Young (Allocation Failure)
[98.538s][info][gc,heap        ] GC(1679) DefNew: 141241K(157248K)->1481K(157248K) Eden: 139776K(139776K)->0K(139776K) From: 1465K(17472K)->1481K(17472K)
[98.538s][info][gc,heap        ] GC(1679) Tenured: 38462K(349568K)->38463K(349568K)
[98.538s][info][gc,metaspace   ] GC(1679) Metaspace: 73907K(74304K)->73907K(74304K) NonClass: 58763K(59008K)->58763K(59008K) Class: 15144K(15296K)->15144K(15296K)
[98.538s][info][gc             ] GC(1679) Pause Young (Allocation Failure) 175M->39M(494M) 8.428ms
[98.538s][info][gc,cpu         ] GC(1679) User=0.00s Sys=0.00s Real=0.00s
[98.573s][info][gc,start       ] GC(1680) Pause Young (Allocation Failure)
[98.582s][info][gc,heap        ] GC(1680) DefNew: 141257K(157248K)->1401K(157248K) Eden: 139776K(139776K)->0K(139776K) From: 1481K(17472K)->1401K(17472K)
[98.582s][info][gc,heap        ] GC(1680) Tenured: 38463K(349568K)->38463K(349568K)
[98.582s][info][gc,metaspace   ] GC(1680) Metaspace: 73907K(74304K)->73907K(74304K) NonClass: 58763K(59008K)->58763K(59008K) Class: 15144K(15296K)->15144K(15296K)
[98.582s][info][gc             ] GC(1680) Pause Young (Allocation Failure) 175M->38M(494M) 8.248ms
[98.582s][info][gc,cpu         ] GC(1680) User=0.00s Sys=0.00s Real=0.00s
[98.618s][info][gc,start       ] GC(1681) Pause Young (Allocation Failure)
[98.627s][info][gc,heap        ] GC(1681) DefNew: 141177K(157248K)->1408K(157248K) Eden: 139775K(139776K)->0K(139776K) From: 1401K(17472K)->1408K(17472K)
[98.627s][info][gc,heap        ] GC(1681) Tenured: 38463K(349568K)->38463K(349568K)
[98.627s][info][gc,metaspace   ] GC(1681) Metaspace: 73907K(74304K)->73907K(74304K) NonClass: 58763K(59008K)->58763K(59008K) Class: 15144K(15296K)->15144K(15296K)
[98.627s][info][gc             ] GC(1681) Pause Young (Allocation Failure) 175M->38M(494M) 9.075ms
[98.627s][info][gc,cpu         ] GC(1681) User=0.00s Sys=0.00s Real=0.00s
[98.663s][info][gc,start       ] GC(1682) Pause Young (Allocation Failure)
[98.672s][info][gc,heap        ] GC(1682) DefNew: 141184K(157248K)->1402K(157248K) Eden: 139776K(139776K)->0K(139776K) From: 1408K(17472K)->1402K(17472K)
[98.672s][info][gc,heap        ] GC(1682) Tenured: 38463K(349568K)->38463K(349568K)
[98.672s][info][gc,metaspace   ] GC(1682) Metaspace: 73907K(74304K)->73907K(74304K) NonClass: 58763K(59008K)->58763K(59008K) Class: 15144K(15296K)->15144K(15296K)
[98.672s][info][gc             ] GC(1682) Pause Young (Allocation Failure) 175M->38M(494M) 8.812ms
[98.672s][info][gc,cpu         ] GC(1682) User=0.00s Sys=0.00s Real=0.00s
[98.708s][info][gc,start       ] GC(1683) Pause Young (Allocation Failure)
[98.716s][info][gc,heap        ] GC(1683) DefNew: 141178K(157248K)->1424K(157248K) Eden: 139776K(139776K)->0K(139776K) From: 1402K(17472K)->1424K(17472K)
[98.716s][info][gc,heap        ] GC(1683) Tenured: 38463K(349568K)->38463K(349568K)
[98.716s][info][gc,metaspace   ] GC(1683) Metaspace: 73907K(74304K)->73907K(74304K) NonClass: 58763K(59008K)->58763K(59008K) Class: 15144K(15296K)->15144K(15296K)
[98.716s][info][gc             ] GC(1683) Pause Young (Allocation Failure) 175M->38M(494M) 8.724ms
[98.716s][info][gc,cpu         ] GC(1683) User=0.00s Sys=0.00s Real=0.00s
[98.753s][info][gc,start       ] GC(1684) Pause Young (Allocation Failure)
[98.761s][info][gc,heap        ] GC(1684) DefNew: 141200K(157248K)->1461K(157248K) Eden: 139776K(139776K)->0K(139776K) From: 1424K(17472K)->1461K(17472K)
[98.761s][info][gc,heap        ] GC(1684) Tenured: 38463K(349568K)->38464K(349568K)
[98.761s][info][gc,metaspace   ] GC(1684) Metaspace: 73907K(74304K)->73907K(74304K) NonClass: 58763K(59008K)->58763K(59008K) Class: 15144K(15296K)->15144K(15296K)
[98.761s][info][gc             ] GC(1684) Pause Young (Allocation Failure) 175M->38M(494M) 8.456ms
[98.761s][info][gc,cpu         ] GC(1684) User=0.00s Sys=0.00s Real=0.00s
[98.797s][info][gc,start       ] GC(1685) Pause Young (Allocation Failure)
[98.805s][info][gc,heap        ] GC(1685) DefNew: 141237K(157248K)->1410K(157248K) Eden: 139776K(139776K)->0K(139776K) From: 1461K(17472K)->1410K(17472K)
[98.805s][info][gc,heap        ] GC(1685) Tenured: 38464K(349568K)->38465K(349568K)
[98.805s][info][gc,metaspace   ] GC(1685) Metaspace: 73907K(74304K)->73907K(74304K) NonClass: 58763K(59008K)->58763K(59008K) Class: 15144K(15296K)->15144K(15296K)
[98.805s][info][gc             ] GC(1685) Pause Young (Allocation Failure) 175M->38M(494M) 8.001ms
[98.805s][info][gc,cpu         ] GC(1685) User=0.00s Sys=0.00s Real=0.00s
[98.842s][info][gc,start       ] GC(1686) Pause Young (Allocation Failure)
[98.850s][info][gc,heap        ] GC(1686) DefNew: 141186K(157248K)->1375K(157248K) Eden: 139776K(139776K)->0K(139776K) From: 1410K(17472K)->1375K(17472K)
[98.850s][info][gc,heap        ] GC(1686) Tenured: 38465K(349568K)->38481K(349568K)
[98.850s][info][gc,metaspace   ] GC(1686) Metaspace: 73907K(74304K)->73907K(74304K) NonClass: 58763K(59008K)->58763K(59008K) Class: 15144K(15296K)->15144K(15296K)
[98.850s][info][gc             ] GC(1686) Pause Young (Allocation Failure) 175M->38M(494M) 7.768ms
[98.850s][info][gc,cpu         ] GC(1686) User=0.00s Sys=0.00s Real=0.00s
[98.887s][info][gc,start       ] GC(1687) Pause Young (Allocation Failure)
[98.895s][info][gc,heap        ] GC(1687) DefNew: 141151K(157248K)->1324K(157248K) Eden: 139776K(139776K)->0K(139776K) From: 1375K(17472K)->1324K(17472K)
[98.895s][info][gc,heap        ] GC(1687) Tenured: 38481K(349568K)->38520K(349568K)
[98.895s][info][gc,metaspace   ] GC(1687) Metaspace: 73907K(74304K)->73907K(74304K) NonClass: 58763K(59008K)->58763K(59008K) Class: 15144K(15296K)->15144K(15296K)
[98.895s][info][gc             ] GC(1687) Pause Young (Allocation Failure) 175M->38M(494M) 8.471ms
[98.895s][info][gc,cpu         ] GC(1687) User=0.00s Sys=0.00s Real=0.00s
[98.932s][info][gc,start       ] GC(1688) Pause Young (Allocation Failure)
[98.940s][info][gc,heap        ] GC(1688) DefNew: 141100K(157248K)->1435K(157248K) Eden: 139776K(139776K)->0K(139776K) From: 1324K(17472K)->1435K(17472K)
[98.940s][info][gc,heap        ] GC(1688) Tenured: 38520K(349568K)->38521K(349568K)
[98.940s][info][gc,metaspace   ] GC(1688) Metaspace: 73907K(74304K)->73907K(74304K) NonClass: 58763K(59008K)->58763K(59008K) Class: 15144K(15296K)->15144K(15296K)
[98.941s][info][gc             ] GC(1688) Pause Young (Allocation Failure) 175M->39M(494M) 8.260ms
[98.941s][info][gc,cpu         ] GC(1688) User=0.00s Sys=0.00s Real=0.00s
[98.978s][info][gc,start       ] GC(1689) Pause Young (Allocation Failure)
[98.986s][info][gc,heap        ] GC(1689) DefNew: 141211K(157248K)->1356K(157248K) Eden: 139776K(139776K)->0K(139776K) From: 1435K(17472K)->1356K(17472K)
[98.986s][info][gc,heap        ] GC(1689) Tenured: 38521K(349568K)->38522K(349568K)
[98.986s][info][gc,metaspace   ] GC(1689) Metaspace: 73907K(74304K)->73907K(74304K) NonClass: 58763K(59008K)->58763K(59008K) Class: 15144K(15296K)->15144K(15296K)
[98.986s][info][gc             ] GC(1689) Pause Young (Allocation Failure) 175M->38M(494M) 7.621ms
[98.986s][info][gc,cpu         ] GC(1689) User=0.00s Sys=0.00s Real=0.00s
[99.026s][info][gc,start       ] GC(1690) Pause Young (Allocation Failure)
[99.033s][info][gc,heap        ] GC(1690) DefNew: 141132K(157248K)->1358K(157248K) Eden: 139776K(139776K)->0K(139776K) From: 1356K(17472K)->1358K(17472K)
[99.033s][info][gc,heap        ] GC(1690) Tenured: 38522K(349568K)->38522K(349568K)
[99.033s][info][gc,metaspace   ] GC(1690) Metaspace: 73907K(74304K)->73907K(74304K) NonClass: 58763K(59008K)->58763K(59008K) Class: 15144K(15296K)->15144K(15296K)
[99.033s][info][gc             ] GC(1690) Pause Young (Allocation Failure) 175M->38M(494M) 7.167ms
[99.033s][info][gc,cpu         ] GC(1690) User=0.00s Sys=0.00s Real=0.00s
[99.075s][info][gc,start       ] GC(1691) Pause Young (Allocation Failure)
[99.082s][info][gc,heap        ] GC(1691) DefNew: 141134K(157248K)->1362K(157248K) Eden: 139776K(139776K)->0K(139776K) From: 1358K(17472K)->1362K(17472K)
[99.082s][info][gc,heap        ] GC(1691) Tenured: 38522K(349568K)->38548K(349568K)
[99.082s][info][gc,metaspace   ] GC(1691) Metaspace: 73907K(74304K)->73907K(74304K) NonClass: 58763K(59008K)->58763K(59008K) Class: 15144K(15296K)->15144K(15296K)
[99.082s][info][gc             ] GC(1691) Pause Young (Allocation Failure) 175M->38M(494M) 6.851ms
[99.082s][info][gc,cpu         ] GC(1691) User=0.00s Sys=0.00s Real=0.00s
[99.127s][info][gc,start       ] GC(1692) Pause Young (Allocation Failure)
[99.133s][info][gc,heap        ] GC(1692) DefNew: 141138K(157248K)->1275K(157248K) Eden: 139776K(139776K)->0K(139776K) From: 1362K(17472K)->1275K(17472K)
[99.133s][info][gc,heap        ] GC(1692) Tenured: 38548K(349568K)->38548K(349568K)
[99.133s][info][gc,metaspace   ] GC(1692) Metaspace: 73907K(74304K)->73907K(74304K) NonClass: 58763K(59008K)->58763K(59008K) Class: 15144K(15296K)->15144K(15296K)
[99.133s][info][gc             ] GC(1692) Pause Young (Allocation Failure) 175M->38M(494M) 6.430ms
[99.133s][info][gc,cpu         ] GC(1692) User=0.02s Sys=0.00s Real=0.02s
[99.180s][info][gc,start       ] GC(1693) Pause Young (Allocation Failure)
[99.186s][info][gc,heap        ] GC(1693) DefNew: 141051K(157248K)->1297K(157248K) Eden: 139776K(139776K)->0K(139776K) From: 1275K(17472K)->1297K(17472K)
[99.186s][info][gc,heap        ] GC(1693) Tenured: 38548K(349568K)->38599K(349568K)
[99.186s][info][gc,metaspace   ] GC(1693) Metaspace: 73907K(74304K)->73907K(74304K) NonClass: 58763K(59008K)->58763K(59008K) Class: 15144K(15296K)->15144K(15296K)
[99.186s][info][gc             ] GC(1693) Pause Young (Allocation Failure) 175M->38M(494M) 6.251ms
[99.186s][info][gc,cpu         ] GC(1693) User=0.00s Sys=0.00s Real=0.00s
[99.234s][info][gc,start       ] GC(1694) Pause Young (Allocation Failure)
[99.240s][info][gc,heap        ] GC(1694) DefNew: 141073K(157248K)->1271K(157248K) Eden: 139776K(139776K)->0K(139776K) From: 1297K(17472K)->1271K(17472K)
[99.240s][info][gc,heap        ] GC(1694) Tenured: 38599K(349568K)->38606K(349568K)
[99.240s][info][gc,metaspace   ] GC(1694) Metaspace: 73907K(74304K)->73907K(74304K) NonClass: 58763K(59008K)->58763K(59008K) Class: 15144K(15296K)->15144K(15296K)
[99.240s][info][gc             ] GC(1694) Pause Young (Allocation Failure) 175M->38M(494M) 6.137ms
[99.240s][info][gc,cpu         ] GC(1694) User=0.00s Sys=0.00s Real=0.00s
[99.293s][info][gc,start       ] GC(1695) Pause Young (Allocation Failure)
[99.305s][info][gc,heap        ] GC(1695) DefNew: 141047K(157248K)->1176K(157248K) Eden: 139776K(139776K)->0K(139776K) From: 1271K(17472K)->1176K(17472K)
[99.305s][info][gc,heap        ] GC(1695) Tenured: 38606K(349568K)->38630K(349568K)
[99.305s][info][gc,metaspace   ] GC(1695) Metaspace: 73907K(74304K)->73907K(74304K) NonClass: 58763K(59008K)->58763K(59008K) Class: 15144K(15296K)->15144K(15296K)
[99.305s][info][gc             ] GC(1695) Pause Young (Allocation Failure) 175M->38M(494M) 12.260ms
[99.306s][info][gc,cpu         ] GC(1695) User=0.00s Sys=0.00s Real=0.00s
[99.362s][info][gc,start       ] GC(1696) Pause Young (Allocation Failure)
[99.374s][info][gc,heap        ] GC(1696) DefNew: 140952K(157248K)->1201K(157248K) Eden: 139776K(139776K)->0K(139776K) From: 1176K(17472K)->1201K(17472K)
[99.374s][info][gc,heap        ] GC(1696) Tenured: 38630K(349568K)->38652K(349568K)
[99.374s][info][gc,metaspace   ] GC(1696) Metaspace: 73907K(74304K)->73907K(74304K) NonClass: 58763K(59008K)->58763K(59008K) Class: 15144K(15296K)->15144K(15296K)
[99.374s][info][gc             ] GC(1696) Pause Young (Allocation Failure) 175M->38M(494M) 12.138ms
[99.374s][info][gc,cpu         ] GC(1696) User=0.02s Sys=0.00s Real=0.02s
[99.431s][info][gc,start       ] GC(1697) Pause Young (Allocation Failure)
[99.436s][info][gc,heap        ] GC(1697) DefNew: 140977K(157248K)->1191K(157248K) Eden: 139776K(139776K)->0K(139776K) From: 1201K(17472K)->1191K(17472K)
[99.436s][info][gc,heap        ] GC(1697) Tenured: 38652K(349568K)->38653K(349568K)
[99.436s][info][gc,metaspace   ] GC(1697) Metaspace: 73907K(74304K)->73907K(74304K) NonClass: 58763K(59008K)->58763K(59008K) Class: 15144K(15296K)->15144K(15296K)
[99.436s][info][gc             ] GC(1697) Pause Young (Allocation Failure) 175M->38M(494M) 5.931ms
[99.436s][info][gc,cpu         ] GC(1697) User=0.00s Sys=0.00s Real=0.00s
[99.492s][info][gc,start       ] GC(1698) Pause Young (Allocation Failure)
[99.500s][info][gc,heap        ] GC(1698) DefNew: 140967K(157248K)->1196K(157248K) Eden: 139776K(139776K)->0K(139776K) From: 1191K(17472K)->1196K(17472K)
[99.500s][info][gc,heap        ] GC(1698) Tenured: 38653K(349568K)->38654K(349568K)
[99.500s][info][gc,metaspace   ] GC(1698) Metaspace: 73907K(74304K)->73907K(74304K) NonClass: 58763K(59008K)->58763K(59008K) Class: 15144K(15296K)->15144K(15296K)
[99.500s][info][gc             ] GC(1698) Pause Young (Allocation Failure) 175M->38M(494M) 8.319ms
[99.500s][info][gc,cpu         ] GC(1698) User=0.00s Sys=0.00s Real=0.00s
[99.558s][info][gc,start       ] GC(1699) Pause Young (Allocation Failure)
[99.569s][info][gc,heap        ] GC(1699) DefNew: 140972K(157248K)->1136K(157248K) Eden: 139776K(139776K)->0K(139776K) From: 1196K(17472K)->1136K(17472K)
[99.569s][info][gc,heap        ] GC(1699) Tenured: 38654K(349568K)->38695K(349568K)
[99.569s][info][gc,metaspace   ] GC(1699) Metaspace: 73907K(74304K)->73907K(74304K) NonClass: 58763K(59008K)->58763K(59008K) Class: 15144K(15296K)->15144K(15296K)
[99.569s][info][gc             ] GC(1699) Pause Young (Allocation Failure) 175M->38M(494M) 11.301ms
[99.569s][info][gc,cpu         ] GC(1699) User=0.02s Sys=0.00s Real=0.02s
[99.633s][info][gc,start       ] GC(1700) Pause Young (Allocation Failure)
[99.638s][info][gc,heap        ] GC(1700) DefNew: 140912K(157248K)->1066K(157248K) Eden: 139776K(139776K)->0K(139776K) From: 1136K(17472K)->1066K(17472K)
[99.638s][info][gc,heap        ] GC(1700) Tenured: 38695K(349568K)->38757K(349568K)
[99.638s][info][gc,metaspace   ] GC(1700) Metaspace: 73907K(74304K)->73907K(74304K) NonClass: 58763K(59008K)->58763K(59008K) Class: 15144K(15296K)->15144K(15296K)
[99.638s][info][gc             ] GC(1700) Pause Young (Allocation Failure) 175M->38M(494M) 5.519ms
[99.638s][info][gc,cpu         ] GC(1700) User=0.00s Sys=0.00s Real=0.00s
[99.699s][info][gc,start       ] GC(1701) Pause Young (Allocation Failure)
[99.709s][info][gc,heap        ] GC(1701) DefNew: 140842K(157248K)->1009K(157248K) Eden: 139776K(139776K)->0K(139776K) From: 1066K(17472K)->1009K(17472K)
[99.709s][info][gc,heap        ] GC(1701) Tenured: 38757K(349568K)->38783K(349568K)
[99.709s][info][gc,metaspace   ] GC(1701) Metaspace: 73907K(74304K)->73907K(74304K) NonClass: 58763K(59008K)->58763K(59008K) Class: 15144K(15296K)->15144K(15296K)
[99.709s][info][gc             ] GC(1701) Pause Young (Allocation Failure) 175M->38M(494M) 10.056ms
[99.709s][info][gc,cpu         ] GC(1701) User=0.00s Sys=0.00s Real=0.00s
[99.781s][info][gc,start       ] GC(1702) Pause Young (Allocation Failure)
[99.786s][info][gc,heap        ] GC(1702) DefNew: 140785K(157248K)->1016K(157248K) Eden: 139776K(139776K)->0K(139776K) From: 1009K(17472K)->1016K(17472K)
[99.786s][info][gc,heap        ] GC(1702) Tenured: 38783K(349568K)->38809K(349568K)
[99.786s][info][gc,metaspace   ] GC(1702) Metaspace: 73907K(74304K)->73907K(74304K) NonClass: 58763K(59008K)->58763K(59008K) Class: 15144K(15296K)->15144K(15296K)
[99.786s][info][gc             ] GC(1702) Pause Young (Allocation Failure) 175M->38M(494M) 5.055ms
[99.786s][info][gc,cpu         ] GC(1702) User=0.00s Sys=0.00s Real=0.00s
[99.856s][info][gc,start       ] GC(1703) Pause Young (Allocation Failure)
[99.860s][info][gc,heap        ] GC(1703) DefNew: 140792K(157248K)->971K(157248K) Eden: 139776K(139776K)->0K(139776K) From: 1016K(17472K)->971K(17472K)
[99.860s][info][gc,heap        ] GC(1703) Tenured: 38809K(349568K)->38835K(349568K)
[99.860s][info][gc,metaspace   ] GC(1703) Metaspace: 73907K(74304K)->73907K(74304K) NonClass: 58763K(59008K)->58763K(59008K) Class: 15144K(15296K)->15144K(15296K)
[99.860s][info][gc             ] GC(1703) Pause Young (Allocation Failure) 175M->38M(494M) 4.375ms
[99.860s][info][gc,cpu         ] GC(1703) User=0.00s Sys=0.00s Real=0.00s
[99.940s][info][gc,start       ] GC(1704) Pause Young (Allocation Failure)
[99.944s][info][gc,heap        ] GC(1704) DefNew: 140747K(157248K)->862K(157248K) Eden: 139776K(139776K)->0K(139776K) From: 971K(17472K)->862K(17472K)
[99.944s][info][gc,heap        ] GC(1704) Tenured: 38835K(349568K)->38933K(349568K)
[99.944s][info][gc,metaspace   ] GC(1704) Metaspace: 73907K(74304K)->73907K(74304K) NonClass: 58763K(59008K)->58763K(59008K) Class: 15144K(15296K)->15144K(15296K)
[99.944s][info][gc             ] GC(1704) Pause Young (Allocation Failure) 175M->38M(494M) 4.124ms
[99.944s][info][gc,cpu         ] GC(1704) User=0.00s Sys=0.00s Real=0.00s
[100.032s][info][gc,start       ] GC(1705) Pause Young (Allocation Failure)
[100.035s][info][gc,heap        ] GC(1705) DefNew: 140638K(157248K)->765K(157248K) Eden: 139776K(139776K)->0K(139776K) From: 862K(17472K)->765K(17472K)
[100.035s][info][gc,heap        ] GC(1705) Tenured: 38933K(349568K)->39014K(349568K)
[100.035s][info][gc,metaspace   ] GC(1705) Metaspace: 73907K(74304K)->73907K(74304K) NonClass: 58763K(59008K)->58763K(59008K) Class: 15144K(15296K)->15144K(15296K)
[100.036s][info][gc             ] GC(1705) Pause Young (Allocation Failure) 175M->38M(494M) 3.682ms
[100.036s][info][gc,cpu         ] GC(1705) User=0.00s Sys=0.00s Real=0.00s
[100.127s][info][gc,start       ] GC(1706) Pause Young (Allocation Failure)
[100.130s][info][gc,heap        ] GC(1706) DefNew: 140541K(157248K)->704K(157248K) Eden: 139776K(139776K)->0K(139776K) From: 765K(17472K)->704K(17472K)
[100.130s][info][gc,heap        ] GC(1706) Tenured: 39014K(349568K)->39058K(349568K)
[100.130s][info][gc,metaspace   ] GC(1706) Metaspace: 73907K(74304K)->73907K(74304K) NonClass: 58763K(59008K)->58763K(59008K) Class: 15144K(15296K)->15144K(15296K)
[100.130s][info][gc             ] GC(1706) Pause Young (Allocation Failure) 175M->38M(494M) 3.309ms
[100.130s][info][gc,cpu         ] GC(1706) User=0.00s Sys=0.00s Real=0.00s
[100.222s][info][gc,start       ] GC(1707) Pause Young (Allocation Failure)
[100.225s][info][gc,heap        ] GC(1707) DefNew: 140480K(157248K)->656K(157248K) Eden: 139776K(139776K)->0K(139776K) From: 704K(17472K)->656K(17472K)
[100.225s][info][gc,heap        ] GC(1707) Tenured: 39058K(349568K)->39117K(349568K)
[100.225s][info][gc,metaspace   ] GC(1707) Metaspace: 73907K(74304K)->73907K(74304K) NonClass: 58763K(59008K)->58763K(59008K) Class: 15144K(15296K)->15144K(15296K)
[100.225s][info][gc             ] GC(1707) Pause Young (Allocation Failure) 175M->38M(494M) 3.376ms
[100.225s][info][gc,cpu         ] GC(1707) User=0.00s Sys=0.00s Real=0.00s
[100.319s][info][gc,start       ] GC(1708) Pause Young (Allocation Failure)
[100.322s][info][gc,heap        ] GC(1708) DefNew: 140432K(157248K)->644K(157248K) Eden: 139776K(139776K)->0K(139776K) From: 656K(17472K)->644K(17472K)
[100.322s][info][gc,heap        ] GC(1708) Tenured: 39117K(349568K)->39142K(349568K)
[100.322s][info][gc,metaspace   ] GC(1708) Metaspace: 73907K(74304K)->73907K(74304K) NonClass: 58763K(59008K)->58763K(59008K) Class: 15144K(15296K)->15144K(15296K)
[100.322s][info][gc             ] GC(1708) Pause Young (Allocation Failure) 175M->38M(494M) 3.437ms
[100.322s][info][gc,cpu         ] GC(1708) User=0.00s Sys=0.00s Real=0.00s
[100.415s][info][gc,start       ] GC(1709) Pause Young (Allocation Failure)
[100.418s][info][gc,heap        ] GC(1709) DefNew: 140420K(157248K)->584K(157248K) Eden: 139776K(139776K)->0K(139776K) From: 644K(17472K)->584K(17472K)
[100.418s][info][gc,heap        ] GC(1709) Tenured: 39142K(349568K)->39200K(349568K)
[100.418s][info][gc,metaspace   ] GC(1709) Metaspace: 73907K(74304K)->73907K(74304K) NonClass: 58763K(59008K)->58763K(59008K) Class: 15144K(15296K)->15144K(15296K)
[100.418s][info][gc             ] GC(1709) Pause Young (Allocation Failure) 175M->38M(494M) 3.208ms
[100.418s][info][gc,cpu         ] GC(1709) User=0.00s Sys=0.00s Real=0.00s
[100.511s][info][gc,start       ] GC(1710) Pause Young (Allocation Failure)
[100.514s][info][gc,heap        ] GC(1710) DefNew: 140360K(157248K)->554K(157248K) Eden: 139776K(139776K)->0K(139776K) From: 584K(17472K)->554K(17472K)
[100.514s][info][gc,heap        ] GC(1710) Tenured: 39200K(349568K)->39230K(349568K)
[100.514s][info][gc,metaspace   ] GC(1710) Metaspace: 73907K(74304K)->73907K(74304K) NonClass: 58763K(59008K)->58763K(59008K) Class: 15144K(15296K)->15144K(15296K)
[100.514s][info][gc             ] GC(1710) Pause Young (Allocation Failure) 175M->38M(494M) 3.077ms
[100.514s][info][gc,cpu         ] GC(1710) User=0.00s Sys=0.00s Real=0.00s
[100.608s][info][gc,start       ] GC(1711) Pause Young (Allocation Failure)
[100.611s][info][gc,heap        ] GC(1711) DefNew: 140330K(157248K)->561K(157248K) Eden: 139776K(139776K)->0K(139776K) From: 554K(17472K)->561K(17472K)
[100.611s][info][gc,heap        ] GC(1711) Tenured: 39230K(349568K)->39231K(349568K)
[100.611s][info][gc,metaspace   ] GC(1711) Metaspace: 73907K(74304K)->73907K(74304K) NonClass: 58763K(59008K)->58763K(59008K) Class: 15144K(15296K)->15144K(15296K)
[100.611s][info][gc             ] GC(1711) Pause Young (Allocation Failure) 175M->38M(494M) 3.081ms
[100.611s][info][gc,cpu         ] GC(1711) User=0.00s Sys=0.00s Real=0.00s
[100.703s][info][gc,start       ] GC(1712) Pause Young (Allocation Failure)
[100.706s][info][gc,heap        ] GC(1712) DefNew: 140337K(157248K)->529K(157248K) Eden: 139775K(139776K)->0K(139776K) From: 561K(17472K)->529K(17472K)
[100.706s][info][gc,heap        ] GC(1712) Tenured: 39231K(349568K)->39256K(349568K)
[100.706s][info][gc,metaspace   ] GC(1712) Metaspace: 73907K(74304K)->73907K(74304K) NonClass: 58763K(59008K)->58763K(59008K) Class: 15144K(15296K)->15144K(15296K)
[100.706s][info][gc             ] GC(1712) Pause Young (Allocation Failure) 175M->38M(494M) 3.101ms
[100.706s][info][gc,cpu         ] GC(1712) User=0.00s Sys=0.00s Real=0.00s
[100.799s][info][gc,start       ] GC(1713) Pause Young (Allocation Failure)
[100.802s][info][gc,heap        ] GC(1713) DefNew: 140305K(157248K)->521K(157248K) Eden: 139776K(139776K)->0K(139776K) From: 529K(17472K)->521K(17472K)
[100.802s][info][gc,heap        ] GC(1713) Tenured: 39256K(349568K)->39282K(349568K)
[100.802s][info][gc,metaspace   ] GC(1713) Metaspace: 73907K(74304K)->73907K(74304K) NonClass: 58763K(59008K)->58763K(59008K) Class: 15144K(15296K)->15144K(15296K)
[100.802s][info][gc             ] GC(1713) Pause Young (Allocation Failure) 175M->38M(494M) 3.075ms
[100.802s][info][gc,cpu         ] GC(1713) User=0.00s Sys=0.00s Real=0.00s
[100.894s][info][gc,start       ] GC(1714) Pause Young (Allocation Failure)
[100.897s][info][gc,heap        ] GC(1714) DefNew: 140297K(157248K)->461K(157248K) Eden: 139776K(139776K)->0K(139776K) From: 521K(17472K)->461K(17472K)
[100.897s][info][gc,heap        ] GC(1714) Tenured: 39282K(349568K)->39309K(349568K)
[100.897s][info][gc,metaspace   ] GC(1714) Metaspace: 73907K(74304K)->73907K(74304K) NonClass: 58763K(59008K)->58763K(59008K) Class: 15144K(15296K)->15144K(15296K)
[100.897s][info][gc             ] GC(1714) Pause Young (Allocation Failure) 175M->38M(494M) 2.927ms
[100.897s][info][gc,cpu         ] GC(1714) User=0.00s Sys=0.00s Real=0.00s
[100.992s][info][gc,start       ] GC(1715) Pause Young (Allocation Failure)
[100.995s][info][gc,heap        ] GC(1715) DefNew: 140237K(157248K)->416K(157248K) Eden: 139776K(139776K)->0K(139776K) From: 461K(17472K)->416K(17472K)
[100.995s][info][gc,heap        ] GC(1715) Tenured: 39309K(349568K)->39360K(349568K)
[100.995s][info][gc,metaspace   ] GC(1715) Metaspace: 73907K(74304K)->73907K(74304K) NonClass: 58763K(59008K)->58763K(59008K) Class: 15144K(15296K)->15144K(15296K)
[100.995s][info][gc             ] GC(1715) Pause Young (Allocation Failure) 175M->38M(494M) 2.973ms
[100.995s][info][gc,cpu         ] GC(1715) User=0.00s Sys=0.00s Real=0.00s
[101.025s][info][gc,start       ] GC(1716) Pause Full (System.gc())
[101.025s][info][gc,phases,start] GC(1716) Phase 1: Mark live objects
[101.069s][info][gc,phases      ] GC(1716) Phase 1: Mark live objects 43.778ms
[101.069s][info][gc,phases,start] GC(1716) Phase 2: Compute new object addresses
[101.085s][info][gc,phases      ] GC(1716) Phase 2: Compute new object addresses 15.917ms
[101.085s][info][gc,phases,start] GC(1716) Phase 3: Adjust pointers
[101.106s][info][gc,phases      ] GC(1716) Phase 3: Adjust pointers 21.172ms
[101.106s][info][gc,phases,start] GC(1716) Phase 4: Move objects
[101.107s][info][gc,phases      ] GC(1716) Phase 4: Move objects 0.763ms
[101.107s][info][gc,heap        ] GC(1716) DefNew: 24885K(157248K)->0K(157248K) Eden: 24469K(139776K)->0K(139776K) From: 416K(17472K)->0K(17472K)
[101.107s][info][gc,heap        ] GC(1716) Tenured: 39360K(349568K)->40207K(349568K)
[101.107s][info][gc,metaspace   ] GC(1716) Metaspace: 73951K(74368K)->73951K(74368K) NonClass: 58807K(59072K)->58807K(59072K) Class: 15144K(15296K)->15144K(15296K)
[101.107s][info][gc             ] GC(1716) Pause Full (System.gc()) 62M->39M(494M) 82.320ms
[101.107s][info][gc,cpu         ] GC(1716) User=0.08s Sys=0.00s Real=0.08s
[101.166s][info][gc,start       ] GC(1717) Pause Young (Allocation Failure)
[101.181s][info][gc,heap        ] GC(1717) DefNew: 139776K(157248K)->3430K(157248K) Eden: 139776K(139776K)->0K(139776K) From: 0K(17472K)->3430K(17472K)
[101.181s][info][gc,heap        ] GC(1717) Tenured: 40207K(349568K)->40207K(349568K)
[101.181s][info][gc,metaspace   ] GC(1717) Metaspace: 74132K(74496K)->74132K(74496K) NonClass: 58988K(59200K)->58988K(59200K) Class: 15144K(15296K)->15144K(15296K)
[101.181s][info][gc             ] GC(1717) Pause Young (Allocation Failure) 175M->42M(494M) 14.776ms
[101.181s][info][gc,cpu         ] GC(1717) User=0.00s Sys=0.00s Real=0.00s
[101.220s][info][gc,start       ] GC(1718) Pause Young (Allocation Failure)
[101.232s][info][gc,heap        ] GC(1718) DefNew: 143206K(157248K)->3478K(157248K) Eden: 139776K(139776K)->0K(139776K) From: 3430K(17472K)->3478K(17472K)
[101.232s][info][gc,heap        ] GC(1718) Tenured: 40207K(349568K)->40207K(349568K)
[101.232s][info][gc,metaspace   ] GC(1718) Metaspace: 74132K(74496K)->74132K(74496K) NonClass: 58988K(59200K)->58988K(59200K) Class: 15144K(15296K)->15144K(15296K)
[101.233s][info][gc             ] GC(1718) Pause Young (Allocation Failure) 179M->42M(494M) 12.723ms
[101.233s][info][gc,cpu         ] GC(1718) User=0.02s Sys=0.00s Real=0.01s
[101.273s][info][gc,start       ] GC(1719) Pause Young (Allocation Failure)
[101.287s][info][gc,heap        ] GC(1719) DefNew: 143254K(157248K)->3430K(157248K) Eden: 139776K(139776K)->0K(139776K) From: 3478K(17472K)->3430K(17472K)
[101.287s][info][gc,heap        ] GC(1719) Tenured: 40207K(349568K)->40207K(349568K)
[101.287s][info][gc,metaspace   ] GC(1719) Metaspace: 74132K(74496K)->74132K(74496K) NonClass: 58988K(59200K)->58988K(59200K) Class: 15144K(15296K)->15144K(15296K)
[101.287s][info][gc             ] GC(1719) Pause Young (Allocation Failure) 179M->42M(494M) 13.696ms
[101.287s][info][gc,cpu         ] GC(1719) User=0.00s Sys=0.00s Real=0.00s
[101.323s][info][gc,start       ] GC(1720) Pause Young (Allocation Failure)
[101.336s][info][gc,heap        ] GC(1720) DefNew: 143206K(157248K)->3491K(157248K) Eden: 139776K(139776K)->0K(139776K) From: 3430K(17472K)->3491K(17472K)
[101.336s][info][gc,heap        ] GC(1720) Tenured: 40207K(349568K)->40207K(349568K)
[101.336s][info][gc,metaspace   ] GC(1720) Metaspace: 74132K(74496K)->74132K(74496K) NonClass: 58988K(59200K)->58988K(59200K) Class: 15144K(15296K)->15144K(15296K)
[101.336s][info][gc             ] GC(1720) Pause Young (Allocation Failure) 179M->42M(494M) 12.865ms
[101.336s][info][gc,cpu         ] GC(1720) User=0.00s Sys=0.00s Real=0.00s
[101.372s][info][gc,start       ] GC(1721) Pause Young (Allocation Failure)
[101.385s][info][gc,heap        ] GC(1721) DefNew: 143267K(157248K)->3512K(157248K) Eden: 139776K(139776K)->0K(139776K) From: 3491K(17472K)->3512K(17472K)
[101.385s][info][gc,heap        ] GC(1721) Tenured: 40207K(349568K)->40207K(349568K)
[101.385s][info][gc,metaspace   ] GC(1721) Metaspace: 74132K(74496K)->74132K(74496K) NonClass: 58988K(59200K)->58988K(59200K) Class: 15144K(15296K)->15144K(15296K)
[101.385s][info][gc             ] GC(1721) Pause Young (Allocation Failure) 179M->42M(494M) 12.446ms
[101.385s][info][gc,cpu         ] GC(1721) User=0.00s Sys=0.00s Real=0.00s
[101.421s][info][gc,start       ] GC(1722) Pause Young (Allocation Failure)
[101.433s][info][gc,heap        ] GC(1722) DefNew: 143288K(157248K)->3511K(157248K) Eden: 139776K(139776K)->0K(139776K) From: 3512K(17472K)->3511K(17472K)
[101.434s][info][gc,heap        ] GC(1722) Tenured: 40207K(349568K)->40207K(349568K)
[101.434s][info][gc,metaspace   ] GC(1722) Metaspace: 74132K(74496K)->74132K(74496K) NonClass: 58988K(59200K)->58988K(59200K) Class: 15144K(15296K)->15144K(15296K)
[101.434s][info][gc             ] GC(1722) Pause Young (Allocation Failure) 179M->42M(494M) 12.492ms
[101.434s][info][gc,cpu         ] GC(1722) User=0.00s Sys=0.00s Real=0.00s
[101.471s][info][gc,start       ] GC(1723) Pause Young (Allocation Failure)
[101.483s][info][gc,heap        ] GC(1723) DefNew: 143287K(157248K)->3505K(157248K) Eden: 139776K(139776K)->0K(139776K) From: 3511K(17472K)->3505K(17472K)
[101.483s][info][gc,heap        ] GC(1723) Tenured: 40207K(349568K)->40207K(349568K)
[101.483s][info][gc,metaspace   ] GC(1723) Metaspace: 74132K(74496K)->74132K(74496K) NonClass: 58988K(59200K)->58988K(59200K) Class: 15144K(15296K)->15144K(15296K)
[101.483s][info][gc             ] GC(1723) Pause Young (Allocation Failure) 179M->42M(494M) 12.532ms
[101.483s][info][gc,cpu         ] GC(1723) User=0.00s Sys=0.00s Real=0.00s
[101.521s][info][gc,start       ] GC(1724) Pause Young (Allocation Failure)
[101.533s][info][gc,heap        ] GC(1724) DefNew: 143281K(157248K)->3465K(157248K) Eden: 139776K(139776K)->0K(139776K) From: 3505K(17472K)->3465K(17472K)
[101.533s][info][gc,heap        ] GC(1724) Tenured: 40207K(349568K)->40207K(349568K)
[101.533s][info][gc,metaspace   ] GC(1724) Metaspace: 74132K(74496K)->74132K(74496K) NonClass: 58988K(59200K)->58988K(59200K) Class: 15144K(15296K)->15144K(15296K)
[101.533s][info][gc             ] GC(1724) Pause Young (Allocation Failure) 179M->42M(494M) 12.383ms
[101.533s][info][gc,cpu         ] GC(1724) User=0.00s Sys=0.00s Real=0.00s
[101.570s][info][gc,start       ] GC(1725) Pause Young (Allocation Failure)
[101.584s][info][gc,heap        ] GC(1725) DefNew: 143241K(157248K)->3442K(157248K) Eden: 139776K(139776K)->0K(139776K) From: 3465K(17472K)->3442K(17472K)
[101.584s][info][gc,heap        ] GC(1725) Tenured: 40207K(349568K)->40207K(349568K)
[101.584s][info][gc,metaspace   ] GC(1725) Metaspace: 74132K(74496K)->74132K(74496K) NonClass: 58988K(59200K)->58988K(59200K) Class: 15144K(15296K)->15144K(15296K)
[101.584s][info][gc             ] GC(1725) Pause Young (Allocation Failure) 179M->42M(494M) 13.708ms
[101.584s][info][gc,cpu         ] GC(1725) User=0.00s Sys=0.00s Real=0.00s
[101.621s][info][gc,start       ] GC(1726) Pause Young (Allocation Failure)
[101.635s][info][gc,heap        ] GC(1726) DefNew: 143218K(157248K)->3398K(157248K) Eden: 139776K(139776K)->0K(139776K) From: 3442K(17472K)->3398K(17472K)
[101.635s][info][gc,heap        ] GC(1726) Tenured: 40207K(349568K)->40207K(349568K)
[101.635s][info][gc,metaspace   ] GC(1726) Metaspace: 74132K(74496K)->74132K(74496K) NonClass: 58988K(59200K)->58988K(59200K) Class: 15144K(15296K)->15144K(15296K)
[101.635s][info][gc             ] GC(1726) Pause Young (Allocation Failure) 179M->42M(494M) 13.484ms
[101.635s][info][gc,cpu         ] GC(1726) User=0.00s Sys=0.00s Real=0.00s
[101.672s][info][gc,start       ] GC(1727) Pause Young (Allocation Failure)
[101.684s][info][gc,heap        ] GC(1727) DefNew: 143174K(157248K)->3380K(157248K) Eden: 139776K(139776K)->0K(139776K) From: 3398K(17472K)->3380K(17472K)
[101.684s][info][gc,heap        ] GC(1727) Tenured: 40207K(349568K)->40207K(349568K)
[101.685s][info][gc,metaspace   ] GC(1727) Metaspace: 74132K(74496K)->74132K(74496K) NonClass: 58988K(59200K)->58988K(59200K) Class: 15144K(15296K)->15144K(15296K)
[101.685s][info][gc             ] GC(1727) Pause Young (Allocation Failure) 179M->42M(494M) 12.531ms
[101.685s][info][gc,cpu         ] GC(1727) User=0.00s Sys=0.00s Real=0.00s
[101.722s][info][gc,start       ] GC(1728) Pause Young (Allocation Failure)
[101.734s][info][gc,heap        ] GC(1728) DefNew: 143156K(157248K)->3424K(157248K) Eden: 139776K(139776K)->0K(139776K) From: 3380K(17472K)->3424K(17472K)
[101.734s][info][gc,heap        ] GC(1728) Tenured: 40207K(349568K)->40207K(349568K)
[101.734s][info][gc,metaspace   ] GC(1728) Metaspace: 74132K(74496K)->74132K(74496K) NonClass: 58988K(59200K)->58988K(59200K) Class: 15144K(15296K)->15144K(15296K)
[101.734s][info][gc             ] GC(1728) Pause Young (Allocation Failure) 179M->42M(494M) 12.025ms
[101.734s][info][gc,cpu         ] GC(1728) User=0.00s Sys=0.00s Real=0.00s
[101.770s][info][gc,start       ] GC(1729) Pause Young (Allocation Failure)
[101.812s][info][gc,heap        ] GC(1729) DefNew: 143200K(157248K)->3413K(157248K) Eden: 139776K(139776K)->0K(139776K) From: 3424K(17472K)->3413K(17472K)
[101.812s][info][gc,heap        ] GC(1729) Tenured: 40207K(349568K)->40207K(349568K)
[101.812s][info][gc,metaspace   ] GC(1729) Metaspace: 74132K(74496K)->74132K(74496K) NonClass: 58988K(59200K)->58988K(59200K) Class: 15144K(15296K)->15144K(15296K)
[101.812s][info][gc             ] GC(1729) Pause Young (Allocation Failure) 179M->42M(494M) 41.930ms
[101.812s][info][gc,cpu         ] GC(1729) User=0.02s Sys=0.00s Real=0.03s
[101.857s][info][gc,start       ] GC(1730) Pause Young (Allocation Failure)
[101.869s][info][gc,heap        ] GC(1730) DefNew: 143189K(157248K)->3369K(157248K) Eden: 139776K(139776K)->0K(139776K) From: 3413K(17472K)->3369K(17472K)
[101.869s][info][gc,heap        ] GC(1730) Tenured: 40207K(349568K)->40207K(349568K)
[101.869s][info][gc,metaspace   ] GC(1730) Metaspace: 74132K(74496K)->74132K(74496K) NonClass: 58988K(59200K)->58988K(59200K) Class: 15144K(15296K)->15144K(15296K)
[101.869s][info][gc             ] GC(1730) Pause Young (Allocation Failure) 179M->42M(494M) 11.913ms
[101.869s][info][gc,cpu         ] GC(1730) User=0.00s Sys=0.00s Real=0.00s
[101.905s][info][gc,start       ] GC(1731) Pause Young (Allocation Failure)
[101.918s][info][gc,heap        ] GC(1731) DefNew: 143145K(157248K)->3466K(157248K) Eden: 139776K(139776K)->0K(139776K) From: 3369K(17472K)->3466K(17472K)
[101.918s][info][gc,heap        ] GC(1731) Tenured: 40207K(349568K)->40207K(349568K)
[101.918s][info][gc,metaspace   ] GC(1731) Metaspace: 74132K(74496K)->74132K(74496K) NonClass: 58988K(59200K)->58988K(59200K) Class: 15144K(15296K)->15144K(15296K)
[101.918s][info][gc             ] GC(1731) Pause Young (Allocation Failure) 179M->42M(494M) 12.399ms
[101.918s][info][gc,cpu         ] GC(1731) User=0.00s Sys=0.00s Real=0.00s
[101.954s][info][gc,start       ] GC(1732) Pause Young (Allocation Failure)
[101.967s][info][gc,heap        ] GC(1732) DefNew: 143242K(157248K)->1408K(157248K) Eden: 139776K(139776K)->0K(139776K) From: 3466K(17472K)->1408K(17472K)
[101.967s][info][gc,heap        ] GC(1732) Tenured: 40207K(349568K)->42224K(349568K)
[101.967s][info][gc,metaspace   ] GC(1732) Metaspace: 74132K(74496K)->74132K(74496K) NonClass: 58988K(59200K)->58988K(59200K) Class: 15144K(15296K)->15144K(15296K)
[101.967s][info][gc             ] GC(1732) Pause Young (Allocation Failure) 179M->42M(494M) 12.582ms
[101.967s][info][gc,cpu         ] GC(1732) User=0.00s Sys=0.00s Real=0.00s
[102.004s][info][gc,start       ] GC(1733) Pause Young (Allocation Failure)
[102.012s][info][gc,heap        ] GC(1733) DefNew: 141184K(157248K)->1384K(157248K) Eden: 139776K(139776K)->0K(139776K) From: 1408K(17472K)->1384K(17472K)
[102.012s][info][gc,heap        ] GC(1733) Tenured: 42224K(349568K)->42246K(349568K)
[102.012s][info][gc,metaspace   ] GC(1733) Metaspace: 74132K(74496K)->74132K(74496K) NonClass: 58988K(59200K)->58988K(59200K) Class: 15144K(15296K)->15144K(15296K)
[102.012s][info][gc             ] GC(1733) Pause Young (Allocation Failure) 179M->42M(494M) 8.373ms
[102.012s][info][gc,cpu         ] GC(1733) User=0.00s Sys=0.00s Real=0.00s
[102.048s][info][gc,start       ] GC(1734) Pause Young (Allocation Failure)
[102.057s][info][gc,heap        ] GC(1734) DefNew: 141160K(157248K)->1348K(157248K) Eden: 139776K(139776K)->0K(139776K) From: 1384K(17472K)->1348K(17472K)
[102.057s][info][gc,heap        ] GC(1734) Tenured: 42246K(349568K)->42250K(349568K)
[102.057s][info][gc,metaspace   ] GC(1734) Metaspace: 74132K(74496K)->74132K(74496K) NonClass: 58988K(59200K)->58988K(59200K) Class: 15144K(15296K)->15144K(15296K)
[102.057s][info][gc             ] GC(1734) Pause Young (Allocation Failure) 179M->42M(494M) 8.840ms
[102.057s][info][gc,cpu         ] GC(1734) User=0.00s Sys=0.00s Real=0.00s
[102.092s][info][gc,start       ] GC(1735) Pause Young (Allocation Failure)
[102.101s][info][gc,heap        ] GC(1735) DefNew: 141124K(157248K)->1418K(157248K) Eden: 139776K(139776K)->0K(139776K) From: 1348K(17472K)->1418K(17472K)
[102.101s][info][gc,heap        ] GC(1735) Tenured: 42250K(349568K)->42250K(349568K)
[102.101s][info][gc,metaspace   ] GC(1735) Metaspace: 74132K(74496K)->74132K(74496K) NonClass: 58988K(59200K)->58988K(59200K) Class: 15144K(15296K)->15144K(15296K)
[102.101s][info][gc             ] GC(1735) Pause Young (Allocation Failure) 179M->42M(494M) 8.783ms
[102.101s][info][gc,cpu         ] GC(1735) User=0.00s Sys=0.00s Real=0.00s
[102.136s][info][gc,start       ] GC(1736) Pause Young (Allocation Failure)
[102.145s][info][gc,heap        ] GC(1736) DefNew: 141194K(157248K)->1371K(157248K) Eden: 139776K(139776K)->0K(139776K) From: 1418K(17472K)->1371K(17472K)
[102.145s][info][gc,heap        ] GC(1736) Tenured: 42250K(349568K)->42250K(349568K)
[102.145s][info][gc,metaspace   ] GC(1736) Metaspace: 74132K(74496K)->74132K(74496K) NonClass: 58988K(59200K)->58988K(59200K) Class: 15144K(15296K)->15144K(15296K)
[102.145s][info][gc             ] GC(1736) Pause Young (Allocation Failure) 179M->42M(494M) 8.955ms
[102.145s][info][gc,cpu         ] GC(1736) User=0.00s Sys=0.00s Real=0.00s
[102.181s][info][gc,start       ] GC(1737) Pause Young (Allocation Failure)
[102.190s][info][gc,heap        ] GC(1737) DefNew: 141147K(157248K)->1406K(157248K) Eden: 139776K(139776K)->0K(139776K) From: 1371K(17472K)->1406K(17472K)
[102.190s][info][gc,heap        ] GC(1737) Tenured: 42250K(349568K)->42250K(349568K)
[102.190s][info][gc,metaspace   ] GC(1737) Metaspace: 74132K(74496K)->74132K(74496K) NonClass: 58988K(59200K)->58988K(59200K) Class: 15144K(15296K)->15144K(15296K)
[102.190s][info][gc             ] GC(1737) Pause Young (Allocation Failure) 179M->42M(494M) 8.654ms
[102.190s][info][gc,cpu         ] GC(1737) User=0.00s Sys=0.00s Real=0.00s
[102.225s][info][gc,start       ] GC(1738) Pause Young (Allocation Failure)
[102.235s][info][gc,heap        ] GC(1738) DefNew: 141182K(157248K)->1487K(157248K) Eden: 139776K(139776K)->0K(139776K) From: 1406K(17472K)->1487K(17472K)
[102.235s][info][gc,heap        ] GC(1738) Tenured: 42250K(349568K)->42250K(349568K)
[102.235s][info][gc,metaspace   ] GC(1738) Metaspace: 74132K(74496K)->74132K(74496K) NonClass: 58988K(59200K)->58988K(59200K) Class: 15144K(15296K)->15144K(15296K)
[102.235s][info][gc             ] GC(1738) Pause Young (Allocation Failure) 179M->42M(494M) 9.594ms
[102.235s][info][gc,cpu         ] GC(1738) User=0.00s Sys=0.00s Real=0.00s
[102.271s][info][gc,start       ] GC(1739) Pause Young (Allocation Failure)
[102.280s][info][gc,heap        ] GC(1739) DefNew: 141263K(157248K)->1441K(157248K) Eden: 139776K(139776K)->0K(139776K) From: 1487K(17472K)->1441K(17472K)
[102.280s][info][gc,heap        ] GC(1739) Tenured: 42250K(349568K)->42250K(349568K)
[102.280s][info][gc,metaspace   ] GC(1739) Metaspace: 74132K(74496K)->74132K(74496K) NonClass: 58988K(59200K)->58988K(59200K) Class: 15144K(15296K)->15144K(15296K)
[102.280s][info][gc             ] GC(1739) Pause Young (Allocation Failure) 179M->42M(494M) 8.931ms
[102.280s][info][gc,cpu         ] GC(1739) User=0.00s Sys=0.00s Real=0.00s
[102.316s][info][gc,start       ] GC(1740) Pause Young (Allocation Failure)
[102.325s][info][gc,heap        ] GC(1740) DefNew: 141217K(157248K)->1406K(157248K) Eden: 139775K(139776K)->0K(139776K) From: 1441K(17472K)->1406K(17472K)
[102.325s][info][gc,heap        ] GC(1740) Tenured: 42250K(349568K)->42251K(349568K)
[102.325s][info][gc,metaspace   ] GC(1740) Metaspace: 74132K(74496K)->74132K(74496K) NonClass: 58988K(59200K)->58988K(59200K) Class: 15144K(15296K)->15144K(15296K)
[102.325s][info][gc             ] GC(1740) Pause Young (Allocation Failure) 179M->42M(494M) 9.088ms
[102.325s][info][gc,cpu         ] GC(1740) User=0.00s Sys=0.00s Real=0.00s
[102.360s][info][gc,start       ] GC(1741) Pause Young (Allocation Failure)
[102.369s][info][gc,heap        ] GC(1741) DefNew: 141182K(157248K)->1361K(157248K) Eden: 139776K(139776K)->0K(139776K) From: 1406K(17472K)->1361K(17472K)
[102.369s][info][gc,heap        ] GC(1741) Tenured: 42251K(349568K)->42251K(349568K)
[102.369s][info][gc,metaspace   ] GC(1741) Metaspace: 74132K(74496K)->74132K(74496K) NonClass: 58988K(59200K)->58988K(59200K) Class: 15144K(15296K)->15144K(15296K)
[102.369s][info][gc             ] GC(1741) Pause Young (Allocation Failure) 179M->42M(494M) 8.959ms
[102.369s][info][gc,cpu         ] GC(1741) User=0.00s Sys=0.00s Real=0.00s
[102.405s][info][gc,start       ] GC(1742) Pause Young (Allocation Failure)
[102.414s][info][gc,heap        ] GC(1742) DefNew: 141137K(157248K)->1464K(157248K) Eden: 139776K(139776K)->0K(139776K) From: 1361K(17472K)->1464K(17472K)
[102.414s][info][gc,heap        ] GC(1742) Tenured: 42251K(349568K)->42251K(349568K)
[102.414s][info][gc,metaspace   ] GC(1742) Metaspace: 74132K(74496K)->74132K(74496K) NonClass: 58988K(59200K)->58988K(59200K) Class: 15144K(15296K)->15144K(15296K)
[102.414s][info][gc             ] GC(1742) Pause Young (Allocation Failure) 179M->42M(494M) 9.050ms
[102.414s][info][gc,cpu         ] GC(1742) User=0.02s Sys=0.00s Real=0.01s
[102.449s][info][gc,start       ] GC(1743) Pause Young (Allocation Failure)
[102.457s][info][gc,heap        ] GC(1743) DefNew: 141240K(157248K)->1395K(157248K) Eden: 139776K(139776K)->0K(139776K) From: 1464K(17472K)->1395K(17472K)
[102.458s][info][gc,heap        ] GC(1743) Tenured: 42251K(349568K)->42251K(349568K)
[102.458s][info][gc,metaspace   ] GC(1743) Metaspace: 74132K(74496K)->74132K(74496K) NonClass: 58988K(59200K)->58988K(59200K) Class: 15144K(15296K)->15144K(15296K)
[102.458s][info][gc             ] GC(1743) Pause Young (Allocation Failure) 179M->42M(494M) 8.194ms
[102.458s][info][gc,cpu         ] GC(1743) User=0.00s Sys=0.00s Real=0.00s
[102.493s][info][gc,start       ] GC(1744) Pause Young (Allocation Failure)
[102.501s][info][gc,heap        ] GC(1744) DefNew: 141171K(157248K)->1419K(157248K) Eden: 139776K(139776K)->0K(139776K) From: 1395K(17472K)->1419K(17472K)
[102.501s][info][gc,heap        ] GC(1744) Tenured: 42251K(349568K)->42251K(349568K)
[102.501s][info][gc,metaspace   ] GC(1744) Metaspace: 74132K(74496K)->74132K(74496K) NonClass: 58988K(59200K)->58988K(59200K) Class: 15144K(15296K)->15144K(15296K)
[102.501s][info][gc             ] GC(1744) Pause Young (Allocation Failure) 179M->42M(494M) 8.370ms
[102.501s][info][gc,cpu         ] GC(1744) User=0.00s Sys=0.00s Real=0.00s
[102.537s][info][gc,start       ] GC(1745) Pause Young (Allocation Failure)
[102.546s][info][gc,heap        ] GC(1745) DefNew: 141195K(157248K)->1523K(157248K) Eden: 139776K(139776K)->0K(139776K) From: 1419K(17472K)->1523K(17472K)
[102.546s][info][gc,heap        ] GC(1745) Tenured: 42251K(349568K)->42251K(349568K)
[102.546s][info][gc,metaspace   ] GC(1745) Metaspace: 74132K(74496K)->74132K(74496K) NonClass: 58988K(59200K)->58988K(59200K) Class: 15144K(15296K)->15144K(15296K)
[102.546s][info][gc             ] GC(1745) Pause Young (Allocation Failure) 179M->42M(494M) 8.743ms
[102.546s][info][gc,cpu         ] GC(1745) User=0.00s Sys=0.00s Real=0.00s
[102.581s][info][gc,start       ] GC(1746) Pause Young (Allocation Failure)
[102.590s][info][gc,heap        ] GC(1746) DefNew: 141299K(157248K)->1455K(157248K) Eden: 139776K(139776K)->0K(139776K) From: 1523K(17472K)->1455K(17472K)
[102.590s][info][gc,heap        ] GC(1746) Tenured: 42251K(349568K)->42251K(349568K)
[102.590s][info][gc,metaspace   ] GC(1746) Metaspace: 74132K(74496K)->74132K(74496K) NonClass: 58988K(59200K)->58988K(59200K) Class: 15144K(15296K)->15144K(15296K)
[102.590s][info][gc             ] GC(1746) Pause Young (Allocation Failure) 179M->42M(494M) 8.531ms
[102.590s][info][gc,cpu         ] GC(1746) User=0.02s Sys=0.00s Real=0.01s
[102.626s][info][gc,start       ] GC(1747) Pause Young (Allocation Failure)
[102.634s][info][gc,heap        ] GC(1747) DefNew: 141231K(157248K)->1398K(157248K) Eden: 139776K(139776K)->0K(139776K) From: 1455K(17472K)->1398K(17472K)
[102.634s][info][gc,heap        ] GC(1747) Tenured: 42251K(349568K)->42251K(349568K)
[102.634s][info][gc,metaspace   ] GC(1747) Metaspace: 74132K(74496K)->74132K(74496K) NonClass: 58988K(59200K)->58988K(59200K) Class: 15144K(15296K)->15144K(15296K)
[102.634s][info][gc             ] GC(1747) Pause Young (Allocation Failure) 179M->42M(494M) 8.134ms
[102.634s][info][gc,cpu         ] GC(1747) User=0.00s Sys=0.00s Real=0.00s
[102.669s][info][gc,start       ] GC(1748) Pause Young (Allocation Failure)
[102.679s][info][gc,heap        ] GC(1748) DefNew: 141174K(157248K)->1522K(157248K) Eden: 139776K(139776K)->0K(139776K) From: 1398K(17472K)->1522K(17472K)
[102.679s][info][gc,heap        ] GC(1748) Tenured: 42251K(349568K)->42251K(349568K)
[102.679s][info][gc,metaspace   ] GC(1748) Metaspace: 74132K(74496K)->74132K(74496K) NonClass: 58988K(59200K)->58988K(59200K) Class: 15144K(15296K)->15144K(15296K)
[102.679s][info][gc             ] GC(1748) Pause Young (Allocation Failure) 179M->42M(494M) 9.521ms
[102.679s][info][gc,cpu         ] GC(1748) User=0.00s Sys=0.00s Real=0.00s
[102.715s][info][gc,start       ] GC(1749) Pause Young (Allocation Failure)
[102.723s][info][gc,heap        ] GC(1749) DefNew: 141298K(157248K)->1464K(157248K) Eden: 139776K(139776K)->0K(139776K) From: 1522K(17472K)->1464K(17472K)
[102.723s][info][gc,heap        ] GC(1749) Tenured: 42251K(349568K)->42251K(349568K)
[102.723s][info][gc,metaspace   ] GC(1749) Metaspace: 74132K(74496K)->74132K(74496K) NonClass: 58988K(59200K)->58988K(59200K) Class: 15144K(15296K)->15144K(15296K)
[102.724s][info][gc             ] GC(1749) Pause Young (Allocation Failure) 179M->42M(494M) 9.007ms
[102.724s][info][gc,cpu         ] GC(1749) User=0.00s Sys=0.00s Real=0.00s
[102.759s][info][gc,start       ] GC(1750) Pause Young (Allocation Failure)
[102.769s][info][gc,heap        ] GC(1750) DefNew: 141240K(157248K)->1483K(157248K) Eden: 139776K(139776K)->0K(139776K) From: 1464K(17472K)->1483K(17472K)
[102.769s][info][gc,heap        ] GC(1750) Tenured: 42251K(349568K)->42252K(349568K)
[102.769s][info][gc,metaspace   ] GC(1750) Metaspace: 74132K(74496K)->74132K(74496K) NonClass: 58988K(59200K)->58988K(59200K) Class: 15144K(15296K)->15144K(15296K)
[102.769s][info][gc             ] GC(1750) Pause Young (Allocation Failure) 179M->42M(494M) 9.229ms
[102.769s][info][gc,cpu         ] GC(1750) User=0.00s Sys=0.00s Real=0.00s
[102.805s][info][gc,start       ] GC(1751) Pause Young (Allocation Failure)
[102.814s][info][gc,heap        ] GC(1751) DefNew: 141259K(157248K)->1414K(157248K) Eden: 139776K(139776K)->0K(139776K) From: 1483K(17472K)->1414K(17472K)
[102.814s][info][gc,heap        ] GC(1751) Tenured: 42252K(349568K)->42252K(349568K)
[102.814s][info][gc,metaspace   ] GC(1751) Metaspace: 74132K(74496K)->74132K(74496K) NonClass: 58988K(59200K)->58988K(59200K) Class: 15144K(15296K)->15144K(15296K)
[102.814s][info][gc             ] GC(1751) Pause Young (Allocation Failure) 179M->42M(494M) 9.159ms
[102.814s][info][gc,cpu         ] GC(1751) User=0.00s Sys=0.00s Real=0.00s
[102.850s][info][gc,start       ] GC(1752) Pause Young (Allocation Failure)
[102.858s][info][gc,heap        ] GC(1752) DefNew: 141190K(157248K)->1417K(157248K) Eden: 139776K(139776K)->0K(139776K) From: 1414K(17472K)->1417K(17472K)
[102.858s][info][gc,heap        ] GC(1752) Tenured: 42252K(349568K)->42253K(349568K)
[102.858s][info][gc,metaspace   ] GC(1752) Metaspace: 74132K(74496K)->74132K(74496K) NonClass: 58988K(59200K)->58988K(59200K) Class: 15144K(15296K)->15144K(15296K)
[102.858s][info][gc             ] GC(1752) Pause Young (Allocation Failure) 179M->42M(494M) 8.451ms
[102.858s][info][gc,cpu         ] GC(1752) User=0.00s Sys=0.00s Real=0.00s
[102.894s][info][gc,start       ] GC(1753) Pause Young (Allocation Failure)
[102.902s][info][gc,heap        ] GC(1753) DefNew: 141193K(157248K)->1441K(157248K) Eden: 139776K(139776K)->0K(139776K) From: 1417K(17472K)->1441K(17472K)
[102.902s][info][gc,heap        ] GC(1753) Tenured: 42253K(349568K)->42273K(349568K)
[102.902s][info][gc,metaspace   ] GC(1753) Metaspace: 74132K(74496K)->74132K(74496K) NonClass: 58988K(59200K)->58988K(59200K) Class: 15144K(15296K)->15144K(15296K)
[102.902s][info][gc             ] GC(1753) Pause Young (Allocation Failure) 179M->42M(494M) 8.521ms
[102.902s][info][gc,cpu         ] GC(1753) User=0.00s Sys=0.00s Real=0.00s
[102.938s][info][gc,start       ] GC(1754) Pause Young (Allocation Failure)
[102.946s][info][gc,heap        ] GC(1754) DefNew: 141217K(157248K)->1403K(157248K) Eden: 139776K(139776K)->0K(139776K) From: 1441K(17472K)->1403K(17472K)
[102.946s][info][gc,heap        ] GC(1754) Tenured: 42273K(349568K)->42274K(349568K)
[102.946s][info][gc,metaspace   ] GC(1754) Metaspace: 74132K(74496K)->74132K(74496K) NonClass: 58988K(59200K)->58988K(59200K) Class: 15144K(15296K)->15144K(15296K)
[102.946s][info][gc             ] GC(1754) Pause Young (Allocation Failure) 179M->42M(494M) 8.235ms
[102.946s][info][gc,cpu         ] GC(1754) User=0.00s Sys=0.00s Real=0.00s
[102.981s][info][gc,start       ] GC(1755) Pause Young (Allocation Failure)
[102.989s][info][gc,heap        ] GC(1755) DefNew: 141179K(157248K)->1433K(157248K) Eden: 139776K(139776K)->0K(139776K) From: 1403K(17472K)->1433K(17472K)
[102.989s][info][gc,heap        ] GC(1755) Tenured: 42274K(349568K)->42275K(349568K)
[102.989s][info][gc,metaspace   ] GC(1755) Metaspace: 74132K(74496K)->74132K(74496K) NonClass: 58988K(59200K)->58988K(59200K) Class: 15144K(15296K)->15144K(15296K)
[102.990s][info][gc             ] GC(1755) Pause Young (Allocation Failure) 179M->42M(494M) 8.392ms
[102.990s][info][gc,cpu         ] GC(1755) User=0.00s Sys=0.00s Real=0.00s
[103.025s][info][gc,start       ] GC(1756) Pause Young (Allocation Failure)
[103.033s][info][gc,heap        ] GC(1756) DefNew: 141209K(157248K)->1467K(157248K) Eden: 139776K(139776K)->0K(139776K) From: 1433K(17472K)->1467K(17472K)
[103.033s][info][gc,heap        ] GC(1756) Tenured: 42275K(349568K)->42275K(349568K)
[103.033s][info][gc,metaspace   ] GC(1756) Metaspace: 74132K(74496K)->74132K(74496K) NonClass: 58988K(59200K)->58988K(59200K) Class: 15144K(15296K)->15144K(15296K)
[103.033s][info][gc             ] GC(1756) Pause Young (Allocation Failure) 179M->42M(494M) 8.689ms
[103.034s][info][gc,cpu         ] GC(1756) User=0.00s Sys=0.00s Real=0.01s
[103.069s][info][gc,start       ] GC(1757) Pause Young (Allocation Failure)
[103.077s][info][gc,heap        ] GC(1757) DefNew: 141243K(157248K)->1390K(157248K) Eden: 139776K(139776K)->0K(139776K) From: 1467K(17472K)->1390K(17472K)
[103.077s][info][gc,heap        ] GC(1757) Tenured: 42275K(349568K)->42276K(349568K)
[103.077s][info][gc,metaspace   ] GC(1757) Metaspace: 74132K(74496K)->74132K(74496K) NonClass: 58988K(59200K)->58988K(59200K) Class: 15144K(15296K)->15144K(15296K)
[103.077s][info][gc             ] GC(1757) Pause Young (Allocation Failure) 179M->42M(494M) 8.208ms
[103.077s][info][gc,cpu         ] GC(1757) User=0.02s Sys=0.00s Real=0.00s
[103.112s][info][gc,start       ] GC(1758) Pause Young (Allocation Failure)
[103.121s][info][gc,heap        ] GC(1758) DefNew: 141166K(157248K)->1426K(157248K) Eden: 139776K(139776K)->0K(139776K) From: 1390K(17472K)->1426K(17472K)
[103.121s][info][gc,heap        ] GC(1758) Tenured: 42276K(349568K)->42276K(349568K)
[103.121s][info][gc,metaspace   ] GC(1758) Metaspace: 74132K(74496K)->74132K(74496K) NonClass: 58988K(59200K)->58988K(59200K) Class: 15144K(15296K)->15144K(15296K)
[103.121s][info][gc             ] GC(1758) Pause Young (Allocation Failure) 179M->42M(494M) 8.284ms
[103.121s][info][gc,cpu         ] GC(1758) User=0.00s Sys=0.00s Real=0.00s
[103.156s][info][gc,start       ] GC(1759) Pause Young (Allocation Failure)
[103.177s][info][gc,heap        ] GC(1759) DefNew: 141202K(157248K)->1398K(157248K) Eden: 139776K(139776K)->0K(139776K) From: 1426K(17472K)->1398K(17472K)
[103.177s][info][gc,heap        ] GC(1759) Tenured: 42276K(349568K)->42297K(349568K)
[103.177s][info][gc,metaspace   ] GC(1759) Metaspace: 74132K(74496K)->74132K(74496K) NonClass: 58988K(59200K)->58988K(59200K) Class: 15144K(15296K)->15144K(15296K)
[103.178s][info][gc             ] GC(1759) Pause Young (Allocation Failure) 179M->42M(494M) 21.805ms
[103.178s][info][gc,cpu         ] GC(1759) User=0.02s Sys=0.00s Real=0.02s
[103.217s][info][gc,start       ] GC(1760) Pause Young (Allocation Failure)
[103.226s][info][gc,heap        ] GC(1760) DefNew: 141174K(157248K)->1479K(157248K) Eden: 139776K(139776K)->0K(139776K) From: 1398K(17472K)->1479K(17472K)
[103.226s][info][gc,heap        ] GC(1760) Tenured: 42297K(349568K)->42319K(349568K)
[103.226s][info][gc,metaspace   ] GC(1760) Metaspace: 74132K(74496K)->74132K(74496K) NonClass: 58988K(59200K)->58988K(59200K) Class: 15144K(15296K)->15144K(15296K)
[103.226s][info][gc             ] GC(1760) Pause Young (Allocation Failure) 179M->42M(494M) 9.651ms
[103.226s][info][gc,cpu         ] GC(1760) User=0.00s Sys=0.00s Real=0.00s
[103.262s][info][gc,start       ] GC(1761) Pause Young (Allocation Failure)
[103.271s][info][gc,heap        ] GC(1761) DefNew: 141255K(157248K)->1434K(157248K) Eden: 139776K(139776K)->0K(139776K) From: 1479K(17472K)->1434K(17472K)
[103.271s][info][gc,heap        ] GC(1761) Tenured: 42319K(349568K)->42319K(349568K)
[103.271s][info][gc,metaspace   ] GC(1761) Metaspace: 74132K(74496K)->74132K(74496K) NonClass: 58988K(59200K)->58988K(59200K) Class: 15144K(15296K)->15144K(15296K)
[103.271s][info][gc             ] GC(1761) Pause Young (Allocation Failure) 179M->42M(494M) 8.907ms
[103.271s][info][gc,cpu         ] GC(1761) User=0.00s Sys=0.00s Real=0.00s
[103.307s][info][gc,start       ] GC(1762) Pause Young (Allocation Failure)
[103.315s][info][gc,heap        ] GC(1762) DefNew: 141210K(157248K)->1450K(157248K) Eden: 139776K(139776K)->0K(139776K) From: 1434K(17472K)->1450K(17472K)
[103.315s][info][gc,heap        ] GC(1762) Tenured: 42319K(349568K)->42319K(349568K)
[103.315s][info][gc,metaspace   ] GC(1762) Metaspace: 74132K(74496K)->74132K(74496K) NonClass: 58988K(59200K)->58988K(59200K) Class: 15144K(15296K)->15144K(15296K)
[103.315s][info][gc             ] GC(1762) Pause Young (Allocation Failure) 179M->42M(494M) 8.565ms
[103.315s][info][gc,cpu         ] GC(1762) User=0.00s Sys=0.00s Real=0.00s
[103.351s][info][gc,start       ] GC(1763) Pause Young (Allocation Failure)
[103.359s][info][gc,heap        ] GC(1763) DefNew: 141226K(157248K)->1361K(157248K) Eden: 139776K(139776K)->0K(139776K) From: 1450K(17472K)->1361K(17472K)
[103.359s][info][gc,heap        ] GC(1763) Tenured: 42319K(349568K)->42319K(349568K)
[103.359s][info][gc,metaspace   ] GC(1763) Metaspace: 74132K(74496K)->74132K(74496K) NonClass: 58988K(59200K)->58988K(59200K) Class: 15144K(15296K)->15144K(15296K)
[103.359s][info][gc             ] GC(1763) Pause Young (Allocation Failure) 179M->42M(494M) 8.316ms
[103.359s][info][gc,cpu         ] GC(1763) User=0.00s Sys=0.00s Real=0.01s
[103.395s][info][gc,start       ] GC(1764) Pause Young (Allocation Failure)
[103.403s][info][gc,heap        ] GC(1764) DefNew: 141137K(157248K)->1426K(157248K) Eden: 139776K(139776K)->0K(139776K) From: 1361K(17472K)->1426K(17472K)
[103.403s][info][gc,heap        ] GC(1764) Tenured: 42319K(349568K)->42319K(349568K)
[103.403s][info][gc,metaspace   ] GC(1764) Metaspace: 74132K(74496K)->74132K(74496K) NonClass: 58988K(59200K)->58988K(59200K) Class: 15144K(15296K)->15144K(15296K)
[103.403s][info][gc             ] GC(1764) Pause Young (Allocation Failure) 179M->42M(494M) 8.465ms
[103.403s][info][gc,cpu         ] GC(1764) User=0.00s Sys=0.00s Real=0.00s
[103.439s][info][gc,start       ] GC(1765) Pause Young (Allocation Failure)
[103.448s][info][gc,heap        ] GC(1765) DefNew: 141202K(157248K)->1430K(157248K) Eden: 139776K(139776K)->0K(139776K) From: 1426K(17472K)->1430K(17472K)
[103.448s][info][gc,heap        ] GC(1765) Tenured: 42319K(349568K)->42319K(349568K)
[103.448s][info][gc,metaspace   ] GC(1765) Metaspace: 74132K(74496K)->74132K(74496K) NonClass: 58988K(59200K)->58988K(59200K) Class: 15144K(15296K)->15144K(15296K)
[103.448s][info][gc             ] GC(1765) Pause Young (Allocation Failure) 179M->42M(494M) 9.406ms
[103.448s][info][gc,cpu         ] GC(1765) User=0.02s Sys=0.00s Real=0.01s
[103.484s][info][gc,start       ] GC(1766) Pause Young (Allocation Failure)
[103.492s][info][gc,heap        ] GC(1766) DefNew: 141206K(157248K)->1385K(157248K) Eden: 139776K(139776K)->0K(139776K) From: 1430K(17472K)->1385K(17472K)
[103.492s][info][gc,heap        ] GC(1766) Tenured: 42319K(349568K)->42320K(349568K)
[103.492s][info][gc,metaspace   ] GC(1766) Metaspace: 74132K(74496K)->74132K(74496K) NonClass: 58988K(59200K)->58988K(59200K) Class: 15144K(15296K)->15144K(15296K)
[103.492s][info][gc             ] GC(1766) Pause Young (Allocation Failure) 179M->42M(494M) 8.635ms
[103.493s][info][gc,cpu         ] GC(1766) User=0.00s Sys=0.00s Real=0.00s
[103.528s][info][gc,start       ] GC(1767) Pause Young (Allocation Failure)
[103.536s][info][gc,heap        ] GC(1767) DefNew: 141161K(157248K)->1405K(157248K) Eden: 139776K(139776K)->0K(139776K) From: 1385K(17472K)->1405K(17472K)
[103.536s][info][gc,heap        ] GC(1767) Tenured: 42320K(349568K)->42320K(349568K)
[103.536s][info][gc,metaspace   ] GC(1767) Metaspace: 74132K(74496K)->74132K(74496K) NonClass: 58988K(59200K)->58988K(59200K) Class: 15144K(15296K)->15144K(15296K)
[103.536s][info][gc             ] GC(1767) Pause Young (Allocation Failure) 179M->42M(494M) 8.326ms
[103.536s][info][gc,cpu         ] GC(1767) User=0.00s Sys=0.00s Real=0.00s
[103.572s][info][gc,start       ] GC(1768) Pause Young (Allocation Failure)
[103.581s][info][gc,heap        ] GC(1768) DefNew: 141181K(157248K)->1415K(157248K) Eden: 139776K(139776K)->0K(139776K) From: 1405K(17472K)->1415K(17472K)
[103.581s][info][gc,heap        ] GC(1768) Tenured: 42320K(349568K)->42320K(349568K)
[103.581s][info][gc,metaspace   ] GC(1768) Metaspace: 74132K(74496K)->74132K(74496K) NonClass: 58988K(59200K)->58988K(59200K) Class: 15144K(15296K)->15144K(15296K)
[103.581s][info][gc             ] GC(1768) Pause Young (Allocation Failure) 179M->42M(494M) 9.229ms
[103.581s][info][gc,cpu         ] GC(1768) User=0.00s Sys=0.00s Real=0.00s
[103.617s][info][gc,start       ] GC(1769) Pause Young (Allocation Failure)
[103.625s][info][gc,heap        ] GC(1769) DefNew: 141191K(157248K)->1402K(157248K) Eden: 139776K(139776K)->0K(139776K) From: 1415K(17472K)->1402K(17472K)
[103.625s][info][gc,heap        ] GC(1769) Tenured: 42320K(349568K)->42320K(349568K)
[103.625s][info][gc,metaspace   ] GC(1769) Metaspace: 74132K(74496K)->74132K(74496K) NonClass: 58988K(59200K)->58988K(59200K) Class: 15144K(15296K)->15144K(15296K)
[103.625s][info][gc             ] GC(1769) Pause Young (Allocation Failure) 179M->42M(494M) 8.756ms
[103.625s][info][gc,cpu         ] GC(1769) User=0.02s Sys=0.00s Real=0.01s
[103.661s][info][gc,start       ] GC(1770) Pause Young (Allocation Failure)
[103.669s][info][gc,heap        ] GC(1770) DefNew: 141178K(157248K)->1375K(157248K) Eden: 139776K(139776K)->0K(139776K) From: 1402K(17472K)->1375K(17472K)
[103.669s][info][gc,heap        ] GC(1770) Tenured: 42320K(349568K)->42320K(349568K)
[103.669s][info][gc,metaspace   ] GC(1770) Metaspace: 74132K(74496K)->74132K(74496K) NonClass: 58988K(59200K)->58988K(59200K) Class: 15144K(15296K)->15144K(15296K)
[103.669s][info][gc             ] GC(1770) Pause Young (Allocation Failure) 179M->42M(494M) 8.231ms
[103.669s][info][gc,cpu         ] GC(1770) User=0.00s Sys=0.00s Real=0.00s
[103.705s][info][gc,start       ] GC(1771) Pause Young (Allocation Failure)
[103.713s][info][gc,heap        ] GC(1771) DefNew: 141151K(157248K)->1441K(157248K) Eden: 139776K(139776K)->0K(139776K) From: 1375K(17472K)->1441K(17472K)
[103.713s][info][gc,heap        ] GC(1771) Tenured: 42320K(349568K)->42321K(349568K)
[103.713s][info][gc,metaspace   ] GC(1771) Metaspace: 74132K(74496K)->74132K(74496K) NonClass: 58988K(59200K)->58988K(59200K) Class: 15144K(15296K)->15144K(15296K)
[103.713s][info][gc             ] GC(1771) Pause Young (Allocation Failure) 179M->42M(494M) 8.570ms
[103.713s][info][gc,cpu         ] GC(1771) User=0.00s Sys=0.00s Real=0.00s
[103.748s][info][gc,start       ] GC(1772) Pause Young (Allocation Failure)
[103.757s][info][gc,heap        ] GC(1772) DefNew: 141217K(157248K)->1512K(157248K) Eden: 139776K(139776K)->0K(139776K) From: 1441K(17472K)->1512K(17472K)
[103.757s][info][gc,heap        ] GC(1772) Tenured: 42321K(349568K)->42321K(349568K)
[103.757s][info][gc,metaspace   ] GC(1772) Metaspace: 74132K(74496K)->74132K(74496K) NonClass: 58988K(59200K)->58988K(59200K) Class: 15144K(15296K)->15144K(15296K)
[103.757s][info][gc             ] GC(1772) Pause Young (Allocation Failure) 179M->42M(494M) 8.647ms
[103.757s][info][gc,cpu         ] GC(1772) User=0.02s Sys=0.00s Real=0.01s
[103.793s][info][gc,start       ] GC(1773) Pause Young (Allocation Failure)
[103.802s][info][gc,heap        ] GC(1773) DefNew: 141288K(157248K)->1456K(157248K) Eden: 139776K(139776K)->0K(139776K) From: 1512K(17472K)->1456K(17472K)
[103.802s][info][gc,heap        ] GC(1773) Tenured: 42321K(349568K)->42321K(349568K)
[103.802s][info][gc,metaspace   ] GC(1773) Metaspace: 74132K(74496K)->74132K(74496K) NonClass: 58988K(59200K)->58988K(59200K) Class: 15144K(15296K)->15144K(15296K)
[103.802s][info][gc             ] GC(1773) Pause Young (Allocation Failure) 179M->42M(494M) 9.241ms
[103.802s][info][gc,cpu         ] GC(1773) User=0.00s Sys=0.00s Real=0.00s
[103.838s][info][gc,start       ] GC(1774) Pause Young (Allocation Failure)
[103.847s][info][gc,heap        ] GC(1774) DefNew: 141232K(157248K)->1385K(157248K) Eden: 139776K(139776K)->0K(139776K) From: 1456K(17472K)->1385K(17472K)
[103.847s][info][gc,heap        ] GC(1774) Tenured: 42321K(349568K)->42322K(349568K)
[103.847s][info][gc,metaspace   ] GC(1774) Metaspace: 74132K(74496K)->74132K(74496K) NonClass: 58988K(59200K)->58988K(59200K) Class: 15144K(15296K)->15144K(15296K)
[103.847s][info][gc             ] GC(1774) Pause Young (Allocation Failure) 179M->42M(494M) 8.632ms
[103.847s][info][gc,cpu         ] GC(1774) User=0.00s Sys=0.00s Real=0.00s
[103.882s][info][gc,start       ] GC(1775) Pause Young (Allocation Failure)
[103.891s][info][gc,heap        ] GC(1775) DefNew: 141161K(157248K)->1414K(157248K) Eden: 139776K(139776K)->0K(139776K) From: 1385K(17472K)->1414K(17472K)
[103.891s][info][gc,heap        ] GC(1775) Tenured: 42322K(349568K)->42351K(349568K)
[103.891s][info][gc,metaspace   ] GC(1775) Metaspace: 74132K(74496K)->74132K(74496K) NonClass: 58988K(59200K)->58988K(59200K) Class: 15144K(15296K)->15144K(15296K)
[103.891s][info][gc             ] GC(1775) Pause Young (Allocation Failure) 179M->42M(494M) 8.565ms
[103.891s][info][gc,cpu         ] GC(1775) User=0.00s Sys=0.00s Real=0.00s
[103.926s][info][gc,start       ] GC(1776) Pause Young (Allocation Failure)
[103.934s][info][gc,heap        ] GC(1776) DefNew: 141190K(157248K)->1400K(157248K) Eden: 139776K(139776K)->0K(139776K) From: 1414K(17472K)->1400K(17472K)
[103.935s][info][gc,heap        ] GC(1776) Tenured: 42351K(349568K)->42351K(349568K)
[103.935s][info][gc,metaspace   ] GC(1776) Metaspace: 74132K(74496K)->74132K(74496K) NonClass: 58988K(59200K)->58988K(59200K) Class: 15144K(15296K)->15144K(15296K)
[103.935s][info][gc             ] GC(1776) Pause Young (Allocation Failure) 179M->42M(494M) 8.390ms
[103.935s][info][gc,cpu         ] GC(1776) User=0.00s Sys=0.00s Real=0.00s
[103.970s][info][gc,start       ] GC(1777) Pause Young (Allocation Failure)
[103.978s][info][gc,heap        ] GC(1777) DefNew: 141176K(157248K)->1345K(157248K) Eden: 139776K(139776K)->0K(139776K) From: 1400K(17472K)->1345K(17472K)
[103.978s][info][gc,heap        ] GC(1777) Tenured: 42351K(349568K)->42351K(349568K)
[103.978s][info][gc,metaspace   ] GC(1777) Metaspace: 74132K(74496K)->74132K(74496K) NonClass: 58988K(59200K)->58988K(59200K) Class: 15144K(15296K)->15144K(15296K)
[103.978s][info][gc             ] GC(1777) Pause Young (Allocation Failure) 179M->42M(494M) 8.113ms
[103.978s][info][gc,cpu         ] GC(1777) User=0.00s Sys=0.00s Real=0.00s
[104.013s][info][gc,start       ] GC(1778) Pause Young (Allocation Failure)
[104.022s][info][gc,heap        ] GC(1778) DefNew: 141121K(157248K)->1358K(157248K) Eden: 139776K(139776K)->0K(139776K) From: 1345K(17472K)->1358K(17472K)
[104.022s][info][gc,heap        ] GC(1778) Tenured: 42351K(349568K)->42351K(349568K)
[104.022s][info][gc,metaspace   ] GC(1778) Metaspace: 74132K(74496K)->74132K(74496K) NonClass: 58988K(59200K)->58988K(59200K) Class: 15144K(15296K)->15144K(15296K)
[104.022s][info][gc             ] GC(1778) Pause Young (Allocation Failure) 179M->42M(494M) 8.335ms
[104.022s][info][gc,cpu         ] GC(1778) User=0.00s Sys=0.00s Real=0.00s
[104.057s][info][gc,start       ] GC(1779) Pause Young (Allocation Failure)
[104.066s][info][gc,heap        ] GC(1779) DefNew: 141134K(157248K)->1390K(157248K) Eden: 139776K(139776K)->0K(139776K) From: 1358K(17472K)->1390K(17472K)
[104.066s][info][gc,heap        ] GC(1779) Tenured: 42351K(349568K)->42351K(349568K)
[104.066s][info][gc,metaspace   ] GC(1779) Metaspace: 74132K(74496K)->74132K(74496K) NonClass: 58988K(59200K)->58988K(59200K) Class: 15144K(15296K)->15144K(15296K)
[104.066s][info][gc             ] GC(1779) Pause Young (Allocation Failure) 179M->42M(494M) 8.431ms
[104.066s][info][gc,cpu         ] GC(1779) User=0.00s Sys=0.00s Real=0.00s
[104.101s][info][gc,start       ] GC(1780) Pause Young (Allocation Failure)
[104.110s][info][gc,heap        ] GC(1780) DefNew: 141166K(157248K)->1382K(157248K) Eden: 139776K(139776K)->0K(139776K) From: 1390K(17472K)->1382K(17472K)
[104.110s][info][gc,heap        ] GC(1780) Tenured: 42351K(349568K)->42351K(349568K)
[104.110s][info][gc,metaspace   ] GC(1780) Metaspace: 74132K(74496K)->74132K(74496K) NonClass: 58988K(59200K)->58988K(59200K) Class: 15144K(15296K)->15144K(15296K)
[104.110s][info][gc             ] GC(1780) Pause Young (Allocation Failure) 179M->42M(494M) 8.481ms
[104.110s][info][gc,cpu         ] GC(1780) User=0.00s Sys=0.00s Real=0.00s
[104.145s][info][gc,start       ] GC(1781) Pause Young (Allocation Failure)
[104.154s][info][gc,heap        ] GC(1781) DefNew: 141158K(157248K)->1355K(157248K) Eden: 139776K(139776K)->0K(139776K) From: 1382K(17472K)->1355K(17472K)
[104.154s][info][gc,heap        ] GC(1781) Tenured: 42351K(349568K)->42351K(349568K)
[104.154s][info][gc,metaspace   ] GC(1781) Metaspace: 74132K(74496K)->74132K(74496K) NonClass: 58988K(59200K)->58988K(59200K) Class: 15144K(15296K)->15144K(15296K)
[104.154s][info][gc             ] GC(1781) Pause Young (Allocation Failure) 179M->42M(494M) 9.026ms
[104.154s][info][gc,cpu         ] GC(1781) User=0.00s Sys=0.00s Real=0.00s
[104.190s][info][gc,start       ] GC(1782) Pause Young (Allocation Failure)
[104.199s][info][gc,heap        ] GC(1782) DefNew: 141131K(157248K)->1372K(157248K) Eden: 139776K(139776K)->0K(139776K) From: 1355K(17472K)->1372K(17472K)
[104.199s][info][gc,heap        ] GC(1782) Tenured: 42351K(349568K)->42351K(349568K)
[104.199s][info][gc,metaspace   ] GC(1782) Metaspace: 74132K(74496K)->74132K(74496K) NonClass: 58988K(59200K)->58988K(59200K) Class: 15144K(15296K)->15144K(15296K)
[104.199s][info][gc             ] GC(1782) Pause Young (Allocation Failure) 179M->42M(494M) 9.036ms
[104.199s][info][gc,cpu         ] GC(1782) User=0.00s Sys=0.00s Real=0.00s
[104.234s][info][gc,start       ] GC(1783) Pause Young (Allocation Failure)
[104.243s][info][gc,heap        ] GC(1783) DefNew: 141148K(157248K)->1412K(157248K) Eden: 139776K(139776K)->0K(139776K) From: 1372K(17472K)->1412K(17472K)
[104.243s][info][gc,heap        ] GC(1783) Tenured: 42351K(349568K)->42352K(349568K)
[104.243s][info][gc,metaspace   ] GC(1783) Metaspace: 74132K(74496K)->74132K(74496K) NonClass: 58988K(59200K)->58988K(59200K) Class: 15144K(15296K)->15144K(15296K)
[104.243s][info][gc             ] GC(1783) Pause Young (Allocation Failure) 179M->42M(494M) 8.917ms
[104.243s][info][gc,cpu         ] GC(1783) User=0.00s Sys=0.00s Real=0.00s
[104.279s][info][gc,start       ] GC(1784) Pause Young (Allocation Failure)
[104.287s][info][gc,heap        ] GC(1784) DefNew: 141188K(157248K)->1420K(157248K) Eden: 139776K(139776K)->0K(139776K) From: 1412K(17472K)->1420K(17472K)
[104.287s][info][gc,heap        ] GC(1784) Tenured: 42352K(349568K)->42352K(349568K)
[104.287s][info][gc,metaspace   ] GC(1784) Metaspace: 74132K(74496K)->74132K(74496K) NonClass: 58988K(59200K)->58988K(59200K) Class: 15144K(15296K)->15144K(15296K)
[104.287s][info][gc             ] GC(1784) Pause Young (Allocation Failure) 179M->42M(494M) 8.333ms
[104.287s][info][gc,cpu         ] GC(1784) User=0.00s Sys=0.00s Real=0.00s
[104.323s][info][gc,start       ] GC(1785) Pause Young (Allocation Failure)
[104.332s][info][gc,heap        ] GC(1785) DefNew: 141196K(157248K)->1409K(157248K) Eden: 139775K(139776K)->0K(139776K) From: 1420K(17472K)->1409K(17472K)
[104.332s][info][gc,heap        ] GC(1785) Tenured: 42352K(349568K)->42352K(349568K)
[104.332s][info][gc,metaspace   ] GC(1785) Metaspace: 74132K(74496K)->74132K(74496K) NonClass: 58988K(59200K)->58988K(59200K) Class: 15144K(15296K)->15144K(15296K)
[104.332s][info][gc             ] GC(1785) Pause Young (Allocation Failure) 179M->42M(494M) 9.241ms
[104.332s][info][gc,cpu         ] GC(1785) User=0.00s Sys=0.00s Real=0.00s
[104.368s][info][gc,start       ] GC(1786) Pause Young (Allocation Failure)
[104.377s][info][gc,heap        ] GC(1786) DefNew: 141185K(157248K)->1442K(157248K) Eden: 139776K(139776K)->0K(139776K) From: 1409K(17472K)->1442K(17472K)
[104.377s][info][gc,heap        ] GC(1786) Tenured: 42352K(349568K)->42352K(349568K)
[104.377s][info][gc,metaspace   ] GC(1786) Metaspace: 74132K(74496K)->74132K(74496K) NonClass: 58988K(59200K)->58988K(59200K) Class: 15144K(15296K)->15144K(15296K)
[104.377s][info][gc             ] GC(1786) Pause Young (Allocation Failure) 179M->42M(494M) 8.970ms
[104.377s][info][gc,cpu         ] GC(1786) User=0.00s Sys=0.00s Real=0.00s
[104.412s][info][gc,start       ] GC(1787) Pause Young (Allocation Failure)
[104.421s][info][gc,heap        ] GC(1787) DefNew: 141218K(157248K)->1424K(157248K) Eden: 139776K(139776K)->0K(139776K) From: 1442K(17472K)->1424K(17472K)
[104.421s][info][gc,heap        ] GC(1787) Tenured: 42352K(349568K)->42352K(349568K)
[104.421s][info][gc,metaspace   ] GC(1787) Metaspace: 74132K(74496K)->74132K(74496K) NonClass: 58988K(59200K)->58988K(59200K) Class: 15144K(15296K)->15144K(15296K)
[104.421s][info][gc             ] GC(1787) Pause Young (Allocation Failure) 179M->42M(494M) 8.416ms
[104.421s][info][gc,cpu         ] GC(1787) User=0.02s Sys=0.00s Real=0.00s
[104.456s][info][gc,start       ] GC(1788) Pause Young (Allocation Failure)
[104.464s][info][gc,heap        ] GC(1788) DefNew: 141200K(157248K)->1397K(157248K) Eden: 139776K(139776K)->0K(139776K) From: 1424K(17472K)->1397K(17472K)
[104.464s][info][gc,heap        ] GC(1788) Tenured: 42352K(349568K)->42352K(349568K)
[104.465s][info][gc,metaspace   ] GC(1788) Metaspace: 74132K(74496K)->74132K(74496K) NonClass: 58988K(59200K)->58988K(59200K) Class: 15144K(15296K)->15144K(15296K)
[104.465s][info][gc             ] GC(1788) Pause Young (Allocation Failure) 179M->42M(494M) 8.184ms
[104.465s][info][gc,cpu         ] GC(1788) User=0.00s Sys=0.00s Real=0.00s
[104.500s][info][gc,start       ] GC(1789) Pause Young (Allocation Failure)
[104.508s][info][gc,heap        ] GC(1789) DefNew: 141173K(157248K)->1413K(157248K) Eden: 139776K(139776K)->0K(139776K) From: 1397K(17472K)->1413K(17472K)
[104.508s][info][gc,heap        ] GC(1789) Tenured: 42352K(349568K)->42352K(349568K)
[104.508s][info][gc,metaspace   ] GC(1789) Metaspace: 74132K(74496K)->74132K(74496K) NonClass: 58988K(59200K)->58988K(59200K) Class: 15144K(15296K)->15144K(15296K)
[104.509s][info][gc             ] GC(1789) Pause Young (Allocation Failure) 179M->42M(494M) 8.398ms
[104.509s][info][gc,cpu         ] GC(1789) User=0.00s Sys=0.00s Real=0.00s
[104.544s][info][gc,start       ] GC(1790) Pause Young (Allocation Failure)
[104.559s][info][gc,heap        ] GC(1790) DefNew: 141189K(157248K)->1439K(157248K) Eden: 139776K(139776K)->0K(139776K) From: 1413K(17472K)->1439K(17472K)
[104.559s][info][gc,heap        ] GC(1790) Tenured: 42352K(349568K)->42353K(349568K)
[104.559s][info][gc,metaspace   ] GC(1790) Metaspace: 74132K(74496K)->74132K(74496K) NonClass: 58988K(59200K)->58988K(59200K) Class: 15144K(15296K)->15144K(15296K)
[104.559s][info][gc             ] GC(1790) Pause Young (Allocation Failure) 179M->42M(494M) 15.088ms
[104.559s][info][gc,cpu         ] GC(1790) User=0.00s Sys=0.00s Real=0.00s
[104.598s][info][gc,start       ] GC(1791) Pause Young (Allocation Failure)
[104.606s][info][gc,heap        ] GC(1791) DefNew: 141215K(157248K)->1364K(157248K) Eden: 139776K(139776K)->0K(139776K) From: 1439K(17472K)->1364K(17472K)
[104.606s][info][gc,heap        ] GC(1791) Tenured: 42353K(349568K)->42353K(349568K)
[104.606s][info][gc,metaspace   ] GC(1791) Metaspace: 74132K(74496K)->74132K(74496K) NonClass: 58988K(59200K)->58988K(59200K) Class: 15144K(15296K)->15144K(15296K)
[104.607s][info][gc             ] GC(1791) Pause Young (Allocation Failure) 179M->42M(494M) 9.031ms
[104.607s][info][gc,cpu         ] GC(1791) User=0.00s Sys=0.00s Real=0.00s
[104.643s][info][gc,start       ] GC(1792) Pause Young (Allocation Failure)
[104.651s][info][gc,heap        ] GC(1792) DefNew: 141140K(157248K)->1361K(157248K) Eden: 139775K(139776K)->0K(139776K) From: 1364K(17472K)->1361K(17472K)
[104.651s][info][gc,heap        ] GC(1792) Tenured: 42353K(349568K)->42353K(349568K)
[104.651s][info][gc,metaspace   ] GC(1792) Metaspace: 74132K(74496K)->74132K(74496K) NonClass: 58988K(59200K)->58988K(59200K) Class: 15144K(15296K)->15144K(15296K)
[104.651s][info][gc             ] GC(1792) Pause Young (Allocation Failure) 179M->42M(494M) 8.575ms
[104.651s][info][gc,cpu         ] GC(1792) User=0.00s Sys=0.00s Real=0.00s
[104.687s][info][gc,start       ] GC(1793) Pause Young (Allocation Failure)
[104.695s][info][gc,heap        ] GC(1793) DefNew: 141137K(157248K)->1413K(157248K) Eden: 139775K(139776K)->0K(139776K) From: 1361K(17472K)->1413K(17472K)
[104.695s][info][gc,heap        ] GC(1793) Tenured: 42353K(349568K)->42354K(349568K)
[104.695s][info][gc,metaspace   ] GC(1793) Metaspace: 74132K(74496K)->74132K(74496K) NonClass: 58988K(59200K)->58988K(59200K) Class: 15144K(15296K)->15144K(15296K)
[104.695s][info][gc             ] GC(1793) Pause Young (Allocation Failure) 179M->42M(494M) 8.283ms
[104.695s][info][gc,cpu         ] GC(1793) User=0.00s Sys=0.00s Real=0.00s
[104.731s][info][gc,start       ] GC(1794) Pause Young (Allocation Failure)
[104.740s][info][gc,heap        ] GC(1794) DefNew: 141189K(157248K)->1445K(157248K) Eden: 139776K(139776K)->0K(139776K) From: 1413K(17472K)->1445K(17472K)
[104.740s][info][gc,heap        ] GC(1794) Tenured: 42354K(349568K)->42355K(349568K)
[104.740s][info][gc,metaspace   ] GC(1794) Metaspace: 74132K(74496K)->74132K(74496K) NonClass: 58988K(59200K)->58988K(59200K) Class: 15144K(15296K)->15144K(15296K)
[104.740s][info][gc             ] GC(1794) Pause Young (Allocation Failure) 179M->42M(494M) 9.382ms
[104.740s][info][gc,cpu         ] GC(1794) User=0.00s Sys=0.00s Real=0.00s
[104.776s][info][gc,start       ] GC(1795) Pause Young (Allocation Failure)
[104.785s][info][gc,heap        ] GC(1795) DefNew: 141221K(157248K)->1401K(157248K) Eden: 139776K(139776K)->0K(139776K) From: 1445K(17472K)->1401K(17472K)
[104.785s][info][gc,heap        ] GC(1795) Tenured: 42355K(349568K)->42355K(349568K)
[104.785s][info][gc,metaspace   ] GC(1795) Metaspace: 74132K(74496K)->74132K(74496K) NonClass: 58988K(59200K)->58988K(59200K) Class: 15144K(15296K)->15144K(15296K)
[104.785s][info][gc             ] GC(1795) Pause Young (Allocation Failure) 179M->42M(494M) 8.745ms
[104.785s][info][gc,cpu         ] GC(1795) User=0.00s Sys=0.00s Real=0.00s
[104.820s][info][gc,start       ] GC(1796) Pause Young (Allocation Failure)
[104.829s][info][gc,heap        ] GC(1796) DefNew: 141177K(157248K)->1424K(157248K) Eden: 139776K(139776K)->0K(139776K) From: 1401K(17472K)->1424K(17472K)
[104.829s][info][gc,heap        ] GC(1796) Tenured: 42355K(349568K)->42356K(349568K)
[104.829s][info][gc,metaspace   ] GC(1796) Metaspace: 74132K(74496K)->74132K(74496K) NonClass: 58988K(59200K)->58988K(59200K) Class: 15144K(15296K)->15144K(15296K)
[104.829s][info][gc             ] GC(1796) Pause Young (Allocation Failure) 179M->42M(494M) 8.499ms
[104.829s][info][gc,cpu         ] GC(1796) User=0.00s Sys=0.00s Real=0.01s
[104.864s][info][gc,start       ] GC(1797) Pause Young (Allocation Failure)
[104.872s][info][gc,heap        ] GC(1797) DefNew: 141200K(157248K)->1376K(157248K) Eden: 139776K(139776K)->0K(139776K) From: 1424K(17472K)->1376K(17472K)
[104.872s][info][gc,heap        ] GC(1797) Tenured: 42356K(349568K)->42384K(349568K)
[104.872s][info][gc,metaspace   ] GC(1797) Metaspace: 74132K(74496K)->74132K(74496K) NonClass: 58988K(59200K)->58988K(59200K) Class: 15144K(15296K)->15144K(15296K)
[104.873s][info][gc             ] GC(1797) Pause Young (Allocation Failure) 179M->42M(494M) 8.523ms
[104.873s][info][gc,cpu         ] GC(1797) User=0.00s Sys=0.00s Real=0.00s
[104.908s][info][gc,start       ] GC(1798) Pause Young (Allocation Failure)
[104.917s][info][gc,heap        ] GC(1798) DefNew: 141152K(157248K)->1431K(157248K) Eden: 139776K(139776K)->0K(139776K) From: 1376K(17472K)->1431K(17472K)
[104.917s][info][gc,heap        ] GC(1798) Tenured: 42384K(349568K)->42384K(349568K)
[104.917s][info][gc,metaspace   ] GC(1798) Metaspace: 74132K(74496K)->74132K(74496K) NonClass: 58988K(59200K)->58988K(59200K) Class: 15144K(15296K)->15144K(15296K)
[104.917s][info][gc             ] GC(1798) Pause Young (Allocation Failure) 179M->42M(494M) 8.466ms
[104.917s][info][gc,cpu         ] GC(1798) User=0.00s Sys=0.00s Real=0.00s
[104.953s][info][gc,start       ] GC(1799) Pause Young (Allocation Failure)
[104.961s][info][gc,heap        ] GC(1799) DefNew: 141207K(157248K)->1360K(157248K) Eden: 139776K(139776K)->0K(139776K) From: 1431K(17472K)->1360K(17472K)
[104.961s][info][gc,heap        ] GC(1799) Tenured: 42384K(349568K)->42385K(349568K)
[104.961s][info][gc,metaspace   ] GC(1799) Metaspace: 74132K(74496K)->74132K(74496K) NonClass: 58988K(59200K)->58988K(59200K) Class: 15144K(15296K)->15144K(15296K)
[104.961s][info][gc             ] GC(1799) Pause Young (Allocation Failure) 179M->42M(494M) 8.267ms
[104.961s][info][gc,cpu         ] GC(1799) User=0.00s Sys=0.00s Real=0.00s
[104.996s][info][gc,start       ] GC(1800) Pause Young (Allocation Failure)
[105.004s][info][gc,heap        ] GC(1800) DefNew: 141136K(157248K)->1346K(157248K) Eden: 139776K(139776K)->0K(139776K) From: 1360K(17472K)->1346K(17472K)
[105.005s][info][gc,heap        ] GC(1800) Tenured: 42385K(349568K)->42385K(349568K)
[105.005s][info][gc,metaspace   ] GC(1800) Metaspace: 74132K(74496K)->74132K(74496K) NonClass: 58988K(59200K)->58988K(59200K) Class: 15144K(15296K)->15144K(15296K)
[105.005s][info][gc             ] GC(1800) Pause Young (Allocation Failure) 179M->42M(494M) 8.119ms
[105.005s][info][gc,cpu         ] GC(1800) User=0.00s Sys=0.00s Real=0.00s
[105.040s][info][gc,start       ] GC(1801) Pause Young (Allocation Failure)
[105.048s][info][gc,heap        ] GC(1801) DefNew: 141122K(157248K)->1326K(157248K) Eden: 139776K(139776K)->0K(139776K) From: 1346K(17472K)->1326K(17472K)
[105.048s][info][gc,heap        ] GC(1801) Tenured: 42385K(349568K)->42385K(349568K)
[105.048s][info][gc,metaspace   ] GC(1801) Metaspace: 74132K(74496K)->74132K(74496K) NonClass: 58988K(59200K)->58988K(59200K) Class: 15144K(15296K)->15144K(15296K)
[105.048s][info][gc             ] GC(1801) Pause Young (Allocation Failure) 179M->42M(494M) 8.059ms
[105.048s][info][gc,cpu         ] GC(1801) User=0.00s Sys=0.00s Real=0.00s
[105.083s][info][gc,start       ] GC(1802) Pause Young (Allocation Failure)
[105.092s][info][gc,heap        ] GC(1802) DefNew: 141102K(157248K)->1381K(157248K) Eden: 139776K(139776K)->0K(139776K) From: 1326K(17472K)->1381K(17472K)
[105.092s][info][gc,heap        ] GC(1802) Tenured: 42385K(349568K)->42385K(349568K)
[105.092s][info][gc,metaspace   ] GC(1802) Metaspace: 74132K(74496K)->74132K(74496K) NonClass: 58988K(59200K)->58988K(59200K) Class: 15144K(15296K)->15144K(15296K)
[105.092s][info][gc             ] GC(1802) Pause Young (Allocation Failure) 179M->42M(494M) 9.034ms
[105.092s][info][gc,cpu         ] GC(1802) User=0.00s Sys=0.00s Real=0.00s
[105.128s][info][gc,start       ] GC(1803) Pause Young (Allocation Failure)
[105.137s][info][gc,heap        ] GC(1803) DefNew: 141157K(157248K)->1385K(157248K) Eden: 139776K(139776K)->0K(139776K) From: 1381K(17472K)->1385K(17472K)
[105.137s][info][gc,heap        ] GC(1803) Tenured: 42385K(349568K)->42385K(349568K)
[105.137s][info][gc,metaspace   ] GC(1803) Metaspace: 74132K(74496K)->74132K(74496K) NonClass: 58988K(59200K)->58988K(59200K) Class: 15144K(15296K)->15144K(15296K)
[105.137s][info][gc             ] GC(1803) Pause Young (Allocation Failure) 179M->42M(494M) 9.140ms
[105.137s][info][gc,cpu         ] GC(1803) User=0.00s Sys=0.00s Real=0.00s
[105.173s][info][gc,start       ] GC(1804) Pause Young (Allocation Failure)
[105.181s][info][gc,heap        ] GC(1804) DefNew: 141161K(157248K)->1361K(157248K) Eden: 139776K(139776K)->0K(139776K) From: 1385K(17472K)->1361K(17472K)
[105.181s][info][gc,heap        ] GC(1804) Tenured: 42385K(349568K)->42385K(349568K)
[105.181s][info][gc,metaspace   ] GC(1804) Metaspace: 74132K(74496K)->74132K(74496K) NonClass: 58988K(59200K)->58988K(59200K) Class: 15144K(15296K)->15144K(15296K)
[105.181s][info][gc             ] GC(1804) Pause Young (Allocation Failure) 179M->42M(494M) 8.387ms
[105.181s][info][gc,cpu         ] GC(1804) User=0.00s Sys=0.00s Real=0.00s
[105.217s][info][gc,start       ] GC(1805) Pause Young (Allocation Failure)
[105.226s][info][gc,heap        ] GC(1805) DefNew: 141137K(157248K)->1441K(157248K) Eden: 139776K(139776K)->0K(139776K) From: 1361K(17472K)->1441K(17472K)
[105.226s][info][gc,heap        ] GC(1805) Tenured: 42385K(349568K)->42386K(349568K)
[105.226s][info][gc,metaspace   ] GC(1805) Metaspace: 74132K(74496K)->74132K(74496K) NonClass: 58988K(59200K)->58988K(59200K) Class: 15144K(15296K)->15144K(15296K)
[105.226s][info][gc             ] GC(1805) Pause Young (Allocation Failure) 179M->42M(494M) 9.261ms
[105.226s][info][gc,cpu         ] GC(1805) User=0.00s Sys=0.00s Real=0.00s
[105.261s][info][gc,start       ] GC(1806) Pause Young (Allocation Failure)
[105.270s][info][gc,heap        ] GC(1806) DefNew: 141217K(157248K)->1454K(157248K) Eden: 139776K(139776K)->0K(139776K) From: 1441K(17472K)->1454K(17472K)
[105.270s][info][gc,heap        ] GC(1806) Tenured: 42386K(349568K)->42386K(349568K)
[105.270s][info][gc,metaspace   ] GC(1806) Metaspace: 74132K(74496K)->74132K(74496K) NonClass: 58988K(59200K)->58988K(59200K) Class: 15144K(15296K)->15144K(15296K)
[105.270s][info][gc             ] GC(1806) Pause Young (Allocation Failure) 179M->42M(494M) 8.962ms
[105.270s][info][gc,cpu         ] GC(1806) User=0.00s Sys=0.00s Real=0.00s
[105.306s][info][gc,start       ] GC(1807) Pause Young (Allocation Failure)
[105.314s][info][gc,heap        ] GC(1807) DefNew: 141230K(157248K)->1366K(157248K) Eden: 139776K(139776K)->0K(139776K) From: 1454K(17472K)->1366K(17472K)
[105.314s][info][gc,heap        ] GC(1807) Tenured: 42386K(349568K)->42386K(349568K)
[105.314s][info][gc,metaspace   ] GC(1807) Metaspace: 74132K(74496K)->74132K(74496K) NonClass: 58988K(59200K)->58988K(59200K) Class: 15144K(15296K)->15144K(15296K)
[105.314s][info][gc             ] GC(1807) Pause Young (Allocation Failure) 179M->42M(494M) 8.211ms
[105.315s][info][gc,cpu         ] GC(1807) User=0.00s Sys=0.00s Real=0.00s
[105.350s][info][gc,start       ] GC(1808) Pause Young (Allocation Failure)
[105.358s][info][gc,heap        ] GC(1808) DefNew: 141142K(157248K)->1387K(157248K) Eden: 139776K(139776K)->0K(139776K) From: 1366K(17472K)->1387K(17472K)
[105.358s][info][gc,heap        ] GC(1808) Tenured: 42386K(349568K)->42386K(349568K)
[105.358s][info][gc,metaspace   ] GC(1808) Metaspace: 74132K(74496K)->74132K(74496K) NonClass: 58988K(59200K)->58988K(59200K) Class: 15144K(15296K)->15144K(15296K)
[105.358s][info][gc             ] GC(1808) Pause Young (Allocation Failure) 179M->42M(494M) 8.231ms
[105.358s][info][gc,cpu         ] GC(1808) User=0.00s Sys=0.00s Real=0.00s
[105.394s][info][gc,start       ] GC(1809) Pause Young (Allocation Failure)
[105.403s][info][gc,heap        ] GC(1809) DefNew: 141163K(157248K)->1456K(157248K) Eden: 139776K(139776K)->0K(139776K) From: 1387K(17472K)->1456K(17472K)
[105.403s][info][gc,heap        ] GC(1809) Tenured: 42386K(349568K)->42386K(349568K)
[105.403s][info][gc,metaspace   ] GC(1809) Metaspace: 74132K(74496K)->74132K(74496K) NonClass: 58988K(59200K)->58988K(59200K) Class: 15144K(15296K)->15144K(15296K)
[105.403s][info][gc             ] GC(1809) Pause Young (Allocation Failure) 179M->42M(494M) 8.498ms
[105.403s][info][gc,cpu         ] GC(1809) User=0.00s Sys=0.00s Real=0.00s
[105.438s][info][gc,start       ] GC(1810) Pause Young (Allocation Failure)
[105.447s][info][gc,heap        ] GC(1810) DefNew: 141232K(157248K)->1444K(157248K) Eden: 139776K(139776K)->0K(139776K) From: 1456K(17472K)->1444K(17472K)
[105.447s][info][gc,heap        ] GC(1810) Tenured: 42386K(349568K)->42386K(349568K)
[105.447s][info][gc,metaspace   ] GC(1810) Metaspace: 74132K(74496K)->74132K(74496K) NonClass: 58988K(59200K)->58988K(59200K) Class: 15144K(15296K)->15144K(15296K)
[105.447s][info][gc             ] GC(1810) Pause Young (Allocation Failure) 179M->42M(494M) 8.609ms
[105.447s][info][gc,cpu         ] GC(1810) User=0.00s Sys=0.00s Real=0.00s
[105.482s][info][gc,start       ] GC(1811) Pause Young (Allocation Failure)
[105.490s][info][gc,heap        ] GC(1811) DefNew: 141220K(157248K)->1349K(157248K) Eden: 139776K(139776K)->0K(139776K) From: 1444K(17472K)->1349K(17472K)
[105.490s][info][gc,heap        ] GC(1811) Tenured: 42386K(349568K)->42386K(349568K)
[105.490s][info][gc,metaspace   ] GC(1811) Metaspace: 74132K(74496K)->74132K(74496K) NonClass: 58988K(59200K)->58988K(59200K) Class: 15144K(15296K)->15144K(15296K)
[105.490s][info][gc             ] GC(1811) Pause Young (Allocation Failure) 179M->42M(494M) 8.105ms
[105.490s][info][gc,cpu         ] GC(1811) User=0.00s Sys=0.00s Real=0.00s
[105.526s][info][gc,start       ] GC(1812) Pause Young (Allocation Failure)
[105.534s][info][gc,heap        ] GC(1812) DefNew: 141125K(157248K)->1395K(157248K) Eden: 139776K(139776K)->0K(139776K) From: 1349K(17472K)->1395K(17472K)
[105.534s][info][gc,heap        ] GC(1812) Tenured: 42386K(349568K)->42386K(349568K)
[105.534s][info][gc,metaspace   ] GC(1812) Metaspace: 74132K(74496K)->74132K(74496K) NonClass: 58988K(59200K)->58988K(59200K) Class: 15144K(15296K)->15144K(15296K)
[105.534s][info][gc             ] GC(1812) Pause Young (Allocation Failure) 179M->42M(494M) 8.396ms
[105.534s][info][gc,cpu         ] GC(1812) User=0.00s Sys=0.00s Real=0.00s
[105.570s][info][gc,start       ] GC(1813) Pause Young (Allocation Failure)
[105.579s][info][gc,heap        ] GC(1813) DefNew: 141171K(157248K)->1391K(157248K) Eden: 139776K(139776K)->0K(139776K) From: 1395K(17472K)->1391K(17472K)
[105.579s][info][gc,heap        ] GC(1813) Tenured: 42386K(349568K)->42386K(349568K)
[105.579s][info][gc,metaspace   ] GC(1813) Metaspace: 74132K(74496K)->74132K(74496K) NonClass: 58988K(59200K)->58988K(59200K) Class: 15144K(15296K)->15144K(15296K)
[105.579s][info][gc             ] GC(1813) Pause Young (Allocation Failure) 179M->42M(494M) 9.145ms
[105.579s][info][gc,cpu         ] GC(1813) User=0.00s Sys=0.02s Real=0.00s
[105.614s][info][gc,start       ] GC(1814) Pause Young (Allocation Failure)
[105.623s][info][gc,heap        ] GC(1814) DefNew: 141167K(157248K)->1411K(157248K) Eden: 139776K(139776K)->0K(139776K) From: 1391K(17472K)->1411K(17472K)
[105.623s][info][gc,heap        ] GC(1814) Tenured: 42386K(349568K)->42386K(349568K)
[105.623s][info][gc,metaspace   ] GC(1814) Metaspace: 74132K(74496K)->74132K(74496K) NonClass: 58988K(59200K)->58988K(59200K) Class: 15144K(15296K)->15144K(15296K)
[105.623s][info][gc             ] GC(1814) Pause Young (Allocation Failure) 179M->42M(494M) 8.721ms
[105.623s][info][gc,cpu         ] GC(1814) User=0.00s Sys=0.00s Real=0.00s
[105.658s][info][gc,start       ] GC(1815) Pause Young (Allocation Failure)
[105.668s][info][gc,heap        ] GC(1815) DefNew: 141187K(157248K)->1390K(157248K) Eden: 139776K(139776K)->0K(139776K) From: 1411K(17472K)->1390K(17472K)
[105.668s][info][gc,heap        ] GC(1815) Tenured: 42386K(349568K)->42386K(349568K)
[105.668s][info][gc,metaspace   ] GC(1815) Metaspace: 74132K(74496K)->74132K(74496K) NonClass: 58988K(59200K)->58988K(59200K) Class: 15144K(15296K)->15144K(15296K)
[105.668s][info][gc             ] GC(1815) Pause Young (Allocation Failure) 179M->42M(494M) 9.194ms
[105.668s][info][gc,cpu         ] GC(1815) User=0.00s Sys=0.00s Real=0.00s
[105.703s][info][gc,start       ] GC(1816) Pause Young (Allocation Failure)
[105.712s][info][gc,heap        ] GC(1816) DefNew: 141166K(157248K)->1453K(157248K) Eden: 139776K(139776K)->0K(139776K) From: 1390K(17472K)->1453K(17472K)
[105.712s][info][gc,heap        ] GC(1816) Tenured: 42386K(349568K)->42387K(349568K)
[105.712s][info][gc,metaspace   ] GC(1816) Metaspace: 74132K(74496K)->74132K(74496K) NonClass: 58988K(59200K)->58988K(59200K) Class: 15144K(15296K)->15144K(15296K)
[105.712s][info][gc             ] GC(1816) Pause Young (Allocation Failure) 179M->42M(494M) 8.928ms
[105.712s][info][gc,cpu         ] GC(1816) User=0.00s Sys=0.00s Real=0.00s
[105.748s][info][gc,start       ] GC(1817) Pause Young (Allocation Failure)
[105.757s][info][gc,heap        ] GC(1817) DefNew: 141229K(157248K)->1365K(157248K) Eden: 139776K(139776K)->0K(139776K) From: 1453K(17472K)->1365K(17472K)
[105.757s][info][gc,heap        ] GC(1817) Tenured: 42387K(349568K)->42387K(349568K)
[105.757s][info][gc,metaspace   ] GC(1817) Metaspace: 74132K(74496K)->74132K(74496K) NonClass: 58988K(59200K)->58988K(59200K) Class: 15144K(15296K)->15144K(15296K)
[105.757s][info][gc             ] GC(1817) Pause Young (Allocation Failure) 179M->42M(494M) 9.035ms
[105.757s][info][gc,cpu         ] GC(1817) User=0.00s Sys=0.00s Real=0.00s
[105.793s][info][gc,start       ] GC(1818) Pause Young (Allocation Failure)
[105.801s][info][gc,heap        ] GC(1818) DefNew: 141141K(157248K)->1399K(157248K) Eden: 139776K(139776K)->0K(139776K) From: 1365K(17472K)->1399K(17472K)
[105.801s][info][gc,heap        ] GC(1818) Tenured: 42387K(349568K)->42387K(349568K)
[105.801s][info][gc,metaspace   ] GC(1818) Metaspace: 74132K(74496K)->74132K(74496K) NonClass: 58988K(59200K)->58988K(59200K) Class: 15144K(15296K)->15144K(15296K)
[105.801s][info][gc             ] GC(1818) Pause Young (Allocation Failure) 179M->42M(494M) 8.584ms
[105.801s][info][gc,cpu         ] GC(1818) User=0.00s Sys=0.00s Real=0.00s
[105.837s][info][gc,start       ] GC(1819) Pause Young (Allocation Failure)
[105.845s][info][gc,heap        ] GC(1819) DefNew: 141175K(157248K)->1427K(157248K) Eden: 139776K(139776K)->0K(139776K) From: 1399K(17472K)->1427K(17472K)
[105.845s][info][gc,heap        ] GC(1819) Tenured: 42387K(349568K)->42388K(349568K)
[105.845s][info][gc,metaspace   ] GC(1819) Metaspace: 74132K(74496K)->74132K(74496K) NonClass: 58988K(59200K)->58988K(59200K) Class: 15144K(15296K)->15144K(15296K)
[105.845s][info][gc             ] GC(1819) Pause Young (Allocation Failure) 179M->42M(494M) 8.295ms
[105.845s][info][gc,cpu         ] GC(1819) User=0.00s Sys=0.00s Real=0.00s
[105.880s][info][gc,start       ] GC(1820) Pause Young (Allocation Failure)
[105.889s][info][gc,heap        ] GC(1820) DefNew: 141203K(157248K)->1403K(157248K) Eden: 139776K(139776K)->0K(139776K) From: 1427K(17472K)->1403K(17472K)
[105.889s][info][gc,heap        ] GC(1820) Tenured: 42388K(349568K)->42411K(349568K)
[105.889s][info][gc,metaspace   ] GC(1820) Metaspace: 74132K(74496K)->74132K(74496K) NonClass: 58988K(59200K)->58988K(59200K) Class: 15144K(15296K)->15144K(15296K)
[105.889s][info][gc             ] GC(1820) Pause Young (Allocation Failure) 179M->42M(494M) 8.379ms
[105.889s][info][gc,cpu         ] GC(1820) User=0.00s Sys=0.00s Real=0.00s
[105.924s][info][gc,start       ] GC(1821) Pause Young (Allocation Failure)
[105.933s][info][gc,heap        ] GC(1821) DefNew: 141179K(157248K)->1373K(157248K) Eden: 139776K(139776K)->0K(139776K) From: 1403K(17472K)->1373K(17472K)
[105.933s][info][gc,heap        ] GC(1821) Tenured: 42411K(349568K)->42411K(349568K)
[105.933s][info][gc,metaspace   ] GC(1821) Metaspace: 74132K(74496K)->74132K(74496K) NonClass: 58988K(59200K)->58988K(59200K) Class: 15144K(15296K)->15144K(15296K)
[105.933s][info][gc             ] GC(1821) Pause Young (Allocation Failure) 179M->42M(494M) 8.216ms
[105.933s][info][gc,cpu         ] GC(1821) User=0.00s Sys=0.00s Real=0.00s
[105.968s][info][gc,start       ] GC(1822) Pause Young (Allocation Failure)
[105.977s][info][gc,heap        ] GC(1822) DefNew: 141149K(157248K)->1409K(157248K) Eden: 139776K(139776K)->0K(139776K) From: 1373K(17472K)->1409K(17472K)
[105.977s][info][gc,heap        ] GC(1822) Tenured: 42411K(349568K)->42411K(349568K)
[105.977s][info][gc,metaspace   ] GC(1822) Metaspace: 74132K(74496K)->74132K(74496K) NonClass: 58988K(59200K)->58988K(59200K) Class: 15144K(15296K)->15144K(15296K)
[105.977s][info][gc             ] GC(1822) Pause Young (Allocation Failure) 179M->42M(494M) 8.360ms
[105.977s][info][gc,cpu         ] GC(1822) User=0.00s Sys=0.00s Real=0.00s
[106.012s][info][gc,start       ] GC(1823) Pause Young (Allocation Failure)
[106.021s][info][gc,heap        ] GC(1823) DefNew: 141185K(157248K)->1337K(157248K) Eden: 139776K(139776K)->0K(139776K) From: 1409K(17472K)->1337K(17472K)
[106.021s][info][gc,heap        ] GC(1823) Tenured: 42411K(349568K)->42412K(349568K)
[106.021s][info][gc,metaspace   ] GC(1823) Metaspace: 74132K(74496K)->74132K(74496K) NonClass: 58988K(59200K)->58988K(59200K) Class: 15144K(15296K)->15144K(15296K)
[106.021s][info][gc             ] GC(1823) Pause Young (Allocation Failure) 179M->42M(494M) 9.022ms
[106.021s][info][gc,cpu         ] GC(1823) User=0.00s Sys=0.00s Real=0.00s
[106.057s][info][gc,start       ] GC(1824) Pause Young (Allocation Failure)
[106.066s][info][gc,heap        ] GC(1824) DefNew: 141113K(157248K)->1427K(157248K) Eden: 139776K(139776K)->0K(139776K) From: 1337K(17472K)->1427K(17472K)
[106.066s][info][gc,heap        ] GC(1824) Tenured: 42412K(349568K)->42412K(349568K)
[106.066s][info][gc,metaspace   ] GC(1824) Metaspace: 74132K(74496K)->74132K(74496K) NonClass: 58988K(59200K)->58988K(59200K) Class: 15144K(15296K)->15144K(15296K)
[106.066s][info][gc             ] GC(1824) Pause Young (Allocation Failure) 179M->42M(494M) 8.875ms
[106.066s][info][gc,cpu         ] GC(1824) User=0.00s Sys=0.00s Real=0.00s
[106.101s][info][gc,start       ] GC(1825) Pause Young (Allocation Failure)
[106.110s][info][gc,heap        ] GC(1825) DefNew: 141203K(157248K)->1412K(157248K) Eden: 139776K(139776K)->0K(139776K) From: 1427K(17472K)->1412K(17472K)
[106.110s][info][gc,heap        ] GC(1825) Tenured: 42412K(349568K)->42412K(349568K)
[106.110s][info][gc,metaspace   ] GC(1825) Metaspace: 74132K(74496K)->74132K(74496K) NonClass: 58988K(59200K)->58988K(59200K) Class: 15144K(15296K)->15144K(15296K)
[106.110s][info][gc             ] GC(1825) Pause Young (Allocation Failure) 179M->42M(494M) 8.374ms
[106.110s][info][gc,cpu         ] GC(1825) User=0.00s Sys=0.00s Real=0.00s
[106.145s][info][gc,start       ] GC(1826) Pause Young (Allocation Failure)
[106.154s][info][gc,heap        ] GC(1826) DefNew: 141188K(157248K)->1372K(157248K) Eden: 139776K(139776K)->0K(139776K) From: 1412K(17472K)->1372K(17472K)
[106.154s][info][gc,heap        ] GC(1826) Tenured: 42412K(349568K)->42412K(349568K)
[106.154s][info][gc,metaspace   ] GC(1826) Metaspace: 74132K(74496K)->74132K(74496K) NonClass: 58988K(59200K)->58988K(59200K) Class: 15144K(15296K)->15144K(15296K)
[106.154s][info][gc             ] GC(1826) Pause Young (Allocation Failure) 179M->42M(494M) 9.165ms
[106.155s][info][gc,cpu         ] GC(1826) User=0.00s Sys=0.00s Real=0.00s
[106.190s][info][gc,start       ] GC(1827) Pause Young (Allocation Failure)
[106.200s][info][gc,heap        ] GC(1827) DefNew: 141148K(157248K)->1482K(157248K) Eden: 139776K(139776K)->0K(139776K) From: 1372K(17472K)->1482K(17472K)
[106.200s][info][gc,heap        ] GC(1827) Tenured: 42412K(349568K)->42412K(349568K)
[106.200s][info][gc,metaspace   ] GC(1827) Metaspace: 74132K(74496K)->74132K(74496K) NonClass: 58988K(59200K)->58988K(59200K) Class: 15144K(15296K)->15144K(15296K)
[106.200s][info][gc             ] GC(1827) Pause Young (Allocation Failure) 179M->42M(494M) 9.586ms
[106.200s][info][gc,cpu         ] GC(1827) User=0.00s Sys=0.00s Real=0.00s
[106.235s][info][gc,start       ] GC(1828) Pause Young (Allocation Failure)
[106.245s][info][gc,heap        ] GC(1828) DefNew: 141258K(157248K)->1465K(157248K) Eden: 139776K(139776K)->0K(139776K) From: 1482K(17472K)->1465K(17472K)
[106.245s][info][gc,heap        ] GC(1828) Tenured: 42412K(349568K)->42412K(349568K)
[106.245s][info][gc,metaspace   ] GC(1828) Metaspace: 74132K(74496K)->74132K(74496K) NonClass: 58988K(59200K)->58988K(59200K) Class: 15144K(15296K)->15144K(15296K)
[106.245s][info][gc             ] GC(1828) Pause Young (Allocation Failure) 179M->42M(494M) 9.396ms
[106.245s][info][gc,cpu         ] GC(1828) User=0.00s Sys=0.00s Real=0.00s
[106.281s][info][gc,start       ] GC(1829) Pause Young (Allocation Failure)
[106.290s][info][gc,heap        ] GC(1829) DefNew: 141241K(157248K)->1435K(157248K) Eden: 139776K(139776K)->0K(139776K) From: 1465K(17472K)->1435K(17472K)
[106.290s][info][gc,heap        ] GC(1829) Tenured: 42412K(349568K)->42412K(349568K)
[106.290s][info][gc,metaspace   ] GC(1829) Metaspace: 74132K(74496K)->74132K(74496K) NonClass: 58988K(59200K)->58988K(59200K) Class: 15144K(15296K)->15144K(15296K)
[106.290s][info][gc             ] GC(1829) Pause Young (Allocation Failure) 179M->42M(494M) 8.861ms
[106.290s][info][gc,cpu         ] GC(1829) User=0.00s Sys=0.00s Real=0.00s
[106.325s][info][gc,start       ] GC(1830) Pause Young (Allocation Failure)
[106.334s][info][gc,heap        ] GC(1830) DefNew: 141211K(157248K)->1480K(157248K) Eden: 139776K(139776K)->0K(139776K) From: 1435K(17472K)->1480K(17472K)
[106.334s][info][gc,heap        ] GC(1830) Tenured: 42412K(349568K)->42412K(349568K)
[106.334s][info][gc,metaspace   ] GC(1830) Metaspace: 74132K(74496K)->74132K(74496K) NonClass: 58988K(59200K)->58988K(59200K) Class: 15144K(15296K)->15144K(15296K)
[106.334s][info][gc             ] GC(1830) Pause Young (Allocation Failure) 179M->42M(494M) 8.756ms
[106.334s][info][gc,cpu         ] GC(1830) User=0.00s Sys=0.00s Real=0.00s
[106.370s][info][gc,start       ] GC(1831) Pause Young (Allocation Failure)
[106.378s][info][gc,heap        ] GC(1831) DefNew: 141256K(157248K)->1493K(157248K) Eden: 139776K(139776K)->0K(139776K) From: 1480K(17472K)->1493K(17472K)
[106.378s][info][gc,heap        ] GC(1831) Tenured: 42412K(349568K)->42412K(349568K)
[106.378s][info][gc,metaspace   ] GC(1831) Metaspace: 74132K(74496K)->74132K(74496K) NonClass: 58988K(59200K)->58988K(59200K) Class: 15144K(15296K)->15144K(15296K)
[106.378s][info][gc             ] GC(1831) Pause Young (Allocation Failure) 179M->42M(494M) 8.671ms
[106.379s][info][gc,cpu         ] GC(1831) User=0.00s Sys=0.00s Real=0.00s
[106.415s][info][gc,start       ] GC(1832) Pause Young (Allocation Failure)
[106.423s][info][gc,heap        ] GC(1832) DefNew: 141269K(157248K)->1489K(157248K) Eden: 139776K(139776K)->0K(139776K) From: 1493K(17472K)->1489K(17472K)
[106.423s][info][gc,heap        ] GC(1832) Tenured: 42412K(349568K)->42412K(349568K)
[106.423s][info][gc,metaspace   ] GC(1832) Metaspace: 74132K(74496K)->74132K(74496K) NonClass: 58988K(59200K)->58988K(59200K) Class: 15144K(15296K)->15144K(15296K)
[106.423s][info][gc             ] GC(1832) Pause Young (Allocation Failure) 179M->42M(494M) 8.804ms
[106.424s][info][gc,cpu         ] GC(1832) User=0.00s Sys=0.00s Real=0.00s
[106.459s][info][gc,start       ] GC(1833) Pause Young (Allocation Failure)
[106.468s][info][gc,heap        ] GC(1833) DefNew: 141265K(157248K)->1440K(157248K) Eden: 139776K(139776K)->0K(139776K) From: 1489K(17472K)->1440K(17472K)
[106.468s][info][gc,heap        ] GC(1833) Tenured: 42412K(349568K)->42413K(349568K)
[106.468s][info][gc,metaspace   ] GC(1833) Metaspace: 74132K(74496K)->74132K(74496K) NonClass: 58988K(59200K)->58988K(59200K) Class: 15144K(15296K)->15144K(15296K)
[106.468s][info][gc             ] GC(1833) Pause Young (Allocation Failure) 179M->42M(494M) 8.544ms
[106.468s][info][gc,cpu         ] GC(1833) User=0.02s Sys=0.00s Real=0.00s
[106.503s][info][gc,start       ] GC(1834) Pause Young (Allocation Failure)
[106.512s][info][gc,heap        ] GC(1834) DefNew: 141216K(157248K)->1471K(157248K) Eden: 139776K(139776K)->0K(139776K) From: 1440K(17472K)->1471K(17472K)
[106.513s][info][gc,heap        ] GC(1834) Tenured: 42413K(349568K)->42414K(349568K)
[106.513s][info][gc,metaspace   ] GC(1834) Metaspace: 74132K(74496K)->74132K(74496K) NonClass: 58988K(59200K)->58988K(59200K) Class: 15144K(15296K)->15144K(15296K)
[106.513s][info][gc             ] GC(1834) Pause Young (Allocation Failure) 179M->42M(494M) 9.466ms
[106.513s][info][gc,cpu         ] GC(1834) User=0.00s Sys=0.00s Real=0.00s
[106.548s][info][gc,start       ] GC(1835) Pause Young (Allocation Failure)
[106.557s][info][gc,heap        ] GC(1835) DefNew: 141247K(157248K)->1489K(157248K) Eden: 139776K(139776K)->0K(139776K) From: 1471K(17472K)->1489K(17472K)
[106.557s][info][gc,heap        ] GC(1835) Tenured: 42414K(349568K)->42415K(349568K)
[106.557s][info][gc,metaspace   ] GC(1835) Metaspace: 74132K(74496K)->74132K(74496K) NonClass: 58988K(59200K)->58988K(59200K) Class: 15144K(15296K)->15144K(15296K)
[106.557s][info][gc             ] GC(1835) Pause Young (Allocation Failure) 179M->42M(494M) 9.109ms
[106.557s][info][gc,cpu         ] GC(1835) User=0.00s Sys=0.00s Real=0.00s
[106.593s][info][gc,start       ] GC(1836) Pause Young (Allocation Failure)
[106.602s][info][gc,heap        ] GC(1836) DefNew: 141265K(157248K)->1489K(157248K) Eden: 139776K(139776K)->0K(139776K) From: 1489K(17472K)->1489K(17472K)
[106.602s][info][gc,heap        ] GC(1836) Tenured: 42415K(349568K)->42415K(349568K)
[106.602s][info][gc,metaspace   ] GC(1836) Metaspace: 74132K(74496K)->74132K(74496K) NonClass: 58988K(59200K)->58988K(59200K) Class: 15144K(15296K)->15144K(15296K)
[106.602s][info][gc             ] GC(1836) Pause Young (Allocation Failure) 179M->42M(494M) 9.458ms
[106.603s][info][gc,cpu         ] GC(1836) User=0.00s Sys=0.00s Real=0.00s
[106.638s][info][gc,start       ] GC(1837) Pause Young (Allocation Failure)
[106.647s][info][gc,heap        ] GC(1837) DefNew: 141265K(157248K)->1507K(157248K) Eden: 139775K(139776K)->0K(139776K) From: 1489K(17472K)->1507K(17472K)
[106.647s][info][gc,heap        ] GC(1837) Tenured: 42415K(349568K)->42416K(349568K)
[106.647s][info][gc,metaspace   ] GC(1837) Metaspace: 74132K(74496K)->74132K(74496K) NonClass: 58988K(59200K)->58988K(59200K) Class: 15144K(15296K)->15144K(15296K)
[106.647s][info][gc             ] GC(1837) Pause Young (Allocation Failure) 179M->42M(494M) 9.109ms
[106.647s][info][gc,cpu         ] GC(1837) User=0.00s Sys=0.00s Real=0.00s
[106.683s][info][gc,start       ] GC(1838) Pause Young (Allocation Failure)
[106.692s][info][gc,heap        ] GC(1838) DefNew: 141283K(157248K)->1433K(157248K) Eden: 139776K(139776K)->0K(139776K) From: 1507K(17472K)->1433K(17472K)
[106.692s][info][gc,heap        ] GC(1838) Tenured: 42416K(349568K)->42416K(349568K)
[106.692s][info][gc,metaspace   ] GC(1838) Metaspace: 74132K(74496K)->74132K(74496K) NonClass: 58988K(59200K)->58988K(59200K) Class: 15144K(15296K)->15144K(15296K)
[106.692s][info][gc             ] GC(1838) Pause Young (Allocation Failure) 179M->42M(494M) 8.514ms
[106.692s][info][gc,cpu         ] GC(1838) User=0.00s Sys=0.00s Real=0.00s
[106.728s][info][gc,start       ] GC(1839) Pause Young (Allocation Failure)
[106.736s][info][gc,heap        ] GC(1839) DefNew: 141209K(157248K)->1426K(157248K) Eden: 139776K(139776K)->0K(139776K) From: 1433K(17472K)->1426K(17472K)
[106.736s][info][gc,heap        ] GC(1839) Tenured: 42416K(349568K)->42439K(349568K)
[106.736s][info][gc,metaspace   ] GC(1839) Metaspace: 74132K(74496K)->74132K(74496K) NonClass: 58988K(59200K)->58988K(59200K) Class: 15144K(15296K)->15144K(15296K)
[106.736s][info][gc             ] GC(1839) Pause Young (Allocation Failure) 179M->42M(494M) 8.679ms
[106.736s][info][gc,cpu         ] GC(1839) User=0.00s Sys=0.00s Real=0.00s
[106.772s][info][gc,start       ] GC(1840) Pause Young (Allocation Failure)
[106.780s][info][gc,heap        ] GC(1840) DefNew: 141202K(157248K)->1451K(157248K) Eden: 139776K(139776K)->0K(139776K) From: 1426K(17472K)->1451K(17472K)
[106.780s][info][gc,heap        ] GC(1840) Tenured: 42439K(349568K)->42439K(349568K)
[106.780s][info][gc,metaspace   ] GC(1840) Metaspace: 74132K(74496K)->74132K(74496K) NonClass: 58988K(59200K)->58988K(59200K) Class: 15144K(15296K)->15144K(15296K)
[106.780s][info][gc             ] GC(1840) Pause Young (Allocation Failure) 179M->42M(494M) 8.521ms
[106.780s][info][gc,cpu         ] GC(1840) User=0.02s Sys=0.00s Real=0.00s
[106.816s][info][gc,start       ] GC(1841) Pause Young (Allocation Failure)
[106.824s][info][gc,heap        ] GC(1841) DefNew: 141227K(157248K)->1437K(157248K) Eden: 139776K(139776K)->0K(139776K) From: 1451K(17472K)->1437K(17472K)
[106.824s][info][gc,heap        ] GC(1841) Tenured: 42439K(349568K)->42457K(349568K)
[106.824s][info][gc,metaspace   ] GC(1841) Metaspace: 74132K(74496K)->74132K(74496K) NonClass: 58988K(59200K)->58988K(59200K) Class: 15144K(15296K)->15144K(15296K)
[106.824s][info][gc             ] GC(1841) Pause Young (Allocation Failure) 179M->42M(494M) 8.512ms
[106.824s][info][gc,cpu         ] GC(1841) User=0.00s Sys=0.00s Real=0.00s
[106.860s][info][gc,start       ] GC(1842) Pause Young (Allocation Failure)
[106.868s][info][gc,heap        ] GC(1842) DefNew: 141213K(157248K)->1390K(157248K) Eden: 139776K(139776K)->0K(139776K) From: 1437K(17472K)->1390K(17472K)
[106.868s][info][gc,heap        ] GC(1842) Tenured: 42457K(349568K)->42481K(349568K)
[106.868s][info][gc,metaspace   ] GC(1842) Metaspace: 74132K(74496K)->74132K(74496K) NonClass: 58988K(59200K)->58988K(59200K) Class: 15144K(15296K)->15144K(15296K)
[106.868s][info][gc             ] GC(1842) Pause Young (Allocation Failure) 179M->42M(494M) 8.418ms
[106.868s][info][gc,cpu         ] GC(1842) User=0.00s Sys=0.00s Real=0.00s
[106.904s][info][gc,start       ] GC(1843) Pause Young (Allocation Failure)
[106.912s][info][gc,heap        ] GC(1843) DefNew: 141166K(157248K)->1349K(157248K) Eden: 139776K(139776K)->0K(139776K) From: 1390K(17472K)->1349K(17472K)
[106.912s][info][gc,heap        ] GC(1843) Tenured: 42481K(349568K)->42483K(349568K)
[106.912s][info][gc,metaspace   ] GC(1843) Metaspace: 74132K(74496K)->74132K(74496K) NonClass: 58988K(59200K)->58988K(59200K) Class: 15144K(15296K)->15144K(15296K)
[106.912s][info][gc             ] GC(1843) Pause Young (Allocation Failure) 179M->42M(494M) 8.084ms
[106.912s][info][gc,cpu         ] GC(1843) User=0.00s Sys=0.00s Real=0.00s
[106.947s][info][gc,start       ] GC(1844) Pause Young (Allocation Failure)
[106.955s][info][gc,heap        ] GC(1844) DefNew: 141125K(157248K)->1363K(157248K) Eden: 139776K(139776K)->0K(139776K) From: 1349K(17472K)->1363K(17472K)
[106.955s][info][gc,heap        ] GC(1844) Tenured: 42483K(349568K)->42483K(349568K)
[106.955s][info][gc,metaspace   ] GC(1844) Metaspace: 74132K(74496K)->74132K(74496K) NonClass: 58988K(59200K)->58988K(59200K) Class: 15144K(15296K)->15144K(15296K)
[106.955s][info][gc             ] GC(1844) Pause Young (Allocation Failure) 179M->42M(494M) 8.132ms
[106.955s][info][gc,cpu         ] GC(1844) User=0.00s Sys=0.00s Real=0.00s
[106.991s][info][gc,start       ] GC(1845) Pause Young (Allocation Failure)
[107.000s][info][gc,heap        ] GC(1845) DefNew: 141139K(157248K)->1412K(157248K) Eden: 139776K(139776K)->0K(139776K) From: 1363K(17472K)->1412K(17472K)
[107.001s][info][gc,heap        ] GC(1845) Tenured: 42483K(349568K)->42483K(349568K)
[107.001s][info][gc,metaspace   ] GC(1845) Metaspace: 74132K(74496K)->74132K(74496K) NonClass: 58988K(59200K)->58988K(59200K) Class: 15144K(15296K)->15144K(15296K)
[107.001s][info][gc             ] GC(1845) Pause Young (Allocation Failure) 179M->42M(494M) 9.236ms
[107.001s][info][gc,cpu         ] GC(1845) User=0.00s Sys=0.00s Real=0.00s
[107.036s][info][gc,start       ] GC(1846) Pause Young (Allocation Failure)
[107.045s][info][gc,heap        ] GC(1846) DefNew: 141188K(157248K)->1411K(157248K) Eden: 139776K(139776K)->0K(139776K) From: 1412K(17472K)->1411K(17472K)
[107.045s][info][gc,heap        ] GC(1846) Tenured: 42483K(349568K)->42483K(349568K)
[107.045s][info][gc,metaspace   ] GC(1846) Metaspace: 74132K(74496K)->74132K(74496K) NonClass: 58988K(59200K)->58988K(59200K) Class: 15144K(15296K)->15144K(15296K)
[107.045s][info][gc             ] GC(1846) Pause Young (Allocation Failure) 179M->42M(494M) 8.946ms
[107.045s][info][gc,cpu         ] GC(1846) User=0.02s Sys=0.00s Real=0.01s
[107.081s][info][gc,start       ] GC(1847) Pause Young (Allocation Failure)
[107.089s][info][gc,heap        ] GC(1847) DefNew: 141187K(157248K)->1335K(157248K) Eden: 139776K(139776K)->0K(139776K) From: 1411K(17472K)->1335K(17472K)
[107.089s][info][gc,heap        ] GC(1847) Tenured: 42483K(349568K)->42484K(349568K)
[107.089s][info][gc,metaspace   ] GC(1847) Metaspace: 74132K(74496K)->74132K(74496K) NonClass: 58988K(59200K)->58988K(59200K) Class: 15144K(15296K)->15144K(15296K)
[107.089s][info][gc             ] GC(1847) Pause Young (Allocation Failure) 179M->42M(494M) 8.132ms
[107.089s][info][gc,cpu         ] GC(1847) User=0.00s Sys=0.00s Real=0.00s
[107.124s][info][gc,start       ] GC(1848) Pause Young (Allocation Failure)
[107.133s][info][gc,heap        ] GC(1848) DefNew: 141111K(157248K)->1429K(157248K) Eden: 139776K(139776K)->0K(139776K) From: 1335K(17472K)->1429K(17472K)
[107.133s][info][gc,heap        ] GC(1848) Tenured: 42484K(349568K)->42484K(349568K)
[107.133s][info][gc,metaspace   ] GC(1848) Metaspace: 74132K(74496K)->74132K(74496K) NonClass: 58988K(59200K)->58988K(59200K) Class: 15144K(15296K)->15144K(15296K)
[107.133s][info][gc             ] GC(1848) Pause Young (Allocation Failure) 179M->42M(494M) 8.597ms
[107.133s][info][gc,cpu         ] GC(1848) User=0.00s Sys=0.00s Real=0.00s
[107.169s][info][gc,start       ] GC(1849) Pause Young (Allocation Failure)
[107.177s][info][gc,heap        ] GC(1849) DefNew: 141205K(157248K)->1436K(157248K) Eden: 139776K(139776K)->0K(139776K) From: 1429K(17472K)->1436K(17472K)
[107.177s][info][gc,heap        ] GC(1849) Tenured: 42484K(349568K)->42484K(349568K)
[107.177s][info][gc,metaspace   ] GC(1849) Metaspace: 74132K(74496K)->74132K(74496K) NonClass: 58988K(59200K)->58988K(59200K) Class: 15144K(15296K)->15144K(15296K)
[107.177s][info][gc             ] GC(1849) Pause Young (Allocation Failure) 179M->42M(494M) 8.426ms
[107.177s][info][gc,cpu         ] GC(1849) User=0.00s Sys=0.00s Real=0.00s
[107.213s][info][gc,start       ] GC(1850) Pause Young (Allocation Failure)
[107.222s][info][gc,heap        ] GC(1850) DefNew: 141212K(157248K)->1467K(157248K) Eden: 139776K(139776K)->0K(139776K) From: 1436K(17472K)->1467K(17472K)
[107.222s][info][gc,heap        ] GC(1850) Tenured: 42484K(349568K)->42484K(349568K)
[107.222s][info][gc,metaspace   ] GC(1850) Metaspace: 74132K(74496K)->74132K(74496K) NonClass: 58988K(59200K)->58988K(59200K) Class: 15144K(15296K)->15144K(15296K)
[107.222s][info][gc             ] GC(1850) Pause Young (Allocation Failure) 179M->42M(494M) 8.671ms
[107.222s][info][gc,cpu         ] GC(1850) User=0.00s Sys=0.00s Real=0.00s
[107.257s][info][gc,start       ] GC(1851) Pause Young (Allocation Failure)
[107.267s][info][gc,heap        ] GC(1851) DefNew: 141243K(157248K)->1475K(157248K) Eden: 139776K(139776K)->0K(139776K) From: 1467K(17472K)->1475K(17472K)
[107.267s][info][gc,heap        ] GC(1851) Tenured: 42484K(349568K)->42484K(349568K)
[107.267s][info][gc,metaspace   ] GC(1851) Metaspace: 74132K(74496K)->74132K(74496K) NonClass: 58988K(59200K)->58988K(59200K) Class: 15144K(15296K)->15144K(15296K)
[107.267s][info][gc             ] GC(1851) Pause Young (Allocation Failure) 179M->42M(494M) 9.478ms
[107.267s][info][gc,cpu         ] GC(1851) User=0.00s Sys=0.00s Real=0.00s
[107.303s][info][gc,start       ] GC(1852) Pause Young (Allocation Failure)
[107.312s][info][gc,heap        ] GC(1852) DefNew: 141251K(157248K)->1421K(157248K) Eden: 139775K(139776K)->0K(139776K) From: 1475K(17472K)->1421K(17472K)
[107.312s][info][gc,heap        ] GC(1852) Tenured: 42484K(349568K)->42484K(349568K)
[107.312s][info][gc,metaspace   ] GC(1852) Metaspace: 74132K(74496K)->74132K(74496K) NonClass: 58988K(59200K)->58988K(59200K) Class: 15144K(15296K)->15144K(15296K)
[107.312s][info][gc             ] GC(1852) Pause Young (Allocation Failure) 179M->42M(494M) 8.827ms
[107.312s][info][gc,cpu         ] GC(1852) User=0.00s Sys=0.00s Real=0.00s
[107.348s][info][gc,start       ] GC(1853) Pause Young (Allocation Failure)
[107.373s][info][gc,heap        ] GC(1853) DefNew: 141197K(157248K)->1424K(157248K) Eden: 139776K(139776K)->0K(139776K) From: 1421K(17472K)->1424K(17472K)
[107.373s][info][gc,heap        ] GC(1853) Tenured: 42484K(349568K)->42485K(349568K)
[107.373s][info][gc,metaspace   ] GC(1853) Metaspace: 74132K(74496K)->74132K(74496K) NonClass: 58988K(59200K)->58988K(59200K) Class: 15144K(15296K)->15144K(15296K)
[107.373s][info][gc             ] GC(1853) Pause Young (Allocation Failure) 179M->42M(494M) 25.279ms
[107.373s][info][gc,cpu         ] GC(1853) User=0.02s Sys=0.00s Real=0.02s
[107.415s][info][gc,start       ] GC(1854) Pause Young (Allocation Failure)
[107.424s][info][gc,heap        ] GC(1854) DefNew: 141200K(157248K)->1435K(157248K) Eden: 139776K(139776K)->0K(139776K) From: 1424K(17472K)->1435K(17472K)
[107.424s][info][gc,heap        ] GC(1854) Tenured: 42485K(349568K)->42485K(349568K)
[107.424s][info][gc,metaspace   ] GC(1854) Metaspace: 74132K(74496K)->74132K(74496K) NonClass: 58988K(59200K)->58988K(59200K) Class: 15144K(15296K)->15144K(15296K)
[107.424s][info][gc             ] GC(1854) Pause Young (Allocation Failure) 179M->42M(494M) 8.994ms
[107.424s][info][gc,cpu         ] GC(1854) User=0.00s Sys=0.00s Real=0.00s
[107.461s][info][gc,start       ] GC(1855) Pause Young (Allocation Failure)
[107.469s][info][gc,heap        ] GC(1855) DefNew: 141211K(157248K)->1431K(157248K) Eden: 139776K(139776K)->0K(139776K) From: 1435K(17472K)->1431K(17472K)
[107.469s][info][gc,heap        ] GC(1855) Tenured: 42485K(349568K)->42486K(349568K)
[107.469s][info][gc,metaspace   ] GC(1855) Metaspace: 74132K(74496K)->74132K(74496K) NonClass: 58988K(59200K)->58988K(59200K) Class: 15144K(15296K)->15144K(15296K)
[107.469s][info][gc             ] GC(1855) Pause Young (Allocation Failure) 179M->42M(494M) 8.267ms
[107.469s][info][gc,cpu         ] GC(1855) User=0.00s Sys=0.00s Real=0.00s
[107.506s][info][gc,start       ] GC(1856) Pause Young (Allocation Failure)
[107.514s][info][gc,heap        ] GC(1856) DefNew: 141207K(157248K)->1355K(157248K) Eden: 139776K(139776K)->0K(139776K) From: 1431K(17472K)->1355K(17472K)
[107.514s][info][gc,heap        ] GC(1856) Tenured: 42486K(349568K)->42486K(349568K)
[107.514s][info][gc,metaspace   ] GC(1856) Metaspace: 74132K(74496K)->74132K(74496K) NonClass: 58988K(59200K)->58988K(59200K) Class: 15144K(15296K)->15144K(15296K)
[107.514s][info][gc             ] GC(1856) Pause Young (Allocation Failure) 179M->42M(494M) 7.586ms
[107.514s][info][gc,cpu         ] GC(1856) User=0.00s Sys=0.00s Real=0.00s
[107.551s][info][gc,start       ] GC(1857) Pause Young (Allocation Failure)
[107.559s][info][gc,heap        ] GC(1857) DefNew: 141131K(157248K)->1438K(157248K) Eden: 139776K(139776K)->0K(139776K) From: 1355K(17472K)->1438K(17472K)
[107.559s][info][gc,heap        ] GC(1857) Tenured: 42486K(349568K)->42486K(349568K)
[107.559s][info][gc,metaspace   ] GC(1857) Metaspace: 74132K(74496K)->74132K(74496K) NonClass: 58988K(59200K)->58988K(59200K) Class: 15144K(15296K)->15144K(15296K)
[107.559s][info][gc             ] GC(1857) Pause Young (Allocation Failure) 179M->42M(494M) 8.228ms
[107.559s][info][gc,cpu         ] GC(1857) User=0.00s Sys=0.00s Real=0.00s
[107.597s][info][gc,start       ] GC(1858) Pause Young (Allocation Failure)
[107.605s][info][gc,heap        ] GC(1858) DefNew: 141214K(157248K)->1435K(157248K) Eden: 139776K(139776K)->0K(139776K) From: 1438K(17472K)->1435K(17472K)
[107.605s][info][gc,heap        ] GC(1858) Tenured: 42486K(349568K)->42487K(349568K)
[107.605s][info][gc,metaspace   ] GC(1858) Metaspace: 74132K(74496K)->74132K(74496K) NonClass: 58988K(59200K)->58988K(59200K) Class: 15144K(15296K)->15144K(15296K)
[107.605s][info][gc             ] GC(1858) Pause Young (Allocation Failure) 179M->42M(494M) 8.472ms
[107.605s][info][gc,cpu         ] GC(1858) User=0.00s Sys=0.00s Real=0.00s
[107.644s][info][gc,start       ] GC(1859) Pause Young (Allocation Failure)
[107.653s][info][gc,heap        ] GC(1859) DefNew: 141211K(157248K)->1444K(157248K) Eden: 139776K(139776K)->0K(139776K) From: 1435K(17472K)->1444K(17472K)
[107.653s][info][gc,heap        ] GC(1859) Tenured: 42487K(349568K)->42487K(349568K)
[107.653s][info][gc,metaspace   ] GC(1859) Metaspace: 74132K(74496K)->74132K(74496K) NonClass: 58988K(59200K)->58988K(59200K) Class: 15144K(15296K)->15144K(15296K)
[107.653s][info][gc             ] GC(1859) Pause Young (Allocation Failure) 179M->42M(494M) 8.574ms
[107.653s][info][gc,cpu         ] GC(1859) User=0.00s Sys=0.00s Real=0.00s
[107.692s][info][gc,start       ] GC(1860) Pause Young (Allocation Failure)
[107.700s][info][gc,heap        ] GC(1860) DefNew: 141220K(157248K)->1457K(157248K) Eden: 139776K(139776K)->0K(139776K) From: 1444K(17472K)->1457K(17472K)
[107.700s][info][gc,heap        ] GC(1860) Tenured: 42487K(349568K)->42488K(349568K)
[107.700s][info][gc,metaspace   ] GC(1860) Metaspace: 74132K(74496K)->74132K(74496K) NonClass: 58988K(59200K)->58988K(59200K) Class: 15144K(15296K)->15144K(15296K)
[107.701s][info][gc             ] GC(1860) Pause Young (Allocation Failure) 179M->42M(494M) 8.430ms
[107.701s][info][gc,cpu         ] GC(1860) User=0.00s Sys=0.00s Real=0.00s
[107.741s][info][gc,start       ] GC(1861) Pause Young (Allocation Failure)
[107.749s][info][gc,heap        ] GC(1861) DefNew: 141233K(157248K)->1365K(157248K) Eden: 139776K(139776K)->0K(139776K) From: 1457K(17472K)->1365K(17472K)
[107.749s][info][gc,heap        ] GC(1861) Tenured: 42488K(349568K)->42518K(349568K)
[107.749s][info][gc,metaspace   ] GC(1861) Metaspace: 74132K(74496K)->74132K(74496K) NonClass: 58988K(59200K)->58988K(59200K) Class: 15144K(15296K)->15144K(15296K)
[107.749s][info][gc             ] GC(1861) Pause Young (Allocation Failure) 179M->42M(494M) 8.062ms
[107.749s][info][gc,cpu         ] GC(1861) User=0.02s Sys=0.00s Real=0.00s
[107.789s][info][gc,start       ] GC(1862) Pause Young (Allocation Failure)
[107.797s][info][gc,heap        ] GC(1862) DefNew: 141141K(157248K)->1417K(157248K) Eden: 139776K(139776K)->0K(139776K) From: 1365K(17472K)->1417K(17472K)
[107.797s][info][gc,heap        ] GC(1862) Tenured: 42518K(349568K)->42518K(349568K)
[107.797s][info][gc,metaspace   ] GC(1862) Metaspace: 74132K(74496K)->74132K(74496K) NonClass: 58988K(59200K)->58988K(59200K) Class: 15144K(15296K)->15144K(15296K)
[107.797s][info][gc             ] GC(1862) Pause Young (Allocation Failure) 179M->42M(494M) 7.775ms
[107.797s][info][gc,cpu         ] GC(1862) User=0.00s Sys=0.00s Real=0.00s
[107.840s][info][gc,start       ] GC(1863) Pause Young (Allocation Failure)
[107.847s][info][gc,heap        ] GC(1863) DefNew: 141193K(157248K)->1359K(157248K) Eden: 139776K(139776K)->0K(139776K) From: 1417K(17472K)->1359K(17472K)
[107.847s][info][gc,heap        ] GC(1863) Tenured: 42518K(349568K)->42544K(349568K)
[107.847s][info][gc,metaspace   ] GC(1863) Metaspace: 74132K(74496K)->74132K(74496K) NonClass: 58988K(59200K)->58988K(59200K) Class: 15144K(15296K)->15144K(15296K)
[107.847s][info][gc             ] GC(1863) Pause Young (Allocation Failure) 179M->42M(494M) 7.132ms
[107.847s][info][gc,cpu         ] GC(1863) User=0.00s Sys=0.00s Real=0.00s
[107.889s][info][gc,start       ] GC(1864) Pause Young (Allocation Failure)
[107.896s][info][gc,heap        ] GC(1864) DefNew: 141135K(157248K)->1313K(157248K) Eden: 139776K(139776K)->0K(139776K) From: 1359K(17472K)->1313K(17472K)
[107.896s][info][gc,heap        ] GC(1864) Tenured: 42544K(349568K)->42545K(349568K)
[107.896s][info][gc,metaspace   ] GC(1864) Metaspace: 74132K(74496K)->74132K(74496K) NonClass: 58988K(59200K)->58988K(59200K) Class: 15144K(15296K)->15144K(15296K)
[107.896s][info][gc             ] GC(1864) Pause Young (Allocation Failure) 179M->42M(494M) 6.451ms
[107.896s][info][gc,cpu         ] GC(1864) User=0.00s Sys=0.00s Real=0.00s
[107.943s][info][gc,start       ] GC(1865) Pause Young (Allocation Failure)
[107.950s][info][gc,heap        ] GC(1865) DefNew: 141089K(157248K)->1289K(157248K) Eden: 139776K(139776K)->0K(139776K) From: 1313K(17472K)->1289K(17472K)
[107.950s][info][gc,heap        ] GC(1865) Tenured: 42545K(349568K)->42586K(349568K)
[107.950s][info][gc,metaspace   ] GC(1865) Metaspace: 74132K(74496K)->74132K(74496K) NonClass: 58988K(59200K)->58988K(59200K) Class: 15144K(15296K)->15144K(15296K)
[107.950s][info][gc             ] GC(1865) Pause Young (Allocation Failure) 179M->42M(494M) 6.371ms
[107.950s][info][gc,cpu         ] GC(1865) User=0.00s Sys=0.00s Real=0.00s
[108.004s][info][gc,start       ] GC(1866) Pause Young (Allocation Failure)
[108.010s][info][gc,heap        ] GC(1866) DefNew: 141065K(157248K)->1220K(157248K) Eden: 139776K(139776K)->0K(139776K) From: 1289K(17472K)->1220K(17472K)
[108.010s][info][gc,heap        ] GC(1866) Tenured: 42586K(349568K)->42620K(349568K)
[108.010s][info][gc,metaspace   ] GC(1866) Metaspace: 74132K(74496K)->74132K(74496K) NonClass: 58988K(59200K)->58988K(59200K) Class: 15144K(15296K)->15144K(15296K)
[108.010s][info][gc             ] GC(1866) Pause Young (Allocation Failure) 179M->42M(494M) 5.676ms
[108.010s][info][gc,cpu         ] GC(1866) User=0.00s Sys=0.00s Real=0.00s
[108.066s][info][gc,start       ] GC(1867) Pause Young (Allocation Failure)
[108.071s][info][gc,heap        ] GC(1867) DefNew: 140996K(157248K)->1196K(157248K) Eden: 139776K(139776K)->0K(139776K) From: 1220K(17472K)->1196K(17472K)
[108.071s][info][gc,heap        ] GC(1867) Tenured: 42620K(349568K)->42645K(349568K)
[108.071s][info][gc,metaspace   ] GC(1867) Metaspace: 74132K(74496K)->74132K(74496K) NonClass: 58988K(59200K)->58988K(59200K) Class: 15144K(15296K)->15144K(15296K)
[108.071s][info][gc             ] GC(1867) Pause Young (Allocation Failure) 179M->42M(494M) 5.271ms
[108.071s][info][gc,cpu         ] GC(1867) User=0.02s Sys=0.00s Real=0.02s
[108.131s][info][gc,start       ] GC(1868) Pause Young (Allocation Failure)
[108.136s][info][gc,heap        ] GC(1868) DefNew: 140972K(157248K)->1120K(157248K) Eden: 139776K(139776K)->0K(139776K) From: 1196K(17472K)->1120K(17472K)
[108.136s][info][gc,heap        ] GC(1868) Tenured: 42645K(349568K)->42712K(349568K)
[108.136s][info][gc,metaspace   ] GC(1868) Metaspace: 74166K(74560K)->74166K(74560K) NonClass: 59022K(59264K)->59022K(59264K) Class: 15144K(15296K)->15144K(15296K)
[108.136s][info][gc             ] GC(1868) Pause Young (Allocation Failure) 179M->42M(494M) 4.990ms
[108.136s][info][gc,cpu         ] GC(1868) User=0.00s Sys=0.00s Real=0.00s
[108.201s][info][gc,start       ] GC(1869) Pause Young (Allocation Failure)
[108.206s][info][gc,heap        ] GC(1869) DefNew: 140896K(157248K)->1090K(157248K) Eden: 139776K(139776K)->0K(139776K) From: 1120K(17472K)->1090K(17472K)
[108.206s][info][gc,heap        ] GC(1869) Tenured: 42712K(349568K)->42774K(349568K)
[108.206s][info][gc,metaspace   ] GC(1869) Metaspace: 74166K(74560K)->74166K(74560K) NonClass: 59022K(59264K)->59022K(59264K) Class: 15144K(15296K)->15144K(15296K)
[108.206s][info][gc             ] GC(1869) Pause Young (Allocation Failure) 179M->42M(494M) 4.647ms
[108.206s][info][gc,cpu         ] GC(1869) User=0.00s Sys=0.00s Real=0.00s
[108.280s][info][gc,start       ] GC(1870) Pause Young (Allocation Failure)
[108.284s][info][gc,heap        ] GC(1870) DefNew: 140866K(157248K)->1001K(157248K) Eden: 139776K(139776K)->0K(139776K) From: 1090K(17472K)->1001K(17472K)
[108.284s][info][gc,heap        ] GC(1870) Tenured: 42774K(349568K)->42791K(349568K)
[108.284s][info][gc,metaspace   ] GC(1870) Metaspace: 74166K(74560K)->74166K(74560K) NonClass: 59022K(59264K)->59022K(59264K) Class: 15144K(15296K)->15144K(15296K)
[108.284s][info][gc             ] GC(1870) Pause Young (Allocation Failure) 179M->42M(494M) 4.210ms
[108.284s][info][gc,cpu         ] GC(1870) User=0.00s Sys=0.00s Real=0.00s
[108.361s][info][gc,start       ] GC(1871) Pause Young (Allocation Failure)
[108.365s][info][gc,heap        ] GC(1871) DefNew: 140777K(157248K)->986K(157248K) Eden: 139776K(139776K)->0K(139776K) From: 1001K(17472K)->986K(17472K)
[108.366s][info][gc,heap        ] GC(1871) Tenured: 42791K(349568K)->42826K(349568K)
[108.366s][info][gc,metaspace   ] GC(1871) Metaspace: 74166K(74560K)->74166K(74560K) NonClass: 59022K(59264K)->59022K(59264K) Class: 15144K(15296K)->15144K(15296K)
[108.366s][info][gc             ] GC(1871) Pause Young (Allocation Failure) 179M->42M(494M) 4.091ms
[108.366s][info][gc,cpu         ] GC(1871) User=0.00s Sys=0.00s Real=0.00s
[108.443s][info][gc,start       ] GC(1872) Pause Young (Allocation Failure)
[108.447s][info][gc,heap        ] GC(1872) DefNew: 140762K(157248K)->988K(157248K) Eden: 139776K(139776K)->0K(139776K) From: 986K(17472K)->988K(17472K)
[108.447s][info][gc,heap        ] GC(1872) Tenured: 42826K(349568K)->42837K(349568K)
[108.447s][info][gc,metaspace   ] GC(1872) Metaspace: 74166K(74560K)->74166K(74560K) NonClass: 59022K(59264K)->59022K(59264K) Class: 15144K(15296K)->15144K(15296K)
[108.447s][info][gc             ] GC(1872) Pause Young (Allocation Failure) 179M->42M(494M) 3.922ms
[108.447s][info][gc,cpu         ] GC(1872) User=0.00s Sys=0.00s Real=0.00s
[108.524s][info][gc,start       ] GC(1873) Pause Young (Allocation Failure)
[108.528s][info][gc,heap        ] GC(1873) DefNew: 140764K(157248K)->926K(157248K) Eden: 139776K(139776K)->0K(139776K) From: 988K(17472K)->926K(17472K)
[108.528s][info][gc,heap        ] GC(1873) Tenured: 42837K(349568K)->42878K(349568K)
[108.528s][info][gc,metaspace   ] GC(1873) Metaspace: 74166K(74560K)->74166K(74560K) NonClass: 59022K(59264K)->59022K(59264K) Class: 15144K(15296K)->15144K(15296K)
[108.528s][info][gc             ] GC(1873) Pause Young (Allocation Failure) 179M->42M(494M) 3.754ms
[108.528s][info][gc,cpu         ] GC(1873) User=0.00s Sys=0.00s Real=0.00s
[108.605s][info][gc,start       ] GC(1874) Pause Young (Allocation Failure)
[108.608s][info][gc,heap        ] GC(1874) DefNew: 140702K(157248K)->861K(157248K) Eden: 139776K(139776K)->0K(139776K) From: 926K(17472K)->861K(17472K)
[108.608s][info][gc,heap        ] GC(1874) Tenured: 42878K(349568K)->42919K(349568K)
[108.608s][info][gc,metaspace   ] GC(1874) Metaspace: 74166K(74560K)->74166K(74560K) NonClass: 59022K(59264K)->59022K(59264K) Class: 15144K(15296K)->15144K(15296K)
[108.608s][info][gc             ] GC(1874) Pause Young (Allocation Failure) 179M->42M(494M) 3.714ms
[108.608s][info][gc,cpu         ] GC(1874) User=0.00s Sys=0.00s Real=0.00s
[108.685s][info][gc,start       ] GC(1875) Pause Young (Allocation Failure)
[108.689s][info][gc,heap        ] GC(1875) DefNew: 140637K(157248K)->875K(157248K) Eden: 139776K(139776K)->0K(139776K) From: 861K(17472K)->875K(17472K)
[108.689s][info][gc,heap        ] GC(1875) Tenured: 42919K(349568K)->42955K(349568K)
[108.689s][info][gc,metaspace   ] GC(1875) Metaspace: 74166K(74560K)->74166K(74560K) NonClass: 59022K(59264K)->59022K(59264K) Class: 15144K(15296K)->15144K(15296K)
[108.689s][info][gc             ] GC(1875) Pause Young (Allocation Failure) 179M->42M(494M) 3.680ms
[108.689s][info][gc,cpu         ] GC(1875) User=0.00s Sys=0.00s Real=0.00s
[108.766s][info][gc,start       ] GC(1876) Pause Young (Allocation Failure)
[108.769s][info][gc,heap        ] GC(1876) DefNew: 140651K(157248K)->796K(157248K) Eden: 139776K(139776K)->0K(139776K) From: 875K(17472K)->796K(17472K)
[108.769s][info][gc,heap        ] GC(1876) Tenured: 42955K(349568K)->43006K(349568K)
[108.769s][info][gc,metaspace   ] GC(1876) Metaspace: 74166K(74560K)->74166K(74560K) NonClass: 59022K(59264K)->59022K(59264K) Class: 15144K(15296K)->15144K(15296K)
[108.769s][info][gc             ] GC(1876) Pause Young (Allocation Failure) 179M->42M(494M) 3.663ms
[108.769s][info][gc,cpu         ] GC(1876) User=0.00s Sys=0.00s Real=0.00s
[108.846s][info][gc,start       ] GC(1877) Pause Young (Allocation Failure)
[108.850s][info][gc,heap        ] GC(1877) DefNew: 140572K(157248K)->790K(157248K) Eden: 139776K(139776K)->0K(139776K) From: 796K(17472K)->790K(17472K)
[108.850s][info][gc,heap        ] GC(1877) Tenured: 43006K(349568K)->43032K(349568K)
[108.850s][info][gc,metaspace   ] GC(1877) Metaspace: 74166K(74560K)->74166K(74560K) NonClass: 59022K(59264K)->59022K(59264K) Class: 15144K(15296K)->15144K(15296K)
[108.850s][info][gc             ] GC(1877) Pause Young (Allocation Failure) 179M->42M(494M) 3.599ms
[108.850s][info][gc,cpu         ] GC(1877) User=0.00s Sys=0.00s Real=0.00s
[108.927s][info][gc,start       ] GC(1878) Pause Young (Allocation Failure)
[108.930s][info][gc,heap        ] GC(1878) DefNew: 140566K(157248K)->757K(157248K) Eden: 139776K(139776K)->0K(139776K) From: 790K(17472K)->757K(17472K)
[108.930s][info][gc,heap        ] GC(1878) Tenured: 43032K(349568K)->43059K(349568K)
[108.930s][info][gc,metaspace   ] GC(1878) Metaspace: 74166K(74560K)->74166K(74560K) NonClass: 59022K(59264K)->59022K(59264K) Class: 15144K(15296K)->15144K(15296K)
[108.930s][info][gc             ] GC(1878) Pause Young (Allocation Failure) 179M->42M(494M) 3.523ms
[108.930s][info][gc,cpu         ] GC(1878) User=0.00s Sys=0.00s Real=0.00s
[109.007s][info][gc,start       ] GC(1879) Pause Young (Allocation Failure)
[109.011s][info][gc,heap        ] GC(1879) DefNew: 140533K(157248K)->668K(157248K) Eden: 139776K(139776K)->0K(139776K) From: 757K(17472K)->668K(17472K)
[109.011s][info][gc,heap        ] GC(1879) Tenured: 43059K(349568K)->43113K(349568K)
[109.011s][info][gc,metaspace   ] GC(1879) Metaspace: 74166K(74560K)->74166K(74560K) NonClass: 59022K(59264K)->59022K(59264K) Class: 15144K(15296K)->15144K(15296K)
[109.011s][info][gc             ] GC(1879) Pause Young (Allocation Failure) 179M->42M(494M) 3.389ms
[109.011s][info][gc,cpu         ] GC(1879) User=0.00s Sys=0.00s Real=0.00s
[109.087s][info][gc,start       ] GC(1880) Pause Young (Allocation Failure)
[109.091s][info][gc,heap        ] GC(1880) DefNew: 140444K(157248K)->587K(157248K) Eden: 139776K(139776K)->0K(139776K) From: 668K(17472K)->587K(17472K)
[109.091s][info][gc,heap        ] GC(1880) Tenured: 43113K(349568K)->43220K(349568K)
[109.091s][info][gc,metaspace   ] GC(1880) Metaspace: 74166K(74560K)->74166K(74560K) NonClass: 59022K(59264K)->59022K(59264K) Class: 15144K(15296K)->15144K(15296K)
[109.091s][info][gc             ] GC(1880) Pause Young (Allocation Failure) 179M->42M(494M) 3.398ms
[109.091s][info][gc,cpu         ] GC(1880) User=0.00s Sys=0.00s Real=0.00s
[109.168s][info][gc,start       ] GC(1881) Pause Young (Allocation Failure)
[109.171s][info][gc,heap        ] GC(1881) DefNew: 140363K(157248K)->553K(157248K) Eden: 139776K(139776K)->0K(139776K) From: 587K(17472K)->553K(17472K)
[109.171s][info][gc,heap        ] GC(1881) Tenured: 43220K(349568K)->43263K(349568K)
[109.171s][info][gc,metaspace   ] GC(1881) Metaspace: 74166K(74560K)->74166K(74560K) NonClass: 59022K(59264K)->59022K(59264K) Class: 15144K(15296K)->15144K(15296K)
[109.171s][info][gc             ] GC(1881) Pause Young (Allocation Failure) 179M->42M(494M) 3.430ms
[109.171s][info][gc,cpu         ] GC(1881) User=0.00s Sys=0.00s Real=0.00s
[109.248s][info][gc,start       ] GC(1882) Pause Young (Allocation Failure)
[109.251s][info][gc,heap        ] GC(1882) DefNew: 140329K(157248K)->495K(157248K) Eden: 139776K(139776K)->0K(139776K) From: 553K(17472K)->495K(17472K)
[109.251s][info][gc,heap        ] GC(1882) Tenured: 43263K(349568K)->43314K(349568K)
[109.251s][info][gc,metaspace   ] GC(1882) Metaspace: 74166K(74560K)->74166K(74560K) NonClass: 59022K(59264K)->59022K(59264K) Class: 15144K(15296K)->15144K(15296K)
[109.251s][info][gc             ] GC(1882) Pause Young (Allocation Failure) 179M->42M(494M) 3.248ms
[109.251s][info][gc,cpu         ] GC(1882) User=0.00s Sys=0.00s Real=0.00s
[109.328s][info][gc,start       ] GC(1883) Pause Young (Allocation Failure)
[109.331s][info][gc,heap        ] GC(1883) DefNew: 140271K(157248K)->424K(157248K) Eden: 139776K(139776K)->0K(139776K) From: 495K(17472K)->424K(17472K)
[109.331s][info][gc,heap        ] GC(1883) Tenured: 43314K(349568K)->43385K(349568K)
[109.331s][info][gc,metaspace   ] GC(1883) Metaspace: 74166K(74560K)->74166K(74560K) NonClass: 59022K(59264K)->59022K(59264K) Class: 15144K(15296K)->15144K(15296K)
[109.331s][info][gc             ] GC(1883) Pause Young (Allocation Failure) 179M->42M(494M) 3.167ms
[109.331s][info][gc,cpu         ] GC(1883) User=0.00s Sys=0.00s Real=0.00s
[109.407s][info][gc,start       ] GC(1884) Pause Young (Allocation Failure)
[109.410s][info][gc,heap        ] GC(1884) DefNew: 140200K(157248K)->366K(157248K) Eden: 139776K(139776K)->0K(139776K) From: 424K(17472K)->366K(17472K)
[109.410s][info][gc,heap        ] GC(1884) Tenured: 43385K(349568K)->43424K(349568K)
[109.410s][info][gc,metaspace   ] GC(1884) Metaspace: 74166K(74560K)->74166K(74560K) NonClass: 59022K(59264K)->59022K(59264K) Class: 15144K(15296K)->15144K(15296K)
[109.410s][info][gc             ] GC(1884) Pause Young (Allocation Failure) 179M->42M(494M) 2.991ms
[109.410s][info][gc,cpu         ] GC(1884) User=0.00s Sys=0.00s Real=0.00s
[109.487s][info][gc,start       ] GC(1885) Pause Young (Allocation Failure)
[109.489s][info][gc,heap        ] GC(1885) DefNew: 140142K(157248K)->345K(157248K) Eden: 139776K(139776K)->0K(139776K) From: 366K(17472K)->345K(17472K)
[109.489s][info][gc,heap        ] GC(1885) Tenured: 43424K(349568K)->43499K(349568K)
[109.489s][info][gc,metaspace   ] GC(1885) Metaspace: 74166K(74560K)->74166K(74560K) NonClass: 59022K(59264K)->59022K(59264K) Class: 15144K(15296K)->15144K(15296K)
[109.490s][info][gc             ] GC(1885) Pause Young (Allocation Failure) 179M->42M(494M) 2.944ms
[109.490s][info][gc,cpu         ] GC(1885) User=0.00s Sys=0.00s Real=0.00s
[109.585s][info][gc,start       ] GC(1886) Pause Young (Allocation Failure)
[109.588s][info][gc,heap        ] GC(1886) DefNew: 140121K(157248K)->271K(157248K) Eden: 139776K(139776K)->0K(139776K) From: 345K(17472K)->271K(17472K)
[109.588s][info][gc,heap        ] GC(1886) Tenured: 43499K(349568K)->43499K(349568K)
[109.588s][info][gc,metaspace   ] GC(1886) Metaspace: 74166K(74560K)->74166K(74560K) NonClass: 59022K(59264K)->59022K(59264K) Class: 15144K(15296K)->15144K(15296K)
[109.588s][info][gc             ] GC(1886) Pause Young (Allocation Failure) 179M->42M(494M) 3.368ms
[109.588s][info][gc,cpu         ] GC(1886) User=0.00s Sys=0.00s Real=0.00s
[109.631s][info][gc,start       ] GC(1887) Pause Full (System.gc())
[109.631s][info][gc,phases,start] GC(1887) Phase 1: Mark live objects
[109.681s][info][gc,phases      ] GC(1887) Phase 1: Mark live objects 50.619ms
[109.682s][info][gc,phases,start] GC(1887) Phase 2: Compute new object addresses
[109.696s][info][gc,phases      ] GC(1887) Phase 2: Compute new object addresses 14.511ms
[109.696s][info][gc,phases,start] GC(1887) Phase 3: Adjust pointers
[109.717s][info][gc,phases      ] GC(1887) Phase 3: Adjust pointers 20.717ms
[109.717s][info][gc,phases,start] GC(1887) Phase 4: Move objects
[109.717s][info][gc,phases      ] GC(1887) Phase 4: Move objects 0.674ms
[109.718s][info][gc,heap        ] GC(1887) DefNew: 18430K(157248K)->0K(157248K) Eden: 18158K(139776K)->0K(139776K) From: 271K(17472K)->0K(17472K)
[109.718s][info][gc,heap        ] GC(1887) Tenured: 43499K(349568K)->44218K(349568K)
[109.718s][info][gc,metaspace   ] GC(1887) Metaspace: 74180K(74560K)->74180K(74560K) NonClass: 59036K(59264K)->59036K(59264K) Class: 15144K(15296K)->15144K(15296K)
[109.718s][info][gc             ] GC(1887) Pause Full (System.gc()) 60M->43M(494M) 87.417ms
[109.718s][info][gc,cpu         ] GC(1887) User=0.08s Sys=0.00s Real=0.07s
[109.780s][info][gc,start       ] GC(1888) Pause Young (Allocation Failure)
[109.795s][info][gc,heap        ] GC(1888) DefNew: 139776K(157248K)->3529K(157248K) Eden: 139776K(139776K)->0K(139776K) From: 0K(17472K)->3529K(17472K)
[109.795s][info][gc,heap        ] GC(1888) Tenured: 44218K(349568K)->44218K(349568K)
[109.795s][info][gc,metaspace   ] GC(1888) Metaspace: 74514K(74880K)->74514K(74880K) NonClass: 59370K(59584K)->59370K(59584K) Class: 15144K(15296K)->15144K(15296K)
[109.795s][info][gc             ] GC(1888) Pause Young (Allocation Failure) 179M->46M(494M) 14.626ms
[109.795s][info][gc,cpu         ] GC(1888) User=0.00s Sys=0.00s Real=0.00s
[109.833s][info][gc,start       ] GC(1889) Pause Young (Allocation Failure)
[109.847s][info][gc,heap        ] GC(1889) DefNew: 143305K(157248K)->3533K(157248K) Eden: 139776K(139776K)->0K(139776K) From: 3529K(17472K)->3533K(17472K)
[109.847s][info][gc,heap        ] GC(1889) Tenured: 44218K(349568K)->44218K(349568K)
[109.847s][info][gc,metaspace   ] GC(1889) Metaspace: 74514K(74880K)->74514K(74880K) NonClass: 59370K(59584K)->59370K(59584K) Class: 15144K(15296K)->15144K(15296K)
[109.847s][info][gc             ] GC(1889) Pause Young (Allocation Failure) 183M->46M(494M) 13.887ms
[109.847s][info][gc,cpu         ] GC(1889) User=0.02s Sys=0.00s Real=0.01s
[109.884s][info][gc,start       ] GC(1890) Pause Young (Allocation Failure)
[109.897s][info][gc,heap        ] GC(1890) DefNew: 143309K(157248K)->3609K(157248K) Eden: 139776K(139776K)->0K(139776K) From: 3533K(17472K)->3609K(17472K)
[109.897s][info][gc,heap        ] GC(1890) Tenured: 44218K(349568K)->44218K(349568K)
[109.897s][info][gc,metaspace   ] GC(1890) Metaspace: 74514K(74880K)->74514K(74880K) NonClass: 59370K(59584K)->59370K(59584K) Class: 15144K(15296K)->15144K(15296K)
[109.897s][info][gc             ] GC(1890) Pause Young (Allocation Failure) 183M->46M(494M) 13.268ms
[109.898s][info][gc,cpu         ] GC(1890) User=0.00s Sys=0.00s Real=0.00s
[109.934s][info][gc,start       ] GC(1891) Pause Young (Allocation Failure)
[109.946s][info][gc,heap        ] GC(1891) DefNew: 143385K(157248K)->3631K(157248K) Eden: 139776K(139776K)->0K(139776K) From: 3609K(17472K)->3631K(17472K)
[109.947s][info][gc,heap        ] GC(1891) Tenured: 44218K(349568K)->44218K(349568K)
[109.947s][info][gc,metaspace   ] GC(1891) Metaspace: 74514K(74880K)->74514K(74880K) NonClass: 59370K(59584K)->59370K(59584K) Class: 15144K(15296K)->15144K(15296K)
[109.947s][info][gc             ] GC(1891) Pause Young (Allocation Failure) 183M->46M(494M) 12.790ms
[109.947s][info][gc,cpu         ] GC(1891) User=0.00s Sys=0.00s Real=0.00s
[109.984s][info][gc,start       ] GC(1892) Pause Young (Allocation Failure)
[109.996s][info][gc,heap        ] GC(1892) DefNew: 143407K(157248K)->3600K(157248K) Eden: 139776K(139776K)->0K(139776K) From: 3631K(17472K)->3600K(17472K)
[109.996s][info][gc,heap        ] GC(1892) Tenured: 44218K(349568K)->44218K(349568K)
[109.996s][info][gc,metaspace   ] GC(1892) Metaspace: 74514K(74880K)->74514K(74880K) NonClass: 59370K(59584K)->59370K(59584K) Class: 15144K(15296K)->15144K(15296K)
[109.997s][info][gc             ] GC(1892) Pause Young (Allocation Failure) 183M->46M(494M) 12.422ms
[109.997s][info][gc,cpu         ] GC(1892) User=0.00s Sys=0.00s Real=0.00s
[110.034s][info][gc,start       ] GC(1893) Pause Young (Allocation Failure)
[110.047s][info][gc,heap        ] GC(1893) DefNew: 143376K(157248K)->3598K(157248K) Eden: 139776K(139776K)->0K(139776K) From: 3600K(17472K)->3598K(17472K)
[110.047s][info][gc,heap        ] GC(1893) Tenured: 44218K(349568K)->44218K(349568K)
[110.047s][info][gc,metaspace   ] GC(1893) Metaspace: 74514K(74880K)->74514K(74880K) NonClass: 59370K(59584K)->59370K(59584K) Class: 15144K(15296K)->15144K(15296K)
[110.047s][info][gc             ] GC(1893) Pause Young (Allocation Failure) 183M->46M(494M) 12.636ms
[110.047s][info][gc,cpu         ] GC(1893) User=0.00s Sys=0.00s Real=0.00s
[110.084s][info][gc,start       ] GC(1894) Pause Young (Allocation Failure)
[110.098s][info][gc,heap        ] GC(1894) DefNew: 143374K(157248K)->3528K(157248K) Eden: 139776K(139776K)->0K(139776K) From: 3598K(17472K)->3528K(17472K)
[110.098s][info][gc,heap        ] GC(1894) Tenured: 44218K(349568K)->44218K(349568K)
[110.098s][info][gc,metaspace   ] GC(1894) Metaspace: 74514K(74880K)->74514K(74880K) NonClass: 59370K(59584K)->59370K(59584K) Class: 15144K(15296K)->15144K(15296K)
[110.098s][info][gc             ] GC(1894) Pause Young (Allocation Failure) 183M->46M(494M) 13.812ms
[110.098s][info][gc,cpu         ] GC(1894) User=0.00s Sys=0.00s Real=0.00s
[110.135s][info][gc,start       ] GC(1895) Pause Young (Allocation Failure)
[110.148s][info][gc,heap        ] GC(1895) DefNew: 143304K(157248K)->3628K(157248K) Eden: 139776K(139776K)->0K(139776K) From: 3528K(17472K)->3628K(17472K)
[110.148s][info][gc,heap        ] GC(1895) Tenured: 44218K(349568K)->44218K(349568K)
[110.148s][info][gc,metaspace   ] GC(1895) Metaspace: 74514K(74880K)->74514K(74880K) NonClass: 59370K(59584K)->59370K(59584K) Class: 15144K(15296K)->15144K(15296K)
[110.148s][info][gc             ] GC(1895) Pause Young (Allocation Failure) 183M->46M(494M) 12.501ms
[110.148s][info][gc,cpu         ] GC(1895) User=0.00s Sys=0.00s Real=0.00s
[110.184s][info][gc,start       ] GC(1896) Pause Young (Allocation Failure)
[110.197s][info][gc,heap        ] GC(1896) DefNew: 143404K(157248K)->3584K(157248K) Eden: 139776K(139776K)->0K(139776K) From: 3628K(17472K)->3584K(17472K)
[110.197s][info][gc,heap        ] GC(1896) Tenured: 44218K(349568K)->44218K(349568K)
[110.197s][info][gc,metaspace   ] GC(1896) Metaspace: 74514K(74880K)->74514K(74880K) NonClass: 59370K(59584K)->59370K(59584K) Class: 15144K(15296K)->15144K(15296K)
[110.197s][info][gc             ] GC(1896) Pause Young (Allocation Failure) 183M->46M(494M) 12.593ms
[110.197s][info][gc,cpu         ] GC(1896) User=0.00s Sys=0.00s Real=0.00s
[110.235s][info][gc,start       ] GC(1897) Pause Young (Allocation Failure)
[110.247s][info][gc,heap        ] GC(1897) DefNew: 143360K(157248K)->3556K(157248K) Eden: 139776K(139776K)->0K(139776K) From: 3584K(17472K)->3556K(17472K)
[110.247s][info][gc,heap        ] GC(1897) Tenured: 44218K(349568K)->44218K(349568K)
[110.247s][info][gc,metaspace   ] GC(1897) Metaspace: 74514K(74880K)->74514K(74880K) NonClass: 59370K(59584K)->59370K(59584K) Class: 15144K(15296K)->15144K(15296K)
[110.247s][info][gc             ] GC(1897) Pause Young (Allocation Failure) 183M->46M(494M) 12.611ms
[110.247s][info][gc,cpu         ] GC(1897) User=0.02s Sys=0.00s Real=0.01s
[110.285s][info][gc,start       ] GC(1898) Pause Young (Allocation Failure)
[110.298s][info][gc,heap        ] GC(1898) DefNew: 143332K(157248K)->3615K(157248K) Eden: 139776K(139776K)->0K(139776K) From: 3556K(17472K)->3615K(17472K)
[110.298s][info][gc,heap        ] GC(1898) Tenured: 44218K(349568K)->44218K(349568K)
[110.298s][info][gc,metaspace   ] GC(1898) Metaspace: 74514K(74880K)->74514K(74880K) NonClass: 59370K(59584K)->59370K(59584K) Class: 15144K(15296K)->15144K(15296K)
[110.298s][info][gc             ] GC(1898) Pause Young (Allocation Failure) 183M->46M(494M) 12.395ms
[110.298s][info][gc,cpu         ] GC(1898) User=0.00s Sys=0.00s Real=0.00s
[110.336s][info][gc,start       ] GC(1899) Pause Young (Allocation Failure)
[110.348s][info][gc,heap        ] GC(1899) DefNew: 143391K(157248K)->3550K(157248K) Eden: 139776K(139776K)->0K(139776K) From: 3615K(17472K)->3550K(17472K)
[110.348s][info][gc,heap        ] GC(1899) Tenured: 44218K(349568K)->44218K(349568K)
[110.348s][info][gc,metaspace   ] GC(1899) Metaspace: 74514K(74880K)->74514K(74880K) NonClass: 59370K(59584K)->59370K(59584K) Class: 15144K(15296K)->15144K(15296K)
[110.348s][info][gc             ] GC(1899) Pause Young (Allocation Failure) 183M->46M(494M) 12.240ms
[110.348s][info][gc,cpu         ] GC(1899) User=0.00s Sys=0.00s Real=0.00s
[110.386s][info][gc,start       ] GC(1900) Pause Young (Allocation Failure)
[110.398s][info][gc,heap        ] GC(1900) DefNew: 143326K(157248K)->3558K(157248K) Eden: 139776K(139776K)->0K(139776K) From: 3550K(17472K)->3558K(17472K)
[110.398s][info][gc,heap        ] GC(1900) Tenured: 44218K(349568K)->44218K(349568K)
[110.398s][info][gc,metaspace   ] GC(1900) Metaspace: 74514K(74880K)->74514K(74880K) NonClass: 59370K(59584K)->59370K(59584K) Class: 15144K(15296K)->15144K(15296K)
[110.398s][info][gc             ] GC(1900) Pause Young (Allocation Failure) 183M->46M(494M) 12.238ms
[110.398s][info][gc,cpu         ] GC(1900) User=0.00s Sys=0.00s Real=0.00s
[110.436s][info][gc,start       ] GC(1901) Pause Young (Allocation Failure)
[110.449s][info][gc,heap        ] GC(1901) DefNew: 143334K(157248K)->3523K(157248K) Eden: 139776K(139776K)->0K(139776K) From: 3558K(17472K)->3523K(17472K)
[110.449s][info][gc,heap        ] GC(1901) Tenured: 44218K(349568K)->44218K(349568K)
[110.449s][info][gc,metaspace   ] GC(1901) Metaspace: 74514K(74880K)->74514K(74880K) NonClass: 59370K(59584K)->59370K(59584K) Class: 15144K(15296K)->15144K(15296K)
[110.449s][info][gc             ] GC(1901) Pause Young (Allocation Failure) 183M->46M(494M) 13.466ms
[110.449s][info][gc,cpu         ] GC(1901) User=0.00s Sys=0.00s Real=0.00s
[110.487s][info][gc,start       ] GC(1902) Pause Young (Allocation Failure)
[110.501s][info][gc,heap        ] GC(1902) DefNew: 143299K(157248K)->3574K(157248K) Eden: 139776K(139776K)->0K(139776K) From: 3523K(17472K)->3574K(17472K)
[110.501s][info][gc,heap        ] GC(1902) Tenured: 44218K(349568K)->44218K(349568K)
[110.501s][info][gc,metaspace   ] GC(1902) Metaspace: 74514K(74880K)->74514K(74880K) NonClass: 59370K(59584K)->59370K(59584K) Class: 15144K(15296K)->15144K(15296K)
[110.501s][info][gc             ] GC(1902) Pause Young (Allocation Failure) 183M->46M(494M) 13.696ms
[110.501s][info][gc,cpu         ] GC(1902) User=0.00s Sys=0.00s Real=0.00s
[110.538s][info][gc,start       ] GC(1903) Pause Young (Allocation Failure)
[110.551s][info][gc,heap        ] GC(1903) DefNew: 143350K(157248K)->1397K(157248K) Eden: 139776K(139776K)->0K(139776K) From: 3574K(17472K)->1397K(17472K)
[110.551s][info][gc,heap        ] GC(1903) Tenured: 44218K(349568K)->46351K(349568K)
[110.551s][info][gc,metaspace   ] GC(1903) Metaspace: 74514K(74880K)->74514K(74880K) NonClass: 59370K(59584K)->59370K(59584K) Class: 15144K(15296K)->15144K(15296K)
[110.551s][info][gc             ] GC(1903) Pause Young (Allocation Failure) 183M->46M(494M) 13.218ms
[110.551s][info][gc,cpu         ] GC(1903) User=0.00s Sys=0.00s Real=0.00s
[110.587s][info][gc,start       ] GC(1904) Pause Young (Allocation Failure)
[110.596s][info][gc,heap        ] GC(1904) DefNew: 141173K(157248K)->1412K(157248K) Eden: 139776K(139776K)->0K(139776K) From: 1397K(17472K)->1412K(17472K)
[110.596s][info][gc,heap        ] GC(1904) Tenured: 46351K(349568K)->46354K(349568K)
[110.596s][info][gc,metaspace   ] GC(1904) Metaspace: 74514K(74880K)->74514K(74880K) NonClass: 59370K(59584K)->59370K(59584K) Class: 15144K(15296K)->15144K(15296K)
[110.596s][info][gc             ] GC(1904) Pause Young (Allocation Failure) 183M->46M(494M) 8.460ms
[110.596s][info][gc,cpu         ] GC(1904) User=0.00s Sys=0.00s Real=0.00s
[110.631s][info][gc,start       ] GC(1905) Pause Young (Allocation Failure)
[110.640s][info][gc,heap        ] GC(1905) DefNew: 141188K(157248K)->1411K(157248K) Eden: 139776K(139776K)->0K(139776K) From: 1412K(17472K)->1411K(17472K)
[110.640s][info][gc,heap        ] GC(1905) Tenured: 46354K(349568K)->46358K(349568K)
[110.640s][info][gc,metaspace   ] GC(1905) Metaspace: 74514K(74880K)->74514K(74880K) NonClass: 59370K(59584K)->59370K(59584K) Class: 15144K(15296K)->15144K(15296K)
[110.640s][info][gc             ] GC(1905) Pause Young (Allocation Failure) 183M->46M(494M) 8.295ms
[110.640s][info][gc,cpu         ] GC(1905) User=0.00s Sys=0.00s Real=0.00s
[110.675s][info][gc,start       ] GC(1906) Pause Young (Allocation Failure)
[110.683s][info][gc,heap        ] GC(1906) DefNew: 141187K(157248K)->1439K(157248K) Eden: 139776K(139776K)->0K(139776K) From: 1411K(17472K)->1439K(17472K)
[110.684s][info][gc,heap        ] GC(1906) Tenured: 46358K(349568K)->46359K(349568K)
[110.684s][info][gc,metaspace   ] GC(1906) Metaspace: 74514K(74880K)->74514K(74880K) NonClass: 59370K(59584K)->59370K(59584K) Class: 15144K(15296K)->15144K(15296K)
[110.684s][info][gc             ] GC(1906) Pause Young (Allocation Failure) 183M->46M(494M) 8.426ms
[110.684s][info][gc,cpu         ] GC(1906) User=0.00s Sys=0.00s Real=0.00s
[110.719s][info][gc,start       ] GC(1907) Pause Young (Allocation Failure)
[110.728s][info][gc,heap        ] GC(1907) DefNew: 141215K(157248K)->1476K(157248K) Eden: 139776K(139776K)->0K(139776K) From: 1439K(17472K)->1476K(17472K)
[110.728s][info][gc,heap        ] GC(1907) Tenured: 46359K(349568K)->46360K(349568K)
[110.728s][info][gc,metaspace   ] GC(1907) Metaspace: 74514K(74880K)->74514K(74880K) NonClass: 59370K(59584K)->59370K(59584K) Class: 15144K(15296K)->15144K(15296K)
[110.728s][info][gc             ] GC(1907) Pause Young (Allocation Failure) 183M->46M(494M) 8.635ms
[110.728s][info][gc,cpu         ] GC(1907) User=0.00s Sys=0.00s Real=0.00s
[110.763s][info][gc,start       ] GC(1908) Pause Young (Allocation Failure)
[110.772s][info][gc,heap        ] GC(1908) DefNew: 141252K(157248K)->1433K(157248K) Eden: 139776K(139776K)->0K(139776K) From: 1476K(17472K)->1433K(17472K)
[110.772s][info][gc,heap        ] GC(1908) Tenured: 46360K(349568K)->46360K(349568K)
[110.772s][info][gc,metaspace   ] GC(1908) Metaspace: 74514K(74880K)->74514K(74880K) NonClass: 59370K(59584K)->59370K(59584K) Class: 15144K(15296K)->15144K(15296K)
[110.772s][info][gc             ] GC(1908) Pause Young (Allocation Failure) 183M->46M(494M) 9.378ms
[110.772s][info][gc,cpu         ] GC(1908) User=0.00s Sys=0.00s Real=0.01s
[110.808s][info][gc,start       ] GC(1909) Pause Young (Allocation Failure)
[110.816s][info][gc,heap        ] GC(1909) DefNew: 141209K(157248K)->1397K(157248K) Eden: 139776K(139776K)->0K(139776K) From: 1433K(17472K)->1397K(17472K)
[110.816s][info][gc,heap        ] GC(1909) Tenured: 46360K(349568K)->46360K(349568K)
[110.817s][info][gc,metaspace   ] GC(1909) Metaspace: 74514K(74880K)->74514K(74880K) NonClass: 59370K(59584K)->59370K(59584K) Class: 15144K(15296K)->15144K(15296K)
[110.817s][info][gc             ] GC(1909) Pause Young (Allocation Failure) 183M->46M(494M) 8.704ms
[110.817s][info][gc,cpu         ] GC(1909) User=0.00s Sys=0.00s Real=0.00s
[110.852s][info][gc,start       ] GC(1910) Pause Young (Allocation Failure)
[110.860s][info][gc,heap        ] GC(1910) DefNew: 141173K(157248K)->1379K(157248K) Eden: 139776K(139776K)->0K(139776K) From: 1397K(17472K)->1379K(17472K)
[110.860s][info][gc,heap        ] GC(1910) Tenured: 46360K(349568K)->46360K(349568K)
[110.860s][info][gc,metaspace   ] GC(1910) Metaspace: 74514K(74880K)->74514K(74880K) NonClass: 59370K(59584K)->59370K(59584K) Class: 15144K(15296K)->15144K(15296K)
[110.861s][info][gc             ] GC(1910) Pause Young (Allocation Failure) 183M->46M(494M) 8.235ms
[110.861s][info][gc,cpu         ] GC(1910) User=0.00s Sys=0.00s Real=0.00s
[110.896s][info][gc,start       ] GC(1911) Pause Young (Allocation Failure)
[110.904s][info][gc,heap        ] GC(1911) DefNew: 141155K(157248K)->1364K(157248K) Eden: 139776K(139776K)->0K(139776K) From: 1379K(17472K)->1364K(17472K)
[110.904s][info][gc,heap        ] GC(1911) Tenured: 46360K(349568K)->46377K(349568K)
[110.904s][info][gc,metaspace   ] GC(1911) Metaspace: 74514K(74880K)->74514K(74880K) NonClass: 59370K(59584K)->59370K(59584K) Class: 15144K(15296K)->15144K(15296K)
[110.904s][info][gc             ] GC(1911) Pause Young (Allocation Failure) 183M->46M(494M) 8.280ms
[110.904s][info][gc,cpu         ] GC(1911) User=0.00s Sys=0.00s Real=0.00s
[110.940s][info][gc,start       ] GC(1912) Pause Young (Allocation Failure)
[110.948s][info][gc,heap        ] GC(1912) DefNew: 141140K(157248K)->1418K(157248K) Eden: 139776K(139776K)->0K(139776K) From: 1364K(17472K)->1418K(17472K)
[110.948s][info][gc,heap        ] GC(1912) Tenured: 46377K(349568K)->46379K(349568K)
[110.948s][info][gc,metaspace   ] GC(1912) Metaspace: 74514K(74880K)->74514K(74880K) NonClass: 59370K(59584K)->59370K(59584K) Class: 15144K(15296K)->15144K(15296K)
[110.948s][info][gc             ] GC(1912) Pause Young (Allocation Failure) 183M->46M(494M) 8.381ms
[110.948s][info][gc,cpu         ] GC(1912) User=0.00s Sys=0.00s Real=0.00s
[110.983s][info][gc,start       ] GC(1913) Pause Young (Allocation Failure)
[110.992s][info][gc,heap        ] GC(1913) DefNew: 141194K(157248K)->1418K(157248K) Eden: 139776K(139776K)->0K(139776K) From: 1418K(17472K)->1418K(17472K)
[110.992s][info][gc,heap        ] GC(1913) Tenured: 46379K(349568K)->46379K(349568K)
[110.992s][info][gc,metaspace   ] GC(1913) Metaspace: 74514K(74880K)->74514K(74880K) NonClass: 59370K(59584K)->59370K(59584K) Class: 15144K(15296K)->15144K(15296K)
[110.992s][info][gc             ] GC(1913) Pause Young (Allocation Failure) 183M->46M(494M) 9.056ms
[110.992s][info][gc,cpu         ] GC(1913) User=0.00s Sys=0.00s Real=0.00s
[111.028s][info][gc,start       ] GC(1914) Pause Young (Allocation Failure)
[111.036s][info][gc,heap        ] GC(1914) DefNew: 141194K(157248K)->1322K(157248K) Eden: 139776K(139776K)->0K(139776K) From: 1418K(17472K)->1322K(17472K)
[111.036s][info][gc,heap        ] GC(1914) Tenured: 46379K(349568K)->46380K(349568K)
[111.036s][info][gc,metaspace   ] GC(1914) Metaspace: 74514K(74880K)->74514K(74880K) NonClass: 59370K(59584K)->59370K(59584K) Class: 15144K(15296K)->15144K(15296K)
[111.036s][info][gc             ] GC(1914) Pause Young (Allocation Failure) 183M->46M(494M) 8.400ms
[111.036s][info][gc,cpu         ] GC(1914) User=0.00s Sys=0.00s Real=0.00s
[111.071s][info][gc,start       ] GC(1915) Pause Young (Allocation Failure)
[111.080s][info][gc,heap        ] GC(1915) DefNew: 141098K(157248K)->1408K(157248K) Eden: 139776K(139776K)->0K(139776K) From: 1322K(17472K)->1408K(17472K)
[111.081s][info][gc,heap        ] GC(1915) Tenured: 46380K(349568K)->46380K(349568K)
[111.081s][info][gc,metaspace   ] GC(1915) Metaspace: 74514K(74880K)->74514K(74880K) NonClass: 59370K(59584K)->59370K(59584K) Class: 15144K(15296K)->15144K(15296K)
[111.081s][info][gc             ] GC(1915) Pause Young (Allocation Failure) 183M->46M(494M) 9.089ms
[111.081s][info][gc,cpu         ] GC(1915) User=0.00s Sys=0.00s Real=0.00s
[111.116s][info][gc,start       ] GC(1916) Pause Young (Allocation Failure)
[111.125s][info][gc,heap        ] GC(1916) DefNew: 141184K(157248K)->1389K(157248K) Eden: 139776K(139776K)->0K(139776K) From: 1408K(17472K)->1389K(17472K)
[111.125s][info][gc,heap        ] GC(1916) Tenured: 46380K(349568K)->46380K(349568K)
[111.125s][info][gc,metaspace   ] GC(1916) Metaspace: 74514K(74880K)->74514K(74880K) NonClass: 59370K(59584K)->59370K(59584K) Class: 15144K(15296K)->15144K(15296K)
[111.125s][info][gc             ] GC(1916) Pause Young (Allocation Failure) 183M->46M(494M) 8.678ms
[111.125s][info][gc,cpu         ] GC(1916) User=0.00s Sys=0.00s Real=0.00s
[111.161s][info][gc,start       ] GC(1917) Pause Young (Allocation Failure)
[111.169s][info][gc,heap        ] GC(1917) DefNew: 141165K(157248K)->1407K(157248K) Eden: 139776K(139776K)->0K(139776K) From: 1389K(17472K)->1407K(17472K)
[111.169s][info][gc,heap        ] GC(1917) Tenured: 46380K(349568K)->46380K(349568K)
[111.169s][info][gc,metaspace   ] GC(1917) Metaspace: 74514K(74880K)->74514K(74880K) NonClass: 59370K(59584K)->59370K(59584K) Class: 15144K(15296K)->15144K(15296K)
[111.169s][info][gc             ] GC(1917) Pause Young (Allocation Failure) 183M->46M(494M) 8.421ms
[111.169s][info][gc,cpu         ] GC(1917) User=0.00s Sys=0.00s Real=0.00s
[111.205s][info][gc,start       ] GC(1918) Pause Young (Allocation Failure)
[111.213s][info][gc,heap        ] GC(1918) DefNew: 141183K(157248K)->1493K(157248K) Eden: 139776K(139776K)->0K(139776K) From: 1407K(17472K)->1493K(17472K)
[111.213s][info][gc,heap        ] GC(1918) Tenured: 46380K(349568K)->46381K(349568K)
[111.213s][info][gc,metaspace   ] GC(1918) Metaspace: 74514K(74880K)->74514K(74880K) NonClass: 59370K(59584K)->59370K(59584K) Class: 15144K(15296K)->15144K(15296K)
[111.213s][info][gc             ] GC(1918) Pause Young (Allocation Failure) 183M->46M(494M) 8.553ms
[111.213s][info][gc,cpu         ] GC(1918) User=0.00s Sys=0.00s Real=0.00s
[111.249s][info][gc,start       ] GC(1919) Pause Young (Allocation Failure)
[111.258s][info][gc,heap        ] GC(1919) DefNew: 141269K(157248K)->1428K(157248K) Eden: 139776K(139776K)->0K(139776K) From: 1493K(17472K)->1428K(17472K)
[111.258s][info][gc,heap        ] GC(1919) Tenured: 46381K(349568K)->46381K(349568K)
[111.258s][info][gc,metaspace   ] GC(1919) Metaspace: 74514K(74880K)->74514K(74880K) NonClass: 59370K(59584K)->59370K(59584K) Class: 15144K(15296K)->15144K(15296K)
[111.258s][info][gc             ] GC(1919) Pause Young (Allocation Failure) 183M->46M(494M) 8.202ms
[111.258s][info][gc,cpu         ] GC(1919) User=0.00s Sys=0.00s Real=0.00s
[111.293s][info][gc,start       ] GC(1920) Pause Young (Allocation Failure)
[111.302s][info][gc,heap        ] GC(1920) DefNew: 141204K(157248K)->1542K(157248K) Eden: 139776K(139776K)->0K(139776K) From: 1428K(17472K)->1542K(17472K)
[111.302s][info][gc,heap        ] GC(1920) Tenured: 46381K(349568K)->46381K(349568K)
[111.302s][info][gc,metaspace   ] GC(1920) Metaspace: 74514K(74880K)->74514K(74880K) NonClass: 59370K(59584K)->59370K(59584K) Class: 15144K(15296K)->15144K(15296K)
[111.302s][info][gc             ] GC(1920) Pause Young (Allocation Failure) 183M->46M(494M) 8.670ms
[111.302s][info][gc,cpu         ] GC(1920) User=0.00s Sys=0.00s Real=0.00s
[111.338s][info][gc,start       ] GC(1921) Pause Young (Allocation Failure)
[111.346s][info][gc,heap        ] GC(1921) DefNew: 141318K(157248K)->1486K(157248K) Eden: 139776K(139776K)->0K(139776K) From: 1542K(17472K)->1486K(17472K)
[111.346s][info][gc,heap        ] GC(1921) Tenured: 46381K(349568K)->46382K(349568K)
[111.346s][info][gc,metaspace   ] GC(1921) Metaspace: 74514K(74880K)->74514K(74880K) NonClass: 59370K(59584K)->59370K(59584K) Class: 15144K(15296K)->15144K(15296K)
[111.346s][info][gc             ] GC(1921) Pause Young (Allocation Failure) 183M->46M(494M) 8.350ms
[111.346s][info][gc,cpu         ] GC(1921) User=0.00s Sys=0.00s Real=0.00s
[111.382s][info][gc,start       ] GC(1922) Pause Young (Allocation Failure)
[111.391s][info][gc,heap        ] GC(1922) DefNew: 141262K(157248K)->1504K(157248K) Eden: 139776K(139776K)->0K(139776K) From: 1486K(17472K)->1504K(17472K)
[111.391s][info][gc,heap        ] GC(1922) Tenured: 46382K(349568K)->46382K(349568K)
[111.391s][info][gc,metaspace   ] GC(1922) Metaspace: 74514K(74880K)->74514K(74880K) NonClass: 59370K(59584K)->59370K(59584K) Class: 15144K(15296K)->15144K(15296K)
[111.391s][info][gc             ] GC(1922) Pause Young (Allocation Failure) 183M->46M(494M) 9.302ms
[111.391s][info][gc,cpu         ] GC(1922) User=0.02s Sys=0.00s Real=0.00s
[111.427s][info][gc,start       ] GC(1923) Pause Young (Allocation Failure)
[111.436s][info][gc,heap        ] GC(1923) DefNew: 141280K(157248K)->1485K(157248K) Eden: 139776K(139776K)->0K(139776K) From: 1504K(17472K)->1485K(17472K)
[111.436s][info][gc,heap        ] GC(1923) Tenured: 46382K(349568K)->46382K(349568K)
[111.436s][info][gc,metaspace   ] GC(1923) Metaspace: 74514K(74880K)->74514K(74880K) NonClass: 59370K(59584K)->59370K(59584K) Class: 15144K(15296K)->15144K(15296K)
[111.436s][info][gc             ] GC(1923) Pause Young (Allocation Failure) 183M->46M(494M) 8.852ms
[111.436s][info][gc,cpu         ] GC(1923) User=0.00s Sys=0.00s Real=0.00s
[111.472s][info][gc,start       ] GC(1924) Pause Young (Allocation Failure)
[111.480s][info][gc,heap        ] GC(1924) DefNew: 141261K(157248K)->1487K(157248K) Eden: 139776K(139776K)->0K(139776K) From: 1485K(17472K)->1487K(17472K)
[111.480s][info][gc,heap        ] GC(1924) Tenured: 46382K(349568K)->46382K(349568K)
[111.480s][info][gc,metaspace   ] GC(1924) Metaspace: 74514K(74880K)->74514K(74880K) NonClass: 59370K(59584K)->59370K(59584K) Class: 15144K(15296K)->15144K(15296K)
[111.480s][info][gc             ] GC(1924) Pause Young (Allocation Failure) 183M->46M(494M) 8.485ms
[111.480s][info][gc,cpu         ] GC(1924) User=0.00s Sys=0.00s Real=0.00s
[111.516s][info][gc,start       ] GC(1925) Pause Young (Allocation Failure)
[111.524s][info][gc,heap        ] GC(1925) DefNew: 141263K(157248K)->1381K(157248K) Eden: 139776K(139776K)->0K(139776K) From: 1487K(17472K)->1381K(17472K)
[111.524s][info][gc,heap        ] GC(1925) Tenured: 46382K(349568K)->46383K(349568K)
[111.524s][info][gc,metaspace   ] GC(1925) Metaspace: 74514K(74880K)->74514K(74880K) NonClass: 59370K(59584K)->59370K(59584K) Class: 15144K(15296K)->15144K(15296K)
[111.524s][info][gc             ] GC(1925) Pause Young (Allocation Failure) 183M->46M(494M) 8.710ms
[111.524s][info][gc,cpu         ] GC(1925) User=0.00s Sys=0.00s Real=0.00s
[111.560s][info][gc,start       ] GC(1926) Pause Young (Allocation Failure)
[111.569s][info][gc,heap        ] GC(1926) DefNew: 141157K(157248K)->1430K(157248K) Eden: 139776K(139776K)->0K(139776K) From: 1381K(17472K)->1430K(17472K)
[111.569s][info][gc,heap        ] GC(1926) Tenured: 46383K(349568K)->46383K(349568K)
[111.569s][info][gc,metaspace   ] GC(1926) Metaspace: 74514K(74880K)->74514K(74880K) NonClass: 59370K(59584K)->59370K(59584K) Class: 15144K(15296K)->15144K(15296K)
[111.569s][info][gc             ] GC(1926) Pause Young (Allocation Failure) 183M->46M(494M) 8.745ms
[111.569s][info][gc,cpu         ] GC(1926) User=0.00s Sys=0.00s Real=0.00s
[111.604s][info][gc,start       ] GC(1927) Pause Young (Allocation Failure)
[111.613s][info][gc,heap        ] GC(1927) DefNew: 141206K(157248K)->1463K(157248K) Eden: 139776K(139776K)->0K(139776K) From: 1430K(17472K)->1463K(17472K)
[111.613s][info][gc,heap        ] GC(1927) Tenured: 46383K(349568K)->46383K(349568K)
[111.613s][info][gc,metaspace   ] GC(1927) Metaspace: 74514K(74880K)->74514K(74880K) NonClass: 59370K(59584K)->59370K(59584K) Class: 15144K(15296K)->15144K(15296K)
[111.613s][info][gc             ] GC(1927) Pause Young (Allocation Failure) 183M->46M(494M) 8.334ms
[111.613s][info][gc,cpu         ] GC(1927) User=0.00s Sys=0.00s Real=0.00s
[111.648s][info][gc,start       ] GC(1928) Pause Young (Allocation Failure)
[111.656s][info][gc,heap        ] GC(1928) DefNew: 141239K(157248K)->1414K(157248K) Eden: 139776K(139776K)->0K(139776K) From: 1463K(17472K)->1414K(17472K)
[111.656s][info][gc,heap        ] GC(1928) Tenured: 46383K(349568K)->46383K(349568K)
[111.656s][info][gc,metaspace   ] GC(1928) Metaspace: 74514K(74880K)->74514K(74880K) NonClass: 59370K(59584K)->59370K(59584K) Class: 15144K(15296K)->15144K(15296K)
[111.656s][info][gc             ] GC(1928) Pause Young (Allocation Failure) 183M->46M(494M) 8.190ms
[111.656s][info][gc,cpu         ] GC(1928) User=0.00s Sys=0.00s Real=0.00s
[111.692s][info][gc,start       ] GC(1929) Pause Young (Allocation Failure)
[111.700s][info][gc,heap        ] GC(1929) DefNew: 141190K(157248K)->1475K(157248K) Eden: 139776K(139776K)->0K(139776K) From: 1414K(17472K)->1475K(17472K)
[111.700s][info][gc,heap        ] GC(1929) Tenured: 46383K(349568K)->46383K(349568K)
[111.700s][info][gc,metaspace   ] GC(1929) Metaspace: 74514K(74880K)->74514K(74880K) NonClass: 59370K(59584K)->59370K(59584K) Class: 15144K(15296K)->15144K(15296K)
[111.700s][info][gc             ] GC(1929) Pause Young (Allocation Failure) 183M->46M(494M) 8.508ms
[111.700s][info][gc,cpu         ] GC(1929) User=0.00s Sys=0.00s Real=0.00s
[111.738s][info][gc,start       ] GC(1930) Pause Young (Allocation Failure)
[111.746s][info][gc,heap        ] GC(1930) DefNew: 141251K(157248K)->1430K(157248K) Eden: 139775K(139776K)->0K(139776K) From: 1475K(17472K)->1430K(17472K)
[111.746s][info][gc,heap        ] GC(1930) Tenured: 46383K(349568K)->46383K(349568K)
[111.746s][info][gc,metaspace   ] GC(1930) Metaspace: 74514K(74880K)->74514K(74880K) NonClass: 59370K(59584K)->59370K(59584K) Class: 15144K(15296K)->15144K(15296K)
[111.746s][info][gc             ] GC(1930) Pause Young (Allocation Failure) 183M->46M(494M) 8.337ms
[111.746s][info][gc,cpu         ] GC(1930) User=0.00s Sys=0.00s Real=0.00s
[111.783s][info][gc,start       ] GC(1931) Pause Young (Allocation Failure)
[111.791s][info][gc,heap        ] GC(1931) DefNew: 141206K(157248K)->1471K(157248K) Eden: 139776K(139776K)->0K(139776K) From: 1430K(17472K)->1471K(17472K)
[111.791s][info][gc,heap        ] GC(1931) Tenured: 46383K(349568K)->46383K(349568K)
[111.791s][info][gc,metaspace   ] GC(1931) Metaspace: 74514K(74880K)->74514K(74880K) NonClass: 59370K(59584K)->59370K(59584K) Class: 15144K(15296K)->15144K(15296K)
[111.791s][info][gc             ] GC(1931) Pause Young (Allocation Failure) 183M->46M(494M) 8.499ms
[111.791s][info][gc,cpu         ] GC(1931) User=0.00s Sys=0.00s Real=0.00s
[111.828s][info][gc,start       ] GC(1932) Pause Young (Allocation Failure)
[111.837s][info][gc,heap        ] GC(1932) DefNew: 141247K(157248K)->1386K(157248K) Eden: 139776K(139776K)->0K(139776K) From: 1471K(17472K)->1386K(17472K)
[111.837s][info][gc,heap        ] GC(1932) Tenured: 46383K(349568K)->46426K(349568K)
[111.837s][info][gc,metaspace   ] GC(1932) Metaspace: 74514K(74880K)->74514K(74880K) NonClass: 59370K(59584K)->59370K(59584K) Class: 15144K(15296K)->15144K(15296K)
[111.837s][info][gc             ] GC(1932) Pause Young (Allocation Failure) 183M->46M(494M) 9.132ms
[111.837s][info][gc,cpu         ] GC(1932) User=0.00s Sys=0.00s Real=0.00s
[111.873s][info][gc,start       ] GC(1933) Pause Young (Allocation Failure)
[111.881s][info][gc,heap        ] GC(1933) DefNew: 141162K(157248K)->1409K(157248K) Eden: 139776K(139776K)->0K(139776K) From: 1386K(17472K)->1409K(17472K)
[111.881s][info][gc,heap        ] GC(1933) Tenured: 46426K(349568K)->46446K(349568K)
[111.881s][info][gc,metaspace   ] GC(1933) Metaspace: 74514K(74880K)->74514K(74880K) NonClass: 59370K(59584K)->59370K(59584K) Class: 15144K(15296K)->15144K(15296K)
[111.882s][info][gc             ] GC(1933) Pause Young (Allocation Failure) 183M->46M(494M) 8.800ms
[111.882s][info][gc,cpu         ] GC(1933) User=0.00s Sys=0.00s Real=0.00s
[111.918s][info][gc,start       ] GC(1934) Pause Young (Allocation Failure)
[111.926s][info][gc,heap        ] GC(1934) DefNew: 141185K(157248K)->1399K(157248K) Eden: 139776K(139776K)->0K(139776K) From: 1409K(17472K)->1399K(17472K)
[111.927s][info][gc,heap        ] GC(1934) Tenured: 46446K(349568K)->46446K(349568K)
[111.927s][info][gc,metaspace   ] GC(1934) Metaspace: 74514K(74880K)->74514K(74880K) NonClass: 59370K(59584K)->59370K(59584K) Class: 15144K(15296K)->15144K(15296K)
[111.927s][info][gc             ] GC(1934) Pause Young (Allocation Failure) 183M->46M(494M) 9.057ms
[111.927s][info][gc,cpu         ] GC(1934) User=0.00s Sys=0.00s Real=0.00s
[111.962s][info][gc,start       ] GC(1935) Pause Young (Allocation Failure)
[111.971s][info][gc,heap        ] GC(1935) DefNew: 141175K(157248K)->1407K(157248K) Eden: 139776K(139776K)->0K(139776K) From: 1399K(17472K)->1407K(17472K)
[111.971s][info][gc,heap        ] GC(1935) Tenured: 46446K(349568K)->46446K(349568K)
[111.971s][info][gc,metaspace   ] GC(1935) Metaspace: 74514K(74880K)->74514K(74880K) NonClass: 59370K(59584K)->59370K(59584K) Class: 15144K(15296K)->15144K(15296K)
[111.971s][info][gc             ] GC(1935) Pause Young (Allocation Failure) 183M->46M(494M) 8.749ms
[111.971s][info][gc,cpu         ] GC(1935) User=0.00s Sys=0.00s Real=0.01s
[112.008s][info][gc,start       ] GC(1936) Pause Young (Allocation Failure)
[112.016s][info][gc,heap        ] GC(1936) DefNew: 141183K(157248K)->1388K(157248K) Eden: 139776K(139776K)->0K(139776K) From: 1407K(17472K)->1388K(17472K)
[112.016s][info][gc,heap        ] GC(1936) Tenured: 46446K(349568K)->46446K(349568K)
[112.016s][info][gc,metaspace   ] GC(1936) Metaspace: 74514K(74880K)->74514K(74880K) NonClass: 59370K(59584K)->59370K(59584K) Class: 15144K(15296K)->15144K(15296K)
[112.016s][info][gc             ] GC(1936) Pause Young (Allocation Failure) 183M->46M(494M) 8.514ms
[112.016s][info][gc,cpu         ] GC(1936) User=0.00s Sys=0.00s Real=0.00s
[112.053s][info][gc,start       ] GC(1937) Pause Young (Allocation Failure)
[112.061s][info][gc,heap        ] GC(1937) DefNew: 141164K(157248K)->1372K(157248K) Eden: 139776K(139776K)->0K(139776K) From: 1388K(17472K)->1372K(17472K)
[112.061s][info][gc,heap        ] GC(1937) Tenured: 46446K(349568K)->46446K(349568K)
[112.061s][info][gc,metaspace   ] GC(1937) Metaspace: 74514K(74880K)->74514K(74880K) NonClass: 59370K(59584K)->59370K(59584K) Class: 15144K(15296K)->15144K(15296K)
[112.062s][info][gc             ] GC(1937) Pause Young (Allocation Failure) 183M->46M(494M) 8.147ms
[112.062s][info][gc,cpu         ] GC(1937) User=0.00s Sys=0.00s Real=0.00s
[112.097s][info][gc,start       ] GC(1938) Pause Young (Allocation Failure)
[112.109s][info][gc,heap        ] GC(1938) DefNew: 141148K(157248K)->1431K(157248K) Eden: 139776K(139776K)->0K(139776K) From: 1372K(17472K)->1431K(17472K)
[112.109s][info][gc,heap        ] GC(1938) Tenured: 46446K(349568K)->46447K(349568K)
[112.109s][info][gc,metaspace   ] GC(1938) Metaspace: 74514K(74880K)->74514K(74880K) NonClass: 59370K(59584K)->59370K(59584K) Class: 15144K(15296K)->15144K(15296K)
[112.109s][info][gc             ] GC(1938) Pause Young (Allocation Failure) 183M->46M(494M) 11.629ms
[112.109s][info][gc,cpu         ] GC(1938) User=0.00s Sys=0.00s Real=0.00s
[112.144s][info][gc,start       ] GC(1939) Pause Young (Allocation Failure)
[112.153s][info][gc,heap        ] GC(1939) DefNew: 141207K(157248K)->1407K(157248K) Eden: 139776K(139776K)->0K(139776K) From: 1431K(17472K)->1407K(17472K)
[112.153s][info][gc,heap        ] GC(1939) Tenured: 46447K(349568K)->46447K(349568K)
[112.153s][info][gc,metaspace   ] GC(1939) Metaspace: 74514K(74880K)->74514K(74880K) NonClass: 59370K(59584K)->59370K(59584K) Class: 15144K(15296K)->15144K(15296K)
[112.153s][info][gc             ] GC(1939) Pause Young (Allocation Failure) 183M->46M(494M) 8.506ms
[112.153s][info][gc,cpu         ] GC(1939) User=0.00s Sys=0.00s Real=0.00s
[112.188s][info][gc,start       ] GC(1940) Pause Young (Allocation Failure)
[112.197s][info][gc,heap        ] GC(1940) DefNew: 141183K(157248K)->1356K(157248K) Eden: 139776K(139776K)->0K(139776K) From: 1407K(17472K)->1356K(17472K)
[112.197s][info][gc,heap        ] GC(1940) Tenured: 46447K(349568K)->46447K(349568K)
[112.197s][info][gc,metaspace   ] GC(1940) Metaspace: 74514K(74880K)->74514K(74880K) NonClass: 59370K(59584K)->59370K(59584K) Class: 15144K(15296K)->15144K(15296K)
[112.197s][info][gc             ] GC(1940) Pause Young (Allocation Failure) 183M->46M(494M) 8.457ms
[112.197s][info][gc,cpu         ] GC(1940) User=0.00s Sys=0.00s Real=0.00s
[112.232s][info][gc,start       ] GC(1941) Pause Young (Allocation Failure)
[112.241s][info][gc,heap        ] GC(1941) DefNew: 141132K(157248K)->1415K(157248K) Eden: 139776K(139776K)->0K(139776K) From: 1356K(17472K)->1415K(17472K)
[112.241s][info][gc,heap        ] GC(1941) Tenured: 46447K(349568K)->46447K(349568K)
[112.241s][info][gc,metaspace   ] GC(1941) Metaspace: 74514K(74880K)->74514K(74880K) NonClass: 59370K(59584K)->59370K(59584K) Class: 15144K(15296K)->15144K(15296K)
[112.241s][info][gc             ] GC(1941) Pause Young (Allocation Failure) 183M->46M(494M) 8.471ms
[112.241s][info][gc,cpu         ] GC(1941) User=0.00s Sys=0.00s Real=0.00s
[112.276s][info][gc,start       ] GC(1942) Pause Young (Allocation Failure)
[112.285s][info][gc,heap        ] GC(1942) DefNew: 141191K(157248K)->1450K(157248K) Eden: 139776K(139776K)->0K(139776K) From: 1415K(17472K)->1450K(17472K)
[112.285s][info][gc,heap        ] GC(1942) Tenured: 46447K(349568K)->46447K(349568K)
[112.285s][info][gc,metaspace   ] GC(1942) Metaspace: 74514K(74880K)->74514K(74880K) NonClass: 59370K(59584K)->59370K(59584K) Class: 15144K(15296K)->15144K(15296K)
[112.285s][info][gc             ] GC(1942) Pause Young (Allocation Failure) 183M->46M(494M) 8.516ms
[112.285s][info][gc,cpu         ] GC(1942) User=0.00s Sys=0.00s Real=0.00s
[112.320s][info][gc,start       ] GC(1943) Pause Young (Allocation Failure)
[112.328s][info][gc,heap        ] GC(1943) DefNew: 141226K(157248K)->1405K(157248K) Eden: 139776K(139776K)->0K(139776K) From: 1450K(17472K)->1405K(17472K)
[112.328s][info][gc,heap        ] GC(1943) Tenured: 46447K(349568K)->46448K(349568K)
[112.328s][info][gc,metaspace   ] GC(1943) Metaspace: 74514K(74880K)->74514K(74880K) NonClass: 59370K(59584K)->59370K(59584K) Class: 15144K(15296K)->15144K(15296K)
[112.328s][info][gc             ] GC(1943) Pause Young (Allocation Failure) 183M->46M(494M) 8.365ms
[112.328s][info][gc,cpu         ] GC(1943) User=0.00s Sys=0.00s Real=0.00s
[112.364s][info][gc,start       ] GC(1944) Pause Young (Allocation Failure)
[112.372s][info][gc,heap        ] GC(1944) DefNew: 141181K(157248K)->1412K(157248K) Eden: 139776K(139776K)->0K(139776K) From: 1405K(17472K)->1412K(17472K)
[112.372s][info][gc,heap        ] GC(1944) Tenured: 46448K(349568K)->46448K(349568K)
[112.372s][info][gc,metaspace   ] GC(1944) Metaspace: 74514K(74880K)->74514K(74880K) NonClass: 59370K(59584K)->59370K(59584K) Class: 15144K(15296K)->15144K(15296K)
[112.372s][info][gc             ] GC(1944) Pause Young (Allocation Failure) 183M->46M(494M) 8.219ms
[112.372s][info][gc,cpu         ] GC(1944) User=0.00s Sys=0.00s Real=0.00s
[112.408s][info][gc,start       ] GC(1945) Pause Young (Allocation Failure)
[112.416s][info][gc,heap        ] GC(1945) DefNew: 141188K(157248K)->1402K(157248K) Eden: 139776K(139776K)->0K(139776K) From: 1412K(17472K)->1402K(17472K)
[112.416s][info][gc,heap        ] GC(1945) Tenured: 46448K(349568K)->46448K(349568K)
[112.416s][info][gc,metaspace   ] GC(1945) Metaspace: 74514K(74880K)->74514K(74880K) NonClass: 59370K(59584K)->59370K(59584K) Class: 15144K(15296K)->15144K(15296K)
[112.416s][info][gc             ] GC(1945) Pause Young (Allocation Failure) 183M->46M(494M) 8.414ms
[112.416s][info][gc,cpu         ] GC(1945) User=0.02s Sys=0.00s Real=0.01s
[112.451s][info][gc,start       ] GC(1946) Pause Young (Allocation Failure)
[112.459s][info][gc,heap        ] GC(1946) DefNew: 141178K(157248K)->1422K(157248K) Eden: 139776K(139776K)->0K(139776K) From: 1402K(17472K)->1422K(17472K)
[112.459s][info][gc,heap        ] GC(1946) Tenured: 46448K(349568K)->46448K(349568K)
[112.459s][info][gc,metaspace   ] GC(1946) Metaspace: 74514K(74880K)->74514K(74880K) NonClass: 59370K(59584K)->59370K(59584K) Class: 15144K(15296K)->15144K(15296K)
[112.459s][info][gc             ] GC(1946) Pause Young (Allocation Failure) 183M->46M(494M) 8.260ms
[112.459s][info][gc,cpu         ] GC(1946) User=0.00s Sys=0.00s Real=0.00s
[112.495s][info][gc,start       ] GC(1947) Pause Young (Allocation Failure)
[112.503s][info][gc,heap        ] GC(1947) DefNew: 141198K(157248K)->1438K(157248K) Eden: 139776K(139776K)->0K(139776K) From: 1422K(17472K)->1438K(17472K)
[112.503s][info][gc,heap        ] GC(1947) Tenured: 46448K(349568K)->46448K(349568K)
[112.503s][info][gc,metaspace   ] GC(1947) Metaspace: 74514K(74880K)->74514K(74880K) NonClass: 59370K(59584K)->59370K(59584K) Class: 15144K(15296K)->15144K(15296K)
[112.503s][info][gc             ] GC(1947) Pause Young (Allocation Failure) 183M->46M(494M) 8.418ms
[112.503s][info][gc,cpu         ] GC(1947) User=0.00s Sys=0.00s Real=0.00s
[112.538s][info][gc,start       ] GC(1948) Pause Young (Allocation Failure)
[112.547s][info][gc,heap        ] GC(1948) DefNew: 141214K(157248K)->1437K(157248K) Eden: 139776K(139776K)->0K(139776K) From: 1438K(17472K)->1437K(17472K)
[112.547s][info][gc,heap        ] GC(1948) Tenured: 46448K(349568K)->46448K(349568K)
[112.547s][info][gc,metaspace   ] GC(1948) Metaspace: 74514K(74880K)->74514K(74880K) NonClass: 59370K(59584K)->59370K(59584K) Class: 15144K(15296K)->15144K(15296K)
[112.547s][info][gc             ] GC(1948) Pause Young (Allocation Failure) 183M->46M(494M) 8.463ms
[112.547s][info][gc,cpu         ] GC(1948) User=0.00s Sys=0.00s Real=0.00s
[112.582s][info][gc,start       ] GC(1949) Pause Young (Allocation Failure)
[112.590s][info][gc,heap        ] GC(1949) DefNew: 141213K(157248K)->1329K(157248K) Eden: 139776K(139776K)->0K(139776K) From: 1437K(17472K)->1329K(17472K)
[112.590s][info][gc,heap        ] GC(1949) Tenured: 46448K(349568K)->46448K(349568K)
[112.590s][info][gc,metaspace   ] GC(1949) Metaspace: 74514K(74880K)->74514K(74880K) NonClass: 59370K(59584K)->59370K(59584K) Class: 15144K(15296K)->15144K(15296K)
[112.590s][info][gc             ] GC(1949) Pause Young (Allocation Failure) 183M->46M(494M) 7.965ms
[112.590s][info][gc,cpu         ] GC(1949) User=0.00s Sys=0.00s Real=0.00s
[112.627s][info][gc,start       ] GC(1950) Pause Young (Allocation Failure)
[112.635s][info][gc,heap        ] GC(1950) DefNew: 141105K(157248K)->1356K(157248K) Eden: 139776K(139776K)->0K(139776K) From: 1329K(17472K)->1356K(17472K)
[112.635s][info][gc,heap        ] GC(1950) Tenured: 46448K(349568K)->46448K(349568K)
[112.635s][info][gc,metaspace   ] GC(1950) Metaspace: 74514K(74880K)->74514K(74880K) NonClass: 59370K(59584K)->59370K(59584K) Class: 15144K(15296K)->15144K(15296K)
[112.635s][info][gc             ] GC(1950) Pause Young (Allocation Failure) 183M->46M(494M) 8.179ms
[112.635s][info][gc,cpu         ] GC(1950) User=0.02s Sys=0.00s Real=0.01s
[112.672s][info][gc,start       ] GC(1951) Pause Young (Allocation Failure)
[112.680s][info][gc,heap        ] GC(1951) DefNew: 141132K(157248K)->1338K(157248K) Eden: 139776K(139776K)->0K(139776K) From: 1356K(17472K)->1338K(17472K)
[112.680s][info][gc,heap        ] GC(1951) Tenured: 46448K(349568K)->46448K(349568K)
[112.680s][info][gc,metaspace   ] GC(1951) Metaspace: 74514K(74880K)->74514K(74880K) NonClass: 59370K(59584K)->59370K(59584K) Class: 15144K(15296K)->15144K(15296K)
[112.680s][info][gc             ] GC(1951) Pause Young (Allocation Failure) 183M->46M(494M) 8.162ms
[112.680s][info][gc,cpu         ] GC(1951) User=0.00s Sys=0.00s Real=0.00s
[112.718s][info][gc,start       ] GC(1952) Pause Young (Allocation Failure)
[112.726s][info][gc,heap        ] GC(1952) DefNew: 141114K(157248K)->1402K(157248K) Eden: 139776K(139776K)->0K(139776K) From: 1338K(17472K)->1402K(17472K)
[112.726s][info][gc,heap        ] GC(1952) Tenured: 46448K(349568K)->46449K(349568K)
[112.726s][info][gc,metaspace   ] GC(1952) Metaspace: 74514K(74880K)->74514K(74880K) NonClass: 59370K(59584K)->59370K(59584K) Class: 15144K(15296K)->15144K(15296K)
[112.726s][info][gc             ] GC(1952) Pause Young (Allocation Failure) 183M->46M(494M) 8.698ms
[112.726s][info][gc,cpu         ] GC(1952) User=0.03s Sys=0.00s Real=0.01s
[112.763s][info][gc,start       ] GC(1953) Pause Young (Allocation Failure)
[112.771s][info][gc,heap        ] GC(1953) DefNew: 141178K(157248K)->1382K(157248K) Eden: 139776K(139776K)->0K(139776K) From: 1402K(17472K)->1382K(17472K)
[112.771s][info][gc,heap        ] GC(1953) Tenured: 46449K(349568K)->46449K(349568K)
[112.771s][info][gc,metaspace   ] GC(1953) Metaspace: 74514K(74880K)->74514K(74880K) NonClass: 59370K(59584K)->59370K(59584K) Class: 15144K(15296K)->15144K(15296K)
[112.771s][info][gc             ] GC(1953) Pause Young (Allocation Failure) 183M->46M(494M) 8.238ms
[112.771s][info][gc,cpu         ] GC(1953) User=0.00s Sys=0.00s Real=0.00s
[112.806s][info][gc,start       ] GC(1954) Pause Young (Allocation Failure)
[112.814s][info][gc,heap        ] GC(1954) DefNew: 141158K(157248K)->1366K(157248K) Eden: 139776K(139776K)->0K(139776K) From: 1382K(17472K)->1366K(17472K)
[112.814s][info][gc,heap        ] GC(1954) Tenured: 46449K(349568K)->46450K(349568K)
[112.814s][info][gc,metaspace   ] GC(1954) Metaspace: 74514K(74880K)->74514K(74880K) NonClass: 59370K(59584K)->59370K(59584K) Class: 15144K(15296K)->15144K(15296K)
[112.814s][info][gc             ] GC(1954) Pause Young (Allocation Failure) 183M->46M(494M) 8.030ms
[112.815s][info][gc,cpu         ] GC(1954) User=0.00s Sys=0.00s Real=0.00s
[112.850s][info][gc,start       ] GC(1955) Pause Young (Allocation Failure)
[112.858s][info][gc,heap        ] GC(1955) DefNew: 141142K(157248K)->1386K(157248K) Eden: 139776K(139776K)->0K(139776K) From: 1366K(17472K)->1386K(17472K)
[112.858s][info][gc,heap        ] GC(1955) Tenured: 46450K(349568K)->46472K(349568K)
[112.858s][info][gc,metaspace   ] GC(1955) Metaspace: 74514K(74880K)->74514K(74880K) NonClass: 59370K(59584K)->59370K(59584K) Class: 15144K(15296K)->15144K(15296K)
[112.858s][info][gc             ] GC(1955) Pause Young (Allocation Failure) 183M->46M(494M) 8.256ms
[112.858s][info][gc,cpu         ] GC(1955) User=0.02s Sys=0.00s Real=0.00s
[112.893s][info][gc,start       ] GC(1956) Pause Young (Allocation Failure)
[112.901s][info][gc,heap        ] GC(1956) DefNew: 141162K(157248K)->1351K(157248K) Eden: 139776K(139776K)->0K(139776K) From: 1386K(17472K)->1351K(17472K)
[112.901s][info][gc,heap        ] GC(1956) Tenured: 46472K(349568K)->46473K(349568K)
[112.901s][info][gc,metaspace   ] GC(1956) Metaspace: 74514K(74880K)->74514K(74880K) NonClass: 59370K(59584K)->59370K(59584K) Class: 15144K(15296K)->15144K(15296K)
[112.901s][info][gc             ] GC(1956) Pause Young (Allocation Failure) 183M->46M(494M) 8.088ms
[112.901s][info][gc,cpu         ] GC(1956) User=0.00s Sys=0.00s Real=0.00s
[112.936s][info][gc,start       ] GC(1957) Pause Young (Allocation Failure)
[112.945s][info][gc,heap        ] GC(1957) DefNew: 141127K(157248K)->1412K(157248K) Eden: 139776K(139776K)->0K(139776K) From: 1351K(17472K)->1412K(17472K)
[112.945s][info][gc,heap        ] GC(1957) Tenured: 46473K(349568K)->46473K(349568K)
[112.945s][info][gc,metaspace   ] GC(1957) Metaspace: 74514K(74880K)->74514K(74880K) NonClass: 59370K(59584K)->59370K(59584K) Class: 15144K(15296K)->15144K(15296K)
[112.945s][info][gc             ] GC(1957) Pause Young (Allocation Failure) 183M->46M(494M) 8.435ms
[112.945s][info][gc,cpu         ] GC(1957) User=0.00s Sys=0.00s Real=0.00s
[112.980s][info][gc,start       ] GC(1958) Pause Young (Allocation Failure)
[112.989s][info][gc,heap        ] GC(1958) DefNew: 141188K(157248K)->1431K(157248K) Eden: 139776K(139776K)->0K(139776K) From: 1412K(17472K)->1431K(17472K)
[112.989s][info][gc,heap        ] GC(1958) Tenured: 46473K(349568K)->46473K(349568K)
[112.989s][info][gc,metaspace   ] GC(1958) Metaspace: 74514K(74880K)->74514K(74880K) NonClass: 59370K(59584K)->59370K(59584K) Class: 15144K(15296K)->15144K(15296K)
[112.989s][info][gc             ] GC(1958) Pause Young (Allocation Failure) 183M->46M(494M) 8.379ms
[112.989s][info][gc,cpu         ] GC(1958) User=0.00s Sys=0.00s Real=0.00s
[113.024s][info][gc,start       ] GC(1959) Pause Young (Allocation Failure)
[113.032s][info][gc,heap        ] GC(1959) DefNew: 141207K(157248K)->1366K(157248K) Eden: 139776K(139776K)->0K(139776K) From: 1431K(17472K)->1366K(17472K)
[113.032s][info][gc,heap        ] GC(1959) Tenured: 46473K(349568K)->46474K(349568K)
[113.032s][info][gc,metaspace   ] GC(1959) Metaspace: 74514K(74880K)->74514K(74880K) NonClass: 59370K(59584K)->59370K(59584K) Class: 15144K(15296K)->15144K(15296K)
[113.032s][info][gc             ] GC(1959) Pause Young (Allocation Failure) 183M->46M(494M) 8.118ms
[113.032s][info][gc,cpu         ] GC(1959) User=0.00s Sys=0.00s Real=0.00s
[113.067s][info][gc,start       ] GC(1960) Pause Young (Allocation Failure)
[113.075s][info][gc,heap        ] GC(1960) DefNew: 141142K(157248K)->1441K(157248K) Eden: 139776K(139776K)->0K(139776K) From: 1366K(17472K)->1441K(17472K)
[113.076s][info][gc,heap        ] GC(1960) Tenured: 46474K(349568K)->46474K(349568K)
[113.076s][info][gc,metaspace   ] GC(1960) Metaspace: 74514K(74880K)->74514K(74880K) NonClass: 59370K(59584K)->59370K(59584K) Class: 15144K(15296K)->15144K(15296K)
[113.076s][info][gc             ] GC(1960) Pause Young (Allocation Failure) 183M->46M(494M) 8.417ms
[113.076s][info][gc,cpu         ] GC(1960) User=0.00s Sys=0.00s Real=0.00s
[113.111s][info][gc,start       ] GC(1961) Pause Young (Allocation Failure)
[113.119s][info][gc,heap        ] GC(1961) DefNew: 141217K(157248K)->1414K(157248K) Eden: 139776K(139776K)->0K(139776K) From: 1441K(17472K)->1414K(17472K)
[113.119s][info][gc,heap        ] GC(1961) Tenured: 46474K(349568K)->46474K(349568K)
[113.119s][info][gc,metaspace   ] GC(1961) Metaspace: 74514K(74880K)->74514K(74880K) NonClass: 59370K(59584K)->59370K(59584K) Class: 15144K(15296K)->15144K(15296K)
[113.119s][info][gc             ] GC(1961) Pause Young (Allocation Failure) 183M->46M(494M) 8.282ms
[113.119s][info][gc,cpu         ] GC(1961) User=0.00s Sys=0.00s Real=0.00s
[113.154s][info][gc,start       ] GC(1962) Pause Young (Allocation Failure)
[113.163s][info][gc,heap        ] GC(1962) DefNew: 141190K(157248K)->1364K(157248K) Eden: 139776K(139776K)->0K(139776K) From: 1414K(17472K)->1364K(17472K)
[113.163s][info][gc,heap        ] GC(1962) Tenured: 46474K(349568K)->46474K(349568K)
[113.163s][info][gc,metaspace   ] GC(1962) Metaspace: 74514K(74880K)->74514K(74880K) NonClass: 59370K(59584K)->59370K(59584K) Class: 15144K(15296K)->15144K(15296K)
[113.163s][info][gc             ] GC(1962) Pause Young (Allocation Failure) 183M->46M(494M) 9.003ms
[113.163s][info][gc,cpu         ] GC(1962) User=0.00s Sys=0.00s Real=0.00s
[113.199s][info][gc,start       ] GC(1963) Pause Young (Allocation Failure)
[113.207s][info][gc,heap        ] GC(1963) DefNew: 141140K(157248K)->1426K(157248K) Eden: 139776K(139776K)->0K(139776K) From: 1364K(17472K)->1426K(17472K)
[113.207s][info][gc,heap        ] GC(1963) Tenured: 46474K(349568K)->46475K(349568K)
[113.207s][info][gc,metaspace   ] GC(1963) Metaspace: 74514K(74880K)->74514K(74880K) NonClass: 59370K(59584K)->59370K(59584K) Class: 15144K(15296K)->15144K(15296K)
[113.207s][info][gc             ] GC(1963) Pause Young (Allocation Failure) 183M->46M(494M) 8.705ms
[113.207s][info][gc,cpu         ] GC(1963) User=0.00s Sys=0.00s Real=0.00s
[113.243s][info][gc,start       ] GC(1964) Pause Young (Allocation Failure)
[113.251s][info][gc,heap        ] GC(1964) DefNew: 141202K(157248K)->1454K(157248K) Eden: 139776K(139776K)->0K(139776K) From: 1426K(17472K)->1454K(17472K)
[113.251s][info][gc,heap        ] GC(1964) Tenured: 46475K(349568K)->46475K(349568K)
[113.252s][info][gc,metaspace   ] GC(1964) Metaspace: 74514K(74880K)->74514K(74880K) NonClass: 59370K(59584K)->59370K(59584K) Class: 15144K(15296K)->15144K(15296K)
[113.252s][info][gc             ] GC(1964) Pause Young (Allocation Failure) 183M->46M(494M) 8.454ms
[113.252s][info][gc,cpu         ] GC(1964) User=0.00s Sys=0.00s Real=0.00s
[113.287s][info][gc,start       ] GC(1965) Pause Young (Allocation Failure)
[113.295s][info][gc,heap        ] GC(1965) DefNew: 141230K(157248K)->1405K(157248K) Eden: 139776K(139776K)->0K(139776K) From: 1454K(17472K)->1405K(17472K)
[113.295s][info][gc,heap        ] GC(1965) Tenured: 46475K(349568K)->46475K(349568K)
[113.295s][info][gc,metaspace   ] GC(1965) Metaspace: 74514K(74880K)->74514K(74880K) NonClass: 59370K(59584K)->59370K(59584K) Class: 15144K(15296K)->15144K(15296K)
[113.295s][info][gc             ] GC(1965) Pause Young (Allocation Failure) 183M->46M(494M) 8.406ms
[113.295s][info][gc,cpu         ] GC(1965) User=0.00s Sys=0.00s Real=0.00s
[113.331s][info][gc,start       ] GC(1966) Pause Young (Allocation Failure)
[113.339s][info][gc,heap        ] GC(1966) DefNew: 141181K(157248K)->1325K(157248K) Eden: 139776K(139776K)->0K(139776K) From: 1405K(17472K)->1325K(17472K)
[113.340s][info][gc,heap        ] GC(1966) Tenured: 46475K(349568K)->46475K(349568K)
[113.340s][info][gc,metaspace   ] GC(1966) Metaspace: 74514K(74880K)->74514K(74880K) NonClass: 59370K(59584K)->59370K(59584K) Class: 15144K(15296K)->15144K(15296K)
[113.340s][info][gc             ] GC(1966) Pause Young (Allocation Failure) 183M->46M(494M) 8.906ms
[113.340s][info][gc,cpu         ] GC(1966) User=0.00s Sys=0.00s Real=0.00s
[113.375s][info][gc,start       ] GC(1967) Pause Young (Allocation Failure)
[113.384s][info][gc,heap        ] GC(1967) DefNew: 141101K(157248K)->1442K(157248K) Eden: 139776K(139776K)->0K(139776K) From: 1325K(17472K)->1442K(17472K)
[113.384s][info][gc,heap        ] GC(1967) Tenured: 46475K(349568K)->46475K(349568K)
[113.384s][info][gc,metaspace   ] GC(1967) Metaspace: 74514K(74880K)->74514K(74880K) NonClass: 59370K(59584K)->59370K(59584K) Class: 15144K(15296K)->15144K(15296K)
[113.384s][info][gc             ] GC(1967) Pause Young (Allocation Failure) 183M->46M(494M) 8.779ms
[113.384s][info][gc,cpu         ] GC(1967) User=0.00s Sys=0.00s Real=0.00s
[113.420s][info][gc,start       ] GC(1968) Pause Young (Allocation Failure)
[113.428s][info][gc,heap        ] GC(1968) DefNew: 141218K(157248K)->1390K(157248K) Eden: 139776K(139776K)->0K(139776K) From: 1442K(17472K)->1390K(17472K)
[113.428s][info][gc,heap        ] GC(1968) Tenured: 46475K(349568K)->46475K(349568K)
[113.428s][info][gc,metaspace   ] GC(1968) Metaspace: 74514K(74880K)->74514K(74880K) NonClass: 59370K(59584K)->59370K(59584K) Class: 15144K(15296K)->15144K(15296K)
[113.428s][info][gc             ] GC(1968) Pause Young (Allocation Failure) 183M->46M(494M) 8.131ms
[113.428s][info][gc,cpu         ] GC(1968) User=0.00s Sys=0.00s Real=0.00s
[113.464s][info][gc,start       ] GC(1969) Pause Young (Allocation Failure)
[113.472s][info][gc,heap        ] GC(1969) DefNew: 141166K(157248K)->1453K(157248K) Eden: 139776K(139776K)->0K(139776K) From: 1390K(17472K)->1453K(17472K)
[113.472s][info][gc,heap        ] GC(1969) Tenured: 46475K(349568K)->46476K(349568K)
[113.472s][info][gc,metaspace   ] GC(1969) Metaspace: 74514K(74880K)->74514K(74880K) NonClass: 59370K(59584K)->59370K(59584K) Class: 15144K(15296K)->15144K(15296K)
[113.472s][info][gc             ] GC(1969) Pause Young (Allocation Failure) 183M->46M(494M) 8.621ms
[113.472s][info][gc,cpu         ] GC(1969) User=0.00s Sys=0.00s Real=0.00s
[113.507s][info][gc,start       ] GC(1970) Pause Young (Allocation Failure)
[113.516s][info][gc,heap        ] GC(1970) DefNew: 141229K(157248K)->1496K(157248K) Eden: 139776K(139776K)->0K(139776K) From: 1453K(17472K)->1496K(17472K)
[113.516s][info][gc,heap        ] GC(1970) Tenured: 46476K(349568K)->46476K(349568K)
[113.516s][info][gc,metaspace   ] GC(1970) Metaspace: 74514K(74880K)->74514K(74880K) NonClass: 59370K(59584K)->59370K(59584K) Class: 15144K(15296K)->15144K(15296K)
[113.516s][info][gc             ] GC(1970) Pause Young (Allocation Failure) 183M->46M(494M) 8.814ms
[113.516s][info][gc,cpu         ] GC(1970) User=0.00s Sys=0.00s Real=0.00s
[113.551s][info][gc,start       ] GC(1971) Pause Young (Allocation Failure)
[113.560s][info][gc,heap        ] GC(1971) DefNew: 141272K(157248K)->1405K(157248K) Eden: 139776K(139776K)->0K(139776K) From: 1496K(17472K)->1405K(17472K)
[113.560s][info][gc,heap        ] GC(1971) Tenured: 46476K(349568K)->46477K(349568K)
[113.560s][info][gc,metaspace   ] GC(1971) Metaspace: 74514K(74880K)->74514K(74880K) NonClass: 59370K(59584K)->59370K(59584K) Class: 15144K(15296K)->15144K(15296K)
[113.561s][info][gc             ] GC(1971) Pause Young (Allocation Failure) 183M->46M(494M) 9.121ms
[113.561s][info][gc,cpu         ] GC(1971) User=0.00s Sys=0.00s Real=0.00s
[113.597s][info][gc,start       ] GC(1972) Pause Young (Allocation Failure)
[113.606s][info][gc,heap        ] GC(1972) DefNew: 141181K(157248K)->1410K(157248K) Eden: 139775K(139776K)->0K(139776K) From: 1405K(17472K)->1410K(17472K)
[113.606s][info][gc,heap        ] GC(1972) Tenured: 46477K(349568K)->46477K(349568K)
[113.606s][info][gc,metaspace   ] GC(1972) Metaspace: 74514K(74880K)->74514K(74880K) NonClass: 59370K(59584K)->59370K(59584K) Class: 15144K(15296K)->15144K(15296K)
[113.606s][info][gc             ] GC(1972) Pause Young (Allocation Failure) 183M->46M(494M) 9.078ms
[113.606s][info][gc,cpu         ] GC(1972) User=0.00s Sys=0.00s Real=0.00s
[113.641s][info][gc,start       ] GC(1973) Pause Young (Allocation Failure)
[113.650s][info][gc,heap        ] GC(1973) DefNew: 141186K(157248K)->1432K(157248K) Eden: 139776K(139776K)->0K(139776K) From: 1410K(17472K)->1432K(17472K)
[113.650s][info][gc,heap        ] GC(1973) Tenured: 46477K(349568K)->46478K(349568K)
[113.650s][info][gc,metaspace   ] GC(1973) Metaspace: 74514K(74880K)->74514K(74880K) NonClass: 59370K(59584K)->59370K(59584K) Class: 15144K(15296K)->15144K(15296K)
[113.650s][info][gc             ] GC(1973) Pause Young (Allocation Failure) 183M->46M(494M) 8.537ms
[113.650s][info][gc,cpu         ] GC(1973) User=0.00s Sys=0.00s Real=0.00s
[113.685s][info][gc,start       ] GC(1974) Pause Young (Allocation Failure)
[113.694s][info][gc,heap        ] GC(1974) DefNew: 141208K(157248K)->1401K(157248K) Eden: 139776K(139776K)->0K(139776K) From: 1432K(17472K)->1401K(17472K)
[113.694s][info][gc,heap        ] GC(1974) Tenured: 46478K(349568K)->46478K(349568K)
[113.694s][info][gc,metaspace   ] GC(1974) Metaspace: 74514K(74880K)->74514K(74880K) NonClass: 59370K(59584K)->59370K(59584K) Class: 15144K(15296K)->15144K(15296K)
[113.694s][info][gc             ] GC(1974) Pause Young (Allocation Failure) 183M->46M(494M) 8.349ms
[113.694s][info][gc,cpu         ] GC(1974) User=0.00s Sys=0.00s Real=0.00s
[113.729s][info][gc,start       ] GC(1975) Pause Young (Allocation Failure)
[113.737s][info][gc,heap        ] GC(1975) DefNew: 141177K(157248K)->1402K(157248K) Eden: 139776K(139776K)->0K(139776K) From: 1401K(17472K)->1402K(17472K)
[113.737s][info][gc,heap        ] GC(1975) Tenured: 46478K(349568K)->46478K(349568K)
[113.737s][info][gc,metaspace   ] GC(1975) Metaspace: 74514K(74880K)->74514K(74880K) NonClass: 59370K(59584K)->59370K(59584K) Class: 15144K(15296K)->15144K(15296K)
[113.737s][info][gc             ] GC(1975) Pause Young (Allocation Failure) 183M->46M(494M) 8.208ms
[113.737s][info][gc,cpu         ] GC(1975) User=0.00s Sys=0.00s Real=0.00s
[113.772s][info][gc,start       ] GC(1976) Pause Young (Allocation Failure)
[113.780s][info][gc,heap        ] GC(1976) DefNew: 141178K(157248K)->1361K(157248K) Eden: 139776K(139776K)->0K(139776K) From: 1402K(17472K)->1361K(17472K)
[113.780s][info][gc,heap        ] GC(1976) Tenured: 46478K(349568K)->46478K(349568K)
[113.780s][info][gc,metaspace   ] GC(1976) Metaspace: 74514K(74880K)->74514K(74880K) NonClass: 59370K(59584K)->59370K(59584K) Class: 15144K(15296K)->15144K(15296K)
[113.780s][info][gc             ] GC(1976) Pause Young (Allocation Failure) 183M->46M(494M) 8.205ms
[113.781s][info][gc,cpu         ] GC(1976) User=0.02s Sys=0.00s Real=0.00s
[113.816s][info][gc,start       ] GC(1977) Pause Young (Allocation Failure)
[113.824s][info][gc,heap        ] GC(1977) DefNew: 141137K(157248K)->1409K(157248K) Eden: 139776K(139776K)->0K(139776K) From: 1361K(17472K)->1409K(17472K)
[113.825s][info][gc,heap        ] GC(1977) Tenured: 46478K(349568K)->46478K(349568K)
[113.825s][info][gc,metaspace   ] GC(1977) Metaspace: 74514K(74880K)->74514K(74880K) NonClass: 59370K(59584K)->59370K(59584K) Class: 15144K(15296K)->15144K(15296K)
[113.825s][info][gc             ] GC(1977) Pause Young (Allocation Failure) 183M->46M(494M) 8.335ms
[113.825s][info][gc,cpu         ] GC(1977) User=0.00s Sys=0.00s Real=0.00s
[113.860s][info][gc,start       ] GC(1978) Pause Young (Allocation Failure)
[113.868s][info][gc,heap        ] GC(1978) DefNew: 141185K(157248K)->1384K(157248K) Eden: 139776K(139776K)->0K(139776K) From: 1409K(17472K)->1384K(17472K)
[113.868s][info][gc,heap        ] GC(1978) Tenured: 46478K(349568K)->46503K(349568K)
[113.868s][info][gc,metaspace   ] GC(1978) Metaspace: 74514K(74880K)->74514K(74880K) NonClass: 59370K(59584K)->59370K(59584K) Class: 15144K(15296K)->15144K(15296K)
[113.868s][info][gc             ] GC(1978) Pause Young (Allocation Failure) 183M->46M(494M) 8.358ms
[113.868s][info][gc,cpu         ] GC(1978) User=0.00s Sys=0.00s Real=0.00s
[113.904s][info][gc,start       ] GC(1979) Pause Young (Allocation Failure)
[113.912s][info][gc,heap        ] GC(1979) DefNew: 141160K(157248K)->1382K(157248K) Eden: 139776K(139776K)->0K(139776K) From: 1384K(17472K)->1382K(17472K)
[113.912s][info][gc,heap        ] GC(1979) Tenured: 46503K(349568K)->46503K(349568K)
[113.912s][info][gc,metaspace   ] GC(1979) Metaspace: 74514K(74880K)->74514K(74880K) NonClass: 59370K(59584K)->59370K(59584K) Class: 15144K(15296K)->15144K(15296K)
[113.912s][info][gc             ] GC(1979) Pause Young (Allocation Failure) 183M->46M(494M) 8.029ms
[113.912s][info][gc,cpu         ] GC(1979) User=0.00s Sys=0.00s Real=0.00s
[113.948s][info][gc,start       ] GC(1980) Pause Young (Allocation Failure)
[113.955s][info][gc,heap        ] GC(1980) DefNew: 141158K(157248K)->1331K(157248K) Eden: 139776K(139776K)->0K(139776K) From: 1382K(17472K)->1331K(17472K)
[113.956s][info][gc,heap        ] GC(1980) Tenured: 46503K(349568K)->46504K(349568K)
[113.956s][info][gc,metaspace   ] GC(1980) Metaspace: 74514K(74880K)->74514K(74880K) NonClass: 59370K(59584K)->59370K(59584K) Class: 15144K(15296K)->15144K(15296K)
[113.956s][info][gc             ] GC(1980) Pause Young (Allocation Failure) 183M->46M(494M) 7.962ms
[113.956s][info][gc,cpu         ] GC(1980) User=0.00s Sys=0.00s Real=0.00s
[113.991s][info][gc,start       ] GC(1981) Pause Young (Allocation Failure)
[113.999s][info][gc,heap        ] GC(1981) DefNew: 141107K(157248K)->1425K(157248K) Eden: 139776K(139776K)->0K(139776K) From: 1331K(17472K)->1425K(17472K)
[114.000s][info][gc,heap        ] GC(1981) Tenured: 46504K(349568K)->46504K(349568K)
[114.000s][info][gc,metaspace   ] GC(1981) Metaspace: 74514K(74880K)->74514K(74880K) NonClass: 59370K(59584K)->59370K(59584K) Class: 15144K(15296K)->15144K(15296K)
[114.000s][info][gc             ] GC(1981) Pause Young (Allocation Failure) 183M->46M(494M) 8.379ms
[114.000s][info][gc,cpu         ] GC(1981) User=0.02s Sys=0.00s Real=0.00s
[114.035s][info][gc,start       ] GC(1982) Pause Young (Allocation Failure)
[114.043s][info][gc,heap        ] GC(1982) DefNew: 141201K(157248K)->1419K(157248K) Eden: 139776K(139776K)->0K(139776K) From: 1425K(17472K)->1419K(17472K)
[114.043s][info][gc,heap        ] GC(1982) Tenured: 46504K(349568K)->46504K(349568K)
[114.043s][info][gc,metaspace   ] GC(1982) Metaspace: 74514K(74880K)->74514K(74880K) NonClass: 59370K(59584K)->59370K(59584K) Class: 15144K(15296K)->15144K(15296K)
[114.043s][info][gc             ] GC(1982) Pause Young (Allocation Failure) 183M->46M(494M) 8.330ms
[114.043s][info][gc,cpu         ] GC(1982) User=0.00s Sys=0.00s Real=0.00s
[114.079s][info][gc,start       ] GC(1983) Pause Young (Allocation Failure)
[114.088s][info][gc,heap        ] GC(1983) DefNew: 141195K(157248K)->1423K(157248K) Eden: 139776K(139776K)->0K(139776K) From: 1419K(17472K)->1423K(17472K)
[114.088s][info][gc,heap        ] GC(1983) Tenured: 46504K(349568K)->46504K(349568K)
[114.088s][info][gc,metaspace   ] GC(1983) Metaspace: 74514K(74880K)->74514K(74880K) NonClass: 59370K(59584K)->59370K(59584K) Class: 15144K(15296K)->15144K(15296K)
[114.088s][info][gc             ] GC(1983) Pause Young (Allocation Failure) 183M->46M(494M) 9.059ms
[114.088s][info][gc,cpu         ] GC(1983) User=0.00s Sys=0.00s Real=0.00s
[114.123s][info][gc,start       ] GC(1984) Pause Young (Allocation Failure)
[114.132s][info][gc,heap        ] GC(1984) DefNew: 141199K(157248K)->1407K(157248K) Eden: 139776K(139776K)->0K(139776K) From: 1423K(17472K)->1407K(17472K)
[114.132s][info][gc,heap        ] GC(1984) Tenured: 46504K(349568K)->46504K(349568K)
[114.132s][info][gc,metaspace   ] GC(1984) Metaspace: 74514K(74880K)->74514K(74880K) NonClass: 59370K(59584K)->59370K(59584K) Class: 15144K(15296K)->15144K(15296K)
[114.132s][info][gc             ] GC(1984) Pause Young (Allocation Failure) 183M->46M(494M) 8.757ms
[114.132s][info][gc,cpu         ] GC(1984) User=0.00s Sys=0.00s Real=0.00s
[114.168s][info][gc,start       ] GC(1985) Pause Young (Allocation Failure)
[114.176s][info][gc,heap        ] GC(1985) DefNew: 141183K(157248K)->1406K(157248K) Eden: 139776K(139776K)->0K(139776K) From: 1407K(17472K)->1406K(17472K)
[114.176s][info][gc,heap        ] GC(1985) Tenured: 46504K(349568K)->46505K(349568K)
[114.176s][info][gc,metaspace   ] GC(1985) Metaspace: 74514K(74880K)->74514K(74880K) NonClass: 59370K(59584K)->59370K(59584K) Class: 15144K(15296K)->15144K(15296K)
[114.176s][info][gc             ] GC(1985) Pause Young (Allocation Failure) 183M->46M(494M) 8.310ms
[114.176s][info][gc,cpu         ] GC(1985) User=0.00s Sys=0.00s Real=0.00s
[114.211s][info][gc,start       ] GC(1986) Pause Young (Allocation Failure)
[114.220s][info][gc,heap        ] GC(1986) DefNew: 141182K(157248K)->1456K(157248K) Eden: 139776K(139776K)->0K(139776K) From: 1406K(17472K)->1456K(17472K)
[114.220s][info][gc,heap        ] GC(1986) Tenured: 46505K(349568K)->46505K(349568K)
[114.220s][info][gc,metaspace   ] GC(1986) Metaspace: 74514K(74880K)->74514K(74880K) NonClass: 59370K(59584K)->59370K(59584K) Class: 15144K(15296K)->15144K(15296K)
[114.220s][info][gc             ] GC(1986) Pause Young (Allocation Failure) 183M->46M(494M) 8.661ms
[114.220s][info][gc,cpu         ] GC(1986) User=0.00s Sys=0.00s Real=0.00s
[114.255s][info][gc,start       ] GC(1987) Pause Young (Allocation Failure)
[114.263s][info][gc,heap        ] GC(1987) DefNew: 141232K(157248K)->1415K(157248K) Eden: 139776K(139776K)->0K(139776K) From: 1456K(17472K)->1415K(17472K)
[114.263s][info][gc,heap        ] GC(1987) Tenured: 46505K(349568K)->46505K(349568K)
[114.263s][info][gc,metaspace   ] GC(1987) Metaspace: 74514K(74880K)->74514K(74880K) NonClass: 59370K(59584K)->59370K(59584K) Class: 15144K(15296K)->15144K(15296K)
[114.264s][info][gc             ] GC(1987) Pause Young (Allocation Failure) 183M->46M(494M) 8.325ms
[114.264s][info][gc,cpu         ] GC(1987) User=0.02s Sys=0.00s Real=0.00s
[114.299s][info][gc,start       ] GC(1988) Pause Young (Allocation Failure)
[114.308s][info][gc,heap        ] GC(1988) DefNew: 141191K(157248K)->1407K(157248K) Eden: 139776K(139776K)->0K(139776K) From: 1415K(17472K)->1407K(17472K)
[114.308s][info][gc,heap        ] GC(1988) Tenured: 46505K(349568K)->46505K(349568K)
[114.308s][info][gc,metaspace   ] GC(1988) Metaspace: 74514K(74880K)->74514K(74880K) NonClass: 59370K(59584K)->59370K(59584K) Class: 15144K(15296K)->15144K(15296K)
[114.308s][info][gc             ] GC(1988) Pause Young (Allocation Failure) 183M->46M(494M) 9.119ms
[114.308s][info][gc,cpu         ] GC(1988) User=0.02s Sys=0.00s Real=0.01s
[114.344s][info][gc,start       ] GC(1989) Pause Young (Allocation Failure)
[114.352s][info][gc,heap        ] GC(1989) DefNew: 141183K(157248K)->1436K(157248K) Eden: 139776K(139776K)->0K(139776K) From: 1407K(17472K)->1436K(17472K)
[114.352s][info][gc,heap        ] GC(1989) Tenured: 46505K(349568K)->46505K(349568K)
[114.352s][info][gc,metaspace   ] GC(1989) Metaspace: 74514K(74880K)->74514K(74880K) NonClass: 59370K(59584K)->59370K(59584K) Class: 15144K(15296K)->15144K(15296K)
[114.352s][info][gc             ] GC(1989) Pause Young (Allocation Failure) 183M->46M(494M) 8.825ms
[114.353s][info][gc,cpu         ] GC(1989) User=0.00s Sys=0.00s Real=0.00s
[114.388s][info][gc,start       ] GC(1990) Pause Young (Allocation Failure)
[114.396s][info][gc,heap        ] GC(1990) DefNew: 141212K(157248K)->1383K(157248K) Eden: 139776K(139776K)->0K(139776K) From: 1436K(17472K)->1383K(17472K)
[114.396s][info][gc,heap        ] GC(1990) Tenured: 46505K(349568K)->46505K(349568K)
[114.396s][info][gc,metaspace   ] GC(1990) Metaspace: 74514K(74880K)->74514K(74880K) NonClass: 59370K(59584K)->59370K(59584K) Class: 15144K(15296K)->15144K(15296K)
[114.396s][info][gc             ] GC(1990) Pause Young (Allocation Failure) 183M->46M(494M) 8.166ms
[114.396s][info][gc,cpu         ] GC(1990) User=0.00s Sys=0.00s Real=0.00s
[114.431s][info][gc,start       ] GC(1991) Pause Young (Allocation Failure)
[114.439s][info][gc,heap        ] GC(1991) DefNew: 141159K(157248K)->1437K(157248K) Eden: 139776K(139776K)->0K(139776K) From: 1383K(17472K)->1437K(17472K)
[114.439s][info][gc,heap        ] GC(1991) Tenured: 46505K(349568K)->46505K(349568K)
[114.439s][info][gc,metaspace   ] GC(1991) Metaspace: 74514K(74880K)->74514K(74880K) NonClass: 59370K(59584K)->59370K(59584K) Class: 15144K(15296K)->15144K(15296K)
[114.440s][info][gc             ] GC(1991) Pause Young (Allocation Failure) 183M->46M(494M) 8.608ms
[114.440s][info][gc,cpu         ] GC(1991) User=0.00s Sys=0.00s Real=0.00s
[114.475s][info][gc,start       ] GC(1992) Pause Young (Allocation Failure)
[114.483s][info][gc,heap        ] GC(1992) DefNew: 141213K(157248K)->1349K(157248K) Eden: 139776K(139776K)->0K(139776K) From: 1437K(17472K)->1349K(17472K)
[114.483s][info][gc,heap        ] GC(1992) Tenured: 46505K(349568K)->46505K(349568K)
[114.483s][info][gc,metaspace   ] GC(1992) Metaspace: 74514K(74880K)->74514K(74880K) NonClass: 59370K(59584K)->59370K(59584K) Class: 15144K(15296K)->15144K(15296K)
[114.483s][info][gc             ] GC(1992) Pause Young (Allocation Failure) 183M->46M(494M) 8.103ms
[114.483s][info][gc,cpu         ] GC(1992) User=0.02s Sys=0.00s Real=0.00s
[114.519s][info][gc,start       ] GC(1993) Pause Young (Allocation Failure)
[114.527s][info][gc,heap        ] GC(1993) DefNew: 141125K(157248K)->1408K(157248K) Eden: 139776K(139776K)->0K(139776K) From: 1349K(17472K)->1408K(17472K)
[114.527s][info][gc,heap        ] GC(1993) Tenured: 46505K(349568K)->46505K(349568K)
[114.527s][info][gc,metaspace   ] GC(1993) Metaspace: 74514K(74880K)->74514K(74880K) NonClass: 59370K(59584K)->59370K(59584K) Class: 15144K(15296K)->15144K(15296K)
[114.527s][info][gc             ] GC(1993) Pause Young (Allocation Failure) 183M->46M(494M) 8.354ms
[114.527s][info][gc,cpu         ] GC(1993) User=0.00s Sys=0.00s Real=0.00s
[114.562s][info][gc,start       ] GC(1994) Pause Young (Allocation Failure)
[114.570s][info][gc,heap        ] GC(1994) DefNew: 141184K(157248K)->1436K(157248K) Eden: 139776K(139776K)->0K(139776K) From: 1408K(17472K)->1436K(17472K)
[114.570s][info][gc,heap        ] GC(1994) Tenured: 46505K(349568K)->46505K(349568K)
[114.570s][info][gc,metaspace   ] GC(1994) Metaspace: 74514K(74880K)->74514K(74880K) NonClass: 59370K(59584K)->59370K(59584K) Class: 15144K(15296K)->15144K(15296K)
[114.570s][info][gc             ] GC(1994) Pause Young (Allocation Failure) 183M->46M(494M) 8.379ms
[114.570s][info][gc,cpu         ] GC(1994) User=0.00s Sys=0.00s Real=0.00s
[114.606s][info][gc,start       ] GC(1995) Pause Young (Allocation Failure)
[114.614s][info][gc,heap        ] GC(1995) DefNew: 141212K(157248K)->1378K(157248K) Eden: 139776K(139776K)->0K(139776K) From: 1436K(17472K)->1378K(17472K)
[114.614s][info][gc,heap        ] GC(1995) Tenured: 46505K(349568K)->46505K(349568K)
[114.614s][info][gc,metaspace   ] GC(1995) Metaspace: 74514K(74880K)->74514K(74880K) NonClass: 59370K(59584K)->59370K(59584K) Class: 15144K(15296K)->15144K(15296K)
[114.614s][info][gc             ] GC(1995) Pause Young (Allocation Failure) 183M->46M(494M) 8.317ms
[114.614s][info][gc,cpu         ] GC(1995) User=0.00s Sys=0.00s Real=0.00s
[114.650s][info][gc,start       ] GC(1996) Pause Young (Allocation Failure)
[114.659s][info][gc,heap        ] GC(1996) DefNew: 141154K(157248K)->1435K(157248K) Eden: 139776K(139776K)->0K(139776K) From: 1378K(17472K)->1435K(17472K)
[114.659s][info][gc,heap        ] GC(1996) Tenured: 46505K(349568K)->46505K(349568K)
[114.659s][info][gc,metaspace   ] GC(1996) Metaspace: 74514K(74880K)->74514K(74880K) NonClass: 59370K(59584K)->59370K(59584K) Class: 15144K(15296K)->15144K(15296K)
[114.659s][info][gc             ] GC(1996) Pause Young (Allocation Failure) 183M->46M(494M) 8.613ms
[114.659s][info][gc,cpu         ] GC(1996) User=0.00s Sys=0.00s Real=0.00s
[114.694s][info][gc,start       ] GC(1997) Pause Young (Allocation Failure)
[114.702s][info][gc,heap        ] GC(1997) DefNew: 141211K(157248K)->1460K(157248K) Eden: 139776K(139776K)->0K(139776K) From: 1435K(17472K)->1460K(17472K)
[114.702s][info][gc,heap        ] GC(1997) Tenured: 46505K(349568K)->46505K(349568K)
[114.702s][info][gc,metaspace   ] GC(1997) Metaspace: 74514K(74880K)->74514K(74880K) NonClass: 59370K(59584K)->59370K(59584K) Class: 15144K(15296K)->15144K(15296K)
[114.702s][info][gc             ] GC(1997) Pause Young (Allocation Failure) 183M->46M(494M) 8.594ms
[114.702s][info][gc,cpu         ] GC(1997) User=0.00s Sys=0.00s Real=0.00s
[114.738s][info][gc,start       ] GC(1998) Pause Young (Allocation Failure)
[114.746s][info][gc,heap        ] GC(1998) DefNew: 141236K(157248K)->1496K(157248K) Eden: 139776K(139776K)->0K(139776K) From: 1460K(17472K)->1496K(17472K)
[114.746s][info][gc,heap        ] GC(1998) Tenured: 46505K(349568K)->46506K(349568K)
[114.746s][info][gc,metaspace   ] GC(1998) Metaspace: 74514K(74880K)->74514K(74880K) NonClass: 59370K(59584K)->59370K(59584K) Class: 15144K(15296K)->15144K(15296K)
[114.746s][info][gc             ] GC(1998) Pause Young (Allocation Failure) 183M->46M(494M) 8.819ms
[114.746s][info][gc,cpu         ] GC(1998) User=0.00s Sys=0.00s Real=0.00s
[114.782s][info][gc,start       ] GC(1999) Pause Young (Allocation Failure)
[114.791s][info][gc,heap        ] GC(1999) DefNew: 141272K(157248K)->1448K(157248K) Eden: 139775K(139776K)->0K(139776K) From: 1496K(17472K)->1448K(17472K)
[114.791s][info][gc,heap        ] GC(1999) Tenured: 46506K(349568K)->46506K(349568K)
[114.791s][info][gc,metaspace   ] GC(1999) Metaspace: 74514K(74880K)->74514K(74880K) NonClass: 59370K(59584K)->59370K(59584K) Class: 15144K(15296K)->15144K(15296K)
[114.791s][info][gc             ] GC(1999) Pause Young (Allocation Failure) 183M->46M(494M) 8.547ms
[114.791s][info][gc,cpu         ] GC(1999) User=0.00s Sys=0.00s Real=0.00s
[114.826s][info][gc,start       ] GC(2000) Pause Young (Allocation Failure)
[114.835s][info][gc,heap        ] GC(2000) DefNew: 141224K(157248K)->1474K(157248K) Eden: 139776K(139776K)->0K(139776K) From: 1448K(17472K)->1474K(17472K)
[114.835s][info][gc,heap        ] GC(2000) Tenured: 46506K(349568K)->46507K(349568K)
[114.835s][info][gc,metaspace   ] GC(2000) Metaspace: 74514K(74880K)->74514K(74880K) NonClass: 59370K(59584K)->59370K(59584K) Class: 15144K(15296K)->15144K(15296K)
[114.835s][info][gc             ] GC(2000) Pause Young (Allocation Failure) 183M->46M(494M) 8.600ms
[114.835s][info][gc,cpu         ] GC(2000) User=0.00s Sys=0.00s Real=0.00s
[114.871s][info][gc,start       ] GC(2001) Pause Young (Allocation Failure)
[114.879s][info][gc,heap        ] GC(2001) DefNew: 141250K(157248K)->1416K(157248K) Eden: 139776K(139776K)->0K(139776K) From: 1474K(17472K)->1416K(17472K)
[114.879s][info][gc,heap        ] GC(2001) Tenured: 46507K(349568K)->46530K(349568K)
[114.879s][info][gc,metaspace   ] GC(2001) Metaspace: 74514K(74880K)->74514K(74880K) NonClass: 59370K(59584K)->59370K(59584K) Class: 15144K(15296K)->15144K(15296K)
[114.879s][info][gc             ] GC(2001) Pause Young (Allocation Failure) 183M->46M(494M) 8.499ms
[114.879s][info][gc,cpu         ] GC(2001) User=0.00s Sys=0.00s Real=0.00s
[114.914s][info][gc,start       ] GC(2002) Pause Young (Allocation Failure)
[114.923s][info][gc,heap        ] GC(2002) DefNew: 141192K(157248K)->1410K(157248K) Eden: 139776K(139776K)->0K(139776K) From: 1416K(17472K)->1410K(17472K)
[114.923s][info][gc,heap        ] GC(2002) Tenured: 46530K(349568K)->46531K(349568K)
[114.923s][info][gc,metaspace   ] GC(2002) Metaspace: 74514K(74880K)->74514K(74880K) NonClass: 59370K(59584K)->59370K(59584K) Class: 15144K(15296K)->15144K(15296K)
[114.923s][info][gc             ] GC(2002) Pause Young (Allocation Failure) 183M->46M(494M) 8.421ms
[114.923s][info][gc,cpu         ] GC(2002) User=0.00s Sys=0.00s Real=0.00s
[114.958s][info][gc,start       ] GC(2003) Pause Young (Allocation Failure)
[114.966s][info][gc,heap        ] GC(2003) DefNew: 141186K(157248K)->1417K(157248K) Eden: 139776K(139776K)->0K(139776K) From: 1410K(17472K)->1417K(17472K)
[114.966s][info][gc,heap        ] GC(2003) Tenured: 46531K(349568K)->46531K(349568K)
[114.966s][info][gc,metaspace   ] GC(2003) Metaspace: 74514K(74880K)->74514K(74880K) NonClass: 59370K(59584K)->59370K(59584K) Class: 15144K(15296K)->15144K(15296K)
[114.966s][info][gc             ] GC(2003) Pause Young (Allocation Failure) 183M->46M(494M) 8.462ms
[114.966s][info][gc,cpu         ] GC(2003) User=0.00s Sys=0.00s Real=0.00s
[115.002s][info][gc,start       ] GC(2004) Pause Young (Allocation Failure)
[115.011s][info][gc,heap        ] GC(2004) DefNew: 141193K(157248K)->1459K(157248K) Eden: 139776K(139776K)->0K(139776K) From: 1417K(17472K)->1459K(17472K)
[115.011s][info][gc,heap        ] GC(2004) Tenured: 46531K(349568K)->46531K(349568K)
[115.011s][info][gc,metaspace   ] GC(2004) Metaspace: 74514K(74880K)->74514K(74880K) NonClass: 59370K(59584K)->59370K(59584K) Class: 15144K(15296K)->15144K(15296K)
[115.011s][info][gc             ] GC(2004) Pause Young (Allocation Failure) 183M->46M(494M) 8.653ms
[115.011s][info][gc,cpu         ] GC(2004) User=0.00s Sys=0.00s Real=0.00s
[115.046s][info][gc,start       ] GC(2005) Pause Young (Allocation Failure)
[115.054s][info][gc,heap        ] GC(2005) DefNew: 141235K(157248K)->1428K(157248K) Eden: 139776K(139776K)->0K(139776K) From: 1459K(17472K)->1428K(17472K)
[115.054s][info][gc,heap        ] GC(2005) Tenured: 46531K(349568K)->46531K(349568K)
[115.054s][info][gc,metaspace   ] GC(2005) Metaspace: 74514K(74880K)->74514K(74880K) NonClass: 59370K(59584K)->59370K(59584K) Class: 15144K(15296K)->15144K(15296K)
[115.054s][info][gc             ] GC(2005) Pause Young (Allocation Failure) 183M->46M(494M) 8.327ms
[115.055s][info][gc,cpu         ] GC(2005) User=0.00s Sys=0.00s Real=0.00s
[115.090s][info][gc,start       ] GC(2006) Pause Young (Allocation Failure)
[115.098s][info][gc,heap        ] GC(2006) DefNew: 141204K(157248K)->1430K(157248K) Eden: 139776K(139776K)->0K(139776K) From: 1428K(17472K)->1430K(17472K)
[115.098s][info][gc,heap        ] GC(2006) Tenured: 46531K(349568K)->46531K(349568K)
[115.098s][info][gc,metaspace   ] GC(2006) Metaspace: 74514K(74880K)->74514K(74880K) NonClass: 59370K(59584K)->59370K(59584K) Class: 15144K(15296K)->15144K(15296K)
[115.098s][info][gc             ] GC(2006) Pause Young (Allocation Failure) 183M->46M(494M) 8.522ms
[115.099s][info][gc,cpu         ] GC(2006) User=0.00s Sys=0.00s Real=0.00s
[115.134s][info][gc,start       ] GC(2007) Pause Young (Allocation Failure)
[115.142s][info][gc,heap        ] GC(2007) DefNew: 141206K(157248K)->1396K(157248K) Eden: 139776K(139776K)->0K(139776K) From: 1430K(17472K)->1396K(17472K)
[115.142s][info][gc,heap        ] GC(2007) Tenured: 46531K(349568K)->46531K(349568K)
[115.142s][info][gc,metaspace   ] GC(2007) Metaspace: 74514K(74880K)->74514K(74880K) NonClass: 59370K(59584K)->59370K(59584K) Class: 15144K(15296K)->15144K(15296K)
[115.142s][info][gc             ] GC(2007) Pause Young (Allocation Failure) 183M->46M(494M) 8.434ms
[115.142s][info][gc,cpu         ] GC(2007) User=0.00s Sys=0.00s Real=0.00s
[115.178s][info][gc,start       ] GC(2008) Pause Young (Allocation Failure)
[115.186s][info][gc,heap        ] GC(2008) DefNew: 141172K(157248K)->1394K(157248K) Eden: 139776K(139776K)->0K(139776K) From: 1396K(17472K)->1394K(17472K)
[115.186s][info][gc,heap        ] GC(2008) Tenured: 46531K(349568K)->46531K(349568K)
[115.186s][info][gc,metaspace   ] GC(2008) Metaspace: 74514K(74880K)->74514K(74880K) NonClass: 59370K(59584K)->59370K(59584K) Class: 15144K(15296K)->15144K(15296K)
[115.186s][info][gc             ] GC(2008) Pause Young (Allocation Failure) 183M->46M(494M) 8.384ms
[115.186s][info][gc,cpu         ] GC(2008) User=0.02s Sys=0.00s Real=0.00s
[115.222s][info][gc,start       ] GC(2009) Pause Young (Allocation Failure)
[115.230s][info][gc,heap        ] GC(2009) DefNew: 141170K(157248K)->1503K(157248K) Eden: 139776K(139776K)->0K(139776K) From: 1394K(17472K)->1503K(17472K)
[115.230s][info][gc,heap        ] GC(2009) Tenured: 46531K(349568K)->46531K(349568K)
[115.230s][info][gc,metaspace   ] GC(2009) Metaspace: 74514K(74880K)->74514K(74880K) NonClass: 59370K(59584K)->59370K(59584K) Class: 15144K(15296K)->15144K(15296K)
[115.231s][info][gc             ] GC(2009) Pause Young (Allocation Failure) 183M->46M(494M) 8.871ms
[115.231s][info][gc,cpu         ] GC(2009) User=0.00s Sys=0.00s Real=0.00s
[115.266s][info][gc,start       ] GC(2010) Pause Young (Allocation Failure)
[115.274s][info][gc,heap        ] GC(2010) DefNew: 141279K(157248K)->1452K(157248K) Eden: 139776K(139776K)->0K(139776K) From: 1503K(17472K)->1452K(17472K)
[115.274s][info][gc,heap        ] GC(2010) Tenured: 46531K(349568K)->46531K(349568K)
[115.274s][info][gc,metaspace   ] GC(2010) Metaspace: 74514K(74880K)->74514K(74880K) NonClass: 59370K(59584K)->59370K(59584K) Class: 15144K(15296K)->15144K(15296K)
[115.274s][info][gc             ] GC(2010) Pause Young (Allocation Failure) 183M->46M(494M) 8.545ms
[115.275s][info][gc,cpu         ] GC(2010) User=0.00s Sys=0.00s Real=0.00s
[115.310s][info][gc,start       ] GC(2011) Pause Young (Allocation Failure)
[115.318s][info][gc,heap        ] GC(2011) DefNew: 141228K(157248K)->1487K(157248K) Eden: 139776K(139776K)->0K(139776K) From: 1452K(17472K)->1487K(17472K)
[115.318s][info][gc,heap        ] GC(2011) Tenured: 46531K(349568K)->46552K(349568K)
[115.318s][info][gc,metaspace   ] GC(2011) Metaspace: 74514K(74880K)->74514K(74880K) NonClass: 59370K(59584K)->59370K(59584K) Class: 15144K(15296K)->15144K(15296K)
[115.318s][info][gc             ] GC(2011) Pause Young (Allocation Failure) 183M->46M(494M) 8.683ms
[115.319s][info][gc,cpu         ] GC(2011) User=0.00s Sys=0.00s Real=0.00s
[115.354s][info][gc,start       ] GC(2012) Pause Young (Allocation Failure)
[115.363s][info][gc,heap        ] GC(2012) DefNew: 141263K(157248K)->1473K(157248K) Eden: 139776K(139776K)->0K(139776K) From: 1487K(17472K)->1473K(17472K)
[115.363s][info][gc,heap        ] GC(2012) Tenured: 46552K(349568K)->46552K(349568K)
[115.363s][info][gc,metaspace   ] GC(2012) Metaspace: 74514K(74880K)->74514K(74880K) NonClass: 59370K(59584K)->59370K(59584K) Class: 15144K(15296K)->15144K(15296K)
[115.363s][info][gc             ] GC(2012) Pause Young (Allocation Failure) 183M->46M(494M) 8.478ms
[115.363s][info][gc,cpu         ] GC(2012) User=0.00s Sys=0.00s Real=0.00s
[115.398s][info][gc,start       ] GC(2013) Pause Young (Allocation Failure)
[115.406s][info][gc,heap        ] GC(2013) DefNew: 141249K(157248K)->1445K(157248K) Eden: 139776K(139776K)->0K(139776K) From: 1473K(17472K)->1445K(17472K)
[115.406s][info][gc,heap        ] GC(2013) Tenured: 46552K(349568K)->46553K(349568K)
[115.406s][info][gc,metaspace   ] GC(2013) Metaspace: 74514K(74880K)->74514K(74880K) NonClass: 59370K(59584K)->59370K(59584K) Class: 15144K(15296K)->15144K(15296K)
[115.406s][info][gc             ] GC(2013) Pause Young (Allocation Failure) 183M->46M(494M) 8.334ms
[115.406s][info][gc,cpu         ] GC(2013) User=0.00s Sys=0.02s Real=0.00s
[115.442s][info][gc,start       ] GC(2014) Pause Young (Allocation Failure)
[115.450s][info][gc,heap        ] GC(2014) DefNew: 141221K(157248K)->1428K(157248K) Eden: 139776K(139776K)->0K(139776K) From: 1445K(17472K)->1428K(17472K)
[115.450s][info][gc,heap        ] GC(2014) Tenured: 46553K(349568K)->46570K(349568K)
[115.450s][info][gc,metaspace   ] GC(2014) Metaspace: 74514K(74880K)->74514K(74880K) NonClass: 59370K(59584K)->59370K(59584K) Class: 15144K(15296K)->15144K(15296K)
[115.450s][info][gc             ] GC(2014) Pause Young (Allocation Failure) 183M->46M(494M) 8.518ms
[115.451s][info][gc,cpu         ] GC(2014) User=0.00s Sys=0.00s Real=0.00s
[115.486s][info][gc,start       ] GC(2015) Pause Young (Allocation Failure)
[115.494s][info][gc,heap        ] GC(2015) DefNew: 141204K(157248K)->1424K(157248K) Eden: 139776K(139776K)->0K(139776K) From: 1428K(17472K)->1424K(17472K)
[115.494s][info][gc,heap        ] GC(2015) Tenured: 46570K(349568K)->46570K(349568K)
[115.494s][info][gc,metaspace   ] GC(2015) Metaspace: 74514K(74880K)->74514K(74880K) NonClass: 59370K(59584K)->59370K(59584K) Class: 15144K(15296K)->15144K(15296K)
[115.494s][info][gc             ] GC(2015) Pause Young (Allocation Failure) 183M->46M(494M) 8.323ms
[115.494s][info][gc,cpu         ] GC(2015) User=0.00s Sys=0.00s Real=0.00s
[115.530s][info][gc,start       ] GC(2016) Pause Young (Allocation Failure)
[115.538s][info][gc,heap        ] GC(2016) DefNew: 141200K(157248K)->1471K(157248K) Eden: 139776K(139776K)->0K(139776K) From: 1424K(17472K)->1471K(17472K)
[115.538s][info][gc,heap        ] GC(2016) Tenured: 46570K(349568K)->46570K(349568K)
[115.538s][info][gc,metaspace   ] GC(2016) Metaspace: 74514K(74880K)->74514K(74880K) NonClass: 59370K(59584K)->59370K(59584K) Class: 15144K(15296K)->15144K(15296K)
[115.538s][info][gc             ] GC(2016) Pause Young (Allocation Failure) 183M->46M(494M) 8.482ms
[115.538s][info][gc,cpu         ] GC(2016) User=0.00s Sys=0.00s Real=0.00s
[115.574s][info][gc,start       ] GC(2017) Pause Young (Allocation Failure)
[115.598s][info][gc,heap        ] GC(2017) DefNew: 141247K(157248K)->1483K(157248K) Eden: 139776K(139776K)->0K(139776K) From: 1471K(17472K)->1483K(17472K)
[115.598s][info][gc,heap        ] GC(2017) Tenured: 46570K(349568K)->46571K(349568K)
[115.598s][info][gc,metaspace   ] GC(2017) Metaspace: 74514K(74880K)->74514K(74880K) NonClass: 59370K(59584K)->59370K(59584K) Class: 15144K(15296K)->15144K(15296K)
[115.598s][info][gc             ] GC(2017) Pause Young (Allocation Failure) 183M->46M(494M) 23.880ms
[115.598s][info][gc,cpu         ] GC(2017) User=0.02s Sys=0.00s Real=0.02s
[115.637s][info][gc,start       ] GC(2018) Pause Young (Allocation Failure)
[115.645s][info][gc,heap        ] GC(2018) DefNew: 141259K(157248K)->1475K(157248K) Eden: 139776K(139776K)->0K(139776K) From: 1483K(17472K)->1475K(17472K)
[115.645s][info][gc,heap        ] GC(2018) Tenured: 46571K(349568K)->46571K(349568K)
[115.645s][info][gc,metaspace   ] GC(2018) Metaspace: 74514K(74880K)->74514K(74880K) NonClass: 59370K(59584K)->59370K(59584K) Class: 15144K(15296K)->15144K(15296K)
[115.645s][info][gc             ] GC(2018) Pause Young (Allocation Failure) 183M->46M(494M) 8.580ms
[115.645s][info][gc,cpu         ] GC(2018) User=0.00s Sys=0.00s Real=0.00s
[115.681s][info][gc,start       ] GC(2019) Pause Young (Allocation Failure)
[115.690s][info][gc,heap        ] GC(2019) DefNew: 141251K(157248K)->1389K(157248K) Eden: 139776K(139776K)->0K(139776K) From: 1475K(17472K)->1389K(17472K)
[115.690s][info][gc,heap        ] GC(2019) Tenured: 46571K(349568K)->46571K(349568K)
[115.690s][info][gc,metaspace   ] GC(2019) Metaspace: 74514K(74880K)->74514K(74880K) NonClass: 59370K(59584K)->59370K(59584K) Class: 15144K(15296K)->15144K(15296K)
[115.690s][info][gc             ] GC(2019) Pause Young (Allocation Failure) 183M->46M(494M) 9.168ms
[115.690s][info][gc,cpu         ] GC(2019) User=0.00s Sys=0.00s Real=0.00s
[115.726s][info][gc,start       ] GC(2020) Pause Young (Allocation Failure)
[115.735s][info][gc,heap        ] GC(2020) DefNew: 141165K(157248K)->1416K(157248K) Eden: 139776K(139776K)->0K(139776K) From: 1389K(17472K)->1416K(17472K)
[115.735s][info][gc,heap        ] GC(2020) Tenured: 46571K(349568K)->46572K(349568K)
[115.735s][info][gc,metaspace   ] GC(2020) Metaspace: 74514K(74880K)->74514K(74880K) NonClass: 59370K(59584K)->59370K(59584K) Class: 15144K(15296K)->15144K(15296K)
[115.735s][info][gc             ] GC(2020) Pause Young (Allocation Failure) 183M->46M(494M) 8.870ms
[115.735s][info][gc,cpu         ] GC(2020) User=0.00s Sys=0.00s Real=0.00s
[115.771s][info][gc,start       ] GC(2021) Pause Young (Allocation Failure)
[115.779s][info][gc,heap        ] GC(2021) DefNew: 141192K(157248K)->1445K(157248K) Eden: 139776K(139776K)->0K(139776K) From: 1416K(17472K)->1445K(17472K)
[115.779s][info][gc,heap        ] GC(2021) Tenured: 46572K(349568K)->46572K(349568K)
[115.779s][info][gc,metaspace   ] GC(2021) Metaspace: 74514K(74880K)->74514K(74880K) NonClass: 59370K(59584K)->59370K(59584K) Class: 15144K(15296K)->15144K(15296K)
[115.779s][info][gc             ] GC(2021) Pause Young (Allocation Failure) 183M->46M(494M) 8.597ms
[115.779s][info][gc,cpu         ] GC(2021) User=0.00s Sys=0.00s Real=0.00s
[115.815s][info][gc,start       ] GC(2022) Pause Young (Allocation Failure)
[115.823s][info][gc,heap        ] GC(2022) DefNew: 141221K(157248K)->1405K(157248K) Eden: 139776K(139776K)->0K(139776K) From: 1445K(17472K)->1405K(17472K)
[115.823s][info][gc,heap        ] GC(2022) Tenured: 46572K(349568K)->46572K(349568K)
[115.823s][info][gc,metaspace   ] GC(2022) Metaspace: 74514K(74880K)->74514K(74880K) NonClass: 59370K(59584K)->59370K(59584K) Class: 15144K(15296K)->15144K(15296K)
[115.823s][info][gc             ] GC(2022) Pause Young (Allocation Failure) 183M->46M(494M) 8.366ms
[115.823s][info][gc,cpu         ] GC(2022) User=0.00s Sys=0.00s Real=0.00s
[115.859s][info][gc,start       ] GC(2023) Pause Young (Allocation Failure)
[115.867s][info][gc,heap        ] GC(2023) DefNew: 141181K(157248K)->1393K(157248K) Eden: 139776K(139776K)->0K(139776K) From: 1405K(17472K)->1393K(17472K)
[115.867s][info][gc,heap        ] GC(2023) Tenured: 46572K(349568K)->46572K(349568K)
[115.867s][info][gc,metaspace   ] GC(2023) Metaspace: 74514K(74880K)->74514K(74880K) NonClass: 59370K(59584K)->59370K(59584K) Class: 15144K(15296K)->15144K(15296K)
[115.867s][info][gc             ] GC(2023) Pause Young (Allocation Failure) 183M->46M(494M) 8.327ms
[115.867s][info][gc,cpu         ] GC(2023) User=0.00s Sys=0.00s Real=0.00s
[115.903s][info][gc,start       ] GC(2024) Pause Young (Allocation Failure)
[115.911s][info][gc,heap        ] GC(2024) DefNew: 141169K(157248K)->1361K(157248K) Eden: 139775K(139776K)->0K(139776K) From: 1393K(17472K)->1361K(17472K)
[115.911s][info][gc,heap        ] GC(2024) Tenured: 46572K(349568K)->46597K(349568K)
[115.911s][info][gc,metaspace   ] GC(2024) Metaspace: 74514K(74880K)->74514K(74880K) NonClass: 59370K(59584K)->59370K(59584K) Class: 15144K(15296K)->15144K(15296K)
[115.911s][info][gc             ] GC(2024) Pause Young (Allocation Failure) 183M->46M(494M) 8.057ms
[115.911s][info][gc,cpu         ] GC(2024) User=0.00s Sys=0.00s Real=0.00s
[115.947s][info][gc,start       ] GC(2025) Pause Young (Allocation Failure)
[115.955s][info][gc,heap        ] GC(2025) DefNew: 141137K(157248K)->1389K(157248K) Eden: 139776K(139776K)->0K(139776K) From: 1361K(17472K)->1389K(17472K)
[115.955s][info][gc,heap        ] GC(2025) Tenured: 46597K(349568K)->46597K(349568K)
[115.955s][info][gc,metaspace   ] GC(2025) Metaspace: 74514K(74880K)->74514K(74880K) NonClass: 59370K(59584K)->59370K(59584K) Class: 15144K(15296K)->15144K(15296K)
[115.955s][info][gc             ] GC(2025) Pause Young (Allocation Failure) 183M->46M(494M) 8.270ms
[115.955s][info][gc,cpu         ] GC(2025) User=0.00s Sys=0.00s Real=0.00s
[115.990s][info][gc,start       ] GC(2026) Pause Young (Allocation Failure)
[115.998s][info][gc,heap        ] GC(2026) DefNew: 141165K(157248K)->1418K(157248K) Eden: 139776K(139776K)->0K(139776K) From: 1389K(17472K)->1418K(17472K)
[115.999s][info][gc,heap        ] GC(2026) Tenured: 46597K(349568K)->46597K(349568K)
[115.999s][info][gc,metaspace   ] GC(2026) Metaspace: 74514K(74880K)->74514K(74880K) NonClass: 59370K(59584K)->59370K(59584K) Class: 15144K(15296K)->15144K(15296K)
[115.999s][info][gc             ] GC(2026) Pause Young (Allocation Failure) 183M->46M(494M) 8.137ms
[115.999s][info][gc,cpu         ] GC(2026) User=0.02s Sys=0.02s Real=0.00s
[116.035s][info][gc,start       ] GC(2027) Pause Young (Allocation Failure)
[116.043s][info][gc,heap        ] GC(2027) DefNew: 141194K(157248K)->1388K(157248K) Eden: 139776K(139776K)->0K(139776K) From: 1418K(17472K)->1388K(17472K)
[116.043s][info][gc,heap        ] GC(2027) Tenured: 46597K(349568K)->46597K(349568K)
[116.043s][info][gc,metaspace   ] GC(2027) Metaspace: 74514K(74880K)->74514K(74880K) NonClass: 59370K(59584K)->59370K(59584K) Class: 15144K(15296K)->15144K(15296K)
[116.043s][info][gc             ] GC(2027) Pause Young (Allocation Failure) 183M->46M(494M) 8.027ms
[116.043s][info][gc,cpu         ] GC(2027) User=0.00s Sys=0.00s Real=0.00s
[116.080s][info][gc,start       ] GC(2028) Pause Young (Allocation Failure)
[116.088s][info][gc,heap        ] GC(2028) DefNew: 141164K(157248K)->1453K(157248K) Eden: 139776K(139776K)->0K(139776K) From: 1388K(17472K)->1453K(17472K)
[116.088s][info][gc,heap        ] GC(2028) Tenured: 46597K(349568K)->46598K(349568K)
[116.088s][info][gc,metaspace   ] GC(2028) Metaspace: 74514K(74880K)->74514K(74880K) NonClass: 59370K(59584K)->59370K(59584K) Class: 15144K(15296K)->15144K(15296K)
[116.088s][info][gc             ] GC(2028) Pause Young (Allocation Failure) 183M->46M(494M) 7.829ms
[116.088s][info][gc,cpu         ] GC(2028) User=0.00s Sys=0.00s Real=0.00s
[116.125s][info][gc,start       ] GC(2029) Pause Young (Allocation Failure)
[116.133s][info][gc,heap        ] GC(2029) DefNew: 141229K(157248K)->1391K(157248K) Eden: 139776K(139776K)->0K(139776K) From: 1453K(17472K)->1391K(17472K)
[116.133s][info][gc,heap        ] GC(2029) Tenured: 46598K(349568K)->46598K(349568K)
[116.133s][info][gc,metaspace   ] GC(2029) Metaspace: 74514K(74880K)->74514K(74880K) NonClass: 59370K(59584K)->59370K(59584K) Class: 15144K(15296K)->15144K(15296K)
[116.133s][info][gc             ] GC(2029) Pause Young (Allocation Failure) 183M->46M(494M) 7.426ms
[116.133s][info][gc,cpu         ] GC(2029) User=0.00s Sys=0.00s Real=0.00s
[116.171s][info][gc,start       ] GC(2030) Pause Young (Allocation Failure)
[116.178s][info][gc,heap        ] GC(2030) DefNew: 141167K(157248K)->1400K(157248K) Eden: 139776K(139776K)->0K(139776K) From: 1391K(17472K)->1400K(17472K)
[116.178s][info][gc,heap        ] GC(2030) Tenured: 46598K(349568K)->46598K(349568K)
[116.178s][info][gc,metaspace   ] GC(2030) Metaspace: 74514K(74880K)->74514K(74880K) NonClass: 59370K(59584K)->59370K(59584K) Class: 15144K(15296K)->15144K(15296K)
[116.178s][info][gc             ] GC(2030) Pause Young (Allocation Failure) 183M->46M(494M) 7.416ms
[116.178s][info][gc,cpu         ] GC(2030) User=0.00s Sys=0.00s Real=0.00s
[116.216s][info][gc,start       ] GC(2031) Pause Young (Allocation Failure)
[116.224s][info][gc,heap        ] GC(2031) DefNew: 141176K(157248K)->1409K(157248K) Eden: 139776K(139776K)->0K(139776K) From: 1400K(17472K)->1409K(17472K)
[116.224s][info][gc,heap        ] GC(2031) Tenured: 46598K(349568K)->46598K(349568K)
[116.224s][info][gc,metaspace   ] GC(2031) Metaspace: 74514K(74880K)->74514K(74880K) NonClass: 59370K(59584K)->59370K(59584K) Class: 15144K(15296K)->15144K(15296K)
[116.224s][info][gc             ] GC(2031) Pause Young (Allocation Failure) 183M->46M(494M) 7.427ms
[116.224s][info][gc,cpu         ] GC(2031) User=0.00s Sys=0.00s Real=0.00s
[116.263s][info][gc,start       ] GC(2032) Pause Young (Allocation Failure)
[116.271s][info][gc,heap        ] GC(2032) DefNew: 141185K(157248K)->1458K(157248K) Eden: 139776K(139776K)->0K(139776K) From: 1409K(17472K)->1458K(17472K)
[116.271s][info][gc,heap        ] GC(2032) Tenured: 46598K(349568K)->46599K(349568K)
[116.271s][info][gc,metaspace   ] GC(2032) Metaspace: 74514K(74880K)->74514K(74880K) NonClass: 59370K(59584K)->59370K(59584K) Class: 15144K(15296K)->15144K(15296K)
[116.271s][info][gc             ] GC(2032) Pause Young (Allocation Failure) 183M->46M(494M) 8.344ms
[116.271s][info][gc,cpu         ] GC(2032) User=0.00s Sys=0.00s Real=0.00s
[116.312s][info][gc,start       ] GC(2033) Pause Young (Allocation Failure)
[116.320s][info][gc,heap        ] GC(2033) DefNew: 141234K(157248K)->1400K(157248K) Eden: 139776K(139776K)->0K(139776K) From: 1458K(17472K)->1400K(17472K)
[116.320s][info][gc,heap        ] GC(2033) Tenured: 46599K(349568K)->46600K(349568K)
[116.320s][info][gc,metaspace   ] GC(2033) Metaspace: 74514K(74880K)->74514K(74880K) NonClass: 59370K(59584K)->59370K(59584K) Class: 15144K(15296K)->15144K(15296K)
[116.320s][info][gc             ] GC(2033) Pause Young (Allocation Failure) 183M->46M(494M) 7.508ms
[116.320s][info][gc,cpu         ] GC(2033) User=0.00s Sys=0.00s Real=0.00s
[116.361s][info][gc,start       ] GC(2034) Pause Young (Allocation Failure)
[116.368s][info][gc,heap        ] GC(2034) DefNew: 141176K(157248K)->1433K(157248K) Eden: 139776K(139776K)->0K(139776K) From: 1400K(17472K)->1433K(17472K)
[116.368s][info][gc,heap        ] GC(2034) Tenured: 46600K(349568K)->46630K(349568K)
[116.368s][info][gc,metaspace   ] GC(2034) Metaspace: 74514K(74880K)->74514K(74880K) NonClass: 59370K(59584K)->59370K(59584K) Class: 15144K(15296K)->15144K(15296K)
[116.368s][info][gc             ] GC(2034) Pause Young (Allocation Failure) 183M->46M(494M) 7.016ms
[116.368s][info][gc,cpu         ] GC(2034) User=0.00s Sys=0.00s Real=0.00s
[116.411s][info][gc,start       ] GC(2035) Pause Young (Allocation Failure)
[116.419s][info][gc,heap        ] GC(2035) DefNew: 141209K(157248K)->1376K(157248K) Eden: 139776K(139776K)->0K(139776K) From: 1433K(17472K)->1376K(17472K)
[116.419s][info][gc,heap        ] GC(2035) Tenured: 46630K(349568K)->46634K(349568K)
[116.419s][info][gc,metaspace   ] GC(2035) Metaspace: 74514K(74880K)->74514K(74880K) NonClass: 59370K(59584K)->59370K(59584K) Class: 15144K(15296K)->15144K(15296K)
[116.419s][info][gc             ] GC(2035) Pause Young (Allocation Failure) 183M->46M(494M) 7.672ms
[116.419s][info][gc,cpu         ] GC(2035) User=0.02s Sys=0.00s Real=0.02s
[116.466s][info][gc,start       ] GC(2036) Pause Young (Allocation Failure)
[116.472s][info][gc,heap        ] GC(2036) DefNew: 141152K(157248K)->1317K(157248K) Eden: 139776K(139776K)->0K(139776K) From: 1376K(17472K)->1317K(17472K)
[116.472s][info][gc,heap        ] GC(2036) Tenured: 46634K(349568K)->46656K(349568K)
[116.472s][info][gc,metaspace   ] GC(2036) Metaspace: 74514K(74880K)->74514K(74880K) NonClass: 59370K(59584K)->59370K(59584K) Class: 15144K(15296K)->15144K(15296K)
[116.472s][info][gc             ] GC(2036) Pause Young (Allocation Failure) 183M->46M(494M) 6.808ms
[116.472s][info][gc,cpu         ] GC(2036) User=0.00s Sys=0.00s Real=0.00s
[116.525s][info][gc,start       ] GC(2037) Pause Young (Allocation Failure)
[116.531s][info][gc,heap        ] GC(2037) DefNew: 141093K(157248K)->1313K(157248K) Eden: 139776K(139776K)->0K(139776K) From: 1317K(17472K)->1313K(17472K)
[116.531s][info][gc,heap        ] GC(2037) Tenured: 46656K(349568K)->46682K(349568K)
[116.531s][info][gc,metaspace   ] GC(2037) Metaspace: 74514K(74880K)->74514K(74880K) NonClass: 59370K(59584K)->59370K(59584K) Class: 15144K(15296K)->15144K(15296K)
[116.531s][info][gc             ] GC(2037) Pause Young (Allocation Failure) 183M->46M(494M) 5.832ms
[116.531s][info][gc,cpu         ] GC(2037) User=0.00s Sys=0.00s Real=0.00s
[116.587s][info][gc,start       ] GC(2038) Pause Young (Allocation Failure)
[116.593s][info][gc,heap        ] GC(2038) DefNew: 141089K(157248K)->1195K(157248K) Eden: 139776K(139776K)->0K(139776K) From: 1313K(17472K)->1195K(17472K)
[116.593s][info][gc,heap        ] GC(2038) Tenured: 46682K(349568K)->46733K(349568K)
[116.593s][info][gc,metaspace   ] GC(2038) Metaspace: 74514K(74880K)->74514K(74880K) NonClass: 59370K(59584K)->59370K(59584K) Class: 15144K(15296K)->15144K(15296K)
[116.593s][info][gc             ] GC(2038) Pause Young (Allocation Failure) 183M->46M(494M) 5.510ms
[116.593s][info][gc,cpu         ] GC(2038) User=0.00s Sys=0.00s Real=0.00s
[116.653s][info][gc,start       ] GC(2039) Pause Young (Allocation Failure)
[116.658s][info][gc,heap        ] GC(2039) DefNew: 140971K(157248K)->1209K(157248K) Eden: 139776K(139776K)->0K(139776K) From: 1195K(17472K)->1209K(17472K)
[116.658s][info][gc,heap        ] GC(2039) Tenured: 46733K(349568K)->46735K(349568K)
[116.658s][info][gc,metaspace   ] GC(2039) Metaspace: 74514K(74880K)->74514K(74880K) NonClass: 59370K(59584K)->59370K(59584K) Class: 15144K(15296K)->15144K(15296K)
[116.658s][info][gc             ] GC(2039) Pause Young (Allocation Failure) 183M->46M(494M) 5.042ms
[116.658s][info][gc,cpu         ] GC(2039) User=0.00s Sys=0.00s Real=0.00s
[116.721s][info][gc,start       ] GC(2040) Pause Young (Allocation Failure)
[116.726s][info][gc,heap        ] GC(2040) DefNew: 140985K(157248K)->1159K(157248K) Eden: 139776K(139776K)->0K(139776K) From: 1209K(17472K)->1159K(17472K)
[116.726s][info][gc,heap        ] GC(2040) Tenured: 46735K(349568K)->46761K(349568K)
[116.726s][info][gc,metaspace   ] GC(2040) Metaspace: 74514K(74880K)->74514K(74880K) NonClass: 59370K(59584K)->59370K(59584K) Class: 15144K(15296K)->15144K(15296K)
[116.726s][info][gc             ] GC(2040) Pause Young (Allocation Failure) 183M->46M(494M) 4.758ms
[116.726s][info][gc,cpu         ] GC(2040) User=0.00s Sys=0.00s Real=0.00s
[116.796s][info][gc,start       ] GC(2041) Pause Young (Allocation Failure)
[116.801s][info][gc,heap        ] GC(2041) DefNew: 140935K(157248K)->1112K(157248K) Eden: 139776K(139776K)->0K(139776K) From: 1159K(17472K)->1112K(17472K)
[116.801s][info][gc,heap        ] GC(2041) Tenured: 46761K(349568K)->46828K(349568K)
[116.801s][info][gc,metaspace   ] GC(2041) Metaspace: 74514K(74880K)->74514K(74880K) NonClass: 59370K(59584K)->59370K(59584K) Class: 15144K(15296K)->15144K(15296K)
[116.801s][info][gc             ] GC(2041) Pause Young (Allocation Failure) 183M->46M(494M) 4.676ms
[116.801s][info][gc,cpu         ] GC(2041) User=0.00s Sys=0.00s Real=0.00s
[116.878s][info][gc,start       ] GC(2042) Pause Young (Allocation Failure)
[116.882s][info][gc,heap        ] GC(2042) DefNew: 140888K(157248K)->1010K(157248K) Eden: 139776K(139776K)->0K(139776K) From: 1112K(17472K)->1010K(17472K)
[116.882s][info][gc,heap        ] GC(2042) Tenured: 46828K(349568K)->46918K(349568K)
[116.882s][info][gc,metaspace   ] GC(2042) Metaspace: 74514K(74880K)->74514K(74880K) NonClass: 59370K(59584K)->59370K(59584K) Class: 15144K(15296K)->15144K(15296K)
[116.882s][info][gc             ] GC(2042) Pause Young (Allocation Failure) 183M->46M(494M) 4.097ms
[116.882s][info][gc,cpu         ] GC(2042) User=0.00s Sys=0.00s Real=0.00s
[116.963s][info][gc,start       ] GC(2043) Pause Young (Allocation Failure)
[116.966s][info][gc,heap        ] GC(2043) DefNew: 140786K(157248K)->928K(157248K) Eden: 139776K(139776K)->0K(139776K) From: 1010K(17472K)->928K(17472K)
[116.966s][info][gc,heap        ] GC(2043) Tenured: 46918K(349568K)->46969K(349568K)
[116.966s][info][gc,metaspace   ] GC(2043) Metaspace: 74514K(74880K)->74514K(74880K) NonClass: 59370K(59584K)->59370K(59584K) Class: 15144K(15296K)->15144K(15296K)
[116.967s][info][gc             ] GC(2043) Pause Young (Allocation Failure) 183M->46M(494M) 3.916ms
[116.967s][info][gc,cpu         ] GC(2043) User=0.00s Sys=0.00s Real=0.00s
[117.055s][info][gc,start       ] GC(2044) Pause Young (Allocation Failure)
[117.058s][info][gc,heap        ] GC(2044) DefNew: 140704K(157248K)->886K(157248K) Eden: 139776K(139776K)->0K(139776K) From: 928K(17472K)->886K(17472K)
[117.058s][info][gc,heap        ] GC(2044) Tenured: 46969K(349568K)->46989K(349568K)
[117.058s][info][gc,metaspace   ] GC(2044) Metaspace: 74514K(74880K)->74514K(74880K) NonClass: 59370K(59584K)->59370K(59584K) Class: 15144K(15296K)->15144K(15296K)
[117.058s][info][gc             ] GC(2044) Pause Young (Allocation Failure) 183M->46M(494M) 3.670ms
[117.058s][info][gc,cpu         ] GC(2044) User=0.00s Sys=0.00s Real=0.00s
[117.154s][info][gc,start       ] GC(2045) Pause Young (Allocation Failure)
[117.157s][info][gc,heap        ] GC(2045) DefNew: 140662K(157248K)->903K(157248K) Eden: 139776K(139776K)->0K(139776K) From: 886K(17472K)->903K(17472K)
[117.157s][info][gc,heap        ] GC(2045) Tenured: 46989K(349568K)->46995K(349568K)
[117.157s][info][gc,metaspace   ] GC(2045) Metaspace: 74514K(74880K)->74514K(74880K) NonClass: 59370K(59584K)->59370K(59584K) Class: 15144K(15296K)->15144K(15296K)
[117.157s][info][gc             ] GC(2045) Pause Young (Allocation Failure) 183M->46M(494M) 3.642ms
[117.157s][info][gc,cpu         ] GC(2045) User=0.00s Sys=0.00s Real=0.00s
[117.250s][info][gc,start       ] GC(2046) Pause Young (Allocation Failure)
[117.254s][info][gc,heap        ] GC(2046) DefNew: 140679K(157248K)->878K(157248K) Eden: 139776K(139776K)->0K(139776K) From: 903K(17472K)->878K(17472K)
[117.254s][info][gc,heap        ] GC(2046) Tenured: 46995K(349568K)->47037K(349568K)
[117.254s][info][gc,metaspace   ] GC(2046) Metaspace: 74514K(74880K)->74514K(74880K) NonClass: 59370K(59584K)->59370K(59584K) Class: 15144K(15296K)->15144K(15296K)
[117.254s][info][gc             ] GC(2046) Pause Young (Allocation Failure) 183M->46M(494M) 3.700ms
[117.254s][info][gc,cpu         ] GC(2046) User=0.02s Sys=0.00s Real=0.02s
[117.346s][info][gc,start       ] GC(2047) Pause Young (Allocation Failure)
[117.350s][info][gc,heap        ] GC(2047) DefNew: 140654K(157248K)->821K(157248K) Eden: 139776K(139776K)->0K(139776K) From: 878K(17472K)->821K(17472K)
[117.350s][info][gc,heap        ] GC(2047) Tenured: 47037K(349568K)->47089K(349568K)
[117.350s][info][gc,metaspace   ] GC(2047) Metaspace: 74514K(74880K)->74514K(74880K) NonClass: 59370K(59584K)->59370K(59584K) Class: 15144K(15296K)->15144K(15296K)
[117.350s][info][gc             ] GC(2047) Pause Young (Allocation Failure) 183M->46M(494M) 3.530ms
[117.350s][info][gc,cpu         ] GC(2047) User=0.00s Sys=0.00s Real=0.00s
[117.443s][info][gc,start       ] GC(2048) Pause Young (Allocation Failure)
[117.446s][info][gc,heap        ] GC(2048) DefNew: 140597K(157248K)->802K(157248K) Eden: 139776K(139776K)->0K(139776K) From: 821K(17472K)->802K(17472K)
[117.446s][info][gc,heap        ] GC(2048) Tenured: 47089K(349568K)->47115K(349568K)
[117.446s][info][gc,metaspace   ] GC(2048) Metaspace: 74514K(74880K)->74514K(74880K) NonClass: 59370K(59584K)->59370K(59584K) Class: 15144K(15296K)->15144K(15296K)
[117.446s][info][gc             ] GC(2048) Pause Young (Allocation Failure) 183M->46M(494M) 3.582ms
[117.446s][info][gc,cpu         ] GC(2048) User=0.00s Sys=0.00s Real=0.00s
[117.541s][info][gc,start       ] GC(2049) Pause Young (Allocation Failure)
[117.544s][info][gc,heap        ] GC(2049) DefNew: 140578K(157248K)->756K(157248K) Eden: 139776K(139776K)->0K(139776K) From: 802K(17472K)->756K(17472K)
[117.544s][info][gc,heap        ] GC(2049) Tenured: 47115K(349568K)->47153K(349568K)
[117.544s][info][gc,metaspace   ] GC(2049) Metaspace: 74514K(74880K)->74514K(74880K) NonClass: 59370K(59584K)->59370K(59584K) Class: 15144K(15296K)->15144K(15296K)
[117.544s][info][gc             ] GC(2049) Pause Young (Allocation Failure) 183M->46M(494M) 3.359ms
[117.544s][info][gc,cpu         ] GC(2049) User=0.02s Sys=0.00s Real=0.02s
[117.638s][info][gc,start       ] GC(2050) Pause Young (Allocation Failure)
[117.641s][info][gc,heap        ] GC(2050) DefNew: 140532K(157248K)->704K(157248K) Eden: 139776K(139776K)->0K(139776K) From: 756K(17472K)->704K(17472K)
[117.641s][info][gc,heap        ] GC(2050) Tenured: 47153K(349568K)->47201K(349568K)
[117.641s][info][gc,metaspace   ] GC(2050) Metaspace: 74514K(74880K)->74514K(74880K) NonClass: 59370K(59584K)->59370K(59584K) Class: 15144K(15296K)->15144K(15296K)
[117.641s][info][gc             ] GC(2050) Pause Young (Allocation Failure) 183M->46M(494M) 3.391ms
[117.641s][info][gc,cpu         ] GC(2050) User=0.02s Sys=0.00s Real=0.02s
[117.735s][info][gc,start       ] GC(2051) Pause Young (Allocation Failure)
[117.738s][info][gc,heap        ] GC(2051) DefNew: 140480K(157248K)->567K(157248K) Eden: 139776K(139776K)->0K(139776K) From: 704K(17472K)->567K(17472K)
[117.738s][info][gc,heap        ] GC(2051) Tenured: 47201K(349568K)->47318K(349568K)
[117.738s][info][gc,metaspace   ] GC(2051) Metaspace: 74514K(74880K)->74514K(74880K) NonClass: 59370K(59584K)->59370K(59584K) Class: 15144K(15296K)->15144K(15296K)
[117.739s][info][gc             ] GC(2051) Pause Young (Allocation Failure) 183M->46M(494M) 3.215ms
[117.739s][info][gc,cpu         ] GC(2051) User=0.00s Sys=0.00s Real=0.00s
[117.833s][info][gc,start       ] GC(2052) Pause Young (Allocation Failure)
[117.836s][info][gc,heap        ] GC(2052) DefNew: 140343K(157248K)->526K(157248K) Eden: 139776K(139776K)->0K(139776K) From: 567K(17472K)->526K(17472K)
[117.836s][info][gc,heap        ] GC(2052) Tenured: 47318K(349568K)->47369K(349568K)
[117.836s][info][gc,metaspace   ] GC(2052) Metaspace: 74514K(74880K)->74514K(74880K) NonClass: 59370K(59584K)->59370K(59584K) Class: 15144K(15296K)->15144K(15296K)
[117.836s][info][gc             ] GC(2052) Pause Young (Allocation Failure) 183M->46M(494M) 3.097ms
[117.836s][info][gc,cpu         ] GC(2052) User=0.00s Sys=0.00s Real=0.00s
[117.930s][info][gc,start       ] GC(2053) Pause Young (Allocation Failure)
[117.932s][info][gc,heap        ] GC(2053) DefNew: 140302K(157248K)->463K(157248K) Eden: 139776K(139776K)->0K(139776K) From: 526K(17472K)->463K(17472K)
[117.933s][info][gc,heap        ] GC(2053) Tenured: 47369K(349568K)->47448K(349568K)
[117.933s][info][gc,metaspace   ] GC(2053) Metaspace: 74514K(74880K)->74514K(74880K) NonClass: 59370K(59584K)->59370K(59584K) Class: 15144K(15296K)->15144K(15296K)
[117.933s][info][gc             ] GC(2053) Pause Young (Allocation Failure) 183M->46M(494M) 3.070ms
[117.933s][info][gc,cpu         ] GC(2053) User=0.02s Sys=0.00s Real=0.02s
[118.025s][info][gc,start       ] GC(2054) Pause Young (Allocation Failure)
[118.028s][info][gc,heap        ] GC(2054) DefNew: 140239K(157248K)->428K(157248K) Eden: 139776K(139776K)->0K(139776K) From: 463K(17472K)->428K(17472K)
[118.028s][info][gc,heap        ] GC(2054) Tenured: 47448K(349568K)->47476K(349568K)
[118.028s][info][gc,metaspace   ] GC(2054) Metaspace: 74514K(74880K)->74514K(74880K) NonClass: 59370K(59584K)->59370K(59584K) Class: 15144K(15296K)->15144K(15296K)
[118.028s][info][gc             ] GC(2054) Pause Young (Allocation Failure) 183M->46M(494M) 2.972ms
[118.028s][info][gc,cpu         ] GC(2054) User=0.00s Sys=0.00s Real=0.00s
[118.120s][info][gc,start       ] GC(2055) Pause Young (Allocation Failure)
[118.123s][info][gc,heap        ] GC(2055) DefNew: 140204K(157248K)->392K(157248K) Eden: 139776K(139776K)->0K(139776K) From: 428K(17472K)->392K(17472K)
[118.123s][info][gc,heap        ] GC(2055) Tenured: 47476K(349568K)->47528K(349568K)
[118.123s][info][gc,metaspace   ] GC(2055) Metaspace: 74514K(74880K)->74514K(74880K) NonClass: 59370K(59584K)->59370K(59584K) Class: 15144K(15296K)->15144K(15296K)
[118.123s][info][gc             ] GC(2055) Pause Young (Allocation Failure) 183M->46M(494M) 3.034ms
[118.123s][info][gc,cpu         ] GC(2055) User=0.00s Sys=0.00s Real=0.00s
[118.216s][info][gc,start       ] GC(2056) Pause Young (Allocation Failure)
[118.219s][info][gc,heap        ] GC(2056) DefNew: 140168K(157248K)->297K(157248K) Eden: 139776K(139776K)->0K(139776K) From: 392K(17472K)->297K(17472K)
[118.219s][info][gc,heap        ] GC(2056) Tenured: 47528K(349568K)->47604K(349568K)
[118.219s][info][gc,metaspace   ] GC(2056) Metaspace: 74514K(74880K)->74514K(74880K) NonClass: 59370K(59584K)->59370K(59584K) Class: 15144K(15296K)->15144K(15296K)
[118.219s][info][gc             ] GC(2056) Pause Young (Allocation Failure) 183M->46M(494M) 2.788ms
[118.219s][info][gc,cpu         ] GC(2056) User=0.00s Sys=0.00s Real=0.00s
[118.319s][info][gc,start       ] GC(2057) Pause Young (Allocation Failure)
[118.322s][info][gc,heap        ] GC(2057) DefNew: 140073K(157248K)->281K(157248K) Eden: 139776K(139776K)->0K(139776K) From: 297K(17472K)->281K(17472K)
[118.322s][info][gc,heap        ] GC(2057) Tenured: 47604K(349568K)->47604K(349568K)
[118.322s][info][gc,metaspace   ] GC(2057) Metaspace: 74514K(74880K)->74514K(74880K) NonClass: 59370K(59584K)->59370K(59584K) Class: 15144K(15296K)->15144K(15296K)
[118.322s][info][gc             ] GC(2057) Pause Young (Allocation Failure) 183M->46M(494M) 2.721ms
[118.322s][info][gc,cpu         ] GC(2057) User=0.00s Sys=0.00s Real=0.00s
[118.393s][info][gc,heap,exit   ] Heap
[118.393s][info][gc,heap,exit   ]  def new generation   total 157248K, used 11501K [0x00000000e0000000, 0x00000000eaaa0000, 0x00000000eaaa0000)
[118.393s][info][gc,heap,exit   ]   eden space 139776K,   8% used [0x00000000e0000000, 0x00000000e0af4e40, 0x00000000e8880000)
[118.393s][info][gc,heap,exit   ]   from space 17472K,   1% used [0x00000000e8880000, 0x00000000e88c66c8, 0x00000000e9990000)
[118.393s][info][gc,heap,exit   ]   to   space 17472K,   0% used [0x00000000e9990000, 0x00000000e9990000, 0x00000000eaaa0000)
[118.394s][info][gc,heap,exit   ]  tenured generation   total 349568K, used 47604K [0x00000000eaaa0000, 0x0000000100000000, 0x0000000100000000)
[118.394s][info][gc,heap,exit   ]    the space 349568K,  13% used [0x00000000eaaa0000, 0x00000000ed91d3c0, 0x00000000ed91d400, 0x0000000100000000)
[118.394s][info][gc,heap,exit   ]  Metaspace       used 74611K, committed 75008K, reserved 1114112K
[118.394s][info][gc,heap,exit   ]   class space    used 15167K, committed 15360K, reserved 1048576K
