[0.015s][info][gc,init] CardTable entry size: 512
[0.016s][info][gc     ] Using Serial
[0.024s][info][gc,init] Version: 20+36-2344 (release)
[0.024s][info][gc,init] CPUs: 48 total, 48 available
[0.024s][info][gc,init] Memory: 382G
[0.024s][info][gc,init] Large Page Support: Disabled
[0.024s][info][gc,init] NUMA Support: Disabled
[0.024s][info][gc,init] Compressed Oops: Enabled (Zero based)
[0.024s][info][gc,init] Heap Min Capacity: 8M
[0.024s][info][gc,init] Heap Initial Capacity: 2G
[0.024s][info][gc,init] Heap Max Capacity: 4G
[0.024s][info][gc,init] Pre-touch: Disabled
[0.029s][info][gc,metaspace] CDS archive(s) mapped at: [0x0000000800000000-0x0000000800c60000-0x0000000800c60000), size 12976128, SharedBaseAddress: 0x0000000800000000, ArchiveRelocationMode: 0.
[0.029s][info][gc,metaspace] Compressed class space mapped at: 0x0000000801000000-0x0000000841000000, reserved size: 1073741824
[0.029s][info][gc,metaspace] Narrow klass base: 0x0000000800000000, Narrow klass shift: 0, Narrow klass range: 0x100000000
[4.239s][info][gc,start    ] GC(0) Pause Full (Metadata GC Threshold)
[4.239s][info][gc,phases,start] GC(0) Phase 1: Mark live objects
[4.259s][info][gc,phases      ] GC(0) Phase 1: Mark live objects 20.069ms
[4.259s][info][gc,phases,start] GC(0) Phase 2: Compute new object addresses
[4.271s][info][gc,phases      ] GC(0) Phase 2: Compute new object addresses 11.898ms
[4.271s][info][gc,phases,start] GC(0) Phase 3: Adjust pointers
[4.278s][info][gc,phases      ] GC(0) Phase 3: Adjust pointers 6.739ms
[4.278s][info][gc,phases,start] GC(0) Phase 4: Move objects
[4.284s][info][gc,phases      ] GC(0) Phase 4: Move objects 5.764ms
[4.285s][info][gc,heap        ] GC(0) DefNew: 201357K(629120K)->0K(629248K) Eden: 201357K(559232K)->0K(559360K) From: 0K(69888K)->0K(69888K)
[4.285s][info][gc,heap        ] GC(0) Tenured: 0K(1398144K)->7643K(1398144K)
[4.285s][info][gc,metaspace   ] GC(0) Metaspace: 21258K(21504K)->21258K(21504K) NonClass: 18523K(18624K)->18523K(18624K) Class: 2734K(2880K)->2734K(2880K)
[4.285s][info][gc             ] GC(0) Pause Full (Metadata GC Threshold) 196M->7M(1979M) 46.318ms
[4.285s][info][gc,cpu         ] GC(0) User=0.03s Sys=0.02s Real=0.05s
[5.167s][info][gc,start       ] GC(1) Pause Full (System.gc())
[5.167s][info][gc,phases,start] GC(1) Phase 1: Mark live objects
[5.193s][info][gc,phases      ] GC(1) Phase 1: Mark live objects 25.307ms
[5.193s][info][gc,phases,start] GC(1) Phase 2: Compute new object addresses
[5.201s][info][gc,phases      ] GC(1) Phase 2: Compute new object addresses 8.323ms
[5.201s][info][gc,phases,start] GC(1) Phase 3: Adjust pointers
[5.210s][info][gc,phases      ] GC(1) Phase 3: Adjust pointers 8.633ms
[5.210s][info][gc,phases,start] GC(1) Phase 4: Move objects
[5.213s][info][gc,phases      ] GC(1) Phase 4: Move objects 3.100ms
[5.213s][info][gc,heap        ] GC(1) DefNew: 228221K(629248K)->0K(629440K) Eden: 228221K(559360K)->0K(559552K) From: 0K(69888K)->0K(69888K)
[5.213s][info][gc,heap        ] GC(1) Tenured: 7643K(1398144K)->12583K(1398144K)
[5.213s][info][gc,metaspace   ] GC(1) Metaspace: 30292K(30592K)->30292K(30592K) NonClass: 26247K(26432K)->26247K(26432K) Class: 4044K(4160K)->4044K(4160K)
[5.213s][info][gc             ] GC(1) Pause Full (System.gc()) 230M->12M(1980M) 46.127ms
[5.213s][info][gc,cpu         ] GC(1) User=0.05s Sys=0.00s Real=0.05s
[6.376s][info][gc,start       ] GC(2) Pause Full (Metadata GC Threshold)
[6.376s][info][gc,phases,start] GC(2) Phase 1: Mark live objects
[6.421s][info][gc,phases      ] GC(2) Phase 1: Mark live objects 45.273ms
[6.421s][info][gc,phases,start] GC(2) Phase 2: Compute new object addresses
[6.462s][info][gc,phases      ] GC(2) Phase 2: Compute new object addresses 40.037ms
[6.462s][info][gc,phases,start] GC(2) Phase 3: Adjust pointers
[6.482s][info][gc,phases      ] GC(2) Phase 3: Adjust pointers 20.613ms
[6.482s][info][gc,phases,start] GC(2) Phase 4: Move objects
[6.487s][info][gc,phases      ] GC(2) Phase 4: Move objects 4.884ms
[6.489s][info][gc,heap        ] GC(2) DefNew: 265546K(629440K)->0K(629440K) Eden: 265546K(559552K)->0K(559552K) From: 0K(69888K)->0K(69888K)
[6.489s][info][gc,heap        ] GC(2) Tenured: 12583K(1398144K)->17192K(1398144K)
[6.489s][info][gc,metaspace   ] GC(2) Metaspace: 50028K(51008K)->49270K(50880K) NonClass: 40362K(40960K)->39830K(40832K) Class: 9666K(10048K)->9439K(10048K)
[6.489s][info][gc             ] GC(2) Pause Full (Metadata GC Threshold) 271M->16M(1980M) 113.119ms
[6.489s][info][gc,cpu         ] GC(2) User=0.27s Sys=0.00s Real=0.11s
[8.449s][info][gc,start       ] GC(3) Pause Young (Allocation Failure)
[8.513s][info][gc,heap        ] GC(3) DefNew: 559552K(629440K)->22985K(629440K) Eden: 559552K(559552K)->0K(559552K) From: 0K(69888K)->22985K(69888K)
[8.513s][info][gc,heap        ] GC(3) Tenured: 17192K(1398144K)->17192K(1398144K)
[8.513s][info][gc,metaspace   ] GC(3) Metaspace: 71830K(72512K)->71830K(72512K) NonClass: 56817K(57216K)->56817K(57216K) Class: 15013K(15296K)->15013K(15296K)
[8.513s][info][gc             ] GC(3) Pause Young (Allocation Failure) 563M->39M(1980M) 64.781ms
[8.513s][info][gc,cpu         ] GC(3) User=0.13s Sys=0.00s Real=0.06s
[9.110s][info][gc,start       ] GC(4) Pause Young (Allocation Failure)
[9.149s][info][gc,heap        ] GC(4) DefNew: 582537K(629440K)->22513K(629440K) Eden: 559552K(559552K)->0K(559552K) From: 22985K(69888K)->22513K(69888K)
[9.149s][info][gc,heap        ] GC(4) Tenured: 17192K(1398144K)->17192K(1398144K)
[9.149s][info][gc,metaspace   ] GC(4) Metaspace: 71978K(72704K)->71978K(72704K) NonClass: 56964K(57408K)->56964K(57408K) Class: 15013K(15296K)->15013K(15296K)
[9.149s][info][gc             ] GC(4) Pause Young (Allocation Failure) 585M->38M(1980M) 39.319ms
[9.149s][info][gc,cpu         ] GC(4) User=0.14s Sys=0.03s Real=0.04s
[9.646s][info][gc,start       ] GC(5) Pause Young (Allocation Failure)
[9.677s][info][gc,heap        ] GC(5) DefNew: 582065K(629440K)->22558K(629440K) Eden: 559552K(559552K)->0K(559552K) From: 22513K(69888K)->22558K(69888K)
[9.677s][info][gc,heap        ] GC(5) Tenured: 17192K(1398144K)->17192K(1398144K)
[9.677s][info][gc,metaspace   ] GC(5) Metaspace: 71978K(72704K)->71978K(72704K) NonClass: 56964K(57408K)->56964K(57408K) Class: 15013K(15296K)->15013K(15296K)
[9.677s][info][gc             ] GC(5) Pause Young (Allocation Failure) 585M->38M(1980M) 30.764ms
[9.677s][info][gc,cpu         ] GC(5) User=0.05s Sys=0.00s Real=0.02s
[10.086s][info][gc,start       ] GC(6) Pause Young (Allocation Failure)
[10.117s][info][gc,heap        ] GC(6) DefNew: 582110K(629440K)->22536K(629440K) Eden: 559552K(559552K)->0K(559552K) From: 22558K(69888K)->22536K(69888K)
[10.117s][info][gc,heap        ] GC(6) Tenured: 17192K(1398144K)->17192K(1398144K)
[10.117s][info][gc,metaspace   ] GC(6) Metaspace: 71985K(72704K)->71985K(72704K) NonClass: 56971K(57408K)->56971K(57408K) Class: 15014K(15296K)->15014K(15296K)
[10.117s][info][gc             ] GC(6) Pause Young (Allocation Failure) 585M->38M(1980M) 30.850ms
[10.117s][info][gc,cpu         ] GC(6) User=0.08s Sys=0.00s Real=0.03s
[10.473s][info][gc,start       ] GC(7) Pause Young (Allocation Failure)
[10.503s][info][gc,heap        ] GC(7) DefNew: 582088K(629440K)->22521K(629440K) Eden: 559552K(559552K)->0K(559552K) From: 22536K(69888K)->22521K(69888K)
[10.503s][info][gc,heap        ] GC(7) Tenured: 17192K(1398144K)->17192K(1398144K)
[10.503s][info][gc,metaspace   ] GC(7) Metaspace: 72013K(72704K)->72013K(72704K) NonClass: 56997K(57408K)->56997K(57408K) Class: 15015K(15296K)->15015K(15296K)
[10.503s][info][gc             ] GC(7) Pause Young (Allocation Failure) 585M->38M(1980M) 30.097ms
[10.503s][info][gc,cpu         ] GC(7) User=0.08s Sys=0.00s Real=0.02s
[10.827s][info][gc,start       ] GC(8) Pause Young (Allocation Failure)
[10.856s][info][gc,heap        ] GC(8) DefNew: 582073K(629440K)->22196K(629440K) Eden: 559552K(559552K)->0K(559552K) From: 22521K(69888K)->22196K(69888K)
[10.856s][info][gc,heap        ] GC(8) Tenured: 17192K(1398144K)->17192K(1398144K)
[10.856s][info][gc,metaspace   ] GC(8) Metaspace: 72061K(72768K)->72061K(72768K) NonClass: 57036K(57472K)->57036K(57472K) Class: 15025K(15296K)->15025K(15296K)
[10.856s][info][gc             ] GC(8) Pause Young (Allocation Failure) 585M->38M(1980M) 29.255ms
[10.856s][info][gc,cpu         ] GC(8) User=0.03s Sys=0.00s Real=0.02s
[11.102s][info][gc,start       ] GC(9) Pause Young (Allocation Failure)
[11.130s][info][gc,heap        ] GC(9) DefNew: 581748K(629440K)->22163K(629440K) Eden: 559552K(559552K)->0K(559552K) From: 22196K(69888K)->22163K(69888K)
[11.130s][info][gc,heap        ] GC(9) Tenured: 17192K(1398144K)->17192K(1398144K)
[11.130s][info][gc,metaspace   ] GC(9) Metaspace: 72061K(72768K)->72061K(72768K) NonClass: 57036K(57472K)->57036K(57472K) Class: 15025K(15296K)->15025K(15296K)
[11.130s][info][gc             ] GC(9) Pause Young (Allocation Failure) 584M->38M(1980M) 28.266ms
[11.130s][info][gc,cpu         ] GC(9) User=0.08s Sys=0.00s Real=0.03s
[11.377s][info][gc,start       ] GC(10) Pause Young (Allocation Failure)
[11.407s][info][gc,heap        ] GC(10) DefNew: 581715K(629440K)->22211K(629440K) Eden: 559552K(559552K)->0K(559552K) From: 22163K(69888K)->22211K(69888K)
[11.408s][info][gc,heap        ] GC(10) Tenured: 17192K(1398144K)->17192K(1398144K)
[11.408s][info][gc,metaspace   ] GC(10) Metaspace: 72064K(72768K)->72064K(72768K) NonClass: 57039K(57472K)->57039K(57472K) Class: 15025K(15296K)->15025K(15296K)
[11.408s][info][gc             ] GC(10) Pause Young (Allocation Failure) 584M->38M(1980M) 30.462ms
[11.408s][info][gc,cpu         ] GC(10) User=0.17s Sys=0.00s Real=0.03s
[11.628s][info][gc,start       ] GC(11) Pause Young (Allocation Failure)
[11.662s][info][gc,heap        ] GC(11) DefNew: 581763K(629440K)->22219K(629440K) Eden: 559552K(559552K)->0K(559552K) From: 22211K(69888K)->22219K(69888K)
[11.662s][info][gc,heap        ] GC(11) Tenured: 17192K(1398144K)->17192K(1398144K)
[11.662s][info][gc,metaspace   ] GC(11) Metaspace: 72067K(72768K)->72067K(72768K) NonClass: 57041K(57472K)->57041K(57472K) Class: 15026K(15296K)->15026K(15296K)
[11.662s][info][gc             ] GC(11) Pause Young (Allocation Failure) 584M->38M(1980M) 34.264ms
[11.662s][info][gc,cpu         ] GC(11) User=0.09s Sys=0.00s Real=0.04s
[11.936s][info][gc,start       ] GC(12) Pause Young (Allocation Failure)
[11.965s][info][gc,heap        ] GC(12) DefNew: 581771K(629440K)->22217K(629440K) Eden: 559552K(559552K)->0K(559552K) From: 22219K(69888K)->22217K(69888K)
[11.965s][info][gc,heap        ] GC(12) Tenured: 17192K(1398144K)->17192K(1398144K)
[11.965s][info][gc,metaspace   ] GC(12) Metaspace: 72067K(72768K)->72067K(72768K) NonClass: 57041K(57472K)->57041K(57472K) Class: 15026K(15296K)->15026K(15296K)
[11.965s][info][gc             ] GC(12) Pause Young (Allocation Failure) 584M->38M(1980M) 29.460ms
[11.965s][info][gc,cpu         ] GC(12) User=0.14s Sys=0.00s Real=0.03s
[12.152s][info][gc,start       ] GC(13) Pause Young (Allocation Failure)
[12.181s][info][gc,heap        ] GC(13) DefNew: 581769K(629440K)->22195K(629440K) Eden: 559552K(559552K)->0K(559552K) From: 22217K(69888K)->22195K(69888K)
[12.181s][info][gc,heap        ] GC(13) Tenured: 17192K(1398144K)->17192K(1398144K)
[12.181s][info][gc,metaspace   ] GC(13) Metaspace: 72068K(72768K)->72068K(72768K) NonClass: 57042K(57472K)->57042K(57472K) Class: 15026K(15296K)->15026K(15296K)
[12.181s][info][gc             ] GC(13) Pause Young (Allocation Failure) 584M->38M(1980M) 28.842ms
[12.181s][info][gc,cpu         ] GC(13) User=0.06s Sys=0.00s Real=0.03s
[12.363s][info][gc,start       ] GC(14) Pause Young (Allocation Failure)
[12.395s][info][gc,heap        ] GC(14) DefNew: 581747K(629440K)->22123K(629440K) Eden: 559552K(559552K)->0K(559552K) From: 22195K(69888K)->22123K(69888K)
[12.395s][info][gc,heap        ] GC(14) Tenured: 17192K(1398144K)->17192K(1398144K)
[12.395s][info][gc,metaspace   ] GC(14) Metaspace: 72068K(72768K)->72068K(72768K) NonClass: 57042K(57472K)->57042K(57472K) Class: 15026K(15296K)->15026K(15296K)
[12.395s][info][gc             ] GC(14) Pause Young (Allocation Failure) 584M->38M(1980M) 32.083ms
[12.395s][info][gc,cpu         ] GC(14) User=0.06s Sys=0.00s Real=0.03s
[12.581s][info][gc,start       ] GC(15) Pause Young (Allocation Failure)
[12.614s][info][gc,heap        ] GC(15) DefNew: 581675K(629440K)->22210K(629440K) Eden: 559552K(559552K)->0K(559552K) From: 22123K(69888K)->22210K(69888K)
[12.614s][info][gc,heap        ] GC(15) Tenured: 17192K(1398144K)->17192K(1398144K)
[12.614s][info][gc,metaspace   ] GC(15) Metaspace: 72094K(72832K)->72094K(72832K) NonClass: 57065K(57472K)->57065K(57472K) Class: 15028K(15360K)->15028K(15360K)
[12.614s][info][gc             ] GC(15) Pause Young (Allocation Failure) 584M->38M(1980M) 33.805ms
[12.614s][info][gc,cpu         ] GC(15) User=0.09s Sys=0.00s Real=0.03s
[12.803s][info][gc,start       ] GC(16) Pause Young (Allocation Failure)
[12.835s][info][gc,heap        ] GC(16) DefNew: 581762K(629440K)->22205K(629440K) Eden: 559552K(559552K)->0K(559552K) From: 22210K(69888K)->22205K(69888K)
[12.835s][info][gc,heap        ] GC(16) Tenured: 17192K(1398144K)->17192K(1398144K)
[12.835s][info][gc,metaspace   ] GC(16) Metaspace: 72094K(72832K)->72094K(72832K) NonClass: 57065K(57472K)->57065K(57472K) Class: 15028K(15360K)->15028K(15360K)
[12.836s][info][gc             ] GC(16) Pause Young (Allocation Failure) 584M->38M(1980M) 32.775ms
[12.836s][info][gc,cpu         ] GC(16) User=0.05s Sys=0.00s Real=0.03s
[12.999s][info][gc,start       ] GC(17) Pause Young (Allocation Failure)
[13.029s][info][gc,heap        ] GC(17) DefNew: 581757K(629440K)->22239K(629440K) Eden: 559552K(559552K)->0K(559552K) From: 22205K(69888K)->22239K(69888K)
[13.029s][info][gc,heap        ] GC(17) Tenured: 17192K(1398144K)->17192K(1398144K)
[13.029s][info][gc,metaspace   ] GC(17) Metaspace: 72095K(72832K)->72095K(72832K) NonClass: 57067K(57472K)->57067K(57472K) Class: 15028K(15360K)->15028K(15360K)
[13.029s][info][gc             ] GC(17) Pause Young (Allocation Failure) 584M->38M(1980M) 30.376ms
[13.029s][info][gc,cpu         ] GC(17) User=0.03s Sys=0.00s Real=0.03s
[13.177s][info][gc,start       ] GC(18) Pause Young (Allocation Failure)
[13.221s][info][gc,heap        ] GC(18) DefNew: 581791K(629440K)->1604K(629440K) Eden: 559552K(559552K)->0K(559552K) From: 22239K(69888K)->1604K(69888K)
[13.221s][info][gc,heap        ] GC(18) Tenured: 17192K(1398144K)->37835K(1398144K)
[13.221s][info][gc,metaspace   ] GC(18) Metaspace: 72095K(72832K)->72095K(72832K) NonClass: 57067K(57472K)->57067K(57472K) Class: 15028K(15360K)->15028K(15360K)
[13.221s][info][gc             ] GC(18) Pause Young (Allocation Failure) 584M->38M(1980M) 43.578ms
[13.221s][info][gc,cpu         ] GC(18) User=0.05s Sys=0.00s Real=0.04s
[13.370s][info][gc,start       ] GC(19) Pause Young (Allocation Failure)
[13.381s][info][gc,heap        ] GC(19) DefNew: 561156K(629440K)->1574K(629440K) Eden: 559552K(559552K)->0K(559552K) From: 1604K(69888K)->1574K(69888K)
[13.381s][info][gc,heap        ] GC(19) Tenured: 37835K(1398144K)->37881K(1398144K)
[13.381s][info][gc,metaspace   ] GC(19) Metaspace: 72096K(72832K)->72096K(72832K) NonClass: 57067K(57472K)->57067K(57472K) Class: 15028K(15360K)->15028K(15360K)
[13.381s][info][gc             ] GC(19) Pause Young (Allocation Failure) 584M->38M(1980M) 11.147ms
[13.381s][info][gc,cpu         ] GC(19) User=0.02s Sys=0.00s Real=0.01s
[13.526s][info][gc,start       ] GC(20) Pause Young (Allocation Failure)
[13.537s][info][gc,heap        ] GC(20) DefNew: 561126K(629440K)->1603K(629440K) Eden: 559552K(559552K)->0K(559552K) From: 1574K(69888K)->1603K(69888K)
[13.537s][info][gc,heap        ] GC(20) Tenured: 37881K(1398144K)->37905K(1398144K)
[13.537s][info][gc,metaspace   ] GC(20) Metaspace: 72096K(72832K)->72096K(72832K) NonClass: 57067K(57472K)->57067K(57472K) Class: 15028K(15360K)->15028K(15360K)
[13.537s][info][gc             ] GC(20) Pause Young (Allocation Failure) 584M->38M(1980M) 10.858ms
[13.537s][info][gc,cpu         ] GC(20) User=0.02s Sys=0.00s Real=0.01s
[13.674s][info][gc,start       ] GC(21) Pause Young (Allocation Failure)
[13.683s][info][gc,heap        ] GC(21) DefNew: 561155K(629440K)->1544K(629440K) Eden: 559552K(559552K)->0K(559552K) From: 1603K(69888K)->1544K(69888K)
[13.684s][info][gc,heap        ] GC(21) Tenured: 37905K(1398144K)->37908K(1398144K)
[13.684s][info][gc,metaspace   ] GC(21) Metaspace: 72096K(72832K)->72096K(72832K) NonClass: 57067K(57472K)->57067K(57472K) Class: 15028K(15360K)->15028K(15360K)
[13.684s][info][gc             ] GC(21) Pause Young (Allocation Failure) 585M->38M(1980M) 9.473ms
[13.684s][info][gc,cpu         ] GC(21) User=0.00s Sys=0.00s Real=0.01s
[13.820s][info][gc,start       ] GC(22) Pause Young (Allocation Failure)
[13.829s][info][gc,heap        ] GC(22) DefNew: 561096K(629440K)->1574K(629440K) Eden: 559552K(559552K)->0K(559552K) From: 1544K(69888K)->1574K(69888K)
[13.829s][info][gc,heap        ] GC(22) Tenured: 37908K(1398144K)->37930K(1398144K)
[13.829s][info][gc,metaspace   ] GC(22) Metaspace: 72096K(72832K)->72096K(72832K) NonClass: 57067K(57472K)->57067K(57472K) Class: 15028K(15360K)->15028K(15360K)
[13.829s][info][gc             ] GC(22) Pause Young (Allocation Failure) 584M->38M(1980M) 9.348ms
[13.829s][info][gc,cpu         ] GC(22) User=0.00s Sys=0.00s Real=0.00s
[13.965s][info][gc,start       ] GC(23) Pause Young (Allocation Failure)
[13.975s][info][gc,heap        ] GC(23) DefNew: 561126K(629440K)->1455K(629440K) Eden: 559552K(559552K)->0K(559552K) From: 1574K(69888K)->1455K(69888K)
[13.975s][info][gc,heap        ] GC(23) Tenured: 37930K(1398144K)->37970K(1398144K)
[13.975s][info][gc,metaspace   ] GC(23) Metaspace: 72096K(72832K)->72096K(72832K) NonClass: 57067K(57472K)->57067K(57472K) Class: 15028K(15360K)->15028K(15360K)
[13.975s][info][gc             ] GC(23) Pause Young (Allocation Failure) 585M->38M(1980M) 10.254ms
[13.975s][info][gc,cpu         ] GC(23) User=0.02s Sys=0.00s Real=0.00s
[14.112s][info][gc,start       ] GC(24) Pause Young (Allocation Failure)
[14.121s][info][gc,heap        ] GC(24) DefNew: 561007K(629440K)->1405K(629440K) Eden: 559552K(559552K)->0K(559552K) From: 1455K(69888K)->1405K(69888K)
[14.121s][info][gc,heap        ] GC(24) Tenured: 37970K(1398144K)->37973K(1398144K)
[14.121s][info][gc,metaspace   ] GC(24) Metaspace: 72096K(72832K)->72096K(72832K) NonClass: 57067K(57472K)->57067K(57472K) Class: 15028K(15360K)->15028K(15360K)
[14.121s][info][gc             ] GC(24) Pause Young (Allocation Failure) 584M->38M(1980M) 9.303ms
[14.121s][info][gc,cpu         ] GC(24) User=0.00s Sys=0.00s Real=0.01s
[14.257s][info][gc,start       ] GC(25) Pause Young (Allocation Failure)
[14.266s][info][gc,heap        ] GC(25) DefNew: 560957K(629440K)->1449K(629440K) Eden: 559552K(559552K)->0K(559552K) From: 1405K(69888K)->1449K(69888K)
[14.266s][info][gc,heap        ] GC(25) Tenured: 37973K(1398144K)->37995K(1398144K)
[14.266s][info][gc,metaspace   ] GC(25) Metaspace: 72096K(72832K)->72096K(72832K) NonClass: 57067K(57472K)->57067K(57472K) Class: 15028K(15360K)->15028K(15360K)
[14.266s][info][gc             ] GC(25) Pause Young (Allocation Failure) 584M->38M(1980M) 9.118ms
[14.266s][info][gc,cpu         ] GC(25) User=0.02s Sys=0.00s Real=0.01s
[14.402s][info][gc,start       ] GC(26) Pause Young (Allocation Failure)
[14.411s][info][gc,heap        ] GC(26) DefNew: 561001K(629440K)->1460K(629440K) Eden: 559552K(559552K)->0K(559552K) From: 1449K(69888K)->1460K(69888K)
[14.411s][info][gc,heap        ] GC(26) Tenured: 37995K(1398144K)->37998K(1398144K)
[14.411s][info][gc,metaspace   ] GC(26) Metaspace: 72096K(72832K)->72096K(72832K) NonClass: 57067K(57472K)->57067K(57472K) Class: 15028K(15360K)->15028K(15360K)
[14.411s][info][gc             ] GC(26) Pause Young (Allocation Failure) 584M->38M(1980M) 8.933ms
[14.411s][info][gc,cpu         ] GC(26) User=0.02s Sys=0.00s Real=0.01s
[14.548s][info][gc,start       ] GC(27) Pause Young (Allocation Failure)
[14.556s][info][gc,heap        ] GC(27) DefNew: 561012K(629440K)->1435K(629440K) Eden: 559552K(559552K)->0K(559552K) From: 1460K(69888K)->1435K(69888K)
[14.556s][info][gc,heap        ] GC(27) Tenured: 37998K(1398144K)->38000K(1398144K)
[14.556s][info][gc,metaspace   ] GC(27) Metaspace: 72096K(72832K)->72096K(72832K) NonClass: 57067K(57472K)->57067K(57472K) Class: 15028K(15360K)->15028K(15360K)
[14.556s][info][gc             ] GC(27) Pause Young (Allocation Failure) 584M->38M(1980M) 8.887ms
[14.556s][info][gc,cpu         ] GC(27) User=0.00s Sys=0.00s Real=0.01s
[14.694s][info][gc,start       ] GC(28) Pause Young (Allocation Failure)
[14.702s][info][gc,heap        ] GC(28) DefNew: 560987K(629440K)->1390K(629440K) Eden: 559552K(559552K)->0K(559552K) From: 1435K(69888K)->1390K(69888K)
[14.702s][info][gc,heap        ] GC(28) Tenured: 38000K(1398144K)->38000K(1398144K)
[14.702s][info][gc,metaspace   ] GC(28) Metaspace: 72100K(72832K)->72100K(72832K) NonClass: 57071K(57472K)->57071K(57472K) Class: 15028K(15360K)->15028K(15360K)
[14.702s][info][gc             ] GC(28) Pause Young (Allocation Failure) 584M->38M(1980M) 8.657ms
[14.702s][info][gc,cpu         ] GC(28) User=0.02s Sys=0.00s Real=0.01s
[14.837s][info][gc,start       ] GC(29) Pause Young (Allocation Failure)
[14.846s][info][gc,heap        ] GC(29) DefNew: 560942K(629440K)->1450K(629440K) Eden: 559552K(559552K)->0K(559552K) From: 1390K(69888K)->1450K(69888K)
[14.846s][info][gc,heap        ] GC(29) Tenured: 38000K(1398144K)->38017K(1398144K)
[14.846s][info][gc,metaspace   ] GC(29) Metaspace: 72100K(72832K)->72100K(72832K) NonClass: 57071K(57472K)->57071K(57472K) Class: 15028K(15360K)->15028K(15360K)
[14.846s][info][gc             ] GC(29) Pause Young (Allocation Failure) 584M->38M(1980M) 8.974ms
[14.846s][info][gc,cpu         ] GC(29) User=0.00s Sys=0.00s Real=0.00s
[14.982s][info][gc,start       ] GC(30) Pause Young (Allocation Failure)
[14.991s][info][gc,heap        ] GC(30) DefNew: 561002K(629440K)->1460K(629440K) Eden: 559552K(559552K)->0K(559552K) From: 1450K(69888K)->1460K(69888K)
[14.991s][info][gc,heap        ] GC(30) Tenured: 38017K(1398144K)->38033K(1398144K)
[14.991s][info][gc,metaspace   ] GC(30) Metaspace: 72100K(72832K)->72100K(72832K) NonClass: 57071K(57472K)->57071K(57472K) Class: 15028K(15360K)->15028K(15360K)
[14.991s][info][gc             ] GC(30) Pause Young (Allocation Failure) 584M->38M(1980M) 9.085ms
[14.991s][info][gc,cpu         ] GC(30) User=0.00s Sys=0.00s Real=0.00s
[15.126s][info][gc,start       ] GC(31) Pause Young (Allocation Failure)
[15.135s][info][gc,heap        ] GC(31) DefNew: 561012K(629440K)->1391K(629440K) Eden: 559552K(559552K)->0K(559552K) From: 1460K(69888K)->1391K(69888K)
[15.135s][info][gc,heap        ] GC(31) Tenured: 38033K(1398144K)->38033K(1398144K)
[15.135s][info][gc,metaspace   ] GC(31) Metaspace: 72100K(72832K)->72100K(72832K) NonClass: 57071K(57472K)->57071K(57472K) Class: 15028K(15360K)->15028K(15360K)
[15.135s][info][gc             ] GC(31) Pause Young (Allocation Failure) 585M->38M(1980M) 8.657ms
[15.135s][info][gc,cpu         ] GC(31) User=0.00s Sys=0.00s Real=0.00s
[15.298s][info][gc,start       ] GC(32) Pause Young (Allocation Failure)
[15.328s][info][gc,heap        ] GC(32) DefNew: 560943K(629440K)->1466K(629440K) Eden: 559552K(559552K)->0K(559552K) From: 1391K(69888K)->1466K(69888K)
[15.328s][info][gc,heap        ] GC(32) Tenured: 38033K(1398144K)->38033K(1398144K)
[15.328s][info][gc,metaspace   ] GC(32) Metaspace: 72261K(72960K)->72261K(72960K) NonClass: 57194K(57600K)->57194K(57600K) Class: 15066K(15360K)->15066K(15360K)
[15.328s][info][gc             ] GC(32) Pause Young (Allocation Failure) 584M->38M(1980M) 30.876ms
[15.328s][info][gc,cpu         ] GC(32) User=0.02s Sys=0.00s Real=0.02s
[15.499s][info][gc,start       ] GC(33) Pause Young (Allocation Failure)
[15.509s][info][gc,heap        ] GC(33) DefNew: 561018K(629440K)->1502K(629440K) Eden: 559552K(559552K)->0K(559552K) From: 1466K(69888K)->1502K(69888K)
[15.509s][info][gc,heap        ] GC(33) Tenured: 38033K(1398144K)->38036K(1398144K)
[15.509s][info][gc,metaspace   ] GC(33) Metaspace: 72272K(72960K)->72272K(72960K) NonClass: 57205K(57600K)->57205K(57600K) Class: 15066K(15360K)->15066K(15360K)
[15.509s][info][gc             ] GC(33) Pause Young (Allocation Failure) 585M->38M(1980M) 10.295ms
[15.509s][info][gc,cpu         ] GC(33) User=0.00s Sys=0.00s Real=0.00s
[15.659s][info][gc,start       ] GC(34) Pause Young (Allocation Failure)
[15.669s][info][gc,heap        ] GC(34) DefNew: 561054K(629440K)->1511K(629440K) Eden: 559552K(559552K)->0K(559552K) From: 1502K(69888K)->1511K(69888K)
[15.669s][info][gc,heap        ] GC(34) Tenured: 38036K(1398144K)->38052K(1398144K)
[15.669s][info][gc,metaspace   ] GC(34) Metaspace: 72290K(73024K)->72290K(73024K) NonClass: 57223K(57664K)->57223K(57664K) Class: 15066K(15360K)->15066K(15360K)
[15.669s][info][gc             ] GC(34) Pause Young (Allocation Failure) 585M->38M(1980M) 10.386ms
[15.669s][info][gc,cpu         ] GC(34) User=0.00s Sys=0.00s Real=0.00s
[15.819s][info][gc,start       ] GC(35) Pause Young (Allocation Failure)
[15.828s][info][gc,heap        ] GC(35) DefNew: 561063K(629440K)->1470K(629440K) Eden: 559552K(559552K)->0K(559552K) From: 1511K(69888K)->1470K(69888K)
[15.828s][info][gc,heap        ] GC(35) Tenured: 38052K(1398144K)->38052K(1398144K)
[15.828s][info][gc,metaspace   ] GC(35) Metaspace: 72293K(73024K)->72293K(73024K) NonClass: 57226K(57664K)->57226K(57664K) Class: 15066K(15360K)->15066K(15360K)
[15.828s][info][gc             ] GC(35) Pause Young (Allocation Failure) 585M->38M(1980M) 8.962ms
[15.828s][info][gc,cpu         ] GC(35) User=0.00s Sys=0.00s Real=0.00s
[15.974s][info][gc,start       ] GC(36) Pause Young (Allocation Failure)
[15.982s][info][gc,heap        ] GC(36) DefNew: 561022K(629440K)->1442K(629440K) Eden: 559552K(559552K)->0K(559552K) From: 1470K(69888K)->1442K(69888K)
[15.982s][info][gc,heap        ] GC(36) Tenured: 38052K(1398144K)->38052K(1398144K)
[15.982s][info][gc,metaspace   ] GC(36) Metaspace: 72294K(73024K)->72294K(73024K) NonClass: 57227K(57664K)->57227K(57664K) Class: 15066K(15360K)->15066K(15360K)
[15.982s][info][gc             ] GC(36) Pause Young (Allocation Failure) 585M->38M(1980M) 8.200ms
[15.982s][info][gc,cpu         ] GC(36) User=0.00s Sys=0.00s Real=0.00s
[16.142s][info][gc,start       ] GC(37) Pause Young (Allocation Failure)
[16.151s][info][gc,heap        ] GC(37) DefNew: 560994K(629440K)->1455K(629440K) Eden: 559552K(559552K)->0K(559552K) From: 1442K(69888K)->1455K(69888K)
[16.151s][info][gc,heap        ] GC(37) Tenured: 38052K(1398144K)->38052K(1398144K)
[16.151s][info][gc,metaspace   ] GC(37) Metaspace: 72308K(73024K)->72308K(73024K) NonClass: 57241K(57664K)->57241K(57664K) Class: 15066K(15360K)->15066K(15360K)
[16.151s][info][gc             ] GC(37) Pause Young (Allocation Failure) 585M->38M(1980M) 9.419ms
[16.151s][info][gc,cpu         ] GC(37) User=0.00s Sys=0.00s Real=0.01s
[16.317s][info][gc,start       ] GC(38) Pause Young (Allocation Failure)
[16.325s][info][gc,heap        ] GC(38) DefNew: 561007K(629440K)->1437K(629440K) Eden: 559552K(559552K)->0K(559552K) From: 1455K(69888K)->1437K(69888K)
[16.325s][info][gc,heap        ] GC(38) Tenured: 38052K(1398144K)->38052K(1398144K)
[16.325s][info][gc,metaspace   ] GC(38) Metaspace: 72310K(73024K)->72310K(73024K) NonClass: 57243K(57664K)->57243K(57664K) Class: 15066K(15360K)->15066K(15360K)
[16.325s][info][gc             ] GC(38) Pause Young (Allocation Failure) 585M->38M(1980M) 8.595ms
[16.325s][info][gc,cpu         ] GC(38) User=0.00s Sys=0.00s Real=0.01s
[16.519s][info][gc,start       ] GC(39) Pause Young (Allocation Failure)
[16.526s][info][gc,heap        ] GC(39) DefNew: 560989K(629440K)->1455K(629440K) Eden: 559552K(559552K)->0K(559552K) From: 1437K(69888K)->1455K(69888K)
[16.526s][info][gc,heap        ] GC(39) Tenured: 38052K(1398144K)->38052K(1398144K)
[16.526s][info][gc,metaspace   ] GC(39) Metaspace: 72319K(73024K)->72319K(73024K) NonClass: 57252K(57664K)->57252K(57664K) Class: 15066K(15360K)->15066K(15360K)
[16.526s][info][gc             ] GC(39) Pause Young (Allocation Failure) 585M->38M(1980M) 7.605ms
[16.526s][info][gc,cpu         ] GC(39) User=0.00s Sys=0.00s Real=0.00s
[16.738s][info][gc,start       ] GC(40) Pause Young (Allocation Failure)
[16.745s][info][gc,heap        ] GC(40) DefNew: 561007K(629440K)->1430K(629440K) Eden: 559552K(559552K)->0K(559552K) From: 1455K(69888K)->1430K(69888K)
[16.745s][info][gc,heap        ] GC(40) Tenured: 38052K(1398144K)->38052K(1398144K)
[16.745s][info][gc,metaspace   ] GC(40) Metaspace: 72324K(73024K)->72324K(73024K) NonClass: 57257K(57664K)->57257K(57664K) Class: 15066K(15360K)->15066K(15360K)
[16.745s][info][gc             ] GC(40) Pause Young (Allocation Failure) 585M->38M(1980M) 6.617ms
[16.745s][info][gc,cpu         ] GC(40) User=0.00s Sys=0.00s Real=0.01s
[16.986s][info][gc,start       ] GC(41) Pause Young (Allocation Failure)
[16.992s][info][gc,heap        ] GC(41) DefNew: 560982K(629440K)->1379K(629440K) Eden: 559552K(559552K)->0K(559552K) From: 1430K(69888K)->1379K(69888K)
[16.992s][info][gc,heap        ] GC(41) Tenured: 38052K(1398144K)->38069K(1398144K)
[16.992s][info][gc,metaspace   ] GC(41) Metaspace: 72331K(73024K)->72331K(73024K) NonClass: 57265K(57664K)->57265K(57664K) Class: 15066K(15360K)->15066K(15360K)
[16.992s][info][gc             ] GC(41) Pause Young (Allocation Failure) 584M->38M(1980M) 6.253ms
[16.992s][info][gc,cpu         ] GC(41) User=0.00s Sys=0.00s Real=0.01s
[17.295s][info][gc,start       ] GC(42) Pause Young (Allocation Failure)
[17.300s][info][gc,heap        ] GC(42) DefNew: 560931K(629440K)->1379K(629440K) Eden: 559552K(559552K)->0K(559552K) From: 1379K(69888K)->1379K(69888K)
[17.300s][info][gc,heap        ] GC(42) Tenured: 38069K(1398144K)->38069K(1398144K)
[17.301s][info][gc,metaspace   ] GC(42) Metaspace: 72346K(73088K)->72346K(73088K) NonClass: 57279K(57728K)->57279K(57728K) Class: 15066K(15360K)->15066K(15360K)
[17.301s][info][gc             ] GC(42) Pause Young (Allocation Failure) 584M->38M(1980M) 5.247ms
[17.301s][info][gc,cpu         ] GC(42) User=0.00s Sys=0.00s Real=0.00s
[17.668s][info][gc,start       ] GC(43) Pause Young (Allocation Failure)
[17.674s][info][gc,heap        ] GC(43) DefNew: 560931K(629440K)->1494K(629440K) Eden: 559552K(559552K)->0K(559552K) From: 1379K(69888K)->1494K(69888K)
[17.674s][info][gc,heap        ] GC(43) Tenured: 38069K(1398144K)->38069K(1398144K)
[17.674s][info][gc,metaspace   ] GC(43) Metaspace: 72894K(73664K)->72894K(73664K) NonClass: 57643K(58112K)->57643K(58112K) Class: 15250K(15552K)->15250K(15552K)
[17.674s][info][gc             ] GC(43) Pause Young (Allocation Failure) 584M->38M(1980M) 5.275ms
[17.674s][info][gc,cpu         ] GC(43) User=0.00s Sys=0.00s Real=0.00s
[18.023s][info][gc,start       ] GC(44) Pause Young (Allocation Failure)
[18.028s][info][gc,heap        ] GC(44) DefNew: 561046K(629440K)->1470K(629440K) Eden: 559552K(559552K)->0K(559552K) From: 1494K(69888K)->1470K(69888K)
[18.028s][info][gc,heap        ] GC(44) Tenured: 38069K(1398144K)->38069K(1398144K)
[18.028s][info][gc,metaspace   ] GC(44) Metaspace: 72894K(73664K)->72894K(73664K) NonClass: 57643K(58112K)->57643K(58112K) Class: 15250K(15552K)->15250K(15552K)
[18.028s][info][gc             ] GC(44) Pause Young (Allocation Failure) 585M->38M(1980M) 4.768ms
[18.028s][info][gc,cpu         ] GC(44) User=0.00s Sys=0.00s Real=0.01s
[18.299s][info][gc,start       ] GC(45) Pause Full (System.gc())
[18.299s][info][gc,phases,start] GC(45) Phase 1: Mark live objects
[18.363s][info][gc,phases      ] GC(45) Phase 1: Mark live objects 63.521ms
[18.363s][info][gc,phases,start] GC(45) Phase 2: Compute new object addresses
[18.494s][info][gc,phases      ] GC(45) Phase 2: Compute new object addresses 130.940ms
[18.494s][info][gc,phases,start] GC(45) Phase 3: Adjust pointers
[18.522s][info][gc,phases      ] GC(45) Phase 3: Adjust pointers 27.971ms
[18.522s][info][gc,phases,start] GC(45) Phase 4: Move objects
[18.531s][info][gc,phases      ] GC(45) Phase 4: Move objects 9.413ms
[18.532s][info][gc,heap        ] GC(45) DefNew: 382906K(629440K)->0K(629440K) Eden: 381436K(559552K)->0K(559552K) From: 1470K(69888K)->0K(69888K)
[18.532s][info][gc,heap        ] GC(45) Tenured: 38069K(1398144K)->34884K(1398144K)
[18.532s][info][gc,metaspace   ] GC(45) Metaspace: 72942K(73664K)->72545K(73664K) NonClass: 57686K(58112K)->57408K(58112K) Class: 15256K(15552K)->15136K(15552K)
[18.533s][info][gc             ] GC(45) Pause Full (System.gc()) 411M->34M(1980M) 233.743ms
[18.533s][info][gc,cpu         ] GC(45) User=0.22s Sys=0.00s Real=0.22s
[18.876s][info][gc,start       ] GC(46) Pause Young (Allocation Failure)
[18.893s][info][gc,heap        ] GC(46) DefNew: 559552K(629440K)->3482K(629440K) Eden: 559552K(559552K)->0K(559552K) From: 0K(69888K)->3482K(69888K)
[18.893s][info][gc,heap        ] GC(46) Tenured: 34884K(1398144K)->34884K(1398144K)
[18.893s][info][gc,metaspace   ] GC(46) Metaspace: 72647K(73664K)->72647K(73664K) NonClass: 57502K(58112K)->57502K(58112K) Class: 15144K(15552K)->15144K(15552K)
[18.893s][info][gc             ] GC(46) Pause Young (Allocation Failure) 580M->37M(1980M) 17.371ms
[18.893s][info][gc,cpu         ] GC(46) User=0.00s Sys=0.00s Real=0.01s
[19.087s][info][gc,start       ] GC(47) Pause Young (Allocation Failure)
[19.101s][info][gc,heap        ] GC(47) DefNew: 563034K(629440K)->3460K(629440K) Eden: 559552K(559552K)->0K(559552K) From: 3482K(69888K)->3460K(69888K)
[19.101s][info][gc,heap        ] GC(47) Tenured: 34884K(1398144K)->34884K(1398144K)
[19.101s][info][gc,metaspace   ] GC(47) Metaspace: 72647K(73664K)->72647K(73664K) NonClass: 57502K(58112K)->57502K(58112K) Class: 15144K(15552K)->15144K(15552K)
[19.101s][info][gc             ] GC(47) Pause Young (Allocation Failure) 583M->37M(1980M) 13.844ms
[19.101s][info][gc,cpu         ] GC(47) User=0.06s Sys=0.00s Real=0.01s
[19.284s][info][gc,start       ] GC(48) Pause Young (Allocation Failure)
[19.297s][info][gc,heap        ] GC(48) DefNew: 563012K(629440K)->3467K(629440K) Eden: 559552K(559552K)->0K(559552K) From: 3460K(69888K)->3467K(69888K)
[19.297s][info][gc,heap        ] GC(48) Tenured: 34884K(1398144K)->34884K(1398144K)
[19.297s][info][gc,metaspace   ] GC(48) Metaspace: 72647K(73664K)->72647K(73664K) NonClass: 57502K(58112K)->57502K(58112K) Class: 15144K(15552K)->15144K(15552K)
[19.297s][info][gc             ] GC(48) Pause Young (Allocation Failure) 583M->37M(1980M) 12.869ms
[19.297s][info][gc,cpu         ] GC(48) User=0.00s Sys=0.00s Real=0.00s
[19.457s][info][gc,start       ] GC(49) Pause Young (Allocation Failure)
[19.475s][info][gc,heap        ] GC(49) DefNew: 563019K(629440K)->3599K(629440K) Eden: 559552K(559552K)->0K(559552K) From: 3467K(69888K)->3599K(69888K)
[19.475s][info][gc,heap        ] GC(49) Tenured: 34884K(1398144K)->34884K(1398144K)
[19.475s][info][gc,metaspace   ] GC(49) Metaspace: 72647K(73664K)->72647K(73664K) NonClass: 57502K(58112K)->57502K(58112K) Class: 15144K(15552K)->15144K(15552K)
[19.475s][info][gc             ] GC(49) Pause Young (Allocation Failure) 583M->37M(1980M) 18.780ms
[19.475s][info][gc,cpu         ] GC(49) User=0.03s Sys=0.00s Real=0.02s
[19.621s][info][gc,start       ] GC(50) Pause Young (Allocation Failure)
[19.636s][info][gc,heap        ] GC(50) DefNew: 563151K(629440K)->3647K(629440K) Eden: 559552K(559552K)->0K(559552K) From: 3599K(69888K)->3647K(69888K)
[19.636s][info][gc,heap        ] GC(50) Tenured: 34884K(1398144K)->34884K(1398144K)
[19.636s][info][gc,metaspace   ] GC(50) Metaspace: 72647K(73664K)->72647K(73664K) NonClass: 57502K(58112K)->57502K(58112K) Class: 15144K(15552K)->15144K(15552K)
[19.637s][info][gc             ] GC(50) Pause Young (Allocation Failure) 584M->37M(1980M) 15.149ms
[19.637s][info][gc,cpu         ] GC(50) User=0.02s Sys=0.00s Real=0.02s
[19.779s][info][gc,start       ] GC(51) Pause Young (Allocation Failure)
[19.792s][info][gc,heap        ] GC(51) DefNew: 563199K(629440K)->3613K(629440K) Eden: 559552K(559552K)->0K(559552K) From: 3647K(69888K)->3613K(69888K)
[19.792s][info][gc,heap        ] GC(51) Tenured: 34884K(1398144K)->34884K(1398144K)
[19.792s][info][gc,metaspace   ] GC(51) Metaspace: 72647K(73664K)->72647K(73664K) NonClass: 57502K(58112K)->57502K(58112K) Class: 15144K(15552K)->15144K(15552K)
[19.792s][info][gc             ] GC(51) Pause Young (Allocation Failure) 584M->37M(1980M) 13.097ms
[19.792s][info][gc,cpu         ] GC(51) User=0.02s Sys=0.00s Real=0.01s
[19.931s][info][gc,start       ] GC(52) Pause Young (Allocation Failure)
[19.946s][info][gc,heap        ] GC(52) DefNew: 563165K(629440K)->3629K(629440K) Eden: 559552K(559552K)->0K(559552K) From: 3613K(69888K)->3629K(69888K)
[19.946s][info][gc,heap        ] GC(52) Tenured: 34884K(1398144K)->34884K(1398144K)
[19.946s][info][gc,metaspace   ] GC(52) Metaspace: 72647K(73664K)->72647K(73664K) NonClass: 57502K(58112K)->57502K(58112K) Class: 15144K(15552K)->15144K(15552K)
[19.946s][info][gc             ] GC(52) Pause Young (Allocation Failure) 584M->37M(1980M) 14.176ms
[19.946s][info][gc,cpu         ] GC(52) User=0.00s Sys=0.00s Real=0.00s
[20.087s][info][gc,start       ] GC(53) Pause Young (Allocation Failure)
[20.100s][info][gc,heap        ] GC(53) DefNew: 563181K(629440K)->3657K(629440K) Eden: 559552K(559552K)->0K(559552K) From: 3629K(69888K)->3657K(69888K)
[20.100s][info][gc,heap        ] GC(53) Tenured: 34884K(1398144K)->34884K(1398144K)
[20.100s][info][gc,metaspace   ] GC(53) Metaspace: 72647K(73664K)->72647K(73664K) NonClass: 57502K(58112K)->57502K(58112K) Class: 15144K(15552K)->15144K(15552K)
[20.100s][info][gc             ] GC(53) Pause Young (Allocation Failure) 584M->37M(1980M) 13.650ms
[20.100s][info][gc,cpu         ] GC(53) User=0.00s Sys=0.00s Real=0.00s
[20.240s][info][gc,start       ] GC(54) Pause Young (Allocation Failure)
[20.253s][info][gc,heap        ] GC(54) DefNew: 563209K(629440K)->3626K(629440K) Eden: 559552K(559552K)->0K(559552K) From: 3657K(69888K)->3626K(69888K)
[20.253s][info][gc,heap        ] GC(54) Tenured: 34884K(1398144K)->34884K(1398144K)
[20.253s][info][gc,metaspace   ] GC(54) Metaspace: 72647K(73664K)->72647K(73664K) NonClass: 57502K(58112K)->57502K(58112K) Class: 15144K(15552K)->15144K(15552K)
[20.253s][info][gc             ] GC(54) Pause Young (Allocation Failure) 584M->37M(1980M) 12.680ms
[20.253s][info][gc,cpu         ] GC(54) User=0.00s Sys=0.00s Real=0.00s
[20.394s][info][gc,start       ] GC(55) Pause Young (Allocation Failure)
[20.413s][info][gc,heap        ] GC(55) DefNew: 563178K(629440K)->3613K(629440K) Eden: 559552K(559552K)->0K(559552K) From: 3626K(69888K)->3613K(69888K)
[20.413s][info][gc,heap        ] GC(55) Tenured: 34884K(1398144K)->34884K(1398144K)
[20.413s][info][gc,metaspace   ] GC(55) Metaspace: 72647K(73664K)->72647K(73664K) NonClass: 57502K(58112K)->57502K(58112K) Class: 15144K(15552K)->15144K(15552K)
[20.413s][info][gc             ] GC(55) Pause Young (Allocation Failure) 584M->37M(1980M) 19.486ms
[20.413s][info][gc,cpu         ] GC(55) User=0.02s Sys=0.00s Real=0.02s
[20.554s][info][gc,start       ] GC(56) Pause Young (Allocation Failure)
[20.567s][info][gc,heap        ] GC(56) DefNew: 563165K(629440K)->3649K(629440K) Eden: 559552K(559552K)->0K(559552K) From: 3613K(69888K)->3649K(69888K)
[20.567s][info][gc,heap        ] GC(56) Tenured: 34884K(1398144K)->34884K(1398144K)
[20.567s][info][gc,metaspace   ] GC(56) Metaspace: 72647K(73664K)->72647K(73664K) NonClass: 57502K(58112K)->57502K(58112K) Class: 15144K(15552K)->15144K(15552K)
[20.567s][info][gc             ] GC(56) Pause Young (Allocation Failure) 584M->37M(1980M) 12.750ms
[20.567s][info][gc,cpu         ] GC(56) User=0.00s Sys=0.00s Real=0.00s
[20.706s][info][gc,start       ] GC(57) Pause Young (Allocation Failure)
[20.719s][info][gc,heap        ] GC(57) DefNew: 563201K(629440K)->3673K(629440K) Eden: 559552K(559552K)->0K(559552K) From: 3649K(69888K)->3673K(69888K)
[20.719s][info][gc,heap        ] GC(57) Tenured: 34884K(1398144K)->34884K(1398144K)
[20.719s][info][gc,metaspace   ] GC(57) Metaspace: 72647K(73664K)->72647K(73664K) NonClass: 57502K(58112K)->57502K(58112K) Class: 15144K(15552K)->15144K(15552K)
[20.719s][info][gc             ] GC(57) Pause Young (Allocation Failure) 584M->37M(1980M) 12.911ms
[20.719s][info][gc,cpu         ] GC(57) User=0.00s Sys=0.00s Real=0.00s
[20.858s][info][gc,start       ] GC(58) Pause Young (Allocation Failure)
[20.871s][info][gc,heap        ] GC(58) DefNew: 563225K(629440K)->3571K(629440K) Eden: 559552K(559552K)->0K(559552K) From: 3673K(69888K)->3571K(69888K)
[20.871s][info][gc,heap        ] GC(58) Tenured: 34884K(1398144K)->34884K(1398144K)
[20.871s][info][gc,metaspace   ] GC(58) Metaspace: 72647K(73664K)->72647K(73664K) NonClass: 57502K(58112K)->57502K(58112K) Class: 15144K(15552K)->15144K(15552K)
[20.871s][info][gc             ] GC(58) Pause Young (Allocation Failure) 584M->37M(1980M) 12.732ms
[20.871s][info][gc,cpu         ] GC(58) User=0.00s Sys=0.00s Real=0.00s
[21.012s][info][gc,start       ] GC(59) Pause Young (Allocation Failure)
[21.025s][info][gc,heap        ] GC(59) DefNew: 563123K(629440K)->3649K(629440K) Eden: 559552K(559552K)->0K(559552K) From: 3571K(69888K)->3649K(69888K)
[21.025s][info][gc,heap        ] GC(59) Tenured: 34884K(1398144K)->34884K(1398144K)
[21.025s][info][gc,metaspace   ] GC(59) Metaspace: 72647K(73664K)->72647K(73664K) NonClass: 57502K(58112K)->57502K(58112K) Class: 15144K(15552K)->15144K(15552K)
[21.025s][info][gc             ] GC(59) Pause Young (Allocation Failure) 583M->37M(1980M) 13.108ms
[21.025s][info][gc,cpu         ] GC(59) User=0.02s Sys=0.00s Real=0.01s
[21.164s][info][gc,start       ] GC(60) Pause Young (Allocation Failure)
[21.177s][info][gc,heap        ] GC(60) DefNew: 563201K(629440K)->3663K(629440K) Eden: 559552K(559552K)->0K(559552K) From: 3649K(69888K)->3663K(69888K)
[21.177s][info][gc,heap        ] GC(60) Tenured: 34884K(1398144K)->34884K(1398144K)
[21.177s][info][gc,metaspace   ] GC(60) Metaspace: 72647K(73664K)->72647K(73664K) NonClass: 57502K(58112K)->57502K(58112K) Class: 15144K(15552K)->15144K(15552K)
[21.177s][info][gc             ] GC(60) Pause Young (Allocation Failure) 584M->37M(1980M) 13.124ms
[21.177s][info][gc,cpu         ] GC(60) User=0.02s Sys=0.00s Real=0.01s
[21.322s][info][gc,start       ] GC(61) Pause Young (Allocation Failure)
[21.337s][info][gc,heap        ] GC(61) DefNew: 563215K(629440K)->1403K(629440K) Eden: 559552K(559552K)->0K(559552K) From: 3663K(69888K)->1403K(69888K)
[21.337s][info][gc,heap        ] GC(61) Tenured: 34884K(1398144K)->37074K(1398144K)
[21.337s][info][gc,metaspace   ] GC(61) Metaspace: 72647K(73664K)->72647K(73664K) NonClass: 57502K(58112K)->57502K(58112K) Class: 15144K(15552K)->15144K(15552K)
[21.337s][info][gc             ] GC(61) Pause Young (Allocation Failure) 584M->37M(1980M) 15.090ms
[21.337s][info][gc,cpu         ] GC(61) User=0.02s Sys=0.00s Real=0.02s
[21.478s][info][gc,start       ] GC(62) Pause Young (Allocation Failure)
[21.488s][info][gc,heap        ] GC(62) DefNew: 560955K(629440K)->1436K(629440K) Eden: 559552K(559552K)->0K(559552K) From: 1403K(69888K)->1436K(69888K)
[21.488s][info][gc,heap        ] GC(62) Tenured: 37074K(1398144K)->37074K(1398144K)
[21.488s][info][gc,metaspace   ] GC(62) Metaspace: 72647K(73664K)->72647K(73664K) NonClass: 57502K(58112K)->57502K(58112K) Class: 15144K(15552K)->15144K(15552K)
[21.488s][info][gc             ] GC(62) Pause Young (Allocation Failure) 584M->37M(1980M) 9.393ms
[21.488s][info][gc,cpu         ] GC(62) User=0.02s Sys=0.00s Real=0.01s
[21.627s][info][gc,start       ] GC(63) Pause Young (Allocation Failure)
[21.636s][info][gc,heap        ] GC(63) DefNew: 560988K(629440K)->1446K(629440K) Eden: 559552K(559552K)->0K(559552K) From: 1436K(69888K)->1446K(69888K)
[21.636s][info][gc,heap        ] GC(63) Tenured: 37074K(1398144K)->37074K(1398144K)
[21.636s][info][gc,metaspace   ] GC(63) Metaspace: 72647K(73664K)->72647K(73664K) NonClass: 57502K(58112K)->57502K(58112K) Class: 15144K(15552K)->15144K(15552K)
[21.636s][info][gc             ] GC(63) Pause Young (Allocation Failure) 584M->37M(1980M) 8.692ms
[21.636s][info][gc,cpu         ] GC(63) User=0.00s Sys=0.00s Real=0.01s
[21.775s][info][gc,start       ] GC(64) Pause Young (Allocation Failure)
[21.783s][info][gc,heap        ] GC(64) DefNew: 560998K(629440K)->1461K(629440K) Eden: 559552K(559552K)->0K(559552K) From: 1446K(69888K)->1461K(69888K)
[21.783s][info][gc,heap        ] GC(64) Tenured: 37074K(1398144K)->37090K(1398144K)
[21.783s][info][gc,metaspace   ] GC(64) Metaspace: 72647K(73664K)->72647K(73664K) NonClass: 57502K(58112K)->57502K(58112K) Class: 15144K(15552K)->15144K(15552K)
[21.783s][info][gc             ] GC(64) Pause Young (Allocation Failure) 584M->37M(1980M) 8.753ms
[21.783s][info][gc,cpu         ] GC(64) User=0.02s Sys=0.00s Real=0.01s
[21.922s][info][gc,start       ] GC(65) Pause Young (Allocation Failure)
[21.931s][info][gc,heap        ] GC(65) DefNew: 561013K(629440K)->1414K(629440K) Eden: 559552K(559552K)->0K(559552K) From: 1461K(69888K)->1414K(69888K)
[21.931s][info][gc,heap        ] GC(65) Tenured: 37090K(1398144K)->37090K(1398144K)
[21.931s][info][gc,metaspace   ] GC(65) Metaspace: 72647K(73664K)->72647K(73664K) NonClass: 57502K(58112K)->57502K(58112K) Class: 15144K(15552K)->15144K(15552K)
[21.931s][info][gc             ] GC(65) Pause Young (Allocation Failure) 584M->37M(1980M) 8.595ms
[21.931s][info][gc,cpu         ] GC(65) User=0.00s Sys=0.00s Real=0.01s
[22.069s][info][gc,start       ] GC(66) Pause Young (Allocation Failure)
[22.078s][info][gc,heap        ] GC(66) DefNew: 560966K(629440K)->1448K(629440K) Eden: 559552K(559552K)->0K(559552K) From: 1414K(69888K)->1448K(69888K)
[22.078s][info][gc,heap        ] GC(66) Tenured: 37090K(1398144K)->37090K(1398144K)
[22.078s][info][gc,metaspace   ] GC(66) Metaspace: 72647K(73664K)->72647K(73664K) NonClass: 57502K(58112K)->57502K(58112K) Class: 15144K(15552K)->15144K(15552K)
[22.078s][info][gc             ] GC(66) Pause Young (Allocation Failure) 584M->37M(1980M) 8.665ms
[22.078s][info][gc,cpu         ] GC(66) User=0.02s Sys=0.00s Real=0.01s
[22.217s][info][gc,start       ] GC(67) Pause Young (Allocation Failure)
[22.226s][info][gc,heap        ] GC(67) DefNew: 561000K(629440K)->1433K(629440K) Eden: 559552K(559552K)->0K(559552K) From: 1448K(69888K)->1433K(69888K)
[22.226s][info][gc,heap        ] GC(67) Tenured: 37090K(1398144K)->37090K(1398144K)
[22.226s][info][gc,metaspace   ] GC(67) Metaspace: 72647K(73664K)->72647K(73664K) NonClass: 57502K(58112K)->57502K(58112K) Class: 15144K(15552K)->15144K(15552K)
[22.226s][info][gc             ] GC(67) Pause Young (Allocation Failure) 584M->37M(1980M) 8.692ms
[22.226s][info][gc,cpu         ] GC(67) User=0.02s Sys=0.00s Real=0.01s
[22.364s][info][gc,start       ] GC(68) Pause Young (Allocation Failure)
[22.373s][info][gc,heap        ] GC(68) DefNew: 560985K(629440K)->1420K(629440K) Eden: 559552K(559552K)->0K(559552K) From: 1433K(69888K)->1420K(69888K)
[22.373s][info][gc,heap        ] GC(68) Tenured: 37090K(1398144K)->37090K(1398144K)
[22.373s][info][gc,metaspace   ] GC(68) Metaspace: 72647K(73664K)->72647K(73664K) NonClass: 57502K(58112K)->57502K(58112K) Class: 15144K(15552K)->15144K(15552K)
[22.373s][info][gc             ] GC(68) Pause Young (Allocation Failure) 584M->37M(1980M) 8.621ms
[22.373s][info][gc,cpu         ] GC(68) User=0.00s Sys=0.00s Real=0.01s
[22.512s][info][gc,start       ] GC(69) Pause Young (Allocation Failure)
[22.521s][info][gc,heap        ] GC(69) DefNew: 560972K(629440K)->1427K(629440K) Eden: 559552K(559552K)->0K(559552K) From: 1420K(69888K)->1427K(69888K)
[22.521s][info][gc,heap        ] GC(69) Tenured: 37090K(1398144K)->37090K(1398144K)
[22.521s][info][gc,metaspace   ] GC(69) Metaspace: 72647K(73664K)->72647K(73664K) NonClass: 57502K(58112K)->57502K(58112K) Class: 15144K(15552K)->15144K(15552K)
[22.521s][info][gc             ] GC(69) Pause Young (Allocation Failure) 584M->37M(1980M) 8.508ms
[22.521s][info][gc,cpu         ] GC(69) User=0.02s Sys=0.00s Real=0.01s
[22.661s][info][gc,start       ] GC(70) Pause Young (Allocation Failure)
[22.669s][info][gc,heap        ] GC(70) DefNew: 560979K(629440K)->1415K(629440K) Eden: 559552K(559552K)->0K(559552K) From: 1427K(69888K)->1415K(69888K)
[22.669s][info][gc,heap        ] GC(70) Tenured: 37090K(1398144K)->37108K(1398144K)
[22.669s][info][gc,metaspace   ] GC(70) Metaspace: 72647K(73664K)->72647K(73664K) NonClass: 57502K(58112K)->57502K(58112K) Class: 15144K(15552K)->15144K(15552K)
[22.669s][info][gc             ] GC(70) Pause Young (Allocation Failure) 584M->37M(1980M) 8.415ms
[22.669s][info][gc,cpu         ] GC(70) User=0.00s Sys=0.00s Real=0.01s
[22.808s][info][gc,start       ] GC(71) Pause Young (Allocation Failure)
[22.816s][info][gc,heap        ] GC(71) DefNew: 560967K(629440K)->1580K(629440K) Eden: 559552K(559552K)->0K(559552K) From: 1415K(69888K)->1580K(69888K)
[22.817s][info][gc,heap        ] GC(71) Tenured: 37108K(1398144K)->37108K(1398144K)
[22.817s][info][gc,metaspace   ] GC(71) Metaspace: 72647K(73664K)->72647K(73664K) NonClass: 57502K(58112K)->57502K(58112K) Class: 15144K(15552K)->15144K(15552K)
[22.817s][info][gc             ] GC(71) Pause Young (Allocation Failure) 584M->37M(1980M) 9.066ms
[22.817s][info][gc,cpu         ] GC(71) User=0.02s Sys=0.00s Real=0.01s
[22.970s][info][gc,start       ] GC(72) Pause Young (Allocation Failure)
[22.979s][info][gc,heap        ] GC(72) DefNew: 561132K(629440K)->1459K(629440K) Eden: 559552K(559552K)->0K(559552K) From: 1580K(69888K)->1459K(69888K)
[22.979s][info][gc,heap        ] GC(72) Tenured: 37108K(1398144K)->37108K(1398144K)
[22.979s][info][gc,metaspace   ] GC(72) Metaspace: 72647K(73664K)->72647K(73664K) NonClass: 57502K(58112K)->57502K(58112K) Class: 15144K(15552K)->15144K(15552K)
[22.979s][info][gc             ] GC(72) Pause Young (Allocation Failure) 584M->37M(1980M) 8.782ms
[22.979s][info][gc,cpu         ] GC(72) User=0.00s Sys=0.00s Real=0.01s
[23.119s][info][gc,start       ] GC(73) Pause Young (Allocation Failure)
[23.128s][info][gc,heap        ] GC(73) DefNew: 561011K(629440K)->1436K(629440K) Eden: 559552K(559552K)->0K(559552K) From: 1459K(69888K)->1436K(69888K)
[23.128s][info][gc,heap        ] GC(73) Tenured: 37108K(1398144K)->37108K(1398144K)
[23.128s][info][gc,metaspace   ] GC(73) Metaspace: 72647K(73664K)->72647K(73664K) NonClass: 57502K(58112K)->57502K(58112K) Class: 15144K(15552K)->15144K(15552K)
[23.128s][info][gc             ] GC(73) Pause Young (Allocation Failure) 584M->37M(1980M) 8.527ms
[23.128s][info][gc,cpu         ] GC(73) User=0.02s Sys=0.00s Real=0.01s
[23.267s][info][gc,start       ] GC(74) Pause Young (Allocation Failure)
[23.277s][info][gc,heap        ] GC(74) DefNew: 560988K(629440K)->1443K(629440K) Eden: 559552K(559552K)->0K(559552K) From: 1436K(69888K)->1443K(69888K)
[23.277s][info][gc,heap        ] GC(74) Tenured: 37108K(1398144K)->37108K(1398144K)
[23.277s][info][gc,metaspace   ] GC(74) Metaspace: 72647K(73664K)->72647K(73664K) NonClass: 57502K(58112K)->57502K(58112K) Class: 15144K(15552K)->15144K(15552K)
[23.277s][info][gc             ] GC(74) Pause Young (Allocation Failure) 584M->37M(1980M) 9.508ms
[23.277s][info][gc,cpu         ] GC(74) User=0.00s Sys=0.00s Real=0.01s
[23.416s][info][gc,start       ] GC(75) Pause Young (Allocation Failure)
[23.426s][info][gc,heap        ] GC(75) DefNew: 560995K(629440K)->1488K(629440K) Eden: 559552K(559552K)->0K(559552K) From: 1443K(69888K)->1488K(69888K)
[23.426s][info][gc,heap        ] GC(75) Tenured: 37108K(1398144K)->37108K(1398144K)
[23.426s][info][gc,metaspace   ] GC(75) Metaspace: 72658K(73664K)->72658K(73664K) NonClass: 57513K(58112K)->57513K(58112K) Class: 15144K(15552K)->15144K(15552K)
[23.426s][info][gc             ] GC(75) Pause Young (Allocation Failure) 584M->37M(1980M) 9.884ms
[23.426s][info][gc,cpu         ] GC(75) User=0.00s Sys=0.00s Real=0.00s
[23.565s][info][gc,start       ] GC(76) Pause Young (Allocation Failure)
[23.574s][info][gc,heap        ] GC(76) DefNew: 561040K(629440K)->1507K(629440K) Eden: 559552K(559552K)->0K(559552K) From: 1488K(69888K)->1507K(69888K)
[23.574s][info][gc,heap        ] GC(76) Tenured: 37108K(1398144K)->37108K(1398144K)
[23.574s][info][gc,metaspace   ] GC(76) Metaspace: 72663K(73664K)->72663K(73664K) NonClass: 57519K(58112K)->57519K(58112K) Class: 15144K(15552K)->15144K(15552K)
[23.574s][info][gc             ] GC(76) Pause Young (Allocation Failure) 584M->37M(1980M) 9.263ms
[23.574s][info][gc,cpu         ] GC(76) User=0.00s Sys=0.00s Real=0.00s
[23.715s][info][gc,start       ] GC(77) Pause Young (Allocation Failure)
[23.723s][info][gc,heap        ] GC(77) DefNew: 561059K(629440K)->1472K(629440K) Eden: 559552K(559552K)->0K(559552K) From: 1507K(69888K)->1472K(69888K)
[23.723s][info][gc,heap        ] GC(77) Tenured: 37108K(1398144K)->37124K(1398144K)
[23.723s][info][gc,metaspace   ] GC(77) Metaspace: 72675K(73664K)->72675K(73664K) NonClass: 57530K(58112K)->57530K(58112K) Class: 15144K(15552K)->15144K(15552K)
[23.723s][info][gc             ] GC(77) Pause Young (Allocation Failure) 584M->37M(1980M) 8.758ms
[23.724s][info][gc,cpu         ] GC(77) User=0.00s Sys=0.00s Real=0.00s
[23.863s][info][gc,start       ] GC(78) Pause Young (Allocation Failure)
[23.872s][info][gc,heap        ] GC(78) DefNew: 561024K(629440K)->1524K(629440K) Eden: 559552K(559552K)->0K(559552K) From: 1472K(69888K)->1524K(69888K)
[23.872s][info][gc,heap        ] GC(78) Tenured: 37124K(1398144K)->37124K(1398144K)
[23.872s][info][gc,metaspace   ] GC(78) Metaspace: 72675K(73664K)->72675K(73664K) NonClass: 57530K(58112K)->57530K(58112K) Class: 15144K(15552K)->15144K(15552K)
[23.872s][info][gc             ] GC(78) Pause Young (Allocation Failure) 584M->37M(1980M) 9.054ms
[23.872s][info][gc,cpu         ] GC(78) User=0.00s Sys=0.00s Real=0.00s
[24.016s][info][gc,start       ] GC(79) Pause Young (Allocation Failure)
[24.025s][info][gc,heap        ] GC(79) DefNew: 561076K(629440K)->1494K(629440K) Eden: 559552K(559552K)->0K(559552K) From: 1524K(69888K)->1494K(69888K)
[24.025s][info][gc,heap        ] GC(79) Tenured: 37124K(1398144K)->37124K(1398144K)
[24.025s][info][gc,metaspace   ] GC(79) Metaspace: 72679K(73664K)->72679K(73664K) NonClass: 57534K(58112K)->57534K(58112K) Class: 15144K(15552K)->15144K(15552K)
[24.025s][info][gc             ] GC(79) Pause Young (Allocation Failure) 584M->37M(1980M) 9.351ms
[24.025s][info][gc,cpu         ] GC(79) User=0.00s Sys=0.00s Real=0.00s
[24.176s][info][gc,start       ] GC(80) Pause Young (Allocation Failure)
[24.185s][info][gc,heap        ] GC(80) DefNew: 561046K(629440K)->1489K(629440K) Eden: 559552K(559552K)->0K(559552K) From: 1494K(69888K)->1489K(69888K)
[24.185s][info][gc,heap        ] GC(80) Tenured: 37124K(1398144K)->37124K(1398144K)
[24.185s][info][gc,metaspace   ] GC(80) Metaspace: 72690K(73664K)->72690K(73664K) NonClass: 57545K(58112K)->57545K(58112K) Class: 15144K(15552K)->15144K(15552K)
[24.185s][info][gc             ] GC(80) Pause Young (Allocation Failure) 584M->37M(1980M) 8.699ms
[24.185s][info][gc,cpu         ] GC(80) User=0.00s Sys=0.00s Real=0.00s
[24.349s][info][gc,start       ] GC(81) Pause Young (Allocation Failure)
[24.356s][info][gc,heap        ] GC(81) DefNew: 561041K(629440K)->1407K(629440K) Eden: 559552K(559552K)->0K(559552K) From: 1489K(69888K)->1407K(69888K)
[24.356s][info][gc,heap        ] GC(81) Tenured: 37124K(1398144K)->37124K(1398144K)
[24.356s][info][gc,metaspace   ] GC(81) Metaspace: 72691K(73664K)->72691K(73664K) NonClass: 57546K(58112K)->57546K(58112K) Class: 15144K(15552K)->15144K(15552K)
[24.356s][info][gc             ] GC(81) Pause Young (Allocation Failure) 584M->37M(1980M) 7.076ms
[24.356s][info][gc,cpu         ] GC(81) User=0.00s Sys=0.00s Real=0.00s
[24.552s][info][gc,start       ] GC(82) Pause Young (Allocation Failure)
[24.558s][info][gc,heap        ] GC(82) DefNew: 560959K(629440K)->1420K(629440K) Eden: 559552K(559552K)->0K(559552K) From: 1407K(69888K)->1420K(69888K)
[24.558s][info][gc,heap        ] GC(82) Tenured: 37124K(1398144K)->37124K(1398144K)
[24.558s][info][gc,metaspace   ] GC(82) Metaspace: 72701K(73664K)->72701K(73664K) NonClass: 57556K(58112K)->57556K(58112K) Class: 15144K(15552K)->15144K(15552K)
[24.558s][info][gc             ] GC(82) Pause Young (Allocation Failure) 584M->37M(1980M) 6.555ms
[24.558s][info][gc,cpu         ] GC(82) User=0.00s Sys=0.00s Real=0.00s
[24.827s][info][gc,start       ] GC(83) Pause Young (Allocation Failure)
[24.832s][info][gc,heap        ] GC(83) DefNew: 560972K(629440K)->1365K(629440K) Eden: 559552K(559552K)->0K(559552K) From: 1420K(69888K)->1365K(69888K)
[24.832s][info][gc,heap        ] GC(83) Tenured: 37124K(1398144K)->37140K(1398144K)
[24.832s][info][gc,metaspace   ] GC(83) Metaspace: 72706K(73664K)->72706K(73664K) NonClass: 57562K(58112K)->57562K(58112K) Class: 15144K(15552K)->15144K(15552K)
[24.832s][info][gc             ] GC(83) Pause Young (Allocation Failure) 584M->37M(1980M) 5.516ms
[24.832s][info][gc,cpu         ] GC(83) User=0.00s Sys=0.00s Real=0.00s
[25.178s][info][gc,start       ] GC(84) Pause Young (Allocation Failure)
[25.183s][info][gc,heap        ] GC(84) DefNew: 560917K(629440K)->1378K(629440K) Eden: 559552K(559552K)->0K(559552K) From: 1365K(69888K)->1378K(69888K)
[25.183s][info][gc,heap        ] GC(84) Tenured: 37140K(1398144K)->37140K(1398144K)
[25.183s][info][gc,metaspace   ] GC(84) Metaspace: 72706K(73664K)->72706K(73664K) NonClass: 57562K(58112K)->57562K(58112K) Class: 15144K(15552K)->15144K(15552K)
[25.183s][info][gc             ] GC(84) Pause Young (Allocation Failure) 584M->37M(1980M) 4.459ms
[25.183s][info][gc,cpu         ] GC(84) User=0.00s Sys=0.00s Real=0.00s
[25.550s][info][gc,start       ] GC(85) Pause Young (Allocation Failure)
[25.555s][info][gc,heap        ] GC(85) DefNew: 560930K(629440K)->1344K(629440K) Eden: 559552K(559552K)->0K(559552K) From: 1378K(69888K)->1344K(69888K)
[25.555s][info][gc,heap        ] GC(85) Tenured: 37140K(1398144K)->37148K(1398144K)
[25.555s][info][gc,metaspace   ] GC(85) Metaspace: 72706K(73664K)->72706K(73664K) NonClass: 57562K(58112K)->57562K(58112K) Class: 15144K(15552K)->15144K(15552K)
[25.555s][info][gc             ] GC(85) Pause Young (Allocation Failure) 584M->37M(1980M) 4.458ms
[25.555s][info][gc,cpu         ] GC(85) User=0.00s Sys=0.00s Real=0.00s
[25.916s][info][gc,start       ] GC(86) Pause Young (Allocation Failure)
[25.921s][info][gc,heap        ] GC(86) DefNew: 560896K(629440K)->1375K(629440K) Eden: 559552K(559552K)->0K(559552K) From: 1344K(69888K)->1375K(69888K)
[25.921s][info][gc,heap        ] GC(86) Tenured: 37148K(1398144K)->37148K(1398144K)
[25.921s][info][gc,metaspace   ] GC(86) Metaspace: 72706K(73664K)->72706K(73664K) NonClass: 57562K(58112K)->57562K(58112K) Class: 15144K(15552K)->15144K(15552K)
[25.921s][info][gc             ] GC(86) Pause Young (Allocation Failure) 584M->37M(1980M) 4.283ms
[25.921s][info][gc,cpu         ] GC(86) User=0.00s Sys=0.00s Real=0.00s
[26.218s][info][gc,start       ] GC(87) Pause Full (System.gc())
[26.218s][info][gc,phases,start] GC(87) Phase 1: Mark live objects
[26.284s][info][gc,phases      ] GC(87) Phase 1: Mark live objects 66.611ms
[26.284s][info][gc,phases,start] GC(87) Phase 2: Compute new object addresses
[26.405s][info][gc,phases      ] GC(87) Phase 2: Compute new object addresses 120.700ms
[26.405s][info][gc,phases,start] GC(87) Phase 3: Adjust pointers
[26.430s][info][gc,phases      ] GC(87) Phase 3: Adjust pointers 25.167ms
[26.430s][info][gc,phases,start] GC(87) Phase 4: Move objects
[26.431s][info][gc,phases      ] GC(87) Phase 4: Move objects 1.151ms
[26.432s][info][gc,heap        ] GC(87) DefNew: 338608K(629440K)->0K(629440K) Eden: 337233K(559552K)->0K(559552K) From: 1375K(69888K)->0K(69888K)
[26.432s][info][gc,heap        ] GC(87) Tenured: 37148K(1398144K)->38421K(1398144K)
[26.432s][info][gc,metaspace   ] GC(87) Metaspace: 72746K(73664K)->72732K(73664K) NonClass: 57601K(58112K)->57591K(58112K) Class: 15144K(15552K)->15140K(15552K)
[26.432s][info][gc             ] GC(87) Pause Full (System.gc()) 366M->37M(1980M) 214.766ms
[26.432s][info][gc,cpu         ] GC(87) User=0.20s Sys=0.00s Real=0.21s
[26.621s][info][gc,start       ] GC(88) Pause Young (Allocation Failure)
[26.637s][info][gc,heap        ] GC(88) DefNew: 559552K(629440K)->3490K(629440K) Eden: 559552K(559552K)->0K(559552K) From: 0K(69888K)->3490K(69888K)
[26.637s][info][gc,heap        ] GC(88) Tenured: 38421K(1398144K)->38421K(1398144K)
[26.637s][info][gc,metaspace   ] GC(88) Metaspace: 72851K(73728K)->72851K(73728K) NonClass: 57710K(58176K)->57710K(58176K) Class: 15141K(15552K)->15141K(15552K)
[26.637s][info][gc             ] GC(88) Pause Young (Allocation Failure) 583M->40M(1980M) 15.623ms
[26.637s][info][gc,cpu         ] GC(88) User=0.03s Sys=0.00s Real=0.02s
[26.777s][info][gc,start       ] GC(89) Pause Young (Allocation Failure)
[26.791s][info][gc,heap        ] GC(89) DefNew: 563042K(629440K)->3546K(629440K) Eden: 559552K(559552K)->0K(559552K) From: 3490K(69888K)->3546K(69888K)
[26.791s][info][gc,heap        ] GC(89) Tenured: 38421K(1398144K)->38421K(1398144K)
[26.791s][info][gc,metaspace   ] GC(89) Metaspace: 72851K(73728K)->72851K(73728K) NonClass: 57710K(58176K)->57710K(58176K) Class: 15141K(15552K)->15141K(15552K)
[26.791s][info][gc             ] GC(89) Pause Young (Allocation Failure) 587M->40M(1980M) 14.356ms
[26.792s][info][gc,cpu         ] GC(89) User=0.02s Sys=0.00s Real=0.02s
[26.932s][info][gc,start       ] GC(90) Pause Young (Allocation Failure)
[26.945s][info][gc,heap        ] GC(90) DefNew: 563098K(629440K)->3444K(629440K) Eden: 559552K(559552K)->0K(559552K) From: 3546K(69888K)->3444K(69888K)
[26.945s][info][gc,heap        ] GC(90) Tenured: 38421K(1398144K)->38421K(1398144K)
[26.945s][info][gc,metaspace   ] GC(90) Metaspace: 72851K(73728K)->72851K(73728K) NonClass: 57710K(58176K)->57710K(58176K) Class: 15141K(15552K)->15141K(15552K)
[26.945s][info][gc             ] GC(90) Pause Young (Allocation Failure) 587M->40M(1980M) 12.771ms
[26.945s][info][gc,cpu         ] GC(90) User=0.02s Sys=0.00s Real=0.01s
[27.085s][info][gc,start       ] GC(91) Pause Young (Allocation Failure)
[27.098s][info][gc,heap        ] GC(91) DefNew: 562996K(629440K)->3504K(629440K) Eden: 559552K(559552K)->0K(559552K) From: 3444K(69888K)->3504K(69888K)
[27.098s][info][gc,heap        ] GC(91) Tenured: 38421K(1398144K)->38421K(1398144K)
[27.098s][info][gc,metaspace   ] GC(91) Metaspace: 72851K(73728K)->72851K(73728K) NonClass: 57710K(58176K)->57710K(58176K) Class: 15141K(15552K)->15141K(15552K)
[27.098s][info][gc             ] GC(91) Pause Young (Allocation Failure) 587M->40M(1980M) 13.685ms
[27.098s][info][gc,cpu         ] GC(91) User=0.02s Sys=0.00s Real=0.01s
[27.238s][info][gc,start       ] GC(92) Pause Young (Allocation Failure)
[27.251s][info][gc,heap        ] GC(92) DefNew: 563056K(629440K)->3472K(629440K) Eden: 559552K(559552K)->0K(559552K) From: 3504K(69888K)->3472K(69888K)
[27.251s][info][gc,heap        ] GC(92) Tenured: 38421K(1398144K)->38421K(1398144K)
[27.251s][info][gc,metaspace   ] GC(92) Metaspace: 72851K(73728K)->72851K(73728K) NonClass: 57710K(58176K)->57710K(58176K) Class: 15141K(15552K)->15141K(15552K)
[27.251s][info][gc             ] GC(92) Pause Young (Allocation Failure) 587M->40M(1980M) 12.944ms
[27.251s][info][gc,cpu         ] GC(92) User=0.02s Sys=0.00s Real=0.01s
[27.391s][info][gc,start       ] GC(93) Pause Young (Allocation Failure)
[27.405s][info][gc,heap        ] GC(93) DefNew: 563024K(629440K)->3518K(629440K) Eden: 559552K(559552K)->0K(559552K) From: 3472K(69888K)->3518K(69888K)
[27.405s][info][gc,heap        ] GC(93) Tenured: 38421K(1398144K)->38421K(1398144K)
[27.405s][info][gc,metaspace   ] GC(93) Metaspace: 72851K(73728K)->72851K(73728K) NonClass: 57710K(58176K)->57710K(58176K) Class: 15141K(15552K)->15141K(15552K)
[27.405s][info][gc             ] GC(93) Pause Young (Allocation Failure) 587M->40M(1980M) 14.039ms
[27.406s][info][gc,cpu         ] GC(93) User=0.02s Sys=0.00s Real=0.01s
[27.546s][info][gc,start       ] GC(94) Pause Young (Allocation Failure)
[27.559s][info][gc,heap        ] GC(94) DefNew: 563070K(629440K)->3549K(629440K) Eden: 559552K(559552K)->0K(559552K) From: 3518K(69888K)->3549K(69888K)
[27.559s][info][gc,heap        ] GC(94) Tenured: 38421K(1398144K)->38421K(1398144K)
[27.559s][info][gc,metaspace   ] GC(94) Metaspace: 72851K(73728K)->72851K(73728K) NonClass: 57710K(58176K)->57710K(58176K) Class: 15141K(15552K)->15141K(15552K)
[27.559s][info][gc             ] GC(94) Pause Young (Allocation Failure) 587M->40M(1980M) 13.140ms
[27.559s][info][gc,cpu         ] GC(94) User=0.00s Sys=0.00s Real=0.01s
[27.698s][info][gc,start       ] GC(95) Pause Young (Allocation Failure)
[27.711s][info][gc,heap        ] GC(95) DefNew: 563101K(629440K)->3494K(629440K) Eden: 559552K(559552K)->0K(559552K) From: 3549K(69888K)->3494K(69888K)
[27.711s][info][gc,heap        ] GC(95) Tenured: 38421K(1398144K)->38421K(1398144K)
[27.711s][info][gc,metaspace   ] GC(95) Metaspace: 72851K(73728K)->72851K(73728K) NonClass: 57710K(58176K)->57710K(58176K) Class: 15141K(15552K)->15141K(15552K)
[27.711s][info][gc             ] GC(95) Pause Young (Allocation Failure) 587M->40M(1980M) 12.366ms
[27.711s][info][gc,cpu         ] GC(95) User=0.02s Sys=0.00s Real=0.01s
[27.850s][info][gc,start       ] GC(96) Pause Young (Allocation Failure)
[27.863s][info][gc,heap        ] GC(96) DefNew: 563046K(629440K)->3514K(629440K) Eden: 559552K(559552K)->0K(559552K) From: 3494K(69888K)->3514K(69888K)
[27.863s][info][gc,heap        ] GC(96) Tenured: 38421K(1398144K)->38421K(1398144K)
[27.863s][info][gc,metaspace   ] GC(96) Metaspace: 72851K(73728K)->72851K(73728K) NonClass: 57710K(58176K)->57710K(58176K) Class: 15141K(15552K)->15141K(15552K)
[27.863s][info][gc             ] GC(96) Pause Young (Allocation Failure) 587M->40M(1980M) 12.386ms
[27.863s][info][gc,cpu         ] GC(96) User=0.02s Sys=0.00s Real=0.01s
[28.003s][info][gc,start       ] GC(97) Pause Young (Allocation Failure)
[28.016s][info][gc,heap        ] GC(97) DefNew: 563066K(629440K)->3511K(629440K) Eden: 559552K(559552K)->0K(559552K) From: 3514K(69888K)->3511K(69888K)
[28.016s][info][gc,heap        ] GC(97) Tenured: 38421K(1398144K)->38421K(1398144K)
[28.016s][info][gc,metaspace   ] GC(97) Metaspace: 72851K(73728K)->72851K(73728K) NonClass: 57710K(58176K)->57710K(58176K) Class: 15141K(15552K)->15141K(15552K)
[28.016s][info][gc             ] GC(97) Pause Young (Allocation Failure) 587M->40M(1980M) 12.354ms
[28.016s][info][gc,cpu         ] GC(97) User=0.02s Sys=0.00s Real=0.01s
[28.157s][info][gc,start       ] GC(98) Pause Young (Allocation Failure)
[28.170s][info][gc,heap        ] GC(98) DefNew: 563063K(629440K)->3492K(629440K) Eden: 559552K(559552K)->0K(559552K) From: 3511K(69888K)->3492K(69888K)
[28.170s][info][gc,heap        ] GC(98) Tenured: 38421K(1398144K)->38421K(1398144K)
[28.170s][info][gc,metaspace   ] GC(98) Metaspace: 72851K(73728K)->72851K(73728K) NonClass: 57710K(58176K)->57710K(58176K) Class: 15141K(15552K)->15141K(15552K)
[28.170s][info][gc             ] GC(98) Pause Young (Allocation Failure) 587M->40M(1980M) 12.533ms
[28.170s][info][gc,cpu         ] GC(98) User=0.00s Sys=0.00s Real=0.01s
[28.309s][info][gc,start       ] GC(99) Pause Young (Allocation Failure)
[28.322s][info][gc,heap        ] GC(99) DefNew: 563044K(629440K)->3518K(629440K) Eden: 559552K(559552K)->0K(559552K) From: 3492K(69888K)->3518K(69888K)
[28.322s][info][gc,heap        ] GC(99) Tenured: 38421K(1398144K)->38421K(1398144K)
[28.322s][info][gc,metaspace   ] GC(99) Metaspace: 72851K(73728K)->72851K(73728K) NonClass: 57710K(58176K)->57710K(58176K) Class: 15141K(15552K)->15141K(15552K)
[28.322s][info][gc             ] GC(99) Pause Young (Allocation Failure) 587M->40M(1980M) 12.486ms
[28.322s][info][gc,cpu         ] GC(99) User=0.00s Sys=0.00s Real=0.00s
[28.461s][info][gc,start       ] GC(100) Pause Young (Allocation Failure)
[28.473s][info][gc,heap        ] GC(100) DefNew: 563070K(629440K)->3562K(629440K) Eden: 559552K(559552K)->0K(559552K) From: 3518K(69888K)->3562K(69888K)
[28.473s][info][gc,heap        ] GC(100) Tenured: 38421K(1398144K)->38421K(1398144K)
[28.473s][info][gc,metaspace   ] GC(100) Metaspace: 72851K(73728K)->72851K(73728K) NonClass: 57710K(58176K)->57710K(58176K) Class: 15141K(15552K)->15141K(15552K)
[28.473s][info][gc             ] GC(100) Pause Young (Allocation Failure) 587M->40M(1980M) 12.420ms
[28.473s][info][gc,cpu         ] GC(100) User=0.00s Sys=0.00s Real=0.00s
[28.611s][info][gc,start       ] GC(101) Pause Young (Allocation Failure)
[28.623s][info][gc,heap        ] GC(101) DefNew: 563114K(629440K)->3478K(629440K) Eden: 559552K(559552K)->0K(559552K) From: 3562K(69888K)->3478K(69888K)
[28.623s][info][gc,heap        ] GC(101) Tenured: 38421K(1398144K)->38421K(1398144K)
[28.623s][info][gc,metaspace   ] GC(101) Metaspace: 72851K(73728K)->72851K(73728K) NonClass: 57710K(58176K)->57710K(58176K) Class: 15141K(15552K)->15141K(15552K)
[28.623s][info][gc             ] GC(101) Pause Young (Allocation Failure) 587M->40M(1980M) 12.512ms
[28.623s][info][gc,cpu         ] GC(101) User=0.00s Sys=0.00s Real=0.00s
[28.763s][info][gc,start       ] GC(102) Pause Young (Allocation Failure)
[28.777s][info][gc,heap        ] GC(102) DefNew: 563030K(629440K)->3577K(629440K) Eden: 559552K(559552K)->0K(559552K) From: 3478K(69888K)->3577K(69888K)
[28.777s][info][gc,heap        ] GC(102) Tenured: 38421K(1398144K)->38421K(1398144K)
[28.777s][info][gc,metaspace   ] GC(102) Metaspace: 72859K(73728K)->72859K(73728K) NonClass: 57717K(58176K)->57717K(58176K) Class: 15141K(15552K)->15141K(15552K)
[28.777s][info][gc             ] GC(102) Pause Young (Allocation Failure) 587M->41M(1980M) 14.158ms
[28.777s][info][gc,cpu         ] GC(102) User=0.02s Sys=0.00s Real=0.01s
[28.915s][info][gc,start       ] GC(103) Pause Young (Allocation Failure)
[28.929s][info][gc,heap        ] GC(103) DefNew: 563129K(629440K)->1476K(629440K) Eden: 559552K(559552K)->0K(559552K) From: 3577K(69888K)->1476K(69888K)
[28.929s][info][gc,heap        ] GC(103) Tenured: 38421K(1398144K)->40504K(1398144K)
[28.929s][info][gc,metaspace   ] GC(103) Metaspace: 72859K(73728K)->72859K(73728K) NonClass: 57717K(58176K)->57717K(58176K) Class: 15141K(15552K)->15141K(15552K)
[28.929s][info][gc             ] GC(103) Pause Young (Allocation Failure) 587M->40M(1980M) 14.062ms
[28.929s][info][gc,cpu         ] GC(103) User=0.02s Sys=0.00s Real=0.01s
[29.068s][info][gc,start       ] GC(104) Pause Young (Allocation Failure)
[29.077s][info][gc,heap        ] GC(104) DefNew: 561028K(629440K)->1495K(629440K) Eden: 559552K(559552K)->0K(559552K) From: 1476K(69888K)->1495K(69888K)
[29.078s][info][gc,heap        ] GC(104) Tenured: 40504K(1398144K)->40504K(1398144K)
[29.078s][info][gc,metaspace   ] GC(104) Metaspace: 72859K(73728K)->72859K(73728K) NonClass: 57717K(58176K)->57717K(58176K) Class: 15141K(15552K)->15141K(15552K)
[29.078s][info][gc             ] GC(104) Pause Young (Allocation Failure) 587M->41M(1980M) 9.322ms
[29.078s][info][gc,cpu         ] GC(104) User=0.00s Sys=0.00s Real=0.00s
[29.215s][info][gc,start       ] GC(105) Pause Young (Allocation Failure)
[29.224s][info][gc,heap        ] GC(105) DefNew: 561047K(629440K)->1505K(629440K) Eden: 559552K(559552K)->0K(559552K) From: 1495K(69888K)->1505K(69888K)
[29.224s][info][gc,heap        ] GC(105) Tenured: 40504K(1398144K)->40505K(1398144K)
[29.224s][info][gc,metaspace   ] GC(105) Metaspace: 72859K(73728K)->72859K(73728K) NonClass: 57717K(58176K)->57717K(58176K) Class: 15141K(15552K)->15141K(15552K)
[29.224s][info][gc             ] GC(105) Pause Young (Allocation Failure) 587M->41M(1980M) 9.083ms
[29.224s][info][gc,cpu         ] GC(105) User=0.00s Sys=0.00s Real=0.00s
[29.362s][info][gc,start       ] GC(106) Pause Young (Allocation Failure)
[29.371s][info][gc,heap        ] GC(106) DefNew: 561057K(629440K)->1506K(629440K) Eden: 559552K(559552K)->0K(559552K) From: 1505K(69888K)->1506K(69888K)
[29.371s][info][gc,heap        ] GC(106) Tenured: 40505K(1398144K)->40505K(1398144K)
[29.371s][info][gc,metaspace   ] GC(106) Metaspace: 72859K(73728K)->72859K(73728K) NonClass: 57717K(58176K)->57717K(58176K) Class: 15141K(15552K)->15141K(15552K)
[29.371s][info][gc             ] GC(106) Pause Young (Allocation Failure) 587M->41M(1980M) 8.764ms
[29.371s][info][gc,cpu         ] GC(106) User=0.00s Sys=0.00s Real=0.00s
[29.509s][info][gc,start       ] GC(107) Pause Young (Allocation Failure)
[29.518s][info][gc,heap        ] GC(107) DefNew: 561058K(629440K)->1473K(629440K) Eden: 559552K(559552K)->0K(559552K) From: 1506K(69888K)->1473K(69888K)
[29.518s][info][gc,heap        ] GC(107) Tenured: 40505K(1398144K)->40505K(1398144K)
[29.518s][info][gc,metaspace   ] GC(107) Metaspace: 72859K(73728K)->72859K(73728K) NonClass: 57717K(58176K)->57717K(58176K) Class: 15141K(15552K)->15141K(15552K)
[29.518s][info][gc             ] GC(107) Pause Young (Allocation Failure) 587M->40M(1980M) 9.463ms
[29.518s][info][gc,cpu         ] GC(107) User=0.02s Sys=0.00s Real=0.01s
[29.657s][info][gc,start       ] GC(108) Pause Young (Allocation Failure)
[29.667s][info][gc,heap        ] GC(108) DefNew: 561025K(629440K)->1481K(629440K) Eden: 559552K(559552K)->0K(559552K) From: 1473K(69888K)->1481K(69888K)
[29.667s][info][gc,heap        ] GC(108) Tenured: 40505K(1398144K)->40522K(1398144K)
[29.667s][info][gc,metaspace   ] GC(108) Metaspace: 72859K(73728K)->72859K(73728K) NonClass: 57717K(58176K)->57717K(58176K) Class: 15141K(15552K)->15141K(15552K)
[29.667s][info][gc             ] GC(108) Pause Young (Allocation Failure) 587M->41M(1980M) 9.459ms
[29.667s][info][gc,cpu         ] GC(108) User=0.00s Sys=0.00s Real=0.01s
[29.805s][info][gc,start       ] GC(109) Pause Young (Allocation Failure)
[29.814s][info][gc,heap        ] GC(109) DefNew: 561033K(629440K)->1427K(629440K) Eden: 559552K(559552K)->0K(559552K) From: 1481K(69888K)->1427K(69888K)
[29.814s][info][gc,heap        ] GC(109) Tenured: 40522K(1398144K)->40522K(1398144K)
[29.814s][info][gc,metaspace   ] GC(109) Metaspace: 72859K(73728K)->72859K(73728K) NonClass: 57717K(58176K)->57717K(58176K) Class: 15141K(15552K)->15141K(15552K)
[29.814s][info][gc             ] GC(109) Pause Young (Allocation Failure) 587M->40M(1980M) 8.987ms
[29.814s][info][gc,cpu         ] GC(109) User=0.00s Sys=0.00s Real=0.00s
[29.958s][info][gc,start       ] GC(110) Pause Young (Allocation Failure)
[29.968s][info][gc,heap        ] GC(110) DefNew: 560979K(629440K)->1506K(629440K) Eden: 559552K(559552K)->0K(559552K) From: 1427K(69888K)->1506K(69888K)
[29.968s][info][gc,heap        ] GC(110) Tenured: 40522K(1398144K)->40522K(1398144K)
[29.968s][info][gc,metaspace   ] GC(110) Metaspace: 72859K(73728K)->72859K(73728K) NonClass: 57717K(58176K)->57717K(58176K) Class: 15141K(15552K)->15141K(15552K)
[29.968s][info][gc             ] GC(110) Pause Young (Allocation Failure) 587M->41M(1980M) 9.429ms
[29.968s][info][gc,cpu         ] GC(110) User=0.00s Sys=0.00s Real=0.00s
[30.106s][info][gc,start       ] GC(111) Pause Young (Allocation Failure)
[30.114s][info][gc,heap        ] GC(111) DefNew: 561058K(629440K)->1431K(629440K) Eden: 559552K(559552K)->0K(559552K) From: 1506K(69888K)->1431K(69888K)
[30.115s][info][gc,heap        ] GC(111) Tenured: 40522K(1398144K)->40522K(1398144K)
[30.115s][info][gc,metaspace   ] GC(111) Metaspace: 72859K(73728K)->72859K(73728K) NonClass: 57717K(58176K)->57717K(58176K) Class: 15141K(15552K)->15141K(15552K)
[30.115s][info][gc             ] GC(111) Pause Young (Allocation Failure) 587M->40M(1980M) 8.896ms
[30.115s][info][gc,cpu         ] GC(111) User=0.00s Sys=0.00s Real=0.00s
[30.253s][info][gc,start       ] GC(112) Pause Young (Allocation Failure)
[30.261s][info][gc,heap        ] GC(112) DefNew: 560983K(629440K)->1457K(629440K) Eden: 559552K(559552K)->0K(559552K) From: 1431K(69888K)->1457K(69888K)
[30.261s][info][gc,heap        ] GC(112) Tenured: 40522K(1398144K)->40522K(1398144K)
[30.261s][info][gc,metaspace   ] GC(112) Metaspace: 72859K(73728K)->72859K(73728K) NonClass: 57717K(58176K)->57717K(58176K) Class: 15141K(15552K)->15141K(15552K)
[30.261s][info][gc             ] GC(112) Pause Young (Allocation Failure) 587M->40M(1980M) 8.735ms
[30.261s][info][gc,cpu         ] GC(112) User=0.00s Sys=0.00s Real=0.00s
[30.400s][info][gc,start       ] GC(113) Pause Young (Allocation Failure)
[30.408s][info][gc,heap        ] GC(113) DefNew: 561009K(629440K)->1471K(629440K) Eden: 559552K(559552K)->0K(559552K) From: 1457K(69888K)->1471K(69888K)
[30.408s][info][gc,heap        ] GC(113) Tenured: 40522K(1398144K)->40522K(1398144K)
[30.408s][info][gc,metaspace   ] GC(113) Metaspace: 72859K(73728K)->72859K(73728K) NonClass: 57717K(58176K)->57717K(58176K) Class: 15141K(15552K)->15141K(15552K)
[30.408s][info][gc             ] GC(113) Pause Young (Allocation Failure) 587M->41M(1980M) 8.691ms
[30.408s][info][gc,cpu         ] GC(113) User=0.00s Sys=0.00s Real=0.00s
[30.550s][info][gc,start       ] GC(114) Pause Young (Allocation Failure)
[30.559s][info][gc,heap        ] GC(114) DefNew: 561023K(629440K)->1552K(629440K) Eden: 559552K(559552K)->0K(559552K) From: 1471K(69888K)->1552K(69888K)
[30.559s][info][gc,heap        ] GC(114) Tenured: 40522K(1398144K)->40522K(1398144K)
[30.559s][info][gc,metaspace   ] GC(114) Metaspace: 72859K(73728K)->72859K(73728K) NonClass: 57717K(58176K)->57717K(58176K) Class: 15141K(15552K)->15141K(15552K)
[30.560s][info][gc             ] GC(114) Pause Young (Allocation Failure) 587M->41M(1980M) 9.961ms
[30.560s][info][gc,cpu         ] GC(114) User=0.00s Sys=0.00s Real=0.01s
[30.699s][info][gc,start       ] GC(115) Pause Young (Allocation Failure)
[30.708s][info][gc,heap        ] GC(115) DefNew: 561104K(629440K)->1498K(629440K) Eden: 559552K(559552K)->0K(559552K) From: 1552K(69888K)->1498K(69888K)
[30.708s][info][gc,heap        ] GC(115) Tenured: 40522K(1398144K)->40540K(1398144K)
[30.708s][info][gc,metaspace   ] GC(115) Metaspace: 72859K(73728K)->72859K(73728K) NonClass: 57717K(58176K)->57717K(58176K) Class: 15141K(15552K)->15141K(15552K)
[30.708s][info][gc             ] GC(115) Pause Young (Allocation Failure) 587M->41M(1980M) 9.437ms
[30.708s][info][gc,cpu         ] GC(115) User=0.02s Sys=0.00s Real=0.01s
[30.847s][info][gc,start       ] GC(116) Pause Young (Allocation Failure)
[30.856s][info][gc,heap        ] GC(116) DefNew: 561050K(629440K)->1432K(629440K) Eden: 559552K(559552K)->0K(559552K) From: 1498K(69888K)->1432K(69888K)
[30.856s][info][gc,heap        ] GC(116) Tenured: 40540K(1398144K)->40541K(1398144K)
[30.856s][info][gc,metaspace   ] GC(116) Metaspace: 72859K(73728K)->72859K(73728K) NonClass: 57717K(58176K)->57717K(58176K) Class: 15141K(15552K)->15141K(15552K)
[30.856s][info][gc             ] GC(116) Pause Young (Allocation Failure) 587M->40M(1980M) 8.463ms
[30.856s][info][gc,cpu         ] GC(116) User=0.00s Sys=0.00s Real=0.01s
[30.993s][info][gc,start       ] GC(117) Pause Young (Allocation Failure)
[31.002s][info][gc,heap        ] GC(117) DefNew: 560984K(629440K)->1454K(629440K) Eden: 559552K(559552K)->0K(559552K) From: 1432K(69888K)->1454K(69888K)
[31.002s][info][gc,heap        ] GC(117) Tenured: 40541K(1398144K)->40582K(1398144K)
[31.002s][info][gc,metaspace   ] GC(117) Metaspace: 72859K(73728K)->72859K(73728K) NonClass: 57717K(58176K)->57717K(58176K) Class: 15141K(15552K)->15141K(15552K)
[31.002s][info][gc             ] GC(117) Pause Young (Allocation Failure) 587M->41M(1980M) 8.857ms
[31.002s][info][gc,cpu         ] GC(117) User=0.02s Sys=0.00s Real=0.01s
[31.140s][info][gc,start       ] GC(118) Pause Young (Allocation Failure)
[31.149s][info][gc,heap        ] GC(118) DefNew: 561006K(629440K)->1379K(629440K) Eden: 559552K(559552K)->0K(559552K) From: 1454K(69888K)->1379K(69888K)
[31.149s][info][gc,heap        ] GC(118) Tenured: 40582K(1398144K)->40582K(1398144K)
[31.149s][info][gc,metaspace   ] GC(118) Metaspace: 72860K(73728K)->72860K(73728K) NonClass: 57718K(58176K)->57718K(58176K) Class: 15141K(15552K)->15141K(15552K)
[31.149s][info][gc             ] GC(118) Pause Young (Allocation Failure) 587M->40M(1980M) 8.457ms
[31.149s][info][gc,cpu         ] GC(118) User=0.00s Sys=0.00s Real=0.01s
[31.290s][info][gc,start       ] GC(119) Pause Young (Allocation Failure)
[31.299s][info][gc,heap        ] GC(119) DefNew: 560931K(629440K)->1456K(629440K) Eden: 559552K(559552K)->0K(559552K) From: 1379K(69888K)->1456K(69888K)
[31.299s][info][gc,heap        ] GC(119) Tenured: 40582K(1398144K)->40582K(1398144K)
[31.299s][info][gc,metaspace   ] GC(119) Metaspace: 72876K(73728K)->72876K(73728K) NonClass: 57734K(58176K)->57734K(58176K) Class: 15141K(15552K)->15141K(15552K)
[31.299s][info][gc             ] GC(119) Pause Young (Allocation Failure) 587M->41M(1980M) 9.682ms
[31.299s][info][gc,cpu         ] GC(119) User=0.02s Sys=0.00s Real=0.01s
[31.439s][info][gc,start       ] GC(120) Pause Young (Allocation Failure)
[31.448s][info][gc,heap        ] GC(120) DefNew: 561008K(629440K)->1480K(629440K) Eden: 559552K(559552K)->0K(559552K) From: 1456K(69888K)->1480K(69888K)
[31.448s][info][gc,heap        ] GC(120) Tenured: 40582K(1398144K)->40582K(1398144K)
[31.448s][info][gc,metaspace   ] GC(120) Metaspace: 72877K(73728K)->72877K(73728K) NonClass: 57735K(58176K)->57735K(58176K) Class: 15141K(15552K)->15141K(15552K)
[31.448s][info][gc             ] GC(120) Pause Young (Allocation Failure) 587M->41M(1980M) 9.121ms
[31.448s][info][gc,cpu         ] GC(120) User=0.00s Sys=0.00s Real=0.01s
[31.588s][info][gc,start       ] GC(121) Pause Young (Allocation Failure)
[31.597s][info][gc,heap        ] GC(121) DefNew: 561032K(629440K)->1460K(629440K) Eden: 559551K(559552K)->0K(559552K) From: 1480K(69888K)->1460K(69888K)
[31.597s][info][gc,heap        ] GC(121) Tenured: 40582K(1398144K)->40599K(1398144K)
[31.597s][info][gc,metaspace   ] GC(121) Metaspace: 72887K(73728K)->72887K(73728K) NonClass: 57745K(58176K)->57745K(58176K) Class: 15141K(15552K)->15141K(15552K)
[31.597s][info][gc             ] GC(121) Pause Young (Allocation Failure) 587M->41M(1980M) 8.649ms
[31.597s][info][gc,cpu         ] GC(121) User=0.02s Sys=0.00s Real=0.01s
[31.749s][info][gc,start       ] GC(122) Pause Young (Allocation Failure)
[31.758s][info][gc,heap        ] GC(122) DefNew: 561012K(629440K)->1458K(629440K) Eden: 559552K(559552K)->0K(559552K) From: 1460K(69888K)->1458K(69888K)
[31.758s][info][gc,heap        ] GC(122) Tenured: 40599K(1398144K)->40599K(1398144K)
[31.758s][info][gc,metaspace   ] GC(122) Metaspace: 72926K(73728K)->72926K(73728K) NonClass: 57784K(58176K)->57784K(58176K) Class: 15141K(15552K)->15141K(15552K)
[31.758s][info][gc             ] GC(122) Pause Young (Allocation Failure) 587M->41M(1980M) 9.093ms
[31.758s][info][gc,cpu         ] GC(122) User=0.03s Sys=0.00s Real=0.00s
[31.922s][info][gc,start       ] GC(123) Pause Young (Allocation Failure)
[31.930s][info][gc,heap        ] GC(123) DefNew: 561010K(629440K)->1449K(629440K) Eden: 559552K(559552K)->0K(559552K) From: 1458K(69888K)->1449K(69888K)
[31.930s][info][gc,heap        ] GC(123) Tenured: 40599K(1398144K)->40599K(1398144K)
[31.930s][info][gc,metaspace   ] GC(123) Metaspace: 72943K(73728K)->72943K(73728K) NonClass: 57801K(58176K)->57801K(58176K) Class: 15141K(15552K)->15141K(15552K)
[31.930s][info][gc             ] GC(123) Pause Young (Allocation Failure) 587M->41M(1980M) 7.638ms
[31.930s][info][gc,cpu         ] GC(123) User=0.00s Sys=0.00s Real=0.01s
[32.128s][info][gc,start       ] GC(124) Pause Young (Allocation Failure)
[32.134s][info][gc,heap        ] GC(124) DefNew: 561001K(629440K)->1408K(629440K) Eden: 559552K(559552K)->0K(559552K) From: 1449K(69888K)->1408K(69888K)
[32.134s][info][gc,heap        ] GC(124) Tenured: 40599K(1398144K)->40599K(1398144K)
[32.134s][info][gc,metaspace   ] GC(124) Metaspace: 72946K(73728K)->72946K(73728K) NonClass: 57804K(58176K)->57804K(58176K) Class: 15141K(15552K)->15141K(15552K)
[32.134s][info][gc             ] GC(124) Pause Young (Allocation Failure) 587M->41M(1980M) 6.428ms
[32.135s][info][gc,cpu         ] GC(124) User=0.00s Sys=0.00s Real=0.00s
[32.405s][info][gc,start       ] GC(125) Pause Young (Allocation Failure)
[32.410s][info][gc,heap        ] GC(125) DefNew: 560960K(629440K)->1375K(629440K) Eden: 559552K(559552K)->0K(559552K) From: 1408K(69888K)->1375K(69888K)
[32.410s][info][gc,heap        ] GC(125) Tenured: 40599K(1398144K)->40599K(1398144K)
[32.410s][info][gc,metaspace   ] GC(125) Metaspace: 72966K(73728K)->72966K(73728K) NonClass: 57824K(58176K)->57824K(58176K) Class: 15141K(15552K)->15141K(15552K)
[32.410s][info][gc             ] GC(125) Pause Young (Allocation Failure) 587M->40M(1980M) 5.670ms
[32.410s][info][gc,cpu         ] GC(125) User=0.02s Sys=0.00s Real=0.01s
[32.776s][info][gc,start       ] GC(126) Pause Young (Allocation Failure)
[32.780s][info][gc,heap        ] GC(126) DefNew: 560927K(629440K)->1350K(629440K) Eden: 559552K(559552K)->0K(559552K) From: 1375K(69888K)->1350K(69888K)
[32.780s][info][gc,heap        ] GC(126) Tenured: 40599K(1398144K)->40599K(1398144K)
[32.780s][info][gc,metaspace   ] GC(126) Metaspace: 72966K(73728K)->72966K(73728K) NonClass: 57824K(58176K)->57824K(58176K) Class: 15141K(15552K)->15141K(15552K)
[32.780s][info][gc             ] GC(126) Pause Young (Allocation Failure) 587M->40M(1980M) 4.125ms
[32.780s][info][gc,cpu         ] GC(126) User=0.00s Sys=0.00s Real=0.00s
[33.148s][info][gc,start       ] GC(127) Pause Young (Allocation Failure)
[33.152s][info][gc,heap        ] GC(127) DefNew: 560902K(629440K)->1362K(629440K) Eden: 559552K(559552K)->0K(559552K) From: 1350K(69888K)->1362K(69888K)
[33.152s][info][gc,heap        ] GC(127) Tenured: 40599K(1398144K)->40599K(1398144K)
[33.152s][info][gc,metaspace   ] GC(127) Metaspace: 72966K(73728K)->72966K(73728K) NonClass: 57824K(58176K)->57824K(58176K) Class: 15141K(15552K)->15141K(15552K)
[33.152s][info][gc             ] GC(127) Pause Young (Allocation Failure) 587M->40M(1980M) 4.199ms
[33.152s][info][gc,cpu         ] GC(127) User=0.00s Sys=0.00s Real=0.00s
[33.516s][info][gc,start       ] GC(128) Pause Young (Allocation Failure)
[33.520s][info][gc,heap        ] GC(128) DefNew: 560914K(629440K)->1370K(629440K) Eden: 559552K(559552K)->0K(559552K) From: 1362K(69888K)->1370K(69888K)
[33.520s][info][gc,heap        ] GC(128) Tenured: 40599K(1398144K)->40615K(1398144K)
[33.520s][info][gc,metaspace   ] GC(128) Metaspace: 72966K(73728K)->72966K(73728K) NonClass: 57824K(58176K)->57824K(58176K) Class: 15141K(15552K)->15141K(15552K)
[33.520s][info][gc             ] GC(128) Pause Young (Allocation Failure) 587M->41M(1980M) 4.185ms
[33.520s][info][gc,cpu         ] GC(128) User=0.00s Sys=0.00s Real=0.00s
[33.797s][info][gc,start       ] GC(129) Pause Full (System.gc())
[33.797s][info][gc,phases,start] GC(129) Phase 1: Mark live objects
[33.849s][info][gc,phases      ] GC(129) Phase 1: Mark live objects 51.581ms
[33.849s][info][gc,phases,start] GC(129) Phase 2: Compute new object addresses
[33.980s][info][gc,phases      ] GC(129) Phase 2: Compute new object addresses 130.573ms
[33.980s][info][gc,phases,start] GC(129) Phase 3: Adjust pointers
[34.005s][info][gc,phases      ] GC(129) Phase 3: Adjust pointers 25.620ms
[34.005s][info][gc,phases,start] GC(129) Phase 4: Move objects
[34.007s][info][gc,phases      ] GC(129) Phase 4: Move objects 1.390ms
[34.007s][info][gc,heap        ] GC(129) DefNew: 327581K(629440K)->0K(629440K) Eden: 326211K(559552K)->0K(559552K) From: 1370K(69888K)->0K(69888K)
[34.007s][info][gc,heap        ] GC(129) Tenured: 40615K(1398144K)->41840K(1398144K)
[34.007s][info][gc,metaspace   ] GC(129) Metaspace: 72979K(73728K)->72979K(73728K) NonClass: 57837K(58176K)->57837K(58176K) Class: 15141K(15552K)->15141K(15552K)
[34.007s][info][gc             ] GC(129) Pause Full (System.gc()) 359M->40M(1980M) 210.129ms
[34.007s][info][gc,cpu         ] GC(129) User=0.22s Sys=0.00s Real=0.21s
[34.180s][info][gc,start       ] GC(130) Pause Young (Allocation Failure)
[34.197s][info][gc,heap        ] GC(130) DefNew: 559552K(629440K)->3497K(629440K) Eden: 559552K(559552K)->0K(559552K) From: 0K(69888K)->3497K(69888K)
[34.197s][info][gc,heap        ] GC(130) Tenured: 41840K(1398144K)->41840K(1398144K)
[34.197s][info][gc,metaspace   ] GC(130) Metaspace: 73104K(73856K)->73104K(73856K) NonClass: 57962K(58304K)->57962K(58304K) Class: 15142K(15552K)->15142K(15552K)
[34.197s][info][gc             ] GC(130) Pause Young (Allocation Failure) 587M->44M(1980M) 17.259ms
[34.197s][info][gc,cpu         ] GC(130) User=0.02s Sys=0.00s Real=0.02s
[34.338s][info][gc,start       ] GC(131) Pause Young (Allocation Failure)
[34.351s][info][gc,heap        ] GC(131) DefNew: 563049K(629440K)->3521K(629440K) Eden: 559552K(559552K)->0K(559552K) From: 3497K(69888K)->3521K(69888K)
[34.351s][info][gc,heap        ] GC(131) Tenured: 41840K(1398144K)->41840K(1398144K)
[34.351s][info][gc,metaspace   ] GC(131) Metaspace: 73104K(73856K)->73104K(73856K) NonClass: 57962K(58304K)->57962K(58304K) Class: 15142K(15552K)->15142K(15552K)
[34.351s][info][gc             ] GC(131) Pause Young (Allocation Failure) 590M->44M(1980M) 13.633ms
[34.351s][info][gc,cpu         ] GC(131) User=0.02s Sys=0.00s Real=0.01s
[34.490s][info][gc,start       ] GC(132) Pause Young (Allocation Failure)
[34.502s][info][gc,heap        ] GC(132) DefNew: 563073K(629440K)->3518K(629440K) Eden: 559552K(559552K)->0K(559552K) From: 3521K(69888K)->3518K(69888K)
[34.502s][info][gc,heap        ] GC(132) Tenured: 41840K(1398144K)->41840K(1398144K)
[34.502s][info][gc,metaspace   ] GC(132) Metaspace: 73104K(73856K)->73104K(73856K) NonClass: 57962K(58304K)->57962K(58304K) Class: 15142K(15552K)->15142K(15552K)
[34.502s][info][gc             ] GC(132) Pause Young (Allocation Failure) 590M->44M(1980M) 12.841ms
[34.502s][info][gc,cpu         ] GC(132) User=0.02s Sys=0.00s Real=0.01s
[34.640s][info][gc,start       ] GC(133) Pause Young (Allocation Failure)
[34.652s][info][gc,heap        ] GC(133) DefNew: 563070K(629440K)->3434K(629440K) Eden: 559552K(559552K)->0K(559552K) From: 3518K(69888K)->3434K(69888K)
[34.652s][info][gc,heap        ] GC(133) Tenured: 41840K(1398144K)->41840K(1398144K)
[34.652s][info][gc,metaspace   ] GC(133) Metaspace: 73104K(73856K)->73104K(73856K) NonClass: 57962K(58304K)->57962K(58304K) Class: 15142K(15552K)->15142K(15552K)
[34.652s][info][gc             ] GC(133) Pause Young (Allocation Failure) 590M->44M(1980M) 12.245ms
[34.652s][info][gc,cpu         ] GC(133) User=0.00s Sys=0.00s Real=0.00s
[34.791s][info][gc,start       ] GC(134) Pause Young (Allocation Failure)
[34.802s][info][gc,heap        ] GC(134) DefNew: 562986K(629440K)->3451K(629440K) Eden: 559552K(559552K)->0K(559552K) From: 3434K(69888K)->3451K(69888K)
[34.802s][info][gc,heap        ] GC(134) Tenured: 41840K(1398144K)->41840K(1398144K)
[34.802s][info][gc,metaspace   ] GC(134) Metaspace: 73104K(73856K)->73104K(73856K) NonClass: 57962K(58304K)->57962K(58304K) Class: 15142K(15552K)->15142K(15552K)
[34.802s][info][gc             ] GC(134) Pause Young (Allocation Failure) 590M->44M(1980M) 11.938ms
[34.803s][info][gc,cpu         ] GC(134) User=0.00s Sys=0.00s Real=0.00s
[34.942s][info][gc,start       ] GC(135) Pause Young (Allocation Failure)
[34.955s][info][gc,heap        ] GC(135) DefNew: 563003K(629440K)->3457K(629440K) Eden: 559552K(559552K)->0K(559552K) From: 3451K(69888K)->3457K(69888K)
[34.955s][info][gc,heap        ] GC(135) Tenured: 41840K(1398144K)->41840K(1398144K)
[34.955s][info][gc,metaspace   ] GC(135) Metaspace: 73104K(73856K)->73104K(73856K) NonClass: 57962K(58304K)->57962K(58304K) Class: 15142K(15552K)->15142K(15552K)
[34.955s][info][gc             ] GC(135) Pause Young (Allocation Failure) 590M->44M(1980M) 12.513ms
[34.955s][info][gc,cpu         ] GC(135) User=0.02s Sys=0.00s Real=0.01s
[35.092s][info][gc,start       ] GC(136) Pause Young (Allocation Failure)
[35.104s][info][gc,heap        ] GC(136) DefNew: 563009K(629440K)->3420K(629440K) Eden: 559552K(559552K)->0K(559552K) From: 3457K(69888K)->3420K(69888K)
[35.104s][info][gc,heap        ] GC(136) Tenured: 41840K(1398144K)->41840K(1398144K)
[35.104s][info][gc,metaspace   ] GC(136) Metaspace: 73104K(73856K)->73104K(73856K) NonClass: 57962K(58304K)->57962K(58304K) Class: 15142K(15552K)->15142K(15552K)
[35.104s][info][gc             ] GC(136) Pause Young (Allocation Failure) 590M->44M(1980M) 11.978ms
[35.104s][info][gc,cpu         ] GC(136) User=0.00s Sys=0.00s Real=0.00s
[35.243s][info][gc,start       ] GC(137) Pause Young (Allocation Failure)
[35.255s][info][gc,heap        ] GC(137) DefNew: 562972K(629440K)->3474K(629440K) Eden: 559552K(559552K)->0K(559552K) From: 3420K(69888K)->3474K(69888K)
[35.255s][info][gc,heap        ] GC(137) Tenured: 41840K(1398144K)->41840K(1398144K)
[35.255s][info][gc,metaspace   ] GC(137) Metaspace: 73104K(73856K)->73104K(73856K) NonClass: 57962K(58304K)->57962K(58304K) Class: 15142K(15552K)->15142K(15552K)
[35.255s][info][gc             ] GC(137) Pause Young (Allocation Failure) 590M->44M(1980M) 12.419ms
[35.255s][info][gc,cpu         ] GC(137) User=0.00s Sys=0.00s Real=0.00s
[35.394s][info][gc,start       ] GC(138) Pause Young (Allocation Failure)
[35.407s][info][gc,heap        ] GC(138) DefNew: 563026K(629440K)->3504K(629440K) Eden: 559552K(559552K)->0K(559552K) From: 3474K(69888K)->3504K(69888K)
[35.407s][info][gc,heap        ] GC(138) Tenured: 41840K(1398144K)->41840K(1398144K)
[35.407s][info][gc,metaspace   ] GC(138) Metaspace: 73104K(73856K)->73104K(73856K) NonClass: 57962K(58304K)->57962K(58304K) Class: 15142K(15552K)->15142K(15552K)
[35.407s][info][gc             ] GC(138) Pause Young (Allocation Failure) 590M->44M(1980M) 13.550ms
[35.407s][info][gc,cpu         ] GC(138) User=0.00s Sys=0.00s Real=0.00s
[35.549s][info][gc,start       ] GC(139) Pause Young (Allocation Failure)
[35.562s][info][gc,heap        ] GC(139) DefNew: 563056K(629440K)->3489K(629440K) Eden: 559552K(559552K)->0K(559552K) From: 3504K(69888K)->3489K(69888K)
[35.562s][info][gc,heap        ] GC(139) Tenured: 41840K(1398144K)->41840K(1398144K)
[35.562s][info][gc,metaspace   ] GC(139) Metaspace: 73104K(73856K)->73104K(73856K) NonClass: 57962K(58304K)->57962K(58304K) Class: 15142K(15552K)->15142K(15552K)
[35.562s][info][gc             ] GC(139) Pause Young (Allocation Failure) 590M->44M(1980M) 12.995ms
[35.562s][info][gc,cpu         ] GC(139) User=0.00s Sys=0.00s Real=0.00s
[35.703s][info][gc,start       ] GC(140) Pause Young (Allocation Failure)
[35.716s][info][gc,heap        ] GC(140) DefNew: 563041K(629440K)->3467K(629440K) Eden: 559552K(559552K)->0K(559552K) From: 3489K(69888K)->3467K(69888K)
[35.716s][info][gc,heap        ] GC(140) Tenured: 41840K(1398144K)->41840K(1398144K)
[35.716s][info][gc,metaspace   ] GC(140) Metaspace: 73104K(73856K)->73104K(73856K) NonClass: 57962K(58304K)->57962K(58304K) Class: 15142K(15552K)->15142K(15552K)
[35.716s][info][gc             ] GC(140) Pause Young (Allocation Failure) 590M->44M(1980M) 13.531ms
[35.716s][info][gc,cpu         ] GC(140) User=0.00s Sys=0.00s Real=0.00s
[35.856s][info][gc,start       ] GC(141) Pause Young (Allocation Failure)
[35.869s][info][gc,heap        ] GC(141) DefNew: 563019K(629440K)->3506K(629440K) Eden: 559552K(559552K)->0K(559552K) From: 3467K(69888K)->3506K(69888K)
[35.869s][info][gc,heap        ] GC(141) Tenured: 41840K(1398144K)->41840K(1398144K)
[35.869s][info][gc,metaspace   ] GC(141) Metaspace: 73104K(73856K)->73104K(73856K) NonClass: 57962K(58304K)->57962K(58304K) Class: 15142K(15552K)->15142K(15552K)
[35.869s][info][gc             ] GC(141) Pause Young (Allocation Failure) 590M->44M(1980M) 12.905ms
[35.869s][info][gc,cpu         ] GC(141) User=0.00s Sys=0.00s Real=0.00s
[36.008s][info][gc,start       ] GC(142) Pause Young (Allocation Failure)
[36.021s][info][gc,heap        ] GC(142) DefNew: 563058K(629440K)->3513K(629440K) Eden: 559552K(559552K)->0K(559552K) From: 3506K(69888K)->3513K(69888K)
[36.021s][info][gc,heap        ] GC(142) Tenured: 41840K(1398144K)->41840K(1398144K)
[36.021s][info][gc,metaspace   ] GC(142) Metaspace: 73104K(73856K)->73104K(73856K) NonClass: 57962K(58304K)->57962K(58304K) Class: 15142K(15552K)->15142K(15552K)
[36.021s][info][gc             ] GC(142) Pause Young (Allocation Failure) 590M->44M(1980M) 12.808ms
[36.021s][info][gc,cpu         ] GC(142) User=0.02s Sys=0.00s Real=0.01s
[36.159s][info][gc,start       ] GC(143) Pause Young (Allocation Failure)
[36.171s][info][gc,heap        ] GC(143) DefNew: 563065K(629440K)->3490K(629440K) Eden: 559552K(559552K)->0K(559552K) From: 3513K(69888K)->3490K(69888K)
[36.171s][info][gc,heap        ] GC(143) Tenured: 41840K(1398144K)->41840K(1398144K)
[36.171s][info][gc,metaspace   ] GC(143) Metaspace: 73104K(73856K)->73104K(73856K) NonClass: 57962K(58304K)->57962K(58304K) Class: 15142K(15552K)->15142K(15552K)
[36.171s][info][gc             ] GC(143) Pause Young (Allocation Failure) 590M->44M(1980M) 12.434ms
[36.171s][info][gc,cpu         ] GC(143) User=0.02s Sys=0.00s Real=0.01s
[36.309s][info][gc,start       ] GC(144) Pause Young (Allocation Failure)
[36.323s][info][gc,heap        ] GC(144) DefNew: 563042K(629440K)->3469K(629440K) Eden: 559552K(559552K)->0K(559552K) From: 3490K(69888K)->3469K(69888K)
[36.323s][info][gc,heap        ] GC(144) Tenured: 41840K(1398144K)->41840K(1398144K)
[36.323s][info][gc,metaspace   ] GC(144) Metaspace: 73104K(73856K)->73104K(73856K) NonClass: 57962K(58304K)->57962K(58304K) Class: 15142K(15552K)->15142K(15552K)
[36.323s][info][gc             ] GC(144) Pause Young (Allocation Failure) 590M->44M(1980M) 13.389ms
[36.323s][info][gc,cpu         ] GC(144) User=0.00s Sys=0.00s Real=0.00s
[36.461s][info][gc,start       ] GC(145) Pause Young (Allocation Failure)
[36.476s][info][gc,heap        ] GC(145) DefNew: 563021K(629440K)->1442K(629440K) Eden: 559552K(559552K)->0K(559552K) From: 3469K(69888K)->1442K(69888K)
[36.476s][info][gc,heap        ] GC(145) Tenured: 41840K(1398144K)->43880K(1398144K)
[36.476s][info][gc,metaspace   ] GC(145) Metaspace: 73104K(73856K)->73104K(73856K) NonClass: 57962K(58304K)->57962K(58304K) Class: 15142K(15552K)->15142K(15552K)
[36.476s][info][gc             ] GC(145) Pause Young (Allocation Failure) 590M->44M(1980M) 14.857ms
[36.476s][info][gc,cpu         ] GC(145) User=0.00s Sys=0.00s Real=0.00s
[36.620s][info][gc,start       ] GC(146) Pause Young (Allocation Failure)
[36.629s][info][gc,heap        ] GC(146) DefNew: 560994K(629440K)->1492K(629440K) Eden: 559552K(559552K)->0K(559552K) From: 1442K(69888K)->1492K(69888K)
[36.629s][info][gc,heap        ] GC(146) Tenured: 43880K(1398144K)->43896K(1398144K)
[36.629s][info][gc,metaspace   ] GC(146) Metaspace: 73113K(73856K)->73113K(73856K) NonClass: 57971K(58304K)->57971K(58304K) Class: 15142K(15552K)->15142K(15552K)
[36.630s][info][gc             ] GC(146) Pause Young (Allocation Failure) 590M->44M(1980M) 9.898ms
[36.630s][info][gc,cpu         ] GC(146) User=0.02s Sys=0.00s Real=0.01s
[36.771s][info][gc,start       ] GC(147) Pause Young (Allocation Failure)
[36.780s][info][gc,heap        ] GC(147) DefNew: 561044K(629440K)->1509K(629440K) Eden: 559552K(559552K)->0K(559552K) From: 1492K(69888K)->1509K(69888K)
[36.780s][info][gc,heap        ] GC(147) Tenured: 43896K(1398144K)->43896K(1398144K)
[36.780s][info][gc,metaspace   ] GC(147) Metaspace: 73113K(73856K)->73113K(73856K) NonClass: 57971K(58304K)->57971K(58304K) Class: 15142K(15552K)->15142K(15552K)
[36.780s][info][gc             ] GC(147) Pause Young (Allocation Failure) 590M->44M(1980M) 9.347ms
[36.780s][info][gc,cpu         ] GC(147) User=0.02s Sys=0.00s Real=0.01s
[36.919s][info][gc,start       ] GC(148) Pause Young (Allocation Failure)
[36.927s][info][gc,heap        ] GC(148) DefNew: 561061K(629440K)->1450K(629440K) Eden: 559552K(559552K)->0K(559552K) From: 1509K(69888K)->1450K(69888K)
[36.927s][info][gc,heap        ] GC(148) Tenured: 43896K(1398144K)->43896K(1398144K)
[36.927s][info][gc,metaspace   ] GC(148) Metaspace: 73113K(73856K)->73113K(73856K) NonClass: 57971K(58304K)->57971K(58304K) Class: 15142K(15552K)->15142K(15552K)
[36.927s][info][gc             ] GC(148) Pause Young (Allocation Failure) 590M->44M(1980M) 8.553ms
[36.927s][info][gc,cpu         ] GC(148) User=0.02s Sys=0.00s Real=0.01s
[37.066s][info][gc,start       ] GC(149) Pause Young (Allocation Failure)
[37.074s][info][gc,heap        ] GC(149) DefNew: 561002K(629440K)->1438K(629440K) Eden: 559552K(559552K)->0K(559552K) From: 1450K(69888K)->1438K(69888K)
[37.074s][info][gc,heap        ] GC(149) Tenured: 43896K(1398144K)->43896K(1398144K)
[37.074s][info][gc,metaspace   ] GC(149) Metaspace: 73113K(73856K)->73113K(73856K) NonClass: 57971K(58304K)->57971K(58304K) Class: 15142K(15552K)->15142K(15552K)
[37.074s][info][gc             ] GC(149) Pause Young (Allocation Failure) 590M->44M(1980M) 8.515ms
[37.074s][info][gc,cpu         ] GC(149) User=0.00s Sys=0.00s Real=0.01s
[37.214s][info][gc,start       ] GC(150) Pause Young (Allocation Failure)
[37.222s][info][gc,heap        ] GC(150) DefNew: 560990K(629440K)->1425K(629440K) Eden: 559552K(559552K)->0K(559552K) From: 1438K(69888K)->1425K(69888K)
[37.222s][info][gc,heap        ] GC(150) Tenured: 43896K(1398144K)->43896K(1398144K)
[37.222s][info][gc,metaspace   ] GC(150) Metaspace: 73113K(73856K)->73113K(73856K) NonClass: 57971K(58304K)->57971K(58304K) Class: 15142K(15552K)->15142K(15552K)
[37.222s][info][gc             ] GC(150) Pause Young (Allocation Failure) 590M->44M(1980M) 8.570ms
[37.222s][info][gc,cpu         ] GC(150) User=0.02s Sys=0.00s Real=0.01s
[37.373s][info][gc,start       ] GC(151) Pause Young (Allocation Failure)
[37.384s][info][gc,heap        ] GC(151) DefNew: 560977K(629440K)->1463K(629440K) Eden: 559552K(559552K)->0K(559552K) From: 1425K(69888K)->1463K(69888K)
[37.384s][info][gc,heap        ] GC(151) Tenured: 43896K(1398144K)->43896K(1398144K)
[37.384s][info][gc,metaspace   ] GC(151) Metaspace: 73114K(73856K)->73114K(73856K) NonClass: 57971K(58304K)->57971K(58304K) Class: 15142K(15552K)->15142K(15552K)
[37.384s][info][gc             ] GC(151) Pause Young (Allocation Failure) 590M->44M(1980M) 11.958ms
[37.385s][info][gc,cpu         ] GC(151) User=0.02s Sys=0.00s Real=0.01s
[37.531s][info][gc,start       ] GC(152) Pause Young (Allocation Failure)
[37.540s][info][gc,heap        ] GC(152) DefNew: 561015K(629440K)->1493K(629440K) Eden: 559552K(559552K)->0K(559552K) From: 1463K(69888K)->1493K(69888K)
[37.540s][info][gc,heap        ] GC(152) Tenured: 43896K(1398144K)->43896K(1398144K)
[37.540s][info][gc,metaspace   ] GC(152) Metaspace: 73114K(73856K)->73114K(73856K) NonClass: 57971K(58304K)->57971K(58304K) Class: 15142K(15552K)->15142K(15552K)
[37.540s][info][gc             ] GC(152) Pause Young (Allocation Failure) 590M->44M(1980M) 8.951ms
[37.540s][info][gc,cpu         ] GC(152) User=0.00s Sys=0.00s Real=0.01s
[37.685s][info][gc,start       ] GC(153) Pause Young (Allocation Failure)
[37.696s][info][gc,heap        ] GC(153) DefNew: 561045K(629440K)->1505K(629440K) Eden: 559552K(559552K)->0K(559552K) From: 1493K(69888K)->1505K(69888K)
[37.696s][info][gc,heap        ] GC(153) Tenured: 43896K(1398144K)->43914K(1398144K)
[37.696s][info][gc,metaspace   ] GC(153) Metaspace: 73114K(73856K)->73114K(73856K) NonClass: 57971K(58304K)->57971K(58304K) Class: 15142K(15552K)->15142K(15552K)
[37.696s][info][gc             ] GC(153) Pause Young (Allocation Failure) 590M->44M(1980M) 10.919ms
[37.696s][info][gc,cpu         ] GC(153) User=0.02s Sys=0.00s Real=0.01s
[37.854s][info][gc,start       ] GC(154) Pause Young (Allocation Failure)
[37.865s][info][gc,heap        ] GC(154) DefNew: 561057K(629440K)->1482K(629440K) Eden: 559552K(559552K)->0K(559552K) From: 1505K(69888K)->1482K(69888K)
[37.865s][info][gc,heap        ] GC(154) Tenured: 43914K(1398144K)->43915K(1398144K)
[37.865s][info][gc,metaspace   ] GC(154) Metaspace: 73114K(73856K)->73114K(73856K) NonClass: 57971K(58304K)->57971K(58304K) Class: 15142K(15552K)->15142K(15552K)
[37.865s][info][gc             ] GC(154) Pause Young (Allocation Failure) 590M->44M(1980M) 10.980ms
[37.865s][info][gc,cpu         ] GC(154) User=0.02s Sys=0.00s Real=0.01s
[38.010s][info][gc,start       ] GC(155) Pause Young (Allocation Failure)
[38.018s][info][gc,heap        ] GC(155) DefNew: 561034K(629440K)->1459K(629440K) Eden: 559552K(559552K)->0K(559552K) From: 1482K(69888K)->1459K(69888K)
[38.018s][info][gc,heap        ] GC(155) Tenured: 43915K(1398144K)->43915K(1398144K)
[38.018s][info][gc,metaspace   ] GC(155) Metaspace: 73114K(73856K)->73114K(73856K) NonClass: 57971K(58304K)->57971K(58304K) Class: 15142K(15552K)->15142K(15552K)
[38.018s][info][gc             ] GC(155) Pause Young (Allocation Failure) 590M->44M(1980M) 8.431ms
[38.018s][info][gc,cpu         ] GC(155) User=0.02s Sys=0.00s Real=0.01s
[38.161s][info][gc,start       ] GC(156) Pause Young (Allocation Failure)
[38.170s][info][gc,heap        ] GC(156) DefNew: 561011K(629440K)->1479K(629440K) Eden: 559552K(559552K)->0K(559552K) From: 1459K(69888K)->1479K(69888K)
[38.170s][info][gc,heap        ] GC(156) Tenured: 43915K(1398144K)->43915K(1398144K)
[38.170s][info][gc,metaspace   ] GC(156) Metaspace: 73114K(73856K)->73114K(73856K) NonClass: 57971K(58304K)->57971K(58304K) Class: 15142K(15552K)->15142K(15552K)
[38.170s][info][gc             ] GC(156) Pause Young (Allocation Failure) 590M->44M(1980M) 8.859ms
[38.170s][info][gc,cpu         ] GC(156) User=0.02s Sys=0.00s Real=0.01s
[38.314s][info][gc,start       ] GC(157) Pause Young (Allocation Failure)
[38.322s][info][gc,heap        ] GC(157) DefNew: 561031K(629440K)->1474K(629440K) Eden: 559552K(559552K)->0K(559552K) From: 1479K(69888K)->1474K(69888K)
[38.322s][info][gc,heap        ] GC(157) Tenured: 43915K(1398144K)->43915K(1398144K)
[38.322s][info][gc,metaspace   ] GC(157) Metaspace: 73114K(73856K)->73114K(73856K) NonClass: 57971K(58304K)->57971K(58304K) Class: 15142K(15552K)->15142K(15552K)
[38.322s][info][gc             ] GC(157) Pause Young (Allocation Failure) 590M->44M(1980M) 8.416ms
[38.322s][info][gc,cpu         ] GC(157) User=0.00s Sys=0.00s Real=0.01s
[38.463s][info][gc,start       ] GC(158) Pause Young (Allocation Failure)
[38.472s][info][gc,heap        ] GC(158) DefNew: 561026K(629440K)->1493K(629440K) Eden: 559552K(559552K)->0K(559552K) From: 1474K(69888K)->1493K(69888K)
[38.472s][info][gc,heap        ] GC(158) Tenured: 43915K(1398144K)->43915K(1398144K)
[38.472s][info][gc,metaspace   ] GC(158) Metaspace: 73114K(73856K)->73114K(73856K) NonClass: 57971K(58304K)->57971K(58304K) Class: 15142K(15552K)->15142K(15552K)
[38.472s][info][gc             ] GC(158) Pause Young (Allocation Failure) 590M->44M(1980M) 8.952ms
[38.472s][info][gc,cpu         ] GC(158) User=0.02s Sys=0.00s Real=0.01s
[38.614s][info][gc,start       ] GC(159) Pause Young (Allocation Failure)
[38.624s][info][gc,heap        ] GC(159) DefNew: 561045K(629440K)->1522K(629440K) Eden: 559552K(559552K)->0K(559552K) From: 1493K(69888K)->1522K(69888K)
[38.624s][info][gc,heap        ] GC(159) Tenured: 43915K(1398144K)->43915K(1398144K)
[38.624s][info][gc,metaspace   ] GC(159) Metaspace: 73114K(73856K)->73114K(73856K) NonClass: 57971K(58304K)->57971K(58304K) Class: 15142K(15552K)->15142K(15552K)
[38.625s][info][gc             ] GC(159) Pause Young (Allocation Failure) 590M->44M(1980M) 10.787ms
[38.625s][info][gc,cpu         ] GC(159) User=0.02s Sys=0.00s Real=0.01s
[38.770s][info][gc,start       ] GC(160) Pause Young (Allocation Failure)
[38.780s][info][gc,heap        ] GC(160) DefNew: 561074K(629440K)->1442K(629440K) Eden: 559552K(559552K)->0K(559552K) From: 1522K(69888K)->1442K(69888K)
[38.780s][info][gc,heap        ] GC(160) Tenured: 43915K(1398144K)->43931K(1398144K)
[38.780s][info][gc,metaspace   ] GC(160) Metaspace: 73114K(73856K)->73114K(73856K) NonClass: 57971K(58304K)->57971K(58304K) Class: 15142K(15552K)->15142K(15552K)
[38.781s][info][gc             ] GC(160) Pause Young (Allocation Failure) 590M->44M(1980M) 10.951ms
[38.781s][info][gc,cpu         ] GC(160) User=0.02s Sys=0.00s Real=0.01s
[38.930s][info][gc,start       ] GC(161) Pause Young (Allocation Failure)
[38.939s][info][gc,heap        ] GC(161) DefNew: 560994K(629440K)->1458K(629440K) Eden: 559552K(559552K)->0K(559552K) From: 1442K(69888K)->1458K(69888K)
[38.940s][info][gc,heap        ] GC(161) Tenured: 43931K(1398144K)->43969K(1398144K)
[38.940s][info][gc,metaspace   ] GC(161) Metaspace: 73139K(73920K)->73139K(73920K) NonClass: 57997K(58368K)->57997K(58368K) Class: 15142K(15552K)->15142K(15552K)
[38.940s][info][gc             ] GC(161) Pause Young (Allocation Failure) 590M->44M(1980M) 9.358ms
[38.940s][info][gc,cpu         ] GC(161) User=0.02s Sys=0.00s Real=0.01s
[39.084s][info][gc,start       ] GC(162) Pause Young (Allocation Failure)
[39.093s][info][gc,heap        ] GC(162) DefNew: 561010K(629440K)->1546K(629440K) Eden: 559552K(559552K)->0K(559552K) From: 1458K(69888K)->1546K(69888K)
[39.093s][info][gc,heap        ] GC(162) Tenured: 43969K(1398144K)->43969K(1398144K)
[39.093s][info][gc,metaspace   ] GC(162) Metaspace: 73140K(73920K)->73140K(73920K) NonClass: 57998K(58368K)->57998K(58368K) Class: 15142K(15552K)->15142K(15552K)
[39.093s][info][gc             ] GC(162) Pause Young (Allocation Failure) 590M->44M(1980M) 9.153ms
[39.093s][info][gc,cpu         ] GC(162) User=0.02s Sys=0.00s Real=0.01s
[39.240s][info][gc,start       ] GC(163) Pause Young (Allocation Failure)
[39.249s][info][gc,heap        ] GC(163) DefNew: 561098K(629440K)->1477K(629440K) Eden: 559552K(559552K)->0K(559552K) From: 1546K(69888K)->1477K(69888K)
[39.249s][info][gc,heap        ] GC(163) Tenured: 43969K(1398144K)->43969K(1398144K)
[39.249s][info][gc,metaspace   ] GC(163) Metaspace: 73141K(73920K)->73141K(73920K) NonClass: 57998K(58368K)->57998K(58368K) Class: 15142K(15552K)->15142K(15552K)
[39.249s][info][gc             ] GC(163) Pause Young (Allocation Failure) 590M->44M(1980M) 9.437ms
[39.250s][info][gc,cpu         ] GC(163) User=0.02s Sys=0.00s Real=0.01s
[39.407s][info][gc,start       ] GC(164) Pause Young (Allocation Failure)
[39.415s][info][gc,heap        ] GC(164) DefNew: 561029K(629440K)->1527K(629440K) Eden: 559552K(559552K)->0K(559552K) From: 1477K(69888K)->1527K(69888K)
[39.415s][info][gc,heap        ] GC(164) Tenured: 43969K(1398144K)->43969K(1398144K)
[39.415s][info][gc,metaspace   ] GC(164) Metaspace: 73141K(73920K)->73141K(73920K) NonClass: 57998K(58368K)->57998K(58368K) Class: 15142K(15552K)->15142K(15552K)
[39.416s][info][gc             ] GC(164) Pause Young (Allocation Failure) 590M->44M(1980M) 8.129ms
[39.416s][info][gc,cpu         ] GC(164) User=0.00s Sys=0.00s Real=0.01s
[39.588s][info][gc,start       ] GC(165) Pause Young (Allocation Failure)
[39.595s][info][gc,heap        ] GC(165) DefNew: 561079K(629440K)->1458K(629440K) Eden: 559552K(559552K)->0K(559552K) From: 1527K(69888K)->1458K(69888K)
[39.595s][info][gc,heap        ] GC(165) Tenured: 43969K(1398144K)->43969K(1398144K)
[39.595s][info][gc,metaspace   ] GC(165) Metaspace: 73141K(73920K)->73141K(73920K) NonClass: 57998K(58368K)->57998K(58368K) Class: 15142K(15552K)->15142K(15552K)
[39.595s][info][gc             ] GC(165) Pause Young (Allocation Failure) 590M->44M(1980M) 6.879ms
[39.595s][info][gc,cpu         ] GC(165) User=0.02s Sys=0.00s Real=0.01s
[39.793s][info][gc,start       ] GC(166) Pause Young (Allocation Failure)
[39.799s][info][gc,heap        ] GC(166) DefNew: 561010K(629440K)->1436K(629440K) Eden: 559552K(559552K)->0K(559552K) From: 1458K(69888K)->1436K(69888K)
[39.799s][info][gc,heap        ] GC(166) Tenured: 43969K(1398144K)->43985K(1398144K)
[39.799s][info][gc,metaspace   ] GC(166) Metaspace: 73141K(73920K)->73141K(73920K) NonClass: 57998K(58368K)->57998K(58368K) Class: 15142K(15552K)->15142K(15552K)
[39.800s][info][gc             ] GC(166) Pause Young (Allocation Failure) 590M->44M(1980M) 6.423ms
[39.800s][info][gc,cpu         ] GC(166) User=0.02s Sys=0.00s Real=0.01s
[40.032s][info][gc,start       ] GC(167) Pause Young (Allocation Failure)
[40.037s][info][gc,heap        ] GC(167) DefNew: 560988K(629440K)->1389K(629440K) Eden: 559552K(559552K)->0K(559552K) From: 1436K(69888K)->1389K(69888K)
[40.037s][info][gc,heap        ] GC(167) Tenured: 43985K(1398144K)->43985K(1398144K)
[40.037s][info][gc,metaspace   ] GC(167) Metaspace: 73141K(73920K)->73141K(73920K) NonClass: 57998K(58368K)->57998K(58368K) Class: 15142K(15552K)->15142K(15552K)
[40.038s][info][gc             ] GC(167) Pause Young (Allocation Failure) 590M->44M(1980M) 5.311ms
[40.038s][info][gc,cpu         ] GC(167) User=0.00s Sys=0.00s Real=0.01s
[40.288s][info][gc,start       ] GC(168) Pause Young (Allocation Failure)
[40.293s][info][gc,heap        ] GC(168) DefNew: 560941K(629440K)->1358K(629440K) Eden: 559552K(559552K)->0K(559552K) From: 1389K(69888K)->1358K(69888K)
[40.293s][info][gc,heap        ] GC(168) Tenured: 43985K(1398144K)->43985K(1398144K)
[40.293s][info][gc,metaspace   ] GC(168) Metaspace: 73141K(73920K)->73141K(73920K) NonClass: 57998K(58368K)->57998K(58368K) Class: 15142K(15552K)->15142K(15552K)
[40.293s][info][gc             ] GC(168) Pause Young (Allocation Failure) 590M->44M(1980M) 5.165ms
[40.293s][info][gc,cpu         ] GC(168) User=0.00s Sys=0.00s Real=0.01s
[40.642s][info][gc,start       ] GC(169) Pause Young (Allocation Failure)
[40.647s][info][gc,heap        ] GC(169) DefNew: 560910K(629440K)->1369K(629440K) Eden: 559552K(559552K)->0K(559552K) From: 1358K(69888K)->1369K(69888K)
[40.647s][info][gc,heap        ] GC(169) Tenured: 43985K(1398144K)->43985K(1398144K)
[40.647s][info][gc,metaspace   ] GC(169) Metaspace: 73142K(73920K)->73142K(73920K) NonClass: 58000K(58368K)->58000K(58368K) Class: 15142K(15552K)->15142K(15552K)
[40.647s][info][gc             ] GC(169) Pause Young (Allocation Failure) 590M->44M(1980M) 4.796ms
[40.647s][info][gc,cpu         ] GC(169) User=0.00s Sys=0.00s Real=0.00s
[41.014s][info][gc,start       ] GC(170) Pause Young (Allocation Failure)
[41.018s][info][gc,heap        ] GC(170) DefNew: 560921K(629440K)->1345K(629440K) Eden: 559552K(559552K)->0K(559552K) From: 1369K(69888K)->1345K(69888K)
[41.018s][info][gc,heap        ] GC(170) Tenured: 43985K(1398144K)->43985K(1398144K)
[41.018s][info][gc,metaspace   ] GC(170) Metaspace: 73142K(73920K)->73142K(73920K) NonClass: 58000K(58368K)->58000K(58368K) Class: 15142K(15552K)->15142K(15552K)
[41.018s][info][gc             ] GC(170) Pause Young (Allocation Failure) 590M->44M(1980M) 4.102ms
[41.018s][info][gc,cpu         ] GC(170) User=0.00s Sys=0.00s Real=0.00s
[41.267s][info][gc,start       ] GC(171) Pause Full (System.gc())
[41.267s][info][gc,phases,start] GC(171) Phase 1: Mark live objects
[41.315s][info][gc,phases      ] GC(171) Phase 1: Mark live objects 48.031ms
[41.315s][info][gc,phases,start] GC(171) Phase 2: Compute new object addresses
[41.431s][info][gc,phases      ] GC(171) Phase 2: Compute new object addresses 116.432ms
[41.431s][info][gc,phases,start] GC(171) Phase 3: Adjust pointers
[41.456s][info][gc,phases      ] GC(171) Phase 3: Adjust pointers 24.306ms
[41.459s][info][gc,phases,start] GC(171) Phase 4: Move objects
[41.461s][info][gc,phases      ] GC(171) Phase 4: Move objects 2.601ms
[41.462s][info][gc,heap        ] GC(171) DefNew: 321223K(629440K)->0K(629440K) Eden: 319878K(559552K)->0K(559552K) From: 1345K(69888K)->0K(69888K)
[41.462s][info][gc,heap        ] GC(171) Tenured: 43985K(1398144K)->45173K(1398144K)
[41.462s][info][gc,metaspace   ] GC(171) Metaspace: 73171K(73920K)->73171K(73920K) NonClass: 58029K(58368K)->58029K(58368K) Class: 15142K(15552K)->15142K(15552K)
[41.462s][info][gc             ] GC(171) Pause Full (System.gc()) 356M->44M(1980M) 195.606ms
[41.462s][info][gc,cpu         ] GC(171) User=0.19s Sys=0.00s Real=0.19s
[41.633s][info][gc,start       ] GC(172) Pause Young (Allocation Failure)
[41.648s][info][gc,heap        ] GC(172) DefNew: 559552K(629440K)->3544K(629440K) Eden: 559552K(559552K)->0K(559552K) From: 0K(69888K)->3544K(69888K)
[41.648s][info][gc,heap        ] GC(172) Tenured: 45173K(1398144K)->45173K(1398144K)
[41.648s][info][gc,metaspace   ] GC(172) Metaspace: 73284K(73984K)->73284K(73984K) NonClass: 58142K(58432K)->58142K(58432K) Class: 15142K(15552K)->15142K(15552K)
[41.649s][info][gc             ] GC(172) Pause Young (Allocation Failure) 590M->47M(1980M) 15.421ms
[41.649s][info][gc,cpu         ] GC(172) User=0.02s Sys=0.00s Real=0.02s
[41.788s][info][gc,start       ] GC(173) Pause Young (Allocation Failure)
[41.800s][info][gc,heap        ] GC(173) DefNew: 563096K(629440K)->3529K(629440K) Eden: 559552K(559552K)->0K(559552K) From: 3544K(69888K)->3529K(69888K)
[41.800s][info][gc,heap        ] GC(173) Tenured: 45173K(1398144K)->45173K(1398144K)
[41.801s][info][gc,metaspace   ] GC(173) Metaspace: 73284K(73984K)->73284K(73984K) NonClass: 58142K(58432K)->58142K(58432K) Class: 15142K(15552K)->15142K(15552K)
[41.801s][info][gc             ] GC(173) Pause Young (Allocation Failure) 594M->47M(1980M) 12.564ms
[41.801s][info][gc,cpu         ] GC(173) User=0.00s Sys=0.00s Real=0.00s
[41.938s][info][gc,start       ] GC(174) Pause Young (Allocation Failure)
[41.951s][info][gc,heap        ] GC(174) DefNew: 563081K(629440K)->3520K(629440K) Eden: 559552K(559552K)->0K(559552K) From: 3529K(69888K)->3520K(69888K)
[41.951s][info][gc,heap        ] GC(174) Tenured: 45173K(1398144K)->45173K(1398144K)
[41.951s][info][gc,metaspace   ] GC(174) Metaspace: 73284K(73984K)->73284K(73984K) NonClass: 58142K(58432K)->58142K(58432K) Class: 15142K(15552K)->15142K(15552K)
[41.951s][info][gc             ] GC(174) Pause Young (Allocation Failure) 593M->47M(1980M) 12.492ms
[41.951s][info][gc,cpu         ] GC(174) User=0.00s Sys=0.00s Real=0.00s
[42.089s][info][gc,start       ] GC(175) Pause Young (Allocation Failure)
[42.102s][info][gc,heap        ] GC(175) DefNew: 563072K(629440K)->3480K(629440K) Eden: 559552K(559552K)->0K(559552K) From: 3520K(69888K)->3480K(69888K)
[42.102s][info][gc,heap        ] GC(175) Tenured: 45173K(1398144K)->45173K(1398144K)
[42.102s][info][gc,metaspace   ] GC(175) Metaspace: 73284K(73984K)->73284K(73984K) NonClass: 58142K(58432K)->58142K(58432K) Class: 15142K(15552K)->15142K(15552K)
[42.102s][info][gc             ] GC(175) Pause Young (Allocation Failure) 593M->47M(1980M) 12.717ms
[42.102s][info][gc,cpu         ] GC(175) User=0.00s Sys=0.00s Real=0.00s
[42.241s][info][gc,start       ] GC(176) Pause Young (Allocation Failure)
[42.255s][info][gc,heap        ] GC(176) DefNew: 563032K(629440K)->3418K(629440K) Eden: 559552K(559552K)->0K(559552K) From: 3480K(69888K)->3418K(69888K)
[42.255s][info][gc,heap        ] GC(176) Tenured: 45173K(1398144K)->45173K(1398144K)
[42.255s][info][gc,metaspace   ] GC(176) Metaspace: 73284K(73984K)->73284K(73984K) NonClass: 58142K(58432K)->58142K(58432K) Class: 15142K(15552K)->15142K(15552K)
[42.255s][info][gc             ] GC(176) Pause Young (Allocation Failure) 593M->47M(1980M) 13.702ms
[42.255s][info][gc,cpu         ] GC(176) User=0.02s Sys=0.00s Real=0.01s
[42.394s][info][gc,start       ] GC(177) Pause Young (Allocation Failure)
[42.407s][info][gc,heap        ] GC(177) DefNew: 562970K(629440K)->3383K(629440K) Eden: 559552K(559552K)->0K(559552K) From: 3418K(69888K)->3383K(69888K)
[42.407s][info][gc,heap        ] GC(177) Tenured: 45173K(1398144K)->45173K(1398144K)
[42.407s][info][gc,metaspace   ] GC(177) Metaspace: 73284K(73984K)->73284K(73984K) NonClass: 58142K(58432K)->58142K(58432K) Class: 15142K(15552K)->15142K(15552K)
[42.407s][info][gc             ] GC(177) Pause Young (Allocation Failure) 593M->47M(1980M) 13.640ms
[42.407s][info][gc,cpu         ] GC(177) User=0.02s Sys=0.00s Real=0.01s
[42.548s][info][gc,start       ] GC(178) Pause Young (Allocation Failure)
[42.564s][info][gc,heap        ] GC(178) DefNew: 562935K(629440K)->3432K(629440K) Eden: 559552K(559552K)->0K(559552K) From: 3383K(69888K)->3432K(69888K)
[42.564s][info][gc,heap        ] GC(178) Tenured: 45173K(1398144K)->45173K(1398144K)
[42.564s][info][gc,metaspace   ] GC(178) Metaspace: 73284K(73984K)->73284K(73984K) NonClass: 58142K(58432K)->58142K(58432K) Class: 15142K(15552K)->15142K(15552K)
[42.564s][info][gc             ] GC(178) Pause Young (Allocation Failure) 593M->47M(1980M) 15.999ms
[42.564s][info][gc,cpu         ] GC(178) User=0.02s Sys=0.00s Real=0.02s
[42.704s][info][gc,start       ] GC(179) Pause Young (Allocation Failure)
[42.717s][info][gc,heap        ] GC(179) DefNew: 562984K(629440K)->3492K(629440K) Eden: 559552K(559552K)->0K(559552K) From: 3432K(69888K)->3492K(69888K)
[42.717s][info][gc,heap        ] GC(179) Tenured: 45173K(1398144K)->45173K(1398144K)
[42.717s][info][gc,metaspace   ] GC(179) Metaspace: 73284K(73984K)->73284K(73984K) NonClass: 58142K(58432K)->58142K(58432K) Class: 15142K(15552K)->15142K(15552K)
[42.717s][info][gc             ] GC(179) Pause Young (Allocation Failure) 593M->47M(1980M) 12.683ms
[42.717s][info][gc,cpu         ] GC(179) User=0.00s Sys=0.00s Real=0.00s
[42.856s][info][gc,start       ] GC(180) Pause Young (Allocation Failure)
[42.868s][info][gc,heap        ] GC(180) DefNew: 563044K(629440K)->3458K(629440K) Eden: 559552K(559552K)->0K(559552K) From: 3492K(69888K)->3458K(69888K)
[42.868s][info][gc,heap        ] GC(180) Tenured: 45173K(1398144K)->45173K(1398144K)
[42.868s][info][gc,metaspace   ] GC(180) Metaspace: 73284K(73984K)->73284K(73984K) NonClass: 58142K(58432K)->58142K(58432K) Class: 15142K(15552K)->15142K(15552K)
[42.868s][info][gc             ] GC(180) Pause Young (Allocation Failure) 593M->47M(1980M) 12.417ms
[42.868s][info][gc,cpu         ] GC(180) User=0.00s Sys=0.00s Real=0.00s
[43.008s][info][gc,start       ] GC(181) Pause Young (Allocation Failure)
[43.020s][info][gc,heap        ] GC(181) DefNew: 563010K(629440K)->3457K(629440K) Eden: 559552K(559552K)->0K(559552K) From: 3458K(69888K)->3457K(69888K)
[43.020s][info][gc,heap        ] GC(181) Tenured: 45173K(1398144K)->45173K(1398144K)
[43.020s][info][gc,metaspace   ] GC(181) Metaspace: 73284K(73984K)->73284K(73984K) NonClass: 58142K(58432K)->58142K(58432K) Class: 15142K(15552K)->15142K(15552K)
[43.020s][info][gc             ] GC(181) Pause Young (Allocation Failure) 593M->47M(1980M) 12.079ms
[43.020s][info][gc,cpu         ] GC(181) User=0.00s Sys=0.00s Real=0.00s
[43.160s][info][gc,start       ] GC(182) Pause Young (Allocation Failure)
[43.172s][info][gc,heap        ] GC(182) DefNew: 563009K(629440K)->3409K(629440K) Eden: 559552K(559552K)->0K(559552K) From: 3457K(69888K)->3409K(69888K)
[43.172s][info][gc,heap        ] GC(182) Tenured: 45173K(1398144K)->45173K(1398144K)
[43.172s][info][gc,metaspace   ] GC(182) Metaspace: 73284K(73984K)->73284K(73984K) NonClass: 58142K(58432K)->58142K(58432K) Class: 15142K(15552K)->15142K(15552K)
[43.172s][info][gc             ] GC(182) Pause Young (Allocation Failure) 593M->47M(1980M) 12.007ms
[43.172s][info][gc,cpu         ] GC(182) User=0.00s Sys=0.00s Real=0.00s
[43.314s][info][gc,start       ] GC(183) Pause Young (Allocation Failure)
[43.326s][info][gc,heap        ] GC(183) DefNew: 562961K(629440K)->3432K(629440K) Eden: 559552K(559552K)->0K(559552K) From: 3409K(69888K)->3432K(69888K)
[43.326s][info][gc,heap        ] GC(183) Tenured: 45173K(1398144K)->45173K(1398144K)
[43.326s][info][gc,metaspace   ] GC(183) Metaspace: 73284K(73984K)->73284K(73984K) NonClass: 58142K(58432K)->58142K(58432K) Class: 15142K(15552K)->15142K(15552K)
[43.326s][info][gc             ] GC(183) Pause Young (Allocation Failure) 593M->47M(1980M) 12.310ms
[43.326s][info][gc,cpu         ] GC(183) User=0.00s Sys=0.00s Real=0.00s
[43.464s][info][gc,start       ] GC(184) Pause Young (Allocation Failure)
[43.477s][info][gc,heap        ] GC(184) DefNew: 562984K(629440K)->3423K(629440K) Eden: 559552K(559552K)->0K(559552K) From: 3432K(69888K)->3423K(69888K)
[43.477s][info][gc,heap        ] GC(184) Tenured: 45173K(1398144K)->45173K(1398144K)
[43.477s][info][gc,metaspace   ] GC(184) Metaspace: 73284K(73984K)->73284K(73984K) NonClass: 58142K(58432K)->58142K(58432K) Class: 15142K(15552K)->15142K(15552K)
[43.477s][info][gc             ] GC(184) Pause Young (Allocation Failure) 593M->47M(1980M) 12.383ms
[43.477s][info][gc,cpu         ] GC(184) User=0.02s Sys=0.00s Real=0.01s
[43.615s][info][gc,start       ] GC(185) Pause Young (Allocation Failure)
[43.629s][info][gc,heap        ] GC(185) DefNew: 562975K(629440K)->3467K(629440K) Eden: 559552K(559552K)->0K(559552K) From: 3423K(69888K)->3467K(69888K)
[43.629s][info][gc,heap        ] GC(185) Tenured: 45173K(1398144K)->45173K(1398144K)
[43.629s][info][gc,metaspace   ] GC(185) Metaspace: 73284K(73984K)->73284K(73984K) NonClass: 58142K(58432K)->58142K(58432K) Class: 15142K(15552K)->15142K(15552K)
[43.629s][info][gc             ] GC(185) Pause Young (Allocation Failure) 593M->47M(1980M) 13.566ms
[43.629s][info][gc,cpu         ] GC(185) User=0.00s Sys=0.00s Real=0.00s
[43.767s][info][gc,start       ] GC(186) Pause Young (Allocation Failure)
[43.780s][info][gc,heap        ] GC(186) DefNew: 563019K(629440K)->3405K(629440K) Eden: 559552K(559552K)->0K(559552K) From: 3467K(69888K)->3405K(69888K)
[43.780s][info][gc,heap        ] GC(186) Tenured: 45173K(1398144K)->45173K(1398144K)
[43.780s][info][gc,metaspace   ] GC(186) Metaspace: 73284K(73984K)->73284K(73984K) NonClass: 58142K(58432K)->58142K(58432K) Class: 15142K(15552K)->15142K(15552K)
[43.780s][info][gc             ] GC(186) Pause Young (Allocation Failure) 593M->47M(1980M) 12.400ms
[43.780s][info][gc,cpu         ] GC(186) User=0.00s Sys=0.00s Real=0.00s
[43.919s][info][gc,start       ] GC(187) Pause Young (Allocation Failure)
[43.932s][info][gc,heap        ] GC(187) DefNew: 562957K(629440K)->1438K(629440K) Eden: 559552K(559552K)->0K(559552K) From: 3405K(69888K)->1438K(69888K)
[43.932s][info][gc,heap        ] GC(187) Tenured: 45173K(1398144K)->47196K(1398144K)
[43.932s][info][gc,metaspace   ] GC(187) Metaspace: 73284K(73984K)->73284K(73984K) NonClass: 58142K(58432K)->58142K(58432K) Class: 15142K(15552K)->15142K(15552K)
[43.932s][info][gc             ] GC(187) Pause Young (Allocation Failure) 593M->47M(1980M) 13.244ms
[43.932s][info][gc,cpu         ] GC(187) User=0.00s Sys=0.00s Real=0.00s
[44.071s][info][gc,start       ] GC(188) Pause Young (Allocation Failure)
[44.081s][info][gc,heap        ] GC(188) DefNew: 560990K(629440K)->1444K(629440K) Eden: 559552K(559552K)->0K(559552K) From: 1438K(69888K)->1444K(69888K)
[44.081s][info][gc,heap        ] GC(188) Tenured: 47196K(1398144K)->47196K(1398144K)
[44.081s][info][gc,metaspace   ] GC(188) Metaspace: 73285K(73984K)->73285K(73984K) NonClass: 58142K(58432K)->58142K(58432K) Class: 15142K(15552K)->15142K(15552K)
[44.081s][info][gc             ] GC(188) Pause Young (Allocation Failure) 593M->47M(1980M) 9.539ms
[44.081s][info][gc,cpu         ] GC(188) User=0.00s Sys=0.00s Real=0.00s
[44.219s][info][gc,start       ] GC(189) Pause Young (Allocation Failure)
[44.228s][info][gc,heap        ] GC(189) DefNew: 560996K(629440K)->1471K(629440K) Eden: 559552K(559552K)->0K(559552K) From: 1444K(69888K)->1471K(69888K)
[44.229s][info][gc,heap        ] GC(189) Tenured: 47196K(1398144K)->47196K(1398144K)
[44.229s][info][gc,metaspace   ] GC(189) Metaspace: 73285K(73984K)->73285K(73984K) NonClass: 58142K(58432K)->58142K(58432K) Class: 15142K(15552K)->15142K(15552K)
[44.229s][info][gc             ] GC(189) Pause Young (Allocation Failure) 593M->47M(1980M) 9.163ms
[44.229s][info][gc,cpu         ] GC(189) User=0.00s Sys=0.00s Real=0.01s
[44.367s][info][gc,start       ] GC(190) Pause Young (Allocation Failure)
[44.377s][info][gc,heap        ] GC(190) DefNew: 561023K(629440K)->1501K(629440K) Eden: 559552K(559552K)->0K(559552K) From: 1471K(69888K)->1501K(69888K)
[44.377s][info][gc,heap        ] GC(190) Tenured: 47196K(1398144K)->47196K(1398144K)
[44.377s][info][gc,metaspace   ] GC(190) Metaspace: 73285K(73984K)->73285K(73984K) NonClass: 58142K(58432K)->58142K(58432K) Class: 15142K(15552K)->15142K(15552K)
[44.377s][info][gc             ] GC(190) Pause Young (Allocation Failure) 593M->47M(1980M) 9.582ms
[44.377s][info][gc,cpu         ] GC(190) User=0.00s Sys=0.00s Real=0.00s
[44.516s][info][gc,start       ] GC(191) Pause Young (Allocation Failure)
[44.526s][info][gc,heap        ] GC(191) DefNew: 561053K(629440K)->1511K(629440K) Eden: 559552K(559552K)->0K(559552K) From: 1501K(69888K)->1511K(69888K)
[44.526s][info][gc,heap        ] GC(191) Tenured: 47196K(1398144K)->47196K(1398144K)
[44.526s][info][gc,metaspace   ] GC(191) Metaspace: 73285K(73984K)->73285K(73984K) NonClass: 58142K(58432K)->58142K(58432K) Class: 15142K(15552K)->15142K(15552K)
[44.526s][info][gc             ] GC(191) Pause Young (Allocation Failure) 593M->47M(1980M) 9.610ms
[44.526s][info][gc,cpu         ] GC(191) User=0.00s Sys=0.00s Real=0.00s
[44.664s][info][gc,start       ] GC(192) Pause Young (Allocation Failure)
[44.674s][info][gc,heap        ] GC(192) DefNew: 561063K(629440K)->1484K(629440K) Eden: 559552K(559552K)->0K(559552K) From: 1511K(69888K)->1484K(69888K)
[44.674s][info][gc,heap        ] GC(192) Tenured: 47196K(1398144K)->47212K(1398144K)
[44.674s][info][gc,metaspace   ] GC(192) Metaspace: 73285K(73984K)->73285K(73984K) NonClass: 58142K(58432K)->58142K(58432K) Class: 15142K(15552K)->15142K(15552K)
[44.674s][info][gc             ] GC(192) Pause Young (Allocation Failure) 594M->47M(1980M) 9.749ms
[44.674s][info][gc,cpu         ] GC(192) User=0.00s Sys=0.00s Real=0.00s
[44.812s][info][gc,start       ] GC(193) Pause Young (Allocation Failure)
[44.821s][info][gc,heap        ] GC(193) DefNew: 561036K(629440K)->1468K(629440K) Eden: 559552K(559552K)->0K(559552K) From: 1484K(69888K)->1468K(69888K)
[44.821s][info][gc,heap        ] GC(193) Tenured: 47212K(1398144K)->47212K(1398144K)
[44.821s][info][gc,metaspace   ] GC(193) Metaspace: 73285K(73984K)->73285K(73984K) NonClass: 58142K(58432K)->58142K(58432K) Class: 15142K(15552K)->15142K(15552K)
[44.822s][info][gc             ] GC(193) Pause Young (Allocation Failure) 593M->47M(1980M) 9.269ms
[44.822s][info][gc,cpu         ] GC(193) User=0.00s Sys=0.00s Real=0.00s
[44.960s][info][gc,start       ] GC(194) Pause Young (Allocation Failure)
[44.969s][info][gc,heap        ] GC(194) DefNew: 561020K(629440K)->1532K(629440K) Eden: 559552K(559552K)->0K(559552K) From: 1468K(69888K)->1532K(69888K)
[44.969s][info][gc,heap        ] GC(194) Tenured: 47212K(1398144K)->47212K(1398144K)
[44.969s][info][gc,metaspace   ] GC(194) Metaspace: 73285K(73984K)->73285K(73984K) NonClass: 58142K(58432K)->58142K(58432K) Class: 15142K(15552K)->15142K(15552K)
[44.969s][info][gc             ] GC(194) Pause Young (Allocation Failure) 593M->47M(1980M) 9.061ms
[44.969s][info][gc,cpu         ] GC(194) User=0.00s Sys=0.00s Real=0.00s
[45.108s][info][gc,start       ] GC(195) Pause Young (Allocation Failure)
[45.117s][info][gc,heap        ] GC(195) DefNew: 561084K(629440K)->1465K(629440K) Eden: 559552K(559552K)->0K(559552K) From: 1532K(69888K)->1465K(69888K)
[45.117s][info][gc,heap        ] GC(195) Tenured: 47212K(1398144K)->47212K(1398144K)
[45.117s][info][gc,metaspace   ] GC(195) Metaspace: 73285K(73984K)->73285K(73984K) NonClass: 58142K(58432K)->58142K(58432K) Class: 15142K(15552K)->15142K(15552K)
[45.117s][info][gc             ] GC(195) Pause Young (Allocation Failure) 594M->47M(1980M) 8.707ms
[45.117s][info][gc,cpu         ] GC(195) User=0.00s Sys=0.00s Real=0.01s
[45.255s][info][gc,start       ] GC(196) Pause Young (Allocation Failure)
[45.263s][info][gc,heap        ] GC(196) DefNew: 561017K(629440K)->1442K(629440K) Eden: 559552K(559552K)->0K(559552K) From: 1465K(69888K)->1442K(69888K)
[45.263s][info][gc,heap        ] GC(196) Tenured: 47212K(1398144K)->47212K(1398144K)
[45.263s][info][gc,metaspace   ] GC(196) Metaspace: 73285K(73984K)->73285K(73984K) NonClass: 58142K(58432K)->58142K(58432K) Class: 15142K(15552K)->15142K(15552K)
[45.263s][info][gc             ] GC(196) Pause Young (Allocation Failure) 593M->47M(1980M) 8.623ms
[45.263s][info][gc,cpu         ] GC(196) User=0.00s Sys=0.00s Real=0.00s
[45.402s][info][gc,start       ] GC(197) Pause Young (Allocation Failure)
[45.411s][info][gc,heap        ] GC(197) DefNew: 560994K(629440K)->1469K(629440K) Eden: 559552K(559552K)->0K(559552K) From: 1442K(69888K)->1469K(69888K)
[45.411s][info][gc,heap        ] GC(197) Tenured: 47212K(1398144K)->47212K(1398144K)
[45.411s][info][gc,metaspace   ] GC(197) Metaspace: 73285K(73984K)->73285K(73984K) NonClass: 58142K(58432K)->58142K(58432K) Class: 15142K(15552K)->15142K(15552K)
[45.411s][info][gc             ] GC(197) Pause Young (Allocation Failure) 593M->47M(1980M) 8.910ms
[45.411s][info][gc,cpu         ] GC(197) User=0.00s Sys=0.00s Real=0.00s
[45.549s][info][gc,start       ] GC(198) Pause Young (Allocation Failure)
[45.572s][info][gc,heap        ] GC(198) DefNew: 561021K(629440K)->1482K(629440K) Eden: 559552K(559552K)->0K(559552K) From: 1469K(69888K)->1482K(69888K)
[45.573s][info][gc,heap        ] GC(198) Tenured: 47212K(1398144K)->47212K(1398144K)
[45.573s][info][gc,metaspace   ] GC(198) Metaspace: 73285K(73984K)->73285K(73984K) NonClass: 58142K(58432K)->58142K(58432K) Class: 15142K(15552K)->15142K(15552K)
[45.573s][info][gc             ] GC(198) Pause Young (Allocation Failure) 593M->47M(1980M) 23.207ms
[45.573s][info][gc,cpu         ] GC(198) User=0.02s Sys=0.00s Real=0.02s
[45.716s][info][gc,start       ] GC(199) Pause Young (Allocation Failure)
[45.725s][info][gc,heap        ] GC(199) DefNew: 561034K(629440K)->1482K(629440K) Eden: 559552K(559552K)->0K(559552K) From: 1482K(69888K)->1482K(69888K)
[45.725s][info][gc,heap        ] GC(199) Tenured: 47212K(1398144K)->47230K(1398144K)
[45.725s][info][gc,metaspace   ] GC(199) Metaspace: 73285K(73984K)->73285K(73984K) NonClass: 58142K(58432K)->58142K(58432K) Class: 15142K(15552K)->15142K(15552K)
[45.725s][info][gc             ] GC(199) Pause Young (Allocation Failure) 593M->47M(1980M) 8.694ms
[45.725s][info][gc,cpu         ] GC(199) User=0.00s Sys=0.00s Real=0.00s
[45.864s][info][gc,start       ] GC(200) Pause Young (Allocation Failure)
[45.872s][info][gc,heap        ] GC(200) DefNew: 561034K(629440K)->1491K(629440K) Eden: 559552K(559552K)->0K(559552K) From: 1482K(69888K)->1491K(69888K)
[45.872s][info][gc,heap        ] GC(200) Tenured: 47230K(1398144K)->47230K(1398144K)
[45.872s][info][gc,metaspace   ] GC(200) Metaspace: 73285K(73984K)->73285K(73984K) NonClass: 58142K(58432K)->58142K(58432K) Class: 15142K(15552K)->15142K(15552K)
[45.873s][info][gc             ] GC(200) Pause Young (Allocation Failure) 594M->47M(1980M) 8.888ms
[45.873s][info][gc,cpu         ] GC(200) User=0.00s Sys=0.00s Real=0.00s
[46.011s][info][gc,start       ] GC(201) Pause Young (Allocation Failure)
[46.019s][info][gc,heap        ] GC(201) DefNew: 561043K(629440K)->1447K(629440K) Eden: 559552K(559552K)->0K(559552K) From: 1491K(69888K)->1447K(69888K)
[46.019s][info][gc,heap        ] GC(201) Tenured: 47230K(1398144K)->47230K(1398144K)
[46.019s][info][gc,metaspace   ] GC(201) Metaspace: 73285K(73984K)->73285K(73984K) NonClass: 58142K(58432K)->58142K(58432K) Class: 15142K(15552K)->15142K(15552K)
[46.019s][info][gc             ] GC(201) Pause Young (Allocation Failure) 594M->47M(1980M) 8.678ms
[46.019s][info][gc,cpu         ] GC(201) User=0.00s Sys=0.00s Real=0.00s
[46.162s][info][gc,start       ] GC(202) Pause Young (Allocation Failure)
[46.172s][info][gc,heap        ] GC(202) DefNew: 560999K(629440K)->1491K(629440K) Eden: 559552K(559552K)->0K(559552K) From: 1447K(69888K)->1491K(69888K)
[46.172s][info][gc,heap        ] GC(202) Tenured: 47230K(1398144K)->47230K(1398144K)
[46.172s][info][gc,metaspace   ] GC(202) Metaspace: 73285K(73984K)->73285K(73984K) NonClass: 58142K(58432K)->58142K(58432K) Class: 15142K(15552K)->15142K(15552K)
[46.172s][info][gc             ] GC(202) Pause Young (Allocation Failure) 593M->47M(1980M) 9.677ms
[46.172s][info][gc,cpu         ] GC(202) User=0.00s Sys=0.00s Real=0.00s
[46.310s][info][gc,start       ] GC(203) Pause Young (Allocation Failure)
[46.321s][info][gc,heap        ] GC(203) DefNew: 561043K(629440K)->1484K(629440K) Eden: 559552K(559552K)->0K(559552K) From: 1491K(69888K)->1484K(69888K)
[46.321s][info][gc,heap        ] GC(203) Tenured: 47230K(1398144K)->47265K(1398144K)
[46.321s][info][gc,metaspace   ] GC(203) Metaspace: 73312K(73984K)->73312K(73984K) NonClass: 58170K(58432K)->58170K(58432K) Class: 15142K(15552K)->15142K(15552K)
[46.321s][info][gc             ] GC(203) Pause Young (Allocation Failure) 594M->47M(1980M) 10.307ms
[46.321s][info][gc,cpu         ] GC(203) User=0.02s Sys=0.00s Real=0.01s
[46.460s][info][gc,start       ] GC(204) Pause Young (Allocation Failure)
[46.470s][info][gc,heap        ] GC(204) DefNew: 561036K(629440K)->1529K(629440K) Eden: 559552K(559552K)->0K(559552K) From: 1484K(69888K)->1529K(69888K)
[46.470s][info][gc,heap        ] GC(204) Tenured: 47265K(1398144K)->47265K(1398144K)
[46.470s][info][gc,metaspace   ] GC(204) Metaspace: 73312K(73984K)->73312K(73984K) NonClass: 58170K(58432K)->58170K(58432K) Class: 15142K(15552K)->15142K(15552K)
[46.470s][info][gc             ] GC(204) Pause Young (Allocation Failure) 594M->47M(1980M) 9.590ms
[46.470s][info][gc,cpu         ] GC(204) User=0.00s Sys=0.00s Real=0.00s
[46.615s][info][gc,start       ] GC(205) Pause Young (Allocation Failure)
[46.624s][info][gc,heap        ] GC(205) DefNew: 561081K(629440K)->1476K(629440K) Eden: 559552K(559552K)->0K(559552K) From: 1529K(69888K)->1476K(69888K)
[46.624s][info][gc,heap        ] GC(205) Tenured: 47265K(1398144K)->47282K(1398144K)
[46.624s][info][gc,metaspace   ] GC(205) Metaspace: 73322K(73984K)->73322K(73984K) NonClass: 58180K(58432K)->58180K(58432K) Class: 15142K(15552K)->15142K(15552K)
[46.624s][info][gc             ] GC(205) Pause Young (Allocation Failure) 594M->47M(1980M) 9.415ms
[46.624s][info][gc,cpu         ] GC(205) User=0.00s Sys=0.00s Real=0.00s
[46.774s][info][gc,start       ] GC(206) Pause Young (Allocation Failure)
[46.783s][info][gc,heap        ] GC(206) DefNew: 561028K(629440K)->1426K(629440K) Eden: 559552K(559552K)->0K(559552K) From: 1476K(69888K)->1426K(69888K)
[46.783s][info][gc,heap        ] GC(206) Tenured: 47282K(1398144K)->47282K(1398144K)
[46.783s][info][gc,metaspace   ] GC(206) Metaspace: 73322K(73984K)->73322K(73984K) NonClass: 58180K(58432K)->58180K(58432K) Class: 15142K(15552K)->15142K(15552K)
[46.783s][info][gc             ] GC(206) Pause Young (Allocation Failure) 594M->47M(1980M) 8.504ms
[46.783s][info][gc,cpu         ] GC(206) User=0.00s Sys=0.00s Real=0.00s
[46.953s][info][gc,start       ] GC(207) Pause Young (Allocation Failure)
[46.962s][info][gc,heap        ] GC(207) DefNew: 560978K(629440K)->1452K(629440K) Eden: 559552K(559552K)->0K(559552K) From: 1426K(69888K)->1452K(69888K)
[46.962s][info][gc,heap        ] GC(207) Tenured: 47282K(1398144K)->47282K(1398144K)
[46.962s][info][gc,metaspace   ] GC(207) Metaspace: 73322K(73984K)->73322K(73984K) NonClass: 58180K(58432K)->58180K(58432K) Class: 15142K(15552K)->15142K(15552K)
[46.962s][info][gc             ] GC(207) Pause Young (Allocation Failure) 594M->47M(1980M) 8.667ms
[46.962s][info][gc,cpu         ] GC(207) User=0.00s Sys=0.00s Real=0.00s
[47.172s][info][gc,start       ] GC(208) Pause Young (Allocation Failure)
[47.179s][info][gc,heap        ] GC(208) DefNew: 560931K(629440K)->1402K(629440K) Eden: 559479K(559552K)->0K(559552K) From: 1452K(69888K)->1402K(69888K)
[47.179s][info][gc,heap        ] GC(208) Tenured: 47282K(1398144K)->47282K(1398144K)
[47.179s][info][gc,metaspace   ] GC(208) Metaspace: 73322K(73984K)->73322K(73984K) NonClass: 58180K(58432K)->58180K(58432K) Class: 15142K(15552K)->15142K(15552K)
[47.179s][info][gc             ] GC(208) Pause Young (Allocation Failure) 593M->47M(1980M) 6.608ms
[47.179s][info][gc,cpu         ] GC(208) User=0.00s Sys=0.00s Real=0.01s
[47.440s][info][gc,start       ] GC(209) Pause Young (Allocation Failure)
[47.445s][info][gc,heap        ] GC(209) DefNew: 560954K(629440K)->1383K(629440K) Eden: 559552K(559552K)->0K(559552K) From: 1402K(69888K)->1383K(69888K)
[47.445s][info][gc,heap        ] GC(209) Tenured: 47282K(1398144K)->47282K(1398144K)
[47.445s][info][gc,metaspace   ] GC(209) Metaspace: 73322K(73984K)->73322K(73984K) NonClass: 58180K(58432K)->58180K(58432K) Class: 15142K(15552K)->15142K(15552K)
[47.445s][info][gc             ] GC(209) Pause Young (Allocation Failure) 593M->47M(1980M) 5.366ms
[47.445s][info][gc,cpu         ] GC(209) User=0.00s Sys=0.00s Real=0.01s
[47.778s][info][gc,start       ] GC(210) Pause Young (Allocation Failure)
[47.782s][info][gc,heap        ] GC(210) DefNew: 560935K(629440K)->1362K(629440K) Eden: 559552K(559552K)->0K(559552K) From: 1383K(69888K)->1362K(69888K)
[47.782s][info][gc,heap        ] GC(210) Tenured: 47282K(1398144K)->47282K(1398144K)
[47.782s][info][gc,metaspace   ] GC(210) Metaspace: 73322K(73984K)->73322K(73984K) NonClass: 58180K(58432K)->58180K(58432K) Class: 15142K(15552K)->15142K(15552K)
[47.782s][info][gc             ] GC(210) Pause Young (Allocation Failure) 593M->47M(1980M) 4.340ms
[47.782s][info][gc,cpu         ] GC(210) User=0.00s Sys=0.00s Real=0.00s
[48.113s][info][gc,start       ] GC(211) Pause Young (Allocation Failure)
[48.117s][info][gc,heap        ] GC(211) DefNew: 560914K(629440K)->1376K(629440K) Eden: 559552K(559552K)->0K(559552K) From: 1362K(69888K)->1376K(69888K)
[48.117s][info][gc,heap        ] GC(211) Tenured: 47282K(1398144K)->47282K(1398144K)
[48.117s][info][gc,metaspace   ] GC(211) Metaspace: 73322K(73984K)->73322K(73984K) NonClass: 58180K(58432K)->58180K(58432K) Class: 15142K(15552K)->15142K(15552K)
[48.117s][info][gc             ] GC(211) Pause Young (Allocation Failure) 593M->47M(1980M) 4.214ms
[48.117s][info][gc,cpu         ] GC(211) User=0.00s Sys=0.00s Real=0.00s
[48.446s][info][gc,start       ] GC(212) Pause Young (Allocation Failure)
[48.450s][info][gc,heap        ] GC(212) DefNew: 560928K(629440K)->1345K(629440K) Eden: 559552K(559552K)->0K(559552K) From: 1376K(69888K)->1345K(69888K)
[48.450s][info][gc,heap        ] GC(212) Tenured: 47282K(1398144K)->47298K(1398144K)
[48.450s][info][gc,metaspace   ] GC(212) Metaspace: 73322K(73984K)->73322K(73984K) NonClass: 58180K(58432K)->58180K(58432K) Class: 15142K(15552K)->15142K(15552K)
[48.450s][info][gc             ] GC(212) Pause Young (Allocation Failure) 593M->47M(1980M) 4.361ms
[48.450s][info][gc,cpu         ] GC(212) User=0.00s Sys=0.00s Real=0.00s
[48.682s][info][gc,start       ] GC(213) Pause Full (System.gc())
[48.682s][info][gc,phases,start] GC(213) Phase 1: Mark live objects
[48.731s][info][gc,phases      ] GC(213) Phase 1: Mark live objects 48.703ms
[48.731s][info][gc,phases,start] GC(213) Phase 2: Compute new object addresses
[48.858s][info][gc,phases      ] GC(213) Phase 2: Compute new object addresses 126.302ms
[48.858s][info][gc,phases,start] GC(213) Phase 3: Adjust pointers
[48.883s][info][gc,phases      ] GC(213) Phase 3: Adjust pointers 24.961ms
[48.883s][info][gc,phases,start] GC(213) Phase 4: Move objects
[48.888s][info][gc,phases      ] GC(213) Phase 4: Move objects 5.125ms
[48.888s][info][gc,heap        ] GC(213) DefNew: 324346K(629440K)->0K(629440K) Eden: 323000K(559552K)->0K(559552K) From: 1345K(69888K)->0K(69888K)
[48.888s][info][gc,heap        ] GC(213) Tenured: 47298K(1398144K)->35822K(1398144K)
[48.888s][info][gc,metaspace   ] GC(213) Metaspace: 73347K(73984K)->73347K(73984K) NonClass: 58204K(58432K)->58204K(58432K) Class: 15142K(15552K)->15142K(15552K)
[48.888s][info][gc             ] GC(213) Pause Full (System.gc()) 362M->34M(1980M) 206.039ms
[48.888s][info][gc,cpu         ] GC(213) User=0.20s Sys=0.00s Real=0.20s
[49.054s][info][gc,start       ] GC(214) Pause Young (Allocation Failure)
[49.069s][info][gc,heap        ] GC(214) DefNew: 559552K(629440K)->3478K(629440K) Eden: 559552K(559552K)->0K(559552K) From: 0K(69888K)->3478K(69888K)
[49.069s][info][gc,heap        ] GC(214) Tenured: 35822K(1398144K)->35822K(1398144K)
[49.069s][info][gc,metaspace   ] GC(214) Metaspace: 73545K(74176K)->73545K(74176K) NonClass: 58402K(58624K)->58402K(58624K) Class: 15142K(15552K)->15142K(15552K)
[49.069s][info][gc             ] GC(214) Pause Young (Allocation Failure) 581M->38M(1980M) 15.364ms
[49.069s][info][gc,cpu         ] GC(214) User=0.00s Sys=0.00s Real=0.00s
[49.207s][info][gc,start       ] GC(215) Pause Young (Allocation Failure)
[49.221s][info][gc,heap        ] GC(215) DefNew: 563030K(629440K)->3477K(629440K) Eden: 559552K(559552K)->0K(559552K) From: 3478K(69888K)->3477K(69888K)
[49.221s][info][gc,heap        ] GC(215) Tenured: 35822K(1398144K)->35822K(1398144K)
[49.221s][info][gc,metaspace   ] GC(215) Metaspace: 73545K(74176K)->73545K(74176K) NonClass: 58402K(58624K)->58402K(58624K) Class: 15142K(15552K)->15142K(15552K)
[49.221s][info][gc             ] GC(215) Pause Young (Allocation Failure) 584M->38M(1980M) 13.822ms
[49.221s][info][gc,cpu         ] GC(215) User=0.00s Sys=0.00s Real=0.00s
[49.359s][info][gc,start       ] GC(216) Pause Young (Allocation Failure)
[49.372s][info][gc,heap        ] GC(216) DefNew: 563029K(629440K)->3415K(629440K) Eden: 559552K(559552K)->0K(559552K) From: 3477K(69888K)->3415K(69888K)
[49.372s][info][gc,heap        ] GC(216) Tenured: 35822K(1398144K)->35822K(1398144K)
[49.372s][info][gc,metaspace   ] GC(216) Metaspace: 73545K(74176K)->73545K(74176K) NonClass: 58402K(58624K)->58402K(58624K) Class: 15142K(15552K)->15142K(15552K)
[49.372s][info][gc             ] GC(216) Pause Young (Allocation Failure) 584M->38M(1980M) 12.731ms
[49.372s][info][gc,cpu         ] GC(216) User=0.00s Sys=0.00s Real=0.00s
[49.510s][info][gc,start       ] GC(217) Pause Young (Allocation Failure)
[49.523s][info][gc,heap        ] GC(217) DefNew: 562967K(629440K)->3408K(629440K) Eden: 559552K(559552K)->0K(559552K) From: 3415K(69888K)->3408K(69888K)
[49.523s][info][gc,heap        ] GC(217) Tenured: 35822K(1398144K)->35822K(1398144K)
[49.523s][info][gc,metaspace   ] GC(217) Metaspace: 73545K(74176K)->73545K(74176K) NonClass: 58402K(58624K)->58402K(58624K) Class: 15142K(15552K)->15142K(15552K)
[49.523s][info][gc             ] GC(217) Pause Young (Allocation Failure) 584M->38M(1980M) 12.294ms
[49.523s][info][gc,cpu         ] GC(217) User=0.00s Sys=0.00s Real=0.00s
[49.661s][info][gc,start       ] GC(218) Pause Young (Allocation Failure)
[49.674s][info][gc,heap        ] GC(218) DefNew: 562960K(629440K)->3460K(629440K) Eden: 559552K(559552K)->0K(559552K) From: 3408K(69888K)->3460K(69888K)
[49.674s][info][gc,heap        ] GC(218) Tenured: 35822K(1398144K)->35822K(1398144K)
[49.674s][info][gc,metaspace   ] GC(218) Metaspace: 73545K(74176K)->73545K(74176K) NonClass: 58402K(58624K)->58402K(58624K) Class: 15142K(15552K)->15142K(15552K)
[49.674s][info][gc             ] GC(218) Pause Young (Allocation Failure) 584M->38M(1980M) 12.686ms
[49.674s][info][gc,cpu         ] GC(218) User=0.00s Sys=0.00s Real=0.00s
[49.814s][info][gc,start       ] GC(219) Pause Young (Allocation Failure)
[49.826s][info][gc,heap        ] GC(219) DefNew: 563012K(629440K)->3447K(629440K) Eden: 559552K(559552K)->0K(559552K) From: 3460K(69888K)->3447K(69888K)
[49.826s][info][gc,heap        ] GC(219) Tenured: 35822K(1398144K)->35822K(1398144K)
[49.826s][info][gc,metaspace   ] GC(219) Metaspace: 73545K(74176K)->73545K(74176K) NonClass: 58402K(58624K)->58402K(58624K) Class: 15142K(15552K)->15142K(15552K)
[49.826s][info][gc             ] GC(219) Pause Young (Allocation Failure) 584M->38M(1980M) 12.129ms
[49.826s][info][gc,cpu         ] GC(219) User=0.00s Sys=0.00s Real=0.00s
[49.968s][info][gc,start       ] GC(220) Pause Young (Allocation Failure)
[49.980s][info][gc,heap        ] GC(220) DefNew: 562999K(629440K)->3420K(629440K) Eden: 559552K(559552K)->0K(559552K) From: 3447K(69888K)->3420K(69888K)
[49.980s][info][gc,heap        ] GC(220) Tenured: 35822K(1398144K)->35822K(1398144K)
[49.980s][info][gc,metaspace   ] GC(220) Metaspace: 73545K(74176K)->73545K(74176K) NonClass: 58402K(58624K)->58402K(58624K) Class: 15142K(15552K)->15142K(15552K)
[49.981s][info][gc             ] GC(220) Pause Young (Allocation Failure) 584M->38M(1980M) 12.564ms
[49.981s][info][gc,cpu         ] GC(220) User=0.00s Sys=0.00s Real=0.01s
[50.118s][info][gc,start       ] GC(221) Pause Young (Allocation Failure)
[50.130s][info][gc,heap        ] GC(221) DefNew: 562972K(629440K)->3363K(629440K) Eden: 559551K(559552K)->0K(559552K) From: 3420K(69888K)->3363K(69888K)
[50.130s][info][gc,heap        ] GC(221) Tenured: 35822K(1398144K)->35822K(1398144K)
[50.130s][info][gc,metaspace   ] GC(221) Metaspace: 73545K(74176K)->73545K(74176K) NonClass: 58402K(58624K)->58402K(58624K) Class: 15142K(15552K)->15142K(15552K)
[50.130s][info][gc             ] GC(221) Pause Young (Allocation Failure) 584M->38M(1980M) 12.226ms
[50.130s][info][gc,cpu         ] GC(221) User=0.00s Sys=0.00s Real=0.00s
[50.268s][info][gc,start       ] GC(222) Pause Young (Allocation Failure)
[50.280s][info][gc,heap        ] GC(222) DefNew: 562915K(629440K)->3349K(629440K) Eden: 559552K(559552K)->0K(559552K) From: 3363K(69888K)->3349K(69888K)
[50.280s][info][gc,heap        ] GC(222) Tenured: 35822K(1398144K)->35822K(1398144K)
[50.280s][info][gc,metaspace   ] GC(222) Metaspace: 73545K(74176K)->73545K(74176K) NonClass: 58402K(58624K)->58402K(58624K) Class: 15142K(15552K)->15142K(15552K)
[50.280s][info][gc             ] GC(222) Pause Young (Allocation Failure) 584M->38M(1980M) 12.039ms
[50.280s][info][gc,cpu         ] GC(222) User=0.00s Sys=0.00s Real=0.00s
[50.419s][info][gc,start       ] GC(223) Pause Young (Allocation Failure)
[50.432s][info][gc,heap        ] GC(223) DefNew: 562901K(629440K)->3418K(629440K) Eden: 559552K(559552K)->0K(559552K) From: 3349K(69888K)->3418K(69888K)
[50.432s][info][gc,heap        ] GC(223) Tenured: 35822K(1398144K)->35822K(1398144K)
[50.432s][info][gc,metaspace   ] GC(223) Metaspace: 73545K(74176K)->73545K(74176K) NonClass: 58402K(58624K)->58402K(58624K) Class: 15142K(15552K)->15142K(15552K)
[50.432s][info][gc             ] GC(223) Pause Young (Allocation Failure) 584M->38M(1980M) 12.484ms
[50.432s][info][gc,cpu         ] GC(223) User=0.02s Sys=0.00s Real=0.00s
[50.570s][info][gc,start       ] GC(224) Pause Young (Allocation Failure)
[50.583s][info][gc,heap        ] GC(224) DefNew: 562970K(629440K)->3399K(629440K) Eden: 559552K(559552K)->0K(559552K) From: 3418K(69888K)->3399K(69888K)
[50.583s][info][gc,heap        ] GC(224) Tenured: 35822K(1398144K)->35822K(1398144K)
[50.583s][info][gc,metaspace   ] GC(224) Metaspace: 73545K(74176K)->73545K(74176K) NonClass: 58402K(58624K)->58402K(58624K) Class: 15142K(15552K)->15142K(15552K)
[50.583s][info][gc             ] GC(224) Pause Young (Allocation Failure) 584M->38M(1980M) 13.299ms
[50.583s][info][gc,cpu         ] GC(224) User=0.00s Sys=0.00s Real=0.00s
[50.722s][info][gc,start       ] GC(225) Pause Young (Allocation Failure)
[50.735s][info][gc,heap        ] GC(225) DefNew: 562951K(629440K)->3469K(629440K) Eden: 559552K(559552K)->0K(559552K) From: 3399K(69888K)->3469K(69888K)
[50.735s][info][gc,heap        ] GC(225) Tenured: 35822K(1398144K)->35822K(1398144K)
[50.735s][info][gc,metaspace   ] GC(225) Metaspace: 73545K(74176K)->73545K(74176K) NonClass: 58402K(58624K)->58402K(58624K) Class: 15142K(15552K)->15142K(15552K)
[50.735s][info][gc             ] GC(225) Pause Young (Allocation Failure) 584M->38M(1980M) 12.832ms
[50.735s][info][gc,cpu         ] GC(225) User=0.00s Sys=0.00s Real=0.00s
[50.874s][info][gc,start       ] GC(226) Pause Young (Allocation Failure)
[50.887s][info][gc,heap        ] GC(226) DefNew: 563021K(629440K)->3440K(629440K) Eden: 559552K(559552K)->0K(559552K) From: 3469K(69888K)->3440K(69888K)
[50.887s][info][gc,heap        ] GC(226) Tenured: 35822K(1398144K)->35822K(1398144K)
[50.887s][info][gc,metaspace   ] GC(226) Metaspace: 73545K(74176K)->73545K(74176K) NonClass: 58402K(58624K)->58402K(58624K) Class: 15142K(15552K)->15142K(15552K)
[50.887s][info][gc             ] GC(226) Pause Young (Allocation Failure) 584M->38M(1980M) 13.408ms
[50.887s][info][gc,cpu         ] GC(226) User=0.00s Sys=0.00s Real=0.00s
[51.026s][info][gc,start       ] GC(227) Pause Young (Allocation Failure)
[51.038s][info][gc,heap        ] GC(227) DefNew: 562992K(629440K)->3430K(629440K) Eden: 559552K(559552K)->0K(559552K) From: 3440K(69888K)->3430K(69888K)
[51.038s][info][gc,heap        ] GC(227) Tenured: 35822K(1398144K)->35822K(1398144K)
[51.038s][info][gc,metaspace   ] GC(227) Metaspace: 73545K(74176K)->73545K(74176K) NonClass: 58402K(58624K)->58402K(58624K) Class: 15142K(15552K)->15142K(15552K)
[51.038s][info][gc             ] GC(227) Pause Young (Allocation Failure) 584M->38M(1980M) 12.739ms
[51.038s][info][gc,cpu         ] GC(227) User=0.00s Sys=0.00s Real=0.00s
[51.177s][info][gc,start       ] GC(228) Pause Young (Allocation Failure)
[51.188s][info][gc,heap        ] GC(228) DefNew: 562982K(629440K)->3362K(629440K) Eden: 559552K(559552K)->0K(559552K) From: 3430K(69888K)->3362K(69888K)
[51.188s][info][gc,heap        ] GC(228) Tenured: 35822K(1398144K)->35822K(1398144K)
[51.188s][info][gc,metaspace   ] GC(228) Metaspace: 73545K(74176K)->73545K(74176K) NonClass: 58402K(58624K)->58402K(58624K) Class: 15142K(15552K)->15142K(15552K)
[51.189s][info][gc             ] GC(228) Pause Young (Allocation Failure) 584M->38M(1980M) 12.037ms
[51.189s][info][gc,cpu         ] GC(228) User=0.02s Sys=0.00s Real=0.01s
[51.327s][info][gc,start       ] GC(229) Pause Young (Allocation Failure)
[51.340s][info][gc,heap        ] GC(229) DefNew: 562914K(629440K)->1503K(629440K) Eden: 559551K(559552K)->0K(559552K) From: 3362K(69888K)->1503K(69888K)
[51.340s][info][gc,heap        ] GC(229) Tenured: 35822K(1398144K)->37818K(1398144K)
[51.340s][info][gc,metaspace   ] GC(229) Metaspace: 73545K(74176K)->73545K(74176K) NonClass: 58402K(58624K)->58402K(58624K) Class: 15142K(15552K)->15142K(15552K)
[51.340s][info][gc             ] GC(229) Pause Young (Allocation Failure) 584M->38M(1980M) 13.067ms
[51.340s][info][gc,cpu         ] GC(229) User=0.00s Sys=0.00s Real=0.00s
[51.479s][info][gc,start       ] GC(230) Pause Young (Allocation Failure)
[51.487s][info][gc,heap        ] GC(230) DefNew: 561055K(629440K)->1389K(629440K) Eden: 559552K(559552K)->0K(559552K) From: 1503K(69888K)->1389K(69888K)
[51.487s][info][gc,heap        ] GC(230) Tenured: 37818K(1398144K)->37819K(1398144K)
[51.487s][info][gc,metaspace   ] GC(230) Metaspace: 73545K(74176K)->73545K(74176K) NonClass: 58402K(58624K)->58402K(58624K) Class: 15142K(15552K)->15142K(15552K)
[51.487s][info][gc             ] GC(230) Pause Young (Allocation Failure) 584M->38M(1980M) 8.329ms
[51.487s][info][gc,cpu         ] GC(230) User=0.00s Sys=0.00s Real=0.00s
[51.625s][info][gc,start       ] GC(231) Pause Young (Allocation Failure)
[51.634s][info][gc,heap        ] GC(231) DefNew: 560941K(629440K)->1462K(629440K) Eden: 559552K(559552K)->0K(559552K) From: 1389K(69888K)->1462K(69888K)
[51.634s][info][gc,heap        ] GC(231) Tenured: 37819K(1398144K)->37835K(1398144K)
[51.634s][info][gc,metaspace   ] GC(231) Metaspace: 73548K(74176K)->73548K(74176K) NonClass: 58406K(58624K)->58406K(58624K) Class: 15142K(15552K)->15142K(15552K)
[51.634s][info][gc             ] GC(231) Pause Young (Allocation Failure) 584M->38M(1980M) 8.878ms
[51.634s][info][gc,cpu         ] GC(231) User=0.00s Sys=0.00s Real=0.00s
[51.773s][info][gc,start       ] GC(232) Pause Young (Allocation Failure)
[51.781s][info][gc,heap        ] GC(232) DefNew: 561014K(629440K)->1482K(629440K) Eden: 559552K(559552K)->0K(559552K) From: 1462K(69888K)->1482K(69888K)
[51.781s][info][gc,heap        ] GC(232) Tenured: 37835K(1398144K)->37835K(1398144K)
[51.781s][info][gc,metaspace   ] GC(232) Metaspace: 73548K(74176K)->73548K(74176K) NonClass: 58406K(58624K)->58406K(58624K) Class: 15142K(15552K)->15142K(15552K)
[51.781s][info][gc             ] GC(232) Pause Young (Allocation Failure) 584M->38M(1980M) 8.720ms
[51.781s][info][gc,cpu         ] GC(232) User=0.00s Sys=0.00s Real=0.00s
[51.920s][info][gc,start       ] GC(233) Pause Young (Allocation Failure)
[51.929s][info][gc,heap        ] GC(233) DefNew: 561034K(629440K)->1467K(629440K) Eden: 559552K(559552K)->0K(559552K) From: 1482K(69888K)->1467K(69888K)
[51.929s][info][gc,heap        ] GC(233) Tenured: 37835K(1398144K)->37835K(1398144K)
[51.929s][info][gc,metaspace   ] GC(233) Metaspace: 73548K(74176K)->73548K(74176K) NonClass: 58406K(58624K)->58406K(58624K) Class: 15142K(15552K)->15142K(15552K)
[51.929s][info][gc             ] GC(233) Pause Young (Allocation Failure) 584M->38M(1980M) 9.282ms
[51.929s][info][gc,cpu         ] GC(233) User=0.02s Sys=0.00s Real=0.00s
[52.067s][info][gc,start       ] GC(234) Pause Young (Allocation Failure)
[52.076s][info][gc,heap        ] GC(234) DefNew: 561019K(629440K)->1433K(629440K) Eden: 559552K(559552K)->0K(559552K) From: 1467K(69888K)->1433K(69888K)
[52.076s][info][gc,heap        ] GC(234) Tenured: 37835K(1398144K)->37835K(1398144K)
[52.076s][info][gc,metaspace   ] GC(234) Metaspace: 73548K(74176K)->73548K(74176K) NonClass: 58406K(58624K)->58406K(58624K) Class: 15142K(15552K)->15142K(15552K)
[52.076s][info][gc             ] GC(234) Pause Young (Allocation Failure) 584M->38M(1980M) 9.072ms
[52.076s][info][gc,cpu         ] GC(234) User=0.00s Sys=0.00s Real=0.01s
[52.215s][info][gc,start       ] GC(235) Pause Young (Allocation Failure)
[52.223s][info][gc,heap        ] GC(235) DefNew: 560985K(629440K)->1493K(629440K) Eden: 559552K(559552K)->0K(559552K) From: 1433K(69888K)->1493K(69888K)
[52.223s][info][gc,heap        ] GC(235) Tenured: 37835K(1398144K)->37835K(1398144K)
[52.223s][info][gc,metaspace   ] GC(235) Metaspace: 73548K(74176K)->73548K(74176K) NonClass: 58406K(58624K)->58406K(58624K) Class: 15142K(15552K)->15142K(15552K)
[52.224s][info][gc             ] GC(235) Pause Young (Allocation Failure) 584M->38M(1980M) 8.887ms
[52.224s][info][gc,cpu         ] GC(235) User=0.00s Sys=0.00s Real=0.00s
[52.362s][info][gc,start       ] GC(236) Pause Young (Allocation Failure)
[52.370s][info][gc,heap        ] GC(236) DefNew: 561045K(629440K)->1519K(629440K) Eden: 559552K(559552K)->0K(559552K) From: 1493K(69888K)->1519K(69888K)
[52.370s][info][gc,heap        ] GC(236) Tenured: 37835K(1398144K)->37835K(1398144K)
[52.370s][info][gc,metaspace   ] GC(236) Metaspace: 73548K(74176K)->73548K(74176K) NonClass: 58406K(58624K)->58406K(58624K) Class: 15142K(15552K)->15142K(15552K)
[52.371s][info][gc             ] GC(236) Pause Young (Allocation Failure) 584M->38M(1980M) 8.866ms
[52.371s][info][gc,cpu         ] GC(236) User=0.00s Sys=0.00s Real=0.00s
[52.508s][info][gc,start       ] GC(237) Pause Young (Allocation Failure)
[52.517s][info][gc,heap        ] GC(237) DefNew: 561071K(629440K)->1498K(629440K) Eden: 559552K(559552K)->0K(559552K) From: 1519K(69888K)->1498K(69888K)
[52.517s][info][gc,heap        ] GC(237) Tenured: 37835K(1398144K)->37835K(1398144K)
[52.517s][info][gc,metaspace   ] GC(237) Metaspace: 73548K(74176K)->73548K(74176K) NonClass: 58406K(58624K)->58406K(58624K) Class: 15142K(15552K)->15142K(15552K)
[52.517s][info][gc             ] GC(237) Pause Young (Allocation Failure) 584M->38M(1980M) 8.689ms
[52.517s][info][gc,cpu         ] GC(237) User=0.00s Sys=0.00s Real=0.00s
[52.655s][info][gc,start       ] GC(238) Pause Young (Allocation Failure)
[52.665s][info][gc,heap        ] GC(238) DefNew: 561050K(629440K)->1472K(629440K) Eden: 559552K(559552K)->0K(559552K) From: 1498K(69888K)->1472K(69888K)
[52.665s][info][gc,heap        ] GC(238) Tenured: 37835K(1398144K)->37852K(1398144K)
[52.665s][info][gc,metaspace   ] GC(238) Metaspace: 73548K(74176K)->73548K(74176K) NonClass: 58406K(58624K)->58406K(58624K) Class: 15142K(15552K)->15142K(15552K)
[52.665s][info][gc             ] GC(238) Pause Young (Allocation Failure) 584M->38M(1980M) 9.288ms
[52.665s][info][gc,cpu         ] GC(238) User=0.00s Sys=0.00s Real=0.00s
[52.803s][info][gc,start       ] GC(239) Pause Young (Allocation Failure)
[52.812s][info][gc,heap        ] GC(239) DefNew: 561024K(629440K)->1525K(629440K) Eden: 559552K(559552K)->0K(559552K) From: 1472K(69888K)->1525K(69888K)
[52.812s][info][gc,heap        ] GC(239) Tenured: 37852K(1398144K)->37852K(1398144K)
[52.812s][info][gc,metaspace   ] GC(239) Metaspace: 73548K(74176K)->73548K(74176K) NonClass: 58406K(58624K)->58406K(58624K) Class: 15142K(15552K)->15142K(15552K)
[52.812s][info][gc             ] GC(239) Pause Young (Allocation Failure) 584M->38M(1980M) 9.471ms
[52.812s][info][gc,cpu         ] GC(239) User=0.00s Sys=0.00s Real=0.00s
[52.950s][info][gc,start       ] GC(240) Pause Young (Allocation Failure)
[52.959s][info][gc,heap        ] GC(240) DefNew: 561077K(629440K)->1462K(629440K) Eden: 559552K(559552K)->0K(559552K) From: 1525K(69888K)->1462K(69888K)
[52.959s][info][gc,heap        ] GC(240) Tenured: 37852K(1398144K)->37852K(1398144K)
[52.959s][info][gc,metaspace   ] GC(240) Metaspace: 73548K(74176K)->73548K(74176K) NonClass: 58406K(58624K)->58406K(58624K) Class: 15142K(15552K)->15142K(15552K)
[52.959s][info][gc             ] GC(240) Pause Young (Allocation Failure) 584M->38M(1980M) 8.656ms
[52.959s][info][gc,cpu         ] GC(240) User=0.02s Sys=0.00s Real=0.00s
[53.098s][info][gc,start       ] GC(241) Pause Young (Allocation Failure)
[53.106s][info][gc,heap        ] GC(241) DefNew: 561014K(629440K)->1492K(629440K) Eden: 559552K(559552K)->0K(559552K) From: 1462K(69888K)->1492K(69888K)
[53.106s][info][gc,heap        ] GC(241) Tenured: 37852K(1398144K)->37852K(1398144K)
[53.106s][info][gc,metaspace   ] GC(241) Metaspace: 73548K(74176K)->73548K(74176K) NonClass: 58406K(58624K)->58406K(58624K) Class: 15142K(15552K)->15142K(15552K)
[53.106s][info][gc             ] GC(241) Pause Young (Allocation Failure) 584M->38M(1980M) 8.749ms
[53.106s][info][gc,cpu         ] GC(241) User=0.00s Sys=0.00s Real=0.00s
[53.245s][info][gc,start       ] GC(242) Pause Young (Allocation Failure)
[53.254s][info][gc,heap        ] GC(242) DefNew: 561044K(629440K)->1499K(629440K) Eden: 559552K(559552K)->0K(559552K) From: 1492K(69888K)->1499K(69888K)
[53.254s][info][gc,heap        ] GC(242) Tenured: 37852K(1398144K)->37852K(1398144K)
[53.254s][info][gc,metaspace   ] GC(242) Metaspace: 73548K(74176K)->73548K(74176K) NonClass: 58406K(58624K)->58406K(58624K) Class: 15142K(15552K)->15142K(15552K)
[53.254s][info][gc             ] GC(242) Pause Young (Allocation Failure) 584M->38M(1980M) 8.804ms
[53.254s][info][gc,cpu         ] GC(242) User=0.02s Sys=0.00s Real=0.01s
[53.392s][info][gc,start       ] GC(243) Pause Young (Allocation Failure)
[53.401s][info][gc,heap        ] GC(243) DefNew: 561051K(629440K)->1510K(629440K) Eden: 559552K(559552K)->0K(559552K) From: 1499K(69888K)->1510K(69888K)
[53.401s][info][gc,heap        ] GC(243) Tenured: 37852K(1398144K)->37852K(1398144K)
[53.401s][info][gc,metaspace   ] GC(243) Metaspace: 73548K(74176K)->73548K(74176K) NonClass: 58406K(58624K)->58406K(58624K) Class: 15142K(15552K)->15142K(15552K)
[53.401s][info][gc             ] GC(243) Pause Young (Allocation Failure) 584M->38M(1980M) 8.944ms
[53.401s][info][gc,cpu         ] GC(243) User=0.00s Sys=0.00s Real=0.00s
[53.539s][info][gc,start       ] GC(244) Pause Young (Allocation Failure)
[53.548s][info][gc,heap        ] GC(244) DefNew: 561062K(629440K)->1524K(629440K) Eden: 559552K(559552K)->0K(559552K) From: 1510K(69888K)->1524K(69888K)
[53.548s][info][gc,heap        ] GC(244) Tenured: 37852K(1398144K)->37852K(1398144K)
[53.548s][info][gc,metaspace   ] GC(244) Metaspace: 73548K(74176K)->73548K(74176K) NonClass: 58406K(58624K)->58406K(58624K) Class: 15142K(15552K)->15142K(15552K)
[53.548s][info][gc             ] GC(244) Pause Young (Allocation Failure) 584M->38M(1980M) 8.507ms
[53.548s][info][gc,cpu         ] GC(244) User=0.00s Sys=0.00s Real=0.00s
[53.686s][info][gc,start       ] GC(245) Pause Young (Allocation Failure)
[53.695s][info][gc,heap        ] GC(245) DefNew: 561076K(629440K)->1494K(629440K) Eden: 559552K(559552K)->0K(559552K) From: 1524K(69888K)->1494K(69888K)
[53.695s][info][gc,heap        ] GC(245) Tenured: 37852K(1398144K)->37868K(1398144K)
[53.695s][info][gc,metaspace   ] GC(245) Metaspace: 73552K(74176K)->73552K(74176K) NonClass: 58410K(58624K)->58410K(58624K) Class: 15142K(15552K)->15142K(15552K)
[53.695s][info][gc             ] GC(245) Pause Young (Allocation Failure) 584M->38M(1980M) 8.999ms
[53.695s][info][gc,cpu         ] GC(245) User=0.00s Sys=0.00s Real=0.01s
[53.835s][info][gc,start       ] GC(246) Pause Young (Allocation Failure)
[53.843s][info][gc,heap        ] GC(246) DefNew: 561046K(629440K)->1381K(629440K) Eden: 559552K(559552K)->0K(559552K) From: 1494K(69888K)->1381K(69888K)
[53.843s][info][gc,heap        ] GC(246) Tenured: 37868K(1398144K)->37901K(1398144K)
[53.843s][info][gc,metaspace   ] GC(246) Metaspace: 73558K(74240K)->73558K(74240K) NonClass: 58416K(58688K)->58416K(58688K) Class: 15142K(15552K)->15142K(15552K)
[53.843s][info][gc             ] GC(246) Pause Young (Allocation Failure) 584M->38M(1980M) 8.717ms
[53.844s][info][gc,cpu         ] GC(246) User=0.00s Sys=0.00s Real=0.00s
[53.985s][info][gc,start       ] GC(247) Pause Young (Allocation Failure)
[53.994s][info][gc,heap        ] GC(247) DefNew: 560933K(629440K)->1524K(629440K) Eden: 559552K(559552K)->0K(559552K) From: 1381K(69888K)->1524K(69888K)
[53.994s][info][gc,heap        ] GC(247) Tenured: 37901K(1398144K)->37901K(1398144K)
[53.994s][info][gc,metaspace   ] GC(247) Metaspace: 73567K(74240K)->73567K(74240K) NonClass: 58425K(58688K)->58425K(58688K) Class: 15142K(15552K)->15142K(15552K)
[53.994s][info][gc             ] GC(247) Pause Young (Allocation Failure) 584M->38M(1980M) 8.865ms
[53.994s][info][gc,cpu         ] GC(247) User=0.00s Sys=0.00s Real=0.00s
[54.137s][info][gc,start       ] GC(248) Pause Young (Allocation Failure)
[54.145s][info][gc,heap        ] GC(248) DefNew: 561076K(629440K)->1536K(629440K) Eden: 559552K(559552K)->0K(559552K) From: 1524K(69888K)->1536K(69888K)
[54.145s][info][gc,heap        ] GC(248) Tenured: 37901K(1398144K)->37901K(1398144K)
[54.145s][info][gc,metaspace   ] GC(248) Metaspace: 73571K(74240K)->73571K(74240K) NonClass: 58428K(58688K)->58428K(58688K) Class: 15142K(15552K)->15142K(15552K)
[54.145s][info][gc             ] GC(248) Pause Young (Allocation Failure) 584M->38M(1980M) 8.155ms
[54.145s][info][gc,cpu         ] GC(248) User=0.00s Sys=0.00s Real=0.00s
[54.292s][info][gc,start       ] GC(249) Pause Young (Allocation Failure)
[54.301s][info][gc,heap        ] GC(249) DefNew: 561088K(629440K)->1486K(629440K) Eden: 559552K(559552K)->0K(559552K) From: 1536K(69888K)->1486K(69888K)
[54.301s][info][gc,heap        ] GC(249) Tenured: 37901K(1398144K)->37901K(1398144K)
[54.301s][info][gc,metaspace   ] GC(249) Metaspace: 73594K(74240K)->73594K(74240K) NonClass: 58452K(58688K)->58452K(58688K) Class: 15142K(15552K)->15142K(15552K)
[54.301s][info][gc             ] GC(249) Pause Young (Allocation Failure) 584M->38M(1980M) 9.063ms
[54.301s][info][gc,cpu         ] GC(249) User=0.00s Sys=0.00s Real=0.00s
[54.467s][info][gc,start       ] GC(250) Pause Young (Allocation Failure)
[54.474s][info][gc,heap        ] GC(250) DefNew: 561038K(629440K)->1402K(629440K) Eden: 559552K(559552K)->0K(559552K) From: 1486K(69888K)->1402K(69888K)
[54.474s][info][gc,heap        ] GC(250) Tenured: 37901K(1398144K)->37901K(1398144K)
[54.474s][info][gc,metaspace   ] GC(250) Metaspace: 73598K(74240K)->73598K(74240K) NonClass: 58456K(58688K)->58456K(58688K) Class: 15142K(15552K)->15142K(15552K)
[54.474s][info][gc             ] GC(250) Pause Young (Allocation Failure) 584M->38M(1980M) 7.521ms
[54.475s][info][gc,cpu         ] GC(250) User=0.00s Sys=0.00s Real=0.00s
[54.691s][info][gc,start       ] GC(251) Pause Young (Allocation Failure)
[54.697s][info][gc,heap        ] GC(251) DefNew: 560954K(629440K)->1378K(629440K) Eden: 559552K(559552K)->0K(559552K) From: 1402K(69888K)->1378K(69888K)
[54.697s][info][gc,heap        ] GC(251) Tenured: 37901K(1398144K)->37917K(1398144K)
[54.698s][info][gc,metaspace   ] GC(251) Metaspace: 73598K(74240K)->73598K(74240K) NonClass: 58456K(58688K)->58456K(58688K) Class: 15142K(15552K)->15142K(15552K)
[54.698s][info][gc             ] GC(251) Pause Young (Allocation Failure) 584M->38M(1980M) 6.083ms
[54.698s][info][gc,cpu         ] GC(251) User=0.00s Sys=0.00s Real=0.00s
[55.076s][info][gc,start       ] GC(252) Pause Young (Allocation Failure)
[55.080s][info][gc,heap        ] GC(252) DefNew: 560930K(629440K)->1347K(629440K) Eden: 559552K(559552K)->0K(559552K) From: 1378K(69888K)->1347K(69888K)
[55.081s][info][gc,heap        ] GC(252) Tenured: 37917K(1398144K)->37917K(1398144K)
[55.081s][info][gc,metaspace   ] GC(252) Metaspace: 73598K(74240K)->73598K(74240K) NonClass: 58456K(58688K)->58456K(58688K) Class: 15142K(15552K)->15142K(15552K)
[55.081s][info][gc             ] GC(252) Pause Young (Allocation Failure) 584M->38M(1980M) 4.461ms
[55.081s][info][gc,cpu         ] GC(252) User=0.00s Sys=0.00s Real=0.00s
[55.535s][info][gc,start       ] GC(253) Pause Young (Allocation Failure)
[55.539s][info][gc,heap        ] GC(253) DefNew: 560899K(629440K)->1364K(629440K) Eden: 559552K(559552K)->0K(559552K) From: 1347K(69888K)->1364K(69888K)
[55.539s][info][gc,heap        ] GC(253) Tenured: 37917K(1398144K)->37917K(1398144K)
[55.539s][info][gc,metaspace   ] GC(253) Metaspace: 73598K(74240K)->73598K(74240K) NonClass: 58456K(58688K)->58456K(58688K) Class: 15142K(15552K)->15142K(15552K)
[55.539s][info][gc             ] GC(253) Pause Young (Allocation Failure) 584M->38M(1980M) 4.058ms
[55.539s][info][gc,cpu         ] GC(253) User=0.02s Sys=0.00s Real=0.02s
[56.004s][info][gc,start       ] GC(254) Pause Young (Allocation Failure)
[56.008s][info][gc,heap        ] GC(254) DefNew: 560916K(629440K)->1350K(629440K) Eden: 559552K(559552K)->0K(559552K) From: 1364K(69888K)->1350K(69888K)
[56.008s][info][gc,heap        ] GC(254) Tenured: 37917K(1398144K)->37917K(1398144K)
[56.008s][info][gc,metaspace   ] GC(254) Metaspace: 73598K(74240K)->73598K(74240K) NonClass: 58456K(58688K)->58456K(58688K) Class: 15142K(15552K)->15142K(15552K)
[56.008s][info][gc             ] GC(254) Pause Young (Allocation Failure) 584M->38M(1980M) 4.056ms
[56.008s][info][gc,cpu         ] GC(254) User=0.00s Sys=0.00s Real=0.00s
[56.372s][info][gc,start       ] GC(255) Pause Full (System.gc())
[56.372s][info][gc,phases,start] GC(255) Phase 1: Mark live objects
[56.425s][info][gc,phases      ] GC(255) Phase 1: Mark live objects 53.078ms
[56.425s][info][gc,phases,start] GC(255) Phase 2: Compute new object addresses
[56.541s][info][gc,phases      ] GC(255) Phase 2: Compute new object addresses 116.062ms
[56.542s][info][gc,phases,start] GC(255) Phase 3: Adjust pointers
[56.566s][info][gc,phases      ] GC(255) Phase 3: Adjust pointers 24.239ms
[56.566s][info][gc,phases,start] GC(255) Phase 4: Move objects
[56.567s][info][gc,phases      ] GC(255) Phase 4: Move objects 1.009ms
[56.567s][info][gc,heap        ] GC(255) DefNew: 321074K(629440K)->0K(629440K) Eden: 319724K(559552K)->0K(559552K) From: 1350K(69888K)->0K(69888K)
[56.567s][info][gc,heap        ] GC(255) Tenured: 37917K(1398144K)->39128K(1398144K)
[56.567s][info][gc,metaspace   ] GC(255) Metaspace: 73613K(74240K)->73613K(74240K) NonClass: 58471K(58688K)->58471K(58688K) Class: 15142K(15552K)->15142K(15552K)
[56.567s][info][gc             ] GC(255) Pause Full (System.gc()) 350M->38M(1980M) 195.187ms
[56.567s][info][gc,cpu         ] GC(255) User=0.19s Sys=0.00s Real=0.19s
[56.734s][info][gc,start       ] GC(256) Pause Young (Allocation Failure)
[56.748s][info][gc,heap        ] GC(256) DefNew: 559552K(629440K)->3419K(629440K) Eden: 559552K(559552K)->0K(559552K) From: 0K(69888K)->3419K(69888K)
[56.749s][info][gc,heap        ] GC(256) Tenured: 39128K(1398144K)->39128K(1398144K)
[56.749s][info][gc,metaspace   ] GC(256) Metaspace: 73683K(74304K)->73683K(74304K) NonClass: 58540K(58752K)->58540K(58752K) Class: 15142K(15552K)->15142K(15552K)
[56.749s][info][gc             ] GC(256) Pause Young (Allocation Failure) 584M->41M(1980M) 14.960ms
[56.749s][info][gc,cpu         ] GC(256) User=0.00s Sys=0.00s Real=0.00s
[56.887s][info][gc,start       ] GC(257) Pause Young (Allocation Failure)
[56.901s][info][gc,heap        ] GC(257) DefNew: 562971K(629440K)->3421K(629440K) Eden: 559552K(559552K)->0K(559552K) From: 3419K(69888K)->3421K(69888K)
[56.901s][info][gc,heap        ] GC(257) Tenured: 39128K(1398144K)->39128K(1398144K)
[56.901s][info][gc,metaspace   ] GC(257) Metaspace: 73683K(74304K)->73683K(74304K) NonClass: 58540K(58752K)->58540K(58752K) Class: 15142K(15552K)->15142K(15552K)
[56.901s][info][gc             ] GC(257) Pause Young (Allocation Failure) 587M->41M(1980M) 13.714ms
[56.901s][info][gc,cpu         ] GC(257) User=0.02s Sys=0.00s Real=0.01s
[57.040s][info][gc,start       ] GC(258) Pause Young (Allocation Failure)
[57.053s][info][gc,heap        ] GC(258) DefNew: 562973K(629440K)->3464K(629440K) Eden: 559552K(559552K)->0K(559552K) From: 3421K(69888K)->3464K(69888K)
[57.053s][info][gc,heap        ] GC(258) Tenured: 39128K(1398144K)->39128K(1398144K)
[57.053s][info][gc,metaspace   ] GC(258) Metaspace: 73683K(74304K)->73683K(74304K) NonClass: 58540K(58752K)->58540K(58752K) Class: 15142K(15552K)->15142K(15552K)
[57.053s][info][gc             ] GC(258) Pause Young (Allocation Failure) 587M->41M(1980M) 12.971ms
[57.053s][info][gc,cpu         ] GC(258) User=0.00s Sys=0.00s Real=0.00s
[57.192s][info][gc,start       ] GC(259) Pause Young (Allocation Failure)
[57.204s][info][gc,heap        ] GC(259) DefNew: 563016K(629440K)->3454K(629440K) Eden: 559552K(559552K)->0K(559552K) From: 3464K(69888K)->3454K(69888K)
[57.204s][info][gc,heap        ] GC(259) Tenured: 39128K(1398144K)->39128K(1398144K)
[57.204s][info][gc,metaspace   ] GC(259) Metaspace: 73683K(74304K)->73683K(74304K) NonClass: 58540K(58752K)->58540K(58752K) Class: 15142K(15552K)->15142K(15552K)
[57.204s][info][gc             ] GC(259) Pause Young (Allocation Failure) 588M->41M(1980M) 12.314ms
[57.204s][info][gc,cpu         ] GC(259) User=0.00s Sys=0.00s Real=0.00s
[57.342s][info][gc,start       ] GC(260) Pause Young (Allocation Failure)
[57.354s][info][gc,heap        ] GC(260) DefNew: 563006K(629440K)->3407K(629440K) Eden: 559552K(559552K)->0K(559552K) From: 3454K(69888K)->3407K(69888K)
[57.354s][info][gc,heap        ] GC(260) Tenured: 39128K(1398144K)->39128K(1398144K)
[57.354s][info][gc,metaspace   ] GC(260) Metaspace: 73683K(74304K)->73683K(74304K) NonClass: 58540K(58752K)->58540K(58752K) Class: 15142K(15552K)->15142K(15552K)
[57.354s][info][gc             ] GC(260) Pause Young (Allocation Failure) 588M->41M(1980M) 12.309ms
[57.354s][info][gc,cpu         ] GC(260) User=0.00s Sys=0.00s Real=0.00s
[57.493s][info][gc,start       ] GC(261) Pause Young (Allocation Failure)
[57.505s][info][gc,heap        ] GC(261) DefNew: 562959K(629440K)->3389K(629440K) Eden: 559552K(559552K)->0K(559552K) From: 3407K(69888K)->3389K(69888K)
[57.505s][info][gc,heap        ] GC(261) Tenured: 39128K(1398144K)->39128K(1398144K)
[57.505s][info][gc,metaspace   ] GC(261) Metaspace: 73683K(74304K)->73683K(74304K) NonClass: 58540K(58752K)->58540K(58752K) Class: 15142K(15552K)->15142K(15552K)
[57.505s][info][gc             ] GC(261) Pause Young (Allocation Failure) 587M->41M(1980M) 12.414ms
[57.505s][info][gc,cpu         ] GC(261) User=0.02s Sys=0.00s Real=0.01s
[57.649s][info][gc,start       ] GC(262) Pause Young (Allocation Failure)
[57.661s][info][gc,heap        ] GC(262) DefNew: 562941K(629440K)->3387K(629440K) Eden: 559552K(559552K)->0K(559552K) From: 3389K(69888K)->3387K(69888K)
[57.661s][info][gc,heap        ] GC(262) Tenured: 39128K(1398144K)->39128K(1398144K)
[57.661s][info][gc,metaspace   ] GC(262) Metaspace: 73683K(74304K)->73683K(74304K) NonClass: 58540K(58752K)->58540K(58752K) Class: 15142K(15552K)->15142K(15552K)
[57.662s][info][gc             ] GC(262) Pause Young (Allocation Failure) 587M->41M(1980M) 12.219ms
[57.662s][info][gc,cpu         ] GC(262) User=0.00s Sys=0.00s Real=0.00s
[57.800s][info][gc,start       ] GC(263) Pause Young (Allocation Failure)
[57.812s][info][gc,heap        ] GC(263) DefNew: 562939K(629440K)->3366K(629440K) Eden: 559552K(559552K)->0K(559552K) From: 3387K(69888K)->3366K(69888K)
[57.812s][info][gc,heap        ] GC(263) Tenured: 39128K(1398144K)->39128K(1398144K)
[57.812s][info][gc,metaspace   ] GC(263) Metaspace: 73683K(74304K)->73683K(74304K) NonClass: 58540K(58752K)->58540K(58752K) Class: 15142K(15552K)->15142K(15552K)
[57.812s][info][gc             ] GC(263) Pause Young (Allocation Failure) 587M->41M(1980M) 12.109ms
[57.812s][info][gc,cpu         ] GC(263) User=0.00s Sys=0.00s Real=0.00s
[57.950s][info][gc,start       ] GC(264) Pause Young (Allocation Failure)
[57.966s][info][gc,heap        ] GC(264) DefNew: 562918K(629440K)->3335K(629440K) Eden: 559552K(559552K)->0K(559552K) From: 3366K(69888K)->3335K(69888K)
[57.966s][info][gc,heap        ] GC(264) Tenured: 39128K(1398144K)->39128K(1398144K)
[57.966s][info][gc,metaspace   ] GC(264) Metaspace: 73683K(74304K)->73683K(74304K) NonClass: 58540K(58752K)->58540K(58752K) Class: 15142K(15552K)->15142K(15552K)
[57.966s][info][gc             ] GC(264) Pause Young (Allocation Failure) 587M->41M(1980M) 15.496ms
[57.966s][info][gc,cpu         ] GC(264) User=0.00s Sys=0.00s Real=0.02s
[58.106s][info][gc,start       ] GC(265) Pause Young (Allocation Failure)
[58.118s][info][gc,heap        ] GC(265) DefNew: 562887K(629440K)->3350K(629440K) Eden: 559552K(559552K)->0K(559552K) From: 3335K(69888K)->3350K(69888K)
[58.118s][info][gc,heap        ] GC(265) Tenured: 39128K(1398144K)->39128K(1398144K)
[58.118s][info][gc,metaspace   ] GC(265) Metaspace: 73683K(74304K)->73683K(74304K) NonClass: 58540K(58752K)->58540K(58752K) Class: 15142K(15552K)->15142K(15552K)
[58.118s][info][gc             ] GC(265) Pause Young (Allocation Failure) 587M->41M(1980M) 12.083ms
[58.118s][info][gc,cpu         ] GC(265) User=0.02s Sys=0.00s Real=0.01s
[58.257s][info][gc,start       ] GC(266) Pause Young (Allocation Failure)
[58.269s][info][gc,heap        ] GC(266) DefNew: 562902K(629440K)->3384K(629440K) Eden: 559552K(559552K)->0K(559552K) From: 3350K(69888K)->3384K(69888K)
[58.269s][info][gc,heap        ] GC(266) Tenured: 39128K(1398144K)->39128K(1398144K)
[58.269s][info][gc,metaspace   ] GC(266) Metaspace: 73683K(74304K)->73683K(74304K) NonClass: 58540K(58752K)->58540K(58752K) Class: 15142K(15552K)->15142K(15552K)
[58.269s][info][gc             ] GC(266) Pause Young (Allocation Failure) 587M->41M(1980M) 12.536ms
[58.269s][info][gc,cpu         ] GC(266) User=0.02s Sys=0.00s Real=0.01s
[58.407s][info][gc,start       ] GC(267) Pause Young (Allocation Failure)
[58.420s][info][gc,heap        ] GC(267) DefNew: 562936K(629440K)->3417K(629440K) Eden: 559552K(559552K)->0K(559552K) From: 3384K(69888K)->3417K(69888K)
[58.420s][info][gc,heap        ] GC(267) Tenured: 39128K(1398144K)->39128K(1398144K)
[58.420s][info][gc,metaspace   ] GC(267) Metaspace: 73683K(74304K)->73683K(74304K) NonClass: 58540K(58752K)->58540K(58752K) Class: 15142K(15552K)->15142K(15552K)
[58.420s][info][gc             ] GC(267) Pause Young (Allocation Failure) 587M->41M(1980M) 12.333ms
[58.420s][info][gc,cpu         ] GC(267) User=0.00s Sys=0.00s Real=0.00s
[58.558s][info][gc,start       ] GC(268) Pause Young (Allocation Failure)
[58.571s][info][gc,heap        ] GC(268) DefNew: 562969K(629440K)->3384K(629440K) Eden: 559551K(559552K)->0K(559552K) From: 3417K(69888K)->3384K(69888K)
[58.571s][info][gc,heap        ] GC(268) Tenured: 39128K(1398144K)->39128K(1398144K)
[58.571s][info][gc,metaspace   ] GC(268) Metaspace: 73683K(74304K)->73683K(74304K) NonClass: 58540K(58752K)->58540K(58752K) Class: 15142K(15552K)->15142K(15552K)
[58.571s][info][gc             ] GC(268) Pause Young (Allocation Failure) 587M->41M(1980M) 13.193ms
[58.571s][info][gc,cpu         ] GC(268) User=0.00s Sys=0.00s Real=0.00s
[58.710s][info][gc,start       ] GC(269) Pause Young (Allocation Failure)
[58.723s][info][gc,heap        ] GC(269) DefNew: 562911K(629440K)->3388K(629440K) Eden: 559526K(559552K)->0K(559552K) From: 3384K(69888K)->3388K(69888K)
[58.723s][info][gc,heap        ] GC(269) Tenured: 39128K(1398144K)->39128K(1398144K)
[58.723s][info][gc,metaspace   ] GC(269) Metaspace: 73683K(74304K)->73683K(74304K) NonClass: 58540K(58752K)->58540K(58752K) Class: 15142K(15552K)->15142K(15552K)
[58.723s][info][gc             ] GC(269) Pause Young (Allocation Failure) 587M->41M(1980M) 12.850ms
[58.723s][info][gc,cpu         ] GC(269) User=0.00s Sys=0.00s Real=0.00s
[58.860s][info][gc,start       ] GC(270) Pause Young (Allocation Failure)
[58.872s][info][gc,heap        ] GC(270) DefNew: 562940K(629440K)->3378K(629440K) Eden: 559552K(559552K)->0K(559552K) From: 3388K(69888K)->3378K(69888K)
[58.872s][info][gc,heap        ] GC(270) Tenured: 39128K(1398144K)->39128K(1398144K)
[58.872s][info][gc,metaspace   ] GC(270) Metaspace: 73683K(74304K)->73683K(74304K) NonClass: 58540K(58752K)->58540K(58752K) Class: 15142K(15552K)->15142K(15552K)
[58.872s][info][gc             ] GC(270) Pause Young (Allocation Failure) 587M->41M(1980M) 12.163ms
[58.872s][info][gc,cpu         ] GC(270) User=0.00s Sys=0.00s Real=0.00s
[59.010s][info][gc,start       ] GC(271) Pause Young (Allocation Failure)
[59.025s][info][gc,heap        ] GC(271) DefNew: 562930K(629440K)->1510K(629440K) Eden: 559552K(559552K)->0K(559552K) From: 3378K(69888K)->1510K(69888K)
[59.025s][info][gc,heap        ] GC(271) Tenured: 39128K(1398144K)->41096K(1398144K)
[59.025s][info][gc,metaspace   ] GC(271) Metaspace: 73686K(74304K)->73686K(74304K) NonClass: 58544K(58752K)->58544K(58752K) Class: 15142K(15552K)->15142K(15552K)
[59.025s][info][gc             ] GC(271) Pause Young (Allocation Failure) 587M->41M(1980M) 14.521ms
[59.025s][info][gc,cpu         ] GC(271) User=0.00s Sys=0.00s Real=0.00s
[59.163s][info][gc,start       ] GC(272) Pause Young (Allocation Failure)
[59.172s][info][gc,heap        ] GC(272) DefNew: 561062K(629440K)->1455K(629440K) Eden: 559552K(559552K)->0K(559552K) From: 1510K(69888K)->1455K(69888K)
[59.172s][info][gc,heap        ] GC(272) Tenured: 41096K(1398144K)->41096K(1398144K)
[59.172s][info][gc,metaspace   ] GC(272) Metaspace: 73686K(74304K)->73686K(74304K) NonClass: 58544K(58752K)->58544K(58752K) Class: 15142K(15552K)->15142K(15552K)
[59.172s][info][gc             ] GC(272) Pause Young (Allocation Failure) 588M->41M(1980M) 9.232ms
[59.172s][info][gc,cpu         ] GC(272) User=0.00s Sys=0.00s Real=0.00s
[59.310s][info][gc,start       ] GC(273) Pause Young (Allocation Failure)
[59.319s][info][gc,heap        ] GC(273) DefNew: 561007K(629440K)->1436K(629440K) Eden: 559552K(559552K)->0K(559552K) From: 1455K(69888K)->1436K(69888K)
[59.319s][info][gc,heap        ] GC(273) Tenured: 41096K(1398144K)->41096K(1398144K)
[59.319s][info][gc,metaspace   ] GC(273) Metaspace: 73686K(74304K)->73686K(74304K) NonClass: 58544K(58752K)->58544K(58752K) Class: 15142K(15552K)->15142K(15552K)
[59.319s][info][gc             ] GC(273) Pause Young (Allocation Failure) 587M->41M(1980M) 9.037ms
[59.319s][info][gc,cpu         ] GC(273) User=0.00s Sys=0.00s Real=0.00s
[59.457s][info][gc,start       ] GC(274) Pause Young (Allocation Failure)
[59.466s][info][gc,heap        ] GC(274) DefNew: 560988K(629440K)->1492K(629440K) Eden: 559552K(559552K)->0K(559552K) From: 1436K(69888K)->1492K(69888K)
[59.466s][info][gc,heap        ] GC(274) Tenured: 41096K(1398144K)->41096K(1398144K)
[59.466s][info][gc,metaspace   ] GC(274) Metaspace: 73686K(74304K)->73686K(74304K) NonClass: 58544K(58752K)->58544K(58752K) Class: 15142K(15552K)->15142K(15552K)
[59.466s][info][gc             ] GC(274) Pause Young (Allocation Failure) 587M->41M(1980M) 9.036ms
[59.466s][info][gc,cpu         ] GC(274) User=0.00s Sys=0.00s Real=0.01s
[59.604s][info][gc,start       ] GC(275) Pause Young (Allocation Failure)
[59.612s][info][gc,heap        ] GC(275) DefNew: 561044K(629440K)->1428K(629440K) Eden: 559552K(559552K)->0K(559552K) From: 1492K(69888K)->1428K(69888K)
[59.612s][info][gc,heap        ] GC(275) Tenured: 41096K(1398144K)->41112K(1398144K)
[59.612s][info][gc,metaspace   ] GC(275) Metaspace: 73686K(74304K)->73686K(74304K) NonClass: 58544K(58752K)->58544K(58752K) Class: 15142K(15552K)->15142K(15552K)
[59.612s][info][gc             ] GC(275) Pause Young (Allocation Failure) 588M->41M(1980M) 8.594ms
[59.612s][info][gc,cpu         ] GC(275) User=0.00s Sys=0.00s Real=0.00s
[59.749s][info][gc,start       ] GC(276) Pause Young (Allocation Failure)
[59.758s][info][gc,heap        ] GC(276) DefNew: 560980K(629440K)->1541K(629440K) Eden: 559552K(559552K)->0K(559552K) From: 1428K(69888K)->1541K(69888K)
[59.758s][info][gc,heap        ] GC(276) Tenured: 41112K(1398144K)->41112K(1398144K)
[59.758s][info][gc,metaspace   ] GC(276) Metaspace: 73686K(74304K)->73686K(74304K) NonClass: 58544K(58752K)->58544K(58752K) Class: 15142K(15552K)->15142K(15552K)
[59.758s][info][gc             ] GC(276) Pause Young (Allocation Failure) 587M->41M(1980M) 8.900ms
[59.758s][info][gc,cpu         ] GC(276) User=0.00s Sys=0.00s Real=0.00s
[59.895s][info][gc,start       ] GC(277) Pause Young (Allocation Failure)
[59.904s][info][gc,heap        ] GC(277) DefNew: 561093K(629440K)->1533K(629440K) Eden: 559552K(559552K)->0K(559552K) From: 1541K(69888K)->1533K(69888K)
[59.904s][info][gc,heap        ] GC(277) Tenured: 41112K(1398144K)->41112K(1398144K)
[59.904s][info][gc,metaspace   ] GC(277) Metaspace: 73686K(74304K)->73686K(74304K) NonClass: 58544K(58752K)->58544K(58752K) Class: 15142K(15552K)->15142K(15552K)
[59.904s][info][gc             ] GC(277) Pause Young (Allocation Failure) 588M->41M(1980M) 8.882ms
[59.904s][info][gc,cpu         ] GC(277) User=0.00s Sys=0.00s Real=0.00s
[60.042s][info][gc,start       ] GC(278) Pause Young (Allocation Failure)
[60.050s][info][gc,heap        ] GC(278) DefNew: 561085K(629440K)->1519K(629440K) Eden: 559552K(559552K)->0K(559552K) From: 1533K(69888K)->1519K(69888K)
[60.050s][info][gc,heap        ] GC(278) Tenured: 41112K(1398144K)->41112K(1398144K)
[60.050s][info][gc,metaspace   ] GC(278) Metaspace: 73686K(74304K)->73686K(74304K) NonClass: 58544K(58752K)->58544K(58752K) Class: 15142K(15552K)->15142K(15552K)
[60.051s][info][gc             ] GC(278) Pause Young (Allocation Failure) 588M->41M(1980M) 8.825ms
[60.051s][info][gc,cpu         ] GC(278) User=0.00s Sys=0.00s Real=0.00s
[60.188s][info][gc,start       ] GC(279) Pause Young (Allocation Failure)
[60.197s][info][gc,heap        ] GC(279) DefNew: 561071K(629440K)->1457K(629440K) Eden: 559552K(559552K)->0K(559552K) From: 1519K(69888K)->1457K(69888K)
[60.197s][info][gc,heap        ] GC(279) Tenured: 41112K(1398144K)->41112K(1398144K)
[60.197s][info][gc,metaspace   ] GC(279) Metaspace: 73686K(74304K)->73686K(74304K) NonClass: 58544K(58752K)->58544K(58752K) Class: 15142K(15552K)->15142K(15552K)
[60.197s][info][gc             ] GC(279) Pause Young (Allocation Failure) 588M->41M(1980M) 8.777ms
[60.197s][info][gc,cpu         ] GC(279) User=0.00s Sys=0.00s Real=0.01s
[60.334s][info][gc,start       ] GC(280) Pause Young (Allocation Failure)
[60.343s][info][gc,heap        ] GC(280) DefNew: 561009K(629440K)->1500K(629440K) Eden: 559552K(559552K)->0K(559552K) From: 1457K(69888K)->1500K(69888K)
[60.343s][info][gc,heap        ] GC(280) Tenured: 41112K(1398144K)->41112K(1398144K)
[60.343s][info][gc,metaspace   ] GC(280) Metaspace: 73686K(74304K)->73686K(74304K) NonClass: 58544K(58752K)->58544K(58752K) Class: 15142K(15552K)->15142K(15552K)
[60.343s][info][gc             ] GC(280) Pause Young (Allocation Failure) 588M->41M(1980M) 8.777ms
[60.343s][info][gc,cpu         ] GC(280) User=0.02s Sys=0.00s Real=0.01s
[60.481s][info][gc,start       ] GC(281) Pause Young (Allocation Failure)
[60.489s][info][gc,heap        ] GC(281) DefNew: 561052K(629440K)->1515K(629440K) Eden: 559552K(559552K)->0K(559552K) From: 1500K(69888K)->1515K(69888K)
[60.489s][info][gc,heap        ] GC(281) Tenured: 41112K(1398144K)->41112K(1398144K)
[60.489s][info][gc,metaspace   ] GC(281) Metaspace: 73686K(74304K)->73686K(74304K) NonClass: 58544K(58752K)->58544K(58752K) Class: 15142K(15552K)->15142K(15552K)
[60.489s][info][gc             ] GC(281) Pause Young (Allocation Failure) 588M->41M(1980M) 8.798ms
[60.489s][info][gc,cpu         ] GC(281) User=0.02s Sys=0.00s Real=0.01s
[60.628s][info][gc,start       ] GC(282) Pause Young (Allocation Failure)
[60.637s][info][gc,heap        ] GC(282) DefNew: 561067K(629440K)->1445K(629440K) Eden: 559552K(559552K)->0K(559552K) From: 1515K(69888K)->1445K(69888K)
[60.637s][info][gc,heap        ] GC(282) Tenured: 41112K(1398144K)->41129K(1398144K)
[60.637s][info][gc,metaspace   ] GC(282) Metaspace: 73686K(74304K)->73686K(74304K) NonClass: 58544K(58752K)->58544K(58752K) Class: 15142K(15552K)->15142K(15552K)
[60.637s][info][gc             ] GC(282) Pause Young (Allocation Failure) 588M->41M(1980M) 9.294ms
[60.637s][info][gc,cpu         ] GC(282) User=0.00s Sys=0.00s Real=0.01s
[60.775s][info][gc,start       ] GC(283) Pause Young (Allocation Failure)
[60.784s][info][gc,heap        ] GC(283) DefNew: 560997K(629440K)->1491K(629440K) Eden: 559552K(559552K)->0K(559552K) From: 1445K(69888K)->1491K(69888K)
[60.784s][info][gc,heap        ] GC(283) Tenured: 41129K(1398144K)->41129K(1398144K)
[60.784s][info][gc,metaspace   ] GC(283) Metaspace: 73686K(74304K)->73686K(74304K) NonClass: 58544K(58752K)->58544K(58752K) Class: 15142K(15552K)->15142K(15552K)
[60.784s][info][gc             ] GC(283) Pause Young (Allocation Failure) 588M->41M(1980M) 9.237ms
[60.784s][info][gc,cpu         ] GC(283) User=0.00s Sys=0.00s Real=0.00s
[60.921s][info][gc,start       ] GC(284) Pause Young (Allocation Failure)
[60.930s][info][gc,heap        ] GC(284) DefNew: 561043K(629440K)->1464K(629440K) Eden: 559552K(559552K)->0K(559552K) From: 1491K(69888K)->1464K(69888K)
[60.931s][info][gc,heap        ] GC(284) Tenured: 41129K(1398144K)->41129K(1398144K)
[60.931s][info][gc,metaspace   ] GC(284) Metaspace: 73686K(74304K)->73686K(74304K) NonClass: 58544K(58752K)->58544K(58752K) Class: 15142K(15552K)->15142K(15552K)
[60.931s][info][gc             ] GC(284) Pause Young (Allocation Failure) 588M->41M(1980M) 9.360ms
[60.931s][info][gc,cpu         ] GC(284) User=0.00s Sys=0.00s Real=0.00s
[61.069s][info][gc,start       ] GC(285) Pause Young (Allocation Failure)
[61.078s][info][gc,heap        ] GC(285) DefNew: 561016K(629440K)->1492K(629440K) Eden: 559552K(559552K)->0K(559552K) From: 1464K(69888K)->1492K(69888K)
[61.078s][info][gc,heap        ] GC(285) Tenured: 41129K(1398144K)->41129K(1398144K)
[61.078s][info][gc,metaspace   ] GC(285) Metaspace: 73686K(74304K)->73686K(74304K) NonClass: 58544K(58752K)->58544K(58752K) Class: 15142K(15552K)->15142K(15552K)
[61.078s][info][gc             ] GC(285) Pause Young (Allocation Failure) 588M->41M(1980M) 9.139ms
[61.078s][info][gc,cpu         ] GC(285) User=0.00s Sys=0.00s Real=0.00s
[61.216s][info][gc,start       ] GC(286) Pause Young (Allocation Failure)
[61.226s][info][gc,heap        ] GC(286) DefNew: 561044K(629440K)->1489K(629440K) Eden: 559552K(559552K)->0K(559552K) From: 1492K(69888K)->1489K(69888K)
[61.226s][info][gc,heap        ] GC(286) Tenured: 41129K(1398144K)->41165K(1398144K)
[61.226s][info][gc,metaspace   ] GC(286) Metaspace: 73686K(74304K)->73686K(74304K) NonClass: 58544K(58752K)->58544K(58752K) Class: 15142K(15552K)->15142K(15552K)
[61.226s][info][gc             ] GC(286) Pause Young (Allocation Failure) 588M->41M(1980M) 9.793ms
[61.226s][info][gc,cpu         ] GC(286) User=0.00s Sys=0.00s Real=0.00s
[61.370s][info][gc,start       ] GC(287) Pause Young (Allocation Failure)
[61.379s][info][gc,heap        ] GC(287) DefNew: 561041K(629440K)->1445K(629440K) Eden: 559552K(559552K)->0K(559552K) From: 1489K(69888K)->1445K(69888K)
[61.379s][info][gc,heap        ] GC(287) Tenured: 41165K(1398144K)->41165K(1398144K)
[61.379s][info][gc,metaspace   ] GC(287) Metaspace: 73686K(74304K)->73686K(74304K) NonClass: 58544K(58752K)->58544K(58752K) Class: 15142K(15552K)->15142K(15552K)
[61.379s][info][gc             ] GC(287) Pause Young (Allocation Failure) 588M->41M(1980M) 9.185ms
[61.379s][info][gc,cpu         ] GC(287) User=0.00s Sys=0.00s Real=0.00s
[61.518s][info][gc,start       ] GC(288) Pause Young (Allocation Failure)
[61.527s][info][gc,heap        ] GC(288) DefNew: 560997K(629440K)->1510K(629440K) Eden: 559552K(559552K)->0K(559552K) From: 1445K(69888K)->1510K(69888K)
[61.527s][info][gc,heap        ] GC(288) Tenured: 41165K(1398144K)->41166K(1398144K)
[61.527s][info][gc,metaspace   ] GC(288) Metaspace: 73688K(74304K)->73688K(74304K) NonClass: 58545K(58752K)->58545K(58752K) Class: 15142K(15552K)->15142K(15552K)
[61.527s][info][gc             ] GC(288) Pause Young (Allocation Failure) 588M->41M(1980M) 8.916ms
[61.527s][info][gc,cpu         ] GC(288) User=0.00s Sys=0.00s Real=0.00s
[61.668s][info][gc,start       ] GC(289) Pause Young (Allocation Failure)
[61.676s][info][gc,heap        ] GC(289) DefNew: 561062K(629440K)->1479K(629440K) Eden: 559552K(559552K)->0K(559552K) From: 1510K(69888K)->1479K(69888K)
[61.677s][info][gc,heap        ] GC(289) Tenured: 41166K(1398144K)->41183K(1398144K)
[61.677s][info][gc,metaspace   ] GC(289) Metaspace: 73688K(74304K)->73688K(74304K) NonClass: 58546K(58752K)->58546K(58752K) Class: 15142K(15552K)->15142K(15552K)
[61.677s][info][gc             ] GC(289) Pause Young (Allocation Failure) 588M->41M(1980M) 8.773ms
[61.677s][info][gc,cpu         ] GC(289) User=0.00s Sys=0.00s Real=0.00s
[61.822s][info][gc,start       ] GC(290) Pause Young (Allocation Failure)
[61.830s][info][gc,heap        ] GC(290) DefNew: 561031K(629440K)->1476K(629440K) Eden: 559552K(559552K)->0K(559552K) From: 1479K(69888K)->1476K(69888K)
[61.830s][info][gc,heap        ] GC(290) Tenured: 41183K(1398144K)->41183K(1398144K)
[61.830s][info][gc,metaspace   ] GC(290) Metaspace: 73689K(74304K)->73689K(74304K) NonClass: 58546K(58752K)->58546K(58752K) Class: 15142K(15552K)->15142K(15552K)
[61.831s][info][gc             ] GC(290) Pause Young (Allocation Failure) 588M->41M(1980M) 8.445ms
[61.831s][info][gc,cpu         ] GC(290) User=0.00s Sys=0.00s Real=0.00s
[61.991s][info][gc,start       ] GC(291) Pause Young (Allocation Failure)
[61.998s][info][gc,heap        ] GC(291) DefNew: 561028K(629440K)->1423K(629440K) Eden: 559552K(559552K)->0K(559552K) From: 1476K(69888K)->1423K(69888K)
[61.998s][info][gc,heap        ] GC(291) Tenured: 41183K(1398144K)->41183K(1398144K)
[61.998s][info][gc,metaspace   ] GC(291) Metaspace: 73689K(74304K)->73689K(74304K) NonClass: 58546K(58752K)->58546K(58752K) Class: 15142K(15552K)->15142K(15552K)
[61.998s][info][gc             ] GC(291) Pause Young (Allocation Failure) 588M->41M(1980M) 7.406ms
[61.998s][info][gc,cpu         ] GC(291) User=0.00s Sys=0.00s Real=0.00s
[62.208s][info][gc,start       ] GC(292) Pause Young (Allocation Failure)
[62.222s][info][gc,heap        ] GC(292) DefNew: 560975K(629440K)->1385K(629440K) Eden: 559552K(559552K)->0K(559552K) From: 1423K(69888K)->1385K(69888K)
[62.222s][info][gc,heap        ] GC(292) Tenured: 41183K(1398144K)->41183K(1398144K)
[62.222s][info][gc,metaspace   ] GC(292) Metaspace: 73689K(74304K)->73689K(74304K) NonClass: 58546K(58752K)->58546K(58752K) Class: 15142K(15552K)->15142K(15552K)
[62.222s][info][gc             ] GC(292) Pause Young (Allocation Failure) 588M->41M(1980M) 13.931ms
[62.222s][info][gc,cpu         ] GC(292) User=0.00s Sys=0.00s Real=0.00s
[62.456s][info][gc,start       ] GC(293) Pause Young (Allocation Failure)
[62.462s][info][gc,heap        ] GC(293) DefNew: 560937K(629440K)->1419K(629440K) Eden: 559552K(559552K)->0K(559552K) From: 1385K(69888K)->1419K(69888K)
[62.462s][info][gc,heap        ] GC(293) Tenured: 41183K(1398144K)->41183K(1398144K)
[62.462s][info][gc,metaspace   ] GC(293) Metaspace: 73689K(74304K)->73689K(74304K) NonClass: 58546K(58752K)->58546K(58752K) Class: 15142K(15552K)->15142K(15552K)
[62.462s][info][gc             ] GC(293) Pause Young (Allocation Failure) 588M->41M(1980M) 6.090ms
[62.462s][info][gc,cpu         ] GC(293) User=0.00s Sys=0.00s Real=0.00s
[62.725s][info][gc,start       ] GC(294) Pause Young (Allocation Failure)
[62.730s][info][gc,heap        ] GC(294) DefNew: 560971K(629440K)->1345K(629440K) Eden: 559552K(559552K)->0K(559552K) From: 1419K(69888K)->1345K(69888K)
[62.730s][info][gc,heap        ] GC(294) Tenured: 41183K(1398144K)->41183K(1398144K)
[62.730s][info][gc,metaspace   ] GC(294) Metaspace: 73689K(74304K)->73689K(74304K) NonClass: 58546K(58752K)->58546K(58752K) Class: 15142K(15552K)->15142K(15552K)
[62.730s][info][gc             ] GC(294) Pause Young (Allocation Failure) 588M->41M(1980M) 5.116ms
[62.730s][info][gc,cpu         ] GC(294) User=0.02s Sys=0.00s Real=0.02s
[63.152s][info][gc,start       ] GC(295) Pause Young (Allocation Failure)
[63.160s][info][gc,heap        ] GC(295) DefNew: 560897K(629440K)->1321K(629440K) Eden: 559552K(559552K)->0K(559552K) From: 1345K(69888K)->1321K(69888K)
[63.160s][info][gc,heap        ] GC(295) Tenured: 41183K(1398144K)->41199K(1398144K)
[63.160s][info][gc,metaspace   ] GC(295) Metaspace: 73689K(74304K)->73689K(74304K) NonClass: 58546K(58752K)->58546K(58752K) Class: 15142K(15552K)->15142K(15552K)
[63.160s][info][gc             ] GC(295) Pause Young (Allocation Failure) 587M->41M(1980M) 8.248ms
[63.160s][info][gc,cpu         ] GC(295) User=0.00s Sys=0.00s Real=0.00s
[63.704s][info][gc,start       ] GC(296) Pause Young (Allocation Failure)
[63.708s][info][gc,heap        ] GC(296) DefNew: 560873K(629440K)->1348K(629440K) Eden: 559552K(559552K)->0K(559552K) From: 1321K(69888K)->1348K(69888K)
[63.708s][info][gc,heap        ] GC(296) Tenured: 41199K(1398144K)->41199K(1398144K)
[63.708s][info][gc,metaspace   ] GC(296) Metaspace: 73689K(74304K)->73689K(74304K) NonClass: 58546K(58752K)->58546K(58752K) Class: 15142K(15552K)->15142K(15552K)
[63.708s][info][gc             ] GC(296) Pause Young (Allocation Failure) 587M->41M(1980M) 4.213ms
[63.708s][info][gc,cpu         ] GC(296) User=0.00s Sys=0.00s Real=0.00s
[64.147s][info][gc,start       ] GC(297) Pause Full (System.gc())
[64.147s][info][gc,phases,start] GC(297) Phase 1: Mark live objects
[64.201s][info][gc,phases      ] GC(297) Phase 1: Mark live objects 54.080ms
[64.201s][info][gc,phases,start] GC(297) Phase 2: Compute new object addresses
[64.317s][info][gc,phases      ] GC(297) Phase 2: Compute new object addresses 115.999ms
[64.317s][info][gc,phases,start] GC(297) Phase 3: Adjust pointers
[64.342s][info][gc,phases      ] GC(297) Phase 3: Adjust pointers 24.549ms
[64.342s][info][gc,phases,start] GC(297) Phase 4: Move objects
[64.343s][info][gc,phases      ] GC(297) Phase 4: Move objects 0.987ms
[64.343s][info][gc,heap        ] GC(297) DefNew: 317960K(629440K)->0K(629440K) Eden: 316611K(559552K)->0K(559552K) From: 1348K(69888K)->0K(69888K)
[64.343s][info][gc,heap        ] GC(297) Tenured: 41199K(1398144K)->42399K(1398144K)
[64.343s][info][gc,metaspace   ] GC(297) Metaspace: 73692K(74304K)->73692K(74304K) NonClass: 58550K(58752K)->58550K(58752K) Class: 15142K(15552K)->15142K(15552K)
[64.343s][info][gc             ] GC(297) Pause Full (System.gc()) 350M->41M(1980M) 196.368ms
[64.343s][info][gc,cpu         ] GC(297) User=0.19s Sys=0.00s Real=0.19s
[64.512s][info][gc,start       ] GC(298) Pause Young (Allocation Failure)
[64.528s][info][gc,heap        ] GC(298) DefNew: 559552K(629440K)->3598K(629440K) Eden: 559552K(559552K)->0K(559552K) From: 0K(69888K)->3598K(69888K)
[64.528s][info][gc,heap        ] GC(298) Tenured: 42399K(1398144K)->42399K(1398144K)
[64.528s][info][gc,metaspace   ] GC(298) Metaspace: 73770K(74368K)->73770K(74368K) NonClass: 58627K(58816K)->58627K(58816K) Class: 15142K(15552K)->15142K(15552K)
[64.528s][info][gc             ] GC(298) Pause Young (Allocation Failure) 587M->44M(1980M) 15.535ms
[64.528s][info][gc,cpu         ] GC(298) User=0.02s Sys=0.00s Real=0.02s
[64.667s][info][gc,start       ] GC(299) Pause Young (Allocation Failure)
[64.680s][info][gc,heap        ] GC(299) DefNew: 563150K(629440K)->3565K(629440K) Eden: 559552K(559552K)->0K(559552K) From: 3598K(69888K)->3565K(69888K)
[64.680s][info][gc,heap        ] GC(299) Tenured: 42399K(1398144K)->42399K(1398144K)
[64.680s][info][gc,metaspace   ] GC(299) Metaspace: 73770K(74368K)->73770K(74368K) NonClass: 58627K(58816K)->58627K(58816K) Class: 15142K(15552K)->15142K(15552K)
[64.680s][info][gc             ] GC(299) Pause Young (Allocation Failure) 591M->44M(1980M) 12.577ms
[64.680s][info][gc,cpu         ] GC(299) User=0.00s Sys=0.00s Real=0.00s
[64.819s][info][gc,start       ] GC(300) Pause Young (Allocation Failure)
[64.832s][info][gc,heap        ] GC(300) DefNew: 563117K(629440K)->3623K(629440K) Eden: 559552K(559552K)->0K(559552K) From: 3565K(69888K)->3623K(69888K)
[64.832s][info][gc,heap        ] GC(300) Tenured: 42399K(1398144K)->42399K(1398144K)
[64.832s][info][gc,metaspace   ] GC(300) Metaspace: 73770K(74368K)->73770K(74368K) NonClass: 58627K(58816K)->58627K(58816K) Class: 15142K(15552K)->15142K(15552K)
[64.832s][info][gc             ] GC(300) Pause Young (Allocation Failure) 591M->44M(1980M) 12.768ms
[64.832s][info][gc,cpu         ] GC(300) User=0.00s Sys=0.00s Real=0.00s
[64.970s][info][gc,start       ] GC(301) Pause Young (Allocation Failure)
[64.982s][info][gc,heap        ] GC(301) DefNew: 563175K(629440K)->3530K(629440K) Eden: 559552K(559552K)->0K(559552K) From: 3623K(69888K)->3530K(69888K)
[64.982s][info][gc,heap        ] GC(301) Tenured: 42399K(1398144K)->42399K(1398144K)
[64.982s][info][gc,metaspace   ] GC(301) Metaspace: 73770K(74368K)->73770K(74368K) NonClass: 58627K(58816K)->58627K(58816K) Class: 15142K(15552K)->15142K(15552K)
[64.982s][info][gc             ] GC(301) Pause Young (Allocation Failure) 591M->44M(1980M) 12.447ms
[64.982s][info][gc,cpu         ] GC(301) User=0.00s Sys=0.00s Real=0.00s
[65.120s][info][gc,start       ] GC(302) Pause Young (Allocation Failure)
[65.134s][info][gc,heap        ] GC(302) DefNew: 563082K(629440K)->3499K(629440K) Eden: 559552K(559552K)->0K(559552K) From: 3530K(69888K)->3499K(69888K)
[65.134s][info][gc,heap        ] GC(302) Tenured: 42399K(1398144K)->42399K(1398144K)
[65.134s][info][gc,metaspace   ] GC(302) Metaspace: 73770K(74368K)->73770K(74368K) NonClass: 58627K(58816K)->58627K(58816K) Class: 15142K(15552K)->15142K(15552K)
[65.134s][info][gc             ] GC(302) Pause Young (Allocation Failure) 591M->44M(1980M) 13.784ms
[65.134s][info][gc,cpu         ] GC(302) User=0.00s Sys=0.00s Real=0.00s
[65.272s][info][gc,start       ] GC(303) Pause Young (Allocation Failure)
[65.285s][info][gc,heap        ] GC(303) DefNew: 563051K(629440K)->3511K(629440K) Eden: 559552K(559552K)->0K(559552K) From: 3499K(69888K)->3511K(69888K)
[65.285s][info][gc,heap        ] GC(303) Tenured: 42399K(1398144K)->42399K(1398144K)
[65.285s][info][gc,metaspace   ] GC(303) Metaspace: 73770K(74368K)->73770K(74368K) NonClass: 58627K(58816K)->58627K(58816K) Class: 15142K(15552K)->15142K(15552K)
[65.285s][info][gc             ] GC(303) Pause Young (Allocation Failure) 591M->44M(1980M) 13.156ms
[65.285s][info][gc,cpu         ] GC(303) User=0.00s Sys=0.00s Real=0.00s
[65.423s][info][gc,start       ] GC(304) Pause Young (Allocation Failure)
[65.436s][info][gc,heap        ] GC(304) DefNew: 563063K(629440K)->3587K(629440K) Eden: 559552K(559552K)->0K(559552K) From: 3511K(69888K)->3587K(69888K)
[65.436s][info][gc,heap        ] GC(304) Tenured: 42399K(1398144K)->42399K(1398144K)
[65.436s][info][gc,metaspace   ] GC(304) Metaspace: 73770K(74368K)->73770K(74368K) NonClass: 58627K(58816K)->58627K(58816K) Class: 15142K(15552K)->15142K(15552K)
[65.436s][info][gc             ] GC(304) Pause Young (Allocation Failure) 591M->44M(1980M) 12.583ms
[65.436s][info][gc,cpu         ] GC(304) User=0.00s Sys=0.00s Real=0.00s
[65.573s][info][gc,start       ] GC(305) Pause Young (Allocation Failure)
[65.585s][info][gc,heap        ] GC(305) DefNew: 563139K(629440K)->3457K(629440K) Eden: 559552K(559552K)->0K(559552K) From: 3587K(69888K)->3457K(69888K)
[65.585s][info][gc,heap        ] GC(305) Tenured: 42399K(1398144K)->42399K(1398144K)
[65.585s][info][gc,metaspace   ] GC(305) Metaspace: 73770K(74368K)->73770K(74368K) NonClass: 58627K(58816K)->58627K(58816K) Class: 15142K(15552K)->15142K(15552K)
[65.585s][info][gc             ] GC(305) Pause Young (Allocation Failure) 591M->44M(1980M) 11.964ms
[65.585s][info][gc,cpu         ] GC(305) User=0.00s Sys=0.00s Real=0.00s
[65.724s][info][gc,start       ] GC(306) Pause Young (Allocation Failure)
[65.738s][info][gc,heap        ] GC(306) DefNew: 563009K(629440K)->3499K(629440K) Eden: 559552K(559552K)->0K(559552K) From: 3457K(69888K)->3499K(69888K)
[65.738s][info][gc,heap        ] GC(306) Tenured: 42399K(1398144K)->42399K(1398144K)
[65.738s][info][gc,metaspace   ] GC(306) Metaspace: 73770K(74368K)->73770K(74368K) NonClass: 58627K(58816K)->58627K(58816K) Class: 15142K(15552K)->15142K(15552K)
[65.738s][info][gc             ] GC(306) Pause Young (Allocation Failure) 591M->44M(1980M) 13.728ms
[65.738s][info][gc,cpu         ] GC(306) User=0.00s Sys=0.00s Real=0.00s
[65.877s][info][gc,start       ] GC(307) Pause Young (Allocation Failure)
[65.890s][info][gc,heap        ] GC(307) DefNew: 563051K(629440K)->3501K(629440K) Eden: 559552K(559552K)->0K(559552K) From: 3499K(69888K)->3501K(69888K)
[65.890s][info][gc,heap        ] GC(307) Tenured: 42399K(1398144K)->42399K(1398144K)
[65.890s][info][gc,metaspace   ] GC(307) Metaspace: 73770K(74368K)->73770K(74368K) NonClass: 58627K(58816K)->58627K(58816K) Class: 15142K(15552K)->15142K(15552K)
[65.890s][info][gc             ] GC(307) Pause Young (Allocation Failure) 591M->44M(1980M) 13.112ms
[65.890s][info][gc,cpu         ] GC(307) User=0.00s Sys=0.00s Real=0.00s
[66.030s][info][gc,start       ] GC(308) Pause Young (Allocation Failure)
[66.043s][info][gc,heap        ] GC(308) DefNew: 563053K(629440K)->3545K(629440K) Eden: 559552K(559552K)->0K(559552K) From: 3501K(69888K)->3545K(69888K)
[66.043s][info][gc,heap        ] GC(308) Tenured: 42399K(1398144K)->42399K(1398144K)
[66.043s][info][gc,metaspace   ] GC(308) Metaspace: 73770K(74368K)->73770K(74368K) NonClass: 58627K(58816K)->58627K(58816K) Class: 15142K(15552K)->15142K(15552K)
[66.043s][info][gc             ] GC(308) Pause Young (Allocation Failure) 591M->44M(1980M) 12.785ms
[66.043s][info][gc,cpu         ] GC(308) User=0.00s Sys=0.00s Real=0.00s
[66.182s][info][gc,start       ] GC(309) Pause Young (Allocation Failure)
[66.194s][info][gc,heap        ] GC(309) DefNew: 563097K(629440K)->3444K(629440K) Eden: 559552K(559552K)->0K(559552K) From: 3545K(69888K)->3444K(69888K)
[66.194s][info][gc,heap        ] GC(309) Tenured: 42399K(1398144K)->42399K(1398144K)
[66.194s][info][gc,metaspace   ] GC(309) Metaspace: 73770K(74368K)->73770K(74368K) NonClass: 58627K(58816K)->58627K(58816K) Class: 15142K(15552K)->15142K(15552K)
[66.194s][info][gc             ] GC(309) Pause Young (Allocation Failure) 591M->44M(1980M) 12.019ms
[66.194s][info][gc,cpu         ] GC(309) User=0.00s Sys=0.00s Real=0.00s
[66.333s][info][gc,start       ] GC(310) Pause Young (Allocation Failure)
[66.345s][info][gc,heap        ] GC(310) DefNew: 562996K(629440K)->3515K(629440K) Eden: 559552K(559552K)->0K(559552K) From: 3444K(69888K)->3515K(69888K)
[66.345s][info][gc,heap        ] GC(310) Tenured: 42399K(1398144K)->42399K(1398144K)
[66.345s][info][gc,metaspace   ] GC(310) Metaspace: 73770K(74368K)->73770K(74368K) NonClass: 58627K(58816K)->58627K(58816K) Class: 15142K(15552K)->15142K(15552K)
[66.345s][info][gc             ] GC(310) Pause Young (Allocation Failure) 591M->44M(1980M) 12.316ms
[66.345s][info][gc,cpu         ] GC(310) User=0.00s Sys=0.00s Real=0.00s
[66.485s][info][gc,start       ] GC(311) Pause Young (Allocation Failure)
[66.497s][info][gc,heap        ] GC(311) DefNew: 563067K(629440K)->3509K(629440K) Eden: 559552K(559552K)->0K(559552K) From: 3515K(69888K)->3509K(69888K)
[66.497s][info][gc,heap        ] GC(311) Tenured: 42399K(1398144K)->42399K(1398144K)
[66.497s][info][gc,metaspace   ] GC(311) Metaspace: 73770K(74368K)->73770K(74368K) NonClass: 58627K(58816K)->58627K(58816K) Class: 15142K(15552K)->15142K(15552K)
[66.497s][info][gc             ] GC(311) Pause Young (Allocation Failure) 591M->44M(1980M) 12.145ms
[66.497s][info][gc,cpu         ] GC(311) User=0.00s Sys=0.00s Real=0.00s
[66.637s][info][gc,start       ] GC(312) Pause Young (Allocation Failure)
[66.651s][info][gc,heap        ] GC(312) DefNew: 563061K(629440K)->3643K(629440K) Eden: 559552K(559552K)->0K(559552K) From: 3509K(69888K)->3643K(69888K)
[66.651s][info][gc,heap        ] GC(312) Tenured: 42399K(1398144K)->42399K(1398144K)
[66.651s][info][gc,metaspace   ] GC(312) Metaspace: 73770K(74368K)->73770K(74368K) NonClass: 58627K(58816K)->58627K(58816K) Class: 15142K(15552K)->15142K(15552K)
[66.652s][info][gc             ] GC(312) Pause Young (Allocation Failure) 591M->44M(1980M) 14.108ms
[66.652s][info][gc,cpu         ] GC(312) User=0.00s Sys=0.00s Real=0.00s
[66.791s][info][gc,start       ] GC(313) Pause Young (Allocation Failure)
[66.805s][info][gc,heap        ] GC(313) DefNew: 563195K(629440K)->1472K(629440K) Eden: 559552K(559552K)->0K(559552K) From: 3643K(69888K)->1472K(69888K)
[66.805s][info][gc,heap        ] GC(313) Tenured: 42399K(1398144K)->44492K(1398144K)
[66.805s][info][gc,metaspace   ] GC(313) Metaspace: 73770K(74368K)->73770K(74368K) NonClass: 58627K(58816K)->58627K(58816K) Class: 15142K(15552K)->15142K(15552K)
[66.805s][info][gc             ] GC(313) Pause Young (Allocation Failure) 591M->44M(1980M) 14.456ms
[66.805s][info][gc,cpu         ] GC(313) User=0.02s Sys=0.00s Real=0.01s
[66.944s][info][gc,start       ] GC(314) Pause Young (Allocation Failure)
[66.953s][info][gc,heap        ] GC(314) DefNew: 561024K(629440K)->1460K(629440K) Eden: 559552K(559552K)->0K(559552K) From: 1472K(69888K)->1460K(69888K)
[66.953s][info][gc,heap        ] GC(314) Tenured: 44492K(1398144K)->44492K(1398144K)
[66.953s][info][gc,metaspace   ] GC(314) Metaspace: 73770K(74368K)->73770K(74368K) NonClass: 58627K(58816K)->58627K(58816K) Class: 15142K(15552K)->15142K(15552K)
[66.953s][info][gc             ] GC(314) Pause Young (Allocation Failure) 591M->44M(1980M) 8.934ms
[66.953s][info][gc,cpu         ] GC(314) User=0.02s Sys=0.00s Real=0.01s
[67.091s][info][gc,start       ] GC(315) Pause Young (Allocation Failure)
[67.100s][info][gc,heap        ] GC(315) DefNew: 561012K(629440K)->1495K(629440K) Eden: 559552K(559552K)->0K(559552K) From: 1460K(69888K)->1495K(69888K)
[67.100s][info][gc,heap        ] GC(315) Tenured: 44492K(1398144K)->44492K(1398144K)
[67.100s][info][gc,metaspace   ] GC(315) Metaspace: 73770K(74368K)->73770K(74368K) NonClass: 58627K(58816K)->58627K(58816K) Class: 15142K(15552K)->15142K(15552K)
[67.100s][info][gc             ] GC(315) Pause Young (Allocation Failure) 591M->44M(1980M) 8.865ms
[67.100s][info][gc,cpu         ] GC(315) User=0.02s Sys=0.00s Real=0.00s
[67.238s][info][gc,start       ] GC(316) Pause Young (Allocation Failure)
[67.246s][info][gc,heap        ] GC(316) DefNew: 561047K(629440K)->1470K(629440K) Eden: 559552K(559552K)->0K(559552K) From: 1495K(69888K)->1470K(69888K)
[67.247s][info][gc,heap        ] GC(316) Tenured: 44492K(1398144K)->44492K(1398144K)
[67.247s][info][gc,metaspace   ] GC(316) Metaspace: 73770K(74368K)->73770K(74368K) NonClass: 58627K(58816K)->58627K(58816K) Class: 15142K(15552K)->15142K(15552K)
[67.247s][info][gc             ] GC(316) Pause Young (Allocation Failure) 591M->44M(1980M) 8.830ms
[67.247s][info][gc,cpu         ] GC(316) User=0.00s Sys=0.00s Real=0.00s
[67.384s][info][gc,start       ] GC(317) Pause Young (Allocation Failure)
[67.393s][info][gc,heap        ] GC(317) DefNew: 561022K(629440K)->1513K(629440K) Eden: 559552K(559552K)->0K(559552K) From: 1470K(69888K)->1513K(69888K)
[67.393s][info][gc,heap        ] GC(317) Tenured: 44492K(1398144K)->44492K(1398144K)
[67.393s][info][gc,metaspace   ] GC(317) Metaspace: 73770K(74368K)->73770K(74368K) NonClass: 58627K(58816K)->58627K(58816K) Class: 15142K(15552K)->15142K(15552K)
[67.393s][info][gc             ] GC(317) Pause Young (Allocation Failure) 591M->44M(1980M) 8.867ms
[67.393s][info][gc,cpu         ] GC(317) User=0.00s Sys=0.00s Real=0.00s
[67.531s][info][gc,start       ] GC(318) Pause Young (Allocation Failure)
[67.540s][info][gc,heap        ] GC(318) DefNew: 561065K(629440K)->1487K(629440K) Eden: 559552K(559552K)->0K(559552K) From: 1513K(69888K)->1487K(69888K)
[67.540s][info][gc,heap        ] GC(318) Tenured: 44492K(1398144K)->44492K(1398144K)
[67.540s][info][gc,metaspace   ] GC(318) Metaspace: 73770K(74368K)->73770K(74368K) NonClass: 58627K(58816K)->58627K(58816K) Class: 15142K(15552K)->15142K(15552K)
[67.540s][info][gc             ] GC(318) Pause Young (Allocation Failure) 591M->44M(1980M) 8.683ms
[67.540s][info][gc,cpu         ] GC(318) User=0.00s Sys=0.00s Real=0.00s
[67.678s][info][gc,start       ] GC(319) Pause Young (Allocation Failure)
[67.686s][info][gc,heap        ] GC(319) DefNew: 561039K(629440K)->1402K(629440K) Eden: 559552K(559552K)->0K(559552K) From: 1487K(69888K)->1402K(69888K)
[67.686s][info][gc,heap        ] GC(319) Tenured: 44492K(1398144K)->44508K(1398144K)
[67.686s][info][gc,metaspace   ] GC(319) Metaspace: 73770K(74368K)->73770K(74368K) NonClass: 58627K(58816K)->58627K(58816K) Class: 15142K(15552K)->15142K(15552K)
[67.686s][info][gc             ] GC(319) Pause Young (Allocation Failure) 591M->44M(1980M) 7.935ms
[67.686s][info][gc,cpu         ] GC(319) User=0.00s Sys=0.00s Real=0.00s
[67.825s][info][gc,start       ] GC(320) Pause Young (Allocation Failure)
[67.834s][info][gc,heap        ] GC(320) DefNew: 560954K(629440K)->1437K(629440K) Eden: 559552K(559552K)->0K(559552K) From: 1402K(69888K)->1437K(69888K)
[67.834s][info][gc,heap        ] GC(320) Tenured: 44508K(1398144K)->44508K(1398144K)
[67.834s][info][gc,metaspace   ] GC(320) Metaspace: 73770K(74368K)->73770K(74368K) NonClass: 58627K(58816K)->58627K(58816K) Class: 15142K(15552K)->15142K(15552K)
[67.834s][info][gc             ] GC(320) Pause Young (Allocation Failure) 591M->44M(1980M) 8.579ms
[67.834s][info][gc,cpu         ] GC(320) User=0.02s Sys=0.00s Real=0.00s
[67.972s][info][gc,start       ] GC(321) Pause Young (Allocation Failure)
[67.981s][info][gc,heap        ] GC(321) DefNew: 560989K(629440K)->1476K(629440K) Eden: 559552K(559552K)->0K(559552K) From: 1437K(69888K)->1476K(69888K)
[67.981s][info][gc,heap        ] GC(321) Tenured: 44508K(1398144K)->44508K(1398144K)
[67.981s][info][gc,metaspace   ] GC(321) Metaspace: 73770K(74368K)->73770K(74368K) NonClass: 58627K(58816K)->58627K(58816K) Class: 15142K(15552K)->15142K(15552K)
[67.981s][info][gc             ] GC(321) Pause Young (Allocation Failure) 591M->44M(1980M) 9.662ms
[67.981s][info][gc,cpu         ] GC(321) User=0.00s Sys=0.00s Real=0.01s
[68.120s][info][gc,start       ] GC(322) Pause Young (Allocation Failure)
[68.129s][info][gc,heap        ] GC(322) DefNew: 561028K(629440K)->1459K(629440K) Eden: 559552K(559552K)->0K(559552K) From: 1476K(69888K)->1459K(69888K)
[68.129s][info][gc,heap        ] GC(322) Tenured: 44508K(1398144K)->44508K(1398144K)
[68.129s][info][gc,metaspace   ] GC(322) Metaspace: 73770K(74368K)->73770K(74368K) NonClass: 58627K(58816K)->58627K(58816K) Class: 15142K(15552K)->15142K(15552K)
[68.129s][info][gc             ] GC(322) Pause Young (Allocation Failure) 591M->44M(1980M) 9.111ms
[68.129s][info][gc,cpu         ] GC(322) User=0.02s Sys=0.00s Real=0.01s
[68.268s][info][gc,start       ] GC(323) Pause Young (Allocation Failure)
[68.277s][info][gc,heap        ] GC(323) DefNew: 561011K(629440K)->1518K(629440K) Eden: 559552K(559552K)->0K(559552K) From: 1459K(69888K)->1518K(69888K)
[68.277s][info][gc,heap        ] GC(323) Tenured: 44508K(1398144K)->44508K(1398144K)
[68.277s][info][gc,metaspace   ] GC(323) Metaspace: 73770K(74368K)->73770K(74368K) NonClass: 58627K(58816K)->58627K(58816K) Class: 15142K(15552K)->15142K(15552K)
[68.277s][info][gc             ] GC(323) Pause Young (Allocation Failure) 591M->44M(1980M) 8.923ms
[68.277s][info][gc,cpu         ] GC(323) User=0.00s Sys=0.00s Real=0.01s
[68.418s][info][gc,start       ] GC(324) Pause Young (Allocation Failure)
[68.428s][info][gc,heap        ] GC(324) DefNew: 561070K(629440K)->1575K(629440K) Eden: 559552K(559552K)->0K(559552K) From: 1518K(69888K)->1575K(69888K)
[68.428s][info][gc,heap        ] GC(324) Tenured: 44508K(1398144K)->44508K(1398144K)
[68.428s][info][gc,metaspace   ] GC(324) Metaspace: 73770K(74368K)->73770K(74368K) NonClass: 58627K(58816K)->58627K(58816K) Class: 15142K(15552K)->15142K(15552K)
[68.428s][info][gc             ] GC(324) Pause Young (Allocation Failure) 591M->45M(1980M) 9.273ms
[68.428s][info][gc,cpu         ] GC(324) User=0.00s Sys=0.00s Real=0.00s
[68.567s][info][gc,start       ] GC(325) Pause Young (Allocation Failure)
[68.575s][info][gc,heap        ] GC(325) DefNew: 561127K(629440K)->1530K(629440K) Eden: 559552K(559552K)->0K(559552K) From: 1575K(69888K)->1530K(69888K)
[68.575s][info][gc,heap        ] GC(325) Tenured: 44508K(1398144K)->44525K(1398144K)
[68.575s][info][gc,metaspace   ] GC(325) Metaspace: 73770K(74368K)->73770K(74368K) NonClass: 58627K(58816K)->58627K(58816K) Class: 15142K(15552K)->15142K(15552K)
[68.575s][info][gc             ] GC(325) Pause Young (Allocation Failure) 591M->44M(1980M) 8.959ms
[68.576s][info][gc,cpu         ] GC(325) User=0.00s Sys=0.00s Real=0.00s
[68.716s][info][gc,start       ] GC(326) Pause Young (Allocation Failure)
[68.726s][info][gc,heap        ] GC(326) DefNew: 561082K(629440K)->1500K(629440K) Eden: 559552K(559552K)->0K(559552K) From: 1530K(69888K)->1500K(69888K)
[68.726s][info][gc,heap        ] GC(326) Tenured: 44525K(1398144K)->44525K(1398144K)
[68.726s][info][gc,metaspace   ] GC(326) Metaspace: 73770K(74368K)->73770K(74368K) NonClass: 58627K(58816K)->58627K(58816K) Class: 15142K(15552K)->15142K(15552K)
[68.726s][info][gc             ] GC(326) Pause Young (Allocation Failure) 591M->44M(1980M) 10.005ms
[68.726s][info][gc,cpu         ] GC(326) User=0.00s Sys=0.00s Real=0.00s
[68.867s][info][gc,start       ] GC(327) Pause Young (Allocation Failure)
[68.876s][info][gc,heap        ] GC(327) DefNew: 561052K(629440K)->1416K(629440K) Eden: 559552K(559552K)->0K(559552K) From: 1500K(69888K)->1416K(69888K)
[68.876s][info][gc,heap        ] GC(327) Tenured: 44525K(1398144K)->44562K(1398144K)
[68.876s][info][gc,metaspace   ] GC(327) Metaspace: 73770K(74368K)->73770K(74368K) NonClass: 58627K(58816K)->58627K(58816K) Class: 15142K(15552K)->15142K(15552K)
[68.876s][info][gc             ] GC(327) Pause Young (Allocation Failure) 591M->44M(1980M) 9.005ms
[68.876s][info][gc,cpu         ] GC(327) User=0.00s Sys=0.00s Real=0.00s
[69.017s][info][gc,start       ] GC(328) Pause Young (Allocation Failure)
[69.026s][info][gc,heap        ] GC(328) DefNew: 560968K(629440K)->1427K(629440K) Eden: 559552K(559552K)->0K(559552K) From: 1416K(69888K)->1427K(69888K)
[69.026s][info][gc,heap        ] GC(328) Tenured: 44562K(1398144K)->44562K(1398144K)
[69.026s][info][gc,metaspace   ] GC(328) Metaspace: 73771K(74368K)->73771K(74368K) NonClass: 58628K(58816K)->58628K(58816K) Class: 15142K(15552K)->15142K(15552K)
[69.026s][info][gc             ] GC(328) Pause Young (Allocation Failure) 591M->44M(1980M) 8.675ms
[69.026s][info][gc,cpu         ] GC(328) User=0.00s Sys=0.00s Real=0.00s
[69.166s][info][gc,start       ] GC(329) Pause Young (Allocation Failure)
[69.175s][info][gc,heap        ] GC(329) DefNew: 560979K(629440K)->1439K(629440K) Eden: 559552K(559552K)->0K(559552K) From: 1427K(69888K)->1439K(69888K)
[69.175s][info][gc,heap        ] GC(329) Tenured: 44562K(1398144K)->44562K(1398144K)
[69.175s][info][gc,metaspace   ] GC(329) Metaspace: 73772K(74368K)->73772K(74368K) NonClass: 58629K(58816K)->58629K(58816K) Class: 15142K(15552K)->15142K(15552K)
[69.175s][info][gc             ] GC(329) Pause Young (Allocation Failure) 591M->44M(1980M) 9.126ms
[69.175s][info][gc,cpu         ] GC(329) User=0.00s Sys=0.00s Real=0.00s
[69.315s][info][gc,start       ] GC(330) Pause Young (Allocation Failure)
[69.324s][info][gc,heap        ] GC(330) DefNew: 560991K(629440K)->1464K(629440K) Eden: 559552K(559552K)->0K(559552K) From: 1439K(69888K)->1464K(69888K)
[69.324s][info][gc,heap        ] GC(330) Tenured: 44562K(1398144K)->44562K(1398144K)
[69.324s][info][gc,metaspace   ] GC(330) Metaspace: 73772K(74368K)->73772K(74368K) NonClass: 58629K(58816K)->58629K(58816K) Class: 15142K(15552K)->15142K(15552K)
[69.324s][info][gc             ] GC(330) Pause Young (Allocation Failure) 591M->44M(1980M) 9.009ms
[69.324s][info][gc,cpu         ] GC(330) User=0.00s Sys=0.00s Real=0.00s
[69.465s][info][gc,start       ] GC(331) Pause Young (Allocation Failure)
[69.474s][info][gc,heap        ] GC(331) DefNew: 561016K(629440K)->1470K(629440K) Eden: 559552K(559552K)->0K(559552K) From: 1464K(69888K)->1470K(69888K)
[69.475s][info][gc,heap        ] GC(331) Tenured: 44562K(1398144K)->44562K(1398144K)
[69.475s][info][gc,metaspace   ] GC(331) Metaspace: 73772K(74368K)->73772K(74368K) NonClass: 58629K(58816K)->58629K(58816K) Class: 15142K(15552K)->15142K(15552K)
[69.475s][info][gc             ] GC(331) Pause Young (Allocation Failure) 591M->44M(1980M) 9.841ms
[69.475s][info][gc,cpu         ] GC(331) User=0.00s Sys=0.00s Real=0.00s
[69.618s][info][gc,start       ] GC(332) Pause Young (Allocation Failure)
[69.627s][info][gc,heap        ] GC(332) DefNew: 561022K(629440K)->1477K(629440K) Eden: 559552K(559552K)->0K(559552K) From: 1470K(69888K)->1477K(69888K)
[69.627s][info][gc,heap        ] GC(332) Tenured: 44562K(1398144K)->44578K(1398144K)
[69.627s][info][gc,metaspace   ] GC(332) Metaspace: 73772K(74368K)->73772K(74368K) NonClass: 58629K(58816K)->58629K(58816K) Class: 15142K(15552K)->15142K(15552K)
[69.627s][info][gc             ] GC(332) Pause Young (Allocation Failure) 591M->44M(1980M) 9.264ms
[69.627s][info][gc,cpu         ] GC(332) User=0.00s Sys=0.00s Real=0.00s
[69.792s][info][gc,start       ] GC(333) Pause Young (Allocation Failure)
[69.799s][info][gc,heap        ] GC(333) DefNew: 561029K(629440K)->1428K(629440K) Eden: 559552K(559552K)->0K(559552K) From: 1477K(69888K)->1428K(69888K)
[69.799s][info][gc,heap        ] GC(333) Tenured: 44578K(1398144K)->44578K(1398144K)
[69.799s][info][gc,metaspace   ] GC(333) Metaspace: 73772K(74368K)->73772K(74368K) NonClass: 58629K(58816K)->58629K(58816K) Class: 15142K(15552K)->15142K(15552K)
[69.799s][info][gc             ] GC(333) Pause Young (Allocation Failure) 591M->44M(1980M) 7.739ms
[69.799s][info][gc,cpu         ] GC(333) User=0.02s Sys=0.00s Real=0.02s
[69.995s][info][gc,start       ] GC(334) Pause Young (Allocation Failure)
[70.008s][info][gc,heap        ] GC(334) DefNew: 560980K(629440K)->1392K(629440K) Eden: 559552K(559552K)->0K(559552K) From: 1428K(69888K)->1392K(69888K)
[70.008s][info][gc,heap        ] GC(334) Tenured: 44578K(1398144K)->44578K(1398144K)
[70.008s][info][gc,metaspace   ] GC(334) Metaspace: 73772K(74368K)->73772K(74368K) NonClass: 58629K(58816K)->58629K(58816K) Class: 15142K(15552K)->15142K(15552K)
[70.009s][info][gc             ] GC(334) Pause Young (Allocation Failure) 591M->44M(1980M) 13.149ms
[70.009s][info][gc,cpu         ] GC(334) User=0.02s Sys=0.00s Real=0.02s
[70.249s][info][gc,start       ] GC(335) Pause Young (Allocation Failure)
[70.256s][info][gc,heap        ] GC(335) DefNew: 560944K(629440K)->1372K(629440K) Eden: 559552K(559552K)->0K(559552K) From: 1392K(69888K)->1372K(69888K)
[70.256s][info][gc,heap        ] GC(335) Tenured: 44578K(1398144K)->44578K(1398144K)
[70.256s][info][gc,metaspace   ] GC(335) Metaspace: 73772K(74368K)->73772K(74368K) NonClass: 58629K(58816K)->58629K(58816K) Class: 15142K(15552K)->15142K(15552K)
[70.256s][info][gc             ] GC(335) Pause Young (Allocation Failure) 591M->44M(1980M) 6.309ms
[70.256s][info][gc,cpu         ] GC(335) User=0.00s Sys=0.00s Real=0.00s
[70.566s][info][gc,start       ] GC(336) Pause Young (Allocation Failure)
[70.570s][info][gc,heap        ] GC(336) DefNew: 560924K(629440K)->1360K(629440K) Eden: 559552K(559552K)->0K(559552K) From: 1372K(69888K)->1360K(69888K)
[70.571s][info][gc,heap        ] GC(336) Tenured: 44578K(1398144K)->44578K(1398144K)
[70.571s][info][gc,metaspace   ] GC(336) Metaspace: 73772K(74368K)->73772K(74368K) NonClass: 58629K(58816K)->58629K(58816K) Class: 15142K(15552K)->15142K(15552K)
[70.571s][info][gc             ] GC(336) Pause Young (Allocation Failure) 591M->44M(1980M) 4.964ms
[70.571s][info][gc,cpu         ] GC(336) User=0.00s Sys=0.00s Real=0.00s
[70.938s][info][gc,start       ] GC(337) Pause Young (Allocation Failure)
[70.943s][info][gc,heap        ] GC(337) DefNew: 560912K(629440K)->1357K(629440K) Eden: 559552K(559552K)->0K(559552K) From: 1360K(69888K)->1357K(69888K)
[70.943s][info][gc,heap        ] GC(337) Tenured: 44578K(1398144K)->44578K(1398144K)
[70.943s][info][gc,metaspace   ] GC(337) Metaspace: 73772K(74368K)->73772K(74368K) NonClass: 58629K(58816K)->58629K(58816K) Class: 15142K(15552K)->15142K(15552K)
[70.943s][info][gc             ] GC(337) Pause Young (Allocation Failure) 591M->44M(1980M) 4.459ms
[70.943s][info][gc,cpu         ] GC(337) User=0.00s Sys=0.00s Real=0.00s
[71.309s][info][gc,start       ] GC(338) Pause Young (Allocation Failure)
[71.313s][info][gc,heap        ] GC(338) DefNew: 560909K(629440K)->1350K(629440K) Eden: 559552K(559552K)->0K(559552K) From: 1357K(69888K)->1350K(69888K)
[71.313s][info][gc,heap        ] GC(338) Tenured: 44578K(1398144K)->44578K(1398144K)
[71.313s][info][gc,metaspace   ] GC(338) Metaspace: 73772K(74368K)->73772K(74368K) NonClass: 58629K(58816K)->58629K(58816K) Class: 15142K(15552K)->15142K(15552K)
[71.313s][info][gc             ] GC(338) Pause Young (Allocation Failure) 591M->44M(1980M) 4.314ms
[71.313s][info][gc,cpu         ] GC(338) User=0.00s Sys=0.00s Real=0.00s
[71.560s][info][gc,start       ] GC(339) Pause Full (System.gc())
[71.560s][info][gc,phases,start] GC(339) Phase 1: Mark live objects
[71.611s][info][gc,phases      ] GC(339) Phase 1: Mark live objects 50.921ms
[71.611s][info][gc,phases,start] GC(339) Phase 2: Compute new object addresses
[71.726s][info][gc,phases      ] GC(339) Phase 2: Compute new object addresses 114.714ms
[71.726s][info][gc,phases,start] GC(339) Phase 3: Adjust pointers
[71.750s][info][gc,phases      ] GC(339) Phase 3: Adjust pointers 24.326ms
[71.750s][info][gc,phases,start] GC(339) Phase 4: Move objects
[71.752s][info][gc,phases      ] GC(339) Phase 4: Move objects 1.040ms
[71.752s][info][gc,heap        ] GC(339) DefNew: 322135K(629440K)->0K(629440K) Eden: 320784K(559552K)->0K(559552K) From: 1350K(69888K)->0K(69888K)
[71.752s][info][gc,heap        ] GC(339) Tenured: 44578K(1398144K)->45829K(1398144K)
[71.752s][info][gc,metaspace   ] GC(339) Metaspace: 73804K(74432K)->73804K(74432K) NonClass: 58661K(58880K)->58661K(58880K) Class: 15142K(15552K)->15142K(15552K)
[71.752s][info][gc             ] GC(339) Pause Full (System.gc()) 358M->44M(1980M) 191.798ms
[71.752s][info][gc,cpu         ] GC(339) User=0.20s Sys=0.00s Real=0.19s
[71.917s][info][gc,start       ] GC(340) Pause Young (Allocation Failure)
[71.932s][info][gc,heap        ] GC(340) DefNew: 559552K(629440K)->3486K(629440K) Eden: 559552K(559552K)->0K(559552K) From: 0K(69888K)->3486K(69888K)
[71.932s][info][gc,heap        ] GC(340) Tenured: 45829K(1398144K)->45829K(1398144K)
[71.932s][info][gc,metaspace   ] GC(340) Metaspace: 73972K(74560K)->73972K(74560K) NonClass: 58829K(59008K)->58829K(59008K) Class: 15142K(15552K)->15142K(15552K)
[71.932s][info][gc             ] GC(340) Pause Young (Allocation Failure) 591M->48M(1980M) 15.139ms
[71.932s][info][gc,cpu         ] GC(340) User=0.00s Sys=0.00s Real=0.00s
[72.072s][info][gc,start       ] GC(341) Pause Young (Allocation Failure)
[72.085s][info][gc,heap        ] GC(341) DefNew: 563038K(629440K)->3508K(629440K) Eden: 559552K(559552K)->0K(559552K) From: 3486K(69888K)->3508K(69888K)
[72.085s][info][gc,heap        ] GC(341) Tenured: 45829K(1398144K)->45829K(1398144K)
[72.085s][info][gc,metaspace   ] GC(341) Metaspace: 73972K(74560K)->73972K(74560K) NonClass: 58829K(59008K)->58829K(59008K) Class: 15142K(15552K)->15142K(15552K)
[72.085s][info][gc             ] GC(341) Pause Young (Allocation Failure) 594M->48M(1980M) 12.500ms
[72.085s][info][gc,cpu         ] GC(341) User=0.00s Sys=0.00s Real=0.00s
[72.225s][info][gc,start       ] GC(342) Pause Young (Allocation Failure)
[72.239s][info][gc,heap        ] GC(342) DefNew: 563060K(629440K)->3463K(629440K) Eden: 559552K(559552K)->0K(559552K) From: 3508K(69888K)->3463K(69888K)
[72.239s][info][gc,heap        ] GC(342) Tenured: 45829K(1398144K)->45829K(1398144K)
[72.239s][info][gc,metaspace   ] GC(342) Metaspace: 73972K(74560K)->73972K(74560K) NonClass: 58829K(59008K)->58829K(59008K) Class: 15142K(15552K)->15142K(15552K)
[72.239s][info][gc             ] GC(342) Pause Young (Allocation Failure) 594M->48M(1980M) 13.777ms
[72.239s][info][gc,cpu         ] GC(342) User=0.00s Sys=0.00s Real=0.00s
[72.377s][info][gc,start       ] GC(343) Pause Young (Allocation Failure)
[72.390s][info][gc,heap        ] GC(343) DefNew: 563015K(629440K)->3419K(629440K) Eden: 559552K(559552K)->0K(559552K) From: 3463K(69888K)->3419K(69888K)
[72.390s][info][gc,heap        ] GC(343) Tenured: 45829K(1398144K)->45829K(1398144K)
[72.390s][info][gc,metaspace   ] GC(343) Metaspace: 73972K(74560K)->73972K(74560K) NonClass: 58829K(59008K)->58829K(59008K) Class: 15142K(15552K)->15142K(15552K)
[72.390s][info][gc             ] GC(343) Pause Young (Allocation Failure) 594M->48M(1980M) 13.011ms
[72.390s][info][gc,cpu         ] GC(343) User=0.00s Sys=0.00s Real=0.00s
[72.528s][info][gc,start       ] GC(344) Pause Young (Allocation Failure)
[72.540s][info][gc,heap        ] GC(344) DefNew: 562971K(629440K)->3463K(629440K) Eden: 559552K(559552K)->0K(559552K) From: 3419K(69888K)->3463K(69888K)
[72.540s][info][gc,heap        ] GC(344) Tenured: 45829K(1398144K)->45829K(1398144K)
[72.540s][info][gc,metaspace   ] GC(344) Metaspace: 73972K(74560K)->73972K(74560K) NonClass: 58829K(59008K)->58829K(59008K) Class: 15142K(15552K)->15142K(15552K)
[72.540s][info][gc             ] GC(344) Pause Young (Allocation Failure) 594M->48M(1980M) 12.033ms
[72.540s][info][gc,cpu         ] GC(344) User=0.00s Sys=0.00s Real=0.00s
[72.678s][info][gc,start       ] GC(345) Pause Young (Allocation Failure)
[72.691s][info][gc,heap        ] GC(345) DefNew: 563015K(629440K)->3462K(629440K) Eden: 559552K(559552K)->0K(559552K) From: 3463K(69888K)->3462K(69888K)
[72.691s][info][gc,heap        ] GC(345) Tenured: 45829K(1398144K)->45829K(1398144K)
[72.691s][info][gc,metaspace   ] GC(345) Metaspace: 73972K(74560K)->73972K(74560K) NonClass: 58829K(59008K)->58829K(59008K) Class: 15142K(15552K)->15142K(15552K)
[72.692s][info][gc             ] GC(345) Pause Young (Allocation Failure) 594M->48M(1980M) 13.621ms
[72.692s][info][gc,cpu         ] GC(345) User=0.00s Sys=0.00s Real=0.00s
[72.830s][info][gc,start       ] GC(346) Pause Young (Allocation Failure)
[72.843s][info][gc,heap        ] GC(346) DefNew: 563014K(629440K)->3442K(629440K) Eden: 559552K(559552K)->0K(559552K) From: 3462K(69888K)->3442K(69888K)
[72.843s][info][gc,heap        ] GC(346) Tenured: 45829K(1398144K)->45829K(1398144K)
[72.843s][info][gc,metaspace   ] GC(346) Metaspace: 73972K(74560K)->73972K(74560K) NonClass: 58829K(59008K)->58829K(59008K) Class: 15142K(15552K)->15142K(15552K)
[72.843s][info][gc             ] GC(346) Pause Young (Allocation Failure) 594M->48M(1980M) 12.721ms
[72.843s][info][gc,cpu         ] GC(346) User=0.00s Sys=0.00s Real=0.00s
[72.981s][info][gc,start       ] GC(347) Pause Young (Allocation Failure)
[72.993s][info][gc,heap        ] GC(347) DefNew: 562994K(629440K)->3454K(629440K) Eden: 559552K(559552K)->0K(559552K) From: 3442K(69888K)->3454K(69888K)
[72.993s][info][gc,heap        ] GC(347) Tenured: 45829K(1398144K)->45829K(1398144K)
[72.993s][info][gc,metaspace   ] GC(347) Metaspace: 73972K(74560K)->73972K(74560K) NonClass: 58829K(59008K)->58829K(59008K) Class: 15142K(15552K)->15142K(15552K)
[72.993s][info][gc             ] GC(347) Pause Young (Allocation Failure) 594M->48M(1980M) 12.363ms
[72.993s][info][gc,cpu         ] GC(347) User=0.00s Sys=0.00s Real=0.00s
[73.131s][info][gc,start       ] GC(348) Pause Young (Allocation Failure)
[73.144s][info][gc,heap        ] GC(348) DefNew: 563006K(629440K)->3400K(629440K) Eden: 559552K(559552K)->0K(559552K) From: 3454K(69888K)->3400K(69888K)
[73.144s][info][gc,heap        ] GC(348) Tenured: 45829K(1398144K)->45829K(1398144K)
[73.144s][info][gc,metaspace   ] GC(348) Metaspace: 73972K(74560K)->73972K(74560K) NonClass: 58829K(59008K)->58829K(59008K) Class: 15142K(15552K)->15142K(15552K)
[73.144s][info][gc             ] GC(348) Pause Young (Allocation Failure) 594M->48M(1980M) 13.291ms
[73.144s][info][gc,cpu         ] GC(348) User=0.00s Sys=0.00s Real=0.00s
[73.283s][info][gc,start       ] GC(349) Pause Young (Allocation Failure)
[73.297s][info][gc,heap        ] GC(349) DefNew: 562952K(629440K)->3477K(629440K) Eden: 559552K(559552K)->0K(559552K) From: 3400K(69888K)->3477K(69888K)
[73.297s][info][gc,heap        ] GC(349) Tenured: 45829K(1398144K)->45829K(1398144K)
[73.297s][info][gc,metaspace   ] GC(349) Metaspace: 73972K(74560K)->73972K(74560K) NonClass: 58829K(59008K)->58829K(59008K) Class: 15142K(15552K)->15142K(15552K)
[73.297s][info][gc             ] GC(349) Pause Young (Allocation Failure) 594M->48M(1980M) 13.694ms
[73.297s][info][gc,cpu         ] GC(349) User=0.00s Sys=0.00s Real=0.00s
[73.435s][info][gc,start       ] GC(350) Pause Young (Allocation Failure)
[73.448s][info][gc,heap        ] GC(350) DefNew: 563029K(629440K)->3508K(629440K) Eden: 559552K(559552K)->0K(559552K) From: 3477K(69888K)->3508K(69888K)
[73.448s][info][gc,heap        ] GC(350) Tenured: 45829K(1398144K)->45829K(1398144K)
[73.448s][info][gc,metaspace   ] GC(350) Metaspace: 73972K(74560K)->73972K(74560K) NonClass: 58829K(59008K)->58829K(59008K) Class: 15142K(15552K)->15142K(15552K)
[73.448s][info][gc             ] GC(350) Pause Young (Allocation Failure) 594M->48M(1980M) 13.184ms
[73.448s][info][gc,cpu         ] GC(350) User=0.02s Sys=0.00s Real=0.00s
[73.587s][info][gc,start       ] GC(351) Pause Young (Allocation Failure)
[73.599s][info][gc,heap        ] GC(351) DefNew: 563060K(629440K)->3496K(629440K) Eden: 559552K(559552K)->0K(559552K) From: 3508K(69888K)->3496K(69888K)
[73.600s][info][gc,heap        ] GC(351) Tenured: 45829K(1398144K)->45829K(1398144K)
[73.600s][info][gc,metaspace   ] GC(351) Metaspace: 73972K(74560K)->73972K(74560K) NonClass: 58829K(59008K)->58829K(59008K) Class: 15142K(15552K)->15142K(15552K)
[73.600s][info][gc             ] GC(351) Pause Young (Allocation Failure) 594M->48M(1980M) 12.599ms
[73.600s][info][gc,cpu         ] GC(351) User=0.00s Sys=0.00s Real=0.00s
[73.739s][info][gc,start       ] GC(352) Pause Young (Allocation Failure)
[73.751s][info][gc,heap        ] GC(352) DefNew: 563048K(629440K)->3496K(629440K) Eden: 559552K(559552K)->0K(559552K) From: 3496K(69888K)->3496K(69888K)
[73.751s][info][gc,heap        ] GC(352) Tenured: 45829K(1398144K)->45829K(1398144K)
[73.751s][info][gc,metaspace   ] GC(352) Metaspace: 73972K(74560K)->73972K(74560K) NonClass: 58829K(59008K)->58829K(59008K) Class: 15142K(15552K)->15142K(15552K)
[73.751s][info][gc             ] GC(352) Pause Young (Allocation Failure) 594M->48M(1980M) 12.248ms
[73.751s][info][gc,cpu         ] GC(352) User=0.00s Sys=0.00s Real=0.00s
[73.892s][info][gc,start       ] GC(353) Pause Young (Allocation Failure)
[73.904s][info][gc,heap        ] GC(353) DefNew: 563048K(629440K)->3486K(629440K) Eden: 559552K(559552K)->0K(559552K) From: 3496K(69888K)->3486K(69888K)
[73.904s][info][gc,heap        ] GC(353) Tenured: 45829K(1398144K)->45829K(1398144K)
[73.904s][info][gc,metaspace   ] GC(353) Metaspace: 73972K(74560K)->73972K(74560K) NonClass: 58829K(59008K)->58829K(59008K) Class: 15142K(15552K)->15142K(15552K)
[73.904s][info][gc             ] GC(353) Pause Young (Allocation Failure) 594M->48M(1980M) 12.287ms
[73.904s][info][gc,cpu         ] GC(353) User=0.00s Sys=0.00s Real=0.00s
[74.044s][info][gc,start       ] GC(354) Pause Young (Allocation Failure)
[74.056s][info][gc,heap        ] GC(354) DefNew: 563038K(629440K)->3495K(629440K) Eden: 559552K(559552K)->0K(559552K) From: 3486K(69888K)->3495K(69888K)
[74.056s][info][gc,heap        ] GC(354) Tenured: 45829K(1398144K)->45829K(1398144K)
[74.056s][info][gc,metaspace   ] GC(354) Metaspace: 73972K(74560K)->73972K(74560K) NonClass: 58829K(59008K)->58829K(59008K) Class: 15142K(15552K)->15142K(15552K)
[74.056s][info][gc             ] GC(354) Pause Young (Allocation Failure) 594M->48M(1980M) 12.225ms
[74.056s][info][gc,cpu         ] GC(354) User=0.00s Sys=0.00s Real=0.00s
[74.195s][info][gc,start       ] GC(355) Pause Young (Allocation Failure)
[74.207s][info][gc,heap        ] GC(355) DefNew: 563047K(629440K)->1410K(629440K) Eden: 559552K(559552K)->0K(559552K) From: 3495K(69888K)->1410K(69888K)
[74.208s][info][gc,heap        ] GC(355) Tenured: 45829K(1398144K)->47869K(1398144K)
[74.208s][info][gc,metaspace   ] GC(355) Metaspace: 73972K(74560K)->73972K(74560K) NonClass: 58829K(59008K)->58829K(59008K) Class: 15142K(15552K)->15142K(15552K)
[74.208s][info][gc             ] GC(355) Pause Young (Allocation Failure) 594M->48M(1980M) 12.874ms
[74.208s][info][gc,cpu         ] GC(355) User=0.00s Sys=0.00s Real=0.00s
[74.346s][info][gc,start       ] GC(356) Pause Young (Allocation Failure)
[74.354s][info][gc,heap        ] GC(356) DefNew: 560962K(629440K)->1426K(629440K) Eden: 559552K(559552K)->0K(559552K) From: 1410K(69888K)->1426K(69888K)
[74.355s][info][gc,heap        ] GC(356) Tenured: 47869K(1398144K)->47869K(1398144K)
[74.355s][info][gc,metaspace   ] GC(356) Metaspace: 73972K(74560K)->73972K(74560K) NonClass: 58829K(59008K)->58829K(59008K) Class: 15142K(15552K)->15142K(15552K)
[74.355s][info][gc             ] GC(356) Pause Young (Allocation Failure) 594M->48M(1980M) 8.802ms
[74.355s][info][gc,cpu         ] GC(356) User=0.00s Sys=0.00s Real=0.00s
[74.493s][info][gc,start       ] GC(357) Pause Young (Allocation Failure)
[74.501s][info][gc,heap        ] GC(357) DefNew: 560978K(629440K)->1454K(629440K) Eden: 559552K(559552K)->0K(559552K) From: 1426K(69888K)->1454K(69888K)
[74.501s][info][gc,heap        ] GC(357) Tenured: 47869K(1398144K)->47869K(1398144K)
[74.501s][info][gc,metaspace   ] GC(357) Metaspace: 73974K(74560K)->73974K(74560K) NonClass: 58831K(59008K)->58831K(59008K) Class: 15142K(15552K)->15142K(15552K)
[74.501s][info][gc             ] GC(357) Pause Young (Allocation Failure) 594M->48M(1980M) 8.647ms
[74.501s][info][gc,cpu         ] GC(357) User=0.00s Sys=0.00s Real=0.00s
[74.640s][info][gc,start       ] GC(358) Pause Young (Allocation Failure)
[74.648s][info][gc,heap        ] GC(358) DefNew: 561006K(629440K)->1463K(629440K) Eden: 559552K(559552K)->0K(559552K) From: 1454K(69888K)->1463K(69888K)
[74.648s][info][gc,heap        ] GC(358) Tenured: 47869K(1398144K)->47887K(1398144K)
[74.648s][info][gc,metaspace   ] GC(358) Metaspace: 73974K(74560K)->73974K(74560K) NonClass: 58831K(59008K)->58831K(59008K) Class: 15142K(15552K)->15142K(15552K)
[74.648s][info][gc             ] GC(358) Pause Young (Allocation Failure) 594M->48M(1980M) 8.529ms
[74.648s][info][gc,cpu         ] GC(358) User=0.00s Sys=0.00s Real=0.00s
[74.787s][info][gc,start       ] GC(359) Pause Young (Allocation Failure)
[74.796s][info][gc,heap        ] GC(359) DefNew: 561015K(629440K)->1460K(629440K) Eden: 559552K(559552K)->0K(559552K) From: 1463K(69888K)->1460K(69888K)
[74.796s][info][gc,heap        ] GC(359) Tenured: 47887K(1398144K)->47887K(1398144K)
[74.796s][info][gc,metaspace   ] GC(359) Metaspace: 73974K(74560K)->73974K(74560K) NonClass: 58831K(59008K)->58831K(59008K) Class: 15142K(15552K)->15142K(15552K)
[74.796s][info][gc             ] GC(359) Pause Young (Allocation Failure) 594M->48M(1980M) 9.501ms
[74.796s][info][gc,cpu         ] GC(359) User=0.02s Sys=0.00s Real=0.01s
[74.935s][info][gc,start       ] GC(360) Pause Young (Allocation Failure)
[74.944s][info][gc,heap        ] GC(360) DefNew: 561012K(629440K)->1429K(629440K) Eden: 559552K(559552K)->0K(559552K) From: 1460K(69888K)->1429K(69888K)
[74.944s][info][gc,heap        ] GC(360) Tenured: 47887K(1398144K)->47887K(1398144K)
[74.944s][info][gc,metaspace   ] GC(360) Metaspace: 73974K(74560K)->73974K(74560K) NonClass: 58831K(59008K)->58831K(59008K) Class: 15142K(15552K)->15142K(15552K)
[74.944s][info][gc             ] GC(360) Pause Young (Allocation Failure) 594M->48M(1980M) 9.043ms
[74.944s][info][gc,cpu         ] GC(360) User=0.00s Sys=0.00s Real=0.00s
[75.082s][info][gc,start       ] GC(361) Pause Young (Allocation Failure)
[75.091s][info][gc,heap        ] GC(361) DefNew: 560981K(629440K)->1469K(629440K) Eden: 559552K(559552K)->0K(559552K) From: 1429K(69888K)->1469K(69888K)
[75.091s][info][gc,heap        ] GC(361) Tenured: 47887K(1398144K)->47887K(1398144K)
[75.091s][info][gc,metaspace   ] GC(361) Metaspace: 73974K(74560K)->73974K(74560K) NonClass: 58831K(59008K)->58831K(59008K) Class: 15142K(15552K)->15142K(15552K)
[75.091s][info][gc             ] GC(361) Pause Young (Allocation Failure) 594M->48M(1980M) 8.651ms
[75.091s][info][gc,cpu         ] GC(361) User=0.00s Sys=0.00s Real=0.00s
[75.229s][info][gc,start       ] GC(362) Pause Young (Allocation Failure)
[75.237s][info][gc,heap        ] GC(362) DefNew: 561021K(629440K)->1459K(629440K) Eden: 559552K(559552K)->0K(559552K) From: 1469K(69888K)->1459K(69888K)
[75.238s][info][gc,heap        ] GC(362) Tenured: 47887K(1398144K)->47887K(1398144K)
[75.238s][info][gc,metaspace   ] GC(362) Metaspace: 73974K(74560K)->73974K(74560K) NonClass: 58831K(59008K)->58831K(59008K) Class: 15142K(15552K)->15142K(15552K)
[75.238s][info][gc             ] GC(362) Pause Young (Allocation Failure) 594M->48M(1980M) 8.670ms
[75.238s][info][gc,cpu         ] GC(362) User=0.00s Sys=0.00s Real=0.00s
[75.376s][info][gc,start       ] GC(363) Pause Young (Allocation Failure)
[75.385s][info][gc,heap        ] GC(363) DefNew: 561011K(629440K)->1457K(629440K) Eden: 559552K(559552K)->0K(559552K) From: 1459K(69888K)->1457K(69888K)
[75.385s][info][gc,heap        ] GC(363) Tenured: 47887K(1398144K)->47887K(1398144K)
[75.385s][info][gc,metaspace   ] GC(363) Metaspace: 73974K(74560K)->73974K(74560K) NonClass: 58831K(59008K)->58831K(59008K) Class: 15142K(15552K)->15142K(15552K)
[75.385s][info][gc             ] GC(363) Pause Young (Allocation Failure) 594M->48M(1980M) 8.818ms
[75.385s][info][gc,cpu         ] GC(363) User=0.00s Sys=0.00s Real=0.00s
[75.523s][info][gc,start       ] GC(364) Pause Young (Allocation Failure)
[75.531s][info][gc,heap        ] GC(364) DefNew: 561009K(629440K)->1484K(629440K) Eden: 559552K(559552K)->0K(559552K) From: 1457K(69888K)->1484K(69888K)
[75.531s][info][gc,heap        ] GC(364) Tenured: 47887K(1398144K)->47887K(1398144K)
[75.531s][info][gc,metaspace   ] GC(364) Metaspace: 73974K(74560K)->73974K(74560K) NonClass: 58831K(59008K)->58831K(59008K) Class: 15142K(15552K)->15142K(15552K)
[75.532s][info][gc             ] GC(364) Pause Young (Allocation Failure) 594M->48M(1980M) 8.586ms
[75.532s][info][gc,cpu         ] GC(364) User=0.00s Sys=0.00s Real=0.00s
[75.670s][info][gc,start       ] GC(365) Pause Young (Allocation Failure)
[75.678s][info][gc,heap        ] GC(365) DefNew: 561036K(629440K)->1495K(629440K) Eden: 559552K(559552K)->0K(559552K) From: 1484K(69888K)->1495K(69888K)
[75.678s][info][gc,heap        ] GC(365) Tenured: 47887K(1398144K)->47903K(1398144K)
[75.678s][info][gc,metaspace   ] GC(365) Metaspace: 73974K(74560K)->73974K(74560K) NonClass: 58831K(59008K)->58831K(59008K) Class: 15142K(15552K)->15142K(15552K)
[75.678s][info][gc             ] GC(365) Pause Young (Allocation Failure) 594M->48M(1980M) 8.834ms
[75.678s][info][gc,cpu         ] GC(365) User=0.02s Sys=0.00s Real=0.00s
[75.817s][info][gc,start       ] GC(366) Pause Young (Allocation Failure)
[75.827s][info][gc,heap        ] GC(366) DefNew: 561047K(629440K)->1521K(629440K) Eden: 559552K(559552K)->0K(559552K) From: 1495K(69888K)->1521K(69888K)
[75.827s][info][gc,heap        ] GC(366) Tenured: 47903K(1398144K)->47903K(1398144K)
[75.827s][info][gc,metaspace   ] GC(366) Metaspace: 73974K(74560K)->73974K(74560K) NonClass: 58831K(59008K)->58831K(59008K) Class: 15142K(15552K)->15142K(15552K)
[75.827s][info][gc             ] GC(366) Pause Young (Allocation Failure) 594M->48M(1980M) 9.657ms
[75.827s][info][gc,cpu         ] GC(366) User=0.00s Sys=0.00s Real=0.00s
[75.965s][info][gc,start       ] GC(367) Pause Young (Allocation Failure)
[75.974s][info][gc,heap        ] GC(367) DefNew: 561073K(629440K)->1505K(629440K) Eden: 559552K(559552K)->0K(559552K) From: 1521K(69888K)->1505K(69888K)
[75.974s][info][gc,heap        ] GC(367) Tenured: 47903K(1398144K)->47903K(1398144K)
[75.974s][info][gc,metaspace   ] GC(367) Metaspace: 73974K(74560K)->73974K(74560K) NonClass: 58831K(59008K)->58831K(59008K) Class: 15142K(15552K)->15142K(15552K)
[75.974s][info][gc             ] GC(367) Pause Young (Allocation Failure) 594M->48M(1980M) 9.215ms
[75.974s][info][gc,cpu         ] GC(367) User=0.00s Sys=0.00s Real=0.00s
[76.113s][info][gc,start       ] GC(368) Pause Young (Allocation Failure)
[76.121s][info][gc,heap        ] GC(368) DefNew: 561057K(629440K)->1527K(629440K) Eden: 559552K(559552K)->0K(559552K) From: 1505K(69888K)->1527K(69888K)
[76.121s][info][gc,heap        ] GC(368) Tenured: 47903K(1398144K)->47904K(1398144K)
[76.121s][info][gc,metaspace   ] GC(368) Metaspace: 73974K(74560K)->73974K(74560K) NonClass: 58831K(59008K)->58831K(59008K) Class: 15142K(15552K)->15142K(15552K)
[76.121s][info][gc             ] GC(368) Pause Young (Allocation Failure) 594M->48M(1980M) 8.710ms
[76.121s][info][gc,cpu         ] GC(368) User=0.00s Sys=0.00s Real=0.00s
[76.260s][info][gc,start       ] GC(369) Pause Young (Allocation Failure)
[76.268s][info][gc,heap        ] GC(369) DefNew: 561079K(629440K)->1421K(629440K) Eden: 559552K(559552K)->0K(559552K) From: 1527K(69888K)->1421K(69888K)
[76.268s][info][gc,heap        ] GC(369) Tenured: 47904K(1398144K)->47904K(1398144K)
[76.268s][info][gc,metaspace   ] GC(369) Metaspace: 73974K(74560K)->73974K(74560K) NonClass: 58831K(59008K)->58831K(59008K) Class: 15142K(15552K)->15142K(15552K)
[76.268s][info][gc             ] GC(369) Pause Young (Allocation Failure) 594M->48M(1980M) 8.386ms
[76.268s][info][gc,cpu         ] GC(369) User=0.00s Sys=0.00s Real=0.00s
[76.406s][info][gc,start       ] GC(370) Pause Young (Allocation Failure)
[76.415s][info][gc,heap        ] GC(370) DefNew: 560973K(629440K)->1540K(629440K) Eden: 559552K(559552K)->0K(559552K) From: 1421K(69888K)->1540K(69888K)
[76.415s][info][gc,heap        ] GC(370) Tenured: 47904K(1398144K)->47904K(1398144K)
[76.415s][info][gc,metaspace   ] GC(370) Metaspace: 73974K(74560K)->73974K(74560K) NonClass: 58831K(59008K)->58831K(59008K) Class: 15142K(15552K)->15142K(15552K)
[76.415s][info][gc             ] GC(370) Pause Young (Allocation Failure) 594M->48M(1980M) 9.017ms
[76.415s][info][gc,cpu         ] GC(370) User=0.00s Sys=0.00s Real=0.01s
[76.554s][info][gc,start       ] GC(371) Pause Young (Allocation Failure)
[76.563s][info][gc,heap        ] GC(371) DefNew: 561092K(629440K)->1447K(629440K) Eden: 559552K(559552K)->0K(559552K) From: 1540K(69888K)->1447K(69888K)
[76.563s][info][gc,heap        ] GC(371) Tenured: 47904K(1398144K)->47920K(1398144K)
[76.563s][info][gc,metaspace   ] GC(371) Metaspace: 73990K(74624K)->73990K(74624K) NonClass: 58847K(59072K)->58847K(59072K) Class: 15142K(15552K)->15142K(15552K)
[76.563s][info][gc             ] GC(371) Pause Young (Allocation Failure) 594M->48M(1980M) 8.956ms
[76.563s][info][gc,cpu         ] GC(371) User=0.00s Sys=0.00s Real=0.00s
[76.703s][info][gc,start       ] GC(372) Pause Young (Allocation Failure)
[76.713s][info][gc,heap        ] GC(372) DefNew: 560999K(629440K)->1528K(629440K) Eden: 559552K(559552K)->0K(559552K) From: 1447K(69888K)->1528K(69888K)
[76.713s][info][gc,heap        ] GC(372) Tenured: 47920K(1398144K)->47956K(1398144K)
[76.713s][info][gc,metaspace   ] GC(372) Metaspace: 73994K(74624K)->73994K(74624K) NonClass: 58851K(59072K)->58851K(59072K) Class: 15142K(15552K)->15142K(15552K)
[76.713s][info][gc             ] GC(372) Pause Young (Allocation Failure) 594M->48M(1980M) 10.366ms
[76.713s][info][gc,cpu         ] GC(372) User=0.00s Sys=0.00s Real=0.00s
[76.855s][info][gc,start       ] GC(373) Pause Young (Allocation Failure)
[76.864s][info][gc,heap        ] GC(373) DefNew: 561080K(629440K)->1484K(629440K) Eden: 559552K(559552K)->0K(559552K) From: 1528K(69888K)->1484K(69888K)
[76.864s][info][gc,heap        ] GC(373) Tenured: 47956K(1398144K)->47956K(1398144K)
[76.864s][info][gc,metaspace   ] GC(373) Metaspace: 73994K(74624K)->73994K(74624K) NonClass: 58851K(59072K)->58851K(59072K) Class: 15142K(15552K)->15142K(15552K)
[76.864s][info][gc             ] GC(373) Pause Young (Allocation Failure) 594M->48M(1980M) 9.543ms
[76.864s][info][gc,cpu         ] GC(373) User=0.00s Sys=0.00s Real=0.00s
[77.010s][info][gc,start       ] GC(374) Pause Young (Allocation Failure)
[77.019s][info][gc,heap        ] GC(374) DefNew: 561036K(629440K)->1511K(629440K) Eden: 559552K(559552K)->0K(559552K) From: 1484K(69888K)->1511K(69888K)
[77.019s][info][gc,heap        ] GC(374) Tenured: 47956K(1398144K)->47956K(1398144K)
[77.019s][info][gc,metaspace   ] GC(374) Metaspace: 73994K(74624K)->73994K(74624K) NonClass: 58851K(59072K)->58851K(59072K) Class: 15142K(15552K)->15142K(15552K)
[77.019s][info][gc             ] GC(374) Pause Young (Allocation Failure) 594M->48M(1980M) 9.231ms
[77.019s][info][gc,cpu         ] GC(374) User=0.00s Sys=0.00s Real=0.00s
[77.173s][info][gc,start       ] GC(375) Pause Young (Allocation Failure)
[77.180s][info][gc,heap        ] GC(375) DefNew: 561063K(629440K)->1416K(629440K) Eden: 559552K(559552K)->0K(559552K) From: 1511K(69888K)->1416K(69888K)
[77.180s][info][gc,heap        ] GC(375) Tenured: 47956K(1398144K)->47956K(1398144K)
[77.180s][info][gc,metaspace   ] GC(375) Metaspace: 73994K(74624K)->73994K(74624K) NonClass: 58851K(59072K)->58851K(59072K) Class: 15142K(15552K)->15142K(15552K)
[77.180s][info][gc             ] GC(375) Pause Young (Allocation Failure) 594M->48M(1980M) 7.927ms
[77.180s][info][gc,cpu         ] GC(375) User=0.00s Sys=0.00s Real=0.00s
[77.368s][info][gc,start       ] GC(376) Pause Young (Allocation Failure)
[77.374s][info][gc,heap        ] GC(376) DefNew: 560968K(629440K)->1397K(629440K) Eden: 559552K(559552K)->0K(559552K) From: 1416K(69888K)->1397K(69888K)
[77.374s][info][gc,heap        ] GC(376) Tenured: 47956K(1398144K)->47956K(1398144K)
[77.375s][info][gc,metaspace   ] GC(376) Metaspace: 73994K(74624K)->73994K(74624K) NonClass: 58851K(59072K)->58851K(59072K) Class: 15142K(15552K)->15142K(15552K)
[77.375s][info][gc             ] GC(376) Pause Young (Allocation Failure) 594M->48M(1980M) 6.758ms
[77.375s][info][gc,cpu         ] GC(376) User=0.00s Sys=0.00s Real=0.00s
[77.637s][info][gc,start       ] GC(377) Pause Young (Allocation Failure)
[77.642s][info][gc,heap        ] GC(377) DefNew: 560949K(629440K)->1354K(629440K) Eden: 559552K(559552K)->0K(559552K) From: 1397K(69888K)->1354K(69888K)
[77.642s][info][gc,heap        ] GC(377) Tenured: 47956K(1398144K)->47956K(1398144K)
[77.642s][info][gc,metaspace   ] GC(377) Metaspace: 73994K(74624K)->73994K(74624K) NonClass: 58851K(59072K)->58851K(59072K) Class: 15142K(15552K)->15142K(15552K)
[77.642s][info][gc             ] GC(377) Pause Young (Allocation Failure) 594M->48M(1980M) 5.516ms
[77.642s][info][gc,cpu         ] GC(377) User=0.00s Sys=0.00s Real=0.00s
[77.995s][info][gc,start       ] GC(378) Pause Young (Allocation Failure)
[77.999s][info][gc,heap        ] GC(378) DefNew: 560906K(629440K)->1349K(629440K) Eden: 559552K(559552K)->0K(559552K) From: 1354K(69888K)->1349K(69888K)
[77.999s][info][gc,heap        ] GC(378) Tenured: 47956K(1398144K)->47972K(1398144K)
[77.999s][info][gc,metaspace   ] GC(378) Metaspace: 73994K(74624K)->73994K(74624K) NonClass: 58851K(59072K)->58851K(59072K) Class: 15142K(15552K)->15142K(15552K)
[77.999s][info][gc             ] GC(378) Pause Young (Allocation Failure) 594M->48M(1980M) 4.606ms
[77.999s][info][gc,cpu         ] GC(378) User=0.02s Sys=0.00s Real=0.00s
[78.358s][info][gc,start       ] GC(379) Pause Young (Allocation Failure)
[78.363s][info][gc,heap        ] GC(379) DefNew: 560901K(629440K)->1356K(629440K) Eden: 559552K(559552K)->0K(559552K) From: 1349K(69888K)->1356K(69888K)
[78.363s][info][gc,heap        ] GC(379) Tenured: 47972K(1398144K)->47972K(1398144K)
[78.363s][info][gc,metaspace   ] GC(379) Metaspace: 73994K(74624K)->73994K(74624K) NonClass: 58851K(59072K)->58851K(59072K) Class: 15142K(15552K)->15142K(15552K)
[78.363s][info][gc             ] GC(379) Pause Young (Allocation Failure) 594M->48M(1980M) 4.268ms
[78.363s][info][gc,cpu         ] GC(379) User=0.00s Sys=0.00s Real=0.00s
[78.720s][info][gc,start       ] GC(380) Pause Young (Allocation Failure)
[78.724s][info][gc,heap        ] GC(380) DefNew: 560908K(629440K)->1377K(629440K) Eden: 559552K(559552K)->0K(559552K) From: 1356K(69888K)->1377K(69888K)
[78.724s][info][gc,heap        ] GC(380) Tenured: 47972K(1398144K)->47972K(1398144K)
[78.724s][info][gc,metaspace   ] GC(380) Metaspace: 73994K(74624K)->73994K(74624K) NonClass: 58851K(59072K)->58851K(59072K) Class: 15142K(15552K)->15142K(15552K)
[78.724s][info][gc             ] GC(380) Pause Young (Allocation Failure) 594M->48M(1980M) 4.372ms
[78.724s][info][gc,cpu         ] GC(380) User=0.00s Sys=0.00s Real=0.00s
[78.947s][info][gc,start       ] GC(381) Pause Full (System.gc())
[78.947s][info][gc,phases,start] GC(381) Phase 1: Mark live objects
[78.995s][info][gc,phases      ] GC(381) Phase 1: Mark live objects 48.390ms
[78.995s][info][gc,phases,start] GC(381) Phase 2: Compute new object addresses
[79.111s][info][gc,phases      ] GC(381) Phase 2: Compute new object addresses 115.310ms
[79.177s][info][gc,phases,start] GC(381) Phase 3: Adjust pointers
[79.217s][info][gc,phases      ] GC(381) Phase 3: Adjust pointers 40.377ms
[79.217s][info][gc,phases,start] GC(381) Phase 4: Move objects
[79.221s][info][gc,phases      ] GC(381) Phase 4: Move objects 4.410ms
[79.222s][info][gc,heap        ] GC(381) DefNew: 322830K(629440K)->0K(629440K) Eden: 321453K(559552K)->0K(559552K) From: 1377K(69888K)->0K(69888K)
[79.222s][info][gc,heap        ] GC(381) Tenured: 47972K(1398144K)->35986K(1398144K)
[79.222s][info][gc,metaspace   ] GC(381) Metaspace: 73994K(74624K)->73994K(74624K) NonClass: 58851K(59072K)->58851K(59072K) Class: 15142K(15552K)->15142K(15552K)
[79.222s][info][gc             ] GC(381) Pause Full (System.gc()) 362M->35M(1980M) 275.080ms
[79.222s][info][gc,cpu         ] GC(381) User=0.20s Sys=0.00s Real=0.26s
[79.386s][info][gc,start       ] GC(382) Pause Young (Allocation Failure)
[79.403s][info][gc,heap        ] GC(382) DefNew: 559552K(629440K)->3515K(629440K) Eden: 559552K(559552K)->0K(559552K) From: 0K(69888K)->3515K(69888K)
[79.403s][info][gc,heap        ] GC(382) Tenured: 35986K(1398144K)->35986K(1398144K)
[79.403s][info][gc,metaspace   ] GC(382) Metaspace: 74034K(74624K)->74034K(74624K) NonClass: 58892K(59072K)->58892K(59072K) Class: 15142K(15552K)->15142K(15552K)
[79.403s][info][gc             ] GC(382) Pause Young (Allocation Failure) 581M->38M(1980M) 17.173ms
[79.403s][info][gc,cpu         ] GC(382) User=0.02s Sys=0.00s Real=0.02s
[79.542s][info][gc,start       ] GC(383) Pause Young (Allocation Failure)
[79.556s][info][gc,heap        ] GC(383) DefNew: 563067K(629440K)->3449K(629440K) Eden: 559552K(559552K)->0K(559552K) From: 3515K(69888K)->3449K(69888K)
[79.556s][info][gc,heap        ] GC(383) Tenured: 35986K(1398144K)->35986K(1398144K)
[79.556s][info][gc,metaspace   ] GC(383) Metaspace: 74034K(74624K)->74034K(74624K) NonClass: 58892K(59072K)->58892K(59072K) Class: 15142K(15552K)->15142K(15552K)
[79.556s][info][gc             ] GC(383) Pause Young (Allocation Failure) 585M->38M(1980M) 13.675ms
[79.556s][info][gc,cpu         ] GC(383) User=0.02s Sys=0.00s Real=0.01s
[79.693s][info][gc,start       ] GC(384) Pause Young (Allocation Failure)
[79.706s][info][gc,heap        ] GC(384) DefNew: 563001K(629440K)->3371K(629440K) Eden: 559552K(559552K)->0K(559552K) From: 3449K(69888K)->3371K(69888K)
[79.706s][info][gc,heap        ] GC(384) Tenured: 35986K(1398144K)->35986K(1398144K)
[79.706s][info][gc,metaspace   ] GC(384) Metaspace: 74034K(74624K)->74034K(74624K) NonClass: 58892K(59072K)->58892K(59072K) Class: 15142K(15552K)->15142K(15552K)
[79.706s][info][gc             ] GC(384) Pause Young (Allocation Failure) 584M->38M(1980M) 12.821ms
[79.706s][info][gc,cpu         ] GC(384) User=0.00s Sys=0.00s Real=0.00s
[79.843s][info][gc,start       ] GC(385) Pause Young (Allocation Failure)
[79.855s][info][gc,heap        ] GC(385) DefNew: 562923K(629440K)->3440K(629440K) Eden: 559552K(559552K)->0K(559552K) From: 3371K(69888K)->3440K(69888K)
[79.855s][info][gc,heap        ] GC(385) Tenured: 35986K(1398144K)->35986K(1398144K)
[79.855s][info][gc,metaspace   ] GC(385) Metaspace: 74034K(74624K)->74034K(74624K) NonClass: 58892K(59072K)->58892K(59072K) Class: 15142K(15552K)->15142K(15552K)
[79.855s][info][gc             ] GC(385) Pause Young (Allocation Failure) 584M->38M(1980M) 12.350ms
[79.855s][info][gc,cpu         ] GC(385) User=0.00s Sys=0.00s Real=0.00s
[79.993s][info][gc,start       ] GC(386) Pause Young (Allocation Failure)
[80.006s][info][gc,heap        ] GC(386) DefNew: 562992K(629440K)->3457K(629440K) Eden: 559552K(559552K)->0K(559552K) From: 3440K(69888K)->3457K(69888K)
[80.006s][info][gc,heap        ] GC(386) Tenured: 35986K(1398144K)->35986K(1398144K)
[80.006s][info][gc,metaspace   ] GC(386) Metaspace: 74034K(74624K)->74034K(74624K) NonClass: 58892K(59072K)->58892K(59072K) Class: 15142K(15552K)->15142K(15552K)
[80.006s][info][gc             ] GC(386) Pause Young (Allocation Failure) 584M->38M(1980M) 12.559ms
[80.006s][info][gc,cpu         ] GC(386) User=0.02s Sys=0.00s Real=0.01s
[80.144s][info][gc,start       ] GC(387) Pause Young (Allocation Failure)
[80.157s][info][gc,heap        ] GC(387) DefNew: 563009K(629440K)->3412K(629440K) Eden: 559552K(559552K)->0K(559552K) From: 3457K(69888K)->3412K(69888K)
[80.157s][info][gc,heap        ] GC(387) Tenured: 35986K(1398144K)->35986K(1398144K)
[80.157s][info][gc,metaspace   ] GC(387) Metaspace: 74034K(74624K)->74034K(74624K) NonClass: 58892K(59072K)->58892K(59072K) Class: 15142K(15552K)->15142K(15552K)
[80.157s][info][gc             ] GC(387) Pause Young (Allocation Failure) 584M->38M(1980M) 12.360ms
[80.157s][info][gc,cpu         ] GC(387) User=0.02s Sys=0.00s Real=0.01s
[80.295s][info][gc,start       ] GC(388) Pause Young (Allocation Failure)
[80.307s][info][gc,heap        ] GC(388) DefNew: 562964K(629440K)->3430K(629440K) Eden: 559552K(559552K)->0K(559552K) From: 3412K(69888K)->3430K(69888K)
[80.307s][info][gc,heap        ] GC(388) Tenured: 35986K(1398144K)->35986K(1398144K)
[80.307s][info][gc,metaspace   ] GC(388) Metaspace: 74034K(74624K)->74034K(74624K) NonClass: 58892K(59072K)->58892K(59072K) Class: 15142K(15552K)->15142K(15552K)
[80.307s][info][gc             ] GC(388) Pause Young (Allocation Failure) 584M->38M(1980M) 12.190ms
[80.307s][info][gc,cpu         ] GC(388) User=0.00s Sys=0.00s Real=0.00s
[80.446s][info][gc,start       ] GC(389) Pause Young (Allocation Failure)
[80.458s][info][gc,heap        ] GC(389) DefNew: 562982K(629440K)->3437K(629440K) Eden: 559552K(559552K)->0K(559552K) From: 3430K(69888K)->3437K(69888K)
[80.458s][info][gc,heap        ] GC(389) Tenured: 35986K(1398144K)->35986K(1398144K)
[80.458s][info][gc,metaspace   ] GC(389) Metaspace: 74034K(74624K)->74034K(74624K) NonClass: 58892K(59072K)->58892K(59072K) Class: 15142K(15552K)->15142K(15552K)
[80.458s][info][gc             ] GC(389) Pause Young (Allocation Failure) 584M->38M(1980M) 12.093ms
[80.458s][info][gc,cpu         ] GC(389) User=0.00s Sys=0.00s Real=0.00s
[80.596s][info][gc,start       ] GC(390) Pause Young (Allocation Failure)
[80.608s][info][gc,heap        ] GC(390) DefNew: 562989K(629440K)->3429K(629440K) Eden: 559552K(559552K)->0K(559552K) From: 3437K(69888K)->3429K(69888K)
[80.608s][info][gc,heap        ] GC(390) Tenured: 35986K(1398144K)->35986K(1398144K)
[80.608s][info][gc,metaspace   ] GC(390) Metaspace: 74034K(74624K)->74034K(74624K) NonClass: 58892K(59072K)->58892K(59072K) Class: 15142K(15552K)->15142K(15552K)
[80.608s][info][gc             ] GC(390) Pause Young (Allocation Failure) 584M->38M(1980M) 12.239ms
[80.608s][info][gc,cpu         ] GC(390) User=0.00s Sys=0.00s Real=0.00s
[80.748s][info][gc,start       ] GC(391) Pause Young (Allocation Failure)
[80.760s][info][gc,heap        ] GC(391) DefNew: 562981K(629440K)->3488K(629440K) Eden: 559552K(559552K)->0K(559552K) From: 3429K(69888K)->3488K(69888K)
[80.760s][info][gc,heap        ] GC(391) Tenured: 35986K(1398144K)->35986K(1398144K)
[80.760s][info][gc,metaspace   ] GC(391) Metaspace: 74034K(74624K)->74034K(74624K) NonClass: 58892K(59072K)->58892K(59072K) Class: 15142K(15552K)->15142K(15552K)
[80.760s][info][gc             ] GC(391) Pause Young (Allocation Failure) 584M->38M(1980M) 12.322ms
[80.760s][info][gc,cpu         ] GC(391) User=0.00s Sys=0.00s Real=0.00s
[80.898s][info][gc,start       ] GC(392) Pause Young (Allocation Failure)
[80.910s][info][gc,heap        ] GC(392) DefNew: 563040K(629440K)->3409K(629440K) Eden: 559552K(559552K)->0K(559552K) From: 3488K(69888K)->3409K(69888K)
[80.910s][info][gc,heap        ] GC(392) Tenured: 35986K(1398144K)->35986K(1398144K)
[80.910s][info][gc,metaspace   ] GC(392) Metaspace: 74034K(74624K)->74034K(74624K) NonClass: 58892K(59072K)->58892K(59072K) Class: 15142K(15552K)->15142K(15552K)
[80.910s][info][gc             ] GC(392) Pause Young (Allocation Failure) 584M->38M(1980M) 12.159ms
[80.910s][info][gc,cpu         ] GC(392) User=0.00s Sys=0.00s Real=0.00s
[81.051s][info][gc,start       ] GC(393) Pause Young (Allocation Failure)
[81.063s][info][gc,heap        ] GC(393) DefNew: 562961K(629440K)->3402K(629440K) Eden: 559552K(559552K)->0K(559552K) From: 3409K(69888K)->3402K(69888K)
[81.063s][info][gc,heap        ] GC(393) Tenured: 35986K(1398144K)->35986K(1398144K)
[81.063s][info][gc,metaspace   ] GC(393) Metaspace: 74034K(74624K)->74034K(74624K) NonClass: 58892K(59072K)->58892K(59072K) Class: 15142K(15552K)->15142K(15552K)
[81.063s][info][gc             ] GC(393) Pause Young (Allocation Failure) 584M->38M(1980M) 12.113ms
[81.063s][info][gc,cpu         ] GC(393) User=0.02s Sys=0.00s Real=0.01s
[81.201s][info][gc,start       ] GC(394) Pause Young (Allocation Failure)
[81.214s][info][gc,heap        ] GC(394) DefNew: 562954K(629440K)->3470K(629440K) Eden: 559552K(559552K)->0K(559552K) From: 3402K(69888K)->3470K(69888K)
[81.214s][info][gc,heap        ] GC(394) Tenured: 35986K(1398144K)->35986K(1398144K)
[81.214s][info][gc,metaspace   ] GC(394) Metaspace: 74034K(74624K)->74034K(74624K) NonClass: 58892K(59072K)->58892K(59072K) Class: 15142K(15552K)->15142K(15552K)
[81.214s][info][gc             ] GC(394) Pause Young (Allocation Failure) 584M->38M(1980M) 12.336ms
[81.214s][info][gc,cpu         ] GC(394) User=0.02s Sys=0.00s Real=0.01s
[81.352s][info][gc,start       ] GC(395) Pause Young (Allocation Failure)
[81.364s][info][gc,heap        ] GC(395) DefNew: 563022K(629440K)->3449K(629440K) Eden: 559552K(559552K)->0K(559552K) From: 3470K(69888K)->3449K(69888K)
[81.364s][info][gc,heap        ] GC(395) Tenured: 35986K(1398144K)->35986K(1398144K)
[81.364s][info][gc,metaspace   ] GC(395) Metaspace: 74034K(74624K)->74034K(74624K) NonClass: 58892K(59072K)->58892K(59072K) Class: 15142K(15552K)->15142K(15552K)
[81.364s][info][gc             ] GC(395) Pause Young (Allocation Failure) 584M->38M(1980M) 12.361ms
[81.364s][info][gc,cpu         ] GC(395) User=0.02s Sys=0.00s Real=0.01s
[81.502s][info][gc,start       ] GC(396) Pause Young (Allocation Failure)
[81.515s][info][gc,heap        ] GC(396) DefNew: 563001K(629440K)->3506K(629440K) Eden: 559552K(559552K)->0K(559552K) From: 3449K(69888K)->3506K(69888K)
[81.515s][info][gc,heap        ] GC(396) Tenured: 35986K(1398144K)->35986K(1398144K)
[81.515s][info][gc,metaspace   ] GC(396) Metaspace: 74034K(74624K)->74034K(74624K) NonClass: 58892K(59072K)->58892K(59072K) Class: 15142K(15552K)->15142K(15552K)
[81.515s][info][gc             ] GC(396) Pause Young (Allocation Failure) 584M->38M(1980M) 12.456ms
[81.515s][info][gc,cpu         ] GC(396) User=0.02s Sys=0.00s Real=0.01s
[81.652s][info][gc,start       ] GC(397) Pause Young (Allocation Failure)
[81.666s][info][gc,heap        ] GC(397) DefNew: 563049K(629440K)->1527K(629440K) Eden: 559543K(559552K)->0K(559552K) From: 3506K(69888K)->1527K(69888K)
[81.666s][info][gc,heap        ] GC(397) Tenured: 35986K(1398144K)->38005K(1398144K)
[81.666s][info][gc,metaspace   ] GC(397) Metaspace: 74034K(74624K)->74034K(74624K) NonClass: 58892K(59072K)->58892K(59072K) Class: 15142K(15552K)->15142K(15552K)
[81.666s][info][gc             ] GC(397) Pause Young (Allocation Failure) 584M->38M(1980M) 13.463ms
[81.666s][info][gc,cpu         ] GC(397) User=0.02s Sys=0.00s Real=0.01s
[81.805s][info][gc,start       ] GC(398) Pause Young (Allocation Failure)
[81.813s][info][gc,heap        ] GC(398) DefNew: 561079K(629440K)->1481K(629440K) Eden: 559551K(559552K)->0K(559552K) From: 1527K(69888K)->1481K(69888K)
[81.813s][info][gc,heap        ] GC(398) Tenured: 38005K(1398144K)->38005K(1398144K)
[81.813s][info][gc,metaspace   ] GC(398) Metaspace: 74039K(74624K)->74039K(74624K) NonClass: 58896K(59072K)->58896K(59072K) Class: 15142K(15552K)->15142K(15552K)
[81.813s][info][gc             ] GC(398) Pause Young (Allocation Failure) 585M->38M(1980M) 8.707ms
[81.813s][info][gc,cpu         ] GC(398) User=0.02s Sys=0.00s Real=0.01s
[81.951s][info][gc,start       ] GC(399) Pause Young (Allocation Failure)
[81.959s][info][gc,heap        ] GC(399) DefNew: 561033K(629440K)->1482K(629440K) Eden: 559552K(559552K)->0K(559552K) From: 1481K(69888K)->1482K(69888K)
[81.959s][info][gc,heap        ] GC(399) Tenured: 38005K(1398144K)->38005K(1398144K)
[81.959s][info][gc,metaspace   ] GC(399) Metaspace: 74039K(74624K)->74039K(74624K) NonClass: 58896K(59072K)->58896K(59072K) Class: 15142K(15552K)->15142K(15552K)
[81.960s][info][gc             ] GC(399) Pause Young (Allocation Failure) 584M->38M(1980M) 8.669ms
[81.960s][info][gc,cpu         ] GC(399) User=0.02s Sys=0.00s Real=0.00s
[82.098s][info][gc,start       ] GC(400) Pause Young (Allocation Failure)
[82.106s][info][gc,heap        ] GC(400) DefNew: 561034K(629440K)->1451K(629440K) Eden: 559552K(559552K)->0K(559552K) From: 1482K(69888K)->1451K(69888K)
[82.106s][info][gc,heap        ] GC(400) Tenured: 38005K(1398144K)->38005K(1398144K)
[82.106s][info][gc,metaspace   ] GC(400) Metaspace: 74039K(74624K)->74039K(74624K) NonClass: 58896K(59072K)->58896K(59072K) Class: 15142K(15552K)->15142K(15552K)
[82.106s][info][gc             ] GC(400) Pause Young (Allocation Failure) 584M->38M(1980M) 8.502ms
[82.106s][info][gc,cpu         ] GC(400) User=0.00s Sys=0.00s Real=0.00s
[82.245s][info][gc,start       ] GC(401) Pause Young (Allocation Failure)
[82.254s][info][gc,heap        ] GC(401) DefNew: 561003K(629440K)->1459K(629440K) Eden: 559552K(559552K)->0K(559552K) From: 1451K(69888K)->1459K(69888K)
[82.254s][info][gc,heap        ] GC(401) Tenured: 38005K(1398144K)->38005K(1398144K)
[82.254s][info][gc,metaspace   ] GC(401) Metaspace: 74039K(74624K)->74039K(74624K) NonClass: 58896K(59072K)->58896K(59072K) Class: 15142K(15552K)->15142K(15552K)
[82.254s][info][gc             ] GC(401) Pause Young (Allocation Failure) 584M->38M(1980M) 8.576ms
[82.254s][info][gc,cpu         ] GC(401) User=0.02s Sys=0.00s Real=0.01s
[82.391s][info][gc,start       ] GC(402) Pause Young (Allocation Failure)
[82.400s][info][gc,heap        ] GC(402) DefNew: 561011K(629440K)->1445K(629440K) Eden: 559552K(559552K)->0K(559552K) From: 1459K(69888K)->1445K(69888K)
[82.400s][info][gc,heap        ] GC(402) Tenured: 38005K(1398144K)->38005K(1398144K)
[82.400s][info][gc,metaspace   ] GC(402) Metaspace: 74039K(74624K)->74039K(74624K) NonClass: 58896K(59072K)->58896K(59072K) Class: 15142K(15552K)->15142K(15552K)
[82.400s][info][gc             ] GC(402) Pause Young (Allocation Failure) 584M->38M(1980M) 8.459ms
[82.400s][info][gc,cpu         ] GC(402) User=0.00s Sys=0.00s Real=0.01s
[82.537s][info][gc,start       ] GC(403) Pause Young (Allocation Failure)
[82.546s][info][gc,heap        ] GC(403) DefNew: 560997K(629440K)->1534K(629440K) Eden: 559552K(559552K)->0K(559552K) From: 1445K(69888K)->1534K(69888K)
[82.546s][info][gc,heap        ] GC(403) Tenured: 38005K(1398144K)->38005K(1398144K)
[82.546s][info][gc,metaspace   ] GC(403) Metaspace: 74039K(74624K)->74039K(74624K) NonClass: 58896K(59072K)->58896K(59072K) Class: 15142K(15552K)->15142K(15552K)
[82.546s][info][gc             ] GC(403) Pause Young (Allocation Failure) 584M->38M(1980M) 8.929ms
[82.546s][info][gc,cpu         ] GC(403) User=0.02s Sys=0.00s Real=0.01s
[82.684s][info][gc,start       ] GC(404) Pause Young (Allocation Failure)
[82.692s][info][gc,heap        ] GC(404) DefNew: 561086K(629440K)->1500K(629440K) Eden: 559552K(559552K)->0K(559552K) From: 1534K(69888K)->1500K(69888K)
[82.693s][info][gc,heap        ] GC(404) Tenured: 38005K(1398144K)->38023K(1398144K)
[82.693s][info][gc,metaspace   ] GC(404) Metaspace: 74039K(74624K)->74039K(74624K) NonClass: 58896K(59072K)->58896K(59072K) Class: 15142K(15552K)->15142K(15552K)
[82.693s][info][gc             ] GC(404) Pause Young (Allocation Failure) 585M->38M(1980M) 8.983ms
[82.693s][info][gc,cpu         ] GC(404) User=0.00s Sys=0.00s Real=0.00s
[82.831s][info][gc,start       ] GC(405) Pause Young (Allocation Failure)
[82.839s][info][gc,heap        ] GC(405) DefNew: 561052K(629440K)->1480K(629440K) Eden: 559552K(559552K)->0K(559552K) From: 1500K(69888K)->1480K(69888K)
[82.839s][info][gc,heap        ] GC(405) Tenured: 38023K(1398144K)->38023K(1398144K)
[82.839s][info][gc,metaspace   ] GC(405) Metaspace: 74039K(74624K)->74039K(74624K) NonClass: 58896K(59072K)->58896K(59072K) Class: 15142K(15552K)->15142K(15552K)
[82.839s][info][gc             ] GC(405) Pause Young (Allocation Failure) 585M->38M(1980M) 8.774ms
[82.839s][info][gc,cpu         ] GC(405) User=0.00s Sys=0.00s Real=0.00s
[82.977s][info][gc,start       ] GC(406) Pause Young (Allocation Failure)
[82.987s][info][gc,heap        ] GC(406) DefNew: 561032K(629440K)->1427K(629440K) Eden: 559552K(559552K)->0K(559552K) From: 1480K(69888K)->1427K(69888K)
[82.987s][info][gc,heap        ] GC(406) Tenured: 38023K(1398144K)->38023K(1398144K)
[82.987s][info][gc,metaspace   ] GC(406) Metaspace: 74039K(74624K)->74039K(74624K) NonClass: 58896K(59072K)->58896K(59072K) Class: 15142K(15552K)->15142K(15552K)
[82.987s][info][gc             ] GC(406) Pause Young (Allocation Failure) 585M->38M(1980M) 9.359ms
[82.987s][info][gc,cpu         ] GC(406) User=0.00s Sys=0.00s Real=0.00s
[83.125s][info][gc,start       ] GC(407) Pause Young (Allocation Failure)
[83.134s][info][gc,heap        ] GC(407) DefNew: 560979K(629440K)->1414K(629440K) Eden: 559552K(559552K)->0K(559552K) From: 1427K(69888K)->1414K(69888K)
[83.134s][info][gc,heap        ] GC(407) Tenured: 38023K(1398144K)->38023K(1398144K)
[83.134s][info][gc,metaspace   ] GC(407) Metaspace: 74039K(74624K)->74039K(74624K) NonClass: 58896K(59072K)->58896K(59072K) Class: 15142K(15552K)->15142K(15552K)
[83.134s][info][gc             ] GC(407) Pause Young (Allocation Failure) 584M->38M(1980M) 8.836ms
[83.134s][info][gc,cpu         ] GC(407) User=0.00s Sys=0.00s Real=0.00s
[83.272s][info][gc,start       ] GC(408) Pause Young (Allocation Failure)
[83.281s][info][gc,heap        ] GC(408) DefNew: 560966K(629440K)->1452K(629440K) Eden: 559552K(559552K)->0K(559552K) From: 1414K(69888K)->1452K(69888K)
[83.281s][info][gc,heap        ] GC(408) Tenured: 38023K(1398144K)->38023K(1398144K)
[83.281s][info][gc,metaspace   ] GC(408) Metaspace: 74039K(74624K)->74039K(74624K) NonClass: 58896K(59072K)->58896K(59072K) Class: 15142K(15552K)->15142K(15552K)
[83.281s][info][gc             ] GC(408) Pause Young (Allocation Failure) 584M->38M(1980M) 8.611ms
[83.281s][info][gc,cpu         ] GC(408) User=0.00s Sys=0.00s Real=0.00s
[83.419s][info][gc,start       ] GC(409) Pause Young (Allocation Failure)
[83.428s][info][gc,heap        ] GC(409) DefNew: 561004K(629440K)->1550K(629440K) Eden: 559552K(559552K)->0K(559552K) From: 1452K(69888K)->1550K(69888K)
[83.429s][info][gc,heap        ] GC(409) Tenured: 38023K(1398144K)->38023K(1398144K)
[83.429s][info][gc,metaspace   ] GC(409) Metaspace: 74039K(74624K)->74039K(74624K) NonClass: 58896K(59072K)->58896K(59072K) Class: 15142K(15552K)->15142K(15552K)
[83.429s][info][gc             ] GC(409) Pause Young (Allocation Failure) 584M->38M(1980M) 9.779ms
[83.429s][info][gc,cpu         ] GC(409) User=0.00s Sys=0.00s Real=0.00s
[83.567s][info][gc,start       ] GC(410) Pause Young (Allocation Failure)
[83.576s][info][gc,heap        ] GC(410) DefNew: 561102K(629440K)->1501K(629440K) Eden: 559552K(559552K)->0K(559552K) From: 1550K(69888K)->1501K(69888K)
[83.576s][info][gc,heap        ] GC(410) Tenured: 38023K(1398144K)->38039K(1398144K)
[83.576s][info][gc,metaspace   ] GC(410) Metaspace: 74039K(74624K)->74039K(74624K) NonClass: 58896K(59072K)->58896K(59072K) Class: 15142K(15552K)->15142K(15552K)
[83.576s][info][gc             ] GC(410) Pause Young (Allocation Failure) 585M->38M(1980M) 9.148ms
[83.576s][info][gc,cpu         ] GC(410) User=0.00s Sys=0.00s Real=0.00s
[83.714s][info][gc,start       ] GC(411) Pause Young (Allocation Failure)
[83.723s][info][gc,heap        ] GC(411) DefNew: 561053K(629440K)->1470K(629440K) Eden: 559552K(559552K)->0K(559552K) From: 1501K(69888K)->1470K(69888K)
[83.723s][info][gc,heap        ] GC(411) Tenured: 38039K(1398144K)->38039K(1398144K)
[83.723s][info][gc,metaspace   ] GC(411) Metaspace: 74039K(74624K)->74039K(74624K) NonClass: 58896K(59072K)->58896K(59072K) Class: 15142K(15552K)->15142K(15552K)
[83.723s][info][gc             ] GC(411) Pause Young (Allocation Failure) 585M->38M(1980M) 8.671ms
[83.723s][info][gc,cpu         ] GC(411) User=0.00s Sys=0.00s Real=0.00s
[83.861s][info][gc,start       ] GC(412) Pause Young (Allocation Failure)
[83.869s][info][gc,heap        ] GC(412) DefNew: 561022K(629440K)->1380K(629440K) Eden: 559552K(559552K)->0K(559552K) From: 1470K(69888K)->1380K(69888K)
[83.869s][info][gc,heap        ] GC(412) Tenured: 38039K(1398144K)->38039K(1398144K)
[83.869s][info][gc,metaspace   ] GC(412) Metaspace: 74039K(74624K)->74039K(74624K) NonClass: 58896K(59072K)->58896K(59072K) Class: 15142K(15552K)->15142K(15552K)
[83.869s][info][gc             ] GC(412) Pause Young (Allocation Failure) 585M->38M(1980M) 8.226ms
[83.869s][info][gc,cpu         ] GC(412) User=0.00s Sys=0.00s Real=0.00s
[84.008s][info][gc,start       ] GC(413) Pause Young (Allocation Failure)
[84.017s][info][gc,heap        ] GC(413) DefNew: 560932K(629440K)->1490K(629440K) Eden: 559552K(559552K)->0K(559552K) From: 1380K(69888K)->1490K(69888K)
[84.017s][info][gc,heap        ] GC(413) Tenured: 38039K(1398144K)->38075K(1398144K)
[84.017s][info][gc,metaspace   ] GC(413) Metaspace: 74043K(74624K)->74043K(74624K) NonClass: 58900K(59072K)->58900K(59072K) Class: 15142K(15552K)->15142K(15552K)
[84.017s][info][gc             ] GC(413) Pause Young (Allocation Failure) 584M->38M(1980M) 9.266ms
[84.017s][info][gc,cpu         ] GC(413) User=0.00s Sys=0.00s Real=0.00s
[84.156s][info][gc,start       ] GC(414) Pause Young (Allocation Failure)
[84.166s][info][gc,heap        ] GC(414) DefNew: 561042K(629440K)->1492K(629440K) Eden: 559552K(559552K)->0K(559552K) From: 1490K(69888K)->1492K(69888K)
[84.166s][info][gc,heap        ] GC(414) Tenured: 38075K(1398144K)->38075K(1398144K)
[84.166s][info][gc,metaspace   ] GC(414) Metaspace: 74043K(74624K)->74043K(74624K) NonClass: 58900K(59072K)->58900K(59072K) Class: 15142K(15552K)->15142K(15552K)
[84.166s][info][gc             ] GC(414) Pause Young (Allocation Failure) 585M->38M(1980M) 9.588ms
[84.166s][info][gc,cpu         ] GC(414) User=0.00s Sys=0.00s Real=0.00s
[84.306s][info][gc,start       ] GC(415) Pause Young (Allocation Failure)
[84.316s][info][gc,heap        ] GC(415) DefNew: 561044K(629440K)->1504K(629440K) Eden: 559552K(559552K)->0K(559552K) From: 1492K(69888K)->1504K(69888K)
[84.316s][info][gc,heap        ] GC(415) Tenured: 38075K(1398144K)->38076K(1398144K)
[84.316s][info][gc,metaspace   ] GC(415) Metaspace: 74043K(74624K)->74043K(74624K) NonClass: 58900K(59072K)->58900K(59072K) Class: 15142K(15552K)->15142K(15552K)
[84.316s][info][gc             ] GC(415) Pause Young (Allocation Failure) 585M->38M(1980M) 9.438ms
[84.316s][info][gc,cpu         ] GC(415) User=0.00s Sys=0.00s Real=0.00s
[84.461s][info][gc,start       ] GC(416) Pause Young (Allocation Failure)
[84.470s][info][gc,heap        ] GC(416) DefNew: 561056K(629440K)->1493K(629440K) Eden: 559552K(559552K)->0K(559552K) From: 1504K(69888K)->1493K(69888K)
[84.470s][info][gc,heap        ] GC(416) Tenured: 38076K(1398144K)->38076K(1398144K)
[84.470s][info][gc,metaspace   ] GC(416) Metaspace: 74044K(74624K)->74044K(74624K) NonClass: 58901K(59072K)->58901K(59072K) Class: 15142K(15552K)->15142K(15552K)
[84.470s][info][gc             ] GC(416) Pause Young (Allocation Failure) 585M->38M(1980M) 9.293ms
[84.470s][info][gc,cpu         ] GC(416) User=0.00s Sys=0.00s Real=0.00s
[84.629s][info][gc,start       ] GC(417) Pause Young (Allocation Failure)
[84.637s][info][gc,heap        ] GC(417) DefNew: 561045K(629440K)->1473K(629440K) Eden: 559552K(559552K)->0K(559552K) From: 1493K(69888K)->1473K(69888K)
[84.637s][info][gc,heap        ] GC(417) Tenured: 38076K(1398144K)->38092K(1398144K)
[84.637s][info][gc,metaspace   ] GC(417) Metaspace: 74044K(74624K)->74044K(74624K) NonClass: 58901K(59072K)->58901K(59072K) Class: 15142K(15552K)->15142K(15552K)
[84.637s][info][gc             ] GC(417) Pause Young (Allocation Failure) 585M->38M(1980M) 8.181ms
[84.637s][info][gc,cpu         ] GC(417) User=0.02s Sys=0.00s Real=0.02s
[84.824s][info][gc,start       ] GC(418) Pause Young (Allocation Failure)
[84.830s][info][gc,heap        ] GC(418) DefNew: 561025K(629440K)->1398K(629440K) Eden: 559552K(559552K)->0K(559552K) From: 1473K(69888K)->1398K(69888K)
[84.830s][info][gc,heap        ] GC(418) Tenured: 38092K(1398144K)->38092K(1398144K)
[84.830s][info][gc,metaspace   ] GC(418) Metaspace: 74044K(74624K)->74044K(74624K) NonClass: 58901K(59072K)->58901K(59072K) Class: 15142K(15552K)->15142K(15552K)
[84.830s][info][gc             ] GC(418) Pause Young (Allocation Failure) 585M->38M(1980M) 6.481ms
[84.830s][info][gc,cpu         ] GC(418) User=0.02s Sys=0.00s Real=0.02s
[85.094s][info][gc,start       ] GC(419) Pause Young (Allocation Failure)
[85.100s][info][gc,heap        ] GC(419) DefNew: 560950K(629440K)->1355K(629440K) Eden: 559552K(559552K)->0K(559552K) From: 1398K(69888K)->1355K(69888K)
[85.100s][info][gc,heap        ] GC(419) Tenured: 38092K(1398144K)->38092K(1398144K)
[85.100s][info][gc,metaspace   ] GC(419) Metaspace: 74044K(74624K)->74044K(74624K) NonClass: 58901K(59072K)->58901K(59072K) Class: 15142K(15552K)->15142K(15552K)
[85.100s][info][gc             ] GC(419) Pause Young (Allocation Failure) 585M->38M(1980M) 5.443ms
[85.100s][info][gc,cpu         ] GC(419) User=0.02s Sys=0.00s Real=0.02s
[85.448s][info][gc,start       ] GC(420) Pause Young (Allocation Failure)
[85.453s][info][gc,heap        ] GC(420) DefNew: 560907K(629440K)->1371K(629440K) Eden: 559552K(559552K)->0K(559552K) From: 1355K(69888K)->1371K(69888K)
[85.453s][info][gc,heap        ] GC(420) Tenured: 38092K(1398144K)->38092K(1398144K)
[85.453s][info][gc,metaspace   ] GC(420) Metaspace: 74044K(74624K)->74044K(74624K) NonClass: 58901K(59072K)->58901K(59072K) Class: 15142K(15552K)->15142K(15552K)
[85.453s][info][gc             ] GC(420) Pause Young (Allocation Failure) 584M->38M(1980M) 4.522ms
[85.453s][info][gc,cpu         ] GC(420) User=0.02s Sys=0.00s Real=0.00s
[85.815s][info][gc,start       ] GC(421) Pause Young (Allocation Failure)
[85.819s][info][gc,heap        ] GC(421) DefNew: 560923K(629440K)->1376K(629440K) Eden: 559552K(559552K)->0K(559552K) From: 1371K(69888K)->1376K(69888K)
[85.819s][info][gc,heap        ] GC(421) Tenured: 38092K(1398144K)->38092K(1398144K)
[85.820s][info][gc,metaspace   ] GC(421) Metaspace: 74044K(74624K)->74044K(74624K) NonClass: 58901K(59072K)->58901K(59072K) Class: 15142K(15552K)->15142K(15552K)
[85.820s][info][gc             ] GC(421) Pause Young (Allocation Failure) 584M->38M(1980M) 4.248ms
[85.820s][info][gc,cpu         ] GC(421) User=0.00s Sys=0.00s Real=0.00s
[86.184s][info][gc,start       ] GC(422) Pause Young (Allocation Failure)
[86.188s][info][gc,heap        ] GC(422) DefNew: 560928K(629440K)->1369K(629440K) Eden: 559552K(559552K)->0K(559552K) From: 1376K(69888K)->1369K(69888K)
[86.188s][info][gc,heap        ] GC(422) Tenured: 38092K(1398144K)->38092K(1398144K)
[86.188s][info][gc,metaspace   ] GC(422) Metaspace: 74044K(74624K)->74044K(74624K) NonClass: 58901K(59072K)->58901K(59072K) Class: 15142K(15552K)->15142K(15552K)
[86.188s][info][gc             ] GC(422) Pause Young (Allocation Failure) 584M->38M(1980M) 4.406ms
[86.188s][info][gc,cpu         ] GC(422) User=0.02s Sys=0.00s Real=0.00s
[86.416s][info][gc,start       ] GC(423) Pause Full (System.gc())
[86.416s][info][gc,phases,start] GC(423) Phase 1: Mark live objects
[86.463s][info][gc,phases      ] GC(423) Phase 1: Mark live objects 47.607ms
[86.463s][info][gc,phases,start] GC(423) Phase 2: Compute new object addresses
[86.580s][info][gc,phases      ] GC(423) Phase 2: Compute new object addresses 116.439ms
[86.580s][info][gc,phases,start] GC(423) Phase 3: Adjust pointers
[86.606s][info][gc,phases      ] GC(423) Phase 3: Adjust pointers 25.708ms
[86.606s][info][gc,phases,start] GC(423) Phase 4: Move objects
[86.607s][info][gc,phases      ] GC(423) Phase 4: Move objects 1.163ms
[86.607s][info][gc,heap        ] GC(423) DefNew: 318613K(629440K)->0K(629440K) Eden: 317243K(559552K)->0K(559552K) From: 1369K(69888K)->0K(69888K)
[86.607s][info][gc,heap        ] GC(423) Tenured: 38092K(1398144K)->39387K(1398144K)
[86.607s][info][gc,metaspace   ] GC(423) Metaspace: 74073K(74688K)->74073K(74688K) NonClass: 58930K(59136K)->58930K(59136K) Class: 15142K(15552K)->15142K(15552K)
[86.607s][info][gc             ] GC(423) Pause Full (System.gc()) 348M->38M(1980M) 191.665ms
[86.607s][info][gc,cpu         ] GC(423) User=0.19s Sys=0.00s Real=0.19s
[86.768s][info][gc,start       ] GC(424) Pause Young (Allocation Failure)
[86.785s][info][gc,heap        ] GC(424) DefNew: 559552K(629440K)->3532K(629440K) Eden: 559552K(559552K)->0K(559552K) From: 0K(69888K)->3532K(69888K)
[86.785s][info][gc,heap        ] GC(424) Tenured: 39387K(1398144K)->39387K(1398144K)
[86.785s][info][gc,metaspace   ] GC(424) Metaspace: 74258K(74880K)->74258K(74880K) NonClass: 59115K(59328K)->59115K(59328K) Class: 15142K(15552K)->15142K(15552K)
[86.785s][info][gc             ] GC(424) Pause Young (Allocation Failure) 584M->41M(1980M) 17.323ms
[86.785s][info][gc,cpu         ] GC(424) User=0.02s Sys=0.00s Real=0.02s
[86.923s][info][gc,start       ] GC(425) Pause Young (Allocation Failure)
[86.936s][info][gc,heap        ] GC(425) DefNew: 563084K(629440K)->3482K(629440K) Eden: 559552K(559552K)->0K(559552K) From: 3532K(69888K)->3482K(69888K)
[86.936s][info][gc,heap        ] GC(425) Tenured: 39387K(1398144K)->39387K(1398144K)
[86.936s][info][gc,metaspace   ] GC(425) Metaspace: 74258K(74880K)->74258K(74880K) NonClass: 59115K(59328K)->59115K(59328K) Class: 15142K(15552K)->15142K(15552K)
[86.936s][info][gc             ] GC(425) Pause Young (Allocation Failure) 588M->41M(1980M) 13.011ms
[86.936s][info][gc,cpu         ] GC(425) User=0.00s Sys=0.00s Real=0.00s
[87.075s][info][gc,start       ] GC(426) Pause Young (Allocation Failure)
[87.088s][info][gc,heap        ] GC(426) DefNew: 563034K(629440K)->3461K(629440K) Eden: 559552K(559552K)->0K(559552K) From: 3482K(69888K)->3461K(69888K)
[87.088s][info][gc,heap        ] GC(426) Tenured: 39387K(1398144K)->39387K(1398144K)
[87.088s][info][gc,metaspace   ] GC(426) Metaspace: 74258K(74880K)->74258K(74880K) NonClass: 59115K(59328K)->59115K(59328K) Class: 15142K(15552K)->15142K(15552K)
[87.088s][info][gc             ] GC(426) Pause Young (Allocation Failure) 588M->41M(1980M) 12.817ms
[87.088s][info][gc,cpu         ] GC(426) User=0.00s Sys=0.00s Real=0.00s
[87.227s][info][gc,start       ] GC(427) Pause Young (Allocation Failure)
[87.240s][info][gc,heap        ] GC(427) DefNew: 563013K(629440K)->3465K(629440K) Eden: 559552K(559552K)->0K(559552K) From: 3461K(69888K)->3465K(69888K)
[87.240s][info][gc,heap        ] GC(427) Tenured: 39387K(1398144K)->39387K(1398144K)
[87.240s][info][gc,metaspace   ] GC(427) Metaspace: 74258K(74880K)->74258K(74880K) NonClass: 59115K(59328K)->59115K(59328K) Class: 15142K(15552K)->15142K(15552K)
[87.240s][info][gc             ] GC(427) Pause Young (Allocation Failure) 588M->41M(1980M) 12.398ms
[87.240s][info][gc,cpu         ] GC(427) User=0.02s Sys=0.00s Real=0.01s
[87.381s][info][gc,start       ] GC(428) Pause Young (Allocation Failure)
[87.394s][info][gc,heap        ] GC(428) DefNew: 563017K(629440K)->3477K(629440K) Eden: 559552K(559552K)->0K(559552K) From: 3465K(69888K)->3477K(69888K)
[87.394s][info][gc,heap        ] GC(428) Tenured: 39387K(1398144K)->39387K(1398144K)
[87.394s][info][gc,metaspace   ] GC(428) Metaspace: 74258K(74880K)->74258K(74880K) NonClass: 59115K(59328K)->59115K(59328K) Class: 15142K(15552K)->15142K(15552K)
[87.394s][info][gc             ] GC(428) Pause Young (Allocation Failure) 588M->41M(1980M) 12.629ms
[87.394s][info][gc,cpu         ] GC(428) User=0.02s Sys=0.00s Real=0.01s
[87.532s][info][gc,start       ] GC(429) Pause Young (Allocation Failure)
[87.545s][info][gc,heap        ] GC(429) DefNew: 563029K(629440K)->3441K(629440K) Eden: 559552K(559552K)->0K(559552K) From: 3477K(69888K)->3441K(69888K)
[87.545s][info][gc,heap        ] GC(429) Tenured: 39387K(1398144K)->39387K(1398144K)
[87.545s][info][gc,metaspace   ] GC(429) Metaspace: 74258K(74880K)->74258K(74880K) NonClass: 59115K(59328K)->59115K(59328K) Class: 15142K(15552K)->15142K(15552K)
[87.545s][info][gc             ] GC(429) Pause Young (Allocation Failure) 588M->41M(1980M) 13.527ms
[87.545s][info][gc,cpu         ] GC(429) User=0.00s Sys=0.00s Real=0.01s
[87.683s][info][gc,start       ] GC(430) Pause Young (Allocation Failure)
[87.696s][info][gc,heap        ] GC(430) DefNew: 562993K(629440K)->3439K(629440K) Eden: 559552K(559552K)->0K(559552K) From: 3441K(69888K)->3439K(69888K)
[87.696s][info][gc,heap        ] GC(430) Tenured: 39387K(1398144K)->39387K(1398144K)
[87.696s][info][gc,metaspace   ] GC(430) Metaspace: 74258K(74880K)->74258K(74880K) NonClass: 59115K(59328K)->59115K(59328K) Class: 15142K(15552K)->15142K(15552K)
[87.696s][info][gc             ] GC(430) Pause Young (Allocation Failure) 588M->41M(1980M) 12.752ms
[87.696s][info][gc,cpu         ] GC(430) User=0.02s Sys=0.00s Real=0.01s
[87.833s][info][gc,start       ] GC(431) Pause Young (Allocation Failure)
[87.845s][info][gc,heap        ] GC(431) DefNew: 562991K(629440K)->3452K(629440K) Eden: 559552K(559552K)->0K(559552K) From: 3439K(69888K)->3452K(69888K)
[87.845s][info][gc,heap        ] GC(431) Tenured: 39387K(1398144K)->39387K(1398144K)
[87.845s][info][gc,metaspace   ] GC(431) Metaspace: 74258K(74880K)->74258K(74880K) NonClass: 59115K(59328K)->59115K(59328K) Class: 15142K(15552K)->15142K(15552K)
[87.845s][info][gc             ] GC(431) Pause Young (Allocation Failure) 588M->41M(1980M) 12.068ms
[87.845s][info][gc,cpu         ] GC(431) User=0.00s Sys=0.00s Real=0.00s
[87.982s][info][gc,start       ] GC(432) Pause Young (Allocation Failure)
[87.994s][info][gc,heap        ] GC(432) DefNew: 563004K(629440K)->3427K(629440K) Eden: 559552K(559552K)->0K(559552K) From: 3452K(69888K)->3427K(69888K)
[87.994s][info][gc,heap        ] GC(432) Tenured: 39387K(1398144K)->39387K(1398144K)
[87.994s][info][gc,metaspace   ] GC(432) Metaspace: 74258K(74880K)->74258K(74880K) NonClass: 59115K(59328K)->59115K(59328K) Class: 15142K(15552K)->15142K(15552K)
[87.994s][info][gc             ] GC(432) Pause Young (Allocation Failure) 588M->41M(1980M) 12.075ms
[87.994s][info][gc,cpu         ] GC(432) User=0.00s Sys=0.00s Real=0.00s
[88.133s][info][gc,start       ] GC(433) Pause Young (Allocation Failure)
[88.146s][info][gc,heap        ] GC(433) DefNew: 562979K(629440K)->3442K(629440K) Eden: 559552K(559552K)->0K(559552K) From: 3427K(69888K)->3442K(69888K)
[88.147s][info][gc,heap        ] GC(433) Tenured: 39387K(1398144K)->39387K(1398144K)
[88.147s][info][gc,metaspace   ] GC(433) Metaspace: 74258K(74880K)->74258K(74880K) NonClass: 59115K(59328K)->59115K(59328K) Class: 15142K(15552K)->15142K(15552K)
[88.147s][info][gc             ] GC(433) Pause Young (Allocation Failure) 588M->41M(1980M) 13.461ms
[88.147s][info][gc,cpu         ] GC(433) User=0.02s Sys=0.00s Real=0.01s
[88.285s][info][gc,start       ] GC(434) Pause Young (Allocation Failure)
[88.297s][info][gc,heap        ] GC(434) DefNew: 562994K(629440K)->3433K(629440K) Eden: 559552K(559552K)->0K(559552K) From: 3442K(69888K)->3433K(69888K)
[88.297s][info][gc,heap        ] GC(434) Tenured: 39387K(1398144K)->39387K(1398144K)
[88.297s][info][gc,metaspace   ] GC(434) Metaspace: 74258K(74880K)->74258K(74880K) NonClass: 59115K(59328K)->59115K(59328K) Class: 15142K(15552K)->15142K(15552K)
[88.297s][info][gc             ] GC(434) Pause Young (Allocation Failure) 588M->41M(1980M) 12.617ms
[88.298s][info][gc,cpu         ] GC(434) User=0.02s Sys=0.00s Real=0.01s
[88.436s][info][gc,start       ] GC(435) Pause Young (Allocation Failure)
[88.448s][info][gc,heap        ] GC(435) DefNew: 562985K(629440K)->3478K(629440K) Eden: 559552K(559552K)->0K(559552K) From: 3433K(69888K)->3478K(69888K)
[88.448s][info][gc,heap        ] GC(435) Tenured: 39387K(1398144K)->39387K(1398144K)
[88.448s][info][gc,metaspace   ] GC(435) Metaspace: 74258K(74880K)->74258K(74880K) NonClass: 59115K(59328K)->59115K(59328K) Class: 15142K(15552K)->15142K(15552K)
[88.448s][info][gc             ] GC(435) Pause Young (Allocation Failure) 588M->41M(1980M) 12.401ms
[88.448s][info][gc,cpu         ] GC(435) User=0.02s Sys=0.00s Real=0.00s
[88.585s][info][gc,start       ] GC(436) Pause Young (Allocation Failure)
[88.599s][info][gc,heap        ] GC(436) DefNew: 563030K(629440K)->3425K(629440K) Eden: 559552K(559552K)->0K(559552K) From: 3478K(69888K)->3425K(69888K)
[88.599s][info][gc,heap        ] GC(436) Tenured: 39387K(1398144K)->39387K(1398144K)
[88.599s][info][gc,metaspace   ] GC(436) Metaspace: 74258K(74880K)->74258K(74880K) NonClass: 59115K(59328K)->59115K(59328K) Class: 15142K(15552K)->15142K(15552K)
[88.599s][info][gc             ] GC(436) Pause Young (Allocation Failure) 588M->41M(1980M) 13.375ms
[88.599s][info][gc,cpu         ] GC(436) User=0.00s Sys=0.00s Real=0.00s
[88.737s][info][gc,start       ] GC(437) Pause Young (Allocation Failure)
[88.750s][info][gc,heap        ] GC(437) DefNew: 562977K(629440K)->3456K(629440K) Eden: 559552K(559552K)->0K(559552K) From: 3425K(69888K)->3456K(69888K)
[88.750s][info][gc,heap        ] GC(437) Tenured: 39387K(1398144K)->39387K(1398144K)
[88.750s][info][gc,metaspace   ] GC(437) Metaspace: 74258K(74880K)->74258K(74880K) NonClass: 59115K(59328K)->59115K(59328K) Class: 15142K(15552K)->15142K(15552K)
[88.750s][info][gc             ] GC(437) Pause Young (Allocation Failure) 588M->41M(1980M) 12.593ms
[88.750s][info][gc,cpu         ] GC(437) User=0.00s Sys=0.00s Real=0.00s
[88.887s][info][gc,start       ] GC(438) Pause Young (Allocation Failure)
[88.899s][info][gc,heap        ] GC(438) DefNew: 563008K(629440K)->3457K(629440K) Eden: 559552K(559552K)->0K(559552K) From: 3456K(69888K)->3457K(69888K)
[88.899s][info][gc,heap        ] GC(438) Tenured: 39387K(1398144K)->39387K(1398144K)
[88.899s][info][gc,metaspace   ] GC(438) Metaspace: 74258K(74880K)->74258K(74880K) NonClass: 59115K(59328K)->59115K(59328K) Class: 15142K(15552K)->15142K(15552K)
[88.899s][info][gc             ] GC(438) Pause Young (Allocation Failure) 588M->41M(1980M) 12.229ms
[88.899s][info][gc,cpu         ] GC(438) User=0.00s Sys=0.00s Real=0.00s
[89.037s][info][gc,start       ] GC(439) Pause Young (Allocation Failure)
[89.050s][info][gc,heap        ] GC(439) DefNew: 563009K(629440K)->1472K(629440K) Eden: 559552K(559552K)->0K(559552K) From: 3457K(69888K)->1472K(69888K)
[89.050s][info][gc,heap        ] GC(439) Tenured: 39387K(1398144K)->41386K(1398144K)
[89.050s][info][gc,metaspace   ] GC(439) Metaspace: 74258K(74880K)->74258K(74880K) NonClass: 59115K(59328K)->59115K(59328K) Class: 15142K(15552K)->15142K(15552K)
[89.050s][info][gc             ] GC(439) Pause Young (Allocation Failure) 588M->41M(1980M) 12.807ms
[89.050s][info][gc,cpu         ] GC(439) User=0.00s Sys=0.00s Real=0.00s
[89.189s][info][gc,start       ] GC(440) Pause Young (Allocation Failure)
[89.198s][info][gc,heap        ] GC(440) DefNew: 561024K(629440K)->1466K(629440K) Eden: 559552K(559552K)->0K(559552K) From: 1472K(69888K)->1466K(69888K)
[89.198s][info][gc,heap        ] GC(440) Tenured: 41386K(1398144K)->41386K(1398144K)
[89.198s][info][gc,metaspace   ] GC(440) Metaspace: 74258K(74880K)->74258K(74880K) NonClass: 59115K(59328K)->59115K(59328K) Class: 15142K(15552K)->15142K(15552K)
[89.198s][info][gc             ] GC(440) Pause Young (Allocation Failure) 588M->41M(1980M) 8.710ms
[89.198s][info][gc,cpu         ] GC(440) User=0.00s Sys=0.00s Real=0.01s
[89.336s][info][gc,start       ] GC(441) Pause Young (Allocation Failure)
[89.345s][info][gc,heap        ] GC(441) DefNew: 561018K(629440K)->1542K(629440K) Eden: 559552K(559552K)->0K(559552K) From: 1466K(69888K)->1542K(69888K)
[89.345s][info][gc,heap        ] GC(441) Tenured: 41386K(1398144K)->41386K(1398144K)
[89.345s][info][gc,metaspace   ] GC(441) Metaspace: 74258K(74880K)->74258K(74880K) NonClass: 59115K(59328K)->59115K(59328K) Class: 15142K(15552K)->15142K(15552K)
[89.345s][info][gc             ] GC(441) Pause Young (Allocation Failure) 588M->41M(1980M) 9.223ms
[89.345s][info][gc,cpu         ] GC(441) User=0.02s Sys=0.00s Real=0.01s
[89.483s][info][gc,start       ] GC(442) Pause Young (Allocation Failure)
[89.492s][info][gc,heap        ] GC(442) DefNew: 561094K(629440K)->1522K(629440K) Eden: 559552K(559552K)->0K(559552K) From: 1542K(69888K)->1522K(69888K)
[89.492s][info][gc,heap        ] GC(442) Tenured: 41386K(1398144K)->41386K(1398144K)
[89.492s][info][gc,metaspace   ] GC(442) Metaspace: 74258K(74880K)->74258K(74880K) NonClass: 59115K(59328K)->59115K(59328K) Class: 15142K(15552K)->15142K(15552K)
[89.492s][info][gc             ] GC(442) Pause Young (Allocation Failure) 588M->41M(1980M) 8.782ms
[89.492s][info][gc,cpu         ] GC(442) User=0.00s Sys=0.00s Real=0.01s
[89.629s][info][gc,start       ] GC(443) Pause Young (Allocation Failure)
[89.639s][info][gc,heap        ] GC(443) DefNew: 561074K(629440K)->1496K(629440K) Eden: 559552K(559552K)->0K(559552K) From: 1522K(69888K)->1496K(69888K)
[89.639s][info][gc,heap        ] GC(443) Tenured: 41386K(1398144K)->41402K(1398144K)
[89.639s][info][gc,metaspace   ] GC(443) Metaspace: 74258K(74880K)->74258K(74880K) NonClass: 59115K(59328K)->59115K(59328K) Class: 15142K(15552K)->15142K(15552K)
[89.639s][info][gc             ] GC(443) Pause Young (Allocation Failure) 588M->41M(1980M) 9.640ms
[89.639s][info][gc,cpu         ] GC(443) User=0.00s Sys=0.00s Real=0.01s
[89.778s][info][gc,start       ] GC(444) Pause Young (Allocation Failure)
[89.787s][info][gc,heap        ] GC(444) DefNew: 561048K(629440K)->1524K(629440K) Eden: 559552K(559552K)->0K(559552K) From: 1496K(69888K)->1524K(69888K)
[89.787s][info][gc,heap        ] GC(444) Tenured: 41402K(1398144K)->41402K(1398144K)
[89.787s][info][gc,metaspace   ] GC(444) Metaspace: 74258K(74880K)->74258K(74880K) NonClass: 59115K(59328K)->59115K(59328K) Class: 15142K(15552K)->15142K(15552K)
[89.787s][info][gc             ] GC(444) Pause Young (Allocation Failure) 588M->41M(1980M) 9.378ms
[89.787s][info][gc,cpu         ] GC(444) User=0.02s Sys=0.00s Real=0.00s
[89.925s][info][gc,start       ] GC(445) Pause Young (Allocation Failure)
[89.934s][info][gc,heap        ] GC(445) DefNew: 561076K(629440K)->1505K(629440K) Eden: 559552K(559552K)->0K(559552K) From: 1524K(69888K)->1505K(69888K)
[89.934s][info][gc,heap        ] GC(445) Tenured: 41402K(1398144K)->41402K(1398144K)
[89.934s][info][gc,metaspace   ] GC(445) Metaspace: 74258K(74880K)->74258K(74880K) NonClass: 59115K(59328K)->59115K(59328K) Class: 15142K(15552K)->15142K(15552K)
[89.934s][info][gc             ] GC(445) Pause Young (Allocation Failure) 588M->41M(1980M) 9.347ms
[89.934s][info][gc,cpu         ] GC(445) User=0.00s Sys=0.00s Real=0.00s
[90.072s][info][gc,start       ] GC(446) Pause Young (Allocation Failure)
[90.081s][info][gc,heap        ] GC(446) DefNew: 561057K(629440K)->1431K(629440K) Eden: 559552K(559552K)->0K(559552K) From: 1505K(69888K)->1431K(69888K)
[90.081s][info][gc,heap        ] GC(446) Tenured: 41402K(1398144K)->41402K(1398144K)
[90.081s][info][gc,metaspace   ] GC(446) Metaspace: 74258K(74880K)->74258K(74880K) NonClass: 59115K(59328K)->59115K(59328K) Class: 15142K(15552K)->15142K(15552K)
[90.081s][info][gc             ] GC(446) Pause Young (Allocation Failure) 588M->41M(1980M) 9.072ms
[90.081s][info][gc,cpu         ] GC(446) User=0.02s Sys=0.00s Real=0.01s
[90.219s][info][gc,start       ] GC(447) Pause Young (Allocation Failure)
[90.228s][info][gc,heap        ] GC(447) DefNew: 560983K(629440K)->1456K(629440K) Eden: 559552K(559552K)->0K(559552K) From: 1431K(69888K)->1456K(69888K)
[90.228s][info][gc,heap        ] GC(447) Tenured: 41402K(1398144K)->41402K(1398144K)
[90.228s][info][gc,metaspace   ] GC(447) Metaspace: 74258K(74880K)->74258K(74880K) NonClass: 59115K(59328K)->59115K(59328K) Class: 15142K(15552K)->15142K(15552K)
[90.228s][info][gc             ] GC(447) Pause Young (Allocation Failure) 588M->41M(1980M) 8.619ms
[90.228s][info][gc,cpu         ] GC(447) User=0.00s Sys=0.00s Real=0.00s
[90.366s][info][gc,start       ] GC(448) Pause Young (Allocation Failure)
[90.375s][info][gc,heap        ] GC(448) DefNew: 561008K(629440K)->1505K(629440K) Eden: 559552K(559552K)->0K(559552K) From: 1456K(69888K)->1505K(69888K)
[90.375s][info][gc,heap        ] GC(448) Tenured: 41402K(1398144K)->41402K(1398144K)
[90.375s][info][gc,metaspace   ] GC(448) Metaspace: 74258K(74880K)->74258K(74880K) NonClass: 59115K(59328K)->59115K(59328K) Class: 15142K(15552K)->15142K(15552K)
[90.375s][info][gc             ] GC(448) Pause Young (Allocation Failure) 588M->41M(1980M) 9.002ms
[90.375s][info][gc,cpu         ] GC(448) User=0.00s Sys=0.00s Real=0.00s
[90.514s][info][gc,start       ] GC(449) Pause Young (Allocation Failure)
[90.570s][info][gc,heap        ] GC(449) DefNew: 561057K(629440K)->1451K(629440K) Eden: 559552K(559552K)->0K(559552K) From: 1505K(69888K)->1451K(69888K)
[90.571s][info][gc,heap        ] GC(449) Tenured: 41402K(1398144K)->41402K(1398144K)
[90.571s][info][gc,metaspace   ] GC(449) Metaspace: 74258K(74880K)->74258K(74880K) NonClass: 59115K(59328K)->59115K(59328K) Class: 15142K(15552K)->15142K(15552K)
[90.571s][info][gc             ] GC(449) Pause Young (Allocation Failure) 588M->41M(1980M) 56.548ms
[90.571s][info][gc,cpu         ] GC(449) User=0.02s Sys=0.00s Real=0.05s
[90.718s][info][gc,start       ] GC(450) Pause Young (Allocation Failure)
[90.726s][info][gc,heap        ] GC(450) DefNew: 561003K(629440K)->1458K(629440K) Eden: 559551K(559552K)->0K(559552K) From: 1451K(69888K)->1458K(69888K)
[90.726s][info][gc,heap        ] GC(450) Tenured: 41402K(1398144K)->41420K(1398144K)
[90.726s][info][gc,metaspace   ] GC(450) Metaspace: 74258K(74880K)->74258K(74880K) NonClass: 59115K(59328K)->59115K(59328K) Class: 15142K(15552K)->15142K(15552K)
[90.727s][info][gc             ] GC(450) Pause Young (Allocation Failure) 588M->41M(1980M) 8.489ms
[90.727s][info][gc,cpu         ] GC(450) User=0.00s Sys=0.00s Real=0.00s
[90.864s][info][gc,start       ] GC(451) Pause Young (Allocation Failure)
[90.873s][info][gc,heap        ] GC(451) DefNew: 561010K(629440K)->1459K(629440K) Eden: 559552K(559552K)->0K(559552K) From: 1458K(69888K)->1459K(69888K)
[90.873s][info][gc,heap        ] GC(451) Tenured: 41420K(1398144K)->41420K(1398144K)
[90.873s][info][gc,metaspace   ] GC(451) Metaspace: 74258K(74880K)->74258K(74880K) NonClass: 59115K(59328K)->59115K(59328K) Class: 15142K(15552K)->15142K(15552K)
[90.873s][info][gc             ] GC(451) Pause Young (Allocation Failure) 588M->41M(1980M) 8.549ms
[90.873s][info][gc,cpu         ] GC(451) User=0.00s Sys=0.00s Real=0.00s
[91.011s][info][gc,start       ] GC(452) Pause Young (Allocation Failure)
[91.021s][info][gc,heap        ] GC(452) DefNew: 561011K(629440K)->1482K(629440K) Eden: 559552K(559552K)->0K(559552K) From: 1459K(69888K)->1482K(69888K)
[91.021s][info][gc,heap        ] GC(452) Tenured: 41420K(1398144K)->41420K(1398144K)
[91.021s][info][gc,metaspace   ] GC(452) Metaspace: 74258K(74880K)->74258K(74880K) NonClass: 59115K(59328K)->59115K(59328K) Class: 15142K(15552K)->15142K(15552K)
[91.021s][info][gc             ] GC(452) Pause Young (Allocation Failure) 588M->41M(1980M) 9.594ms
[91.021s][info][gc,cpu         ] GC(452) User=0.00s Sys=0.00s Real=0.00s
[91.160s][info][gc,start       ] GC(453) Pause Young (Allocation Failure)
[91.169s][info][gc,heap        ] GC(453) DefNew: 561034K(629440K)->1492K(629440K) Eden: 559552K(559552K)->0K(559552K) From: 1482K(69888K)->1492K(69888K)
[91.169s][info][gc,heap        ] GC(453) Tenured: 41420K(1398144K)->41420K(1398144K)
[91.169s][info][gc,metaspace   ] GC(453) Metaspace: 74258K(74880K)->74258K(74880K) NonClass: 59115K(59328K)->59115K(59328K) Class: 15142K(15552K)->15142K(15552K)
[91.170s][info][gc             ] GC(453) Pause Young (Allocation Failure) 588M->41M(1980M) 9.490ms
[91.170s][info][gc,cpu         ] GC(453) User=0.00s Sys=0.00s Real=0.01s
[91.308s][info][gc,start       ] GC(454) Pause Young (Allocation Failure)
[91.317s][info][gc,heap        ] GC(454) DefNew: 561044K(629440K)->1479K(629440K) Eden: 559552K(559552K)->0K(559552K) From: 1492K(69888K)->1479K(69888K)
[91.317s][info][gc,heap        ] GC(454) Tenured: 41420K(1398144K)->41420K(1398144K)
[91.317s][info][gc,metaspace   ] GC(454) Metaspace: 74258K(74880K)->74258K(74880K) NonClass: 59115K(59328K)->59115K(59328K) Class: 15142K(15552K)->15142K(15552K)
[91.317s][info][gc             ] GC(454) Pause Young (Allocation Failure) 588M->41M(1980M) 9.255ms
[91.317s][info][gc,cpu         ] GC(454) User=0.02s Sys=0.00s Real=0.01s
[91.455s][info][gc,start       ] GC(455) Pause Young (Allocation Failure)
[91.465s][info][gc,heap        ] GC(455) DefNew: 561031K(629440K)->1557K(629440K) Eden: 559552K(559552K)->0K(559552K) From: 1479K(69888K)->1557K(69888K)
[91.465s][info][gc,heap        ] GC(455) Tenured: 41420K(1398144K)->41420K(1398144K)
[91.465s][info][gc,metaspace   ] GC(455) Metaspace: 74258K(74880K)->74258K(74880K) NonClass: 59115K(59328K)->59115K(59328K) Class: 15142K(15552K)->15142K(15552K)
[91.465s][info][gc             ] GC(455) Pause Young (Allocation Failure) 588M->41M(1980M) 9.426ms
[91.465s][info][gc,cpu         ] GC(455) User=0.00s Sys=0.00s Real=0.01s
[91.603s][info][gc,start       ] GC(456) Pause Young (Allocation Failure)
[91.622s][info][gc,heap        ] GC(456) DefNew: 561109K(629440K)->1496K(629440K) Eden: 559552K(559552K)->0K(559552K) From: 1557K(69888K)->1496K(69888K)
[91.622s][info][gc,heap        ] GC(456) Tenured: 41420K(1398144K)->41473K(1398144K)
[91.622s][info][gc,metaspace   ] GC(456) Metaspace: 74258K(74880K)->74258K(74880K) NonClass: 59115K(59328K)->59115K(59328K) Class: 15142K(15552K)->15142K(15552K)
[91.622s][info][gc             ] GC(456) Pause Young (Allocation Failure) 588M->41M(1980M) 18.947ms
[91.622s][info][gc,cpu         ] GC(456) User=0.00s Sys=0.00s Real=0.02s
[91.765s][info][gc,start       ] GC(457) Pause Young (Allocation Failure)
[91.774s][info][gc,heap        ] GC(457) DefNew: 561048K(629440K)->1468K(629440K) Eden: 559552K(559552K)->0K(559552K) From: 1496K(69888K)->1468K(69888K)
[91.774s][info][gc,heap        ] GC(457) Tenured: 41473K(1398144K)->41473K(1398144K)
[91.774s][info][gc,metaspace   ] GC(457) Metaspace: 74258K(74880K)->74258K(74880K) NonClass: 59115K(59328K)->59115K(59328K) Class: 15142K(15552K)->15142K(15552K)
[91.774s][info][gc             ] GC(457) Pause Young (Allocation Failure) 588M->41M(1980M) 8.763ms
[91.774s][info][gc,cpu         ] GC(457) User=0.00s Sys=0.00s Real=0.01s
[91.919s][info][gc,start       ] GC(458) Pause Young (Allocation Failure)
[91.927s][info][gc,heap        ] GC(458) DefNew: 561020K(629440K)->1498K(629440K) Eden: 559552K(559552K)->0K(559552K) From: 1468K(69888K)->1498K(69888K)
[91.927s][info][gc,heap        ] GC(458) Tenured: 41473K(1398144K)->41474K(1398144K)
[91.928s][info][gc,metaspace   ] GC(458) Metaspace: 74258K(74880K)->74258K(74880K) NonClass: 59115K(59328K)->59115K(59328K) Class: 15142K(15552K)->15142K(15552K)
[91.928s][info][gc             ] GC(458) Pause Young (Allocation Failure) 588M->41M(1980M) 8.319ms
[91.928s][info][gc,cpu         ] GC(458) User=0.02s Sys=0.00s Real=0.01s
[92.092s][info][gc,start       ] GC(459) Pause Young (Allocation Failure)
[92.100s][info][gc,heap        ] GC(459) DefNew: 561050K(629440K)->1417K(629440K) Eden: 559552K(559552K)->0K(559552K) From: 1498K(69888K)->1417K(69888K)
[92.100s][info][gc,heap        ] GC(459) Tenured: 41474K(1398144K)->41474K(1398144K)
[92.100s][info][gc,metaspace   ] GC(459) Metaspace: 74258K(74880K)->74258K(74880K) NonClass: 59115K(59328K)->59115K(59328K) Class: 15142K(15552K)->15142K(15552K)
[92.100s][info][gc             ] GC(459) Pause Young (Allocation Failure) 588M->41M(1980M) 8.188ms
[92.100s][info][gc,cpu         ] GC(459) User=0.02s Sys=0.00s Real=0.00s
[92.296s][info][gc,start       ] GC(460) Pause Young (Allocation Failure)
[92.303s][info][gc,heap        ] GC(460) DefNew: 560969K(629440K)->1440K(629440K) Eden: 559552K(559552K)->0K(559552K) From: 1417K(69888K)->1440K(69888K)
[92.303s][info][gc,heap        ] GC(460) Tenured: 41474K(1398144K)->41474K(1398144K)
[92.303s][info][gc,metaspace   ] GC(460) Metaspace: 74258K(74880K)->74258K(74880K) NonClass: 59115K(59328K)->59115K(59328K) Class: 15142K(15552K)->15142K(15552K)
[92.303s][info][gc             ] GC(460) Pause Young (Allocation Failure) 588M->41M(1980M) 7.034ms
[92.303s][info][gc,cpu         ] GC(460) User=0.00s Sys=0.00s Real=0.01s
[92.522s][info][gc,start       ] GC(461) Pause Young (Allocation Failure)
[92.528s][info][gc,heap        ] GC(461) DefNew: 560992K(629440K)->1416K(629440K) Eden: 559552K(559552K)->0K(559552K) From: 1440K(69888K)->1416K(69888K)
[92.528s][info][gc,heap        ] GC(461) Tenured: 41474K(1398144K)->41474K(1398144K)
[92.528s][info][gc,metaspace   ] GC(461) Metaspace: 74258K(74880K)->74258K(74880K) NonClass: 59115K(59328K)->59115K(59328K) Class: 15142K(15552K)->15142K(15552K)
[92.528s][info][gc             ] GC(461) Pause Young (Allocation Failure) 588M->41M(1980M) 5.972ms
[92.528s][info][gc,cpu         ] GC(461) User=0.00s Sys=0.00s Real=0.01s
[92.836s][info][gc,start       ] GC(462) Pause Young (Allocation Failure)
[92.842s][info][gc,heap        ] GC(462) DefNew: 560968K(629440K)->1366K(629440K) Eden: 559552K(559552K)->0K(559552K) From: 1416K(69888K)->1366K(69888K)
[92.842s][info][gc,heap        ] GC(462) Tenured: 41474K(1398144K)->41474K(1398144K)
[92.842s][info][gc,metaspace   ] GC(462) Metaspace: 74281K(74944K)->74281K(74944K) NonClass: 59138K(59392K)->59138K(59392K) Class: 15142K(15552K)->15142K(15552K)
[92.842s][info][gc             ] GC(462) Pause Young (Allocation Failure) 588M->41M(1980M) 5.285ms
[92.842s][info][gc,cpu         ] GC(462) User=0.00s Sys=0.00s Real=0.00s
[93.300s][info][gc,start       ] GC(463) Pause Young (Allocation Failure)
[93.304s][info][gc,heap        ] GC(463) DefNew: 560918K(629440K)->1344K(629440K) Eden: 559552K(559552K)->0K(559552K) From: 1366K(69888K)->1344K(69888K)
[93.304s][info][gc,heap        ] GC(463) Tenured: 41474K(1398144K)->41490K(1398144K)
[93.304s][info][gc,metaspace   ] GC(463) Metaspace: 74281K(74944K)->74281K(74944K) NonClass: 59138K(59392K)->59138K(59392K) Class: 15142K(15552K)->15142K(15552K)
[93.304s][info][gc             ] GC(463) Pause Young (Allocation Failure) 588M->41M(1980M) 4.191ms
[93.304s][info][gc,cpu         ] GC(463) User=0.00s Sys=0.00s Real=0.00s
[93.772s][info][gc,start       ] GC(464) Pause Young (Allocation Failure)
[93.777s][info][gc,heap        ] GC(464) DefNew: 560896K(629440K)->1346K(629440K) Eden: 559552K(559552K)->0K(559552K) From: 1344K(69888K)->1346K(69888K)
[93.777s][info][gc,heap        ] GC(464) Tenured: 41490K(1398144K)->41490K(1398144K)
[93.777s][info][gc,metaspace   ] GC(464) Metaspace: 74281K(74944K)->74281K(74944K) NonClass: 59138K(59392K)->59138K(59392K) Class: 15142K(15552K)->15142K(15552K)
[93.777s][info][gc             ] GC(464) Pause Young (Allocation Failure) 588M->41M(1980M) 4.233ms
[93.777s][info][gc,cpu         ] GC(464) User=0.00s Sys=0.00s Real=0.00s
[94.293s][info][gc,start       ] GC(465) Pause Full (System.gc())
[94.293s][info][gc,phases,start] GC(465) Phase 1: Mark live objects
[94.345s][info][gc,phases      ] GC(465) Phase 1: Mark live objects 52.447ms
[94.346s][info][gc,phases,start] GC(465) Phase 2: Compute new object addresses
[94.461s][info][gc,phases      ] GC(465) Phase 2: Compute new object addresses 115.950ms
[94.462s][info][gc,phases,start] GC(465) Phase 3: Adjust pointers
[94.487s][info][gc,phases      ] GC(465) Phase 3: Adjust pointers 25.955ms
[94.488s][info][gc,phases,start] GC(465) Phase 4: Move objects
[94.489s][info][gc,phases      ] GC(465) Phase 4: Move objects 1.036ms
[94.489s][info][gc,heap        ] GC(465) DefNew: 316920K(629440K)->0K(629440K) Eden: 315573K(559552K)->0K(559552K) From: 1346K(69888K)->0K(69888K)
[94.489s][info][gc,heap        ] GC(465) Tenured: 41490K(1398144K)->42684K(1398144K)
[94.489s][info][gc,metaspace   ] GC(465) Metaspace: 74316K(74944K)->74316K(74944K) NonClass: 59173K(59392K)->59173K(59392K) Class: 15142K(15552K)->15142K(15552K)
[94.489s][info][gc             ] GC(465) Pause Full (System.gc()) 350M->41M(1980M) 196.222ms
[94.489s][info][gc,cpu         ] GC(465) User=0.20s Sys=0.00s Real=0.20s
[94.652s][info][gc,start       ] GC(466) Pause Young (Allocation Failure)
[94.667s][info][gc,heap        ] GC(466) DefNew: 559552K(629440K)->3547K(629440K) Eden: 559552K(559552K)->0K(559552K) From: 0K(69888K)->3547K(69888K)
[94.667s][info][gc,heap        ] GC(466) Tenured: 42684K(1398144K)->42684K(1398144K)
[94.667s][info][gc,metaspace   ] GC(466) Metaspace: 74587K(75200K)->74587K(75200K) NonClass: 59444K(59648K)->59444K(59648K) Class: 15142K(15552K)->15142K(15552K)
[94.667s][info][gc             ] GC(466) Pause Young (Allocation Failure) 588M->45M(1980M) 15.277ms
[94.667s][info][gc,cpu         ] GC(466) User=0.02s Sys=0.00s Real=0.01s
[94.807s][info][gc,start       ] GC(467) Pause Young (Allocation Failure)
[94.819s][info][gc,heap        ] GC(467) DefNew: 563099K(629440K)->3562K(629440K) Eden: 559552K(559552K)->0K(559552K) From: 3547K(69888K)->3562K(69888K)
[94.819s][info][gc,heap        ] GC(467) Tenured: 42684K(1398144K)->42684K(1398144K)
[94.819s][info][gc,metaspace   ] GC(467) Metaspace: 74587K(75200K)->74587K(75200K) NonClass: 59444K(59648K)->59444K(59648K) Class: 15142K(15552K)->15142K(15552K)
[94.819s][info][gc             ] GC(467) Pause Young (Allocation Failure) 591M->45M(1980M) 12.494ms
[94.820s][info][gc,cpu         ] GC(467) User=0.02s Sys=0.00s Real=0.01s
[94.957s][info][gc,start       ] GC(468) Pause Young (Allocation Failure)
[94.969s][info][gc,heap        ] GC(468) DefNew: 563114K(629440K)->3578K(629440K) Eden: 559551K(559552K)->0K(559552K) From: 3562K(69888K)->3578K(69888K)
[94.970s][info][gc,heap        ] GC(468) Tenured: 42684K(1398144K)->42684K(1398144K)
[94.970s][info][gc,metaspace   ] GC(468) Metaspace: 74587K(75200K)->74587K(75200K) NonClass: 59444K(59648K)->59444K(59648K) Class: 15142K(15552K)->15142K(15552K)
[94.970s][info][gc             ] GC(468) Pause Young (Allocation Failure) 591M->45M(1980M) 12.805ms
[94.970s][info][gc,cpu         ] GC(468) User=0.02s Sys=0.00s Real=0.01s
[95.109s][info][gc,start       ] GC(469) Pause Young (Allocation Failure)
[95.122s][info][gc,heap        ] GC(469) DefNew: 563130K(629440K)->3524K(629440K) Eden: 559552K(559552K)->0K(559552K) From: 3578K(69888K)->3524K(69888K)
[95.122s][info][gc,heap        ] GC(469) Tenured: 42684K(1398144K)->42684K(1398144K)
[95.122s][info][gc,metaspace   ] GC(469) Metaspace: 74587K(75200K)->74587K(75200K) NonClass: 59444K(59648K)->59444K(59648K) Class: 15142K(15552K)->15142K(15552K)
[95.122s][info][gc             ] GC(469) Pause Young (Allocation Failure) 591M->45M(1980M) 12.751ms
[95.122s][info][gc,cpu         ] GC(469) User=0.00s Sys=0.00s Real=0.00s
[95.260s][info][gc,start       ] GC(470) Pause Young (Allocation Failure)
[95.272s][info][gc,heap        ] GC(470) DefNew: 563076K(629440K)->3512K(629440K) Eden: 559552K(559552K)->0K(559552K) From: 3524K(69888K)->3512K(69888K)
[95.272s][info][gc,heap        ] GC(470) Tenured: 42684K(1398144K)->42684K(1398144K)
[95.272s][info][gc,metaspace   ] GC(470) Metaspace: 74587K(75200K)->74587K(75200K) NonClass: 59444K(59648K)->59444K(59648K) Class: 15142K(15552K)->15142K(15552K)
[95.272s][info][gc             ] GC(470) Pause Young (Allocation Failure) 591M->45M(1980M) 12.308ms
[95.272s][info][gc,cpu         ] GC(470) User=0.02s Sys=0.00s Real=0.01s
[95.411s][info][gc,start       ] GC(471) Pause Young (Allocation Failure)
[95.424s][info][gc,heap        ] GC(471) DefNew: 563064K(629440K)->3494K(629440K) Eden: 559552K(559552K)->0K(559552K) From: 3512K(69888K)->3494K(69888K)
[95.424s][info][gc,heap        ] GC(471) Tenured: 42684K(1398144K)->42684K(1398144K)
[95.424s][info][gc,metaspace   ] GC(471) Metaspace: 74587K(75200K)->74587K(75200K) NonClass: 59444K(59648K)->59444K(59648K) Class: 15142K(15552K)->15142K(15552K)
[95.424s][info][gc             ] GC(471) Pause Young (Allocation Failure) 591M->45M(1980M) 12.418ms
[95.424s][info][gc,cpu         ] GC(471) User=0.02s Sys=0.00s Real=0.01s
[95.562s][info][gc,start       ] GC(472) Pause Young (Allocation Failure)
[95.574s][info][gc,heap        ] GC(472) DefNew: 563046K(629440K)->3530K(629440K) Eden: 559552K(559552K)->0K(559552K) From: 3494K(69888K)->3530K(69888K)
[95.574s][info][gc,heap        ] GC(472) Tenured: 42684K(1398144K)->42684K(1398144K)
[95.574s][info][gc,metaspace   ] GC(472) Metaspace: 74587K(75200K)->74587K(75200K) NonClass: 59444K(59648K)->59444K(59648K) Class: 15142K(15552K)->15142K(15552K)
[95.574s][info][gc             ] GC(472) Pause Young (Allocation Failure) 591M->45M(1980M) 12.381ms
[95.574s][info][gc,cpu         ] GC(472) User=0.00s Sys=0.00s Real=0.01s
[95.712s][info][gc,start       ] GC(473) Pause Young (Allocation Failure)
[95.725s][info][gc,heap        ] GC(473) DefNew: 563082K(629440K)->3576K(629440K) Eden: 559552K(559552K)->0K(559552K) From: 3530K(69888K)->3576K(69888K)
[95.725s][info][gc,heap        ] GC(473) Tenured: 42684K(1398144K)->42684K(1398144K)
[95.725s][info][gc,metaspace   ] GC(473) Metaspace: 74587K(75200K)->74587K(75200K) NonClass: 59444K(59648K)->59444K(59648K) Class: 15142K(15552K)->15142K(15552K)
[95.725s][info][gc             ] GC(473) Pause Young (Allocation Failure) 591M->45M(1980M) 12.521ms
[95.725s][info][gc,cpu         ] GC(473) User=0.02s Sys=0.00s Real=0.01s
[95.863s][info][gc,start       ] GC(474) Pause Young (Allocation Failure)
[95.876s][info][gc,heap        ] GC(474) DefNew: 563128K(629440K)->3555K(629440K) Eden: 559552K(559552K)->0K(559552K) From: 3576K(69888K)->3555K(69888K)
[95.877s][info][gc,heap        ] GC(474) Tenured: 42684K(1398144K)->42684K(1398144K)
[95.877s][info][gc,metaspace   ] GC(474) Metaspace: 74587K(75200K)->74587K(75200K) NonClass: 59444K(59648K)->59444K(59648K) Class: 15142K(15552K)->15142K(15552K)
[95.877s][info][gc             ] GC(474) Pause Young (Allocation Failure) 591M->45M(1980M) 13.772ms
[95.877s][info][gc,cpu         ] GC(474) User=0.02s Sys=0.00s Real=0.01s
[96.015s][info][gc,start       ] GC(475) Pause Young (Allocation Failure)
[96.029s][info][gc,heap        ] GC(475) DefNew: 563107K(629440K)->3494K(629440K) Eden: 559552K(559552K)->0K(559552K) From: 3555K(69888K)->3494K(69888K)
[96.029s][info][gc,heap        ] GC(475) Tenured: 42684K(1398144K)->42684K(1398144K)
[96.029s][info][gc,metaspace   ] GC(475) Metaspace: 74587K(75200K)->74587K(75200K) NonClass: 59444K(59648K)->59444K(59648K) Class: 15142K(15552K)->15142K(15552K)
[96.029s][info][gc             ] GC(475) Pause Young (Allocation Failure) 591M->45M(1980M) 13.350ms
[96.029s][info][gc,cpu         ] GC(475) User=0.00s Sys=0.00s Real=0.01s
[96.166s][info][gc,start       ] GC(476) Pause Young (Allocation Failure)
[96.179s][info][gc,heap        ] GC(476) DefNew: 563046K(629440K)->3479K(629440K) Eden: 559552K(559552K)->0K(559552K) From: 3494K(69888K)->3479K(69888K)
[96.179s][info][gc,heap        ] GC(476) Tenured: 42684K(1398144K)->42684K(1398144K)
[96.179s][info][gc,metaspace   ] GC(476) Metaspace: 74587K(75200K)->74587K(75200K) NonClass: 59444K(59648K)->59444K(59648K) Class: 15142K(15552K)->15142K(15552K)
[96.179s][info][gc             ] GC(476) Pause Young (Allocation Failure) 591M->45M(1980M) 12.741ms
[96.179s][info][gc,cpu         ] GC(476) User=0.02s Sys=0.00s Real=0.01s
[96.316s][info][gc,start       ] GC(477) Pause Young (Allocation Failure)
[96.329s][info][gc,heap        ] GC(477) DefNew: 563031K(629440K)->3539K(629440K) Eden: 559552K(559552K)->0K(559552K) From: 3479K(69888K)->3539K(69888K)
[96.329s][info][gc,heap        ] GC(477) Tenured: 42684K(1398144K)->42684K(1398144K)
[96.329s][info][gc,metaspace   ] GC(477) Metaspace: 74587K(75200K)->74587K(75200K) NonClass: 59444K(59648K)->59444K(59648K) Class: 15142K(15552K)->15142K(15552K)
[96.329s][info][gc             ] GC(477) Pause Young (Allocation Failure) 591M->45M(1980M) 12.556ms
[96.329s][info][gc,cpu         ] GC(477) User=0.02s Sys=0.00s Real=0.01s
[96.469s][info][gc,start       ] GC(478) Pause Young (Allocation Failure)
[96.482s][info][gc,heap        ] GC(478) DefNew: 563091K(629440K)->3543K(629440K) Eden: 559552K(559552K)->0K(559552K) From: 3539K(69888K)->3543K(69888K)
[96.483s][info][gc,heap        ] GC(478) Tenured: 42684K(1398144K)->42684K(1398144K)
[96.483s][info][gc,metaspace   ] GC(478) Metaspace: 74587K(75200K)->74587K(75200K) NonClass: 59444K(59648K)->59444K(59648K) Class: 15142K(15552K)->15142K(15552K)
[96.483s][info][gc             ] GC(478) Pause Young (Allocation Failure) 591M->45M(1980M) 13.979ms
[96.483s][info][gc,cpu         ] GC(478) User=0.00s Sys=0.00s Real=0.01s
[96.622s][info][gc,start       ] GC(479) Pause Young (Allocation Failure)
[96.635s][info][gc,heap        ] GC(479) DefNew: 563095K(629440K)->3524K(629440K) Eden: 559552K(559552K)->0K(559552K) From: 3543K(69888K)->3524K(69888K)
[96.635s][info][gc,heap        ] GC(479) Tenured: 42684K(1398144K)->42684K(1398144K)
[96.635s][info][gc,metaspace   ] GC(479) Metaspace: 74587K(75200K)->74587K(75200K) NonClass: 59444K(59648K)->59444K(59648K) Class: 15142K(15552K)->15142K(15552K)
[96.635s][info][gc             ] GC(479) Pause Young (Allocation Failure) 591M->45M(1980M) 13.004ms
[96.635s][info][gc,cpu         ] GC(479) User=0.00s Sys=0.00s Real=0.00s
[96.775s][info][gc,start       ] GC(480) Pause Young (Allocation Failure)
[96.788s][info][gc,heap        ] GC(480) DefNew: 563076K(629440K)->3531K(629440K) Eden: 559552K(559552K)->0K(559552K) From: 3524K(69888K)->3531K(69888K)
[96.788s][info][gc,heap        ] GC(480) Tenured: 42684K(1398144K)->42684K(1398144K)
[96.788s][info][gc,metaspace   ] GC(480) Metaspace: 74587K(75200K)->74587K(75200K) NonClass: 59444K(59648K)->59444K(59648K) Class: 15142K(15552K)->15142K(15552K)
[96.788s][info][gc             ] GC(480) Pause Young (Allocation Failure) 591M->45M(1980M) 12.512ms
[96.788s][info][gc,cpu         ] GC(480) User=0.00s Sys=0.00s Real=0.00s
[96.928s][info][gc,start       ] GC(481) Pause Young (Allocation Failure)
[96.941s][info][gc,heap        ] GC(481) DefNew: 563083K(629440K)->1452K(629440K) Eden: 559552K(559552K)->0K(559552K) From: 3531K(69888K)->1452K(69888K)
[96.941s][info][gc,heap        ] GC(481) Tenured: 42684K(1398144K)->44774K(1398144K)
[96.941s][info][gc,metaspace   ] GC(481) Metaspace: 74587K(75200K)->74587K(75200K) NonClass: 59444K(59648K)->59444K(59648K) Class: 15142K(15552K)->15142K(15552K)
[96.941s][info][gc             ] GC(481) Pause Young (Allocation Failure) 591M->45M(1980M) 12.940ms
[96.941s][info][gc,cpu         ] GC(481) User=0.02s Sys=0.00s Real=0.01s
[97.080s][info][gc,start       ] GC(482) Pause Young (Allocation Failure)
[97.090s][info][gc,heap        ] GC(482) DefNew: 561004K(629440K)->1505K(629440K) Eden: 559552K(559552K)->0K(559552K) From: 1452K(69888K)->1505K(69888K)
[97.090s][info][gc,heap        ] GC(482) Tenured: 44774K(1398144K)->44774K(1398144K)
[97.090s][info][gc,metaspace   ] GC(482) Metaspace: 74587K(75200K)->74587K(75200K) NonClass: 59444K(59648K)->59444K(59648K) Class: 15142K(15552K)->15142K(15552K)
[97.090s][info][gc             ] GC(482) Pause Young (Allocation Failure) 591M->45M(1980M) 9.992ms
[97.090s][info][gc,cpu         ] GC(482) User=0.00s Sys=0.00s Real=0.01s
[97.229s][info][gc,start       ] GC(483) Pause Young (Allocation Failure)
[97.237s][info][gc,heap        ] GC(483) DefNew: 561057K(629440K)->1400K(629440K) Eden: 559552K(559552K)->0K(559552K) From: 1505K(69888K)->1400K(69888K)
[97.237s][info][gc,heap        ] GC(483) Tenured: 44774K(1398144K)->44774K(1398144K)
[97.237s][info][gc,metaspace   ] GC(483) Metaspace: 74587K(75200K)->74587K(75200K) NonClass: 59444K(59648K)->59444K(59648K) Class: 15142K(15552K)->15142K(15552K)
[97.237s][info][gc             ] GC(483) Pause Young (Allocation Failure) 591M->45M(1980M) 8.354ms
[97.237s][info][gc,cpu         ] GC(483) User=0.02s Sys=0.00s Real=0.01s
[97.375s][info][gc,start       ] GC(484) Pause Young (Allocation Failure)
[97.384s][info][gc,heap        ] GC(484) DefNew: 560952K(629440K)->1524K(629440K) Eden: 559552K(559552K)->0K(559552K) From: 1400K(69888K)->1524K(69888K)
[97.384s][info][gc,heap        ] GC(484) Tenured: 44774K(1398144K)->44774K(1398144K)
[97.384s][info][gc,metaspace   ] GC(484) Metaspace: 74587K(75200K)->74587K(75200K) NonClass: 59444K(59648K)->59444K(59648K) Class: 15142K(15552K)->15142K(15552K)
[97.384s][info][gc             ] GC(484) Pause Young (Allocation Failure) 591M->45M(1980M) 8.923ms
[97.384s][info][gc,cpu         ] GC(484) User=0.00s Sys=0.00s Real=0.01s
[97.522s][info][gc,start       ] GC(485) Pause Young (Allocation Failure)
[97.531s][info][gc,heap        ] GC(485) DefNew: 561076K(629440K)->1488K(629440K) Eden: 559552K(559552K)->0K(559552K) From: 1524K(69888K)->1488K(69888K)
[97.531s][info][gc,heap        ] GC(485) Tenured: 44774K(1398144K)->44774K(1398144K)
[97.531s][info][gc,metaspace   ] GC(485) Metaspace: 74587K(75200K)->74587K(75200K) NonClass: 59444K(59648K)->59444K(59648K) Class: 15142K(15552K)->15142K(15552K)
[97.531s][info][gc             ] GC(485) Pause Young (Allocation Failure) 591M->45M(1980M) 8.873ms
[97.531s][info][gc,cpu         ] GC(485) User=0.00s Sys=0.00s Real=0.00s
[97.670s][info][gc,start       ] GC(486) Pause Young (Allocation Failure)
[97.680s][info][gc,heap        ] GC(486) DefNew: 561040K(629440K)->1469K(629440K) Eden: 559552K(559552K)->0K(559552K) From: 1488K(69888K)->1469K(69888K)
[97.680s][info][gc,heap        ] GC(486) Tenured: 44774K(1398144K)->44790K(1398144K)
[97.680s][info][gc,metaspace   ] GC(486) Metaspace: 74587K(75200K)->74587K(75200K) NonClass: 59444K(59648K)->59444K(59648K) Class: 15142K(15552K)->15142K(15552K)
[97.680s][info][gc             ] GC(486) Pause Young (Allocation Failure) 591M->45M(1980M) 9.921ms
[97.680s][info][gc,cpu         ] GC(486) User=0.02s Sys=0.00s Real=0.01s
[97.819s][info][gc,start       ] GC(487) Pause Young (Allocation Failure)
[97.828s][info][gc,heap        ] GC(487) DefNew: 561021K(629440K)->1468K(629440K) Eden: 559552K(559552K)->0K(559552K) From: 1469K(69888K)->1468K(69888K)
[97.828s][info][gc,heap        ] GC(487) Tenured: 44790K(1398144K)->44790K(1398144K)
[97.828s][info][gc,metaspace   ] GC(487) Metaspace: 74587K(75200K)->74587K(75200K) NonClass: 59444K(59648K)->59444K(59648K) Class: 15142K(15552K)->15142K(15552K)
[97.829s][info][gc             ] GC(487) Pause Young (Allocation Failure) 591M->45M(1980M) 9.444ms
[97.829s][info][gc,cpu         ] GC(487) User=0.02s Sys=0.00s Real=0.01s
[97.967s][info][gc,start       ] GC(488) Pause Young (Allocation Failure)
[97.976s][info][gc,heap        ] GC(488) DefNew: 561020K(629440K)->1434K(629440K) Eden: 559552K(559552K)->0K(559552K) From: 1468K(69888K)->1434K(69888K)
[97.976s][info][gc,heap        ] GC(488) Tenured: 44790K(1398144K)->44790K(1398144K)
[97.976s][info][gc,metaspace   ] GC(488) Metaspace: 74587K(75200K)->74587K(75200K) NonClass: 59444K(59648K)->59444K(59648K) Class: 15142K(15552K)->15142K(15552K)
[97.977s][info][gc             ] GC(488) Pause Young (Allocation Failure) 591M->45M(1980M) 9.319ms
[97.977s][info][gc,cpu         ] GC(488) User=0.02s Sys=0.00s Real=0.01s
[98.115s][info][gc,start       ] GC(489) Pause Young (Allocation Failure)
[98.124s][info][gc,heap        ] GC(489) DefNew: 560986K(629440K)->1471K(629440K) Eden: 559552K(559552K)->0K(559552K) From: 1434K(69888K)->1471K(69888K)
[98.124s][info][gc,heap        ] GC(489) Tenured: 44790K(1398144K)->44790K(1398144K)
[98.124s][info][gc,metaspace   ] GC(489) Metaspace: 74587K(75200K)->74587K(75200K) NonClass: 59444K(59648K)->59444K(59648K) Class: 15142K(15552K)->15142K(15552K)
[98.124s][info][gc             ] GC(489) Pause Young (Allocation Failure) 591M->45M(1980M) 9.184ms
[98.124s][info][gc,cpu         ] GC(489) User=0.02s Sys=0.00s Real=0.01s
[98.262s][info][gc,start       ] GC(490) Pause Young (Allocation Failure)
[98.270s][info][gc,heap        ] GC(490) DefNew: 561023K(629440K)->1385K(629440K) Eden: 559552K(559552K)->0K(559552K) From: 1471K(69888K)->1385K(69888K)
[98.270s][info][gc,heap        ] GC(490) Tenured: 44790K(1398144K)->44790K(1398144K)
[98.270s][info][gc,metaspace   ] GC(490) Metaspace: 74587K(75200K)->74587K(75200K) NonClass: 59444K(59648K)->59444K(59648K) Class: 15142K(15552K)->15142K(15552K)
[98.271s][info][gc             ] GC(490) Pause Young (Allocation Failure) 591M->45M(1980M) 8.167ms
[98.271s][info][gc,cpu         ] GC(490) User=0.02s Sys=0.00s Real=0.01s
[98.408s][info][gc,start       ] GC(491) Pause Young (Allocation Failure)
[98.417s][info][gc,heap        ] GC(491) DefNew: 560937K(629440K)->1468K(629440K) Eden: 559552K(559552K)->0K(559552K) From: 1385K(69888K)->1468K(69888K)
[98.417s][info][gc,heap        ] GC(491) Tenured: 44790K(1398144K)->44790K(1398144K)
[98.417s][info][gc,metaspace   ] GC(491) Metaspace: 74587K(75200K)->74587K(75200K) NonClass: 59444K(59648K)->59444K(59648K) Class: 15142K(15552K)->15142K(15552K)
[98.417s][info][gc             ] GC(491) Pause Young (Allocation Failure) 591M->45M(1980M) 8.812ms
[98.417s][info][gc,cpu         ] GC(491) User=0.00s Sys=0.00s Real=0.01s
[98.557s][info][gc,start       ] GC(492) Pause Young (Allocation Failure)
[98.566s][info][gc,heap        ] GC(492) DefNew: 561020K(629440K)->1498K(629440K) Eden: 559552K(559552K)->0K(559552K) From: 1468K(69888K)->1498K(69888K)
[98.566s][info][gc,heap        ] GC(492) Tenured: 44790K(1398144K)->44790K(1398144K)
[98.566s][info][gc,metaspace   ] GC(492) Metaspace: 74587K(75200K)->74587K(75200K) NonClass: 59444K(59648K)->59444K(59648K) Class: 15142K(15552K)->15142K(15552K)
[98.566s][info][gc             ] GC(492) Pause Young (Allocation Failure) 591M->45M(1980M) 8.799ms
[98.566s][info][gc,cpu         ] GC(492) User=0.02s Sys=0.00s Real=0.01s
[98.703s][info][gc,start       ] GC(493) Pause Young (Allocation Failure)
[98.712s][info][gc,heap        ] GC(493) DefNew: 561050K(629440K)->1503K(629440K) Eden: 559552K(559552K)->0K(559552K) From: 1498K(69888K)->1503K(69888K)
[98.712s][info][gc,heap        ] GC(493) Tenured: 44790K(1398144K)->44806K(1398144K)
[98.712s][info][gc,metaspace   ] GC(493) Metaspace: 74587K(75200K)->74587K(75200K) NonClass: 59444K(59648K)->59444K(59648K) Class: 15142K(15552K)->15142K(15552K)
[98.712s][info][gc             ] GC(493) Pause Young (Allocation Failure) 591M->45M(1980M) 8.817ms
[98.712s][info][gc,cpu         ] GC(493) User=0.00s Sys=0.00s Real=0.01s
[98.849s][info][gc,start       ] GC(494) Pause Young (Allocation Failure)
[98.858s][info][gc,heap        ] GC(494) DefNew: 561055K(629440K)->1467K(629440K) Eden: 559552K(559552K)->0K(559552K) From: 1503K(69888K)->1467K(69888K)
[98.858s][info][gc,heap        ] GC(494) Tenured: 44806K(1398144K)->44806K(1398144K)
[98.858s][info][gc,metaspace   ] GC(494) Metaspace: 74587K(75200K)->74587K(75200K) NonClass: 59444K(59648K)->59444K(59648K) Class: 15142K(15552K)->15142K(15552K)
[98.858s][info][gc             ] GC(494) Pause Young (Allocation Failure) 591M->45M(1980M) 8.881ms
[98.858s][info][gc,cpu         ] GC(494) User=0.02s Sys=0.00s Real=0.01s
[98.997s][info][gc,start       ] GC(495) Pause Young (Allocation Failure)
[99.006s][info][gc,heap        ] GC(495) DefNew: 561019K(629440K)->1426K(629440K) Eden: 559552K(559552K)->0K(559552K) From: 1467K(69888K)->1426K(69888K)
[99.006s][info][gc,heap        ] GC(495) Tenured: 44806K(1398144K)->44845K(1398144K)
[99.006s][info][gc,metaspace   ] GC(495) Metaspace: 74587K(75200K)->74587K(75200K) NonClass: 59444K(59648K)->59444K(59648K) Class: 15142K(15552K)->15142K(15552K)
[99.006s][info][gc             ] GC(495) Pause Young (Allocation Failure) 591M->45M(1980M) 8.799ms
[99.006s][info][gc,cpu         ] GC(495) User=0.02s Sys=0.00s Real=0.01s
[99.146s][info][gc,start       ] GC(496) Pause Young (Allocation Failure)
[99.154s][info][gc,heap        ] GC(496) DefNew: 560978K(629440K)->1438K(629440K) Eden: 559552K(559552K)->0K(559552K) From: 1426K(69888K)->1438K(69888K)
[99.154s][info][gc,heap        ] GC(496) Tenured: 44845K(1398144K)->44845K(1398144K)
[99.154s][info][gc,metaspace   ] GC(496) Metaspace: 74587K(75200K)->74587K(75200K) NonClass: 59444K(59648K)->59444K(59648K) Class: 15142K(15552K)->15142K(15552K)
[99.154s][info][gc             ] GC(496) Pause Young (Allocation Failure) 591M->45M(1980M) 8.734ms
[99.154s][info][gc,cpu         ] GC(496) User=0.00s Sys=0.00s Real=0.01s
[99.294s][info][gc,start       ] GC(497) Pause Young (Allocation Failure)
[99.304s][info][gc,heap        ] GC(497) DefNew: 560990K(629440K)->1454K(629440K) Eden: 559552K(559552K)->0K(559552K) From: 1438K(69888K)->1454K(69888K)
[99.304s][info][gc,heap        ] GC(497) Tenured: 44845K(1398144K)->44846K(1398144K)
[99.304s][info][gc,metaspace   ] GC(497) Metaspace: 74588K(75200K)->74588K(75200K) NonClass: 59445K(59648K)->59445K(59648K) Class: 15142K(15552K)->15142K(15552K)
[99.304s][info][gc             ] GC(497) Pause Young (Allocation Failure) 591M->45M(1980M) 9.843ms
[99.304s][info][gc,cpu         ] GC(497) User=0.02s Sys=0.00s Real=0.01s
[99.444s][info][gc,start       ] GC(498) Pause Young (Allocation Failure)
[99.454s][info][gc,heap        ] GC(498) DefNew: 561006K(629440K)->1497K(629440K) Eden: 559552K(559552K)->0K(559552K) From: 1454K(69888K)->1497K(69888K)
[99.454s][info][gc,heap        ] GC(498) Tenured: 44846K(1398144K)->44846K(1398144K)
[99.454s][info][gc,metaspace   ] GC(498) Metaspace: 74588K(75200K)->74588K(75200K) NonClass: 59445K(59648K)->59445K(59648K) Class: 15142K(15552K)->15142K(15552K)
[99.454s][info][gc             ] GC(498) Pause Young (Allocation Failure) 591M->45M(1980M) 9.819ms
[99.454s][info][gc,cpu         ] GC(498) User=0.02s Sys=0.00s Real=0.01s
[99.596s][info][gc,start       ] GC(499) Pause Young (Allocation Failure)
[99.606s][info][gc,heap        ] GC(499) DefNew: 561049K(629440K)->1520K(629440K) Eden: 559552K(559552K)->0K(559552K) From: 1497K(69888K)->1520K(69888K)
[99.606s][info][gc,heap        ] GC(499) Tenured: 44846K(1398144K)->44863K(1398144K)
[99.606s][info][gc,metaspace   ] GC(499) Metaspace: 74588K(75200K)->74588K(75200K) NonClass: 59445K(59648K)->59445K(59648K) Class: 15142K(15552K)->15142K(15552K)
[99.606s][info][gc             ] GC(499) Pause Young (Allocation Failure) 591M->45M(1980M) 9.777ms
[99.606s][info][gc,cpu         ] GC(499) User=0.00s Sys=0.00s Real=0.01s
[99.753s][info][gc,start       ] GC(500) Pause Young (Allocation Failure)
[99.762s][info][gc,heap        ] GC(500) DefNew: 561072K(629440K)->1542K(629440K) Eden: 559552K(559552K)->0K(559552K) From: 1520K(69888K)->1542K(69888K)
[99.762s][info][gc,heap        ] GC(500) Tenured: 44863K(1398144K)->44863K(1398144K)
[99.762s][info][gc,metaspace   ] GC(500) Metaspace: 74588K(75200K)->74588K(75200K) NonClass: 59445K(59648K)->59445K(59648K) Class: 15142K(15552K)->15142K(15552K)
[99.762s][info][gc             ] GC(500) Pause Young (Allocation Failure) 591M->45M(1980M) 9.210ms
[99.762s][info][gc,cpu         ] GC(500) User=0.00s Sys=0.00s Real=0.01s
[99.931s][info][gc,start       ] GC(501) Pause Young (Allocation Failure)
[99.939s][info][gc,heap        ] GC(501) DefNew: 561094K(629440K)->1405K(629440K) Eden: 559552K(559552K)->0K(559552K) From: 1542K(69888K)->1405K(69888K)
[99.939s][info][gc,heap        ] GC(501) Tenured: 44863K(1398144K)->44863K(1398144K)
[99.939s][info][gc,metaspace   ] GC(501) Metaspace: 74588K(75200K)->74588K(75200K) NonClass: 59445K(59648K)->59445K(59648K) Class: 15142K(15552K)->15142K(15552K)
[99.939s][info][gc             ] GC(501) Pause Young (Allocation Failure) 591M->45M(1980M) 7.800ms
[99.939s][info][gc,cpu         ] GC(501) User=0.02s Sys=0.00s Real=0.01s
[100.167s][info][gc,start       ] GC(502) Pause Young (Allocation Failure)
[100.173s][info][gc,heap        ] GC(502) DefNew: 560957K(629440K)->1369K(629440K) Eden: 559552K(559552K)->0K(559552K) From: 1405K(69888K)->1369K(69888K)
[100.173s][info][gc,heap        ] GC(502) Tenured: 44863K(1398144K)->44863K(1398144K)
[100.173s][info][gc,metaspace   ] GC(502) Metaspace: 74589K(75200K)->74589K(75200K) NonClass: 59446K(59648K)->59446K(59648K) Class: 15142K(15552K)->15142K(15552K)
[100.173s][info][gc             ] GC(502) Pause Young (Allocation Failure) 591M->45M(1980M) 5.983ms
[100.173s][info][gc,cpu         ] GC(502) User=0.02s Sys=0.00s Real=0.01s
[100.415s][info][gc,start       ] GC(503) Pause Young (Allocation Failure)
[100.420s][info][gc,heap        ] GC(503) DefNew: 560921K(629440K)->1381K(629440K) Eden: 559552K(559552K)->0K(559552K) From: 1369K(69888K)->1381K(69888K)
[100.420s][info][gc,heap        ] GC(503) Tenured: 44863K(1398144K)->44863K(1398144K)
[100.420s][info][gc,metaspace   ] GC(503) Metaspace: 74589K(75200K)->74589K(75200K) NonClass: 59446K(59648K)->59446K(59648K) Class: 15142K(15552K)->15142K(15552K)
[100.420s][info][gc             ] GC(503) Pause Young (Allocation Failure) 591M->45M(1980M) 5.331ms
[100.420s][info][gc,cpu         ] GC(503) User=0.00s Sys=0.00s Real=0.00s
[100.704s][info][gc,start       ] GC(504) Pause Young (Allocation Failure)
[100.709s][info][gc,heap        ] GC(504) DefNew: 560933K(629440K)->1350K(629440K) Eden: 559552K(559552K)->0K(559552K) From: 1381K(69888K)->1350K(69888K)
[100.709s][info][gc,heap        ] GC(504) Tenured: 44863K(1398144K)->44863K(1398144K)
[100.709s][info][gc,metaspace   ] GC(504) Metaspace: 74589K(75200K)->74589K(75200K) NonClass: 59446K(59648K)->59446K(59648K) Class: 15142K(15552K)->15142K(15552K)
[100.709s][info][gc             ] GC(504) Pause Young (Allocation Failure) 591M->45M(1980M) 5.060ms
[100.709s][info][gc,cpu         ] GC(504) User=0.00s Sys=0.00s Real=0.00s
[101.120s][info][gc,start       ] GC(505) Pause Young (Allocation Failure)
[101.125s][info][gc,heap        ] GC(505) DefNew: 560902K(629440K)->1350K(629440K) Eden: 559552K(559552K)->0K(559552K) From: 1350K(69888K)->1350K(69888K)
[101.125s][info][gc,heap        ] GC(505) Tenured: 44863K(1398144K)->44863K(1398144K)
[101.125s][info][gc,metaspace   ] GC(505) Metaspace: 74589K(75200K)->74589K(75200K) NonClass: 59446K(59648K)->59446K(59648K) Class: 15142K(15552K)->15142K(15552K)
[101.125s][info][gc             ] GC(505) Pause Young (Allocation Failure) 591M->45M(1980M) 4.630ms
[101.125s][info][gc,cpu         ] GC(505) User=0.02s Sys=0.00s Real=0.01s
[101.544s][info][gc,start       ] GC(506) Pause Young (Allocation Failure)
[101.548s][info][gc,heap        ] GC(506) DefNew: 560902K(629440K)->1363K(629440K) Eden: 559552K(559552K)->0K(559552K) From: 1350K(69888K)->1363K(69888K)
[101.548s][info][gc,heap        ] GC(506) Tenured: 44863K(1398144K)->44879K(1398144K)
[101.548s][info][gc,metaspace   ] GC(506) Metaspace: 74589K(75200K)->74589K(75200K) NonClass: 59446K(59648K)->59446K(59648K) Class: 15142K(15552K)->15142K(15552K)
[101.548s][info][gc             ] GC(506) Pause Young (Allocation Failure) 591M->45M(1980M) 4.226ms
[101.548s][info][gc,cpu         ] GC(506) User=0.02s Sys=0.00s Real=0.00s
[101.978s][info][gc,heap,exit   ] Heap
[101.978s][info][gc,heap,exit   ]  def new generation   total 629440K, used 307218K [0x0000000700000000, 0x000000072aaf0000, 0x0000000755550000)
[101.978s][info][gc,heap,exit   ]   eden space 559552K,  54% used [0x0000000700000000, 0x0000000712aafa68, 0x0000000722270000)
[101.978s][info][gc,heap,exit   ]   from space 69888K,   1% used [0x00000007266b0000, 0x0000000726804de0, 0x000000072aaf0000)
[101.978s][info][gc,heap,exit   ]   to   space 69888K,   0% used [0x0000000722270000, 0x0000000722270000, 0x00000007266b0000)
[101.978s][info][gc,heap,exit   ]  tenured generation   total 1398144K, used 44879K [0x0000000755550000, 0x00000007aaab0000, 0x0000000800000000)
[101.978s][info][gc,heap,exit   ]    the space 1398144K,   3% used [0x0000000755550000, 0x0000000758123ed0, 0x0000000758124000, 0x00000007aaab0000)
[101.978s][info][gc,heap,exit   ]  Metaspace       used 74675K, committed 75328K, reserved 1114112K
[101.978s][info][gc,heap,exit   ]   class space    used 15166K, committed 15552K, reserved 1048576K
