[0.016s][info][gc,init] CardTable entry size: 512
[0.016s][info][gc     ] Using Serial
[0.021s][info][gc,init] Version: 20+36-2344 (release)
[0.021s][info][gc,init] CPUs: 48 total, 48 available
[0.021s][info][gc,init] Memory: 382G
[0.021s][info][gc,init] Large Page Support: Disabled
[0.021s][info][gc,init] NUMA Support: Disabled
[0.021s][info][gc,init] Compressed Oops: Enabled (32-bit)
[0.021s][info][gc,init] Heap Min Capacity: 8M
[0.021s][info][gc,init] Heap Initial Capacity: 1G
[0.021s][info][gc,init] Heap Max Capacity: 1G
[0.021s][info][gc,init] Pre-touch: Disabled
[0.040s][info][gc,metaspace] CDS archive(s) mapped at: [0x0000000800000000-0x0000000800c60000-0x0000000800c60000), size 12976128, SharedBaseAddress: 0x0000000800000000, ArchiveRelocationMode: 0.
[0.041s][info][gc,metaspace] Compressed class space mapped at: 0x0000000801000000-0x0000000841000000, reserved size: 1073741824
[0.041s][info][gc,metaspace] Narrow klass base: 0x0000000800000000, Narrow klass shift: 0, Narrow klass range: 0x100000000
[4.700s][info][gc,start    ] GC(0) Pause Full (Metadata GC Threshold)
[4.701s][info][gc,phases,start] GC(0) Phase 1: Mark live objects
[4.719s][info][gc,phases      ] GC(0) Phase 1: Mark live objects 18.166ms
[4.719s][info][gc,phases,start] GC(0) Phase 2: Compute new object addresses
[4.730s][info][gc,phases      ] GC(0) Phase 2: Compute new object addresses 10.822ms
[4.730s][info][gc,phases,start] GC(0) Phase 3: Adjust pointers
[4.736s][info][gc,phases      ] GC(0) Phase 3: Adjust pointers 6.254ms
[4.736s][info][gc,phases,start] GC(0) Phase 4: Move objects
[4.741s][info][gc,phases      ] GC(0) Phase 4: Move objects 5.474ms
[4.743s][info][gc,heap        ] GC(0) DefNew: 139992K(314560K)->0K(314560K) Eden: 139992K(279616K)->0K(279616K) From: 0K(34944K)->0K(34944K)
[4.743s][info][gc,heap        ] GC(0) Tenured: 0K(699072K)->7644K(699072K)
[4.743s][info][gc,metaspace   ] GC(0) Metaspace: 21258K(21504K)->21258K(21504K) NonClass: 18523K(18624K)->18523K(18624K) Class: 2735K(2880K)->2735K(2880K)
[4.743s][info][gc             ] GC(0) Pause Full (Metadata GC Threshold) 136M->7M(989M) 42.483ms
[4.743s][info][gc,cpu         ] GC(0) User=0.03s Sys=0.00s Real=0.03s
[5.491s][info][gc,start       ] GC(1) Pause Full (System.gc())
[5.491s][info][gc,phases,start] GC(1) Phase 1: Mark live objects
[5.516s][info][gc,phases      ] GC(1) Phase 1: Mark live objects 24.561ms
[5.516s][info][gc,phases,start] GC(1) Phase 2: Compute new object addresses
[5.523s][info][gc,phases      ] GC(1) Phase 2: Compute new object addresses 7.521ms
[5.523s][info][gc,phases,start] GC(1) Phase 3: Adjust pointers
[5.532s][info][gc,phases      ] GC(1) Phase 3: Adjust pointers 8.585ms
[5.532s][info][gc,phases,start] GC(1) Phase 4: Move objects
[5.535s][info][gc,phases      ] GC(1) Phase 4: Move objects 3.138ms
[5.536s][info][gc,heap        ] GC(1) DefNew: 116455K(314560K)->0K(314560K) Eden: 116455K(279616K)->0K(279616K) From: 0K(34944K)->0K(34944K)
[5.536s][info][gc,heap        ] GC(1) Tenured: 7644K(699072K)->12582K(699072K)
[5.536s][info][gc,metaspace   ] GC(1) Metaspace: 30272K(30656K)->30272K(30656K) NonClass: 26226K(26432K)->26226K(26432K) Class: 4046K(4224K)->4046K(4224K)
[5.536s][info][gc             ] GC(1) Pause Full (System.gc()) 121M->12M(989M) 44.559ms
[5.536s][info][gc,cpu         ] GC(1) User=0.03s Sys=0.00s Real=0.03s
[6.824s][info][gc,start       ] GC(2) Pause Full (Metadata GC Threshold)
[6.824s][info][gc,phases,start] GC(2) Phase 1: Mark live objects
[6.865s][info][gc,phases      ] GC(2) Phase 1: Mark live objects 40.789ms
[6.865s][info][gc,phases,start] GC(2) Phase 2: Compute new object addresses
[6.897s][info][gc,phases      ] GC(2) Phase 2: Compute new object addresses 31.993ms
[6.897s][info][gc,phases,start] GC(2) Phase 3: Adjust pointers
[6.916s][info][gc,phases      ] GC(2) Phase 3: Adjust pointers 19.051ms
[6.916s][info][gc,phases,start] GC(2) Phase 4: Move objects
[6.921s][info][gc,phases      ] GC(2) Phase 4: Move objects 4.900ms
[6.923s][info][gc,heap        ] GC(2) DefNew: 183643K(314560K)->0K(314560K) Eden: 183643K(279616K)->0K(279616K) From: 0K(34944K)->0K(34944K)
[6.923s][info][gc,heap        ] GC(2) Tenured: 12582K(699072K)->17334K(699072K)
[6.923s][info][gc,metaspace   ] GC(2) Metaspace: 50439K(51136K)->49973K(51136K) NonClass: 40717K(41152K)->40391K(41152K) Class: 9721K(9984K)->9581K(9984K)
[6.923s][info][gc             ] GC(2) Pause Full (Metadata GC Threshold) 191M->16M(989M) 98.486ms
[6.923s][info][gc,cpu         ] GC(2) User=0.14s Sys=0.00s Real=0.10s
[8.611s][info][gc,start       ] GC(3) Pause Young (Allocation Failure)
[8.672s][info][gc,heap        ] GC(3) DefNew: 279616K(314560K)->22176K(314560K) Eden: 279616K(279616K)->0K(279616K) From: 0K(34944K)->22176K(34944K)
[8.672s][info][gc,heap        ] GC(3) Tenured: 17334K(699072K)->17334K(699072K)
[8.672s][info][gc,metaspace   ] GC(3) Metaspace: 70748K(71616K)->70748K(71616K) NonClass: 56086K(56576K)->56086K(56576K) Class: 14662K(15040K)->14662K(15040K)
[8.672s][info][gc             ] GC(3) Pause Young (Allocation Failure) 289M->38M(989M) 61.159ms
[8.672s][info][gc,cpu         ] GC(3) User=0.11s Sys=0.00s Real=0.05s
[9.092s][info][gc,start       ] GC(4) Pause Young (Allocation Failure)
[9.134s][info][gc,heap        ] GC(4) DefNew: 301792K(314560K)->1505K(314560K) Eden: 279616K(279616K)->0K(279616K) From: 22176K(34944K)->1505K(34944K)
[9.134s][info][gc,heap        ] GC(4) Tenured: 17334K(699072K)->37794K(699072K)
[9.134s][info][gc,metaspace   ] GC(4) Metaspace: 70935K(71808K)->70935K(71808K) NonClass: 56270K(56768K)->56270K(56768K) Class: 14665K(15040K)->14665K(15040K)
[9.134s][info][gc             ] GC(4) Pause Young (Allocation Failure) 311M->38M(989M) 41.522ms
[9.134s][info][gc,cpu         ] GC(4) User=0.13s Sys=0.00s Real=0.03s
[9.470s][info][gc,start       ] GC(5) Pause Young (Allocation Failure)
[9.481s][info][gc,heap        ] GC(5) DefNew: 281121K(314560K)->1507K(314560K) Eden: 279616K(279616K)->0K(279616K) From: 1505K(34944K)->1507K(34944K)
[9.481s][info][gc,heap        ] GC(5) Tenured: 37794K(699072K)->37794K(699072K)
[9.481s][info][gc,metaspace   ] GC(5) Metaspace: 70948K(71808K)->70948K(71808K) NonClass: 56282K(56768K)->56282K(56768K) Class: 14665K(15040K)->14665K(15040K)
[9.481s][info][gc             ] GC(5) Pause Young (Allocation Failure) 311M->38M(989M) 10.785ms
[9.481s][info][gc,cpu         ] GC(5) User=0.00s Sys=0.00s Real=0.00s
[9.790s][info][gc,start       ] GC(6) Pause Young (Allocation Failure)
[9.800s][info][gc,heap        ] GC(6) DefNew: 281123K(314560K)->1541K(314560K) Eden: 279616K(279616K)->0K(279616K) From: 1507K(34944K)->1541K(34944K)
[9.800s][info][gc,heap        ] GC(6) Tenured: 37794K(699072K)->37794K(699072K)
[9.800s][info][gc,metaspace   ] GC(6) Metaspace: 70960K(71808K)->70960K(71808K) NonClass: 56295K(56768K)->56295K(56768K) Class: 14665K(15040K)->14665K(15040K)
[9.800s][info][gc             ] GC(6) Pause Young (Allocation Failure) 311M->38M(989M) 10.687ms
[9.800s][info][gc,cpu         ] GC(6) User=0.00s Sys=0.00s Real=0.00s
[10.059s][info][gc,start       ] GC(7) Pause Young (Allocation Failure)
[10.069s][info][gc,heap        ] GC(7) DefNew: 281157K(314560K)->1525K(314560K) Eden: 279616K(279616K)->0K(279616K) From: 1541K(34944K)->1525K(34944K)
[10.069s][info][gc,heap        ] GC(7) Tenured: 37794K(699072K)->37794K(699072K)
[10.069s][info][gc,metaspace   ] GC(7) Metaspace: 70960K(71808K)->70960K(71808K) NonClass: 56295K(56768K)->56295K(56768K) Class: 14665K(15040K)->14665K(15040K)
[10.069s][info][gc             ] GC(7) Pause Young (Allocation Failure) 311M->38M(989M) 10.157ms
[10.069s][info][gc,cpu         ] GC(7) User=0.00s Sys=0.00s Real=0.00s
[10.300s][info][gc,start       ] GC(8) Pause Young (Allocation Failure)
[10.315s][info][gc,heap        ] GC(8) DefNew: 281141K(314560K)->1626K(314560K) Eden: 279616K(279616K)->0K(279616K) From: 1525K(34944K)->1626K(34944K)
[10.315s][info][gc,heap        ] GC(8) Tenured: 37794K(699072K)->37794K(699072K)
[10.315s][info][gc,metaspace   ] GC(8) Metaspace: 70960K(71808K)->70960K(71808K) NonClass: 56295K(56768K)->56295K(56768K) Class: 14665K(15040K)->14665K(15040K)
[10.315s][info][gc             ] GC(8) Pause Young (Allocation Failure) 311M->38M(989M) 14.713ms
[10.315s][info][gc,cpu         ] GC(8) User=0.00s Sys=0.00s Real=0.00s
[10.536s][info][gc,start       ] GC(9) Pause Young (Allocation Failure)
[10.546s][info][gc,heap        ] GC(9) DefNew: 281242K(314560K)->1541K(314560K) Eden: 279616K(279616K)->0K(279616K) From: 1626K(34944K)->1541K(34944K)
[10.546s][info][gc,heap        ] GC(9) Tenured: 37794K(699072K)->37794K(699072K)
[10.546s][info][gc,metaspace   ] GC(9) Metaspace: 70988K(71808K)->70988K(71808K) NonClass: 56320K(56768K)->56320K(56768K) Class: 14668K(15040K)->14668K(15040K)
[10.546s][info][gc             ] GC(9) Pause Young (Allocation Failure) 311M->38M(989M) 10.730ms
[10.547s][info][gc,cpu         ] GC(9) User=0.00s Sys=0.00s Real=0.00s
[10.751s][info][gc,start       ] GC(10) Pause Young (Allocation Failure)
[10.761s][info][gc,heap        ] GC(10) DefNew: 281157K(314560K)->1517K(314560K) Eden: 279616K(279616K)->0K(279616K) From: 1541K(34944K)->1517K(34944K)
[10.761s][info][gc,heap        ] GC(10) Tenured: 37794K(699072K)->37794K(699072K)
[10.761s][info][gc,metaspace   ] GC(10) Metaspace: 70993K(71808K)->70993K(71808K) NonClass: 56325K(56768K)->56325K(56768K) Class: 14668K(15040K)->14668K(15040K)
[10.761s][info][gc             ] GC(10) Pause Young (Allocation Failure) 311M->38M(989M) 10.431ms
[10.761s][info][gc,cpu         ] GC(10) User=0.00s Sys=0.00s Real=0.00s
[10.948s][info][gc,start       ] GC(11) Pause Young (Allocation Failure)
[10.960s][info][gc,heap        ] GC(11) DefNew: 281133K(314560K)->1593K(314560K) Eden: 279616K(279616K)->0K(279616K) From: 1517K(34944K)->1593K(34944K)
[10.960s][info][gc,heap        ] GC(11) Tenured: 37794K(699072K)->37794K(699072K)
[10.960s][info][gc,metaspace   ] GC(11) Metaspace: 71000K(71872K)->71000K(71872K) NonClass: 56329K(56832K)->56329K(56832K) Class: 14670K(15040K)->14670K(15040K)
[10.960s][info][gc             ] GC(11) Pause Young (Allocation Failure) 311M->38M(989M) 12.329ms
[10.960s][info][gc,cpu         ] GC(11) User=0.00s Sys=0.00s Real=0.00s
[11.120s][info][gc,start       ] GC(12) Pause Young (Allocation Failure)
[11.132s][info][gc,heap        ] GC(12) DefNew: 281209K(314560K)->1626K(314560K) Eden: 279616K(279616K)->0K(279616K) From: 1593K(34944K)->1626K(34944K)
[11.132s][info][gc,heap        ] GC(12) Tenured: 37794K(699072K)->37794K(699072K)
[11.132s][info][gc,metaspace   ] GC(12) Metaspace: 71035K(71936K)->71035K(71936K) NonClass: 56358K(56896K)->56358K(56896K) Class: 14677K(15040K)->14677K(15040K)
[11.132s][info][gc             ] GC(12) Pause Young (Allocation Failure) 311M->38M(989M) 12.722ms
[11.132s][info][gc,cpu         ] GC(12) User=0.06s Sys=0.02s Real=0.02s
[11.294s][info][gc,start       ] GC(13) Pause Young (Allocation Failure)
[11.306s][info][gc,heap        ] GC(13) DefNew: 281242K(314560K)->1707K(314560K) Eden: 279616K(279616K)->0K(279616K) From: 1626K(34944K)->1707K(34944K)
[11.306s][info][gc,heap        ] GC(13) Tenured: 37794K(699072K)->37794K(699072K)
[11.306s][info][gc,metaspace   ] GC(13) Metaspace: 71036K(71936K)->71036K(71936K) NonClass: 56359K(56896K)->56359K(56896K) Class: 14677K(15040K)->14677K(15040K)
[11.306s][info][gc             ] GC(13) Pause Young (Allocation Failure) 311M->38M(989M) 11.522ms
[11.306s][info][gc,cpu         ] GC(13) User=0.06s Sys=0.00s Real=0.02s
[11.453s][info][gc,start       ] GC(14) Pause Young (Allocation Failure)
[11.464s][info][gc,heap        ] GC(14) DefNew: 281323K(314560K)->1616K(314560K) Eden: 279616K(279616K)->0K(279616K) From: 1707K(34944K)->1616K(34944K)
[11.464s][info][gc,heap        ] GC(14) Tenured: 37794K(699072K)->37794K(699072K)
[11.464s][info][gc,metaspace   ] GC(14) Metaspace: 71043K(71936K)->71043K(71936K) NonClass: 56365K(56896K)->56365K(56896K) Class: 14677K(15040K)->14677K(15040K)
[11.464s][info][gc             ] GC(14) Pause Young (Allocation Failure) 311M->38M(989M) 10.606ms
[11.464s][info][gc,cpu         ] GC(14) User=0.00s Sys=0.00s Real=0.00s
[11.604s][info][gc,start       ] GC(15) Pause Young (Allocation Failure)
[11.615s][info][gc,heap        ] GC(15) DefNew: 281232K(314560K)->1589K(314560K) Eden: 279616K(279616K)->0K(279616K) From: 1616K(34944K)->1589K(34944K)
[11.615s][info][gc,heap        ] GC(15) Tenured: 37794K(699072K)->37794K(699072K)
[11.615s][info][gc,metaspace   ] GC(15) Metaspace: 71043K(71936K)->71043K(71936K) NonClass: 56365K(56896K)->56365K(56896K) Class: 14677K(15040K)->14677K(15040K)
[11.615s][info][gc             ] GC(15) Pause Young (Allocation Failure) 311M->38M(989M) 10.842ms
[11.615s][info][gc,cpu         ] GC(15) User=0.00s Sys=0.00s Real=0.00s
[11.748s][info][gc,start       ] GC(16) Pause Young (Allocation Failure)
[11.759s][info][gc,heap        ] GC(16) DefNew: 281205K(314560K)->1600K(314560K) Eden: 279616K(279616K)->0K(279616K) From: 1589K(34944K)->1600K(34944K)
[11.759s][info][gc,heap        ] GC(16) Tenured: 37794K(699072K)->37794K(699072K)
[11.759s][info][gc,metaspace   ] GC(16) Metaspace: 71043K(71936K)->71043K(71936K) NonClass: 56365K(56896K)->56365K(56896K) Class: 14677K(15040K)->14677K(15040K)
[11.759s][info][gc             ] GC(16) Pause Young (Allocation Failure) 311M->38M(989M) 10.567ms
[11.759s][info][gc,cpu         ] GC(16) User=0.00s Sys=0.00s Real=0.00s
[11.884s][info][gc,start       ] GC(17) Pause Young (Allocation Failure)
[11.895s][info][gc,heap        ] GC(17) DefNew: 281216K(314560K)->1661K(314560K) Eden: 279616K(279616K)->0K(279616K) From: 1600K(34944K)->1661K(34944K)
[11.895s][info][gc,heap        ] GC(17) Tenured: 37794K(699072K)->37794K(699072K)
[11.895s][info][gc,metaspace   ] GC(17) Metaspace: 71043K(71936K)->71043K(71936K) NonClass: 56365K(56896K)->56365K(56896K) Class: 14677K(15040K)->14677K(15040K)
[11.895s][info][gc             ] GC(17) Pause Young (Allocation Failure) 311M->38M(989M) 10.910ms
[11.895s][info][gc,cpu         ] GC(17) User=0.00s Sys=0.00s Real=0.00s
[12.012s][info][gc,start       ] GC(18) Pause Young (Allocation Failure)
[12.023s][info][gc,heap        ] GC(18) DefNew: 281277K(314560K)->1685K(314560K) Eden: 279616K(279616K)->0K(279616K) From: 1661K(34944K)->1685K(34944K)
[12.023s][info][gc,heap        ] GC(18) Tenured: 37794K(699072K)->37794K(699072K)
[12.023s][info][gc,metaspace   ] GC(18) Metaspace: 71043K(71936K)->71043K(71936K) NonClass: 56366K(56896K)->56366K(56896K) Class: 14677K(15040K)->14677K(15040K)
[12.023s][info][gc             ] GC(18) Pause Young (Allocation Failure) 311M->38M(989M) 10.936ms
[12.023s][info][gc,cpu         ] GC(18) User=0.13s Sys=0.00s Real=0.02s
[12.129s][info][gc,start       ] GC(19) Pause Young (Allocation Failure)
[12.141s][info][gc,heap        ] GC(19) DefNew: 281301K(314560K)->1586K(314560K) Eden: 279616K(279616K)->0K(279616K) From: 1685K(34944K)->1586K(34944K)
[12.141s][info][gc,heap        ] GC(19) Tenured: 37794K(699072K)->37914K(699072K)
[12.141s][info][gc,metaspace   ] GC(19) Metaspace: 71048K(71936K)->71048K(71936K) NonClass: 56370K(56896K)->56370K(56896K) Class: 14677K(15040K)->14677K(15040K)
[12.141s][info][gc             ] GC(19) Pause Young (Allocation Failure) 311M->38M(989M) 11.214ms
[12.141s][info][gc,cpu         ] GC(19) User=0.00s Sys=0.00s Real=0.00s
[12.240s][info][gc,start       ] GC(20) Pause Young (Allocation Failure)
[12.250s][info][gc,heap        ] GC(20) DefNew: 281202K(314560K)->1553K(314560K) Eden: 279616K(279616K)->0K(279616K) From: 1586K(34944K)->1553K(34944K)
[12.250s][info][gc,heap        ] GC(20) Tenured: 37914K(699072K)->37939K(699072K)
[12.250s][info][gc,metaspace   ] GC(20) Metaspace: 71048K(71936K)->71048K(71936K) NonClass: 56370K(56896K)->56370K(56896K) Class: 14677K(15040K)->14677K(15040K)
[12.250s][info][gc             ] GC(20) Pause Young (Allocation Failure) 311M->38M(989M) 10.627ms
[12.250s][info][gc,cpu         ] GC(20) User=0.00s Sys=0.00s Real=0.00s
[12.346s][info][gc,start       ] GC(21) Pause Young (Allocation Failure)
[12.355s][info][gc,heap        ] GC(21) DefNew: 281169K(314560K)->1494K(314560K) Eden: 279616K(279616K)->0K(279616K) From: 1553K(34944K)->1494K(34944K)
[12.355s][info][gc,heap        ] GC(21) Tenured: 37939K(699072K)->37947K(699072K)
[12.355s][info][gc,metaspace   ] GC(21) Metaspace: 71050K(71936K)->71050K(71936K) NonClass: 56372K(56896K)->56372K(56896K) Class: 14677K(15040K)->14677K(15040K)
[12.355s][info][gc             ] GC(21) Pause Young (Allocation Failure) 311M->38M(989M) 9.814ms
[12.355s][info][gc,cpu         ] GC(21) User=0.00s Sys=0.00s Real=0.00s
[12.449s][info][gc,start       ] GC(22) Pause Young (Allocation Failure)
[12.459s][info][gc,heap        ] GC(22) DefNew: 281110K(314560K)->1469K(314560K) Eden: 279616K(279616K)->0K(279616K) From: 1494K(34944K)->1469K(34944K)
[12.459s][info][gc,heap        ] GC(22) Tenured: 37947K(699072K)->37968K(699072K)
[12.459s][info][gc,metaspace   ] GC(22) Metaspace: 71050K(71936K)->71050K(71936K) NonClass: 56373K(56896K)->56373K(56896K) Class: 14677K(15040K)->14677K(15040K)
[12.459s][info][gc             ] GC(22) Pause Young (Allocation Failure) 311M->38M(989M) 9.991ms
[12.459s][info][gc,cpu         ] GC(22) User=0.00s Sys=0.00s Real=0.00s
[12.550s][info][gc,start       ] GC(23) Pause Young (Allocation Failure)
[12.560s][info][gc,heap        ] GC(23) DefNew: 281085K(314560K)->1452K(314560K) Eden: 279616K(279616K)->0K(279616K) From: 1469K(34944K)->1452K(34944K)
[12.560s][info][gc,heap        ] GC(23) Tenured: 37968K(699072K)->37971K(699072K)
[12.560s][info][gc,metaspace   ] GC(23) Metaspace: 71050K(71936K)->71050K(71936K) NonClass: 56373K(56896K)->56373K(56896K) Class: 14677K(15040K)->14677K(15040K)
[12.560s][info][gc             ] GC(23) Pause Young (Allocation Failure) 311M->38M(989M) 9.994ms
[12.560s][info][gc,cpu         ] GC(23) User=0.00s Sys=0.00s Real=0.00s
[12.648s][info][gc,start       ] GC(24) Pause Young (Allocation Failure)
[12.658s][info][gc,heap        ] GC(24) DefNew: 281068K(314560K)->1456K(314560K) Eden: 279616K(279616K)->0K(279616K) From: 1452K(34944K)->1456K(34944K)
[12.658s][info][gc,heap        ] GC(24) Tenured: 37971K(699072K)->37976K(699072K)
[12.658s][info][gc,metaspace   ] GC(24) Metaspace: 71050K(71936K)->71050K(71936K) NonClass: 56373K(56896K)->56373K(56896K) Class: 14677K(15040K)->14677K(15040K)
[12.658s][info][gc             ] GC(24) Pause Young (Allocation Failure) 311M->38M(989M) 9.816ms
[12.658s][info][gc,cpu         ] GC(24) User=0.02s Sys=0.02s Real=0.01s
[12.749s][info][gc,start       ] GC(25) Pause Young (Allocation Failure)
[12.758s][info][gc,heap        ] GC(25) DefNew: 281072K(314560K)->1432K(314560K) Eden: 279616K(279616K)->0K(279616K) From: 1456K(34944K)->1432K(34944K)
[12.758s][info][gc,heap        ] GC(25) Tenured: 37976K(699072K)->37978K(699072K)
[12.758s][info][gc,metaspace   ] GC(25) Metaspace: 71050K(71936K)->71050K(71936K) NonClass: 56373K(56896K)->56373K(56896K) Class: 14677K(15040K)->14677K(15040K)
[12.758s][info][gc             ] GC(25) Pause Young (Allocation Failure) 311M->38M(989M) 8.946ms
[12.758s][info][gc,cpu         ] GC(25) User=0.00s Sys=0.00s Real=0.00s
[12.869s][info][gc,start       ] GC(26) Pause Young (Allocation Failure)
[12.878s][info][gc,heap        ] GC(26) DefNew: 281048K(314560K)->1430K(314560K) Eden: 279616K(279616K)->0K(279616K) From: 1432K(34944K)->1430K(34944K)
[12.878s][info][gc,heap        ] GC(26) Tenured: 37978K(699072K)->37999K(699072K)
[12.878s][info][gc,metaspace   ] GC(26) Metaspace: 71056K(71936K)->71056K(71936K) NonClass: 56377K(56896K)->56377K(56896K) Class: 14678K(15040K)->14678K(15040K)
[12.878s][info][gc             ] GC(26) Pause Young (Allocation Failure) 311M->38M(989M) 9.217ms
[12.878s][info][gc,cpu         ] GC(26) User=0.00s Sys=0.00s Real=0.00s
[13.005s][info][gc,start       ] GC(27) Pause Young (Allocation Failure)
[13.015s][info][gc,heap        ] GC(27) DefNew: 281046K(314560K)->1377K(314560K) Eden: 279616K(279616K)->0K(279616K) From: 1430K(34944K)->1377K(34944K)
[13.015s][info][gc,heap        ] GC(27) Tenured: 37999K(699072K)->38009K(699072K)
[13.015s][info][gc,metaspace   ] GC(27) Metaspace: 71056K(71936K)->71056K(71936K) NonClass: 56377K(56896K)->56377K(56896K) Class: 14678K(15040K)->14678K(15040K)
[13.015s][info][gc             ] GC(27) Pause Young (Allocation Failure) 311M->38M(989M) 9.455ms
[13.015s][info][gc,cpu         ] GC(27) User=0.00s Sys=0.00s Real=0.00s
[13.097s][info][gc,start       ] GC(28) Pause Young (Allocation Failure)
[13.107s][info][gc,heap        ] GC(28) DefNew: 280993K(314560K)->1442K(314560K) Eden: 279616K(279616K)->0K(279616K) From: 1377K(34944K)->1442K(34944K)
[13.107s][info][gc,heap        ] GC(28) Tenured: 38009K(699072K)->38014K(699072K)
[13.107s][info][gc,metaspace   ] GC(28) Metaspace: 71071K(71936K)->71071K(71936K) NonClass: 56390K(56896K)->56390K(56896K) Class: 14680K(15040K)->14680K(15040K)
[13.107s][info][gc             ] GC(28) Pause Young (Allocation Failure) 311M->38M(989M) 9.239ms
[13.107s][info][gc,cpu         ] GC(28) User=0.00s Sys=0.00s Real=0.00s
[13.205s][info][gc,start       ] GC(29) Pause Young (Allocation Failure)
[13.214s][info][gc,heap        ] GC(29) DefNew: 281058K(314560K)->1452K(314560K) Eden: 279616K(279616K)->0K(279616K) From: 1442K(34944K)->1452K(34944K)
[13.214s][info][gc,heap        ] GC(29) Tenured: 38014K(699072K)->38034K(699072K)
[13.214s][info][gc,metaspace   ] GC(29) Metaspace: 71075K(71936K)->71075K(71936K) NonClass: 56395K(56896K)->56395K(56896K) Class: 14680K(15040K)->14680K(15040K)
[13.214s][info][gc             ] GC(29) Pause Young (Allocation Failure) 311M->38M(989M) 9.649ms
[13.214s][info][gc,cpu         ] GC(29) User=0.00s Sys=0.00s Real=0.00s
[13.331s][info][gc,start       ] GC(30) Pause Young (Allocation Failure)
[13.340s][info][gc,heap        ] GC(30) DefNew: 281068K(314560K)->1461K(314560K) Eden: 279616K(279616K)->0K(279616K) From: 1452K(34944K)->1461K(34944K)
[13.340s][info][gc,heap        ] GC(30) Tenured: 38034K(699072K)->38036K(699072K)
[13.340s][info][gc,metaspace   ] GC(30) Metaspace: 71075K(71936K)->71075K(71936K) NonClass: 56395K(56896K)->56395K(56896K) Class: 14680K(15040K)->14680K(15040K)
[13.340s][info][gc             ] GC(30) Pause Young (Allocation Failure) 311M->38M(989M) 9.174ms
[13.340s][info][gc,cpu         ] GC(30) User=0.00s Sys=0.00s Real=0.00s
[13.436s][info][gc,start       ] GC(31) Pause Young (Allocation Failure)
[13.445s][info][gc,heap        ] GC(31) DefNew: 281077K(314560K)->1453K(314560K) Eden: 279616K(279616K)->0K(279616K) From: 1461K(34944K)->1453K(34944K)
[13.445s][info][gc,heap        ] GC(31) Tenured: 38036K(699072K)->38040K(699072K)
[13.445s][info][gc,metaspace   ] GC(31) Metaspace: 71075K(71936K)->71075K(71936K) NonClass: 56395K(56896K)->56395K(56896K) Class: 14680K(15040K)->14680K(15040K)
[13.445s][info][gc             ] GC(31) Pause Young (Allocation Failure) 311M->38M(989M) 9.343ms
[13.445s][info][gc,cpu         ] GC(31) User=0.05s Sys=0.00s Real=0.01s
[13.525s][info][gc,start       ] GC(32) Pause Young (Allocation Failure)
[13.534s][info][gc,heap        ] GC(32) DefNew: 281069K(314560K)->1407K(314560K) Eden: 279616K(279616K)->0K(279616K) From: 1453K(34944K)->1407K(34944K)
[13.534s][info][gc,heap        ] GC(32) Tenured: 38040K(699072K)->38063K(699072K)
[13.534s][info][gc,metaspace   ] GC(32) Metaspace: 71077K(71936K)->71077K(71936K) NonClass: 56396K(56896K)->56396K(56896K) Class: 14680K(15040K)->14680K(15040K)
[13.534s][info][gc             ] GC(32) Pause Young (Allocation Failure) 311M->38M(989M) 9.873ms
[13.534s][info][gc,cpu         ] GC(32) User=0.00s Sys=0.00s Real=0.01s
[13.606s][info][gc,start       ] GC(33) Pause Young (Allocation Failure)
[13.616s][info][gc,heap        ] GC(33) DefNew: 281023K(314560K)->1412K(314560K) Eden: 279616K(279616K)->0K(279616K) From: 1407K(34944K)->1412K(34944K)
[13.616s][info][gc,heap        ] GC(33) Tenured: 38063K(699072K)->38066K(699072K)
[13.616s][info][gc,metaspace   ] GC(33) Metaspace: 71077K(71936K)->71077K(71936K) NonClass: 56396K(56896K)->56396K(56896K) Class: 14680K(15040K)->14680K(15040K)
[13.616s][info][gc             ] GC(33) Pause Young (Allocation Failure) 311M->38M(989M) 9.188ms
[13.616s][info][gc,cpu         ] GC(33) User=0.00s Sys=0.00s Real=0.00s
[13.686s][info][gc,start       ] GC(34) Pause Young (Allocation Failure)
[13.694s][info][gc,heap        ] GC(34) DefNew: 281028K(314560K)->1449K(314560K) Eden: 279616K(279616K)->0K(279616K) From: 1412K(34944K)->1449K(34944K)
[13.694s][info][gc,heap        ] GC(34) Tenured: 38066K(699072K)->38066K(699072K)
[13.695s][info][gc,metaspace   ] GC(34) Metaspace: 71077K(71936K)->71077K(71936K) NonClass: 56396K(56896K)->56396K(56896K) Class: 14681K(15040K)->14681K(15040K)
[13.695s][info][gc             ] GC(34) Pause Young (Allocation Failure) 311M->38M(989M) 8.632ms
[13.695s][info][gc,cpu         ] GC(34) User=0.00s Sys=0.00s Real=0.00s
[13.763s][info][gc,start       ] GC(35) Pause Young (Allocation Failure)
[13.772s][info][gc,heap        ] GC(35) DefNew: 281065K(314560K)->1471K(314560K) Eden: 279616K(279616K)->0K(279616K) From: 1449K(34944K)->1471K(34944K)
[13.772s][info][gc,heap        ] GC(35) Tenured: 38066K(699072K)->38066K(699072K)
[13.772s][info][gc,metaspace   ] GC(35) Metaspace: 71077K(71936K)->71077K(71936K) NonClass: 56396K(56896K)->56396K(56896K) Class: 14681K(15040K)->14681K(15040K)
[13.772s][info][gc             ] GC(35) Pause Young (Allocation Failure) 311M->38M(989M) 8.699ms
[13.772s][info][gc,cpu         ] GC(35) User=0.00s Sys=0.00s Real=0.00s
[13.841s][info][gc,start       ] GC(36) Pause Young (Allocation Failure)
[13.850s][info][gc,heap        ] GC(36) DefNew: 281087K(314560K)->1428K(314560K) Eden: 279616K(279616K)->0K(279616K) From: 1471K(34944K)->1428K(34944K)
[13.850s][info][gc,heap        ] GC(36) Tenured: 38066K(699072K)->38066K(699072K)
[13.850s][info][gc,metaspace   ] GC(36) Metaspace: 71078K(71936K)->71078K(71936K) NonClass: 56396K(56896K)->56396K(56896K) Class: 14681K(15040K)->14681K(15040K)
[13.850s][info][gc             ] GC(36) Pause Young (Allocation Failure) 311M->38M(989M) 8.600ms
[13.850s][info][gc,cpu         ] GC(36) User=0.00s Sys=0.00s Real=0.00s
[13.918s][info][gc,start       ] GC(37) Pause Young (Allocation Failure)
[13.927s][info][gc,heap        ] GC(37) DefNew: 281044K(314560K)->1457K(314560K) Eden: 279616K(279616K)->0K(279616K) From: 1428K(34944K)->1457K(34944K)
[13.927s][info][gc,heap        ] GC(37) Tenured: 38066K(699072K)->38068K(699072K)
[13.927s][info][gc,metaspace   ] GC(37) Metaspace: 71078K(71936K)->71078K(71936K) NonClass: 56396K(56896K)->56396K(56896K) Class: 14681K(15040K)->14681K(15040K)
[13.927s][info][gc             ] GC(37) Pause Young (Allocation Failure) 311M->38M(989M) 8.748ms
[13.927s][info][gc,cpu         ] GC(37) User=0.00s Sys=0.00s Real=0.00s
[13.996s][info][gc,start       ] GC(38) Pause Young (Allocation Failure)
[14.004s][info][gc,heap        ] GC(38) DefNew: 281073K(314560K)->1405K(314560K) Eden: 279616K(279616K)->0K(279616K) From: 1457K(34944K)->1405K(34944K)
[14.004s][info][gc,heap        ] GC(38) Tenured: 38068K(699072K)->38068K(699072K)
[14.004s][info][gc,metaspace   ] GC(38) Metaspace: 71078K(71936K)->71078K(71936K) NonClass: 56396K(56896K)->56396K(56896K) Class: 14681K(15040K)->14681K(15040K)
[14.004s][info][gc             ] GC(38) Pause Young (Allocation Failure) 311M->38M(989M) 8.537ms
[14.004s][info][gc,cpu         ] GC(38) User=0.00s Sys=0.00s Real=0.00s
[14.073s][info][gc,start       ] GC(39) Pause Young (Allocation Failure)
[14.082s][info][gc,heap        ] GC(39) DefNew: 281021K(314560K)->1473K(314560K) Eden: 279616K(279616K)->0K(279616K) From: 1405K(34944K)->1473K(34944K)
[14.082s][info][gc,heap        ] GC(39) Tenured: 38068K(699072K)->38068K(699072K)
[14.082s][info][gc,metaspace   ] GC(39) Metaspace: 71082K(71936K)->71082K(71936K) NonClass: 56401K(56896K)->56401K(56896K) Class: 14681K(15040K)->14681K(15040K)
[14.082s][info][gc             ] GC(39) Pause Young (Allocation Failure) 311M->38M(989M) 8.827ms
[14.082s][info][gc,cpu         ] GC(39) User=0.00s Sys=0.00s Real=0.00s
[14.152s][info][gc,start       ] GC(40) Pause Young (Allocation Failure)
[14.161s][info][gc,heap        ] GC(40) DefNew: 281089K(314560K)->1446K(314560K) Eden: 279616K(279616K)->0K(279616K) From: 1473K(34944K)->1446K(34944K)
[14.161s][info][gc,heap        ] GC(40) Tenured: 38068K(699072K)->38068K(699072K)
[14.161s][info][gc,metaspace   ] GC(40) Metaspace: 71083K(71936K)->71083K(71936K) NonClass: 56402K(56896K)->56402K(56896K) Class: 14681K(15040K)->14681K(15040K)
[14.161s][info][gc             ] GC(40) Pause Young (Allocation Failure) 311M->38M(989M) 8.756ms
[14.161s][info][gc,cpu         ] GC(40) User=0.00s Sys=0.00s Real=0.01s
[14.229s][info][gc,start       ] GC(41) Pause Young (Allocation Failure)
[14.238s][info][gc,heap        ] GC(41) DefNew: 281062K(314560K)->1445K(314560K) Eden: 279616K(279616K)->0K(279616K) From: 1446K(34944K)->1445K(34944K)
[14.238s][info][gc,heap        ] GC(41) Tenured: 38068K(699072K)->38085K(699072K)
[14.238s][info][gc,metaspace   ] GC(41) Metaspace: 71083K(71936K)->71083K(71936K) NonClass: 56402K(56896K)->56402K(56896K) Class: 14681K(15040K)->14681K(15040K)
[14.238s][info][gc             ] GC(41) Pause Young (Allocation Failure) 311M->38M(989M) 8.754ms
[14.238s][info][gc,cpu         ] GC(41) User=0.00s Sys=0.00s Real=0.00s
[14.306s][info][gc,start       ] GC(42) Pause Young (Allocation Failure)
[14.315s][info][gc,heap        ] GC(42) DefNew: 281061K(314560K)->1478K(314560K) Eden: 279615K(279616K)->0K(279616K) From: 1445K(34944K)->1478K(34944K)
[14.315s][info][gc,heap        ] GC(42) Tenured: 38085K(699072K)->38086K(699072K)
[14.315s][info][gc,metaspace   ] GC(42) Metaspace: 71083K(71936K)->71083K(71936K) NonClass: 56402K(56896K)->56402K(56896K) Class: 14681K(15040K)->14681K(15040K)
[14.315s][info][gc             ] GC(42) Pause Young (Allocation Failure) 311M->38M(989M) 8.769ms
[14.315s][info][gc,cpu         ] GC(42) User=0.00s Sys=0.00s Real=0.00s
[14.383s][info][gc,start       ] GC(43) Pause Young (Allocation Failure)
[14.392s][info][gc,heap        ] GC(43) DefNew: 281094K(314560K)->1383K(314560K) Eden: 279616K(279616K)->0K(279616K) From: 1478K(34944K)->1383K(34944K)
[14.392s][info][gc,heap        ] GC(43) Tenured: 38086K(699072K)->38089K(699072K)
[14.392s][info][gc,metaspace   ] GC(43) Metaspace: 71083K(71936K)->71083K(71936K) NonClass: 56402K(56896K)->56402K(56896K) Class: 14681K(15040K)->14681K(15040K)
[14.392s][info][gc             ] GC(43) Pause Young (Allocation Failure) 311M->38M(989M) 8.579ms
[14.392s][info][gc,cpu         ] GC(43) User=0.00s Sys=0.00s Real=0.00s
[14.460s][info][gc,start       ] GC(44) Pause Young (Allocation Failure)
[14.469s][info][gc,heap        ] GC(44) DefNew: 280999K(314560K)->1469K(314560K) Eden: 279616K(279616K)->0K(279616K) From: 1383K(34944K)->1469K(34944K)
[14.469s][info][gc,heap        ] GC(44) Tenured: 38089K(699072K)->38102K(699072K)
[14.469s][info][gc,metaspace   ] GC(44) Metaspace: 71083K(71936K)->71083K(71936K) NonClass: 56402K(56896K)->56402K(56896K) Class: 14681K(15040K)->14681K(15040K)
[14.469s][info][gc             ] GC(44) Pause Young (Allocation Failure) 311M->38M(989M) 8.745ms
[14.469s][info][gc,cpu         ] GC(44) User=0.00s Sys=0.00s Real=0.00s
[14.538s][info][gc,start       ] GC(45) Pause Young (Allocation Failure)
[14.546s][info][gc,heap        ] GC(45) DefNew: 281085K(314560K)->1382K(314560K) Eden: 279616K(279616K)->0K(279616K) From: 1469K(34944K)->1382K(34944K)
[14.546s][info][gc,heap        ] GC(45) Tenured: 38102K(699072K)->38103K(699072K)
[14.546s][info][gc,metaspace   ] GC(45) Metaspace: 71083K(71936K)->71083K(71936K) NonClass: 56402K(56896K)->56402K(56896K) Class: 14681K(15040K)->14681K(15040K)
[14.546s][info][gc             ] GC(45) Pause Young (Allocation Failure) 311M->38M(989M) 8.424ms
[14.546s][info][gc,cpu         ] GC(45) User=0.00s Sys=0.00s Real=0.00s
[14.614s][info][gc,start       ] GC(46) Pause Young (Allocation Failure)
[14.623s][info][gc,heap        ] GC(46) DefNew: 280998K(314560K)->1416K(314560K) Eden: 279616K(279616K)->0K(279616K) From: 1382K(34944K)->1416K(34944K)
[14.623s][info][gc,heap        ] GC(46) Tenured: 38103K(699072K)->38103K(699072K)
[14.623s][info][gc,metaspace   ] GC(46) Metaspace: 71083K(71936K)->71083K(71936K) NonClass: 56402K(56896K)->56402K(56896K) Class: 14681K(15040K)->14681K(15040K)
[14.623s][info][gc             ] GC(46) Pause Young (Allocation Failure) 311M->38M(989M) 8.306ms
[14.623s][info][gc,cpu         ] GC(46) User=0.00s Sys=0.00s Real=0.00s
[14.693s][info][gc,start       ] GC(47) Pause Young (Allocation Failure)
[14.702s][info][gc,heap        ] GC(47) DefNew: 281032K(314560K)->1402K(314560K) Eden: 279616K(279616K)->0K(279616K) From: 1416K(34944K)->1402K(34944K)
[14.702s][info][gc,heap        ] GC(47) Tenured: 38103K(699072K)->38106K(699072K)
[14.702s][info][gc,metaspace   ] GC(47) Metaspace: 71083K(71936K)->71083K(71936K) NonClass: 56402K(56896K)->56402K(56896K) Class: 14681K(15040K)->14681K(15040K)
[14.702s][info][gc             ] GC(47) Pause Young (Allocation Failure) 311M->38M(989M) 9.182ms
[14.702s][info][gc,cpu         ] GC(47) User=0.00s Sys=0.00s Real=0.00s
[14.771s][info][gc,start       ] GC(48) Pause Young (Allocation Failure)
[14.779s][info][gc,heap        ] GC(48) DefNew: 281018K(314560K)->1364K(314560K) Eden: 279616K(279616K)->0K(279616K) From: 1402K(34944K)->1364K(34944K)
[14.779s][info][gc,heap        ] GC(48) Tenured: 38106K(699072K)->38106K(699072K)
[14.779s][info][gc,metaspace   ] GC(48) Metaspace: 71083K(71936K)->71083K(71936K) NonClass: 56402K(56896K)->56402K(56896K) Class: 14681K(15040K)->14681K(15040K)
[14.780s][info][gc             ] GC(48) Pause Young (Allocation Failure) 311M->38M(989M) 8.609ms
[14.780s][info][gc,cpu         ] GC(48) User=0.00s Sys=0.00s Real=0.00s
[14.848s][info][gc,start       ] GC(49) Pause Young (Allocation Failure)
[14.856s][info][gc,heap        ] GC(49) DefNew: 280980K(314560K)->1409K(314560K) Eden: 279616K(279616K)->0K(279616K) From: 1364K(34944K)->1409K(34944K)
[14.856s][info][gc,heap        ] GC(49) Tenured: 38106K(699072K)->38106K(699072K)
[14.856s][info][gc,metaspace   ] GC(49) Metaspace: 71083K(71936K)->71083K(71936K) NonClass: 56402K(56896K)->56402K(56896K) Class: 14681K(15040K)->14681K(15040K)
[14.856s][info][gc             ] GC(49) Pause Young (Allocation Failure) 311M->38M(989M) 8.482ms
[14.856s][info][gc,cpu         ] GC(49) User=0.02s Sys=0.00s Real=0.01s
[14.925s][info][gc,start       ] GC(50) Pause Young (Allocation Failure)
[14.933s][info][gc,heap        ] GC(50) DefNew: 281025K(314560K)->1447K(314560K) Eden: 279616K(279616K)->0K(279616K) From: 1409K(34944K)->1447K(34944K)
[14.933s][info][gc,heap        ] GC(50) Tenured: 38106K(699072K)->38106K(699072K)
[14.933s][info][gc,metaspace   ] GC(50) Metaspace: 71083K(71936K)->71083K(71936K) NonClass: 56402K(56896K)->56402K(56896K) Class: 14681K(15040K)->14681K(15040K)
[14.933s][info][gc             ] GC(50) Pause Young (Allocation Failure) 311M->38M(989M) 8.375ms
[14.933s][info][gc,cpu         ] GC(50) User=0.00s Sys=0.00s Real=0.00s
[15.001s][info][gc,start       ] GC(51) Pause Young (Allocation Failure)
[15.009s][info][gc,heap        ] GC(51) DefNew: 281063K(314560K)->1423K(314560K) Eden: 279616K(279616K)->0K(279616K) From: 1447K(34944K)->1423K(34944K)
[15.009s][info][gc,heap        ] GC(51) Tenured: 38106K(699072K)->38122K(699072K)
[15.010s][info][gc,metaspace   ] GC(51) Metaspace: 71083K(71936K)->71083K(71936K) NonClass: 56402K(56896K)->56402K(56896K) Class: 14681K(15040K)->14681K(15040K)
[15.010s][info][gc             ] GC(51) Pause Young (Allocation Failure) 311M->38M(989M) 8.438ms
[15.010s][info][gc,cpu         ] GC(51) User=0.00s Sys=0.00s Real=0.00s
[15.078s][info][gc,start       ] GC(52) Pause Young (Allocation Failure)
[15.086s][info][gc,heap        ] GC(52) DefNew: 281039K(314560K)->1431K(314560K) Eden: 279616K(279616K)->0K(279616K) From: 1423K(34944K)->1431K(34944K)
[15.086s][info][gc,heap        ] GC(52) Tenured: 38122K(699072K)->38122K(699072K)
[15.086s][info][gc,metaspace   ] GC(52) Metaspace: 71083K(71936K)->71083K(71936K) NonClass: 56402K(56896K)->56402K(56896K) Class: 14681K(15040K)->14681K(15040K)
[15.086s][info][gc             ] GC(52) Pause Young (Allocation Failure) 311M->38M(989M) 8.383ms
[15.086s][info][gc,cpu         ] GC(52) User=0.02s Sys=0.00s Real=0.01s
[15.154s][info][gc,start       ] GC(53) Pause Young (Allocation Failure)
[15.164s][info][gc,heap        ] GC(53) DefNew: 281047K(314560K)->1409K(314560K) Eden: 279616K(279616K)->0K(279616K) From: 1431K(34944K)->1409K(34944K)
[15.164s][info][gc,heap        ] GC(53) Tenured: 38122K(699072K)->38123K(699072K)
[15.164s][info][gc,metaspace   ] GC(53) Metaspace: 71087K(72000K)->71087K(72000K) NonClass: 56406K(56960K)->56406K(56960K) Class: 14681K(15040K)->14681K(15040K)
[15.164s][info][gc             ] GC(53) Pause Young (Allocation Failure) 311M->38M(989M) 9.293ms
[15.164s][info][gc,cpu         ] GC(53) User=0.00s Sys=0.00s Real=0.00s
[15.232s][info][gc,start       ] GC(54) Pause Young (Allocation Failure)
[15.241s][info][gc,heap        ] GC(54) DefNew: 281025K(314560K)->1425K(314560K) Eden: 279616K(279616K)->0K(279616K) From: 1409K(34944K)->1425K(34944K)
[15.241s][info][gc,heap        ] GC(54) Tenured: 38123K(699072K)->38123K(699072K)
[15.241s][info][gc,metaspace   ] GC(54) Metaspace: 71087K(72000K)->71087K(72000K) NonClass: 56406K(56960K)->56406K(56960K) Class: 14681K(15040K)->14681K(15040K)
[15.241s][info][gc             ] GC(54) Pause Young (Allocation Failure) 311M->38M(989M) 8.916ms
[15.241s][info][gc,cpu         ] GC(54) User=0.00s Sys=0.00s Real=0.00s
[15.345s][info][gc,start       ] GC(55) Pause Young (Allocation Failure)
[15.358s][info][gc,heap        ] GC(55) DefNew: 281041K(314560K)->1444K(314560K) Eden: 279616K(279616K)->0K(279616K) From: 1425K(34944K)->1444K(34944K)
[15.358s][info][gc,heap        ] GC(55) Tenured: 38123K(699072K)->38123K(699072K)
[15.358s][info][gc,metaspace   ] GC(55) Metaspace: 71087K(72000K)->71087K(72000K) NonClass: 56406K(56960K)->56406K(56960K) Class: 14681K(15040K)->14681K(15040K)
[15.358s][info][gc             ] GC(55) Pause Young (Allocation Failure) 311M->38M(989M) 13.644ms
[15.359s][info][gc,cpu         ] GC(55) User=0.00s Sys=0.00s Real=0.00s
[15.435s][info][gc,start       ] GC(56) Pause Young (Allocation Failure)
[15.443s][info][gc,heap        ] GC(56) DefNew: 281060K(314560K)->1462K(314560K) Eden: 279616K(279616K)->0K(279616K) From: 1444K(34944K)->1462K(34944K)
[15.443s][info][gc,heap        ] GC(56) Tenured: 38123K(699072K)->38123K(699072K)
[15.443s][info][gc,metaspace   ] GC(56) Metaspace: 71087K(72000K)->71087K(72000K) NonClass: 56406K(56960K)->56406K(56960K) Class: 14681K(15040K)->14681K(15040K)
[15.443s][info][gc             ] GC(56) Pause Young (Allocation Failure) 311M->38M(989M) 8.600ms
[15.443s][info][gc,cpu         ] GC(56) User=0.00s Sys=0.00s Real=0.00s
[15.511s][info][gc,start       ] GC(57) Pause Young (Allocation Failure)
[15.519s][info][gc,heap        ] GC(57) DefNew: 281078K(314560K)->1423K(314560K) Eden: 279616K(279616K)->0K(279616K) From: 1462K(34944K)->1423K(34944K)
[15.520s][info][gc,heap        ] GC(57) Tenured: 38123K(699072K)->38123K(699072K)
[15.520s][info][gc,metaspace   ] GC(57) Metaspace: 71087K(72000K)->71087K(72000K) NonClass: 56406K(56960K)->56406K(56960K) Class: 14681K(15040K)->14681K(15040K)
[15.520s][info][gc             ] GC(57) Pause Young (Allocation Failure) 311M->38M(989M) 8.393ms
[15.520s][info][gc,cpu         ] GC(57) User=0.00s Sys=0.00s Real=0.00s
[15.588s][info][gc,start       ] GC(58) Pause Young (Allocation Failure)
[15.597s][info][gc,heap        ] GC(58) DefNew: 281039K(314560K)->1429K(314560K) Eden: 279616K(279616K)->0K(279616K) From: 1423K(34944K)->1429K(34944K)
[15.597s][info][gc,heap        ] GC(58) Tenured: 38123K(699072K)->38123K(699072K)
[15.597s][info][gc,metaspace   ] GC(58) Metaspace: 71087K(72000K)->71087K(72000K) NonClass: 56406K(56960K)->56406K(56960K) Class: 14681K(15040K)->14681K(15040K)
[15.597s][info][gc             ] GC(58) Pause Young (Allocation Failure) 311M->38M(989M) 9.133ms
[15.597s][info][gc,cpu         ] GC(58) User=0.00s Sys=0.00s Real=0.00s
[15.665s][info][gc,start       ] GC(59) Pause Young (Allocation Failure)
[15.674s][info][gc,heap        ] GC(59) DefNew: 281045K(314560K)->1399K(314560K) Eden: 279616K(279616K)->0K(279616K) From: 1429K(34944K)->1399K(34944K)
[15.674s][info][gc,heap        ] GC(59) Tenured: 38123K(699072K)->38123K(699072K)
[15.674s][info][gc,metaspace   ] GC(59) Metaspace: 71087K(72000K)->71087K(72000K) NonClass: 56406K(56960K)->56406K(56960K) Class: 14681K(15040K)->14681K(15040K)
[15.674s][info][gc             ] GC(59) Pause Young (Allocation Failure) 311M->38M(989M) 8.793ms
[15.674s][info][gc,cpu         ] GC(59) User=0.00s Sys=0.00s Real=0.01s
[15.743s][info][gc,start       ] GC(60) Pause Young (Allocation Failure)
[15.752s][info][gc,heap        ] GC(60) DefNew: 281015K(314560K)->1443K(314560K) Eden: 279616K(279616K)->0K(279616K) From: 1399K(34944K)->1443K(34944K)
[15.752s][info][gc,heap        ] GC(60) Tenured: 38123K(699072K)->38123K(699072K)
[15.752s][info][gc,metaspace   ] GC(60) Metaspace: 71183K(72064K)->71183K(72064K) NonClass: 56474K(57024K)->56474K(57024K) Class: 14708K(15040K)->14708K(15040K)
[15.752s][info][gc             ] GC(60) Pause Young (Allocation Failure) 311M->38M(989M) 9.217ms
[15.752s][info][gc,cpu         ] GC(60) User=0.00s Sys=0.00s Real=0.00s
[15.828s][info][gc,start       ] GC(61) Pause Young (Allocation Failure)
[15.837s][info][gc,heap        ] GC(61) DefNew: 281059K(314560K)->1488K(314560K) Eden: 279616K(279616K)->0K(279616K) From: 1443K(34944K)->1488K(34944K)
[15.837s][info][gc,heap        ] GC(61) Tenured: 38123K(699072K)->38123K(699072K)
[15.837s][info][gc,metaspace   ] GC(61) Metaspace: 71238K(72064K)->71238K(72064K) NonClass: 56520K(57024K)->56520K(57024K) Class: 14718K(15040K)->14718K(15040K)
[15.837s][info][gc             ] GC(61) Pause Young (Allocation Failure) 311M->38M(989M) 8.915ms
[15.837s][info][gc,cpu         ] GC(61) User=0.00s Sys=0.00s Real=0.00s
[15.909s][info][gc,start       ] GC(62) Pause Young (Allocation Failure)
[15.918s][info][gc,heap        ] GC(62) DefNew: 281104K(314560K)->1505K(314560K) Eden: 279616K(279616K)->0K(279616K) From: 1488K(34944K)->1505K(34944K)
[15.918s][info][gc,heap        ] GC(62) Tenured: 38123K(699072K)->38123K(699072K)
[15.918s][info][gc,metaspace   ] GC(62) Metaspace: 71238K(72064K)->71238K(72064K) NonClass: 56520K(57024K)->56520K(57024K) Class: 14718K(15040K)->14718K(15040K)
[15.918s][info][gc             ] GC(62) Pause Young (Allocation Failure) 311M->38M(989M) 9.142ms
[15.918s][info][gc,cpu         ] GC(62) User=0.00s Sys=0.00s Real=0.00s
[16.004s][info][gc,start       ] GC(63) Pause Young (Allocation Failure)
[16.014s][info][gc,heap        ] GC(63) DefNew: 281121K(314560K)->1437K(314560K) Eden: 279616K(279616K)->0K(279616K) From: 1505K(34944K)->1437K(34944K)
[16.014s][info][gc,heap        ] GC(63) Tenured: 38123K(699072K)->38123K(699072K)
[16.014s][info][gc,metaspace   ] GC(63) Metaspace: 71250K(72064K)->71250K(72064K) NonClass: 56531K(57024K)->56531K(57024K) Class: 14718K(15040K)->14718K(15040K)
[16.014s][info][gc             ] GC(63) Pause Young (Allocation Failure) 311M->38M(989M) 9.256ms
[16.014s][info][gc,cpu         ] GC(63) User=0.00s Sys=0.00s Real=0.00s
[16.092s][info][gc,start       ] GC(64) Pause Young (Allocation Failure)
[16.101s][info][gc,heap        ] GC(64) DefNew: 281053K(314560K)->1451K(314560K) Eden: 279616K(279616K)->0K(279616K) From: 1437K(34944K)->1451K(34944K)
[16.101s][info][gc,heap        ] GC(64) Tenured: 38123K(699072K)->38139K(699072K)
[16.101s][info][gc,metaspace   ] GC(64) Metaspace: 71250K(72064K)->71250K(72064K) NonClass: 56531K(57024K)->56531K(57024K) Class: 14718K(15040K)->14718K(15040K)
[16.101s][info][gc             ] GC(64) Pause Young (Allocation Failure) 311M->38M(989M) 8.899ms
[16.101s][info][gc,cpu         ] GC(64) User=0.00s Sys=0.00s Real=0.00s
[16.187s][info][gc,start       ] GC(65) Pause Young (Allocation Failure)
[16.197s][info][gc,heap        ] GC(65) DefNew: 281067K(314560K)->1447K(314560K) Eden: 279616K(279616K)->0K(279616K) From: 1451K(34944K)->1447K(34944K)
[16.197s][info][gc,heap        ] GC(65) Tenured: 38139K(699072K)->38139K(699072K)
[16.197s][info][gc,metaspace   ] GC(65) Metaspace: 71255K(72128K)->71255K(72128K) NonClass: 56537K(57088K)->56537K(57088K) Class: 14718K(15040K)->14718K(15040K)
[16.197s][info][gc             ] GC(65) Pause Young (Allocation Failure) 311M->38M(989M) 10.196ms
[16.197s][info][gc,cpu         ] GC(65) User=0.00s Sys=0.00s Real=0.00s
[16.278s][info][gc,start       ] GC(66) Pause Young (Allocation Failure)
[16.286s][info][gc,heap        ] GC(66) DefNew: 281063K(314560K)->1438K(314560K) Eden: 279616K(279616K)->0K(279616K) From: 1447K(34944K)->1438K(34944K)
[16.286s][info][gc,heap        ] GC(66) Tenured: 38139K(699072K)->38140K(699072K)
[16.286s][info][gc,metaspace   ] GC(66) Metaspace: 71260K(72128K)->71260K(72128K) NonClass: 56542K(57088K)->56542K(57088K) Class: 14718K(15040K)->14718K(15040K)
[16.286s][info][gc             ] GC(66) Pause Young (Allocation Failure) 311M->38M(989M) 8.848ms
[16.286s][info][gc,cpu         ] GC(66) User=0.00s Sys=0.00s Real=0.00s
[16.363s][info][gc,start       ] GC(67) Pause Young (Allocation Failure)
[16.372s][info][gc,heap        ] GC(67) DefNew: 281054K(314560K)->1438K(314560K) Eden: 279616K(279616K)->0K(279616K) From: 1438K(34944K)->1438K(34944K)
[16.372s][info][gc,heap        ] GC(67) Tenured: 38140K(699072K)->38141K(699072K)
[16.372s][info][gc,metaspace   ] GC(67) Metaspace: 71265K(72128K)->71265K(72128K) NonClass: 56547K(57088K)->56547K(57088K) Class: 14718K(15040K)->14718K(15040K)
[16.372s][info][gc             ] GC(67) Pause Young (Allocation Failure) 311M->38M(989M) 9.026ms
[16.372s][info][gc,cpu         ] GC(67) User=0.00s Sys=0.00s Real=0.00s
[16.448s][info][gc,start       ] GC(68) Pause Young (Allocation Failure)
[16.457s][info][gc,heap        ] GC(68) DefNew: 281054K(314560K)->1506K(314560K) Eden: 279616K(279616K)->0K(279616K) From: 1438K(34944K)->1506K(34944K)
[16.457s][info][gc,heap        ] GC(68) Tenured: 38141K(699072K)->38141K(699072K)
[16.457s][info][gc,metaspace   ] GC(68) Metaspace: 71266K(72128K)->71266K(72128K) NonClass: 56548K(57088K)->56548K(57088K) Class: 14718K(15040K)->14718K(15040K)
[16.457s][info][gc             ] GC(68) Pause Young (Allocation Failure) 311M->38M(989M) 9.718ms
[16.457s][info][gc,cpu         ] GC(68) User=0.00s Sys=0.00s Real=0.00s
[16.531s][info][gc,start       ] GC(69) Pause Young (Allocation Failure)
[16.541s][info][gc,heap        ] GC(69) DefNew: 281122K(314560K)->1486K(314560K) Eden: 279616K(279616K)->0K(279616K) From: 1506K(34944K)->1486K(34944K)
[16.541s][info][gc,heap        ] GC(69) Tenured: 38141K(699072K)->38141K(699072K)
[16.541s][info][gc,metaspace   ] GC(69) Metaspace: 71267K(72128K)->71267K(72128K) NonClass: 56549K(57088K)->56549K(57088K) Class: 14718K(15040K)->14718K(15040K)
[16.541s][info][gc             ] GC(69) Pause Young (Allocation Failure) 311M->38M(989M) 9.441ms
[16.541s][info][gc,cpu         ] GC(69) User=0.00s Sys=0.00s Real=0.00s
[16.616s][info][gc,start       ] GC(70) Pause Young (Allocation Failure)
[16.625s][info][gc,heap        ] GC(70) DefNew: 281102K(314560K)->1472K(314560K) Eden: 279616K(279616K)->0K(279616K) From: 1486K(34944K)->1472K(34944K)
[16.625s][info][gc,heap        ] GC(70) Tenured: 38141K(699072K)->38141K(699072K)
[16.625s][info][gc,metaspace   ] GC(70) Metaspace: 71269K(72128K)->71269K(72128K) NonClass: 56551K(57088K)->56551K(57088K) Class: 14718K(15040K)->14718K(15040K)
[16.625s][info][gc             ] GC(70) Pause Young (Allocation Failure) 311M->38M(989M) 8.827ms
[16.625s][info][gc,cpu         ] GC(70) User=0.00s Sys=0.00s Real=0.00s
[16.702s][info][gc,start       ] GC(71) Pause Young (Allocation Failure)
[16.710s][info][gc,heap        ] GC(71) DefNew: 281088K(314560K)->1500K(314560K) Eden: 279616K(279616K)->0K(279616K) From: 1472K(34944K)->1500K(34944K)
[16.710s][info][gc,heap        ] GC(71) Tenured: 38141K(699072K)->38141K(699072K)
[16.710s][info][gc,metaspace   ] GC(71) Metaspace: 71289K(72128K)->71289K(72128K) NonClass: 56570K(57088K)->56570K(57088K) Class: 14718K(15040K)->14718K(15040K)
[16.710s][info][gc             ] GC(71) Pause Young (Allocation Failure) 311M->38M(989M) 7.907ms
[16.710s][info][gc,cpu         ] GC(71) User=0.00s Sys=0.00s Real=0.00s
[16.791s][info][gc,start       ] GC(72) Pause Young (Allocation Failure)
[16.798s][info][gc,heap        ] GC(72) DefNew: 281116K(314560K)->1501K(314560K) Eden: 279616K(279616K)->0K(279616K) From: 1500K(34944K)->1501K(34944K)
[16.798s][info][gc,heap        ] GC(72) Tenured: 38141K(699072K)->38141K(699072K)
[16.798s][info][gc,metaspace   ] GC(72) Metaspace: 71292K(72128K)->71292K(72128K) NonClass: 56574K(57088K)->56574K(57088K) Class: 14718K(15040K)->14718K(15040K)
[16.798s][info][gc             ] GC(72) Pause Young (Allocation Failure) 311M->38M(989M) 7.718ms
[16.799s][info][gc,cpu         ] GC(72) User=0.02s Sys=0.00s Real=0.01s
[16.887s][info][gc,start       ] GC(73) Pause Young (Allocation Failure)
[16.895s][info][gc,heap        ] GC(73) DefNew: 281117K(314560K)->1428K(314560K) Eden: 279616K(279616K)->0K(279616K) From: 1501K(34944K)->1428K(34944K)
[16.895s][info][gc,heap        ] GC(73) Tenured: 38141K(699072K)->38141K(699072K)
[16.895s][info][gc,metaspace   ] GC(73) Metaspace: 71298K(72128K)->71298K(72128K) NonClass: 56580K(57088K)->56580K(57088K) Class: 14718K(15040K)->14718K(15040K)
[16.895s][info][gc             ] GC(73) Pause Young (Allocation Failure) 311M->38M(989M) 8.138ms
[16.895s][info][gc,cpu         ] GC(73) User=0.00s Sys=0.00s Real=0.00s
[16.986s][info][gc,start       ] GC(74) Pause Young (Allocation Failure)
[16.994s][info][gc,heap        ] GC(74) DefNew: 281044K(314560K)->1430K(314560K) Eden: 279616K(279616K)->0K(279616K) From: 1428K(34944K)->1430K(34944K)
[16.994s][info][gc,heap        ] GC(74) Tenured: 38141K(699072K)->38141K(699072K)
[16.994s][info][gc,metaspace   ] GC(74) Metaspace: 71298K(72128K)->71298K(72128K) NonClass: 56580K(57088K)->56580K(57088K) Class: 14718K(15040K)->14718K(15040K)
[16.994s][info][gc             ] GC(74) Pause Young (Allocation Failure) 311M->38M(989M) 7.940ms
[16.994s][info][gc,cpu         ] GC(74) User=0.00s Sys=0.00s Real=0.00s
[17.089s][info][gc,start       ] GC(75) Pause Young (Allocation Failure)
[17.097s][info][gc,heap        ] GC(75) DefNew: 281046K(314560K)->1438K(314560K) Eden: 279616K(279616K)->0K(279616K) From: 1430K(34944K)->1438K(34944K)
[17.097s][info][gc,heap        ] GC(75) Tenured: 38141K(699072K)->38195K(699072K)
[17.097s][info][gc,metaspace   ] GC(75) Metaspace: 71298K(72128K)->71298K(72128K) NonClass: 56580K(57088K)->56580K(57088K) Class: 14718K(15040K)->14718K(15040K)
[17.097s][info][gc             ] GC(75) Pause Young (Allocation Failure) 311M->38M(989M) 8.317ms
[17.097s][info][gc,cpu         ] GC(75) User=0.00s Sys=0.00s Real=0.00s
[17.199s][info][gc,start       ] GC(76) Pause Young (Allocation Failure)
[17.206s][info][gc,heap        ] GC(76) DefNew: 281054K(314560K)->1387K(314560K) Eden: 279616K(279616K)->0K(279616K) From: 1438K(34944K)->1387K(34944K)
[17.206s][info][gc,heap        ] GC(76) Tenured: 38195K(699072K)->38209K(699072K)
[17.206s][info][gc,metaspace   ] GC(76) Metaspace: 71305K(72128K)->71305K(72128K) NonClass: 56587K(57088K)->56587K(57088K) Class: 14718K(15040K)->14718K(15040K)
[17.206s][info][gc             ] GC(76) Pause Young (Allocation Failure) 311M->38M(989M) 7.052ms
[17.206s][info][gc,cpu         ] GC(76) User=0.00s Sys=0.00s Real=0.00s
[17.313s][info][gc,start       ] GC(77) Pause Young (Allocation Failure)
[17.321s][info][gc,heap        ] GC(77) DefNew: 281003K(314560K)->1334K(314560K) Eden: 279616K(279616K)->0K(279616K) From: 1387K(34944K)->1334K(34944K)
[17.322s][info][gc,heap        ] GC(77) Tenured: 38209K(699072K)->38231K(699072K)
[17.322s][info][gc,metaspace   ] GC(77) Metaspace: 71306K(72128K)->71306K(72128K) NonClass: 56588K(57088K)->56588K(57088K) Class: 14718K(15040K)->14718K(15040K)
[17.322s][info][gc             ] GC(77) Pause Young (Allocation Failure) 311M->38M(989M) 8.655ms
[17.322s][info][gc,cpu         ] GC(77) User=0.00s Sys=0.00s Real=0.00s
[17.433s][info][gc,start       ] GC(78) Pause Young (Allocation Failure)
[17.439s][info][gc,heap        ] GC(78) DefNew: 280950K(314560K)->1242K(314560K) Eden: 279616K(279616K)->0K(279616K) From: 1334K(34944K)->1242K(34944K)
[17.439s][info][gc,heap        ] GC(78) Tenured: 38231K(699072K)->38309K(699072K)
[17.439s][info][gc,metaspace   ] GC(78) Metaspace: 71310K(72128K)->71310K(72128K) NonClass: 56592K(57088K)->56592K(57088K) Class: 14718K(15040K)->14718K(15040K)
[17.439s][info][gc             ] GC(78) Pause Young (Allocation Failure) 311M->38M(989M) 6.239ms
[17.439s][info][gc,cpu         ] GC(78) User=0.00s Sys=0.00s Real=0.00s
[17.559s][info][gc,start       ] GC(79) Pause Young (Allocation Failure)
[17.564s][info][gc,heap        ] GC(79) DefNew: 280858K(314560K)->1190K(314560K) Eden: 279616K(279616K)->0K(279616K) From: 1242K(34944K)->1190K(34944K)
[17.564s][info][gc,heap        ] GC(79) Tenured: 38309K(699072K)->38319K(699072K)
[17.564s][info][gc,metaspace   ] GC(79) Metaspace: 71317K(72128K)->71317K(72128K) NonClass: 56599K(57088K)->56599K(57088K) Class: 14718K(15040K)->14718K(15040K)
[17.564s][info][gc             ] GC(79) Pause Young (Allocation Failure) 311M->38M(989M) 5.019ms
[17.564s][info][gc,cpu         ] GC(79) User=0.00s Sys=0.00s Real=0.00s
[17.706s][info][gc,start       ] GC(80) Pause Young (Allocation Failure)
[17.711s][info][gc,heap        ] GC(80) DefNew: 280806K(314560K)->1159K(314560K) Eden: 279616K(279616K)->0K(279616K) From: 1190K(34944K)->1159K(34944K)
[17.711s][info][gc,heap        ] GC(80) Tenured: 38319K(699072K)->38362K(699072K)
[17.711s][info][gc,metaspace   ] GC(80) Metaspace: 71322K(72128K)->71322K(72128K) NonClass: 56604K(57088K)->56604K(57088K) Class: 14718K(15040K)->14718K(15040K)
[17.711s][info][gc             ] GC(80) Pause Young (Allocation Failure) 311M->38M(989M) 4.696ms
[17.711s][info][gc,cpu         ] GC(80) User=0.00s Sys=0.00s Real=0.00s
[17.863s][info][gc,start       ] GC(81) Pause Young (Allocation Failure)
[17.867s][info][gc,heap        ] GC(81) DefNew: 280775K(314560K)->1114K(314560K) Eden: 279616K(279616K)->0K(279616K) From: 1159K(34944K)->1114K(34944K)
[17.867s][info][gc,heap        ] GC(81) Tenured: 38362K(699072K)->38416K(699072K)
[17.867s][info][gc,metaspace   ] GC(81) Metaspace: 71324K(72128K)->71324K(72128K) NonClass: 56606K(57088K)->56606K(57088K) Class: 14718K(15040K)->14718K(15040K)
[17.867s][info][gc             ] GC(81) Pause Young (Allocation Failure) 311M->38M(989M) 4.462ms
[17.867s][info][gc,cpu         ] GC(81) User=0.02s Sys=0.00s Real=0.02s
[18.035s][info][gc,start       ] GC(82) Pause Young (Allocation Failure)
[18.039s][info][gc,heap        ] GC(82) DefNew: 280730K(314560K)->1068K(314560K) Eden: 279616K(279616K)->0K(279616K) From: 1114K(34944K)->1068K(34944K)
[18.039s][info][gc,heap        ] GC(82) Tenured: 38416K(699072K)->38457K(699072K)
[18.039s][info][gc,metaspace   ] GC(82) Metaspace: 71367K(72256K)->71367K(72256K) NonClass: 56636K(57152K)->56636K(57152K) Class: 14730K(15104K)->14730K(15104K)
[18.039s][info][gc             ] GC(82) Pause Young (Allocation Failure) 311M->38M(989M) 4.421ms
[18.039s][info][gc,cpu         ] GC(82) User=0.00s Sys=0.00s Real=0.00s
[18.217s][info][gc,start       ] GC(83) Pause Young (Allocation Failure)
[18.221s][info][gc,heap        ] GC(83) DefNew: 280684K(314560K)->1063K(314560K) Eden: 279616K(279616K)->0K(279616K) From: 1068K(34944K)->1063K(34944K)
[18.221s][info][gc,heap        ] GC(83) Tenured: 38457K(699072K)->38509K(699072K)
[18.221s][info][gc,metaspace   ] GC(83) Metaspace: 71371K(72256K)->71371K(72256K) NonClass: 56640K(57152K)->56640K(57152K) Class: 14730K(15104K)->14730K(15104K)
[18.221s][info][gc             ] GC(83) Pause Young (Allocation Failure) 311M->38M(989M) 4.264ms
[18.221s][info][gc,cpu         ] GC(83) User=0.00s Sys=0.00s Real=0.00s
[18.399s][info][gc,start       ] GC(84) Pause Young (Allocation Failure)
[18.403s][info][gc,heap        ] GC(84) DefNew: 280679K(314560K)->990K(314560K) Eden: 279615K(279616K)->0K(279616K) From: 1063K(34944K)->990K(34944K)
[18.403s][info][gc,heap        ] GC(84) Tenured: 38509K(699072K)->38571K(699072K)
[18.403s][info][gc,metaspace   ] GC(84) Metaspace: 71371K(72256K)->71371K(72256K) NonClass: 56640K(57152K)->56640K(57152K) Class: 14730K(15104K)->14730K(15104K)
[18.403s][info][gc             ] GC(84) Pause Young (Allocation Failure) 311M->38M(989M) 4.074ms
[18.403s][info][gc,cpu         ] GC(84) User=0.00s Sys=0.00s Real=0.00s
[18.578s][info][gc,start       ] GC(85) Pause Young (Allocation Failure)
[18.582s][info][gc,heap        ] GC(85) DefNew: 280606K(314560K)->933K(314560K) Eden: 279616K(279616K)->0K(279616K) From: 990K(34944K)->933K(34944K)
[18.582s][info][gc,heap        ] GC(85) Tenured: 38571K(699072K)->38640K(699072K)
[18.582s][info][gc,metaspace   ] GC(85) Metaspace: 71371K(72256K)->71371K(72256K) NonClass: 56640K(57152K)->56640K(57152K) Class: 14730K(15104K)->14730K(15104K)
[18.582s][info][gc             ] GC(85) Pause Young (Allocation Failure) 311M->38M(989M) 3.932ms
[18.582s][info][gc,cpu         ] GC(85) User=0.00s Sys=0.00s Real=0.00s
[18.756s][info][gc,start       ] GC(86) Pause Young (Allocation Failure)
[18.760s][info][gc,heap        ] GC(86) DefNew: 280549K(314560K)->847K(314560K) Eden: 279616K(279616K)->0K(279616K) From: 933K(34944K)->847K(34944K)
[18.760s][info][gc,heap        ] GC(86) Tenured: 38640K(699072K)->38715K(699072K)
[18.760s][info][gc,metaspace   ] GC(86) Metaspace: 71371K(72256K)->71371K(72256K) NonClass: 56640K(57152K)->56640K(57152K) Class: 14730K(15104K)->14730K(15104K)
[18.760s][info][gc             ] GC(86) Pause Young (Allocation Failure) 311M->38M(989M) 3.856ms
[18.760s][info][gc,cpu         ] GC(86) User=0.02s Sys=0.00s Real=0.00s
[18.952s][info][gc,start       ] GC(87) Pause Young (Allocation Failure)
[18.957s][info][gc,heap        ] GC(87) DefNew: 280463K(314560K)->747K(314560K) Eden: 279616K(279616K)->0K(279616K) From: 847K(34944K)->747K(34944K)
[18.957s][info][gc,heap        ] GC(87) Tenured: 38715K(699072K)->38807K(699072K)
[18.957s][info][gc,metaspace   ] GC(87) Metaspace: 71382K(72256K)->71382K(72256K) NonClass: 56651K(57152K)->56651K(57152K) Class: 14730K(15104K)->14730K(15104K)
[18.957s][info][gc             ] GC(87) Pause Young (Allocation Failure) 311M->38M(989M) 4.970ms
[18.957s][info][gc,cpu         ] GC(87) User=0.00s Sys=0.00s Real=0.00s
[19.013s][info][gc,start       ] GC(88) Pause Full (System.gc())
[19.014s][info][gc,phases,start] GC(88) Phase 1: Mark live objects
[19.081s][info][gc,phases      ] GC(88) Phase 1: Mark live objects 67.222ms
[19.081s][info][gc,phases,start] GC(88) Phase 2: Compute new object addresses
[19.095s][info][gc,phases      ] GC(88) Phase 2: Compute new object addresses 13.764ms
[19.095s][info][gc,phases,start] GC(88) Phase 3: Adjust pointers
[19.123s][info][gc,phases      ] GC(88) Phase 3: Adjust pointers 28.357ms
[19.123s][info][gc,phases,start] GC(88) Phase 4: Move objects
[19.132s][info][gc,phases      ] GC(88) Phase 4: Move objects 9.361ms
[19.134s][info][gc,heap        ] GC(88) DefNew: 21936K(314560K)->0K(314560K) Eden: 21189K(279616K)->0K(279616K) From: 747K(34944K)->0K(34944K)
[19.134s][info][gc,heap        ] GC(88) Tenured: 38807K(699072K)->34630K(699072K)
[19.134s][info][gc,metaspace   ] GC(88) Metaspace: 71421K(72320K)->70869K(72320K) NonClass: 56685K(57216K)->56298K(57216K) Class: 14736K(15104K)->14571K(15104K)
[19.134s][info][gc             ] GC(88) Pause Full (System.gc()) 59M->33M(989M) 120.788ms
[19.134s][info][gc,cpu         ] GC(88) User=0.11s Sys=0.00s Real=0.11s
[19.378s][info][gc,start       ] GC(89) Pause Young (Allocation Failure)
[19.395s][info][gc,heap        ] GC(89) DefNew: 279616K(314560K)->3639K(314560K) Eden: 279616K(279616K)->0K(279616K) From: 0K(34944K)->3639K(34944K)
[19.395s][info][gc,heap        ] GC(89) Tenured: 34630K(699072K)->34630K(699072K)
[19.395s][info][gc,metaspace   ] GC(89) Metaspace: 70966K(72320K)->70966K(72320K) NonClass: 56386K(57216K)->56386K(57216K) Class: 14579K(15104K)->14579K(15104K)
[19.395s][info][gc             ] GC(89) Pause Young (Allocation Failure) 306M->37M(989M) 17.855ms
[19.396s][info][gc,cpu         ] GC(89) User=0.05s Sys=0.00s Real=0.02s
[19.528s][info][gc,start       ] GC(90) Pause Young (Allocation Failure)
[19.542s][info][gc,heap        ] GC(90) DefNew: 283255K(314560K)->3583K(314560K) Eden: 279616K(279616K)->0K(279616K) From: 3639K(34944K)->3583K(34944K)
[19.542s][info][gc,heap        ] GC(90) Tenured: 34630K(699072K)->34630K(699072K)
[19.542s][info][gc,metaspace   ] GC(90) Metaspace: 70966K(72320K)->70966K(72320K) NonClass: 56386K(57216K)->56386K(57216K) Class: 14579K(15104K)->14579K(15104K)
[19.542s][info][gc             ] GC(90) Pause Young (Allocation Failure) 310M->37M(989M) 13.752ms
[19.542s][info][gc,cpu         ] GC(90) User=0.00s Sys=0.00s Real=0.00s
[19.663s][info][gc,start       ] GC(91) Pause Young (Allocation Failure)
[19.676s][info][gc,heap        ] GC(91) DefNew: 283199K(314560K)->3584K(314560K) Eden: 279616K(279616K)->0K(279616K) From: 3583K(34944K)->3584K(34944K)
[19.676s][info][gc,heap        ] GC(91) Tenured: 34630K(699072K)->34630K(699072K)
[19.676s][info][gc,metaspace   ] GC(91) Metaspace: 70966K(72320K)->70966K(72320K) NonClass: 56386K(57216K)->56386K(57216K) Class: 14579K(15104K)->14579K(15104K)
[19.676s][info][gc             ] GC(91) Pause Young (Allocation Failure) 310M->37M(989M) 13.514ms
[19.676s][info][gc,cpu         ] GC(91) User=0.06s Sys=0.00s Real=0.01s
[19.791s][info][gc,start       ] GC(92) Pause Young (Allocation Failure)
[19.805s][info][gc,heap        ] GC(92) DefNew: 283200K(314560K)->3546K(314560K) Eden: 279616K(279616K)->0K(279616K) From: 3584K(34944K)->3546K(34944K)
[19.805s][info][gc,heap        ] GC(92) Tenured: 34630K(699072K)->34630K(699072K)
[19.805s][info][gc,metaspace   ] GC(92) Metaspace: 70966K(72320K)->70966K(72320K) NonClass: 56386K(57216K)->56386K(57216K) Class: 14579K(15104K)->14579K(15104K)
[19.805s][info][gc             ] GC(92) Pause Young (Allocation Failure) 310M->37M(989M) 13.695ms
[19.805s][info][gc,cpu         ] GC(92) User=0.00s Sys=0.00s Real=0.00s
[19.919s][info][gc,start       ] GC(93) Pause Young (Allocation Failure)
[19.933s][info][gc,heap        ] GC(93) DefNew: 283162K(314560K)->3641K(314560K) Eden: 279616K(279616K)->0K(279616K) From: 3546K(34944K)->3641K(34944K)
[19.933s][info][gc,heap        ] GC(93) Tenured: 34630K(699072K)->34630K(699072K)
[19.933s][info][gc,metaspace   ] GC(93) Metaspace: 70966K(72320K)->70966K(72320K) NonClass: 56386K(57216K)->56386K(57216K) Class: 14579K(15104K)->14579K(15104K)
[19.933s][info][gc             ] GC(93) Pause Young (Allocation Failure) 310M->37M(989M) 14.214ms
[19.933s][info][gc,cpu         ] GC(93) User=0.03s Sys=0.02s Real=0.01s
[20.034s][info][gc,start       ] GC(94) Pause Young (Allocation Failure)
[20.047s][info][gc,heap        ] GC(94) DefNew: 283257K(314560K)->3659K(314560K) Eden: 279616K(279616K)->0K(279616K) From: 3641K(34944K)->3659K(34944K)
[20.047s][info][gc,heap        ] GC(94) Tenured: 34630K(699072K)->34630K(699072K)
[20.047s][info][gc,metaspace   ] GC(94) Metaspace: 70966K(72320K)->70966K(72320K) NonClass: 56386K(57216K)->56386K(57216K) Class: 14579K(15104K)->14579K(15104K)
[20.047s][info][gc             ] GC(94) Pause Young (Allocation Failure) 310M->37M(989M) 12.763ms
[20.047s][info][gc,cpu         ] GC(94) User=0.00s Sys=0.00s Real=0.00s
[20.140s][info][gc,start       ] GC(95) Pause Young (Allocation Failure)
[20.153s][info][gc,heap        ] GC(95) DefNew: 283275K(314560K)->3653K(314560K) Eden: 279616K(279616K)->0K(279616K) From: 3659K(34944K)->3653K(34944K)
[20.153s][info][gc,heap        ] GC(95) Tenured: 34630K(699072K)->34630K(699072K)
[20.153s][info][gc,metaspace   ] GC(95) Metaspace: 70966K(72320K)->70966K(72320K) NonClass: 56386K(57216K)->56386K(57216K) Class: 14579K(15104K)->14579K(15104K)
[20.153s][info][gc             ] GC(95) Pause Young (Allocation Failure) 310M->37M(989M) 13.184ms
[20.153s][info][gc,cpu         ] GC(95) User=0.00s Sys=0.00s Real=0.00s
[20.243s][info][gc,start       ] GC(96) Pause Young (Allocation Failure)
[20.256s][info][gc,heap        ] GC(96) DefNew: 283269K(314560K)->3594K(314560K) Eden: 279616K(279616K)->0K(279616K) From: 3653K(34944K)->3594K(34944K)
[20.256s][info][gc,heap        ] GC(96) Tenured: 34630K(699072K)->34630K(699072K)
[20.256s][info][gc,metaspace   ] GC(96) Metaspace: 70966K(72320K)->70966K(72320K) NonClass: 56386K(57216K)->56386K(57216K) Class: 14579K(15104K)->14579K(15104K)
[20.256s][info][gc             ] GC(96) Pause Young (Allocation Failure) 310M->37M(989M) 12.975ms
[20.256s][info][gc,cpu         ] GC(96) User=0.00s Sys=0.00s Real=0.01s
[20.347s][info][gc,start       ] GC(97) Pause Young (Allocation Failure)
[20.361s][info][gc,heap        ] GC(97) DefNew: 283210K(314560K)->3617K(314560K) Eden: 279616K(279616K)->0K(279616K) From: 3594K(34944K)->3617K(34944K)
[20.361s][info][gc,heap        ] GC(97) Tenured: 34630K(699072K)->34630K(699072K)
[20.361s][info][gc,metaspace   ] GC(97) Metaspace: 70966K(72320K)->70966K(72320K) NonClass: 56386K(57216K)->56386K(57216K) Class: 14579K(15104K)->14579K(15104K)
[20.361s][info][gc             ] GC(97) Pause Young (Allocation Failure) 310M->37M(989M) 13.511ms
[20.361s][info][gc,cpu         ] GC(97) User=0.00s Sys=0.00s Real=0.00s
[20.448s][info][gc,start       ] GC(98) Pause Young (Allocation Failure)
[20.463s][info][gc,heap        ] GC(98) DefNew: 283233K(314560K)->3737K(314560K) Eden: 279616K(279616K)->0K(279616K) From: 3617K(34944K)->3737K(34944K)
[20.463s][info][gc,heap        ] GC(98) Tenured: 34630K(699072K)->34630K(699072K)
[20.463s][info][gc,metaspace   ] GC(98) Metaspace: 70966K(72320K)->70966K(72320K) NonClass: 56386K(57216K)->56386K(57216K) Class: 14579K(15104K)->14579K(15104K)
[20.463s][info][gc             ] GC(98) Pause Young (Allocation Failure) 310M->37M(989M) 14.845ms
[20.463s][info][gc,cpu         ] GC(98) User=0.00s Sys=0.00s Real=0.00s
[20.542s][info][gc,start       ] GC(99) Pause Young (Allocation Failure)
[20.555s][info][gc,heap        ] GC(99) DefNew: 283353K(314560K)->3695K(314560K) Eden: 279616K(279616K)->0K(279616K) From: 3737K(34944K)->3695K(34944K)
[20.555s][info][gc,heap        ] GC(99) Tenured: 34630K(699072K)->34630K(699072K)
[20.555s][info][gc,metaspace   ] GC(99) Metaspace: 70966K(72320K)->70966K(72320K) NonClass: 56386K(57216K)->56386K(57216K) Class: 14579K(15104K)->14579K(15104K)
[20.555s][info][gc             ] GC(99) Pause Young (Allocation Failure) 310M->37M(989M) 12.664ms
[20.555s][info][gc,cpu         ] GC(99) User=0.00s Sys=0.00s Real=0.00s
[20.635s][info][gc,start       ] GC(100) Pause Young (Allocation Failure)
[20.648s][info][gc,heap        ] GC(100) DefNew: 283311K(314560K)->3698K(314560K) Eden: 279616K(279616K)->0K(279616K) From: 3695K(34944K)->3698K(34944K)
[20.648s][info][gc,heap        ] GC(100) Tenured: 34630K(699072K)->34630K(699072K)
[20.648s][info][gc,metaspace   ] GC(100) Metaspace: 70966K(72320K)->70966K(72320K) NonClass: 56386K(57216K)->56386K(57216K) Class: 14579K(15104K)->14579K(15104K)
[20.648s][info][gc             ] GC(100) Pause Young (Allocation Failure) 310M->37M(989M) 13.306ms
[20.648s][info][gc,cpu         ] GC(100) User=0.02s Sys=0.00s Real=0.02s
[20.739s][info][gc,start       ] GC(101) Pause Young (Allocation Failure)
[20.751s][info][gc,heap        ] GC(101) DefNew: 283314K(314560K)->3644K(314560K) Eden: 279615K(279616K)->0K(279616K) From: 3698K(34944K)->3644K(34944K)
[20.751s][info][gc,heap        ] GC(101) Tenured: 34630K(699072K)->34630K(699072K)
[20.751s][info][gc,metaspace   ] GC(101) Metaspace: 70966K(72320K)->70966K(72320K) NonClass: 56386K(57216K)->56386K(57216K) Class: 14579K(15104K)->14579K(15104K)
[20.751s][info][gc             ] GC(101) Pause Young (Allocation Failure) 310M->37M(989M) 12.441ms
[20.751s][info][gc,cpu         ] GC(101) User=0.00s Sys=0.00s Real=0.00s
[20.824s][info][gc,start       ] GC(102) Pause Young (Allocation Failure)
[20.837s][info][gc,heap        ] GC(102) DefNew: 283260K(314560K)->3722K(314560K) Eden: 279616K(279616K)->0K(279616K) From: 3644K(34944K)->3722K(34944K)
[20.837s][info][gc,heap        ] GC(102) Tenured: 34630K(699072K)->34630K(699072K)
[20.837s][info][gc,metaspace   ] GC(102) Metaspace: 70966K(72320K)->70966K(72320K) NonClass: 56386K(57216K)->56386K(57216K) Class: 14579K(15104K)->14579K(15104K)
[20.837s][info][gc             ] GC(102) Pause Young (Allocation Failure) 310M->37M(989M) 12.826ms
[20.837s][info][gc,cpu         ] GC(102) User=0.02s Sys=0.00s Real=0.01s
[20.909s][info][gc,start       ] GC(103) Pause Young (Allocation Failure)
[20.922s][info][gc,heap        ] GC(103) DefNew: 283338K(314560K)->3728K(314560K) Eden: 279616K(279616K)->0K(279616K) From: 3722K(34944K)->3728K(34944K)
[20.922s][info][gc,heap        ] GC(103) Tenured: 34630K(699072K)->34630K(699072K)
[20.922s][info][gc,metaspace   ] GC(103) Metaspace: 70966K(72320K)->70966K(72320K) NonClass: 56386K(57216K)->56386K(57216K) Class: 14579K(15104K)->14579K(15104K)
[20.922s][info][gc             ] GC(103) Pause Young (Allocation Failure) 310M->37M(989M) 12.806ms
[20.922s][info][gc,cpu         ] GC(103) User=0.00s Sys=0.00s Real=0.00s
[20.995s][info][gc,start       ] GC(104) Pause Young (Allocation Failure)
[21.010s][info][gc,heap        ] GC(104) DefNew: 283344K(314560K)->1468K(314560K) Eden: 279616K(279616K)->0K(279616K) From: 3728K(34944K)->1468K(34944K)
[21.010s][info][gc,heap        ] GC(104) Tenured: 34630K(699072K)->36912K(699072K)
[21.010s][info][gc,metaspace   ] GC(104) Metaspace: 70966K(72320K)->70966K(72320K) NonClass: 56386K(57216K)->56386K(57216K) Class: 14579K(15104K)->14579K(15104K)
[21.010s][info][gc             ] GC(104) Pause Young (Allocation Failure) 310M->37M(989M) 14.937ms
[21.010s][info][gc,cpu         ] GC(104) User=0.00s Sys=0.00s Real=0.00s
[21.083s][info][gc,start       ] GC(105) Pause Young (Allocation Failure)
[21.092s][info][gc,heap        ] GC(105) DefNew: 281084K(314560K)->1465K(314560K) Eden: 279616K(279616K)->0K(279616K) From: 1468K(34944K)->1465K(34944K)
[21.092s][info][gc,heap        ] GC(105) Tenured: 36912K(699072K)->36914K(699072K)
[21.092s][info][gc,metaspace   ] GC(105) Metaspace: 70966K(72320K)->70966K(72320K) NonClass: 56386K(57216K)->56386K(57216K) Class: 14579K(15104K)->14579K(15104K)
[21.092s][info][gc             ] GC(105) Pause Young (Allocation Failure) 310M->37M(989M) 9.290ms
[21.092s][info][gc,cpu         ] GC(105) User=0.02s Sys=0.00s Real=0.01s
[21.164s][info][gc,start       ] GC(106) Pause Young (Allocation Failure)
[21.172s][info][gc,heap        ] GC(106) DefNew: 281081K(314560K)->1435K(314560K) Eden: 279616K(279616K)->0K(279616K) From: 1465K(34944K)->1435K(34944K)
[21.172s][info][gc,heap        ] GC(106) Tenured: 36914K(699072K)->36917K(699072K)
[21.172s][info][gc,metaspace   ] GC(106) Metaspace: 70966K(72320K)->70966K(72320K) NonClass: 56386K(57216K)->56386K(57216K) Class: 14579K(15104K)->14579K(15104K)
[21.172s][info][gc             ] GC(106) Pause Young (Allocation Failure) 310M->37M(989M) 8.591ms
[21.172s][info][gc,cpu         ] GC(106) User=0.00s Sys=0.00s Real=0.01s
[21.243s][info][gc,start       ] GC(107) Pause Young (Allocation Failure)
[21.253s][info][gc,heap        ] GC(107) DefNew: 281051K(314560K)->1435K(314560K) Eden: 279616K(279616K)->0K(279616K) From: 1435K(34944K)->1435K(34944K)
[21.253s][info][gc,heap        ] GC(107) Tenured: 36917K(699072K)->36918K(699072K)
[21.253s][info][gc,metaspace   ] GC(107) Metaspace: 70966K(72320K)->70966K(72320K) NonClass: 56386K(57216K)->56386K(57216K) Class: 14579K(15104K)->14579K(15104K)
[21.253s][info][gc             ] GC(107) Pause Young (Allocation Failure) 310M->37M(989M) 9.298ms
[21.253s][info][gc,cpu         ] GC(107) User=0.00s Sys=0.00s Real=0.00s
[21.324s][info][gc,start       ] GC(108) Pause Young (Allocation Failure)
[21.333s][info][gc,heap        ] GC(108) DefNew: 281051K(314560K)->1417K(314560K) Eden: 279616K(279616K)->0K(279616K) From: 1435K(34944K)->1417K(34944K)
[21.333s][info][gc,heap        ] GC(108) Tenured: 36918K(699072K)->36936K(699072K)
[21.333s][info][gc,metaspace   ] GC(108) Metaspace: 70966K(72320K)->70966K(72320K) NonClass: 56386K(57216K)->56386K(57216K) Class: 14579K(15104K)->14579K(15104K)
[21.333s][info][gc             ] GC(108) Pause Young (Allocation Failure) 310M->37M(989M) 8.804ms
[21.333s][info][gc,cpu         ] GC(108) User=0.00s Sys=0.00s Real=0.00s
[21.404s][info][gc,start       ] GC(109) Pause Young (Allocation Failure)
[21.414s][info][gc,heap        ] GC(109) DefNew: 281033K(314560K)->1423K(314560K) Eden: 279616K(279616K)->0K(279616K) From: 1417K(34944K)->1423K(34944K)
[21.414s][info][gc,heap        ] GC(109) Tenured: 36936K(699072K)->36936K(699072K)
[21.414s][info][gc,metaspace   ] GC(109) Metaspace: 70966K(72320K)->70966K(72320K) NonClass: 56386K(57216K)->56386K(57216K) Class: 14579K(15104K)->14579K(15104K)
[21.414s][info][gc             ] GC(109) Pause Young (Allocation Failure) 310M->37M(989M) 9.360ms
[21.414s][info][gc,cpu         ] GC(109) User=0.02s Sys=0.00s Real=0.01s
[21.485s][info][gc,start       ] GC(110) Pause Young (Allocation Failure)
[21.494s][info][gc,heap        ] GC(110) DefNew: 281039K(314560K)->1387K(314560K) Eden: 279616K(279616K)->0K(279616K) From: 1423K(34944K)->1387K(34944K)
[21.494s][info][gc,heap        ] GC(110) Tenured: 36936K(699072K)->36937K(699072K)
[21.494s][info][gc,metaspace   ] GC(110) Metaspace: 70966K(72320K)->70966K(72320K) NonClass: 56386K(57216K)->56386K(57216K) Class: 14579K(15104K)->14579K(15104K)
[21.494s][info][gc             ] GC(110) Pause Young (Allocation Failure) 310M->37M(989M) 8.618ms
[21.494s][info][gc,cpu         ] GC(110) User=0.00s Sys=0.00s Real=0.00s
[21.565s][info][gc,start       ] GC(111) Pause Young (Allocation Failure)
[21.573s][info][gc,heap        ] GC(111) DefNew: 281003K(314560K)->1392K(314560K) Eden: 279616K(279616K)->0K(279616K) From: 1387K(34944K)->1392K(34944K)
[21.573s][info][gc,heap        ] GC(111) Tenured: 36937K(699072K)->36938K(699072K)
[21.573s][info][gc,metaspace   ] GC(111) Metaspace: 70966K(72320K)->70966K(72320K) NonClass: 56386K(57216K)->56386K(57216K) Class: 14579K(15104K)->14579K(15104K)
[21.573s][info][gc             ] GC(111) Pause Young (Allocation Failure) 310M->37M(989M) 8.358ms
[21.573s][info][gc,cpu         ] GC(111) User=0.00s Sys=0.00s Real=0.00s
[21.645s][info][gc,start       ] GC(112) Pause Young (Allocation Failure)
[21.653s][info][gc,heap        ] GC(112) DefNew: 281008K(314560K)->1398K(314560K) Eden: 279616K(279616K)->0K(279616K) From: 1392K(34944K)->1398K(34944K)
[21.653s][info][gc,heap        ] GC(112) Tenured: 36938K(699072K)->36938K(699072K)
[21.653s][info][gc,metaspace   ] GC(112) Metaspace: 70966K(72320K)->70966K(72320K) NonClass: 56386K(57216K)->56386K(57216K) Class: 14579K(15104K)->14579K(15104K)
[21.653s][info][gc             ] GC(112) Pause Young (Allocation Failure) 310M->37M(989M) 8.244ms
[21.653s][info][gc,cpu         ] GC(112) User=0.00s Sys=0.00s Real=0.00s
[21.725s][info][gc,start       ] GC(113) Pause Young (Allocation Failure)
[21.733s][info][gc,heap        ] GC(113) DefNew: 281014K(314560K)->1370K(314560K) Eden: 279616K(279616K)->0K(279616K) From: 1398K(34944K)->1370K(34944K)
[21.733s][info][gc,heap        ] GC(113) Tenured: 36938K(699072K)->36938K(699072K)
[21.733s][info][gc,metaspace   ] GC(113) Metaspace: 70966K(72320K)->70966K(72320K) NonClass: 56386K(57216K)->56386K(57216K) Class: 14579K(15104K)->14579K(15104K)
[21.733s][info][gc             ] GC(113) Pause Young (Allocation Failure) 310M->37M(989M) 8.258ms
[21.733s][info][gc,cpu         ] GC(113) User=0.00s Sys=0.00s Real=0.00s
[21.805s][info][gc,start       ] GC(114) Pause Young (Allocation Failure)
[21.813s][info][gc,heap        ] GC(114) DefNew: 280986K(314560K)->1374K(314560K) Eden: 279616K(279616K)->0K(279616K) From: 1370K(34944K)->1374K(34944K)
[21.813s][info][gc,heap        ] GC(114) Tenured: 36938K(699072K)->36938K(699072K)
[21.813s][info][gc,metaspace   ] GC(114) Metaspace: 70966K(72320K)->70966K(72320K) NonClass: 56386K(57216K)->56386K(57216K) Class: 14579K(15104K)->14579K(15104K)
[21.813s][info][gc             ] GC(114) Pause Young (Allocation Failure) 310M->37M(989M) 8.362ms
[21.813s][info][gc,cpu         ] GC(114) User=0.00s Sys=0.00s Real=0.00s
[21.885s][info][gc,start       ] GC(115) Pause Young (Allocation Failure)
[21.893s][info][gc,heap        ] GC(115) DefNew: 280990K(314560K)->1405K(314560K) Eden: 279616K(279616K)->0K(279616K) From: 1374K(34944K)->1405K(34944K)
[21.893s][info][gc,heap        ] GC(115) Tenured: 36938K(699072K)->36938K(699072K)
[21.893s][info][gc,metaspace   ] GC(115) Metaspace: 70966K(72320K)->70966K(72320K) NonClass: 56386K(57216K)->56386K(57216K) Class: 14579K(15104K)->14579K(15104K)
[21.893s][info][gc             ] GC(115) Pause Young (Allocation Failure) 310M->37M(989M) 8.476ms
[21.893s][info][gc,cpu         ] GC(115) User=0.00s Sys=0.00s Real=0.01s
[21.965s][info][gc,start       ] GC(116) Pause Young (Allocation Failure)
[21.973s][info][gc,heap        ] GC(116) DefNew: 281021K(314560K)->1434K(314560K) Eden: 279616K(279616K)->0K(279616K) From: 1405K(34944K)->1434K(34944K)
[21.973s][info][gc,heap        ] GC(116) Tenured: 36938K(699072K)->36938K(699072K)
[21.973s][info][gc,metaspace   ] GC(116) Metaspace: 70966K(72320K)->70966K(72320K) NonClass: 56386K(57216K)->56386K(57216K) Class: 14579K(15104K)->14579K(15104K)
[21.973s][info][gc             ] GC(116) Pause Young (Allocation Failure) 310M->37M(989M) 8.410ms
[21.973s][info][gc,cpu         ] GC(116) User=0.00s Sys=0.00s Real=0.00s
[22.044s][info][gc,start       ] GC(117) Pause Young (Allocation Failure)
[22.053s][info][gc,heap        ] GC(117) DefNew: 281050K(314560K)->1464K(314560K) Eden: 279616K(279616K)->0K(279616K) From: 1434K(34944K)->1464K(34944K)
[22.053s][info][gc,heap        ] GC(117) Tenured: 36938K(699072K)->36938K(699072K)
[22.053s][info][gc,metaspace   ] GC(117) Metaspace: 70966K(72320K)->70966K(72320K) NonClass: 56386K(57216K)->56386K(57216K) Class: 14579K(15104K)->14579K(15104K)
[22.053s][info][gc             ] GC(117) Pause Young (Allocation Failure) 310M->37M(989M) 8.328ms
[22.053s][info][gc,cpu         ] GC(117) User=0.00s Sys=0.00s Real=0.00s
[22.124s][info][gc,start       ] GC(118) Pause Young (Allocation Failure)
[22.132s][info][gc,heap        ] GC(118) DefNew: 281080K(314560K)->1361K(314560K) Eden: 279616K(279616K)->0K(279616K) From: 1464K(34944K)->1361K(34944K)
[22.132s][info][gc,heap        ] GC(118) Tenured: 36938K(699072K)->36954K(699072K)
[22.132s][info][gc,metaspace   ] GC(118) Metaspace: 70966K(72320K)->70966K(72320K) NonClass: 56386K(57216K)->56386K(57216K) Class: 14579K(15104K)->14579K(15104K)
[22.132s][info][gc             ] GC(118) Pause Young (Allocation Failure) 310M->37M(989M) 8.269ms
[22.132s][info][gc,cpu         ] GC(118) User=0.00s Sys=0.00s Real=0.00s
[22.203s][info][gc,start       ] GC(119) Pause Young (Allocation Failure)
[22.212s][info][gc,heap        ] GC(119) DefNew: 280977K(314560K)->1441K(314560K) Eden: 279616K(279616K)->0K(279616K) From: 1361K(34944K)->1441K(34944K)
[22.212s][info][gc,heap        ] GC(119) Tenured: 36954K(699072K)->36954K(699072K)
[22.212s][info][gc,metaspace   ] GC(119) Metaspace: 70966K(72320K)->70966K(72320K) NonClass: 56386K(57216K)->56386K(57216K) Class: 14579K(15104K)->14579K(15104K)
[22.212s][info][gc             ] GC(119) Pause Young (Allocation Failure) 310M->37M(989M) 8.415ms
[22.212s][info][gc,cpu         ] GC(119) User=0.00s Sys=0.00s Real=0.00s
[22.283s][info][gc,start       ] GC(120) Pause Young (Allocation Failure)
[22.292s][info][gc,heap        ] GC(120) DefNew: 281057K(314560K)->1475K(314560K) Eden: 279616K(279616K)->0K(279616K) From: 1441K(34944K)->1475K(34944K)
[22.292s][info][gc,heap        ] GC(120) Tenured: 36954K(699072K)->36954K(699072K)
[22.292s][info][gc,metaspace   ] GC(120) Metaspace: 70966K(72320K)->70966K(72320K) NonClass: 56386K(57216K)->56386K(57216K) Class: 14579K(15104K)->14579K(15104K)
[22.292s][info][gc             ] GC(120) Pause Young (Allocation Failure) 310M->37M(989M) 8.612ms
[22.292s][info][gc,cpu         ] GC(120) User=0.00s Sys=0.00s Real=0.00s
[22.363s][info][gc,start       ] GC(121) Pause Young (Allocation Failure)
[22.372s][info][gc,heap        ] GC(121) DefNew: 281091K(314560K)->1444K(314560K) Eden: 279616K(279616K)->0K(279616K) From: 1475K(34944K)->1444K(34944K)
[22.372s][info][gc,heap        ] GC(121) Tenured: 36954K(699072K)->36954K(699072K)
[22.372s][info][gc,metaspace   ] GC(121) Metaspace: 70966K(72320K)->70966K(72320K) NonClass: 56386K(57216K)->56386K(57216K) Class: 14579K(15104K)->14579K(15104K)
[22.372s][info][gc             ] GC(121) Pause Young (Allocation Failure) 310M->37M(989M) 8.521ms
[22.372s][info][gc,cpu         ] GC(121) User=0.00s Sys=0.00s Real=0.00s
[22.443s][info][gc,start       ] GC(122) Pause Young (Allocation Failure)
[22.451s][info][gc,heap        ] GC(122) DefNew: 281060K(314560K)->1408K(314560K) Eden: 279616K(279616K)->0K(279616K) From: 1444K(34944K)->1408K(34944K)
[22.451s][info][gc,heap        ] GC(122) Tenured: 36954K(699072K)->36954K(699072K)
[22.451s][info][gc,metaspace   ] GC(122) Metaspace: 70966K(72320K)->70966K(72320K) NonClass: 56386K(57216K)->56386K(57216K) Class: 14579K(15104K)->14579K(15104K)
[22.451s][info][gc             ] GC(122) Pause Young (Allocation Failure) 310M->37M(989M) 8.244ms
[22.451s][info][gc,cpu         ] GC(122) User=0.00s Sys=0.00s Real=0.00s
[22.522s][info][gc,start       ] GC(123) Pause Young (Allocation Failure)
[22.531s][info][gc,heap        ] GC(123) DefNew: 281024K(314560K)->1368K(314560K) Eden: 279616K(279616K)->0K(279616K) From: 1408K(34944K)->1368K(34944K)
[22.531s][info][gc,heap        ] GC(123) Tenured: 36954K(699072K)->36954K(699072K)
[22.531s][info][gc,metaspace   ] GC(123) Metaspace: 70966K(72320K)->70966K(72320K) NonClass: 56386K(57216K)->56386K(57216K) Class: 14579K(15104K)->14579K(15104K)
[22.531s][info][gc             ] GC(123) Pause Young (Allocation Failure) 310M->37M(989M) 8.269ms
[22.531s][info][gc,cpu         ] GC(123) User=0.00s Sys=0.00s Real=0.00s
[22.602s][info][gc,start       ] GC(124) Pause Young (Allocation Failure)
[22.610s][info][gc,heap        ] GC(124) DefNew: 280984K(314560K)->1416K(314560K) Eden: 279616K(279616K)->0K(279616K) From: 1368K(34944K)->1416K(34944K)
[22.610s][info][gc,heap        ] GC(124) Tenured: 36954K(699072K)->36954K(699072K)
[22.610s][info][gc,metaspace   ] GC(124) Metaspace: 70966K(72320K)->70966K(72320K) NonClass: 56386K(57216K)->56386K(57216K) Class: 14579K(15104K)->14579K(15104K)
[22.610s][info][gc             ] GC(124) Pause Young (Allocation Failure) 310M->37M(989M) 8.400ms
[22.610s][info][gc,cpu         ] GC(124) User=0.00s Sys=0.00s Real=0.00s
[22.681s][info][gc,start       ] GC(125) Pause Young (Allocation Failure)
[22.689s][info][gc,heap        ] GC(125) DefNew: 281032K(314560K)->1422K(314560K) Eden: 279616K(279616K)->0K(279616K) From: 1416K(34944K)->1422K(34944K)
[22.689s][info][gc,heap        ] GC(125) Tenured: 36954K(699072K)->36954K(699072K)
[22.689s][info][gc,metaspace   ] GC(125) Metaspace: 70966K(72320K)->70966K(72320K) NonClass: 56386K(57216K)->56386K(57216K) Class: 14579K(15104K)->14579K(15104K)
[22.690s][info][gc             ] GC(125) Pause Young (Allocation Failure) 310M->37M(989M) 8.382ms
[22.690s][info][gc,cpu         ] GC(125) User=0.00s Sys=0.00s Real=0.00s
[22.761s][info][gc,start       ] GC(126) Pause Young (Allocation Failure)
[22.770s][info][gc,heap        ] GC(126) DefNew: 281038K(314560K)->1421K(314560K) Eden: 279616K(279616K)->0K(279616K) From: 1422K(34944K)->1421K(34944K)
[22.770s][info][gc,heap        ] GC(126) Tenured: 36954K(699072K)->36954K(699072K)
[22.770s][info][gc,metaspace   ] GC(126) Metaspace: 70966K(72320K)->70966K(72320K) NonClass: 56386K(57216K)->56386K(57216K) Class: 14579K(15104K)->14579K(15104K)
[22.770s][info][gc             ] GC(126) Pause Young (Allocation Failure) 310M->37M(989M) 9.234ms
[22.771s][info][gc,cpu         ] GC(126) User=0.00s Sys=0.00s Real=0.00s
[22.842s][info][gc,start       ] GC(127) Pause Young (Allocation Failure)
[22.851s][info][gc,heap        ] GC(127) DefNew: 281037K(314560K)->1440K(314560K) Eden: 279616K(279616K)->0K(279616K) From: 1421K(34944K)->1440K(34944K)
[22.851s][info][gc,heap        ] GC(127) Tenured: 36954K(699072K)->36954K(699072K)
[22.851s][info][gc,metaspace   ] GC(127) Metaspace: 70966K(72320K)->70966K(72320K) NonClass: 56386K(57216K)->56386K(57216K) Class: 14579K(15104K)->14579K(15104K)
[22.851s][info][gc             ] GC(127) Pause Young (Allocation Failure) 310M->37M(989M) 9.028ms
[22.851s][info][gc,cpu         ] GC(127) User=0.00s Sys=0.00s Real=0.00s
[22.934s][info][gc,start       ] GC(128) Pause Young (Allocation Failure)
[22.943s][info][gc,heap        ] GC(128) DefNew: 281056K(314560K)->1386K(314560K) Eden: 279616K(279616K)->0K(279616K) From: 1440K(34944K)->1386K(34944K)
[22.943s][info][gc,heap        ] GC(128) Tenured: 36954K(699072K)->36954K(699072K)
[22.943s][info][gc,metaspace   ] GC(128) Metaspace: 70966K(72320K)->70966K(72320K) NonClass: 56386K(57216K)->56386K(57216K) Class: 14579K(15104K)->14579K(15104K)
[22.943s][info][gc             ] GC(128) Pause Young (Allocation Failure) 310M->37M(989M) 9.227ms
[22.943s][info][gc,cpu         ] GC(128) User=0.00s Sys=0.00s Real=0.00s
[23.015s][info][gc,start       ] GC(129) Pause Young (Allocation Failure)
[23.023s][info][gc,heap        ] GC(129) DefNew: 281002K(314560K)->1411K(314560K) Eden: 279616K(279616K)->0K(279616K) From: 1386K(34944K)->1411K(34944K)
[23.023s][info][gc,heap        ] GC(129) Tenured: 36954K(699072K)->36954K(699072K)
[23.023s][info][gc,metaspace   ] GC(129) Metaspace: 70966K(72320K)->70966K(72320K) NonClass: 56386K(57216K)->56386K(57216K) Class: 14579K(15104K)->14579K(15104K)
[23.023s][info][gc             ] GC(129) Pause Young (Allocation Failure) 310M->37M(989M) 8.893ms
[23.024s][info][gc,cpu         ] GC(129) User=0.02s Sys=0.00s Real=0.01s
[23.095s][info][gc,start       ] GC(130) Pause Young (Allocation Failure)
[23.103s][info][gc,heap        ] GC(130) DefNew: 281027K(314560K)->1415K(314560K) Eden: 279616K(279616K)->0K(279616K) From: 1411K(34944K)->1415K(34944K)
[23.103s][info][gc,heap        ] GC(130) Tenured: 36954K(699072K)->36972K(699072K)
[23.103s][info][gc,metaspace   ] GC(130) Metaspace: 70966K(72320K)->70966K(72320K) NonClass: 56386K(57216K)->56386K(57216K) Class: 14579K(15104K)->14579K(15104K)
[23.103s][info][gc             ] GC(130) Pause Young (Allocation Failure) 310M->37M(989M) 8.375ms
[23.103s][info][gc,cpu         ] GC(130) User=0.00s Sys=0.00s Real=0.00s
[23.175s][info][gc,start       ] GC(131) Pause Young (Allocation Failure)
[23.183s][info][gc,heap        ] GC(131) DefNew: 281031K(314560K)->1408K(314560K) Eden: 279616K(279616K)->0K(279616K) From: 1415K(34944K)->1408K(34944K)
[23.183s][info][gc,heap        ] GC(131) Tenured: 36972K(699072K)->36974K(699072K)
[23.183s][info][gc,metaspace   ] GC(131) Metaspace: 70966K(72320K)->70966K(72320K) NonClass: 56386K(57216K)->56386K(57216K) Class: 14579K(15104K)->14579K(15104K)
[23.183s][info][gc             ] GC(131) Pause Young (Allocation Failure) 310M->37M(989M) 8.524ms
[23.183s][info][gc,cpu         ] GC(131) User=0.02s Sys=0.00s Real=0.01s
[23.254s][info][gc,start       ] GC(132) Pause Young (Allocation Failure)
[23.262s][info][gc,heap        ] GC(132) DefNew: 281024K(314560K)->1442K(314560K) Eden: 279616K(279616K)->0K(279616K) From: 1408K(34944K)->1442K(34944K)
[23.262s][info][gc,heap        ] GC(132) Tenured: 36974K(699072K)->36974K(699072K)
[23.262s][info][gc,metaspace   ] GC(132) Metaspace: 70966K(72320K)->70966K(72320K) NonClass: 56386K(57216K)->56386K(57216K) Class: 14579K(15104K)->14579K(15104K)
[23.262s][info][gc             ] GC(132) Pause Young (Allocation Failure) 310M->37M(989M) 8.578ms
[23.263s][info][gc,cpu         ] GC(132) User=0.00s Sys=0.00s Real=0.00s
[23.334s][info][gc,start       ] GC(133) Pause Young (Allocation Failure)
[23.342s][info][gc,heap        ] GC(133) DefNew: 281058K(314560K)->1412K(314560K) Eden: 279616K(279616K)->0K(279616K) From: 1442K(34944K)->1412K(34944K)
[23.342s][info][gc,heap        ] GC(133) Tenured: 36974K(699072K)->36974K(699072K)
[23.342s][info][gc,metaspace   ] GC(133) Metaspace: 70966K(72320K)->70966K(72320K) NonClass: 56386K(57216K)->56386K(57216K) Class: 14579K(15104K)->14579K(15104K)
[23.342s][info][gc             ] GC(133) Pause Young (Allocation Failure) 310M->37M(989M) 8.289ms
[23.342s][info][gc,cpu         ] GC(133) User=0.00s Sys=0.00s Real=0.00s
[23.413s][info][gc,start       ] GC(134) Pause Young (Allocation Failure)
[23.422s][info][gc,heap        ] GC(134) DefNew: 281028K(314560K)->1460K(314560K) Eden: 279616K(279616K)->0K(279616K) From: 1412K(34944K)->1460K(34944K)
[23.422s][info][gc,heap        ] GC(134) Tenured: 36974K(699072K)->36974K(699072K)
[23.422s][info][gc,metaspace   ] GC(134) Metaspace: 70966K(72320K)->70966K(72320K) NonClass: 56386K(57216K)->56386K(57216K) Class: 14579K(15104K)->14579K(15104K)
[23.422s][info][gc             ] GC(134) Pause Young (Allocation Failure) 310M->37M(989M) 8.551ms
[23.422s][info][gc,cpu         ] GC(134) User=0.00s Sys=0.00s Real=0.00s
[23.494s][info][gc,start       ] GC(135) Pause Young (Allocation Failure)
[23.502s][info][gc,heap        ] GC(135) DefNew: 281076K(314560K)->1367K(314560K) Eden: 279616K(279616K)->0K(279616K) From: 1460K(34944K)->1367K(34944K)
[23.502s][info][gc,heap        ] GC(135) Tenured: 36974K(699072K)->36974K(699072K)
[23.502s][info][gc,metaspace   ] GC(135) Metaspace: 70966K(72320K)->70966K(72320K) NonClass: 56386K(57216K)->56386K(57216K) Class: 14579K(15104K)->14579K(15104K)
[23.502s][info][gc             ] GC(135) Pause Young (Allocation Failure) 310M->37M(989M) 8.136ms
[23.502s][info][gc,cpu         ] GC(135) User=0.00s Sys=0.00s Real=0.00s
[23.572s][info][gc,start       ] GC(136) Pause Young (Allocation Failure)
[23.581s][info][gc,heap        ] GC(136) DefNew: 280983K(314560K)->1384K(314560K) Eden: 279616K(279616K)->0K(279616K) From: 1367K(34944K)->1384K(34944K)
[23.581s][info][gc,heap        ] GC(136) Tenured: 36974K(699072K)->36975K(699072K)
[23.581s][info][gc,metaspace   ] GC(136) Metaspace: 70966K(72320K)->70966K(72320K) NonClass: 56386K(57216K)->56386K(57216K) Class: 14579K(15104K)->14579K(15104K)
[23.581s][info][gc             ] GC(136) Pause Young (Allocation Failure) 310M->37M(989M) 8.315ms
[23.581s][info][gc,cpu         ] GC(136) User=0.00s Sys=0.00s Real=0.00s
[23.652s][info][gc,start       ] GC(137) Pause Young (Allocation Failure)
[23.660s][info][gc,heap        ] GC(137) DefNew: 281000K(314560K)->1368K(314560K) Eden: 279616K(279616K)->0K(279616K) From: 1384K(34944K)->1368K(34944K)
[23.660s][info][gc,heap        ] GC(137) Tenured: 36975K(699072K)->36975K(699072K)
[23.660s][info][gc,metaspace   ] GC(137) Metaspace: 70966K(72320K)->70966K(72320K) NonClass: 56386K(57216K)->56386K(57216K) Class: 14579K(15104K)->14579K(15104K)
[23.660s][info][gc             ] GC(137) Pause Young (Allocation Failure) 310M->37M(989M) 8.143ms
[23.660s][info][gc,cpu         ] GC(137) User=0.00s Sys=0.00s Real=0.00s
[23.731s][info][gc,start       ] GC(138) Pause Young (Allocation Failure)
[23.739s][info][gc,heap        ] GC(138) DefNew: 280984K(314560K)->1417K(314560K) Eden: 279616K(279616K)->0K(279616K) From: 1368K(34944K)->1417K(34944K)
[23.739s][info][gc,heap        ] GC(138) Tenured: 36975K(699072K)->36975K(699072K)
[23.739s][info][gc,metaspace   ] GC(138) Metaspace: 70966K(72320K)->70966K(72320K) NonClass: 56386K(57216K)->56386K(57216K) Class: 14579K(15104K)->14579K(15104K)
[23.739s][info][gc             ] GC(138) Pause Young (Allocation Failure) 310M->37M(989M) 8.332ms
[23.740s][info][gc,cpu         ] GC(138) User=0.00s Sys=0.00s Real=0.00s
[23.811s][info][gc,start       ] GC(139) Pause Young (Allocation Failure)
[23.820s][info][gc,heap        ] GC(139) DefNew: 281033K(314560K)->1447K(314560K) Eden: 279616K(279616K)->0K(279616K) From: 1417K(34944K)->1447K(34944K)
[23.820s][info][gc,heap        ] GC(139) Tenured: 36975K(699072K)->36975K(699072K)
[23.820s][info][gc,metaspace   ] GC(139) Metaspace: 70966K(72320K)->70966K(72320K) NonClass: 56386K(57216K)->56386K(57216K) Class: 14579K(15104K)->14579K(15104K)
[23.820s][info][gc             ] GC(139) Pause Young (Allocation Failure) 310M->37M(989M) 8.650ms
[23.820s][info][gc,cpu         ] GC(139) User=0.00s Sys=0.00s Real=0.00s
[23.891s][info][gc,start       ] GC(140) Pause Young (Allocation Failure)
[23.900s][info][gc,heap        ] GC(140) DefNew: 281063K(314560K)->1466K(314560K) Eden: 279616K(279616K)->0K(279616K) From: 1447K(34944K)->1466K(34944K)
[23.900s][info][gc,heap        ] GC(140) Tenured: 36975K(699072K)->36975K(699072K)
[23.900s][info][gc,metaspace   ] GC(140) Metaspace: 70966K(72320K)->70966K(72320K) NonClass: 56386K(57216K)->56386K(57216K) Class: 14579K(15104K)->14579K(15104K)
[23.900s][info][gc             ] GC(140) Pause Young (Allocation Failure) 310M->37M(989M) 8.689ms
[23.900s][info][gc,cpu         ] GC(140) User=0.00s Sys=0.00s Real=0.00s
[23.972s][info][gc,start       ] GC(141) Pause Young (Allocation Failure)
[23.980s][info][gc,heap        ] GC(141) DefNew: 281082K(314560K)->1445K(314560K) Eden: 279615K(279616K)->0K(279616K) From: 1466K(34944K)->1445K(34944K)
[23.980s][info][gc,heap        ] GC(141) Tenured: 36975K(699072K)->36975K(699072K)
[23.980s][info][gc,metaspace   ] GC(141) Metaspace: 70966K(72320K)->70966K(72320K) NonClass: 56386K(57216K)->56386K(57216K) Class: 14579K(15104K)->14579K(15104K)
[23.980s][info][gc             ] GC(141) Pause Young (Allocation Failure) 310M->37M(989M) 8.421ms
[23.980s][info][gc,cpu         ] GC(141) User=0.00s Sys=0.00s Real=0.00s
[24.053s][info][gc,start       ] GC(142) Pause Young (Allocation Failure)
[24.061s][info][gc,heap        ] GC(142) DefNew: 281061K(314560K)->1433K(314560K) Eden: 279616K(279616K)->0K(279616K) From: 1445K(34944K)->1433K(34944K)
[24.061s][info][gc,heap        ] GC(142) Tenured: 36975K(699072K)->36992K(699072K)
[24.061s][info][gc,metaspace   ] GC(142) Metaspace: 70985K(72320K)->70985K(72320K) NonClass: 56405K(57216K)->56405K(57216K) Class: 14579K(15104K)->14579K(15104K)
[24.061s][info][gc             ] GC(142) Pause Young (Allocation Failure) 310M->37M(989M) 8.556ms
[24.061s][info][gc,cpu         ] GC(142) User=0.00s Sys=0.00s Real=0.00s
[24.133s][info][gc,start       ] GC(143) Pause Young (Allocation Failure)
[24.141s][info][gc,heap        ] GC(143) DefNew: 281049K(314560K)->1450K(314560K) Eden: 279616K(279616K)->0K(279616K) From: 1433K(34944K)->1450K(34944K)
[24.141s][info][gc,heap        ] GC(143) Tenured: 36992K(699072K)->36992K(699072K)
[24.141s][info][gc,metaspace   ] GC(143) Metaspace: 70985K(72320K)->70985K(72320K) NonClass: 56405K(57216K)->56405K(57216K) Class: 14579K(15104K)->14579K(15104K)
[24.141s][info][gc             ] GC(143) Pause Young (Allocation Failure) 310M->37M(989M) 8.433ms
[24.141s][info][gc,cpu         ] GC(143) User=0.00s Sys=0.00s Real=0.00s
[24.213s][info][gc,start       ] GC(144) Pause Young (Allocation Failure)
[24.222s][info][gc,heap        ] GC(144) DefNew: 281066K(314560K)->1498K(314560K) Eden: 279616K(279616K)->0K(279616K) From: 1450K(34944K)->1498K(34944K)
[24.222s][info][gc,heap        ] GC(144) Tenured: 36992K(699072K)->36992K(699072K)
[24.222s][info][gc,metaspace   ] GC(144) Metaspace: 70986K(72320K)->70986K(72320K) NonClass: 56407K(57216K)->56407K(57216K) Class: 14579K(15104K)->14579K(15104K)
[24.222s][info][gc             ] GC(144) Pause Young (Allocation Failure) 310M->37M(989M) 8.919ms
[24.222s][info][gc,cpu         ] GC(144) User=0.00s Sys=0.00s Real=0.01s
[24.294s][info][gc,start       ] GC(145) Pause Young (Allocation Failure)
[24.302s][info][gc,heap        ] GC(145) DefNew: 281114K(314560K)->1442K(314560K) Eden: 279616K(279616K)->0K(279616K) From: 1498K(34944K)->1442K(34944K)
[24.302s][info][gc,heap        ] GC(145) Tenured: 36992K(699072K)->36992K(699072K)
[24.302s][info][gc,metaspace   ] GC(145) Metaspace: 70991K(72320K)->70991K(72320K) NonClass: 56411K(57216K)->56411K(57216K) Class: 14579K(15104K)->14579K(15104K)
[24.302s][info][gc             ] GC(145) Pause Young (Allocation Failure) 310M->37M(989M) 8.574ms
[24.302s][info][gc,cpu         ] GC(145) User=0.00s Sys=0.00s Real=0.00s
[24.374s][info][gc,start       ] GC(146) Pause Young (Allocation Failure)
[24.382s][info][gc,heap        ] GC(146) DefNew: 281058K(314560K)->1391K(314560K) Eden: 279616K(279616K)->0K(279616K) From: 1442K(34944K)->1391K(34944K)
[24.382s][info][gc,heap        ] GC(146) Tenured: 36992K(699072K)->37000K(699072K)
[24.382s][info][gc,metaspace   ] GC(146) Metaspace: 70991K(72320K)->70991K(72320K) NonClass: 56411K(57216K)->56411K(57216K) Class: 14579K(15104K)->14579K(15104K)
[24.382s][info][gc             ] GC(146) Pause Young (Allocation Failure) 310M->37M(989M) 8.356ms
[24.382s][info][gc,cpu         ] GC(146) User=0.00s Sys=0.00s Real=0.00s
[24.453s][info][gc,start       ] GC(147) Pause Young (Allocation Failure)
[24.463s][info][gc,heap        ] GC(147) DefNew: 281007K(314560K)->1424K(314560K) Eden: 279616K(279616K)->0K(279616K) From: 1391K(34944K)->1424K(34944K)
[24.463s][info][gc,heap        ] GC(147) Tenured: 37000K(699072K)->37000K(699072K)
[24.463s][info][gc,metaspace   ] GC(147) Metaspace: 70991K(72320K)->70991K(72320K) NonClass: 56411K(57216K)->56411K(57216K) Class: 14579K(15104K)->14579K(15104K)
[24.463s][info][gc             ] GC(147) Pause Young (Allocation Failure) 310M->37M(989M) 9.469ms
[24.463s][info][gc,cpu         ] GC(147) User=0.00s Sys=0.00s Real=0.00s
[24.535s][info][gc,start       ] GC(148) Pause Young (Allocation Failure)
[24.544s][info][gc,heap        ] GC(148) DefNew: 281040K(314560K)->1520K(314560K) Eden: 279616K(279616K)->0K(279616K) From: 1424K(34944K)->1520K(34944K)
[24.544s][info][gc,heap        ] GC(148) Tenured: 37000K(699072K)->37000K(699072K)
[24.544s][info][gc,metaspace   ] GC(148) Metaspace: 70997K(72320K)->70997K(72320K) NonClass: 56417K(57216K)->56417K(57216K) Class: 14579K(15104K)->14579K(15104K)
[24.544s][info][gc             ] GC(148) Pause Young (Allocation Failure) 310M->37M(989M) 9.319ms
[24.544s][info][gc,cpu         ] GC(148) User=0.00s Sys=0.00s Real=0.00s
[24.616s][info][gc,start       ] GC(149) Pause Young (Allocation Failure)
[24.625s][info][gc,heap        ] GC(149) DefNew: 281136K(314560K)->1441K(314560K) Eden: 279616K(279616K)->0K(279616K) From: 1520K(34944K)->1441K(34944K)
[24.625s][info][gc,heap        ] GC(149) Tenured: 37000K(699072K)->37000K(699072K)
[24.625s][info][gc,metaspace   ] GC(149) Metaspace: 70997K(72320K)->70997K(72320K) NonClass: 56417K(57216K)->56417K(57216K) Class: 14579K(15104K)->14579K(15104K)
[24.626s][info][gc             ] GC(149) Pause Young (Allocation Failure) 310M->37M(989M) 9.311ms
[24.626s][info][gc,cpu         ] GC(149) User=0.00s Sys=0.00s Real=0.00s
[24.697s][info][gc,start       ] GC(150) Pause Young (Allocation Failure)
[24.706s][info][gc,heap        ] GC(150) DefNew: 281057K(314560K)->1456K(314560K) Eden: 279616K(279616K)->0K(279616K) From: 1441K(34944K)->1456K(34944K)
[24.706s][info][gc,heap        ] GC(150) Tenured: 37000K(699072K)->37000K(699072K)
[24.706s][info][gc,metaspace   ] GC(150) Metaspace: 70999K(72320K)->70999K(72320K) NonClass: 56419K(57216K)->56419K(57216K) Class: 14579K(15104K)->14579K(15104K)
[24.706s][info][gc             ] GC(150) Pause Young (Allocation Failure) 310M->37M(989M) 9.012ms
[24.706s][info][gc,cpu         ] GC(150) User=0.00s Sys=0.00s Real=0.00s
[24.778s][info][gc,start       ] GC(151) Pause Young (Allocation Failure)
[24.786s][info][gc,heap        ] GC(151) DefNew: 281072K(314560K)->1466K(314560K) Eden: 279616K(279616K)->0K(279616K) From: 1456K(34944K)->1466K(34944K)
[24.787s][info][gc,heap        ] GC(151) Tenured: 37000K(699072K)->37000K(699072K)
[24.787s][info][gc,metaspace   ] GC(151) Metaspace: 70999K(72320K)->70999K(72320K) NonClass: 56419K(57216K)->56419K(57216K) Class: 14579K(15104K)->14579K(15104K)
[24.787s][info][gc             ] GC(151) Pause Young (Allocation Failure) 310M->37M(989M) 8.323ms
[24.787s][info][gc,cpu         ] GC(151) User=0.00s Sys=0.00s Real=0.00s
[24.859s][info][gc,start       ] GC(152) Pause Young (Allocation Failure)
[24.867s][info][gc,heap        ] GC(152) DefNew: 281082K(314560K)->1419K(314560K) Eden: 279616K(279616K)->0K(279616K) From: 1466K(34944K)->1419K(34944K)
[24.867s][info][gc,heap        ] GC(152) Tenured: 37000K(699072K)->37000K(699072K)
[24.867s][info][gc,metaspace   ] GC(152) Metaspace: 71002K(72320K)->71002K(72320K) NonClass: 56422K(57216K)->56422K(57216K) Class: 14579K(15104K)->14579K(15104K)
[24.867s][info][gc             ] GC(152) Pause Young (Allocation Failure) 310M->37M(989M) 8.439ms
[24.867s][info][gc,cpu         ] GC(152) User=0.00s Sys=0.00s Real=0.00s
[24.940s][info][gc,start       ] GC(153) Pause Young (Allocation Failure)
[24.948s][info][gc,heap        ] GC(153) DefNew: 281035K(314560K)->1459K(314560K) Eden: 279616K(279616K)->0K(279616K) From: 1419K(34944K)->1459K(34944K)
[24.948s][info][gc,heap        ] GC(153) Tenured: 37000K(699072K)->37001K(699072K)
[24.948s][info][gc,metaspace   ] GC(153) Metaspace: 71004K(72320K)->71004K(72320K) NonClass: 56424K(57216K)->56424K(57216K) Class: 14579K(15104K)->14579K(15104K)
[24.948s][info][gc             ] GC(153) Pause Young (Allocation Failure) 310M->37M(989M) 8.462ms
[24.948s][info][gc,cpu         ] GC(153) User=0.00s Sys=0.00s Real=0.00s
[25.021s][info][gc,start       ] GC(154) Pause Young (Allocation Failure)
[25.029s][info][gc,heap        ] GC(154) DefNew: 281075K(314560K)->1537K(314560K) Eden: 279616K(279616K)->0K(279616K) From: 1459K(34944K)->1537K(34944K)
[25.029s][info][gc,heap        ] GC(154) Tenured: 37001K(699072K)->37001K(699072K)
[25.029s][info][gc,metaspace   ] GC(154) Metaspace: 71005K(72320K)->71005K(72320K) NonClass: 56425K(57216K)->56425K(57216K) Class: 14579K(15104K)->14579K(15104K)
[25.029s][info][gc             ] GC(154) Pause Young (Allocation Failure) 310M->37M(989M) 8.497ms
[25.029s][info][gc,cpu         ] GC(154) User=0.00s Sys=0.00s Real=0.00s
[25.103s][info][gc,start       ] GC(155) Pause Young (Allocation Failure)
[25.111s][info][gc,heap        ] GC(155) DefNew: 281153K(314560K)->1453K(314560K) Eden: 279616K(279616K)->0K(279616K) From: 1537K(34944K)->1453K(34944K)
[25.111s][info][gc,heap        ] GC(155) Tenured: 37001K(699072K)->37017K(699072K)
[25.111s][info][gc,metaspace   ] GC(155) Metaspace: 71006K(72320K)->71006K(72320K) NonClass: 56426K(57216K)->56426K(57216K) Class: 14579K(15104K)->14579K(15104K)
[25.111s][info][gc             ] GC(155) Pause Young (Allocation Failure) 310M->37M(989M) 8.105ms
[25.111s][info][gc,cpu         ] GC(155) User=0.00s Sys=0.00s Real=0.00s
[25.184s][info][gc,start       ] GC(156) Pause Young (Allocation Failure)
[25.193s][info][gc,heap        ] GC(156) DefNew: 281069K(314560K)->1459K(314560K) Eden: 279616K(279616K)->0K(279616K) From: 1453K(34944K)->1459K(34944K)
[25.193s][info][gc,heap        ] GC(156) Tenured: 37017K(699072K)->37017K(699072K)
[25.193s][info][gc,metaspace   ] GC(156) Metaspace: 71007K(72320K)->71007K(72320K) NonClass: 56428K(57216K)->56428K(57216K) Class: 14579K(15104K)->14579K(15104K)
[25.193s][info][gc             ] GC(156) Pause Young (Allocation Failure) 310M->37M(989M) 8.938ms
[25.193s][info][gc,cpu         ] GC(156) User=0.00s Sys=0.00s Real=0.00s
[25.268s][info][gc,start       ] GC(157) Pause Young (Allocation Failure)
[25.276s][info][gc,heap        ] GC(157) DefNew: 281075K(314560K)->1433K(314560K) Eden: 279616K(279616K)->0K(279616K) From: 1459K(34944K)->1433K(34944K)
[25.276s][info][gc,heap        ] GC(157) Tenured: 37017K(699072K)->37039K(699072K)
[25.276s][info][gc,metaspace   ] GC(157) Metaspace: 71011K(72320K)->71011K(72320K) NonClass: 56431K(57216K)->56431K(57216K) Class: 14579K(15104K)->14579K(15104K)
[25.276s][info][gc             ] GC(157) Pause Young (Allocation Failure) 310M->37M(989M) 8.498ms
[25.277s][info][gc,cpu         ] GC(157) User=0.00s Sys=0.00s Real=0.00s
[25.354s][info][gc,start       ] GC(158) Pause Young (Allocation Failure)
[25.361s][info][gc,heap        ] GC(158) DefNew: 281049K(314560K)->1353K(314560K) Eden: 279616K(279616K)->0K(279616K) From: 1433K(34944K)->1353K(34944K)
[25.361s][info][gc,heap        ] GC(158) Tenured: 37039K(699072K)->37040K(699072K)
[25.361s][info][gc,metaspace   ] GC(158) Metaspace: 71019K(72320K)->71019K(72320K) NonClass: 56439K(57216K)->56439K(57216K) Class: 14579K(15104K)->14579K(15104K)
[25.361s][info][gc             ] GC(158) Pause Young (Allocation Failure) 310M->37M(989M) 7.160ms
[25.361s][info][gc,cpu         ] GC(158) User=0.00s Sys=0.00s Real=0.00s
[25.442s][info][gc,start       ] GC(159) Pause Young (Allocation Failure)
[25.449s][info][gc,heap        ] GC(159) DefNew: 280969K(314560K)->1456K(314560K) Eden: 279616K(279616K)->0K(279616K) From: 1353K(34944K)->1456K(34944K)
[25.449s][info][gc,heap        ] GC(159) Tenured: 37040K(699072K)->37043K(699072K)
[25.449s][info][gc,metaspace   ] GC(159) Metaspace: 71021K(72320K)->71021K(72320K) NonClass: 56441K(57216K)->56441K(57216K) Class: 14579K(15104K)->14579K(15104K)
[25.449s][info][gc             ] GC(159) Pause Young (Allocation Failure) 310M->37M(989M) 7.231ms
[25.449s][info][gc,cpu         ] GC(159) User=0.02s Sys=0.00s Real=0.02s
[25.540s][info][gc,start       ] GC(160) Pause Young (Allocation Failure)
[25.546s][info][gc,heap        ] GC(160) DefNew: 281072K(314560K)->1399K(314560K) Eden: 279616K(279616K)->0K(279616K) From: 1456K(34944K)->1399K(34944K)
[25.546s][info][gc,heap        ] GC(160) Tenured: 37043K(699072K)->37057K(699072K)
[25.546s][info][gc,metaspace   ] GC(160) Metaspace: 71022K(72320K)->71022K(72320K) NonClass: 56442K(57216K)->56442K(57216K) Class: 14579K(15104K)->14579K(15104K)
[25.546s][info][gc             ] GC(160) Pause Young (Allocation Failure) 310M->37M(989M) 6.784ms
[25.546s][info][gc,cpu         ] GC(160) User=0.02s Sys=0.00s Real=0.02s
[25.648s][info][gc,start       ] GC(161) Pause Young (Allocation Failure)
[25.654s][info][gc,heap        ] GC(161) DefNew: 281015K(314560K)->1385K(314560K) Eden: 279616K(279616K)->0K(279616K) From: 1399K(34944K)->1385K(34944K)
[25.654s][info][gc,heap        ] GC(161) Tenured: 37057K(699072K)->37057K(699072K)
[25.654s][info][gc,metaspace   ] GC(161) Metaspace: 71024K(72320K)->71024K(72320K) NonClass: 56444K(57216K)->56444K(57216K) Class: 14579K(15104K)->14579K(15104K)
[25.654s][info][gc             ] GC(161) Pause Young (Allocation Failure) 310M->37M(989M) 6.033ms
[25.654s][info][gc,cpu         ] GC(161) User=0.00s Sys=0.00s Real=0.00s
[25.766s][info][gc,start       ] GC(162) Pause Young (Allocation Failure)
[25.772s][info][gc,heap        ] GC(162) DefNew: 281001K(314560K)->1370K(314560K) Eden: 279616K(279616K)->0K(279616K) From: 1385K(34944K)->1370K(34944K)
[25.772s][info][gc,heap        ] GC(162) Tenured: 37057K(699072K)->37058K(699072K)
[25.772s][info][gc,metaspace   ] GC(162) Metaspace: 71026K(72384K)->71026K(72384K) NonClass: 56446K(57280K)->56446K(57280K) Class: 14579K(15104K)->14579K(15104K)
[25.772s][info][gc             ] GC(162) Pause Young (Allocation Failure) 310M->37M(989M) 5.554ms
[25.772s][info][gc,cpu         ] GC(162) User=0.00s Sys=0.00s Real=0.00s
[25.888s][info][gc,start       ] GC(163) Pause Young (Allocation Failure)
[25.893s][info][gc,heap        ] GC(163) DefNew: 280986K(314560K)->1313K(314560K) Eden: 279616K(279616K)->0K(279616K) From: 1370K(34944K)->1313K(34944K)
[25.893s][info][gc,heap        ] GC(163) Tenured: 37058K(699072K)->37113K(699072K)
[25.893s][info][gc,metaspace   ] GC(163) Metaspace: 71026K(72384K)->71026K(72384K) NonClass: 56446K(57280K)->56446K(57280K) Class: 14579K(15104K)->14579K(15104K)
[25.893s][info][gc             ] GC(163) Pause Young (Allocation Failure) 310M->37M(989M) 5.326ms
[25.893s][info][gc,cpu         ] GC(163) User=0.00s Sys=0.00s Real=0.00s
[26.010s][info][gc,start       ] GC(164) Pause Young (Allocation Failure)
[26.015s][info][gc,heap        ] GC(164) DefNew: 280929K(314560K)->1303K(314560K) Eden: 279616K(279616K)->0K(279616K) From: 1313K(34944K)->1303K(34944K)
[26.015s][info][gc,heap        ] GC(164) Tenured: 37113K(699072K)->37113K(699072K)
[26.015s][info][gc,metaspace   ] GC(164) Metaspace: 71026K(72384K)->71026K(72384K) NonClass: 56446K(57280K)->56446K(57280K) Class: 14579K(15104K)->14579K(15104K)
[26.015s][info][gc             ] GC(164) Pause Young (Allocation Failure) 310M->37M(989M) 5.171ms
[26.015s][info][gc,cpu         ] GC(164) User=0.00s Sys=0.00s Real=0.00s
[26.136s][info][gc,start       ] GC(165) Pause Young (Allocation Failure)
[26.141s][info][gc,heap        ] GC(165) DefNew: 280919K(314560K)->1273K(314560K) Eden: 279616K(279616K)->0K(279616K) From: 1303K(34944K)->1273K(34944K)
[26.141s][info][gc,heap        ] GC(165) Tenured: 37113K(699072K)->37139K(699072K)
[26.141s][info][gc,metaspace   ] GC(165) Metaspace: 71030K(72384K)->71030K(72384K) NonClass: 56450K(57280K)->56450K(57280K) Class: 14579K(15104K)->14579K(15104K)
[26.141s][info][gc             ] GC(165) Pause Young (Allocation Failure) 310M->37M(989M) 5.097ms
[26.141s][info][gc,cpu         ] GC(165) User=0.00s Sys=0.00s Real=0.00s
[26.289s][info][gc,start       ] GC(166) Pause Young (Allocation Failure)
[26.293s][info][gc,heap        ] GC(166) DefNew: 280889K(314560K)->1237K(314560K) Eden: 279616K(279616K)->0K(279616K) From: 1273K(34944K)->1237K(34944K)
[26.293s][info][gc,heap        ] GC(166) Tenured: 37139K(699072K)->37140K(699072K)
[26.293s][info][gc,metaspace   ] GC(166) Metaspace: 71031K(72384K)->71031K(72384K) NonClass: 56451K(57280K)->56451K(57280K) Class: 14579K(15104K)->14579K(15104K)
[26.293s][info][gc             ] GC(166) Pause Young (Allocation Failure) 310M->37M(989M) 4.571ms
[26.294s][info][gc,cpu         ] GC(166) User=0.00s Sys=0.00s Real=0.00s
[26.476s][info][gc,start       ] GC(167) Pause Young (Allocation Failure)
[26.480s][info][gc,heap        ] GC(167) DefNew: 280853K(314560K)->1178K(314560K) Eden: 279616K(279616K)->0K(279616K) From: 1237K(34944K)->1178K(34944K)
[26.480s][info][gc,heap        ] GC(167) Tenured: 37140K(699072K)->37189K(699072K)
[26.480s][info][gc,metaspace   ] GC(167) Metaspace: 71031K(72384K)->71031K(72384K) NonClass: 56451K(57280K)->56451K(57280K) Class: 14579K(15104K)->14579K(15104K)
[26.480s][info][gc             ] GC(167) Pause Young (Allocation Failure) 310M->37M(989M) 4.033ms
[26.480s][info][gc,cpu         ] GC(167) User=0.00s Sys=0.00s Real=0.00s
[26.774s][info][gc,start       ] GC(168) Pause Young (Allocation Failure)
[26.778s][info][gc,heap        ] GC(168) DefNew: 280794K(314560K)->1120K(314560K) Eden: 279616K(279616K)->0K(279616K) From: 1178K(34944K)->1120K(34944K)
[26.778s][info][gc,heap        ] GC(168) Tenured: 37189K(699072K)->37240K(699072K)
[26.778s][info][gc,metaspace   ] GC(168) Metaspace: 71031K(72384K)->71031K(72384K) NonClass: 56451K(57280K)->56451K(57280K) Class: 14579K(15104K)->14579K(15104K)
[26.778s][info][gc             ] GC(168) Pause Young (Allocation Failure) 310M->37M(989M) 3.782ms
[26.778s][info][gc,cpu         ] GC(168) User=0.02s Sys=0.00s Real=0.01s
[27.063s][info][gc,start       ] GC(169) Pause Young (Allocation Failure)
[27.070s][info][gc,heap        ] GC(169) DefNew: 280736K(314560K)->1067K(314560K) Eden: 279616K(279616K)->0K(279616K) From: 1120K(34944K)->1067K(34944K)
[27.071s][info][gc,heap        ] GC(169) Tenured: 37240K(699072K)->37293K(699072K)
[27.071s][info][gc,metaspace   ] GC(169) Metaspace: 71031K(72384K)->71031K(72384K) NonClass: 56451K(57280K)->56451K(57280K) Class: 14579K(15104K)->14579K(15104K)
[27.071s][info][gc             ] GC(169) Pause Young (Allocation Failure) 310M->37M(989M) 7.784ms
[27.071s][info][gc,cpu         ] GC(169) User=0.02s Sys=0.00s Real=0.02s
[27.369s][info][gc,start       ] GC(170) Pause Young (Allocation Failure)
[27.374s][info][gc,heap        ] GC(170) DefNew: 280683K(314560K)->1060K(314560K) Eden: 279616K(279616K)->0K(279616K) From: 1067K(34944K)->1060K(34944K)
[27.374s][info][gc,heap        ] GC(170) Tenured: 37293K(699072K)->37319K(699072K)
[27.374s][info][gc,metaspace   ] GC(170) Metaspace: 71031K(72384K)->71031K(72384K) NonClass: 56451K(57280K)->56451K(57280K) Class: 14579K(15104K)->14579K(15104K)
[27.374s][info][gc             ] GC(170) Pause Young (Allocation Failure) 310M->37M(989M) 4.455ms
[27.374s][info][gc,cpu         ] GC(170) User=0.00s Sys=0.00s Real=0.00s
[27.667s][info][gc,start       ] GC(171) Pause Young (Allocation Failure)
[27.670s][info][gc,heap        ] GC(171) DefNew: 280676K(314560K)->998K(314560K) Eden: 279616K(279616K)->0K(279616K) From: 1060K(34944K)->998K(34944K)
[27.670s][info][gc,heap        ] GC(171) Tenured: 37319K(699072K)->37376K(699072K)
[27.670s][info][gc,metaspace   ] GC(171) Metaspace: 71031K(72384K)->71031K(72384K) NonClass: 56451K(57280K)->56451K(57280K) Class: 14579K(15104K)->14579K(15104K)
[27.670s][info][gc             ] GC(171) Pause Young (Allocation Failure) 310M->37M(989M) 3.728ms
[27.670s][info][gc,cpu         ] GC(171) User=0.00s Sys=0.00s Real=0.00s
[28.021s][info][gc,start       ] GC(172) Pause Full (System.gc())
[28.021s][info][gc,phases,start] GC(172) Phase 1: Mark live objects
[28.090s][info][gc,phases      ] GC(172) Phase 1: Mark live objects 69.191ms
[28.090s][info][gc,phases,start] GC(172) Phase 2: Compute new object addresses
[28.167s][info][gc,phases      ] GC(172) Phase 2: Compute new object addresses 77.119ms
[28.174s][info][gc,phases,start] GC(172) Phase 3: Adjust pointers
[28.210s][info][gc,phases      ] GC(172) Phase 3: Adjust pointers 36.317ms
[28.210s][info][gc,phases,start] GC(172) Phase 4: Move objects
[28.211s][info][gc,phases      ] GC(172) Phase 4: Move objects 0.928ms
[28.212s][info][gc,heap        ] GC(172) DefNew: 216485K(314560K)->0K(314560K) Eden: 215486K(279616K)->0K(279616K) From: 998K(34944K)->0K(34944K)
[28.212s][info][gc,heap        ] GC(172) Tenured: 37376K(699072K)->38507K(699072K)
[28.212s][info][gc,metaspace   ] GC(172) Metaspace: 71050K(72384K)->71037K(72384K) NonClass: 56471K(57280K)->56461K(57280K) Class: 14579K(15104K)->14575K(15104K)
[28.212s][info][gc             ] GC(172) Pause Full (System.gc()) 247M->37M(989M) 191.381ms
[28.212s][info][gc,cpu         ] GC(172) User=0.19s Sys=0.00s Real=0.19s
[28.329s][info][gc,start       ] GC(173) Pause Young (Allocation Failure)
[28.343s][info][gc,heap        ] GC(173) DefNew: 279616K(314560K)->3392K(314560K) Eden: 279616K(279616K)->0K(279616K) From: 0K(34944K)->3392K(34944K)
[28.343s][info][gc,heap        ] GC(173) Tenured: 38507K(699072K)->38507K(699072K)
[28.343s][info][gc,metaspace   ] GC(173) Metaspace: 71175K(72384K)->71175K(72384K) NonClass: 56598K(57280K)->56598K(57280K) Class: 14576K(15104K)->14576K(15104K)
[28.343s][info][gc             ] GC(173) Pause Young (Allocation Failure) 310M->40M(989M) 14.526ms
[28.343s][info][gc,cpu         ] GC(173) User=0.00s Sys=0.00s Real=0.00s
[28.416s][info][gc,start       ] GC(174) Pause Young (Allocation Failure)
[28.429s][info][gc,heap        ] GC(174) DefNew: 283008K(314560K)->3574K(314560K) Eden: 279616K(279616K)->0K(279616K) From: 3392K(34944K)->3574K(34944K)
[28.429s][info][gc,heap        ] GC(174) Tenured: 38507K(699072K)->38507K(699072K)
[28.429s][info][gc,metaspace   ] GC(174) Metaspace: 71175K(72384K)->71175K(72384K) NonClass: 56598K(57280K)->56598K(57280K) Class: 14576K(15104K)->14576K(15104K)
[28.429s][info][gc             ] GC(174) Pause Young (Allocation Failure) 313M->41M(989M) 12.696ms
[28.429s][info][gc,cpu         ] GC(174) User=0.00s Sys=0.00s Real=0.00s
[28.501s][info][gc,start       ] GC(175) Pause Young (Allocation Failure)
[28.513s][info][gc,heap        ] GC(175) DefNew: 283190K(314560K)->3459K(314560K) Eden: 279616K(279616K)->0K(279616K) From: 3574K(34944K)->3459K(34944K)
[28.513s][info][gc,heap        ] GC(175) Tenured: 38507K(699072K)->38507K(699072K)
[28.513s][info][gc,metaspace   ] GC(175) Metaspace: 71175K(72384K)->71175K(72384K) NonClass: 56598K(57280K)->56598K(57280K) Class: 14576K(15104K)->14576K(15104K)
[28.513s][info][gc             ] GC(175) Pause Young (Allocation Failure) 314M->40M(989M) 12.323ms
[28.513s][info][gc,cpu         ] GC(175) User=0.00s Sys=0.00s Real=0.00s
[28.585s][info][gc,start       ] GC(176) Pause Young (Allocation Failure)
[28.598s][info][gc,heap        ] GC(176) DefNew: 283075K(314560K)->3425K(314560K) Eden: 279616K(279616K)->0K(279616K) From: 3459K(34944K)->3425K(34944K)
[28.598s][info][gc,heap        ] GC(176) Tenured: 38507K(699072K)->38507K(699072K)
[28.598s][info][gc,metaspace   ] GC(176) Metaspace: 71175K(72384K)->71175K(72384K) NonClass: 56598K(57280K)->56598K(57280K) Class: 14576K(15104K)->14576K(15104K)
[28.598s][info][gc             ] GC(176) Pause Young (Allocation Failure) 314M->40M(989M) 13.647ms
[28.598s][info][gc,cpu         ] GC(176) User=0.00s Sys=0.00s Real=0.00s
[28.670s][info][gc,start       ] GC(177) Pause Young (Allocation Failure)
[28.682s][info][gc,heap        ] GC(177) DefNew: 283041K(314560K)->3520K(314560K) Eden: 279616K(279616K)->0K(279616K) From: 3425K(34944K)->3520K(34944K)
[28.682s][info][gc,heap        ] GC(177) Tenured: 38507K(699072K)->38507K(699072K)
[28.682s][info][gc,metaspace   ] GC(177) Metaspace: 71175K(72384K)->71175K(72384K) NonClass: 56598K(57280K)->56598K(57280K) Class: 14576K(15104K)->14576K(15104K)
[28.682s][info][gc             ] GC(177) Pause Young (Allocation Failure) 314M->41M(989M) 12.663ms
[28.682s][info][gc,cpu         ] GC(177) User=0.00s Sys=0.00s Real=0.00s
[28.756s][info][gc,start       ] GC(178) Pause Young (Allocation Failure)
[28.768s][info][gc,heap        ] GC(178) DefNew: 283136K(314560K)->3454K(314560K) Eden: 279616K(279616K)->0K(279616K) From: 3520K(34944K)->3454K(34944K)
[28.768s][info][gc,heap        ] GC(178) Tenured: 38507K(699072K)->38507K(699072K)
[28.768s][info][gc,metaspace   ] GC(178) Metaspace: 71175K(72384K)->71175K(72384K) NonClass: 56598K(57280K)->56598K(57280K) Class: 14576K(15104K)->14576K(15104K)
[28.768s][info][gc             ] GC(178) Pause Young (Allocation Failure) 314M->40M(989M) 12.104ms
[28.768s][info][gc,cpu         ] GC(178) User=0.00s Sys=0.00s Real=0.00s
[28.840s][info][gc,start       ] GC(179) Pause Young (Allocation Failure)
[28.852s][info][gc,heap        ] GC(179) DefNew: 283070K(314560K)->3458K(314560K) Eden: 279616K(279616K)->0K(279616K) From: 3454K(34944K)->3458K(34944K)
[28.852s][info][gc,heap        ] GC(179) Tenured: 38507K(699072K)->38507K(699072K)
[28.852s][info][gc,metaspace   ] GC(179) Metaspace: 71175K(72384K)->71175K(72384K) NonClass: 56598K(57280K)->56598K(57280K) Class: 14576K(15104K)->14576K(15104K)
[28.852s][info][gc             ] GC(179) Pause Young (Allocation Failure) 314M->40M(989M) 12.508ms
[28.852s][info][gc,cpu         ] GC(179) User=0.00s Sys=0.00s Real=0.00s
[28.925s][info][gc,start       ] GC(180) Pause Young (Allocation Failure)
[28.938s][info][gc,heap        ] GC(180) DefNew: 283074K(314560K)->3484K(314560K) Eden: 279616K(279616K)->0K(279616K) From: 3458K(34944K)->3484K(34944K)
[28.939s][info][gc,heap        ] GC(180) Tenured: 38507K(699072K)->38507K(699072K)
[28.939s][info][gc,metaspace   ] GC(180) Metaspace: 71175K(72384K)->71175K(72384K) NonClass: 56598K(57280K)->56598K(57280K) Class: 14576K(15104K)->14576K(15104K)
[28.939s][info][gc             ] GC(180) Pause Young (Allocation Failure) 314M->41M(989M) 13.367ms
[28.939s][info][gc,cpu         ] GC(180) User=0.00s Sys=0.00s Real=0.00s
[29.010s][info][gc,start       ] GC(181) Pause Young (Allocation Failure)
[29.023s][info][gc,heap        ] GC(181) DefNew: 283100K(314560K)->3464K(314560K) Eden: 279616K(279616K)->0K(279616K) From: 3484K(34944K)->3464K(34944K)
[29.023s][info][gc,heap        ] GC(181) Tenured: 38507K(699072K)->38507K(699072K)
[29.023s][info][gc,metaspace   ] GC(181) Metaspace: 71175K(72384K)->71175K(72384K) NonClass: 56598K(57280K)->56598K(57280K) Class: 14576K(15104K)->14576K(15104K)
[29.023s][info][gc             ] GC(181) Pause Young (Allocation Failure) 314M->40M(989M) 13.324ms
[29.023s][info][gc,cpu         ] GC(181) User=0.00s Sys=0.00s Real=0.00s
[29.096s][info][gc,start       ] GC(182) Pause Young (Allocation Failure)
[29.110s][info][gc,heap        ] GC(182) DefNew: 283080K(314560K)->3457K(314560K) Eden: 279616K(279616K)->0K(279616K) From: 3464K(34944K)->3457K(34944K)
[29.110s][info][gc,heap        ] GC(182) Tenured: 38507K(699072K)->38507K(699072K)
[29.110s][info][gc,metaspace   ] GC(182) Metaspace: 71175K(72384K)->71175K(72384K) NonClass: 56598K(57280K)->56598K(57280K) Class: 14576K(15104K)->14576K(15104K)
[29.110s][info][gc             ] GC(182) Pause Young (Allocation Failure) 314M->40M(989M) 13.645ms
[29.110s][info][gc,cpu         ] GC(182) User=0.02s Sys=0.00s Real=0.01s
[29.181s][info][gc,start       ] GC(183) Pause Young (Allocation Failure)
[29.194s][info][gc,heap        ] GC(183) DefNew: 283073K(314560K)->3457K(314560K) Eden: 279616K(279616K)->0K(279616K) From: 3457K(34944K)->3457K(34944K)
[29.194s][info][gc,heap        ] GC(183) Tenured: 38507K(699072K)->38507K(699072K)
[29.194s][info][gc,metaspace   ] GC(183) Metaspace: 71175K(72384K)->71175K(72384K) NonClass: 56598K(57280K)->56598K(57280K) Class: 14576K(15104K)->14576K(15104K)
[29.194s][info][gc             ] GC(183) Pause Young (Allocation Failure) 314M->40M(989M) 12.614ms
[29.194s][info][gc,cpu         ] GC(183) User=0.00s Sys=0.00s Real=0.00s
[29.268s][info][gc,start       ] GC(184) Pause Young (Allocation Failure)
[29.281s][info][gc,heap        ] GC(184) DefNew: 283073K(314560K)->3538K(314560K) Eden: 279616K(279616K)->0K(279616K) From: 3457K(34944K)->3538K(34944K)
[29.281s][info][gc,heap        ] GC(184) Tenured: 38507K(699072K)->38507K(699072K)
[29.281s][info][gc,metaspace   ] GC(184) Metaspace: 71182K(72384K)->71182K(72384K) NonClass: 56605K(57280K)->56605K(57280K) Class: 14576K(15104K)->14576K(15104K)
[29.281s][info][gc             ] GC(184) Pause Young (Allocation Failure) 314M->41M(989M) 13.820ms
[29.281s][info][gc,cpu         ] GC(184) User=0.00s Sys=0.00s Real=0.00s
[29.353s][info][gc,start       ] GC(185) Pause Young (Allocation Failure)
[29.366s][info][gc,heap        ] GC(185) DefNew: 283154K(314560K)->3496K(314560K) Eden: 279616K(279616K)->0K(279616K) From: 3538K(34944K)->3496K(34944K)
[29.366s][info][gc,heap        ] GC(185) Tenured: 38507K(699072K)->38507K(699072K)
[29.366s][info][gc,metaspace   ] GC(185) Metaspace: 71182K(72384K)->71182K(72384K) NonClass: 56605K(57280K)->56605K(57280K) Class: 14576K(15104K)->14576K(15104K)
[29.366s][info][gc             ] GC(185) Pause Young (Allocation Failure) 314M->41M(989M) 12.837ms
[29.366s][info][gc,cpu         ] GC(185) User=0.00s Sys=0.00s Real=0.00s
[29.439s][info][gc,start       ] GC(186) Pause Young (Allocation Failure)
[29.451s][info][gc,heap        ] GC(186) DefNew: 283112K(314560K)->3548K(314560K) Eden: 279616K(279616K)->0K(279616K) From: 3496K(34944K)->3548K(34944K)
[29.451s][info][gc,heap        ] GC(186) Tenured: 38507K(699072K)->38507K(699072K)
[29.452s][info][gc,metaspace   ] GC(186) Metaspace: 71182K(72384K)->71182K(72384K) NonClass: 56605K(57280K)->56605K(57280K) Class: 14576K(15104K)->14576K(15104K)
[29.452s][info][gc             ] GC(186) Pause Young (Allocation Failure) 314M->41M(989M) 12.370ms
[29.452s][info][gc,cpu         ] GC(186) User=0.00s Sys=0.00s Real=0.00s
[29.523s][info][gc,start       ] GC(187) Pause Young (Allocation Failure)
[29.536s][info][gc,heap        ] GC(187) DefNew: 283164K(314560K)->3419K(314560K) Eden: 279616K(279616K)->0K(279616K) From: 3548K(34944K)->3419K(34944K)
[29.536s][info][gc,heap        ] GC(187) Tenured: 38507K(699072K)->38507K(699072K)
[29.536s][info][gc,metaspace   ] GC(187) Metaspace: 71182K(72384K)->71182K(72384K) NonClass: 56605K(57280K)->56605K(57280K) Class: 14576K(15104K)->14576K(15104K)
[29.536s][info][gc             ] GC(187) Pause Young (Allocation Failure) 314M->40M(989M) 13.189ms
[29.536s][info][gc,cpu         ] GC(187) User=0.00s Sys=0.00s Real=0.00s
[29.608s][info][gc,start       ] GC(188) Pause Young (Allocation Failure)
[29.622s][info][gc,heap        ] GC(188) DefNew: 283035K(314560K)->1471K(314560K) Eden: 279616K(279616K)->0K(279616K) From: 3419K(34944K)->1471K(34944K)
[29.622s][info][gc,heap        ] GC(188) Tenured: 38507K(699072K)->40545K(699072K)
[29.622s][info][gc,metaspace   ] GC(188) Metaspace: 71182K(72384K)->71182K(72384K) NonClass: 56605K(57280K)->56605K(57280K) Class: 14576K(15104K)->14576K(15104K)
[29.622s][info][gc             ] GC(188) Pause Young (Allocation Failure) 314M->41M(989M) 13.765ms
[29.622s][info][gc,cpu         ] GC(188) User=0.00s Sys=0.00s Real=0.00s
[29.694s][info][gc,start       ] GC(189) Pause Young (Allocation Failure)
[29.702s][info][gc,heap        ] GC(189) DefNew: 281087K(314560K)->1459K(314560K) Eden: 279616K(279616K)->0K(279616K) From: 1471K(34944K)->1459K(34944K)
[29.702s][info][gc,heap        ] GC(189) Tenured: 40545K(699072K)->40546K(699072K)
[29.702s][info][gc,metaspace   ] GC(189) Metaspace: 71182K(72384K)->71182K(72384K) NonClass: 56605K(57280K)->56605K(57280K) Class: 14576K(15104K)->14576K(15104K)
[29.702s][info][gc             ] GC(189) Pause Young (Allocation Failure) 314M->41M(989M) 8.418ms
[29.702s][info][gc,cpu         ] GC(189) User=0.02s Sys=0.00s Real=0.01s
[29.773s][info][gc,start       ] GC(190) Pause Young (Allocation Failure)
[29.782s][info][gc,heap        ] GC(190) DefNew: 281075K(314560K)->1446K(314560K) Eden: 279616K(279616K)->0K(279616K) From: 1459K(34944K)->1446K(34944K)
[29.782s][info][gc,heap        ] GC(190) Tenured: 40546K(699072K)->40547K(699072K)
[29.782s][info][gc,metaspace   ] GC(190) Metaspace: 71182K(72384K)->71182K(72384K) NonClass: 56605K(57280K)->56605K(57280K) Class: 14576K(15104K)->14576K(15104K)
[29.783s][info][gc             ] GC(190) Pause Young (Allocation Failure) 314M->41M(989M) 9.365ms
[29.783s][info][gc,cpu         ] GC(190) User=0.00s Sys=0.00s Real=0.01s
[29.854s][info][gc,start       ] GC(191) Pause Young (Allocation Failure)
[29.863s][info][gc,heap        ] GC(191) DefNew: 281062K(314560K)->1455K(314560K) Eden: 279616K(279616K)->0K(279616K) From: 1446K(34944K)->1455K(34944K)
[29.863s][info][gc,heap        ] GC(191) Tenured: 40547K(699072K)->40547K(699072K)
[29.863s][info][gc,metaspace   ] GC(191) Metaspace: 71182K(72384K)->71182K(72384K) NonClass: 56605K(57280K)->56605K(57280K) Class: 14576K(15104K)->14576K(15104K)
[29.863s][info][gc             ] GC(191) Pause Young (Allocation Failure) 314M->41M(989M) 9.149ms
[29.863s][info][gc,cpu         ] GC(191) User=0.00s Sys=0.00s Real=0.00s
[29.935s][info][gc,start       ] GC(192) Pause Young (Allocation Failure)
[29.944s][info][gc,heap        ] GC(192) DefNew: 281071K(314560K)->1531K(314560K) Eden: 279616K(279616K)->0K(279616K) From: 1455K(34944K)->1531K(34944K)
[29.944s][info][gc,heap        ] GC(192) Tenured: 40547K(699072K)->40547K(699072K)
[29.944s][info][gc,metaspace   ] GC(192) Metaspace: 71182K(72384K)->71182K(72384K) NonClass: 56605K(57280K)->56605K(57280K) Class: 14576K(15104K)->14576K(15104K)
[29.944s][info][gc             ] GC(192) Pause Young (Allocation Failure) 314M->41M(989M) 9.549ms
[29.944s][info][gc,cpu         ] GC(192) User=0.00s Sys=0.00s Real=0.00s
[30.015s][info][gc,start       ] GC(193) Pause Young (Allocation Failure)
[30.024s][info][gc,heap        ] GC(193) DefNew: 281147K(314560K)->1463K(314560K) Eden: 279616K(279616K)->0K(279616K) From: 1531K(34944K)->1463K(34944K)
[30.024s][info][gc,heap        ] GC(193) Tenured: 40547K(699072K)->40547K(699072K)
[30.024s][info][gc,metaspace   ] GC(193) Metaspace: 71182K(72384K)->71182K(72384K) NonClass: 56605K(57280K)->56605K(57280K) Class: 14576K(15104K)->14576K(15104K)
[30.024s][info][gc             ] GC(193) Pause Young (Allocation Failure) 314M->41M(989M) 8.850ms
[30.024s][info][gc,cpu         ] GC(193) User=0.00s Sys=0.00s Real=0.00s
[30.095s][info][gc,start       ] GC(194) Pause Young (Allocation Failure)
[30.104s][info][gc,heap        ] GC(194) DefNew: 281079K(314560K)->1491K(314560K) Eden: 279616K(279616K)->0K(279616K) From: 1463K(34944K)->1491K(34944K)
[30.104s][info][gc,heap        ] GC(194) Tenured: 40547K(699072K)->40563K(699072K)
[30.104s][info][gc,metaspace   ] GC(194) Metaspace: 71182K(72384K)->71182K(72384K) NonClass: 56605K(57280K)->56605K(57280K) Class: 14576K(15104K)->14576K(15104K)
[30.105s][info][gc             ] GC(194) Pause Young (Allocation Failure) 314M->41M(989M) 9.272ms
[30.105s][info][gc,cpu         ] GC(194) User=0.00s Sys=0.00s Real=0.00s
[30.175s][info][gc,start       ] GC(195) Pause Young (Allocation Failure)
[30.184s][info][gc,heap        ] GC(195) DefNew: 281107K(314560K)->1448K(314560K) Eden: 279616K(279616K)->0K(279616K) From: 1491K(34944K)->1448K(34944K)
[30.184s][info][gc,heap        ] GC(195) Tenured: 40563K(699072K)->40563K(699072K)
[30.184s][info][gc,metaspace   ] GC(195) Metaspace: 71182K(72384K)->71182K(72384K) NonClass: 56605K(57280K)->56605K(57280K) Class: 14576K(15104K)->14576K(15104K)
[30.184s][info][gc             ] GC(195) Pause Young (Allocation Failure) 314M->41M(989M) 8.918ms
[30.184s][info][gc,cpu         ] GC(195) User=0.00s Sys=0.00s Real=0.00s
[30.255s][info][gc,start       ] GC(196) Pause Young (Allocation Failure)
[30.264s][info][gc,heap        ] GC(196) DefNew: 281064K(314560K)->1517K(314560K) Eden: 279616K(279616K)->0K(279616K) From: 1448K(34944K)->1517K(34944K)
[30.264s][info][gc,heap        ] GC(196) Tenured: 40563K(699072K)->40563K(699072K)
[30.264s][info][gc,metaspace   ] GC(196) Metaspace: 71182K(72384K)->71182K(72384K) NonClass: 56605K(57280K)->56605K(57280K) Class: 14576K(15104K)->14576K(15104K)
[30.264s][info][gc             ] GC(196) Pause Young (Allocation Failure) 314M->41M(989M) 8.654ms
[30.264s][info][gc,cpu         ] GC(196) User=0.00s Sys=0.00s Real=0.00s
[30.335s][info][gc,start       ] GC(197) Pause Young (Allocation Failure)
[30.343s][info][gc,heap        ] GC(197) DefNew: 281133K(314560K)->1461K(314560K) Eden: 279616K(279616K)->0K(279616K) From: 1517K(34944K)->1461K(34944K)
[30.343s][info][gc,heap        ] GC(197) Tenured: 40563K(699072K)->40565K(699072K)
[30.343s][info][gc,metaspace   ] GC(197) Metaspace: 71182K(72384K)->71182K(72384K) NonClass: 56605K(57280K)->56605K(57280K) Class: 14576K(15104K)->14576K(15104K)
[30.343s][info][gc             ] GC(197) Pause Young (Allocation Failure) 314M->41M(989M) 8.412ms
[30.343s][info][gc,cpu         ] GC(197) User=0.02s Sys=0.00s Real=0.00s
[30.415s][info][gc,start       ] GC(198) Pause Young (Allocation Failure)
[30.424s][info][gc,heap        ] GC(198) DefNew: 281077K(314560K)->1532K(314560K) Eden: 279616K(279616K)->0K(279616K) From: 1461K(34944K)->1532K(34944K)
[30.424s][info][gc,heap        ] GC(198) Tenured: 40565K(699072K)->40565K(699072K)
[30.424s][info][gc,metaspace   ] GC(198) Metaspace: 71182K(72384K)->71182K(72384K) NonClass: 56605K(57280K)->56605K(57280K) Class: 14576K(15104K)->14576K(15104K)
[30.424s][info][gc             ] GC(198) Pause Young (Allocation Failure) 314M->41M(989M) 9.581ms
[30.424s][info][gc,cpu         ] GC(198) User=0.00s Sys=0.00s Real=0.00s
[30.495s][info][gc,start       ] GC(199) Pause Young (Allocation Failure)
[30.505s][info][gc,heap        ] GC(199) DefNew: 281148K(314560K)->1440K(314560K) Eden: 279616K(279616K)->0K(279616K) From: 1532K(34944K)->1440K(34944K)
[30.505s][info][gc,heap        ] GC(199) Tenured: 40565K(699072K)->40609K(699072K)
[30.505s][info][gc,metaspace   ] GC(199) Metaspace: 71182K(72384K)->71182K(72384K) NonClass: 56605K(57280K)->56605K(57280K) Class: 14576K(15104K)->14576K(15104K)
[30.505s][info][gc             ] GC(199) Pause Young (Allocation Failure) 314M->41M(989M) 9.410ms
[30.505s][info][gc,cpu         ] GC(199) User=0.00s Sys=0.00s Real=0.00s
[30.577s][info][gc,start       ] GC(200) Pause Young (Allocation Failure)
[30.586s][info][gc,heap        ] GC(200) DefNew: 281056K(314560K)->1392K(314560K) Eden: 279616K(279616K)->0K(279616K) From: 1440K(34944K)->1392K(34944K)
[30.586s][info][gc,heap        ] GC(200) Tenured: 40609K(699072K)->40609K(699072K)
[30.586s][info][gc,metaspace   ] GC(200) Metaspace: 71182K(72384K)->71182K(72384K) NonClass: 56605K(57280K)->56605K(57280K) Class: 14576K(15104K)->14576K(15104K)
[30.586s][info][gc             ] GC(200) Pause Young (Allocation Failure) 314M->41M(989M) 8.752ms
[30.586s][info][gc,cpu         ] GC(200) User=0.00s Sys=0.00s Real=0.00s
[30.657s][info][gc,start       ] GC(201) Pause Young (Allocation Failure)
[30.665s][info][gc,heap        ] GC(201) DefNew: 281008K(314560K)->1352K(314560K) Eden: 279616K(279616K)->0K(279616K) From: 1392K(34944K)->1352K(34944K)
[30.665s][info][gc,heap        ] GC(201) Tenured: 40609K(699072K)->40609K(699072K)
[30.665s][info][gc,metaspace   ] GC(201) Metaspace: 71182K(72384K)->71182K(72384K) NonClass: 56605K(57280K)->56605K(57280K) Class: 14576K(15104K)->14576K(15104K)
[30.665s][info][gc             ] GC(201) Pause Young (Allocation Failure) 314M->40M(989M) 8.140ms
[30.665s][info][gc,cpu         ] GC(201) User=0.02s Sys=0.00s Real=0.01s
[30.736s][info][gc,start       ] GC(202) Pause Young (Allocation Failure)
[30.745s][info][gc,heap        ] GC(202) DefNew: 280968K(314560K)->1415K(314560K) Eden: 279616K(279616K)->0K(279616K) From: 1352K(34944K)->1415K(34944K)
[30.745s][info][gc,heap        ] GC(202) Tenured: 40609K(699072K)->40609K(699072K)
[30.745s][info][gc,metaspace   ] GC(202) Metaspace: 71182K(72384K)->71182K(72384K) NonClass: 56605K(57280K)->56605K(57280K) Class: 14576K(15104K)->14576K(15104K)
[30.745s][info][gc             ] GC(202) Pause Young (Allocation Failure) 314M->41M(989M) 8.347ms
[30.745s][info][gc,cpu         ] GC(202) User=0.00s Sys=0.00s Real=0.00s
[30.816s][info][gc,start       ] GC(203) Pause Young (Allocation Failure)
[30.825s][info][gc,heap        ] GC(203) DefNew: 281031K(314560K)->1473K(314560K) Eden: 279616K(279616K)->0K(279616K) From: 1415K(34944K)->1473K(34944K)
[30.825s][info][gc,heap        ] GC(203) Tenured: 40609K(699072K)->40609K(699072K)
[30.825s][info][gc,metaspace   ] GC(203) Metaspace: 71182K(72384K)->71182K(72384K) NonClass: 56605K(57280K)->56605K(57280K) Class: 14576K(15104K)->14576K(15104K)
[30.825s][info][gc             ] GC(203) Pause Young (Allocation Failure) 314M->41M(989M) 8.566ms
[30.825s][info][gc,cpu         ] GC(203) User=0.00s Sys=0.00s Real=0.00s
[30.896s][info][gc,start       ] GC(204) Pause Young (Allocation Failure)
[30.904s][info][gc,heap        ] GC(204) DefNew: 281089K(314560K)->1416K(314560K) Eden: 279616K(279616K)->0K(279616K) From: 1473K(34944K)->1416K(34944K)
[30.904s][info][gc,heap        ] GC(204) Tenured: 40609K(699072K)->40609K(699072K)
[30.904s][info][gc,metaspace   ] GC(204) Metaspace: 71182K(72384K)->71182K(72384K) NonClass: 56605K(57280K)->56605K(57280K) Class: 14576K(15104K)->14576K(15104K)
[30.904s][info][gc             ] GC(204) Pause Young (Allocation Failure) 314M->41M(989M) 8.344ms
[30.904s][info][gc,cpu         ] GC(204) User=0.02s Sys=0.00s Real=0.01s
[30.975s][info][gc,start       ] GC(205) Pause Young (Allocation Failure)
[30.983s][info][gc,heap        ] GC(205) DefNew: 281032K(314560K)->1425K(314560K) Eden: 279616K(279616K)->0K(279616K) From: 1416K(34944K)->1425K(34944K)
[30.983s][info][gc,heap        ] GC(205) Tenured: 40609K(699072K)->40609K(699072K)
[30.983s][info][gc,metaspace   ] GC(205) Metaspace: 71182K(72384K)->71182K(72384K) NonClass: 56605K(57280K)->56605K(57280K) Class: 14576K(15104K)->14576K(15104K)
[30.983s][info][gc             ] GC(205) Pause Young (Allocation Failure) 314M->41M(989M) 8.343ms
[30.983s][info][gc,cpu         ] GC(205) User=0.02s Sys=0.00s Real=0.00s
[31.054s][info][gc,start       ] GC(206) Pause Young (Allocation Failure)
[31.064s][info][gc,heap        ] GC(206) DefNew: 281041K(314560K)->1460K(314560K) Eden: 279616K(279616K)->0K(279616K) From: 1425K(34944K)->1460K(34944K)
[31.064s][info][gc,heap        ] GC(206) Tenured: 40609K(699072K)->40627K(699072K)
[31.064s][info][gc,metaspace   ] GC(206) Metaspace: 71182K(72384K)->71182K(72384K) NonClass: 56605K(57280K)->56605K(57280K) Class: 14576K(15104K)->14576K(15104K)
[31.064s][info][gc             ] GC(206) Pause Young (Allocation Failure) 314M->41M(989M) 9.525ms
[31.064s][info][gc,cpu         ] GC(206) User=0.00s Sys=0.00s Real=0.01s
[31.135s][info][gc,start       ] GC(207) Pause Young (Allocation Failure)
[31.144s][info][gc,heap        ] GC(207) DefNew: 281076K(314560K)->1432K(314560K) Eden: 279616K(279616K)->0K(279616K) From: 1460K(34944K)->1432K(34944K)
[31.144s][info][gc,heap        ] GC(207) Tenured: 40627K(699072K)->40627K(699072K)
[31.144s][info][gc,metaspace   ] GC(207) Metaspace: 71182K(72384K)->71182K(72384K) NonClass: 56605K(57280K)->56605K(57280K) Class: 14576K(15104K)->14576K(15104K)
[31.144s][info][gc             ] GC(207) Pause Young (Allocation Failure) 314M->41M(989M) 8.825ms
[31.144s][info][gc,cpu         ] GC(207) User=0.00s Sys=0.00s Real=0.00s
[31.215s][info][gc,start       ] GC(208) Pause Young (Allocation Failure)
[31.223s][info][gc,heap        ] GC(208) DefNew: 281048K(314560K)->1348K(314560K) Eden: 279616K(279616K)->0K(279616K) From: 1432K(34944K)->1348K(34944K)
[31.223s][info][gc,heap        ] GC(208) Tenured: 40627K(699072K)->40627K(699072K)
[31.223s][info][gc,metaspace   ] GC(208) Metaspace: 71182K(72384K)->71182K(72384K) NonClass: 56605K(57280K)->56605K(57280K) Class: 14576K(15104K)->14576K(15104K)
[31.223s][info][gc             ] GC(208) Pause Young (Allocation Failure) 314M->40M(989M) 8.058ms
[31.223s][info][gc,cpu         ] GC(208) User=0.00s Sys=0.00s Real=0.00s
[31.294s][info][gc,start       ] GC(209) Pause Young (Allocation Failure)
[31.303s][info][gc,heap        ] GC(209) DefNew: 280964K(314560K)->1427K(314560K) Eden: 279616K(279616K)->0K(279616K) From: 1348K(34944K)->1427K(34944K)
[31.303s][info][gc,heap        ] GC(209) Tenured: 40627K(699072K)->40627K(699072K)
[31.303s][info][gc,metaspace   ] GC(209) Metaspace: 71182K(72384K)->71182K(72384K) NonClass: 56605K(57280K)->56605K(57280K) Class: 14576K(15104K)->14576K(15104K)
[31.303s][info][gc             ] GC(209) Pause Young (Allocation Failure) 314M->41M(989M) 8.427ms
[31.303s][info][gc,cpu         ] GC(209) User=0.00s Sys=0.00s Real=0.00s
[31.374s][info][gc,start       ] GC(210) Pause Young (Allocation Failure)
[31.383s][info][gc,heap        ] GC(210) DefNew: 281043K(314560K)->1357K(314560K) Eden: 279616K(279616K)->0K(279616K) From: 1427K(34944K)->1357K(34944K)
[31.383s][info][gc,heap        ] GC(210) Tenured: 40627K(699072K)->40627K(699072K)
[31.383s][info][gc,metaspace   ] GC(210) Metaspace: 71182K(72384K)->71182K(72384K) NonClass: 56605K(57280K)->56605K(57280K) Class: 14576K(15104K)->14576K(15104K)
[31.383s][info][gc             ] GC(210) Pause Young (Allocation Failure) 314M->41M(989M) 9.148ms
[31.383s][info][gc,cpu         ] GC(210) User=0.02s Sys=0.00s Real=0.01s
[31.455s][info][gc,start       ] GC(211) Pause Young (Allocation Failure)
[31.464s][info][gc,heap        ] GC(211) DefNew: 280973K(314560K)->1475K(314560K) Eden: 279616K(279616K)->0K(279616K) From: 1357K(34944K)->1475K(34944K)
[31.464s][info][gc,heap        ] GC(211) Tenured: 40627K(699072K)->40627K(699072K)
[31.464s][info][gc,metaspace   ] GC(211) Metaspace: 71182K(72384K)->71182K(72384K) NonClass: 56605K(57280K)->56605K(57280K) Class: 14576K(15104K)->14576K(15104K)
[31.464s][info][gc             ] GC(211) Pause Young (Allocation Failure) 314M->41M(989M) 9.090ms
[31.464s][info][gc,cpu         ] GC(211) User=0.00s Sys=0.00s Real=0.00s
[31.535s][info][gc,start       ] GC(212) Pause Young (Allocation Failure)
[31.544s][info][gc,heap        ] GC(212) DefNew: 281091K(314560K)->1483K(314560K) Eden: 279616K(279616K)->0K(279616K) From: 1475K(34944K)->1483K(34944K)
[31.544s][info][gc,heap        ] GC(212) Tenured: 40627K(699072K)->40627K(699072K)
[31.544s][info][gc,metaspace   ] GC(212) Metaspace: 71182K(72384K)->71182K(72384K) NonClass: 56605K(57280K)->56605K(57280K) Class: 14576K(15104K)->14576K(15104K)
[31.544s][info][gc             ] GC(212) Pause Young (Allocation Failure) 314M->41M(989M) 8.628ms
[31.544s][info][gc,cpu         ] GC(212) User=0.00s Sys=0.00s Real=0.00s
[31.615s][info][gc,start       ] GC(213) Pause Young (Allocation Failure)
[31.623s][info][gc,heap        ] GC(213) DefNew: 281099K(314560K)->1375K(314560K) Eden: 279616K(279616K)->0K(279616K) From: 1483K(34944K)->1375K(34944K)
[31.623s][info][gc,heap        ] GC(213) Tenured: 40627K(699072K)->40629K(699072K)
[31.623s][info][gc,metaspace   ] GC(213) Metaspace: 71182K(72384K)->71182K(72384K) NonClass: 56605K(57280K)->56605K(57280K) Class: 14576K(15104K)->14576K(15104K)
[31.623s][info][gc             ] GC(213) Pause Young (Allocation Failure) 314M->41M(989M) 8.247ms
[31.623s][info][gc,cpu         ] GC(213) User=0.00s Sys=0.00s Real=0.00s
[31.694s][info][gc,start       ] GC(214) Pause Young (Allocation Failure)
[31.702s][info][gc,heap        ] GC(214) DefNew: 280991K(314560K)->1432K(314560K) Eden: 279616K(279616K)->0K(279616K) From: 1375K(34944K)->1432K(34944K)
[31.702s][info][gc,heap        ] GC(214) Tenured: 40629K(699072K)->40629K(699072K)
[31.702s][info][gc,metaspace   ] GC(214) Metaspace: 71182K(72384K)->71182K(72384K) NonClass: 56605K(57280K)->56605K(57280K) Class: 14576K(15104K)->14576K(15104K)
[31.702s][info][gc             ] GC(214) Pause Young (Allocation Failure) 314M->41M(989M) 8.329ms
[31.703s][info][gc,cpu         ] GC(214) User=0.00s Sys=0.00s Real=0.00s
[31.774s][info][gc,start       ] GC(215) Pause Young (Allocation Failure)
[31.783s][info][gc,heap        ] GC(215) DefNew: 281048K(314560K)->1485K(314560K) Eden: 279616K(279616K)->0K(279616K) From: 1432K(34944K)->1485K(34944K)
[31.783s][info][gc,heap        ] GC(215) Tenured: 40629K(699072K)->40629K(699072K)
[31.783s][info][gc,metaspace   ] GC(215) Metaspace: 71182K(72384K)->71182K(72384K) NonClass: 56605K(57280K)->56605K(57280K) Class: 14576K(15104K)->14576K(15104K)
[31.783s][info][gc             ] GC(215) Pause Young (Allocation Failure) 314M->41M(989M) 9.458ms
[31.783s][info][gc,cpu         ] GC(215) User=0.00s Sys=0.00s Real=0.00s
[31.855s][info][gc,start       ] GC(216) Pause Young (Allocation Failure)
[31.864s][info][gc,heap        ] GC(216) DefNew: 281101K(314560K)->1481K(314560K) Eden: 279616K(279616K)->0K(279616K) From: 1485K(34944K)->1481K(34944K)
[31.864s][info][gc,heap        ] GC(216) Tenured: 40629K(699072K)->40629K(699072K)
[31.864s][info][gc,metaspace   ] GC(216) Metaspace: 71182K(72384K)->71182K(72384K) NonClass: 56605K(57280K)->56605K(57280K) Class: 14576K(15104K)->14576K(15104K)
[31.864s][info][gc             ] GC(216) Pause Young (Allocation Failure) 314M->41M(989M) 9.514ms
[31.864s][info][gc,cpu         ] GC(216) User=0.00s Sys=0.00s Real=0.01s
[31.935s][info][gc,start       ] GC(217) Pause Young (Allocation Failure)
[31.944s][info][gc,heap        ] GC(217) DefNew: 281097K(314560K)->1435K(314560K) Eden: 279616K(279616K)->0K(279616K) From: 1481K(34944K)->1435K(34944K)
[31.944s][info][gc,heap        ] GC(217) Tenured: 40629K(699072K)->40629K(699072K)
[31.944s][info][gc,metaspace   ] GC(217) Metaspace: 71182K(72384K)->71182K(72384K) NonClass: 56605K(57280K)->56605K(57280K) Class: 14576K(15104K)->14576K(15104K)
[31.944s][info][gc             ] GC(217) Pause Young (Allocation Failure) 314M->41M(989M) 8.818ms
[31.944s][info][gc,cpu         ] GC(217) User=0.02s Sys=0.00s Real=0.01s
[32.016s][info][gc,start       ] GC(218) Pause Young (Allocation Failure)
[32.024s][info][gc,heap        ] GC(218) DefNew: 281051K(314560K)->1465K(314560K) Eden: 279616K(279616K)->0K(279616K) From: 1435K(34944K)->1465K(34944K)
[32.024s][info][gc,heap        ] GC(218) Tenured: 40629K(699072K)->40629K(699072K)
[32.024s][info][gc,metaspace   ] GC(218) Metaspace: 71182K(72384K)->71182K(72384K) NonClass: 56605K(57280K)->56605K(57280K) Class: 14576K(15104K)->14576K(15104K)
[32.024s][info][gc             ] GC(218) Pause Young (Allocation Failure) 314M->41M(989M) 8.470ms
[32.024s][info][gc,cpu         ] GC(218) User=0.00s Sys=0.00s Real=0.00s
[32.095s][info][gc,start       ] GC(219) Pause Young (Allocation Failure)
[32.104s][info][gc,heap        ] GC(219) DefNew: 281081K(314560K)->1409K(314560K) Eden: 279616K(279616K)->0K(279616K) From: 1465K(34944K)->1409K(34944K)
[32.104s][info][gc,heap        ] GC(219) Tenured: 40629K(699072K)->40645K(699072K)
[32.104s][info][gc,metaspace   ] GC(219) Metaspace: 71182K(72384K)->71182K(72384K) NonClass: 56605K(57280K)->56605K(57280K) Class: 14576K(15104K)->14576K(15104K)
[32.105s][info][gc             ] GC(219) Pause Young (Allocation Failure) 314M->41M(989M) 9.296ms
[32.105s][info][gc,cpu         ] GC(219) User=0.00s Sys=0.00s Real=0.00s
[32.176s][info][gc,start       ] GC(220) Pause Young (Allocation Failure)
[32.185s][info][gc,heap        ] GC(220) DefNew: 281025K(314560K)->1390K(314560K) Eden: 279616K(279616K)->0K(279616K) From: 1409K(34944K)->1390K(34944K)
[32.185s][info][gc,heap        ] GC(220) Tenured: 40645K(699072K)->40645K(699072K)
[32.185s][info][gc,metaspace   ] GC(220) Metaspace: 71182K(72384K)->71182K(72384K) NonClass: 56605K(57280K)->56605K(57280K) Class: 14576K(15104K)->14576K(15104K)
[32.185s][info][gc             ] GC(220) Pause Young (Allocation Failure) 314M->41M(989M) 8.875ms
[32.185s][info][gc,cpu         ] GC(220) User=0.02s Sys=0.00s Real=0.01s
[32.256s][info][gc,start       ] GC(221) Pause Young (Allocation Failure)
[32.264s][info][gc,heap        ] GC(221) DefNew: 281006K(314560K)->1450K(314560K) Eden: 279616K(279616K)->0K(279616K) From: 1390K(34944K)->1450K(34944K)
[32.264s][info][gc,heap        ] GC(221) Tenured: 40645K(699072K)->40645K(699072K)
[32.264s][info][gc,metaspace   ] GC(221) Metaspace: 71182K(72384K)->71182K(72384K) NonClass: 56605K(57280K)->56605K(57280K) Class: 14576K(15104K)->14576K(15104K)
[32.264s][info][gc             ] GC(221) Pause Young (Allocation Failure) 314M->41M(989M) 8.491ms
[32.264s][info][gc,cpu         ] GC(221) User=0.00s Sys=0.00s Real=0.00s
[32.335s][info][gc,start       ] GC(222) Pause Young (Allocation Failure)
[32.344s][info][gc,heap        ] GC(222) DefNew: 281066K(314560K)->1417K(314560K) Eden: 279616K(279616K)->0K(279616K) From: 1450K(34944K)->1417K(34944K)
[32.344s][info][gc,heap        ] GC(222) Tenured: 40645K(699072K)->40645K(699072K)
[32.344s][info][gc,metaspace   ] GC(222) Metaspace: 71182K(72384K)->71182K(72384K) NonClass: 56605K(57280K)->56605K(57280K) Class: 14576K(15104K)->14576K(15104K)
[32.344s][info][gc             ] GC(222) Pause Young (Allocation Failure) 314M->41M(989M) 8.395ms
[32.344s][info][gc,cpu         ] GC(222) User=0.00s Sys=0.00s Real=0.00s
[32.415s][info][gc,start       ] GC(223) Pause Young (Allocation Failure)
[32.423s][info][gc,heap        ] GC(223) DefNew: 281033K(314560K)->1359K(314560K) Eden: 279616K(279616K)->0K(279616K) From: 1417K(34944K)->1359K(34944K)
[32.423s][info][gc,heap        ] GC(223) Tenured: 40645K(699072K)->40645K(699072K)
[32.423s][info][gc,metaspace   ] GC(223) Metaspace: 71182K(72384K)->71182K(72384K) NonClass: 56605K(57280K)->56605K(57280K) Class: 14576K(15104K)->14576K(15104K)
[32.423s][info][gc             ] GC(223) Pause Young (Allocation Failure) 314M->41M(989M) 8.329ms
[32.423s][info][gc,cpu         ] GC(223) User=0.00s Sys=0.00s Real=0.00s
[32.494s][info][gc,start       ] GC(224) Pause Young (Allocation Failure)
[32.503s][info][gc,heap        ] GC(224) DefNew: 280975K(314560K)->1451K(314560K) Eden: 279616K(279616K)->0K(279616K) From: 1359K(34944K)->1451K(34944K)
[32.503s][info][gc,heap        ] GC(224) Tenured: 40645K(699072K)->40646K(699072K)
[32.503s][info][gc,metaspace   ] GC(224) Metaspace: 71182K(72384K)->71182K(72384K) NonClass: 56605K(57280K)->56605K(57280K) Class: 14576K(15104K)->14576K(15104K)
[32.503s][info][gc             ] GC(224) Pause Young (Allocation Failure) 314M->41M(989M) 8.615ms
[32.503s][info][gc,cpu         ] GC(224) User=0.00s Sys=0.00s Real=0.01s
[32.573s][info][gc,start       ] GC(225) Pause Young (Allocation Failure)
[32.582s][info][gc,heap        ] GC(225) DefNew: 281067K(314560K)->1429K(314560K) Eden: 279616K(279616K)->0K(279616K) From: 1451K(34944K)->1429K(34944K)
[32.582s][info][gc,heap        ] GC(225) Tenured: 40646K(699072K)->40646K(699072K)
[32.582s][info][gc,metaspace   ] GC(225) Metaspace: 71182K(72384K)->71182K(72384K) NonClass: 56605K(57280K)->56605K(57280K) Class: 14576K(15104K)->14576K(15104K)
[32.582s][info][gc             ] GC(225) Pause Young (Allocation Failure) 314M->41M(989M) 8.317ms
[32.582s][info][gc,cpu         ] GC(225) User=0.00s Sys=0.00s Real=0.00s
[32.653s][info][gc,start       ] GC(226) Pause Young (Allocation Failure)
[32.661s][info][gc,heap        ] GC(226) DefNew: 281045K(314560K)->1390K(314560K) Eden: 279616K(279616K)->0K(279616K) From: 1429K(34944K)->1390K(34944K)
[32.661s][info][gc,heap        ] GC(226) Tenured: 40646K(699072K)->40647K(699072K)
[32.661s][info][gc,metaspace   ] GC(226) Metaspace: 71182K(72384K)->71182K(72384K) NonClass: 56605K(57280K)->56605K(57280K) Class: 14576K(15104K)->14576K(15104K)
[32.661s][info][gc             ] GC(226) Pause Young (Allocation Failure) 314M->41M(989M) 8.237ms
[32.661s][info][gc,cpu         ] GC(226) User=0.00s Sys=0.00s Real=0.00s
[32.733s][info][gc,start       ] GC(227) Pause Young (Allocation Failure)
[32.741s][info][gc,heap        ] GC(227) DefNew: 281006K(314560K)->1420K(314560K) Eden: 279616K(279616K)->0K(279616K) From: 1390K(34944K)->1420K(34944K)
[32.741s][info][gc,heap        ] GC(227) Tenured: 40647K(699072K)->40647K(699072K)
[32.741s][info][gc,metaspace   ] GC(227) Metaspace: 71182K(72384K)->71182K(72384K) NonClass: 56605K(57280K)->56605K(57280K) Class: 14576K(15104K)->14576K(15104K)
[32.741s][info][gc             ] GC(227) Pause Young (Allocation Failure) 314M->41M(989M) 8.328ms
[32.741s][info][gc,cpu         ] GC(227) User=0.00s Sys=0.00s Real=0.00s
[32.813s][info][gc,start       ] GC(228) Pause Young (Allocation Failure)
[32.821s][info][gc,heap        ] GC(228) DefNew: 281036K(314560K)->1501K(314560K) Eden: 279616K(279616K)->0K(279616K) From: 1420K(34944K)->1501K(34944K)
[32.822s][info][gc,heap        ] GC(228) Tenured: 40647K(699072K)->40647K(699072K)
[32.822s][info][gc,metaspace   ] GC(228) Metaspace: 71182K(72384K)->71182K(72384K) NonClass: 56605K(57280K)->56605K(57280K) Class: 14576K(15104K)->14576K(15104K)
[32.822s][info][gc             ] GC(228) Pause Young (Allocation Failure) 314M->41M(989M) 8.705ms
[32.822s][info][gc,cpu         ] GC(228) User=0.00s Sys=0.00s Real=0.00s
[32.893s][info][gc,start       ] GC(229) Pause Young (Allocation Failure)
[32.902s][info][gc,heap        ] GC(229) DefNew: 281117K(314560K)->1421K(314560K) Eden: 279616K(279616K)->0K(279616K) From: 1501K(34944K)->1421K(34944K)
[32.902s][info][gc,heap        ] GC(229) Tenured: 40647K(699072K)->40647K(699072K)
[32.902s][info][gc,metaspace   ] GC(229) Metaspace: 71182K(72384K)->71182K(72384K) NonClass: 56605K(57280K)->56605K(57280K) Class: 14576K(15104K)->14576K(15104K)
[32.902s][info][gc             ] GC(229) Pause Young (Allocation Failure) 314M->41M(989M) 8.493ms
[32.902s][info][gc,cpu         ] GC(229) User=0.00s Sys=0.00s Real=0.00s
[32.973s][info][gc,start       ] GC(230) Pause Young (Allocation Failure)
[32.981s][info][gc,heap        ] GC(230) DefNew: 281037K(314560K)->1421K(314560K) Eden: 279616K(279616K)->0K(279616K) From: 1421K(34944K)->1421K(34944K)
[32.981s][info][gc,heap        ] GC(230) Tenured: 40647K(699072K)->40648K(699072K)
[32.981s][info][gc,metaspace   ] GC(230) Metaspace: 71182K(72384K)->71182K(72384K) NonClass: 56605K(57280K)->56605K(57280K) Class: 14576K(15104K)->14576K(15104K)
[32.981s][info][gc             ] GC(230) Pause Young (Allocation Failure) 314M->41M(989M) 8.299ms
[32.981s][info][gc,cpu         ] GC(230) User=0.00s Sys=0.00s Real=0.00s
[33.053s][info][gc,start       ] GC(231) Pause Young (Allocation Failure)
[33.062s][info][gc,heap        ] GC(231) DefNew: 281037K(314560K)->1482K(314560K) Eden: 279616K(279616K)->0K(279616K) From: 1421K(34944K)->1482K(34944K)
[33.062s][info][gc,heap        ] GC(231) Tenured: 40648K(699072K)->40664K(699072K)
[33.062s][info][gc,metaspace   ] GC(231) Metaspace: 71188K(72384K)->71188K(72384K) NonClass: 56611K(57280K)->56611K(57280K) Class: 14576K(15104K)->14576K(15104K)
[33.062s][info][gc             ] GC(231) Pause Young (Allocation Failure) 314M->41M(989M) 8.803ms
[33.062s][info][gc,cpu         ] GC(231) User=0.03s Sys=0.02s Real=0.00s
[33.133s][info][gc,start       ] GC(232) Pause Young (Allocation Failure)
[33.142s][info][gc,heap        ] GC(232) DefNew: 281098K(314560K)->1436K(314560K) Eden: 279616K(279616K)->0K(279616K) From: 1482K(34944K)->1436K(34944K)
[33.142s][info][gc,heap        ] GC(232) Tenured: 40664K(699072K)->40664K(699072K)
[33.143s][info][gc,metaspace   ] GC(232) Metaspace: 71188K(72384K)->71188K(72384K) NonClass: 56611K(57280K)->56611K(57280K) Class: 14576K(15104K)->14576K(15104K)
[33.143s][info][gc             ] GC(232) Pause Young (Allocation Failure) 314M->41M(989M) 9.405ms
[33.143s][info][gc,cpu         ] GC(232) User=0.00s Sys=0.00s Real=0.00s
[33.214s][info][gc,start       ] GC(233) Pause Young (Allocation Failure)
[33.223s][info][gc,heap        ] GC(233) DefNew: 281052K(314560K)->1492K(314560K) Eden: 279616K(279616K)->0K(279616K) From: 1436K(34944K)->1492K(34944K)
[33.223s][info][gc,heap        ] GC(233) Tenured: 40664K(699072K)->40664K(699072K)
[33.223s][info][gc,metaspace   ] GC(233) Metaspace: 71188K(72384K)->71188K(72384K) NonClass: 56611K(57280K)->56611K(57280K) Class: 14576K(15104K)->14576K(15104K)
[33.223s][info][gc             ] GC(233) Pause Young (Allocation Failure) 314M->41M(989M) 9.109ms
[33.223s][info][gc,cpu         ] GC(233) User=0.00s Sys=0.00s Real=0.00s
[33.295s][info][gc,start       ] GC(234) Pause Young (Allocation Failure)
[33.304s][info][gc,heap        ] GC(234) DefNew: 281108K(314560K)->1424K(314560K) Eden: 279616K(279616K)->0K(279616K) From: 1492K(34944K)->1424K(34944K)
[33.304s][info][gc,heap        ] GC(234) Tenured: 40664K(699072K)->40664K(699072K)
[33.304s][info][gc,metaspace   ] GC(234) Metaspace: 71204K(72384K)->71204K(72384K) NonClass: 56627K(57280K)->56627K(57280K) Class: 14576K(15104K)->14576K(15104K)
[33.304s][info][gc             ] GC(234) Pause Young (Allocation Failure) 314M->41M(989M) 8.573ms
[33.304s][info][gc,cpu         ] GC(234) User=0.00s Sys=0.00s Real=0.01s
[33.375s][info][gc,start       ] GC(235) Pause Young (Allocation Failure)
[33.384s][info][gc,heap        ] GC(235) DefNew: 281040K(314560K)->1411K(314560K) Eden: 279615K(279616K)->0K(279616K) From: 1424K(34944K)->1411K(34944K)
[33.384s][info][gc,heap        ] GC(235) Tenured: 40664K(699072K)->40664K(699072K)
[33.384s][info][gc,metaspace   ] GC(235) Metaspace: 71204K(72384K)->71204K(72384K) NonClass: 56627K(57280K)->56627K(57280K) Class: 14576K(15104K)->14576K(15104K)
[33.384s][info][gc             ] GC(235) Pause Young (Allocation Failure) 314M->41M(989M) 8.520ms
[33.384s][info][gc,cpu         ] GC(235) User=0.00s Sys=0.00s Real=0.00s
[33.457s][info][gc,start       ] GC(236) Pause Young (Allocation Failure)
[33.467s][info][gc,heap        ] GC(236) DefNew: 281027K(314560K)->1445K(314560K) Eden: 279616K(279616K)->0K(279616K) From: 1411K(34944K)->1445K(34944K)
[33.467s][info][gc,heap        ] GC(236) Tenured: 40664K(699072K)->40664K(699072K)
[33.467s][info][gc,metaspace   ] GC(236) Metaspace: 71204K(72384K)->71204K(72384K) NonClass: 56627K(57280K)->56627K(57280K) Class: 14576K(15104K)->14576K(15104K)
[33.467s][info][gc             ] GC(236) Pause Young (Allocation Failure) 314M->41M(989M) 9.555ms
[33.467s][info][gc,cpu         ] GC(236) User=0.00s Sys=0.00s Real=0.00s
[33.541s][info][gc,start       ] GC(237) Pause Young (Allocation Failure)
[33.550s][info][gc,heap        ] GC(237) DefNew: 281061K(314560K)->1479K(314560K) Eden: 279616K(279616K)->0K(279616K) From: 1445K(34944K)->1479K(34944K)
[33.550s][info][gc,heap        ] GC(237) Tenured: 40664K(699072K)->40664K(699072K)
[33.550s][info][gc,metaspace   ] GC(237) Metaspace: 71204K(72384K)->71204K(72384K) NonClass: 56627K(57280K)->56627K(57280K) Class: 14576K(15104K)->14576K(15104K)
[33.550s][info][gc             ] GC(237) Pause Young (Allocation Failure) 314M->41M(989M) 9.189ms
[33.551s][info][gc,cpu         ] GC(237) User=0.00s Sys=0.00s Real=0.00s
[33.621s][info][gc,start       ] GC(238) Pause Young (Allocation Failure)
[33.630s][info][gc,heap        ] GC(238) DefNew: 281095K(314560K)->1439K(314560K) Eden: 279616K(279616K)->0K(279616K) From: 1479K(34944K)->1439K(34944K)
[33.630s][info][gc,heap        ] GC(238) Tenured: 40664K(699072K)->40664K(699072K)
[33.630s][info][gc,metaspace   ] GC(238) Metaspace: 71205K(72384K)->71205K(72384K) NonClass: 56628K(57280K)->56628K(57280K) Class: 14576K(15104K)->14576K(15104K)
[33.630s][info][gc             ] GC(238) Pause Young (Allocation Failure) 314M->41M(989M) 8.581ms
[33.630s][info][gc,cpu         ] GC(238) User=0.00s Sys=0.00s Real=0.00s
[33.701s][info][gc,start       ] GC(239) Pause Young (Allocation Failure)
[33.709s][info][gc,heap        ] GC(239) DefNew: 281055K(314560K)->1443K(314560K) Eden: 279616K(279616K)->0K(279616K) From: 1439K(34944K)->1443K(34944K)
[33.709s][info][gc,heap        ] GC(239) Tenured: 40664K(699072K)->40664K(699072K)
[33.709s][info][gc,metaspace   ] GC(239) Metaspace: 71205K(72384K)->71205K(72384K) NonClass: 56628K(57280K)->56628K(57280K) Class: 14576K(15104K)->14576K(15104K)
[33.709s][info][gc             ] GC(239) Pause Young (Allocation Failure) 314M->41M(989M) 8.553ms
[33.709s][info][gc,cpu         ] GC(239) User=0.00s Sys=0.00s Real=0.00s
[33.780s][info][gc,start       ] GC(240) Pause Young (Allocation Failure)
[33.789s][info][gc,heap        ] GC(240) DefNew: 281059K(314560K)->1487K(314560K) Eden: 279616K(279616K)->0K(279616K) From: 1443K(34944K)->1487K(34944K)
[33.789s][info][gc,heap        ] GC(240) Tenured: 40664K(699072K)->40664K(699072K)
[33.789s][info][gc,metaspace   ] GC(240) Metaspace: 71205K(72384K)->71205K(72384K) NonClass: 56628K(57280K)->56628K(57280K) Class: 14576K(15104K)->14576K(15104K)
[33.789s][info][gc             ] GC(240) Pause Young (Allocation Failure) 314M->41M(989M) 8.543ms
[33.789s][info][gc,cpu         ] GC(240) User=0.00s Sys=0.00s Real=0.00s
[33.860s][info][gc,start       ] GC(241) Pause Young (Allocation Failure)
[33.869s][info][gc,heap        ] GC(241) DefNew: 281103K(314560K)->1512K(314560K) Eden: 279616K(279616K)->0K(279616K) From: 1487K(34944K)->1512K(34944K)
[33.869s][info][gc,heap        ] GC(241) Tenured: 40664K(699072K)->40664K(699072K)
[33.869s][info][gc,metaspace   ] GC(241) Metaspace: 71206K(72384K)->71206K(72384K) NonClass: 56629K(57280K)->56629K(57280K) Class: 14576K(15104K)->14576K(15104K)
[33.869s][info][gc             ] GC(241) Pause Young (Allocation Failure) 314M->41M(989M) 8.717ms
[33.869s][info][gc,cpu         ] GC(241) User=0.00s Sys=0.00s Real=0.00s
[33.943s][info][gc,start       ] GC(242) Pause Young (Allocation Failure)
[33.951s][info][gc,heap        ] GC(242) DefNew: 281128K(314560K)->1469K(314560K) Eden: 279616K(279616K)->0K(279616K) From: 1512K(34944K)->1469K(34944K)
[33.951s][info][gc,heap        ] GC(242) Tenured: 40664K(699072K)->40664K(699072K)
[33.951s][info][gc,metaspace   ] GC(242) Metaspace: 71207K(72384K)->71207K(72384K) NonClass: 56630K(57280K)->56630K(57280K) Class: 14576K(15104K)->14576K(15104K)
[33.951s][info][gc             ] GC(242) Pause Young (Allocation Failure) 314M->41M(989M) 8.385ms
[33.951s][info][gc,cpu         ] GC(242) User=0.00s Sys=0.00s Real=0.00s
[34.022s][info][gc,start       ] GC(243) Pause Young (Allocation Failure)
[34.030s][info][gc,heap        ] GC(243) DefNew: 281085K(314560K)->1467K(314560K) Eden: 279616K(279616K)->0K(279616K) From: 1469K(34944K)->1467K(34944K)
[34.030s][info][gc,heap        ] GC(243) Tenured: 40664K(699072K)->40664K(699072K)
[34.030s][info][gc,metaspace   ] GC(243) Metaspace: 71207K(72384K)->71207K(72384K) NonClass: 56630K(57280K)->56630K(57280K) Class: 14576K(15104K)->14576K(15104K)
[34.030s][info][gc             ] GC(243) Pause Young (Allocation Failure) 314M->41M(989M) 8.127ms
[34.030s][info][gc,cpu         ] GC(243) User=0.00s Sys=0.00s Real=0.00s
[34.103s][info][gc,start       ] GC(244) Pause Young (Allocation Failure)
[34.111s][info][gc,heap        ] GC(244) DefNew: 281083K(314560K)->1453K(314560K) Eden: 279616K(279616K)->0K(279616K) From: 1467K(34944K)->1453K(34944K)
[34.112s][info][gc,heap        ] GC(244) Tenured: 40664K(699072K)->40681K(699072K)
[34.112s][info][gc,metaspace   ] GC(244) Metaspace: 71207K(72384K)->71207K(72384K) NonClass: 56630K(57280K)->56630K(57280K) Class: 14576K(15104K)->14576K(15104K)
[34.112s][info][gc             ] GC(244) Pause Young (Allocation Failure) 314M->41M(989M) 8.125ms
[34.112s][info][gc,cpu         ] GC(244) User=0.00s Sys=0.00s Real=0.00s
[34.188s][info][gc,start       ] GC(245) Pause Young (Allocation Failure)
[34.196s][info][gc,heap        ] GC(245) DefNew: 281069K(314560K)->1409K(314560K) Eden: 279616K(279616K)->0K(279616K) From: 1453K(34944K)->1409K(34944K)
[34.196s][info][gc,heap        ] GC(245) Tenured: 40681K(699072K)->40681K(699072K)
[34.196s][info][gc,metaspace   ] GC(245) Metaspace: 71236K(72384K)->71236K(72384K) NonClass: 56660K(57280K)->56660K(57280K) Class: 14576K(15104K)->14576K(15104K)
[34.196s][info][gc             ] GC(245) Pause Young (Allocation Failure) 314M->41M(989M) 8.420ms
[34.196s][info][gc,cpu         ] GC(245) User=0.02s Sys=0.00s Real=0.02s
[34.282s][info][gc,start       ] GC(246) Pause Young (Allocation Failure)
[34.290s][info][gc,heap        ] GC(246) DefNew: 281025K(314560K)->1400K(314560K) Eden: 279616K(279616K)->0K(279616K) From: 1409K(34944K)->1400K(34944K)
[34.290s][info][gc,heap        ] GC(246) Tenured: 40681K(699072K)->40702K(699072K)
[34.290s][info][gc,metaspace   ] GC(246) Metaspace: 71250K(72384K)->71250K(72384K) NonClass: 56673K(57280K)->56673K(57280K) Class: 14576K(15104K)->14576K(15104K)
[34.290s][info][gc             ] GC(246) Pause Young (Allocation Failure) 314M->41M(989M) 7.809ms
[34.290s][info][gc,cpu         ] GC(246) User=0.00s Sys=0.00s Real=0.00s
[34.385s][info][gc,start       ] GC(247) Pause Young (Allocation Failure)
[34.392s][info][gc,heap        ] GC(247) DefNew: 281016K(314560K)->1358K(314560K) Eden: 279616K(279616K)->0K(279616K) From: 1400K(34944K)->1358K(34944K)
[34.392s][info][gc,heap        ] GC(247) Tenured: 40702K(699072K)->40702K(699072K)
[34.392s][info][gc,metaspace   ] GC(247) Metaspace: 71253K(72384K)->71253K(72384K) NonClass: 56677K(57280K)->56677K(57280K) Class: 14576K(15104K)->14576K(15104K)
[34.392s][info][gc             ] GC(247) Pause Young (Allocation Failure) 314M->41M(989M) 6.759ms
[34.392s][info][gc,cpu         ] GC(247) User=0.00s Sys=0.00s Real=0.00s
[34.518s][info][gc,start       ] GC(248) Pause Young (Allocation Failure)
[34.524s][info][gc,heap        ] GC(248) DefNew: 280974K(314560K)->1341K(314560K) Eden: 279616K(279616K)->0K(279616K) From: 1358K(34944K)->1341K(34944K)
[34.524s][info][gc,heap        ] GC(248) Tenured: 40702K(699072K)->40702K(699072K)
[34.524s][info][gc,metaspace   ] GC(248) Metaspace: 71278K(72384K)->71278K(72384K) NonClass: 56702K(57280K)->56702K(57280K) Class: 14576K(15104K)->14576K(15104K)
[34.524s][info][gc             ] GC(248) Pause Young (Allocation Failure) 314M->41M(989M) 5.412ms
[34.524s][info][gc,cpu         ] GC(248) User=0.00s Sys=0.00s Real=0.00s
[34.697s][info][gc,start       ] GC(249) Pause Young (Allocation Failure)
[34.701s][info][gc,heap        ] GC(249) DefNew: 280957K(314560K)->1325K(314560K) Eden: 279616K(279616K)->0K(279616K) From: 1341K(34944K)->1325K(34944K)
[34.701s][info][gc,heap        ] GC(249) Tenured: 40702K(699072K)->40717K(699072K)
[34.701s][info][gc,metaspace   ] GC(249) Metaspace: 71278K(72384K)->71278K(72384K) NonClass: 56702K(57280K)->56702K(57280K) Class: 14576K(15104K)->14576K(15104K)
[34.701s][info][gc             ] GC(249) Pause Young (Allocation Failure) 314M->41M(989M) 4.342ms
[34.701s][info][gc,cpu         ] GC(249) User=0.00s Sys=0.00s Real=0.00s
[34.892s][info][gc,start       ] GC(250) Pause Young (Allocation Failure)
[34.896s][info][gc,heap        ] GC(250) DefNew: 280941K(314560K)->1305K(314560K) Eden: 279616K(279616K)->0K(279616K) From: 1325K(34944K)->1305K(34944K)
[34.896s][info][gc,heap        ] GC(250) Tenured: 40717K(699072K)->40717K(699072K)
[34.896s][info][gc,metaspace   ] GC(250) Metaspace: 71278K(72384K)->71278K(72384K) NonClass: 56702K(57280K)->56702K(57280K) Class: 14576K(15104K)->14576K(15104K)
[34.896s][info][gc             ] GC(250) Pause Young (Allocation Failure) 314M->41M(989M) 4.079ms
[34.896s][info][gc,cpu         ] GC(250) User=0.00s Sys=0.00s Real=0.00s
[35.145s][info][gc,start       ] GC(251) Pause Young (Allocation Failure)
[35.149s][info][gc,heap        ] GC(251) DefNew: 280921K(314560K)->1298K(314560K) Eden: 279616K(279616K)->0K(279616K) From: 1305K(34944K)->1298K(34944K)
[35.149s][info][gc,heap        ] GC(251) Tenured: 40717K(699072K)->40717K(699072K)
[35.149s][info][gc,metaspace   ] GC(251) Metaspace: 71278K(72384K)->71278K(72384K) NonClass: 56702K(57280K)->56702K(57280K) Class: 14576K(15104K)->14576K(15104K)
[35.149s][info][gc             ] GC(251) Pause Young (Allocation Failure) 314M->41M(989M) 3.960ms
[35.149s][info][gc,cpu         ] GC(251) User=0.02s Sys=0.00s Real=0.02s
[35.433s][info][gc,start       ] GC(252) Pause Young (Allocation Failure)
[35.439s][info][gc,heap        ] GC(252) DefNew: 280914K(314560K)->1281K(314560K) Eden: 279616K(279616K)->0K(279616K) From: 1298K(34944K)->1281K(34944K)
[35.439s][info][gc,heap        ] GC(252) Tenured: 40717K(699072K)->40746K(699072K)
[35.439s][info][gc,metaspace   ] GC(252) Metaspace: 71278K(72384K)->71278K(72384K) NonClass: 56702K(57280K)->56702K(57280K) Class: 14576K(15104K)->14576K(15104K)
[35.439s][info][gc             ] GC(252) Pause Young (Allocation Failure) 314M->41M(989M) 5.307ms
[35.439s][info][gc,cpu         ] GC(252) User=0.00s Sys=0.00s Real=0.00s
[35.737s][info][gc,start       ] GC(253) Pause Young (Allocation Failure)
[35.745s][info][gc,heap        ] GC(253) DefNew: 280897K(314560K)->1264K(314560K) Eden: 279616K(279616K)->0K(279616K) From: 1281K(34944K)->1264K(34944K)
[35.745s][info][gc,heap        ] GC(253) Tenured: 40746K(699072K)->40772K(699072K)
[35.745s][info][gc,metaspace   ] GC(253) Metaspace: 71278K(72384K)->71278K(72384K) NonClass: 56702K(57280K)->56702K(57280K) Class: 14576K(15104K)->14576K(15104K)
[35.745s][info][gc             ] GC(253) Pause Young (Allocation Failure) 314M->41M(989M) 8.592ms
[35.745s][info][gc,cpu         ] GC(253) User=0.00s Sys=0.00s Real=0.00s
[36.043s][info][gc,start       ] GC(254) Pause Young (Allocation Failure)
[36.051s][info][gc,heap        ] GC(254) DefNew: 280880K(314560K)->1240K(314560K) Eden: 279616K(279616K)->0K(279616K) From: 1264K(34944K)->1240K(34944K)
[36.051s][info][gc,heap        ] GC(254) Tenured: 40772K(699072K)->40798K(699072K)
[36.051s][info][gc,metaspace   ] GC(254) Metaspace: 71278K(72384K)->71278K(72384K) NonClass: 56702K(57280K)->56702K(57280K) Class: 14576K(15104K)->14576K(15104K)
[36.051s][info][gc             ] GC(254) Pause Young (Allocation Failure) 314M->41M(989M) 8.280ms
[36.051s][info][gc,cpu         ] GC(254) User=0.00s Sys=0.00s Real=0.00s
[36.353s][info][gc,start       ] GC(255) Pause Young (Allocation Failure)
[36.359s][info][gc,heap        ] GC(255) DefNew: 280856K(314560K)->1213K(314560K) Eden: 279616K(279616K)->0K(279616K) From: 1240K(34944K)->1213K(34944K)
[36.359s][info][gc,heap        ] GC(255) Tenured: 40798K(699072K)->40818K(699072K)
[36.359s][info][gc,metaspace   ] GC(255) Metaspace: 71278K(72384K)->71278K(72384K) NonClass: 56702K(57280K)->56702K(57280K) Class: 14576K(15104K)->14576K(15104K)
[36.359s][info][gc             ] GC(255) Pause Young (Allocation Failure) 314M->41M(989M) 6.449ms
[36.359s][info][gc,cpu         ] GC(255) User=0.00s Sys=0.00s Real=0.00s
[36.716s][info][gc,start       ] GC(256) Pause Full (System.gc())
[36.716s][info][gc,phases,start] GC(256) Phase 1: Mark live objects
[36.770s][info][gc,phases      ] GC(256) Phase 1: Mark live objects 53.362ms
[36.770s][info][gc,phases,start] GC(256) Phase 2: Compute new object addresses
[36.845s][info][gc,phases      ] GC(256) Phase 2: Compute new object addresses 75.837ms
[36.845s][info][gc,phases,start] GC(256) Phase 3: Adjust pointers
[36.870s][info][gc,phases      ] GC(256) Phase 3: Adjust pointers 24.122ms
[36.870s][info][gc,phases,start] GC(256) Phase 4: Move objects
[36.871s][info][gc,phases      ] GC(256) Phase 4: Move objects 1.306ms
[36.871s][info][gc,heap        ] GC(256) DefNew: 206333K(314560K)->0K(314560K) Eden: 205119K(279616K)->0K(279616K) From: 1213K(34944K)->0K(34944K)
[36.871s][info][gc,heap        ] GC(256) Tenured: 40818K(699072K)->42062K(699072K)
[36.871s][info][gc,metaspace   ] GC(256) Metaspace: 71291K(72384K)->71291K(72384K) NonClass: 56714K(57280K)->56714K(57280K) Class: 14576K(15104K)->14576K(15104K)
[36.872s][info][gc             ] GC(256) Pause Full (System.gc()) 241M->41M(989M) 155.555ms
[36.872s][info][gc,cpu         ] GC(256) User=0.16s Sys=0.00s Real=0.16s
[36.977s][info][gc,start       ] GC(257) Pause Young (Allocation Failure)
[36.992s][info][gc,heap        ] GC(257) DefNew: 279616K(314560K)->3562K(314560K) Eden: 279616K(279616K)->0K(279616K) From: 0K(34944K)->3562K(34944K)
[36.992s][info][gc,heap        ] GC(257) Tenured: 42062K(699072K)->42062K(699072K)
[36.992s][info][gc,metaspace   ] GC(257) Metaspace: 71404K(72448K)->71404K(72448K) NonClass: 56827K(57344K)->56827K(57344K) Class: 14577K(15104K)->14577K(15104K)
[36.992s][info][gc             ] GC(257) Pause Young (Allocation Failure) 314M->44M(989M) 15.424ms
[36.992s][info][gc,cpu         ] GC(257) User=0.00s Sys=0.00s Real=0.00s
[37.065s][info][gc,start       ] GC(258) Pause Young (Allocation Failure)
[37.078s][info][gc,heap        ] GC(258) DefNew: 283178K(314560K)->3618K(314560K) Eden: 279616K(279616K)->0K(279616K) From: 3562K(34944K)->3618K(34944K)
[37.078s][info][gc,heap        ] GC(258) Tenured: 42062K(699072K)->42062K(699072K)
[37.078s][info][gc,metaspace   ] GC(258) Metaspace: 71404K(72448K)->71404K(72448K) NonClass: 56827K(57344K)->56827K(57344K) Class: 14577K(15104K)->14577K(15104K)
[37.078s][info][gc             ] GC(258) Pause Young (Allocation Failure) 317M->44M(989M) 12.841ms
[37.078s][info][gc,cpu         ] GC(258) User=0.00s Sys=0.00s Real=0.00s
[37.151s][info][gc,start       ] GC(259) Pause Young (Allocation Failure)
[37.164s][info][gc,heap        ] GC(259) DefNew: 283234K(314560K)->3676K(314560K) Eden: 279616K(279616K)->0K(279616K) From: 3618K(34944K)->3676K(34944K)
[37.164s][info][gc,heap        ] GC(259) Tenured: 42062K(699072K)->42062K(699072K)
[37.164s][info][gc,metaspace   ] GC(259) Metaspace: 71404K(72448K)->71404K(72448K) NonClass: 56827K(57344K)->56827K(57344K) Class: 14577K(15104K)->14577K(15104K)
[37.164s][info][gc             ] GC(259) Pause Young (Allocation Failure) 317M->44M(989M) 12.645ms
[37.164s][info][gc,cpu         ] GC(259) User=0.00s Sys=0.00s Real=0.00s
[37.234s][info][gc,start       ] GC(260) Pause Young (Allocation Failure)
[37.246s][info][gc,heap        ] GC(260) DefNew: 283292K(314560K)->3608K(314560K) Eden: 279616K(279616K)->0K(279616K) From: 3676K(34944K)->3608K(34944K)
[37.246s][info][gc,heap        ] GC(260) Tenured: 42062K(699072K)->42062K(699072K)
[37.246s][info][gc,metaspace   ] GC(260) Metaspace: 71404K(72448K)->71404K(72448K) NonClass: 56827K(57344K)->56827K(57344K) Class: 14577K(15104K)->14577K(15104K)
[37.246s][info][gc             ] GC(260) Pause Young (Allocation Failure) 317M->44M(989M) 12.350ms
[37.246s][info][gc,cpu         ] GC(260) User=0.00s Sys=0.00s Real=0.00s
[37.317s][info][gc,start       ] GC(261) Pause Young (Allocation Failure)
[37.329s][info][gc,heap        ] GC(261) DefNew: 283224K(314560K)->3547K(314560K) Eden: 279616K(279616K)->0K(279616K) From: 3608K(34944K)->3547K(34944K)
[37.329s][info][gc,heap        ] GC(261) Tenured: 42062K(699072K)->42062K(699072K)
[37.329s][info][gc,metaspace   ] GC(261) Metaspace: 71404K(72448K)->71404K(72448K) NonClass: 56827K(57344K)->56827K(57344K) Class: 14577K(15104K)->14577K(15104K)
[37.329s][info][gc             ] GC(261) Pause Young (Allocation Failure) 317M->44M(989M) 12.192ms
[37.329s][info][gc,cpu         ] GC(261) User=0.00s Sys=0.00s Real=0.00s
[37.402s][info][gc,start       ] GC(262) Pause Young (Allocation Failure)
[37.414s][info][gc,heap        ] GC(262) DefNew: 283163K(314560K)->3517K(314560K) Eden: 279616K(279616K)->0K(279616K) From: 3547K(34944K)->3517K(34944K)
[37.414s][info][gc,heap        ] GC(262) Tenured: 42062K(699072K)->42062K(699072K)
[37.414s][info][gc,metaspace   ] GC(262) Metaspace: 71404K(72448K)->71404K(72448K) NonClass: 56827K(57344K)->56827K(57344K) Class: 14577K(15104K)->14577K(15104K)
[37.414s][info][gc             ] GC(262) Pause Young (Allocation Failure) 317M->44M(989M) 12.197ms
[37.414s][info][gc,cpu         ] GC(262) User=0.00s Sys=0.00s Real=0.00s
[37.484s][info][gc,start       ] GC(263) Pause Young (Allocation Failure)
[37.498s][info][gc,heap        ] GC(263) DefNew: 283133K(314560K)->3605K(314560K) Eden: 279616K(279616K)->0K(279616K) From: 3517K(34944K)->3605K(34944K)
[37.498s][info][gc,heap        ] GC(263) Tenured: 42062K(699072K)->42062K(699072K)
[37.498s][info][gc,metaspace   ] GC(263) Metaspace: 71404K(72448K)->71404K(72448K) NonClass: 56827K(57344K)->56827K(57344K) Class: 14577K(15104K)->14577K(15104K)
[37.498s][info][gc             ] GC(263) Pause Young (Allocation Failure) 317M->44M(989M) 13.959ms
[37.498s][info][gc,cpu         ] GC(263) User=0.00s Sys=0.00s Real=0.00s
[37.569s][info][gc,start       ] GC(264) Pause Young (Allocation Failure)
[37.583s][info][gc,heap        ] GC(264) DefNew: 283221K(314560K)->3571K(314560K) Eden: 279616K(279616K)->0K(279616K) From: 3605K(34944K)->3571K(34944K)
[37.583s][info][gc,heap        ] GC(264) Tenured: 42062K(699072K)->42062K(699072K)
[37.583s][info][gc,metaspace   ] GC(264) Metaspace: 71404K(72448K)->71404K(72448K) NonClass: 56827K(57344K)->56827K(57344K) Class: 14577K(15104K)->14577K(15104K)
[37.583s][info][gc             ] GC(264) Pause Young (Allocation Failure) 317M->44M(989M) 13.818ms
[37.583s][info][gc,cpu         ] GC(264) User=0.02s Sys=0.00s Real=0.00s
[37.657s][info][gc,start       ] GC(265) Pause Young (Allocation Failure)
[37.669s][info][gc,heap        ] GC(265) DefNew: 283187K(314560K)->3528K(314560K) Eden: 279616K(279616K)->0K(279616K) From: 3571K(34944K)->3528K(34944K)
[37.669s][info][gc,heap        ] GC(265) Tenured: 42062K(699072K)->42062K(699072K)
[37.669s][info][gc,metaspace   ] GC(265) Metaspace: 71404K(72448K)->71404K(72448K) NonClass: 56827K(57344K)->56827K(57344K) Class: 14577K(15104K)->14577K(15104K)
[37.670s][info][gc             ] GC(265) Pause Young (Allocation Failure) 317M->44M(989M) 12.865ms
[37.670s][info][gc,cpu         ] GC(265) User=0.00s Sys=0.00s Real=0.00s
[37.741s][info][gc,start       ] GC(266) Pause Young (Allocation Failure)
[37.753s][info][gc,heap        ] GC(266) DefNew: 283144K(314560K)->3553K(314560K) Eden: 279616K(279616K)->0K(279616K) From: 3528K(34944K)->3553K(34944K)
[37.753s][info][gc,heap        ] GC(266) Tenured: 42062K(699072K)->42062K(699072K)
[37.753s][info][gc,metaspace   ] GC(266) Metaspace: 71404K(72448K)->71404K(72448K) NonClass: 56827K(57344K)->56827K(57344K) Class: 14577K(15104K)->14577K(15104K)
[37.753s][info][gc             ] GC(266) Pause Young (Allocation Failure) 317M->44M(989M) 12.193ms
[37.754s][info][gc,cpu         ] GC(266) User=0.00s Sys=0.00s Real=0.00s
[37.826s][info][gc,start       ] GC(267) Pause Young (Allocation Failure)
[37.859s][info][gc,heap        ] GC(267) DefNew: 283169K(314560K)->3528K(314560K) Eden: 279616K(279616K)->0K(279616K) From: 3553K(34944K)->3528K(34944K)
[37.859s][info][gc,heap        ] GC(267) Tenured: 42062K(699072K)->42062K(699072K)
[37.859s][info][gc,metaspace   ] GC(267) Metaspace: 71404K(72448K)->71404K(72448K) NonClass: 56827K(57344K)->56827K(57344K) Class: 14577K(15104K)->14577K(15104K)
[37.859s][info][gc             ] GC(267) Pause Young (Allocation Failure) 317M->44M(989M) 32.826ms
[37.859s][info][gc,cpu         ] GC(267) User=0.02s Sys=0.00s Real=0.03s
[37.936s][info][gc,start       ] GC(268) Pause Young (Allocation Failure)
[37.948s][info][gc,heap        ] GC(268) DefNew: 283144K(314560K)->3602K(314560K) Eden: 279616K(279616K)->0K(279616K) From: 3528K(34944K)->3602K(34944K)
[37.948s][info][gc,heap        ] GC(268) Tenured: 42062K(699072K)->42062K(699072K)
[37.948s][info][gc,metaspace   ] GC(268) Metaspace: 71404K(72448K)->71404K(72448K) NonClass: 56827K(57344K)->56827K(57344K) Class: 14577K(15104K)->14577K(15104K)
[37.949s][info][gc             ] GC(268) Pause Young (Allocation Failure) 317M->44M(989M) 12.560ms
[37.949s][info][gc,cpu         ] GC(268) User=0.02s Sys=0.00s Real=0.01s
[38.019s][info][gc,start       ] GC(269) Pause Young (Allocation Failure)
[38.031s][info][gc,heap        ] GC(269) DefNew: 283218K(314560K)->3529K(314560K) Eden: 279616K(279616K)->0K(279616K) From: 3602K(34944K)->3529K(34944K)
[38.032s][info][gc,heap        ] GC(269) Tenured: 42062K(699072K)->42062K(699072K)
[38.032s][info][gc,metaspace   ] GC(269) Metaspace: 71404K(72448K)->71404K(72448K) NonClass: 56827K(57344K)->56827K(57344K) Class: 14577K(15104K)->14577K(15104K)
[38.032s][info][gc             ] GC(269) Pause Young (Allocation Failure) 317M->44M(989M) 12.208ms
[38.032s][info][gc,cpu         ] GC(269) User=0.00s Sys=0.00s Real=0.00s
[38.102s][info][gc,start       ] GC(270) Pause Young (Allocation Failure)
[38.115s][info][gc,heap        ] GC(270) DefNew: 283145K(314560K)->3603K(314560K) Eden: 279616K(279616K)->0K(279616K) From: 3529K(34944K)->3603K(34944K)
[38.115s][info][gc,heap        ] GC(270) Tenured: 42062K(699072K)->42062K(699072K)
[38.115s][info][gc,metaspace   ] GC(270) Metaspace: 71404K(72448K)->71404K(72448K) NonClass: 56827K(57344K)->56827K(57344K) Class: 14577K(15104K)->14577K(15104K)
[38.115s][info][gc             ] GC(270) Pause Young (Allocation Failure) 317M->44M(989M) 12.284ms
[38.115s][info][gc,cpu         ] GC(270) User=0.00s Sys=0.00s Real=0.00s
[38.187s][info][gc,start       ] GC(271) Pause Young (Allocation Failure)
[38.199s][info][gc,heap        ] GC(271) DefNew: 283219K(314560K)->3531K(314560K) Eden: 279616K(279616K)->0K(279616K) From: 3603K(34944K)->3531K(34944K)
[38.199s][info][gc,heap        ] GC(271) Tenured: 42062K(699072K)->42062K(699072K)
[38.199s][info][gc,metaspace   ] GC(271) Metaspace: 71404K(72448K)->71404K(72448K) NonClass: 56827K(57344K)->56827K(57344K) Class: 14577K(15104K)->14577K(15104K)
[38.199s][info][gc             ] GC(271) Pause Young (Allocation Failure) 317M->44M(989M) 12.182ms
[38.199s][info][gc,cpu         ] GC(271) User=0.00s Sys=0.00s Real=0.00s
[38.273s][info][gc,start       ] GC(272) Pause Young (Allocation Failure)
[38.287s][info][gc,heap        ] GC(272) DefNew: 283147K(314560K)->1465K(314560K) Eden: 279616K(279616K)->0K(279616K) From: 3531K(34944K)->1465K(34944K)
[38.287s][info][gc,heap        ] GC(272) Tenured: 42062K(699072K)->44194K(699072K)
[38.287s][info][gc,metaspace   ] GC(272) Metaspace: 71412K(72448K)->71412K(72448K) NonClass: 56834K(57344K)->56834K(57344K) Class: 14577K(15104K)->14577K(15104K)
[38.287s][info][gc             ] GC(272) Pause Young (Allocation Failure) 317M->44M(989M) 14.265ms
[38.287s][info][gc,cpu         ] GC(272) User=0.00s Sys=0.00s Real=0.00s
[38.365s][info][gc,start       ] GC(273) Pause Young (Allocation Failure)
[38.373s][info][gc,heap        ] GC(273) DefNew: 281081K(314560K)->1449K(314560K) Eden: 279616K(279616K)->0K(279616K) From: 1465K(34944K)->1449K(34944K)
[38.373s][info][gc,heap        ] GC(273) Tenured: 44194K(699072K)->44195K(699072K)
[38.373s][info][gc,metaspace   ] GC(273) Metaspace: 71421K(72448K)->71421K(72448K) NonClass: 56843K(57344K)->56843K(57344K) Class: 14577K(15104K)->14577K(15104K)
[38.373s][info][gc             ] GC(273) Pause Young (Allocation Failure) 317M->44M(989M) 8.452ms
[38.373s][info][gc,cpu         ] GC(273) User=0.00s Sys=0.00s Real=0.00s
[38.443s][info][gc,start       ] GC(274) Pause Young (Allocation Failure)
[38.451s][info][gc,heap        ] GC(274) DefNew: 281065K(314560K)->1463K(314560K) Eden: 279616K(279616K)->0K(279616K) From: 1449K(34944K)->1463K(34944K)
[38.451s][info][gc,heap        ] GC(274) Tenured: 44195K(699072K)->44195K(699072K)
[38.451s][info][gc,metaspace   ] GC(274) Metaspace: 71421K(72448K)->71421K(72448K) NonClass: 56843K(57344K)->56843K(57344K) Class: 14577K(15104K)->14577K(15104K)
[38.452s][info][gc             ] GC(274) Pause Young (Allocation Failure) 317M->44M(989M) 8.412ms
[38.452s][info][gc,cpu         ] GC(274) User=0.00s Sys=0.00s Real=0.00s
[38.522s][info][gc,start       ] GC(275) Pause Young (Allocation Failure)
[38.530s][info][gc,heap        ] GC(275) DefNew: 281079K(314560K)->1441K(314560K) Eden: 279616K(279616K)->0K(279616K) From: 1463K(34944K)->1441K(34944K)
[38.530s][info][gc,heap        ] GC(275) Tenured: 44195K(699072K)->44195K(699072K)
[38.530s][info][gc,metaspace   ] GC(275) Metaspace: 71421K(72448K)->71421K(72448K) NonClass: 56843K(57344K)->56843K(57344K) Class: 14577K(15104K)->14577K(15104K)
[38.530s][info][gc             ] GC(275) Pause Young (Allocation Failure) 317M->44M(989M) 8.377ms
[38.530s][info][gc,cpu         ] GC(275) User=0.02s Sys=0.00s Real=0.00s
[38.601s][info][gc,start       ] GC(276) Pause Young (Allocation Failure)
[38.609s][info][gc,heap        ] GC(276) DefNew: 281057K(314560K)->1386K(314560K) Eden: 279616K(279616K)->0K(279616K) From: 1441K(34944K)->1386K(34944K)
[38.609s][info][gc,heap        ] GC(276) Tenured: 44195K(699072K)->44195K(699072K)
[38.609s][info][gc,metaspace   ] GC(276) Metaspace: 71421K(72448K)->71421K(72448K) NonClass: 56843K(57344K)->56843K(57344K) Class: 14577K(15104K)->14577K(15104K)
[38.609s][info][gc             ] GC(276) Pause Young (Allocation Failure) 317M->44M(989M) 8.130ms
[38.609s][info][gc,cpu         ] GC(276) User=0.00s Sys=0.00s Real=0.00s
[38.679s][info][gc,start       ] GC(277) Pause Young (Allocation Failure)
[38.688s][info][gc,heap        ] GC(277) DefNew: 281002K(314560K)->1465K(314560K) Eden: 279616K(279616K)->0K(279616K) From: 1386K(34944K)->1465K(34944K)
[38.688s][info][gc,heap        ] GC(277) Tenured: 44195K(699072K)->44195K(699072K)
[38.688s][info][gc,metaspace   ] GC(277) Metaspace: 71421K(72448K)->71421K(72448K) NonClass: 56844K(57344K)->56844K(57344K) Class: 14577K(15104K)->14577K(15104K)
[38.688s][info][gc             ] GC(277) Pause Young (Allocation Failure) 317M->44M(989M) 9.273ms
[38.688s][info][gc,cpu         ] GC(277) User=0.00s Sys=0.00s Real=0.00s
[38.758s][info][gc,start       ] GC(278) Pause Young (Allocation Failure)
[38.767s][info][gc,heap        ] GC(278) DefNew: 281081K(314560K)->1473K(314560K) Eden: 279616K(279616K)->0K(279616K) From: 1465K(34944K)->1473K(34944K)
[38.767s][info][gc,heap        ] GC(278) Tenured: 44195K(699072K)->44195K(699072K)
[38.767s][info][gc,metaspace   ] GC(278) Metaspace: 71421K(72448K)->71421K(72448K) NonClass: 56844K(57344K)->56844K(57344K) Class: 14577K(15104K)->14577K(15104K)
[38.767s][info][gc             ] GC(278) Pause Young (Allocation Failure) 317M->44M(989M) 8.974ms
[38.767s][info][gc,cpu         ] GC(278) User=0.00s Sys=0.00s Real=0.00s
[38.838s][info][gc,start       ] GC(279) Pause Young (Allocation Failure)
[38.846s][info][gc,heap        ] GC(279) DefNew: 281089K(314560K)->1493K(314560K) Eden: 279616K(279616K)->0K(279616K) From: 1473K(34944K)->1493K(34944K)
[38.846s][info][gc,heap        ] GC(279) Tenured: 44195K(699072K)->44195K(699072K)
[38.846s][info][gc,metaspace   ] GC(279) Metaspace: 71421K(72448K)->71421K(72448K) NonClass: 56844K(57344K)->56844K(57344K) Class: 14577K(15104K)->14577K(15104K)
[38.846s][info][gc             ] GC(279) Pause Young (Allocation Failure) 317M->44M(989M) 8.619ms
[38.846s][info][gc,cpu         ] GC(279) User=0.00s Sys=0.00s Real=0.00s
[38.916s][info][gc,start       ] GC(280) Pause Young (Allocation Failure)
[38.925s][info][gc,heap        ] GC(280) DefNew: 281109K(314560K)->1474K(314560K) Eden: 279616K(279616K)->0K(279616K) From: 1493K(34944K)->1474K(34944K)
[38.925s][info][gc,heap        ] GC(280) Tenured: 44195K(699072K)->44195K(699072K)
[38.925s][info][gc,metaspace   ] GC(280) Metaspace: 71421K(72448K)->71421K(72448K) NonClass: 56844K(57344K)->56844K(57344K) Class: 14577K(15104K)->14577K(15104K)
[38.925s][info][gc             ] GC(280) Pause Young (Allocation Failure) 317M->44M(989M) 8.375ms
[38.925s][info][gc,cpu         ] GC(280) User=0.00s Sys=0.00s Real=0.00s
[38.995s][info][gc,start       ] GC(281) Pause Young (Allocation Failure)
[39.004s][info][gc,heap        ] GC(281) DefNew: 281090K(314560K)->1474K(314560K) Eden: 279616K(279616K)->0K(279616K) From: 1474K(34944K)->1474K(34944K)
[39.004s][info][gc,heap        ] GC(281) Tenured: 44195K(699072K)->44195K(699072K)
[39.004s][info][gc,metaspace   ] GC(281) Metaspace: 71421K(72448K)->71421K(72448K) NonClass: 56844K(57344K)->56844K(57344K) Class: 14577K(15104K)->14577K(15104K)
[39.004s][info][gc             ] GC(281) Pause Young (Allocation Failure) 317M->44M(989M) 8.441ms
[39.004s][info][gc,cpu         ] GC(281) User=0.00s Sys=0.00s Real=0.00s
[39.074s][info][gc,start       ] GC(282) Pause Young (Allocation Failure)
[39.083s][info][gc,heap        ] GC(282) DefNew: 281090K(314560K)->1514K(314560K) Eden: 279616K(279616K)->0K(279616K) From: 1474K(34944K)->1514K(34944K)
[39.083s][info][gc,heap        ] GC(282) Tenured: 44195K(699072K)->44195K(699072K)
[39.083s][info][gc,metaspace   ] GC(282) Metaspace: 71421K(72448K)->71421K(72448K) NonClass: 56844K(57344K)->56844K(57344K) Class: 14577K(15104K)->14577K(15104K)
[39.083s][info][gc             ] GC(282) Pause Young (Allocation Failure) 317M->44M(989M) 8.536ms
[39.083s][info][gc,cpu         ] GC(282) User=0.00s Sys=0.00s Real=0.00s
[39.154s][info][gc,start       ] GC(283) Pause Young (Allocation Failure)
[39.162s][info][gc,heap        ] GC(283) DefNew: 281130K(314560K)->1440K(314560K) Eden: 279616K(279616K)->0K(279616K) From: 1514K(34944K)->1440K(34944K)
[39.162s][info][gc,heap        ] GC(283) Tenured: 44195K(699072K)->44211K(699072K)
[39.162s][info][gc,metaspace   ] GC(283) Metaspace: 71421K(72448K)->71421K(72448K) NonClass: 56844K(57344K)->56844K(57344K) Class: 14577K(15104K)->14577K(15104K)
[39.162s][info][gc             ] GC(283) Pause Young (Allocation Failure) 317M->44M(989M) 8.527ms
[39.162s][info][gc,cpu         ] GC(283) User=0.00s Sys=0.00s Real=0.00s
[39.233s][info][gc,start       ] GC(284) Pause Young (Allocation Failure)
[39.241s][info][gc,heap        ] GC(284) DefNew: 281056K(314560K)->1465K(314560K) Eden: 279616K(279616K)->0K(279616K) From: 1440K(34944K)->1465K(34944K)
[39.241s][info][gc,heap        ] GC(284) Tenured: 44211K(699072K)->44212K(699072K)
[39.241s][info][gc,metaspace   ] GC(284) Metaspace: 71421K(72448K)->71421K(72448K) NonClass: 56844K(57344K)->56844K(57344K) Class: 14577K(15104K)->14577K(15104K)
[39.241s][info][gc             ] GC(284) Pause Young (Allocation Failure) 317M->44M(989M) 8.399ms
[39.241s][info][gc,cpu         ] GC(284) User=0.00s Sys=0.00s Real=0.00s
[39.311s][info][gc,start       ] GC(285) Pause Young (Allocation Failure)
[39.319s][info][gc,heap        ] GC(285) DefNew: 281081K(314560K)->1485K(314560K) Eden: 279616K(279616K)->0K(279616K) From: 1465K(34944K)->1485K(34944K)
[39.319s][info][gc,heap        ] GC(285) Tenured: 44212K(699072K)->44212K(699072K)
[39.319s][info][gc,metaspace   ] GC(285) Metaspace: 71421K(72448K)->71421K(72448K) NonClass: 56844K(57344K)->56844K(57344K) Class: 14577K(15104K)->14577K(15104K)
[39.319s][info][gc             ] GC(285) Pause Young (Allocation Failure) 317M->44M(989M) 8.478ms
[39.319s][info][gc,cpu         ] GC(285) User=0.00s Sys=0.00s Real=0.00s
[39.389s][info][gc,start       ] GC(286) Pause Young (Allocation Failure)
[39.398s][info][gc,heap        ] GC(286) DefNew: 281101K(314560K)->1407K(314560K) Eden: 279616K(279616K)->0K(279616K) From: 1485K(34944K)->1407K(34944K)
[39.398s][info][gc,heap        ] GC(286) Tenured: 44212K(699072K)->44212K(699072K)
[39.398s][info][gc,metaspace   ] GC(286) Metaspace: 71421K(72448K)->71421K(72448K) NonClass: 56844K(57344K)->56844K(57344K) Class: 14577K(15104K)->14577K(15104K)
[39.398s][info][gc             ] GC(286) Pause Young (Allocation Failure) 317M->44M(989M) 9.039ms
[39.398s][info][gc,cpu         ] GC(286) User=0.00s Sys=0.00s Real=0.00s
[39.469s][info][gc,start       ] GC(287) Pause Young (Allocation Failure)
[39.478s][info][gc,heap        ] GC(287) DefNew: 281023K(314560K)->1383K(314560K) Eden: 279616K(279616K)->0K(279616K) From: 1407K(34944K)->1383K(34944K)
[39.478s][info][gc,heap        ] GC(287) Tenured: 44212K(699072K)->44238K(699072K)
[39.478s][info][gc,metaspace   ] GC(287) Metaspace: 71421K(72448K)->71421K(72448K) NonClass: 56844K(57344K)->56844K(57344K) Class: 14577K(15104K)->14577K(15104K)
[39.478s][info][gc             ] GC(287) Pause Young (Allocation Failure) 317M->44M(989M) 8.649ms
[39.478s][info][gc,cpu         ] GC(287) User=0.00s Sys=0.00s Real=0.00s
[39.549s][info][gc,start       ] GC(288) Pause Young (Allocation Failure)
[39.557s][info][gc,heap        ] GC(288) DefNew: 280999K(314560K)->1389K(314560K) Eden: 279616K(279616K)->0K(279616K) From: 1383K(34944K)->1389K(34944K)
[39.557s][info][gc,heap        ] GC(288) Tenured: 44238K(699072K)->44255K(699072K)
[39.557s][info][gc,metaspace   ] GC(288) Metaspace: 71421K(72448K)->71421K(72448K) NonClass: 56844K(57344K)->56844K(57344K) Class: 14577K(15104K)->14577K(15104K)
[39.557s][info][gc             ] GC(288) Pause Young (Allocation Failure) 317M->44M(989M) 8.328ms
[39.557s][info][gc,cpu         ] GC(288) User=0.00s Sys=0.00s Real=0.00s
[39.628s][info][gc,start       ] GC(289) Pause Young (Allocation Failure)
[39.636s][info][gc,heap        ] GC(289) DefNew: 281005K(314560K)->1369K(314560K) Eden: 279616K(279616K)->0K(279616K) From: 1389K(34944K)->1369K(34944K)
[39.636s][info][gc,heap        ] GC(289) Tenured: 44255K(699072K)->44255K(699072K)
[39.636s][info][gc,metaspace   ] GC(289) Metaspace: 71421K(72448K)->71421K(72448K) NonClass: 56844K(57344K)->56844K(57344K) Class: 14577K(15104K)->14577K(15104K)
[39.636s][info][gc             ] GC(289) Pause Young (Allocation Failure) 317M->44M(989M) 8.180ms
[39.636s][info][gc,cpu         ] GC(289) User=0.02s Sys=0.00s Real=0.01s
[39.706s][info][gc,start       ] GC(290) Pause Young (Allocation Failure)
[39.714s][info][gc,heap        ] GC(290) DefNew: 280985K(314560K)->1387K(314560K) Eden: 279616K(279616K)->0K(279616K) From: 1369K(34944K)->1387K(34944K)
[39.714s][info][gc,heap        ] GC(290) Tenured: 44255K(699072K)->44255K(699072K)
[39.714s][info][gc,metaspace   ] GC(290) Metaspace: 71421K(72448K)->71421K(72448K) NonClass: 56844K(57344K)->56844K(57344K) Class: 14577K(15104K)->14577K(15104K)
[39.714s][info][gc             ] GC(290) Pause Young (Allocation Failure) 317M->44M(989M) 8.287ms
[39.714s][info][gc,cpu         ] GC(290) User=0.00s Sys=0.00s Real=0.00s
[39.785s][info][gc,start       ] GC(291) Pause Young (Allocation Failure)
[39.793s][info][gc,heap        ] GC(291) DefNew: 281003K(314560K)->1365K(314560K) Eden: 279616K(279616K)->0K(279616K) From: 1387K(34944K)->1365K(34944K)
[39.793s][info][gc,heap        ] GC(291) Tenured: 44255K(699072K)->44255K(699072K)
[39.793s][info][gc,metaspace   ] GC(291) Metaspace: 71421K(72448K)->71421K(72448K) NonClass: 56844K(57344K)->56844K(57344K) Class: 14577K(15104K)->14577K(15104K)
[39.793s][info][gc             ] GC(291) Pause Young (Allocation Failure) 317M->44M(989M) 8.199ms
[39.793s][info][gc,cpu         ] GC(291) User=0.00s Sys=0.00s Real=0.00s
[39.863s][info][gc,start       ] GC(292) Pause Young (Allocation Failure)
[39.871s][info][gc,heap        ] GC(292) DefNew: 280981K(314560K)->1463K(314560K) Eden: 279616K(279616K)->0K(279616K) From: 1365K(34944K)->1463K(34944K)
[39.872s][info][gc,heap        ] GC(292) Tenured: 44255K(699072K)->44256K(699072K)
[39.872s][info][gc,metaspace   ] GC(292) Metaspace: 71421K(72448K)->71421K(72448K) NonClass: 56844K(57344K)->56844K(57344K) Class: 14577K(15104K)->14577K(15104K)
[39.872s][info][gc             ] GC(292) Pause Young (Allocation Failure) 317M->44M(989M) 8.727ms
[39.872s][info][gc,cpu         ] GC(292) User=0.00s Sys=0.00s Real=0.00s
[39.942s][info][gc,start       ] GC(293) Pause Young (Allocation Failure)
[39.950s][info][gc,heap        ] GC(293) DefNew: 281079K(314560K)->1419K(314560K) Eden: 279616K(279616K)->0K(279616K) From: 1463K(34944K)->1419K(34944K)
[39.950s][info][gc,heap        ] GC(293) Tenured: 44256K(699072K)->44257K(699072K)
[39.950s][info][gc,metaspace   ] GC(293) Metaspace: 71421K(72448K)->71421K(72448K) NonClass: 56844K(57344K)->56844K(57344K) Class: 14577K(15104K)->14577K(15104K)
[39.950s][info][gc             ] GC(293) Pause Young (Allocation Failure) 317M->44M(989M) 8.492ms
[39.950s][info][gc,cpu         ] GC(293) User=0.00s Sys=0.00s Real=0.00s
[40.021s][info][gc,start       ] GC(294) Pause Young (Allocation Failure)
[40.029s][info][gc,heap        ] GC(294) DefNew: 281035K(314560K)->1428K(314560K) Eden: 279616K(279616K)->0K(279616K) From: 1419K(34944K)->1428K(34944K)
[40.029s][info][gc,heap        ] GC(294) Tenured: 44257K(699072K)->44276K(699072K)
[40.029s][info][gc,metaspace   ] GC(294) Metaspace: 71421K(72448K)->71421K(72448K) NonClass: 56844K(57344K)->56844K(57344K) Class: 14577K(15104K)->14577K(15104K)
[40.029s][info][gc             ] GC(294) Pause Young (Allocation Failure) 317M->44M(989M) 8.446ms
[40.029s][info][gc,cpu         ] GC(294) User=0.00s Sys=0.00s Real=0.00s
[40.100s][info][gc,start       ] GC(295) Pause Young (Allocation Failure)
[40.109s][info][gc,heap        ] GC(295) DefNew: 281044K(314560K)->1441K(314560K) Eden: 279616K(279616K)->0K(279616K) From: 1428K(34944K)->1441K(34944K)
[40.109s][info][gc,heap        ] GC(295) Tenured: 44276K(699072K)->44277K(699072K)
[40.109s][info][gc,metaspace   ] GC(295) Metaspace: 71421K(72448K)->71421K(72448K) NonClass: 56844K(57344K)->56844K(57344K) Class: 14577K(15104K)->14577K(15104K)
[40.109s][info][gc             ] GC(295) Pause Young (Allocation Failure) 317M->44M(989M) 9.298ms
[40.109s][info][gc,cpu         ] GC(295) User=0.00s Sys=0.00s Real=0.00s
[40.179s][info][gc,start       ] GC(296) Pause Young (Allocation Failure)
[40.188s][info][gc,heap        ] GC(296) DefNew: 281057K(314560K)->1402K(314560K) Eden: 279616K(279616K)->0K(279616K) From: 1441K(34944K)->1402K(34944K)
[40.188s][info][gc,heap        ] GC(296) Tenured: 44277K(699072K)->44277K(699072K)
[40.188s][info][gc,metaspace   ] GC(296) Metaspace: 71421K(72448K)->71421K(72448K) NonClass: 56844K(57344K)->56844K(57344K) Class: 14577K(15104K)->14577K(15104K)
[40.188s][info][gc             ] GC(296) Pause Young (Allocation Failure) 317M->44M(989M) 8.882ms
[40.188s][info][gc,cpu         ] GC(296) User=0.00s Sys=0.00s Real=0.00s
[40.258s][info][gc,start       ] GC(297) Pause Young (Allocation Failure)
[40.267s][info][gc,heap        ] GC(297) DefNew: 281018K(314560K)->1421K(314560K) Eden: 279616K(279616K)->0K(279616K) From: 1402K(34944K)->1421K(34944K)
[40.267s][info][gc,heap        ] GC(297) Tenured: 44277K(699072K)->44277K(699072K)
[40.267s][info][gc,metaspace   ] GC(297) Metaspace: 71421K(72448K)->71421K(72448K) NonClass: 56844K(57344K)->56844K(57344K) Class: 14577K(15104K)->14577K(15104K)
[40.267s][info][gc             ] GC(297) Pause Young (Allocation Failure) 317M->44M(989M) 8.525ms
[40.267s][info][gc,cpu         ] GC(297) User=0.00s Sys=0.00s Real=0.01s
[40.337s][info][gc,start       ] GC(298) Pause Young (Allocation Failure)
[40.346s][info][gc,heap        ] GC(298) DefNew: 281037K(314560K)->1442K(314560K) Eden: 279616K(279616K)->0K(279616K) From: 1421K(34944K)->1442K(34944K)
[40.346s][info][gc,heap        ] GC(298) Tenured: 44277K(699072K)->44277K(699072K)
[40.346s][info][gc,metaspace   ] GC(298) Metaspace: 71421K(72448K)->71421K(72448K) NonClass: 56844K(57344K)->56844K(57344K) Class: 14577K(15104K)->14577K(15104K)
[40.346s][info][gc             ] GC(298) Pause Young (Allocation Failure) 317M->44M(989M) 8.527ms
[40.346s][info][gc,cpu         ] GC(298) User=0.00s Sys=0.00s Real=0.00s
[40.416s][info][gc,start       ] GC(299) Pause Young (Allocation Failure)
[40.425s][info][gc,heap        ] GC(299) DefNew: 281058K(314560K)->1369K(314560K) Eden: 279616K(279616K)->0K(279616K) From: 1442K(34944K)->1369K(34944K)
[40.425s][info][gc,heap        ] GC(299) Tenured: 44277K(699072K)->44277K(699072K)
[40.425s][info][gc,metaspace   ] GC(299) Metaspace: 71421K(72448K)->71421K(72448K) NonClass: 56844K(57344K)->56844K(57344K) Class: 14577K(15104K)->14577K(15104K)
[40.425s][info][gc             ] GC(299) Pause Young (Allocation Failure) 317M->44M(989M) 9.213ms
[40.425s][info][gc,cpu         ] GC(299) User=0.00s Sys=0.00s Real=0.01s
[40.495s][info][gc,start       ] GC(300) Pause Young (Allocation Failure)
[40.504s][info][gc,heap        ] GC(300) DefNew: 280985K(314560K)->1418K(314560K) Eden: 279616K(279616K)->0K(279616K) From: 1369K(34944K)->1418K(34944K)
[40.504s][info][gc,heap        ] GC(300) Tenured: 44277K(699072K)->44277K(699072K)
[40.504s][info][gc,metaspace   ] GC(300) Metaspace: 71421K(72448K)->71421K(72448K) NonClass: 56844K(57344K)->56844K(57344K) Class: 14577K(15104K)->14577K(15104K)
[40.504s][info][gc             ] GC(300) Pause Young (Allocation Failure) 317M->44M(989M) 8.849ms
[40.504s][info][gc,cpu         ] GC(300) User=0.00s Sys=0.00s Real=0.01s
[40.580s][info][gc,start       ] GC(301) Pause Young (Allocation Failure)
[40.594s][info][gc,heap        ] GC(301) DefNew: 281034K(314560K)->1374K(314560K) Eden: 279616K(279616K)->0K(279616K) From: 1418K(34944K)->1374K(34944K)
[40.594s][info][gc,heap        ] GC(301) Tenured: 44277K(699072K)->44277K(699072K)
[40.594s][info][gc,metaspace   ] GC(301) Metaspace: 71421K(72448K)->71421K(72448K) NonClass: 56844K(57344K)->56844K(57344K) Class: 14577K(15104K)->14577K(15104K)
[40.594s][info][gc             ] GC(301) Pause Young (Allocation Failure) 317M->44M(989M) 13.607ms
[40.594s][info][gc,cpu         ] GC(301) User=0.00s Sys=0.00s Real=0.00s
[40.668s][info][gc,start       ] GC(302) Pause Young (Allocation Failure)
[40.676s][info][gc,heap        ] GC(302) DefNew: 280990K(314560K)->1413K(314560K) Eden: 279616K(279616K)->0K(279616K) From: 1374K(34944K)->1413K(34944K)
[40.676s][info][gc,heap        ] GC(302) Tenured: 44277K(699072K)->44277K(699072K)
[40.676s][info][gc,metaspace   ] GC(302) Metaspace: 71421K(72448K)->71421K(72448K) NonClass: 56844K(57344K)->56844K(57344K) Class: 14577K(15104K)->14577K(15104K)
[40.676s][info][gc             ] GC(302) Pause Young (Allocation Failure) 317M->44M(989M) 8.394ms
[40.676s][info][gc,cpu         ] GC(302) User=0.00s Sys=0.00s Real=0.01s
[40.747s][info][gc,start       ] GC(303) Pause Young (Allocation Failure)
[40.756s][info][gc,heap        ] GC(303) DefNew: 281029K(314560K)->1404K(314560K) Eden: 279616K(279616K)->0K(279616K) From: 1413K(34944K)->1404K(34944K)
[40.756s][info][gc,heap        ] GC(303) Tenured: 44277K(699072K)->44277K(699072K)
[40.756s][info][gc,metaspace   ] GC(303) Metaspace: 71421K(72448K)->71421K(72448K) NonClass: 56844K(57344K)->56844K(57344K) Class: 14577K(15104K)->14577K(15104K)
[40.756s][info][gc             ] GC(303) Pause Young (Allocation Failure) 317M->44M(989M) 9.349ms
[40.756s][info][gc,cpu         ] GC(303) User=0.00s Sys=0.00s Real=0.00s
[40.827s][info][gc,start       ] GC(304) Pause Young (Allocation Failure)
[40.836s][info][gc,heap        ] GC(304) DefNew: 281020K(314560K)->1352K(314560K) Eden: 279616K(279616K)->0K(279616K) From: 1404K(34944K)->1352K(34944K)
[40.836s][info][gc,heap        ] GC(304) Tenured: 44277K(699072K)->44277K(699072K)
[40.836s][info][gc,metaspace   ] GC(304) Metaspace: 71421K(72448K)->71421K(72448K) NonClass: 56844K(57344K)->56844K(57344K) Class: 14577K(15104K)->14577K(15104K)
[40.836s][info][gc             ] GC(304) Pause Young (Allocation Failure) 317M->44M(989M) 8.636ms
[40.836s][info][gc,cpu         ] GC(304) User=0.02s Sys=0.00s Real=0.01s
[40.907s][info][gc,start       ] GC(305) Pause Young (Allocation Failure)
[40.915s][info][gc,heap        ] GC(305) DefNew: 280968K(314560K)->1420K(314560K) Eden: 279616K(279616K)->0K(279616K) From: 1352K(34944K)->1420K(34944K)
[40.915s][info][gc,heap        ] GC(305) Tenured: 44277K(699072K)->44277K(699072K)
[40.915s][info][gc,metaspace   ] GC(305) Metaspace: 71421K(72448K)->71421K(72448K) NonClass: 56844K(57344K)->56844K(57344K) Class: 14577K(15104K)->14577K(15104K)
[40.915s][info][gc             ] GC(305) Pause Young (Allocation Failure) 317M->44M(989M) 8.453ms
[40.915s][info][gc,cpu         ] GC(305) User=0.00s Sys=0.00s Real=0.00s
[40.986s][info][gc,start       ] GC(306) Pause Young (Allocation Failure)
[40.994s][info][gc,heap        ] GC(306) DefNew: 281036K(314560K)->1486K(314560K) Eden: 279616K(279616K)->0K(279616K) From: 1420K(34944K)->1486K(34944K)
[40.995s][info][gc,heap        ] GC(306) Tenured: 44277K(699072K)->44277K(699072K)
[40.995s][info][gc,metaspace   ] GC(306) Metaspace: 71421K(72448K)->71421K(72448K) NonClass: 56844K(57344K)->56844K(57344K) Class: 14577K(15104K)->14577K(15104K)
[40.995s][info][gc             ] GC(306) Pause Young (Allocation Failure) 317M->44M(989M) 8.589ms
[40.995s][info][gc,cpu         ] GC(306) User=0.00s Sys=0.00s Real=0.00s
[41.065s][info][gc,start       ] GC(307) Pause Young (Allocation Failure)
[41.074s][info][gc,heap        ] GC(307) DefNew: 281102K(314560K)->1428K(314560K) Eden: 279616K(279616K)->0K(279616K) From: 1486K(34944K)->1428K(34944K)
[41.074s][info][gc,heap        ] GC(307) Tenured: 44277K(699072K)->44293K(699072K)
[41.074s][info][gc,metaspace   ] GC(307) Metaspace: 71421K(72448K)->71421K(72448K) NonClass: 56844K(57344K)->56844K(57344K) Class: 14577K(15104K)->14577K(15104K)
[41.074s][info][gc             ] GC(307) Pause Young (Allocation Failure) 317M->44M(989M) 8.498ms
[41.074s][info][gc,cpu         ] GC(307) User=0.00s Sys=0.00s Real=0.00s
[41.145s][info][gc,start       ] GC(308) Pause Young (Allocation Failure)
[41.153s][info][gc,heap        ] GC(308) DefNew: 281044K(314560K)->1408K(314560K) Eden: 279616K(279616K)->0K(279616K) From: 1428K(34944K)->1408K(34944K)
[41.154s][info][gc,heap        ] GC(308) Tenured: 44293K(699072K)->44293K(699072K)
[41.154s][info][gc,metaspace   ] GC(308) Metaspace: 71421K(72448K)->71421K(72448K) NonClass: 56844K(57344K)->56844K(57344K) Class: 14577K(15104K)->14577K(15104K)
[41.154s][info][gc             ] GC(308) Pause Young (Allocation Failure) 317M->44M(989M) 8.474ms
[41.154s][info][gc,cpu         ] GC(308) User=0.02s Sys=0.00s Real=0.01s
[41.225s][info][gc,start       ] GC(309) Pause Young (Allocation Failure)
[41.234s][info][gc,heap        ] GC(309) DefNew: 281024K(314560K)->1387K(314560K) Eden: 279616K(279616K)->0K(279616K) From: 1408K(34944K)->1387K(34944K)
[41.234s][info][gc,heap        ] GC(309) Tenured: 44293K(699072K)->44293K(699072K)
[41.234s][info][gc,metaspace   ] GC(309) Metaspace: 71421K(72448K)->71421K(72448K) NonClass: 56844K(57344K)->56844K(57344K) Class: 14577K(15104K)->14577K(15104K)
[41.234s][info][gc             ] GC(309) Pause Young (Allocation Failure) 317M->44M(989M) 8.959ms
[41.234s][info][gc,cpu         ] GC(309) User=0.02s Sys=0.00s Real=0.00s
[41.305s][info][gc,start       ] GC(310) Pause Young (Allocation Failure)
[41.313s][info][gc,heap        ] GC(310) DefNew: 281003K(314560K)->1441K(314560K) Eden: 279616K(279616K)->0K(279616K) From: 1387K(34944K)->1441K(34944K)
[41.314s][info][gc,heap        ] GC(310) Tenured: 44293K(699072K)->44294K(699072K)
[41.314s][info][gc,metaspace   ] GC(310) Metaspace: 71421K(72448K)->71421K(72448K) NonClass: 56844K(57344K)->56844K(57344K) Class: 14577K(15104K)->14577K(15104K)
[41.314s][info][gc             ] GC(310) Pause Young (Allocation Failure) 317M->44M(989M) 8.872ms
[41.314s][info][gc,cpu         ] GC(310) User=0.00s Sys=0.00s Real=0.00s
[41.384s][info][gc,start       ] GC(311) Pause Young (Allocation Failure)
[41.393s][info][gc,heap        ] GC(311) DefNew: 281057K(314560K)->1394K(314560K) Eden: 279616K(279616K)->0K(279616K) From: 1441K(34944K)->1394K(34944K)
[41.393s][info][gc,heap        ] GC(311) Tenured: 44294K(699072K)->44294K(699072K)
[41.393s][info][gc,metaspace   ] GC(311) Metaspace: 71421K(72448K)->71421K(72448K) NonClass: 56844K(57344K)->56844K(57344K) Class: 14577K(15104K)->14577K(15104K)
[41.393s][info][gc             ] GC(311) Pause Young (Allocation Failure) 317M->44M(989M) 8.219ms
[41.393s][info][gc,cpu         ] GC(311) User=0.00s Sys=0.00s Real=0.00s
[41.464s][info][gc,start       ] GC(312) Pause Young (Allocation Failure)
[41.473s][info][gc,heap        ] GC(312) DefNew: 281010K(314560K)->1394K(314560K) Eden: 279616K(279616K)->0K(279616K) From: 1394K(34944K)->1394K(34944K)
[41.473s][info][gc,heap        ] GC(312) Tenured: 44294K(699072K)->44294K(699072K)
[41.473s][info][gc,metaspace   ] GC(312) Metaspace: 71421K(72448K)->71421K(72448K) NonClass: 56844K(57344K)->56844K(57344K) Class: 14577K(15104K)->14577K(15104K)
[41.473s][info][gc             ] GC(312) Pause Young (Allocation Failure) 317M->44M(989M) 9.277ms
[41.473s][info][gc,cpu         ] GC(312) User=0.00s Sys=0.00s Real=0.01s
[41.544s][info][gc,start       ] GC(313) Pause Young (Allocation Failure)
[41.553s][info][gc,heap        ] GC(313) DefNew: 281010K(314560K)->1397K(314560K) Eden: 279616K(279616K)->0K(279616K) From: 1394K(34944K)->1397K(34944K)
[41.553s][info][gc,heap        ] GC(313) Tenured: 44294K(699072K)->44294K(699072K)
[41.553s][info][gc,metaspace   ] GC(313) Metaspace: 71421K(72448K)->71421K(72448K) NonClass: 56844K(57344K)->56844K(57344K) Class: 14577K(15104K)->14577K(15104K)
[41.553s][info][gc             ] GC(313) Pause Young (Allocation Failure) 317M->44M(989M) 8.802ms
[41.553s][info][gc,cpu         ] GC(313) User=0.00s Sys=0.00s Real=0.01s
[41.624s][info][gc,start       ] GC(314) Pause Young (Allocation Failure)
[41.632s][info][gc,heap        ] GC(314) DefNew: 281013K(314560K)->1394K(314560K) Eden: 279616K(279616K)->0K(279616K) From: 1397K(34944K)->1394K(34944K)
[41.632s][info][gc,heap        ] GC(314) Tenured: 44294K(699072K)->44295K(699072K)
[41.632s][info][gc,metaspace   ] GC(314) Metaspace: 71421K(72448K)->71421K(72448K) NonClass: 56844K(57344K)->56844K(57344K) Class: 14577K(15104K)->14577K(15104K)
[41.632s][info][gc             ] GC(314) Pause Young (Allocation Failure) 317M->44M(989M) 8.448ms
[41.632s][info][gc,cpu         ] GC(314) User=0.00s Sys=0.00s Real=0.01s
[41.703s][info][gc,start       ] GC(315) Pause Young (Allocation Failure)
[41.712s][info][gc,heap        ] GC(315) DefNew: 281010K(314560K)->1377K(314560K) Eden: 279615K(279616K)->0K(279616K) From: 1394K(34944K)->1377K(34944K)
[41.712s][info][gc,heap        ] GC(315) Tenured: 44295K(699072K)->44296K(699072K)
[41.712s][info][gc,metaspace   ] GC(315) Metaspace: 71421K(72448K)->71421K(72448K) NonClass: 56844K(57344K)->56844K(57344K) Class: 14577K(15104K)->14577K(15104K)
[41.712s][info][gc             ] GC(315) Pause Young (Allocation Failure) 317M->44M(989M) 9.114ms
[41.712s][info][gc,cpu         ] GC(315) User=0.00s Sys=0.00s Real=0.00s
[41.784s][info][gc,start       ] GC(316) Pause Young (Allocation Failure)
[41.793s][info][gc,heap        ] GC(316) DefNew: 280993K(314560K)->1515K(314560K) Eden: 279616K(279616K)->0K(279616K) From: 1377K(34944K)->1515K(34944K)
[41.793s][info][gc,heap        ] GC(316) Tenured: 44296K(699072K)->44296K(699072K)
[41.793s][info][gc,metaspace   ] GC(316) Metaspace: 71446K(72448K)->71446K(72448K) NonClass: 56869K(57344K)->56869K(57344K) Class: 14577K(15104K)->14577K(15104K)
[41.793s][info][gc             ] GC(316) Pause Young (Allocation Failure) 317M->44M(989M) 9.414ms
[41.793s][info][gc,cpu         ] GC(316) User=0.00s Sys=0.00s Real=0.00s
[41.865s][info][gc,start       ] GC(317) Pause Young (Allocation Failure)
[41.874s][info][gc,heap        ] GC(317) DefNew: 281131K(314560K)->1450K(314560K) Eden: 279616K(279616K)->0K(279616K) From: 1515K(34944K)->1450K(34944K)
[41.874s][info][gc,heap        ] GC(317) Tenured: 44296K(699072K)->44296K(699072K)
[41.874s][info][gc,metaspace   ] GC(317) Metaspace: 71446K(72448K)->71446K(72448K) NonClass: 56869K(57344K)->56869K(57344K) Class: 14577K(15104K)->14577K(15104K)
[41.874s][info][gc             ] GC(317) Pause Young (Allocation Failure) 317M->44M(989M) 8.734ms
[41.874s][info][gc,cpu         ] GC(317) User=0.00s Sys=0.00s Real=0.00s
[41.945s][info][gc,start       ] GC(318) Pause Young (Allocation Failure)
[41.954s][info][gc,heap        ] GC(318) DefNew: 281066K(314560K)->1481K(314560K) Eden: 279616K(279616K)->0K(279616K) From: 1450K(34944K)->1481K(34944K)
[41.954s][info][gc,heap        ] GC(318) Tenured: 44296K(699072K)->44296K(699072K)
[41.954s][info][gc,metaspace   ] GC(318) Metaspace: 71453K(72448K)->71453K(72448K) NonClass: 56876K(57344K)->56876K(57344K) Class: 14577K(15104K)->14577K(15104K)
[41.954s][info][gc             ] GC(318) Pause Young (Allocation Failure) 317M->44M(989M) 8.722ms
[41.954s][info][gc,cpu         ] GC(318) User=0.00s Sys=0.00s Real=0.00s
[42.025s][info][gc,start       ] GC(319) Pause Young (Allocation Failure)
[42.035s][info][gc,heap        ] GC(319) DefNew: 281097K(314560K)->1547K(314560K) Eden: 279616K(279616K)->0K(279616K) From: 1481K(34944K)->1547K(34944K)
[42.035s][info][gc,heap        ] GC(319) Tenured: 44296K(699072K)->44296K(699072K)
[42.035s][info][gc,metaspace   ] GC(319) Metaspace: 71453K(72448K)->71453K(72448K) NonClass: 56876K(57344K)->56876K(57344K) Class: 14577K(15104K)->14577K(15104K)
[42.035s][info][gc             ] GC(319) Pause Young (Allocation Failure) 317M->44M(989M) 10.163ms
[42.035s][info][gc,cpu         ] GC(319) User=0.00s Sys=0.00s Real=0.01s
[42.107s][info][gc,start       ] GC(320) Pause Young (Allocation Failure)
[42.117s][info][gc,heap        ] GC(320) DefNew: 281163K(314560K)->1485K(314560K) Eden: 279616K(279616K)->0K(279616K) From: 1547K(34944K)->1485K(34944K)
[42.117s][info][gc,heap        ] GC(320) Tenured: 44296K(699072K)->44313K(699072K)
[42.117s][info][gc,metaspace   ] GC(320) Metaspace: 71453K(72448K)->71453K(72448K) NonClass: 56876K(57344K)->56876K(57344K) Class: 14577K(15104K)->14577K(15104K)
[42.117s][info][gc             ] GC(320) Pause Young (Allocation Failure) 317M->44M(989M) 9.713ms
[42.117s][info][gc,cpu         ] GC(320) User=0.02s Sys=0.00s Real=0.01s
[42.189s][info][gc,start       ] GC(321) Pause Young (Allocation Failure)
[42.198s][info][gc,heap        ] GC(321) DefNew: 281101K(314560K)->1488K(314560K) Eden: 279616K(279616K)->0K(279616K) From: 1485K(34944K)->1488K(34944K)
[42.198s][info][gc,heap        ] GC(321) Tenured: 44313K(699072K)->44313K(699072K)
[42.198s][info][gc,metaspace   ] GC(321) Metaspace: 71453K(72448K)->71453K(72448K) NonClass: 56876K(57344K)->56876K(57344K) Class: 14577K(15104K)->14577K(15104K)
[42.198s][info][gc             ] GC(321) Pause Young (Allocation Failure) 317M->44M(989M) 9.365ms
[42.198s][info][gc,cpu         ] GC(321) User=0.00s Sys=0.00s Real=0.00s
[42.270s][info][gc,start       ] GC(322) Pause Young (Allocation Failure)
[42.278s][info][gc,heap        ] GC(322) DefNew: 281104K(314560K)->1474K(314560K) Eden: 279616K(279616K)->0K(279616K) From: 1488K(34944K)->1474K(34944K)
[42.278s][info][gc,heap        ] GC(322) Tenured: 44313K(699072K)->44313K(699072K)
[42.278s][info][gc,metaspace   ] GC(322) Metaspace: 71453K(72448K)->71453K(72448K) NonClass: 56876K(57344K)->56876K(57344K) Class: 14577K(15104K)->14577K(15104K)
[42.279s][info][gc             ] GC(322) Pause Young (Allocation Failure) 317M->44M(989M) 8.349ms
[42.279s][info][gc,cpu         ] GC(322) User=0.02s Sys=0.00s Real=0.01s
[42.351s][info][gc,start       ] GC(323) Pause Young (Allocation Failure)
[42.359s][info][gc,heap        ] GC(323) DefNew: 281090K(314560K)->1436K(314560K) Eden: 279616K(279616K)->0K(279616K) From: 1474K(34944K)->1436K(34944K)
[42.359s][info][gc,heap        ] GC(323) Tenured: 44313K(699072K)->44313K(699072K)
[42.359s][info][gc,metaspace   ] GC(323) Metaspace: 71453K(72448K)->71453K(72448K) NonClass: 56876K(57344K)->56876K(57344K) Class: 14577K(15104K)->14577K(15104K)
[42.360s][info][gc             ] GC(323) Pause Young (Allocation Failure) 317M->44M(989M) 8.393ms
[42.360s][info][gc,cpu         ] GC(323) User=0.00s Sys=0.00s Real=0.00s
[42.433s][info][gc,start       ] GC(324) Pause Young (Allocation Failure)
[42.441s][info][gc,heap        ] GC(324) DefNew: 281052K(314560K)->1532K(314560K) Eden: 279616K(279616K)->0K(279616K) From: 1436K(34944K)->1532K(34944K)
[42.441s][info][gc,heap        ] GC(324) Tenured: 44313K(699072K)->44313K(699072K)
[42.441s][info][gc,metaspace   ] GC(324) Metaspace: 71453K(72448K)->71453K(72448K) NonClass: 56876K(57344K)->56876K(57344K) Class: 14577K(15104K)->14577K(15104K)
[42.441s][info][gc             ] GC(324) Pause Young (Allocation Failure) 317M->44M(989M) 8.236ms
[42.441s][info][gc,cpu         ] GC(324) User=0.00s Sys=0.00s Real=0.00s
[42.515s][info][gc,start       ] GC(325) Pause Young (Allocation Failure)
[42.524s][info][gc,heap        ] GC(325) DefNew: 281148K(314560K)->1523K(314560K) Eden: 279616K(279616K)->0K(279616K) From: 1532K(34944K)->1523K(34944K)
[42.524s][info][gc,heap        ] GC(325) Tenured: 44313K(699072K)->44313K(699072K)
[42.524s][info][gc,metaspace   ] GC(325) Metaspace: 71453K(72448K)->71453K(72448K) NonClass: 56876K(57344K)->56876K(57344K) Class: 14577K(15104K)->14577K(15104K)
[42.524s][info][gc             ] GC(325) Pause Young (Allocation Failure) 317M->44M(989M) 9.187ms
[42.524s][info][gc,cpu         ] GC(325) User=0.00s Sys=0.00s Real=0.00s
[42.605s][info][gc,start       ] GC(326) Pause Young (Allocation Failure)
[42.613s][info][gc,heap        ] GC(326) DefNew: 281139K(314560K)->1435K(314560K) Eden: 279615K(279616K)->0K(279616K) From: 1523K(34944K)->1435K(34944K)
[42.613s][info][gc,heap        ] GC(326) Tenured: 44313K(699072K)->44313K(699072K)
[42.613s][info][gc,metaspace   ] GC(326) Metaspace: 71453K(72448K)->71453K(72448K) NonClass: 56876K(57344K)->56876K(57344K) Class: 14577K(15104K)->14577K(15104K)
[42.613s][info][gc             ] GC(326) Pause Young (Allocation Failure) 317M->44M(989M) 8.289ms
[42.613s][info][gc,cpu         ] GC(326) User=0.00s Sys=0.00s Real=0.00s
[42.697s][info][gc,start       ] GC(327) Pause Young (Allocation Failure)
[42.704s][info][gc,heap        ] GC(327) DefNew: 281051K(314560K)->1436K(314560K) Eden: 279616K(279616K)->0K(279616K) From: 1435K(34944K)->1436K(34944K)
[42.704s][info][gc,heap        ] GC(327) Tenured: 44313K(699072K)->44313K(699072K)
[42.704s][info][gc,metaspace   ] GC(327) Metaspace: 71456K(72448K)->71456K(72448K) NonClass: 56879K(57344K)->56879K(57344K) Class: 14577K(15104K)->14577K(15104K)
[42.704s][info][gc             ] GC(327) Pause Young (Allocation Failure) 317M->44M(989M) 7.457ms
[42.704s][info][gc,cpu         ] GC(327) User=0.00s Sys=0.00s Real=0.00s
[42.793s][info][gc,start       ] GC(328) Pause Young (Allocation Failure)
[42.800s][info][gc,heap        ] GC(328) DefNew: 281052K(314560K)->1443K(314560K) Eden: 279616K(279616K)->0K(279616K) From: 1436K(34944K)->1443K(34944K)
[42.800s][info][gc,heap        ] GC(328) Tenured: 44313K(699072K)->44313K(699072K)
[42.800s][info][gc,metaspace   ] GC(328) Metaspace: 71456K(72448K)->71456K(72448K) NonClass: 56879K(57344K)->56879K(57344K) Class: 14577K(15104K)->14577K(15104K)
[42.800s][info][gc             ] GC(328) Pause Young (Allocation Failure) 317M->44M(989M) 6.819ms
[42.800s][info][gc,cpu         ] GC(328) User=0.00s Sys=0.00s Real=0.00s
[42.897s][info][gc,start       ] GC(329) Pause Young (Allocation Failure)
[42.903s][info][gc,heap        ] GC(329) DefNew: 281059K(314560K)->1403K(314560K) Eden: 279616K(279616K)->0K(279616K) From: 1443K(34944K)->1403K(34944K)
[42.903s][info][gc,heap        ] GC(329) Tenured: 44313K(699072K)->44313K(699072K)
[42.903s][info][gc,metaspace   ] GC(329) Metaspace: 71456K(72448K)->71456K(72448K) NonClass: 56879K(57344K)->56879K(57344K) Class: 14577K(15104K)->14577K(15104K)
[42.903s][info][gc             ] GC(329) Pause Young (Allocation Failure) 317M->44M(989M) 6.405ms
[42.903s][info][gc,cpu         ] GC(329) User=0.02s Sys=0.00s Real=0.00s
[43.015s][info][gc,start       ] GC(330) Pause Young (Allocation Failure)
[43.021s][info][gc,heap        ] GC(330) DefNew: 281019K(314560K)->1414K(314560K) Eden: 279616K(279616K)->0K(279616K) From: 1403K(34944K)->1414K(34944K)
[43.021s][info][gc,heap        ] GC(330) Tenured: 44313K(699072K)->44313K(699072K)
[43.021s][info][gc,metaspace   ] GC(330) Metaspace: 71456K(72448K)->71456K(72448K) NonClass: 56879K(57344K)->56879K(57344K) Class: 14577K(15104K)->14577K(15104K)
[43.021s][info][gc             ] GC(330) Pause Young (Allocation Failure) 317M->44M(989M) 5.787ms
[43.021s][info][gc,cpu         ] GC(330) User=0.00s Sys=0.00s Real=0.00s
[43.134s][info][gc,start       ] GC(331) Pause Young (Allocation Failure)
[43.139s][info][gc,heap        ] GC(331) DefNew: 281030K(314560K)->1380K(314560K) Eden: 279616K(279616K)->0K(279616K) From: 1414K(34944K)->1380K(34944K)
[43.139s][info][gc,heap        ] GC(331) Tenured: 44313K(699072K)->44334K(699072K)
[43.139s][info][gc,metaspace   ] GC(331) Metaspace: 71456K(72448K)->71456K(72448K) NonClass: 56879K(57344K)->56879K(57344K) Class: 14577K(15104K)->14577K(15104K)
[43.139s][info][gc             ] GC(331) Pause Young (Allocation Failure) 317M->44M(989M) 5.314ms
[43.139s][info][gc,cpu         ] GC(331) User=0.00s Sys=0.00s Real=0.00s
[43.257s][info][gc,start       ] GC(332) Pause Young (Allocation Failure)
[43.262s][info][gc,heap        ] GC(332) DefNew: 280996K(314560K)->1374K(314560K) Eden: 279616K(279616K)->0K(279616K) From: 1380K(34944K)->1374K(34944K)
[43.262s][info][gc,heap        ] GC(332) Tenured: 44334K(699072K)->44354K(699072K)
[43.262s][info][gc,metaspace   ] GC(332) Metaspace: 71456K(72448K)->71456K(72448K) NonClass: 56879K(57344K)->56879K(57344K) Class: 14577K(15104K)->14577K(15104K)
[43.262s][info][gc             ] GC(332) Pause Young (Allocation Failure) 317M->44M(989M) 5.320ms
[43.262s][info][gc,cpu         ] GC(332) User=0.02s Sys=0.00s Real=0.00s
[43.380s][info][gc,start       ] GC(333) Pause Young (Allocation Failure)
[43.384s][info][gc,heap        ] GC(333) DefNew: 280990K(314560K)->1358K(314560K) Eden: 279616K(279616K)->0K(279616K) From: 1374K(34944K)->1358K(34944K)
[43.385s][info][gc,heap        ] GC(333) Tenured: 44354K(699072K)->44369K(699072K)
[43.385s][info][gc,metaspace   ] GC(333) Metaspace: 71456K(72448K)->71456K(72448K) NonClass: 56879K(57344K)->56879K(57344K) Class: 14577K(15104K)->14577K(15104K)
[43.385s][info][gc             ] GC(333) Pause Young (Allocation Failure) 317M->44M(989M) 5.041ms
[43.385s][info][gc,cpu         ] GC(333) User=0.00s Sys=0.00s Real=0.00s
[43.509s][info][gc,start       ] GC(334) Pause Young (Allocation Failure)
[43.514s][info][gc,heap        ] GC(334) DefNew: 280974K(314560K)->1279K(314560K) Eden: 279616K(279616K)->0K(279616K) From: 1358K(34944K)->1279K(34944K)
[43.514s][info][gc,heap        ] GC(334) Tenured: 44369K(699072K)->44424K(699072K)
[43.514s][info][gc,metaspace   ] GC(334) Metaspace: 71456K(72448K)->71456K(72448K) NonClass: 56879K(57344K)->56879K(57344K) Class: 14577K(15104K)->14577K(15104K)
[43.514s][info][gc             ] GC(334) Pause Young (Allocation Failure) 317M->44M(989M) 5.095ms
[43.514s][info][gc,cpu         ] GC(334) User=0.00s Sys=0.00s Real=0.00s
[43.659s][info][gc,start       ] GC(335) Pause Young (Allocation Failure)
[43.664s][info][gc,heap        ] GC(335) DefNew: 280895K(314560K)->1242K(314560K) Eden: 279616K(279616K)->0K(279616K) From: 1279K(34944K)->1242K(34944K)
[43.664s][info][gc,heap        ] GC(335) Tenured: 44424K(699072K)->44424K(699072K)
[43.664s][info][gc,metaspace   ] GC(335) Metaspace: 71456K(72448K)->71456K(72448K) NonClass: 56879K(57344K)->56879K(57344K) Class: 14577K(15104K)->14577K(15104K)
[43.664s][info][gc             ] GC(335) Pause Young (Allocation Failure) 317M->44M(989M) 4.464ms
[43.664s][info][gc,cpu         ] GC(335) User=0.00s Sys=0.00s Real=0.00s
[43.843s][info][gc,start       ] GC(336) Pause Young (Allocation Failure)
[43.847s][info][gc,heap        ] GC(336) DefNew: 280858K(314560K)->1149K(314560K) Eden: 279616K(279616K)->0K(279616K) From: 1242K(34944K)->1149K(34944K)
[43.847s][info][gc,heap        ] GC(336) Tenured: 44424K(699072K)->44502K(699072K)
[43.847s][info][gc,metaspace   ] GC(336) Metaspace: 71457K(72448K)->71457K(72448K) NonClass: 56879K(57344K)->56879K(57344K) Class: 14577K(15104K)->14577K(15104K)
[43.847s][info][gc             ] GC(336) Pause Young (Allocation Failure) 317M->44M(989M) 4.020ms
[43.847s][info][gc,cpu         ] GC(336) User=0.02s Sys=0.00s Real=0.02s
[44.033s][info][gc,start       ] GC(337) Pause Young (Allocation Failure)
[44.037s][info][gc,heap        ] GC(337) DefNew: 280765K(314560K)->1130K(314560K) Eden: 279616K(279616K)->0K(279616K) From: 1149K(34944K)->1130K(34944K)
[44.037s][info][gc,heap        ] GC(337) Tenured: 44502K(699072K)->44527K(699072K)
[44.037s][info][gc,metaspace   ] GC(337) Metaspace: 71457K(72448K)->71457K(72448K) NonClass: 56879K(57344K)->56879K(57344K) Class: 14577K(15104K)->14577K(15104K)
[44.037s][info][gc             ] GC(337) Pause Young (Allocation Failure) 317M->44M(989M) 3.883ms
[44.037s][info][gc,cpu         ] GC(337) User=0.00s Sys=0.00s Real=0.00s
[44.224s][info][gc,start       ] GC(338) Pause Young (Allocation Failure)
[44.228s][info][gc,heap        ] GC(338) DefNew: 280746K(314560K)->1044K(314560K) Eden: 279616K(279616K)->0K(279616K) From: 1130K(34944K)->1044K(34944K)
[44.228s][info][gc,heap        ] GC(338) Tenured: 44527K(699072K)->44606K(699072K)
[44.228s][info][gc,metaspace   ] GC(338) Metaspace: 71457K(72448K)->71457K(72448K) NonClass: 56879K(57344K)->56879K(57344K) Class: 14577K(15104K)->14577K(15104K)
[44.228s][info][gc             ] GC(338) Pause Young (Allocation Failure) 317M->44M(989M) 4.013ms
[44.228s][info][gc,cpu         ] GC(338) User=0.00s Sys=0.00s Real=0.00s
[44.414s][info][gc,start       ] GC(339) Pause Young (Allocation Failure)
[44.418s][info][gc,heap        ] GC(339) DefNew: 280660K(314560K)->1036K(314560K) Eden: 279616K(279616K)->0K(279616K) From: 1044K(34944K)->1036K(34944K)
[44.418s][info][gc,heap        ] GC(339) Tenured: 44606K(699072K)->44632K(699072K)
[44.418s][info][gc,metaspace   ] GC(339) Metaspace: 71457K(72448K)->71457K(72448K) NonClass: 56879K(57344K)->56879K(57344K) Class: 14577K(15104K)->14577K(15104K)
[44.418s][info][gc             ] GC(339) Pause Young (Allocation Failure) 317M->44M(989M) 3.690ms
[44.418s][info][gc,cpu         ] GC(339) User=0.02s Sys=0.00s Real=0.02s
[44.581s][info][gc,start       ] GC(340) Pause Full (System.gc())
[44.581s][info][gc,phases,start] GC(340) Phase 1: Mark live objects
[44.629s][info][gc,phases      ] GC(340) Phase 1: Mark live objects 47.776ms
[44.629s][info][gc,phases,start] GC(340) Phase 2: Compute new object addresses
[44.703s][info][gc,phases      ] GC(340) Phase 2: Compute new object addresses 73.811ms
[44.703s][info][gc,phases,start] GC(340) Phase 3: Adjust pointers
[44.726s][info][gc,phases      ] GC(340) Phase 3: Adjust pointers 23.600ms
[44.730s][info][gc,phases,start] GC(340) Phase 4: Move objects
[44.731s][info][gc,phases      ] GC(340) Phase 4: Move objects 1.311ms
[44.732s][info][gc,heap        ] GC(340) DefNew: 200589K(314560K)->0K(314560K) Eden: 199552K(279616K)->0K(279616K) From: 1036K(34944K)->0K(34944K)
[44.732s][info][gc,heap        ] GC(340) Tenured: 44632K(699072K)->45792K(699072K)
[44.732s][info][gc,metaspace   ] GC(340) Metaspace: 71498K(72448K)->71498K(72448K) NonClass: 56920K(57344K)->56920K(57344K) Class: 14577K(15104K)->14577K(15104K)
[44.732s][info][gc             ] GC(340) Pause Full (System.gc()) 239M->44M(989M) 150.706ms
[44.732s][info][gc,cpu         ] GC(340) User=0.14s Sys=0.00s Real=0.14s
[44.835s][info][gc,start       ] GC(341) Pause Young (Allocation Failure)
[44.852s][info][gc,heap        ] GC(341) DefNew: 279615K(314560K)->3444K(314560K) Eden: 279615K(279616K)->0K(279616K) From: 0K(34944K)->3444K(34944K)
[44.852s][info][gc,heap        ] GC(341) Tenured: 45792K(699072K)->45792K(699072K)
[44.852s][info][gc,metaspace   ] GC(341) Metaspace: 71650K(72448K)->71650K(72448K) NonClass: 57073K(57344K)->57073K(57344K) Class: 14577K(15104K)->14577K(15104K)
[44.852s][info][gc             ] GC(341) Pause Young (Allocation Failure) 317M->48M(989M) 16.899ms
[44.852s][info][gc,cpu         ] GC(341) User=0.02s Sys=0.00s Real=0.00s
[44.925s][info][gc,start       ] GC(342) Pause Young (Allocation Failure)
[44.938s][info][gc,heap        ] GC(342) DefNew: 283060K(314560K)->3499K(314560K) Eden: 279616K(279616K)->0K(279616K) From: 3444K(34944K)->3499K(34944K)
[44.938s][info][gc,heap        ] GC(342) Tenured: 45792K(699072K)->45792K(699072K)
[44.938s][info][gc,metaspace   ] GC(342) Metaspace: 71650K(72448K)->71650K(72448K) NonClass: 57073K(57344K)->57073K(57344K) Class: 14577K(15104K)->14577K(15104K)
[44.938s][info][gc             ] GC(342) Pause Young (Allocation Failure) 321M->48M(989M) 12.914ms
[44.938s][info][gc,cpu         ] GC(342) User=0.00s Sys=0.00s Real=0.00s
[45.010s][info][gc,start       ] GC(343) Pause Young (Allocation Failure)
[45.023s][info][gc,heap        ] GC(343) DefNew: 283115K(314560K)->3476K(314560K) Eden: 279615K(279616K)->0K(279616K) From: 3499K(34944K)->3476K(34944K)
[45.023s][info][gc,heap        ] GC(343) Tenured: 45792K(699072K)->45792K(699072K)
[45.023s][info][gc,metaspace   ] GC(343) Metaspace: 71650K(72448K)->71650K(72448K) NonClass: 57073K(57344K)->57073K(57344K) Class: 14577K(15104K)->14577K(15104K)
[45.023s][info][gc             ] GC(343) Pause Young (Allocation Failure) 321M->48M(989M) 12.621ms
[45.023s][info][gc,cpu         ] GC(343) User=0.02s Sys=0.00s Real=0.01s
[45.100s][info][gc,start       ] GC(344) Pause Young (Allocation Failure)
[45.113s][info][gc,heap        ] GC(344) DefNew: 283092K(314560K)->3505K(314560K) Eden: 279616K(279616K)->0K(279616K) From: 3476K(34944K)->3505K(34944K)
[45.113s][info][gc,heap        ] GC(344) Tenured: 45792K(699072K)->45792K(699072K)
[45.113s][info][gc,metaspace   ] GC(344) Metaspace: 71650K(72448K)->71650K(72448K) NonClass: 57073K(57344K)->57073K(57344K) Class: 14577K(15104K)->14577K(15104K)
[45.113s][info][gc             ] GC(344) Pause Young (Allocation Failure) 321M->48M(989M) 12.450ms
[45.113s][info][gc,cpu         ] GC(344) User=0.00s Sys=0.00s Real=0.00s
[45.185s][info][gc,start       ] GC(345) Pause Young (Allocation Failure)
[45.198s][info][gc,heap        ] GC(345) DefNew: 283121K(314560K)->3496K(314560K) Eden: 279616K(279616K)->0K(279616K) From: 3505K(34944K)->3496K(34944K)
[45.198s][info][gc,heap        ] GC(345) Tenured: 45792K(699072K)->45792K(699072K)
[45.199s][info][gc,metaspace   ] GC(345) Metaspace: 71650K(72448K)->71650K(72448K) NonClass: 57073K(57344K)->57073K(57344K) Class: 14577K(15104K)->14577K(15104K)
[45.199s][info][gc             ] GC(345) Pause Young (Allocation Failure) 321M->48M(989M) 13.978ms
[45.199s][info][gc,cpu         ] GC(345) User=0.00s Sys=0.00s Real=0.00s
[45.271s][info][gc,start       ] GC(346) Pause Young (Allocation Failure)
[45.284s][info][gc,heap        ] GC(346) DefNew: 283112K(314560K)->3454K(314560K) Eden: 279616K(279616K)->0K(279616K) From: 3496K(34944K)->3454K(34944K)
[45.284s][info][gc,heap        ] GC(346) Tenured: 45792K(699072K)->45792K(699072K)
[45.284s][info][gc,metaspace   ] GC(346) Metaspace: 71650K(72448K)->71650K(72448K) NonClass: 57073K(57344K)->57073K(57344K) Class: 14577K(15104K)->14577K(15104K)
[45.284s][info][gc             ] GC(346) Pause Young (Allocation Failure) 321M->48M(989M) 13.836ms
[45.284s][info][gc,cpu         ] GC(346) User=0.00s Sys=0.00s Real=0.00s
[45.357s][info][gc,start       ] GC(347) Pause Young (Allocation Failure)
[45.370s][info][gc,heap        ] GC(347) DefNew: 283070K(314560K)->3540K(314560K) Eden: 279616K(279616K)->0K(279616K) From: 3454K(34944K)->3540K(34944K)
[45.370s][info][gc,heap        ] GC(347) Tenured: 45792K(699072K)->45792K(699072K)
[45.370s][info][gc,metaspace   ] GC(347) Metaspace: 71650K(72448K)->71650K(72448K) NonClass: 57073K(57344K)->57073K(57344K) Class: 14577K(15104K)->14577K(15104K)
[45.370s][info][gc             ] GC(347) Pause Young (Allocation Failure) 321M->48M(989M) 13.108ms
[45.370s][info][gc,cpu         ] GC(347) User=0.00s Sys=0.00s Real=0.00s
[45.442s][info][gc,start       ] GC(348) Pause Young (Allocation Failure)
[45.455s][info][gc,heap        ] GC(348) DefNew: 283156K(314560K)->3481K(314560K) Eden: 279616K(279616K)->0K(279616K) From: 3540K(34944K)->3481K(34944K)
[45.455s][info][gc,heap        ] GC(348) Tenured: 45792K(699072K)->45792K(699072K)
[45.455s][info][gc,metaspace   ] GC(348) Metaspace: 71650K(72448K)->71650K(72448K) NonClass: 57073K(57344K)->57073K(57344K) Class: 14577K(15104K)->14577K(15104K)
[45.455s][info][gc             ] GC(348) Pause Young (Allocation Failure) 321M->48M(989M) 12.495ms
[45.455s][info][gc,cpu         ] GC(348) User=0.00s Sys=0.00s Real=0.00s
[45.527s][info][gc,start       ] GC(349) Pause Young (Allocation Failure)
[45.539s][info][gc,heap        ] GC(349) DefNew: 283097K(314560K)->3438K(314560K) Eden: 279616K(279616K)->0K(279616K) From: 3481K(34944K)->3438K(34944K)
[45.539s][info][gc,heap        ] GC(349) Tenured: 45792K(699072K)->45792K(699072K)
[45.539s][info][gc,metaspace   ] GC(349) Metaspace: 71650K(72448K)->71650K(72448K) NonClass: 57073K(57344K)->57073K(57344K) Class: 14577K(15104K)->14577K(15104K)
[45.539s][info][gc             ] GC(349) Pause Young (Allocation Failure) 321M->48M(989M) 12.198ms
[45.539s][info][gc,cpu         ] GC(349) User=0.00s Sys=0.00s Real=0.00s
[45.611s][info][gc,start       ] GC(350) Pause Young (Allocation Failure)
[45.623s][info][gc,heap        ] GC(350) DefNew: 283054K(314560K)->3434K(314560K) Eden: 279616K(279616K)->0K(279616K) From: 3438K(34944K)->3434K(34944K)
[45.623s][info][gc,heap        ] GC(350) Tenured: 45792K(699072K)->45792K(699072K)
[45.623s][info][gc,metaspace   ] GC(350) Metaspace: 71650K(72448K)->71650K(72448K) NonClass: 57073K(57344K)->57073K(57344K) Class: 14577K(15104K)->14577K(15104K)
[45.623s][info][gc             ] GC(350) Pause Young (Allocation Failure) 321M->48M(989M) 12.220ms
[45.623s][info][gc,cpu         ] GC(350) User=0.00s Sys=0.00s Real=0.00s
[45.698s][info][gc,start       ] GC(351) Pause Young (Allocation Failure)
[45.710s][info][gc,heap        ] GC(351) DefNew: 283050K(314560K)->3390K(314560K) Eden: 279616K(279616K)->0K(279616K) From: 3434K(34944K)->3390K(34944K)
[45.710s][info][gc,heap        ] GC(351) Tenured: 45792K(699072K)->45792K(699072K)
[45.710s][info][gc,metaspace   ] GC(351) Metaspace: 71650K(72448K)->71650K(72448K) NonClass: 57073K(57344K)->57073K(57344K) Class: 14577K(15104K)->14577K(15104K)
[45.710s][info][gc             ] GC(351) Pause Young (Allocation Failure) 321M->48M(989M) 12.008ms
[45.710s][info][gc,cpu         ] GC(351) User=0.00s Sys=0.00s Real=0.00s
[45.782s][info][gc,start       ] GC(352) Pause Young (Allocation Failure)
[45.794s][info][gc,heap        ] GC(352) DefNew: 283006K(314560K)->3374K(314560K) Eden: 279616K(279616K)->0K(279616K) From: 3390K(34944K)->3374K(34944K)
[45.794s][info][gc,heap        ] GC(352) Tenured: 45792K(699072K)->45792K(699072K)
[45.794s][info][gc,metaspace   ] GC(352) Metaspace: 71651K(72448K)->71651K(72448K) NonClass: 57073K(57344K)->57073K(57344K) Class: 14577K(15104K)->14577K(15104K)
[45.794s][info][gc             ] GC(352) Pause Young (Allocation Failure) 321M->48M(989M) 11.948ms
[45.794s][info][gc,cpu         ] GC(352) User=0.00s Sys=0.00s Real=0.00s
[45.867s][info][gc,start       ] GC(353) Pause Young (Allocation Failure)
[45.880s][info][gc,heap        ] GC(353) DefNew: 282990K(314560K)->3489K(314560K) Eden: 279616K(279616K)->0K(279616K) From: 3374K(34944K)->3489K(34944K)
[45.880s][info][gc,heap        ] GC(353) Tenured: 45792K(699072K)->45792K(699072K)
[45.880s][info][gc,metaspace   ] GC(353) Metaspace: 71651K(72448K)->71651K(72448K) NonClass: 57073K(57344K)->57073K(57344K) Class: 14577K(15104K)->14577K(15104K)
[45.880s][info][gc             ] GC(353) Pause Young (Allocation Failure) 321M->48M(989M) 12.387ms
[45.880s][info][gc,cpu         ] GC(353) User=0.00s Sys=0.00s Real=0.00s
[45.951s][info][gc,start       ] GC(354) Pause Young (Allocation Failure)
[45.963s][info][gc,heap        ] GC(354) DefNew: 283105K(314560K)->3386K(314560K) Eden: 279616K(279616K)->0K(279616K) From: 3489K(34944K)->3386K(34944K)
[45.963s][info][gc,heap        ] GC(354) Tenured: 45792K(699072K)->45792K(699072K)
[45.963s][info][gc,metaspace   ] GC(354) Metaspace: 71651K(72448K)->71651K(72448K) NonClass: 57073K(57344K)->57073K(57344K) Class: 14577K(15104K)->14577K(15104K)
[45.963s][info][gc             ] GC(354) Pause Young (Allocation Failure) 321M->48M(989M) 11.931ms
[45.963s][info][gc,cpu         ] GC(354) User=0.00s Sys=0.00s Real=0.00s
[46.036s][info][gc,start       ] GC(355) Pause Young (Allocation Failure)
[46.048s][info][gc,heap        ] GC(355) DefNew: 283002K(314560K)->3484K(314560K) Eden: 279616K(279616K)->0K(279616K) From: 3386K(34944K)->3484K(34944K)
[46.048s][info][gc,heap        ] GC(355) Tenured: 45792K(699072K)->45792K(699072K)
[46.048s][info][gc,metaspace   ] GC(355) Metaspace: 71651K(72448K)->71651K(72448K) NonClass: 57073K(57344K)->57073K(57344K) Class: 14577K(15104K)->14577K(15104K)
[46.048s][info][gc             ] GC(355) Pause Young (Allocation Failure) 321M->48M(989M) 12.473ms
[46.048s][info][gc,cpu         ] GC(355) User=0.00s Sys=0.00s Real=0.00s
[46.120s][info][gc,start       ] GC(356) Pause Young (Allocation Failure)
[46.134s][info][gc,heap        ] GC(356) DefNew: 283100K(314560K)->1407K(314560K) Eden: 279616K(279616K)->0K(279616K) From: 3484K(34944K)->1407K(34944K)
[46.134s][info][gc,heap        ] GC(356) Tenured: 45792K(699072K)->47829K(699072K)
[46.134s][info][gc,metaspace   ] GC(356) Metaspace: 71651K(72448K)->71651K(72448K) NonClass: 57073K(57344K)->57073K(57344K) Class: 14577K(15104K)->14577K(15104K)
[46.134s][info][gc             ] GC(356) Pause Young (Allocation Failure) 321M->48M(989M) 13.454ms
[46.134s][info][gc,cpu         ] GC(356) User=0.00s Sys=0.00s Real=0.00s
[46.206s][info][gc,start       ] GC(357) Pause Young (Allocation Failure)
[46.216s][info][gc,heap        ] GC(357) DefNew: 281023K(314560K)->1444K(314560K) Eden: 279616K(279616K)->0K(279616K) From: 1407K(34944K)->1444K(34944K)
[46.216s][info][gc,heap        ] GC(357) Tenured: 47829K(699072K)->47835K(699072K)
[46.216s][info][gc,metaspace   ] GC(357) Metaspace: 71651K(72448K)->71651K(72448K) NonClass: 57073K(57344K)->57073K(57344K) Class: 14577K(15104K)->14577K(15104K)
[46.216s][info][gc             ] GC(357) Pause Young (Allocation Failure) 321M->48M(989M) 9.651ms
[46.216s][info][gc,cpu         ] GC(357) User=0.00s Sys=0.00s Real=0.00s
[46.287s][info][gc,start       ] GC(358) Pause Young (Allocation Failure)
[46.296s][info][gc,heap        ] GC(358) DefNew: 281060K(314560K)->1435K(314560K) Eden: 279616K(279616K)->0K(279616K) From: 1444K(34944K)->1435K(34944K)
[46.296s][info][gc,heap        ] GC(358) Tenured: 47835K(699072K)->47837K(699072K)
[46.296s][info][gc,metaspace   ] GC(358) Metaspace: 71651K(72448K)->71651K(72448K) NonClass: 57073K(57344K)->57073K(57344K) Class: 14577K(15104K)->14577K(15104K)
[46.296s][info][gc             ] GC(358) Pause Young (Allocation Failure) 321M->48M(989M) 9.233ms
[46.297s][info][gc,cpu         ] GC(358) User=0.00s Sys=0.00s Real=0.00s
[46.368s][info][gc,start       ] GC(359) Pause Young (Allocation Failure)
[46.377s][info][gc,heap        ] GC(359) DefNew: 281051K(314560K)->1451K(314560K) Eden: 279616K(279616K)->0K(279616K) From: 1435K(34944K)->1451K(34944K)
[46.377s][info][gc,heap        ] GC(359) Tenured: 47837K(699072K)->47837K(699072K)
[46.377s][info][gc,metaspace   ] GC(359) Metaspace: 71651K(72448K)->71651K(72448K) NonClass: 57073K(57344K)->57073K(57344K) Class: 14577K(15104K)->14577K(15104K)
[46.377s][info][gc             ] GC(359) Pause Young (Allocation Failure) 321M->48M(989M) 8.606ms
[46.377s][info][gc,cpu         ] GC(359) User=0.00s Sys=0.00s Real=0.00s
[46.448s][info][gc,start       ] GC(360) Pause Young (Allocation Failure)
[46.457s][info][gc,heap        ] GC(360) DefNew: 281067K(314560K)->1394K(314560K) Eden: 279616K(279616K)->0K(279616K) From: 1451K(34944K)->1394K(34944K)
[46.457s][info][gc,heap        ] GC(360) Tenured: 47837K(699072K)->47837K(699072K)
[46.457s][info][gc,metaspace   ] GC(360) Metaspace: 71651K(72448K)->71651K(72448K) NonClass: 57073K(57344K)->57073K(57344K) Class: 14577K(15104K)->14577K(15104K)
[46.457s][info][gc             ] GC(360) Pause Young (Allocation Failure) 321M->48M(989M) 9.415ms
[46.457s][info][gc,cpu         ] GC(360) User=0.00s Sys=0.00s Real=0.00s
[46.529s][info][gc,start       ] GC(361) Pause Young (Allocation Failure)
[46.538s][info][gc,heap        ] GC(361) DefNew: 281010K(314560K)->1435K(314560K) Eden: 279616K(279616K)->0K(279616K) From: 1394K(34944K)->1435K(34944K)
[46.538s][info][gc,heap        ] GC(361) Tenured: 47837K(699072K)->47837K(699072K)
[46.538s][info][gc,metaspace   ] GC(361) Metaspace: 71651K(72448K)->71651K(72448K) NonClass: 57073K(57344K)->57073K(57344K) Class: 14577K(15104K)->14577K(15104K)
[46.538s][info][gc             ] GC(361) Pause Young (Allocation Failure) 321M->48M(989M) 9.333ms
[46.538s][info][gc,cpu         ] GC(361) User=0.00s Sys=0.00s Real=0.00s
[46.610s][info][gc,start       ] GC(362) Pause Young (Allocation Failure)
[46.619s][info][gc,heap        ] GC(362) DefNew: 281051K(314560K)->1379K(314560K) Eden: 279616K(279616K)->0K(279616K) From: 1435K(34944K)->1379K(34944K)
[46.619s][info][gc,heap        ] GC(362) Tenured: 47837K(699072K)->47837K(699072K)
[46.619s][info][gc,metaspace   ] GC(362) Metaspace: 71651K(72448K)->71651K(72448K) NonClass: 57073K(57344K)->57073K(57344K) Class: 14577K(15104K)->14577K(15104K)
[46.619s][info][gc             ] GC(362) Pause Young (Allocation Failure) 321M->48M(989M) 9.370ms
[46.620s][info][gc,cpu         ] GC(362) User=0.00s Sys=0.00s Real=0.00s
[46.691s][info][gc,start       ] GC(363) Pause Young (Allocation Failure)
[46.700s][info][gc,heap        ] GC(363) DefNew: 280995K(314560K)->1431K(314560K) Eden: 279616K(279616K)->0K(279616K) From: 1379K(34944K)->1431K(34944K)
[46.700s][info][gc,heap        ] GC(363) Tenured: 47837K(699072K)->47837K(699072K)
[46.700s][info][gc,metaspace   ] GC(363) Metaspace: 71651K(72448K)->71651K(72448K) NonClass: 57073K(57344K)->57073K(57344K) Class: 14577K(15104K)->14577K(15104K)
[46.700s][info][gc             ] GC(363) Pause Young (Allocation Failure) 321M->48M(989M) 9.136ms
[46.700s][info][gc,cpu         ] GC(363) User=0.00s Sys=0.00s Real=0.00s
[46.772s][info][gc,start       ] GC(364) Pause Young (Allocation Failure)
[46.780s][info][gc,heap        ] GC(364) DefNew: 281047K(314560K)->1450K(314560K) Eden: 279616K(279616K)->0K(279616K) From: 1431K(34944K)->1450K(34944K)
[46.780s][info][gc,heap        ] GC(364) Tenured: 47837K(699072K)->47837K(699072K)
[46.780s][info][gc,metaspace   ] GC(364) Metaspace: 71651K(72448K)->71651K(72448K) NonClass: 57073K(57344K)->57073K(57344K) Class: 14577K(15104K)->14577K(15104K)
[46.780s][info][gc             ] GC(364) Pause Young (Allocation Failure) 321M->48M(989M) 8.689ms
[46.780s][info][gc,cpu         ] GC(364) User=0.00s Sys=0.00s Real=0.00s
[46.851s][info][gc,start       ] GC(365) Pause Young (Allocation Failure)
[46.860s][info][gc,heap        ] GC(365) DefNew: 281066K(314560K)->1458K(314560K) Eden: 279616K(279616K)->0K(279616K) From: 1450K(34944K)->1458K(34944K)
[46.860s][info][gc,heap        ] GC(365) Tenured: 47837K(699072K)->47837K(699072K)
[46.860s][info][gc,metaspace   ] GC(365) Metaspace: 71651K(72448K)->71651K(72448K) NonClass: 57073K(57344K)->57073K(57344K) Class: 14577K(15104K)->14577K(15104K)
[46.860s][info][gc             ] GC(365) Pause Young (Allocation Failure) 321M->48M(989M) 8.889ms
[46.860s][info][gc,cpu         ] GC(365) User=0.00s Sys=0.00s Real=0.00s
[46.932s][info][gc,start       ] GC(366) Pause Young (Allocation Failure)
[46.941s][info][gc,heap        ] GC(366) DefNew: 281074K(314560K)->1501K(314560K) Eden: 279615K(279616K)->0K(279616K) From: 1458K(34944K)->1501K(34944K)
[46.941s][info][gc,heap        ] GC(366) Tenured: 47837K(699072K)->47837K(699072K)
[46.941s][info][gc,metaspace   ] GC(366) Metaspace: 71656K(72448K)->71656K(72448K) NonClass: 57078K(57344K)->57078K(57344K) Class: 14577K(15104K)->14577K(15104K)
[46.941s][info][gc             ] GC(366) Pause Young (Allocation Failure) 321M->48M(989M) 8.824ms
[46.941s][info][gc,cpu         ] GC(366) User=0.00s Sys=0.00s Real=0.01s
[47.012s][info][gc,start       ] GC(367) Pause Young (Allocation Failure)
[47.020s][info][gc,heap        ] GC(367) DefNew: 281117K(314560K)->1444K(314560K) Eden: 279615K(279616K)->0K(279616K) From: 1501K(34944K)->1444K(34944K)
[47.020s][info][gc,heap        ] GC(367) Tenured: 47837K(699072K)->47838K(699072K)
[47.020s][info][gc,metaspace   ] GC(367) Metaspace: 71656K(72448K)->71656K(72448K) NonClass: 57078K(57344K)->57078K(57344K) Class: 14577K(15104K)->14577K(15104K)
[47.020s][info][gc             ] GC(367) Pause Young (Allocation Failure) 321M->48M(989M) 8.488ms
[47.020s][info][gc,cpu         ] GC(367) User=0.00s Sys=0.00s Real=0.00s
[47.092s][info][gc,start       ] GC(368) Pause Young (Allocation Failure)
[47.100s][info][gc,heap        ] GC(368) DefNew: 281060K(314560K)->1419K(314560K) Eden: 279616K(279616K)->0K(279616K) From: 1444K(34944K)->1419K(34944K)
[47.100s][info][gc,heap        ] GC(368) Tenured: 47838K(699072K)->47854K(699072K)
[47.100s][info][gc,metaspace   ] GC(368) Metaspace: 71656K(72448K)->71656K(72448K) NonClass: 57078K(57344K)->57078K(57344K) Class: 14577K(15104K)->14577K(15104K)
[47.101s][info][gc             ] GC(368) Pause Young (Allocation Failure) 321M->48M(989M) 8.629ms
[47.101s][info][gc,cpu         ] GC(368) User=0.00s Sys=0.00s Real=0.00s
[47.172s][info][gc,start       ] GC(369) Pause Young (Allocation Failure)
[47.181s][info][gc,heap        ] GC(369) DefNew: 281035K(314560K)->1479K(314560K) Eden: 279616K(279616K)->0K(279616K) From: 1419K(34944K)->1479K(34944K)
[47.181s][info][gc,heap        ] GC(369) Tenured: 47854K(699072K)->47854K(699072K)
[47.181s][info][gc,metaspace   ] GC(369) Metaspace: 71656K(72448K)->71656K(72448K) NonClass: 57078K(57344K)->57078K(57344K) Class: 14577K(15104K)->14577K(15104K)
[47.181s][info][gc             ] GC(369) Pause Young (Allocation Failure) 321M->48M(989M) 9.320ms
[47.181s][info][gc,cpu         ] GC(369) User=0.00s Sys=0.00s Real=0.00s
[47.253s][info][gc,start       ] GC(370) Pause Young (Allocation Failure)
[47.262s][info][gc,heap        ] GC(370) DefNew: 281095K(314560K)->1462K(314560K) Eden: 279616K(279616K)->0K(279616K) From: 1479K(34944K)->1462K(34944K)
[47.262s][info][gc,heap        ] GC(370) Tenured: 47854K(699072K)->47854K(699072K)
[47.262s][info][gc,metaspace   ] GC(370) Metaspace: 71656K(72448K)->71656K(72448K) NonClass: 57078K(57344K)->57078K(57344K) Class: 14577K(15104K)->14577K(15104K)
[47.262s][info][gc             ] GC(370) Pause Young (Allocation Failure) 321M->48M(989M) 9.026ms
[47.262s][info][gc,cpu         ] GC(370) User=0.00s Sys=0.00s Real=0.00s
[47.334s][info][gc,start       ] GC(371) Pause Young (Allocation Failure)
[47.342s][info][gc,heap        ] GC(371) DefNew: 281078K(314560K)->1482K(314560K) Eden: 279616K(279616K)->0K(279616K) From: 1462K(34944K)->1482K(34944K)
[47.342s][info][gc,heap        ] GC(371) Tenured: 47854K(699072K)->47854K(699072K)
[47.342s][info][gc,metaspace   ] GC(371) Metaspace: 71656K(72448K)->71656K(72448K) NonClass: 57078K(57344K)->57078K(57344K) Class: 14577K(15104K)->14577K(15104K)
[47.342s][info][gc             ] GC(371) Pause Young (Allocation Failure) 321M->48M(989M) 8.527ms
[47.342s][info][gc,cpu         ] GC(371) User=0.00s Sys=0.00s Real=0.00s
[47.413s][info][gc,start       ] GC(372) Pause Young (Allocation Failure)
[47.422s][info][gc,heap        ] GC(372) DefNew: 281098K(314560K)->1433K(314560K) Eden: 279616K(279616K)->0K(279616K) From: 1482K(34944K)->1433K(34944K)
[47.422s][info][gc,heap        ] GC(372) Tenured: 47854K(699072K)->47854K(699072K)
[47.422s][info][gc,metaspace   ] GC(372) Metaspace: 71656K(72448K)->71656K(72448K) NonClass: 57078K(57344K)->57078K(57344K) Class: 14577K(15104K)->14577K(15104K)
[47.422s][info][gc             ] GC(372) Pause Young (Allocation Failure) 321M->48M(989M) 8.402ms
[47.422s][info][gc,cpu         ] GC(372) User=0.02s Sys=0.00s Real=0.00s
[47.493s][info][gc,start       ] GC(373) Pause Young (Allocation Failure)
[47.502s][info][gc,heap        ] GC(373) DefNew: 281049K(314560K)->1483K(314560K) Eden: 279616K(279616K)->0K(279616K) From: 1433K(34944K)->1483K(34944K)
[47.502s][info][gc,heap        ] GC(373) Tenured: 47854K(699072K)->47854K(699072K)
[47.502s][info][gc,metaspace   ] GC(373) Metaspace: 71656K(72448K)->71656K(72448K) NonClass: 57078K(57344K)->57078K(57344K) Class: 14577K(15104K)->14577K(15104K)
[47.502s][info][gc             ] GC(373) Pause Young (Allocation Failure) 321M->48M(989M) 8.535ms
[47.502s][info][gc,cpu         ] GC(373) User=0.00s Sys=0.00s Real=0.00s
[47.573s][info][gc,start       ] GC(374) Pause Young (Allocation Failure)
[47.582s][info][gc,heap        ] GC(374) DefNew: 281099K(314560K)->1500K(314560K) Eden: 279616K(279616K)->0K(279616K) From: 1483K(34944K)->1500K(34944K)
[47.582s][info][gc,heap        ] GC(374) Tenured: 47854K(699072K)->47854K(699072K)
[47.582s][info][gc,metaspace   ] GC(374) Metaspace: 71656K(72448K)->71656K(72448K) NonClass: 57078K(57344K)->57078K(57344K) Class: 14577K(15104K)->14577K(15104K)
[47.582s][info][gc             ] GC(374) Pause Young (Allocation Failure) 321M->48M(989M) 9.364ms
[47.582s][info][gc,cpu         ] GC(374) User=0.00s Sys=0.00s Real=0.00s
[47.653s][info][gc,start       ] GC(375) Pause Young (Allocation Failure)
[47.662s][info][gc,heap        ] GC(375) DefNew: 281116K(314560K)->1416K(314560K) Eden: 279615K(279616K)->0K(279616K) From: 1500K(34944K)->1416K(34944K)
[47.662s][info][gc,heap        ] GC(375) Tenured: 47854K(699072K)->47854K(699072K)
[47.662s][info][gc,metaspace   ] GC(375) Metaspace: 71656K(72448K)->71656K(72448K) NonClass: 57078K(57344K)->57078K(57344K) Class: 14577K(15104K)->14577K(15104K)
[47.662s][info][gc             ] GC(375) Pause Young (Allocation Failure) 321M->48M(989M) 8.764ms
[47.662s][info][gc,cpu         ] GC(375) User=0.00s Sys=0.00s Real=0.00s
[47.734s][info][gc,start       ] GC(376) Pause Young (Allocation Failure)
[47.743s][info][gc,heap        ] GC(376) DefNew: 281032K(314560K)->1457K(314560K) Eden: 279616K(279616K)->0K(279616K) From: 1416K(34944K)->1457K(34944K)
[47.743s][info][gc,heap        ] GC(376) Tenured: 47854K(699072K)->47855K(699072K)
[47.743s][info][gc,metaspace   ] GC(376) Metaspace: 71656K(72448K)->71656K(72448K) NonClass: 57078K(57344K)->57078K(57344K) Class: 14577K(15104K)->14577K(15104K)
[47.743s][info][gc             ] GC(376) Pause Young (Allocation Failure) 321M->48M(989M) 9.285ms
[47.743s][info][gc,cpu         ] GC(376) User=0.00s Sys=0.00s Real=0.00s
[47.814s][info][gc,start       ] GC(377) Pause Young (Allocation Failure)
[47.823s][info][gc,heap        ] GC(377) DefNew: 281073K(314560K)->1506K(314560K) Eden: 279616K(279616K)->0K(279616K) From: 1457K(34944K)->1506K(34944K)
[47.823s][info][gc,heap        ] GC(377) Tenured: 47855K(699072K)->47856K(699072K)
[47.823s][info][gc,metaspace   ] GC(377) Metaspace: 71656K(72448K)->71656K(72448K) NonClass: 57078K(57344K)->57078K(57344K) Class: 14577K(15104K)->14577K(15104K)
[47.823s][info][gc             ] GC(377) Pause Young (Allocation Failure) 321M->48M(989M) 9.159ms
[47.823s][info][gc,cpu         ] GC(377) User=0.00s Sys=0.00s Real=0.00s
[47.895s][info][gc,start       ] GC(378) Pause Young (Allocation Failure)
[47.904s][info][gc,heap        ] GC(378) DefNew: 281122K(314560K)->1454K(314560K) Eden: 279616K(279616K)->0K(279616K) From: 1506K(34944K)->1454K(34944K)
[47.904s][info][gc,heap        ] GC(378) Tenured: 47856K(699072K)->47856K(699072K)
[47.904s][info][gc,metaspace   ] GC(378) Metaspace: 71656K(72448K)->71656K(72448K) NonClass: 57078K(57344K)->57078K(57344K) Class: 14577K(15104K)->14577K(15104K)
[47.904s][info][gc             ] GC(378) Pause Young (Allocation Failure) 321M->48M(989M) 8.450ms
[47.904s][info][gc,cpu         ] GC(378) User=0.00s Sys=0.00s Real=0.00s
[47.975s][info][gc,start       ] GC(379) Pause Young (Allocation Failure)
[47.983s][info][gc,heap        ] GC(379) DefNew: 281070K(314560K)->1524K(314560K) Eden: 279616K(279616K)->0K(279616K) From: 1454K(34944K)->1524K(34944K)
[47.983s][info][gc,heap        ] GC(379) Tenured: 47856K(699072K)->47856K(699072K)
[47.983s][info][gc,metaspace   ] GC(379) Metaspace: 71656K(72448K)->71656K(72448K) NonClass: 57078K(57344K)->57078K(57344K) Class: 14577K(15104K)->14577K(15104K)
[47.983s][info][gc             ] GC(379) Pause Young (Allocation Failure) 321M->48M(989M) 8.704ms
[47.983s][info][gc,cpu         ] GC(379) User=0.00s Sys=0.00s Real=0.00s
[48.055s][info][gc,start       ] GC(380) Pause Young (Allocation Failure)
[48.063s][info][gc,heap        ] GC(380) DefNew: 281140K(314560K)->1449K(314560K) Eden: 279616K(279616K)->0K(279616K) From: 1524K(34944K)->1449K(34944K)
[48.063s][info][gc,heap        ] GC(380) Tenured: 47856K(699072K)->47873K(699072K)
[48.063s][info][gc,metaspace   ] GC(380) Metaspace: 71656K(72448K)->71656K(72448K) NonClass: 57078K(57344K)->57078K(57344K) Class: 14577K(15104K)->14577K(15104K)
[48.063s][info][gc             ] GC(380) Pause Young (Allocation Failure) 321M->48M(989M) 8.471ms
[48.063s][info][gc,cpu         ] GC(380) User=0.00s Sys=0.00s Real=0.00s
[48.135s][info][gc,start       ] GC(381) Pause Young (Allocation Failure)
[48.143s][info][gc,heap        ] GC(381) DefNew: 281065K(314560K)->1450K(314560K) Eden: 279616K(279616K)->0K(279616K) From: 1449K(34944K)->1450K(34944K)
[48.143s][info][gc,heap        ] GC(381) Tenured: 47873K(699072K)->47916K(699072K)
[48.143s][info][gc,metaspace   ] GC(381) Metaspace: 71656K(72448K)->71656K(72448K) NonClass: 57078K(57344K)->57078K(57344K) Class: 14577K(15104K)->14577K(15104K)
[48.143s][info][gc             ] GC(381) Pause Young (Allocation Failure) 321M->48M(989M) 8.607ms
[48.143s][info][gc,cpu         ] GC(381) User=0.00s Sys=0.00s Real=0.00s
[48.215s][info][gc,start       ] GC(382) Pause Young (Allocation Failure)
[48.223s][info][gc,heap        ] GC(382) DefNew: 281066K(314560K)->1379K(314560K) Eden: 279616K(279616K)->0K(279616K) From: 1450K(34944K)->1379K(34944K)
[48.223s][info][gc,heap        ] GC(382) Tenured: 47916K(699072K)->47916K(699072K)
[48.223s][info][gc,metaspace   ] GC(382) Metaspace: 71656K(72448K)->71656K(72448K) NonClass: 57078K(57344K)->57078K(57344K) Class: 14577K(15104K)->14577K(15104K)
[48.223s][info][gc             ] GC(382) Pause Young (Allocation Failure) 321M->48M(989M) 8.275ms
[48.223s][info][gc,cpu         ] GC(382) User=0.00s Sys=0.00s Real=0.00s
[48.294s][info][gc,start       ] GC(383) Pause Young (Allocation Failure)
[48.304s][info][gc,heap        ] GC(383) DefNew: 280995K(314560K)->1438K(314560K) Eden: 279616K(279616K)->0K(279616K) From: 1379K(34944K)->1438K(34944K)
[48.304s][info][gc,heap        ] GC(383) Tenured: 47916K(699072K)->47916K(699072K)
[48.304s][info][gc,metaspace   ] GC(383) Metaspace: 71656K(72448K)->71656K(72448K) NonClass: 57078K(57344K)->57078K(57344K) Class: 14577K(15104K)->14577K(15104K)
[48.304s][info][gc             ] GC(383) Pause Young (Allocation Failure) 321M->48M(989M) 9.268ms
[48.304s][info][gc,cpu         ] GC(383) User=0.00s Sys=0.00s Real=0.00s
[48.375s][info][gc,start       ] GC(384) Pause Young (Allocation Failure)
[48.384s][info][gc,heap        ] GC(384) DefNew: 281054K(314560K)->1408K(314560K) Eden: 279616K(279616K)->0K(279616K) From: 1438K(34944K)->1408K(34944K)
[48.384s][info][gc,heap        ] GC(384) Tenured: 47916K(699072K)->47916K(699072K)
[48.384s][info][gc,metaspace   ] GC(384) Metaspace: 71656K(72448K)->71656K(72448K) NonClass: 57078K(57344K)->57078K(57344K) Class: 14577K(15104K)->14577K(15104K)
[48.384s][info][gc             ] GC(384) Pause Young (Allocation Failure) 321M->48M(989M) 8.846ms
[48.384s][info][gc,cpu         ] GC(384) User=0.00s Sys=0.00s Real=0.00s
[48.456s][info][gc,start       ] GC(385) Pause Young (Allocation Failure)
[48.465s][info][gc,heap        ] GC(385) DefNew: 281024K(314560K)->1394K(314560K) Eden: 279616K(279616K)->0K(279616K) From: 1408K(34944K)->1394K(34944K)
[48.465s][info][gc,heap        ] GC(385) Tenured: 47916K(699072K)->47916K(699072K)
[48.465s][info][gc,metaspace   ] GC(385) Metaspace: 71656K(72448K)->71656K(72448K) NonClass: 57078K(57344K)->57078K(57344K) Class: 14577K(15104K)->14577K(15104K)
[48.465s][info][gc             ] GC(385) Pause Young (Allocation Failure) 321M->48M(989M) 9.255ms
[48.465s][info][gc,cpu         ] GC(385) User=0.00s Sys=0.00s Real=0.00s
[48.537s][info][gc,start       ] GC(386) Pause Young (Allocation Failure)
[48.546s][info][gc,heap        ] GC(386) DefNew: 281010K(314560K)->1377K(314560K) Eden: 279616K(279616K)->0K(279616K) From: 1394K(34944K)->1377K(34944K)
[48.546s][info][gc,heap        ] GC(386) Tenured: 47916K(699072K)->47916K(699072K)
[48.546s][info][gc,metaspace   ] GC(386) Metaspace: 71656K(72448K)->71656K(72448K) NonClass: 57078K(57344K)->57078K(57344K) Class: 14577K(15104K)->14577K(15104K)
[48.546s][info][gc             ] GC(386) Pause Young (Allocation Failure) 321M->48M(989M) 8.794ms
[48.546s][info][gc,cpu         ] GC(386) User=0.00s Sys=0.00s Real=0.00s
[48.617s][info][gc,start       ] GC(387) Pause Young (Allocation Failure)
[48.626s][info][gc,heap        ] GC(387) DefNew: 280993K(314560K)->1374K(314560K) Eden: 279616K(279616K)->0K(279616K) From: 1377K(34944K)->1374K(34944K)
[48.626s][info][gc,heap        ] GC(387) Tenured: 47916K(699072K)->47916K(699072K)
[48.626s][info][gc,metaspace   ] GC(387) Metaspace: 71656K(72448K)->71656K(72448K) NonClass: 57078K(57344K)->57078K(57344K) Class: 14577K(15104K)->14577K(15104K)
[48.627s][info][gc             ] GC(387) Pause Young (Allocation Failure) 321M->48M(989M) 9.028ms
[48.627s][info][gc,cpu         ] GC(387) User=0.00s Sys=0.00s Real=0.00s
[48.698s][info][gc,start       ] GC(388) Pause Young (Allocation Failure)
[48.707s][info][gc,heap        ] GC(388) DefNew: 280990K(314560K)->1466K(314560K) Eden: 279616K(279616K)->0K(279616K) From: 1374K(34944K)->1466K(34944K)
[48.707s][info][gc,heap        ] GC(388) Tenured: 47916K(699072K)->47916K(699072K)
[48.707s][info][gc,metaspace   ] GC(388) Metaspace: 71656K(72448K)->71656K(72448K) NonClass: 57078K(57344K)->57078K(57344K) Class: 14577K(15104K)->14577K(15104K)
[48.707s][info][gc             ] GC(388) Pause Young (Allocation Failure) 321M->48M(989M) 9.089ms
[48.707s][info][gc,cpu         ] GC(388) User=0.00s Sys=0.00s Real=0.00s
[48.779s][info][gc,start       ] GC(389) Pause Young (Allocation Failure)
[48.787s][info][gc,heap        ] GC(389) DefNew: 281082K(314560K)->1401K(314560K) Eden: 279616K(279616K)->0K(279616K) From: 1466K(34944K)->1401K(34944K)
[48.787s][info][gc,heap        ] GC(389) Tenured: 47916K(699072K)->47916K(699072K)
[48.787s][info][gc,metaspace   ] GC(389) Metaspace: 71656K(72448K)->71656K(72448K) NonClass: 57078K(57344K)->57078K(57344K) Class: 14577K(15104K)->14577K(15104K)
[48.788s][info][gc             ] GC(389) Pause Young (Allocation Failure) 321M->48M(989M) 8.469ms
[48.788s][info][gc,cpu         ] GC(389) User=0.00s Sys=0.00s Real=0.00s
[48.859s][info][gc,start       ] GC(390) Pause Young (Allocation Failure)
[48.867s][info][gc,heap        ] GC(390) DefNew: 281017K(314560K)->1497K(314560K) Eden: 279615K(279616K)->0K(279616K) From: 1401K(34944K)->1497K(34944K)
[48.867s][info][gc,heap        ] GC(390) Tenured: 47916K(699072K)->47916K(699072K)
[48.867s][info][gc,metaspace   ] GC(390) Metaspace: 71656K(72448K)->71656K(72448K) NonClass: 57078K(57344K)->57078K(57344K) Class: 14577K(15104K)->14577K(15104K)
[48.867s][info][gc             ] GC(390) Pause Young (Allocation Failure) 321M->48M(989M) 8.691ms
[48.868s][info][gc,cpu         ] GC(390) User=0.00s Sys=0.00s Real=0.00s
[48.940s][info][gc,start       ] GC(391) Pause Young (Allocation Failure)
[48.949s][info][gc,heap        ] GC(391) DefNew: 281113K(314560K)->1409K(314560K) Eden: 279616K(279616K)->0K(279616K) From: 1497K(34944K)->1409K(34944K)
[48.949s][info][gc,heap        ] GC(391) Tenured: 47916K(699072K)->47917K(699072K)
[48.949s][info][gc,metaspace   ] GC(391) Metaspace: 71656K(72448K)->71656K(72448K) NonClass: 57078K(57344K)->57078K(57344K) Class: 14577K(15104K)->14577K(15104K)
[48.949s][info][gc             ] GC(391) Pause Young (Allocation Failure) 321M->48M(989M) 9.290ms
[48.949s][info][gc,cpu         ] GC(391) User=0.02s Sys=0.00s Real=0.01s
[49.020s][info][gc,start       ] GC(392) Pause Young (Allocation Failure)
[49.029s][info][gc,heap        ] GC(392) DefNew: 281025K(314560K)->1462K(314560K) Eden: 279616K(279616K)->0K(279616K) From: 1409K(34944K)->1462K(34944K)
[49.029s][info][gc,heap        ] GC(392) Tenured: 47917K(699072K)->47917K(699072K)
[49.029s][info][gc,metaspace   ] GC(392) Metaspace: 71656K(72448K)->71656K(72448K) NonClass: 57078K(57344K)->57078K(57344K) Class: 14577K(15104K)->14577K(15104K)
[49.029s][info][gc             ] GC(392) Pause Young (Allocation Failure) 321M->48M(989M) 8.928ms
[49.029s][info][gc,cpu         ] GC(392) User=0.00s Sys=0.00s Real=0.00s
[49.101s][info][gc,start       ] GC(393) Pause Young (Allocation Failure)
[49.109s][info][gc,heap        ] GC(393) DefNew: 281078K(314560K)->1421K(314560K) Eden: 279616K(279616K)->0K(279616K) From: 1462K(34944K)->1421K(34944K)
[49.109s][info][gc,heap        ] GC(393) Tenured: 47917K(699072K)->47934K(699072K)
[49.109s][info][gc,metaspace   ] GC(393) Metaspace: 71656K(72448K)->71656K(72448K) NonClass: 57078K(57344K)->57078K(57344K) Class: 14577K(15104K)->14577K(15104K)
[49.109s][info][gc             ] GC(393) Pause Young (Allocation Failure) 321M->48M(989M) 8.543ms
[49.109s][info][gc,cpu         ] GC(393) User=0.00s Sys=0.00s Real=0.00s
[49.180s][info][gc,start       ] GC(394) Pause Young (Allocation Failure)
[49.189s][info][gc,heap        ] GC(394) DefNew: 281037K(314560K)->1405K(314560K) Eden: 279616K(279616K)->0K(279616K) From: 1421K(34944K)->1405K(34944K)
[49.189s][info][gc,heap        ] GC(394) Tenured: 47934K(699072K)->47934K(699072K)
[49.189s][info][gc,metaspace   ] GC(394) Metaspace: 71656K(72448K)->71656K(72448K) NonClass: 57078K(57344K)->57078K(57344K) Class: 14577K(15104K)->14577K(15104K)
[49.189s][info][gc             ] GC(394) Pause Young (Allocation Failure) 321M->48M(989M) 8.353ms
[49.189s][info][gc,cpu         ] GC(394) User=0.00s Sys=0.00s Real=0.00s
[49.260s][info][gc,start       ] GC(395) Pause Young (Allocation Failure)
[49.269s][info][gc,heap        ] GC(395) DefNew: 281021K(314560K)->1479K(314560K) Eden: 279616K(279616K)->0K(279616K) From: 1405K(34944K)->1479K(34944K)
[49.269s][info][gc,heap        ] GC(395) Tenured: 47934K(699072K)->47934K(699072K)
[49.269s][info][gc,metaspace   ] GC(395) Metaspace: 71656K(72448K)->71656K(72448K) NonClass: 57078K(57344K)->57078K(57344K) Class: 14577K(15104K)->14577K(15104K)
[49.269s][info][gc             ] GC(395) Pause Young (Allocation Failure) 321M->48M(989M) 8.516ms
[49.269s][info][gc,cpu         ] GC(395) User=0.00s Sys=0.00s Real=0.00s
[49.340s][info][gc,start       ] GC(396) Pause Young (Allocation Failure)
[49.348s][info][gc,heap        ] GC(396) DefNew: 281095K(314560K)->1408K(314560K) Eden: 279615K(279616K)->0K(279616K) From: 1479K(34944K)->1408K(34944K)
[49.349s][info][gc,heap        ] GC(396) Tenured: 47934K(699072K)->47934K(699072K)
[49.349s][info][gc,metaspace   ] GC(396) Metaspace: 71656K(72448K)->71656K(72448K) NonClass: 57078K(57344K)->57078K(57344K) Class: 14577K(15104K)->14577K(15104K)
[49.349s][info][gc             ] GC(396) Pause Young (Allocation Failure) 321M->48M(989M) 8.257ms
[49.349s][info][gc,cpu         ] GC(396) User=0.00s Sys=0.00s Real=0.00s
[49.420s][info][gc,start       ] GC(397) Pause Young (Allocation Failure)
[49.428s][info][gc,heap        ] GC(397) DefNew: 281024K(314560K)->1416K(314560K) Eden: 279616K(279616K)->0K(279616K) From: 1408K(34944K)->1416K(34944K)
[49.428s][info][gc,heap        ] GC(397) Tenured: 47934K(699072K)->47935K(699072K)
[49.428s][info][gc,metaspace   ] GC(397) Metaspace: 71656K(72448K)->71656K(72448K) NonClass: 57078K(57344K)->57078K(57344K) Class: 14577K(15104K)->14577K(15104K)
[49.429s][info][gc             ] GC(397) Pause Young (Allocation Failure) 321M->48M(989M) 8.452ms
[49.429s][info][gc,cpu         ] GC(397) User=0.00s Sys=0.00s Real=0.00s
[49.500s][info][gc,start       ] GC(398) Pause Young (Allocation Failure)
[49.508s][info][gc,heap        ] GC(398) DefNew: 281032K(314560K)->1460K(314560K) Eden: 279616K(279616K)->0K(279616K) From: 1416K(34944K)->1460K(34944K)
[49.508s][info][gc,heap        ] GC(398) Tenured: 47935K(699072K)->47935K(699072K)
[49.508s][info][gc,metaspace   ] GC(398) Metaspace: 71656K(72448K)->71656K(72448K) NonClass: 57078K(57344K)->57078K(57344K) Class: 14577K(15104K)->14577K(15104K)
[49.508s][info][gc             ] GC(398) Pause Young (Allocation Failure) 321M->48M(989M) 8.676ms
[49.509s][info][gc,cpu         ] GC(398) User=0.00s Sys=0.00s Real=0.00s
[49.580s][info][gc,start       ] GC(399) Pause Young (Allocation Failure)
[49.588s][info][gc,heap        ] GC(399) DefNew: 281076K(314560K)->1400K(314560K) Eden: 279616K(279616K)->0K(279616K) From: 1460K(34944K)->1400K(34944K)
[49.588s][info][gc,heap        ] GC(399) Tenured: 47935K(699072K)->47935K(699072K)
[49.588s][info][gc,metaspace   ] GC(399) Metaspace: 71656K(72448K)->71656K(72448K) NonClass: 57078K(57344K)->57078K(57344K) Class: 14577K(15104K)->14577K(15104K)
[49.588s][info][gc             ] GC(399) Pause Young (Allocation Failure) 321M->48M(989M) 8.385ms
[49.588s][info][gc,cpu         ] GC(399) User=0.00s Sys=0.00s Real=0.00s
[49.660s][info][gc,start       ] GC(400) Pause Young (Allocation Failure)
[49.669s][info][gc,heap        ] GC(400) DefNew: 281016K(314560K)->1397K(314560K) Eden: 279616K(279616K)->0K(279616K) From: 1400K(34944K)->1397K(34944K)
[49.669s][info][gc,heap        ] GC(400) Tenured: 47935K(699072K)->47935K(699072K)
[49.669s][info][gc,metaspace   ] GC(400) Metaspace: 71660K(72448K)->71660K(72448K) NonClass: 57082K(57344K)->57082K(57344K) Class: 14577K(15104K)->14577K(15104K)
[49.669s][info][gc             ] GC(400) Pause Young (Allocation Failure) 321M->48M(989M) 9.358ms
[49.669s][info][gc,cpu         ] GC(400) User=0.00s Sys=0.00s Real=0.00s
[49.741s][info][gc,start       ] GC(401) Pause Young (Allocation Failure)
[49.750s][info][gc,heap        ] GC(401) DefNew: 281013K(314560K)->1465K(314560K) Eden: 279616K(279616K)->0K(279616K) From: 1397K(34944K)->1465K(34944K)
[49.751s][info][gc,heap        ] GC(401) Tenured: 47935K(699072K)->47935K(699072K)
[49.751s][info][gc,metaspace   ] GC(401) Metaspace: 71660K(72448K)->71660K(72448K) NonClass: 57082K(57344K)->57082K(57344K) Class: 14577K(15104K)->14577K(15104K)
[49.751s][info][gc             ] GC(401) Pause Young (Allocation Failure) 321M->48M(989M) 9.507ms
[49.751s][info][gc,cpu         ] GC(401) User=0.02s Sys=0.00s Real=0.00s
[49.822s][info][gc,start       ] GC(402) Pause Young (Allocation Failure)
[49.832s][info][gc,heap        ] GC(402) DefNew: 281081K(314560K)->1506K(314560K) Eden: 279616K(279616K)->0K(279616K) From: 1465K(34944K)->1506K(34944K)
[49.832s][info][gc,heap        ] GC(402) Tenured: 47935K(699072K)->47935K(699072K)
[49.832s][info][gc,metaspace   ] GC(402) Metaspace: 71660K(72448K)->71660K(72448K) NonClass: 57082K(57344K)->57082K(57344K) Class: 14577K(15104K)->14577K(15104K)
[49.832s][info][gc             ] GC(402) Pause Young (Allocation Failure) 321M->48M(989M) 9.327ms
[49.832s][info][gc,cpu         ] GC(402) User=0.00s Sys=0.00s Real=0.00s
[49.904s][info][gc,start       ] GC(403) Pause Young (Allocation Failure)
[49.912s][info][gc,heap        ] GC(403) DefNew: 281122K(314560K)->1486K(314560K) Eden: 279616K(279616K)->0K(279616K) From: 1506K(34944K)->1486K(34944K)
[49.913s][info][gc,heap        ] GC(403) Tenured: 47935K(699072K)->47935K(699072K)
[49.913s][info][gc,metaspace   ] GC(403) Metaspace: 71667K(72448K)->71667K(72448K) NonClass: 57089K(57344K)->57089K(57344K) Class: 14577K(15104K)->14577K(15104K)
[49.913s][info][gc             ] GC(403) Pause Young (Allocation Failure) 321M->48M(989M) 9.091ms
[49.913s][info][gc,cpu         ] GC(403) User=0.00s Sys=0.00s Real=0.00s
[49.984s][info][gc,start       ] GC(404) Pause Young (Allocation Failure)
[49.993s][info][gc,heap        ] GC(404) DefNew: 281102K(314560K)->1491K(314560K) Eden: 279616K(279616K)->0K(279616K) From: 1486K(34944K)->1491K(34944K)
[49.993s][info][gc,heap        ] GC(404) Tenured: 47935K(699072K)->47935K(699072K)
[49.993s][info][gc,metaspace   ] GC(404) Metaspace: 71667K(72448K)->71667K(72448K) NonClass: 57089K(57344K)->57089K(57344K) Class: 14577K(15104K)->14577K(15104K)
[49.993s][info][gc             ] GC(404) Pause Young (Allocation Failure) 321M->48M(989M) 8.686ms
[49.993s][info][gc,cpu         ] GC(404) User=0.00s Sys=0.00s Real=0.00s
[50.065s][info][gc,start       ] GC(405) Pause Young (Allocation Failure)
[50.073s][info][gc,heap        ] GC(405) DefNew: 281107K(314560K)->1449K(314560K) Eden: 279616K(279616K)->0K(279616K) From: 1491K(34944K)->1449K(34944K)
[50.073s][info][gc,heap        ] GC(405) Tenured: 47935K(699072K)->47951K(699072K)
[50.073s][info][gc,metaspace   ] GC(405) Metaspace: 71667K(72448K)->71667K(72448K) NonClass: 57089K(57344K)->57089K(57344K) Class: 14577K(15104K)->14577K(15104K)
[50.073s][info][gc             ] GC(405) Pause Young (Allocation Failure) 321M->48M(989M) 8.341ms
[50.073s][info][gc,cpu         ] GC(405) User=0.00s Sys=0.00s Real=0.00s
[50.145s][info][gc,start       ] GC(406) Pause Young (Allocation Failure)
[50.153s][info][gc,heap        ] GC(406) DefNew: 281065K(314560K)->1455K(314560K) Eden: 279616K(279616K)->0K(279616K) From: 1449K(34944K)->1455K(34944K)
[50.153s][info][gc,heap        ] GC(406) Tenured: 47951K(699072K)->47951K(699072K)
[50.153s][info][gc,metaspace   ] GC(406) Metaspace: 71667K(72448K)->71667K(72448K) NonClass: 57089K(57344K)->57089K(57344K) Class: 14577K(15104K)->14577K(15104K)
[50.153s][info][gc             ] GC(406) Pause Young (Allocation Failure) 321M->48M(989M) 8.520ms
[50.153s][info][gc,cpu         ] GC(406) User=0.02s Sys=0.00s Real=0.01s
[50.225s][info][gc,start       ] GC(407) Pause Young (Allocation Failure)
[50.233s][info][gc,heap        ] GC(407) DefNew: 281071K(314560K)->1460K(314560K) Eden: 279616K(279616K)->0K(279616K) From: 1455K(34944K)->1460K(34944K)
[50.233s][info][gc,heap        ] GC(407) Tenured: 47951K(699072K)->47951K(699072K)
[50.233s][info][gc,metaspace   ] GC(407) Metaspace: 71667K(72448K)->71667K(72448K) NonClass: 57089K(57344K)->57089K(57344K) Class: 14577K(15104K)->14577K(15104K)
[50.233s][info][gc             ] GC(407) Pause Young (Allocation Failure) 321M->48M(989M) 8.485ms
[50.233s][info][gc,cpu         ] GC(407) User=0.02s Sys=0.00s Real=0.00s
[50.306s][info][gc,start       ] GC(408) Pause Young (Allocation Failure)
[50.314s][info][gc,heap        ] GC(408) DefNew: 281076K(314560K)->1468K(314560K) Eden: 279616K(279616K)->0K(279616K) From: 1460K(34944K)->1468K(34944K)
[50.314s][info][gc,heap        ] GC(408) Tenured: 47951K(699072K)->47951K(699072K)
[50.314s][info][gc,metaspace   ] GC(408) Metaspace: 71667K(72448K)->71667K(72448K) NonClass: 57089K(57344K)->57089K(57344K) Class: 14577K(15104K)->14577K(15104K)
[50.314s][info][gc             ] GC(408) Pause Young (Allocation Failure) 321M->48M(989M) 8.577ms
[50.314s][info][gc,cpu         ] GC(408) User=0.00s Sys=0.00s Real=0.00s
[50.387s][info][gc,start       ] GC(409) Pause Young (Allocation Failure)
[50.396s][info][gc,heap        ] GC(409) DefNew: 281084K(314560K)->1445K(314560K) Eden: 279616K(279616K)->0K(279616K) From: 1468K(34944K)->1445K(34944K)
[50.396s][info][gc,heap        ] GC(409) Tenured: 47951K(699072K)->47951K(699072K)
[50.396s][info][gc,metaspace   ] GC(409) Metaspace: 71667K(72448K)->71667K(72448K) NonClass: 57089K(57344K)->57089K(57344K) Class: 14577K(15104K)->14577K(15104K)
[50.396s][info][gc             ] GC(409) Pause Young (Allocation Failure) 321M->48M(989M) 8.339ms
[50.396s][info][gc,cpu         ] GC(409) User=0.00s Sys=0.00s Real=0.00s
[50.471s][info][gc,start       ] GC(410) Pause Young (Allocation Failure)
[50.478s][info][gc,heap        ] GC(410) DefNew: 281061K(314560K)->1437K(314560K) Eden: 279616K(279616K)->0K(279616K) From: 1445K(34944K)->1437K(34944K)
[50.478s][info][gc,heap        ] GC(410) Tenured: 47951K(699072K)->47952K(699072K)
[50.478s][info][gc,metaspace   ] GC(410) Metaspace: 71667K(72448K)->71667K(72448K) NonClass: 57089K(57344K)->57089K(57344K) Class: 14577K(15104K)->14577K(15104K)
[50.479s][info][gc             ] GC(410) Pause Young (Allocation Failure) 321M->48M(989M) 7.792ms
[50.479s][info][gc,cpu         ] GC(410) User=0.00s Sys=0.00s Real=0.00s
[50.554s][info][gc,start       ] GC(411) Pause Young (Allocation Failure)
[50.562s][info][gc,heap        ] GC(411) DefNew: 281053K(314560K)->1422K(314560K) Eden: 279616K(279616K)->0K(279616K) From: 1437K(34944K)->1422K(34944K)
[50.562s][info][gc,heap        ] GC(411) Tenured: 47952K(699072K)->47953K(699072K)
[50.562s][info][gc,metaspace   ] GC(411) Metaspace: 71667K(72448K)->71667K(72448K) NonClass: 57089K(57344K)->57089K(57344K) Class: 14577K(15104K)->14577K(15104K)
[50.562s][info][gc             ] GC(411) Pause Young (Allocation Failure) 321M->48M(989M) 7.670ms
[50.562s][info][gc,cpu         ] GC(411) User=0.00s Sys=0.00s Real=0.00s
[50.641s][info][gc,start       ] GC(412) Pause Young (Allocation Failure)
[50.650s][info][gc,heap        ] GC(412) DefNew: 281038K(314560K)->1387K(314560K) Eden: 279616K(279616K)->0K(279616K) From: 1422K(34944K)->1387K(34944K)
[50.650s][info][gc,heap        ] GC(412) Tenured: 47953K(699072K)->47953K(699072K)
[50.650s][info][gc,metaspace   ] GC(412) Metaspace: 71667K(72448K)->71667K(72448K) NonClass: 57089K(57344K)->57089K(57344K) Class: 14577K(15104K)->14577K(15104K)
[50.650s][info][gc             ] GC(412) Pause Young (Allocation Failure) 321M->48M(989M) 8.311ms
[50.650s][info][gc,cpu         ] GC(412) User=0.02s Sys=0.00s Real=0.02s
[50.738s][info][gc,start       ] GC(413) Pause Young (Allocation Failure)
[50.746s][info][gc,heap        ] GC(413) DefNew: 281003K(314560K)->1435K(314560K) Eden: 279616K(279616K)->0K(279616K) From: 1387K(34944K)->1435K(34944K)
[50.746s][info][gc,heap        ] GC(413) Tenured: 47953K(699072K)->47953K(699072K)
[50.746s][info][gc,metaspace   ] GC(413) Metaspace: 71667K(72448K)->71667K(72448K) NonClass: 57089K(57344K)->57089K(57344K) Class: 14577K(15104K)->14577K(15104K)
[50.746s][info][gc             ] GC(413) Pause Young (Allocation Failure) 321M->48M(989M) 7.323ms
[50.746s][info][gc,cpu         ] GC(413) User=0.00s Sys=0.00s Real=0.00s
[50.844s][info][gc,start       ] GC(414) Pause Young (Allocation Failure)
[50.851s][info][gc,heap        ] GC(414) DefNew: 281051K(314560K)->1397K(314560K) Eden: 279616K(279616K)->0K(279616K) From: 1435K(34944K)->1397K(34944K)
[50.851s][info][gc,heap        ] GC(414) Tenured: 47953K(699072K)->47953K(699072K)
[50.851s][info][gc,metaspace   ] GC(414) Metaspace: 71667K(72448K)->71667K(72448K) NonClass: 57089K(57344K)->57089K(57344K) Class: 14577K(15104K)->14577K(15104K)
[50.851s][info][gc             ] GC(414) Pause Young (Allocation Failure) 321M->48M(989M) 6.603ms
[50.851s][info][gc,cpu         ] GC(414) User=0.02s Sys=0.00s Real=0.02s
[50.957s][info][gc,start       ] GC(415) Pause Young (Allocation Failure)
[50.963s][info][gc,heap        ] GC(415) DefNew: 281013K(314560K)->1383K(314560K) Eden: 279616K(279616K)->0K(279616K) From: 1397K(34944K)->1383K(34944K)
[50.963s][info][gc,heap        ] GC(415) Tenured: 47953K(699072K)->47975K(699072K)
[50.963s][info][gc,metaspace   ] GC(415) Metaspace: 71667K(72448K)->71667K(72448K) NonClass: 57089K(57344K)->57089K(57344K) Class: 14577K(15104K)->14577K(15104K)
[50.963s][info][gc             ] GC(415) Pause Young (Allocation Failure) 321M->48M(989M) 6.004ms
[50.963s][info][gc,cpu         ] GC(415) User=0.00s Sys=0.00s Real=0.00s
[51.092s][info][gc,start       ] GC(416) Pause Young (Allocation Failure)
[51.097s][info][gc,heap        ] GC(416) DefNew: 280999K(314560K)->1376K(314560K) Eden: 279616K(279616K)->0K(279616K) From: 1383K(34944K)->1376K(34944K)
[51.097s][info][gc,heap        ] GC(416) Tenured: 47975K(699072K)->47975K(699072K)
[51.097s][info][gc,metaspace   ] GC(416) Metaspace: 71667K(72448K)->71667K(72448K) NonClass: 57089K(57344K)->57089K(57344K) Class: 14577K(15104K)->14577K(15104K)
[51.097s][info][gc             ] GC(416) Pause Young (Allocation Failure) 321M->48M(989M) 5.319ms
[51.097s][info][gc,cpu         ] GC(416) User=0.00s Sys=0.00s Real=0.00s
[51.257s][info][gc,start       ] GC(417) Pause Young (Allocation Failure)
[51.261s][info][gc,heap        ] GC(417) DefNew: 280992K(314560K)->1317K(314560K) Eden: 279616K(279616K)->0K(279616K) From: 1376K(34944K)->1317K(34944K)
[51.261s][info][gc,heap        ] GC(417) Tenured: 47975K(699072K)->47992K(699072K)
[51.261s][info][gc,metaspace   ] GC(417) Metaspace: 71667K(72448K)->71667K(72448K) NonClass: 57089K(57344K)->57089K(57344K) Class: 14577K(15104K)->14577K(15104K)
[51.261s][info][gc             ] GC(417) Pause Young (Allocation Failure) 321M->48M(989M) 4.641ms
[51.261s][info][gc,cpu         ] GC(417) User=0.02s Sys=0.00s Real=0.00s
[51.453s][info][gc,start       ] GC(418) Pause Young (Allocation Failure)
[51.458s][info][gc,heap        ] GC(418) DefNew: 280933K(314560K)->1270K(314560K) Eden: 279616K(279616K)->0K(279616K) From: 1317K(34944K)->1270K(34944K)
[51.458s][info][gc,heap        ] GC(418) Tenured: 47992K(699072K)->48038K(699072K)
[51.458s][info][gc,metaspace   ] GC(418) Metaspace: 71667K(72448K)->71667K(72448K) NonClass: 57089K(57344K)->57089K(57344K) Class: 14577K(15104K)->14577K(15104K)
[51.458s][info][gc             ] GC(418) Pause Young (Allocation Failure) 321M->48M(989M) 4.705ms
[51.458s][info][gc,cpu         ] GC(418) User=0.00s Sys=0.00s Real=0.01s
[51.667s][info][gc,start       ] GC(419) Pause Young (Allocation Failure)
[51.670s][info][gc,heap        ] GC(419) DefNew: 280886K(314560K)->1239K(314560K) Eden: 279616K(279616K)->0K(279616K) From: 1270K(34944K)->1239K(34944K)
[51.670s][info][gc,heap        ] GC(419) Tenured: 48038K(699072K)->48064K(699072K)
[51.670s][info][gc,metaspace   ] GC(419) Metaspace: 71667K(72448K)->71667K(72448K) NonClass: 57089K(57344K)->57089K(57344K) Class: 14577K(15104K)->14577K(15104K)
[51.671s][info][gc             ] GC(419) Pause Young (Allocation Failure) 321M->48M(989M) 3.912ms
[51.671s][info][gc,cpu         ] GC(419) User=0.00s Sys=0.00s Real=0.00s
[51.883s][info][gc,start       ] GC(420) Pause Young (Allocation Failure)
[51.887s][info][gc,heap        ] GC(420) DefNew: 280855K(314560K)->1237K(314560K) Eden: 279616K(279616K)->0K(279616K) From: 1239K(34944K)->1237K(34944K)
[51.887s][info][gc,heap        ] GC(420) Tenured: 48064K(699072K)->48066K(699072K)
[51.887s][info][gc,metaspace   ] GC(420) Metaspace: 71667K(72448K)->71667K(72448K) NonClass: 57089K(57344K)->57089K(57344K) Class: 14577K(15104K)->14577K(15104K)
[51.887s][info][gc             ] GC(420) Pause Young (Allocation Failure) 321M->48M(989M) 3.854ms
[51.887s][info][gc,cpu         ] GC(420) User=0.02s Sys=0.00s Real=0.02s
[52.102s][info][gc,start       ] GC(421) Pause Young (Allocation Failure)
[52.105s][info][gc,heap        ] GC(421) DefNew: 280853K(314560K)->1254K(314560K) Eden: 279616K(279616K)->0K(279616K) From: 1237K(34944K)->1254K(34944K)
[52.105s][info][gc,heap        ] GC(421) Tenured: 48066K(699072K)->48066K(699072K)
[52.105s][info][gc,metaspace   ] GC(421) Metaspace: 71667K(72448K)->71667K(72448K) NonClass: 57089K(57344K)->57089K(57344K) Class: 14577K(15104K)->14577K(15104K)
[52.106s][info][gc             ] GC(421) Pause Young (Allocation Failure) 321M->48M(989M) 3.827ms
[52.106s][info][gc,cpu         ] GC(421) User=0.02s Sys=0.00s Real=0.02s
[52.324s][info][gc,start       ] GC(422) Pause Young (Allocation Failure)
[52.330s][info][gc,heap        ] GC(422) DefNew: 280870K(314560K)->1186K(314560K) Eden: 279616K(279616K)->0K(279616K) From: 1254K(34944K)->1186K(34944K)
[52.330s][info][gc,heap        ] GC(422) Tenured: 48066K(699072K)->48118K(699072K)
[52.330s][info][gc,metaspace   ] GC(422) Metaspace: 71667K(72448K)->71667K(72448K) NonClass: 57089K(57344K)->57089K(57344K) Class: 14577K(15104K)->14577K(15104K)
[52.330s][info][gc             ] GC(422) Pause Young (Allocation Failure) 321M->48M(989M) 6.285ms
[52.330s][info][gc,cpu         ] GC(422) User=0.02s Sys=0.00s Real=0.02s
[52.550s][info][gc,start       ] GC(423) Pause Young (Allocation Failure)
[52.555s][info][gc,heap        ] GC(423) DefNew: 280802K(314560K)->1126K(314560K) Eden: 279616K(279616K)->0K(279616K) From: 1186K(34944K)->1126K(34944K)
[52.555s][info][gc,heap        ] GC(423) Tenured: 48118K(699072K)->48171K(699072K)
[52.555s][info][gc,metaspace   ] GC(423) Metaspace: 71667K(72448K)->71667K(72448K) NonClass: 57089K(57344K)->57089K(57344K) Class: 14577K(15104K)->14577K(15104K)
[52.555s][info][gc             ] GC(423) Pause Young (Allocation Failure) 321M->48M(989M) 4.745ms
[52.555s][info][gc,cpu         ] GC(423) User=0.00s Sys=0.00s Real=0.00s
[52.903s][info][gc,start       ] GC(424) Pause Full (System.gc())
[52.903s][info][gc,phases,start] GC(424) Phase 1: Mark live objects
[52.956s][info][gc,phases      ] GC(424) Phase 1: Mark live objects 52.195ms
[52.956s][info][gc,phases,start] GC(424) Phase 2: Compute new object addresses
[53.030s][info][gc,phases      ] GC(424) Phase 2: Compute new object addresses 74.450ms
[53.030s][info][gc,phases,start] GC(424) Phase 3: Adjust pointers
[53.055s][info][gc,phases      ] GC(424) Phase 3: Adjust pointers 24.437ms
[53.055s][info][gc,phases,start] GC(424) Phase 4: Move objects
[53.060s][info][gc,phases      ] GC(424) Phase 4: Move objects 5.093ms
[53.060s][info][gc,heap        ] GC(424) DefNew: 206988K(314560K)->0K(314560K) Eden: 205861K(279616K)->0K(279616K) From: 1126K(34944K)->0K(34944K)
[53.060s][info][gc,heap        ] GC(424) Tenured: 48171K(699072K)->36016K(699072K)
[53.060s][info][gc,metaspace   ] GC(424) Metaspace: 71701K(72448K)->71701K(72448K) NonClass: 57123K(57344K)->57123K(57344K) Class: 14577K(15104K)->14577K(15104K)
[53.060s][info][gc             ] GC(424) Pause Full (System.gc()) 249M->35M(989M) 157.007ms
[53.060s][info][gc,cpu         ] GC(424) User=0.16s Sys=0.00s Real=0.16s
[53.159s][info][gc,start       ] GC(425) Pause Young (Allocation Failure)
[53.173s][info][gc,heap        ] GC(425) DefNew: 279616K(314560K)->3396K(314560K) Eden: 279616K(279616K)->0K(279616K) From: 0K(34944K)->3396K(34944K)
[53.173s][info][gc,heap        ] GC(425) Tenured: 36016K(699072K)->36016K(699072K)
[53.173s][info][gc,metaspace   ] GC(425) Metaspace: 71872K(72640K)->71872K(72640K) NonClass: 57294K(57536K)->57294K(57536K) Class: 14577K(15104K)->14577K(15104K)
[53.173s][info][gc             ] GC(425) Pause Young (Allocation Failure) 308M->38M(989M) 14.728ms
[53.173s][info][gc,cpu         ] GC(425) User=0.00s Sys=0.00s Real=0.00s
[53.245s][info][gc,start       ] GC(426) Pause Young (Allocation Failure)
[53.258s][info][gc,heap        ] GC(426) DefNew: 283012K(314560K)->3429K(314560K) Eden: 279616K(279616K)->0K(279616K) From: 3396K(34944K)->3429K(34944K)
[53.258s][info][gc,heap        ] GC(426) Tenured: 36016K(699072K)->36016K(699072K)
[53.258s][info][gc,metaspace   ] GC(426) Metaspace: 71872K(72640K)->71872K(72640K) NonClass: 57294K(57536K)->57294K(57536K) Class: 14577K(15104K)->14577K(15104K)
[53.258s][info][gc             ] GC(426) Pause Young (Allocation Failure) 311M->38M(989M) 12.163ms
[53.258s][info][gc,cpu         ] GC(426) User=0.00s Sys=0.00s Real=0.00s
[53.329s][info][gc,start       ] GC(427) Pause Young (Allocation Failure)
[53.341s][info][gc,heap        ] GC(427) DefNew: 283045K(314560K)->3433K(314560K) Eden: 279616K(279616K)->0K(279616K) From: 3429K(34944K)->3433K(34944K)
[53.341s][info][gc,heap        ] GC(427) Tenured: 36016K(699072K)->36016K(699072K)
[53.341s][info][gc,metaspace   ] GC(427) Metaspace: 71872K(72640K)->71872K(72640K) NonClass: 57294K(57536K)->57294K(57536K) Class: 14577K(15104K)->14577K(15104K)
[53.341s][info][gc             ] GC(427) Pause Young (Allocation Failure) 311M->38M(989M) 12.211ms
[53.341s][info][gc,cpu         ] GC(427) User=0.00s Sys=0.00s Real=0.00s
[53.413s][info][gc,start       ] GC(428) Pause Young (Allocation Failure)
[53.425s][info][gc,heap        ] GC(428) DefNew: 283049K(314560K)->3354K(314560K) Eden: 279616K(279616K)->0K(279616K) From: 3433K(34944K)->3354K(34944K)
[53.425s][info][gc,heap        ] GC(428) Tenured: 36016K(699072K)->36016K(699072K)
[53.425s][info][gc,metaspace   ] GC(428) Metaspace: 71872K(72640K)->71872K(72640K) NonClass: 57294K(57536K)->57294K(57536K) Class: 14577K(15104K)->14577K(15104K)
[53.425s][info][gc             ] GC(428) Pause Young (Allocation Failure) 311M->38M(989M) 11.905ms
[53.425s][info][gc,cpu         ] GC(428) User=0.02s Sys=0.00s Real=0.00s
[53.497s][info][gc,start       ] GC(429) Pause Young (Allocation Failure)
[53.509s][info][gc,heap        ] GC(429) DefNew: 282970K(314560K)->3464K(314560K) Eden: 279616K(279616K)->0K(279616K) From: 3354K(34944K)->3464K(34944K)
[53.509s][info][gc,heap        ] GC(429) Tenured: 36016K(699072K)->36016K(699072K)
[53.509s][info][gc,metaspace   ] GC(429) Metaspace: 71872K(72640K)->71872K(72640K) NonClass: 57294K(57536K)->57294K(57536K) Class: 14577K(15104K)->14577K(15104K)
[53.509s][info][gc             ] GC(429) Pause Young (Allocation Failure) 311M->38M(989M) 12.439ms
[53.509s][info][gc,cpu         ] GC(429) User=0.00s Sys=0.00s Real=0.00s
[53.581s][info][gc,start       ] GC(430) Pause Young (Allocation Failure)
[53.593s][info][gc,heap        ] GC(430) DefNew: 283080K(314560K)->3476K(314560K) Eden: 279616K(279616K)->0K(279616K) From: 3464K(34944K)->3476K(34944K)
[53.593s][info][gc,heap        ] GC(430) Tenured: 36016K(699072K)->36016K(699072K)
[53.593s][info][gc,metaspace   ] GC(430) Metaspace: 71872K(72640K)->71872K(72640K) NonClass: 57294K(57536K)->57294K(57536K) Class: 14577K(15104K)->14577K(15104K)
[53.593s][info][gc             ] GC(430) Pause Young (Allocation Failure) 311M->38M(989M) 12.431ms
[53.593s][info][gc,cpu         ] GC(430) User=0.02s Sys=0.00s Real=0.01s
[53.665s][info][gc,start       ] GC(431) Pause Young (Allocation Failure)
[53.678s][info][gc,heap        ] GC(431) DefNew: 283092K(314560K)->3396K(314560K) Eden: 279616K(279616K)->0K(279616K) From: 3476K(34944K)->3396K(34944K)
[53.678s][info][gc,heap        ] GC(431) Tenured: 36016K(699072K)->36016K(699072K)
[53.678s][info][gc,metaspace   ] GC(431) Metaspace: 71872K(72640K)->71872K(72640K) NonClass: 57294K(57536K)->57294K(57536K) Class: 14577K(15104K)->14577K(15104K)
[53.678s][info][gc             ] GC(431) Pause Young (Allocation Failure) 311M->38M(989M) 13.489ms
[53.678s][info][gc,cpu         ] GC(431) User=0.00s Sys=0.00s Real=0.00s
[53.750s][info][gc,start       ] GC(432) Pause Young (Allocation Failure)
[53.763s][info][gc,heap        ] GC(432) DefNew: 283012K(314560K)->3460K(314560K) Eden: 279616K(279616K)->0K(279616K) From: 3396K(34944K)->3460K(34944K)
[53.763s][info][gc,heap        ] GC(432) Tenured: 36016K(699072K)->36016K(699072K)
[53.763s][info][gc,metaspace   ] GC(432) Metaspace: 71872K(72640K)->71872K(72640K) NonClass: 57294K(57536K)->57294K(57536K) Class: 14577K(15104K)->14577K(15104K)
[53.763s][info][gc             ] GC(432) Pause Young (Allocation Failure) 311M->38M(989M) 12.839ms
[53.763s][info][gc,cpu         ] GC(432) User=0.00s Sys=0.00s Real=0.00s
[53.836s][info][gc,start       ] GC(433) Pause Young (Allocation Failure)
[53.849s][info][gc,heap        ] GC(433) DefNew: 283076K(314560K)->3436K(314560K) Eden: 279616K(279616K)->0K(279616K) From: 3460K(34944K)->3436K(34944K)
[53.849s][info][gc,heap        ] GC(433) Tenured: 36016K(699072K)->36016K(699072K)
[53.849s][info][gc,metaspace   ] GC(433) Metaspace: 71872K(72640K)->71872K(72640K) NonClass: 57294K(57536K)->57294K(57536K) Class: 14577K(15104K)->14577K(15104K)
[53.850s][info][gc             ] GC(433) Pause Young (Allocation Failure) 311M->38M(989M) 13.692ms
[53.850s][info][gc,cpu         ] GC(433) User=0.00s Sys=0.00s Real=0.00s
[53.922s][info][gc,start       ] GC(434) Pause Young (Allocation Failure)
[53.935s][info][gc,heap        ] GC(434) DefNew: 283052K(314560K)->3385K(314560K) Eden: 279616K(279616K)->0K(279616K) From: 3436K(34944K)->3385K(34944K)
[53.935s][info][gc,heap        ] GC(434) Tenured: 36016K(699072K)->36016K(699072K)
[53.935s][info][gc,metaspace   ] GC(434) Metaspace: 71872K(72640K)->71872K(72640K) NonClass: 57294K(57536K)->57294K(57536K) Class: 14577K(15104K)->14577K(15104K)
[53.935s][info][gc             ] GC(434) Pause Young (Allocation Failure) 311M->38M(989M) 13.109ms
[53.935s][info][gc,cpu         ] GC(434) User=0.00s Sys=0.00s Real=0.00s
[54.007s][info][gc,start       ] GC(435) Pause Young (Allocation Failure)
[54.019s][info][gc,heap        ] GC(435) DefNew: 283001K(314560K)->3432K(314560K) Eden: 279616K(279616K)->0K(279616K) From: 3385K(34944K)->3432K(34944K)
[54.019s][info][gc,heap        ] GC(435) Tenured: 36016K(699072K)->36016K(699072K)
[54.019s][info][gc,metaspace   ] GC(435) Metaspace: 71872K(72640K)->71872K(72640K) NonClass: 57294K(57536K)->57294K(57536K) Class: 14577K(15104K)->14577K(15104K)
[54.019s][info][gc             ] GC(435) Pause Young (Allocation Failure) 311M->38M(989M) 12.229ms
[54.019s][info][gc,cpu         ] GC(435) User=0.00s Sys=0.00s Real=0.00s
[54.091s][info][gc,start       ] GC(436) Pause Young (Allocation Failure)
[54.103s][info][gc,heap        ] GC(436) DefNew: 283048K(314560K)->3402K(314560K) Eden: 279615K(279616K)->0K(279616K) From: 3432K(34944K)->3402K(34944K)
[54.103s][info][gc,heap        ] GC(436) Tenured: 36016K(699072K)->36016K(699072K)
[54.103s][info][gc,metaspace   ] GC(436) Metaspace: 71872K(72640K)->71872K(72640K) NonClass: 57294K(57536K)->57294K(57536K) Class: 14577K(15104K)->14577K(15104K)
[54.103s][info][gc             ] GC(436) Pause Young (Allocation Failure) 311M->38M(989M) 12.108ms
[54.103s][info][gc,cpu         ] GC(436) User=0.00s Sys=0.00s Real=0.00s
[54.175s][info][gc,start       ] GC(437) Pause Young (Allocation Failure)
[54.188s][info][gc,heap        ] GC(437) DefNew: 283018K(314560K)->3408K(314560K) Eden: 279616K(279616K)->0K(279616K) From: 3402K(34944K)->3408K(34944K)
[54.189s][info][gc,heap        ] GC(437) Tenured: 36016K(699072K)->36016K(699072K)
[54.189s][info][gc,metaspace   ] GC(437) Metaspace: 71872K(72640K)->71872K(72640K) NonClass: 57294K(57536K)->57294K(57536K) Class: 14577K(15104K)->14577K(15104K)
[54.189s][info][gc             ] GC(437) Pause Young (Allocation Failure) 311M->38M(989M) 13.129ms
[54.189s][info][gc,cpu         ] GC(437) User=0.00s Sys=0.00s Real=0.00s
[54.261s][info][gc,start       ] GC(438) Pause Young (Allocation Failure)
[54.273s][info][gc,heap        ] GC(438) DefNew: 283024K(314560K)->3361K(314560K) Eden: 279616K(279616K)->0K(279616K) From: 3408K(34944K)->3361K(34944K)
[54.273s][info][gc,heap        ] GC(438) Tenured: 36016K(699072K)->36016K(699072K)
[54.273s][info][gc,metaspace   ] GC(438) Metaspace: 71872K(72640K)->71872K(72640K) NonClass: 57294K(57536K)->57294K(57536K) Class: 14577K(15104K)->14577K(15104K)
[54.273s][info][gc             ] GC(438) Pause Young (Allocation Failure) 311M->38M(989M) 12.276ms
[54.273s][info][gc,cpu         ] GC(438) User=0.00s Sys=0.00s Real=0.00s
[54.345s][info][gc,start       ] GC(439) Pause Young (Allocation Failure)
[54.357s][info][gc,heap        ] GC(439) DefNew: 282977K(314560K)->3360K(314560K) Eden: 279616K(279616K)->0K(279616K) From: 3361K(34944K)->3360K(34944K)
[54.357s][info][gc,heap        ] GC(439) Tenured: 36016K(699072K)->36016K(699072K)
[54.358s][info][gc,metaspace   ] GC(439) Metaspace: 71872K(72640K)->71872K(72640K) NonClass: 57294K(57536K)->57294K(57536K) Class: 14577K(15104K)->14577K(15104K)
[54.358s][info][gc             ] GC(439) Pause Young (Allocation Failure) 311M->38M(989M) 13.025ms
[54.358s][info][gc,cpu         ] GC(439) User=0.00s Sys=0.00s Real=0.00s
[54.430s][info][gc,start       ] GC(440) Pause Young (Allocation Failure)
[54.443s][info][gc,heap        ] GC(440) DefNew: 282976K(314560K)->1440K(314560K) Eden: 279616K(279616K)->0K(279616K) From: 3360K(34944K)->1440K(34944K)
[54.443s][info][gc,heap        ] GC(440) Tenured: 36016K(699072K)->37979K(699072K)
[54.443s][info][gc,metaspace   ] GC(440) Metaspace: 71872K(72640K)->71872K(72640K) NonClass: 57294K(57536K)->57294K(57536K) Class: 14577K(15104K)->14577K(15104K)
[54.443s][info][gc             ] GC(440) Pause Young (Allocation Failure) 311M->38M(989M) 12.989ms
[54.443s][info][gc,cpu         ] GC(440) User=0.00s Sys=0.00s Real=0.00s
[54.514s][info][gc,start       ] GC(441) Pause Young (Allocation Failure)
[54.523s][info][gc,heap        ] GC(441) DefNew: 281056K(314560K)->1425K(314560K) Eden: 279616K(279616K)->0K(279616K) From: 1440K(34944K)->1425K(34944K)
[54.523s][info][gc,heap        ] GC(441) Tenured: 37979K(699072K)->37983K(699072K)
[54.523s][info][gc,metaspace   ] GC(441) Metaspace: 71872K(72640K)->71872K(72640K) NonClass: 57294K(57536K)->57294K(57536K) Class: 14577K(15104K)->14577K(15104K)
[54.523s][info][gc             ] GC(441) Pause Young (Allocation Failure) 311M->38M(989M) 8.395ms
[54.523s][info][gc,cpu         ] GC(441) User=0.00s Sys=0.00s Real=0.00s
[54.594s][info][gc,start       ] GC(442) Pause Young (Allocation Failure)
[54.602s][info][gc,heap        ] GC(442) DefNew: 281041K(314560K)->1373K(314560K) Eden: 279616K(279616K)->0K(279616K) From: 1425K(34944K)->1373K(34944K)
[54.602s][info][gc,heap        ] GC(442) Tenured: 37983K(699072K)->37983K(699072K)
[54.602s][info][gc,metaspace   ] GC(442) Metaspace: 71872K(72640K)->71872K(72640K) NonClass: 57294K(57536K)->57294K(57536K) Class: 14577K(15104K)->14577K(15104K)
[54.602s][info][gc             ] GC(442) Pause Young (Allocation Failure) 311M->38M(989M) 8.271ms
[54.602s][info][gc,cpu         ] GC(442) User=0.02s Sys=0.00s Real=0.01s
[54.674s][info][gc,start       ] GC(443) Pause Young (Allocation Failure)
[54.683s][info][gc,heap        ] GC(443) DefNew: 280989K(314560K)->1392K(314560K) Eden: 279616K(279616K)->0K(279616K) From: 1373K(34944K)->1392K(34944K)
[54.683s][info][gc,heap        ] GC(443) Tenured: 37983K(699072K)->37983K(699072K)
[54.683s][info][gc,metaspace   ] GC(443) Metaspace: 71872K(72640K)->71872K(72640K) NonClass: 57294K(57536K)->57294K(57536K) Class: 14577K(15104K)->14577K(15104K)
[54.683s][info][gc             ] GC(443) Pause Young (Allocation Failure) 311M->38M(989M) 9.211ms
[54.683s][info][gc,cpu         ] GC(443) User=0.00s Sys=0.00s Real=0.00s
[54.754s][info][gc,start       ] GC(444) Pause Young (Allocation Failure)
[54.763s][info][gc,heap        ] GC(444) DefNew: 281008K(314560K)->1449K(314560K) Eden: 279616K(279616K)->0K(279616K) From: 1392K(34944K)->1449K(34944K)
[54.763s][info][gc,heap        ] GC(444) Tenured: 37983K(699072K)->37983K(699072K)
[54.763s][info][gc,metaspace   ] GC(444) Metaspace: 71872K(72640K)->71872K(72640K) NonClass: 57294K(57536K)->57294K(57536K) Class: 14577K(15104K)->14577K(15104K)
[54.763s][info][gc             ] GC(444) Pause Young (Allocation Failure) 311M->38M(989M) 9.524ms
[54.763s][info][gc,cpu         ] GC(444) User=0.00s Sys=0.00s Real=0.00s
[54.835s][info][gc,start       ] GC(445) Pause Young (Allocation Failure)
[54.845s][info][gc,heap        ] GC(445) DefNew: 281065K(314560K)->1539K(314560K) Eden: 279616K(279616K)->0K(279616K) From: 1449K(34944K)->1539K(34944K)
[54.845s][info][gc,heap        ] GC(445) Tenured: 37983K(699072K)->37983K(699072K)
[54.845s][info][gc,metaspace   ] GC(445) Metaspace: 71874K(72640K)->71874K(72640K) NonClass: 57296K(57536K)->57296K(57536K) Class: 14577K(15104K)->14577K(15104K)
[54.845s][info][gc             ] GC(445) Pause Young (Allocation Failure) 311M->38M(989M) 9.856ms
[54.845s][info][gc,cpu         ] GC(445) User=0.00s Sys=0.00s Real=0.00s
[54.916s][info][gc,start       ] GC(446) Pause Young (Allocation Failure)
[54.925s][info][gc,heap        ] GC(446) DefNew: 281155K(314560K)->1470K(314560K) Eden: 279616K(279616K)->0K(279616K) From: 1539K(34944K)->1470K(34944K)
[54.925s][info][gc,heap        ] GC(446) Tenured: 37983K(699072K)->37984K(699072K)
[54.925s][info][gc,metaspace   ] GC(446) Metaspace: 71874K(72640K)->71874K(72640K) NonClass: 57296K(57536K)->57296K(57536K) Class: 14577K(15104K)->14577K(15104K)
[54.925s][info][gc             ] GC(446) Pause Young (Allocation Failure) 311M->38M(989M) 9.105ms
[54.925s][info][gc,cpu         ] GC(446) User=0.00s Sys=0.00s Real=0.00s
[54.996s][info][gc,start       ] GC(447) Pause Young (Allocation Failure)
[55.005s][info][gc,heap        ] GC(447) DefNew: 281086K(314560K)->1502K(314560K) Eden: 279616K(279616K)->0K(279616K) From: 1470K(34944K)->1502K(34944K)
[55.006s][info][gc,heap        ] GC(447) Tenured: 37984K(699072K)->37984K(699072K)
[55.006s][info][gc,metaspace   ] GC(447) Metaspace: 71874K(72640K)->71874K(72640K) NonClass: 57296K(57536K)->57296K(57536K) Class: 14577K(15104K)->14577K(15104K)
[55.006s][info][gc             ] GC(447) Pause Young (Allocation Failure) 311M->38M(989M) 9.301ms
[55.006s][info][gc,cpu         ] GC(447) User=0.00s Sys=0.00s Real=0.00s
[55.077s][info][gc,start       ] GC(448) Pause Young (Allocation Failure)
[55.086s][info][gc,heap        ] GC(448) DefNew: 281118K(314560K)->1442K(314560K) Eden: 279616K(279616K)->0K(279616K) From: 1502K(34944K)->1442K(34944K)
[55.086s][info][gc,heap        ] GC(448) Tenured: 37984K(699072K)->38001K(699072K)
[55.086s][info][gc,metaspace   ] GC(448) Metaspace: 71874K(72640K)->71874K(72640K) NonClass: 57296K(57536K)->57296K(57536K) Class: 14577K(15104K)->14577K(15104K)
[55.086s][info][gc             ] GC(448) Pause Young (Allocation Failure) 311M->38M(989M) 9.247ms
[55.086s][info][gc,cpu         ] GC(448) User=0.00s Sys=0.00s Real=0.00s
[55.157s][info][gc,start       ] GC(449) Pause Young (Allocation Failure)
[55.167s][info][gc,heap        ] GC(449) DefNew: 281058K(314560K)->1477K(314560K) Eden: 279616K(279616K)->0K(279616K) From: 1442K(34944K)->1477K(34944K)
[55.167s][info][gc,heap        ] GC(449) Tenured: 38001K(699072K)->38002K(699072K)
[55.167s][info][gc,metaspace   ] GC(449) Metaspace: 71874K(72640K)->71874K(72640K) NonClass: 57296K(57536K)->57296K(57536K) Class: 14577K(15104K)->14577K(15104K)
[55.167s][info][gc             ] GC(449) Pause Young (Allocation Failure) 311M->38M(989M) 9.375ms
[55.167s][info][gc,cpu         ] GC(449) User=0.00s Sys=0.00s Real=0.00s
[55.238s][info][gc,start       ] GC(450) Pause Young (Allocation Failure)
[55.246s][info][gc,heap        ] GC(450) DefNew: 281093K(314560K)->1468K(314560K) Eden: 279616K(279616K)->0K(279616K) From: 1477K(34944K)->1468K(34944K)
[55.246s][info][gc,heap        ] GC(450) Tenured: 38002K(699072K)->38002K(699072K)
[55.247s][info][gc,metaspace   ] GC(450) Metaspace: 71874K(72640K)->71874K(72640K) NonClass: 57296K(57536K)->57296K(57536K) Class: 14577K(15104K)->14577K(15104K)
[55.247s][info][gc             ] GC(450) Pause Young (Allocation Failure) 311M->38M(989M) 8.999ms
[55.247s][info][gc,cpu         ] GC(450) User=0.00s Sys=0.00s Real=0.00s
[55.318s][info][gc,start       ] GC(451) Pause Young (Allocation Failure)
[55.326s][info][gc,heap        ] GC(451) DefNew: 281084K(314560K)->1505K(314560K) Eden: 279616K(279616K)->0K(279616K) From: 1468K(34944K)->1505K(34944K)
[55.326s][info][gc,heap        ] GC(451) Tenured: 38002K(699072K)->38002K(699072K)
[55.326s][info][gc,metaspace   ] GC(451) Metaspace: 71874K(72640K)->71874K(72640K) NonClass: 57296K(57536K)->57296K(57536K) Class: 14577K(15104K)->14577K(15104K)
[55.326s][info][gc             ] GC(451) Pause Young (Allocation Failure) 311M->38M(989M) 8.591ms
[55.327s][info][gc,cpu         ] GC(451) User=0.00s Sys=0.00s Real=0.00s
[55.398s][info][gc,start       ] GC(452) Pause Young (Allocation Failure)
[55.406s][info][gc,heap        ] GC(452) DefNew: 281121K(314560K)->1456K(314560K) Eden: 279616K(279616K)->0K(279616K) From: 1505K(34944K)->1456K(34944K)
[55.406s][info][gc,heap        ] GC(452) Tenured: 38002K(699072K)->38002K(699072K)
[55.406s][info][gc,metaspace   ] GC(452) Metaspace: 71874K(72640K)->71874K(72640K) NonClass: 57296K(57536K)->57296K(57536K) Class: 14577K(15104K)->14577K(15104K)
[55.406s][info][gc             ] GC(452) Pause Young (Allocation Failure) 311M->38M(989M) 8.417ms
[55.406s][info][gc,cpu         ] GC(452) User=0.00s Sys=0.00s Real=0.00s
[55.477s][info][gc,start       ] GC(453) Pause Young (Allocation Failure)
[55.485s][info][gc,heap        ] GC(453) DefNew: 281072K(314560K)->1407K(314560K) Eden: 279616K(279616K)->0K(279616K) From: 1456K(34944K)->1407K(34944K)
[55.485s][info][gc,heap        ] GC(453) Tenured: 38002K(699072K)->38002K(699072K)
[55.485s][info][gc,metaspace   ] GC(453) Metaspace: 71874K(72640K)->71874K(72640K) NonClass: 57296K(57536K)->57296K(57536K) Class: 14577K(15104K)->14577K(15104K)
[55.485s][info][gc             ] GC(453) Pause Young (Allocation Failure) 311M->38M(989M) 8.256ms
[55.485s][info][gc,cpu         ] GC(453) User=0.00s Sys=0.00s Real=0.00s
[55.556s][info][gc,start       ] GC(454) Pause Young (Allocation Failure)
[55.565s][info][gc,heap        ] GC(454) DefNew: 281023K(314560K)->1489K(314560K) Eden: 279616K(279616K)->0K(279616K) From: 1407K(34944K)->1489K(34944K)
[55.565s][info][gc,heap        ] GC(454) Tenured: 38002K(699072K)->38002K(699072K)
[55.565s][info][gc,metaspace   ] GC(454) Metaspace: 71874K(72640K)->71874K(72640K) NonClass: 57296K(57536K)->57296K(57536K) Class: 14577K(15104K)->14577K(15104K)
[55.565s][info][gc             ] GC(454) Pause Young (Allocation Failure) 311M->38M(989M) 8.559ms
[55.565s][info][gc,cpu         ] GC(454) User=0.00s Sys=0.00s Real=0.00s
[55.636s][info][gc,start       ] GC(455) Pause Young (Allocation Failure)
[55.644s][info][gc,heap        ] GC(455) DefNew: 281105K(314560K)->1482K(314560K) Eden: 279616K(279616K)->0K(279616K) From: 1489K(34944K)->1482K(34944K)
[55.644s][info][gc,heap        ] GC(455) Tenured: 38002K(699072K)->38002K(699072K)
[55.644s][info][gc,metaspace   ] GC(455) Metaspace: 71874K(72640K)->71874K(72640K) NonClass: 57296K(57536K)->57296K(57536K) Class: 14577K(15104K)->14577K(15104K)
[55.644s][info][gc             ] GC(455) Pause Young (Allocation Failure) 311M->38M(989M) 8.548ms
[55.644s][info][gc,cpu         ] GC(455) User=0.00s Sys=0.00s Real=0.01s
[55.715s][info][gc,start       ] GC(456) Pause Young (Allocation Failure)
[55.723s][info][gc,heap        ] GC(456) DefNew: 281098K(314560K)->1448K(314560K) Eden: 279616K(279616K)->0K(279616K) From: 1482K(34944K)->1448K(34944K)
[55.723s][info][gc,heap        ] GC(456) Tenured: 38002K(699072K)->38002K(699072K)
[55.723s][info][gc,metaspace   ] GC(456) Metaspace: 71874K(72640K)->71874K(72640K) NonClass: 57296K(57536K)->57296K(57536K) Class: 14577K(15104K)->14577K(15104K)
[55.723s][info][gc             ] GC(456) Pause Young (Allocation Failure) 311M->38M(989M) 8.258ms
[55.723s][info][gc,cpu         ] GC(456) User=0.00s Sys=0.00s Real=0.00s
[55.795s][info][gc,start       ] GC(457) Pause Young (Allocation Failure)
[55.803s][info][gc,heap        ] GC(457) DefNew: 281064K(314560K)->1488K(314560K) Eden: 279616K(279616K)->0K(279616K) From: 1448K(34944K)->1488K(34944K)
[55.804s][info][gc,heap        ] GC(457) Tenured: 38002K(699072K)->38002K(699072K)
[55.804s][info][gc,metaspace   ] GC(457) Metaspace: 71874K(72640K)->71874K(72640K) NonClass: 57296K(57536K)->57296K(57536K) Class: 14577K(15104K)->14577K(15104K)
[55.804s][info][gc             ] GC(457) Pause Young (Allocation Failure) 311M->38M(989M) 8.551ms
[55.804s][info][gc,cpu         ] GC(457) User=0.00s Sys=0.00s Real=0.00s
[55.875s][info][gc,start       ] GC(458) Pause Young (Allocation Failure)
[55.883s][info][gc,heap        ] GC(458) DefNew: 281104K(314560K)->1457K(314560K) Eden: 279616K(279616K)->0K(279616K) From: 1488K(34944K)->1457K(34944K)
[55.883s][info][gc,heap        ] GC(458) Tenured: 38002K(699072K)->38002K(699072K)
[55.883s][info][gc,metaspace   ] GC(458) Metaspace: 71874K(72640K)->71874K(72640K) NonClass: 57296K(57536K)->57296K(57536K) Class: 14577K(15104K)->14577K(15104K)
[55.883s][info][gc             ] GC(458) Pause Young (Allocation Failure) 311M->38M(989M) 8.503ms
[55.883s][info][gc,cpu         ] GC(458) User=0.00s Sys=0.00s Real=0.00s
[55.954s][info][gc,start       ] GC(459) Pause Young (Allocation Failure)
[55.963s][info][gc,heap        ] GC(459) DefNew: 281073K(314560K)->1425K(314560K) Eden: 279616K(279616K)->0K(279616K) From: 1457K(34944K)->1425K(34944K)
[55.963s][info][gc,heap        ] GC(459) Tenured: 38002K(699072K)->38002K(699072K)
[55.963s][info][gc,metaspace   ] GC(459) Metaspace: 71874K(72640K)->71874K(72640K) NonClass: 57296K(57536K)->57296K(57536K) Class: 14577K(15104K)->14577K(15104K)
[55.963s][info][gc             ] GC(459) Pause Young (Allocation Failure) 311M->38M(989M) 9.234ms
[55.963s][info][gc,cpu         ] GC(459) User=0.00s Sys=0.00s Real=0.00s
[56.035s][info][gc,start       ] GC(460) Pause Young (Allocation Failure)
[56.044s][info][gc,heap        ] GC(460) DefNew: 281041K(314560K)->1467K(314560K) Eden: 279616K(279616K)->0K(279616K) From: 1425K(34944K)->1467K(34944K)
[56.044s][info][gc,heap        ] GC(460) Tenured: 38002K(699072K)->38061K(699072K)
[56.044s][info][gc,metaspace   ] GC(460) Metaspace: 71874K(72640K)->71874K(72640K) NonClass: 57296K(57536K)->57296K(57536K) Class: 14577K(15104K)->14577K(15104K)
[56.044s][info][gc             ] GC(460) Pause Young (Allocation Failure) 311M->38M(989M) 9.266ms
[56.044s][info][gc,cpu         ] GC(460) User=0.00s Sys=0.00s Real=0.00s
[56.115s][info][gc,start       ] GC(461) Pause Young (Allocation Failure)
[56.123s][info][gc,heap        ] GC(461) DefNew: 281083K(314560K)->1365K(314560K) Eden: 279616K(279616K)->0K(279616K) From: 1467K(34944K)->1365K(34944K)
[56.123s][info][gc,heap        ] GC(461) Tenured: 38061K(699072K)->38062K(699072K)
[56.123s][info][gc,metaspace   ] GC(461) Metaspace: 71874K(72640K)->71874K(72640K) NonClass: 57296K(57536K)->57296K(57536K) Class: 14577K(15104K)->14577K(15104K)
[56.123s][info][gc             ] GC(461) Pause Young (Allocation Failure) 311M->38M(989M) 8.183ms
[56.123s][info][gc,cpu         ] GC(461) User=0.02s Sys=0.00s Real=0.00s
[56.194s][info][gc,start       ] GC(462) Pause Young (Allocation Failure)
[56.203s][info][gc,heap        ] GC(462) DefNew: 280981K(314560K)->1404K(314560K) Eden: 279616K(279616K)->0K(279616K) From: 1365K(34944K)->1404K(34944K)
[56.203s][info][gc,heap        ] GC(462) Tenured: 38062K(699072K)->38062K(699072K)
[56.203s][info][gc,metaspace   ] GC(462) Metaspace: 71874K(72640K)->71874K(72640K) NonClass: 57296K(57536K)->57296K(57536K) Class: 14577K(15104K)->14577K(15104K)
[56.203s][info][gc             ] GC(462) Pause Young (Allocation Failure) 311M->38M(989M) 9.127ms
[56.203s][info][gc,cpu         ] GC(462) User=0.00s Sys=0.00s Real=0.00s
[56.275s][info][gc,start       ] GC(463) Pause Young (Allocation Failure)
[56.284s][info][gc,heap        ] GC(463) DefNew: 281020K(314560K)->1461K(314560K) Eden: 279616K(279616K)->0K(279616K) From: 1404K(34944K)->1461K(34944K)
[56.284s][info][gc,heap        ] GC(463) Tenured: 38062K(699072K)->38062K(699072K)
[56.284s][info][gc,metaspace   ] GC(463) Metaspace: 71874K(72640K)->71874K(72640K) NonClass: 57296K(57536K)->57296K(57536K) Class: 14577K(15104K)->14577K(15104K)
[56.284s][info][gc             ] GC(463) Pause Young (Allocation Failure) 311M->38M(989M) 8.976ms
[56.284s][info][gc,cpu         ] GC(463) User=0.00s Sys=0.00s Real=0.00s
[56.355s][info][gc,start       ] GC(464) Pause Young (Allocation Failure)
[56.363s][info][gc,heap        ] GC(464) DefNew: 281077K(314560K)->1398K(314560K) Eden: 279616K(279616K)->0K(279616K) From: 1461K(34944K)->1398K(34944K)
[56.363s][info][gc,heap        ] GC(464) Tenured: 38062K(699072K)->38062K(699072K)
[56.363s][info][gc,metaspace   ] GC(464) Metaspace: 71874K(72640K)->71874K(72640K) NonClass: 57296K(57536K)->57296K(57536K) Class: 14577K(15104K)->14577K(15104K)
[56.363s][info][gc             ] GC(464) Pause Young (Allocation Failure) 311M->38M(989M) 8.263ms
[56.363s][info][gc,cpu         ] GC(464) User=0.00s Sys=0.00s Real=0.00s
[56.434s][info][gc,start       ] GC(465) Pause Young (Allocation Failure)
[56.443s][info][gc,heap        ] GC(465) DefNew: 281014K(314560K)->1442K(314560K) Eden: 279616K(279616K)->0K(279616K) From: 1398K(34944K)->1442K(34944K)
[56.443s][info][gc,heap        ] GC(465) Tenured: 38062K(699072K)->38062K(699072K)
[56.443s][info][gc,metaspace   ] GC(465) Metaspace: 71874K(72640K)->71874K(72640K) NonClass: 57296K(57536K)->57296K(57536K) Class: 14577K(15104K)->14577K(15104K)
[56.443s][info][gc             ] GC(465) Pause Young (Allocation Failure) 311M->38M(989M) 8.528ms
[56.443s][info][gc,cpu         ] GC(465) User=0.00s Sys=0.00s Real=0.00s
[56.514s][info][gc,start       ] GC(466) Pause Young (Allocation Failure)
[56.523s][info][gc,heap        ] GC(466) DefNew: 281058K(314560K)->1401K(314560K) Eden: 279616K(279616K)->0K(279616K) From: 1442K(34944K)->1401K(34944K)
[56.523s][info][gc,heap        ] GC(466) Tenured: 38062K(699072K)->38062K(699072K)
[56.523s][info][gc,metaspace   ] GC(466) Metaspace: 71874K(72640K)->71874K(72640K) NonClass: 57296K(57536K)->57296K(57536K) Class: 14577K(15104K)->14577K(15104K)
[56.523s][info][gc             ] GC(466) Pause Young (Allocation Failure) 311M->38M(989M) 8.287ms
[56.523s][info][gc,cpu         ] GC(466) User=0.00s Sys=0.00s Real=0.00s
[56.594s][info][gc,start       ] GC(467) Pause Young (Allocation Failure)
[56.602s][info][gc,heap        ] GC(467) DefNew: 281017K(314560K)->1379K(314560K) Eden: 279616K(279616K)->0K(279616K) From: 1401K(34944K)->1379K(34944K)
[56.602s][info][gc,heap        ] GC(467) Tenured: 38062K(699072K)->38062K(699072K)
[56.602s][info][gc,metaspace   ] GC(467) Metaspace: 71874K(72640K)->71874K(72640K) NonClass: 57296K(57536K)->57296K(57536K) Class: 14577K(15104K)->14577K(15104K)
[56.602s][info][gc             ] GC(467) Pause Young (Allocation Failure) 311M->38M(989M) 8.248ms
[56.602s][info][gc,cpu         ] GC(467) User=0.00s Sys=0.00s Real=0.00s
[56.673s][info][gc,start       ] GC(468) Pause Young (Allocation Failure)
[56.681s][info][gc,heap        ] GC(468) DefNew: 280995K(314560K)->1369K(314560K) Eden: 279616K(279616K)->0K(279616K) From: 1379K(34944K)->1369K(34944K)
[56.682s][info][gc,heap        ] GC(468) Tenured: 38062K(699072K)->38062K(699072K)
[56.682s][info][gc,metaspace   ] GC(468) Metaspace: 71874K(72640K)->71874K(72640K) NonClass: 57296K(57536K)->57296K(57536K) Class: 14577K(15104K)->14577K(15104K)
[56.682s][info][gc             ] GC(468) Pause Young (Allocation Failure) 311M->38M(989M) 8.231ms
[56.682s][info][gc,cpu         ] GC(468) User=0.00s Sys=0.00s Real=0.00s
[56.752s][info][gc,start       ] GC(469) Pause Young (Allocation Failure)
[56.760s][info][gc,heap        ] GC(469) DefNew: 280985K(314560K)->1423K(314560K) Eden: 279616K(279616K)->0K(279616K) From: 1369K(34944K)->1423K(34944K)
[56.760s][info][gc,heap        ] GC(469) Tenured: 38062K(699072K)->38062K(699072K)
[56.760s][info][gc,metaspace   ] GC(469) Metaspace: 71874K(72640K)->71874K(72640K) NonClass: 57296K(57536K)->57296K(57536K) Class: 14577K(15104K)->14577K(15104K)
[56.760s][info][gc             ] GC(469) Pause Young (Allocation Failure) 311M->38M(989M) 8.280ms
[56.760s][info][gc,cpu         ] GC(469) User=0.00s Sys=0.00s Real=0.00s
[56.832s][info][gc,start       ] GC(470) Pause Young (Allocation Failure)
[56.841s][info][gc,heap        ] GC(470) DefNew: 281039K(314560K)->1417K(314560K) Eden: 279616K(279616K)->0K(279616K) From: 1423K(34944K)->1417K(34944K)
[56.841s][info][gc,heap        ] GC(470) Tenured: 38062K(699072K)->38065K(699072K)
[56.841s][info][gc,metaspace   ] GC(470) Metaspace: 71874K(72640K)->71874K(72640K) NonClass: 57296K(57536K)->57296K(57536K) Class: 14577K(15104K)->14577K(15104K)
[56.841s][info][gc             ] GC(470) Pause Young (Allocation Failure) 311M->38M(989M) 9.314ms
[56.841s][info][gc,cpu         ] GC(470) User=0.02s Sys=0.00s Real=0.01s
[56.912s][info][gc,start       ] GC(471) Pause Young (Allocation Failure)
[56.921s][info][gc,heap        ] GC(471) DefNew: 281033K(314560K)->1444K(314560K) Eden: 279616K(279616K)->0K(279616K) From: 1417K(34944K)->1444K(34944K)
[56.921s][info][gc,heap        ] GC(471) Tenured: 38065K(699072K)->38065K(699072K)
[56.921s][info][gc,metaspace   ] GC(471) Metaspace: 71874K(72640K)->71874K(72640K) NonClass: 57296K(57536K)->57296K(57536K) Class: 14577K(15104K)->14577K(15104K)
[56.921s][info][gc             ] GC(471) Pause Young (Allocation Failure) 311M->38M(989M) 9.033ms
[56.921s][info][gc,cpu         ] GC(471) User=0.02s Sys=0.00s Real=0.00s
[56.993s][info][gc,start       ] GC(472) Pause Young (Allocation Failure)
[57.001s][info][gc,heap        ] GC(472) DefNew: 281060K(314560K)->1495K(314560K) Eden: 279616K(279616K)->0K(279616K) From: 1444K(34944K)->1495K(34944K)
[57.001s][info][gc,heap        ] GC(472) Tenured: 38065K(699072K)->38065K(699072K)
[57.001s][info][gc,metaspace   ] GC(472) Metaspace: 71874K(72640K)->71874K(72640K) NonClass: 57296K(57536K)->57296K(57536K) Class: 14577K(15104K)->14577K(15104K)
[57.001s][info][gc             ] GC(472) Pause Young (Allocation Failure) 311M->38M(989M) 8.549ms
[57.001s][info][gc,cpu         ] GC(472) User=0.00s Sys=0.00s Real=0.00s
[57.072s][info][gc,start       ] GC(473) Pause Young (Allocation Failure)
[57.081s][info][gc,heap        ] GC(473) DefNew: 281111K(314560K)->1437K(314560K) Eden: 279616K(279616K)->0K(279616K) From: 1495K(34944K)->1437K(34944K)
[57.081s][info][gc,heap        ] GC(473) Tenured: 38065K(699072K)->38081K(699072K)
[57.081s][info][gc,metaspace   ] GC(473) Metaspace: 71874K(72640K)->71874K(72640K) NonClass: 57296K(57536K)->57296K(57536K) Class: 14577K(15104K)->14577K(15104K)
[57.081s][info][gc             ] GC(473) Pause Young (Allocation Failure) 311M->38M(989M) 8.408ms
[57.081s][info][gc,cpu         ] GC(473) User=0.00s Sys=0.00s Real=0.01s
[57.152s][info][gc,start       ] GC(474) Pause Young (Allocation Failure)
[57.160s][info][gc,heap        ] GC(474) DefNew: 281053K(314560K)->1414K(314560K) Eden: 279616K(279616K)->0K(279616K) From: 1437K(34944K)->1414K(34944K)
[57.160s][info][gc,heap        ] GC(474) Tenured: 38081K(699072K)->38081K(699072K)
[57.160s][info][gc,metaspace   ] GC(474) Metaspace: 71874K(72640K)->71874K(72640K) NonClass: 57296K(57536K)->57296K(57536K) Class: 14577K(15104K)->14577K(15104K)
[57.160s][info][gc             ] GC(474) Pause Young (Allocation Failure) 311M->38M(989M) 8.323ms
[57.160s][info][gc,cpu         ] GC(474) User=0.00s Sys=0.00s Real=0.00s
[57.231s][info][gc,start       ] GC(475) Pause Young (Allocation Failure)
[57.239s][info][gc,heap        ] GC(475) DefNew: 281030K(314560K)->1423K(314560K) Eden: 279616K(279616K)->0K(279616K) From: 1414K(34944K)->1423K(34944K)
[57.239s][info][gc,heap        ] GC(475) Tenured: 38081K(699072K)->38081K(699072K)
[57.239s][info][gc,metaspace   ] GC(475) Metaspace: 71874K(72640K)->71874K(72640K) NonClass: 57296K(57536K)->57296K(57536K) Class: 14577K(15104K)->14577K(15104K)
[57.239s][info][gc             ] GC(475) Pause Young (Allocation Failure) 311M->38M(989M) 8.518ms
[57.239s][info][gc,cpu         ] GC(475) User=0.00s Sys=0.00s Real=0.00s
[57.310s][info][gc,start       ] GC(476) Pause Young (Allocation Failure)
[57.319s][info][gc,heap        ] GC(476) DefNew: 281039K(314560K)->1402K(314560K) Eden: 279616K(279616K)->0K(279616K) From: 1423K(34944K)->1402K(34944K)
[57.319s][info][gc,heap        ] GC(476) Tenured: 38081K(699072K)->38081K(699072K)
[57.319s][info][gc,metaspace   ] GC(476) Metaspace: 71874K(72640K)->71874K(72640K) NonClass: 57296K(57536K)->57296K(57536K) Class: 14577K(15104K)->14577K(15104K)
[57.319s][info][gc             ] GC(476) Pause Young (Allocation Failure) 311M->38M(989M) 8.292ms
[57.319s][info][gc,cpu         ] GC(476) User=0.00s Sys=0.00s Real=0.00s
[57.390s][info][gc,start       ] GC(477) Pause Young (Allocation Failure)
[57.398s][info][gc,heap        ] GC(477) DefNew: 281018K(314560K)->1403K(314560K) Eden: 279616K(279616K)->0K(279616K) From: 1402K(34944K)->1403K(34944K)
[57.398s][info][gc,heap        ] GC(477) Tenured: 38081K(699072K)->38081K(699072K)
[57.398s][info][gc,metaspace   ] GC(477) Metaspace: 71874K(72640K)->71874K(72640K) NonClass: 57296K(57536K)->57296K(57536K) Class: 14577K(15104K)->14577K(15104K)
[57.399s][info][gc             ] GC(477) Pause Young (Allocation Failure) 311M->38M(989M) 8.165ms
[57.399s][info][gc,cpu         ] GC(477) User=0.00s Sys=0.00s Real=0.00s
[57.469s][info][gc,start       ] GC(478) Pause Young (Allocation Failure)
[57.478s][info][gc,heap        ] GC(478) DefNew: 281019K(314560K)->1457K(314560K) Eden: 279616K(279616K)->0K(279616K) From: 1403K(34944K)->1457K(34944K)
[57.478s][info][gc,heap        ] GC(478) Tenured: 38081K(699072K)->38082K(699072K)
[57.478s][info][gc,metaspace   ] GC(478) Metaspace: 71874K(72640K)->71874K(72640K) NonClass: 57296K(57536K)->57296K(57536K) Class: 14577K(15104K)->14577K(15104K)
[57.478s][info][gc             ] GC(478) Pause Young (Allocation Failure) 311M->38M(989M) 8.414ms
[57.478s][info][gc,cpu         ] GC(478) User=0.00s Sys=0.00s Real=0.00s
[57.549s][info][gc,start       ] GC(479) Pause Young (Allocation Failure)
[57.557s][info][gc,heap        ] GC(479) DefNew: 281073K(314560K)->1399K(314560K) Eden: 279616K(279616K)->0K(279616K) From: 1457K(34944K)->1399K(34944K)
[57.557s][info][gc,heap        ] GC(479) Tenured: 38082K(699072K)->38083K(699072K)
[57.557s][info][gc,metaspace   ] GC(479) Metaspace: 71874K(72640K)->71874K(72640K) NonClass: 57296K(57536K)->57296K(57536K) Class: 14577K(15104K)->14577K(15104K)
[57.557s][info][gc             ] GC(479) Pause Young (Allocation Failure) 311M->38M(989M) 8.270ms
[57.557s][info][gc,cpu         ] GC(479) User=0.00s Sys=0.00s Real=0.00s
[57.628s][info][gc,start       ] GC(480) Pause Young (Allocation Failure)
[57.636s][info][gc,heap        ] GC(480) DefNew: 281015K(314560K)->1408K(314560K) Eden: 279616K(279616K)->0K(279616K) From: 1399K(34944K)->1408K(34944K)
[57.636s][info][gc,heap        ] GC(480) Tenured: 38083K(699072K)->38083K(699072K)
[57.636s][info][gc,metaspace   ] GC(480) Metaspace: 71874K(72640K)->71874K(72640K) NonClass: 57296K(57536K)->57296K(57536K) Class: 14577K(15104K)->14577K(15104K)
[57.636s][info][gc             ] GC(480) Pause Young (Allocation Failure) 311M->38M(989M) 8.275ms
[57.636s][info][gc,cpu         ] GC(480) User=0.00s Sys=0.00s Real=0.00s
[57.708s][info][gc,start       ] GC(481) Pause Young (Allocation Failure)
[57.717s][info][gc,heap        ] GC(481) DefNew: 281024K(314560K)->1417K(314560K) Eden: 279616K(279616K)->0K(279616K) From: 1408K(34944K)->1417K(34944K)
[57.717s][info][gc,heap        ] GC(481) Tenured: 38083K(699072K)->38083K(699072K)
[57.717s][info][gc,metaspace   ] GC(481) Metaspace: 71874K(72640K)->71874K(72640K) NonClass: 57296K(57536K)->57296K(57536K) Class: 14577K(15104K)->14577K(15104K)
[57.717s][info][gc             ] GC(481) Pause Young (Allocation Failure) 311M->38M(989M) 8.360ms
[57.717s][info][gc,cpu         ] GC(481) User=0.00s Sys=0.00s Real=0.00s
[57.788s][info][gc,start       ] GC(482) Pause Young (Allocation Failure)
[57.796s][info][gc,heap        ] GC(482) DefNew: 281033K(314560K)->1416K(314560K) Eden: 279616K(279616K)->0K(279616K) From: 1417K(34944K)->1416K(34944K)
[57.796s][info][gc,heap        ] GC(482) Tenured: 38083K(699072K)->38083K(699072K)
[57.796s][info][gc,metaspace   ] GC(482) Metaspace: 71874K(72640K)->71874K(72640K) NonClass: 57296K(57536K)->57296K(57536K) Class: 14577K(15104K)->14577K(15104K)
[57.796s][info][gc             ] GC(482) Pause Young (Allocation Failure) 311M->38M(989M) 8.276ms
[57.796s][info][gc,cpu         ] GC(482) User=0.02s Sys=0.00s Real=0.00s
[57.869s][info][gc,start       ] GC(483) Pause Young (Allocation Failure)
[57.878s][info][gc,heap        ] GC(483) DefNew: 281032K(314560K)->1476K(314560K) Eden: 279616K(279616K)->0K(279616K) From: 1416K(34944K)->1476K(34944K)
[57.878s][info][gc,heap        ] GC(483) Tenured: 38083K(699072K)->38083K(699072K)
[57.879s][info][gc,metaspace   ] GC(483) Metaspace: 71874K(72640K)->71874K(72640K) NonClass: 57296K(57536K)->57296K(57536K) Class: 14577K(15104K)->14577K(15104K)
[57.879s][info][gc             ] GC(483) Pause Young (Allocation Failure) 311M->38M(989M) 9.940ms
[57.879s][info][gc,cpu         ] GC(483) User=0.00s Sys=0.00s Real=0.00s
[57.951s][info][gc,start       ] GC(484) Pause Young (Allocation Failure)
[57.961s][info][gc,heap        ] GC(484) DefNew: 281092K(314560K)->1452K(314560K) Eden: 279616K(279616K)->0K(279616K) From: 1476K(34944K)->1452K(34944K)
[57.961s][info][gc,heap        ] GC(484) Tenured: 38083K(699072K)->38083K(699072K)
[57.961s][info][gc,metaspace   ] GC(484) Metaspace: 71882K(72640K)->71882K(72640K) NonClass: 57304K(57536K)->57304K(57536K) Class: 14577K(15104K)->14577K(15104K)
[57.961s][info][gc             ] GC(484) Pause Young (Allocation Failure) 311M->38M(989M) 9.540ms
[57.961s][info][gc,cpu         ] GC(484) User=0.00s Sys=0.00s Real=0.00s
[58.032s][info][gc,start       ] GC(485) Pause Young (Allocation Failure)
[58.041s][info][gc,heap        ] GC(485) DefNew: 281068K(314560K)->1516K(314560K) Eden: 279616K(279616K)->0K(279616K) From: 1452K(34944K)->1516K(34944K)
[58.041s][info][gc,heap        ] GC(485) Tenured: 38083K(699072K)->38083K(699072K)
[58.041s][info][gc,metaspace   ] GC(485) Metaspace: 71882K(72640K)->71882K(72640K) NonClass: 57304K(57536K)->57304K(57536K) Class: 14577K(15104K)->14577K(15104K)
[58.041s][info][gc             ] GC(485) Pause Young (Allocation Failure) 311M->38M(989M) 9.338ms
[58.041s][info][gc,cpu         ] GC(485) User=0.00s Sys=0.00s Real=0.00s
[58.113s][info][gc,start       ] GC(486) Pause Young (Allocation Failure)
[58.122s][info][gc,heap        ] GC(486) DefNew: 281132K(314560K)->1498K(314560K) Eden: 279616K(279616K)->0K(279616K) From: 1516K(34944K)->1498K(34944K)
[58.122s][info][gc,heap        ] GC(486) Tenured: 38083K(699072K)->38101K(699072K)
[58.122s][info][gc,metaspace   ] GC(486) Metaspace: 71884K(72640K)->71884K(72640K) NonClass: 57307K(57536K)->57307K(57536K) Class: 14577K(15104K)->14577K(15104K)
[58.122s][info][gc             ] GC(486) Pause Young (Allocation Failure) 311M->38M(989M) 9.054ms
[58.122s][info][gc,cpu         ] GC(486) User=0.00s Sys=0.00s Real=0.00s
[58.194s][info][gc,start       ] GC(487) Pause Young (Allocation Failure)
[58.203s][info][gc,heap        ] GC(487) DefNew: 281114K(314560K)->1480K(314560K) Eden: 279616K(279616K)->0K(279616K) From: 1498K(34944K)->1480K(34944K)
[58.203s][info][gc,heap        ] GC(487) Tenured: 38101K(699072K)->38101K(699072K)
[58.203s][info][gc,metaspace   ] GC(487) Metaspace: 71884K(72640K)->71884K(72640K) NonClass: 57307K(57536K)->57307K(57536K) Class: 14577K(15104K)->14577K(15104K)
[58.204s][info][gc             ] GC(487) Pause Young (Allocation Failure) 311M->38M(989M) 9.771ms
[58.204s][info][gc,cpu         ] GC(487) User=0.00s Sys=0.00s Real=0.00s
[58.275s][info][gc,start       ] GC(488) Pause Young (Allocation Failure)
[58.285s][info][gc,heap        ] GC(488) DefNew: 281096K(314560K)->1444K(314560K) Eden: 279616K(279616K)->0K(279616K) From: 1480K(34944K)->1444K(34944K)
[58.285s][info][gc,heap        ] GC(488) Tenured: 38101K(699072K)->38101K(699072K)
[58.285s][info][gc,metaspace   ] GC(488) Metaspace: 71884K(72640K)->71884K(72640K) NonClass: 57307K(57536K)->57307K(57536K) Class: 14577K(15104K)->14577K(15104K)
[58.285s][info][gc             ] GC(488) Pause Young (Allocation Failure) 311M->38M(989M) 9.414ms
[58.285s][info][gc,cpu         ] GC(488) User=0.00s Sys=0.00s Real=0.00s
[58.357s][info][gc,start       ] GC(489) Pause Young (Allocation Failure)
[58.366s][info][gc,heap        ] GC(489) DefNew: 281060K(314560K)->1492K(314560K) Eden: 279616K(279616K)->0K(279616K) From: 1444K(34944K)->1492K(34944K)
[58.366s][info][gc,heap        ] GC(489) Tenured: 38101K(699072K)->38101K(699072K)
[58.366s][info][gc,metaspace   ] GC(489) Metaspace: 71884K(72640K)->71884K(72640K) NonClass: 57307K(57536K)->57307K(57536K) Class: 14577K(15104K)->14577K(15104K)
[58.366s][info][gc             ] GC(489) Pause Young (Allocation Failure) 311M->38M(989M) 9.073ms
[58.366s][info][gc,cpu         ] GC(489) User=0.00s Sys=0.00s Real=0.00s
[58.438s][info][gc,start       ] GC(490) Pause Young (Allocation Failure)
[58.447s][info][gc,heap        ] GC(490) DefNew: 281108K(314560K)->1524K(314560K) Eden: 279616K(279616K)->0K(279616K) From: 1492K(34944K)->1524K(34944K)
[58.447s][info][gc,heap        ] GC(490) Tenured: 38101K(699072K)->38101K(699072K)
[58.447s][info][gc,metaspace   ] GC(490) Metaspace: 71884K(72640K)->71884K(72640K) NonClass: 57307K(57536K)->57307K(57536K) Class: 14577K(15104K)->14577K(15104K)
[58.447s][info][gc             ] GC(490) Pause Young (Allocation Failure) 311M->38M(989M) 8.691ms
[58.447s][info][gc,cpu         ] GC(490) User=0.00s Sys=0.00s Real=0.00s
[58.519s][info][gc,start       ] GC(491) Pause Young (Allocation Failure)
[58.527s][info][gc,heap        ] GC(491) DefNew: 281140K(314560K)->1501K(314560K) Eden: 279616K(279616K)->0K(279616K) From: 1524K(34944K)->1501K(34944K)
[58.527s][info][gc,heap        ] GC(491) Tenured: 38101K(699072K)->38101K(699072K)
[58.527s][info][gc,metaspace   ] GC(491) Metaspace: 71885K(72640K)->71885K(72640K) NonClass: 57307K(57536K)->57307K(57536K) Class: 14577K(15104K)->14577K(15104K)
[58.527s][info][gc             ] GC(491) Pause Young (Allocation Failure) 311M->38M(989M) 8.640ms
[58.527s][info][gc,cpu         ] GC(491) User=0.00s Sys=0.00s Real=0.00s
[58.599s][info][gc,start       ] GC(492) Pause Young (Allocation Failure)
[58.607s][info][gc,heap        ] GC(492) DefNew: 281117K(314560K)->1456K(314560K) Eden: 279616K(279616K)->0K(279616K) From: 1501K(34944K)->1456K(34944K)
[58.607s][info][gc,heap        ] GC(492) Tenured: 38101K(699072K)->38101K(699072K)
[58.607s][info][gc,metaspace   ] GC(492) Metaspace: 71885K(72640K)->71885K(72640K) NonClass: 57307K(57536K)->57307K(57536K) Class: 14577K(15104K)->14577K(15104K)
[58.607s][info][gc             ] GC(492) Pause Young (Allocation Failure) 311M->38M(989M) 8.158ms
[58.607s][info][gc,cpu         ] GC(492) User=0.00s Sys=0.00s Real=0.00s
[58.679s][info][gc,start       ] GC(493) Pause Young (Allocation Failure)
[58.701s][info][gc,heap        ] GC(493) DefNew: 281072K(314560K)->1489K(314560K) Eden: 279616K(279616K)->0K(279616K) From: 1456K(34944K)->1489K(34944K)
[58.701s][info][gc,heap        ] GC(493) Tenured: 38101K(699072K)->38101K(699072K)
[58.701s][info][gc,metaspace   ] GC(493) Metaspace: 71885K(72640K)->71885K(72640K) NonClass: 57307K(57536K)->57307K(57536K) Class: 14577K(15104K)->14577K(15104K)
[58.701s][info][gc             ] GC(493) Pause Young (Allocation Failure) 311M->38M(989M) 22.050ms
[58.701s][info][gc,cpu         ] GC(493) User=0.02s Sys=0.00s Real=0.02s
[58.777s][info][gc,start       ] GC(494) Pause Young (Allocation Failure)
[58.785s][info][gc,heap        ] GC(494) DefNew: 281105K(314560K)->1423K(314560K) Eden: 279616K(279616K)->0K(279616K) From: 1489K(34944K)->1423K(34944K)
[58.785s][info][gc,heap        ] GC(494) Tenured: 38101K(699072K)->38101K(699072K)
[58.785s][info][gc,metaspace   ] GC(494) Metaspace: 71893K(72640K)->71893K(72640K) NonClass: 57315K(57536K)->57315K(57536K) Class: 14577K(15104K)->14577K(15104K)
[58.785s][info][gc             ] GC(494) Pause Young (Allocation Failure) 311M->38M(989M) 8.149ms
[58.785s][info][gc,cpu         ] GC(494) User=0.00s Sys=0.00s Real=0.01s
[58.860s][info][gc,start       ] GC(495) Pause Young (Allocation Failure)
[58.868s][info][gc,heap        ] GC(495) DefNew: 281039K(314560K)->1492K(314560K) Eden: 279616K(279616K)->0K(279616K) From: 1423K(34944K)->1492K(34944K)
[58.868s][info][gc,heap        ] GC(495) Tenured: 38101K(699072K)->38101K(699072K)
[58.868s][info][gc,metaspace   ] GC(495) Metaspace: 71895K(72640K)->71895K(72640K) NonClass: 57317K(57536K)->57317K(57536K) Class: 14577K(15104K)->14577K(15104K)
[58.868s][info][gc             ] GC(495) Pause Young (Allocation Failure) 311M->38M(989M) 8.267ms
[58.868s][info][gc,cpu         ] GC(495) User=0.00s Sys=0.00s Real=0.00s
[58.945s][info][gc,start       ] GC(496) Pause Young (Allocation Failure)
[58.953s][info][gc,heap        ] GC(496) DefNew: 281108K(314560K)->1510K(314560K) Eden: 279616K(279616K)->0K(279616K) From: 1492K(34944K)->1510K(34944K)
[58.953s][info][gc,heap        ] GC(496) Tenured: 38101K(699072K)->38101K(699072K)
[58.953s][info][gc,metaspace   ] GC(496) Metaspace: 71917K(72704K)->71917K(72704K) NonClass: 57339K(57600K)->57339K(57600K) Class: 14577K(15104K)->14577K(15104K)
[58.953s][info][gc             ] GC(496) Pause Young (Allocation Failure) 311M->38M(989M) 7.960ms
[58.953s][info][gc,cpu         ] GC(496) User=0.00s Sys=0.00s Real=0.00s
[59.038s][info][gc,start       ] GC(497) Pause Young (Allocation Failure)
[59.045s][info][gc,heap        ] GC(497) DefNew: 281126K(314560K)->1439K(314560K) Eden: 279616K(279616K)->0K(279616K) From: 1510K(34944K)->1439K(34944K)
[59.045s][info][gc,heap        ] GC(497) Tenured: 38101K(699072K)->38101K(699072K)
[59.045s][info][gc,metaspace   ] GC(497) Metaspace: 71936K(72704K)->71936K(72704K) NonClass: 57359K(57600K)->57359K(57600K) Class: 14577K(15104K)->14577K(15104K)
[59.045s][info][gc             ] GC(497) Pause Young (Allocation Failure) 311M->38M(989M) 7.287ms
[59.045s][info][gc,cpu         ] GC(497) User=0.00s Sys=0.00s Real=0.00s
[59.138s][info][gc,start       ] GC(498) Pause Young (Allocation Failure)
[59.147s][info][gc,heap        ] GC(498) DefNew: 281055K(314560K)->1390K(314560K) Eden: 279616K(279616K)->0K(279616K) From: 1439K(34944K)->1390K(34944K)
[59.147s][info][gc,heap        ] GC(498) Tenured: 38101K(699072K)->38117K(699072K)
[59.147s][info][gc,metaspace   ] GC(498) Metaspace: 71936K(72704K)->71936K(72704K) NonClass: 57359K(57600K)->57359K(57600K) Class: 14577K(15104K)->14577K(15104K)
[59.147s][info][gc             ] GC(498) Pause Young (Allocation Failure) 311M->38M(989M) 9.393ms
[59.147s][info][gc,cpu         ] GC(498) User=0.02s Sys=0.00s Real=0.02s
[59.258s][info][gc,start       ] GC(499) Pause Young (Allocation Failure)
[59.271s][info][gc,heap        ] GC(499) DefNew: 281006K(314560K)->1343K(314560K) Eden: 279616K(279616K)->0K(279616K) From: 1390K(34944K)->1343K(34944K)
[59.271s][info][gc,heap        ] GC(499) Tenured: 38117K(699072K)->38137K(699072K)
[59.271s][info][gc,metaspace   ] GC(499) Metaspace: 71936K(72704K)->71936K(72704K) NonClass: 57359K(57600K)->57359K(57600K) Class: 14577K(15104K)->14577K(15104K)
[59.271s][info][gc             ] GC(499) Pause Young (Allocation Failure) 311M->38M(989M) 13.023ms
[59.271s][info][gc,cpu         ] GC(499) User=0.02s Sys=0.00s Real=0.02s
[59.400s][info][gc,start       ] GC(500) Pause Young (Allocation Failure)
[59.406s][info][gc,heap        ] GC(500) DefNew: 280959K(314560K)->1362K(314560K) Eden: 279616K(279616K)->0K(279616K) From: 1343K(34944K)->1362K(34944K)
[59.406s][info][gc,heap        ] GC(500) Tenured: 38137K(699072K)->38137K(699072K)
[59.406s][info][gc,metaspace   ] GC(500) Metaspace: 71936K(72704K)->71936K(72704K) NonClass: 57359K(57600K)->57359K(57600K) Class: 14577K(15104K)->14577K(15104K)
[59.406s][info][gc             ] GC(500) Pause Young (Allocation Failure) 311M->38M(989M) 5.777ms
[59.406s][info][gc,cpu         ] GC(500) User=0.00s Sys=0.00s Real=0.00s
[59.553s][info][gc,start       ] GC(501) Pause Young (Allocation Failure)
[59.557s][info][gc,heap        ] GC(501) DefNew: 280978K(314560K)->1279K(314560K) Eden: 279616K(279616K)->0K(279616K) From: 1362K(34944K)->1279K(34944K)
[59.557s][info][gc,heap        ] GC(501) Tenured: 38137K(699072K)->38182K(699072K)
[59.557s][info][gc,metaspace   ] GC(501) Metaspace: 71936K(72704K)->71936K(72704K) NonClass: 57359K(57600K)->57359K(57600K) Class: 14577K(15104K)->14577K(15104K)
[59.557s][info][gc             ] GC(501) Pause Young (Allocation Failure) 311M->38M(989M) 4.625ms
[59.557s][info][gc,cpu         ] GC(501) User=0.02s Sys=0.00s Real=0.02s
[59.739s][info][gc,start       ] GC(502) Pause Young (Allocation Failure)
[59.743s][info][gc,heap        ] GC(502) DefNew: 280895K(314560K)->1252K(314560K) Eden: 279616K(279616K)->0K(279616K) From: 1279K(34944K)->1252K(34944K)
[59.743s][info][gc,heap        ] GC(502) Tenured: 38182K(699072K)->38208K(699072K)
[59.743s][info][gc,metaspace   ] GC(502) Metaspace: 71936K(72704K)->71936K(72704K) NonClass: 57359K(57600K)->57359K(57600K) Class: 14577K(15104K)->14577K(15104K)
[59.743s][info][gc             ] GC(502) Pause Young (Allocation Failure) 311M->38M(989M) 4.091ms
[59.743s][info][gc,cpu         ] GC(502) User=0.00s Sys=0.00s Real=0.00s
[59.947s][info][gc,start       ] GC(503) Pause Young (Allocation Failure)
[59.953s][info][gc,heap        ] GC(503) DefNew: 280868K(314560K)->1219K(314560K) Eden: 279616K(279616K)->0K(279616K) From: 1252K(34944K)->1219K(34944K)
[59.953s][info][gc,heap        ] GC(503) Tenured: 38208K(699072K)->38234K(699072K)
[59.953s][info][gc,metaspace   ] GC(503) Metaspace: 71936K(72704K)->71936K(72704K) NonClass: 57359K(57600K)->57359K(57600K) Class: 14577K(15104K)->14577K(15104K)
[59.953s][info][gc             ] GC(503) Pause Young (Allocation Failure) 311M->38M(989M) 5.590ms
[59.953s][info][gc,cpu         ] GC(503) User=0.00s Sys=0.00s Real=0.00s
[60.206s][info][gc,start       ] GC(504) Pause Young (Allocation Failure)
[60.210s][info][gc,heap        ] GC(504) DefNew: 280835K(314560K)->1215K(314560K) Eden: 279616K(279616K)->0K(279616K) From: 1219K(34944K)->1215K(34944K)
[60.210s][info][gc,heap        ] GC(504) Tenured: 38234K(699072K)->38236K(699072K)
[60.210s][info][gc,metaspace   ] GC(504) Metaspace: 71936K(72704K)->71936K(72704K) NonClass: 57359K(57600K)->57359K(57600K) Class: 14577K(15104K)->14577K(15104K)
[60.210s][info][gc             ] GC(504) Pause Young (Allocation Failure) 311M->38M(989M) 3.844ms
[60.210s][info][gc,cpu         ] GC(504) User=0.00s Sys=0.00s Real=0.00s
[60.472s][info][gc,start       ] GC(505) Pause Young (Allocation Failure)
[60.477s][info][gc,heap        ] GC(505) DefNew: 280831K(314560K)->1213K(314560K) Eden: 279616K(279616K)->0K(279616K) From: 1215K(34944K)->1213K(34944K)
[60.477s][info][gc,heap        ] GC(505) Tenured: 38236K(699072K)->38259K(699072K)
[60.477s][info][gc,metaspace   ] GC(505) Metaspace: 71936K(72704K)->71936K(72704K) NonClass: 57359K(57600K)->57359K(57600K) Class: 14577K(15104K)->14577K(15104K)
[60.477s][info][gc             ] GC(505) Pause Young (Allocation Failure) 311M->38M(989M) 5.240ms
[60.477s][info][gc,cpu         ] GC(505) User=0.00s Sys=0.00s Real=0.00s
[60.739s][info][gc,start       ] GC(506) Pause Young (Allocation Failure)
[60.744s][info][gc,heap        ] GC(506) DefNew: 280829K(314560K)->1140K(314560K) Eden: 279616K(279616K)->0K(279616K) From: 1213K(34944K)->1140K(34944K)
[60.744s][info][gc,heap        ] GC(506) Tenured: 38259K(699072K)->38311K(699072K)
[60.744s][info][gc,metaspace   ] GC(506) Metaspace: 71936K(72704K)->71936K(72704K) NonClass: 57359K(57600K)->57359K(57600K) Class: 14577K(15104K)->14577K(15104K)
[60.744s][info][gc             ] GC(506) Pause Young (Allocation Failure) 311M->38M(989M) 4.877ms
[60.744s][info][gc,cpu         ] GC(506) User=0.00s Sys=0.00s Real=0.00s
[61.003s][info][gc,start       ] GC(507) Pause Young (Allocation Failure)
[61.009s][info][gc,heap        ] GC(507) DefNew: 280756K(314560K)->1154K(314560K) Eden: 279616K(279616K)->0K(279616K) From: 1140K(34944K)->1154K(34944K)
[61.009s][info][gc,heap        ] GC(507) Tenured: 38311K(699072K)->38311K(699072K)
[61.009s][info][gc,metaspace   ] GC(507) Metaspace: 71936K(72704K)->71936K(72704K) NonClass: 57359K(57600K)->57359K(57600K) Class: 14577K(15104K)->14577K(15104K)
[61.009s][info][gc             ] GC(507) Pause Young (Allocation Failure) 311M->38M(989M) 6.337ms
[61.009s][info][gc,cpu         ] GC(507) User=0.02s Sys=0.00s Real=0.01s
[61.330s][info][gc,start       ] GC(508) Pause Full (System.gc())
[61.330s][info][gc,phases,start] GC(508) Phase 1: Mark live objects
[61.381s][info][gc,phases      ] GC(508) Phase 1: Mark live objects 50.741ms
[61.381s][info][gc,phases,start] GC(508) Phase 2: Compute new object addresses
[61.455s][info][gc,phases      ] GC(508) Phase 2: Compute new object addresses 73.706ms
[61.455s][info][gc,phases,start] GC(508) Phase 3: Adjust pointers
[61.479s][info][gc,phases      ] GC(508) Phase 3: Adjust pointers 24.103ms
[61.479s][info][gc,phases,start] GC(508) Phase 4: Move objects
[61.480s][info][gc,phases      ] GC(508) Phase 4: Move objects 0.980ms
[61.480s][info][gc,heap        ] GC(508) DefNew: 204229K(314560K)->0K(314560K) Eden: 203074K(279616K)->0K(279616K) From: 1154K(34944K)->0K(34944K)
[61.480s][info][gc,heap        ] GC(508) Tenured: 38311K(699072K)->39514K(699072K)
[61.480s][info][gc,metaspace   ] GC(508) Metaspace: 71941K(72704K)->71941K(72704K) NonClass: 57363K(57600K)->57363K(57600K) Class: 14577K(15104K)->14577K(15104K)
[61.480s][info][gc             ] GC(508) Pause Full (System.gc()) 236M->38M(989M) 150.270ms
[61.481s][info][gc,cpu         ] GC(508) User=0.14s Sys=0.00s Real=0.14s
[61.577s][info][gc,start       ] GC(509) Pause Young (Allocation Failure)
[61.592s][info][gc,heap        ] GC(509) DefNew: 279616K(314560K)->3510K(314560K) Eden: 279616K(279616K)->0K(279616K) From: 0K(34944K)->3510K(34944K)
[61.592s][info][gc,heap        ] GC(509) Tenured: 39514K(699072K)->39514K(699072K)
[61.592s][info][gc,metaspace   ] GC(509) Metaspace: 71988K(72704K)->71988K(72704K) NonClass: 57410K(57600K)->57410K(57600K) Class: 14577K(15104K)->14577K(15104K)
[61.592s][info][gc             ] GC(509) Pause Young (Allocation Failure) 311M->42M(989M) 15.023ms
[61.592s][info][gc,cpu         ] GC(509) User=0.02s Sys=0.00s Real=0.02s
[61.664s][info][gc,start       ] GC(510) Pause Young (Allocation Failure)
[61.677s][info][gc,heap        ] GC(510) DefNew: 283126K(314560K)->3596K(314560K) Eden: 279616K(279616K)->0K(279616K) From: 3510K(34944K)->3596K(34944K)
[61.677s][info][gc,heap        ] GC(510) Tenured: 39514K(699072K)->39514K(699072K)
[61.677s][info][gc,metaspace   ] GC(510) Metaspace: 71988K(72704K)->71988K(72704K) NonClass: 57410K(57600K)->57410K(57600K) Class: 14577K(15104K)->14577K(15104K)
[61.677s][info][gc             ] GC(510) Pause Young (Allocation Failure) 315M->42M(989M) 12.599ms
[61.677s][info][gc,cpu         ] GC(510) User=0.00s Sys=0.00s Real=0.01s
[61.748s][info][gc,start       ] GC(511) Pause Young (Allocation Failure)
[61.761s][info][gc,heap        ] GC(511) DefNew: 283212K(314560K)->3545K(314560K) Eden: 279616K(279616K)->0K(279616K) From: 3596K(34944K)->3545K(34944K)
[61.761s][info][gc,heap        ] GC(511) Tenured: 39514K(699072K)->39514K(699072K)
[61.761s][info][gc,metaspace   ] GC(511) Metaspace: 71988K(72704K)->71988K(72704K) NonClass: 57410K(57600K)->57410K(57600K) Class: 14577K(15104K)->14577K(15104K)
[61.761s][info][gc             ] GC(511) Pause Young (Allocation Failure) 315M->42M(989M) 12.484ms
[61.761s][info][gc,cpu         ] GC(511) User=0.00s Sys=0.00s Real=0.00s
[61.833s][info][gc,start       ] GC(512) Pause Young (Allocation Failure)
[61.846s][info][gc,heap        ] GC(512) DefNew: 283161K(314560K)->3623K(314560K) Eden: 279616K(279616K)->0K(279616K) From: 3545K(34944K)->3623K(34944K)
[61.846s][info][gc,heap        ] GC(512) Tenured: 39514K(699072K)->39514K(699072K)
[61.846s][info][gc,metaspace   ] GC(512) Metaspace: 71988K(72704K)->71988K(72704K) NonClass: 57410K(57600K)->57410K(57600K) Class: 14577K(15104K)->14577K(15104K)
[61.846s][info][gc             ] GC(512) Pause Young (Allocation Failure) 315M->42M(989M) 12.687ms
[61.846s][info][gc,cpu         ] GC(512) User=0.00s Sys=0.00s Real=0.00s
[61.918s][info][gc,start       ] GC(513) Pause Young (Allocation Failure)
[61.931s][info][gc,heap        ] GC(513) DefNew: 283239K(314560K)->3569K(314560K) Eden: 279616K(279616K)->0K(279616K) From: 3623K(34944K)->3569K(34944K)
[61.931s][info][gc,heap        ] GC(513) Tenured: 39514K(699072K)->39514K(699072K)
[61.931s][info][gc,metaspace   ] GC(513) Metaspace: 71988K(72704K)->71988K(72704K) NonClass: 57410K(57600K)->57410K(57600K) Class: 14577K(15104K)->14577K(15104K)
[61.931s][info][gc             ] GC(513) Pause Young (Allocation Failure) 315M->42M(989M) 12.893ms
[61.931s][info][gc,cpu         ] GC(513) User=0.02s Sys=0.00s Real=0.01s
[62.003s][info][gc,start       ] GC(514) Pause Young (Allocation Failure)
[62.016s][info][gc,heap        ] GC(514) DefNew: 283185K(314560K)->3616K(314560K) Eden: 279616K(279616K)->0K(279616K) From: 3569K(34944K)->3616K(34944K)
[62.016s][info][gc,heap        ] GC(514) Tenured: 39514K(699072K)->39514K(699072K)
[62.016s][info][gc,metaspace   ] GC(514) Metaspace: 71988K(72704K)->71988K(72704K) NonClass: 57410K(57600K)->57410K(57600K) Class: 14577K(15104K)->14577K(15104K)
[62.016s][info][gc             ] GC(514) Pause Young (Allocation Failure) 315M->42M(989M) 12.650ms
[62.016s][info][gc,cpu         ] GC(514) User=0.00s Sys=0.00s Real=0.00s
[62.088s][info][gc,start       ] GC(515) Pause Young (Allocation Failure)
[62.101s][info][gc,heap        ] GC(515) DefNew: 283232K(314560K)->3576K(314560K) Eden: 279616K(279616K)->0K(279616K) From: 3616K(34944K)->3576K(34944K)
[62.101s][info][gc,heap        ] GC(515) Tenured: 39514K(699072K)->39514K(699072K)
[62.101s][info][gc,metaspace   ] GC(515) Metaspace: 71988K(72704K)->71988K(72704K) NonClass: 57410K(57600K)->57410K(57600K) Class: 14577K(15104K)->14577K(15104K)
[62.101s][info][gc             ] GC(515) Pause Young (Allocation Failure) 315M->42M(989M) 12.681ms
[62.101s][info][gc,cpu         ] GC(515) User=0.00s Sys=0.00s Real=0.00s
[62.173s][info][gc,start       ] GC(516) Pause Young (Allocation Failure)
[62.185s][info][gc,heap        ] GC(516) DefNew: 283192K(314560K)->3587K(314560K) Eden: 279616K(279616K)->0K(279616K) From: 3576K(34944K)->3587K(34944K)
[62.185s][info][gc,heap        ] GC(516) Tenured: 39514K(699072K)->39514K(699072K)
[62.185s][info][gc,metaspace   ] GC(516) Metaspace: 71988K(72704K)->71988K(72704K) NonClass: 57410K(57600K)->57410K(57600K) Class: 14577K(15104K)->14577K(15104K)
[62.185s][info][gc             ] GC(516) Pause Young (Allocation Failure) 315M->42M(989M) 12.609ms
[62.185s][info][gc,cpu         ] GC(516) User=0.00s Sys=0.00s Real=0.00s
[62.257s][info][gc,start       ] GC(517) Pause Young (Allocation Failure)
[62.269s][info][gc,heap        ] GC(517) DefNew: 283203K(314560K)->3519K(314560K) Eden: 279615K(279616K)->0K(279616K) From: 3587K(34944K)->3519K(34944K)
[62.269s][info][gc,heap        ] GC(517) Tenured: 39514K(699072K)->39514K(699072K)
[62.269s][info][gc,metaspace   ] GC(517) Metaspace: 71988K(72704K)->71988K(72704K) NonClass: 57410K(57600K)->57410K(57600K) Class: 14577K(15104K)->14577K(15104K)
[62.269s][info][gc             ] GC(517) Pause Young (Allocation Failure) 315M->42M(989M) 11.890ms
[62.269s][info][gc,cpu         ] GC(517) User=0.00s Sys=0.00s Real=0.00s
[62.341s][info][gc,start       ] GC(518) Pause Young (Allocation Failure)
[62.353s][info][gc,heap        ] GC(518) DefNew: 283135K(314560K)->3529K(314560K) Eden: 279616K(279616K)->0K(279616K) From: 3519K(34944K)->3529K(34944K)
[62.353s][info][gc,heap        ] GC(518) Tenured: 39514K(699072K)->39514K(699072K)
[62.353s][info][gc,metaspace   ] GC(518) Metaspace: 71988K(72704K)->71988K(72704K) NonClass: 57410K(57600K)->57410K(57600K) Class: 14577K(15104K)->14577K(15104K)
[62.353s][info][gc             ] GC(518) Pause Young (Allocation Failure) 315M->42M(989M) 12.373ms
[62.353s][info][gc,cpu         ] GC(518) User=0.00s Sys=0.00s Real=0.00s
[62.425s][info][gc,start       ] GC(519) Pause Young (Allocation Failure)
[62.437s][info][gc,heap        ] GC(519) DefNew: 283145K(314560K)->3478K(314560K) Eden: 279616K(279616K)->0K(279616K) From: 3529K(34944K)->3478K(34944K)
[62.437s][info][gc,heap        ] GC(519) Tenured: 39514K(699072K)->39514K(699072K)
[62.437s][info][gc,metaspace   ] GC(519) Metaspace: 71988K(72704K)->71988K(72704K) NonClass: 57410K(57600K)->57410K(57600K) Class: 14577K(15104K)->14577K(15104K)
[62.437s][info][gc             ] GC(519) Pause Young (Allocation Failure) 315M->41M(989M) 12.124ms
[62.437s][info][gc,cpu         ] GC(519) User=0.00s Sys=0.00s Real=0.00s
[62.509s][info][gc,start       ] GC(520) Pause Young (Allocation Failure)
[62.521s][info][gc,heap        ] GC(520) DefNew: 283094K(314560K)->3461K(314560K) Eden: 279616K(279616K)->0K(279616K) From: 3478K(34944K)->3461K(34944K)
[62.521s][info][gc,heap        ] GC(520) Tenured: 39514K(699072K)->39514K(699072K)
[62.521s][info][gc,metaspace   ] GC(520) Metaspace: 71988K(72704K)->71988K(72704K) NonClass: 57410K(57600K)->57410K(57600K) Class: 14577K(15104K)->14577K(15104K)
[62.521s][info][gc             ] GC(520) Pause Young (Allocation Failure) 315M->41M(989M) 11.910ms
[62.521s][info][gc,cpu         ] GC(520) User=0.00s Sys=0.00s Real=0.00s
[62.592s][info][gc,start       ] GC(521) Pause Young (Allocation Failure)
[62.604s][info][gc,heap        ] GC(521) DefNew: 283077K(314560K)->3569K(314560K) Eden: 279616K(279616K)->0K(279616K) From: 3461K(34944K)->3569K(34944K)
[62.604s][info][gc,heap        ] GC(521) Tenured: 39514K(699072K)->39514K(699072K)
[62.604s][info][gc,metaspace   ] GC(521) Metaspace: 71988K(72704K)->71988K(72704K) NonClass: 57410K(57600K)->57410K(57600K) Class: 14577K(15104K)->14577K(15104K)
[62.604s][info][gc             ] GC(521) Pause Young (Allocation Failure) 315M->42M(989M) 12.223ms
[62.604s][info][gc,cpu         ] GC(521) User=0.00s Sys=0.00s Real=0.00s
[62.676s][info][gc,start       ] GC(522) Pause Young (Allocation Failure)
[62.690s][info][gc,heap        ] GC(522) DefNew: 283185K(314560K)->3577K(314560K) Eden: 279616K(279616K)->0K(279616K) From: 3569K(34944K)->3577K(34944K)
[62.690s][info][gc,heap        ] GC(522) Tenured: 39514K(699072K)->39514K(699072K)
[62.690s][info][gc,metaspace   ] GC(522) Metaspace: 71988K(72704K)->71988K(72704K) NonClass: 57410K(57600K)->57410K(57600K) Class: 14577K(15104K)->14577K(15104K)
[62.690s][info][gc             ] GC(522) Pause Young (Allocation Failure) 315M->42M(989M) 13.839ms
[62.690s][info][gc,cpu         ] GC(522) User=0.02s Sys=0.00s Real=0.01s
[62.762s][info][gc,start       ] GC(523) Pause Young (Allocation Failure)
[62.775s][info][gc,heap        ] GC(523) DefNew: 283193K(314560K)->3507K(314560K) Eden: 279616K(279616K)->0K(279616K) From: 3577K(34944K)->3507K(34944K)
[62.775s][info][gc,heap        ] GC(523) Tenured: 39514K(699072K)->39514K(699072K)
[62.775s][info][gc,metaspace   ] GC(523) Metaspace: 71988K(72704K)->71988K(72704K) NonClass: 57410K(57600K)->57410K(57600K) Class: 14577K(15104K)->14577K(15104K)
[62.775s][info][gc             ] GC(523) Pause Young (Allocation Failure) 315M->42M(989M) 12.589ms
[62.775s][info][gc,cpu         ] GC(523) User=0.00s Sys=0.00s Real=0.00s
[62.847s][info][gc,start       ] GC(524) Pause Young (Allocation Failure)
[62.861s][info][gc,heap        ] GC(524) DefNew: 283123K(314560K)->1428K(314560K) Eden: 279616K(279616K)->0K(279616K) From: 3507K(34944K)->1428K(34944K)
[62.861s][info][gc,heap        ] GC(524) Tenured: 39514K(699072K)->41598K(699072K)
[62.861s][info][gc,metaspace   ] GC(524) Metaspace: 71988K(72704K)->71988K(72704K) NonClass: 57410K(57600K)->57410K(57600K) Class: 14577K(15104K)->14577K(15104K)
[62.861s][info][gc             ] GC(524) Pause Young (Allocation Failure) 315M->42M(989M) 13.543ms
[62.861s][info][gc,cpu         ] GC(524) User=0.00s Sys=0.00s Real=0.00s
[62.933s][info][gc,start       ] GC(525) Pause Young (Allocation Failure)
[62.942s][info][gc,heap        ] GC(525) DefNew: 281044K(314560K)->1390K(314560K) Eden: 279616K(279616K)->0K(279616K) From: 1428K(34944K)->1390K(34944K)
[62.942s][info][gc,heap        ] GC(525) Tenured: 41598K(699072K)->41602K(699072K)
[62.942s][info][gc,metaspace   ] GC(525) Metaspace: 71988K(72704K)->71988K(72704K) NonClass: 57410K(57600K)->57410K(57600K) Class: 14577K(15104K)->14577K(15104K)
[62.942s][info][gc             ] GC(525) Pause Young (Allocation Failure) 315M->41M(989M) 8.325ms
[62.942s][info][gc,cpu         ] GC(525) User=0.00s Sys=0.00s Real=0.00s
[63.012s][info][gc,start       ] GC(526) Pause Young (Allocation Failure)
[63.021s][info][gc,heap        ] GC(526) DefNew: 281006K(314560K)->1427K(314560K) Eden: 279616K(279616K)->0K(279616K) From: 1390K(34944K)->1427K(34944K)
[63.021s][info][gc,heap        ] GC(526) Tenured: 41602K(699072K)->41602K(699072K)
[63.021s][info][gc,metaspace   ] GC(526) Metaspace: 71988K(72704K)->71988K(72704K) NonClass: 57410K(57600K)->57410K(57600K) Class: 14577K(15104K)->14577K(15104K)
[63.021s][info][gc             ] GC(526) Pause Young (Allocation Failure) 315M->42M(989M) 8.522ms
[63.021s][info][gc,cpu         ] GC(526) User=0.00s Sys=0.00s Real=0.00s
[63.092s][info][gc,start       ] GC(527) Pause Young (Allocation Failure)
[63.100s][info][gc,heap        ] GC(527) DefNew: 281043K(314560K)->1474K(314560K) Eden: 279616K(279616K)->0K(279616K) From: 1427K(34944K)->1474K(34944K)
[63.100s][info][gc,heap        ] GC(527) Tenured: 41602K(699072K)->41602K(699072K)
[63.100s][info][gc,metaspace   ] GC(527) Metaspace: 71988K(72704K)->71988K(72704K) NonClass: 57410K(57600K)->57410K(57600K) Class: 14577K(15104K)->14577K(15104K)
[63.100s][info][gc             ] GC(527) Pause Young (Allocation Failure) 315M->42M(989M) 8.552ms
[63.100s][info][gc,cpu         ] GC(527) User=0.00s Sys=0.00s Real=0.00s
[63.172s][info][gc,start       ] GC(528) Pause Young (Allocation Failure)
[63.181s][info][gc,heap        ] GC(528) DefNew: 281090K(314560K)->1503K(314560K) Eden: 279616K(279616K)->0K(279616K) From: 1474K(34944K)->1503K(34944K)
[63.181s][info][gc,heap        ] GC(528) Tenured: 41602K(699072K)->41619K(699072K)
[63.181s][info][gc,metaspace   ] GC(528) Metaspace: 71992K(72704K)->71992K(72704K) NonClass: 57414K(57600K)->57414K(57600K) Class: 14577K(15104K)->14577K(15104K)
[63.181s][info][gc             ] GC(528) Pause Young (Allocation Failure) 315M->42M(989M) 8.775ms
[63.181s][info][gc,cpu         ] GC(528) User=0.00s Sys=0.00s Real=0.00s
[63.252s][info][gc,start       ] GC(529) Pause Young (Allocation Failure)
[63.261s][info][gc,heap        ] GC(529) DefNew: 281119K(314560K)->1507K(314560K) Eden: 279616K(279616K)->0K(279616K) From: 1503K(34944K)->1507K(34944K)
[63.261s][info][gc,heap        ] GC(529) Tenured: 41619K(699072K)->41619K(699072K)
[63.261s][info][gc,metaspace   ] GC(529) Metaspace: 71992K(72704K)->71992K(72704K) NonClass: 57414K(57600K)->57414K(57600K) Class: 14577K(15104K)->14577K(15104K)
[63.261s][info][gc             ] GC(529) Pause Young (Allocation Failure) 315M->42M(989M) 8.703ms
[63.261s][info][gc,cpu         ] GC(529) User=0.00s Sys=0.00s Real=0.00s
[63.332s][info][gc,start       ] GC(530) Pause Young (Allocation Failure)
[63.341s][info][gc,heap        ] GC(530) DefNew: 281123K(314560K)->1554K(314560K) Eden: 279616K(279616K)->0K(279616K) From: 1507K(34944K)->1554K(34944K)
[63.341s][info][gc,heap        ] GC(530) Tenured: 41619K(699072K)->41619K(699072K)
[63.341s][info][gc,metaspace   ] GC(530) Metaspace: 71992K(72704K)->71992K(72704K) NonClass: 57414K(57600K)->57414K(57600K) Class: 14577K(15104K)->14577K(15104K)
[63.341s][info][gc             ] GC(530) Pause Young (Allocation Failure) 315M->42M(989M) 8.768ms
[63.341s][info][gc,cpu         ] GC(530) User=0.00s Sys=0.00s Real=0.00s
[63.413s][info][gc,start       ] GC(531) Pause Young (Allocation Failure)
[63.421s][info][gc,heap        ] GC(531) DefNew: 281170K(314560K)->1471K(314560K) Eden: 279616K(279616K)->0K(279616K) From: 1554K(34944K)->1471K(34944K)
[63.421s][info][gc,heap        ] GC(531) Tenured: 41619K(699072K)->41619K(699072K)
[63.421s][info][gc,metaspace   ] GC(531) Metaspace: 71992K(72704K)->71992K(72704K) NonClass: 57414K(57600K)->57414K(57600K) Class: 14577K(15104K)->14577K(15104K)
[63.421s][info][gc             ] GC(531) Pause Young (Allocation Failure) 315M->42M(989M) 8.464ms
[63.421s][info][gc,cpu         ] GC(531) User=0.00s Sys=0.00s Real=0.00s
[63.492s][info][gc,start       ] GC(532) Pause Young (Allocation Failure)
[63.500s][info][gc,heap        ] GC(532) DefNew: 281087K(314560K)->1493K(314560K) Eden: 279616K(279616K)->0K(279616K) From: 1471K(34944K)->1493K(34944K)
[63.500s][info][gc,heap        ] GC(532) Tenured: 41619K(699072K)->41619K(699072K)
[63.501s][info][gc,metaspace   ] GC(532) Metaspace: 71992K(72704K)->71992K(72704K) NonClass: 57414K(57600K)->57414K(57600K) Class: 14577K(15104K)->14577K(15104K)
[63.501s][info][gc             ] GC(532) Pause Young (Allocation Failure) 315M->42M(989M) 8.540ms
[63.501s][info][gc,cpu         ] GC(532) User=0.00s Sys=0.00s Real=0.01s
[63.571s][info][gc,start       ] GC(533) Pause Young (Allocation Failure)
[63.580s][info][gc,heap        ] GC(533) DefNew: 281109K(314560K)->1419K(314560K) Eden: 279616K(279616K)->0K(279616K) From: 1493K(34944K)->1419K(34944K)
[63.580s][info][gc,heap        ] GC(533) Tenured: 41619K(699072K)->41619K(699072K)
[63.580s][info][gc,metaspace   ] GC(533) Metaspace: 71992K(72704K)->71992K(72704K) NonClass: 57414K(57600K)->57414K(57600K) Class: 14577K(15104K)->14577K(15104K)
[63.580s][info][gc             ] GC(533) Pause Young (Allocation Failure) 315M->42M(989M) 8.243ms
[63.580s][info][gc,cpu         ] GC(533) User=0.00s Sys=0.00s Real=0.00s
[63.651s][info][gc,start       ] GC(534) Pause Young (Allocation Failure)
[63.659s][info][gc,heap        ] GC(534) DefNew: 281035K(314560K)->1431K(314560K) Eden: 279616K(279616K)->0K(279616K) From: 1419K(34944K)->1431K(34944K)
[63.659s][info][gc,heap        ] GC(534) Tenured: 41619K(699072K)->41619K(699072K)
[63.659s][info][gc,metaspace   ] GC(534) Metaspace: 71992K(72704K)->71992K(72704K) NonClass: 57414K(57600K)->57414K(57600K) Class: 14577K(15104K)->14577K(15104K)
[63.659s][info][gc             ] GC(534) Pause Young (Allocation Failure) 315M->42M(989M) 8.259ms
[63.659s][info][gc,cpu         ] GC(534) User=0.00s Sys=0.00s Real=0.00s
[63.730s][info][gc,start       ] GC(535) Pause Young (Allocation Failure)
[63.738s][info][gc,heap        ] GC(535) DefNew: 281047K(314560K)->1443K(314560K) Eden: 279616K(279616K)->0K(279616K) From: 1431K(34944K)->1443K(34944K)
[63.738s][info][gc,heap        ] GC(535) Tenured: 41619K(699072K)->41619K(699072K)
[63.738s][info][gc,metaspace   ] GC(535) Metaspace: 71992K(72704K)->71992K(72704K) NonClass: 57414K(57600K)->57414K(57600K) Class: 14577K(15104K)->14577K(15104K)
[63.738s][info][gc             ] GC(535) Pause Young (Allocation Failure) 315M->42M(989M) 8.409ms
[63.738s][info][gc,cpu         ] GC(535) User=0.00s Sys=0.00s Real=0.00s
[63.810s][info][gc,start       ] GC(536) Pause Young (Allocation Failure)
[63.818s][info][gc,heap        ] GC(536) DefNew: 281059K(314560K)->1449K(314560K) Eden: 279616K(279616K)->0K(279616K) From: 1443K(34944K)->1449K(34944K)
[63.818s][info][gc,heap        ] GC(536) Tenured: 41619K(699072K)->41619K(699072K)
[63.818s][info][gc,metaspace   ] GC(536) Metaspace: 71992K(72704K)->71992K(72704K) NonClass: 57414K(57600K)->57414K(57600K) Class: 14577K(15104K)->14577K(15104K)
[63.818s][info][gc             ] GC(536) Pause Young (Allocation Failure) 315M->42M(989M) 8.321ms
[63.818s][info][gc,cpu         ] GC(536) User=0.00s Sys=0.00s Real=0.00s
[63.889s][info][gc,start       ] GC(537) Pause Young (Allocation Failure)
[63.899s][info][gc,heap        ] GC(537) DefNew: 281065K(314560K)->1493K(314560K) Eden: 279616K(279616K)->0K(279616K) From: 1449K(34944K)->1493K(34944K)
[63.899s][info][gc,heap        ] GC(537) Tenured: 41619K(699072K)->41619K(699072K)
[63.899s][info][gc,metaspace   ] GC(537) Metaspace: 71992K(72704K)->71992K(72704K) NonClass: 57414K(57600K)->57414K(57600K) Class: 14577K(15104K)->14577K(15104K)
[63.899s][info][gc             ] GC(537) Pause Young (Allocation Failure) 315M->42M(989M) 9.470ms
[63.899s][info][gc,cpu         ] GC(537) User=0.00s Sys=0.00s Real=0.00s
[63.970s][info][gc,start       ] GC(538) Pause Young (Allocation Failure)
[63.979s][info][gc,heap        ] GC(538) DefNew: 281109K(314560K)->1461K(314560K) Eden: 279616K(279616K)->0K(279616K) From: 1493K(34944K)->1461K(34944K)
[63.979s][info][gc,heap        ] GC(538) Tenured: 41619K(699072K)->41619K(699072K)
[63.979s][info][gc,metaspace   ] GC(538) Metaspace: 71992K(72704K)->71992K(72704K) NonClass: 57414K(57600K)->57414K(57600K) Class: 14577K(15104K)->14577K(15104K)
[63.979s][info][gc             ] GC(538) Pause Young (Allocation Failure) 315M->42M(989M) 9.021ms
[63.979s][info][gc,cpu         ] GC(538) User=0.00s Sys=0.00s Real=0.00s
[64.051s][info][gc,start       ] GC(539) Pause Young (Allocation Failure)
[64.059s][info][gc,heap        ] GC(539) DefNew: 281077K(314560K)->1544K(314560K) Eden: 279616K(279616K)->0K(279616K) From: 1461K(34944K)->1544K(34944K)
[64.059s][info][gc,heap        ] GC(539) Tenured: 41619K(699072K)->41636K(699072K)
[64.059s][info][gc,metaspace   ] GC(539) Metaspace: 71992K(72704K)->71992K(72704K) NonClass: 57414K(57600K)->57414K(57600K) Class: 14577K(15104K)->14577K(15104K)
[64.059s][info][gc             ] GC(539) Pause Young (Allocation Failure) 315M->42M(989M) 8.825ms
[64.060s][info][gc,cpu         ] GC(539) User=0.00s Sys=0.00s Real=0.00s
[64.131s][info][gc,start       ] GC(540) Pause Young (Allocation Failure)
[64.139s][info][gc,heap        ] GC(540) DefNew: 281160K(314560K)->1468K(314560K) Eden: 279616K(279616K)->0K(279616K) From: 1544K(34944K)->1468K(34944K)
[64.139s][info][gc,heap        ] GC(540) Tenured: 41636K(699072K)->41636K(699072K)
[64.139s][info][gc,metaspace   ] GC(540) Metaspace: 71992K(72704K)->71992K(72704K) NonClass: 57414K(57600K)->57414K(57600K) Class: 14577K(15104K)->14577K(15104K)
[64.139s][info][gc             ] GC(540) Pause Young (Allocation Failure) 315M->42M(989M) 8.565ms
[64.139s][info][gc,cpu         ] GC(540) User=0.00s Sys=0.00s Real=0.00s
[64.211s][info][gc,start       ] GC(541) Pause Young (Allocation Failure)
[64.219s][info][gc,heap        ] GC(541) DefNew: 281084K(314560K)->1454K(314560K) Eden: 279616K(279616K)->0K(279616K) From: 1468K(34944K)->1454K(34944K)
[64.219s][info][gc,heap        ] GC(541) Tenured: 41636K(699072K)->41636K(699072K)
[64.219s][info][gc,metaspace   ] GC(541) Metaspace: 71992K(72704K)->71992K(72704K) NonClass: 57414K(57600K)->57414K(57600K) Class: 14577K(15104K)->14577K(15104K)
[64.219s][info][gc             ] GC(541) Pause Young (Allocation Failure) 315M->42M(989M) 8.452ms
[64.219s][info][gc,cpu         ] GC(541) User=0.00s Sys=0.00s Real=0.00s
[64.290s][info][gc,start       ] GC(542) Pause Young (Allocation Failure)
[64.298s][info][gc,heap        ] GC(542) DefNew: 281070K(314560K)->1454K(314560K) Eden: 279616K(279616K)->0K(279616K) From: 1454K(34944K)->1454K(34944K)
[64.298s][info][gc,heap        ] GC(542) Tenured: 41636K(699072K)->41636K(699072K)
[64.299s][info][gc,metaspace   ] GC(542) Metaspace: 71992K(72704K)->71992K(72704K) NonClass: 57414K(57600K)->57414K(57600K) Class: 14577K(15104K)->14577K(15104K)
[64.299s][info][gc             ] GC(542) Pause Young (Allocation Failure) 315M->42M(989M) 8.447ms
[64.299s][info][gc,cpu         ] GC(542) User=0.00s Sys=0.00s Real=0.00s
[64.369s][info][gc,start       ] GC(543) Pause Young (Allocation Failure)
[64.377s][info][gc,heap        ] GC(543) DefNew: 281070K(314560K)->1400K(314560K) Eden: 279616K(279616K)->0K(279616K) From: 1454K(34944K)->1400K(34944K)
[64.377s][info][gc,heap        ] GC(543) Tenured: 41636K(699072K)->41678K(699072K)
[64.378s][info][gc,metaspace   ] GC(543) Metaspace: 71992K(72704K)->71992K(72704K) NonClass: 57414K(57600K)->57414K(57600K) Class: 14577K(15104K)->14577K(15104K)
[64.378s][info][gc             ] GC(543) Pause Young (Allocation Failure) 315M->42M(989M) 8.336ms
[64.378s][info][gc,cpu         ] GC(543) User=0.00s Sys=0.00s Real=0.00s
[64.449s][info][gc,start       ] GC(544) Pause Young (Allocation Failure)
[64.457s][info][gc,heap        ] GC(544) DefNew: 281016K(314560K)->1465K(314560K) Eden: 279616K(279616K)->0K(279616K) From: 1400K(34944K)->1465K(34944K)
[64.457s][info][gc,heap        ] GC(544) Tenured: 41678K(699072K)->41678K(699072K)
[64.457s][info][gc,metaspace   ] GC(544) Metaspace: 71992K(72704K)->71992K(72704K) NonClass: 57414K(57600K)->57414K(57600K) Class: 14577K(15104K)->14577K(15104K)
[64.457s][info][gc             ] GC(544) Pause Young (Allocation Failure) 315M->42M(989M) 8.605ms
[64.457s][info][gc,cpu         ] GC(544) User=0.00s Sys=0.00s Real=0.00s
[64.528s][info][gc,start       ] GC(545) Pause Young (Allocation Failure)
[64.537s][info][gc,heap        ] GC(545) DefNew: 281081K(314560K)->1444K(314560K) Eden: 279616K(279616K)->0K(279616K) From: 1465K(34944K)->1444K(34944K)
[64.537s][info][gc,heap        ] GC(545) Tenured: 41678K(699072K)->41679K(699072K)
[64.537s][info][gc,metaspace   ] GC(545) Metaspace: 71992K(72704K)->71992K(72704K) NonClass: 57414K(57600K)->57414K(57600K) Class: 14577K(15104K)->14577K(15104K)
[64.537s][info][gc             ] GC(545) Pause Young (Allocation Failure) 315M->42M(989M) 8.484ms
[64.537s][info][gc,cpu         ] GC(545) User=0.00s Sys=0.00s Real=0.00s
[64.608s][info][gc,start       ] GC(546) Pause Young (Allocation Failure)
[64.616s][info][gc,heap        ] GC(546) DefNew: 281060K(314560K)->1416K(314560K) Eden: 279616K(279616K)->0K(279616K) From: 1444K(34944K)->1416K(34944K)
[64.616s][info][gc,heap        ] GC(546) Tenured: 41679K(699072K)->41679K(699072K)
[64.616s][info][gc,metaspace   ] GC(546) Metaspace: 71992K(72704K)->71992K(72704K) NonClass: 57414K(57600K)->57414K(57600K) Class: 14577K(15104K)->14577K(15104K)
[64.616s][info][gc             ] GC(546) Pause Young (Allocation Failure) 315M->42M(989M) 8.374ms
[64.616s][info][gc,cpu         ] GC(546) User=0.00s Sys=0.00s Real=0.00s
[64.687s][info][gc,start       ] GC(547) Pause Young (Allocation Failure)
[64.696s][info][gc,heap        ] GC(547) DefNew: 281032K(314560K)->1413K(314560K) Eden: 279616K(279616K)->0K(279616K) From: 1416K(34944K)->1413K(34944K)
[64.696s][info][gc,heap        ] GC(547) Tenured: 41679K(699072K)->41680K(699072K)
[64.696s][info][gc,metaspace   ] GC(547) Metaspace: 71992K(72704K)->71992K(72704K) NonClass: 57414K(57600K)->57414K(57600K) Class: 14577K(15104K)->14577K(15104K)
[64.696s][info][gc             ] GC(547) Pause Young (Allocation Failure) 315M->42M(989M) 9.247ms
[64.696s][info][gc,cpu         ] GC(547) User=0.00s Sys=0.00s Real=0.00s
[64.768s][info][gc,start       ] GC(548) Pause Young (Allocation Failure)
[64.777s][info][gc,heap        ] GC(548) DefNew: 281029K(314560K)->1433K(314560K) Eden: 279616K(279616K)->0K(279616K) From: 1413K(34944K)->1433K(34944K)
[64.777s][info][gc,heap        ] GC(548) Tenured: 41680K(699072K)->41680K(699072K)
[64.777s][info][gc,metaspace   ] GC(548) Metaspace: 71992K(72704K)->71992K(72704K) NonClass: 57414K(57600K)->57414K(57600K) Class: 14577K(15104K)->14577K(15104K)
[64.777s][info][gc             ] GC(548) Pause Young (Allocation Failure) 315M->42M(989M) 8.901ms
[64.777s][info][gc,cpu         ] GC(548) User=0.00s Sys=0.00s Real=0.00s
[64.848s][info][gc,start       ] GC(549) Pause Young (Allocation Failure)
[64.857s][info][gc,heap        ] GC(549) DefNew: 281049K(314560K)->1452K(314560K) Eden: 279616K(279616K)->0K(279616K) From: 1433K(34944K)->1452K(34944K)
[64.857s][info][gc,heap        ] GC(549) Tenured: 41680K(699072K)->41680K(699072K)
[64.857s][info][gc,metaspace   ] GC(549) Metaspace: 71992K(72704K)->71992K(72704K) NonClass: 57414K(57600K)->57414K(57600K) Class: 14577K(15104K)->14577K(15104K)
[64.857s][info][gc             ] GC(549) Pause Young (Allocation Failure) 315M->42M(989M) 9.426ms
[64.857s][info][gc,cpu         ] GC(549) User=0.00s Sys=0.00s Real=0.00s
[64.929s][info][gc,start       ] GC(550) Pause Young (Allocation Failure)
[64.938s][info][gc,heap        ] GC(550) DefNew: 281068K(314560K)->1506K(314560K) Eden: 279616K(279616K)->0K(279616K) From: 1452K(34944K)->1506K(34944K)
[64.938s][info][gc,heap        ] GC(550) Tenured: 41680K(699072K)->41681K(699072K)
[64.938s][info][gc,metaspace   ] GC(550) Metaspace: 71992K(72704K)->71992K(72704K) NonClass: 57414K(57600K)->57414K(57600K) Class: 14577K(15104K)->14577K(15104K)
[64.938s][info][gc             ] GC(550) Pause Young (Allocation Failure) 315M->42M(989M) 9.143ms
[64.938s][info][gc,cpu         ] GC(550) User=0.00s Sys=0.00s Real=0.00s
[65.009s][info][gc,start       ] GC(551) Pause Young (Allocation Failure)
[65.018s][info][gc,heap        ] GC(551) DefNew: 281122K(314560K)->1518K(314560K) Eden: 279616K(279616K)->0K(279616K) From: 1506K(34944K)->1518K(34944K)
[65.018s][info][gc,heap        ] GC(551) Tenured: 41681K(699072K)->41681K(699072K)
[65.018s][info][gc,metaspace   ] GC(551) Metaspace: 71992K(72704K)->71992K(72704K) NonClass: 57414K(57600K)->57414K(57600K) Class: 14577K(15104K)->14577K(15104K)
[65.018s][info][gc             ] GC(551) Pause Young (Allocation Failure) 315M->42M(989M) 8.704ms
[65.018s][info][gc,cpu         ] GC(551) User=0.00s Sys=0.00s Real=0.00s
[65.089s][info][gc,start       ] GC(552) Pause Young (Allocation Failure)
[65.098s][info][gc,heap        ] GC(552) DefNew: 281134K(314560K)->1460K(314560K) Eden: 279616K(279616K)->0K(279616K) From: 1518K(34944K)->1460K(34944K)
[65.098s][info][gc,heap        ] GC(552) Tenured: 41681K(699072K)->41697K(699072K)
[65.098s][info][gc,metaspace   ] GC(552) Metaspace: 71992K(72704K)->71992K(72704K) NonClass: 57414K(57600K)->57414K(57600K) Class: 14577K(15104K)->14577K(15104K)
[65.098s][info][gc             ] GC(552) Pause Young (Allocation Failure) 315M->42M(989M) 8.706ms
[65.098s][info][gc,cpu         ] GC(552) User=0.00s Sys=0.00s Real=0.01s
[65.169s][info][gc,start       ] GC(553) Pause Young (Allocation Failure)
[65.177s][info][gc,heap        ] GC(553) DefNew: 281076K(314560K)->1413K(314560K) Eden: 279616K(279616K)->0K(279616K) From: 1460K(34944K)->1413K(34944K)
[65.177s][info][gc,heap        ] GC(553) Tenured: 41697K(699072K)->41697K(699072K)
[65.177s][info][gc,metaspace   ] GC(553) Metaspace: 71992K(72704K)->71992K(72704K) NonClass: 57414K(57600K)->57414K(57600K) Class: 14577K(15104K)->14577K(15104K)
[65.178s][info][gc             ] GC(553) Pause Young (Allocation Failure) 315M->42M(989M) 8.485ms
[65.178s][info][gc,cpu         ] GC(553) User=0.00s Sys=0.00s Real=0.00s
[65.249s][info][gc,start       ] GC(554) Pause Young (Allocation Failure)
[65.259s][info][gc,heap        ] GC(554) DefNew: 281029K(314560K)->1428K(314560K) Eden: 279616K(279616K)->0K(279616K) From: 1413K(34944K)->1428K(34944K)
[65.259s][info][gc,heap        ] GC(554) Tenured: 41697K(699072K)->41697K(699072K)
[65.259s][info][gc,metaspace   ] GC(554) Metaspace: 71992K(72704K)->71992K(72704K) NonClass: 57414K(57600K)->57414K(57600K) Class: 14577K(15104K)->14577K(15104K)
[65.259s][info][gc             ] GC(554) Pause Young (Allocation Failure) 315M->42M(989M) 9.437ms
[65.259s][info][gc,cpu         ] GC(554) User=0.00s Sys=0.00s Real=0.00s
[65.330s][info][gc,start       ] GC(555) Pause Young (Allocation Failure)
[65.339s][info][gc,heap        ] GC(555) DefNew: 281044K(314560K)->1404K(314560K) Eden: 279616K(279616K)->0K(279616K) From: 1428K(34944K)->1404K(34944K)
[65.339s][info][gc,heap        ] GC(555) Tenured: 41697K(699072K)->41697K(699072K)
[65.339s][info][gc,metaspace   ] GC(555) Metaspace: 71992K(72704K)->71992K(72704K) NonClass: 57414K(57600K)->57414K(57600K) Class: 14577K(15104K)->14577K(15104K)
[65.339s][info][gc             ] GC(555) Pause Young (Allocation Failure) 315M->42M(989M) 8.849ms
[65.339s][info][gc,cpu         ] GC(555) User=0.00s Sys=0.00s Real=0.00s
[65.411s][info][gc,start       ] GC(556) Pause Young (Allocation Failure)
[65.420s][info][gc,heap        ] GC(556) DefNew: 281020K(314560K)->1419K(314560K) Eden: 279616K(279616K)->0K(279616K) From: 1404K(34944K)->1419K(34944K)
[65.420s][info][gc,heap        ] GC(556) Tenured: 41697K(699072K)->41697K(699072K)
[65.420s][info][gc,metaspace   ] GC(556) Metaspace: 71992K(72704K)->71992K(72704K) NonClass: 57414K(57600K)->57414K(57600K) Class: 14577K(15104K)->14577K(15104K)
[65.420s][info][gc             ] GC(556) Pause Young (Allocation Failure) 315M->42M(989M) 9.372ms
[65.420s][info][gc,cpu         ] GC(556) User=0.00s Sys=0.00s Real=0.00s
[65.492s][info][gc,start       ] GC(557) Pause Young (Allocation Failure)
[65.501s][info][gc,heap        ] GC(557) DefNew: 281035K(314560K)->1446K(314560K) Eden: 279616K(279616K)->0K(279616K) From: 1419K(34944K)->1446K(34944K)
[65.501s][info][gc,heap        ] GC(557) Tenured: 41697K(699072K)->41697K(699072K)
[65.501s][info][gc,metaspace   ] GC(557) Metaspace: 71992K(72704K)->71992K(72704K) NonClass: 57414K(57600K)->57414K(57600K) Class: 14577K(15104K)->14577K(15104K)
[65.501s][info][gc             ] GC(557) Pause Young (Allocation Failure) 315M->42M(989M) 8.944ms
[65.501s][info][gc,cpu         ] GC(557) User=0.00s Sys=0.00s Real=0.00s
[65.572s][info][gc,start       ] GC(558) Pause Young (Allocation Failure)
[65.581s][info][gc,heap        ] GC(558) DefNew: 281062K(314560K)->1402K(314560K) Eden: 279616K(279616K)->0K(279616K) From: 1446K(34944K)->1402K(34944K)
[65.581s][info][gc,heap        ] GC(558) Tenured: 41697K(699072K)->41697K(699072K)
[65.581s][info][gc,metaspace   ] GC(558) Metaspace: 71992K(72704K)->71992K(72704K) NonClass: 57414K(57600K)->57414K(57600K) Class: 14577K(15104K)->14577K(15104K)
[65.581s][info][gc             ] GC(558) Pause Young (Allocation Failure) 315M->42M(989M) 8.447ms
[65.581s][info][gc,cpu         ] GC(558) User=0.00s Sys=0.00s Real=0.00s
[65.652s][info][gc,start       ] GC(559) Pause Young (Allocation Failure)
[65.660s][info][gc,heap        ] GC(559) DefNew: 281018K(314560K)->1430K(314560K) Eden: 279616K(279616K)->0K(279616K) From: 1402K(34944K)->1430K(34944K)
[65.660s][info][gc,heap        ] GC(559) Tenured: 41697K(699072K)->41697K(699072K)
[65.660s][info][gc,metaspace   ] GC(559) Metaspace: 71992K(72704K)->71992K(72704K) NonClass: 57414K(57600K)->57414K(57600K) Class: 14577K(15104K)->14577K(15104K)
[65.660s][info][gc             ] GC(559) Pause Young (Allocation Failure) 315M->42M(989M) 8.463ms
[65.660s][info][gc,cpu         ] GC(559) User=0.00s Sys=0.00s Real=0.00s
[65.732s][info][gc,start       ] GC(560) Pause Young (Allocation Failure)
[65.740s][info][gc,heap        ] GC(560) DefNew: 281046K(314560K)->1362K(314560K) Eden: 279616K(279616K)->0K(279616K) From: 1430K(34944K)->1362K(34944K)
[65.740s][info][gc,heap        ] GC(560) Tenured: 41697K(699072K)->41697K(699072K)
[65.740s][info][gc,metaspace   ] GC(560) Metaspace: 71992K(72704K)->71992K(72704K) NonClass: 57414K(57600K)->57414K(57600K) Class: 14577K(15104K)->14577K(15104K)
[65.740s][info][gc             ] GC(560) Pause Young (Allocation Failure) 315M->42M(989M) 8.160ms
[65.740s][info][gc,cpu         ] GC(560) User=0.00s Sys=0.00s Real=0.00s
[65.811s][info][gc,start       ] GC(561) Pause Young (Allocation Failure)
[65.820s][info][gc,heap        ] GC(561) DefNew: 280978K(314560K)->1432K(314560K) Eden: 279616K(279616K)->0K(279616K) From: 1362K(34944K)->1432K(34944K)
[65.820s][info][gc,heap        ] GC(561) Tenured: 41697K(699072K)->41697K(699072K)
[65.820s][info][gc,metaspace   ] GC(561) Metaspace: 71992K(72704K)->71992K(72704K) NonClass: 57414K(57600K)->57414K(57600K) Class: 14577K(15104K)->14577K(15104K)
[65.820s][info][gc             ] GC(561) Pause Young (Allocation Failure) 315M->42M(989M) 9.393ms
[65.820s][info][gc,cpu         ] GC(561) User=0.00s Sys=0.00s Real=0.00s
[65.893s][info][gc,start       ] GC(562) Pause Young (Allocation Failure)
[65.902s][info][gc,heap        ] GC(562) DefNew: 281048K(314560K)->1404K(314560K) Eden: 279616K(279616K)->0K(279616K) From: 1432K(34944K)->1404K(34944K)
[65.902s][info][gc,heap        ] GC(562) Tenured: 41697K(699072K)->41697K(699072K)
[65.902s][info][gc,metaspace   ] GC(562) Metaspace: 71992K(72704K)->71992K(72704K) NonClass: 57414K(57600K)->57414K(57600K) Class: 14577K(15104K)->14577K(15104K)
[65.902s][info][gc             ] GC(562) Pause Young (Allocation Failure) 315M->42M(989M) 9.019ms
[65.902s][info][gc,cpu         ] GC(562) User=0.00s Sys=0.00s Real=0.00s
[65.974s][info][gc,start       ] GC(563) Pause Young (Allocation Failure)
[65.982s][info][gc,heap        ] GC(563) DefNew: 281020K(314560K)->1441K(314560K) Eden: 279616K(279616K)->0K(279616K) From: 1404K(34944K)->1441K(34944K)
[65.982s][info][gc,heap        ] GC(563) Tenured: 41697K(699072K)->41697K(699072K)
[65.982s][info][gc,metaspace   ] GC(563) Metaspace: 71992K(72704K)->71992K(72704K) NonClass: 57414K(57600K)->57414K(57600K) Class: 14577K(15104K)->14577K(15104K)
[65.982s][info][gc             ] GC(563) Pause Young (Allocation Failure) 315M->42M(989M) 8.528ms
[65.982s][info][gc,cpu         ] GC(563) User=0.00s Sys=0.00s Real=0.00s
[66.053s][info][gc,start       ] GC(564) Pause Young (Allocation Failure)
[66.062s][info][gc,heap        ] GC(564) DefNew: 281057K(314560K)->1403K(314560K) Eden: 279616K(279616K)->0K(279616K) From: 1441K(34944K)->1403K(34944K)
[66.062s][info][gc,heap        ] GC(564) Tenured: 41697K(699072K)->41715K(699072K)
[66.062s][info][gc,metaspace   ] GC(564) Metaspace: 71992K(72704K)->71992K(72704K) NonClass: 57414K(57600K)->57414K(57600K) Class: 14577K(15104K)->14577K(15104K)
[66.062s][info][gc             ] GC(564) Pause Young (Allocation Failure) 315M->42M(989M) 8.410ms
[66.062s][info][gc,cpu         ] GC(564) User=0.02s Sys=0.00s Real=0.01s
[66.133s][info][gc,start       ] GC(565) Pause Young (Allocation Failure)
[66.141s][info][gc,heap        ] GC(565) DefNew: 281019K(314560K)->1437K(314560K) Eden: 279616K(279616K)->0K(279616K) From: 1403K(34944K)->1437K(34944K)
[66.141s][info][gc,heap        ] GC(565) Tenured: 41715K(699072K)->41715K(699072K)
[66.141s][info][gc,metaspace   ] GC(565) Metaspace: 71992K(72704K)->71992K(72704K) NonClass: 57414K(57600K)->57414K(57600K) Class: 14577K(15104K)->14577K(15104K)
[66.142s][info][gc             ] GC(565) Pause Young (Allocation Failure) 315M->42M(989M) 8.579ms
[66.142s][info][gc,cpu         ] GC(565) User=0.00s Sys=0.00s Real=0.00s
[66.213s][info][gc,start       ] GC(566) Pause Young (Allocation Failure)
[66.221s][info][gc,heap        ] GC(566) DefNew: 281053K(314560K)->1469K(314560K) Eden: 279616K(279616K)->0K(279616K) From: 1437K(34944K)->1469K(34944K)
[66.221s][info][gc,heap        ] GC(566) Tenured: 41715K(699072K)->41715K(699072K)
[66.221s][info][gc,metaspace   ] GC(566) Metaspace: 71992K(72704K)->71992K(72704K) NonClass: 57414K(57600K)->57414K(57600K) Class: 14577K(15104K)->14577K(15104K)
[66.221s][info][gc             ] GC(566) Pause Young (Allocation Failure) 315M->42M(989M) 8.494ms
[66.221s][info][gc,cpu         ] GC(566) User=0.00s Sys=0.00s Real=0.00s
[66.293s][info][gc,start       ] GC(567) Pause Young (Allocation Failure)
[66.301s][info][gc,heap        ] GC(567) DefNew: 281085K(314560K)->1399K(314560K) Eden: 279616K(279616K)->0K(279616K) From: 1469K(34944K)->1399K(34944K)
[66.301s][info][gc,heap        ] GC(567) Tenured: 41715K(699072K)->41716K(699072K)
[66.301s][info][gc,metaspace   ] GC(567) Metaspace: 71992K(72704K)->71992K(72704K) NonClass: 57414K(57600K)->57414K(57600K) Class: 14577K(15104K)->14577K(15104K)
[66.301s][info][gc             ] GC(567) Pause Young (Allocation Failure) 315M->42M(989M) 8.425ms
[66.301s][info][gc,cpu         ] GC(567) User=0.00s Sys=0.00s Real=0.01s
[66.373s][info][gc,start       ] GC(568) Pause Young (Allocation Failure)
[66.382s][info][gc,heap        ] GC(568) DefNew: 281015K(314560K)->1405K(314560K) Eden: 279616K(279616K)->0K(279616K) From: 1399K(34944K)->1405K(34944K)
[66.383s][info][gc,heap        ] GC(568) Tenured: 41716K(699072K)->41717K(699072K)
[66.383s][info][gc,metaspace   ] GC(568) Metaspace: 71992K(72704K)->71992K(72704K) NonClass: 57414K(57600K)->57414K(57600K) Class: 14577K(15104K)->14577K(15104K)
[66.383s][info][gc             ] GC(568) Pause Young (Allocation Failure) 315M->42M(989M) 9.515ms
[66.383s][info][gc,cpu         ] GC(568) User=0.00s Sys=0.00s Real=0.00s
[66.454s][info][gc,start       ] GC(569) Pause Young (Allocation Failure)
[66.463s][info][gc,heap        ] GC(569) DefNew: 281021K(314560K)->1392K(314560K) Eden: 279616K(279616K)->0K(279616K) From: 1405K(34944K)->1392K(34944K)
[66.463s][info][gc,heap        ] GC(569) Tenured: 41717K(699072K)->41717K(699072K)
[66.463s][info][gc,metaspace   ] GC(569) Metaspace: 71992K(72704K)->71992K(72704K) NonClass: 57414K(57600K)->57414K(57600K) Class: 14577K(15104K)->14577K(15104K)
[66.463s][info][gc             ] GC(569) Pause Young (Allocation Failure) 315M->42M(989M) 8.913ms
[66.463s][info][gc,cpu         ] GC(569) User=0.00s Sys=0.00s Real=0.00s
[66.534s][info][gc,start       ] GC(570) Pause Young (Allocation Failure)
[66.543s][info][gc,heap        ] GC(570) DefNew: 281008K(314560K)->1441K(314560K) Eden: 279616K(279616K)->0K(279616K) From: 1392K(34944K)->1441K(34944K)
[66.543s][info][gc,heap        ] GC(570) Tenured: 41717K(699072K)->41717K(699072K)
[66.543s][info][gc,metaspace   ] GC(570) Metaspace: 71992K(72704K)->71992K(72704K) NonClass: 57414K(57600K)->57414K(57600K) Class: 14577K(15104K)->14577K(15104K)
[66.543s][info][gc             ] GC(570) Pause Young (Allocation Failure) 315M->42M(989M) 8.720ms
[66.543s][info][gc,cpu         ] GC(570) User=0.02s Sys=0.00s Real=0.01s
[66.614s][info][gc,start       ] GC(571) Pause Young (Allocation Failure)
[66.623s][info][gc,heap        ] GC(571) DefNew: 281057K(314560K)->1429K(314560K) Eden: 279616K(279616K)->0K(279616K) From: 1441K(34944K)->1429K(34944K)
[66.623s][info][gc,heap        ] GC(571) Tenured: 41717K(699072K)->41717K(699072K)
[66.623s][info][gc,metaspace   ] GC(571) Metaspace: 71992K(72704K)->71992K(72704K) NonClass: 57414K(57600K)->57414K(57600K) Class: 14577K(15104K)->14577K(15104K)
[66.623s][info][gc             ] GC(571) Pause Young (Allocation Failure) 315M->42M(989M) 9.300ms
[66.623s][info][gc,cpu         ] GC(571) User=0.00s Sys=0.00s Real=0.00s
[66.695s][info][gc,start       ] GC(572) Pause Young (Allocation Failure)
[66.704s][info][gc,heap        ] GC(572) DefNew: 281045K(314560K)->1454K(314560K) Eden: 279616K(279616K)->0K(279616K) From: 1429K(34944K)->1454K(34944K)
[66.704s][info][gc,heap        ] GC(572) Tenured: 41717K(699072K)->41717K(699072K)
[66.704s][info][gc,metaspace   ] GC(572) Metaspace: 71992K(72704K)->71992K(72704K) NonClass: 57414K(57600K)->57414K(57600K) Class: 14577K(15104K)->14577K(15104K)
[66.704s][info][gc             ] GC(572) Pause Young (Allocation Failure) 315M->42M(989M) 9.142ms
[66.704s][info][gc,cpu         ] GC(572) User=0.00s Sys=0.00s Real=0.00s
[66.775s][info][gc,start       ] GC(573) Pause Young (Allocation Failure)
[66.783s][info][gc,heap        ] GC(573) DefNew: 281070K(314560K)->1429K(314560K) Eden: 279616K(279616K)->0K(279616K) From: 1454K(34944K)->1429K(34944K)
[66.783s][info][gc,heap        ] GC(573) Tenured: 41717K(699072K)->41718K(699072K)
[66.783s][info][gc,metaspace   ] GC(573) Metaspace: 71992K(72704K)->71992K(72704K) NonClass: 57414K(57600K)->57414K(57600K) Class: 14577K(15104K)->14577K(15104K)
[66.783s][info][gc             ] GC(573) Pause Young (Allocation Failure) 315M->42M(989M) 8.624ms
[66.783s][info][gc,cpu         ] GC(573) User=0.00s Sys=0.00s Real=0.00s
[66.855s][info][gc,start       ] GC(574) Pause Young (Allocation Failure)
[66.864s][info][gc,heap        ] GC(574) DefNew: 281045K(314560K)->1523K(314560K) Eden: 279616K(279616K)->0K(279616K) From: 1429K(34944K)->1523K(34944K)
[66.864s][info][gc,heap        ] GC(574) Tenured: 41718K(699072K)->41718K(699072K)
[66.864s][info][gc,metaspace   ] GC(574) Metaspace: 71992K(72704K)->71992K(72704K) NonClass: 57414K(57600K)->57414K(57600K) Class: 14577K(15104K)->14577K(15104K)
[66.864s][info][gc             ] GC(574) Pause Young (Allocation Failure) 315M->42M(989M) 8.875ms
[66.864s][info][gc,cpu         ] GC(574) User=0.00s Sys=0.00s Real=0.00s
[66.936s][info][gc,start       ] GC(575) Pause Young (Allocation Failure)
[66.945s][info][gc,heap        ] GC(575) DefNew: 281139K(314560K)->1503K(314560K) Eden: 279615K(279616K)->0K(279616K) From: 1523K(34944K)->1503K(34944K)
[66.945s][info][gc,heap        ] GC(575) Tenured: 41718K(699072K)->41718K(699072K)
[66.945s][info][gc,metaspace   ] GC(575) Metaspace: 71992K(72704K)->71992K(72704K) NonClass: 57414K(57600K)->57414K(57600K) Class: 14577K(15104K)->14577K(15104K)
[66.945s][info][gc             ] GC(575) Pause Young (Allocation Failure) 315M->42M(989M) 8.744ms
[66.945s][info][gc,cpu         ] GC(575) User=0.00s Sys=0.00s Real=0.00s
[67.017s][info][gc,start       ] GC(576) Pause Young (Allocation Failure)
[67.025s][info][gc,heap        ] GC(576) DefNew: 281119K(314560K)->1535K(314560K) Eden: 279616K(279616K)->0K(279616K) From: 1503K(34944K)->1535K(34944K)
[67.025s][info][gc,heap        ] GC(576) Tenured: 41718K(699072K)->41718K(699072K)
[67.025s][info][gc,metaspace   ] GC(576) Metaspace: 71992K(72704K)->71992K(72704K) NonClass: 57414K(57600K)->57414K(57600K) Class: 14577K(15104K)->14577K(15104K)
[67.025s][info][gc             ] GC(576) Pause Young (Allocation Failure) 315M->42M(989M) 8.705ms
[67.025s][info][gc,cpu         ] GC(576) User=0.00s Sys=0.00s Real=0.00s
[67.098s][info][gc,start       ] GC(577) Pause Young (Allocation Failure)
[67.106s][info][gc,heap        ] GC(577) DefNew: 281151K(314560K)->1512K(314560K) Eden: 279616K(279616K)->0K(279616K) From: 1535K(34944K)->1512K(34944K)
[67.106s][info][gc,heap        ] GC(577) Tenured: 41718K(699072K)->41734K(699072K)
[67.106s][info][gc,metaspace   ] GC(577) Metaspace: 71992K(72704K)->71992K(72704K) NonClass: 57414K(57600K)->57414K(57600K) Class: 14577K(15104K)->14577K(15104K)
[67.106s][info][gc             ] GC(577) Pause Young (Allocation Failure) 315M->42M(989M) 8.579ms
[67.106s][info][gc,cpu         ] GC(577) User=0.00s Sys=0.00s Real=0.00s
[67.180s][info][gc,start       ] GC(578) Pause Young (Allocation Failure)
[67.188s][info][gc,heap        ] GC(578) DefNew: 281128K(314560K)->1428K(314560K) Eden: 279616K(279616K)->0K(279616K) From: 1512K(34944K)->1428K(34944K)
[67.188s][info][gc,heap        ] GC(578) Tenured: 41734K(699072K)->41734K(699072K)
[67.188s][info][gc,metaspace   ] GC(578) Metaspace: 71993K(72704K)->71993K(72704K) NonClass: 57415K(57600K)->57415K(57600K) Class: 14577K(15104K)->14577K(15104K)
[67.188s][info][gc             ] GC(578) Pause Young (Allocation Failure) 315M->42M(989M) 7.938ms
[67.188s][info][gc,cpu         ] GC(578) User=0.00s Sys=0.00s Real=0.00s
[67.262s][info][gc,start       ] GC(579) Pause Young (Allocation Failure)
[67.270s][info][gc,heap        ] GC(579) DefNew: 281044K(314560K)->1409K(314560K) Eden: 279616K(279616K)->0K(279616K) From: 1428K(34944K)->1409K(34944K)
[67.270s][info][gc,heap        ] GC(579) Tenured: 41734K(699072K)->41735K(699072K)
[67.270s][info][gc,metaspace   ] GC(579) Metaspace: 71993K(72704K)->71993K(72704K) NonClass: 57415K(57600K)->57415K(57600K) Class: 14577K(15104K)->14577K(15104K)
[67.270s][info][gc             ] GC(579) Pause Young (Allocation Failure) 315M->42M(989M) 7.610ms
[67.270s][info][gc,cpu         ] GC(579) User=0.00s Sys=0.00s Real=0.00s
[67.345s][info][gc,start       ] GC(580) Pause Young (Allocation Failure)
[67.376s][info][gc,heap        ] GC(580) DefNew: 281025K(314560K)->1452K(314560K) Eden: 279616K(279616K)->0K(279616K) From: 1409K(34944K)->1452K(34944K)
[67.376s][info][gc,heap        ] GC(580) Tenured: 41735K(699072K)->41735K(699072K)
[67.376s][info][gc,metaspace   ] GC(580) Metaspace: 71993K(72704K)->71993K(72704K) NonClass: 57415K(57600K)->57415K(57600K) Class: 14577K(15104K)->14577K(15104K)
[67.376s][info][gc             ] GC(580) Pause Young (Allocation Failure) 315M->42M(989M) 31.195ms
[67.377s][info][gc,cpu         ] GC(580) User=0.00s Sys=0.00s Real=0.02s
[67.461s][info][gc,start       ] GC(581) Pause Young (Allocation Failure)
[67.470s][info][gc,heap        ] GC(581) DefNew: 281068K(314560K)->1448K(314560K) Eden: 279616K(279616K)->0K(279616K) From: 1452K(34944K)->1448K(34944K)
[67.470s][info][gc,heap        ] GC(581) Tenured: 41735K(699072K)->41735K(699072K)
[67.470s][info][gc,metaspace   ] GC(581) Metaspace: 71993K(72704K)->71993K(72704K) NonClass: 57415K(57600K)->57415K(57600K) Class: 14577K(15104K)->14577K(15104K)
[67.470s][info][gc             ] GC(581) Pause Young (Allocation Failure) 315M->42M(989M) 8.481ms
[67.470s][info][gc,cpu         ] GC(581) User=0.00s Sys=0.00s Real=0.00s
[67.557s][info][gc,start       ] GC(582) Pause Young (Allocation Failure)
[67.564s][info][gc,heap        ] GC(582) DefNew: 281064K(314560K)->1366K(314560K) Eden: 279616K(279616K)->0K(279616K) From: 1448K(34944K)->1366K(34944K)
[67.564s][info][gc,heap        ] GC(582) Tenured: 41735K(699072K)->41735K(699072K)
[67.564s][info][gc,metaspace   ] GC(582) Metaspace: 71993K(72704K)->71993K(72704K) NonClass: 57415K(57600K)->57415K(57600K) Class: 14577K(15104K)->14577K(15104K)
[67.564s][info][gc             ] GC(582) Pause Young (Allocation Failure) 315M->42M(989M) 7.197ms
[67.564s][info][gc,cpu         ] GC(582) User=0.00s Sys=0.00s Real=0.00s
[67.662s][info][gc,start       ] GC(583) Pause Young (Allocation Failure)
[67.668s][info][gc,heap        ] GC(583) DefNew: 280982K(314560K)->1381K(314560K) Eden: 279616K(279616K)->0K(279616K) From: 1366K(34944K)->1381K(34944K)
[67.668s][info][gc,heap        ] GC(583) Tenured: 41735K(699072K)->41756K(699072K)
[67.668s][info][gc,metaspace   ] GC(583) Metaspace: 71993K(72704K)->71993K(72704K) NonClass: 57416K(57600K)->57416K(57600K) Class: 14577K(15104K)->14577K(15104K)
[67.668s][info][gc             ] GC(583) Pause Young (Allocation Failure) 315M->42M(989M) 6.211ms
[67.668s][info][gc,cpu         ] GC(583) User=0.02s Sys=0.00s Real=0.02s
[67.784s][info][gc,start       ] GC(584) Pause Young (Allocation Failure)
[67.789s][info][gc,heap        ] GC(584) DefNew: 280997K(314560K)->1303K(314560K) Eden: 279616K(279616K)->0K(279616K) From: 1381K(34944K)->1303K(34944K)
[67.790s][info][gc,heap        ] GC(584) Tenured: 41756K(699072K)->41756K(699072K)
[67.790s][info][gc,metaspace   ] GC(584) Metaspace: 71993K(72704K)->71993K(72704K) NonClass: 57416K(57600K)->57416K(57600K) Class: 14577K(15104K)->14577K(15104K)
[67.790s][info][gc             ] GC(584) Pause Young (Allocation Failure) 315M->42M(989M) 5.108ms
[67.790s][info][gc,cpu         ] GC(584) User=0.02s Sys=0.00s Real=0.02s
[67.940s][info][gc,start       ] GC(585) Pause Young (Allocation Failure)
[67.945s][info][gc,heap        ] GC(585) DefNew: 280919K(314560K)->1293K(314560K) Eden: 279616K(279616K)->0K(279616K) From: 1303K(34944K)->1293K(34944K)
[67.945s][info][gc,heap        ] GC(585) Tenured: 41756K(699072K)->41770K(699072K)
[67.945s][info][gc,metaspace   ] GC(585) Metaspace: 71993K(72704K)->71993K(72704K) NonClass: 57416K(57600K)->57416K(57600K) Class: 14577K(15104K)->14577K(15104K)
[67.945s][info][gc             ] GC(585) Pause Young (Allocation Failure) 315M->42M(989M) 4.679ms
[67.945s][info][gc,cpu         ] GC(585) User=0.00s Sys=0.00s Real=0.00s
[68.127s][info][gc,start       ] GC(586) Pause Young (Allocation Failure)
[68.131s][info][gc,heap        ] GC(586) DefNew: 280909K(314560K)->1297K(314560K) Eden: 279616K(279616K)->0K(279616K) From: 1293K(34944K)->1297K(34944K)
[68.131s][info][gc,heap        ] GC(586) Tenured: 41770K(699072K)->41771K(699072K)
[68.131s][info][gc,metaspace   ] GC(586) Metaspace: 71993K(72704K)->71993K(72704K) NonClass: 57416K(57600K)->57416K(57600K) Class: 14577K(15104K)->14577K(15104K)
[68.131s][info][gc             ] GC(586) Pause Young (Allocation Failure) 315M->42M(989M) 4.032ms
[68.131s][info][gc,cpu         ] GC(586) User=0.00s Sys=0.00s Real=0.00s
[68.314s][info][gc,start       ] GC(587) Pause Young (Allocation Failure)
[68.318s][info][gc,heap        ] GC(587) DefNew: 280913K(314560K)->1301K(314560K) Eden: 279616K(279616K)->0K(279616K) From: 1297K(34944K)->1301K(34944K)
[68.318s][info][gc,heap        ] GC(587) Tenured: 41771K(699072K)->41772K(699072K)
[68.318s][info][gc,metaspace   ] GC(587) Metaspace: 71993K(72704K)->71993K(72704K) NonClass: 57416K(57600K)->57416K(57600K) Class: 14577K(15104K)->14577K(15104K)
[68.318s][info][gc             ] GC(587) Pause Young (Allocation Failure) 315M->42M(989M) 4.050ms
[68.318s][info][gc,cpu         ] GC(587) User=0.02s Sys=0.00s Real=0.02s
[68.499s][info][gc,start       ] GC(588) Pause Young (Allocation Failure)
[68.503s][info][gc,heap        ] GC(588) DefNew: 280917K(314560K)->1225K(314560K) Eden: 279616K(279616K)->0K(279616K) From: 1301K(34944K)->1225K(34944K)
[68.503s][info][gc,heap        ] GC(588) Tenured: 41772K(699072K)->41852K(699072K)
[68.503s][info][gc,metaspace   ] GC(588) Metaspace: 71993K(72704K)->71993K(72704K) NonClass: 57416K(57600K)->57416K(57600K) Class: 14577K(15104K)->14577K(15104K)
[68.504s][info][gc             ] GC(588) Pause Young (Allocation Failure) 315M->42M(989M) 4.091ms
[68.504s][info][gc,cpu         ] GC(588) User=0.00s Sys=0.00s Real=0.00s
[68.685s][info][gc,start       ] GC(589) Pause Young (Allocation Failure)
[68.688s][info][gc,heap        ] GC(589) DefNew: 280841K(314560K)->1195K(314560K) Eden: 279616K(279616K)->0K(279616K) From: 1225K(34944K)->1195K(34944K)
[68.688s][info][gc,heap        ] GC(589) Tenured: 41852K(699072K)->41868K(699072K)
[68.688s][info][gc,metaspace   ] GC(589) Metaspace: 71993K(72704K)->71993K(72704K) NonClass: 57416K(57600K)->57416K(57600K) Class: 14577K(15104K)->14577K(15104K)
[68.688s][info][gc             ] GC(589) Pause Young (Allocation Failure) 315M->42M(989M) 3.900ms
[68.688s][info][gc,cpu         ] GC(589) User=0.00s Sys=0.00s Real=0.00s
[68.870s][info][gc,start       ] GC(590) Pause Young (Allocation Failure)
[68.874s][info][gc,heap        ] GC(590) DefNew: 280811K(314560K)->1141K(314560K) Eden: 279616K(279616K)->0K(279616K) From: 1195K(34944K)->1141K(34944K)
[68.874s][info][gc,heap        ] GC(590) Tenured: 41868K(699072K)->41927K(699072K)
[68.874s][info][gc,metaspace   ] GC(590) Metaspace: 71993K(72704K)->71993K(72704K) NonClass: 57416K(57600K)->57416K(57600K) Class: 14577K(15104K)->14577K(15104K)
[68.874s][info][gc             ] GC(590) Pause Young (Allocation Failure) 315M->42M(989M) 3.971ms
[68.874s][info][gc,cpu         ] GC(590) User=0.00s Sys=0.00s Real=0.00s
[69.055s][info][gc,start       ] GC(591) Pause Young (Allocation Failure)
[69.059s][info][gc,heap        ] GC(591) DefNew: 280757K(314560K)->1088K(314560K) Eden: 279616K(279616K)->0K(279616K) From: 1141K(34944K)->1088K(34944K)
[69.059s][info][gc,heap        ] GC(591) Tenured: 41927K(699072K)->41996K(699072K)
[69.059s][info][gc,metaspace   ] GC(591) Metaspace: 71993K(72704K)->71993K(72704K) NonClass: 57416K(57600K)->57416K(57600K) Class: 14577K(15104K)->14577K(15104K)
[69.059s][info][gc             ] GC(591) Pause Young (Allocation Failure) 315M->42M(989M) 3.928ms
[69.059s][info][gc,cpu         ] GC(591) User=0.02s Sys=0.00s Real=0.02s
[69.234s][info][gc,start       ] GC(592) Pause Full (System.gc())
[69.234s][info][gc,phases,start] GC(592) Phase 1: Mark live objects
[69.283s][info][gc,phases      ] GC(592) Phase 1: Mark live objects 48.639ms
[69.283s][info][gc,phases,start] GC(592) Phase 2: Compute new object addresses
[69.358s][info][gc,phases      ] GC(592) Phase 2: Compute new object addresses 74.834ms
[69.358s][info][gc,phases,start] GC(592) Phase 3: Adjust pointers
[69.382s][info][gc,phases      ] GC(592) Phase 3: Adjust pointers 24.459ms
[69.382s][info][gc,phases,start] GC(592) Phase 4: Move objects
[69.383s][info][gc,phases      ] GC(592) Phase 4: Move objects 0.989ms
[69.384s][info][gc,heap        ] GC(592) DefNew: 205736K(314560K)->0K(314560K) Eden: 204647K(279616K)->0K(279616K) From: 1088K(34944K)->0K(34944K)
[69.384s][info][gc,heap        ] GC(592) Tenured: 41996K(699072K)->43177K(699072K)
[69.384s][info][gc,metaspace   ] GC(592) Metaspace: 72006K(72704K)->72006K(72704K) NonClass: 57429K(57600K)->57429K(57600K) Class: 14577K(15104K)->14577K(15104K)
[69.384s][info][gc             ] GC(592) Pause Full (System.gc()) 241M->42M(989M) 149.636ms
[69.384s][info][gc,cpu         ] GC(592) User=0.14s Sys=0.00s Real=0.14s
[69.488s][info][gc,start       ] GC(593) Pause Young (Allocation Failure)
[69.503s][info][gc,heap        ] GC(593) DefNew: 279616K(314560K)->3434K(314560K) Eden: 279616K(279616K)->0K(279616K) From: 0K(34944K)->3434K(34944K)
[69.503s][info][gc,heap        ] GC(593) Tenured: 43177K(699072K)->43177K(699072K)
[69.503s][info][gc,metaspace   ] GC(593) Metaspace: 72071K(72768K)->72071K(72768K) NonClass: 57493K(57664K)->57493K(57664K) Class: 14577K(15104K)->14577K(15104K)
[69.503s][info][gc             ] GC(593) Pause Young (Allocation Failure) 315M->45M(989M) 14.835ms
[69.503s][info][gc,cpu         ] GC(593) User=0.00s Sys=0.00s Real=0.00s
[69.575s][info][gc,start       ] GC(594) Pause Young (Allocation Failure)
[69.588s][info][gc,heap        ] GC(594) DefNew: 283050K(314560K)->3439K(314560K) Eden: 279616K(279616K)->0K(279616K) From: 3434K(34944K)->3439K(34944K)
[69.588s][info][gc,heap        ] GC(594) Tenured: 43177K(699072K)->43177K(699072K)
[69.588s][info][gc,metaspace   ] GC(594) Metaspace: 72071K(72768K)->72071K(72768K) NonClass: 57493K(57664K)->57493K(57664K) Class: 14577K(15104K)->14577K(15104K)
[69.588s][info][gc             ] GC(594) Pause Young (Allocation Failure) 318M->45M(989M) 12.481ms
[69.588s][info][gc,cpu         ] GC(594) User=0.02s Sys=0.00s Real=0.01s
[69.659s][info][gc,start       ] GC(595) Pause Young (Allocation Failure)
[69.673s][info][gc,heap        ] GC(595) DefNew: 283055K(314560K)->3441K(314560K) Eden: 279616K(279616K)->0K(279616K) From: 3439K(34944K)->3441K(34944K)
[69.673s][info][gc,heap        ] GC(595) Tenured: 43177K(699072K)->43177K(699072K)
[69.673s][info][gc,metaspace   ] GC(595) Metaspace: 72071K(72768K)->72071K(72768K) NonClass: 57493K(57664K)->57493K(57664K) Class: 14577K(15104K)->14577K(15104K)
[69.673s][info][gc             ] GC(595) Pause Young (Allocation Failure) 318M->45M(989M) 13.628ms
[69.673s][info][gc,cpu         ] GC(595) User=0.00s Sys=0.00s Real=0.00s
[69.745s][info][gc,start       ] GC(596) Pause Young (Allocation Failure)
[69.758s][info][gc,heap        ] GC(596) DefNew: 283057K(314560K)->3435K(314560K) Eden: 279616K(279616K)->0K(279616K) From: 3441K(34944K)->3435K(34944K)
[69.758s][info][gc,heap        ] GC(596) Tenured: 43177K(699072K)->43177K(699072K)
[69.758s][info][gc,metaspace   ] GC(596) Metaspace: 72071K(72768K)->72071K(72768K) NonClass: 57493K(57664K)->57493K(57664K) Class: 14577K(15104K)->14577K(15104K)
[69.758s][info][gc             ] GC(596) Pause Young (Allocation Failure) 318M->45M(989M) 13.259ms
[69.758s][info][gc,cpu         ] GC(596) User=0.00s Sys=0.00s Real=0.00s
[69.831s][info][gc,start       ] GC(597) Pause Young (Allocation Failure)
[69.845s][info][gc,heap        ] GC(597) DefNew: 283051K(314560K)->3380K(314560K) Eden: 279616K(279616K)->0K(279616K) From: 3435K(34944K)->3380K(34944K)
[69.845s][info][gc,heap        ] GC(597) Tenured: 43177K(699072K)->43177K(699072K)
[69.845s][info][gc,metaspace   ] GC(597) Metaspace: 72071K(72768K)->72071K(72768K) NonClass: 57493K(57664K)->57493K(57664K) Class: 14577K(15104K)->14577K(15104K)
[69.845s][info][gc             ] GC(597) Pause Young (Allocation Failure) 318M->45M(989M) 13.667ms
[69.845s][info][gc,cpu         ] GC(597) User=0.00s Sys=0.00s Real=0.00s
[69.917s][info][gc,start       ] GC(598) Pause Young (Allocation Failure)
[69.930s][info][gc,heap        ] GC(598) DefNew: 282996K(314560K)->3421K(314560K) Eden: 279616K(279616K)->0K(279616K) From: 3380K(34944K)->3421K(34944K)
[69.930s][info][gc,heap        ] GC(598) Tenured: 43177K(699072K)->43177K(699072K)
[69.930s][info][gc,metaspace   ] GC(598) Metaspace: 72071K(72768K)->72071K(72768K) NonClass: 57493K(57664K)->57493K(57664K) Class: 14577K(15104K)->14577K(15104K)
[69.930s][info][gc             ] GC(598) Pause Young (Allocation Failure) 318M->45M(989M) 13.072ms
[69.930s][info][gc,cpu         ] GC(598) User=0.00s Sys=0.00s Real=0.00s
[70.002s][info][gc,start       ] GC(599) Pause Young (Allocation Failure)
[70.015s][info][gc,heap        ] GC(599) DefNew: 283037K(314560K)->3386K(314560K) Eden: 279616K(279616K)->0K(279616K) From: 3421K(34944K)->3386K(34944K)
[70.015s][info][gc,heap        ] GC(599) Tenured: 43177K(699072K)->43177K(699072K)
[70.015s][info][gc,metaspace   ] GC(599) Metaspace: 72071K(72768K)->72071K(72768K) NonClass: 57493K(57664K)->57493K(57664K) Class: 14577K(15104K)->14577K(15104K)
[70.015s][info][gc             ] GC(599) Pause Young (Allocation Failure) 318M->45M(989M) 12.215ms
[70.015s][info][gc,cpu         ] GC(599) User=0.00s Sys=0.00s Real=0.00s
[70.086s][info][gc,start       ] GC(600) Pause Young (Allocation Failure)
[70.098s][info][gc,heap        ] GC(600) DefNew: 283002K(314560K)->3418K(314560K) Eden: 279616K(279616K)->0K(279616K) From: 3386K(34944K)->3418K(34944K)
[70.098s][info][gc,heap        ] GC(600) Tenured: 43177K(699072K)->43177K(699072K)
[70.098s][info][gc,metaspace   ] GC(600) Metaspace: 72071K(72768K)->72071K(72768K) NonClass: 57493K(57664K)->57493K(57664K) Class: 14577K(15104K)->14577K(15104K)
[70.098s][info][gc             ] GC(600) Pause Young (Allocation Failure) 318M->45M(989M) 12.110ms
[70.098s][info][gc,cpu         ] GC(600) User=0.00s Sys=0.00s Real=0.00s
[70.171s][info][gc,start       ] GC(601) Pause Young (Allocation Failure)
[70.184s][info][gc,heap        ] GC(601) DefNew: 283034K(314560K)->3461K(314560K) Eden: 279616K(279616K)->0K(279616K) From: 3418K(34944K)->3461K(34944K)
[70.184s][info][gc,heap        ] GC(601) Tenured: 43177K(699072K)->43177K(699072K)
[70.184s][info][gc,metaspace   ] GC(601) Metaspace: 72071K(72768K)->72071K(72768K) NonClass: 57493K(57664K)->57493K(57664K) Class: 14577K(15104K)->14577K(15104K)
[70.184s][info][gc             ] GC(601) Pause Young (Allocation Failure) 318M->45M(989M) 12.372ms
[70.184s][info][gc,cpu         ] GC(601) User=0.02s Sys=0.00s Real=0.01s
[70.256s][info][gc,start       ] GC(602) Pause Young (Allocation Failure)
[70.269s][info][gc,heap        ] GC(602) DefNew: 283077K(314560K)->3377K(314560K) Eden: 279616K(279616K)->0K(279616K) From: 3461K(34944K)->3377K(34944K)
[70.269s][info][gc,heap        ] GC(602) Tenured: 43177K(699072K)->43177K(699072K)
[70.269s][info][gc,metaspace   ] GC(602) Metaspace: 72071K(72768K)->72071K(72768K) NonClass: 57493K(57664K)->57493K(57664K) Class: 14577K(15104K)->14577K(15104K)
[70.269s][info][gc             ] GC(602) Pause Young (Allocation Failure) 318M->45M(989M) 13.252ms
[70.269s][info][gc,cpu         ] GC(602) User=0.00s Sys=0.00s Real=0.00s
[70.342s][info][gc,start       ] GC(603) Pause Young (Allocation Failure)
[70.355s][info][gc,heap        ] GC(603) DefNew: 282993K(314560K)->3390K(314560K) Eden: 279616K(279616K)->0K(279616K) From: 3377K(34944K)->3390K(34944K)
[70.355s][info][gc,heap        ] GC(603) Tenured: 43177K(699072K)->43177K(699072K)
[70.355s][info][gc,metaspace   ] GC(603) Metaspace: 72071K(72768K)->72071K(72768K) NonClass: 57493K(57664K)->57493K(57664K) Class: 14577K(15104K)->14577K(15104K)
[70.355s][info][gc             ] GC(603) Pause Young (Allocation Failure) 318M->45M(989M) 13.627ms
[70.355s][info][gc,cpu         ] GC(603) User=0.00s Sys=0.00s Real=0.00s
[70.428s][info][gc,start       ] GC(604) Pause Young (Allocation Failure)
[70.441s][info][gc,heap        ] GC(604) DefNew: 283006K(314560K)->3400K(314560K) Eden: 279615K(279616K)->0K(279616K) From: 3390K(34944K)->3400K(34944K)
[70.441s][info][gc,heap        ] GC(604) Tenured: 43177K(699072K)->43177K(699072K)
[70.441s][info][gc,metaspace   ] GC(604) Metaspace: 72071K(72768K)->72071K(72768K) NonClass: 57493K(57664K)->57493K(57664K) Class: 14577K(15104K)->14577K(15104K)
[70.441s][info][gc             ] GC(604) Pause Young (Allocation Failure) 318M->45M(989M) 12.871ms
[70.441s][info][gc,cpu         ] GC(604) User=0.00s Sys=0.00s Real=0.00s
[70.514s][info][gc,start       ] GC(605) Pause Young (Allocation Failure)
[70.526s][info][gc,heap        ] GC(605) DefNew: 283016K(314560K)->3387K(314560K) Eden: 279616K(279616K)->0K(279616K) From: 3400K(34944K)->3387K(34944K)
[70.526s][info][gc,heap        ] GC(605) Tenured: 43177K(699072K)->43177K(699072K)
[70.526s][info][gc,metaspace   ] GC(605) Metaspace: 72071K(72768K)->72071K(72768K) NonClass: 57493K(57664K)->57493K(57664K) Class: 14577K(15104K)->14577K(15104K)
[70.526s][info][gc             ] GC(605) Pause Young (Allocation Failure) 318M->45M(989M) 12.106ms
[70.526s][info][gc,cpu         ] GC(605) User=0.00s Sys=0.00s Real=0.00s
[70.599s][info][gc,start       ] GC(606) Pause Young (Allocation Failure)
[70.610s][info][gc,heap        ] GC(606) DefNew: 283003K(314560K)->3342K(314560K) Eden: 279616K(279616K)->0K(279616K) From: 3387K(34944K)->3342K(34944K)
[70.610s][info][gc,heap        ] GC(606) Tenured: 43177K(699072K)->43177K(699072K)
[70.610s][info][gc,metaspace   ] GC(606) Metaspace: 72071K(72768K)->72071K(72768K) NonClass: 57493K(57664K)->57493K(57664K) Class: 14577K(15104K)->14577K(15104K)
[70.610s][info][gc             ] GC(606) Pause Young (Allocation Failure) 318M->45M(989M) 11.857ms
[70.610s][info][gc,cpu         ] GC(606) User=0.00s Sys=0.00s Real=0.00s
[70.683s][info][gc,start       ] GC(607) Pause Young (Allocation Failure)
[70.696s][info][gc,heap        ] GC(607) DefNew: 282958K(314560K)->3357K(314560K) Eden: 279616K(279616K)->0K(279616K) From: 3342K(34944K)->3357K(34944K)
[70.696s][info][gc,heap        ] GC(607) Tenured: 43177K(699072K)->43177K(699072K)
[70.696s][info][gc,metaspace   ] GC(607) Metaspace: 72071K(72768K)->72071K(72768K) NonClass: 57493K(57664K)->57493K(57664K) Class: 14577K(15104K)->14577K(15104K)
[70.696s][info][gc             ] GC(607) Pause Young (Allocation Failure) 318M->45M(989M) 13.436ms
[70.696s][info][gc,cpu         ] GC(607) User=0.00s Sys=0.00s Real=0.01s
[70.769s][info][gc,start       ] GC(608) Pause Young (Allocation Failure)
[70.781s][info][gc,heap        ] GC(608) DefNew: 282973K(314560K)->1351K(314560K) Eden: 279616K(279616K)->0K(279616K) From: 3357K(34944K)->1351K(34944K)
[70.781s][info][gc,heap        ] GC(608) Tenured: 43177K(699072K)->45137K(699072K)
[70.781s][info][gc,metaspace   ] GC(608) Metaspace: 72071K(72768K)->72071K(72768K) NonClass: 57493K(57664K)->57493K(57664K) Class: 14577K(15104K)->14577K(15104K)
[70.781s][info][gc             ] GC(608) Pause Young (Allocation Failure) 318M->45M(989M) 12.611ms
[70.781s][info][gc,cpu         ] GC(608) User=0.00s Sys=0.00s Real=0.00s
[70.854s][info][gc,start       ] GC(609) Pause Young (Allocation Failure)
[70.863s][info][gc,heap        ] GC(609) DefNew: 280967K(314560K)->1441K(314560K) Eden: 279616K(279616K)->0K(279616K) From: 1351K(34944K)->1441K(34944K)
[70.863s][info][gc,heap        ] GC(609) Tenured: 45137K(699072K)->45140K(699072K)
[70.863s][info][gc,metaspace   ] GC(609) Metaspace: 72071K(72768K)->72071K(72768K) NonClass: 57493K(57664K)->57493K(57664K) Class: 14577K(15104K)->14577K(15104K)
[70.863s][info][gc             ] GC(609) Pause Young (Allocation Failure) 318M->45M(989M) 8.582ms
[70.863s][info][gc,cpu         ] GC(609) User=0.00s Sys=0.00s Real=0.00s
[70.935s][info][gc,start       ] GC(610) Pause Young (Allocation Failure)
[70.943s][info][gc,heap        ] GC(610) DefNew: 281057K(314560K)->1429K(314560K) Eden: 279616K(279616K)->0K(279616K) From: 1441K(34944K)->1429K(34944K)
[70.944s][info][gc,heap        ] GC(610) Tenured: 45140K(699072K)->45140K(699072K)
[70.944s][info][gc,metaspace   ] GC(610) Metaspace: 72071K(72768K)->72071K(72768K) NonClass: 57493K(57664K)->57493K(57664K) Class: 14577K(15104K)->14577K(15104K)
[70.944s][info][gc             ] GC(610) Pause Young (Allocation Failure) 318M->45M(989M) 8.410ms
[70.944s][info][gc,cpu         ] GC(610) User=0.00s Sys=0.00s Real=0.00s
[71.015s][info][gc,start       ] GC(611) Pause Young (Allocation Failure)
[71.023s][info][gc,heap        ] GC(611) DefNew: 281045K(314560K)->1423K(314560K) Eden: 279616K(279616K)->0K(279616K) From: 1429K(34944K)->1423K(34944K)
[71.023s][info][gc,heap        ] GC(611) Tenured: 45140K(699072K)->45140K(699072K)
[71.023s][info][gc,metaspace   ] GC(611) Metaspace: 72071K(72768K)->72071K(72768K) NonClass: 57493K(57664K)->57493K(57664K) Class: 14577K(15104K)->14577K(15104K)
[71.023s][info][gc             ] GC(611) Pause Young (Allocation Failure) 318M->45M(989M) 8.340ms
[71.023s][info][gc,cpu         ] GC(611) User=0.00s Sys=0.00s Real=0.00s
[71.095s][info][gc,start       ] GC(612) Pause Young (Allocation Failure)
[71.103s][info][gc,heap        ] GC(612) DefNew: 281039K(314560K)->1478K(314560K) Eden: 279616K(279616K)->0K(279616K) From: 1423K(34944K)->1478K(34944K)
[71.103s][info][gc,heap        ] GC(612) Tenured: 45140K(699072K)->45140K(699072K)
[71.103s][info][gc,metaspace   ] GC(612) Metaspace: 72071K(72768K)->72071K(72768K) NonClass: 57493K(57664K)->57493K(57664K) Class: 14577K(15104K)->14577K(15104K)
[71.103s][info][gc             ] GC(612) Pause Young (Allocation Failure) 318M->45M(989M) 8.712ms
[71.103s][info][gc,cpu         ] GC(612) User=0.00s Sys=0.00s Real=0.00s
[71.175s][info][gc,start       ] GC(613) Pause Young (Allocation Failure)
[71.183s][info][gc,heap        ] GC(613) DefNew: 281094K(314560K)->1451K(314560K) Eden: 279616K(279616K)->0K(279616K) From: 1478K(34944K)->1451K(34944K)
[71.183s][info][gc,heap        ] GC(613) Tenured: 45140K(699072K)->45156K(699072K)
[71.183s][info][gc,metaspace   ] GC(613) Metaspace: 72071K(72768K)->72071K(72768K) NonClass: 57493K(57664K)->57493K(57664K) Class: 14577K(15104K)->14577K(15104K)
[71.183s][info][gc             ] GC(613) Pause Young (Allocation Failure) 318M->45M(989M) 8.614ms
[71.183s][info][gc,cpu         ] GC(613) User=0.00s Sys=0.00s Real=0.00s
[71.255s][info][gc,start       ] GC(614) Pause Young (Allocation Failure)
[71.263s][info][gc,heap        ] GC(614) DefNew: 281067K(314560K)->1465K(314560K) Eden: 279616K(279616K)->0K(279616K) From: 1451K(34944K)->1465K(34944K)
[71.263s][info][gc,heap        ] GC(614) Tenured: 45156K(699072K)->45156K(699072K)
[71.263s][info][gc,metaspace   ] GC(614) Metaspace: 72071K(72768K)->72071K(72768K) NonClass: 57493K(57664K)->57493K(57664K) Class: 14577K(15104K)->14577K(15104K)
[71.263s][info][gc             ] GC(614) Pause Young (Allocation Failure) 318M->45M(989M) 8.473ms
[71.263s][info][gc,cpu         ] GC(614) User=0.00s Sys=0.00s Real=0.00s
[71.334s][info][gc,start       ] GC(615) Pause Young (Allocation Failure)
[71.343s][info][gc,heap        ] GC(615) DefNew: 281081K(314560K)->1431K(314560K) Eden: 279616K(279616K)->0K(279616K) From: 1465K(34944K)->1431K(34944K)
[71.343s][info][gc,heap        ] GC(615) Tenured: 45156K(699072K)->45156K(699072K)
[71.343s][info][gc,metaspace   ] GC(615) Metaspace: 72071K(72768K)->72071K(72768K) NonClass: 57493K(57664K)->57493K(57664K) Class: 14577K(15104K)->14577K(15104K)
[71.343s][info][gc             ] GC(615) Pause Young (Allocation Failure) 318M->45M(989M) 8.519ms
[71.343s][info][gc,cpu         ] GC(615) User=0.00s Sys=0.00s Real=0.00s
[71.414s][info][gc,start       ] GC(616) Pause Young (Allocation Failure)
[71.422s][info][gc,heap        ] GC(616) DefNew: 281047K(314560K)->1392K(314560K) Eden: 279616K(279616K)->0K(279616K) From: 1431K(34944K)->1392K(34944K)
[71.422s][info][gc,heap        ] GC(616) Tenured: 45156K(699072K)->45156K(699072K)
[71.422s][info][gc,metaspace   ] GC(616) Metaspace: 72071K(72768K)->72071K(72768K) NonClass: 57493K(57664K)->57493K(57664K) Class: 14577K(15104K)->14577K(15104K)
[71.422s][info][gc             ] GC(616) Pause Young (Allocation Failure) 318M->45M(989M) 8.412ms
[71.422s][info][gc,cpu         ] GC(616) User=0.00s Sys=0.00s Real=0.00s
[71.494s][info][gc,start       ] GC(617) Pause Young (Allocation Failure)
[71.503s][info][gc,heap        ] GC(617) DefNew: 281008K(314560K)->1362K(314560K) Eden: 279616K(279616K)->0K(279616K) From: 1392K(34944K)->1362K(34944K)
[71.503s][info][gc,heap        ] GC(617) Tenured: 45156K(699072K)->45156K(699072K)
[71.503s][info][gc,metaspace   ] GC(617) Metaspace: 72071K(72768K)->72071K(72768K) NonClass: 57493K(57664K)->57493K(57664K) Class: 14577K(15104K)->14577K(15104K)
[71.503s][info][gc             ] GC(617) Pause Young (Allocation Failure) 318M->45M(989M) 9.193ms
[71.503s][info][gc,cpu         ] GC(617) User=0.00s Sys=0.00s Real=0.00s
[71.575s][info][gc,start       ] GC(618) Pause Young (Allocation Failure)
[71.584s][info][gc,heap        ] GC(618) DefNew: 280978K(314560K)->1491K(314560K) Eden: 279616K(279616K)->0K(279616K) From: 1362K(34944K)->1491K(34944K)
[71.584s][info][gc,heap        ] GC(618) Tenured: 45156K(699072K)->45156K(699072K)
[71.584s][info][gc,metaspace   ] GC(618) Metaspace: 72071K(72768K)->72071K(72768K) NonClass: 57493K(57664K)->57493K(57664K) Class: 14577K(15104K)->14577K(15104K)
[71.584s][info][gc             ] GC(618) Pause Young (Allocation Failure) 318M->45M(989M) 9.219ms
[71.584s][info][gc,cpu         ] GC(618) User=0.00s Sys=0.00s Real=0.01s
[71.656s][info][gc,start       ] GC(619) Pause Young (Allocation Failure)
[71.674s][info][gc,heap        ] GC(619) DefNew: 281107K(314560K)->1470K(314560K) Eden: 279616K(279616K)->0K(279616K) From: 1491K(34944K)->1470K(34944K)
[71.674s][info][gc,heap        ] GC(619) Tenured: 45156K(699072K)->45156K(699072K)
[71.674s][info][gc,metaspace   ] GC(619) Metaspace: 72071K(72768K)->72071K(72768K) NonClass: 57493K(57664K)->57493K(57664K) Class: 14577K(15104K)->14577K(15104K)
[71.674s][info][gc             ] GC(619) Pause Young (Allocation Failure) 318M->45M(989M) 18.274ms
[71.674s][info][gc,cpu         ] GC(619) User=0.02s Sys=0.00s Real=0.02s
[71.747s][info][gc,start       ] GC(620) Pause Young (Allocation Failure)
[71.755s][info][gc,heap        ] GC(620) DefNew: 281086K(314560K)->1485K(314560K) Eden: 279616K(279616K)->0K(279616K) From: 1470K(34944K)->1485K(34944K)
[71.756s][info][gc,heap        ] GC(620) Tenured: 45156K(699072K)->45157K(699072K)
[71.756s][info][gc,metaspace   ] GC(620) Metaspace: 72071K(72768K)->72071K(72768K) NonClass: 57493K(57664K)->57493K(57664K) Class: 14577K(15104K)->14577K(15104K)
[71.756s][info][gc             ] GC(620) Pause Young (Allocation Failure) 318M->45M(989M) 8.625ms
[71.756s][info][gc,cpu         ] GC(620) User=0.00s Sys=0.00s Real=0.00s
[71.827s][info][gc,start       ] GC(621) Pause Young (Allocation Failure)
[71.835s][info][gc,heap        ] GC(621) DefNew: 281101K(314560K)->1491K(314560K) Eden: 279616K(279616K)->0K(279616K) From: 1485K(34944K)->1491K(34944K)
[71.835s][info][gc,heap        ] GC(621) Tenured: 45157K(699072K)->45158K(699072K)
[71.835s][info][gc,metaspace   ] GC(621) Metaspace: 72071K(72768K)->72071K(72768K) NonClass: 57493K(57664K)->57493K(57664K) Class: 14577K(15104K)->14577K(15104K)
[71.836s][info][gc             ] GC(621) Pause Young (Allocation Failure) 318M->45M(989M) 8.616ms
[71.836s][info][gc,cpu         ] GC(621) User=0.00s Sys=0.00s Real=0.00s
[71.907s][info][gc,start       ] GC(622) Pause Young (Allocation Failure)
[71.915s][info][gc,heap        ] GC(622) DefNew: 281107K(314560K)->1487K(314560K) Eden: 279616K(279616K)->0K(279616K) From: 1491K(34944K)->1487K(34944K)
[71.915s][info][gc,heap        ] GC(622) Tenured: 45158K(699072K)->45158K(699072K)
[71.915s][info][gc,metaspace   ] GC(622) Metaspace: 72071K(72768K)->72071K(72768K) NonClass: 57493K(57664K)->57493K(57664K) Class: 14577K(15104K)->14577K(15104K)
[71.915s][info][gc             ] GC(622) Pause Young (Allocation Failure) 318M->45M(989M) 8.715ms
[71.915s][info][gc,cpu         ] GC(622) User=0.00s Sys=0.00s Real=0.00s
[71.987s][info][gc,start       ] GC(623) Pause Young (Allocation Failure)
[71.996s][info][gc,heap        ] GC(623) DefNew: 281103K(314560K)->1477K(314560K) Eden: 279616K(279616K)->0K(279616K) From: 1487K(34944K)->1477K(34944K)
[71.996s][info][gc,heap        ] GC(623) Tenured: 45158K(699072K)->45159K(699072K)
[71.996s][info][gc,metaspace   ] GC(623) Metaspace: 72071K(72768K)->72071K(72768K) NonClass: 57493K(57664K)->57493K(57664K) Class: 14577K(15104K)->14577K(15104K)
[71.996s][info][gc             ] GC(623) Pause Young (Allocation Failure) 318M->45M(989M) 8.591ms
[71.996s][info][gc,cpu         ] GC(623) User=0.02s Sys=0.00s Real=0.01s
[72.067s][info][gc,start       ] GC(624) Pause Young (Allocation Failure)
[72.075s][info][gc,heap        ] GC(624) DefNew: 281093K(314560K)->1379K(314560K) Eden: 279616K(279616K)->0K(279616K) From: 1477K(34944K)->1379K(34944K)
[72.075s][info][gc,heap        ] GC(624) Tenured: 45159K(699072K)->45176K(699072K)
[72.075s][info][gc,metaspace   ] GC(624) Metaspace: 72071K(72768K)->72071K(72768K) NonClass: 57493K(57664K)->57493K(57664K) Class: 14577K(15104K)->14577K(15104K)
[72.076s][info][gc             ] GC(624) Pause Young (Allocation Failure) 318M->45M(989M) 8.149ms
[72.076s][info][gc,cpu         ] GC(624) User=0.00s Sys=0.00s Real=0.00s
[72.147s][info][gc,start       ] GC(625) Pause Young (Allocation Failure)
[72.156s][info][gc,heap        ] GC(625) DefNew: 280995K(314560K)->1456K(314560K) Eden: 279616K(279616K)->0K(279616K) From: 1379K(34944K)->1456K(34944K)
[72.156s][info][gc,heap        ] GC(625) Tenured: 45176K(699072K)->45176K(699072K)
[72.156s][info][gc,metaspace   ] GC(625) Metaspace: 72071K(72768K)->72071K(72768K) NonClass: 57493K(57664K)->57493K(57664K) Class: 14577K(15104K)->14577K(15104K)
[72.156s][info][gc             ] GC(625) Pause Young (Allocation Failure) 318M->45M(989M) 8.586ms
[72.156s][info][gc,cpu         ] GC(625) User=0.02s Sys=0.00s Real=0.00s
[72.227s][info][gc,start       ] GC(626) Pause Young (Allocation Failure)
[72.235s][info][gc,heap        ] GC(626) DefNew: 281072K(314560K)->1489K(314560K) Eden: 279616K(279616K)->0K(279616K) From: 1456K(34944K)->1489K(34944K)
[72.235s][info][gc,heap        ] GC(626) Tenured: 45176K(699072K)->45176K(699072K)
[72.235s][info][gc,metaspace   ] GC(626) Metaspace: 72071K(72768K)->72071K(72768K) NonClass: 57493K(57664K)->57493K(57664K) Class: 14577K(15104K)->14577K(15104K)
[72.236s][info][gc             ] GC(626) Pause Young (Allocation Failure) 318M->45M(989M) 8.659ms
[72.236s][info][gc,cpu         ] GC(626) User=0.00s Sys=0.00s Real=0.00s
[72.307s][info][gc,start       ] GC(627) Pause Young (Allocation Failure)
[72.315s][info][gc,heap        ] GC(627) DefNew: 281105K(314560K)->1455K(314560K) Eden: 279616K(279616K)->0K(279616K) From: 1489K(34944K)->1455K(34944K)
[72.315s][info][gc,heap        ] GC(627) Tenured: 45176K(699072K)->45176K(699072K)
[72.315s][info][gc,metaspace   ] GC(627) Metaspace: 72071K(72768K)->72071K(72768K) NonClass: 57493K(57664K)->57493K(57664K) Class: 14577K(15104K)->14577K(15104K)
[72.315s][info][gc             ] GC(627) Pause Young (Allocation Failure) 318M->45M(989M) 8.549ms
[72.315s][info][gc,cpu         ] GC(627) User=0.00s Sys=0.00s Real=0.01s
[72.386s][info][gc,start       ] GC(628) Pause Young (Allocation Failure)
[72.395s][info][gc,heap        ] GC(628) DefNew: 281071K(314560K)->1525K(314560K) Eden: 279616K(279616K)->0K(279616K) From: 1455K(34944K)->1525K(34944K)
[72.395s][info][gc,heap        ] GC(628) Tenured: 45176K(699072K)->45176K(699072K)
[72.395s][info][gc,metaspace   ] GC(628) Metaspace: 72071K(72768K)->72071K(72768K) NonClass: 57493K(57664K)->57493K(57664K) Class: 14577K(15104K)->14577K(15104K)
[72.395s][info][gc             ] GC(628) Pause Young (Allocation Failure) 318M->45M(989M) 8.625ms
[72.395s][info][gc,cpu         ] GC(628) User=0.00s Sys=0.00s Real=0.00s
[72.466s][info][gc,start       ] GC(629) Pause Young (Allocation Failure)
[72.475s][info][gc,heap        ] GC(629) DefNew: 281141K(314560K)->1426K(314560K) Eden: 279616K(279616K)->0K(279616K) From: 1525K(34944K)->1426K(34944K)
[72.475s][info][gc,heap        ] GC(629) Tenured: 45176K(699072K)->45176K(699072K)
[72.475s][info][gc,metaspace   ] GC(629) Metaspace: 72071K(72768K)->72071K(72768K) NonClass: 57493K(57664K)->57493K(57664K) Class: 14577K(15104K)->14577K(15104K)
[72.475s][info][gc             ] GC(629) Pause Young (Allocation Failure) 318M->45M(989M) 8.459ms
[72.475s][info][gc,cpu         ] GC(629) User=0.00s Sys=0.00s Real=0.01s
[72.546s][info][gc,start       ] GC(630) Pause Young (Allocation Failure)
[72.554s][info][gc,heap        ] GC(630) DefNew: 281042K(314560K)->1445K(314560K) Eden: 279616K(279616K)->0K(279616K) From: 1426K(34944K)->1445K(34944K)
[72.554s][info][gc,heap        ] GC(630) Tenured: 45176K(699072K)->45176K(699072K)
[72.554s][info][gc,metaspace   ] GC(630) Metaspace: 72071K(72768K)->72071K(72768K) NonClass: 57493K(57664K)->57493K(57664K) Class: 14577K(15104K)->14577K(15104K)
[72.554s][info][gc             ] GC(630) Pause Young (Allocation Failure) 318M->45M(989M) 8.421ms
[72.554s][info][gc,cpu         ] GC(630) User=0.00s Sys=0.00s Real=0.00s
[72.626s][info][gc,start       ] GC(631) Pause Young (Allocation Failure)
[72.634s][info][gc,heap        ] GC(631) DefNew: 281061K(314560K)->1415K(314560K) Eden: 279616K(279616K)->0K(279616K) From: 1445K(34944K)->1415K(34944K)
[72.634s][info][gc,heap        ] GC(631) Tenured: 45176K(699072K)->45176K(699072K)
[72.634s][info][gc,metaspace   ] GC(631) Metaspace: 72071K(72768K)->72071K(72768K) NonClass: 57493K(57664K)->57493K(57664K) Class: 14577K(15104K)->14577K(15104K)
[72.634s][info][gc             ] GC(631) Pause Young (Allocation Failure) 318M->45M(989M) 8.216ms
[72.634s][info][gc,cpu         ] GC(631) User=0.02s Sys=0.00s Real=0.01s
[72.705s][info][gc,start       ] GC(632) Pause Young (Allocation Failure)
[72.714s][info][gc,heap        ] GC(632) DefNew: 281031K(314560K)->1436K(314560K) Eden: 279616K(279616K)->0K(279616K) From: 1415K(34944K)->1436K(34944K)
[72.714s][info][gc,heap        ] GC(632) Tenured: 45176K(699072K)->45176K(699072K)
[72.714s][info][gc,metaspace   ] GC(632) Metaspace: 72071K(72768K)->72071K(72768K) NonClass: 57493K(57664K)->57493K(57664K) Class: 14577K(15104K)->14577K(15104K)
[72.714s][info][gc             ] GC(632) Pause Young (Allocation Failure) 318M->45M(989M) 8.363ms
[72.714s][info][gc,cpu         ] GC(632) User=0.00s Sys=0.00s Real=0.00s
[72.785s][info][gc,start       ] GC(633) Pause Young (Allocation Failure)
[72.793s][info][gc,heap        ] GC(633) DefNew: 281052K(314560K)->1386K(314560K) Eden: 279616K(279616K)->0K(279616K) From: 1436K(34944K)->1386K(34944K)
[72.794s][info][gc,heap        ] GC(633) Tenured: 45176K(699072K)->45220K(699072K)
[72.794s][info][gc,metaspace   ] GC(633) Metaspace: 72071K(72768K)->72071K(72768K) NonClass: 57493K(57664K)->57493K(57664K) Class: 14577K(15104K)->14577K(15104K)
[72.794s][info][gc             ] GC(633) Pause Young (Allocation Failure) 318M->45M(989M) 8.339ms
[72.794s][info][gc,cpu         ] GC(633) User=0.00s Sys=0.00s Real=0.00s
[72.865s][info][gc,start       ] GC(634) Pause Young (Allocation Failure)
[72.874s][info][gc,heap        ] GC(634) DefNew: 281002K(314560K)->1428K(314560K) Eden: 279616K(279616K)->0K(279616K) From: 1386K(34944K)->1428K(34944K)
[72.874s][info][gc,heap        ] GC(634) Tenured: 45220K(699072K)->45220K(699072K)
[72.874s][info][gc,metaspace   ] GC(634) Metaspace: 72071K(72768K)->72071K(72768K) NonClass: 57493K(57664K)->57493K(57664K) Class: 14577K(15104K)->14577K(15104K)
[72.874s][info][gc             ] GC(634) Pause Young (Allocation Failure) 318M->45M(989M) 8.468ms
[72.874s][info][gc,cpu         ] GC(634) User=0.00s Sys=0.00s Real=0.00s
[72.945s][info][gc,start       ] GC(635) Pause Young (Allocation Failure)
[72.953s][info][gc,heap        ] GC(635) DefNew: 281044K(314560K)->1448K(314560K) Eden: 279616K(279616K)->0K(279616K) From: 1428K(34944K)->1448K(34944K)
[72.953s][info][gc,heap        ] GC(635) Tenured: 45220K(699072K)->45220K(699072K)
[72.953s][info][gc,metaspace   ] GC(635) Metaspace: 72071K(72768K)->72071K(72768K) NonClass: 57493K(57664K)->57493K(57664K) Class: 14577K(15104K)->14577K(15104K)
[72.953s][info][gc             ] GC(635) Pause Young (Allocation Failure) 318M->45M(989M) 8.487ms
[72.953s][info][gc,cpu         ] GC(635) User=0.00s Sys=0.00s Real=0.00s
[73.025s][info][gc,start       ] GC(636) Pause Young (Allocation Failure)
[73.034s][info][gc,heap        ] GC(636) DefNew: 281064K(314560K)->1434K(314560K) Eden: 279616K(279616K)->0K(279616K) From: 1448K(34944K)->1434K(34944K)
[73.034s][info][gc,heap        ] GC(636) Tenured: 45220K(699072K)->45220K(699072K)
[73.034s][info][gc,metaspace   ] GC(636) Metaspace: 72071K(72768K)->72071K(72768K) NonClass: 57493K(57664K)->57493K(57664K) Class: 14577K(15104K)->14577K(15104K)
[73.034s][info][gc             ] GC(636) Pause Young (Allocation Failure) 318M->45M(989M) 8.423ms
[73.034s][info][gc,cpu         ] GC(636) User=0.00s Sys=0.00s Real=0.00s
[73.105s][info][gc,start       ] GC(637) Pause Young (Allocation Failure)
[73.114s][info][gc,heap        ] GC(637) DefNew: 281050K(314560K)->1436K(314560K) Eden: 279616K(279616K)->0K(279616K) From: 1434K(34944K)->1436K(34944K)
[73.115s][info][gc,heap        ] GC(637) Tenured: 45220K(699072K)->45236K(699072K)
[73.115s][info][gc,metaspace   ] GC(637) Metaspace: 72071K(72768K)->72071K(72768K) NonClass: 57493K(57664K)->57493K(57664K) Class: 14577K(15104K)->14577K(15104K)
[73.115s][info][gc             ] GC(637) Pause Young (Allocation Failure) 318M->45M(989M) 9.528ms
[73.115s][info][gc,cpu         ] GC(637) User=0.00s Sys=0.00s Real=0.00s
[73.186s][info][gc,start       ] GC(638) Pause Young (Allocation Failure)
[73.195s][info][gc,heap        ] GC(638) DefNew: 281052K(314560K)->1422K(314560K) Eden: 279616K(279616K)->0K(279616K) From: 1436K(34944K)->1422K(34944K)
[73.195s][info][gc,heap        ] GC(638) Tenured: 45236K(699072K)->45236K(699072K)
[73.195s][info][gc,metaspace   ] GC(638) Metaspace: 72071K(72768K)->72071K(72768K) NonClass: 57493K(57664K)->57493K(57664K) Class: 14577K(15104K)->14577K(15104K)
[73.195s][info][gc             ] GC(638) Pause Young (Allocation Failure) 318M->45M(989M) 8.906ms
[73.195s][info][gc,cpu         ] GC(638) User=0.00s Sys=0.00s Real=0.00s
[73.267s][info][gc,start       ] GC(639) Pause Young (Allocation Failure)
[73.275s][info][gc,heap        ] GC(639) DefNew: 281038K(314560K)->1427K(314560K) Eden: 279615K(279616K)->0K(279616K) From: 1422K(34944K)->1427K(34944K)
[73.275s][info][gc,heap        ] GC(639) Tenured: 45236K(699072K)->45236K(699072K)
[73.275s][info][gc,metaspace   ] GC(639) Metaspace: 72071K(72768K)->72071K(72768K) NonClass: 57493K(57664K)->57493K(57664K) Class: 14577K(15104K)->14577K(15104K)
[73.275s][info][gc             ] GC(639) Pause Young (Allocation Failure) 318M->45M(989M) 8.349ms
[73.275s][info][gc,cpu         ] GC(639) User=0.00s Sys=0.00s Real=0.00s
[73.346s][info][gc,start       ] GC(640) Pause Young (Allocation Failure)
[73.355s][info][gc,heap        ] GC(640) DefNew: 281043K(314560K)->1413K(314560K) Eden: 279616K(279616K)->0K(279616K) From: 1427K(34944K)->1413K(34944K)
[73.355s][info][gc,heap        ] GC(640) Tenured: 45236K(699072K)->45236K(699072K)
[73.355s][info][gc,metaspace   ] GC(640) Metaspace: 72071K(72768K)->72071K(72768K) NonClass: 57493K(57664K)->57493K(57664K) Class: 14577K(15104K)->14577K(15104K)
[73.355s][info][gc             ] GC(640) Pause Young (Allocation Failure) 318M->45M(989M) 8.845ms
[73.355s][info][gc,cpu         ] GC(640) User=0.02s Sys=0.00s Real=0.01s
[73.427s][info][gc,start       ] GC(641) Pause Young (Allocation Failure)
[73.435s][info][gc,heap        ] GC(641) DefNew: 281029K(314560K)->1374K(314560K) Eden: 279616K(279616K)->0K(279616K) From: 1413K(34944K)->1374K(34944K)
[73.435s][info][gc,heap        ] GC(641) Tenured: 45236K(699072K)->45237K(699072K)
[73.435s][info][gc,metaspace   ] GC(641) Metaspace: 72071K(72768K)->72071K(72768K) NonClass: 57493K(57664K)->57493K(57664K) Class: 14577K(15104K)->14577K(15104K)
[73.435s][info][gc             ] GC(641) Pause Young (Allocation Failure) 318M->45M(989M) 8.446ms
[73.435s][info][gc,cpu         ] GC(641) User=0.00s Sys=0.00s Real=0.00s
[73.506s][info][gc,start       ] GC(642) Pause Young (Allocation Failure)
[73.515s][info][gc,heap        ] GC(642) DefNew: 280990K(314560K)->1426K(314560K) Eden: 279616K(279616K)->0K(279616K) From: 1374K(34944K)->1426K(34944K)
[73.515s][info][gc,heap        ] GC(642) Tenured: 45237K(699072K)->45237K(699072K)
[73.515s][info][gc,metaspace   ] GC(642) Metaspace: 72071K(72768K)->72071K(72768K) NonClass: 57493K(57664K)->57493K(57664K) Class: 14577K(15104K)->14577K(15104K)
[73.515s][info][gc             ] GC(642) Pause Young (Allocation Failure) 318M->45M(989M) 8.518ms
[73.515s][info][gc,cpu         ] GC(642) User=0.00s Sys=0.00s Real=0.00s
[73.586s][info][gc,start       ] GC(643) Pause Young (Allocation Failure)
[73.594s][info][gc,heap        ] GC(643) DefNew: 281042K(314560K)->1399K(314560K) Eden: 279616K(279616K)->0K(279616K) From: 1426K(34944K)->1399K(34944K)
[73.594s][info][gc,heap        ] GC(643) Tenured: 45237K(699072K)->45238K(699072K)
[73.594s][info][gc,metaspace   ] GC(643) Metaspace: 72071K(72768K)->72071K(72768K) NonClass: 57493K(57664K)->57493K(57664K) Class: 14577K(15104K)->14577K(15104K)
[73.595s][info][gc             ] GC(643) Pause Young (Allocation Failure) 318M->45M(989M) 8.355ms
[73.595s][info][gc,cpu         ] GC(643) User=0.00s Sys=0.00s Real=0.00s
[73.666s][info][gc,start       ] GC(644) Pause Young (Allocation Failure)
[73.674s][info][gc,heap        ] GC(644) DefNew: 281015K(314560K)->1423K(314560K) Eden: 279616K(279616K)->0K(279616K) From: 1399K(34944K)->1423K(34944K)
[73.674s][info][gc,heap        ] GC(644) Tenured: 45238K(699072K)->45238K(699072K)
[73.674s][info][gc,metaspace   ] GC(644) Metaspace: 72071K(72768K)->72071K(72768K) NonClass: 57493K(57664K)->57493K(57664K) Class: 14577K(15104K)->14577K(15104K)
[73.674s][info][gc             ] GC(644) Pause Young (Allocation Failure) 318M->45M(989M) 8.558ms
[73.674s][info][gc,cpu         ] GC(644) User=0.00s Sys=0.00s Real=0.01s
[73.746s][info][gc,start       ] GC(645) Pause Young (Allocation Failure)
[73.754s][info][gc,heap        ] GC(645) DefNew: 281039K(314560K)->1445K(314560K) Eden: 279616K(279616K)->0K(279616K) From: 1423K(34944K)->1445K(34944K)
[73.754s][info][gc,heap        ] GC(645) Tenured: 45238K(699072K)->45238K(699072K)
[73.754s][info][gc,metaspace   ] GC(645) Metaspace: 72071K(72768K)->72071K(72768K) NonClass: 57493K(57664K)->57493K(57664K) Class: 14577K(15104K)->14577K(15104K)
[73.754s][info][gc             ] GC(645) Pause Young (Allocation Failure) 318M->45M(989M) 8.670ms
[73.754s][info][gc,cpu         ] GC(645) User=0.00s Sys=0.00s Real=0.01s
[73.825s][info][gc,start       ] GC(646) Pause Young (Allocation Failure)
[73.834s][info][gc,heap        ] GC(646) DefNew: 281061K(314560K)->1437K(314560K) Eden: 279616K(279616K)->0K(279616K) From: 1445K(34944K)->1437K(34944K)
[73.834s][info][gc,heap        ] GC(646) Tenured: 45238K(699072K)->45239K(699072K)
[73.834s][info][gc,metaspace   ] GC(646) Metaspace: 72071K(72768K)->72071K(72768K) NonClass: 57493K(57664K)->57493K(57664K) Class: 14577K(15104K)->14577K(15104K)
[73.834s][info][gc             ] GC(646) Pause Young (Allocation Failure) 318M->45M(989M) 8.413ms
[73.834s][info][gc,cpu         ] GC(646) User=0.00s Sys=0.00s Real=0.00s
[73.905s][info][gc,start       ] GC(647) Pause Young (Allocation Failure)
[73.914s][info][gc,heap        ] GC(647) DefNew: 281053K(314560K)->1416K(314560K) Eden: 279616K(279616K)->0K(279616K) From: 1437K(34944K)->1416K(34944K)
[73.914s][info][gc,heap        ] GC(647) Tenured: 45239K(699072K)->45239K(699072K)
[73.914s][info][gc,metaspace   ] GC(647) Metaspace: 72071K(72768K)->72071K(72768K) NonClass: 57493K(57664K)->57493K(57664K) Class: 14577K(15104K)->14577K(15104K)
[73.914s][info][gc             ] GC(647) Pause Young (Allocation Failure) 318M->45M(989M) 8.506ms
[73.914s][info][gc,cpu         ] GC(647) User=0.02s Sys=0.00s Real=0.01s
[73.985s][info][gc,start       ] GC(648) Pause Young (Allocation Failure)
[73.994s][info][gc,heap        ] GC(648) DefNew: 281032K(314560K)->1474K(314560K) Eden: 279616K(279616K)->0K(279616K) From: 1416K(34944K)->1474K(34944K)
[73.994s][info][gc,heap        ] GC(648) Tenured: 45239K(699072K)->45239K(699072K)
[73.994s][info][gc,metaspace   ] GC(648) Metaspace: 72071K(72768K)->72071K(72768K) NonClass: 57493K(57664K)->57493K(57664K) Class: 14577K(15104K)->14577K(15104K)
[73.994s][info][gc             ] GC(648) Pause Young (Allocation Failure) 318M->45M(989M) 8.612ms
[73.994s][info][gc,cpu         ] GC(648) User=0.00s Sys=0.00s Real=0.00s
[74.065s][info][gc,start       ] GC(649) Pause Young (Allocation Failure)
[74.074s][info][gc,heap        ] GC(649) DefNew: 281090K(314560K)->1387K(314560K) Eden: 279616K(279616K)->0K(279616K) From: 1474K(34944K)->1387K(34944K)
[74.074s][info][gc,heap        ] GC(649) Tenured: 45239K(699072K)->45257K(699072K)
[74.074s][info][gc,metaspace   ] GC(649) Metaspace: 72071K(72768K)->72071K(72768K) NonClass: 57493K(57664K)->57493K(57664K) Class: 14577K(15104K)->14577K(15104K)
[74.074s][info][gc             ] GC(649) Pause Young (Allocation Failure) 318M->45M(989M) 8.444ms
[74.074s][info][gc,cpu         ] GC(649) User=0.00s Sys=0.00s Real=0.00s
[74.145s][info][gc,start       ] GC(650) Pause Young (Allocation Failure)
[74.154s][info][gc,heap        ] GC(650) DefNew: 281003K(314560K)->1478K(314560K) Eden: 279616K(279616K)->0K(279616K) From: 1387K(34944K)->1478K(34944K)
[74.154s][info][gc,heap        ] GC(650) Tenured: 45257K(699072K)->45257K(699072K)
[74.154s][info][gc,metaspace   ] GC(650) Metaspace: 72071K(72768K)->72071K(72768K) NonClass: 57493K(57664K)->57493K(57664K) Class: 14577K(15104K)->14577K(15104K)
[74.154s][info][gc             ] GC(650) Pause Young (Allocation Failure) 318M->45M(989M) 8.550ms
[74.154s][info][gc,cpu         ] GC(650) User=0.00s Sys=0.00s Real=0.00s
[74.225s][info][gc,start       ] GC(651) Pause Young (Allocation Failure)
[74.234s][info][gc,heap        ] GC(651) DefNew: 281094K(314560K)->1439K(314560K) Eden: 279616K(279616K)->0K(279616K) From: 1478K(34944K)->1439K(34944K)
[74.234s][info][gc,heap        ] GC(651) Tenured: 45257K(699072K)->45257K(699072K)
[74.234s][info][gc,metaspace   ] GC(651) Metaspace: 72071K(72768K)->72071K(72768K) NonClass: 57493K(57664K)->57493K(57664K) Class: 14577K(15104K)->14577K(15104K)
[74.234s][info][gc             ] GC(651) Pause Young (Allocation Failure) 318M->45M(989M) 8.458ms
[74.234s][info][gc,cpu         ] GC(651) User=0.02s Sys=0.00s Real=0.00s
[74.306s][info][gc,start       ] GC(652) Pause Young (Allocation Failure)
[74.315s][info][gc,heap        ] GC(652) DefNew: 281055K(314560K)->1437K(314560K) Eden: 279616K(279616K)->0K(279616K) From: 1439K(34944K)->1437K(34944K)
[74.315s][info][gc,heap        ] GC(652) Tenured: 45257K(699072K)->45257K(699072K)
[74.315s][info][gc,metaspace   ] GC(652) Metaspace: 72088K(72832K)->72088K(72832K) NonClass: 57510K(57728K)->57510K(57728K) Class: 14577K(15104K)->14577K(15104K)
[74.315s][info][gc             ] GC(652) Pause Young (Allocation Failure) 318M->45M(989M) 8.660ms
[74.315s][info][gc,cpu         ] GC(652) User=0.00s Sys=0.00s Real=0.00s
[74.386s][info][gc,start       ] GC(653) Pause Young (Allocation Failure)
[74.395s][info][gc,heap        ] GC(653) DefNew: 281053K(314560K)->1425K(314560K) Eden: 279616K(279616K)->0K(279616K) From: 1437K(34944K)->1425K(34944K)
[74.395s][info][gc,heap        ] GC(653) Tenured: 45257K(699072K)->45257K(699072K)
[74.395s][info][gc,metaspace   ] GC(653) Metaspace: 72088K(72832K)->72088K(72832K) NonClass: 57510K(57728K)->57510K(57728K) Class: 14577K(15104K)->14577K(15104K)
[74.395s][info][gc             ] GC(653) Pause Young (Allocation Failure) 318M->45M(989M) 8.656ms
[74.395s][info][gc,cpu         ] GC(653) User=0.00s Sys=0.00s Real=0.00s
[74.467s][info][gc,start       ] GC(654) Pause Young (Allocation Failure)
[74.475s][info][gc,heap        ] GC(654) DefNew: 281041K(314560K)->1498K(314560K) Eden: 279616K(279616K)->0K(279616K) From: 1425K(34944K)->1498K(34944K)
[74.475s][info][gc,heap        ] GC(654) Tenured: 45257K(699072K)->45257K(699072K)
[74.475s][info][gc,metaspace   ] GC(654) Metaspace: 72088K(72832K)->72088K(72832K) NonClass: 57510K(57728K)->57510K(57728K) Class: 14577K(15104K)->14577K(15104K)
[74.475s][info][gc             ] GC(654) Pause Young (Allocation Failure) 318M->45M(989M) 8.732ms
[74.475s][info][gc,cpu         ] GC(654) User=0.00s Sys=0.00s Real=0.00s
[74.547s][info][gc,start       ] GC(655) Pause Young (Allocation Failure)
[74.555s][info][gc,heap        ] GC(655) DefNew: 281114K(314560K)->1478K(314560K) Eden: 279616K(279616K)->0K(279616K) From: 1498K(34944K)->1478K(34944K)
[74.555s][info][gc,heap        ] GC(655) Tenured: 45257K(699072K)->45258K(699072K)
[74.555s][info][gc,metaspace   ] GC(655) Metaspace: 72088K(72832K)->72088K(72832K) NonClass: 57510K(57728K)->57510K(57728K) Class: 14577K(15104K)->14577K(15104K)
[74.556s][info][gc             ] GC(655) Pause Young (Allocation Failure) 318M->45M(989M) 8.673ms
[74.556s][info][gc,cpu         ] GC(655) User=0.00s Sys=0.00s Real=0.00s
[74.628s][info][gc,start       ] GC(656) Pause Young (Allocation Failure)
[74.636s][info][gc,heap        ] GC(656) DefNew: 281094K(314560K)->1455K(314560K) Eden: 279616K(279616K)->0K(279616K) From: 1478K(34944K)->1455K(34944K)
[74.636s][info][gc,heap        ] GC(656) Tenured: 45258K(699072K)->45258K(699072K)
[74.636s][info][gc,metaspace   ] GC(656) Metaspace: 72088K(72832K)->72088K(72832K) NonClass: 57510K(57728K)->57510K(57728K) Class: 14577K(15104K)->14577K(15104K)
[74.636s][info][gc             ] GC(656) Pause Young (Allocation Failure) 318M->45M(989M) 8.826ms
[74.636s][info][gc,cpu         ] GC(656) User=0.00s Sys=0.00s Real=0.00s
[74.708s][info][gc,start       ] GC(657) Pause Young (Allocation Failure)
[74.718s][info][gc,heap        ] GC(657) DefNew: 281071K(314560K)->1454K(314560K) Eden: 279616K(279616K)->0K(279616K) From: 1455K(34944K)->1454K(34944K)
[74.718s][info][gc,heap        ] GC(657) Tenured: 45258K(699072K)->45258K(699072K)
[74.718s][info][gc,metaspace   ] GC(657) Metaspace: 72088K(72832K)->72088K(72832K) NonClass: 57510K(57728K)->57510K(57728K) Class: 14577K(15104K)->14577K(15104K)
[74.718s][info][gc             ] GC(657) Pause Young (Allocation Failure) 318M->45M(989M) 9.625ms
[74.718s][info][gc,cpu         ] GC(657) User=0.00s Sys=0.00s Real=0.00s
[74.790s][info][gc,start       ] GC(658) Pause Young (Allocation Failure)
[74.799s][info][gc,heap        ] GC(658) DefNew: 281070K(314560K)->1484K(314560K) Eden: 279616K(279616K)->0K(279616K) From: 1454K(34944K)->1484K(34944K)
[74.799s][info][gc,heap        ] GC(658) Tenured: 45258K(699072K)->45258K(699072K)
[74.799s][info][gc,metaspace   ] GC(658) Metaspace: 72088K(72832K)->72088K(72832K) NonClass: 57510K(57728K)->57510K(57728K) Class: 14577K(15104K)->14577K(15104K)
[74.799s][info][gc             ] GC(658) Pause Young (Allocation Failure) 318M->45M(989M) 9.214ms
[74.799s][info][gc,cpu         ] GC(658) User=0.00s Sys=0.00s Real=0.00s
[74.872s][info][gc,start       ] GC(659) Pause Young (Allocation Failure)
[74.882s][info][gc,heap        ] GC(659) DefNew: 281100K(314560K)->1555K(314560K) Eden: 279616K(279616K)->0K(279616K) From: 1484K(34944K)->1555K(34944K)
[74.882s][info][gc,heap        ] GC(659) Tenured: 45258K(699072K)->45258K(699072K)
[74.882s][info][gc,metaspace   ] GC(659) Metaspace: 72088K(72832K)->72088K(72832K) NonClass: 57510K(57728K)->57510K(57728K) Class: 14577K(15104K)->14577K(15104K)
[74.882s][info][gc             ] GC(659) Pause Young (Allocation Failure) 318M->45M(989M) 9.808ms
[74.882s][info][gc,cpu         ] GC(659) User=0.00s Sys=0.00s Real=0.00s
[74.956s][info][gc,start       ] GC(660) Pause Young (Allocation Failure)
[74.965s][info][gc,heap        ] GC(660) DefNew: 281171K(314560K)->1446K(314560K) Eden: 279616K(279616K)->0K(279616K) From: 1555K(34944K)->1446K(34944K)
[74.965s][info][gc,heap        ] GC(660) Tenured: 45258K(699072K)->45258K(699072K)
[74.965s][info][gc,metaspace   ] GC(660) Metaspace: 72088K(72832K)->72088K(72832K) NonClass: 57510K(57728K)->57510K(57728K) Class: 14577K(15104K)->14577K(15104K)
[74.965s][info][gc             ] GC(660) Pause Young (Allocation Failure) 318M->45M(989M) 9.377ms
[74.965s][info][gc,cpu         ] GC(660) User=0.00s Sys=0.00s Real=0.00s
[75.039s][info][gc,start       ] GC(661) Pause Young (Allocation Failure)
[75.047s][info][gc,heap        ] GC(661) DefNew: 281062K(314560K)->1524K(314560K) Eden: 279616K(279616K)->0K(279616K) From: 1446K(34944K)->1524K(34944K)
[75.047s][info][gc,heap        ] GC(661) Tenured: 45258K(699072K)->45258K(699072K)
[75.047s][info][gc,metaspace   ] GC(661) Metaspace: 72088K(72832K)->72088K(72832K) NonClass: 57510K(57728K)->57510K(57728K) Class: 14577K(15104K)->14577K(15104K)
[75.047s][info][gc             ] GC(661) Pause Young (Allocation Failure) 318M->45M(989M) 8.702ms
[75.047s][info][gc,cpu         ] GC(661) User=0.00s Sys=0.00s Real=0.00s
[75.122s][info][gc,start       ] GC(662) Pause Young (Allocation Failure)
[75.130s][info][gc,heap        ] GC(662) DefNew: 281140K(314560K)->1442K(314560K) Eden: 279616K(279616K)->0K(279616K) From: 1524K(34944K)->1442K(34944K)
[75.130s][info][gc,heap        ] GC(662) Tenured: 45258K(699072K)->45274K(699072K)
[75.130s][info][gc,metaspace   ] GC(662) Metaspace: 72088K(72832K)->72088K(72832K) NonClass: 57510K(57728K)->57510K(57728K) Class: 14577K(15104K)->14577K(15104K)
[75.130s][info][gc             ] GC(662) Pause Young (Allocation Failure) 318M->45M(989M) 8.257ms
[75.130s][info][gc,cpu         ] GC(662) User=0.00s Sys=0.00s Real=0.00s
[75.207s][info][gc,start       ] GC(663) Pause Young (Allocation Failure)
[75.214s][info][gc,heap        ] GC(663) DefNew: 281058K(314560K)->1418K(314560K) Eden: 279616K(279616K)->0K(279616K) From: 1442K(34944K)->1418K(34944K)
[75.214s][info][gc,heap        ] GC(663) Tenured: 45274K(699072K)->45274K(699072K)
[75.214s][info][gc,metaspace   ] GC(663) Metaspace: 72088K(72832K)->72088K(72832K) NonClass: 57510K(57728K)->57510K(57728K) Class: 14577K(15104K)->14577K(15104K)
[75.215s][info][gc             ] GC(663) Pause Young (Allocation Failure) 318M->45M(989M) 7.541ms
[75.215s][info][gc,cpu         ] GC(663) User=0.00s Sys=0.00s Real=0.00s
[75.295s][info][gc,start       ] GC(664) Pause Young (Allocation Failure)
[75.304s][info][gc,heap        ] GC(664) DefNew: 281034K(314560K)->1431K(314560K) Eden: 279616K(279616K)->0K(279616K) From: 1418K(34944K)->1431K(34944K)
[75.304s][info][gc,heap        ] GC(664) Tenured: 45274K(699072K)->45274K(699072K)
[75.304s][info][gc,metaspace   ] GC(664) Metaspace: 72088K(72832K)->72088K(72832K) NonClass: 57510K(57728K)->57510K(57728K) Class: 14577K(15104K)->14577K(15104K)
[75.304s][info][gc             ] GC(664) Pause Young (Allocation Failure) 318M->45M(989M) 8.493ms
[75.304s][info][gc,cpu         ] GC(664) User=0.00s Sys=0.00s Real=0.00s
[75.398s][info][gc,start       ] GC(665) Pause Young (Allocation Failure)
[75.406s][info][gc,heap        ] GC(665) DefNew: 281047K(314560K)->1358K(314560K) Eden: 279616K(279616K)->0K(279616K) From: 1431K(34944K)->1358K(34944K)
[75.406s][info][gc,heap        ] GC(665) Tenured: 45274K(699072K)->45274K(699072K)
[75.406s][info][gc,metaspace   ] GC(665) Metaspace: 72088K(72832K)->72088K(72832K) NonClass: 57510K(57728K)->57510K(57728K) Class: 14577K(15104K)->14577K(15104K)
[75.406s][info][gc             ] GC(665) Pause Young (Allocation Failure) 318M->45M(989M) 8.103ms
[75.406s][info][gc,cpu         ] GC(665) User=0.02s Sys=0.00s Real=0.02s
[75.507s][info][gc,start       ] GC(666) Pause Young (Allocation Failure)
[75.514s][info][gc,heap        ] GC(666) DefNew: 280974K(314560K)->1392K(314560K) Eden: 279616K(279616K)->0K(279616K) From: 1358K(34944K)->1392K(34944K)
[75.514s][info][gc,heap        ] GC(666) Tenured: 45274K(699072K)->45275K(699072K)
[75.514s][info][gc,metaspace   ] GC(666) Metaspace: 72088K(72832K)->72088K(72832K) NonClass: 57510K(57728K)->57510K(57728K) Class: 14577K(15104K)->14577K(15104K)
[75.514s][info][gc             ] GC(666) Pause Young (Allocation Failure) 318M->45M(989M) 6.746ms
[75.514s][info][gc,cpu         ] GC(666) User=0.00s Sys=0.00s Real=0.00s
[75.621s][info][gc,start       ] GC(667) Pause Young (Allocation Failure)
[75.627s][info][gc,heap        ] GC(667) DefNew: 281008K(314560K)->1352K(314560K) Eden: 279616K(279616K)->0K(279616K) From: 1392K(34944K)->1352K(34944K)
[75.627s][info][gc,heap        ] GC(667) Tenured: 45275K(699072K)->45295K(699072K)
[75.627s][info][gc,metaspace   ] GC(667) Metaspace: 72088K(72832K)->72088K(72832K) NonClass: 57510K(57728K)->57510K(57728K) Class: 14577K(15104K)->14577K(15104K)
[75.627s][info][gc             ] GC(667) Pause Young (Allocation Failure) 318M->45M(989M) 5.920ms
[75.627s][info][gc,cpu         ] GC(667) User=0.02s Sys=0.00s Real=0.02s
[75.742s][info][gc,start       ] GC(668) Pause Young (Allocation Failure)
[75.747s][info][gc,heap        ] GC(668) DefNew: 280968K(314560K)->1384K(314560K) Eden: 279616K(279616K)->0K(279616K) From: 1352K(34944K)->1384K(34944K)
[75.747s][info][gc,heap        ] GC(668) Tenured: 45295K(699072K)->45295K(699072K)
[75.747s][info][gc,metaspace   ] GC(668) Metaspace: 72088K(72832K)->72088K(72832K) NonClass: 57510K(57728K)->57510K(57728K) Class: 14577K(15104K)->14577K(15104K)
[75.747s][info][gc             ] GC(668) Pause Young (Allocation Failure) 318M->45M(989M) 5.631ms
[75.747s][info][gc,cpu         ] GC(668) User=0.00s Sys=0.00s Real=0.00s
[75.871s][info][gc,start       ] GC(669) Pause Young (Allocation Failure)
[75.899s][info][gc,heap        ] GC(669) DefNew: 281000K(314560K)->1341K(314560K) Eden: 279616K(279616K)->0K(279616K) From: 1384K(34944K)->1341K(34944K)
[75.900s][info][gc,heap        ] GC(669) Tenured: 45295K(699072K)->45313K(699072K)
[75.900s][info][gc,metaspace   ] GC(669) Metaspace: 72089K(72896K)->72089K(72896K) NonClass: 57511K(57792K)->57511K(57792K) Class: 14577K(15104K)->14577K(15104K)
[75.900s][info][gc             ] GC(669) Pause Young (Allocation Failure) 318M->45M(989M) 28.448ms
[75.900s][info][gc,cpu         ] GC(669) User=0.00s Sys=0.00s Real=0.03s
[76.057s][info][gc,start       ] GC(670) Pause Young (Allocation Failure)
[76.062s][info][gc,heap        ] GC(670) DefNew: 280957K(314560K)->1314K(314560K) Eden: 279616K(279616K)->0K(279616K) From: 1341K(34944K)->1314K(34944K)
[76.062s][info][gc,heap        ] GC(670) Tenured: 45313K(699072K)->45314K(699072K)
[76.062s][info][gc,metaspace   ] GC(670) Metaspace: 72089K(72896K)->72089K(72896K) NonClass: 57511K(57792K)->57511K(57792K) Class: 14577K(15104K)->14577K(15104K)
[76.062s][info][gc             ] GC(670) Pause Young (Allocation Failure) 318M->45M(989M) 4.739ms
[76.062s][info][gc,cpu         ] GC(670) User=0.00s Sys=0.00s Real=0.00s
[76.240s][info][gc,start       ] GC(671) Pause Young (Allocation Failure)
[76.245s][info][gc,heap        ] GC(671) DefNew: 280930K(314560K)->1276K(314560K) Eden: 279615K(279616K)->0K(279616K) From: 1314K(34944K)->1276K(34944K)
[76.245s][info][gc,heap        ] GC(671) Tenured: 45314K(699072K)->45343K(699072K)
[76.245s][info][gc,metaspace   ] GC(671) Metaspace: 72089K(72896K)->72089K(72896K) NonClass: 57511K(57792K)->57511K(57792K) Class: 14577K(15104K)->14577K(15104K)
[76.245s][info][gc             ] GC(671) Pause Young (Allocation Failure) 318M->45M(989M) 4.401ms
[76.245s][info][gc,cpu         ] GC(671) User=0.02s Sys=0.00s Real=0.00s
[76.432s][info][gc,start       ] GC(672) Pause Young (Allocation Failure)
[76.436s][info][gc,heap        ] GC(672) DefNew: 280892K(314560K)->1255K(314560K) Eden: 279616K(279616K)->0K(279616K) From: 1276K(34944K)->1255K(34944K)
[76.436s][info][gc,heap        ] GC(672) Tenured: 45343K(699072K)->45369K(699072K)
[76.436s][info][gc,metaspace   ] GC(672) Metaspace: 72089K(72896K)->72089K(72896K) NonClass: 57511K(57792K)->57511K(57792K) Class: 14577K(15104K)->14577K(15104K)
[76.436s][info][gc             ] GC(672) Pause Young (Allocation Failure) 318M->45M(989M) 4.176ms
[76.436s][info][gc,cpu         ] GC(672) User=0.02s Sys=0.00s Real=0.02s
[76.624s][info][gc,start       ] GC(673) Pause Young (Allocation Failure)
[76.628s][info][gc,heap        ] GC(673) DefNew: 280871K(314560K)->1194K(314560K) Eden: 279616K(279616K)->0K(279616K) From: 1255K(34944K)->1194K(34944K)
[76.628s][info][gc,heap        ] GC(673) Tenured: 45369K(699072K)->45446K(699072K)
[76.628s][info][gc,metaspace   ] GC(673) Metaspace: 72089K(72896K)->72089K(72896K) NonClass: 57511K(57792K)->57511K(57792K) Class: 14577K(15104K)->14577K(15104K)
[76.628s][info][gc             ] GC(673) Pause Young (Allocation Failure) 318M->45M(989M) 4.098ms
[76.628s][info][gc,cpu         ] GC(673) User=0.02s Sys=0.00s Real=0.02s
[76.818s][info][gc,start       ] GC(674) Pause Young (Allocation Failure)
[76.822s][info][gc,heap        ] GC(674) DefNew: 280810K(314560K)->1111K(314560K) Eden: 279616K(279616K)->0K(279616K) From: 1194K(34944K)->1111K(34944K)
[76.822s][info][gc,heap        ] GC(674) Tenured: 45446K(699072K)->45522K(699072K)
[76.822s][info][gc,metaspace   ] GC(674) Metaspace: 72089K(72896K)->72089K(72896K) NonClass: 57511K(57792K)->57511K(57792K) Class: 14577K(15104K)->14577K(15104K)
[76.822s][info][gc             ] GC(674) Pause Young (Allocation Failure) 318M->45M(989M) 3.974ms
[76.822s][info][gc,cpu         ] GC(674) User=0.02s Sys=0.00s Real=0.00s
[77.010s][info][gc,start       ] GC(675) Pause Young (Allocation Failure)
[77.014s][info][gc,heap        ] GC(675) DefNew: 280727K(314560K)->1026K(314560K) Eden: 279616K(279616K)->0K(279616K) From: 1111K(34944K)->1026K(34944K)
[77.014s][info][gc,heap        ] GC(675) Tenured: 45522K(699072K)->45600K(699072K)
[77.014s][info][gc,metaspace   ] GC(675) Metaspace: 72089K(72896K)->72089K(72896K) NonClass: 57511K(57792K)->57511K(57792K) Class: 14577K(15104K)->14577K(15104K)
[77.014s][info][gc             ] GC(675) Pause Young (Allocation Failure) 318M->45M(989M) 3.841ms
[77.014s][info][gc,cpu         ] GC(675) User=0.00s Sys=0.00s Real=0.00s
[77.188s][info][gc,start       ] GC(676) Pause Full (System.gc())
[77.188s][info][gc,phases,start] GC(676) Phase 1: Mark live objects
[77.238s][info][gc,phases      ] GC(676) Phase 1: Mark live objects 49.733ms
[77.238s][info][gc,phases,start] GC(676) Phase 2: Compute new object addresses
[77.312s][info][gc,phases      ] GC(676) Phase 2: Compute new object addresses 73.772ms
[77.312s][info][gc,phases,start] GC(676) Phase 3: Adjust pointers
[77.336s][info][gc,phases      ] GC(676) Phase 3: Adjust pointers 24.361ms
[77.336s][info][gc,phases,start] GC(676) Phase 4: Move objects
[77.337s][info][gc,phases      ] GC(676) Phase 4: Move objects 0.983ms
[77.338s][info][gc,heap        ] GC(676) DefNew: 200596K(314560K)->0K(314560K) Eden: 199569K(279616K)->0K(279616K) From: 1026K(34944K)->0K(34944K)
[77.338s][info][gc,heap        ] GC(676) Tenured: 45600K(699072K)->46752K(699072K)
[77.338s][info][gc,metaspace   ] GC(676) Metaspace: 72132K(72896K)->72132K(72896K) NonClass: 57555K(57792K)->57555K(57792K) Class: 14577K(15104K)->14577K(15104K)
[77.338s][info][gc             ] GC(676) Pause Full (System.gc()) 240M->45M(989M) 149.656ms
[77.338s][info][gc,cpu         ] GC(676) User=0.14s Sys=0.00s Real=0.14s
[77.433s][info][gc,start       ] GC(677) Pause Young (Allocation Failure)
[77.450s][info][gc,heap        ] GC(677) DefNew: 279616K(314560K)->3568K(314560K) Eden: 279616K(279616K)->0K(279616K) From: 0K(34944K)->3568K(34944K)
[77.451s][info][gc,heap        ] GC(677) Tenured: 46752K(699072K)->46752K(699072K)
[77.451s][info][gc,metaspace   ] GC(677) Metaspace: 72263K(73024K)->72263K(73024K) NonClass: 57685K(57920K)->57685K(57920K) Class: 14577K(15104K)->14577K(15104K)
[77.451s][info][gc             ] GC(677) Pause Young (Allocation Failure) 318M->49M(989M) 17.451ms
[77.451s][info][gc,cpu         ] GC(677) User=0.02s Sys=0.00s Real=0.02s
[77.523s][info][gc,start       ] GC(678) Pause Young (Allocation Failure)
[77.536s][info][gc,heap        ] GC(678) DefNew: 283184K(314560K)->3479K(314560K) Eden: 279616K(279616K)->0K(279616K) From: 3568K(34944K)->3479K(34944K)
[77.536s][info][gc,heap        ] GC(678) Tenured: 46752K(699072K)->46752K(699072K)
[77.536s][info][gc,metaspace   ] GC(678) Metaspace: 72263K(73024K)->72263K(73024K) NonClass: 57685K(57920K)->57685K(57920K) Class: 14577K(15104K)->14577K(15104K)
[77.536s][info][gc             ] GC(678) Pause Young (Allocation Failure) 322M->49M(989M) 13.191ms
[77.536s][info][gc,cpu         ] GC(678) User=0.00s Sys=0.00s Real=0.01s
[77.609s][info][gc,start       ] GC(679) Pause Young (Allocation Failure)
[77.621s][info][gc,heap        ] GC(679) DefNew: 283095K(314560K)->3458K(314560K) Eden: 279616K(279616K)->0K(279616K) From: 3479K(34944K)->3458K(34944K)
[77.621s][info][gc,heap        ] GC(679) Tenured: 46752K(699072K)->46752K(699072K)
[77.621s][info][gc,metaspace   ] GC(679) Metaspace: 72263K(73024K)->72263K(73024K) NonClass: 57685K(57920K)->57685K(57920K) Class: 14577K(15104K)->14577K(15104K)
[77.621s][info][gc             ] GC(679) Pause Young (Allocation Failure) 322M->49M(989M) 12.029ms
[77.621s][info][gc,cpu         ] GC(679) User=0.00s Sys=0.00s Real=0.00s
[77.692s][info][gc,start       ] GC(680) Pause Young (Allocation Failure)
[77.704s][info][gc,heap        ] GC(680) DefNew: 283074K(314560K)->3455K(314560K) Eden: 279616K(279616K)->0K(279616K) From: 3458K(34944K)->3455K(34944K)
[77.704s][info][gc,heap        ] GC(680) Tenured: 46752K(699072K)->46752K(699072K)
[77.704s][info][gc,metaspace   ] GC(680) Metaspace: 72263K(73024K)->72263K(73024K) NonClass: 57685K(57920K)->57685K(57920K) Class: 14577K(15104K)->14577K(15104K)
[77.704s][info][gc             ] GC(680) Pause Young (Allocation Failure) 322M->49M(989M) 12.421ms
[77.705s][info][gc,cpu         ] GC(680) User=0.02s Sys=0.00s Real=0.01s
[77.776s][info][gc,start       ] GC(681) Pause Young (Allocation Failure)
[77.788s][info][gc,heap        ] GC(681) DefNew: 283071K(314560K)->3428K(314560K) Eden: 279616K(279616K)->0K(279616K) From: 3455K(34944K)->3428K(34944K)
[77.788s][info][gc,heap        ] GC(681) Tenured: 46752K(699072K)->46752K(699072K)
[77.788s][info][gc,metaspace   ] GC(681) Metaspace: 72263K(73024K)->72263K(73024K) NonClass: 57685K(57920K)->57685K(57920K) Class: 14577K(15104K)->14577K(15104K)
[77.788s][info][gc             ] GC(681) Pause Young (Allocation Failure) 322M->49M(989M) 11.941ms
[77.788s][info][gc,cpu         ] GC(681) User=0.00s Sys=0.00s Real=0.00s
[77.861s][info][gc,start       ] GC(682) Pause Young (Allocation Failure)
[77.873s][info][gc,heap        ] GC(682) DefNew: 283044K(314560K)->3502K(314560K) Eden: 279616K(279616K)->0K(279616K) From: 3428K(34944K)->3502K(34944K)
[77.873s][info][gc,heap        ] GC(682) Tenured: 46752K(699072K)->46752K(699072K)
[77.873s][info][gc,metaspace   ] GC(682) Metaspace: 72263K(73024K)->72263K(73024K) NonClass: 57685K(57920K)->57685K(57920K) Class: 14577K(15104K)->14577K(15104K)
[77.873s][info][gc             ] GC(682) Pause Young (Allocation Failure) 322M->49M(989M) 12.184ms
[77.873s][info][gc,cpu         ] GC(682) User=0.00s Sys=0.00s Real=0.00s
[77.944s][info][gc,start       ] GC(683) Pause Young (Allocation Failure)
[77.956s][info][gc,heap        ] GC(683) DefNew: 283118K(314560K)->3450K(314560K) Eden: 279616K(279616K)->0K(279616K) From: 3502K(34944K)->3450K(34944K)
[77.956s][info][gc,heap        ] GC(683) Tenured: 46752K(699072K)->46752K(699072K)
[77.956s][info][gc,metaspace   ] GC(683) Metaspace: 72263K(73024K)->72263K(73024K) NonClass: 57685K(57920K)->57685K(57920K) Class: 14577K(15104K)->14577K(15104K)
[77.956s][info][gc             ] GC(683) Pause Young (Allocation Failure) 322M->49M(989M) 12.010ms
[77.956s][info][gc,cpu         ] GC(683) User=0.00s Sys=0.00s Real=0.00s
[78.028s][info][gc,start       ] GC(684) Pause Young (Allocation Failure)
[78.040s][info][gc,heap        ] GC(684) DefNew: 283066K(314560K)->3487K(314560K) Eden: 279616K(279616K)->0K(279616K) From: 3450K(34944K)->3487K(34944K)
[78.040s][info][gc,heap        ] GC(684) Tenured: 46752K(699072K)->46752K(699072K)
[78.040s][info][gc,metaspace   ] GC(684) Metaspace: 72263K(73024K)->72263K(73024K) NonClass: 57685K(57920K)->57685K(57920K) Class: 14577K(15104K)->14577K(15104K)
[78.040s][info][gc             ] GC(684) Pause Young (Allocation Failure) 322M->49M(989M) 12.123ms
[78.040s][info][gc,cpu         ] GC(684) User=0.00s Sys=0.00s Real=0.00s
[78.113s][info][gc,start       ] GC(685) Pause Young (Allocation Failure)
[78.126s][info][gc,heap        ] GC(685) DefNew: 283103K(314560K)->3498K(314560K) Eden: 279616K(279616K)->0K(279616K) From: 3487K(34944K)->3498K(34944K)
[78.126s][info][gc,heap        ] GC(685) Tenured: 46752K(699072K)->46752K(699072K)
[78.126s][info][gc,metaspace   ] GC(685) Metaspace: 72263K(73024K)->72263K(73024K) NonClass: 57685K(57920K)->57685K(57920K) Class: 14577K(15104K)->14577K(15104K)
[78.126s][info][gc             ] GC(685) Pause Young (Allocation Failure) 322M->49M(989M) 12.332ms
[78.126s][info][gc,cpu         ] GC(685) User=0.00s Sys=0.00s Real=0.00s
[78.197s][info][gc,start       ] GC(686) Pause Young (Allocation Failure)
[78.209s][info][gc,heap        ] GC(686) DefNew: 283114K(314560K)->3504K(314560K) Eden: 279616K(279616K)->0K(279616K) From: 3498K(34944K)->3504K(34944K)
[78.209s][info][gc,heap        ] GC(686) Tenured: 46752K(699072K)->46752K(699072K)
[78.209s][info][gc,metaspace   ] GC(686) Metaspace: 72263K(73024K)->72263K(73024K) NonClass: 57685K(57920K)->57685K(57920K) Class: 14577K(15104K)->14577K(15104K)
[78.209s][info][gc             ] GC(686) Pause Young (Allocation Failure) 322M->49M(989M) 12.444ms
[78.209s][info][gc,cpu         ] GC(686) User=0.00s Sys=0.00s Real=0.00s
[78.281s][info][gc,start       ] GC(687) Pause Young (Allocation Failure)
[78.293s][info][gc,heap        ] GC(687) DefNew: 283120K(314560K)->3493K(314560K) Eden: 279616K(279616K)->0K(279616K) From: 3504K(34944K)->3493K(34944K)
[78.293s][info][gc,heap        ] GC(687) Tenured: 46752K(699072K)->46752K(699072K)
[78.293s][info][gc,metaspace   ] GC(687) Metaspace: 72263K(73024K)->72263K(73024K) NonClass: 57685K(57920K)->57685K(57920K) Class: 14577K(15104K)->14577K(15104K)
[78.293s][info][gc             ] GC(687) Pause Young (Allocation Failure) 322M->49M(989M) 12.139ms
[78.293s][info][gc,cpu         ] GC(687) User=0.00s Sys=0.00s Real=0.00s
[78.366s][info][gc,start       ] GC(688) Pause Young (Allocation Failure)
[78.377s][info][gc,heap        ] GC(688) DefNew: 283109K(314560K)->3453K(314560K) Eden: 279616K(279616K)->0K(279616K) From: 3493K(34944K)->3453K(34944K)
[78.377s][info][gc,heap        ] GC(688) Tenured: 46752K(699072K)->46752K(699072K)
[78.378s][info][gc,metaspace   ] GC(688) Metaspace: 72263K(73024K)->72263K(73024K) NonClass: 57685K(57920K)->57685K(57920K) Class: 14577K(15104K)->14577K(15104K)
[78.378s][info][gc             ] GC(688) Pause Young (Allocation Failure) 322M->49M(989M) 11.949ms
[78.378s][info][gc,cpu         ] GC(688) User=0.02s Sys=0.00s Real=0.00s
[78.449s][info][gc,start       ] GC(689) Pause Young (Allocation Failure)
[78.461s][info][gc,heap        ] GC(689) DefNew: 283069K(314560K)->3487K(314560K) Eden: 279616K(279616K)->0K(279616K) From: 3453K(34944K)->3487K(34944K)
[78.461s][info][gc,heap        ] GC(689) Tenured: 46752K(699072K)->46752K(699072K)
[78.461s][info][gc,metaspace   ] GC(689) Metaspace: 72263K(73024K)->72263K(73024K) NonClass: 57685K(57920K)->57685K(57920K) Class: 14577K(15104K)->14577K(15104K)
[78.461s][info][gc             ] GC(689) Pause Young (Allocation Failure) 322M->49M(989M) 12.189ms
[78.461s][info][gc,cpu         ] GC(689) User=0.00s Sys=0.00s Real=0.00s
[78.533s][info][gc,start       ] GC(690) Pause Young (Allocation Failure)
[78.545s][info][gc,heap        ] GC(690) DefNew: 283103K(314560K)->3469K(314560K) Eden: 279616K(279616K)->0K(279616K) From: 3487K(34944K)->3469K(34944K)
[78.545s][info][gc,heap        ] GC(690) Tenured: 46752K(699072K)->46752K(699072K)
[78.545s][info][gc,metaspace   ] GC(690) Metaspace: 72263K(73024K)->72263K(73024K) NonClass: 57685K(57920K)->57685K(57920K) Class: 14577K(15104K)->14577K(15104K)
[78.545s][info][gc             ] GC(690) Pause Young (Allocation Failure) 322M->49M(989M) 12.314ms
[78.545s][info][gc,cpu         ] GC(690) User=0.02s Sys=0.00s Real=0.01s
[78.617s][info][gc,start       ] GC(691) Pause Young (Allocation Failure)
[78.638s][info][gc,heap        ] GC(691) DefNew: 283085K(314560K)->3451K(314560K) Eden: 279616K(279616K)->0K(279616K) From: 3469K(34944K)->3451K(34944K)
[78.638s][info][gc,heap        ] GC(691) Tenured: 46752K(699072K)->46752K(699072K)
[78.638s][info][gc,metaspace   ] GC(691) Metaspace: 72263K(73024K)->72263K(73024K) NonClass: 57685K(57920K)->57685K(57920K) Class: 14577K(15104K)->14577K(15104K)
[78.638s][info][gc             ] GC(691) Pause Young (Allocation Failure) 322M->49M(989M) 21.495ms
[78.638s][info][gc,cpu         ] GC(691) User=0.02s Sys=0.00s Real=0.02s
[78.711s][info][gc,start       ] GC(692) Pause Young (Allocation Failure)
[78.724s][info][gc,heap        ] GC(692) DefNew: 283067K(314560K)->1451K(314560K) Eden: 279616K(279616K)->0K(279616K) From: 3451K(34944K)->1451K(34944K)
[78.724s][info][gc,heap        ] GC(692) Tenured: 46752K(699072K)->48786K(699072K)
[78.724s][info][gc,metaspace   ] GC(692) Metaspace: 72263K(73024K)->72263K(73024K) NonClass: 57685K(57920K)->57685K(57920K) Class: 14577K(15104K)->14577K(15104K)
[78.724s][info][gc             ] GC(692) Pause Young (Allocation Failure) 322M->49M(989M) 12.893ms
[78.724s][info][gc,cpu         ] GC(692) User=0.00s Sys=0.00s Real=0.00s
[78.797s][info][gc,start       ] GC(693) Pause Young (Allocation Failure)
[78.806s][info][gc,heap        ] GC(693) DefNew: 281067K(314560K)->1450K(314560K) Eden: 279616K(279616K)->0K(279616K) From: 1451K(34944K)->1450K(34944K)
[78.806s][info][gc,heap        ] GC(693) Tenured: 48786K(699072K)->48787K(699072K)
[78.806s][info][gc,metaspace   ] GC(693) Metaspace: 72263K(73024K)->72263K(73024K) NonClass: 57685K(57920K)->57685K(57920K) Class: 14577K(15104K)->14577K(15104K)
[78.806s][info][gc             ] GC(693) Pause Young (Allocation Failure) 322M->49M(989M) 8.392ms
[78.806s][info][gc,cpu         ] GC(693) User=0.00s Sys=0.00s Real=0.00s
[78.877s][info][gc,start       ] GC(694) Pause Young (Allocation Failure)
[78.886s][info][gc,heap        ] GC(694) DefNew: 281066K(314560K)->1478K(314560K) Eden: 279616K(279616K)->0K(279616K) From: 1450K(34944K)->1478K(34944K)
[78.886s][info][gc,heap        ] GC(694) Tenured: 48787K(699072K)->48787K(699072K)
[78.886s][info][gc,metaspace   ] GC(694) Metaspace: 72263K(73024K)->72263K(73024K) NonClass: 57685K(57920K)->57685K(57920K) Class: 14577K(15104K)->14577K(15104K)
[78.886s][info][gc             ] GC(694) Pause Young (Allocation Failure) 322M->49M(989M) 8.667ms
[78.886s][info][gc,cpu         ] GC(694) User=0.00s Sys=0.00s Real=0.00s
[78.957s][info][gc,start       ] GC(695) Pause Young (Allocation Failure)
[78.965s][info][gc,heap        ] GC(695) DefNew: 281094K(314560K)->1412K(314560K) Eden: 279616K(279616K)->0K(279616K) From: 1478K(34944K)->1412K(34944K)
[78.965s][info][gc,heap        ] GC(695) Tenured: 48787K(699072K)->48787K(699072K)
[78.965s][info][gc,metaspace   ] GC(695) Metaspace: 72263K(73024K)->72263K(73024K) NonClass: 57685K(57920K)->57685K(57920K) Class: 14577K(15104K)->14577K(15104K)
[78.966s][info][gc             ] GC(695) Pause Young (Allocation Failure) 322M->49M(989M) 8.349ms
[78.966s][info][gc,cpu         ] GC(695) User=0.02s Sys=0.00s Real=0.01s
[79.036s][info][gc,start       ] GC(696) Pause Young (Allocation Failure)
[79.045s][info][gc,heap        ] GC(696) DefNew: 281028K(314560K)->1443K(314560K) Eden: 279616K(279616K)->0K(279616K) From: 1412K(34944K)->1443K(34944K)
[79.045s][info][gc,heap        ] GC(696) Tenured: 48787K(699072K)->48787K(699072K)
[79.045s][info][gc,metaspace   ] GC(696) Metaspace: 72263K(73024K)->72263K(73024K) NonClass: 57685K(57920K)->57685K(57920K) Class: 14577K(15104K)->14577K(15104K)
[79.045s][info][gc             ] GC(696) Pause Young (Allocation Failure) 322M->49M(989M) 8.605ms
[79.045s][info][gc,cpu         ] GC(696) User=0.00s Sys=0.00s Real=0.00s
[79.115s][info][gc,start       ] GC(697) Pause Young (Allocation Failure)
[79.124s][info][gc,heap        ] GC(697) DefNew: 281059K(314560K)->1388K(314560K) Eden: 279616K(279616K)->0K(279616K) From: 1443K(34944K)->1388K(34944K)
[79.124s][info][gc,heap        ] GC(697) Tenured: 48787K(699072K)->48806K(699072K)
[79.124s][info][gc,metaspace   ] GC(697) Metaspace: 72263K(73024K)->72263K(73024K) NonClass: 57685K(57920K)->57685K(57920K) Class: 14577K(15104K)->14577K(15104K)
[79.124s][info][gc             ] GC(697) Pause Young (Allocation Failure) 322M->49M(989M) 9.284ms
[79.124s][info][gc,cpu         ] GC(697) User=0.00s Sys=0.00s Real=0.00s
[79.196s][info][gc,start       ] GC(698) Pause Young (Allocation Failure)
[79.205s][info][gc,heap        ] GC(698) DefNew: 281004K(314560K)->1413K(314560K) Eden: 279616K(279616K)->0K(279616K) From: 1388K(34944K)->1413K(34944K)
[79.205s][info][gc,heap        ] GC(698) Tenured: 48806K(699072K)->48807K(699072K)
[79.205s][info][gc,metaspace   ] GC(698) Metaspace: 72263K(73024K)->72263K(73024K) NonClass: 57685K(57920K)->57685K(57920K) Class: 14577K(15104K)->14577K(15104K)
[79.205s][info][gc             ] GC(698) Pause Young (Allocation Failure) 322M->49M(989M) 8.855ms
[79.205s][info][gc,cpu         ] GC(698) User=0.00s Sys=0.00s Real=0.00s
[79.276s][info][gc,start       ] GC(699) Pause Young (Allocation Failure)
[79.285s][info][gc,heap        ] GC(699) DefNew: 281029K(314560K)->1459K(314560K) Eden: 279616K(279616K)->0K(279616K) From: 1413K(34944K)->1459K(34944K)
[79.285s][info][gc,heap        ] GC(699) Tenured: 48807K(699072K)->48807K(699072K)
[79.285s][info][gc,metaspace   ] GC(699) Metaspace: 72263K(73024K)->72263K(73024K) NonClass: 57685K(57920K)->57685K(57920K) Class: 14577K(15104K)->14577K(15104K)
[79.285s][info][gc             ] GC(699) Pause Young (Allocation Failure) 322M->49M(989M) 8.497ms
[79.285s][info][gc,cpu         ] GC(699) User=0.00s Sys=0.00s Real=0.00s
[79.356s][info][gc,start       ] GC(700) Pause Young (Allocation Failure)
[79.364s][info][gc,heap        ] GC(700) DefNew: 281075K(314560K)->1389K(314560K) Eden: 279616K(279616K)->0K(279616K) From: 1459K(34944K)->1389K(34944K)
[79.364s][info][gc,heap        ] GC(700) Tenured: 48807K(699072K)->48807K(699072K)
[79.364s][info][gc,metaspace   ] GC(700) Metaspace: 72263K(73024K)->72263K(73024K) NonClass: 57685K(57920K)->57685K(57920K) Class: 14577K(15104K)->14577K(15104K)
[79.364s][info][gc             ] GC(700) Pause Young (Allocation Failure) 322M->49M(989M) 8.369ms
[79.364s][info][gc,cpu         ] GC(700) User=0.00s Sys=0.00s Real=0.00s
[79.436s][info][gc,start       ] GC(701) Pause Young (Allocation Failure)
[79.444s][info][gc,heap        ] GC(701) DefNew: 281005K(314560K)->1496K(314560K) Eden: 279616K(279616K)->0K(279616K) From: 1389K(34944K)->1496K(34944K)
[79.444s][info][gc,heap        ] GC(701) Tenured: 48807K(699072K)->48808K(699072K)
[79.444s][info][gc,metaspace   ] GC(701) Metaspace: 72263K(73024K)->72263K(73024K) NonClass: 57686K(57920K)->57686K(57920K) Class: 14577K(15104K)->14577K(15104K)
[79.444s][info][gc             ] GC(701) Pause Young (Allocation Failure) 322M->49M(989M) 8.476ms
[79.444s][info][gc,cpu         ] GC(701) User=0.00s Sys=0.00s Real=0.00s
[79.515s][info][gc,start       ] GC(702) Pause Young (Allocation Failure)
[79.524s][info][gc,heap        ] GC(702) DefNew: 281112K(314560K)->1432K(314560K) Eden: 279616K(279616K)->0K(279616K) From: 1496K(34944K)->1432K(34944K)
[79.524s][info][gc,heap        ] GC(702) Tenured: 48808K(699072K)->48808K(699072K)
[79.524s][info][gc,metaspace   ] GC(702) Metaspace: 72263K(73024K)->72263K(73024K) NonClass: 57686K(57920K)->57686K(57920K) Class: 14577K(15104K)->14577K(15104K)
[79.524s][info][gc             ] GC(702) Pause Young (Allocation Failure) 322M->49M(989M) 9.156ms
[79.525s][info][gc,cpu         ] GC(702) User=0.00s Sys=0.00s Real=0.00s
[79.595s][info][gc,start       ] GC(703) Pause Young (Allocation Failure)
[79.604s][info][gc,heap        ] GC(703) DefNew: 281048K(314560K)->1473K(314560K) Eden: 279616K(279616K)->0K(279616K) From: 1432K(34944K)->1473K(34944K)
[79.604s][info][gc,heap        ] GC(703) Tenured: 48808K(699072K)->48808K(699072K)
[79.604s][info][gc,metaspace   ] GC(703) Metaspace: 72263K(73024K)->72263K(73024K) NonClass: 57686K(57920K)->57686K(57920K) Class: 14577K(15104K)->14577K(15104K)
[79.604s][info][gc             ] GC(703) Pause Young (Allocation Failure) 322M->49M(989M) 8.819ms
[79.604s][info][gc,cpu         ] GC(703) User=0.00s Sys=0.00s Real=0.00s
[79.675s][info][gc,start       ] GC(704) Pause Young (Allocation Failure)
[79.684s][info][gc,heap        ] GC(704) DefNew: 281089K(314560K)->1451K(314560K) Eden: 279616K(279616K)->0K(279616K) From: 1473K(34944K)->1451K(34944K)
[79.684s][info][gc,heap        ] GC(704) Tenured: 48808K(699072K)->48808K(699072K)
[79.684s][info][gc,metaspace   ] GC(704) Metaspace: 72263K(73024K)->72263K(73024K) NonClass: 57686K(57920K)->57686K(57920K) Class: 14577K(15104K)->14577K(15104K)
[79.684s][info][gc             ] GC(704) Pause Young (Allocation Failure) 322M->49M(989M) 8.478ms
[79.684s][info][gc,cpu         ] GC(704) User=0.00s Sys=0.00s Real=0.00s
[79.755s][info][gc,start       ] GC(705) Pause Young (Allocation Failure)
[79.763s][info][gc,heap        ] GC(705) DefNew: 281067K(314560K)->1463K(314560K) Eden: 279616K(279616K)->0K(279616K) From: 1451K(34944K)->1463K(34944K)
[79.763s][info][gc,heap        ] GC(705) Tenured: 48808K(699072K)->48808K(699072K)
[79.763s][info][gc,metaspace   ] GC(705) Metaspace: 72263K(73024K)->72263K(73024K) NonClass: 57686K(57920K)->57686K(57920K) Class: 14577K(15104K)->14577K(15104K)
[79.763s][info][gc             ] GC(705) Pause Young (Allocation Failure) 322M->49M(989M) 8.512ms
[79.763s][info][gc,cpu         ] GC(705) User=0.00s Sys=0.00s Real=0.00s
[79.835s][info][gc,start       ] GC(706) Pause Young (Allocation Failure)
[79.843s][info][gc,heap        ] GC(706) DefNew: 281079K(314560K)->1480K(314560K) Eden: 279616K(279616K)->0K(279616K) From: 1463K(34944K)->1480K(34944K)
[79.843s][info][gc,heap        ] GC(706) Tenured: 48808K(699072K)->48808K(699072K)
[79.843s][info][gc,metaspace   ] GC(706) Metaspace: 72263K(73024K)->72263K(73024K) NonClass: 57686K(57920K)->57686K(57920K) Class: 14577K(15104K)->14577K(15104K)
[79.843s][info][gc             ] GC(706) Pause Young (Allocation Failure) 322M->49M(989M) 8.492ms
[79.843s][info][gc,cpu         ] GC(706) User=0.00s Sys=0.00s Real=0.00s
[79.914s][info][gc,start       ] GC(707) Pause Young (Allocation Failure)
[79.923s][info][gc,heap        ] GC(707) DefNew: 281096K(314560K)->1458K(314560K) Eden: 279616K(279616K)->0K(279616K) From: 1480K(34944K)->1458K(34944K)
[79.923s][info][gc,heap        ] GC(707) Tenured: 48808K(699072K)->48808K(699072K)
[79.923s][info][gc,metaspace   ] GC(707) Metaspace: 72263K(73024K)->72263K(73024K) NonClass: 57686K(57920K)->57686K(57920K) Class: 14577K(15104K)->14577K(15104K)
[79.923s][info][gc             ] GC(707) Pause Young (Allocation Failure) 322M->49M(989M) 8.396ms
[79.923s][info][gc,cpu         ] GC(707) User=0.00s Sys=0.00s Real=0.00s
[79.994s][info][gc,start       ] GC(708) Pause Young (Allocation Failure)
[80.002s][info][gc,heap        ] GC(708) DefNew: 281074K(314560K)->1478K(314560K) Eden: 279615K(279616K)->0K(279616K) From: 1458K(34944K)->1478K(34944K)
[80.002s][info][gc,heap        ] GC(708) Tenured: 48808K(699072K)->48808K(699072K)
[80.002s][info][gc,metaspace   ] GC(708) Metaspace: 72263K(73024K)->72263K(73024K) NonClass: 57686K(57920K)->57686K(57920K) Class: 14577K(15104K)->14577K(15104K)
[80.002s][info][gc             ] GC(708) Pause Young (Allocation Failure) 322M->49M(989M) 8.581ms
[80.002s][info][gc,cpu         ] GC(708) User=0.00s Sys=0.00s Real=0.00s
[80.074s][info][gc,start       ] GC(709) Pause Young (Allocation Failure)
[80.082s][info][gc,heap        ] GC(709) DefNew: 281094K(314560K)->1494K(314560K) Eden: 279616K(279616K)->0K(279616K) From: 1478K(34944K)->1494K(34944K)
[80.082s][info][gc,heap        ] GC(709) Tenured: 48808K(699072K)->48825K(699072K)
[80.082s][info][gc,metaspace   ] GC(709) Metaspace: 72263K(73024K)->72263K(73024K) NonClass: 57686K(57920K)->57686K(57920K) Class: 14577K(15104K)->14577K(15104K)
[80.082s][info][gc             ] GC(709) Pause Young (Allocation Failure) 322M->49M(989M) 8.525ms
[80.082s][info][gc,cpu         ] GC(709) User=0.00s Sys=0.00s Real=0.00s
[80.153s][info][gc,start       ] GC(710) Pause Young (Allocation Failure)
[80.161s][info][gc,heap        ] GC(710) DefNew: 281110K(314560K)->1463K(314560K) Eden: 279616K(279616K)->0K(279616K) From: 1494K(34944K)->1463K(34944K)
[80.161s][info][gc,heap        ] GC(710) Tenured: 48825K(699072K)->48825K(699072K)
[80.161s][info][gc,metaspace   ] GC(710) Metaspace: 72263K(73024K)->72263K(73024K) NonClass: 57686K(57920K)->57686K(57920K) Class: 14577K(15104K)->14577K(15104K)
[80.161s][info][gc             ] GC(710) Pause Young (Allocation Failure) 322M->49M(989M) 8.377ms
[80.161s][info][gc,cpu         ] GC(710) User=0.00s Sys=0.00s Real=0.00s
[80.232s][info][gc,start       ] GC(711) Pause Young (Allocation Failure)
[80.241s][info][gc,heap        ] GC(711) DefNew: 281079K(314560K)->1458K(314560K) Eden: 279616K(279616K)->0K(279616K) From: 1463K(34944K)->1458K(34944K)
[80.241s][info][gc,heap        ] GC(711) Tenured: 48825K(699072K)->48825K(699072K)
[80.241s][info][gc,metaspace   ] GC(711) Metaspace: 72263K(73024K)->72263K(73024K) NonClass: 57686K(57920K)->57686K(57920K) Class: 14577K(15104K)->14577K(15104K)
[80.241s][info][gc             ] GC(711) Pause Young (Allocation Failure) 322M->49M(989M) 9.303ms
[80.241s][info][gc,cpu         ] GC(711) User=0.00s Sys=0.00s Real=0.00s
[80.313s][info][gc,start       ] GC(712) Pause Young (Allocation Failure)
[80.322s][info][gc,heap        ] GC(712) DefNew: 281074K(314560K)->1466K(314560K) Eden: 279616K(279616K)->0K(279616K) From: 1458K(34944K)->1466K(34944K)
[80.322s][info][gc,heap        ] GC(712) Tenured: 48825K(699072K)->48825K(699072K)
[80.322s][info][gc,metaspace   ] GC(712) Metaspace: 72263K(73024K)->72263K(73024K) NonClass: 57686K(57920K)->57686K(57920K) Class: 14577K(15104K)->14577K(15104K)
[80.322s][info][gc             ] GC(712) Pause Young (Allocation Failure) 322M->49M(989M) 9.032ms
[80.322s][info][gc,cpu         ] GC(712) User=0.00s Sys=0.00s Real=0.00s
[80.393s][info][gc,start       ] GC(713) Pause Young (Allocation Failure)
[80.403s][info][gc,heap        ] GC(713) DefNew: 281082K(314560K)->1489K(314560K) Eden: 279616K(279616K)->0K(279616K) From: 1466K(34944K)->1489K(34944K)
[80.403s][info][gc,heap        ] GC(713) Tenured: 48825K(699072K)->48825K(699072K)
[80.403s][info][gc,metaspace   ] GC(713) Metaspace: 72263K(73024K)->72263K(73024K) NonClass: 57686K(57920K)->57686K(57920K) Class: 14577K(15104K)->14577K(15104K)
[80.403s][info][gc             ] GC(713) Pause Young (Allocation Failure) 322M->49M(989M) 9.521ms
[80.403s][info][gc,cpu         ] GC(713) User=0.02s Sys=0.00s Real=0.01s
[80.474s][info][gc,start       ] GC(714) Pause Young (Allocation Failure)
[80.483s][info][gc,heap        ] GC(714) DefNew: 281105K(314560K)->1461K(314560K) Eden: 279616K(279616K)->0K(279616K) From: 1489K(34944K)->1461K(34944K)
[80.483s][info][gc,heap        ] GC(714) Tenured: 48825K(699072K)->48825K(699072K)
[80.483s][info][gc,metaspace   ] GC(714) Metaspace: 72263K(73024K)->72263K(73024K) NonClass: 57686K(57920K)->57686K(57920K) Class: 14577K(15104K)->14577K(15104K)
[80.483s][info][gc             ] GC(714) Pause Young (Allocation Failure) 322M->49M(989M) 8.928ms
[80.483s][info][gc,cpu         ] GC(714) User=0.00s Sys=0.00s Real=0.00s
[80.554s][info][gc,start       ] GC(715) Pause Young (Allocation Failure)
[80.563s][info][gc,heap        ] GC(715) DefNew: 281077K(314560K)->1487K(314560K) Eden: 279616K(279616K)->0K(279616K) From: 1461K(34944K)->1487K(34944K)
[80.563s][info][gc,heap        ] GC(715) Tenured: 48825K(699072K)->48825K(699072K)
[80.563s][info][gc,metaspace   ] GC(715) Metaspace: 72263K(73024K)->72263K(73024K) NonClass: 57686K(57920K)->57686K(57920K) Class: 14577K(15104K)->14577K(15104K)
[80.563s][info][gc             ] GC(715) Pause Young (Allocation Failure) 322M->49M(989M) 8.678ms
[80.563s][info][gc,cpu         ] GC(715) User=0.02s Sys=0.00s Real=0.00s
[80.634s][info][gc,start       ] GC(716) Pause Young (Allocation Failure)
[80.643s][info][gc,heap        ] GC(716) DefNew: 281103K(314560K)->1395K(314560K) Eden: 279616K(279616K)->0K(279616K) From: 1487K(34944K)->1395K(34944K)
[80.643s][info][gc,heap        ] GC(716) Tenured: 48825K(699072K)->48868K(699072K)
[80.643s][info][gc,metaspace   ] GC(716) Metaspace: 72263K(73024K)->72263K(73024K) NonClass: 57686K(57920K)->57686K(57920K) Class: 14577K(15104K)->14577K(15104K)
[80.643s][info][gc             ] GC(716) Pause Young (Allocation Failure) 322M->49M(989M) 8.542ms
[80.643s][info][gc,cpu         ] GC(716) User=0.00s Sys=0.00s Real=0.00s
[80.714s][info][gc,start       ] GC(717) Pause Young (Allocation Failure)
[80.722s][info][gc,heap        ] GC(717) DefNew: 281011K(314560K)->1453K(314560K) Eden: 279616K(279616K)->0K(279616K) From: 1395K(34944K)->1453K(34944K)
[80.722s][info][gc,heap        ] GC(717) Tenured: 48868K(699072K)->48868K(699072K)
[80.722s][info][gc,metaspace   ] GC(717) Metaspace: 72263K(73024K)->72263K(73024K) NonClass: 57686K(57920K)->57686K(57920K) Class: 14577K(15104K)->14577K(15104K)
[80.722s][info][gc             ] GC(717) Pause Young (Allocation Failure) 322M->49M(989M) 8.585ms
[80.722s][info][gc,cpu         ] GC(717) User=0.00s Sys=0.00s Real=0.00s
[80.793s][info][gc,start       ] GC(718) Pause Young (Allocation Failure)
[80.802s][info][gc,heap        ] GC(718) DefNew: 281069K(314560K)->1387K(314560K) Eden: 279616K(279616K)->0K(279616K) From: 1453K(34944K)->1387K(34944K)
[80.802s][info][gc,heap        ] GC(718) Tenured: 48868K(699072K)->48868K(699072K)
[80.802s][info][gc,metaspace   ] GC(718) Metaspace: 72263K(73024K)->72263K(73024K) NonClass: 57686K(57920K)->57686K(57920K) Class: 14577K(15104K)->14577K(15104K)
[80.802s][info][gc             ] GC(718) Pause Young (Allocation Failure) 322M->49M(989M) 8.425ms
[80.802s][info][gc,cpu         ] GC(718) User=0.00s Sys=0.00s Real=0.00s
[80.873s][info][gc,start       ] GC(719) Pause Young (Allocation Failure)
[80.882s][info][gc,heap        ] GC(719) DefNew: 281003K(314560K)->1492K(314560K) Eden: 279616K(279616K)->0K(279616K) From: 1387K(34944K)->1492K(34944K)
[80.882s][info][gc,heap        ] GC(719) Tenured: 48868K(699072K)->48869K(699072K)
[80.882s][info][gc,metaspace   ] GC(719) Metaspace: 72263K(73024K)->72263K(73024K) NonClass: 57686K(57920K)->57686K(57920K) Class: 14577K(15104K)->14577K(15104K)
[80.882s][info][gc             ] GC(719) Pause Young (Allocation Failure) 322M->49M(989M) 8.745ms
[80.882s][info][gc,cpu         ] GC(719) User=0.00s Sys=0.00s Real=0.00s
[80.953s][info][gc,start       ] GC(720) Pause Young (Allocation Failure)
[80.961s][info][gc,heap        ] GC(720) DefNew: 281108K(314560K)->1449K(314560K) Eden: 279616K(279616K)->0K(279616K) From: 1492K(34944K)->1449K(34944K)
[80.961s][info][gc,heap        ] GC(720) Tenured: 48869K(699072K)->48870K(699072K)
[80.961s][info][gc,metaspace   ] GC(720) Metaspace: 72263K(73024K)->72263K(73024K) NonClass: 57686K(57920K)->57686K(57920K) Class: 14577K(15104K)->14577K(15104K)
[80.961s][info][gc             ] GC(720) Pause Young (Allocation Failure) 322M->49M(989M) 8.528ms
[80.961s][info][gc,cpu         ] GC(720) User=0.00s Sys=0.00s Real=0.00s
[81.032s][info][gc,start       ] GC(721) Pause Young (Allocation Failure)
[81.041s][info][gc,heap        ] GC(721) DefNew: 281065K(314560K)->1387K(314560K) Eden: 279616K(279616K)->0K(279616K) From: 1449K(34944K)->1387K(34944K)
[81.041s][info][gc,heap        ] GC(721) Tenured: 48870K(699072K)->48886K(699072K)
[81.041s][info][gc,metaspace   ] GC(721) Metaspace: 72263K(73024K)->72263K(73024K) NonClass: 57686K(57920K)->57686K(57920K) Class: 14577K(15104K)->14577K(15104K)
[81.041s][info][gc             ] GC(721) Pause Young (Allocation Failure) 322M->49M(989M) 8.325ms
[81.041s][info][gc,cpu         ] GC(721) User=0.00s Sys=0.00s Real=0.00s
[81.112s][info][gc,start       ] GC(722) Pause Young (Allocation Failure)
[81.121s][info][gc,heap        ] GC(722) DefNew: 281003K(314560K)->1483K(314560K) Eden: 279616K(279616K)->0K(279616K) From: 1387K(34944K)->1483K(34944K)
[81.121s][info][gc,heap        ] GC(722) Tenured: 48886K(699072K)->48887K(699072K)
[81.121s][info][gc,metaspace   ] GC(722) Metaspace: 72263K(73024K)->72263K(73024K) NonClass: 57686K(57920K)->57686K(57920K) Class: 14577K(15104K)->14577K(15104K)
[81.121s][info][gc             ] GC(722) Pause Young (Allocation Failure) 322M->49M(989M) 8.801ms
[81.121s][info][gc,cpu         ] GC(722) User=0.00s Sys=0.00s Real=0.00s
[81.193s][info][gc,start       ] GC(723) Pause Young (Allocation Failure)
[81.201s][info][gc,heap        ] GC(723) DefNew: 281099K(314560K)->1409K(314560K) Eden: 279616K(279616K)->0K(279616K) From: 1483K(34944K)->1409K(34944K)
[81.201s][info][gc,heap        ] GC(723) Tenured: 48887K(699072K)->48887K(699072K)
[81.201s][info][gc,metaspace   ] GC(723) Metaspace: 72263K(73024K)->72263K(73024K) NonClass: 57686K(57920K)->57686K(57920K) Class: 14577K(15104K)->14577K(15104K)
[81.201s][info][gc             ] GC(723) Pause Young (Allocation Failure) 322M->49M(989M) 8.283ms
[81.201s][info][gc,cpu         ] GC(723) User=0.00s Sys=0.00s Real=0.00s
[81.272s][info][gc,start       ] GC(724) Pause Young (Allocation Failure)
[81.280s][info][gc,heap        ] GC(724) DefNew: 281025K(314560K)->1417K(314560K) Eden: 279616K(279616K)->0K(279616K) From: 1409K(34944K)->1417K(34944K)
[81.280s][info][gc,heap        ] GC(724) Tenured: 48887K(699072K)->48887K(699072K)
[81.280s][info][gc,metaspace   ] GC(724) Metaspace: 72263K(73024K)->72263K(73024K) NonClass: 57686K(57920K)->57686K(57920K) Class: 14577K(15104K)->14577K(15104K)
[81.280s][info][gc             ] GC(724) Pause Young (Allocation Failure) 322M->49M(989M) 8.532ms
[81.280s][info][gc,cpu         ] GC(724) User=0.02s Sys=0.00s Real=0.01s
[81.352s][info][gc,start       ] GC(725) Pause Young (Allocation Failure)
[81.360s][info][gc,heap        ] GC(725) DefNew: 281033K(314560K)->1441K(314560K) Eden: 279616K(279616K)->0K(279616K) From: 1417K(34944K)->1441K(34944K)
[81.360s][info][gc,heap        ] GC(725) Tenured: 48887K(699072K)->48887K(699072K)
[81.360s][info][gc,metaspace   ] GC(725) Metaspace: 72263K(73024K)->72263K(73024K) NonClass: 57686K(57920K)->57686K(57920K) Class: 14577K(15104K)->14577K(15104K)
[81.360s][info][gc             ] GC(725) Pause Young (Allocation Failure) 322M->49M(989M) 8.587ms
[81.360s][info][gc,cpu         ] GC(725) User=0.00s Sys=0.00s Real=0.00s
[81.431s][info][gc,start       ] GC(726) Pause Young (Allocation Failure)
[81.439s][info][gc,heap        ] GC(726) DefNew: 281057K(314560K)->1385K(314560K) Eden: 279616K(279616K)->0K(279616K) From: 1441K(34944K)->1385K(34944K)
[81.439s][info][gc,heap        ] GC(726) Tenured: 48887K(699072K)->48887K(699072K)
[81.439s][info][gc,metaspace   ] GC(726) Metaspace: 72263K(73024K)->72263K(73024K) NonClass: 57686K(57920K)->57686K(57920K) Class: 14577K(15104K)->14577K(15104K)
[81.439s][info][gc             ] GC(726) Pause Young (Allocation Failure) 322M->49M(989M) 8.236ms
[81.440s][info][gc,cpu         ] GC(726) User=0.00s Sys=0.00s Real=0.00s
[81.510s][info][gc,start       ] GC(727) Pause Young (Allocation Failure)
[81.519s][info][gc,heap        ] GC(727) DefNew: 281001K(314560K)->1458K(314560K) Eden: 279616K(279616K)->0K(279616K) From: 1385K(34944K)->1458K(34944K)
[81.519s][info][gc,heap        ] GC(727) Tenured: 48887K(699072K)->48887K(699072K)
[81.519s][info][gc,metaspace   ] GC(727) Metaspace: 72263K(73024K)->72263K(73024K) NonClass: 57686K(57920K)->57686K(57920K) Class: 14577K(15104K)->14577K(15104K)
[81.519s][info][gc             ] GC(727) Pause Young (Allocation Failure) 322M->49M(989M) 8.644ms
[81.519s][info][gc,cpu         ] GC(727) User=0.00s Sys=0.00s Real=0.00s
[81.589s][info][gc,start       ] GC(728) Pause Young (Allocation Failure)
[81.597s][info][gc,heap        ] GC(728) DefNew: 281074K(314560K)->1401K(314560K) Eden: 279616K(279616K)->0K(279616K) From: 1458K(34944K)->1401K(34944K)
[81.598s][info][gc,heap        ] GC(728) Tenured: 48887K(699072K)->48887K(699072K)
[81.598s][info][gc,metaspace   ] GC(728) Metaspace: 72263K(73024K)->72263K(73024K) NonClass: 57686K(57920K)->57686K(57920K) Class: 14577K(15104K)->14577K(15104K)
[81.598s][info][gc             ] GC(728) Pause Young (Allocation Failure) 322M->49M(989M) 8.343ms
[81.598s][info][gc,cpu         ] GC(728) User=0.00s Sys=0.00s Real=0.00s
[81.669s][info][gc,start       ] GC(729) Pause Young (Allocation Failure)
[81.677s][info][gc,heap        ] GC(729) DefNew: 281017K(314560K)->1383K(314560K) Eden: 279616K(279616K)->0K(279616K) From: 1401K(34944K)->1383K(34944K)
[81.677s][info][gc,heap        ] GC(729) Tenured: 48887K(699072K)->48887K(699072K)
[81.677s][info][gc,metaspace   ] GC(729) Metaspace: 72263K(73024K)->72263K(73024K) NonClass: 57686K(57920K)->57686K(57920K) Class: 14577K(15104K)->14577K(15104K)
[81.677s][info][gc             ] GC(729) Pause Young (Allocation Failure) 322M->49M(989M) 8.197ms
[81.677s][info][gc,cpu         ] GC(729) User=0.00s Sys=0.00s Real=0.00s
[81.748s][info][gc,start       ] GC(730) Pause Young (Allocation Failure)
[81.757s][info][gc,heap        ] GC(730) DefNew: 280999K(314560K)->1408K(314560K) Eden: 279616K(279616K)->0K(279616K) From: 1383K(34944K)->1408K(34944K)
[81.757s][info][gc,heap        ] GC(730) Tenured: 48887K(699072K)->48887K(699072K)
[81.757s][info][gc,metaspace   ] GC(730) Metaspace: 72263K(73024K)->72263K(73024K) NonClass: 57686K(57920K)->57686K(57920K) Class: 14577K(15104K)->14577K(15104K)
[81.757s][info][gc             ] GC(730) Pause Young (Allocation Failure) 322M->49M(989M) 8.446ms
[81.757s][info][gc,cpu         ] GC(730) User=0.00s Sys=0.00s Real=0.00s
[81.828s][info][gc,start       ] GC(731) Pause Young (Allocation Failure)
[81.836s][info][gc,heap        ] GC(731) DefNew: 281024K(314560K)->1379K(314560K) Eden: 279616K(279616K)->0K(279616K) From: 1408K(34944K)->1379K(34944K)
[81.836s][info][gc,heap        ] GC(731) Tenured: 48887K(699072K)->48887K(699072K)
[81.836s][info][gc,metaspace   ] GC(731) Metaspace: 72263K(73024K)->72263K(73024K) NonClass: 57686K(57920K)->57686K(57920K) Class: 14577K(15104K)->14577K(15104K)
[81.836s][info][gc             ] GC(731) Pause Young (Allocation Failure) 322M->49M(989M) 8.159ms
[81.836s][info][gc,cpu         ] GC(731) User=0.00s Sys=0.00s Real=0.00s
[81.907s][info][gc,start       ] GC(732) Pause Young (Allocation Failure)
[81.916s][info][gc,heap        ] GC(732) DefNew: 280995K(314560K)->1458K(314560K) Eden: 279616K(279616K)->0K(279616K) From: 1379K(34944K)->1458K(34944K)
[81.916s][info][gc,heap        ] GC(732) Tenured: 48887K(699072K)->48887K(699072K)
[81.916s][info][gc,metaspace   ] GC(732) Metaspace: 72263K(73024K)->72263K(73024K) NonClass: 57686K(57920K)->57686K(57920K) Class: 14577K(15104K)->14577K(15104K)
[81.916s][info][gc             ] GC(732) Pause Young (Allocation Failure) 322M->49M(989M) 8.614ms
[81.916s][info][gc,cpu         ] GC(732) User=0.00s Sys=0.00s Real=0.00s
[81.987s][info][gc,start       ] GC(733) Pause Young (Allocation Failure)
[81.995s][info][gc,heap        ] GC(733) DefNew: 281074K(314560K)->1411K(314560K) Eden: 279616K(279616K)->0K(279616K) From: 1458K(34944K)->1411K(34944K)
[81.995s][info][gc,heap        ] GC(733) Tenured: 48887K(699072K)->48888K(699072K)
[81.995s][info][gc,metaspace   ] GC(733) Metaspace: 72263K(73024K)->72263K(73024K) NonClass: 57686K(57920K)->57686K(57920K) Class: 14577K(15104K)->14577K(15104K)
[81.995s][info][gc             ] GC(733) Pause Young (Allocation Failure) 322M->49M(989M) 8.265ms
[81.995s][info][gc,cpu         ] GC(733) User=0.00s Sys=0.00s Real=0.00s
[82.066s][info][gc,start       ] GC(734) Pause Young (Allocation Failure)
[82.075s][info][gc,heap        ] GC(734) DefNew: 281027K(314560K)->1443K(314560K) Eden: 279616K(279616K)->0K(279616K) From: 1411K(34944K)->1443K(34944K)
[82.075s][info][gc,heap        ] GC(734) Tenured: 48888K(699072K)->48904K(699072K)
[82.075s][info][gc,metaspace   ] GC(734) Metaspace: 72263K(73024K)->72263K(73024K) NonClass: 57686K(57920K)->57686K(57920K) Class: 14577K(15104K)->14577K(15104K)
[82.075s][info][gc             ] GC(734) Pause Young (Allocation Failure) 322M->49M(989M) 8.467ms
[82.075s][info][gc,cpu         ] GC(734) User=0.00s Sys=0.00s Real=0.00s
[82.146s][info][gc,start       ] GC(735) Pause Young (Allocation Failure)
[82.154s][info][gc,heap        ] GC(735) DefNew: 281059K(314560K)->1403K(314560K) Eden: 279616K(279616K)->0K(279616K) From: 1443K(34944K)->1403K(34944K)
[82.154s][info][gc,heap        ] GC(735) Tenured: 48904K(699072K)->48904K(699072K)
[82.154s][info][gc,metaspace   ] GC(735) Metaspace: 72263K(73024K)->72263K(73024K) NonClass: 57686K(57920K)->57686K(57920K) Class: 14577K(15104K)->14577K(15104K)
[82.154s][info][gc             ] GC(735) Pause Young (Allocation Failure) 322M->49M(989M) 8.455ms
[82.154s][info][gc,cpu         ] GC(735) User=0.00s Sys=0.00s Real=0.00s
[82.226s][info][gc,start       ] GC(736) Pause Young (Allocation Failure)
[82.235s][info][gc,heap        ] GC(736) DefNew: 281019K(314560K)->1452K(314560K) Eden: 279616K(279616K)->0K(279616K) From: 1403K(34944K)->1452K(34944K)
[82.235s][info][gc,heap        ] GC(736) Tenured: 48904K(699072K)->48904K(699072K)
[82.235s][info][gc,metaspace   ] GC(736) Metaspace: 72263K(73024K)->72263K(73024K) NonClass: 57686K(57920K)->57686K(57920K) Class: 14577K(15104K)->14577K(15104K)
[82.235s][info][gc             ] GC(736) Pause Young (Allocation Failure) 322M->49M(989M) 8.822ms
[82.235s][info][gc,cpu         ] GC(736) User=0.00s Sys=0.00s Real=0.00s
[82.306s][info][gc,start       ] GC(737) Pause Young (Allocation Failure)
[82.315s][info][gc,heap        ] GC(737) DefNew: 281068K(314560K)->1444K(314560K) Eden: 279616K(279616K)->0K(279616K) From: 1452K(34944K)->1444K(34944K)
[82.315s][info][gc,heap        ] GC(737) Tenured: 48904K(699072K)->48904K(699072K)
[82.315s][info][gc,metaspace   ] GC(737) Metaspace: 72263K(73024K)->72263K(73024K) NonClass: 57686K(57920K)->57686K(57920K) Class: 14577K(15104K)->14577K(15104K)
[82.315s][info][gc             ] GC(737) Pause Young (Allocation Failure) 322M->49M(989M) 9.546ms
[82.315s][info][gc,cpu         ] GC(737) User=0.00s Sys=0.00s Real=0.00s
[82.388s][info][gc,start       ] GC(738) Pause Young (Allocation Failure)
[82.398s][info][gc,heap        ] GC(738) DefNew: 281060K(314560K)->1469K(314560K) Eden: 279616K(279616K)->0K(279616K) From: 1444K(34944K)->1469K(34944K)
[82.398s][info][gc,heap        ] GC(738) Tenured: 48904K(699072K)->48904K(699072K)
[82.398s][info][gc,metaspace   ] GC(738) Metaspace: 72275K(73024K)->72275K(73024K) NonClass: 57698K(57920K)->57698K(57920K) Class: 14577K(15104K)->14577K(15104K)
[82.398s][info][gc             ] GC(738) Pause Young (Allocation Failure) 322M->49M(989M) 9.952ms
[82.398s][info][gc,cpu         ] GC(738) User=0.00s Sys=0.00s Real=0.00s
[82.469s][info][gc,start       ] GC(739) Pause Young (Allocation Failure)
[82.479s][info][gc,heap        ] GC(739) DefNew: 281085K(314560K)->1421K(314560K) Eden: 279616K(279616K)->0K(279616K) From: 1469K(34944K)->1421K(34944K)
[82.479s][info][gc,heap        ] GC(739) Tenured: 48904K(699072K)->48904K(699072K)
[82.479s][info][gc,metaspace   ] GC(739) Metaspace: 72277K(73024K)->72277K(73024K) NonClass: 57699K(57920K)->57699K(57920K) Class: 14577K(15104K)->14577K(15104K)
[82.479s][info][gc             ] GC(739) Pause Young (Allocation Failure) 322M->49M(989M) 9.391ms
[82.479s][info][gc,cpu         ] GC(739) User=0.00s Sys=0.00s Real=0.00s
[82.550s][info][gc,start       ] GC(740) Pause Young (Allocation Failure)
[82.559s][info][gc,heap        ] GC(740) DefNew: 281037K(314560K)->1459K(314560K) Eden: 279616K(279616K)->0K(279616K) From: 1421K(34944K)->1459K(34944K)
[82.560s][info][gc,heap        ] GC(740) Tenured: 48904K(699072K)->48904K(699072K)
[82.560s][info][gc,metaspace   ] GC(740) Metaspace: 72277K(73024K)->72277K(73024K) NonClass: 57699K(57920K)->57699K(57920K) Class: 14577K(15104K)->14577K(15104K)
[82.560s][info][gc             ] GC(740) Pause Young (Allocation Failure) 322M->49M(989M) 9.450ms
[82.560s][info][gc,cpu         ] GC(740) User=0.02s Sys=0.00s Real=0.01s
[82.632s][info][gc,start       ] GC(741) Pause Young (Allocation Failure)
[82.641s][info][gc,heap        ] GC(741) DefNew: 281075K(314560K)->1445K(314560K) Eden: 279616K(279616K)->0K(279616K) From: 1459K(34944K)->1445K(34944K)
[82.641s][info][gc,heap        ] GC(741) Tenured: 48904K(699072K)->48904K(699072K)
[82.641s][info][gc,metaspace   ] GC(741) Metaspace: 72278K(73024K)->72278K(73024K) NonClass: 57700K(57920K)->57700K(57920K) Class: 14577K(15104K)->14577K(15104K)
[82.641s][info][gc             ] GC(741) Pause Young (Allocation Failure) 322M->49M(989M) 9.588ms
[82.641s][info][gc,cpu         ] GC(741) User=0.00s Sys=0.00s Real=0.00s
[82.713s][info][gc,start       ] GC(742) Pause Young (Allocation Failure)
[82.722s][info][gc,heap        ] GC(742) DefNew: 281061K(314560K)->1517K(314560K) Eden: 279616K(279616K)->0K(279616K) From: 1445K(34944K)->1517K(34944K)
[82.722s][info][gc,heap        ] GC(742) Tenured: 48904K(699072K)->48904K(699072K)
[82.722s][info][gc,metaspace   ] GC(742) Metaspace: 72278K(73024K)->72278K(73024K) NonClass: 57700K(57920K)->57700K(57920K) Class: 14577K(15104K)->14577K(15104K)
[82.722s][info][gc             ] GC(742) Pause Young (Allocation Failure) 322M->49M(989M) 8.957ms
[82.722s][info][gc,cpu         ] GC(742) User=0.00s Sys=0.00s Real=0.00s
[82.795s][info][gc,start       ] GC(743) Pause Young (Allocation Failure)
[82.803s][info][gc,heap        ] GC(743) DefNew: 281133K(314560K)->1484K(314560K) Eden: 279616K(279616K)->0K(279616K) From: 1517K(34944K)->1484K(34944K)
[82.803s][info][gc,heap        ] GC(743) Tenured: 48904K(699072K)->48905K(699072K)
[82.803s][info][gc,metaspace   ] GC(743) Metaspace: 72278K(73024K)->72278K(73024K) NonClass: 57700K(57920K)->57700K(57920K) Class: 14577K(15104K)->14577K(15104K)
[82.803s][info][gc             ] GC(743) Pause Young (Allocation Failure) 322M->49M(989M) 8.432ms
[82.803s][info][gc,cpu         ] GC(743) User=0.00s Sys=0.00s Real=0.00s
[82.877s][info][gc,start       ] GC(744) Pause Young (Allocation Failure)
[82.886s][info][gc,heap        ] GC(744) DefNew: 281100K(314560K)->1427K(314560K) Eden: 279616K(279616K)->0K(279616K) From: 1484K(34944K)->1427K(34944K)
[82.886s][info][gc,heap        ] GC(744) Tenured: 48905K(699072K)->48905K(699072K)
[82.886s][info][gc,metaspace   ] GC(744) Metaspace: 72278K(73024K)->72278K(73024K) NonClass: 57700K(57920K)->57700K(57920K) Class: 14577K(15104K)->14577K(15104K)
[82.886s][info][gc             ] GC(744) Pause Young (Allocation Failure) 322M->49M(989M) 8.729ms
[82.886s][info][gc,cpu         ] GC(744) User=0.00s Sys=0.00s Real=0.00s
[82.960s][info][gc,start       ] GC(745) Pause Young (Allocation Failure)
[82.969s][info][gc,heap        ] GC(745) DefNew: 281043K(314560K)->1505K(314560K) Eden: 279616K(279616K)->0K(279616K) From: 1427K(34944K)->1505K(34944K)
[82.969s][info][gc,heap        ] GC(745) Tenured: 48905K(699072K)->48905K(699072K)
[82.969s][info][gc,metaspace   ] GC(745) Metaspace: 72278K(73024K)->72278K(73024K) NonClass: 57700K(57920K)->57700K(57920K) Class: 14577K(15104K)->14577K(15104K)
[82.969s][info][gc             ] GC(745) Pause Young (Allocation Failure) 322M->49M(989M) 8.785ms
[82.969s][info][gc,cpu         ] GC(745) User=0.00s Sys=0.00s Real=0.00s
[83.045s][info][gc,start       ] GC(746) Pause Young (Allocation Failure)
[83.054s][info][gc,heap        ] GC(746) DefNew: 281121K(314560K)->1468K(314560K) Eden: 279616K(279616K)->0K(279616K) From: 1505K(34944K)->1468K(34944K)
[83.054s][info][gc,heap        ] GC(746) Tenured: 48905K(699072K)->48905K(699072K)
[83.054s][info][gc,metaspace   ] GC(746) Metaspace: 72278K(73024K)->72278K(73024K) NonClass: 57700K(57920K)->57700K(57920K) Class: 14577K(15104K)->14577K(15104K)
[83.054s][info][gc             ] GC(746) Pause Young (Allocation Failure) 322M->49M(989M) 8.638ms
[83.054s][info][gc,cpu         ] GC(746) User=0.00s Sys=0.00s Real=0.00s
[83.132s][info][gc,start       ] GC(747) Pause Young (Allocation Failure)
[83.140s][info][gc,heap        ] GC(747) DefNew: 281084K(314560K)->1422K(314560K) Eden: 279616K(279616K)->0K(279616K) From: 1468K(34944K)->1422K(34944K)
[83.141s][info][gc,heap        ] GC(747) Tenured: 48905K(699072K)->48922K(699072K)
[83.141s][info][gc,metaspace   ] GC(747) Metaspace: 72278K(73024K)->72278K(73024K) NonClass: 57700K(57920K)->57700K(57920K) Class: 14577K(15104K)->14577K(15104K)
[83.141s][info][gc             ] GC(747) Pause Young (Allocation Failure) 322M->49M(989M) 8.089ms
[83.141s][info][gc,cpu         ] GC(747) User=0.00s Sys=0.00s Real=0.00s
[83.222s][info][gc,start       ] GC(748) Pause Young (Allocation Failure)
[83.229s][info][gc,heap        ] GC(748) DefNew: 281038K(314560K)->1486K(314560K) Eden: 279616K(279616K)->0K(279616K) From: 1422K(34944K)->1486K(34944K)
[83.229s][info][gc,heap        ] GC(748) Tenured: 48922K(699072K)->48922K(699072K)
[83.229s][info][gc,metaspace   ] GC(748) Metaspace: 72278K(73024K)->72278K(73024K) NonClass: 57700K(57920K)->57700K(57920K) Class: 14577K(15104K)->14577K(15104K)
[83.229s][info][gc             ] GC(748) Pause Young (Allocation Failure) 322M->49M(989M) 7.302ms
[83.229s][info][gc,cpu         ] GC(748) User=0.02s Sys=0.00s Real=0.02s
[83.314s][info][gc,start       ] GC(749) Pause Young (Allocation Failure)
[83.321s][info][gc,heap        ] GC(749) DefNew: 281102K(314560K)->1390K(314560K) Eden: 279616K(279616K)->0K(279616K) From: 1486K(34944K)->1390K(34944K)
[83.321s][info][gc,heap        ] GC(749) Tenured: 48922K(699072K)->48922K(699072K)
[83.321s][info][gc,metaspace   ] GC(749) Metaspace: 72278K(73024K)->72278K(73024K) NonClass: 57700K(57920K)->57700K(57920K) Class: 14577K(15104K)->14577K(15104K)
[83.321s][info][gc             ] GC(749) Pause Young (Allocation Failure) 322M->49M(989M) 6.776ms
[83.321s][info][gc,cpu         ] GC(749) User=0.02s Sys=0.00s Real=0.02s
[83.414s][info][gc,start       ] GC(750) Pause Young (Allocation Failure)
[83.422s][info][gc,heap        ] GC(750) DefNew: 281006K(314560K)->1408K(314560K) Eden: 279616K(279616K)->0K(279616K) From: 1390K(34944K)->1408K(34944K)
[83.422s][info][gc,heap        ] GC(750) Tenured: 48922K(699072K)->48922K(699072K)
[83.422s][info][gc,metaspace   ] GC(750) Metaspace: 72278K(73024K)->72278K(73024K) NonClass: 57700K(57920K)->57700K(57920K) Class: 14577K(15104K)->14577K(15104K)
[83.422s][info][gc             ] GC(750) Pause Young (Allocation Failure) 322M->49M(989M) 7.621ms
[83.422s][info][gc,cpu         ] GC(750) User=0.00s Sys=0.00s Real=0.00s
[83.526s][info][gc,start       ] GC(751) Pause Young (Allocation Failure)
[83.532s][info][gc,heap        ] GC(751) DefNew: 281024K(314560K)->1403K(314560K) Eden: 279616K(279616K)->0K(279616K) From: 1408K(34944K)->1403K(34944K)
[83.532s][info][gc,heap        ] GC(751) Tenured: 48922K(699072K)->48945K(699072K)
[83.533s][info][gc,metaspace   ] GC(751) Metaspace: 72278K(73024K)->72278K(73024K) NonClass: 57700K(57920K)->57700K(57920K) Class: 14577K(15104K)->14577K(15104K)
[83.533s][info][gc             ] GC(751) Pause Young (Allocation Failure) 322M->49M(989M) 6.768ms
[83.533s][info][gc,cpu         ] GC(751) User=0.00s Sys=0.00s Real=0.00s
[83.651s][info][gc,start       ] GC(752) Pause Young (Allocation Failure)
[83.656s][info][gc,heap        ] GC(752) DefNew: 281019K(314560K)->1364K(314560K) Eden: 279616K(279616K)->0K(279616K) From: 1403K(34944K)->1364K(34944K)
[83.656s][info][gc,heap        ] GC(752) Tenured: 48945K(699072K)->48945K(699072K)
[83.656s][info][gc,metaspace   ] GC(752) Metaspace: 72278K(73024K)->72278K(73024K) NonClass: 57700K(57920K)->57700K(57920K) Class: 14577K(15104K)->14577K(15104K)
[83.656s][info][gc             ] GC(752) Pause Young (Allocation Failure) 322M->49M(989M) 5.478ms
[83.656s][info][gc,cpu         ] GC(752) User=0.02s Sys=0.00s Real=0.02s
[83.784s][info][gc,start       ] GC(753) Pause Young (Allocation Failure)
[83.789s][info][gc,heap        ] GC(753) DefNew: 280980K(314560K)->1274K(314560K) Eden: 279616K(279616K)->0K(279616K) From: 1364K(34944K)->1274K(34944K)
[83.789s][info][gc,heap        ] GC(753) Tenured: 48945K(699072K)->48990K(699072K)
[83.789s][info][gc,metaspace   ] GC(753) Metaspace: 72278K(73024K)->72278K(73024K) NonClass: 57700K(57920K)->57700K(57920K) Class: 14577K(15104K)->14577K(15104K)
[83.789s][info][gc             ] GC(753) Pause Young (Allocation Failure) 322M->49M(989M) 4.872ms
[83.789s][info][gc,cpu         ] GC(753) User=0.02s Sys=0.00s Real=0.02s
[83.934s][info][gc,start       ] GC(754) Pause Young (Allocation Failure)
[83.938s][info][gc,heap        ] GC(754) DefNew: 280890K(314560K)->1282K(314560K) Eden: 279616K(279616K)->0K(279616K) From: 1274K(34944K)->1282K(34944K)
[83.938s][info][gc,heap        ] GC(754) Tenured: 48990K(699072K)->49016K(699072K)
[83.938s][info][gc,metaspace   ] GC(754) Metaspace: 72278K(73024K)->72278K(73024K) NonClass: 57700K(57920K)->57700K(57920K) Class: 14577K(15104K)->14577K(15104K)
[83.938s][info][gc             ] GC(754) Pause Young (Allocation Failure) 322M->49M(989M) 4.641ms
[83.938s][info][gc,cpu         ] GC(754) User=0.02s Sys=0.00s Real=0.02s
[84.105s][info][gc,start       ] GC(755) Pause Young (Allocation Failure)
[84.110s][info][gc,heap        ] GC(755) DefNew: 280898K(314560K)->1252K(314560K) Eden: 279616K(279616K)->0K(279616K) From: 1282K(34944K)->1252K(34944K)
[84.110s][info][gc,heap        ] GC(755) Tenured: 49016K(699072K)->49016K(699072K)
[84.110s][info][gc,metaspace   ] GC(755) Metaspace: 72278K(73024K)->72278K(73024K) NonClass: 57700K(57920K)->57700K(57920K) Class: 14577K(15104K)->14577K(15104K)
[84.110s][info][gc             ] GC(755) Pause Young (Allocation Failure) 322M->49M(989M) 4.298ms
[84.110s][info][gc,cpu         ] GC(755) User=0.00s Sys=0.00s Real=0.00s
[84.298s][info][gc,start       ] GC(756) Pause Young (Allocation Failure)
[84.302s][info][gc,heap        ] GC(756) DefNew: 280868K(314560K)->1146K(314560K) Eden: 279616K(279616K)->0K(279616K) From: 1252K(34944K)->1146K(34944K)
[84.302s][info][gc,heap        ] GC(756) Tenured: 49016K(699072K)->49119K(699072K)
[84.302s][info][gc,metaspace   ] GC(756) Metaspace: 72278K(73024K)->72278K(73024K) NonClass: 57700K(57920K)->57700K(57920K) Class: 14577K(15104K)->14577K(15104K)
[84.302s][info][gc             ] GC(756) Pause Young (Allocation Failure) 322M->49M(989M) 4.176ms
[84.302s][info][gc,cpu         ] GC(756) User=0.00s Sys=0.00s Real=0.00s
[84.486s][info][gc,start       ] GC(757) Pause Young (Allocation Failure)
[84.490s][info][gc,heap        ] GC(757) DefNew: 280762K(314560K)->1143K(314560K) Eden: 279616K(279616K)->0K(279616K) From: 1146K(34944K)->1143K(34944K)
[84.490s][info][gc,heap        ] GC(757) Tenured: 49119K(699072K)->49142K(699072K)
[84.490s][info][gc,metaspace   ] GC(757) Metaspace: 72278K(73024K)->72278K(73024K) NonClass: 57700K(57920K)->57700K(57920K) Class: 14577K(15104K)->14577K(15104K)
[84.490s][info][gc             ] GC(757) Pause Young (Allocation Failure) 322M->49M(989M) 3.930ms
[84.490s][info][gc,cpu         ] GC(757) User=0.00s Sys=0.00s Real=0.00s
[84.675s][info][gc,start       ] GC(758) Pause Young (Allocation Failure)
[84.679s][info][gc,heap        ] GC(758) DefNew: 280759K(314560K)->1043K(314560K) Eden: 279616K(279616K)->0K(279616K) From: 1143K(34944K)->1043K(34944K)
[84.679s][info][gc,heap        ] GC(758) Tenured: 49142K(699072K)->49222K(699072K)
[84.679s][info][gc,metaspace   ] GC(758) Metaspace: 72278K(73024K)->72278K(73024K) NonClass: 57700K(57920K)->57700K(57920K) Class: 14577K(15104K)->14577K(15104K)
[84.679s][info][gc             ] GC(758) Pause Young (Allocation Failure) 322M->49M(989M) 3.935ms
[84.679s][info][gc,cpu         ] GC(758) User=0.00s Sys=0.00s Real=0.00s
[84.865s][info][gc,start       ] GC(759) Pause Young (Allocation Failure)
[84.868s][info][gc,heap        ] GC(759) DefNew: 280659K(314560K)->961K(314560K) Eden: 279616K(279616K)->0K(279616K) From: 1043K(34944K)->961K(34944K)
[84.868s][info][gc,heap        ] GC(759) Tenured: 49222K(699072K)->49293K(699072K)
[84.868s][info][gc,metaspace   ] GC(759) Metaspace: 72278K(73024K)->72278K(73024K) NonClass: 57700K(57920K)->57700K(57920K) Class: 14577K(15104K)->14577K(15104K)
[84.868s][info][gc             ] GC(759) Pause Young (Allocation Failure) 322M->49M(989M) 3.698ms
[84.868s][info][gc,cpu         ] GC(759) User=0.00s Sys=0.00s Real=0.00s
[85.012s][info][gc,start       ] GC(760) Pause Full (System.gc())
[85.012s][info][gc,phases,start] GC(760) Phase 1: Mark live objects
[85.058s][info][gc,phases      ] GC(760) Phase 1: Mark live objects 45.609ms
[85.058s][info][gc,phases,start] GC(760) Phase 2: Compute new object addresses
[85.130s][info][gc,phases      ] GC(760) Phase 2: Compute new object addresses 72.008ms
[85.130s][info][gc,phases,start] GC(760) Phase 3: Adjust pointers
[85.155s][info][gc,phases      ] GC(760) Phase 3: Adjust pointers 24.930ms
[85.155s][info][gc,phases,start] GC(760) Phase 4: Move objects
[85.160s][info][gc,phases      ] GC(760) Phase 4: Move objects 4.777ms
[85.160s][info][gc,heap        ] GC(760) DefNew: 199380K(314560K)->0K(314560K) Eden: 198419K(279616K)->0K(279616K) From: 961K(34944K)->0K(34944K)
[85.160s][info][gc,heap        ] GC(760) Tenured: 49293K(699072K)->35990K(699072K)
[85.160s][info][gc,metaspace   ] GC(760) Metaspace: 72279K(73024K)->72279K(73024K) NonClass: 57702K(57920K)->57702K(57920K) Class: 14577K(15104K)->14577K(15104K)
[85.160s][info][gc             ] GC(760) Pause Full (System.gc()) 242M->35M(989M) 148.032ms
[85.160s][info][gc,cpu         ] GC(760) User=0.14s Sys=0.00s Real=0.14s
[85.254s][info][gc,start       ] GC(761) Pause Young (Allocation Failure)
[85.269s][info][gc,heap        ] GC(761) DefNew: 279616K(314560K)->3490K(314560K) Eden: 279616K(279616K)->0K(279616K) From: 0K(34944K)->3490K(34944K)
[85.269s][info][gc,heap        ] GC(761) Tenured: 35990K(699072K)->35990K(699072K)
[85.269s][info][gc,metaspace   ] GC(761) Metaspace: 72321K(73088K)->72321K(73088K) NonClass: 57743K(57984K)->57743K(57984K) Class: 14577K(15104K)->14577K(15104K)
[85.269s][info][gc             ] GC(761) Pause Young (Allocation Failure) 308M->38M(989M) 14.884ms
[85.269s][info][gc,cpu         ] GC(761) User=0.00s Sys=0.00s Real=0.00s
[85.340s][info][gc,start       ] GC(762) Pause Young (Allocation Failure)
[85.352s][info][gc,heap        ] GC(762) DefNew: 283106K(314560K)->3523K(314560K) Eden: 279616K(279616K)->0K(279616K) From: 3490K(34944K)->3523K(34944K)
[85.352s][info][gc,heap        ] GC(762) Tenured: 35990K(699072K)->35990K(699072K)
[85.352s][info][gc,metaspace   ] GC(762) Metaspace: 72321K(73088K)->72321K(73088K) NonClass: 57743K(57984K)->57743K(57984K) Class: 14577K(15104K)->14577K(15104K)
[85.352s][info][gc             ] GC(762) Pause Young (Allocation Failure) 311M->38M(989M) 12.529ms
[85.352s][info][gc,cpu         ] GC(762) User=0.00s Sys=0.00s Real=0.00s
[85.425s][info][gc,start       ] GC(763) Pause Young (Allocation Failure)
[85.438s][info][gc,heap        ] GC(763) DefNew: 283139K(314560K)->3504K(314560K) Eden: 279616K(279616K)->0K(279616K) From: 3523K(34944K)->3504K(34944K)
[85.438s][info][gc,heap        ] GC(763) Tenured: 35990K(699072K)->35990K(699072K)
[85.438s][info][gc,metaspace   ] GC(763) Metaspace: 72321K(73088K)->72321K(73088K) NonClass: 57743K(57984K)->57743K(57984K) Class: 14577K(15104K)->14577K(15104K)
[85.438s][info][gc             ] GC(763) Pause Young (Allocation Failure) 311M->38M(989M) 12.250ms
[85.438s][info][gc,cpu         ] GC(763) User=0.00s Sys=0.00s Real=0.00s
[85.509s][info][gc,start       ] GC(764) Pause Young (Allocation Failure)
[85.521s][info][gc,heap        ] GC(764) DefNew: 283120K(314560K)->3411K(314560K) Eden: 279616K(279616K)->0K(279616K) From: 3504K(34944K)->3411K(34944K)
[85.521s][info][gc,heap        ] GC(764) Tenured: 35990K(699072K)->35990K(699072K)
[85.521s][info][gc,metaspace   ] GC(764) Metaspace: 72321K(73088K)->72321K(73088K) NonClass: 57743K(57984K)->57743K(57984K) Class: 14577K(15104K)->14577K(15104K)
[85.521s][info][gc             ] GC(764) Pause Young (Allocation Failure) 311M->38M(989M) 12.350ms
[85.521s][info][gc,cpu         ] GC(764) User=0.00s Sys=0.00s Real=0.00s
[85.593s][info][gc,start       ] GC(765) Pause Young (Allocation Failure)
[85.660s][info][gc,heap        ] GC(765) DefNew: 283027K(314560K)->3508K(314560K) Eden: 279616K(279616K)->0K(279616K) From: 3411K(34944K)->3508K(34944K)
[85.660s][info][gc,heap        ] GC(765) Tenured: 35990K(699072K)->35990K(699072K)
[85.660s][info][gc,metaspace   ] GC(765) Metaspace: 72321K(73088K)->72321K(73088K) NonClass: 57743K(57984K)->57743K(57984K) Class: 14577K(15104K)->14577K(15104K)
[85.660s][info][gc             ] GC(765) Pause Young (Allocation Failure) 311M->38M(989M) 66.844ms
[85.660s][info][gc,cpu         ] GC(765) User=0.03s Sys=0.00s Real=0.06s
[85.740s][info][gc,start       ] GC(766) Pause Young (Allocation Failure)
[85.752s][info][gc,heap        ] GC(766) DefNew: 283124K(314560K)->3457K(314560K) Eden: 279616K(279616K)->0K(279616K) From: 3508K(34944K)->3457K(34944K)
[85.752s][info][gc,heap        ] GC(766) Tenured: 35990K(699072K)->35990K(699072K)
[85.752s][info][gc,metaspace   ] GC(766) Metaspace: 72321K(73088K)->72321K(73088K) NonClass: 57743K(57984K)->57743K(57984K) Class: 14577K(15104K)->14577K(15104K)
[85.752s][info][gc             ] GC(766) Pause Young (Allocation Failure) 311M->38M(989M) 12.124ms
[85.752s][info][gc,cpu         ] GC(766) User=0.00s Sys=0.00s Real=0.00s
[85.824s][info][gc,start       ] GC(767) Pause Young (Allocation Failure)
[85.837s][info][gc,heap        ] GC(767) DefNew: 283073K(314560K)->3378K(314560K) Eden: 279616K(279616K)->0K(279616K) From: 3457K(34944K)->3378K(34944K)
[85.837s][info][gc,heap        ] GC(767) Tenured: 35990K(699072K)->35990K(699072K)
[85.837s][info][gc,metaspace   ] GC(767) Metaspace: 72321K(73088K)->72321K(73088K) NonClass: 57743K(57984K)->57743K(57984K) Class: 14577K(15104K)->14577K(15104K)
[85.837s][info][gc             ] GC(767) Pause Young (Allocation Failure) 311M->38M(989M) 13.312ms
[85.837s][info][gc,cpu         ] GC(767) User=0.00s Sys=0.00s Real=0.00s
[85.910s][info][gc,start       ] GC(768) Pause Young (Allocation Failure)
[85.923s][info][gc,heap        ] GC(768) DefNew: 282994K(314560K)->3440K(314560K) Eden: 279616K(279616K)->0K(279616K) From: 3378K(34944K)->3440K(34944K)
[85.923s][info][gc,heap        ] GC(768) Tenured: 35990K(699072K)->35990K(699072K)
[85.923s][info][gc,metaspace   ] GC(768) Metaspace: 72321K(73088K)->72321K(73088K) NonClass: 57743K(57984K)->57743K(57984K) Class: 14577K(15104K)->14577K(15104K)
[85.923s][info][gc             ] GC(768) Pause Young (Allocation Failure) 311M->38M(989M) 12.785ms
[85.923s][info][gc,cpu         ] GC(768) User=0.00s Sys=0.00s Real=0.00s
[85.994s][info][gc,start       ] GC(769) Pause Young (Allocation Failure)
[86.006s][info][gc,heap        ] GC(769) DefNew: 283056K(314560K)->3459K(314560K) Eden: 279616K(279616K)->0K(279616K) From: 3440K(34944K)->3459K(34944K)
[86.006s][info][gc,heap        ] GC(769) Tenured: 35990K(699072K)->35990K(699072K)
[86.006s][info][gc,metaspace   ] GC(769) Metaspace: 72321K(73088K)->72321K(73088K) NonClass: 57743K(57984K)->57743K(57984K) Class: 14577K(15104K)->14577K(15104K)
[86.006s][info][gc             ] GC(769) Pause Young (Allocation Failure) 311M->38M(989M) 12.092ms
[86.006s][info][gc,cpu         ] GC(769) User=0.00s Sys=0.00s Real=0.00s
[86.080s][info][gc,start       ] GC(770) Pause Young (Allocation Failure)
[86.092s][info][gc,heap        ] GC(770) DefNew: 283075K(314560K)->3462K(314560K) Eden: 279616K(279616K)->0K(279616K) From: 3459K(34944K)->3462K(34944K)
[86.092s][info][gc,heap        ] GC(770) Tenured: 35990K(699072K)->35990K(699072K)
[86.092s][info][gc,metaspace   ] GC(770) Metaspace: 72321K(73088K)->72321K(73088K) NonClass: 57743K(57984K)->57743K(57984K) Class: 14577K(15104K)->14577K(15104K)
[86.092s][info][gc             ] GC(770) Pause Young (Allocation Failure) 311M->38M(989M) 12.181ms
[86.092s][info][gc,cpu         ] GC(770) User=0.00s Sys=0.00s Real=0.00s
[86.163s][info][gc,start       ] GC(771) Pause Young (Allocation Failure)
[86.175s][info][gc,heap        ] GC(771) DefNew: 283078K(314560K)->3412K(314560K) Eden: 279616K(279616K)->0K(279616K) From: 3462K(34944K)->3412K(34944K)
[86.175s][info][gc,heap        ] GC(771) Tenured: 35990K(699072K)->35990K(699072K)
[86.175s][info][gc,metaspace   ] GC(771) Metaspace: 72321K(73088K)->72321K(73088K) NonClass: 57743K(57984K)->57743K(57984K) Class: 14577K(15104K)->14577K(15104K)
[86.175s][info][gc             ] GC(771) Pause Young (Allocation Failure) 311M->38M(989M) 12.282ms
[86.175s][info][gc,cpu         ] GC(771) User=0.02s Sys=0.00s Real=0.01s
[86.248s][info][gc,start       ] GC(772) Pause Young (Allocation Failure)
[86.260s][info][gc,heap        ] GC(772) DefNew: 283028K(314560K)->3516K(314560K) Eden: 279616K(279616K)->0K(279616K) From: 3412K(34944K)->3516K(34944K)
[86.260s][info][gc,heap        ] GC(772) Tenured: 35990K(699072K)->35990K(699072K)
[86.260s][info][gc,metaspace   ] GC(772) Metaspace: 72321K(73088K)->72321K(73088K) NonClass: 57743K(57984K)->57743K(57984K) Class: 14577K(15104K)->14577K(15104K)
[86.260s][info][gc             ] GC(772) Pause Young (Allocation Failure) 311M->38M(989M) 12.429ms
[86.260s][info][gc,cpu         ] GC(772) User=0.00s Sys=0.00s Real=0.00s
[86.332s][info][gc,start       ] GC(773) Pause Young (Allocation Failure)
[86.345s][info][gc,heap        ] GC(773) DefNew: 283132K(314560K)->3469K(314560K) Eden: 279616K(279616K)->0K(279616K) From: 3516K(34944K)->3469K(34944K)
[86.345s][info][gc,heap        ] GC(773) Tenured: 35990K(699072K)->35990K(699072K)
[86.345s][info][gc,metaspace   ] GC(773) Metaspace: 72321K(73088K)->72321K(73088K) NonClass: 57743K(57984K)->57743K(57984K) Class: 14577K(15104K)->14577K(15104K)
[86.346s][info][gc             ] GC(773) Pause Young (Allocation Failure) 311M->38M(989M) 13.665ms
[86.346s][info][gc,cpu         ] GC(773) User=0.00s Sys=0.00s Real=0.00s
[86.418s][info][gc,start       ] GC(774) Pause Young (Allocation Failure)
[86.431s][info][gc,heap        ] GC(774) DefNew: 283085K(314560K)->3496K(314560K) Eden: 279616K(279616K)->0K(279616K) From: 3469K(34944K)->3496K(34944K)
[86.431s][info][gc,heap        ] GC(774) Tenured: 35990K(699072K)->35990K(699072K)
[86.431s][info][gc,metaspace   ] GC(774) Metaspace: 72321K(73088K)->72321K(73088K) NonClass: 57743K(57984K)->57743K(57984K) Class: 14577K(15104K)->14577K(15104K)
[86.432s][info][gc             ] GC(774) Pause Young (Allocation Failure) 311M->38M(989M) 13.897ms
[86.432s][info][gc,cpu         ] GC(774) User=0.00s Sys=0.00s Real=0.00s
[86.504s][info][gc,start       ] GC(775) Pause Young (Allocation Failure)
[86.516s][info][gc,heap        ] GC(775) DefNew: 283112K(314560K)->3436K(314560K) Eden: 279616K(279616K)->0K(279616K) From: 3496K(34944K)->3436K(34944K)
[86.516s][info][gc,heap        ] GC(775) Tenured: 35990K(699072K)->35990K(699072K)
[86.516s][info][gc,metaspace   ] GC(775) Metaspace: 72321K(73088K)->72321K(73088K) NonClass: 57743K(57984K)->57743K(57984K) Class: 14577K(15104K)->14577K(15104K)
[86.516s][info][gc             ] GC(775) Pause Young (Allocation Failure) 311M->38M(989M) 12.745ms
[86.516s][info][gc,cpu         ] GC(775) User=0.00s Sys=0.00s Real=0.00s
[86.588s][info][gc,start       ] GC(776) Pause Young (Allocation Failure)
[86.601s][info][gc,heap        ] GC(776) DefNew: 283052K(314560K)->1388K(314560K) Eden: 279616K(279616K)->0K(279616K) From: 3436K(34944K)->1388K(34944K)
[86.601s][info][gc,heap        ] GC(776) Tenured: 35990K(699072K)->38028K(699072K)
[86.601s][info][gc,metaspace   ] GC(776) Metaspace: 72321K(73088K)->72321K(73088K) NonClass: 57743K(57984K)->57743K(57984K) Class: 14577K(15104K)->14577K(15104K)
[86.601s][info][gc             ] GC(776) Pause Young (Allocation Failure) 311M->38M(989M) 12.629ms
[86.601s][info][gc,cpu         ] GC(776) User=0.00s Sys=0.00s Real=0.00s
[86.674s][info][gc,start       ] GC(777) Pause Young (Allocation Failure)
[86.682s][info][gc,heap        ] GC(777) DefNew: 281004K(314560K)->1471K(314560K) Eden: 279616K(279616K)->0K(279616K) From: 1388K(34944K)->1471K(34944K)
[86.682s][info][gc,heap        ] GC(777) Tenured: 38028K(699072K)->38028K(699072K)
[86.682s][info][gc,metaspace   ] GC(777) Metaspace: 72321K(73088K)->72321K(73088K) NonClass: 57743K(57984K)->57743K(57984K) Class: 14577K(15104K)->14577K(15104K)
[86.682s][info][gc             ] GC(777) Pause Young (Allocation Failure) 311M->38M(989M) 8.623ms
[86.682s][info][gc,cpu         ] GC(777) User=0.02s Sys=0.00s Real=0.01s
[86.753s][info][gc,start       ] GC(778) Pause Young (Allocation Failure)
[86.762s][info][gc,heap        ] GC(778) DefNew: 281087K(314560K)->1407K(314560K) Eden: 279616K(279616K)->0K(279616K) From: 1471K(34944K)->1407K(34944K)
[86.762s][info][gc,heap        ] GC(778) Tenured: 38028K(699072K)->38028K(699072K)
[86.762s][info][gc,metaspace   ] GC(778) Metaspace: 72321K(73088K)->72321K(73088K) NonClass: 57743K(57984K)->57743K(57984K) Class: 14577K(15104K)->14577K(15104K)
[86.762s][info][gc             ] GC(778) Pause Young (Allocation Failure) 311M->38M(989M) 8.465ms
[86.762s][info][gc,cpu         ] GC(778) User=0.00s Sys=0.00s Real=0.00s
[86.833s][info][gc,start       ] GC(779) Pause Young (Allocation Failure)
[86.842s][info][gc,heap        ] GC(779) DefNew: 281023K(314560K)->1465K(314560K) Eden: 279616K(279616K)->0K(279616K) From: 1407K(34944K)->1465K(34944K)
[86.842s][info][gc,heap        ] GC(779) Tenured: 38028K(699072K)->38028K(699072K)
[86.842s][info][gc,metaspace   ] GC(779) Metaspace: 72321K(73088K)->72321K(73088K) NonClass: 57743K(57984K)->57743K(57984K) Class: 14577K(15104K)->14577K(15104K)
[86.842s][info][gc             ] GC(779) Pause Young (Allocation Failure) 311M->38M(989M) 8.559ms
[86.842s][info][gc,cpu         ] GC(779) User=0.00s Sys=0.00s Real=0.00s
[86.913s][info][gc,start       ] GC(780) Pause Young (Allocation Failure)
[86.921s][info][gc,heap        ] GC(780) DefNew: 281081K(314560K)->1450K(314560K) Eden: 279616K(279616K)->0K(279616K) From: 1465K(34944K)->1450K(34944K)
[86.921s][info][gc,heap        ] GC(780) Tenured: 38028K(699072K)->38028K(699072K)
[86.921s][info][gc,metaspace   ] GC(780) Metaspace: 72321K(73088K)->72321K(73088K) NonClass: 57743K(57984K)->57743K(57984K) Class: 14577K(15104K)->14577K(15104K)
[86.921s][info][gc             ] GC(780) Pause Young (Allocation Failure) 311M->38M(989M) 8.522ms
[86.921s][info][gc,cpu         ] GC(780) User=0.02s Sys=0.00s Real=0.00s
[86.992s][info][gc,start       ] GC(781) Pause Young (Allocation Failure)
[87.003s][info][gc,heap        ] GC(781) DefNew: 281066K(314560K)->1449K(314560K) Eden: 279616K(279616K)->0K(279616K) From: 1450K(34944K)->1449K(34944K)
[87.003s][info][gc,heap        ] GC(781) Tenured: 38028K(699072K)->38029K(699072K)
[87.003s][info][gc,metaspace   ] GC(781) Metaspace: 72321K(73088K)->72321K(73088K) NonClass: 57743K(57984K)->57743K(57984K) Class: 14577K(15104K)->14577K(15104K)
[87.003s][info][gc             ] GC(781) Pause Young (Allocation Failure) 311M->38M(989M) 10.592ms
[87.003s][info][gc,cpu         ] GC(781) User=0.00s Sys=0.00s Real=0.00s
[87.074s][info][gc,start       ] GC(782) Pause Young (Allocation Failure)
[87.082s][info][gc,heap        ] GC(782) DefNew: 281065K(314560K)->1397K(314560K) Eden: 279615K(279616K)->0K(279616K) From: 1449K(34944K)->1397K(34944K)
[87.082s][info][gc,heap        ] GC(782) Tenured: 38029K(699072K)->38029K(699072K)
[87.082s][info][gc,metaspace   ] GC(782) Metaspace: 72321K(73088K)->72321K(73088K) NonClass: 57743K(57984K)->57743K(57984K) Class: 14577K(15104K)->14577K(15104K)
[87.082s][info][gc             ] GC(782) Pause Young (Allocation Failure) 311M->38M(989M) 8.420ms
[87.082s][info][gc,cpu         ] GC(782) User=0.00s Sys=0.00s Real=0.00s
[87.153s][info][gc,start       ] GC(783) Pause Young (Allocation Failure)
[87.161s][info][gc,heap        ] GC(783) DefNew: 281013K(314560K)->1407K(314560K) Eden: 279616K(279616K)->0K(279616K) From: 1397K(34944K)->1407K(34944K)
[87.161s][info][gc,heap        ] GC(783) Tenured: 38029K(699072K)->38045K(699072K)
[87.161s][info][gc,metaspace   ] GC(783) Metaspace: 72321K(73088K)->72321K(73088K) NonClass: 57743K(57984K)->57743K(57984K) Class: 14577K(15104K)->14577K(15104K)
[87.161s][info][gc             ] GC(783) Pause Young (Allocation Failure) 311M->38M(989M) 8.351ms
[87.161s][info][gc,cpu         ] GC(783) User=0.00s Sys=0.00s Real=0.00s
[87.232s][info][gc,start       ] GC(784) Pause Young (Allocation Failure)
[87.240s][info][gc,heap        ] GC(784) DefNew: 281023K(314560K)->1411K(314560K) Eden: 279616K(279616K)->0K(279616K) From: 1407K(34944K)->1411K(34944K)
[87.240s][info][gc,heap        ] GC(784) Tenured: 38045K(699072K)->38045K(699072K)
[87.240s][info][gc,metaspace   ] GC(784) Metaspace: 72321K(73088K)->72321K(73088K) NonClass: 57743K(57984K)->57743K(57984K) Class: 14577K(15104K)->14577K(15104K)
[87.241s][info][gc             ] GC(784) Pause Young (Allocation Failure) 311M->38M(989M) 8.534ms
[87.241s][info][gc,cpu         ] GC(784) User=0.00s Sys=0.00s Real=0.01s
[87.311s][info][gc,start       ] GC(785) Pause Young (Allocation Failure)
[87.320s][info][gc,heap        ] GC(785) DefNew: 281027K(314560K)->1417K(314560K) Eden: 279616K(279616K)->0K(279616K) From: 1411K(34944K)->1417K(34944K)
[87.320s][info][gc,heap        ] GC(785) Tenured: 38045K(699072K)->38045K(699072K)
[87.320s][info][gc,metaspace   ] GC(785) Metaspace: 72321K(73088K)->72321K(73088K) NonClass: 57743K(57984K)->57743K(57984K) Class: 14577K(15104K)->14577K(15104K)
[87.320s][info][gc             ] GC(785) Pause Young (Allocation Failure) 311M->38M(989M) 9.172ms
[87.320s][info][gc,cpu         ] GC(785) User=0.00s Sys=0.00s Real=0.00s
[87.392s][info][gc,start       ] GC(786) Pause Young (Allocation Failure)
[87.402s][info][gc,heap        ] GC(786) DefNew: 281033K(314560K)->1479K(314560K) Eden: 279616K(279616K)->0K(279616K) From: 1417K(34944K)->1479K(34944K)
[87.402s][info][gc,heap        ] GC(786) Tenured: 38045K(699072K)->38045K(699072K)
[87.402s][info][gc,metaspace   ] GC(786) Metaspace: 72325K(73088K)->72325K(73088K) NonClass: 57747K(57984K)->57747K(57984K) Class: 14577K(15104K)->14577K(15104K)
[87.402s][info][gc             ] GC(786) Pause Young (Allocation Failure) 311M->38M(989M) 9.232ms
[87.402s][info][gc,cpu         ] GC(786) User=0.00s Sys=0.00s Real=0.00s
[87.473s][info][gc,start       ] GC(787) Pause Young (Allocation Failure)
[87.482s][info][gc,heap        ] GC(787) DefNew: 281095K(314560K)->1458K(314560K) Eden: 279616K(279616K)->0K(279616K) From: 1479K(34944K)->1458K(34944K)
[87.482s][info][gc,heap        ] GC(787) Tenured: 38045K(699072K)->38045K(699072K)
[87.482s][info][gc,metaspace   ] GC(787) Metaspace: 72325K(73088K)->72325K(73088K) NonClass: 57747K(57984K)->57747K(57984K) Class: 14577K(15104K)->14577K(15104K)
[87.482s][info][gc             ] GC(787) Pause Young (Allocation Failure) 311M->38M(989M) 8.599ms
[87.482s][info][gc,cpu         ] GC(787) User=0.02s Sys=0.00s Real=0.01s
[87.553s][info][gc,start       ] GC(788) Pause Young (Allocation Failure)
[87.562s][info][gc,heap        ] GC(788) DefNew: 281074K(314560K)->1411K(314560K) Eden: 279616K(279616K)->0K(279616K) From: 1458K(34944K)->1411K(34944K)
[87.562s][info][gc,heap        ] GC(788) Tenured: 38045K(699072K)->38045K(699072K)
[87.562s][info][gc,metaspace   ] GC(788) Metaspace: 72325K(73088K)->72325K(73088K) NonClass: 57747K(57984K)->57747K(57984K) Class: 14577K(15104K)->14577K(15104K)
[87.562s][info][gc             ] GC(788) Pause Young (Allocation Failure) 311M->38M(989M) 9.268ms
[87.562s][info][gc,cpu         ] GC(788) User=0.02s Sys=0.00s Real=0.01s
[87.633s][info][gc,start       ] GC(789) Pause Young (Allocation Failure)
[87.642s][info][gc,heap        ] GC(789) DefNew: 281027K(314560K)->1441K(314560K) Eden: 279616K(279616K)->0K(279616K) From: 1411K(34944K)->1441K(34944K)
[87.642s][info][gc,heap        ] GC(789) Tenured: 38045K(699072K)->38045K(699072K)
[87.642s][info][gc,metaspace   ] GC(789) Metaspace: 72325K(73088K)->72325K(73088K) NonClass: 57747K(57984K)->57747K(57984K) Class: 14577K(15104K)->14577K(15104K)
[87.642s][info][gc             ] GC(789) Pause Young (Allocation Failure) 311M->38M(989M) 8.795ms
[87.642s][info][gc,cpu         ] GC(789) User=0.00s Sys=0.00s Real=0.00s
[87.714s][info][gc,start       ] GC(790) Pause Young (Allocation Failure)
[87.722s][info][gc,heap        ] GC(790) DefNew: 281057K(314560K)->1405K(314560K) Eden: 279616K(279616K)->0K(279616K) From: 1441K(34944K)->1405K(34944K)
[87.722s][info][gc,heap        ] GC(790) Tenured: 38045K(699072K)->38045K(699072K)
[87.722s][info][gc,metaspace   ] GC(790) Metaspace: 72325K(73088K)->72325K(73088K) NonClass: 57747K(57984K)->57747K(57984K) Class: 14577K(15104K)->14577K(15104K)
[87.722s][info][gc             ] GC(790) Pause Young (Allocation Failure) 311M->38M(989M) 8.200ms
[87.722s][info][gc,cpu         ] GC(790) User=0.00s Sys=0.00s Real=0.00s
[87.793s][info][gc,start       ] GC(791) Pause Young (Allocation Failure)
[87.801s][info][gc,heap        ] GC(791) DefNew: 281021K(314560K)->1428K(314560K) Eden: 279616K(279616K)->0K(279616K) From: 1405K(34944K)->1428K(34944K)
[87.801s][info][gc,heap        ] GC(791) Tenured: 38045K(699072K)->38046K(699072K)
[87.801s][info][gc,metaspace   ] GC(791) Metaspace: 72325K(73088K)->72325K(73088K) NonClass: 57747K(57984K)->57747K(57984K) Class: 14577K(15104K)->14577K(15104K)
[87.801s][info][gc             ] GC(791) Pause Young (Allocation Failure) 311M->38M(989M) 8.455ms
[87.801s][info][gc,cpu         ] GC(791) User=0.00s Sys=0.00s Real=0.00s
[87.873s][info][gc,start       ] GC(792) Pause Young (Allocation Failure)
[87.881s][info][gc,heap        ] GC(792) DefNew: 281044K(314560K)->1494K(314560K) Eden: 279616K(279616K)->0K(279616K) From: 1428K(34944K)->1494K(34944K)
[87.881s][info][gc,heap        ] GC(792) Tenured: 38046K(699072K)->38046K(699072K)
[87.881s][info][gc,metaspace   ] GC(792) Metaspace: 72325K(73088K)->72325K(73088K) NonClass: 57747K(57984K)->57747K(57984K) Class: 14577K(15104K)->14577K(15104K)
[87.882s][info][gc             ] GC(792) Pause Young (Allocation Failure) 311M->38M(989M) 8.597ms
[87.882s][info][gc,cpu         ] GC(792) User=0.00s Sys=0.00s Real=0.00s
[87.953s][info][gc,start       ] GC(793) Pause Young (Allocation Failure)
[87.962s][info][gc,heap        ] GC(793) DefNew: 281110K(314560K)->1501K(314560K) Eden: 279616K(279616K)->0K(279616K) From: 1494K(34944K)->1501K(34944K)
[87.962s][info][gc,heap        ] GC(793) Tenured: 38046K(699072K)->38047K(699072K)
[87.962s][info][gc,metaspace   ] GC(793) Metaspace: 72325K(73088K)->72325K(73088K) NonClass: 57747K(57984K)->57747K(57984K) Class: 14577K(15104K)->14577K(15104K)
[87.963s][info][gc             ] GC(793) Pause Young (Allocation Failure) 311M->38M(989M) 9.712ms
[87.963s][info][gc,cpu         ] GC(793) User=0.00s Sys=0.00s Real=0.00s
[88.034s][info][gc,start       ] GC(794) Pause Young (Allocation Failure)
[88.043s][info][gc,heap        ] GC(794) DefNew: 281117K(314560K)->1463K(314560K) Eden: 279616K(279616K)->0K(279616K) From: 1501K(34944K)->1463K(34944K)
[88.043s][info][gc,heap        ] GC(794) Tenured: 38047K(699072K)->38061K(699072K)
[88.043s][info][gc,metaspace   ] GC(794) Metaspace: 72325K(73088K)->72325K(73088K) NonClass: 57747K(57984K)->57747K(57984K) Class: 14577K(15104K)->14577K(15104K)
[88.043s][info][gc             ] GC(794) Pause Young (Allocation Failure) 311M->38M(989M) 8.823ms
[88.043s][info][gc,cpu         ] GC(794) User=0.00s Sys=0.00s Real=0.00s
[88.114s][info][gc,start       ] GC(795) Pause Young (Allocation Failure)
[88.123s][info][gc,heap        ] GC(795) DefNew: 281079K(314560K)->1478K(314560K) Eden: 279616K(279616K)->0K(279616K) From: 1463K(34944K)->1478K(34944K)
[88.123s][info][gc,heap        ] GC(795) Tenured: 38061K(699072K)->38066K(699072K)
[88.123s][info][gc,metaspace   ] GC(795) Metaspace: 72325K(73088K)->72325K(73088K) NonClass: 57747K(57984K)->57747K(57984K) Class: 14577K(15104K)->14577K(15104K)
[88.123s][info][gc             ] GC(795) Pause Young (Allocation Failure) 311M->38M(989M) 8.734ms
[88.123s][info][gc,cpu         ] GC(795) User=0.02s Sys=0.00s Real=0.01s
[88.194s][info][gc,start       ] GC(796) Pause Young (Allocation Failure)
[88.202s][info][gc,heap        ] GC(796) DefNew: 281094K(314560K)->1410K(314560K) Eden: 279616K(279616K)->0K(279616K) From: 1478K(34944K)->1410K(34944K)
[88.202s][info][gc,heap        ] GC(796) Tenured: 38066K(699072K)->38066K(699072K)
[88.202s][info][gc,metaspace   ] GC(796) Metaspace: 72325K(73088K)->72325K(73088K) NonClass: 57747K(57984K)->57747K(57984K) Class: 14577K(15104K)->14577K(15104K)
[88.202s][info][gc             ] GC(796) Pause Young (Allocation Failure) 311M->38M(989M) 8.273ms
[88.202s][info][gc,cpu         ] GC(796) User=0.02s Sys=0.00s Real=0.00s
[88.273s][info][gc,start       ] GC(797) Pause Young (Allocation Failure)
[88.283s][info][gc,heap        ] GC(797) DefNew: 281026K(314560K)->1457K(314560K) Eden: 279616K(279616K)->0K(279616K) From: 1410K(34944K)->1457K(34944K)
[88.283s][info][gc,heap        ] GC(797) Tenured: 38066K(699072K)->38066K(699072K)
[88.283s][info][gc,metaspace   ] GC(797) Metaspace: 72325K(73088K)->72325K(73088K) NonClass: 57747K(57984K)->57747K(57984K) Class: 14577K(15104K)->14577K(15104K)
[88.283s][info][gc             ] GC(797) Pause Young (Allocation Failure) 311M->38M(989M) 9.382ms
[88.283s][info][gc,cpu         ] GC(797) User=0.00s Sys=0.00s Real=0.00s
[88.354s][info][gc,start       ] GC(798) Pause Young (Allocation Failure)
[88.363s][info][gc,heap        ] GC(798) DefNew: 281073K(314560K)->1453K(314560K) Eden: 279616K(279616K)->0K(279616K) From: 1457K(34944K)->1453K(34944K)
[88.363s][info][gc,heap        ] GC(798) Tenured: 38066K(699072K)->38066K(699072K)
[88.363s][info][gc,metaspace   ] GC(798) Metaspace: 72325K(73088K)->72325K(73088K) NonClass: 57747K(57984K)->57747K(57984K) Class: 14577K(15104K)->14577K(15104K)
[88.363s][info][gc             ] GC(798) Pause Young (Allocation Failure) 311M->38M(989M) 8.966ms
[88.363s][info][gc,cpu         ] GC(798) User=0.00s Sys=0.00s Real=0.00s
[88.434s][info][gc,start       ] GC(799) Pause Young (Allocation Failure)
[88.443s][info][gc,heap        ] GC(799) DefNew: 281069K(314560K)->1469K(314560K) Eden: 279616K(279616K)->0K(279616K) From: 1453K(34944K)->1469K(34944K)
[88.443s][info][gc,heap        ] GC(799) Tenured: 38066K(699072K)->38066K(699072K)
[88.443s][info][gc,metaspace   ] GC(799) Metaspace: 72325K(73088K)->72325K(73088K) NonClass: 57747K(57984K)->57747K(57984K) Class: 14577K(15104K)->14577K(15104K)
[88.443s][info][gc             ] GC(799) Pause Young (Allocation Failure) 311M->38M(989M) 8.603ms
[88.443s][info][gc,cpu         ] GC(799) User=0.00s Sys=0.00s Real=0.00s
[88.514s][info][gc,start       ] GC(800) Pause Young (Allocation Failure)
[88.523s][info][gc,heap        ] GC(800) DefNew: 281085K(314560K)->1462K(314560K) Eden: 279616K(279616K)->0K(279616K) From: 1469K(34944K)->1462K(34944K)
[88.523s][info][gc,heap        ] GC(800) Tenured: 38066K(699072K)->38066K(699072K)
[88.523s][info][gc,metaspace   ] GC(800) Metaspace: 72325K(73088K)->72325K(73088K) NonClass: 57747K(57984K)->57747K(57984K) Class: 14577K(15104K)->14577K(15104K)
[88.523s][info][gc             ] GC(800) Pause Young (Allocation Failure) 311M->38M(989M) 8.590ms
[88.523s][info][gc,cpu         ] GC(800) User=0.00s Sys=0.00s Real=0.00s
[88.594s][info][gc,start       ] GC(801) Pause Young (Allocation Failure)
[88.602s][info][gc,heap        ] GC(801) DefNew: 281078K(314560K)->1414K(314560K) Eden: 279616K(279616K)->0K(279616K) From: 1462K(34944K)->1414K(34944K)
[88.602s][info][gc,heap        ] GC(801) Tenured: 38066K(699072K)->38108K(699072K)
[88.602s][info][gc,metaspace   ] GC(801) Metaspace: 72325K(73088K)->72325K(73088K) NonClass: 57747K(57984K)->57747K(57984K) Class: 14577K(15104K)->14577K(15104K)
[88.602s][info][gc             ] GC(801) Pause Young (Allocation Failure) 311M->38M(989M) 8.539ms
[88.602s][info][gc,cpu         ] GC(801) User=0.00s Sys=0.00s Real=0.00s
[88.673s][info][gc,start       ] GC(802) Pause Young (Allocation Failure)
[88.681s][info][gc,heap        ] GC(802) DefNew: 281030K(314560K)->1384K(314560K) Eden: 279616K(279616K)->0K(279616K) From: 1414K(34944K)->1384K(34944K)
[88.681s][info][gc,heap        ] GC(802) Tenured: 38108K(699072K)->38108K(699072K)
[88.681s][info][gc,metaspace   ] GC(802) Metaspace: 72325K(73088K)->72325K(73088K) NonClass: 57747K(57984K)->57747K(57984K) Class: 14577K(15104K)->14577K(15104K)
[88.681s][info][gc             ] GC(802) Pause Young (Allocation Failure) 311M->38M(989M) 8.202ms
[88.681s][info][gc,cpu         ] GC(802) User=0.00s Sys=0.00s Real=0.00s
[88.752s][info][gc,start       ] GC(803) Pause Young (Allocation Failure)
[88.760s][info][gc,heap        ] GC(803) DefNew: 281000K(314560K)->1361K(314560K) Eden: 279616K(279616K)->0K(279616K) From: 1384K(34944K)->1361K(34944K)
[88.760s][info][gc,heap        ] GC(803) Tenured: 38108K(699072K)->38108K(699072K)
[88.760s][info][gc,metaspace   ] GC(803) Metaspace: 72325K(73088K)->72325K(73088K) NonClass: 57747K(57984K)->57747K(57984K) Class: 14577K(15104K)->14577K(15104K)
[88.760s][info][gc             ] GC(803) Pause Young (Allocation Failure) 311M->38M(989M) 8.296ms
[88.760s][info][gc,cpu         ] GC(803) User=0.00s Sys=0.00s Real=0.00s
[88.831s][info][gc,start       ] GC(804) Pause Young (Allocation Failure)
[88.840s][info][gc,heap        ] GC(804) DefNew: 280977K(314560K)->1353K(314560K) Eden: 279616K(279616K)->0K(279616K) From: 1361K(34944K)->1353K(34944K)
[88.840s][info][gc,heap        ] GC(804) Tenured: 38108K(699072K)->38108K(699072K)
[88.840s][info][gc,metaspace   ] GC(804) Metaspace: 72325K(73088K)->72325K(73088K) NonClass: 57747K(57984K)->57747K(57984K) Class: 14577K(15104K)->14577K(15104K)
[88.840s][info][gc             ] GC(804) Pause Young (Allocation Failure) 311M->38M(989M) 8.162ms
[88.840s][info][gc,cpu         ] GC(804) User=0.02s Sys=0.00s Real=0.01s
[88.910s][info][gc,start       ] GC(805) Pause Young (Allocation Failure)
[88.919s][info][gc,heap        ] GC(805) DefNew: 280969K(314560K)->1401K(314560K) Eden: 279616K(279616K)->0K(279616K) From: 1353K(34944K)->1401K(34944K)
[88.919s][info][gc,heap        ] GC(805) Tenured: 38108K(699072K)->38108K(699072K)
[88.919s][info][gc,metaspace   ] GC(805) Metaspace: 72325K(73088K)->72325K(73088K) NonClass: 57747K(57984K)->57747K(57984K) Class: 14577K(15104K)->14577K(15104K)
[88.919s][info][gc             ] GC(805) Pause Young (Allocation Failure) 311M->38M(989M) 9.255ms
[88.920s][info][gc,cpu         ] GC(805) User=0.00s Sys=0.00s Real=0.00s
[88.991s][info][gc,start       ] GC(806) Pause Young (Allocation Failure)
[89.000s][info][gc,heap        ] GC(806) DefNew: 281017K(314560K)->1428K(314560K) Eden: 279616K(279616K)->0K(279616K) From: 1401K(34944K)->1428K(34944K)
[89.000s][info][gc,heap        ] GC(806) Tenured: 38108K(699072K)->38108K(699072K)
[89.000s][info][gc,metaspace   ] GC(806) Metaspace: 72325K(73088K)->72325K(73088K) NonClass: 57747K(57984K)->57747K(57984K) Class: 14577K(15104K)->14577K(15104K)
[89.001s][info][gc             ] GC(806) Pause Young (Allocation Failure) 311M->38M(989M) 9.446ms
[89.001s][info][gc,cpu         ] GC(806) User=0.02s Sys=0.00s Real=0.00s
[89.072s][info][gc,start       ] GC(807) Pause Young (Allocation Failure)
[89.081s][info][gc,heap        ] GC(807) DefNew: 281044K(314560K)->1410K(314560K) Eden: 279616K(279616K)->0K(279616K) From: 1428K(34944K)->1410K(34944K)
[89.081s][info][gc,heap        ] GC(807) Tenured: 38108K(699072K)->38124K(699072K)
[89.081s][info][gc,metaspace   ] GC(807) Metaspace: 72325K(73088K)->72325K(73088K) NonClass: 57747K(57984K)->57747K(57984K) Class: 14577K(15104K)->14577K(15104K)
[89.081s][info][gc             ] GC(807) Pause Young (Allocation Failure) 311M->38M(989M) 9.000ms
[89.081s][info][gc,cpu         ] GC(807) User=0.00s Sys=0.00s Real=0.00s
[89.152s][info][gc,start       ] GC(808) Pause Young (Allocation Failure)
[89.161s][info][gc,heap        ] GC(808) DefNew: 281026K(314560K)->1408K(314560K) Eden: 279616K(279616K)->0K(279616K) From: 1410K(34944K)->1408K(34944K)
[89.161s][info][gc,heap        ] GC(808) Tenured: 38124K(699072K)->38124K(699072K)
[89.161s][info][gc,metaspace   ] GC(808) Metaspace: 72325K(73088K)->72325K(73088K) NonClass: 57747K(57984K)->57747K(57984K) Class: 14577K(15104K)->14577K(15104K)
[89.161s][info][gc             ] GC(808) Pause Young (Allocation Failure) 311M->38M(989M) 8.408ms
[89.161s][info][gc,cpu         ] GC(808) User=0.00s Sys=0.00s Real=0.00s
[89.232s][info][gc,start       ] GC(809) Pause Young (Allocation Failure)
[89.240s][info][gc,heap        ] GC(809) DefNew: 281024K(314560K)->1412K(314560K) Eden: 279616K(279616K)->0K(279616K) From: 1408K(34944K)->1412K(34944K)
[89.240s][info][gc,heap        ] GC(809) Tenured: 38124K(699072K)->38124K(699072K)
[89.240s][info][gc,metaspace   ] GC(809) Metaspace: 72325K(73088K)->72325K(73088K) NonClass: 57747K(57984K)->57747K(57984K) Class: 14577K(15104K)->14577K(15104K)
[89.240s][info][gc             ] GC(809) Pause Young (Allocation Failure) 311M->38M(989M) 8.318ms
[89.240s][info][gc,cpu         ] GC(809) User=0.00s Sys=0.00s Real=0.00s
[89.312s][info][gc,start       ] GC(810) Pause Young (Allocation Failure)
[89.320s][info][gc,heap        ] GC(810) DefNew: 281028K(314560K)->1413K(314560K) Eden: 279615K(279616K)->0K(279616K) From: 1412K(34944K)->1413K(34944K)
[89.320s][info][gc,heap        ] GC(810) Tenured: 38124K(699072K)->38124K(699072K)
[89.320s][info][gc,metaspace   ] GC(810) Metaspace: 72325K(73088K)->72325K(73088K) NonClass: 57747K(57984K)->57747K(57984K) Class: 14577K(15104K)->14577K(15104K)
[89.320s][info][gc             ] GC(810) Pause Young (Allocation Failure) 311M->38M(989M) 8.441ms
[89.320s][info][gc,cpu         ] GC(810) User=0.00s Sys=0.00s Real=0.00s
[89.391s][info][gc,start       ] GC(811) Pause Young (Allocation Failure)
[89.400s][info][gc,heap        ] GC(811) DefNew: 281029K(314560K)->1439K(314560K) Eden: 279616K(279616K)->0K(279616K) From: 1413K(34944K)->1439K(34944K)
[89.400s][info][gc,heap        ] GC(811) Tenured: 38124K(699072K)->38125K(699072K)
[89.400s][info][gc,metaspace   ] GC(811) Metaspace: 72325K(73088K)->72325K(73088K) NonClass: 57747K(57984K)->57747K(57984K) Class: 14577K(15104K)->14577K(15104K)
[89.400s][info][gc             ] GC(811) Pause Young (Allocation Failure) 311M->38M(989M) 8.488ms
[89.400s][info][gc,cpu         ] GC(811) User=0.00s Sys=0.00s Real=0.00s
[89.471s][info][gc,start       ] GC(812) Pause Young (Allocation Failure)
[89.480s][info][gc,heap        ] GC(812) DefNew: 281055K(314560K)->1426K(314560K) Eden: 279616K(279616K)->0K(279616K) From: 1439K(34944K)->1426K(34944K)
[89.480s][info][gc,heap        ] GC(812) Tenured: 38125K(699072K)->38125K(699072K)
[89.480s][info][gc,metaspace   ] GC(812) Metaspace: 72325K(73088K)->72325K(73088K) NonClass: 57747K(57984K)->57747K(57984K) Class: 14577K(15104K)->14577K(15104K)
[89.480s][info][gc             ] GC(812) Pause Young (Allocation Failure) 311M->38M(989M) 9.239ms
[89.480s][info][gc,cpu         ] GC(812) User=0.00s Sys=0.00s Real=0.00s
[89.551s][info][gc,start       ] GC(813) Pause Young (Allocation Failure)
[89.560s][info][gc,heap        ] GC(813) DefNew: 281042K(314560K)->1421K(314560K) Eden: 279616K(279616K)->0K(279616K) From: 1426K(34944K)->1421K(34944K)
[89.560s][info][gc,heap        ] GC(813) Tenured: 38125K(699072K)->38126K(699072K)
[89.560s][info][gc,metaspace   ] GC(813) Metaspace: 72325K(73088K)->72325K(73088K) NonClass: 57747K(57984K)->57747K(57984K) Class: 14577K(15104K)->14577K(15104K)
[89.560s][info][gc             ] GC(813) Pause Young (Allocation Failure) 311M->38M(989M) 8.864ms
[89.560s][info][gc,cpu         ] GC(813) User=0.00s Sys=0.00s Real=0.00s
[89.631s][info][gc,start       ] GC(814) Pause Young (Allocation Failure)
[89.640s][info][gc,heap        ] GC(814) DefNew: 281037K(314560K)->1393K(314560K) Eden: 279616K(279616K)->0K(279616K) From: 1421K(34944K)->1393K(34944K)
[89.640s][info][gc,heap        ] GC(814) Tenured: 38126K(699072K)->38127K(699072K)
[89.640s][info][gc,metaspace   ] GC(814) Metaspace: 72325K(73088K)->72325K(73088K) NonClass: 57747K(57984K)->57747K(57984K) Class: 14577K(15104K)->14577K(15104K)
[89.640s][info][gc             ] GC(814) Pause Young (Allocation Failure) 311M->38M(989M) 8.318ms
[89.640s][info][gc,cpu         ] GC(814) User=0.02s Sys=0.00s Real=0.00s
[89.711s][info][gc,start       ] GC(815) Pause Young (Allocation Failure)
[89.727s][info][gc,heap        ] GC(815) DefNew: 281009K(314560K)->1438K(314560K) Eden: 279616K(279616K)->0K(279616K) From: 1393K(34944K)->1438K(34944K)
[89.727s][info][gc,heap        ] GC(815) Tenured: 38127K(699072K)->38127K(699072K)
[89.727s][info][gc,metaspace   ] GC(815) Metaspace: 72325K(73088K)->72325K(73088K) NonClass: 57747K(57984K)->57747K(57984K) Class: 14577K(15104K)->14577K(15104K)
[89.727s][info][gc             ] GC(815) Pause Young (Allocation Failure) 311M->38M(989M) 16.078ms
[89.727s][info][gc,cpu         ] GC(815) User=0.02s Sys=0.00s Real=0.02s
[89.800s][info][gc,start       ] GC(816) Pause Young (Allocation Failure)
[89.809s][info][gc,heap        ] GC(816) DefNew: 281054K(314560K)->1385K(314560K) Eden: 279616K(279616K)->0K(279616K) From: 1438K(34944K)->1385K(34944K)
[89.809s][info][gc,heap        ] GC(816) Tenured: 38127K(699072K)->38127K(699072K)
[89.809s][info][gc,metaspace   ] GC(816) Metaspace: 72325K(73088K)->72325K(73088K) NonClass: 57747K(57984K)->57747K(57984K) Class: 14577K(15104K)->14577K(15104K)
[89.809s][info][gc             ] GC(816) Pause Young (Allocation Failure) 311M->38M(989M) 9.360ms
[89.809s][info][gc,cpu         ] GC(816) User=0.02s Sys=0.00s Real=0.01s
[89.881s][info][gc,start       ] GC(817) Pause Young (Allocation Failure)
[89.890s][info][gc,heap        ] GC(817) DefNew: 281001K(314560K)->1407K(314560K) Eden: 279616K(279616K)->0K(279616K) From: 1385K(34944K)->1407K(34944K)
[89.890s][info][gc,heap        ] GC(817) Tenured: 38127K(699072K)->38127K(699072K)
[89.890s][info][gc,metaspace   ] GC(817) Metaspace: 72325K(73088K)->72325K(73088K) NonClass: 57747K(57984K)->57747K(57984K) Class: 14577K(15104K)->14577K(15104K)
[89.890s][info][gc             ] GC(817) Pause Young (Allocation Failure) 311M->38M(989M) 9.062ms
[89.890s][info][gc,cpu         ] GC(817) User=0.00s Sys=0.00s Real=0.00s
[89.961s][info][gc,start       ] GC(818) Pause Young (Allocation Failure)
[89.969s][info][gc,heap        ] GC(818) DefNew: 281023K(314560K)->1449K(314560K) Eden: 279616K(279616K)->0K(279616K) From: 1407K(34944K)->1449K(34944K)
[89.970s][info][gc,heap        ] GC(818) Tenured: 38127K(699072K)->38127K(699072K)
[89.970s][info][gc,metaspace   ] GC(818) Metaspace: 72325K(73088K)->72325K(73088K) NonClass: 57747K(57984K)->57747K(57984K) Class: 14577K(15104K)->14577K(15104K)
[89.970s][info][gc             ] GC(818) Pause Young (Allocation Failure) 311M->38M(989M) 8.572ms
[89.970s][info][gc,cpu         ] GC(818) User=0.00s Sys=0.00s Real=0.00s
[90.041s][info][gc,start       ] GC(819) Pause Young (Allocation Failure)
[90.050s][info][gc,heap        ] GC(819) DefNew: 281065K(314560K)->1430K(314560K) Eden: 279616K(279616K)->0K(279616K) From: 1449K(34944K)->1430K(34944K)
[90.050s][info][gc,heap        ] GC(819) Tenured: 38127K(699072K)->38127K(699072K)
[90.050s][info][gc,metaspace   ] GC(819) Metaspace: 72325K(73088K)->72325K(73088K) NonClass: 57747K(57984K)->57747K(57984K) Class: 14577K(15104K)->14577K(15104K)
[90.050s][info][gc             ] GC(819) Pause Young (Allocation Failure) 311M->38M(989M) 9.627ms
[90.050s][info][gc,cpu         ] GC(819) User=0.00s Sys=0.00s Real=0.00s
[90.122s][info][gc,start       ] GC(820) Pause Young (Allocation Failure)
[90.131s][info][gc,heap        ] GC(820) DefNew: 281046K(314560K)->1477K(314560K) Eden: 279616K(279616K)->0K(279616K) From: 1430K(34944K)->1477K(34944K)
[90.131s][info][gc,heap        ] GC(820) Tenured: 38127K(699072K)->38144K(699072K)
[90.131s][info][gc,metaspace   ] GC(820) Metaspace: 72325K(73088K)->72325K(73088K) NonClass: 57747K(57984K)->57747K(57984K) Class: 14577K(15104K)->14577K(15104K)
[90.131s][info][gc             ] GC(820) Pause Young (Allocation Failure) 311M->38M(989M) 9.300ms
[90.131s][info][gc,cpu         ] GC(820) User=0.00s Sys=0.00s Real=0.00s
[90.202s][info][gc,start       ] GC(821) Pause Young (Allocation Failure)
[90.211s][info][gc,heap        ] GC(821) DefNew: 281093K(314560K)->1460K(314560K) Eden: 279616K(279616K)->0K(279616K) From: 1477K(34944K)->1460K(34944K)
[90.211s][info][gc,heap        ] GC(821) Tenured: 38144K(699072K)->38144K(699072K)
[90.211s][info][gc,metaspace   ] GC(821) Metaspace: 72325K(73088K)->72325K(73088K) NonClass: 57747K(57984K)->57747K(57984K) Class: 14577K(15104K)->14577K(15104K)
[90.211s][info][gc             ] GC(821) Pause Young (Allocation Failure) 311M->38M(989M) 8.691ms
[90.211s][info][gc,cpu         ] GC(821) User=0.00s Sys=0.00s Real=0.00s
[90.282s][info][gc,start       ] GC(822) Pause Young (Allocation Failure)
[90.290s][info][gc,heap        ] GC(822) DefNew: 281076K(314560K)->1459K(314560K) Eden: 279616K(279616K)->0K(279616K) From: 1460K(34944K)->1459K(34944K)
[90.290s][info][gc,heap        ] GC(822) Tenured: 38144K(699072K)->38144K(699072K)
[90.290s][info][gc,metaspace   ] GC(822) Metaspace: 72325K(73088K)->72325K(73088K) NonClass: 57747K(57984K)->57747K(57984K) Class: 14577K(15104K)->14577K(15104K)
[90.290s][info][gc             ] GC(822) Pause Young (Allocation Failure) 311M->38M(989M) 8.678ms
[90.291s][info][gc,cpu         ] GC(822) User=0.00s Sys=0.00s Real=0.00s
[90.361s][info][gc,start       ] GC(823) Pause Young (Allocation Failure)
[90.370s][info][gc,heap        ] GC(823) DefNew: 281075K(314560K)->1448K(314560K) Eden: 279616K(279616K)->0K(279616K) From: 1459K(34944K)->1448K(34944K)
[90.370s][info][gc,heap        ] GC(823) Tenured: 38144K(699072K)->38144K(699072K)
[90.370s][info][gc,metaspace   ] GC(823) Metaspace: 72325K(73088K)->72325K(73088K) NonClass: 57747K(57984K)->57747K(57984K) Class: 14577K(15104K)->14577K(15104K)
[90.370s][info][gc             ] GC(823) Pause Young (Allocation Failure) 311M->38M(989M) 8.755ms
[90.370s][info][gc,cpu         ] GC(823) User=0.00s Sys=0.00s Real=0.00s
[90.442s][info][gc,start       ] GC(824) Pause Young (Allocation Failure)
[90.450s][info][gc,heap        ] GC(824) DefNew: 281064K(314560K)->1451K(314560K) Eden: 279616K(279616K)->0K(279616K) From: 1448K(34944K)->1451K(34944K)
[90.450s][info][gc,heap        ] GC(824) Tenured: 38144K(699072K)->38144K(699072K)
[90.450s][info][gc,metaspace   ] GC(824) Metaspace: 72325K(73088K)->72325K(73088K) NonClass: 57747K(57984K)->57747K(57984K) Class: 14577K(15104K)->14577K(15104K)
[90.450s][info][gc             ] GC(824) Pause Young (Allocation Failure) 311M->38M(989M) 8.774ms
[90.450s][info][gc,cpu         ] GC(824) User=0.00s Sys=0.00s Real=0.00s
[90.522s][info][gc,start       ] GC(825) Pause Young (Allocation Failure)
[90.532s][info][gc,heap        ] GC(825) DefNew: 281067K(314560K)->1506K(314560K) Eden: 279616K(279616K)->0K(279616K) From: 1451K(34944K)->1506K(34944K)
[90.532s][info][gc,heap        ] GC(825) Tenured: 38144K(699072K)->38144K(699072K)
[90.532s][info][gc,metaspace   ] GC(825) Metaspace: 72325K(73088K)->72325K(73088K) NonClass: 57747K(57984K)->57747K(57984K) Class: 14577K(15104K)->14577K(15104K)
[90.532s][info][gc             ] GC(825) Pause Young (Allocation Failure) 311M->38M(989M) 9.948ms
[90.532s][info][gc,cpu         ] GC(825) User=0.02s Sys=0.00s Real=0.00s
[90.605s][info][gc,start       ] GC(826) Pause Young (Allocation Failure)
[90.614s][info][gc,heap        ] GC(826) DefNew: 281122K(314560K)->1499K(314560K) Eden: 279616K(279616K)->0K(279616K) From: 1506K(34944K)->1499K(34944K)
[90.614s][info][gc,heap        ] GC(826) Tenured: 38144K(699072K)->38144K(699072K)
[90.614s][info][gc,metaspace   ] GC(826) Metaspace: 72325K(73088K)->72325K(73088K) NonClass: 57747K(57984K)->57747K(57984K) Class: 14577K(15104K)->14577K(15104K)
[90.614s][info][gc             ] GC(826) Pause Young (Allocation Failure) 311M->38M(989M) 9.288ms
[90.614s][info][gc,cpu         ] GC(826) User=0.00s Sys=0.00s Real=0.00s
[90.686s][info][gc,start       ] GC(827) Pause Young (Allocation Failure)
[90.695s][info][gc,heap        ] GC(827) DefNew: 281115K(314560K)->1427K(314560K) Eden: 279616K(279616K)->0K(279616K) From: 1499K(34944K)->1427K(34944K)
[90.695s][info][gc,heap        ] GC(827) Tenured: 38144K(699072K)->38144K(699072K)
[90.695s][info][gc,metaspace   ] GC(827) Metaspace: 72325K(73088K)->72325K(73088K) NonClass: 57747K(57984K)->57747K(57984K) Class: 14577K(15104K)->14577K(15104K)
[90.695s][info][gc             ] GC(827) Pause Young (Allocation Failure) 311M->38M(989M) 8.447ms
[90.695s][info][gc,cpu         ] GC(827) User=0.00s Sys=0.00s Real=0.00s
[90.768s][info][gc,start       ] GC(828) Pause Young (Allocation Failure)
[90.777s][info][gc,heap        ] GC(828) DefNew: 281043K(314560K)->1473K(314560K) Eden: 279616K(279616K)->0K(279616K) From: 1427K(34944K)->1473K(34944K)
[90.777s][info][gc,heap        ] GC(828) Tenured: 38144K(699072K)->38144K(699072K)
[90.777s][info][gc,metaspace   ] GC(828) Metaspace: 72325K(73088K)->72325K(73088K) NonClass: 57747K(57984K)->57747K(57984K) Class: 14577K(15104K)->14577K(15104K)
[90.777s][info][gc             ] GC(828) Pause Young (Allocation Failure) 311M->38M(989M) 9.156ms
[90.777s][info][gc,cpu         ] GC(828) User=0.00s Sys=0.00s Real=0.00s
[90.851s][info][gc,start       ] GC(829) Pause Young (Allocation Failure)
[90.859s][info][gc,heap        ] GC(829) DefNew: 281089K(314560K)->1512K(314560K) Eden: 279616K(279616K)->0K(279616K) From: 1473K(34944K)->1512K(34944K)
[90.859s][info][gc,heap        ] GC(829) Tenured: 38144K(699072K)->38144K(699072K)
[90.859s][info][gc,metaspace   ] GC(829) Metaspace: 72325K(73088K)->72325K(73088K) NonClass: 57747K(57984K)->57747K(57984K) Class: 14577K(15104K)->14577K(15104K)
[90.860s][info][gc             ] GC(829) Pause Young (Allocation Failure) 311M->38M(989M) 8.878ms
[90.860s][info][gc,cpu         ] GC(829) User=0.00s Sys=0.00s Real=0.00s
[90.936s][info][gc,start       ] GC(830) Pause Young (Allocation Failure)
[90.944s][info][gc,heap        ] GC(830) DefNew: 281128K(314560K)->1476K(314560K) Eden: 279616K(279616K)->0K(279616K) From: 1512K(34944K)->1476K(34944K)
[90.944s][info][gc,heap        ] GC(830) Tenured: 38144K(699072K)->38144K(699072K)
[90.944s][info][gc,metaspace   ] GC(830) Metaspace: 72325K(73088K)->72325K(73088K) NonClass: 57747K(57984K)->57747K(57984K) Class: 14577K(15104K)->14577K(15104K)
[90.944s][info][gc             ] GC(830) Pause Young (Allocation Failure) 311M->38M(989M) 8.339ms
[90.944s][info][gc,cpu         ] GC(830) User=0.00s Sys=0.00s Real=0.00s
[91.025s][info][gc,start       ] GC(831) Pause Young (Allocation Failure)
[91.032s][info][gc,heap        ] GC(831) DefNew: 281092K(314560K)->1390K(314560K) Eden: 279616K(279616K)->0K(279616K) From: 1476K(34944K)->1390K(34944K)
[91.032s][info][gc,heap        ] GC(831) Tenured: 38144K(699072K)->38144K(699072K)
[91.032s][info][gc,metaspace   ] GC(831) Metaspace: 72325K(73088K)->72325K(73088K) NonClass: 57747K(57984K)->57747K(57984K) Class: 14577K(15104K)->14577K(15104K)
[91.032s][info][gc             ] GC(831) Pause Young (Allocation Failure) 311M->38M(989M) 7.354ms
[91.032s][info][gc,cpu         ] GC(831) User=0.00s Sys=0.00s Real=0.00s
[91.121s][info][gc,start       ] GC(832) Pause Young (Allocation Failure)
[91.127s][info][gc,heap        ] GC(832) DefNew: 280997K(314560K)->1441K(314560K) Eden: 279606K(279616K)->0K(279616K) From: 1390K(34944K)->1441K(34944K)
[91.127s][info][gc,heap        ] GC(832) Tenured: 38144K(699072K)->38161K(699072K)
[91.128s][info][gc,metaspace   ] GC(832) Metaspace: 72325K(73088K)->72325K(73088K) NonClass: 57747K(57984K)->57747K(57984K) Class: 14577K(15104K)->14577K(15104K)
[91.128s][info][gc             ] GC(832) Pause Young (Allocation Failure) 311M->38M(989M) 6.905ms
[91.128s][info][gc,cpu         ] GC(832) User=0.00s Sys=0.00s Real=0.00s
[91.231s][info][gc,start       ] GC(833) Pause Young (Allocation Failure)
[91.237s][info][gc,heap        ] GC(833) DefNew: 281057K(314560K)->1413K(314560K) Eden: 279616K(279616K)->0K(279616K) From: 1441K(34944K)->1413K(34944K)
[91.237s][info][gc,heap        ] GC(833) Tenured: 38161K(699072K)->38161K(699072K)
[91.237s][info][gc,metaspace   ] GC(833) Metaspace: 72325K(73088K)->72325K(73088K) NonClass: 57747K(57984K)->57747K(57984K) Class: 14577K(15104K)->14577K(15104K)
[91.237s][info][gc             ] GC(833) Pause Young (Allocation Failure) 311M->38M(989M) 6.198ms
[91.237s][info][gc,cpu         ] GC(833) User=0.00s Sys=0.00s Real=0.00s
[91.349s][info][gc,start       ] GC(834) Pause Young (Allocation Failure)
[91.354s][info][gc,heap        ] GC(834) DefNew: 281029K(314560K)->1314K(314560K) Eden: 279616K(279616K)->0K(279616K) From: 1413K(34944K)->1314K(34944K)
[91.354s][info][gc,heap        ] GC(834) Tenured: 38161K(699072K)->38181K(699072K)
[91.354s][info][gc,metaspace   ] GC(834) Metaspace: 72325K(73088K)->72325K(73088K) NonClass: 57747K(57984K)->57747K(57984K) Class: 14577K(15104K)->14577K(15104K)
[91.354s][info][gc             ] GC(834) Pause Young (Allocation Failure) 311M->38M(989M) 5.485ms
[91.354s][info][gc,cpu         ] GC(834) User=0.00s Sys=0.00s Real=0.00s
[91.471s][info][gc,start       ] GC(835) Pause Young (Allocation Failure)
[91.476s][info][gc,heap        ] GC(835) DefNew: 280930K(314560K)->1367K(314560K) Eden: 279616K(279616K)->0K(279616K) From: 1314K(34944K)->1367K(34944K)
[91.476s][info][gc,heap        ] GC(835) Tenured: 38181K(699072K)->38181K(699072K)
[91.476s][info][gc,metaspace   ] GC(835) Metaspace: 72325K(73088K)->72325K(73088K) NonClass: 57747K(57984K)->57747K(57984K) Class: 14577K(15104K)->14577K(15104K)
[91.476s][info][gc             ] GC(835) Pause Young (Allocation Failure) 311M->38M(989M) 5.278ms
[91.476s][info][gc,cpu         ] GC(835) User=0.00s Sys=0.00s Real=0.00s
[91.594s][info][gc,start       ] GC(836) Pause Young (Allocation Failure)
[91.599s][info][gc,heap        ] GC(836) DefNew: 280983K(314560K)->1380K(314560K) Eden: 279616K(279616K)->0K(279616K) From: 1367K(34944K)->1380K(34944K)
[91.599s][info][gc,heap        ] GC(836) Tenured: 38181K(699072K)->38198K(699072K)
[91.599s][info][gc,metaspace   ] GC(836) Metaspace: 72325K(73088K)->72325K(73088K) NonClass: 57747K(57984K)->57747K(57984K) Class: 14577K(15104K)->14577K(15104K)
[91.599s][info][gc             ] GC(836) Pause Young (Allocation Failure) 311M->38M(989M) 5.211ms
[91.599s][info][gc,cpu         ] GC(836) User=0.00s Sys=0.00s Real=0.00s
[91.718s][info][gc,start       ] GC(837) Pause Young (Allocation Failure)
[91.723s][info][gc,heap        ] GC(837) DefNew: 280996K(314560K)->1309K(314560K) Eden: 279616K(279616K)->0K(279616K) From: 1380K(34944K)->1309K(34944K)
[91.723s][info][gc,heap        ] GC(837) Tenured: 38198K(699072K)->38198K(699072K)
[91.723s][info][gc,metaspace   ] GC(837) Metaspace: 72325K(73088K)->72325K(73088K) NonClass: 57747K(57984K)->57747K(57984K) Class: 14577K(15104K)->14577K(15104K)
[91.723s][info][gc             ] GC(837) Pause Young (Allocation Failure) 311M->38M(989M) 4.910ms
[91.723s][info][gc,cpu         ] GC(837) User=0.00s Sys=0.00s Real=0.00s
[91.841s][info][gc,start       ] GC(838) Pause Young (Allocation Failure)
[91.846s][info][gc,heap        ] GC(838) DefNew: 280925K(314560K)->1329K(314560K) Eden: 279616K(279616K)->0K(279616K) From: 1309K(34944K)->1329K(34944K)
[91.846s][info][gc,heap        ] GC(838) Tenured: 38198K(699072K)->38228K(699072K)
[91.846s][info][gc,metaspace   ] GC(838) Metaspace: 72325K(73088K)->72325K(73088K) NonClass: 57747K(57984K)->57747K(57984K) Class: 14577K(15104K)->14577K(15104K)
[91.846s][info][gc             ] GC(838) Pause Young (Allocation Failure) 311M->38M(989M) 5.147ms
[91.846s][info][gc,cpu         ] GC(838) User=0.00s Sys=0.00s Real=0.00s
[91.974s][info][gc,start       ] GC(839) Pause Young (Allocation Failure)
[91.978s][info][gc,heap        ] GC(839) DefNew: 280945K(314560K)->1217K(314560K) Eden: 279616K(279616K)->0K(279616K) From: 1329K(34944K)->1217K(34944K)
[91.979s][info][gc,heap        ] GC(839) Tenured: 38228K(699072K)->38272K(699072K)
[91.979s][info][gc,metaspace   ] GC(839) Metaspace: 72325K(73088K)->72325K(73088K) NonClass: 57747K(57984K)->57747K(57984K) Class: 14577K(15104K)->14577K(15104K)
[91.979s][info][gc             ] GC(839) Pause Young (Allocation Failure) 311M->38M(989M) 4.809ms
[91.979s][info][gc,cpu         ] GC(839) User=0.02s Sys=0.00s Real=0.00s
[92.149s][info][gc,start       ] GC(840) Pause Young (Allocation Failure)
[92.153s][info][gc,heap        ] GC(840) DefNew: 280833K(314560K)->1233K(314560K) Eden: 279616K(279616K)->0K(279616K) From: 1217K(34944K)->1233K(34944K)
[92.153s][info][gc,heap        ] GC(840) Tenured: 38272K(699072K)->38280K(699072K)
[92.153s][info][gc,metaspace   ] GC(840) Metaspace: 72325K(73088K)->72325K(73088K) NonClass: 57747K(57984K)->57747K(57984K) Class: 14577K(15104K)->14577K(15104K)
[92.153s][info][gc             ] GC(840) Pause Young (Allocation Failure) 311M->38M(989M) 4.417ms
[92.153s][info][gc,cpu         ] GC(840) User=0.00s Sys=0.00s Real=0.00s
[92.343s][info][gc,start       ] GC(841) Pause Young (Allocation Failure)
[92.347s][info][gc,heap        ] GC(841) DefNew: 280849K(314560K)->1150K(314560K) Eden: 279616K(279616K)->0K(279616K) From: 1233K(34944K)->1150K(34944K)
[92.347s][info][gc,heap        ] GC(841) Tenured: 38280K(699072K)->38357K(699072K)
[92.347s][info][gc,metaspace   ] GC(841) Metaspace: 72325K(73088K)->72325K(73088K) NonClass: 57747K(57984K)->57747K(57984K) Class: 14577K(15104K)->14577K(15104K)
[92.347s][info][gc             ] GC(841) Pause Young (Allocation Failure) 311M->38M(989M) 4.104ms
[92.348s][info][gc,cpu         ] GC(841) User=0.00s Sys=0.00s Real=0.00s
[92.538s][info][gc,start       ] GC(842) Pause Young (Allocation Failure)
[92.542s][info][gc,heap        ] GC(842) DefNew: 280766K(314560K)->1072K(314560K) Eden: 279616K(279616K)->0K(279616K) From: 1150K(34944K)->1072K(34944K)
[92.542s][info][gc,heap        ] GC(842) Tenured: 38357K(699072K)->38437K(699072K)
[92.542s][info][gc,metaspace   ] GC(842) Metaspace: 72325K(73088K)->72325K(73088K) NonClass: 57747K(57984K)->57747K(57984K) Class: 14577K(15104K)->14577K(15104K)
[92.542s][info][gc             ] GC(842) Pause Young (Allocation Failure) 311M->38M(989M) 3.975ms
[92.542s][info][gc,cpu         ] GC(842) User=0.00s Sys=0.00s Real=0.00s
[92.731s][info][gc,start       ] GC(843) Pause Young (Allocation Failure)
[92.735s][info][gc,heap        ] GC(843) DefNew: 280688K(314560K)->985K(314560K) Eden: 279616K(279616K)->0K(279616K) From: 1072K(34944K)->985K(34944K)
[92.735s][info][gc,heap        ] GC(843) Tenured: 38437K(699072K)->38514K(699072K)
[92.735s][info][gc,metaspace   ] GC(843) Metaspace: 72325K(73088K)->72325K(73088K) NonClass: 57747K(57984K)->57747K(57984K) Class: 14577K(15104K)->14577K(15104K)
[92.735s][info][gc             ] GC(843) Pause Young (Allocation Failure) 311M->38M(989M) 3.804ms
[92.735s][info][gc,cpu         ] GC(843) User=0.00s Sys=0.00s Real=0.00s
[92.910s][info][gc,start       ] GC(844) Pause Full (System.gc())
[92.910s][info][gc,phases,start] GC(844) Phase 1: Mark live objects
[92.963s][info][gc,phases      ] GC(844) Phase 1: Mark live objects 53.044ms
[92.963s][info][gc,phases,start] GC(844) Phase 2: Compute new object addresses
[93.036s][info][gc,phases      ] GC(844) Phase 2: Compute new object addresses 72.400ms
[93.036s][info][gc,phases,start] GC(844) Phase 3: Adjust pointers
[93.060s][info][gc,phases      ] GC(844) Phase 3: Adjust pointers 24.500ms
[93.060s][info][gc,phases,start] GC(844) Phase 4: Move objects
[93.061s][info][gc,phases      ] GC(844) Phase 4: Move objects 1.014ms
[93.061s][info][gc,heap        ] GC(844) DefNew: 198108K(314560K)->0K(314560K) Eden: 197122K(279616K)->0K(279616K) From: 985K(34944K)->0K(34944K)
[93.061s][info][gc,heap        ] GC(844) Tenured: 38514K(699072K)->39678K(699072K)
[93.061s][info][gc,metaspace   ] GC(844) Metaspace: 72360K(73088K)->72360K(73088K) NonClass: 57782K(57984K)->57782K(57984K) Class: 14577K(15104K)->14577K(15104K)
[93.061s][info][gc             ] GC(844) Pause Full (System.gc()) 231M->38M(989M) 151.737ms
[93.062s][info][gc,cpu         ] GC(844) User=0.14s Sys=0.00s Real=0.14s
[93.160s][info][gc,start       ] GC(845) Pause Young (Allocation Failure)
[93.175s][info][gc,heap        ] GC(845) DefNew: 279616K(314560K)->3497K(314560K) Eden: 279616K(279616K)->0K(279616K) From: 0K(34944K)->3497K(34944K)
[93.175s][info][gc,heap        ] GC(845) Tenured: 39678K(699072K)->39678K(699072K)
[93.175s][info][gc,metaspace   ] GC(845) Metaspace: 72544K(73280K)->72544K(73280K) NonClass: 57966K(58176K)->57966K(58176K) Class: 14577K(15104K)->14577K(15104K)
[93.175s][info][gc             ] GC(845) Pause Young (Allocation Failure) 311M->42M(989M) 14.857ms
[93.175s][info][gc,cpu         ] GC(845) User=0.00s Sys=0.00s Real=0.00s
[93.248s][info][gc,start       ] GC(846) Pause Young (Allocation Failure)
[93.262s][info][gc,heap        ] GC(846) DefNew: 283113K(314560K)->3518K(314560K) Eden: 279616K(279616K)->0K(279616K) From: 3497K(34944K)->3518K(34944K)
[93.262s][info][gc,heap        ] GC(846) Tenured: 39678K(699072K)->39678K(699072K)
[93.262s][info][gc,metaspace   ] GC(846) Metaspace: 72544K(73280K)->72544K(73280K) NonClass: 57966K(58176K)->57966K(58176K) Class: 14577K(15104K)->14577K(15104K)
[93.262s][info][gc             ] GC(846) Pause Young (Allocation Failure) 315M->42M(989M) 13.923ms
[93.262s][info][gc,cpu         ] GC(846) User=0.00s Sys=0.00s Real=0.00s
[93.333s][info][gc,start       ] GC(847) Pause Young (Allocation Failure)
[93.346s][info][gc,heap        ] GC(847) DefNew: 283134K(314560K)->3525K(314560K) Eden: 279616K(279616K)->0K(279616K) From: 3518K(34944K)->3525K(34944K)
[93.346s][info][gc,heap        ] GC(847) Tenured: 39678K(699072K)->39678K(699072K)
[93.346s][info][gc,metaspace   ] GC(847) Metaspace: 72544K(73280K)->72544K(73280K) NonClass: 57966K(58176K)->57966K(58176K) Class: 14577K(15104K)->14577K(15104K)
[93.346s][info][gc             ] GC(847) Pause Young (Allocation Failure) 315M->42M(989M) 13.130ms
[93.346s][info][gc,cpu         ] GC(847) User=0.00s Sys=0.00s Real=0.00s
[93.419s][info][gc,start       ] GC(848) Pause Young (Allocation Failure)
[93.432s][info][gc,heap        ] GC(848) DefNew: 283141K(314560K)->3522K(314560K) Eden: 279616K(279616K)->0K(279616K) From: 3525K(34944K)->3522K(34944K)
[93.432s][info][gc,heap        ] GC(848) Tenured: 39678K(699072K)->39678K(699072K)
[93.432s][info][gc,metaspace   ] GC(848) Metaspace: 72544K(73280K)->72544K(73280K) NonClass: 57966K(58176K)->57966K(58176K) Class: 14577K(15104K)->14577K(15104K)
[93.432s][info][gc             ] GC(848) Pause Young (Allocation Failure) 315M->42M(989M) 12.594ms
[93.432s][info][gc,cpu         ] GC(848) User=0.00s Sys=0.00s Real=0.00s
[93.504s][info][gc,start       ] GC(849) Pause Young (Allocation Failure)
[93.517s][info][gc,heap        ] GC(849) DefNew: 283138K(314560K)->3423K(314560K) Eden: 279616K(279616K)->0K(279616K) From: 3522K(34944K)->3423K(34944K)
[93.517s][info][gc,heap        ] GC(849) Tenured: 39678K(699072K)->39678K(699072K)
[93.517s][info][gc,metaspace   ] GC(849) Metaspace: 72544K(73280K)->72544K(73280K) NonClass: 57966K(58176K)->57966K(58176K) Class: 14577K(15104K)->14577K(15104K)
[93.517s][info][gc             ] GC(849) Pause Young (Allocation Failure) 315M->42M(989M) 13.661ms
[93.517s][info][gc,cpu         ] GC(849) User=0.00s Sys=0.00s Real=0.00s
[93.590s][info][gc,start       ] GC(850) Pause Young (Allocation Failure)
[93.604s][info][gc,heap        ] GC(850) DefNew: 283039K(314560K)->3407K(314560K) Eden: 279616K(279616K)->0K(279616K) From: 3423K(34944K)->3407K(34944K)
[93.604s][info][gc,heap        ] GC(850) Tenured: 39678K(699072K)->39678K(699072K)
[93.604s][info][gc,metaspace   ] GC(850) Metaspace: 72544K(73280K)->72544K(73280K) NonClass: 57966K(58176K)->57966K(58176K) Class: 14577K(15104K)->14577K(15104K)
[93.604s][info][gc             ] GC(850) Pause Young (Allocation Failure) 315M->42M(989M) 13.781ms
[93.604s][info][gc,cpu         ] GC(850) User=0.02s Sys=0.00s Real=0.01s
[93.676s][info][gc,start       ] GC(851) Pause Young (Allocation Failure)
[93.688s][info][gc,heap        ] GC(851) DefNew: 283023K(314560K)->3440K(314560K) Eden: 279616K(279616K)->0K(279616K) From: 3407K(34944K)->3440K(34944K)
[93.688s][info][gc,heap        ] GC(851) Tenured: 39678K(699072K)->39678K(699072K)
[93.688s][info][gc,metaspace   ] GC(851) Metaspace: 72544K(73280K)->72544K(73280K) NonClass: 57966K(58176K)->57966K(58176K) Class: 14577K(15104K)->14577K(15104K)
[93.688s][info][gc             ] GC(851) Pause Young (Allocation Failure) 315M->42M(989M) 12.674ms
[93.688s][info][gc,cpu         ] GC(851) User=0.00s Sys=0.00s Real=0.00s
[93.762s][info][gc,start       ] GC(852) Pause Young (Allocation Failure)
[93.774s][info][gc,heap        ] GC(852) DefNew: 283056K(314560K)->3421K(314560K) Eden: 279616K(279616K)->0K(279616K) From: 3440K(34944K)->3421K(34944K)
[93.774s][info][gc,heap        ] GC(852) Tenured: 39678K(699072K)->39678K(699072K)
[93.774s][info][gc,metaspace   ] GC(852) Metaspace: 72544K(73280K)->72544K(73280K) NonClass: 57966K(58176K)->57966K(58176K) Class: 14577K(15104K)->14577K(15104K)
[93.774s][info][gc             ] GC(852) Pause Young (Allocation Failure) 315M->42M(989M) 12.073ms
[93.774s][info][gc,cpu         ] GC(852) User=0.02s Sys=0.00s Real=0.01s
[93.845s][info][gc,start       ] GC(853) Pause Young (Allocation Failure)
[93.857s][info][gc,heap        ] GC(853) DefNew: 283037K(314560K)->3431K(314560K) Eden: 279616K(279616K)->0K(279616K) From: 3421K(34944K)->3431K(34944K)
[93.857s][info][gc,heap        ] GC(853) Tenured: 39678K(699072K)->39678K(699072K)
[93.857s][info][gc,metaspace   ] GC(853) Metaspace: 72544K(73280K)->72544K(73280K) NonClass: 57966K(58176K)->57966K(58176K) Class: 14577K(15104K)->14577K(15104K)
[93.858s][info][gc             ] GC(853) Pause Young (Allocation Failure) 315M->42M(989M) 12.229ms
[93.858s][info][gc,cpu         ] GC(853) User=0.00s Sys=0.00s Real=0.00s
[93.930s][info][gc,start       ] GC(854) Pause Young (Allocation Failure)
[93.961s][info][gc,heap        ] GC(854) DefNew: 283047K(314560K)->3489K(314560K) Eden: 279616K(279616K)->0K(279616K) From: 3431K(34944K)->3489K(34944K)
[93.961s][info][gc,heap        ] GC(854) Tenured: 39678K(699072K)->39678K(699072K)
[93.961s][info][gc,metaspace   ] GC(854) Metaspace: 72544K(73280K)->72544K(73280K) NonClass: 57966K(58176K)->57966K(58176K) Class: 14577K(15104K)->14577K(15104K)
[93.961s][info][gc             ] GC(854) Pause Young (Allocation Failure) 315M->42M(989M) 30.966ms
[93.961s][info][gc,cpu         ] GC(854) User=0.02s Sys=0.00s Real=0.03s
[94.040s][info][gc,start       ] GC(855) Pause Young (Allocation Failure)
[94.052s][info][gc,heap        ] GC(855) DefNew: 283105K(314560K)->3387K(314560K) Eden: 279616K(279616K)->0K(279616K) From: 3489K(34944K)->3387K(34944K)
[94.052s][info][gc,heap        ] GC(855) Tenured: 39678K(699072K)->39678K(699072K)
[94.052s][info][gc,metaspace   ] GC(855) Metaspace: 72544K(73280K)->72544K(73280K) NonClass: 57966K(58176K)->57966K(58176K) Class: 14577K(15104K)->14577K(15104K)
[94.052s][info][gc             ] GC(855) Pause Young (Allocation Failure) 315M->42M(989M) 11.795ms
[94.052s][info][gc,cpu         ] GC(855) User=0.00s Sys=0.00s Real=0.00s
[94.124s][info][gc,start       ] GC(856) Pause Young (Allocation Failure)
[94.135s][info][gc,heap        ] GC(856) DefNew: 283003K(314560K)->3398K(314560K) Eden: 279616K(279616K)->0K(279616K) From: 3387K(34944K)->3398K(34944K)
[94.135s][info][gc,heap        ] GC(856) Tenured: 39678K(699072K)->39678K(699072K)
[94.135s][info][gc,metaspace   ] GC(856) Metaspace: 72544K(73280K)->72544K(73280K) NonClass: 57966K(58176K)->57966K(58176K) Class: 14577K(15104K)->14577K(15104K)
[94.135s][info][gc             ] GC(856) Pause Young (Allocation Failure) 315M->42M(989M) 11.775ms
[94.136s][info][gc,cpu         ] GC(856) User=0.00s Sys=0.00s Real=0.00s
[94.207s][info][gc,start       ] GC(857) Pause Young (Allocation Failure)
[94.219s][info][gc,heap        ] GC(857) DefNew: 283014K(314560K)->3462K(314560K) Eden: 279616K(279616K)->0K(279616K) From: 3398K(34944K)->3462K(34944K)
[94.219s][info][gc,heap        ] GC(857) Tenured: 39678K(699072K)->39678K(699072K)
[94.219s][info][gc,metaspace   ] GC(857) Metaspace: 72544K(73280K)->72544K(73280K) NonClass: 57966K(58176K)->57966K(58176K) Class: 14577K(15104K)->14577K(15104K)
[94.220s][info][gc             ] GC(857) Pause Young (Allocation Failure) 315M->42M(989M) 12.452ms
[94.220s][info][gc,cpu         ] GC(857) User=0.02s Sys=0.00s Real=0.01s
[94.291s][info][gc,start       ] GC(858) Pause Young (Allocation Failure)
[94.304s][info][gc,heap        ] GC(858) DefNew: 283078K(314560K)->3474K(314560K) Eden: 279616K(279616K)->0K(279616K) From: 3462K(34944K)->3474K(34944K)
[94.304s][info][gc,heap        ] GC(858) Tenured: 39678K(699072K)->39678K(699072K)
[94.304s][info][gc,metaspace   ] GC(858) Metaspace: 72544K(73280K)->72544K(73280K) NonClass: 57966K(58176K)->57966K(58176K) Class: 14577K(15104K)->14577K(15104K)
[94.304s][info][gc             ] GC(858) Pause Young (Allocation Failure) 315M->42M(989M) 12.287ms
[94.304s][info][gc,cpu         ] GC(858) User=0.00s Sys=0.00s Real=0.00s
[94.376s][info][gc,start       ] GC(859) Pause Young (Allocation Failure)
[94.388s][info][gc,heap        ] GC(859) DefNew: 283090K(314560K)->3467K(314560K) Eden: 279616K(279616K)->0K(279616K) From: 3474K(34944K)->3467K(34944K)
[94.388s][info][gc,heap        ] GC(859) Tenured: 39678K(699072K)->39678K(699072K)
[94.388s][info][gc,metaspace   ] GC(859) Metaspace: 72544K(73280K)->72544K(73280K) NonClass: 57966K(58176K)->57966K(58176K) Class: 14577K(15104K)->14577K(15104K)
[94.388s][info][gc             ] GC(859) Pause Young (Allocation Failure) 315M->42M(989M) 12.257ms
[94.388s][info][gc,cpu         ] GC(859) User=0.02s Sys=0.00s Real=0.01s
[94.460s][info][gc,start       ] GC(860) Pause Young (Allocation Failure)
[94.474s][info][gc,heap        ] GC(860) DefNew: 283083K(314560K)->1448K(314560K) Eden: 279616K(279616K)->0K(279616K) From: 3467K(34944K)->1448K(34944K)
[94.474s][info][gc,heap        ] GC(860) Tenured: 39678K(699072K)->41702K(699072K)
[94.474s][info][gc,metaspace   ] GC(860) Metaspace: 72544K(73280K)->72544K(73280K) NonClass: 57966K(58176K)->57966K(58176K) Class: 14577K(15104K)->14577K(15104K)
[94.474s][info][gc             ] GC(860) Pause Young (Allocation Failure) 315M->42M(989M) 14.115ms
[94.474s][info][gc,cpu         ] GC(860) User=0.02s Sys=0.00s Real=0.00s
[94.547s][info][gc,start       ] GC(861) Pause Young (Allocation Failure)
[94.555s][info][gc,heap        ] GC(861) DefNew: 281064K(314560K)->1376K(314560K) Eden: 279616K(279616K)->0K(279616K) From: 1448K(34944K)->1376K(34944K)
[94.555s][info][gc,heap        ] GC(861) Tenured: 41702K(699072K)->41703K(699072K)
[94.555s][info][gc,metaspace   ] GC(861) Metaspace: 72544K(73280K)->72544K(73280K) NonClass: 57966K(58176K)->57966K(58176K) Class: 14577K(15104K)->14577K(15104K)
[94.555s][info][gc             ] GC(861) Pause Young (Allocation Failure) 315M->42M(989M) 8.787ms
[94.555s][info][gc,cpu         ] GC(861) User=0.00s Sys=0.00s Real=0.00s
[94.627s][info][gc,start       ] GC(862) Pause Young (Allocation Failure)
[94.635s][info][gc,heap        ] GC(862) DefNew: 280992K(314560K)->1415K(314560K) Eden: 279616K(279616K)->0K(279616K) From: 1376K(34944K)->1415K(34944K)
[94.635s][info][gc,heap        ] GC(862) Tenured: 41703K(699072K)->41703K(699072K)
[94.635s][info][gc,metaspace   ] GC(862) Metaspace: 72544K(73280K)->72544K(73280K) NonClass: 57966K(58176K)->57966K(58176K) Class: 14577K(15104K)->14577K(15104K)
[94.635s][info][gc             ] GC(862) Pause Young (Allocation Failure) 315M->42M(989M) 8.474ms
[94.635s][info][gc,cpu         ] GC(862) User=0.02s Sys=0.00s Real=0.01s
[94.706s][info][gc,start       ] GC(863) Pause Young (Allocation Failure)
[94.715s][info][gc,heap        ] GC(863) DefNew: 281031K(314560K)->1386K(314560K) Eden: 279616K(279616K)->0K(279616K) From: 1415K(34944K)->1386K(34944K)
[94.715s][info][gc,heap        ] GC(863) Tenured: 41703K(699072K)->41703K(699072K)
[94.715s][info][gc,metaspace   ] GC(863) Metaspace: 72544K(73280K)->72544K(73280K) NonClass: 57966K(58176K)->57966K(58176K) Class: 14577K(15104K)->14577K(15104K)
[94.715s][info][gc             ] GC(863) Pause Young (Allocation Failure) 315M->42M(989M) 8.456ms
[94.715s][info][gc,cpu         ] GC(863) User=0.00s Sys=0.00s Real=0.00s
[94.786s][info][gc,start       ] GC(864) Pause Young (Allocation Failure)
[94.795s][info][gc,heap        ] GC(864) DefNew: 281002K(314560K)->1393K(314560K) Eden: 279616K(279616K)->0K(279616K) From: 1386K(34944K)->1393K(34944K)
[94.795s][info][gc,heap        ] GC(864) Tenured: 41703K(699072K)->41703K(699072K)
[94.795s][info][gc,metaspace   ] GC(864) Metaspace: 72544K(73280K)->72544K(73280K) NonClass: 57966K(58176K)->57966K(58176K) Class: 14577K(15104K)->14577K(15104K)
[94.795s][info][gc             ] GC(864) Pause Young (Allocation Failure) 315M->42M(989M) 9.166ms
[94.795s][info][gc,cpu         ] GC(864) User=0.00s Sys=0.00s Real=0.00s
[94.867s][info][gc,start       ] GC(865) Pause Young (Allocation Failure)
[94.876s][info][gc,heap        ] GC(865) DefNew: 281009K(314560K)->1430K(314560K) Eden: 279616K(279616K)->0K(279616K) From: 1393K(34944K)->1430K(34944K)
[94.876s][info][gc,heap        ] GC(865) Tenured: 41703K(699072K)->41703K(699072K)
[94.876s][info][gc,metaspace   ] GC(865) Metaspace: 72544K(73280K)->72544K(73280K) NonClass: 57966K(58176K)->57966K(58176K) Class: 14577K(15104K)->14577K(15104K)
[94.876s][info][gc             ] GC(865) Pause Young (Allocation Failure) 315M->42M(989M) 9.451ms
[94.876s][info][gc,cpu         ] GC(865) User=0.00s Sys=0.00s Real=0.00s
[94.948s][info][gc,start       ] GC(866) Pause Young (Allocation Failure)
[94.957s][info][gc,heap        ] GC(866) DefNew: 281046K(314560K)->1436K(314560K) Eden: 279616K(279616K)->0K(279616K) From: 1430K(34944K)->1436K(34944K)
[94.957s][info][gc,heap        ] GC(866) Tenured: 41703K(699072K)->41703K(699072K)
[94.957s][info][gc,metaspace   ] GC(866) Metaspace: 72544K(73280K)->72544K(73280K) NonClass: 57966K(58176K)->57966K(58176K) Class: 14577K(15104K)->14577K(15104K)
[94.958s][info][gc             ] GC(866) Pause Young (Allocation Failure) 315M->42M(989M) 9.297ms
[94.958s][info][gc,cpu         ] GC(866) User=0.00s Sys=0.00s Real=0.00s
[95.029s][info][gc,start       ] GC(867) Pause Young (Allocation Failure)
[95.038s][info][gc,heap        ] GC(867) DefNew: 281052K(314560K)->1419K(314560K) Eden: 279616K(279616K)->0K(279616K) From: 1436K(34944K)->1419K(34944K)
[95.038s][info][gc,heap        ] GC(867) Tenured: 41703K(699072K)->41703K(699072K)
[95.038s][info][gc,metaspace   ] GC(867) Metaspace: 72544K(73280K)->72544K(73280K) NonClass: 57966K(58176K)->57966K(58176K) Class: 14577K(15104K)->14577K(15104K)
[95.038s][info][gc             ] GC(867) Pause Young (Allocation Failure) 315M->42M(989M) 8.822ms
[95.038s][info][gc,cpu         ] GC(867) User=0.00s Sys=0.00s Real=0.00s
[95.109s][info][gc,start       ] GC(868) Pause Young (Allocation Failure)
[95.118s][info][gc,heap        ] GC(868) DefNew: 281035K(314560K)->1441K(314560K) Eden: 279616K(279616K)->0K(279616K) From: 1419K(34944K)->1441K(34944K)
[95.118s][info][gc,heap        ] GC(868) Tenured: 41703K(699072K)->41719K(699072K)
[95.118s][info][gc,metaspace   ] GC(868) Metaspace: 72544K(73280K)->72544K(73280K) NonClass: 57966K(58176K)->57966K(58176K) Class: 14577K(15104K)->14577K(15104K)
[95.118s][info][gc             ] GC(868) Pause Young (Allocation Failure) 315M->42M(989M) 8.655ms
[95.118s][info][gc,cpu         ] GC(868) User=0.00s Sys=0.00s Real=0.00s
[95.189s][info][gc,start       ] GC(869) Pause Young (Allocation Failure)
[95.198s][info][gc,heap        ] GC(869) DefNew: 281057K(314560K)->1343K(314560K) Eden: 279616K(279616K)->0K(279616K) From: 1441K(34944K)->1343K(34944K)
[95.198s][info][gc,heap        ] GC(869) Tenured: 41719K(699072K)->41720K(699072K)
[95.198s][info][gc,metaspace   ] GC(869) Metaspace: 72544K(73280K)->72544K(73280K) NonClass: 57966K(58176K)->57966K(58176K) Class: 14577K(15104K)->14577K(15104K)
[95.198s][info][gc             ] GC(869) Pause Young (Allocation Failure) 315M->42M(989M) 9.034ms
[95.198s][info][gc,cpu         ] GC(869) User=0.00s Sys=0.00s Real=0.00s
[95.270s][info][gc,start       ] GC(870) Pause Young (Allocation Failure)
[95.279s][info][gc,heap        ] GC(870) DefNew: 280959K(314560K)->1494K(314560K) Eden: 279616K(279616K)->0K(279616K) From: 1343K(34944K)->1494K(34944K)
[95.279s][info][gc,heap        ] GC(870) Tenured: 41720K(699072K)->41720K(699072K)
[95.280s][info][gc,metaspace   ] GC(870) Metaspace: 72544K(73280K)->72544K(73280K) NonClass: 57966K(58176K)->57966K(58176K) Class: 14577K(15104K)->14577K(15104K)
[95.280s][info][gc             ] GC(870) Pause Young (Allocation Failure) 315M->42M(989M) 9.270ms
[95.280s][info][gc,cpu         ] GC(870) User=0.02s Sys=0.00s Real=0.01s
[95.351s][info][gc,start       ] GC(871) Pause Young (Allocation Failure)
[95.360s][info][gc,heap        ] GC(871) DefNew: 281110K(314560K)->1486K(314560K) Eden: 279616K(279616K)->0K(279616K) From: 1494K(34944K)->1486K(34944K)
[95.361s][info][gc,heap        ] GC(871) Tenured: 41720K(699072K)->41721K(699072K)
[95.361s][info][gc,metaspace   ] GC(871) Metaspace: 72544K(73280K)->72544K(73280K) NonClass: 57966K(58176K)->57966K(58176K) Class: 14577K(15104K)->14577K(15104K)
[95.361s][info][gc             ] GC(871) Pause Young (Allocation Failure) 315M->42M(989M) 9.562ms
[95.361s][info][gc,cpu         ] GC(871) User=0.00s Sys=0.00s Real=0.00s
[95.432s][info][gc,start       ] GC(872) Pause Young (Allocation Failure)
[95.441s][info][gc,heap        ] GC(872) DefNew: 281102K(314560K)->1471K(314560K) Eden: 279616K(279616K)->0K(279616K) From: 1486K(34944K)->1471K(34944K)
[95.441s][info][gc,heap        ] GC(872) Tenured: 41721K(699072K)->41721K(699072K)
[95.441s][info][gc,metaspace   ] GC(872) Metaspace: 72544K(73280K)->72544K(73280K) NonClass: 57966K(58176K)->57966K(58176K) Class: 14577K(15104K)->14577K(15104K)
[95.441s][info][gc             ] GC(872) Pause Young (Allocation Failure) 315M->42M(989M) 8.936ms
[95.441s][info][gc,cpu         ] GC(872) User=0.00s Sys=0.00s Real=0.00s
[95.512s][info][gc,start       ] GC(873) Pause Young (Allocation Failure)
[95.521s][info][gc,heap        ] GC(873) DefNew: 281087K(314560K)->1437K(314560K) Eden: 279616K(279616K)->0K(279616K) From: 1471K(34944K)->1437K(34944K)
[95.521s][info][gc,heap        ] GC(873) Tenured: 41721K(699072K)->41722K(699072K)
[95.521s][info][gc,metaspace   ] GC(873) Metaspace: 72544K(73280K)->72544K(73280K) NonClass: 57966K(58176K)->57966K(58176K) Class: 14577K(15104K)->14577K(15104K)
[95.522s][info][gc             ] GC(873) Pause Young (Allocation Failure) 315M->42M(989M) 9.230ms
[95.522s][info][gc,cpu         ] GC(873) User=0.00s Sys=0.00s Real=0.00s
[95.593s][info][gc,start       ] GC(874) Pause Young (Allocation Failure)
[95.602s][info][gc,heap        ] GC(874) DefNew: 281053K(314560K)->1466K(314560K) Eden: 279616K(279616K)->0K(279616K) From: 1437K(34944K)->1466K(34944K)
[95.602s][info][gc,heap        ] GC(874) Tenured: 41722K(699072K)->41722K(699072K)
[95.602s][info][gc,metaspace   ] GC(874) Metaspace: 72544K(73280K)->72544K(73280K) NonClass: 57966K(58176K)->57966K(58176K) Class: 14577K(15104K)->14577K(15104K)
[95.602s][info][gc             ] GC(874) Pause Young (Allocation Failure) 315M->42M(989M) 8.961ms
[95.602s][info][gc,cpu         ] GC(874) User=0.00s Sys=0.00s Real=0.00s
[95.673s][info][gc,start       ] GC(875) Pause Young (Allocation Failure)
[95.682s][info][gc,heap        ] GC(875) DefNew: 281082K(314560K)->1471K(314560K) Eden: 279616K(279616K)->0K(279616K) From: 1466K(34944K)->1471K(34944K)
[95.682s][info][gc,heap        ] GC(875) Tenured: 41722K(699072K)->41722K(699072K)
[95.682s][info][gc,metaspace   ] GC(875) Metaspace: 72544K(73280K)->72544K(73280K) NonClass: 57966K(58176K)->57966K(58176K) Class: 14577K(15104K)->14577K(15104K)
[95.682s][info][gc             ] GC(875) Pause Young (Allocation Failure) 315M->42M(989M) 8.486ms
[95.682s][info][gc,cpu         ] GC(875) User=0.00s Sys=0.00s Real=0.00s
[95.753s][info][gc,start       ] GC(876) Pause Young (Allocation Failure)
[95.762s][info][gc,heap        ] GC(876) DefNew: 281087K(314560K)->1461K(314560K) Eden: 279616K(279616K)->0K(279616K) From: 1471K(34944K)->1461K(34944K)
[95.762s][info][gc,heap        ] GC(876) Tenured: 41722K(699072K)->41722K(699072K)
[95.762s][info][gc,metaspace   ] GC(876) Metaspace: 72544K(73280K)->72544K(73280K) NonClass: 57966K(58176K)->57966K(58176K) Class: 14577K(15104K)->14577K(15104K)
[95.762s][info][gc             ] GC(876) Pause Young (Allocation Failure) 315M->42M(989M) 9.537ms
[95.762s][info][gc,cpu         ] GC(876) User=0.00s Sys=0.00s Real=0.00s
[95.834s][info][gc,start       ] GC(877) Pause Young (Allocation Failure)
[95.843s][info][gc,heap        ] GC(877) DefNew: 281077K(314560K)->1465K(314560K) Eden: 279616K(279616K)->0K(279616K) From: 1461K(34944K)->1465K(34944K)
[95.843s][info][gc,heap        ] GC(877) Tenured: 41722K(699072K)->41722K(699072K)
[95.843s][info][gc,metaspace   ] GC(877) Metaspace: 72544K(73280K)->72544K(73280K) NonClass: 57966K(58176K)->57966K(58176K) Class: 14577K(15104K)->14577K(15104K)
[95.843s][info][gc             ] GC(877) Pause Young (Allocation Failure) 315M->42M(989M) 9.026ms
[95.843s][info][gc,cpu         ] GC(877) User=0.02s Sys=0.00s Real=0.00s
[95.915s][info][gc,start       ] GC(878) Pause Young (Allocation Failure)
[95.924s][info][gc,heap        ] GC(878) DefNew: 281081K(314560K)->1487K(314560K) Eden: 279616K(279616K)->0K(279616K) From: 1465K(34944K)->1487K(34944K)
[95.924s][info][gc,heap        ] GC(878) Tenured: 41722K(699072K)->41722K(699072K)
[95.924s][info][gc,metaspace   ] GC(878) Metaspace: 72544K(73280K)->72544K(73280K) NonClass: 57966K(58176K)->57966K(58176K) Class: 14577K(15104K)->14577K(15104K)
[95.924s][info][gc             ] GC(878) Pause Young (Allocation Failure) 315M->42M(989M) 9.444ms
[95.924s][info][gc,cpu         ] GC(878) User=0.00s Sys=0.00s Real=0.00s
[95.996s][info][gc,start       ] GC(879) Pause Young (Allocation Failure)
[96.005s][info][gc,heap        ] GC(879) DefNew: 281103K(314560K)->1515K(314560K) Eden: 279616K(279616K)->0K(279616K) From: 1487K(34944K)->1515K(34944K)
[96.005s][info][gc,heap        ] GC(879) Tenured: 41722K(699072K)->41722K(699072K)
[96.005s][info][gc,metaspace   ] GC(879) Metaspace: 72544K(73280K)->72544K(73280K) NonClass: 57966K(58176K)->57966K(58176K) Class: 14577K(15104K)->14577K(15104K)
[96.005s][info][gc             ] GC(879) Pause Young (Allocation Failure) 315M->42M(989M) 9.210ms
[96.005s][info][gc,cpu         ] GC(879) User=0.00s Sys=0.00s Real=0.00s
[96.076s][info][gc,start       ] GC(880) Pause Young (Allocation Failure)
[96.085s][info][gc,heap        ] GC(880) DefNew: 281131K(314560K)->1434K(314560K) Eden: 279616K(279616K)->0K(279616K) From: 1515K(34944K)->1434K(34944K)
[96.085s][info][gc,heap        ] GC(880) Tenured: 41722K(699072K)->41741K(699072K)
[96.085s][info][gc,metaspace   ] GC(880) Metaspace: 72544K(73280K)->72544K(73280K) NonClass: 57966K(58176K)->57966K(58176K) Class: 14577K(15104K)->14577K(15104K)
[96.085s][info][gc             ] GC(880) Pause Young (Allocation Failure) 315M->42M(989M) 8.349ms
[96.085s][info][gc,cpu         ] GC(880) User=0.00s Sys=0.00s Real=0.00s
[96.156s][info][gc,start       ] GC(881) Pause Young (Allocation Failure)
[96.164s][info][gc,heap        ] GC(881) DefNew: 281050K(314560K)->1529K(314560K) Eden: 279616K(279616K)->0K(279616K) From: 1434K(34944K)->1529K(34944K)
[96.165s][info][gc,heap        ] GC(881) Tenured: 41741K(699072K)->41741K(699072K)
[96.165s][info][gc,metaspace   ] GC(881) Metaspace: 72544K(73280K)->72544K(73280K) NonClass: 57966K(58176K)->57966K(58176K) Class: 14577K(15104K)->14577K(15104K)
[96.165s][info][gc             ] GC(881) Pause Young (Allocation Failure) 315M->42M(989M) 8.790ms
[96.165s][info][gc,cpu         ] GC(881) User=0.00s Sys=0.00s Real=0.00s
[96.237s][info][gc,start       ] GC(882) Pause Young (Allocation Failure)
[96.245s][info][gc,heap        ] GC(882) DefNew: 281145K(314560K)->1478K(314560K) Eden: 279616K(279616K)->0K(279616K) From: 1529K(34944K)->1478K(34944K)
[96.245s][info][gc,heap        ] GC(882) Tenured: 41741K(699072K)->41741K(699072K)
[96.245s][info][gc,metaspace   ] GC(882) Metaspace: 72544K(73280K)->72544K(73280K) NonClass: 57966K(58176K)->57966K(58176K) Class: 14577K(15104K)->14577K(15104K)
[96.246s][info][gc             ] GC(882) Pause Young (Allocation Failure) 315M->42M(989M) 8.626ms
[96.246s][info][gc,cpu         ] GC(882) User=0.00s Sys=0.00s Real=0.00s
[96.317s][info][gc,start       ] GC(883) Pause Young (Allocation Failure)
[96.325s][info][gc,heap        ] GC(883) DefNew: 281094K(314560K)->1441K(314560K) Eden: 279616K(279616K)->0K(279616K) From: 1478K(34944K)->1441K(34944K)
[96.325s][info][gc,heap        ] GC(883) Tenured: 41741K(699072K)->41741K(699072K)
[96.325s][info][gc,metaspace   ] GC(883) Metaspace: 72544K(73280K)->72544K(73280K) NonClass: 57966K(58176K)->57966K(58176K) Class: 14577K(15104K)->14577K(15104K)
[96.325s][info][gc             ] GC(883) Pause Young (Allocation Failure) 315M->42M(989M) 8.441ms
[96.325s][info][gc,cpu         ] GC(883) User=0.00s Sys=0.00s Real=0.00s
[96.397s][info][gc,start       ] GC(884) Pause Young (Allocation Failure)
[96.405s][info][gc,heap        ] GC(884) DefNew: 281057K(314560K)->1464K(314560K) Eden: 279616K(279616K)->0K(279616K) From: 1441K(34944K)->1464K(34944K)
[96.405s][info][gc,heap        ] GC(884) Tenured: 41741K(699072K)->41741K(699072K)
[96.405s][info][gc,metaspace   ] GC(884) Metaspace: 72544K(73280K)->72544K(73280K) NonClass: 57966K(58176K)->57966K(58176K) Class: 14577K(15104K)->14577K(15104K)
[96.405s][info][gc             ] GC(884) Pause Young (Allocation Failure) 315M->42M(989M) 8.297ms
[96.405s][info][gc,cpu         ] GC(884) User=0.00s Sys=0.00s Real=0.00s
[96.477s][info][gc,start       ] GC(885) Pause Young (Allocation Failure)
[96.485s][info][gc,heap        ] GC(885) DefNew: 281080K(314560K)->1412K(314560K) Eden: 279616K(279616K)->0K(279616K) From: 1464K(34944K)->1412K(34944K)
[96.485s][info][gc,heap        ] GC(885) Tenured: 41741K(699072K)->41784K(699072K)
[96.485s][info][gc,metaspace   ] GC(885) Metaspace: 72544K(73280K)->72544K(73280K) NonClass: 57966K(58176K)->57966K(58176K) Class: 14577K(15104K)->14577K(15104K)
[96.485s][info][gc             ] GC(885) Pause Young (Allocation Failure) 315M->42M(989M) 8.428ms
[96.485s][info][gc,cpu         ] GC(885) User=0.00s Sys=0.00s Real=0.00s
[96.557s][info][gc,start       ] GC(886) Pause Young (Allocation Failure)
[96.565s][info][gc,heap        ] GC(886) DefNew: 281028K(314560K)->1373K(314560K) Eden: 279616K(279616K)->0K(279616K) From: 1412K(34944K)->1373K(34944K)
[96.565s][info][gc,heap        ] GC(886) Tenured: 41784K(699072K)->41784K(699072K)
[96.565s][info][gc,metaspace   ] GC(886) Metaspace: 72544K(73280K)->72544K(73280K) NonClass: 57966K(58176K)->57966K(58176K) Class: 14577K(15104K)->14577K(15104K)
[96.565s][info][gc             ] GC(886) Pause Young (Allocation Failure) 315M->42M(989M) 8.252ms
[96.565s][info][gc,cpu         ] GC(886) User=0.00s Sys=0.00s Real=0.00s
[96.637s][info][gc,start       ] GC(887) Pause Young (Allocation Failure)
[96.645s][info][gc,heap        ] GC(887) DefNew: 280989K(314560K)->1412K(314560K) Eden: 279616K(279616K)->0K(279616K) From: 1373K(34944K)->1412K(34944K)
[96.645s][info][gc,heap        ] GC(887) Tenured: 41784K(699072K)->41784K(699072K)
[96.645s][info][gc,metaspace   ] GC(887) Metaspace: 72544K(73280K)->72544K(73280K) NonClass: 57966K(58176K)->57966K(58176K) Class: 14577K(15104K)->14577K(15104K)
[96.645s][info][gc             ] GC(887) Pause Young (Allocation Failure) 315M->42M(989M) 8.440ms
[96.645s][info][gc,cpu         ] GC(887) User=0.00s Sys=0.00s Real=0.00s
[96.717s][info][gc,start       ] GC(888) Pause Young (Allocation Failure)
[96.726s][info][gc,heap        ] GC(888) DefNew: 281028K(314560K)->1373K(314560K) Eden: 279616K(279616K)->0K(279616K) From: 1412K(34944K)->1373K(34944K)
[96.726s][info][gc,heap        ] GC(888) Tenured: 41784K(699072K)->41784K(699072K)
[96.726s][info][gc,metaspace   ] GC(888) Metaspace: 72544K(73280K)->72544K(73280K) NonClass: 57966K(58176K)->57966K(58176K) Class: 14577K(15104K)->14577K(15104K)
[96.726s][info][gc             ] GC(888) Pause Young (Allocation Failure) 315M->42M(989M) 9.221ms
[96.726s][info][gc,cpu         ] GC(888) User=0.00s Sys=0.00s Real=0.00s
[96.798s][info][gc,start       ] GC(889) Pause Young (Allocation Failure)
[96.806s][info][gc,heap        ] GC(889) DefNew: 280989K(314560K)->1381K(314560K) Eden: 279616K(279616K)->0K(279616K) From: 1373K(34944K)->1381K(34944K)
[96.806s][info][gc,heap        ] GC(889) Tenured: 41784K(699072K)->41784K(699072K)
[96.806s][info][gc,metaspace   ] GC(889) Metaspace: 72544K(73280K)->72544K(73280K) NonClass: 57966K(58176K)->57966K(58176K) Class: 14577K(15104K)->14577K(15104K)
[96.806s][info][gc             ] GC(889) Pause Young (Allocation Failure) 315M->42M(989M) 8.872ms
[96.806s][info][gc,cpu         ] GC(889) User=0.00s Sys=0.00s Real=0.00s
[96.878s][info][gc,start       ] GC(890) Pause Young (Allocation Failure)
[96.886s][info][gc,heap        ] GC(890) DefNew: 280997K(314560K)->1406K(314560K) Eden: 279616K(279616K)->0K(279616K) From: 1381K(34944K)->1406K(34944K)
[96.886s][info][gc,heap        ] GC(890) Tenured: 41784K(699072K)->41784K(699072K)
[96.886s][info][gc,metaspace   ] GC(890) Metaspace: 72544K(73280K)->72544K(73280K) NonClass: 57966K(58176K)->57966K(58176K) Class: 14577K(15104K)->14577K(15104K)
[96.886s][info][gc             ] GC(890) Pause Young (Allocation Failure) 315M->42M(989M) 8.421ms
[96.886s][info][gc,cpu         ] GC(890) User=0.00s Sys=0.00s Real=0.00s
[96.958s][info][gc,start       ] GC(891) Pause Young (Allocation Failure)
[96.966s][info][gc,heap        ] GC(891) DefNew: 281022K(314560K)->1426K(314560K) Eden: 279616K(279616K)->0K(279616K) From: 1406K(34944K)->1426K(34944K)
[96.966s][info][gc,heap        ] GC(891) Tenured: 41784K(699072K)->41784K(699072K)
[96.966s][info][gc,metaspace   ] GC(891) Metaspace: 72544K(73280K)->72544K(73280K) NonClass: 57966K(58176K)->57966K(58176K) Class: 14577K(15104K)->14577K(15104K)
[96.966s][info][gc             ] GC(891) Pause Young (Allocation Failure) 315M->42M(989M) 8.426ms
[96.966s][info][gc,cpu         ] GC(891) User=0.00s Sys=0.00s Real=0.00s
[97.037s][info][gc,start       ] GC(892) Pause Young (Allocation Failure)
[97.046s][info][gc,heap        ] GC(892) DefNew: 281042K(314560K)->1504K(314560K) Eden: 279616K(279616K)->0K(279616K) From: 1426K(34944K)->1504K(34944K)
[97.046s][info][gc,heap        ] GC(892) Tenured: 41784K(699072K)->41800K(699072K)
[97.046s][info][gc,metaspace   ] GC(892) Metaspace: 72544K(73280K)->72544K(73280K) NonClass: 57966K(58176K)->57966K(58176K) Class: 14577K(15104K)->14577K(15104K)
[97.046s][info][gc             ] GC(892) Pause Young (Allocation Failure) 315M->42M(989M) 8.664ms
[97.046s][info][gc,cpu         ] GC(892) User=0.00s Sys=0.00s Real=0.00s
[97.117s][info][gc,start       ] GC(893) Pause Young (Allocation Failure)
[97.125s][info][gc,heap        ] GC(893) DefNew: 281120K(314560K)->1445K(314560K) Eden: 279616K(279616K)->0K(279616K) From: 1504K(34944K)->1445K(34944K)
[97.125s][info][gc,heap        ] GC(893) Tenured: 41800K(699072K)->41801K(699072K)
[97.125s][info][gc,metaspace   ] GC(893) Metaspace: 72544K(73280K)->72544K(73280K) NonClass: 57966K(58176K)->57966K(58176K) Class: 14577K(15104K)->14577K(15104K)
[97.125s][info][gc             ] GC(893) Pause Young (Allocation Failure) 315M->42M(989M) 8.588ms
[97.125s][info][gc,cpu         ] GC(893) User=0.00s Sys=0.00s Real=0.00s
[97.197s][info][gc,start       ] GC(894) Pause Young (Allocation Failure)
[97.205s][info][gc,heap        ] GC(894) DefNew: 281061K(314560K)->1387K(314560K) Eden: 279615K(279616K)->0K(279616K) From: 1445K(34944K)->1387K(34944K)
[97.205s][info][gc,heap        ] GC(894) Tenured: 41801K(699072K)->41802K(699072K)
[97.205s][info][gc,metaspace   ] GC(894) Metaspace: 72544K(73280K)->72544K(73280K) NonClass: 57966K(58176K)->57966K(58176K) Class: 14577K(15104K)->14577K(15104K)
[97.205s][info][gc             ] GC(894) Pause Young (Allocation Failure) 315M->42M(989M) 8.316ms
[97.205s][info][gc,cpu         ] GC(894) User=0.00s Sys=0.00s Real=0.00s
[97.277s][info][gc,start       ] GC(895) Pause Young (Allocation Failure)
[97.285s][info][gc,heap        ] GC(895) DefNew: 281003K(314560K)->1424K(314560K) Eden: 279616K(279616K)->0K(279616K) From: 1387K(34944K)->1424K(34944K)
[97.285s][info][gc,heap        ] GC(895) Tenured: 41802K(699072K)->41803K(699072K)
[97.285s][info][gc,metaspace   ] GC(895) Metaspace: 72544K(73280K)->72544K(73280K) NonClass: 57966K(58176K)->57966K(58176K) Class: 14577K(15104K)->14577K(15104K)
[97.285s][info][gc             ] GC(895) Pause Young (Allocation Failure) 315M->42M(989M) 8.440ms
[97.285s][info][gc,cpu         ] GC(895) User=0.00s Sys=0.00s Real=0.01s
[97.357s][info][gc,start       ] GC(896) Pause Young (Allocation Failure)
[97.365s][info][gc,heap        ] GC(896) DefNew: 281040K(314560K)->1412K(314560K) Eden: 279616K(279616K)->0K(279616K) From: 1424K(34944K)->1412K(34944K)
[97.365s][info][gc,heap        ] GC(896) Tenured: 41803K(699072K)->41803K(699072K)
[97.365s][info][gc,metaspace   ] GC(896) Metaspace: 72544K(73280K)->72544K(73280K) NonClass: 57966K(58176K)->57966K(58176K) Class: 14577K(15104K)->14577K(15104K)
[97.365s][info][gc             ] GC(896) Pause Young (Allocation Failure) 315M->42M(989M) 8.442ms
[97.365s][info][gc,cpu         ] GC(896) User=0.00s Sys=0.00s Real=0.00s
[97.437s][info][gc,start       ] GC(897) Pause Young (Allocation Failure)
[97.445s][info][gc,heap        ] GC(897) DefNew: 281028K(314560K)->1405K(314560K) Eden: 279616K(279616K)->0K(279616K) From: 1412K(34944K)->1405K(34944K)
[97.445s][info][gc,heap        ] GC(897) Tenured: 41803K(699072K)->41803K(699072K)
[97.445s][info][gc,metaspace   ] GC(897) Metaspace: 72544K(73280K)->72544K(73280K) NonClass: 57966K(58176K)->57966K(58176K) Class: 14577K(15104K)->14577K(15104K)
[97.445s][info][gc             ] GC(897) Pause Young (Allocation Failure) 315M->42M(989M) 8.297ms
[97.445s][info][gc,cpu         ] GC(897) User=0.00s Sys=0.00s Real=0.00s
[97.516s][info][gc,start       ] GC(898) Pause Young (Allocation Failure)
[97.525s][info][gc,heap        ] GC(898) DefNew: 281021K(314560K)->1428K(314560K) Eden: 279616K(279616K)->0K(279616K) From: 1405K(34944K)->1428K(34944K)
[97.525s][info][gc,heap        ] GC(898) Tenured: 41803K(699072K)->41803K(699072K)
[97.525s][info][gc,metaspace   ] GC(898) Metaspace: 72544K(73280K)->72544K(73280K) NonClass: 57966K(58176K)->57966K(58176K) Class: 14577K(15104K)->14577K(15104K)
[97.525s][info][gc             ] GC(898) Pause Young (Allocation Failure) 315M->42M(989M) 8.561ms
[97.525s][info][gc,cpu         ] GC(898) User=0.00s Sys=0.00s Real=0.00s
[97.596s][info][gc,start       ] GC(899) Pause Young (Allocation Failure)
[97.604s][info][gc,heap        ] GC(899) DefNew: 281044K(314560K)->1406K(314560K) Eden: 279616K(279616K)->0K(279616K) From: 1428K(34944K)->1406K(34944K)
[97.605s][info][gc,heap        ] GC(899) Tenured: 41803K(699072K)->41803K(699072K)
[97.605s][info][gc,metaspace   ] GC(899) Metaspace: 72544K(73280K)->72544K(73280K) NonClass: 57966K(58176K)->57966K(58176K) Class: 14577K(15104K)->14577K(15104K)
[97.605s][info][gc             ] GC(899) Pause Young (Allocation Failure) 315M->42M(989M) 8.414ms
[97.605s][info][gc,cpu         ] GC(899) User=0.00s Sys=0.00s Real=0.00s
[97.676s][info][gc,start       ] GC(900) Pause Young (Allocation Failure)
[97.684s][info][gc,heap        ] GC(900) DefNew: 281022K(314560K)->1422K(314560K) Eden: 279616K(279616K)->0K(279616K) From: 1406K(34944K)->1422K(34944K)
[97.684s][info][gc,heap        ] GC(900) Tenured: 41803K(699072K)->41804K(699072K)
[97.684s][info][gc,metaspace   ] GC(900) Metaspace: 72544K(73280K)->72544K(73280K) NonClass: 57966K(58176K)->57966K(58176K) Class: 14577K(15104K)->14577K(15104K)
[97.684s][info][gc             ] GC(900) Pause Young (Allocation Failure) 315M->42M(989M) 8.418ms
[97.684s][info][gc,cpu         ] GC(900) User=0.00s Sys=0.00s Real=0.00s
[97.758s][info][gc,start       ] GC(901) Pause Young (Allocation Failure)
[97.767s][info][gc,heap        ] GC(901) DefNew: 281038K(314560K)->1498K(314560K) Eden: 279616K(279616K)->0K(279616K) From: 1422K(34944K)->1498K(34944K)
[97.767s][info][gc,heap        ] GC(901) Tenured: 41804K(699072K)->41804K(699072K)
[97.767s][info][gc,metaspace   ] GC(901) Metaspace: 72544K(73280K)->72544K(73280K) NonClass: 57966K(58176K)->57966K(58176K) Class: 14577K(15104K)->14577K(15104K)
[97.767s][info][gc             ] GC(901) Pause Young (Allocation Failure) 315M->42M(989M) 8.675ms
[97.767s][info][gc,cpu         ] GC(901) User=0.00s Sys=0.00s Real=0.00s
[97.838s][info][gc,start       ] GC(902) Pause Young (Allocation Failure)
[97.847s][info][gc,heap        ] GC(902) DefNew: 281114K(314560K)->1446K(314560K) Eden: 279616K(279616K)->0K(279616K) From: 1498K(34944K)->1446K(34944K)
[97.847s][info][gc,heap        ] GC(902) Tenured: 41804K(699072K)->41804K(699072K)
[97.847s][info][gc,metaspace   ] GC(902) Metaspace: 72544K(73280K)->72544K(73280K) NonClass: 57966K(58176K)->57966K(58176K) Class: 14577K(15104K)->14577K(15104K)
[97.847s][info][gc             ] GC(902) Pause Young (Allocation Failure) 315M->42M(989M) 8.565ms
[97.847s][info][gc,cpu         ] GC(902) User=0.00s Sys=0.00s Real=0.00s
[97.919s][info][gc,start       ] GC(903) Pause Young (Allocation Failure)
[97.928s][info][gc,heap        ] GC(903) DefNew: 281062K(314560K)->1493K(314560K) Eden: 279616K(279616K)->0K(279616K) From: 1446K(34944K)->1493K(34944K)
[97.928s][info][gc,heap        ] GC(903) Tenured: 41804K(699072K)->41804K(699072K)
[97.928s][info][gc,metaspace   ] GC(903) Metaspace: 72544K(73280K)->72544K(73280K) NonClass: 57966K(58176K)->57966K(58176K) Class: 14577K(15104K)->14577K(15104K)
[97.928s][info][gc             ] GC(903) Pause Young (Allocation Failure) 315M->42M(989M) 8.938ms
[97.928s][info][gc,cpu         ] GC(903) User=0.00s Sys=0.00s Real=0.00s
[98.000s][info][gc,start       ] GC(904) Pause Young (Allocation Failure)
[98.009s][info][gc,heap        ] GC(904) DefNew: 281109K(314560K)->1484K(314560K) Eden: 279616K(279616K)->0K(279616K) From: 1493K(34944K)->1484K(34944K)
[98.009s][info][gc,heap        ] GC(904) Tenured: 41804K(699072K)->41804K(699072K)
[98.009s][info][gc,metaspace   ] GC(904) Metaspace: 72544K(73280K)->72544K(73280K) NonClass: 57966K(58176K)->57966K(58176K) Class: 14577K(15104K)->14577K(15104K)
[98.009s][info][gc             ] GC(904) Pause Young (Allocation Failure) 315M->42M(989M) 8.687ms
[98.009s][info][gc,cpu         ] GC(904) User=0.00s Sys=0.00s Real=0.00s
[98.081s][info][gc,start       ] GC(905) Pause Young (Allocation Failure)
[98.090s][info][gc,heap        ] GC(905) DefNew: 281100K(314560K)->1419K(314560K) Eden: 279616K(279616K)->0K(279616K) From: 1484K(34944K)->1419K(34944K)
[98.091s][info][gc,heap        ] GC(905) Tenured: 41804K(699072K)->41820K(699072K)
[98.091s][info][gc,metaspace   ] GC(905) Metaspace: 72544K(73280K)->72544K(73280K) NonClass: 57966K(58176K)->57966K(58176K) Class: 14577K(15104K)->14577K(15104K)
[98.091s][info][gc             ] GC(905) Pause Young (Allocation Failure) 315M->42M(989M) 9.457ms
[98.091s][info][gc,cpu         ] GC(905) User=0.00s Sys=0.00s Real=0.00s
[98.163s][info][gc,start       ] GC(906) Pause Young (Allocation Failure)
[98.172s][info][gc,heap        ] GC(906) DefNew: 281035K(314560K)->1449K(314560K) Eden: 279616K(279616K)->0K(279616K) From: 1419K(34944K)->1449K(34944K)
[98.172s][info][gc,heap        ] GC(906) Tenured: 41820K(699072K)->41820K(699072K)
[98.172s][info][gc,metaspace   ] GC(906) Metaspace: 72544K(73280K)->72544K(73280K) NonClass: 57966K(58176K)->57966K(58176K) Class: 14577K(15104K)->14577K(15104K)
[98.172s][info][gc             ] GC(906) Pause Young (Allocation Failure) 315M->42M(989M) 9.258ms
[98.172s][info][gc,cpu         ] GC(906) User=0.00s Sys=0.00s Real=0.00s
[98.244s][info][gc,start       ] GC(907) Pause Young (Allocation Failure)
[98.252s][info][gc,heap        ] GC(907) DefNew: 281065K(314560K)->1454K(314560K) Eden: 279616K(279616K)->0K(279616K) From: 1449K(34944K)->1454K(34944K)
[98.252s][info][gc,heap        ] GC(907) Tenured: 41820K(699072K)->41820K(699072K)
[98.252s][info][gc,metaspace   ] GC(907) Metaspace: 72544K(73280K)->72544K(73280K) NonClass: 57966K(58176K)->57966K(58176K) Class: 14577K(15104K)->14577K(15104K)
[98.252s][info][gc             ] GC(907) Pause Young (Allocation Failure) 315M->42M(989M) 8.840ms
[98.252s][info][gc,cpu         ] GC(907) User=0.00s Sys=0.00s Real=0.01s
[98.323s][info][gc,start       ] GC(908) Pause Young (Allocation Failure)
[98.332s][info][gc,heap        ] GC(908) DefNew: 281070K(314560K)->1476K(314560K) Eden: 279616K(279616K)->0K(279616K) From: 1454K(34944K)->1476K(34944K)
[98.332s][info][gc,heap        ] GC(908) Tenured: 41820K(699072K)->41820K(699072K)
[98.332s][info][gc,metaspace   ] GC(908) Metaspace: 72544K(73280K)->72544K(73280K) NonClass: 57966K(58176K)->57966K(58176K) Class: 14577K(15104K)->14577K(15104K)
[98.332s][info][gc             ] GC(908) Pause Young (Allocation Failure) 315M->42M(989M) 8.847ms
[98.332s][info][gc,cpu         ] GC(908) User=0.00s Sys=0.00s Real=0.01s
[98.404s][info][gc,start       ] GC(909) Pause Young (Allocation Failure)
[98.413s][info][gc,heap        ] GC(909) DefNew: 281092K(314560K)->1500K(314560K) Eden: 279616K(279616K)->0K(279616K) From: 1476K(34944K)->1500K(34944K)
[98.413s][info][gc,heap        ] GC(909) Tenured: 41820K(699072K)->41820K(699072K)
[98.413s][info][gc,metaspace   ] GC(909) Metaspace: 72544K(73280K)->72544K(73280K) NonClass: 57966K(58176K)->57966K(58176K) Class: 14577K(15104K)->14577K(15104K)
[98.413s][info][gc             ] GC(909) Pause Young (Allocation Failure) 315M->42M(989M) 8.882ms
[98.413s][info][gc,cpu         ] GC(909) User=0.00s Sys=0.00s Real=0.00s
[98.485s][info][gc,start       ] GC(910) Pause Young (Allocation Failure)
[98.493s][info][gc,heap        ] GC(910) DefNew: 281116K(314560K)->1525K(314560K) Eden: 279616K(279616K)->0K(279616K) From: 1500K(34944K)->1525K(34944K)
[98.493s][info][gc,heap        ] GC(910) Tenured: 41820K(699072K)->41820K(699072K)
[98.493s][info][gc,metaspace   ] GC(910) Metaspace: 72544K(73280K)->72544K(73280K) NonClass: 57966K(58176K)->57966K(58176K) Class: 14577K(15104K)->14577K(15104K)
[98.493s][info][gc             ] GC(910) Pause Young (Allocation Failure) 315M->42M(989M) 8.850ms
[98.493s][info][gc,cpu         ] GC(910) User=0.00s Sys=0.00s Real=0.00s
[98.565s][info][gc,start       ] GC(911) Pause Young (Allocation Failure)
[98.574s][info][gc,heap        ] GC(911) DefNew: 281141K(314560K)->1459K(314560K) Eden: 279616K(279616K)->0K(279616K) From: 1525K(34944K)->1459K(34944K)
[98.574s][info][gc,heap        ] GC(911) Tenured: 41820K(699072K)->41820K(699072K)
[98.574s][info][gc,metaspace   ] GC(911) Metaspace: 72544K(73280K)->72544K(73280K) NonClass: 57966K(58176K)->57966K(58176K) Class: 14577K(15104K)->14577K(15104K)
[98.574s][info][gc             ] GC(911) Pause Young (Allocation Failure) 315M->42M(989M) 8.634ms
[98.574s][info][gc,cpu         ] GC(911) User=0.02s Sys=0.00s Real=0.01s
[98.646s][info][gc,start       ] GC(912) Pause Young (Allocation Failure)
[98.654s][info][gc,heap        ] GC(912) DefNew: 281075K(314560K)->1481K(314560K) Eden: 279616K(279616K)->0K(279616K) From: 1459K(34944K)->1481K(34944K)
[98.654s][info][gc,heap        ] GC(912) Tenured: 41820K(699072K)->41820K(699072K)
[98.654s][info][gc,metaspace   ] GC(912) Metaspace: 72544K(73280K)->72544K(73280K) NonClass: 57966K(58176K)->57966K(58176K) Class: 14577K(15104K)->14577K(15104K)
[98.654s][info][gc             ] GC(912) Pause Young (Allocation Failure) 315M->42M(989M) 8.507ms
[98.654s][info][gc,cpu         ] GC(912) User=0.00s Sys=0.00s Real=0.00s
[98.726s][info][gc,start       ] GC(913) Pause Young (Allocation Failure)
[98.735s][info][gc,heap        ] GC(913) DefNew: 281097K(314560K)->1491K(314560K) Eden: 279616K(279616K)->0K(279616K) From: 1481K(34944K)->1491K(34944K)
[98.735s][info][gc,heap        ] GC(913) Tenured: 41820K(699072K)->41820K(699072K)
[98.735s][info][gc,metaspace   ] GC(913) Metaspace: 72544K(73280K)->72544K(73280K) NonClass: 57966K(58176K)->57966K(58176K) Class: 14577K(15104K)->14577K(15104K)
[98.735s][info][gc             ] GC(913) Pause Young (Allocation Failure) 315M->42M(989M) 8.400ms
[98.735s][info][gc,cpu         ] GC(913) User=0.00s Sys=0.00s Real=0.00s
[98.807s][info][gc,start       ] GC(914) Pause Young (Allocation Failure)
[98.815s][info][gc,heap        ] GC(914) DefNew: 281107K(314560K)->1431K(314560K) Eden: 279616K(279616K)->0K(279616K) From: 1491K(34944K)->1431K(34944K)
[98.815s][info][gc,heap        ] GC(914) Tenured: 41820K(699072K)->41820K(699072K)
[98.815s][info][gc,metaspace   ] GC(914) Metaspace: 72544K(73280K)->72544K(73280K) NonClass: 57966K(58176K)->57966K(58176K) Class: 14577K(15104K)->14577K(15104K)
[98.815s][info][gc             ] GC(914) Pause Young (Allocation Failure) 315M->42M(989M) 8.079ms
[98.815s][info][gc,cpu         ] GC(914) User=0.00s Sys=0.00s Real=0.00s
[98.890s][info][gc,start       ] GC(915) Pause Young (Allocation Failure)
[98.898s][info][gc,heap        ] GC(915) DefNew: 281047K(314560K)->1425K(314560K) Eden: 279616K(279616K)->0K(279616K) From: 1431K(34944K)->1425K(34944K)
[98.898s][info][gc,heap        ] GC(915) Tenured: 41820K(699072K)->41820K(699072K)
[98.898s][info][gc,metaspace   ] GC(915) Metaspace: 72544K(73280K)->72544K(73280K) NonClass: 57966K(58176K)->57966K(58176K) Class: 14577K(15104K)->14577K(15104K)
[98.898s][info][gc             ] GC(915) Pause Young (Allocation Failure) 315M->42M(989M) 7.933ms
[98.898s][info][gc,cpu         ] GC(915) User=0.00s Sys=0.00s Real=0.00s
[98.976s][info][gc,start       ] GC(916) Pause Young (Allocation Failure)
[98.984s][info][gc,heap        ] GC(916) DefNew: 281041K(314560K)->1503K(314560K) Eden: 279616K(279616K)->0K(279616K) From: 1425K(34944K)->1503K(34944K)
[98.984s][info][gc,heap        ] GC(916) Tenured: 41820K(699072K)->41820K(699072K)
[98.984s][info][gc,metaspace   ] GC(916) Metaspace: 72544K(73280K)->72544K(73280K) NonClass: 57966K(58176K)->57966K(58176K) Class: 14577K(15104K)->14577K(15104K)
[98.984s][info][gc             ] GC(916) Pause Young (Allocation Failure) 315M->42M(989M) 7.850ms
[98.984s][info][gc,cpu         ] GC(916) User=0.00s Sys=0.00s Real=0.00s
[99.077s][info][gc,start       ] GC(917) Pause Young (Allocation Failure)
[99.084s][info][gc,heap        ] GC(917) DefNew: 281119K(314560K)->1460K(314560K) Eden: 279616K(279616K)->0K(279616K) From: 1503K(34944K)->1460K(34944K)
[99.084s][info][gc,heap        ] GC(917) Tenured: 41820K(699072K)->41838K(699072K)
[99.084s][info][gc,metaspace   ] GC(917) Metaspace: 72544K(73280K)->72544K(73280K) NonClass: 57966K(58176K)->57966K(58176K) Class: 14577K(15104K)->14577K(15104K)
[99.084s][info][gc             ] GC(917) Pause Young (Allocation Failure) 315M->42M(989M) 7.005ms
[99.084s][info][gc,cpu         ] GC(917) User=0.00s Sys=0.00s Real=0.00s
[99.189s][info][gc,start       ] GC(918) Pause Young (Allocation Failure)
[99.195s][info][gc,heap        ] GC(918) DefNew: 281076K(314560K)->1367K(314560K) Eden: 279616K(279616K)->0K(279616K) From: 1460K(34944K)->1367K(34944K)
[99.195s][info][gc,heap        ] GC(918) Tenured: 41838K(699072K)->41860K(699072K)
[99.195s][info][gc,metaspace   ] GC(918) Metaspace: 72544K(73280K)->72544K(73280K) NonClass: 57966K(58176K)->57966K(58176K) Class: 14577K(15104K)->14577K(15104K)
[99.195s][info][gc             ] GC(918) Pause Young (Allocation Failure) 315M->42M(989M) 6.050ms
[99.195s][info][gc,cpu         ] GC(918) User=0.00s Sys=0.00s Real=0.00s
[99.311s][info][gc,start       ] GC(919) Pause Young (Allocation Failure)
[99.317s][info][gc,heap        ] GC(919) DefNew: 280983K(314560K)->1343K(314560K) Eden: 279616K(279616K)->0K(279616K) From: 1367K(34944K)->1343K(34944K)
[99.317s][info][gc,heap        ] GC(919) Tenured: 41860K(699072K)->41860K(699072K)
[99.317s][info][gc,metaspace   ] GC(919) Metaspace: 72559K(73280K)->72559K(73280K) NonClass: 57981K(58176K)->57981K(58176K) Class: 14577K(15104K)->14577K(15104K)
[99.317s][info][gc             ] GC(919) Pause Young (Allocation Failure) 315M->42M(989M) 5.578ms
[99.317s][info][gc,cpu         ] GC(919) User=0.00s Sys=0.00s Real=0.00s
[99.460s][info][gc,start       ] GC(920) Pause Young (Allocation Failure)
[99.479s][info][gc,heap        ] GC(920) DefNew: 280959K(314560K)->1338K(314560K) Eden: 279616K(279616K)->0K(279616K) From: 1343K(34944K)->1338K(34944K)
[99.479s][info][gc,heap        ] GC(920) Tenured: 41860K(699072K)->41860K(699072K)
[99.479s][info][gc,metaspace   ] GC(920) Metaspace: 72559K(73280K)->72559K(73280K) NonClass: 57981K(58176K)->57981K(58176K) Class: 14577K(15104K)->14577K(15104K)
[99.479s][info][gc             ] GC(920) Pause Young (Allocation Failure) 315M->42M(989M) 19.609ms
[99.479s][info][gc,cpu         ] GC(920) User=0.02s Sys=0.00s Real=0.02s
[99.654s][info][gc,start       ] GC(921) Pause Young (Allocation Failure)
[99.659s][info][gc,heap        ] GC(921) DefNew: 280954K(314560K)->1301K(314560K) Eden: 279616K(279616K)->0K(279616K) From: 1338K(34944K)->1301K(34944K)
[99.659s][info][gc,heap        ] GC(921) Tenured: 41860K(699072K)->41876K(699072K)
[99.659s][info][gc,metaspace   ] GC(921) Metaspace: 72559K(73280K)->72559K(73280K) NonClass: 57981K(58176K)->57981K(58176K) Class: 14577K(15104K)->14577K(15104K)
[99.659s][info][gc             ] GC(921) Pause Young (Allocation Failure) 315M->42M(989M) 4.306ms
[99.659s][info][gc,cpu         ] GC(921) User=0.00s Sys=0.00s Real=0.00s
[99.825s][info][gc,start       ] GC(922) Pause Young (Allocation Failure)
[99.829s][info][gc,heap        ] GC(922) DefNew: 280807K(314560K)->1300K(314560K) Eden: 279506K(279616K)->0K(279616K) From: 1301K(34944K)->1300K(34944K)
[99.829s][info][gc,heap        ] GC(922) Tenured: 41876K(699072K)->41877K(699072K)
[99.829s][info][gc,metaspace   ] GC(922) Metaspace: 72559K(73280K)->72559K(73280K) NonClass: 57981K(58176K)->57981K(58176K) Class: 14577K(15104K)->14577K(15104K)
[99.829s][info][gc             ] GC(922) Pause Young (Allocation Failure) 315M->42M(989M) 4.235ms
[99.829s][info][gc,cpu         ] GC(922) User=0.02s Sys=0.00s Real=0.02s
[99.995s][info][gc,start       ] GC(923) Pause Young (Allocation Failure)
[100.000s][info][gc,heap        ] GC(923) DefNew: 280916K(314560K)->1287K(314560K) Eden: 279616K(279616K)->0K(279616K) From: 1300K(34944K)->1287K(34944K)
[100.000s][info][gc,heap        ] GC(923) Tenured: 41877K(699072K)->41900K(699072K)
[100.000s][info][gc,metaspace   ] GC(923) Metaspace: 72559K(73280K)->72559K(73280K) NonClass: 57981K(58176K)->57981K(58176K) Class: 14577K(15104K)->14577K(15104K)
[100.000s][info][gc             ] GC(923) Pause Young (Allocation Failure) 315M->42M(989M) 4.294ms
[100.000s][info][gc,cpu         ] GC(923) User=0.02s Sys=0.00s Real=0.02s
[100.167s][info][gc,start       ] GC(924) Pause Young (Allocation Failure)
[100.171s][info][gc,heap        ] GC(924) DefNew: 280903K(314560K)->1254K(314560K) Eden: 279616K(279616K)->0K(279616K) From: 1287K(34944K)->1254K(34944K)
[100.171s][info][gc,heap        ] GC(924) Tenured: 41900K(699072K)->41933K(699072K)
[100.171s][info][gc,metaspace   ] GC(924) Metaspace: 72559K(73280K)->72559K(73280K) NonClass: 57981K(58176K)->57981K(58176K) Class: 14577K(15104K)->14577K(15104K)
[100.171s][info][gc             ] GC(924) Pause Young (Allocation Failure) 315M->42M(989M) 4.197ms
[100.171s][info][gc,cpu         ] GC(924) User=0.00s Sys=0.00s Real=0.00s
[100.338s][info][gc,start       ] GC(925) Pause Young (Allocation Failure)
[100.342s][info][gc,heap        ] GC(925) DefNew: 280870K(314560K)->1197K(314560K) Eden: 279616K(279616K)->0K(279616K) From: 1254K(34944K)->1197K(34944K)
[100.342s][info][gc,heap        ] GC(925) Tenured: 41933K(699072K)->41973K(699072K)
[100.342s][info][gc,metaspace   ] GC(925) Metaspace: 72559K(73280K)->72559K(73280K) NonClass: 57981K(58176K)->57981K(58176K) Class: 14577K(15104K)->14577K(15104K)
[100.342s][info][gc             ] GC(925) Pause Young (Allocation Failure) 315M->42M(989M) 4.089ms
[100.342s][info][gc,cpu         ] GC(925) User=0.00s Sys=0.00s Real=0.00s
[100.509s][info][gc,start       ] GC(926) Pause Young (Allocation Failure)
[100.513s][info][gc,heap        ] GC(926) DefNew: 280813K(314560K)->1166K(314560K) Eden: 279616K(279616K)->0K(279616K) From: 1197K(34944K)->1166K(34944K)
[100.513s][info][gc,heap        ] GC(926) Tenured: 41973K(699072K)->42012K(699072K)
[100.513s][info][gc,metaspace   ] GC(926) Metaspace: 72559K(73280K)->72559K(73280K) NonClass: 57981K(58176K)->57981K(58176K) Class: 14577K(15104K)->14577K(15104K)
[100.513s][info][gc             ] GC(926) Pause Young (Allocation Failure) 315M->42M(989M) 3.984ms
[100.513s][info][gc,cpu         ] GC(926) User=0.00s Sys=0.00s Real=0.00s
[100.681s][info][gc,start       ] GC(927) Pause Young (Allocation Failure)
[100.685s][info][gc,heap        ] GC(927) DefNew: 280782K(314560K)->1110K(314560K) Eden: 279616K(279616K)->0K(279616K) From: 1166K(34944K)->1110K(34944K)
[100.685s][info][gc,heap        ] GC(927) Tenured: 42012K(699072K)->42065K(699072K)
[100.685s][info][gc,metaspace   ] GC(927) Metaspace: 72559K(73280K)->72559K(73280K) NonClass: 57981K(58176K)->57981K(58176K) Class: 14577K(15104K)->14577K(15104K)
[100.685s][info][gc             ] GC(927) Pause Young (Allocation Failure) 315M->42M(989M) 4.009ms
[100.685s][info][gc,cpu         ] GC(927) User=0.00s Sys=0.00s Real=0.00s
[100.820s][info][gc,start       ] GC(928) Pause Full (System.gc())
[100.820s][info][gc,phases,start] GC(928) Phase 1: Mark live objects
[100.882s][info][gc,phases      ] GC(928) Phase 1: Mark live objects 61.975ms
[100.882s][info][gc,phases,start] GC(928) Phase 2: Compute new object addresses
[100.957s][info][gc,phases      ] GC(928) Phase 2: Compute new object addresses 74.481ms
[100.957s][info][gc,phases,start] GC(928) Phase 3: Adjust pointers
[100.979s][info][gc,phases      ] GC(928) Phase 3: Adjust pointers 22.605ms
[100.979s][info][gc,phases,start] GC(928) Phase 4: Move objects
[100.980s][info][gc,phases      ] GC(928) Phase 4: Move objects 1.046ms
[100.981s][info][gc,heap        ] GC(928) DefNew: 199197K(314560K)->0K(314560K) Eden: 198087K(279616K)->0K(279616K) From: 1110K(34944K)->0K(34944K)
[100.981s][info][gc,heap        ] GC(928) Tenured: 42065K(699072K)->43266K(699072K)
[100.981s][info][gc,metaspace   ] GC(928) Metaspace: 72585K(73344K)->72585K(73344K) NonClass: 58007K(58240K)->58007K(58240K) Class: 14577K(15104K)->14577K(15104K)
[100.981s][info][gc             ] GC(928) Pause Full (System.gc()) 235M->42M(989M) 161.117ms
[100.981s][info][gc,cpu         ] GC(928) User=0.16s Sys=0.00s Real=0.16s
[101.080s][info][gc,start       ] GC(929) Pause Young (Allocation Failure)
[101.095s][info][gc,heap        ] GC(929) DefNew: 279616K(314560K)->3565K(314560K) Eden: 279616K(279616K)->0K(279616K) From: 0K(34944K)->3565K(34944K)
[101.095s][info][gc,heap        ] GC(929) Tenured: 43266K(699072K)->43266K(699072K)
[101.095s][info][gc,metaspace   ] GC(929) Metaspace: 72926K(73664K)->72926K(73664K) NonClass: 58349K(58560K)->58349K(58560K) Class: 14577K(15104K)->14577K(15104K)
[101.095s][info][gc             ] GC(929) Pause Young (Allocation Failure) 315M->45M(989M) 15.144ms
[101.095s][info][gc,cpu         ] GC(929) User=0.00s Sys=0.00s Real=0.00s
[101.167s][info][gc,start       ] GC(930) Pause Young (Allocation Failure)
[101.181s][info][gc,heap        ] GC(930) DefNew: 283181K(314560K)->3491K(314560K) Eden: 279616K(279616K)->0K(279616K) From: 3565K(34944K)->3491K(34944K)
[101.181s][info][gc,heap        ] GC(930) Tenured: 43266K(699072K)->43266K(699072K)
[101.181s][info][gc,metaspace   ] GC(930) Metaspace: 72926K(73664K)->72926K(73664K) NonClass: 58349K(58560K)->58349K(58560K) Class: 14577K(15104K)->14577K(15104K)
[101.181s][info][gc             ] GC(930) Pause Young (Allocation Failure) 318M->45M(989M) 13.608ms
[101.181s][info][gc,cpu         ] GC(930) User=0.00s Sys=0.00s Real=0.00s
[101.253s][info][gc,start       ] GC(931) Pause Young (Allocation Failure)
[101.266s][info][gc,heap        ] GC(931) DefNew: 283107K(314560K)->3537K(314560K) Eden: 279615K(279616K)->0K(279616K) From: 3491K(34944K)->3537K(34944K)
[101.266s][info][gc,heap        ] GC(931) Tenured: 43266K(699072K)->43266K(699072K)
[101.266s][info][gc,metaspace   ] GC(931) Metaspace: 72926K(73664K)->72926K(73664K) NonClass: 58349K(58560K)->58349K(58560K) Class: 14577K(15104K)->14577K(15104K)
[101.266s][info][gc             ] GC(931) Pause Young (Allocation Failure) 318M->45M(989M) 12.874ms
[101.266s][info][gc,cpu         ] GC(931) User=0.00s Sys=0.00s Real=0.00s
[101.338s][info][gc,start       ] GC(932) Pause Young (Allocation Failure)
[101.350s][info][gc,heap        ] GC(932) DefNew: 283153K(314560K)->3540K(314560K) Eden: 279616K(279616K)->0K(279616K) From: 3537K(34944K)->3540K(34944K)
[101.350s][info][gc,heap        ] GC(932) Tenured: 43266K(699072K)->43266K(699072K)
[101.350s][info][gc,metaspace   ] GC(932) Metaspace: 72926K(73664K)->72926K(73664K) NonClass: 58349K(58560K)->58349K(58560K) Class: 14577K(15104K)->14577K(15104K)
[101.350s][info][gc             ] GC(932) Pause Young (Allocation Failure) 318M->45M(989M) 12.485ms
[101.350s][info][gc,cpu         ] GC(932) User=0.00s Sys=0.00s Real=0.00s
[101.422s][info][gc,start       ] GC(933) Pause Young (Allocation Failure)
[101.434s][info][gc,heap        ] GC(933) DefNew: 283156K(314560K)->3609K(314560K) Eden: 279616K(279616K)->0K(279616K) From: 3540K(34944K)->3609K(34944K)
[101.434s][info][gc,heap        ] GC(933) Tenured: 43266K(699072K)->43266K(699072K)
[101.434s][info][gc,metaspace   ] GC(933) Metaspace: 72926K(73664K)->72926K(73664K) NonClass: 58349K(58560K)->58349K(58560K) Class: 14577K(15104K)->14577K(15104K)
[101.434s][info][gc             ] GC(933) Pause Young (Allocation Failure) 318M->45M(989M) 12.414ms
[101.435s][info][gc,cpu         ] GC(933) User=0.00s Sys=0.00s Real=0.00s
[101.506s][info][gc,start       ] GC(934) Pause Young (Allocation Failure)
[101.518s][info][gc,heap        ] GC(934) DefNew: 283225K(314560K)->3534K(314560K) Eden: 279616K(279616K)->0K(279616K) From: 3609K(34944K)->3534K(34944K)
[101.518s][info][gc,heap        ] GC(934) Tenured: 43266K(699072K)->43266K(699072K)
[101.518s][info][gc,metaspace   ] GC(934) Metaspace: 72926K(73664K)->72926K(73664K) NonClass: 58349K(58560K)->58349K(58560K) Class: 14577K(15104K)->14577K(15104K)
[101.518s][info][gc             ] GC(934) Pause Young (Allocation Failure) 318M->45M(989M) 12.251ms
[101.518s][info][gc,cpu         ] GC(934) User=0.00s Sys=0.00s Real=0.00s
[101.590s][info][gc,start       ] GC(935) Pause Young (Allocation Failure)
[101.602s][info][gc,heap        ] GC(935) DefNew: 283150K(314560K)->3496K(314560K) Eden: 279616K(279616K)->0K(279616K) From: 3534K(34944K)->3496K(34944K)
[101.602s][info][gc,heap        ] GC(935) Tenured: 43266K(699072K)->43266K(699072K)
[101.602s][info][gc,metaspace   ] GC(935) Metaspace: 72926K(73664K)->72926K(73664K) NonClass: 58349K(58560K)->58349K(58560K) Class: 14577K(15104K)->14577K(15104K)
[101.602s][info][gc             ] GC(935) Pause Young (Allocation Failure) 318M->45M(989M) 12.058ms
[101.602s][info][gc,cpu         ] GC(935) User=0.00s Sys=0.00s Real=0.00s
[101.674s][info][gc,start       ] GC(936) Pause Young (Allocation Failure)
[101.686s][info][gc,heap        ] GC(936) DefNew: 283112K(314560K)->3481K(314560K) Eden: 279616K(279616K)->0K(279616K) From: 3496K(34944K)->3481K(34944K)
[101.686s][info][gc,heap        ] GC(936) Tenured: 43266K(699072K)->43266K(699072K)
[101.686s][info][gc,metaspace   ] GC(936) Metaspace: 72926K(73664K)->72926K(73664K) NonClass: 58349K(58560K)->58349K(58560K) Class: 14577K(15104K)->14577K(15104K)
[101.686s][info][gc             ] GC(936) Pause Young (Allocation Failure) 318M->45M(989M) 12.275ms
[101.686s][info][gc,cpu         ] GC(936) User=0.00s Sys=0.00s Real=0.00s
[101.758s][info][gc,start       ] GC(937) Pause Young (Allocation Failure)
[101.769s][info][gc,heap        ] GC(937) DefNew: 283097K(314560K)->3469K(314560K) Eden: 279616K(279616K)->0K(279616K) From: 3481K(34944K)->3469K(34944K)
[101.769s][info][gc,heap        ] GC(937) Tenured: 43266K(699072K)->43266K(699072K)
[101.770s][info][gc,metaspace   ] GC(937) Metaspace: 72926K(73664K)->72926K(73664K) NonClass: 58349K(58560K)->58349K(58560K) Class: 14577K(15104K)->14577K(15104K)
[101.770s][info][gc             ] GC(937) Pause Young (Allocation Failure) 318M->45M(989M) 12.049ms
[101.770s][info][gc,cpu         ] GC(937) User=0.00s Sys=0.00s Real=0.00s
[101.841s][info][gc,start       ] GC(938) Pause Young (Allocation Failure)
[101.853s][info][gc,heap        ] GC(938) DefNew: 283085K(314560K)->3460K(314560K) Eden: 279616K(279616K)->0K(279616K) From: 3469K(34944K)->3460K(34944K)
[101.853s][info][gc,heap        ] GC(938) Tenured: 43266K(699072K)->43266K(699072K)
[101.853s][info][gc,metaspace   ] GC(938) Metaspace: 72926K(73664K)->72926K(73664K) NonClass: 58349K(58560K)->58349K(58560K) Class: 14577K(15104K)->14577K(15104K)
[101.853s][info][gc             ] GC(938) Pause Young (Allocation Failure) 318M->45M(989M) 12.104ms
[101.853s][info][gc,cpu         ] GC(938) User=0.00s Sys=0.00s Real=0.00s
[101.925s][info][gc,start       ] GC(939) Pause Young (Allocation Failure)
[101.937s][info][gc,heap        ] GC(939) DefNew: 283076K(314560K)->3549K(314560K) Eden: 279616K(279616K)->0K(279616K) From: 3460K(34944K)->3549K(34944K)
[101.937s][info][gc,heap        ] GC(939) Tenured: 43266K(699072K)->43266K(699072K)
[101.937s][info][gc,metaspace   ] GC(939) Metaspace: 72926K(73664K)->72926K(73664K) NonClass: 58349K(58560K)->58349K(58560K) Class: 14577K(15104K)->14577K(15104K)
[101.937s][info][gc             ] GC(939) Pause Young (Allocation Failure) 318M->45M(989M) 12.228ms
[101.937s][info][gc,cpu         ] GC(939) User=0.00s Sys=0.00s Real=0.00s
[102.009s][info][gc,start       ] GC(940) Pause Young (Allocation Failure)
[102.021s][info][gc,heap        ] GC(940) DefNew: 283165K(314560K)->3568K(314560K) Eden: 279616K(279616K)->0K(279616K) From: 3549K(34944K)->3568K(34944K)
[102.021s][info][gc,heap        ] GC(940) Tenured: 43266K(699072K)->43266K(699072K)
[102.021s][info][gc,metaspace   ] GC(940) Metaspace: 72926K(73664K)->72926K(73664K) NonClass: 58349K(58560K)->58349K(58560K) Class: 14577K(15104K)->14577K(15104K)
[102.021s][info][gc             ] GC(940) Pause Young (Allocation Failure) 318M->45M(989M) 12.609ms
[102.021s][info][gc,cpu         ] GC(940) User=0.00s Sys=0.00s Real=0.00s
[102.093s][info][gc,start       ] GC(941) Pause Young (Allocation Failure)
[102.106s][info][gc,heap        ] GC(941) DefNew: 283184K(314560K)->3537K(314560K) Eden: 279616K(279616K)->0K(279616K) From: 3568K(34944K)->3537K(34944K)
[102.106s][info][gc,heap        ] GC(941) Tenured: 43266K(699072K)->43266K(699072K)
[102.106s][info][gc,metaspace   ] GC(941) Metaspace: 72926K(73664K)->72926K(73664K) NonClass: 58349K(58560K)->58349K(58560K) Class: 14577K(15104K)->14577K(15104K)
[102.106s][info][gc             ] GC(941) Pause Young (Allocation Failure) 318M->45M(989M) 12.407ms
[102.106s][info][gc,cpu         ] GC(941) User=0.02s Sys=0.00s Real=0.01s
[102.177s][info][gc,start       ] GC(942) Pause Young (Allocation Failure)
[102.191s][info][gc,heap        ] GC(942) DefNew: 283153K(314560K)->3529K(314560K) Eden: 279616K(279616K)->0K(279616K) From: 3537K(34944K)->3529K(34944K)
[102.191s][info][gc,heap        ] GC(942) Tenured: 43266K(699072K)->43266K(699072K)
[102.191s][info][gc,metaspace   ] GC(942) Metaspace: 72926K(73664K)->72926K(73664K) NonClass: 58349K(58560K)->58349K(58560K) Class: 14577K(15104K)->14577K(15104K)
[102.191s][info][gc             ] GC(942) Pause Young (Allocation Failure) 318M->45M(989M) 13.827ms
[102.191s][info][gc,cpu         ] GC(942) User=0.00s Sys=0.00s Real=0.00s
[102.263s][info][gc,start       ] GC(943) Pause Young (Allocation Failure)
[102.275s][info][gc,heap        ] GC(943) DefNew: 283145K(314560K)->3516K(314560K) Eden: 279616K(279616K)->0K(279616K) From: 3529K(34944K)->3516K(34944K)
[102.275s][info][gc,heap        ] GC(943) Tenured: 43266K(699072K)->43266K(699072K)
[102.275s][info][gc,metaspace   ] GC(943) Metaspace: 72926K(73664K)->72926K(73664K) NonClass: 58349K(58560K)->58349K(58560K) Class: 14577K(15104K)->14577K(15104K)
[102.276s][info][gc             ] GC(943) Pause Young (Allocation Failure) 318M->45M(989M) 12.748ms
[102.276s][info][gc,cpu         ] GC(943) User=0.00s Sys=0.00s Real=0.00s
[102.348s][info][gc,start       ] GC(944) Pause Young (Allocation Failure)
[102.360s][info][gc,heap        ] GC(944) DefNew: 283132K(314560K)->1386K(314560K) Eden: 279616K(279616K)->0K(279616K) From: 3516K(34944K)->1386K(34944K)
[102.360s][info][gc,heap        ] GC(944) Tenured: 43266K(699072K)->45360K(699072K)
[102.360s][info][gc,metaspace   ] GC(944) Metaspace: 72926K(73664K)->72926K(73664K) NonClass: 58349K(58560K)->58349K(58560K) Class: 14577K(15104K)->14577K(15104K)
[102.360s][info][gc             ] GC(944) Pause Young (Allocation Failure) 318M->45M(989M) 12.655ms
[102.361s][info][gc,cpu         ] GC(944) User=0.00s Sys=0.00s Real=0.00s
[102.432s][info][gc,start       ] GC(945) Pause Young (Allocation Failure)
[102.441s][info][gc,heap        ] GC(945) DefNew: 281002K(314560K)->1394K(314560K) Eden: 279616K(279616K)->0K(279616K) From: 1386K(34944K)->1394K(34944K)
[102.441s][info][gc,heap        ] GC(945) Tenured: 45360K(699072K)->45365K(699072K)
[102.441s][info][gc,metaspace   ] GC(945) Metaspace: 72926K(73664K)->72926K(73664K) NonClass: 58349K(58560K)->58349K(58560K) Class: 14577K(15104K)->14577K(15104K)
[102.441s][info][gc             ] GC(945) Pause Young (Allocation Failure) 318M->45M(989M) 8.360ms
[102.441s][info][gc,cpu         ] GC(945) User=0.00s Sys=0.00s Real=0.00s
[102.511s][info][gc,start       ] GC(946) Pause Young (Allocation Failure)
[102.520s][info][gc,heap        ] GC(946) DefNew: 281010K(314560K)->1425K(314560K) Eden: 279616K(279616K)->0K(279616K) From: 1394K(34944K)->1425K(34944K)
[102.520s][info][gc,heap        ] GC(946) Tenured: 45365K(699072K)->45365K(699072K)
[102.520s][info][gc,metaspace   ] GC(946) Metaspace: 72926K(73664K)->72926K(73664K) NonClass: 58349K(58560K)->58349K(58560K) Class: 14577K(15104K)->14577K(15104K)
[102.520s][info][gc             ] GC(946) Pause Young (Allocation Failure) 318M->45M(989M) 8.486ms
[102.520s][info][gc,cpu         ] GC(946) User=0.00s Sys=0.00s Real=0.00s
[102.591s][info][gc,start       ] GC(947) Pause Young (Allocation Failure)
[102.599s][info][gc,heap        ] GC(947) DefNew: 281041K(314560K)->1390K(314560K) Eden: 279616K(279616K)->0K(279616K) From: 1425K(34944K)->1390K(34944K)
[102.599s][info][gc,heap        ] GC(947) Tenured: 45365K(699072K)->45365K(699072K)
[102.599s][info][gc,metaspace   ] GC(947) Metaspace: 72926K(73664K)->72926K(73664K) NonClass: 58349K(58560K)->58349K(58560K) Class: 14577K(15104K)->14577K(15104K)
[102.599s][info][gc             ] GC(947) Pause Young (Allocation Failure) 318M->45M(989M) 8.274ms
[102.599s][info][gc,cpu         ] GC(947) User=0.00s Sys=0.00s Real=0.01s
[102.670s][info][gc,start       ] GC(948) Pause Young (Allocation Failure)
[102.680s][info][gc,heap        ] GC(948) DefNew: 281006K(314560K)->1479K(314560K) Eden: 279616K(279616K)->0K(279616K) From: 1390K(34944K)->1479K(34944K)
[102.680s][info][gc,heap        ] GC(948) Tenured: 45365K(699072K)->45365K(699072K)
[102.680s][info][gc,metaspace   ] GC(948) Metaspace: 72926K(73664K)->72926K(73664K) NonClass: 58349K(58560K)->58349K(58560K) Class: 14577K(15104K)->14577K(15104K)
[102.680s][info][gc             ] GC(948) Pause Young (Allocation Failure) 318M->45M(989M) 9.587ms
[102.680s][info][gc,cpu         ] GC(948) User=0.00s Sys=0.00s Real=0.00s
[102.751s][info][gc,start       ] GC(949) Pause Young (Allocation Failure)
[102.760s][info][gc,heap        ] GC(949) DefNew: 281095K(314560K)->1424K(314560K) Eden: 279616K(279616K)->0K(279616K) From: 1479K(34944K)->1424K(34944K)
[102.760s][info][gc,heap        ] GC(949) Tenured: 45365K(699072K)->45366K(699072K)
[102.760s][info][gc,metaspace   ] GC(949) Metaspace: 72926K(73664K)->72926K(73664K) NonClass: 58349K(58560K)->58349K(58560K) Class: 14577K(15104K)->14577K(15104K)
[102.760s][info][gc             ] GC(949) Pause Young (Allocation Failure) 318M->45M(989M) 9.336ms
[102.760s][info][gc,cpu         ] GC(949) User=0.00s Sys=0.00s Real=0.00s
[102.831s][info][gc,start       ] GC(950) Pause Young (Allocation Failure)
[102.840s][info][gc,heap        ] GC(950) DefNew: 281040K(314560K)->1426K(314560K) Eden: 279616K(279616K)->0K(279616K) From: 1424K(34944K)->1426K(34944K)
[102.840s][info][gc,heap        ] GC(950) Tenured: 45366K(699072K)->45366K(699072K)
[102.840s][info][gc,metaspace   ] GC(950) Metaspace: 72926K(73664K)->72926K(73664K) NonClass: 58349K(58560K)->58349K(58560K) Class: 14577K(15104K)->14577K(15104K)
[102.840s][info][gc             ] GC(950) Pause Young (Allocation Failure) 318M->45M(989M) 9.008ms
[102.840s][info][gc,cpu         ] GC(950) User=0.02s Sys=0.00s Real=0.01s
[102.911s][info][gc,start       ] GC(951) Pause Young (Allocation Failure)
[102.920s][info][gc,heap        ] GC(951) DefNew: 281042K(314560K)->1447K(314560K) Eden: 279616K(279616K)->0K(279616K) From: 1426K(34944K)->1447K(34944K)
[102.920s][info][gc,heap        ] GC(951) Tenured: 45366K(699072K)->45366K(699072K)
[102.920s][info][gc,metaspace   ] GC(951) Metaspace: 72926K(73664K)->72926K(73664K) NonClass: 58349K(58560K)->58349K(58560K) Class: 14577K(15104K)->14577K(15104K)
[102.920s][info][gc             ] GC(951) Pause Young (Allocation Failure) 318M->45M(989M) 8.688ms
[102.920s][info][gc,cpu         ] GC(951) User=0.02s Sys=0.00s Real=0.00s
[102.991s][info][gc,start       ] GC(952) Pause Young (Allocation Failure)
[103.001s][info][gc,heap        ] GC(952) DefNew: 281063K(314560K)->1485K(314560K) Eden: 279616K(279616K)->0K(279616K) From: 1447K(34944K)->1485K(34944K)
[103.001s][info][gc,heap        ] GC(952) Tenured: 45366K(699072K)->45367K(699072K)
[103.001s][info][gc,metaspace   ] GC(952) Metaspace: 72926K(73664K)->72926K(73664K) NonClass: 58349K(58560K)->58349K(58560K) Class: 14577K(15104K)->14577K(15104K)
[103.001s][info][gc             ] GC(952) Pause Young (Allocation Failure) 318M->45M(989M) 9.506ms
[103.001s][info][gc,cpu         ] GC(952) User=0.00s Sys=0.00s Real=0.00s
[103.072s][info][gc,start       ] GC(953) Pause Young (Allocation Failure)
[103.081s][info][gc,heap        ] GC(953) DefNew: 281101K(314560K)->1438K(314560K) Eden: 279616K(279616K)->0K(279616K) From: 1485K(34944K)->1438K(34944K)
[103.081s][info][gc,heap        ] GC(953) Tenured: 45367K(699072K)->45383K(699072K)
[103.081s][info][gc,metaspace   ] GC(953) Metaspace: 72926K(73664K)->72926K(73664K) NonClass: 58349K(58560K)->58349K(58560K) Class: 14577K(15104K)->14577K(15104K)
[103.081s][info][gc             ] GC(953) Pause Young (Allocation Failure) 318M->45M(989M) 9.048ms
[103.081s][info][gc,cpu         ] GC(953) User=0.00s Sys=0.00s Real=0.00s
[103.153s][info][gc,start       ] GC(954) Pause Young (Allocation Failure)
[103.161s][info][gc,heap        ] GC(954) DefNew: 281054K(314560K)->1446K(314560K) Eden: 279616K(279616K)->0K(279616K) From: 1438K(34944K)->1446K(34944K)
[103.161s][info][gc,heap        ] GC(954) Tenured: 45383K(699072K)->45383K(699072K)
[103.161s][info][gc,metaspace   ] GC(954) Metaspace: 72926K(73664K)->72926K(73664K) NonClass: 58349K(58560K)->58349K(58560K) Class: 14577K(15104K)->14577K(15104K)
[103.161s][info][gc             ] GC(954) Pause Young (Allocation Failure) 318M->45M(989M) 8.591ms
[103.161s][info][gc,cpu         ] GC(954) User=0.00s Sys=0.00s Real=0.00s
[103.232s][info][gc,start       ] GC(955) Pause Young (Allocation Failure)
[103.241s][info][gc,heap        ] GC(955) DefNew: 281062K(314560K)->1467K(314560K) Eden: 279616K(279616K)->0K(279616K) From: 1446K(34944K)->1467K(34944K)
[103.241s][info][gc,heap        ] GC(955) Tenured: 45383K(699072K)->45383K(699072K)
[103.241s][info][gc,metaspace   ] GC(955) Metaspace: 72926K(73664K)->72926K(73664K) NonClass: 58349K(58560K)->58349K(58560K) Class: 14577K(15104K)->14577K(15104K)
[103.241s][info][gc             ] GC(955) Pause Young (Allocation Failure) 318M->45M(989M) 8.508ms
[103.241s][info][gc,cpu         ] GC(955) User=0.00s Sys=0.00s Real=0.00s
[103.312s][info][gc,start       ] GC(956) Pause Young (Allocation Failure)
[103.320s][info][gc,heap        ] GC(956) DefNew: 281083K(314560K)->1455K(314560K) Eden: 279616K(279616K)->0K(279616K) From: 1467K(34944K)->1455K(34944K)
[103.320s][info][gc,heap        ] GC(956) Tenured: 45383K(699072K)->45383K(699072K)
[103.320s][info][gc,metaspace   ] GC(956) Metaspace: 72926K(73664K)->72926K(73664K) NonClass: 58349K(58560K)->58349K(58560K) Class: 14577K(15104K)->14577K(15104K)
[103.320s][info][gc             ] GC(956) Pause Young (Allocation Failure) 318M->45M(989M) 8.426ms
[103.320s][info][gc,cpu         ] GC(956) User=0.00s Sys=0.00s Real=0.00s
[103.391s][info][gc,start       ] GC(957) Pause Young (Allocation Failure)
[103.400s][info][gc,heap        ] GC(957) DefNew: 281071K(314560K)->1471K(314560K) Eden: 279616K(279616K)->0K(279616K) From: 1455K(34944K)->1471K(34944K)
[103.400s][info][gc,heap        ] GC(957) Tenured: 45383K(699072K)->45383K(699072K)
[103.400s][info][gc,metaspace   ] GC(957) Metaspace: 72926K(73664K)->72926K(73664K) NonClass: 58349K(58560K)->58349K(58560K) Class: 14577K(15104K)->14577K(15104K)
[103.400s][info][gc             ] GC(957) Pause Young (Allocation Failure) 318M->45M(989M) 9.448ms
[103.400s][info][gc,cpu         ] GC(957) User=0.00s Sys=0.00s Real=0.00s
[103.471s][info][gc,start       ] GC(958) Pause Young (Allocation Failure)
[103.481s][info][gc,heap        ] GC(958) DefNew: 281087K(314560K)->1486K(314560K) Eden: 279616K(279616K)->0K(279616K) From: 1471K(34944K)->1486K(34944K)
[103.481s][info][gc,heap        ] GC(958) Tenured: 45383K(699072K)->45383K(699072K)
[103.481s][info][gc,metaspace   ] GC(958) Metaspace: 72926K(73664K)->72926K(73664K) NonClass: 58349K(58560K)->58349K(58560K) Class: 14577K(15104K)->14577K(15104K)
[103.481s][info][gc             ] GC(958) Pause Young (Allocation Failure) 318M->45M(989M) 9.146ms
[103.481s][info][gc,cpu         ] GC(958) User=0.00s Sys=0.00s Real=0.00s
[103.552s][info][gc,start       ] GC(959) Pause Young (Allocation Failure)
[103.560s][info][gc,heap        ] GC(959) DefNew: 281102K(314560K)->1449K(314560K) Eden: 279616K(279616K)->0K(279616K) From: 1486K(34944K)->1449K(34944K)
[103.560s][info][gc,heap        ] GC(959) Tenured: 45383K(699072K)->45384K(699072K)
[103.560s][info][gc,metaspace   ] GC(959) Metaspace: 72926K(73664K)->72926K(73664K) NonClass: 58349K(58560K)->58349K(58560K) Class: 14577K(15104K)->14577K(15104K)
[103.560s][info][gc             ] GC(959) Pause Young (Allocation Failure) 318M->45M(989M) 8.534ms
[103.560s][info][gc,cpu         ] GC(959) User=0.00s Sys=0.00s Real=0.00s
[103.631s][info][gc,start       ] GC(960) Pause Young (Allocation Failure)
[103.639s][info][gc,heap        ] GC(960) DefNew: 281065K(314560K)->1431K(314560K) Eden: 279616K(279616K)->0K(279616K) From: 1449K(34944K)->1431K(34944K)
[103.640s][info][gc,heap        ] GC(960) Tenured: 45384K(699072K)->45384K(699072K)
[103.640s][info][gc,metaspace   ] GC(960) Metaspace: 72926K(73664K)->72926K(73664K) NonClass: 58349K(58560K)->58349K(58560K) Class: 14577K(15104K)->14577K(15104K)
[103.640s][info][gc             ] GC(960) Pause Young (Allocation Failure) 318M->45M(989M) 8.376ms
[103.640s][info][gc,cpu         ] GC(960) User=0.00s Sys=0.00s Real=0.00s
[103.733s][info][gc,start       ] GC(961) Pause Young (Allocation Failure)
[103.742s][info][gc,heap        ] GC(961) DefNew: 281047K(314560K)->1553K(314560K) Eden: 279616K(279616K)->0K(279616K) From: 1431K(34944K)->1553K(34944K)
[103.742s][info][gc,heap        ] GC(961) Tenured: 45384K(699072K)->45384K(699072K)
[103.742s][info][gc,metaspace   ] GC(961) Metaspace: 72926K(73664K)->72926K(73664K) NonClass: 58349K(58560K)->58349K(58560K) Class: 14577K(15104K)->14577K(15104K)
[103.742s][info][gc             ] GC(961) Pause Young (Allocation Failure) 318M->45M(989M) 9.002ms
[103.742s][info][gc,cpu         ] GC(961) User=0.00s Sys=0.00s Real=0.00s
[103.813s][info][gc,start       ] GC(962) Pause Young (Allocation Failure)
[103.821s][info][gc,heap        ] GC(962) DefNew: 281169K(314560K)->1423K(314560K) Eden: 279616K(279616K)->0K(279616K) From: 1553K(34944K)->1423K(34944K)
[103.821s][info][gc,heap        ] GC(962) Tenured: 45384K(699072K)->45384K(699072K)
[103.821s][info][gc,metaspace   ] GC(962) Metaspace: 72926K(73664K)->72926K(73664K) NonClass: 58349K(58560K)->58349K(58560K) Class: 14577K(15104K)->14577K(15104K)
[103.821s][info][gc             ] GC(962) Pause Young (Allocation Failure) 318M->45M(989M) 8.346ms
[103.821s][info][gc,cpu         ] GC(962) User=0.00s Sys=0.00s Real=0.00s
[103.892s][info][gc,start       ] GC(963) Pause Young (Allocation Failure)
[103.901s][info][gc,heap        ] GC(963) DefNew: 281039K(314560K)->1512K(314560K) Eden: 279616K(279616K)->0K(279616K) From: 1423K(34944K)->1512K(34944K)
[103.901s][info][gc,heap        ] GC(963) Tenured: 45384K(699072K)->45384K(699072K)
[103.901s][info][gc,metaspace   ] GC(963) Metaspace: 72926K(73664K)->72926K(73664K) NonClass: 58349K(58560K)->58349K(58560K) Class: 14577K(15104K)->14577K(15104K)
[103.901s][info][gc             ] GC(963) Pause Young (Allocation Failure) 318M->45M(989M) 8.767ms
[103.901s][info][gc,cpu         ] GC(963) User=0.00s Sys=0.00s Real=0.00s
[103.972s][info][gc,start       ] GC(964) Pause Young (Allocation Failure)
[103.981s][info][gc,heap        ] GC(964) DefNew: 281128K(314560K)->1479K(314560K) Eden: 279616K(279616K)->0K(279616K) From: 1512K(34944K)->1479K(34944K)
[103.981s][info][gc,heap        ] GC(964) Tenured: 45384K(699072K)->45384K(699072K)
[103.981s][info][gc,metaspace   ] GC(964) Metaspace: 72926K(73664K)->72926K(73664K) NonClass: 58349K(58560K)->58349K(58560K) Class: 14577K(15104K)->14577K(15104K)
[103.981s][info][gc             ] GC(964) Pause Young (Allocation Failure) 318M->45M(989M) 8.557ms
[103.981s][info][gc,cpu         ] GC(964) User=0.02s Sys=0.00s Real=0.01s
[104.051s][info][gc,start       ] GC(965) Pause Young (Allocation Failure)
[104.060s][info][gc,heap        ] GC(965) DefNew: 281095K(314560K)->1506K(314560K) Eden: 279616K(279616K)->0K(279616K) From: 1479K(34944K)->1506K(34944K)
[104.060s][info][gc,heap        ] GC(965) Tenured: 45384K(699072K)->45384K(699072K)
[104.060s][info][gc,metaspace   ] GC(965) Metaspace: 72926K(73664K)->72926K(73664K) NonClass: 58349K(58560K)->58349K(58560K) Class: 14577K(15104K)->14577K(15104K)
[104.060s][info][gc             ] GC(965) Pause Young (Allocation Failure) 318M->45M(989M) 8.684ms
[104.060s][info][gc,cpu         ] GC(965) User=0.00s Sys=0.00s Real=0.00s
[104.131s][info][gc,start       ] GC(966) Pause Young (Allocation Failure)
[104.140s][info][gc,heap        ] GC(966) DefNew: 281122K(314560K)->1493K(314560K) Eden: 279616K(279616K)->0K(279616K) From: 1506K(34944K)->1493K(34944K)
[104.140s][info][gc,heap        ] GC(966) Tenured: 45384K(699072K)->45400K(699072K)
[104.140s][info][gc,metaspace   ] GC(966) Metaspace: 72926K(73664K)->72926K(73664K) NonClass: 58349K(58560K)->58349K(58560K) Class: 14577K(15104K)->14577K(15104K)
[104.140s][info][gc             ] GC(966) Pause Young (Allocation Failure) 318M->45M(989M) 8.601ms
[104.140s][info][gc,cpu         ] GC(966) User=0.00s Sys=0.00s Real=0.00s
[104.211s][info][gc,start       ] GC(967) Pause Young (Allocation Failure)
[104.219s][info][gc,heap        ] GC(967) DefNew: 281109K(314560K)->1462K(314560K) Eden: 279616K(279616K)->0K(279616K) From: 1493K(34944K)->1462K(34944K)
[104.219s][info][gc,heap        ] GC(967) Tenured: 45400K(699072K)->45400K(699072K)
[104.219s][info][gc,metaspace   ] GC(967) Metaspace: 72926K(73664K)->72926K(73664K) NonClass: 58349K(58560K)->58349K(58560K) Class: 14577K(15104K)->14577K(15104K)
[104.219s][info][gc             ] GC(967) Pause Young (Allocation Failure) 318M->45M(989M) 8.528ms
[104.219s][info][gc,cpu         ] GC(967) User=0.00s Sys=0.00s Real=0.00s
[104.290s][info][gc,start       ] GC(968) Pause Young (Allocation Failure)
[104.299s][info][gc,heap        ] GC(968) DefNew: 281078K(314560K)->1448K(314560K) Eden: 279616K(279616K)->0K(279616K) From: 1462K(34944K)->1448K(34944K)
[104.299s][info][gc,heap        ] GC(968) Tenured: 45400K(699072K)->45400K(699072K)
[104.299s][info][gc,metaspace   ] GC(968) Metaspace: 72926K(73664K)->72926K(73664K) NonClass: 58349K(58560K)->58349K(58560K) Class: 14577K(15104K)->14577K(15104K)
[104.300s][info][gc             ] GC(968) Pause Young (Allocation Failure) 318M->45M(989M) 9.431ms
[104.300s][info][gc,cpu         ] GC(968) User=0.00s Sys=0.00s Real=0.00s
[104.370s][info][gc,start       ] GC(969) Pause Young (Allocation Failure)
[104.379s][info][gc,heap        ] GC(969) DefNew: 281064K(314560K)->1409K(314560K) Eden: 279616K(279616K)->0K(279616K) From: 1448K(34944K)->1409K(34944K)
[104.379s][info][gc,heap        ] GC(969) Tenured: 45400K(699072K)->45445K(699072K)
[104.379s][info][gc,metaspace   ] GC(969) Metaspace: 72926K(73664K)->72926K(73664K) NonClass: 58349K(58560K)->58349K(58560K) Class: 14577K(15104K)->14577K(15104K)
[104.379s][info][gc             ] GC(969) Pause Young (Allocation Failure) 318M->45M(989M) 9.021ms
[104.379s][info][gc,cpu         ] GC(969) User=0.00s Sys=0.00s Real=0.00s
[104.450s][info][gc,start       ] GC(970) Pause Young (Allocation Failure)
[104.459s][info][gc,heap        ] GC(970) DefNew: 281025K(314560K)->1438K(314560K) Eden: 279616K(279616K)->0K(279616K) From: 1409K(34944K)->1438K(34944K)
[104.459s][info][gc,heap        ] GC(970) Tenured: 45445K(699072K)->45445K(699072K)
[104.459s][info][gc,metaspace   ] GC(970) Metaspace: 72926K(73664K)->72926K(73664K) NonClass: 58349K(58560K)->58349K(58560K) Class: 14577K(15104K)->14577K(15104K)
[104.459s][info][gc             ] GC(970) Pause Young (Allocation Failure) 318M->45M(989M) 8.558ms
[104.459s][info][gc,cpu         ] GC(970) User=0.00s Sys=0.00s Real=0.00s
[104.530s][info][gc,start       ] GC(971) Pause Young (Allocation Failure)
[104.539s][info][gc,heap        ] GC(971) DefNew: 281054K(314560K)->1393K(314560K) Eden: 279616K(279616K)->0K(279616K) From: 1438K(34944K)->1393K(34944K)
[104.539s][info][gc,heap        ] GC(971) Tenured: 45445K(699072K)->45445K(699072K)
[104.539s][info][gc,metaspace   ] GC(971) Metaspace: 72926K(73664K)->72926K(73664K) NonClass: 58349K(58560K)->58349K(58560K) Class: 14577K(15104K)->14577K(15104K)
[104.539s][info][gc             ] GC(971) Pause Young (Allocation Failure) 318M->45M(989M) 9.347ms
[104.539s][info][gc,cpu         ] GC(971) User=0.00s Sys=0.00s Real=0.00s
[104.610s][info][gc,start       ] GC(972) Pause Young (Allocation Failure)
[104.619s][info][gc,heap        ] GC(972) DefNew: 281009K(314560K)->1397K(314560K) Eden: 279616K(279616K)->0K(279616K) From: 1393K(34944K)->1397K(34944K)
[104.619s][info][gc,heap        ] GC(972) Tenured: 45445K(699072K)->45445K(699072K)
[104.619s][info][gc,metaspace   ] GC(972) Metaspace: 72926K(73664K)->72926K(73664K) NonClass: 58349K(58560K)->58349K(58560K) Class: 14577K(15104K)->14577K(15104K)
[104.619s][info][gc             ] GC(972) Pause Young (Allocation Failure) 318M->45M(989M) 8.858ms
[104.619s][info][gc,cpu         ] GC(972) User=0.00s Sys=0.00s Real=0.00s
[104.690s][info][gc,start       ] GC(973) Pause Young (Allocation Failure)
[104.698s][info][gc,heap        ] GC(973) DefNew: 281013K(314560K)->1376K(314560K) Eden: 279616K(279616K)->0K(279616K) From: 1397K(34944K)->1376K(34944K)
[104.698s][info][gc,heap        ] GC(973) Tenured: 45445K(699072K)->45445K(699072K)
[104.698s][info][gc,metaspace   ] GC(973) Metaspace: 72926K(73664K)->72926K(73664K) NonClass: 58349K(58560K)->58349K(58560K) Class: 14577K(15104K)->14577K(15104K)
[104.698s][info][gc             ] GC(973) Pause Young (Allocation Failure) 318M->45M(989M) 8.307ms
[104.698s][info][gc,cpu         ] GC(973) User=0.00s Sys=0.00s Real=0.00s
[104.769s][info][gc,start       ] GC(974) Pause Young (Allocation Failure)
[104.777s][info][gc,heap        ] GC(974) DefNew: 280992K(314560K)->1423K(314560K) Eden: 279616K(279616K)->0K(279616K) From: 1376K(34944K)->1423K(34944K)
[104.777s][info][gc,heap        ] GC(974) Tenured: 45445K(699072K)->45446K(699072K)
[104.777s][info][gc,metaspace   ] GC(974) Metaspace: 72926K(73664K)->72926K(73664K) NonClass: 58349K(58560K)->58349K(58560K) Class: 14577K(15104K)->14577K(15104K)
[104.777s][info][gc             ] GC(974) Pause Young (Allocation Failure) 318M->45M(989M) 8.396ms
[104.777s][info][gc,cpu         ] GC(974) User=0.00s Sys=0.00s Real=0.00s
[104.848s][info][gc,start       ] GC(975) Pause Young (Allocation Failure)
[104.856s][info][gc,heap        ] GC(975) DefNew: 281039K(314560K)->1409K(314560K) Eden: 279616K(279616K)->0K(279616K) From: 1423K(34944K)->1409K(34944K)
[104.856s][info][gc,heap        ] GC(975) Tenured: 45446K(699072K)->45447K(699072K)
[104.856s][info][gc,metaspace   ] GC(975) Metaspace: 72926K(73664K)->72926K(73664K) NonClass: 58349K(58560K)->58349K(58560K) Class: 14577K(15104K)->14577K(15104K)
[104.856s][info][gc             ] GC(975) Pause Young (Allocation Failure) 318M->45M(989M) 8.573ms
[104.856s][info][gc,cpu         ] GC(975) User=0.00s Sys=0.00s Real=0.00s
[104.928s][info][gc,start       ] GC(976) Pause Young (Allocation Failure)
[104.936s][info][gc,heap        ] GC(976) DefNew: 281025K(314560K)->1475K(314560K) Eden: 279616K(279616K)->0K(279616K) From: 1409K(34944K)->1475K(34944K)
[104.936s][info][gc,heap        ] GC(976) Tenured: 45447K(699072K)->45447K(699072K)
[104.936s][info][gc,metaspace   ] GC(976) Metaspace: 72926K(73664K)->72926K(73664K) NonClass: 58349K(58560K)->58349K(58560K) Class: 14577K(15104K)->14577K(15104K)
[104.936s][info][gc             ] GC(976) Pause Young (Allocation Failure) 318M->45M(989M) 8.614ms
[104.936s][info][gc,cpu         ] GC(976) User=0.00s Sys=0.00s Real=0.00s
[105.007s][info][gc,start       ] GC(977) Pause Young (Allocation Failure)
[105.015s][info][gc,heap        ] GC(977) DefNew: 281091K(314560K)->1454K(314560K) Eden: 279616K(279616K)->0K(279616K) From: 1475K(34944K)->1454K(34944K)
[105.016s][info][gc,heap        ] GC(977) Tenured: 45447K(699072K)->45447K(699072K)
[105.016s][info][gc,metaspace   ] GC(977) Metaspace: 72926K(73664K)->72926K(73664K) NonClass: 58349K(58560K)->58349K(58560K) Class: 14577K(15104K)->14577K(15104K)
[105.016s][info][gc             ] GC(977) Pause Young (Allocation Failure) 318M->45M(989M) 8.458ms
[105.016s][info][gc,cpu         ] GC(977) User=0.00s Sys=0.00s Real=0.00s
[105.086s][info][gc,start       ] GC(978) Pause Young (Allocation Failure)
[105.095s][info][gc,heap        ] GC(978) DefNew: 281070K(314560K)->1440K(314560K) Eden: 279616K(279616K)->0K(279616K) From: 1454K(34944K)->1440K(34944K)
[105.095s][info][gc,heap        ] GC(978) Tenured: 45447K(699072K)->45465K(699072K)
[105.095s][info][gc,metaspace   ] GC(978) Metaspace: 72926K(73664K)->72926K(73664K) NonClass: 58349K(58560K)->58349K(58560K) Class: 14577K(15104K)->14577K(15104K)
[105.095s][info][gc             ] GC(978) Pause Young (Allocation Failure) 318M->45M(989M) 8.564ms
[105.095s][info][gc,cpu         ] GC(978) User=0.00s Sys=0.00s Real=0.00s
[105.166s][info][gc,start       ] GC(979) Pause Young (Allocation Failure)
[105.174s][info][gc,heap        ] GC(979) DefNew: 281056K(314560K)->1426K(314560K) Eden: 279616K(279616K)->0K(279616K) From: 1440K(34944K)->1426K(34944K)
[105.174s][info][gc,heap        ] GC(979) Tenured: 45465K(699072K)->45465K(699072K)
[105.174s][info][gc,metaspace   ] GC(979) Metaspace: 72926K(73664K)->72926K(73664K) NonClass: 58349K(58560K)->58349K(58560K) Class: 14577K(15104K)->14577K(15104K)
[105.174s][info][gc             ] GC(979) Pause Young (Allocation Failure) 318M->45M(989M) 8.421ms
[105.174s][info][gc,cpu         ] GC(979) User=0.00s Sys=0.00s Real=0.00s
[105.245s][info][gc,start       ] GC(980) Pause Young (Allocation Failure)
[105.253s][info][gc,heap        ] GC(980) DefNew: 281042K(314560K)->1387K(314560K) Eden: 279616K(279616K)->0K(279616K) From: 1426K(34944K)->1387K(34944K)
[105.253s][info][gc,heap        ] GC(980) Tenured: 45465K(699072K)->45465K(699072K)
[105.253s][info][gc,metaspace   ] GC(980) Metaspace: 72926K(73664K)->72926K(73664K) NonClass: 58349K(58560K)->58349K(58560K) Class: 14577K(15104K)->14577K(15104K)
[105.253s][info][gc             ] GC(980) Pause Young (Allocation Failure) 318M->45M(989M) 8.268ms
[105.253s][info][gc,cpu         ] GC(980) User=0.00s Sys=0.00s Real=0.00s
[105.324s][info][gc,start       ] GC(981) Pause Young (Allocation Failure)
[105.334s][info][gc,heap        ] GC(981) DefNew: 281003K(314560K)->1425K(314560K) Eden: 279616K(279616K)->0K(279616K) From: 1387K(34944K)->1425K(34944K)
[105.334s][info][gc,heap        ] GC(981) Tenured: 45465K(699072K)->45465K(699072K)
[105.334s][info][gc,metaspace   ] GC(981) Metaspace: 72926K(73664K)->72926K(73664K) NonClass: 58349K(58560K)->58349K(58560K) Class: 14577K(15104K)->14577K(15104K)
[105.334s][info][gc             ] GC(981) Pause Young (Allocation Failure) 318M->45M(989M) 9.314ms
[105.334s][info][gc,cpu         ] GC(981) User=0.00s Sys=0.00s Real=0.00s
[105.405s][info][gc,start       ] GC(982) Pause Young (Allocation Failure)
[105.414s][info][gc,heap        ] GC(982) DefNew: 281041K(314560K)->1483K(314560K) Eden: 279616K(279616K)->0K(279616K) From: 1425K(34944K)->1483K(34944K)
[105.414s][info][gc,heap        ] GC(982) Tenured: 45465K(699072K)->45465K(699072K)
[105.414s][info][gc,metaspace   ] GC(982) Metaspace: 72926K(73664K)->72926K(73664K) NonClass: 58349K(58560K)->58349K(58560K) Class: 14577K(15104K)->14577K(15104K)
[105.414s][info][gc             ] GC(982) Pause Young (Allocation Failure) 318M->45M(989M) 9.087ms
[105.414s][info][gc,cpu         ] GC(982) User=0.00s Sys=0.00s Real=0.00s
[105.485s][info][gc,start       ] GC(983) Pause Young (Allocation Failure)
[105.493s][info][gc,heap        ] GC(983) DefNew: 281099K(314560K)->1425K(314560K) Eden: 279616K(279616K)->0K(279616K) From: 1483K(34944K)->1425K(34944K)
[105.493s][info][gc,heap        ] GC(983) Tenured: 45465K(699072K)->45465K(699072K)
[105.493s][info][gc,metaspace   ] GC(983) Metaspace: 72926K(73664K)->72926K(73664K) NonClass: 58349K(58560K)->58349K(58560K) Class: 14577K(15104K)->14577K(15104K)
[105.493s][info][gc             ] GC(983) Pause Young (Allocation Failure) 318M->45M(989M) 8.370ms
[105.493s][info][gc,cpu         ] GC(983) User=0.00s Sys=0.00s Real=0.00s
[105.564s][info][gc,start       ] GC(984) Pause Young (Allocation Failure)
[105.572s][info][gc,heap        ] GC(984) DefNew: 281041K(314560K)->1412K(314560K) Eden: 279616K(279616K)->0K(279616K) From: 1425K(34944K)->1412K(34944K)
[105.572s][info][gc,heap        ] GC(984) Tenured: 45465K(699072K)->45465K(699072K)
[105.572s][info][gc,metaspace   ] GC(984) Metaspace: 72926K(73664K)->72926K(73664K) NonClass: 58349K(58560K)->58349K(58560K) Class: 14577K(15104K)->14577K(15104K)
[105.572s][info][gc             ] GC(984) Pause Young (Allocation Failure) 318M->45M(989M) 8.374ms
[105.572s][info][gc,cpu         ] GC(984) User=0.02s Sys=0.00s Real=0.01s
[105.643s][info][gc,start       ] GC(985) Pause Young (Allocation Failure)
[105.652s][info][gc,heap        ] GC(985) DefNew: 281028K(314560K)->1435K(314560K) Eden: 279616K(279616K)->0K(279616K) From: 1412K(34944K)->1435K(34944K)
[105.652s][info][gc,heap        ] GC(985) Tenured: 45465K(699072K)->45465K(699072K)
[105.652s][info][gc,metaspace   ] GC(985) Metaspace: 72926K(73664K)->72926K(73664K) NonClass: 58349K(58560K)->58349K(58560K) Class: 14577K(15104K)->14577K(15104K)
[105.652s][info][gc             ] GC(985) Pause Young (Allocation Failure) 318M->45M(989M) 8.400ms
[105.652s][info][gc,cpu         ] GC(985) User=0.00s Sys=0.00s Real=0.00s
[105.722s][info][gc,start       ] GC(986) Pause Young (Allocation Failure)
[105.730s][info][gc,heap        ] GC(986) DefNew: 281051K(314560K)->1363K(314560K) Eden: 279616K(279616K)->0K(279616K) From: 1435K(34944K)->1363K(34944K)
[105.730s][info][gc,heap        ] GC(986) Tenured: 45465K(699072K)->45465K(699072K)
[105.730s][info][gc,metaspace   ] GC(986) Metaspace: 72926K(73664K)->72926K(73664K) NonClass: 58349K(58560K)->58349K(58560K) Class: 14577K(15104K)->14577K(15104K)
[105.730s][info][gc             ] GC(986) Pause Young (Allocation Failure) 318M->45M(989M) 8.255ms
[105.730s][info][gc,cpu         ] GC(986) User=0.00s Sys=0.00s Real=0.00s
[105.801s][info][gc,start       ] GC(987) Pause Young (Allocation Failure)
[105.810s][info][gc,heap        ] GC(987) DefNew: 280979K(314560K)->1415K(314560K) Eden: 279616K(279616K)->0K(279616K) From: 1363K(34944K)->1415K(34944K)
[105.810s][info][gc,heap        ] GC(987) Tenured: 45465K(699072K)->45465K(699072K)
[105.810s][info][gc,metaspace   ] GC(987) Metaspace: 72926K(73664K)->72926K(73664K) NonClass: 58349K(58560K)->58349K(58560K) Class: 14577K(15104K)->14577K(15104K)
[105.810s][info][gc             ] GC(987) Pause Young (Allocation Failure) 318M->45M(989M) 8.557ms
[105.810s][info][gc,cpu         ] GC(987) User=0.00s Sys=0.00s Real=0.00s
[105.881s][info][gc,start       ] GC(988) Pause Young (Allocation Failure)
[105.890s][info][gc,heap        ] GC(988) DefNew: 281031K(314560K)->1493K(314560K) Eden: 279616K(279616K)->0K(279616K) From: 1415K(34944K)->1493K(34944K)
[105.890s][info][gc,heap        ] GC(988) Tenured: 45465K(699072K)->45465K(699072K)
[105.890s][info][gc,metaspace   ] GC(988) Metaspace: 72926K(73664K)->72926K(73664K) NonClass: 58349K(58560K)->58349K(58560K) Class: 14577K(15104K)->14577K(15104K)
[105.890s][info][gc             ] GC(988) Pause Young (Allocation Failure) 318M->45M(989M) 8.927ms
[105.890s][info][gc,cpu         ] GC(988) User=0.00s Sys=0.00s Real=0.00s
[105.961s][info][gc,start       ] GC(989) Pause Young (Allocation Failure)
[105.970s][info][gc,heap        ] GC(989) DefNew: 281109K(314560K)->1455K(314560K) Eden: 279616K(279616K)->0K(279616K) From: 1493K(34944K)->1455K(34944K)
[105.970s][info][gc,heap        ] GC(989) Tenured: 45465K(699072K)->45465K(699072K)
[105.970s][info][gc,metaspace   ] GC(989) Metaspace: 72926K(73664K)->72926K(73664K) NonClass: 58349K(58560K)->58349K(58560K) Class: 14577K(15104K)->14577K(15104K)
[105.970s][info][gc             ] GC(989) Pause Young (Allocation Failure) 318M->45M(989M) 8.542ms
[105.970s][info][gc,cpu         ] GC(989) User=0.00s Sys=0.00s Real=0.00s
[106.041s][info][gc,start       ] GC(990) Pause Young (Allocation Failure)
[106.050s][info][gc,heap        ] GC(990) DefNew: 281071K(314560K)->1535K(314560K) Eden: 279616K(279616K)->0K(279616K) From: 1455K(34944K)->1535K(34944K)
[106.050s][info][gc,heap        ] GC(990) Tenured: 45465K(699072K)->45481K(699072K)
[106.050s][info][gc,metaspace   ] GC(990) Metaspace: 72926K(73664K)->72926K(73664K) NonClass: 58349K(58560K)->58349K(58560K) Class: 14577K(15104K)->14577K(15104K)
[106.050s][info][gc             ] GC(990) Pause Young (Allocation Failure) 318M->45M(989M) 9.087ms
[106.050s][info][gc,cpu         ] GC(990) User=0.00s Sys=0.00s Real=0.00s
[106.121s][info][gc,start       ] GC(991) Pause Young (Allocation Failure)
[106.130s][info][gc,heap        ] GC(991) DefNew: 281151K(314560K)->1462K(314560K) Eden: 279616K(279616K)->0K(279616K) From: 1535K(34944K)->1462K(34944K)
[106.130s][info][gc,heap        ] GC(991) Tenured: 45481K(699072K)->45482K(699072K)
[106.130s][info][gc,metaspace   ] GC(991) Metaspace: 72929K(73664K)->72929K(73664K) NonClass: 58352K(58560K)->58352K(58560K) Class: 14577K(15104K)->14577K(15104K)
[106.130s][info][gc             ] GC(991) Pause Young (Allocation Failure) 318M->45M(989M) 8.612ms
[106.130s][info][gc,cpu         ] GC(991) User=0.00s Sys=0.00s Real=0.00s
[106.201s][info][gc,start       ] GC(992) Pause Young (Allocation Failure)
[106.209s][info][gc,heap        ] GC(992) DefNew: 281078K(314560K)->1470K(314560K) Eden: 279616K(279616K)->0K(279616K) From: 1462K(34944K)->1470K(34944K)
[106.209s][info][gc,heap        ] GC(992) Tenured: 45482K(699072K)->45482K(699072K)
[106.209s][info][gc,metaspace   ] GC(992) Metaspace: 72929K(73664K)->72929K(73664K) NonClass: 58352K(58560K)->58352K(58560K) Class: 14577K(15104K)->14577K(15104K)
[106.209s][info][gc             ] GC(992) Pause Young (Allocation Failure) 318M->45M(989M) 8.628ms
[106.209s][info][gc,cpu         ] GC(992) User=0.00s Sys=0.00s Real=0.00s
[106.281s][info][gc,start       ] GC(993) Pause Young (Allocation Failure)
[106.290s][info][gc,heap        ] GC(993) DefNew: 281086K(314560K)->1490K(314560K) Eden: 279616K(279616K)->0K(279616K) From: 1470K(34944K)->1490K(34944K)
[106.290s][info][gc,heap        ] GC(993) Tenured: 45482K(699072K)->45482K(699072K)
[106.290s][info][gc,metaspace   ] GC(993) Metaspace: 72929K(73664K)->72929K(73664K) NonClass: 58352K(58560K)->58352K(58560K) Class: 14577K(15104K)->14577K(15104K)
[106.290s][info][gc             ] GC(993) Pause Young (Allocation Failure) 318M->45M(989M) 8.957ms
[106.290s][info][gc,cpu         ] GC(993) User=0.00s Sys=0.00s Real=0.00s
[106.362s][info][gc,start       ] GC(994) Pause Young (Allocation Failure)
[106.371s][info][gc,heap        ] GC(994) DefNew: 281106K(314560K)->1496K(314560K) Eden: 279616K(279616K)->0K(279616K) From: 1490K(34944K)->1496K(34944K)
[106.371s][info][gc,heap        ] GC(994) Tenured: 45482K(699072K)->45482K(699072K)
[106.371s][info][gc,metaspace   ] GC(994) Metaspace: 72929K(73664K)->72929K(73664K) NonClass: 58352K(58560K)->58352K(58560K) Class: 14577K(15104K)->14577K(15104K)
[106.371s][info][gc             ] GC(994) Pause Young (Allocation Failure) 318M->45M(989M) 8.781ms
[106.371s][info][gc,cpu         ] GC(994) User=0.00s Sys=0.00s Real=0.00s
[106.443s][info][gc,start       ] GC(995) Pause Young (Allocation Failure)
[106.452s][info][gc,heap        ] GC(995) DefNew: 281112K(314560K)->1533K(314560K) Eden: 279616K(279616K)->0K(279616K) From: 1496K(34944K)->1533K(34944K)
[106.452s][info][gc,heap        ] GC(995) Tenured: 45482K(699072K)->45483K(699072K)
[106.452s][info][gc,metaspace   ] GC(995) Metaspace: 72929K(73664K)->72929K(73664K) NonClass: 58352K(58560K)->58352K(58560K) Class: 14577K(15104K)->14577K(15104K)
[106.452s][info][gc             ] GC(995) Pause Young (Allocation Failure) 318M->45M(989M) 9.283ms
[106.452s][info][gc,cpu         ] GC(995) User=0.00s Sys=0.00s Real=0.00s
[106.524s][info][gc,start       ] GC(996) Pause Young (Allocation Failure)
[106.532s][info][gc,heap        ] GC(996) DefNew: 281149K(314560K)->1441K(314560K) Eden: 279616K(279616K)->0K(279616K) From: 1533K(34944K)->1441K(34944K)
[106.532s][info][gc,heap        ] GC(996) Tenured: 45483K(699072K)->45483K(699072K)
[106.533s][info][gc,metaspace   ] GC(996) Metaspace: 72929K(73664K)->72929K(73664K) NonClass: 58352K(58560K)->58352K(58560K) Class: 14577K(15104K)->14577K(15104K)
[106.533s][info][gc             ] GC(996) Pause Young (Allocation Failure) 318M->45M(989M) 8.845ms
[106.533s][info][gc,cpu         ] GC(996) User=0.00s Sys=0.00s Real=0.00s
[106.605s][info][gc,start       ] GC(997) Pause Young (Allocation Failure)
[106.614s][info][gc,heap        ] GC(997) DefNew: 281057K(314560K)->1489K(314560K) Eden: 279616K(279616K)->0K(279616K) From: 1441K(34944K)->1489K(34944K)
[106.614s][info][gc,heap        ] GC(997) Tenured: 45483K(699072K)->45483K(699072K)
[106.614s][info][gc,metaspace   ] GC(997) Metaspace: 72929K(73664K)->72929K(73664K) NonClass: 58352K(58560K)->58352K(58560K) Class: 14577K(15104K)->14577K(15104K)
[106.614s][info][gc             ] GC(997) Pause Young (Allocation Failure) 318M->45M(989M) 9.126ms
[106.614s][info][gc,cpu         ] GC(997) User=0.00s Sys=0.00s Real=0.00s
[106.688s][info][gc,start       ] GC(998) Pause Young (Allocation Failure)
[106.696s][info][gc,heap        ] GC(998) DefNew: 281105K(314560K)->1467K(314560K) Eden: 279616K(279616K)->0K(279616K) From: 1489K(34944K)->1467K(34944K)
[106.696s][info][gc,heap        ] GC(998) Tenured: 45483K(699072K)->45483K(699072K)
[106.696s][info][gc,metaspace   ] GC(998) Metaspace: 72929K(73664K)->72929K(73664K) NonClass: 58352K(58560K)->58352K(58560K) Class: 14577K(15104K)->14577K(15104K)
[106.696s][info][gc             ] GC(998) Pause Young (Allocation Failure) 318M->45M(989M) 8.653ms
[106.696s][info][gc,cpu         ] GC(998) User=0.00s Sys=0.00s Real=0.00s
[106.771s][info][gc,start       ] GC(999) Pause Young (Allocation Failure)
[106.779s][info][gc,heap        ] GC(999) DefNew: 281083K(314560K)->1478K(314560K) Eden: 279616K(279616K)->0K(279616K) From: 1467K(34944K)->1478K(34944K)
[106.779s][info][gc,heap        ] GC(999) Tenured: 45483K(699072K)->45483K(699072K)
[106.779s][info][gc,metaspace   ] GC(999) Metaspace: 72929K(73664K)->72929K(73664K) NonClass: 58352K(58560K)->58352K(58560K) Class: 14577K(15104K)->14577K(15104K)
[106.779s][info][gc             ] GC(999) Pause Young (Allocation Failure) 318M->45M(989M) 8.020ms
[106.779s][info][gc,cpu         ] GC(999) User=0.00s Sys=0.00s Real=0.00s
[106.856s][info][gc,start       ] GC(1000) Pause Young (Allocation Failure)
[106.864s][info][gc,heap        ] GC(1000) DefNew: 281094K(314560K)->1398K(314560K) Eden: 279616K(279616K)->0K(279616K) From: 1478K(34944K)->1398K(34944K)
[106.864s][info][gc,heap        ] GC(1000) Tenured: 45483K(699072K)->45483K(699072K)
[106.864s][info][gc,metaspace   ] GC(1000) Metaspace: 72929K(73664K)->72929K(73664K) NonClass: 58352K(58560K)->58352K(58560K) Class: 14577K(15104K)->14577K(15104K)
[106.864s][info][gc             ] GC(1000) Pause Young (Allocation Failure) 318M->45M(989M) 8.220ms
[106.864s][info][gc,cpu         ] GC(1000) User=0.00s Sys=0.00s Real=0.00s
[106.946s][info][gc,start       ] GC(1001) Pause Young (Allocation Failure)
[106.953s][info][gc,heap        ] GC(1001) DefNew: 281014K(314560K)->1418K(314560K) Eden: 279616K(279616K)->0K(279616K) From: 1398K(34944K)->1418K(34944K)
[106.953s][info][gc,heap        ] GC(1001) Tenured: 45483K(699072K)->45483K(699072K)
[106.953s][info][gc,metaspace   ] GC(1001) Metaspace: 72929K(73664K)->72929K(73664K) NonClass: 58352K(58560K)->58352K(58560K) Class: 14577K(15104K)->14577K(15104K)
[106.953s][info][gc             ] GC(1001) Pause Young (Allocation Failure) 318M->45M(989M) 7.762ms
[106.953s][info][gc,cpu         ] GC(1001) User=0.00s Sys=0.00s Real=0.00s
[107.039s][info][gc,start       ] GC(1002) Pause Young (Allocation Failure)
[107.045s][info][gc,heap        ] GC(1002) DefNew: 281034K(314560K)->1408K(314560K) Eden: 279616K(279616K)->0K(279616K) From: 1418K(34944K)->1408K(34944K)
[107.045s][info][gc,heap        ] GC(1002) Tenured: 45483K(699072K)->45483K(699072K)
[107.046s][info][gc,metaspace   ] GC(1002) Metaspace: 72929K(73664K)->72929K(73664K) NonClass: 58352K(58560K)->58352K(58560K) Class: 14577K(15104K)->14577K(15104K)
[107.046s][info][gc             ] GC(1002) Pause Young (Allocation Failure) 318M->45M(989M) 6.721ms
[107.046s][info][gc,cpu         ] GC(1002) User=0.00s Sys=0.00s Real=0.00s
[107.143s][info][gc,start       ] GC(1003) Pause Young (Allocation Failure)
[107.150s][info][gc,heap        ] GC(1003) DefNew: 281024K(314560K)->1389K(314560K) Eden: 279616K(279616K)->0K(279616K) From: 1408K(34944K)->1389K(34944K)
[107.150s][info][gc,heap        ] GC(1003) Tenured: 45483K(699072K)->45521K(699072K)
[107.150s][info][gc,metaspace   ] GC(1003) Metaspace: 72929K(73664K)->72929K(73664K) NonClass: 58352K(58560K)->58352K(58560K) Class: 14577K(15104K)->14577K(15104K)
[107.150s][info][gc             ] GC(1003) Pause Young (Allocation Failure) 318M->45M(989M) 6.432ms
[107.150s][info][gc,cpu         ] GC(1003) User=0.02s Sys=0.00s Real=0.01s
[107.269s][info][gc,start       ] GC(1004) Pause Young (Allocation Failure)
[107.274s][info][gc,heap        ] GC(1004) DefNew: 281005K(314560K)->1334K(314560K) Eden: 279616K(279616K)->0K(279616K) From: 1389K(34944K)->1334K(34944K)
[107.274s][info][gc,heap        ] GC(1004) Tenured: 45521K(699072K)->45521K(699072K)
[107.274s][info][gc,metaspace   ] GC(1004) Metaspace: 72929K(73664K)->72929K(73664K) NonClass: 58352K(58560K)->58352K(58560K) Class: 14577K(15104K)->14577K(15104K)
[107.274s][info][gc             ] GC(1004) Pause Young (Allocation Failure) 318M->45M(989M) 5.573ms
[107.274s][info][gc,cpu         ] GC(1004) User=0.00s Sys=0.00s Real=0.00s
[107.433s][info][gc,start       ] GC(1005) Pause Young (Allocation Failure)
[107.438s][info][gc,heap        ] GC(1005) DefNew: 280950K(314560K)->1270K(314560K) Eden: 279616K(279616K)->0K(279616K) From: 1334K(34944K)->1270K(34944K)
[107.438s][info][gc,heap        ] GC(1005) Tenured: 45521K(699072K)->45554K(699072K)
[107.438s][info][gc,metaspace   ] GC(1005) Metaspace: 72929K(73664K)->72929K(73664K) NonClass: 58352K(58560K)->58352K(58560K) Class: 14577K(15104K)->14577K(15104K)
[107.438s][info][gc             ] GC(1005) Pause Young (Allocation Failure) 318M->45M(989M) 4.645ms
[107.438s][info][gc,cpu         ] GC(1005) User=0.02s Sys=0.00s Real=0.02s
[107.625s][info][gc,start       ] GC(1006) Pause Young (Allocation Failure)
[107.629s][info][gc,heap        ] GC(1006) DefNew: 280886K(314560K)->1263K(314560K) Eden: 279616K(279616K)->0K(279616K) From: 1270K(34944K)->1263K(34944K)
[107.629s][info][gc,heap        ] GC(1006) Tenured: 45554K(699072K)->45565K(699072K)
[107.629s][info][gc,metaspace   ] GC(1006) Metaspace: 72929K(73664K)->72929K(73664K) NonClass: 58352K(58560K)->58352K(58560K) Class: 14577K(15104K)->14577K(15104K)
[107.629s][info][gc             ] GC(1006) Pause Young (Allocation Failure) 318M->45M(989M) 4.039ms
[107.629s][info][gc,cpu         ] GC(1006) User=0.02s Sys=0.00s Real=0.01s
[107.815s][info][gc,start       ] GC(1007) Pause Young (Allocation Failure)
[107.818s][info][gc,heap        ] GC(1007) DefNew: 280879K(314560K)->1273K(314560K) Eden: 279616K(279616K)->0K(279616K) From: 1263K(34944K)->1273K(34944K)
[107.819s][info][gc,heap        ] GC(1007) Tenured: 45565K(699072K)->45565K(699072K)
[107.819s][info][gc,metaspace   ] GC(1007) Metaspace: 72929K(73664K)->72929K(73664K) NonClass: 58352K(58560K)->58352K(58560K) Class: 14577K(15104K)->14577K(15104K)
[107.819s][info][gc             ] GC(1007) Pause Young (Allocation Failure) 318M->45M(989M) 4.074ms
[107.819s][info][gc,cpu         ] GC(1007) User=0.00s Sys=0.00s Real=0.00s
[108.007s][info][gc,start       ] GC(1008) Pause Young (Allocation Failure)
[108.011s][info][gc,heap        ] GC(1008) DefNew: 280889K(314560K)->1190K(314560K) Eden: 279616K(279616K)->0K(279616K) From: 1273K(34944K)->1190K(34944K)
[108.011s][info][gc,heap        ] GC(1008) Tenured: 45565K(699072K)->45643K(699072K)
[108.011s][info][gc,metaspace   ] GC(1008) Metaspace: 72929K(73664K)->72929K(73664K) NonClass: 58352K(58560K)->58352K(58560K) Class: 14577K(15104K)->14577K(15104K)
[108.011s][info][gc             ] GC(1008) Pause Young (Allocation Failure) 318M->45M(989M) 4.182ms
[108.011s][info][gc,cpu         ] GC(1008) User=0.00s Sys=0.00s Real=0.00s
[108.196s][info][gc,start       ] GC(1009) Pause Young (Allocation Failure)
[108.200s][info][gc,heap        ] GC(1009) DefNew: 280806K(314560K)->1112K(314560K) Eden: 279616K(279616K)->0K(279616K) From: 1190K(34944K)->1112K(34944K)
[108.200s][info][gc,heap        ] GC(1009) Tenured: 45643K(699072K)->45693K(699072K)
[108.200s][info][gc,metaspace   ] GC(1009) Metaspace: 72929K(73664K)->72929K(73664K) NonClass: 58352K(58560K)->58352K(58560K) Class: 14577K(15104K)->14577K(15104K)
[108.200s][info][gc             ] GC(1009) Pause Young (Allocation Failure) 318M->45M(989M) 3.860ms
[108.200s][info][gc,cpu         ] GC(1009) User=0.00s Sys=0.00s Real=0.00s
[108.387s][info][gc,start       ] GC(1010) Pause Young (Allocation Failure)
[108.390s][info][gc,heap        ] GC(1010) DefNew: 280728K(314560K)->1152K(314560K) Eden: 279616K(279616K)->0K(279616K) From: 1112K(34944K)->1152K(34944K)
[108.391s][info][gc,heap        ] GC(1010) Tenured: 45693K(699072K)->45693K(699072K)
[108.391s][info][gc,metaspace   ] GC(1010) Metaspace: 72929K(73664K)->72929K(73664K) NonClass: 58352K(58560K)->58352K(58560K) Class: 14577K(15104K)->14577K(15104K)
[108.391s][info][gc             ] GC(1010) Pause Young (Allocation Failure) 318M->45M(989M) 3.762ms
[108.391s][info][gc,cpu         ] GC(1010) User=0.00s Sys=0.00s Real=0.00s
[108.575s][info][gc,start       ] GC(1011) Pause Young (Allocation Failure)
[108.579s][info][gc,heap        ] GC(1011) DefNew: 280768K(314560K)->1075K(314560K) Eden: 279616K(279616K)->0K(279616K) From: 1152K(34944K)->1075K(34944K)
[108.579s][info][gc,heap        ] GC(1011) Tenured: 45693K(699072K)->45745K(699072K)
[108.579s][info][gc,metaspace   ] GC(1011) Metaspace: 72929K(73664K)->72929K(73664K) NonClass: 58352K(58560K)->58352K(58560K) Class: 14577K(15104K)->14577K(15104K)
[108.579s][info][gc             ] GC(1011) Pause Young (Allocation Failure) 318M->45M(989M) 3.845ms
[108.579s][info][gc,cpu         ] GC(1011) User=0.02s Sys=0.00s Real=0.02s
[108.735s][info][gc,heap,exit   ] Heap
[108.735s][info][gc,heap,exit   ]  def new generation   total 314560K, used 189132K [0x00000000c0000000, 0x00000000d5550000, 0x00000000d5550000)
[108.735s][info][gc,heap,exit   ]   eden space 279616K,  67% used [0x00000000c0000000, 0x00000000cb7a6460, 0x00000000d1110000)
[108.735s][info][gc,heap,exit   ]   from space 34944K,   3% used [0x00000000d1110000, 0x00000000d121ce00, 0x00000000d3330000)
[108.736s][info][gc,heap,exit   ]   to   space 34944K,   0% used [0x00000000d3330000, 0x00000000d3330000, 0x00000000d5550000)
[108.736s][info][gc,heap,exit   ]  tenured generation   total 699072K, used 45745K [0x00000000d5550000, 0x0000000100000000, 0x0000000100000000)
[108.736s][info][gc,heap,exit   ]    the space 699072K,   6% used [0x00000000d5550000, 0x00000000d81fc630, 0x00000000d81fc800, 0x0000000100000000)
[108.736s][info][gc,heap,exit   ]  Metaspace       used 73019K, committed 73728K, reserved 1114112K
[108.736s][info][gc,heap,exit   ]   class space    used 14600K, committed 15104K, reserved 1048576K
