[0.018s][info][gc,init] Initializing The Z Garbage Collector
[0.018s][info][gc,init] Version: 20+36-2344 (release)
[0.018s][info][gc,init] NUMA Support: Disabled
[0.018s][info][gc,init] CPUs: 48 total, 48 available
[0.018s][info][gc,init] Memory: 391843M
[0.018s][info][gc,init] Large Page Support: Disabled
[0.018s][info][gc,init] GC Workers: 12 (dynamic)
[0.020s][info][gc,init] Address Space Type: Contiguous/Unrestricted/Complete
[0.020s][info][gc,init] Address Space Size: 32768M x 3 = 98304M
[0.020s][info][gc,init] Min Capacity: 8M
[0.020s][info][gc,init] Initial Capacity: 2048M
[0.031s][info][gc,init] Max Capacity: 2048M
[0.031s][info][gc,init] Medium Page Size: 32M
[0.031s][info][gc,init] Pre-touch: Disabled
[0.032s][info][gc,init] Uncommit: Enabled
[0.032s][info][gc,init] Uncommit Delay: 300s
[0.114s][info][gc,init] Runtime Workers: 20
[0.116s][info][gc     ] Using The Z Garbage Collector
[0.117s][info][gc,metaspace] CDS archive(s) mapped at: [0x0000000800000000-0x0000000800c60000-0x0000000800c60000), size 12976128, SharedBaseAddress: 0x0000000800000000, ArchiveRelocationMode: 0.
[0.117s][info][gc,metaspace] Compressed class space mapped at: 0x0000000801000000-0x0000000841000000, reserved size: 1073741824
[0.117s][info][gc,metaspace] Narrow klass base: 0x0000000800000000, Narrow klass shift: 0, Narrow klass range: 0x100000000
[5.193s][info][gc,start    ] GC(0) Garbage Collection (Metadata GC Threshold)
[5.193s][info][gc,task     ] GC(0) Using 12 workers
[5.193s][info][gc,phases   ] GC(0) Pause Mark Start 0.011ms
[5.208s][info][gc,phases   ] GC(0) Concurrent Mark 14.306ms
[5.208s][info][gc,phases   ] GC(0) Pause Mark End 0.015ms
[5.208s][info][gc,phases   ] GC(0) Concurrent Mark Free 0.001ms
[5.210s][info][gc,phases   ] GC(0) Concurrent Process Non-Strong References 1.810ms
[5.210s][info][gc,phases   ] GC(0) Concurrent Reset Relocation Set 0.001ms
[5.225s][info][gc,phases   ] GC(0) Concurrent Select Relocation Set 14.874ms
[5.225s][info][gc,phases   ] GC(0) Pause Relocate Start 0.007ms
[5.229s][info][gc,phases   ] GC(0) Concurrent Relocate 4.105ms
[5.229s][info][gc,load     ] GC(0) Load: 0.00/0.00/0.00
[5.229s][info][gc,mmu      ] GC(0) MMU: 2ms/99.3%, 5ms/99.7%, 10ms/99.9%, 20ms/99.9%, 50ms/99.9%, 100ms/100.0%
[5.229s][info][gc,marking  ] GC(0) Mark: 8 stripe(s), 4 proactive flush(es), 1 terminate flush(es), 0 completion(s), 0 continuation(s) 
[5.229s][info][gc,marking  ] GC(0) Mark Stack Usage: 32M
[5.229s][info][gc,nmethod  ] GC(0) NMethods: 1616 registered, 270 unregistered
[5.229s][info][gc,metaspace] GC(0) Metaspace: 21M used, 21M committed, 1088M reserved
[5.229s][info][gc,ref      ] GC(0) Soft: 3349 encountered, 0 discovered, 0 enqueued
[5.229s][info][gc,ref      ] GC(0) Weak: 1372 encountered, 629 discovered, 444 enqueued
[5.229s][info][gc,ref      ] GC(0) Final: 1 encountered, 0 discovered, 0 enqueued
[5.229s][info][gc,ref      ] GC(0) Phantom: 521 encountered, 445 discovered, 299 enqueued
[5.229s][info][gc,reloc    ] GC(0) Small Pages: 41 / 82M, Empty: 0M, Relocated: 6M, In-Place: 0
[5.229s][info][gc,reloc    ] GC(0) Medium Pages: 0 / 0M, Empty: 0M, Relocated: 0M, In-Place: 0
[5.229s][info][gc,reloc    ] GC(0) Large Pages: 0 / 0M, Empty: 0M, Relocated: 0M, In-Place: 0
[5.229s][info][gc,reloc    ] GC(0) Forwarding Usage: 2M
[5.229s][info][gc,heap     ] GC(0) Min Capacity: 8M(0%)
[5.229s][info][gc,heap     ] GC(0) Max Capacity: 2048M(100%)
[5.229s][info][gc,heap     ] GC(0) Soft Max Capacity: 2048M(100%)
[5.229s][info][gc,heap     ] GC(0)                Mark Start          Mark End        Relocate Start      Relocate End           High               Low         
[5.229s][info][gc,heap     ] GC(0)  Capacity:     2048M (100%)       2048M (100%)       2048M (100%)       2048M (100%)       2048M (100%)       2048M (100%)   
[5.229s][info][gc,heap     ] GC(0)      Free:     1966M (96%)        1964M (96%)        1962M (96%)        2016M (98%)        2016M (98%)        1942M (95%)    
[5.229s][info][gc,heap     ] GC(0)      Used:       82M (4%)           84M (4%)           86M (4%)           32M (2%)          106M (5%)           32M (2%)     
[5.230s][info][gc,heap     ] GC(0)      Live:         -                 9M (0%)            9M (0%)            9M (0%)             -                  -          
[5.230s][info][gc,heap     ] GC(0) Allocated:         -                 2M (0%)            4M (0%)            3M (0%)             -                  -          
[5.230s][info][gc,heap     ] GC(0)   Garbage:         -                72M (4%)           72M (4%)           19M (1%)             -                  -          
[5.230s][info][gc,heap     ] GC(0) Reclaimed:         -                  -                 0M (0%)           53M (3%)             -                  -          
[5.230s][info][gc          ] GC(0) Garbage Collection (Metadata GC Threshold) 82M(4%)->32M(2%)
[6.138s][info][gc,start    ] GC(1) Garbage Collection (System.gc())
[6.138s][info][gc,task     ] GC(1) Using 12 workers
[6.138s][info][gc,phases   ] GC(1) Pause Mark Start 0.015ms
[6.157s][info][gc,phases   ] GC(1) Concurrent Mark 18.342ms
[6.157s][info][gc,phases   ] GC(1) Pause Mark End 0.016ms
[6.157s][info][gc,phases   ] GC(1) Concurrent Mark Free 0.001ms
[6.159s][info][gc,phases   ] GC(1) Concurrent Process Non-Strong References 1.401ms
[6.159s][info][gc,phases   ] GC(1) Concurrent Reset Relocation Set 0.007ms
[6.166s][info][gc,phases   ] GC(1) Concurrent Select Relocation Set 7.036ms
[6.166s][info][gc,phases   ] GC(1) Pause Relocate Start 0.008ms
[6.169s][info][gc,phases   ] GC(1) Concurrent Relocate 3.000ms
[6.169s][info][gc,load     ] GC(1) Load: 0.00/0.00/0.00
[6.169s][info][gc,mmu      ] GC(1) MMU: 2ms/99.2%, 5ms/99.7%, 10ms/99.8%, 20ms/99.8%, 50ms/99.9%, 100ms/100.0%
[6.169s][info][gc,marking  ] GC(1) Mark: 8 stripe(s), 5 proactive flush(es), 3 terminate flush(es), 0 completion(s), 0 continuation(s) 
[6.169s][info][gc,marking  ] GC(1) Mark Stack Usage: 32M
[6.169s][info][gc,nmethod  ] GC(1) NMethods: 2324 registered, 380 unregistered
[6.169s][info][gc,metaspace] GC(1) Metaspace: 29M used, 30M committed, 1088M reserved
[6.169s][info][gc,ref      ] GC(1) Soft: 3578 encountered, 0 discovered, 0 enqueued
[6.169s][info][gc,ref      ] GC(1) Weak: 2249 encountered, 606 discovered, 509 enqueued
[6.169s][info][gc,ref      ] GC(1) Final: 193 encountered, 43 discovered, 0 enqueued
[6.169s][info][gc,ref      ] GC(1) Phantom: 515 encountered, 474 discovered, 290 enqueued
[6.170s][info][gc,reloc    ] GC(1) Small Pages: 39 / 78M, Empty: 0M, Relocated: 10M, In-Place: 0
[6.170s][info][gc,reloc    ] GC(1) Medium Pages: 0 / 0M, Empty: 0M, Relocated: 0M, In-Place: 0
[6.170s][info][gc,reloc    ] GC(1) Large Pages: 0 / 0M, Empty: 0M, Relocated: 0M, In-Place: 0
[6.170s][info][gc,reloc    ] GC(1) Forwarding Usage: 3M
[6.170s][info][gc,heap     ] GC(1) Min Capacity: 8M(0%)
[6.170s][info][gc,heap     ] GC(1) Max Capacity: 2048M(100%)
[6.170s][info][gc,heap     ] GC(1) Soft Max Capacity: 2048M(100%)
[6.170s][info][gc,heap     ] GC(1)                Mark Start          Mark End        Relocate Start      Relocate End           High               Low         
[6.170s][info][gc,heap     ] GC(1)  Capacity:     2048M (100%)       2048M (100%)       2048M (100%)       2048M (100%)       2048M (100%)       2048M (100%)   
[6.170s][info][gc,heap     ] GC(1)      Free:     1970M (96%)        1968M (96%)        1968M (96%)        2014M (98%)        2014M (98%)        1946M (95%)    
[6.170s][info][gc,heap     ] GC(1)      Used:       78M (4%)           80M (4%)           80M (4%)           34M (2%)          102M (5%)           34M (2%)     
[6.170s][info][gc,heap     ] GC(1)      Live:         -                15M (1%)           15M (1%)           15M (1%)             -                  -          
[6.170s][info][gc,heap     ] GC(1) Allocated:         -                 2M (0%)            2M (0%)            2M (0%)             -                  -          
[6.170s][info][gc,heap     ] GC(1)   Garbage:         -                62M (3%)           62M (3%)           16M (1%)             -                  -          
[6.172s][info][gc,heap     ] GC(1) Reclaimed:         -                  -                 0M (0%)           46M (2%)             -                  -          
[6.172s][info][gc          ] GC(1) Garbage Collection (System.gc()) 78M(4%)->34M(2%)
[7.385s][info][gc,start    ] GC(2) Garbage Collection (Metadata GC Threshold)
[7.385s][info][gc,task     ] GC(2) Using 12 workers
[7.385s][info][gc,phases   ] GC(2) Pause Mark Start 0.010ms
[7.418s][info][gc,phases   ] GC(2) Concurrent Mark 32.977ms
[7.418s][info][gc,phases   ] GC(2) Pause Mark End 0.023ms
[7.419s][info][gc,phases   ] GC(2) Concurrent Mark Free 0.001ms
[7.439s][info][gc,phases   ] GC(2) Concurrent Process Non-Strong References 20.611ms
[7.439s][info][gc,phases   ] GC(2) Concurrent Reset Relocation Set 0.006ms
[7.447s][info][gc,phases   ] GC(2) Concurrent Select Relocation Set 7.417ms
[7.447s][info][gc,phases   ] GC(2) Pause Relocate Start 0.010ms
[7.455s][info][gc,phases   ] GC(2) Concurrent Relocate 8.178ms
[7.455s][info][gc,load     ] GC(2) Load: 0.00/0.00/0.00
[7.455s][info][gc,mmu      ] GC(2) MMU: 2ms/98.9%, 5ms/99.5%, 10ms/99.8%, 20ms/99.8%, 50ms/99.9%, 100ms/100.0%
[7.455s][info][gc,marking  ] GC(2) Mark: 8 stripe(s), 2 proactive flush(es), 1 terminate flush(es), 0 completion(s), 0 continuation(s) 
[7.455s][info][gc,marking  ] GC(2) Mark Stack Usage: 32M
[7.455s][info][gc,nmethod  ] GC(2) NMethods: 3473 registered, 256 unregistered
[7.455s][info][gc,metaspace] GC(2) Metaspace: 49M used, 51M committed, 1088M reserved
[7.455s][info][gc,ref      ] GC(2) Soft: 3653 encountered, 0 discovered, 0 enqueued
[7.455s][info][gc,ref      ] GC(2) Weak: 8679 encountered, 6321 discovered, 5422 enqueued
[7.455s][info][gc,ref      ] GC(2) Final: 193 encountered, 0 discovered, 0 enqueued
[7.455s][info][gc,ref      ] GC(2) Phantom: 5598 encountered, 5521 discovered, 5372 enqueued
[7.455s][info][gc,reloc    ] GC(2) Small Pages: 94 / 188M, Empty: 0M, Relocated: 17M, In-Place: 0
[7.455s][info][gc,reloc    ] GC(2) Medium Pages: 0 / 0M, Empty: 0M, Relocated: 0M, In-Place: 0
[7.456s][info][gc,reloc    ] GC(2) Large Pages: 0 / 0M, Empty: 0M, Relocated: 0M, In-Place: 0
[7.456s][info][gc,reloc    ] GC(2) Forwarding Usage: 6M
[7.456s][info][gc,heap     ] GC(2) Min Capacity: 8M(0%)
[7.456s][info][gc,heap     ] GC(2) Max Capacity: 2048M(100%)
[7.456s][info][gc,heap     ] GC(2) Soft Max Capacity: 2048M(100%)
[7.456s][info][gc,heap     ] GC(2)                Mark Start          Mark End        Relocate Start      Relocate End           High               Low         
[7.456s][info][gc,heap     ] GC(2)  Capacity:     2048M (100%)       2048M (100%)       2048M (100%)       2048M (100%)       2048M (100%)       2048M (100%)   
[7.456s][info][gc,heap     ] GC(2)      Free:     1860M (91%)        1846M (90%)        1846M (90%)        2000M (98%)        2000M (98%)        1824M (89%)    
[7.456s][info][gc,heap     ] GC(2)      Used:      188M (9%)          202M (10%)         202M (10%)          48M (2%)          224M (11%)          48M (2%)     
[7.456s][info][gc,heap     ] GC(2)      Live:         -                21M (1%)           21M (1%)           21M (1%)             -                  -          
[7.456s][info][gc,heap     ] GC(2) Allocated:         -                14M (1%)           14M (1%)           14M (1%)             -                  -          
[7.456s][info][gc,heap     ] GC(2)   Garbage:         -               166M (8%)          166M (8%)           11M (1%)             -                  -          
[7.456s][info][gc,heap     ] GC(2) Reclaimed:         -                  -                 0M (0%)          154M (8%)             -                  -          
[7.456s][info][gc          ] GC(2) Garbage Collection (Metadata GC Threshold) 188M(9%)->48M(2%)
[8.554s][info][gc,start    ] GC(3) Garbage Collection (Warmup)
[8.554s][info][gc,task     ] GC(3) Using 12 workers
[8.555s][info][gc,phases   ] GC(3) Pause Mark Start 0.016ms
[8.613s][info][gc,phases   ] GC(3) Concurrent Mark 58.396ms
[8.614s][info][gc,phases   ] GC(3) Pause Mark End 0.024ms
[8.614s][info][gc,phases   ] GC(3) Concurrent Mark Free 0.001ms
[8.630s][info][gc,phases   ] GC(3) Concurrent Process Non-Strong References 15.440ms
[8.630s][info][gc,phases   ] GC(3) Concurrent Reset Relocation Set 0.015ms
[8.633s][info][gc,phases   ] GC(3) Concurrent Select Relocation Set 2.880ms
[8.633s][info][gc,phases   ] GC(3) Pause Relocate Start 0.007ms
[8.640s][info][gc,phases   ] GC(3) Concurrent Relocate 7.475ms
[8.641s][info][gc,load     ] GC(3) Load: 0.00/0.00/0.00
[8.641s][info][gc,mmu      ] GC(3) MMU: 2ms/98.8%, 5ms/99.5%, 10ms/99.8%, 20ms/99.8%, 50ms/99.9%, 100ms/100.0%
[8.641s][info][gc,marking  ] GC(3) Mark: 8 stripe(s), 3 proactive flush(es), 1 terminate flush(es), 0 completion(s), 0 continuation(s) 
[8.641s][info][gc,marking  ] GC(3) Mark Stack Usage: 32M
[8.641s][info][gc,nmethod  ] GC(3) NMethods: 5000 registered, 533 unregistered
[8.641s][info][gc,metaspace] GC(3) Metaspace: 66M used, 67M committed, 1088M reserved
[8.641s][info][gc,ref      ] GC(3) Soft: 3737 encountered, 0 discovered, 0 enqueued
[8.641s][info][gc,ref      ] GC(3) Weak: 15038 encountered, 6026 discovered, 4606 enqueued
[8.641s][info][gc,ref      ] GC(3) Final: 289 encountered, 8 discovered, 0 enqueued
[8.641s][info][gc,ref      ] GC(3) Phantom: 4967 encountered, 4850 discovered, 4590 enqueued
[8.641s][info][gc,reloc    ] GC(3) Small Pages: 104 / 208M, Empty: 0M, Relocated: 27M, In-Place: 0
[8.641s][info][gc,reloc    ] GC(3) Medium Pages: 0 / 0M, Empty: 0M, Relocated: 0M, In-Place: 0
[8.641s][info][gc,reloc    ] GC(3) Large Pages: 0 / 0M, Empty: 0M, Relocated: 0M, In-Place: 0
[8.641s][info][gc,reloc    ] GC(3) Forwarding Usage: 4M
[8.641s][info][gc,heap     ] GC(3) Min Capacity: 8M(0%)
[8.641s][info][gc,heap     ] GC(3) Max Capacity: 2048M(100%)
[8.641s][info][gc,heap     ] GC(3) Soft Max Capacity: 2048M(100%)
[8.641s][info][gc,heap     ] GC(3)                Mark Start          Mark End        Relocate Start      Relocate End           High               Low         
[8.641s][info][gc,heap     ] GC(3)  Capacity:     2048M (100%)       2048M (100%)       2048M (100%)       2048M (100%)       2048M (100%)       2048M (100%)   
[8.641s][info][gc,heap     ] GC(3)      Free:     1840M (90%)        1826M (89%)        1824M (89%)        1958M (96%)        1958M (96%)        1800M (88%)    
[8.641s][info][gc,heap     ] GC(3)      Used:      208M (10%)         222M (11%)         224M (11%)          90M (4%)          248M (12%)          90M (4%)     
[8.641s][info][gc,heap     ] GC(3)      Live:         -                50M (2%)           50M (2%)           50M (2%)             -                  -          
[8.641s][info][gc,heap     ] GC(3) Allocated:         -                14M (1%)           16M (1%)           17M (1%)             -                  -          
[8.641s][info][gc,heap     ] GC(3)   Garbage:         -               157M (8%)          157M (8%)           22M (1%)             -                  -          
[8.641s][info][gc,heap     ] GC(3) Reclaimed:         -                  -                 0M (0%)          135M (7%)             -                  -          
[8.641s][info][gc          ] GC(3) Garbage Collection (Warmup) 208M(10%)->90M(4%)
[9.454s][info][gc,start    ] GC(4) Garbage Collection (Warmup)
[9.454s][info][gc,task     ] GC(4) Using 12 workers
[9.454s][info][gc,phases   ] GC(4) Pause Mark Start 0.012ms
[9.546s][info][gc,phases   ] GC(4) Concurrent Mark 90.809ms
[9.546s][info][gc,phases   ] GC(4) Pause Mark End 0.037ms
[9.731s][info][gc,phases   ] GC(4) Concurrent Mark Free 0.003ms
[9.755s][info][gc,phases   ] GC(4) Concurrent Process Non-Strong References 24.525ms
[9.755s][info][gc,phases   ] GC(4) Concurrent Reset Relocation Set 0.042ms
[9.762s][info][gc,phases   ] GC(4) Concurrent Select Relocation Set 6.411ms
[9.762s][info][gc,phases   ] GC(4) Pause Relocate Start 0.012ms
[9.772s][info][gc,phases   ] GC(4) Concurrent Relocate 8.697ms
[9.772s][info][gc,load     ] GC(4) Load: 0.00/0.00/0.00
[9.772s][info][gc,mmu      ] GC(4) MMU: 2ms/98.2%, 5ms/99.3%, 10ms/99.6%, 20ms/99.8%, 50ms/99.9%, 100ms/100.0%
[9.772s][info][gc,marking  ] GC(4) Mark: 8 stripe(s), 3 proactive flush(es), 1 terminate flush(es), 0 completion(s), 0 continuation(s) 
[9.772s][info][gc,marking  ] GC(4) Mark Stack Usage: 32M
[9.772s][info][gc,nmethod  ] GC(4) NMethods: 7742 registered, 816 unregistered
[9.773s][info][gc,metaspace] GC(4) Metaspace: 69M used, 70M committed, 1088M reserved
[9.773s][info][gc,ref      ] GC(4) Soft: 3815 encountered, 0 discovered, 0 enqueued
[9.773s][info][gc,ref      ] GC(4) Weak: 11230 encountered, 1697 discovered, 649 enqueued
[9.773s][info][gc,ref      ] GC(4) Final: 289 encountered, 1 discovered, 0 enqueued
[9.773s][info][gc,ref      ] GC(4) Phantom: 1060 encountered, 927 discovered, 635 enqueued
[9.773s][info][gc,reloc    ] GC(4) Small Pages: 238 / 476M, Empty: 2M, Relocated: 11M, In-Place: 0
[9.773s][info][gc,reloc    ] GC(4) Medium Pages: 0 / 0M, Empty: 0M, Relocated: 0M, In-Place: 0
[9.773s][info][gc,reloc    ] GC(4) Large Pages: 0 / 0M, Empty: 0M, Relocated: 0M, In-Place: 0
[9.773s][info][gc,reloc    ] GC(4) Forwarding Usage: 2M
[9.773s][info][gc,heap     ] GC(4) Min Capacity: 8M(0%)
[9.773s][info][gc,heap     ] GC(4) Max Capacity: 2048M(100%)
[9.773s][info][gc,heap     ] GC(4) Soft Max Capacity: 2048M(100%)
[9.773s][info][gc,heap     ] GC(4)                Mark Start          Mark End        Relocate Start      Relocate End           High               Low         
[9.773s][info][gc,heap     ] GC(4)  Capacity:     2048M (100%)       2048M (100%)       2048M (100%)       2048M (100%)       2048M (100%)       2048M (100%)   
[9.773s][info][gc,heap     ] GC(4)      Free:     1572M (77%)        1496M (73%)        1290M (63%)        1688M (82%)        1688M (82%)        1268M (62%)    
[9.773s][info][gc,heap     ] GC(4)      Used:      476M (23%)         552M (27%)         758M (37%)         360M (18%)         780M (38%)         360M (18%)    
[9.773s][info][gc,heap     ] GC(4)      Live:         -                51M (3%)           51M (3%)           51M (3%)             -                  -          
[9.773s][info][gc,heap     ] GC(4) Allocated:         -                76M (4%)          284M (14%)         287M (14%)            -                  -          
[9.773s][info][gc,heap     ] GC(4)   Garbage:         -               424M (21%)         422M (21%)          20M (1%)             -                  -          
[9.773s][info][gc,heap     ] GC(4) Reclaimed:         -                  -                 2M (0%)          403M (20%)            -                  -          
[9.773s][info][gc          ] GC(4) Garbage Collection (Warmup) 476M(23%)->360M(18%)
[9.855s][info][gc,start    ] GC(5) Garbage Collection (Allocation Rate)
[9.855s][info][gc,task     ] GC(5) Using 12 workers
[9.855s][info][gc,phases   ] GC(5) Pause Mark Start 0.010ms
[9.894s][info][gc,phases   ] GC(5) Concurrent Mark 36.942ms
[9.894s][info][gc,phases   ] GC(5) Pause Mark End 0.032ms
[9.979s][info][gc,phases   ] GC(5) Concurrent Mark Free 0.004ms
[9.983s][info][gc,phases   ] GC(5) Concurrent Process Non-Strong References 4.496ms
[9.983s][info][gc,phases   ] GC(5) Concurrent Reset Relocation Set 0.064ms
[9.989s][info][gc,phases   ] GC(5) Concurrent Select Relocation Set 6.069ms
[9.990s][info][gc,phases   ] GC(5) Pause Relocate Start 0.009ms
[9.995s][info][gc,phases   ] GC(5) Concurrent Relocate 4.557ms
[9.995s][info][gc,load     ] GC(5) Load: 0.00/0.00/0.00
[9.995s][info][gc,mmu      ] GC(5) MMU: 2ms/98.2%, 5ms/99.3%, 10ms/99.6%, 20ms/99.8%, 50ms/99.9%, 100ms/100.0%
[9.995s][info][gc,marking  ] GC(5) Mark: 8 stripe(s), 6 proactive flush(es), 1 terminate flush(es), 0 completion(s), 0 continuation(s) 
[9.995s][info][gc,marking  ] GC(5) Mark Stack Usage: 32M
[9.995s][info][gc,nmethod  ] GC(5) NMethods: 7702 registered, 890 unregistered
[9.995s][info][gc,metaspace] GC(5) Metaspace: 69M used, 70M committed, 1088M reserved
[9.995s][info][gc,ref      ] GC(5) Soft: 3815 encountered, 0 discovered, 0 enqueued
[9.995s][info][gc,ref      ] GC(5) Weak: 10581 encountered, 1287 discovered, 0 enqueued
[9.995s][info][gc,ref      ] GC(5) Final: 289 encountered, 0 discovered, 0 enqueued
[9.995s][info][gc,ref      ] GC(5) Phantom: 425 encountered, 287 discovered, 0 enqueued
[9.995s][info][gc,reloc    ] GC(5) Small Pages: 222 / 444M, Empty: 80M, Relocated: 6M, In-Place: 0
[9.995s][info][gc,reloc    ] GC(5) Medium Pages: 0 / 0M, Empty: 0M, Relocated: 0M, In-Place: 0
[9.995s][info][gc,reloc    ] GC(5) Large Pages: 0 / 0M, Empty: 0M, Relocated: 0M, In-Place: 0
[9.995s][info][gc,reloc    ] GC(5) Forwarding Usage: 1M
[9.995s][info][gc,heap     ] GC(5) Min Capacity: 8M(0%)
[9.995s][info][gc,heap     ] GC(5) Max Capacity: 2048M(100%)
[9.995s][info][gc,heap     ] GC(5) Soft Max Capacity: 2048M(100%)
[9.995s][info][gc,heap     ] GC(5)                Mark Start          Mark End        Relocate Start      Relocate End           High               Low         
[9.995s][info][gc,heap     ] GC(5)  Capacity:     2048M (100%)       2048M (100%)       2048M (100%)       2048M (100%)       2048M (100%)       2048M (100%)   
[9.995s][info][gc,heap     ] GC(5)      Free:     1604M (78%)        1554M (76%)        1536M (75%)        1820M (89%)        1820M (89%)        1456M (71%)    
[9.995s][info][gc,heap     ] GC(5)      Used:      444M (22%)         494M (24%)         512M (25%)         228M (11%)         592M (29%)         228M (11%)    
[9.995s][info][gc,heap     ] GC(5)      Live:         -                51M (3%)           51M (3%)           51M (3%)             -                  -          
[9.995s][info][gc,heap     ] GC(5) Allocated:         -                50M (2%)          148M (7%)          149M (7%)             -                  -          
[9.995s][info][gc,heap     ] GC(5)   Garbage:         -               392M (19%)         312M (15%)          26M (1%)             -                  -          
[9.995s][info][gc,heap     ] GC(5) Reclaimed:         -                  -                80M (4%)          365M (18%)            -                  -          
[9.995s][info][gc          ] GC(5) Garbage Collection (Allocation Rate) 444M(22%)->228M(11%)
[10.154s][info][gc,stats    ] === Garbage Collection Statistics =======================================================================================================================
[10.155s][info][gc,stats    ]                                                              Last 10s              Last 10m              Last 10h                Total
[10.155s][info][gc,stats    ]                                                              Avg / Max             Avg / Max             Avg / Max             Avg / Max
[10.155s][info][gc,stats    ]   Collector: Garbage Collection Cycle                    113.852 / 318.332     113.852 / 318.332     113.852 / 318.332     113.852 / 318.332     ms
[10.155s][info][gc,stats    ]  Contention: Mark Segment Reset Contention                     2 / 12                2 / 12                2 / 12                2 / 12          ops/s
[10.155s][info][gc,stats    ]  Contention: Mark SeqNum Reset Contention                      0 / 5                 0 / 5                 0 / 5                 0 / 5           ops/s
[10.155s][info][gc,stats    ]    Critical: Allocation Stall                                  0 / 0                 0 / 0                 0 / 0                 0 / 0           ops/s
[10.155s][info][gc,stats    ]    Critical: Allocation Stall                              0.000 / 0.000         0.000 / 0.000         0.000 / 0.000         0.000 / 0.000       ms
[10.155s][info][gc,stats    ]    Critical: GC Locker Stall                                   0 / 0                 0 / 0                 0 / 0                 0 / 0           ops/s
[10.155s][info][gc,stats    ]    Critical: GC Locker Stall                               0.000 / 0.000         0.000 / 0.000         0.000 / 0.000         0.000 / 0.000       ms
[10.155s][info][gc,stats    ]    Critical: Relocation Stall                                  0 / 0                 0 / 0                 0 / 0                 0 / 0           ops/s
[10.155s][info][gc,stats    ]    Critical: Relocation Stall                              0.000 / 0.000         0.000 / 0.000         0.000 / 0.000         0.000 / 0.000       ms
[10.155s][info][gc,stats    ]      Memory: Allocation Rate                                 179 / 1094            179 / 1094            179 / 1094            179 / 1094        MB/s
[10.155s][info][gc,stats    ]      Memory: Defragment                                        0 / 0                 0 / 0                 0 / 0                 0 / 0           ops/s
[10.155s][info][gc,stats    ]      Memory: Out Of Memory                                     0 / 0                 0 / 0                 0 / 0                 0 / 0           ops/s
[10.155s][info][gc,stats    ]      Memory: Page Cache Flush                                  0 / 0                 0 / 0                 0 / 0                 0 / 0           MB/s
[10.155s][info][gc,stats    ]      Memory: Page Cache Hit L1                                59 / 314              59 / 314              59 / 314              59 / 314         ops/s
[10.155s][info][gc,stats    ]      Memory: Page Cache Hit L2                                 0 / 0                 0 / 0                 0 / 0                 0 / 0           ops/s
[10.155s][info][gc,stats    ]      Memory: Page Cache Hit L3                                39 / 257              39 / 257              39 / 257              39 / 257         ops/s
[10.155s][info][gc,stats    ]      Memory: Page Cache Miss                                   0 / 1                 0 / 1                 0 / 1                 0 / 1           ops/s
[10.155s][info][gc,stats    ]      Memory: Uncommit                                          0 / 0                 0 / 0                 0 / 0                 0 / 0           MB/s
[10.155s][info][gc,stats    ]      Memory: Undo Object Allocation Failed                    40 / 185              40 / 185              40 / 185              40 / 185         ops/s
[10.155s][info][gc,stats    ]      Memory: Undo Object Allocation Succeeded                 11 / 71               11 / 71               11 / 71               11 / 71          ops/s
[10.155s][info][gc,stats    ]      Memory: Undo Page Allocation                             11 / 90               11 / 90               11 / 90               11 / 90          ops/s
[10.155s][info][gc,stats    ]       Phase: Concurrent Mark                              41.962 / 90.809       41.962 / 90.809       41.962 / 90.809       41.962 / 90.809      ms
[10.155s][info][gc,stats    ]       Phase: Concurrent Mark Continue                      0.000 / 0.000         0.000 / 0.000         0.000 / 0.000         0.000 / 0.000       ms
[10.155s][info][gc,stats    ]       Phase: Concurrent Mark Free                          0.002 / 0.004         0.002 / 0.004         0.002 / 0.004         0.002 / 0.004       ms
[10.155s][info][gc,stats    ]       Phase: Concurrent Process Non-Strong References     11.380 / 24.525       11.380 / 24.525       11.380 / 24.525       11.380 / 24.525      ms
[10.155s][info][gc,stats    ]       Phase: Concurrent Relocate                           6.002 / 8.697         6.002 / 8.697         6.002 / 8.697         6.002 / 8.697       ms
[10.155s][info][gc,stats    ]       Phase: Concurrent Reset Relocation Set               0.023 / 0.064         0.023 / 0.064         0.023 / 0.064         0.023 / 0.064       ms
[10.155s][info][gc,stats    ]       Phase: Concurrent Select Relocation Set              7.448 / 14.874        7.448 / 14.874        7.448 / 14.874        7.448 / 14.874      ms
[10.155s][info][gc,stats    ]       Phase: Pause Mark End                                0.024 / 0.037         0.024 / 0.037         0.024 / 0.037         0.024 / 0.037       ms
[10.155s][info][gc,stats    ]       Phase: Pause Mark Start                              0.012 / 0.016         0.012 / 0.016         0.012 / 0.016         0.012 / 0.016       ms
[10.155s][info][gc,stats    ]       Phase: Pause Relocate Start                          0.009 / 0.012         0.009 / 0.012         0.009 / 0.012         0.009 / 0.012       ms
[10.155s][info][gc,stats    ]    Subphase: Concurrent Classes Purge                      1.602 / 3.771         1.602 / 3.771         1.602 / 3.771         1.602 / 3.771       ms
[10.155s][info][gc,stats    ]    Subphase: Concurrent Classes Unlink                     8.265 / 17.191        8.265 / 17.191        8.265 / 17.191        8.265 / 17.191      ms
[10.155s][info][gc,stats    ]    Subphase: Concurrent Mark                              25.886 / 50.804       25.886 / 50.804       25.886 / 50.804       25.886 / 50.804      ms
[10.155s][info][gc,stats    ]    Subphase: Concurrent Mark Try Flush                     1.139 / 18.835        1.139 / 18.835        1.139 / 18.835        1.139 / 18.835      ms
[10.156s][info][gc,stats    ]    Subphase: Concurrent Mark Try Terminate                 1.762 / 3.102         1.762 / 3.102         1.762 / 3.102         1.762 / 3.102       ms
[10.156s][info][gc,stats    ]    Subphase: Concurrent References Enqueue                 0.005 / 0.014         0.005 / 0.014         0.005 / 0.014         0.005 / 0.014       ms
[10.156s][info][gc,stats    ]    Subphase: Concurrent References Process                 0.402 / 1.049         0.402 / 1.049         0.402 / 1.049         0.402 / 1.049       ms
[10.156s][info][gc,stats    ]    Subphase: Concurrent Roots ClassLoaderDataGraph         0.103 / 0.889         0.103 / 0.889         0.103 / 0.889         0.103 / 0.889       ms
[10.156s][info][gc,stats    ]    Subphase: Concurrent Roots CodeCache                    0.000 / 0.000         0.000 / 0.000         0.000 / 0.000         0.000 / 0.000       ms
[10.156s][info][gc,stats    ]    Subphase: Concurrent Roots JavaThreads                 13.297 / 39.863       13.297 / 39.863       13.297 / 39.863       13.297 / 39.863      ms
[10.156s][info][gc,stats    ]    Subphase: Concurrent Roots OopStorageSet                0.093 / 0.928         0.093 / 0.928         0.093 / 0.928         0.093 / 0.928       ms
[10.156s][info][gc,stats    ]    Subphase: Concurrent Weak Roots OopStorageSet           0.308 / 0.446         0.308 / 0.446         0.308 / 0.446         0.308 / 0.446       ms
[10.156s][info][gc,stats    ]    Subphase: Pause Mark Try Complete                       0.000 / 0.000         0.000 / 0.000         0.000 / 0.000         0.000 / 0.000       ms
[10.156s][info][gc,stats    ]      System: Java Threads                                    114 / 176             114 / 176             114 / 176             114 / 176         threads
[10.156s][info][gc,stats    ] =========================================================================================================================================================
[10.255s][info][gc,start    ] GC(6) Garbage Collection (Allocation Rate)
[10.255s][info][gc,task     ] GC(6) Using 12 workers
[10.255s][info][gc,phases   ] GC(6) Pause Mark Start 0.011ms
[10.314s][info][gc,phases   ] GC(6) Concurrent Mark 57.655ms
[10.314s][info][gc,phases   ] GC(6) Pause Mark End 0.033ms
[10.326s][info][gc,phases   ] GC(6) Concurrent Mark Free 0.002ms
[10.334s][info][gc,phases   ] GC(6) Concurrent Process Non-Strong References 7.293ms
[10.334s][info][gc,phases   ] GC(6) Concurrent Reset Relocation Set 0.044ms
[10.342s][info][gc,phases   ] GC(6) Concurrent Select Relocation Set 8.509ms
[10.343s][info][gc,phases   ] GC(6) Pause Relocate Start 0.008ms
[10.347s][info][gc,phases   ] GC(6) Concurrent Relocate 3.492ms
[10.347s][info][gc,load     ] GC(6) Load: 0.00/0.00/0.00
[10.347s][info][gc,mmu      ] GC(6) MMU: 2ms/98.2%, 5ms/99.3%, 10ms/99.6%, 20ms/99.8%, 50ms/99.9%, 100ms/99.9%
[10.347s][info][gc,marking  ] GC(6) Mark: 8 stripe(s), 3 proactive flush(es), 1 terminate flush(es), 0 completion(s), 0 continuation(s) 
[10.347s][info][gc,marking  ] GC(6) Mark Stack Usage: 32M
[10.347s][info][gc,nmethod  ] GC(6) NMethods: 7726 registered, 1052 unregistered
[10.347s][info][gc,metaspace] GC(6) Metaspace: 69M used, 70M committed, 1088M reserved
[10.347s][info][gc,ref      ] GC(6) Soft: 3815 encountered, 0 discovered, 0 enqueued
[10.347s][info][gc,ref      ] GC(6) Weak: 10581 encountered, 1216 discovered, 0 enqueued
[10.347s][info][gc,ref      ] GC(6) Final: 289 encountered, 17 discovered, 0 enqueued
[10.347s][info][gc,ref      ] GC(6) Phantom: 425 encountered, 247 discovered, 0 enqueued
[10.347s][info][gc,reloc    ] GC(6) Small Pages: 262 / 524M, Empty: 220M, Relocated: 6M, In-Place: 0
[10.347s][info][gc,reloc    ] GC(6) Medium Pages: 0 / 0M, Empty: 0M, Relocated: 0M, In-Place: 0
[10.347s][info][gc,reloc    ] GC(6) Large Pages: 0 / 0M, Empty: 0M, Relocated: 0M, In-Place: 0
[10.347s][info][gc,reloc    ] GC(6) Forwarding Usage: 1M
[10.347s][info][gc,heap     ] GC(6) Min Capacity: 8M(0%)
[10.347s][info][gc,heap     ] GC(6) Max Capacity: 2048M(100%)
[10.347s][info][gc,heap     ] GC(6) Soft Max Capacity: 2048M(100%)
[10.347s][info][gc,heap     ] GC(6)                Mark Start          Mark End        Relocate Start      Relocate End           High               Low         
[10.347s][info][gc,heap     ] GC(6)  Capacity:     2048M (100%)       2048M (100%)       2048M (100%)       2048M (100%)       2048M (100%)       2048M (100%)   
[10.347s][info][gc,heap     ] GC(6)      Free:     1524M (74%)        1436M (70%)        1622M (79%)        1846M (90%)        1846M (90%)        1412M (69%)    
[10.347s][info][gc,heap     ] GC(6)      Used:      524M (26%)         612M (30%)         426M (21%)         202M (10%)         636M (31%)         202M (10%)    
[10.347s][info][gc,heap     ] GC(6)      Live:         -                51M (3%)           51M (3%)           51M (3%)             -                  -          
[10.347s][info][gc,heap     ] GC(6) Allocated:         -                88M (4%)          122M (6%)          123M (6%)             -                  -          
[10.347s][info][gc,heap     ] GC(6)   Garbage:         -               472M (23%)         252M (12%)          26M (1%)             -                  -          
[10.347s][info][gc,heap     ] GC(6) Reclaimed:         -                  -               220M (11%)         445M (22%)            -                  -          
[10.347s][info][gc          ] GC(6) Garbage Collection (Allocation Rate) 524M(26%)->202M(10%)
[10.654s][info][gc,start    ] GC(7) Garbage Collection (Warmup)
[10.654s][info][gc,task     ] GC(7) Using 12 workers
[10.655s][info][gc,phases   ] GC(7) Pause Mark Start 0.014ms
[10.693s][info][gc,phases   ] GC(7) Concurrent Mark 37.719ms
[10.693s][info][gc,phases   ] GC(7) Pause Mark End 0.032ms
[10.699s][info][gc,phases   ] GC(7) Concurrent Mark Free 0.005ms
[10.706s][info][gc,phases   ] GC(7) Concurrent Process Non-Strong References 6.706ms
[10.706s][info][gc,phases   ] GC(7) Concurrent Reset Relocation Set 0.037ms
[10.712s][info][gc,phases   ] GC(7) Concurrent Select Relocation Set 5.291ms
[10.712s][info][gc,phases   ] GC(7) Pause Relocate Start 0.009ms
[10.717s][info][gc,phases   ] GC(7) Concurrent Relocate 5.006ms
[10.718s][info][gc,load     ] GC(7) Load: 0.00/0.00/0.00
[10.718s][info][gc,mmu      ] GC(7) MMU: 2ms/98.2%, 5ms/99.3%, 10ms/99.6%, 20ms/99.8%, 50ms/99.9%, 100ms/99.9%
[10.718s][info][gc,marking  ] GC(7) Mark: 8 stripe(s), 3 proactive flush(es), 1 terminate flush(es), 0 completion(s), 0 continuation(s) 
[10.718s][info][gc,marking  ] GC(7) Mark Stack Usage: 32M
[10.718s][info][gc,nmethod  ] GC(7) NMethods: 7695 registered, 1189 unregistered
[10.718s][info][gc,metaspace] GC(7) Metaspace: 69M used, 70M committed, 1088M reserved
[10.718s][info][gc,ref      ] GC(7) Soft: 3815 encountered, 0 discovered, 0 enqueued
[10.718s][info][gc,ref      ] GC(7) Weak: 10581 encountered, 764 discovered, 0 enqueued
[10.718s][info][gc,ref      ] GC(7) Final: 289 encountered, 5 discovered, 0 enqueued
[10.718s][info][gc,ref      ] GC(7) Phantom: 425 encountered, 274 discovered, 0 enqueued
[10.718s][info][gc,reloc    ] GC(7) Small Pages: 309 / 618M, Empty: 254M, Relocated: 6M, In-Place: 0
[10.718s][info][gc,reloc    ] GC(7) Medium Pages: 0 / 0M, Empty: 0M, Relocated: 0M, In-Place: 0
[10.718s][info][gc,reloc    ] GC(7) Large Pages: 0 / 0M, Empty: 0M, Relocated: 0M, In-Place: 0
[10.718s][info][gc,reloc    ] GC(7) Forwarding Usage: 1M
[10.718s][info][gc,heap     ] GC(7) Min Capacity: 8M(0%)
[10.718s][info][gc,heap     ] GC(7) Max Capacity: 2048M(100%)
[10.718s][info][gc,heap     ] GC(7) Soft Max Capacity: 2048M(100%)
[10.718s][info][gc,heap     ] GC(7)                Mark Start          Mark End        Relocate Start      Relocate End           High               Low         
[10.718s][info][gc,heap     ] GC(7)  Capacity:     2048M (100%)       2048M (100%)       2048M (100%)       2048M (100%)       2048M (100%)       2048M (100%)   
[10.718s][info][gc,heap     ] GC(7)      Free:     1430M (70%)        1360M (66%)        1588M (78%)        1870M (91%)        1870M (91%)        1342M (66%)    
[10.718s][info][gc,heap     ] GC(7)      Used:      618M (30%)         688M (34%)         460M (22%)         178M (9%)          706M (34%)         178M (9%)     
[10.718s][info][gc,heap     ] GC(7)      Live:         -                51M (3%)           51M (3%)           51M (3%)             -                  -          
[10.718s][info][gc,heap     ] GC(7) Allocated:         -                70M (3%)           96M (5%)           99M (5%)             -                  -          
[10.718s][info][gc,heap     ] GC(7)   Garbage:         -               566M (28%)         312M (15%)          26M (1%)             -                  -          
[10.718s][info][gc,heap     ] GC(7) Reclaimed:         -                  -               254M (12%)         539M (26%)            -                  -          
[10.718s][info][gc          ] GC(7) Garbage Collection (Warmup) 618M(30%)->178M(9%)
[11.154s][info][gc,start    ] GC(8) Garbage Collection (Allocation Rate)
[11.154s][info][gc,task     ] GC(8) Using 3 workers
[11.155s][info][gc,phases   ] GC(8) Pause Mark Start 0.012ms
[11.271s][info][gc,phases   ] GC(8) Concurrent Mark 115.914ms
[11.271s][info][gc,phases   ] GC(8) Pause Mark End 0.026ms
[11.314s][info][gc,phases   ] GC(8) Concurrent Mark Free 0.003ms
[11.327s][info][gc,phases   ] GC(8) Concurrent Process Non-Strong References 13.164ms
[11.327s][info][gc,phases   ] GC(8) Concurrent Reset Relocation Set 0.044ms
[11.335s][info][gc,phases   ] GC(8) Concurrent Select Relocation Set 8.183ms
[11.336s][info][gc,phases   ] GC(8) Pause Relocate Start 0.008ms
[11.342s][info][gc,phases   ] GC(8) Concurrent Relocate 5.911ms
[11.342s][info][gc,load     ] GC(8) Load: 0.00/0.00/0.00
[11.342s][info][gc,mmu      ] GC(8) MMU: 2ms/98.2%, 5ms/99.3%, 10ms/99.6%, 20ms/99.8%, 50ms/99.9%, 100ms/99.9%
[11.342s][info][gc,marking  ] GC(8) Mark: 2 stripe(s), 3 proactive flush(es), 1 terminate flush(es), 0 completion(s), 0 continuation(s) 
[11.342s][info][gc,marking  ] GC(8) Mark Stack Usage: 32M
[11.342s][info][gc,nmethod  ] GC(8) NMethods: 7723 registered, 1348 unregistered
[11.342s][info][gc,metaspace] GC(8) Metaspace: 69M used, 70M committed, 1088M reserved
[11.342s][info][gc,ref      ] GC(8) Soft: 3815 encountered, 0 discovered, 0 enqueued
[11.343s][info][gc,ref      ] GC(8) Weak: 10581 encountered, 1964 discovered, 0 enqueued
[11.343s][info][gc,ref      ] GC(8) Final: 289 encountered, 13 discovered, 0 enqueued
[11.343s][info][gc,ref      ] GC(8) Phantom: 425 encountered, 293 discovered, 0 enqueued
[11.343s][info][gc,reloc    ] GC(8) Small Pages: 416 / 832M, Empty: 500M, Relocated: 6M, In-Place: 0
[11.343s][info][gc,reloc    ] GC(8) Medium Pages: 0 / 0M, Empty: 0M, Relocated: 0M, In-Place: 0
[11.343s][info][gc,reloc    ] GC(8) Large Pages: 0 / 0M, Empty: 0M, Relocated: 0M, In-Place: 0
[11.343s][info][gc,reloc    ] GC(8) Forwarding Usage: 1M
[11.343s][info][gc,heap     ] GC(8) Min Capacity: 8M(0%)
[11.343s][info][gc,heap     ] GC(8) Max Capacity: 2048M(100%)
[11.343s][info][gc,heap     ] GC(8) Soft Max Capacity: 2048M(100%)
[11.343s][info][gc,heap     ] GC(8)                Mark Start          Mark End        Relocate Start      Relocate End           High               Low         
[11.343s][info][gc,heap     ] GC(8)  Capacity:     2048M (100%)       2048M (100%)       2048M (100%)       2048M (100%)       2048M (100%)       2048M (100%)   
[11.343s][info][gc,heap     ] GC(8)      Free:     1216M (59%)        1024M (50%)        1420M (69%)        1682M (82%)        1682M (82%)         934M (46%)    
[11.343s][info][gc,heap     ] GC(8)      Used:      832M (41%)        1024M (50%)         628M (31%)         366M (18%)        1114M (54%)         366M (18%)    
[11.343s][info][gc,heap     ] GC(8)      Live:         -                51M (3%)           51M (3%)           51M (3%)             -                  -          
[11.343s][info][gc,heap     ] GC(8) Allocated:         -               192M (9%)          296M (14%)         299M (15%)            -                  -          
[11.343s][info][gc,heap     ] GC(8)   Garbage:         -               780M (38%)         280M (14%)          14M (1%)             -                  -          
[11.343s][info][gc,heap     ] GC(8) Reclaimed:         -                  -               500M (24%)         765M (37%)            -                  -          
[11.343s][info][gc          ] GC(8) Garbage Collection (Allocation Rate) 832M(41%)->366M(18%)
[11.655s][info][gc,start    ] GC(9) Garbage Collection (Allocation Rate)
[11.655s][info][gc,task     ] GC(9) Using 4 workers
[11.655s][info][gc,phases   ] GC(9) Pause Mark Start 0.015ms
[11.747s][info][gc,phases   ] GC(9) Concurrent Mark 91.355ms
[11.748s][info][gc,phases   ] GC(9) Pause Mark End 0.025ms
[11.761s][info][gc,phases   ] GC(9) Concurrent Mark Free 0.002ms
[11.771s][info][gc,phases   ] GC(9) Concurrent Process Non-Strong References 10.212ms
[11.771s][info][gc,phases   ] GC(9) Concurrent Reset Relocation Set 0.038ms
[11.776s][info][gc,phases   ] GC(9) Concurrent Select Relocation Set 5.072ms
[11.777s][info][gc,phases   ] GC(9) Pause Relocate Start 0.008ms
[11.790s][info][gc,phases   ] GC(9) Concurrent Relocate 12.635ms
[11.790s][info][gc,load     ] GC(9) Load: 0.00/0.00/0.00
[11.790s][info][gc,mmu      ] GC(9) MMU: 2ms/98.2%, 5ms/99.3%, 10ms/99.6%, 20ms/99.8%, 50ms/99.9%, 100ms/99.9%
[11.790s][info][gc,marking  ] GC(9) Mark: 4 stripe(s), 2 proactive flush(es), 1 terminate flush(es), 0 completion(s), 0 continuation(s) 
[11.790s][info][gc,marking  ] GC(9) Mark Stack Usage: 32M
[11.790s][info][gc,nmethod  ] GC(9) NMethods: 7731 registered, 1430 unregistered
[11.790s][info][gc,metaspace] GC(9) Metaspace: 69M used, 70M committed, 1088M reserved
[11.790s][info][gc,ref      ] GC(9) Soft: 3815 encountered, 0 discovered, 0 enqueued
[11.790s][info][gc,ref      ] GC(9) Weak: 10591 encountered, 1428 discovered, 5 enqueued
[11.790s][info][gc,ref      ] GC(9) Final: 289 encountered, 103 discovered, 0 enqueued
[11.790s][info][gc,ref      ] GC(9) Phantom: 430 encountered, 331 discovered, 5 enqueued
[11.790s][info][gc,reloc    ] GC(9) Small Pages: 496 / 992M, Empty: 550M, Relocated: 5M, In-Place: 0
[11.790s][info][gc,reloc    ] GC(9) Medium Pages: 0 / 0M, Empty: 0M, Relocated: 0M, In-Place: 0
[11.790s][info][gc,reloc    ] GC(9) Large Pages: 0 / 0M, Empty: 0M, Relocated: 0M, In-Place: 0
[11.790s][info][gc,reloc    ] GC(9) Forwarding Usage: 1M
[11.790s][info][gc,heap     ] GC(9) Min Capacity: 8M(0%)
[11.790s][info][gc,heap     ] GC(9) Max Capacity: 2048M(100%)
[11.790s][info][gc,heap     ] GC(9) Soft Max Capacity: 2048M(100%)
[11.790s][info][gc,heap     ] GC(9)                Mark Start          Mark End        Relocate Start      Relocate End           High               Low         
[11.790s][info][gc,heap     ] GC(9)  Capacity:     2048M (100%)       2048M (100%)       2048M (100%)       2048M (100%)       2048M (100%)       2048M (100%)   
[11.790s][info][gc,heap     ] GC(9)      Free:     1056M (52%)         844M (41%)        1336M (65%)        1704M (83%)        1708M (83%)         796M (39%)    
[11.790s][info][gc,heap     ] GC(9)      Used:      992M (48%)        1204M (59%)         712M (35%)         344M (17%)        1252M (61%)         340M (17%)    
[11.790s][info][gc,heap     ] GC(9)      Live:         -                51M (3%)           51M (3%)           51M (3%)             -                  -          
[11.790s][info][gc,heap     ] GC(9) Allocated:         -               212M (10%)         270M (13%)         279M (14%)            -                  -          
[11.791s][info][gc,heap     ] GC(9)   Garbage:         -               940M (46%)         390M (19%)          12M (1%)             -                  -          
[11.791s][info][gc,heap     ] GC(9) Reclaimed:         -                  -               550M (27%)         927M (45%)            -                  -          
[11.791s][info][gc          ] GC(9) Garbage Collection (Allocation Rate) 992M(48%)->344M(17%)
[12.055s][info][gc,start    ] GC(10) Garbage Collection (Allocation Rate)
[12.055s][info][gc,task     ] GC(10) Using 3 workers
[12.055s][info][gc,phases   ] GC(10) Pause Mark Start 0.010ms
[12.129s][info][gc,phases   ] GC(10) Concurrent Mark 72.516ms
[12.129s][info][gc,phases   ] GC(10) Pause Mark End 0.025ms
[12.130s][info][gc,phases   ] GC(10) Concurrent Mark Free 0.001ms
[12.150s][info][gc,phases   ] GC(10) Concurrent Process Non-Strong References 19.919ms
[12.150s][info][gc,phases   ] GC(10) Concurrent Reset Relocation Set 0.054ms
[12.160s][info][gc,phases   ] GC(10) Concurrent Select Relocation Set 9.287ms
[12.160s][info][gc,phases   ] GC(10) Pause Relocate Start 0.012ms
[12.172s][info][gc,phases   ] GC(10) Concurrent Relocate 11.085ms
[12.172s][info][gc,load     ] GC(10) Load: 0.00/0.00/0.00
[12.172s][info][gc,mmu      ] GC(10) MMU: 2ms/98.2%, 5ms/99.3%, 10ms/99.6%, 20ms/99.8%, 50ms/99.9%, 100ms/99.9%
[12.172s][info][gc,marking  ] GC(10) Mark: 2 stripe(s), 2 proactive flush(es), 1 terminate flush(es), 0 completion(s), 0 continuation(s) 
[12.172s][info][gc,marking  ] GC(10) Mark Stack Usage: 32M
[12.172s][info][gc,nmethod  ] GC(10) NMethods: 7760 registered, 1493 unregistered
[12.172s][info][gc,metaspace] GC(10) Metaspace: 69M used, 70M committed, 1088M reserved
[12.172s][info][gc,ref      ] GC(10) Soft: 3815 encountered, 0 discovered, 0 enqueued
[12.172s][info][gc,ref      ] GC(10) Weak: 10641 encountered, 1307 discovered, 10 enqueued
[12.172s][info][gc,ref      ] GC(10) Final: 289 encountered, 26 discovered, 0 enqueued
[12.172s][info][gc,ref      ] GC(10) Phantom: 427 encountered, 307 discovered, 2 enqueued
[12.172s][info][gc,reloc    ] GC(10) Small Pages: 486 / 972M, Empty: 564M, Relocated: 5M, In-Place: 0
[12.172s][info][gc,reloc    ] GC(10) Medium Pages: 0 / 0M, Empty: 0M, Relocated: 0M, In-Place: 0
[12.172s][info][gc,reloc    ] GC(10) Large Pages: 0 / 0M, Empty: 0M, Relocated: 0M, In-Place: 0
[12.172s][info][gc,reloc    ] GC(10) Forwarding Usage: 1M
[12.172s][info][gc,heap     ] GC(10) Min Capacity: 8M(0%)
[12.172s][info][gc,heap     ] GC(10) Max Capacity: 2048M(100%)
[12.172s][info][gc,heap     ] GC(10) Soft Max Capacity: 2048M(100%)
[12.172s][info][gc,heap     ] GC(10)                Mark Start          Mark End        Relocate Start      Relocate End           High               Low         
[12.172s][info][gc,heap     ] GC(10)  Capacity:     2048M (100%)       2048M (100%)       2048M (100%)       2048M (100%)       2048M (100%)       2048M (100%)   
[12.172s][info][gc,heap     ] GC(10)      Free:     1076M (53%)         894M (44%)        1394M (68%)        1720M (84%)        1728M (84%)         850M (42%)    
[12.173s][info][gc,heap     ] GC(10)      Used:      972M (47%)        1154M (56%)         654M (32%)         328M (16%)        1198M (58%)         320M (16%)    
[12.173s][info][gc,heap     ] GC(10)      Live:         -                51M (3%)           51M (3%)           51M (3%)             -                  -          
[12.173s][info][gc,heap     ] GC(10) Allocated:         -               182M (9%)          246M (12%)         265M (13%)            -                  -          
[12.173s][info][gc,heap     ] GC(10)   Garbage:         -               920M (45%)         356M (17%)          11M (1%)             -                  -          
[12.173s][info][gc,heap     ] GC(10) Reclaimed:         -                  -               564M (28%)         909M (44%)            -                  -          
[12.173s][info][gc          ] GC(10) Garbage Collection (Allocation Rate) 972M(47%)->328M(16%)
[12.354s][info][gc,start    ] GC(11) Garbage Collection (Allocation Rate)
[12.354s][info][gc,task     ] GC(11) Using 3 workers
[12.355s][info][gc,phases   ] GC(11) Pause Mark Start 0.012ms
[12.437s][info][gc,phases   ] GC(11) Concurrent Mark 81.733ms
[12.437s][info][gc,phases   ] GC(11) Pause Mark End 0.030ms
[12.440s][info][gc,phases   ] GC(11) Concurrent Mark Free 0.002ms
[12.453s][info][gc,phases   ] GC(11) Concurrent Process Non-Strong References 12.426ms
[12.453s][info][gc,phases   ] GC(11) Concurrent Reset Relocation Set 0.047ms
[12.462s][info][gc,phases   ] GC(11) Concurrent Select Relocation Set 8.531ms
[12.462s][info][gc,phases   ] GC(11) Pause Relocate Start 0.009ms
[12.475s][info][gc,phases   ] GC(11) Concurrent Relocate 12.561ms
[12.475s][info][gc,load     ] GC(11) Load: 0.00/0.00/0.00
[12.475s][info][gc,mmu      ] GC(11) MMU: 2ms/98.2%, 5ms/99.3%, 10ms/99.6%, 20ms/99.8%, 50ms/99.9%, 100ms/99.9%
[12.475s][info][gc,marking  ] GC(11) Mark: 2 stripe(s), 2 proactive flush(es), 1 terminate flush(es), 0 completion(s), 0 continuation(s) 
[12.475s][info][gc,marking  ] GC(11) Mark Stack Usage: 32M
[12.475s][info][gc,nmethod  ] GC(11) NMethods: 7774 registered, 1611 unregistered
[12.475s][info][gc,metaspace] GC(11) Metaspace: 69M used, 70M committed, 1088M reserved
[12.475s][info][gc,ref      ] GC(11) Soft: 3815 encountered, 0 discovered, 0 enqueued
[12.475s][info][gc,ref      ] GC(11) Weak: 10637 encountered, 1382 discovered, 0 enqueued
[12.475s][info][gc,ref      ] GC(11) Final: 289 encountered, 29 discovered, 0 enqueued
[12.475s][info][gc,ref      ] GC(11) Phantom: 425 encountered, 264 discovered, 0 enqueued
[12.475s][info][gc,reloc    ] GC(11) Small Pages: 387 / 774M, Empty: 394M, Relocated: 6M, In-Place: 0
[12.475s][info][gc,reloc    ] GC(11) Medium Pages: 0 / 0M, Empty: 0M, Relocated: 0M, In-Place: 0
[12.475s][info][gc,reloc    ] GC(11) Large Pages: 0 / 0M, Empty: 0M, Relocated: 0M, In-Place: 0
[12.475s][info][gc,reloc    ] GC(11) Forwarding Usage: 1M
[12.475s][info][gc,heap     ] GC(11) Min Capacity: 8M(0%)
[12.475s][info][gc,heap     ] GC(11) Max Capacity: 2048M(100%)
[12.475s][info][gc,heap     ] GC(11) Soft Max Capacity: 2048M(100%)
[12.475s][info][gc,heap     ] GC(11)                Mark Start          Mark End        Relocate Start      Relocate End           High               Low         
[12.475s][info][gc,heap     ] GC(11)  Capacity:     2048M (100%)       2048M (100%)       2048M (100%)       2048M (100%)       2048M (100%)       2048M (100%)   
[12.475s][info][gc,heap     ] GC(11)      Free:     1274M (62%)        1074M (52%)        1406M (69%)        1692M (83%)        1704M (83%)        1034M (50%)    
[12.475s][info][gc,heap     ] GC(11)      Used:      774M (38%)         974M (48%)         642M (31%)         356M (17%)        1014M (50%)         344M (17%)    
[12.475s][info][gc,heap     ] GC(11)      Live:         -                51M (3%)           51M (3%)           51M (3%)             -                  -          
[12.475s][info][gc,heap     ] GC(11) Allocated:         -               200M (10%)         262M (13%)         294M (14%)            -                  -          
[12.475s][info][gc,heap     ] GC(11)   Garbage:         -               722M (35%)         328M (16%)           9M (0%)             -                  -          
[12.475s][info][gc,heap     ] GC(11) Reclaimed:         -                  -               394M (19%)         712M (35%)            -                  -          
[12.475s][info][gc          ] GC(11) Garbage Collection (Allocation Rate) 774M(38%)->356M(17%)
[12.654s][info][gc,start    ] GC(12) Garbage Collection (Allocation Rate)
[12.654s][info][gc,task     ] GC(12) Using 3 workers
[12.654s][info][gc,phases   ] GC(12) Pause Mark Start 0.010ms
[12.737s][info][gc,phases   ] GC(12) Concurrent Mark 82.006ms
[12.737s][info][gc,phases   ] GC(12) Pause Mark End 0.028ms
[12.746s][info][gc,phases   ] GC(12) Concurrent Mark Free 0.001ms
[12.758s][info][gc,phases   ] GC(12) Concurrent Process Non-Strong References 11.624ms
[12.758s][info][gc,phases   ] GC(12) Concurrent Reset Relocation Set 0.055ms
[12.764s][info][gc,phases   ] GC(12) Concurrent Select Relocation Set 5.891ms
[12.764s][info][gc,phases   ] GC(12) Pause Relocate Start 0.009ms
[12.772s][info][gc,phases   ] GC(12) Concurrent Relocate 7.263ms
[12.772s][info][gc,load     ] GC(12) Load: 0.00/0.00/0.00
[12.772s][info][gc,mmu      ] GC(12) MMU: 2ms/98.2%, 5ms/99.3%, 10ms/99.6%, 20ms/99.8%, 50ms/99.9%, 100ms/99.9%
[12.772s][info][gc,marking  ] GC(12) Mark: 2 stripe(s), 2 proactive flush(es), 1 terminate flush(es), 0 completion(s), 0 continuation(s) 
[12.772s][info][gc,marking  ] GC(12) Mark Stack Usage: 32M
[12.772s][info][gc,nmethod  ] GC(12) NMethods: 7771 registered, 1692 unregistered
[12.772s][info][gc,metaspace] GC(12) Metaspace: 69M used, 70M committed, 1088M reserved
[12.772s][info][gc,ref      ] GC(12) Soft: 3815 encountered, 0 discovered, 0 enqueued
[12.772s][info][gc,ref      ] GC(12) Weak: 10637 encountered, 1435 discovered, 0 enqueued
[12.772s][info][gc,ref      ] GC(12) Final: 289 encountered, 21 discovered, 0 enqueued
[12.772s][info][gc,ref      ] GC(12) Phantom: 425 encountered, 253 discovered, 0 enqueued
[12.772s][info][gc,reloc    ] GC(12) Small Pages: 451 / 902M, Empty: 468M, Relocated: 5M, In-Place: 0
[12.772s][info][gc,reloc    ] GC(12) Medium Pages: 0 / 0M, Empty: 0M, Relocated: 0M, In-Place: 0
[12.772s][info][gc,reloc    ] GC(12) Large Pages: 0 / 0M, Empty: 0M, Relocated: 0M, In-Place: 0
[12.772s][info][gc,reloc    ] GC(12) Forwarding Usage: 1M
[12.772s][info][gc,heap     ] GC(12) Min Capacity: 8M(0%)
[12.772s][info][gc,heap     ] GC(12) Max Capacity: 2048M(100%)
[12.772s][info][gc,heap     ] GC(12) Soft Max Capacity: 2048M(100%)
[12.772s][info][gc,heap     ] GC(12)                Mark Start          Mark End        Relocate Start      Relocate End           High               Low         
[12.772s][info][gc,heap     ] GC(12)  Capacity:     2048M (100%)       2048M (100%)       2048M (100%)       2048M (100%)       2048M (100%)       2048M (100%)   
[12.772s][info][gc,heap     ] GC(12)      Free:     1146M (56%)         898M (44%)        1292M (63%)        1644M (80%)        1648M (80%)         838M (41%)    
[12.772s][info][gc,heap     ] GC(12)      Used:      902M (44%)        1150M (56%)         756M (37%)         404M (20%)        1210M (59%)         400M (20%)    
[12.772s][info][gc,heap     ] GC(12)      Live:         -                51M (3%)           51M (3%)           51M (3%)             -                  -          
[12.772s][info][gc,heap     ] GC(12) Allocated:         -               248M (12%)         322M (16%)         341M (17%)            -                  -          
[12.772s][info][gc,heap     ] GC(12)   Garbage:         -               850M (42%)         382M (19%)          11M (1%)             -                  -          
[12.772s][info][gc,heap     ] GC(12) Reclaimed:         -                  -               468M (23%)         839M (41%)            -                  -          
[12.772s][info][gc          ] GC(12) Garbage Collection (Allocation Rate) 902M(44%)->404M(20%)
[12.954s][info][gc,start    ] GC(13) Garbage Collection (Allocation Rate)
[12.955s][info][gc,task     ] GC(13) Using 3 workers
[12.955s][info][gc,phases   ] GC(13) Pause Mark Start 0.011ms
[13.031s][info][gc,phases   ] GC(13) Concurrent Mark 75.759ms
[13.031s][info][gc,phases   ] GC(13) Pause Mark End 0.024ms
[13.032s][info][gc,phases   ] GC(13) Concurrent Mark Free 0.001ms
[13.044s][info][gc,phases   ] GC(13) Concurrent Process Non-Strong References 12.203ms
[13.044s][info][gc,phases   ] GC(13) Concurrent Reset Relocation Set 0.038ms
[13.052s][info][gc,phases   ] GC(13) Concurrent Select Relocation Set 7.272ms
[13.052s][info][gc,phases   ] GC(13) Pause Relocate Start 0.009ms
[13.058s][info][gc,phases   ] GC(13) Concurrent Relocate 4.993ms
[13.058s][info][gc,load     ] GC(13) Load: 0.00/0.00/0.00
[13.058s][info][gc,mmu      ] GC(13) MMU: 2ms/98.2%, 5ms/99.3%, 10ms/99.6%, 20ms/99.8%, 50ms/99.9%, 100ms/99.9%
[13.058s][info][gc,marking  ] GC(13) Mark: 2 stripe(s), 2 proactive flush(es), 1 terminate flush(es), 0 completion(s), 0 continuation(s) 
[13.058s][info][gc,marking  ] GC(13) Mark Stack Usage: 32M
[13.058s][info][gc,nmethod  ] GC(13) NMethods: 7771 registered, 1801 unregistered
[13.058s][info][gc,metaspace] GC(13) Metaspace: 69M used, 70M committed, 1088M reserved
[13.058s][info][gc,ref      ] GC(13) Soft: 3815 encountered, 0 discovered, 0 enqueued
[13.058s][info][gc,ref      ] GC(13) Weak: 10637 encountered, 1577 discovered, 0 enqueued
[13.058s][info][gc,ref      ] GC(13) Final: 289 encountered, 16 discovered, 0 enqueued
[13.058s][info][gc,ref      ] GC(13) Phantom: 425 encountered, 218 discovered, 0 enqueued
[13.058s][info][gc,reloc    ] GC(13) Small Pages: 513 / 1026M, Empty: 632M, Relocated: 5M, In-Place: 0
[13.058s][info][gc,reloc    ] GC(13) Medium Pages: 0 / 0M, Empty: 0M, Relocated: 0M, In-Place: 0
[13.058s][info][gc,reloc    ] GC(13) Large Pages: 0 / 0M, Empty: 0M, Relocated: 0M, In-Place: 0
[13.058s][info][gc,reloc    ] GC(13) Forwarding Usage: 1M
[13.058s][info][gc,heap     ] GC(13) Min Capacity: 8M(0%)
[13.058s][info][gc,heap     ] GC(13) Max Capacity: 2048M(100%)
[13.058s][info][gc,heap     ] GC(13) Soft Max Capacity: 2048M(100%)
[13.058s][info][gc,heap     ] GC(13)                Mark Start          Mark End        Relocate Start      Relocate End           High               Low         
[13.058s][info][gc,heap     ] GC(13)  Capacity:     2048M (100%)       2048M (100%)       2048M (100%)       2048M (100%)       2048M (100%)       2048M (100%)   
[13.058s][info][gc,heap     ] GC(13)      Free:     1022M (50%)         772M (38%)        1354M (66%)        1674M (82%)        1678M (82%)         742M (36%)    
[13.058s][info][gc,heap     ] GC(13)      Used:     1026M (50%)        1276M (62%)         694M (34%)         374M (18%)        1306M (64%)         370M (18%)    
[13.058s][info][gc,heap     ] GC(13)      Live:         -                51M (3%)           51M (3%)           51M (3%)             -                  -          
[13.058s][info][gc,heap     ] GC(13) Allocated:         -               250M (12%)         300M (15%)         309M (15%)            -                  -          
[13.058s][info][gc,heap     ] GC(13)   Garbage:         -               974M (48%)         342M (17%)          12M (1%)             -                  -          
[13.058s][info][gc,heap     ] GC(13) Reclaimed:         -                  -               632M (31%)         961M (47%)            -                  -          
[13.058s][info][gc          ] GC(13) Garbage Collection (Allocation Rate) 1026M(50%)->374M(18%)
[13.255s][info][gc,start    ] GC(14) Garbage Collection (Allocation Rate)
[13.255s][info][gc,task     ] GC(14) Using 3 workers
[13.255s][info][gc,phases   ] GC(14) Pause Mark Start 0.014ms
[13.326s][info][gc,phases   ] GC(14) Concurrent Mark 70.110ms
[13.326s][info][gc,phases   ] GC(14) Pause Mark End 0.023ms
[13.326s][info][gc,phases   ] GC(14) Concurrent Mark Free 0.002ms
[13.346s][info][gc,phases   ] GC(14) Concurrent Process Non-Strong References 19.111ms
[13.346s][info][gc,phases   ] GC(14) Concurrent Reset Relocation Set 0.038ms
[13.358s][info][gc,phases   ] GC(14) Concurrent Select Relocation Set 12.421ms
[13.358s][info][gc,phases   ] GC(14) Pause Relocate Start 0.008ms
[13.373s][info][gc,phases   ] GC(14) Concurrent Relocate 14.214ms
[13.373s][info][gc,load     ] GC(14) Load: 0.00/0.00/0.00
[13.373s][info][gc,mmu      ] GC(14) MMU: 2ms/98.2%, 5ms/99.3%, 10ms/99.6%, 20ms/99.8%, 50ms/99.9%, 100ms/99.9%
[13.373s][info][gc,marking  ] GC(14) Mark: 2 stripe(s), 2 proactive flush(es), 1 terminate flush(es), 0 completion(s), 0 continuation(s) 
[13.373s][info][gc,marking  ] GC(14) Mark Stack Usage: 32M
[13.373s][info][gc,nmethod  ] GC(14) NMethods: 7776 registered, 1880 unregistered
[13.373s][info][gc,metaspace] GC(14) Metaspace: 69M used, 70M committed, 1088M reserved
[13.374s][info][gc,ref      ] GC(14) Soft: 3815 encountered, 0 discovered, 0 enqueued
[13.374s][info][gc,ref      ] GC(14) Weak: 10637 encountered, 1477 discovered, 0 enqueued
[13.374s][info][gc,ref      ] GC(14) Final: 289 encountered, 17 discovered, 0 enqueued
[13.374s][info][gc,ref      ] GC(14) Phantom: 425 encountered, 233 discovered, 0 enqueued
[13.374s][info][gc,reloc    ] GC(14) Small Pages: 544 / 1088M, Empty: 618M, Relocated: 5M, In-Place: 0
[13.374s][info][gc,reloc    ] GC(14) Medium Pages: 0 / 0M, Empty: 0M, Relocated: 0M, In-Place: 0
[13.374s][info][gc,reloc    ] GC(14) Large Pages: 0 / 0M, Empty: 0M, Relocated: 0M, In-Place: 0
[13.374s][info][gc,reloc    ] GC(14) Forwarding Usage: 1M
[13.374s][info][gc,heap     ] GC(14) Min Capacity: 8M(0%)
[13.374s][info][gc,heap     ] GC(14) Max Capacity: 2048M(100%)
[13.374s][info][gc,heap     ] GC(14) Soft Max Capacity: 2048M(100%)
[13.374s][info][gc,heap     ] GC(14)                Mark Start          Mark End        Relocate Start      Relocate End           High               Low         
[13.374s][info][gc,heap     ] GC(14)  Capacity:     2048M (100%)       2048M (100%)       2048M (100%)       2048M (100%)       2048M (100%)       2048M (100%)   
[13.374s][info][gc,heap     ] GC(14)      Free:      960M (47%)         706M (34%)        1242M (61%)        1620M (79%)        1638M (80%)         656M (32%)    
[13.374s][info][gc,heap     ] GC(14)      Used:     1088M (53%)        1342M (66%)         806M (39%)         428M (21%)        1392M (68%)         410M (20%)    
[13.374s][info][gc,heap     ] GC(14)      Live:         -                51M (3%)           51M (3%)           51M (3%)             -                  -          
[13.374s][info][gc,heap     ] GC(14) Allocated:         -               254M (12%)         336M (16%)         365M (18%)            -                  -          
[13.374s][info][gc,heap     ] GC(14)   Garbage:         -              1036M (51%)         418M (20%)          11M (1%)             -                  -          
[13.374s][info][gc,heap     ] GC(14) Reclaimed:         -                  -               618M (30%)        1025M (50%)            -                  -          
[13.374s][info][gc          ] GC(14) Garbage Collection (Allocation Rate) 1088M(53%)->428M(21%)
[13.455s][info][gc,start    ] GC(15) Garbage Collection (Allocation Rate)
[13.455s][info][gc,task     ] GC(15) Using 3 workers
[13.455s][info][gc,phases   ] GC(15) Pause Mark Start 0.013ms
[13.543s][info][gc,phases   ] GC(15) Concurrent Mark 88.109ms
[13.544s][info][gc,phases   ] GC(15) Pause Mark End 0.025ms
[13.548s][info][gc,phases   ] GC(15) Concurrent Mark Free 0.003ms
[13.559s][info][gc,phases   ] GC(15) Concurrent Process Non-Strong References 10.597ms
[13.559s][info][gc,phases   ] GC(15) Concurrent Reset Relocation Set 0.056ms
[13.564s][info][gc,phases   ] GC(15) Concurrent Select Relocation Set 5.137ms
[13.565s][info][gc,phases   ] GC(15) Pause Relocate Start 0.008ms
[13.572s][info][gc,phases   ] GC(15) Concurrent Relocate 7.004ms
[13.572s][info][gc,load     ] GC(15) Load: 0.00/0.00/0.00
[13.572s][info][gc,mmu      ] GC(15) MMU: 2ms/98.2%, 5ms/99.3%, 10ms/99.6%, 20ms/99.8%, 50ms/99.9%, 100ms/99.9%
[13.572s][info][gc,marking  ] GC(15) Mark: 2 stripe(s), 3 proactive flush(es), 1 terminate flush(es), 0 completion(s), 0 continuation(s) 
[13.572s][info][gc,marking  ] GC(15) Mark Stack Usage: 32M
[13.572s][info][gc,nmethod  ] GC(15) NMethods: 7797 registered, 1928 unregistered
[13.572s][info][gc,metaspace] GC(15) Metaspace: 69M used, 70M committed, 1088M reserved
[13.572s][info][gc,ref      ] GC(15) Soft: 3815 encountered, 0 discovered, 0 enqueued
[13.572s][info][gc,ref      ] GC(15) Weak: 10639 encountered, 1426 discovered, 0 enqueued
[13.572s][info][gc,ref      ] GC(15) Final: 289 encountered, 17 discovered, 0 enqueued
[13.572s][info][gc,ref      ] GC(15) Phantom: 425 encountered, 257 discovered, 0 enqueued
[13.572s][info][gc,reloc    ] GC(15) Small Pages: 370 / 740M, Empty: 408M, Relocated: 5M, In-Place: 0
[13.572s][info][gc,reloc    ] GC(15) Medium Pages: 0 / 0M, Empty: 0M, Relocated: 0M, In-Place: 0
[13.572s][info][gc,reloc    ] GC(15) Large Pages: 0 / 0M, Empty: 0M, Relocated: 0M, In-Place: 0
[13.572s][info][gc,reloc    ] GC(15) Forwarding Usage: 1M
[13.572s][info][gc,heap     ] GC(15) Min Capacity: 8M(0%)
[13.572s][info][gc,heap     ] GC(15) Max Capacity: 2048M(100%)
[13.572s][info][gc,heap     ] GC(15) Soft Max Capacity: 2048M(100%)
[13.572s][info][gc,heap     ] GC(15)                Mark Start          Mark End        Relocate Start      Relocate End           High               Low         
[13.573s][info][gc,heap     ] GC(15)  Capacity:     2048M (100%)       2048M (100%)       2048M (100%)       2048M (100%)       2048M (100%)       2048M (100%)   
[13.573s][info][gc,heap     ] GC(15)      Free:     1308M (64%)         968M (47%)        1310M (64%)        1560M (76%)        1562M (76%)         918M (45%)    
[13.573s][info][gc,heap     ] GC(15)      Used:      740M (36%)        1080M (53%)         738M (36%)         488M (24%)        1130M (55%)         486M (24%)    
[13.573s][info][gc,heap     ] GC(15)      Live:         -                51M (3%)           51M (3%)           51M (3%)             -                  -          
[13.573s][info][gc,heap     ] GC(15) Allocated:         -               340M (17%)         406M (20%)         424M (21%)            -                  -          
[13.573s][info][gc,heap     ] GC(15)   Garbage:         -               688M (34%)         280M (14%)          11M (1%)             -                  -          
[13.573s][info][gc,heap     ] GC(15) Reclaimed:         -                  -               408M (20%)         676M (33%)            -                  -          
[13.573s][info][gc          ] GC(15) Garbage Collection (Allocation Rate) 740M(36%)->488M(24%)
[13.654s][info][gc,start    ] GC(16) Garbage Collection (Allocation Rate)
[13.654s][info][gc,task     ] GC(16) Using 3 workers
[13.655s][info][gc,phases   ] GC(16) Pause Mark Start 0.012ms
[13.727s][info][gc,phases   ] GC(16) Concurrent Mark 72.038ms
[13.727s][info][gc,phases   ] GC(16) Pause Mark End 0.034ms
[13.731s][info][gc,phases   ] GC(16) Concurrent Mark Free 0.002ms
[13.747s][info][gc,phases   ] GC(16) Concurrent Process Non-Strong References 15.795ms
[13.747s][info][gc,phases   ] GC(16) Concurrent Reset Relocation Set 0.046ms
[13.755s][info][gc,phases   ] GC(16) Concurrent Select Relocation Set 8.054ms
[13.755s][info][gc,phases   ] GC(16) Pause Relocate Start 0.009ms
[13.764s][info][gc,phases   ] GC(16) Concurrent Relocate 8.183ms
[13.764s][info][gc,load     ] GC(16) Load: 0.00/0.00/0.00
[13.764s][info][gc,mmu      ] GC(16) MMU: 2ms/98.2%, 5ms/99.3%, 10ms/99.6%, 20ms/99.8%, 50ms/99.9%, 100ms/99.9%
[13.764s][info][gc,marking  ] GC(16) Mark: 2 stripe(s), 2 proactive flush(es), 1 terminate flush(es), 0 completion(s), 0 continuation(s) 
[13.764s][info][gc,marking  ] GC(16) Mark Stack Usage: 32M
[13.764s][info][gc,nmethod  ] GC(16) NMethods: 7777 registered, 1969 unregistered
[13.764s][info][gc,metaspace] GC(16) Metaspace: 69M used, 70M committed, 1088M reserved
[13.764s][info][gc,ref      ] GC(16) Soft: 3815 encountered, 0 discovered, 0 enqueued
[13.764s][info][gc,ref      ] GC(16) Weak: 10639 encountered, 1993 discovered, 0 enqueued
[13.764s][info][gc,ref      ] GC(16) Final: 289 encountered, 15 discovered, 0 enqueued
[13.764s][info][gc,ref      ] GC(16) Phantom: 425 encountered, 196 discovered, 0 enqueued
[13.764s][info][gc,reloc    ] GC(16) Small Pages: 395 / 790M, Empty: 386M, Relocated: 5M, In-Place: 0
[13.764s][info][gc,reloc    ] GC(16) Medium Pages: 0 / 0M, Empty: 0M, Relocated: 0M, In-Place: 0
[13.764s][info][gc,reloc    ] GC(16) Large Pages: 0 / 0M, Empty: 0M, Relocated: 0M, In-Place: 0
[13.764s][info][gc,reloc    ] GC(16) Forwarding Usage: 1M
[13.764s][info][gc,heap     ] GC(16) Min Capacity: 8M(0%)
[13.764s][info][gc,heap     ] GC(16) Max Capacity: 2048M(100%)
[13.764s][info][gc,heap     ] GC(16) Soft Max Capacity: 2048M(100%)
[13.764s][info][gc,heap     ] GC(16)                Mark Start          Mark End        Relocate Start      Relocate End           High               Low         
[13.764s][info][gc,heap     ] GC(16)  Capacity:     2048M (100%)       2048M (100%)       2048M (100%)       2048M (100%)       2048M (100%)       2048M (100%)   
[13.764s][info][gc,heap     ] GC(16)      Free:     1258M (61%)         994M (49%)        1292M (63%)        1610M (79%)        1612M (79%)         930M (45%)    
[13.764s][info][gc,heap     ] GC(16)      Used:      790M (39%)        1054M (51%)         756M (37%)         438M (21%)        1118M (55%)         436M (21%)    
[13.764s][info][gc,heap     ] GC(16)      Live:         -                51M (3%)           51M (3%)           51M (3%)             -                  -          
[13.765s][info][gc,heap     ] GC(16) Allocated:         -               264M (13%)         352M (17%)         374M (18%)            -                  -          
[13.765s][info][gc,heap     ] GC(16)   Garbage:         -               738M (36%)         352M (17%)          11M (1%)             -                  -          
[13.765s][info][gc,heap     ] GC(16) Reclaimed:         -                  -               386M (19%)         726M (35%)            -                  -          
[13.765s][info][gc          ] GC(16) Garbage Collection (Allocation Rate) 790M(39%)->438M(21%)
[13.854s][info][gc,start    ] GC(17) Garbage Collection (Allocation Rate)
[13.854s][info][gc,task     ] GC(17) Using 3 workers
[13.854s][info][gc,phases   ] GC(17) Pause Mark Start 0.015ms
[13.923s][info][gc,phases   ] GC(17) Concurrent Mark 67.859ms
[13.923s][info][gc,phases   ] GC(17) Pause Mark End 0.028ms
[13.923s][info][gc,phases   ] GC(17) Concurrent Mark Free 0.001ms
[13.936s][info][gc,phases   ] GC(17) Concurrent Process Non-Strong References 12.675ms
[13.936s][info][gc,phases   ] GC(17) Concurrent Reset Relocation Set 0.056ms
[13.946s][info][gc,phases   ] GC(17) Concurrent Select Relocation Set 9.993ms
[13.946s][info][gc,phases   ] GC(17) Pause Relocate Start 0.009ms
[13.953s][info][gc,phases   ] GC(17) Concurrent Relocate 5.684ms
[13.953s][info][gc,load     ] GC(17) Load: 0.00/0.00/0.00
[13.953s][info][gc,mmu      ] GC(17) MMU: 2ms/98.2%, 5ms/99.3%, 10ms/99.6%, 20ms/99.8%, 50ms/99.9%, 100ms/99.9%
[13.953s][info][gc,marking  ] GC(17) Mark: 2 stripe(s), 3 proactive flush(es), 1 terminate flush(es), 0 completion(s), 0 continuation(s) 
[13.953s][info][gc,marking  ] GC(17) Mark Stack Usage: 32M
[13.953s][info][gc,nmethod  ] GC(17) NMethods: 7777 registered, 2077 unregistered
[13.953s][info][gc,metaspace] GC(17) Metaspace: 69M used, 70M committed, 1088M reserved
[13.953s][info][gc,ref      ] GC(17) Soft: 3815 encountered, 0 discovered, 0 enqueued
[13.953s][info][gc,ref      ] GC(17) Weak: 10639 encountered, 1641 discovered, 0 enqueued
[13.953s][info][gc,ref      ] GC(17) Final: 289 encountered, 12 discovered, 0 enqueued
[13.953s][info][gc,ref      ] GC(17) Phantom: 425 encountered, 176 discovered, 0 enqueued
[13.953s][info][gc,reloc    ] GC(17) Small Pages: 380 / 760M, Empty: 400M, Relocated: 5M, In-Place: 0
[13.953s][info][gc,reloc    ] GC(17) Medium Pages: 0 / 0M, Empty: 0M, Relocated: 0M, In-Place: 0
[13.953s][info][gc,reloc    ] GC(17) Large Pages: 0 / 0M, Empty: 0M, Relocated: 0M, In-Place: 0
[13.953s][info][gc,reloc    ] GC(17) Forwarding Usage: 1M
[13.953s][info][gc,heap     ] GC(17) Min Capacity: 8M(0%)
[13.953s][info][gc,heap     ] GC(17) Max Capacity: 2048M(100%)
[13.953s][info][gc,heap     ] GC(17) Soft Max Capacity: 2048M(100%)
[13.953s][info][gc,heap     ] GC(17)                Mark Start          Mark End        Relocate Start      Relocate End           High               Low         
[13.953s][info][gc,heap     ] GC(17)  Capacity:     2048M (100%)       2048M (100%)       2048M (100%)       2048M (100%)       2048M (100%)       2048M (100%)   
[13.953s][info][gc,heap     ] GC(17)      Free:     1288M (63%)        1026M (50%)        1350M (66%)        1632M (80%)        1632M (80%)         984M (48%)    
[13.953s][info][gc,heap     ] GC(17)      Used:      760M (37%)        1022M (50%)         698M (34%)         416M (20%)        1064M (52%)         416M (20%)    
[13.953s][info][gc,heap     ] GC(17)      Live:         -                51M (3%)           51M (3%)           51M (3%)             -                  -          
[13.953s][info][gc,heap     ] GC(17) Allocated:         -               262M (13%)         338M (17%)         353M (17%)            -                  -          
[13.953s][info][gc,heap     ] GC(17)   Garbage:         -               708M (35%)         308M (15%)          11M (1%)             -                  -          
[13.953s][info][gc,heap     ] GC(17) Reclaimed:         -                  -               400M (20%)         697M (34%)            -                  -          
[13.953s][info][gc          ] GC(17) Garbage Collection (Allocation Rate) 760M(37%)->416M(20%)
[14.055s][info][gc,start    ] GC(18) Garbage Collection (Allocation Rate)
[14.055s][info][gc,task     ] GC(18) Using 3 workers
[14.055s][info][gc,phases   ] GC(18) Pause Mark Start 0.011ms
[14.119s][info][gc,phases   ] GC(18) Concurrent Mark 64.324ms
[14.120s][info][gc,phases   ] GC(18) Pause Mark End 0.027ms
[14.129s][info][gc,phases   ] GC(18) Concurrent Mark Free 0.003ms
[14.145s][info][gc,phases   ] GC(18) Concurrent Process Non-Strong References 16.432ms
[14.145s][info][gc,phases   ] GC(18) Concurrent Reset Relocation Set 0.049ms
[14.151s][info][gc,phases   ] GC(18) Concurrent Select Relocation Set 5.324ms
[14.151s][info][gc,phases   ] GC(18) Pause Relocate Start 0.009ms
[14.157s][info][gc,phases   ] GC(18) Concurrent Relocate 5.599ms
[14.157s][info][gc,load     ] GC(18) Load: 0.00/0.00/0.00
[14.157s][info][gc,mmu      ] GC(18) MMU: 2ms/98.2%, 5ms/99.3%, 10ms/99.6%, 20ms/99.8%, 50ms/99.9%, 100ms/99.9%
[14.157s][info][gc,marking  ] GC(18) Mark: 2 stripe(s), 2 proactive flush(es), 1 terminate flush(es), 0 completion(s), 0 continuation(s) 
[14.157s][info][gc,marking  ] GC(18) Mark Stack Usage: 32M
[14.157s][info][gc,nmethod  ] GC(18) NMethods: 7795 registered, 2164 unregistered
[14.157s][info][gc,metaspace] GC(18) Metaspace: 69M used, 70M committed, 1088M reserved
[14.157s][info][gc,ref      ] GC(18) Soft: 3815 encountered, 0 discovered, 0 enqueued
[14.157s][info][gc,ref      ] GC(18) Weak: 10639 encountered, 1356 discovered, 0 enqueued
[14.157s][info][gc,ref      ] GC(18) Final: 289 encountered, 10 discovered, 0 enqueued
[14.158s][info][gc,ref      ] GC(18) Phantom: 425 encountered, 223 discovered, 0 enqueued
[14.158s][info][gc,reloc    ] GC(18) Small Pages: 402 / 804M, Empty: 442M, Relocated: 5M, In-Place: 0
[14.158s][info][gc,reloc    ] GC(18) Medium Pages: 0 / 0M, Empty: 0M, Relocated: 0M, In-Place: 0
[14.158s][info][gc,reloc    ] GC(18) Large Pages: 0 / 0M, Empty: 0M, Relocated: 0M, In-Place: 0
[14.158s][info][gc,reloc    ] GC(18) Forwarding Usage: 1M
[14.158s][info][gc,heap     ] GC(18) Min Capacity: 8M(0%)
[14.158s][info][gc,heap     ] GC(18) Max Capacity: 2048M(100%)
[14.158s][info][gc,heap     ] GC(18) Soft Max Capacity: 2048M(100%)
[14.158s][info][gc,heap     ] GC(18)                Mark Start          Mark End        Relocate Start      Relocate End           High               Low         
[14.158s][info][gc,heap     ] GC(18)  Capacity:     2048M (100%)       2048M (100%)       2048M (100%)       2048M (100%)       2048M (100%)       2048M (100%)   
[14.158s][info][gc,heap     ] GC(18)      Free:     1244M (61%)         994M (49%)        1318M (64%)        1600M (78%)        1602M (78%)         896M (44%)    
[14.158s][info][gc,heap     ] GC(18)      Used:      804M (39%)        1054M (51%)         730M (36%)         448M (22%)        1152M (56%)         446M (22%)    
[14.158s][info][gc,heap     ] GC(18)      Live:         -                51M (3%)           51M (3%)           51M (3%)             -                  -          
[14.158s][info][gc,heap     ] GC(18) Allocated:         -               250M (12%)         368M (18%)         384M (19%)            -                  -          
[14.158s][info][gc,heap     ] GC(18)   Garbage:         -               752M (37%)         310M (15%)          11M (1%)             -                  -          
[14.158s][info][gc,heap     ] GC(18) Reclaimed:         -                  -               442M (22%)         740M (36%)            -                  -          
[14.158s][info][gc          ] GC(18) Garbage Collection (Allocation Rate) 804M(39%)->448M(22%)
[14.254s][info][gc,start    ] GC(19) Garbage Collection (Allocation Rate)
[14.254s][info][gc,task     ] GC(19) Using 3 workers
[14.255s][info][gc,phases   ] GC(19) Pause Mark Start 0.010ms
[14.330s][info][gc,phases   ] GC(19) Concurrent Mark 74.942ms
[14.330s][info][gc,phases   ] GC(19) Pause Mark End 0.021ms
[14.331s][info][gc,phases   ] GC(19) Concurrent Mark Free 0.002ms
[14.342s][info][gc,phases   ] GC(19) Concurrent Process Non-Strong References 10.065ms
[14.342s][info][gc,phases   ] GC(19) Concurrent Reset Relocation Set 0.045ms
[14.352s][info][gc,phases   ] GC(19) Concurrent Select Relocation Set 10.474ms
[14.352s][info][gc,phases   ] GC(19) Pause Relocate Start 0.008ms
[14.359s][info][gc,phases   ] GC(19) Concurrent Relocate 5.951ms
[14.359s][info][gc,load     ] GC(19) Load: 0.00/0.00/0.00
[14.359s][info][gc,mmu      ] GC(19) MMU: 2ms/98.2%, 5ms/99.3%, 10ms/99.6%, 20ms/99.8%, 50ms/99.9%, 100ms/99.9%
[14.359s][info][gc,marking  ] GC(19) Mark: 2 stripe(s), 2 proactive flush(es), 1 terminate flush(es), 0 completion(s), 0 continuation(s) 
[14.359s][info][gc,marking  ] GC(19) Mark Stack Usage: 32M
[14.359s][info][gc,nmethod  ] GC(19) NMethods: 7791 registered, 2261 unregistered
[14.359s][info][gc,metaspace] GC(19) Metaspace: 69M used, 70M committed, 1088M reserved
[14.359s][info][gc,ref      ] GC(19) Soft: 3815 encountered, 0 discovered, 0 enqueued
[14.359s][info][gc,ref      ] GC(19) Weak: 10639 encountered, 1489 discovered, 0 enqueued
[14.359s][info][gc,ref      ] GC(19) Final: 289 encountered, 23 discovered, 0 enqueued
[14.359s][info][gc,ref      ] GC(19) Phantom: 425 encountered, 218 discovered, 0 enqueued
[14.359s][info][gc,reloc    ] GC(19) Small Pages: 411 / 822M, Empty: 434M, Relocated: 5M, In-Place: 0
[14.359s][info][gc,reloc    ] GC(19) Medium Pages: 0 / 0M, Empty: 0M, Relocated: 0M, In-Place: 0
[14.359s][info][gc,reloc    ] GC(19) Large Pages: 0 / 0M, Empty: 0M, Relocated: 0M, In-Place: 0
[14.359s][info][gc,reloc    ] GC(19) Forwarding Usage: 1M
[14.359s][info][gc,heap     ] GC(19) Min Capacity: 8M(0%)
[14.359s][info][gc,heap     ] GC(19) Max Capacity: 2048M(100%)
[14.359s][info][gc,heap     ] GC(19) Soft Max Capacity: 2048M(100%)
[14.359s][info][gc,heap     ] GC(19)                Mark Start          Mark End        Relocate Start      Relocate End           High               Low         
[14.359s][info][gc,heap     ] GC(19)  Capacity:     2048M (100%)       2048M (100%)       2048M (100%)       2048M (100%)       2048M (100%)       2048M (100%)   
[14.359s][info][gc,heap     ] GC(19)      Free:     1226M (60%)         898M (44%)        1234M (60%)        1536M (75%)        1540M (75%)         846M (41%)    
[14.359s][info][gc,heap     ] GC(19)      Used:      822M (40%)        1150M (56%)         814M (40%)         512M (25%)        1202M (59%)         508M (25%)    
[14.359s][info][gc,heap     ] GC(19)      Live:         -                51M (3%)           51M (3%)           51M (3%)             -                  -          
[14.359s][info][gc,heap     ] GC(19) Allocated:         -               328M (16%)         426M (21%)         448M (22%)            -                  -          
[14.359s][info][gc,heap     ] GC(19)   Garbage:         -               770M (38%)         336M (16%)          11M (1%)             -                  -          
[14.359s][info][gc,heap     ] GC(19) Reclaimed:         -                  -               434M (21%)         758M (37%)            -                  -          
[14.359s][info][gc          ] GC(19) Garbage Collection (Allocation Rate) 822M(40%)->512M(25%)
[14.454s][info][gc,start    ] GC(20) Garbage Collection (Allocation Rate)
[14.454s][info][gc,task     ] GC(20) Using 3 workers
[14.454s][info][gc,phases   ] GC(20) Pause Mark Start 0.010ms
[14.526s][info][gc,phases   ] GC(20) Concurrent Mark 71.025ms
[14.526s][info][gc,phases   ] GC(20) Pause Mark End 0.022ms
[14.526s][info][gc,phases   ] GC(20) Concurrent Mark Free 0.001ms
[14.535s][info][gc,phases   ] GC(20) Concurrent Process Non-Strong References 9.028ms
[14.536s][info][gc,phases   ] GC(20) Concurrent Reset Relocation Set 0.054ms
[14.543s][info][gc,phases   ] GC(20) Concurrent Select Relocation Set 7.786ms
[14.544s][info][gc,phases   ] GC(20) Pause Relocate Start 0.007ms
[14.550s][info][gc,phases   ] GC(20) Concurrent Relocate 6.173ms
[14.550s][info][gc,load     ] GC(20) Load: 0.00/0.00/0.00
[14.550s][info][gc,mmu      ] GC(20) MMU: 2ms/98.2%, 5ms/99.3%, 10ms/99.6%, 20ms/99.8%, 50ms/99.9%, 100ms/99.9%
[14.550s][info][gc,marking  ] GC(20) Mark: 2 stripe(s), 3 proactive flush(es), 1 terminate flush(es), 0 completion(s), 0 continuation(s) 
[14.550s][info][gc,marking  ] GC(20) Mark Stack Usage: 32M
[14.550s][info][gc,nmethod  ] GC(20) NMethods: 7795 registered, 2276 unregistered
[14.550s][info][gc,metaspace] GC(20) Metaspace: 69M used, 70M committed, 1088M reserved
[14.550s][info][gc,ref      ] GC(20) Soft: 3815 encountered, 0 discovered, 0 enqueued
[14.550s][info][gc,ref      ] GC(20) Weak: 10639 encountered, 1568 discovered, 0 enqueued
[14.550s][info][gc,ref      ] GC(20) Final: 289 encountered, 15 discovered, 0 enqueued
[14.551s][info][gc,ref      ] GC(20) Phantom: 425 encountered, 253 discovered, 0 enqueued
[14.551s][info][gc,reloc    ] GC(20) Small Pages: 487 / 974M, Empty: 588M, Relocated: 5M, In-Place: 0
[14.551s][info][gc,reloc    ] GC(20) Medium Pages: 0 / 0M, Empty: 0M, Relocated: 0M, In-Place: 0
[14.551s][info][gc,reloc    ] GC(20) Large Pages: 0 / 0M, Empty: 0M, Relocated: 0M, In-Place: 0
[14.551s][info][gc,reloc    ] GC(20) Forwarding Usage: 1M
[14.551s][info][gc,heap     ] GC(20) Min Capacity: 8M(0%)
[14.551s][info][gc,heap     ] GC(20) Max Capacity: 2048M(100%)
[14.551s][info][gc,heap     ] GC(20) Soft Max Capacity: 2048M(100%)
[14.551s][info][gc,heap     ] GC(20)                Mark Start          Mark End        Relocate Start      Relocate End           High               Low         
[14.551s][info][gc,heap     ] GC(20)  Capacity:     2048M (100%)       2048M (100%)       2048M (100%)       2048M (100%)       2048M (100%)       2048M (100%)   
[14.551s][info][gc,heap     ] GC(20)      Free:     1074M (52%)         766M (37%)        1278M (62%)        1580M (77%)        1582M (77%)         728M (36%)    
[14.551s][info][gc,heap     ] GC(20)      Used:      974M (48%)        1282M (63%)         770M (38%)         468M (23%)        1320M (64%)         466M (23%)    
[14.551s][info][gc,heap     ] GC(20)      Live:         -                51M (3%)           51M (3%)           51M (3%)             -                  -          
[14.551s][info][gc,heap     ] GC(20) Allocated:         -               308M (15%)         384M (19%)         404M (20%)            -                  -          
[14.551s][info][gc,heap     ] GC(20)   Garbage:         -               922M (45%)         334M (16%)          11M (1%)             -                  -          
[14.551s][info][gc,heap     ] GC(20) Reclaimed:         -                  -               588M (29%)         910M (44%)            -                  -          
[14.551s][info][gc          ] GC(20) Garbage Collection (Allocation Rate) 974M(48%)->468M(23%)
[14.655s][info][gc,start    ] GC(21) Garbage Collection (Allocation Rate)
[14.655s][info][gc,task     ] GC(21) Using 3 workers
[14.655s][info][gc,phases   ] GC(21) Pause Mark Start 0.010ms
[14.721s][info][gc,phases   ] GC(21) Concurrent Mark 66.222ms
[14.722s][info][gc,phases   ] GC(21) Pause Mark End 0.022ms
[14.724s][info][gc,phases   ] GC(21) Concurrent Mark Free 0.002ms
[14.733s][info][gc,phases   ] GC(21) Concurrent Process Non-Strong References 9.273ms
[14.733s][info][gc,phases   ] GC(21) Concurrent Reset Relocation Set 0.047ms
[14.738s][info][gc,phases   ] GC(21) Concurrent Select Relocation Set 5.047ms
[14.739s][info][gc,phases   ] GC(21) Pause Relocate Start 0.008ms
[14.744s][info][gc,phases   ] GC(21) Concurrent Relocate 5.329ms
[14.744s][info][gc,load     ] GC(21) Load: 0.00/0.00/0.00
[14.745s][info][gc,mmu      ] GC(21) MMU: 2ms/98.2%, 5ms/99.3%, 10ms/99.6%, 20ms/99.8%, 50ms/99.9%, 100ms/99.9%
[14.745s][info][gc,marking  ] GC(21) Mark: 2 stripe(s), 2 proactive flush(es), 1 terminate flush(es), 0 completion(s), 0 continuation(s) 
[14.745s][info][gc,marking  ] GC(21) Mark Stack Usage: 32M
[14.745s][info][gc,nmethod  ] GC(21) NMethods: 7789 registered, 2282 unregistered
[14.745s][info][gc,metaspace] GC(21) Metaspace: 69M used, 70M committed, 1088M reserved
[14.745s][info][gc,ref      ] GC(21) Soft: 3815 encountered, 0 discovered, 0 enqueued
[14.745s][info][gc,ref      ] GC(21) Weak: 10639 encountered, 1622 discovered, 0 enqueued
[14.745s][info][gc,ref      ] GC(21) Final: 289 encountered, 11 discovered, 0 enqueued
[14.745s][info][gc,ref      ] GC(21) Phantom: 425 encountered, 195 discovered, 0 enqueued
[14.745s][info][gc,reloc    ] GC(21) Small Pages: 486 / 972M, Empty: 562M, Relocated: 5M, In-Place: 0
[14.745s][info][gc,reloc    ] GC(21) Medium Pages: 0 / 0M, Empty: 0M, Relocated: 0M, In-Place: 0
[14.745s][info][gc,reloc    ] GC(21) Large Pages: 0 / 0M, Empty: 0M, Relocated: 0M, In-Place: 0
[14.745s][info][gc,reloc    ] GC(21) Forwarding Usage: 1M
[14.745s][info][gc,heap     ] GC(21) Min Capacity: 8M(0%)
[14.745s][info][gc,heap     ] GC(21) Max Capacity: 2048M(100%)
[14.745s][info][gc,heap     ] GC(21) Soft Max Capacity: 2048M(100%)
[14.745s][info][gc,heap     ] GC(21)                Mark Start          Mark End        Relocate Start      Relocate End           High               Low         
[14.745s][info][gc,heap     ] GC(21)  Capacity:     2048M (100%)       2048M (100%)       2048M (100%)       2048M (100%)       2048M (100%)       2048M (100%)   
[14.745s][info][gc,heap     ] GC(21)      Free:     1076M (53%)         760M (37%)        1244M (61%)        1574M (77%)        1574M (77%)         706M (34%)    
[14.745s][info][gc,heap     ] GC(21)      Used:      972M (47%)        1288M (63%)         804M (39%)         474M (23%)        1342M (66%)         474M (23%)    
[14.745s][info][gc,heap     ] GC(21)      Live:         -                51M (3%)           51M (3%)           51M (3%)             -                  -          
[14.745s][info][gc,heap     ] GC(21) Allocated:         -               316M (15%)         394M (19%)         411M (20%)            -                  -          
[14.745s][info][gc,heap     ] GC(21)   Garbage:         -               920M (45%)         358M (17%)          11M (1%)             -                  -          
[14.745s][info][gc,heap     ] GC(21) Reclaimed:         -                  -               562M (27%)         909M (44%)            -                  -          
[14.745s][info][gc          ] GC(21) Garbage Collection (Allocation Rate) 972M(47%)->474M(23%)
[14.854s][info][gc,start    ] GC(22) Garbage Collection (Allocation Rate)
[14.854s][info][gc,task     ] GC(22) Using 3 workers
[14.855s][info][gc,phases   ] GC(22) Pause Mark Start 0.010ms
[14.917s][info][gc,phases   ] GC(22) Concurrent Mark 62.238ms
[14.917s][info][gc,phases   ] GC(22) Pause Mark End 0.024ms
[14.919s][info][gc,phases   ] GC(22) Concurrent Mark Free 0.002ms
[14.929s][info][gc,phases   ] GC(22) Concurrent Process Non-Strong References 10.013ms
[14.929s][info][gc,phases   ] GC(22) Concurrent Reset Relocation Set 0.046ms
[14.937s][info][gc,phases   ] GC(22) Concurrent Select Relocation Set 8.407ms
[14.938s][info][gc,phases   ] GC(22) Pause Relocate Start 0.009ms
[14.944s][info][gc,phases   ] GC(22) Concurrent Relocate 6.120ms
[14.944s][info][gc,load     ] GC(22) Load: 0.00/0.00/0.00
[14.944s][info][gc,mmu      ] GC(22) MMU: 2ms/98.2%, 5ms/99.3%, 10ms/99.6%, 20ms/99.8%, 50ms/99.9%, 100ms/99.9%
[14.944s][info][gc,marking  ] GC(22) Mark: 2 stripe(s), 3 proactive flush(es), 1 terminate flush(es), 0 completion(s), 0 continuation(s) 
[14.944s][info][gc,marking  ] GC(22) Mark Stack Usage: 32M
[14.944s][info][gc,nmethod  ] GC(22) NMethods: 7796 registered, 2284 unregistered
[14.944s][info][gc,metaspace] GC(22) Metaspace: 69M used, 70M committed, 1088M reserved
[14.944s][info][gc,ref      ] GC(22) Soft: 3815 encountered, 0 discovered, 0 enqueued
[14.944s][info][gc,ref      ] GC(22) Weak: 10639 encountered, 1506 discovered, 0 enqueued
[14.944s][info][gc,ref      ] GC(22) Final: 289 encountered, 13 discovered, 0 enqueued
[14.944s][info][gc,ref      ] GC(22) Phantom: 425 encountered, 230 discovered, 0 enqueued
[14.944s][info][gc,reloc    ] GC(22) Small Pages: 508 / 1016M, Empty: 636M, Relocated: 5M, In-Place: 0
[14.944s][info][gc,reloc    ] GC(22) Medium Pages: 0 / 0M, Empty: 0M, Relocated: 0M, In-Place: 0
[14.944s][info][gc,reloc    ] GC(22) Large Pages: 0 / 0M, Empty: 0M, Relocated: 0M, In-Place: 0
[14.944s][info][gc,reloc    ] GC(22) Forwarding Usage: 1M
[14.944s][info][gc,heap     ] GC(22) Min Capacity: 8M(0%)
[14.944s][info][gc,heap     ] GC(22) Max Capacity: 2048M(100%)
[14.944s][info][gc,heap     ] GC(22) Soft Max Capacity: 2048M(100%)
[14.944s][info][gc,heap     ] GC(22)                Mark Start          Mark End        Relocate Start      Relocate End           High               Low         
[14.944s][info][gc,heap     ] GC(22)  Capacity:     2048M (100%)       2048M (100%)       2048M (100%)       2048M (100%)       2048M (100%)       2048M (100%)   
[14.944s][info][gc,heap     ] GC(22)      Free:     1032M (50%)         730M (36%)        1274M (62%)        1568M (77%)        1572M (77%)         672M (33%)    
[14.944s][info][gc,heap     ] GC(22)      Used:     1016M (50%)        1318M (64%)         774M (38%)         480M (23%)        1376M (67%)         476M (23%)    
[14.945s][info][gc,heap     ] GC(22)      Live:         -                51M (3%)           51M (3%)           51M (3%)             -                  -          
[14.945s][info][gc,heap     ] GC(22) Allocated:         -               302M (15%)         394M (19%)         416M (20%)            -                  -          
[14.945s][info][gc,heap     ] GC(22)   Garbage:         -               964M (47%)         328M (16%)          11M (1%)             -                  -          
[14.945s][info][gc,heap     ] GC(22) Reclaimed:         -                  -               636M (31%)         952M (47%)            -                  -          
[14.945s][info][gc          ] GC(22) Garbage Collection (Allocation Rate) 1016M(50%)->480M(23%)
[15.054s][info][gc,start    ] GC(23) Garbage Collection (Allocation Rate)
[15.054s][info][gc,task     ] GC(23) Using 3 workers
[15.054s][info][gc,phases   ] GC(23) Pause Mark Start 0.010ms
[15.107s][info][gc,phases   ] GC(23) Concurrent Mark 52.245ms
[15.107s][info][gc,phases   ] GC(23) Pause Mark End 0.025ms
[15.110s][info][gc,phases   ] GC(23) Concurrent Mark Free 0.001ms
[15.123s][info][gc,phases   ] GC(23) Concurrent Process Non-Strong References 12.462ms
[15.123s][info][gc,phases   ] GC(23) Concurrent Reset Relocation Set 0.048ms
[15.131s][info][gc,phases   ] GC(23) Concurrent Select Relocation Set 7.585ms
[15.131s][info][gc,phases   ] GC(23) Pause Relocate Start 0.009ms
[15.136s][info][gc,phases   ] GC(23) Concurrent Relocate 5.187ms
[15.137s][info][gc,load     ] GC(23) Load: 0.00/0.00/0.00
[15.137s][info][gc,mmu      ] GC(23) MMU: 2ms/98.2%, 5ms/99.3%, 10ms/99.6%, 20ms/99.8%, 50ms/99.9%, 100ms/99.9%
[15.137s][info][gc,marking  ] GC(23) Mark: 2 stripe(s), 2 proactive flush(es), 1 terminate flush(es), 0 completion(s), 0 continuation(s) 
[15.137s][info][gc,marking  ] GC(23) Mark Stack Usage: 32M
[15.137s][info][gc,nmethod  ] GC(23) NMethods: 7795 registered, 2286 unregistered
[15.137s][info][gc,metaspace] GC(23) Metaspace: 69M used, 70M committed, 1088M reserved
[15.137s][info][gc,ref      ] GC(23) Soft: 3815 encountered, 0 discovered, 0 enqueued
[15.137s][info][gc,ref      ] GC(23) Weak: 10639 encountered, 1336 discovered, 0 enqueued
[15.137s][info][gc,ref      ] GC(23) Final: 289 encountered, 10 discovered, 0 enqueued
[15.137s][info][gc,ref      ] GC(23) Phantom: 425 encountered, 225 discovered, 0 enqueued
[15.137s][info][gc,reloc    ] GC(23) Small Pages: 514 / 1028M, Empty: 652M, Relocated: 5M, In-Place: 0
[15.137s][info][gc,reloc    ] GC(23) Medium Pages: 0 / 0M, Empty: 0M, Relocated: 0M, In-Place: 0
[15.137s][info][gc,reloc    ] GC(23) Large Pages: 0 / 0M, Empty: 0M, Relocated: 0M, In-Place: 0
[15.137s][info][gc,reloc    ] GC(23) Forwarding Usage: 1M
[15.137s][info][gc,heap     ] GC(23) Min Capacity: 8M(0%)
[15.137s][info][gc,heap     ] GC(23) Max Capacity: 2048M(100%)
[15.137s][info][gc,heap     ] GC(23) Soft Max Capacity: 2048M(100%)
[15.137s][info][gc,heap     ] GC(23)                Mark Start          Mark End        Relocate Start      Relocate End           High               Low         
[15.137s][info][gc,heap     ] GC(23)  Capacity:     2048M (100%)       2048M (100%)       2048M (100%)       2048M (100%)       2048M (100%)       2048M (100%)   
[15.137s][info][gc,heap     ] GC(23)      Free:     1020M (50%)         760M (37%)        1300M (63%)        1596M (78%)        1598M (78%)         682M (33%)    
[15.137s][info][gc,heap     ] GC(23)      Used:     1028M (50%)        1288M (63%)         748M (37%)         452M (22%)        1366M (67%)         450M (22%)    
[15.137s][info][gc,heap     ] GC(23)      Live:         -                51M (3%)           51M (3%)           51M (3%)             -                  -          
[15.137s][info][gc,heap     ] GC(23) Allocated:         -               260M (13%)         372M (18%)         388M (19%)            -                  -          
[15.137s][info][gc,heap     ] GC(23)   Garbage:         -               976M (48%)         324M (16%)          11M (1%)             -                  -          
[15.137s][info][gc,heap     ] GC(23) Reclaimed:         -                  -               652M (32%)         964M (47%)            -                  -          
[15.137s][info][gc          ] GC(23) Garbage Collection (Allocation Rate) 1028M(50%)->452M(22%)
[15.155s][info][gc,start    ] GC(24) Garbage Collection (Allocation Rate)
[15.155s][info][gc,task     ] GC(24) Using 3 workers
[15.155s][info][gc,phases   ] GC(24) Pause Mark Start 0.014ms
[15.220s][info][gc,phases   ] GC(24) Concurrent Mark 64.242ms
[15.220s][info][gc,phases   ] GC(24) Pause Mark End 0.022ms
[15.220s][info][gc,phases   ] GC(24) Concurrent Mark Free 0.001ms
[15.229s][info][gc,phases   ] GC(24) Concurrent Process Non-Strong References 8.904ms
[15.230s][info][gc,phases   ] GC(24) Concurrent Reset Relocation Set 0.039ms
[15.237s][info][gc,phases   ] GC(24) Concurrent Select Relocation Set 7.136ms
[15.237s][info][gc,phases   ] GC(24) Pause Relocate Start 0.011ms
[15.244s][info][gc,phases   ] GC(24) Concurrent Relocate 6.996ms
[15.245s][info][gc,load     ] GC(24) Load: 0.00/0.00/0.00
[15.245s][info][gc,mmu      ] GC(24) MMU: 2ms/98.2%, 5ms/99.3%, 10ms/99.6%, 20ms/99.8%, 50ms/99.9%, 100ms/99.9%
[15.245s][info][gc,marking  ] GC(24) Mark: 2 stripe(s), 2 proactive flush(es), 1 terminate flush(es), 0 completion(s), 0 continuation(s) 
[15.245s][info][gc,marking  ] GC(24) Mark Stack Usage: 32M
[15.245s][info][gc,nmethod  ] GC(24) NMethods: 7795 registered, 2287 unregistered
[15.245s][info][gc,metaspace] GC(24) Metaspace: 69M used, 70M committed, 1088M reserved
[15.245s][info][gc,ref      ] GC(24) Soft: 3815 encountered, 0 discovered, 0 enqueued
[15.245s][info][gc,ref      ] GC(24) Weak: 10639 encountered, 1393 discovered, 0 enqueued
[15.245s][info][gc,ref      ] GC(24) Final: 289 encountered, 19 discovered, 0 enqueued
[15.245s][info][gc,ref      ] GC(24) Phantom: 425 encountered, 221 discovered, 0 enqueued
[15.245s][info][gc,reloc    ] GC(24) Small Pages: 274 / 548M, Empty: 244M, Relocated: 5M, In-Place: 0
[15.245s][info][gc,reloc    ] GC(24) Medium Pages: 0 / 0M, Empty: 0M, Relocated: 0M, In-Place: 0
[15.245s][info][gc,reloc    ] GC(24) Large Pages: 0 / 0M, Empty: 0M, Relocated: 0M, In-Place: 0
[15.245s][info][gc,reloc    ] GC(24) Forwarding Usage: 1M
[15.245s][info][gc,heap     ] GC(24) Min Capacity: 8M(0%)
[15.245s][info][gc,heap     ] GC(24) Max Capacity: 2048M(100%)
[15.245s][info][gc,heap     ] GC(24) Soft Max Capacity: 2048M(100%)
[15.245s][info][gc,heap     ] GC(24)                Mark Start          Mark End        Relocate Start      Relocate End           High               Low         
[15.245s][info][gc,heap     ] GC(24)  Capacity:     2048M (100%)       2048M (100%)       2048M (100%)       2048M (100%)       2048M (100%)       2048M (100%)   
[15.245s][info][gc,heap     ] GC(24)      Free:     1500M (73%)        1200M (59%)        1364M (67%)        1578M (77%)        1582M (77%)        1154M (56%)    
[15.245s][info][gc,heap     ] GC(24)      Used:      548M (27%)         848M (41%)         684M (33%)         470M (23%)         894M (44%)         466M (23%)    
[15.245s][info][gc,heap     ] GC(24)      Live:         -                51M (3%)           51M (3%)           51M (3%)             -                  -          
[15.245s][info][gc,heap     ] GC(24) Allocated:         -               300M (15%)         380M (19%)         407M (20%)            -                  -          
[15.245s][info][gc,heap     ] GC(24)   Garbage:         -               496M (24%)         252M (12%)          11M (1%)             -                  -          
[15.245s][info][gc,heap     ] GC(24) Reclaimed:         -                  -               244M (12%)         485M (24%)            -                  -          
[15.245s][info][gc          ] GC(24) Garbage Collection (Allocation Rate) 548M(27%)->470M(23%)
[15.255s][info][gc,start    ] GC(25) Garbage Collection (Allocation Rate)
[15.255s][info][gc,task     ] GC(25) Using 3 workers
[15.255s][info][gc,phases   ] GC(25) Pause Mark Start 0.011ms
[15.321s][info][gc,phases   ] GC(25) Concurrent Mark 65.268ms
[15.321s][info][gc,phases   ] GC(25) Pause Mark End 0.021ms
[15.321s][info][gc,phases   ] GC(25) Concurrent Mark Free 0.001ms
[15.330s][info][gc,phases   ] GC(25) Concurrent Process Non-Strong References 9.217ms
[15.330s][info][gc,phases   ] GC(25) Concurrent Reset Relocation Set 0.042ms
[15.335s][info][gc,phases   ] GC(25) Concurrent Select Relocation Set 4.871ms
[15.336s][info][gc,phases   ] GC(25) Pause Relocate Start 0.008ms
[15.344s][info][gc,phases   ] GC(25) Concurrent Relocate 7.581ms
[15.344s][info][gc,load     ] GC(25) Load: 0.00/0.00/0.00
[15.344s][info][gc,mmu      ] GC(25) MMU: 2ms/98.2%, 5ms/99.3%, 10ms/99.6%, 20ms/99.8%, 50ms/99.9%, 100ms/99.9%
[15.344s][info][gc,marking  ] GC(25) Mark: 2 stripe(s), 3 proactive flush(es), 1 terminate flush(es), 0 completion(s), 0 continuation(s) 
[15.344s][info][gc,marking  ] GC(25) Mark Stack Usage: 32M
[15.344s][info][gc,nmethod  ] GC(25) NMethods: 7796 registered, 2287 unregistered
[15.344s][info][gc,metaspace] GC(25) Metaspace: 69M used, 70M committed, 1088M reserved
[15.344s][info][gc,ref      ] GC(25) Soft: 3815 encountered, 0 discovered, 0 enqueued
[15.344s][info][gc,ref      ] GC(25) Weak: 10639 encountered, 1497 discovered, 0 enqueued
[15.344s][info][gc,ref      ] GC(25) Final: 289 encountered, 12 discovered, 0 enqueued
[15.344s][info][gc,ref      ] GC(25) Phantom: 425 encountered, 233 discovered, 0 enqueued
[15.344s][info][gc,reloc    ] GC(25) Small Pages: 262 / 524M, Empty: 180M, Relocated: 5M, In-Place: 0
[15.344s][info][gc,reloc    ] GC(25) Medium Pages: 0 / 0M, Empty: 0M, Relocated: 0M, In-Place: 0
[15.344s][info][gc,reloc    ] GC(25) Large Pages: 0 / 0M, Empty: 0M, Relocated: 0M, In-Place: 0
[15.344s][info][gc,reloc    ] GC(25) Forwarding Usage: 1M
[15.344s][info][gc,heap     ] GC(25) Min Capacity: 8M(0%)
[15.344s][info][gc,heap     ] GC(25) Max Capacity: 2048M(100%)
[15.344s][info][gc,heap     ] GC(25) Soft Max Capacity: 2048M(100%)
[15.344s][info][gc,heap     ] GC(25)                Mark Start          Mark End        Relocate Start      Relocate End           High               Low         
[15.344s][info][gc,heap     ] GC(25)  Capacity:     2048M (100%)       2048M (100%)       2048M (100%)       2048M (100%)       2048M (100%)       2048M (100%)   
[15.344s][info][gc,heap     ] GC(25)      Free:     1524M (74%)        1206M (59%)        1316M (64%)        1566M (76%)        1570M (77%)        1160M (57%)    
[15.344s][info][gc,heap     ] GC(25)      Used:      524M (26%)         842M (41%)         732M (36%)         482M (24%)         888M (43%)         478M (23%)    
[15.344s][info][gc,heap     ] GC(25)      Live:         -                51M (3%)           51M (3%)           51M (3%)             -                  -          
[15.344s][info][gc,heap     ] GC(25) Allocated:         -               318M (16%)         388M (19%)         418M (20%)            -                  -          
[15.344s][info][gc,heap     ] GC(25)   Garbage:         -               472M (23%)         292M (14%)          11M (1%)             -                  -          
[15.344s][info][gc,heap     ] GC(25) Reclaimed:         -                  -               180M (9%)          460M (23%)            -                  -          
[15.344s][info][gc          ] GC(25) Garbage Collection (Allocation Rate) 524M(26%)->482M(24%)
[15.355s][info][gc,start    ] GC(26) Garbage Collection (Allocation Rate)
[15.355s][info][gc,task     ] GC(26) Using 3 workers
[15.355s][info][gc,phases   ] GC(26) Pause Mark Start 0.008ms
[15.415s][info][gc,phases   ] GC(26) Concurrent Mark 60.288ms
[15.416s][info][gc,phases   ] GC(26) Pause Mark End 0.021ms
[15.416s][info][gc,phases   ] GC(26) Concurrent Mark Free 0.001ms
[15.428s][info][gc,phases   ] GC(26) Concurrent Process Non-Strong References 12.584ms
[15.429s][info][gc,phases   ] GC(26) Concurrent Reset Relocation Set 0.054ms
[15.435s][info][gc,phases   ] GC(26) Concurrent Select Relocation Set 6.417ms
[15.435s][info][gc,phases   ] GC(26) Pause Relocate Start 0.010ms
[15.441s][info][gc,phases   ] GC(26) Concurrent Relocate 5.579ms
[15.441s][info][gc,load     ] GC(26) Load: 0.00/0.00/0.00
[15.441s][info][gc,mmu      ] GC(26) MMU: 2ms/98.2%, 5ms/99.3%, 10ms/99.6%, 20ms/99.8%, 50ms/99.9%, 100ms/99.9%
[15.441s][info][gc,marking  ] GC(26) Mark: 2 stripe(s), 2 proactive flush(es), 1 terminate flush(es), 0 completion(s), 0 continuation(s) 
[15.441s][info][gc,marking  ] GC(26) Mark Stack Usage: 32M
[15.441s][info][gc,nmethod  ] GC(26) NMethods: 7800 registered, 2288 unregistered
[15.441s][info][gc,metaspace] GC(26) Metaspace: 69M used, 70M committed, 1088M reserved
[15.441s][info][gc,ref      ] GC(26) Soft: 3815 encountered, 0 discovered, 0 enqueued
[15.441s][info][gc,ref      ] GC(26) Weak: 10639 encountered, 1623 discovered, 0 enqueued
[15.442s][info][gc,ref      ] GC(26) Final: 289 encountered, 12 discovered, 0 enqueued
[15.442s][info][gc,ref      ] GC(26) Phantom: 425 encountered, 220 discovered, 0 enqueued
[15.442s][info][gc,reloc    ] GC(26) Small Pages: 269 / 538M, Empty: 230M, Relocated: 5M, In-Place: 0
[15.442s][info][gc,reloc    ] GC(26) Medium Pages: 0 / 0M, Empty: 0M, Relocated: 0M, In-Place: 0
[15.442s][info][gc,reloc    ] GC(26) Large Pages: 0 / 0M, Empty: 0M, Relocated: 0M, In-Place: 0
[15.442s][info][gc,reloc    ] GC(26) Forwarding Usage: 1M
[15.442s][info][gc,heap     ] GC(26) Min Capacity: 8M(0%)
[15.442s][info][gc,heap     ] GC(26) Max Capacity: 2048M(100%)
[15.442s][info][gc,heap     ] GC(26) Soft Max Capacity: 2048M(100%)
[15.442s][info][gc,heap     ] GC(26)                Mark Start          Mark End        Relocate Start      Relocate End           High               Low         
[15.442s][info][gc,heap     ] GC(26)  Capacity:     2048M (100%)       2048M (100%)       2048M (100%)       2048M (100%)       2048M (100%)       2048M (100%)   
[15.442s][info][gc,heap     ] GC(26)      Free:     1510M (74%)        1226M (60%)        1362M (67%)        1590M (78%)        1594M (78%)        1166M (57%)    
[15.442s][info][gc,heap     ] GC(26)      Used:      538M (26%)         822M (40%)         686M (33%)         458M (22%)         882M (43%)         454M (22%)    
[15.442s][info][gc,heap     ] GC(26)      Live:         -                51M (3%)           51M (3%)           51M (3%)             -                  -          
[15.442s][info][gc,heap     ] GC(26) Allocated:         -               284M (14%)         378M (18%)         394M (19%)            -                  -          
[15.442s][info][gc,heap     ] GC(26)   Garbage:         -               486M (24%)         256M (13%)          11M (1%)             -                  -          
[15.442s][info][gc,heap     ] GC(26) Reclaimed:         -                  -               230M (11%)         474M (23%)            -                  -          
[15.442s][info][gc          ] GC(26) Garbage Collection (Allocation Rate) 538M(26%)->458M(22%)
[15.454s][info][gc,start    ] GC(27) Garbage Collection (Allocation Rate)
[15.454s][info][gc,task     ] GC(27) Using 3 workers
[15.455s][info][gc,phases   ] GC(27) Pause Mark Start 0.010ms
[15.512s][info][gc,phases   ] GC(27) Concurrent Mark 57.272ms
[15.512s][info][gc,phases   ] GC(27) Pause Mark End 0.030ms
[15.515s][info][gc,phases   ] GC(27) Concurrent Mark Free 0.001ms
[15.570s][info][gc,phases   ] GC(27) Concurrent Process Non-Strong References 55.543ms
[15.570s][info][gc,phases   ] GC(27) Concurrent Reset Relocation Set 0.041ms
[15.580s][info][gc,phases   ] GC(27) Concurrent Select Relocation Set 9.136ms
[15.580s][info][gc,phases   ] GC(27) Pause Relocate Start 0.009ms
[15.587s][info][gc,phases   ] GC(27) Concurrent Relocate 7.021ms
[15.587s][info][gc,load     ] GC(27) Load: 0.00/0.00/0.00
[15.587s][info][gc,mmu      ] GC(27) MMU: 2ms/98.2%, 5ms/99.3%, 10ms/99.6%, 20ms/99.8%, 50ms/99.9%, 100ms/99.9%
[15.588s][info][gc,marking  ] GC(27) Mark: 2 stripe(s), 2 proactive flush(es), 1 terminate flush(es), 0 completion(s), 0 continuation(s) 
[15.588s][info][gc,marking  ] GC(27) Mark Stack Usage: 32M
[15.588s][info][gc,nmethod  ] GC(27) NMethods: 7797 registered, 2291 unregistered
[15.588s][info][gc,metaspace] GC(27) Metaspace: 69M used, 70M committed, 1088M reserved
[15.588s][info][gc,ref      ] GC(27) Soft: 3815 encountered, 0 discovered, 0 enqueued
[15.588s][info][gc,ref      ] GC(27) Weak: 10639 encountered, 1615 discovered, 0 enqueued
[15.588s][info][gc,ref      ] GC(27) Final: 289 encountered, 22 discovered, 0 enqueued
[15.588s][info][gc,ref      ] GC(27) Phantom: 425 encountered, 209 discovered, 0 enqueued
[15.588s][info][gc,reloc    ] GC(27) Small Pages: 262 / 524M, Empty: 224M, Relocated: 5M, In-Place: 0
[15.588s][info][gc,reloc    ] GC(27) Medium Pages: 0 / 0M, Empty: 0M, Relocated: 0M, In-Place: 0
[15.588s][info][gc,reloc    ] GC(27) Large Pages: 0 / 0M, Empty: 0M, Relocated: 0M, In-Place: 0
[15.588s][info][gc,reloc    ] GC(27) Forwarding Usage: 1M
[15.588s][info][gc,heap     ] GC(27) Min Capacity: 8M(0%)
[15.588s][info][gc,heap     ] GC(27) Max Capacity: 2048M(100%)
[15.588s][info][gc,heap     ] GC(27) Soft Max Capacity: 2048M(100%)
[15.588s][info][gc,heap     ] GC(27)                Mark Start          Mark End        Relocate Start      Relocate End           High               Low         
[15.588s][info][gc,heap     ] GC(27)  Capacity:     2048M (100%)       2048M (100%)       2048M (100%)       2048M (100%)       2048M (100%)       2048M (100%)   
[15.588s][info][gc,heap     ] GC(27)      Free:     1524M (74%)        1252M (61%)        1174M (57%)        1384M (68%)        1524M (74%)         990M (48%)    
[15.588s][info][gc,heap     ] GC(27)      Used:      524M (26%)         796M (39%)         874M (43%)         664M (32%)        1058M (52%)         524M (26%)    
[15.588s][info][gc,heap     ] GC(27)      Live:         -                51M (3%)           51M (3%)           51M (3%)             -                  -          
[15.588s][info][gc,heap     ] GC(27) Allocated:         -               272M (13%)         574M (28%)         600M (29%)            -                  -          
[15.588s][info][gc,heap     ] GC(27)   Garbage:         -               472M (23%)         248M (12%)          11M (1%)             -                  -          
[15.588s][info][gc,heap     ] GC(27) Reclaimed:         -                  -               224M (11%)         460M (23%)            -                  -          
[15.588s][info][gc          ] GC(27) Garbage Collection (Allocation Rate) 524M(26%)->664M(32%)
[15.654s][info][gc,start    ] GC(28) Garbage Collection (Allocation Rate)
[15.654s][info][gc,task     ] GC(28) Using 5 workers
[15.654s][info][gc,phases   ] GC(28) Pause Mark Start 0.010ms
[15.693s][info][gc,phases   ] GC(28) Concurrent Mark 38.260ms
[15.693s][info][gc,phases   ] GC(28) Pause Mark End 0.024ms
[15.694s][info][gc,phases   ] GC(28) Concurrent Mark Free 0.002ms
[15.700s][info][gc,phases   ] GC(28) Concurrent Process Non-Strong References 5.920ms
[15.701s][info][gc,phases   ] GC(28) Concurrent Reset Relocation Set 0.036ms
[15.706s][info][gc,phases   ] GC(28) Concurrent Select Relocation Set 5.014ms
[15.706s][info][gc,phases   ] GC(28) Pause Relocate Start 0.008ms
[15.709s][info][gc,phases   ] GC(28) Concurrent Relocate 3.364ms
[15.709s][info][gc,load     ] GC(28) Load: 0.00/0.00/0.00
[15.709s][info][gc,mmu      ] GC(28) MMU: 2ms/98.2%, 5ms/99.3%, 10ms/99.6%, 20ms/99.8%, 50ms/99.9%, 100ms/99.9%
[15.709s][info][gc,marking  ] GC(28) Mark: 4 stripe(s), 3 proactive flush(es), 1 terminate flush(es), 0 completion(s), 0 continuation(s) 
[15.709s][info][gc,marking  ] GC(28) Mark Stack Usage: 32M
[15.709s][info][gc,nmethod  ] GC(28) NMethods: 7798 registered, 2291 unregistered
[15.710s][info][gc,metaspace] GC(28) Metaspace: 69M used, 70M committed, 1088M reserved
[15.710s][info][gc,ref      ] GC(28) Soft: 3815 encountered, 0 discovered, 0 enqueued
[15.710s][info][gc,ref      ] GC(28) Weak: 10639 encountered, 1202 discovered, 0 enqueued
[15.710s][info][gc,ref      ] GC(28) Final: 289 encountered, 17 discovered, 0 enqueued
[15.710s][info][gc,ref      ] GC(28) Phantom: 425 encountered, 251 discovered, 0 enqueued
[15.710s][info][gc,reloc    ] GC(28) Small Pages: 495 / 990M, Empty: 582M, Relocated: 5M, In-Place: 0
[15.710s][info][gc,reloc    ] GC(28) Medium Pages: 0 / 0M, Empty: 0M, Relocated: 0M, In-Place: 0
[15.710s][info][gc,reloc    ] GC(28) Large Pages: 0 / 0M, Empty: 0M, Relocated: 0M, In-Place: 0
[15.710s][info][gc,reloc    ] GC(28) Forwarding Usage: 1M
[15.710s][info][gc,heap     ] GC(28) Min Capacity: 8M(0%)
[15.710s][info][gc,heap     ] GC(28) Max Capacity: 2048M(100%)
[15.710s][info][gc,heap     ] GC(28) Soft Max Capacity: 2048M(100%)
[15.710s][info][gc,heap     ] GC(28)                Mark Start          Mark End        Relocate Start      Relocate End           High               Low         
[15.710s][info][gc,heap     ] GC(28)  Capacity:     2048M (100%)       2048M (100%)       2048M (100%)       2048M (100%)       2048M (100%)       2048M (100%)   
[15.710s][info][gc,heap     ] GC(28)      Free:     1058M (52%)         870M (42%)        1398M (68%)        1730M (84%)        1730M (84%)         836M (41%)    
[15.710s][info][gc,heap     ] GC(28)      Used:      990M (48%)        1178M (58%)         650M (32%)         318M (16%)        1212M (59%)         318M (16%)    
[15.710s][info][gc,heap     ] GC(28)      Live:         -                51M (3%)           51M (3%)           51M (3%)             -                  -          
[15.710s][info][gc,heap     ] GC(28) Allocated:         -               188M (9%)          242M (12%)         251M (12%)            -                  -          
[15.710s][info][gc,heap     ] GC(28)   Garbage:         -               938M (46%)         356M (17%)          14M (1%)             -                  -          
[15.710s][info][gc,heap     ] GC(28) Reclaimed:         -                  -               582M (28%)         923M (45%)            -                  -          
[15.710s][info][gc          ] GC(28) Garbage Collection (Allocation Rate) 990M(48%)->318M(16%)
[15.855s][info][gc,start    ] GC(29) Garbage Collection (Allocation Rate)
[15.855s][info][gc,task     ] GC(29) Using 4 workers
[15.855s][info][gc,phases   ] GC(29) Pause Mark Start 0.009ms
[15.903s][info][gc,phases   ] GC(29) Concurrent Mark 47.208ms
[15.903s][info][gc,phases   ] GC(29) Pause Mark End 0.022ms
[15.903s][info][gc,phases   ] GC(29) Concurrent Mark Free 0.001ms
[15.911s][info][gc,phases   ] GC(29) Concurrent Process Non-Strong References 7.522ms
[15.911s][info][gc,phases   ] GC(29) Concurrent Reset Relocation Set 0.045ms
[15.919s][info][gc,phases   ] GC(29) Concurrent Select Relocation Set 7.846ms
[15.919s][info][gc,phases   ] GC(29) Pause Relocate Start 0.008ms
[15.924s][info][gc,phases   ] GC(29) Concurrent Relocate 4.593ms
[15.924s][info][gc,load     ] GC(29) Load: 0.00/0.00/0.00
[15.924s][info][gc,mmu      ] GC(29) MMU: 2ms/98.2%, 5ms/99.3%, 10ms/99.6%, 20ms/99.8%, 50ms/99.9%, 100ms/99.9%
[15.924s][info][gc,marking  ] GC(29) Mark: 4 stripe(s), 2 proactive flush(es), 1 terminate flush(es), 0 completion(s), 0 continuation(s) 
[15.924s][info][gc,marking  ] GC(29) Mark Stack Usage: 32M
[15.924s][info][gc,nmethod  ] GC(29) NMethods: 7797 registered, 2292 unregistered
[15.924s][info][gc,metaspace] GC(29) Metaspace: 69M used, 70M committed, 1088M reserved
[15.924s][info][gc,ref      ] GC(29) Soft: 3815 encountered, 0 discovered, 0 enqueued
[15.924s][info][gc,ref      ] GC(29) Weak: 10639 encountered, 985 discovered, 0 enqueued
[15.924s][info][gc,ref      ] GC(29) Final: 289 encountered, 29 discovered, 0 enqueued
[15.924s][info][gc,ref      ] GC(29) Phantom: 425 encountered, 311 discovered, 0 enqueued
[15.924s][info][gc,reloc    ] GC(29) Small Pages: 521 / 1042M, Empty: 682M, Relocated: 5M, In-Place: 0
[15.924s][info][gc,reloc    ] GC(29) Medium Pages: 0 / 0M, Empty: 0M, Relocated: 0M, In-Place: 0
[15.924s][info][gc,reloc    ] GC(29) Large Pages: 0 / 0M, Empty: 0M, Relocated: 0M, In-Place: 0
[15.924s][info][gc,reloc    ] GC(29) Forwarding Usage: 1M
[15.924s][info][gc,heap     ] GC(29) Min Capacity: 8M(0%)
[15.924s][info][gc,heap     ] GC(29) Max Capacity: 2048M(100%)
[15.924s][info][gc,heap     ] GC(29) Soft Max Capacity: 2048M(100%)
[15.924s][info][gc,heap     ] GC(29)                Mark Start          Mark End        Relocate Start      Relocate End           High               Low         
[15.924s][info][gc,heap     ] GC(29)  Capacity:     2048M (100%)       2048M (100%)       2048M (100%)       2048M (100%)       2048M (100%)       2048M (100%)   
[15.925s][info][gc,heap     ] GC(29)      Free:     1006M (49%)         782M (38%)        1392M (68%)        1670M (82%)        1672M (82%)         744M (36%)    
[15.925s][info][gc,heap     ] GC(29)      Used:     1042M (51%)        1266M (62%)         656M (32%)         378M (18%)        1304M (64%)         376M (18%)    
[15.925s][info][gc,heap     ] GC(29)      Live:         -                51M (3%)           51M (3%)           51M (3%)             -                  -          
[15.925s][info][gc,heap     ] GC(29) Allocated:         -               224M (11%)         296M (14%)         312M (15%)            -                  -          
[15.925s][info][gc,heap     ] GC(29)   Garbage:         -               990M (48%)         308M (15%)          13M (1%)             -                  -          
[15.925s][info][gc,heap     ] GC(29) Reclaimed:         -                  -               682M (33%)         976M (48%)            -                  -          
[15.925s][info][gc          ] GC(29) Garbage Collection (Allocation Rate) 1042M(51%)->378M(18%)
[16.054s][info][gc,start    ] GC(30) Garbage Collection (Allocation Rate)
[16.055s][info][gc,task     ] GC(30) Using 3 workers
[16.055s][info][gc,phases   ] GC(30) Pause Mark Start 0.012ms
[16.117s][info][gc,phases   ] GC(30) Concurrent Mark 62.133ms
[16.117s][info][gc,phases   ] GC(30) Pause Mark End 0.023ms
[16.119s][info][gc,phases   ] GC(30) Concurrent Mark Free 0.002ms
[16.129s][info][gc,phases   ] GC(30) Concurrent Process Non-Strong References 9.997ms
[16.129s][info][gc,phases   ] GC(30) Concurrent Reset Relocation Set 0.055ms
[16.138s][info][gc,phases   ] GC(30) Concurrent Select Relocation Set 9.634ms
[16.139s][info][gc,phases   ] GC(30) Pause Relocate Start 0.009ms
[16.147s][info][gc,phases   ] GC(30) Concurrent Relocate 7.295ms
[16.147s][info][gc,load     ] GC(30) Load: 0.00/0.00/0.00
[16.147s][info][gc,mmu      ] GC(30) MMU: 2ms/98.2%, 5ms/99.3%, 10ms/99.6%, 20ms/99.8%, 50ms/99.9%, 100ms/99.9%
[16.147s][info][gc,marking  ] GC(30) Mark: 2 stripe(s), 2 proactive flush(es), 1 terminate flush(es), 0 completion(s), 0 continuation(s) 
[16.147s][info][gc,marking  ] GC(30) Mark Stack Usage: 32M
[16.147s][info][gc,nmethod  ] GC(30) NMethods: 7807 registered, 2292 unregistered
[16.147s][info][gc,metaspace] GC(30) Metaspace: 69M used, 70M committed, 1088M reserved
[16.147s][info][gc,ref      ] GC(30) Soft: 3815 encountered, 0 discovered, 0 enqueued
[16.147s][info][gc,ref      ] GC(30) Weak: 10639 encountered, 1604 discovered, 0 enqueued
[16.147s][info][gc,ref      ] GC(30) Final: 289 encountered, 17 discovered, 0 enqueued
[16.147s][info][gc,ref      ] GC(30) Phantom: 425 encountered, 203 discovered, 0 enqueued
[16.147s][info][gc,reloc    ] GC(30) Small Pages: 522 / 1044M, Empty: 658M, Relocated: 5M, In-Place: 0
[16.147s][info][gc,reloc    ] GC(30) Medium Pages: 0 / 0M, Empty: 0M, Relocated: 0M, In-Place: 0
[16.147s][info][gc,reloc    ] GC(30) Large Pages: 0 / 0M, Empty: 0M, Relocated: 0M, In-Place: 0
[16.147s][info][gc,reloc    ] GC(30) Forwarding Usage: 1M
[16.147s][info][gc,heap     ] GC(30) Min Capacity: 8M(0%)
[16.147s][info][gc,heap     ] GC(30) Max Capacity: 2048M(100%)
[16.147s][info][gc,heap     ] GC(30) Soft Max Capacity: 2048M(100%)
[16.147s][info][gc,heap     ] GC(30)                Mark Start          Mark End        Relocate Start      Relocate End           High               Low         
[16.147s][info][gc,heap     ] GC(30)  Capacity:     2048M (100%)       2048M (100%)       2048M (100%)       2048M (100%)       2048M (100%)       2048M (100%)   
[16.147s][info][gc,heap     ] GC(30)      Free:     1004M (49%)         698M (34%)        1262M (62%)        1558M (76%)        1562M (76%)         646M (32%)    
[16.147s][info][gc,heap     ] GC(30)      Used:     1044M (51%)        1350M (66%)         786M (38%)         490M (24%)        1402M (68%)         486M (24%)    
[16.147s][info][gc,heap     ] GC(30)      Live:         -                51M (3%)           51M (3%)           51M (3%)             -                  -          
[16.147s][info][gc,heap     ] GC(30) Allocated:         -               306M (15%)         400M (20%)         426M (21%)            -                  -          
[16.147s][info][gc,heap     ] GC(30)   Garbage:         -               992M (48%)         334M (16%)          11M (1%)             -                  -          
[16.147s][info][gc,heap     ] GC(30) Reclaimed:         -                  -               658M (32%)         980M (48%)            -                  -          
[16.147s][info][gc          ] GC(30) Garbage Collection (Allocation Rate) 1044M(51%)->490M(24%)
[16.254s][info][gc,start    ] GC(31) Garbage Collection (Allocation Rate)
[16.254s][info][gc,task     ] GC(31) Using 3 workers
[16.254s][info][gc,phases   ] GC(31) Pause Mark Start 0.012ms
[16.319s][info][gc,phases   ] GC(31) Concurrent Mark 64.157ms
[16.319s][info][gc,phases   ] GC(31) Pause Mark End 0.022ms
[16.320s][info][gc,phases   ] GC(31) Concurrent Mark Free 0.001ms
[16.330s][info][gc,phases   ] GC(31) Concurrent Process Non-Strong References 10.469ms
[16.330s][info][gc,phases   ] GC(31) Concurrent Reset Relocation Set 0.044ms
[16.337s][info][gc,phases   ] GC(31) Concurrent Select Relocation Set 6.874ms
[16.338s][info][gc,phases   ] GC(31) Pause Relocate Start 0.008ms
[16.346s][info][gc,phases   ] GC(31) Concurrent Relocate 7.514ms
[16.346s][info][gc,load     ] GC(31) Load: 0.00/0.00/0.00
[16.346s][info][gc,mmu      ] GC(31) MMU: 2ms/98.2%, 5ms/99.3%, 10ms/99.6%, 20ms/99.8%, 50ms/99.9%, 100ms/99.9%
[16.346s][info][gc,marking  ] GC(31) Mark: 2 stripe(s), 3 proactive flush(es), 1 terminate flush(es), 0 completion(s), 0 continuation(s) 
[16.346s][info][gc,marking  ] GC(31) Mark Stack Usage: 32M
[16.346s][info][gc,nmethod  ] GC(31) NMethods: 7808 registered, 2293 unregistered
[16.346s][info][gc,metaspace] GC(31) Metaspace: 69M used, 70M committed, 1088M reserved
[16.346s][info][gc,ref      ] GC(31) Soft: 3815 encountered, 0 discovered, 0 enqueued
[16.346s][info][gc,ref      ] GC(31) Weak: 10639 encountered, 1587 discovered, 0 enqueued
[16.346s][info][gc,ref      ] GC(31) Final: 289 encountered, 18 discovered, 0 enqueued
[16.346s][info][gc,ref      ] GC(31) Phantom: 425 encountered, 227 discovered, 0 enqueued
[16.346s][info][gc,reloc    ] GC(31) Small Pages: 514 / 1028M, Empty: 590M, Relocated: 5M, In-Place: 0
[16.346s][info][gc,reloc    ] GC(31) Medium Pages: 0 / 0M, Empty: 0M, Relocated: 0M, In-Place: 0
[16.346s][info][gc,reloc    ] GC(31) Large Pages: 0 / 0M, Empty: 0M, Relocated: 0M, In-Place: 0
[16.346s][info][gc,reloc    ] GC(31) Forwarding Usage: 1M
[16.346s][info][gc,heap     ] GC(31) Min Capacity: 8M(0%)
[16.346s][info][gc,heap     ] GC(31) Max Capacity: 2048M(100%)
[16.346s][info][gc,heap     ] GC(31) Soft Max Capacity: 2048M(100%)
[16.346s][info][gc,heap     ] GC(31)                Mark Start          Mark End        Relocate Start      Relocate End           High               Low         
[16.346s][info][gc,heap     ] GC(31)  Capacity:     2048M (100%)       2048M (100%)       2048M (100%)       2048M (100%)       2048M (100%)       2048M (100%)   
[16.346s][info][gc,heap     ] GC(31)      Free:     1020M (50%)         712M (35%)        1218M (59%)        1560M (76%)        1566M (76%)         660M (32%)    
[16.346s][info][gc,heap     ] GC(31)      Used:     1028M (50%)        1336M (65%)         830M (41%)         488M (24%)        1388M (68%)         482M (24%)    
[16.346s][info][gc,heap     ] GC(31)      Live:         -                51M (3%)           51M (3%)           51M (3%)             -                  -          
[16.346s][info][gc,heap     ] GC(31) Allocated:         -               308M (15%)         392M (19%)         424M (21%)            -                  -          
[16.346s][info][gc,heap     ] GC(31)   Garbage:         -               976M (48%)         386M (19%)          11M (1%)             -                  -          
[16.346s][info][gc,heap     ] GC(31) Reclaimed:         -                  -               590M (29%)         964M (47%)            -                  -          
[16.346s][info][gc          ] GC(31) Garbage Collection (Allocation Rate) 1028M(50%)->488M(24%)
[16.455s][info][gc,start    ] GC(32) Garbage Collection (Allocation Rate)
[16.455s][info][gc,task     ] GC(32) Using 3 workers
[16.455s][info][gc,phases   ] GC(32) Pause Mark Start 0.010ms
[16.515s][info][gc,phases   ] GC(32) Concurrent Mark 59.301ms
[16.515s][info][gc,phases   ] GC(32) Pause Mark End 0.023ms
[16.515s][info][gc,phases   ] GC(32) Concurrent Mark Free 0.001ms
[16.526s][info][gc,phases   ] GC(32) Concurrent Process Non-Strong References 10.318ms
[16.526s][info][gc,phases   ] GC(32) Concurrent Reset Relocation Set 0.053ms
[16.531s][info][gc,phases   ] GC(32) Concurrent Select Relocation Set 5.434ms
[16.532s][info][gc,phases   ] GC(32) Pause Relocate Start 0.009ms
[16.538s][info][gc,phases   ] GC(32) Concurrent Relocate 6.212ms
[16.538s][info][gc,load     ] GC(32) Load: 0.00/0.00/0.00
[16.538s][info][gc,mmu      ] GC(32) MMU: 2ms/98.2%, 5ms/99.3%, 10ms/99.6%, 20ms/99.8%, 50ms/99.9%, 100ms/99.9%
[16.538s][info][gc,marking  ] GC(32) Mark: 2 stripe(s), 2 proactive flush(es), 1 terminate flush(es), 0 completion(s), 0 continuation(s) 
[16.538s][info][gc,marking  ] GC(32) Mark Stack Usage: 32M
[16.539s][info][gc,nmethod  ] GC(32) NMethods: 7842 registered, 2317 unregistered
[16.539s][info][gc,metaspace] GC(32) Metaspace: 69M used, 70M committed, 1088M reserved
[16.539s][info][gc,ref      ] GC(32) Soft: 3818 encountered, 0 discovered, 0 enqueued
[16.539s][info][gc,ref      ] GC(32) Weak: 10690 encountered, 1431 discovered, 42 enqueued
[16.539s][info][gc,ref      ] GC(32) Final: 289 encountered, 8 discovered, 0 enqueued
[16.539s][info][gc,ref      ] GC(32) Phantom: 447 encountered, 240 discovered, 22 enqueued
[16.539s][info][gc,reloc    ] GC(32) Small Pages: 509 / 1018M, Empty: 606M, Relocated: 5M, In-Place: 0
[16.539s][info][gc,reloc    ] GC(32) Medium Pages: 0 / 0M, Empty: 0M, Relocated: 0M, In-Place: 0
[16.539s][info][gc,reloc    ] GC(32) Large Pages: 0 / 0M, Empty: 0M, Relocated: 0M, In-Place: 0
[16.539s][info][gc,reloc    ] GC(32) Forwarding Usage: 1M
[16.539s][info][gc,heap     ] GC(32) Min Capacity: 8M(0%)
[16.539s][info][gc,heap     ] GC(32) Max Capacity: 2048M(100%)
[16.539s][info][gc,heap     ] GC(32) Soft Max Capacity: 2048M(100%)
[16.539s][info][gc,heap     ] GC(32)                Mark Start          Mark End        Relocate Start      Relocate End           High               Low         
[16.539s][info][gc,heap     ] GC(32)  Capacity:     2048M (100%)       2048M (100%)       2048M (100%)       2048M (100%)       2048M (100%)       2048M (100%)   
[16.539s][info][gc,heap     ] GC(32)      Free:     1030M (50%)         784M (38%)        1322M (65%)        1650M (81%)        1654M (81%)         740M (36%)    
[16.539s][info][gc,heap     ] GC(32)      Used:     1018M (50%)        1264M (62%)         726M (35%)         398M (19%)        1308M (64%)         394M (19%)    
[16.539s][info][gc,heap     ] GC(32)      Live:         -                51M (3%)           51M (3%)           51M (3%)             -                  -          
[16.539s][info][gc,heap     ] GC(32) Allocated:         -               246M (12%)         314M (15%)         335M (16%)            -                  -          
[16.539s][info][gc,heap     ] GC(32)   Garbage:         -               966M (47%)         360M (18%)          11M (1%)             -                  -          
[16.539s][info][gc,heap     ] GC(32) Reclaimed:         -                  -               606M (30%)         955M (47%)            -                  -          
[16.539s][info][gc          ] GC(32) Garbage Collection (Allocation Rate) 1018M(50%)->398M(19%)
[16.654s][info][gc,start    ] GC(33) Garbage Collection (Allocation Rate)
[16.655s][info][gc,task     ] GC(33) Using 3 workers
[16.655s][info][gc,phases   ] GC(33) Pause Mark Start 0.010ms
[16.709s][info][gc,phases   ] GC(33) Concurrent Mark 54.066ms
[16.710s][info][gc,phases   ] GC(33) Pause Mark End 0.019ms
[16.710s][info][gc,phases   ] GC(33) Concurrent Mark Free 0.001ms
[16.722s][info][gc,phases   ] GC(33) Concurrent Process Non-Strong References 11.881ms
[16.722s][info][gc,phases   ] GC(33) Concurrent Reset Relocation Set 0.050ms
[16.727s][info][gc,phases   ] GC(33) Concurrent Select Relocation Set 5.266ms
[16.727s][info][gc,phases   ] GC(33) Pause Relocate Start 0.008ms
[16.733s][info][gc,phases   ] GC(33) Concurrent Relocate 5.177ms
[16.733s][info][gc,load     ] GC(33) Load: 0.00/0.00/0.00
[16.733s][info][gc,mmu      ] GC(33) MMU: 2ms/98.2%, 5ms/99.3%, 10ms/99.6%, 20ms/99.8%, 50ms/99.9%, 100ms/99.9%
[16.733s][info][gc,marking  ] GC(33) Mark: 2 stripe(s), 3 proactive flush(es), 1 terminate flush(es), 0 completion(s), 0 continuation(s) 
[16.733s][info][gc,marking  ] GC(33) Mark Stack Usage: 32M
[16.733s][info][gc,nmethod  ] GC(33) NMethods: 7845 registered, 2387 unregistered
[16.733s][info][gc,metaspace] GC(33) Metaspace: 69M used, 70M committed, 1088M reserved
[16.733s][info][gc,ref      ] GC(33) Soft: 3818 encountered, 0 discovered, 0 enqueued
[16.733s][info][gc,ref      ] GC(33) Weak: 10549 encountered, 1515 discovered, 24 enqueued
[16.733s][info][gc,ref      ] GC(33) Final: 289 encountered, 18 discovered, 0 enqueued
[16.733s][info][gc,ref      ] GC(33) Phantom: 425 encountered, 243 discovered, 0 enqueued
[16.733s][info][gc,reloc    ] GC(33) Small Pages: 459 / 918M, Empty: 524M, Relocated: 5M, In-Place: 0
[16.733s][info][gc,reloc    ] GC(33) Medium Pages: 0 / 0M, Empty: 0M, Relocated: 0M, In-Place: 0
[16.733s][info][gc,reloc    ] GC(33) Large Pages: 0 / 0M, Empty: 0M, Relocated: 0M, In-Place: 0
[16.733s][info][gc,reloc    ] GC(33) Forwarding Usage: 1M
[16.733s][info][gc,heap     ] GC(33) Min Capacity: 8M(0%)
[16.733s][info][gc,heap     ] GC(33) Max Capacity: 2048M(100%)
[16.733s][info][gc,heap     ] GC(33) Soft Max Capacity: 2048M(100%)
[16.733s][info][gc,heap     ] GC(33)                Mark Start          Mark End        Relocate Start      Relocate End           High               Low         
[16.733s][info][gc,heap     ] GC(33)  Capacity:     2048M (100%)       2048M (100%)       2048M (100%)       2048M (100%)       2048M (100%)       2048M (100%)   
[16.733s][info][gc,heap     ] GC(33)      Free:     1130M (55%)         862M (42%)        1318M (64%)        1638M (80%)        1638M (80%)         816M (40%)    
[16.733s][info][gc,heap     ] GC(33)      Used:      918M (45%)        1186M (58%)         730M (36%)         410M (20%)        1232M (60%)         410M (20%)    
[16.733s][info][gc,heap     ] GC(33)      Live:         -                51M (3%)           51M (3%)           51M (3%)             -                  -          
[16.733s][info][gc,heap     ] GC(33) Allocated:         -               268M (13%)         336M (16%)         347M (17%)            -                  -          
[16.733s][info][gc,heap     ] GC(33)   Garbage:         -               866M (42%)         342M (17%)          11M (1%)             -                  -          
[16.733s][info][gc,heap     ] GC(33) Reclaimed:         -                  -               524M (26%)         855M (42%)            -                  -          
[16.733s][info][gc          ] GC(33) Garbage Collection (Allocation Rate) 918M(45%)->410M(20%)
[16.854s][info][gc,start    ] GC(34) Garbage Collection (Allocation Rate)
[16.854s][info][gc,task     ] GC(34) Using 3 workers
[16.854s][info][gc,phases   ] GC(34) Pause Mark Start 0.012ms
[16.915s][info][gc,phases   ] GC(34) Concurrent Mark 60.450ms
[16.915s][info][gc,phases   ] GC(34) Pause Mark End 0.021ms
[16.915s][info][gc,phases   ] GC(34) Concurrent Mark Free 0.001ms
[16.925s][info][gc,phases   ] GC(34) Concurrent Process Non-Strong References 10.037ms
[16.926s][info][gc,phases   ] GC(34) Concurrent Reset Relocation Set 0.040ms
[16.933s][info][gc,phases   ] GC(34) Concurrent Select Relocation Set 7.277ms
[16.933s][info][gc,phases   ] GC(34) Pause Relocate Start 0.009ms
[16.940s][info][gc,phases   ] GC(34) Concurrent Relocate 6.458ms
[16.940s][info][gc,load     ] GC(34) Load: 0.00/0.00/0.00
[16.940s][info][gc,mmu      ] GC(34) MMU: 2ms/98.2%, 5ms/99.3%, 10ms/99.6%, 20ms/99.8%, 50ms/99.9%, 100ms/99.9%
[16.940s][info][gc,marking  ] GC(34) Mark: 2 stripe(s), 3 proactive flush(es), 1 terminate flush(es), 0 completion(s), 0 continuation(s) 
[16.940s][info][gc,marking  ] GC(34) Mark Stack Usage: 32M
[16.940s][info][gc,nmethod  ] GC(34) NMethods: 7887 registered, 2409 unregistered
[16.940s][info][gc,metaspace] GC(34) Metaspace: 69M used, 70M committed, 1088M reserved
[16.940s][info][gc,ref      ] GC(34) Soft: 3818 encountered, 0 discovered, 0 enqueued
[16.940s][info][gc,ref      ] GC(34) Weak: 10481 encountered, 1200 discovered, 15 enqueued
[16.940s][info][gc,ref      ] GC(34) Final: 289 encountered, 27 discovered, 0 enqueued
[16.940s][info][gc,ref      ] GC(34) Phantom: 425 encountered, 263 discovered, 0 enqueued
[16.940s][info][gc,reloc    ] GC(34) Small Pages: 461 / 922M, Empty: 578M, Relocated: 5M, In-Place: 0
[16.940s][info][gc,reloc    ] GC(34) Medium Pages: 0 / 0M, Empty: 0M, Relocated: 0M, In-Place: 0
[16.940s][info][gc,reloc    ] GC(34) Large Pages: 0 / 0M, Empty: 0M, Relocated: 0M, In-Place: 0
[16.940s][info][gc,reloc    ] GC(34) Forwarding Usage: 1M
[16.940s][info][gc,heap     ] GC(34) Min Capacity: 8M(0%)
[16.940s][info][gc,heap     ] GC(34) Max Capacity: 2048M(100%)
[16.940s][info][gc,heap     ] GC(34) Soft Max Capacity: 2048M(100%)
[16.940s][info][gc,heap     ] GC(34)                Mark Start          Mark End        Relocate Start      Relocate End           High               Low         
[16.940s][info][gc,heap     ] GC(34)  Capacity:     2048M (100%)       2048M (100%)       2048M (100%)       2048M (100%)       2048M (100%)       2048M (100%)   
[16.940s][info][gc,heap     ] GC(34)      Free:     1126M (55%)         870M (42%)        1372M (67%)        1626M (79%)        1632M (80%)         826M (40%)    
[16.940s][info][gc,heap     ] GC(34)      Used:      922M (45%)        1178M (58%)         676M (33%)         422M (21%)        1222M (60%)         416M (20%)    
[16.940s][info][gc,heap     ] GC(34)      Live:         -                51M (3%)           51M (3%)           51M (3%)             -                  -          
[16.940s][info][gc,heap     ] GC(34) Allocated:         -               256M (13%)         332M (16%)         357M (17%)            -                  -          
[16.940s][info][gc,heap     ] GC(34)   Garbage:         -               870M (43%)         292M (14%)          13M (1%)             -                  -          
[16.940s][info][gc,heap     ] GC(34) Reclaimed:         -                  -               578M (28%)         857M (42%)            -                  -          
[16.941s][info][gc          ] GC(34) Garbage Collection (Allocation Rate) 922M(45%)->422M(21%)
[17.055s][info][gc,start    ] GC(35) Garbage Collection (Allocation Rate)
[17.055s][info][gc,task     ] GC(35) Using 3 workers
[17.055s][info][gc,phases   ] GC(35) Pause Mark Start 0.010ms
[17.122s][info][gc,phases   ] GC(35) Concurrent Mark 66.415ms
[17.122s][info][gc,phases   ] GC(35) Pause Mark End 0.022ms
[17.122s][info][gc,phases   ] GC(35) Concurrent Mark Free 0.001ms
[17.132s][info][gc,phases   ] GC(35) Concurrent Process Non-Strong References 9.851ms
[17.132s][info][gc,phases   ] GC(35) Concurrent Reset Relocation Set 0.043ms
[17.140s][info][gc,phases   ] GC(35) Concurrent Select Relocation Set 8.080ms
[17.140s][info][gc,phases   ] GC(35) Pause Relocate Start 0.007ms
[17.150s][info][gc,phases   ] GC(35) Concurrent Relocate 9.002ms
[17.150s][info][gc,load     ] GC(35) Load: 0.00/0.00/0.00
[17.150s][info][gc,mmu      ] GC(35) MMU: 2ms/98.2%, 5ms/99.3%, 10ms/99.6%, 20ms/99.8%, 50ms/99.9%, 100ms/99.9%
[17.150s][info][gc,marking  ] GC(35) Mark: 2 stripe(s), 2 proactive flush(es), 1 terminate flush(es), 0 completion(s), 0 continuation(s) 
[17.150s][info][gc,marking  ] GC(35) Mark Stack Usage: 32M
[17.150s][info][gc,nmethod  ] GC(35) NMethods: 7912 registered, 2417 unregistered
[17.150s][info][gc,metaspace] GC(35) Metaspace: 69M used, 70M committed, 1088M reserved
[17.150s][info][gc,ref      ] GC(35) Soft: 3818 encountered, 0 discovered, 0 enqueued
[17.150s][info][gc,ref      ] GC(35) Weak: 10394 encountered, 1343 discovered, 18 enqueued
[17.150s][info][gc,ref      ] GC(35) Final: 289 encountered, 15 discovered, 0 enqueued
[17.150s][info][gc,ref      ] GC(35) Phantom: 425 encountered, 233 discovered, 0 enqueued
[17.150s][info][gc,reloc    ] GC(35) Small Pages: 477 / 954M, Empty: 628M, Relocated: 5M, In-Place: 0
[17.150s][info][gc,reloc    ] GC(35) Medium Pages: 0 / 0M, Empty: 0M, Relocated: 0M, In-Place: 0
[17.150s][info][gc,reloc    ] GC(35) Large Pages: 0 / 0M, Empty: 0M, Relocated: 0M, In-Place: 0
[17.150s][info][gc,reloc    ] GC(35) Forwarding Usage: 1M
[17.150s][info][gc,heap     ] GC(35) Min Capacity: 8M(0%)
[17.150s][info][gc,heap     ] GC(35) Max Capacity: 2048M(100%)
[17.150s][info][gc,heap     ] GC(35) Soft Max Capacity: 2048M(100%)
[17.150s][info][gc,heap     ] GC(35)                Mark Start          Mark End        Relocate Start      Relocate End           High               Low         
[17.150s][info][gc,heap     ] GC(35)  Capacity:     2048M (100%)       2048M (100%)       2048M (100%)       2048M (100%)       2048M (100%)       2048M (100%)   
[17.150s][info][gc,heap     ] GC(35)      Free:     1094M (53%)         800M (39%)        1340M (65%)        1568M (77%)        1590M (78%)         752M (37%)    
[17.150s][info][gc,heap     ] GC(35)      Used:      954M (47%)        1248M (61%)         708M (35%)         480M (23%)        1296M (63%)         458M (22%)    
[17.150s][info][gc,heap     ] GC(35)      Live:         -                51M (3%)           51M (3%)           51M (3%)             -                  -          
[17.150s][info][gc,heap     ] GC(35) Allocated:         -               294M (14%)         382M (19%)         417M (20%)            -                  -          
[17.150s][info][gc,heap     ] GC(35)   Garbage:         -               902M (44%)         274M (13%)          11M (1%)             -                  -          
[17.150s][info][gc,heap     ] GC(35) Reclaimed:         -                  -               628M (31%)         891M (44%)            -                  -          
[17.150s][info][gc          ] GC(35) Garbage Collection (Allocation Rate) 954M(47%)->480M(23%)
[17.254s][info][gc,start    ] GC(36) Garbage Collection (Allocation Rate)
[17.255s][info][gc,task     ] GC(36) Using 3 workers
[17.255s][info][gc,phases   ] GC(36) Pause Mark Start 0.011ms
[17.316s][info][gc,phases   ] GC(36) Concurrent Mark 61.229ms
[17.317s][info][gc,phases   ] GC(36) Pause Mark End 0.019ms
[17.317s][info][gc,phases   ] GC(36) Concurrent Mark Free 0.001ms
[17.327s][info][gc,phases   ] GC(36) Concurrent Process Non-Strong References 10.312ms
[17.327s][info][gc,phases   ] GC(36) Concurrent Reset Relocation Set 0.029ms
[17.332s][info][gc,phases   ] GC(36) Concurrent Select Relocation Set 4.806ms
[17.332s][info][gc,phases   ] GC(36) Pause Relocate Start 0.008ms
[17.338s][info][gc,phases   ] GC(36) Concurrent Relocate 5.625ms
[17.338s][info][gc,load     ] GC(36) Load: 0.00/0.00/0.00
[17.338s][info][gc,mmu      ] GC(36) MMU: 2ms/98.2%, 5ms/99.3%, 10ms/99.6%, 20ms/99.8%, 50ms/99.9%, 100ms/99.9%
[17.338s][info][gc,marking  ] GC(36) Mark: 2 stripe(s), 2 proactive flush(es), 1 terminate flush(es), 0 completion(s), 0 continuation(s) 
[17.338s][info][gc,marking  ] GC(36) Mark Stack Usage: 32M
[17.338s][info][gc,nmethod  ] GC(36) NMethods: 7940 registered, 2424 unregistered
[17.338s][info][gc,metaspace] GC(36) Metaspace: 69M used, 70M committed, 1088M reserved
[17.338s][info][gc,ref      ] GC(36) Soft: 3818 encountered, 0 discovered, 0 enqueued
[17.338s][info][gc,ref      ] GC(36) Weak: 10239 encountered, 1015 discovered, 30 enqueued
[17.338s][info][gc,ref      ] GC(36) Final: 289 encountered, 11 discovered, 0 enqueued
[17.338s][info][gc,ref      ] GC(36) Phantom: 425 encountered, 278 discovered, 0 enqueued
[17.338s][info][gc,reloc    ] GC(36) Small Pages: 491 / 982M, Empty: 636M, Relocated: 3M, In-Place: 0
[17.338s][info][gc,reloc    ] GC(36) Medium Pages: 0 / 0M, Empty: 0M, Relocated: 0M, In-Place: 0
[17.338s][info][gc,reloc    ] GC(36) Large Pages: 0 / 0M, Empty: 0M, Relocated: 0M, In-Place: 0
[17.338s][info][gc,reloc    ] GC(36) Forwarding Usage: 0M
[17.338s][info][gc,heap     ] GC(36) Min Capacity: 8M(0%)
[17.338s][info][gc,heap     ] GC(36) Max Capacity: 2048M(100%)
[17.338s][info][gc,heap     ] GC(36) Soft Max Capacity: 2048M(100%)
[17.338s][info][gc,heap     ] GC(36)                Mark Start          Mark End        Relocate Start      Relocate End           High               Low         
[17.338s][info][gc,heap     ] GC(36)  Capacity:     2048M (100%)       2048M (100%)       2048M (100%)       2048M (100%)       2048M (100%)       2048M (100%)   
[17.338s][info][gc,heap     ] GC(36)      Free:     1066M (52%)         786M (38%)        1352M (66%)        1620M (79%)        1624M (79%)         740M (36%)    
[17.338s][info][gc,heap     ] GC(36)      Used:      982M (48%)        1262M (62%)         696M (34%)         428M (21%)        1308M (64%)         424M (21%)    
[17.338s][info][gc,heap     ] GC(36)      Live:         -                50M (2%)           50M (2%)           50M (2%)             -                  -          
[17.338s][info][gc,heap     ] GC(36) Allocated:         -               280M (14%)         350M (17%)         363M (18%)            -                  -          
[17.338s][info][gc,heap     ] GC(36)   Garbage:         -               931M (45%)         295M (14%)          13M (1%)             -                  -          
[17.338s][info][gc,heap     ] GC(36) Reclaimed:         -                  -               636M (31%)         917M (45%)            -                  -          
[17.338s][info][gc          ] GC(36) Garbage Collection (Allocation Rate) 982M(48%)->428M(21%)
[17.454s][info][gc,start    ] GC(37) Garbage Collection (Allocation Rate)
[17.454s][info][gc,task     ] GC(37) Using 3 workers
[17.454s][info][gc,phases   ] GC(37) Pause Mark Start 0.010ms
[17.505s][info][gc,phases   ] GC(37) Concurrent Mark 50.491ms
[17.505s][info][gc,phases   ] GC(37) Pause Mark End 0.022ms
[17.505s][info][gc,phases   ] GC(37) Concurrent Mark Free 0.001ms
[17.515s][info][gc,phases   ] GC(37) Concurrent Process Non-Strong References 9.463ms
[17.515s][info][gc,phases   ] GC(37) Concurrent Reset Relocation Set 0.032ms
[17.521s][info][gc,phases   ] GC(37) Concurrent Select Relocation Set 5.783ms
[17.521s][info][gc,phases   ] GC(37) Pause Relocate Start 0.007ms
[17.527s][info][gc,phases   ] GC(37) Concurrent Relocate 5.847ms
[17.527s][info][gc,load     ] GC(37) Load: 0.00/0.00/0.00
[17.527s][info][gc,mmu      ] GC(37) MMU: 2ms/98.2%, 5ms/99.3%, 10ms/99.6%, 20ms/99.8%, 50ms/99.9%, 100ms/99.9%
[17.527s][info][gc,marking  ] GC(37) Mark: 2 stripe(s), 2 proactive flush(es), 1 terminate flush(es), 0 completion(s), 0 continuation(s) 
[17.527s][info][gc,marking  ] GC(37) Mark Stack Usage: 32M
[17.527s][info][gc,nmethod  ] GC(37) NMethods: 7956 registered, 2435 unregistered
[17.527s][info][gc,metaspace] GC(37) Metaspace: 69M used, 70M committed, 1088M reserved
[17.527s][info][gc,ref      ] GC(37) Soft: 3818 encountered, 0 discovered, 0 enqueued
[17.527s][info][gc,ref      ] GC(37) Weak: 10122 encountered, 1014 discovered, 25 enqueued
[17.527s][info][gc,ref      ] GC(37) Final: 289 encountered, 9 discovered, 0 enqueued
[17.527s][info][gc,ref      ] GC(37) Phantom: 425 encountered, 218 discovered, 0 enqueued
[17.527s][info][gc,reloc    ] GC(37) Small Pages: 476 / 952M, Empty: 676M, Relocated: 3M, In-Place: 0
[17.527s][info][gc,reloc    ] GC(37) Medium Pages: 0 / 0M, Empty: 0M, Relocated: 0M, In-Place: 0
[17.527s][info][gc,reloc    ] GC(37) Large Pages: 0 / 0M, Empty: 0M, Relocated: 0M, In-Place: 0
[17.527s][info][gc,reloc    ] GC(37) Forwarding Usage: 1M
[17.527s][info][gc,heap     ] GC(37) Min Capacity: 8M(0%)
[17.527s][info][gc,heap     ] GC(37) Max Capacity: 2048M(100%)
[17.527s][info][gc,heap     ] GC(37) Soft Max Capacity: 2048M(100%)
[17.527s][info][gc,heap     ] GC(37)                Mark Start          Mark End        Relocate Start      Relocate End           High               Low         
[17.527s][info][gc,heap     ] GC(37)  Capacity:     2048M (100%)       2048M (100%)       2048M (100%)       2048M (100%)       2048M (100%)       2048M (100%)   
[17.527s][info][gc,heap     ] GC(37)      Free:     1096M (54%)         870M (42%)        1486M (73%)        1674M (82%)        1684M (82%)         832M (41%)    
[17.527s][info][gc,heap     ] GC(37)      Used:      952M (46%)        1178M (58%)         562M (27%)         374M (18%)        1216M (59%)         364M (18%)    
[17.527s][info][gc,heap     ] GC(37)      Live:         -                50M (2%)           50M (2%)           50M (2%)             -                  -          
[17.527s][info][gc,heap     ] GC(37) Allocated:         -               226M (11%)         286M (14%)         309M (15%)            -                  -          
[17.527s][info][gc,heap     ] GC(37)   Garbage:         -               901M (44%)         225M (11%)          13M (1%)             -                  -          
[17.527s][info][gc,heap     ] GC(37) Reclaimed:         -                  -               676M (33%)         887M (43%)            -                  -          
[17.527s][info][gc          ] GC(37) Garbage Collection (Allocation Rate) 952M(46%)->374M(18%)
[17.655s][info][gc,start    ] GC(38) Garbage Collection (Allocation Rate)
[17.655s][info][gc,task     ] GC(38) Using 3 workers
[17.655s][info][gc,phases   ] GC(38) Pause Mark Start 0.009ms
[17.707s][info][gc,phases   ] GC(38) Concurrent Mark 51.525ms
[17.707s][info][gc,phases   ] GC(38) Pause Mark End 0.027ms
[17.707s][info][gc,phases   ] GC(38) Concurrent Mark Free 0.002ms
[17.717s][info][gc,phases   ] GC(38) Concurrent Process Non-Strong References 9.503ms
[17.717s][info][gc,phases   ] GC(38) Concurrent Reset Relocation Set 0.027ms
[17.721s][info][gc,phases   ] GC(38) Concurrent Select Relocation Set 4.735ms
[17.722s][info][gc,phases   ] GC(38) Pause Relocate Start 0.009ms
[17.727s][info][gc,phases   ] GC(38) Concurrent Relocate 5.069ms
[17.727s][info][gc,load     ] GC(38) Load: 0.00/0.00/0.00
[17.727s][info][gc,mmu      ] GC(38) MMU: 2ms/98.2%, 5ms/99.3%, 10ms/99.6%, 20ms/99.8%, 50ms/99.9%, 100ms/99.9%
[17.727s][info][gc,marking  ] GC(38) Mark: 2 stripe(s), 2 proactive flush(es), 1 terminate flush(es), 0 completion(s), 0 continuation(s) 
[17.727s][info][gc,marking  ] GC(38) Mark Stack Usage: 32M
[17.727s][info][gc,nmethod  ] GC(38) NMethods: 7961 registered, 2444 unregistered
[17.727s][info][gc,metaspace] GC(38) Metaspace: 69M used, 70M committed, 1088M reserved
[17.727s][info][gc,ref      ] GC(38) Soft: 3818 encountered, 0 discovered, 0 enqueued
[17.727s][info][gc,ref      ] GC(38) Weak: 9998 encountered, 978 discovered, 25 enqueued
[17.727s][info][gc,ref      ] GC(38) Final: 289 encountered, 23 discovered, 0 enqueued
[17.727s][info][gc,ref      ] GC(38) Phantom: 425 encountered, 276 discovered, 0 enqueued
[17.727s][info][gc,reloc    ] GC(38) Small Pages: 457 / 914M, Empty: 670M, Relocated: 3M, In-Place: 0
[17.727s][info][gc,reloc    ] GC(38) Medium Pages: 0 / 0M, Empty: 0M, Relocated: 0M, In-Place: 0
[17.727s][info][gc,reloc    ] GC(38) Large Pages: 0 / 0M, Empty: 0M, Relocated: 0M, In-Place: 0
[17.727s][info][gc,reloc    ] GC(38) Forwarding Usage: 0M
[17.727s][info][gc,heap     ] GC(38) Min Capacity: 8M(0%)
[17.727s][info][gc,heap     ] GC(38) Max Capacity: 2048M(100%)
[17.727s][info][gc,heap     ] GC(38) Soft Max Capacity: 2048M(100%)
[17.727s][info][gc,heap     ] GC(38)                Mark Start          Mark End        Relocate Start      Relocate End           High               Low         
[17.727s][info][gc,heap     ] GC(38)  Capacity:     2048M (100%)       2048M (100%)       2048M (100%)       2048M (100%)       2048M (100%)       2048M (100%)   
[17.727s][info][gc,heap     ] GC(38)      Free:     1134M (55%)         926M (45%)        1536M (75%)        1700M (83%)        1708M (83%)         886M (43%)    
[17.727s][info][gc,heap     ] GC(38)      Used:      914M (45%)        1122M (55%)         512M (25%)         348M (17%)        1162M (57%)         340M (17%)    
[17.727s][info][gc,heap     ] GC(38)      Live:         -                50M (2%)           50M (2%)           50M (2%)             -                  -          
[17.727s][info][gc,heap     ] GC(38) Allocated:         -               208M (10%)         268M (13%)         283M (14%)            -                  -          
[17.727s][info][gc,heap     ] GC(38)   Garbage:         -               863M (42%)         193M (9%)           14M (1%)             -                  -          
[17.727s][info][gc,heap     ] GC(38) Reclaimed:         -                  -               670M (33%)         849M (41%)            -                  -          
[17.727s][info][gc          ] GC(38) Garbage Collection (Allocation Rate) 914M(45%)->348M(17%)
[17.854s][info][gc,start    ] GC(39) Garbage Collection (Allocation Rate)
[17.855s][info][gc,task     ] GC(39) Using 2 workers
[17.855s][info][gc,phases   ] GC(39) Pause Mark Start 0.010ms
[17.927s][info][gc,phases   ] GC(39) Concurrent Mark 72.492ms
[17.927s][info][gc,phases   ] GC(39) Pause Mark End 0.021ms
[17.928s][info][gc,phases   ] GC(39) Concurrent Mark Free 0.001ms
[17.940s][info][gc,phases   ] GC(39) Concurrent Process Non-Strong References 12.375ms
[17.940s][info][gc,phases   ] GC(39) Concurrent Reset Relocation Set 0.020ms
[17.946s][info][gc,phases   ] GC(39) Concurrent Select Relocation Set 6.018ms
[17.946s][info][gc,phases   ] GC(39) Pause Relocate Start 0.010ms
[17.951s][info][gc,phases   ] GC(39) Concurrent Relocate 5.129ms
[17.952s][info][gc,load     ] GC(39) Load: 0.00/0.00/0.00
[17.952s][info][gc,mmu      ] GC(39) MMU: 2ms/98.2%, 5ms/99.3%, 10ms/99.6%, 20ms/99.8%, 50ms/99.9%, 100ms/99.9%
[17.952s][info][gc,marking  ] GC(39) Mark: 2 stripe(s), 2 proactive flush(es), 1 terminate flush(es), 0 completion(s), 0 continuation(s) 
[17.952s][info][gc,marking  ] GC(39) Mark Stack Usage: 32M
[17.952s][info][gc,nmethod  ] GC(39) NMethods: 7990 registered, 2446 unregistered
[17.952s][info][gc,metaspace] GC(39) Metaspace: 69M used, 70M committed, 1088M reserved
[17.952s][info][gc,ref      ] GC(39) Soft: 3818 encountered, 0 discovered, 0 enqueued
[17.952s][info][gc,ref      ] GC(39) Weak: 9909 encountered, 1758 discovered, 12 enqueued
[17.952s][info][gc,ref      ] GC(39) Final: 289 encountered, 0 discovered, 0 enqueued
[17.952s][info][gc,ref      ] GC(39) Phantom: 425 encountered, 225 discovered, 0 enqueued
[17.952s][info][gc,reloc    ] GC(39) Small Pages: 432 / 864M, Empty: 626M, Relocated: 3M, In-Place: 0
[17.952s][info][gc,reloc    ] GC(39) Medium Pages: 0 / 0M, Empty: 0M, Relocated: 0M, In-Place: 0
[17.952s][info][gc,reloc    ] GC(39) Large Pages: 0 / 0M, Empty: 0M, Relocated: 0M, In-Place: 0
[17.952s][info][gc,reloc    ] GC(39) Forwarding Usage: 1M
[17.952s][info][gc,heap     ] GC(39) Min Capacity: 8M(0%)
[17.952s][info][gc,heap     ] GC(39) Max Capacity: 2048M(100%)
[17.952s][info][gc,heap     ] GC(39) Soft Max Capacity: 2048M(100%)
[17.952s][info][gc,heap     ] GC(39)                Mark Start          Mark End        Relocate Start      Relocate End           High               Low         
[17.952s][info][gc,heap     ] GC(39)  Capacity:     2048M (100%)       2048M (100%)       2048M (100%)       2048M (100%)       2048M (100%)       2048M (100%)   
[17.952s][info][gc,heap     ] GC(39)      Free:     1184M (58%)         916M (45%)        1482M (72%)        1648M (80%)        1650M (81%)         878M (43%)    
[17.952s][info][gc,heap     ] GC(39)      Used:      864M (42%)        1132M (55%)         566M (28%)         400M (20%)        1170M (57%)         398M (19%)    
[17.952s][info][gc,heap     ] GC(39)      Live:         -                50M (2%)           50M (2%)           50M (2%)             -                  -          
[17.952s][info][gc,heap     ] GC(39) Allocated:         -               268M (13%)         328M (16%)         337M (16%)            -                  -          
[17.952s][info][gc,heap     ] GC(39)   Garbage:         -               813M (40%)         187M (9%)           12M (1%)             -                  -          
[17.952s][info][gc,heap     ] GC(39) Reclaimed:         -                  -               626M (31%)         801M (39%)            -                  -          
[17.952s][info][gc          ] GC(39) Garbage Collection (Allocation Rate) 864M(42%)->400M(20%)
[18.054s][info][gc,start    ] GC(40) Garbage Collection (Allocation Rate)
[18.054s][info][gc,task     ] GC(40) Using 2 workers
[18.054s][info][gc,phases   ] GC(40) Pause Mark Start 0.013ms
[18.122s][info][gc,phases   ] GC(40) Concurrent Mark 67.496ms
[18.122s][info][gc,phases   ] GC(40) Pause Mark End 0.021ms
[18.122s][info][gc,phases   ] GC(40) Concurrent Mark Free 0.001ms
[18.136s][info][gc,phases   ] GC(40) Concurrent Process Non-Strong References 13.715ms
[18.136s][info][gc,phases   ] GC(40) Concurrent Reset Relocation Set 0.014ms
[18.139s][info][gc,phases   ] GC(40) Concurrent Select Relocation Set 3.164ms
[18.139s][info][gc,phases   ] GC(40) Pause Relocate Start 0.008ms
[18.142s][info][gc,phases   ] GC(40) Concurrent Relocate 2.424ms
[18.142s][info][gc,load     ] GC(40) Load: 0.00/0.00/0.00
[18.142s][info][gc,mmu      ] GC(40) MMU: 2ms/98.2%, 5ms/99.3%, 10ms/99.6%, 20ms/99.8%, 50ms/99.9%, 100ms/99.9%
[18.142s][info][gc,marking  ] GC(40) Mark: 2 stripe(s), 2 proactive flush(es), 1 terminate flush(es), 0 completion(s), 0 continuation(s) 
[18.142s][info][gc,marking  ] GC(40) Mark Stack Usage: 32M
[18.142s][info][gc,nmethod  ] GC(40) NMethods: 7989 registered, 2448 unregistered
[18.142s][info][gc,metaspace] GC(40) Metaspace: 69M used, 70M committed, 1088M reserved
[18.142s][info][gc,ref      ] GC(40) Soft: 3818 encountered, 0 discovered, 0 enqueued
[18.142s][info][gc,ref      ] GC(40) Weak: 9810 encountered, 1122 discovered, 24 enqueued
[18.142s][info][gc,ref      ] GC(40) Final: 289 encountered, 0 discovered, 0 enqueued
[18.142s][info][gc,ref      ] GC(40) Phantom: 425 encountered, 216 discovered, 0 enqueued
[18.142s][info][gc,reloc    ] GC(40) Small Pages: 373 / 746M, Empty: 528M, Relocated: 1M, In-Place: 0
[18.142s][info][gc,reloc    ] GC(40) Medium Pages: 0 / 0M, Empty: 0M, Relocated: 0M, In-Place: 0
[18.143s][info][gc,reloc    ] GC(40) Large Pages: 0 / 0M, Empty: 0M, Relocated: 0M, In-Place: 0
[18.143s][info][gc,reloc    ] GC(40) Forwarding Usage: 0M
[18.143s][info][gc,heap     ] GC(40) Min Capacity: 8M(0%)
[18.143s][info][gc,heap     ] GC(40) Max Capacity: 2048M(100%)
[18.143s][info][gc,heap     ] GC(40) Soft Max Capacity: 2048M(100%)
[18.143s][info][gc,heap     ] GC(40)                Mark Start          Mark End        Relocate Start      Relocate End           High               Low         
[18.143s][info][gc,heap     ] GC(40)  Capacity:     2048M (100%)       2048M (100%)       2048M (100%)       2048M (100%)       2048M (100%)       2048M (100%)   
[18.143s][info][gc,heap     ] GC(40)      Free:     1302M (64%)        1092M (53%)        1566M (76%)        1714M (84%)        1714M (84%)        1048M (51%)    
[18.143s][info][gc,heap     ] GC(40)      Used:      746M (36%)         956M (47%)         482M (24%)         334M (16%)        1000M (49%)         334M (16%)    
[18.143s][info][gc,heap     ] GC(40)      Live:         -                50M (2%)           50M (2%)           50M (2%)             -                  -          
[18.143s][info][gc,heap     ] GC(40) Allocated:         -               210M (10%)         264M (13%)         269M (13%)            -                  -          
[18.143s][info][gc,heap     ] GC(40)   Garbage:         -               695M (34%)         167M (8%)           14M (1%)             -                  -          
[18.143s][info][gc,heap     ] GC(40) Reclaimed:         -                  -               528M (26%)         681M (33%)            -                  -          
[18.143s][info][gc          ] GC(40) Garbage Collection (Allocation Rate) 746M(36%)->334M(16%)
[18.255s][info][gc,start    ] GC(41) Garbage Collection (Allocation Rate)
[18.255s][info][gc,task     ] GC(41) Using 2 workers
[18.255s][info][gc,phases   ] GC(41) Pause Mark Start 0.011ms
[18.315s][info][gc,phases   ] GC(41) Concurrent Mark 59.566ms
[18.315s][info][gc,phases   ] GC(41) Pause Mark End 0.029ms
[18.315s][info][gc,phases   ] GC(41) Concurrent Mark Free 0.002ms
[18.329s][info][gc,phases   ] GC(41) Concurrent Process Non-Strong References 13.849ms
[18.329s][info][gc,phases   ] GC(41) Concurrent Reset Relocation Set 0.025ms
[18.333s][info][gc,phases   ] GC(41) Concurrent Select Relocation Set 3.765ms
[18.333s][info][gc,phases   ] GC(41) Pause Relocate Start 0.008ms
[18.335s][info][gc,phases   ] GC(41) Concurrent Relocate 2.063ms
[18.335s][info][gc,load     ] GC(41) Load: 0.00/0.00/0.00
[18.335s][info][gc,mmu      ] GC(41) MMU: 2ms/98.2%, 5ms/99.3%, 10ms/99.6%, 20ms/99.8%, 50ms/99.9%, 100ms/99.9%
[18.335s][info][gc,marking  ] GC(41) Mark: 2 stripe(s), 2 proactive flush(es), 1 terminate flush(es), 0 completion(s), 0 continuation(s) 
[18.335s][info][gc,marking  ] GC(41) Mark Stack Usage: 32M
[18.335s][info][gc,nmethod  ] GC(41) NMethods: 7997 registered, 2449 unregistered
[18.335s][info][gc,metaspace] GC(41) Metaspace: 69M used, 70M committed, 1088M reserved
[18.335s][info][gc,ref      ] GC(41) Soft: 3818 encountered, 0 discovered, 0 enqueued
[18.335s][info][gc,ref      ] GC(41) Weak: 9738 encountered, 1433 discovered, 13 enqueued
[18.335s][info][gc,ref      ] GC(41) Final: 289 encountered, 0 discovered, 0 enqueued
[18.335s][info][gc,ref      ] GC(41) Phantom: 425 encountered, 241 discovered, 0 enqueued
[18.335s][info][gc,reloc    ] GC(41) Small Pages: 343 / 686M, Empty: 476M, Relocated: 1M, In-Place: 0
[18.335s][info][gc,reloc    ] GC(41) Medium Pages: 0 / 0M, Empty: 0M, Relocated: 0M, In-Place: 0
[18.335s][info][gc,reloc    ] GC(41) Large Pages: 0 / 0M, Empty: 0M, Relocated: 0M, In-Place: 0
[18.335s][info][gc,reloc    ] GC(41) Forwarding Usage: 0M
[18.335s][info][gc,heap     ] GC(41) Min Capacity: 8M(0%)
[18.335s][info][gc,heap     ] GC(41) Max Capacity: 2048M(100%)
[18.335s][info][gc,heap     ] GC(41) Soft Max Capacity: 2048M(100%)
[18.335s][info][gc,heap     ] GC(41)                Mark Start          Mark End        Relocate Start      Relocate End           High               Low         
[18.335s][info][gc,heap     ] GC(41)  Capacity:     2048M (100%)       2048M (100%)       2048M (100%)       2048M (100%)       2048M (100%)       2048M (100%)   
[18.335s][info][gc,heap     ] GC(41)      Free:     1362M (67%)        1182M (58%)        1604M (78%)        1746M (85%)        1746M (85%)        1136M (55%)    
[18.335s][info][gc,heap     ] GC(41)      Used:      686M (33%)         866M (42%)         444M (22%)         302M (15%)         912M (45%)         302M (15%)    
[18.336s][info][gc,heap     ] GC(41)      Live:         -                49M (2%)           49M (2%)           49M (2%)             -                  -          
[18.336s][info][gc,heap     ] GC(41) Allocated:         -               180M (9%)          234M (11%)         237M (12%)            -                  -          
[18.336s][info][gc,heap     ] GC(41)   Garbage:         -               636M (31%)         160M (8%)           14M (1%)             -                  -          
[18.336s][info][gc,heap     ] GC(41) Reclaimed:         -                  -               476M (23%)         621M (30%)            -                  -          
[18.336s][info][gc          ] GC(41) Garbage Collection (Allocation Rate) 686M(33%)->302M(15%)
[18.455s][info][gc,start    ] GC(42) Garbage Collection (Allocation Rate)
[18.455s][info][gc,task     ] GC(42) Using 2 workers
[18.455s][info][gc,phases   ] GC(42) Pause Mark Start 0.011ms
[18.515s][info][gc,phases   ] GC(42) Concurrent Mark 60.572ms
[18.516s][info][gc,phases   ] GC(42) Pause Mark End 0.020ms
[18.516s][info][gc,phases   ] GC(42) Concurrent Mark Free 0.001ms
[18.525s][info][gc,phases   ] GC(42) Concurrent Process Non-Strong References 9.575ms
[18.525s][info][gc,phases   ] GC(42) Concurrent Reset Relocation Set 0.011ms
[18.528s][info][gc,phases   ] GC(42) Concurrent Select Relocation Set 2.892ms
[18.528s][info][gc,phases   ] GC(42) Pause Relocate Start 0.008ms
[18.531s][info][gc,phases   ] GC(42) Concurrent Relocate 2.219ms
[18.531s][info][gc,load     ] GC(42) Load: 0.00/0.00/0.00
[18.531s][info][gc,mmu      ] GC(42) MMU: 2ms/98.2%, 5ms/99.3%, 10ms/99.6%, 20ms/99.8%, 50ms/99.9%, 100ms/99.9%
[18.531s][info][gc,marking  ] GC(42) Mark: 2 stripe(s), 2 proactive flush(es), 1 terminate flush(es), 0 completion(s), 0 continuation(s) 
[18.531s][info][gc,marking  ] GC(42) Mark Stack Usage: 32M
[18.531s][info][gc,nmethod  ] GC(42) NMethods: 8024 registered, 2450 unregistered
[18.531s][info][gc,metaspace] GC(42) Metaspace: 69M used, 70M committed, 1088M reserved
[18.531s][info][gc,ref      ] GC(42) Soft: 3818 encountered, 0 discovered, 0 enqueued
[18.531s][info][gc,ref      ] GC(42) Weak: 9624 encountered, 883 discovered, 24 enqueued
[18.531s][info][gc,ref      ] GC(42) Final: 289 encountered, 14 discovered, 0 enqueued
[18.531s][info][gc,ref      ] GC(42) Phantom: 425 encountered, 239 discovered, 0 enqueued
[18.531s][info][gc,reloc    ] GC(42) Small Pages: 331 / 662M, Empty: 484M, Relocated: 1M, In-Place: 0
[18.531s][info][gc,reloc    ] GC(42) Medium Pages: 0 / 0M, Empty: 0M, Relocated: 0M, In-Place: 0
[18.531s][info][gc,reloc    ] GC(42) Large Pages: 0 / 0M, Empty: 0M, Relocated: 0M, In-Place: 0
[18.531s][info][gc,reloc    ] GC(42) Forwarding Usage: 0M
[18.531s][info][gc,heap     ] GC(42) Min Capacity: 8M(0%)
[18.531s][info][gc,heap     ] GC(42) Max Capacity: 2048M(100%)
[18.531s][info][gc,heap     ] GC(42) Soft Max Capacity: 2048M(100%)
[18.531s][info][gc,heap     ] GC(42)                Mark Start          Mark End        Relocate Start      Relocate End           High               Low         
[18.531s][info][gc,heap     ] GC(42)  Capacity:     2048M (100%)       2048M (100%)       2048M (100%)       2048M (100%)       2048M (100%)       2048M (100%)   
[18.531s][info][gc,heap     ] GC(42)      Free:     1386M (68%)        1232M (60%)        1684M (82%)        1794M (88%)        1794M (88%)        1206M (59%)    
[18.531s][info][gc,heap     ] GC(42)      Used:      662M (32%)         816M (40%)         364M (18%)         254M (12%)         842M (41%)         254M (12%)    
[18.531s][info][gc,heap     ] GC(42)      Live:         -                49M (2%)           49M (2%)           49M (2%)             -                  -          
[18.531s][info][gc,heap     ] GC(42) Allocated:         -               154M (8%)          186M (9%)          189M (9%)             -                  -          
[18.531s][info][gc,heap     ] GC(42)   Garbage:         -               612M (30%)         128M (6%)           14M (1%)             -                  -          
[18.531s][info][gc,heap     ] GC(42) Reclaimed:         -                  -               484M (24%)         597M (29%)            -                  -          
[18.531s][info][gc          ] GC(42) Garbage Collection (Allocation Rate) 662M(32%)->254M(12%)
[18.754s][info][gc,start    ] GC(43) Garbage Collection (Allocation Rate)
[18.754s][info][gc,task     ] GC(43) Using 2 workers
[18.754s][info][gc,phases   ] GC(43) Pause Mark Start 0.009ms
[18.795s][info][gc,phases   ] GC(43) Concurrent Mark 40.624ms
[18.795s][info][gc,phases   ] GC(43) Pause Mark End 0.021ms
[18.795s][info][gc,phases   ] GC(43) Concurrent Mark Free 0.001ms
[18.804s][info][gc,phases   ] GC(43) Concurrent Process Non-Strong References 8.595ms
[18.804s][info][gc,phases   ] GC(43) Concurrent Reset Relocation Set 0.010ms
[18.807s][info][gc,phases   ] GC(43) Concurrent Select Relocation Set 3.416ms
[18.807s][info][gc,phases   ] GC(43) Pause Relocate Start 0.008ms
[18.811s][info][gc,phases   ] GC(43) Concurrent Relocate 3.409ms
[18.811s][info][gc,load     ] GC(43) Load: 0.00/0.00/0.00
[18.811s][info][gc,mmu      ] GC(43) MMU: 2ms/98.2%, 5ms/99.3%, 10ms/99.6%, 20ms/99.8%, 50ms/99.9%, 100ms/99.9%
[18.811s][info][gc,marking  ] GC(43) Mark: 2 stripe(s), 2 proactive flush(es), 1 terminate flush(es), 0 completion(s), 0 continuation(s) 
[18.811s][info][gc,marking  ] GC(43) Mark Stack Usage: 32M
[18.811s][info][gc,nmethod  ] GC(43) NMethods: 8045 registered, 2467 unregistered
[18.811s][info][gc,metaspace] GC(43) Metaspace: 70M used, 70M committed, 1088M reserved
[18.811s][info][gc,ref      ] GC(43) Soft: 3818 encountered, 0 discovered, 0 enqueued
[18.811s][info][gc,ref      ] GC(43) Weak: 9457 encountered, 1781 discovered, 149 enqueued
[18.811s][info][gc,ref      ] GC(43) Final: 289 encountered, 0 discovered, 0 enqueued
[18.811s][info][gc,ref      ] GC(43) Phantom: 432 encountered, 235 discovered, 7 enqueued
[18.811s][info][gc,reloc    ] GC(43) Small Pages: 377 / 754M, Empty: 548M, Relocated: 5M, In-Place: 0
[18.811s][info][gc,reloc    ] GC(43) Medium Pages: 0 / 0M, Empty: 0M, Relocated: 0M, In-Place: 0
[18.811s][info][gc,reloc    ] GC(43) Large Pages: 0 / 0M, Empty: 0M, Relocated: 0M, In-Place: 0
[18.811s][info][gc,reloc    ] GC(43) Forwarding Usage: 1M
[18.811s][info][gc,heap     ] GC(43) Min Capacity: 8M(0%)
[18.811s][info][gc,heap     ] GC(43) Max Capacity: 2048M(100%)
[18.811s][info][gc,heap     ] GC(43) Soft Max Capacity: 2048M(100%)
[18.811s][info][gc,heap     ] GC(43)                Mark Start          Mark End        Relocate Start      Relocate End           High               Low         
[18.811s][info][gc,heap     ] GC(43)  Capacity:     2048M (100%)       2048M (100%)       2048M (100%)       2048M (100%)       2048M (100%)       2048M (100%)   
[18.811s][info][gc,heap     ] GC(43)      Free:     1294M (63%)        1218M (59%)        1742M (85%)        1882M (92%)        1884M (92%)        1202M (59%)    
[18.811s][info][gc,heap     ] GC(43)      Used:      754M (37%)         830M (41%)         306M (15%)         166M (8%)          846M (41%)         164M (8%)     
[18.811s][info][gc,heap     ] GC(43)      Live:         -                47M (2%)           47M (2%)           47M (2%)             -                  -          
[18.811s][info][gc,heap     ] GC(43) Allocated:         -                76M (4%)          100M (5%)          105M (5%)             -                  -          
[18.811s][info][gc,heap     ] GC(43)   Garbage:         -               706M (34%)         158M (8%)           12M (1%)             -                  -          
[18.811s][info][gc,heap     ] GC(43) Reclaimed:         -                  -               548M (27%)         693M (34%)            -                  -          
[18.811s][info][gc          ] GC(43) Garbage Collection (Allocation Rate) 754M(37%)->166M(8%)
[18.955s][info][gc,start    ] GC(44) Garbage Collection (Allocation Rate)
[18.955s][info][gc,task     ] GC(44) Using 6 workers
[18.955s][info][gc,phases   ] GC(44) Pause Mark Start 0.008ms
[18.976s][info][gc,phases   ] GC(44) Concurrent Mark 20.744ms
[18.976s][info][gc,phases   ] GC(44) Pause Mark End 0.021ms
[18.976s][info][gc,phases   ] GC(44) Concurrent Mark Free 0.001ms
[18.979s][info][gc,phases   ] GC(44) Concurrent Process Non-Strong References 3.230ms
[18.979s][info][gc,phases   ] GC(44) Concurrent Reset Relocation Set 0.009ms
[18.982s][info][gc,phases   ] GC(44) Concurrent Select Relocation Set 2.474ms
[18.982s][info][gc,phases   ] GC(44) Pause Relocate Start 0.008ms
[18.983s][info][gc,phases   ] GC(44) Concurrent Relocate 1.616ms
[18.983s][info][gc,load     ] GC(44) Load: 0.00/0.00/0.00
[18.983s][info][gc,mmu      ] GC(44) MMU: 2ms/98.2%, 5ms/99.3%, 10ms/99.6%, 20ms/99.8%, 50ms/99.9%, 100ms/99.9%
[18.983s][info][gc,marking  ] GC(44) Mark: 4 stripe(s), 2 proactive flush(es), 1 terminate flush(es), 0 completion(s), 0 continuation(s) 
[18.983s][info][gc,marking  ] GC(44) Mark Stack Usage: 32M
[18.983s][info][gc,nmethod  ] GC(44) NMethods: 8045 registered, 2467 unregistered
[18.983s][info][gc,metaspace] GC(44) Metaspace: 70M used, 70M committed, 1088M reserved
[18.984s][info][gc,ref      ] GC(44) Soft: 3818 encountered, 0 discovered, 0 enqueued
[18.984s][info][gc,ref      ] GC(44) Weak: 9308 encountered, 405 discovered, 0 enqueued
[18.984s][info][gc,ref      ] GC(44) Final: 289 encountered, 21 discovered, 0 enqueued
[18.984s][info][gc,ref      ] GC(44) Phantom: 425 encountered, 277 discovered, 0 enqueued
[18.984s][info][gc,reloc    ] GC(44) Small Pages: 226 / 452M, Empty: 352M, Relocated: 1M, In-Place: 0
[18.984s][info][gc,reloc    ] GC(44) Medium Pages: 0 / 0M, Empty: 0M, Relocated: 0M, In-Place: 0
[18.984s][info][gc,reloc    ] GC(44) Large Pages: 0 / 0M, Empty: 0M, Relocated: 0M, In-Place: 0
[18.984s][info][gc,reloc    ] GC(44) Forwarding Usage: 0M
[18.984s][info][gc,heap     ] GC(44) Min Capacity: 8M(0%)
[18.984s][info][gc,heap     ] GC(44) Max Capacity: 2048M(100%)
[18.984s][info][gc,heap     ] GC(44) Soft Max Capacity: 2048M(100%)
[18.984s][info][gc,heap     ] GC(44)                Mark Start          Mark End        Relocate Start      Relocate End           High               Low         
[18.984s][info][gc,heap     ] GC(44)  Capacity:     2048M (100%)       2048M (100%)       2048M (100%)       2048M (100%)       2048M (100%)       2048M (100%)   
[18.984s][info][gc,heap     ] GC(44)      Free:     1596M (78%)        1558M (76%)        1900M (93%)        1928M (94%)        1928M (94%)        1552M (76%)    
[18.984s][info][gc,heap     ] GC(44)      Used:      452M (22%)         490M (24%)         148M (7%)          120M (6%)          496M (24%)         120M (6%)     
[18.984s][info][gc,heap     ] GC(44)      Live:         -                47M (2%)           47M (2%)           47M (2%)             -                  -          
[18.984s][info][gc,heap     ] GC(44) Allocated:         -                38M (2%)           48M (2%)           49M (2%)             -                  -          
[18.984s][info][gc,heap     ] GC(44)   Garbage:         -               404M (20%)          52M (3%)           22M (1%)             -                  -          
[18.984s][info][gc,heap     ] GC(44) Reclaimed:         -                  -               352M (17%)         381M (19%)            -                  -          
[18.984s][info][gc          ] GC(44) Garbage Collection (Allocation Rate) 452M(22%)->120M(6%)
[19.555s][info][gc,start    ] GC(45) Garbage Collection (Allocation Rate)
[19.555s][info][gc,task     ] GC(45) Using 6 workers
[19.555s][info][gc,phases   ] GC(45) Pause Mark Start 0.011ms
[19.575s][info][gc,phases   ] GC(45) Concurrent Mark 19.733ms
[19.575s][info][gc,phases   ] GC(45) Pause Mark End 0.019ms
[19.575s][info][gc,phases   ] GC(45) Concurrent Mark Free 0.000ms
[19.578s][info][gc,phases   ] GC(45) Concurrent Process Non-Strong References 3.167ms
[19.578s][info][gc,phases   ] GC(45) Concurrent Reset Relocation Set 0.003ms
[19.582s][info][gc,phases   ] GC(45) Concurrent Select Relocation Set 3.428ms
[19.582s][info][gc,phases   ] GC(45) Pause Relocate Start 0.008ms
[19.584s][info][gc,phases   ] GC(45) Concurrent Relocate 1.763ms
[19.584s][info][gc,load     ] GC(45) Load: 0.00/0.00/0.00
[19.584s][info][gc,mmu      ] GC(45) MMU: 2ms/98.2%, 5ms/99.3%, 10ms/99.6%, 20ms/99.8%, 50ms/99.9%, 100ms/99.9%
[19.584s][info][gc,marking  ] GC(45) Mark: 4 stripe(s), 3 proactive flush(es), 1 terminate flush(es), 0 completion(s), 0 continuation(s) 
[19.584s][info][gc,marking  ] GC(45) Mark Stack Usage: 32M
[19.584s][info][gc,nmethod  ] GC(45) NMethods: 8045 registered, 2469 unregistered
[19.584s][info][gc,metaspace] GC(45) Metaspace: 70M used, 70M committed, 1088M reserved
[19.584s][info][gc,ref      ] GC(45) Soft: 3818 encountered, 0 discovered, 0 enqueued
[19.584s][info][gc,ref      ] GC(45) Weak: 9308 encountered, 384 discovered, 0 enqueued
[19.584s][info][gc,ref      ] GC(45) Final: 289 encountered, 26 discovered, 0 enqueued
[19.584s][info][gc,ref      ] GC(45) Phantom: 425 encountered, 287 discovered, 0 enqueued
[19.584s][info][gc,reloc    ] GC(45) Small Pages: 631 / 1262M, Empty: 1144M, Relocated: 1M, In-Place: 0
[19.584s][info][gc,reloc    ] GC(45) Medium Pages: 0 / 0M, Empty: 0M, Relocated: 0M, In-Place: 0
[19.584s][info][gc,reloc    ] GC(45) Large Pages: 0 / 0M, Empty: 0M, Relocated: 0M, In-Place: 0
[19.584s][info][gc,reloc    ] GC(45) Forwarding Usage: 0M
[19.584s][info][gc,heap     ] GC(45) Min Capacity: 8M(0%)
[19.584s][info][gc,heap     ] GC(45) Max Capacity: 2048M(100%)
[19.584s][info][gc,heap     ] GC(45) Soft Max Capacity: 2048M(100%)
[19.584s][info][gc,heap     ] GC(45)                Mark Start          Mark End        Relocate Start      Relocate End           High               Low         
[19.584s][info][gc,heap     ] GC(45)  Capacity:     2048M (100%)       2048M (100%)       2048M (100%)       2048M (100%)       2048M (100%)       2048M (100%)   
[19.584s][info][gc,heap     ] GC(45)      Free:      786M (38%)         748M (37%)        1878M (92%)        1926M (94%)        1926M (94%)         742M (36%)    
[19.584s][info][gc,heap     ] GC(45)      Used:     1262M (62%)        1300M (63%)         170M (8%)          122M (6%)         1306M (64%)         122M (6%)     
[19.584s][info][gc,heap     ] GC(45)      Live:         -                47M (2%)           47M (2%)           47M (2%)             -                  -          
[19.584s][info][gc,heap     ] GC(45) Allocated:         -                38M (2%)           52M (3%)           51M (3%)             -                  -          
[19.584s][info][gc,heap     ] GC(45)   Garbage:         -              1214M (59%)          70M (3%)           22M (1%)             -                  -          
[19.584s][info][gc,heap     ] GC(45) Reclaimed:         -                  -              1144M (56%)        1191M (58%)            -                  -          
[19.584s][info][gc          ] GC(45) Garbage Collection (Allocation Rate) 1262M(62%)->122M(6%)
[19.929s][info][gc,start    ] GC(46) Garbage Collection (System.gc())
[19.929s][info][gc,task     ] GC(46) Using 12 workers
[19.929s][info][gc,phases   ] GC(46) Pause Mark Start 0.018ms
[19.955s][info][gc,phases   ] GC(46) Concurrent Mark 25.486ms
[19.955s][info][gc,phases   ] GC(46) Pause Mark End 0.022ms
[19.955s][info][gc,phases   ] GC(46) Concurrent Mark Free 0.001ms
[19.958s][info][gc,phases   ] GC(46) Concurrent Process Non-Strong References 2.165ms
[19.958s][info][gc,phases   ] GC(46) Concurrent Reset Relocation Set 0.004ms
[19.961s][info][gc,phases   ] GC(46) Concurrent Select Relocation Set 3.268ms
[19.961s][info][gc,phases   ] GC(46) Pause Relocate Start 0.006ms
[19.963s][info][gc,phases   ] GC(46) Concurrent Relocate 2.019ms
[19.963s][info][gc,load     ] GC(46) Load: 0.00/0.00/0.00
[19.963s][info][gc,mmu      ] GC(46) MMU: 2ms/98.2%, 5ms/99.3%, 10ms/99.6%, 20ms/99.8%, 50ms/99.9%, 100ms/99.9%
[19.963s][info][gc,marking  ] GC(46) Mark: 8 stripe(s), 2 proactive flush(es), 1 terminate flush(es), 0 completion(s), 0 continuation(s) 
[19.963s][info][gc,marking  ] GC(46) Mark Stack Usage: 32M
[19.963s][info][gc,nmethod  ] GC(46) NMethods: 8264 registered, 2483 unregistered
[19.963s][info][gc,metaspace] GC(46) Metaspace: 70M used, 70M committed, 1088M reserved
[19.963s][info][gc,ref      ] GC(46) Soft: 3824 encountered, 0 discovered, 0 enqueued
[19.963s][info][gc,ref      ] GC(46) Weak: 9342 encountered, 1134 discovered, 55 enqueued
[19.963s][info][gc,ref      ] GC(46) Final: 289 encountered, 1 discovered, 0 enqueued
[19.963s][info][gc,ref      ] GC(46) Phantom: 427 encountered, 271 discovered, 2 enqueued
[19.963s][info][gc,reloc    ] GC(46) Small Pages: 352 / 704M, Empty: 520M, Relocated: 5M, In-Place: 0
[19.963s][info][gc,reloc    ] GC(46) Medium Pages: 0 / 0M, Empty: 0M, Relocated: 0M, In-Place: 0
[19.963s][info][gc,reloc    ] GC(46) Large Pages: 0 / 0M, Empty: 0M, Relocated: 0M, In-Place: 0
[19.963s][info][gc,reloc    ] GC(46) Forwarding Usage: 1M
[19.963s][info][gc,heap     ] GC(46) Min Capacity: 8M(0%)
[19.963s][info][gc,heap     ] GC(46) Max Capacity: 2048M(100%)
[19.963s][info][gc,heap     ] GC(46) Soft Max Capacity: 2048M(100%)
[19.963s][info][gc,heap     ] GC(46)                Mark Start          Mark End        Relocate Start      Relocate End           High               Low         
[19.963s][info][gc,heap     ] GC(46)  Capacity:     2048M (100%)       2048M (100%)       2048M (100%)       2048M (100%)       2048M (100%)       2048M (100%)   
[19.963s][info][gc,heap     ] GC(46)      Free:     1344M (66%)        1324M (65%)        1844M (90%)        1950M (95%)        1950M (95%)        1324M (65%)    
[19.963s][info][gc,heap     ] GC(46)      Used:      704M (34%)         724M (35%)         204M (10%)          98M (5%)          724M (35%)          98M (5%)     
[19.963s][info][gc,heap     ] GC(46)      Live:         -                48M (2%)           48M (2%)           48M (2%)             -                  -          
[19.963s][info][gc,heap     ] GC(46) Allocated:         -                20M (1%)           20M (1%)           19M (1%)             -                  -          
[19.963s][info][gc,heap     ] GC(46)   Garbage:         -               655M (32%)         135M (7%)           29M (1%)             -                  -          
[19.963s][info][gc,heap     ] GC(46) Reclaimed:         -                  -               520M (25%)         625M (31%)            -                  -          
[19.963s][info][gc          ] GC(46) Garbage Collection (System.gc()) 704M(34%)->98M(5%)
[20.155s][info][gc,stats    ] === Garbage Collection Statistics =======================================================================================================================
[20.155s][info][gc,stats    ]                                                              Last 10s              Last 10m              Last 10h                Total
[20.155s][info][gc,stats    ]                                                              Avg / Max             Avg / Max             Avg / Max             Avg / Max
[20.155s][info][gc,stats    ]   Collector: Garbage Collection Cycle                     90.696 / 188.186      93.652 / 318.332      93.652 / 318.332      93.652 / 318.332     ms
[20.155s][info][gc,stats    ]  Contention: Mark Segment Reset Contention                    15 / 26                9 / 26                9 / 26                9 / 26          ops/s
[20.155s][info][gc,stats    ]  Contention: Mark SeqNum Reset Contention                      1 / 4                 1 / 5                 1 / 5                 1 / 5           ops/s
[20.155s][info][gc,stats    ]    Critical: Allocation Stall                                  0 / 0                 0 / 0                 0 / 0                 0 / 0           ops/s
[20.155s][info][gc,stats    ]    Critical: Allocation Stall                              0.000 / 0.000         0.000 / 0.000         0.000 / 0.000         0.000 / 0.000       ms
[20.155s][info][gc,stats    ]    Critical: GC Locker Stall                                   0 / 0                 0 / 0                 0 / 0                 0 / 0           ops/s
[20.155s][info][gc,stats    ]    Critical: GC Locker Stall                               0.000 / 0.000         0.000 / 0.000         0.000 / 0.000         0.000 / 0.000       ms
[20.155s][info][gc,stats    ]    Critical: Relocation Stall                                  0 / 0                 0 / 0                 0 / 0                 0 / 0           ops/s
[20.155s][info][gc,stats    ]    Critical: Relocation Stall                              0.000 / 0.000         0.000 / 0.000         0.000 / 0.000         0.000 / 0.000       ms
[20.155s][info][gc,stats    ]      Memory: Allocation Rate                                3757 / 5790           1968 / 5790           1968 / 5790           1968 / 5790        MB/s
[20.155s][info][gc,stats    ]      Memory: Defragment                                        0 / 0                 0 / 0                 0 / 0                 0 / 0           ops/s
[20.155s][info][gc,stats    ]      Memory: Out Of Memory                                     0 / 0                 0 / 0                 0 / 0                 0 / 0           ops/s
[20.155s][info][gc,stats    ]      Memory: Page Cache Flush                                  0 / 0                 0 / 0                 0 / 0                 0 / 0           MB/s
[20.155s][info][gc,stats    ]      Memory: Page Cache Hit L1                              1863 / 2914            961 / 2914            961 / 2914            961 / 2914        ops/s
[20.155s][info][gc,stats    ]      Memory: Page Cache Hit L2                                 0 / 0                 0 / 0                 0 / 0                 0 / 0           ops/s
[20.155s][info][gc,stats    ]      Memory: Page Cache Hit L3                                31 / 211              35 / 257              35 / 257              35 / 257         ops/s
[20.155s][info][gc,stats    ]      Memory: Page Cache Miss                                   0 / 0                 0 / 1                 0 / 1                 0 / 1           ops/s
[20.155s][info][gc,stats    ]      Memory: Uncommit                                          0 / 0                 0 / 0                 0 / 0                 0 / 0           MB/s
[20.155s][info][gc,stats    ]      Memory: Undo Object Allocation Failed                   420 / 859             230 / 859             230 / 859             230 / 859         ops/s
[20.155s][info][gc,stats    ]      Memory: Undo Object Allocation Succeeded                 83 / 154              47 / 154              47 / 154              47 / 154         ops/s
[20.155s][info][gc,stats    ]      Memory: Undo Page Allocation                            278 / 519             145 / 519             145 / 519             145 / 519         ops/s
[20.155s][info][gc,stats    ]       Phase: Concurrent Mark                              61.775 / 115.914      59.246 / 115.914      59.246 / 115.914      59.246 / 115.914     ms
[20.156s][info][gc,stats    ]       Phase: Concurrent Mark Continue                      0.000 / 0.000         0.000 / 0.000         0.000 / 0.000         0.000 / 0.000       ms
[20.156s][info][gc,stats    ]       Phase: Concurrent Mark Free                          0.001 / 0.005         0.001 / 0.005         0.001 / 0.005         0.001 / 0.005       ms
[20.156s][info][gc,stats    ]       Phase: Concurrent Process Non-Strong References     11.639 / 55.543       11.606 / 55.543       11.606 / 55.543       11.606 / 55.543      ms
[20.156s][info][gc,stats    ]       Phase: Concurrent Relocate                           6.009 / 14.214        6.008 / 14.214        6.008 / 14.214        6.008 / 14.214      ms
[20.156s][info][gc,stats    ]       Phase: Concurrent Reset Relocation Set               0.038 / 0.056         0.036 / 0.064         0.036 / 0.064         0.036 / 0.064       ms
[20.156s][info][gc,stats    ]       Phase: Concurrent Select Relocation Set              6.463 / 12.421        6.589 / 14.874        6.589 / 14.874        6.589 / 14.874      ms
[20.156s][info][gc,stats    ]       Phase: Pause Mark End                                0.024 / 0.034         0.024 / 0.037         0.024 / 0.037         0.024 / 0.037       ms
[20.156s][info][gc,stats    ]       Phase: Pause Mark Start                              0.011 / 0.018         0.011 / 0.018         0.011 / 0.018         0.011 / 0.018       ms
[20.156s][info][gc,stats    ]       Phase: Pause Relocate Start                          0.008 / 0.012         0.009 / 0.012         0.009 / 0.012         0.009 / 0.012       ms
[20.156s][info][gc,stats    ]    Subphase: Concurrent Classes Purge                      0.357 / 1.110         0.516 / 3.771         0.516 / 3.771         0.516 / 3.771       ms
[20.156s][info][gc,stats    ]    Subphase: Concurrent Classes Unlink                     9.059 / 53.357        8.957 / 53.357        8.957 / 53.357        8.957 / 53.357      ms
[20.156s][info][gc,stats    ]    Subphase: Concurrent Mark                              48.547 / 104.295      41.359 / 104.295      41.359 / 104.295      41.359 / 104.295     ms
[20.156s][info][gc,stats    ]    Subphase: Concurrent Mark Try Flush                     2.000 / 24.509        1.840 / 24.509        1.840 / 24.509        1.840 / 24.509      ms
[20.156s][info][gc,stats    ]    Subphase: Concurrent Mark Try Terminate                 1.713 / 15.075        1.728 / 15.075        1.728 / 15.075        1.728 / 15.075      ms
[20.156s][info][gc,stats    ]    Subphase: Concurrent References Enqueue                 0.002 / 0.007         0.002 / 0.014         0.002 / 0.014         0.002 / 0.014       ms
[20.156s][info][gc,stats    ]    Subphase: Concurrent References Process                 0.237 / 0.383         0.258 / 1.049         0.258 / 1.049         0.258 / 1.049       ms
[20.156s][info][gc,stats    ]    Subphase: Concurrent Roots ClassLoaderDataGraph         0.112 / 0.649         0.110 / 0.889         0.110 / 0.889         0.110 / 0.889       ms
[20.156s][info][gc,stats    ]    Subphase: Concurrent Roots CodeCache                    0.000 / 0.000         0.000 / 0.000         0.000 / 0.000         0.000 / 0.000       ms
[20.156s][info][gc,stats    ]    Subphase: Concurrent Roots JavaThreads                  6.940 / 18.170        8.878 / 39.863        8.878 / 39.863        8.878 / 39.863      ms
[20.156s][info][gc,stats    ]    Subphase: Concurrent Roots OopStorageSet                0.049 / 0.106         0.061 / 0.928         0.061 / 0.928         0.061 / 0.928       ms
[20.156s][info][gc,stats    ]    Subphase: Concurrent Weak Roots OopStorageSet           0.770 / 1.641         0.624 / 1.641         0.624 / 1.641         0.624 / 1.641       ms
[20.156s][info][gc,stats    ]    Subphase: Pause Mark Try Complete                       0.000 / 0.000         0.000 / 0.000         0.000 / 0.000         0.000 / 0.000       ms
[20.156s][info][gc,stats    ]      System: Java Threads                                    169 / 191             162 / 191             162 / 191             162 / 191         threads
[20.156s][info][gc,stats    ] =========================================================================================================================================================
[20.355s][info][gc,start    ] GC(47) Garbage Collection (Allocation Rate)
[20.355s][info][gc,task     ] GC(47) Using 2 workers
[20.355s][info][gc,phases   ] GC(47) Pause Mark Start 0.011ms
[20.483s][info][gc,phases   ] GC(47) Concurrent Mark 127.968ms
[20.484s][info][gc,phases   ] GC(47) Pause Mark End 0.023ms
[20.491s][info][gc,phases   ] GC(47) Concurrent Mark Free 0.003ms
[20.538s][info][gc,phases   ] GC(47) Concurrent Process Non-Strong References 46.683ms
[20.538s][info][gc,phases   ] GC(47) Concurrent Reset Relocation Set 0.016ms
[20.546s][info][gc,phases   ] GC(47) Concurrent Select Relocation Set 8.411ms
[20.547s][info][gc,phases   ] GC(47) Pause Relocate Start 0.008ms
[20.558s][info][gc,phases   ] GC(47) Concurrent Relocate 10.992ms
[20.558s][info][gc,load     ] GC(47) Load: 0.00/0.00/0.00
[20.558s][info][gc,mmu      ] GC(47) MMU: 2ms/98.2%, 5ms/99.3%, 10ms/99.6%, 20ms/99.8%, 50ms/99.9%, 100ms/99.9%
[20.558s][info][gc,marking  ] GC(47) Mark: 2 stripe(s), 3 proactive flush(es), 1 terminate flush(es), 0 completion(s), 0 continuation(s) 
[20.558s][info][gc,marking  ] GC(47) Mark Stack Usage: 32M
[20.558s][info][gc,nmethod  ] GC(47) NMethods: 8419 registered, 2723 unregistered
[20.558s][info][gc,metaspace] GC(47) Metaspace: 70M used, 70M committed, 1088M reserved
[20.558s][info][gc,ref      ] GC(47) Soft: 3829 encountered, 0 discovered, 0 enqueued
[20.558s][info][gc,ref      ] GC(47) Weak: 10801 encountered, 1661 discovered, 8 enqueued
[20.558s][info][gc,ref      ] GC(47) Final: 289 encountered, 0 discovered, 0 enqueued
[20.558s][info][gc,ref      ] GC(47) Phantom: 428 encountered, 227 discovered, 3 enqueued
[20.558s][info][gc,reloc    ] GC(47) Small Pages: 483 / 966M, Empty: 464M, Relocated: 4M, In-Place: 0
[20.558s][info][gc,reloc    ] GC(47) Medium Pages: 0 / 0M, Empty: 0M, Relocated: 0M, In-Place: 0
[20.558s][info][gc,reloc    ] GC(47) Large Pages: 0 / 0M, Empty: 0M, Relocated: 0M, In-Place: 0
[20.558s][info][gc,reloc    ] GC(47) Forwarding Usage: 2M
[20.558s][info][gc,heap     ] GC(47) Min Capacity: 8M(0%)
[20.558s][info][gc,heap     ] GC(47) Max Capacity: 2048M(100%)
[20.558s][info][gc,heap     ] GC(47) Soft Max Capacity: 2048M(100%)
[20.558s][info][gc,heap     ] GC(47)                Mark Start          Mark End        Relocate Start      Relocate End           High               Low         
[20.558s][info][gc,heap     ] GC(47)  Capacity:     2048M (100%)       2048M (100%)       2048M (100%)       2048M (100%)       2048M (100%)       2048M (100%)   
[20.558s][info][gc,heap     ] GC(47)      Free:     1082M (53%)         642M (31%)         934M (46%)        1356M (66%)        1356M (66%)         494M (24%)    
[20.558s][info][gc,heap     ] GC(47)      Used:      966M (47%)        1406M (69%)        1114M (54%)         692M (34%)        1554M (76%)         692M (34%)    
[20.558s][info][gc,heap     ] GC(47)      Live:         -                52M (3%)           52M (3%)           52M (3%)             -                  -          
[20.559s][info][gc,heap     ] GC(47) Allocated:         -               440M (21%)         612M (30%)         626M (31%)            -                  -          
[20.559s][info][gc,heap     ] GC(47)   Garbage:         -               913M (45%)         449M (22%)          12M (1%)             -                  -          
[20.559s][info][gc,heap     ] GC(47) Reclaimed:         -                  -               464M (23%)         900M (44%)            -                  -          
[20.559s][info][gc          ] GC(47) Garbage Collection (Allocation Rate) 966M(47%)->692M(34%)
[20.654s][info][gc,start    ] GC(48) Garbage Collection (Allocation Rate)
[20.654s][info][gc,task     ] GC(48) Using 4 workers
[20.654s][info][gc,phases   ] GC(48) Pause Mark Start 0.013ms
[20.711s][info][gc,phases   ] GC(48) Concurrent Mark 56.257ms
[20.711s][info][gc,phases   ] GC(48) Pause Mark End 0.024ms
[20.715s][info][gc,phases   ] GC(48) Concurrent Mark Free 0.001ms
[20.732s][info][gc,phases   ] GC(48) Concurrent Process Non-Strong References 17.155ms
[20.732s][info][gc,phases   ] GC(48) Concurrent Reset Relocation Set 0.055ms
[20.737s][info][gc,phases   ] GC(48) Concurrent Select Relocation Set 5.183ms
[20.737s][info][gc,phases   ] GC(48) Pause Relocate Start 0.008ms
[20.747s][info][gc,phases   ] GC(48) Concurrent Relocate 9.076ms
[20.820s][info][gc,load     ] GC(48) Load: 0.00/0.00/0.00
[20.820s][info][gc,mmu      ] GC(48) MMU: 2ms/98.2%, 5ms/99.3%, 10ms/99.6%, 20ms/99.8%, 50ms/99.9%, 100ms/99.9%
[20.820s][info][gc,marking  ] GC(48) Mark: 4 stripe(s), 3 proactive flush(es), 1 terminate flush(es), 0 completion(s), 0 continuation(s) 
[20.820s][info][gc,marking  ] GC(48) Mark Stack Usage: 32M
[20.820s][info][gc,nmethod  ] GC(48) NMethods: 8380 registered, 2853 unregistered
[20.820s][info][gc,metaspace] GC(48) Metaspace: 70M used, 70M committed, 1088M reserved
[20.820s][info][gc,ref      ] GC(48) Soft: 3829 encountered, 0 discovered, 0 enqueued
[20.820s][info][gc,ref      ] GC(48) Weak: 10793 encountered, 1357 discovered, 0 enqueued
[20.820s][info][gc,ref      ] GC(48) Final: 289 encountered, 27 discovered, 0 enqueued
[20.820s][info][gc,ref      ] GC(48) Phantom: 425 encountered, 295 discovered, 0 enqueued
[20.820s][info][gc,reloc    ] GC(48) Small Pages: 533 / 1066M, Empty: 704M, Relocated: 5M, In-Place: 0
[20.820s][info][gc,reloc    ] GC(48) Medium Pages: 0 / 0M, Empty: 0M, Relocated: 0M, In-Place: 0
[20.820s][info][gc,reloc    ] GC(48) Large Pages: 0 / 0M, Empty: 0M, Relocated: 0M, In-Place: 0
[20.820s][info][gc,reloc    ] GC(48) Forwarding Usage: 2M
[20.820s][info][gc,heap     ] GC(48) Min Capacity: 8M(0%)
[20.820s][info][gc,heap     ] GC(48) Max Capacity: 2048M(100%)
[20.820s][info][gc,heap     ] GC(48) Soft Max Capacity: 2048M(100%)
[20.820s][info][gc,heap     ] GC(48)                Mark Start          Mark End        Relocate Start      Relocate End           High               Low         
[20.820s][info][gc,heap     ] GC(48)  Capacity:     2048M (100%)       2048M (100%)       2048M (100%)       2048M (100%)       2048M (100%)       2048M (100%)   
[20.820s][info][gc,heap     ] GC(48)      Free:      982M (48%)         770M (38%)        1358M (66%)        1628M (79%)        1646M (80%)         676M (33%)    
[20.820s][info][gc,heap     ] GC(48)      Used:     1066M (52%)        1278M (62%)         690M (34%)         420M (21%)        1372M (67%)         402M (20%)    
[20.820s][info][gc,heap     ] GC(48)      Live:         -                52M (3%)           52M (3%)           52M (3%)             -                  -          
[20.820s][info][gc,heap     ] GC(48) Allocated:         -               212M (10%)         328M (16%)         351M (17%)            -                  -          
[20.820s][info][gc,heap     ] GC(48)   Garbage:         -              1013M (50%)         309M (15%)          16M (1%)             -                  -          
[20.820s][info][gc,heap     ] GC(48) Reclaimed:         -                  -               704M (34%)         997M (49%)            -                  -          
[20.820s][info][gc          ] GC(48) Garbage Collection (Allocation Rate) 1066M(52%)->420M(21%)
[20.855s][info][gc,start    ] GC(49) Garbage Collection (Allocation Rate)
[20.855s][info][gc,task     ] GC(49) Using 12 workers
[20.855s][info][gc,phases   ] GC(49) Pause Mark Start 0.014ms
[20.879s][info][gc,phases   ] GC(49) Concurrent Mark 23.134ms
[20.879s][info][gc,phases   ] GC(49) Pause Mark End 0.023ms
[20.879s][info][gc,phases   ] GC(49) Concurrent Mark Free 0.001ms
[20.885s][info][gc,phases   ] GC(49) Concurrent Process Non-Strong References 5.652ms
[20.885s][info][gc,phases   ] GC(49) Concurrent Reset Relocation Set 0.036ms
[20.890s][info][gc,phases   ] GC(49) Concurrent Select Relocation Set 4.935ms
[20.890s][info][gc,phases   ] GC(49) Pause Relocate Start 0.008ms
[20.896s][info][gc,phases   ] GC(49) Concurrent Relocate 5.420ms
[20.896s][info][gc,load     ] GC(49) Load: 0.00/0.00/0.00
[20.896s][info][gc,mmu      ] GC(49) MMU: 2ms/98.2%, 5ms/99.3%, 10ms/99.6%, 20ms/99.8%, 50ms/99.9%, 100ms/99.9%
[20.896s][info][gc,marking  ] GC(49) Mark: 8 stripe(s), 3 proactive flush(es), 1 terminate flush(es), 0 completion(s), 0 continuation(s) 
[20.896s][info][gc,marking  ] GC(49) Mark Stack Usage: 32M
[20.896s][info][gc,nmethod  ] GC(49) NMethods: 8378 registered, 2856 unregistered
[20.896s][info][gc,metaspace] GC(49) Metaspace: 70M used, 70M committed, 1088M reserved
[20.896s][info][gc,ref      ] GC(49) Soft: 3829 encountered, 0 discovered, 0 enqueued
[20.896s][info][gc,ref      ] GC(49) Weak: 10793 encountered, 1186 discovered, 0 enqueued
[20.896s][info][gc,ref      ] GC(49) Final: 289 encountered, 23 discovered, 0 enqueued
[20.896s][info][gc,ref      ] GC(49) Phantom: 425 encountered, 299 discovered, 0 enqueued
[20.896s][info][gc,reloc    ] GC(49) Small Pages: 442 / 884M, Empty: 548M, Relocated: 5M, In-Place: 0
[20.896s][info][gc,reloc    ] GC(49) Medium Pages: 0 / 0M, Empty: 0M, Relocated: 0M, In-Place: 0
[20.896s][info][gc,reloc    ] GC(49) Large Pages: 0 / 0M, Empty: 0M, Relocated: 0M, In-Place: 0
[20.896s][info][gc,reloc    ] GC(49) Forwarding Usage: 2M
[20.896s][info][gc,heap     ] GC(49) Min Capacity: 8M(0%)
[20.896s][info][gc,heap     ] GC(49) Max Capacity: 2048M(100%)
[20.896s][info][gc,heap     ] GC(49) Soft Max Capacity: 2048M(100%)
[20.896s][info][gc,heap     ] GC(49)                Mark Start          Mark End        Relocate Start      Relocate End           High               Low         
[20.896s][info][gc,heap     ] GC(49)  Capacity:     2048M (100%)       2048M (100%)       2048M (100%)       2048M (100%)       2048M (100%)       2048M (100%)   
[20.896s][info][gc,heap     ] GC(49)      Free:     1164M (57%)        1054M (51%)        1554M (76%)        1792M (88%)        1798M (88%)        1028M (50%)    
[20.896s][info][gc,heap     ] GC(49)      Used:      884M (43%)         994M (49%)         494M (24%)         256M (13%)        1020M (50%)         250M (12%)    
[20.897s][info][gc,heap     ] GC(49)      Live:         -                52M (3%)           52M (3%)           52M (3%)             -                  -          
[20.897s][info][gc,heap     ] GC(49) Allocated:         -               110M (5%)          158M (8%)          171M (8%)             -                  -          
[20.897s][info][gc,heap     ] GC(49)   Garbage:         -               831M (41%)         283M (14%)          32M (2%)             -                  -          
[20.897s][info][gc,heap     ] GC(49) Reclaimed:         -                  -               548M (27%)         799M (39%)            -                  -          
[20.897s][info][gc          ] GC(49) Garbage Collection (Allocation Rate) 884M(43%)->256M(13%)
[20.955s][info][gc,start    ] GC(50) Garbage Collection (Allocation Rate)
[20.955s][info][gc,task     ] GC(50) Using 12 workers
[20.955s][info][gc,phases   ] GC(50) Pause Mark Start 0.013ms
[20.980s][info][gc,phases   ] GC(50) Concurrent Mark 25.338ms
[20.981s][info][gc,phases   ] GC(50) Pause Mark End 0.026ms
[20.983s][info][gc,phases   ] GC(50) Concurrent Mark Free 0.001ms
[20.986s][info][gc,phases   ] GC(50) Concurrent Process Non-Strong References 2.849ms
[20.986s][info][gc,phases   ] GC(50) Concurrent Reset Relocation Set 0.037ms
[20.997s][info][gc,phases   ] GC(50) Concurrent Select Relocation Set 11.037ms
[20.998s][info][gc,phases   ] GC(50) Pause Relocate Start 0.008ms
[21.005s][info][gc,phases   ] GC(50) Concurrent Relocate 7.017ms
[21.005s][info][gc,load     ] GC(50) Load: 0.00/0.00/0.00
[21.005s][info][gc,mmu      ] GC(50) MMU: 2ms/98.2%, 5ms/99.3%, 10ms/99.6%, 20ms/99.8%, 50ms/99.9%, 100ms/99.9%
[21.005s][info][gc,marking  ] GC(50) Mark: 8 stripe(s), 3 proactive flush(es), 1 terminate flush(es), 0 completion(s), 0 continuation(s) 
[21.005s][info][gc,marking  ] GC(50) Mark Stack Usage: 32M
[21.005s][info][gc,nmethod  ] GC(50) NMethods: 8378 registered, 2856 unregistered
[21.005s][info][gc,metaspace] GC(50) Metaspace: 70M used, 70M committed, 1088M reserved
[21.005s][info][gc,ref      ] GC(50) Soft: 3829 encountered, 0 discovered, 0 enqueued
[21.005s][info][gc,ref      ] GC(50) Weak: 10793 encountered, 1654 discovered, 0 enqueued
[21.006s][info][gc,ref      ] GC(50) Final: 289 encountered, 10 discovered, 0 enqueued
[21.006s][info][gc,ref      ] GC(50) Phantom: 425 encountered, 295 discovered, 0 enqueued
[21.006s][info][gc,reloc    ] GC(50) Small Pages: 274 / 548M, Empty: 224M, Relocated: 5M, In-Place: 0
[21.006s][info][gc,reloc    ] GC(50) Medium Pages: 0 / 0M, Empty: 0M, Relocated: 0M, In-Place: 0
[21.006s][info][gc,reloc    ] GC(50) Large Pages: 0 / 0M, Empty: 0M, Relocated: 0M, In-Place: 0
[21.006s][info][gc,reloc    ] GC(50) Forwarding Usage: 2M
[21.006s][info][gc,heap     ] GC(50) Min Capacity: 8M(0%)
[21.006s][info][gc,heap     ] GC(50) Max Capacity: 2048M(100%)
[21.006s][info][gc,heap     ] GC(50) Soft Max Capacity: 2048M(100%)
[21.006s][info][gc,heap     ] GC(50)                Mark Start          Mark End        Relocate Start      Relocate End           High               Low         
[21.006s][info][gc,heap     ] GC(50)  Capacity:     2048M (100%)       2048M (100%)       2048M (100%)       2048M (100%)       2048M (100%)       2048M (100%)   
[21.006s][info][gc,heap     ] GC(50)      Free:     1500M (73%)        1384M (68%)        1534M (75%)        1754M (86%)        1768M (86%)        1360M (66%)    
[21.006s][info][gc,heap     ] GC(50)      Used:      548M (27%)         664M (32%)         514M (25%)         294M (14%)         688M (34%)         280M (14%)    
[21.006s][info][gc,heap     ] GC(50)      Live:         -                52M (3%)           52M (3%)           52M (3%)             -                  -          
[21.006s][info][gc,heap     ] GC(50) Allocated:         -               116M (6%)          190M (9%)          209M (10%)            -                  -          
[21.006s][info][gc,heap     ] GC(50)   Garbage:         -               495M (24%)         271M (13%)          32M (2%)             -                  -          
[21.006s][info][gc,heap     ] GC(50) Reclaimed:         -                  -               224M (11%)         463M (23%)            -                  -          
[21.006s][info][gc          ] GC(50) Garbage Collection (Allocation Rate) 548M(27%)->294M(14%)
[21.054s][info][gc,start    ] GC(51) Garbage Collection (Allocation Rate)
[21.054s][info][gc,task     ] GC(51) Using 12 workers
[21.055s][info][gc,phases   ] GC(51) Pause Mark Start 0.013ms
[21.075s][info][gc,phases   ] GC(51) Concurrent Mark 20.289ms
[21.076s][info][gc,phases   ] GC(51) Pause Mark End 0.026ms
[21.079s][info][gc,phases   ] GC(51) Concurrent Mark Free 0.003ms
[21.082s][info][gc,phases   ] GC(51) Concurrent Process Non-Strong References 3.258ms
[21.082s][info][gc,phases   ] GC(51) Concurrent Reset Relocation Set 0.038ms
[21.087s][info][gc,phases   ] GC(51) Concurrent Select Relocation Set 4.936ms
[21.087s][info][gc,phases   ] GC(51) Pause Relocate Start 0.007ms
[21.093s][info][gc,phases   ] GC(51) Concurrent Relocate 5.781ms
[21.094s][info][gc,load     ] GC(51) Load: 0.00/0.00/0.00
[21.094s][info][gc,mmu      ] GC(51) MMU: 2ms/98.2%, 5ms/99.3%, 10ms/99.6%, 20ms/99.8%, 50ms/99.9%, 100ms/99.9%
[21.094s][info][gc,marking  ] GC(51) Mark: 8 stripe(s), 3 proactive flush(es), 1 terminate flush(es), 0 completion(s), 0 continuation(s) 
[21.094s][info][gc,marking  ] GC(51) Mark Stack Usage: 32M
[21.094s][info][gc,nmethod  ] GC(51) NMethods: 8378 registered, 2856 unregistered
[21.094s][info][gc,metaspace] GC(51) Metaspace: 70M used, 70M committed, 1088M reserved
[21.094s][info][gc,ref      ] GC(51) Soft: 3829 encountered, 0 discovered, 0 enqueued
[21.094s][info][gc,ref      ] GC(51) Weak: 10793 encountered, 1125 discovered, 0 enqueued
[21.094s][info][gc,ref      ] GC(51) Final: 289 encountered, 26 discovered, 0 enqueued
[21.094s][info][gc,ref      ] GC(51) Phantom: 425 encountered, 330 discovered, 0 enqueued
[21.094s][info][gc,reloc    ] GC(51) Small Pages: 270 / 540M, Empty: 240M, Relocated: 5M, In-Place: 0
[21.094s][info][gc,reloc    ] GC(51) Medium Pages: 0 / 0M, Empty: 0M, Relocated: 0M, In-Place: 0
[21.094s][info][gc,reloc    ] GC(51) Large Pages: 0 / 0M, Empty: 0M, Relocated: 0M, In-Place: 0
[21.094s][info][gc,reloc    ] GC(51) Forwarding Usage: 2M
[21.094s][info][gc,heap     ] GC(51) Min Capacity: 8M(0%)
[21.094s][info][gc,heap     ] GC(51) Max Capacity: 2048M(100%)
[21.094s][info][gc,heap     ] GC(51) Soft Max Capacity: 2048M(100%)
[21.094s][info][gc,heap     ] GC(51)                Mark Start          Mark End        Relocate Start      Relocate End           High               Low         
[21.094s][info][gc,heap     ] GC(51)  Capacity:     2048M (100%)       2048M (100%)       2048M (100%)       2048M (100%)       2048M (100%)       2048M (100%)   
[21.094s][info][gc,heap     ] GC(51)      Free:     1508M (74%)        1410M (69%)        1598M (78%)        1798M (88%)        1810M (88%)        1384M (68%)    
[21.094s][info][gc,heap     ] GC(51)      Used:      540M (26%)         638M (31%)         450M (22%)         250M (12%)         664M (32%)         238M (12%)    
[21.094s][info][gc,heap     ] GC(51)      Live:         -                52M (3%)           52M (3%)           52M (3%)             -                  -          
[21.094s][info][gc,heap     ] GC(51) Allocated:         -                98M (5%)          150M (7%)          165M (8%)             -                  -          
[21.094s][info][gc,heap     ] GC(51)   Garbage:         -               487M (24%)         247M (12%)          32M (2%)             -                  -          
[21.094s][info][gc,heap     ] GC(51) Reclaimed:         -                  -               240M (12%)         455M (22%)            -                  -          
[21.094s][info][gc          ] GC(51) Garbage Collection (Allocation Rate) 540M(26%)->250M(12%)
[21.154s][info][gc,start    ] GC(52) Garbage Collection (Allocation Rate)
[21.154s][info][gc,task     ] GC(52) Using 12 workers
[21.154s][info][gc,phases   ] GC(52) Pause Mark Start 0.010ms
[21.177s][info][gc,phases   ] GC(52) Concurrent Mark 22.328ms
[21.177s][info][gc,phases   ] GC(52) Pause Mark End 0.025ms
[21.178s][info][gc,phases   ] GC(52) Concurrent Mark Free 0.001ms
[21.183s][info][gc,phases   ] GC(52) Concurrent Process Non-Strong References 5.368ms
[21.183s][info][gc,phases   ] GC(52) Concurrent Reset Relocation Set 0.040ms
[21.193s][info][gc,phases   ] GC(52) Concurrent Select Relocation Set 9.252ms
[21.193s][info][gc,phases   ] GC(52) Pause Relocate Start 0.009ms
[21.200s][info][gc,phases   ] GC(52) Concurrent Relocate 6.150ms
[21.200s][info][gc,load     ] GC(52) Load: 0.00/0.00/0.00
[21.200s][info][gc,mmu      ] GC(52) MMU: 2ms/98.2%, 5ms/99.3%, 10ms/99.6%, 20ms/99.8%, 50ms/99.9%, 100ms/99.9%
[21.200s][info][gc,marking  ] GC(52) Mark: 8 stripe(s), 3 proactive flush(es), 1 terminate flush(es), 0 completion(s), 0 continuation(s) 
[21.200s][info][gc,marking  ] GC(52) Mark Stack Usage: 32M
[21.200s][info][gc,nmethod  ] GC(52) NMethods: 8379 registered, 2856 unregistered
[21.200s][info][gc,metaspace] GC(52) Metaspace: 70M used, 70M committed, 1088M reserved
[21.200s][info][gc,ref      ] GC(52) Soft: 3829 encountered, 0 discovered, 0 enqueued
[21.200s][info][gc,ref      ] GC(52) Weak: 10793 encountered, 1771 discovered, 0 enqueued
[21.200s][info][gc,ref      ] GC(52) Final: 289 encountered, 16 discovered, 0 enqueued
[21.200s][info][gc,ref      ] GC(52) Phantom: 425 encountered, 340 discovered, 0 enqueued
[21.200s][info][gc,reloc    ] GC(52) Small Pages: 277 / 554M, Empty: 250M, Relocated: 5M, In-Place: 0
[21.200s][info][gc,reloc    ] GC(52) Medium Pages: 0 / 0M, Empty: 0M, Relocated: 0M, In-Place: 0
[21.201s][info][gc,reloc    ] GC(52) Large Pages: 0 / 0M, Empty: 0M, Relocated: 0M, In-Place: 0
[21.201s][info][gc,reloc    ] GC(52) Forwarding Usage: 2M
[21.201s][info][gc,heap     ] GC(52) Min Capacity: 8M(0%)
[21.201s][info][gc,heap     ] GC(52) Max Capacity: 2048M(100%)
[21.201s][info][gc,heap     ] GC(52) Soft Max Capacity: 2048M(100%)
[21.201s][info][gc,heap     ] GC(52)                Mark Start          Mark End        Relocate Start      Relocate End           High               Low         
[21.201s][info][gc,heap     ] GC(52)  Capacity:     2048M (100%)       2048M (100%)       2048M (100%)       2048M (100%)       2048M (100%)       2048M (100%)   
[21.201s][info][gc,heap     ] GC(52)      Free:     1494M (73%)        1392M (68%)        1576M (77%)        1774M (87%)        1788M (87%)        1368M (67%)    
[21.201s][info][gc,heap     ] GC(52)      Used:      554M (27%)         656M (32%)         472M (23%)         274M (13%)         680M (33%)         260M (13%)    
[21.201s][info][gc,heap     ] GC(52)      Live:         -                52M (3%)           52M (3%)           52M (3%)             -                  -          
[21.201s][info][gc,heap     ] GC(52) Allocated:         -               102M (5%)          168M (8%)          189M (9%)             -                  -          
[21.201s][info][gc,heap     ] GC(52)   Garbage:         -               501M (24%)         251M (12%)          32M (2%)             -                  -          
[21.201s][info][gc,heap     ] GC(52) Reclaimed:         -                  -               250M (12%)         469M (23%)            -                  -          
[21.201s][info][gc          ] GC(52) Garbage Collection (Allocation Rate) 554M(27%)->274M(13%)
[21.254s][info][gc,start    ] GC(53) Garbage Collection (Allocation Rate)
[21.254s][info][gc,task     ] GC(53) Using 12 workers
[21.254s][info][gc,phases   ] GC(53) Pause Mark Start 0.013ms
[21.275s][info][gc,phases   ] GC(53) Concurrent Mark 20.194ms
[21.275s][info][gc,phases   ] GC(53) Pause Mark End 0.028ms
[21.277s][info][gc,phases   ] GC(53) Concurrent Mark Free 0.002ms
[21.280s][info][gc,phases   ] GC(53) Concurrent Process Non-Strong References 2.826ms
[21.280s][info][gc,phases   ] GC(53) Concurrent Reset Relocation Set 0.032ms
[21.285s][info][gc,phases   ] GC(53) Concurrent Select Relocation Set 5.060ms
[21.285s][info][gc,phases   ] GC(53) Pause Relocate Start 0.009ms
[21.291s][info][gc,phases   ] GC(53) Concurrent Relocate 5.893ms
[21.291s][info][gc,load     ] GC(53) Load: 0.00/0.00/0.00
[21.291s][info][gc,mmu      ] GC(53) MMU: 2ms/98.2%, 5ms/99.3%, 10ms/99.6%, 20ms/99.8%, 50ms/99.9%, 100ms/99.9%
[21.291s][info][gc,marking  ] GC(53) Mark: 8 stripe(s), 5 proactive flush(es), 1 terminate flush(es), 0 completion(s), 0 continuation(s) 
[21.291s][info][gc,marking  ] GC(53) Mark Stack Usage: 32M
[21.291s][info][gc,nmethod  ] GC(53) NMethods: 8379 registered, 2857 unregistered
[21.291s][info][gc,metaspace] GC(53) Metaspace: 70M used, 70M committed, 1088M reserved
[21.291s][info][gc,ref      ] GC(53) Soft: 3829 encountered, 0 discovered, 0 enqueued
[21.291s][info][gc,ref      ] GC(53) Weak: 10793 encountered, 782 discovered, 0 enqueued
[21.291s][info][gc,ref      ] GC(53) Final: 289 encountered, 24 discovered, 0 enqueued
[21.291s][info][gc,ref      ] GC(53) Phantom: 425 encountered, 273 discovered, 0 enqueued
[21.292s][info][gc,reloc    ] GC(53) Small Pages: 270 / 540M, Empty: 178M, Relocated: 5M, In-Place: 0
[21.292s][info][gc,reloc    ] GC(53) Medium Pages: 0 / 0M, Empty: 0M, Relocated: 0M, In-Place: 0
[21.292s][info][gc,reloc    ] GC(53) Large Pages: 0 / 0M, Empty: 0M, Relocated: 0M, In-Place: 0
[21.292s][info][gc,reloc    ] GC(53) Forwarding Usage: 2M
[21.292s][info][gc,heap     ] GC(53) Min Capacity: 8M(0%)
[21.292s][info][gc,heap     ] GC(53) Max Capacity: 2048M(100%)
[21.292s][info][gc,heap     ] GC(53) Soft Max Capacity: 2048M(100%)
[21.292s][info][gc,heap     ] GC(53)                Mark Start          Mark End        Relocate Start      Relocate End           High               Low         
[21.292s][info][gc,heap     ] GC(53)  Capacity:     2048M (100%)       2048M (100%)       2048M (100%)       2048M (100%)       2048M (100%)       2048M (100%)   
[21.292s][info][gc,heap     ] GC(53)      Free:     1508M (74%)        1414M (69%)        1550M (76%)        1808M (88%)        1822M (89%)        1394M (68%)    
[21.292s][info][gc,heap     ] GC(53)      Used:      540M (26%)         634M (31%)         498M (24%)         240M (12%)         654M (32%)         226M (11%)    
[21.292s][info][gc,heap     ] GC(53)      Live:         -                52M (3%)           52M (3%)           52M (3%)             -                  -          
[21.292s][info][gc,heap     ] GC(53) Allocated:         -                94M (5%)          136M (7%)          155M (8%)             -                  -          
[21.292s][info][gc,heap     ] GC(53)   Garbage:         -               487M (24%)         309M (15%)          32M (2%)             -                  -          
[21.292s][info][gc,heap     ] GC(53) Reclaimed:         -                  -               178M (9%)          455M (22%)            -                  -          
[21.292s][info][gc          ] GC(53) Garbage Collection (Allocation Rate) 540M(26%)->240M(12%)
[21.355s][info][gc,start    ] GC(54) Garbage Collection (Allocation Rate)
[21.355s][info][gc,task     ] GC(54) Using 12 workers
[21.355s][info][gc,phases   ] GC(54) Pause Mark Start 0.010ms
[21.376s][info][gc,phases   ] GC(54) Concurrent Mark 20.136ms
[21.376s][info][gc,phases   ] GC(54) Pause Mark End 0.024ms
[21.380s][info][gc,phases   ] GC(54) Concurrent Mark Free 0.002ms
[21.386s][info][gc,phases   ] GC(54) Concurrent Process Non-Strong References 6.065ms
[21.386s][info][gc,phases   ] GC(54) Concurrent Reset Relocation Set 0.051ms
[21.405s][info][gc,phases   ] GC(54) Concurrent Select Relocation Set 19.328ms
[21.406s][info][gc,phases   ] GC(54) Pause Relocate Start 0.009ms
[21.412s][info][gc,phases   ] GC(54) Concurrent Relocate 6.128ms
[21.412s][info][gc,load     ] GC(54) Load: 0.00/0.00/0.00
[21.412s][info][gc,mmu      ] GC(54) MMU: 2ms/98.2%, 5ms/99.3%, 10ms/99.6%, 20ms/99.8%, 50ms/99.9%, 100ms/99.9%
[21.412s][info][gc,marking  ] GC(54) Mark: 8 stripe(s), 3 proactive flush(es), 1 terminate flush(es), 0 completion(s), 0 continuation(s) 
[21.412s][info][gc,marking  ] GC(54) Mark Stack Usage: 32M
[21.412s][info][gc,nmethod  ] GC(54) NMethods: 8379 registered, 2857 unregistered
[21.412s][info][gc,metaspace] GC(54) Metaspace: 70M used, 70M committed, 1088M reserved
[21.412s][info][gc,ref      ] GC(54) Soft: 3829 encountered, 0 discovered, 0 enqueued
[21.412s][info][gc,ref      ] GC(54) Weak: 10793 encountered, 1501 discovered, 0 enqueued
[21.412s][info][gc,ref      ] GC(54) Final: 289 encountered, 18 discovered, 0 enqueued
[21.412s][info][gc,ref      ] GC(54) Phantom: 425 encountered, 322 discovered, 0 enqueued
[21.412s][info][gc,reloc    ] GC(54) Small Pages: 276 / 552M, Empty: 260M, Relocated: 5M, In-Place: 0
[21.412s][info][gc,reloc    ] GC(54) Medium Pages: 0 / 0M, Empty: 0M, Relocated: 0M, In-Place: 0
[21.412s][info][gc,reloc    ] GC(54) Large Pages: 0 / 0M, Empty: 0M, Relocated: 0M, In-Place: 0
[21.412s][info][gc,reloc    ] GC(54) Forwarding Usage: 2M
[21.412s][info][gc,heap     ] GC(54) Min Capacity: 8M(0%)
[21.412s][info][gc,heap     ] GC(54) Max Capacity: 2048M(100%)
[21.412s][info][gc,heap     ] GC(54) Soft Max Capacity: 2048M(100%)
[21.412s][info][gc,heap     ] GC(54)                Mark Start          Mark End        Relocate Start      Relocate End           High               Low         
[21.412s][info][gc,heap     ] GC(54)  Capacity:     2048M (100%)       2048M (100%)       2048M (100%)       2048M (100%)       2048M (100%)       2048M (100%)   
[21.412s][info][gc,heap     ] GC(54)      Free:     1496M (73%)        1400M (68%)        1542M (75%)        1732M (85%)        1746M (85%)        1354M (66%)    
[21.412s][info][gc,heap     ] GC(54)      Used:      552M (27%)         648M (32%)         506M (25%)         316M (15%)         694M (34%)         302M (15%)    
[21.413s][info][gc,heap     ] GC(54)      Live:         -                52M (3%)           52M (3%)           52M (3%)             -                  -          
[21.413s][info][gc,heap     ] GC(54) Allocated:         -                96M (5%)          214M (10%)         231M (11%)            -                  -          
[21.413s][info][gc,heap     ] GC(54)   Garbage:         -               499M (24%)         239M (12%)          31M (2%)             -                  -          
[21.413s][info][gc,heap     ] GC(54) Reclaimed:         -                  -               260M (13%)         467M (23%)            -                  -          
[21.413s][info][gc          ] GC(54) Garbage Collection (Allocation Rate) 552M(27%)->316M(15%)
[21.455s][info][gc,start    ] GC(55) Garbage Collection (Allocation Rate)
[21.455s][info][gc,task     ] GC(55) Using 12 workers
[21.455s][info][gc,phases   ] GC(55) Pause Mark Start 0.010ms
[21.477s][info][gc,phases   ] GC(55) Concurrent Mark 21.313ms
[21.477s][info][gc,phases   ] GC(55) Pause Mark End 0.025ms
[21.478s][info][gc,phases   ] GC(55) Concurrent Mark Free 0.002ms
[21.481s][info][gc,phases   ] GC(55) Concurrent Process Non-Strong References 2.894ms
[21.481s][info][gc,phases   ] GC(55) Concurrent Reset Relocation Set 0.034ms
[21.492s][info][gc,phases   ] GC(55) Concurrent Select Relocation Set 10.938ms
[21.492s][info][gc,phases   ] GC(55) Pause Relocate Start 0.008ms
[21.500s][info][gc,phases   ] GC(55) Concurrent Relocate 7.357ms
[21.500s][info][gc,load     ] GC(55) Load: 0.00/0.00/0.00
[21.500s][info][gc,mmu      ] GC(55) MMU: 2ms/98.2%, 5ms/99.3%, 10ms/99.6%, 20ms/99.8%, 50ms/99.9%, 100ms/99.9%
[21.500s][info][gc,marking  ] GC(55) Mark: 8 stripe(s), 3 proactive flush(es), 1 terminate flush(es), 0 completion(s), 0 continuation(s) 
[21.500s][info][gc,marking  ] GC(55) Mark Stack Usage: 32M
[21.500s][info][gc,nmethod  ] GC(55) NMethods: 8379 registered, 2857 unregistered
[21.500s][info][gc,metaspace] GC(55) Metaspace: 70M used, 70M committed, 1088M reserved
[21.500s][info][gc,ref      ] GC(55) Soft: 3829 encountered, 0 discovered, 0 enqueued
[21.500s][info][gc,ref      ] GC(55) Weak: 10793 encountered, 1400 discovered, 0 enqueued
[21.500s][info][gc,ref      ] GC(55) Final: 289 encountered, 21 discovered, 0 enqueued
[21.500s][info][gc,ref      ] GC(55) Phantom: 425 encountered, 334 discovered, 0 enqueued
[21.500s][info][gc,reloc    ] GC(55) Small Pages: 264 / 528M, Empty: 232M, Relocated: 6M, In-Place: 0
[21.500s][info][gc,reloc    ] GC(55) Medium Pages: 0 / 0M, Empty: 0M, Relocated: 0M, In-Place: 0
[21.500s][info][gc,reloc    ] GC(55) Large Pages: 0 / 0M, Empty: 0M, Relocated: 0M, In-Place: 0
[21.500s][info][gc,reloc    ] GC(55) Forwarding Usage: 3M
[21.500s][info][gc,heap     ] GC(55) Min Capacity: 8M(0%)
[21.500s][info][gc,heap     ] GC(55) Max Capacity: 2048M(100%)
[21.500s][info][gc,heap     ] GC(55) Soft Max Capacity: 2048M(100%)
[21.500s][info][gc,heap     ] GC(55)                Mark Start          Mark End        Relocate Start      Relocate End           High               Low         
[21.500s][info][gc,heap     ] GC(55)  Capacity:     2048M (100%)       2048M (100%)       2048M (100%)       2048M (100%)       2048M (100%)       2048M (100%)   
[21.500s][info][gc,heap     ] GC(55)      Free:     1520M (74%)        1418M (69%)        1586M (77%)        1774M (87%)        1790M (87%)        1402M (68%)    
[21.500s][info][gc,heap     ] GC(55)      Used:      528M (26%)         630M (31%)         462M (23%)         274M (13%)         646M (32%)         258M (13%)    
[21.500s][info][gc,heap     ] GC(55)      Live:         -                52M (3%)           52M (3%)           52M (3%)             -                  -          
[21.500s][info][gc,heap     ] GC(55) Allocated:         -               102M (5%)          166M (8%)          191M (9%)             -                  -          
[21.500s][info][gc,heap     ] GC(55)   Garbage:         -               475M (23%)         243M (12%)          30M (1%)             -                  -          
[21.500s][info][gc,heap     ] GC(55) Reclaimed:         -                  -               232M (11%)         445M (22%)            -                  -          
[21.500s][info][gc          ] GC(55) Garbage Collection (Allocation Rate) 528M(26%)->274M(13%)
[21.555s][info][gc,start    ] GC(56) Garbage Collection (Allocation Rate)
[21.555s][info][gc,task     ] GC(56) Using 12 workers
[21.555s][info][gc,phases   ] GC(56) Pause Mark Start 0.011ms
[21.575s][info][gc,phases   ] GC(56) Concurrent Mark 20.306ms
[21.576s][info][gc,phases   ] GC(56) Pause Mark End 0.024ms
[21.578s][info][gc,phases   ] GC(56) Concurrent Mark Free 0.001ms
[21.584s][info][gc,phases   ] GC(56) Concurrent Process Non-Strong References 5.444ms
[21.584s][info][gc,phases   ] GC(56) Concurrent Reset Relocation Set 0.038ms
[21.589s][info][gc,phases   ] GC(56) Concurrent Select Relocation Set 5.046ms
[21.589s][info][gc,phases   ] GC(56) Pause Relocate Start 0.009ms
[21.595s][info][gc,phases   ] GC(56) Concurrent Relocate 5.461ms
[21.595s][info][gc,load     ] GC(56) Load: 0.00/0.00/0.00
[21.595s][info][gc,mmu      ] GC(56) MMU: 2ms/98.2%, 5ms/99.3%, 10ms/99.6%, 20ms/99.8%, 50ms/99.9%, 100ms/99.9%
[21.595s][info][gc,marking  ] GC(56) Mark: 8 stripe(s), 5 proactive flush(es), 1 terminate flush(es), 0 completion(s), 0 continuation(s) 
[21.595s][info][gc,marking  ] GC(56) Mark Stack Usage: 32M
[21.595s][info][gc,nmethod  ] GC(56) NMethods: 8379 registered, 2857 unregistered
[21.595s][info][gc,metaspace] GC(56) Metaspace: 70M used, 70M committed, 1088M reserved
[21.595s][info][gc,ref      ] GC(56) Soft: 3829 encountered, 0 discovered, 0 enqueued
[21.595s][info][gc,ref      ] GC(56) Weak: 10793 encountered, 1994 discovered, 0 enqueued
[21.595s][info][gc,ref      ] GC(56) Final: 289 encountered, 23 discovered, 0 enqueued
[21.595s][info][gc,ref      ] GC(56) Phantom: 425 encountered, 341 discovered, 0 enqueued
[21.595s][info][gc,reloc    ] GC(56) Small Pages: 275 / 550M, Empty: 246M, Relocated: 5M, In-Place: 0
[21.595s][info][gc,reloc    ] GC(56) Medium Pages: 0 / 0M, Empty: 0M, Relocated: 0M, In-Place: 0
[21.595s][info][gc,reloc    ] GC(56) Large Pages: 0 / 0M, Empty: 0M, Relocated: 0M, In-Place: 0
[21.595s][info][gc,reloc    ] GC(56) Forwarding Usage: 2M
[21.595s][info][gc,heap     ] GC(56) Min Capacity: 8M(0%)
[21.595s][info][gc,heap     ] GC(56) Max Capacity: 2048M(100%)
[21.595s][info][gc,heap     ] GC(56) Soft Max Capacity: 2048M(100%)
[21.595s][info][gc,heap     ] GC(56)                Mark Start          Mark End        Relocate Start      Relocate End           High               Low         
[21.595s][info][gc,heap     ] GC(56)  Capacity:     2048M (100%)       2048M (100%)       2048M (100%)       2048M (100%)       2048M (100%)       2048M (100%)   
[21.595s][info][gc,heap     ] GC(56)      Free:     1498M (73%)        1400M (68%)        1588M (78%)        1790M (87%)        1804M (88%)        1366M (67%)    
[21.595s][info][gc,heap     ] GC(56)      Used:      550M (27%)         648M (32%)         460M (22%)         258M (13%)         682M (33%)         244M (12%)    
[21.595s][info][gc,heap     ] GC(56)      Live:         -                52M (3%)           52M (3%)           52M (3%)             -                  -          
[21.595s][info][gc,heap     ] GC(56) Allocated:         -                98M (5%)          156M (8%)          173M (8%)             -                  -          
[21.595s][info][gc,heap     ] GC(56)   Garbage:         -               497M (24%)         251M (12%)          32M (2%)             -                  -          
[21.595s][info][gc,heap     ] GC(56) Reclaimed:         -                  -               246M (12%)         465M (23%)            -                  -          
[21.595s][info][gc          ] GC(56) Garbage Collection (Allocation Rate) 550M(27%)->258M(13%)
[21.654s][info][gc,start    ] GC(57) Garbage Collection (Allocation Rate)
[21.655s][info][gc,task     ] GC(57) Using 12 workers
[21.655s][info][gc,phases   ] GC(57) Pause Mark Start 0.011ms
[21.677s][info][gc,phases   ] GC(57) Concurrent Mark 22.165ms
[21.678s][info][gc,phases   ] GC(57) Pause Mark End 0.024ms
[21.680s][info][gc,phases   ] GC(57) Concurrent Mark Free 0.001ms
[21.683s][info][gc,phases   ] GC(57) Concurrent Process Non-Strong References 2.818ms
[21.683s][info][gc,phases   ] GC(57) Concurrent Reset Relocation Set 0.036ms
[21.691s][info][gc,phases   ] GC(57) Concurrent Select Relocation Set 8.423ms
[21.692s][info][gc,phases   ] GC(57) Pause Relocate Start 0.009ms
[21.698s][info][gc,phases   ] GC(57) Concurrent Relocate 5.852ms
[21.698s][info][gc,load     ] GC(57) Load: 0.00/0.00/0.00
[21.698s][info][gc,mmu      ] GC(57) MMU: 2ms/98.2%, 5ms/99.3%, 10ms/99.6%, 20ms/99.8%, 50ms/99.9%, 100ms/99.9%
[21.698s][info][gc,marking  ] GC(57) Mark: 8 stripe(s), 3 proactive flush(es), 1 terminate flush(es), 0 completion(s), 0 continuation(s) 
[21.698s][info][gc,marking  ] GC(57) Mark Stack Usage: 32M
[21.698s][info][gc,nmethod  ] GC(57) NMethods: 8379 registered, 2858 unregistered
[21.698s][info][gc,metaspace] GC(57) Metaspace: 70M used, 70M committed, 1088M reserved
[21.698s][info][gc,ref      ] GC(57) Soft: 3829 encountered, 0 discovered, 0 enqueued
[21.698s][info][gc,ref      ] GC(57) Weak: 10793 encountered, 1337 discovered, 0 enqueued
[21.698s][info][gc,ref      ] GC(57) Final: 289 encountered, 21 discovered, 0 enqueued
[21.698s][info][gc,ref      ] GC(57) Phantom: 425 encountered, 359 discovered, 0 enqueued
[21.698s][info][gc,reloc    ] GC(57) Small Pages: 278 / 556M, Empty: 242M, Relocated: 5M, In-Place: 0
[21.698s][info][gc,reloc    ] GC(57) Medium Pages: 0 / 0M, Empty: 0M, Relocated: 0M, In-Place: 0
[21.698s][info][gc,reloc    ] GC(57) Large Pages: 0 / 0M, Empty: 0M, Relocated: 0M, In-Place: 0
[21.698s][info][gc,reloc    ] GC(57) Forwarding Usage: 2M
[21.698s][info][gc,heap     ] GC(57) Min Capacity: 8M(0%)
[21.698s][info][gc,heap     ] GC(57) Max Capacity: 2048M(100%)
[21.698s][info][gc,heap     ] GC(57) Soft Max Capacity: 2048M(100%)
[21.698s][info][gc,heap     ] GC(57)                Mark Start          Mark End        Relocate Start      Relocate End           High               Low         
[21.698s][info][gc,heap     ] GC(57)  Capacity:     2048M (100%)       2048M (100%)       2048M (100%)       2048M (100%)       2048M (100%)       2048M (100%)   
[21.698s][info][gc,heap     ] GC(57)      Free:     1492M (73%)        1386M (68%)        1566M (76%)        1778M (87%)        1790M (87%)        1364M (67%)    
[21.698s][info][gc,heap     ] GC(57)      Used:      556M (27%)         662M (32%)         482M (24%)         270M (13%)         684M (33%)         258M (13%)    
[21.698s][info][gc,heap     ] GC(57)      Live:         -                52M (3%)           52M (3%)           52M (3%)             -                  -          
[21.698s][info][gc,heap     ] GC(57) Allocated:         -               106M (5%)          168M (8%)          185M (9%)             -                  -          
[21.698s][info][gc,heap     ] GC(57)   Garbage:         -               503M (25%)         261M (13%)          32M (2%)             -                  -          
[21.698s][info][gc,heap     ] GC(57) Reclaimed:         -                  -               242M (12%)         471M (23%)            -                  -          
[21.698s][info][gc          ] GC(57) Garbage Collection (Allocation Rate) 556M(27%)->270M(13%)
[21.754s][info][gc,start    ] GC(58) Garbage Collection (Allocation Rate)
[21.754s][info][gc,task     ] GC(58) Using 12 workers
[21.755s][info][gc,phases   ] GC(58) Pause Mark Start 0.010ms
[21.784s][info][gc,phases   ] GC(58) Concurrent Mark 29.226ms
[21.784s][info][gc,phases   ] GC(58) Pause Mark End 0.026ms
[21.786s][info][gc,phases   ] GC(58) Concurrent Mark Free 0.002ms
[21.789s][info][gc,phases   ] GC(58) Concurrent Process Non-Strong References 3.061ms
[21.789s][info][gc,phases   ] GC(58) Concurrent Reset Relocation Set 0.045ms
[21.794s][info][gc,phases   ] GC(58) Concurrent Select Relocation Set 5.109ms
[21.794s][info][gc,phases   ] GC(58) Pause Relocate Start 0.009ms
[21.802s][info][gc,phases   ] GC(58) Concurrent Relocate 6.941ms
[21.802s][info][gc,load     ] GC(58) Load: 0.00/0.00/0.00
[21.802s][info][gc,mmu      ] GC(58) MMU: 2ms/98.2%, 5ms/99.3%, 10ms/99.6%, 20ms/99.8%, 50ms/99.9%, 100ms/99.9%
[21.802s][info][gc,marking  ] GC(58) Mark: 8 stripe(s), 2 proactive flush(es), 1 terminate flush(es), 0 completion(s), 0 continuation(s) 
[21.802s][info][gc,marking  ] GC(58) Mark Stack Usage: 32M
[21.802s][info][gc,nmethod  ] GC(58) NMethods: 8379 registered, 2858 unregistered
[21.802s][info][gc,metaspace] GC(58) Metaspace: 70M used, 70M committed, 1088M reserved
[21.802s][info][gc,ref      ] GC(58) Soft: 3829 encountered, 0 discovered, 0 enqueued
[21.802s][info][gc,ref      ] GC(58) Weak: 10793 encountered, 1856 discovered, 0 enqueued
[21.802s][info][gc,ref      ] GC(58) Final: 289 encountered, 18 discovered, 0 enqueued
[21.802s][info][gc,ref      ] GC(58) Phantom: 425 encountered, 337 discovered, 0 enqueued
[21.802s][info][gc,reloc    ] GC(58) Small Pages: 276 / 552M, Empty: 220M, Relocated: 5M, In-Place: 0
[21.802s][info][gc,reloc    ] GC(58) Medium Pages: 0 / 0M, Empty: 0M, Relocated: 0M, In-Place: 0
[21.802s][info][gc,reloc    ] GC(58) Large Pages: 0 / 0M, Empty: 0M, Relocated: 0M, In-Place: 0
[21.802s][info][gc,reloc    ] GC(58) Forwarding Usage: 2M
[21.802s][info][gc,heap     ] GC(58) Min Capacity: 8M(0%)
[21.802s][info][gc,heap     ] GC(58) Max Capacity: 2048M(100%)
[21.802s][info][gc,heap     ] GC(58) Soft Max Capacity: 2048M(100%)
[21.802s][info][gc,heap     ] GC(58)                Mark Start          Mark End        Relocate Start      Relocate End           High               Low         
[21.802s][info][gc,heap     ] GC(58)  Capacity:     2048M (100%)       2048M (100%)       2048M (100%)       2048M (100%)       2048M (100%)       2048M (100%)   
[21.802s][info][gc,heap     ] GC(58)      Free:     1496M (73%)        1360M (66%)        1538M (75%)        1762M (86%)        1780M (87%)        1340M (65%)    
[21.802s][info][gc,heap     ] GC(58)      Used:      552M (27%)         688M (34%)         510M (25%)         286M (14%)         708M (35%)         268M (13%)    
[21.803s][info][gc,heap     ] GC(58)      Live:         -                52M (3%)           52M (3%)           52M (3%)             -                  -          
[21.803s][info][gc,heap     ] GC(58) Allocated:         -               136M (7%)          178M (9%)          201M (10%)            -                  -          
[21.803s][info][gc,heap     ] GC(58)   Garbage:         -               499M (24%)         279M (14%)          32M (2%)             -                  -          
[21.803s][info][gc,heap     ] GC(58) Reclaimed:         -                  -               220M (11%)         467M (23%)            -                  -          
[21.803s][info][gc          ] GC(58) Garbage Collection (Allocation Rate) 552M(27%)->286M(14%)
[21.854s][info][gc,start    ] GC(59) Garbage Collection (Allocation Rate)
[21.854s][info][gc,task     ] GC(59) Using 12 workers
[21.854s][info][gc,phases   ] GC(59) Pause Mark Start 0.011ms
[21.876s][info][gc,phases   ] GC(59) Concurrent Mark 21.108ms
[21.876s][info][gc,phases   ] GC(59) Pause Mark End 0.028ms
[21.878s][info][gc,phases   ] GC(59) Concurrent Mark Free 0.001ms
[21.882s][info][gc,phases   ] GC(59) Concurrent Process Non-Strong References 3.595ms
[21.882s][info][gc,phases   ] GC(59) Concurrent Reset Relocation Set 0.035ms
[21.890s][info][gc,phases   ] GC(59) Concurrent Select Relocation Set 8.169ms
[21.890s][info][gc,phases   ] GC(59) Pause Relocate Start 0.009ms
[21.896s][info][gc,phases   ] GC(59) Concurrent Relocate 5.537ms
[21.896s][info][gc,load     ] GC(59) Load: 0.00/0.00/0.00
[21.896s][info][gc,mmu      ] GC(59) MMU: 2ms/98.2%, 5ms/99.3%, 10ms/99.6%, 20ms/99.8%, 50ms/99.9%, 100ms/99.9%
[21.896s][info][gc,marking  ] GC(59) Mark: 8 stripe(s), 5 proactive flush(es), 1 terminate flush(es), 0 completion(s), 0 continuation(s) 
[21.896s][info][gc,marking  ] GC(59) Mark Stack Usage: 32M
[21.896s][info][gc,nmethod  ] GC(59) NMethods: 8379 registered, 2858 unregistered
[21.896s][info][gc,metaspace] GC(59) Metaspace: 70M used, 70M committed, 1088M reserved
[21.896s][info][gc,ref      ] GC(59) Soft: 3829 encountered, 0 discovered, 0 enqueued
[21.896s][info][gc,ref      ] GC(59) Weak: 10793 encountered, 1981 discovered, 0 enqueued
[21.896s][info][gc,ref      ] GC(59) Final: 289 encountered, 16 discovered, 0 enqueued
[21.896s][info][gc,ref      ] GC(59) Phantom: 425 encountered, 318 discovered, 0 enqueued
[21.896s][info][gc,reloc    ] GC(59) Small Pages: 273 / 546M, Empty: 258M, Relocated: 5M, In-Place: 0
[21.896s][info][gc,reloc    ] GC(59) Medium Pages: 0 / 0M, Empty: 0M, Relocated: 0M, In-Place: 0
[21.896s][info][gc,reloc    ] GC(59) Large Pages: 0 / 0M, Empty: 0M, Relocated: 0M, In-Place: 0
[21.896s][info][gc,reloc    ] GC(59) Forwarding Usage: 2M
[21.896s][info][gc,heap     ] GC(59) Min Capacity: 8M(0%)
[21.896s][info][gc,heap     ] GC(59) Max Capacity: 2048M(100%)
[21.896s][info][gc,heap     ] GC(59) Soft Max Capacity: 2048M(100%)
[21.896s][info][gc,heap     ] GC(59)                Mark Start          Mark End        Relocate Start      Relocate End           High               Low         
[21.896s][info][gc,heap     ] GC(59)  Capacity:     2048M (100%)       2048M (100%)       2048M (100%)       2048M (100%)       2048M (100%)       2048M (100%)   
[21.896s][info][gc,heap     ] GC(59)      Free:     1502M (73%)        1402M (68%)        1600M (78%)        1786M (87%)        1800M (88%)        1380M (67%)    
[21.896s][info][gc,heap     ] GC(59)      Used:      546M (27%)         646M (32%)         448M (22%)         262M (13%)         668M (33%)         248M (12%)    
[21.896s][info][gc,heap     ] GC(59)      Live:         -                52M (3%)           52M (3%)           52M (3%)             -                  -          
[21.896s][info][gc,heap     ] GC(59) Allocated:         -               100M (5%)          160M (8%)          177M (9%)             -                  -          
[21.896s][info][gc,heap     ] GC(59)   Garbage:         -               493M (24%)         235M (12%)          31M (2%)             -                  -          
[21.896s][info][gc,heap     ] GC(59) Reclaimed:         -                  -               258M (13%)         461M (23%)            -                  -          
[21.896s][info][gc          ] GC(59) Garbage Collection (Allocation Rate) 546M(27%)->262M(13%)
[22.055s][info][gc,start    ] GC(60) Garbage Collection (Allocation Rate)
[22.055s][info][gc,task     ] GC(60) Using 6 workers
[22.055s][info][gc,phases   ] GC(60) Pause Mark Start 0.010ms
[22.091s][info][gc,phases   ] GC(60) Concurrent Mark 35.319ms
[22.091s][info][gc,phases   ] GC(60) Pause Mark End 0.025ms
[22.094s][info][gc,phases   ] GC(60) Concurrent Mark Free 0.002ms
[22.102s][info][gc,phases   ] GC(60) Concurrent Process Non-Strong References 7.242ms
[22.102s][info][gc,phases   ] GC(60) Concurrent Reset Relocation Set 0.032ms
[22.107s][info][gc,phases   ] GC(60) Concurrent Select Relocation Set 5.071ms
[22.107s][info][gc,phases   ] GC(60) Pause Relocate Start 0.008ms
[22.117s][info][gc,phases   ] GC(60) Concurrent Relocate 9.685ms
[22.117s][info][gc,load     ] GC(60) Load: 0.00/0.00/0.00
[22.117s][info][gc,mmu      ] GC(60) MMU: 2ms/98.2%, 5ms/99.3%, 10ms/99.6%, 20ms/99.8%, 50ms/99.9%, 100ms/99.9%
[22.117s][info][gc,marking  ] GC(60) Mark: 4 stripe(s), 3 proactive flush(es), 1 terminate flush(es), 0 completion(s), 0 continuation(s) 
[22.118s][info][gc,marking  ] GC(60) Mark Stack Usage: 32M
[22.118s][info][gc,nmethod  ] GC(60) NMethods: 8380 registered, 2858 unregistered
[22.118s][info][gc,metaspace] GC(60) Metaspace: 70M used, 70M committed, 1088M reserved
[22.118s][info][gc,ref      ] GC(60) Soft: 3829 encountered, 0 discovered, 0 enqueued
[22.118s][info][gc,ref      ] GC(60) Weak: 10793 encountered, 986 discovered, 0 enqueued
[22.118s][info][gc,ref      ] GC(60) Final: 289 encountered, 1 discovered, 0 enqueued
[22.118s][info][gc,ref      ] GC(60) Phantom: 425 encountered, 324 discovered, 0 enqueued
[22.118s][info][gc,reloc    ] GC(60) Small Pages: 521 / 1042M, Empty: 660M, Relocated: 5M, In-Place: 0
[22.118s][info][gc,reloc    ] GC(60) Medium Pages: 0 / 0M, Empty: 0M, Relocated: 0M, In-Place: 0
[22.118s][info][gc,reloc    ] GC(60) Large Pages: 0 / 0M, Empty: 0M, Relocated: 0M, In-Place: 0
[22.118s][info][gc,reloc    ] GC(60) Forwarding Usage: 2M
[22.118s][info][gc,heap     ] GC(60) Min Capacity: 8M(0%)
[22.118s][info][gc,heap     ] GC(60) Max Capacity: 2048M(100%)
[22.118s][info][gc,heap     ] GC(60) Soft Max Capacity: 2048M(100%)
[22.118s][info][gc,heap     ] GC(60)                Mark Start          Mark End        Relocate Start      Relocate End           High               Low         
[22.118s][info][gc,heap     ] GC(60)  Capacity:     2048M (100%)       2048M (100%)       2048M (100%)       2048M (100%)       2048M (100%)       2048M (100%)   
[22.118s][info][gc,heap     ] GC(60)      Free:     1006M (49%)         832M (41%)        1420M (69%)        1694M (83%)        1722M (84%)         782M (38%)    
[22.118s][info][gc,heap     ] GC(60)      Used:     1042M (51%)        1216M (59%)         628M (31%)         354M (17%)        1266M (62%)         326M (16%)    
[22.118s][info][gc,heap     ] GC(60)      Live:         -                52M (3%)           52M (3%)           52M (3%)             -                  -          
[22.118s][info][gc,heap     ] GC(60) Allocated:         -               174M (8%)          246M (12%)         281M (14%)            -                  -          
[22.118s][info][gc,heap     ] GC(60)   Garbage:         -               989M (48%)         329M (16%)          20M (1%)             -                  -          
[22.118s][info][gc,heap     ] GC(60) Reclaimed:         -                  -               660M (32%)         969M (47%)            -                  -          
[22.118s][info][gc          ] GC(60) Garbage Collection (Allocation Rate) 1042M(51%)->354M(17%)
[22.155s][info][gc,start    ] GC(61) Garbage Collection (Allocation Rate)
[22.155s][info][gc,task     ] GC(61) Using 6 workers
[22.155s][info][gc,phases   ] GC(61) Pause Mark Start 0.013ms
[22.188s][info][gc,phases   ] GC(61) Concurrent Mark 32.356ms
[22.188s][info][gc,phases   ] GC(61) Pause Mark End 0.023ms
[22.189s][info][gc,phases   ] GC(61) Concurrent Mark Free 0.001ms
[22.194s][info][gc,phases   ] GC(61) Concurrent Process Non-Strong References 4.884ms
[22.194s][info][gc,phases   ] GC(61) Concurrent Reset Relocation Set 0.044ms
[22.199s][info][gc,phases   ] GC(61) Concurrent Select Relocation Set 5.074ms
[22.199s][info][gc,phases   ] GC(61) Pause Relocate Start 0.009ms
[22.208s][info][gc,phases   ] GC(61) Concurrent Relocate 7.169ms
[22.208s][info][gc,load     ] GC(61) Load: 0.00/0.00/0.00
[22.208s][info][gc,mmu      ] GC(61) MMU: 2ms/98.2%, 5ms/99.3%, 10ms/99.6%, 20ms/99.8%, 50ms/99.9%, 100ms/99.9%
[22.208s][info][gc,marking  ] GC(61) Mark: 4 stripe(s), 3 proactive flush(es), 1 terminate flush(es), 0 completion(s), 0 continuation(s) 
[22.208s][info][gc,marking  ] GC(61) Mark Stack Usage: 32M
[22.208s][info][gc,nmethod  ] GC(61) NMethods: 8380 registered, 2858 unregistered
[22.208s][info][gc,metaspace] GC(61) Metaspace: 70M used, 70M committed, 1088M reserved
[22.209s][info][gc,ref      ] GC(61) Soft: 3829 encountered, 0 discovered, 0 enqueued
[22.209s][info][gc,ref      ] GC(61) Weak: 10793 encountered, 1021 discovered, 0 enqueued
[22.209s][info][gc,ref      ] GC(61) Final: 289 encountered, 38 discovered, 0 enqueued
[22.209s][info][gc,ref      ] GC(61) Phantom: 425 encountered, 295 discovered, 0 enqueued
[22.209s][info][gc,reloc    ] GC(61) Small Pages: 272 / 544M, Empty: 238M, Relocated: 5M, In-Place: 0
[22.209s][info][gc,reloc    ] GC(61) Medium Pages: 0 / 0M, Empty: 0M, Relocated: 0M, In-Place: 0
[22.209s][info][gc,reloc    ] GC(61) Large Pages: 0 / 0M, Empty: 0M, Relocated: 0M, In-Place: 0
[22.209s][info][gc,reloc    ] GC(61) Forwarding Usage: 2M
[22.209s][info][gc,heap     ] GC(61) Min Capacity: 8M(0%)
[22.209s][info][gc,heap     ] GC(61) Max Capacity: 2048M(100%)
[22.209s][info][gc,heap     ] GC(61) Soft Max Capacity: 2048M(100%)
[22.209s][info][gc,heap     ] GC(61)                Mark Start          Mark End        Relocate Start      Relocate End           High               Low         
[22.209s][info][gc,heap     ] GC(61)  Capacity:     2048M (100%)       2048M (100%)       2048M (100%)       2048M (100%)       2048M (100%)       2048M (100%)   
[22.209s][info][gc,heap     ] GC(61)      Free:     1504M (73%)        1348M (66%)        1536M (75%)        1744M (85%)        1760M (86%)        1320M (64%)    
[22.209s][info][gc,heap     ] GC(61)      Used:      544M (27%)         700M (34%)         512M (25%)         304M (15%)         728M (36%)         288M (14%)    
[22.209s][info][gc,heap     ] GC(61)      Live:         -                52M (3%)           52M (3%)           52M (3%)             -                  -          
[22.209s][info][gc,heap     ] GC(61) Allocated:         -               156M (8%)          206M (10%)         231M (11%)            -                  -          
[22.209s][info][gc,heap     ] GC(61)   Garbage:         -               491M (24%)         253M (12%)          20M (1%)             -                  -          
[22.209s][info][gc,heap     ] GC(61) Reclaimed:         -                  -               238M (12%)         471M (23%)            -                  -          
[22.209s][info][gc          ] GC(61) Garbage Collection (Allocation Rate) 544M(27%)->304M(15%)
[22.354s][info][gc,start    ] GC(62) Garbage Collection (Allocation Rate)
[22.354s][info][gc,task     ] GC(62) Using 4 workers
[22.355s][info][gc,phases   ] GC(62) Pause Mark Start 0.010ms
[22.402s][info][gc,phases   ] GC(62) Concurrent Mark 47.313ms
[22.402s][info][gc,phases   ] GC(62) Pause Mark End 0.024ms
[22.403s][info][gc,phases   ] GC(62) Concurrent Mark Free 0.002ms
[22.411s][info][gc,phases   ] GC(62) Concurrent Process Non-Strong References 7.587ms
[22.411s][info][gc,phases   ] GC(62) Concurrent Reset Relocation Set 0.034ms
[22.420s][info][gc,phases   ] GC(62) Concurrent Select Relocation Set 8.681ms
[22.420s][info][gc,phases   ] GC(62) Pause Relocate Start 0.008ms
[22.429s][info][gc,phases   ] GC(62) Concurrent Relocate 8.297ms
[22.429s][info][gc,load     ] GC(62) Load: 0.00/0.00/0.00
[22.429s][info][gc,mmu      ] GC(62) MMU: 2ms/98.2%, 5ms/99.3%, 10ms/99.6%, 20ms/99.8%, 50ms/99.9%, 100ms/99.9%
[22.429s][info][gc,marking  ] GC(62) Mark: 4 stripe(s), 2 proactive flush(es), 1 terminate flush(es), 0 completion(s), 0 continuation(s) 
[22.429s][info][gc,marking  ] GC(62) Mark Stack Usage: 32M
[22.429s][info][gc,nmethod  ] GC(62) NMethods: 8384 registered, 2858 unregistered
[22.429s][info][gc,metaspace] GC(62) Metaspace: 70M used, 70M committed, 1088M reserved
[22.429s][info][gc,ref      ] GC(62) Soft: 3829 encountered, 0 discovered, 0 enqueued
[22.429s][info][gc,ref      ] GC(62) Weak: 10793 encountered, 1406 discovered, 0 enqueued
[22.429s][info][gc,ref      ] GC(62) Final: 289 encountered, 48 discovered, 0 enqueued
[22.429s][info][gc,ref      ] GC(62) Phantom: 425 encountered, 276 discovered, 0 enqueued
[22.429s][info][gc,reloc    ] GC(62) Small Pages: 517 / 1034M, Empty: 574M, Relocated: 5M, In-Place: 0
[22.429s][info][gc,reloc    ] GC(62) Medium Pages: 0 / 0M, Empty: 0M, Relocated: 0M, In-Place: 0
[22.429s][info][gc,reloc    ] GC(62) Large Pages: 0 / 0M, Empty: 0M, Relocated: 0M, In-Place: 0
[22.429s][info][gc,reloc    ] GC(62) Forwarding Usage: 2M
[22.429s][info][gc,heap     ] GC(62) Min Capacity: 8M(0%)
[22.429s][info][gc,heap     ] GC(62) Max Capacity: 2048M(100%)
[22.429s][info][gc,heap     ] GC(62) Soft Max Capacity: 2048M(100%)
[22.429s][info][gc,heap     ] GC(62)                Mark Start          Mark End        Relocate Start      Relocate End           High               Low         
[22.429s][info][gc,heap     ] GC(62)  Capacity:     2048M (100%)       2048M (100%)       2048M (100%)       2048M (100%)       2048M (100%)       2048M (100%)   
[22.429s][info][gc,heap     ] GC(62)      Free:     1014M (50%)         782M (38%)        1274M (62%)        1644M (80%)        1658M (81%)         742M (36%)    
[22.429s][info][gc,heap     ] GC(62)      Used:     1034M (50%)        1266M (62%)         774M (38%)         404M (20%)        1306M (64%)         390M (19%)    
[22.429s][info][gc,heap     ] GC(62)      Live:         -                52M (3%)           52M (3%)           52M (3%)             -                  -          
[22.429s][info][gc,heap     ] GC(62) Allocated:         -               232M (11%)         314M (15%)         335M (16%)            -                  -          
[22.429s][info][gc,heap     ] GC(62)   Garbage:         -               981M (48%)         407M (20%)          16M (1%)             -                  -          
[22.429s][info][gc,heap     ] GC(62) Reclaimed:         -                  -               574M (28%)         965M (47%)            -                  -          
[22.429s][info][gc          ] GC(62) Garbage Collection (Allocation Rate) 1034M(50%)->404M(20%)
[22.554s][info][gc,start    ] GC(63) Garbage Collection (Allocation Rate)
[22.554s][info][gc,task     ] GC(63) Using 3 workers
[22.554s][info][gc,phases   ] GC(63) Pause Mark Start 0.010ms
[22.610s][info][gc,phases   ] GC(63) Concurrent Mark 54.856ms
[22.610s][info][gc,phases   ] GC(63) Pause Mark End 0.023ms
[22.611s][info][gc,phases   ] GC(63) Concurrent Mark Free 0.002ms
[22.625s][info][gc,phases   ] GC(63) Concurrent Process Non-Strong References 13.538ms
[22.625s][info][gc,phases   ] GC(63) Concurrent Reset Relocation Set 0.051ms
[22.630s][info][gc,phases   ] GC(63) Concurrent Select Relocation Set 5.065ms
[22.630s][info][gc,phases   ] GC(63) Pause Relocate Start 0.008ms
[22.641s][info][gc,phases   ] GC(63) Concurrent Relocate 9.760ms
[22.641s][info][gc,load     ] GC(63) Load: 0.00/0.00/0.00
[22.641s][info][gc,mmu      ] GC(63) MMU: 2ms/98.2%, 5ms/99.3%, 10ms/99.6%, 20ms/99.8%, 50ms/99.9%, 100ms/99.9%
[22.641s][info][gc,marking  ] GC(63) Mark: 2 stripe(s), 2 proactive flush(es), 1 terminate flush(es), 0 completion(s), 0 continuation(s) 
[22.641s][info][gc,marking  ] GC(63) Mark Stack Usage: 32M
[22.641s][info][gc,nmethod  ] GC(63) NMethods: 8386 registered, 2859 unregistered
[22.641s][info][gc,metaspace] GC(63) Metaspace: 70M used, 70M committed, 1088M reserved
[22.641s][info][gc,ref      ] GC(63) Soft: 3829 encountered, 0 discovered, 0 enqueued
[22.641s][info][gc,ref      ] GC(63) Weak: 10793 encountered, 1170 discovered, 0 enqueued
[22.641s][info][gc,ref      ] GC(63) Final: 289 encountered, 18 discovered, 0 enqueued
[22.641s][info][gc,ref      ] GC(63) Phantom: 425 encountered, 266 discovered, 0 enqueued
[22.641s][info][gc,reloc    ] GC(63) Small Pages: 517 / 1034M, Empty: 660M, Relocated: 5M, In-Place: 0
[22.641s][info][gc,reloc    ] GC(63) Medium Pages: 0 / 0M, Empty: 0M, Relocated: 0M, In-Place: 0
[22.641s][info][gc,reloc    ] GC(63) Large Pages: 0 / 0M, Empty: 0M, Relocated: 0M, In-Place: 0
[22.641s][info][gc,reloc    ] GC(63) Forwarding Usage: 2M
[22.641s][info][gc,heap     ] GC(63) Min Capacity: 8M(0%)
[22.641s][info][gc,heap     ] GC(63) Max Capacity: 2048M(100%)
[22.641s][info][gc,heap     ] GC(63) Soft Max Capacity: 2048M(100%)
[22.641s][info][gc,heap     ] GC(63)                Mark Start          Mark End        Relocate Start      Relocate End           High               Low         
[22.641s][info][gc,heap     ] GC(63)  Capacity:     2048M (100%)       2048M (100%)       2048M (100%)       2048M (100%)       2048M (100%)       2048M (100%)   
[22.641s][info][gc,heap     ] GC(63)      Free:     1014M (50%)         748M (37%)        1312M (64%)        1594M (78%)        1612M (79%)         676M (33%)    
[22.641s][info][gc,heap     ] GC(63)      Used:     1034M (50%)        1300M (63%)         736M (36%)         454M (22%)        1372M (67%)         436M (21%)    
[22.641s][info][gc,heap     ] GC(63)      Live:         -                52M (3%)           52M (3%)           52M (3%)             -                  -          
[22.641s][info][gc,heap     ] GC(63) Allocated:         -               266M (13%)         362M (18%)         387M (19%)            -                  -          
[22.641s][info][gc,heap     ] GC(63)   Garbage:         -               981M (48%)         321M (16%)          14M (1%)             -                  -          
[22.641s][info][gc,heap     ] GC(63) Reclaimed:         -                  -               660M (32%)         967M (47%)            -                  -          
[22.641s][info][gc          ] GC(63) Garbage Collection (Allocation Rate) 1034M(50%)->454M(22%)
[22.755s][info][gc,start    ] GC(64) Garbage Collection (Allocation Rate)
[22.755s][info][gc,task     ] GC(64) Using 3 workers
[22.755s][info][gc,phases   ] GC(64) Pause Mark Start 0.013ms
[22.816s][info][gc,phases   ] GC(64) Concurrent Mark 61.080ms
[22.817s][info][gc,phases   ] GC(64) Pause Mark End 0.022ms
[22.818s][info][gc,phases   ] GC(64) Concurrent Mark Free 0.002ms
[22.831s][info][gc,phases   ] GC(64) Concurrent Process Non-Strong References 12.518ms
[22.831s][info][gc,phases   ] GC(64) Concurrent Reset Relocation Set 0.046ms
[22.836s][info][gc,phases   ] GC(64) Concurrent Select Relocation Set 5.287ms
[22.836s][info][gc,phases   ] GC(64) Pause Relocate Start 0.009ms
[22.846s][info][gc,phases   ] GC(64) Concurrent Relocate 9.120ms
[22.846s][info][gc,load     ] GC(64) Load: 0.00/0.00/0.00
[22.846s][info][gc,mmu      ] GC(64) MMU: 2ms/98.2%, 5ms/99.3%, 10ms/99.6%, 20ms/99.8%, 50ms/99.9%, 100ms/99.9%
[22.846s][info][gc,marking  ] GC(64) Mark: 2 stripe(s), 2 proactive flush(es), 1 terminate flush(es), 0 completion(s), 0 continuation(s) 
[22.846s][info][gc,marking  ] GC(64) Mark Stack Usage: 32M
[22.846s][info][gc,nmethod  ] GC(64) NMethods: 8385 registered, 2860 unregistered
[22.846s][info][gc,metaspace] GC(64) Metaspace: 70M used, 70M committed, 1088M reserved
[22.846s][info][gc,ref      ] GC(64) Soft: 3829 encountered, 0 discovered, 0 enqueued
[22.846s][info][gc,ref      ] GC(64) Weak: 10793 encountered, 2217 discovered, 0 enqueued
[22.846s][info][gc,ref      ] GC(64) Final: 289 encountered, 0 discovered, 0 enqueued
[22.846s][info][gc,ref      ] GC(64) Phantom: 425 encountered, 317 discovered, 0 enqueued
[22.846s][info][gc,reloc    ] GC(64) Small Pages: 514 / 1028M, Empty: 658M, Relocated: 5M, In-Place: 0
[22.846s][info][gc,reloc    ] GC(64) Medium Pages: 0 / 0M, Empty: 0M, Relocated: 0M, In-Place: 0
[22.846s][info][gc,reloc    ] GC(64) Large Pages: 0 / 0M, Empty: 0M, Relocated: 0M, In-Place: 0
[22.846s][info][gc,reloc    ] GC(64) Forwarding Usage: 2M
[22.846s][info][gc,heap     ] GC(64) Min Capacity: 8M(0%)
[22.846s][info][gc,heap     ] GC(64) Max Capacity: 2048M(100%)
[22.846s][info][gc,heap     ] GC(64) Soft Max Capacity: 2048M(100%)
[22.846s][info][gc,heap     ] GC(64)                Mark Start          Mark End        Relocate Start      Relocate End           High               Low         
[22.846s][info][gc,heap     ] GC(64)  Capacity:     2048M (100%)       2048M (100%)       2048M (100%)       2048M (100%)       2048M (100%)       2048M (100%)   
[22.846s][info][gc,heap     ] GC(64)      Free:     1020M (50%)         718M (35%)        1290M (63%)        1570M (77%)        1584M (77%)         652M (32%)    
[22.846s][info][gc,heap     ] GC(64)      Used:     1028M (50%)        1330M (65%)         758M (37%)         478M (23%)        1396M (68%)         464M (23%)    
[22.846s][info][gc,heap     ] GC(64)      Live:         -                52M (3%)           52M (3%)           52M (3%)             -                  -          
[22.846s][info][gc,heap     ] GC(64) Allocated:         -               302M (15%)         388M (19%)         411M (20%)            -                  -          
[22.846s][info][gc,heap     ] GC(64)   Garbage:         -               975M (48%)         317M (16%)          14M (1%)             -                  -          
[22.846s][info][gc,heap     ] GC(64) Reclaimed:         -                  -               658M (32%)         961M (47%)            -                  -          
[22.846s][info][gc          ] GC(64) Garbage Collection (Allocation Rate) 1028M(50%)->478M(23%)
[22.954s][info][gc,start    ] GC(65) Garbage Collection (Allocation Rate)
[22.954s][info][gc,task     ] GC(65) Using 3 workers
[22.955s][info][gc,phases   ] GC(65) Pause Mark Start 0.013ms
[23.024s][info][gc,phases   ] GC(65) Concurrent Mark 69.110ms
[23.024s][info][gc,phases   ] GC(65) Pause Mark End 0.019ms
[23.027s][info][gc,phases   ] GC(65) Concurrent Mark Free 0.002ms
[23.036s][info][gc,phases   ] GC(65) Concurrent Process Non-Strong References 9.507ms
[23.036s][info][gc,phases   ] GC(65) Concurrent Reset Relocation Set 0.059ms
[23.043s][info][gc,phases   ] GC(65) Concurrent Select Relocation Set 6.535ms
[23.043s][info][gc,phases   ] GC(65) Pause Relocate Start 0.009ms
[23.056s][info][gc,phases   ] GC(65) Concurrent Relocate 12.633ms
[23.056s][info][gc,load     ] GC(65) Load: 0.00/0.00/0.00
[23.056s][info][gc,mmu      ] GC(65) MMU: 2ms/98.2%, 5ms/99.3%, 10ms/99.6%, 20ms/99.8%, 50ms/99.9%, 100ms/99.9%
[23.056s][info][gc,marking  ] GC(65) Mark: 2 stripe(s), 2 proactive flush(es), 1 terminate flush(es), 0 completion(s), 0 continuation(s) 
[23.056s][info][gc,marking  ] GC(65) Mark Stack Usage: 32M
[23.056s][info][gc,nmethod  ] GC(65) NMethods: 8391 registered, 2860 unregistered
[23.056s][info][gc,metaspace] GC(65) Metaspace: 70M used, 70M committed, 1088M reserved
[23.056s][info][gc,ref      ] GC(65) Soft: 3829 encountered, 0 discovered, 0 enqueued
[23.056s][info][gc,ref      ] GC(65) Weak: 10793 encountered, 1501 discovered, 0 enqueued
[23.056s][info][gc,ref      ] GC(65) Final: 289 encountered, 20 discovered, 0 enqueued
[23.056s][info][gc,ref      ] GC(65) Phantom: 425 encountered, 295 discovered, 0 enqueued
[23.056s][info][gc,reloc    ] GC(65) Small Pages: 513 / 1026M, Empty: 668M, Relocated: 5M, In-Place: 0
[23.056s][info][gc,reloc    ] GC(65) Medium Pages: 0 / 0M, Empty: 0M, Relocated: 0M, In-Place: 0
[23.056s][info][gc,reloc    ] GC(65) Large Pages: 0 / 0M, Empty: 0M, Relocated: 0M, In-Place: 0
[23.056s][info][gc,reloc    ] GC(65) Forwarding Usage: 2M
[23.056s][info][gc,heap     ] GC(65) Min Capacity: 8M(0%)
[23.056s][info][gc,heap     ] GC(65) Max Capacity: 2048M(100%)
[23.056s][info][gc,heap     ] GC(65) Soft Max Capacity: 2048M(100%)
[23.056s][info][gc,heap     ] GC(65)                Mark Start          Mark End        Relocate Start      Relocate End           High               Low         
[23.057s][info][gc,heap     ] GC(65)  Capacity:     2048M (100%)       2048M (100%)       2048M (100%)       2048M (100%)       2048M (100%)       2048M (100%)   
[23.057s][info][gc,heap     ] GC(65)      Free:     1022M (50%)         710M (35%)        1296M (63%)        1550M (76%)        1578M (77%)         658M (32%)    
[23.057s][info][gc,heap     ] GC(65)      Used:     1026M (50%)        1338M (65%)         752M (37%)         498M (24%)        1390M (68%)         470M (23%)    
[23.057s][info][gc,heap     ] GC(65)      Live:         -                52M (3%)           52M (3%)           52M (3%)             -                  -          
[23.057s][info][gc,heap     ] GC(65) Allocated:         -               312M (15%)         394M (19%)         430M (21%)            -                  -          
[23.057s][info][gc,heap     ] GC(65)   Garbage:         -               973M (48%)         305M (15%)          14M (1%)             -                  -          
[23.057s][info][gc,heap     ] GC(65) Reclaimed:         -                  -               668M (33%)         958M (47%)            -                  -          
[23.057s][info][gc          ] GC(65) Garbage Collection (Allocation Rate) 1026M(50%)->498M(24%)
[23.154s][info][gc,start    ] GC(66) Garbage Collection (Allocation Rate)
[23.154s][info][gc,task     ] GC(66) Using 3 workers
[23.154s][info][gc,phases   ] GC(66) Pause Mark Start 0.010ms
[23.220s][info][gc,phases   ] GC(66) Concurrent Mark 65.188ms
[23.220s][info][gc,phases   ] GC(66) Pause Mark End 0.025ms
[23.221s][info][gc,phases   ] GC(66) Concurrent Mark Free 0.001ms
[23.231s][info][gc,phases   ] GC(66) Concurrent Process Non-Strong References 9.824ms
[23.231s][info][gc,phases   ] GC(66) Concurrent Reset Relocation Set 0.045ms
[23.241s][info][gc,phases   ] GC(66) Concurrent Select Relocation Set 10.223ms
[23.241s][info][gc,phases   ] GC(66) Pause Relocate Start 0.009ms
[23.251s][info][gc,phases   ] GC(66) Concurrent Relocate 9.482ms
[23.251s][info][gc,load     ] GC(66) Load: 0.00/0.00/0.00
[23.251s][info][gc,mmu      ] GC(66) MMU: 2ms/98.2%, 5ms/99.3%, 10ms/99.6%, 20ms/99.8%, 50ms/99.9%, 100ms/99.9%
[23.251s][info][gc,marking  ] GC(66) Mark: 2 stripe(s), 2 proactive flush(es), 1 terminate flush(es), 0 completion(s), 0 continuation(s) 
[23.251s][info][gc,marking  ] GC(66) Mark Stack Usage: 32M
[23.251s][info][gc,nmethod  ] GC(66) NMethods: 8385 registered, 2866 unregistered
[23.251s][info][gc,metaspace] GC(66) Metaspace: 70M used, 70M committed, 1088M reserved
[23.251s][info][gc,ref      ] GC(66) Soft: 3829 encountered, 0 discovered, 0 enqueued
[23.251s][info][gc,ref      ] GC(66) Weak: 10793 encountered, 1430 discovered, 0 enqueued
[23.251s][info][gc,ref      ] GC(66) Final: 289 encountered, 18 discovered, 0 enqueued
[23.251s][info][gc,ref      ] GC(66) Phantom: 425 encountered, 277 discovered, 0 enqueued
[23.251s][info][gc,reloc    ] GC(66) Small Pages: 494 / 988M, Empty: 616M, Relocated: 5M, In-Place: 0
[23.251s][info][gc,reloc    ] GC(66) Medium Pages: 0 / 0M, Empty: 0M, Relocated: 0M, In-Place: 0
[23.251s][info][gc,reloc    ] GC(66) Large Pages: 0 / 0M, Empty: 0M, Relocated: 0M, In-Place: 0
[23.251s][info][gc,reloc    ] GC(66) Forwarding Usage: 2M
[23.251s][info][gc,heap     ] GC(66) Min Capacity: 8M(0%)
[23.251s][info][gc,heap     ] GC(66) Max Capacity: 2048M(100%)
[23.251s][info][gc,heap     ] GC(66) Soft Max Capacity: 2048M(100%)
[23.251s][info][gc,heap     ] GC(66)                Mark Start          Mark End        Relocate Start      Relocate End           High               Low         
[23.251s][info][gc,heap     ] GC(66)  Capacity:     2048M (100%)       2048M (100%)       2048M (100%)       2048M (100%)       2048M (100%)       2048M (100%)   
[23.251s][info][gc,heap     ] GC(66)      Free:     1060M (52%)         750M (37%)        1270M (62%)        1550M (76%)        1564M (76%)         698M (34%)    
[23.251s][info][gc,heap     ] GC(66)      Used:      988M (48%)        1298M (63%)         778M (38%)         498M (24%)        1350M (66%)         484M (24%)    
[23.252s][info][gc,heap     ] GC(66)      Live:         -                52M (3%)           52M (3%)           52M (3%)             -                  -          
[23.252s][info][gc,heap     ] GC(66) Allocated:         -               310M (15%)         406M (20%)         430M (21%)            -                  -          
[23.252s][info][gc,heap     ] GC(66)   Garbage:         -               935M (46%)         319M (16%)          14M (1%)             -                  -          
[23.252s][info][gc,heap     ] GC(66) Reclaimed:         -                  -               616M (30%)         920M (45%)            -                  -          
[23.252s][info][gc          ] GC(66) Garbage Collection (Allocation Rate) 988M(48%)->498M(24%)
[23.355s][info][gc,start    ] GC(67) Garbage Collection (Allocation Rate)
[23.355s][info][gc,task     ] GC(67) Using 3 workers
[23.355s][info][gc,phases   ] GC(67) Pause Mark Start 0.013ms
[23.420s][info][gc,phases   ] GC(67) Concurrent Mark 64.242ms
[23.420s][info][gc,phases   ] GC(67) Pause Mark End 0.022ms
[23.421s][info][gc,phases   ] GC(67) Concurrent Mark Free 0.001ms
[23.430s][info][gc,phases   ] GC(67) Concurrent Process Non-Strong References 9.397ms
[23.430s][info][gc,phases   ] GC(67) Concurrent Reset Relocation Set 0.039ms
[23.435s][info][gc,phases   ] GC(67) Concurrent Select Relocation Set 5.003ms
[23.436s][info][gc,phases   ] GC(67) Pause Relocate Start 0.010ms
[23.446s][info][gc,phases   ] GC(67) Concurrent Relocate 9.940ms
[23.446s][info][gc,load     ] GC(67) Load: 0.00/0.00/0.00
[23.446s][info][gc,mmu      ] GC(67) MMU: 2ms/98.2%, 5ms/99.3%, 10ms/99.6%, 20ms/99.8%, 50ms/99.9%, 100ms/99.9%
[23.446s][info][gc,marking  ] GC(67) Mark: 2 stripe(s), 2 proactive flush(es), 1 terminate flush(es), 0 completion(s), 0 continuation(s) 
[23.446s][info][gc,marking  ] GC(67) Mark Stack Usage: 32M
[23.446s][info][gc,nmethod  ] GC(67) NMethods: 8385 registered, 2866 unregistered
[23.446s][info][gc,metaspace] GC(67) Metaspace: 70M used, 70M committed, 1088M reserved
[23.446s][info][gc,ref      ] GC(67) Soft: 3829 encountered, 0 discovered, 0 enqueued
[23.446s][info][gc,ref      ] GC(67) Weak: 10793 encountered, 1331 discovered, 0 enqueued
[23.446s][info][gc,ref      ] GC(67) Final: 289 encountered, 26 discovered, 0 enqueued
[23.446s][info][gc,ref      ] GC(67) Phantom: 425 encountered, 281 discovered, 0 enqueued
[23.446s][info][gc,reloc    ] GC(67) Small Pages: 510 / 1020M, Empty: 612M, Relocated: 5M, In-Place: 0
[23.446s][info][gc,reloc    ] GC(67) Medium Pages: 0 / 0M, Empty: 0M, Relocated: 0M, In-Place: 0
[23.446s][info][gc,reloc    ] GC(67) Large Pages: 0 / 0M, Empty: 0M, Relocated: 0M, In-Place: 0
[23.446s][info][gc,reloc    ] GC(67) Forwarding Usage: 2M
[23.446s][info][gc,heap     ] GC(67) Min Capacity: 8M(0%)
[23.446s][info][gc,heap     ] GC(67) Max Capacity: 2048M(100%)
[23.446s][info][gc,heap     ] GC(67) Soft Max Capacity: 2048M(100%)
[23.446s][info][gc,heap     ] GC(67)                Mark Start          Mark End        Relocate Start      Relocate End           High               Low         
[23.446s][info][gc,heap     ] GC(67)  Capacity:     2048M (100%)       2048M (100%)       2048M (100%)       2048M (100%)       2048M (100%)       2048M (100%)   
[23.446s][info][gc,heap     ] GC(67)      Free:     1028M (50%)         720M (35%)        1270M (62%)        1586M (77%)        1604M (78%)         676M (33%)    
[23.446s][info][gc,heap     ] GC(67)      Used:     1020M (50%)        1328M (65%)         778M (38%)         462M (23%)        1372M (67%)         444M (22%)    
[23.446s][info][gc,heap     ] GC(67)      Live:         -                52M (3%)           52M (3%)           52M (3%)             -                  -          
[23.446s][info][gc,heap     ] GC(67) Allocated:         -               308M (15%)         370M (18%)         394M (19%)            -                  -          
[23.446s][info][gc,heap     ] GC(67)   Garbage:         -               967M (47%)         355M (17%)          14M (1%)             -                  -          
[23.446s][info][gc,heap     ] GC(67) Reclaimed:         -                  -               612M (30%)         952M (47%)            -                  -          
[23.446s][info][gc          ] GC(67) Garbage Collection (Allocation Rate) 1020M(50%)->462M(23%)
[23.554s][info][gc,start    ] GC(68) Garbage Collection (Allocation Rate)
[23.554s][info][gc,task     ] GC(68) Using 3 workers
[23.555s][info][gc,phases   ] GC(68) Pause Mark Start 0.016ms
[23.611s][info][gc,phases   ] GC(68) Concurrent Mark 56.141ms
[23.611s][info][gc,phases   ] GC(68) Pause Mark End 0.022ms
[23.612s][info][gc,phases   ] GC(68) Concurrent Mark Free 0.001ms
[23.625s][info][gc,phases   ] GC(68) Concurrent Process Non-Strong References 12.720ms
[23.625s][info][gc,phases   ] GC(68) Concurrent Reset Relocation Set 0.045ms
[23.631s][info][gc,phases   ] GC(68) Concurrent Select Relocation Set 5.347ms
[23.631s][info][gc,phases   ] GC(68) Pause Relocate Start 0.008ms
[23.642s][info][gc,phases   ] GC(68) Concurrent Relocate 10.675ms
[23.642s][info][gc,load     ] GC(68) Load: 0.00/0.00/0.00
[23.642s][info][gc,mmu      ] GC(68) MMU: 2ms/98.2%, 5ms/99.3%, 10ms/99.6%, 20ms/99.8%, 50ms/99.9%, 100ms/99.9%
[23.642s][info][gc,marking  ] GC(68) Mark: 2 stripe(s), 2 proactive flush(es), 1 terminate flush(es), 0 completion(s), 0 continuation(s) 
[23.642s][info][gc,marking  ] GC(68) Mark Stack Usage: 32M
[23.642s][info][gc,nmethod  ] GC(68) NMethods: 8387 registered, 2866 unregistered
[23.642s][info][gc,metaspace] GC(68) Metaspace: 70M used, 70M committed, 1088M reserved
[23.642s][info][gc,ref      ] GC(68) Soft: 3829 encountered, 0 discovered, 0 enqueued
[23.642s][info][gc,ref      ] GC(68) Weak: 10791 encountered, 1607 discovered, 6 enqueued
[23.642s][info][gc,ref      ] GC(68) Final: 289 encountered, 32 discovered, 0 enqueued
[23.642s][info][gc,ref      ] GC(68) Phantom: 425 encountered, 260 discovered, 0 enqueued
[23.642s][info][gc,reloc    ] GC(68) Small Pages: 487 / 974M, Empty: 636M, Relocated: 5M, In-Place: 0
[23.642s][info][gc,reloc    ] GC(68) Medium Pages: 0 / 0M, Empty: 0M, Relocated: 0M, In-Place: 0
[23.643s][info][gc,reloc    ] GC(68) Large Pages: 0 / 0M, Empty: 0M, Relocated: 0M, In-Place: 0
[23.643s][info][gc,reloc    ] GC(68) Forwarding Usage: 2M
[23.643s][info][gc,heap     ] GC(68) Min Capacity: 8M(0%)
[23.643s][info][gc,heap     ] GC(68) Max Capacity: 2048M(100%)
[23.643s][info][gc,heap     ] GC(68) Soft Max Capacity: 2048M(100%)
[23.643s][info][gc,heap     ] GC(68)                Mark Start          Mark End        Relocate Start      Relocate End           High               Low         
[23.643s][info][gc,heap     ] GC(68)  Capacity:     2048M (100%)       2048M (100%)       2048M (100%)       2048M (100%)       2048M (100%)       2048M (100%)   
[23.643s][info][gc,heap     ] GC(68)      Free:     1074M (52%)         804M (39%)        1354M (66%)        1588M (78%)        1616M (79%)         740M (36%)    
[23.643s][info][gc,heap     ] GC(68)      Used:      974M (48%)        1244M (61%)         694M (34%)         460M (22%)        1308M (64%)         432M (21%)    
[23.643s][info][gc,heap     ] GC(68)      Live:         -                52M (3%)           52M (3%)           52M (3%)             -                  -          
[23.643s][info][gc,heap     ] GC(68) Allocated:         -               270M (13%)         356M (17%)         392M (19%)            -                  -          
[23.643s][info][gc,heap     ] GC(68)   Garbage:         -               921M (45%)         285M (14%)          14M (1%)             -                  -          
[23.643s][info][gc,heap     ] GC(68) Reclaimed:         -                  -               636M (31%)         906M (44%)            -                  -          
[23.643s][info][gc          ] GC(68) Garbage Collection (Allocation Rate) 974M(48%)->460M(22%)
[23.754s][info][gc,start    ] GC(69) Garbage Collection (Allocation Rate)
[23.754s][info][gc,task     ] GC(69) Using 3 workers
[23.754s][info][gc,phases   ] GC(69) Pause Mark Start 0.010ms
[23.822s][info][gc,phases   ] GC(69) Concurrent Mark 67.149ms
[23.822s][info][gc,phases   ] GC(69) Pause Mark End 0.021ms
[23.855s][info][gc,phases   ] GC(69) Concurrent Mark Free 0.002ms
[23.865s][info][gc,phases   ] GC(69) Concurrent Process Non-Strong References 9.835ms
[23.865s][info][gc,phases   ] GC(69) Concurrent Reset Relocation Set 0.047ms
[23.871s][info][gc,phases   ] GC(69) Concurrent Select Relocation Set 6.027ms
[23.872s][info][gc,phases   ] GC(69) Pause Relocate Start 0.008ms
[23.883s][info][gc,phases   ] GC(69) Concurrent Relocate 10.371ms
[23.883s][info][gc,load     ] GC(69) Load: 0.00/0.00/0.00
[23.883s][info][gc,mmu      ] GC(69) MMU: 2ms/98.2%, 5ms/99.3%, 10ms/99.6%, 20ms/99.8%, 50ms/99.9%, 100ms/99.9%
[23.883s][info][gc,marking  ] GC(69) Mark: 2 stripe(s), 2 proactive flush(es), 1 terminate flush(es), 0 completion(s), 0 continuation(s) 
[23.883s][info][gc,marking  ] GC(69) Mark Stack Usage: 32M
[23.883s][info][gc,nmethod  ] GC(69) NMethods: 8386 registered, 2867 unregistered
[23.883s][info][gc,metaspace] GC(69) Metaspace: 70M used, 70M committed, 1088M reserved
[23.883s][info][gc,ref      ] GC(69) Soft: 3829 encountered, 0 discovered, 0 enqueued
[23.883s][info][gc,ref      ] GC(69) Weak: 10772 encountered, 1075 discovered, 27 enqueued
[23.883s][info][gc,ref      ] GC(69) Final: 289 encountered, 15 discovered, 0 enqueued
[23.883s][info][gc,ref      ] GC(69) Phantom: 425 encountered, 274 discovered, 0 enqueued
[23.883s][info][gc,reloc    ] GC(69) Small Pages: 496 / 992M, Empty: 618M, Relocated: 5M, In-Place: 0
[23.883s][info][gc,reloc    ] GC(69) Medium Pages: 0 / 0M, Empty: 0M, Relocated: 0M, In-Place: 0
[23.883s][info][gc,reloc    ] GC(69) Large Pages: 0 / 0M, Empty: 0M, Relocated: 0M, In-Place: 0
[23.883s][info][gc,reloc    ] GC(69) Forwarding Usage: 2M
[23.883s][info][gc,heap     ] GC(69) Min Capacity: 8M(0%)
[23.883s][info][gc,heap     ] GC(69) Max Capacity: 2048M(100%)
[23.883s][info][gc,heap     ] GC(69) Soft Max Capacity: 2048M(100%)
[23.883s][info][gc,heap     ] GC(69)                Mark Start          Mark End        Relocate Start      Relocate End           High               Low         
[23.883s][info][gc,heap     ] GC(69)  Capacity:     2048M (100%)       2048M (100%)       2048M (100%)       2048M (100%)       2048M (100%)       2048M (100%)   
[23.883s][info][gc,heap     ] GC(69)      Free:     1056M (52%)         748M (37%)        1152M (56%)        1428M (70%)        1446M (71%)         554M (27%)    
[23.883s][info][gc,heap     ] GC(69)      Used:      992M (48%)        1300M (63%)         896M (44%)         620M (30%)        1494M (73%)         602M (29%)    
[23.883s][info][gc,heap     ] GC(69)      Live:         -                51M (3%)           51M (3%)           51M (3%)             -                  -          
[23.883s][info][gc,heap     ] GC(69) Allocated:         -               308M (15%)         522M (25%)         552M (27%)            -                  -          
[23.883s][info][gc,heap     ] GC(69)   Garbage:         -               940M (46%)         322M (16%)          15M (1%)             -                  -          
[23.883s][info][gc,heap     ] GC(69) Reclaimed:         -                  -               618M (30%)         924M (45%)            -                  -          
[23.884s][info][gc          ] GC(69) Garbage Collection (Allocation Rate) 992M(48%)->620M(30%)
[23.955s][info][gc,start    ] GC(70) Garbage Collection (Allocation Rate)
[23.955s][info][gc,task     ] GC(70) Using 4 workers
[23.955s][info][gc,phases   ] GC(70) Pause Mark Start 0.011ms
[24.005s][info][gc,phases   ] GC(70) Concurrent Mark 49.014ms
[24.005s][info][gc,phases   ] GC(70) Pause Mark End 0.023ms
[24.009s][info][gc,phases   ] GC(70) Concurrent Mark Free 0.002ms
[24.020s][info][gc,phases   ] GC(70) Concurrent Process Non-Strong References 10.844ms
[24.020s][info][gc,phases   ] GC(70) Concurrent Reset Relocation Set 0.050ms
[24.030s][info][gc,phases   ] GC(70) Concurrent Select Relocation Set 10.513ms
[24.031s][info][gc,phases   ] GC(70) Pause Relocate Start 0.009ms
[24.038s][info][gc,phases   ] GC(70) Concurrent Relocate 7.617ms
[24.039s][info][gc,load     ] GC(70) Load: 0.00/0.00/0.00
[24.039s][info][gc,mmu      ] GC(70) MMU: 2ms/98.2%, 5ms/99.3%, 10ms/99.6%, 20ms/99.8%, 50ms/99.9%, 100ms/99.9%
[24.039s][info][gc,marking  ] GC(70) Mark: 4 stripe(s), 2 proactive flush(es), 1 terminate flush(es), 0 completion(s), 0 continuation(s) 
[24.039s][info][gc,marking  ] GC(70) Mark Stack Usage: 32M
[24.039s][info][gc,nmethod  ] GC(70) NMethods: 8386 registered, 2867 unregistered
[24.039s][info][gc,metaspace] GC(70) Metaspace: 70M used, 70M committed, 1088M reserved
[24.039s][info][gc,ref      ] GC(70) Soft: 3829 encountered, 0 discovered, 0 enqueued
[24.039s][info][gc,ref      ] GC(70) Weak: 10745 encountered, 1306 discovered, 0 enqueued
[24.039s][info][gc,ref      ] GC(70) Final: 289 encountered, 5 discovered, 0 enqueued
[24.039s][info][gc,ref      ] GC(70) Phantom: 425 encountered, 286 discovered, 0 enqueued
[24.039s][info][gc,reloc    ] GC(70) Small Pages: 478 / 956M, Empty: 622M, Relocated: 5M, In-Place: 0
[24.039s][info][gc,reloc    ] GC(70) Medium Pages: 0 / 0M, Empty: 0M, Relocated: 0M, In-Place: 0
[24.039s][info][gc,reloc    ] GC(70) Large Pages: 0 / 0M, Empty: 0M, Relocated: 0M, In-Place: 0
[24.039s][info][gc,reloc    ] GC(70) Forwarding Usage: 2M
[24.039s][info][gc,heap     ] GC(70) Min Capacity: 8M(0%)
[24.039s][info][gc,heap     ] GC(70) Max Capacity: 2048M(100%)
[24.039s][info][gc,heap     ] GC(70) Soft Max Capacity: 2048M(100%)
[24.039s][info][gc,heap     ] GC(70)                Mark Start          Mark End        Relocate Start      Relocate End           High               Low         
[24.039s][info][gc,heap     ] GC(70)  Capacity:     2048M (100%)       2048M (100%)       2048M (100%)       2048M (100%)       2048M (100%)       2048M (100%)   
[24.039s][info][gc,heap     ] GC(70)      Free:     1092M (53%)         862M (42%)        1374M (67%)        1616M (79%)        1632M (80%)         794M (39%)    
[24.039s][info][gc,heap     ] GC(70)      Used:      956M (47%)        1186M (58%)         674M (33%)         432M (21%)        1254M (61%)         416M (20%)    
[24.039s][info][gc,heap     ] GC(70)      Live:         -                51M (3%)           51M (3%)           51M (3%)             -                  -          
[24.039s][info][gc,heap     ] GC(70) Allocated:         -               230M (11%)         340M (17%)         363M (18%)            -                  -          
[24.039s][info][gc,heap     ] GC(70)   Garbage:         -               904M (44%)         282M (14%)          16M (1%)             -                  -          
[24.039s][info][gc,heap     ] GC(70) Reclaimed:         -                  -               622M (30%)         887M (43%)            -                  -          
[24.039s][info][gc          ] GC(70) Garbage Collection (Allocation Rate) 956M(47%)->432M(21%)
[24.154s][info][gc,start    ] GC(71) Garbage Collection (Allocation Rate)
[24.155s][info][gc,task     ] GC(71) Using 4 workers
[24.155s][info][gc,phases   ] GC(71) Pause Mark Start 0.010ms
[24.212s][info][gc,phases   ] GC(71) Concurrent Mark 57.227ms
[24.212s][info][gc,phases   ] GC(71) Pause Mark End 0.023ms
[24.217s][info][gc,phases   ] GC(71) Concurrent Mark Free 0.001ms
[24.225s][info][gc,phases   ] GC(71) Concurrent Process Non-Strong References 7.849ms
[24.225s][info][gc,phases   ] GC(71) Concurrent Reset Relocation Set 0.035ms
[24.232s][info][gc,phases   ] GC(71) Concurrent Select Relocation Set 6.655ms
[24.232s][info][gc,phases   ] GC(71) Pause Relocate Start 0.009ms
[24.240s][info][gc,phases   ] GC(71) Concurrent Relocate 7.834ms
[24.240s][info][gc,load     ] GC(71) Load: 0.00/0.00/0.00
[24.240s][info][gc,mmu      ] GC(71) MMU: 2ms/98.2%, 5ms/99.3%, 10ms/99.6%, 20ms/99.8%, 50ms/99.9%, 100ms/99.9%
[24.240s][info][gc,marking  ] GC(71) Mark: 4 stripe(s), 2 proactive flush(es), 1 terminate flush(es), 0 completion(s), 0 continuation(s) 
[24.240s][info][gc,marking  ] GC(71) Mark Stack Usage: 32M
[24.240s][info][gc,nmethod  ] GC(71) NMethods: 8386 registered, 2867 unregistered
[24.240s][info][gc,metaspace] GC(71) Metaspace: 70M used, 70M committed, 1088M reserved
[24.240s][info][gc,ref      ] GC(71) Soft: 3829 encountered, 0 discovered, 0 enqueued
[24.240s][info][gc,ref      ] GC(71) Weak: 10745 encountered, 1105 discovered, 0 enqueued
[24.240s][info][gc,ref      ] GC(71) Final: 289 encountered, 13 discovered, 0 enqueued
[24.240s][info][gc,ref      ] GC(71) Phantom: 425 encountered, 281 discovered, 0 enqueued
[24.240s][info][gc,reloc    ] GC(71) Small Pages: 490 / 980M, Empty: 628M, Relocated: 5M, In-Place: 0
[24.240s][info][gc,reloc    ] GC(71) Medium Pages: 0 / 0M, Empty: 0M, Relocated: 0M, In-Place: 0
[24.240s][info][gc,reloc    ] GC(71) Large Pages: 0 / 0M, Empty: 0M, Relocated: 0M, In-Place: 0
[24.240s][info][gc,reloc    ] GC(71) Forwarding Usage: 2M
[24.240s][info][gc,heap     ] GC(71) Min Capacity: 8M(0%)
[24.240s][info][gc,heap     ] GC(71) Max Capacity: 2048M(100%)
[24.240s][info][gc,heap     ] GC(71) Soft Max Capacity: 2048M(100%)
[24.240s][info][gc,heap     ] GC(71)                Mark Start          Mark End        Relocate Start      Relocate End           High               Low         
[24.240s][info][gc,heap     ] GC(71)  Capacity:     2048M (100%)       2048M (100%)       2048M (100%)       2048M (100%)       2048M (100%)       2048M (100%)   
[24.240s][info][gc,heap     ] GC(71)      Free:     1068M (52%)         802M (39%)        1348M (66%)        1612M (79%)        1626M (79%)         748M (37%)    
[24.240s][info][gc,heap     ] GC(71)      Used:      980M (48%)        1246M (61%)         700M (34%)         436M (21%)        1300M (63%)         422M (21%)    
[24.240s][info][gc,heap     ] GC(71)      Live:         -                51M (3%)           51M (3%)           51M (3%)             -                  -          
[24.241s][info][gc,heap     ] GC(71) Allocated:         -               266M (13%)         348M (17%)         367M (18%)            -                  -          
[24.241s][info][gc,heap     ] GC(71)   Garbage:         -               928M (45%)         300M (15%)          16M (1%)             -                  -          
[24.241s][info][gc,heap     ] GC(71) Reclaimed:         -                  -               628M (31%)         911M (44%)            -                  -          
[24.241s][info][gc          ] GC(71) Garbage Collection (Allocation Rate) 980M(48%)->436M(21%)
[24.354s][info][gc,start    ] GC(72) Garbage Collection (Allocation Rate)
[24.354s][info][gc,task     ] GC(72) Using 4 workers
[24.354s][info][gc,phases   ] GC(72) Pause Mark Start 0.011ms
[24.399s][info][gc,phases   ] GC(72) Concurrent Mark 44.228ms
[24.399s][info][gc,phases   ] GC(72) Pause Mark End 0.024ms
[24.404s][info][gc,phases   ] GC(72) Concurrent Mark Free 0.002ms
[24.412s][info][gc,phases   ] GC(72) Concurrent Process Non-Strong References 8.056ms
[24.412s][info][gc,phases   ] GC(72) Concurrent Reset Relocation Set 0.042ms
[24.422s][info][gc,phases   ] GC(72) Concurrent Select Relocation Set 9.149ms
[24.422s][info][gc,phases   ] GC(72) Pause Relocate Start 0.008ms
[24.431s][info][gc,phases   ] GC(72) Concurrent Relocate 8.548ms
[24.431s][info][gc,load     ] GC(72) Load: 0.00/0.00/0.00
[24.431s][info][gc,mmu      ] GC(72) MMU: 2ms/98.2%, 5ms/99.3%, 10ms/99.6%, 20ms/99.8%, 50ms/99.9%, 100ms/99.9%
[24.431s][info][gc,marking  ] GC(72) Mark: 4 stripe(s), 2 proactive flush(es), 1 terminate flush(es), 0 completion(s), 0 continuation(s) 
[24.431s][info][gc,marking  ] GC(72) Mark Stack Usage: 32M
[24.431s][info][gc,nmethod  ] GC(72) NMethods: 8386 registered, 2867 unregistered
[24.431s][info][gc,metaspace] GC(72) Metaspace: 70M used, 70M committed, 1088M reserved
[24.431s][info][gc,ref      ] GC(72) Soft: 3829 encountered, 0 discovered, 0 enqueued
[24.431s][info][gc,ref      ] GC(72) Weak: 10745 encountered, 1568 discovered, 0 enqueued
[24.431s][info][gc,ref      ] GC(72) Final: 289 encountered, 16 discovered, 0 enqueued
[24.431s][info][gc,ref      ] GC(72) Phantom: 425 encountered, 297 discovered, 0 enqueued
[24.431s][info][gc,reloc    ] GC(72) Small Pages: 491 / 982M, Empty: 570M, Relocated: 5M, In-Place: 0
[24.431s][info][gc,reloc    ] GC(72) Medium Pages: 0 / 0M, Empty: 0M, Relocated: 0M, In-Place: 0
[24.431s][info][gc,reloc    ] GC(72) Large Pages: 0 / 0M, Empty: 0M, Relocated: 0M, In-Place: 0
[24.431s][info][gc,reloc    ] GC(72) Forwarding Usage: 2M
[24.431s][info][gc,heap     ] GC(72) Min Capacity: 8M(0%)
[24.431s][info][gc,heap     ] GC(72) Max Capacity: 2048M(100%)
[24.431s][info][gc,heap     ] GC(72) Soft Max Capacity: 2048M(100%)
[24.431s][info][gc,heap     ] GC(72)                Mark Start          Mark End        Relocate Start      Relocate End           High               Low         
[24.431s][info][gc,heap     ] GC(72)  Capacity:     2048M (100%)       2048M (100%)       2048M (100%)       2048M (100%)       2048M (100%)       2048M (100%)   
[24.431s][info][gc,heap     ] GC(72)      Free:     1066M (52%)         868M (42%)        1340M (65%)        1658M (81%)        1676M (82%)         810M (40%)    
[24.431s][info][gc,heap     ] GC(72)      Used:      982M (48%)        1180M (58%)         708M (35%)         390M (19%)        1238M (60%)         372M (18%)    
[24.431s][info][gc,heap     ] GC(72)      Live:         -                51M (3%)           51M (3%)           51M (3%)             -                  -          
[24.431s][info][gc,heap     ] GC(72) Allocated:         -               198M (10%)         296M (14%)         321M (16%)            -                  -          
[24.431s][info][gc,heap     ] GC(72)   Garbage:         -               930M (45%)         360M (18%)          16M (1%)             -                  -          
[24.431s][info][gc,heap     ] GC(72) Reclaimed:         -                  -               570M (28%)         913M (45%)            -                  -          
[24.431s][info][gc          ] GC(72) Garbage Collection (Allocation Rate) 982M(48%)->390M(19%)
[24.555s][info][gc,start    ] GC(73) Garbage Collection (Allocation Rate)
[24.555s][info][gc,task     ] GC(73) Using 3 workers
[24.555s][info][gc,phases   ] GC(73) Pause Mark Start 0.009ms
[24.613s][info][gc,phases   ] GC(73) Concurrent Mark 57.064ms
[24.613s][info][gc,phases   ] GC(73) Pause Mark End 0.025ms
[24.617s][info][gc,phases   ] GC(73) Concurrent Mark Free 0.001ms
[24.628s][info][gc,phases   ] GC(73) Concurrent Process Non-Strong References 10.993ms
[24.628s][info][gc,phases   ] GC(73) Concurrent Reset Relocation Set 0.058ms
[24.634s][info][gc,phases   ] GC(73) Concurrent Select Relocation Set 6.273ms
[24.634s][info][gc,phases   ] GC(73) Pause Relocate Start 0.008ms
[24.645s][info][gc,phases   ] GC(73) Concurrent Relocate 9.681ms
[24.645s][info][gc,load     ] GC(73) Load: 0.00/0.00/0.00
[24.645s][info][gc,mmu      ] GC(73) MMU: 2ms/98.2%, 5ms/99.3%, 10ms/99.6%, 20ms/99.8%, 50ms/99.9%, 100ms/99.9%
[24.645s][info][gc,marking  ] GC(73) Mark: 2 stripe(s), 2 proactive flush(es), 1 terminate flush(es), 0 completion(s), 0 continuation(s) 
[24.645s][info][gc,marking  ] GC(73) Mark Stack Usage: 32M
[24.645s][info][gc,nmethod  ] GC(73) NMethods: 8387 registered, 2868 unregistered
[24.645s][info][gc,metaspace] GC(73) Metaspace: 70M used, 70M committed, 1088M reserved
[24.645s][info][gc,ref      ] GC(73) Soft: 3829 encountered, 0 discovered, 0 enqueued
[24.645s][info][gc,ref      ] GC(73) Weak: 10745 encountered, 1348 discovered, 0 enqueued
[24.645s][info][gc,ref      ] GC(73) Final: 289 encountered, 15 discovered, 0 enqueued
[24.645s][info][gc,ref      ] GC(73) Phantom: 425 encountered, 291 discovered, 0 enqueued
[24.645s][info][gc,reloc    ] GC(73) Small Pages: 503 / 1006M, Empty: 616M, Relocated: 5M, In-Place: 0
[24.645s][info][gc,reloc    ] GC(73) Medium Pages: 0 / 0M, Empty: 0M, Relocated: 0M, In-Place: 0
[24.645s][info][gc,reloc    ] GC(73) Large Pages: 0 / 0M, Empty: 0M, Relocated: 0M, In-Place: 0
[24.645s][info][gc,reloc    ] GC(73) Forwarding Usage: 2M
[24.645s][info][gc,heap     ] GC(73) Min Capacity: 8M(0%)
[24.645s][info][gc,heap     ] GC(73) Max Capacity: 2048M(100%)
[24.645s][info][gc,heap     ] GC(73) Soft Max Capacity: 2048M(100%)
[24.645s][info][gc,heap     ] GC(73)                Mark Start          Mark End        Relocate Start      Relocate End           High               Low         
[24.645s][info][gc,heap     ] GC(73)  Capacity:     2048M (100%)       2048M (100%)       2048M (100%)       2048M (100%)       2048M (100%)       2048M (100%)   
[24.645s][info][gc,heap     ] GC(73)      Free:     1042M (51%)         770M (38%)        1290M (63%)        1586M (77%)        1604M (78%)         702M (34%)    
[24.645s][info][gc,heap     ] GC(73)      Used:     1006M (49%)        1278M (62%)         758M (37%)         462M (23%)        1346M (66%)         444M (22%)    
[24.645s][info][gc,heap     ] GC(73)      Live:         -                52M (3%)           52M (3%)           52M (3%)             -                  -          
[24.645s][info][gc,heap     ] GC(73) Allocated:         -               272M (13%)         368M (18%)         395M (19%)            -                  -          
[24.645s][info][gc,heap     ] GC(73)   Garbage:         -               953M (47%)         337M (17%)          14M (1%)             -                  -          
[24.645s][info][gc,heap     ] GC(73) Reclaimed:         -                  -               616M (30%)         939M (46%)            -                  -          
[24.645s][info][gc          ] GC(73) Garbage Collection (Allocation Rate) 1006M(49%)->462M(23%)
[24.754s][info][gc,start    ] GC(74) Garbage Collection (Allocation Rate)
[24.755s][info][gc,task     ] GC(74) Using 3 workers
[24.755s][info][gc,phases   ] GC(74) Pause Mark Start 0.013ms
[24.811s][info][gc,phases   ] GC(74) Concurrent Mark 56.099ms
[24.812s][info][gc,phases   ] GC(74) Pause Mark End 0.021ms
[24.814s][info][gc,phases   ] GC(74) Concurrent Mark Free 0.002ms
[24.826s][info][gc,phases   ] GC(74) Concurrent Process Non-Strong References 12.106ms
[24.826s][info][gc,phases   ] GC(74) Concurrent Reset Relocation Set 0.059ms
[24.837s][info][gc,phases   ] GC(74) Concurrent Select Relocation Set 10.018ms
[24.837s][info][gc,phases   ] GC(74) Pause Relocate Start 0.009ms
[24.846s][info][gc,phases   ] GC(74) Concurrent Relocate 9.151ms
[24.847s][info][gc,load     ] GC(74) Load: 0.00/0.00/0.00
[24.847s][info][gc,mmu      ] GC(74) MMU: 2ms/98.2%, 5ms/99.3%, 10ms/99.6%, 20ms/99.8%, 50ms/99.9%, 100ms/99.9%
[24.847s][info][gc,marking  ] GC(74) Mark: 2 stripe(s), 2 proactive flush(es), 1 terminate flush(es), 0 completion(s), 0 continuation(s) 
[24.847s][info][gc,marking  ] GC(74) Mark Stack Usage: 32M
[24.847s][info][gc,nmethod  ] GC(74) NMethods: 8389 registered, 2869 unregistered
[24.847s][info][gc,metaspace] GC(74) Metaspace: 70M used, 70M committed, 1088M reserved
[24.847s][info][gc,ref      ] GC(74) Soft: 3829 encountered, 0 discovered, 0 enqueued
[24.847s][info][gc,ref      ] GC(74) Weak: 10745 encountered, 1427 discovered, 0 enqueued
[24.847s][info][gc,ref      ] GC(74) Final: 289 encountered, 18 discovered, 0 enqueued
[24.847s][info][gc,ref      ] GC(74) Phantom: 425 encountered, 227 discovered, 0 enqueued
[24.847s][info][gc,reloc    ] GC(74) Small Pages: 500 / 1000M, Empty: 634M, Relocated: 5M, In-Place: 0
[24.847s][info][gc,reloc    ] GC(74) Medium Pages: 0 / 0M, Empty: 0M, Relocated: 0M, In-Place: 0
[24.847s][info][gc,reloc    ] GC(74) Large Pages: 0 / 0M, Empty: 0M, Relocated: 0M, In-Place: 0
[24.847s][info][gc,reloc    ] GC(74) Forwarding Usage: 2M
[24.847s][info][gc,heap     ] GC(74) Min Capacity: 8M(0%)
[24.847s][info][gc,heap     ] GC(74) Max Capacity: 2048M(100%)
[24.847s][info][gc,heap     ] GC(74) Soft Max Capacity: 2048M(100%)
[24.847s][info][gc,heap     ] GC(74)                Mark Start          Mark End        Relocate Start      Relocate End           High               Low         
[24.847s][info][gc,heap     ] GC(74)  Capacity:     2048M (100%)       2048M (100%)       2048M (100%)       2048M (100%)       2048M (100%)       2048M (100%)   
[24.847s][info][gc,heap     ] GC(74)      Free:     1048M (51%)         776M (38%)        1294M (63%)        1572M (77%)        1586M (77%)         706M (34%)    
[24.847s][info][gc,heap     ] GC(74)      Used:     1000M (49%)        1272M (62%)         754M (37%)         476M (23%)        1342M (66%)         462M (23%)    
[24.847s][info][gc,heap     ] GC(74)      Live:         -                51M (3%)           51M (3%)           51M (3%)             -                  -          
[24.847s][info][gc,heap     ] GC(74) Allocated:         -               272M (13%)         388M (19%)         409M (20%)            -                  -          
[24.847s][info][gc,heap     ] GC(74)   Garbage:         -               948M (46%)         314M (15%)          15M (1%)             -                  -          
[24.847s][info][gc,heap     ] GC(74) Reclaimed:         -                  -               634M (31%)         933M (46%)            -                  -          
[24.847s][info][gc          ] GC(74) Garbage Collection (Allocation Rate) 1000M(49%)->476M(23%)
[24.954s][info][gc,start    ] GC(75) Garbage Collection (Allocation Rate)
[24.954s][info][gc,task     ] GC(75) Using 3 workers
[24.954s][info][gc,phases   ] GC(75) Pause Mark Start 0.011ms
[25.016s][info][gc,phases   ] GC(75) Concurrent Mark 61.122ms
[25.016s][info][gc,phases   ] GC(75) Pause Mark End 0.024ms
[25.017s][info][gc,phases   ] GC(75) Concurrent Mark Free 0.001ms
[25.028s][info][gc,phases   ] GC(75) Concurrent Process Non-Strong References 11.447ms
[25.028s][info][gc,phases   ] GC(75) Concurrent Reset Relocation Set 0.042ms
[25.035s][info][gc,phases   ] GC(75) Concurrent Select Relocation Set 6.761ms
[25.035s][info][gc,phases   ] GC(75) Pause Relocate Start 0.010ms
[25.044s][info][gc,phases   ] GC(75) Concurrent Relocate 8.455ms
[25.044s][info][gc,load     ] GC(75) Load: 0.00/0.00/0.00
[25.044s][info][gc,mmu      ] GC(75) MMU: 2ms/98.2%, 5ms/99.3%, 10ms/99.6%, 20ms/99.8%, 50ms/99.9%, 100ms/99.9%
[25.044s][info][gc,marking  ] GC(75) Mark: 2 stripe(s), 2 proactive flush(es), 1 terminate flush(es), 0 completion(s), 0 continuation(s) 
[25.044s][info][gc,marking  ] GC(75) Mark Stack Usage: 32M
[25.044s][info][gc,nmethod  ] GC(75) NMethods: 8419 registered, 2872 unregistered
[25.044s][info][gc,metaspace] GC(75) Metaspace: 70M used, 70M committed, 1088M reserved
[25.044s][info][gc,ref      ] GC(75) Soft: 3829 encountered, 0 discovered, 0 enqueued
[25.044s][info][gc,ref      ] GC(75) Weak: 10793 encountered, 1246 discovered, 0 enqueued
[25.044s][info][gc,ref      ] GC(75) Final: 289 encountered, 23 discovered, 0 enqueued
[25.044s][info][gc,ref      ] GC(75) Phantom: 425 encountered, 292 discovered, 0 enqueued
[25.044s][info][gc,reloc    ] GC(75) Small Pages: 506 / 1012M, Empty: 640M, Relocated: 5M, In-Place: 0
[25.044s][info][gc,reloc    ] GC(75) Medium Pages: 0 / 0M, Empty: 0M, Relocated: 0M, In-Place: 0
[25.044s][info][gc,reloc    ] GC(75) Large Pages: 0 / 0M, Empty: 0M, Relocated: 0M, In-Place: 0
[25.044s][info][gc,reloc    ] GC(75) Forwarding Usage: 2M
[25.044s][info][gc,heap     ] GC(75) Min Capacity: 8M(0%)
[25.044s][info][gc,heap     ] GC(75) Max Capacity: 2048M(100%)
[25.044s][info][gc,heap     ] GC(75) Soft Max Capacity: 2048M(100%)
[25.044s][info][gc,heap     ] GC(75)                Mark Start          Mark End        Relocate Start      Relocate End           High               Low         
[25.044s][info][gc,heap     ] GC(75)  Capacity:     2048M (100%)       2048M (100%)       2048M (100%)       2048M (100%)       2048M (100%)       2048M (100%)   
[25.044s][info][gc,heap     ] GC(75)      Free:     1036M (51%)         742M (36%)        1294M (63%)        1578M (77%)        1592M (78%)         686M (33%)    
[25.044s][info][gc,heap     ] GC(75)      Used:     1012M (49%)        1306M (64%)         754M (37%)         470M (23%)        1362M (67%)         456M (22%)    
[25.044s][info][gc,heap     ] GC(75)      Live:         -                51M (3%)           51M (3%)           51M (3%)             -                  -          
[25.044s][info][gc,heap     ] GC(75) Allocated:         -               294M (14%)         382M (19%)         403M (20%)            -                  -          
[25.044s][info][gc,heap     ] GC(75)   Garbage:         -               960M (47%)         320M (16%)          14M (1%)             -                  -          
[25.044s][info][gc,heap     ] GC(75) Reclaimed:         -                  -               640M (31%)         945M (46%)            -                  -          
[25.044s][info][gc          ] GC(75) Garbage Collection (Allocation Rate) 1012M(49%)->470M(23%)
[25.155s][info][gc,start    ] GC(76) Garbage Collection (Allocation Rate)
[25.155s][info][gc,task     ] GC(76) Using 3 workers
[25.155s][info][gc,phases   ] GC(76) Pause Mark Start 0.012ms
[25.218s][info][gc,phases   ] GC(76) Concurrent Mark 61.940ms
[25.218s][info][gc,phases   ] GC(76) Pause Mark End 0.022ms
[25.220s][info][gc,phases   ] GC(76) Concurrent Mark Free 0.002ms
[25.233s][info][gc,phases   ] GC(76) Concurrent Process Non-Strong References 12.941ms
[25.233s][info][gc,phases   ] GC(76) Concurrent Reset Relocation Set 0.049ms
[25.238s][info][gc,phases   ] GC(76) Concurrent Select Relocation Set 5.308ms
[25.238s][info][gc,phases   ] GC(76) Pause Relocate Start 0.009ms
[25.249s][info][gc,phases   ] GC(76) Concurrent Relocate 10.264ms
[25.249s][info][gc,load     ] GC(76) Load: 0.00/0.00/0.00
[25.249s][info][gc,mmu      ] GC(76) MMU: 2ms/98.2%, 5ms/99.3%, 10ms/99.6%, 20ms/99.8%, 50ms/99.9%, 100ms/99.9%
[25.249s][info][gc,marking  ] GC(76) Mark: 2 stripe(s), 2 proactive flush(es), 1 terminate flush(es), 0 completion(s), 0 continuation(s) 
[25.249s][info][gc,marking  ] GC(76) Mark Stack Usage: 32M
[25.249s][info][gc,nmethod  ] GC(76) NMethods: 8419 registered, 2876 unregistered
[25.249s][info][gc,metaspace] GC(76) Metaspace: 70M used, 70M committed, 1088M reserved
[25.249s][info][gc,ref      ] GC(76) Soft: 3829 encountered, 0 discovered, 0 enqueued
[25.249s][info][gc,ref      ] GC(76) Weak: 10791 encountered, 1545 discovered, 0 enqueued
[25.249s][info][gc,ref      ] GC(76) Final: 289 encountered, 22 discovered, 0 enqueued
[25.249s][info][gc,ref      ] GC(76) Phantom: 425 encountered, 285 discovered, 0 enqueued
[25.249s][info][gc,reloc    ] GC(76) Small Pages: 509 / 1018M, Empty: 606M, Relocated: 5M, In-Place: 0
[25.249s][info][gc,reloc    ] GC(76) Medium Pages: 0 / 0M, Empty: 0M, Relocated: 0M, In-Place: 0
[25.249s][info][gc,reloc    ] GC(76) Large Pages: 0 / 0M, Empty: 0M, Relocated: 0M, In-Place: 0
[25.249s][info][gc,reloc    ] GC(76) Forwarding Usage: 2M
[25.249s][info][gc,heap     ] GC(76) Min Capacity: 8M(0%)
[25.249s][info][gc,heap     ] GC(76) Max Capacity: 2048M(100%)
[25.249s][info][gc,heap     ] GC(76) Soft Max Capacity: 2048M(100%)
[25.249s][info][gc,heap     ] GC(76)                Mark Start          Mark End        Relocate Start      Relocate End           High               Low         
[25.249s][info][gc,heap     ] GC(76)  Capacity:     2048M (100%)       2048M (100%)       2048M (100%)       2048M (100%)       2048M (100%)       2048M (100%)   
[25.249s][info][gc,heap     ] GC(76)      Free:     1030M (50%)         732M (36%)        1242M (61%)        1554M (76%)        1578M (77%)         660M (32%)    
[25.249s][info][gc,heap     ] GC(76)      Used:     1018M (50%)        1316M (64%)         806M (39%)         494M (24%)        1388M (68%)         470M (23%)    
[25.249s][info][gc,heap     ] GC(76)      Live:         -                51M (3%)           51M (3%)           51M (3%)             -                  -          
[25.249s][info][gc,heap     ] GC(76) Allocated:         -               298M (15%)         394M (19%)         427M (21%)            -                  -          
[25.250s][info][gc,heap     ] GC(76)   Garbage:         -               966M (47%)         360M (18%)          15M (1%)             -                  -          
[25.250s][info][gc,heap     ] GC(76) Reclaimed:         -                  -               606M (30%)         951M (46%)            -                  -          
[25.250s][info][gc          ] GC(76) Garbage Collection (Allocation Rate) 1018M(50%)->494M(24%)
[25.354s][info][gc,start    ] GC(77) Garbage Collection (Allocation Rate)
[25.355s][info][gc,task     ] GC(77) Using 3 workers
[25.355s][info][gc,phases   ] GC(77) Pause Mark Start 0.010ms
[25.424s][info][gc,phases   ] GC(77) Concurrent Mark 68.975ms
[25.425s][info][gc,phases   ] GC(77) Pause Mark End 0.023ms
[25.426s][info][gc,phases   ] GC(77) Concurrent Mark Free 0.001ms
[25.435s][info][gc,phases   ] GC(77) Concurrent Process Non-Strong References 9.443ms
[25.435s][info][gc,phases   ] GC(77) Concurrent Reset Relocation Set 0.048ms
[25.440s][info][gc,phases   ] GC(77) Concurrent Select Relocation Set 5.096ms
[25.441s][info][gc,phases   ] GC(77) Pause Relocate Start 0.009ms
[25.450s][info][gc,phases   ] GC(77) Concurrent Relocate 9.416ms
[25.450s][info][gc,load     ] GC(77) Load: 0.00/0.00/0.00
[25.450s][info][gc,mmu      ] GC(77) MMU: 2ms/98.2%, 5ms/99.3%, 10ms/99.6%, 20ms/99.8%, 50ms/99.9%, 100ms/99.9%
[25.450s][info][gc,marking  ] GC(77) Mark: 2 stripe(s), 3 proactive flush(es), 2 terminate flush(es), 0 completion(s), 0 continuation(s) 
[25.450s][info][gc,marking  ] GC(77) Mark Stack Usage: 32M
[25.450s][info][gc,nmethod  ] GC(77) NMethods: 8443 registered, 2879 unregistered
[25.450s][info][gc,metaspace] GC(77) Metaspace: 70M used, 70M committed, 1088M reserved
[25.450s][info][gc,ref      ] GC(77) Soft: 3829 encountered, 0 discovered, 0 enqueued
[25.450s][info][gc,ref      ] GC(77) Weak: 10719 encountered, 1039 discovered, 19 enqueued
[25.450s][info][gc,ref      ] GC(77) Final: 289 encountered, 21 discovered, 0 enqueued
[25.450s][info][gc,ref      ] GC(77) Phantom: 425 encountered, 284 discovered, 0 enqueued
[25.450s][info][gc,reloc    ] GC(77) Small Pages: 504 / 1008M, Empty: 576M, Relocated: 4M, In-Place: 0
[25.450s][info][gc,reloc    ] GC(77) Medium Pages: 0 / 0M, Empty: 0M, Relocated: 0M, In-Place: 0
[25.450s][info][gc,reloc    ] GC(77) Large Pages: 0 / 0M, Empty: 0M, Relocated: 0M, In-Place: 0
[25.451s][info][gc,reloc    ] GC(77) Forwarding Usage: 2M
[25.451s][info][gc,heap     ] GC(77) Min Capacity: 8M(0%)
[25.451s][info][gc,heap     ] GC(77) Max Capacity: 2048M(100%)
[25.451s][info][gc,heap     ] GC(77) Soft Max Capacity: 2048M(100%)
[25.451s][info][gc,heap     ] GC(77)                Mark Start          Mark End        Relocate Start      Relocate End           High               Low         
[25.451s][info][gc,heap     ] GC(77)  Capacity:     2048M (100%)       2048M (100%)       2048M (100%)       2048M (100%)       2048M (100%)       2048M (100%)   
[25.451s][info][gc,heap     ] GC(77)      Free:     1040M (51%)         726M (35%)        1230M (60%)        1570M (77%)        1588M (78%)         678M (33%)    
[25.451s][info][gc,heap     ] GC(77)      Used:     1008M (49%)        1322M (65%)         818M (40%)         478M (23%)        1370M (67%)         460M (22%)    
[25.451s][info][gc,heap     ] GC(77)      Live:         -                51M (3%)           51M (3%)           51M (3%)             -                  -          
[25.451s][info][gc,heap     ] GC(77) Allocated:         -               314M (15%)         386M (19%)         411M (20%)            -                  -          
[25.451s][info][gc,heap     ] GC(77)   Garbage:         -               956M (47%)         380M (19%)          15M (1%)             -                  -          
[25.451s][info][gc,heap     ] GC(77) Reclaimed:         -                  -               576M (28%)         941M (46%)            -                  -          
[25.451s][info][gc          ] GC(77) Garbage Collection (Allocation Rate) 1008M(49%)->478M(23%)
[25.554s][info][gc,start    ] GC(78) Garbage Collection (Allocation Rate)
[25.554s][info][gc,task     ] GC(78) Using 3 workers
[25.554s][info][gc,phases   ] GC(78) Pause Mark Start 0.009ms
[25.618s][info][gc,phases   ] GC(78) Concurrent Mark 63.198ms
[25.618s][info][gc,phases   ] GC(78) Pause Mark End 0.021ms
[25.618s][info][gc,phases   ] GC(78) Concurrent Mark Free 0.001ms
[25.628s][info][gc,phases   ] GC(78) Concurrent Process Non-Strong References 9.526ms
[25.628s][info][gc,phases   ] GC(78) Concurrent Reset Relocation Set 0.050ms
[25.634s][info][gc,phases   ] GC(78) Concurrent Select Relocation Set 5.431ms
[25.634s][info][gc,phases   ] GC(78) Pause Relocate Start 0.007ms
[25.643s][info][gc,phases   ] GC(78) Concurrent Relocate 8.972ms
[25.643s][info][gc,load     ] GC(78) Load: 0.00/0.00/0.00
[25.643s][info][gc,mmu      ] GC(78) MMU: 2ms/98.2%, 5ms/99.3%, 10ms/99.6%, 20ms/99.8%, 50ms/99.9%, 100ms/99.9%
[25.643s][info][gc,marking  ] GC(78) Mark: 2 stripe(s), 2 proactive flush(es), 1 terminate flush(es), 0 completion(s), 0 continuation(s) 
[25.643s][info][gc,marking  ] GC(78) Mark Stack Usage: 32M
[25.643s][info][gc,nmethod  ] GC(78) NMethods: 8452 registered, 2882 unregistered
[25.643s][info][gc,metaspace] GC(78) Metaspace: 70M used, 70M committed, 1088M reserved
[25.643s][info][gc,ref      ] GC(78) Soft: 3829 encountered, 0 discovered, 0 enqueued
[25.643s][info][gc,ref      ] GC(78) Weak: 10525 encountered, 999 discovered, 43 enqueued
[25.643s][info][gc,ref      ] GC(78) Final: 289 encountered, 30 discovered, 0 enqueued
[25.643s][info][gc,ref      ] GC(78) Phantom: 425 encountered, 232 discovered, 0 enqueued
[25.643s][info][gc,reloc    ] GC(78) Small Pages: 484 / 968M, Empty: 594M, Relocated: 3M, In-Place: 0
[25.643s][info][gc,reloc    ] GC(78) Medium Pages: 0 / 0M, Empty: 0M, Relocated: 0M, In-Place: 0
[25.643s][info][gc,reloc    ] GC(78) Large Pages: 0 / 0M, Empty: 0M, Relocated: 0M, In-Place: 0
[25.643s][info][gc,reloc    ] GC(78) Forwarding Usage: 1M
[25.643s][info][gc,heap     ] GC(78) Min Capacity: 8M(0%)
[25.643s][info][gc,heap     ] GC(78) Max Capacity: 2048M(100%)
[25.643s][info][gc,heap     ] GC(78) Soft Max Capacity: 2048M(100%)
[25.643s][info][gc,heap     ] GC(78)                Mark Start          Mark End        Relocate Start      Relocate End           High               Low         
[25.643s][info][gc,heap     ] GC(78)  Capacity:     2048M (100%)       2048M (100%)       2048M (100%)       2048M (100%)       2048M (100%)       2048M (100%)   
[25.643s][info][gc,heap     ] GC(78)      Free:     1080M (53%)         782M (38%)        1306M (64%)        1584M (77%)        1604M (78%)         736M (36%)    
[25.643s][info][gc,heap     ] GC(78)      Used:      968M (47%)        1266M (62%)         742M (36%)         464M (23%)        1312M (64%)         444M (22%)    
[25.643s][info][gc,heap     ] GC(78)      Live:         -                51M (3%)           51M (3%)           51M (3%)             -                  -          
[25.644s][info][gc,heap     ] GC(78) Allocated:         -               298M (15%)         368M (18%)         395M (19%)            -                  -          
[25.644s][info][gc,heap     ] GC(78)   Garbage:         -               916M (45%)         322M (16%)          17M (1%)             -                  -          
[25.644s][info][gc,heap     ] GC(78) Reclaimed:         -                  -               594M (29%)         899M (44%)            -                  -          
[25.644s][info][gc          ] GC(78) Garbage Collection (Allocation Rate) 968M(47%)->464M(23%)
[25.755s][info][gc,start    ] GC(79) Garbage Collection (Allocation Rate)
[25.755s][info][gc,task     ] GC(79) Using 3 workers
[25.755s][info][gc,phases   ] GC(79) Pause Mark Start 0.014ms
[25.815s][info][gc,phases   ] GC(79) Concurrent Mark 59.346ms
[25.815s][info][gc,phases   ] GC(79) Pause Mark End 0.024ms
[25.815s][info][gc,phases   ] GC(79) Concurrent Mark Free 0.001ms
[25.825s][info][gc,phases   ] GC(79) Concurrent Process Non-Strong References 10.373ms
[25.826s][info][gc,phases   ] GC(79) Concurrent Reset Relocation Set 0.036ms
[25.833s][info][gc,phases   ] GC(79) Concurrent Select Relocation Set 7.248ms
[25.833s][info][gc,phases   ] GC(79) Pause Relocate Start 0.008ms
[25.841s][info][gc,phases   ] GC(79) Concurrent Relocate 7.547ms
[25.841s][info][gc,load     ] GC(79) Load: 0.00/0.00/0.00
[25.841s][info][gc,mmu      ] GC(79) MMU: 2ms/98.2%, 5ms/99.3%, 10ms/99.6%, 20ms/99.8%, 50ms/99.9%, 100ms/99.9%
[25.841s][info][gc,marking  ] GC(79) Mark: 2 stripe(s), 2 proactive flush(es), 1 terminate flush(es), 0 completion(s), 0 continuation(s) 
[25.841s][info][gc,marking  ] GC(79) Mark Stack Usage: 32M
[25.841s][info][gc,nmethod  ] GC(79) NMethods: 8467 registered, 2883 unregistered
[25.841s][info][gc,metaspace] GC(79) Metaspace: 70M used, 70M committed, 1088M reserved
[25.841s][info][gc,ref      ] GC(79) Soft: 3829 encountered, 0 discovered, 0 enqueued
[25.841s][info][gc,ref      ] GC(79) Weak: 10432 encountered, 1106 discovered, 12 enqueued
[25.841s][info][gc,ref      ] GC(79) Final: 289 encountered, 23 discovered, 0 enqueued
[25.841s][info][gc,ref      ] GC(79) Phantom: 425 encountered, 240 discovered, 0 enqueued
[25.841s][info][gc,reloc    ] GC(79) Small Pages: 496 / 992M, Empty: 736M, Relocated: 3M, In-Place: 0
[25.841s][info][gc,reloc    ] GC(79) Medium Pages: 0 / 0M, Empty: 0M, Relocated: 0M, In-Place: 0
[25.841s][info][gc,reloc    ] GC(79) Large Pages: 0 / 0M, Empty: 0M, Relocated: 0M, In-Place: 0
[25.841s][info][gc,reloc    ] GC(79) Forwarding Usage: 1M
[25.841s][info][gc,heap     ] GC(79) Min Capacity: 8M(0%)
[25.841s][info][gc,heap     ] GC(79) Max Capacity: 2048M(100%)
[25.841s][info][gc,heap     ] GC(79) Soft Max Capacity: 2048M(100%)
[25.841s][info][gc,heap     ] GC(79)                Mark Start          Mark End        Relocate Start      Relocate End           High               Low         
[25.841s][info][gc,heap     ] GC(79)  Capacity:     2048M (100%)       2048M (100%)       2048M (100%)       2048M (100%)       2048M (100%)       2048M (100%)   
[25.841s][info][gc,heap     ] GC(79)      Free:     1056M (52%)         798M (39%)        1456M (71%)        1624M (79%)        1636M (80%)         752M (37%)    
[25.841s][info][gc,heap     ] GC(79)      Used:      992M (48%)        1250M (61%)         592M (29%)         424M (21%)        1296M (63%)         412M (20%)    
[25.841s][info][gc,heap     ] GC(79)      Live:         -                51M (3%)           51M (3%)           51M (3%)             -                  -          
[25.841s][info][gc,heap     ] GC(79) Allocated:         -               258M (13%)         336M (16%)         355M (17%)            -                  -          
[25.841s][info][gc,heap     ] GC(79)   Garbage:         -               940M (46%)         204M (10%)          17M (1%)             -                  -          
[25.841s][info][gc,heap     ] GC(79) Reclaimed:         -                  -               736M (36%)         923M (45%)            -                  -          
[25.841s][info][gc          ] GC(79) Garbage Collection (Allocation Rate) 992M(48%)->424M(21%)
[25.954s][info][gc,start    ] GC(80) Garbage Collection (Allocation Rate)
[25.955s][info][gc,task     ] GC(80) Using 3 workers
[25.955s][info][gc,phases   ] GC(80) Pause Mark Start 0.011ms
[26.010s][info][gc,phases   ] GC(80) Concurrent Mark 55.558ms
[26.011s][info][gc,phases   ] GC(80) Pause Mark End 0.023ms
[26.011s][info][gc,phases   ] GC(80) Concurrent Mark Free 0.001ms
[26.021s][info][gc,phases   ] GC(80) Concurrent Process Non-Strong References 9.912ms
[26.021s][info][gc,phases   ] GC(80) Concurrent Reset Relocation Set 0.022ms
[26.028s][info][gc,phases   ] GC(80) Concurrent Select Relocation Set 7.660ms
[26.029s][info][gc,phases   ] GC(80) Pause Relocate Start 0.007ms
[26.036s][info][gc,phases   ] GC(80) Concurrent Relocate 7.643ms
[26.036s][info][gc,load     ] GC(80) Load: 0.00/0.00/0.00
[26.036s][info][gc,mmu      ] GC(80) MMU: 2ms/98.2%, 5ms/99.3%, 10ms/99.6%, 20ms/99.8%, 50ms/99.9%, 100ms/99.9%
[26.036s][info][gc,marking  ] GC(80) Mark: 2 stripe(s), 2 proactive flush(es), 1 terminate flush(es), 0 completion(s), 0 continuation(s) 
[26.036s][info][gc,marking  ] GC(80) Mark Stack Usage: 32M
[26.037s][info][gc,nmethod  ] GC(80) NMethods: 8482 registered, 2890 unregistered
[26.037s][info][gc,metaspace] GC(80) Metaspace: 70M used, 70M committed, 1088M reserved
[26.037s][info][gc,ref      ] GC(80) Soft: 3829 encountered, 0 discovered, 0 enqueued
[26.037s][info][gc,ref      ] GC(80) Weak: 10219 encountered, 969 discovered, 48 enqueued
[26.037s][info][gc,ref      ] GC(80) Final: 289 encountered, 17 discovered, 0 enqueued
[26.037s][info][gc,ref      ] GC(80) Phantom: 425 encountered, 217 discovered, 0 enqueued
[26.037s][info][gc,reloc    ] GC(80) Small Pages: 459 / 918M, Empty: 606M, Relocated: 5M, In-Place: 0
[26.037s][info][gc,reloc    ] GC(80) Medium Pages: 0 / 0M, Empty: 0M, Relocated: 0M, In-Place: 0
[26.037s][info][gc,reloc    ] GC(80) Large Pages: 0 / 0M, Empty: 0M, Relocated: 0M, In-Place: 0
[26.037s][info][gc,reloc    ] GC(80) Forwarding Usage: 2M
[26.037s][info][gc,heap     ] GC(80) Min Capacity: 8M(0%)
[26.037s][info][gc,heap     ] GC(80) Max Capacity: 2048M(100%)
[26.037s][info][gc,heap     ] GC(80) Soft Max Capacity: 2048M(100%)
[26.037s][info][gc,heap     ] GC(80)                Mark Start          Mark End        Relocate Start      Relocate End           High               Low         
[26.037s][info][gc,heap     ] GC(80)  Capacity:     2048M (100%)       2048M (100%)       2048M (100%)       2048M (100%)       2048M (100%)       2048M (100%)   
[26.037s][info][gc,heap     ] GC(80)      Free:     1130M (55%)         906M (44%)        1442M (70%)        1672M (82%)        1680M (82%)         864M (42%)    
[26.037s][info][gc,heap     ] GC(80)      Used:      918M (45%)        1142M (56%)         606M (30%)         376M (18%)        1184M (58%)         368M (18%)    
[26.037s][info][gc,heap     ] GC(80)      Live:         -                50M (2%)           50M (2%)           50M (2%)             -                  -          
[26.037s][info][gc,heap     ] GC(80) Allocated:         -               224M (11%)         294M (14%)         311M (15%)            -                  -          
[26.037s][info][gc,heap     ] GC(80)   Garbage:         -               867M (42%)         261M (13%)          13M (1%)             -                  -          
[26.037s][info][gc,heap     ] GC(80) Reclaimed:         -                  -               606M (30%)         853M (42%)            -                  -          
[26.037s][info][gc          ] GC(80) Garbage Collection (Allocation Rate) 918M(45%)->376M(18%)
[26.154s][info][gc,start    ] GC(81) Garbage Collection (Allocation Rate)
[26.154s][info][gc,task     ] GC(81) Using 3 workers
[26.154s][info][gc,phases   ] GC(81) Pause Mark Start 0.014ms
[26.207s][info][gc,phases   ] GC(81) Concurrent Mark 52.499ms
[26.207s][info][gc,phases   ] GC(81) Pause Mark End 0.025ms
[26.207s][info][gc,phases   ] GC(81) Concurrent Mark Free 0.001ms
[26.216s][info][gc,phases   ] GC(81) Concurrent Process Non-Strong References 8.877ms
[26.216s][info][gc,phases   ] GC(81) Concurrent Reset Relocation Set 0.025ms
[26.220s][info][gc,phases   ] GC(81) Concurrent Select Relocation Set 4.030ms
[26.221s][info][gc,phases   ] GC(81) Pause Relocate Start 0.008ms
[26.226s][info][gc,phases   ] GC(81) Concurrent Relocate 5.321ms
[26.226s][info][gc,load     ] GC(81) Load: 0.00/0.00/0.00
[26.226s][info][gc,mmu      ] GC(81) MMU: 2ms/98.2%, 5ms/99.3%, 10ms/99.6%, 20ms/99.8%, 50ms/99.9%, 100ms/99.9%
[26.226s][info][gc,marking  ] GC(81) Mark: 2 stripe(s), 3 proactive flush(es), 1 terminate flush(es), 0 completion(s), 0 continuation(s) 
[26.226s][info][gc,marking  ] GC(81) Mark Stack Usage: 32M
[26.226s][info][gc,nmethod  ] GC(81) NMethods: 8474 registered, 2898 unregistered
[26.226s][info][gc,metaspace] GC(81) Metaspace: 70M used, 70M committed, 1088M reserved
[26.226s][info][gc,ref      ] GC(81) Soft: 3829 encountered, 0 discovered, 0 enqueued
[26.226s][info][gc,ref      ] GC(81) Weak: 10098 encountered, 957 discovered, 18 enqueued
[26.226s][info][gc,ref      ] GC(81) Final: 289 encountered, 28 discovered, 0 enqueued
[26.226s][info][gc,ref      ] GC(81) Phantom: 425 encountered, 289 discovered, 0 enqueued
[26.226s][info][gc,reloc    ] GC(81) Small Pages: 430 / 860M, Empty: 640M, Relocated: 4M, In-Place: 0
[26.226s][info][gc,reloc    ] GC(81) Medium Pages: 0 / 0M, Empty: 0M, Relocated: 0M, In-Place: 0
[26.226s][info][gc,reloc    ] GC(81) Large Pages: 0 / 0M, Empty: 0M, Relocated: 0M, In-Place: 0
[26.226s][info][gc,reloc    ] GC(81) Forwarding Usage: 1M
[26.226s][info][gc,heap     ] GC(81) Min Capacity: 8M(0%)
[26.226s][info][gc,heap     ] GC(81) Max Capacity: 2048M(100%)
[26.226s][info][gc,heap     ] GC(81) Soft Max Capacity: 2048M(100%)
[26.226s][info][gc,heap     ] GC(81)                Mark Start          Mark End        Relocate Start      Relocate End           High               Low         
[26.226s][info][gc,heap     ] GC(81)  Capacity:     2048M (100%)       2048M (100%)       2048M (100%)       2048M (100%)       2048M (100%)       2048M (100%)   
[26.226s][info][gc,heap     ] GC(81)      Free:     1188M (58%)         982M (48%)        1572M (77%)        1710M (83%)        1722M (84%)         944M (46%)    
[26.226s][info][gc,heap     ] GC(81)      Used:      860M (42%)        1066M (52%)         476M (23%)         338M (17%)        1104M (54%)         326M (16%)    
[26.226s][info][gc,heap     ] GC(81)      Live:         -                50M (2%)           50M (2%)           50M (2%)             -                  -          
[26.226s][info][gc,heap     ] GC(81) Allocated:         -               206M (10%)         256M (13%)         271M (13%)            -                  -          
[26.226s][info][gc,heap     ] GC(81)   Garbage:         -               809M (40%)         169M (8%)           15M (1%)             -                  -          
[26.226s][info][gc,heap     ] GC(81) Reclaimed:         -                  -               640M (31%)         793M (39%)            -                  -          
[26.226s][info][gc          ] GC(81) Garbage Collection (Allocation Rate) 860M(42%)->338M(17%)
[26.355s][info][gc,start    ] GC(82) Garbage Collection (Allocation Rate)
[26.355s][info][gc,task     ] GC(82) Using 3 workers
[26.355s][info][gc,phases   ] GC(82) Pause Mark Start 0.009ms
[26.405s][info][gc,phases   ] GC(82) Concurrent Mark 49.557ms
[26.405s][info][gc,phases   ] GC(82) Pause Mark End 0.020ms
[26.405s][info][gc,phases   ] GC(82) Concurrent Mark Free 0.001ms
[26.414s][info][gc,phases   ] GC(82) Concurrent Process Non-Strong References 8.742ms
[26.414s][info][gc,phases   ] GC(82) Concurrent Reset Relocation Set 0.017ms
[26.417s][info][gc,phases   ] GC(82) Concurrent Select Relocation Set 3.558ms
[26.418s][info][gc,phases   ] GC(82) Pause Relocate Start 0.010ms
[26.422s][info][gc,phases   ] GC(82) Concurrent Relocate 4.264ms
[26.422s][info][gc,load     ] GC(82) Load: 0.00/0.00/0.00
[26.422s][info][gc,mmu      ] GC(82) MMU: 2ms/98.2%, 5ms/99.3%, 10ms/99.6%, 20ms/99.8%, 50ms/99.9%, 100ms/99.9%
[26.422s][info][gc,marking  ] GC(82) Mark: 2 stripe(s), 2 proactive flush(es), 1 terminate flush(es), 0 completion(s), 0 continuation(s) 
[26.422s][info][gc,marking  ] GC(82) Mark Stack Usage: 32M
[26.422s][info][gc,nmethod  ] GC(82) NMethods: 8477 registered, 2898 unregistered
[26.422s][info][gc,metaspace] GC(82) Metaspace: 70M used, 70M committed, 1088M reserved
[26.422s][info][gc,ref      ] GC(82) Soft: 3829 encountered, 0 discovered, 0 enqueued
[26.422s][info][gc,ref      ] GC(82) Weak: 10004 encountered, 858 discovered, 18 enqueued
[26.422s][info][gc,ref      ] GC(82) Final: 289 encountered, 35 discovered, 0 enqueued
[26.422s][info][gc,ref      ] GC(82) Phantom: 425 encountered, 305 discovered, 0 enqueued
[26.422s][info][gc,reloc    ] GC(82) Small Pages: 405 / 810M, Empty: 562M, Relocated: 3M, In-Place: 0
[26.422s][info][gc,reloc    ] GC(82) Medium Pages: 0 / 0M, Empty: 0M, Relocated: 0M, In-Place: 0
[26.422s][info][gc,reloc    ] GC(82) Large Pages: 0 / 0M, Empty: 0M, Relocated: 0M, In-Place: 0
[26.422s][info][gc,reloc    ] GC(82) Forwarding Usage: 1M
[26.422s][info][gc,heap     ] GC(82) Min Capacity: 8M(0%)
[26.422s][info][gc,heap     ] GC(82) Max Capacity: 2048M(100%)
[26.422s][info][gc,heap     ] GC(82) Soft Max Capacity: 2048M(100%)
[26.422s][info][gc,heap     ] GC(82)                Mark Start          Mark End        Relocate Start      Relocate End           High               Low         
[26.422s][info][gc,heap     ] GC(82)  Capacity:     2048M (100%)       2048M (100%)       2048M (100%)       2048M (100%)       2048M (100%)       2048M (100%)   
[26.422s][info][gc,heap     ] GC(82)      Free:     1238M (60%)        1068M (52%)        1584M (77%)        1760M (86%)        1760M (86%)        1038M (51%)    
[26.422s][info][gc,heap     ] GC(82)      Used:      810M (40%)         980M (48%)         464M (23%)         288M (14%)        1010M (49%)         288M (14%)    
[26.422s][info][gc,heap     ] GC(82)      Live:         -                50M (2%)           50M (2%)           50M (2%)             -                  -          
[26.422s][info][gc,heap     ] GC(82) Allocated:         -               170M (8%)          216M (11%)         221M (11%)            -                  -          
[26.422s][info][gc,heap     ] GC(82)   Garbage:         -               759M (37%)         197M (10%)          16M (1%)             -                  -          
[26.422s][info][gc,heap     ] GC(82) Reclaimed:         -                  -               562M (27%)         743M (36%)            -                  -          
[26.422s][info][gc          ] GC(82) Garbage Collection (Allocation Rate) 810M(40%)->288M(14%)
[26.555s][info][gc,start    ] GC(83) Garbage Collection (Allocation Rate)
[26.555s][info][gc,task     ] GC(83) Using 2 workers
[26.555s][info][gc,phases   ] GC(83) Pause Mark Start 0.011ms
[26.622s][info][gc,phases   ] GC(83) Concurrent Mark 67.537ms
[26.623s][info][gc,phases   ] GC(83) Pause Mark End 0.023ms
[26.623s][info][gc,phases   ] GC(83) Concurrent Mark Free 0.001ms
[26.637s][info][gc,phases   ] GC(83) Concurrent Process Non-Strong References 14.380ms
[26.637s][info][gc,phases   ] GC(83) Concurrent Reset Relocation Set 0.021ms
[26.642s][info][gc,phases   ] GC(83) Concurrent Select Relocation Set 5.208ms
[26.643s][info][gc,phases   ] GC(83) Pause Relocate Start 0.008ms
[26.648s][info][gc,phases   ] GC(83) Concurrent Relocate 5.229ms
[26.648s][info][gc,load     ] GC(83) Load: 0.00/0.00/0.00
[26.648s][info][gc,mmu      ] GC(83) MMU: 2ms/98.2%, 5ms/99.3%, 10ms/99.6%, 20ms/99.8%, 50ms/99.9%, 100ms/99.9%
[26.648s][info][gc,marking  ] GC(83) Mark: 2 stripe(s), 3 proactive flush(es), 1 terminate flush(es), 0 completion(s), 0 continuation(s) 
[26.648s][info][gc,marking  ] GC(83) Mark Stack Usage: 32M
[26.648s][info][gc,nmethod  ] GC(83) NMethods: 8477 registered, 2898 unregistered
[26.648s][info][gc,metaspace] GC(83) Metaspace: 70M used, 70M committed, 1088M reserved
[26.648s][info][gc,ref      ] GC(83) Soft: 3829 encountered, 0 discovered, 0 enqueued
[26.648s][info][gc,ref      ] GC(83) Weak: 9962 encountered, 1495 discovered, 7 enqueued
[26.648s][info][gc,ref      ] GC(83) Final: 289 encountered, 0 discovered, 0 enqueued
[26.648s][info][gc,ref      ] GC(83) Phantom: 425 encountered, 298 discovered, 0 enqueued
[26.648s][info][gc,reloc    ] GC(83) Small Pages: 370 / 740M, Empty: 570M, Relocated: 2M, In-Place: 0
[26.648s][info][gc,reloc    ] GC(83) Medium Pages: 0 / 0M, Empty: 0M, Relocated: 0M, In-Place: 0
[26.648s][info][gc,reloc    ] GC(83) Large Pages: 0 / 0M, Empty: 0M, Relocated: 0M, In-Place: 0
[26.648s][info][gc,reloc    ] GC(83) Forwarding Usage: 1M
[26.648s][info][gc,heap     ] GC(83) Min Capacity: 8M(0%)
[26.648s][info][gc,heap     ] GC(83) Max Capacity: 2048M(100%)
[26.648s][info][gc,heap     ] GC(83) Soft Max Capacity: 2048M(100%)
[26.648s][info][gc,heap     ] GC(83)                Mark Start          Mark End        Relocate Start      Relocate End           High               Low         
[26.648s][info][gc,heap     ] GC(83)  Capacity:     2048M (100%)       2048M (100%)       2048M (100%)       2048M (100%)       2048M (100%)       2048M (100%)   
[26.648s][info][gc,heap     ] GC(83)      Free:     1308M (64%)        1080M (53%)        1582M (77%)        1674M (82%)        1680M (82%)        1030M (50%)    
[26.648s][info][gc,heap     ] GC(83)      Used:      740M (36%)         968M (47%)         466M (23%)         374M (18%)        1018M (50%)         368M (18%)    
[26.648s][info][gc,heap     ] GC(83)      Live:         -                50M (2%)           50M (2%)           50M (2%)             -                  -          
[26.648s][info][gc,heap     ] GC(83) Allocated:         -               228M (11%)         296M (14%)         309M (15%)            -                  -          
[26.648s][info][gc,heap     ] GC(83)   Garbage:         -               689M (34%)         119M (6%)           14M (1%)             -                  -          
[26.648s][info][gc,heap     ] GC(83) Reclaimed:         -                  -               570M (28%)         675M (33%)            -                  -          
[26.648s][info][gc          ] GC(83) Garbage Collection (Allocation Rate) 740M(36%)->374M(18%)
[26.754s][info][gc,start    ] GC(84) Garbage Collection (Allocation Rate)
[26.754s][info][gc,task     ] GC(84) Using 2 workers
[26.754s][info][gc,phases   ] GC(84) Pause Mark Start 0.011ms
[26.816s][info][gc,phases   ] GC(84) Concurrent Mark 61.553ms
[26.816s][info][gc,phases   ] GC(84) Pause Mark End 0.025ms
[26.816s][info][gc,phases   ] GC(84) Concurrent Mark Free 0.001ms
[26.828s][info][gc,phases   ] GC(84) Concurrent Process Non-Strong References 11.552ms
[26.828s][info][gc,phases   ] GC(84) Concurrent Reset Relocation Set 0.013ms
[26.831s][info][gc,phases   ] GC(84) Concurrent Select Relocation Set 3.178ms
[26.831s][info][gc,phases   ] GC(84) Pause Relocate Start 0.007ms
[26.836s][info][gc,phases   ] GC(84) Concurrent Relocate 4.217ms
[26.836s][info][gc,load     ] GC(84) Load: 0.00/0.00/0.00
[26.836s][info][gc,mmu      ] GC(84) MMU: 2ms/98.2%, 5ms/99.3%, 10ms/99.6%, 20ms/99.8%, 50ms/99.9%, 100ms/99.9%
[26.836s][info][gc,marking  ] GC(84) Mark: 2 stripe(s), 2 proactive flush(es), 1 terminate flush(es), 0 completion(s), 0 continuation(s) 
[26.836s][info][gc,marking  ] GC(84) Mark Stack Usage: 32M
[26.836s][info][gc,nmethod  ] GC(84) NMethods: 8487 registered, 2903 unregistered
[26.836s][info][gc,metaspace] GC(84) Metaspace: 70M used, 70M committed, 1088M reserved
[26.836s][info][gc,ref      ] GC(84) Soft: 3829 encountered, 0 discovered, 0 enqueued
[26.836s][info][gc,ref      ] GC(84) Weak: 9831 encountered, 1328 discovered, 31 enqueued
[26.836s][info][gc,ref      ] GC(84) Final: 289 encountered, 17 discovered, 0 enqueued
[26.836s][info][gc,ref      ] GC(84) Phantom: 425 encountered, 239 discovered, 0 enqueued
[26.836s][info][gc,reloc    ] GC(84) Small Pages: 352 / 704M, Empty: 478M, Relocated: 1M, In-Place: 0
[26.836s][info][gc,reloc    ] GC(84) Medium Pages: 0 / 0M, Empty: 0M, Relocated: 0M, In-Place: 0
[26.836s][info][gc,reloc    ] GC(84) Large Pages: 0 / 0M, Empty: 0M, Relocated: 0M, In-Place: 0
[26.836s][info][gc,reloc    ] GC(84) Forwarding Usage: 0M
[26.836s][info][gc,heap     ] GC(84) Min Capacity: 8M(0%)
[26.836s][info][gc,heap     ] GC(84) Max Capacity: 2048M(100%)
[26.836s][info][gc,heap     ] GC(84) Soft Max Capacity: 2048M(100%)
[26.836s][info][gc,heap     ] GC(84)                Mark Start          Mark End        Relocate Start      Relocate End           High               Low         
[26.836s][info][gc,heap     ] GC(84)  Capacity:     2048M (100%)       2048M (100%)       2048M (100%)       2048M (100%)       2048M (100%)       2048M (100%)   
[26.836s][info][gc,heap     ] GC(84)      Free:     1344M (66%)        1174M (57%)        1610M (79%)        1762M (86%)        1764M (86%)        1142M (56%)    
[26.836s][info][gc,heap     ] GC(84)      Used:      704M (34%)         874M (43%)         438M (21%)         286M (14%)         906M (44%)         284M (14%)    
[26.836s][info][gc,heap     ] GC(84)      Live:         -                49M (2%)           49M (2%)           49M (2%)             -                  -          
[26.836s][info][gc,heap     ] GC(84) Allocated:         -               170M (8%)          212M (10%)         219M (11%)            -                  -          
[26.836s][info][gc,heap     ] GC(84)   Garbage:         -               654M (32%)         176M (9%)           16M (1%)             -                  -          
[26.836s][info][gc,heap     ] GC(84) Reclaimed:         -                  -               478M (23%)         637M (31%)            -                  -          
[26.836s][info][gc          ] GC(84) Garbage Collection (Allocation Rate) 704M(34%)->286M(14%)
[26.954s][info][gc,start    ] GC(85) Garbage Collection (Allocation Rate)
[26.954s][info][gc,task     ] GC(85) Using 2 workers
[26.954s][info][gc,phases   ] GC(85) Pause Mark Start 0.010ms
[27.005s][info][gc,phases   ] GC(85) Concurrent Mark 50.627ms
[27.005s][info][gc,phases   ] GC(85) Pause Mark End 0.018ms
[27.005s][info][gc,phases   ] GC(85) Concurrent Mark Free 0.001ms
[27.014s][info][gc,phases   ] GC(85) Concurrent Process Non-Strong References 9.313ms
[27.014s][info][gc,phases   ] GC(85) Concurrent Reset Relocation Set 0.012ms
[27.018s][info][gc,phases   ] GC(85) Concurrent Select Relocation Set 3.754ms
[27.018s][info][gc,phases   ] GC(85) Pause Relocate Start 0.008ms
[27.024s][info][gc,phases   ] GC(85) Concurrent Relocate 5.156ms
[27.024s][info][gc,load     ] GC(85) Load: 0.00/0.00/0.00
[27.024s][info][gc,mmu      ] GC(85) MMU: 2ms/98.2%, 5ms/99.3%, 10ms/99.6%, 20ms/99.8%, 50ms/99.9%, 100ms/99.9%
[27.024s][info][gc,marking  ] GC(85) Mark: 2 stripe(s), 2 proactive flush(es), 1 terminate flush(es), 0 completion(s), 0 continuation(s) 
[27.024s][info][gc,marking  ] GC(85) Mark Stack Usage: 32M
[27.024s][info][gc,nmethod  ] GC(85) NMethods: 8488 registered, 2906 unregistered
[27.024s][info][gc,metaspace] GC(85) Metaspace: 70M used, 70M committed, 1088M reserved
[27.024s][info][gc,ref      ] GC(85) Soft: 3829 encountered, 0 discovered, 0 enqueued
[27.024s][info][gc,ref      ] GC(85) Weak: 9651 encountered, 1931 discovered, 37 enqueued
[27.024s][info][gc,ref      ] GC(85) Final: 289 encountered, 0 discovered, 0 enqueued
[27.024s][info][gc,ref      ] GC(85) Phantom: 425 encountered, 210 discovered, 0 enqueued
[27.024s][info][gc,reloc    ] GC(85) Small Pages: 293 / 586M, Empty: 392M, Relocated: 5M, In-Place: 0
[27.024s][info][gc,reloc    ] GC(85) Medium Pages: 0 / 0M, Empty: 0M, Relocated: 0M, In-Place: 0
[27.024s][info][gc,reloc    ] GC(85) Large Pages: 0 / 0M, Empty: 0M, Relocated: 0M, In-Place: 0
[27.024s][info][gc,reloc    ] GC(85) Forwarding Usage: 1M
[27.024s][info][gc,heap     ] GC(85) Min Capacity: 8M(0%)
[27.024s][info][gc,heap     ] GC(85) Max Capacity: 2048M(100%)
[27.024s][info][gc,heap     ] GC(85) Soft Max Capacity: 2048M(100%)
[27.024s][info][gc,heap     ] GC(85)                Mark Start          Mark End        Relocate Start      Relocate End           High               Low         
[27.024s][info][gc,heap     ] GC(85)  Capacity:     2048M (100%)       2048M (100%)       2048M (100%)       2048M (100%)       2048M (100%)       2048M (100%)   
[27.024s][info][gc,heap     ] GC(85)      Free:     1462M (71%)        1356M (66%)        1720M (84%)        1838M (90%)        1844M (90%)        1336M (65%)    
[27.024s][info][gc,heap     ] GC(85)      Used:      586M (29%)         692M (34%)         328M (16%)         210M (10%)         712M (35%)         204M (10%)    
[27.024s][info][gc,heap     ] GC(85)      Live:         -                49M (2%)           49M (2%)           49M (2%)             -                  -          
[27.024s][info][gc,heap     ] GC(85) Allocated:         -               106M (5%)          134M (7%)          145M (7%)             -                  -          
[27.024s][info][gc,heap     ] GC(85)   Garbage:         -               536M (26%)         144M (7%)           14M (1%)             -                  -          
[27.024s][info][gc,heap     ] GC(85) Reclaimed:         -                  -               392M (19%)         521M (25%)            -                  -          
[27.024s][info][gc          ] GC(85) Garbage Collection (Allocation Rate) 586M(29%)->210M(10%)
[27.254s][info][gc,start    ] GC(86) Garbage Collection (Allocation Rate)
[27.254s][info][gc,task     ] GC(86) Using 2 workers
[27.255s][info][gc,phases   ] GC(86) Pause Mark Start 0.010ms
[27.303s][info][gc,phases   ] GC(86) Concurrent Mark 48.652ms
[27.303s][info][gc,phases   ] GC(86) Pause Mark End 0.018ms
[27.303s][info][gc,phases   ] GC(86) Concurrent Mark Free 0.001ms
[27.312s][info][gc,phases   ] GC(86) Concurrent Process Non-Strong References 8.282ms
[27.312s][info][gc,phases   ] GC(86) Concurrent Reset Relocation Set 0.010ms
[27.315s][info][gc,phases   ] GC(86) Concurrent Select Relocation Set 2.748ms
[27.315s][info][gc,phases   ] GC(86) Pause Relocate Start 0.007ms
[27.316s][info][gc,phases   ] GC(86) Concurrent Relocate 1.367ms
[27.316s][info][gc,load     ] GC(86) Load: 0.00/0.00/0.00
[27.316s][info][gc,mmu      ] GC(86) MMU: 2ms/98.2%, 5ms/99.3%, 10ms/99.6%, 20ms/99.8%, 50ms/99.9%, 100ms/99.9%
[27.316s][info][gc,marking  ] GC(86) Mark: 2 stripe(s), 2 proactive flush(es), 1 terminate flush(es), 0 completion(s), 0 continuation(s) 
[27.316s][info][gc,marking  ] GC(86) Mark Stack Usage: 32M
[27.316s][info][gc,nmethod  ] GC(86) NMethods: 8488 registered, 2906 unregistered
[27.316s][info][gc,metaspace] GC(86) Metaspace: 70M used, 70M committed, 1088M reserved
[27.316s][info][gc,ref      ] GC(86) Soft: 3829 encountered, 0 discovered, 0 enqueued
[27.316s][info][gc,ref      ] GC(86) Weak: 9565 encountered, 1704 discovered, 13 enqueued
[27.316s][info][gc,ref      ] GC(86) Final: 289 encountered, 20 discovered, 0 enqueued
[27.316s][info][gc,ref      ] GC(86) Phantom: 425 encountered, 306 discovered, 0 enqueued
[27.316s][info][gc,reloc    ] GC(86) Small Pages: 344 / 688M, Empty: 528M, Relocated: 1M, In-Place: 0
[27.316s][info][gc,reloc    ] GC(86) Medium Pages: 0 / 0M, Empty: 0M, Relocated: 0M, In-Place: 0
[27.316s][info][gc,reloc    ] GC(86) Large Pages: 0 / 0M, Empty: 0M, Relocated: 0M, In-Place: 0
[27.316s][info][gc,reloc    ] GC(86) Forwarding Usage: 0M
[27.316s][info][gc,heap     ] GC(86) Min Capacity: 8M(0%)
[27.316s][info][gc,heap     ] GC(86) Max Capacity: 2048M(100%)
[27.316s][info][gc,heap     ] GC(86) Soft Max Capacity: 2048M(100%)
[27.316s][info][gc,heap     ] GC(86)                Mark Start          Mark End        Relocate Start      Relocate End           High               Low         
[27.316s][info][gc,heap     ] GC(86)  Capacity:     2048M (100%)       2048M (100%)       2048M (100%)       2048M (100%)       2048M (100%)       2048M (100%)   
[27.316s][info][gc,heap     ] GC(86)      Free:     1360M (66%)        1270M (62%)        1778M (87%)        1872M (91%)        1872M (91%)        1256M (61%)    
[27.316s][info][gc,heap     ] GC(86)      Used:      688M (34%)         778M (38%)         270M (13%)         176M (9%)          792M (39%)         176M (9%)     
[27.316s][info][gc,heap     ] GC(86)      Live:         -                49M (2%)           49M (2%)           49M (2%)             -                  -          
[27.316s][info][gc,heap     ] GC(86) Allocated:         -                90M (4%)          110M (5%)          111M (5%)             -                  -          
[27.316s][info][gc,heap     ] GC(86)   Garbage:         -               638M (31%)         110M (5%)           14M (1%)             -                  -          
[27.316s][info][gc,heap     ] GC(86) Reclaimed:         -                  -               528M (26%)         623M (30%)            -                  -          
[27.316s][info][gc          ] GC(86) Garbage Collection (Allocation Rate) 688M(34%)->176M(9%)
[27.354s][info][gc,start    ] GC(87) Garbage Collection (Allocation Rate)
[27.354s][info][gc,task     ] GC(87) Using 6 workers
[27.354s][info][gc,phases   ] GC(87) Pause Mark Start 0.010ms
[27.373s][info][gc,phases   ] GC(87) Concurrent Mark 18.747ms
[27.373s][info][gc,phases   ] GC(87) Pause Mark End 0.024ms
[27.373s][info][gc,phases   ] GC(87) Concurrent Mark Free 0.001ms
[27.376s][info][gc,phases   ] GC(87) Concurrent Process Non-Strong References 3.097ms
[27.377s][info][gc,phases   ] GC(87) Concurrent Reset Relocation Set 0.006ms
[27.379s][info][gc,phases   ] GC(87) Concurrent Select Relocation Set 2.333ms
[27.379s][info][gc,phases   ] GC(87) Pause Relocate Start 0.007ms
[27.380s][info][gc,phases   ] GC(87) Concurrent Relocate 1.211ms
[27.380s][info][gc,load     ] GC(87) Load: 0.00/0.00/0.00
[27.380s][info][gc,mmu      ] GC(87) MMU: 2ms/98.2%, 5ms/99.3%, 10ms/99.6%, 20ms/99.8%, 50ms/99.9%, 100ms/99.9%
[27.380s][info][gc,marking  ] GC(87) Mark: 4 stripe(s), 2 proactive flush(es), 1 terminate flush(es), 0 completion(s), 0 continuation(s) 
[27.380s][info][gc,marking  ] GC(87) Mark Stack Usage: 32M
[27.380s][info][gc,nmethod  ] GC(87) NMethods: 8489 registered, 2907 unregistered
[27.380s][info][gc,metaspace] GC(87) Metaspace: 70M used, 70M committed, 1088M reserved
[27.380s][info][gc,ref      ] GC(87) Soft: 3829 encountered, 0 discovered, 0 enqueued
[27.380s][info][gc,ref      ] GC(87) Weak: 9528 encountered, 451 discovered, 7 enqueued
[27.380s][info][gc,ref      ] GC(87) Final: 289 encountered, 13 discovered, 0 enqueued
[27.380s][info][gc,ref      ] GC(87) Phantom: 425 encountered, 301 discovered, 0 enqueued
[27.380s][info][gc,reloc    ] GC(87) Small Pages: 123 / 246M, Empty: 122M, Relocated: 1M, In-Place: 0
[27.380s][info][gc,reloc    ] GC(87) Medium Pages: 0 / 0M, Empty: 0M, Relocated: 0M, In-Place: 0
[27.380s][info][gc,reloc    ] GC(87) Large Pages: 0 / 0M, Empty: 0M, Relocated: 0M, In-Place: 0
[27.380s][info][gc,reloc    ] GC(87) Forwarding Usage: 0M
[27.380s][info][gc,heap     ] GC(87) Min Capacity: 8M(0%)
[27.380s][info][gc,heap     ] GC(87) Max Capacity: 2048M(100%)
[27.380s][info][gc,heap     ] GC(87) Soft Max Capacity: 2048M(100%)
[27.380s][info][gc,heap     ] GC(87)                Mark Start          Mark End        Relocate Start      Relocate End           High               Low         
[27.380s][info][gc,heap     ] GC(87)  Capacity:     2048M (100%)       2048M (100%)       2048M (100%)       2048M (100%)       2048M (100%)       2048M (100%)   
[27.381s][info][gc,heap     ] GC(87)      Free:     1802M (88%)        1772M (87%)        1884M (92%)        1936M (95%)        1936M (95%)        1762M (86%)    
[27.381s][info][gc,heap     ] GC(87)      Used:      246M (12%)         276M (13%)         164M (8%)          112M (5%)          286M (14%)         112M (5%)     
[27.381s][info][gc,heap     ] GC(87)      Live:         -                49M (2%)           49M (2%)           49M (2%)             -                  -          
[27.381s][info][gc,heap     ] GC(87) Allocated:         -                30M (1%)           40M (2%)           39M (2%)             -                  -          
[27.381s][info][gc,heap     ] GC(87)   Garbage:         -               196M (10%)          74M (4%)           22M (1%)             -                  -          
[27.381s][info][gc,heap     ] GC(87) Reclaimed:         -                  -               122M (6%)          173M (8%)             -                  -          
[27.381s][info][gc          ] GC(87) Garbage Collection (Allocation Rate) 246M(12%)->112M(5%)
[28.255s][info][gc,start    ] GC(88) Garbage Collection (Allocation Rate)
[28.255s][info][gc,task     ] GC(88) Using 6 workers
[28.255s][info][gc,phases   ] GC(88) Pause Mark Start 0.011ms
[28.275s][info][gc,phases   ] GC(88) Concurrent Mark 19.729ms
[28.275s][info][gc,phases   ] GC(88) Pause Mark End 0.021ms
[28.275s][info][gc,phases   ] GC(88) Concurrent Mark Free 0.001ms
[28.278s][info][gc,phases   ] GC(88) Concurrent Process Non-Strong References 3.239ms
[28.278s][info][gc,phases   ] GC(88) Concurrent Reset Relocation Set 0.004ms
[28.281s][info][gc,phases   ] GC(88) Concurrent Select Relocation Set 3.059ms
[28.281s][info][gc,phases   ] GC(88) Pause Relocate Start 0.007ms
[28.283s][info][gc,phases   ] GC(88) Concurrent Relocate 1.158ms
[28.283s][info][gc,load     ] GC(88) Load: 0.00/0.00/0.00
[28.283s][info][gc,mmu      ] GC(88) MMU: 2ms/98.2%, 5ms/99.3%, 10ms/99.6%, 20ms/99.8%, 50ms/99.9%, 100ms/99.9%
[28.283s][info][gc,marking  ] GC(88) Mark: 4 stripe(s), 2 proactive flush(es), 1 terminate flush(es), 0 completion(s), 0 continuation(s) 
[28.283s][info][gc,marking  ] GC(88) Mark Stack Usage: 32M
[28.283s][info][gc,nmethod  ] GC(88) NMethods: 8489 registered, 2908 unregistered
[28.283s][info][gc,metaspace] GC(88) Metaspace: 70M used, 70M committed, 1088M reserved
[28.283s][info][gc,ref      ] GC(88) Soft: 3829 encountered, 0 discovered, 0 enqueued
[28.283s][info][gc,ref      ] GC(88) Weak: 9521 encountered, 371 discovered, 0 enqueued
[28.283s][info][gc,ref      ] GC(88) Final: 289 encountered, 13 discovered, 0 enqueued
[28.283s][info][gc,ref      ] GC(88) Phantom: 425 encountered, 230 discovered, 0 enqueued
[28.283s][info][gc,reloc    ] GC(88) Small Pages: 711 / 1422M, Empty: 1296M, Relocated: 1M, In-Place: 0
[28.283s][info][gc,reloc    ] GC(88) Medium Pages: 0 / 0M, Empty: 0M, Relocated: 0M, In-Place: 0
[28.283s][info][gc,reloc    ] GC(88) Large Pages: 0 / 0M, Empty: 0M, Relocated: 0M, In-Place: 0
[28.283s][info][gc,reloc    ] GC(88) Forwarding Usage: 0M
[28.283s][info][gc,heap     ] GC(88) Min Capacity: 8M(0%)
[28.283s][info][gc,heap     ] GC(88) Max Capacity: 2048M(100%)
[28.283s][info][gc,heap     ] GC(88) Soft Max Capacity: 2048M(100%)
[28.283s][info][gc,heap     ] GC(88)                Mark Start          Mark End        Relocate Start      Relocate End           High               Low         
[28.283s][info][gc,heap     ] GC(88)  Capacity:     2048M (100%)       2048M (100%)       2048M (100%)       2048M (100%)       2048M (100%)       2048M (100%)   
[28.283s][info][gc,heap     ] GC(88)      Free:      626M (31%)         596M (29%)        1882M (92%)        1936M (95%)        1936M (95%)         592M (29%)    
[28.283s][info][gc,heap     ] GC(88)      Used:     1422M (69%)        1452M (71%)         166M (8%)          112M (5%)         1456M (71%)         112M (5%)     
[28.283s][info][gc,heap     ] GC(88)      Live:         -                49M (2%)           49M (2%)           49M (2%)             -                  -          
[28.283s][info][gc,heap     ] GC(88) Allocated:         -                30M (1%)           40M (2%)           39M (2%)             -                  -          
[28.283s][info][gc,heap     ] GC(88)   Garbage:         -              1372M (67%)          76M (4%)           22M (1%)             -                  -          
[28.283s][info][gc,heap     ] GC(88) Reclaimed:         -                  -              1296M (63%)        1349M (66%)            -                  -          
[28.283s][info][gc          ] GC(88) Garbage Collection (Allocation Rate) 1422M(69%)->112M(5%)
[28.819s][info][gc,start    ] GC(89) Garbage Collection (System.gc())
[28.819s][info][gc,task     ] GC(89) Using 12 workers
[28.819s][info][gc,phases   ] GC(89) Pause Mark Start 0.021ms
[28.844s][info][gc,phases   ] GC(89) Concurrent Mark 24.619ms
[28.844s][info][gc,phases   ] GC(89) Pause Mark End 0.022ms
[28.844s][info][gc,phases   ] GC(89) Concurrent Mark Free 0.001ms
[28.846s][info][gc,phases   ] GC(89) Concurrent Process Non-Strong References 1.982ms
[28.846s][info][gc,phases   ] GC(89) Concurrent Reset Relocation Set 0.005ms
[28.849s][info][gc,phases   ] GC(89) Concurrent Select Relocation Set 3.160ms
[28.849s][info][gc,phases   ] GC(89) Pause Relocate Start 0.006ms
[28.851s][info][gc,phases   ] GC(89) Concurrent Relocate 1.157ms
[28.851s][info][gc,load     ] GC(89) Load: 0.00/0.00/0.00
[28.851s][info][gc,mmu      ] GC(89) MMU: 2ms/98.2%, 5ms/99.3%, 10ms/99.6%, 20ms/99.8%, 50ms/99.9%, 100ms/99.9%
[28.851s][info][gc,marking  ] GC(89) Mark: 8 stripe(s), 2 proactive flush(es), 1 terminate flush(es), 0 completion(s), 0 continuation(s) 
[28.851s][info][gc,marking  ] GC(89) Mark Stack Usage: 32M
[28.851s][info][gc,nmethod  ] GC(89) NMethods: 8639 registered, 5 unregistered
[28.851s][info][gc,metaspace] GC(89) Metaspace: 70M used, 70M committed, 1088M reserved
[28.851s][info][gc,ref      ] GC(89) Soft: 3829 encountered, 0 discovered, 0 enqueued
[28.851s][info][gc,ref      ] GC(89) Weak: 9593 encountered, 1386 discovered, 43 enqueued
[28.851s][info][gc,ref      ] GC(89) Final: 289 encountered, 23 discovered, 0 enqueued
[28.851s][info][gc,ref      ] GC(89) Phantom: 425 encountered, 311 discovered, 0 enqueued
[28.851s][info][gc,reloc    ] GC(89) Small Pages: 376 / 752M, Empty: 582M, Relocated: 3M, In-Place: 0
[28.851s][info][gc,reloc    ] GC(89) Medium Pages: 0 / 0M, Empty: 0M, Relocated: 0M, In-Place: 0
[28.851s][info][gc,reloc    ] GC(89) Large Pages: 0 / 0M, Empty: 0M, Relocated: 0M, In-Place: 0
[28.851s][info][gc,reloc    ] GC(89) Forwarding Usage: 1M
[28.851s][info][gc,heap     ] GC(89) Min Capacity: 8M(0%)
[28.851s][info][gc,heap     ] GC(89) Max Capacity: 2048M(100%)
[28.851s][info][gc,heap     ] GC(89) Soft Max Capacity: 2048M(100%)
[28.851s][info][gc,heap     ] GC(89)                Mark Start          Mark End        Relocate Start      Relocate End           High               Low         
[28.851s][info][gc,heap     ] GC(89)  Capacity:     2048M (100%)       2048M (100%)       2048M (100%)       2048M (100%)       2048M (100%)       2048M (100%)   
[28.851s][info][gc,heap     ] GC(89)      Free:     1296M (63%)        1280M (63%)        1862M (91%)        1950M (95%)        1950M (95%)        1280M (63%)    
[28.851s][info][gc,heap     ] GC(89)      Used:      752M (37%)         768M (38%)         186M (9%)           98M (5%)          768M (38%)          98M (5%)     
[28.851s][info][gc,heap     ] GC(89)      Live:         -                49M (2%)           49M (2%)           49M (2%)             -                  -          
[28.851s][info][gc,heap     ] GC(89) Allocated:         -                16M (1%)           16M (1%)           16M (1%)             -                  -          
[28.851s][info][gc,heap     ] GC(89)   Garbage:         -               702M (34%)         120M (6%)           32M (2%)             -                  -          
[28.851s][info][gc,heap     ] GC(89) Reclaimed:         -                  -               582M (28%)         670M (33%)            -                  -          
[28.851s][info][gc          ] GC(89) Garbage Collection (System.gc()) 752M(37%)->98M(5%)
[29.254s][info][gc,start    ] GC(90) Garbage Collection (Allocation Rate)
[29.254s][info][gc,task     ] GC(90) Using 12 workers
[29.255s][info][gc,phases   ] GC(90) Pause Mark Start 0.009ms
[29.301s][info][gc,phases   ] GC(90) Concurrent Mark 45.497ms
[29.301s][info][gc,phases   ] GC(90) Pause Mark End 0.027ms
[29.302s][info][gc,phases   ] GC(90) Concurrent Mark Free 0.001ms
[29.305s][info][gc,phases   ] GC(90) Concurrent Process Non-Strong References 3.134ms
[29.305s][info][gc,phases   ] GC(90) Concurrent Reset Relocation Set 0.010ms
[29.315s][info][gc,phases   ] GC(90) Concurrent Select Relocation Set 10.040ms
[29.315s][info][gc,phases   ] GC(90) Pause Relocate Start 0.009ms
[29.320s][info][gc,phases   ] GC(90) Concurrent Relocate 3.921ms
[29.320s][info][gc,load     ] GC(90) Load: 0.00/0.00/0.00
[29.320s][info][gc,mmu      ] GC(90) MMU: 2ms/98.2%, 5ms/99.3%, 10ms/99.6%, 20ms/99.8%, 50ms/99.9%, 100ms/99.9%
[29.320s][info][gc,marking  ] GC(90) Mark: 8 stripe(s), 5 proactive flush(es), 1 terminate flush(es), 0 completion(s), 0 continuation(s) 
[29.320s][info][gc,marking  ] GC(90) Mark Stack Usage: 32M
[29.320s][info][gc,nmethod  ] GC(90) NMethods: 8876 registered, 64 unregistered
[29.320s][info][gc,metaspace] GC(90) Metaspace: 70M used, 70M committed, 1088M reserved
[29.320s][info][gc,ref      ] GC(90) Soft: 3829 encountered, 0 discovered, 0 enqueued
[29.320s][info][gc,ref      ] GC(90) Weak: 10993 encountered, 1470 discovered, 1 enqueued
[29.320s][info][gc,ref      ] GC(90) Final: 289 encountered, 21 discovered, 0 enqueued
[29.320s][info][gc,ref      ] GC(90) Phantom: 434 encountered, 320 discovered, 9 enqueued
[29.320s][info][gc,reloc    ] GC(90) Small Pages: 851 / 1702M, Empty: 1090M, Relocated: 10M, In-Place: 0
[29.320s][info][gc,reloc    ] GC(90) Medium Pages: 0 / 0M, Empty: 0M, Relocated: 0M, In-Place: 0
[29.320s][info][gc,reloc    ] GC(90) Large Pages: 0 / 0M, Empty: 0M, Relocated: 0M, In-Place: 0
[29.320s][info][gc,reloc    ] GC(90) Forwarding Usage: 3M
[29.320s][info][gc,heap     ] GC(90) Min Capacity: 8M(0%)
[29.320s][info][gc,heap     ] GC(90) Max Capacity: 2048M(100%)
[29.320s][info][gc,heap     ] GC(90) Soft Max Capacity: 2048M(100%)
[29.320s][info][gc,heap     ] GC(90)                Mark Start          Mark End        Relocate Start      Relocate End           High               Low         
[29.320s][info][gc,heap     ] GC(90)  Capacity:     2048M (100%)       2048M (100%)       2048M (100%)       2048M (100%)       2048M (100%)       2048M (100%)   
[29.320s][info][gc,heap     ] GC(90)      Free:      346M (17%)         268M (13%)        1316M (64%)        1846M (90%)        1846M (90%)         260M (13%)    
[29.320s][info][gc,heap     ] GC(90)      Used:     1702M (83%)        1780M (87%)         732M (36%)         202M (10%)        1788M (87%)         202M (10%)    
[29.320s][info][gc,heap     ] GC(90)      Live:         -                53M (3%)           53M (3%)           53M (3%)             -                  -          
[29.320s][info][gc,heap     ] GC(90) Allocated:         -                78M (4%)          120M (6%)          122M (6%)             -                  -          
[29.320s][info][gc,heap     ] GC(90)   Garbage:         -              1648M (80%)         558M (27%)          25M (1%)             -                  -          
[29.320s][info][gc,heap     ] GC(90) Reclaimed:         -                  -              1090M (53%)        1622M (79%)            -                  -          
[29.320s][info][gc          ] GC(90) Garbage Collection (Allocation Rate) 1702M(83%)->202M(10%)
[29.455s][info][gc,start    ] GC(91) Garbage Collection (Allocation Rate)
[29.455s][info][gc,task     ] GC(91) Using 12 workers
[29.455s][info][gc,phases   ] GC(91) Pause Mark Start 0.009ms
[29.480s][info][gc,phases   ] GC(91) Concurrent Mark 24.230ms
[29.480s][info][gc,phases   ] GC(91) Pause Mark End 0.025ms
[29.481s][info][gc,phases   ] GC(91) Concurrent Mark Free 0.001ms
[29.484s][info][gc,phases   ] GC(91) Concurrent Process Non-Strong References 2.986ms
[29.484s][info][gc,phases   ] GC(91) Concurrent Reset Relocation Set 0.062ms
[29.489s][info][gc,phases   ] GC(91) Concurrent Select Relocation Set 5.065ms
[29.489s][info][gc,phases   ] GC(91) Pause Relocate Start 0.010ms
[29.493s][info][gc,phases   ] GC(91) Concurrent Relocate 3.607ms
[29.493s][info][gc,load     ] GC(91) Load: 0.00/0.00/0.00
[29.493s][info][gc,mmu      ] GC(91) MMU: 2ms/98.2%, 5ms/99.3%, 10ms/99.6%, 20ms/99.8%, 50ms/99.9%, 100ms/99.9%
[29.493s][info][gc,marking  ] GC(91) Mark: 8 stripe(s), 4 proactive flush(es), 1 terminate flush(es), 0 completion(s), 0 continuation(s) 
[29.493s][info][gc,marking  ] GC(91) Mark Stack Usage: 32M
[29.493s][info][gc,nmethod  ] GC(91) NMethods: 8876 registered, 64 unregistered
[29.493s][info][gc,metaspace] GC(91) Metaspace: 70M used, 70M committed, 1088M reserved
[29.493s][info][gc,ref      ] GC(91) Soft: 3829 encountered, 0 discovered, 0 enqueued
[29.493s][info][gc,ref      ] GC(91) Weak: 10992 encountered, 2261 discovered, 0 enqueued
[29.493s][info][gc,ref      ] GC(91) Final: 289 encountered, 23 discovered, 0 enqueued
[29.493s][info][gc,ref      ] GC(91) Phantom: 425 encountered, 273 discovered, 0 enqueued
[29.494s][info][gc,reloc    ] GC(91) Small Pages: 437 / 874M, Empty: 538M, Relocated: 8M, In-Place: 0
[29.494s][info][gc,reloc    ] GC(91) Medium Pages: 0 / 0M, Empty: 0M, Relocated: 0M, In-Place: 0
[29.494s][info][gc,reloc    ] GC(91) Large Pages: 0 / 0M, Empty: 0M, Relocated: 0M, In-Place: 0
[29.494s][info][gc,reloc    ] GC(91) Forwarding Usage: 3M
[29.494s][info][gc,heap     ] GC(91) Min Capacity: 8M(0%)
[29.494s][info][gc,heap     ] GC(91) Max Capacity: 2048M(100%)
[29.494s][info][gc,heap     ] GC(91) Soft Max Capacity: 2048M(100%)
[29.494s][info][gc,heap     ] GC(91)                Mark Start          Mark End        Relocate Start      Relocate End           High               Low         
[29.494s][info][gc,heap     ] GC(91)  Capacity:     2048M (100%)       2048M (100%)       2048M (100%)       2048M (100%)       2048M (100%)       2048M (100%)   
[29.494s][info][gc,heap     ] GC(91)      Free:     1174M (57%)        1058M (52%)        1558M (76%)        1806M (88%)        1806M (88%)        1038M (51%)    
[29.494s][info][gc,heap     ] GC(91)      Used:      874M (43%)         990M (48%)         490M (24%)         242M (12%)        1010M (49%)         242M (12%)    
[29.494s][info][gc,heap     ] GC(91)      Live:         -                53M (3%)           53M (3%)           53M (3%)             -                  -          
[29.494s][info][gc,heap     ] GC(91) Allocated:         -               116M (6%)          154M (8%)          161M (8%)             -                  -          
[29.494s][info][gc,heap     ] GC(91)   Garbage:         -               820M (40%)         282M (14%)          27M (1%)             -                  -          
[29.494s][info][gc,heap     ] GC(91) Reclaimed:         -                  -               538M (26%)         793M (39%)            -                  -          
[29.494s][info][gc          ] GC(91) Garbage Collection (Allocation Rate) 874M(43%)->242M(12%)
[29.555s][info][gc,start    ] GC(92) Garbage Collection (Allocation Rate)
[29.555s][info][gc,task     ] GC(92) Using 12 workers
[29.555s][info][gc,phases   ] GC(92) Pause Mark Start 0.010ms
[29.581s][info][gc,phases   ] GC(92) Concurrent Mark 25.044ms
[29.581s][info][gc,phases   ] GC(92) Pause Mark End 0.026ms
[29.582s][info][gc,phases   ] GC(92) Concurrent Mark Free 0.002ms
[29.585s][info][gc,phases   ] GC(92) Concurrent Process Non-Strong References 2.943ms
[29.585s][info][gc,phases   ] GC(92) Concurrent Reset Relocation Set 0.034ms
[29.589s][info][gc,phases   ] GC(92) Concurrent Select Relocation Set 4.424ms
[29.590s][info][gc,phases   ] GC(92) Pause Relocate Start 0.009ms
[29.594s][info][gc,phases   ] GC(92) Concurrent Relocate 3.522ms
[29.594s][info][gc,load     ] GC(92) Load: 0.00/0.00/0.00
[29.594s][info][gc,mmu      ] GC(92) MMU: 2ms/98.2%, 5ms/99.3%, 10ms/99.6%, 20ms/99.8%, 50ms/99.9%, 100ms/99.9%
[29.594s][info][gc,marking  ] GC(92) Mark: 8 stripe(s), 8 proactive flush(es), 1 terminate flush(es), 0 completion(s), 0 continuation(s) 
[29.594s][info][gc,marking  ] GC(92) Mark Stack Usage: 32M
[29.594s][info][gc,nmethod  ] GC(92) NMethods: 8876 registered, 64 unregistered
[29.594s][info][gc,metaspace] GC(92) Metaspace: 70M used, 70M committed, 1088M reserved
[29.594s][info][gc,ref      ] GC(92) Soft: 3829 encountered, 0 discovered, 0 enqueued
[29.594s][info][gc,ref      ] GC(92) Weak: 10992 encountered, 1358 discovered, 0 enqueued
[29.594s][info][gc,ref      ] GC(92) Final: 289 encountered, 7 discovered, 0 enqueued
[29.594s][info][gc,ref      ] GC(92) Phantom: 425 encountered, 228 discovered, 0 enqueued
[29.594s][info][gc,reloc    ] GC(92) Small Pages: 271 / 542M, Empty: 224M, Relocated: 8M, In-Place: 0
[29.594s][info][gc,reloc    ] GC(92) Medium Pages: 0 / 0M, Empty: 0M, Relocated: 0M, In-Place: 0
[29.594s][info][gc,reloc    ] GC(92) Large Pages: 0 / 0M, Empty: 0M, Relocated: 0M, In-Place: 0
[29.594s][info][gc,reloc    ] GC(92) Forwarding Usage: 3M
[29.594s][info][gc,heap     ] GC(92) Min Capacity: 8M(0%)
[29.594s][info][gc,heap     ] GC(92) Max Capacity: 2048M(100%)
[29.594s][info][gc,heap     ] GC(92) Soft Max Capacity: 2048M(100%)
[29.594s][info][gc,heap     ] GC(92)                Mark Start          Mark End        Relocate Start      Relocate End           High               Low         
[29.594s][info][gc,heap     ] GC(92)  Capacity:     2048M (100%)       2048M (100%)       2048M (100%)       2048M (100%)       2048M (100%)       2048M (100%)   
[29.594s][info][gc,heap     ] GC(92)      Free:     1506M (74%)        1404M (69%)        1596M (78%)        1826M (89%)        1826M (89%)        1390M (68%)    
[29.594s][info][gc,heap     ] GC(92)      Used:      542M (26%)         644M (31%)         452M (22%)         222M (11%)         658M (32%)         222M (11%)    
[29.594s][info][gc,heap     ] GC(92)      Live:         -                53M (3%)           53M (3%)           53M (3%)             -                  -          
[29.594s][info][gc,heap     ] GC(92) Allocated:         -               102M (5%)          134M (7%)          141M (7%)             -                  -          
[29.594s][info][gc,heap     ] GC(92)   Garbage:         -               488M (24%)         264M (13%)          27M (1%)             -                  -          
[29.595s][info][gc,heap     ] GC(92) Reclaimed:         -                  -               224M (11%)         461M (23%)            -                  -          
[29.595s][info][gc          ] GC(92) Garbage Collection (Allocation Rate) 542M(26%)->222M(11%)
[29.655s][info][gc,start    ] GC(93) Garbage Collection (Allocation Rate)
[29.655s][info][gc,task     ] GC(93) Using 12 workers
[29.655s][info][gc,phases   ] GC(93) Pause Mark Start 0.009ms
[29.683s][info][gc,phases   ] GC(93) Concurrent Mark 27.087ms
[29.683s][info][gc,phases   ] GC(93) Pause Mark End 0.027ms
[29.684s][info][gc,phases   ] GC(93) Concurrent Mark Free 0.002ms
[29.687s][info][gc,phases   ] GC(93) Concurrent Process Non-Strong References 3.074ms
[29.687s][info][gc,phases   ] GC(93) Concurrent Reset Relocation Set 0.039ms
[29.692s][info][gc,phases   ] GC(93) Concurrent Select Relocation Set 4.712ms
[29.692s][info][gc,phases   ] GC(93) Pause Relocate Start 0.009ms
[29.697s][info][gc,phases   ] GC(93) Concurrent Relocate 4.394ms
[29.697s][info][gc,load     ] GC(93) Load: 0.00/0.00/0.00
[29.697s][info][gc,mmu      ] GC(93) MMU: 2ms/98.2%, 5ms/99.3%, 10ms/99.6%, 20ms/99.8%, 50ms/99.9%, 100ms/99.9%
[29.697s][info][gc,marking  ] GC(93) Mark: 8 stripe(s), 4 proactive flush(es), 1 terminate flush(es), 0 completion(s), 0 continuation(s) 
[29.697s][info][gc,marking  ] GC(93) Mark Stack Usage: 32M
[29.697s][info][gc,nmethod  ] GC(93) NMethods: 8878 registered, 64 unregistered
[29.697s][info][gc,metaspace] GC(93) Metaspace: 70M used, 70M committed, 1088M reserved
[29.697s][info][gc,ref      ] GC(93) Soft: 3829 encountered, 0 discovered, 0 enqueued
[29.697s][info][gc,ref      ] GC(93) Weak: 10992 encountered, 1101 discovered, 0 enqueued
[29.697s][info][gc,ref      ] GC(93) Final: 289 encountered, 39 discovered, 0 enqueued
[29.697s][info][gc,ref      ] GC(93) Phantom: 425 encountered, 259 discovered, 0 enqueued
[29.697s][info][gc,reloc    ] GC(93) Small Pages: 260 / 520M, Empty: 178M, Relocated: 8M, In-Place: 0
[29.698s][info][gc,reloc    ] GC(93) Medium Pages: 0 / 0M, Empty: 0M, Relocated: 0M, In-Place: 0
[29.698s][info][gc,reloc    ] GC(93) Large Pages: 0 / 0M, Empty: 0M, Relocated: 0M, In-Place: 0
[29.698s][info][gc,reloc    ] GC(93) Forwarding Usage: 3M
[29.698s][info][gc,heap     ] GC(93) Min Capacity: 8M(0%)
[29.698s][info][gc,heap     ] GC(93) Max Capacity: 2048M(100%)
[29.698s][info][gc,heap     ] GC(93) Soft Max Capacity: 2048M(100%)
[29.698s][info][gc,heap     ] GC(93)                Mark Start          Mark End        Relocate Start      Relocate End           High               Low         
[29.698s][info][gc,heap     ] GC(93)  Capacity:     2048M (100%)       2048M (100%)       2048M (100%)       2048M (100%)       2048M (100%)       2048M (100%)   
[29.698s][info][gc,heap     ] GC(93)      Free:     1528M (75%)        1418M (69%)        1562M (76%)        1812M (88%)        1814M (89%)        1404M (69%)    
[29.698s][info][gc,heap     ] GC(93)      Used:      520M (25%)         630M (31%)         486M (24%)         236M (12%)         644M (31%)         234M (11%)    
[29.698s][info][gc,heap     ] GC(93)      Live:         -                53M (3%)           53M (3%)           53M (3%)             -                  -          
[29.698s][info][gc,heap     ] GC(93) Allocated:         -               110M (5%)          144M (7%)          155M (8%)             -                  -          
[29.698s][info][gc,heap     ] GC(93)   Garbage:         -               466M (23%)         288M (14%)          27M (1%)             -                  -          
[29.698s][info][gc,heap     ] GC(93) Reclaimed:         -                  -               178M (9%)          439M (21%)            -                  -          
[29.698s][info][gc          ] GC(93) Garbage Collection (Allocation Rate) 520M(25%)->236M(12%)
[29.754s][info][gc,start    ] GC(94) Garbage Collection (Allocation Rate)
[29.754s][info][gc,task     ] GC(94) Using 12 workers
[29.755s][info][gc,phases   ] GC(94) Pause Mark Start 0.010ms
[29.780s][info][gc,phases   ] GC(94) Concurrent Mark 25.305ms
[29.781s][info][gc,phases   ] GC(94) Pause Mark End 0.035ms
[29.782s][info][gc,phases   ] GC(94) Concurrent Mark Free 0.001ms
[29.785s][info][gc,phases   ] GC(94) Concurrent Process Non-Strong References 3.230ms
[29.785s][info][gc,phases   ] GC(94) Concurrent Reset Relocation Set 0.049ms
[29.795s][info][gc,phases   ] GC(94) Concurrent Select Relocation Set 9.220ms
[29.795s][info][gc,phases   ] GC(94) Pause Relocate Start 0.008ms
[29.799s][info][gc,phases   ] GC(94) Concurrent Relocate 4.029ms
[29.800s][info][gc,load     ] GC(94) Load: 0.00/0.00/0.00
[29.800s][info][gc,mmu      ] GC(94) MMU: 2ms/98.2%, 5ms/99.3%, 10ms/99.6%, 20ms/99.8%, 50ms/99.9%, 100ms/99.9%
[29.800s][info][gc,marking  ] GC(94) Mark: 8 stripe(s), 3 proactive flush(es), 1 terminate flush(es), 0 completion(s), 0 continuation(s) 
[29.800s][info][gc,marking  ] GC(94) Mark Stack Usage: 32M
[29.800s][info][gc,nmethod  ] GC(94) NMethods: 8876 registered, 66 unregistered
[29.800s][info][gc,metaspace] GC(94) Metaspace: 70M used, 70M committed, 1088M reserved
[29.800s][info][gc,ref      ] GC(94) Soft: 3829 encountered, 0 discovered, 0 enqueued
[29.800s][info][gc,ref      ] GC(94) Weak: 10992 encountered, 2166 discovered, 0 enqueued
[29.800s][info][gc,ref      ] GC(94) Final: 289 encountered, 6 discovered, 0 enqueued
[29.800s][info][gc,ref      ] GC(94) Phantom: 425 encountered, 286 discovered, 0 enqueued
[29.800s][info][gc,reloc    ] GC(94) Small Pages: 258 / 516M, Empty: 184M, Relocated: 8M, In-Place: 0
[29.800s][info][gc,reloc    ] GC(94) Medium Pages: 0 / 0M, Empty: 0M, Relocated: 0M, In-Place: 0
[29.800s][info][gc,reloc    ] GC(94) Large Pages: 0 / 0M, Empty: 0M, Relocated: 0M, In-Place: 0
[29.800s][info][gc,reloc    ] GC(94) Forwarding Usage: 3M
[29.800s][info][gc,heap     ] GC(94) Min Capacity: 8M(0%)
[29.800s][info][gc,heap     ] GC(94) Max Capacity: 2048M(100%)
[29.800s][info][gc,heap     ] GC(94) Soft Max Capacity: 2048M(100%)
[29.800s][info][gc,heap     ] GC(94)                Mark Start          Mark End        Relocate Start      Relocate End           High               Low         
[29.800s][info][gc,heap     ] GC(94)  Capacity:     2048M (100%)       2048M (100%)       2048M (100%)       2048M (100%)       2048M (100%)       2048M (100%)   
[29.800s][info][gc,heap     ] GC(94)      Free:     1532M (75%)        1416M (69%)        1538M (75%)        1782M (87%)        1782M (87%)        1396M (68%)    
[29.800s][info][gc,heap     ] GC(94)      Used:      516M (25%)         632M (31%)         510M (25%)         266M (13%)         652M (32%)         266M (13%)    
[29.800s][info][gc,heap     ] GC(94)      Live:         -                53M (3%)           53M (3%)           53M (3%)             -                  -          
[29.800s][info][gc,heap     ] GC(94) Allocated:         -               116M (6%)          178M (9%)          185M (9%)             -                  -          
[29.800s][info][gc,heap     ] GC(94)   Garbage:         -               462M (23%)         278M (14%)          27M (1%)             -                  -          
[29.800s][info][gc,heap     ] GC(94) Reclaimed:         -                  -               184M (9%)          435M (21%)            -                  -          
[29.800s][info][gc          ] GC(94) Garbage Collection (Allocation Rate) 516M(25%)->266M(13%)
[29.854s][info][gc,start    ] GC(95) Garbage Collection (Allocation Rate)
[29.854s][info][gc,task     ] GC(95) Using 12 workers
[29.855s][info][gc,phases   ] GC(95) Pause Mark Start 0.011ms
[29.883s][info][gc,phases   ] GC(95) Concurrent Mark 28.091ms
[29.883s][info][gc,phases   ] GC(95) Pause Mark End 0.025ms
[29.884s][info][gc,phases   ] GC(95) Concurrent Mark Free 0.001ms
[29.887s][info][gc,phases   ] GC(95) Concurrent Process Non-Strong References 3.023ms
[29.887s][info][gc,phases   ] GC(95) Concurrent Reset Relocation Set 0.051ms
[29.893s][info][gc,phases   ] GC(95) Concurrent Select Relocation Set 6.307ms
[29.893s][info][gc,phases   ] GC(95) Pause Relocate Start 0.008ms
[29.898s][info][gc,phases   ] GC(95) Concurrent Relocate 4.086ms
[29.898s][info][gc,load     ] GC(95) Load: 0.00/0.00/0.00
[29.898s][info][gc,mmu      ] GC(95) MMU: 2ms/98.2%, 5ms/99.3%, 10ms/99.6%, 20ms/99.8%, 50ms/99.9%, 100ms/99.9%
[29.898s][info][gc,marking  ] GC(95) Mark: 8 stripe(s), 3 proactive flush(es), 1 terminate flush(es), 0 completion(s), 0 continuation(s) 
[29.898s][info][gc,marking  ] GC(95) Mark Stack Usage: 32M
[29.898s][info][gc,nmethod  ] GC(95) NMethods: 8876 registered, 66 unregistered
[29.898s][info][gc,metaspace] GC(95) Metaspace: 70M used, 70M committed, 1088M reserved
[29.898s][info][gc,ref      ] GC(95) Soft: 3829 encountered, 0 discovered, 0 enqueued
[29.898s][info][gc,ref      ] GC(95) Weak: 10992 encountered, 1923 discovered, 0 enqueued
[29.898s][info][gc,ref      ] GC(95) Final: 289 encountered, 8 discovered, 0 enqueued
[29.898s][info][gc,ref      ] GC(95) Phantom: 425 encountered, 300 discovered, 0 enqueued
[29.898s][info][gc,reloc    ] GC(95) Small Pages: 262 / 524M, Empty: 164M, Relocated: 8M, In-Place: 0
[29.898s][info][gc,reloc    ] GC(95) Medium Pages: 0 / 0M, Empty: 0M, Relocated: 0M, In-Place: 0
[29.898s][info][gc,reloc    ] GC(95) Large Pages: 0 / 0M, Empty: 0M, Relocated: 0M, In-Place: 0
[29.898s][info][gc,reloc    ] GC(95) Forwarding Usage: 3M
[29.898s][info][gc,heap     ] GC(95) Min Capacity: 8M(0%)
[29.898s][info][gc,heap     ] GC(95) Max Capacity: 2048M(100%)
[29.898s][info][gc,heap     ] GC(95) Soft Max Capacity: 2048M(100%)
[29.898s][info][gc,heap     ] GC(95)                Mark Start          Mark End        Relocate Start      Relocate End           High               Low         
[29.898s][info][gc,heap     ] GC(95)  Capacity:     2048M (100%)       2048M (100%)       2048M (100%)       2048M (100%)       2048M (100%)       2048M (100%)   
[29.898s][info][gc,heap     ] GC(95)      Free:     1524M (74%)        1404M (69%)        1532M (75%)        1802M (88%)        1804M (88%)        1392M (68%)    
[29.898s][info][gc,heap     ] GC(95)      Used:      524M (26%)         644M (31%)         516M (25%)         246M (12%)         656M (32%)         244M (12%)    
[29.898s][info][gc,heap     ] GC(95)      Live:         -                53M (3%)           53M (3%)           53M (3%)             -                  -          
[29.898s][info][gc,heap     ] GC(95) Allocated:         -               120M (6%)          156M (8%)          165M (8%)             -                  -          
[29.898s][info][gc,heap     ] GC(95)   Garbage:         -               470M (23%)         306M (15%)          26M (1%)             -                  -          
[29.898s][info][gc,heap     ] GC(95) Reclaimed:         -                  -               164M (8%)          443M (22%)            -                  -          
[29.898s][info][gc          ] GC(95) Garbage Collection (Allocation Rate) 524M(26%)->246M(12%)
[29.954s][info][gc,start    ] GC(96) Garbage Collection (Allocation Rate)
[29.954s][info][gc,task     ] GC(96) Using 12 workers
[29.954s][info][gc,phases   ] GC(96) Pause Mark Start 0.010ms
[29.980s][info][gc,phases   ] GC(96) Concurrent Mark 25.235ms
[29.980s][info][gc,phases   ] GC(96) Pause Mark End 0.025ms
[29.981s][info][gc,phases   ] GC(96) Concurrent Mark Free 0.001ms
[29.984s][info][gc,phases   ] GC(96) Concurrent Process Non-Strong References 2.956ms
[29.984s][info][gc,phases   ] GC(96) Concurrent Reset Relocation Set 0.046ms
[29.995s][info][gc,phases   ] GC(96) Concurrent Select Relocation Set 10.938ms
[29.995s][info][gc,phases   ] GC(96) Pause Relocate Start 0.009ms
[30.000s][info][gc,phases   ] GC(96) Concurrent Relocate 3.767ms
[30.000s][info][gc,load     ] GC(96) Load: 0.00/0.00/0.00
[30.000s][info][gc,mmu      ] GC(96) MMU: 2ms/98.2%, 5ms/99.3%, 10ms/99.6%, 20ms/99.8%, 50ms/99.9%, 100ms/99.9%
[30.000s][info][gc,marking  ] GC(96) Mark: 8 stripe(s), 2 proactive flush(es), 1 terminate flush(es), 0 completion(s), 0 continuation(s) 
[30.000s][info][gc,marking  ] GC(96) Mark Stack Usage: 32M
[30.000s][info][gc,nmethod  ] GC(96) NMethods: 8879 registered, 66 unregistered
[30.001s][info][gc,metaspace] GC(96) Metaspace: 70M used, 70M committed, 1088M reserved
[30.001s][info][gc,ref      ] GC(96) Soft: 3829 encountered, 0 discovered, 0 enqueued
[30.001s][info][gc,ref      ] GC(96) Weak: 10992 encountered, 1301 discovered, 0 enqueued
[30.001s][info][gc,ref      ] GC(96) Final: 289 encountered, 0 discovered, 0 enqueued
[30.001s][info][gc,ref      ] GC(96) Phantom: 425 encountered, 263 discovered, 0 enqueued
[30.001s][info][gc,reloc    ] GC(96) Small Pages: 257 / 514M, Empty: 170M, Relocated: 8M, In-Place: 0
[30.001s][info][gc,reloc    ] GC(96) Medium Pages: 0 / 0M, Empty: 0M, Relocated: 0M, In-Place: 0
[30.001s][info][gc,reloc    ] GC(96) Large Pages: 0 / 0M, Empty: 0M, Relocated: 0M, In-Place: 0
[30.001s][info][gc,reloc    ] GC(96) Forwarding Usage: 3M
[30.001s][info][gc,heap     ] GC(96) Min Capacity: 8M(0%)
[30.001s][info][gc,heap     ] GC(96) Max Capacity: 2048M(100%)
[30.001s][info][gc,heap     ] GC(96) Soft Max Capacity: 2048M(100%)
[30.001s][info][gc,heap     ] GC(96)                Mark Start          Mark End        Relocate Start      Relocate End           High               Low         
[30.001s][info][gc,heap     ] GC(96)  Capacity:     2048M (100%)       2048M (100%)       2048M (100%)       2048M (100%)       2048M (100%)       2048M (100%)   
[30.001s][info][gc,heap     ] GC(96)      Free:     1534M (75%)        1416M (69%)        1524M (74%)        1780M (87%)        1780M (87%)        1402M (68%)    
[30.001s][info][gc,heap     ] GC(96)      Used:      514M (25%)         632M (31%)         524M (26%)         268M (13%)         646M (32%)         268M (13%)    
[30.001s][info][gc,heap     ] GC(96)      Live:         -                53M (3%)           53M (3%)           53M (3%)             -                  -          
[30.001s][info][gc,heap     ] GC(96) Allocated:         -               118M (6%)          180M (9%)          187M (9%)             -                  -          
[30.001s][info][gc,heap     ] GC(96)   Garbage:         -               460M (22%)         290M (14%)          26M (1%)             -                  -          
[30.001s][info][gc,heap     ] GC(96) Reclaimed:         -                  -               170M (8%)          433M (21%)            -                  -          
[30.001s][info][gc          ] GC(96) Garbage Collection (Allocation Rate) 514M(25%)->268M(13%)
[30.054s][info][gc,start    ] GC(97) Garbage Collection (Allocation Rate)
[30.054s][info][gc,task     ] GC(97) Using 12 workers
[30.054s][info][gc,phases   ] GC(97) Pause Mark Start 0.011ms
[30.077s][info][gc,phases   ] GC(97) Concurrent Mark 21.922ms
[30.077s][info][gc,phases   ] GC(97) Pause Mark End 0.029ms
[30.078s][info][gc,phases   ] GC(97) Concurrent Mark Free 0.001ms
[30.081s][info][gc,phases   ] GC(97) Concurrent Process Non-Strong References 3.075ms
[30.081s][info][gc,phases   ] GC(97) Concurrent Reset Relocation Set 0.040ms
[30.095s][info][gc,phases   ] GC(97) Concurrent Select Relocation Set 13.956ms
[30.095s][info][gc,phases   ] GC(97) Pause Relocate Start 0.008ms
[30.102s][info][gc,phases   ] GC(97) Concurrent Relocate 5.649ms
[30.102s][info][gc,load     ] GC(97) Load: 0.00/0.00/0.00
[30.102s][info][gc,mmu      ] GC(97) MMU: 2ms/98.2%, 5ms/99.3%, 10ms/99.6%, 20ms/99.8%, 50ms/99.9%, 100ms/99.9%
[30.102s][info][gc,marking  ] GC(97) Mark: 8 stripe(s), 3 proactive flush(es), 1 terminate flush(es), 0 completion(s), 0 continuation(s) 
[30.102s][info][gc,marking  ] GC(97) Mark Stack Usage: 32M
[30.102s][info][gc,nmethod  ] GC(97) NMethods: 8891 registered, 74 unregistered
[30.102s][info][gc,metaspace] GC(97) Metaspace: 70M used, 70M committed, 1088M reserved
[30.102s][info][gc,ref      ] GC(97) Soft: 3829 encountered, 0 discovered, 0 enqueued
[30.102s][info][gc,ref      ] GC(97) Weak: 10940 encountered, 1283 discovered, 144 enqueued
[30.102s][info][gc,ref      ] GC(97) Final: 289 encountered, 25 discovered, 0 enqueued
[30.102s][info][gc,ref      ] GC(97) Phantom: 425 encountered, 340 discovered, 0 enqueued
[30.102s][info][gc,reloc    ] GC(97) Small Pages: 268 / 536M, Empty: 226M, Relocated: 10M, In-Place: 0
[30.102s][info][gc,reloc    ] GC(97) Medium Pages: 0 / 0M, Empty: 0M, Relocated: 0M, In-Place: 0
[30.102s][info][gc,reloc    ] GC(97) Large Pages: 0 / 0M, Empty: 0M, Relocated: 0M, In-Place: 0
[30.102s][info][gc,reloc    ] GC(97) Forwarding Usage: 3M
[30.102s][info][gc,heap     ] GC(97) Min Capacity: 8M(0%)
[30.102s][info][gc,heap     ] GC(97) Max Capacity: 2048M(100%)
[30.102s][info][gc,heap     ] GC(97) Soft Max Capacity: 2048M(100%)
[30.102s][info][gc,heap     ] GC(97)                Mark Start          Mark End        Relocate Start      Relocate End           High               Low         
[30.102s][info][gc,heap     ] GC(97)  Capacity:     2048M (100%)       2048M (100%)       2048M (100%)       2048M (100%)       2048M (100%)       2048M (100%)   
[30.102s][info][gc,heap     ] GC(97)      Free:     1512M (74%)        1406M (69%)        1560M (76%)        1774M (87%)        1782M (87%)        1390M (68%)    
[30.102s][info][gc,heap     ] GC(97)      Used:      536M (26%)         642M (31%)         488M (24%)         274M (13%)         658M (32%)         266M (13%)    
[30.102s][info][gc,heap     ] GC(97)      Live:         -                51M (3%)           51M (3%)           51M (3%)             -                  -          
[30.102s][info][gc,heap     ] GC(97) Allocated:         -               106M (5%)          178M (9%)          197M (10%)            -                  -          
[30.102s][info][gc,heap     ] GC(97)   Garbage:         -               484M (24%)         258M (13%)          24M (1%)             -                  -          
[30.102s][info][gc,heap     ] GC(97) Reclaimed:         -                  -               226M (11%)         459M (22%)            -                  -          
[30.102s][info][gc          ] GC(97) Garbage Collection (Allocation Rate) 536M(26%)->274M(13%)
[30.154s][info][gc,stats    ] === Garbage Collection Statistics =======================================================================================================================
[30.154s][info][gc,stats    ]                                                              Last 10s              Last 10m              Last 10h                Total
[30.154s][info][gc,stats    ]                                                              Avg / Max             Avg / Max             Avg / Max             Avg / Max
[30.154s][info][gc,stats    ]   Collector: Garbage Collection Cycle                     70.642 / 203.640      81.677 / 318.332      81.677 / 318.332      81.677 / 318.332     ms
[30.154s][info][gc,stats    ]  Contention: Mark Segment Reset Contention                    22 / 78               13 / 78               13 / 78               13 / 78          ops/s
[30.154s][info][gc,stats    ]  Contention: Mark SeqNum Reset Contention                      3 / 11                1 / 11                1 / 11                1 / 11          ops/s
[30.154s][info][gc,stats    ]    Critical: Allocation Stall                                  0 / 0                 0 / 0                 0 / 0                 0 / 0           ops/s
[30.154s][info][gc,stats    ]    Critical: Allocation Stall                              0.000 / 0.000         0.000 / 0.000         0.000 / 0.000         0.000 / 0.000       ms
[30.154s][info][gc,stats    ]    Critical: GC Locker Stall                                   0 / 0                 0 / 0                 0 / 0                 0 / 0           ops/s
[30.154s][info][gc,stats    ]    Critical: GC Locker Stall                               0.000 / 0.000         0.000 / 0.000         0.000 / 0.000         0.000 / 0.000       ms
[30.154s][info][gc,stats    ]    Critical: Relocation Stall                                  0 / 0                 0 / 0                 0 / 0                 0 / 0           ops/s
[30.154s][info][gc,stats    ]    Critical: Relocation Stall                              0.000 / 0.000         0.000 / 0.000         0.000 / 0.000         0.000 / 0.000       ms
[30.154s][info][gc,stats    ]      Memory: Allocation Rate                                4603 / 5800           2846 / 5800           2846 / 5800           2846 / 5800        MB/s
[30.154s][info][gc,stats    ]      Memory: Defragment                                        0 / 0                 0 / 0                 0 / 0                 0 / 0           ops/s
[30.154s][info][gc,stats    ]      Memory: Out Of Memory                                     0 / 0                 0 / 0                 0 / 0                 0 / 0           ops/s
[30.154s][info][gc,stats    ]      Memory: Page Cache Flush                                  0 / 0                 0 / 0                 0 / 0                 0 / 0           MB/s
[30.154s][info][gc,stats    ]      Memory: Page Cache Hit L1                              2317 / 2983           1413 / 2983           1413 / 2983           1413 / 2983        ops/s
[30.154s][info][gc,stats    ]      Memory: Page Cache Hit L2                                 0 / 0                 0 / 0                 0 / 0                 0 / 0           ops/s
[30.154s][info][gc,stats    ]      Memory: Page Cache Hit L3                                19 / 117              29 / 257              29 / 257              29 / 257         ops/s
[30.154s][info][gc,stats    ]      Memory: Page Cache Miss                                   0 / 0                 0 / 1                 0 / 1                 0 / 1           ops/s
[30.154s][info][gc,stats    ]      Memory: Uncommit                                          0 / 0                 0 / 0                 0 / 0                 0 / 0           MB/s
[30.154s][info][gc,stats    ]      Memory: Undo Object Allocation Failed                   675 / 1579            379 / 1579            379 / 1579            379 / 1579        ops/s
[30.154s][info][gc,stats    ]      Memory: Undo Object Allocation Succeeded                 27 / 86               40 / 154              40 / 154              40 / 154         ops/s
[30.154s][info][gc,stats    ]      Memory: Undo Page Allocation                            408 / 589             232 / 589             232 / 589             232 / 589         ops/s
[30.154s][info][gc,stats    ]       Phase: Concurrent Mark                              43.769 / 127.968      51.192 / 127.968      51.192 / 127.968      51.192 / 127.968     ms
[30.154s][info][gc,stats    ]       Phase: Concurrent Mark Continue                      0.000 / 0.000         0.000 / 0.000         0.000 / 0.000         0.000 / 0.000       ms
[30.154s][info][gc,stats    ]       Phase: Concurrent Mark Free                          0.001 / 0.003         0.001 / 0.005         0.001 / 0.005         0.001 / 0.005       ms
[30.154s][info][gc,stats    ]       Phase: Concurrent Process Non-Strong References      8.080 / 46.683        9.771 / 55.543        9.771 / 55.543        9.771 / 55.543      ms
[30.154s][info][gc,stats    ]       Phase: Concurrent Relocate                           6.704 / 12.633        6.370 / 14.214        6.370 / 14.214        6.370 / 14.214      ms
[30.154s][info][gc,stats    ]       Phase: Concurrent Reset Relocation Set               0.037 / 0.062         0.036 / 0.064         0.036 / 0.064         0.036 / 0.064       ms
[30.154s][info][gc,stats    ]       Phase: Concurrent Select Relocation Set              6.744 / 19.328        6.670 / 19.328        6.670 / 19.328        6.670 / 19.328      ms
[30.154s][info][gc,stats    ]       Phase: Pause Mark End                                0.024 / 0.035         0.024 / 0.037         0.024 / 0.037         0.024 / 0.037       ms
[30.155s][info][gc,stats    ]       Phase: Pause Mark Start                              0.011 / 0.021         0.011 / 0.021         0.011 / 0.021         0.011 / 0.021       ms
[30.155s][info][gc,stats    ]       Phase: Pause Relocate Start                          0.008 / 0.010         0.008 / 0.012         0.008 / 0.012         0.008 / 0.012       ms
[30.155s][info][gc,stats    ]    Subphase: Concurrent Classes Purge                      0.088 / 1.481         0.293 / 3.771         0.293 / 3.771         0.293 / 3.771       ms
[30.155s][info][gc,stats    ]    Subphase: Concurrent Classes Unlink                     5.996 / 42.654        7.416 / 53.357        7.416 / 53.357        7.416 / 53.357      ms
[30.155s][info][gc,stats    ]    Subphase: Concurrent Mark                              27.851 / 119.393      33.212 / 119.393      33.212 / 119.393      33.212 / 119.393     ms
[30.155s][info][gc,stats    ]    Subphase: Concurrent Mark Try Flush                     0.979 / 26.382        1.379 / 26.382        1.379 / 26.382        1.379 / 26.382      ms
[30.155s][info][gc,stats    ]    Subphase: Concurrent Mark Try Terminate                 1.611 / 3.034         1.669 / 15.075        1.669 / 15.075        1.669 / 15.075      ms
[30.155s][info][gc,stats    ]    Subphase: Concurrent References Enqueue                 0.002 / 0.007         0.002 / 0.014         0.002 / 0.014         0.002 / 0.014       ms
[30.155s][info][gc,stats    ]    Subphase: Concurrent References Process                 0.202 / 0.504         0.229 / 1.049         0.229 / 1.049         0.229 / 1.049       ms
[30.155s][info][gc,stats    ]    Subphase: Concurrent Roots ClassLoaderDataGraph         0.072 / 0.450         0.086 / 0.889         0.086 / 0.889         0.086 / 0.889       ms
[30.155s][info][gc,stats    ]    Subphase: Concurrent Roots CodeCache                    0.000 / 0.000         0.000 / 0.000         0.000 / 0.000         0.000 / 0.000       ms
[30.155s][info][gc,stats    ]    Subphase: Concurrent Roots JavaThreads                  4.319 / 13.168        6.109 / 39.863        6.109 / 39.863        6.109 / 39.863      ms
[30.155s][info][gc,stats    ]    Subphase: Concurrent Roots OopStorageSet                0.035 / 0.117         0.045 / 0.928         0.045 / 0.928         0.045 / 0.928       ms
[30.155s][info][gc,stats    ]    Subphase: Concurrent Weak Roots OopStorageSet           0.433 / 1.752         0.509 / 1.752         0.509 / 1.752         0.509 / 1.752       ms
[30.155s][info][gc,stats    ]    Subphase: Pause Mark Try Complete                       0.000 / 0.000         0.000 / 0.000         0.000 / 0.000         0.000 / 0.000       ms
[30.155s][info][gc,stats    ]      System: Java Threads                                    186 / 204             174 / 204             174 / 204             174 / 204         threads
[30.155s][info][gc,stats    ] =========================================================================================================================================================
[30.155s][info][gc,start    ] GC(98) Garbage Collection (Allocation Rate)
[30.155s][info][gc,task     ] GC(98) Using 12 workers
[30.155s][info][gc,phases   ] GC(98) Pause Mark Start 0.011ms
[30.177s][info][gc,phases   ] GC(98) Concurrent Mark 21.092ms
[30.177s][info][gc,phases   ] GC(98) Pause Mark End 0.027ms
[30.178s][info][gc,phases   ] GC(98) Concurrent Mark Free 0.001ms
[30.181s][info][gc,phases   ] GC(98) Concurrent Process Non-Strong References 2.933ms
[30.181s][info][gc,phases   ] GC(98) Concurrent Reset Relocation Set 0.041ms
[30.186s][info][gc,phases   ] GC(98) Concurrent Select Relocation Set 5.043ms
[30.186s][info][gc,phases   ] GC(98) Pause Relocate Start 0.008ms
[30.195s][info][gc,phases   ] GC(98) Concurrent Relocate 8.452ms
[30.195s][info][gc,load     ] GC(98) Load: 0.00/0.00/0.00
[30.195s][info][gc,mmu      ] GC(98) MMU: 2ms/98.2%, 5ms/99.3%, 10ms/99.6%, 20ms/99.8%, 50ms/99.9%, 100ms/99.9%
[30.195s][info][gc,marking  ] GC(98) Mark: 8 stripe(s), 3 proactive flush(es), 1 terminate flush(es), 0 completion(s), 0 continuation(s) 
[30.196s][info][gc,marking  ] GC(98) Mark Stack Usage: 32M
[30.196s][info][gc,nmethod  ] GC(98) NMethods: 8891 registered, 74 unregistered
[30.196s][info][gc,metaspace] GC(98) Metaspace: 70M used, 70M committed, 1088M reserved
[30.196s][info][gc,ref      ] GC(98) Soft: 3829 encountered, 0 discovered, 0 enqueued
[30.196s][info][gc,ref      ] GC(98) Weak: 10796 encountered, 1456 discovered, 0 enqueued
[30.196s][info][gc,ref      ] GC(98) Final: 289 encountered, 1 discovered, 0 enqueued
[30.196s][info][gc,ref      ] GC(98) Phantom: 425 encountered, 297 discovered, 0 enqueued
[30.196s][info][gc,reloc    ] GC(98) Small Pages: 256 / 512M, Empty: 156M, Relocated: 8M, In-Place: 0
[30.196s][info][gc,reloc    ] GC(98) Medium Pages: 0 / 0M, Empty: 0M, Relocated: 0M, In-Place: 0
[30.196s][info][gc,reloc    ] GC(98) Large Pages: 0 / 0M, Empty: 0M, Relocated: 0M, In-Place: 0
[30.196s][info][gc,reloc    ] GC(98) Forwarding Usage: 3M
[30.196s][info][gc,heap     ] GC(98) Min Capacity: 8M(0%)
[30.196s][info][gc,heap     ] GC(98) Max Capacity: 2048M(100%)
[30.196s][info][gc,heap     ] GC(98) Soft Max Capacity: 2048M(100%)
[30.196s][info][gc,heap     ] GC(98)                Mark Start          Mark End        Relocate Start      Relocate End           High               Low         
[30.196s][info][gc,heap     ] GC(98)  Capacity:     2048M (100%)       2048M (100%)       2048M (100%)       2048M (100%)       2048M (100%)       2048M (100%)   
[30.196s][info][gc,heap     ] GC(98)      Free:     1536M (75%)        1440M (70%)        1562M (76%)        1808M (88%)        1826M (89%)        1426M (70%)    
[30.196s][info][gc,heap     ] GC(98)      Used:      512M (25%)         608M (30%)         486M (24%)         240M (12%)         622M (30%)         222M (11%)    
[30.196s][info][gc,heap     ] GC(98)      Live:         -                51M (3%)           51M (3%)           51M (3%)             -                  -          
[30.196s][info][gc,heap     ] GC(98) Allocated:         -                96M (5%)          130M (6%)          160M (8%)             -                  -          
[30.196s][info][gc,heap     ] GC(98)   Garbage:         -               460M (22%)         304M (15%)          27M (1%)             -                  -          
[30.196s][info][gc,heap     ] GC(98) Reclaimed:         -                  -               156M (8%)          432M (21%)            -                  -          
[30.196s][info][gc          ] GC(98) Garbage Collection (Allocation Rate) 512M(25%)->240M(12%)
[30.255s][info][gc,start    ] GC(99) Garbage Collection (Allocation Rate)
[30.255s][info][gc,task     ] GC(99) Using 12 workers
[30.255s][info][gc,phases   ] GC(99) Pause Mark Start 0.011ms
[30.279s][info][gc,phases   ] GC(99) Concurrent Mark 23.076ms
[30.279s][info][gc,phases   ] GC(99) Pause Mark End 0.025ms
[30.280s][info][gc,phases   ] GC(99) Concurrent Mark Free 0.001ms
[30.283s][info][gc,phases   ] GC(99) Concurrent Process Non-Strong References 2.929ms
[30.284s][info][gc,phases   ] GC(99) Concurrent Reset Relocation Set 0.054ms
[30.299s][info][gc,phases   ] GC(99) Concurrent Select Relocation Set 15.919ms
[30.300s][info][gc,phases   ] GC(99) Pause Relocate Start 0.008ms
[30.306s][info][gc,phases   ] GC(99) Concurrent Relocate 5.823ms
[30.306s][info][gc,load     ] GC(99) Load: 0.00/0.00/0.00
[30.306s][info][gc,mmu      ] GC(99) MMU: 2ms/98.2%, 5ms/99.3%, 10ms/99.6%, 20ms/99.8%, 50ms/99.9%, 100ms/99.9%
[30.306s][info][gc,marking  ] GC(99) Mark: 8 stripe(s), 3 proactive flush(es), 1 terminate flush(es), 0 completion(s), 0 continuation(s) 
[30.306s][info][gc,marking  ] GC(99) Mark Stack Usage: 32M
[30.306s][info][gc,nmethod  ] GC(99) NMethods: 8891 registered, 74 unregistered
[30.306s][info][gc,metaspace] GC(99) Metaspace: 70M used, 70M committed, 1088M reserved
[30.306s][info][gc,ref      ] GC(99) Soft: 3829 encountered, 0 discovered, 0 enqueued
[30.306s][info][gc,ref      ] GC(99) Weak: 10796 encountered, 940 discovered, 0 enqueued
[30.306s][info][gc,ref      ] GC(99) Final: 289 encountered, 16 discovered, 0 enqueued
[30.306s][info][gc,ref      ] GC(99) Phantom: 425 encountered, 275 discovered, 0 enqueued
[30.306s][info][gc,reloc    ] GC(99) Small Pages: 256 / 512M, Empty: 126M, Relocated: 8M, In-Place: 0
[30.306s][info][gc,reloc    ] GC(99) Medium Pages: 0 / 0M, Empty: 0M, Relocated: 0M, In-Place: 0
[30.306s][info][gc,reloc    ] GC(99) Large Pages: 0 / 0M, Empty: 0M, Relocated: 0M, In-Place: 0
[30.306s][info][gc,reloc    ] GC(99) Forwarding Usage: 3M
[30.306s][info][gc,heap     ] GC(99) Min Capacity: 8M(0%)
[30.306s][info][gc,heap     ] GC(99) Max Capacity: 2048M(100%)
[30.307s][info][gc,heap     ] GC(99) Soft Max Capacity: 2048M(100%)
[30.307s][info][gc,heap     ] GC(99)                Mark Start          Mark End        Relocate Start      Relocate End           High               Low         
[30.307s][info][gc,heap     ] GC(99)  Capacity:     2048M (100%)       2048M (100%)       2048M (100%)       2048M (100%)       2048M (100%)       2048M (100%)   
[30.307s][info][gc,heap     ] GC(99)      Free:     1536M (75%)        1434M (70%)        1480M (72%)        1768M (86%)        1776M (87%)        1394M (68%)    
[30.307s][info][gc,heap     ] GC(99)      Used:      512M (25%)         614M (30%)         568M (28%)         280M (14%)         654M (32%)         272M (13%)    
[30.307s][info][gc,heap     ] GC(99)      Live:         -                51M (3%)           51M (3%)           51M (3%)             -                  -          
[30.307s][info][gc,heap     ] GC(99) Allocated:         -               102M (5%)          182M (9%)          200M (10%)            -                  -          
[30.307s][info][gc,heap     ] GC(99)   Garbage:         -               460M (22%)         334M (16%)          27M (1%)             -                  -          
[30.307s][info][gc,heap     ] GC(99) Reclaimed:         -                  -               126M (6%)          432M (21%)            -                  -          
[30.307s][info][gc          ] GC(99) Garbage Collection (Allocation Rate) 512M(25%)->280M(14%)
[30.355s][info][gc,start    ] GC(100) Garbage Collection (Allocation Rate)
[30.355s][info][gc,task     ] GC(100) Using 12 workers
[30.355s][info][gc,phases   ] GC(100) Pause Mark Start 0.009ms
[30.375s][info][gc,phases   ] GC(100) Concurrent Mark 20.054ms
[30.376s][info][gc,phases   ] GC(100) Pause Mark End 0.031ms
[30.377s][info][gc,phases   ] GC(100) Concurrent Mark Free 0.001ms
[30.380s][info][gc,phases   ] GC(100) Concurrent Process Non-Strong References 2.877ms
[30.380s][info][gc,phases   ] GC(100) Concurrent Reset Relocation Set 0.041ms
[30.386s][info][gc,phases   ] GC(100) Concurrent Select Relocation Set 6.296ms
[30.386s][info][gc,phases   ] GC(100) Pause Relocate Start 0.009ms
[30.393s][info][gc,phases   ] GC(100) Concurrent Relocate 6.094ms
[30.393s][info][gc,load     ] GC(100) Load: 0.00/0.00/0.00
[30.393s][info][gc,mmu      ] GC(100) MMU: 2ms/98.2%, 5ms/99.3%, 10ms/99.6%, 20ms/99.8%, 50ms/99.9%, 100ms/99.9%
[30.394s][info][gc,marking  ] GC(100) Mark: 8 stripe(s), 3 proactive flush(es), 1 terminate flush(es), 0 completion(s), 0 continuation(s) 
[30.394s][info][gc,marking  ] GC(100) Mark Stack Usage: 32M
[30.394s][info][gc,nmethod  ] GC(100) NMethods: 8891 registered, 74 unregistered
[30.394s][info][gc,metaspace] GC(100) Metaspace: 70M used, 70M committed, 1088M reserved
[30.394s][info][gc,ref      ] GC(100) Soft: 3829 encountered, 0 discovered, 0 enqueued
[30.394s][info][gc,ref      ] GC(100) Weak: 10796 encountered, 1005 discovered, 0 enqueued
[30.394s][info][gc,ref      ] GC(100) Final: 289 encountered, 15 discovered, 0 enqueued
[30.394s][info][gc,ref      ] GC(100) Phantom: 425 encountered, 268 discovered, 0 enqueued
[30.394s][info][gc,reloc    ] GC(100) Small Pages: 260 / 520M, Empty: 198M, Relocated: 8M, In-Place: 0
[30.394s][info][gc,reloc    ] GC(100) Medium Pages: 0 / 0M, Empty: 0M, Relocated: 0M, In-Place: 0
[30.394s][info][gc,reloc    ] GC(100) Large Pages: 0 / 0M, Empty: 0M, Relocated: 0M, In-Place: 0
[30.394s][info][gc,reloc    ] GC(100) Forwarding Usage: 3M
[30.394s][info][gc,heap     ] GC(100) Min Capacity: 8M(0%)
[30.394s][info][gc,heap     ] GC(100) Max Capacity: 2048M(100%)
[30.394s][info][gc,heap     ] GC(100) Soft Max Capacity: 2048M(100%)
[30.394s][info][gc,heap     ] GC(100)                Mark Start          Mark End        Relocate Start      Relocate End           High               Low         
[30.394s][info][gc,heap     ] GC(100)  Capacity:     2048M (100%)       2048M (100%)       2048M (100%)       2048M (100%)       2048M (100%)       2048M (100%)   
[30.394s][info][gc,heap     ] GC(100)      Free:     1528M (75%)        1430M (70%)        1592M (78%)        1818M (89%)        1826M (89%)        1416M (69%)    
[30.394s][info][gc,heap     ] GC(100)      Used:      520M (25%)         618M (30%)         456M (22%)         230M (11%)         632M (31%)         222M (11%)    
[30.394s][info][gc,heap     ] GC(100)      Live:         -                51M (3%)           51M (3%)           51M (3%)             -                  -          
[30.394s][info][gc,heap     ] GC(100) Allocated:         -                98M (5%)          134M (7%)          150M (7%)             -                  -          
[30.394s][info][gc,heap     ] GC(100)   Garbage:         -               468M (23%)         270M (13%)          27M (1%)             -                  -          
[30.394s][info][gc,heap     ] GC(100) Reclaimed:         -                  -               198M (10%)         440M (22%)            -                  -          
[30.394s][info][gc          ] GC(100) Garbage Collection (Allocation Rate) 520M(25%)->230M(11%)
[30.554s][info][gc,start    ] GC(101) Garbage Collection (Allocation Rate)
[30.554s][info][gc,task     ] GC(101) Using 5 workers
[30.554s][info][gc,phases   ] GC(101) Pause Mark Start 0.010ms
[30.596s][info][gc,phases   ] GC(101) Concurrent Mark 41.031ms
[30.596s][info][gc,phases   ] GC(101) Pause Mark End 0.028ms
[30.597s][info][gc,phases   ] GC(101) Concurrent Mark Free 0.001ms
[30.604s][info][gc,phases   ] GC(101) Concurrent Process Non-Strong References 6.854ms
[30.604s][info][gc,phases   ] GC(101) Concurrent Reset Relocation Set 0.042ms
[30.609s][info][gc,phases   ] GC(101) Concurrent Select Relocation Set 4.812ms
[30.609s][info][gc,phases   ] GC(101) Pause Relocate Start 0.009ms
[30.619s][info][gc,phases   ] GC(101) Concurrent Relocate 9.775ms
[30.619s][info][gc,load     ] GC(101) Load: 0.00/0.00/0.00
[30.619s][info][gc,mmu      ] GC(101) MMU: 2ms/98.2%, 5ms/99.3%, 10ms/99.6%, 20ms/99.8%, 50ms/99.9%, 100ms/99.9%
[30.619s][info][gc,marking  ] GC(101) Mark: 4 stripe(s), 3 proactive flush(es), 1 terminate flush(es), 0 completion(s), 0 continuation(s) 
[30.619s][info][gc,marking  ] GC(101) Mark Stack Usage: 32M
[30.619s][info][gc,nmethod  ] GC(101) NMethods: 8891 registered, 75 unregistered
[30.619s][info][gc,metaspace] GC(101) Metaspace: 70M used, 70M committed, 1088M reserved
[30.619s][info][gc,ref      ] GC(101) Soft: 3829 encountered, 0 discovered, 0 enqueued
[30.619s][info][gc,ref      ] GC(101) Weak: 10796 encountered, 1048 discovered, 0 enqueued
[30.619s][info][gc,ref      ] GC(101) Final: 289 encountered, 1 discovered, 0 enqueued
[30.619s][info][gc,ref      ] GC(101) Phantom: 425 encountered, 288 discovered, 0 enqueued
[30.620s][info][gc,reloc    ] GC(101) Small Pages: 494 / 988M, Empty: 644M, Relocated: 8M, In-Place: 0
[30.620s][info][gc,reloc    ] GC(101) Medium Pages: 0 / 0M, Empty: 0M, Relocated: 0M, In-Place: 0
[30.620s][info][gc,reloc    ] GC(101) Large Pages: 0 / 0M, Empty: 0M, Relocated: 0M, In-Place: 0
[30.620s][info][gc,reloc    ] GC(101) Forwarding Usage: 3M
[30.620s][info][gc,heap     ] GC(101) Min Capacity: 8M(0%)
[30.620s][info][gc,heap     ] GC(101) Max Capacity: 2048M(100%)
[30.620s][info][gc,heap     ] GC(101) Soft Max Capacity: 2048M(100%)
[30.620s][info][gc,heap     ] GC(101)                Mark Start          Mark End        Relocate Start      Relocate End           High               Low         
[30.620s][info][gc,heap     ] GC(101)  Capacity:     2048M (100%)       2048M (100%)       2048M (100%)       2048M (100%)       2048M (100%)       2048M (100%)   
[30.620s][info][gc,heap     ] GC(101)      Free:     1060M (52%)         880M (43%)        1472M (72%)        1720M (84%)        1734M (85%)         848M (41%)    
[30.620s][info][gc,heap     ] GC(101)      Used:      988M (48%)        1168M (57%)         576M (28%)         328M (16%)        1200M (59%)         314M (15%)    
[30.620s][info][gc,heap     ] GC(101)      Live:         -                51M (3%)           51M (3%)           51M (3%)             -                  -          
[30.620s][info][gc,heap     ] GC(101) Allocated:         -               180M (9%)          232M (11%)         262M (13%)            -                  -          
[30.620s][info][gc,heap     ] GC(101)   Garbage:         -               936M (46%)         292M (14%)          13M (1%)             -                  -          
[30.620s][info][gc,heap     ] GC(101) Reclaimed:         -                  -               644M (31%)         922M (45%)            -                  -          
[30.620s][info][gc          ] GC(101) Garbage Collection (Allocation Rate) 988M(48%)->328M(16%)
[30.755s][info][gc,start    ] GC(102) Garbage Collection (Allocation Rate)
[30.755s][info][gc,task     ] GC(102) Using 4 workers
[30.755s][info][gc,phases   ] GC(102) Pause Mark Start 0.011ms
[30.804s][info][gc,phases   ] GC(102) Concurrent Mark 48.090ms
[30.804s][info][gc,phases   ] GC(102) Pause Mark End 0.024ms
[30.805s][info][gc,phases   ] GC(102) Concurrent Mark Free 0.001ms
[30.812s][info][gc,phases   ] GC(102) Concurrent Process Non-Strong References 7.641ms
[30.812s][info][gc,phases   ] GC(102) Concurrent Reset Relocation Set 0.043ms
[30.818s][info][gc,phases   ] GC(102) Concurrent Select Relocation Set 5.233ms
[30.818s][info][gc,phases   ] GC(102) Pause Relocate Start 0.008ms
[30.827s][info][gc,phases   ] GC(102) Concurrent Relocate 8.977ms
[30.827s][info][gc,load     ] GC(102) Load: 0.00/0.00/0.00
[30.827s][info][gc,mmu      ] GC(102) MMU: 2ms/98.2%, 5ms/99.3%, 10ms/99.6%, 20ms/99.8%, 50ms/99.9%, 100ms/99.9%
[30.827s][info][gc,marking  ] GC(102) Mark: 4 stripe(s), 3 proactive flush(es), 1 terminate flush(es), 0 completion(s), 0 continuation(s) 
[30.827s][info][gc,marking  ] GC(102) Mark Stack Usage: 32M
[30.827s][info][gc,nmethod  ] GC(102) NMethods: 8890 registered, 77 unregistered
[30.827s][info][gc,metaspace] GC(102) Metaspace: 70M used, 70M committed, 1088M reserved
[30.827s][info][gc,ref      ] GC(102) Soft: 3829 encountered, 0 discovered, 0 enqueued
[30.827s][info][gc,ref      ] GC(102) Weak: 10796 encountered, 1159 discovered, 0 enqueued
[30.827s][info][gc,ref      ] GC(102) Final: 289 encountered, 1 discovered, 0 enqueued
[30.827s][info][gc,ref      ] GC(102) Phantom: 425 encountered, 347 discovered, 0 enqueued
[30.827s][info][gc,reloc    ] GC(102) Small Pages: 465 / 930M, Empty: 538M, Relocated: 8M, In-Place: 0
[30.827s][info][gc,reloc    ] GC(102) Medium Pages: 0 / 0M, Empty: 0M, Relocated: 0M, In-Place: 0
[30.827s][info][gc,reloc    ] GC(102) Large Pages: 0 / 0M, Empty: 0M, Relocated: 0M, In-Place: 0
[30.827s][info][gc,reloc    ] GC(102) Forwarding Usage: 3M
[30.828s][info][gc,heap     ] GC(102) Min Capacity: 8M(0%)
[30.828s][info][gc,heap     ] GC(102) Max Capacity: 2048M(100%)
[30.828s][info][gc,heap     ] GC(102) Soft Max Capacity: 2048M(100%)
[30.828s][info][gc,heap     ] GC(102)                Mark Start          Mark End        Relocate Start      Relocate End           High               Low         
[30.828s][info][gc,heap     ] GC(102)  Capacity:     2048M (100%)       2048M (100%)       2048M (100%)       2048M (100%)       2048M (100%)       2048M (100%)   
[30.828s][info][gc,heap     ] GC(102)      Free:     1118M (55%)         902M (44%)        1378M (67%)        1678M (82%)        1692M (83%)         864M (42%)    
[30.828s][info][gc,heap     ] GC(102)      Used:      930M (45%)        1146M (56%)         670M (33%)         370M (18%)        1184M (58%)         356M (17%)    
[30.828s][info][gc,heap     ] GC(102)      Live:         -                51M (3%)           51M (3%)           51M (3%)             -                  -          
[30.828s][info][gc,heap     ] GC(102) Allocated:         -               216M (11%)         278M (14%)         304M (15%)            -                  -          
[30.828s][info][gc,heap     ] GC(102)   Garbage:         -               878M (43%)         340M (17%)          13M (1%)             -                  -          
[30.828s][info][gc,heap     ] GC(102) Reclaimed:         -                  -               538M (26%)         864M (42%)            -                  -          
[30.828s][info][gc          ] GC(102) Garbage Collection (Allocation Rate) 930M(45%)->370M(18%)
[30.954s][info][gc,start    ] GC(103) Garbage Collection (Allocation Rate)
[30.955s][info][gc,task     ] GC(103) Using 3 workers
[30.955s][info][gc,phases   ] GC(103) Pause Mark Start 0.011ms
[31.015s][info][gc,phases   ] GC(103) Concurrent Mark 60.309ms
[31.016s][info][gc,phases   ] GC(103) Pause Mark End 0.023ms
[31.017s][info][gc,phases   ] GC(103) Concurrent Mark Free 0.002ms
[31.029s][info][gc,phases   ] GC(103) Concurrent Process Non-Strong References 11.139ms
[31.029s][info][gc,phases   ] GC(103) Concurrent Reset Relocation Set 0.052ms
[31.036s][info][gc,phases   ] GC(103) Concurrent Select Relocation Set 6.692ms
[31.036s][info][gc,phases   ] GC(103) Pause Relocate Start 0.008ms
[31.049s][info][gc,phases   ] GC(103) Concurrent Relocate 12.312ms
[31.049s][info][gc,load     ] GC(103) Load: 0.00/0.00/0.00
[31.049s][info][gc,mmu      ] GC(103) MMU: 2ms/98.2%, 5ms/99.3%, 10ms/99.6%, 20ms/99.8%, 50ms/99.9%, 100ms/99.9%
[31.049s][info][gc,marking  ] GC(103) Mark: 2 stripe(s), 2 proactive flush(es), 1 terminate flush(es), 0 completion(s), 0 continuation(s) 
[31.049s][info][gc,marking  ] GC(103) Mark Stack Usage: 32M
[31.049s][info][gc,nmethod  ] GC(103) NMethods: 8889 registered, 78 unregistered
[31.049s][info][gc,metaspace] GC(103) Metaspace: 70M used, 70M committed, 1088M reserved
[31.049s][info][gc,ref      ] GC(103) Soft: 3829 encountered, 0 discovered, 0 enqueued
[31.049s][info][gc,ref      ] GC(103) Weak: 10796 encountered, 1757 discovered, 0 enqueued
[31.049s][info][gc,ref      ] GC(103) Final: 289 encountered, 13 discovered, 0 enqueued
[31.049s][info][gc,ref      ] GC(103) Phantom: 425 encountered, 326 discovered, 0 enqueued
[31.049s][info][gc,reloc    ] GC(103) Small Pages: 495 / 990M, Empty: 608M, Relocated: 8M, In-Place: 0
[31.049s][info][gc,reloc    ] GC(103) Medium Pages: 0 / 0M, Empty: 0M, Relocated: 0M, In-Place: 0
[31.049s][info][gc,reloc    ] GC(103) Large Pages: 0 / 0M, Empty: 0M, Relocated: 0M, In-Place: 0
[31.049s][info][gc,reloc    ] GC(103) Forwarding Usage: 2M
[31.049s][info][gc,heap     ] GC(103) Min Capacity: 8M(0%)
[31.049s][info][gc,heap     ] GC(103) Max Capacity: 2048M(100%)
[31.049s][info][gc,heap     ] GC(103) Soft Max Capacity: 2048M(100%)
[31.049s][info][gc,heap     ] GC(103)                Mark Start          Mark End        Relocate Start      Relocate End           High               Low         
[31.049s][info][gc,heap     ] GC(103)  Capacity:     2048M (100%)       2048M (100%)       2048M (100%)       2048M (100%)       2048M (100%)       2048M (100%)   
[31.049s][info][gc,heap     ] GC(103)      Free:     1058M (52%)         774M (38%)        1292M (63%)        1566M (76%)        1598M (78%)         708M (35%)    
[31.049s][info][gc,heap     ] GC(103)      Used:      990M (48%)        1274M (62%)         756M (37%)         482M (24%)        1340M (65%)         450M (22%)    
[31.049s][info][gc,heap     ] GC(103)      Live:         -                51M (3%)           51M (3%)           51M (3%)             -                  -          
[31.049s][info][gc,heap     ] GC(103) Allocated:         -               284M (14%)         374M (18%)         416M (20%)            -                  -          
[31.049s][info][gc,heap     ] GC(103)   Garbage:         -               938M (46%)         330M (16%)          14M (1%)             -                  -          
[31.049s][info][gc,heap     ] GC(103) Reclaimed:         -                  -               608M (30%)         924M (45%)            -                  -          
[31.049s][info][gc          ] GC(103) Garbage Collection (Allocation Rate) 990M(48%)->482M(24%)
[31.154s][info][gc,start    ] GC(104) Garbage Collection (Allocation Rate)
[31.154s][info][gc,task     ] GC(104) Using 3 workers
[31.154s][info][gc,phases   ] GC(104) Pause Mark Start 0.011ms
[31.227s][info][gc,phases   ] GC(104) Concurrent Mark 72.056ms
[31.227s][info][gc,phases   ] GC(104) Pause Mark End 0.023ms
[31.228s][info][gc,phases   ] GC(104) Concurrent Mark Free 0.002ms
[31.239s][info][gc,phases   ] GC(104) Concurrent Process Non-Strong References 10.336ms
[31.239s][info][gc,phases   ] GC(104) Concurrent Reset Relocation Set 0.043ms
[31.245s][info][gc,phases   ] GC(104) Concurrent Select Relocation Set 6.507ms
[31.245s][info][gc,phases   ] GC(104) Pause Relocate Start 0.009ms
[31.254s][info][gc,phases   ] GC(104) Concurrent Relocate 8.290ms
[31.254s][info][gc,load     ] GC(104) Load: 0.00/0.00/0.00
[31.254s][info][gc,mmu      ] GC(104) MMU: 2ms/98.2%, 5ms/99.3%, 10ms/99.6%, 20ms/99.8%, 50ms/99.9%, 100ms/99.9%
[31.254s][info][gc,marking  ] GC(104) Mark: 2 stripe(s), 2 proactive flush(es), 1 terminate flush(es), 0 completion(s), 0 continuation(s) 
[31.254s][info][gc,marking  ] GC(104) Mark Stack Usage: 32M
[31.254s][info][gc,nmethod  ] GC(104) NMethods: 8889 registered, 78 unregistered
[31.254s][info][gc,metaspace] GC(104) Metaspace: 70M used, 70M committed, 1088M reserved
[31.254s][info][gc,ref      ] GC(104) Soft: 3829 encountered, 0 discovered, 0 enqueued
[31.254s][info][gc,ref      ] GC(104) Weak: 10796 encountered, 1343 discovered, 0 enqueued
[31.254s][info][gc,ref      ] GC(104) Final: 289 encountered, 19 discovered, 0 enqueued
[31.254s][info][gc,ref      ] GC(104) Phantom: 425 encountered, 257 discovered, 0 enqueued
[31.254s][info][gc,reloc    ] GC(104) Small Pages: 492 / 984M, Empty: 618M, Relocated: 6M, In-Place: 0
[31.254s][info][gc,reloc    ] GC(104) Medium Pages: 0 / 0M, Empty: 0M, Relocated: 0M, In-Place: 0
[31.254s][info][gc,reloc    ] GC(104) Large Pages: 0 / 0M, Empty: 0M, Relocated: 0M, In-Place: 0
[31.255s][info][gc,reloc    ] GC(104) Forwarding Usage: 2M
[31.255s][info][gc,heap     ] GC(104) Min Capacity: 8M(0%)
[31.255s][info][gc,heap     ] GC(104) Max Capacity: 2048M(100%)
[31.255s][info][gc,heap     ] GC(104) Soft Max Capacity: 2048M(100%)
[31.255s][info][gc,heap     ] GC(104)                Mark Start          Mark End        Relocate Start      Relocate End           High               Low         
[31.255s][info][gc,heap     ] GC(104)  Capacity:     2048M (100%)       2048M (100%)       2048M (100%)       2048M (100%)       2048M (100%)       2048M (100%)   
[31.255s][info][gc,heap     ] GC(104)      Free:     1064M (52%)         750M (37%)        1286M (63%)        1562M (76%)        1574M (77%)         698M (34%)    
[31.255s][info][gc,heap     ] GC(104)      Used:      984M (48%)        1298M (63%)         762M (37%)         486M (24%)        1350M (66%)         474M (23%)    
[31.255s][info][gc,heap     ] GC(104)      Live:         -                51M (3%)           51M (3%)           51M (3%)             -                  -          
[31.255s][info][gc,heap     ] GC(104) Allocated:         -               314M (15%)         396M (19%)         420M (21%)            -                  -          
[31.255s][info][gc,heap     ] GC(104)   Garbage:         -               932M (46%)         314M (15%)          14M (1%)             -                  -          
[31.255s][info][gc,heap     ] GC(104) Reclaimed:         -                  -               618M (30%)         918M (45%)            -                  -          
[31.255s][info][gc          ] GC(104) Garbage Collection (Allocation Rate) 984M(48%)->486M(24%)
[31.355s][info][gc,start    ] GC(105) Garbage Collection (Allocation Rate)
[31.355s][info][gc,task     ] GC(105) Using 3 workers
[31.355s][info][gc,phases   ] GC(105) Pause Mark Start 0.012ms
[31.412s][info][gc,phases   ] GC(105) Concurrent Mark 56.104ms
[31.412s][info][gc,phases   ] GC(105) Pause Mark End 0.023ms
[31.412s][info][gc,phases   ] GC(105) Concurrent Mark Free 0.002ms
[31.422s][info][gc,phases   ] GC(105) Concurrent Process Non-Strong References 10.095ms
[31.422s][info][gc,phases   ] GC(105) Concurrent Reset Relocation Set 0.039ms
[31.427s][info][gc,phases   ] GC(105) Concurrent Select Relocation Set 4.868ms
[31.428s][info][gc,phases   ] GC(105) Pause Relocate Start 0.008ms
[31.438s][info][gc,phases   ] GC(105) Concurrent Relocate 10.402ms
[31.439s][info][gc,load     ] GC(105) Load: 0.00/0.00/0.00
[31.439s][info][gc,mmu      ] GC(105) MMU: 2ms/98.2%, 5ms/99.3%, 10ms/99.6%, 20ms/99.8%, 50ms/99.9%, 100ms/99.9%
[31.439s][info][gc,marking  ] GC(105) Mark: 2 stripe(s), 2 proactive flush(es), 1 terminate flush(es), 0 completion(s), 0 continuation(s) 
[31.439s][info][gc,marking  ] GC(105) Mark Stack Usage: 32M
[31.439s][info][gc,nmethod  ] GC(105) NMethods: 8892 registered, 78 unregistered
[31.439s][info][gc,metaspace] GC(105) Metaspace: 70M used, 70M committed, 1088M reserved
[31.439s][info][gc,ref      ] GC(105) Soft: 3829 encountered, 0 discovered, 0 enqueued
[31.439s][info][gc,ref      ] GC(105) Weak: 10796 encountered, 1010 discovered, 0 enqueued
[31.439s][info][gc,ref      ] GC(105) Final: 289 encountered, 21 discovered, 0 enqueued
[31.439s][info][gc,ref      ] GC(105) Phantom: 425 encountered, 277 discovered, 0 enqueued
[31.439s][info][gc,reloc    ] GC(105) Small Pages: 491 / 982M, Empty: 562M, Relocated: 6M, In-Place: 0
[31.439s][info][gc,reloc    ] GC(105) Medium Pages: 0 / 0M, Empty: 0M, Relocated: 0M, In-Place: 0
[31.439s][info][gc,reloc    ] GC(105) Large Pages: 0 / 0M, Empty: 0M, Relocated: 0M, In-Place: 0
[31.439s][info][gc,reloc    ] GC(105) Forwarding Usage: 2M
[31.439s][info][gc,heap     ] GC(105) Min Capacity: 8M(0%)
[31.439s][info][gc,heap     ] GC(105) Max Capacity: 2048M(100%)
[31.439s][info][gc,heap     ] GC(105) Soft Max Capacity: 2048M(100%)
[31.439s][info][gc,heap     ] GC(105)                Mark Start          Mark End        Relocate Start      Relocate End           High               Low         
[31.439s][info][gc,heap     ] GC(105)  Capacity:     2048M (100%)       2048M (100%)       2048M (100%)       2048M (100%)       2048M (100%)       2048M (100%)   
[31.439s][info][gc,heap     ] GC(105)      Free:     1066M (52%)         794M (39%)        1284M (63%)        1596M (78%)        1618M (79%)         746M (36%)    
[31.439s][info][gc,heap     ] GC(105)      Used:      982M (48%)        1254M (61%)         764M (37%)         452M (22%)        1302M (64%)         430M (21%)    
[31.439s][info][gc,heap     ] GC(105)      Live:         -                51M (3%)           51M (3%)           51M (3%)             -                  -          
[31.439s][info][gc,heap     ] GC(105) Allocated:         -               272M (13%)         344M (17%)         387M (19%)            -                  -          
[31.439s][info][gc,heap     ] GC(105)   Garbage:         -               930M (45%)         368M (18%)          12M (1%)             -                  -          
[31.439s][info][gc,heap     ] GC(105) Reclaimed:         -                  -               562M (27%)         917M (45%)            -                  -          
[31.439s][info][gc          ] GC(105) Garbage Collection (Allocation Rate) 982M(48%)->452M(22%)
[31.555s][info][gc,start    ] GC(106) Garbage Collection (Allocation Rate)
[31.555s][info][gc,task     ] GC(106) Using 3 workers
[31.555s][info][gc,phases   ] GC(106) Pause Mark Start 0.011ms
[31.611s][info][gc,phases   ] GC(106) Concurrent Mark 56.169ms
[31.612s][info][gc,phases   ] GC(106) Pause Mark End 0.020ms
[31.613s][info][gc,phases   ] GC(106) Concurrent Mark Free 0.001ms
[31.623s][info][gc,phases   ] GC(106) Concurrent Process Non-Strong References 10.099ms
[31.623s][info][gc,phases   ] GC(106) Concurrent Reset Relocation Set 0.037ms
[31.628s][info][gc,phases   ] GC(106) Concurrent Select Relocation Set 5.160ms
[31.628s][info][gc,phases   ] GC(106) Pause Relocate Start 0.009ms
[31.639s][info][gc,phases   ] GC(106) Concurrent Relocate 9.709ms
[31.639s][info][gc,load     ] GC(106) Load: 0.00/0.00/0.00
[31.639s][info][gc,mmu      ] GC(106) MMU: 2ms/98.2%, 5ms/99.3%, 10ms/99.6%, 20ms/99.8%, 50ms/99.9%, 100ms/99.9%
[31.639s][info][gc,marking  ] GC(106) Mark: 2 stripe(s), 2 proactive flush(es), 1 terminate flush(es), 0 completion(s), 0 continuation(s) 
[31.639s][info][gc,marking  ] GC(106) Mark Stack Usage: 32M
[31.639s][info][gc,nmethod  ] GC(106) NMethods: 8892 registered, 78 unregistered
[31.639s][info][gc,metaspace] GC(106) Metaspace: 70M used, 70M committed, 1088M reserved
[31.639s][info][gc,ref      ] GC(106) Soft: 3829 encountered, 0 discovered, 0 enqueued
[31.639s][info][gc,ref      ] GC(106) Weak: 10796 encountered, 1121 discovered, 0 enqueued
[31.639s][info][gc,ref      ] GC(106) Final: 289 encountered, 26 discovered, 0 enqueued
[31.639s][info][gc,ref      ] GC(106) Phantom: 425 encountered, 331 discovered, 0 enqueued
[31.639s][info][gc,reloc    ] GC(106) Small Pages: 513 / 1026M, Empty: 640M, Relocated: 3M, In-Place: 0
[31.639s][info][gc,reloc    ] GC(106) Medium Pages: 0 / 0M, Empty: 0M, Relocated: 0M, In-Place: 0
[31.639s][info][gc,reloc    ] GC(106) Large Pages: 0 / 0M, Empty: 0M, Relocated: 0M, In-Place: 0
[31.639s][info][gc,reloc    ] GC(106) Forwarding Usage: 1M
[31.639s][info][gc,heap     ] GC(106) Min Capacity: 8M(0%)
[31.639s][info][gc,heap     ] GC(106) Max Capacity: 2048M(100%)
[31.639s][info][gc,heap     ] GC(106) Soft Max Capacity: 2048M(100%)
[31.639s][info][gc,heap     ] GC(106)                Mark Start          Mark End        Relocate Start      Relocate End           High               Low         
[31.639s][info][gc,heap     ] GC(106)  Capacity:     2048M (100%)       2048M (100%)       2048M (100%)       2048M (100%)       2048M (100%)       2048M (100%)   
[31.639s][info][gc,heap     ] GC(106)      Free:     1022M (50%)         750M (37%)        1312M (64%)        1588M (78%)        1606M (78%)         698M (34%)    
[31.639s][info][gc,heap     ] GC(106)      Used:     1026M (50%)        1298M (63%)         736M (36%)         460M (22%)        1350M (66%)         442M (22%)    
[31.639s][info][gc,heap     ] GC(106)      Live:         -                51M (3%)           51M (3%)           51M (3%)             -                  -          
[31.639s][info][gc,heap     ] GC(106) Allocated:         -               272M (13%)         350M (17%)         391M (19%)            -                  -          
[31.639s][info][gc,heap     ] GC(106)   Garbage:         -               974M (48%)         334M (16%)          16M (1%)             -                  -          
[31.639s][info][gc,heap     ] GC(106) Reclaimed:         -                  -               640M (31%)         957M (47%)            -                  -          
[31.639s][info][gc          ] GC(106) Garbage Collection (Allocation Rate) 1026M(50%)->460M(22%)
[31.754s][info][gc,start    ] GC(107) Garbage Collection (Allocation Rate)
[31.754s][info][gc,task     ] GC(107) Using 3 workers
[31.754s][info][gc,phases   ] GC(107) Pause Mark Start 0.011ms
[31.807s][info][gc,phases   ] GC(107) Concurrent Mark 52.388ms
[31.807s][info][gc,phases   ] GC(107) Pause Mark End 0.026ms
[31.808s][info][gc,phases   ] GC(107) Concurrent Mark Free 0.001ms
[31.818s][info][gc,phases   ] GC(107) Concurrent Process Non-Strong References 10.077ms
[31.818s][info][gc,phases   ] GC(107) Concurrent Reset Relocation Set 0.040ms
[31.824s][info][gc,phases   ] GC(107) Concurrent Select Relocation Set 5.192ms
[31.824s][info][gc,phases   ] GC(107) Pause Relocate Start 0.009ms
[31.831s][info][gc,phases   ] GC(107) Concurrent Relocate 7.145ms
[31.831s][info][gc,load     ] GC(107) Load: 0.00/0.00/0.00
[31.831s][info][gc,mmu      ] GC(107) MMU: 2ms/98.2%, 5ms/99.3%, 10ms/99.6%, 20ms/99.8%, 50ms/99.9%, 100ms/99.9%
[31.831s][info][gc,marking  ] GC(107) Mark: 2 stripe(s), 2 proactive flush(es), 1 terminate flush(es), 0 completion(s), 0 continuation(s) 
[31.831s][info][gc,marking  ] GC(107) Mark Stack Usage: 32M
[31.831s][info][gc,nmethod  ] GC(107) NMethods: 8892 registered, 80 unregistered
[31.831s][info][gc,metaspace] GC(107) Metaspace: 70M used, 70M committed, 1088M reserved
[31.832s][info][gc,ref      ] GC(107) Soft: 3829 encountered, 0 discovered, 0 enqueued
[31.832s][info][gc,ref      ] GC(107) Weak: 10796 encountered, 1201 discovered, 0 enqueued
[31.832s][info][gc,ref      ] GC(107) Final: 289 encountered, 22 discovered, 0 enqueued
[31.832s][info][gc,ref      ] GC(107) Phantom: 425 encountered, 298 discovered, 0 enqueued
[31.832s][info][gc,reloc    ] GC(107) Small Pages: 512 / 1024M, Empty: 650M, Relocated: 3M, In-Place: 0
[31.832s][info][gc,reloc    ] GC(107) Medium Pages: 0 / 0M, Empty: 0M, Relocated: 0M, In-Place: 0
[31.832s][info][gc,reloc    ] GC(107) Large Pages: 0 / 0M, Empty: 0M, Relocated: 0M, In-Place: 0
[31.832s][info][gc,reloc    ] GC(107) Forwarding Usage: 1M
[31.832s][info][gc,heap     ] GC(107) Min Capacity: 8M(0%)
[31.832s][info][gc,heap     ] GC(107) Max Capacity: 2048M(100%)
[31.832s][info][gc,heap     ] GC(107) Soft Max Capacity: 2048M(100%)
[31.832s][info][gc,heap     ] GC(107)                Mark Start          Mark End        Relocate Start      Relocate End           High               Low         
[31.832s][info][gc,heap     ] GC(107)  Capacity:     2048M (100%)       2048M (100%)       2048M (100%)       2048M (100%)       2048M (100%)       2048M (100%)   
[31.832s][info][gc,heap     ] GC(107)      Free:     1024M (50%)         770M (38%)        1346M (66%)        1622M (79%)        1636M (80%)         718M (35%)    
[31.832s][info][gc,heap     ] GC(107)      Used:     1024M (50%)        1278M (62%)         702M (34%)         426M (21%)        1330M (65%)         412M (20%)    
[31.832s][info][gc,heap     ] GC(107)      Live:         -                51M (3%)           51M (3%)           51M (3%)             -                  -          
[31.832s][info][gc,heap     ] GC(107) Allocated:         -               254M (12%)         328M (16%)         357M (17%)            -                  -          
[31.832s][info][gc,heap     ] GC(107)   Garbage:         -               972M (47%)         322M (16%)          16M (1%)             -                  -          
[31.832s][info][gc,heap     ] GC(107) Reclaimed:         -                  -               650M (32%)         955M (47%)            -                  -          
[31.832s][info][gc          ] GC(107) Garbage Collection (Allocation Rate) 1024M(50%)->426M(21%)
[31.954s][info][gc,start    ] GC(108) Garbage Collection (Allocation Rate)
[31.954s][info][gc,task     ] GC(108) Using 3 workers
[31.954s][info][gc,phases   ] GC(108) Pause Mark Start 0.014ms
[32.006s][info][gc,phases   ] GC(108) Concurrent Mark 51.187ms
[32.006s][info][gc,phases   ] GC(108) Pause Mark End 0.022ms
[32.007s][info][gc,phases   ] GC(108) Concurrent Mark Free 0.001ms
[32.017s][info][gc,phases   ] GC(108) Concurrent Process Non-Strong References 10.350ms
[32.017s][info][gc,phases   ] GC(108) Concurrent Reset Relocation Set 0.044ms
[32.027s][info][gc,phases   ] GC(108) Concurrent Select Relocation Set 9.696ms
[32.027s][info][gc,phases   ] GC(108) Pause Relocate Start 0.009ms
[32.037s][info][gc,phases   ] GC(108) Concurrent Relocate 9.504ms
[32.037s][info][gc,load     ] GC(108) Load: 0.00/0.00/0.00
[32.037s][info][gc,mmu      ] GC(108) MMU: 2ms/98.2%, 5ms/99.3%, 10ms/99.6%, 20ms/99.8%, 50ms/99.9%, 100ms/99.9%
[32.037s][info][gc,marking  ] GC(108) Mark: 2 stripe(s), 2 proactive flush(es), 1 terminate flush(es), 0 completion(s), 0 continuation(s) 
[32.037s][info][gc,marking  ] GC(108) Mark Stack Usage: 32M
[32.037s][info][gc,nmethod  ] GC(108) NMethods: 8894 registered, 80 unregistered
[32.038s][info][gc,metaspace] GC(108) Metaspace: 70M used, 70M committed, 1088M reserved
[32.038s][info][gc,ref      ] GC(108) Soft: 3829 encountered, 0 discovered, 0 enqueued
[32.038s][info][gc,ref      ] GC(108) Weak: 10796 encountered, 1081 discovered, 0 enqueued
[32.038s][info][gc,ref      ] GC(108) Final: 289 encountered, 7 discovered, 0 enqueued
[32.038s][info][gc,ref      ] GC(108) Phantom: 425 encountered, 295 discovered, 0 enqueued
[32.038s][info][gc,reloc    ] GC(108) Small Pages: 511 / 1022M, Empty: 654M, Relocated: 6M, In-Place: 0
[32.038s][info][gc,reloc    ] GC(108) Medium Pages: 0 / 0M, Empty: 0M, Relocated: 0M, In-Place: 0
[32.038s][info][gc,reloc    ] GC(108) Large Pages: 0 / 0M, Empty: 0M, Relocated: 0M, In-Place: 0
[32.038s][info][gc,reloc    ] GC(108) Forwarding Usage: 2M
[32.038s][info][gc,heap     ] GC(108) Min Capacity: 8M(0%)
[32.038s][info][gc,heap     ] GC(108) Max Capacity: 2048M(100%)
[32.038s][info][gc,heap     ] GC(108) Soft Max Capacity: 2048M(100%)
[32.038s][info][gc,heap     ] GC(108)                Mark Start          Mark End        Relocate Start      Relocate End           High               Low         
[32.038s][info][gc,heap     ] GC(108)  Capacity:     2048M (100%)       2048M (100%)       2048M (100%)       2048M (100%)       2048M (100%)       2048M (100%)   
[32.038s][info][gc,heap     ] GC(108)      Free:     1026M (50%)         776M (38%)        1334M (65%)        1598M (78%)        1616M (79%)         722M (35%)    
[32.038s][info][gc,heap     ] GC(108)      Used:     1022M (50%)        1272M (62%)         714M (35%)         450M (22%)        1326M (65%)         432M (21%)    
[32.038s][info][gc,heap     ] GC(108)      Live:         -                51M (3%)           51M (3%)           51M (3%)             -                  -          
[32.038s][info][gc,heap     ] GC(108) Allocated:         -               250M (12%)         346M (17%)         385M (19%)            -                  -          
[32.038s][info][gc,heap     ] GC(108)   Garbage:         -               970M (47%)         316M (15%)          12M (1%)             -                  -          
[32.038s][info][gc,heap     ] GC(108) Reclaimed:         -                  -               654M (32%)         957M (47%)            -                  -          
[32.038s][info][gc          ] GC(108) Garbage Collection (Allocation Rate) 1022M(50%)->450M(22%)
[32.155s][info][gc,start    ] GC(109) Garbage Collection (Allocation Rate)
[32.155s][info][gc,task     ] GC(109) Using 3 workers
[32.155s][info][gc,phases   ] GC(109) Pause Mark Start 0.013ms
[32.217s][info][gc,phases   ] GC(109) Concurrent Mark 62.172ms
[32.218s][info][gc,phases   ] GC(109) Pause Mark End 0.023ms
[32.218s][info][gc,phases   ] GC(109) Concurrent Mark Free 0.002ms
[32.228s][info][gc,phases   ] GC(109) Concurrent Process Non-Strong References 10.015ms
[32.229s][info][gc,phases   ] GC(109) Concurrent Reset Relocation Set 0.038ms
[32.235s][info][gc,phases   ] GC(109) Concurrent Select Relocation Set 6.797ms
[32.236s][info][gc,phases   ] GC(109) Pause Relocate Start 0.010ms
[32.243s][info][gc,phases   ] GC(109) Concurrent Relocate 7.414ms
[32.244s][info][gc,load     ] GC(109) Load: 0.00/0.00/0.00
[32.244s][info][gc,mmu      ] GC(109) MMU: 2ms/98.2%, 5ms/99.3%, 10ms/99.6%, 20ms/99.8%, 50ms/99.9%, 100ms/99.9%
[32.244s][info][gc,marking  ] GC(109) Mark: 2 stripe(s), 2 proactive flush(es), 1 terminate flush(es), 0 completion(s), 0 continuation(s) 
[32.244s][info][gc,marking  ] GC(109) Mark Stack Usage: 32M
[32.244s][info][gc,nmethod  ] GC(109) NMethods: 8893 registered, 81 unregistered
[32.244s][info][gc,metaspace] GC(109) Metaspace: 70M used, 70M committed, 1088M reserved
[32.244s][info][gc,ref      ] GC(109) Soft: 3829 encountered, 0 discovered, 0 enqueued
[32.244s][info][gc,ref      ] GC(109) Weak: 10796 encountered, 1414 discovered, 0 enqueued
[32.244s][info][gc,ref      ] GC(109) Final: 289 encountered, 26 discovered, 0 enqueued
[32.244s][info][gc,ref      ] GC(109) Phantom: 425 encountered, 276 discovered, 0 enqueued
[32.244s][info][gc,reloc    ] GC(109) Small Pages: 512 / 1024M, Empty: 634M, Relocated: 3M, In-Place: 0
[32.244s][info][gc,reloc    ] GC(109) Medium Pages: 0 / 0M, Empty: 0M, Relocated: 0M, In-Place: 0
[32.244s][info][gc,reloc    ] GC(109) Large Pages: 0 / 0M, Empty: 0M, Relocated: 0M, In-Place: 0
[32.244s][info][gc,reloc    ] GC(109) Forwarding Usage: 1M
[32.244s][info][gc,heap     ] GC(109) Min Capacity: 8M(0%)
[32.244s][info][gc,heap     ] GC(109) Max Capacity: 2048M(100%)
[32.244s][info][gc,heap     ] GC(109) Soft Max Capacity: 2048M(100%)
[32.244s][info][gc,heap     ] GC(109)                Mark Start          Mark End        Relocate Start      Relocate End           High               Low         
[32.244s][info][gc,heap     ] GC(109)  Capacity:     2048M (100%)       2048M (100%)       2048M (100%)       2048M (100%)       2048M (100%)       2048M (100%)   
[32.244s][info][gc,heap     ] GC(109)      Free:     1024M (50%)         728M (36%)        1282M (63%)        1576M (77%)        1586M (77%)         678M (33%)    
[32.244s][info][gc,heap     ] GC(109)      Used:     1024M (50%)        1320M (64%)         766M (37%)         472M (23%)        1370M (67%)         462M (23%)    
[32.244s][info][gc,heap     ] GC(109)      Live:         -                51M (3%)           51M (3%)           51M (3%)             -                  -          
[32.244s][info][gc,heap     ] GC(109) Allocated:         -               296M (14%)         376M (18%)         403M (20%)            -                  -          
[32.244s][info][gc,heap     ] GC(109)   Garbage:         -               972M (47%)         338M (17%)          16M (1%)             -                  -          
[32.244s][info][gc,heap     ] GC(109) Reclaimed:         -                  -               634M (31%)         955M (47%)            -                  -          
[32.244s][info][gc          ] GC(109) Garbage Collection (Allocation Rate) 1024M(50%)->472M(23%)
[32.354s][info][gc,start    ] GC(110) Garbage Collection (Allocation Rate)
[32.354s][info][gc,task     ] GC(110) Using 3 workers
[32.354s][info][gc,phases   ] GC(110) Pause Mark Start 0.010ms
[32.412s][info][gc,phases   ] GC(110) Concurrent Mark 57.296ms
[32.412s][info][gc,phases   ] GC(110) Pause Mark End 0.023ms
[32.413s][info][gc,phases   ] GC(110) Concurrent Mark Free 0.001ms
[32.422s][info][gc,phases   ] GC(110) Concurrent Process Non-Strong References 9.368ms
[32.423s][info][gc,phases   ] GC(110) Concurrent Reset Relocation Set 0.039ms
[32.428s][info][gc,phases   ] GC(110) Concurrent Select Relocation Set 4.945ms
[32.428s][info][gc,phases   ] GC(110) Pause Relocate Start 0.011ms
[32.435s][info][gc,phases   ] GC(110) Concurrent Relocate 6.614ms
[32.435s][info][gc,load     ] GC(110) Load: 0.00/0.00/0.00
[32.435s][info][gc,mmu      ] GC(110) MMU: 2ms/98.2%, 5ms/99.3%, 10ms/99.6%, 20ms/99.8%, 50ms/99.9%, 100ms/99.9%
[32.435s][info][gc,marking  ] GC(110) Mark: 2 stripe(s), 2 proactive flush(es), 1 terminate flush(es), 0 completion(s), 0 continuation(s) 
[32.435s][info][gc,marking  ] GC(110) Mark Stack Usage: 32M
[32.435s][info][gc,nmethod  ] GC(110) NMethods: 8893 registered, 81 unregistered
[32.435s][info][gc,metaspace] GC(110) Metaspace: 70M used, 70M committed, 1088M reserved
[32.435s][info][gc,ref      ] GC(110) Soft: 3829 encountered, 0 discovered, 0 enqueued
[32.435s][info][gc,ref      ] GC(110) Weak: 10796 encountered, 1433 discovered, 0 enqueued
[32.435s][info][gc,ref      ] GC(110) Final: 289 encountered, 11 discovered, 0 enqueued
[32.435s][info][gc,ref      ] GC(110) Phantom: 425 encountered, 325 discovered, 0 enqueued
[32.435s][info][gc,reloc    ] GC(110) Small Pages: 513 / 1026M, Empty: 592M, Relocated: 3M, In-Place: 0
[32.435s][info][gc,reloc    ] GC(110) Medium Pages: 0 / 0M, Empty: 0M, Relocated: 0M, In-Place: 0
[32.435s][info][gc,reloc    ] GC(110) Large Pages: 0 / 0M, Empty: 0M, Relocated: 0M, In-Place: 0
[32.435s][info][gc,reloc    ] GC(110) Forwarding Usage: 1M
[32.435s][info][gc,heap     ] GC(110) Min Capacity: 8M(0%)
[32.435s][info][gc,heap     ] GC(110) Max Capacity: 2048M(100%)
[32.435s][info][gc,heap     ] GC(110) Soft Max Capacity: 2048M(100%)
[32.435s][info][gc,heap     ] GC(110)                Mark Start          Mark End        Relocate Start      Relocate End           High               Low         
[32.435s][info][gc,heap     ] GC(110)  Capacity:     2048M (100%)       2048M (100%)       2048M (100%)       2048M (100%)       2048M (100%)       2048M (100%)   
[32.435s][info][gc,heap     ] GC(110)      Free:     1022M (50%)         746M (36%)        1270M (62%)        1612M (79%)        1622M (79%)         702M (34%)    
[32.435s][info][gc,heap     ] GC(110)      Used:     1026M (50%)        1302M (64%)         778M (38%)         436M (21%)        1346M (66%)         426M (21%)    
[32.435s][info][gc,heap     ] GC(110)      Live:         -                51M (3%)           51M (3%)           51M (3%)             -                  -          
[32.435s][info][gc,heap     ] GC(110) Allocated:         -               276M (13%)         344M (17%)         367M (18%)            -                  -          
[32.435s][info][gc,heap     ] GC(110)   Garbage:         -               974M (48%)         382M (19%)          16M (1%)             -                  -          
[32.435s][info][gc,heap     ] GC(110) Reclaimed:         -                  -               592M (29%)         957M (47%)            -                  -          
[32.435s][info][gc          ] GC(110) Garbage Collection (Allocation Rate) 1026M(50%)->436M(21%)
[32.554s][info][gc,start    ] GC(111) Garbage Collection (Allocation Rate)
[32.554s][info][gc,task     ] GC(111) Using 3 workers
[32.554s][info][gc,phases   ] GC(111) Pause Mark Start 0.010ms
[32.614s][info][gc,phases   ] GC(111) Concurrent Mark 59.211ms
[32.614s][info][gc,phases   ] GC(111) Pause Mark End 0.021ms
[32.615s][info][gc,phases   ] GC(111) Concurrent Mark Free 0.002ms
[32.625s][info][gc,phases   ] GC(111) Concurrent Process Non-Strong References 10.087ms
[32.625s][info][gc,phases   ] GC(111) Concurrent Reset Relocation Set 0.048ms
[32.630s][info][gc,phases   ] GC(111) Concurrent Select Relocation Set 4.875ms
[32.630s][info][gc,phases   ] GC(111) Pause Relocate Start 0.008ms
[32.638s][info][gc,phases   ] GC(111) Concurrent Relocate 7.519ms
[32.638s][info][gc,load     ] GC(111) Load: 0.00/0.00/0.00
[32.638s][info][gc,mmu      ] GC(111) MMU: 2ms/98.2%, 5ms/99.3%, 10ms/99.6%, 20ms/99.8%, 50ms/99.9%, 100ms/99.9%
[32.638s][info][gc,marking  ] GC(111) Mark: 2 stripe(s), 2 proactive flush(es), 1 terminate flush(es), 0 completion(s), 0 continuation(s) 
[32.638s][info][gc,marking  ] GC(111) Mark Stack Usage: 32M
[32.638s][info][gc,nmethod  ] GC(111) NMethods: 8893 registered, 81 unregistered
[32.638s][info][gc,metaspace] GC(111) Metaspace: 70M used, 70M committed, 1088M reserved
[32.638s][info][gc,ref      ] GC(111) Soft: 3829 encountered, 0 discovered, 0 enqueued
[32.638s][info][gc,ref      ] GC(111) Weak: 10796 encountered, 1783 discovered, 0 enqueued
[32.638s][info][gc,ref      ] GC(111) Final: 289 encountered, 6 discovered, 0 enqueued
[32.638s][info][gc,ref      ] GC(111) Phantom: 425 encountered, 295 discovered, 0 enqueued
[32.638s][info][gc,reloc    ] GC(111) Small Pages: 512 / 1024M, Empty: 664M, Relocated: 3M, In-Place: 0
[32.638s][info][gc,reloc    ] GC(111) Medium Pages: 0 / 0M, Empty: 0M, Relocated: 0M, In-Place: 0
[32.638s][info][gc,reloc    ] GC(111) Large Pages: 0 / 0M, Empty: 0M, Relocated: 0M, In-Place: 0
[32.638s][info][gc,reloc    ] GC(111) Forwarding Usage: 1M
[32.638s][info][gc,heap     ] GC(111) Min Capacity: 8M(0%)
[32.638s][info][gc,heap     ] GC(111) Max Capacity: 2048M(100%)
[32.638s][info][gc,heap     ] GC(111) Soft Max Capacity: 2048M(100%)
[32.638s][info][gc,heap     ] GC(111)                Mark Start          Mark End        Relocate Start      Relocate End           High               Low         
[32.638s][info][gc,heap     ] GC(111)  Capacity:     2048M (100%)       2048M (100%)       2048M (100%)       2048M (100%)       2048M (100%)       2048M (100%)   
[32.638s][info][gc,heap     ] GC(111)      Free:     1024M (50%)         738M (36%)        1326M (65%)        1588M (78%)        1598M (78%)         686M (33%)    
[32.638s][info][gc,heap     ] GC(111)      Used:     1024M (50%)        1310M (64%)         722M (35%)         460M (22%)        1362M (67%)         450M (22%)    
[32.638s][info][gc,heap     ] GC(111)      Live:         -                51M (3%)           51M (3%)           51M (3%)             -                  -          
[32.638s][info][gc,heap     ] GC(111) Allocated:         -               286M (14%)         362M (18%)         391M (19%)            -                  -          
[32.638s][info][gc,heap     ] GC(111)   Garbage:         -               972M (47%)         308M (15%)          16M (1%)             -                  -          
[32.639s][info][gc,heap     ] GC(111) Reclaimed:         -                  -               664M (32%)         955M (47%)            -                  -          
[32.639s][info][gc          ] GC(111) Garbage Collection (Allocation Rate) 1024M(50%)->460M(22%)
[32.755s][info][gc,start    ] GC(112) Garbage Collection (Allocation Rate)
[32.755s][info][gc,task     ] GC(112) Using 3 workers
[32.755s][info][gc,phases   ] GC(112) Pause Mark Start 0.010ms
[32.813s][info][gc,phases   ] GC(112) Concurrent Mark 58.278ms
[32.814s][info][gc,phases   ] GC(112) Pause Mark End 0.025ms
[32.814s][info][gc,phases   ] GC(112) Concurrent Mark Free 0.001ms
[32.824s][info][gc,phases   ] GC(112) Concurrent Process Non-Strong References 9.542ms
[32.824s][info][gc,phases   ] GC(112) Concurrent Reset Relocation Set 0.051ms
[32.833s][info][gc,phases   ] GC(112) Concurrent Select Relocation Set 8.904ms
[32.833s][info][gc,phases   ] GC(112) Pause Relocate Start 0.008ms
[32.840s][info][gc,phases   ] GC(112) Concurrent Relocate 6.717ms
[32.840s][info][gc,load     ] GC(112) Load: 0.00/0.00/0.00
[32.840s][info][gc,mmu      ] GC(112) MMU: 2ms/98.2%, 5ms/99.3%, 10ms/99.6%, 20ms/99.8%, 50ms/99.9%, 100ms/99.9%
[32.840s][info][gc,marking  ] GC(112) Mark: 2 stripe(s), 2 proactive flush(es), 1 terminate flush(es), 0 completion(s), 0 continuation(s) 
[32.840s][info][gc,marking  ] GC(112) Mark Stack Usage: 32M
[32.840s][info][gc,nmethod  ] GC(112) NMethods: 8893 registered, 81 unregistered
[32.840s][info][gc,metaspace] GC(112) Metaspace: 70M used, 70M committed, 1088M reserved
[32.840s][info][gc,ref      ] GC(112) Soft: 3829 encountered, 0 discovered, 0 enqueued
[32.840s][info][gc,ref      ] GC(112) Weak: 10796 encountered, 1071 discovered, 0 enqueued
[32.840s][info][gc,ref      ] GC(112) Final: 289 encountered, 3 discovered, 0 enqueued
[32.840s][info][gc,ref      ] GC(112) Phantom: 425 encountered, 281 discovered, 0 enqueued
[32.840s][info][gc,reloc    ] GC(112) Small Pages: 519 / 1038M, Empty: 656M, Relocated: 3M, In-Place: 0
[32.840s][info][gc,reloc    ] GC(112) Medium Pages: 0 / 0M, Empty: 0M, Relocated: 0M, In-Place: 0
[32.840s][info][gc,reloc    ] GC(112) Large Pages: 0 / 0M, Empty: 0M, Relocated: 0M, In-Place: 0
[32.840s][info][gc,reloc    ] GC(112) Forwarding Usage: 1M
[32.840s][info][gc,heap     ] GC(112) Min Capacity: 8M(0%)
[32.840s][info][gc,heap     ] GC(112) Max Capacity: 2048M(100%)
[32.840s][info][gc,heap     ] GC(112) Soft Max Capacity: 2048M(100%)
[32.840s][info][gc,heap     ] GC(112)                Mark Start          Mark End        Relocate Start      Relocate End           High               Low         
[32.840s][info][gc,heap     ] GC(112)  Capacity:     2048M (100%)       2048M (100%)       2048M (100%)       2048M (100%)       2048M (100%)       2048M (100%)   
[32.840s][info][gc,heap     ] GC(112)      Free:     1010M (49%)         728M (36%)        1296M (63%)        1586M (77%)        1596M (78%)         682M (33%)    
[32.840s][info][gc,heap     ] GC(112)      Used:     1038M (51%)        1320M (64%)         752M (37%)         462M (23%)        1366M (67%)         452M (22%)    
[32.841s][info][gc,heap     ] GC(112)      Live:         -                51M (3%)           51M (3%)           51M (3%)             -                  -          
[32.841s][info][gc,heap     ] GC(112) Allocated:         -               282M (14%)         370M (18%)         393M (19%)            -                  -          
[32.841s][info][gc,heap     ] GC(112)   Garbage:         -               986M (48%)         330M (16%)          16M (1%)             -                  -          
[32.841s][info][gc,heap     ] GC(112) Reclaimed:         -                  -               656M (32%)         969M (47%)            -                  -          
[32.841s][info][gc          ] GC(112) Garbage Collection (Allocation Rate) 1038M(51%)->462M(23%)
[32.954s][info][gc,start    ] GC(113) Garbage Collection (Allocation Rate)
[32.954s][info][gc,task     ] GC(113) Using 3 workers
[32.955s][info][gc,phases   ] GC(113) Pause Mark Start 0.010ms
[33.008s][info][gc,phases   ] GC(113) Concurrent Mark 53.198ms
[33.008s][info][gc,phases   ] GC(113) Pause Mark End 0.021ms
[33.009s][info][gc,phases   ] GC(113) Concurrent Mark Free 0.001ms
[33.019s][info][gc,phases   ] GC(113) Concurrent Process Non-Strong References 9.670ms
[33.019s][info][gc,phases   ] GC(113) Concurrent Reset Relocation Set 0.051ms
[33.025s][info][gc,phases   ] GC(113) Concurrent Select Relocation Set 5.837ms
[33.025s][info][gc,phases   ] GC(113) Pause Relocate Start 0.009ms
[33.033s][info][gc,phases   ] GC(113) Concurrent Relocate 7.199ms
[33.033s][info][gc,load     ] GC(113) Load: 0.00/0.00/0.00
[33.033s][info][gc,mmu      ] GC(113) MMU: 2ms/98.2%, 5ms/99.3%, 10ms/99.6%, 20ms/99.8%, 50ms/99.9%, 100ms/99.9%
[33.033s][info][gc,marking  ] GC(113) Mark: 2 stripe(s), 2 proactive flush(es), 1 terminate flush(es), 0 completion(s), 0 continuation(s) 
[33.033s][info][gc,marking  ] GC(113) Mark Stack Usage: 32M
[33.033s][info][gc,nmethod  ] GC(113) NMethods: 8893 registered, 81 unregistered
[33.033s][info][gc,metaspace] GC(113) Metaspace: 70M used, 70M committed, 1088M reserved
[33.033s][info][gc,ref      ] GC(113) Soft: 3829 encountered, 0 discovered, 0 enqueued
[33.033s][info][gc,ref      ] GC(113) Weak: 10796 encountered, 1150 discovered, 0 enqueued
[33.033s][info][gc,ref      ] GC(113) Final: 289 encountered, 16 discovered, 0 enqueued
[33.033s][info][gc,ref      ] GC(113) Phantom: 425 encountered, 291 discovered, 0 enqueued
[33.033s][info][gc,reloc    ] GC(113) Small Pages: 514 / 1028M, Empty: 686M, Relocated: 3M, In-Place: 0
[33.033s][info][gc,reloc    ] GC(113) Medium Pages: 0 / 0M, Empty: 0M, Relocated: 0M, In-Place: 0
[33.033s][info][gc,reloc    ] GC(113) Large Pages: 0 / 0M, Empty: 0M, Relocated: 0M, In-Place: 0
[33.033s][info][gc,reloc    ] GC(113) Forwarding Usage: 1M
[33.033s][info][gc,heap     ] GC(113) Min Capacity: 8M(0%)
[33.033s][info][gc,heap     ] GC(113) Max Capacity: 2048M(100%)
[33.033s][info][gc,heap     ] GC(113) Soft Max Capacity: 2048M(100%)
[33.033s][info][gc,heap     ] GC(113)                Mark Start          Mark End        Relocate Start      Relocate End           High               Low         
[33.033s][info][gc,heap     ] GC(113)  Capacity:     2048M (100%)       2048M (100%)       2048M (100%)       2048M (100%)       2048M (100%)       2048M (100%)   
[33.033s][info][gc,heap     ] GC(113)      Free:     1020M (50%)         768M (38%)        1378M (67%)        1622M (79%)        1634M (80%)         718M (35%)    
[33.033s][info][gc,heap     ] GC(113)      Used:     1028M (50%)        1280M (63%)         670M (33%)         426M (21%)        1330M (65%)         414M (20%)    
[33.033s][info][gc,heap     ] GC(113)      Live:         -                51M (3%)           51M (3%)           51M (3%)             -                  -          
[33.033s][info][gc,heap     ] GC(113) Allocated:         -               252M (12%)         328M (16%)         357M (17%)            -                  -          
[33.033s][info][gc,heap     ] GC(113)   Garbage:         -               976M (48%)         290M (14%)          16M (1%)             -                  -          
[33.033s][info][gc,heap     ] GC(113) Reclaimed:         -                  -               686M (33%)         959M (47%)            -                  -          
[33.033s][info][gc          ] GC(113) Garbage Collection (Allocation Rate) 1028M(50%)->426M(21%)
[33.154s][info][gc,start    ] GC(114) Garbage Collection (Allocation Rate)
[33.154s][info][gc,task     ] GC(114) Using 3 workers
[33.154s][info][gc,phases   ] GC(114) Pause Mark Start 0.010ms
[33.206s][info][gc,phases   ] GC(114) Concurrent Mark 51.196ms
[33.206s][info][gc,phases   ] GC(114) Pause Mark End 0.021ms
[33.206s][info][gc,phases   ] GC(114) Concurrent Mark Free 0.001ms
[33.217s][info][gc,phases   ] GC(114) Concurrent Process Non-Strong References 10.269ms
[33.217s][info][gc,phases   ] GC(114) Concurrent Reset Relocation Set 0.039ms
[33.223s][info][gc,phases   ] GC(114) Concurrent Select Relocation Set 6.441ms
[33.224s][info][gc,phases   ] GC(114) Pause Relocate Start 0.009ms
[33.230s][info][gc,phases   ] GC(114) Concurrent Relocate 6.407ms
[33.230s][info][gc,load     ] GC(114) Load: 0.00/0.00/0.00
[33.230s][info][gc,mmu      ] GC(114) MMU: 2ms/98.2%, 5ms/99.3%, 10ms/99.6%, 20ms/99.8%, 50ms/99.9%, 100ms/99.9%
[33.230s][info][gc,marking  ] GC(114) Mark: 2 stripe(s), 2 proactive flush(es), 1 terminate flush(es), 0 completion(s), 0 continuation(s) 
[33.230s][info][gc,marking  ] GC(114) Mark Stack Usage: 32M
[33.230s][info][gc,nmethod  ] GC(114) NMethods: 8893 registered, 81 unregistered
[33.230s][info][gc,metaspace] GC(114) Metaspace: 70M used, 70M committed, 1088M reserved
[33.230s][info][gc,ref      ] GC(114) Soft: 3829 encountered, 0 discovered, 0 enqueued
[33.230s][info][gc,ref      ] GC(114) Weak: 10796 encountered, 1201 discovered, 0 enqueued
[33.230s][info][gc,ref      ] GC(114) Final: 289 encountered, 16 discovered, 0 enqueued
[33.230s][info][gc,ref      ] GC(114) Phantom: 425 encountered, 289 discovered, 0 enqueued
[33.231s][info][gc,reloc    ] GC(114) Small Pages: 512 / 1024M, Empty: 658M, Relocated: 3M, In-Place: 0
[33.231s][info][gc,reloc    ] GC(114) Medium Pages: 0 / 0M, Empty: 0M, Relocated: 0M, In-Place: 0
[33.231s][info][gc,reloc    ] GC(114) Large Pages: 0 / 0M, Empty: 0M, Relocated: 0M, In-Place: 0
[33.231s][info][gc,reloc    ] GC(114) Forwarding Usage: 1M
[33.231s][info][gc,heap     ] GC(114) Min Capacity: 8M(0%)
[33.231s][info][gc,heap     ] GC(114) Max Capacity: 2048M(100%)
[33.231s][info][gc,heap     ] GC(114) Soft Max Capacity: 2048M(100%)
[33.231s][info][gc,heap     ] GC(114)                Mark Start          Mark End        Relocate Start      Relocate End           High               Low         
[33.231s][info][gc,heap     ] GC(114)  Capacity:     2048M (100%)       2048M (100%)       2048M (100%)       2048M (100%)       2048M (100%)       2048M (100%)   
[33.231s][info][gc,heap     ] GC(114)      Free:     1024M (50%)         774M (38%)        1352M (66%)        1624M (79%)        1634M (80%)         722M (35%)    
[33.231s][info][gc,heap     ] GC(114)      Used:     1024M (50%)        1274M (62%)         696M (34%)         424M (21%)        1326M (65%)         414M (20%)    
[33.231s][info][gc,heap     ] GC(114)      Live:         -                51M (3%)           51M (3%)           51M (3%)             -                  -          
[33.231s][info][gc,heap     ] GC(114) Allocated:         -               250M (12%)         330M (16%)         355M (17%)            -                  -          
[33.231s][info][gc,heap     ] GC(114)   Garbage:         -               972M (47%)         314M (15%)          16M (1%)             -                  -          
[33.231s][info][gc,heap     ] GC(114) Reclaimed:         -                  -               658M (32%)         955M (47%)            -                  -          
[33.231s][info][gc          ] GC(114) Garbage Collection (Allocation Rate) 1024M(50%)->424M(21%)
[33.355s][info][gc,start    ] GC(115) Garbage Collection (Allocation Rate)
[33.355s][info][gc,task     ] GC(115) Using 3 workers
[33.355s][info][gc,phases   ] GC(115) Pause Mark Start 0.010ms
[33.408s][info][gc,phases   ] GC(115) Concurrent Mark 52.061ms
[33.408s][info][gc,phases   ] GC(115) Pause Mark End 0.022ms
[33.408s][info][gc,phases   ] GC(115) Concurrent Mark Free 0.002ms
[33.419s][info][gc,phases   ] GC(115) Concurrent Process Non-Strong References 10.993ms
[33.419s][info][gc,phases   ] GC(115) Concurrent Reset Relocation Set 0.036ms
[33.426s][info][gc,phases   ] GC(115) Concurrent Select Relocation Set 7.017ms
[33.427s][info][gc,phases   ] GC(115) Pause Relocate Start 0.010ms
[33.434s][info][gc,phases   ] GC(115) Concurrent Relocate 7.117ms
[33.434s][info][gc,load     ] GC(115) Load: 0.00/0.00/0.00
[33.434s][info][gc,mmu      ] GC(115) MMU: 2ms/98.2%, 5ms/99.3%, 10ms/99.6%, 20ms/99.8%, 50ms/99.9%, 100ms/99.9%
[33.434s][info][gc,marking  ] GC(115) Mark: 2 stripe(s), 2 proactive flush(es), 1 terminate flush(es), 0 completion(s), 0 continuation(s) 
[33.434s][info][gc,marking  ] GC(115) Mark Stack Usage: 32M
[33.434s][info][gc,nmethod  ] GC(115) NMethods: 8894 registered, 81 unregistered
[33.434s][info][gc,metaspace] GC(115) Metaspace: 70M used, 70M committed, 1088M reserved
[33.434s][info][gc,ref      ] GC(115) Soft: 3829 encountered, 0 discovered, 0 enqueued
[33.434s][info][gc,ref      ] GC(115) Weak: 10796 encountered, 1276 discovered, 0 enqueued
[33.434s][info][gc,ref      ] GC(115) Final: 289 encountered, 19 discovered, 0 enqueued
[33.434s][info][gc,ref      ] GC(115) Phantom: 425 encountered, 309 discovered, 0 enqueued
[33.434s][info][gc,reloc    ] GC(115) Small Pages: 513 / 1026M, Empty: 594M, Relocated: 3M, In-Place: 0
[33.434s][info][gc,reloc    ] GC(115) Medium Pages: 0 / 0M, Empty: 0M, Relocated: 0M, In-Place: 0
[33.435s][info][gc,reloc    ] GC(115) Large Pages: 0 / 0M, Empty: 0M, Relocated: 0M, In-Place: 0
[33.435s][info][gc,reloc    ] GC(115) Forwarding Usage: 1M
[33.435s][info][gc,heap     ] GC(115) Min Capacity: 8M(0%)
[33.435s][info][gc,heap     ] GC(115) Max Capacity: 2048M(100%)
[33.435s][info][gc,heap     ] GC(115) Soft Max Capacity: 2048M(100%)
[33.435s][info][gc,heap     ] GC(115)                Mark Start          Mark End        Relocate Start      Relocate End           High               Low         
[33.435s][info][gc,heap     ] GC(115)  Capacity:     2048M (100%)       2048M (100%)       2048M (100%)       2048M (100%)       2048M (100%)       2048M (100%)   
[33.435s][info][gc,heap     ] GC(115)      Free:     1022M (50%)         770M (38%)        1280M (63%)        1618M (79%)        1628M (79%)         712M (35%)    
[33.435s][info][gc,heap     ] GC(115)      Used:     1026M (50%)        1278M (62%)         768M (38%)         430M (21%)        1336M (65%)         420M (21%)    
[33.435s][info][gc,heap     ] GC(115)      Live:         -                51M (3%)           51M (3%)           51M (3%)             -                  -          
[33.435s][info][gc,heap     ] GC(115) Allocated:         -               252M (12%)         336M (16%)         361M (18%)            -                  -          
[33.435s][info][gc,heap     ] GC(115)   Garbage:         -               974M (48%)         380M (19%)          16M (1%)             -                  -          
[33.435s][info][gc,heap     ] GC(115) Reclaimed:         -                  -               594M (29%)         957M (47%)            -                  -          
[33.435s][info][gc          ] GC(115) Garbage Collection (Allocation Rate) 1026M(50%)->430M(21%)
[33.554s][info][gc,start    ] GC(116) Garbage Collection (Allocation Rate)
[33.554s][info][gc,task     ] GC(116) Using 3 workers
[33.555s][info][gc,phases   ] GC(116) Pause Mark Start 0.011ms
[33.619s][info][gc,phases   ] GC(116) Concurrent Mark 64.198ms
[33.619s][info][gc,phases   ] GC(116) Pause Mark End 0.027ms
[33.620s][info][gc,phases   ] GC(116) Concurrent Mark Free 0.002ms
[33.630s][info][gc,phases   ] GC(116) Concurrent Process Non-Strong References 9.802ms
[33.630s][info][gc,phases   ] GC(116) Concurrent Reset Relocation Set 0.044ms
[33.637s][info][gc,phases   ] GC(116) Concurrent Select Relocation Set 7.324ms
[33.637s][info][gc,phases   ] GC(116) Pause Relocate Start 0.008ms
[33.645s][info][gc,phases   ] GC(116) Concurrent Relocate 7.508ms
[33.646s][info][gc,load     ] GC(116) Load: 0.00/0.00/0.00
[33.646s][info][gc,mmu      ] GC(116) MMU: 2ms/98.2%, 5ms/99.3%, 10ms/99.6%, 20ms/99.8%, 50ms/99.9%, 100ms/99.9%
[33.646s][info][gc,marking  ] GC(116) Mark: 2 stripe(s), 2 proactive flush(es), 1 terminate flush(es), 0 completion(s), 0 continuation(s) 
[33.646s][info][gc,marking  ] GC(116) Mark Stack Usage: 32M
[33.646s][info][gc,nmethod  ] GC(116) NMethods: 8894 registered, 81 unregistered
[33.646s][info][gc,metaspace] GC(116) Metaspace: 70M used, 70M committed, 1088M reserved
[33.646s][info][gc,ref      ] GC(116) Soft: 3829 encountered, 0 discovered, 0 enqueued
[33.646s][info][gc,ref      ] GC(116) Weak: 10796 encountered, 1424 discovered, 0 enqueued
[33.646s][info][gc,ref      ] GC(116) Final: 289 encountered, 4 discovered, 0 enqueued
[33.646s][info][gc,ref      ] GC(116) Phantom: 425 encountered, 326 discovered, 0 enqueued
[33.646s][info][gc,reloc    ] GC(116) Small Pages: 497 / 994M, Empty: 610M, Relocated: 3M, In-Place: 0
[33.646s][info][gc,reloc    ] GC(116) Medium Pages: 0 / 0M, Empty: 0M, Relocated: 0M, In-Place: 0
[33.646s][info][gc,reloc    ] GC(116) Large Pages: 0 / 0M, Empty: 0M, Relocated: 0M, In-Place: 0
[33.646s][info][gc,reloc    ] GC(116) Forwarding Usage: 1M
[33.646s][info][gc,heap     ] GC(116) Min Capacity: 8M(0%)
[33.646s][info][gc,heap     ] GC(116) Max Capacity: 2048M(100%)
[33.646s][info][gc,heap     ] GC(116) Soft Max Capacity: 2048M(100%)
[33.646s][info][gc,heap     ] GC(116)                Mark Start          Mark End        Relocate Start      Relocate End           High               Low         
[33.646s][info][gc,heap     ] GC(116)  Capacity:     2048M (100%)       2048M (100%)       2048M (100%)       2048M (100%)       2048M (100%)       2048M (100%)   
[33.646s][info][gc,heap     ] GC(116)      Free:     1054M (51%)         744M (36%)        1270M (62%)        1552M (76%)        1564M (76%)         696M (34%)    
[33.646s][info][gc,heap     ] GC(116)      Used:      994M (49%)        1304M (64%)         778M (38%)         496M (24%)        1352M (66%)         484M (24%)    
[33.646s][info][gc,heap     ] GC(116)      Live:         -                51M (3%)           51M (3%)           51M (3%)             -                  -          
[33.646s][info][gc,heap     ] GC(116) Allocated:         -               310M (15%)         394M (19%)         427M (21%)            -                  -          
[33.646s][info][gc,heap     ] GC(116)   Garbage:         -               942M (46%)         332M (16%)          16M (1%)             -                  -          
[33.646s][info][gc,heap     ] GC(116) Reclaimed:         -                  -               610M (30%)         925M (45%)            -                  -          
[33.646s][info][gc          ] GC(116) Garbage Collection (Allocation Rate) 994M(49%)->496M(24%)
[33.754s][info][gc,start    ] GC(117) Garbage Collection (Allocation Rate)
[33.754s][info][gc,task     ] GC(117) Using 3 workers
[33.754s][info][gc,phases   ] GC(117) Pause Mark Start 0.011ms
[33.813s][info][gc,phases   ] GC(117) Concurrent Mark 58.186ms
[33.813s][info][gc,phases   ] GC(117) Pause Mark End 0.024ms
[33.814s][info][gc,phases   ] GC(117) Concurrent Mark Free 0.001ms
[33.824s][info][gc,phases   ] GC(117) Concurrent Process Non-Strong References 9.693ms
[33.824s][info][gc,phases   ] GC(117) Concurrent Reset Relocation Set 0.046ms
[33.832s][info][gc,phases   ] GC(117) Concurrent Select Relocation Set 7.484ms
[33.832s][info][gc,phases   ] GC(117) Pause Relocate Start 0.008ms
[33.840s][info][gc,phases   ] GC(117) Concurrent Relocate 7.167ms
[33.840s][info][gc,load     ] GC(117) Load: 0.00/0.00/0.00
[33.840s][info][gc,mmu      ] GC(117) MMU: 2ms/98.2%, 5ms/99.3%, 10ms/99.6%, 20ms/99.8%, 50ms/99.9%, 100ms/99.9%
[33.840s][info][gc,marking  ] GC(117) Mark: 2 stripe(s), 2 proactive flush(es), 1 terminate flush(es), 0 completion(s), 0 continuation(s) 
[33.840s][info][gc,marking  ] GC(117) Mark Stack Usage: 32M
[33.840s][info][gc,nmethod  ] GC(117) NMethods: 8913 registered, 81 unregistered
[33.840s][info][gc,metaspace] GC(117) Metaspace: 70M used, 70M committed, 1088M reserved
[33.840s][info][gc,ref      ] GC(117) Soft: 3829 encountered, 0 discovered, 0 enqueued
[33.840s][info][gc,ref      ] GC(117) Weak: 10796 encountered, 1158 discovered, 0 enqueued
[33.840s][info][gc,ref      ] GC(117) Final: 289 encountered, 7 discovered, 0 enqueued
[33.840s][info][gc,ref      ] GC(117) Phantom: 425 encountered, 267 discovered, 0 enqueued
[33.840s][info][gc,reloc    ] GC(117) Small Pages: 518 / 1036M, Empty: 674M, Relocated: 3M, In-Place: 0
[33.840s][info][gc,reloc    ] GC(117) Medium Pages: 0 / 0M, Empty: 0M, Relocated: 0M, In-Place: 0
[33.840s][info][gc,reloc    ] GC(117) Large Pages: 0 / 0M, Empty: 0M, Relocated: 0M, In-Place: 0
[33.840s][info][gc,reloc    ] GC(117) Forwarding Usage: 1M
[33.840s][info][gc,heap     ] GC(117) Min Capacity: 8M(0%)
[33.840s][info][gc,heap     ] GC(117) Max Capacity: 2048M(100%)
[33.840s][info][gc,heap     ] GC(117) Soft Max Capacity: 2048M(100%)
[33.840s][info][gc,heap     ] GC(117)                Mark Start          Mark End        Relocate Start      Relocate End           High               Low         
[33.840s][info][gc,heap     ] GC(117)  Capacity:     2048M (100%)       2048M (100%)       2048M (100%)       2048M (100%)       2048M (100%)       2048M (100%)   
[33.840s][info][gc,heap     ] GC(117)      Free:     1012M (49%)         736M (36%)        1322M (65%)        1590M (78%)        1598M (78%)         684M (33%)    
[33.840s][info][gc,heap     ] GC(117)      Used:     1036M (51%)        1312M (64%)         726M (35%)         458M (22%)        1364M (67%)         450M (22%)    
[33.840s][info][gc,heap     ] GC(117)      Live:         -                51M (3%)           51M (3%)           51M (3%)             -                  -          
[33.840s][info][gc,heap     ] GC(117) Allocated:         -               276M (13%)         364M (18%)         389M (19%)            -                  -          
[33.840s][info][gc,heap     ] GC(117)   Garbage:         -               984M (48%)         310M (15%)          16M (1%)             -                  -          
[33.840s][info][gc,heap     ] GC(117) Reclaimed:         -                  -               674M (33%)         967M (47%)            -                  -          
[33.840s][info][gc          ] GC(117) Garbage Collection (Allocation Rate) 1036M(51%)->458M(22%)
[33.955s][info][gc,start    ] GC(118) Garbage Collection (Allocation Rate)
[33.955s][info][gc,task     ] GC(118) Using 3 workers
[33.955s][info][gc,phases   ] GC(118) Pause Mark Start 0.009ms
[34.009s][info][gc,phases   ] GC(118) Concurrent Mark 53.232ms
[34.009s][info][gc,phases   ] GC(118) Pause Mark End 0.019ms
[34.010s][info][gc,phases   ] GC(118) Concurrent Mark Free 0.002ms
[34.020s][info][gc,phases   ] GC(118) Concurrent Process Non-Strong References 10.122ms
[34.020s][info][gc,phases   ] GC(118) Concurrent Reset Relocation Set 0.055ms
[34.027s][info][gc,phases   ] GC(118) Concurrent Select Relocation Set 6.986ms
[34.027s][info][gc,phases   ] GC(118) Pause Relocate Start 0.008ms
[34.035s][info][gc,phases   ] GC(118) Concurrent Relocate 7.120ms
[34.035s][info][gc,load     ] GC(118) Load: 0.00/0.00/0.00
[34.035s][info][gc,mmu      ] GC(118) MMU: 2ms/98.2%, 5ms/99.3%, 10ms/99.6%, 20ms/99.8%, 50ms/99.9%, 100ms/99.9%
[34.035s][info][gc,marking  ] GC(118) Mark: 2 stripe(s), 2 proactive flush(es), 1 terminate flush(es), 0 completion(s), 0 continuation(s) 
[34.035s][info][gc,marking  ] GC(118) Mark Stack Usage: 32M
[34.035s][info][gc,nmethod  ] GC(118) NMethods: 8928 registered, 84 unregistered
[34.035s][info][gc,metaspace] GC(118) Metaspace: 70M used, 70M committed, 1088M reserved
[34.035s][info][gc,ref      ] GC(118) Soft: 3829 encountered, 0 discovered, 0 enqueued
[34.035s][info][gc,ref      ] GC(118) Weak: 10810 encountered, 1226 discovered, 0 enqueued
[34.035s][info][gc,ref      ] GC(118) Final: 289 encountered, 32 discovered, 0 enqueued
[34.035s][info][gc,ref      ] GC(118) Phantom: 425 encountered, 275 discovered, 0 enqueued
[34.035s][info][gc,reloc    ] GC(118) Small Pages: 509 / 1018M, Empty: 580M, Relocated: 3M, In-Place: 0
[34.035s][info][gc,reloc    ] GC(118) Medium Pages: 0 / 0M, Empty: 0M, Relocated: 0M, In-Place: 0
[34.035s][info][gc,reloc    ] GC(118) Large Pages: 0 / 0M, Empty: 0M, Relocated: 0M, In-Place: 0
[34.035s][info][gc,reloc    ] GC(118) Forwarding Usage: 1M
[34.035s][info][gc,heap     ] GC(118) Min Capacity: 8M(0%)
[34.035s][info][gc,heap     ] GC(118) Max Capacity: 2048M(100%)
[34.035s][info][gc,heap     ] GC(118) Soft Max Capacity: 2048M(100%)
[34.035s][info][gc,heap     ] GC(118)                Mark Start          Mark End        Relocate Start      Relocate End           High               Low         
[34.035s][info][gc,heap     ] GC(118)  Capacity:     2048M (100%)       2048M (100%)       2048M (100%)       2048M (100%)       2048M (100%)       2048M (100%)   
[34.035s][info][gc,heap     ] GC(118)      Free:     1030M (50%)         772M (38%)        1268M (62%)        1610M (79%)        1622M (79%)         718M (35%)    
[34.035s][info][gc,heap     ] GC(118)      Used:     1018M (50%)        1276M (62%)         780M (38%)         438M (21%)        1330M (65%)         426M (21%)    
[34.035s][info][gc,heap     ] GC(118)      Live:         -                51M (3%)           51M (3%)           51M (3%)             -                  -          
[34.035s][info][gc,heap     ] GC(118) Allocated:         -               258M (13%)         342M (17%)         369M (18%)            -                  -          
[34.035s][info][gc,heap     ] GC(118)   Garbage:         -               966M (47%)         386M (19%)          16M (1%)             -                  -          
[34.035s][info][gc,heap     ] GC(118) Reclaimed:         -                  -               580M (28%)         949M (46%)            -                  -          
[34.035s][info][gc          ] GC(118) Garbage Collection (Allocation Rate) 1018M(50%)->438M(21%)
[34.154s][info][gc,start    ] GC(119) Garbage Collection (Allocation Rate)
[34.154s][info][gc,task     ] GC(119) Using 3 workers
[34.155s][info][gc,phases   ] GC(119) Pause Mark Start 0.009ms
[34.214s][info][gc,phases   ] GC(119) Concurrent Mark 59.257ms
[34.214s][info][gc,phases   ] GC(119) Pause Mark End 0.039ms
[34.215s][info][gc,phases   ] GC(119) Concurrent Mark Free 0.001ms
[34.225s][info][gc,phases   ] GC(119) Concurrent Process Non-Strong References 9.655ms
[34.225s][info][gc,phases   ] GC(119) Concurrent Reset Relocation Set 0.067ms
[34.234s][info][gc,phases   ] GC(119) Concurrent Select Relocation Set 9.175ms
[34.234s][info][gc,phases   ] GC(119) Pause Relocate Start 0.008ms
[34.243s][info][gc,phases   ] GC(119) Concurrent Relocate 8.854ms
[34.243s][info][gc,load     ] GC(119) Load: 0.00/0.00/0.00
[34.243s][info][gc,mmu      ] GC(119) MMU: 2ms/98.1%, 5ms/99.2%, 10ms/99.6%, 20ms/99.8%, 50ms/99.9%, 100ms/99.9%
[34.243s][info][gc,marking  ] GC(119) Mark: 2 stripe(s), 2 proactive flush(es), 1 terminate flush(es), 1 completion(s), 0 continuation(s) 
[34.243s][info][gc,marking  ] GC(119) Mark Stack Usage: 32M
[34.243s][info][gc,nmethod  ] GC(119) NMethods: 8929 registered, 84 unregistered
[34.244s][info][gc,metaspace] GC(119) Metaspace: 70M used, 70M committed, 1088M reserved
[34.244s][info][gc,ref      ] GC(119) Soft: 3829 encountered, 0 discovered, 0 enqueued
[34.244s][info][gc,ref      ] GC(119) Weak: 10662 encountered, 1147 discovered, 37 enqueued
[34.244s][info][gc,ref      ] GC(119) Final: 289 encountered, 30 discovered, 0 enqueued
[34.244s][info][gc,ref      ] GC(119) Phantom: 425 encountered, 331 discovered, 0 enqueued
[34.244s][info][gc,reloc    ] GC(119) Small Pages: 509 / 1018M, Empty: 644M, Relocated: 6M, In-Place: 0
[34.244s][info][gc,reloc    ] GC(119) Medium Pages: 0 / 0M, Empty: 0M, Relocated: 0M, In-Place: 0
[34.244s][info][gc,reloc    ] GC(119) Large Pages: 0 / 0M, Empty: 0M, Relocated: 0M, In-Place: 0
[34.244s][info][gc,reloc    ] GC(119) Forwarding Usage: 2M
[34.244s][info][gc,heap     ] GC(119) Min Capacity: 8M(0%)
[34.244s][info][gc,heap     ] GC(119) Max Capacity: 2048M(100%)
[34.244s][info][gc,heap     ] GC(119) Soft Max Capacity: 2048M(100%)
[34.244s][info][gc,heap     ] GC(119)                Mark Start          Mark End        Relocate Start      Relocate End           High               Low         
[34.244s][info][gc,heap     ] GC(119)  Capacity:     2048M (100%)       2048M (100%)       2048M (100%)       2048M (100%)       2048M (100%)       2048M (100%)   
[34.244s][info][gc,heap     ] GC(119)      Free:     1030M (50%)         748M (37%)        1300M (63%)        1574M (77%)        1590M (78%)         698M (34%)    
[34.244s][info][gc,heap     ] GC(119)      Used:     1018M (50%)        1300M (63%)         748M (37%)         474M (23%)        1350M (66%)         458M (22%)    
[34.244s][info][gc,heap     ] GC(119)      Live:         -                51M (3%)           51M (3%)           51M (3%)             -                  -          
[34.244s][info][gc,heap     ] GC(119) Allocated:         -               282M (14%)         374M (18%)         409M (20%)            -                  -          
[34.244s][info][gc,heap     ] GC(119)   Garbage:         -               966M (47%)         322M (16%)          13M (1%)             -                  -          
[34.244s][info][gc,heap     ] GC(119) Reclaimed:         -                  -               644M (31%)         953M (47%)            -                  -          
[34.244s][info][gc          ] GC(119) Garbage Collection (Allocation Rate) 1018M(50%)->474M(23%)
[34.354s][info][gc,start    ] GC(120) Garbage Collection (Allocation Rate)
[34.354s][info][gc,task     ] GC(120) Using 3 workers
[34.354s][info][gc,phases   ] GC(120) Pause Mark Start 0.010ms
[34.410s][info][gc,phases   ] GC(120) Concurrent Mark 55.327ms
[34.410s][info][gc,phases   ] GC(120) Pause Mark End 0.023ms
[34.410s][info][gc,phases   ] GC(120) Concurrent Mark Free 0.001ms
[34.420s][info][gc,phases   ] GC(120) Concurrent Process Non-Strong References 9.873ms
[34.420s][info][gc,phases   ] GC(120) Concurrent Reset Relocation Set 0.034ms
[34.430s][info][gc,phases   ] GC(120) Concurrent Select Relocation Set 10.010ms
[34.431s][info][gc,phases   ] GC(120) Pause Relocate Start 0.008ms
[34.440s][info][gc,phases   ] GC(120) Concurrent Relocate 8.436ms
[34.440s][info][gc,load     ] GC(120) Load: 0.00/0.00/0.00
[34.440s][info][gc,mmu      ] GC(120) MMU: 2ms/98.1%, 5ms/99.2%, 10ms/99.6%, 20ms/99.8%, 50ms/99.9%, 100ms/99.9%
[34.440s][info][gc,marking  ] GC(120) Mark: 2 stripe(s), 2 proactive flush(es), 1 terminate flush(es), 0 completion(s), 0 continuation(s) 
[34.440s][info][gc,marking  ] GC(120) Mark Stack Usage: 32M
[34.440s][info][gc,nmethod  ] GC(120) NMethods: 8933 registered, 85 unregistered
[34.440s][info][gc,metaspace] GC(120) Metaspace: 70M used, 70M committed, 1088M reserved
[34.440s][info][gc,ref      ] GC(120) Soft: 3829 encountered, 0 discovered, 0 enqueued
[34.440s][info][gc,ref      ] GC(120) Weak: 10511 encountered, 828 discovered, 24 enqueued
[34.440s][info][gc,ref      ] GC(120) Final: 289 encountered, 21 discovered, 0 enqueued
[34.440s][info][gc,ref      ] GC(120) Phantom: 425 encountered, 272 discovered, 0 enqueued
[34.440s][info][gc,reloc    ] GC(120) Small Pages: 508 / 1016M, Empty: 658M, Relocated: 6M, In-Place: 0
[34.440s][info][gc,reloc    ] GC(120) Medium Pages: 0 / 0M, Empty: 0M, Relocated: 0M, In-Place: 0
[34.440s][info][gc,reloc    ] GC(120) Large Pages: 0 / 0M, Empty: 0M, Relocated: 0M, In-Place: 0
[34.440s][info][gc,reloc    ] GC(120) Forwarding Usage: 2M
[34.440s][info][gc,heap     ] GC(120) Min Capacity: 8M(0%)
[34.440s][info][gc,heap     ] GC(120) Max Capacity: 2048M(100%)
[34.440s][info][gc,heap     ] GC(120) Soft Max Capacity: 2048M(100%)
[34.440s][info][gc,heap     ] GC(120)                Mark Start          Mark End        Relocate Start      Relocate End           High               Low         
[34.440s][info][gc,heap     ] GC(120)  Capacity:     2048M (100%)       2048M (100%)       2048M (100%)       2048M (100%)       2048M (100%)       2048M (100%)   
[34.440s][info][gc,heap     ] GC(120)      Free:     1032M (50%)         786M (38%)        1358M (66%)        1630M (80%)        1640M (80%)         742M (36%)    
[34.440s][info][gc,heap     ] GC(120)      Used:     1016M (50%)        1262M (62%)         690M (34%)         418M (20%)        1306M (64%)         408M (20%)    
[34.440s][info][gc,heap     ] GC(120)      Live:         -                51M (3%)           51M (3%)           51M (3%)             -                  -          
[34.440s][info][gc,heap     ] GC(120) Allocated:         -               246M (12%)         332M (16%)         354M (17%)            -                  -          
[34.440s][info][gc,heap     ] GC(120)   Garbage:         -               964M (47%)         306M (15%)          12M (1%)             -                  -          
[34.440s][info][gc,heap     ] GC(120) Reclaimed:         -                  -               658M (32%)         952M (47%)            -                  -          
[34.440s][info][gc          ] GC(120) Garbage Collection (Allocation Rate) 1016M(50%)->418M(20%)
[34.555s][info][gc,start    ] GC(121) Garbage Collection (Allocation Rate)
[34.555s][info][gc,task     ] GC(121) Using 3 workers
[34.555s][info][gc,phases   ] GC(121) Pause Mark Start 0.010ms
[34.626s][info][gc,phases   ] GC(121) Concurrent Mark 70.452ms
[34.626s][info][gc,phases   ] GC(121) Pause Mark End 0.022ms
[34.626s][info][gc,phases   ] GC(121) Concurrent Mark Free 0.002ms
[34.636s][info][gc,phases   ] GC(121) Concurrent Process Non-Strong References 10.501ms
[34.637s][info][gc,phases   ] GC(121) Concurrent Reset Relocation Set 0.046ms
[34.643s][info][gc,phases   ] GC(121) Concurrent Select Relocation Set 6.512ms
[34.643s][info][gc,phases   ] GC(121) Pause Relocate Start 0.008ms
[34.652s][info][gc,phases   ] GC(121) Concurrent Relocate 8.329ms
[34.652s][info][gc,load     ] GC(121) Load: 0.00/0.00/0.00
[34.652s][info][gc,mmu      ] GC(121) MMU: 2ms/98.1%, 5ms/99.2%, 10ms/99.6%, 20ms/99.8%, 50ms/99.9%, 100ms/99.9%
[34.652s][info][gc,marking  ] GC(121) Mark: 2 stripe(s), 2 proactive flush(es), 1 terminate flush(es), 0 completion(s), 0 continuation(s) 
[34.652s][info][gc,marking  ] GC(121) Mark Stack Usage: 32M
[34.652s][info][gc,nmethod  ] GC(121) NMethods: 8934 registered, 86 unregistered
[34.652s][info][gc,metaspace] GC(121) Metaspace: 70M used, 70M committed, 1088M reserved
[34.652s][info][gc,ref      ] GC(121) Soft: 3829 encountered, 0 discovered, 0 enqueued
[34.652s][info][gc,ref      ] GC(121) Weak: 10411 encountered, 1139 discovered, 18 enqueued
[34.652s][info][gc,ref      ] GC(121) Final: 289 encountered, 50 discovered, 0 enqueued
[34.652s][info][gc,ref      ] GC(121) Phantom: 425 encountered, 303 discovered, 0 enqueued
[34.652s][info][gc,reloc    ] GC(121) Small Pages: 477 / 954M, Empty: 678M, Relocated: 6M, In-Place: 0
[34.652s][info][gc,reloc    ] GC(121) Medium Pages: 0 / 0M, Empty: 0M, Relocated: 0M, In-Place: 0
[34.652s][info][gc,reloc    ] GC(121) Large Pages: 0 / 0M, Empty: 0M, Relocated: 0M, In-Place: 0
[34.652s][info][gc,reloc    ] GC(121) Forwarding Usage: 2M
[34.652s][info][gc,heap     ] GC(121) Min Capacity: 8M(0%)
[34.652s][info][gc,heap     ] GC(121) Max Capacity: 2048M(100%)
[34.652s][info][gc,heap     ] GC(121) Soft Max Capacity: 2048M(100%)
[34.652s][info][gc,heap     ] GC(121)                Mark Start          Mark End        Relocate Start      Relocate End           High               Low         
[34.652s][info][gc,heap     ] GC(121)  Capacity:     2048M (100%)       2048M (100%)       2048M (100%)       2048M (100%)       2048M (100%)       2048M (100%)   
[34.652s][info][gc,heap     ] GC(121)      Free:     1094M (53%)         768M (38%)        1368M (67%)        1558M (76%)        1570M (77%)         718M (35%)    
[34.652s][info][gc,heap     ] GC(121)      Used:      954M (47%)        1280M (63%)         680M (33%)         490M (24%)        1330M (65%)         478M (23%)    
[34.653s][info][gc,heap     ] GC(121)      Live:         -                51M (2%)           51M (2%)           51M (2%)             -                  -          
[34.653s][info][gc,heap     ] GC(121) Allocated:         -               326M (16%)         404M (20%)         426M (21%)            -                  -          
[34.653s][info][gc,heap     ] GC(121)   Garbage:         -               902M (44%)         224M (11%)          12M (1%)             -                  -          
[34.653s][info][gc,heap     ] GC(121) Reclaimed:         -                  -               678M (33%)         890M (43%)            -                  -          
[34.653s][info][gc          ] GC(121) Garbage Collection (Allocation Rate) 954M(47%)->490M(24%)
[34.754s][info][gc,start    ] GC(122) Garbage Collection (Allocation Rate)
[34.754s][info][gc,task     ] GC(122) Using 3 workers
[34.755s][info][gc,phases   ] GC(122) Pause Mark Start 0.012ms
[34.810s][info][gc,phases   ] GC(122) Concurrent Mark 55.563ms
[34.810s][info][gc,phases   ] GC(122) Pause Mark End 0.020ms
[34.811s][info][gc,phases   ] GC(122) Concurrent Mark Free 0.001ms
[34.821s][info][gc,phases   ] GC(122) Concurrent Process Non-Strong References 10.555ms
[34.821s][info][gc,phases   ] GC(122) Concurrent Reset Relocation Set 0.033ms
[34.826s][info][gc,phases   ] GC(122) Concurrent Select Relocation Set 5.080ms
[34.827s][info][gc,phases   ] GC(122) Pause Relocate Start 0.009ms
[34.833s][info][gc,phases   ] GC(122) Concurrent Relocate 6.497ms
[34.833s][info][gc,load     ] GC(122) Load: 0.00/0.00/0.00
[34.833s][info][gc,mmu      ] GC(122) MMU: 2ms/98.1%, 5ms/99.2%, 10ms/99.6%, 20ms/99.8%, 50ms/99.9%, 100ms/99.9%
[34.833s][info][gc,marking  ] GC(122) Mark: 2 stripe(s), 2 proactive flush(es), 1 terminate flush(es), 0 completion(s), 0 continuation(s) 
[34.833s][info][gc,marking  ] GC(122) Mark Stack Usage: 32M
[34.833s][info][gc,nmethod  ] GC(122) NMethods: 9004 registered, 87 unregistered
[34.833s][info][gc,metaspace] GC(122) Metaspace: 70M used, 70M committed, 1088M reserved
[34.833s][info][gc,ref      ] GC(122) Soft: 3829 encountered, 0 discovered, 0 enqueued
[34.833s][info][gc,ref      ] GC(122) Weak: 10256 encountered, 1553 discovered, 36 enqueued
[34.833s][info][gc,ref      ] GC(122) Final: 289 encountered, 2 discovered, 0 enqueued
[34.834s][info][gc,ref      ] GC(122) Phantom: 425 encountered, 347 discovered, 0 enqueued
[34.834s][info][gc,reloc    ] GC(122) Small Pages: 473 / 946M, Empty: 670M, Relocated: 5M, In-Place: 0
[34.834s][info][gc,reloc    ] GC(122) Medium Pages: 0 / 0M, Empty: 0M, Relocated: 0M, In-Place: 0
[34.834s][info][gc,reloc    ] GC(122) Large Pages: 0 / 0M, Empty: 0M, Relocated: 0M, In-Place: 0
[34.834s][info][gc,reloc    ] GC(122) Forwarding Usage: 2M
[34.834s][info][gc,heap     ] GC(122) Min Capacity: 8M(0%)
[34.834s][info][gc,heap     ] GC(122) Max Capacity: 2048M(100%)
[34.834s][info][gc,heap     ] GC(122) Soft Max Capacity: 2048M(100%)
[34.834s][info][gc,heap     ] GC(122)                Mark Start          Mark End        Relocate Start      Relocate End           High               Low         
[34.834s][info][gc,heap     ] GC(122)  Capacity:     2048M (100%)       2048M (100%)       2048M (100%)       2048M (100%)       2048M (100%)       2048M (100%)   
[34.834s][info][gc,heap     ] GC(122)      Free:     1102M (54%)         882M (43%)        1490M (73%)        1688M (82%)        1694M (83%)         842M (41%)    
[34.834s][info][gc,heap     ] GC(122)      Used:      946M (46%)        1166M (57%)         558M (27%)         360M (18%)        1206M (59%)         354M (17%)    
[34.834s][info][gc,heap     ] GC(122)      Live:         -                50M (2%)           50M (2%)           50M (2%)             -                  -          
[34.834s][info][gc,heap     ] GC(122) Allocated:         -               220M (11%)         282M (14%)         294M (14%)            -                  -          
[34.834s][info][gc,heap     ] GC(122)   Garbage:         -               895M (44%)         225M (11%)          14M (1%)             -                  -          
[34.834s][info][gc,heap     ] GC(122) Reclaimed:         -                  -               670M (33%)         880M (43%)            -                  -          
[34.834s][info][gc          ] GC(122) Garbage Collection (Allocation Rate) 946M(46%)->360M(18%)
[34.954s][info][gc,start    ] GC(123) Garbage Collection (Allocation Rate)
[34.954s][info][gc,task     ] GC(123) Using 3 workers
[34.954s][info][gc,phases   ] GC(123) Pause Mark Start 0.010ms
[35.006s][info][gc,phases   ] GC(123) Concurrent Mark 51.603ms
[35.006s][info][gc,phases   ] GC(123) Pause Mark End 0.021ms
[35.006s][info][gc,phases   ] GC(123) Concurrent Mark Free 0.001ms
[35.015s][info][gc,phases   ] GC(123) Concurrent Process Non-Strong References 9.032ms
[35.015s][info][gc,phases   ] GC(123) Concurrent Reset Relocation Set 0.023ms
[35.021s][info][gc,phases   ] GC(123) Concurrent Select Relocation Set 5.330ms
[35.021s][info][gc,phases   ] GC(123) Pause Relocate Start 0.014ms
[35.027s][info][gc,phases   ] GC(123) Concurrent Relocate 5.562ms
[35.027s][info][gc,load     ] GC(123) Load: 0.00/0.00/0.00
[35.027s][info][gc,mmu      ] GC(123) MMU: 2ms/98.1%, 5ms/99.2%, 10ms/99.6%, 20ms/99.8%, 50ms/99.9%, 100ms/99.9%
[35.027s][info][gc,marking  ] GC(123) Mark: 2 stripe(s), 2 proactive flush(es), 1 terminate flush(es), 0 completion(s), 0 continuation(s) 
[35.027s][info][gc,marking  ] GC(123) Mark Stack Usage: 32M
[35.027s][info][gc,nmethod  ] GC(123) NMethods: 9040 registered, 87 unregistered
[35.027s][info][gc,metaspace] GC(123) Metaspace: 70M used, 70M committed, 1088M reserved
[35.027s][info][gc,ref      ] GC(123) Soft: 3829 encountered, 0 discovered, 0 enqueued
[35.027s][info][gc,ref      ] GC(123) Weak: 10022 encountered, 701 discovered, 48 enqueued
[35.027s][info][gc,ref      ] GC(123) Final: 289 encountered, 28 discovered, 0 enqueued
[35.027s][info][gc,ref      ] GC(123) Phantom: 425 encountered, 303 discovered, 0 enqueued
[35.027s][info][gc,reloc    ] GC(123) Small Pages: 403 / 806M, Empty: 530M, Relocated: 3M, In-Place: 0
[35.027s][info][gc,reloc    ] GC(123) Medium Pages: 0 / 0M, Empty: 0M, Relocated: 0M, In-Place: 0
[35.027s][info][gc,reloc    ] GC(123) Large Pages: 0 / 0M, Empty: 0M, Relocated: 0M, In-Place: 0
[35.027s][info][gc,reloc    ] GC(123) Forwarding Usage: 1M
[35.027s][info][gc,heap     ] GC(123) Min Capacity: 8M(0%)
[35.027s][info][gc,heap     ] GC(123) Max Capacity: 2048M(100%)
[35.027s][info][gc,heap     ] GC(123) Soft Max Capacity: 2048M(100%)
[35.027s][info][gc,heap     ] GC(123)                Mark Start          Mark End        Relocate Start      Relocate End           High               Low         
[35.027s][info][gc,heap     ] GC(123)  Capacity:     2048M (100%)       2048M (100%)       2048M (100%)       2048M (100%)       2048M (100%)       2048M (100%)   
[35.027s][info][gc,heap     ] GC(123)      Free:     1242M (61%)        1066M (52%)        1552M (76%)        1748M (85%)        1756M (86%)        1038M (51%)    
[35.027s][info][gc,heap     ] GC(123)      Used:      806M (39%)         982M (48%)         496M (24%)         300M (15%)        1010M (49%)         292M (14%)    
[35.027s][info][gc,heap     ] GC(123)      Live:         -                50M (2%)           50M (2%)           50M (2%)             -                  -          
[35.027s][info][gc,heap     ] GC(123) Allocated:         -               176M (9%)          220M (11%)         233M (11%)            -                  -          
[35.027s][info][gc,heap     ] GC(123)   Garbage:         -               755M (37%)         225M (11%)          16M (1%)             -                  -          
[35.027s][info][gc,heap     ] GC(123) Reclaimed:         -                  -               530M (26%)         739M (36%)            -                  -          
[35.027s][info][gc          ] GC(123) Garbage Collection (Allocation Rate) 806M(39%)->300M(15%)
[35.255s][info][gc,start    ] GC(124) Garbage Collection (Allocation Rate)
[35.255s][info][gc,task     ] GC(124) Using 2 workers
[35.255s][info][gc,phases   ] GC(124) Pause Mark Start 0.010ms
[35.321s][info][gc,phases   ] GC(124) Concurrent Mark 66.528ms
[35.322s][info][gc,phases   ] GC(124) Pause Mark End 0.023ms
[35.322s][info][gc,phases   ] GC(124) Concurrent Mark Free 0.001ms
[35.335s][info][gc,phases   ] GC(124) Concurrent Process Non-Strong References 12.914ms
[35.335s][info][gc,phases   ] GC(124) Concurrent Reset Relocation Set 0.022ms
[35.338s][info][gc,phases   ] GC(124) Concurrent Select Relocation Set 3.271ms
[35.338s][info][gc,phases   ] GC(124) Pause Relocate Start 0.007ms
[35.344s][info][gc,phases   ] GC(124) Concurrent Relocate 5.703ms
[35.344s][info][gc,load     ] GC(124) Load: 0.00/0.00/0.00
[35.344s][info][gc,mmu      ] GC(124) MMU: 2ms/98.1%, 5ms/99.2%, 10ms/99.6%, 20ms/99.8%, 50ms/99.9%, 100ms/99.9%
[35.344s][info][gc,marking  ] GC(124) Mark: 2 stripe(s), 2 proactive flush(es), 1 terminate flush(es), 0 completion(s), 0 continuation(s) 
[35.344s][info][gc,marking  ] GC(124) Mark Stack Usage: 32M
[35.344s][info][gc,nmethod  ] GC(124) NMethods: 9044 registered, 89 unregistered
[35.344s][info][gc,metaspace] GC(124) Metaspace: 70M used, 70M committed, 1088M reserved
[35.344s][info][gc,ref      ] GC(124) Soft: 3829 encountered, 0 discovered, 0 enqueued
[35.344s][info][gc,ref      ] GC(124) Weak: 9899 encountered, 1097 discovered, 19 enqueued
[35.344s][info][gc,ref      ] GC(124) Final: 289 encountered, 35 discovered, 0 enqueued
[35.344s][info][gc,ref      ] GC(124) Phantom: 425 encountered, 338 discovered, 0 enqueued
[35.344s][info][gc,reloc    ] GC(124) Small Pages: 500 / 1000M, Empty: 756M, Relocated: 3M, In-Place: 0
[35.344s][info][gc,reloc    ] GC(124) Medium Pages: 0 / 0M, Empty: 0M, Relocated: 0M, In-Place: 0
[35.344s][info][gc,reloc    ] GC(124) Large Pages: 0 / 0M, Empty: 0M, Relocated: 0M, In-Place: 0
[35.344s][info][gc,reloc    ] GC(124) Forwarding Usage: 1M
[35.344s][info][gc,heap     ] GC(124) Min Capacity: 8M(0%)
[35.344s][info][gc,heap     ] GC(124) Max Capacity: 2048M(100%)
[35.344s][info][gc,heap     ] GC(124) Soft Max Capacity: 2048M(100%)
[35.344s][info][gc,heap     ] GC(124)                Mark Start          Mark End        Relocate Start      Relocate End           High               Low         
[35.344s][info][gc,heap     ] GC(124)  Capacity:     2048M (100%)       2048M (100%)       2048M (100%)       2048M (100%)       2048M (100%)       2048M (100%)   
[35.344s][info][gc,heap     ] GC(124)      Free:     1048M (51%)         856M (42%)        1564M (76%)        1732M (85%)        1736M (85%)         816M (40%)    
[35.345s][info][gc,heap     ] GC(124)      Used:     1000M (49%)        1192M (58%)         484M (24%)         316M (15%)        1232M (60%)         312M (15%)    
[35.345s][info][gc,heap     ] GC(124)      Live:         -                50M (2%)           50M (2%)           50M (2%)             -                  -          
[35.345s][info][gc,heap     ] GC(124) Allocated:         -               192M (9%)          240M (12%)         251M (12%)            -                  -          
[35.345s][info][gc,heap     ] GC(124)   Garbage:         -               949M (46%)         193M (9%)           14M (1%)             -                  -          
[35.345s][info][gc,heap     ] GC(124) Reclaimed:         -                  -               756M (37%)         935M (46%)            -                  -          
[35.345s][info][gc          ] GC(124) Garbage Collection (Allocation Rate) 1000M(49%)->316M(15%)
[35.454s][info][gc,start    ] GC(125) Garbage Collection (Allocation Rate)
[35.454s][info][gc,task     ] GC(125) Using 2 workers
[35.454s][info][gc,phases   ] GC(125) Pause Mark Start 0.010ms
[35.514s][info][gc,phases   ] GC(125) Concurrent Mark 59.643ms
[35.514s][info][gc,phases   ] GC(125) Pause Mark End 0.019ms
[35.514s][info][gc,phases   ] GC(125) Concurrent Mark Free 0.001ms
[35.525s][info][gc,phases   ] GC(125) Concurrent Process Non-Strong References 10.688ms
[35.525s][info][gc,phases   ] GC(125) Concurrent Reset Relocation Set 0.013ms
[35.528s][info][gc,phases   ] GC(125) Concurrent Select Relocation Set 2.933ms
[35.528s][info][gc,phases   ] GC(125) Pause Relocate Start 0.008ms
[35.531s][info][gc,phases   ] GC(125) Concurrent Relocate 2.243ms
[35.531s][info][gc,load     ] GC(125) Load: 0.00/0.00/0.00
[35.531s][info][gc,mmu      ] GC(125) MMU: 2ms/98.1%, 5ms/99.2%, 10ms/99.6%, 20ms/99.8%, 50ms/99.9%, 100ms/99.9%
[35.531s][info][gc,marking  ] GC(125) Mark: 2 stripe(s), 2 proactive flush(es), 1 terminate flush(es), 0 completion(s), 0 continuation(s) 
[35.531s][info][gc,marking  ] GC(125) Mark Stack Usage: 32M
[35.531s][info][gc,nmethod  ] GC(125) NMethods: 9092 registered, 89 unregistered
[35.531s][info][gc,metaspace] GC(125) Metaspace: 70M used, 70M committed, 1088M reserved
[35.531s][info][gc,ref      ] GC(125) Soft: 3829 encountered, 0 discovered, 0 enqueued
[35.531s][info][gc,ref      ] GC(125) Weak: 9805 encountered, 1083 discovered, 18 enqueued
[35.531s][info][gc,ref      ] GC(125) Final: 289 encountered, 1 discovered, 0 enqueued
[35.531s][info][gc,ref      ] GC(125) Phantom: 425 encountered, 341 discovered, 0 enqueued
[35.531s][info][gc,reloc    ] GC(125) Small Pages: 324 / 648M, Empty: 460M, Relocated: 1M, In-Place: 0
[35.531s][info][gc,reloc    ] GC(125) Medium Pages: 0 / 0M, Empty: 0M, Relocated: 0M, In-Place: 0
[35.531s][info][gc,reloc    ] GC(125) Large Pages: 0 / 0M, Empty: 0M, Relocated: 0M, In-Place: 0
[35.531s][info][gc,reloc    ] GC(125) Forwarding Usage: 0M
[35.531s][info][gc,heap     ] GC(125) Min Capacity: 8M(0%)
[35.531s][info][gc,heap     ] GC(125) Max Capacity: 2048M(100%)
[35.531s][info][gc,heap     ] GC(125) Soft Max Capacity: 2048M(100%)
[35.531s][info][gc,heap     ] GC(125)                Mark Start          Mark End        Relocate Start      Relocate End           High               Low         
[35.531s][info][gc,heap     ] GC(125)  Capacity:     2048M (100%)       2048M (100%)       2048M (100%)       2048M (100%)       2048M (100%)       2048M (100%)   
[35.531s][info][gc,heap     ] GC(125)      Free:     1400M (68%)        1246M (61%)        1668M (81%)        1786M (87%)        1786M (87%)        1216M (59%)    
[35.531s][info][gc,heap     ] GC(125)      Used:      648M (32%)         802M (39%)         380M (19%)         262M (13%)         832M (41%)         262M (13%)    
[35.531s][info][gc,heap     ] GC(125)      Live:         -                49M (2%)           49M (2%)           49M (2%)             -                  -          
[35.531s][info][gc,heap     ] GC(125) Allocated:         -               154M (8%)          192M (9%)          195M (10%)            -                  -          
[35.531s][info][gc,heap     ] GC(125)   Garbage:         -               598M (29%)         138M (7%)           16M (1%)             -                  -          
[35.531s][info][gc,heap     ] GC(125) Reclaimed:         -                  -               460M (22%)         581M (28%)            -                  -          
[35.531s][info][gc          ] GC(125) Garbage Collection (Allocation Rate) 648M(32%)->262M(13%)
[35.654s][info][gc,start    ] GC(126) Garbage Collection (Allocation Rate)
[35.654s][info][gc,task     ] GC(126) Using 2 workers
[35.654s][info][gc,phases   ] GC(126) Pause Mark Start 0.011ms
[35.712s][info][gc,phases   ] GC(126) Concurrent Mark 57.534ms
[35.712s][info][gc,phases   ] GC(126) Pause Mark End 0.021ms
[35.712s][info][gc,phases   ] GC(126) Concurrent Mark Free 0.001ms
[35.722s][info][gc,phases   ] GC(126) Concurrent Process Non-Strong References 10.259ms
[35.722s][info][gc,phases   ] GC(126) Concurrent Reset Relocation Set 0.011ms
[35.725s][info][gc,phases   ] GC(126) Concurrent Select Relocation Set 2.795ms
[35.725s][info][gc,phases   ] GC(126) Pause Relocate Start 0.007ms
[35.727s][info][gc,phases   ] GC(126) Concurrent Relocate 1.550ms
[35.727s][info][gc,load     ] GC(126) Load: 0.00/0.00/0.00
[35.727s][info][gc,mmu      ] GC(126) MMU: 2ms/98.1%, 5ms/99.2%, 10ms/99.6%, 20ms/99.8%, 50ms/99.9%, 100ms/99.9%
[35.727s][info][gc,marking  ] GC(126) Mark: 2 stripe(s), 2 proactive flush(es), 1 terminate flush(es), 0 completion(s), 0 continuation(s) 
[35.727s][info][gc,marking  ] GC(126) Mark Stack Usage: 32M
[35.727s][info][gc,nmethod  ] GC(126) NMethods: 9094 registered, 93 unregistered
[35.727s][info][gc,metaspace] GC(126) Metaspace: 70M used, 70M committed, 1088M reserved
[35.727s][info][gc,ref      ] GC(126) Soft: 3829 encountered, 0 discovered, 0 enqueued
[35.727s][info][gc,ref      ] GC(126) Weak: 9713 encountered, 925 discovered, 19 enqueued
[35.727s][info][gc,ref      ] GC(126) Final: 289 encountered, 0 discovered, 0 enqueued
[35.727s][info][gc,ref      ] GC(126) Phantom: 425 encountered, 330 discovered, 0 enqueued
[35.727s][info][gc,reloc    ] GC(126) Small Pages: 298 / 596M, Empty: 438M, Relocated: 1M, In-Place: 0
[35.727s][info][gc,reloc    ] GC(126) Medium Pages: 0 / 0M, Empty: 0M, Relocated: 0M, In-Place: 0
[35.727s][info][gc,reloc    ] GC(126) Large Pages: 0 / 0M, Empty: 0M, Relocated: 0M, In-Place: 0
[35.727s][info][gc,reloc    ] GC(126) Forwarding Usage: 0M
[35.727s][info][gc,heap     ] GC(126) Min Capacity: 8M(0%)
[35.727s][info][gc,heap     ] GC(126) Max Capacity: 2048M(100%)
[35.727s][info][gc,heap     ] GC(126) Soft Max Capacity: 2048M(100%)
[35.727s][info][gc,heap     ] GC(126)                Mark Start          Mark End        Relocate Start      Relocate End           High               Low         
[35.727s][info][gc,heap     ] GC(126)  Capacity:     2048M (100%)       2048M (100%)       2048M (100%)       2048M (100%)       2048M (100%)       2048M (100%)   
[35.727s][info][gc,heap     ] GC(126)      Free:     1452M (71%)        1320M (64%)        1724M (84%)        1816M (89%)        1816M (89%)        1292M (63%)    
[35.727s][info][gc,heap     ] GC(126)      Used:      596M (29%)         728M (36%)         324M (16%)         232M (11%)         756M (37%)         232M (11%)    
[35.727s][info][gc,heap     ] GC(126)      Live:         -                49M (2%)           49M (2%)           49M (2%)             -                  -          
[35.727s][info][gc,heap     ] GC(126) Allocated:         -               132M (6%)          166M (8%)          165M (8%)             -                  -          
[35.727s][info][gc,heap     ] GC(126)   Garbage:         -               546M (27%)         108M (5%)           16M (1%)             -                  -          
[35.727s][info][gc,heap     ] GC(126) Reclaimed:         -                  -               438M (21%)         529M (26%)            -                  -          
[35.727s][info][gc          ] GC(126) Garbage Collection (Allocation Rate) 596M(29%)->232M(11%)
[35.855s][info][gc,start    ] GC(127) Garbage Collection (Allocation Rate)
[35.855s][info][gc,task     ] GC(127) Using 6 workers
[35.855s][info][gc,phases   ] GC(127) Pause Mark Start 0.010ms
[35.877s][info][gc,phases   ] GC(127) Concurrent Mark 21.699ms
[35.877s][info][gc,phases   ] GC(127) Pause Mark End 0.021ms
[35.877s][info][gc,phases   ] GC(127) Concurrent Mark Free 0.001ms
[35.881s][info][gc,phases   ] GC(127) Concurrent Process Non-Strong References 3.924ms
[35.881s][info][gc,phases   ] GC(127) Concurrent Reset Relocation Set 0.010ms
[35.884s][info][gc,phases   ] GC(127) Concurrent Select Relocation Set 3.576ms
[35.884s][info][gc,phases   ] GC(127) Pause Relocate Start 0.008ms
[35.887s][info][gc,phases   ] GC(127) Concurrent Relocate 2.398ms
[35.887s][info][gc,load     ] GC(127) Load: 0.00/0.00/0.00
[35.887s][info][gc,mmu      ] GC(127) MMU: 2ms/98.1%, 5ms/99.2%, 10ms/99.6%, 20ms/99.8%, 50ms/99.9%, 100ms/99.9%
[35.887s][info][gc,marking  ] GC(127) Mark: 4 stripe(s), 2 proactive flush(es), 1 terminate flush(es), 0 completion(s), 0 continuation(s) 
[35.887s][info][gc,marking  ] GC(127) Mark Stack Usage: 32M
[35.887s][info][gc,nmethod  ] GC(127) NMethods: 9095 registered, 94 unregistered
[35.887s][info][gc,metaspace] GC(127) Metaspace: 70M used, 70M committed, 1088M reserved
[35.887s][info][gc,ref      ] GC(127) Soft: 3829 encountered, 0 discovered, 0 enqueued
[35.887s][info][gc,ref      ] GC(127) Weak: 9645 encountered, 625 discovered, 13 enqueued
[35.887s][info][gc,ref      ] GC(127) Final: 289 encountered, 34 discovered, 0 enqueued
[35.887s][info][gc,ref      ] GC(127) Phantom: 425 encountered, 279 discovered, 0 enqueued
[35.887s][info][gc,reloc    ] GC(127) Small Pages: 264 / 528M, Empty: 376M, Relocated: 5M, In-Place: 0
[35.887s][info][gc,reloc    ] GC(127) Medium Pages: 0 / 0M, Empty: 0M, Relocated: 0M, In-Place: 0
[35.887s][info][gc,reloc    ] GC(127) Large Pages: 0 / 0M, Empty: 0M, Relocated: 0M, In-Place: 0
[35.887s][info][gc,reloc    ] GC(127) Forwarding Usage: 1M
[35.887s][info][gc,heap     ] GC(127) Min Capacity: 8M(0%)
[35.887s][info][gc,heap     ] GC(127) Max Capacity: 2048M(100%)
[35.887s][info][gc,heap     ] GC(127) Soft Max Capacity: 2048M(100%)
[35.887s][info][gc,heap     ] GC(127)                Mark Start          Mark End        Relocate Start      Relocate End           High               Low         
[35.887s][info][gc,heap     ] GC(127)  Capacity:     2048M (100%)       2048M (100%)       2048M (100%)       2048M (100%)       2048M (100%)       2048M (100%)   
[35.887s][info][gc,heap     ] GC(127)      Free:     1520M (74%)        1476M (72%)        1838M (90%)        1918M (94%)        1918M (94%)        1468M (72%)    
[35.887s][info][gc,heap     ] GC(127)      Used:      528M (26%)         572M (28%)         210M (10%)         130M (6%)          580M (28%)         130M (6%)     
[35.887s][info][gc,heap     ] GC(127)      Live:         -                49M (2%)           49M (2%)           49M (2%)             -                  -          
[35.887s][info][gc,heap     ] GC(127) Allocated:         -                44M (2%)           58M (3%)           61M (3%)             -                  -          
[35.887s][info][gc,heap     ] GC(127)   Garbage:         -               478M (23%)         102M (5%)           18M (1%)             -                  -          
[35.887s][info][gc,heap     ] GC(127) Reclaimed:         -                  -               376M (18%)         459M (22%)            -                  -          
[35.887s][info][gc          ] GC(127) Garbage Collection (Allocation Rate) 528M(26%)->130M(6%)
[36.355s][info][gc,start    ] GC(128) Garbage Collection (Allocation Rate)
[36.355s][info][gc,task     ] GC(128) Using 6 workers
[36.355s][info][gc,phases   ] GC(128) Pause Mark Start 0.011ms
[36.377s][info][gc,phases   ] GC(128) Concurrent Mark 21.720ms
[36.377s][info][gc,phases   ] GC(128) Pause Mark End 0.022ms
[36.377s][info][gc,phases   ] GC(128) Concurrent Mark Free 0.001ms
[36.381s][info][gc,phases   ] GC(128) Concurrent Process Non-Strong References 3.681ms
[36.381s][info][gc,phases   ] GC(128) Concurrent Reset Relocation Set 0.006ms
[36.385s][info][gc,phases   ] GC(128) Concurrent Select Relocation Set 4.121ms
[36.385s][info][gc,phases   ] GC(128) Pause Relocate Start 0.007ms
[36.388s][info][gc,phases   ] GC(128) Concurrent Relocate 2.485ms
[36.388s][info][gc,load     ] GC(128) Load: 0.00/0.00/0.00
[36.388s][info][gc,mmu      ] GC(128) MMU: 2ms/98.1%, 5ms/99.2%, 10ms/99.6%, 20ms/99.8%, 50ms/99.9%, 100ms/99.9%
[36.388s][info][gc,marking  ] GC(128) Mark: 4 stripe(s), 2 proactive flush(es), 1 terminate flush(es), 0 completion(s), 0 continuation(s) 
[36.388s][info][gc,marking  ] GC(128) Mark Stack Usage: 32M
[36.388s][info][gc,nmethod  ] GC(128) NMethods: 9095 registered, 95 unregistered
[36.388s][info][gc,metaspace] GC(128) Metaspace: 70M used, 70M committed, 1088M reserved
[36.388s][info][gc,ref      ] GC(128) Soft: 3829 encountered, 0 discovered, 0 enqueued
[36.388s][info][gc,ref      ] GC(128) Weak: 9632 encountered, 343 discovered, 0 enqueued
[36.388s][info][gc,ref      ] GC(128) Final: 289 encountered, 27 discovered, 0 enqueued
[36.388s][info][gc,ref      ] GC(128) Phantom: 425 encountered, 274 discovered, 0 enqueued
[36.388s][info][gc,reloc    ] GC(128) Small Pages: 595 / 1190M, Empty: 1034M, Relocated: 5M, In-Place: 0
[36.388s][info][gc,reloc    ] GC(128) Medium Pages: 0 / 0M, Empty: 0M, Relocated: 0M, In-Place: 0
[36.388s][info][gc,reloc    ] GC(128) Large Pages: 0 / 0M, Empty: 0M, Relocated: 0M, In-Place: 0
[36.388s][info][gc,reloc    ] GC(128) Forwarding Usage: 1M
[36.388s][info][gc,heap     ] GC(128) Min Capacity: 8M(0%)
[36.388s][info][gc,heap     ] GC(128) Max Capacity: 2048M(100%)
[36.388s][info][gc,heap     ] GC(128) Soft Max Capacity: 2048M(100%)
[36.388s][info][gc,heap     ] GC(128)                Mark Start          Mark End        Relocate Start      Relocate End           High               Low         
[36.388s][info][gc,heap     ] GC(128)  Capacity:     2048M (100%)       2048M (100%)       2048M (100%)       2048M (100%)       2048M (100%)       2048M (100%)   
[36.388s][info][gc,heap     ] GC(128)      Free:      858M (42%)         812M (40%)        1830M (89%)        1912M (93%)        1912M (93%)         804M (39%)    
[36.388s][info][gc,heap     ] GC(128)      Used:     1190M (58%)        1236M (60%)         218M (11%)         136M (7%)         1244M (61%)         136M (7%)     
[36.388s][info][gc,heap     ] GC(128)      Live:         -                49M (2%)           49M (2%)           49M (2%)             -                  -          
[36.388s][info][gc,heap     ] GC(128) Allocated:         -                46M (2%)           62M (3%)           67M (3%)             -                  -          
[36.388s][info][gc,heap     ] GC(128)   Garbage:         -              1140M (56%)         106M (5%)           18M (1%)             -                  -          
[36.388s][info][gc,heap     ] GC(128) Reclaimed:         -                  -              1034M (50%)        1121M (55%)            -                  -          
[36.388s][info][gc          ] GC(128) Garbage Collection (Allocation Rate) 1190M(58%)->136M(7%)
[36.854s][info][gc,start    ] GC(129) Garbage Collection (Allocation Rate)
[36.854s][info][gc,task     ] GC(129) Using 1 workers
[36.854s][info][gc,phases   ] GC(129) Pause Mark Start 0.009ms
[36.945s][info][gc,phases   ] GC(129) Concurrent Mark 90.654ms
[36.945s][info][gc,phases   ] GC(129) Pause Mark End 0.026ms
[36.945s][info][gc,phases   ] GC(129) Concurrent Mark Free 0.001ms
[36.973s][info][gc,phases   ] GC(129) Concurrent Process Non-Strong References 27.917ms
[36.973s][info][gc,phases   ] GC(129) Concurrent Reset Relocation Set 0.006ms
[36.977s][info][gc,phases   ] GC(129) Concurrent Select Relocation Set 4.017ms
[36.977s][info][gc,phases   ] GC(129) Pause Relocate Start 0.011ms
[36.988s][info][gc,phases   ] GC(129) Concurrent Relocate 10.979ms
[36.989s][info][gc,load     ] GC(129) Load: 0.00/0.00/0.00
[36.989s][info][gc,mmu      ] GC(129) MMU: 2ms/98.1%, 5ms/99.2%, 10ms/99.6%, 20ms/99.8%, 50ms/99.9%, 100ms/99.9%
[36.989s][info][gc,marking  ] GC(129) Mark: 1 stripe(s), 2 proactive flush(es), 1 terminate flush(es), 0 completion(s), 0 continuation(s) 
[36.989s][info][gc,marking  ] GC(129) Mark Stack Usage: 32M
[36.989s][info][gc,nmethod  ] GC(129) NMethods: 9199 registered, 95 unregistered
[36.989s][info][gc,metaspace] GC(129) Metaspace: 70M used, 70M committed, 1088M reserved
[36.989s][info][gc,ref      ] GC(129) Soft: 3829 encountered, 0 discovered, 0 enqueued
[36.989s][info][gc,ref      ] GC(129) Weak: 9480 encountered, 894 discovered, 18 enqueued
[36.989s][info][gc,ref      ] GC(129) Final: 289 encountered, 96 discovered, 0 enqueued
[36.989s][info][gc,ref      ] GC(129) Phantom: 425 encountered, 284 discovered, 0 enqueued
[36.989s][info][gc,reloc    ] GC(129) Small Pages: 593 / 1186M, Empty: 1038M, Relocated: 4M, In-Place: 0
[36.989s][info][gc,reloc    ] GC(129) Medium Pages: 0 / 0M, Empty: 0M, Relocated: 0M, In-Place: 0
[36.989s][info][gc,reloc    ] GC(129) Large Pages: 0 / 0M, Empty: 0M, Relocated: 0M, In-Place: 0
[36.989s][info][gc,reloc    ] GC(129) Forwarding Usage: 1M
[36.989s][info][gc,heap     ] GC(129) Min Capacity: 8M(0%)
[36.989s][info][gc,heap     ] GC(129) Max Capacity: 2048M(100%)
[36.989s][info][gc,heap     ] GC(129) Soft Max Capacity: 2048M(100%)
[36.989s][info][gc,heap     ] GC(129)                Mark Start          Mark End        Relocate Start      Relocate End           High               Low         
[36.989s][info][gc,heap     ] GC(129)  Capacity:     2048M (100%)       2048M (100%)       2048M (100%)       2048M (100%)       2048M (100%)       2048M (100%)   
[36.989s][info][gc,heap     ] GC(129)      Free:      862M (42%)         798M (39%)        1836M (90%)        1922M (94%)        1922M (94%)         798M (39%)    
[36.989s][info][gc,heap     ] GC(129)      Used:     1186M (58%)        1250M (61%)         212M (10%)         126M (6%)         1250M (61%)         126M (6%)     
[36.989s][info][gc,heap     ] GC(129)      Live:         -                49M (2%)           49M (2%)           49M (2%)             -                  -          
[36.989s][info][gc,heap     ] GC(129) Allocated:         -                64M (3%)           64M (3%)           64M (3%)             -                  -          
[36.989s][info][gc,heap     ] GC(129)   Garbage:         -              1136M (55%)          98M (5%)           12M (1%)             -                  -          
[36.989s][info][gc,heap     ] GC(129) Reclaimed:         -                  -              1038M (51%)        1124M (55%)            -                  -          
[36.989s][info][gc          ] GC(129) Garbage Collection (Allocation Rate) 1186M(58%)->126M(6%)
[36.989s][info][gc,start    ] GC(130) Garbage Collection (System.gc())
[36.989s][info][gc,task     ] GC(130) Using 12 workers
[36.990s][info][gc,phases   ] GC(130) Pause Mark Start 0.013ms
[37.012s][info][gc,phases   ] GC(130) Concurrent Mark 22.117ms
[37.012s][info][gc,phases   ] GC(130) Pause Mark End 0.024ms
[37.012s][info][gc,phases   ] GC(130) Concurrent Mark Free 0.001ms
[37.015s][info][gc,phases   ] GC(130) Concurrent Process Non-Strong References 2.475ms
[37.015s][info][gc,phases   ] GC(130) Concurrent Reset Relocation Set 0.006ms
[37.018s][info][gc,phases   ] GC(130) Concurrent Select Relocation Set 3.703ms
[37.018s][info][gc,phases   ] GC(130) Pause Relocate Start 0.009ms
[37.020s][info][gc,phases   ] GC(130) Concurrent Relocate 1.680ms
[37.020s][info][gc,load     ] GC(130) Load: 0.00/0.00/0.00
[37.020s][info][gc,mmu      ] GC(130) MMU: 2ms/98.1%, 5ms/99.2%, 10ms/99.6%, 20ms/99.8%, 50ms/99.9%, 100ms/99.9%
[37.020s][info][gc,marking  ] GC(130) Mark: 8 stripe(s), 2 proactive flush(es), 1 terminate flush(es), 0 completion(s), 0 continuation(s) 
[37.020s][info][gc,marking  ] GC(130) Mark Stack Usage: 32M
[37.020s][info][gc,nmethod  ] GC(130) NMethods: 9186 registered, 108 unregistered
[37.020s][info][gc,metaspace] GC(130) Metaspace: 70M used, 70M committed, 1088M reserved
[37.020s][info][gc,ref      ] GC(130) Soft: 3829 encountered, 0 discovered, 0 enqueued
[37.020s][info][gc,ref      ] GC(130) Weak: 10134 encountered, 1393 discovered, 44 enqueued
[37.021s][info][gc,ref      ] GC(130) Final: 289 encountered, 25 discovered, 0 enqueued
[37.021s][info][gc,ref      ] GC(130) Phantom: 425 encountered, 323 discovered, 0 enqueued
[37.021s][info][gc,reloc    ] GC(130) Small Pages: 63 / 126M, Empty: 0M, Relocated: 3M, In-Place: 0
[37.021s][info][gc,reloc    ] GC(130) Medium Pages: 0 / 0M, Empty: 0M, Relocated: 0M, In-Place: 0
[37.021s][info][gc,reloc    ] GC(130) Large Pages: 0 / 0M, Empty: 0M, Relocated: 0M, In-Place: 0
[37.021s][info][gc,reloc    ] GC(130) Forwarding Usage: 1M
[37.021s][info][gc,heap     ] GC(130) Min Capacity: 8M(0%)
[37.021s][info][gc,heap     ] GC(130) Max Capacity: 2048M(100%)
[37.021s][info][gc,heap     ] GC(130) Soft Max Capacity: 2048M(100%)
[37.021s][info][gc,heap     ] GC(130)                Mark Start          Mark End        Relocate Start      Relocate End           High               Low         
[37.021s][info][gc,heap     ] GC(130)  Capacity:     2048M (100%)       2048M (100%)       2048M (100%)       2048M (100%)       2048M (100%)       2048M (100%)   
[37.021s][info][gc,heap     ] GC(130)      Free:     1922M (94%)        1920M (94%)        1920M (94%)        1964M (96%)        1964M (96%)        1896M (93%)    
[37.021s][info][gc,heap     ] GC(130)      Used:      126M (6%)          128M (6%)          128M (6%)           84M (4%)          152M (7%)           84M (4%)     
[37.021s][info][gc,heap     ] GC(130)      Live:         -                49M (2%)           49M (2%)           49M (2%)             -                  -          
[37.021s][info][gc,heap     ] GC(130) Allocated:         -                 2M (0%)            2M (0%)            2M (0%)             -                  -          
[37.021s][info][gc,heap     ] GC(130)   Garbage:         -                76M (4%)           76M (4%)           32M (2%)             -                  -          
[37.021s][info][gc,heap     ] GC(130) Reclaimed:         -                  -                 0M (0%)           44M (2%)             -                  -          
[37.021s][info][gc          ] GC(130) Garbage Collection (System.gc()) 126M(6%)->84M(4%)
[37.254s][info][gc,start    ] GC(131) Garbage Collection (Allocation Rate)
[37.261s][info][gc,task     ] GC(131) Using 3 workers
[37.261s][info][gc,phases   ] GC(131) Pause Mark Start 0.010ms
[37.320s][info][gc,phases   ] GC(131) Concurrent Mark 58.660ms
[37.321s][info][gc,phases   ] GC(131) Pause Mark End 0.022ms
[37.321s][info][gc,phases   ] GC(131) Concurrent Mark Free 0.002ms
[37.333s][info][gc,phases   ] GC(131) Concurrent Process Non-Strong References 11.822ms
[37.333s][info][gc,phases   ] GC(131) Concurrent Reset Relocation Set 0.014ms
[37.341s][info][gc,phases   ] GC(131) Concurrent Select Relocation Set 8.194ms
[37.342s][info][gc,phases   ] GC(131) Pause Relocate Start 0.010ms
[37.351s][info][gc,phases   ] GC(131) Concurrent Relocate 8.663ms
[37.351s][info][gc,load     ] GC(131) Load: 0.00/0.00/0.00
[37.351s][info][gc,mmu      ] GC(131) MMU: 2ms/98.1%, 5ms/99.2%, 10ms/99.6%, 20ms/99.8%, 50ms/99.9%, 100ms/99.9%
[37.351s][info][gc,marking  ] GC(131) Mark: 2 stripe(s), 2 proactive flush(es), 1 terminate flush(es), 0 completion(s), 0 continuation(s) 
[37.351s][info][gc,marking  ] GC(131) Mark Stack Usage: 32M
[37.351s][info][gc,nmethod  ] GC(131) NMethods: 9326 registered, 138 unregistered
[37.351s][info][gc,metaspace] GC(131) Metaspace: 70M used, 71M committed, 1088M reserved
[37.351s][info][gc,ref      ] GC(131) Soft: 3829 encountered, 0 discovered, 0 enqueued
[37.351s][info][gc,ref      ] GC(131) Weak: 11011 encountered, 1184 discovered, 0 enqueued
[37.351s][info][gc,ref      ] GC(131) Final: 289 encountered, 26 discovered, 0 enqueued
[37.351s][info][gc,ref      ] GC(131) Phantom: 430 encountered, 297 discovered, 5 enqueued
[37.351s][info][gc,reloc    ] GC(131) Small Pages: 586 / 1172M, Empty: 568M, Relocated: 5M, In-Place: 0
[37.351s][info][gc,reloc    ] GC(131) Medium Pages: 0 / 0M, Empty: 0M, Relocated: 0M, In-Place: 0
[37.351s][info][gc,reloc    ] GC(131) Large Pages: 0 / 0M, Empty: 0M, Relocated: 0M, In-Place: 0
[37.351s][info][gc,reloc    ] GC(131) Forwarding Usage: 2M
[37.351s][info][gc,heap     ] GC(131) Min Capacity: 8M(0%)
[37.351s][info][gc,heap     ] GC(131) Max Capacity: 2048M(100%)
[37.351s][info][gc,heap     ] GC(131) Soft Max Capacity: 2048M(100%)
[37.351s][info][gc,heap     ] GC(131)                Mark Start          Mark End        Relocate Start      Relocate End           High               Low         
[37.351s][info][gc,heap     ] GC(131)  Capacity:     2048M (100%)       2048M (100%)       2048M (100%)       2048M (100%)       2048M (100%)       2048M (100%)   
[37.351s][info][gc,heap     ] GC(131)      Free:      876M (43%)         588M (29%)        1060M (52%)        1576M (77%)        1576M (77%)         528M (26%)    
[37.351s][info][gc,heap     ] GC(131)      Used:     1172M (57%)        1460M (71%)         988M (48%)         472M (23%)        1520M (74%)         472M (23%)    
[37.351s][info][gc,heap     ] GC(131)      Live:         -                53M (3%)           53M (3%)           53M (3%)             -                  -          
[37.351s][info][gc,heap     ] GC(131) Allocated:         -               288M (14%)         384M (19%)         402M (20%)            -                  -          
[37.351s][info][gc,heap     ] GC(131)   Garbage:         -              1118M (55%)         550M (27%)          15M (1%)             -                  -          
[37.351s][info][gc,heap     ] GC(131) Reclaimed:         -                  -               568M (28%)        1102M (54%)            -                  -          
[37.351s][info][gc          ] GC(131) Garbage Collection (Allocation Rate) 1172M(57%)->472M(23%)
[37.454s][info][gc,start    ] GC(132) Garbage Collection (Allocation Rate)
[37.454s][info][gc,task     ] GC(132) Using 6 workers
[37.454s][info][gc,phases   ] GC(132) Pause Mark Start 0.012ms
[37.490s][info][gc,phases   ] GC(132) Concurrent Mark 35.308ms
[37.490s][info][gc,phases   ] GC(132) Pause Mark End 0.026ms
[37.491s][info][gc,phases   ] GC(132) Concurrent Mark Free 0.001ms
[37.497s][info][gc,phases   ] GC(132) Concurrent Process Non-Strong References 5.367ms
[37.497s][info][gc,phases   ] GC(132) Concurrent Reset Relocation Set 0.070ms
[37.506s][info][gc,phases   ] GC(132) Concurrent Select Relocation Set 9.508ms
[37.507s][info][gc,phases   ] GC(132) Pause Relocate Start 0.009ms
[37.512s][info][gc,phases   ] GC(132) Concurrent Relocate 4.831ms
[37.512s][info][gc,load     ] GC(132) Load: 0.00/0.00/0.00
[37.512s][info][gc,mmu      ] GC(132) MMU: 2ms/98.1%, 5ms/99.2%, 10ms/99.6%, 20ms/99.8%, 50ms/99.9%, 100ms/99.9%
[37.512s][info][gc,marking  ] GC(132) Mark: 4 stripe(s), 2 proactive flush(es), 1 terminate flush(es), 0 completion(s), 0 continuation(s) 
[37.512s][info][gc,marking  ] GC(132) Mark Stack Usage: 32M
[37.512s][info][gc,nmethod  ] GC(132) NMethods: 9326 registered, 138 unregistered
[37.512s][info][gc,metaspace] GC(132) Metaspace: 70M used, 71M committed, 1088M reserved
[37.512s][info][gc,ref      ] GC(132) Soft: 3829 encountered, 0 discovered, 0 enqueued
[37.512s][info][gc,ref      ] GC(132) Weak: 11011 encountered, 1182 discovered, 0 enqueued
[37.512s][info][gc,ref      ] GC(132) Final: 289 encountered, 13 discovered, 0 enqueued
[37.512s][info][gc,ref      ] GC(132) Phantom: 425 encountered, 274 discovered, 0 enqueued
[37.512s][info][gc,reloc    ] GC(132) Small Pages: 494 / 988M, Empty: 652M, Relocated: 5M, In-Place: 0
[37.512s][info][gc,reloc    ] GC(132) Medium Pages: 0 / 0M, Empty: 0M, Relocated: 0M, In-Place: 0
[37.512s][info][gc,reloc    ] GC(132) Large Pages: 0 / 0M, Empty: 0M, Relocated: 0M, In-Place: 0
[37.512s][info][gc,reloc    ] GC(132) Forwarding Usage: 2M
[37.512s][info][gc,heap     ] GC(132) Min Capacity: 8M(0%)
[37.512s][info][gc,heap     ] GC(132) Max Capacity: 2048M(100%)
[37.512s][info][gc,heap     ] GC(132) Soft Max Capacity: 2048M(100%)
[37.512s][info][gc,heap     ] GC(132)                Mark Start          Mark End        Relocate Start      Relocate End           High               Low         
[37.512s][info][gc,heap     ] GC(132)  Capacity:     2048M (100%)       2048M (100%)       2048M (100%)       2048M (100%)       2048M (100%)       2048M (100%)   
[37.512s][info][gc,heap     ] GC(132)      Free:     1060M (52%)         896M (44%)        1476M (72%)        1728M (84%)        1728M (84%)         868M (42%)    
[37.512s][info][gc,heap     ] GC(132)      Used:      988M (48%)        1152M (56%)         572M (28%)         320M (16%)        1180M (58%)         320M (16%)    
[37.512s][info][gc,heap     ] GC(132)      Live:         -                53M (3%)           53M (3%)           53M (3%)             -                  -          
[37.512s][info][gc,heap     ] GC(132) Allocated:         -               164M (8%)          236M (12%)         245M (12%)            -                  -          
[37.512s][info][gc,heap     ] GC(132)   Garbage:         -               934M (46%)         282M (14%)          20M (1%)             -                  -          
[37.512s][info][gc,heap     ] GC(132) Reclaimed:         -                  -               652M (32%)         913M (45%)            -                  -          
[37.512s][info][gc          ] GC(132) Garbage Collection (Allocation Rate) 988M(48%)->320M(16%)
[37.655s][info][gc,start    ] GC(133) Garbage Collection (Allocation Rate)
[37.655s][info][gc,task     ] GC(133) Using 6 workers
[37.655s][info][gc,phases   ] GC(133) Pause Mark Start 0.010ms
[37.689s][info][gc,phases   ] GC(133) Concurrent Mark 33.089ms
[37.689s][info][gc,phases   ] GC(133) Pause Mark End 0.030ms
[37.690s][info][gc,phases   ] GC(133) Concurrent Mark Free 0.002ms
[37.696s][info][gc,phases   ] GC(133) Concurrent Process Non-Strong References 5.996ms
[37.696s][info][gc,phases   ] GC(133) Concurrent Reset Relocation Set 0.046ms
[37.706s][info][gc,phases   ] GC(133) Concurrent Select Relocation Set 9.918ms
[37.706s][info][gc,phases   ] GC(133) Pause Relocate Start 0.008ms
[37.715s][info][gc,phases   ] GC(133) Concurrent Relocate 8.000ms
[37.715s][info][gc,load     ] GC(133) Load: 0.00/0.00/0.00
[37.715s][info][gc,mmu      ] GC(133) MMU: 2ms/98.1%, 5ms/99.2%, 10ms/99.6%, 20ms/99.8%, 50ms/99.9%, 100ms/99.9%
[37.715s][info][gc,marking  ] GC(133) Mark: 4 stripe(s), 2 proactive flush(es), 1 terminate flush(es), 0 completion(s), 0 continuation(s) 
[37.715s][info][gc,marking  ] GC(133) Mark Stack Usage: 32M
[37.715s][info][gc,nmethod  ] GC(133) NMethods: 9326 registered, 138 unregistered
[37.715s][info][gc,metaspace] GC(133) Metaspace: 70M used, 71M committed, 1088M reserved
[37.715s][info][gc,ref      ] GC(133) Soft: 3829 encountered, 0 discovered, 0 enqueued
[37.715s][info][gc,ref      ] GC(133) Weak: 11011 encountered, 1019 discovered, 0 enqueued
[37.715s][info][gc,ref      ] GC(133) Final: 289 encountered, 17 discovered, 0 enqueued
[37.716s][info][gc,ref      ] GC(133) Phantom: 425 encountered, 267 discovered, 0 enqueued
[37.716s][info][gc,reloc    ] GC(133) Small Pages: 516 / 1032M, Empty: 652M, Relocated: 8M, In-Place: 0
[37.716s][info][gc,reloc    ] GC(133) Medium Pages: 0 / 0M, Empty: 0M, Relocated: 0M, In-Place: 0
[37.716s][info][gc,reloc    ] GC(133) Large Pages: 0 / 0M, Empty: 0M, Relocated: 0M, In-Place: 0
[37.716s][info][gc,reloc    ] GC(133) Forwarding Usage: 4M
[37.716s][info][gc,heap     ] GC(133) Min Capacity: 8M(0%)
[37.716s][info][gc,heap     ] GC(133) Max Capacity: 2048M(100%)
[37.716s][info][gc,heap     ] GC(133) Soft Max Capacity: 2048M(100%)
[37.716s][info][gc,heap     ] GC(133)                Mark Start          Mark End        Relocate Start      Relocate End           High               Low         
[37.716s][info][gc,heap     ] GC(133)  Capacity:     2048M (100%)       2048M (100%)       2048M (100%)       2048M (100%)       2048M (100%)       2048M (100%)   
[37.716s][info][gc,heap     ] GC(133)      Free:     1016M (50%)         856M (42%)        1430M (70%)        1714M (84%)        1726M (84%)         820M (40%)    
[37.716s][info][gc,heap     ] GC(133)      Used:     1032M (50%)        1192M (58%)         618M (30%)         334M (16%)        1228M (60%)         322M (16%)    
[37.716s][info][gc,heap     ] GC(133)      Live:         -                53M (3%)           53M (3%)           53M (3%)             -                  -          
[37.716s][info][gc,heap     ] GC(133) Allocated:         -               160M (8%)          238M (12%)         265M (13%)            -                  -          
[37.716s][info][gc,heap     ] GC(133)   Garbage:         -               978M (48%)         326M (16%)          15M (1%)             -                  -          
[37.716s][info][gc,heap     ] GC(133) Reclaimed:         -                  -               652M (32%)         963M (47%)            -                  -          
[37.716s][info][gc          ] GC(133) Garbage Collection (Allocation Rate) 1032M(50%)->334M(16%)
[37.755s][info][gc,start    ] GC(134) Garbage Collection (Allocation Rate)
[37.755s][info][gc,task     ] GC(134) Using 6 workers
[37.755s][info][gc,phases   ] GC(134) Pause Mark Start 0.009ms
[37.793s][info][gc,phases   ] GC(134) Concurrent Mark 38.185ms
[37.794s][info][gc,phases   ] GC(134) Pause Mark End 0.023ms
[37.796s][info][gc,phases   ] GC(134) Concurrent Mark Free 0.001ms
[37.802s][info][gc,phases   ] GC(134) Concurrent Process Non-Strong References 6.061ms
[37.802s][info][gc,phases   ] GC(134) Concurrent Reset Relocation Set 0.048ms
[37.807s][info][gc,phases   ] GC(134) Concurrent Select Relocation Set 4.947ms
[37.807s][info][gc,phases   ] GC(134) Pause Relocate Start 0.008ms
[37.815s][info][gc,phases   ] GC(134) Concurrent Relocate 7.147ms
[37.815s][info][gc,load     ] GC(134) Load: 0.00/0.00/0.00
[37.815s][info][gc,mmu      ] GC(134) MMU: 2ms/98.1%, 5ms/99.2%, 10ms/99.6%, 20ms/99.8%, 50ms/99.9%, 100ms/99.9%
[37.815s][info][gc,marking  ] GC(134) Mark: 4 stripe(s), 3 proactive flush(es), 1 terminate flush(es), 0 completion(s), 0 continuation(s) 
[37.815s][info][gc,marking  ] GC(134) Mark Stack Usage: 32M
[37.815s][info][gc,nmethod  ] GC(134) NMethods: 9326 registered, 138 unregistered
[37.815s][info][gc,metaspace] GC(134) Metaspace: 70M used, 71M committed, 1088M reserved
[37.815s][info][gc,ref      ] GC(134) Soft: 3829 encountered, 0 discovered, 0 enqueued
[37.815s][info][gc,ref      ] GC(134) Weak: 11011 encountered, 953 discovered, 0 enqueued
[37.815s][info][gc,ref      ] GC(134) Final: 289 encountered, 34 discovered, 0 enqueued
[37.815s][info][gc,ref      ] GC(134) Phantom: 425 encountered, 273 discovered, 0 enqueued
[37.815s][info][gc,reloc    ] GC(134) Small Pages: 266 / 532M, Empty: 226M, Relocated: 8M, In-Place: 0
[37.815s][info][gc,reloc    ] GC(134) Medium Pages: 0 / 0M, Empty: 0M, Relocated: 0M, In-Place: 0
[37.815s][info][gc,reloc    ] GC(134) Large Pages: 0 / 0M, Empty: 0M, Relocated: 0M, In-Place: 0
[37.815s][info][gc,reloc    ] GC(134) Forwarding Usage: 3M
[37.815s][info][gc,heap     ] GC(134) Min Capacity: 8M(0%)
[37.815s][info][gc,heap     ] GC(134) Max Capacity: 2048M(100%)
[37.815s][info][gc,heap     ] GC(134) Soft Max Capacity: 2048M(100%)
[37.815s][info][gc,heap     ] GC(134)                Mark Start          Mark End        Relocate Start      Relocate End           High               Low         
[37.815s][info][gc,heap     ] GC(134)  Capacity:     2048M (100%)       2048M (100%)       2048M (100%)       2048M (100%)       2048M (100%)       2048M (100%)   
[37.815s][info][gc,heap     ] GC(134)      Free:     1516M (74%)        1334M (65%)        1502M (73%)        1714M (84%)        1724M (84%)        1296M (63%)    
[37.815s][info][gc,heap     ] GC(134)      Used:      532M (26%)         714M (35%)         546M (27%)         334M (16%)         752M (37%)         324M (16%)    
[37.815s][info][gc,heap     ] GC(134)      Live:         -                53M (3%)           53M (3%)           53M (3%)             -                  -          
[37.815s][info][gc,heap     ] GC(134) Allocated:         -               182M (9%)          240M (12%)         265M (13%)            -                  -          
[37.815s][info][gc,heap     ] GC(134)   Garbage:         -               478M (23%)         252M (12%)          15M (1%)             -                  -          
[37.815s][info][gc,heap     ] GC(134) Reclaimed:         -                  -               226M (11%)         463M (23%)            -                  -          
[37.815s][info][gc          ] GC(134) Garbage Collection (Allocation Rate) 532M(26%)->334M(16%)
[37.855s][info][gc,start    ] GC(135) Garbage Collection (Allocation Rate)
[37.855s][info][gc,task     ] GC(135) Using 6 workers
[37.855s][info][gc,phases   ] GC(135) Pause Mark Start 0.009ms
[37.889s][info][gc,phases   ] GC(135) Concurrent Mark 34.146ms
[37.890s][info][gc,phases   ] GC(135) Pause Mark End 0.029ms
[37.891s][info][gc,phases   ] GC(135) Concurrent Mark Free 0.003ms
[37.899s][info][gc,phases   ] GC(135) Concurrent Process Non-Strong References 8.486ms
[37.900s][info][gc,phases   ] GC(135) Concurrent Reset Relocation Set 0.035ms
[37.905s][info][gc,phases   ] GC(135) Concurrent Select Relocation Set 5.103ms
[37.905s][info][gc,phases   ] GC(135) Pause Relocate Start 0.007ms
[37.913s][info][gc,phases   ] GC(135) Concurrent Relocate 7.603ms
[37.913s][info][gc,load     ] GC(135) Load: 0.00/0.00/0.00
[37.913s][info][gc,mmu      ] GC(135) MMU: 2ms/98.1%, 5ms/99.2%, 10ms/99.6%, 20ms/99.8%, 50ms/99.9%, 100ms/99.9%
[37.913s][info][gc,marking  ] GC(135) Mark: 4 stripe(s), 2 proactive flush(es), 1 terminate flush(es), 0 completion(s), 0 continuation(s) 
[37.913s][info][gc,marking  ] GC(135) Mark Stack Usage: 32M
[37.913s][info][gc,nmethod  ] GC(135) NMethods: 9326 registered, 138 unregistered
[37.913s][info][gc,metaspace] GC(135) Metaspace: 70M used, 71M committed, 1088M reserved
[37.913s][info][gc,ref      ] GC(135) Soft: 3829 encountered, 0 discovered, 0 enqueued
[37.913s][info][gc,ref      ] GC(135) Weak: 11011 encountered, 774 discovered, 0 enqueued
[37.913s][info][gc,ref      ] GC(135) Final: 289 encountered, 13 discovered, 0 enqueued
[37.913s][info][gc,ref      ] GC(135) Phantom: 425 encountered, 267 discovered, 0 enqueued
[37.913s][info][gc,reloc    ] GC(135) Small Pages: 265 / 530M, Empty: 242M, Relocated: 8M, In-Place: 0
[37.913s][info][gc,reloc    ] GC(135) Medium Pages: 0 / 0M, Empty: 0M, Relocated: 0M, In-Place: 0
[37.913s][info][gc,reloc    ] GC(135) Large Pages: 0 / 0M, Empty: 0M, Relocated: 0M, In-Place: 0
[37.913s][info][gc,reloc    ] GC(135) Forwarding Usage: 3M
[37.913s][info][gc,heap     ] GC(135) Min Capacity: 8M(0%)
[37.913s][info][gc,heap     ] GC(135) Max Capacity: 2048M(100%)
[37.913s][info][gc,heap     ] GC(135) Soft Max Capacity: 2048M(100%)
[37.913s][info][gc,heap     ] GC(135)                Mark Start          Mark End        Relocate Start      Relocate End           High               Low         
[37.913s][info][gc,heap     ] GC(135)  Capacity:     2048M (100%)       2048M (100%)       2048M (100%)       2048M (100%)       2048M (100%)       2048M (100%)   
[37.913s][info][gc,heap     ] GC(135)      Free:     1518M (74%)        1356M (66%)        1530M (75%)        1724M (84%)        1736M (85%)        1312M (64%)    
[37.913s][info][gc,heap     ] GC(135)      Used:      530M (26%)         692M (34%)         518M (25%)         324M (16%)         736M (36%)         312M (15%)    
[37.913s][info][gc,heap     ] GC(135)      Live:         -                53M (3%)           53M (3%)           53M (3%)             -                  -          
[37.913s][info][gc,heap     ] GC(135) Allocated:         -               162M (8%)          230M (11%)         253M (12%)            -                  -          
[37.913s][info][gc,heap     ] GC(135)   Garbage:         -               476M (23%)         234M (11%)          16M (1%)             -                  -          
[37.914s][info][gc,heap     ] GC(135) Reclaimed:         -                  -               242M (12%)         459M (22%)            -                  -          
[37.914s][info][gc          ] GC(135) Garbage Collection (Allocation Rate) 530M(26%)->324M(16%)
[37.954s][info][gc,start    ] GC(136) Garbage Collection (Allocation Rate)
[37.954s][info][gc,task     ] GC(136) Using 6 workers
[37.955s][info][gc,phases   ] GC(136) Pause Mark Start 0.009ms
[37.991s][info][gc,phases   ] GC(136) Concurrent Mark 36.284ms
[37.991s][info][gc,phases   ] GC(136) Pause Mark End 0.024ms
[37.992s][info][gc,phases   ] GC(136) Concurrent Mark Free 0.001ms
[37.998s][info][gc,phases   ] GC(136) Concurrent Process Non-Strong References 5.876ms
[37.998s][info][gc,phases   ] GC(136) Concurrent Reset Relocation Set 0.044ms
[38.005s][info][gc,phases   ] GC(136) Concurrent Select Relocation Set 6.657ms
[38.005s][info][gc,phases   ] GC(136) Pause Relocate Start 0.009ms
[38.013s][info][gc,phases   ] GC(136) Concurrent Relocate 6.972ms
[38.013s][info][gc,load     ] GC(136) Load: 0.00/0.00/0.00
[38.013s][info][gc,mmu      ] GC(136) MMU: 2ms/98.1%, 5ms/99.2%, 10ms/99.6%, 20ms/99.8%, 50ms/99.9%, 100ms/99.9%
[38.013s][info][gc,marking  ] GC(136) Mark: 4 stripe(s), 3 proactive flush(es), 1 terminate flush(es), 0 completion(s), 0 continuation(s) 
[38.013s][info][gc,marking  ] GC(136) Mark Stack Usage: 32M
[38.013s][info][gc,nmethod  ] GC(136) NMethods: 9326 registered, 138 unregistered
[38.013s][info][gc,metaspace] GC(136) Metaspace: 70M used, 71M committed, 1088M reserved
[38.013s][info][gc,ref      ] GC(136) Soft: 3829 encountered, 0 discovered, 0 enqueued
[38.013s][info][gc,ref      ] GC(136) Weak: 11011 encountered, 1292 discovered, 0 enqueued
[38.013s][info][gc,ref      ] GC(136) Final: 289 encountered, 14 discovered, 0 enqueued
[38.013s][info][gc,ref      ] GC(136) Phantom: 425 encountered, 318 discovered, 0 enqueued
[38.013s][info][gc,reloc    ] GC(136) Small Pages: 264 / 528M, Empty: 222M, Relocated: 6M, In-Place: 0
[38.013s][info][gc,reloc    ] GC(136) Medium Pages: 0 / 0M, Empty: 0M, Relocated: 0M, In-Place: 0
[38.013s][info][gc,reloc    ] GC(136) Large Pages: 0 / 0M, Empty: 0M, Relocated: 0M, In-Place: 0
[38.013s][info][gc,reloc    ] GC(136) Forwarding Usage: 3M
[38.013s][info][gc,heap     ] GC(136) Min Capacity: 8M(0%)
[38.013s][info][gc,heap     ] GC(136) Max Capacity: 2048M(100%)
[38.013s][info][gc,heap     ] GC(136) Soft Max Capacity: 2048M(100%)
[38.013s][info][gc,heap     ] GC(136)                Mark Start          Mark End        Relocate Start      Relocate End           High               Low         
[38.013s][info][gc,heap     ] GC(136)  Capacity:     2048M (100%)       2048M (100%)       2048M (100%)       2048M (100%)       2048M (100%)       2048M (100%)   
[38.013s][info][gc,heap     ] GC(136)      Free:     1520M (74%)        1346M (66%)        1510M (74%)        1722M (84%)        1736M (85%)        1316M (64%)    
[38.013s][info][gc,heap     ] GC(136)      Used:      528M (26%)         702M (34%)         538M (26%)         326M (16%)         732M (36%)         312M (15%)    
[38.013s][info][gc,heap     ] GC(136)      Live:         -                53M (3%)           53M (3%)           53M (3%)             -                  -          
[38.013s][info][gc,heap     ] GC(136) Allocated:         -               174M (8%)          232M (11%)         255M (12%)            -                  -          
[38.014s][info][gc,heap     ] GC(136)   Garbage:         -               474M (23%)         252M (12%)          17M (1%)             -                  -          
[38.014s][info][gc,heap     ] GC(136) Reclaimed:         -                  -               222M (11%)         457M (22%)            -                  -          
[38.014s][info][gc          ] GC(136) Garbage Collection (Allocation Rate) 528M(26%)->326M(16%)
[38.054s][info][gc,start    ] GC(137) Garbage Collection (Allocation Rate)
[38.054s][info][gc,task     ] GC(137) Using 6 workers
[38.054s][info][gc,phases   ] GC(137) Pause Mark Start 0.010ms
[38.095s][info][gc,phases   ] GC(137) Concurrent Mark 40.047ms
[38.095s][info][gc,phases   ] GC(137) Pause Mark End 0.026ms
[38.097s][info][gc,phases   ] GC(137) Concurrent Mark Free 0.002ms
[38.103s][info][gc,phases   ] GC(137) Concurrent Process Non-Strong References 5.822ms
[38.103s][info][gc,phases   ] GC(137) Concurrent Reset Relocation Set 0.038ms
[38.114s][info][gc,phases   ] GC(137) Concurrent Select Relocation Set 11.281ms
[38.114s][info][gc,phases   ] GC(137) Pause Relocate Start 0.009ms
[38.122s][info][gc,phases   ] GC(137) Concurrent Relocate 6.865ms
[38.122s][info][gc,load     ] GC(137) Load: 0.00/0.00/0.00
[38.122s][info][gc,mmu      ] GC(137) MMU: 2ms/98.1%, 5ms/99.2%, 10ms/99.6%, 20ms/99.8%, 50ms/99.9%, 100ms/99.9%
[38.122s][info][gc,marking  ] GC(137) Mark: 4 stripe(s), 2 proactive flush(es), 1 terminate flush(es), 0 completion(s), 0 continuation(s) 
[38.122s][info][gc,marking  ] GC(137) Mark Stack Usage: 32M
[38.122s][info][gc,nmethod  ] GC(137) NMethods: 9326 registered, 138 unregistered
[38.122s][info][gc,metaspace] GC(137) Metaspace: 70M used, 71M committed, 1088M reserved
[38.122s][info][gc,ref      ] GC(137) Soft: 3829 encountered, 0 discovered, 0 enqueued
[38.122s][info][gc,ref      ] GC(137) Weak: 11011 encountered, 1191 discovered, 0 enqueued
[38.122s][info][gc,ref      ] GC(137) Final: 289 encountered, 16 discovered, 0 enqueued
[38.122s][info][gc,ref      ] GC(137) Phantom: 425 encountered, 270 discovered, 0 enqueued
[38.122s][info][gc,reloc    ] GC(137) Small Pages: 264 / 528M, Empty: 252M, Relocated: 6M, In-Place: 0
[38.122s][info][gc,reloc    ] GC(137) Medium Pages: 0 / 0M, Empty: 0M, Relocated: 0M, In-Place: 0
[38.122s][info][gc,reloc    ] GC(137) Large Pages: 0 / 0M, Empty: 0M, Relocated: 0M, In-Place: 0
[38.122s][info][gc,reloc    ] GC(137) Forwarding Usage: 3M
[38.122s][info][gc,heap     ] GC(137) Min Capacity: 8M(0%)
[38.122s][info][gc,heap     ] GC(137) Max Capacity: 2048M(100%)
[38.122s][info][gc,heap     ] GC(137) Soft Max Capacity: 2048M(100%)
[38.122s][info][gc,heap     ] GC(137)                Mark Start          Mark End        Relocate Start      Relocate End           High               Low         
[38.122s][info][gc,heap     ] GC(137)  Capacity:     2048M (100%)       2048M (100%)       2048M (100%)       2048M (100%)       2048M (100%)       2048M (100%)   
[38.122s][info][gc,heap     ] GC(137)      Free:     1520M (74%)        1332M (65%)        1502M (73%)        1688M (82%)        1694M (83%)        1300M (63%)    
[38.122s][info][gc,heap     ] GC(137)      Used:      528M (26%)         716M (35%)         546M (27%)         360M (18%)         748M (37%)         354M (17%)    
[38.122s][info][gc,heap     ] GC(137)      Live:         -                53M (3%)           53M (3%)           53M (3%)             -                  -          
[38.122s][info][gc,heap     ] GC(137) Allocated:         -               188M (9%)          270M (13%)         289M (14%)            -                  -          
[38.122s][info][gc,heap     ] GC(137)   Garbage:         -               474M (23%)         222M (11%)          17M (1%)             -                  -          
[38.122s][info][gc,heap     ] GC(137) Reclaimed:         -                  -               252M (12%)         457M (22%)            -                  -          
[38.122s][info][gc          ] GC(137) Garbage Collection (Allocation Rate) 528M(26%)->360M(18%)
[38.154s][info][gc,start    ] GC(138) Garbage Collection (Allocation Rate)
[38.154s][info][gc,task     ] GC(138) Using 6 workers
[38.154s][info][gc,phases   ] GC(138) Pause Mark Start 0.010ms
[38.195s][info][gc,phases   ] GC(138) Concurrent Mark 40.171ms
[38.195s][info][gc,phases   ] GC(138) Pause Mark End 0.023ms
[38.197s][info][gc,phases   ] GC(138) Concurrent Mark Free 0.002ms
[38.203s][info][gc,phases   ] GC(138) Concurrent Process Non-Strong References 6.004ms
[38.203s][info][gc,phases   ] GC(138) Concurrent Reset Relocation Set 0.036ms
[38.209s][info][gc,phases   ] GC(138) Concurrent Select Relocation Set 5.253ms
[38.209s][info][gc,phases   ] GC(138) Pause Relocate Start 0.009ms
[38.217s][info][gc,phases   ] GC(138) Concurrent Relocate 6.710ms
[38.217s][info][gc,load     ] GC(138) Load: 0.00/0.00/0.00
[38.217s][info][gc,mmu      ] GC(138) MMU: 2ms/98.1%, 5ms/99.2%, 10ms/99.6%, 20ms/99.8%, 50ms/99.9%, 100ms/99.9%
[38.217s][info][gc,marking  ] GC(138) Mark: 4 stripe(s), 2 proactive flush(es), 1 terminate flush(es), 0 completion(s), 0 continuation(s) 
[38.217s][info][gc,marking  ] GC(138) Mark Stack Usage: 32M
[38.217s][info][gc,nmethod  ] GC(138) NMethods: 9327 registered, 138 unregistered
[38.217s][info][gc,metaspace] GC(138) Metaspace: 70M used, 71M committed, 1088M reserved
[38.217s][info][gc,ref      ] GC(138) Soft: 3829 encountered, 0 discovered, 0 enqueued
[38.217s][info][gc,ref      ] GC(138) Weak: 11011 encountered, 683 discovered, 0 enqueued
[38.217s][info][gc,ref      ] GC(138) Final: 289 encountered, 10 discovered, 0 enqueued
[38.217s][info][gc,ref      ] GC(138) Phantom: 425 encountered, 275 discovered, 0 enqueued
[38.217s][info][gc,reloc    ] GC(138) Small Pages: 261 / 522M, Empty: 228M, Relocated: 6M, In-Place: 0
[38.217s][info][gc,reloc    ] GC(138) Medium Pages: 0 / 0M, Empty: 0M, Relocated: 0M, In-Place: 0
[38.217s][info][gc,reloc    ] GC(138) Large Pages: 0 / 0M, Empty: 0M, Relocated: 0M, In-Place: 0
[38.217s][info][gc,reloc    ] GC(138) Forwarding Usage: 3M
[38.217s][info][gc,heap     ] GC(138) Min Capacity: 8M(0%)
[38.217s][info][gc,heap     ] GC(138) Max Capacity: 2048M(100%)
[38.217s][info][gc,heap     ] GC(138) Soft Max Capacity: 2048M(100%)
[38.217s][info][gc,heap     ] GC(138)                Mark Start          Mark End        Relocate Start      Relocate End           High               Low         
[38.217s][info][gc,heap     ] GC(138)  Capacity:     2048M (100%)       2048M (100%)       2048M (100%)       2048M (100%)       2048M (100%)       2048M (100%)   
[38.217s][info][gc,heap     ] GC(138)      Free:     1526M (75%)        1342M (66%)        1508M (74%)        1706M (83%)        1718M (84%)        1304M (64%)    
[38.217s][info][gc,heap     ] GC(138)      Used:      522M (25%)         706M (34%)         540M (26%)         342M (17%)         744M (36%)         330M (16%)    
[38.217s][info][gc,heap     ] GC(138)      Live:         -                53M (3%)           53M (3%)           53M (3%)             -                  -          
[38.217s][info][gc,heap     ] GC(138) Allocated:         -               184M (9%)          246M (12%)         271M (13%)            -                  -          
[38.217s][info][gc,heap     ] GC(138)   Garbage:         -               468M (23%)         240M (12%)          17M (1%)             -                  -          
[38.217s][info][gc,heap     ] GC(138) Reclaimed:         -                  -               228M (11%)         451M (22%)            -                  -          
[38.217s][info][gc          ] GC(138) Garbage Collection (Allocation Rate) 522M(25%)->342M(17%)
[38.255s][info][gc,start    ] GC(139) Garbage Collection (Allocation Rate)
[38.255s][info][gc,task     ] GC(139) Using 6 workers
[38.255s][info][gc,phases   ] GC(139) Pause Mark Start 0.009ms
[38.297s][info][gc,phases   ] GC(139) Concurrent Mark 41.217ms
[38.297s][info][gc,phases   ] GC(139) Pause Mark End 0.027ms
[38.297s][info][gc,phases   ] GC(139) Concurrent Mark Free 0.002ms
[38.303s][info][gc,phases   ] GC(139) Concurrent Process Non-Strong References 5.550ms
[38.303s][info][gc,phases   ] GC(139) Concurrent Reset Relocation Set 0.040ms
[38.308s][info][gc,phases   ] GC(139) Concurrent Select Relocation Set 5.015ms
[38.308s][info][gc,phases   ] GC(139) Pause Relocate Start 0.007ms
[38.315s][info][gc,phases   ] GC(139) Concurrent Relocate 6.439ms
[38.315s][info][gc,load     ] GC(139) Load: 0.00/0.00/0.00
[38.315s][info][gc,mmu      ] GC(139) MMU: 2ms/98.1%, 5ms/99.2%, 10ms/99.6%, 20ms/99.8%, 50ms/99.9%, 100ms/99.9%
[38.315s][info][gc,marking  ] GC(139) Mark: 4 stripe(s), 2 proactive flush(es), 1 terminate flush(es), 0 completion(s), 0 continuation(s) 
[38.315s][info][gc,marking  ] GC(139) Mark Stack Usage: 32M
[38.315s][info][gc,nmethod  ] GC(139) NMethods: 9326 registered, 139 unregistered
[38.315s][info][gc,metaspace] GC(139) Metaspace: 70M used, 71M committed, 1088M reserved
[38.315s][info][gc,ref      ] GC(139) Soft: 3829 encountered, 0 discovered, 0 enqueued
[38.315s][info][gc,ref      ] GC(139) Weak: 11011 encountered, 819 discovered, 0 enqueued
[38.315s][info][gc,ref      ] GC(139) Final: 289 encountered, 23 discovered, 0 enqueued
[38.315s][info][gc,ref      ] GC(139) Phantom: 425 encountered, 261 discovered, 0 enqueued
[38.315s][info][gc,reloc    ] GC(139) Small Pages: 265 / 530M, Empty: 160M, Relocated: 6M, In-Place: 0
[38.316s][info][gc,reloc    ] GC(139) Medium Pages: 0 / 0M, Empty: 0M, Relocated: 0M, In-Place: 0
[38.316s][info][gc,reloc    ] GC(139) Large Pages: 0 / 0M, Empty: 0M, Relocated: 0M, In-Place: 0
[38.316s][info][gc,reloc    ] GC(139) Forwarding Usage: 3M
[38.316s][info][gc,heap     ] GC(139) Min Capacity: 8M(0%)
[38.316s][info][gc,heap     ] GC(139) Max Capacity: 2048M(100%)
[38.316s][info][gc,heap     ] GC(139) Soft Max Capacity: 2048M(100%)
[38.316s][info][gc,heap     ] GC(139)                Mark Start          Mark End        Relocate Start      Relocate End           High               Low         
[38.316s][info][gc,heap     ] GC(139)  Capacity:     2048M (100%)       2048M (100%)       2048M (100%)       2048M (100%)       2048M (100%)       2048M (100%)   
[38.316s][info][gc,heap     ] GC(139)      Free:     1518M (74%)        1322M (65%)        1432M (70%)        1712M (84%)        1722M (84%)        1296M (63%)    
[38.316s][info][gc,heap     ] GC(139)      Used:      530M (26%)         726M (35%)         616M (30%)         336M (16%)         752M (37%)         326M (16%)    
[38.316s][info][gc,heap     ] GC(139)      Live:         -                53M (3%)           53M (3%)           53M (3%)             -                  -          
[38.316s][info][gc,heap     ] GC(139) Allocated:         -               196M (10%)         246M (12%)         265M (13%)            -                  -          
[38.316s][info][gc,heap     ] GC(139)   Garbage:         -               476M (23%)         316M (15%)          16M (1%)             -                  -          
[38.316s][info][gc,heap     ] GC(139) Reclaimed:         -                  -               160M (8%)          459M (22%)            -                  -          
[38.316s][info][gc          ] GC(139) Garbage Collection (Allocation Rate) 530M(26%)->336M(16%)
[38.355s][info][gc,start    ] GC(140) Garbage Collection (Allocation Rate)
[38.355s][info][gc,task     ] GC(140) Using 6 workers
[38.355s][info][gc,phases   ] GC(140) Pause Mark Start 0.009ms
[38.390s][info][gc,phases   ] GC(140) Concurrent Mark 34.303ms
[38.390s][info][gc,phases   ] GC(140) Pause Mark End 0.026ms
[38.391s][info][gc,phases   ] GC(140) Concurrent Mark Free 0.001ms
[38.397s][info][gc,phases   ] GC(140) Concurrent Process Non-Strong References 6.067ms
[38.397s][info][gc,phases   ] GC(140) Concurrent Reset Relocation Set 0.043ms
[38.402s][info][gc,phases   ] GC(140) Concurrent Select Relocation Set 5.069ms
[38.402s][info][gc,phases   ] GC(140) Pause Relocate Start 0.008ms
[38.408s][info][gc,phases   ] GC(140) Concurrent Relocate 5.260ms
[38.408s][info][gc,load     ] GC(140) Load: 0.00/0.00/0.00
[38.408s][info][gc,mmu      ] GC(140) MMU: 2ms/98.1%, 5ms/99.2%, 10ms/99.6%, 20ms/99.8%, 50ms/99.9%, 100ms/99.9%
[38.408s][info][gc,marking  ] GC(140) Mark: 4 stripe(s), 2 proactive flush(es), 1 terminate flush(es), 0 completion(s), 0 continuation(s) 
[38.408s][info][gc,marking  ] GC(140) Mark Stack Usage: 32M
[38.408s][info][gc,nmethod  ] GC(140) NMethods: 9326 registered, 139 unregistered
[38.408s][info][gc,metaspace] GC(140) Metaspace: 70M used, 71M committed, 1088M reserved
[38.408s][info][gc,ref      ] GC(140) Soft: 3829 encountered, 0 discovered, 0 enqueued
[38.408s][info][gc,ref      ] GC(140) Weak: 11011 encountered, 1145 discovered, 0 enqueued
[38.408s][info][gc,ref      ] GC(140) Final: 289 encountered, 14 discovered, 0 enqueued
[38.408s][info][gc,ref      ] GC(140) Phantom: 425 encountered, 269 discovered, 0 enqueued
[38.409s][info][gc,reloc    ] GC(140) Small Pages: 267 / 534M, Empty: 250M, Relocated: 6M, In-Place: 0
[38.409s][info][gc,reloc    ] GC(140) Medium Pages: 0 / 0M, Empty: 0M, Relocated: 0M, In-Place: 0
[38.409s][info][gc,reloc    ] GC(140) Large Pages: 0 / 0M, Empty: 0M, Relocated: 0M, In-Place: 0
[38.409s][info][gc,reloc    ] GC(140) Forwarding Usage: 2M
[38.409s][info][gc,heap     ] GC(140) Min Capacity: 8M(0%)
[38.409s][info][gc,heap     ] GC(140) Max Capacity: 2048M(100%)
[38.409s][info][gc,heap     ] GC(140) Soft Max Capacity: 2048M(100%)
[38.409s][info][gc,heap     ] GC(140)                Mark Start          Mark End        Relocate Start      Relocate End           High               Low         
[38.409s][info][gc,heap     ] GC(140)  Capacity:     2048M (100%)       2048M (100%)       2048M (100%)       2048M (100%)       2048M (100%)       2048M (100%)   
[38.409s][info][gc,heap     ] GC(140)      Free:     1514M (74%)        1346M (66%)        1540M (75%)        1740M (85%)        1742M (85%)        1312M (64%)    
[38.409s][info][gc,heap     ] GC(140)      Used:      534M (26%)         702M (34%)         508M (25%)         308M (15%)         736M (36%)         306M (15%)    
[38.409s][info][gc,heap     ] GC(140)      Live:         -                53M (3%)           53M (3%)           53M (3%)             -                  -          
[38.409s][info][gc,heap     ] GC(140) Allocated:         -               168M (8%)          224M (11%)         237M (12%)            -                  -          
[38.409s][info][gc,heap     ] GC(140)   Garbage:         -               480M (23%)         230M (11%)          16M (1%)             -                  -          
[38.409s][info][gc,heap     ] GC(140) Reclaimed:         -                  -               250M (12%)         463M (23%)            -                  -          
[38.409s][info][gc          ] GC(140) Garbage Collection (Allocation Rate) 534M(26%)->308M(15%)
[38.454s][info][gc,start    ] GC(141) Garbage Collection (Allocation Rate)
[38.455s][info][gc,task     ] GC(141) Using 6 workers
[38.455s][info][gc,phases   ] GC(141) Pause Mark Start 0.010ms
[38.487s][info][gc,phases   ] GC(141) Concurrent Mark 32.062ms
[38.488s][info][gc,phases   ] GC(141) Pause Mark End 0.029ms
[38.490s][info][gc,phases   ] GC(141) Concurrent Mark Free 0.001ms
[38.496s][info][gc,phases   ] GC(141) Concurrent Process Non-Strong References 5.847ms
[38.496s][info][gc,phases   ] GC(141) Concurrent Reset Relocation Set 0.035ms
[38.506s][info][gc,phases   ] GC(141) Concurrent Select Relocation Set 9.623ms
[38.506s][info][gc,phases   ] GC(141) Pause Relocate Start 0.008ms
[38.513s][info][gc,phases   ] GC(141) Concurrent Relocate 6.726ms
[38.513s][info][gc,load     ] GC(141) Load: 0.00/0.00/0.00
[38.513s][info][gc,mmu      ] GC(141) MMU: 2ms/98.1%, 5ms/99.2%, 10ms/99.6%, 20ms/99.8%, 50ms/99.9%, 100ms/99.9%
[38.513s][info][gc,marking  ] GC(141) Mark: 4 stripe(s), 2 proactive flush(es), 1 terminate flush(es), 0 completion(s), 0 continuation(s) 
[38.513s][info][gc,marking  ] GC(141) Mark Stack Usage: 32M
[38.513s][info][gc,nmethod  ] GC(141) NMethods: 9326 registered, 139 unregistered
[38.513s][info][gc,metaspace] GC(141) Metaspace: 70M used, 71M committed, 1088M reserved
[38.513s][info][gc,ref      ] GC(141) Soft: 3829 encountered, 0 discovered, 0 enqueued
[38.513s][info][gc,ref      ] GC(141) Weak: 11011 encountered, 1024 discovered, 0 enqueued
[38.513s][info][gc,ref      ] GC(141) Final: 289 encountered, 39 discovered, 0 enqueued
[38.513s][info][gc,ref      ] GC(141) Phantom: 425 encountered, 277 discovered, 0 enqueued
[38.513s][info][gc,reloc    ] GC(141) Small Pages: 271 / 542M, Empty: 242M, Relocated: 6M, In-Place: 0
[38.513s][info][gc,reloc    ] GC(141) Medium Pages: 0 / 0M, Empty: 0M, Relocated: 0M, In-Place: 0
[38.513s][info][gc,reloc    ] GC(141) Large Pages: 0 / 0M, Empty: 0M, Relocated: 0M, In-Place: 0
[38.513s][info][gc,reloc    ] GC(141) Forwarding Usage: 3M
[38.513s][info][gc,heap     ] GC(141) Min Capacity: 8M(0%)
[38.513s][info][gc,heap     ] GC(141) Max Capacity: 2048M(100%)
[38.513s][info][gc,heap     ] GC(141) Soft Max Capacity: 2048M(100%)
[38.513s][info][gc,heap     ] GC(141)                Mark Start          Mark End        Relocate Start      Relocate End           High               Low         
[38.513s][info][gc,heap     ] GC(141)  Capacity:     2048M (100%)       2048M (100%)       2048M (100%)       2048M (100%)       2048M (100%)       2048M (100%)   
[38.513s][info][gc,heap     ] GC(141)      Free:     1506M (74%)        1348M (66%)        1508M (74%)        1716M (84%)        1728M (84%)        1310M (64%)    
[38.513s][info][gc,heap     ] GC(141)      Used:      542M (26%)         700M (34%)         540M (26%)         332M (16%)         738M (36%)         320M (16%)    
[38.514s][info][gc,heap     ] GC(141)      Live:         -                53M (3%)           53M (3%)           53M (3%)             -                  -          
[38.514s][info][gc,heap     ] GC(141) Allocated:         -               158M (8%)          240M (12%)         259M (13%)            -                  -          
[38.514s][info][gc,heap     ] GC(141)   Garbage:         -               488M (24%)         246M (12%)          18M (1%)             -                  -          
[38.514s][info][gc,heap     ] GC(141) Reclaimed:         -                  -               242M (12%)         469M (23%)            -                  -          
[38.514s][info][gc          ] GC(141) Garbage Collection (Allocation Rate) 542M(26%)->332M(16%)
[38.554s][info][gc,start    ] GC(142) Garbage Collection (Allocation Rate)
[38.554s][info][gc,task     ] GC(142) Using 6 workers
[38.555s][info][gc,phases   ] GC(142) Pause Mark Start 0.008ms
[38.591s][info][gc,phases   ] GC(142) Concurrent Mark 36.230ms
[38.591s][info][gc,phases   ] GC(142) Pause Mark End 0.024ms
[38.593s][info][gc,phases   ] GC(142) Concurrent Mark Free 0.001ms
[38.599s][info][gc,phases   ] GC(142) Concurrent Process Non-Strong References 5.940ms
[38.599s][info][gc,phases   ] GC(142) Concurrent Reset Relocation Set 0.044ms
[38.604s][info][gc,phases   ] GC(142) Concurrent Select Relocation Set 5.056ms
[38.604s][info][gc,phases   ] GC(142) Pause Relocate Start 0.008ms
[38.610s][info][gc,phases   ] GC(142) Concurrent Relocate 5.823ms
[38.611s][info][gc,load     ] GC(142) Load: 0.00/0.00/0.00
[38.611s][info][gc,mmu      ] GC(142) MMU: 2ms/98.1%, 5ms/99.2%, 10ms/99.6%, 20ms/99.8%, 50ms/99.9%, 100ms/99.9%
[38.611s][info][gc,marking  ] GC(142) Mark: 4 stripe(s), 2 proactive flush(es), 1 terminate flush(es), 0 completion(s), 0 continuation(s) 
[38.611s][info][gc,marking  ] GC(142) Mark Stack Usage: 32M
[38.611s][info][gc,nmethod  ] GC(142) NMethods: 9326 registered, 139 unregistered
[38.611s][info][gc,metaspace] GC(142) Metaspace: 70M used, 71M committed, 1088M reserved
[38.611s][info][gc,ref      ] GC(142) Soft: 3829 encountered, 0 discovered, 0 enqueued
[38.611s][info][gc,ref      ] GC(142) Weak: 11011 encountered, 1711 discovered, 0 enqueued
[38.611s][info][gc,ref      ] GC(142) Final: 289 encountered, 21 discovered, 0 enqueued
[38.611s][info][gc,ref      ] GC(142) Phantom: 425 encountered, 307 discovered, 0 enqueued
[38.611s][info][gc,reloc    ] GC(142) Small Pages: 269 / 538M, Empty: 230M, Relocated: 5M, In-Place: 0
[38.611s][info][gc,reloc    ] GC(142) Medium Pages: 0 / 0M, Empty: 0M, Relocated: 0M, In-Place: 0
[38.611s][info][gc,reloc    ] GC(142) Large Pages: 0 / 0M, Empty: 0M, Relocated: 0M, In-Place: 0
[38.611s][info][gc,reloc    ] GC(142) Forwarding Usage: 2M
[38.611s][info][gc,heap     ] GC(142) Min Capacity: 8M(0%)
[38.611s][info][gc,heap     ] GC(142) Max Capacity: 2048M(100%)
[38.611s][info][gc,heap     ] GC(142) Soft Max Capacity: 2048M(100%)
[38.611s][info][gc,heap     ] GC(142)                Mark Start          Mark End        Relocate Start      Relocate End           High               Low         
[38.611s][info][gc,heap     ] GC(142)  Capacity:     2048M (100%)       2048M (100%)       2048M (100%)       2048M (100%)       2048M (100%)       2048M (100%)   
[38.611s][info][gc,heap     ] GC(142)      Free:     1510M (74%)        1336M (65%)        1510M (74%)        1730M (84%)        1736M (85%)        1304M (64%)    
[38.611s][info][gc,heap     ] GC(142)      Used:      538M (26%)         712M (35%)         538M (26%)         318M (16%)         744M (36%)         312M (15%)    
[38.611s][info][gc,heap     ] GC(142)      Live:         -                53M (3%)           53M (3%)           53M (3%)             -                  -          
[38.611s][info][gc,heap     ] GC(142) Allocated:         -               174M (8%)          230M (11%)         245M (12%)            -                  -          
[38.611s][info][gc,heap     ] GC(142)   Garbage:         -               484M (24%)         254M (12%)          18M (1%)             -                  -          
[38.611s][info][gc,heap     ] GC(142) Reclaimed:         -                  -               230M (11%)         465M (23%)            -                  -          
[38.611s][info][gc          ] GC(142) Garbage Collection (Allocation Rate) 538M(26%)->318M(16%)
[38.654s][info][gc,start    ] GC(143) Garbage Collection (Allocation Rate)
[38.654s][info][gc,task     ] GC(143) Using 6 workers
[38.654s][info][gc,phases   ] GC(143) Pause Mark Start 0.010ms
[38.688s][info][gc,phases   ] GC(143) Concurrent Mark 33.103ms
[38.688s][info][gc,phases   ] GC(143) Pause Mark End 0.026ms
[38.690s][info][gc,phases   ] GC(143) Concurrent Mark Free 0.001ms
[38.695s][info][gc,phases   ] GC(143) Concurrent Process Non-Strong References 5.452ms
[38.695s][info][gc,phases   ] GC(143) Concurrent Reset Relocation Set 0.039ms
[38.705s][info][gc,phases   ] GC(143) Concurrent Select Relocation Set 9.311ms
[38.705s][info][gc,phases   ] GC(143) Pause Relocate Start 0.008ms
[38.711s][info][gc,phases   ] GC(143) Concurrent Relocate 5.340ms
[38.711s][info][gc,load     ] GC(143) Load: 0.00/0.00/0.00
[38.711s][info][gc,mmu      ] GC(143) MMU: 2ms/98.1%, 5ms/99.2%, 10ms/99.6%, 20ms/99.8%, 50ms/99.9%, 100ms/99.9%
[38.711s][info][gc,marking  ] GC(143) Mark: 4 stripe(s), 2 proactive flush(es), 1 terminate flush(es), 0 completion(s), 0 continuation(s) 
[38.711s][info][gc,marking  ] GC(143) Mark Stack Usage: 32M
[38.711s][info][gc,nmethod  ] GC(143) NMethods: 9326 registered, 139 unregistered
[38.711s][info][gc,metaspace] GC(143) Metaspace: 70M used, 71M committed, 1088M reserved
[38.711s][info][gc,ref      ] GC(143) Soft: 3829 encountered, 0 discovered, 0 enqueued
[38.711s][info][gc,ref      ] GC(143) Weak: 11011 encountered, 1655 discovered, 0 enqueued
[38.711s][info][gc,ref      ] GC(143) Final: 289 encountered, 41 discovered, 0 enqueued
[38.711s][info][gc,ref      ] GC(143) Phantom: 425 encountered, 252 discovered, 0 enqueued
[38.711s][info][gc,reloc    ] GC(143) Small Pages: 268 / 536M, Empty: 220M, Relocated: 5M, In-Place: 0
[38.711s][info][gc,reloc    ] GC(143) Medium Pages: 0 / 0M, Empty: 0M, Relocated: 0M, In-Place: 0
[38.711s][info][gc,reloc    ] GC(143) Large Pages: 0 / 0M, Empty: 0M, Relocated: 0M, In-Place: 0
[38.711s][info][gc,reloc    ] GC(143) Forwarding Usage: 2M
[38.711s][info][gc,heap     ] GC(143) Min Capacity: 8M(0%)
[38.711s][info][gc,heap     ] GC(143) Max Capacity: 2048M(100%)
[38.711s][info][gc,heap     ] GC(143) Soft Max Capacity: 2048M(100%)
[38.711s][info][gc,heap     ] GC(143)                Mark Start          Mark End        Relocate Start      Relocate End           High               Low         
[38.711s][info][gc,heap     ] GC(143)  Capacity:     2048M (100%)       2048M (100%)       2048M (100%)       2048M (100%)       2048M (100%)       2048M (100%)   
[38.711s][info][gc,heap     ] GC(143)      Free:     1512M (74%)        1352M (66%)        1500M (73%)        1728M (84%)        1732M (85%)        1322M (65%)    
[38.711s][info][gc,heap     ] GC(143)      Used:      536M (26%)         696M (34%)         548M (27%)         320M (16%)         726M (35%)         316M (15%)    
[38.711s][info][gc,heap     ] GC(143)      Live:         -                53M (3%)           53M (3%)           53M (3%)             -                  -          
[38.711s][info][gc,heap     ] GC(143) Allocated:         -               160M (8%)          232M (11%)         247M (12%)            -                  -          
[38.711s][info][gc,heap     ] GC(143)   Garbage:         -               482M (24%)         262M (13%)          18M (1%)             -                  -          
[38.711s][info][gc,heap     ] GC(143) Reclaimed:         -                  -               220M (11%)         463M (23%)            -                  -          
[38.711s][info][gc          ] GC(143) Garbage Collection (Allocation Rate) 536M(26%)->320M(16%)
[38.855s][info][gc,start    ] GC(144) Garbage Collection (Allocation Rate)
[38.855s][info][gc,task     ] GC(144) Using 4 workers
[38.855s][info][gc,phases   ] GC(144) Pause Mark Start 0.014ms
[38.906s][info][gc,phases   ] GC(144) Concurrent Mark 50.291ms
[38.906s][info][gc,phases   ] GC(144) Pause Mark End 0.023ms
[38.909s][info][gc,phases   ] GC(144) Concurrent Mark Free 0.002ms
[38.917s][info][gc,phases   ] GC(144) Concurrent Process Non-Strong References 8.081ms
[38.917s][info][gc,phases   ] GC(144) Concurrent Reset Relocation Set 0.035ms
[38.922s][info][gc,phases   ] GC(144) Concurrent Select Relocation Set 4.991ms
[38.922s][info][gc,phases   ] GC(144) Pause Relocate Start 0.007ms
[38.930s][info][gc,phases   ] GC(144) Concurrent Relocate 7.097ms
[38.930s][info][gc,load     ] GC(144) Load: 0.00/0.00/0.00
[38.930s][info][gc,mmu      ] GC(144) MMU: 2ms/98.1%, 5ms/99.2%, 10ms/99.6%, 20ms/99.8%, 50ms/99.9%, 100ms/99.9%
[38.930s][info][gc,marking  ] GC(144) Mark: 4 stripe(s), 2 proactive flush(es), 1 terminate flush(es), 0 completion(s), 0 continuation(s) 
[38.930s][info][gc,marking  ] GC(144) Mark Stack Usage: 32M
[38.930s][info][gc,nmethod  ] GC(144) NMethods: 9343 registered, 139 unregistered
[38.930s][info][gc,metaspace] GC(144) Metaspace: 70M used, 71M committed, 1088M reserved
[38.930s][info][gc,ref      ] GC(144) Soft: 3829 encountered, 0 discovered, 0 enqueued
[38.930s][info][gc,ref      ] GC(144) Weak: 11011 encountered, 1090 discovered, 0 enqueued
[38.930s][info][gc,ref      ] GC(144) Final: 289 encountered, 17 discovered, 0 enqueued
[38.930s][info][gc,ref      ] GC(144) Phantom: 425 encountered, 307 discovered, 0 enqueued
[38.930s][info][gc,reloc    ] GC(144) Small Pages: 516 / 1032M, Empty: 674M, Relocated: 5M, In-Place: 0
[38.930s][info][gc,reloc    ] GC(144) Medium Pages: 0 / 0M, Empty: 0M, Relocated: 0M, In-Place: 0
[38.930s][info][gc,reloc    ] GC(144) Large Pages: 0 / 0M, Empty: 0M, Relocated: 0M, In-Place: 0
[38.930s][info][gc,reloc    ] GC(144) Forwarding Usage: 2M
[38.930s][info][gc,heap     ] GC(144) Min Capacity: 8M(0%)
[38.930s][info][gc,heap     ] GC(144) Max Capacity: 2048M(100%)
[38.930s][info][gc,heap     ] GC(144) Soft Max Capacity: 2048M(100%)
[38.930s][info][gc,heap     ] GC(144)                Mark Start          Mark End        Relocate Start      Relocate End           High               Low         
[38.930s][info][gc,heap     ] GC(144)  Capacity:     2048M (100%)       2048M (100%)       2048M (100%)       2048M (100%)       2048M (100%)       2048M (100%)   
[38.930s][info][gc,heap     ] GC(144)      Free:     1016M (50%)         780M (38%)        1382M (67%)        1652M (81%)        1660M (81%)         732M (36%)    
[38.930s][info][gc,heap     ] GC(144)      Used:     1032M (50%)        1268M (62%)         666M (33%)         396M (19%)        1316M (64%)         388M (19%)    
[38.930s][info][gc,heap     ] GC(144)      Live:         -                53M (3%)           53M (3%)           53M (3%)             -                  -          
[38.930s][info][gc,heap     ] GC(144) Allocated:         -               236M (12%)         308M (15%)         327M (16%)            -                  -          
[38.930s][info][gc,heap     ] GC(144)   Garbage:         -               978M (48%)         304M (15%)          15M (1%)             -                  -          
[38.930s][info][gc,heap     ] GC(144) Reclaimed:         -                  -               674M (33%)         963M (47%)            -                  -          
[38.930s][info][gc          ] GC(144) Garbage Collection (Allocation Rate) 1032M(50%)->396M(19%)
[39.054s][info][gc,start    ] GC(145) Garbage Collection (Allocation Rate)
[39.055s][info][gc,task     ] GC(145) Using 3 workers
[39.055s][info][gc,phases   ] GC(145) Pause Mark Start 0.009ms
[39.111s][info][gc,phases   ] GC(145) Concurrent Mark 56.161ms
[39.112s][info][gc,phases   ] GC(145) Pause Mark End 0.025ms
[39.112s][info][gc,phases   ] GC(145) Concurrent Mark Free 0.001ms
[39.122s][info][gc,phases   ] GC(145) Concurrent Process Non-Strong References 9.906ms
[39.122s][info][gc,phases   ] GC(145) Concurrent Reset Relocation Set 0.054ms
[39.134s][info][gc,phases   ] GC(145) Concurrent Select Relocation Set 12.129ms
[39.135s][info][gc,phases   ] GC(145) Pause Relocate Start 0.009ms
[39.146s][info][gc,phases   ] GC(145) Concurrent Relocate 10.984ms
[39.146s][info][gc,load     ] GC(145) Load: 0.00/0.00/0.00
[39.146s][info][gc,mmu      ] GC(145) MMU: 2ms/98.1%, 5ms/99.2%, 10ms/99.6%, 20ms/99.8%, 50ms/99.9%, 100ms/99.9%
[39.146s][info][gc,marking  ] GC(145) Mark: 2 stripe(s), 2 proactive flush(es), 1 terminate flush(es), 0 completion(s), 0 continuation(s) 
[39.146s][info][gc,marking  ] GC(145) Mark Stack Usage: 32M
[39.146s][info][gc,nmethod  ] GC(145) NMethods: 9342 registered, 142 unregistered
[39.146s][info][gc,metaspace] GC(145) Metaspace: 70M used, 71M committed, 1088M reserved
[39.146s][info][gc,ref      ] GC(145) Soft: 3829 encountered, 0 discovered, 0 enqueued
[39.146s][info][gc,ref      ] GC(145) Weak: 10959 encountered, 1118 discovered, 144 enqueued
[39.146s][info][gc,ref      ] GC(145) Final: 289 encountered, 36 discovered, 0 enqueued
[39.146s][info][gc,ref      ] GC(145) Phantom: 425 encountered, 239 discovered, 0 enqueued
[39.147s][info][gc,reloc    ] GC(145) Small Pages: 511 / 1022M, Empty: 670M, Relocated: 8M, In-Place: 0
[39.147s][info][gc,reloc    ] GC(145) Medium Pages: 0 / 0M, Empty: 0M, Relocated: 0M, In-Place: 0
[39.147s][info][gc,reloc    ] GC(145) Large Pages: 0 / 0M, Empty: 0M, Relocated: 0M, In-Place: 0
[39.147s][info][gc,reloc    ] GC(145) Forwarding Usage: 3M
[39.147s][info][gc,heap     ] GC(145) Min Capacity: 8M(0%)
[39.147s][info][gc,heap     ] GC(145) Max Capacity: 2048M(100%)
[39.147s][info][gc,heap     ] GC(145) Soft Max Capacity: 2048M(100%)
[39.147s][info][gc,heap     ] GC(145)                Mark Start          Mark End        Relocate Start      Relocate End           High               Low         
[39.147s][info][gc,heap     ] GC(145)  Capacity:     2048M (100%)       2048M (100%)       2048M (100%)       2048M (100%)       2048M (100%)       2048M (100%)   
[39.147s][info][gc,heap     ] GC(145)      Free:     1026M (50%)         750M (37%)        1318M (64%)        1570M (77%)        1592M (78%)         702M (34%)    
[39.147s][info][gc,heap     ] GC(145)      Used:     1022M (50%)        1298M (63%)         730M (36%)         478M (23%)        1346M (66%)         456M (22%)    
[39.147s][info][gc,heap     ] GC(145)      Live:         -                51M (3%)           51M (3%)           51M (3%)             -                  -          
[39.147s][info][gc,heap     ] GC(145) Allocated:         -               276M (13%)         378M (18%)         412M (20%)            -                  -          
[39.147s][info][gc,heap     ] GC(145)   Garbage:         -               970M (47%)         300M (15%)          13M (1%)             -                  -          
[39.147s][info][gc,heap     ] GC(145) Reclaimed:         -                  -               670M (33%)         956M (47%)            -                  -          
[39.147s][info][gc          ] GC(145) Garbage Collection (Allocation Rate) 1022M(50%)->478M(23%)
[39.254s][info][gc,start    ] GC(146) Garbage Collection (Allocation Rate)
[39.254s][info][gc,task     ] GC(146) Using 3 workers
[39.255s][info][gc,phases   ] GC(146) Pause Mark Start 0.011ms
[39.314s][info][gc,phases   ] GC(146) Concurrent Mark 59.062ms
[39.314s][info][gc,phases   ] GC(146) Pause Mark End 0.021ms
[39.315s][info][gc,phases   ] GC(146) Concurrent Mark Free 0.001ms
[39.325s][info][gc,phases   ] GC(146) Concurrent Process Non-Strong References 10.111ms
[39.325s][info][gc,phases   ] GC(146) Concurrent Reset Relocation Set 0.041ms
[39.332s][info][gc,phases   ] GC(146) Concurrent Select Relocation Set 6.865ms
[39.332s][info][gc,phases   ] GC(146) Pause Relocate Start 0.009ms
[39.344s][info][gc,phases   ] GC(146) Concurrent Relocate 11.181ms
[39.344s][info][gc,load     ] GC(146) Load: 0.00/0.00/0.00
[39.344s][info][gc,mmu      ] GC(146) MMU: 2ms/98.1%, 5ms/99.2%, 10ms/99.6%, 20ms/99.8%, 50ms/99.9%, 100ms/99.9%
[39.344s][info][gc,marking  ] GC(146) Mark: 2 stripe(s), 2 proactive flush(es), 1 terminate flush(es), 0 completion(s), 0 continuation(s) 
[39.344s][info][gc,marking  ] GC(146) Mark Stack Usage: 32M
[39.344s][info][gc,nmethod  ] GC(146) NMethods: 9341 registered, 144 unregistered
[39.344s][info][gc,metaspace] GC(146) Metaspace: 70M used, 71M committed, 1088M reserved
[39.344s][info][gc,ref      ] GC(146) Soft: 3829 encountered, 0 discovered, 0 enqueued
[39.344s][info][gc,ref      ] GC(146) Weak: 10815 encountered, 1074 discovered, 0 enqueued
[39.344s][info][gc,ref      ] GC(146) Final: 289 encountered, 34 discovered, 0 enqueued
[39.344s][info][gc,ref      ] GC(146) Phantom: 425 encountered, 274 discovered, 0 enqueued
[39.344s][info][gc,reloc    ] GC(146) Small Pages: 507 / 1014M, Empty: 580M, Relocated: 8M, In-Place: 0
[39.344s][info][gc,reloc    ] GC(146) Medium Pages: 0 / 0M, Empty: 0M, Relocated: 0M, In-Place: 0
[39.344s][info][gc,reloc    ] GC(146) Large Pages: 0 / 0M, Empty: 0M, Relocated: 0M, In-Place: 0
[39.344s][info][gc,reloc    ] GC(146) Forwarding Usage: 3M
[39.344s][info][gc,heap     ] GC(146) Min Capacity: 8M(0%)
[39.344s][info][gc,heap     ] GC(146) Max Capacity: 2048M(100%)
[39.344s][info][gc,heap     ] GC(146) Soft Max Capacity: 2048M(100%)
[39.344s][info][gc,heap     ] GC(146)                Mark Start          Mark End        Relocate Start      Relocate End           High               Low         
[39.344s][info][gc,heap     ] GC(146)  Capacity:     2048M (100%)       2048M (100%)       2048M (100%)       2048M (100%)       2048M (100%)       2048M (100%)   
[39.344s][info][gc,heap     ] GC(146)      Free:     1034M (50%)         748M (37%)        1246M (61%)        1582M (77%)        1606M (78%)         700M (34%)    
[39.344s][info][gc,heap     ] GC(146)      Used:     1014M (50%)        1300M (63%)         802M (39%)         466M (23%)        1348M (66%)         442M (22%)    
[39.344s][info][gc,heap     ] GC(146)      Live:         -                51M (3%)           51M (3%)           51M (3%)             -                  -          
[39.344s][info][gc,heap     ] GC(146) Allocated:         -               286M (14%)         368M (18%)         399M (20%)            -                  -          
[39.344s][info][gc,heap     ] GC(146)   Garbage:         -               962M (47%)         382M (19%)          14M (1%)             -                  -          
[39.344s][info][gc,heap     ] GC(146) Reclaimed:         -                  -               580M (28%)         947M (46%)            -                  -          
[39.344s][info][gc          ] GC(146) Garbage Collection (Allocation Rate) 1014M(50%)->466M(23%)
[39.455s][info][gc,start    ] GC(147) Garbage Collection (Allocation Rate)
[39.455s][info][gc,task     ] GC(147) Using 3 workers
[39.455s][info][gc,phases   ] GC(147) Pause Mark Start 0.010ms
[39.515s][info][gc,phases   ] GC(147) Concurrent Mark 59.265ms
[39.515s][info][gc,phases   ] GC(147) Pause Mark End 0.024ms
[39.516s][info][gc,phases   ] GC(147) Concurrent Mark Free 0.002ms
[39.527s][info][gc,phases   ] GC(147) Concurrent Process Non-Strong References 10.366ms
[39.527s][info][gc,phases   ] GC(147) Concurrent Reset Relocation Set 0.048ms
[39.532s][info][gc,phases   ] GC(147) Concurrent Select Relocation Set 5.132ms
[39.532s][info][gc,phases   ] GC(147) Pause Relocate Start 0.008ms
[39.544s][info][gc,phases   ] GC(147) Concurrent Relocate 10.825ms
[39.544s][info][gc,load     ] GC(147) Load: 0.00/0.00/0.00
[39.544s][info][gc,mmu      ] GC(147) MMU: 2ms/98.1%, 5ms/99.2%, 10ms/99.6%, 20ms/99.8%, 50ms/99.9%, 100ms/99.9%
[39.544s][info][gc,marking  ] GC(147) Mark: 2 stripe(s), 2 proactive flush(es), 1 terminate flush(es), 0 completion(s), 0 continuation(s) 
[39.544s][info][gc,marking  ] GC(147) Mark Stack Usage: 32M
[39.544s][info][gc,nmethod  ] GC(147) NMethods: 9341 registered, 144 unregistered
[39.544s][info][gc,metaspace] GC(147) Metaspace: 70M used, 71M committed, 1088M reserved
[39.544s][info][gc,ref      ] GC(147) Soft: 3829 encountered, 0 discovered, 0 enqueued
[39.544s][info][gc,ref      ] GC(147) Weak: 10815 encountered, 1277 discovered, 0 enqueued
[39.544s][info][gc,ref      ] GC(147) Final: 289 encountered, 38 discovered, 0 enqueued
[39.544s][info][gc,ref      ] GC(147) Phantom: 425 encountered, 271 discovered, 0 enqueued
[39.544s][info][gc,reloc    ] GC(147) Small Pages: 501 / 1002M, Empty: 614M, Relocated: 6M, In-Place: 0
[39.544s][info][gc,reloc    ] GC(147) Medium Pages: 0 / 0M, Empty: 0M, Relocated: 0M, In-Place: 0
[39.544s][info][gc,reloc    ] GC(147) Large Pages: 0 / 0M, Empty: 0M, Relocated: 0M, In-Place: 0
[39.544s][info][gc,reloc    ] GC(147) Forwarding Usage: 2M
[39.544s][info][gc,heap     ] GC(147) Min Capacity: 8M(0%)
[39.544s][info][gc,heap     ] GC(147) Max Capacity: 2048M(100%)
[39.544s][info][gc,heap     ] GC(147) Soft Max Capacity: 2048M(100%)
[39.544s][info][gc,heap     ] GC(147)                Mark Start          Mark End        Relocate Start      Relocate End           High               Low         
[39.544s][info][gc,heap     ] GC(147)  Capacity:     2048M (100%)       2048M (100%)       2048M (100%)       2048M (100%)       2048M (100%)       2048M (100%)   
[39.544s][info][gc,heap     ] GC(147)      Free:     1046M (51%)         764M (37%)        1298M (63%)        1588M (78%)        1610M (79%)         708M (35%)    
[39.544s][info][gc,heap     ] GC(147)      Used:     1002M (49%)        1284M (63%)         750M (37%)         460M (22%)        1340M (65%)         438M (21%)    
[39.544s][info][gc,heap     ] GC(147)      Live:         -                51M (3%)           51M (3%)           51M (3%)             -                  -          
[39.544s][info][gc,heap     ] GC(147) Allocated:         -               282M (14%)         362M (18%)         395M (19%)            -                  -          
[39.544s][info][gc,heap     ] GC(147)   Garbage:         -               950M (46%)         336M (16%)          12M (1%)             -                  -          
[39.544s][info][gc,heap     ] GC(147) Reclaimed:         -                  -               614M (30%)         937M (46%)            -                  -          
[39.544s][info][gc          ] GC(147) Garbage Collection (Allocation Rate) 1002M(49%)->460M(22%)
[39.655s][info][gc,start    ] GC(148) Garbage Collection (Allocation Rate)
[39.655s][info][gc,task     ] GC(148) Using 3 workers
[39.655s][info][gc,phases   ] GC(148) Pause Mark Start 0.010ms
[39.719s][info][gc,phases   ] GC(148) Concurrent Mark 64.133ms
[39.720s][info][gc,phases   ] GC(148) Pause Mark End 0.022ms
[39.722s][info][gc,phases   ] GC(148) Concurrent Mark Free 0.002ms
[39.733s][info][gc,phases   ] GC(148) Concurrent Process Non-Strong References 11.563ms
[39.733s][info][gc,phases   ] GC(148) Concurrent Reset Relocation Set 0.044ms
[39.742s][info][gc,phases   ] GC(148) Concurrent Select Relocation Set 8.477ms
[39.742s][info][gc,phases   ] GC(148) Pause Relocate Start 0.009ms
[39.753s][info][gc,phases   ] GC(148) Concurrent Relocate 9.415ms
[39.753s][info][gc,load     ] GC(148) Load: 0.00/0.00/0.00
[39.753s][info][gc,mmu      ] GC(148) MMU: 2ms/98.1%, 5ms/99.2%, 10ms/99.6%, 20ms/99.8%, 50ms/99.9%, 100ms/99.9%
[39.753s][info][gc,marking  ] GC(148) Mark: 2 stripe(s), 2 proactive flush(es), 1 terminate flush(es), 0 completion(s), 0 continuation(s) 
[39.753s][info][gc,marking  ] GC(148) Mark Stack Usage: 32M
[39.753s][info][gc,nmethod  ] GC(148) NMethods: 9341 registered, 144 unregistered
[39.753s][info][gc,metaspace] GC(148) Metaspace: 70M used, 71M committed, 1088M reserved
[39.753s][info][gc,ref      ] GC(148) Soft: 3829 encountered, 0 discovered, 0 enqueued
[39.753s][info][gc,ref      ] GC(148) Weak: 10815 encountered, 1070 discovered, 0 enqueued
[39.753s][info][gc,ref      ] GC(148) Final: 289 encountered, 40 discovered, 0 enqueued
[39.753s][info][gc,ref      ] GC(148) Phantom: 425 encountered, 306 discovered, 0 enqueued
[39.753s][info][gc,reloc    ] GC(148) Small Pages: 499 / 998M, Empty: 626M, Relocated: 6M, In-Place: 0
[39.753s][info][gc,reloc    ] GC(148) Medium Pages: 0 / 0M, Empty: 0M, Relocated: 0M, In-Place: 0
[39.753s][info][gc,reloc    ] GC(148) Large Pages: 0 / 0M, Empty: 0M, Relocated: 0M, In-Place: 0
[39.753s][info][gc,reloc    ] GC(148) Forwarding Usage: 2M
[39.753s][info][gc,heap     ] GC(148) Min Capacity: 8M(0%)
[39.753s][info][gc,heap     ] GC(148) Max Capacity: 2048M(100%)
[39.753s][info][gc,heap     ] GC(148) Soft Max Capacity: 2048M(100%)
[39.753s][info][gc,heap     ] GC(148)                Mark Start          Mark End        Relocate Start      Relocate End           High               Low         
[39.753s][info][gc,heap     ] GC(148)  Capacity:     2048M (100%)       2048M (100%)       2048M (100%)       2048M (100%)       2048M (100%)       2048M (100%)   
[39.753s][info][gc,heap     ] GC(148)      Free:     1050M (51%)         750M (37%)        1274M (62%)        1554M (76%)        1572M (77%)         688M (34%)    
[39.753s][info][gc,heap     ] GC(148)      Used:      998M (49%)        1298M (63%)         774M (38%)         494M (24%)        1360M (66%)         476M (23%)    
[39.753s][info][gc,heap     ] GC(148)      Live:         -                51M (3%)           51M (3%)           51M (3%)             -                  -          
[39.753s][info][gc,heap     ] GC(148) Allocated:         -               300M (15%)         402M (20%)         427M (21%)            -                  -          
[39.753s][info][gc,heap     ] GC(148)   Garbage:         -               946M (46%)         320M (16%)          14M (1%)             -                  -          
[39.753s][info][gc,heap     ] GC(148) Reclaimed:         -                  -               626M (31%)         931M (46%)            -                  -          
[39.753s][info][gc          ] GC(148) Garbage Collection (Allocation Rate) 998M(49%)->494M(24%)
[39.854s][info][gc,start    ] GC(149) Garbage Collection (Allocation Rate)
[39.854s][info][gc,task     ] GC(149) Using 3 workers
[39.854s][info][gc,phases   ] GC(149) Pause Mark Start 0.009ms
[39.919s][info][gc,phases   ] GC(149) Concurrent Mark 64.102ms
[39.919s][info][gc,phases   ] GC(149) Pause Mark End 0.021ms
[39.920s][info][gc,phases   ] GC(149) Concurrent Mark Free 0.001ms
[39.931s][info][gc,phases   ] GC(149) Concurrent Process Non-Strong References 11.259ms
[39.931s][info][gc,phases   ] GC(149) Concurrent Reset Relocation Set 0.044ms
[39.936s][info][gc,phases   ] GC(149) Concurrent Select Relocation Set 5.192ms
[39.937s][info][gc,phases   ] GC(149) Pause Relocate Start 0.009ms
[39.947s][info][gc,phases   ] GC(149) Concurrent Relocate 9.616ms
[39.947s][info][gc,load     ] GC(149) Load: 0.00/0.00/0.00
[39.947s][info][gc,mmu      ] GC(149) MMU: 2ms/98.1%, 5ms/99.2%, 10ms/99.6%, 20ms/99.8%, 50ms/99.9%, 100ms/99.9%
[39.947s][info][gc,marking  ] GC(149) Mark: 2 stripe(s), 2 proactive flush(es), 1 terminate flush(es), 0 completion(s), 0 continuation(s) 
[39.947s][info][gc,marking  ] GC(149) Mark Stack Usage: 32M
[39.947s][info][gc,nmethod  ] GC(149) NMethods: 9341 registered, 144 unregistered
[39.947s][info][gc,metaspace] GC(149) Metaspace: 70M used, 71M committed, 1088M reserved
[39.947s][info][gc,ref      ] GC(149) Soft: 3829 encountered, 0 discovered, 0 enqueued
[39.947s][info][gc,ref      ] GC(149) Weak: 10815 encountered, 1218 discovered, 0 enqueued
[39.947s][info][gc,ref      ] GC(149) Final: 289 encountered, 14 discovered, 0 enqueued
[39.947s][info][gc,ref      ] GC(149) Phantom: 425 encountered, 263 discovered, 0 enqueued
[39.947s][info][gc,reloc    ] GC(149) Small Pages: 497 / 994M, Empty: 650M, Relocated: 6M, In-Place: 0
[39.947s][info][gc,reloc    ] GC(149) Medium Pages: 0 / 0M, Empty: 0M, Relocated: 0M, In-Place: 0
[39.947s][info][gc,reloc    ] GC(149) Large Pages: 0 / 0M, Empty: 0M, Relocated: 0M, In-Place: 0
[39.947s][info][gc,reloc    ] GC(149) Forwarding Usage: 2M
[39.947s][info][gc,heap     ] GC(149) Min Capacity: 8M(0%)
[39.947s][info][gc,heap     ] GC(149) Max Capacity: 2048M(100%)
[39.947s][info][gc,heap     ] GC(149) Soft Max Capacity: 2048M(100%)
[39.947s][info][gc,heap     ] GC(149)                Mark Start          Mark End        Relocate Start      Relocate End           High               Low         
[39.947s][info][gc,heap     ] GC(149)  Capacity:     2048M (100%)       2048M (100%)       2048M (100%)       2048M (100%)       2048M (100%)       2048M (100%)   
[39.947s][info][gc,heap     ] GC(149)      Free:     1054M (51%)         746M (36%)        1318M (64%)        1574M (77%)        1586M (77%)         690M (34%)    
[39.947s][info][gc,heap     ] GC(149)      Used:      994M (49%)        1302M (64%)         730M (36%)         474M (23%)        1358M (66%)         462M (23%)    
[39.947s][info][gc,heap     ] GC(149)      Live:         -                51M (3%)           51M (3%)           51M (3%)             -                  -          
[39.947s][info][gc,heap     ] GC(149) Allocated:         -               308M (15%)         386M (19%)         409M (20%)            -                  -          
[39.947s][info][gc,heap     ] GC(149)   Garbage:         -               942M (46%)         292M (14%)          12M (1%)             -                  -          
[39.947s][info][gc,heap     ] GC(149) Reclaimed:         -                  -               650M (32%)         929M (45%)            -                  -          
[39.947s][info][gc          ] GC(149) Garbage Collection (Allocation Rate) 994M(49%)->474M(23%)
[40.054s][info][gc,start    ] GC(150) Garbage Collection (Allocation Rate)
[40.054s][info][gc,task     ] GC(150) Using 3 workers
[40.054s][info][gc,phases   ] GC(150) Pause Mark Start 0.010ms
[40.120s][info][gc,phases   ] GC(150) Concurrent Mark 65.060ms
[40.120s][info][gc,phases   ] GC(150) Pause Mark End 0.025ms
[40.121s][info][gc,phases   ] GC(150) Concurrent Mark Free 0.002ms
[40.132s][info][gc,phases   ] GC(150) Concurrent Process Non-Strong References 11.046ms
[40.133s][info][gc,phases   ] GC(150) Concurrent Reset Relocation Set 0.042ms
[40.140s][info][gc,phases   ] GC(150) Concurrent Select Relocation Set 7.932ms
[40.141s][info][gc,phases   ] GC(150) Pause Relocate Start 0.009ms
[40.151s][info][gc,phases   ] GC(150) Concurrent Relocate 9.986ms
[40.151s][info][gc,load     ] GC(150) Load: 0.00/0.00/0.00
[40.151s][info][gc,mmu      ] GC(150) MMU: 2ms/98.1%, 5ms/99.2%, 10ms/99.6%, 20ms/99.8%, 50ms/99.9%, 100ms/99.9%
[40.151s][info][gc,marking  ] GC(150) Mark: 2 stripe(s), 2 proactive flush(es), 1 terminate flush(es), 0 completion(s), 0 continuation(s) 
[40.151s][info][gc,marking  ] GC(150) Mark Stack Usage: 32M
[40.151s][info][gc,nmethod  ] GC(150) NMethods: 9341 registered, 146 unregistered
[40.151s][info][gc,metaspace] GC(150) Metaspace: 70M used, 71M committed, 1088M reserved
[40.151s][info][gc,ref      ] GC(150) Soft: 3829 encountered, 0 discovered, 0 enqueued
[40.151s][info][gc,ref      ] GC(150) Weak: 10815 encountered, 1382 discovered, 0 enqueued
[40.151s][info][gc,ref      ] GC(150) Final: 289 encountered, 35 discovered, 0 enqueued
[40.151s][info][gc,ref      ] GC(150) Phantom: 425 encountered, 273 discovered, 0 enqueued
[40.151s][info][gc,reloc    ] GC(150) Small Pages: 504 / 1008M, Empty: 642M, Relocated: 6M, In-Place: 0
[40.151s][info][gc,reloc    ] GC(150) Medium Pages: 0 / 0M, Empty: 0M, Relocated: 0M, In-Place: 0
[40.152s][info][gc,reloc    ] GC(150) Large Pages: 0 / 0M, Empty: 0M, Relocated: 0M, In-Place: 0
[40.152s][info][gc,reloc    ] GC(150) Forwarding Usage: 2M
[40.152s][info][gc,heap     ] GC(150) Min Capacity: 8M(0%)
[40.152s][info][gc,heap     ] GC(150) Max Capacity: 2048M(100%)
[40.152s][info][gc,heap     ] GC(150) Soft Max Capacity: 2048M(100%)
[40.152s][info][gc,heap     ] GC(150)                Mark Start          Mark End        Relocate Start      Relocate End           High               Low         
[40.152s][info][gc,heap     ] GC(150)  Capacity:     2048M (100%)       2048M (100%)       2048M (100%)       2048M (100%)       2048M (100%)       2048M (100%)   
[40.152s][info][gc,heap     ] GC(150)      Free:     1040M (51%)         726M (35%)        1268M (62%)        1544M (75%)        1558M (76%)         666M (33%)    
[40.152s][info][gc,heap     ] GC(150)      Used:     1008M (49%)        1322M (65%)         780M (38%)         504M (25%)        1382M (67%)         490M (24%)    
[40.152s][info][gc,heap     ] GC(150)      Live:         -                51M (3%)           51M (3%)           51M (3%)             -                  -          
[40.152s][info][gc,heap     ] GC(150) Allocated:         -               314M (15%)         414M (20%)         439M (21%)            -                  -          
[40.152s][info][gc,heap     ] GC(150)   Garbage:         -               956M (47%)         314M (15%)          12M (1%)             -                  -          
[40.152s][info][gc,heap     ] GC(150) Reclaimed:         -                  -               642M (31%)         943M (46%)            -                  -          
[40.152s][info][gc          ] GC(150) Garbage Collection (Allocation Rate) 1008M(49%)->504M(25%)
[40.154s][info][gc,stats    ] === Garbage Collection Statistics =======================================================================================================================
[40.154s][info][gc,stats    ]                                                              Last 10s              Last 10m              Last 10h                Total
[40.154s][info][gc,stats    ]                                                              Avg / Max             Avg / Max             Avg / Max             Avg / Max
[40.154s][info][gc,stats    ]   Collector: Garbage Collection Cycle                     74.683 / 134.541      79.222 / 318.332      79.222 / 318.332      79.222 / 318.332     ms
[40.154s][info][gc,stats    ]  Contention: Mark Segment Reset Contention                    10 / 25               12 / 78               12 / 78               12 / 78          ops/s
[40.154s][info][gc,stats    ]  Contention: Mark SeqNum Reset Contention                      1 / 3                 1 / 11                1 / 11                1 / 11          ops/s
[40.154s][info][gc,stats    ]    Critical: Allocation Stall                                  0 / 0                 0 / 0                 0 / 0                 0 / 0           ops/s
[40.154s][info][gc,stats    ]    Critical: Allocation Stall                              0.000 / 0.000         0.000 / 0.000         0.000 / 0.000         0.000 / 0.000       ms
[40.154s][info][gc,stats    ]    Critical: GC Locker Stall                                   0 / 0                 0 / 0                 0 / 0                 0 / 0           ops/s
[40.154s][info][gc,stats    ]    Critical: GC Locker Stall                               0.000 / 0.000         0.000 / 0.000         0.000 / 0.000         0.000 / 0.000       ms
[40.154s][info][gc,stats    ]    Critical: Relocation Stall                                  0 / 0                 0 / 0                 0 / 0                 0 / 0           ops/s
[40.154s][info][gc,stats    ]    Critical: Relocation Stall                              0.000 / 0.000         0.000 / 0.000         0.000 / 0.000         0.000 / 0.000       ms
[40.154s][info][gc,stats    ]      Memory: Allocation Rate                                5067 / 5994           3401 / 5994           3401 / 5994           3401 / 5994        MB/s
[40.154s][info][gc,stats    ]      Memory: Defragment                                        0 / 0                 0 / 0                 0 / 0                 0 / 0           ops/s
[40.154s][info][gc,stats    ]      Memory: Out Of Memory                                     0 / 0                 0 / 0                 0 / 0                 0 / 0           ops/s
[40.154s][info][gc,stats    ]      Memory: Page Cache Flush                                  0 / 0                 0 / 0                 0 / 0                 0 / 0           MB/s
[40.154s][info][gc,stats    ]      Memory: Page Cache Hit L1                              2558 / 3043           1699 / 3043           1699 / 3043           1699 / 3043        ops/s
[40.154s][info][gc,stats    ]      Memory: Page Cache Hit L2                                 0 / 0                 0 / 0                 0 / 0                 0 / 0           ops/s
[40.154s][info][gc,stats    ]      Memory: Page Cache Hit L3                                 0 / 0                22 / 257              22 / 257              22 / 257         ops/s
[40.154s][info][gc,stats    ]      Memory: Page Cache Miss                                   0 / 0                 0 / 1                 0 / 1                 0 / 1           ops/s
[40.154s][info][gc,stats    ]      Memory: Uncommit                                          0 / 0                 0 / 0                 0 / 0                 0 / 0           MB/s
[40.154s][info][gc,stats    ]      Memory: Undo Object Allocation Failed                   365 / 968             375 / 1579            375 / 1579            375 / 1579        ops/s
[40.154s][info][gc,stats    ]      Memory: Undo Object Allocation Succeeded                 18 / 67               35 / 154              35 / 154              35 / 154         ops/s
[40.154s][info][gc,stats    ]      Memory: Undo Page Allocation                            446 / 653             286 / 653             286 / 653             286 / 653         ops/s
[40.154s][info][gc,stats    ]       Phase: Concurrent Mark                              49.312 / 90.654       50.532 / 127.968      50.532 / 127.968      50.532 / 127.968     ms
[40.154s][info][gc,stats    ]       Phase: Concurrent Mark Continue                      0.000 / 0.000         0.000 / 0.000         0.000 / 0.000         0.000 / 0.000       ms
[40.154s][info][gc,stats    ]       Phase: Concurrent Mark Free                          0.001 / 0.003         0.001 / 0.005         0.001 / 0.005         0.001 / 0.005       ms
[40.154s][info][gc,stats    ]       Phase: Concurrent Process Non-Strong References      8.736 / 27.917        9.408 / 55.543        9.408 / 55.543        9.408 / 55.543      ms
[40.154s][info][gc,stats    ]       Phase: Concurrent Relocate                           7.311 / 12.312        6.700 / 14.214        6.700 / 14.214        6.700 / 14.214      ms
[40.154s][info][gc,stats    ]       Phase: Concurrent Reset Relocation Set               0.038 / 0.070         0.037 / 0.070         0.037 / 0.070         0.037 / 0.070       ms
[40.154s][info][gc,stats    ]       Phase: Concurrent Select Relocation Set              6.570 / 15.919        6.635 / 19.328        6.635 / 19.328        6.635 / 19.328      ms
[40.154s][info][gc,stats    ]       Phase: Pause Mark End                                0.024 / 0.039         0.024 / 0.039         0.024 / 0.039         0.024 / 0.039       ms
[40.155s][info][gc,stats    ]       Phase: Pause Mark Start                              0.010 / 0.014         0.011 / 0.021         0.011 / 0.021         0.011 / 0.021       ms
[40.155s][info][gc,stats    ]       Phase: Pause Relocate Start                          0.009 / 0.014         0.008 / 0.014         0.008 / 0.014         0.008 / 0.014       ms
[40.155s][info][gc,stats    ]    Subphase: Concurrent Classes Purge                      0.025 / 0.282         0.199 / 3.771         0.199 / 3.771         0.199 / 3.771       ms
[40.155s][info][gc,stats    ]    Subphase: Concurrent Classes Unlink                     7.088 / 23.643        7.301 / 53.357        7.301 / 53.357        7.301 / 53.357      ms
[40.155s][info][gc,stats    ]    Subphase: Concurrent Mark                              37.381 / 74.777       34.430 / 119.393      34.430 / 119.393      34.430 / 119.393     ms
[40.155s][info][gc,stats    ]    Subphase: Concurrent Mark Try Flush                     0.508 / 4.332         1.104 / 26.382        1.104 / 26.382        1.104 / 26.382      ms
[40.155s][info][gc,stats    ]    Subphase: Concurrent Mark Try Terminate                 1.293 / 2.064         1.596 / 15.075        1.596 / 15.075        1.596 / 15.075      ms
[40.155s][info][gc,stats    ]    Subphase: Concurrent References Enqueue                 0.001 / 0.006         0.002 / 0.014         0.002 / 0.014         0.002 / 0.014       ms
[40.155s][info][gc,stats    ]    Subphase: Concurrent References Process                 0.223 / 0.436         0.227 / 1.049         0.227 / 1.049         0.227 / 1.049       ms
[40.155s][info][gc,stats    ]    Subphase: Concurrent Roots ClassLoaderDataGraph         0.100 / 0.478         0.090 / 0.889         0.090 / 0.889         0.090 / 0.889       ms
[40.155s][info][gc,stats    ]    Subphase: Concurrent Roots CodeCache                    0.000 / 0.000         0.000 / 0.000         0.000 / 0.000         0.000 / 0.000       ms
[40.155s][info][gc,stats    ]    Subphase: Concurrent Roots JavaThreads                  3.737 / 15.474        5.412 / 39.863        5.412 / 39.863        5.412 / 39.863      ms
[40.155s][info][gc,stats    ]    Subphase: Concurrent Roots OopStorageSet                0.049 / 0.113         0.046 / 0.928         0.046 / 0.928         0.046 / 0.928       ms
[40.155s][info][gc,stats    ]    Subphase: Concurrent Weak Roots OopStorageSet           0.699 / 3.828         0.564 / 3.828         0.564 / 3.828         0.564 / 3.828       ms
[40.155s][info][gc,stats    ]    Subphase: Pause Mark Try Complete                       0.002 / 0.003         0.002 / 0.003         0.002 / 0.003         0.002 / 0.003       ms
[40.155s][info][gc,stats    ]      System: Java Threads                                    193 / 211             181 / 211             181 / 211             181 / 211         threads
[40.155s][info][gc,stats    ] =========================================================================================================================================================
[40.255s][info][gc,start    ] GC(151) Garbage Collection (Allocation Rate)
[40.255s][info][gc,task     ] GC(151) Using 3 workers
[40.255s][info][gc,phases   ] GC(151) Pause Mark Start 0.010ms
[40.320s][info][gc,phases   ] GC(151) Concurrent Mark 65.238ms
[40.321s][info][gc,phases   ] GC(151) Pause Mark End 0.025ms
[40.322s][info][gc,phases   ] GC(151) Concurrent Mark Free 0.001ms
[40.333s][info][gc,phases   ] GC(151) Concurrent Process Non-Strong References 10.582ms
[40.333s][info][gc,phases   ] GC(151) Concurrent Reset Relocation Set 0.039ms
[40.338s][info][gc,phases   ] GC(151) Concurrent Select Relocation Set 5.024ms
[40.338s][info][gc,phases   ] GC(151) Pause Relocate Start 0.008ms
[40.346s][info][gc,phases   ] GC(151) Concurrent Relocate 8.077ms
[40.346s][info][gc,load     ] GC(151) Load: 0.00/0.00/0.00
[40.346s][info][gc,mmu      ] GC(151) MMU: 2ms/98.1%, 5ms/99.2%, 10ms/99.6%, 20ms/99.8%, 50ms/99.9%, 100ms/99.9%
[40.347s][info][gc,marking  ] GC(151) Mark: 2 stripe(s), 2 proactive flush(es), 1 terminate flush(es), 0 completion(s), 0 continuation(s) 
[40.347s][info][gc,marking  ] GC(151) Mark Stack Usage: 32M
[40.347s][info][gc,nmethod  ] GC(151) NMethods: 9341 registered, 146 unregistered
[40.347s][info][gc,metaspace] GC(151) Metaspace: 70M used, 71M committed, 1088M reserved
[40.347s][info][gc,ref      ] GC(151) Soft: 3829 encountered, 0 discovered, 0 enqueued
[40.347s][info][gc,ref      ] GC(151) Weak: 10815 encountered, 1314 discovered, 0 enqueued
[40.347s][info][gc,ref      ] GC(151) Final: 289 encountered, 20 discovered, 0 enqueued
[40.347s][info][gc,ref      ] GC(151) Phantom: 425 encountered, 242 discovered, 0 enqueued
[40.347s][info][gc,reloc    ] GC(151) Small Pages: 511 / 1022M, Empty: 580M, Relocated: 6M, In-Place: 0
[40.347s][info][gc,reloc    ] GC(151) Medium Pages: 0 / 0M, Empty: 0M, Relocated: 0M, In-Place: 0
[40.347s][info][gc,reloc    ] GC(151) Large Pages: 0 / 0M, Empty: 0M, Relocated: 0M, In-Place: 0
[40.347s][info][gc,reloc    ] GC(151) Forwarding Usage: 1M
[40.347s][info][gc,heap     ] GC(151) Min Capacity: 8M(0%)
[40.347s][info][gc,heap     ] GC(151) Max Capacity: 2048M(100%)
[40.347s][info][gc,heap     ] GC(151) Soft Max Capacity: 2048M(100%)
[40.347s][info][gc,heap     ] GC(151)                Mark Start          Mark End        Relocate Start      Relocate End           High               Low         
[40.347s][info][gc,heap     ] GC(151)  Capacity:     2048M (100%)       2048M (100%)       2048M (100%)       2048M (100%)       2048M (100%)       2048M (100%)   
[40.347s][info][gc,heap     ] GC(151)      Free:     1026M (50%)         712M (35%)        1214M (59%)        1572M (77%)        1580M (77%)         658M (32%)    
[40.347s][info][gc,heap     ] GC(151)      Used:     1022M (50%)        1336M (65%)         834M (41%)         476M (23%)        1390M (68%)         468M (23%)    
[40.347s][info][gc,heap     ] GC(151)      Live:         -                51M (3%)           51M (3%)           51M (3%)             -                  -          
[40.347s][info][gc,heap     ] GC(151) Allocated:         -               314M (15%)         392M (19%)         411M (20%)            -                  -          
[40.347s][info][gc,heap     ] GC(151)   Garbage:         -               970M (47%)         390M (19%)          12M (1%)             -                  -          
[40.347s][info][gc,heap     ] GC(151) Reclaimed:         -                  -               580M (28%)         957M (47%)            -                  -          
[40.347s][info][gc          ] GC(151) Garbage Collection (Allocation Rate) 1022M(50%)->476M(23%)
[40.454s][info][gc,start    ] GC(152) Garbage Collection (Allocation Rate)
[40.454s][info][gc,task     ] GC(152) Using 3 workers
[40.455s][info][gc,phases   ] GC(152) Pause Mark Start 0.013ms
[40.512s][info][gc,phases   ] GC(152) Concurrent Mark 57.113ms
[40.512s][info][gc,phases   ] GC(152) Pause Mark End 0.021ms
[40.513s][info][gc,phases   ] GC(152) Concurrent Mark Free 0.001ms
[40.523s][info][gc,phases   ] GC(152) Concurrent Process Non-Strong References 10.252ms
[40.523s][info][gc,phases   ] GC(152) Concurrent Reset Relocation Set 0.044ms
[40.531s][info][gc,phases   ] GC(152) Concurrent Select Relocation Set 7.829ms
[40.531s][info][gc,phases   ] GC(152) Pause Relocate Start 0.009ms
[40.540s][info][gc,phases   ] GC(152) Concurrent Relocate 7.888ms
[40.540s][info][gc,load     ] GC(152) Load: 0.00/0.00/0.00
[40.540s][info][gc,mmu      ] GC(152) MMU: 2ms/98.1%, 5ms/99.2%, 10ms/99.6%, 20ms/99.8%, 50ms/99.9%, 100ms/99.9%
[40.540s][info][gc,marking  ] GC(152) Mark: 2 stripe(s), 2 proactive flush(es), 1 terminate flush(es), 0 completion(s), 0 continuation(s) 
[40.540s][info][gc,marking  ] GC(152) Mark Stack Usage: 32M
[40.540s][info][gc,nmethod  ] GC(152) NMethods: 9341 registered, 146 unregistered
[40.540s][info][gc,metaspace] GC(152) Metaspace: 70M used, 71M committed, 1088M reserved
[40.540s][info][gc,ref      ] GC(152) Soft: 3829 encountered, 0 discovered, 0 enqueued
[40.540s][info][gc,ref      ] GC(152) Weak: 10815 encountered, 1268 discovered, 0 enqueued
[40.540s][info][gc,ref      ] GC(152) Final: 289 encountered, 13 discovered, 0 enqueued
[40.540s][info][gc,ref      ] GC(152) Phantom: 425 encountered, 238 discovered, 0 enqueued
[40.540s][info][gc,reloc    ] GC(152) Small Pages: 493 / 986M, Empty: 608M, Relocated: 6M, In-Place: 0
[40.540s][info][gc,reloc    ] GC(152) Medium Pages: 0 / 0M, Empty: 0M, Relocated: 0M, In-Place: 0
[40.540s][info][gc,reloc    ] GC(152) Large Pages: 0 / 0M, Empty: 0M, Relocated: 0M, In-Place: 0
[40.540s][info][gc,reloc    ] GC(152) Forwarding Usage: 2M
[40.540s][info][gc,heap     ] GC(152) Min Capacity: 8M(0%)
[40.540s][info][gc,heap     ] GC(152) Max Capacity: 2048M(100%)
[40.540s][info][gc,heap     ] GC(152) Soft Max Capacity: 2048M(100%)
[40.540s][info][gc,heap     ] GC(152)                Mark Start          Mark End        Relocate Start      Relocate End           High               Low         
[40.540s][info][gc,heap     ] GC(152)  Capacity:     2048M (100%)       2048M (100%)       2048M (100%)       2048M (100%)       2048M (100%)       2048M (100%)   
[40.540s][info][gc,heap     ] GC(152)      Free:     1062M (52%)         786M (38%)        1306M (64%)        1600M (78%)        1610M (79%)         734M (36%)    
[40.540s][info][gc,heap     ] GC(152)      Used:      986M (48%)        1262M (62%)         742M (36%)         448M (22%)        1314M (64%)         438M (21%)    
[40.540s][info][gc,heap     ] GC(152)      Live:         -                51M (3%)           51M (3%)           51M (3%)             -                  -          
[40.540s][info][gc,heap     ] GC(152) Allocated:         -               276M (13%)         364M (18%)         382M (19%)            -                  -          
[40.540s][info][gc,heap     ] GC(152)   Garbage:         -               934M (46%)         326M (16%)          14M (1%)             -                  -          
[40.540s][info][gc,heap     ] GC(152) Reclaimed:         -                  -               608M (30%)         920M (45%)            -                  -          
[40.540s][info][gc          ] GC(152) Garbage Collection (Allocation Rate) 986M(48%)->448M(22%)
[40.654s][info][gc,start    ] GC(153) Garbage Collection (Allocation Rate)
[40.654s][info][gc,task     ] GC(153) Using 3 workers
[40.654s][info][gc,phases   ] GC(153) Pause Mark Start 0.010ms
[40.725s][info][gc,phases   ] GC(153) Concurrent Mark 70.197ms
[40.725s][info][gc,phases   ] GC(153) Pause Mark End 0.021ms
[40.726s][info][gc,phases   ] GC(153) Concurrent Mark Free 0.003ms
[40.739s][info][gc,phases   ] GC(153) Concurrent Process Non-Strong References 12.878ms
[40.739s][info][gc,phases   ] GC(153) Concurrent Reset Relocation Set 0.043ms
[40.748s][info][gc,phases   ] GC(153) Concurrent Select Relocation Set 8.689ms
[40.748s][info][gc,phases   ] GC(153) Pause Relocate Start 0.008ms
[40.759s][info][gc,phases   ] GC(153) Concurrent Relocate 10.208ms
[40.759s][info][gc,load     ] GC(153) Load: 0.00/0.00/0.00
[40.759s][info][gc,mmu      ] GC(153) MMU: 2ms/98.1%, 5ms/99.2%, 10ms/99.6%, 20ms/99.8%, 50ms/99.9%, 100ms/99.9%
[40.759s][info][gc,marking  ] GC(153) Mark: 2 stripe(s), 2 proactive flush(es), 1 terminate flush(es), 0 completion(s), 0 continuation(s) 
[40.759s][info][gc,marking  ] GC(153) Mark Stack Usage: 32M
[40.759s][info][gc,nmethod  ] GC(153) NMethods: 9341 registered, 146 unregistered
[40.759s][info][gc,metaspace] GC(153) Metaspace: 70M used, 71M committed, 1088M reserved
[40.759s][info][gc,ref      ] GC(153) Soft: 3829 encountered, 0 discovered, 0 enqueued
[40.759s][info][gc,ref      ] GC(153) Weak: 10815 encountered, 1159 discovered, 0 enqueued
[40.759s][info][gc,ref      ] GC(153) Final: 289 encountered, 9 discovered, 0 enqueued
[40.759s][info][gc,ref      ] GC(153) Phantom: 425 encountered, 277 discovered, 0 enqueued
[40.759s][info][gc,reloc    ] GC(153) Small Pages: 510 / 1020M, Empty: 620M, Relocated: 6M, In-Place: 0
[40.759s][info][gc,reloc    ] GC(153) Medium Pages: 0 / 0M, Empty: 0M, Relocated: 0M, In-Place: 0
[40.759s][info][gc,reloc    ] GC(153) Large Pages: 0 / 0M, Empty: 0M, Relocated: 0M, In-Place: 0
[40.759s][info][gc,reloc    ] GC(153) Forwarding Usage: 2M
[40.759s][info][gc,heap     ] GC(153) Min Capacity: 8M(0%)
[40.759s][info][gc,heap     ] GC(153) Max Capacity: 2048M(100%)
[40.759s][info][gc,heap     ] GC(153) Soft Max Capacity: 2048M(100%)
[40.759s][info][gc,heap     ] GC(153)                Mark Start          Mark End        Relocate Start      Relocate End           High               Low         
[40.759s][info][gc,heap     ] GC(153)  Capacity:     2048M (100%)       2048M (100%)       2048M (100%)       2048M (100%)       2048M (100%)       2048M (100%)   
[40.759s][info][gc,heap     ] GC(153)      Free:     1028M (50%)         706M (34%)        1228M (60%)        1532M (75%)        1552M (76%)         644M (31%)    
[40.759s][info][gc,heap     ] GC(153)      Used:     1020M (50%)        1342M (66%)         820M (40%)         516M (25%)        1404M (69%)         496M (24%)    
[40.759s][info][gc,heap     ] GC(153)      Live:         -                51M (3%)           51M (3%)           51M (3%)             -                  -          
[40.759s][info][gc,heap     ] GC(153) Allocated:         -               322M (16%)         420M (21%)         451M (22%)            -                  -          
[40.759s][info][gc,heap     ] GC(153)   Garbage:         -               968M (47%)         348M (17%)          12M (1%)             -                  -          
[40.759s][info][gc,heap     ] GC(153) Reclaimed:         -                  -               620M (30%)         955M (47%)            -                  -          
[40.759s][info][gc          ] GC(153) Garbage Collection (Allocation Rate) 1020M(50%)->516M(25%)
[40.855s][info][gc,start    ] GC(154) Garbage Collection (Allocation Rate)
[40.855s][info][gc,task     ] GC(154) Using 3 workers
[40.855s][info][gc,phases   ] GC(154) Pause Mark Start 0.012ms
[40.914s][info][gc,phases   ] GC(154) Concurrent Mark 59.118ms
[40.915s][info][gc,phases   ] GC(154) Pause Mark End 0.020ms
[40.916s][info][gc,phases   ] GC(154) Concurrent Mark Free 0.001ms
[40.927s][info][gc,phases   ] GC(154) Concurrent Process Non-Strong References 10.731ms
[40.927s][info][gc,phases   ] GC(154) Concurrent Reset Relocation Set 0.041ms
[40.936s][info][gc,phases   ] GC(154) Concurrent Select Relocation Set 8.864ms
[40.936s][info][gc,phases   ] GC(154) Pause Relocate Start 0.009ms
[40.947s][info][gc,phases   ] GC(154) Concurrent Relocate 9.885ms
[40.947s][info][gc,load     ] GC(154) Load: 0.00/0.00/0.00
[40.947s][info][gc,mmu      ] GC(154) MMU: 2ms/98.1%, 5ms/99.2%, 10ms/99.6%, 20ms/99.8%, 50ms/99.9%, 100ms/99.9%
[40.947s][info][gc,marking  ] GC(154) Mark: 2 stripe(s), 2 proactive flush(es), 1 terminate flush(es), 0 completion(s), 0 continuation(s) 
[40.947s][info][gc,marking  ] GC(154) Mark Stack Usage: 32M
[40.947s][info][gc,nmethod  ] GC(154) NMethods: 9341 registered, 146 unregistered
[40.947s][info][gc,metaspace] GC(154) Metaspace: 70M used, 71M committed, 1088M reserved
[40.947s][info][gc,ref      ] GC(154) Soft: 3829 encountered, 0 discovered, 0 enqueued
[40.947s][info][gc,ref      ] GC(154) Weak: 10815 encountered, 1156 discovered, 0 enqueued
[40.947s][info][gc,ref      ] GC(154) Final: 289 encountered, 19 discovered, 0 enqueued
[40.947s][info][gc,ref      ] GC(154) Phantom: 425 encountered, 301 discovered, 0 enqueued
[40.947s][info][gc,reloc    ] GC(154) Small Pages: 483 / 966M, Empty: 602M, Relocated: 6M, In-Place: 0
[40.947s][info][gc,reloc    ] GC(154) Medium Pages: 0 / 0M, Empty: 0M, Relocated: 0M, In-Place: 0
[40.947s][info][gc,reloc    ] GC(154) Large Pages: 0 / 0M, Empty: 0M, Relocated: 0M, In-Place: 0
[40.947s][info][gc,reloc    ] GC(154) Forwarding Usage: 2M
[40.947s][info][gc,heap     ] GC(154) Min Capacity: 8M(0%)
[40.947s][info][gc,heap     ] GC(154) Max Capacity: 2048M(100%)
[40.947s][info][gc,heap     ] GC(154) Soft Max Capacity: 2048M(100%)
[40.947s][info][gc,heap     ] GC(154)                Mark Start          Mark End        Relocate Start      Relocate End           High               Low         
[40.947s][info][gc,heap     ] GC(154)  Capacity:     2048M (100%)       2048M (100%)       2048M (100%)       2048M (100%)       2048M (100%)       2048M (100%)   
[40.947s][info][gc,heap     ] GC(154)      Free:     1082M (53%)         806M (39%)        1308M (64%)        1580M (77%)        1596M (78%)         750M (37%)    
[40.947s][info][gc,heap     ] GC(154)      Used:      966M (47%)        1242M (61%)         740M (36%)         468M (23%)        1298M (63%)         452M (22%)    
[40.947s][info][gc,heap     ] GC(154)      Live:         -                51M (3%)           51M (3%)           51M (3%)             -                  -          
[40.947s][info][gc,heap     ] GC(154) Allocated:         -               276M (13%)         376M (18%)         403M (20%)            -                  -          
[40.947s][info][gc,heap     ] GC(154)   Garbage:         -               914M (45%)         312M (15%)          12M (1%)             -                  -          
[40.947s][info][gc,heap     ] GC(154) Reclaimed:         -                  -               602M (29%)         901M (44%)            -                  -          
[40.947s][info][gc          ] GC(154) Garbage Collection (Allocation Rate) 966M(47%)->468M(23%)
[41.054s][info][gc,start    ] GC(155) Garbage Collection (Allocation Rate)
[41.054s][info][gc,task     ] GC(155) Using 3 workers
[41.055s][info][gc,phases   ] GC(155) Pause Mark Start 0.011ms
[41.119s][info][gc,phases   ] GC(155) Concurrent Mark 64.330ms
[41.119s][info][gc,phases   ] GC(155) Pause Mark End 0.022ms
[41.121s][info][gc,phases   ] GC(155) Concurrent Mark Free 0.001ms
[41.131s][info][gc,phases   ] GC(155) Concurrent Process Non-Strong References 10.044ms
[41.131s][info][gc,phases   ] GC(155) Concurrent Reset Relocation Set 0.038ms
[41.136s][info][gc,phases   ] GC(155) Concurrent Select Relocation Set 4.910ms
[41.136s][info][gc,phases   ] GC(155) Pause Relocate Start 0.008ms
[41.146s][info][gc,phases   ] GC(155) Concurrent Relocate 10.086ms
[41.147s][info][gc,load     ] GC(155) Load: 0.00/0.00/0.00
[41.147s][info][gc,mmu      ] GC(155) MMU: 2ms/98.1%, 5ms/99.2%, 10ms/99.6%, 20ms/99.8%, 50ms/99.9%, 100ms/99.9%
[41.147s][info][gc,marking  ] GC(155) Mark: 2 stripe(s), 2 proactive flush(es), 1 terminate flush(es), 0 completion(s), 0 continuation(s) 
[41.147s][info][gc,marking  ] GC(155) Mark Stack Usage: 32M
[41.147s][info][gc,nmethod  ] GC(155) NMethods: 9341 registered, 146 unregistered
[41.147s][info][gc,metaspace] GC(155) Metaspace: 70M used, 71M committed, 1088M reserved
[41.147s][info][gc,ref      ] GC(155) Soft: 3829 encountered, 0 discovered, 0 enqueued
[41.147s][info][gc,ref      ] GC(155) Weak: 10815 encountered, 849 discovered, 0 enqueued
[41.147s][info][gc,ref      ] GC(155) Final: 289 encountered, 16 discovered, 0 enqueued
[41.147s][info][gc,ref      ] GC(155) Phantom: 425 encountered, 254 discovered, 0 enqueued
[41.147s][info][gc,reloc    ] GC(155) Small Pages: 488 / 976M, Empty: 628M, Relocated: 6M, In-Place: 0
[41.147s][info][gc,reloc    ] GC(155) Medium Pages: 0 / 0M, Empty: 0M, Relocated: 0M, In-Place: 0
[41.147s][info][gc,reloc    ] GC(155) Large Pages: 0 / 0M, Empty: 0M, Relocated: 0M, In-Place: 0
[41.147s][info][gc,reloc    ] GC(155) Forwarding Usage: 2M
[41.147s][info][gc,heap     ] GC(155) Min Capacity: 8M(0%)
[41.147s][info][gc,heap     ] GC(155) Max Capacity: 2048M(100%)
[41.147s][info][gc,heap     ] GC(155) Soft Max Capacity: 2048M(100%)
[41.147s][info][gc,heap     ] GC(155)                Mark Start          Mark End        Relocate Start      Relocate End           High               Low         
[41.147s][info][gc,heap     ] GC(155)  Capacity:     2048M (100%)       2048M (100%)       2048M (100%)       2048M (100%)       2048M (100%)       2048M (100%)   
[41.147s][info][gc,heap     ] GC(155)      Free:     1072M (52%)         768M (38%)        1322M (65%)        1576M (77%)        1594M (78%)         718M (35%)    
[41.147s][info][gc,heap     ] GC(155)      Used:      976M (48%)        1280M (63%)         726M (35%)         472M (23%)        1330M (65%)         454M (22%)    
[41.147s][info][gc,heap     ] GC(155)      Live:         -                51M (3%)           51M (3%)           51M (3%)             -                  -          
[41.147s][info][gc,heap     ] GC(155) Allocated:         -               304M (15%)         378M (18%)         407M (20%)            -                  -          
[41.147s][info][gc,heap     ] GC(155)   Garbage:         -               924M (45%)         296M (14%)          12M (1%)             -                  -          
[41.147s][info][gc,heap     ] GC(155) Reclaimed:         -                  -               628M (31%)         911M (45%)            -                  -          
[41.147s][info][gc          ] GC(155) Garbage Collection (Allocation Rate) 976M(48%)->472M(23%)
[41.254s][info][gc,start    ] GC(156) Garbage Collection (Allocation Rate)
[41.254s][info][gc,task     ] GC(156) Using 3 workers
[41.254s][info][gc,phases   ] GC(156) Pause Mark Start 0.010ms
[41.316s][info][gc,phases   ] GC(156) Concurrent Mark 61.238ms
[41.316s][info][gc,phases   ] GC(156) Pause Mark End 0.025ms
[41.317s][info][gc,phases   ] GC(156) Concurrent Mark Free 0.002ms
[41.329s][info][gc,phases   ] GC(156) Concurrent Process Non-Strong References 11.164ms
[41.329s][info][gc,phases   ] GC(156) Concurrent Reset Relocation Set 0.039ms
[41.338s][info][gc,phases   ] GC(156) Concurrent Select Relocation Set 8.742ms
[41.338s][info][gc,phases   ] GC(156) Pause Relocate Start 0.009ms
[41.352s][info][gc,phases   ] GC(156) Concurrent Relocate 13.493ms
[41.352s][info][gc,load     ] GC(156) Load: 0.00/0.00/0.00
[41.352s][info][gc,mmu      ] GC(156) MMU: 2ms/98.1%, 5ms/99.2%, 10ms/99.6%, 20ms/99.8%, 50ms/99.9%, 100ms/99.9%
[41.352s][info][gc,marking  ] GC(156) Mark: 2 stripe(s), 2 proactive flush(es), 1 terminate flush(es), 0 completion(s), 0 continuation(s) 
[41.352s][info][gc,marking  ] GC(156) Mark Stack Usage: 32M
[41.352s][info][gc,nmethod  ] GC(156) NMethods: 9341 registered, 146 unregistered
[41.352s][info][gc,metaspace] GC(156) Metaspace: 70M used, 71M committed, 1088M reserved
[41.352s][info][gc,ref      ] GC(156) Soft: 3829 encountered, 0 discovered, 0 enqueued
[41.352s][info][gc,ref      ] GC(156) Weak: 10815 encountered, 1123 discovered, 0 enqueued
[41.352s][info][gc,ref      ] GC(156) Final: 289 encountered, 7 discovered, 0 enqueued
[41.352s][info][gc,ref      ] GC(156) Phantom: 425 encountered, 229 discovered, 0 enqueued
[41.352s][info][gc,reloc    ] GC(156) Small Pages: 501 / 1002M, Empty: 572M, Relocated: 8M, In-Place: 0
[41.352s][info][gc,reloc    ] GC(156) Medium Pages: 0 / 0M, Empty: 0M, Relocated: 0M, In-Place: 0
[41.352s][info][gc,reloc    ] GC(156) Large Pages: 0 / 0M, Empty: 0M, Relocated: 0M, In-Place: 0
[41.352s][info][gc,reloc    ] GC(156) Forwarding Usage: 3M
[41.352s][info][gc,heap     ] GC(156) Min Capacity: 8M(0%)
[41.352s][info][gc,heap     ] GC(156) Max Capacity: 2048M(100%)
[41.352s][info][gc,heap     ] GC(156) Soft Max Capacity: 2048M(100%)
[41.352s][info][gc,heap     ] GC(156)                Mark Start          Mark End        Relocate Start      Relocate End           High               Low         
[41.352s][info][gc,heap     ] GC(156)  Capacity:     2048M (100%)       2048M (100%)       2048M (100%)       2048M (100%)       2048M (100%)       2048M (100%)   
[41.352s][info][gc,heap     ] GC(156)      Free:     1046M (51%)         752M (37%)        1224M (60%)        1546M (75%)        1578M (77%)         694M (34%)    
[41.352s][info][gc,heap     ] GC(156)      Used:     1002M (49%)        1296M (63%)         824M (40%)         502M (25%)        1354M (66%)         470M (23%)    
[41.352s][info][gc,heap     ] GC(156)      Live:         -                52M (3%)           52M (3%)           52M (3%)             -                  -          
[41.352s][info][gc,heap     ] GC(156) Allocated:         -               294M (14%)         394M (19%)         437M (21%)            -                  -          
[41.352s][info][gc,heap     ] GC(156)   Garbage:         -               949M (46%)         377M (18%)          12M (1%)             -                  -          
[41.352s][info][gc,heap     ] GC(156) Reclaimed:         -                  -               572M (28%)         937M (46%)            -                  -          
[41.352s][info][gc          ] GC(156) Garbage Collection (Allocation Rate) 1002M(49%)->502M(25%)
[41.455s][info][gc,start    ] GC(157) Garbage Collection (Allocation Rate)
[41.455s][info][gc,task     ] GC(157) Using 3 workers
[41.455s][info][gc,phases   ] GC(157) Pause Mark Start 0.010ms
[41.523s][info][gc,phases   ] GC(157) Concurrent Mark 67.083ms
[41.523s][info][gc,phases   ] GC(157) Pause Mark End 0.023ms
[41.523s][info][gc,phases   ] GC(157) Concurrent Mark Free 0.001ms
[41.534s][info][gc,phases   ] GC(157) Concurrent Process Non-Strong References 10.825ms
[41.534s][info][gc,phases   ] GC(157) Concurrent Reset Relocation Set 0.048ms
[41.539s][info][gc,phases   ] GC(157) Concurrent Select Relocation Set 5.288ms
[41.540s][info][gc,phases   ] GC(157) Pause Relocate Start 0.009ms
[41.550s][info][gc,phases   ] GC(157) Concurrent Relocate 9.445ms
[41.550s][info][gc,load     ] GC(157) Load: 0.00/0.00/0.00
[41.550s][info][gc,mmu      ] GC(157) MMU: 2ms/98.1%, 5ms/99.2%, 10ms/99.6%, 20ms/99.8%, 50ms/99.9%, 100ms/99.9%
[41.550s][info][gc,marking  ] GC(157) Mark: 2 stripe(s), 2 proactive flush(es), 1 terminate flush(es), 0 completion(s), 0 continuation(s) 
[41.550s][info][gc,marking  ] GC(157) Mark Stack Usage: 32M
[41.550s][info][gc,nmethod  ] GC(157) NMethods: 9341 registered, 146 unregistered
[41.550s][info][gc,metaspace] GC(157) Metaspace: 70M used, 71M committed, 1088M reserved
[41.550s][info][gc,ref      ] GC(157) Soft: 3829 encountered, 0 discovered, 0 enqueued
[41.550s][info][gc,ref      ] GC(157) Weak: 10815 encountered, 1155 discovered, 0 enqueued
[41.550s][info][gc,ref      ] GC(157) Final: 289 encountered, 18 discovered, 0 enqueued
[41.550s][info][gc,ref      ] GC(157) Phantom: 425 encountered, 267 discovered, 0 enqueued
[41.550s][info][gc,reloc    ] GC(157) Small Pages: 500 / 1000M, Empty: 630M, Relocated: 6M, In-Place: 0
[41.550s][info][gc,reloc    ] GC(157) Medium Pages: 0 / 0M, Empty: 0M, Relocated: 0M, In-Place: 0
[41.550s][info][gc,reloc    ] GC(157) Large Pages: 0 / 0M, Empty: 0M, Relocated: 0M, In-Place: 0
[41.550s][info][gc,reloc    ] GC(157) Forwarding Usage: 2M
[41.550s][info][gc,heap     ] GC(157) Min Capacity: 8M(0%)
[41.550s][info][gc,heap     ] GC(157) Max Capacity: 2048M(100%)
[41.550s][info][gc,heap     ] GC(157) Soft Max Capacity: 2048M(100%)
[41.550s][info][gc,heap     ] GC(157)                Mark Start          Mark End        Relocate Start      Relocate End           High               Low         
[41.550s][info][gc,heap     ] GC(157)  Capacity:     2048M (100%)       2048M (100%)       2048M (100%)       2048M (100%)       2048M (100%)       2048M (100%)   
[41.550s][info][gc,heap     ] GC(157)      Free:     1048M (51%)         726M (35%)        1276M (62%)        1554M (76%)        1572M (77%)         672M (33%)    
[41.550s][info][gc,heap     ] GC(157)      Used:     1000M (49%)        1322M (65%)         772M (38%)         494M (24%)        1376M (67%)         476M (23%)    
[41.550s][info][gc,heap     ] GC(157)      Live:         -                51M (3%)           51M (3%)           51M (3%)             -                  -          
[41.550s][info][gc,heap     ] GC(157) Allocated:         -               322M (16%)         402M (20%)         430M (21%)            -                  -          
[41.550s][info][gc,heap     ] GC(157)   Garbage:         -               948M (46%)         318M (16%)          12M (1%)             -                  -          
[41.550s][info][gc,heap     ] GC(157) Reclaimed:         -                  -               630M (31%)         936M (46%)            -                  -          
[41.550s][info][gc          ] GC(157) Garbage Collection (Allocation Rate) 1000M(49%)->494M(24%)
[41.654s][info][gc,start    ] GC(158) Garbage Collection (Allocation Rate)
[41.654s][info][gc,task     ] GC(158) Using 3 workers
[41.655s][info][gc,phases   ] GC(158) Pause Mark Start 0.011ms
[41.719s][info][gc,phases   ] GC(158) Concurrent Mark 64.236ms
[41.719s][info][gc,phases   ] GC(158) Pause Mark End 0.023ms
[41.721s][info][gc,phases   ] GC(158) Concurrent Mark Free 0.002ms
[41.732s][info][gc,phases   ] GC(158) Concurrent Process Non-Strong References 11.402ms
[41.732s][info][gc,phases   ] GC(158) Concurrent Reset Relocation Set 0.051ms
[41.739s][info][gc,phases   ] GC(158) Concurrent Select Relocation Set 6.444ms
[41.739s][info][gc,phases   ] GC(158) Pause Relocate Start 0.009ms
[41.748s][info][gc,phases   ] GC(158) Concurrent Relocate 8.068ms
[41.748s][info][gc,load     ] GC(158) Load: 0.00/0.00/0.00
[41.748s][info][gc,mmu      ] GC(158) MMU: 2ms/98.1%, 5ms/99.2%, 10ms/99.6%, 20ms/99.8%, 50ms/99.9%, 100ms/99.9%
[41.748s][info][gc,marking  ] GC(158) Mark: 2 stripe(s), 2 proactive flush(es), 1 terminate flush(es), 0 completion(s), 0 continuation(s) 
[41.748s][info][gc,marking  ] GC(158) Mark Stack Usage: 32M
[41.748s][info][gc,nmethod  ] GC(158) NMethods: 9341 registered, 146 unregistered
[41.748s][info][gc,metaspace] GC(158) Metaspace: 70M used, 71M committed, 1088M reserved
[41.748s][info][gc,ref      ] GC(158) Soft: 3829 encountered, 0 discovered, 0 enqueued
[41.748s][info][gc,ref      ] GC(158) Weak: 10815 encountered, 1064 discovered, 0 enqueued
[41.748s][info][gc,ref      ] GC(158) Final: 289 encountered, 13 discovered, 0 enqueued
[41.748s][info][gc,ref      ] GC(158) Phantom: 425 encountered, 255 discovered, 0 enqueued
[41.748s][info][gc,reloc    ] GC(158) Small Pages: 508 / 1016M, Empty: 652M, Relocated: 6M, In-Place: 0
[41.748s][info][gc,reloc    ] GC(158) Medium Pages: 0 / 0M, Empty: 0M, Relocated: 0M, In-Place: 0
[41.748s][info][gc,reloc    ] GC(158) Large Pages: 0 / 0M, Empty: 0M, Relocated: 0M, In-Place: 0
[41.748s][info][gc,reloc    ] GC(158) Forwarding Usage: 2M
[41.748s][info][gc,heap     ] GC(158) Min Capacity: 8M(0%)
[41.748s][info][gc,heap     ] GC(158) Max Capacity: 2048M(100%)
[41.748s][info][gc,heap     ] GC(158) Soft Max Capacity: 2048M(100%)
[41.748s][info][gc,heap     ] GC(158)                Mark Start          Mark End        Relocate Start      Relocate End           High               Low         
[41.748s][info][gc,heap     ] GC(158)  Capacity:     2048M (100%)       2048M (100%)       2048M (100%)       2048M (100%)       2048M (100%)       2048M (100%)   
[41.748s][info][gc,heap     ] GC(158)      Free:     1032M (50%)         722M (35%)        1282M (63%)        1558M (76%)        1572M (77%)         660M (32%)    
[41.748s][info][gc,heap     ] GC(158)      Used:     1016M (50%)        1326M (65%)         766M (37%)         490M (24%)        1388M (68%)         476M (23%)    
[41.748s][info][gc,heap     ] GC(158)      Live:         -                52M (3%)           52M (3%)           52M (3%)             -                  -          
[41.748s][info][gc,heap     ] GC(158) Allocated:         -               310M (15%)         402M (20%)         423M (21%)            -                  -          
[41.748s][info][gc,heap     ] GC(158)   Garbage:         -               963M (47%)         311M (15%)          14M (1%)             -                  -          
[41.748s][info][gc,heap     ] GC(158) Reclaimed:         -                  -               652M (32%)         949M (46%)            -                  -          
[41.748s][info][gc          ] GC(158) Garbage Collection (Allocation Rate) 1016M(50%)->490M(24%)
[41.854s][info][gc,start    ] GC(159) Garbage Collection (Allocation Rate)
[41.854s][info][gc,task     ] GC(159) Using 3 workers
[41.854s][info][gc,phases   ] GC(159) Pause Mark Start 0.013ms
[41.921s][info][gc,phases   ] GC(159) Concurrent Mark 66.227ms
[41.921s][info][gc,phases   ] GC(159) Pause Mark End 0.027ms
[41.925s][info][gc,phases   ] GC(159) Concurrent Mark Free 0.003ms
[41.960s][info][gc,phases   ] GC(159) Concurrent Process Non-Strong References 35.325ms
[41.960s][info][gc,phases   ] GC(159) Concurrent Reset Relocation Set 0.040ms
[41.967s][info][gc,phases   ] GC(159) Concurrent Select Relocation Set 6.552ms
[41.967s][info][gc,phases   ] GC(159) Pause Relocate Start 0.009ms
[41.976s][info][gc,phases   ] GC(159) Concurrent Relocate 8.123ms
[41.976s][info][gc,load     ] GC(159) Load: 0.00/0.00/0.00
[41.976s][info][gc,mmu      ] GC(159) MMU: 2ms/98.1%, 5ms/99.2%, 10ms/99.6%, 20ms/99.8%, 50ms/99.9%, 100ms/99.9%
[41.976s][info][gc,marking  ] GC(159) Mark: 2 stripe(s), 2 proactive flush(es), 1 terminate flush(es), 0 completion(s), 0 continuation(s) 
[41.976s][info][gc,marking  ] GC(159) Mark Stack Usage: 32M
[41.976s][info][gc,nmethod  ] GC(159) NMethods: 5241 registered, 4296 unregistered
[41.976s][info][gc,metaspace] GC(159) Metaspace: 70M used, 71M committed, 1088M reserved
[41.976s][info][gc,ref      ] GC(159) Soft: 3829 encountered, 0 discovered, 0 enqueued
[41.976s][info][gc,ref      ] GC(159) Weak: 10815 encountered, 1576 discovered, 0 enqueued
[41.976s][info][gc,ref      ] GC(159) Final: 289 encountered, 50 discovered, 0 enqueued
[41.976s][info][gc,ref      ] GC(159) Phantom: 425 encountered, 285 discovered, 0 enqueued
[41.976s][info][gc,reloc    ] GC(159) Small Pages: 510 / 1020M, Empty: 662M, Relocated: 6M, In-Place: 0
[41.976s][info][gc,reloc    ] GC(159) Medium Pages: 0 / 0M, Empty: 0M, Relocated: 0M, In-Place: 0
[41.976s][info][gc,reloc    ] GC(159) Large Pages: 0 / 0M, Empty: 0M, Relocated: 0M, In-Place: 0
[41.976s][info][gc,reloc    ] GC(159) Forwarding Usage: 1M
[41.976s][info][gc,heap     ] GC(159) Min Capacity: 8M(0%)
[41.976s][info][gc,heap     ] GC(159) Max Capacity: 2048M(100%)
[41.976s][info][gc,heap     ] GC(159) Soft Max Capacity: 2048M(100%)
[41.976s][info][gc,heap     ] GC(159)                Mark Start          Mark End        Relocate Start      Relocate End           High               Low         
[41.976s][info][gc,heap     ] GC(159)  Capacity:     2048M (100%)       2048M (100%)       2048M (100%)       2048M (100%)       2048M (100%)       2048M (100%)   
[41.976s][info][gc,heap     ] GC(159)      Free:     1028M (50%)         708M (35%)        1156M (56%)        1430M (70%)        1436M (70%)         524M (26%)    
[41.976s][info][gc,heap     ] GC(159)      Used:     1020M (50%)        1340M (65%)         892M (44%)         618M (30%)        1524M (74%)         612M (30%)    
[41.976s][info][gc,heap     ] GC(159)      Live:         -                51M (3%)           51M (3%)           51M (3%)             -                  -          
[41.976s][info][gc,heap     ] GC(159) Allocated:         -               320M (16%)         534M (26%)         553M (27%)            -                  -          
[41.976s][info][gc,heap     ] GC(159)   Garbage:         -               968M (47%)         306M (15%)          12M (1%)             -                  -          
[41.976s][info][gc,heap     ] GC(159) Reclaimed:         -                  -               662M (32%)         955M (47%)            -                  -          
[41.976s][info][gc          ] GC(159) Garbage Collection (Allocation Rate) 1020M(50%)->618M(30%)
[42.055s][info][gc,start    ] GC(160) Garbage Collection (Allocation Rate)
[42.055s][info][gc,task     ] GC(160) Using 3 workers
[42.055s][info][gc,phases   ] GC(160) Pause Mark Start 0.009ms
[42.111s][info][gc,phases   ] GC(160) Concurrent Mark 55.251ms
[42.111s][info][gc,phases   ] GC(160) Pause Mark End 0.024ms
[42.112s][info][gc,phases   ] GC(160) Concurrent Mark Free 0.001ms
[42.120s][info][gc,phases   ] GC(160) Concurrent Process Non-Strong References 8.090ms
[42.120s][info][gc,phases   ] GC(160) Concurrent Reset Relocation Set 0.038ms
[42.128s][info][gc,phases   ] GC(160) Concurrent Select Relocation Set 7.460ms
[42.128s][info][gc,phases   ] GC(160) Pause Relocate Start 0.008ms
[42.137s][info][gc,phases   ] GC(160) Concurrent Relocate 8.877ms
[42.137s][info][gc,load     ] GC(160) Load: 0.00/0.00/0.00
[42.137s][info][gc,mmu      ] GC(160) MMU: 2ms/98.1%, 5ms/99.2%, 10ms/99.6%, 20ms/99.8%, 50ms/99.9%, 100ms/99.9%
[42.137s][info][gc,marking  ] GC(160) Mark: 2 stripe(s), 2 proactive flush(es), 1 terminate flush(es), 0 completion(s), 0 continuation(s) 
[42.137s][info][gc,marking  ] GC(160) Mark Stack Usage: 32M
[42.137s][info][gc,nmethod  ] GC(160) NMethods: 5242 registered, 4304 unregistered
[42.137s][info][gc,metaspace] GC(160) Metaspace: 70M used, 71M committed, 1088M reserved
[42.137s][info][gc,ref      ] GC(160) Soft: 3829 encountered, 0 discovered, 0 enqueued
[42.137s][info][gc,ref      ] GC(160) Weak: 10827 encountered, 1250 discovered, 0 enqueued
[42.137s][info][gc,ref      ] GC(160) Final: 289 encountered, 13 discovered, 0 enqueued
[42.137s][info][gc,ref      ] GC(160) Phantom: 425 encountered, 260 discovered, 0 enqueued
[42.137s][info][gc,reloc    ] GC(160) Small Pages: 500 / 1000M, Empty: 618M, Relocated: 6M, In-Place: 0
[42.137s][info][gc,reloc    ] GC(160) Medium Pages: 0 / 0M, Empty: 0M, Relocated: 0M, In-Place: 0
[42.137s][info][gc,reloc    ] GC(160) Large Pages: 0 / 0M, Empty: 0M, Relocated: 0M, In-Place: 0
[42.137s][info][gc,reloc    ] GC(160) Forwarding Usage: 2M
[42.137s][info][gc,heap     ] GC(160) Min Capacity: 8M(0%)
[42.137s][info][gc,heap     ] GC(160) Max Capacity: 2048M(100%)
[42.137s][info][gc,heap     ] GC(160) Soft Max Capacity: 2048M(100%)
[42.137s][info][gc,heap     ] GC(160)                Mark Start          Mark End        Relocate Start      Relocate End           High               Low         
[42.137s][info][gc,heap     ] GC(160)  Capacity:     2048M (100%)       2048M (100%)       2048M (100%)       2048M (100%)       2048M (100%)       2048M (100%)   
[42.137s][info][gc,heap     ] GC(160)      Free:     1048M (51%)         780M (38%)        1324M (65%)        1616M (79%)        1630M (80%)         738M (36%)    
[42.137s][info][gc,heap     ] GC(160)      Used:     1000M (49%)        1268M (62%)         724M (35%)         432M (21%)        1310M (64%)         418M (20%)    
[42.137s][info][gc,heap     ] GC(160)      Live:         -                51M (3%)           51M (3%)           51M (3%)             -                  -          
[42.137s][info][gc,heap     ] GC(160) Allocated:         -               268M (13%)         342M (17%)         365M (18%)            -                  -          
[42.138s][info][gc,heap     ] GC(160)   Garbage:         -               948M (46%)         330M (16%)          14M (1%)             -                  -          
[42.138s][info][gc,heap     ] GC(160) Reclaimed:         -                  -               618M (30%)         933M (46%)            -                  -          
[42.138s][info][gc          ] GC(160) Garbage Collection (Allocation Rate) 1000M(49%)->432M(21%)
[42.155s][info][gc,start    ] GC(161) Garbage Collection (Allocation Rate)
[42.155s][info][gc,task     ] GC(161) Using 3 workers
[42.155s][info][gc,phases   ] GC(161) Pause Mark Start 0.010ms
[42.210s][info][gc,phases   ] GC(161) Concurrent Mark 55.275ms
[42.211s][info][gc,phases   ] GC(161) Pause Mark End 0.024ms
[42.211s][info][gc,phases   ] GC(161) Concurrent Mark Free 0.001ms
[42.218s][info][gc,phases   ] GC(161) Concurrent Process Non-Strong References 7.273ms
[42.218s][info][gc,phases   ] GC(161) Concurrent Reset Relocation Set 0.041ms
[42.227s][info][gc,phases   ] GC(161) Concurrent Select Relocation Set 8.468ms
[42.227s][info][gc,phases   ] GC(161) Pause Relocate Start 0.008ms
[42.239s][info][gc,phases   ] GC(161) Concurrent Relocate 11.323ms
[42.239s][info][gc,load     ] GC(161) Load: 0.00/0.00/0.00
[42.239s][info][gc,mmu      ] GC(161) MMU: 2ms/98.1%, 5ms/99.2%, 10ms/99.6%, 20ms/99.8%, 50ms/99.9%, 100ms/99.9%
[42.239s][info][gc,marking  ] GC(161) Mark: 2 stripe(s), 2 proactive flush(es), 1 terminate flush(es), 0 completion(s), 0 continuation(s) 
[42.239s][info][gc,marking  ] GC(161) Mark Stack Usage: 32M
[42.239s][info][gc,nmethod  ] GC(161) NMethods: 5244 registered, 4304 unregistered
[42.239s][info][gc,metaspace] GC(161) Metaspace: 70M used, 71M committed, 1088M reserved
[42.239s][info][gc,ref      ] GC(161) Soft: 3829 encountered, 0 discovered, 0 enqueued
[42.239s][info][gc,ref      ] GC(161) Weak: 10827 encountered, 1328 discovered, 0 enqueued
[42.239s][info][gc,ref      ] GC(161) Final: 289 encountered, 30 discovered, 0 enqueued
[42.239s][info][gc,ref      ] GC(161) Phantom: 425 encountered, 304 discovered, 0 enqueued
[42.239s][info][gc,reloc    ] GC(161) Small Pages: 259 / 518M, Empty: 216M, Relocated: 6M, In-Place: 0
[42.239s][info][gc,reloc    ] GC(161) Medium Pages: 0 / 0M, Empty: 0M, Relocated: 0M, In-Place: 0
[42.239s][info][gc,reloc    ] GC(161) Large Pages: 0 / 0M, Empty: 0M, Relocated: 0M, In-Place: 0
[42.239s][info][gc,reloc    ] GC(161) Forwarding Usage: 3M
[42.239s][info][gc,heap     ] GC(161) Min Capacity: 8M(0%)
[42.239s][info][gc,heap     ] GC(161) Max Capacity: 2048M(100%)
[42.239s][info][gc,heap     ] GC(161) Soft Max Capacity: 2048M(100%)
[42.239s][info][gc,heap     ] GC(161)                Mark Start          Mark End        Relocate Start      Relocate End           High               Low         
[42.239s][info][gc,heap     ] GC(161)  Capacity:     2048M (100%)       2048M (100%)       2048M (100%)       2048M (100%)       2048M (100%)       2048M (100%)   
[42.239s][info][gc,heap     ] GC(161)      Free:     1530M (75%)        1270M (62%)        1408M (69%)        1608M (79%)        1636M (80%)        1228M (60%)    
[42.239s][info][gc,heap     ] GC(161)      Used:      518M (25%)         778M (38%)         640M (31%)         440M (21%)         820M (40%)         412M (20%)    
[42.239s][info][gc,heap     ] GC(161)      Live:         -                52M (3%)           52M (3%)           52M (3%)             -                  -          
[42.239s][info][gc,heap     ] GC(161) Allocated:         -               260M (13%)         338M (17%)         373M (18%)            -                  -          
[42.239s][info][gc,heap     ] GC(161)   Garbage:         -               465M (23%)         249M (12%)          14M (1%)             -                  -          
[42.239s][info][gc,heap     ] GC(161) Reclaimed:         -                  -               216M (11%)         451M (22%)            -                  -          
[42.239s][info][gc          ] GC(161) Garbage Collection (Allocation Rate) 518M(25%)->440M(21%)
[42.354s][info][gc,start    ] GC(162) Garbage Collection (Allocation Rate)
[42.354s][info][gc,task     ] GC(162) Using 3 workers
[42.354s][info][gc,phases   ] GC(162) Pause Mark Start 0.010ms
[42.410s][info][gc,phases   ] GC(162) Concurrent Mark 55.370ms
[42.410s][info][gc,phases   ] GC(162) Pause Mark End 0.022ms
[42.410s][info][gc,phases   ] GC(162) Concurrent Mark Free 0.001ms
[42.417s][info][gc,phases   ] GC(162) Concurrent Process Non-Strong References 6.488ms
[42.417s][info][gc,phases   ] GC(162) Concurrent Reset Relocation Set 0.039ms
[42.422s][info][gc,phases   ] GC(162) Concurrent Select Relocation Set 5.246ms
[42.423s][info][gc,phases   ] GC(162) Pause Relocate Start 0.007ms
[42.433s][info][gc,phases   ] GC(162) Concurrent Relocate 9.923ms
[42.434s][info][gc,load     ] GC(162) Load: 0.00/0.00/0.00
[42.434s][info][gc,mmu      ] GC(162) MMU: 2ms/98.1%, 5ms/99.2%, 10ms/99.6%, 20ms/99.8%, 50ms/99.9%, 100ms/99.9%
[42.434s][info][gc,marking  ] GC(162) Mark: 2 stripe(s), 2 proactive flush(es), 1 terminate flush(es), 0 completion(s), 0 continuation(s) 
[42.434s][info][gc,marking  ] GC(162) Mark Stack Usage: 32M
[42.434s][info][gc,nmethod  ] GC(162) NMethods: 5243 registered, 4305 unregistered
[42.434s][info][gc,metaspace] GC(162) Metaspace: 70M used, 71M committed, 1088M reserved
[42.434s][info][gc,ref      ] GC(162) Soft: 3829 encountered, 0 discovered, 0 enqueued
[42.434s][info][gc,ref      ] GC(162) Weak: 10663 encountered, 1307 discovered, 37 enqueued
[42.434s][info][gc,ref      ] GC(162) Final: 289 encountered, 23 discovered, 0 enqueued
[42.434s][info][gc,ref      ] GC(162) Phantom: 425 encountered, 276 discovered, 0 enqueued
[42.434s][info][gc,reloc    ] GC(162) Small Pages: 504 / 1008M, Empty: 562M, Relocated: 6M, In-Place: 0
[42.434s][info][gc,reloc    ] GC(162) Medium Pages: 0 / 0M, Empty: 0M, Relocated: 0M, In-Place: 0
[42.434s][info][gc,reloc    ] GC(162) Large Pages: 0 / 0M, Empty: 0M, Relocated: 0M, In-Place: 0
[42.434s][info][gc,reloc    ] GC(162) Forwarding Usage: 2M
[42.434s][info][gc,heap     ] GC(162) Min Capacity: 8M(0%)
[42.434s][info][gc,heap     ] GC(162) Max Capacity: 2048M(100%)
[42.434s][info][gc,heap     ] GC(162) Soft Max Capacity: 2048M(100%)
[42.434s][info][gc,heap     ] GC(162)                Mark Start          Mark End        Relocate Start      Relocate End           High               Low         
[42.434s][info][gc,heap     ] GC(162)  Capacity:     2048M (100%)       2048M (100%)       2048M (100%)       2048M (100%)       2048M (100%)       2048M (100%)   
[42.434s][info][gc,heap     ] GC(162)      Free:     1040M (51%)         776M (38%)        1282M (63%)        1630M (80%)        1652M (81%)         744M (36%)    
[42.434s][info][gc,heap     ] GC(162)      Used:     1008M (49%)        1272M (62%)         766M (37%)         418M (20%)        1304M (64%)         396M (19%)    
[42.434s][info][gc,heap     ] GC(162)      Live:         -                51M (3%)           51M (3%)           51M (3%)             -                  -          
[42.434s][info][gc,heap     ] GC(162) Allocated:         -               264M (13%)         320M (16%)         352M (17%)            -                  -          
[42.434s][info][gc,heap     ] GC(162)   Garbage:         -               956M (47%)         394M (19%)          14M (1%)             -                  -          
[42.434s][info][gc,heap     ] GC(162) Reclaimed:         -                  -               562M (27%)         942M (46%)            -                  -          
[42.434s][info][gc          ] GC(162) Garbage Collection (Allocation Rate) 1008M(49%)->418M(20%)
[42.555s][info][gc,start    ] GC(163) Garbage Collection (Allocation Rate)
[42.555s][info][gc,task     ] GC(163) Using 3 workers
[42.555s][info][gc,phases   ] GC(163) Pause Mark Start 0.009ms
[42.610s][info][gc,phases   ] GC(163) Concurrent Mark 54.272ms
[42.610s][info][gc,phases   ] GC(163) Pause Mark End 0.021ms
[42.610s][info][gc,phases   ] GC(163) Concurrent Mark Free 0.001ms
[42.618s][info][gc,phases   ] GC(163) Concurrent Process Non-Strong References 7.356ms
[42.618s][info][gc,phases   ] GC(163) Concurrent Reset Relocation Set 0.040ms
[42.623s][info][gc,phases   ] GC(163) Concurrent Select Relocation Set 5.042ms
[42.623s][info][gc,phases   ] GC(163) Pause Relocate Start 0.009ms
[42.632s][info][gc,phases   ] GC(163) Concurrent Relocate 8.807ms
[42.632s][info][gc,load     ] GC(163) Load: 0.00/0.00/0.00
[42.632s][info][gc,mmu      ] GC(163) MMU: 2ms/98.1%, 5ms/99.2%, 10ms/99.6%, 20ms/99.8%, 50ms/99.9%, 100ms/99.9%
[42.632s][info][gc,marking  ] GC(163) Mark: 2 stripe(s), 2 proactive flush(es), 1 terminate flush(es), 0 completion(s), 0 continuation(s) 
[42.632s][info][gc,marking  ] GC(163) Mark Stack Usage: 32M
[42.632s][info][gc,nmethod  ] GC(163) NMethods: 5246 registered, 4305 unregistered
[42.632s][info][gc,metaspace] GC(163) Metaspace: 70M used, 71M committed, 1088M reserved
[42.632s][info][gc,ref      ] GC(163) Soft: 3829 encountered, 0 discovered, 0 enqueued
[42.632s][info][gc,ref      ] GC(163) Weak: 10576 encountered, 885 discovered, 12 enqueued
[42.632s][info][gc,ref      ] GC(163) Final: 289 encountered, 6 discovered, 0 enqueued
[42.632s][info][gc,ref      ] GC(163) Phantom: 425 encountered, 267 discovered, 0 enqueued
[42.632s][info][gc,reloc    ] GC(163) Small Pages: 508 / 1016M, Empty: 722M, Relocated: 5M, In-Place: 0
[42.632s][info][gc,reloc    ] GC(163) Medium Pages: 0 / 0M, Empty: 0M, Relocated: 0M, In-Place: 0
[42.632s][info][gc,reloc    ] GC(163) Large Pages: 0 / 0M, Empty: 0M, Relocated: 0M, In-Place: 0
[42.632s][info][gc,reloc    ] GC(163) Forwarding Usage: 1M
[42.632s][info][gc,heap     ] GC(163) Min Capacity: 8M(0%)
[42.632s][info][gc,heap     ] GC(163) Max Capacity: 2048M(100%)
[42.632s][info][gc,heap     ] GC(163) Soft Max Capacity: 2048M(100%)
[42.632s][info][gc,heap     ] GC(163)                Mark Start          Mark End        Relocate Start      Relocate End           High               Low         
[42.632s][info][gc,heap     ] GC(163)  Capacity:     2048M (100%)       2048M (100%)       2048M (100%)       2048M (100%)       2048M (100%)       2048M (100%)   
[42.632s][info][gc,heap     ] GC(163)      Free:     1032M (50%)         776M (38%)        1438M (70%)        1640M (80%)        1660M (81%)         742M (36%)    
[42.632s][info][gc,heap     ] GC(163)      Used:     1016M (50%)        1272M (62%)         610M (30%)         408M (20%)        1306M (64%)         388M (19%)    
[42.632s][info][gc,heap     ] GC(163)      Live:         -                51M (3%)           51M (3%)           51M (3%)             -                  -          
[42.632s][info][gc,heap     ] GC(163) Allocated:         -               256M (13%)         316M (15%)         340M (17%)            -                  -          
[42.632s][info][gc,heap     ] GC(163)   Garbage:         -               964M (47%)         242M (12%)          16M (1%)             -                  -          
[42.633s][info][gc,heap     ] GC(163) Reclaimed:         -                  -               722M (35%)         948M (46%)            -                  -          
[42.633s][info][gc          ] GC(163) Garbage Collection (Allocation Rate) 1016M(50%)->408M(20%)
[42.755s][info][gc,start    ] GC(164) Garbage Collection (Allocation Rate)
[42.772s][info][gc,task     ] GC(164) Using 3 workers
[42.773s][info][gc,phases   ] GC(164) Pause Mark Start 0.010ms
[42.832s][info][gc,phases   ] GC(164) Concurrent Mark 59.648ms
[42.833s][info][gc,phases   ] GC(164) Pause Mark End 0.025ms
[42.833s][info][gc,phases   ] GC(164) Concurrent Mark Free 0.002ms
[42.841s][info][gc,phases   ] GC(164) Concurrent Process Non-Strong References 7.873ms
[42.841s][info][gc,phases   ] GC(164) Concurrent Reset Relocation Set 0.026ms
[42.845s][info][gc,phases   ] GC(164) Concurrent Select Relocation Set 4.562ms
[42.846s][info][gc,phases   ] GC(164) Pause Relocate Start 0.009ms
[42.849s][info][gc,phases   ] GC(164) Concurrent Relocate 3.579ms
[42.849s][info][gc,load     ] GC(164) Load: 0.00/0.00/0.00
[42.849s][info][gc,mmu      ] GC(164) MMU: 2ms/98.1%, 5ms/99.2%, 10ms/99.6%, 20ms/99.8%, 50ms/99.9%, 100ms/99.9%
[42.849s][info][gc,marking  ] GC(164) Mark: 2 stripe(s), 2 proactive flush(es), 1 terminate flush(es), 0 completion(s), 0 continuation(s) 
[42.849s][info][gc,marking  ] GC(164) Mark Stack Usage: 32M
[42.850s][info][gc,nmethod  ] GC(164) NMethods: 5267 registered, 4311 unregistered
[42.850s][info][gc,metaspace] GC(164) Metaspace: 70M used, 71M committed, 1088M reserved
[42.850s][info][gc,ref      ] GC(164) Soft: 3829 encountered, 0 discovered, 0 enqueued
[42.850s][info][gc,ref      ] GC(164) Weak: 10402 encountered, 1000 discovered, 42 enqueued
[42.850s][info][gc,ref      ] GC(164) Final: 289 encountered, 26 discovered, 0 enqueued
[42.850s][info][gc,ref      ] GC(164) Phantom: 425 encountered, 336 discovered, 0 enqueued
[42.850s][info][gc,reloc    ] GC(164) Small Pages: 536 / 1072M, Empty: 756M, Relocated: 3M, In-Place: 0
[42.850s][info][gc,reloc    ] GC(164) Medium Pages: 0 / 0M, Empty: 0M, Relocated: 0M, In-Place: 0
[42.850s][info][gc,reloc    ] GC(164) Large Pages: 0 / 0M, Empty: 0M, Relocated: 0M, In-Place: 0
[42.850s][info][gc,reloc    ] GC(164) Forwarding Usage: 1M
[42.850s][info][gc,heap     ] GC(164) Min Capacity: 8M(0%)
[42.850s][info][gc,heap     ] GC(164) Max Capacity: 2048M(100%)
[42.850s][info][gc,heap     ] GC(164) Soft Max Capacity: 2048M(100%)
[42.850s][info][gc,heap     ] GC(164)                Mark Start          Mark End        Relocate Start      Relocate End           High               Low         
[42.850s][info][gc,heap     ] GC(164)  Capacity:     2048M (100%)       2048M (100%)       2048M (100%)       2048M (100%)       2048M (100%)       2048M (100%)   
[42.850s][info][gc,heap     ] GC(164)      Free:      976M (48%)         718M (35%)        1418M (69%)        1664M (81%)        1664M (81%)         684M (33%)    
[42.850s][info][gc,heap     ] GC(164)      Used:     1072M (52%)        1330M (65%)         630M (31%)         384M (19%)        1364M (67%)         384M (19%)    
[42.850s][info][gc,heap     ] GC(164)      Live:         -                51M (2%)           51M (2%)           51M (2%)             -                  -          
[42.850s][info][gc,heap     ] GC(164) Allocated:         -               258M (13%)         314M (15%)         316M (15%)            -                  -          
[42.850s][info][gc,heap     ] GC(164)   Garbage:         -              1020M (50%)         264M (13%)          16M (1%)             -                  -          
[42.850s][info][gc,heap     ] GC(164) Reclaimed:         -                  -               756M (37%)        1004M (49%)            -                  -          
[42.850s][info][gc          ] GC(164) Garbage Collection (Allocation Rate) 1072M(52%)->384M(19%)
[43.054s][info][gc,start    ] GC(165) Garbage Collection (Allocation Rate)
[43.054s][info][gc,task     ] GC(165) Using 2 workers
[43.054s][info][gc,phases   ] GC(165) Pause Mark Start 0.014ms
[43.121s][info][gc,phases   ] GC(165) Concurrent Mark 66.450ms
[43.121s][info][gc,phases   ] GC(165) Pause Mark End 0.023ms
[43.121s][info][gc,phases   ] GC(165) Concurrent Mark Free 0.001ms
[43.130s][info][gc,phases   ] GC(165) Concurrent Process Non-Strong References 8.442ms
[43.130s][info][gc,phases   ] GC(165) Concurrent Reset Relocation Set 0.020ms
[43.135s][info][gc,phases   ] GC(165) Concurrent Select Relocation Set 5.401ms
[43.135s][info][gc,phases   ] GC(165) Pause Relocate Start 0.008ms
[43.145s][info][gc,phases   ] GC(165) Concurrent Relocate 9.867ms
[43.145s][info][gc,load     ] GC(165) Load: 0.00/0.00/0.00
[43.145s][info][gc,mmu      ] GC(165) MMU: 2ms/98.1%, 5ms/99.2%, 10ms/99.6%, 20ms/99.8%, 50ms/99.9%, 100ms/99.9%
[43.146s][info][gc,marking  ] GC(165) Mark: 2 stripe(s), 2 proactive flush(es), 1 terminate flush(es), 0 completion(s), 0 continuation(s) 
[43.146s][info][gc,marking  ] GC(165) Mark Stack Usage: 32M
[43.146s][info][gc,nmethod  ] GC(165) NMethods: 5260 registered, 4320 unregistered
[43.146s][info][gc,metaspace] GC(165) Metaspace: 70M used, 71M committed, 1088M reserved
[43.146s][info][gc,ref      ] GC(165) Soft: 3829 encountered, 0 discovered, 0 enqueued
[43.146s][info][gc,ref      ] GC(165) Weak: 10061 encountered, 1157 discovered, 72 enqueued
[43.146s][info][gc,ref      ] GC(165) Final: 289 encountered, 6 discovered, 0 enqueued
[43.146s][info][gc,ref      ] GC(165) Phantom: 425 encountered, 351 discovered, 0 enqueued
[43.146s][info][gc,reloc    ] GC(165) Small Pages: 608 / 1216M, Empty: 842M, Relocated: 6M, In-Place: 0
[43.146s][info][gc,reloc    ] GC(165) Medium Pages: 0 / 0M, Empty: 0M, Relocated: 0M, In-Place: 0
[43.146s][info][gc,reloc    ] GC(165) Large Pages: 0 / 0M, Empty: 0M, Relocated: 0M, In-Place: 0
[43.146s][info][gc,reloc    ] GC(165) Forwarding Usage: 2M
[43.146s][info][gc,heap     ] GC(165) Min Capacity: 8M(0%)
[43.146s][info][gc,heap     ] GC(165) Max Capacity: 2048M(100%)
[43.146s][info][gc,heap     ] GC(165) Soft Max Capacity: 2048M(100%)
[43.146s][info][gc,heap     ] GC(165)                Mark Start          Mark End        Relocate Start      Relocate End           High               Low         
[43.146s][info][gc,heap     ] GC(165)  Capacity:     2048M (100%)       2048M (100%)       2048M (100%)       2048M (100%)       2048M (100%)       2048M (100%)   
[43.146s][info][gc,heap     ] GC(165)      Free:      832M (41%)         612M (30%)        1410M (69%)        1694M (83%)        1710M (83%)         582M (28%)    
[43.146s][info][gc,heap     ] GC(165)      Used:     1216M (59%)        1436M (70%)         638M (31%)         354M (17%)        1466M (72%)         338M (17%)    
[43.146s][info][gc,heap     ] GC(165)      Live:         -                50M (2%)           50M (2%)           50M (2%)             -                  -          
[43.146s][info][gc,heap     ] GC(165) Allocated:         -               220M (11%)         264M (13%)         291M (14%)            -                  -          
[43.146s][info][gc,heap     ] GC(165)   Garbage:         -              1165M (57%)         323M (16%)          12M (1%)             -                  -          
[43.146s][info][gc,heap     ] GC(165) Reclaimed:         -                  -               842M (41%)        1153M (56%)            -                  -          
[43.146s][info][gc          ] GC(165) Garbage Collection (Allocation Rate) 1216M(59%)->354M(17%)
[43.255s][info][gc,start    ] GC(166) Garbage Collection (Allocation Rate)
[43.255s][info][gc,task     ] GC(166) Using 2 workers
[43.255s][info][gc,phases   ] GC(166) Pause Mark Start 0.011ms
[43.320s][info][gc,phases   ] GC(166) Concurrent Mark 64.555ms
[43.320s][info][gc,phases   ] GC(166) Pause Mark End 0.019ms
[43.320s][info][gc,phases   ] GC(166) Concurrent Mark Free 0.001ms
[43.328s][info][gc,phases   ] GC(166) Concurrent Process Non-Strong References 7.755ms
[43.328s][info][gc,phases   ] GC(166) Concurrent Reset Relocation Set 0.024ms
[43.331s][info][gc,phases   ] GC(166) Concurrent Select Relocation Set 3.243ms
[43.331s][info][gc,phases   ] GC(166) Pause Relocate Start 0.009ms
[43.338s][info][gc,phases   ] GC(166) Concurrent Relocate 7.031ms
[43.338s][info][gc,load     ] GC(166) Load: 0.00/0.00/0.00
[43.338s][info][gc,mmu      ] GC(166) MMU: 2ms/98.1%, 5ms/99.2%, 10ms/99.6%, 20ms/99.8%, 50ms/99.9%, 100ms/99.9%
[43.338s][info][gc,marking  ] GC(166) Mark: 2 stripe(s), 2 proactive flush(es), 1 terminate flush(es), 0 completion(s), 0 continuation(s) 
[43.338s][info][gc,marking  ] GC(166) Mark Stack Usage: 32M
[43.338s][info][gc,nmethod  ] GC(166) NMethods: 5260 registered, 4320 unregistered
[43.338s][info][gc,metaspace] GC(166) Metaspace: 70M used, 71M committed, 1088M reserved
[43.338s][info][gc,ref      ] GC(166) Soft: 3829 encountered, 0 discovered, 0 enqueued
[43.338s][info][gc,ref      ] GC(166) Weak: 9865 encountered, 1310 discovered, 31 enqueued
[43.338s][info][gc,ref      ] GC(166) Final: 289 encountered, 13 discovered, 0 enqueued
[43.338s][info][gc,ref      ] GC(166) Phantom: 425 encountered, 317 discovered, 0 enqueued
[43.338s][info][gc,reloc    ] GC(166) Small Pages: 340 / 680M, Empty: 430M, Relocated: 3M, In-Place: 0
[43.338s][info][gc,reloc    ] GC(166) Medium Pages: 0 / 0M, Empty: 0M, Relocated: 0M, In-Place: 0
[43.338s][info][gc,reloc    ] GC(166) Large Pages: 0 / 0M, Empty: 0M, Relocated: 0M, In-Place: 0
[43.339s][info][gc,reloc    ] GC(166) Forwarding Usage: 1M
[43.339s][info][gc,heap     ] GC(166) Min Capacity: 8M(0%)
[43.339s][info][gc,heap     ] GC(166) Max Capacity: 2048M(100%)
[43.339s][info][gc,heap     ] GC(166) Soft Max Capacity: 2048M(100%)
[43.339s][info][gc,heap     ] GC(166)                Mark Start          Mark End        Relocate Start      Relocate End           High               Low         
[43.339s][info][gc,heap     ] GC(166)  Capacity:     2048M (100%)       2048M (100%)       2048M (100%)       2048M (100%)       2048M (100%)       2048M (100%)   
[43.339s][info][gc,heap     ] GC(166)      Free:     1368M (67%)        1188M (58%)        1588M (78%)        1760M (86%)        1768M (86%)        1168M (57%)    
[43.339s][info][gc,heap     ] GC(166)      Used:      680M (33%)         860M (42%)         460M (22%)         288M (14%)         880M (43%)         280M (14%)    
[43.339s][info][gc,heap     ] GC(166)      Live:         -                50M (2%)           50M (2%)           50M (2%)             -                  -          
[43.339s][info][gc,heap     ] GC(166) Allocated:         -               180M (9%)          210M (10%)         225M (11%)            -                  -          
[43.339s][info][gc,heap     ] GC(166)   Garbage:         -               629M (31%)         199M (10%)          12M (1%)             -                  -          
[43.339s][info][gc,heap     ] GC(166) Reclaimed:         -                  -               430M (21%)         617M (30%)            -                  -          
[43.339s][info][gc          ] GC(166) Garbage Collection (Allocation Rate) 680M(33%)->288M(14%)
[43.454s][info][gc,start    ] GC(167) Garbage Collection (Allocation Rate)
[43.455s][info][gc,task     ] GC(167) Using 2 workers
[43.455s][info][gc,phases   ] GC(167) Pause Mark Start 0.010ms
[43.517s][info][gc,phases   ] GC(167) Concurrent Mark 62.528ms
[43.517s][info][gc,phases   ] GC(167) Pause Mark End 0.022ms
[43.518s][info][gc,phases   ] GC(167) Concurrent Mark Free 0.001ms
[43.525s][info][gc,phases   ] GC(167) Concurrent Process Non-Strong References 7.578ms
[43.525s][info][gc,phases   ] GC(167) Concurrent Reset Relocation Set 0.016ms
[43.528s][info][gc,phases   ] GC(167) Concurrent Select Relocation Set 3.011ms
[43.528s][info][gc,phases   ] GC(167) Pause Relocate Start 0.007ms
[43.535s][info][gc,phases   ] GC(167) Concurrent Relocate 6.719ms
[43.535s][info][gc,load     ] GC(167) Load: 0.00/0.00/0.00
[43.535s][info][gc,mmu      ] GC(167) MMU: 2ms/98.1%, 5ms/99.2%, 10ms/99.6%, 20ms/99.8%, 50ms/99.9%, 100ms/99.9%
[43.535s][info][gc,marking  ] GC(167) Mark: 2 stripe(s), 2 proactive flush(es), 1 terminate flush(es), 0 completion(s), 0 continuation(s) 
[43.535s][info][gc,marking  ] GC(167) Mark Stack Usage: 32M
[43.535s][info][gc,nmethod  ] GC(167) NMethods: 5260 registered, 4320 unregistered
[43.535s][info][gc,metaspace] GC(167) Metaspace: 70M used, 71M committed, 1088M reserved
[43.535s][info][gc,ref      ] GC(167) Soft: 3829 encountered, 0 discovered, 0 enqueued
[43.535s][info][gc,ref      ] GC(167) Weak: 9834 encountered, 1974 discovered, 0 enqueued
[43.535s][info][gc,ref      ] GC(167) Final: 289 encountered, 19 discovered, 0 enqueued
[43.535s][info][gc,ref      ] GC(167) Phantom: 425 encountered, 330 discovered, 0 enqueued
[43.535s][info][gc,reloc    ] GC(167) Small Pages: 316 / 632M, Empty: 484M, Relocated: 3M, In-Place: 0
[43.535s][info][gc,reloc    ] GC(167) Medium Pages: 0 / 0M, Empty: 0M, Relocated: 0M, In-Place: 0
[43.535s][info][gc,reloc    ] GC(167) Large Pages: 0 / 0M, Empty: 0M, Relocated: 0M, In-Place: 0
[43.535s][info][gc,reloc    ] GC(167) Forwarding Usage: 1M
[43.536s][info][gc,heap     ] GC(167) Min Capacity: 8M(0%)
[43.536s][info][gc,heap     ] GC(167) Max Capacity: 2048M(100%)
[43.536s][info][gc,heap     ] GC(167) Soft Max Capacity: 2048M(100%)
[43.536s][info][gc,heap     ] GC(167)                Mark Start          Mark End        Relocate Start      Relocate End           High               Low         
[43.536s][info][gc,heap     ] GC(167)  Capacity:     2048M (100%)       2048M (100%)       2048M (100%)       2048M (100%)       2048M (100%)       2048M (100%)   
[43.536s][info][gc,heap     ] GC(167)      Free:     1416M (69%)        1240M (61%)        1696M (83%)        1764M (86%)        1774M (87%)        1218M (59%)    
[43.536s][info][gc,heap     ] GC(167)      Used:      632M (31%)         808M (39%)         352M (17%)         284M (14%)         830M (41%)         274M (13%)    
[43.536s][info][gc,heap     ] GC(167)      Live:         -                50M (2%)           50M (2%)           50M (2%)             -                  -          
[43.536s][info][gc,heap     ] GC(167) Allocated:         -               176M (9%)          204M (10%)         221M (11%)            -                  -          
[43.536s][info][gc,heap     ] GC(167)   Garbage:         -               581M (28%)          97M (5%)           12M (1%)             -                  -          
[43.536s][info][gc,heap     ] GC(167) Reclaimed:         -                  -               484M (24%)         569M (28%)            -                  -          
[43.536s][info][gc          ] GC(167) Garbage Collection (Allocation Rate) 632M(31%)->284M(14%)
[43.654s][info][gc,start    ] GC(168) Garbage Collection (Allocation Rate)
[43.654s][info][gc,task     ] GC(168) Using 2 workers
[43.654s][info][gc,phases   ] GC(168) Pause Mark Start 0.009ms
[43.714s][info][gc,phases   ] GC(168) Concurrent Mark 59.613ms
[43.714s][info][gc,phases   ] GC(168) Pause Mark End 0.019ms
[43.714s][info][gc,phases   ] GC(168) Concurrent Mark Free 0.001ms
[43.720s][info][gc,phases   ] GC(168) Concurrent Process Non-Strong References 6.240ms
[43.721s][info][gc,phases   ] GC(168) Concurrent Reset Relocation Set 0.008ms
[43.723s][info][gc,phases   ] GC(168) Concurrent Select Relocation Set 2.597ms
[43.723s][info][gc,phases   ] GC(168) Pause Relocate Start 0.008ms
[43.727s][info][gc,phases   ] GC(168) Concurrent Relocate 3.514ms
[43.727s][info][gc,load     ] GC(168) Load: 0.00/0.00/0.00
[43.727s][info][gc,mmu      ] GC(168) MMU: 2ms/98.1%, 5ms/99.2%, 10ms/99.6%, 20ms/99.8%, 50ms/99.9%, 100ms/99.9%
[43.727s][info][gc,marking  ] GC(168) Mark: 2 stripe(s), 2 proactive flush(es), 1 terminate flush(es), 0 completion(s), 0 continuation(s) 
[43.727s][info][gc,marking  ] GC(168) Mark Stack Usage: 32M
[43.727s][info][gc,nmethod  ] GC(168) NMethods: 5262 registered, 4321 unregistered
[43.727s][info][gc,metaspace] GC(168) Metaspace: 70M used, 71M committed, 1088M reserved
[43.727s][info][gc,ref      ] GC(168) Soft: 3829 encountered, 0 discovered, 0 enqueued
[43.727s][info][gc,ref      ] GC(168) Weak: 9734 encountered, 1590 discovered, 24 enqueued
[43.727s][info][gc,ref      ] GC(168) Final: 289 encountered, 7 discovered, 0 enqueued
[43.727s][info][gc,ref      ] GC(168) Phantom: 425 encountered, 356 discovered, 0 enqueued
[43.727s][info][gc,reloc    ] GC(168) Small Pages: 302 / 604M, Empty: 408M, Relocated: 3M, In-Place: 0
[43.727s][info][gc,reloc    ] GC(168) Medium Pages: 0 / 0M, Empty: 0M, Relocated: 0M, In-Place: 0
[43.727s][info][gc,reloc    ] GC(168) Large Pages: 0 / 0M, Empty: 0M, Relocated: 0M, In-Place: 0
[43.727s][info][gc,reloc    ] GC(168) Forwarding Usage: 1M
[43.727s][info][gc,heap     ] GC(168) Min Capacity: 8M(0%)
[43.727s][info][gc,heap     ] GC(168) Max Capacity: 2048M(100%)
[43.727s][info][gc,heap     ] GC(168) Soft Max Capacity: 2048M(100%)
[43.727s][info][gc,heap     ] GC(168)                Mark Start          Mark End        Relocate Start      Relocate End           High               Low         
[43.727s][info][gc,heap     ] GC(168)  Capacity:     2048M (100%)       2048M (100%)       2048M (100%)       2048M (100%)       2048M (100%)       2048M (100%)   
[43.727s][info][gc,heap     ] GC(168)      Free:     1444M (71%)        1298M (63%)        1686M (82%)        1816M (89%)        1816M (89%)        1284M (63%)    
[43.727s][info][gc,heap     ] GC(168)      Used:      604M (29%)         750M (37%)         362M (18%)         232M (11%)         764M (37%)         232M (11%)    
[43.727s][info][gc,heap     ] GC(168)      Live:         -                49M (2%)           49M (2%)           49M (2%)             -                  -          
[43.727s][info][gc,heap     ] GC(168) Allocated:         -               146M (7%)          166M (8%)          169M (8%)             -                  -          
[43.727s][info][gc,heap     ] GC(168)   Garbage:         -               554M (27%)         146M (7%)           12M (1%)             -                  -          
[43.727s][info][gc,heap     ] GC(168) Reclaimed:         -                  -               408M (20%)         541M (26%)            -                  -          
[43.727s][info][gc          ] GC(168) Garbage Collection (Allocation Rate) 604M(29%)->232M(11%)
[43.855s][info][gc,start    ] GC(169) Garbage Collection (Allocation Rate)
[43.855s][info][gc,task     ] GC(169) Using 6 workers
[43.855s][info][gc,phases   ] GC(169) Pause Mark Start 0.011ms
[43.882s][info][gc,phases   ] GC(169) Concurrent Mark 26.672ms
[43.882s][info][gc,phases   ] GC(169) Pause Mark End 0.017ms
[43.882s][info][gc,phases   ] GC(169) Concurrent Mark Free 0.000ms
[43.884s][info][gc,phases   ] GC(169) Concurrent Process Non-Strong References 2.487ms
[43.884s][info][gc,phases   ] GC(169) Concurrent Reset Relocation Set 0.010ms
[43.887s][info][gc,phases   ] GC(169) Concurrent Select Relocation Set 2.516ms
[43.887s][info][gc,phases   ] GC(169) Pause Relocate Start 0.007ms
[43.888s][info][gc,phases   ] GC(169) Concurrent Relocate 1.244ms
[43.888s][info][gc,load     ] GC(169) Load: 0.00/0.00/0.00
[43.889s][info][gc,mmu      ] GC(169) MMU: 2ms/98.1%, 5ms/99.2%, 10ms/99.6%, 20ms/99.8%, 50ms/99.9%, 100ms/99.9%
[43.889s][info][gc,marking  ] GC(169) Mark: 4 stripe(s), 4 proactive flush(es), 1 terminate flush(es), 0 completion(s), 0 continuation(s) 
[43.889s][info][gc,marking  ] GC(169) Mark Stack Usage: 32M
[43.889s][info][gc,nmethod  ] GC(169) NMethods: 5262 registered, 4321 unregistered
[43.889s][info][gc,metaspace] GC(169) Metaspace: 70M used, 71M committed, 1088M reserved
[43.889s][info][gc,ref      ] GC(169) Soft: 3829 encountered, 0 discovered, 0 enqueued
[43.889s][info][gc,ref      ] GC(169) Weak: 9636 encountered, 462 discovered, 19 enqueued
[43.889s][info][gc,ref      ] GC(169) Final: 289 encountered, 29 discovered, 0 enqueued
[43.889s][info][gc,ref      ] GC(169) Phantom: 425 encountered, 296 discovered, 0 enqueued
[43.889s][info][gc,reloc    ] GC(169) Small Pages: 253 / 506M, Empty: 356M, Relocated: 1M, In-Place: 0
[43.889s][info][gc,reloc    ] GC(169) Medium Pages: 0 / 0M, Empty: 0M, Relocated: 0M, In-Place: 0
[43.889s][info][gc,reloc    ] GC(169) Large Pages: 0 / 0M, Empty: 0M, Relocated: 0M, In-Place: 0
[43.889s][info][gc,reloc    ] GC(169) Forwarding Usage: 0M
[43.889s][info][gc,heap     ] GC(169) Min Capacity: 8M(0%)
[43.889s][info][gc,heap     ] GC(169) Max Capacity: 2048M(100%)
[43.889s][info][gc,heap     ] GC(169) Soft Max Capacity: 2048M(100%)
[43.889s][info][gc,heap     ] GC(169)                Mark Start          Mark End        Relocate Start      Relocate End           High               Low         
[43.889s][info][gc,heap     ] GC(169)  Capacity:     2048M (100%)       2048M (100%)       2048M (100%)       2048M (100%)       2048M (100%)       2048M (100%)   
[43.889s][info][gc,heap     ] GC(169)      Free:     1542M (75%)        1492M (73%)        1836M (90%)        1914M (93%)        1914M (93%)        1486M (73%)    
[43.889s][info][gc,heap     ] GC(169)      Used:      506M (25%)         556M (27%)         212M (10%)         134M (7%)          562M (27%)         134M (7%)     
[43.889s][info][gc,heap     ] GC(169)      Live:         -                49M (2%)           49M (2%)           49M (2%)             -                  -          
[43.889s][info][gc,heap     ] GC(169) Allocated:         -                50M (2%)           62M (3%)           61M (3%)             -                  -          
[43.889s][info][gc,heap     ] GC(169)   Garbage:         -               456M (22%)         100M (5%)           22M (1%)             -                  -          
[43.889s][info][gc,heap     ] GC(169) Reclaimed:         -                  -               356M (17%)         433M (21%)            -                  -          
[43.889s][info][gc          ] GC(169) Garbage Collection (Allocation Rate) 506M(25%)->134M(7%)
[44.354s][info][gc,start    ] GC(170) Garbage Collection (Allocation Rate)
[44.354s][info][gc,task     ] GC(170) Using 6 workers
[44.354s][info][gc,phases   ] GC(170) Pause Mark Start 0.011ms
[44.375s][info][gc,phases   ] GC(170) Concurrent Mark 20.703ms
[44.375s][info][gc,phases   ] GC(170) Pause Mark End 0.020ms
[44.375s][info][gc,phases   ] GC(170) Concurrent Mark Free 0.001ms
[44.377s][info][gc,phases   ] GC(170) Concurrent Process Non-Strong References 2.311ms
[44.378s][info][gc,phases   ] GC(170) Concurrent Reset Relocation Set 0.006ms
[44.381s][info][gc,phases   ] GC(170) Concurrent Select Relocation Set 3.042ms
[44.381s][info][gc,phases   ] GC(170) Pause Relocate Start 0.008ms
[44.382s][info][gc,phases   ] GC(170) Concurrent Relocate 1.232ms
[44.382s][info][gc,load     ] GC(170) Load: 0.00/0.00/0.00
[44.382s][info][gc,mmu      ] GC(170) MMU: 2ms/98.1%, 5ms/99.2%, 10ms/99.6%, 20ms/99.8%, 50ms/99.9%, 100ms/99.9%
[44.382s][info][gc,marking  ] GC(170) Mark: 4 stripe(s), 2 proactive flush(es), 1 terminate flush(es), 0 completion(s), 0 continuation(s) 
[44.382s][info][gc,marking  ] GC(170) Mark Stack Usage: 32M
[44.382s][info][gc,nmethod  ] GC(170) NMethods: 5262 registered, 4321 unregistered
[44.382s][info][gc,metaspace] GC(170) Metaspace: 70M used, 71M committed, 1088M reserved
[44.382s][info][gc,ref      ] GC(170) Soft: 3829 encountered, 0 discovered, 0 enqueued
[44.382s][info][gc,ref      ] GC(170) Weak: 9593 encountered, 529 discovered, 7 enqueued
[44.382s][info][gc,ref      ] GC(170) Final: 289 encountered, 21 discovered, 0 enqueued
[44.382s][info][gc,ref      ] GC(170) Phantom: 425 encountered, 299 discovered, 0 enqueued
[44.382s][info][gc,reloc    ] GC(170) Small Pages: 507 / 1014M, Empty: 856M, Relocated: 1M, In-Place: 0
[44.382s][info][gc,reloc    ] GC(170) Medium Pages: 0 / 0M, Empty: 0M, Relocated: 0M, In-Place: 0
[44.382s][info][gc,reloc    ] GC(170) Large Pages: 0 / 0M, Empty: 0M, Relocated: 0M, In-Place: 0
[44.382s][info][gc,reloc    ] GC(170) Forwarding Usage: 0M
[44.382s][info][gc,heap     ] GC(170) Min Capacity: 8M(0%)
[44.382s][info][gc,heap     ] GC(170) Max Capacity: 2048M(100%)
[44.382s][info][gc,heap     ] GC(170) Soft Max Capacity: 2048M(100%)
[44.382s][info][gc,heap     ] GC(170)                Mark Start          Mark End        Relocate Start      Relocate End           High               Low         
[44.382s][info][gc,heap     ] GC(170)  Capacity:     2048M (100%)       2048M (100%)       2048M (100%)       2048M (100%)       2048M (100%)       2048M (100%)   
[44.382s][info][gc,heap     ] GC(170)      Free:     1034M (50%)         998M (49%)        1844M (90%)        1930M (94%)        1930M (94%)         994M (49%)    
[44.382s][info][gc,heap     ] GC(170)      Used:     1014M (50%)        1050M (51%)         204M (10%)         118M (6%)         1054M (51%)         118M (6%)     
[44.382s][info][gc,heap     ] GC(170)      Live:         -                49M (2%)           49M (2%)           49M (2%)             -                  -          
[44.382s][info][gc,heap     ] GC(170) Allocated:         -                36M (2%)           46M (2%)           45M (2%)             -                  -          
[44.382s][info][gc,heap     ] GC(170)   Garbage:         -               964M (47%)         108M (5%)           22M (1%)             -                  -          
[44.382s][info][gc,heap     ] GC(170) Reclaimed:         -                  -               856M (42%)         941M (46%)            -                  -          
[44.382s][info][gc          ] GC(170) Garbage Collection (Allocation Rate) 1014M(50%)->118M(6%)
[44.954s][info][gc,start    ] GC(171) Garbage Collection (Allocation Rate)
[44.954s][info][gc,task     ] GC(171) Using 1 workers
[44.954s][info][gc,phases   ] GC(171) Pause Mark Start 0.011ms
[45.043s][info][gc,phases   ] GC(171) Concurrent Mark 88.846ms
[45.043s][info][gc,phases   ] GC(171) Pause Mark End 0.019ms
[45.043s][info][gc,phases   ] GC(171) Concurrent Mark Free 0.001ms
[45.054s][info][gc,phases   ] GC(171) Concurrent Process Non-Strong References 10.743ms
[45.054s][info][gc,phases   ] GC(171) Concurrent Reset Relocation Set 0.005ms
[45.057s][info][gc,phases   ] GC(171) Concurrent Select Relocation Set 3.035ms
[45.057s][info][gc,phases   ] GC(171) Pause Relocate Start 0.008ms
[45.060s][info][gc,phases   ] GC(171) Concurrent Relocate 2.172ms
[45.060s][info][gc,load     ] GC(171) Load: 0.00/0.00/0.00
[45.060s][info][gc,mmu      ] GC(171) MMU: 2ms/98.1%, 5ms/99.2%, 10ms/99.6%, 20ms/99.8%, 50ms/99.9%, 100ms/99.9%
[45.060s][info][gc,marking  ] GC(171) Mark: 1 stripe(s), 2 proactive flush(es), 1 terminate flush(es), 0 completion(s), 0 continuation(s) 
[45.060s][info][gc,marking  ] GC(171) Mark Stack Usage: 32M
[45.060s][info][gc,nmethod  ] GC(171) NMethods: 5262 registered, 4321 unregistered
[45.060s][info][gc,metaspace] GC(171) Metaspace: 70M used, 71M committed, 1088M reserved
[45.060s][info][gc,ref      ] GC(171) Soft: 3829 encountered, 0 discovered, 0 enqueued
[45.060s][info][gc,ref      ] GC(171) Weak: 9586 encountered, 969 discovered, 0 enqueued
[45.060s][info][gc,ref      ] GC(171) Final: 289 encountered, 96 discovered, 0 enqueued
[45.060s][info][gc,ref      ] GC(171) Phantom: 425 encountered, 284 discovered, 0 enqueued
[45.060s][info][gc,reloc    ] GC(171) Small Pages: 598 / 1196M, Empty: 1068M, Relocated: 1M, In-Place: 0
[45.060s][info][gc,reloc    ] GC(171) Medium Pages: 0 / 0M, Empty: 0M, Relocated: 0M, In-Place: 0
[45.060s][info][gc,reloc    ] GC(171) Large Pages: 0 / 0M, Empty: 0M, Relocated: 0M, In-Place: 0
[45.060s][info][gc,reloc    ] GC(171) Forwarding Usage: 0M
[45.060s][info][gc,heap     ] GC(171) Min Capacity: 8M(0%)
[45.060s][info][gc,heap     ] GC(171) Max Capacity: 2048M(100%)
[45.060s][info][gc,heap     ] GC(171) Soft Max Capacity: 2048M(100%)
[45.060s][info][gc,heap     ] GC(171)                Mark Start          Mark End        Relocate Start      Relocate End           High               Low         
[45.060s][info][gc,heap     ] GC(171)  Capacity:     2048M (100%)       2048M (100%)       2048M (100%)       2048M (100%)       2048M (100%)       2048M (100%)   
[45.060s][info][gc,heap     ] GC(171)      Free:      852M (42%)         690M (34%)        1732M (85%)        1796M (88%)        1796M (88%)         670M (33%)    
[45.060s][info][gc,heap     ] GC(171)      Used:     1196M (58%)        1358M (66%)         316M (15%)         252M (12%)        1378M (67%)         252M (12%)    
[45.060s][info][gc,heap     ] GC(171)      Live:         -                49M (2%)           49M (2%)           49M (2%)             -                  -          
[45.060s][info][gc,heap     ] GC(171) Allocated:         -               162M (8%)          188M (9%)          189M (9%)             -                  -          
[45.060s][info][gc,heap     ] GC(171)   Garbage:         -              1146M (56%)          78M (4%)           12M (1%)             -                  -          
[45.060s][info][gc,heap     ] GC(171) Reclaimed:         -                  -              1068M (52%)        1133M (55%)            -                  -          
[45.060s][info][gc          ] GC(171) Garbage Collection (Allocation Rate) 1196M(58%)->252M(12%)
[45.173s][info][gc,start    ] GC(172) Garbage Collection (System.gc())
[45.173s][info][gc,task     ] GC(172) Using 12 workers
[45.174s][info][gc,phases   ] GC(172) Pause Mark Start 0.014ms
[45.196s][info][gc,phases   ] GC(172) Concurrent Mark 21.894ms
[45.196s][info][gc,phases   ] GC(172) Pause Mark End 0.018ms
[45.196s][info][gc,phases   ] GC(172) Concurrent Mark Free 0.001ms
[45.205s][info][gc,phases   ] GC(172) Concurrent Process Non-Strong References 9.072ms
[45.205s][info][gc,phases   ] GC(172) Concurrent Reset Relocation Set 0.005ms
[45.208s][info][gc,phases   ] GC(172) Concurrent Select Relocation Set 3.380ms
[45.208s][info][gc,phases   ] GC(172) Pause Relocate Start 0.008ms
[45.211s][info][gc,phases   ] GC(172) Concurrent Relocate 2.739ms
[45.211s][info][gc,load     ] GC(172) Load: 0.00/0.00/0.00
[45.211s][info][gc,mmu      ] GC(172) MMU: 2ms/98.1%, 5ms/99.2%, 10ms/99.6%, 20ms/99.8%, 50ms/99.9%, 100ms/99.9%
[45.211s][info][gc,marking  ] GC(172) Mark: 8 stripe(s), 3 proactive flush(es), 1 terminate flush(es), 0 completion(s), 0 continuation(s) 
[45.211s][info][gc,marking  ] GC(172) Mark Stack Usage: 32M
[45.211s][info][gc,nmethod  ] GC(172) NMethods: 4382 registered, 314 unregistered
[45.211s][info][gc,metaspace] GC(172) Metaspace: 70M used, 71M committed, 1088M reserved
[45.211s][info][gc,ref      ] GC(172) Soft: 3829 encountered, 0 discovered, 0 enqueued
[45.211s][info][gc,ref      ] GC(172) Weak: 9671 encountered, 584 discovered, 49 enqueued
[45.211s][info][gc,ref      ] GC(172) Final: 289 encountered, 21 discovered, 0 enqueued
[45.211s][info][gc,ref      ] GC(172) Phantom: 425 encountered, 282 discovered, 0 enqueued
[45.211s][info][gc,reloc    ] GC(172) Small Pages: 189 / 378M, Empty: 202M, Relocated: 4M, In-Place: 0
[45.211s][info][gc,reloc    ] GC(172) Medium Pages: 0 / 0M, Empty: 0M, Relocated: 0M, In-Place: 0
[45.211s][info][gc,reloc    ] GC(172) Large Pages: 0 / 0M, Empty: 0M, Relocated: 0M, In-Place: 0
[45.211s][info][gc,reloc    ] GC(172) Forwarding Usage: 1M
[45.212s][info][gc,heap     ] GC(172) Min Capacity: 8M(0%)
[45.212s][info][gc,heap     ] GC(172) Max Capacity: 2048M(100%)
[45.212s][info][gc,heap     ] GC(172) Soft Max Capacity: 2048M(100%)
[45.212s][info][gc,heap     ] GC(172)                Mark Start          Mark End        Relocate Start      Relocate End           High               Low         
[45.212s][info][gc,heap     ] GC(172)  Capacity:     2048M (100%)       2048M (100%)       2048M (100%)       2048M (100%)       2048M (100%)       2048M (100%)   
[45.212s][info][gc,heap     ] GC(172)      Free:     1670M (82%)        1656M (81%)        1858M (91%)        1954M (95%)        1954M (95%)        1656M (81%)    
[45.212s][info][gc,heap     ] GC(172)      Used:      378M (18%)         392M (19%)         190M (9%)           94M (5%)          392M (19%)          94M (5%)     
[45.212s][info][gc,heap     ] GC(172)      Live:         -                49M (2%)           49M (2%)           49M (2%)             -                  -          
[45.212s][info][gc,heap     ] GC(172) Allocated:         -                14M (1%)           14M (1%)           14M (1%)             -                  -          
[45.212s][info][gc,heap     ] GC(172)   Garbage:         -               328M (16%)         126M (6%)           30M (1%)             -                  -          
[45.212s][info][gc,heap     ] GC(172) Reclaimed:         -                  -               202M (10%)         298M (15%)            -                  -          
[45.212s][info][gc          ] GC(172) Garbage Collection (System.gc()) 378M(18%)->94M(5%)
[45.454s][info][gc,start    ] GC(173) Garbage Collection (Allocation Rate)
[45.455s][info][gc,task     ] GC(173) Using 3 workers
[45.455s][info][gc,phases   ] GC(173) Pause Mark Start 0.011ms
[45.544s][info][gc,phases   ] GC(173) Concurrent Mark 89.161ms
[45.544s][info][gc,phases   ] GC(173) Pause Mark End 0.024ms
[45.545s][info][gc,phases   ] GC(173) Concurrent Mark Free 0.001ms
[45.553s][info][gc,phases   ] GC(173) Concurrent Process Non-Strong References 8.028ms
[45.553s][info][gc,phases   ] GC(173) Concurrent Reset Relocation Set 0.022ms
[45.564s][info][gc,phases   ] GC(173) Concurrent Select Relocation Set 10.557ms
[45.564s][info][gc,phases   ] GC(173) Pause Relocate Start 0.008ms
[45.574s][info][gc,phases   ] GC(173) Concurrent Relocate 9.753ms
[45.575s][info][gc,load     ] GC(173) Load: 0.00/0.00/0.00
[45.575s][info][gc,mmu      ] GC(173) MMU: 2ms/98.1%, 5ms/99.2%, 10ms/99.6%, 20ms/99.8%, 50ms/99.9%, 100ms/99.9%
[45.575s][info][gc,marking  ] GC(173) Mark: 2 stripe(s), 2 proactive flush(es), 1 terminate flush(es), 0 completion(s), 0 continuation(s) 
[45.575s][info][gc,marking  ] GC(173) Mark Stack Usage: 32M
[45.575s][info][gc,nmethod  ] GC(173) NMethods: 4528 registered, 346 unregistered
[45.575s][info][gc,metaspace] GC(173) Metaspace: 70M used, 71M committed, 1088M reserved
[45.575s][info][gc,ref      ] GC(173) Soft: 3829 encountered, 0 discovered, 0 enqueued
[45.575s][info][gc,ref      ] GC(173) Weak: 11026 encountered, 897 discovered, 1 enqueued
[45.575s][info][gc,ref      ] GC(173) Final: 289 encountered, 36 discovered, 0 enqueued
[45.575s][info][gc,ref      ] GC(173) Phantom: 438 encountered, 250 discovered, 5 enqueued
[45.575s][info][gc,reloc    ] GC(173) Small Pages: 594 / 1188M, Empty: 682M, Relocated: 6M, In-Place: 0
[45.575s][info][gc,reloc    ] GC(173) Medium Pages: 0 / 0M, Empty: 0M, Relocated: 0M, In-Place: 0
[45.575s][info][gc,reloc    ] GC(173) Large Pages: 0 / 0M, Empty: 0M, Relocated: 0M, In-Place: 0
[45.575s][info][gc,reloc    ] GC(173) Forwarding Usage: 3M
[45.575s][info][gc,heap     ] GC(173) Min Capacity: 8M(0%)
[45.575s][info][gc,heap     ] GC(173) Max Capacity: 2048M(100%)
[45.575s][info][gc,heap     ] GC(173) Soft Max Capacity: 2048M(100%)
[45.575s][info][gc,heap     ] GC(173)                Mark Start          Mark End        Relocate Start      Relocate End           High               Low         
[45.575s][info][gc,heap     ] GC(173)  Capacity:     2048M (100%)       2048M (100%)       2048M (100%)       2048M (100%)       2048M (100%)       2048M (100%)   
[45.575s][info][gc,heap     ] GC(173)      Free:      860M (42%)         426M (21%)        1014M (50%)        1424M (70%)        1434M (70%)         382M (19%)    
[45.575s][info][gc,heap     ] GC(173)      Used:     1188M (58%)        1622M (79%)        1034M (50%)         624M (30%)        1666M (81%)         614M (30%)    
[45.575s][info][gc,heap     ] GC(173)      Live:         -                54M (3%)           54M (3%)           54M (3%)             -                  -          
[45.575s][info][gc,heap     ] GC(173) Allocated:         -               434M (21%)         528M (26%)         554M (27%)            -                  -          
[45.575s][info][gc,heap     ] GC(173)   Garbage:         -              1133M (55%)         451M (22%)          15M (1%)             -                  -          
[45.575s][info][gc,heap     ] GC(173) Reclaimed:         -                  -               682M (33%)        1118M (55%)            -                  -          
[45.575s][info][gc          ] GC(173) Garbage Collection (Allocation Rate) 1188M(58%)->624M(30%)
[45.654s][info][gc,start    ] GC(174) Garbage Collection (Allocation Rate)
[45.654s][info][gc,task     ] GC(174) Using 6 workers
[45.654s][info][gc,phases   ] GC(174) Pause Mark Start 0.010ms
[45.692s][info][gc,phases   ] GC(174) Concurrent Mark 37.159ms
[45.692s][info][gc,phases   ] GC(174) Pause Mark End 0.022ms
[45.694s][info][gc,phases   ] GC(174) Concurrent Mark Free 0.002ms
[45.698s][info][gc,phases   ] GC(174) Concurrent Process Non-Strong References 3.883ms
[45.698s][info][gc,phases   ] GC(174) Concurrent Reset Relocation Set 0.073ms
[45.704s][info][gc,phases   ] GC(174) Concurrent Select Relocation Set 6.012ms
[45.704s][info][gc,phases   ] GC(174) Pause Relocate Start 0.008ms
[45.713s][info][gc,phases   ] GC(174) Concurrent Relocate 6.877ms
[45.713s][info][gc,load     ] GC(174) Load: 0.00/0.00/0.00
[45.713s][info][gc,mmu      ] GC(174) MMU: 2ms/98.1%, 5ms/99.2%, 10ms/99.6%, 20ms/99.8%, 50ms/99.9%, 100ms/99.9%
[45.713s][info][gc,marking  ] GC(174) Mark: 4 stripe(s), 3 proactive flush(es), 1 terminate flush(es), 0 completion(s), 0 continuation(s) 
[45.713s][info][gc,marking  ] GC(174) Mark Stack Usage: 32M
[45.713s][info][gc,nmethod  ] GC(174) NMethods: 4528 registered, 346 unregistered
[45.713s][info][gc,metaspace] GC(174) Metaspace: 70M used, 71M committed, 1088M reserved
[45.713s][info][gc,ref      ] GC(174) Soft: 3829 encountered, 0 discovered, 0 enqueued
[45.713s][info][gc,ref      ] GC(174) Weak: 11025 encountered, 1114 discovered, 0 enqueued
[45.713s][info][gc,ref      ] GC(174) Final: 289 encountered, 27 discovered, 0 enqueued
[45.713s][info][gc,ref      ] GC(174) Phantom: 433 encountered, 311 discovered, 8 enqueued
[45.713s][info][gc,reloc    ] GC(174) Small Pages: 504 / 1008M, Empty: 616M, Relocated: 5M, In-Place: 0
[45.713s][info][gc,reloc    ] GC(174) Medium Pages: 0 / 0M, Empty: 0M, Relocated: 0M, In-Place: 0
[45.713s][info][gc,reloc    ] GC(174) Large Pages: 0 / 0M, Empty: 0M, Relocated: 0M, In-Place: 0
[45.713s][info][gc,reloc    ] GC(174) Forwarding Usage: 2M
[45.713s][info][gc,heap     ] GC(174) Min Capacity: 8M(0%)
[45.713s][info][gc,heap     ] GC(174) Max Capacity: 2048M(100%)
[45.713s][info][gc,heap     ] GC(174) Soft Max Capacity: 2048M(100%)
[45.713s][info][gc,heap     ] GC(174)                Mark Start          Mark End        Relocate Start      Relocate End           High               Low         
[45.713s][info][gc,heap     ] GC(174)  Capacity:     2048M (100%)       2048M (100%)       2048M (100%)       2048M (100%)       2048M (100%)       2048M (100%)   
[45.713s][info][gc,heap     ] GC(174)      Free:     1040M (51%)         874M (43%)        1436M (70%)        1734M (85%)        1746M (85%)         848M (41%)    
[45.713s][info][gc,heap     ] GC(174)      Used:     1008M (49%)        1174M (57%)         612M (30%)         314M (15%)        1200M (59%)         302M (15%)    
[45.713s][info][gc,heap     ] GC(174)      Live:         -                53M (3%)           53M (3%)           53M (3%)             -                  -          
[45.713s][info][gc,heap     ] GC(174) Allocated:         -               166M (8%)          220M (11%)         238M (12%)            -                  -          
[45.713s][info][gc,heap     ] GC(174)   Garbage:         -               954M (47%)         338M (17%)          21M (1%)             -                  -          
[45.713s][info][gc,heap     ] GC(174) Reclaimed:         -                  -               616M (30%)         932M (46%)            -                  -          
[45.713s][info][gc          ] GC(174) Garbage Collection (Allocation Rate) 1008M(49%)->314M(15%)
[45.855s][info][gc,start    ] GC(175) Garbage Collection (Allocation Rate)
[45.855s][info][gc,task     ] GC(175) Using 6 workers
[45.855s][info][gc,phases   ] GC(175) Pause Mark Start 0.010ms
[45.891s][info][gc,phases   ] GC(175) Concurrent Mark 35.258ms
[45.891s][info][gc,phases   ] GC(175) Pause Mark End 0.023ms
[45.892s][info][gc,phases   ] GC(175) Concurrent Mark Free 0.001ms
[45.895s][info][gc,phases   ] GC(175) Concurrent Process Non-Strong References 3.287ms
[45.895s][info][gc,phases   ] GC(175) Concurrent Reset Relocation Set 0.043ms
[45.905s][info][gc,phases   ] GC(175) Concurrent Select Relocation Set 10.168ms
[45.906s][info][gc,phases   ] GC(175) Pause Relocate Start 0.009ms
[45.912s][info][gc,phases   ] GC(175) Concurrent Relocate 6.011ms
[45.912s][info][gc,load     ] GC(175) Load: 0.00/0.00/0.00
[45.912s][info][gc,mmu      ] GC(175) MMU: 2ms/98.1%, 5ms/99.2%, 10ms/99.6%, 20ms/99.8%, 50ms/99.9%, 100ms/99.9%
[45.912s][info][gc,marking  ] GC(175) Mark: 4 stripe(s), 2 proactive flush(es), 1 terminate flush(es), 0 completion(s), 0 continuation(s) 
[45.912s][info][gc,marking  ] GC(175) Mark Stack Usage: 32M
[45.912s][info][gc,nmethod  ] GC(175) NMethods: 4528 registered, 346 unregistered
[45.912s][info][gc,metaspace] GC(175) Metaspace: 70M used, 71M committed, 1088M reserved
[45.912s][info][gc,ref      ] GC(175) Soft: 3829 encountered, 0 discovered, 0 enqueued
[45.912s][info][gc,ref      ] GC(175) Weak: 11025 encountered, 1271 discovered, 0 enqueued
[45.912s][info][gc,ref      ] GC(175) Final: 289 encountered, 39 discovered, 0 enqueued
[45.912s][info][gc,ref      ] GC(175) Phantom: 425 encountered, 328 discovered, 0 enqueued
[45.912s][info][gc,reloc    ] GC(175) Small Pages: 510 / 1020M, Empty: 664M, Relocated: 5M, In-Place: 0
[45.912s][info][gc,reloc    ] GC(175) Medium Pages: 0 / 0M, Empty: 0M, Relocated: 0M, In-Place: 0
[45.912s][info][gc,reloc    ] GC(175) Large Pages: 0 / 0M, Empty: 0M, Relocated: 0M, In-Place: 0
[45.912s][info][gc,reloc    ] GC(175) Forwarding Usage: 2M
[45.912s][info][gc,heap     ] GC(175) Min Capacity: 8M(0%)
[45.912s][info][gc,heap     ] GC(175) Max Capacity: 2048M(100%)
[45.912s][info][gc,heap     ] GC(175) Soft Max Capacity: 2048M(100%)
[45.912s][info][gc,heap     ] GC(175)                Mark Start          Mark End        Relocate Start      Relocate End           High               Low         
[45.912s][info][gc,heap     ] GC(175)  Capacity:     2048M (100%)       2048M (100%)       2048M (100%)       2048M (100%)       2048M (100%)       2048M (100%)   
[45.913s][info][gc,heap     ] GC(175)      Free:     1028M (50%)         860M (42%)        1456M (71%)        1720M (84%)        1730M (84%)         838M (41%)    
[45.913s][info][gc,heap     ] GC(175)      Used:     1020M (50%)        1188M (58%)         592M (29%)         328M (16%)        1210M (59%)         318M (16%)    
[45.913s][info][gc,heap     ] GC(175)      Live:         -                53M (3%)           53M (3%)           53M (3%)             -                  -          
[45.913s][info][gc,heap     ] GC(175) Allocated:         -               168M (8%)          236M (12%)         253M (12%)            -                  -          
[45.913s][info][gc,heap     ] GC(175)   Garbage:         -               966M (47%)         302M (15%)          21M (1%)             -                  -          
[45.913s][info][gc,heap     ] GC(175) Reclaimed:         -                  -               664M (32%)         945M (46%)            -                  -          
[45.913s][info][gc          ] GC(175) Garbage Collection (Allocation Rate) 1020M(50%)->328M(16%)
[45.954s][info][gc,start    ] GC(176) Garbage Collection (Allocation Rate)
[45.955s][info][gc,task     ] GC(176) Using 6 workers
[45.955s][info][gc,phases   ] GC(176) Pause Mark Start 0.010ms
[45.991s][info][gc,phases   ] GC(176) Concurrent Mark 36.298ms
[45.992s][info][gc,phases   ] GC(176) Pause Mark End 0.024ms
[45.993s][info][gc,phases   ] GC(176) Concurrent Mark Free 0.001ms
[45.997s][info][gc,phases   ] GC(176) Concurrent Process Non-Strong References 3.613ms
[45.997s][info][gc,phases   ] GC(176) Concurrent Reset Relocation Set 0.038ms
[46.002s][info][gc,phases   ] GC(176) Concurrent Select Relocation Set 4.753ms
[46.002s][info][gc,phases   ] GC(176) Pause Relocate Start 0.008ms
[46.008s][info][gc,phases   ] GC(176) Concurrent Relocate 6.223ms
[46.008s][info][gc,load     ] GC(176) Load: 0.00/0.00/0.00
[46.008s][info][gc,mmu      ] GC(176) MMU: 2ms/98.1%, 5ms/99.2%, 10ms/99.6%, 20ms/99.8%, 50ms/99.9%, 100ms/99.9%
[46.009s][info][gc,marking  ] GC(176) Mark: 4 stripe(s), 2 proactive flush(es), 1 terminate flush(es), 0 completion(s), 0 continuation(s) 
[46.009s][info][gc,marking  ] GC(176) Mark Stack Usage: 32M
[46.009s][info][gc,nmethod  ] GC(176) NMethods: 4528 registered, 346 unregistered
[46.009s][info][gc,metaspace] GC(176) Metaspace: 70M used, 71M committed, 1088M reserved
[46.009s][info][gc,ref      ] GC(176) Soft: 3829 encountered, 0 discovered, 0 enqueued
[46.009s][info][gc,ref      ] GC(176) Weak: 11025 encountered, 1255 discovered, 0 enqueued
[46.009s][info][gc,ref      ] GC(176) Final: 289 encountered, 20 discovered, 0 enqueued
[46.009s][info][gc,ref      ] GC(176) Phantom: 425 encountered, 289 discovered, 0 enqueued
[46.009s][info][gc,reloc    ] GC(176) Small Pages: 270 / 540M, Empty: 258M, Relocated: 4M, In-Place: 0
[46.009s][info][gc,reloc    ] GC(176) Medium Pages: 0 / 0M, Empty: 0M, Relocated: 0M, In-Place: 0
[46.009s][info][gc,reloc    ] GC(176) Large Pages: 0 / 0M, Empty: 0M, Relocated: 0M, In-Place: 0
[46.009s][info][gc,reloc    ] GC(176) Forwarding Usage: 2M
[46.009s][info][gc,heap     ] GC(176) Min Capacity: 8M(0%)
[46.009s][info][gc,heap     ] GC(176) Max Capacity: 2048M(100%)
[46.009s][info][gc,heap     ] GC(176) Soft Max Capacity: 2048M(100%)
[46.009s][info][gc,heap     ] GC(176)                Mark Start          Mark End        Relocate Start      Relocate End           High               Low         
[46.009s][info][gc,heap     ] GC(176)  Capacity:     2048M (100%)       2048M (100%)       2048M (100%)       2048M (100%)       2048M (100%)       2048M (100%)   
[46.009s][info][gc,heap     ] GC(176)      Free:     1508M (74%)        1334M (65%)        1546M (75%)        1736M (85%)        1746M (85%)        1310M (64%)    
[46.009s][info][gc,heap     ] GC(176)      Used:      540M (26%)         714M (35%)         502M (25%)         312M (15%)         738M (36%)         302M (15%)    
[46.009s][info][gc,heap     ] GC(176)      Live:         -                53M (3%)           53M (3%)           53M (3%)             -                  -          
[46.009s][info][gc,heap     ] GC(176) Allocated:         -               174M (8%)          220M (11%)         237M (12%)            -                  -          
[46.009s][info][gc,heap     ] GC(176)   Garbage:         -               486M (24%)         228M (11%)          21M (1%)             -                  -          
[46.009s][info][gc,heap     ] GC(176) Reclaimed:         -                  -               258M (13%)         465M (23%)            -                  -          
[46.009s][info][gc          ] GC(176) Garbage Collection (Allocation Rate) 540M(26%)->312M(15%)
[46.054s][info][gc,start    ] GC(177) Garbage Collection (Allocation Rate)
[46.054s][info][gc,task     ] GC(177) Using 6 workers
[46.055s][info][gc,phases   ] GC(177) Pause Mark Start 0.011ms
[46.088s][info][gc,phases   ] GC(177) Concurrent Mark 33.144ms
[46.088s][info][gc,phases   ] GC(177) Pause Mark End 0.025ms
[46.089s][info][gc,phases   ] GC(177) Concurrent Mark Free 0.001ms
[46.093s][info][gc,phases   ] GC(177) Concurrent Process Non-Strong References 3.369ms
[46.093s][info][gc,phases   ] GC(177) Concurrent Reset Relocation Set 0.028ms
[46.101s][info][gc,phases   ] GC(177) Concurrent Select Relocation Set 8.142ms
[46.101s][info][gc,phases   ] GC(177) Pause Relocate Start 0.008ms
[46.110s][info][gc,phases   ] GC(177) Concurrent Relocate 7.191ms
[46.110s][info][gc,load     ] GC(177) Load: 0.00/0.00/0.00
[46.110s][info][gc,mmu      ] GC(177) MMU: 2ms/98.1%, 5ms/99.2%, 10ms/99.6%, 20ms/99.8%, 50ms/99.9%, 100ms/99.9%
[46.110s][info][gc,marking  ] GC(177) Mark: 4 stripe(s), 3 proactive flush(es), 1 terminate flush(es), 0 completion(s), 0 continuation(s) 
[46.110s][info][gc,marking  ] GC(177) Mark Stack Usage: 32M
[46.110s][info][gc,nmethod  ] GC(177) NMethods: 4528 registered, 346 unregistered
[46.110s][info][gc,metaspace] GC(177) Metaspace: 70M used, 71M committed, 1088M reserved
[46.110s][info][gc,ref      ] GC(177) Soft: 3829 encountered, 0 discovered, 0 enqueued
[46.110s][info][gc,ref      ] GC(177) Weak: 11025 encountered, 920 discovered, 0 enqueued
[46.110s][info][gc,ref      ] GC(177) Final: 289 encountered, 23 discovered, 0 enqueued
[46.110s][info][gc,ref      ] GC(177) Phantom: 425 encountered, 308 discovered, 0 enqueued
[46.110s][info][gc,reloc    ] GC(177) Small Pages: 270 / 540M, Empty: 258M, Relocated: 4M, In-Place: 0
[46.110s][info][gc,reloc    ] GC(177) Medium Pages: 0 / 0M, Empty: 0M, Relocated: 0M, In-Place: 0
[46.110s][info][gc,reloc    ] GC(177) Large Pages: 0 / 0M, Empty: 0M, Relocated: 0M, In-Place: 0
[46.110s][info][gc,reloc    ] GC(177) Forwarding Usage: 2M
[46.110s][info][gc,heap     ] GC(177) Min Capacity: 8M(0%)
[46.110s][info][gc,heap     ] GC(177) Max Capacity: 2048M(100%)
[46.110s][info][gc,heap     ] GC(177) Soft Max Capacity: 2048M(100%)
[46.110s][info][gc,heap     ] GC(177)                Mark Start          Mark End        Relocate Start      Relocate End           High               Low         
[46.110s][info][gc,heap     ] GC(177)  Capacity:     2048M (100%)       2048M (100%)       2048M (100%)       2048M (100%)       2048M (100%)       2048M (100%)   
[46.110s][info][gc,heap     ] GC(177)      Free:     1508M (74%)        1348M (66%)        1548M (76%)        1730M (84%)        1746M (85%)        1328M (65%)    
[46.110s][info][gc,heap     ] GC(177)      Used:      540M (26%)         700M (34%)         500M (24%)         318M (16%)         720M (35%)         302M (15%)    
[46.111s][info][gc,heap     ] GC(177)      Live:         -                53M (3%)           53M (3%)           53M (3%)             -                  -          
[46.111s][info][gc,heap     ] GC(177) Allocated:         -               160M (8%)          218M (11%)         242M (12%)            -                  -          
[46.111s][info][gc,heap     ] GC(177)   Garbage:         -               486M (24%)         228M (11%)          21M (1%)             -                  -          
[46.111s][info][gc,heap     ] GC(177) Reclaimed:         -                  -               258M (13%)         464M (23%)            -                  -          
[46.111s][info][gc          ] GC(177) Garbage Collection (Allocation Rate) 540M(26%)->318M(16%)
[46.154s][info][gc,start    ] GC(178) Garbage Collection (Allocation Rate)
[46.154s][info][gc,task     ] GC(178) Using 6 workers
[46.154s][info][gc,phases   ] GC(178) Pause Mark Start 0.014ms
[46.188s][info][gc,phases   ] GC(178) Concurrent Mark 33.238ms
[46.188s][info][gc,phases   ] GC(178) Pause Mark End 0.023ms
[46.190s][info][gc,phases   ] GC(178) Concurrent Mark Free 0.001ms
[46.193s][info][gc,phases   ] GC(178) Concurrent Process Non-Strong References 3.477ms
[46.194s][info][gc,phases   ] GC(178) Concurrent Reset Relocation Set 0.037ms
[46.198s][info][gc,phases   ] GC(178) Concurrent Select Relocation Set 4.934ms
[46.199s][info][gc,phases   ] GC(178) Pause Relocate Start 0.009ms
[46.205s][info][gc,phases   ] GC(178) Concurrent Relocate 6.363ms
[46.205s][info][gc,load     ] GC(178) Load: 0.00/0.00/0.00
[46.205s][info][gc,mmu      ] GC(178) MMU: 2ms/98.1%, 5ms/99.2%, 10ms/99.6%, 20ms/99.8%, 50ms/99.9%, 100ms/99.9%
[46.205s][info][gc,marking  ] GC(178) Mark: 4 stripe(s), 2 proactive flush(es), 1 terminate flush(es), 0 completion(s), 0 continuation(s) 
[46.205s][info][gc,marking  ] GC(178) Mark Stack Usage: 32M
[46.205s][info][gc,nmethod  ] GC(178) NMethods: 4528 registered, 346 unregistered
[46.205s][info][gc,metaspace] GC(178) Metaspace: 70M used, 71M committed, 1088M reserved
[46.206s][info][gc,ref      ] GC(178) Soft: 3829 encountered, 0 discovered, 0 enqueued
[46.206s][info][gc,ref      ] GC(178) Weak: 11025 encountered, 1295 discovered, 0 enqueued
[46.206s][info][gc,ref      ] GC(178) Final: 289 encountered, 5 discovered, 0 enqueued
[46.206s][info][gc,ref      ] GC(178) Phantom: 425 encountered, 345 discovered, 0 enqueued
[46.206s][info][gc,reloc    ] GC(178) Small Pages: 267 / 534M, Empty: 220M, Relocated: 4M, In-Place: 0
[46.206s][info][gc,reloc    ] GC(178) Medium Pages: 0 / 0M, Empty: 0M, Relocated: 0M, In-Place: 0
[46.206s][info][gc,reloc    ] GC(178) Large Pages: 0 / 0M, Empty: 0M, Relocated: 0M, In-Place: 0
[46.206s][info][gc,reloc    ] GC(178) Forwarding Usage: 2M
[46.206s][info][gc,heap     ] GC(178) Min Capacity: 8M(0%)
[46.206s][info][gc,heap     ] GC(178) Max Capacity: 2048M(100%)
[46.206s][info][gc,heap     ] GC(178) Soft Max Capacity: 2048M(100%)
[46.206s][info][gc,heap     ] GC(178)                Mark Start          Mark End        Relocate Start      Relocate End           High               Low         
[46.206s][info][gc,heap     ] GC(178)  Capacity:     2048M (100%)       2048M (100%)       2048M (100%)       2048M (100%)       2048M (100%)       2048M (100%)   
[46.206s][info][gc,heap     ] GC(178)      Free:     1514M (74%)        1350M (66%)        1526M (75%)        1750M (85%)        1758M (86%)        1328M (65%)    
[46.206s][info][gc,heap     ] GC(178)      Used:      534M (26%)         698M (34%)         522M (25%)         298M (15%)         720M (35%)         290M (14%)    
[46.206s][info][gc,heap     ] GC(178)      Live:         -                53M (3%)           53M (3%)           53M (3%)             -                  -          
[46.206s][info][gc,heap     ] GC(178) Allocated:         -               164M (8%)          208M (10%)         223M (11%)            -                  -          
[46.206s][info][gc,heap     ] GC(178)   Garbage:         -               480M (23%)         260M (13%)          21M (1%)             -                  -          
[46.206s][info][gc,heap     ] GC(178) Reclaimed:         -                  -               220M (11%)         459M (22%)            -                  -          
[46.206s][info][gc          ] GC(178) Garbage Collection (Allocation Rate) 534M(26%)->298M(15%)
[46.254s][info][gc,start    ] GC(179) Garbage Collection (Allocation Rate)
[46.254s][info][gc,task     ] GC(179) Using 6 workers
[46.254s][info][gc,phases   ] GC(179) Pause Mark Start 0.010ms
[46.288s][info][gc,phases   ] GC(179) Concurrent Mark 33.227ms
[46.288s][info][gc,phases   ] GC(179) Pause Mark End 0.023ms
[46.290s][info][gc,phases   ] GC(179) Concurrent Mark Free 0.002ms
[46.294s][info][gc,phases   ] GC(179) Concurrent Process Non-Strong References 3.432ms
[46.294s][info][gc,phases   ] GC(179) Concurrent Reset Relocation Set 0.036ms
[46.302s][info][gc,phases   ] GC(179) Concurrent Select Relocation Set 8.568ms
[46.303s][info][gc,phases   ] GC(179) Pause Relocate Start 0.009ms
[46.310s][info][gc,phases   ] GC(179) Concurrent Relocate 6.893ms
[46.310s][info][gc,load     ] GC(179) Load: 0.00/0.00/0.00
[46.310s][info][gc,mmu      ] GC(179) MMU: 2ms/98.1%, 5ms/99.2%, 10ms/99.6%, 20ms/99.8%, 50ms/99.9%, 100ms/99.9%
[46.310s][info][gc,marking  ] GC(179) Mark: 4 stripe(s), 2 proactive flush(es), 1 terminate flush(es), 0 completion(s), 0 continuation(s) 
[46.310s][info][gc,marking  ] GC(179) Mark Stack Usage: 32M
[46.310s][info][gc,nmethod  ] GC(179) NMethods: 4528 registered, 346 unregistered
[46.310s][info][gc,metaspace] GC(179) Metaspace: 70M used, 71M committed, 1088M reserved
[46.310s][info][gc,ref      ] GC(179) Soft: 3829 encountered, 0 discovered, 0 enqueued
[46.310s][info][gc,ref      ] GC(179) Weak: 11025 encountered, 1100 discovered, 0 enqueued
[46.310s][info][gc,ref      ] GC(179) Final: 289 encountered, 8 discovered, 0 enqueued
[46.310s][info][gc,ref      ] GC(179) Phantom: 425 encountered, 316 discovered, 0 enqueued
[46.310s][info][gc,reloc    ] GC(179) Small Pages: 271 / 542M, Empty: 180M, Relocated: 4M, In-Place: 0
[46.311s][info][gc,reloc    ] GC(179) Medium Pages: 0 / 0M, Empty: 0M, Relocated: 0M, In-Place: 0
[46.311s][info][gc,reloc    ] GC(179) Large Pages: 0 / 0M, Empty: 0M, Relocated: 0M, In-Place: 0
[46.311s][info][gc,reloc    ] GC(179) Forwarding Usage: 2M
[46.311s][info][gc,heap     ] GC(179) Min Capacity: 8M(0%)
[46.311s][info][gc,heap     ] GC(179) Max Capacity: 2048M(100%)
[46.311s][info][gc,heap     ] GC(179) Soft Max Capacity: 2048M(100%)
[46.311s][info][gc,heap     ] GC(179)                Mark Start          Mark End        Relocate Start      Relocate End           High               Low         
[46.311s][info][gc,heap     ] GC(179)  Capacity:     2048M (100%)       2048M (100%)       2048M (100%)       2048M (100%)       2048M (100%)       2048M (100%)   
[46.311s][info][gc,heap     ] GC(179)      Free:     1506M (74%)        1342M (66%)        1456M (71%)        1722M (84%)        1736M (85%)        1316M (64%)    
[46.311s][info][gc,heap     ] GC(179)      Used:      542M (26%)         706M (34%)         592M (29%)         326M (16%)         732M (36%)         312M (15%)    
[46.311s][info][gc,heap     ] GC(179)      Live:         -                53M (3%)           53M (3%)           53M (3%)             -                  -          
[46.311s][info][gc,heap     ] GC(179) Allocated:         -               164M (8%)          230M (11%)         251M (12%)            -                  -          
[46.311s][info][gc,heap     ] GC(179)   Garbage:         -               488M (24%)         308M (15%)          21M (1%)             -                  -          
[46.311s][info][gc,heap     ] GC(179) Reclaimed:         -                  -               180M (9%)          467M (23%)            -                  -          
[46.311s][info][gc          ] GC(179) Garbage Collection (Allocation Rate) 542M(26%)->326M(16%)
[46.355s][info][gc,start    ] GC(180) Garbage Collection (Allocation Rate)
[46.355s][info][gc,task     ] GC(180) Using 6 workers
[46.355s][info][gc,phases   ] GC(180) Pause Mark Start 0.012ms
[46.387s][info][gc,phases   ] GC(180) Concurrent Mark 31.377ms
[46.387s][info][gc,phases   ] GC(180) Pause Mark End 0.033ms
[46.390s][info][gc,phases   ] GC(180) Concurrent Mark Free 0.001ms
[46.394s][info][gc,phases   ] GC(180) Concurrent Process Non-Strong References 3.946ms
[46.394s][info][gc,phases   ] GC(180) Concurrent Reset Relocation Set 0.053ms
[46.400s][info][gc,phases   ] GC(180) Concurrent Select Relocation Set 6.432ms
[46.400s][info][gc,phases   ] GC(180) Pause Relocate Start 0.009ms
[46.408s][info][gc,phases   ] GC(180) Concurrent Relocate 6.612ms
[46.409s][info][gc,load     ] GC(180) Load: 0.00/0.00/0.00
[46.409s][info][gc,mmu      ] GC(180) MMU: 2ms/98.1%, 5ms/99.2%, 10ms/99.6%, 20ms/99.8%, 50ms/99.9%, 100ms/99.9%
[46.409s][info][gc,marking  ] GC(180) Mark: 4 stripe(s), 2 proactive flush(es), 1 terminate flush(es), 0 completion(s), 0 continuation(s) 
[46.409s][info][gc,marking  ] GC(180) Mark Stack Usage: 32M
[46.409s][info][gc,nmethod  ] GC(180) NMethods: 4528 registered, 346 unregistered
[46.409s][info][gc,metaspace] GC(180) Metaspace: 70M used, 71M committed, 1088M reserved
[46.409s][info][gc,ref      ] GC(180) Soft: 3829 encountered, 0 discovered, 0 enqueued
[46.409s][info][gc,ref      ] GC(180) Weak: 11025 encountered, 948 discovered, 0 enqueued
[46.409s][info][gc,ref      ] GC(180) Final: 289 encountered, 19 discovered, 0 enqueued
[46.409s][info][gc,ref      ] GC(180) Phantom: 425 encountered, 365 discovered, 0 enqueued
[46.409s][info][gc,reloc    ] GC(180) Small Pages: 273 / 546M, Empty: 254M, Relocated: 4M, In-Place: 0
[46.409s][info][gc,reloc    ] GC(180) Medium Pages: 0 / 0M, Empty: 0M, Relocated: 0M, In-Place: 0
[46.409s][info][gc,reloc    ] GC(180) Large Pages: 0 / 0M, Empty: 0M, Relocated: 0M, In-Place: 0
[46.409s][info][gc,reloc    ] GC(180) Forwarding Usage: 2M
[46.409s][info][gc,heap     ] GC(180) Min Capacity: 8M(0%)
[46.409s][info][gc,heap     ] GC(180) Max Capacity: 2048M(100%)
[46.409s][info][gc,heap     ] GC(180) Soft Max Capacity: 2048M(100%)
[46.409s][info][gc,heap     ] GC(180)                Mark Start          Mark End        Relocate Start      Relocate End           High               Low         
[46.409s][info][gc,heap     ] GC(180)  Capacity:     2048M (100%)       2048M (100%)       2048M (100%)       2048M (100%)       2048M (100%)       2048M (100%)   
[46.409s][info][gc,heap     ] GC(180)      Free:     1502M (73%)        1350M (66%)        1544M (75%)        1742M (85%)        1754M (86%)        1318M (64%)    
[46.409s][info][gc,heap     ] GC(180)      Used:      546M (27%)         698M (34%)         504M (25%)         306M (15%)         730M (36%)         294M (14%)    
[46.409s][info][gc,heap     ] GC(180)      Live:         -                53M (3%)           53M (3%)           53M (3%)             -                  -          
[46.409s][info][gc,heap     ] GC(180) Allocated:         -               152M (7%)          212M (10%)         231M (11%)            -                  -          
[46.409s][info][gc,heap     ] GC(180)   Garbage:         -               492M (24%)         238M (12%)          21M (1%)             -                  -          
[46.409s][info][gc,heap     ] GC(180) Reclaimed:         -                  -               254M (12%)         471M (23%)            -                  -          
[46.409s][info][gc          ] GC(180) Garbage Collection (Allocation Rate) 546M(27%)->306M(15%)
[46.455s][info][gc,start    ] GC(181) Garbage Collection (Allocation Rate)
[46.455s][info][gc,task     ] GC(181) Using 6 workers
[46.455s][info][gc,phases   ] GC(181) Pause Mark Start 0.009ms
[46.488s][info][gc,phases   ] GC(181) Concurrent Mark 32.293ms
[46.488s][info][gc,phases   ] GC(181) Pause Mark End 0.027ms
[46.488s][info][gc,phases   ] GC(181) Concurrent Mark Free 0.001ms
[46.493s][info][gc,phases   ] GC(181) Concurrent Process Non-Strong References 4.425ms
[46.493s][info][gc,phases   ] GC(181) Concurrent Reset Relocation Set 0.030ms
[46.499s][info][gc,phases   ] GC(181) Concurrent Select Relocation Set 6.548ms
[46.500s][info][gc,phases   ] GC(181) Pause Relocate Start 0.009ms
[46.508s][info][gc,phases   ] GC(181) Concurrent Relocate 7.826ms
[46.508s][info][gc,load     ] GC(181) Load: 0.00/0.00/0.00
[46.508s][info][gc,mmu      ] GC(181) MMU: 2ms/98.1%, 5ms/99.2%, 10ms/99.6%, 20ms/99.8%, 50ms/99.9%, 100ms/99.9%
[46.508s][info][gc,marking  ] GC(181) Mark: 4 stripe(s), 3 proactive flush(es), 1 terminate flush(es), 0 completion(s), 0 continuation(s) 
[46.508s][info][gc,marking  ] GC(181) Mark Stack Usage: 32M
[46.508s][info][gc,nmethod  ] GC(181) NMethods: 4528 registered, 346 unregistered
[46.508s][info][gc,metaspace] GC(181) Metaspace: 70M used, 71M committed, 1088M reserved
[46.508s][info][gc,ref      ] GC(181) Soft: 3829 encountered, 0 discovered, 0 enqueued
[46.508s][info][gc,ref      ] GC(181) Weak: 11025 encountered, 1277 discovered, 0 enqueued
[46.508s][info][gc,ref      ] GC(181) Final: 289 encountered, 15 discovered, 0 enqueued
[46.508s][info][gc,ref      ] GC(181) Phantom: 425 encountered, 286 discovered, 0 enqueued
[46.508s][info][gc,reloc    ] GC(181) Small Pages: 268 / 536M, Empty: 260M, Relocated: 4M, In-Place: 0
[46.508s][info][gc,reloc    ] GC(181) Medium Pages: 0 / 0M, Empty: 0M, Relocated: 0M, In-Place: 0
[46.508s][info][gc,reloc    ] GC(181) Large Pages: 0 / 0M, Empty: 0M, Relocated: 0M, In-Place: 0
[46.508s][info][gc,reloc    ] GC(181) Forwarding Usage: 2M
[46.508s][info][gc,heap     ] GC(181) Min Capacity: 8M(0%)
[46.508s][info][gc,heap     ] GC(181) Max Capacity: 2048M(100%)
[46.508s][info][gc,heap     ] GC(181) Soft Max Capacity: 2048M(100%)
[46.508s][info][gc,heap     ] GC(181)                Mark Start          Mark End        Relocate Start      Relocate End           High               Low         
[46.508s][info][gc,heap     ] GC(181)  Capacity:     2048M (100%)       2048M (100%)       2048M (100%)       2048M (100%)       2048M (100%)       2048M (100%)   
[46.508s][info][gc,heap     ] GC(181)      Free:     1512M (74%)        1354M (66%)        1564M (76%)        1742M (85%)        1758M (86%)        1334M (65%)    
[46.508s][info][gc,heap     ] GC(181)      Used:      536M (26%)         694M (34%)         484M (24%)         306M (15%)         714M (35%)         290M (14%)    
[46.508s][info][gc,heap     ] GC(181)      Live:         -                53M (3%)           53M (3%)           53M (3%)             -                  -          
[46.508s][info][gc,heap     ] GC(181) Allocated:         -               158M (8%)          208M (10%)         231M (11%)            -                  -          
[46.508s][info][gc,heap     ] GC(181)   Garbage:         -               482M (24%)         222M (11%)          20M (1%)             -                  -          
[46.508s][info][gc,heap     ] GC(181) Reclaimed:         -                  -               260M (13%)         461M (23%)            -                  -          
[46.508s][info][gc          ] GC(181) Garbage Collection (Allocation Rate) 536M(26%)->306M(15%)
[46.555s][info][gc,start    ] GC(182) Garbage Collection (Allocation Rate)
[46.555s][info][gc,task     ] GC(182) Using 6 workers
[46.555s][info][gc,phases   ] GC(182) Pause Mark Start 0.012ms
[46.598s][info][gc,phases   ] GC(182) Concurrent Mark 43.055ms
[46.599s][info][gc,phases   ] GC(182) Pause Mark End 0.026ms
[46.599s][info][gc,phases   ] GC(182) Concurrent Mark Free 0.002ms
[46.603s][info][gc,phases   ] GC(182) Concurrent Process Non-Strong References 3.699ms
[46.603s][info][gc,phases   ] GC(182) Concurrent Reset Relocation Set 0.038ms
[46.613s][info][gc,phases   ] GC(182) Concurrent Select Relocation Set 10.137ms
[46.613s][info][gc,phases   ] GC(182) Pause Relocate Start 0.008ms
[46.620s][info][gc,phases   ] GC(182) Concurrent Relocate 6.318ms
[46.620s][info][gc,load     ] GC(182) Load: 0.00/0.00/0.00
[46.620s][info][gc,mmu      ] GC(182) MMU: 2ms/98.1%, 5ms/99.2%, 10ms/99.6%, 20ms/99.8%, 50ms/99.9%, 100ms/99.9%
[46.620s][info][gc,marking  ] GC(182) Mark: 4 stripe(s), 3 proactive flush(es), 1 terminate flush(es), 0 completion(s), 0 continuation(s) 
[46.620s][info][gc,marking  ] GC(182) Mark Stack Usage: 32M
[46.620s][info][gc,nmethod  ] GC(182) NMethods: 4528 registered, 346 unregistered
[46.620s][info][gc,metaspace] GC(182) Metaspace: 70M used, 71M committed, 1088M reserved
[46.620s][info][gc,ref      ] GC(182) Soft: 3829 encountered, 0 discovered, 0 enqueued
[46.620s][info][gc,ref      ] GC(182) Weak: 11025 encountered, 864 discovered, 0 enqueued
[46.620s][info][gc,ref      ] GC(182) Final: 289 encountered, 24 discovered, 0 enqueued
[46.620s][info][gc,ref      ] GC(182) Phantom: 425 encountered, 293 discovered, 0 enqueued
[46.620s][info][gc,reloc    ] GC(182) Small Pages: 271 / 542M, Empty: 244M, Relocated: 4M, In-Place: 0
[46.620s][info][gc,reloc    ] GC(182) Medium Pages: 0 / 0M, Empty: 0M, Relocated: 0M, In-Place: 0
[46.620s][info][gc,reloc    ] GC(182) Large Pages: 0 / 0M, Empty: 0M, Relocated: 0M, In-Place: 0
[46.620s][info][gc,reloc    ] GC(182) Forwarding Usage: 2M
[46.620s][info][gc,heap     ] GC(182) Min Capacity: 8M(0%)
[46.620s][info][gc,heap     ] GC(182) Max Capacity: 2048M(100%)
[46.620s][info][gc,heap     ] GC(182) Soft Max Capacity: 2048M(100%)
[46.620s][info][gc,heap     ] GC(182)                Mark Start          Mark End        Relocate Start      Relocate End           High               Low         
[46.620s][info][gc,heap     ] GC(182)  Capacity:     2048M (100%)       2048M (100%)       2048M (100%)       2048M (100%)       2048M (100%)       2048M (100%)   
[46.620s][info][gc,heap     ] GC(182)      Free:     1506M (74%)        1298M (63%)        1480M (72%)        1686M (82%)        1694M (83%)        1282M (63%)    
[46.620s][info][gc,heap     ] GC(182)      Used:      542M (26%)         750M (37%)         568M (28%)         362M (18%)         766M (37%)         354M (17%)    
[46.620s][info][gc,heap     ] GC(182)      Live:         -                53M (3%)           53M (3%)           53M (3%)             -                  -          
[46.620s][info][gc,heap     ] GC(182) Allocated:         -               208M (10%)         270M (13%)         287M (14%)            -                  -          
[46.620s][info][gc,heap     ] GC(182)   Garbage:         -               488M (24%)         244M (12%)          21M (1%)             -                  -          
[46.620s][info][gc,heap     ] GC(182) Reclaimed:         -                  -               244M (12%)         467M (23%)            -                  -          
[46.620s][info][gc          ] GC(182) Garbage Collection (Allocation Rate) 542M(26%)->362M(18%)
[46.654s][info][gc,start    ] GC(183) Garbage Collection (Allocation Rate)
[46.654s][info][gc,task     ] GC(183) Using 6 workers
[46.655s][info][gc,phases   ] GC(183) Pause Mark Start 0.012ms
[46.695s][info][gc,phases   ] GC(183) Concurrent Mark 40.302ms
[46.695s][info][gc,phases   ] GC(183) Pause Mark End 0.024ms
[46.696s][info][gc,phases   ] GC(183) Concurrent Mark Free 0.001ms
[46.699s][info][gc,phases   ] GC(183) Concurrent Process Non-Strong References 3.346ms
[46.699s][info][gc,phases   ] GC(183) Concurrent Reset Relocation Set 0.038ms
[46.709s][info][gc,phases   ] GC(183) Concurrent Select Relocation Set 9.809ms
[46.709s][info][gc,phases   ] GC(183) Pause Relocate Start 0.009ms
[46.716s][info][gc,phases   ] GC(183) Concurrent Relocate 6.359ms
[46.716s][info][gc,load     ] GC(183) Load: 0.00/0.00/0.00
[46.716s][info][gc,mmu      ] GC(183) MMU: 2ms/98.1%, 5ms/99.2%, 10ms/99.6%, 20ms/99.8%, 50ms/99.9%, 100ms/99.9%
[46.716s][info][gc,marking  ] GC(183) Mark: 4 stripe(s), 4 proactive flush(es), 1 terminate flush(es), 0 completion(s), 0 continuation(s) 
[46.716s][info][gc,marking  ] GC(183) Mark Stack Usage: 32M
[46.716s][info][gc,nmethod  ] GC(183) NMethods: 4528 registered, 346 unregistered
[46.716s][info][gc,metaspace] GC(183) Metaspace: 70M used, 71M committed, 1088M reserved
[46.716s][info][gc,ref      ] GC(183) Soft: 3829 encountered, 0 discovered, 0 enqueued
[46.716s][info][gc,ref      ] GC(183) Weak: 11025 encountered, 1028 discovered, 0 enqueued
[46.716s][info][gc,ref      ] GC(183) Final: 289 encountered, 23 discovered, 0 enqueued
[46.716s][info][gc,ref      ] GC(183) Phantom: 425 encountered, 400 discovered, 0 enqueued
[46.716s][info][gc,reloc    ] GC(183) Small Pages: 268 / 536M, Empty: 248M, Relocated: 4M, In-Place: 0
[46.716s][info][gc,reloc    ] GC(183) Medium Pages: 0 / 0M, Empty: 0M, Relocated: 0M, In-Place: 0
[46.716s][info][gc,reloc    ] GC(183) Large Pages: 0 / 0M, Empty: 0M, Relocated: 0M, In-Place: 0
[46.716s][info][gc,reloc    ] GC(183) Forwarding Usage: 2M
[46.716s][info][gc,heap     ] GC(183) Min Capacity: 8M(0%)
[46.716s][info][gc,heap     ] GC(183) Max Capacity: 2048M(100%)
[46.716s][info][gc,heap     ] GC(183) Soft Max Capacity: 2048M(100%)
[46.716s][info][gc,heap     ] GC(183)                Mark Start          Mark End        Relocate Start      Relocate End           High               Low         
[46.716s][info][gc,heap     ] GC(183)  Capacity:     2048M (100%)       2048M (100%)       2048M (100%)       2048M (100%)       2048M (100%)       2048M (100%)   
[46.716s][info][gc,heap     ] GC(183)      Free:     1512M (74%)        1318M (64%)        1504M (73%)        1698M (83%)        1710M (83%)        1298M (63%)    
[46.716s][info][gc,heap     ] GC(183)      Used:      536M (26%)         730M (36%)         544M (27%)         350M (17%)         750M (37%)         338M (17%)    
[46.717s][info][gc,heap     ] GC(183)      Live:         -                53M (3%)           53M (3%)           53M (3%)             -                  -          
[46.717s][info][gc,heap     ] GC(183) Allocated:         -               194M (9%)          256M (13%)         275M (13%)            -                  -          
[46.717s][info][gc,heap     ] GC(183)   Garbage:         -               482M (24%)         234M (11%)          20M (1%)             -                  -          
[46.717s][info][gc,heap     ] GC(183) Reclaimed:         -                  -               248M (12%)         461M (23%)            -                  -          
[46.717s][info][gc          ] GC(183) Garbage Collection (Allocation Rate) 536M(26%)->350M(17%)
[46.754s][info][gc,start    ] GC(184) Garbage Collection (Allocation Rate)
[46.754s][info][gc,task     ] GC(184) Using 6 workers
[46.754s][info][gc,phases   ] GC(184) Pause Mark Start 0.013ms
[46.792s][info][gc,phases   ] GC(184) Concurrent Mark 37.276ms
[46.792s][info][gc,phases   ] GC(184) Pause Mark End 0.028ms
[46.793s][info][gc,phases   ] GC(184) Concurrent Mark Free 0.002ms
[46.796s][info][gc,phases   ] GC(184) Concurrent Process Non-Strong References 3.461ms
[46.796s][info][gc,phases   ] GC(184) Concurrent Reset Relocation Set 0.036ms
[46.805s][info][gc,phases   ] GC(184) Concurrent Select Relocation Set 8.695ms
[46.805s][info][gc,phases   ] GC(184) Pause Relocate Start 0.009ms
[46.813s][info][gc,phases   ] GC(184) Concurrent Relocate 7.240ms
[46.813s][info][gc,load     ] GC(184) Load: 0.00/0.00/0.00
[46.813s][info][gc,mmu      ] GC(184) MMU: 2ms/98.1%, 5ms/99.2%, 10ms/99.6%, 20ms/99.8%, 50ms/99.9%, 100ms/99.9%
[46.813s][info][gc,marking  ] GC(184) Mark: 4 stripe(s), 2 proactive flush(es), 1 terminate flush(es), 0 completion(s), 0 continuation(s) 
[46.813s][info][gc,marking  ] GC(184) Mark Stack Usage: 32M
[46.813s][info][gc,nmethod  ] GC(184) NMethods: 4528 registered, 346 unregistered
[46.813s][info][gc,metaspace] GC(184) Metaspace: 70M used, 71M committed, 1088M reserved
[46.813s][info][gc,ref      ] GC(184) Soft: 3829 encountered, 0 discovered, 0 enqueued
[46.813s][info][gc,ref      ] GC(184) Weak: 11025 encountered, 867 discovered, 0 enqueued
[46.813s][info][gc,ref      ] GC(184) Final: 289 encountered, 17 discovered, 0 enqueued
[46.814s][info][gc,ref      ] GC(184) Phantom: 425 encountered, 280 discovered, 0 enqueued
[46.814s][info][gc,reloc    ] GC(184) Small Pages: 270 / 540M, Empty: 250M, Relocated: 4M, In-Place: 0
[46.814s][info][gc,reloc    ] GC(184) Medium Pages: 0 / 0M, Empty: 0M, Relocated: 0M, In-Place: 0
[46.814s][info][gc,reloc    ] GC(184) Large Pages: 0 / 0M, Empty: 0M, Relocated: 0M, In-Place: 0
[46.814s][info][gc,reloc    ] GC(184) Forwarding Usage: 2M
[46.814s][info][gc,heap     ] GC(184) Min Capacity: 8M(0%)
[46.814s][info][gc,heap     ] GC(184) Max Capacity: 2048M(100%)
[46.814s][info][gc,heap     ] GC(184) Soft Max Capacity: 2048M(100%)
[46.814s][info][gc,heap     ] GC(184)                Mark Start          Mark End        Relocate Start      Relocate End           High               Low         
[46.814s][info][gc,heap     ] GC(184)  Capacity:     2048M (100%)       2048M (100%)       2048M (100%)       2048M (100%)       2048M (100%)       2048M (100%)   
[46.814s][info][gc,heap     ] GC(184)      Free:     1508M (74%)        1328M (65%)        1522M (74%)        1716M (84%)        1728M (84%)        1312M (64%)    
[46.814s][info][gc,heap     ] GC(184)      Used:      540M (26%)         720M (35%)         526M (26%)         332M (16%)         736M (36%)         320M (16%)    
[46.814s][info][gc,heap     ] GC(184)      Live:         -                53M (3%)           53M (3%)           53M (3%)             -                  -          
[46.814s][info][gc,heap     ] GC(184) Allocated:         -               180M (9%)          236M (12%)         257M (13%)            -                  -          
[46.814s][info][gc,heap     ] GC(184)   Garbage:         -               486M (24%)         236M (12%)          20M (1%)             -                  -          
[46.814s][info][gc,heap     ] GC(184) Reclaimed:         -                  -               250M (12%)         465M (23%)            -                  -          
[46.814s][info][gc          ] GC(184) Garbage Collection (Allocation Rate) 540M(26%)->332M(16%)
[46.955s][info][gc,start    ] GC(185) Garbage Collection (Allocation Rate)
[46.955s][info][gc,task     ] GC(185) Using 4 workers
[46.955s][info][gc,phases   ] GC(185) Pause Mark Start 0.014ms
[47.001s][info][gc,phases   ] GC(185) Concurrent Mark 45.183ms
[47.001s][info][gc,phases   ] GC(185) Pause Mark End 0.024ms
[47.003s][info][gc,phases   ] GC(185) Concurrent Mark Free 0.002ms
[47.008s][info][gc,phases   ] GC(185) Concurrent Process Non-Strong References 4.855ms
[47.008s][info][gc,phases   ] GC(185) Concurrent Reset Relocation Set 0.034ms
[47.014s][info][gc,phases   ] GC(185) Concurrent Select Relocation Set 5.246ms
[47.014s][info][gc,phases   ] GC(185) Pause Relocate Start 0.008ms
[47.022s][info][gc,phases   ] GC(185) Concurrent Relocate 8.191ms
[47.022s][info][gc,load     ] GC(185) Load: 0.00/0.00/0.00
[47.022s][info][gc,mmu      ] GC(185) MMU: 2ms/98.1%, 5ms/99.2%, 10ms/99.6%, 20ms/99.8%, 50ms/99.9%, 100ms/99.9%
[47.023s][info][gc,marking  ] GC(185) Mark: 4 stripe(s), 2 proactive flush(es), 1 terminate flush(es), 0 completion(s), 0 continuation(s) 
[47.023s][info][gc,marking  ] GC(185) Mark Stack Usage: 32M
[47.023s][info][gc,nmethod  ] GC(185) NMethods: 4528 registered, 346 unregistered
[47.023s][info][gc,metaspace] GC(185) Metaspace: 70M used, 71M committed, 1088M reserved
[47.023s][info][gc,ref      ] GC(185) Soft: 3829 encountered, 0 discovered, 0 enqueued
[47.023s][info][gc,ref      ] GC(185) Weak: 11025 encountered, 1407 discovered, 0 enqueued
[47.023s][info][gc,ref      ] GC(185) Final: 289 encountered, 5 discovered, 0 enqueued
[47.023s][info][gc,ref      ] GC(185) Phantom: 425 encountered, 340 discovered, 0 enqueued
[47.023s][info][gc,reloc    ] GC(185) Small Pages: 509 / 1018M, Empty: 686M, Relocated: 4M, In-Place: 0
[47.023s][info][gc,reloc    ] GC(185) Medium Pages: 0 / 0M, Empty: 0M, Relocated: 0M, In-Place: 0
[47.023s][info][gc,reloc    ] GC(185) Large Pages: 0 / 0M, Empty: 0M, Relocated: 0M, In-Place: 0
[47.023s][info][gc,reloc    ] GC(185) Forwarding Usage: 2M
[47.023s][info][gc,heap     ] GC(185) Min Capacity: 8M(0%)
[47.023s][info][gc,heap     ] GC(185) Max Capacity: 2048M(100%)
[47.023s][info][gc,heap     ] GC(185) Soft Max Capacity: 2048M(100%)
[47.023s][info][gc,heap     ] GC(185)                Mark Start          Mark End        Relocate Start      Relocate End           High               Low         
[47.023s][info][gc,heap     ] GC(185)  Capacity:     2048M (100%)       2048M (100%)       2048M (100%)       2048M (100%)       2048M (100%)       2048M (100%)   
[47.023s][info][gc,heap     ] GC(185)      Free:     1030M (50%)         810M (40%)        1440M (70%)        1680M (82%)        1694M (83%)         778M (38%)    
[47.023s][info][gc,heap     ] GC(185)      Used:     1018M (50%)        1238M (60%)         608M (30%)         368M (18%)        1270M (62%)         354M (17%)    
[47.023s][info][gc,heap     ] GC(185)      Live:         -                53M (3%)           53M (3%)           53M (3%)             -                  -          
[47.023s][info][gc,heap     ] GC(185) Allocated:         -               220M (11%)         276M (13%)         297M (15%)            -                  -          
[47.023s][info][gc,heap     ] GC(185)   Garbage:         -               964M (47%)         278M (14%)          17M (1%)             -                  -          
[47.023s][info][gc,heap     ] GC(185) Reclaimed:         -                  -               686M (33%)         947M (46%)            -                  -          
[47.023s][info][gc          ] GC(185) Garbage Collection (Allocation Rate) 1018M(50%)->368M(18%)
[47.155s][info][gc,start    ] GC(186) Garbage Collection (Allocation Rate)
[47.155s][info][gc,task     ] GC(186) Using 3 workers
[47.155s][info][gc,phases   ] GC(186) Pause Mark Start 0.010ms
[47.213s][info][gc,phases   ] GC(186) Concurrent Mark 58.202ms
[47.214s][info][gc,phases   ] GC(186) Pause Mark End 0.024ms
[47.215s][info][gc,phases   ] GC(186) Concurrent Mark Free 0.001ms
[47.222s][info][gc,phases   ] GC(186) Concurrent Process Non-Strong References 7.549ms
[47.222s][info][gc,phases   ] GC(186) Concurrent Reset Relocation Set 0.039ms
[47.231s][info][gc,phases   ] GC(186) Concurrent Select Relocation Set 8.913ms
[47.231s][info][gc,phases   ] GC(186) Pause Relocate Start 0.008ms
[47.244s][info][gc,phases   ] GC(186) Concurrent Relocate 12.568ms
[47.245s][info][gc,load     ] GC(186) Load: 0.00/0.00/0.00
[47.245s][info][gc,mmu      ] GC(186) MMU: 2ms/98.1%, 5ms/99.2%, 10ms/99.6%, 20ms/99.8%, 50ms/99.9%, 100ms/99.9%
[47.245s][info][gc,marking  ] GC(186) Mark: 2 stripe(s), 2 proactive flush(es), 1 terminate flush(es), 0 completion(s), 0 continuation(s) 
[47.245s][info][gc,marking  ] GC(186) Mark Stack Usage: 32M
[47.245s][info][gc,nmethod  ] GC(186) NMethods: 4515 registered, 366 unregistered
[47.245s][info][gc,metaspace] GC(186) Metaspace: 70M used, 71M committed, 1088M reserved
[47.245s][info][gc,ref      ] GC(186) Soft: 3829 encountered, 0 discovered, 0 enqueued
[47.245s][info][gc,ref      ] GC(186) Weak: 10973 encountered, 1198 discovered, 144 enqueued
[47.245s][info][gc,ref      ] GC(186) Final: 289 encountered, 27 discovered, 0 enqueued
[47.245s][info][gc,ref      ] GC(186) Phantom: 425 encountered, 337 discovered, 0 enqueued
[47.245s][info][gc,reloc    ] GC(186) Small Pages: 512 / 1024M, Empty: 666M, Relocated: 10M, In-Place: 0
[47.245s][info][gc,reloc    ] GC(186) Medium Pages: 0 / 0M, Empty: 0M, Relocated: 0M, In-Place: 0
[47.245s][info][gc,reloc    ] GC(186) Large Pages: 0 / 0M, Empty: 0M, Relocated: 0M, In-Place: 0
[47.245s][info][gc,reloc    ] GC(186) Forwarding Usage: 3M
[47.245s][info][gc,heap     ] GC(186) Min Capacity: 8M(0%)
[47.245s][info][gc,heap     ] GC(186) Max Capacity: 2048M(100%)
[47.245s][info][gc,heap     ] GC(186) Soft Max Capacity: 2048M(100%)
[47.245s][info][gc,heap     ] GC(186)                Mark Start          Mark End        Relocate Start      Relocate End           High               Low         
[47.245s][info][gc,heap     ] GC(186)  Capacity:     2048M (100%)       2048M (100%)       2048M (100%)       2048M (100%)       2048M (100%)       2048M (100%)   
[47.245s][info][gc,heap     ] GC(186)      Free:     1024M (50%)         742M (36%)        1326M (65%)        1582M (77%)        1606M (78%)         704M (34%)    
[47.245s][info][gc,heap     ] GC(186)      Used:     1024M (50%)        1306M (64%)         722M (35%)         466M (23%)        1344M (66%)         442M (22%)    
[47.245s][info][gc,heap     ] GC(186)      Live:         -                51M (3%)           51M (3%)           51M (3%)             -                  -          
[47.245s][info][gc,heap     ] GC(186) Allocated:         -               282M (14%)         364M (18%)         399M (20%)            -                  -          
[47.245s][info][gc,heap     ] GC(186)   Garbage:         -               972M (47%)         306M (15%)          14M (1%)             -                  -          
[47.245s][info][gc,heap     ] GC(186) Reclaimed:         -                  -               666M (33%)         957M (47%)            -                  -          
[47.245s][info][gc          ] GC(186) Garbage Collection (Allocation Rate) 1024M(50%)->466M(23%)
[47.354s][info][gc,start    ] GC(187) Garbage Collection (Allocation Rate)
[47.354s][info][gc,task     ] GC(187) Using 3 workers
[47.354s][info][gc,phases   ] GC(187) Pause Mark Start 0.014ms
[47.412s][info][gc,phases   ] GC(187) Concurrent Mark 57.230ms
[47.412s][info][gc,phases   ] GC(187) Pause Mark End 0.023ms
[47.413s][info][gc,phases   ] GC(187) Concurrent Mark Free 0.001ms
[47.420s][info][gc,phases   ] GC(187) Concurrent Process Non-Strong References 6.998ms
[47.420s][info][gc,phases   ] GC(187) Concurrent Reset Relocation Set 0.054ms
[47.426s][info][gc,phases   ] GC(187) Concurrent Select Relocation Set 5.790ms
[47.426s][info][gc,phases   ] GC(187) Pause Relocate Start 0.009ms
[47.435s][info][gc,phases   ] GC(187) Concurrent Relocate 8.730ms
[47.435s][info][gc,load     ] GC(187) Load: 0.00/0.00/0.00
[47.435s][info][gc,mmu      ] GC(187) MMU: 2ms/98.1%, 5ms/99.2%, 10ms/99.6%, 20ms/99.8%, 50ms/99.9%, 100ms/99.9%
[47.435s][info][gc,marking  ] GC(187) Mark: 2 stripe(s), 2 proactive flush(es), 1 terminate flush(es), 0 completion(s), 0 continuation(s) 
[47.435s][info][gc,marking  ] GC(187) Mark Stack Usage: 32M
[47.435s][info][gc,nmethod  ] GC(187) NMethods: 4516 registered, 368 unregistered
[47.435s][info][gc,metaspace] GC(187) Metaspace: 70M used, 71M committed, 1088M reserved
[47.435s][info][gc,ref      ] GC(187) Soft: 3829 encountered, 0 discovered, 0 enqueued
[47.435s][info][gc,ref      ] GC(187) Weak: 10829 encountered, 1474 discovered, 0 enqueued
[47.435s][info][gc,ref      ] GC(187) Final: 289 encountered, 10 discovered, 0 enqueued
[47.435s][info][gc,ref      ] GC(187) Phantom: 425 encountered, 331 discovered, 0 enqueued
[47.435s][info][gc,reloc    ] GC(187) Small Pages: 505 / 1010M, Empty: 566M, Relocated: 5M, In-Place: 0
[47.435s][info][gc,reloc    ] GC(187) Medium Pages: 0 / 0M, Empty: 0M, Relocated: 0M, In-Place: 0
[47.435s][info][gc,reloc    ] GC(187) Large Pages: 0 / 0M, Empty: 0M, Relocated: 0M, In-Place: 0
[47.435s][info][gc,reloc    ] GC(187) Forwarding Usage: 2M
[47.435s][info][gc,heap     ] GC(187) Min Capacity: 8M(0%)
[47.435s][info][gc,heap     ] GC(187) Max Capacity: 2048M(100%)
[47.435s][info][gc,heap     ] GC(187) Soft Max Capacity: 2048M(100%)
[47.435s][info][gc,heap     ] GC(187)                Mark Start          Mark End        Relocate Start      Relocate End           High               Low         
[47.436s][info][gc,heap     ] GC(187)  Capacity:     2048M (100%)       2048M (100%)       2048M (100%)       2048M (100%)       2048M (100%)       2048M (100%)   
[47.436s][info][gc,heap     ] GC(187)      Free:     1038M (51%)         776M (38%)        1280M (63%)        1626M (79%)        1644M (80%)         742M (36%)    
[47.436s][info][gc,heap     ] GC(187)      Used:     1010M (49%)        1272M (62%)         768M (38%)         422M (21%)        1306M (64%)         404M (20%)    
[47.436s][info][gc,heap     ] GC(187)      Live:         -                51M (3%)           51M (3%)           51M (3%)             -                  -          
[47.436s][info][gc,heap     ] GC(187) Allocated:         -               262M (13%)         324M (16%)         354M (17%)            -                  -          
[47.436s][info][gc,heap     ] GC(187)   Garbage:         -               958M (47%)         392M (19%)          15M (1%)             -                  -          
[47.436s][info][gc,heap     ] GC(187) Reclaimed:         -                  -               566M (28%)         942M (46%)            -                  -          
[47.436s][info][gc          ] GC(187) Garbage Collection (Allocation Rate) 1010M(49%)->422M(21%)
[47.555s][info][gc,start    ] GC(188) Garbage Collection (Allocation Rate)
[47.555s][info][gc,task     ] GC(188) Using 3 workers
[47.555s][info][gc,phases   ] GC(188) Pause Mark Start 0.010ms
[47.611s][info][gc,phases   ] GC(188) Concurrent Mark 55.033ms
[47.611s][info][gc,phases   ] GC(188) Pause Mark End 0.024ms
[47.612s][info][gc,phases   ] GC(188) Concurrent Mark Free 0.002ms
[47.619s][info][gc,phases   ] GC(188) Concurrent Process Non-Strong References 6.724ms
[47.619s][info][gc,phases   ] GC(188) Concurrent Reset Relocation Set 0.051ms
[47.624s][info][gc,phases   ] GC(188) Concurrent Select Relocation Set 5.011ms
[47.625s][info][gc,phases   ] GC(188) Pause Relocate Start 0.008ms
[47.630s][info][gc,phases   ] GC(188) Concurrent Relocate 5.302ms
[47.630s][info][gc,load     ] GC(188) Load: 0.00/0.00/0.00
[47.630s][info][gc,mmu      ] GC(188) MMU: 2ms/98.1%, 5ms/99.2%, 10ms/99.6%, 20ms/99.8%, 50ms/99.9%, 100ms/99.9%
[47.631s][info][gc,marking  ] GC(188) Mark: 2 stripe(s), 2 proactive flush(es), 1 terminate flush(es), 0 completion(s), 0 continuation(s) 
[47.631s][info][gc,marking  ] GC(188) Mark Stack Usage: 32M
[47.631s][info][gc,nmethod  ] GC(188) NMethods: 4516 registered, 368 unregistered
[47.631s][info][gc,metaspace] GC(188) Metaspace: 70M used, 71M committed, 1088M reserved
[47.631s][info][gc,ref      ] GC(188) Soft: 3829 encountered, 0 discovered, 0 enqueued
[47.631s][info][gc,ref      ] GC(188) Weak: 10829 encountered, 1651 discovered, 0 enqueued
[47.631s][info][gc,ref      ] GC(188) Final: 289 encountered, 19 discovered, 0 enqueued
[47.631s][info][gc,ref      ] GC(188) Phantom: 425 encountered, 333 discovered, 0 enqueued
[47.631s][info][gc,reloc    ] GC(188) Small Pages: 472 / 944M, Empty: 618M, Relocated: 5M, In-Place: 0
[47.631s][info][gc,reloc    ] GC(188) Medium Pages: 0 / 0M, Empty: 0M, Relocated: 0M, In-Place: 0
[47.631s][info][gc,reloc    ] GC(188) Large Pages: 0 / 0M, Empty: 0M, Relocated: 0M, In-Place: 0
[47.631s][info][gc,reloc    ] GC(188) Forwarding Usage: 1M
[47.631s][info][gc,heap     ] GC(188) Min Capacity: 8M(0%)
[47.631s][info][gc,heap     ] GC(188) Max Capacity: 2048M(100%)
[47.631s][info][gc,heap     ] GC(188) Soft Max Capacity: 2048M(100%)
[47.631s][info][gc,heap     ] GC(188)                Mark Start          Mark End        Relocate Start      Relocate End           High               Low         
[47.631s][info][gc,heap     ] GC(188)  Capacity:     2048M (100%)       2048M (100%)       2048M (100%)       2048M (100%)       2048M (100%)       2048M (100%)   
[47.631s][info][gc,heap     ] GC(188)      Free:     1104M (54%)         844M (41%)        1400M (68%)        1652M (81%)        1652M (81%)         806M (39%)    
[47.631s][info][gc,heap     ] GC(188)      Used:      944M (46%)        1204M (59%)         648M (32%)         396M (19%)        1242M (61%)         396M (19%)    
[47.631s][info][gc,heap     ] GC(188)      Live:         -                52M (3%)           52M (3%)           52M (3%)             -                  -          
[47.631s][info][gc,heap     ] GC(188) Allocated:         -               260M (13%)         322M (16%)         327M (16%)            -                  -          
[47.631s][info][gc,heap     ] GC(188)   Garbage:         -               891M (44%)         273M (13%)          16M (1%)             -                  -          
[47.631s][info][gc,heap     ] GC(188) Reclaimed:         -                  -               618M (30%)         875M (43%)            -                  -          
[47.631s][info][gc          ] GC(188) Garbage Collection (Allocation Rate) 944M(46%)->396M(19%)
[47.755s][info][gc,start    ] GC(189) Garbage Collection (Allocation Rate)
[47.755s][info][gc,task     ] GC(189) Using 3 workers
[47.755s][info][gc,phases   ] GC(189) Pause Mark Start 0.010ms
[47.841s][info][gc,phases   ] GC(189) Concurrent Mark 86.349ms
[47.842s][info][gc,phases   ] GC(189) Pause Mark End 0.025ms
[47.843s][info][gc,phases   ] GC(189) Concurrent Mark Free 0.002ms
[47.850s][info][gc,phases   ] GC(189) Concurrent Process Non-Strong References 7.120ms
[47.850s][info][gc,phases   ] GC(189) Concurrent Reset Relocation Set 0.035ms
[47.858s][info][gc,phases   ] GC(189) Concurrent Select Relocation Set 7.732ms
[47.858s][info][gc,phases   ] GC(189) Pause Relocate Start 0.009ms
[47.868s][info][gc,phases   ] GC(189) Concurrent Relocate 8.962ms
[47.868s][info][gc,load     ] GC(189) Load: 0.00/0.00/0.00
[47.868s][info][gc,mmu      ] GC(189) MMU: 2ms/98.1%, 5ms/99.2%, 10ms/99.6%, 20ms/99.8%, 50ms/99.9%, 100ms/99.9%
[47.868s][info][gc,marking  ] GC(189) Mark: 2 stripe(s), 2 proactive flush(es), 1 terminate flush(es), 0 completion(s), 0 continuation(s) 
[47.868s][info][gc,marking  ] GC(189) Mark Stack Usage: 32M
[47.868s][info][gc,nmethod  ] GC(189) NMethods: 4516 registered, 368 unregistered
[47.868s][info][gc,metaspace] GC(189) Metaspace: 70M used, 71M committed, 1088M reserved
[47.868s][info][gc,ref      ] GC(189) Soft: 3829 encountered, 0 discovered, 0 enqueued
[47.868s][info][gc,ref      ] GC(189) Weak: 10829 encountered, 3362 discovered, 0 enqueued
[47.868s][info][gc,ref      ] GC(189) Final: 289 encountered, 30 discovered, 0 enqueued
[47.868s][info][gc,ref      ] GC(189) Phantom: 425 encountered, 286 discovered, 0 enqueued
[47.868s][info][gc,reloc    ] GC(189) Small Pages: 508 / 1016M, Empty: 654M, Relocated: 5M, In-Place: 0
[47.868s][info][gc,reloc    ] GC(189) Medium Pages: 0 / 0M, Empty: 0M, Relocated: 0M, In-Place: 0
[47.868s][info][gc,reloc    ] GC(189) Large Pages: 0 / 0M, Empty: 0M, Relocated: 0M, In-Place: 0
[47.868s][info][gc,reloc    ] GC(189) Forwarding Usage: 1M
[47.868s][info][gc,heap     ] GC(189) Min Capacity: 8M(0%)
[47.868s][info][gc,heap     ] GC(189) Max Capacity: 2048M(100%)
[47.868s][info][gc,heap     ] GC(189) Soft Max Capacity: 2048M(100%)
[47.868s][info][gc,heap     ] GC(189)                Mark Start          Mark End        Relocate Start      Relocate End           High               Low         
[47.868s][info][gc,heap     ] GC(189)  Capacity:     2048M (100%)       2048M (100%)       2048M (100%)       2048M (100%)       2048M (100%)       2048M (100%)   
[47.868s][info][gc,heap     ] GC(189)      Free:     1032M (50%)         622M (30%)        1202M (59%)        1468M (72%)        1488M (73%)         584M (29%)    
[47.868s][info][gc,heap     ] GC(189)      Used:     1016M (50%)        1426M (70%)         846M (41%)         580M (28%)        1464M (71%)         560M (27%)    
[47.868s][info][gc,heap     ] GC(189)      Live:         -                51M (3%)           51M (3%)           51M (3%)             -                  -          
[47.868s][info][gc,heap     ] GC(189) Allocated:         -               410M (20%)         484M (24%)         511M (25%)            -                  -          
[47.868s][info][gc,heap     ] GC(189)   Garbage:         -               964M (47%)         310M (15%)          16M (1%)             -                  -          
[47.868s][info][gc,heap     ] GC(189) Reclaimed:         -                  -               654M (32%)         947M (46%)            -                  -          
[47.868s][info][gc          ] GC(189) Garbage Collection (Allocation Rate) 1016M(50%)->580M(28%)
[47.954s][info][gc,start    ] GC(190) Garbage Collection (Allocation Rate)
[47.954s][info][gc,task     ] GC(190) Using 3 workers
[47.955s][info][gc,phases   ] GC(190) Pause Mark Start 0.012ms
[48.034s][info][gc,phases   ] GC(190) Concurrent Mark 79.156ms
[48.034s][info][gc,phases   ] GC(190) Pause Mark End 0.023ms
[48.035s][info][gc,phases   ] GC(190) Concurrent Mark Free 0.002ms
[48.042s][info][gc,phases   ] GC(190) Concurrent Process Non-Strong References 7.585ms
[48.042s][info][gc,phases   ] GC(190) Concurrent Reset Relocation Set 0.043ms
[48.048s][info][gc,phases   ] GC(190) Concurrent Select Relocation Set 5.031ms
[48.048s][info][gc,phases   ] GC(190) Pause Relocate Start 0.008ms
[48.056s][info][gc,phases   ] GC(190) Concurrent Relocate 8.043ms
[48.057s][info][gc,load     ] GC(190) Load: 0.00/0.00/0.00
[48.057s][info][gc,mmu      ] GC(190) MMU: 2ms/98.1%, 5ms/99.2%, 10ms/99.6%, 20ms/99.8%, 50ms/99.9%, 100ms/99.9%
[48.057s][info][gc,marking  ] GC(190) Mark: 2 stripe(s), 2 proactive flush(es), 1 terminate flush(es), 0 completion(s), 0 continuation(s) 
[48.057s][info][gc,marking  ] GC(190) Mark Stack Usage: 32M
[48.057s][info][gc,nmethod  ] GC(190) NMethods: 4516 registered, 368 unregistered
[48.057s][info][gc,metaspace] GC(190) Metaspace: 70M used, 71M committed, 1088M reserved
[48.057s][info][gc,ref      ] GC(190) Soft: 3829 encountered, 0 discovered, 0 enqueued
[48.057s][info][gc,ref      ] GC(190) Weak: 10829 encountered, 1315 discovered, 0 enqueued
[48.057s][info][gc,ref      ] GC(190) Final: 289 encountered, 20 discovered, 0 enqueued
[48.057s][info][gc,ref      ] GC(190) Phantom: 425 encountered, 306 discovered, 0 enqueued
[48.057s][info][gc,reloc    ] GC(190) Small Pages: 505 / 1010M, Empty: 622M, Relocated: 5M, In-Place: 0
[48.057s][info][gc,reloc    ] GC(190) Medium Pages: 0 / 0M, Empty: 0M, Relocated: 0M, In-Place: 0
[48.057s][info][gc,reloc    ] GC(190) Large Pages: 0 / 0M, Empty: 0M, Relocated: 0M, In-Place: 0
[48.057s][info][gc,reloc    ] GC(190) Forwarding Usage: 1M
[48.057s][info][gc,heap     ] GC(190) Min Capacity: 8M(0%)
[48.057s][info][gc,heap     ] GC(190) Max Capacity: 2048M(100%)
[48.057s][info][gc,heap     ] GC(190) Soft Max Capacity: 2048M(100%)
[48.057s][info][gc,heap     ] GC(190)                Mark Start          Mark End        Relocate Start      Relocate End           High               Low         
[48.057s][info][gc,heap     ] GC(190)  Capacity:     2048M (100%)       2048M (100%)       2048M (100%)       2048M (100%)       2048M (100%)       2048M (100%)   
[48.057s][info][gc,heap     ] GC(190)      Free:     1038M (51%)         658M (32%)        1220M (60%)        1510M (74%)        1526M (75%)         622M (30%)    
[48.057s][info][gc,heap     ] GC(190)      Used:     1010M (49%)        1390M (68%)         828M (40%)         538M (26%)        1426M (70%)         522M (25%)    
[48.057s][info][gc,heap     ] GC(190)      Live:         -                51M (3%)           51M (3%)           51M (3%)             -                  -          
[48.057s][info][gc,heap     ] GC(190) Allocated:         -               380M (19%)         440M (21%)         470M (23%)            -                  -          
[48.057s][info][gc,heap     ] GC(190)   Garbage:         -               958M (47%)         336M (16%)          15M (1%)             -                  -          
[48.057s][info][gc,heap     ] GC(190) Reclaimed:         -                  -               622M (30%)         942M (46%)            -                  -          
[48.057s][info][gc          ] GC(190) Garbage Collection (Allocation Rate) 1010M(49%)->538M(26%)
[48.154s][info][gc,start    ] GC(191) Garbage Collection (Allocation Rate)
[48.154s][info][gc,task     ] GC(191) Using 3 workers
[48.154s][info][gc,phases   ] GC(191) Pause Mark Start 0.012ms
[48.221s][info][gc,phases   ] GC(191) Concurrent Mark 65.920ms
[48.221s][info][gc,phases   ] GC(191) Pause Mark End 0.025ms
[48.223s][info][gc,phases   ] GC(191) Concurrent Mark Free 0.001ms
[48.282s][info][gc,phases   ] GC(191) Concurrent Process Non-Strong References 6.902ms
[48.282s][info][gc,phases   ] GC(191) Concurrent Reset Relocation Set 0.042ms
[48.291s][info][gc,phases   ] GC(191) Concurrent Select Relocation Set 8.984ms
[48.292s][info][gc,phases   ] GC(191) Pause Relocate Start 0.008ms
[48.303s][info][gc,phases   ] GC(191) Concurrent Relocate 10.976ms
[48.303s][info][gc,load     ] GC(191) Load: 0.00/0.00/0.00
[48.303s][info][gc,mmu      ] GC(191) MMU: 2ms/98.1%, 5ms/99.2%, 10ms/99.6%, 20ms/99.8%, 50ms/99.9%, 100ms/99.9%
[48.303s][info][gc,marking  ] GC(191) Mark: 2 stripe(s), 2 proactive flush(es), 1 terminate flush(es), 0 completion(s), 0 continuation(s) 
[48.303s][info][gc,marking  ] GC(191) Mark Stack Usage: 32M
[48.303s][info][gc,nmethod  ] GC(191) NMethods: 4516 registered, 368 unregistered
[48.303s][info][gc,metaspace] GC(191) Metaspace: 70M used, 71M committed, 1088M reserved
[48.303s][info][gc,ref      ] GC(191) Soft: 3829 encountered, 0 discovered, 0 enqueued
[48.303s][info][gc,ref      ] GC(191) Weak: 10829 encountered, 1150 discovered, 0 enqueued
[48.303s][info][gc,ref      ] GC(191) Final: 289 encountered, 35 discovered, 0 enqueued
[48.303s][info][gc,ref      ] GC(191) Phantom: 425 encountered, 318 discovered, 0 enqueued
[48.303s][info][gc,reloc    ] GC(191) Small Pages: 510 / 1020M, Empty: 662M, Relocated: 8M, In-Place: 0
[48.303s][info][gc,reloc    ] GC(191) Medium Pages: 0 / 0M, Empty: 0M, Relocated: 0M, In-Place: 0
[48.303s][info][gc,reloc    ] GC(191) Large Pages: 0 / 0M, Empty: 0M, Relocated: 0M, In-Place: 0
[48.303s][info][gc,reloc    ] GC(191) Forwarding Usage: 2M
[48.303s][info][gc,heap     ] GC(191) Min Capacity: 8M(0%)
[48.303s][info][gc,heap     ] GC(191) Max Capacity: 2048M(100%)
[48.303s][info][gc,heap     ] GC(191) Soft Max Capacity: 2048M(100%)
[48.303s][info][gc,heap     ] GC(191)                Mark Start          Mark End        Relocate Start      Relocate End           High               Low         
[48.303s][info][gc,heap     ] GC(191)  Capacity:     2048M (100%)       2048M (100%)       2048M (100%)       2048M (100%)       2048M (100%)       2048M (100%)   
[48.303s][info][gc,heap     ] GC(191)      Free:     1028M (50%)         744M (36%)        1086M (53%)        1346M (66%)        1370M (67%)         462M (23%)    
[48.303s][info][gc,heap     ] GC(191)      Used:     1020M (50%)        1304M (64%)         962M (47%)         702M (34%)        1586M (77%)         678M (33%)    
[48.303s][info][gc,heap     ] GC(191)      Live:         -                51M (3%)           51M (3%)           51M (3%)             -                  -          
[48.303s][info][gc,heap     ] GC(191) Allocated:         -               284M (14%)         604M (29%)         637M (31%)            -                  -          
[48.303s][info][gc,heap     ] GC(191)   Garbage:         -               968M (47%)         306M (15%)          12M (1%)             -                  -          
[48.303s][info][gc,heap     ] GC(191) Reclaimed:         -                  -               662M (32%)         955M (47%)            -                  -          
[48.303s][info][gc          ] GC(191) Garbage Collection (Allocation Rate) 1020M(50%)->702M(34%)
[48.355s][info][gc,start    ] GC(192) Garbage Collection (Allocation Rate)
[48.355s][info][gc,task     ] GC(192) Using 9 workers
[48.355s][info][gc,phases   ] GC(192) Pause Mark Start 0.009ms
[48.383s][info][gc,phases   ] GC(192) Concurrent Mark 27.259ms
[48.383s][info][gc,phases   ] GC(192) Pause Mark End 0.026ms
[48.384s][info][gc,phases   ] GC(192) Concurrent Mark Free 0.001ms
[48.387s][info][gc,phases   ] GC(192) Concurrent Process Non-Strong References 2.476ms
[48.387s][info][gc,phases   ] GC(192) Concurrent Reset Relocation Set 0.042ms
[48.392s][info][gc,phases   ] GC(192) Concurrent Select Relocation Set 5.093ms
[48.392s][info][gc,phases   ] GC(192) Pause Relocate Start 0.008ms
[48.400s][info][gc,phases   ] GC(192) Concurrent Relocate 7.003ms
[48.400s][info][gc,load     ] GC(192) Load: 0.00/0.00/0.00
[48.400s][info][gc,mmu      ] GC(192) MMU: 2ms/98.1%, 5ms/99.2%, 10ms/99.6%, 20ms/99.8%, 50ms/99.9%, 100ms/99.9%
[48.400s][info][gc,marking  ] GC(192) Mark: 8 stripe(s), 3 proactive flush(es), 1 terminate flush(es), 0 completion(s), 0 continuation(s) 
[48.400s][info][gc,marking  ] GC(192) Mark Stack Usage: 32M
[48.400s][info][gc,nmethod  ] GC(192) NMethods: 4516 registered, 368 unregistered
[48.400s][info][gc,metaspace] GC(192) Metaspace: 70M used, 71M committed, 1088M reserved
[48.400s][info][gc,ref      ] GC(192) Soft: 3829 encountered, 0 discovered, 0 enqueued
[48.400s][info][gc,ref      ] GC(192) Weak: 10829 encountered, 1215 discovered, 0 enqueued
[48.400s][info][gc,ref      ] GC(192) Final: 289 encountered, 37 discovered, 0 enqueued
[48.400s][info][gc,ref      ] GC(192) Phantom: 425 encountered, 276 discovered, 0 enqueued
[48.400s][info][gc,reloc    ] GC(192) Small Pages: 477 / 954M, Empty: 544M, Relocated: 8M, In-Place: 0
[48.400s][info][gc,reloc    ] GC(192) Medium Pages: 0 / 0M, Empty: 0M, Relocated: 0M, In-Place: 0
[48.400s][info][gc,reloc    ] GC(192) Large Pages: 0 / 0M, Empty: 0M, Relocated: 0M, In-Place: 0
[48.400s][info][gc,reloc    ] GC(192) Forwarding Usage: 2M
[48.400s][info][gc,heap     ] GC(192) Min Capacity: 8M(0%)
[48.400s][info][gc,heap     ] GC(192) Max Capacity: 2048M(100%)
[48.400s][info][gc,heap     ] GC(192) Soft Max Capacity: 2048M(100%)
[48.400s][info][gc,heap     ] GC(192)                Mark Start          Mark End        Relocate Start      Relocate End           High               Low         
[48.400s][info][gc,heap     ] GC(192)  Capacity:     2048M (100%)       2048M (100%)       2048M (100%)       2048M (100%)       2048M (100%)       2048M (100%)   
[48.400s][info][gc,heap     ] GC(192)      Free:     1094M (53%)         966M (47%)        1468M (72%)        1782M (87%)        1796M (88%)         944M (46%)    
[48.400s][info][gc,heap     ] GC(192)      Used:      954M (47%)        1082M (53%)         580M (28%)         266M (13%)        1104M (54%)         252M (12%)    
[48.400s][info][gc,heap     ] GC(192)      Live:         -                51M (3%)           51M (3%)           51M (3%)             -                  -          
[48.400s][info][gc,heap     ] GC(192) Allocated:         -               128M (6%)          170M (8%)          192M (9%)             -                  -          
[48.400s][info][gc,heap     ] GC(192)   Garbage:         -               902M (44%)         358M (17%)          21M (1%)             -                  -          
[48.400s][info][gc,heap     ] GC(192) Reclaimed:         -                  -               544M (27%)         880M (43%)            -                  -          
[48.400s][info][gc          ] GC(192) Garbage Collection (Allocation Rate) 954M(47%)->266M(13%)
[48.554s][info][gc,start    ] GC(193) Garbage Collection (Allocation Rate)
[48.554s][info][gc,task     ] GC(193) Using 7 workers
[48.555s][info][gc,phases   ] GC(193) Pause Mark Start 0.011ms
[48.586s][info][gc,phases   ] GC(193) Concurrent Mark 31.182ms
[48.586s][info][gc,phases   ] GC(193) Pause Mark End 0.029ms
[48.589s][info][gc,phases   ] GC(193) Concurrent Mark Free 0.002ms
[48.592s][info][gc,phases   ] GC(193) Concurrent Process Non-Strong References 2.994ms
[48.592s][info][gc,phases   ] GC(193) Concurrent Reset Relocation Set 0.045ms
[48.602s][info][gc,phases   ] GC(193) Concurrent Select Relocation Set 9.221ms
[48.602s][info][gc,phases   ] GC(193) Pause Relocate Start 0.009ms
[48.609s][info][gc,phases   ] GC(193) Concurrent Relocate 6.480ms
[48.609s][info][gc,load     ] GC(193) Load: 0.00/0.00/0.00
[48.609s][info][gc,mmu      ] GC(193) MMU: 2ms/98.1%, 5ms/99.2%, 10ms/99.6%, 20ms/99.8%, 50ms/99.9%, 100ms/99.9%
[48.609s][info][gc,marking  ] GC(193) Mark: 4 stripe(s), 2 proactive flush(es), 1 terminate flush(es), 0 completion(s), 0 continuation(s) 
[48.609s][info][gc,marking  ] GC(193) Mark Stack Usage: 32M
[48.609s][info][gc,nmethod  ] GC(193) NMethods: 4516 registered, 368 unregistered
[48.609s][info][gc,metaspace] GC(193) Metaspace: 70M used, 71M committed, 1088M reserved
[48.609s][info][gc,ref      ] GC(193) Soft: 3829 encountered, 0 discovered, 0 enqueued
[48.609s][info][gc,ref      ] GC(193) Weak: 10829 encountered, 1088 discovered, 0 enqueued
[48.609s][info][gc,ref      ] GC(193) Final: 289 encountered, 13 discovered, 0 enqueued
[48.609s][info][gc,ref      ] GC(193) Phantom: 425 encountered, 318 discovered, 0 enqueued
[48.609s][info][gc,reloc    ] GC(193) Small Pages: 512 / 1024M, Empty: 670M, Relocated: 8M, In-Place: 0
[48.609s][info][gc,reloc    ] GC(193) Medium Pages: 0 / 0M, Empty: 0M, Relocated: 0M, In-Place: 0
[48.609s][info][gc,reloc    ] GC(193) Large Pages: 0 / 0M, Empty: 0M, Relocated: 0M, In-Place: 0
[48.609s][info][gc,reloc    ] GC(193) Forwarding Usage: 3M
[48.609s][info][gc,heap     ] GC(193) Min Capacity: 8M(0%)
[48.609s][info][gc,heap     ] GC(193) Max Capacity: 2048M(100%)
[48.609s][info][gc,heap     ] GC(193) Soft Max Capacity: 2048M(100%)
[48.609s][info][gc,heap     ] GC(193)                Mark Start          Mark End        Relocate Start      Relocate End           High               Low         
[48.609s][info][gc,heap     ] GC(193)  Capacity:     2048M (100%)       2048M (100%)       2048M (100%)       2048M (100%)       2048M (100%)       2048M (100%)   
[48.609s][info][gc,heap     ] GC(193)      Free:     1024M (50%)         872M (43%)        1474M (72%)        1742M (85%)        1750M (85%)         846M (41%)    
[48.609s][info][gc,heap     ] GC(193)      Used:     1024M (50%)        1176M (57%)         574M (28%)         306M (15%)        1202M (59%)         298M (15%)    
[48.609s][info][gc,heap     ] GC(193)      Live:         -                51M (3%)           51M (3%)           51M (3%)             -                  -          
[48.609s][info][gc,heap     ] GC(193) Allocated:         -               152M (7%)          220M (11%)         236M (12%)            -                  -          
[48.609s][info][gc,heap     ] GC(193)   Garbage:         -               972M (47%)         302M (15%)          17M (1%)             -                  -          
[48.609s][info][gc,heap     ] GC(193) Reclaimed:         -                  -               670M (33%)         954M (47%)            -                  -          
[48.609s][info][gc          ] GC(193) Garbage Collection (Allocation Rate) 1024M(50%)->306M(15%)
[48.754s][info][gc,start    ] GC(194) Garbage Collection (Allocation Rate)
[48.754s][info][gc,task     ] GC(194) Using 4 workers
[48.754s][info][gc,phases   ] GC(194) Pause Mark Start 0.010ms
[48.799s][info][gc,phases   ] GC(194) Concurrent Mark 44.129ms
[48.799s][info][gc,phases   ] GC(194) Pause Mark End 0.023ms
[48.802s][info][gc,phases   ] GC(194) Concurrent Mark Free 0.002ms
[48.806s][info][gc,phases   ] GC(194) Concurrent Process Non-Strong References 4.856ms
[48.807s][info][gc,phases   ] GC(194) Concurrent Reset Relocation Set 0.056ms
[48.813s][info][gc,phases   ] GC(194) Concurrent Select Relocation Set 6.712ms
[48.814s][info][gc,phases   ] GC(194) Pause Relocate Start 0.010ms
[48.824s][info][gc,phases   ] GC(194) Concurrent Relocate 9.628ms
[48.824s][info][gc,load     ] GC(194) Load: 0.00/0.00/0.00
[48.824s][info][gc,mmu      ] GC(194) MMU: 2ms/98.1%, 5ms/99.2%, 10ms/99.6%, 20ms/99.8%, 50ms/99.9%, 100ms/99.9%
[48.824s][info][gc,marking  ] GC(194) Mark: 4 stripe(s), 3 proactive flush(es), 1 terminate flush(es), 0 completion(s), 0 continuation(s) 
[48.824s][info][gc,marking  ] GC(194) Mark Stack Usage: 32M
[48.824s][info][gc,nmethod  ] GC(194) NMethods: 4516 registered, 368 unregistered
[48.824s][info][gc,metaspace] GC(194) Metaspace: 70M used, 71M committed, 1088M reserved
[48.824s][info][gc,ref      ] GC(194) Soft: 3829 encountered, 0 discovered, 0 enqueued
[48.824s][info][gc,ref      ] GC(194) Weak: 10829 encountered, 1110 discovered, 0 enqueued
[48.824s][info][gc,ref      ] GC(194) Final: 289 encountered, 28 discovered, 0 enqueued
[48.824s][info][gc,ref      ] GC(194) Phantom: 425 encountered, 333 discovered, 0 enqueued
[48.824s][info][gc,reloc    ] GC(194) Small Pages: 512 / 1024M, Empty: 646M, Relocated: 8M, In-Place: 0
[48.824s][info][gc,reloc    ] GC(194) Medium Pages: 0 / 0M, Empty: 0M, Relocated: 0M, In-Place: 0
[48.824s][info][gc,reloc    ] GC(194) Large Pages: 0 / 0M, Empty: 0M, Relocated: 0M, In-Place: 0
[48.824s][info][gc,reloc    ] GC(194) Forwarding Usage: 2M
[48.824s][info][gc,heap     ] GC(194) Min Capacity: 8M(0%)
[48.824s][info][gc,heap     ] GC(194) Max Capacity: 2048M(100%)
[48.824s][info][gc,heap     ] GC(194) Soft Max Capacity: 2048M(100%)
[48.824s][info][gc,heap     ] GC(194)                Mark Start          Mark End        Relocate Start      Relocate End           High               Low         
[48.824s][info][gc,heap     ] GC(194)  Capacity:     2048M (100%)       2048M (100%)       2048M (100%)       2048M (100%)       2048M (100%)       2048M (100%)   
[48.824s][info][gc,heap     ] GC(194)      Free:     1024M (50%)         808M (39%)        1390M (68%)        1672M (82%)        1692M (83%)         774M (38%)    
[48.824s][info][gc,heap     ] GC(194)      Used:     1024M (50%)        1240M (61%)         658M (32%)         376M (18%)        1274M (62%)         356M (17%)    
[48.824s][info][gc,heap     ] GC(194)      Live:         -                51M (3%)           51M (3%)           51M (3%)             -                  -          
[48.824s][info][gc,heap     ] GC(194) Allocated:         -               216M (11%)         280M (14%)         311M (15%)            -                  -          
[48.824s][info][gc,heap     ] GC(194)   Garbage:         -               972M (47%)         326M (16%)          12M (1%)             -                  -          
[48.824s][info][gc,heap     ] GC(194) Reclaimed:         -                  -               646M (32%)         959M (47%)            -                  -          
[48.825s][info][gc          ] GC(194) Garbage Collection (Allocation Rate) 1024M(50%)->376M(18%)
[48.955s][info][gc,start    ] GC(195) Garbage Collection (Allocation Rate)
[48.955s][info][gc,task     ] GC(195) Using 4 workers
[48.955s][info][gc,phases   ] GC(195) Pause Mark Start 0.013ms
[49.005s][info][gc,phases   ] GC(195) Concurrent Mark 49.234ms
[49.005s][info][gc,phases   ] GC(195) Pause Mark End 0.026ms
[49.006s][info][gc,phases   ] GC(195) Concurrent Mark Free 0.001ms
[49.014s][info][gc,phases   ] GC(195) Concurrent Process Non-Strong References 7.329ms
[49.014s][info][gc,phases   ] GC(195) Concurrent Reset Relocation Set 0.039ms
[49.024s][info][gc,phases   ] GC(195) Concurrent Select Relocation Set 10.244ms
[49.024s][info][gc,phases   ] GC(195) Pause Relocate Start 0.009ms
[49.034s][info][gc,phases   ] GC(195) Concurrent Relocate 9.837ms
[49.034s][info][gc,load     ] GC(195) Load: 0.00/0.00/0.00
[49.034s][info][gc,mmu      ] GC(195) MMU: 2ms/98.1%, 5ms/99.2%, 10ms/99.6%, 20ms/99.8%, 50ms/99.9%, 100ms/99.9%
[49.034s][info][gc,marking  ] GC(195) Mark: 4 stripe(s), 2 proactive flush(es), 1 terminate flush(es), 0 completion(s), 0 continuation(s) 
[49.035s][info][gc,marking  ] GC(195) Mark Stack Usage: 32M
[49.035s][info][gc,nmethod  ] GC(195) NMethods: 4516 registered, 368 unregistered
[49.035s][info][gc,metaspace] GC(195) Metaspace: 70M used, 71M committed, 1088M reserved
[49.035s][info][gc,ref      ] GC(195) Soft: 3829 encountered, 0 discovered, 0 enqueued
[49.035s][info][gc,ref      ] GC(195) Weak: 10829 encountered, 1241 discovered, 0 enqueued
[49.035s][info][gc,ref      ] GC(195) Final: 289 encountered, 36 discovered, 0 enqueued
[49.035s][info][gc,ref      ] GC(195) Phantom: 425 encountered, 217 discovered, 0 enqueued
[49.035s][info][gc,reloc    ] GC(195) Small Pages: 501 / 1002M, Empty: 628M, Relocated: 8M, In-Place: 0
[49.035s][info][gc,reloc    ] GC(195) Medium Pages: 0 / 0M, Empty: 0M, Relocated: 0M, In-Place: 0
[49.035s][info][gc,reloc    ] GC(195) Large Pages: 0 / 0M, Empty: 0M, Relocated: 0M, In-Place: 0
[49.035s][info][gc,reloc    ] GC(195) Forwarding Usage: 2M
[49.035s][info][gc,heap     ] GC(195) Min Capacity: 8M(0%)
[49.035s][info][gc,heap     ] GC(195) Max Capacity: 2048M(100%)
[49.035s][info][gc,heap     ] GC(195) Soft Max Capacity: 2048M(100%)
[49.035s][info][gc,heap     ] GC(195)                Mark Start          Mark End        Relocate Start      Relocate End           High               Low         
[49.035s][info][gc,heap     ] GC(195)  Capacity:     2048M (100%)       2048M (100%)       2048M (100%)       2048M (100%)       2048M (100%)       2048M (100%)   
[49.035s][info][gc,heap     ] GC(195)      Free:     1046M (51%)         812M (40%)        1352M (66%)        1630M (80%)        1654M (81%)         770M (38%)    
[49.035s][info][gc,heap     ] GC(195)      Used:     1002M (49%)        1236M (60%)         696M (34%)         418M (20%)        1278M (62%)         394M (19%)    
[49.035s][info][gc,heap     ] GC(195)      Live:         -                52M (3%)           52M (3%)           52M (3%)             -                  -          
[49.035s][info][gc,heap     ] GC(195) Allocated:         -               234M (11%)         322M (16%)         352M (17%)            -                  -          
[49.035s][info][gc,heap     ] GC(195)   Garbage:         -               949M (46%)         321M (16%)          13M (1%)             -                  -          
[49.035s][info][gc,heap     ] GC(195) Reclaimed:         -                  -               628M (31%)         936M (46%)            -                  -          
[49.035s][info][gc          ] GC(195) Garbage Collection (Allocation Rate) 1002M(49%)->418M(20%)
[49.154s][info][gc,start    ] GC(196) Garbage Collection (Allocation Rate)
[49.154s][info][gc,task     ] GC(196) Using 4 workers
[49.155s][info][gc,phases   ] GC(196) Pause Mark Start 0.013ms
[49.209s][info][gc,phases   ] GC(196) Concurrent Mark 54.246ms
[49.209s][info][gc,phases   ] GC(196) Pause Mark End 0.023ms
[49.211s][info][gc,phases   ] GC(196) Concurrent Mark Free 0.001ms
[49.216s][info][gc,phases   ] GC(196) Concurrent Process Non-Strong References 5.101ms
[49.216s][info][gc,phases   ] GC(196) Concurrent Reset Relocation Set 0.045ms
[49.221s][info][gc,phases   ] GC(196) Concurrent Select Relocation Set 5.160ms
[49.222s][info][gc,phases   ] GC(196) Pause Relocate Start 0.009ms
[49.226s][info][gc,phases   ] GC(196) Concurrent Relocate 4.578ms
[49.226s][info][gc,load     ] GC(196) Load: 0.00/0.00/0.00
[49.226s][info][gc,mmu      ] GC(196) MMU: 2ms/98.1%, 5ms/99.2%, 10ms/99.6%, 20ms/99.8%, 50ms/99.9%, 100ms/99.9%
[49.226s][info][gc,marking  ] GC(196) Mark: 4 stripe(s), 2 proactive flush(es), 1 terminate flush(es), 0 completion(s), 0 continuation(s) 
[49.226s][info][gc,marking  ] GC(196) Mark Stack Usage: 32M
[49.227s][info][gc,nmethod  ] GC(196) NMethods: 4516 registered, 368 unregistered
[49.227s][info][gc,metaspace] GC(196) Metaspace: 70M used, 71M committed, 1088M reserved
[49.227s][info][gc,ref      ] GC(196) Soft: 3829 encountered, 0 discovered, 0 enqueued
[49.227s][info][gc,ref      ] GC(196) Weak: 10829 encountered, 1031 discovered, 0 enqueued
[49.227s][info][gc,ref      ] GC(196) Final: 289 encountered, 56 discovered, 0 enqueued
[49.227s][info][gc,ref      ] GC(196) Phantom: 425 encountered, 325 discovered, 0 enqueued
[49.227s][info][gc,reloc    ] GC(196) Small Pages: 505 / 1010M, Empty: 644M, Relocated: 3M, In-Place: 0
[49.227s][info][gc,reloc    ] GC(196) Medium Pages: 0 / 0M, Empty: 0M, Relocated: 0M, In-Place: 0
[49.227s][info][gc,reloc    ] GC(196) Large Pages: 0 / 0M, Empty: 0M, Relocated: 0M, In-Place: 0
[49.227s][info][gc,reloc    ] GC(196) Forwarding Usage: 1M
[49.227s][info][gc,heap     ] GC(196) Min Capacity: 8M(0%)
[49.227s][info][gc,heap     ] GC(196) Max Capacity: 2048M(100%)
[49.227s][info][gc,heap     ] GC(196) Soft Max Capacity: 2048M(100%)
[49.227s][info][gc,heap     ] GC(196)                Mark Start          Mark End        Relocate Start      Relocate End           High               Low         
[49.227s][info][gc,heap     ] GC(196)  Capacity:     2048M (100%)       2048M (100%)       2048M (100%)       2048M (100%)       2048M (100%)       2048M (100%)   
[49.227s][info][gc,heap     ] GC(196)      Free:     1038M (51%)         782M (38%)        1368M (67%)        1650M (81%)        1654M (81%)         750M (37%)    
[49.227s][info][gc,heap     ] GC(196)      Used:     1010M (49%)        1266M (62%)         680M (33%)         398M (19%)        1298M (63%)         394M (19%)    
[49.227s][info][gc,heap     ] GC(196)      Live:         -                51M (3%)           51M (3%)           51M (3%)             -                  -          
[49.227s][info][gc,heap     ] GC(196) Allocated:         -               256M (13%)         314M (15%)         327M (16%)            -                  -          
[49.227s][info][gc,heap     ] GC(196)   Garbage:         -               958M (47%)         314M (15%)          18M (1%)             -                  -          
[49.227s][info][gc,heap     ] GC(196) Reclaimed:         -                  -               644M (31%)         939M (46%)            -                  -          
[49.227s][info][gc          ] GC(196) Garbage Collection (Allocation Rate) 1010M(49%)->398M(19%)
[49.354s][info][gc,start    ] GC(197) Garbage Collection (Allocation Rate)
[49.354s][info][gc,task     ] GC(197) Using 3 workers
[49.354s][info][gc,phases   ] GC(197) Pause Mark Start 0.011ms
[49.416s][info][gc,phases   ] GC(197) Concurrent Mark 61.282ms
[49.416s][info][gc,phases   ] GC(197) Pause Mark End 0.023ms
[49.418s][info][gc,phases   ] GC(197) Concurrent Mark Free 0.002ms
[49.424s][info][gc,phases   ] GC(197) Concurrent Process Non-Strong References 6.714ms
[49.424s][info][gc,phases   ] GC(197) Concurrent Reset Relocation Set 0.041ms
[49.432s][info][gc,phases   ] GC(197) Concurrent Select Relocation Set 7.373ms
[49.432s][info][gc,phases   ] GC(197) Pause Relocate Start 0.009ms
[49.441s][info][gc,phases   ] GC(197) Concurrent Relocate 8.591ms
[49.441s][info][gc,load     ] GC(197) Load: 0.00/0.00/0.00
[49.441s][info][gc,mmu      ] GC(197) MMU: 2ms/98.1%, 5ms/99.2%, 10ms/99.6%, 20ms/99.8%, 50ms/99.9%, 100ms/99.9%
[49.441s][info][gc,marking  ] GC(197) Mark: 2 stripe(s), 2 proactive flush(es), 1 terminate flush(es), 0 completion(s), 0 continuation(s) 
[49.441s][info][gc,marking  ] GC(197) Mark Stack Usage: 32M
[49.441s][info][gc,nmethod  ] GC(197) NMethods: 4516 registered, 368 unregistered
[49.441s][info][gc,metaspace] GC(197) Metaspace: 70M used, 71M committed, 1088M reserved
[49.441s][info][gc,ref      ] GC(197) Soft: 3829 encountered, 0 discovered, 0 enqueued
[49.441s][info][gc,ref      ] GC(197) Weak: 10829 encountered, 1123 discovered, 0 enqueued
[49.441s][info][gc,ref      ] GC(197) Final: 289 encountered, 18 discovered, 0 enqueued
[49.441s][info][gc,ref      ] GC(197) Phantom: 425 encountered, 258 discovered, 0 enqueued
[49.441s][info][gc,reloc    ] GC(197) Small Pages: 519 / 1038M, Empty: 596M, Relocated: 6M, In-Place: 0
[49.441s][info][gc,reloc    ] GC(197) Medium Pages: 0 / 0M, Empty: 0M, Relocated: 0M, In-Place: 0
[49.441s][info][gc,reloc    ] GC(197) Large Pages: 0 / 0M, Empty: 0M, Relocated: 0M, In-Place: 0
[49.441s][info][gc,reloc    ] GC(197) Forwarding Usage: 2M
[49.441s][info][gc,heap     ] GC(197) Min Capacity: 8M(0%)
[49.441s][info][gc,heap     ] GC(197) Max Capacity: 2048M(100%)
[49.441s][info][gc,heap     ] GC(197) Soft Max Capacity: 2048M(100%)
[49.442s][info][gc,heap     ] GC(197)                Mark Start          Mark End        Relocate Start      Relocate End           High               Low         
[49.442s][info][gc,heap     ] GC(197)  Capacity:     2048M (100%)       2048M (100%)       2048M (100%)       2048M (100%)       2048M (100%)       2048M (100%)   
[49.442s][info][gc,heap     ] GC(197)      Free:     1010M (49%)         714M (35%)        1236M (60%)        1586M (77%)        1604M (78%)         674M (33%)    
[49.442s][info][gc,heap     ] GC(197)      Used:     1038M (51%)        1334M (65%)         812M (40%)         462M (23%)        1374M (67%)         444M (22%)    
[49.442s][info][gc,heap     ] GC(197)      Live:         -                51M (3%)           51M (3%)           51M (3%)             -                  -          
[49.442s][info][gc,heap     ] GC(197) Allocated:         -               296M (14%)         370M (18%)         396M (19%)            -                  -          
[49.442s][info][gc,heap     ] GC(197)   Garbage:         -               986M (48%)         390M (19%)          14M (1%)             -                  -          
[49.442s][info][gc,heap     ] GC(197) Reclaimed:         -                  -               596M (29%)         972M (47%)            -                  -          
[49.442s][info][gc          ] GC(197) Garbage Collection (Allocation Rate) 1038M(51%)->462M(23%)
[49.555s][info][gc,start    ] GC(198) Garbage Collection (Allocation Rate)
[49.555s][info][gc,task     ] GC(198) Using 3 workers
[49.555s][info][gc,phases   ] GC(198) Pause Mark Start 0.011ms
[49.626s][info][gc,phases   ] GC(198) Concurrent Mark 70.004ms
[49.626s][info][gc,phases   ] GC(198) Pause Mark End 0.024ms
[49.626s][info][gc,phases   ] GC(198) Concurrent Mark Free 0.002ms
[49.632s][info][gc,phases   ] GC(198) Concurrent Process Non-Strong References 6.223ms
[49.633s][info][gc,phases   ] GC(198) Concurrent Reset Relocation Set 0.053ms
[49.642s][info][gc,phases   ] GC(198) Concurrent Select Relocation Set 8.944ms
[49.642s][info][gc,phases   ] GC(198) Pause Relocate Start 0.008ms
[49.652s][info][gc,phases   ] GC(198) Concurrent Relocate 9.987ms
[49.652s][info][gc,load     ] GC(198) Load: 0.00/0.00/0.00
[49.652s][info][gc,mmu      ] GC(198) MMU: 2ms/98.1%, 5ms/99.2%, 10ms/99.6%, 20ms/99.8%, 50ms/99.9%, 100ms/99.9%
[49.652s][info][gc,marking  ] GC(198) Mark: 2 stripe(s), 2 proactive flush(es), 1 terminate flush(es), 0 completion(s), 0 continuation(s) 
[49.652s][info][gc,marking  ] GC(198) Mark Stack Usage: 32M
[49.652s][info][gc,nmethod  ] GC(198) NMethods: 4516 registered, 368 unregistered
[49.652s][info][gc,metaspace] GC(198) Metaspace: 70M used, 71M committed, 1088M reserved
[49.652s][info][gc,ref      ] GC(198) Soft: 3829 encountered, 0 discovered, 0 enqueued
[49.652s][info][gc,ref      ] GC(198) Weak: 10829 encountered, 971 discovered, 0 enqueued
[49.652s][info][gc,ref      ] GC(198) Final: 289 encountered, 25 discovered, 0 enqueued
[49.652s][info][gc,ref      ] GC(198) Phantom: 425 encountered, 292 discovered, 0 enqueued
[49.652s][info][gc,reloc    ] GC(198) Small Pages: 515 / 1030M, Empty: 676M, Relocated: 6M, In-Place: 0
[49.652s][info][gc,reloc    ] GC(198) Medium Pages: 0 / 0M, Empty: 0M, Relocated: 0M, In-Place: 0
[49.652s][info][gc,reloc    ] GC(198) Large Pages: 0 / 0M, Empty: 0M, Relocated: 0M, In-Place: 0
[49.652s][info][gc,reloc    ] GC(198) Forwarding Usage: 2M
[49.652s][info][gc,heap     ] GC(198) Min Capacity: 8M(0%)
[49.652s][info][gc,heap     ] GC(198) Max Capacity: 2048M(100%)
[49.652s][info][gc,heap     ] GC(198) Soft Max Capacity: 2048M(100%)
[49.652s][info][gc,heap     ] GC(198)                Mark Start          Mark End        Relocate Start      Relocate End           High               Low         
[49.652s][info][gc,heap     ] GC(198)  Capacity:     2048M (100%)       2048M (100%)       2048M (100%)       2048M (100%)       2048M (100%)       2048M (100%)   
[49.653s][info][gc,heap     ] GC(198)      Free:     1018M (50%)         680M (33%)        1282M (63%)        1540M (75%)        1562M (76%)         650M (32%)    
[49.653s][info][gc,heap     ] GC(198)      Used:     1030M (50%)        1368M (67%)         766M (37%)         508M (25%)        1398M (68%)         486M (24%)    
[49.653s][info][gc,heap     ] GC(198)      Live:         -                51M (3%)           51M (3%)           51M (3%)             -                  -          
[49.653s][info][gc,heap     ] GC(198) Allocated:         -               338M (17%)         412M (20%)         442M (22%)            -                  -          
[49.653s][info][gc,heap     ] GC(198)   Garbage:         -               978M (48%)         302M (15%)          13M (1%)             -                  -          
[49.653s][info][gc,heap     ] GC(198) Reclaimed:         -                  -               676M (33%)         964M (47%)            -                  -          
[49.653s][info][gc          ] GC(198) Garbage Collection (Allocation Rate) 1030M(50%)->508M(25%)
[49.754s][info][gc,start    ] GC(199) Garbage Collection (Allocation Rate)
[49.754s][info][gc,task     ] GC(199) Using 3 workers
[49.755s][info][gc,phases   ] GC(199) Pause Mark Start 0.011ms
[49.823s][info][gc,phases   ] GC(199) Concurrent Mark 68.296ms
[49.823s][info][gc,phases   ] GC(199) Pause Mark End 0.022ms
[49.824s][info][gc,phases   ] GC(199) Concurrent Mark Free 0.001ms
[49.831s][info][gc,phases   ] GC(199) Concurrent Process Non-Strong References 6.816ms
[49.831s][info][gc,phases   ] GC(199) Concurrent Reset Relocation Set 0.042ms
[49.836s][info][gc,phases   ] GC(199) Concurrent Select Relocation Set 5.447ms
[49.836s][info][gc,phases   ] GC(199) Pause Relocate Start 0.008ms
[49.848s][info][gc,phases   ] GC(199) Concurrent Relocate 10.500ms
[49.848s][info][gc,load     ] GC(199) Load: 0.00/0.00/0.00
[49.848s][info][gc,mmu      ] GC(199) MMU: 2ms/98.1%, 5ms/99.2%, 10ms/99.6%, 20ms/99.8%, 50ms/99.9%, 100ms/99.9%
[49.848s][info][gc,marking  ] GC(199) Mark: 2 stripe(s), 2 proactive flush(es), 1 terminate flush(es), 0 completion(s), 0 continuation(s) 
[49.848s][info][gc,marking  ] GC(199) Mark Stack Usage: 32M
[49.848s][info][gc,nmethod  ] GC(199) NMethods: 4516 registered, 368 unregistered
[49.848s][info][gc,metaspace] GC(199) Metaspace: 70M used, 71M committed, 1088M reserved
[49.848s][info][gc,ref      ] GC(199) Soft: 3829 encountered, 0 discovered, 0 enqueued
[49.848s][info][gc,ref      ] GC(199) Weak: 10829 encountered, 869 discovered, 0 enqueued
[49.848s][info][gc,ref      ] GC(199) Final: 289 encountered, 49 discovered, 0 enqueued
[49.848s][info][gc,ref      ] GC(199) Phantom: 425 encountered, 287 discovered, 0 enqueued
[49.848s][info][gc,reloc    ] GC(199) Small Pages: 508 / 1016M, Empty: 642M, Relocated: 6M, In-Place: 0
[49.848s][info][gc,reloc    ] GC(199) Medium Pages: 0 / 0M, Empty: 0M, Relocated: 0M, In-Place: 0
[49.848s][info][gc,reloc    ] GC(199) Large Pages: 0 / 0M, Empty: 0M, Relocated: 0M, In-Place: 0
[49.848s][info][gc,reloc    ] GC(199) Forwarding Usage: 2M
[49.848s][info][gc,heap     ] GC(199) Min Capacity: 8M(0%)
[49.848s][info][gc,heap     ] GC(199) Max Capacity: 2048M(100%)
[49.848s][info][gc,heap     ] GC(199) Soft Max Capacity: 2048M(100%)
[49.848s][info][gc,heap     ] GC(199)                Mark Start          Mark End        Relocate Start      Relocate End           High               Low         
[49.848s][info][gc,heap     ] GC(199)  Capacity:     2048M (100%)       2048M (100%)       2048M (100%)       2048M (100%)       2048M (100%)       2048M (100%)   
[49.848s][info][gc,heap     ] GC(199)      Free:     1032M (50%)         708M (35%)        1296M (63%)        1570M (77%)        1592M (78%)         676M (33%)    
[49.848s][info][gc,heap     ] GC(199)      Used:     1016M (50%)        1340M (65%)         752M (37%)         478M (23%)        1372M (67%)         456M (22%)    
[49.848s][info][gc,heap     ] GC(199)      Live:         -                51M (3%)           51M (3%)           51M (3%)             -                  -          
[49.848s][info][gc,heap     ] GC(199) Allocated:         -               324M (16%)         378M (18%)         413M (20%)            -                  -          
[49.848s][info][gc,heap     ] GC(199)   Garbage:         -               964M (47%)         322M (16%)          12M (1%)             -                  -          
[49.848s][info][gc,heap     ] GC(199) Reclaimed:         -                  -               642M (31%)         951M (46%)            -                  -          
[49.848s][info][gc          ] GC(199) Garbage Collection (Allocation Rate) 1016M(50%)->478M(23%)
[49.954s][info][gc,start    ] GC(200) Garbage Collection (Allocation Rate)
[49.954s][info][gc,task     ] GC(200) Using 3 workers
[49.954s][info][gc,phases   ] GC(200) Pause Mark Start 0.013ms
[50.015s][info][gc,phases   ] GC(200) Concurrent Mark 59.999ms
[50.015s][info][gc,phases   ] GC(200) Pause Mark End 0.023ms
[50.016s][info][gc,phases   ] GC(200) Concurrent Mark Free 0.001ms
[50.023s][info][gc,phases   ] GC(200) Concurrent Process Non-Strong References 6.740ms
[50.023s][info][gc,phases   ] GC(200) Concurrent Reset Relocation Set 0.045ms
[50.032s][info][gc,phases   ] GC(200) Concurrent Select Relocation Set 8.739ms
[50.032s][info][gc,phases   ] GC(200) Pause Relocate Start 0.008ms
[50.045s][info][gc,phases   ] GC(200) Concurrent Relocate 12.384ms
[50.045s][info][gc,load     ] GC(200) Load: 0.00/0.00/0.00
[50.045s][info][gc,mmu      ] GC(200) MMU: 2ms/98.1%, 5ms/99.2%, 10ms/99.6%, 20ms/99.8%, 50ms/99.9%, 100ms/99.9%
[50.045s][info][gc,marking  ] GC(200) Mark: 2 stripe(s), 2 proactive flush(es), 1 terminate flush(es), 0 completion(s), 0 continuation(s) 
[50.045s][info][gc,marking  ] GC(200) Mark Stack Usage: 32M
[50.045s][info][gc,nmethod  ] GC(200) NMethods: 4516 registered, 368 unregistered
[50.045s][info][gc,metaspace] GC(200) Metaspace: 70M used, 71M committed, 1088M reserved
[50.045s][info][gc,ref      ] GC(200) Soft: 3829 encountered, 0 discovered, 0 enqueued
[50.045s][info][gc,ref      ] GC(200) Weak: 10829 encountered, 902 discovered, 0 enqueued
[50.045s][info][gc,ref      ] GC(200) Final: 289 encountered, 27 discovered, 0 enqueued
[50.045s][info][gc,ref      ] GC(200) Phantom: 425 encountered, 303 discovered, 0 enqueued
[50.045s][info][gc,reloc    ] GC(200) Small Pages: 501 / 1002M, Empty: 662M, Relocated: 6M, In-Place: 0
[50.045s][info][gc,reloc    ] GC(200) Medium Pages: 0 / 0M, Empty: 0M, Relocated: 0M, In-Place: 0
[50.045s][info][gc,reloc    ] GC(200) Large Pages: 0 / 0M, Empty: 0M, Relocated: 0M, In-Place: 0
[50.045s][info][gc,reloc    ] GC(200) Forwarding Usage: 2M
[50.045s][info][gc,heap     ] GC(200) Min Capacity: 8M(0%)
[50.045s][info][gc,heap     ] GC(200) Max Capacity: 2048M(100%)
[50.045s][info][gc,heap     ] GC(200) Soft Max Capacity: 2048M(100%)
[50.045s][info][gc,heap     ] GC(200)                Mark Start          Mark End        Relocate Start      Relocate End           High               Low         
[50.045s][info][gc,heap     ] GC(200)  Capacity:     2048M (100%)       2048M (100%)       2048M (100%)       2048M (100%)       2048M (100%)       2048M (100%)   
[50.045s][info][gc,heap     ] GC(200)      Free:     1046M (51%)         754M (37%)        1340M (65%)        1570M (77%)        1600M (78%)         720M (35%)    
[50.045s][info][gc,heap     ] GC(200)      Used:     1002M (49%)        1294M (63%)         708M (35%)         478M (23%)        1328M (65%)         448M (22%)    
[50.045s][info][gc,heap     ] GC(200)      Live:         -                51M (3%)           51M (3%)           51M (3%)             -                  -          
[50.046s][info][gc,heap     ] GC(200) Allocated:         -               292M (14%)         368M (18%)         413M (20%)            -                  -          
[50.046s][info][gc,heap     ] GC(200)   Garbage:         -               950M (46%)         288M (14%)          12M (1%)             -                  -          
[50.046s][info][gc,heap     ] GC(200) Reclaimed:         -                  -               662M (32%)         937M (46%)            -                  -          
[50.046s][info][gc          ] GC(200) Garbage Collection (Allocation Rate) 1002M(49%)->478M(23%)
[50.154s][info][gc,stats    ] === Garbage Collection Statistics =======================================================================================================================
[50.154s][info][gc,stats    ]                                                              Last 10s              Last 10m              Last 10h                Total
[50.154s][info][gc,stats    ]                                                              Avg / Max             Avg / Max             Avg / Max             Avg / Max
[50.154s][info][gc,stats    ]   Collector: Garbage Collection Cycle                     78.866 / 149.053      79.134 / 318.332      79.134 / 318.332      79.134 / 318.332     ms
[50.154s][info][gc,stats    ]  Contention: Mark Segment Reset Contention                    11 / 23               12 / 78               12 / 78               12 / 78          ops/s
[50.154s][info][gc,stats    ]  Contention: Mark SeqNum Reset Contention                      1 / 4                 1 / 11                1 / 11                1 / 11          ops/s
[50.154s][info][gc,stats    ]    Critical: Allocation Stall                                  0 / 0                 0 / 0                 0 / 0                 0 / 0           ops/s
[50.154s][info][gc,stats    ]    Critical: Allocation Stall                              0.000 / 0.000         0.000 / 0.000         0.000 / 0.000         0.000 / 0.000       ms
[50.154s][info][gc,stats    ]    Critical: GC Locker Stall                                   0 / 0                 0 / 0                 0 / 0                 0 / 0           ops/s
[50.154s][info][gc,stats    ]    Critical: GC Locker Stall                               0.000 / 0.000         0.000 / 0.000         0.000 / 0.000         0.000 / 0.000       ms
[50.154s][info][gc,stats    ]    Critical: Relocation Stall                                  0 / 0                 0 / 0                 0 / 0                 0 / 0           ops/s
[50.154s][info][gc,stats    ]    Critical: Relocation Stall                              0.000 / 0.000         0.000 / 0.000         0.000 / 0.000         0.000 / 0.000       ms
[50.154s][info][gc,stats    ]      Memory: Allocation Rate                                5057 / 5948           3732 / 5994           3732 / 5994           3732 / 5994        MB/s
[50.154s][info][gc,stats    ]      Memory: Defragment                                        0 / 0                 0 / 0                 0 / 0                 0 / 0           ops/s
[50.154s][info][gc,stats    ]      Memory: Out Of Memory                                     0 / 0                 0 / 0                 0 / 0                 0 / 0           ops/s
[50.154s][info][gc,stats    ]      Memory: Page Cache Flush                                  0 / 0                 0 / 0                 0 / 0                 0 / 0           MB/s
[50.154s][info][gc,stats    ]      Memory: Page Cache Hit L1                              2550 / 3020           1869 / 3043           1869 / 3043           1869 / 3043        ops/s
[50.154s][info][gc,stats    ]      Memory: Page Cache Hit L2                                 0 / 0                 0 / 0                 0 / 0                 0 / 0           ops/s
[50.154s][info][gc,stats    ]      Memory: Page Cache Hit L3                                 0 / 0                17 / 257              17 / 257              17 / 257         ops/s
[50.154s][info][gc,stats    ]      Memory: Page Cache Miss                                   0 / 0                 0 / 1                 0 / 1                 0 / 1           ops/s
[50.154s][info][gc,stats    ]      Memory: Uncommit                                          0 / 0                 0 / 0                 0 / 0                 0 / 0           MB/s
[50.154s][info][gc,stats    ]      Memory: Undo Object Allocation Failed                   640 / 1358            428 / 1579            428 / 1579            428 / 1579        ops/s
[50.154s][info][gc,stats    ]      Memory: Undo Object Allocation Succeeded                 38 / 131              35 / 154              35 / 154              35 / 154         ops/s
[50.154s][info][gc,stats    ]      Memory: Undo Page Allocation                            468 / 632             322 / 653             322 / 653             322 / 653         ops/s
[50.154s][info][gc,stats    ]       Phase: Concurrent Mark                              53.207 / 89.161       51.197 / 127.968      51.197 / 127.968      51.197 / 127.968     ms
[50.154s][info][gc,stats    ]       Phase: Concurrent Mark Continue                      0.000 / 0.000         0.000 / 0.000         0.000 / 0.000         0.000 / 0.000       ms
[50.154s][info][gc,stats    ]       Phase: Concurrent Mark Free                          0.001 / 0.003         0.001 / 0.005         0.001 / 0.005         0.001 / 0.005       ms
[50.154s][info][gc,stats    ]       Phase: Concurrent Process Non-Strong References      7.197 / 35.325        8.858 / 55.543        8.858 / 55.543        8.858 / 55.543      ms
[50.154s][info][gc,stats    ]       Phase: Concurrent Relocate                           7.755 / 13.493        6.963 / 14.214        6.963 / 14.214        6.963 / 14.214      ms
[50.154s][info][gc,stats    ]       Phase: Concurrent Reset Relocation Set               0.037 / 0.073         0.037 / 0.073         0.037 / 0.073         0.037 / 0.073       ms
[50.154s][info][gc,stats    ]       Phase: Concurrent Select Relocation Set              6.555 / 10.557        6.615 / 19.328        6.615 / 19.328        6.615 / 19.328      ms
[50.154s][info][gc,stats    ]       Phase: Pause Mark End                                0.023 / 0.033         0.024 / 0.039         0.024 / 0.039         0.024 / 0.039       ms
[50.154s][info][gc,stats    ]       Phase: Pause Mark Start                              0.011 / 0.014         0.011 / 0.021         0.011 / 0.021         0.011 / 0.021       ms
[50.154s][info][gc,stats    ]       Phase: Pause Relocate Start                          0.008 / 0.010         0.008 / 0.014         0.008 / 0.014         0.008 / 0.014       ms
[50.154s][info][gc,stats    ]    Subphase: Concurrent Classes Purge                      0.656 / 23.488        0.313 / 23.488        0.313 / 23.488        0.313 / 23.488      ms
[50.154s][info][gc,stats    ]    Subphase: Concurrent Classes Unlink                     4.936 / 10.434        6.713 / 53.357        6.713 / 53.357        6.713 / 53.357      ms
[50.155s][info][gc,stats    ]    Subphase: Concurrent Mark                              41.550 / 85.153       35.876 / 119.393      35.876 / 119.393      35.876 / 119.393     ms
[50.155s][info][gc,stats    ]    Subphase: Concurrent Mark Try Flush                     0.784 / 4.640         1.029 / 26.382        1.029 / 26.382        1.029 / 26.382      ms
[50.155s][info][gc,stats    ]    Subphase: Concurrent Mark Try Terminate                 1.340 / 2.840         1.557 / 15.075        1.557 / 15.075        1.557 / 15.075      ms
[50.155s][info][gc,stats    ]    Subphase: Concurrent References Enqueue                 0.001 / 0.007         0.002 / 0.014         0.002 / 0.014         0.002 / 0.014       ms
[50.155s][info][gc,stats    ]    Subphase: Concurrent References Process                 0.220 / 0.707         0.225 / 1.049         0.225 / 1.049         0.225 / 1.049       ms
[50.155s][info][gc,stats    ]    Subphase: Concurrent Roots ClassLoaderDataGraph         0.107 / 0.542         0.094 / 0.889         0.094 / 0.889         0.094 / 0.889       ms
[50.155s][info][gc,stats    ]    Subphase: Concurrent Roots CodeCache                    0.000 / 0.000         0.000 / 0.000         0.000 / 0.000         0.000 / 0.000       ms
[50.155s][info][gc,stats    ]    Subphase: Concurrent Roots JavaThreads                  4.045 / 18.809        5.134 / 39.863        5.134 / 39.863        5.134 / 39.863      ms
[50.155s][info][gc,stats    ]    Subphase: Concurrent Roots OopStorageSet                0.051 / 0.121         0.047 / 0.928         0.047 / 0.928         0.047 / 0.928       ms
[50.155s][info][gc,stats    ]    Subphase: Concurrent Weak Roots OopStorageSet           0.726 / 1.610         0.597 / 3.828         0.597 / 3.828         0.597 / 3.828       ms
[50.155s][info][gc,stats    ]    Subphase: Pause Mark Try Complete                       0.000 / 0.000         0.002 / 0.003         0.002 / 0.003         0.002 / 0.003       ms
[50.155s][info][gc,stats    ]      System: Java Threads                                    199 / 210             185 / 211             185 / 211             185 / 211         threads
[50.155s][info][gc,stats    ] =========================================================================================================================================================
[50.155s][info][gc,start    ] GC(201) Garbage Collection (Allocation Rate)
[50.155s][info][gc,task     ] GC(201) Using 3 workers
[50.155s][info][gc,phases   ] GC(201) Pause Mark Start 0.012ms
[50.221s][info][gc,phases   ] GC(201) Concurrent Mark 65.172ms
[50.221s][info][gc,phases   ] GC(201) Pause Mark End 0.025ms
[50.222s][info][gc,phases   ] GC(201) Concurrent Mark Free 0.001ms
[50.228s][info][gc,phases   ] GC(201) Concurrent Process Non-Strong References 6.468ms
[50.228s][info][gc,phases   ] GC(201) Concurrent Reset Relocation Set 0.042ms
[50.237s][info][gc,phases   ] GC(201) Concurrent Select Relocation Set 8.845ms
[50.237s][info][gc,phases   ] GC(201) Pause Relocate Start 0.009ms
[50.250s][info][gc,phases   ] GC(201) Concurrent Relocate 10.262ms
[50.250s][info][gc,load     ] GC(201) Load: 0.00/0.00/0.00
[50.250s][info][gc,mmu      ] GC(201) MMU: 2ms/98.1%, 5ms/99.2%, 10ms/99.6%, 20ms/99.8%, 50ms/99.9%, 100ms/99.9%
[50.250s][info][gc,marking  ] GC(201) Mark: 2 stripe(s), 2 proactive flush(es), 1 terminate flush(es), 0 completion(s), 0 continuation(s) 
[50.250s][info][gc,marking  ] GC(201) Mark Stack Usage: 32M
[50.250s][info][gc,nmethod  ] GC(201) NMethods: 4546 registered, 368 unregistered
[50.250s][info][gc,metaspace] GC(201) Metaspace: 70M used, 71M committed, 1088M reserved
[50.250s][info][gc,ref      ] GC(201) Soft: 3829 encountered, 0 discovered, 0 enqueued
[50.250s][info][gc,ref      ] GC(201) Weak: 10829 encountered, 938 discovered, 0 enqueued
[50.250s][info][gc,ref      ] GC(201) Final: 289 encountered, 32 discovered, 0 enqueued
[50.250s][info][gc,ref      ] GC(201) Phantom: 425 encountered, 268 discovered, 0 enqueued
[50.250s][info][gc,reloc    ] GC(201) Small Pages: 511 / 1022M, Empty: 670M, Relocated: 6M, In-Place: 0
[50.250s][info][gc,reloc    ] GC(201) Medium Pages: 0 / 0M, Empty: 0M, Relocated: 0M, In-Place: 0
[50.250s][info][gc,reloc    ] GC(201) Large Pages: 0 / 0M, Empty: 0M, Relocated: 0M, In-Place: 0
[50.250s][info][gc,reloc    ] GC(201) Forwarding Usage: 2M
[50.250s][info][gc,heap     ] GC(201) Min Capacity: 8M(0%)
[50.250s][info][gc,heap     ] GC(201) Max Capacity: 2048M(100%)
[50.250s][info][gc,heap     ] GC(201) Soft Max Capacity: 2048M(100%)
[50.250s][info][gc,heap     ] GC(201)                Mark Start          Mark End        Relocate Start      Relocate End           High               Low         
[50.250s][info][gc,heap     ] GC(201)  Capacity:     2048M (100%)       2048M (100%)       2048M (100%)       2048M (100%)       2048M (100%)       2048M (100%)   
[50.250s][info][gc,heap     ] GC(201)      Free:     1026M (50%)         710M (35%)        1306M (64%)        1556M (76%)        1578M (77%)         674M (33%)    
[50.251s][info][gc,heap     ] GC(201)      Used:     1022M (50%)        1338M (65%)         742M (36%)         492M (24%)        1374M (67%)         470M (23%)    
[50.251s][info][gc,heap     ] GC(201)      Live:         -                51M (3%)           51M (3%)           51M (3%)             -                  -          
[50.251s][info][gc,heap     ] GC(201) Allocated:         -               316M (15%)         390M (19%)         427M (21%)            -                  -          
[50.251s][info][gc,heap     ] GC(201)   Garbage:         -               970M (47%)         300M (15%)          12M (1%)             -                  -          
[50.251s][info][gc,heap     ] GC(201) Reclaimed:         -                  -               670M (33%)         957M (47%)            -                  -          
[50.251s][info][gc          ] GC(201) Garbage Collection (Allocation Rate) 1022M(50%)->492M(24%)
[50.354s][info][gc,start    ] GC(202) Garbage Collection (Allocation Rate)
[50.355s][info][gc,task     ] GC(202) Using 3 workers
[50.355s][info][gc,phases   ] GC(202) Pause Mark Start 0.012ms
[50.415s][info][gc,phases   ] GC(202) Concurrent Mark 60.163ms
[50.415s][info][gc,phases   ] GC(202) Pause Mark End 0.024ms
[50.416s][info][gc,phases   ] GC(202) Concurrent Mark Free 0.002ms
[50.423s][info][gc,phases   ] GC(202) Concurrent Process Non-Strong References 6.851ms
[50.423s][info][gc,phases   ] GC(202) Concurrent Reset Relocation Set 0.043ms
[50.429s][info][gc,phases   ] GC(202) Concurrent Select Relocation Set 5.425ms
[50.429s][info][gc,phases   ] GC(202) Pause Relocate Start 0.008ms
[50.438s][info][gc,phases   ] GC(202) Concurrent Relocate 8.513ms
[50.438s][info][gc,load     ] GC(202) Load: 0.00/0.00/0.00
[50.438s][info][gc,mmu      ] GC(202) MMU: 2ms/98.1%, 5ms/99.2%, 10ms/99.6%, 20ms/99.8%, 50ms/99.9%, 100ms/99.9%
[50.438s][info][gc,marking  ] GC(202) Mark: 2 stripe(s), 3 proactive flush(es), 1 terminate flush(es), 0 completion(s), 0 continuation(s) 
[50.438s][info][gc,marking  ] GC(202) Mark Stack Usage: 32M
[50.438s][info][gc,nmethod  ] GC(202) NMethods: 4560 registered, 377 unregistered
[50.438s][info][gc,metaspace] GC(202) Metaspace: 70M used, 71M committed, 1088M reserved
[50.438s][info][gc,ref      ] GC(202) Soft: 3829 encountered, 0 discovered, 0 enqueued
[50.438s][info][gc,ref      ] GC(202) Weak: 10820 encountered, 1126 discovered, 8 enqueued
[50.438s][info][gc,ref      ] GC(202) Final: 289 encountered, 11 discovered, 0 enqueued
[50.438s][info][gc,ref      ] GC(202) Phantom: 425 encountered, 312 discovered, 0 enqueued
[50.438s][info][gc,reloc    ] GC(202) Small Pages: 506 / 1012M, Empty: 544M, Relocated: 6M, In-Place: 0
[50.438s][info][gc,reloc    ] GC(202) Medium Pages: 0 / 0M, Empty: 0M, Relocated: 0M, In-Place: 0
[50.438s][info][gc,reloc    ] GC(202) Large Pages: 0 / 0M, Empty: 0M, Relocated: 0M, In-Place: 0
[50.438s][info][gc,reloc    ] GC(202) Forwarding Usage: 2M
[50.438s][info][gc,heap     ] GC(202) Min Capacity: 8M(0%)
[50.438s][info][gc,heap     ] GC(202) Max Capacity: 2048M(100%)
[50.438s][info][gc,heap     ] GC(202) Soft Max Capacity: 2048M(100%)
[50.438s][info][gc,heap     ] GC(202)                Mark Start          Mark End        Relocate Start      Relocate End           High               Low         
[50.438s][info][gc,heap     ] GC(202)  Capacity:     2048M (100%)       2048M (100%)       2048M (100%)       2048M (100%)       2048M (100%)       2048M (100%)   
[50.438s][info][gc,heap     ] GC(202)      Free:     1036M (51%)         750M (37%)        1236M (60%)        1612M (79%)        1630M (80%)         718M (35%)    
[50.438s][info][gc,heap     ] GC(202)      Used:     1012M (49%)        1298M (63%)         812M (40%)         436M (21%)        1330M (65%)         418M (20%)    
[50.438s][info][gc,heap     ] GC(202)      Live:         -                51M (3%)           51M (3%)           51M (3%)             -                  -          
[50.438s][info][gc,heap     ] GC(202) Allocated:         -               286M (14%)         344M (17%)         368M (18%)            -                  -          
[50.438s][info][gc,heap     ] GC(202)   Garbage:         -               960M (47%)         416M (20%)          16M (1%)             -                  -          
[50.438s][info][gc,heap     ] GC(202) Reclaimed:         -                  -               544M (27%)         944M (46%)            -                  -          
[50.438s][info][gc          ] GC(202) Garbage Collection (Allocation Rate) 1012M(49%)->436M(21%)
[50.554s][info][gc,start    ] GC(203) Garbage Collection (Allocation Rate)
[50.554s][info][gc,task     ] GC(203) Using 3 workers
[50.554s][info][gc,phases   ] GC(203) Pause Mark Start 0.010ms
[50.616s][info][gc,phases   ] GC(203) Concurrent Mark 61.318ms
[50.616s][info][gc,phases   ] GC(203) Pause Mark End 0.023ms
[50.616s][info][gc,phases   ] GC(203) Concurrent Mark Free 0.002ms
[50.624s][info][gc,phases   ] GC(203) Concurrent Process Non-Strong References 7.079ms
[50.624s][info][gc,phases   ] GC(203) Concurrent Reset Relocation Set 0.059ms
[50.629s][info][gc,phases   ] GC(203) Concurrent Select Relocation Set 5.027ms
[50.629s][info][gc,phases   ] GC(203) Pause Relocate Start 0.008ms
[50.639s][info][gc,phases   ] GC(203) Concurrent Relocate 9.693ms
[50.639s][info][gc,load     ] GC(203) Load: 0.00/0.00/0.00
[50.639s][info][gc,mmu      ] GC(203) MMU: 2ms/98.1%, 5ms/99.2%, 10ms/99.6%, 20ms/99.8%, 50ms/99.9%, 100ms/99.9%
[50.639s][info][gc,marking  ] GC(203) Mark: 2 stripe(s), 2 proactive flush(es), 1 terminate flush(es), 0 completion(s), 0 continuation(s) 
[50.639s][info][gc,marking  ] GC(203) Mark Stack Usage: 32M
[50.639s][info][gc,nmethod  ] GC(203) NMethods: 4563 registered, 378 unregistered
[50.639s][info][gc,metaspace] GC(203) Metaspace: 70M used, 71M committed, 1088M reserved
[50.639s][info][gc,ref      ] GC(203) Soft: 3829 encountered, 0 discovered, 0 enqueued
[50.639s][info][gc,ref      ] GC(203) Weak: 10763 encountered, 1181 discovered, 13 enqueued
[50.639s][info][gc,ref      ] GC(203) Final: 289 encountered, 31 discovered, 0 enqueued
[50.639s][info][gc,ref      ] GC(203) Phantom: 425 encountered, 285 discovered, 0 enqueued
[50.639s][info][gc,reloc    ] GC(203) Small Pages: 506 / 1012M, Empty: 658M, Relocated: 6M, In-Place: 0
[50.639s][info][gc,reloc    ] GC(203) Medium Pages: 0 / 0M, Empty: 0M, Relocated: 0M, In-Place: 0
[50.639s][info][gc,reloc    ] GC(203) Large Pages: 0 / 0M, Empty: 0M, Relocated: 0M, In-Place: 0
[50.639s][info][gc,reloc    ] GC(203) Forwarding Usage: 2M
[50.639s][info][gc,heap     ] GC(203) Min Capacity: 8M(0%)
[50.639s][info][gc,heap     ] GC(203) Max Capacity: 2048M(100%)
[50.639s][info][gc,heap     ] GC(203) Soft Max Capacity: 2048M(100%)
[50.639s][info][gc,heap     ] GC(203)                Mark Start          Mark End        Relocate Start      Relocate End           High               Low         
[50.639s][info][gc,heap     ] GC(203)  Capacity:     2048M (100%)       2048M (100%)       2048M (100%)       2048M (100%)       2048M (100%)       2048M (100%)   
[50.639s][info][gc,heap     ] GC(203)      Free:     1036M (51%)         742M (36%)        1342M (66%)        1604M (78%)        1622M (79%)         708M (35%)    
[50.639s][info][gc,heap     ] GC(203)      Used:     1012M (49%)        1306M (64%)         706M (34%)         444M (22%)        1340M (65%)         426M (21%)    
[50.639s][info][gc,heap     ] GC(203)      Live:         -                51M (3%)           51M (3%)           51M (3%)             -                  -          
[50.639s][info][gc,heap     ] GC(203) Allocated:         -               294M (14%)         352M (17%)         380M (19%)            -                  -          
[50.639s][info][gc,heap     ] GC(203)   Garbage:         -               960M (47%)         302M (15%)          12M (1%)             -                  -          
[50.639s][info][gc,heap     ] GC(203) Reclaimed:         -                  -               658M (32%)         948M (46%)            -                  -          
[50.640s][info][gc          ] GC(203) Garbage Collection (Allocation Rate) 1012M(49%)->444M(22%)
[50.755s][info][gc,start    ] GC(204) Garbage Collection (Allocation Rate)
[50.755s][info][gc,task     ] GC(204) Using 3 workers
[50.755s][info][gc,phases   ] GC(204) Pause Mark Start 0.012ms
[50.810s][info][gc,phases   ] GC(204) Concurrent Mark 54.471ms
[50.810s][info][gc,phases   ] GC(204) Pause Mark End 0.023ms
[50.810s][info][gc,phases   ] GC(204) Concurrent Mark Free 0.002ms
[50.817s][info][gc,phases   ] GC(204) Concurrent Process Non-Strong References 6.681ms
[50.817s][info][gc,phases   ] GC(204) Concurrent Reset Relocation Set 0.042ms
[50.822s][info][gc,phases   ] GC(204) Concurrent Select Relocation Set 5.232ms
[50.822s][info][gc,phases   ] GC(204) Pause Relocate Start 0.008ms
[50.831s][info][gc,phases   ] GC(204) Concurrent Relocate 7.914ms
[50.831s][info][gc,load     ] GC(204) Load: 0.00/0.00/0.00
[50.831s][info][gc,mmu      ] GC(204) MMU: 2ms/98.1%, 5ms/99.2%, 10ms/99.6%, 20ms/99.8%, 50ms/99.9%, 100ms/99.9%
[50.831s][info][gc,marking  ] GC(204) Mark: 2 stripe(s), 2 proactive flush(es), 1 terminate flush(es), 0 completion(s), 0 continuation(s) 
[50.831s][info][gc,marking  ] GC(204) Mark Stack Usage: 32M
[50.831s][info][gc,nmethod  ] GC(204) NMethods: 4565 registered, 378 unregistered
[50.831s][info][gc,metaspace] GC(204) Metaspace: 70M used, 71M committed, 1088M reserved
[50.831s][info][gc,ref      ] GC(204) Soft: 3829 encountered, 0 discovered, 0 enqueued
[50.831s][info][gc,ref      ] GC(204) Weak: 10576 encountered, 1466 discovered, 43 enqueued
[50.831s][info][gc,ref      ] GC(204) Final: 289 encountered, 26 discovered, 0 enqueued
[50.831s][info][gc,ref      ] GC(204) Phantom: 425 encountered, 279 discovered, 0 enqueued
[50.831s][info][gc,reloc    ] GC(204) Small Pages: 507 / 1014M, Empty: 644M, Relocated: 5M, In-Place: 0
[50.831s][info][gc,reloc    ] GC(204) Medium Pages: 0 / 0M, Empty: 0M, Relocated: 0M, In-Place: 0
[50.831s][info][gc,reloc    ] GC(204) Large Pages: 0 / 0M, Empty: 0M, Relocated: 0M, In-Place: 0
[50.831s][info][gc,reloc    ] GC(204) Forwarding Usage: 1M
[50.831s][info][gc,heap     ] GC(204) Min Capacity: 8M(0%)
[50.831s][info][gc,heap     ] GC(204) Max Capacity: 2048M(100%)
[50.831s][info][gc,heap     ] GC(204) Soft Max Capacity: 2048M(100%)
[50.831s][info][gc,heap     ] GC(204)                Mark Start          Mark End        Relocate Start      Relocate End           High               Low         
[50.831s][info][gc,heap     ] GC(204)  Capacity:     2048M (100%)       2048M (100%)       2048M (100%)       2048M (100%)       2048M (100%)       2048M (100%)   
[50.831s][info][gc,heap     ] GC(204)      Free:     1034M (50%)         778M (38%)        1362M (67%)        1642M (80%)        1656M (81%)         744M (36%)    
[50.831s][info][gc,heap     ] GC(204)      Used:     1014M (50%)        1270M (62%)         686M (33%)         406M (20%)        1304M (64%)         392M (19%)    
[50.831s][info][gc,heap     ] GC(204)      Live:         -                51M (3%)           51M (3%)           51M (3%)             -                  -          
[50.831s][info][gc,heap     ] GC(204) Allocated:         -               256M (13%)         316M (15%)         340M (17%)            -                  -          
[50.831s][info][gc,heap     ] GC(204)   Garbage:         -               962M (47%)         318M (16%)          14M (1%)             -                  -          
[50.831s][info][gc,heap     ] GC(204) Reclaimed:         -                  -               644M (31%)         948M (46%)            -                  -          
[50.831s][info][gc          ] GC(204) Garbage Collection (Allocation Rate) 1014M(50%)->406M(20%)
[50.954s][info][gc,start    ] GC(205) Garbage Collection (Allocation Rate)
[50.955s][info][gc,task     ] GC(205) Using 3 workers
[50.955s][info][gc,phases   ] GC(205) Pause Mark Start 0.013ms
[51.015s][info][gc,phases   ] GC(205) Concurrent Mark 60.397ms
[51.016s][info][gc,phases   ] GC(205) Pause Mark End 0.022ms
[51.016s][info][gc,phases   ] GC(205) Concurrent Mark Free 0.001ms
[51.021s][info][gc,phases   ] GC(205) Concurrent Process Non-Strong References 5.717ms
[51.022s][info][gc,phases   ] GC(205) Concurrent Reset Relocation Set 0.037ms
[51.026s][info][gc,phases   ] GC(205) Concurrent Select Relocation Set 4.421ms
[51.026s][info][gc,phases   ] GC(205) Pause Relocate Start 0.008ms
[51.035s][info][gc,phases   ] GC(205) Concurrent Relocate 8.558ms
[51.035s][info][gc,load     ] GC(205) Load: 0.00/0.00/0.00
[51.035s][info][gc,mmu      ] GC(205) MMU: 2ms/98.1%, 5ms/99.2%, 10ms/99.6%, 20ms/99.8%, 50ms/99.9%, 100ms/99.9%
[51.035s][info][gc,marking  ] GC(205) Mark: 2 stripe(s), 2 proactive flush(es), 1 terminate flush(es), 0 completion(s), 0 continuation(s) 
[51.035s][info][gc,marking  ] GC(205) Mark Stack Usage: 32M
[51.035s][info][gc,nmethod  ] GC(205) NMethods: 4565 registered, 378 unregistered
[51.035s][info][gc,metaspace] GC(205) Metaspace: 70M used, 71M committed, 1088M reserved
[51.035s][info][gc,ref      ] GC(205) Soft: 3829 encountered, 0 discovered, 0 enqueued
[51.035s][info][gc,ref      ] GC(205) Weak: 10381 encountered, 1042 discovered, 36 enqueued
[51.035s][info][gc,ref      ] GC(205) Final: 289 encountered, 18 discovered, 0 enqueued
[51.035s][info][gc,ref      ] GC(205) Phantom: 425 encountered, 261 discovered, 0 enqueued
[51.035s][info][gc,reloc    ] GC(205) Small Pages: 487 / 974M, Empty: 668M, Relocated: 3M, In-Place: 0
[51.035s][info][gc,reloc    ] GC(205) Medium Pages: 0 / 0M, Empty: 0M, Relocated: 0M, In-Place: 0
[51.035s][info][gc,reloc    ] GC(205) Large Pages: 0 / 0M, Empty: 0M, Relocated: 0M, In-Place: 0
[51.035s][info][gc,reloc    ] GC(205) Forwarding Usage: 1M
[51.035s][info][gc,heap     ] GC(205) Min Capacity: 8M(0%)
[51.035s][info][gc,heap     ] GC(205) Max Capacity: 2048M(100%)
[51.035s][info][gc,heap     ] GC(205) Soft Max Capacity: 2048M(100%)
[51.035s][info][gc,heap     ] GC(205)                Mark Start          Mark End        Relocate Start      Relocate End           High               Low         
[51.035s][info][gc,heap     ] GC(205)  Capacity:     2048M (100%)       2048M (100%)       2048M (100%)       2048M (100%)       2048M (100%)       2048M (100%)   
[51.035s][info][gc,heap     ] GC(205)      Free:     1074M (52%)         802M (39%)        1424M (70%)        1634M (80%)        1658M (81%)         782M (38%)    
[51.035s][info][gc,heap     ] GC(205)      Used:      974M (48%)        1246M (61%)         624M (30%)         414M (20%)        1266M (62%)         390M (19%)    
[51.035s][info][gc,heap     ] GC(205)      Live:         -                51M (2%)           51M (2%)           51M (2%)             -                  -          
[51.035s][info][gc,heap     ] GC(205) Allocated:         -               272M (13%)         318M (16%)         347M (17%)            -                  -          
[51.035s][info][gc,heap     ] GC(205)   Garbage:         -               922M (45%)         254M (12%)          15M (1%)             -                  -          
[51.036s][info][gc,heap     ] GC(205) Reclaimed:         -                  -               668M (33%)         907M (44%)            -                  -          
[51.036s][info][gc          ] GC(205) Garbage Collection (Allocation Rate) 974M(48%)->414M(20%)
[51.154s][info][gc,start    ] GC(206) Garbage Collection (Allocation Rate)
[51.154s][info][gc,task     ] GC(206) Using 3 workers
[51.154s][info][gc,phases   ] GC(206) Pause Mark Start 0.013ms
[51.210s][info][gc,phases   ] GC(206) Concurrent Mark 55.565ms
[51.210s][info][gc,phases   ] GC(206) Pause Mark End 0.020ms
[51.210s][info][gc,phases   ] GC(206) Concurrent Mark Free 0.001ms
[51.216s][info][gc,phases   ] GC(206) Concurrent Process Non-Strong References 5.526ms
[51.216s][info][gc,phases   ] GC(206) Concurrent Reset Relocation Set 0.027ms
[51.220s][info][gc,phases   ] GC(206) Concurrent Select Relocation Set 3.839ms
[51.220s][info][gc,phases   ] GC(206) Pause Relocate Start 0.007ms
[51.227s][info][gc,phases   ] GC(206) Concurrent Relocate 6.895ms
[51.227s][info][gc,load     ] GC(206) Load: 0.00/0.00/0.00
[51.227s][info][gc,mmu      ] GC(206) MMU: 2ms/98.1%, 5ms/99.2%, 10ms/99.6%, 20ms/99.8%, 50ms/99.9%, 100ms/99.9%
[51.227s][info][gc,marking  ] GC(206) Mark: 2 stripe(s), 2 proactive flush(es), 2 terminate flush(es), 0 completion(s), 0 continuation(s) 
[51.227s][info][gc,marking  ] GC(206) Mark Stack Usage: 32M
[51.227s][info][gc,nmethod  ] GC(206) NMethods: 4565 registered, 379 unregistered
[51.227s][info][gc,metaspace] GC(206) Metaspace: 70M used, 71M committed, 1088M reserved
[51.227s][info][gc,ref      ] GC(206) Soft: 3829 encountered, 0 discovered, 0 enqueued
[51.227s][info][gc,ref      ] GC(206) Weak: 10173 encountered, 842 discovered, 42 enqueued
[51.227s][info][gc,ref      ] GC(206) Final: 289 encountered, 24 discovered, 0 enqueued
[51.227s][info][gc,ref      ] GC(206) Phantom: 425 encountered, 260 discovered, 0 enqueued
[51.227s][info][gc,reloc    ] GC(206) Small Pages: 454 / 908M, Empty: 638M, Relocated: 3M, In-Place: 0
[51.227s][info][gc,reloc    ] GC(206) Medium Pages: 0 / 0M, Empty: 0M, Relocated: 0M, In-Place: 0
[51.227s][info][gc,reloc    ] GC(206) Large Pages: 0 / 0M, Empty: 0M, Relocated: 0M, In-Place: 0
[51.227s][info][gc,reloc    ] GC(206) Forwarding Usage: 1M
[51.227s][info][gc,heap     ] GC(206) Min Capacity: 8M(0%)
[51.227s][info][gc,heap     ] GC(206) Max Capacity: 2048M(100%)
[51.227s][info][gc,heap     ] GC(206) Soft Max Capacity: 2048M(100%)
[51.227s][info][gc,heap     ] GC(206)                Mark Start          Mark End        Relocate Start      Relocate End           High               Low         
[51.227s][info][gc,heap     ] GC(206)  Capacity:     2048M (100%)       2048M (100%)       2048M (100%)       2048M (100%)       2048M (100%)       2048M (100%)   
[51.227s][info][gc,heap     ] GC(206)      Free:     1140M (56%)         918M (45%)        1520M (74%)        1700M (83%)        1720M (84%)         892M (44%)    
[51.228s][info][gc,heap     ] GC(206)      Used:      908M (44%)        1130M (55%)         528M (26%)         348M (17%)        1156M (56%)         328M (16%)    
[51.228s][info][gc,heap     ] GC(206)      Live:         -                50M (2%)           50M (2%)           50M (2%)             -                  -          
[51.228s][info][gc,heap     ] GC(206) Allocated:         -               222M (11%)         258M (13%)         281M (14%)            -                  -          
[51.228s][info][gc,heap     ] GC(206)   Garbage:         -               857M (42%)         219M (11%)          15M (1%)             -                  -          
[51.228s][info][gc,heap     ] GC(206) Reclaimed:         -                  -               638M (31%)         841M (41%)            -                  -          
[51.228s][info][gc          ] GC(206) Garbage Collection (Allocation Rate) 908M(44%)->348M(17%)
[51.355s][info][gc,start    ] GC(207) Garbage Collection (Allocation Rate)
[51.355s][info][gc,task     ] GC(207) Using 2 workers
[51.355s][info][gc,phases   ] GC(207) Pause Mark Start 0.008ms
[51.429s][info][gc,phases   ] GC(207) Concurrent Mark 73.570ms
[51.429s][info][gc,phases   ] GC(207) Pause Mark End 0.019ms
[51.429s][info][gc,phases   ] GC(207) Concurrent Mark Free 0.001ms
[51.437s][info][gc,phases   ] GC(207) Concurrent Process Non-Strong References 7.747ms
[51.437s][info][gc,phases   ] GC(207) Concurrent Reset Relocation Set 0.023ms
[51.442s][info][gc,phases   ] GC(207) Concurrent Select Relocation Set 5.494ms
[51.442s][info][gc,phases   ] GC(207) Pause Relocate Start 0.009ms
[51.454s][info][gc,phases   ] GC(207) Concurrent Relocate 11.725ms
[51.454s][info][gc,load     ] GC(207) Load: 0.00/0.00/0.00
[51.454s][info][gc,mmu      ] GC(207) MMU: 2ms/98.1%, 5ms/99.2%, 10ms/99.6%, 20ms/99.8%, 50ms/99.9%, 100ms/99.9%
[51.454s][info][gc,marking  ] GC(207) Mark: 2 stripe(s), 2 proactive flush(es), 1 terminate flush(es), 0 completion(s), 0 continuation(s) 
[51.454s][info][gc,marking  ] GC(207) Mark Stack Usage: 32M
[51.454s][info][gc,nmethod  ] GC(207) NMethods: 4566 registered, 379 unregistered
[51.455s][info][gc,metaspace] GC(207) Metaspace: 70M used, 71M committed, 1088M reserved
[51.455s][info][gc,ref      ] GC(207) Soft: 3829 encountered, 0 discovered, 0 enqueued
[51.455s][info][gc,ref      ] GC(207) Weak: 10030 encountered, 1163 discovered, 24 enqueued
[51.455s][info][gc,ref      ] GC(207) Final: 289 encountered, 13 discovered, 0 enqueued
[51.455s][info][gc,ref      ] GC(207) Phantom: 425 encountered, 231 discovered, 0 enqueued
[51.455s][info][gc,reloc    ] GC(207) Small Pages: 400 / 800M, Empty: 542M, Relocated: 6M, In-Place: 0
[51.455s][info][gc,reloc    ] GC(207) Medium Pages: 0 / 0M, Empty: 0M, Relocated: 0M, In-Place: 0
[51.455s][info][gc,reloc    ] GC(207) Large Pages: 0 / 0M, Empty: 0M, Relocated: 0M, In-Place: 0
[51.455s][info][gc,reloc    ] GC(207) Forwarding Usage: 2M
[51.455s][info][gc,heap     ] GC(207) Min Capacity: 8M(0%)
[51.455s][info][gc,heap     ] GC(207) Max Capacity: 2048M(100%)
[51.455s][info][gc,heap     ] GC(207) Soft Max Capacity: 2048M(100%)
[51.455s][info][gc,heap     ] GC(207)                Mark Start          Mark End        Relocate Start      Relocate End           High               Low         
[51.455s][info][gc,heap     ] GC(207)  Capacity:     2048M (100%)       2048M (100%)       2048M (100%)       2048M (100%)       2048M (100%)       2048M (100%)   
[51.455s][info][gc,heap     ] GC(207)      Free:     1248M (61%)        1008M (49%)        1504M (73%)        1670M (82%)        1692M (83%)         980M (48%)    
[51.455s][info][gc,heap     ] GC(207)      Used:      800M (39%)        1040M (51%)         544M (27%)         378M (18%)        1068M (52%)         356M (17%)    
[51.455s][info][gc,heap     ] GC(207)      Live:         -                50M (2%)           50M (2%)           50M (2%)             -                  -          
[51.455s][info][gc,heap     ] GC(207) Allocated:         -               240M (12%)         286M (14%)         315M (15%)            -                  -          
[51.455s][info][gc,heap     ] GC(207)   Garbage:         -               749M (37%)         207M (10%)          12M (1%)             -                  -          
[51.455s][info][gc,heap     ] GC(207) Reclaimed:         -                  -               542M (26%)         737M (36%)            -                  -          
[51.455s][info][gc          ] GC(207) Garbage Collection (Allocation Rate) 800M(39%)->378M(18%)
[51.555s][info][gc,start    ] GC(208) Garbage Collection (Allocation Rate)
[51.555s][info][gc,task     ] GC(208) Using 2 workers
[51.555s][info][gc,phases   ] GC(208) Pause Mark Start 0.012ms
[51.622s][info][gc,phases   ] GC(208) Concurrent Mark 67.531ms
[51.622s][info][gc,phases   ] GC(208) Pause Mark End 0.021ms
[51.623s][info][gc,phases   ] GC(208) Concurrent Mark Free 0.001ms
[51.629s][info][gc,phases   ] GC(208) Concurrent Process Non-Strong References 6.187ms
[51.629s][info][gc,phases   ] GC(208) Concurrent Reset Relocation Set 0.017ms
[51.632s][info][gc,phases   ] GC(208) Concurrent Select Relocation Set 3.102ms
[51.632s][info][gc,phases   ] GC(208) Pause Relocate Start 0.008ms
[51.635s][info][gc,phases   ] GC(208) Concurrent Relocate 2.627ms
[51.635s][info][gc,load     ] GC(208) Load: 0.00/0.00/0.00
[51.635s][info][gc,mmu      ] GC(208) MMU: 2ms/98.1%, 5ms/99.2%, 10ms/99.6%, 20ms/99.8%, 50ms/99.9%, 100ms/99.9%
[51.635s][info][gc,marking  ] GC(208) Mark: 2 stripe(s), 2 proactive flush(es), 1 terminate flush(es), 0 completion(s), 0 continuation(s) 
[51.635s][info][gc,marking  ] GC(208) Mark Stack Usage: 32M
[51.635s][info][gc,nmethod  ] GC(208) NMethods: 4568 registered, 380 unregistered
[51.635s][info][gc,metaspace] GC(208) Metaspace: 70M used, 71M committed, 1088M reserved
[51.635s][info][gc,ref      ] GC(208) Soft: 3829 encountered, 0 discovered, 0 enqueued
[51.635s][info][gc,ref      ] GC(208) Weak: 9850 encountered, 972 discovered, 30 enqueued
[51.635s][info][gc,ref      ] GC(208) Final: 289 encountered, 0 discovered, 0 enqueued
[51.635s][info][gc,ref      ] GC(208) Phantom: 425 encountered, 321 discovered, 0 enqueued
[51.635s][info][gc,reloc    ] GC(208) Small Pages: 340 / 680M, Empty: 476M, Relocated: 3M, In-Place: 0
[51.635s][info][gc,reloc    ] GC(208) Medium Pages: 0 / 0M, Empty: 0M, Relocated: 0M, In-Place: 0
[51.635s][info][gc,reloc    ] GC(208) Large Pages: 0 / 0M, Empty: 0M, Relocated: 0M, In-Place: 0
[51.635s][info][gc,reloc    ] GC(208) Forwarding Usage: 0M
[51.635s][info][gc,heap     ] GC(208) Min Capacity: 8M(0%)
[51.635s][info][gc,heap     ] GC(208) Max Capacity: 2048M(100%)
[51.635s][info][gc,heap     ] GC(208) Soft Max Capacity: 2048M(100%)
[51.635s][info][gc,heap     ] GC(208)                Mark Start          Mark End        Relocate Start      Relocate End           High               Low         
[51.635s][info][gc,heap     ] GC(208)  Capacity:     2048M (100%)       2048M (100%)       2048M (100%)       2048M (100%)       2048M (100%)       2048M (100%)   
[51.635s][info][gc,heap     ] GC(208)      Free:     1368M (67%)        1196M (58%)        1646M (80%)        1786M (87%)        1786M (87%)        1178M (58%)    
[51.635s][info][gc,heap     ] GC(208)      Used:      680M (33%)         852M (42%)         402M (20%)         262M (13%)         870M (42%)         262M (13%)    
[51.635s][info][gc,heap     ] GC(208)      Live:         -                50M (2%)           50M (2%)           50M (2%)             -                  -          
[51.635s][info][gc,heap     ] GC(208) Allocated:         -               172M (8%)          198M (10%)         199M (10%)            -                  -          
[51.635s][info][gc,heap     ] GC(208)   Garbage:         -               629M (31%)         153M (8%)           12M (1%)             -                  -          
[51.635s][info][gc,heap     ] GC(208) Reclaimed:         -                  -               476M (23%)         617M (30%)            -                  -          
[51.635s][info][gc          ] GC(208) Garbage Collection (Allocation Rate) 680M(33%)->262M(13%)
[51.754s][info][gc,start    ] GC(209) Garbage Collection (Allocation Rate)
[51.754s][info][gc,task     ] GC(209) Using 2 workers
[51.754s][info][gc,phases   ] GC(209) Pause Mark Start 0.010ms
[51.806s][info][gc,phases   ] GC(209) Concurrent Mark 51.601ms
[51.806s][info][gc,phases   ] GC(209) Pause Mark End 0.021ms
[51.806s][info][gc,phases   ] GC(209) Concurrent Mark Free 0.001ms
[51.812s][info][gc,phases   ] GC(209) Concurrent Process Non-Strong References 5.695ms
[51.812s][info][gc,phases   ] GC(209) Concurrent Reset Relocation Set 0.011ms
[51.815s][info][gc,phases   ] GC(209) Concurrent Select Relocation Set 3.383ms
[51.816s][info][gc,phases   ] GC(209) Pause Relocate Start 0.008ms
[51.818s][info][gc,phases   ] GC(209) Concurrent Relocate 2.322ms
[51.818s][info][gc,load     ] GC(209) Load: 0.00/0.00/0.00
[51.818s][info][gc,mmu      ] GC(209) MMU: 2ms/98.1%, 5ms/99.2%, 10ms/99.6%, 20ms/99.8%, 50ms/99.9%, 100ms/99.9%
[51.818s][info][gc,marking  ] GC(209) Mark: 2 stripe(s), 2 proactive flush(es), 1 terminate flush(es), 0 completion(s), 0 continuation(s) 
[51.818s][info][gc,marking  ] GC(209) Mark Stack Usage: 32M
[51.818s][info][gc,nmethod  ] GC(209) NMethods: 4567 registered, 381 unregistered
[51.818s][info][gc,metaspace] GC(209) Metaspace: 70M used, 71M committed, 1088M reserved
[51.818s][info][gc,ref      ] GC(209) Soft: 3829 encountered, 0 discovered, 0 enqueued
[51.818s][info][gc,ref      ] GC(209) Weak: 9726 encountered, 960 discovered, 30 enqueued
[51.818s][info][gc,ref      ] GC(209) Final: 289 encountered, 13 discovered, 0 enqueued
[51.818s][info][gc,ref      ] GC(209) Phantom: 425 encountered, 348 discovered, 0 enqueued
[51.818s][info][gc,reloc    ] GC(209) Small Pages: 280 / 560M, Empty: 364M, Relocated: 3M, In-Place: 0
[51.818s][info][gc,reloc    ] GC(209) Medium Pages: 0 / 0M, Empty: 0M, Relocated: 0M, In-Place: 0
[51.818s][info][gc,reloc    ] GC(209) Large Pages: 0 / 0M, Empty: 0M, Relocated: 0M, In-Place: 0
[51.818s][info][gc,reloc    ] GC(209) Forwarding Usage: 0M
[51.818s][info][gc,heap     ] GC(209) Min Capacity: 8M(0%)
[51.818s][info][gc,heap     ] GC(209) Max Capacity: 2048M(100%)
[51.818s][info][gc,heap     ] GC(209) Soft Max Capacity: 2048M(100%)
[51.818s][info][gc,heap     ] GC(209)                Mark Start          Mark End        Relocate Start      Relocate End           High               Low         
[51.818s][info][gc,heap     ] GC(209)  Capacity:     2048M (100%)       2048M (100%)       2048M (100%)       2048M (100%)       2048M (100%)       2048M (100%)   
[51.818s][info][gc,heap     ] GC(209)      Free:     1488M (73%)        1376M (67%)        1720M (84%)        1848M (90%)        1850M (90%)        1360M (66%)    
[51.818s][info][gc,heap     ] GC(209)      Used:      560M (27%)         672M (33%)         328M (16%)         200M (10%)         688M (34%)         198M (10%)    
[51.818s][info][gc,heap     ] GC(209)      Live:         -                49M (2%)           49M (2%)           49M (2%)             -                  -          
[51.818s][info][gc,heap     ] GC(209) Allocated:         -               112M (5%)          132M (6%)          135M (7%)             -                  -          
[51.818s][info][gc,heap     ] GC(209)   Garbage:         -               510M (25%)         146M (7%)           14M (1%)             -                  -          
[51.818s][info][gc,heap     ] GC(209) Reclaimed:         -                  -               364M (18%)         495M (24%)            -                  -          
[51.818s][info][gc          ] GC(209) Garbage Collection (Allocation Rate) 560M(27%)->200M(10%)
[51.955s][info][gc,start    ] GC(210) Garbage Collection (Allocation Rate)
[51.955s][info][gc,task     ] GC(210) Using 2 workers
[51.955s][info][gc,phases   ] GC(210) Pause Mark Start 0.010ms
[52.000s][info][gc,phases   ] GC(210) Concurrent Mark 44.686ms
[52.000s][info][gc,phases   ] GC(210) Pause Mark End 0.021ms
[52.000s][info][gc,phases   ] GC(210) Concurrent Mark Free 0.001ms
[52.005s][info][gc,phases   ] GC(210) Concurrent Process Non-Strong References 5.381ms
[52.005s][info][gc,phases   ] GC(210) Concurrent Reset Relocation Set 0.008ms
[52.008s][info][gc,phases   ] GC(210) Concurrent Select Relocation Set 2.531ms
[52.008s][info][gc,phases   ] GC(210) Pause Relocate Start 0.008ms
[52.009s][info][gc,phases   ] GC(210) Concurrent Relocate 1.069ms
[52.009s][info][gc,load     ] GC(210) Load: 0.00/0.00/0.00
[52.009s][info][gc,mmu      ] GC(210) MMU: 2ms/98.1%, 5ms/99.2%, 10ms/99.6%, 20ms/99.8%, 50ms/99.9%, 100ms/99.9%
[52.009s][info][gc,marking  ] GC(210) Mark: 2 stripe(s), 2 proactive flush(es), 1 terminate flush(es), 0 completion(s), 0 continuation(s) 
[52.009s][info][gc,marking  ] GC(210) Mark Stack Usage: 32M
[52.009s][info][gc,nmethod  ] GC(210) NMethods: 4567 registered, 383 unregistered
[52.009s][info][gc,metaspace] GC(210) Metaspace: 70M used, 71M committed, 1088M reserved
[52.009s][info][gc,ref      ] GC(210) Soft: 3829 encountered, 0 discovered, 0 enqueued
[52.009s][info][gc,ref      ] GC(210) Weak: 9622 encountered, 847 discovered, 19 enqueued
[52.009s][info][gc,ref      ] GC(210) Final: 289 encountered, 30 discovered, 0 enqueued
[52.009s][info][gc,ref      ] GC(210) Phantom: 425 encountered, 351 discovered, 0 enqueued
[52.009s][info][gc,reloc    ] GC(210) Small Pages: 232 / 464M, Empty: 302M, Relocated: 1M, In-Place: 0
[52.009s][info][gc,reloc    ] GC(210) Medium Pages: 0 / 0M, Empty: 0M, Relocated: 0M, In-Place: 0
[52.009s][info][gc,reloc    ] GC(210) Large Pages: 0 / 0M, Empty: 0M, Relocated: 0M, In-Place: 0
[52.009s][info][gc,reloc    ] GC(210) Forwarding Usage: 0M
[52.009s][info][gc,heap     ] GC(210) Min Capacity: 8M(0%)
[52.009s][info][gc,heap     ] GC(210) Max Capacity: 2048M(100%)
[52.009s][info][gc,heap     ] GC(210) Soft Max Capacity: 2048M(100%)
[52.009s][info][gc,heap     ] GC(210)                Mark Start          Mark End        Relocate Start      Relocate End           High               Low         
[52.009s][info][gc,heap     ] GC(210)  Capacity:     2048M (100%)       2048M (100%)       2048M (100%)       2048M (100%)       2048M (100%)       2048M (100%)   
[52.009s][info][gc,heap     ] GC(210)      Free:     1584M (77%)        1504M (73%)        1790M (87%)        1886M (92%)        1886M (92%)        1492M (73%)    
[52.009s][info][gc,heap     ] GC(210)      Used:      464M (23%)         544M (27%)         258M (13%)         162M (8%)          556M (27%)         162M (8%)     
[52.009s][info][gc,heap     ] GC(210)      Live:         -                49M (2%)           49M (2%)           49M (2%)             -                  -          
[52.009s][info][gc,heap     ] GC(210) Allocated:         -                80M (4%)           96M (5%)           97M (5%)             -                  -          
[52.009s][info][gc,heap     ] GC(210)   Garbage:         -               414M (20%)         112M (5%)           14M (1%)             -                  -          
[52.010s][info][gc,heap     ] GC(210) Reclaimed:         -                  -               302M (15%)         399M (20%)            -                  -          
[52.010s][info][gc          ] GC(210) Garbage Collection (Allocation Rate) 464M(23%)->162M(8%)
[52.055s][info][gc,start    ] GC(211) Garbage Collection (Allocation Rate)
[52.055s][info][gc,task     ] GC(211) Using 6 workers
[52.055s][info][gc,phases   ] GC(211) Pause Mark Start 0.009ms
[52.076s][info][gc,phases   ] GC(211) Concurrent Mark 20.742ms
[52.076s][info][gc,phases   ] GC(211) Pause Mark End 0.021ms
[52.076s][info][gc,phases   ] GC(211) Concurrent Mark Free 0.001ms
[52.078s][info][gc,phases   ] GC(211) Concurrent Process Non-Strong References 2.022ms
[52.078s][info][gc,phases   ] GC(211) Concurrent Reset Relocation Set 0.006ms
[52.080s][info][gc,phases   ] GC(211) Concurrent Select Relocation Set 2.424ms
[52.080s][info][gc,phases   ] GC(211) Pause Relocate Start 0.009ms
[52.081s][info][gc,phases   ] GC(211) Concurrent Relocate 0.526ms
[52.081s][info][gc,load     ] GC(211) Load: 0.00/0.00/0.00
[52.081s][info][gc,mmu      ] GC(211) MMU: 2ms/98.1%, 5ms/99.2%, 10ms/99.6%, 20ms/99.8%, 50ms/99.9%, 100ms/99.9%
[52.081s][info][gc,marking  ] GC(211) Mark: 4 stripe(s), 2 proactive flush(es), 1 terminate flush(es), 0 completion(s), 0 continuation(s) 
[52.081s][info][gc,marking  ] GC(211) Mark Stack Usage: 32M
[52.081s][info][gc,nmethod  ] GC(211) NMethods: 4567 registered, 383 unregistered
[52.081s][info][gc,metaspace] GC(211) Metaspace: 70M used, 71M committed, 1088M reserved
[52.081s][info][gc,ref      ] GC(211) Soft: 3829 encountered, 0 discovered, 0 enqueued
[52.081s][info][gc,ref      ] GC(211) Weak: 9579 encountered, 524 discovered, 7 enqueued
[52.081s][info][gc,ref      ] GC(211) Final: 289 encountered, 27 discovered, 0 enqueued
[52.081s][info][gc,ref      ] GC(211) Phantom: 425 encountered, 257 discovered, 0 enqueued
[52.081s][info][gc,reloc    ] GC(211) Small Pages: 119 / 238M, Empty: 130M, Relocated: 1M, In-Place: 0
[52.081s][info][gc,reloc    ] GC(211) Medium Pages: 0 / 0M, Empty: 0M, Relocated: 0M, In-Place: 0
[52.081s][info][gc,reloc    ] GC(211) Large Pages: 0 / 0M, Empty: 0M, Relocated: 0M, In-Place: 0
[52.081s][info][gc,reloc    ] GC(211) Forwarding Usage: 0M
[52.081s][info][gc,heap     ] GC(211) Min Capacity: 8M(0%)
[52.081s][info][gc,heap     ] GC(211) Max Capacity: 2048M(100%)
[52.081s][info][gc,heap     ] GC(211) Soft Max Capacity: 2048M(100%)
[52.081s][info][gc,heap     ] GC(211)                Mark Start          Mark End        Relocate Start      Relocate End           High               Low         
[52.081s][info][gc,heap     ] GC(211)  Capacity:     2048M (100%)       2048M (100%)       2048M (100%)       2048M (100%)       2048M (100%)       2048M (100%)   
[52.081s][info][gc,heap     ] GC(211)      Free:     1810M (88%)        1778M (87%)        1900M (93%)        1936M (95%)        1936M (95%)        1772M (87%)    
[52.081s][info][gc,heap     ] GC(211)      Used:      238M (12%)         270M (13%)         148M (7%)          112M (5%)          276M (13%)         112M (5%)     
[52.081s][info][gc,heap     ] GC(211)      Live:         -                49M (2%)           49M (2%)           49M (2%)             -                  -          
[52.081s][info][gc,heap     ] GC(211) Allocated:         -                32M (2%)           40M (2%)           39M (2%)             -                  -          
[52.081s][info][gc,heap     ] GC(211)   Garbage:         -               188M (9%)           58M (3%)           22M (1%)             -                  -          
[52.081s][info][gc,heap     ] GC(211) Reclaimed:         -                  -               130M (6%)          165M (8%)             -                  -          
[52.081s][info][gc          ] GC(211) Garbage Collection (Allocation Rate) 238M(12%)->112M(5%)
[52.755s][info][gc,start    ] GC(212) Garbage Collection (Allocation Rate)
[52.755s][info][gc,task     ] GC(212) Using 6 workers
[52.755s][info][gc,phases   ] GC(212) Pause Mark Start 0.010ms
[52.776s][info][gc,phases   ] GC(212) Concurrent Mark 21.706ms
[52.777s][info][gc,phases   ] GC(212) Pause Mark End 0.021ms
[52.777s][info][gc,phases   ] GC(212) Concurrent Mark Free 0.000ms
[52.779s][info][gc,phases   ] GC(212) Concurrent Process Non-Strong References 2.061ms
[52.779s][info][gc,phases   ] GC(212) Concurrent Reset Relocation Set 0.004ms
[52.781s][info][gc,phases   ] GC(212) Concurrent Select Relocation Set 2.491ms
[52.781s][info][gc,phases   ] GC(212) Pause Relocate Start 0.009ms
[52.782s][info][gc,phases   ] GC(212) Concurrent Relocate 0.528ms
[52.782s][info][gc,load     ] GC(212) Load: 0.00/0.00/0.00
[52.782s][info][gc,mmu      ] GC(212) MMU: 2ms/98.1%, 5ms/99.2%, 10ms/99.6%, 20ms/99.8%, 50ms/99.9%, 100ms/99.9%
[52.782s][info][gc,marking  ] GC(212) Mark: 4 stripe(s), 2 proactive flush(es), 1 terminate flush(es), 0 completion(s), 0 continuation(s) 
[52.782s][info][gc,marking  ] GC(212) Mark Stack Usage: 32M
[52.782s][info][gc,nmethod  ] GC(212) NMethods: 4567 registered, 385 unregistered
[52.782s][info][gc,metaspace] GC(212) Metaspace: 70M used, 71M committed, 1088M reserved
[52.782s][info][gc,ref      ] GC(212) Soft: 3829 encountered, 0 discovered, 0 enqueued
[52.782s][info][gc,ref      ] GC(212) Weak: 9572 encountered, 1386 discovered, 0 enqueued
[52.782s][info][gc,ref      ] GC(212) Final: 289 encountered, 60 discovered, 0 enqueued
[52.782s][info][gc,ref      ] GC(212) Phantom: 425 encountered, 302 discovered, 0 enqueued
[52.782s][info][gc,reloc    ] GC(212) Small Pages: 547 / 1094M, Empty: 958M, Relocated: 1M, In-Place: 0
[52.782s][info][gc,reloc    ] GC(212) Medium Pages: 0 / 0M, Empty: 0M, Relocated: 0M, In-Place: 0
[52.782s][info][gc,reloc    ] GC(212) Large Pages: 0 / 0M, Empty: 0M, Relocated: 0M, In-Place: 0
[52.782s][info][gc,reloc    ] GC(212) Forwarding Usage: 0M
[52.782s][info][gc,heap     ] GC(212) Min Capacity: 8M(0%)
[52.782s][info][gc,heap     ] GC(212) Max Capacity: 2048M(100%)
[52.782s][info][gc,heap     ] GC(212) Soft Max Capacity: 2048M(100%)
[52.782s][info][gc,heap     ] GC(212)                Mark Start          Mark End        Relocate Start      Relocate End           High               Low         
[52.782s][info][gc,heap     ] GC(212)  Capacity:     2048M (100%)       2048M (100%)       2048M (100%)       2048M (100%)       2048M (100%)       2048M (100%)   
[52.782s][info][gc,heap     ] GC(212)      Free:      954M (47%)         922M (45%)        1874M (92%)        1936M (95%)        1936M (95%)         918M (45%)    
[52.782s][info][gc,heap     ] GC(212)      Used:     1094M (53%)        1126M (55%)         174M (8%)          112M (5%)         1130M (55%)         112M (5%)     
[52.782s][info][gc,heap     ] GC(212)      Live:         -                49M (2%)           49M (2%)           49M (2%)             -                  -          
[52.782s][info][gc,heap     ] GC(212) Allocated:         -                32M (2%)           38M (2%)           39M (2%)             -                  -          
[52.782s][info][gc,heap     ] GC(212)   Garbage:         -              1044M (51%)          86M (4%)           22M (1%)             -                  -          
[52.782s][info][gc,heap     ] GC(212) Reclaimed:         -                  -               958M (47%)        1021M (50%)            -                  -          
[52.782s][info][gc          ] GC(212) Garbage Collection (Allocation Rate) 1094M(53%)->112M(5%)
[53.754s][info][gc,start    ] GC(213) Garbage Collection (Proactive)
[53.754s][info][gc,task     ] GC(213) Using 12 workers
[53.754s][info][gc,phases   ] GC(213) Pause Mark Start 0.016ms
[53.776s][info][gc,phases   ] GC(213) Concurrent Mark 21.583ms
[53.779s][info][gc,phases   ] GC(213) Pause Mark End 0.029ms
[53.779s][info][gc,phases   ] GC(213) Concurrent Mark Free 0.001ms
[53.781s][info][gc,phases   ] GC(213) Concurrent Process Non-Strong References 2.610ms
[53.781s][info][gc,phases   ] GC(213) Concurrent Reset Relocation Set 0.006ms
[53.785s][info][gc,phases   ] GC(213) Concurrent Select Relocation Set 3.292ms
[53.785s][info][gc,phases   ] GC(213) Pause Relocate Start 0.008ms
[53.786s][info][gc,phases   ] GC(213) Concurrent Relocate 0.690ms
[53.786s][info][gc,load     ] GC(213) Load: 0.00/0.00/0.00
[53.786s][info][gc,mmu      ] GC(213) MMU: 2ms/98.1%, 5ms/99.2%, 10ms/99.6%, 20ms/99.8%, 50ms/99.9%, 100ms/99.9%
[53.786s][info][gc,marking  ] GC(213) Mark: 8 stripe(s), 4 proactive flush(es), 1 terminate flush(es), 0 completion(s), 0 continuation(s) 
[53.786s][info][gc,marking  ] GC(213) Mark Stack Usage: 32M
[53.786s][info][gc,nmethod  ] GC(213) NMethods: 4618 registered, 388 unregistered
[53.786s][info][gc,metaspace] GC(213) Metaspace: 70M used, 71M committed, 1088M reserved
[53.786s][info][gc,ref      ] GC(213) Soft: 3829 encountered, 0 discovered, 0 enqueued
[53.786s][info][gc,ref      ] GC(213) Weak: 9423 encountered, 626 discovered, 36 enqueued
[53.786s][info][gc,ref      ] GC(213) Final: 289 encountered, 23 discovered, 0 enqueued
[53.786s][info][gc,ref      ] GC(213) Phantom: 425 encountered, 324 discovered, 0 enqueued
[53.786s][info][gc,reloc    ] GC(213) Small Pages: 703 / 1406M, Empty: 1244M, Relocated: 1M, In-Place: 0
[53.786s][info][gc,reloc    ] GC(213) Medium Pages: 0 / 0M, Empty: 0M, Relocated: 0M, In-Place: 0
[53.786s][info][gc,reloc    ] GC(213) Large Pages: 0 / 0M, Empty: 0M, Relocated: 0M, In-Place: 0
[53.786s][info][gc,reloc    ] GC(213) Forwarding Usage: 0M
[53.786s][info][gc,heap     ] GC(213) Min Capacity: 8M(0%)
[53.786s][info][gc,heap     ] GC(213) Max Capacity: 2048M(100%)
[53.786s][info][gc,heap     ] GC(213) Soft Max Capacity: 2048M(100%)
[53.786s][info][gc,heap     ] GC(213)                Mark Start          Mark End        Relocate Start      Relocate End           High               Low         
[53.786s][info][gc,heap     ] GC(213)  Capacity:     2048M (100%)       2048M (100%)       2048M (100%)       2048M (100%)       2048M (100%)       2048M (100%)   
[53.786s][info][gc,heap     ] GC(213)      Free:      642M (31%)         626M (31%)        1862M (91%)        1940M (95%)        1940M (95%)         620M (30%)    
[53.787s][info][gc,heap     ] GC(213)      Used:     1406M (69%)        1422M (69%)         186M (9%)          108M (5%)         1428M (70%)         108M (5%)     
[53.787s][info][gc,heap     ] GC(213)      Live:         -                49M (2%)           49M (2%)           49M (2%)             -                  -          
[53.787s][info][gc,heap     ] GC(213) Allocated:         -                16M (1%)           24M (1%)           23M (1%)             -                  -          
[53.787s][info][gc,heap     ] GC(213)   Garbage:         -              1356M (66%)         112M (6%)           34M (2%)             -                  -          
[53.787s][info][gc,heap     ] GC(213) Reclaimed:         -                  -              1244M (61%)        1321M (65%)            -                  -          
[53.787s][info][gc          ] GC(213) Garbage Collection (Proactive) 1406M(69%)->108M(5%)
[53.787s][info][gc,start    ] GC(214) Garbage Collection (System.gc())
[53.787s][info][gc,task     ] GC(214) Using 12 workers
[53.787s][info][gc,phases   ] GC(214) Pause Mark Start 0.011ms
[53.806s][info][gc,phases   ] GC(214) Concurrent Mark 18.749ms
[53.806s][info][gc,phases   ] GC(214) Pause Mark End 0.017ms
[53.806s][info][gc,phases   ] GC(214) Concurrent Mark Free 0.001ms
[53.819s][info][gc,phases   ] GC(214) Concurrent Process Non-Strong References 12.554ms
[53.819s][info][gc,phases   ] GC(214) Concurrent Reset Relocation Set 0.005ms
[53.822s][info][gc,phases   ] GC(214) Concurrent Select Relocation Set 3.073ms
[53.822s][info][gc,phases   ] GC(214) Pause Relocate Start 0.006ms
[53.824s][info][gc,phases   ] GC(214) Concurrent Relocate 2.416ms
[53.824s][info][gc,load     ] GC(214) Load: 0.00/0.00/0.00
[53.824s][info][gc,mmu      ] GC(214) MMU: 2ms/98.1%, 5ms/99.2%, 10ms/99.5%, 20ms/99.8%, 50ms/99.9%, 100ms/99.9%
[53.824s][info][gc,marking  ] GC(214) Mark: 8 stripe(s), 2 proactive flush(es), 1 terminate flush(es), 0 completion(s), 0 continuation(s) 
[53.824s][info][gc,marking  ] GC(214) Mark Stack Usage: 32M
[53.824s][info][gc,nmethod  ] GC(214) NMethods: 3090 registered, 1983 unregistered
[53.824s][info][gc,metaspace] GC(214) Metaspace: 70M used, 71M committed, 1088M reserved
[53.824s][info][gc,ref      ] GC(214) Soft: 3829 encountered, 0 discovered, 0 enqueued
[53.824s][info][gc,ref      ] GC(214) Weak: 9797 encountered, 503 discovered, 8 enqueued
[53.824s][info][gc,ref      ] GC(214) Final: 289 encountered, 17 discovered, 0 enqueued
[53.824s][info][gc,ref      ] GC(214) Phantom: 425 encountered, 294 discovered, 0 enqueued
[53.824s][info][gc,reloc    ] GC(214) Small Pages: 55 / 110M, Empty: 0M, Relocated: 3M, In-Place: 0
[53.825s][info][gc,reloc    ] GC(214) Medium Pages: 0 / 0M, Empty: 0M, Relocated: 0M, In-Place: 0
[53.825s][info][gc,reloc    ] GC(214) Large Pages: 0 / 0M, Empty: 0M, Relocated: 0M, In-Place: 0
[53.825s][info][gc,reloc    ] GC(214) Forwarding Usage: 1M
[53.825s][info][gc,heap     ] GC(214) Min Capacity: 8M(0%)
[53.825s][info][gc,heap     ] GC(214) Max Capacity: 2048M(100%)
[53.825s][info][gc,heap     ] GC(214) Soft Max Capacity: 2048M(100%)
[53.825s][info][gc,heap     ] GC(214)                Mark Start          Mark End        Relocate Start      Relocate End           High               Low         
[53.825s][info][gc,heap     ] GC(214)  Capacity:     2048M (100%)       2048M (100%)       2048M (100%)       2048M (100%)       2048M (100%)       2048M (100%)   
[53.825s][info][gc,heap     ] GC(214)      Free:     1938M (95%)        1926M (94%)        1926M (94%)        1954M (95%)        1954M (95%)        1902M (93%)    
[53.825s][info][gc,heap     ] GC(214)      Used:      110M (5%)          122M (6%)          122M (6%)           94M (5%)          146M (7%)           94M (5%)     
[53.825s][info][gc,heap     ] GC(214)      Live:         -                49M (2%)           49M (2%)           49M (2%)             -                  -          
[53.825s][info][gc,heap     ] GC(214) Allocated:         -                12M (1%)           12M (1%)           12M (1%)             -                  -          
[53.825s][info][gc,heap     ] GC(214)   Garbage:         -                60M (3%)           60M (3%)           32M (2%)             -                  -          
[53.825s][info][gc,heap     ] GC(214) Reclaimed:         -                  -                 0M (0%)           28M (1%)             -                  -          
[53.825s][info][gc          ] GC(214) Garbage Collection (System.gc()) 110M(5%)->94M(5%)
[54.254s][info][gc,start    ] GC(215) Garbage Collection (Allocation Rate)
[54.254s][info][gc,task     ] GC(215) Using 12 workers
[54.255s][info][gc,phases   ] GC(215) Pause Mark Start 0.011ms
[54.285s][info][gc,phases   ] GC(215) Concurrent Mark 30.440ms
[54.285s][info][gc,phases   ] GC(215) Pause Mark End 0.025ms
[54.286s][info][gc,phases   ] GC(215) Concurrent Mark Free 0.001ms
[54.288s][info][gc,phases   ] GC(215) Concurrent Process Non-Strong References 1.798ms
[54.288s][info][gc,phases   ] GC(215) Concurrent Reset Relocation Set 0.004ms
[54.296s][info][gc,phases   ] GC(215) Concurrent Select Relocation Set 8.356ms
[54.296s][info][gc,phases   ] GC(215) Pause Relocate Start 0.008ms
[54.302s][info][gc,phases   ] GC(215) Concurrent Relocate 5.112ms
[54.302s][info][gc,load     ] GC(215) Load: 0.00/0.00/0.00
[54.302s][info][gc,mmu      ] GC(215) MMU: 2ms/98.1%, 5ms/99.2%, 10ms/99.5%, 20ms/99.8%, 50ms/99.9%, 100ms/99.9%
[54.302s][info][gc,marking  ] GC(215) Mark: 8 stripe(s), 6 proactive flush(es), 1 terminate flush(es), 0 completion(s), 0 continuation(s) 
[54.302s][info][gc,marking  ] GC(215) Mark Stack Usage: 32M
[54.302s][info][gc,nmethod  ] GC(215) NMethods: 3833 registered, 10 unregistered
[54.302s][info][gc,metaspace] GC(215) Metaspace: 70M used, 71M committed, 1088M reserved
[54.302s][info][gc,ref      ] GC(215) Soft: 3829 encountered, 0 discovered, 0 enqueued
[54.302s][info][gc,ref      ] GC(215) Weak: 11040 encountered, 803 discovered, 0 enqueued
[54.302s][info][gc,ref      ] GC(215) Final: 289 encountered, 28 discovered, 0 enqueued
[54.302s][info][gc,ref      ] GC(215) Phantom: 425 encountered, 279 discovered, 0 enqueued
[54.302s][info][gc,reloc    ] GC(215) Small Pages: 919 / 1838M, Empty: 1166M, Relocated: 10M, In-Place: 0
[54.302s][info][gc,reloc    ] GC(215) Medium Pages: 0 / 0M, Empty: 0M, Relocated: 0M, In-Place: 0
[54.302s][info][gc,reloc    ] GC(215) Large Pages: 0 / 0M, Empty: 0M, Relocated: 0M, In-Place: 0
[54.302s][info][gc,reloc    ] GC(215) Forwarding Usage: 4M
[54.302s][info][gc,heap     ] GC(215) Min Capacity: 8M(0%)
[54.302s][info][gc,heap     ] GC(215) Max Capacity: 2048M(100%)
[54.302s][info][gc,heap     ] GC(215) Soft Max Capacity: 2048M(100%)
[54.302s][info][gc,heap     ] GC(215)                Mark Start          Mark End        Relocate Start      Relocate End           High               Low         
[54.302s][info][gc,heap     ] GC(215)  Capacity:     2048M (100%)       2048M (100%)       2048M (100%)       2048M (100%)       2048M (100%)       2048M (100%)   
[54.302s][info][gc,heap     ] GC(215)      Free:      210M (10%)         130M (6%)         1262M (62%)        1850M (90%)        1850M (90%)         124M (6%)     
[54.302s][info][gc,heap     ] GC(215)      Used:     1838M (90%)        1918M (94%)         786M (38%)         198M (10%)        1924M (94%)         198M (10%)    
[54.303s][info][gc,heap     ] GC(215)      Live:         -                53M (3%)           53M (3%)           53M (3%)             -                  -          
[54.303s][info][gc,heap     ] GC(215) Allocated:         -                80M (4%)          114M (6%)          119M (6%)             -                  -          
[54.303s][info][gc,heap     ] GC(215)   Garbage:         -              1784M (87%)         618M (30%)          25M (1%)             -                  -          
[54.303s][info][gc,heap     ] GC(215) Reclaimed:         -                  -              1166M (57%)        1759M (86%)            -                  -          
[54.303s][info][gc          ] GC(215) Garbage Collection (Allocation Rate) 1838M(90%)->198M(10%)
[54.455s][info][gc,start    ] GC(216) Garbage Collection (Allocation Rate)
[54.455s][info][gc,task     ] GC(216) Using 12 workers
[54.455s][info][gc,phases   ] GC(216) Pause Mark Start 0.009ms
[54.480s][info][gc,phases   ] GC(216) Concurrent Mark 24.164ms
[54.480s][info][gc,phases   ] GC(216) Pause Mark End 0.025ms
[54.480s][info][gc,phases   ] GC(216) Concurrent Mark Free 0.001ms
[54.483s][info][gc,phases   ] GC(216) Concurrent Process Non-Strong References 2.299ms
[54.483s][info][gc,phases   ] GC(216) Concurrent Reset Relocation Set 0.064ms
[54.488s][info][gc,phases   ] GC(216) Concurrent Select Relocation Set 5.527ms
[54.489s][info][gc,phases   ] GC(216) Pause Relocate Start 0.008ms
[54.499s][info][gc,phases   ] GC(216) Concurrent Relocate 9.796ms
[54.499s][info][gc,load     ] GC(216) Load: 0.00/0.00/0.00
[54.499s][info][gc,mmu      ] GC(216) MMU: 2ms/98.1%, 5ms/99.2%, 10ms/99.5%, 20ms/99.8%, 50ms/99.9%, 100ms/99.9%
[54.499s][info][gc,marking  ] GC(216) Mark: 8 stripe(s), 6 proactive flush(es), 1 terminate flush(es), 0 completion(s), 0 continuation(s) 
[54.499s][info][gc,marking  ] GC(216) Mark Stack Usage: 32M
[54.499s][info][gc,nmethod  ] GC(216) NMethods: 3833 registered, 10 unregistered
[54.499s][info][gc,metaspace] GC(216) Metaspace: 70M used, 71M committed, 1088M reserved
[54.499s][info][gc,ref      ] GC(216) Soft: 3829 encountered, 0 discovered, 0 enqueued
[54.499s][info][gc,ref      ] GC(216) Weak: 11040 encountered, 1646 discovered, 0 enqueued
[54.499s][info][gc,ref      ] GC(216) Final: 289 encountered, 15 discovered, 0 enqueued
[54.499s][info][gc,ref      ] GC(216) Phantom: 425 encountered, 315 discovered, 0 enqueued
[54.499s][info][gc,reloc    ] GC(216) Small Pages: 467 / 934M, Empty: 558M, Relocated: 8M, In-Place: 0
[54.499s][info][gc,reloc    ] GC(216) Medium Pages: 0 / 0M, Empty: 0M, Relocated: 0M, In-Place: 0
[54.499s][info][gc,reloc    ] GC(216) Large Pages: 0 / 0M, Empty: 0M, Relocated: 0M, In-Place: 0
[54.499s][info][gc,reloc    ] GC(216) Forwarding Usage: 3M
[54.499s][info][gc,heap     ] GC(216) Min Capacity: 8M(0%)
[54.499s][info][gc,heap     ] GC(216) Max Capacity: 2048M(100%)
[54.499s][info][gc,heap     ] GC(216) Soft Max Capacity: 2048M(100%)
[54.499s][info][gc,heap     ] GC(216)                Mark Start          Mark End        Relocate Start      Relocate End           High               Low         
[54.499s][info][gc,heap     ] GC(216)  Capacity:     2048M (100%)       2048M (100%)       2048M (100%)       2048M (100%)       2048M (100%)       2048M (100%)   
[54.499s][info][gc,heap     ] GC(216)      Free:     1114M (54%)        1000M (49%)        1522M (74%)        1788M (87%)        1812M (88%)         990M (48%)    
[54.499s][info][gc,heap     ] GC(216)      Used:      934M (46%)        1048M (51%)         526M (26%)         260M (13%)        1058M (52%)         236M (12%)    
[54.499s][info][gc,heap     ] GC(216)      Live:         -                53M (3%)           53M (3%)           53M (3%)             -                  -          
[54.499s][info][gc,heap     ] GC(216) Allocated:         -               114M (6%)          150M (7%)          179M (9%)             -                  -          
[54.499s][info][gc,heap     ] GC(216)   Garbage:         -               880M (43%)         322M (16%)          26M (1%)             -                  -          
[54.499s][info][gc,heap     ] GC(216) Reclaimed:         -                  -               558M (27%)         853M (42%)            -                  -          
[54.499s][info][gc          ] GC(216) Garbage Collection (Allocation Rate) 934M(46%)->260M(13%)
[54.555s][info][gc,start    ] GC(217) Garbage Collection (Allocation Rate)
[54.555s][info][gc,task     ] GC(217) Using 12 workers
[54.555s][info][gc,phases   ] GC(217) Pause Mark Start 0.011ms
[54.586s][info][gc,phases   ] GC(217) Concurrent Mark 30.194ms
[54.586s][info][gc,phases   ] GC(217) Pause Mark End 0.032ms
[54.588s][info][gc,phases   ] GC(217) Concurrent Mark Free 0.001ms
[54.590s][info][gc,phases   ] GC(217) Concurrent Process Non-Strong References 1.887ms
[54.590s][info][gc,phases   ] GC(217) Concurrent Reset Relocation Set 0.045ms
[54.601s][info][gc,phases   ] GC(217) Concurrent Select Relocation Set 10.184ms
[54.601s][info][gc,phases   ] GC(217) Pause Relocate Start 0.009ms
[54.607s][info][gc,phases   ] GC(217) Concurrent Relocate 5.739ms
[54.607s][info][gc,load     ] GC(217) Load: 0.00/0.00/0.00
[54.607s][info][gc,mmu      ] GC(217) MMU: 2ms/98.1%, 5ms/99.2%, 10ms/99.5%, 20ms/99.8%, 50ms/99.9%, 100ms/99.9%
[54.607s][info][gc,marking  ] GC(217) Mark: 8 stripe(s), 3 proactive flush(es), 1 terminate flush(es), 0 completion(s), 0 continuation(s) 
[54.607s][info][gc,marking  ] GC(217) Mark Stack Usage: 32M
[54.607s][info][gc,nmethod  ] GC(217) NMethods: 3834 registered, 10 unregistered
[54.607s][info][gc,metaspace] GC(217) Metaspace: 70M used, 71M committed, 1088M reserved
[54.607s][info][gc,ref      ] GC(217) Soft: 3829 encountered, 0 discovered, 0 enqueued
[54.607s][info][gc,ref      ] GC(217) Weak: 11040 encountered, 1342 discovered, 0 enqueued
[54.607s][info][gc,ref      ] GC(217) Final: 289 encountered, 2 discovered, 0 enqueued
[54.607s][info][gc,ref      ] GC(217) Phantom: 425 encountered, 223 discovered, 0 enqueued
[54.607s][info][gc,reloc    ] GC(217) Small Pages: 264 / 528M, Empty: 234M, Relocated: 8M, In-Place: 0
[54.607s][info][gc,reloc    ] GC(217) Medium Pages: 0 / 0M, Empty: 0M, Relocated: 0M, In-Place: 0
[54.607s][info][gc,reloc    ] GC(217) Large Pages: 0 / 0M, Empty: 0M, Relocated: 0M, In-Place: 0
[54.607s][info][gc,reloc    ] GC(217) Forwarding Usage: 3M
[54.607s][info][gc,heap     ] GC(217) Min Capacity: 8M(0%)
[54.607s][info][gc,heap     ] GC(217) Max Capacity: 2048M(100%)
[54.607s][info][gc,heap     ] GC(217) Soft Max Capacity: 2048M(100%)
[54.607s][info][gc,heap     ] GC(217)                Mark Start          Mark End        Relocate Start      Relocate End           High               Low         
[54.607s][info][gc,heap     ] GC(217)  Capacity:     2048M (100%)       2048M (100%)       2048M (100%)       2048M (100%)       2048M (100%)       2048M (100%)   
[54.607s][info][gc,heap     ] GC(217)      Free:     1520M (74%)        1386M (68%)        1554M (76%)        1752M (86%)        1760M (86%)        1366M (67%)    
[54.607s][info][gc,heap     ] GC(217)      Used:      528M (26%)         662M (32%)         494M (24%)         296M (14%)         682M (33%)         288M (14%)    
[54.607s][info][gc,heap     ] GC(217)      Live:         -                53M (3%)           53M (3%)           53M (3%)             -                  -          
[54.607s][info][gc,heap     ] GC(217) Allocated:         -               134M (7%)          200M (10%)         215M (11%)            -                  -          
[54.607s][info][gc,heap     ] GC(217)   Garbage:         -               474M (23%)         240M (12%)          26M (1%)             -                  -          
[54.607s][info][gc,heap     ] GC(217) Reclaimed:         -                  -               234M (11%)         447M (22%)            -                  -          
[54.607s][info][gc          ] GC(217) Garbage Collection (Allocation Rate) 528M(26%)->296M(14%)
[54.655s][info][gc,start    ] GC(218) Garbage Collection (Allocation Rate)
[54.655s][info][gc,task     ] GC(218) Using 12 workers
[54.655s][info][gc,phases   ] GC(218) Pause Mark Start 0.012ms
[54.679s][info][gc,phases   ] GC(218) Concurrent Mark 24.306ms
[54.680s][info][gc,phases   ] GC(218) Pause Mark End 0.032ms
[54.680s][info][gc,phases   ] GC(218) Concurrent Mark Free 0.001ms
[54.684s][info][gc,phases   ] GC(218) Concurrent Process Non-Strong References 3.994ms
[54.685s][info][gc,phases   ] GC(218) Concurrent Reset Relocation Set 0.040ms
[54.690s][info][gc,phases   ] GC(218) Concurrent Select Relocation Set 4.984ms
[54.690s][info][gc,phases   ] GC(218) Pause Relocate Start 0.009ms
[54.695s][info][gc,phases   ] GC(218) Concurrent Relocate 4.620ms
[54.695s][info][gc,load     ] GC(218) Load: 0.00/0.00/0.00
[54.695s][info][gc,mmu      ] GC(218) MMU: 2ms/98.1%, 5ms/99.2%, 10ms/99.5%, 20ms/99.8%, 50ms/99.9%, 100ms/99.9%
[54.695s][info][gc,marking  ] GC(218) Mark: 8 stripe(s), 3 proactive flush(es), 1 terminate flush(es), 0 completion(s), 0 continuation(s) 
[54.695s][info][gc,marking  ] GC(218) Mark Stack Usage: 32M
[54.695s][info][gc,nmethod  ] GC(218) NMethods: 3834 registered, 10 unregistered
[54.695s][info][gc,metaspace] GC(218) Metaspace: 70M used, 71M committed, 1088M reserved
[54.695s][info][gc,ref      ] GC(218) Soft: 3829 encountered, 0 discovered, 0 enqueued
[54.695s][info][gc,ref      ] GC(218) Weak: 11040 encountered, 829 discovered, 0 enqueued
[54.695s][info][gc,ref      ] GC(218) Final: 289 encountered, 11 discovered, 0 enqueued
[54.695s][info][gc,ref      ] GC(218) Phantom: 425 encountered, 254 discovered, 0 enqueued
[54.695s][info][gc,reloc    ] GC(218) Small Pages: 267 / 534M, Empty: 212M, Relocated: 6M, In-Place: 0
[54.695s][info][gc,reloc    ] GC(218) Medium Pages: 0 / 0M, Empty: 0M, Relocated: 0M, In-Place: 0
[54.695s][info][gc,reloc    ] GC(218) Large Pages: 0 / 0M, Empty: 0M, Relocated: 0M, In-Place: 0
[54.695s][info][gc,reloc    ] GC(218) Forwarding Usage: 2M
[54.695s][info][gc,heap     ] GC(218) Min Capacity: 8M(0%)
[54.695s][info][gc,heap     ] GC(218) Max Capacity: 2048M(100%)
[54.695s][info][gc,heap     ] GC(218) Soft Max Capacity: 2048M(100%)
[54.695s][info][gc,heap     ] GC(218)                Mark Start          Mark End        Relocate Start      Relocate End           High               Low         
[54.695s][info][gc,heap     ] GC(218)  Capacity:     2048M (100%)       2048M (100%)       2048M (100%)       2048M (100%)       2048M (100%)       2048M (100%)   
[54.695s][info][gc,heap     ] GC(218)      Free:     1514M (74%)        1398M (68%)        1568M (77%)        1794M (88%)        1802M (88%)        1378M (67%)    
[54.695s][info][gc,heap     ] GC(218)      Used:      534M (26%)         650M (32%)         480M (23%)         254M (12%)         670M (33%)         246M (12%)    
[54.695s][info][gc,heap     ] GC(218)      Live:         -                53M (3%)           53M (3%)           53M (3%)             -                  -          
[54.695s][info][gc,heap     ] GC(218) Allocated:         -               116M (6%)          158M (8%)          171M (8%)             -                  -          
[54.695s][info][gc,heap     ] GC(218)   Garbage:         -               480M (23%)         268M (13%)          29M (1%)             -                  -          
[54.695s][info][gc,heap     ] GC(218) Reclaimed:         -                  -               212M (10%)         451M (22%)            -                  -          
[54.696s][info][gc          ] GC(218) Garbage Collection (Allocation Rate) 534M(26%)->254M(12%)
[54.754s][info][gc,start    ] GC(219) Garbage Collection (Allocation Rate)
[54.754s][info][gc,task     ] GC(219) Using 12 workers
[54.755s][info][gc,phases   ] GC(219) Pause Mark Start 0.013ms
[54.779s][info][gc,phases   ] GC(219) Concurrent Mark 24.099ms
[54.780s][info][gc,phases   ] GC(219) Pause Mark End 0.026ms
[54.782s][info][gc,phases   ] GC(219) Concurrent Mark Free 0.001ms
[54.785s][info][gc,phases   ] GC(219) Concurrent Process Non-Strong References 2.060ms
[54.785s][info][gc,phases   ] GC(219) Concurrent Reset Relocation Set 0.039ms
[54.794s][info][gc,phases   ] GC(219) Concurrent Select Relocation Set 9.073ms
[54.794s][info][gc,phases   ] GC(219) Pause Relocate Start 0.009ms
[54.800s][info][gc,phases   ] GC(219) Concurrent Relocate 4.865ms
[54.800s][info][gc,load     ] GC(219) Load: 0.00/0.00/0.00
[54.800s][info][gc,mmu      ] GC(219) MMU: 2ms/98.1%, 5ms/99.2%, 10ms/99.5%, 20ms/99.8%, 50ms/99.9%, 100ms/99.9%
[54.800s][info][gc,marking  ] GC(219) Mark: 8 stripe(s), 3 proactive flush(es), 1 terminate flush(es), 0 completion(s), 0 continuation(s) 
[54.800s][info][gc,marking  ] GC(219) Mark Stack Usage: 32M
[54.800s][info][gc,nmethod  ] GC(219) NMethods: 3834 registered, 10 unregistered
[54.800s][info][gc,metaspace] GC(219) Metaspace: 70M used, 71M committed, 1088M reserved
[54.800s][info][gc,ref      ] GC(219) Soft: 3829 encountered, 0 discovered, 0 enqueued
[54.800s][info][gc,ref      ] GC(219) Weak: 11040 encountered, 1594 discovered, 0 enqueued
[54.800s][info][gc,ref      ] GC(219) Final: 289 encountered, 84 discovered, 0 enqueued
[54.800s][info][gc,ref      ] GC(219) Phantom: 425 encountered, 332 discovered, 0 enqueued
[54.800s][info][gc,reloc    ] GC(219) Small Pages: 271 / 542M, Empty: 224M, Relocated: 6M, In-Place: 0
[54.800s][info][gc,reloc    ] GC(219) Medium Pages: 0 / 0M, Empty: 0M, Relocated: 0M, In-Place: 0
[54.800s][info][gc,reloc    ] GC(219) Large Pages: 0 / 0M, Empty: 0M, Relocated: 0M, In-Place: 0
[54.800s][info][gc,reloc    ] GC(219) Forwarding Usage: 3M
[54.800s][info][gc,heap     ] GC(219) Min Capacity: 8M(0%)
[54.800s][info][gc,heap     ] GC(219) Max Capacity: 2048M(100%)
[54.800s][info][gc,heap     ] GC(219) Soft Max Capacity: 2048M(100%)
[54.800s][info][gc,heap     ] GC(219)                Mark Start          Mark End        Relocate Start      Relocate End           High               Low         
[54.800s][info][gc,heap     ] GC(219)  Capacity:     2048M (100%)       2048M (100%)       2048M (100%)       2048M (100%)       2048M (100%)       2048M (100%)   
[54.800s][info][gc,heap     ] GC(219)      Free:     1506M (74%)        1398M (68%)        1564M (76%)        1786M (87%)        1792M (88%)        1378M (67%)    
[54.800s][info][gc,heap     ] GC(219)      Used:      542M (26%)         650M (32%)         484M (24%)         262M (13%)         670M (33%)         256M (13%)    
[54.800s][info][gc,heap     ] GC(219)      Live:         -                53M (3%)           53M (3%)           53M (3%)             -                  -          
[54.800s][info][gc,heap     ] GC(219) Allocated:         -               108M (5%)          166M (8%)          179M (9%)             -                  -          
[54.800s][info][gc,heap     ] GC(219)   Garbage:         -               488M (24%)         264M (13%)          29M (1%)             -                  -          
[54.800s][info][gc,heap     ] GC(219) Reclaimed:         -                  -               224M (11%)         459M (22%)            -                  -          
[54.800s][info][gc          ] GC(219) Garbage Collection (Allocation Rate) 542M(26%)->262M(13%)
[54.854s][info][gc,start    ] GC(220) Garbage Collection (Allocation Rate)
[54.854s][info][gc,task     ] GC(220) Using 12 workers
[54.854s][info][gc,phases   ] GC(220) Pause Mark Start 0.009ms
[54.881s][info][gc,phases   ] GC(220) Concurrent Mark 25.984ms
[54.881s][info][gc,phases   ] GC(220) Pause Mark End 0.026ms
[54.884s][info][gc,phases   ] GC(220) Concurrent Mark Free 0.002ms
[54.886s][info][gc,phases   ] GC(220) Concurrent Process Non-Strong References 1.919ms
[54.886s][info][gc,phases   ] GC(220) Concurrent Reset Relocation Set 0.044ms
[54.891s][info][gc,phases   ] GC(220) Concurrent Select Relocation Set 4.848ms
[54.891s][info][gc,phases   ] GC(220) Pause Relocate Start 0.009ms
[54.896s][info][gc,phases   ] GC(220) Concurrent Relocate 4.927ms
[54.896s][info][gc,load     ] GC(220) Load: 0.00/0.00/0.00
[54.896s][info][gc,mmu      ] GC(220) MMU: 2ms/98.1%, 5ms/99.2%, 10ms/99.5%, 20ms/99.8%, 50ms/99.9%, 100ms/99.9%
[54.896s][info][gc,marking  ] GC(220) Mark: 8 stripe(s), 3 proactive flush(es), 1 terminate flush(es), 0 completion(s), 0 continuation(s) 
[54.896s][info][gc,marking  ] GC(220) Mark Stack Usage: 32M
[54.896s][info][gc,nmethod  ] GC(220) NMethods: 3834 registered, 10 unregistered
[54.896s][info][gc,metaspace] GC(220) Metaspace: 70M used, 71M committed, 1088M reserved
[54.896s][info][gc,ref      ] GC(220) Soft: 3829 encountered, 0 discovered, 0 enqueued
[54.896s][info][gc,ref      ] GC(220) Weak: 11040 encountered, 1341 discovered, 0 enqueued
[54.897s][info][gc,ref      ] GC(220) Final: 289 encountered, 20 discovered, 0 enqueued
[54.897s][info][gc,ref      ] GC(220) Phantom: 425 encountered, 284 discovered, 0 enqueued
[54.897s][info][gc,reloc    ] GC(220) Small Pages: 251 / 502M, Empty: 222M, Relocated: 6M, In-Place: 0
[54.897s][info][gc,reloc    ] GC(220) Medium Pages: 0 / 0M, Empty: 0M, Relocated: 0M, In-Place: 0
[54.897s][info][gc,reloc    ] GC(220) Large Pages: 0 / 0M, Empty: 0M, Relocated: 0M, In-Place: 0
[54.897s][info][gc,reloc    ] GC(220) Forwarding Usage: 2M
[54.897s][info][gc,heap     ] GC(220) Min Capacity: 8M(0%)
[54.897s][info][gc,heap     ] GC(220) Max Capacity: 2048M(100%)
[54.897s][info][gc,heap     ] GC(220) Soft Max Capacity: 2048M(100%)
[54.897s][info][gc,heap     ] GC(220)                Mark Start          Mark End        Relocate Start      Relocate End           High               Low         
[54.897s][info][gc,heap     ] GC(220)  Capacity:     2048M (100%)       2048M (100%)       2048M (100%)       2048M (100%)       2048M (100%)       2048M (100%)   
[54.897s][info][gc,heap     ] GC(220)      Free:     1546M (75%)        1432M (70%)        1614M (79%)        1796M (88%)        1806M (88%)        1414M (69%)    
[54.897s][info][gc,heap     ] GC(220)      Used:      502M (25%)         616M (30%)         434M (21%)         252M (12%)         634M (31%)         242M (12%)    
[54.897s][info][gc,heap     ] GC(220)      Live:         -                53M (3%)           53M (3%)           53M (3%)             -                  -          
[54.897s][info][gc,heap     ] GC(220) Allocated:         -               114M (6%)          154M (8%)          169M (8%)             -                  -          
[54.897s][info][gc,heap     ] GC(220)   Garbage:         -               448M (22%)         226M (11%)          28M (1%)             -                  -          
[54.897s][info][gc,heap     ] GC(220) Reclaimed:         -                  -               222M (11%)         419M (20%)            -                  -          
[54.897s][info][gc          ] GC(220) Garbage Collection (Allocation Rate) 502M(25%)->252M(12%)
[54.954s][info][gc,start    ] GC(221) Garbage Collection (Allocation Rate)
[54.954s][info][gc,task     ] GC(221) Using 12 workers
[54.954s][info][gc,phases   ] GC(221) Pause Mark Start 0.013ms
[54.986s][info][gc,phases   ] GC(221) Concurrent Mark 31.232ms
[54.986s][info][gc,phases   ] GC(221) Pause Mark End 0.029ms
[54.987s][info][gc,phases   ] GC(221) Concurrent Mark Free 0.001ms
[54.989s][info][gc,phases   ] GC(221) Concurrent Process Non-Strong References 1.978ms
[54.989s][info][gc,phases   ] GC(221) Concurrent Reset Relocation Set 0.029ms
[54.998s][info][gc,phases   ] GC(221) Concurrent Select Relocation Set 9.046ms
[54.998s][info][gc,phases   ] GC(221) Pause Relocate Start 0.009ms
[55.004s][info][gc,phases   ] GC(221) Concurrent Relocate 5.660ms
[55.004s][info][gc,load     ] GC(221) Load: 0.00/0.00/0.00
[55.004s][info][gc,mmu      ] GC(221) MMU: 2ms/98.1%, 5ms/99.2%, 10ms/99.5%, 20ms/99.8%, 50ms/99.9%, 100ms/99.9%
[55.004s][info][gc,marking  ] GC(221) Mark: 8 stripe(s), 4 proactive flush(es), 1 terminate flush(es), 0 completion(s), 0 continuation(s) 
[55.004s][info][gc,marking  ] GC(221) Mark Stack Usage: 32M
[55.004s][info][gc,nmethod  ] GC(221) NMethods: 3834 registered, 10 unregistered
[55.004s][info][gc,metaspace] GC(221) Metaspace: 70M used, 71M committed, 1088M reserved
[55.004s][info][gc,ref      ] GC(221) Soft: 3829 encountered, 0 discovered, 0 enqueued
[55.004s][info][gc,ref      ] GC(221) Weak: 11040 encountered, 2463 discovered, 0 enqueued
[55.004s][info][gc,ref      ] GC(221) Final: 289 encountered, 97 discovered, 0 enqueued
[55.004s][info][gc,ref      ] GC(221) Phantom: 425 encountered, 317 discovered, 0 enqueued
[55.004s][info][gc,reloc    ] GC(221) Small Pages: 268 / 536M, Empty: 236M, Relocated: 6M, In-Place: 0
[55.004s][info][gc,reloc    ] GC(221) Medium Pages: 0 / 0M, Empty: 0M, Relocated: 0M, In-Place: 0
[55.004s][info][gc,reloc    ] GC(221) Large Pages: 0 / 0M, Empty: 0M, Relocated: 0M, In-Place: 0
[55.004s][info][gc,reloc    ] GC(221) Forwarding Usage: 2M
[55.004s][info][gc,heap     ] GC(221) Min Capacity: 8M(0%)
[55.004s][info][gc,heap     ] GC(221) Max Capacity: 2048M(100%)
[55.004s][info][gc,heap     ] GC(221) Soft Max Capacity: 2048M(100%)
[55.004s][info][gc,heap     ] GC(221)                Mark Start          Mark End        Relocate Start      Relocate End           High               Low         
[55.004s][info][gc,heap     ] GC(221)  Capacity:     2048M (100%)       2048M (100%)       2048M (100%)       2048M (100%)       2048M (100%)       2048M (100%)   
[55.004s][info][gc,heap     ] GC(221)      Free:     1512M (74%)        1368M (67%)        1552M (76%)        1754M (86%)        1766M (86%)        1360M (66%)    
[55.004s][info][gc,heap     ] GC(221)      Used:      536M (26%)         680M (33%)         496M (24%)         294M (14%)         688M (34%)         282M (14%)    
[55.004s][info][gc,heap     ] GC(221)      Live:         -                53M (3%)           53M (3%)           53M (3%)             -                  -          
[55.004s][info][gc,heap     ] GC(221) Allocated:         -               144M (7%)          196M (10%)         211M (10%)            -                  -          
[55.004s][info][gc,heap     ] GC(221)   Garbage:         -               482M (24%)         246M (12%)          28M (1%)             -                  -          
[55.005s][info][gc,heap     ] GC(221) Reclaimed:         -                  -               236M (12%)         453M (22%)            -                  -          
[55.005s][info][gc          ] GC(221) Garbage Collection (Allocation Rate) 536M(26%)->294M(14%)
[55.054s][info][gc,start    ] GC(222) Garbage Collection (Allocation Rate)
[55.054s][info][gc,task     ] GC(222) Using 12 workers
[55.054s][info][gc,phases   ] GC(222) Pause Mark Start 0.010ms
[55.081s][info][gc,phases   ] GC(222) Concurrent Mark 25.920ms
[55.081s][info][gc,phases   ] GC(222) Pause Mark End 0.030ms
[55.082s][info][gc,phases   ] GC(222) Concurrent Mark Free 0.001ms
[55.084s][info][gc,phases   ] GC(222) Concurrent Process Non-Strong References 1.892ms
[55.085s][info][gc,phases   ] GC(222) Concurrent Reset Relocation Set 0.043ms
[55.098s][info][gc,phases   ] GC(222) Concurrent Select Relocation Set 13.084ms
[55.098s][info][gc,phases   ] GC(222) Pause Relocate Start 0.010ms
[55.103s][info][gc,phases   ] GC(222) Concurrent Relocate 4.989ms
[55.104s][info][gc,load     ] GC(222) Load: 0.00/0.00/0.00
[55.104s][info][gc,mmu      ] GC(222) MMU: 2ms/98.1%, 5ms/99.2%, 10ms/99.5%, 20ms/99.8%, 50ms/99.9%, 100ms/99.9%
[55.104s][info][gc,marking  ] GC(222) Mark: 8 stripe(s), 3 proactive flush(es), 1 terminate flush(es), 0 completion(s), 0 continuation(s) 
[55.104s][info][gc,marking  ] GC(222) Mark Stack Usage: 32M
[55.104s][info][gc,nmethod  ] GC(222) NMethods: 3834 registered, 10 unregistered
[55.104s][info][gc,metaspace] GC(222) Metaspace: 70M used, 71M committed, 1088M reserved
[55.104s][info][gc,ref      ] GC(222) Soft: 3829 encountered, 0 discovered, 0 enqueued
[55.104s][info][gc,ref      ] GC(222) Weak: 11040 encountered, 1462 discovered, 0 enqueued
[55.104s][info][gc,ref      ] GC(222) Final: 289 encountered, 28 discovered, 0 enqueued
[55.104s][info][gc,ref      ] GC(222) Phantom: 425 encountered, 232 discovered, 0 enqueued
[55.104s][info][gc,reloc    ] GC(222) Small Pages: 271 / 542M, Empty: 222M, Relocated: 6M, In-Place: 0
[55.104s][info][gc,reloc    ] GC(222) Medium Pages: 0 / 0M, Empty: 0M, Relocated: 0M, In-Place: 0
[55.104s][info][gc,reloc    ] GC(222) Large Pages: 0 / 0M, Empty: 0M, Relocated: 0M, In-Place: 0
[55.104s][info][gc,reloc    ] GC(222) Forwarding Usage: 2M
[55.104s][info][gc,heap     ] GC(222) Min Capacity: 8M(0%)
[55.104s][info][gc,heap     ] GC(222) Max Capacity: 2048M(100%)
[55.104s][info][gc,heap     ] GC(222) Soft Max Capacity: 2048M(100%)
[55.104s][info][gc,heap     ] GC(222)                Mark Start          Mark End        Relocate Start      Relocate End           High               Low         
[55.104s][info][gc,heap     ] GC(222)  Capacity:     2048M (100%)       2048M (100%)       2048M (100%)       2048M (100%)       2048M (100%)       2048M (100%)   
[55.104s][info][gc,heap     ] GC(222)      Free:     1506M (74%)        1390M (68%)        1542M (75%)        1770M (86%)        1776M (87%)        1376M (67%)    
[55.104s][info][gc,heap     ] GC(222)      Used:      542M (26%)         658M (32%)         506M (25%)         278M (14%)         672M (33%)         272M (13%)    
[55.104s][info][gc,heap     ] GC(222)      Live:         -                53M (3%)           53M (3%)           53M (3%)             -                  -          
[55.104s][info][gc,heap     ] GC(222) Allocated:         -               116M (6%)          186M (9%)          195M (10%)            -                  -          
[55.104s][info][gc,heap     ] GC(222)   Garbage:         -               488M (24%)         266M (13%)          28M (1%)             -                  -          
[55.104s][info][gc,heap     ] GC(222) Reclaimed:         -                  -               222M (11%)         459M (22%)            -                  -          
[55.104s][info][gc          ] GC(222) Garbage Collection (Allocation Rate) 542M(26%)->278M(14%)
[55.155s][info][gc,start    ] GC(223) Garbage Collection (Allocation Rate)
[55.155s][info][gc,task     ] GC(223) Using 12 workers
[55.155s][info][gc,phases   ] GC(223) Pause Mark Start 0.013ms
[55.181s][info][gc,phases   ] GC(223) Concurrent Mark 25.238ms
[55.213s][info][gc,phases   ] GC(223) Pause Mark End 0.032ms
[55.214s][info][gc,phases   ] GC(223) Concurrent Mark Free 0.002ms
[55.217s][info][gc,phases   ] GC(223) Concurrent Process Non-Strong References 2.576ms
[55.217s][info][gc,phases   ] GC(223) Concurrent Reset Relocation Set 0.038ms
[55.227s][info][gc,phases   ] GC(223) Concurrent Select Relocation Set 9.537ms
[55.227s][info][gc,phases   ] GC(223) Pause Relocate Start 0.009ms
[55.235s][info][gc,phases   ] GC(223) Concurrent Relocate 7.607ms
[55.235s][info][gc,load     ] GC(223) Load: 0.00/0.00/0.00
[55.235s][info][gc,mmu      ] GC(223) MMU: 2ms/98.1%, 5ms/99.2%, 10ms/99.5%, 20ms/99.8%, 50ms/99.9%, 100ms/99.9%
[55.235s][info][gc,marking  ] GC(223) Mark: 8 stripe(s), 5 proactive flush(es), 1 terminate flush(es), 0 completion(s), 0 continuation(s) 
[55.235s][info][gc,marking  ] GC(223) Mark Stack Usage: 32M
[55.235s][info][gc,nmethod  ] GC(223) NMethods: 3834 registered, 10 unregistered
[55.235s][info][gc,metaspace] GC(223) Metaspace: 70M used, 71M committed, 1088M reserved
[55.235s][info][gc,ref      ] GC(223) Soft: 3829 encountered, 0 discovered, 0 enqueued
[55.235s][info][gc,ref      ] GC(223) Weak: 11040 encountered, 1560 discovered, 0 enqueued
[55.235s][info][gc,ref      ] GC(223) Final: 289 encountered, 57 discovered, 0 enqueued
[55.235s][info][gc,ref      ] GC(223) Phantom: 425 encountered, 320 discovered, 0 enqueued
[55.235s][info][gc,reloc    ] GC(223) Small Pages: 266 / 532M, Empty: 206M, Relocated: 6M, In-Place: 0
[55.235s][info][gc,reloc    ] GC(223) Medium Pages: 0 / 0M, Empty: 0M, Relocated: 0M, In-Place: 0
[55.235s][info][gc,reloc    ] GC(223) Large Pages: 0 / 0M, Empty: 0M, Relocated: 0M, In-Place: 0
[55.235s][info][gc,reloc    ] GC(223) Forwarding Usage: 2M
[55.235s][info][gc,heap     ] GC(223) Min Capacity: 8M(0%)
[55.235s][info][gc,heap     ] GC(223) Max Capacity: 2048M(100%)
[55.235s][info][gc,heap     ] GC(223) Soft Max Capacity: 2048M(100%)
[55.235s][info][gc,heap     ] GC(223)                Mark Start          Mark End        Relocate Start      Relocate End           High               Low         
[55.235s][info][gc,heap     ] GC(223)  Capacity:     2048M (100%)       2048M (100%)       2048M (100%)       2048M (100%)       2048M (100%)       2048M (100%)   
[55.235s][info][gc,heap     ] GC(223)      Free:     1516M (74%)        1244M (61%)        1384M (68%)        1600M (78%)        1620M (79%)        1222M (60%)    
[55.235s][info][gc,heap     ] GC(223)      Used:      532M (26%)         804M (39%)         664M (32%)         448M (22%)         826M (40%)         428M (21%)    
[55.235s][info][gc,heap     ] GC(223)      Live:         -                53M (3%)           53M (3%)           53M (3%)             -                  -          
[55.235s][info][gc,heap     ] GC(223) Allocated:         -               272M (13%)         338M (17%)         365M (18%)            -                  -          
[55.235s][info][gc,heap     ] GC(223)   Garbage:         -               478M (23%)         272M (13%)          28M (1%)             -                  -          
[55.235s][info][gc,heap     ] GC(223) Reclaimed:         -                  -               206M (10%)         449M (22%)            -                  -          
[55.235s][info][gc          ] GC(223) Garbage Collection (Allocation Rate) 532M(26%)->448M(22%)
[55.255s][info][gc,start    ] GC(224) Garbage Collection (Allocation Rate)
[55.255s][info][gc,task     ] GC(224) Using 12 workers
[55.255s][info][gc,phases   ] GC(224) Pause Mark Start 0.010ms
[55.279s][info][gc,phases   ] GC(224) Concurrent Mark 23.883ms
[55.280s][info][gc,phases   ] GC(224) Pause Mark End 0.027ms
[55.282s][info][gc,phases   ] GC(224) Concurrent Mark Free 0.002ms
[55.284s][info][gc,phases   ] GC(224) Concurrent Process Non-Strong References 1.942ms
[55.284s][info][gc,phases   ] GC(224) Concurrent Reset Relocation Set 0.041ms
[55.294s][info][gc,phases   ] GC(224) Concurrent Select Relocation Set 9.395ms
[55.294s][info][gc,phases   ] GC(224) Pause Relocate Start 0.008ms
[55.299s][info][gc,phases   ] GC(224) Concurrent Relocate 4.016ms
[55.299s][info][gc,load     ] GC(224) Load: 0.00/0.00/0.00
[55.299s][info][gc,mmu      ] GC(224) MMU: 2ms/98.1%, 5ms/99.2%, 10ms/99.5%, 20ms/99.8%, 50ms/99.9%, 100ms/99.9%
[55.299s][info][gc,marking  ] GC(224) Mark: 8 stripe(s), 3 proactive flush(es), 1 terminate flush(es), 0 completion(s), 0 continuation(s) 
[55.299s][info][gc,marking  ] GC(224) Mark Stack Usage: 32M
[55.299s][info][gc,nmethod  ] GC(224) NMethods: 3845 registered, 11 unregistered
[55.299s][info][gc,metaspace] GC(224) Metaspace: 70M used, 71M committed, 1088M reserved
[55.299s][info][gc,ref      ] GC(224) Soft: 3829 encountered, 0 discovered, 0 enqueued
[55.299s][info][gc,ref      ] GC(224) Weak: 10993 encountered, 1688 discovered, 141 enqueued
[55.299s][info][gc,ref      ] GC(224) Final: 289 encountered, 24 discovered, 0 enqueued
[55.299s][info][gc,ref      ] GC(224) Phantom: 425 encountered, 359 discovered, 0 enqueued
[55.299s][info][gc,reloc    ] GC(224) Small Pages: 271 / 542M, Empty: 168M, Relocated: 8M, In-Place: 0
[55.299s][info][gc,reloc    ] GC(224) Medium Pages: 0 / 0M, Empty: 0M, Relocated: 0M, In-Place: 0
[55.299s][info][gc,reloc    ] GC(224) Large Pages: 0 / 0M, Empty: 0M, Relocated: 0M, In-Place: 0
[55.299s][info][gc,reloc    ] GC(224) Forwarding Usage: 2M
[55.299s][info][gc,heap     ] GC(224) Min Capacity: 8M(0%)
[55.299s][info][gc,heap     ] GC(224) Max Capacity: 2048M(100%)
[55.299s][info][gc,heap     ] GC(224) Soft Max Capacity: 2048M(100%)
[55.299s][info][gc,heap     ] GC(224)                Mark Start          Mark End        Relocate Start      Relocate End           High               Low         
[55.299s][info][gc,heap     ] GC(224)  Capacity:     2048M (100%)       2048M (100%)       2048M (100%)       2048M (100%)       2048M (100%)       2048M (100%)   
[55.299s][info][gc,heap     ] GC(224)      Free:     1506M (74%)        1398M (68%)        1506M (74%)        1790M (87%)        1790M (87%)        1382M (67%)    
[55.299s][info][gc,heap     ] GC(224)      Used:      542M (26%)         650M (32%)         542M (26%)         258M (13%)         666M (33%)         258M (13%)    
[55.299s][info][gc,heap     ] GC(224)      Live:         -                52M (3%)           52M (3%)           52M (3%)             -                  -          
[55.299s][info][gc,heap     ] GC(224) Allocated:         -               108M (5%)          168M (8%)          179M (9%)             -                  -          
[55.299s][info][gc,heap     ] GC(224)   Garbage:         -               489M (24%)         321M (16%)          26M (1%)             -                  -          
[55.299s][info][gc,heap     ] GC(224) Reclaimed:         -                  -               168M (8%)          463M (23%)            -                  -          
[55.299s][info][gc          ] GC(224) Garbage Collection (Allocation Rate) 542M(26%)->258M(13%)
[55.354s][info][gc,start    ] GC(225) Garbage Collection (Allocation Rate)
[55.354s][info][gc,task     ] GC(225) Using 12 workers
[55.355s][info][gc,phases   ] GC(225) Pause Mark Start 0.010ms
[55.373s][info][gc,phases   ] GC(225) Concurrent Mark 18.425ms
[55.374s][info][gc,phases   ] GC(225) Pause Mark End 0.025ms
[55.375s][info][gc,phases   ] GC(225) Concurrent Mark Free 0.002ms
[55.379s][info][gc,phases   ] GC(225) Concurrent Process Non-Strong References 4.552ms
[55.379s][info][gc,phases   ] GC(225) Concurrent Reset Relocation Set 0.044ms
[55.384s][info][gc,phases   ] GC(225) Concurrent Select Relocation Set 4.970ms
[55.385s][info][gc,phases   ] GC(225) Pause Relocate Start 0.010ms
[55.388s][info][gc,phases   ] GC(225) Concurrent Relocate 3.363ms
[55.388s][info][gc,load     ] GC(225) Load: 0.00/0.00/0.00
[55.388s][info][gc,mmu      ] GC(225) MMU: 2ms/98.1%, 5ms/99.2%, 10ms/99.5%, 20ms/99.8%, 50ms/99.9%, 100ms/99.9%
[55.388s][info][gc,marking  ] GC(225) Mark: 8 stripe(s), 5 proactive flush(es), 1 terminate flush(es), 0 completion(s), 0 continuation(s) 
[55.388s][info][gc,marking  ] GC(225) Mark Stack Usage: 32M
[55.388s][info][gc,nmethod  ] GC(225) NMethods: 3845 registered, 11 unregistered
[55.388s][info][gc,metaspace] GC(225) Metaspace: 70M used, 71M committed, 1088M reserved
[55.388s][info][gc,ref      ] GC(225) Soft: 3829 encountered, 0 discovered, 0 enqueued
[55.388s][info][gc,ref      ] GC(225) Weak: 10847 encountered, 1358 discovered, 3 enqueued
[55.389s][info][gc,ref      ] GC(225) Final: 289 encountered, 9 discovered, 0 enqueued
[55.389s][info][gc,ref      ] GC(225) Phantom: 425 encountered, 313 discovered, 0 enqueued
[55.389s][info][gc,reloc    ] GC(225) Small Pages: 268 / 536M, Empty: 220M, Relocated: 6M, In-Place: 0
[55.389s][info][gc,reloc    ] GC(225) Medium Pages: 0 / 0M, Empty: 0M, Relocated: 0M, In-Place: 0
[55.389s][info][gc,reloc    ] GC(225) Large Pages: 0 / 0M, Empty: 0M, Relocated: 0M, In-Place: 0
[55.389s][info][gc,reloc    ] GC(225) Forwarding Usage: 2M
[55.389s][info][gc,heap     ] GC(225) Min Capacity: 8M(0%)
[55.389s][info][gc,heap     ] GC(225) Max Capacity: 2048M(100%)
[55.389s][info][gc,heap     ] GC(225) Soft Max Capacity: 2048M(100%)
[55.389s][info][gc,heap     ] GC(225)                Mark Start          Mark End        Relocate Start      Relocate End           High               Low         
[55.389s][info][gc,heap     ] GC(225)  Capacity:     2048M (100%)       2048M (100%)       2048M (100%)       2048M (100%)       2048M (100%)       2048M (100%)   
[55.389s][info][gc,heap     ] GC(225)      Free:     1512M (74%)        1422M (69%)        1594M (78%)        1822M (89%)        1822M (89%)        1396M (68%)    
[55.389s][info][gc,heap     ] GC(225)      Used:      536M (26%)         626M (31%)         454M (22%)         226M (11%)         652M (32%)         226M (11%)    
[55.389s][info][gc,heap     ] GC(225)      Live:         -                51M (3%)           51M (3%)           51M (3%)             -                  -          
[55.389s][info][gc,heap     ] GC(225) Allocated:         -                90M (4%)          138M (7%)          145M (7%)             -                  -          
[55.389s][info][gc,heap     ] GC(225)   Garbage:         -               484M (24%)         264M (13%)          28M (1%)             -                  -          
[55.389s][info][gc,heap     ] GC(225) Reclaimed:         -                  -               220M (11%)         455M (22%)            -                  -          
[55.389s][info][gc          ] GC(225) Garbage Collection (Allocation Rate) 536M(26%)->226M(11%)
[55.454s][info][gc,start    ] GC(226) Garbage Collection (Allocation Rate)
[55.454s][info][gc,task     ] GC(226) Using 12 workers
[55.454s][info][gc,phases   ] GC(226) Pause Mark Start 0.010ms
[55.478s][info][gc,phases   ] GC(226) Concurrent Mark 23.255ms
[55.478s][info][gc,phases   ] GC(226) Pause Mark End 0.027ms
[55.480s][info][gc,phases   ] GC(226) Concurrent Mark Free 0.001ms
[55.484s][info][gc,phases   ] GC(226) Concurrent Process Non-Strong References 3.828ms
[55.484s][info][gc,phases   ] GC(226) Concurrent Reset Relocation Set 0.040ms
[55.494s][info][gc,phases   ] GC(226) Concurrent Select Relocation Set 9.314ms
[55.494s][info][gc,phases   ] GC(226) Pause Relocate Start 0.008ms
[55.498s][info][gc,phases   ] GC(226) Concurrent Relocate 3.719ms
[55.498s][info][gc,load     ] GC(226) Load: 0.00/0.00/0.00
[55.498s][info][gc,mmu      ] GC(226) MMU: 2ms/98.1%, 5ms/99.2%, 10ms/99.5%, 20ms/99.8%, 50ms/99.9%, 100ms/99.9%
[55.498s][info][gc,marking  ] GC(226) Mark: 8 stripe(s), 3 proactive flush(es), 1 terminate flush(es), 0 completion(s), 0 continuation(s) 
[55.498s][info][gc,marking  ] GC(226) Mark Stack Usage: 32M
[55.498s][info][gc,nmethod  ] GC(226) NMethods: 3845 registered, 11 unregistered
[55.498s][info][gc,metaspace] GC(226) Metaspace: 70M used, 71M committed, 1088M reserved
[55.498s][info][gc,ref      ] GC(226) Soft: 3829 encountered, 0 discovered, 0 enqueued
[55.498s][info][gc,ref      ] GC(226) Weak: 10844 encountered, 1063 discovered, 0 enqueued
[55.498s][info][gc,ref      ] GC(226) Final: 289 encountered, 4 discovered, 0 enqueued
[55.498s][info][gc,ref      ] GC(226) Phantom: 425 encountered, 302 discovered, 0 enqueued
[55.498s][info][gc,reloc    ] GC(226) Small Pages: 278 / 556M, Empty: 230M, Relocated: 6M, In-Place: 0
[55.498s][info][gc,reloc    ] GC(226) Medium Pages: 0 / 0M, Empty: 0M, Relocated: 0M, In-Place: 0
[55.498s][info][gc,reloc    ] GC(226) Large Pages: 0 / 0M, Empty: 0M, Relocated: 0M, In-Place: 0
[55.498s][info][gc,reloc    ] GC(226) Forwarding Usage: 2M
[55.498s][info][gc,heap     ] GC(226) Min Capacity: 8M(0%)
[55.498s][info][gc,heap     ] GC(226) Max Capacity: 2048M(100%)
[55.498s][info][gc,heap     ] GC(226) Soft Max Capacity: 2048M(100%)
[55.498s][info][gc,heap     ] GC(226)                Mark Start          Mark End        Relocate Start      Relocate End           High               Low         
[55.498s][info][gc,heap     ] GC(226)  Capacity:     2048M (100%)       2048M (100%)       2048M (100%)       2048M (100%)       2048M (100%)       2048M (100%)   
[55.498s][info][gc,heap     ] GC(226)      Free:     1492M (73%)        1382M (67%)        1542M (75%)        1780M (87%)        1782M (87%)        1356M (66%)    
[55.498s][info][gc,heap     ] GC(226)      Used:      556M (27%)         666M (33%)         506M (25%)         268M (13%)         692M (34%)         266M (13%)    
[55.498s][info][gc,heap     ] GC(226)      Live:         -                52M (3%)           52M (3%)           52M (3%)             -                  -          
[55.498s][info][gc,heap     ] GC(226) Allocated:         -               110M (5%)          180M (9%)          187M (9%)             -                  -          
[55.498s][info][gc,heap     ] GC(226)   Garbage:         -               503M (25%)         273M (13%)          28M (1%)             -                  -          
[55.498s][info][gc,heap     ] GC(226) Reclaimed:         -                  -               230M (11%)         475M (23%)            -                  -          
[55.498s][info][gc          ] GC(226) Garbage Collection (Allocation Rate) 556M(27%)->268M(13%)
[55.654s][info][gc,start    ] GC(227) Garbage Collection (Allocation Rate)
[55.654s][info][gc,task     ] GC(227) Using 5 workers
[55.654s][info][gc,phases   ] GC(227) Pause Mark Start 0.011ms
[55.691s][info][gc,phases   ] GC(227) Concurrent Mark 36.085ms
[55.691s][info][gc,phases   ] GC(227) Pause Mark End 0.024ms
[55.691s][info][gc,phases   ] GC(227) Concurrent Mark Free 0.001ms
[55.695s][info][gc,phases   ] GC(227) Concurrent Process Non-Strong References 3.383ms
[55.695s][info][gc,phases   ] GC(227) Concurrent Reset Relocation Set 0.042ms
[55.700s][info][gc,phases   ] GC(227) Concurrent Select Relocation Set 5.040ms
[55.700s][info][gc,phases   ] GC(227) Pause Relocate Start 0.009ms
[55.706s][info][gc,phases   ] GC(227) Concurrent Relocate 5.737ms
[55.706s][info][gc,load     ] GC(227) Load: 0.00/0.00/0.00
[55.706s][info][gc,mmu      ] GC(227) MMU: 2ms/98.1%, 5ms/99.2%, 10ms/99.5%, 20ms/99.8%, 50ms/99.9%, 100ms/99.9%
[55.706s][info][gc,marking  ] GC(227) Mark: 4 stripe(s), 2 proactive flush(es), 1 terminate flush(es), 0 completion(s), 0 continuation(s) 
[55.706s][info][gc,marking  ] GC(227) Mark Stack Usage: 32M
[55.706s][info][gc,nmethod  ] GC(227) NMethods: 3845 registered, 11 unregistered
[55.706s][info][gc,metaspace] GC(227) Metaspace: 70M used, 71M committed, 1088M reserved
[55.706s][info][gc,ref      ] GC(227) Soft: 3829 encountered, 0 discovered, 0 enqueued
[55.706s][info][gc,ref      ] GC(227) Weak: 10844 encountered, 927 discovered, 0 enqueued
[55.706s][info][gc,ref      ] GC(227) Final: 289 encountered, 23 discovered, 0 enqueued
[55.707s][info][gc,ref      ] GC(227) Phantom: 425 encountered, 263 discovered, 0 enqueued
[55.707s][info][gc,reloc    ] GC(227) Small Pages: 526 / 1052M, Empty: 676M, Relocated: 6M, In-Place: 0
[55.707s][info][gc,reloc    ] GC(227) Medium Pages: 0 / 0M, Empty: 0M, Relocated: 0M, In-Place: 0
[55.707s][info][gc,reloc    ] GC(227) Large Pages: 0 / 0M, Empty: 0M, Relocated: 0M, In-Place: 0
[55.707s][info][gc,reloc    ] GC(227) Forwarding Usage: 2M
[55.707s][info][gc,heap     ] GC(227) Min Capacity: 8M(0%)
[55.707s][info][gc,heap     ] GC(227) Max Capacity: 2048M(100%)
[55.707s][info][gc,heap     ] GC(227) Soft Max Capacity: 2048M(100%)
[55.707s][info][gc,heap     ] GC(227)                Mark Start          Mark End        Relocate Start      Relocate End           High               Low         
[55.707s][info][gc,heap     ] GC(227)  Capacity:     2048M (100%)       2048M (100%)       2048M (100%)       2048M (100%)       2048M (100%)       2048M (100%)   
[55.707s][info][gc,heap     ] GC(227)      Free:      996M (49%)         818M (40%)        1452M (71%)        1748M (85%)        1750M (85%)         796M (39%)    
[55.707s][info][gc,heap     ] GC(227)      Used:     1052M (51%)        1230M (60%)         596M (29%)         300M (15%)        1252M (61%)         298M (15%)    
[55.707s][info][gc,heap     ] GC(227)      Live:         -                51M (3%)           51M (3%)           51M (3%)             -                  -          
[55.707s][info][gc,heap     ] GC(227) Allocated:         -               178M (9%)          220M (11%)         232M (11%)            -                  -          
[55.707s][info][gc,heap     ] GC(227)   Garbage:         -              1000M (49%)         324M (16%)          15M (1%)             -                  -          
[55.707s][info][gc,heap     ] GC(227) Reclaimed:         -                  -               676M (33%)         984M (48%)            -                  -          
[55.707s][info][gc          ] GC(227) Garbage Collection (Allocation Rate) 1052M(51%)->300M(15%)
[55.855s][info][gc,start    ] GC(228) Garbage Collection (Allocation Rate)
[55.855s][info][gc,task     ] GC(228) Using 4 workers
[55.855s][info][gc,phases   ] GC(228) Pause Mark Start 0.011ms
[55.914s][info][gc,phases   ] GC(228) Concurrent Mark 59.215ms
[55.915s][info][gc,phases   ] GC(228) Pause Mark End 0.027ms
[55.915s][info][gc,phases   ] GC(228) Concurrent Mark Free 0.002ms
[55.922s][info][gc,phases   ] GC(228) Concurrent Process Non-Strong References 6.498ms
[55.922s][info][gc,phases   ] GC(228) Concurrent Reset Relocation Set 0.053ms
[55.932s][info][gc,phases   ] GC(228) Concurrent Select Relocation Set 9.802ms
[55.932s][info][gc,phases   ] GC(228) Pause Relocate Start 0.009ms
[55.941s][info][gc,phases   ] GC(228) Concurrent Relocate 9.122ms
[55.941s][info][gc,load     ] GC(228) Load: 0.00/0.00/0.00
[55.941s][info][gc,mmu      ] GC(228) MMU: 2ms/98.1%, 5ms/99.2%, 10ms/99.5%, 20ms/99.8%, 50ms/99.9%, 100ms/99.9%
[55.941s][info][gc,marking  ] GC(228) Mark: 4 stripe(s), 2 proactive flush(es), 1 terminate flush(es), 0 completion(s), 0 continuation(s) 
[55.942s][info][gc,marking  ] GC(228) Mark Stack Usage: 32M
[55.942s][info][gc,nmethod  ] GC(228) NMethods: 3845 registered, 12 unregistered
[55.942s][info][gc,metaspace] GC(228) Metaspace: 70M used, 71M committed, 1088M reserved
[55.942s][info][gc,ref      ] GC(228) Soft: 3829 encountered, 0 discovered, 0 enqueued
[55.942s][info][gc,ref      ] GC(228) Weak: 10844 encountered, 1558 discovered, 0 enqueued
[55.942s][info][gc,ref      ] GC(228) Final: 289 encountered, 7 discovered, 0 enqueued
[55.942s][info][gc,ref      ] GC(228) Phantom: 425 encountered, 282 discovered, 0 enqueued
[55.942s][info][gc,reloc    ] GC(228) Small Pages: 520 / 1040M, Empty: 648M, Relocated: 6M, In-Place: 0
[55.942s][info][gc,reloc    ] GC(228) Medium Pages: 0 / 0M, Empty: 0M, Relocated: 0M, In-Place: 0
[55.942s][info][gc,reloc    ] GC(228) Large Pages: 0 / 0M, Empty: 0M, Relocated: 0M, In-Place: 0
[55.942s][info][gc,reloc    ] GC(228) Forwarding Usage: 3M
[55.942s][info][gc,heap     ] GC(228) Min Capacity: 8M(0%)
[55.942s][info][gc,heap     ] GC(228) Max Capacity: 2048M(100%)
[55.942s][info][gc,heap     ] GC(228) Soft Max Capacity: 2048M(100%)
[55.942s][info][gc,heap     ] GC(228)                Mark Start          Mark End        Relocate Start      Relocate End           High               Low         
[55.942s][info][gc,heap     ] GC(228)  Capacity:     2048M (100%)       2048M (100%)       2048M (100%)       2048M (100%)       2048M (100%)       2048M (100%)   
[55.942s][info][gc,heap     ] GC(228)      Free:     1008M (49%)         740M (36%)        1312M (64%)        1614M (79%)        1626M (79%)         710M (35%)    
[55.942s][info][gc,heap     ] GC(228)      Used:     1040M (51%)        1308M (64%)         736M (36%)         434M (21%)        1338M (65%)         422M (21%)    
[55.942s][info][gc,heap     ] GC(228)      Live:         -                51M (3%)           51M (3%)           51M (3%)             -                  -          
[55.942s][info][gc,heap     ] GC(228) Allocated:         -               268M (13%)         344M (17%)         368M (18%)            -                  -          
[55.942s][info][gc,heap     ] GC(228)   Garbage:         -               988M (48%)         340M (17%)          13M (1%)             -                  -          
[55.942s][info][gc,heap     ] GC(228) Reclaimed:         -                  -               648M (32%)         974M (48%)            -                  -          
[55.942s][info][gc          ] GC(228) Garbage Collection (Allocation Rate) 1040M(51%)->434M(21%)
[56.054s][info][gc,start    ] GC(229) Garbage Collection (Allocation Rate)
[56.054s][info][gc,task     ] GC(229) Using 4 workers
[56.055s][info][gc,phases   ] GC(229) Pause Mark Start 0.009ms
[56.106s][info][gc,phases   ] GC(229) Concurrent Mark 51.140ms
[56.106s][info][gc,phases   ] GC(229) Pause Mark End 0.024ms
[56.107s][info][gc,phases   ] GC(229) Concurrent Mark Free 0.002ms
[56.111s][info][gc,phases   ] GC(229) Concurrent Process Non-Strong References 4.417ms
[56.111s][info][gc,phases   ] GC(229) Concurrent Reset Relocation Set 0.059ms
[56.118s][info][gc,phases   ] GC(229) Concurrent Select Relocation Set 6.670ms
[56.118s][info][gc,phases   ] GC(229) Pause Relocate Start 0.008ms
[56.129s][info][gc,phases   ] GC(229) Concurrent Relocate 9.546ms
[56.129s][info][gc,load     ] GC(229) Load: 0.00/0.00/0.00
[56.129s][info][gc,mmu      ] GC(229) MMU: 2ms/98.1%, 5ms/99.2%, 10ms/99.5%, 20ms/99.8%, 50ms/99.9%, 100ms/99.9%
[56.129s][info][gc,marking  ] GC(229) Mark: 4 stripe(s), 3 proactive flush(es), 1 terminate flush(es), 0 completion(s), 0 continuation(s) 
[56.129s][info][gc,marking  ] GC(229) Mark Stack Usage: 32M
[56.129s][info][gc,nmethod  ] GC(229) NMethods: 3845 registered, 12 unregistered
[56.129s][info][gc,metaspace] GC(229) Metaspace: 70M used, 71M committed, 1088M reserved
[56.129s][info][gc,ref      ] GC(229) Soft: 3829 encountered, 0 discovered, 0 enqueued
[56.129s][info][gc,ref      ] GC(229) Weak: 10844 encountered, 1327 discovered, 0 enqueued
[56.129s][info][gc,ref      ] GC(229) Final: 289 encountered, 44 discovered, 0 enqueued
[56.129s][info][gc,ref      ] GC(229) Phantom: 425 encountered, 325 discovered, 0 enqueued
[56.129s][info][gc,reloc    ] GC(229) Small Pages: 497 / 994M, Empty: 646M, Relocated: 6M, In-Place: 0
[56.129s][info][gc,reloc    ] GC(229) Medium Pages: 0 / 0M, Empty: 0M, Relocated: 0M, In-Place: 0
[56.129s][info][gc,reloc    ] GC(229) Large Pages: 0 / 0M, Empty: 0M, Relocated: 0M, In-Place: 0
[56.129s][info][gc,reloc    ] GC(229) Forwarding Usage: 2M
[56.129s][info][gc,heap     ] GC(229) Min Capacity: 8M(0%)
[56.129s][info][gc,heap     ] GC(229) Max Capacity: 2048M(100%)
[56.129s][info][gc,heap     ] GC(229) Soft Max Capacity: 2048M(100%)
[56.129s][info][gc,heap     ] GC(229)                Mark Start          Mark End        Relocate Start      Relocate End           High               Low         
[56.129s][info][gc,heap     ] GC(229)  Capacity:     2048M (100%)       2048M (100%)       2048M (100%)       2048M (100%)       2048M (100%)       2048M (100%)   
[56.129s][info][gc,heap     ] GC(229)      Free:     1054M (51%)         808M (39%)        1402M (68%)        1654M (81%)        1674M (82%)         788M (38%)    
[56.129s][info][gc,heap     ] GC(229)      Used:      994M (49%)        1240M (61%)         646M (32%)         394M (19%)        1260M (62%)         374M (18%)    
[56.129s][info][gc,heap     ] GC(229)      Live:         -                51M (3%)           51M (3%)           51M (3%)             -                  -          
[56.129s][info][gc,heap     ] GC(229) Allocated:         -               246M (12%)         298M (15%)         328M (16%)            -                  -          
[56.129s][info][gc,heap     ] GC(229)   Garbage:         -               942M (46%)         296M (14%)          13M (1%)             -                  -          
[56.129s][info][gc,heap     ] GC(229) Reclaimed:         -                  -               646M (32%)         928M (45%)            -                  -          
[56.129s][info][gc          ] GC(229) Garbage Collection (Allocation Rate) 994M(49%)->394M(19%)
[56.254s][info][gc,start    ] GC(230) Garbage Collection (Allocation Rate)
[56.254s][info][gc,task     ] GC(230) Using 3 workers
[56.254s][info][gc,phases   ] GC(230) Pause Mark Start 0.012ms
[56.311s][info][gc,phases   ] GC(230) Concurrent Mark 56.260ms
[56.311s][info][gc,phases   ] GC(230) Pause Mark End 0.021ms
[56.312s][info][gc,phases   ] GC(230) Concurrent Mark Free 0.001ms
[56.335s][info][gc,phases   ] GC(230) Concurrent Process Non-Strong References 23.152ms
[56.335s][info][gc,phases   ] GC(230) Concurrent Reset Relocation Set 0.040ms
[56.342s][info][gc,phases   ] GC(230) Concurrent Select Relocation Set 6.521ms
[56.342s][info][gc,phases   ] GC(230) Pause Relocate Start 0.008ms
[56.353s][info][gc,phases   ] GC(230) Concurrent Relocate 10.412ms
[56.353s][info][gc,load     ] GC(230) Load: 0.00/0.00/0.00
[56.353s][info][gc,mmu      ] GC(230) MMU: 2ms/98.1%, 5ms/99.2%, 10ms/99.5%, 20ms/99.8%, 50ms/99.9%, 100ms/99.9%
[56.353s][info][gc,marking  ] GC(230) Mark: 2 stripe(s), 2 proactive flush(es), 1 terminate flush(es), 0 completion(s), 0 continuation(s) 
[56.353s][info][gc,marking  ] GC(230) Mark Stack Usage: 32M
[56.353s][info][gc,nmethod  ] GC(230) NMethods: 3845 registered, 12 unregistered
[56.353s][info][gc,metaspace] GC(230) Metaspace: 70M used, 71M committed, 1088M reserved
[56.353s][info][gc,ref      ] GC(230) Soft: 3829 encountered, 0 discovered, 0 enqueued
[56.353s][info][gc,ref      ] GC(230) Weak: 10844 encountered, 676 discovered, 0 enqueued
[56.353s][info][gc,ref      ] GC(230) Final: 289 encountered, 23 discovered, 0 enqueued
[56.353s][info][gc,ref      ] GC(230) Phantom: 425 encountered, 268 discovered, 0 enqueued
[56.353s][info][gc,reloc    ] GC(230) Small Pages: 507 / 1014M, Empty: 594M, Relocated: 6M, In-Place: 0
[56.353s][info][gc,reloc    ] GC(230) Medium Pages: 0 / 0M, Empty: 0M, Relocated: 0M, In-Place: 0
[56.353s][info][gc,reloc    ] GC(230) Large Pages: 0 / 0M, Empty: 0M, Relocated: 0M, In-Place: 0
[56.353s][info][gc,reloc    ] GC(230) Forwarding Usage: 2M
[56.353s][info][gc,heap     ] GC(230) Min Capacity: 8M(0%)
[56.353s][info][gc,heap     ] GC(230) Max Capacity: 2048M(100%)
[56.353s][info][gc,heap     ] GC(230) Soft Max Capacity: 2048M(100%)
[56.353s][info][gc,heap     ] GC(230)                Mark Start          Mark End        Relocate Start      Relocate End           High               Low         
[56.353s][info][gc,heap     ] GC(230)  Capacity:     2048M (100%)       2048M (100%)       2048M (100%)       2048M (100%)       2048M (100%)       2048M (100%)   
[56.353s][info][gc,heap     ] GC(230)      Free:     1034M (50%)         760M (37%)        1212M (59%)        1538M (75%)        1558M (76%)         650M (32%)    
[56.353s][info][gc,heap     ] GC(230)      Used:     1014M (50%)        1288M (63%)         836M (41%)         510M (25%)        1398M (68%)         490M (24%)    
[56.353s][info][gc,heap     ] GC(230)      Live:         -                51M (3%)           51M (3%)           51M (3%)             -                  -          
[56.353s][info][gc,heap     ] GC(230) Allocated:         -               274M (13%)         416M (20%)         444M (22%)            -                  -          
[56.353s][info][gc,heap     ] GC(230)   Garbage:         -               962M (47%)         368M (18%)          13M (1%)             -                  -          
[56.353s][info][gc,heap     ] GC(230) Reclaimed:         -                  -               594M (29%)         948M (46%)            -                  -          
[56.353s][info][gc          ] GC(230) Garbage Collection (Allocation Rate) 1014M(50%)->510M(25%)
[56.455s][info][gc,start    ] GC(231) Garbage Collection (Allocation Rate)
[56.455s][info][gc,task     ] GC(231) Using 3 workers
[56.455s][info][gc,phases   ] GC(231) Pause Mark Start 0.012ms
[56.521s][info][gc,phases   ] GC(231) Concurrent Mark 66.351ms
[56.586s][info][gc,phases   ] GC(231) Pause Mark End 0.027ms
[56.588s][info][gc,phases   ] GC(231) Concurrent Mark Free 0.002ms
[56.594s][info][gc,phases   ] GC(231) Concurrent Process Non-Strong References 6.047ms
[56.594s][info][gc,phases   ] GC(231) Concurrent Reset Relocation Set 0.045ms
[56.599s][info][gc,phases   ] GC(231) Concurrent Select Relocation Set 5.408ms
[56.600s][info][gc,phases   ] GC(231) Pause Relocate Start 0.009ms
[56.610s][info][gc,phases   ] GC(231) Concurrent Relocate 10.459ms
[56.610s][info][gc,load     ] GC(231) Load: 0.00/0.00/0.00
[56.611s][info][gc,mmu      ] GC(231) MMU: 2ms/98.1%, 5ms/99.2%, 10ms/99.5%, 20ms/99.8%, 50ms/99.9%, 100ms/99.9%
[56.611s][info][gc,marking  ] GC(231) Mark: 2 stripe(s), 2 proactive flush(es), 1 terminate flush(es), 0 completion(s), 0 continuation(s) 
[56.611s][info][gc,marking  ] GC(231) Mark Stack Usage: 32M
[56.611s][info][gc,nmethod  ] GC(231) NMethods: 3845 registered, 12 unregistered
[56.611s][info][gc,metaspace] GC(231) Metaspace: 70M used, 71M committed, 1088M reserved
[56.611s][info][gc,ref      ] GC(231) Soft: 3829 encountered, 0 discovered, 0 enqueued
[56.611s][info][gc,ref      ] GC(231) Weak: 10844 encountered, 596 discovered, 0 enqueued
[56.611s][info][gc,ref      ] GC(231) Final: 289 encountered, 15 discovered, 0 enqueued
[56.611s][info][gc,ref      ] GC(231) Phantom: 425 encountered, 233 discovered, 0 enqueued
[56.611s][info][gc,reloc    ] GC(231) Small Pages: 511 / 1022M, Empty: 656M, Relocated: 6M, In-Place: 0
[56.611s][info][gc,reloc    ] GC(231) Medium Pages: 0 / 0M, Empty: 0M, Relocated: 0M, In-Place: 0
[56.611s][info][gc,reloc    ] GC(231) Large Pages: 0 / 0M, Empty: 0M, Relocated: 0M, In-Place: 0
[56.611s][info][gc,reloc    ] GC(231) Forwarding Usage: 2M
[56.611s][info][gc,heap     ] GC(231) Min Capacity: 8M(0%)
[56.611s][info][gc,heap     ] GC(231) Max Capacity: 2048M(100%)
[56.611s][info][gc,heap     ] GC(231) Soft Max Capacity: 2048M(100%)
[56.611s][info][gc,heap     ] GC(231)                Mark Start          Mark End        Relocate Start      Relocate End           High               Low         
[56.611s][info][gc,heap     ] GC(231)  Capacity:     2048M (100%)       2048M (100%)       2048M (100%)       2048M (100%)       2048M (100%)       2048M (100%)   
[56.611s][info][gc,heap     ] GC(231)      Free:     1026M (50%)         400M (20%)         998M (49%)        1266M (62%)        1288M (63%)         364M (18%)    
[56.611s][info][gc,heap     ] GC(231)      Used:     1022M (50%)        1648M (80%)        1050M (51%)         782M (38%)        1684M (82%)         760M (37%)    
[56.611s][info][gc,heap     ] GC(231)      Live:         -                51M (3%)           51M (3%)           51M (3%)             -                  -          
[56.611s][info][gc,heap     ] GC(231) Allocated:         -               626M (31%)         684M (33%)         716M (35%)            -                  -          
[56.611s][info][gc,heap     ] GC(231)   Garbage:         -               970M (47%)         314M (15%)          13M (1%)             -                  -          
[56.611s][info][gc,heap     ] GC(231) Reclaimed:         -                  -               656M (32%)         956M (47%)            -                  -          
[56.611s][info][gc          ] GC(231) Garbage Collection (Allocation Rate) 1022M(50%)->782M(38%)
[56.654s][info][gc,start    ] GC(232) Garbage Collection (Allocation Rate)
[56.654s][info][gc,task     ] GC(232) Using 12 workers
[56.655s][info][gc,phases   ] GC(232) Pause Mark Start 0.012ms
[56.680s][info][gc,phases   ] GC(232) Concurrent Mark 25.152ms
[56.681s][info][gc,phases   ] GC(232) Pause Mark End 0.029ms
[56.682s][info][gc,phases   ] GC(232) Concurrent Mark Free 0.001ms
[56.684s][info][gc,phases   ] GC(232) Concurrent Process Non-Strong References 1.799ms
[56.684s][info][gc,phases   ] GC(232) Concurrent Reset Relocation Set 0.037ms
[56.693s][info][gc,phases   ] GC(232) Concurrent Select Relocation Set 9.124ms
[56.693s][info][gc,phases   ] GC(232) Pause Relocate Start 0.009ms
[56.699s][info][gc,phases   ] GC(232) Concurrent Relocate 5.091ms
[56.699s][info][gc,load     ] GC(232) Load: 0.00/0.00/0.00
[56.699s][info][gc,mmu      ] GC(232) MMU: 2ms/98.1%, 5ms/99.2%, 10ms/99.5%, 20ms/99.8%, 50ms/99.9%, 100ms/99.9%
[56.699s][info][gc,marking  ] GC(232) Mark: 8 stripe(s), 3 proactive flush(es), 1 terminate flush(es), 0 completion(s), 0 continuation(s) 
[56.699s][info][gc,marking  ] GC(232) Mark Stack Usage: 32M
[56.699s][info][gc,nmethod  ] GC(232) NMethods: 3845 registered, 12 unregistered
[56.699s][info][gc,metaspace] GC(232) Metaspace: 70M used, 71M committed, 1088M reserved
[56.699s][info][gc,ref      ] GC(232) Soft: 3829 encountered, 0 discovered, 0 enqueued
[56.699s][info][gc,ref      ] GC(232) Weak: 10844 encountered, 890 discovered, 0 enqueued
[56.699s][info][gc,ref      ] GC(232) Final: 289 encountered, 38 discovered, 0 enqueued
[56.699s][info][gc,ref      ] GC(232) Phantom: 425 encountered, 266 discovered, 0 enqueued
[56.699s][info][gc,reloc    ] GC(232) Small Pages: 496 / 992M, Empty: 620M, Relocated: 6M, In-Place: 0
[56.699s][info][gc,reloc    ] GC(232) Medium Pages: 0 / 0M, Empty: 0M, Relocated: 0M, In-Place: 0
[56.699s][info][gc,reloc    ] GC(232) Large Pages: 0 / 0M, Empty: 0M, Relocated: 0M, In-Place: 0
[56.699s][info][gc,reloc    ] GC(232) Forwarding Usage: 2M
[56.699s][info][gc,heap     ] GC(232) Min Capacity: 8M(0%)
[56.699s][info][gc,heap     ] GC(232) Max Capacity: 2048M(100%)
[56.700s][info][gc,heap     ] GC(232) Soft Max Capacity: 2048M(100%)
[56.700s][info][gc,heap     ] GC(232)                Mark Start          Mark End        Relocate Start      Relocate End           High               Low         
[56.700s][info][gc,heap     ] GC(232)  Capacity:     2048M (100%)       2048M (100%)       2048M (100%)       2048M (100%)       2048M (100%)       2048M (100%)   
[56.700s][info][gc,heap     ] GC(232)      Free:     1056M (52%)         946M (46%)        1512M (74%)        1788M (87%)        1794M (88%)         934M (46%)    
[56.700s][info][gc,heap     ] GC(232)      Used:      992M (48%)        1102M (54%)         536M (26%)         260M (13%)        1114M (54%)         254M (12%)    
[56.700s][info][gc,heap     ] GC(232)      Live:         -                51M (3%)           51M (3%)           51M (3%)             -                  -          
[56.700s][info][gc,heap     ] GC(232) Allocated:         -               110M (5%)          164M (8%)          178M (9%)             -                  -          
[56.700s][info][gc,heap     ] GC(232)   Garbage:         -               940M (46%)         320M (16%)          29M (1%)             -                  -          
[56.700s][info][gc,heap     ] GC(232) Reclaimed:         -                  -               620M (30%)         910M (44%)            -                  -          
[56.700s][info][gc          ] GC(232) Garbage Collection (Allocation Rate) 992M(48%)->260M(13%)
[56.754s][info][gc,start    ] GC(233) Garbage Collection (Allocation Rate)
[56.754s][info][gc,task     ] GC(233) Using 12 workers
[56.754s][info][gc,phases   ] GC(233) Pause Mark Start 0.010ms
[56.777s][info][gc,phases   ] GC(233) Concurrent Mark 22.119ms
[56.777s][info][gc,phases   ] GC(233) Pause Mark End 0.025ms
[56.778s][info][gc,phases   ] GC(233) Concurrent Mark Free 0.002ms
[56.780s][info][gc,phases   ] GC(233) Concurrent Process Non-Strong References 1.835ms
[56.780s][info][gc,phases   ] GC(233) Concurrent Reset Relocation Set 0.046ms
[56.786s][info][gc,phases   ] GC(233) Concurrent Select Relocation Set 5.242ms
[56.786s][info][gc,phases   ] GC(233) Pause Relocate Start 0.008ms
[56.792s][info][gc,phases   ] GC(233) Concurrent Relocate 6.002ms
[56.792s][info][gc,load     ] GC(233) Load: 0.00/0.00/0.00
[56.792s][info][gc,mmu      ] GC(233) MMU: 2ms/98.1%, 5ms/99.2%, 10ms/99.5%, 20ms/99.8%, 50ms/99.9%, 100ms/99.9%
[56.793s][info][gc,marking  ] GC(233) Mark: 8 stripe(s), 4 proactive flush(es), 1 terminate flush(es), 0 completion(s), 0 continuation(s) 
[56.793s][info][gc,marking  ] GC(233) Mark Stack Usage: 32M
[56.793s][info][gc,nmethod  ] GC(233) NMethods: 3845 registered, 12 unregistered
[56.793s][info][gc,metaspace] GC(233) Metaspace: 70M used, 71M committed, 1088M reserved
[56.793s][info][gc,ref      ] GC(233) Soft: 3829 encountered, 0 discovered, 0 enqueued
[56.793s][info][gc,ref      ] GC(233) Weak: 10844 encountered, 1501 discovered, 0 enqueued
[56.793s][info][gc,ref      ] GC(233) Final: 289 encountered, 27 discovered, 0 enqueued
[56.793s][info][gc,ref      ] GC(233) Phantom: 425 encountered, 276 discovered, 0 enqueued
[56.793s][info][gc,reloc    ] GC(233) Small Pages: 263 / 526M, Empty: 208M, Relocated: 6M, In-Place: 0
[56.793s][info][gc,reloc    ] GC(233) Medium Pages: 0 / 0M, Empty: 0M, Relocated: 0M, In-Place: 0
[56.793s][info][gc,reloc    ] GC(233) Large Pages: 0 / 0M, Empty: 0M, Relocated: 0M, In-Place: 0
[56.793s][info][gc,reloc    ] GC(233) Forwarding Usage: 2M
[56.793s][info][gc,heap     ] GC(233) Min Capacity: 8M(0%)
[56.793s][info][gc,heap     ] GC(233) Max Capacity: 2048M(100%)
[56.793s][info][gc,heap     ] GC(233) Soft Max Capacity: 2048M(100%)
[56.793s][info][gc,heap     ] GC(233)                Mark Start          Mark End        Relocate Start      Relocate End           High               Low         
[56.793s][info][gc,heap     ] GC(233)  Capacity:     2048M (100%)       2048M (100%)       2048M (100%)       2048M (100%)       2048M (100%)       2048M (100%)   
[56.793s][info][gc,heap     ] GC(233)      Free:     1522M (74%)        1416M (69%)        1592M (78%)        1810M (88%)        1818M (89%)        1406M (69%)    
[56.793s][info][gc,heap     ] GC(233)      Used:      526M (26%)         632M (31%)         456M (22%)         238M (12%)         642M (31%)         230M (11%)    
[56.793s][info][gc,heap     ] GC(233)      Live:         -                51M (3%)           51M (3%)           51M (3%)             -                  -          
[56.793s][info][gc,heap     ] GC(233) Allocated:         -               106M (5%)          138M (7%)          157M (8%)             -                  -          
[56.793s][info][gc,heap     ] GC(233)   Garbage:         -               474M (23%)         266M (13%)          28M (1%)             -                  -          
[56.793s][info][gc,heap     ] GC(233) Reclaimed:         -                  -               208M (10%)         445M (22%)            -                  -          
[56.793s][info][gc          ] GC(233) Garbage Collection (Allocation Rate) 526M(26%)->238M(12%)
[56.955s][info][gc,start    ] GC(234) Garbage Collection (Allocation Rate)
[56.955s][info][gc,task     ] GC(234) Using 6 workers
[56.955s][info][gc,phases   ] GC(234) Pause Mark Start 0.011ms
[56.993s][info][gc,phases   ] GC(234) Concurrent Mark 37.276ms
[56.993s][info][gc,phases   ] GC(234) Pause Mark End 0.026ms
[56.993s][info][gc,phases   ] GC(234) Concurrent Mark Free 0.001ms
[56.997s][info][gc,phases   ] GC(234) Concurrent Process Non-Strong References 3.308ms
[56.997s][info][gc,phases   ] GC(234) Concurrent Reset Relocation Set 0.039ms
[57.002s][info][gc,phases   ] GC(234) Concurrent Select Relocation Set 5.176ms
[57.002s][info][gc,phases   ] GC(234) Pause Relocate Start 0.009ms
[57.009s][info][gc,phases   ] GC(234) Concurrent Relocate 6.249ms
[57.009s][info][gc,load     ] GC(234) Load: 0.00/0.00/0.00
[57.009s][info][gc,mmu      ] GC(234) MMU: 2ms/98.1%, 5ms/99.2%, 10ms/99.5%, 20ms/99.8%, 50ms/99.9%, 100ms/99.9%
[57.009s][info][gc,marking  ] GC(234) Mark: 4 stripe(s), 2 proactive flush(es), 1 terminate flush(es), 0 completion(s), 0 continuation(s) 
[57.009s][info][gc,marking  ] GC(234) Mark Stack Usage: 32M
[57.009s][info][gc,nmethod  ] GC(234) NMethods: 3845 registered, 12 unregistered
[57.009s][info][gc,metaspace] GC(234) Metaspace: 70M used, 71M committed, 1088M reserved
[57.009s][info][gc,ref      ] GC(234) Soft: 3829 encountered, 0 discovered, 0 enqueued
[57.009s][info][gc,ref      ] GC(234) Weak: 10844 encountered, 960 discovered, 0 enqueued
[57.009s][info][gc,ref      ] GC(234) Final: 289 encountered, 21 discovered, 0 enqueued
[57.009s][info][gc,ref      ] GC(234) Phantom: 425 encountered, 281 discovered, 0 enqueued
[57.009s][info][gc,reloc    ] GC(234) Small Pages: 518 / 1036M, Empty: 646M, Relocated: 6M, In-Place: 0
[57.009s][info][gc,reloc    ] GC(234) Medium Pages: 0 / 0M, Empty: 0M, Relocated: 0M, In-Place: 0
[57.009s][info][gc,reloc    ] GC(234) Large Pages: 0 / 0M, Empty: 0M, Relocated: 0M, In-Place: 0
[57.009s][info][gc,reloc    ] GC(234) Forwarding Usage: 2M
[57.009s][info][gc,heap     ] GC(234) Min Capacity: 8M(0%)
[57.009s][info][gc,heap     ] GC(234) Max Capacity: 2048M(100%)
[57.009s][info][gc,heap     ] GC(234) Soft Max Capacity: 2048M(100%)
[57.009s][info][gc,heap     ] GC(234)                Mark Start          Mark End        Relocate Start      Relocate End           High               Low         
[57.009s][info][gc,heap     ] GC(234)  Capacity:     2048M (100%)       2048M (100%)       2048M (100%)       2048M (100%)       2048M (100%)       2048M (100%)   
[57.009s][info][gc,heap     ] GC(234)      Free:     1012M (49%)         834M (41%)        1436M (70%)        1742M (85%)        1750M (85%)         816M (40%)    
[57.009s][info][gc,heap     ] GC(234)      Used:     1036M (51%)        1214M (59%)         612M (30%)         306M (15%)        1232M (60%)         298M (15%)    
[57.009s][info][gc,heap     ] GC(234)      Live:         -                51M (3%)           51M (3%)           51M (3%)             -                  -          
[57.009s][info][gc,heap     ] GC(234) Allocated:         -               178M (9%)          222M (11%)         236M (12%)            -                  -          
[57.009s][info][gc,heap     ] GC(234)   Garbage:         -               984M (48%)         338M (17%)          17M (1%)             -                  -          
[57.009s][info][gc,heap     ] GC(234) Reclaimed:         -                  -               646M (32%)         966M (47%)            -                  -          
[57.009s][info][gc          ] GC(234) Garbage Collection (Allocation Rate) 1036M(51%)->306M(15%)
[57.154s][info][gc,start    ] GC(235) Garbage Collection (Allocation Rate)
[57.155s][info][gc,task     ] GC(235) Using 4 workers
[57.155s][info][gc,phases   ] GC(235) Pause Mark Start 0.008ms
[57.203s][info][gc,phases   ] GC(235) Concurrent Mark 48.237ms
[57.204s][info][gc,phases   ] GC(235) Pause Mark End 0.025ms
[57.205s][info][gc,phases   ] GC(235) Concurrent Mark Free 0.001ms
[57.210s][info][gc,phases   ] GC(235) Concurrent Process Non-Strong References 4.767ms
[57.210s][info][gc,phases   ] GC(235) Concurrent Reset Relocation Set 0.045ms
[57.219s][info][gc,phases   ] GC(235) Concurrent Select Relocation Set 9.106ms
[57.219s][info][gc,phases   ] GC(235) Pause Relocate Start 0.008ms
[57.228s][info][gc,phases   ] GC(235) Concurrent Relocate 8.031ms
[57.228s][info][gc,load     ] GC(235) Load: 0.00/0.00/0.00
[57.228s][info][gc,mmu      ] GC(235) MMU: 2ms/98.1%, 5ms/99.2%, 10ms/99.5%, 20ms/99.8%, 50ms/99.9%, 100ms/99.9%
[57.228s][info][gc,marking  ] GC(235) Mark: 4 stripe(s), 3 proactive flush(es), 1 terminate flush(es), 0 completion(s), 0 continuation(s) 
[57.228s][info][gc,marking  ] GC(235) Mark Stack Usage: 32M
[57.228s][info][gc,nmethod  ] GC(235) NMethods: 3845 registered, 12 unregistered
[57.228s][info][gc,metaspace] GC(235) Metaspace: 70M used, 71M committed, 1088M reserved
[57.228s][info][gc,ref      ] GC(235) Soft: 3829 encountered, 0 discovered, 0 enqueued
[57.228s][info][gc,ref      ] GC(235) Weak: 10844 encountered, 1111 discovered, 0 enqueued
[57.228s][info][gc,ref      ] GC(235) Final: 289 encountered, 27 discovered, 0 enqueued
[57.228s][info][gc,ref      ] GC(235) Phantom: 425 encountered, 336 discovered, 0 enqueued
[57.228s][info][gc,reloc    ] GC(235) Small Pages: 515 / 1030M, Empty: 680M, Relocated: 6M, In-Place: 0
[57.228s][info][gc,reloc    ] GC(235) Medium Pages: 0 / 0M, Empty: 0M, Relocated: 0M, In-Place: 0
[57.228s][info][gc,reloc    ] GC(235) Large Pages: 0 / 0M, Empty: 0M, Relocated: 0M, In-Place: 0
[57.228s][info][gc,reloc    ] GC(235) Forwarding Usage: 2M
[57.228s][info][gc,heap     ] GC(235) Min Capacity: 8M(0%)
[57.228s][info][gc,heap     ] GC(235) Max Capacity: 2048M(100%)
[57.228s][info][gc,heap     ] GC(235) Soft Max Capacity: 2048M(100%)
[57.228s][info][gc,heap     ] GC(235)                Mark Start          Mark End        Relocate Start      Relocate End           High               Low         
[57.228s][info][gc,heap     ] GC(235)  Capacity:     2048M (100%)       2048M (100%)       2048M (100%)       2048M (100%)       2048M (100%)       2048M (100%)   
[57.228s][info][gc,heap     ] GC(235)      Free:     1018M (50%)         784M (38%)        1390M (68%)        1650M (81%)        1664M (81%)         752M (37%)    
[57.228s][info][gc,heap     ] GC(235)      Used:     1030M (50%)        1264M (62%)         658M (32%)         398M (19%)        1296M (63%)         384M (19%)    
[57.228s][info][gc,heap     ] GC(235)      Live:         -                51M (3%)           51M (3%)           51M (3%)             -                  -          
[57.228s][info][gc,heap     ] GC(235) Allocated:         -               234M (11%)         308M (15%)         332M (16%)            -                  -          
[57.228s][info][gc,heap     ] GC(235)   Garbage:         -               978M (48%)         298M (15%)          13M (1%)             -                  -          
[57.228s][info][gc,heap     ] GC(235) Reclaimed:         -                  -               680M (33%)         964M (47%)            -                  -          
[57.228s][info][gc          ] GC(235) Garbage Collection (Allocation Rate) 1030M(50%)->398M(19%)
[57.354s][info][gc,start    ] GC(236) Garbage Collection (Allocation Rate)
[57.354s][info][gc,task     ] GC(236) Using 4 workers
[57.354s][info][gc,phases   ] GC(236) Pause Mark Start 0.011ms
[57.402s][info][gc,phases   ] GC(236) Concurrent Mark 47.358ms
[57.402s][info][gc,phases   ] GC(236) Pause Mark End 0.023ms
[57.404s][info][gc,phases   ] GC(236) Concurrent Mark Free 0.001ms
[57.408s][info][gc,phases   ] GC(236) Concurrent Process Non-Strong References 4.207ms
[57.408s][info][gc,phases   ] GC(236) Concurrent Reset Relocation Set 0.043ms
[57.413s][info][gc,phases   ] GC(236) Concurrent Select Relocation Set 4.690ms
[57.413s][info][gc,phases   ] GC(236) Pause Relocate Start 0.009ms
[57.422s][info][gc,phases   ] GC(236) Concurrent Relocate 8.510ms
[57.422s][info][gc,load     ] GC(236) Load: 0.00/0.00/0.00
[57.422s][info][gc,mmu      ] GC(236) MMU: 2ms/98.1%, 5ms/99.2%, 10ms/99.5%, 20ms/99.8%, 50ms/99.9%, 100ms/99.9%
[57.422s][info][gc,marking  ] GC(236) Mark: 4 stripe(s), 2 proactive flush(es), 1 terminate flush(es), 0 completion(s), 0 continuation(s) 
[57.422s][info][gc,marking  ] GC(236) Mark Stack Usage: 32M
[57.422s][info][gc,nmethod  ] GC(236) NMethods: 3845 registered, 12 unregistered
[57.422s][info][gc,metaspace] GC(236) Metaspace: 70M used, 71M committed, 1088M reserved
[57.422s][info][gc,ref      ] GC(236) Soft: 3829 encountered, 0 discovered, 0 enqueued
[57.422s][info][gc,ref      ] GC(236) Weak: 10844 encountered, 1263 discovered, 0 enqueued
[57.422s][info][gc,ref      ] GC(236) Final: 289 encountered, 11 discovered, 0 enqueued
[57.423s][info][gc,ref      ] GC(236) Phantom: 425 encountered, 332 discovered, 0 enqueued
[57.423s][info][gc,reloc    ] GC(236) Small Pages: 515 / 1030M, Empty: 602M, Relocated: 6M, In-Place: 0
[57.423s][info][gc,reloc    ] GC(236) Medium Pages: 0 / 0M, Empty: 0M, Relocated: 0M, In-Place: 0
[57.423s][info][gc,reloc    ] GC(236) Large Pages: 0 / 0M, Empty: 0M, Relocated: 0M, In-Place: 0
[57.423s][info][gc,reloc    ] GC(236) Forwarding Usage: 2M
[57.423s][info][gc,heap     ] GC(236) Min Capacity: 8M(0%)
[57.423s][info][gc,heap     ] GC(236) Max Capacity: 2048M(100%)
[57.423s][info][gc,heap     ] GC(236) Soft Max Capacity: 2048M(100%)
[57.423s][info][gc,heap     ] GC(236)                Mark Start          Mark End        Relocate Start      Relocate End           High               Low         
[57.423s][info][gc,heap     ] GC(236)  Capacity:     2048M (100%)       2048M (100%)       2048M (100%)       2048M (100%)       2048M (100%)       2048M (100%)   
[57.423s][info][gc,heap     ] GC(236)      Free:     1018M (50%)         790M (39%)        1344M (66%)        1680M (82%)        1694M (83%)         762M (37%)    
[57.423s][info][gc,heap     ] GC(236)      Used:     1030M (50%)        1258M (61%)         704M (34%)         368M (18%)        1286M (63%)         354M (17%)    
[57.423s][info][gc,heap     ] GC(236)      Live:         -                51M (3%)           51M (3%)           51M (3%)             -                  -          
[57.423s][info][gc,heap     ] GC(236) Allocated:         -               228M (11%)         276M (13%)         302M (15%)            -                  -          
[57.423s][info][gc,heap     ] GC(236)   Garbage:         -               978M (48%)         376M (18%)          13M (1%)             -                  -          
[57.423s][info][gc,heap     ] GC(236) Reclaimed:         -                  -               602M (29%)         964M (47%)            -                  -          
[57.423s][info][gc          ] GC(236) Garbage Collection (Allocation Rate) 1030M(50%)->368M(18%)
[57.555s][info][gc,start    ] GC(237) Garbage Collection (Allocation Rate)
[57.555s][info][gc,task     ] GC(237) Using 3 workers
[57.555s][info][gc,phases   ] GC(237) Pause Mark Start 0.012ms
[57.612s][info][gc,phases   ] GC(237) Concurrent Mark 56.114ms
[57.612s][info][gc,phases   ] GC(237) Pause Mark End 0.022ms
[57.612s][info][gc,phases   ] GC(237) Concurrent Mark Free 0.001ms
[57.618s][info][gc,phases   ] GC(237) Concurrent Process Non-Strong References 5.607ms
[57.618s][info][gc,phases   ] GC(237) Concurrent Reset Relocation Set 0.049ms
[57.627s][info][gc,phases   ] GC(237) Concurrent Select Relocation Set 8.437ms
[57.627s][info][gc,phases   ] GC(237) Pause Relocate Start 0.008ms
[57.637s][info][gc,phases   ] GC(237) Concurrent Relocate 9.481ms
[57.637s][info][gc,load     ] GC(237) Load: 0.00/0.00/0.00
[57.637s][info][gc,mmu      ] GC(237) MMU: 2ms/98.1%, 5ms/99.2%, 10ms/99.5%, 20ms/99.8%, 50ms/99.9%, 100ms/99.9%
[57.637s][info][gc,marking  ] GC(237) Mark: 2 stripe(s), 2 proactive flush(es), 1 terminate flush(es), 0 completion(s), 0 continuation(s) 
[57.637s][info][gc,marking  ] GC(237) Mark Stack Usage: 32M
[57.637s][info][gc,nmethod  ] GC(237) NMethods: 3845 registered, 12 unregistered
[57.637s][info][gc,metaspace] GC(237) Metaspace: 70M used, 71M committed, 1088M reserved
[57.637s][info][gc,ref      ] GC(237) Soft: 3829 encountered, 0 discovered, 0 enqueued
[57.637s][info][gc,ref      ] GC(237) Weak: 10844 encountered, 630 discovered, 0 enqueued
[57.637s][info][gc,ref      ] GC(237) Final: 289 encountered, 27 discovered, 0 enqueued
[57.637s][info][gc,ref      ] GC(237) Phantom: 425 encountered, 264 discovered, 0 enqueued
[57.637s][info][gc,reloc    ] GC(237) Small Pages: 513 / 1026M, Empty: 664M, Relocated: 6M, In-Place: 0
[57.637s][info][gc,reloc    ] GC(237) Medium Pages: 0 / 0M, Empty: 0M, Relocated: 0M, In-Place: 0
[57.637s][info][gc,reloc    ] GC(237) Large Pages: 0 / 0M, Empty: 0M, Relocated: 0M, In-Place: 0
[57.637s][info][gc,reloc    ] GC(237) Forwarding Usage: 2M
[57.637s][info][gc,heap     ] GC(237) Min Capacity: 8M(0%)
[57.637s][info][gc,heap     ] GC(237) Max Capacity: 2048M(100%)
[57.637s][info][gc,heap     ] GC(237) Soft Max Capacity: 2048M(100%)
[57.637s][info][gc,heap     ] GC(237)                Mark Start          Mark End        Relocate Start      Relocate End           High               Low         
[57.637s][info][gc,heap     ] GC(237)  Capacity:     2048M (100%)       2048M (100%)       2048M (100%)       2048M (100%)       2048M (100%)       2048M (100%)   
[57.637s][info][gc,heap     ] GC(237)      Free:     1022M (50%)         748M (37%)        1340M (65%)        1614M (79%)        1630M (80%)         718M (35%)    
[57.637s][info][gc,heap     ] GC(237)      Used:     1026M (50%)        1300M (63%)         708M (35%)         434M (21%)        1330M (65%)         418M (20%)    
[57.637s][info][gc,heap     ] GC(237)      Live:         -                51M (3%)           51M (3%)           51M (3%)             -                  -          
[57.637s][info][gc,heap     ] GC(237) Allocated:         -               274M (13%)         346M (17%)         370M (18%)            -                  -          
[57.637s][info][gc,heap     ] GC(237)   Garbage:         -               974M (48%)         310M (15%)          11M (1%)             -                  -          
[57.637s][info][gc,heap     ] GC(237) Reclaimed:         -                  -               664M (32%)         962M (47%)            -                  -          
[57.637s][info][gc          ] GC(237) Garbage Collection (Allocation Rate) 1026M(50%)->434M(21%)
[57.755s][info][gc,start    ] GC(238) Garbage Collection (Allocation Rate)
[57.755s][info][gc,task     ] GC(238) Using 3 workers
[57.755s][info][gc,phases   ] GC(238) Pause Mark Start 0.012ms
[57.831s][info][gc,phases   ] GC(238) Concurrent Mark 76.223ms
[57.832s][info][gc,phases   ] GC(238) Pause Mark End 0.028ms
[57.833s][info][gc,phases   ] GC(238) Concurrent Mark Free 0.002ms
[57.839s][info][gc,phases   ] GC(238) Concurrent Process Non-Strong References 5.601ms
[57.839s][info][gc,phases   ] GC(238) Concurrent Reset Relocation Set 0.047ms
[57.844s][info][gc,phases   ] GC(238) Concurrent Select Relocation Set 4.998ms
[57.844s][info][gc,phases   ] GC(238) Pause Relocate Start 0.009ms
[57.857s][info][gc,phases   ] GC(238) Concurrent Relocate 12.351ms
[57.857s][info][gc,load     ] GC(238) Load: 0.00/0.00/0.00
[57.857s][info][gc,mmu      ] GC(238) MMU: 2ms/98.1%, 5ms/99.2%, 10ms/99.5%, 20ms/99.8%, 50ms/99.9%, 100ms/99.9%
[57.857s][info][gc,marking  ] GC(238) Mark: 2 stripe(s), 2 proactive flush(es), 1 terminate flush(es), 0 completion(s), 0 continuation(s) 
[57.857s][info][gc,marking  ] GC(238) Mark Stack Usage: 32M
[57.857s][info][gc,nmethod  ] GC(238) NMethods: 3845 registered, 12 unregistered
[57.857s][info][gc,metaspace] GC(238) Metaspace: 70M used, 71M committed, 1088M reserved
[57.857s][info][gc,ref      ] GC(238) Soft: 3829 encountered, 0 discovered, 0 enqueued
[57.857s][info][gc,ref      ] GC(238) Weak: 10844 encountered, 1609 discovered, 0 enqueued
[57.857s][info][gc,ref      ] GC(238) Final: 289 encountered, 18 discovered, 0 enqueued
[57.857s][info][gc,ref      ] GC(238) Phantom: 425 encountered, 286 discovered, 0 enqueued
[57.857s][info][gc,reloc    ] GC(238) Small Pages: 514 / 1028M, Empty: 650M, Relocated: 6M, In-Place: 0
[57.857s][info][gc,reloc    ] GC(238) Medium Pages: 0 / 0M, Empty: 0M, Relocated: 0M, In-Place: 0
[57.857s][info][gc,reloc    ] GC(238) Large Pages: 0 / 0M, Empty: 0M, Relocated: 0M, In-Place: 0
[57.857s][info][gc,reloc    ] GC(238) Forwarding Usage: 2M
[57.857s][info][gc,heap     ] GC(238) Min Capacity: 8M(0%)
[57.857s][info][gc,heap     ] GC(238) Max Capacity: 2048M(100%)
[57.857s][info][gc,heap     ] GC(238) Soft Max Capacity: 2048M(100%)
[57.857s][info][gc,heap     ] GC(238)                Mark Start          Mark End        Relocate Start      Relocate End           High               Low         
[57.857s][info][gc,heap     ] GC(238)  Capacity:     2048M (100%)       2048M (100%)       2048M (100%)       2048M (100%)       2048M (100%)       2048M (100%)   
[57.857s][info][gc,heap     ] GC(238)      Free:     1020M (50%)         652M (32%)        1246M (61%)        1518M (74%)        1548M (76%)         620M (30%)    
[57.857s][info][gc,heap     ] GC(238)      Used:     1028M (50%)        1396M (68%)         802M (39%)         530M (26%)        1428M (70%)         500M (24%)    
[57.857s][info][gc,heap     ] GC(238)      Live:         -                51M (3%)           51M (3%)           51M (3%)             -                  -          
[57.857s][info][gc,heap     ] GC(238) Allocated:         -               368M (18%)         424M (21%)         464M (23%)            -                  -          
[57.857s][info][gc,heap     ] GC(238)   Garbage:         -               976M (48%)         326M (16%)          13M (1%)             -                  -          
[57.857s][info][gc,heap     ] GC(238) Reclaimed:         -                  -               650M (32%)         962M (47%)            -                  -          
[57.857s][info][gc          ] GC(238) Garbage Collection (Allocation Rate) 1028M(50%)->530M(26%)
[57.954s][info][gc,start    ] GC(239) Garbage Collection (Allocation Rate)
[57.954s][info][gc,task     ] GC(239) Using 3 workers
[57.955s][info][gc,phases   ] GC(239) Pause Mark Start 0.010ms
[58.021s][info][gc,phases   ] GC(239) Concurrent Mark 66.235ms
[58.021s][info][gc,phases   ] GC(239) Pause Mark End 0.024ms
[58.022s][info][gc,phases   ] GC(239) Concurrent Mark Free 0.001ms
[58.028s][info][gc,phases   ] GC(239) Concurrent Process Non-Strong References 5.992ms
[58.029s][info][gc,phases   ] GC(239) Concurrent Reset Relocation Set 0.045ms
[58.037s][info][gc,phases   ] GC(239) Concurrent Select Relocation Set 8.408ms
[58.037s][info][gc,phases   ] GC(239) Pause Relocate Start 0.009ms
[58.047s][info][gc,phases   ] GC(239) Concurrent Relocate 9.720ms
[58.047s][info][gc,load     ] GC(239) Load: 0.00/0.00/0.00
[58.048s][info][gc,mmu      ] GC(239) MMU: 2ms/98.1%, 5ms/99.2%, 10ms/99.5%, 20ms/99.8%, 50ms/99.9%, 100ms/99.9%
[58.048s][info][gc,marking  ] GC(239) Mark: 2 stripe(s), 2 proactive flush(es), 1 terminate flush(es), 0 completion(s), 0 continuation(s) 
[58.048s][info][gc,marking  ] GC(239) Mark Stack Usage: 32M
[58.048s][info][gc,nmethod  ] GC(239) NMethods: 3845 registered, 12 unregistered
[58.048s][info][gc,metaspace] GC(239) Metaspace: 70M used, 71M committed, 1088M reserved
[58.048s][info][gc,ref      ] GC(239) Soft: 3829 encountered, 0 discovered, 0 enqueued
[58.048s][info][gc,ref      ] GC(239) Weak: 10844 encountered, 1263 discovered, 0 enqueued
[58.048s][info][gc,ref      ] GC(239) Final: 289 encountered, 38 discovered, 0 enqueued
[58.048s][info][gc,ref      ] GC(239) Phantom: 425 encountered, 335 discovered, 0 enqueued
[58.048s][info][gc,reloc    ] GC(239) Small Pages: 508 / 1016M, Empty: 634M, Relocated: 6M, In-Place: 0
[58.048s][info][gc,reloc    ] GC(239) Medium Pages: 0 / 0M, Empty: 0M, Relocated: 0M, In-Place: 0
[58.048s][info][gc,reloc    ] GC(239) Large Pages: 0 / 0M, Empty: 0M, Relocated: 0M, In-Place: 0
[58.048s][info][gc,reloc    ] GC(239) Forwarding Usage: 2M
[58.048s][info][gc,heap     ] GC(239) Min Capacity: 8M(0%)
[58.048s][info][gc,heap     ] GC(239) Max Capacity: 2048M(100%)
[58.048s][info][gc,heap     ] GC(239) Soft Max Capacity: 2048M(100%)
[58.048s][info][gc,heap     ] GC(239)                Mark Start          Mark End        Relocate Start      Relocate End           High               Low         
[58.048s][info][gc,heap     ] GC(239)  Capacity:     2048M (100%)       2048M (100%)       2048M (100%)       2048M (100%)       2048M (100%)       2048M (100%)   
[58.048s][info][gc,heap     ] GC(239)      Free:     1032M (50%)         714M (35%)        1276M (62%)        1564M (76%)        1580M (77%)         680M (33%)    
[58.048s][info][gc,heap     ] GC(239)      Used:     1016M (50%)        1334M (65%)         772M (38%)         484M (24%)        1368M (67%)         468M (23%)    
[58.048s][info][gc,heap     ] GC(239)      Live:         -                52M (3%)           52M (3%)           52M (3%)             -                  -          
[58.048s][info][gc,heap     ] GC(239) Allocated:         -               318M (16%)         390M (19%)         420M (21%)            -                  -          
[58.048s][info][gc,heap     ] GC(239)   Garbage:         -               963M (47%)         329M (16%)          11M (1%)             -                  -          
[58.048s][info][gc,heap     ] GC(239) Reclaimed:         -                  -               634M (31%)         952M (47%)            -                  -          
[58.048s][info][gc          ] GC(239) Garbage Collection (Allocation Rate) 1016M(50%)->484M(24%)
[58.155s][info][gc,start    ] GC(240) Garbage Collection (Allocation Rate)
[58.155s][info][gc,task     ] GC(240) Using 3 workers
[58.155s][info][gc,phases   ] GC(240) Pause Mark Start 0.010ms
[58.228s][info][gc,phases   ] GC(240) Concurrent Mark 72.106ms
[58.228s][info][gc,phases   ] GC(240) Pause Mark End 0.021ms
[58.228s][info][gc,phases   ] GC(240) Concurrent Mark Free 0.002ms
[58.234s][info][gc,phases   ] GC(240) Concurrent Process Non-Strong References 5.318ms
[58.234s][info][gc,phases   ] GC(240) Concurrent Reset Relocation Set 0.046ms
[58.243s][info][gc,phases   ] GC(240) Concurrent Select Relocation Set 8.891ms
[58.243s][info][gc,phases   ] GC(240) Pause Relocate Start 0.009ms
[58.253s][info][gc,phases   ] GC(240) Concurrent Relocate 9.925ms
[58.254s][info][gc,load     ] GC(240) Load: 0.00/0.00/0.00
[58.254s][info][gc,mmu      ] GC(240) MMU: 2ms/98.1%, 5ms/99.2%, 10ms/99.5%, 20ms/99.8%, 50ms/99.9%, 100ms/99.9%
[58.254s][info][gc,marking  ] GC(240) Mark: 2 stripe(s), 2 proactive flush(es), 1 terminate flush(es), 0 completion(s), 0 continuation(s) 
[58.254s][info][gc,marking  ] GC(240) Mark Stack Usage: 32M
[58.254s][info][gc,nmethod  ] GC(240) NMethods: 3845 registered, 12 unregistered
[58.254s][info][gc,metaspace] GC(240) Metaspace: 70M used, 71M committed, 1088M reserved
[58.254s][info][gc,ref      ] GC(240) Soft: 3829 encountered, 0 discovered, 0 enqueued
[58.254s][info][gc,ref      ] GC(240) Weak: 10844 encountered, 879 discovered, 0 enqueued
[58.254s][info][gc,ref      ] GC(240) Final: 289 encountered, 18 discovered, 0 enqueued
[58.254s][info][gc,ref      ] GC(240) Phantom: 425 encountered, 279 discovered, 0 enqueued
[58.254s][info][gc,reloc    ] GC(240) Small Pages: 508 / 1016M, Empty: 656M, Relocated: 6M, In-Place: 0
[58.254s][info][gc,reloc    ] GC(240) Medium Pages: 0 / 0M, Empty: 0M, Relocated: 0M, In-Place: 0
[58.254s][info][gc,reloc    ] GC(240) Large Pages: 0 / 0M, Empty: 0M, Relocated: 0M, In-Place: 0
[58.254s][info][gc,reloc    ] GC(240) Forwarding Usage: 2M
[58.254s][info][gc,heap     ] GC(240) Min Capacity: 8M(0%)
[58.254s][info][gc,heap     ] GC(240) Max Capacity: 2048M(100%)
[58.254s][info][gc,heap     ] GC(240) Soft Max Capacity: 2048M(100%)
[58.254s][info][gc,heap     ] GC(240)                Mark Start          Mark End        Relocate Start      Relocate End           High               Low         
[58.254s][info][gc,heap     ] GC(240)  Capacity:     2048M (100%)       2048M (100%)       2048M (100%)       2048M (100%)       2048M (100%)       2048M (100%)   
[58.254s][info][gc,heap     ] GC(240)      Free:     1032M (50%)         690M (34%)        1276M (62%)        1540M (75%)        1558M (76%)         662M (32%)    
[58.254s][info][gc,heap     ] GC(240)      Used:     1016M (50%)        1358M (66%)         772M (38%)         508M (25%)        1386M (68%)         490M (24%)    
[58.254s][info][gc,heap     ] GC(240)      Live:         -                51M (3%)           51M (3%)           51M (3%)             -                  -          
[58.254s][info][gc,heap     ] GC(240) Allocated:         -               342M (17%)         412M (20%)         444M (22%)            -                  -          
[58.254s][info][gc,heap     ] GC(240)   Garbage:         -               964M (47%)         308M (15%)          11M (1%)             -                  -          
[58.254s][info][gc,heap     ] GC(240) Reclaimed:         -                  -               656M (32%)         952M (47%)            -                  -          
[58.254s][info][gc          ] GC(240) Garbage Collection (Allocation Rate) 1016M(50%)->508M(25%)
[58.355s][info][gc,start    ] GC(241) Garbage Collection (Allocation Rate)
[58.355s][info][gc,task     ] GC(241) Using 3 workers
[58.355s][info][gc,phases   ] GC(241) Pause Mark Start 0.010ms
[58.416s][info][gc,phases   ] GC(241) Concurrent Mark 61.213ms
[58.417s][info][gc,phases   ] GC(241) Pause Mark End 0.021ms
[58.418s][info][gc,phases   ] GC(241) Concurrent Mark Free 0.001ms
[58.425s][info][gc,phases   ] GC(241) Concurrent Process Non-Strong References 7.636ms
[58.426s][info][gc,phases   ] GC(241) Concurrent Reset Relocation Set 0.051ms
[58.436s][info][gc,phases   ] GC(241) Concurrent Select Relocation Set 10.649ms
[58.437s][info][gc,phases   ] GC(241) Pause Relocate Start 0.009ms
[58.445s][info][gc,phases   ] GC(241) Concurrent Relocate 8.328ms
[58.445s][info][gc,load     ] GC(241) Load: 0.00/0.00/0.00
[58.445s][info][gc,mmu      ] GC(241) MMU: 2ms/98.1%, 5ms/99.2%, 10ms/99.5%, 20ms/99.8%, 50ms/99.9%, 100ms/99.9%
[58.445s][info][gc,marking  ] GC(241) Mark: 2 stripe(s), 2 proactive flush(es), 1 terminate flush(es), 0 completion(s), 0 continuation(s) 
[58.445s][info][gc,marking  ] GC(241) Mark Stack Usage: 32M
[58.445s][info][gc,nmethod  ] GC(241) NMethods: 3845 registered, 12 unregistered
[58.445s][info][gc,metaspace] GC(241) Metaspace: 70M used, 71M committed, 1088M reserved
[58.446s][info][gc,ref      ] GC(241) Soft: 3829 encountered, 0 discovered, 0 enqueued
[58.446s][info][gc,ref      ] GC(241) Weak: 10844 encountered, 747 discovered, 0 enqueued
[58.446s][info][gc,ref      ] GC(241) Final: 289 encountered, 28 discovered, 0 enqueued
[58.446s][info][gc,ref      ] GC(241) Phantom: 425 encountered, 318 discovered, 0 enqueued
[58.446s][info][gc,reloc    ] GC(241) Small Pages: 508 / 1016M, Empty: 552M, Relocated: 6M, In-Place: 0
[58.446s][info][gc,reloc    ] GC(241) Medium Pages: 0 / 0M, Empty: 0M, Relocated: 0M, In-Place: 0
[58.446s][info][gc,reloc    ] GC(241) Large Pages: 0 / 0M, Empty: 0M, Relocated: 0M, In-Place: 0
[58.446s][info][gc,reloc    ] GC(241) Forwarding Usage: 2M
[58.446s][info][gc,heap     ] GC(241) Min Capacity: 8M(0%)
[58.446s][info][gc,heap     ] GC(241) Max Capacity: 2048M(100%)
[58.446s][info][gc,heap     ] GC(241) Soft Max Capacity: 2048M(100%)
[58.446s][info][gc,heap     ] GC(241)                Mark Start          Mark End        Relocate Start      Relocate End           High               Low         
[58.446s][info][gc,heap     ] GC(241)  Capacity:     2048M (100%)       2048M (100%)       2048M (100%)       2048M (100%)       2048M (100%)       2048M (100%)   
[58.446s][info][gc,heap     ] GC(241)      Free:     1032M (50%)         738M (36%)        1196M (58%)        1568M (77%)        1584M (77%)         694M (34%)    
[58.446s][info][gc,heap     ] GC(241)      Used:     1016M (50%)        1310M (64%)         852M (42%)         480M (23%)        1354M (66%)         464M (23%)    
[58.446s][info][gc,heap     ] GC(241)      Live:         -                52M (3%)           52M (3%)           52M (3%)             -                  -          
[58.446s][info][gc,heap     ] GC(241) Allocated:         -               294M (14%)         388M (19%)         414M (20%)            -                  -          
[58.446s][info][gc,heap     ] GC(241)   Garbage:         -               963M (47%)         411M (20%)          13M (1%)             -                  -          
[58.446s][info][gc,heap     ] GC(241) Reclaimed:         -                  -               552M (27%)         950M (46%)            -                  -          
[58.446s][info][gc          ] GC(241) Garbage Collection (Allocation Rate) 1016M(50%)->480M(23%)
[58.554s][info][gc,start    ] GC(242) Garbage Collection (Allocation Rate)
[58.554s][info][gc,task     ] GC(242) Using 3 workers
[58.555s][info][gc,phases   ] GC(242) Pause Mark Start 0.010ms
[58.610s][info][gc,phases   ] GC(242) Concurrent Mark 55.142ms
[58.610s][info][gc,phases   ] GC(242) Pause Mark End 0.025ms
[58.611s][info][gc,phases   ] GC(242) Concurrent Mark Free 0.002ms
[58.619s][info][gc,phases   ] GC(242) Concurrent Process Non-Strong References 8.341ms
[58.619s][info][gc,phases   ] GC(242) Concurrent Reset Relocation Set 0.052ms
[58.626s][info][gc,phases   ] GC(242) Concurrent Select Relocation Set 6.738ms
[58.626s][info][gc,phases   ] GC(242) Pause Relocate Start 0.009ms
[58.636s][info][gc,phases   ] GC(242) Concurrent Relocate 9.611ms
[58.636s][info][gc,load     ] GC(242) Load: 0.00/0.00/0.00
[58.636s][info][gc,mmu      ] GC(242) MMU: 2ms/98.1%, 5ms/99.2%, 10ms/99.5%, 20ms/99.8%, 50ms/99.9%, 100ms/99.9%
[58.636s][info][gc,marking  ] GC(242) Mark: 2 stripe(s), 2 proactive flush(es), 1 terminate flush(es), 0 completion(s), 0 continuation(s) 
[58.636s][info][gc,marking  ] GC(242) Mark Stack Usage: 32M
[58.636s][info][gc,nmethod  ] GC(242) NMethods: 3845 registered, 12 unregistered
[58.636s][info][gc,metaspace] GC(242) Metaspace: 70M used, 71M committed, 1088M reserved
[58.636s][info][gc,ref      ] GC(242) Soft: 3829 encountered, 0 discovered, 0 enqueued
[58.637s][info][gc,ref      ] GC(242) Weak: 10844 encountered, 830 discovered, 0 enqueued
[58.637s][info][gc,ref      ] GC(242) Final: 289 encountered, 25 discovered, 0 enqueued
[58.637s][info][gc,ref      ] GC(242) Phantom: 425 encountered, 311 discovered, 0 enqueued
[58.637s][info][gc,reloc    ] GC(242) Small Pages: 508 / 1016M, Empty: 616M, Relocated: 6M, In-Place: 0
[58.637s][info][gc,reloc    ] GC(242) Medium Pages: 0 / 0M, Empty: 0M, Relocated: 0M, In-Place: 0
[58.637s][info][gc,reloc    ] GC(242) Large Pages: 0 / 0M, Empty: 0M, Relocated: 0M, In-Place: 0
[58.637s][info][gc,reloc    ] GC(242) Forwarding Usage: 2M
[58.637s][info][gc,heap     ] GC(242) Min Capacity: 8M(0%)
[58.637s][info][gc,heap     ] GC(242) Max Capacity: 2048M(100%)
[58.637s][info][gc,heap     ] GC(242) Soft Max Capacity: 2048M(100%)
[58.637s][info][gc,heap     ] GC(242)                Mark Start          Mark End        Relocate Start      Relocate End           High               Low         
[58.637s][info][gc,heap     ] GC(242)  Capacity:     2048M (100%)       2048M (100%)       2048M (100%)       2048M (100%)       2048M (100%)       2048M (100%)   
[58.637s][info][gc,heap     ] GC(242)      Free:     1032M (50%)         768M (38%)        1310M (64%)        1614M (79%)        1634M (80%)         726M (35%)    
[58.637s][info][gc,heap     ] GC(242)      Used:     1016M (50%)        1280M (63%)         738M (36%)         434M (21%)        1322M (65%)         414M (20%)    
[58.637s][info][gc,heap     ] GC(242)      Live:         -                52M (3%)           52M (3%)           52M (3%)             -                  -          
[58.637s][info][gc,heap     ] GC(242) Allocated:         -               264M (13%)         338M (17%)         370M (18%)            -                  -          
[58.637s][info][gc,heap     ] GC(242)   Garbage:         -               963M (47%)         347M (17%)          11M (1%)             -                  -          
[58.637s][info][gc,heap     ] GC(242) Reclaimed:         -                  -               616M (30%)         952M (47%)            -                  -          
[58.637s][info][gc          ] GC(242) Garbage Collection (Allocation Rate) 1016M(50%)->434M(21%)
[58.754s][info][gc,start    ] GC(243) Garbage Collection (Allocation Rate)
[58.754s][info][gc,task     ] GC(243) Using 3 workers
[58.754s][info][gc,phases   ] GC(243) Pause Mark Start 0.010ms
[58.813s][info][gc,phases   ] GC(243) Concurrent Mark 58.269ms
[58.813s][info][gc,phases   ] GC(243) Pause Mark End 0.022ms
[58.815s][info][gc,phases   ] GC(243) Concurrent Mark Free 0.001ms
[58.821s][info][gc,phases   ] GC(243) Concurrent Process Non-Strong References 5.434ms
[58.821s][info][gc,phases   ] GC(243) Concurrent Reset Relocation Set 0.052ms
[58.827s][info][gc,phases   ] GC(243) Concurrent Select Relocation Set 6.618ms
[58.828s][info][gc,phases   ] GC(243) Pause Relocate Start 0.009ms
[58.838s][info][gc,phases   ] GC(243) Concurrent Relocate 9.724ms
[58.838s][info][gc,load     ] GC(243) Load: 0.00/0.00/0.00
[58.838s][info][gc,mmu      ] GC(243) MMU: 2ms/98.1%, 5ms/99.2%, 10ms/99.5%, 20ms/99.8%, 50ms/99.9%, 100ms/99.9%
[58.838s][info][gc,marking  ] GC(243) Mark: 2 stripe(s), 2 proactive flush(es), 1 terminate flush(es), 0 completion(s), 0 continuation(s) 
[58.838s][info][gc,marking  ] GC(243) Mark Stack Usage: 32M
[58.838s][info][gc,nmethod  ] GC(243) NMethods: 3860 registered, 12 unregistered
[58.838s][info][gc,metaspace] GC(243) Metaspace: 70M used, 71M committed, 1088M reserved
[58.838s][info][gc,ref      ] GC(243) Soft: 3829 encountered, 0 discovered, 0 enqueued
[58.838s][info][gc,ref      ] GC(243) Weak: 10844 encountered, 1444 discovered, 0 enqueued
[58.838s][info][gc,ref      ] GC(243) Final: 289 encountered, 29 discovered, 0 enqueued
[58.838s][info][gc,ref      ] GC(243) Phantom: 425 encountered, 311 discovered, 0 enqueued
[58.838s][info][gc,reloc    ] GC(243) Small Pages: 510 / 1020M, Empty: 664M, Relocated: 6M, In-Place: 0
[58.838s][info][gc,reloc    ] GC(243) Medium Pages: 0 / 0M, Empty: 0M, Relocated: 0M, In-Place: 0
[58.838s][info][gc,reloc    ] GC(243) Large Pages: 0 / 0M, Empty: 0M, Relocated: 0M, In-Place: 0
[58.838s][info][gc,reloc    ] GC(243) Forwarding Usage: 2M
[58.838s][info][gc,heap     ] GC(243) Min Capacity: 8M(0%)
[58.838s][info][gc,heap     ] GC(243) Max Capacity: 2048M(100%)
[58.838s][info][gc,heap     ] GC(243) Soft Max Capacity: 2048M(100%)
[58.838s][info][gc,heap     ] GC(243)                Mark Start          Mark End        Relocate Start      Relocate End           High               Low         
[58.838s][info][gc,heap     ] GC(243)  Capacity:     2048M (100%)       2048M (100%)       2048M (100%)       2048M (100%)       2048M (100%)       2048M (100%)   
[58.838s][info][gc,heap     ] GC(243)      Free:     1028M (50%)         744M (36%)        1346M (66%)        1614M (79%)        1628M (79%)         710M (35%)    
[58.838s][info][gc,heap     ] GC(243)      Used:     1020M (50%)        1304M (64%)         702M (34%)         434M (21%)        1338M (65%)         420M (21%)    
[58.838s][info][gc,heap     ] GC(243)      Live:         -                52M (3%)           52M (3%)           52M (3%)             -                  -          
[58.838s][info][gc,heap     ] GC(243) Allocated:         -               284M (14%)         346M (17%)         370M (18%)            -                  -          
[58.838s][info][gc,heap     ] GC(243)   Garbage:         -               967M (47%)         303M (15%)          11M (1%)             -                  -          
[58.838s][info][gc,heap     ] GC(243) Reclaimed:         -                  -               664M (32%)         956M (47%)            -                  -          
[58.838s][info][gc          ] GC(243) Garbage Collection (Allocation Rate) 1020M(50%)->434M(21%)
[58.955s][info][gc,start    ] GC(244) Garbage Collection (Allocation Rate)
[58.955s][info][gc,task     ] GC(244) Using 3 workers
[58.955s][info][gc,phases   ] GC(244) Pause Mark Start 0.009ms
[59.010s][info][gc,phases   ] GC(244) Concurrent Mark 55.118ms
[59.011s][info][gc,phases   ] GC(244) Pause Mark End 0.022ms
[59.011s][info][gc,phases   ] GC(244) Concurrent Mark Free 0.002ms
[59.017s][info][gc,phases   ] GC(244) Concurrent Process Non-Strong References 5.401ms
[59.017s][info][gc,phases   ] GC(244) Concurrent Reset Relocation Set 0.042ms
[59.028s][info][gc,phases   ] GC(244) Concurrent Select Relocation Set 10.643ms
[59.028s][info][gc,phases   ] GC(244) Pause Relocate Start 0.007ms
[59.038s][info][gc,phases   ] GC(244) Concurrent Relocate 9.514ms
[59.038s][info][gc,load     ] GC(244) Load: 0.00/0.00/0.00
[59.038s][info][gc,mmu      ] GC(244) MMU: 2ms/98.1%, 5ms/99.2%, 10ms/99.5%, 20ms/99.8%, 50ms/99.9%, 100ms/99.9%
[59.038s][info][gc,marking  ] GC(244) Mark: 2 stripe(s), 2 proactive flush(es), 1 terminate flush(es), 0 completion(s), 0 continuation(s) 
[59.038s][info][gc,marking  ] GC(244) Mark Stack Usage: 32M
[59.038s][info][gc,nmethod  ] GC(244) NMethods: 3832 registered, 52 unregistered
[59.038s][info][gc,metaspace] GC(244) Metaspace: 70M used, 71M committed, 1088M reserved
[59.038s][info][gc,ref      ] GC(244) Soft: 3829 encountered, 0 discovered, 0 enqueued
[59.038s][info][gc,ref      ] GC(244) Weak: 10807 encountered, 717 discovered, 13 enqueued
[59.038s][info][gc,ref      ] GC(244) Final: 289 encountered, 18 discovered, 0 enqueued
[59.038s][info][gc,ref      ] GC(244) Phantom: 425 encountered, 338 discovered, 0 enqueued
[59.038s][info][gc,reloc    ] GC(244) Small Pages: 490 / 980M, Empty: 544M, Relocated: 6M, In-Place: 0
[59.038s][info][gc,reloc    ] GC(244) Medium Pages: 0 / 0M, Empty: 0M, Relocated: 0M, In-Place: 0
[59.038s][info][gc,reloc    ] GC(244) Large Pages: 0 / 0M, Empty: 0M, Relocated: 0M, In-Place: 0
[59.038s][info][gc,reloc    ] GC(244) Forwarding Usage: 2M
[59.038s][info][gc,heap     ] GC(244) Min Capacity: 8M(0%)
[59.038s][info][gc,heap     ] GC(244) Max Capacity: 2048M(100%)
[59.038s][info][gc,heap     ] GC(244) Soft Max Capacity: 2048M(100%)
[59.038s][info][gc,heap     ] GC(244)                Mark Start          Mark End        Relocate Start      Relocate End           High               Low         
[59.038s][info][gc,heap     ] GC(244)  Capacity:     2048M (100%)       2048M (100%)       2048M (100%)       2048M (100%)       2048M (100%)       2048M (100%)   
[59.038s][info][gc,heap     ] GC(244)      Free:     1068M (52%)         798M (39%)        1268M (62%)        1612M (79%)        1626M (79%)         770M (38%)    
[59.038s][info][gc,heap     ] GC(244)      Used:      980M (48%)        1250M (61%)         780M (38%)         436M (21%)        1278M (62%)         422M (21%)    
[59.038s][info][gc,heap     ] GC(244)      Live:         -                51M (3%)           51M (3%)           51M (3%)             -                  -          
[59.038s][info][gc,heap     ] GC(244) Allocated:         -               270M (13%)         344M (17%)         372M (18%)            -                  -          
[59.038s][info][gc,heap     ] GC(244)   Garbage:         -               928M (45%)         384M (19%)          11M (1%)             -                  -          
[59.038s][info][gc,heap     ] GC(244) Reclaimed:         -                  -               544M (27%)         916M (45%)            -                  -          
[59.038s][info][gc          ] GC(244) Garbage Collection (Allocation Rate) 980M(48%)->436M(21%)
[59.154s][info][gc,start    ] GC(245) Garbage Collection (Allocation Rate)
[59.154s][info][gc,task     ] GC(245) Using 3 workers
[59.155s][info][gc,phases   ] GC(245) Pause Mark Start 0.012ms
[59.213s][info][gc,phases   ] GC(245) Concurrent Mark 58.148ms
[59.213s][info][gc,phases   ] GC(245) Pause Mark End 0.029ms
[59.214s][info][gc,phases   ] GC(245) Concurrent Mark Free 0.001ms
[59.219s][info][gc,phases   ] GC(245) Concurrent Process Non-Strong References 5.370ms
[59.219s][info][gc,phases   ] GC(245) Concurrent Reset Relocation Set 0.046ms
[59.224s][info][gc,phases   ] GC(245) Concurrent Select Relocation Set 5.130ms
[59.225s][info][gc,phases   ] GC(245) Pause Relocate Start 0.009ms
[59.234s][info][gc,phases   ] GC(245) Concurrent Relocate 9.246ms
[59.234s][info][gc,load     ] GC(245) Load: 0.00/0.00/0.00
[59.234s][info][gc,mmu      ] GC(245) MMU: 2ms/98.1%, 5ms/99.2%, 10ms/99.5%, 20ms/99.8%, 50ms/99.9%, 100ms/99.9%
[59.234s][info][gc,marking  ] GC(245) Mark: 2 stripe(s), 2 proactive flush(es), 1 terminate flush(es), 0 completion(s), 0 continuation(s) 
[59.234s][info][gc,marking  ] GC(245) Mark Stack Usage: 32M
[59.235s][info][gc,nmethod  ] GC(245) NMethods: 3830 registered, 55 unregistered
[59.235s][info][gc,metaspace] GC(245) Metaspace: 70M used, 71M committed, 1088M reserved
[59.235s][info][gc,ref      ] GC(245) Soft: 3829 encountered, 0 discovered, 0 enqueued
[59.235s][info][gc,ref      ] GC(245) Weak: 10744 encountered, 1030 discovered, 13 enqueued
[59.235s][info][gc,ref      ] GC(245) Final: 289 encountered, 13 discovered, 0 enqueued
[59.235s][info][gc,ref      ] GC(245) Phantom: 425 encountered, 260 discovered, 0 enqueued
[59.235s][info][gc,reloc    ] GC(245) Small Pages: 498 / 996M, Empty: 650M, Relocated: 5M, In-Place: 0
[59.235s][info][gc,reloc    ] GC(245) Medium Pages: 0 / 0M, Empty: 0M, Relocated: 0M, In-Place: 0
[59.235s][info][gc,reloc    ] GC(245) Large Pages: 0 / 0M, Empty: 0M, Relocated: 0M, In-Place: 0
[59.235s][info][gc,reloc    ] GC(245) Forwarding Usage: 2M
[59.235s][info][gc,heap     ] GC(245) Min Capacity: 8M(0%)
[59.235s][info][gc,heap     ] GC(245) Max Capacity: 2048M(100%)
[59.235s][info][gc,heap     ] GC(245) Soft Max Capacity: 2048M(100%)
[59.235s][info][gc,heap     ] GC(245)                Mark Start          Mark End        Relocate Start      Relocate End           High               Low         
[59.235s][info][gc,heap     ] GC(245)  Capacity:     2048M (100%)       2048M (100%)       2048M (100%)       2048M (100%)       2048M (100%)       2048M (100%)   
[59.235s][info][gc,heap     ] GC(245)      Free:     1052M (51%)         790M (39%)        1388M (68%)        1640M (80%)        1658M (81%)         762M (37%)    
[59.235s][info][gc,heap     ] GC(245)      Used:      996M (49%)        1258M (61%)         660M (32%)         408M (20%)        1286M (63%)         390M (19%)    
[59.235s][info][gc,heap     ] GC(245)      Live:         -                51M (3%)           51M (3%)           51M (3%)             -                  -          
[59.235s][info][gc,heap     ] GC(245) Allocated:         -               262M (13%)         314M (15%)         342M (17%)            -                  -          
[59.235s][info][gc,heap     ] GC(245)   Garbage:         -               944M (46%)         294M (14%)          13M (1%)             -                  -          
[59.235s][info][gc,heap     ] GC(245) Reclaimed:         -                  -               650M (32%)         930M (45%)            -                  -          
[59.235s][info][gc          ] GC(245) Garbage Collection (Allocation Rate) 996M(49%)->408M(20%)
[59.354s][info][gc,start    ] GC(246) Garbage Collection (Allocation Rate)
[59.354s][info][gc,task     ] GC(246) Using 3 workers
[59.354s][info][gc,phases   ] GC(246) Pause Mark Start 0.011ms
[59.432s][info][gc,phases   ] GC(246) Concurrent Mark 77.402ms
[59.432s][info][gc,phases   ] GC(246) Pause Mark End 0.018ms
[59.432s][info][gc,phases   ] GC(246) Concurrent Mark Free 0.001ms
[59.438s][info][gc,phases   ] GC(246) Concurrent Process Non-Strong References 5.564ms
[59.438s][info][gc,phases   ] GC(246) Concurrent Reset Relocation Set 0.038ms
[59.443s][info][gc,phases   ] GC(246) Concurrent Select Relocation Set 4.882ms
[59.443s][info][gc,phases   ] GC(246) Pause Relocate Start 0.009ms
[59.452s][info][gc,phases   ] GC(246) Concurrent Relocate 8.997ms
[59.452s][info][gc,load     ] GC(246) Load: 0.00/0.00/0.00
[59.452s][info][gc,mmu      ] GC(246) MMU: 2ms/98.1%, 5ms/99.2%, 10ms/99.5%, 20ms/99.8%, 50ms/99.9%, 100ms/99.9%
[59.452s][info][gc,marking  ] GC(246) Mark: 2 stripe(s), 2 proactive flush(es), 1 terminate flush(es), 0 completion(s), 0 continuation(s) 
[59.452s][info][gc,marking  ] GC(246) Mark Stack Usage: 32M
[59.452s][info][gc,nmethod  ] GC(246) NMethods: 3832 registered, 55 unregistered
[59.452s][info][gc,metaspace] GC(246) Metaspace: 70M used, 71M committed, 1088M reserved
[59.452s][info][gc,ref      ] GC(246) Soft: 3829 encountered, 0 discovered, 0 enqueued
[59.452s][info][gc,ref      ] GC(246) Weak: 10642 encountered, 1021 discovered, 18 enqueued
[59.452s][info][gc,ref      ] GC(246) Final: 289 encountered, 21 discovered, 0 enqueued
[59.452s][info][gc,ref      ] GC(246) Phantom: 425 encountered, 250 discovered, 0 enqueued
[59.452s][info][gc,reloc    ] GC(246) Small Pages: 496 / 992M, Empty: 620M, Relocated: 5M, In-Place: 0
[59.452s][info][gc,reloc    ] GC(246) Medium Pages: 0 / 0M, Empty: 0M, Relocated: 0M, In-Place: 0
[59.452s][info][gc,reloc    ] GC(246) Large Pages: 0 / 0M, Empty: 0M, Relocated: 0M, In-Place: 0
[59.452s][info][gc,reloc    ] GC(246) Forwarding Usage: 1M
[59.452s][info][gc,heap     ] GC(246) Min Capacity: 8M(0%)
[59.453s][info][gc,heap     ] GC(246) Max Capacity: 2048M(100%)
[59.453s][info][gc,heap     ] GC(246) Soft Max Capacity: 2048M(100%)
[59.453s][info][gc,heap     ] GC(246)                Mark Start          Mark End        Relocate Start      Relocate End           High               Low         
[59.453s][info][gc,heap     ] GC(246)  Capacity:     2048M (100%)       2048M (100%)       2048M (100%)       2048M (100%)       2048M (100%)       2048M (100%)   
[59.453s][info][gc,heap     ] GC(246)      Free:     1056M (52%)         690M (34%)        1260M (62%)        1538M (75%)        1556M (76%)         664M (32%)    
[59.453s][info][gc,heap     ] GC(246)      Used:      992M (48%)        1358M (66%)         788M (38%)         510M (25%)        1384M (68%)         492M (24%)    
[59.453s][info][gc,heap     ] GC(246)      Live:         -                51M (3%)           51M (3%)           51M (3%)             -                  -          
[59.453s][info][gc,heap     ] GC(246) Allocated:         -               366M (18%)         416M (20%)         444M (22%)            -                  -          
[59.453s][info][gc,heap     ] GC(246)   Garbage:         -               940M (46%)         320M (16%)          13M (1%)             -                  -          
[59.453s][info][gc,heap     ] GC(246) Reclaimed:         -                  -               620M (30%)         926M (45%)            -                  -          
[59.453s][info][gc          ] GC(246) Garbage Collection (Allocation Rate) 992M(48%)->510M(25%)
[59.555s][info][gc,start    ] GC(247) Garbage Collection (Allocation Rate)
[59.555s][info][gc,task     ] GC(247) Using 3 workers
[59.555s][info][gc,phases   ] GC(247) Pause Mark Start 0.010ms
[59.636s][info][gc,phases   ] GC(247) Concurrent Mark 81.395ms
[59.637s][info][gc,phases   ] GC(247) Pause Mark End 0.021ms
[59.637s][info][gc,phases   ] GC(247) Concurrent Mark Free 0.001ms
[59.642s][info][gc,phases   ] GC(247) Concurrent Process Non-Strong References 5.106ms
[59.642s][info][gc,phases   ] GC(247) Concurrent Reset Relocation Set 0.036ms
[59.647s][info][gc,phases   ] GC(247) Concurrent Select Relocation Set 4.846ms
[59.647s][info][gc,phases   ] GC(247) Pause Relocate Start 0.008ms
[59.657s][info][gc,phases   ] GC(247) Concurrent Relocate 9.992ms
[59.657s][info][gc,load     ] GC(247) Load: 0.00/0.00/0.00
[59.657s][info][gc,mmu      ] GC(247) MMU: 2ms/98.1%, 5ms/99.2%, 10ms/99.5%, 20ms/99.8%, 50ms/99.9%, 100ms/99.9%
[59.657s][info][gc,marking  ] GC(247) Mark: 2 stripe(s), 2 proactive flush(es), 1 terminate flush(es), 0 completion(s), 0 continuation(s) 
[59.657s][info][gc,marking  ] GC(247) Mark Stack Usage: 32M
[59.658s][info][gc,nmethod  ] GC(247) NMethods: 3865 registered, 56 unregistered
[59.658s][info][gc,metaspace] GC(247) Metaspace: 70M used, 71M committed, 1088M reserved
[59.658s][info][gc,ref      ] GC(247) Soft: 3829 encountered, 0 discovered, 0 enqueued
[59.658s][info][gc,ref      ] GC(247) Weak: 10458 encountered, 940 discovered, 36 enqueued
[59.658s][info][gc,ref      ] GC(247) Final: 289 encountered, 31 discovered, 0 enqueued
[59.658s][info][gc,ref      ] GC(247) Phantom: 425 encountered, 263 discovered, 0 enqueued
[59.658s][info][gc,reloc    ] GC(247) Small Pages: 503 / 1006M, Empty: 662M, Relocated: 4M, In-Place: 0
[59.658s][info][gc,reloc    ] GC(247) Medium Pages: 0 / 0M, Empty: 0M, Relocated: 0M, In-Place: 0
[59.658s][info][gc,reloc    ] GC(247) Large Pages: 0 / 0M, Empty: 0M, Relocated: 0M, In-Place: 0
[59.658s][info][gc,reloc    ] GC(247) Forwarding Usage: 1M
[59.658s][info][gc,heap     ] GC(247) Min Capacity: 8M(0%)
[59.658s][info][gc,heap     ] GC(247) Max Capacity: 2048M(100%)
[59.658s][info][gc,heap     ] GC(247) Soft Max Capacity: 2048M(100%)
[59.658s][info][gc,heap     ] GC(247)                Mark Start          Mark End        Relocate Start      Relocate End           High               Low         
[59.658s][info][gc,heap     ] GC(247)  Capacity:     2048M (100%)       2048M (100%)       2048M (100%)       2048M (100%)       2048M (100%)       2048M (100%)   
[59.658s][info][gc,heap     ] GC(247)      Free:     1042M (51%)         690M (34%)        1308M (64%)        1556M (76%)        1576M (77%)         670M (33%)    
[59.658s][info][gc,heap     ] GC(247)      Used:     1006M (49%)        1358M (66%)         740M (36%)         492M (24%)        1378M (67%)         472M (23%)    
[59.658s][info][gc,heap     ] GC(247)      Live:         -                51M (2%)           51M (2%)           51M (2%)             -                  -          
[59.658s][info][gc,heap     ] GC(247) Allocated:         -               352M (17%)         396M (19%)         426M (21%)            -                  -          
[59.658s][info][gc,heap     ] GC(247)   Garbage:         -               954M (47%)         292M (14%)          13M (1%)             -                  -          
[59.658s][info][gc,heap     ] GC(247) Reclaimed:         -                  -               662M (32%)         940M (46%)            -                  -          
[59.658s][info][gc          ] GC(247) Garbage Collection (Allocation Rate) 1006M(49%)->492M(24%)
[59.754s][info][gc,start    ] GC(248) Garbage Collection (Allocation Rate)
[59.754s][info][gc,task     ] GC(248) Using 3 workers
[59.755s][info][gc,phases   ] GC(248) Pause Mark Start 0.010ms
[59.825s][info][gc,phases   ] GC(248) Concurrent Mark 70.540ms
[59.825s][info][gc,phases   ] GC(248) Pause Mark End 0.022ms
[59.826s][info][gc,phases   ] GC(248) Concurrent Mark Free 0.001ms
[59.831s][info][gc,phases   ] GC(248) Concurrent Process Non-Strong References 4.995ms
[59.831s][info][gc,phases   ] GC(248) Concurrent Reset Relocation Set 0.033ms
[59.836s][info][gc,phases   ] GC(248) Concurrent Select Relocation Set 5.324ms
[59.836s][info][gc,phases   ] GC(248) Pause Relocate Start 0.008ms
[59.843s][info][gc,phases   ] GC(248) Concurrent Relocate 7.073ms
[59.844s][info][gc,load     ] GC(248) Load: 0.00/0.00/0.00
[59.844s][info][gc,mmu      ] GC(248) MMU: 2ms/98.1%, 5ms/99.2%, 10ms/99.5%, 20ms/99.8%, 50ms/99.9%, 100ms/99.9%
[59.844s][info][gc,marking  ] GC(248) Mark: 2 stripe(s), 2 proactive flush(es), 1 terminate flush(es), 0 completion(s), 0 continuation(s) 
[59.844s][info][gc,marking  ] GC(248) Mark Stack Usage: 32M
[59.844s][info][gc,nmethod  ] GC(248) NMethods: 3887 registered, 57 unregistered
[59.844s][info][gc,metaspace] GC(248) Metaspace: 71M used, 71M committed, 1088M reserved
[59.844s][info][gc,ref      ] GC(248) Soft: 3829 encountered, 0 discovered, 0 enqueued
[59.844s][info][gc,ref      ] GC(248) Weak: 10216 encountered, 2725 discovered, 54 enqueued
[59.844s][info][gc,ref      ] GC(248) Final: 289 encountered, 23 discovered, 0 enqueued
[59.844s][info][gc,ref      ] GC(248) Phantom: 425 encountered, 287 discovered, 0 enqueued
[59.844s][info][gc,reloc    ] GC(248) Small Pages: 444 / 888M, Empty: 562M, Relocated: 3M, In-Place: 0
[59.844s][info][gc,reloc    ] GC(248) Medium Pages: 0 / 0M, Empty: 0M, Relocated: 0M, In-Place: 0
[59.844s][info][gc,reloc    ] GC(248) Large Pages: 0 / 0M, Empty: 0M, Relocated: 0M, In-Place: 0
[59.844s][info][gc,reloc    ] GC(248) Forwarding Usage: 1M
[59.844s][info][gc,heap     ] GC(248) Min Capacity: 8M(0%)
[59.844s][info][gc,heap     ] GC(248) Max Capacity: 2048M(100%)
[59.844s][info][gc,heap     ] GC(248) Soft Max Capacity: 2048M(100%)
[59.844s][info][gc,heap     ] GC(248)                Mark Start          Mark End        Relocate Start      Relocate End           High               Low         
[59.844s][info][gc,heap     ] GC(248)  Capacity:     2048M (100%)       2048M (100%)       2048M (100%)       2048M (100%)       2048M (100%)       2048M (100%)   
[59.844s][info][gc,heap     ] GC(248)      Free:     1160M (57%)         882M (43%)        1408M (69%)        1642M (80%)        1660M (81%)         866M (42%)    
[59.844s][info][gc,heap     ] GC(248)      Used:      888M (43%)        1166M (57%)         640M (31%)         406M (20%)        1182M (58%)         388M (19%)    
[59.844s][info][gc,heap     ] GC(248)      Live:         -                50M (2%)           50M (2%)           50M (2%)             -                  -          
[59.844s][info][gc,heap     ] GC(248) Allocated:         -               278M (14%)         314M (15%)         339M (17%)            -                  -          
[59.844s][info][gc,heap     ] GC(248)   Garbage:         -               837M (41%)         275M (13%)          16M (1%)             -                  -          
[59.844s][info][gc,heap     ] GC(248) Reclaimed:         -                  -               562M (27%)         821M (40%)            -                  -          
[59.844s][info][gc          ] GC(248) Garbage Collection (Allocation Rate) 888M(43%)->406M(20%)
[59.954s][info][gc,start    ] GC(249) Garbage Collection (Allocation Rate)
[59.954s][info][gc,task     ] GC(249) Using 3 workers
[59.954s][info][gc,phases   ] GC(249) Pause Mark Start 0.013ms
[60.002s][info][gc,phases   ] GC(249) Concurrent Mark 47.554ms
[60.002s][info][gc,phases   ] GC(249) Pause Mark End 0.029ms
[60.002s][info][gc,phases   ] GC(249) Concurrent Mark Free 0.001ms
[60.007s][info][gc,phases   ] GC(249) Concurrent Process Non-Strong References 4.335ms
[60.007s][info][gc,phases   ] GC(249) Concurrent Reset Relocation Set 0.032ms
[60.014s][info][gc,phases   ] GC(249) Concurrent Select Relocation Set 6.985ms
[60.014s][info][gc,phases   ] GC(249) Pause Relocate Start 0.008ms
[60.020s][info][gc,phases   ] GC(249) Concurrent Relocate 6.434ms
[60.020s][info][gc,load     ] GC(249) Load: 0.00/0.00/0.00
[60.020s][info][gc,mmu      ] GC(249) MMU: 2ms/98.1%, 5ms/99.2%, 10ms/99.5%, 20ms/99.8%, 50ms/99.9%, 100ms/99.9%
[60.020s][info][gc,marking  ] GC(249) Mark: 2 stripe(s), 2 proactive flush(es), 1 terminate flush(es), 0 completion(s), 0 continuation(s) 
[60.020s][info][gc,marking  ] GC(249) Mark Stack Usage: 32M
[60.020s][info][gc,nmethod  ] GC(249) NMethods: 3887 registered, 57 unregistered
[60.021s][info][gc,metaspace] GC(249) Metaspace: 71M used, 71M committed, 1088M reserved
[60.021s][info][gc,ref      ] GC(249) Soft: 3829 encountered, 0 discovered, 0 enqueued
[60.021s][info][gc,ref      ] GC(249) Weak: 10056 encountered, 603 discovered, 24 enqueued
[60.021s][info][gc,ref      ] GC(249) Final: 289 encountered, 9 discovered, 0 enqueued
[60.021s][info][gc,ref      ] GC(249) Phantom: 425 encountered, 262 discovered, 0 enqueued
[60.021s][info][gc,reloc    ] GC(249) Small Pages: 411 / 822M, Empty: 626M, Relocated: 6M, In-Place: 0
[60.021s][info][gc,reloc    ] GC(249) Medium Pages: 0 / 0M, Empty: 0M, Relocated: 0M, In-Place: 0
[60.021s][info][gc,reloc    ] GC(249) Large Pages: 0 / 0M, Empty: 0M, Relocated: 0M, In-Place: 0
[60.021s][info][gc,reloc    ] GC(249) Forwarding Usage: 2M
[60.021s][info][gc,heap     ] GC(249) Min Capacity: 8M(0%)
[60.021s][info][gc,heap     ] GC(249) Max Capacity: 2048M(100%)
[60.021s][info][gc,heap     ] GC(249) Soft Max Capacity: 2048M(100%)
[60.021s][info][gc,heap     ] GC(249)                Mark Start          Mark End        Relocate Start      Relocate End           High               Low         
[60.021s][info][gc,heap     ] GC(249)  Capacity:     2048M (100%)       2048M (100%)       2048M (100%)       2048M (100%)       2048M (100%)       2048M (100%)   
[60.021s][info][gc,heap     ] GC(249)      Free:     1226M (60%)        1070M (52%)        1658M (81%)        1778M (87%)        1786M (87%)        1054M (51%)    
[60.021s][info][gc,heap     ] GC(249)      Used:      822M (40%)         978M (48%)         390M (19%)         270M (13%)         994M (49%)         262M (13%)    
[60.021s][info][gc,heap     ] GC(249)      Live:         -                50M (2%)           50M (2%)           50M (2%)             -                  -          
[60.021s][info][gc,heap     ] GC(249) Allocated:         -               156M (8%)          194M (9%)          207M (10%)            -                  -          
[60.021s][info][gc,heap     ] GC(249)   Garbage:         -               771M (38%)         145M (7%)           12M (1%)             -                  -          
[60.021s][info][gc,heap     ] GC(249) Reclaimed:         -                  -               626M (31%)         759M (37%)            -                  -          
[60.021s][info][gc          ] GC(249) Garbage Collection (Allocation Rate) 822M(40%)->270M(13%)
[60.154s][info][gc,stats    ] === Garbage Collection Statistics =======================================================================================================================
[60.154s][info][gc,stats    ]                                                              Last 10s              Last 10m              Last 10h                Total
[60.154s][info][gc,stats    ]                                                              Avg / Max             Avg / Max             Avg / Max             Avg / Max
[60.154s][info][gc,stats    ]   Collector: Garbage Collection Cycle                     69.185 / 155.817      77.184 / 318.332      77.184 / 318.332      77.184 / 318.332     ms
[60.154s][info][gc,stats    ]  Contention: Mark Segment Reset Contention                    18 / 57               13 / 78               13 / 78               13 / 78          ops/s
[60.154s][info][gc,stats    ]  Contention: Mark SeqNum Reset Contention                      2 / 9                 1 / 11                1 / 11                1 / 11          ops/s
[60.154s][info][gc,stats    ]    Critical: Allocation Stall                                  0 / 0                 0 / 0                 0 / 0                 0 / 0           ops/s
[60.154s][info][gc,stats    ]    Critical: Allocation Stall                              0.000 / 0.000         0.000 / 0.000         0.000 / 0.000         0.000 / 0.000       ms
[60.154s][info][gc,stats    ]    Critical: GC Locker Stall                                   0 / 0                 0 / 0                 0 / 0                 0 / 0           ops/s
[60.154s][info][gc,stats    ]    Critical: GC Locker Stall                               0.000 / 0.000         0.000 / 0.000         0.000 / 0.000         0.000 / 0.000       ms
[60.154s][info][gc,stats    ]    Critical: Relocation Stall                                  0 / 0                 0 / 0                 0 / 0                 0 / 0           ops/s
[60.154s][info][gc,stats    ]    Critical: Relocation Stall                              0.000 / 0.000         0.000 / 0.000         0.000 / 0.000         0.000 / 0.000       ms
[60.154s][info][gc,stats    ]      Memory: Allocation Rate                                4660 / 5940           3887 / 5994           3887 / 5994           3887 / 5994        MB/s
[60.154s][info][gc,stats    ]      Memory: Defragment                                        0 / 0                 0 / 0                 0 / 0                 0 / 0           ops/s
[60.154s][info][gc,stats    ]      Memory: Out Of Memory                                     0 / 0                 0 / 0                 0 / 0                 0 / 0           ops/s
[60.154s][info][gc,stats    ]      Memory: Page Cache Flush                                  0 / 0                 0 / 0                 0 / 0                 0 / 0           MB/s
[60.154s][info][gc,stats    ]      Memory: Page Cache Hit L1                              2354 / 2988           1950 / 3043           1950 / 3043           1950 / 3043        ops/s
[60.154s][info][gc,stats    ]      Memory: Page Cache Hit L2                                 0 / 0                 0 / 0                 0 / 0                 0 / 0           ops/s
[60.154s][info][gc,stats    ]      Memory: Page Cache Hit L3                                 6 / 68               16 / 257              16 / 257              16 / 257         ops/s
[60.154s][info][gc,stats    ]      Memory: Page Cache Miss                                   0 / 0                 0 / 1                 0 / 1                 0 / 1           ops/s
[60.154s][info][gc,stats    ]      Memory: Uncommit                                          0 / 0                 0 / 0                 0 / 0                 0 / 0           MB/s
[60.154s][info][gc,stats    ]      Memory: Undo Object Allocation Failed                   617 / 1192            460 / 1579            460 / 1579            460 / 1579        ops/s
[60.154s][info][gc,stats    ]      Memory: Undo Object Allocation Succeeded                 27 / 111              34 / 154              34 / 154              34 / 154         ops/s
[60.154s][info][gc,stats    ]      Memory: Undo Page Allocation                            419 / 577             338 / 653             338 / 653             338 / 653         ops/s
[60.154s][info][gc,stats    ]       Phase: Concurrent Mark                              46.307 / 81.395       50.239 / 127.968      50.239 / 127.968      50.239 / 127.968     ms
[60.154s][info][gc,stats    ]       Phase: Concurrent Mark Continue                      0.000 / 0.000         0.000 / 0.000         0.000 / 0.000         0.000 / 0.000       ms
[60.154s][info][gc,stats    ]       Phase: Concurrent Mark Free                          0.001 / 0.002         0.001 / 0.005         0.001 / 0.005         0.001 / 0.005       ms
[60.154s][info][gc,stats    ]       Phase: Concurrent Process Non-Strong References      5.049 / 23.152        8.111 / 55.543        8.111 / 55.543        8.111 / 55.543      ms
[60.154s][info][gc,stats    ]       Phase: Concurrent Relocate                           6.892 / 12.351        6.949 / 14.214        6.949 / 14.214        6.949 / 14.214      ms
[60.154s][info][gc,stats    ]       Phase: Concurrent Reset Relocation Set               0.037 / 0.064         0.037 / 0.073         0.037 / 0.073         0.037 / 0.073       ms
[60.154s][info][gc,stats    ]       Phase: Concurrent Select Relocation Set              6.454 / 13.084        6.583 / 19.328        6.583 / 19.328        6.583 / 19.328      ms
[60.154s][info][gc,stats    ]       Phase: Pause Mark End                                0.024 / 0.032         0.024 / 0.039         0.024 / 0.039         0.024 / 0.039       ms
[60.154s][info][gc,stats    ]       Phase: Pause Mark Start                              0.011 / 0.016         0.011 / 0.021         0.011 / 0.021         0.011 / 0.021       ms
[60.154s][info][gc,stats    ]       Phase: Pause Relocate Start                          0.008 / 0.010         0.008 / 0.014         0.008 / 0.014         0.008 / 0.014       ms
[60.154s][info][gc,stats    ]    Subphase: Concurrent Classes Purge                      0.258 / 11.267        0.302 / 23.488        0.302 / 23.488        0.302 / 23.488      ms
[60.154s][info][gc,stats    ]    Subphase: Concurrent Classes Unlink                     3.219 / 21.707        6.028 / 53.357        6.028 / 53.357        6.028 / 53.357      ms
[60.154s][info][gc,stats    ]    Subphase: Concurrent Mark                              30.573 / 76.307       34.659 / 119.393      34.659 / 119.393      34.659 / 119.393     ms
[60.154s][info][gc,stats    ]    Subphase: Concurrent Mark Try Flush                     0.699 / 8.166         0.961 / 26.382        0.961 / 26.382        0.961 / 26.382      ms
[60.154s][info][gc,stats    ]    Subphase: Concurrent Mark Try Terminate                 1.590 / 3.082         1.565 / 15.075        1.565 / 15.075        1.565 / 15.075      ms
[60.154s][info][gc,stats    ]    Subphase: Concurrent References Enqueue                 0.002 / 0.008         0.002 / 0.014         0.002 / 0.014         0.002 / 0.014       ms
[60.154s][info][gc,stats    ]    Subphase: Concurrent References Process                 0.183 / 0.460         0.217 / 1.049         0.217 / 1.049         0.217 / 1.049       ms
[60.154s][info][gc,stats    ]    Subphase: Concurrent Roots ClassLoaderDataGraph         0.076 / 0.430         0.089 / 0.889         0.089 / 0.889         0.089 / 0.889       ms
[60.154s][info][gc,stats    ]    Subphase: Concurrent Roots CodeCache                    0.000 / 0.000         0.000 / 0.000         0.000 / 0.000         0.000 / 0.000       ms
[60.154s][info][gc,stats    ]    Subphase: Concurrent Roots JavaThreads                  3.919 / 12.598        4.854 / 39.863        4.854 / 39.863        4.854 / 39.863      ms
[60.154s][info][gc,stats    ]    Subphase: Concurrent Roots OopStorageSet                0.037 / 0.103         0.045 / 0.928         0.045 / 0.928         0.045 / 0.928       ms
[60.155s][info][gc,stats    ]    Subphase: Concurrent Weak Roots OopStorageSet           0.472 / 1.333         0.569 / 3.828         0.569 / 3.828         0.569 / 3.828       ms
[60.155s][info][gc,stats    ]    Subphase: Pause Mark Try Complete                       0.000 / 0.000         0.002 / 0.003         0.002 / 0.003         0.002 / 0.003       ms
[60.155s][info][gc,stats    ]      System: Java Threads                                    200 / 216             188 / 216             188 / 216             188 / 216         threads
[60.155s][info][gc,stats    ] =========================================================================================================================================================
[60.155s][info][gc,start    ] GC(250) Garbage Collection (Allocation Rate)
[60.155s][info][gc,task     ] GC(250) Using 3 workers
[60.155s][info][gc,phases   ] GC(250) Pause Mark Start 0.011ms
[60.203s][info][gc,phases   ] GC(250) Concurrent Mark 47.650ms
[60.203s][info][gc,phases   ] GC(250) Pause Mark End 0.021ms
[60.203s][info][gc,phases   ] GC(250) Concurrent Mark Free 0.001ms
[60.207s][info][gc,phases   ] GC(250) Concurrent Process Non-Strong References 4.380ms
[60.207s][info][gc,phases   ] GC(250) Concurrent Reset Relocation Set 0.011ms
[60.211s][info][gc,phases   ] GC(250) Concurrent Select Relocation Set 3.266ms
[60.211s][info][gc,phases   ] GC(250) Pause Relocate Start 0.008ms
[60.216s][info][gc,phases   ] GC(250) Concurrent Relocate 5.571ms
[60.216s][info][gc,load     ] GC(250) Load: 0.00/0.00/0.00
[60.216s][info][gc,mmu      ] GC(250) MMU: 2ms/98.1%, 5ms/99.2%, 10ms/99.5%, 20ms/99.8%, 50ms/99.9%, 100ms/99.9%
[60.216s][info][gc,marking  ] GC(250) Mark: 2 stripe(s), 2 proactive flush(es), 1 terminate flush(es), 0 completion(s), 0 continuation(s) 
[60.216s][info][gc,marking  ] GC(250) Mark Stack Usage: 32M
[60.216s][info][gc,nmethod  ] GC(250) NMethods: 3887 registered, 59 unregistered
[60.216s][info][gc,metaspace] GC(250) Metaspace: 71M used, 71M committed, 1088M reserved
[60.216s][info][gc,ref      ] GC(250) Soft: 3829 encountered, 0 discovered, 0 enqueued
[60.217s][info][gc,ref      ] GC(250) Weak: 9850 encountered, 795 discovered, 49 enqueued
[60.217s][info][gc,ref      ] GC(250) Final: 289 encountered, 44 discovered, 0 enqueued
[60.217s][info][gc,ref      ] GC(250) Phantom: 425 encountered, 228 discovered, 0 enqueued
[60.217s][info][gc,reloc    ] GC(250) Small Pages: 341 / 682M, Empty: 410M, Relocated: 3M, In-Place: 0
[60.217s][info][gc,reloc    ] GC(250) Medium Pages: 0 / 0M, Empty: 0M, Relocated: 0M, In-Place: 0
[60.217s][info][gc,reloc    ] GC(250) Large Pages: 0 / 0M, Empty: 0M, Relocated: 0M, In-Place: 0
[60.217s][info][gc,reloc    ] GC(250) Forwarding Usage: 1M
[60.217s][info][gc,heap     ] GC(250) Min Capacity: 8M(0%)
[60.217s][info][gc,heap     ] GC(250) Max Capacity: 2048M(100%)
[60.217s][info][gc,heap     ] GC(250) Soft Max Capacity: 2048M(100%)
[60.217s][info][gc,heap     ] GC(250)                Mark Start          Mark End        Relocate Start      Relocate End           High               Low         
[60.217s][info][gc,heap     ] GC(250)  Capacity:     2048M (100%)       2048M (100%)       2048M (100%)       2048M (100%)       2048M (100%)       2048M (100%)   
[60.217s][info][gc,heap     ] GC(250)      Free:     1366M (67%)        1250M (61%)        1638M (80%)        1836M (90%)        1840M (90%)        1238M (60%)    
[60.217s][info][gc,heap     ] GC(250)      Used:      682M (33%)         798M (39%)         410M (20%)         212M (10%)         810M (40%)         208M (10%)    
[60.217s][info][gc,heap     ] GC(250)      Live:         -                49M (2%)           49M (2%)           49M (2%)             -                  -          
[60.217s][info][gc,heap     ] GC(250) Allocated:         -               116M (6%)          138M (7%)          147M (7%)             -                  -          
[60.217s][info][gc,heap     ] GC(250)   Garbage:         -               632M (31%)         222M (11%)          14M (1%)             -                  -          
[60.217s][info][gc,heap     ] GC(250) Reclaimed:         -                  -               410M (20%)         617M (30%)            -                  -          
[60.217s][info][gc          ] GC(250) Garbage Collection (Allocation Rate) 682M(33%)->212M(10%)
[60.354s][info][gc,start    ] GC(251) Garbage Collection (Allocation Rate)
[60.354s][info][gc,task     ] GC(251) Using 2 workers
[60.355s][info][gc,phases   ] GC(251) Pause Mark Start 0.010ms
[60.410s][info][gc,phases   ] GC(251) Concurrent Mark 55.589ms
[60.410s][info][gc,phases   ] GC(251) Pause Mark End 0.018ms
[60.410s][info][gc,phases   ] GC(251) Concurrent Mark Free 0.001ms
[60.416s][info][gc,phases   ] GC(251) Concurrent Process Non-Strong References 5.303ms
[60.416s][info][gc,phases   ] GC(251) Concurrent Reset Relocation Set 0.013ms
[60.419s][info][gc,phases   ] GC(251) Concurrent Select Relocation Set 2.794ms
[60.419s][info][gc,phases   ] GC(251) Pause Relocate Start 0.008ms
[60.423s][info][gc,phases   ] GC(251) Concurrent Relocate 4.518ms
[60.424s][info][gc,load     ] GC(251) Load: 0.00/0.00/0.00
[60.424s][info][gc,mmu      ] GC(251) MMU: 2ms/98.1%, 5ms/99.2%, 10ms/99.5%, 20ms/99.8%, 50ms/99.9%, 100ms/99.9%
[60.424s][info][gc,marking  ] GC(251) Mark: 2 stripe(s), 2 proactive flush(es), 1 terminate flush(es), 0 completion(s), 0 continuation(s) 
[60.424s][info][gc,marking  ] GC(251) Mark Stack Usage: 32M
[60.424s][info][gc,nmethod  ] GC(251) NMethods: 3887 registered, 59 unregistered
[60.424s][info][gc,metaspace] GC(251) Metaspace: 71M used, 71M committed, 1088M reserved
[60.424s][info][gc,ref      ] GC(251) Soft: 3829 encountered, 0 discovered, 0 enqueued
[60.424s][info][gc,ref      ] GC(251) Weak: 9712 encountered, 1381 discovered, 18 enqueued
[60.424s][info][gc,ref      ] GC(251) Final: 289 encountered, 17 discovered, 0 enqueued
[60.424s][info][gc,ref      ] GC(251) Phantom: 425 encountered, 222 discovered, 0 enqueued
[60.424s][info][gc,reloc    ] GC(251) Small Pages: 287 / 574M, Empty: 402M, Relocated: 3M, In-Place: 0
[60.424s][info][gc,reloc    ] GC(251) Medium Pages: 0 / 0M, Empty: 0M, Relocated: 0M, In-Place: 0
[60.424s][info][gc,reloc    ] GC(251) Large Pages: 0 / 0M, Empty: 0M, Relocated: 0M, In-Place: 0
[60.424s][info][gc,reloc    ] GC(251) Forwarding Usage: 1M
[60.424s][info][gc,heap     ] GC(251) Min Capacity: 8M(0%)
[60.424s][info][gc,heap     ] GC(251) Max Capacity: 2048M(100%)
[60.424s][info][gc,heap     ] GC(251) Soft Max Capacity: 2048M(100%)
[60.424s][info][gc,heap     ] GC(251)                Mark Start          Mark End        Relocate Start      Relocate End           High               Low         
[60.424s][info][gc,heap     ] GC(251)  Capacity:     2048M (100%)       2048M (100%)       2048M (100%)       2048M (100%)       2048M (100%)       2048M (100%)   
[60.424s][info][gc,heap     ] GC(251)      Free:     1474M (72%)        1358M (66%)        1744M (85%)        1846M (90%)        1848M (90%)        1348M (66%)    
[60.424s][info][gc,heap     ] GC(251)      Used:      574M (28%)         690M (34%)         304M (15%)         202M (10%)         700M (34%)         200M (10%)    
[60.424s][info][gc,heap     ] GC(251)      Live:         -                49M (2%)           49M (2%)           49M (2%)             -                  -          
[60.424s][info][gc,heap     ] GC(251) Allocated:         -               116M (6%)          132M (6%)          139M (7%)             -                  -          
[60.424s][info][gc,heap     ] GC(251)   Garbage:         -               524M (26%)         122M (6%)           12M (1%)             -                  -          
[60.424s][info][gc,heap     ] GC(251) Reclaimed:         -                  -               402M (20%)         511M (25%)            -                  -          
[60.424s][info][gc          ] GC(251) Garbage Collection (Allocation Rate) 574M(28%)->202M(10%)
[60.554s][info][gc,start    ] GC(252) Garbage Collection (Allocation Rate)
[60.554s][info][gc,task     ] GC(252) Using 2 workers
[60.554s][info][gc,phases   ] GC(252) Pause Mark Start 0.011ms
[60.605s][info][gc,phases   ] GC(252) Concurrent Mark 50.653ms
[60.605s][info][gc,phases   ] GC(252) Pause Mark End 0.022ms
[60.605s][info][gc,phases   ] GC(252) Concurrent Mark Free 0.001ms
[60.610s][info][gc,phases   ] GC(252) Concurrent Process Non-Strong References 5.150ms
[60.610s][info][gc,phases   ] GC(252) Concurrent Reset Relocation Set 0.006ms
[60.613s][info][gc,phases   ] GC(252) Concurrent Select Relocation Set 2.791ms
[60.613s][info][gc,phases   ] GC(252) Pause Relocate Start 0.008ms
[60.616s][info][gc,phases   ] GC(252) Concurrent Relocate 2.957ms
[60.616s][info][gc,load     ] GC(252) Load: 0.00/0.00/0.00
[60.616s][info][gc,mmu      ] GC(252) MMU: 2ms/98.1%, 5ms/99.2%, 10ms/99.5%, 20ms/99.8%, 50ms/99.9%, 100ms/99.9%
[60.616s][info][gc,marking  ] GC(252) Mark: 2 stripe(s), 2 proactive flush(es), 1 terminate flush(es), 0 completion(s), 0 continuation(s) 
[60.616s][info][gc,marking  ] GC(252) Mark Stack Usage: 32M
[60.616s][info][gc,nmethod  ] GC(252) NMethods: 3887 registered, 59 unregistered
[60.616s][info][gc,metaspace] GC(252) Metaspace: 71M used, 71M committed, 1088M reserved
[60.616s][info][gc,ref      ] GC(252) Soft: 3829 encountered, 0 discovered, 0 enqueued
[60.616s][info][gc,ref      ] GC(252) Weak: 9634 encountered, 1115 discovered, 19 enqueued
[60.616s][info][gc,ref      ] GC(252) Final: 289 encountered, 0 discovered, 0 enqueued
[60.616s][info][gc,ref      ] GC(252) Phantom: 425 encountered, 227 discovered, 0 enqueued
[60.616s][info][gc,reloc    ] GC(252) Small Pages: 216 / 432M, Empty: 282M, Relocated: 3M, In-Place: 0
[60.616s][info][gc,reloc    ] GC(252) Medium Pages: 0 / 0M, Empty: 0M, Relocated: 0M, In-Place: 0
[60.616s][info][gc,reloc    ] GC(252) Large Pages: 0 / 0M, Empty: 0M, Relocated: 0M, In-Place: 0
[60.617s][info][gc,reloc    ] GC(252) Forwarding Usage: 1M
[60.617s][info][gc,heap     ] GC(252) Min Capacity: 8M(0%)
[60.617s][info][gc,heap     ] GC(252) Max Capacity: 2048M(100%)
[60.617s][info][gc,heap     ] GC(252) Soft Max Capacity: 2048M(100%)
[60.617s][info][gc,heap     ] GC(252)                Mark Start          Mark End        Relocate Start      Relocate End           High               Low         
[60.617s][info][gc,heap     ] GC(252)  Capacity:     2048M (100%)       2048M (100%)       2048M (100%)       2048M (100%)       2048M (100%)       2048M (100%)   
[60.617s][info][gc,heap     ] GC(252)      Free:     1616M (79%)        1532M (75%)        1800M (88%)        1884M (92%)        1884M (92%)        1524M (74%)    
[60.617s][info][gc,heap     ] GC(252)      Used:      432M (21%)         516M (25%)         248M (12%)         164M (8%)          524M (26%)         164M (8%)     
[60.617s][info][gc,heap     ] GC(252)      Live:         -                49M (2%)           49M (2%)           49M (2%)             -                  -          
[60.617s][info][gc,heap     ] GC(252) Allocated:         -                84M (4%)           98M (5%)          101M (5%)             -                  -          
[60.617s][info][gc,heap     ] GC(252)   Garbage:         -               382M (19%)         100M (5%)           12M (1%)             -                  -          
[60.617s][info][gc,heap     ] GC(252) Reclaimed:         -                  -               282M (14%)         369M (18%)            -                  -          
[60.617s][info][gc          ] GC(252) Garbage Collection (Allocation Rate) 432M(21%)->164M(8%)
[60.655s][info][gc,start    ] GC(253) Garbage Collection (Allocation Rate)
[60.655s][info][gc,task     ] GC(253) Using 6 workers
[60.655s][info][gc,phases   ] GC(253) Pause Mark Start 0.010ms
[60.676s][info][gc,phases   ] GC(253) Concurrent Mark 20.728ms
[60.676s][info][gc,phases   ] GC(253) Pause Mark End 0.017ms
[60.676s][info][gc,phases   ] GC(253) Concurrent Mark Free 0.001ms
[60.678s][info][gc,phases   ] GC(253) Concurrent Process Non-Strong References 1.849ms
[60.678s][info][gc,phases   ] GC(253) Concurrent Reset Relocation Set 0.005ms
[60.680s][info][gc,phases   ] GC(253) Concurrent Select Relocation Set 2.422ms
[60.680s][info][gc,phases   ] GC(253) Pause Relocate Start 0.008ms
[60.683s][info][gc,phases   ] GC(253) Concurrent Relocate 1.978ms
[60.683s][info][gc,load     ] GC(253) Load: 0.00/0.00/0.00
[60.683s][info][gc,mmu      ] GC(253) MMU: 2ms/98.1%, 5ms/99.2%, 10ms/99.5%, 20ms/99.8%, 50ms/99.9%, 100ms/99.9%
[60.683s][info][gc,marking  ] GC(253) Mark: 4 stripe(s), 3 proactive flush(es), 1 terminate flush(es), 0 completion(s), 0 continuation(s) 
[60.683s][info][gc,marking  ] GC(253) Mark Stack Usage: 32M
[60.683s][info][gc,nmethod  ] GC(253) NMethods: 3887 registered, 59 unregistered
[60.683s][info][gc,metaspace] GC(253) Metaspace: 71M used, 71M committed, 1088M reserved
[60.683s][info][gc,ref      ] GC(253) Soft: 3829 encountered, 0 discovered, 0 enqueued
[60.683s][info][gc,ref      ] GC(253) Weak: 9615 encountered, 611 discovered, 0 enqueued
[60.683s][info][gc,ref      ] GC(253) Final: 289 encountered, 21 discovered, 0 enqueued
[60.683s][info][gc,ref      ] GC(253) Phantom: 425 encountered, 335 discovered, 0 enqueued
[60.683s][info][gc,reloc    ] GC(253) Small Pages: 119 / 238M, Empty: 150M, Relocated: 3M, In-Place: 0
[60.683s][info][gc,reloc    ] GC(253) Medium Pages: 0 / 0M, Empty: 0M, Relocated: 0M, In-Place: 0
[60.683s][info][gc,reloc    ] GC(253) Large Pages: 0 / 0M, Empty: 0M, Relocated: 0M, In-Place: 0
[60.683s][info][gc,reloc    ] GC(253) Forwarding Usage: 0M
[60.683s][info][gc,heap     ] GC(253) Min Capacity: 8M(0%)
[60.683s][info][gc,heap     ] GC(253) Max Capacity: 2048M(100%)
[60.683s][info][gc,heap     ] GC(253) Soft Max Capacity: 2048M(100%)
[60.683s][info][gc,heap     ] GC(253)                Mark Start          Mark End        Relocate Start      Relocate End           High               Low         
[60.683s][info][gc,heap     ] GC(253)  Capacity:     2048M (100%)       2048M (100%)       2048M (100%)       2048M (100%)       2048M (100%)       2048M (100%)   
[60.683s][info][gc,heap     ] GC(253)      Free:     1810M (88%)        1772M (87%)        1914M (93%)        1930M (94%)        1930M (94%)        1768M (86%)    
[60.683s][info][gc,heap     ] GC(253)      Used:      238M (12%)         276M (13%)         134M (7%)          118M (6%)          280M (14%)         118M (6%)     
[60.683s][info][gc,heap     ] GC(253)      Live:         -                49M (2%)           49M (2%)           49M (2%)             -                  -          
[60.683s][info][gc,heap     ] GC(253) Allocated:         -                38M (2%)           46M (2%)           47M (2%)             -                  -          
[60.683s][info][gc,heap     ] GC(253)   Garbage:         -               188M (9%)           38M (2%)           20M (1%)             -                  -          
[60.683s][info][gc,heap     ] GC(253) Reclaimed:         -                  -               150M (7%)          167M (8%)             -                  -          
[60.683s][info][gc          ] GC(253) Garbage Collection (Allocation Rate) 238M(12%)->118M(6%)
[61.154s][info][gc,start    ] GC(254) Garbage Collection (Allocation Rate)
[61.154s][info][gc,task     ] GC(254) Using 6 workers
[61.154s][info][gc,phases   ] GC(254) Pause Mark Start 0.009ms
[61.174s][info][gc,phases   ] GC(254) Concurrent Mark 19.737ms
[61.174s][info][gc,phases   ] GC(254) Pause Mark End 0.025ms
[61.174s][info][gc,phases   ] GC(254) Concurrent Mark Free 0.001ms
[61.176s][info][gc,phases   ] GC(254) Concurrent Process Non-Strong References 1.953ms
[61.176s][info][gc,phases   ] GC(254) Concurrent Reset Relocation Set 0.003ms
[61.180s][info][gc,phases   ] GC(254) Concurrent Select Relocation Set 3.577ms
[61.180s][info][gc,phases   ] GC(254) Pause Relocate Start 0.008ms
[61.182s][info][gc,phases   ] GC(254) Concurrent Relocate 2.008ms
[61.182s][info][gc,load     ] GC(254) Load: 0.00/0.00/0.00
[61.182s][info][gc,mmu      ] GC(254) MMU: 2ms/98.1%, 5ms/99.2%, 10ms/99.5%, 20ms/99.8%, 50ms/99.9%, 100ms/99.9%
[61.182s][info][gc,marking  ] GC(254) Mark: 4 stripe(s), 2 proactive flush(es), 1 terminate flush(es), 0 completion(s), 0 continuation(s) 
[61.182s][info][gc,marking  ] GC(254) Mark Stack Usage: 32M
[61.182s][info][gc,nmethod  ] GC(254) NMethods: 3887 registered, 59 unregistered
[61.182s][info][gc,metaspace] GC(254) Metaspace: 71M used, 71M committed, 1088M reserved
[61.182s][info][gc,ref      ] GC(254) Soft: 3829 encountered, 0 discovered, 0 enqueued
[61.182s][info][gc,ref      ] GC(254) Weak: 9615 encountered, 669 discovered, 0 enqueued
[61.182s][info][gc,ref      ] GC(254) Final: 289 encountered, 12 discovered, 0 enqueued
[61.182s][info][gc,ref      ] GC(254) Phantom: 425 encountered, 322 discovered, 0 enqueued
[61.182s][info][gc,reloc    ] GC(254) Small Pages: 496 / 992M, Empty: 872M, Relocated: 3M, In-Place: 0
[61.182s][info][gc,reloc    ] GC(254) Medium Pages: 0 / 0M, Empty: 0M, Relocated: 0M, In-Place: 0
[61.182s][info][gc,reloc    ] GC(254) Large Pages: 0 / 0M, Empty: 0M, Relocated: 0M, In-Place: 0
[61.182s][info][gc,reloc    ] GC(254) Forwarding Usage: 1M
[61.182s][info][gc,heap     ] GC(254) Min Capacity: 8M(0%)
[61.182s][info][gc,heap     ] GC(254) Max Capacity: 2048M(100%)
[61.182s][info][gc,heap     ] GC(254) Soft Max Capacity: 2048M(100%)
[61.182s][info][gc,heap     ] GC(254)                Mark Start          Mark End        Relocate Start      Relocate End           High               Low         
[61.182s][info][gc,heap     ] GC(254)  Capacity:     2048M (100%)       2048M (100%)       2048M (100%)       2048M (100%)       2048M (100%)       2048M (100%)   
[61.182s][info][gc,heap     ] GC(254)      Free:     1056M (52%)        1020M (50%)        1882M (92%)        1930M (94%)        1930M (94%)        1018M (50%)    
[61.182s][info][gc,heap     ] GC(254)      Used:      992M (48%)        1028M (50%)         166M (8%)          118M (6%)         1030M (50%)         118M (6%)     
[61.182s][info][gc,heap     ] GC(254)      Live:         -                49M (2%)           49M (2%)           49M (2%)             -                  -          
[61.182s][info][gc,heap     ] GC(254) Allocated:         -                36M (2%)           46M (2%)           47M (2%)             -                  -          
[61.182s][info][gc,heap     ] GC(254)   Garbage:         -               942M (46%)          70M (3%)           20M (1%)             -                  -          
[61.182s][info][gc,heap     ] GC(254) Reclaimed:         -                  -               872M (43%)         921M (45%)            -                  -          
[61.182s][info][gc          ] GC(254) Garbage Collection (Allocation Rate) 992M(48%)->118M(6%)
[61.754s][info][gc,start    ] GC(255) Garbage Collection (Allocation Rate)
[61.754s][info][gc,task     ] GC(255) Using 1 workers
[61.754s][info][gc,phases   ] GC(255) Pause Mark Start 0.010ms
[61.841s][info][gc,phases   ] GC(255) Concurrent Mark 86.998ms
[61.841s][info][gc,phases   ] GC(255) Pause Mark End 0.020ms
[61.842s][info][gc,phases   ] GC(255) Concurrent Mark Free 0.001ms
[61.850s][info][gc,phases   ] GC(255) Concurrent Process Non-Strong References 8.287ms
[61.850s][info][gc,phases   ] GC(255) Concurrent Reset Relocation Set 0.003ms
[61.852s][info][gc,phases   ] GC(255) Concurrent Select Relocation Set 2.578ms
[61.853s][info][gc,phases   ] GC(255) Pause Relocate Start 0.008ms
[61.856s][info][gc,phases   ] GC(255) Concurrent Relocate 3.824ms
[61.857s][info][gc,load     ] GC(255) Load: 0.00/0.00/0.00
[61.857s][info][gc,mmu      ] GC(255) MMU: 2ms/98.1%, 5ms/99.2%, 10ms/99.5%, 20ms/99.8%, 50ms/99.9%, 100ms/99.9%
[61.857s][info][gc,marking  ] GC(255) Mark: 1 stripe(s), 2 proactive flush(es), 1 terminate flush(es), 0 completion(s), 0 continuation(s) 
[61.857s][info][gc,marking  ] GC(255) Mark Stack Usage: 32M
[61.857s][info][gc,nmethod  ] GC(255) NMethods: 3887 registered, 59 unregistered
[61.857s][info][gc,metaspace] GC(255) Metaspace: 71M used, 71M committed, 1088M reserved
[61.857s][info][gc,ref      ] GC(255) Soft: 3829 encountered, 0 discovered, 0 enqueued
[61.862s][info][gc,ref      ] GC(255) Weak: 9615 encountered, 978 discovered, 0 enqueued
[61.862s][info][gc,ref      ] GC(255) Final: 289 encountered, 96 discovered, 0 enqueued
[61.862s][info][gc,ref      ] GC(255) Phantom: 425 encountered, 284 discovered, 0 enqueued
[61.862s][info][gc,reloc    ] GC(255) Small Pages: 596 / 1192M, Empty: 1056M, Relocated: 3M, In-Place: 0
[61.862s][info][gc,reloc    ] GC(255) Medium Pages: 0 / 0M, Empty: 0M, Relocated: 0M, In-Place: 0
[61.862s][info][gc,reloc    ] GC(255) Large Pages: 0 / 0M, Empty: 0M, Relocated: 0M, In-Place: 0
[61.862s][info][gc,reloc    ] GC(255) Forwarding Usage: 1M
[61.862s][info][gc,heap     ] GC(255) Min Capacity: 8M(0%)
[61.862s][info][gc,heap     ] GC(255) Max Capacity: 2048M(100%)
[61.862s][info][gc,heap     ] GC(255) Soft Max Capacity: 2048M(100%)
[61.862s][info][gc,heap     ] GC(255)                Mark Start          Mark End        Relocate Start      Relocate End           High               Low         
[61.862s][info][gc,heap     ] GC(255)  Capacity:     2048M (100%)       2048M (100%)       2048M (100%)       2048M (100%)       2048M (100%)       2048M (100%)   
[61.862s][info][gc,heap     ] GC(255)      Free:      856M (42%)         696M (34%)        1732M (85%)        1800M (88%)        1804M (88%)         682M (33%)    
[61.862s][info][gc,heap     ] GC(255)      Used:     1192M (58%)        1352M (66%)         316M (15%)         248M (12%)        1366M (67%)         244M (12%)    
[61.862s][info][gc,heap     ] GC(255)      Live:         -                49M (2%)           49M (2%)           49M (2%)             -                  -          
[61.862s][info][gc,heap     ] GC(255) Allocated:         -               160M (8%)          180M (9%)          185M (9%)             -                  -          
[61.862s][info][gc,heap     ] GC(255)   Garbage:         -              1142M (56%)          86M (4%)           12M (1%)             -                  -          
[61.862s][info][gc,heap     ] GC(255) Reclaimed:         -                  -              1056M (52%)        1129M (55%)            -                  -          
[61.862s][info][gc          ] GC(255) Garbage Collection (Allocation Rate) 1192M(58%)->248M(12%)
[62.161s][info][gc,start    ] GC(256) Garbage Collection (System.gc())
[62.161s][info][gc,task     ] GC(256) Using 12 workers
[62.161s][info][gc,phases   ] GC(256) Pause Mark Start 0.013ms
[62.188s][info][gc,phases   ] GC(256) Concurrent Mark 27.125ms
[62.189s][info][gc,phases   ] GC(256) Pause Mark End 0.018ms
[62.189s][info][gc,phases   ] GC(256) Concurrent Mark Free 0.001ms
[62.194s][info][gc,phases   ] GC(256) Concurrent Process Non-Strong References 5.156ms
[62.194s][info][gc,phases   ] GC(256) Concurrent Reset Relocation Set 0.006ms
[62.198s][info][gc,phases   ] GC(256) Concurrent Select Relocation Set 3.878ms
[62.198s][info][gc,phases   ] GC(256) Pause Relocate Start 0.008ms
[62.200s][info][gc,phases   ] GC(256) Concurrent Relocate 1.957ms
[62.200s][info][gc,load     ] GC(256) Load: 0.00/0.00/0.00
[62.200s][info][gc,mmu      ] GC(256) MMU: 2ms/98.1%, 5ms/99.2%, 10ms/99.5%, 20ms/99.8%, 50ms/99.9%, 100ms/99.9%
[62.200s][info][gc,marking  ] GC(256) Mark: 8 stripe(s), 4 proactive flush(es), 1 terminate flush(es), 0 completion(s), 0 continuation(s) 
[62.200s][info][gc,marking  ] GC(256) Mark Stack Usage: 32M
[62.200s][info][gc,nmethod  ] GC(256) NMethods: 3086 registered, 909 unregistered
[62.200s][info][gc,metaspace] GC(256) Metaspace: 71M used, 71M committed, 1088M reserved
[62.200s][info][gc,ref      ] GC(256) Soft: 3829 encountered, 0 discovered, 0 enqueued
[62.200s][info][gc,ref      ] GC(256) Weak: 9664 encountered, 1294 discovered, 49 enqueued
[62.200s][info][gc,ref      ] GC(256) Final: 289 encountered, 7 discovered, 0 enqueued
[62.200s][info][gc,ref      ] GC(256) Phantom: 425 encountered, 345 discovered, 0 enqueued
[62.200s][info][gc,reloc    ] GC(256) Small Pages: 390 / 780M, Empty: 632M, Relocated: 2M, In-Place: 0
[62.200s][info][gc,reloc    ] GC(256) Medium Pages: 0 / 0M, Empty: 0M, Relocated: 0M, In-Place: 0
[62.200s][info][gc,reloc    ] GC(256) Large Pages: 0 / 0M, Empty: 0M, Relocated: 0M, In-Place: 0
[62.200s][info][gc,reloc    ] GC(256) Forwarding Usage: 1M
[62.200s][info][gc,heap     ] GC(256) Min Capacity: 8M(0%)
[62.200s][info][gc,heap     ] GC(256) Max Capacity: 2048M(100%)
[62.200s][info][gc,heap     ] GC(256) Soft Max Capacity: 2048M(100%)
[62.200s][info][gc,heap     ] GC(256)                Mark Start          Mark End        Relocate Start      Relocate End           High               Low         
[62.200s][info][gc,heap     ] GC(256)  Capacity:     2048M (100%)       2048M (100%)       2048M (100%)       2048M (100%)       2048M (100%)       2048M (100%)   
[62.200s][info][gc,heap     ] GC(256)      Free:     1268M (62%)        1250M (61%)        1882M (92%)        1948M (95%)        1948M (95%)        1250M (61%)    
[62.200s][info][gc,heap     ] GC(256)      Used:      780M (38%)         798M (39%)         166M (8%)          100M (5%)          798M (39%)         100M (5%)     
[62.200s][info][gc,heap     ] GC(256)      Live:         -                49M (2%)           49M (2%)           49M (2%)             -                  -          
[62.200s][info][gc,heap     ] GC(256) Allocated:         -                18M (1%)           18M (1%)           18M (1%)             -                  -          
[62.200s][info][gc,heap     ] GC(256)   Garbage:         -               730M (36%)          98M (5%)           32M (2%)             -                  -          
[62.200s][info][gc,heap     ] GC(256) Reclaimed:         -                  -               632M (31%)         698M (34%)            -                  -          
[62.200s][info][gc          ] GC(256) Garbage Collection (System.gc()) 780M(38%)->100M(5%)
[62.454s][info][gc,start    ] GC(257) Garbage Collection (Allocation Rate)
[62.454s][info][gc,task     ] GC(257) Using 3 workers
[62.454s][info][gc,phases   ] GC(257) Pause Mark Start 0.013ms
[62.517s][info][gc,phases   ] GC(257) Concurrent Mark 62.027ms
[62.517s][info][gc,phases   ] GC(257) Pause Mark End 0.030ms
[62.519s][info][gc,phases   ] GC(257) Concurrent Mark Free 0.001ms
[62.525s][info][gc,phases   ] GC(257) Concurrent Process Non-Strong References 6.139ms
[62.525s][info][gc,phases   ] GC(257) Concurrent Reset Relocation Set 0.013ms
[62.533s][info][gc,phases   ] GC(257) Concurrent Select Relocation Set 7.775ms
[62.533s][info][gc,phases   ] GC(257) Pause Relocate Start 0.008ms
[62.545s][info][gc,phases   ] GC(257) Concurrent Relocate 11.184ms
[62.545s][info][gc,load     ] GC(257) Load: 0.00/0.00/0.00
[62.545s][info][gc,mmu      ] GC(257) MMU: 2ms/98.1%, 5ms/99.2%, 10ms/99.5%, 20ms/99.8%, 50ms/99.9%, 100ms/99.9%
[62.545s][info][gc,marking  ] GC(257) Mark: 2 stripe(s), 2 proactive flush(es), 1 terminate flush(es), 0 completion(s), 0 continuation(s) 
[62.545s][info][gc,marking  ] GC(257) Mark Stack Usage: 32M
[62.545s][info][gc,nmethod  ] GC(257) NMethods: 3836 registered, 945 unregistered
[62.545s][info][gc,metaspace] GC(257) Metaspace: 71M used, 71M committed, 1088M reserved
[62.545s][info][gc,ref      ] GC(257) Soft: 3829 encountered, 0 discovered, 0 enqueued
[62.545s][info][gc,ref      ] GC(257) Weak: 11054 encountered, 1664 discovered, 1 enqueued
[62.545s][info][gc,ref      ] GC(257) Final: 289 encountered, 21 discovered, 0 enqueued
[62.545s][info][gc,ref      ] GC(257) Phantom: 425 encountered, 213 discovered, 0 enqueued
[62.545s][info][gc,reloc    ] GC(257) Small Pages: 511 / 1022M, Empty: 550M, Relocated: 8M, In-Place: 0
[62.545s][info][gc,reloc    ] GC(257) Medium Pages: 0 / 0M, Empty: 0M, Relocated: 0M, In-Place: 0
[62.545s][info][gc,reloc    ] GC(257) Large Pages: 0 / 0M, Empty: 0M, Relocated: 0M, In-Place: 0
[62.545s][info][gc,reloc    ] GC(257) Forwarding Usage: 3M
[62.545s][info][gc,heap     ] GC(257) Min Capacity: 8M(0%)
[62.545s][info][gc,heap     ] GC(257) Max Capacity: 2048M(100%)
[62.545s][info][gc,heap     ] GC(257) Soft Max Capacity: 2048M(100%)
[62.545s][info][gc,heap     ] GC(257)                Mark Start          Mark End        Relocate Start      Relocate End           High               Low         
[62.545s][info][gc,heap     ] GC(257)  Capacity:     2048M (100%)       2048M (100%)       2048M (100%)       2048M (100%)       2048M (100%)       2048M (100%)   
[62.545s][info][gc,heap     ] GC(257)      Free:     1026M (50%)         746M (36%)        1226M (60%)        1594M (78%)        1614M (79%)         710M (35%)    
[62.545s][info][gc,heap     ] GC(257)      Used:     1022M (50%)        1302M (64%)         822M (40%)         454M (22%)        1338M (65%)         434M (21%)    
[62.545s][info][gc,heap     ] GC(257)      Live:         -                53M (3%)           53M (3%)           53M (3%)             -                  -          
[62.545s][info][gc,heap     ] GC(257) Allocated:         -               280M (14%)         350M (17%)         384M (19%)            -                  -          
[62.545s][info][gc,heap     ] GC(257)   Garbage:         -               968M (47%)         418M (20%)          15M (1%)             -                  -          
[62.545s][info][gc,heap     ] GC(257) Reclaimed:         -                  -               550M (27%)         952M (47%)            -                  -          
[62.545s][info][gc          ] GC(257) Garbage Collection (Allocation Rate) 1022M(50%)->454M(22%)
[62.655s][info][gc,start    ] GC(258) Garbage Collection (Allocation Rate)
[62.655s][info][gc,task     ] GC(258) Using 6 workers
[62.655s][info][gc,phases   ] GC(258) Pause Mark Start 0.010ms
[62.693s][info][gc,phases   ] GC(258) Concurrent Mark 37.337ms
[62.693s][info][gc,phases   ] GC(258) Pause Mark End 0.025ms
[62.694s][info][gc,phases   ] GC(258) Concurrent Mark Free 0.001ms
[62.697s][info][gc,phases   ] GC(258) Concurrent Process Non-Strong References 3.056ms
[62.697s][info][gc,phases   ] GC(258) Concurrent Reset Relocation Set 0.071ms
[62.704s][info][gc,phases   ] GC(258) Concurrent Select Relocation Set 6.618ms
[62.704s][info][gc,phases   ] GC(258) Pause Relocate Start 0.009ms
[62.714s][info][gc,phases   ] GC(258) Concurrent Relocate 8.707ms
[62.714s][info][gc,load     ] GC(258) Load: 0.00/0.00/0.00
[62.714s][info][gc,mmu      ] GC(258) MMU: 2ms/98.1%, 5ms/99.2%, 10ms/99.5%, 20ms/99.8%, 50ms/99.9%, 100ms/99.9%
[62.714s][info][gc,marking  ] GC(258) Mark: 4 stripe(s), 4 proactive flush(es), 1 terminate flush(es), 0 completion(s), 0 continuation(s) 
[62.714s][info][gc,marking  ] GC(258) Mark Stack Usage: 32M
[62.714s][info][gc,nmethod  ] GC(258) NMethods: 3836 registered, 945 unregistered
[62.714s][info][gc,metaspace] GC(258) Metaspace: 71M used, 71M committed, 1088M reserved
[62.714s][info][gc,ref      ] GC(258) Soft: 3829 encountered, 0 discovered, 0 enqueued
[62.714s][info][gc,ref      ] GC(258) Weak: 11053 encountered, 1413 discovered, 0 enqueued
[62.714s][info][gc,ref      ] GC(258) Final: 289 encountered, 4 discovered, 0 enqueued
[62.714s][info][gc,ref      ] GC(258) Phantom: 425 encountered, 237 discovered, 0 enqueued
[62.714s][info][gc,reloc    ] GC(258) Small Pages: 492 / 984M, Empty: 600M, Relocated: 6M, In-Place: 0
[62.714s][info][gc,reloc    ] GC(258) Medium Pages: 0 / 0M, Empty: 0M, Relocated: 0M, In-Place: 0
[62.714s][info][gc,reloc    ] GC(258) Large Pages: 0 / 0M, Empty: 0M, Relocated: 0M, In-Place: 0
[62.714s][info][gc,reloc    ] GC(258) Forwarding Usage: 2M
[62.714s][info][gc,heap     ] GC(258) Min Capacity: 8M(0%)
[62.714s][info][gc,heap     ] GC(258) Max Capacity: 2048M(100%)
[62.714s][info][gc,heap     ] GC(258) Soft Max Capacity: 2048M(100%)
[62.714s][info][gc,heap     ] GC(258)                Mark Start          Mark End        Relocate Start      Relocate End           High               Low         
[62.715s][info][gc,heap     ] GC(258)  Capacity:     2048M (100%)       2048M (100%)       2048M (100%)       2048M (100%)       2048M (100%)       2048M (100%)   
[62.715s][info][gc,heap     ] GC(258)      Free:     1064M (52%)         888M (43%)        1442M (70%)        1726M (84%)        1744M (85%)         872M (43%)    
[62.715s][info][gc,heap     ] GC(258)      Used:      984M (48%)        1160M (57%)         606M (30%)         322M (16%)        1176M (57%)         304M (15%)    
[62.715s][info][gc,heap     ] GC(258)      Live:         -                53M (3%)           53M (3%)           53M (3%)             -                  -          
[62.715s][info][gc,heap     ] GC(258) Allocated:         -               176M (9%)          222M (11%)         250M (12%)            -                  -          
[62.715s][info][gc,heap     ] GC(258)   Garbage:         -               930M (45%)         330M (16%)          17M (1%)             -                  -          
[62.715s][info][gc,heap     ] GC(258) Reclaimed:         -                  -               600M (29%)         912M (45%)            -                  -          
[62.715s][info][gc          ] GC(258) Garbage Collection (Allocation Rate) 984M(48%)->322M(16%)
[62.854s][info][gc,start    ] GC(259) Garbage Collection (Allocation Rate)
[62.855s][info][gc,task     ] GC(259) Using 6 workers
[62.855s][info][gc,phases   ] GC(259) Pause Mark Start 0.013ms
[62.895s][info][gc,phases   ] GC(259) Concurrent Mark 40.104ms
[62.896s][info][gc,phases   ] GC(259) Pause Mark End 0.029ms
[62.897s][info][gc,phases   ] GC(259) Concurrent Mark Free 0.002ms
[62.900s][info][gc,phases   ] GC(259) Concurrent Process Non-Strong References 3.203ms
[62.900s][info][gc,phases   ] GC(259) Concurrent Reset Relocation Set 0.048ms
[62.907s][info][gc,phases   ] GC(259) Concurrent Select Relocation Set 7.001ms
[62.907s][info][gc,phases   ] GC(259) Pause Relocate Start 0.008ms
[62.911s][info][gc,phases   ] GC(259) Concurrent Relocate 3.397ms
[62.911s][info][gc,load     ] GC(259) Load: 0.00/0.00/0.00
[62.911s][info][gc,mmu      ] GC(259) MMU: 2ms/98.1%, 5ms/99.2%, 10ms/99.5%, 20ms/99.8%, 50ms/99.9%, 100ms/99.9%
[62.911s][info][gc,marking  ] GC(259) Mark: 4 stripe(s), 3 proactive flush(es), 1 terminate flush(es), 0 completion(s), 0 continuation(s) 
[62.911s][info][gc,marking  ] GC(259) Mark Stack Usage: 32M
[62.911s][info][gc,nmethod  ] GC(259) NMethods: 3837 registered, 945 unregistered
[62.911s][info][gc,metaspace] GC(259) Metaspace: 71M used, 71M committed, 1088M reserved
[62.911s][info][gc,ref      ] GC(259) Soft: 3829 encountered, 0 discovered, 0 enqueued
[62.911s][info][gc,ref      ] GC(259) Weak: 11053 encountered, 1266 discovered, 0 enqueued
[62.911s][info][gc,ref      ] GC(259) Final: 289 encountered, 26 discovered, 0 enqueued
[62.911s][info][gc,ref      ] GC(259) Phantom: 425 encountered, 276 discovered, 0 enqueued
[62.911s][info][gc,reloc    ] GC(259) Small Pages: 500 / 1000M, Empty: 592M, Relocated: 3M, In-Place: 0
[62.911s][info][gc,reloc    ] GC(259) Medium Pages: 0 / 0M, Empty: 0M, Relocated: 0M, In-Place: 0
[62.911s][info][gc,reloc    ] GC(259) Large Pages: 0 / 0M, Empty: 0M, Relocated: 0M, In-Place: 0
[62.911s][info][gc,reloc    ] GC(259) Forwarding Usage: 1M
[62.911s][info][gc,heap     ] GC(259) Min Capacity: 8M(0%)
[62.911s][info][gc,heap     ] GC(259) Max Capacity: 2048M(100%)
[62.911s][info][gc,heap     ] GC(259) Soft Max Capacity: 2048M(100%)
[62.911s][info][gc,heap     ] GC(259)                Mark Start          Mark End        Relocate Start      Relocate End           High               Low         
[62.911s][info][gc,heap     ] GC(259)  Capacity:     2048M (100%)       2048M (100%)       2048M (100%)       2048M (100%)       2048M (100%)       2048M (100%)   
[62.911s][info][gc,heap     ] GC(259)      Free:     1048M (51%)         860M (42%)        1402M (68%)        1730M (84%)        1730M (84%)         842M (41%)    
[62.911s][info][gc,heap     ] GC(259)      Used:     1000M (49%)        1188M (58%)         646M (32%)         318M (16%)        1206M (59%)         318M (16%)    
[62.911s][info][gc,heap     ] GC(259)      Live:         -                53M (3%)           53M (3%)           53M (3%)             -                  -          
[62.911s][info][gc,heap     ] GC(259) Allocated:         -               188M (9%)          238M (12%)         241M (12%)            -                  -          
[62.911s][info][gc,heap     ] GC(259)   Garbage:         -               946M (46%)         354M (17%)          22M (1%)             -                  -          
[62.911s][info][gc,heap     ] GC(259) Reclaimed:         -                  -               592M (29%)         923M (45%)            -                  -          
[62.911s][info][gc          ] GC(259) Garbage Collection (Allocation Rate) 1000M(49%)->318M(16%)
[62.954s][info][gc,start    ] GC(260) Garbage Collection (Allocation Rate)
[62.954s][info][gc,task     ] GC(260) Using 6 workers
[62.954s][info][gc,phases   ] GC(260) Pause Mark Start 0.009ms
[62.993s][info][gc,phases   ] GC(260) Concurrent Mark 38.302ms
[62.993s][info][gc,phases   ] GC(260) Pause Mark End 0.033ms
[62.994s][info][gc,phases   ] GC(260) Concurrent Mark Free 0.001ms
[62.998s][info][gc,phases   ] GC(260) Concurrent Process Non-Strong References 3.322ms
[62.998s][info][gc,phases   ] GC(260) Concurrent Reset Relocation Set 0.049ms
[63.003s][info][gc,phases   ] GC(260) Concurrent Select Relocation Set 4.883ms
[63.003s][info][gc,phases   ] GC(260) Pause Relocate Start 0.008ms
[63.007s][info][gc,phases   ] GC(260) Concurrent Relocate 3.268ms
[63.007s][info][gc,load     ] GC(260) Load: 0.00/0.00/0.00
[63.007s][info][gc,mmu      ] GC(260) MMU: 2ms/98.1%, 5ms/99.2%, 10ms/99.5%, 20ms/99.8%, 50ms/99.9%, 100ms/99.9%
[63.007s][info][gc,marking  ] GC(260) Mark: 4 stripe(s), 2 proactive flush(es), 1 terminate flush(es), 0 completion(s), 0 continuation(s) 
[63.007s][info][gc,marking  ] GC(260) Mark Stack Usage: 32M
[63.007s][info][gc,nmethod  ] GC(260) NMethods: 3837 registered, 945 unregistered
[63.007s][info][gc,metaspace] GC(260) Metaspace: 71M used, 71M committed, 1088M reserved
[63.007s][info][gc,ref      ] GC(260) Soft: 3829 encountered, 0 discovered, 0 enqueued
[63.007s][info][gc,ref      ] GC(260) Weak: 11053 encountered, 1150 discovered, 0 enqueued
[63.007s][info][gc,ref      ] GC(260) Final: 289 encountered, 32 discovered, 0 enqueued
[63.007s][info][gc,ref      ] GC(260) Phantom: 425 encountered, 279 discovered, 0 enqueued
[63.007s][info][gc,reloc    ] GC(260) Small Pages: 268 / 536M, Empty: 220M, Relocated: 3M, In-Place: 0
[63.007s][info][gc,reloc    ] GC(260) Medium Pages: 0 / 0M, Empty: 0M, Relocated: 0M, In-Place: 0
[63.007s][info][gc,reloc    ] GC(260) Large Pages: 0 / 0M, Empty: 0M, Relocated: 0M, In-Place: 0
[63.007s][info][gc,reloc    ] GC(260) Forwarding Usage: 1M
[63.007s][info][gc,heap     ] GC(260) Min Capacity: 8M(0%)
[63.007s][info][gc,heap     ] GC(260) Max Capacity: 2048M(100%)
[63.007s][info][gc,heap     ] GC(260) Soft Max Capacity: 2048M(100%)
[63.007s][info][gc,heap     ] GC(260)                Mark Start          Mark End        Relocate Start      Relocate End           High               Low         
[63.007s][info][gc,heap     ] GC(260)  Capacity:     2048M (100%)       2048M (100%)       2048M (100%)       2048M (100%)       2048M (100%)       2048M (100%)   
[63.007s][info][gc,heap     ] GC(260)      Free:     1512M (74%)        1332M (65%)        1512M (74%)        1748M (85%)        1748M (85%)        1316M (64%)    
[63.007s][info][gc,heap     ] GC(260)      Used:      536M (26%)         716M (35%)         536M (26%)         300M (15%)         732M (36%)         300M (15%)    
[63.007s][info][gc,heap     ] GC(260)      Live:         -                53M (3%)           53M (3%)           53M (3%)             -                  -          
[63.007s][info][gc,heap     ] GC(260) Allocated:         -               180M (9%)          220M (11%)         223M (11%)            -                  -          
[63.007s][info][gc,heap     ] GC(260)   Garbage:         -               482M (24%)         262M (13%)          22M (1%)             -                  -          
[63.007s][info][gc,heap     ] GC(260) Reclaimed:         -                  -               220M (11%)         459M (22%)            -                  -          
[63.007s][info][gc          ] GC(260) Garbage Collection (Allocation Rate) 536M(26%)->300M(15%)
[63.054s][info][gc,start    ] GC(261) Garbage Collection (Allocation Rate)
[63.054s][info][gc,task     ] GC(261) Using 6 workers
[63.054s][info][gc,phases   ] GC(261) Pause Mark Start 0.010ms
[63.095s][info][gc,phases   ] GC(261) Concurrent Mark 40.320ms
[63.095s][info][gc,phases   ] GC(261) Pause Mark End 0.023ms
[63.097s][info][gc,phases   ] GC(261) Concurrent Mark Free 0.001ms
[63.100s][info][gc,phases   ] GC(261) Concurrent Process Non-Strong References 3.250ms
[63.100s][info][gc,phases   ] GC(261) Concurrent Reset Relocation Set 0.047ms
[63.110s][info][gc,phases   ] GC(261) Concurrent Select Relocation Set 10.013ms
[63.110s][info][gc,phases   ] GC(261) Pause Relocate Start 0.009ms
[63.120s][info][gc,phases   ] GC(261) Concurrent Relocate 8.352ms
[63.120s][info][gc,load     ] GC(261) Load: 0.00/0.00/0.00
[63.120s][info][gc,mmu      ] GC(261) MMU: 2ms/98.1%, 5ms/99.2%, 10ms/99.5%, 20ms/99.8%, 50ms/99.9%, 100ms/99.9%
[63.120s][info][gc,marking  ] GC(261) Mark: 4 stripe(s), 2 proactive flush(es), 1 terminate flush(es), 0 completion(s), 0 continuation(s) 
[63.120s][info][gc,marking  ] GC(261) Mark Stack Usage: 32M
[63.120s][info][gc,nmethod  ] GC(261) NMethods: 3837 registered, 945 unregistered
[63.120s][info][gc,metaspace] GC(261) Metaspace: 71M used, 71M committed, 1088M reserved
[63.120s][info][gc,ref      ] GC(261) Soft: 3829 encountered, 0 discovered, 0 enqueued
[63.120s][info][gc,ref      ] GC(261) Weak: 11053 encountered, 1354 discovered, 0 enqueued
[63.120s][info][gc,ref      ] GC(261) Final: 289 encountered, 21 discovered, 0 enqueued
[63.120s][info][gc,ref      ] GC(261) Phantom: 425 encountered, 278 discovered, 0 enqueued
[63.120s][info][gc,reloc    ] GC(261) Small Pages: 267 / 534M, Empty: 234M, Relocated: 6M, In-Place: 0
[63.120s][info][gc,reloc    ] GC(261) Medium Pages: 0 / 0M, Empty: 0M, Relocated: 0M, In-Place: 0
[63.120s][info][gc,reloc    ] GC(261) Large Pages: 0 / 0M, Empty: 0M, Relocated: 0M, In-Place: 0
[63.120s][info][gc,reloc    ] GC(261) Forwarding Usage: 2M
[63.120s][info][gc,heap     ] GC(261) Min Capacity: 8M(0%)
[63.120s][info][gc,heap     ] GC(261) Max Capacity: 2048M(100%)
[63.120s][info][gc,heap     ] GC(261) Soft Max Capacity: 2048M(100%)
[63.120s][info][gc,heap     ] GC(261)                Mark Start          Mark End        Relocate Start      Relocate End           High               Low         
[63.120s][info][gc,heap     ] GC(261)  Capacity:     2048M (100%)       2048M (100%)       2048M (100%)       2048M (100%)       2048M (100%)       2048M (100%)   
[63.120s][info][gc,heap     ] GC(261)      Free:     1514M (74%)        1328M (65%)        1498M (73%)        1698M (83%)        1716M (84%)        1306M (64%)    
[63.120s][info][gc,heap     ] GC(261)      Used:      534M (26%)         720M (35%)         550M (27%)         350M (17%)         742M (36%)         332M (16%)    
[63.120s][info][gc,heap     ] GC(261)      Live:         -                53M (3%)           53M (3%)           53M (3%)             -                  -          
[63.120s][info][gc,heap     ] GC(261) Allocated:         -               186M (9%)          250M (12%)         278M (14%)            -                  -          
[63.121s][info][gc,heap     ] GC(261)   Garbage:         -               480M (23%)         246M (12%)          17M (1%)             -                  -          
[63.121s][info][gc,heap     ] GC(261) Reclaimed:         -                  -               234M (11%)         462M (23%)            -                  -          
[63.121s][info][gc          ] GC(261) Garbage Collection (Allocation Rate) 534M(26%)->350M(17%)
[63.155s][info][gc,start    ] GC(262) Garbage Collection (Allocation Rate)
[63.155s][info][gc,task     ] GC(262) Using 6 workers
[63.155s][info][gc,phases   ] GC(262) Pause Mark Start 0.010ms
[63.198s][info][gc,phases   ] GC(262) Concurrent Mark 42.324ms
[63.198s][info][gc,phases   ] GC(262) Pause Mark End 0.024ms
[63.200s][info][gc,phases   ] GC(262) Concurrent Mark Free 0.003ms
[63.203s][info][gc,phases   ] GC(262) Concurrent Process Non-Strong References 3.139ms
[63.203s][info][gc,phases   ] GC(262) Concurrent Reset Relocation Set 0.037ms
[63.210s][info][gc,phases   ] GC(262) Concurrent Select Relocation Set 6.907ms
[63.211s][info][gc,phases   ] GC(262) Pause Relocate Start 0.008ms
[63.215s][info][gc,phases   ] GC(262) Concurrent Relocate 4.315ms
[63.215s][info][gc,load     ] GC(262) Load: 0.00/0.00/0.00
[63.215s][info][gc,mmu      ] GC(262) MMU: 2ms/98.1%, 5ms/99.2%, 10ms/99.5%, 20ms/99.8%, 50ms/99.9%, 100ms/99.9%
[63.215s][info][gc,marking  ] GC(262) Mark: 4 stripe(s), 5 proactive flush(es), 1 terminate flush(es), 0 completion(s), 0 continuation(s) 
[63.215s][info][gc,marking  ] GC(262) Mark Stack Usage: 32M
[63.215s][info][gc,nmethod  ] GC(262) NMethods: 3838 registered, 945 unregistered
[63.215s][info][gc,metaspace] GC(262) Metaspace: 71M used, 71M committed, 1088M reserved
[63.216s][info][gc,ref      ] GC(262) Soft: 3829 encountered, 0 discovered, 0 enqueued
[63.216s][info][gc,ref      ] GC(262) Weak: 11053 encountered, 785 discovered, 0 enqueued
[63.216s][info][gc,ref      ] GC(262) Final: 289 encountered, 34 discovered, 0 enqueued
[63.216s][info][gc,ref      ] GC(262) Phantom: 425 encountered, 268 discovered, 0 enqueued
[63.216s][info][gc,reloc    ] GC(262) Small Pages: 260 / 520M, Empty: 224M, Relocated: 3M, In-Place: 0
[63.216s][info][gc,reloc    ] GC(262) Medium Pages: 0 / 0M, Empty: 0M, Relocated: 0M, In-Place: 0
[63.216s][info][gc,reloc    ] GC(262) Large Pages: 0 / 0M, Empty: 0M, Relocated: 0M, In-Place: 0
[63.216s][info][gc,reloc    ] GC(262) Forwarding Usage: 1M
[63.216s][info][gc,heap     ] GC(262) Min Capacity: 8M(0%)
[63.216s][info][gc,heap     ] GC(262) Max Capacity: 2048M(100%)
[63.216s][info][gc,heap     ] GC(262) Soft Max Capacity: 2048M(100%)
[63.216s][info][gc,heap     ] GC(262)                Mark Start          Mark End        Relocate Start      Relocate End           High               Low         
[63.216s][info][gc,heap     ] GC(262)  Capacity:     2048M (100%)       2048M (100%)       2048M (100%)       2048M (100%)       2048M (100%)       2048M (100%)   
[63.216s][info][gc,heap     ] GC(262)      Free:     1528M (75%)        1328M (65%)        1496M (73%)        1708M (83%)        1712M (84%)        1304M (64%)    
[63.216s][info][gc,heap     ] GC(262)      Used:      520M (25%)         720M (35%)         552M (27%)         340M (17%)         744M (36%)         336M (16%)    
[63.216s][info][gc,heap     ] GC(262)      Live:         -                53M (3%)           53M (3%)           53M (3%)             -                  -          
[63.216s][info][gc,heap     ] GC(262) Allocated:         -               200M (10%)         256M (13%)         263M (13%)            -                  -          
[63.216s][info][gc,heap     ] GC(262)   Garbage:         -               466M (23%)         242M (12%)          23M (1%)             -                  -          
[63.216s][info][gc,heap     ] GC(262) Reclaimed:         -                  -               224M (11%)         443M (22%)            -                  -          
[63.216s][info][gc          ] GC(262) Garbage Collection (Allocation Rate) 520M(25%)->340M(17%)
[63.255s][info][gc,start    ] GC(263) Garbage Collection (Allocation Rate)
[63.255s][info][gc,task     ] GC(263) Using 6 workers
[63.255s][info][gc,phases   ] GC(263) Pause Mark Start 0.012ms
[63.290s][info][gc,phases   ] GC(263) Concurrent Mark 34.036ms
[63.290s][info][gc,phases   ] GC(263) Pause Mark End 0.022ms
[63.292s][info][gc,phases   ] GC(263) Concurrent Mark Free 0.001ms
[63.295s][info][gc,phases   ] GC(263) Concurrent Process Non-Strong References 3.095ms
[63.295s][info][gc,phases   ] GC(263) Concurrent Reset Relocation Set 0.036ms
[63.300s][info][gc,phases   ] GC(263) Concurrent Select Relocation Set 5.010ms
[63.301s][info][gc,phases   ] GC(263) Pause Relocate Start 0.008ms
[63.304s][info][gc,phases   ] GC(263) Concurrent Relocate 3.204ms
[63.304s][info][gc,load     ] GC(263) Load: 0.00/0.00/0.00
[63.304s][info][gc,mmu      ] GC(263) MMU: 2ms/98.1%, 5ms/99.2%, 10ms/99.5%, 20ms/99.8%, 50ms/99.9%, 100ms/99.9%
[63.304s][info][gc,marking  ] GC(263) Mark: 4 stripe(s), 3 proactive flush(es), 1 terminate flush(es), 0 completion(s), 0 continuation(s) 
[63.304s][info][gc,marking  ] GC(263) Mark Stack Usage: 32M
[63.304s][info][gc,nmethod  ] GC(263) NMethods: 3838 registered, 945 unregistered
[63.304s][info][gc,metaspace] GC(263) Metaspace: 71M used, 71M committed, 1088M reserved
[63.304s][info][gc,ref      ] GC(263) Soft: 3829 encountered, 0 discovered, 0 enqueued
[63.304s][info][gc,ref      ] GC(263) Weak: 11053 encountered, 1094 discovered, 0 enqueued
[63.304s][info][gc,ref      ] GC(263) Final: 289 encountered, 46 discovered, 0 enqueued
[63.304s][info][gc,ref      ] GC(263) Phantom: 425 encountered, 271 discovered, 0 enqueued
[63.304s][info][gc,reloc    ] GC(263) Small Pages: 267 / 534M, Empty: 182M, Relocated: 3M, In-Place: 0
[63.304s][info][gc,reloc    ] GC(263) Medium Pages: 0 / 0M, Empty: 0M, Relocated: 0M, In-Place: 0
[63.304s][info][gc,reloc    ] GC(263) Large Pages: 0 / 0M, Empty: 0M, Relocated: 0M, In-Place: 0
[63.304s][info][gc,reloc    ] GC(263) Forwarding Usage: 1M
[63.304s][info][gc,heap     ] GC(263) Min Capacity: 8M(0%)
[63.304s][info][gc,heap     ] GC(263) Max Capacity: 2048M(100%)
[63.304s][info][gc,heap     ] GC(263) Soft Max Capacity: 2048M(100%)
[63.304s][info][gc,heap     ] GC(263)                Mark Start          Mark End        Relocate Start      Relocate End           High               Low         
[63.304s][info][gc,heap     ] GC(263)  Capacity:     2048M (100%)       2048M (100%)       2048M (100%)       2048M (100%)       2048M (100%)       2048M (100%)   
[63.304s][info][gc,heap     ] GC(263)      Free:     1514M (74%)        1350M (66%)        1486M (73%)        1756M (86%)        1756M (86%)        1326M (65%)    
[63.304s][info][gc,heap     ] GC(263)      Used:      534M (26%)         698M (34%)         562M (27%)         292M (14%)         722M (35%)         292M (14%)    
[63.304s][info][gc,heap     ] GC(263)      Live:         -                53M (3%)           53M (3%)           53M (3%)             -                  -          
[63.305s][info][gc,heap     ] GC(263) Allocated:         -               164M (8%)          210M (10%)         215M (11%)            -                  -          
[63.305s][info][gc,heap     ] GC(263)   Garbage:         -               480M (23%)         298M (15%)          22M (1%)             -                  -          
[63.305s][info][gc,heap     ] GC(263) Reclaimed:         -                  -               182M (9%)          457M (22%)            -                  -          
[63.305s][info][gc          ] GC(263) Garbage Collection (Allocation Rate) 534M(26%)->292M(14%)
[63.355s][info][gc,start    ] GC(264) Garbage Collection (Allocation Rate)
[63.355s][info][gc,task     ] GC(264) Using 6 workers
[63.355s][info][gc,phases   ] GC(264) Pause Mark Start 0.010ms
[63.390s][info][gc,phases   ] GC(264) Concurrent Mark 35.260ms
[63.391s][info][gc,phases   ] GC(264) Pause Mark End 0.026ms
[63.392s][info][gc,phases   ] GC(264) Concurrent Mark Free 0.001ms
[63.395s][info][gc,phases   ] GC(264) Concurrent Process Non-Strong References 2.799ms
[63.395s][info][gc,phases   ] GC(264) Concurrent Reset Relocation Set 0.046ms
[63.402s][info][gc,phases   ] GC(264) Concurrent Select Relocation Set 7.784ms
[63.403s][info][gc,phases   ] GC(264) Pause Relocate Start 0.007ms
[63.411s][info][gc,phases   ] GC(264) Concurrent Relocate 7.637ms
[63.411s][info][gc,load     ] GC(264) Load: 0.00/0.00/0.00
[63.411s][info][gc,mmu      ] GC(264) MMU: 2ms/98.1%, 5ms/99.2%, 10ms/99.5%, 20ms/99.8%, 50ms/99.9%, 100ms/99.9%
[63.411s][info][gc,marking  ] GC(264) Mark: 4 stripe(s), 3 proactive flush(es), 1 terminate flush(es), 0 completion(s), 0 continuation(s) 
[63.411s][info][gc,marking  ] GC(264) Mark Stack Usage: 32M
[63.411s][info][gc,nmethod  ] GC(264) NMethods: 3838 registered, 945 unregistered
[63.411s][info][gc,metaspace] GC(264) Metaspace: 71M used, 71M committed, 1088M reserved
[63.411s][info][gc,ref      ] GC(264) Soft: 3829 encountered, 0 discovered, 0 enqueued
[63.411s][info][gc,ref      ] GC(264) Weak: 11053 encountered, 903 discovered, 0 enqueued
[63.411s][info][gc,ref      ] GC(264) Final: 289 encountered, 37 discovered, 0 enqueued
[63.411s][info][gc,ref      ] GC(264) Phantom: 425 encountered, 284 discovered, 0 enqueued
[63.411s][info][gc,reloc    ] GC(264) Small Pages: 271 / 542M, Empty: 220M, Relocated: 6M, In-Place: 0
[63.411s][info][gc,reloc    ] GC(264) Medium Pages: 0 / 0M, Empty: 0M, Relocated: 0M, In-Place: 0
[63.411s][info][gc,reloc    ] GC(264) Large Pages: 0 / 0M, Empty: 0M, Relocated: 0M, In-Place: 0
[63.411s][info][gc,reloc    ] GC(264) Forwarding Usage: 2M
[63.411s][info][gc,heap     ] GC(264) Min Capacity: 8M(0%)
[63.411s][info][gc,heap     ] GC(264) Max Capacity: 2048M(100%)
[63.411s][info][gc,heap     ] GC(264) Soft Max Capacity: 2048M(100%)
[63.411s][info][gc,heap     ] GC(264)                Mark Start          Mark End        Relocate Start      Relocate End           High               Low         
[63.411s][info][gc,heap     ] GC(264)  Capacity:     2048M (100%)       2048M (100%)       2048M (100%)       2048M (100%)       2048M (100%)       2048M (100%)   
[63.411s][info][gc,heap     ] GC(264)      Free:     1506M (74%)        1334M (65%)        1500M (73%)        1726M (84%)        1744M (85%)        1316M (64%)    
[63.411s][info][gc,heap     ] GC(264)      Used:      542M (26%)         714M (35%)         548M (27%)         322M (16%)         732M (36%)         304M (15%)    
[63.411s][info][gc,heap     ] GC(264)      Live:         -                53M (3%)           53M (3%)           53M (3%)             -                  -          
[63.411s][info][gc,heap     ] GC(264) Allocated:         -               172M (8%)          226M (11%)         251M (12%)            -                  -          
[63.411s][info][gc,heap     ] GC(264)   Garbage:         -               488M (24%)         268M (13%)          16M (1%)             -                  -          
[63.411s][info][gc,heap     ] GC(264) Reclaimed:         -                  -               220M (11%)         471M (23%)            -                  -          
[63.411s][info][gc          ] GC(264) Garbage Collection (Allocation Rate) 542M(26%)->322M(16%)
[63.454s][info][gc,start    ] GC(265) Garbage Collection (Allocation Rate)
[63.454s][info][gc,task     ] GC(265) Using 6 workers
[63.455s][info][gc,phases   ] GC(265) Pause Mark Start 0.010ms
[63.497s][info][gc,phases   ] GC(265) Concurrent Mark 42.004ms
[63.498s][info][gc,phases   ] GC(265) Pause Mark End 0.027ms
[63.498s][info][gc,phases   ] GC(265) Concurrent Mark Free 0.002ms
[63.502s][info][gc,phases   ] GC(265) Concurrent Process Non-Strong References 3.383ms
[63.502s][info][gc,phases   ] GC(265) Concurrent Reset Relocation Set 0.042ms
[63.511s][info][gc,phases   ] GC(265) Concurrent Select Relocation Set 9.099ms
[63.511s][info][gc,phases   ] GC(265) Pause Relocate Start 0.009ms
[63.521s][info][gc,phases   ] GC(265) Concurrent Relocate 9.722ms
[63.521s][info][gc,load     ] GC(265) Load: 0.00/0.00/0.00
[63.521s][info][gc,mmu      ] GC(265) MMU: 2ms/98.1%, 5ms/99.2%, 10ms/99.5%, 20ms/99.8%, 50ms/99.9%, 100ms/99.9%
[63.522s][info][gc,marking  ] GC(265) Mark: 4 stripe(s), 2 proactive flush(es), 1 terminate flush(es), 0 completion(s), 0 continuation(s) 
[63.522s][info][gc,marking  ] GC(265) Mark Stack Usage: 32M
[63.522s][info][gc,nmethod  ] GC(265) NMethods: 3838 registered, 945 unregistered
[63.522s][info][gc,metaspace] GC(265) Metaspace: 71M used, 71M committed, 1088M reserved
[63.522s][info][gc,ref      ] GC(265) Soft: 3829 encountered, 0 discovered, 0 enqueued
[63.522s][info][gc,ref      ] GC(265) Weak: 11053 encountered, 1339 discovered, 0 enqueued
[63.522s][info][gc,ref      ] GC(265) Final: 289 encountered, 41 discovered, 0 enqueued
[63.522s][info][gc,ref      ] GC(265) Phantom: 425 encountered, 262 discovered, 0 enqueued
[63.522s][info][gc,reloc    ] GC(265) Small Pages: 270 / 540M, Empty: 234M, Relocated: 6M, In-Place: 0
[63.522s][info][gc,reloc    ] GC(265) Medium Pages: 0 / 0M, Empty: 0M, Relocated: 0M, In-Place: 0
[63.522s][info][gc,reloc    ] GC(265) Large Pages: 0 / 0M, Empty: 0M, Relocated: 0M, In-Place: 0
[63.522s][info][gc,reloc    ] GC(265) Forwarding Usage: 2M
[63.522s][info][gc,heap     ] GC(265) Min Capacity: 8M(0%)
[63.522s][info][gc,heap     ] GC(265) Max Capacity: 2048M(100%)
[63.522s][info][gc,heap     ] GC(265) Soft Max Capacity: 2048M(100%)
[63.522s][info][gc,heap     ] GC(265)                Mark Start          Mark End        Relocate Start      Relocate End           High               Low         
[63.522s][info][gc,heap     ] GC(265)  Capacity:     2048M (100%)       2048M (100%)       2048M (100%)       2048M (100%)       2048M (100%)       2048M (100%)   
[63.522s][info][gc,heap     ] GC(265)      Free:     1508M (74%)        1308M (64%)        1480M (72%)        1680M (82%)        1704M (83%)        1288M (63%)    
[63.522s][info][gc,heap     ] GC(265)      Used:      540M (26%)         740M (36%)         568M (28%)         368M (18%)         760M (37%)         344M (17%)    
[63.522s][info][gc,heap     ] GC(265)      Live:         -                53M (3%)           53M (3%)           53M (3%)             -                  -          
[63.522s][info][gc,heap     ] GC(265) Allocated:         -               200M (10%)         262M (13%)         297M (15%)            -                  -          
[63.522s][info][gc,heap     ] GC(265)   Garbage:         -               486M (24%)         252M (12%)          17M (1%)             -                  -          
[63.522s][info][gc,heap     ] GC(265) Reclaimed:         -                  -               234M (11%)         469M (23%)            -                  -          
[63.522s][info][gc          ] GC(265) Garbage Collection (Allocation Rate) 540M(26%)->368M(18%)
[63.554s][info][gc,start    ] GC(266) Garbage Collection (Allocation Rate)
[63.554s][info][gc,task     ] GC(266) Using 6 workers
[63.555s][info][gc,phases   ] GC(266) Pause Mark Start 0.010ms
[63.592s][info][gc,phases   ] GC(266) Concurrent Mark 37.119ms
[63.624s][info][gc,phases   ] GC(266) Pause Mark End 0.029ms
[63.626s][info][gc,phases   ] GC(266) Concurrent Mark Free 0.003ms
[63.629s][info][gc,phases   ] GC(266) Concurrent Process Non-Strong References 3.317ms
[63.630s][info][gc,phases   ] GC(266) Concurrent Reset Relocation Set 0.041ms
[63.635s][info][gc,phases   ] GC(266) Concurrent Select Relocation Set 5.012ms
[63.635s][info][gc,phases   ] GC(266) Pause Relocate Start 0.009ms
[63.642s][info][gc,phases   ] GC(266) Concurrent Relocate 7.264ms
[63.643s][info][gc,load     ] GC(266) Load: 0.00/0.00/0.00
[63.643s][info][gc,mmu      ] GC(266) MMU: 2ms/98.1%, 5ms/99.2%, 10ms/99.5%, 20ms/99.8%, 50ms/99.9%, 100ms/99.9%
[63.643s][info][gc,marking  ] GC(266) Mark: 4 stripe(s), 5 proactive flush(es), 1 terminate flush(es), 0 completion(s), 0 continuation(s) 
[63.643s][info][gc,marking  ] GC(266) Mark Stack Usage: 32M
[63.643s][info][gc,nmethod  ] GC(266) NMethods: 3838 registered, 945 unregistered
[63.643s][info][gc,metaspace] GC(266) Metaspace: 71M used, 71M committed, 1088M reserved
[63.643s][info][gc,ref      ] GC(266) Soft: 3829 encountered, 0 discovered, 0 enqueued
[63.643s][info][gc,ref      ] GC(266) Weak: 11053 encountered, 1130 discovered, 0 enqueued
[63.643s][info][gc,ref      ] GC(266) Final: 289 encountered, 31 discovered, 0 enqueued
[63.643s][info][gc,ref      ] GC(266) Phantom: 425 encountered, 238 discovered, 0 enqueued
[63.643s][info][gc,reloc    ] GC(266) Small Pages: 267 / 534M, Empty: 222M, Relocated: 6M, In-Place: 0
[63.643s][info][gc,reloc    ] GC(266) Medium Pages: 0 / 0M, Empty: 0M, Relocated: 0M, In-Place: 0
[63.643s][info][gc,reloc    ] GC(266) Large Pages: 0 / 0M, Empty: 0M, Relocated: 0M, In-Place: 0
[63.643s][info][gc,reloc    ] GC(266) Forwarding Usage: 2M
[63.643s][info][gc,heap     ] GC(266) Min Capacity: 8M(0%)
[63.643s][info][gc,heap     ] GC(266) Max Capacity: 2048M(100%)
[63.643s][info][gc,heap     ] GC(266) Soft Max Capacity: 2048M(100%)
[63.643s][info][gc,heap     ] GC(266)                Mark Start          Mark End        Relocate Start      Relocate End           High               Low         
[63.643s][info][gc,heap     ] GC(266)  Capacity:     2048M (100%)       2048M (100%)       2048M (100%)       2048M (100%)       2048M (100%)       2048M (100%)   
[63.643s][info][gc,heap     ] GC(266)      Free:     1514M (74%)        1176M (57%)        1352M (66%)        1570M (77%)        1586M (77%)        1152M (56%)    
[63.643s][info][gc,heap     ] GC(266)      Used:      534M (26%)         872M (43%)         696M (34%)         478M (23%)         896M (44%)         462M (23%)    
[63.643s][info][gc,heap     ] GC(266)      Live:         -                53M (3%)           53M (3%)           53M (3%)             -                  -          
[63.643s][info][gc,heap     ] GC(266) Allocated:         -               338M (17%)         384M (19%)         407M (20%)            -                  -          
[63.643s][info][gc,heap     ] GC(266)   Garbage:         -               480M (23%)         258M (13%)          16M (1%)             -                  -          
[63.643s][info][gc,heap     ] GC(266) Reclaimed:         -                  -               222M (11%)         463M (23%)            -                  -          
[63.643s][info][gc          ] GC(266) Garbage Collection (Allocation Rate) 534M(26%)->478M(23%)
[63.654s][info][gc,start    ] GC(267) Garbage Collection (Allocation Rate)
[63.654s][info][gc,task     ] GC(267) Using 7 workers
[63.654s][info][gc,phases   ] GC(267) Pause Mark Start 0.011ms
[63.685s][info][gc,phases   ] GC(267) Concurrent Mark 30.391ms
[63.685s][info][gc,phases   ] GC(267) Pause Mark End 0.026ms
[63.686s][info][gc,phases   ] GC(267) Concurrent Mark Free 0.001ms
[63.689s][info][gc,phases   ] GC(267) Concurrent Process Non-Strong References 2.828ms
[63.689s][info][gc,phases   ] GC(267) Concurrent Reset Relocation Set 0.033ms
[63.694s][info][gc,phases   ] GC(267) Concurrent Select Relocation Set 5.025ms
[63.694s][info][gc,phases   ] GC(267) Pause Relocate Start 0.008ms
[63.702s][info][gc,phases   ] GC(267) Concurrent Relocate 7.258ms
[63.702s][info][gc,load     ] GC(267) Load: 0.00/0.00/0.00
[63.702s][info][gc,mmu      ] GC(267) MMU: 2ms/98.1%, 5ms/99.2%, 10ms/99.5%, 20ms/99.8%, 50ms/99.9%, 100ms/99.9%
[63.702s][info][gc,marking  ] GC(267) Mark: 4 stripe(s), 2 proactive flush(es), 1 terminate flush(es), 0 completion(s), 0 continuation(s) 
[63.702s][info][gc,marking  ] GC(267) Mark Stack Usage: 32M
[63.702s][info][gc,nmethod  ] GC(267) NMethods: 3838 registered, 945 unregistered
[63.702s][info][gc,metaspace] GC(267) Metaspace: 71M used, 71M committed, 1088M reserved
[63.702s][info][gc,ref      ] GC(267) Soft: 3829 encountered, 0 discovered, 0 enqueued
[63.702s][info][gc,ref      ] GC(267) Weak: 11053 encountered, 1697 discovered, 0 enqueued
[63.702s][info][gc,ref      ] GC(267) Final: 289 encountered, 0 discovered, 0 enqueued
[63.702s][info][gc,ref      ] GC(267) Phantom: 425 encountered, 294 discovered, 0 enqueued
[63.702s][info][gc,reloc    ] GC(267) Small Pages: 269 / 538M, Empty: 222M, Relocated: 6M, In-Place: 0
[63.702s][info][gc,reloc    ] GC(267) Medium Pages: 0 / 0M, Empty: 0M, Relocated: 0M, In-Place: 0
[63.702s][info][gc,reloc    ] GC(267) Large Pages: 0 / 0M, Empty: 0M, Relocated: 0M, In-Place: 0
[63.702s][info][gc,reloc    ] GC(267) Forwarding Usage: 2M
[63.702s][info][gc,heap     ] GC(267) Min Capacity: 8M(0%)
[63.702s][info][gc,heap     ] GC(267) Max Capacity: 2048M(100%)
[63.702s][info][gc,heap     ] GC(267) Soft Max Capacity: 2048M(100%)
[63.702s][info][gc,heap     ] GC(267)                Mark Start          Mark End        Relocate Start      Relocate End           High               Low         
[63.702s][info][gc,heap     ] GC(267)  Capacity:     2048M (100%)       2048M (100%)       2048M (100%)       2048M (100%)       2048M (100%)       2048M (100%)   
[63.702s][info][gc,heap     ] GC(267)      Free:     1510M (74%)        1362M (67%)        1546M (75%)        1766M (86%)        1780M (87%)        1348M (66%)    
[63.702s][info][gc,heap     ] GC(267)      Used:      538M (26%)         686M (33%)         502M (25%)         282M (14%)         700M (34%)         268M (13%)    
[63.702s][info][gc,heap     ] GC(267)      Live:         -                53M (3%)           53M (3%)           53M (3%)             -                  -          
[63.702s][info][gc,heap     ] GC(267) Allocated:         -               148M (7%)          186M (9%)          209M (10%)            -                  -          
[63.702s][info][gc,heap     ] GC(267)   Garbage:         -               484M (24%)         262M (13%)          18M (1%)             -                  -          
[63.702s][info][gc,heap     ] GC(267) Reclaimed:         -                  -               222M (11%)         465M (23%)            -                  -          
[63.702s][info][gc          ] GC(267) Garbage Collection (Allocation Rate) 538M(26%)->282M(14%)
[63.754s][info][gc,start    ] GC(268) Garbage Collection (Allocation Rate)
[63.754s][info][gc,task     ] GC(268) Using 7 workers
[63.754s][info][gc,phases   ] GC(268) Pause Mark Start 0.013ms
[63.784s][info][gc,phases   ] GC(268) Concurrent Mark 29.212ms
[63.784s][info][gc,phases   ] GC(268) Pause Mark End 0.024ms
[63.785s][info][gc,phases   ] GC(268) Concurrent Mark Free 0.001ms
[63.788s][info][gc,phases   ] GC(268) Concurrent Process Non-Strong References 2.748ms
[63.788s][info][gc,phases   ] GC(268) Concurrent Reset Relocation Set 0.049ms
[63.795s][info][gc,phases   ] GC(268) Concurrent Select Relocation Set 6.527ms
[63.795s][info][gc,phases   ] GC(268) Pause Relocate Start 0.009ms
[63.804s][info][gc,phases   ] GC(268) Concurrent Relocate 8.291ms
[63.804s][info][gc,load     ] GC(268) Load: 0.00/0.00/0.00
[63.804s][info][gc,mmu      ] GC(268) MMU: 2ms/98.1%, 5ms/99.2%, 10ms/99.5%, 20ms/99.8%, 50ms/99.9%, 100ms/99.9%
[63.804s][info][gc,marking  ] GC(268) Mark: 4 stripe(s), 3 proactive flush(es), 1 terminate flush(es), 0 completion(s), 0 continuation(s) 
[63.805s][info][gc,marking  ] GC(268) Mark Stack Usage: 32M
[63.805s][info][gc,nmethod  ] GC(268) NMethods: 3838 registered, 945 unregistered
[63.805s][info][gc,metaspace] GC(268) Metaspace: 71M used, 71M committed, 1088M reserved
[63.805s][info][gc,ref      ] GC(268) Soft: 3829 encountered, 0 discovered, 0 enqueued
[63.805s][info][gc,ref      ] GC(268) Weak: 11053 encountered, 1241 discovered, 0 enqueued
[63.805s][info][gc,ref      ] GC(268) Final: 289 encountered, 16 discovered, 0 enqueued
[63.805s][info][gc,ref      ] GC(268) Phantom: 425 encountered, 273 discovered, 0 enqueued
[63.805s][info][gc,reloc    ] GC(268) Small Pages: 271 / 542M, Empty: 238M, Relocated: 6M, In-Place: 0
[63.805s][info][gc,reloc    ] GC(268) Medium Pages: 0 / 0M, Empty: 0M, Relocated: 0M, In-Place: 0
[63.805s][info][gc,reloc    ] GC(268) Large Pages: 0 / 0M, Empty: 0M, Relocated: 0M, In-Place: 0
[63.805s][info][gc,reloc    ] GC(268) Forwarding Usage: 2M
[63.805s][info][gc,heap     ] GC(268) Min Capacity: 8M(0%)
[63.805s][info][gc,heap     ] GC(268) Max Capacity: 2048M(100%)
[63.805s][info][gc,heap     ] GC(268) Soft Max Capacity: 2048M(100%)
[63.805s][info][gc,heap     ] GC(268)                Mark Start          Mark End        Relocate Start      Relocate End           High               Low         
[63.805s][info][gc,heap     ] GC(268)  Capacity:     2048M (100%)       2048M (100%)       2048M (100%)       2048M (100%)       2048M (100%)       2048M (100%)   
[63.805s][info][gc,heap     ] GC(268)      Free:     1506M (74%)        1362M (67%)        1554M (76%)        1756M (86%)        1776M (87%)        1346M (66%)    
[63.805s][info][gc,heap     ] GC(268)      Used:      542M (26%)         686M (33%)         494M (24%)         292M (14%)         702M (34%)         272M (13%)    
[63.805s][info][gc,heap     ] GC(268)      Live:         -                53M (3%)           53M (3%)           53M (3%)             -                  -          
[63.805s][info][gc,heap     ] GC(268) Allocated:         -               144M (7%)          190M (9%)          219M (11%)            -                  -          
[63.805s][info][gc,heap     ] GC(268)   Garbage:         -               488M (24%)         250M (12%)          19M (1%)             -                  -          
[63.805s][info][gc,heap     ] GC(268) Reclaimed:         -                  -               238M (12%)         469M (23%)            -                  -          
[63.805s][info][gc          ] GC(268) Garbage Collection (Allocation Rate) 542M(26%)->292M(14%)
[63.855s][info][gc,start    ] GC(269) Garbage Collection (Allocation Rate)
[63.855s][info][gc,task     ] GC(269) Using 7 workers
[63.855s][info][gc,phases   ] GC(269) Pause Mark Start 0.012ms
[63.888s][info][gc,phases   ] GC(269) Concurrent Mark 32.061ms
[63.888s][info][gc,phases   ] GC(269) Pause Mark End 0.023ms
[63.894s][info][gc,phases   ] GC(269) Concurrent Mark Free 0.002ms
[63.897s][info][gc,phases   ] GC(269) Concurrent Process Non-Strong References 3.215ms
[63.897s][info][gc,phases   ] GC(269) Concurrent Reset Relocation Set 0.042ms
[63.903s][info][gc,phases   ] GC(269) Concurrent Select Relocation Set 6.532ms
[63.904s][info][gc,phases   ] GC(269) Pause Relocate Start 0.009ms
[63.911s][info][gc,phases   ] GC(269) Concurrent Relocate 6.790ms
[63.911s][info][gc,load     ] GC(269) Load: 0.00/0.00/0.00
[63.911s][info][gc,mmu      ] GC(269) MMU: 2ms/98.1%, 5ms/99.2%, 10ms/99.5%, 20ms/99.8%, 50ms/99.9%, 100ms/99.9%
[63.911s][info][gc,marking  ] GC(269) Mark: 4 stripe(s), 2 proactive flush(es), 1 terminate flush(es), 0 completion(s), 0 continuation(s) 
[63.911s][info][gc,marking  ] GC(269) Mark Stack Usage: 32M
[63.911s][info][gc,nmethod  ] GC(269) NMethods: 3861 registered, 945 unregistered
[63.911s][info][gc,metaspace] GC(269) Metaspace: 71M used, 71M committed, 1088M reserved
[63.911s][info][gc,ref      ] GC(269) Soft: 3829 encountered, 0 discovered, 0 enqueued
[63.911s][info][gc,ref      ] GC(269) Weak: 11053 encountered, 1223 discovered, 0 enqueued
[63.911s][info][gc,ref      ] GC(269) Final: 289 encountered, 0 discovered, 0 enqueued
[63.911s][info][gc,ref      ] GC(269) Phantom: 425 encountered, 287 discovered, 0 enqueued
[63.911s][info][gc,reloc    ] GC(269) Small Pages: 272 / 544M, Empty: 236M, Relocated: 6M, In-Place: 0
[63.911s][info][gc,reloc    ] GC(269) Medium Pages: 0 / 0M, Empty: 0M, Relocated: 0M, In-Place: 0
[63.911s][info][gc,reloc    ] GC(269) Large Pages: 0 / 0M, Empty: 0M, Relocated: 0M, In-Place: 0
[63.911s][info][gc,reloc    ] GC(269) Forwarding Usage: 2M
[63.911s][info][gc,heap     ] GC(269) Min Capacity: 8M(0%)
[63.911s][info][gc,heap     ] GC(269) Max Capacity: 2048M(100%)
[63.911s][info][gc,heap     ] GC(269) Soft Max Capacity: 2048M(100%)
[63.911s][info][gc,heap     ] GC(269)                Mark Start          Mark End        Relocate Start      Relocate End           High               Low         
[63.911s][info][gc,heap     ] GC(269)  Capacity:     2048M (100%)       2048M (100%)       2048M (100%)       2048M (100%)       2048M (100%)       2048M (100%)   
[63.911s][info][gc,heap     ] GC(269)      Free:     1504M (73%)        1350M (66%)        1518M (74%)        1732M (85%)        1744M (85%)        1310M (64%)    
[63.911s][info][gc,heap     ] GC(269)      Used:      544M (27%)         698M (34%)         530M (26%)         316M (15%)         738M (36%)         304M (15%)    
[63.911s][info][gc,heap     ] GC(269)      Live:         -                53M (3%)           53M (3%)           53M (3%)             -                  -          
[63.911s][info][gc,heap     ] GC(269) Allocated:         -               154M (8%)          222M (11%)         243M (12%)            -                  -          
[63.911s][info][gc,heap     ] GC(269)   Garbage:         -               490M (24%)         254M (12%)          19M (1%)             -                  -          
[63.911s][info][gc,heap     ] GC(269) Reclaimed:         -                  -               236M (12%)         471M (23%)            -                  -          
[63.911s][info][gc          ] GC(269) Garbage Collection (Allocation Rate) 544M(27%)->316M(15%)
[64.055s][info][gc,start    ] GC(270) Garbage Collection (Allocation Rate)
[64.055s][info][gc,task     ] GC(270) Using 4 workers
[64.055s][info][gc,phases   ] GC(270) Pause Mark Start 0.010ms
[64.105s][info][gc,phases   ] GC(270) Concurrent Mark 50.108ms
[64.106s][info][gc,phases   ] GC(270) Pause Mark End 0.025ms
[64.107s][info][gc,phases   ] GC(270) Concurrent Mark Free 0.001ms
[64.112s][info][gc,phases   ] GC(270) Concurrent Process Non-Strong References 5.006ms
[64.112s][info][gc,phases   ] GC(270) Concurrent Reset Relocation Set 0.044ms
[64.123s][info][gc,phases   ] GC(270) Concurrent Select Relocation Set 10.790ms
[64.123s][info][gc,phases   ] GC(270) Pause Relocate Start 0.009ms
[64.134s][info][gc,phases   ] GC(270) Concurrent Relocate 11.040ms
[64.134s][info][gc,load     ] GC(270) Load: 0.00/0.00/0.00
[64.134s][info][gc,mmu      ] GC(270) MMU: 2ms/98.1%, 5ms/99.2%, 10ms/99.5%, 20ms/99.8%, 50ms/99.9%, 100ms/99.9%
[64.134s][info][gc,marking  ] GC(270) Mark: 4 stripe(s), 2 proactive flush(es), 1 terminate flush(es), 0 completion(s), 0 continuation(s) 
[64.134s][info][gc,marking  ] GC(270) Mark Stack Usage: 32M
[64.134s][info][gc,nmethod  ] GC(270) NMethods: 3861 registered, 945 unregistered
[64.134s][info][gc,metaspace] GC(270) Metaspace: 71M used, 71M committed, 1088M reserved
[64.134s][info][gc,ref      ] GC(270) Soft: 3829 encountered, 0 discovered, 0 enqueued
[64.134s][info][gc,ref      ] GC(270) Weak: 11001 encountered, 2060 discovered, 144 enqueued
[64.134s][info][gc,ref      ] GC(270) Final: 289 encountered, 17 discovered, 0 enqueued
[64.134s][info][gc,ref      ] GC(270) Phantom: 425 encountered, 208 discovered, 0 enqueued
[64.134s][info][gc,reloc    ] GC(270) Small Pages: 518 / 1036M, Empty: 668M, Relocated: 8M, In-Place: 0
[64.134s][info][gc,reloc    ] GC(270) Medium Pages: 0 / 0M, Empty: 0M, Relocated: 0M, In-Place: 0
[64.134s][info][gc,reloc    ] GC(270) Large Pages: 0 / 0M, Empty: 0M, Relocated: 0M, In-Place: 0
[64.134s][info][gc,reloc    ] GC(270) Forwarding Usage: 3M
[64.134s][info][gc,heap     ] GC(270) Min Capacity: 8M(0%)
[64.134s][info][gc,heap     ] GC(270) Max Capacity: 2048M(100%)
[64.134s][info][gc,heap     ] GC(270) Soft Max Capacity: 2048M(100%)
[64.134s][info][gc,heap     ] GC(270)                Mark Start          Mark End        Relocate Start      Relocate End           High               Low         
[64.134s][info][gc,heap     ] GC(270)  Capacity:     2048M (100%)       2048M (100%)       2048M (100%)       2048M (100%)       2048M (100%)       2048M (100%)   
[64.134s][info][gc,heap     ] GC(270)      Free:     1012M (49%)         772M (38%)        1360M (66%)        1628M (79%)        1652M (81%)         744M (36%)    
[64.134s][info][gc,heap     ] GC(270)      Used:     1036M (51%)        1276M (62%)         688M (34%)         420M (21%)        1304M (64%)         396M (19%)    
[64.135s][info][gc,heap     ] GC(270)      Live:         -                51M (3%)           51M (3%)           51M (3%)             -                  -          
[64.135s][info][gc,heap     ] GC(270) Allocated:         -               240M (12%)         320M (16%)         354M (17%)            -                  -          
[64.135s][info][gc,heap     ] GC(270)   Garbage:         -               984M (48%)         316M (15%)          13M (1%)             -                  -          
[64.135s][info][gc,heap     ] GC(270) Reclaimed:         -                  -               668M (33%)         970M (47%)            -                  -          
[64.135s][info][gc          ] GC(270) Garbage Collection (Allocation Rate) 1036M(51%)->420M(21%)
[64.254s][info][gc,start    ] GC(271) Garbage Collection (Allocation Rate)
[64.254s][info][gc,task     ] GC(271) Using 3 workers
[64.254s][info][gc,phases   ] GC(271) Pause Mark Start 0.013ms
[64.332s][info][gc,phases   ] GC(271) Concurrent Mark 77.180ms
[64.332s][info][gc,phases   ] GC(271) Pause Mark End 0.025ms
[64.332s][info][gc,phases   ] GC(271) Concurrent Mark Free 0.002ms
[64.339s][info][gc,phases   ] GC(271) Concurrent Process Non-Strong References 5.958ms
[64.339s][info][gc,phases   ] GC(271) Concurrent Reset Relocation Set 0.047ms
[64.345s][info][gc,phases   ] GC(271) Concurrent Select Relocation Set 6.794ms
[64.346s][info][gc,phases   ] GC(271) Pause Relocate Start 0.009ms
[64.356s][info][gc,phases   ] GC(271) Concurrent Relocate 9.601ms
[64.356s][info][gc,load     ] GC(271) Load: 0.00/0.00/0.00
[64.356s][info][gc,mmu      ] GC(271) MMU: 2ms/98.1%, 5ms/99.2%, 10ms/99.5%, 20ms/99.8%, 50ms/99.9%, 100ms/99.9%
[64.356s][info][gc,marking  ] GC(271) Mark: 2 stripe(s), 2 proactive flush(es), 1 terminate flush(es), 0 completion(s), 0 continuation(s) 
[64.356s][info][gc,marking  ] GC(271) Mark Stack Usage: 32M
[64.356s][info][gc,nmethod  ] GC(271) NMethods: 3861 registered, 945 unregistered
[64.356s][info][gc,metaspace] GC(271) Metaspace: 71M used, 71M committed, 1088M reserved
[64.356s][info][gc,ref      ] GC(271) Soft: 3829 encountered, 0 discovered, 0 enqueued
[64.356s][info][gc,ref      ] GC(271) Weak: 10857 encountered, 902 discovered, 0 enqueued
[64.356s][info][gc,ref      ] GC(271) Final: 289 encountered, 17 discovered, 0 enqueued
[64.356s][info][gc,ref      ] GC(271) Phantom: 425 encountered, 250 discovered, 0 enqueued
[64.356s][info][gc,reloc    ] GC(271) Small Pages: 510 / 1020M, Empty: 614M, Relocated: 6M, In-Place: 0
[64.356s][info][gc,reloc    ] GC(271) Medium Pages: 0 / 0M, Empty: 0M, Relocated: 0M, In-Place: 0
[64.356s][info][gc,reloc    ] GC(271) Large Pages: 0 / 0M, Empty: 0M, Relocated: 0M, In-Place: 0
[64.356s][info][gc,reloc    ] GC(271) Forwarding Usage: 2M
[64.356s][info][gc,heap     ] GC(271) Min Capacity: 8M(0%)
[64.356s][info][gc,heap     ] GC(271) Max Capacity: 2048M(100%)
[64.356s][info][gc,heap     ] GC(271) Soft Max Capacity: 2048M(100%)
[64.356s][info][gc,heap     ] GC(271)                Mark Start          Mark End        Relocate Start      Relocate End           High               Low         
[64.356s][info][gc,heap     ] GC(271)  Capacity:     2048M (100%)       2048M (100%)       2048M (100%)       2048M (100%)       2048M (100%)       2048M (100%)   
[64.356s][info][gc,heap     ] GC(271)      Free:     1028M (50%)         668M (33%)        1220M (60%)        1532M (75%)        1550M (76%)         638M (31%)    
[64.356s][info][gc,heap     ] GC(271)      Used:     1020M (50%)        1380M (67%)         828M (40%)         516M (25%)        1410M (69%)         498M (24%)    
[64.356s][info][gc,heap     ] GC(271)      Live:         -                51M (3%)           51M (3%)           51M (3%)             -                  -          
[64.356s][info][gc,heap     ] GC(271) Allocated:         -               360M (18%)         422M (21%)         450M (22%)            -                  -          
[64.356s][info][gc,heap     ] GC(271)   Garbage:         -               968M (47%)         354M (17%)          13M (1%)             -                  -          
[64.356s][info][gc,heap     ] GC(271) Reclaimed:         -                  -               614M (30%)         954M (47%)            -                  -          
[64.356s][info][gc          ] GC(271) Garbage Collection (Allocation Rate) 1020M(50%)->516M(25%)
[64.455s][info][gc,start    ] GC(272) Garbage Collection (Allocation Rate)
[64.455s][info][gc,task     ] GC(272) Using 3 workers
[64.455s][info][gc,phases   ] GC(272) Pause Mark Start 0.010ms
[64.519s][info][gc,phases   ] GC(272) Concurrent Mark 63.089ms
[64.519s][info][gc,phases   ] GC(272) Pause Mark End 0.026ms
[64.519s][info][gc,phases   ] GC(272) Concurrent Mark Free 0.001ms
[64.525s][info][gc,phases   ] GC(272) Concurrent Process Non-Strong References 5.367ms
[64.525s][info][gc,phases   ] GC(272) Concurrent Reset Relocation Set 0.052ms
[64.530s][info][gc,phases   ] GC(272) Concurrent Select Relocation Set 5.371ms
[64.530s][info][gc,phases   ] GC(272) Pause Relocate Start 0.009ms
[64.540s][info][gc,phases   ] GC(272) Concurrent Relocate 9.736ms
[64.540s][info][gc,load     ] GC(272) Load: 0.00/0.00/0.00
[64.540s][info][gc,mmu      ] GC(272) MMU: 2ms/98.1%, 5ms/99.2%, 10ms/99.5%, 20ms/99.8%, 50ms/99.9%, 100ms/99.9%
[64.540s][info][gc,marking  ] GC(272) Mark: 2 stripe(s), 3 proactive flush(es), 1 terminate flush(es), 0 completion(s), 0 continuation(s) 
[64.540s][info][gc,marking  ] GC(272) Mark Stack Usage: 32M
[64.540s][info][gc,nmethod  ] GC(272) NMethods: 3861 registered, 945 unregistered
[64.541s][info][gc,metaspace] GC(272) Metaspace: 71M used, 71M committed, 1088M reserved
[64.541s][info][gc,ref      ] GC(272) Soft: 3829 encountered, 0 discovered, 0 enqueued
[64.541s][info][gc,ref      ] GC(272) Weak: 10857 encountered, 1266 discovered, 0 enqueued
[64.541s][info][gc,ref      ] GC(272) Final: 289 encountered, 13 discovered, 0 enqueued
[64.541s][info][gc,ref      ] GC(272) Phantom: 425 encountered, 282 discovered, 0 enqueued
[64.541s][info][gc,reloc    ] GC(272) Small Pages: 503 / 1006M, Empty: 626M, Relocated: 6M, In-Place: 0
[64.541s][info][gc,reloc    ] GC(272) Medium Pages: 0 / 0M, Empty: 0M, Relocated: 0M, In-Place: 0
[64.541s][info][gc,reloc    ] GC(272) Large Pages: 0 / 0M, Empty: 0M, Relocated: 0M, In-Place: 0
[64.541s][info][gc,reloc    ] GC(272) Forwarding Usage: 2M
[64.541s][info][gc,heap     ] GC(272) Min Capacity: 8M(0%)
[64.541s][info][gc,heap     ] GC(272) Max Capacity: 2048M(100%)
[64.541s][info][gc,heap     ] GC(272) Soft Max Capacity: 2048M(100%)
[64.541s][info][gc,heap     ] GC(272)                Mark Start          Mark End        Relocate Start      Relocate End           High               Low         
[64.541s][info][gc,heap     ] GC(272)  Capacity:     2048M (100%)       2048M (100%)       2048M (100%)       2048M (100%)       2048M (100%)       2048M (100%)   
[64.541s][info][gc,heap     ] GC(272)      Free:     1042M (51%)         740M (36%)        1314M (64%)        1604M (78%)        1620M (79%)         712M (35%)    
[64.541s][info][gc,heap     ] GC(272)      Used:     1006M (49%)        1308M (64%)         734M (36%)         444M (22%)        1336M (65%)         428M (21%)    
[64.541s][info][gc,heap     ] GC(272)      Live:         -                51M (3%)           51M (3%)           51M (3%)             -                  -          
[64.541s][info][gc,heap     ] GC(272) Allocated:         -               302M (15%)         354M (17%)         380M (19%)            -                  -          
[64.541s][info][gc,heap     ] GC(272)   Garbage:         -               954M (47%)         328M (16%)          11M (1%)             -                  -          
[64.541s][info][gc,heap     ] GC(272) Reclaimed:         -                  -               626M (31%)         942M (46%)            -                  -          
[64.541s][info][gc          ] GC(272) Garbage Collection (Allocation Rate) 1006M(49%)->444M(22%)
[64.654s][info][gc,start    ] GC(273) Garbage Collection (Allocation Rate)
[64.655s][info][gc,task     ] GC(273) Using 3 workers
[64.655s][info][gc,phases   ] GC(273) Pause Mark Start 0.013ms
[64.720s][info][gc,phases   ] GC(273) Concurrent Mark 65.273ms
[64.721s][info][gc,phases   ] GC(273) Pause Mark End 0.027ms
[64.722s][info][gc,phases   ] GC(273) Concurrent Mark Free 0.002ms
[64.728s][info][gc,phases   ] GC(273) Concurrent Process Non-Strong References 5.828ms
[64.728s][info][gc,phases   ] GC(273) Concurrent Reset Relocation Set 0.039ms
[64.737s][info][gc,phases   ] GC(273) Concurrent Select Relocation Set 8.568ms
[64.737s][info][gc,phases   ] GC(273) Pause Relocate Start 0.008ms
[64.747s][info][gc,phases   ] GC(273) Concurrent Relocate 9.727ms
[64.747s][info][gc,load     ] GC(273) Load: 0.00/0.00/0.00
[64.747s][info][gc,mmu      ] GC(273) MMU: 2ms/98.1%, 5ms/99.2%, 10ms/99.5%, 20ms/99.8%, 50ms/99.9%, 100ms/99.9%
[64.747s][info][gc,marking  ] GC(273) Mark: 2 stripe(s), 2 proactive flush(es), 1 terminate flush(es), 0 completion(s), 0 continuation(s) 
[64.747s][info][gc,marking  ] GC(273) Mark Stack Usage: 32M
[64.747s][info][gc,nmethod  ] GC(273) NMethods: 3861 registered, 945 unregistered
[64.748s][info][gc,metaspace] GC(273) Metaspace: 71M used, 71M committed, 1088M reserved
[64.748s][info][gc,ref      ] GC(273) Soft: 3829 encountered, 0 discovered, 0 enqueued
[64.748s][info][gc,ref      ] GC(273) Weak: 10857 encountered, 1014 discovered, 0 enqueued
[64.748s][info][gc,ref      ] GC(273) Final: 289 encountered, 33 discovered, 0 enqueued
[64.748s][info][gc,ref      ] GC(273) Phantom: 425 encountered, 325 discovered, 0 enqueued
[64.748s][info][gc,reloc    ] GC(273) Small Pages: 508 / 1016M, Empty: 648M, Relocated: 6M, In-Place: 0
[64.748s][info][gc,reloc    ] GC(273) Medium Pages: 0 / 0M, Empty: 0M, Relocated: 0M, In-Place: 0
[64.748s][info][gc,reloc    ] GC(273) Large Pages: 0 / 0M, Empty: 0M, Relocated: 0M, In-Place: 0
[64.748s][info][gc,reloc    ] GC(273) Forwarding Usage: 2M
[64.748s][info][gc,heap     ] GC(273) Min Capacity: 8M(0%)
[64.748s][info][gc,heap     ] GC(273) Max Capacity: 2048M(100%)
[64.748s][info][gc,heap     ] GC(273) Soft Max Capacity: 2048M(100%)
[64.748s][info][gc,heap     ] GC(273)                Mark Start          Mark End        Relocate Start      Relocate End           High               Low         
[64.748s][info][gc,heap     ] GC(273)  Capacity:     2048M (100%)       2048M (100%)       2048M (100%)       2048M (100%)       2048M (100%)       2048M (100%)   
[64.748s][info][gc,heap     ] GC(273)      Free:     1032M (50%)         718M (35%)        1288M (63%)        1564M (76%)        1580M (77%)         682M (33%)    
[64.748s][info][gc,heap     ] GC(273)      Used:     1016M (50%)        1330M (65%)         760M (37%)         484M (24%)        1366M (67%)         468M (23%)    
[64.748s][info][gc,heap     ] GC(273)      Live:         -                51M (3%)           51M (3%)           51M (3%)             -                  -          
[64.748s][info][gc,heap     ] GC(273) Allocated:         -               314M (15%)         392M (19%)         420M (21%)            -                  -          
[64.748s][info][gc,heap     ] GC(273)   Garbage:         -               964M (47%)         316M (15%)          11M (1%)             -                  -          
[64.748s][info][gc,heap     ] GC(273) Reclaimed:         -                  -               648M (32%)         952M (46%)            -                  -          
[64.748s][info][gc          ] GC(273) Garbage Collection (Allocation Rate) 1016M(50%)->484M(24%)
[64.854s][info][gc,start    ] GC(274) Garbage Collection (Allocation Rate)
[64.854s][info][gc,task     ] GC(274) Using 3 workers
[64.855s][info][gc,phases   ] GC(274) Pause Mark Start 0.014ms
[64.920s][info][gc,phases   ] GC(274) Concurrent Mark 65.182ms
[64.920s][info][gc,phases   ] GC(274) Pause Mark End 0.024ms
[64.922s][info][gc,phases   ] GC(274) Concurrent Mark Free 0.001ms
[64.928s][info][gc,phases   ] GC(274) Concurrent Process Non-Strong References 6.277ms
[64.928s][info][gc,phases   ] GC(274) Concurrent Reset Relocation Set 0.043ms
[64.934s][info][gc,phases   ] GC(274) Concurrent Select Relocation Set 5.183ms
[64.934s][info][gc,phases   ] GC(274) Pause Relocate Start 0.009ms
[64.944s][info][gc,phases   ] GC(274) Concurrent Relocate 9.255ms
[64.944s][info][gc,load     ] GC(274) Load: 0.00/0.00/0.00
[64.944s][info][gc,mmu      ] GC(274) MMU: 2ms/98.1%, 5ms/99.2%, 10ms/99.5%, 20ms/99.8%, 50ms/99.9%, 100ms/99.9%
[64.944s][info][gc,marking  ] GC(274) Mark: 2 stripe(s), 3 proactive flush(es), 1 terminate flush(es), 0 completion(s), 0 continuation(s) 
[64.944s][info][gc,marking  ] GC(274) Mark Stack Usage: 32M
[64.944s][info][gc,nmethod  ] GC(274) NMethods: 3861 registered, 945 unregistered
[64.944s][info][gc,metaspace] GC(274) Metaspace: 71M used, 71M committed, 1088M reserved
[64.944s][info][gc,ref      ] GC(274) Soft: 3829 encountered, 0 discovered, 0 enqueued
[64.944s][info][gc,ref      ] GC(274) Weak: 10857 encountered, 1399 discovered, 0 enqueued
[64.944s][info][gc,ref      ] GC(274) Final: 289 encountered, 31 discovered, 0 enqueued
[64.944s][info][gc,ref      ] GC(274) Phantom: 425 encountered, 315 discovered, 0 enqueued
[64.944s][info][gc,reloc    ] GC(274) Small Pages: 504 / 1008M, Empty: 628M, Relocated: 6M, In-Place: 0
[64.944s][info][gc,reloc    ] GC(274) Medium Pages: 0 / 0M, Empty: 0M, Relocated: 0M, In-Place: 0
[64.944s][info][gc,reloc    ] GC(274) Large Pages: 0 / 0M, Empty: 0M, Relocated: 0M, In-Place: 0
[64.944s][info][gc,reloc    ] GC(274) Forwarding Usage: 2M
[64.944s][info][gc,heap     ] GC(274) Min Capacity: 8M(0%)
[64.944s][info][gc,heap     ] GC(274) Max Capacity: 2048M(100%)
[64.944s][info][gc,heap     ] GC(274) Soft Max Capacity: 2048M(100%)
[64.944s][info][gc,heap     ] GC(274)                Mark Start          Mark End        Relocate Start      Relocate End           High               Low         
[64.944s][info][gc,heap     ] GC(274)  Capacity:     2048M (100%)       2048M (100%)       2048M (100%)       2048M (100%)       2048M (100%)       2048M (100%)   
[64.944s][info][gc,heap     ] GC(274)      Free:     1040M (51%)         732M (36%)        1300M (63%)        1588M (78%)        1604M (78%)         694M (34%)    
[64.944s][info][gc,heap     ] GC(274)      Used:     1008M (49%)        1316M (64%)         748M (37%)         460M (22%)        1354M (66%)         444M (22%)    
[64.944s][info][gc,heap     ] GC(274)      Live:         -                51M (3%)           51M (3%)           51M (3%)             -                  -          
[64.944s][info][gc,heap     ] GC(274) Allocated:         -               308M (15%)         368M (18%)         396M (19%)            -                  -          
[64.944s][info][gc,heap     ] GC(274)   Garbage:         -               956M (47%)         328M (16%)          11M (1%)             -                  -          
[64.944s][info][gc,heap     ] GC(274) Reclaimed:         -                  -               628M (31%)         944M (46%)            -                  -          
[64.944s][info][gc          ] GC(274) Garbage Collection (Allocation Rate) 1008M(49%)->460M(22%)
[65.055s][info][gc,start    ] GC(275) Garbage Collection (Allocation Rate)
[65.055s][info][gc,task     ] GC(275) Using 3 workers
[65.055s][info][gc,phases   ] GC(275) Pause Mark Start 0.010ms
[65.129s][info][gc,phases   ] GC(275) Concurrent Mark 73.254ms
[65.129s][info][gc,phases   ] GC(275) Pause Mark End 0.028ms
[65.130s][info][gc,phases   ] GC(275) Concurrent Mark Free 0.002ms
[65.136s][info][gc,phases   ] GC(275) Concurrent Process Non-Strong References 6.150ms
[65.137s][info][gc,phases   ] GC(275) Concurrent Reset Relocation Set 0.043ms
[65.145s][info][gc,phases   ] GC(275) Concurrent Select Relocation Set 8.614ms
[65.145s][info][gc,phases   ] GC(275) Pause Relocate Start 0.009ms
[65.155s][info][gc,phases   ] GC(275) Concurrent Relocate 9.306ms
[65.155s][info][gc,load     ] GC(275) Load: 0.00/0.00/0.00
[65.155s][info][gc,mmu      ] GC(275) MMU: 2ms/98.1%, 5ms/99.2%, 10ms/99.5%, 20ms/99.8%, 50ms/99.9%, 100ms/99.9%
[65.155s][info][gc,marking  ] GC(275) Mark: 2 stripe(s), 2 proactive flush(es), 1 terminate flush(es), 0 completion(s), 0 continuation(s) 
[65.155s][info][gc,marking  ] GC(275) Mark Stack Usage: 32M
[65.155s][info][gc,nmethod  ] GC(275) NMethods: 3861 registered, 945 unregistered
[65.156s][info][gc,metaspace] GC(275) Metaspace: 71M used, 71M committed, 1088M reserved
[65.156s][info][gc,ref      ] GC(275) Soft: 3829 encountered, 0 discovered, 0 enqueued
[65.156s][info][gc,ref      ] GC(275) Weak: 10857 encountered, 994 discovered, 0 enqueued
[65.156s][info][gc,ref      ] GC(275) Final: 289 encountered, 27 discovered, 0 enqueued
[65.156s][info][gc,ref      ] GC(275) Phantom: 425 encountered, 275 discovered, 0 enqueued
[65.156s][info][gc,reloc    ] GC(275) Small Pages: 507 / 1014M, Empty: 656M, Relocated: 6M, In-Place: 0
[65.156s][info][gc,reloc    ] GC(275) Medium Pages: 0 / 0M, Empty: 0M, Relocated: 0M, In-Place: 0
[65.156s][info][gc,reloc    ] GC(275) Large Pages: 0 / 0M, Empty: 0M, Relocated: 0M, In-Place: 0
[65.156s][info][gc,reloc    ] GC(275) Forwarding Usage: 2M
[65.156s][info][gc,heap     ] GC(275) Min Capacity: 8M(0%)
[65.156s][info][gc,heap     ] GC(275) Max Capacity: 2048M(100%)
[65.156s][info][gc,heap     ] GC(275) Soft Max Capacity: 2048M(100%)
[65.156s][info][gc,heap     ] GC(275)                Mark Start          Mark End        Relocate Start      Relocate End           High               Low         
[65.156s][info][gc,heap     ] GC(275)  Capacity:     2048M (100%)       2048M (100%)       2048M (100%)       2048M (100%)       2048M (100%)       2048M (100%)   
[65.156s][info][gc,heap     ] GC(275)      Free:     1034M (50%)         686M (33%)        1264M (62%)        1530M (75%)        1550M (76%)         650M (32%)    
[65.156s][info][gc,heap     ] GC(275)      Used:     1014M (50%)        1362M (67%)         784M (38%)         518M (25%)        1398M (68%)         498M (24%)    
[65.156s][info][gc,heap     ] GC(275)      Live:         -                51M (3%)           51M (3%)           51M (3%)             -                  -          
[65.156s][info][gc,heap     ] GC(275) Allocated:         -               348M (17%)         426M (21%)         452M (22%)            -                  -          
[65.156s][info][gc,heap     ] GC(275)   Garbage:         -               962M (47%)         306M (15%)          13M (1%)             -                  -          
[65.156s][info][gc,heap     ] GC(275) Reclaimed:         -                  -               656M (32%)         948M (46%)            -                  -          
[65.156s][info][gc          ] GC(275) Garbage Collection (Allocation Rate) 1014M(50%)->518M(25%)
[65.255s][info][gc,start    ] GC(276) Garbage Collection (Allocation Rate)
[65.255s][info][gc,task     ] GC(276) Using 3 workers
[65.255s][info][gc,phases   ] GC(276) Pause Mark Start 0.010ms
[65.310s][info][gc,phases   ] GC(276) Concurrent Mark 55.192ms
[65.311s][info][gc,phases   ] GC(276) Pause Mark End 0.025ms
[65.311s][info][gc,phases   ] GC(276) Concurrent Mark Free 0.001ms
[65.316s][info][gc,phases   ] GC(276) Concurrent Process Non-Strong References 5.308ms
[65.316s][info][gc,phases   ] GC(276) Concurrent Reset Relocation Set 0.044ms
[65.325s][info][gc,phases   ] GC(276) Concurrent Select Relocation Set 8.435ms
[65.325s][info][gc,phases   ] GC(276) Pause Relocate Start 0.008ms
[65.334s][info][gc,phases   ] GC(276) Concurrent Relocate 9.171ms
[65.335s][info][gc,load     ] GC(276) Load: 0.00/0.00/0.00
[65.335s][info][gc,mmu      ] GC(276) MMU: 2ms/98.1%, 5ms/99.2%, 10ms/99.5%, 20ms/99.8%, 50ms/99.9%, 100ms/99.9%
[65.335s][info][gc,marking  ] GC(276) Mark: 2 stripe(s), 2 proactive flush(es), 1 terminate flush(es), 0 completion(s), 0 continuation(s) 
[65.335s][info][gc,marking  ] GC(276) Mark Stack Usage: 32M
[65.335s][info][gc,nmethod  ] GC(276) NMethods: 3861 registered, 946 unregistered
[65.335s][info][gc,metaspace] GC(276) Metaspace: 71M used, 71M committed, 1088M reserved
[65.335s][info][gc,ref      ] GC(276) Soft: 3829 encountered, 0 discovered, 0 enqueued
[65.335s][info][gc,ref      ] GC(276) Weak: 10857 encountered, 1092 discovered, 0 enqueued
[65.335s][info][gc,ref      ] GC(276) Final: 289 encountered, 21 discovered, 0 enqueued
[65.335s][info][gc,ref      ] GC(276) Phantom: 425 encountered, 197 discovered, 0 enqueued
[65.335s][info][gc,reloc    ] GC(276) Small Pages: 505 / 1010M, Empty: 608M, Relocated: 6M, In-Place: 0
[65.335s][info][gc,reloc    ] GC(276) Medium Pages: 0 / 0M, Empty: 0M, Relocated: 0M, In-Place: 0
[65.335s][info][gc,reloc    ] GC(276) Large Pages: 0 / 0M, Empty: 0M, Relocated: 0M, In-Place: 0
[65.335s][info][gc,reloc    ] GC(276) Forwarding Usage: 2M
[65.335s][info][gc,heap     ] GC(276) Min Capacity: 8M(0%)
[65.335s][info][gc,heap     ] GC(276) Max Capacity: 2048M(100%)
[65.335s][info][gc,heap     ] GC(276) Soft Max Capacity: 2048M(100%)
[65.335s][info][gc,heap     ] GC(276)                Mark Start          Mark End        Relocate Start      Relocate End           High               Low         
[65.335s][info][gc,heap     ] GC(276)  Capacity:     2048M (100%)       2048M (100%)       2048M (100%)       2048M (100%)       2048M (100%)       2048M (100%)   
[65.335s][info][gc,heap     ] GC(276)      Free:     1038M (51%)         766M (37%)        1306M (64%)        1620M (79%)        1632M (80%)         740M (36%)    
[65.335s][info][gc,heap     ] GC(276)      Used:     1010M (49%)        1282M (63%)         742M (36%)         428M (21%)        1308M (64%)         416M (20%)    
[65.335s][info][gc,heap     ] GC(276)      Live:         -                52M (3%)           52M (3%)           52M (3%)             -                  -          
[65.335s][info][gc,heap     ] GC(276) Allocated:         -               272M (13%)         340M (17%)         364M (18%)            -                  -          
[65.335s][info][gc,heap     ] GC(276)   Garbage:         -               957M (47%)         349M (17%)          11M (1%)             -                  -          
[65.335s][info][gc,heap     ] GC(276) Reclaimed:         -                  -               608M (30%)         946M (46%)            -                  -          
[65.335s][info][gc          ] GC(276) Garbage Collection (Allocation Rate) 1010M(49%)->428M(21%)
[65.454s][info][gc,start    ] GC(277) Garbage Collection (Allocation Rate)
[65.454s][info][gc,task     ] GC(277) Using 3 workers
[65.454s][info][gc,phases   ] GC(277) Pause Mark Start 0.012ms
[65.525s][info][gc,phases   ] GC(277) Concurrent Mark 70.236ms
[65.525s][info][gc,phases   ] GC(277) Pause Mark End 0.022ms
[65.526s][info][gc,phases   ] GC(277) Concurrent Mark Free 0.002ms
[65.532s][info][gc,phases   ] GC(277) Concurrent Process Non-Strong References 5.427ms
[65.532s][info][gc,phases   ] GC(277) Concurrent Reset Relocation Set 0.050ms
[65.537s][info][gc,phases   ] GC(277) Concurrent Select Relocation Set 5.235ms
[65.537s][info][gc,phases   ] GC(277) Pause Relocate Start 0.009ms
[65.546s][info][gc,phases   ] GC(277) Concurrent Relocate 8.632ms
[65.547s][info][gc,load     ] GC(277) Load: 0.00/0.00/0.00
[65.547s][info][gc,mmu      ] GC(277) MMU: 2ms/98.1%, 5ms/99.2%, 10ms/99.5%, 20ms/99.8%, 50ms/99.9%, 100ms/99.9%
[65.547s][info][gc,marking  ] GC(277) Mark: 2 stripe(s), 2 proactive flush(es), 1 terminate flush(es), 0 completion(s), 0 continuation(s) 
[65.547s][info][gc,marking  ] GC(277) Mark Stack Usage: 32M
[65.547s][info][gc,nmethod  ] GC(277) NMethods: 3861 registered, 946 unregistered
[65.547s][info][gc,metaspace] GC(277) Metaspace: 71M used, 71M committed, 1088M reserved
[65.547s][info][gc,ref      ] GC(277) Soft: 3829 encountered, 0 discovered, 0 enqueued
[65.547s][info][gc,ref      ] GC(277) Weak: 10857 encountered, 1287 discovered, 0 enqueued
[65.547s][info][gc,ref      ] GC(277) Final: 289 encountered, 10 discovered, 0 enqueued
[65.547s][info][gc,ref      ] GC(277) Phantom: 425 encountered, 241 discovered, 0 enqueued
[65.547s][info][gc,reloc    ] GC(277) Small Pages: 513 / 1026M, Empty: 636M, Relocated: 6M, In-Place: 0
[65.547s][info][gc,reloc    ] GC(277) Medium Pages: 0 / 0M, Empty: 0M, Relocated: 0M, In-Place: 0
[65.547s][info][gc,reloc    ] GC(277) Large Pages: 0 / 0M, Empty: 0M, Relocated: 0M, In-Place: 0
[65.547s][info][gc,reloc    ] GC(277) Forwarding Usage: 2M
[65.547s][info][gc,heap     ] GC(277) Min Capacity: 8M(0%)
[65.547s][info][gc,heap     ] GC(277) Max Capacity: 2048M(100%)
[65.547s][info][gc,heap     ] GC(277) Soft Max Capacity: 2048M(100%)
[65.547s][info][gc,heap     ] GC(277)                Mark Start          Mark End        Relocate Start      Relocate End           High               Low         
[65.547s][info][gc,heap     ] GC(277)  Capacity:     2048M (100%)       2048M (100%)       2048M (100%)       2048M (100%)       2048M (100%)       2048M (100%)   
[65.547s][info][gc,heap     ] GC(277)      Free:     1022M (50%)         684M (33%)        1262M (62%)        1564M (76%)        1580M (77%)         652M (32%)    
[65.547s][info][gc,heap     ] GC(277)      Used:     1026M (50%)        1364M (67%)         786M (38%)         484M (24%)        1396M (68%)         468M (23%)    
[65.547s][info][gc,heap     ] GC(277)      Live:         -                52M (3%)           52M (3%)           52M (3%)             -                  -          
[65.547s][info][gc,heap     ] GC(277) Allocated:         -               338M (17%)         396M (19%)         418M (20%)            -                  -          
[65.547s][info][gc,heap     ] GC(277)   Garbage:         -               973M (48%)         337M (17%)          13M (1%)             -                  -          
[65.547s][info][gc,heap     ] GC(277) Reclaimed:         -                  -               636M (31%)         960M (47%)            -                  -          
[65.547s][info][gc          ] GC(277) Garbage Collection (Allocation Rate) 1026M(50%)->484M(24%)
[65.654s][info][gc,start    ] GC(278) Garbage Collection (Allocation Rate)
[65.654s][info][gc,task     ] GC(278) Using 3 workers
[65.654s][info][gc,phases   ] GC(278) Pause Mark Start 0.010ms
[65.709s][info][gc,phases   ] GC(278) Concurrent Mark 54.417ms
[65.709s][info][gc,phases   ] GC(278) Pause Mark End 0.025ms
[65.711s][info][gc,phases   ] GC(278) Concurrent Mark Free 0.002ms
[65.717s][info][gc,phases   ] GC(278) Concurrent Process Non-Strong References 6.283ms
[65.717s][info][gc,phases   ] GC(278) Concurrent Reset Relocation Set 0.057ms
[65.724s][info][gc,phases   ] GC(278) Concurrent Select Relocation Set 6.456ms
[65.724s][info][gc,phases   ] GC(278) Pause Relocate Start 0.008ms
[65.731s][info][gc,phases   ] GC(278) Concurrent Relocate 7.039ms
[65.731s][info][gc,load     ] GC(278) Load: 0.00/0.00/0.00
[65.731s][info][gc,mmu      ] GC(278) MMU: 2ms/98.1%, 5ms/99.2%, 10ms/99.5%, 20ms/99.8%, 50ms/99.9%, 100ms/99.9%
[65.731s][info][gc,marking  ] GC(278) Mark: 2 stripe(s), 2 proactive flush(es), 1 terminate flush(es), 0 completion(s), 0 continuation(s) 
[65.731s][info][gc,marking  ] GC(278) Mark Stack Usage: 32M
[65.732s][info][gc,nmethod  ] GC(278) NMethods: 3861 registered, 946 unregistered
[65.732s][info][gc,metaspace] GC(278) Metaspace: 71M used, 71M committed, 1088M reserved
[65.732s][info][gc,ref      ] GC(278) Soft: 3829 encountered, 0 discovered, 0 enqueued
[65.732s][info][gc,ref      ] GC(278) Weak: 10857 encountered, 1715 discovered, 0 enqueued
[65.732s][info][gc,ref      ] GC(278) Final: 289 encountered, 29 discovered, 0 enqueued
[65.732s][info][gc,ref      ] GC(278) Phantom: 425 encountered, 310 discovered, 0 enqueued
[65.732s][info][gc,reloc    ] GC(278) Small Pages: 510 / 1020M, Empty: 654M, Relocated: 6M, In-Place: 0
[65.732s][info][gc,reloc    ] GC(278) Medium Pages: 0 / 0M, Empty: 0M, Relocated: 0M, In-Place: 0
[65.732s][info][gc,reloc    ] GC(278) Large Pages: 0 / 0M, Empty: 0M, Relocated: 0M, In-Place: 0
[65.732s][info][gc,reloc    ] GC(278) Forwarding Usage: 2M
[65.732s][info][gc,heap     ] GC(278) Min Capacity: 8M(0%)
[65.732s][info][gc,heap     ] GC(278) Max Capacity: 2048M(100%)
[65.732s][info][gc,heap     ] GC(278) Soft Max Capacity: 2048M(100%)
[65.732s][info][gc,heap     ] GC(278)                Mark Start          Mark End        Relocate Start      Relocate End           High               Low         
[65.732s][info][gc,heap     ] GC(278)  Capacity:     2048M (100%)       2048M (100%)       2048M (100%)       2048M (100%)       2048M (100%)       2048M (100%)   
[65.732s][info][gc,heap     ] GC(278)      Free:     1028M (50%)         766M (37%)        1352M (66%)        1638M (80%)        1644M (80%)         728M (36%)    
[65.732s][info][gc,heap     ] GC(278)      Used:     1020M (50%)        1282M (63%)         696M (34%)         410M (20%)        1320M (64%)         404M (20%)    
[65.732s][info][gc,heap     ] GC(278)      Live:         -                51M (3%)           51M (3%)           51M (3%)             -                  -          
[65.732s][info][gc,heap     ] GC(278) Allocated:         -               262M (13%)         330M (16%)         346M (17%)            -                  -          
[65.732s][info][gc,heap     ] GC(278)   Garbage:         -               968M (47%)         314M (15%)          11M (1%)             -                  -          
[65.732s][info][gc,heap     ] GC(278) Reclaimed:         -                  -               654M (32%)         956M (47%)            -                  -          
[65.732s][info][gc          ] GC(278) Garbage Collection (Allocation Rate) 1020M(50%)->410M(20%)
[65.855s][info][gc,start    ] GC(279) Garbage Collection (Allocation Rate)
[65.855s][info][gc,task     ] GC(279) Using 3 workers
[65.855s][info][gc,phases   ] GC(279) Pause Mark Start 0.010ms
[65.909s][info][gc,phases   ] GC(279) Concurrent Mark 54.312ms
[65.910s][info][gc,phases   ] GC(279) Pause Mark End 0.022ms
[65.912s][info][gc,phases   ] GC(279) Concurrent Mark Free 0.001ms
[65.919s][info][gc,phases   ] GC(279) Concurrent Process Non-Strong References 7.745ms
[65.920s][info][gc,phases   ] GC(279) Concurrent Reset Relocation Set 0.042ms
[65.929s][info][gc,phases   ] GC(279) Concurrent Select Relocation Set 9.693ms
[65.930s][info][gc,phases   ] GC(279) Pause Relocate Start 0.009ms
[65.939s][info][gc,phases   ] GC(279) Concurrent Relocate 8.860ms
[65.939s][info][gc,load     ] GC(279) Load: 0.00/0.00/0.00
[65.939s][info][gc,mmu      ] GC(279) MMU: 2ms/98.1%, 5ms/99.2%, 10ms/99.5%, 20ms/99.8%, 50ms/99.9%, 100ms/99.9%
[65.939s][info][gc,marking  ] GC(279) Mark: 2 stripe(s), 2 proactive flush(es), 1 terminate flush(es), 0 completion(s), 0 continuation(s) 
[65.939s][info][gc,marking  ] GC(279) Mark Stack Usage: 32M
[65.939s][info][gc,nmethod  ] GC(279) NMethods: 3867 registered, 946 unregistered
[65.939s][info][gc,metaspace] GC(279) Metaspace: 71M used, 71M committed, 1088M reserved
[65.939s][info][gc,ref      ] GC(279) Soft: 3829 encountered, 0 discovered, 0 enqueued
[65.939s][info][gc,ref      ] GC(279) Weak: 10857 encountered, 1162 discovered, 0 enqueued
[65.939s][info][gc,ref      ] GC(279) Final: 289 encountered, 25 discovered, 0 enqueued
[65.939s][info][gc,ref      ] GC(279) Phantom: 425 encountered, 260 discovered, 0 enqueued
[65.939s][info][gc,reloc    ] GC(279) Small Pages: 509 / 1018M, Empty: 660M, Relocated: 6M, In-Place: 0
[65.939s][info][gc,reloc    ] GC(279) Medium Pages: 0 / 0M, Empty: 0M, Relocated: 0M, In-Place: 0
[65.939s][info][gc,reloc    ] GC(279) Large Pages: 0 / 0M, Empty: 0M, Relocated: 0M, In-Place: 0
[65.939s][info][gc,reloc    ] GC(279) Forwarding Usage: 2M
[65.939s][info][gc,heap     ] GC(279) Min Capacity: 8M(0%)
[65.939s][info][gc,heap     ] GC(279) Max Capacity: 2048M(100%)
[65.939s][info][gc,heap     ] GC(279) Soft Max Capacity: 2048M(100%)
[65.939s][info][gc,heap     ] GC(279)                Mark Start          Mark End        Relocate Start      Relocate End           High               Low         
[65.939s][info][gc,heap     ] GC(279)  Capacity:     2048M (100%)       2048M (100%)       2048M (100%)       2048M (100%)       2048M (100%)       2048M (100%)   
[65.939s][info][gc,heap     ] GC(279)      Free:     1030M (50%)         766M (37%)        1342M (66%)        1610M (79%)        1624M (79%)         722M (35%)    
[65.939s][info][gc,heap     ] GC(279)      Used:     1018M (50%)        1282M (63%)         706M (34%)         438M (21%)        1326M (65%)         424M (21%)    
[65.939s][info][gc,heap     ] GC(279)      Live:         -                51M (3%)           51M (3%)           51M (3%)             -                  -          
[65.939s][info][gc,heap     ] GC(279) Allocated:         -               264M (13%)         348M (17%)         374M (18%)            -                  -          
[65.939s][info][gc,heap     ] GC(279)   Garbage:         -               966M (47%)         306M (15%)          11M (1%)             -                  -          
[65.939s][info][gc,heap     ] GC(279) Reclaimed:         -                  -               660M (32%)         954M (47%)            -                  -          
[65.939s][info][gc          ] GC(279) Garbage Collection (Allocation Rate) 1018M(50%)->438M(21%)
[66.054s][info][gc,start    ] GC(280) Garbage Collection (Allocation Rate)
[66.054s][info][gc,task     ] GC(280) Using 3 workers
[66.055s][info][gc,phases   ] GC(280) Pause Mark Start 0.011ms
[66.126s][info][gc,phases   ] GC(280) Concurrent Mark 70.809ms
[66.126s][info][gc,phases   ] GC(280) Pause Mark End 0.029ms
[66.127s][info][gc,phases   ] GC(280) Concurrent Mark Free 0.001ms
[66.134s][info][gc,phases   ] GC(280) Concurrent Process Non-Strong References 6.338ms
[66.134s][info][gc,phases   ] GC(280) Concurrent Reset Relocation Set 0.050ms
[66.141s][info][gc,phases   ] GC(280) Concurrent Select Relocation Set 6.647ms
[66.141s][info][gc,phases   ] GC(280) Pause Relocate Start 0.009ms
[66.149s][info][gc,phases   ] GC(280) Concurrent Relocate 7.484ms
[66.149s][info][gc,load     ] GC(280) Load: 0.00/0.00/0.00
[66.149s][info][gc,mmu      ] GC(280) MMU: 2ms/98.1%, 5ms/99.2%, 10ms/99.5%, 20ms/99.8%, 50ms/99.9%, 100ms/99.9%
[66.149s][info][gc,marking  ] GC(280) Mark: 2 stripe(s), 2 proactive flush(es), 1 terminate flush(es), 0 completion(s), 0 continuation(s) 
[66.149s][info][gc,marking  ] GC(280) Mark Stack Usage: 32M
[66.149s][info][gc,nmethod  ] GC(280) NMethods: 3866 registered, 948 unregistered
[66.149s][info][gc,metaspace] GC(280) Metaspace: 71M used, 71M committed, 1088M reserved
[66.149s][info][gc,ref      ] GC(280) Soft: 3829 encountered, 0 discovered, 0 enqueued
[66.149s][info][gc,ref      ] GC(280) Weak: 10857 encountered, 3136 discovered, 0 enqueued
[66.149s][info][gc,ref      ] GC(280) Final: 289 encountered, 33 discovered, 0 enqueued
[66.149s][info][gc,ref      ] GC(280) Phantom: 425 encountered, 272 discovered, 0 enqueued
[66.149s][info][gc,reloc    ] GC(280) Small Pages: 498 / 996M, Empty: 614M, Relocated: 6M, In-Place: 0
[66.149s][info][gc,reloc    ] GC(280) Medium Pages: 0 / 0M, Empty: 0M, Relocated: 0M, In-Place: 0
[66.149s][info][gc,reloc    ] GC(280) Large Pages: 0 / 0M, Empty: 0M, Relocated: 0M, In-Place: 0
[66.149s][info][gc,reloc    ] GC(280) Forwarding Usage: 2M
[66.149s][info][gc,heap     ] GC(280) Min Capacity: 8M(0%)
[66.149s][info][gc,heap     ] GC(280) Max Capacity: 2048M(100%)
[66.149s][info][gc,heap     ] GC(280) Soft Max Capacity: 2048M(100%)
[66.149s][info][gc,heap     ] GC(280)                Mark Start          Mark End        Relocate Start      Relocate End           High               Low         
[66.149s][info][gc,heap     ] GC(280)  Capacity:     2048M (100%)       2048M (100%)       2048M (100%)       2048M (100%)       2048M (100%)       2048M (100%)   
[66.149s][info][gc,heap     ] GC(280)      Free:     1052M (51%)         716M (35%)        1260M (62%)        1558M (76%)        1566M (76%)         678M (33%)    
[66.149s][info][gc,heap     ] GC(280)      Used:      996M (49%)        1332M (65%)         788M (38%)         490M (24%)        1370M (67%)         482M (24%)    
[66.149s][info][gc,heap     ] GC(280)      Live:         -                51M (3%)           51M (3%)           51M (3%)             -                  -          
[66.149s][info][gc,heap     ] GC(280) Allocated:         -               336M (16%)         406M (20%)         426M (21%)            -                  -          
[66.149s][info][gc,heap     ] GC(280)   Garbage:         -               944M (46%)         330M (16%)          11M (1%)             -                  -          
[66.149s][info][gc,heap     ] GC(280) Reclaimed:         -                  -               614M (30%)         932M (46%)            -                  -          
[66.150s][info][gc          ] GC(280) Garbage Collection (Allocation Rate) 996M(49%)->490M(24%)
[66.254s][info][gc,start    ] GC(281) Garbage Collection (Allocation Rate)
[66.254s][info][gc,task     ] GC(281) Using 3 workers
[66.254s][info][gc,phases   ] GC(281) Pause Mark Start 0.011ms
[66.310s][info][gc,phases   ] GC(281) Concurrent Mark 55.255ms
[66.310s][info][gc,phases   ] GC(281) Pause Mark End 0.023ms
[66.312s][info][gc,phases   ] GC(281) Concurrent Mark Free 0.001ms
[66.318s][info][gc,phases   ] GC(281) Concurrent Process Non-Strong References 5.798ms
[66.318s][info][gc,phases   ] GC(281) Concurrent Reset Relocation Set 0.045ms
[66.324s][info][gc,phases   ] GC(281) Concurrent Select Relocation Set 6.636ms
[66.325s][info][gc,phases   ] GC(281) Pause Relocate Start 0.009ms
[66.332s][info][gc,phases   ] GC(281) Concurrent Relocate 7.204ms
[66.332s][info][gc,load     ] GC(281) Load: 0.00/0.00/0.00
[66.332s][info][gc,mmu      ] GC(281) MMU: 2ms/98.1%, 5ms/99.2%, 10ms/99.5%, 20ms/99.8%, 50ms/99.9%, 100ms/99.9%
[66.332s][info][gc,marking  ] GC(281) Mark: 2 stripe(s), 2 proactive flush(es), 1 terminate flush(es), 0 completion(s), 0 continuation(s) 
[66.333s][info][gc,marking  ] GC(281) Mark Stack Usage: 32M
[66.333s][info][gc,nmethod  ] GC(281) NMethods: 3866 registered, 948 unregistered
[66.333s][info][gc,metaspace] GC(281) Metaspace: 71M used, 71M committed, 1088M reserved
[66.333s][info][gc,ref      ] GC(281) Soft: 3829 encountered, 0 discovered, 0 enqueued
[66.333s][info][gc,ref      ] GC(281) Weak: 10857 encountered, 1110 discovered, 0 enqueued
[66.333s][info][gc,ref      ] GC(281) Final: 289 encountered, 48 discovered, 0 enqueued
[66.333s][info][gc,ref      ] GC(281) Phantom: 425 encountered, 289 discovered, 0 enqueued
[66.333s][info][gc,reloc    ] GC(281) Small Pages: 506 / 1012M, Empty: 604M, Relocated: 6M, In-Place: 0
[66.333s][info][gc,reloc    ] GC(281) Medium Pages: 0 / 0M, Empty: 0M, Relocated: 0M, In-Place: 0
[66.333s][info][gc,reloc    ] GC(281) Large Pages: 0 / 0M, Empty: 0M, Relocated: 0M, In-Place: 0
[66.333s][info][gc,reloc    ] GC(281) Forwarding Usage: 2M
[66.333s][info][gc,heap     ] GC(281) Min Capacity: 8M(0%)
[66.333s][info][gc,heap     ] GC(281) Max Capacity: 2048M(100%)
[66.333s][info][gc,heap     ] GC(281) Soft Max Capacity: 2048M(100%)
[66.333s][info][gc,heap     ] GC(281)                Mark Start          Mark End        Relocate Start      Relocate End           High               Low         
[66.333s][info][gc,heap     ] GC(281)  Capacity:     2048M (100%)       2048M (100%)       2048M (100%)       2048M (100%)       2048M (100%)       2048M (100%)   
[66.333s][info][gc,heap     ] GC(281)      Free:     1036M (51%)         770M (38%)        1306M (64%)        1634M (80%)        1636M (80%)         732M (36%)    
[66.333s][info][gc,heap     ] GC(281)      Used:     1012M (49%)        1278M (62%)         742M (36%)         414M (20%)        1316M (64%)         412M (20%)    
[66.333s][info][gc,heap     ] GC(281)      Live:         -                51M (3%)           51M (3%)           51M (3%)             -                  -          
[66.333s][info][gc,heap     ] GC(281) Allocated:         -               266M (13%)         334M (16%)         350M (17%)            -                  -          
[66.333s][info][gc,heap     ] GC(281)   Garbage:         -               960M (47%)         356M (17%)          11M (1%)             -                  -          
[66.333s][info][gc,heap     ] GC(281) Reclaimed:         -                  -               604M (29%)         948M (46%)            -                  -          
[66.333s][info][gc          ] GC(281) Garbage Collection (Allocation Rate) 1012M(49%)->414M(20%)
[66.455s][info][gc,start    ] GC(282) Garbage Collection (Allocation Rate)
[66.455s][info][gc,task     ] GC(282) Using 3 workers
[66.455s][info][gc,phases   ] GC(282) Pause Mark Start 0.013ms
[66.522s][info][gc,phases   ] GC(282) Concurrent Mark 67.208ms
[66.523s][info][gc,phases   ] GC(282) Pause Mark End 0.036ms
[66.526s][info][gc,phases   ] GC(282) Concurrent Mark Free 0.002ms
[66.532s][info][gc,phases   ] GC(282) Concurrent Process Non-Strong References 6.033ms
[66.532s][info][gc,phases   ] GC(282) Concurrent Reset Relocation Set 0.049ms
[66.537s][info][gc,phases   ] GC(282) Concurrent Select Relocation Set 4.813ms
[66.537s][info][gc,phases   ] GC(282) Pause Relocate Start 0.009ms
[66.546s][info][gc,phases   ] GC(282) Concurrent Relocate 8.121ms
[66.546s][info][gc,load     ] GC(282) Load: 0.00/0.00/0.00
[66.546s][info][gc,mmu      ] GC(282) MMU: 2ms/98.1%, 5ms/99.2%, 10ms/99.5%, 20ms/99.8%, 50ms/99.9%, 100ms/99.9%
[66.546s][info][gc,marking  ] GC(282) Mark: 2 stripe(s), 2 proactive flush(es), 1 terminate flush(es), 0 completion(s), 0 continuation(s) 
[66.547s][info][gc,marking  ] GC(282) Mark Stack Usage: 32M
[66.547s][info][gc,nmethod  ] GC(282) NMethods: 3866 registered, 948 unregistered
[66.547s][info][gc,metaspace] GC(282) Metaspace: 71M used, 71M committed, 1088M reserved
[66.547s][info][gc,ref      ] GC(282) Soft: 3829 encountered, 0 discovered, 0 enqueued
[66.547s][info][gc,ref      ] GC(282) Weak: 10857 encountered, 1178 discovered, 0 enqueued
[66.547s][info][gc,ref      ] GC(282) Final: 289 encountered, 32 discovered, 0 enqueued
[66.547s][info][gc,ref      ] GC(282) Phantom: 425 encountered, 280 discovered, 0 enqueued
[66.547s][info][gc,reloc    ] GC(282) Small Pages: 505 / 1010M, Empty: 626M, Relocated: 6M, In-Place: 0
[66.547s][info][gc,reloc    ] GC(282) Medium Pages: 0 / 0M, Empty: 0M, Relocated: 0M, In-Place: 0
[66.547s][info][gc,reloc    ] GC(282) Large Pages: 0 / 0M, Empty: 0M, Relocated: 0M, In-Place: 0
[66.547s][info][gc,reloc    ] GC(282) Forwarding Usage: 1M
[66.547s][info][gc,heap     ] GC(282) Min Capacity: 8M(0%)
[66.547s][info][gc,heap     ] GC(282) Max Capacity: 2048M(100%)
[66.547s][info][gc,heap     ] GC(282) Soft Max Capacity: 2048M(100%)
[66.547s][info][gc,heap     ] GC(282)                Mark Start          Mark End        Relocate Start      Relocate End           High               Low         
[66.547s][info][gc,heap     ] GC(282)  Capacity:     2048M (100%)       2048M (100%)       2048M (100%)       2048M (100%)       2048M (100%)       2048M (100%)   
[66.547s][info][gc,heap     ] GC(282)      Free:     1038M (51%)         746M (36%)        1312M (64%)        1608M (79%)        1616M (79%)         706M (34%)    
[66.547s][info][gc,heap     ] GC(282)      Used:     1010M (49%)        1302M (64%)         736M (36%)         440M (21%)        1342M (66%)         432M (21%)    
[66.547s][info][gc,heap     ] GC(282)      Live:         -                51M (3%)           51M (3%)           51M (3%)             -                  -          
[66.547s][info][gc,heap     ] GC(282) Allocated:         -               292M (14%)         352M (17%)         376M (18%)            -                  -          
[66.547s][info][gc,heap     ] GC(282)   Garbage:         -               958M (47%)         332M (16%)          11M (1%)             -                  -          
[66.547s][info][gc,heap     ] GC(282) Reclaimed:         -                  -               626M (31%)         946M (46%)            -                  -          
[66.547s][info][gc          ] GC(282) Garbage Collection (Allocation Rate) 1010M(49%)->440M(21%)
[66.654s][info][gc,start    ] GC(283) Garbage Collection (Allocation Rate)
[66.654s][info][gc,task     ] GC(283) Using 3 workers
[66.655s][info][gc,phases   ] GC(283) Pause Mark Start 0.010ms
[66.714s][info][gc,phases   ] GC(283) Concurrent Mark 59.000ms
[66.714s][info][gc,phases   ] GC(283) Pause Mark End 0.025ms
[66.716s][info][gc,phases   ] GC(283) Concurrent Mark Free 0.001ms
[66.722s][info][gc,phases   ] GC(283) Concurrent Process Non-Strong References 5.534ms
[66.722s][info][gc,phases   ] GC(283) Concurrent Reset Relocation Set 0.048ms
[66.730s][info][gc,phases   ] GC(283) Concurrent Select Relocation Set 7.822ms
[66.730s][info][gc,phases   ] GC(283) Pause Relocate Start 0.008ms
[66.740s][info][gc,phases   ] GC(283) Concurrent Relocate 9.514ms
[66.740s][info][gc,load     ] GC(283) Load: 0.00/0.00/0.00
[66.740s][info][gc,mmu      ] GC(283) MMU: 2ms/98.1%, 5ms/99.2%, 10ms/99.5%, 20ms/99.8%, 50ms/99.9%, 100ms/99.9%
[66.740s][info][gc,marking  ] GC(283) Mark: 2 stripe(s), 3 proactive flush(es), 1 terminate flush(es), 0 completion(s), 0 continuation(s) 
[66.740s][info][gc,marking  ] GC(283) Mark Stack Usage: 32M
[66.740s][info][gc,nmethod  ] GC(283) NMethods: 3866 registered, 948 unregistered
[66.740s][info][gc,metaspace] GC(283) Metaspace: 71M used, 71M committed, 1088M reserved
[66.740s][info][gc,ref      ] GC(283) Soft: 3829 encountered, 0 discovered, 0 enqueued
[66.740s][info][gc,ref      ] GC(283) Weak: 10857 encountered, 1573 discovered, 0 enqueued
[66.740s][info][gc,ref      ] GC(283) Final: 289 encountered, 31 discovered, 0 enqueued
[66.740s][info][gc,ref      ] GC(283) Phantom: 425 encountered, 288 discovered, 0 enqueued
[66.740s][info][gc,reloc    ] GC(283) Small Pages: 486 / 972M, Empty: 588M, Relocated: 6M, In-Place: 0
[66.740s][info][gc,reloc    ] GC(283) Medium Pages: 0 / 0M, Empty: 0M, Relocated: 0M, In-Place: 0
[66.740s][info][gc,reloc    ] GC(283) Large Pages: 0 / 0M, Empty: 0M, Relocated: 0M, In-Place: 0
[66.740s][info][gc,reloc    ] GC(283) Forwarding Usage: 2M
[66.740s][info][gc,heap     ] GC(283) Min Capacity: 8M(0%)
[66.740s][info][gc,heap     ] GC(283) Max Capacity: 2048M(100%)
[66.740s][info][gc,heap     ] GC(283) Soft Max Capacity: 2048M(100%)
[66.740s][info][gc,heap     ] GC(283)                Mark Start          Mark End        Relocate Start      Relocate End           High               Low         
[66.740s][info][gc,heap     ] GC(283)  Capacity:     2048M (100%)       2048M (100%)       2048M (100%)       2048M (100%)       2048M (100%)       2048M (100%)   
[66.740s][info][gc,heap     ] GC(283)      Free:     1076M (53%)         790M (39%)        1304M (64%)        1596M (78%)        1610M (79%)         756M (37%)    
[66.740s][info][gc,heap     ] GC(283)      Used:      972M (47%)        1258M (61%)         744M (36%)         452M (22%)        1292M (63%)         438M (21%)    
[66.740s][info][gc,heap     ] GC(283)      Live:         -                51M (3%)           51M (3%)           51M (3%)             -                  -          
[66.740s][info][gc,heap     ] GC(283) Allocated:         -               286M (14%)         360M (18%)         386M (19%)            -                  -          
[66.740s][info][gc,heap     ] GC(283)   Garbage:         -               920M (45%)         332M (16%)          13M (1%)             -                  -          
[66.740s][info][gc,heap     ] GC(283) Reclaimed:         -                  -               588M (29%)         906M (44%)            -                  -          
[66.740s][info][gc          ] GC(283) Garbage Collection (Allocation Rate) 972M(47%)->452M(22%)
[66.854s][info][gc,start    ] GC(284) Garbage Collection (Allocation Rate)
[66.854s][info][gc,task     ] GC(284) Using 3 workers
[66.854s][info][gc,phases   ] GC(284) Pause Mark Start 0.011ms
[66.913s][info][gc,phases   ] GC(284) Concurrent Mark 58.264ms
[66.913s][info][gc,phases   ] GC(284) Pause Mark End 0.024ms
[66.915s][info][gc,phases   ] GC(284) Concurrent Mark Free 0.001ms
[66.921s][info][gc,phases   ] GC(284) Concurrent Process Non-Strong References 6.008ms
[66.921s][info][gc,phases   ] GC(284) Concurrent Reset Relocation Set 0.054ms
[66.928s][info][gc,phases   ] GC(284) Concurrent Select Relocation Set 6.526ms
[66.928s][info][gc,phases   ] GC(284) Pause Relocate Start 0.009ms
[66.936s][info][gc,phases   ] GC(284) Concurrent Relocate 7.628ms
[66.936s][info][gc,load     ] GC(284) Load: 0.00/0.00/0.00
[66.936s][info][gc,mmu      ] GC(284) MMU: 2ms/98.1%, 5ms/99.2%, 10ms/99.5%, 20ms/99.8%, 50ms/99.9%, 100ms/99.9%
[66.936s][info][gc,marking  ] GC(284) Mark: 2 stripe(s), 2 proactive flush(es), 1 terminate flush(es), 0 completion(s), 0 continuation(s) 
[66.936s][info][gc,marking  ] GC(284) Mark Stack Usage: 32M
[66.936s][info][gc,nmethod  ] GC(284) NMethods: 3866 registered, 949 unregistered
[66.936s][info][gc,metaspace] GC(284) Metaspace: 71M used, 71M committed, 1088M reserved
[66.936s][info][gc,ref      ] GC(284) Soft: 3829 encountered, 0 discovered, 0 enqueued
[66.936s][info][gc,ref      ] GC(284) Weak: 10857 encountered, 1072 discovered, 0 enqueued
[66.936s][info][gc,ref      ] GC(284) Final: 289 encountered, 36 discovered, 0 enqueued
[66.936s][info][gc,ref      ] GC(284) Phantom: 425 encountered, 279 discovered, 0 enqueued
[66.936s][info][gc,reloc    ] GC(284) Small Pages: 510 / 1020M, Empty: 650M, Relocated: 6M, In-Place: 0
[66.936s][info][gc,reloc    ] GC(284) Medium Pages: 0 / 0M, Empty: 0M, Relocated: 0M, In-Place: 0
[66.936s][info][gc,reloc    ] GC(284) Large Pages: 0 / 0M, Empty: 0M, Relocated: 0M, In-Place: 0
[66.936s][info][gc,reloc    ] GC(284) Forwarding Usage: 1M
[66.936s][info][gc,heap     ] GC(284) Min Capacity: 8M(0%)
[66.936s][info][gc,heap     ] GC(284) Max Capacity: 2048M(100%)
[66.936s][info][gc,heap     ] GC(284) Soft Max Capacity: 2048M(100%)
[66.936s][info][gc,heap     ] GC(284)                Mark Start          Mark End        Relocate Start      Relocate End           High               Low         
[66.936s][info][gc,heap     ] GC(284)  Capacity:     2048M (100%)       2048M (100%)       2048M (100%)       2048M (100%)       2048M (100%)       2048M (100%)   
[66.936s][info][gc,heap     ] GC(284)      Free:     1028M (50%)         742M (36%)        1326M (65%)        1610M (79%)        1622M (79%)         704M (34%)    
[66.936s][info][gc,heap     ] GC(284)      Used:     1020M (50%)        1306M (64%)         722M (35%)         438M (21%)        1344M (66%)         426M (21%)    
[66.936s][info][gc,heap     ] GC(284)      Live:         -                51M (3%)           51M (3%)           51M (3%)             -                  -          
[66.936s][info][gc,heap     ] GC(284) Allocated:         -               286M (14%)         352M (17%)         372M (18%)            -                  -          
[66.936s][info][gc,heap     ] GC(284)   Garbage:         -               968M (47%)         318M (16%)          13M (1%)             -                  -          
[66.936s][info][gc,heap     ] GC(284) Reclaimed:         -                  -               650M (32%)         954M (47%)            -                  -          
[66.936s][info][gc          ] GC(284) Garbage Collection (Allocation Rate) 1020M(50%)->438M(21%)
[67.055s][info][gc,start    ] GC(285) Garbage Collection (Allocation Rate)
[67.055s][info][gc,task     ] GC(285) Using 3 workers
[67.055s][info][gc,phases   ] GC(285) Pause Mark Start 0.012ms
[67.111s][info][gc,phases   ] GC(285) Concurrent Mark 55.213ms
[67.111s][info][gc,phases   ] GC(285) Pause Mark End 0.022ms
[67.112s][info][gc,phases   ] GC(285) Concurrent Mark Free 0.001ms
[67.119s][info][gc,phases   ] GC(285) Concurrent Process Non-Strong References 6.149ms
[67.119s][info][gc,phases   ] GC(285) Concurrent Reset Relocation Set 0.040ms
[67.128s][info][gc,phases   ] GC(285) Concurrent Select Relocation Set 9.489ms
[67.128s][info][gc,phases   ] GC(285) Pause Relocate Start 0.009ms
[67.137s][info][gc,phases   ] GC(285) Concurrent Relocate 7.918ms
[67.137s][info][gc,load     ] GC(285) Load: 0.00/0.00/0.00
[67.137s][info][gc,mmu      ] GC(285) MMU: 2ms/98.1%, 5ms/99.2%, 10ms/99.5%, 20ms/99.8%, 50ms/99.9%, 100ms/99.9%
[67.137s][info][gc,marking  ] GC(285) Mark: 2 stripe(s), 2 proactive flush(es), 1 terminate flush(es), 0 completion(s), 0 continuation(s) 
[67.137s][info][gc,marking  ] GC(285) Mark Stack Usage: 32M
[67.137s][info][gc,nmethod  ] GC(285) NMethods: 3866 registered, 949 unregistered
[67.137s][info][gc,metaspace] GC(285) Metaspace: 71M used, 71M committed, 1088M reserved
[67.137s][info][gc,ref      ] GC(285) Soft: 3829 encountered, 0 discovered, 0 enqueued
[67.137s][info][gc,ref      ] GC(285) Weak: 10857 encountered, 1540 discovered, 0 enqueued
[67.137s][info][gc,ref      ] GC(285) Final: 289 encountered, 41 discovered, 0 enqueued
[67.137s][info][gc,ref      ] GC(285) Phantom: 425 encountered, 308 discovered, 0 enqueued
[67.137s][info][gc,reloc    ] GC(285) Small Pages: 515 / 1030M, Empty: 650M, Relocated: 6M, In-Place: 0
[67.137s][info][gc,reloc    ] GC(285) Medium Pages: 0 / 0M, Empty: 0M, Relocated: 0M, In-Place: 0
[67.137s][info][gc,reloc    ] GC(285) Large Pages: 0 / 0M, Empty: 0M, Relocated: 0M, In-Place: 0
[67.137s][info][gc,reloc    ] GC(285) Forwarding Usage: 1M
[67.137s][info][gc,heap     ] GC(285) Min Capacity: 8M(0%)
[67.137s][info][gc,heap     ] GC(285) Max Capacity: 2048M(100%)
[67.137s][info][gc,heap     ] GC(285) Soft Max Capacity: 2048M(100%)
[67.137s][info][gc,heap     ] GC(285)                Mark Start          Mark End        Relocate Start      Relocate End           High               Low         
[67.137s][info][gc,heap     ] GC(285)  Capacity:     2048M (100%)       2048M (100%)       2048M (100%)       2048M (100%)       2048M (100%)       2048M (100%)   
[67.137s][info][gc,heap     ] GC(285)      Free:     1018M (50%)         758M (37%)        1326M (65%)        1620M (79%)        1632M (80%)         718M (35%)    
[67.137s][info][gc,heap     ] GC(285)      Used:     1030M (50%)        1290M (63%)         722M (35%)         428M (21%)        1330M (65%)         416M (20%)    
[67.137s][info][gc,heap     ] GC(285)      Live:         -                51M (3%)           51M (3%)           51M (3%)             -                  -          
[67.137s][info][gc,heap     ] GC(285) Allocated:         -               260M (13%)         342M (17%)         362M (18%)            -                  -          
[67.137s][info][gc,heap     ] GC(285)   Garbage:         -               978M (48%)         328M (16%)          13M (1%)             -                  -          
[67.137s][info][gc,heap     ] GC(285) Reclaimed:         -                  -               650M (32%)         964M (47%)            -                  -          
[67.137s][info][gc          ] GC(285) Garbage Collection (Allocation Rate) 1030M(50%)->428M(21%)
[67.254s][info][gc,start    ] GC(286) Garbage Collection (Allocation Rate)
[67.254s][info][gc,task     ] GC(286) Using 3 workers
[67.255s][info][gc,phases   ] GC(286) Pause Mark Start 0.010ms
[67.318s][info][gc,phases   ] GC(286) Concurrent Mark 63.200ms
[67.318s][info][gc,phases   ] GC(286) Pause Mark End 0.025ms
[67.319s][info][gc,phases   ] GC(286) Concurrent Mark Free 0.001ms
[67.327s][info][gc,phases   ] GC(286) Concurrent Process Non-Strong References 8.212ms
[67.327s][info][gc,phases   ] GC(286) Concurrent Reset Relocation Set 0.043ms
[67.336s][info][gc,phases   ] GC(286) Concurrent Select Relocation Set 8.393ms
[67.336s][info][gc,phases   ] GC(286) Pause Relocate Start 0.008ms
[67.346s][info][gc,phases   ] GC(286) Concurrent Relocate 9.618ms
[67.346s][info][gc,load     ] GC(286) Load: 0.00/0.00/0.00
[67.346s][info][gc,mmu      ] GC(286) MMU: 2ms/98.1%, 5ms/99.2%, 10ms/99.5%, 20ms/99.8%, 50ms/99.9%, 100ms/99.9%
[67.346s][info][gc,marking  ] GC(286) Mark: 2 stripe(s), 2 proactive flush(es), 1 terminate flush(es), 0 completion(s), 0 continuation(s) 
[67.346s][info][gc,marking  ] GC(286) Mark Stack Usage: 32M
[67.346s][info][gc,nmethod  ] GC(286) NMethods: 3868 registered, 951 unregistered
[67.346s][info][gc,metaspace] GC(286) Metaspace: 71M used, 71M committed, 1088M reserved
[67.346s][info][gc,ref      ] GC(286) Soft: 3829 encountered, 0 discovered, 0 enqueued
[67.346s][info][gc,ref      ] GC(286) Weak: 10872 encountered, 1093 discovered, 0 enqueued
[67.346s][info][gc,ref      ] GC(286) Final: 289 encountered, 28 discovered, 0 enqueued
[67.346s][info][gc,ref      ] GC(286) Phantom: 425 encountered, 314 discovered, 0 enqueued
[67.346s][info][gc,reloc    ] GC(286) Small Pages: 509 / 1018M, Empty: 574M, Relocated: 6M, In-Place: 0
[67.346s][info][gc,reloc    ] GC(286) Medium Pages: 0 / 0M, Empty: 0M, Relocated: 0M, In-Place: 0
[67.346s][info][gc,reloc    ] GC(286) Large Pages: 0 / 0M, Empty: 0M, Relocated: 0M, In-Place: 0
[67.346s][info][gc,reloc    ] GC(286) Forwarding Usage: 2M
[67.346s][info][gc,heap     ] GC(286) Min Capacity: 8M(0%)
[67.346s][info][gc,heap     ] GC(286) Max Capacity: 2048M(100%)
[67.346s][info][gc,heap     ] GC(286) Soft Max Capacity: 2048M(100%)
[67.346s][info][gc,heap     ] GC(286)                Mark Start          Mark End        Relocate Start      Relocate End           High               Low         
[67.346s][info][gc,heap     ] GC(286)  Capacity:     2048M (100%)       2048M (100%)       2048M (100%)       2048M (100%)       2048M (100%)       2048M (100%)   
[67.346s][info][gc,heap     ] GC(286)      Free:     1030M (50%)         724M (35%)        1218M (59%)        1568M (77%)        1586M (77%)         682M (33%)    
[67.346s][info][gc,heap     ] GC(286)      Used:     1018M (50%)        1324M (65%)         830M (41%)         480M (23%)        1366M (67%)         462M (23%)    
[67.346s][info][gc,heap     ] GC(286)      Live:         -                51M (3%)           51M (3%)           51M (3%)             -                  -          
[67.346s][info][gc,heap     ] GC(286) Allocated:         -               306M (15%)         386M (19%)         414M (20%)            -                  -          
[67.346s][info][gc,heap     ] GC(286)   Garbage:         -               966M (47%)         392M (19%)          13M (1%)             -                  -          
[67.346s][info][gc,heap     ] GC(286) Reclaimed:         -                  -               574M (28%)         952M (46%)            -                  -          
[67.346s][info][gc          ] GC(286) Garbage Collection (Allocation Rate) 1018M(50%)->480M(23%)
[67.454s][info][gc,start    ] GC(287) Garbage Collection (Allocation Rate)
[67.454s][info][gc,task     ] GC(287) Using 3 workers
[67.454s][info][gc,phases   ] GC(287) Pause Mark Start 0.013ms
[67.522s][info][gc,phases   ] GC(287) Concurrent Mark 67.224ms
[67.522s][info][gc,phases   ] GC(287) Pause Mark End 0.027ms
[67.524s][info][gc,phases   ] GC(287) Concurrent Mark Free 0.001ms
[67.529s][info][gc,phases   ] GC(287) Concurrent Process Non-Strong References 5.520ms
[67.530s][info][gc,phases   ] GC(287) Concurrent Reset Relocation Set 0.059ms
[67.535s][info][gc,phases   ] GC(287) Concurrent Select Relocation Set 5.292ms
[67.535s][info][gc,phases   ] GC(287) Pause Relocate Start 0.012ms
[67.544s][info][gc,phases   ] GC(287) Concurrent Relocate 9.044ms
[67.545s][info][gc,load     ] GC(287) Load: 0.00/0.00/0.00
[67.545s][info][gc,mmu      ] GC(287) MMU: 2ms/98.1%, 5ms/99.2%, 10ms/99.5%, 20ms/99.8%, 50ms/99.9%, 100ms/99.9%
[67.545s][info][gc,marking  ] GC(287) Mark: 2 stripe(s), 2 proactive flush(es), 1 terminate flush(es), 0 completion(s), 0 continuation(s) 
[67.545s][info][gc,marking  ] GC(287) Mark Stack Usage: 32M
[67.545s][info][gc,nmethod  ] GC(287) NMethods: 3871 registered, 951 unregistered
[67.545s][info][gc,metaspace] GC(287) Metaspace: 71M used, 71M committed, 1088M reserved
[67.545s][info][gc,ref      ] GC(287) Soft: 3829 encountered, 0 discovered, 0 enqueued
[67.545s][info][gc,ref      ] GC(287) Weak: 10871 encountered, 1258 discovered, 0 enqueued
[67.545s][info][gc,ref      ] GC(287) Final: 289 encountered, 25 discovered, 0 enqueued
[67.545s][info][gc,ref      ] GC(287) Phantom: 425 encountered, 302 discovered, 0 enqueued
[67.545s][info][gc,reloc    ] GC(287) Small Pages: 491 / 982M, Empty: 584M, Relocated: 6M, In-Place: 0
[67.545s][info][gc,reloc    ] GC(287) Medium Pages: 0 / 0M, Empty: 0M, Relocated: 0M, In-Place: 0
[67.545s][info][gc,reloc    ] GC(287) Large Pages: 0 / 0M, Empty: 0M, Relocated: 0M, In-Place: 0
[67.545s][info][gc,reloc    ] GC(287) Forwarding Usage: 2M
[67.545s][info][gc,heap     ] GC(287) Min Capacity: 8M(0%)
[67.545s][info][gc,heap     ] GC(287) Max Capacity: 2048M(100%)
[67.545s][info][gc,heap     ] GC(287) Soft Max Capacity: 2048M(100%)
[67.545s][info][gc,heap     ] GC(287)                Mark Start          Mark End        Relocate Start      Relocate End           High               Low         
[67.545s][info][gc,heap     ] GC(287)  Capacity:     2048M (100%)       2048M (100%)       2048M (100%)       2048M (100%)       2048M (100%)       2048M (100%)   
[67.545s][info][gc,heap     ] GC(287)      Free:     1066M (52%)         782M (38%)        1314M (64%)        1624M (79%)        1638M (80%)         752M (37%)    
[67.545s][info][gc,heap     ] GC(287)      Used:      982M (48%)        1266M (62%)         734M (36%)         424M (21%)        1296M (63%)         410M (20%)    
[67.545s][info][gc,heap     ] GC(287)      Live:         -                51M (3%)           51M (3%)           51M (3%)             -                  -          
[67.545s][info][gc,heap     ] GC(287) Allocated:         -               284M (14%)         336M (16%)         358M (17%)            -                  -          
[67.545s][info][gc,heap     ] GC(287)   Garbage:         -               930M (45%)         346M (17%)          13M (1%)             -                  -          
[67.545s][info][gc,heap     ] GC(287) Reclaimed:         -                  -               584M (29%)         916M (45%)            -                  -          
[67.545s][info][gc          ] GC(287) Garbage Collection (Allocation Rate) 982M(48%)->424M(21%)
[67.655s][info][gc,start    ] GC(288) Garbage Collection (Allocation Rate)
[67.655s][info][gc,task     ] GC(288) Using 3 workers
[67.655s][info][gc,phases   ] GC(288) Pause Mark Start 0.011ms
[67.729s][info][gc,phases   ] GC(288) Concurrent Mark 73.358ms
[67.729s][info][gc,phases   ] GC(288) Pause Mark End 0.022ms
[67.729s][info][gc,phases   ] GC(288) Concurrent Mark Free 0.001ms
[67.735s][info][gc,phases   ] GC(288) Concurrent Process Non-Strong References 5.558ms
[67.735s][info][gc,phases   ] GC(288) Concurrent Reset Relocation Set 0.043ms
[67.740s][info][gc,phases   ] GC(288) Concurrent Select Relocation Set 4.913ms
[67.740s][info][gc,phases   ] GC(288) Pause Relocate Start 0.009ms
[67.748s][info][gc,phases   ] GC(288) Concurrent Relocate 7.869ms
[67.748s][info][gc,load     ] GC(288) Load: 0.00/0.00/0.00
[67.748s][info][gc,mmu      ] GC(288) MMU: 2ms/98.1%, 5ms/99.2%, 10ms/99.5%, 20ms/99.8%, 50ms/99.9%, 100ms/99.9%
[67.748s][info][gc,marking  ] GC(288) Mark: 2 stripe(s), 2 proactive flush(es), 1 terminate flush(es), 0 completion(s), 0 continuation(s) 
[67.748s][info][gc,marking  ] GC(288) Mark Stack Usage: 32M
[67.748s][info][gc,nmethod  ] GC(288) NMethods: 3868 registered, 954 unregistered
[67.748s][info][gc,metaspace] GC(288) Metaspace: 71M used, 71M committed, 1088M reserved
[67.748s][info][gc,ref      ] GC(288) Soft: 3829 encountered, 0 discovered, 0 enqueued
[67.748s][info][gc,ref      ] GC(288) Weak: 10693 encountered, 1212 discovered, 37 enqueued
[67.748s][info][gc,ref      ] GC(288) Final: 289 encountered, 29 discovered, 0 enqueued
[67.748s][info][gc,ref      ] GC(288) Phantom: 425 encountered, 271 discovered, 0 enqueued
[67.748s][info][gc,reloc    ] GC(288) Small Pages: 468 / 936M, Empty: 566M, Relocated: 6M, In-Place: 0
[67.748s][info][gc,reloc    ] GC(288) Medium Pages: 0 / 0M, Empty: 0M, Relocated: 0M, In-Place: 0
[67.748s][info][gc,reloc    ] GC(288) Large Pages: 0 / 0M, Empty: 0M, Relocated: 0M, In-Place: 0
[67.748s][info][gc,reloc    ] GC(288) Forwarding Usage: 2M
[67.748s][info][gc,heap     ] GC(288) Min Capacity: 8M(0%)
[67.748s][info][gc,heap     ] GC(288) Max Capacity: 2048M(100%)
[67.748s][info][gc,heap     ] GC(288) Soft Max Capacity: 2048M(100%)
[67.748s][info][gc,heap     ] GC(288)                Mark Start          Mark End        Relocate Start      Relocate End           High               Low         
[67.748s][info][gc,heap     ] GC(288)  Capacity:     2048M (100%)       2048M (100%)       2048M (100%)       2048M (100%)       2048M (100%)       2048M (100%)   
[67.748s][info][gc,heap     ] GC(288)      Free:     1112M (54%)         774M (38%)        1292M (63%)        1574M (77%)        1584M (77%)         748M (37%)    
[67.748s][info][gc,heap     ] GC(288)      Used:      936M (46%)        1274M (62%)         756M (37%)         474M (23%)        1300M (63%)         464M (23%)    
[67.748s][info][gc,heap     ] GC(288)      Live:         -                51M (3%)           51M (3%)           51M (3%)             -                  -          
[67.748s][info][gc,heap     ] GC(288) Allocated:         -               338M (17%)         386M (19%)         406M (20%)            -                  -          
[67.748s][info][gc,heap     ] GC(288)   Garbage:         -               884M (43%)         318M (16%)          15M (1%)             -                  -          
[67.748s][info][gc,heap     ] GC(288) Reclaimed:         -                  -               566M (28%)         868M (42%)            -                  -          
[67.748s][info][gc          ] GC(288) Garbage Collection (Allocation Rate) 936M(46%)->474M(23%)
[67.854s][info][gc,start    ] GC(289) Garbage Collection (Allocation Rate)
[67.854s][info][gc,task     ] GC(289) Using 3 workers
[67.855s][info][gc,phases   ] GC(289) Pause Mark Start 0.010ms
[67.909s][info][gc,phases   ] GC(289) Concurrent Mark 54.388ms
[67.909s][info][gc,phases   ] GC(289) Pause Mark End 0.020ms
[67.910s][info][gc,phases   ] GC(289) Concurrent Mark Free 0.001ms
[67.915s][info][gc,phases   ] GC(289) Concurrent Process Non-Strong References 5.258ms
[67.915s][info][gc,phases   ] GC(289) Concurrent Reset Relocation Set 0.032ms
[67.920s][info][gc,phases   ] GC(289) Concurrent Select Relocation Set 4.762ms
[67.920s][info][gc,phases   ] GC(289) Pause Relocate Start 0.009ms
[67.929s][info][gc,phases   ] GC(289) Concurrent Relocate 8.561ms
[67.929s][info][gc,load     ] GC(289) Load: 0.00/0.00/0.00
[67.929s][info][gc,mmu      ] GC(289) MMU: 2ms/98.1%, 5ms/99.2%, 10ms/99.5%, 20ms/99.8%, 50ms/99.9%, 100ms/99.9%
[67.929s][info][gc,marking  ] GC(289) Mark: 2 stripe(s), 2 proactive flush(es), 1 terminate flush(es), 0 completion(s), 0 continuation(s) 
[67.929s][info][gc,marking  ] GC(289) Mark Stack Usage: 32M
[67.929s][info][gc,nmethod  ] GC(289) NMethods: 3869 registered, 954 unregistered
[67.929s][info][gc,metaspace] GC(289) Metaspace: 71M used, 71M committed, 1088M reserved
[67.929s][info][gc,ref      ] GC(289) Soft: 3829 encountered, 0 discovered, 0 enqueued
[67.929s][info][gc,ref      ] GC(289) Weak: 10532 encountered, 1356 discovered, 30 enqueued
[67.929s][info][gc,ref      ] GC(289) Final: 289 encountered, 33 discovered, 0 enqueued
[67.929s][info][gc,ref      ] GC(289) Phantom: 425 encountered, 222 discovered, 0 enqueued
[67.929s][info][gc,reloc    ] GC(289) Small Pages: 485 / 970M, Empty: 656M, Relocated: 4M, In-Place: 0
[67.929s][info][gc,reloc    ] GC(289) Medium Pages: 0 / 0M, Empty: 0M, Relocated: 0M, In-Place: 0
[67.929s][info][gc,reloc    ] GC(289) Large Pages: 0 / 0M, Empty: 0M, Relocated: 0M, In-Place: 0
[67.929s][info][gc,reloc    ] GC(289) Forwarding Usage: 1M
[67.929s][info][gc,heap     ] GC(289) Min Capacity: 8M(0%)
[67.929s][info][gc,heap     ] GC(289) Max Capacity: 2048M(100%)
[67.929s][info][gc,heap     ] GC(289) Soft Max Capacity: 2048M(100%)
[67.929s][info][gc,heap     ] GC(289)                Mark Start          Mark End        Relocate Start      Relocate End           High               Low         
[67.929s][info][gc,heap     ] GC(289)  Capacity:     2048M (100%)       2048M (100%)       2048M (100%)       2048M (100%)       2048M (100%)       2048M (100%)   
[67.929s][info][gc,heap     ] GC(289)      Free:     1078M (53%)         830M (41%)        1440M (70%)        1664M (81%)        1678M (82%)         806M (39%)    
[67.929s][info][gc,heap     ] GC(289)      Used:      970M (47%)        1218M (59%)         608M (30%)         384M (19%)        1242M (61%)         370M (18%)    
[67.929s][info][gc,heap     ] GC(289)      Live:         -                51M (3%)           51M (3%)           51M (3%)             -                  -          
[67.929s][info][gc,heap     ] GC(289) Allocated:         -               248M (12%)         294M (14%)         318M (16%)            -                  -          
[67.929s][info][gc,heap     ] GC(289)   Garbage:         -               918M (45%)         262M (13%)          13M (1%)             -                  -          
[67.929s][info][gc,heap     ] GC(289) Reclaimed:         -                  -               656M (32%)         904M (44%)            -                  -          
[67.929s][info][gc          ] GC(289) Garbage Collection (Allocation Rate) 970M(47%)->384M(19%)
[68.054s][info][gc,start    ] GC(290) Garbage Collection (Allocation Rate)
[68.054s][info][gc,task     ] GC(290) Using 3 workers
[68.054s][info][gc,phases   ] GC(290) Pause Mark Start 0.011ms
[68.120s][info][gc,phases   ] GC(290) Concurrent Mark 65.450ms
[68.120s][info][gc,phases   ] GC(290) Pause Mark End 0.023ms
[68.120s][info][gc,phases   ] GC(290) Concurrent Mark Free 0.001ms
[68.126s][info][gc,phases   ] GC(290) Concurrent Process Non-Strong References 5.504ms
[68.126s][info][gc,phases   ] GC(290) Concurrent Reset Relocation Set 0.026ms
[68.130s][info][gc,phases   ] GC(290) Concurrent Select Relocation Set 4.355ms
[68.130s][info][gc,phases   ] GC(290) Pause Relocate Start 0.009ms
[68.134s][info][gc,phases   ] GC(290) Concurrent Relocate 3.834ms
[68.134s][info][gc,load     ] GC(290) Load: 0.00/0.00/0.00
[68.134s][info][gc,mmu      ] GC(290) MMU: 2ms/98.1%, 5ms/99.2%, 10ms/99.5%, 20ms/99.8%, 50ms/99.9%, 100ms/99.9%
[68.134s][info][gc,marking  ] GC(290) Mark: 2 stripe(s), 2 proactive flush(es), 1 terminate flush(es), 0 completion(s), 0 continuation(s) 
[68.134s][info][gc,marking  ] GC(290) Mark Stack Usage: 32M
[68.134s][info][gc,nmethod  ] GC(290) NMethods: 3869 registered, 954 unregistered
[68.134s][info][gc,metaspace] GC(290) Metaspace: 71M used, 71M committed, 1088M reserved
[68.134s][info][gc,ref      ] GC(290) Soft: 3829 encountered, 0 discovered, 0 enqueued
[68.134s][info][gc,ref      ] GC(290) Weak: 10275 encountered, 2440 discovered, 54 enqueued
[68.134s][info][gc,ref      ] GC(290) Final: 289 encountered, 15 discovered, 0 enqueued
[68.134s][info][gc,ref      ] GC(290) Phantom: 425 encountered, 279 discovered, 0 enqueued
[68.135s][info][gc,reloc    ] GC(290) Small Pages: 462 / 924M, Empty: 582M, Relocated: 3M, In-Place: 0
[68.135s][info][gc,reloc    ] GC(290) Medium Pages: 0 / 0M, Empty: 0M, Relocated: 0M, In-Place: 0
[68.135s][info][gc,reloc    ] GC(290) Large Pages: 0 / 0M, Empty: 0M, Relocated: 0M, In-Place: 0
[68.135s][info][gc,reloc    ] GC(290) Forwarding Usage: 1M
[68.135s][info][gc,heap     ] GC(290) Min Capacity: 8M(0%)
[68.135s][info][gc,heap     ] GC(290) Max Capacity: 2048M(100%)
[68.135s][info][gc,heap     ] GC(290) Soft Max Capacity: 2048M(100%)
[68.135s][info][gc,heap     ] GC(290)                Mark Start          Mark End        Relocate Start      Relocate End           High               Low         
[68.135s][info][gc,heap     ] GC(290)  Capacity:     2048M (100%)       2048M (100%)       2048M (100%)       2048M (100%)       2048M (100%)       2048M (100%)   
[68.135s][info][gc,heap     ] GC(290)      Free:     1124M (55%)         868M (42%)        1412M (69%)        1684M (82%)        1686M (82%)         846M (41%)    
[68.135s][info][gc,heap     ] GC(290)      Used:      924M (45%)        1180M (58%)         636M (31%)         364M (18%)        1202M (59%)         362M (18%)    
[68.135s][info][gc,heap     ] GC(290)      Live:         -                50M (2%)           50M (2%)           50M (2%)             -                  -          
[68.135s][info][gc,heap     ] GC(290) Allocated:         -               256M (13%)         294M (14%)         297M (15%)            -                  -          
[68.135s][info][gc,heap     ] GC(290)   Garbage:         -               873M (43%)         291M (14%)          16M (1%)             -                  -          
[68.135s][info][gc,heap     ] GC(290) Reclaimed:         -                  -               582M (28%)         857M (42%)            -                  -          
[68.135s][info][gc          ] GC(290) Garbage Collection (Allocation Rate) 924M(45%)->364M(18%)
[68.255s][info][gc,start    ] GC(291) Garbage Collection (Allocation Rate)
[68.255s][info][gc,task     ] GC(291) Using 3 workers
[68.255s][info][gc,phases   ] GC(291) Pause Mark Start 0.010ms
[68.308s][info][gc,phases   ] GC(291) Concurrent Mark 52.529ms
[68.308s][info][gc,phases   ] GC(291) Pause Mark End 0.024ms
[68.308s][info][gc,phases   ] GC(291) Concurrent Mark Free 0.001ms
[68.313s][info][gc,phases   ] GC(291) Concurrent Process Non-Strong References 4.966ms
[68.313s][info][gc,phases   ] GC(291) Concurrent Reset Relocation Set 0.027ms
[68.316s][info][gc,phases   ] GC(291) Concurrent Select Relocation Set 3.451ms
[68.317s][info][gc,phases   ] GC(291) Pause Relocate Start 0.008ms
[68.320s][info][gc,phases   ] GC(291) Concurrent Relocate 3.072ms
[68.320s][info][gc,load     ] GC(291) Load: 0.00/0.00/0.00
[68.320s][info][gc,mmu      ] GC(291) MMU: 2ms/98.1%, 5ms/99.2%, 10ms/99.5%, 20ms/99.8%, 50ms/99.9%, 100ms/99.9%
[68.320s][info][gc,marking  ] GC(291) Mark: 2 stripe(s), 2 proactive flush(es), 1 terminate flush(es), 0 completion(s), 0 continuation(s) 
[68.320s][info][gc,marking  ] GC(291) Mark Stack Usage: 32M
[68.320s][info][gc,nmethod  ] GC(291) NMethods: 3869 registered, 954 unregistered
[68.320s][info][gc,metaspace] GC(291) Metaspace: 71M used, 71M committed, 1088M reserved
[68.320s][info][gc,ref      ] GC(291) Soft: 3829 encountered, 0 discovered, 0 enqueued
[68.320s][info][gc,ref      ] GC(291) Weak: 10145 encountered, 839 discovered, 24 enqueued
[68.320s][info][gc,ref      ] GC(291) Final: 289 encountered, 39 discovered, 0 enqueued
[68.320s][info][gc,ref      ] GC(291) Phantom: 425 encountered, 248 discovered, 0 enqueued
[68.320s][info][gc,reloc    ] GC(291) Small Pages: 413 / 826M, Empty: 598M, Relocated: 3M, In-Place: 0
[68.320s][info][gc,reloc    ] GC(291) Medium Pages: 0 / 0M, Empty: 0M, Relocated: 0M, In-Place: 0
[68.320s][info][gc,reloc    ] GC(291) Large Pages: 0 / 0M, Empty: 0M, Relocated: 0M, In-Place: 0
[68.320s][info][gc,reloc    ] GC(291) Forwarding Usage: 1M
[68.320s][info][gc,heap     ] GC(291) Min Capacity: 8M(0%)
[68.320s][info][gc,heap     ] GC(291) Max Capacity: 2048M(100%)
[68.320s][info][gc,heap     ] GC(291) Soft Max Capacity: 2048M(100%)
[68.320s][info][gc,heap     ] GC(291)                Mark Start          Mark End        Relocate Start      Relocate End           High               Low         
[68.320s][info][gc,heap     ] GC(291)  Capacity:     2048M (100%)       2048M (100%)       2048M (100%)       2048M (100%)       2048M (100%)       2048M (100%)   
[68.320s][info][gc,heap     ] GC(291)      Free:     1222M (60%)        1030M (50%)        1596M (78%)        1758M (86%)        1758M (86%)        1008M (49%)    
[68.320s][info][gc,heap     ] GC(291)      Used:      826M (40%)        1018M (50%)         452M (22%)         290M (14%)        1040M (51%)         290M (14%)    
[68.320s][info][gc,heap     ] GC(291)      Live:         -                50M (2%)           50M (2%)           50M (2%)             -                  -          
[68.320s][info][gc,heap     ] GC(291) Allocated:         -               192M (9%)          224M (11%)         223M (11%)            -                  -          
[68.320s][info][gc,heap     ] GC(291)   Garbage:         -               775M (38%)         177M (9%)           16M (1%)             -                  -          
[68.320s][info][gc,heap     ] GC(291) Reclaimed:         -                  -               598M (29%)         759M (37%)            -                  -          
[68.320s][info][gc          ] GC(291) Garbage Collection (Allocation Rate) 826M(40%)->290M(14%)
[68.454s][info][gc,start    ] GC(292) Garbage Collection (Allocation Rate)
[68.454s][info][gc,task     ] GC(292) Using 2 workers
[68.455s][info][gc,phases   ] GC(292) Pause Mark Start 0.010ms
[68.520s][info][gc,phases   ] GC(292) Concurrent Mark 65.532ms
[68.520s][info][gc,phases   ] GC(292) Pause Mark End 0.020ms
[68.520s][info][gc,phases   ] GC(292) Concurrent Mark Free 0.002ms
[68.528s][info][gc,phases   ] GC(292) Concurrent Process Non-Strong References 7.260ms
[68.528s][info][gc,phases   ] GC(292) Concurrent Reset Relocation Set 0.016ms
[68.533s][info][gc,phases   ] GC(292) Concurrent Select Relocation Set 4.645ms
[68.533s][info][gc,phases   ] GC(292) Pause Relocate Start 0.007ms
[68.544s][info][gc,phases   ] GC(292) Concurrent Relocate 11.101ms
[68.544s][info][gc,load     ] GC(292) Load: 0.00/0.00/0.00
[68.544s][info][gc,mmu      ] GC(292) MMU: 2ms/98.1%, 5ms/99.2%, 10ms/99.5%, 20ms/99.8%, 50ms/99.9%, 100ms/99.9%
[68.544s][info][gc,marking  ] GC(292) Mark: 2 stripe(s), 2 proactive flush(es), 1 terminate flush(es), 0 completion(s), 0 continuation(s) 
[68.544s][info][gc,marking  ] GC(292) Mark Stack Usage: 32M
[68.544s][info][gc,nmethod  ] GC(292) NMethods: 3869 registered, 954 unregistered
[68.544s][info][gc,metaspace] GC(292) Metaspace: 71M used, 71M committed, 1088M reserved
[68.544s][info][gc,ref      ] GC(292) Soft: 3829 encountered, 0 discovered, 0 enqueued
[68.544s][info][gc,ref      ] GC(292) Weak: 9976 encountered, 2316 discovered, 36 enqueued
[68.544s][info][gc,ref      ] GC(292) Final: 289 encountered, 29 discovered, 0 enqueued
[68.544s][info][gc,ref      ] GC(292) Phantom: 425 encountered, 184 discovered, 0 enqueued
[68.544s][info][gc,reloc    ] GC(292) Small Pages: 368 / 736M, Empty: 476M, Relocated: 6M, In-Place: 0
[68.544s][info][gc,reloc    ] GC(292) Medium Pages: 0 / 0M, Empty: 0M, Relocated: 0M, In-Place: 0
[68.544s][info][gc,reloc    ] GC(292) Large Pages: 0 / 0M, Empty: 0M, Relocated: 0M, In-Place: 0
[68.544s][info][gc,reloc    ] GC(292) Forwarding Usage: 2M
[68.544s][info][gc,heap     ] GC(292) Min Capacity: 8M(0%)
[68.544s][info][gc,heap     ] GC(292) Max Capacity: 2048M(100%)
[68.544s][info][gc,heap     ] GC(292) Soft Max Capacity: 2048M(100%)
[68.544s][info][gc,heap     ] GC(292)                Mark Start          Mark End        Relocate Start      Relocate End           High               Low         
[68.544s][info][gc,heap     ] GC(292)  Capacity:     2048M (100%)       2048M (100%)       2048M (100%)       2048M (100%)       2048M (100%)       2048M (100%)   
[68.544s][info][gc,heap     ] GC(292)      Free:     1312M (64%)        1120M (55%)        1564M (76%)        1734M (85%)        1752M (86%)        1100M (54%)    
[68.544s][info][gc,heap     ] GC(292)      Used:      736M (36%)         928M (45%)         484M (24%)         314M (15%)         948M (46%)         296M (14%)    
[68.545s][info][gc,heap     ] GC(292)      Live:         -                50M (2%)           50M (2%)           50M (2%)             -                  -          
[68.545s][info][gc,heap     ] GC(292) Allocated:         -               192M (9%)          224M (11%)         251M (12%)            -                  -          
[68.545s][info][gc,heap     ] GC(292)   Garbage:         -               685M (33%)         209M (10%)          12M (1%)             -                  -          
[68.545s][info][gc,heap     ] GC(292) Reclaimed:         -                  -               476M (23%)         673M (33%)            -                  -          
[68.545s][info][gc          ] GC(292) Garbage Collection (Allocation Rate) 736M(36%)->314M(15%)
[68.654s][info][gc,start    ] GC(293) Garbage Collection (Allocation Rate)
[68.654s][info][gc,task     ] GC(293) Using 2 workers
[68.654s][info][gc,phases   ] GC(293) Pause Mark Start 0.011ms
[68.713s][info][gc,phases   ] GC(293) Concurrent Mark 58.564ms
[68.713s][info][gc,phases   ] GC(293) Pause Mark End 0.021ms
[68.713s][info][gc,phases   ] GC(293) Concurrent Mark Free 0.001ms
[68.719s][info][gc,phases   ] GC(293) Concurrent Process Non-Strong References 5.404ms
[68.719s][info][gc,phases   ] GC(293) Concurrent Reset Relocation Set 0.014ms
[68.722s][info][gc,phases   ] GC(293) Concurrent Select Relocation Set 2.872ms
[68.722s][info][gc,phases   ] GC(293) Pause Relocate Start 0.009ms
[68.725s][info][gc,phases   ] GC(293) Concurrent Relocate 2.814ms
[68.725s][info][gc,load     ] GC(293) Load: 0.00/0.00/0.00
[68.725s][info][gc,mmu      ] GC(293) MMU: 2ms/98.1%, 5ms/99.2%, 10ms/99.5%, 20ms/99.8%, 50ms/99.9%, 100ms/99.9%
[68.725s][info][gc,marking  ] GC(293) Mark: 2 stripe(s), 2 proactive flush(es), 1 terminate flush(es), 0 completion(s), 0 continuation(s) 
[68.725s][info][gc,marking  ] GC(293) Mark Stack Usage: 32M
[68.725s][info][gc,nmethod  ] GC(293) NMethods: 3869 registered, 956 unregistered
[68.725s][info][gc,metaspace] GC(293) Metaspace: 71M used, 71M committed, 1088M reserved
[68.725s][info][gc,ref      ] GC(293) Soft: 3829 encountered, 0 discovered, 0 enqueued
[68.725s][info][gc,ref      ] GC(293) Weak: 9792 encountered, 1199 discovered, 36 enqueued
[68.725s][info][gc,ref      ] GC(293) Final: 289 encountered, 24 discovered, 0 enqueued
[68.725s][info][gc,ref      ] GC(293) Phantom: 425 encountered, 197 discovered, 0 enqueued
[68.725s][info][gc,reloc    ] GC(293) Small Pages: 310 / 620M, Empty: 418M, Relocated: 3M, In-Place: 0
[68.725s][info][gc,reloc    ] GC(293) Medium Pages: 0 / 0M, Empty: 0M, Relocated: 0M, In-Place: 0
[68.725s][info][gc,reloc    ] GC(293) Large Pages: 0 / 0M, Empty: 0M, Relocated: 0M, In-Place: 0
[68.725s][info][gc,reloc    ] GC(293) Forwarding Usage: 0M
[68.725s][info][gc,heap     ] GC(293) Min Capacity: 8M(0%)
[68.725s][info][gc,heap     ] GC(293) Max Capacity: 2048M(100%)
[68.725s][info][gc,heap     ] GC(293) Soft Max Capacity: 2048M(100%)
[68.725s][info][gc,heap     ] GC(293)                Mark Start          Mark End        Relocate Start      Relocate End           High               Low         
[68.725s][info][gc,heap     ] GC(293)  Capacity:     2048M (100%)       2048M (100%)       2048M (100%)       2048M (100%)       2048M (100%)       2048M (100%)   
[68.725s][info][gc,heap     ] GC(293)      Free:     1428M (70%)        1288M (63%)        1688M (82%)        1824M (89%)        1824M (89%)        1276M (62%)    
[68.725s][info][gc,heap     ] GC(293)      Used:      620M (30%)         760M (37%)         360M (18%)         224M (11%)         772M (38%)         224M (11%)    
[68.725s][info][gc,heap     ] GC(293)      Live:         -                49M (2%)           49M (2%)           49M (2%)             -                  -          
[68.725s][info][gc,heap     ] GC(293) Allocated:         -               140M (7%)          158M (8%)          161M (8%)             -                  -          
[68.725s][info][gc,heap     ] GC(293)   Garbage:         -               570M (28%)         152M (7%)           12M (1%)             -                  -          
[68.725s][info][gc,heap     ] GC(293) Reclaimed:         -                  -               418M (20%)         557M (27%)            -                  -          
[68.725s][info][gc          ] GC(293) Garbage Collection (Allocation Rate) 620M(30%)->224M(11%)
[68.855s][info][gc,start    ] GC(294) Garbage Collection (Allocation Rate)
[68.855s][info][gc,task     ] GC(294) Using 2 workers
[68.855s][info][gc,phases   ] GC(294) Pause Mark Start 0.011ms
[68.905s][info][gc,phases   ] GC(294) Concurrent Mark 49.671ms
[68.905s][info][gc,phases   ] GC(294) Pause Mark End 0.020ms
[68.905s][info][gc,phases   ] GC(294) Concurrent Mark Free 0.001ms
[68.909s][info][gc,phases   ] GC(294) Concurrent Process Non-Strong References 4.522ms
[68.909s][info][gc,phases   ] GC(294) Concurrent Reset Relocation Set 0.009ms
[68.912s][info][gc,phases   ] GC(294) Concurrent Select Relocation Set 2.612ms
[68.912s][info][gc,phases   ] GC(294) Pause Relocate Start 0.008ms
[68.915s][info][gc,phases   ] GC(294) Concurrent Relocate 2.395ms
[68.915s][info][gc,load     ] GC(294) Load: 0.00/0.00/0.00
[68.915s][info][gc,mmu      ] GC(294) MMU: 2ms/98.1%, 5ms/99.2%, 10ms/99.5%, 20ms/99.8%, 50ms/99.9%, 100ms/99.9%
[68.915s][info][gc,marking  ] GC(294) Mark: 2 stripe(s), 2 proactive flush(es), 1 terminate flush(es), 0 completion(s), 0 continuation(s) 
[68.915s][info][gc,marking  ] GC(294) Mark Stack Usage: 32M
[68.915s][info][gc,nmethod  ] GC(294) NMethods: 3869 registered, 956 unregistered
[68.915s][info][gc,metaspace] GC(294) Metaspace: 71M used, 71M committed, 1088M reserved
[68.915s][info][gc,ref      ] GC(294) Soft: 3829 encountered, 0 discovered, 0 enqueued
[68.915s][info][gc,ref      ] GC(294) Weak: 9706 encountered, 914 discovered, 13 enqueued
[68.915s][info][gc,ref      ] GC(294) Final: 289 encountered, 23 discovered, 0 enqueued
[68.915s][info][gc,ref      ] GC(294) Phantom: 425 encountered, 261 discovered, 0 enqueued
[68.915s][info][gc,reloc    ] GC(294) Small Pages: 260 / 520M, Empty: 362M, Relocated: 3M, In-Place: 0
[68.915s][info][gc,reloc    ] GC(294) Medium Pages: 0 / 0M, Empty: 0M, Relocated: 0M, In-Place: 0
[68.915s][info][gc,reloc    ] GC(294) Large Pages: 0 / 0M, Empty: 0M, Relocated: 0M, In-Place: 0
[68.915s][info][gc,reloc    ] GC(294) Forwarding Usage: 0M
[68.915s][info][gc,heap     ] GC(294) Min Capacity: 8M(0%)
[68.915s][info][gc,heap     ] GC(294) Max Capacity: 2048M(100%)
[68.915s][info][gc,heap     ] GC(294) Soft Max Capacity: 2048M(100%)
[68.915s][info][gc,heap     ] GC(294)                Mark Start          Mark End        Relocate Start      Relocate End           High               Low         
[68.915s][info][gc,heap     ] GC(294)  Capacity:     2048M (100%)       2048M (100%)       2048M (100%)       2048M (100%)       2048M (100%)       2048M (100%)   
[68.915s][info][gc,heap     ] GC(294)      Free:     1528M (75%)        1420M (69%)        1766M (86%)        1858M (91%)        1860M (91%)        1408M (69%)    
[68.915s][info][gc,heap     ] GC(294)      Used:      520M (25%)         628M (31%)         282M (14%)         190M (9%)          640M (31%)         188M (9%)     
[68.915s][info][gc,heap     ] GC(294)      Live:         -                49M (2%)           49M (2%)           49M (2%)             -                  -          
[68.915s][info][gc,heap     ] GC(294) Allocated:         -               108M (5%)          124M (6%)          127M (6%)             -                  -          
[68.915s][info][gc,heap     ] GC(294)   Garbage:         -               470M (23%)         108M (5%)           12M (1%)             -                  -          
[68.915s][info][gc,heap     ] GC(294) Reclaimed:         -                  -               362M (18%)         457M (22%)            -                  -          
[68.915s][info][gc          ] GC(294) Garbage Collection (Allocation Rate) 520M(25%)->190M(9%)
[69.054s][info][gc,start    ] GC(295) Garbage Collection (Allocation Rate)
[69.054s][info][gc,task     ] GC(295) Using 2 workers
[69.055s][info][gc,phases   ] GC(295) Pause Mark Start 0.010ms
[69.099s][info][gc,phases   ] GC(295) Concurrent Mark 44.687ms
[69.099s][info][gc,phases   ] GC(295) Pause Mark End 0.021ms
[69.100s][info][gc,phases   ] GC(295) Concurrent Mark Free 0.001ms
[69.104s][info][gc,phases   ] GC(295) Concurrent Process Non-Strong References 4.366ms
[69.104s][info][gc,phases   ] GC(295) Concurrent Reset Relocation Set 0.006ms
[69.107s][info][gc,phases   ] GC(295) Concurrent Select Relocation Set 3.232ms
[69.107s][info][gc,phases   ] GC(295) Pause Relocate Start 0.008ms
[69.110s][info][gc,phases   ] GC(295) Concurrent Relocate 2.218ms
[69.110s][info][gc,load     ] GC(295) Load: 0.00/0.00/0.00
[69.110s][info][gc,mmu      ] GC(295) MMU: 2ms/98.1%, 5ms/99.2%, 10ms/99.5%, 20ms/99.8%, 50ms/99.9%, 100ms/99.9%
[69.110s][info][gc,marking  ] GC(295) Mark: 2 stripe(s), 2 proactive flush(es), 1 terminate flush(es), 0 completion(s), 0 continuation(s) 
[69.110s][info][gc,marking  ] GC(295) Mark Stack Usage: 32M
[69.110s][info][gc,nmethod  ] GC(295) NMethods: 3869 registered, 957 unregistered
[69.110s][info][gc,metaspace] GC(295) Metaspace: 71M used, 71M committed, 1088M reserved
[69.110s][info][gc,ref      ] GC(295) Soft: 3829 encountered, 0 discovered, 0 enqueued
[69.110s][info][gc,ref      ] GC(295) Weak: 9669 encountered, 2269 discovered, 6 enqueued
[69.110s][info][gc,ref      ] GC(295) Final: 289 encountered, 18 discovered, 0 enqueued
[69.110s][info][gc,ref      ] GC(295) Phantom: 425 encountered, 282 discovered, 0 enqueued
[69.110s][info][gc,reloc    ] GC(295) Small Pages: 248 / 496M, Empty: 364M, Relocated: 3M, In-Place: 0
[69.110s][info][gc,reloc    ] GC(295) Medium Pages: 0 / 0M, Empty: 0M, Relocated: 0M, In-Place: 0
[69.110s][info][gc,reloc    ] GC(295) Large Pages: 0 / 0M, Empty: 0M, Relocated: 0M, In-Place: 0
[69.110s][info][gc,reloc    ] GC(295) Forwarding Usage: 0M
[69.110s][info][gc,heap     ] GC(295) Min Capacity: 8M(0%)
[69.110s][info][gc,heap     ] GC(295) Max Capacity: 2048M(100%)
[69.110s][info][gc,heap     ] GC(295) Soft Max Capacity: 2048M(100%)
[69.110s][info][gc,heap     ] GC(295)                Mark Start          Mark End        Relocate Start      Relocate End           High               Low         
[69.110s][info][gc,heap     ] GC(295)  Capacity:     2048M (100%)       2048M (100%)       2048M (100%)       2048M (100%)       2048M (100%)       2048M (100%)   
[69.110s][info][gc,heap     ] GC(295)      Free:     1552M (76%)        1462M (71%)        1812M (88%)        1878M (92%)        1878M (92%)        1454M (71%)    
[69.110s][info][gc,heap     ] GC(295)      Used:      496M (24%)         586M (29%)         236M (12%)         170M (8%)          594M (29%)         170M (8%)     
[69.110s][info][gc,heap     ] GC(295)      Live:         -                49M (2%)           49M (2%)           49M (2%)             -                  -          
[69.110s][info][gc,heap     ] GC(295) Allocated:         -                90M (4%)          104M (5%)          107M (5%)             -                  -          
[69.110s][info][gc,heap     ] GC(295)   Garbage:         -               446M (22%)          82M (4%)           12M (1%)             -                  -          
[69.110s][info][gc,heap     ] GC(295) Reclaimed:         -                  -               364M (18%)         433M (21%)            -                  -          
[69.110s][info][gc          ] GC(295) Garbage Collection (Allocation Rate) 496M(24%)->170M(8%)
[69.154s][info][gc,start    ] GC(296) Garbage Collection (Allocation Rate)
[69.154s][info][gc,task     ] GC(296) Using 6 workers
[69.154s][info][gc,phases   ] GC(296) Pause Mark Start 0.011ms
[69.174s][info][gc,phases   ] GC(296) Concurrent Mark 19.703ms
[69.174s][info][gc,phases   ] GC(296) Pause Mark End 0.021ms
[69.174s][info][gc,phases   ] GC(296) Concurrent Mark Free 0.001ms
[69.176s][info][gc,phases   ] GC(296) Concurrent Process Non-Strong References 1.844ms
[69.176s][info][gc,phases   ] GC(296) Concurrent Reset Relocation Set 0.005ms
[69.179s][info][gc,phases   ] GC(296) Concurrent Select Relocation Set 2.465ms
[69.179s][info][gc,phases   ] GC(296) Pause Relocate Start 0.007ms
[69.180s][info][gc,phases   ] GC(296) Concurrent Relocate 1.043ms
[69.180s][info][gc,load     ] GC(296) Load: 0.00/0.00/0.00
[69.180s][info][gc,mmu      ] GC(296) MMU: 2ms/98.1%, 5ms/99.2%, 10ms/99.5%, 20ms/99.8%, 50ms/99.9%, 100ms/99.9%
[69.180s][info][gc,marking  ] GC(296) Mark: 4 stripe(s), 2 proactive flush(es), 1 terminate flush(es), 0 completion(s), 0 continuation(s) 
[69.180s][info][gc,marking  ] GC(296) Mark Stack Usage: 32M
[69.180s][info][gc,nmethod  ] GC(296) NMethods: 3869 registered, 957 unregistered
[69.180s][info][gc,metaspace] GC(296) Metaspace: 71M used, 71M committed, 1088M reserved
[69.180s][info][gc,ref      ] GC(296) Soft: 3829 encountered, 0 discovered, 0 enqueued
[69.180s][info][gc,ref      ] GC(296) Weak: 9638 encountered, 435 discovered, 7 enqueued
[69.180s][info][gc,ref      ] GC(296) Final: 289 encountered, 10 discovered, 0 enqueued
[69.180s][info][gc,ref      ] GC(296) Phantom: 425 encountered, 292 discovered, 0 enqueued
[69.180s][info][gc,reloc    ] GC(296) Small Pages: 127 / 254M, Empty: 142M, Relocated: 1M, In-Place: 0
[69.180s][info][gc,reloc    ] GC(296) Medium Pages: 0 / 0M, Empty: 0M, Relocated: 0M, In-Place: 0
[69.180s][info][gc,reloc    ] GC(296) Large Pages: 0 / 0M, Empty: 0M, Relocated: 0M, In-Place: 0
[69.180s][info][gc,reloc    ] GC(296) Forwarding Usage: 0M
[69.180s][info][gc,heap     ] GC(296) Min Capacity: 8M(0%)
[69.180s][info][gc,heap     ] GC(296) Max Capacity: 2048M(100%)
[69.180s][info][gc,heap     ] GC(296) Soft Max Capacity: 2048M(100%)
[69.180s][info][gc,heap     ] GC(296)                Mark Start          Mark End        Relocate Start      Relocate End           High               Low         
[69.180s][info][gc,heap     ] GC(296)  Capacity:     2048M (100%)       2048M (100%)       2048M (100%)       2048M (100%)       2048M (100%)       2048M (100%)   
[69.180s][info][gc,heap     ] GC(296)      Free:     1794M (88%)        1758M (86%)        1892M (92%)        1930M (94%)        1930M (94%)        1756M (86%)    
[69.180s][info][gc,heap     ] GC(296)      Used:      254M (12%)         290M (14%)         156M (8%)          118M (6%)          292M (14%)         118M (6%)     
[69.180s][info][gc,heap     ] GC(296)      Live:         -                49M (2%)           49M (2%)           49M (2%)             -                  -          
[69.180s][info][gc,heap     ] GC(296) Allocated:         -                36M (2%)           44M (2%)           45M (2%)             -                  -          
[69.180s][info][gc,heap     ] GC(296)   Garbage:         -               204M (10%)          62M (3%)           22M (1%)             -                  -          
[69.180s][info][gc,heap     ] GC(296) Reclaimed:         -                  -               142M (7%)          181M (9%)             -                  -          
[69.180s][info][gc          ] GC(296) Garbage Collection (Allocation Rate) 254M(12%)->118M(6%)
[69.754s][info][gc,start    ] GC(297) Garbage Collection (Allocation Rate)
[69.754s][info][gc,task     ] GC(297) Using 6 workers
[69.754s][info][gc,phases   ] GC(297) Pause Mark Start 0.010ms
[69.773s][info][gc,phases   ] GC(297) Concurrent Mark 18.716ms
[69.773s][info][gc,phases   ] GC(297) Pause Mark End 0.023ms
[69.773s][info][gc,phases   ] GC(297) Concurrent Mark Free 0.001ms
[69.775s][info][gc,phases   ] GC(297) Concurrent Process Non-Strong References 1.787ms
[69.775s][info][gc,phases   ] GC(297) Concurrent Reset Relocation Set 0.004ms
[69.778s][info][gc,phases   ] GC(297) Concurrent Select Relocation Set 2.584ms
[69.778s][info][gc,phases   ] GC(297) Pause Relocate Start 0.007ms
[69.779s][info][gc,phases   ] GC(297) Concurrent Relocate 1.034ms
[69.779s][info][gc,load     ] GC(297) Load: 0.00/0.00/0.00
[69.779s][info][gc,mmu      ] GC(297) MMU: 2ms/98.1%, 5ms/99.2%, 10ms/99.5%, 20ms/99.8%, 50ms/99.9%, 100ms/99.9%
[69.779s][info][gc,marking  ] GC(297) Mark: 4 stripe(s), 2 proactive flush(es), 1 terminate flush(es), 0 completion(s), 0 continuation(s) 
[69.779s][info][gc,marking  ] GC(297) Mark Stack Usage: 32M
[69.779s][info][gc,nmethod  ] GC(297) NMethods: 3869 registered, 959 unregistered
[69.779s][info][gc,metaspace] GC(297) Metaspace: 71M used, 71M committed, 1088M reserved
[69.779s][info][gc,ref      ] GC(297) Soft: 3829 encountered, 0 discovered, 0 enqueued
[69.779s][info][gc,ref      ] GC(297) Weak: 9631 encountered, 398 discovered, 0 enqueued
[69.779s][info][gc,ref      ] GC(297) Final: 289 encountered, 1 discovered, 0 enqueued
[69.779s][info][gc,ref      ] GC(297) Phantom: 425 encountered, 279 discovered, 0 enqueued
[69.779s][info][gc,reloc    ] GC(297) Small Pages: 602 / 1204M, Empty: 1072M, Relocated: 1M, In-Place: 0
[69.779s][info][gc,reloc    ] GC(297) Medium Pages: 0 / 0M, Empty: 0M, Relocated: 0M, In-Place: 0
[69.779s][info][gc,reloc    ] GC(297) Large Pages: 0 / 0M, Empty: 0M, Relocated: 0M, In-Place: 0
[69.779s][info][gc,reloc    ] GC(297) Forwarding Usage: 0M
[69.779s][info][gc,heap     ] GC(297) Min Capacity: 8M(0%)
[69.779s][info][gc,heap     ] GC(297) Max Capacity: 2048M(100%)
[69.779s][info][gc,heap     ] GC(297) Soft Max Capacity: 2048M(100%)
[69.779s][info][gc,heap     ] GC(297)                Mark Start          Mark End        Relocate Start      Relocate End           High               Low         
[69.779s][info][gc,heap     ] GC(297)  Capacity:     2048M (100%)       2048M (100%)       2048M (100%)       2048M (100%)       2048M (100%)       2048M (100%)   
[69.779s][info][gc,heap     ] GC(297)      Free:      844M (41%)         808M (39%)        1872M (91%)        1932M (94%)        1932M (94%)         806M (39%)    
[69.779s][info][gc,heap     ] GC(297)      Used:     1204M (59%)        1240M (61%)         176M (9%)          116M (6%)         1242M (61%)         116M (6%)     
[69.779s][info][gc,heap     ] GC(297)      Live:         -                49M (2%)           49M (2%)           49M (2%)             -                  -          
[69.779s][info][gc,heap     ] GC(297) Allocated:         -                36M (2%)           44M (2%)           43M (2%)             -                  -          
[69.779s][info][gc,heap     ] GC(297)   Garbage:         -              1154M (56%)          82M (4%)           22M (1%)             -                  -          
[69.779s][info][gc,heap     ] GC(297) Reclaimed:         -                  -              1072M (52%)        1131M (55%)            -                  -          
[69.779s][info][gc          ] GC(297) Garbage Collection (Allocation Rate) 1204M(59%)->116M(6%)
[70.154s][info][gc,stats    ] === Garbage Collection Statistics =======================================================================================================================
[70.154s][info][gc,stats    ]                                                              Last 10s              Last 10m              Last 10h                Total
[70.154s][info][gc,stats    ]                                                              Avg / Max             Avg / Max             Avg / Max             Avg / Max
[70.154s][info][gc,stats    ]   Collector: Garbage Collection Cycle                     71.097 / 102.430      76.203 / 318.332      76.203 / 318.332      76.203 / 318.332     ms
[70.154s][info][gc,stats    ]  Contention: Mark Segment Reset Contention                     9 / 28               12 / 78               12 / 78               12 / 78          ops/s
[70.154s][info][gc,stats    ]  Contention: Mark SeqNum Reset Contention                      1 / 5                 1 / 11                1 / 11                1 / 11          ops/s
[70.154s][info][gc,stats    ]    Critical: Allocation Stall                                  0 / 0                 0 / 0                 0 / 0                 0 / 0           ops/s
[70.154s][info][gc,stats    ]    Critical: Allocation Stall                              0.000 / 0.000         0.000 / 0.000         0.000 / 0.000         0.000 / 0.000       ms
[70.154s][info][gc,stats    ]    Critical: GC Locker Stall                                   0 / 0                 0 / 0                 0 / 0                 0 / 0           ops/s
[70.154s][info][gc,stats    ]    Critical: GC Locker Stall                               0.000 / 0.000         0.000 / 0.000         0.000 / 0.000         0.000 / 0.000       ms
[70.154s][info][gc,stats    ]    Critical: Relocation Stall                                  0 / 0                 0 / 0                 0 / 0                 0 / 0           ops/s
[70.154s][info][gc,stats    ]    Critical: Relocation Stall                              0.000 / 0.000         0.000 / 0.000         0.000 / 0.000         0.000 / 0.000       ms
[70.154s][info][gc,stats    ]      Memory: Allocation Rate                                4331 / 5958           3951 / 5994           3951 / 5994           3951 / 5994        MB/s
[70.154s][info][gc,stats    ]      Memory: Defragment                                        0 / 0                 0 / 0                 0 / 0                 0 / 0           ops/s
[70.154s][info][gc,stats    ]      Memory: Out Of Memory                                     0 / 0                 0 / 0                 0 / 0                 0 / 0           ops/s
[70.154s][info][gc,stats    ]      Memory: Page Cache Flush                                  0 / 0                 0 / 0                 0 / 0                 0 / 0           MB/s
[70.154s][info][gc,stats    ]      Memory: Page Cache Hit L1                              2187 / 3035           1984 / 3043           1984 / 3043           1984 / 3043        ops/s
[70.154s][info][gc,stats    ]      Memory: Page Cache Hit L2                                 0 / 0                 0 / 0                 0 / 0                 0 / 0           ops/s
[70.154s][info][gc,stats    ]      Memory: Page Cache Hit L3                                 0 / 0                13 / 257              13 / 257              13 / 257         ops/s
[70.154s][info][gc,stats    ]      Memory: Page Cache Miss                                   0 / 0                 0 / 1                 0 / 1                 0 / 1           ops/s
[70.154s][info][gc,stats    ]      Memory: Uncommit                                          0 / 0                 0 / 0                 0 / 0                 0 / 0           MB/s
[70.154s][info][gc,stats    ]      Memory: Undo Object Allocation Failed                   768 / 1675            504 / 1675            504 / 1675            504 / 1675        ops/s
[70.154s][info][gc,stats    ]      Memory: Undo Object Allocation Succeeded                 56 / 290              37 / 290              37 / 290              37 / 290         ops/s
[70.154s][info][gc,stats    ]      Memory: Undo Page Allocation                            370 / 631             343 / 653             343 / 653             343 / 653         ops/s
[70.154s][info][gc,stats    ]       Phase: Concurrent Mark                              50.750 / 86.998       50.321 / 127.968      50.321 / 127.968      50.321 / 127.968     ms
[70.154s][info][gc,stats    ]       Phase: Concurrent Mark Continue                      0.000 / 0.000         0.000 / 0.000         0.000 / 0.000         0.000 / 0.000       ms
[70.154s][info][gc,stats    ]       Phase: Concurrent Mark Free                          0.001 / 0.003         0.001 / 0.005         0.001 / 0.005         0.001 / 0.005       ms
[70.154s][info][gc,stats    ]       Phase: Concurrent Process Non-Strong References      4.812 / 8.287         7.580 / 55.543        7.580 / 55.543        7.580 / 55.543      ms
[70.154s][info][gc,stats    ]       Phase: Concurrent Relocate                           6.563 / 11.184        6.887 / 14.214        6.887 / 14.214        6.887 / 14.214      ms
[70.154s][info][gc,stats    ]       Phase: Concurrent Reset Relocation Set               0.034 / 0.071         0.036 / 0.073         0.036 / 0.073         0.036 / 0.073       ms
[70.154s][info][gc,stats    ]       Phase: Concurrent Select Relocation Set              5.753 / 10.790        6.449 / 19.328        6.449 / 19.328        6.449 / 19.328      ms
[70.154s][info][gc,stats    ]       Phase: Pause Mark End                                0.024 / 0.036         0.024 / 0.039         0.024 / 0.039         0.024 / 0.039       ms
[70.154s][info][gc,stats    ]       Phase: Pause Mark Start                              0.011 / 0.014         0.011 / 0.021         0.011 / 0.021         0.011 / 0.021       ms
[70.154s][info][gc,stats    ]       Phase: Pause Relocate Start                          0.008 / 0.012         0.008 / 0.014         0.008 / 0.014         0.008 / 0.014       ms
[70.154s][info][gc,stats    ]    Subphase: Concurrent Classes Purge                      0.102 / 3.872         0.270 / 23.488        0.270 / 23.488        0.270 / 23.488      ms
[70.154s][info][gc,stats    ]    Subphase: Concurrent Classes Unlink                     3.171 / 6.221         5.568 / 53.357        5.568 / 53.357        5.568 / 53.357      ms
[70.154s][info][gc,stats    ]    Subphase: Concurrent Mark                              39.512 / 73.203       35.291 / 119.393      35.291 / 119.393      35.291 / 119.393     ms
[70.154s][info][gc,stats    ]    Subphase: Concurrent Mark Try Flush                     0.666 / 5.084         0.914 / 26.382        0.914 / 26.382        0.914 / 26.382      ms
[70.154s][info][gc,stats    ]    Subphase: Concurrent Mark Try Terminate                 1.439 / 2.393         1.550 / 15.075        1.550 / 15.075        1.550 / 15.075      ms
[70.154s][info][gc,stats    ]    Subphase: Concurrent References Enqueue                 0.002 / 0.007         0.002 / 0.014         0.002 / 0.014         0.002 / 0.014       ms
[70.154s][info][gc,stats    ]    Subphase: Concurrent References Process                 0.223 / 0.526         0.218 / 1.049         0.218 / 1.049         0.218 / 1.049       ms
[70.154s][info][gc,stats    ]    Subphase: Concurrent Roots ClassLoaderDataGraph         0.104 / 0.615         0.091 / 0.889         0.091 / 0.889         0.091 / 0.889       ms
[70.154s][info][gc,stats    ]    Subphase: Concurrent Roots CodeCache                    0.000 / 0.000         0.000 / 0.000         0.000 / 0.000         0.000 / 0.000       ms
[70.154s][info][gc,stats    ]    Subphase: Concurrent Roots JavaThreads                  4.231 / 15.792        4.773 / 39.863        4.773 / 39.863        4.773 / 39.863      ms
[70.154s][info][gc,stats    ]    Subphase: Concurrent Roots OopStorageSet                0.050 / 0.109         0.046 / 0.928         0.046 / 0.928         0.046 / 0.928       ms
[70.154s][info][gc,stats    ]    Subphase: Concurrent Weak Roots OopStorageSet           0.695 / 1.675         0.585 / 3.828         0.585 / 3.828         0.585 / 3.828       ms
[70.154s][info][gc,stats    ]    Subphase: Pause Mark Try Complete                       0.000 / 0.000         0.002 / 0.003         0.002 / 0.003         0.002 / 0.003       ms
[70.154s][info][gc,stats    ]      System: Java Threads                                    202 / 224             191 / 224             191 / 224             191 / 224         threads
[70.154s][info][gc,stats    ] =========================================================================================================================================================
[70.454s][info][gc,start    ] GC(298) Garbage Collection (Allocation Rate)
[70.454s][info][gc,task     ] GC(298) Using 1 workers
[70.454s][info][gc,phases   ] GC(298) Pause Mark Start 0.012ms
[70.546s][info][gc,phases   ] GC(298) Concurrent Mark 91.096ms
[70.546s][info][gc,phases   ] GC(298) Pause Mark End 0.025ms
[70.546s][info][gc,phases   ] GC(298) Concurrent Mark Free 0.001ms
[70.560s][info][gc,phases   ] GC(298) Concurrent Process Non-Strong References 14.550ms
[70.560s][info][gc,phases   ] GC(298) Concurrent Reset Relocation Set 0.005ms
[70.564s][info][gc,phases   ] GC(298) Concurrent Select Relocation Set 3.804ms
[70.564s][info][gc,phases   ] GC(298) Pause Relocate Start 0.009ms
[70.566s][info][gc,phases   ] GC(298) Concurrent Relocate 1.885ms
[70.566s][info][gc,load     ] GC(298) Load: 0.00/0.00/0.00
[70.567s][info][gc,mmu      ] GC(298) MMU: 2ms/98.1%, 5ms/99.2%, 10ms/99.5%, 20ms/99.8%, 50ms/99.9%, 100ms/99.9%
[70.567s][info][gc,marking  ] GC(298) Mark: 1 stripe(s), 2 proactive flush(es), 1 terminate flush(es), 0 completion(s), 0 continuation(s) 
[70.567s][info][gc,marking  ] GC(298) Mark Stack Usage: 32M
[70.567s][info][gc,nmethod  ] GC(298) NMethods: 3959 registered, 959 unregistered
[70.567s][info][gc,metaspace] GC(298) Metaspace: 71M used, 71M committed, 1088M reserved
[70.567s][info][gc,ref      ] GC(298) Soft: 3829 encountered, 0 discovered, 0 enqueued
[70.567s][info][gc,ref      ] GC(298) Weak: 9440 encountered, 859 discovered, 42 enqueued
[70.567s][info][gc,ref      ] GC(298) Final: 289 encountered, 96 discovered, 0 enqueued
[70.567s][info][gc,ref      ] GC(298) Phantom: 425 encountered, 284 discovered, 0 enqueued
[70.567s][info][gc,reloc    ] GC(298) Small Pages: 686 / 1372M, Empty: 1206M, Relocated: 1M, In-Place: 0
[70.567s][info][gc,reloc    ] GC(298) Medium Pages: 0 / 0M, Empty: 0M, Relocated: 0M, In-Place: 0
[70.567s][info][gc,reloc    ] GC(298) Large Pages: 0 / 0M, Empty: 0M, Relocated: 0M, In-Place: 0
[70.567s][info][gc,reloc    ] GC(298) Forwarding Usage: 0M
[70.567s][info][gc,heap     ] GC(298) Min Capacity: 8M(0%)
[70.567s][info][gc,heap     ] GC(298) Max Capacity: 2048M(100%)
[70.567s][info][gc,heap     ] GC(298) Soft Max Capacity: 2048M(100%)
[70.567s][info][gc,heap     ] GC(298)                Mark Start          Mark End        Relocate Start      Relocate End           High               Low         
[70.567s][info][gc,heap     ] GC(298)  Capacity:     2048M (100%)       2048M (100%)       2048M (100%)       2048M (100%)       2048M (100%)       2048M (100%)   
[70.567s][info][gc,heap     ] GC(298)      Free:      676M (33%)         644M (31%)        1850M (90%)        1952M (95%)        1952M (95%)         644M (31%)    
[70.567s][info][gc,heap     ] GC(298)      Used:     1372M (67%)        1404M (69%)         198M (10%)          96M (5%)         1404M (69%)          96M (5%)     
[70.567s][info][gc,heap     ] GC(298)      Live:         -                49M (2%)           49M (2%)           49M (2%)             -                  -          
[70.567s][info][gc,heap     ] GC(298) Allocated:         -                32M (2%)           32M (2%)           33M (2%)             -                  -          
[70.567s][info][gc,heap     ] GC(298)   Garbage:         -              1322M (65%)         116M (6%)           12M (1%)             -                  -          
[70.567s][info][gc,heap     ] GC(298) Reclaimed:         -                  -              1206M (59%)        1309M (64%)            -                  -          
[70.567s][info][gc          ] GC(298) Garbage Collection (Allocation Rate) 1372M(67%)->96M(5%)
[70.567s][info][gc,start    ] GC(299) Garbage Collection (System.gc())
[70.567s][info][gc,task     ] GC(299) Using 12 workers
[70.568s][info][gc,phases   ] GC(299) Pause Mark Start 0.010ms
[70.589s][info][gc,phases   ] GC(299) Concurrent Mark 21.300ms
[70.589s][info][gc,phases   ] GC(299) Pause Mark End 0.026ms
[70.589s][info][gc,phases   ] GC(299) Concurrent Mark Free 0.001ms
[70.591s][info][gc,phases   ] GC(299) Concurrent Process Non-Strong References 1.602ms
[70.591s][info][gc,phases   ] GC(299) Concurrent Reset Relocation Set 0.008ms
[70.595s][info][gc,phases   ] GC(299) Concurrent Select Relocation Set 4.453ms
[70.596s][info][gc,phases   ] GC(299) Pause Relocate Start 0.008ms
[70.598s][info][gc,phases   ] GC(299) Concurrent Relocate 2.255ms
[70.598s][info][gc,load     ] GC(299) Load: 0.00/0.00/0.00
[70.598s][info][gc,mmu      ] GC(299) MMU: 2ms/98.1%, 5ms/99.2%, 10ms/99.5%, 20ms/99.8%, 50ms/99.8%, 100ms/99.9%
[70.598s][info][gc,marking  ] GC(299) Mark: 8 stripe(s), 3 proactive flush(es), 1 terminate flush(es), 0 completion(s), 0 continuation(s) 
[70.598s][info][gc,marking  ] GC(299) Mark Stack Usage: 32M
[70.598s][info][gc,nmethod  ] GC(299) NMethods: 3943 registered, 975 unregistered
[70.598s][info][gc,metaspace] GC(299) Metaspace: 71M used, 71M committed, 1088M reserved
[70.598s][info][gc,ref      ] GC(299) Soft: 3829 encountered, 0 discovered, 0 enqueued
[70.598s][info][gc,ref      ] GC(299) Weak: 10159 encountered, 752 discovered, 8 enqueued
[70.598s][info][gc,ref      ] GC(299) Final: 289 encountered, 4 discovered, 0 enqueued
[70.598s][info][gc,ref      ] GC(299) Phantom: 425 encountered, 244 discovered, 0 enqueued
[70.598s][info][gc,reloc    ] GC(299) Small Pages: 48 / 96M, Empty: 2M, Relocated: 5M, In-Place: 0
[70.598s][info][gc,reloc    ] GC(299) Medium Pages: 0 / 0M, Empty: 0M, Relocated: 0M, In-Place: 0
[70.598s][info][gc,reloc    ] GC(299) Large Pages: 0 / 0M, Empty: 0M, Relocated: 0M, In-Place: 0
[70.598s][info][gc,reloc    ] GC(299) Forwarding Usage: 1M
[70.598s][info][gc,heap     ] GC(299) Min Capacity: 8M(0%)
[70.598s][info][gc,heap     ] GC(299) Max Capacity: 2048M(100%)
[70.598s][info][gc,heap     ] GC(299) Soft Max Capacity: 2048M(100%)
[70.598s][info][gc,heap     ] GC(299)                Mark Start          Mark End        Relocate Start      Relocate End           High               Low         
[70.598s][info][gc,heap     ] GC(299)  Capacity:     2048M (100%)       2048M (100%)       2048M (100%)       2048M (100%)       2048M (100%)       2048M (100%)   
[70.598s][info][gc,heap     ] GC(299)      Free:     1952M (95%)        1950M (95%)        1952M (95%)        1966M (96%)        1966M (96%)        1928M (94%)    
[70.599s][info][gc,heap     ] GC(299)      Used:       96M (5%)           98M (5%)           96M (5%)           82M (4%)          120M (6%)           82M (4%)     
[70.599s][info][gc,heap     ] GC(299)      Live:         -                49M (2%)           49M (2%)           49M (2%)             -                  -          
[70.599s][info][gc,heap     ] GC(299) Allocated:         -                 2M (0%)            2M (0%)            2M (0%)             -                  -          
[70.599s][info][gc,heap     ] GC(299)   Garbage:         -                46M (2%)           44M (2%)           30M (1%)             -                  -          
[70.599s][info][gc,heap     ] GC(299) Reclaimed:         -                  -                 2M (0%)           16M (1%)             -                  -          
[70.599s][info][gc          ] GC(299) Garbage Collection (System.gc()) 96M(5%)->82M(4%)
[70.954s][info][gc,start    ] GC(300) Garbage Collection (Allocation Rate)
[70.955s][info][gc,task     ] GC(300) Using 4 workers
[70.955s][info][gc,phases   ] GC(300) Pause Mark Start 0.011ms
[71.012s][info][gc,phases   ] GC(300) Concurrent Mark 57.075ms
[71.013s][info][gc,phases   ] GC(300) Pause Mark End 0.028ms
[71.014s][info][gc,phases   ] GC(300) Concurrent Mark Free 0.001ms
[71.019s][info][gc,phases   ] GC(300) Concurrent Process Non-Strong References 5.513ms
[71.019s][info][gc,phases   ] GC(300) Concurrent Reset Relocation Set 0.009ms
[71.027s][info][gc,phases   ] GC(300) Concurrent Select Relocation Set 8.165ms
[71.028s][info][gc,phases   ] GC(300) Pause Relocate Start 0.008ms
[71.034s][info][gc,phases   ] GC(300) Concurrent Relocate 5.970ms
[71.034s][info][gc,load     ] GC(300) Load: 0.00/0.00/0.00
[71.034s][info][gc,mmu      ] GC(300) MMU: 2ms/98.1%, 5ms/99.2%, 10ms/99.5%, 20ms/99.8%, 50ms/99.8%, 100ms/99.9%
[71.034s][info][gc,marking  ] GC(300) Mark: 4 stripe(s), 2 proactive flush(es), 1 terminate flush(es), 0 completion(s), 0 continuation(s) 
[71.034s][info][gc,marking  ] GC(300) Mark Stack Usage: 32M
[71.034s][info][gc,nmethod  ] GC(300) NMethods: 4382 registered, 1036 unregistered
[71.034s][info][gc,metaspace] GC(300) Metaspace: 71M used, 71M committed, 1088M reserved
[71.034s][info][gc,ref      ] GC(300) Soft: 3837 encountered, 0 discovered, 0 enqueued
[71.034s][info][gc,ref      ] GC(300) Weak: 11604 encountered, 2011 discovered, 0 enqueued
[71.034s][info][gc,ref      ] GC(300) Final: 289 encountered, 5 discovered, 0 enqueued
[71.034s][info][gc,ref      ] GC(300) Phantom: 440 encountered, 171 discovered, 15 enqueued
[71.034s][info][gc,reloc    ] GC(300) Small Pages: 715 / 1430M, Empty: 974M, Relocated: 5M, In-Place: 0
[71.034s][info][gc,reloc    ] GC(300) Medium Pages: 0 / 0M, Empty: 0M, Relocated: 0M, In-Place: 0
[71.034s][info][gc,reloc    ] GC(300) Large Pages: 0 / 0M, Empty: 0M, Relocated: 0M, In-Place: 0
[71.034s][info][gc,reloc    ] GC(300) Forwarding Usage: 2M
[71.034s][info][gc,heap     ] GC(300) Min Capacity: 8M(0%)
[71.034s][info][gc,heap     ] GC(300) Max Capacity: 2048M(100%)
[71.034s][info][gc,heap     ] GC(300) Soft Max Capacity: 2048M(100%)
[71.034s][info][gc,heap     ] GC(300)                Mark Start          Mark End        Relocate Start      Relocate End           High               Low         
[71.034s][info][gc,heap     ] GC(300)  Capacity:     2048M (100%)       2048M (100%)       2048M (100%)       2048M (100%)       2048M (100%)       2048M (100%)   
[71.034s][info][gc,heap     ] GC(300)      Free:      618M (30%)         356M (17%)        1262M (62%)        1636M (80%)        1638M (80%)         328M (16%)    
[71.034s][info][gc,heap     ] GC(300)      Used:     1430M (70%)        1692M (83%)         786M (38%)         412M (20%)        1720M (84%)         410M (20%)    
[71.034s][info][gc,heap     ] GC(300)      Live:         -                53M (3%)           53M (3%)           53M (3%)             -                  -          
[71.034s][info][gc,heap     ] GC(300) Allocated:         -               262M (13%)         330M (16%)         340M (17%)            -                  -          
[71.034s][info][gc,heap     ] GC(300)   Garbage:         -              1376M (67%)         402M (20%)          17M (1%)             -                  -          
[71.034s][info][gc,heap     ] GC(300) Reclaimed:         -                  -               974M (48%)        1358M (66%)            -                  -          
[71.034s][info][gc          ] GC(300) Garbage Collection (Allocation Rate) 1430M(70%)->412M(20%)
[71.054s][info][gc,start    ] GC(301) Garbage Collection (Allocation Rate)
[71.054s][info][gc,task     ] GC(301) Using 6 workers
[71.055s][info][gc,phases   ] GC(301) Pause Mark Start 0.010ms
[71.094s][info][gc,phases   ] GC(301) Concurrent Mark 39.083ms
[71.094s][info][gc,phases   ] GC(301) Pause Mark End 0.022ms
[71.095s][info][gc,phases   ] GC(301) Concurrent Mark Free 0.001ms
[71.101s][info][gc,phases   ] GC(301) Concurrent Process Non-Strong References 6.014ms
[71.101s][info][gc,phases   ] GC(301) Concurrent Reset Relocation Set 0.068ms
[71.107s][info][gc,phases   ] GC(301) Concurrent Select Relocation Set 5.290ms
[71.107s][info][gc,phases   ] GC(301) Pause Relocate Start 0.007ms
[71.113s][info][gc,phases   ] GC(301) Concurrent Relocate 6.042ms
[71.113s][info][gc,load     ] GC(301) Load: 0.00/0.00/0.00
[71.113s][info][gc,mmu      ] GC(301) MMU: 2ms/98.1%, 5ms/99.2%, 10ms/99.5%, 20ms/99.8%, 50ms/99.8%, 100ms/99.9%
[71.113s][info][gc,marking  ] GC(301) Mark: 4 stripe(s), 3 proactive flush(es), 1 terminate flush(es), 0 completion(s), 0 continuation(s) 
[71.113s][info][gc,marking  ] GC(301) Mark Stack Usage: 32M
[71.113s][info][gc,nmethod  ] GC(301) NMethods: 4382 registered, 1039 unregistered
[71.113s][info][gc,metaspace] GC(301) Metaspace: 71M used, 71M committed, 1088M reserved
[71.113s][info][gc,ref      ] GC(301) Soft: 3837 encountered, 0 discovered, 0 enqueued
[71.113s][info][gc,ref      ] GC(301) Weak: 11604 encountered, 1344 discovered, 0 enqueued
[71.113s][info][gc,ref      ] GC(301) Final: 289 encountered, 13 discovered, 0 enqueued
[71.114s][info][gc,ref      ] GC(301) Phantom: 425 encountered, 257 discovered, 0 enqueued
[71.114s][info][gc,reloc    ] GC(301) Small Pages: 254 / 508M, Empty: 236M, Relocated: 5M, In-Place: 0
[71.114s][info][gc,reloc    ] GC(301) Medium Pages: 0 / 0M, Empty: 0M, Relocated: 0M, In-Place: 0
[71.114s][info][gc,reloc    ] GC(301) Large Pages: 0 / 0M, Empty: 0M, Relocated: 0M, In-Place: 0
[71.114s][info][gc,reloc    ] GC(301) Forwarding Usage: 2M
[71.114s][info][gc,heap     ] GC(301) Min Capacity: 8M(0%)
[71.114s][info][gc,heap     ] GC(301) Max Capacity: 2048M(100%)
[71.114s][info][gc,heap     ] GC(301) Soft Max Capacity: 2048M(100%)
[71.114s][info][gc,heap     ] GC(301)                Mark Start          Mark End        Relocate Start      Relocate End           High               Low         
[71.114s][info][gc,heap     ] GC(301)  Capacity:     2048M (100%)       2048M (100%)       2048M (100%)       2048M (100%)       2048M (100%)       2048M (100%)   
[71.114s][info][gc,heap     ] GC(301)      Free:     1540M (75%)        1356M (66%)        1540M (75%)        1724M (84%)        1730M (84%)        1326M (65%)    
[71.114s][info][gc,heap     ] GC(301)      Used:      508M (25%)         692M (34%)         508M (25%)         324M (16%)         722M (35%)         318M (16%)    
[71.114s][info][gc,heap     ] GC(301)      Live:         -                54M (3%)           54M (3%)           54M (3%)             -                  -          
[71.114s][info][gc,heap     ] GC(301) Allocated:         -               184M (9%)          236M (12%)         249M (12%)            -                  -          
[71.114s][info][gc,heap     ] GC(301)   Garbage:         -               453M (22%)         217M (11%)          20M (1%)             -                  -          
[71.114s][info][gc,heap     ] GC(301) Reclaimed:         -                  -               236M (12%)         433M (21%)            -                  -          
[71.114s][info][gc          ] GC(301) Garbage Collection (Allocation Rate) 508M(25%)->324M(16%)
[71.255s][info][gc,start    ] GC(302) Garbage Collection (Allocation Rate)
[71.255s][info][gc,task     ] GC(302) Using 6 workers
[71.255s][info][gc,phases   ] GC(302) Pause Mark Start 0.013ms
[71.291s][info][gc,phases   ] GC(302) Concurrent Mark 35.045ms
[71.291s][info][gc,phases   ] GC(302) Pause Mark End 0.029ms
[71.292s][info][gc,phases   ] GC(302) Concurrent Mark Free 0.001ms
[71.295s][info][gc,phases   ] GC(302) Concurrent Process Non-Strong References 3.877ms
[71.296s][info][gc,phases   ] GC(302) Concurrent Reset Relocation Set 0.030ms
[71.301s][info][gc,phases   ] GC(302) Concurrent Select Relocation Set 5.089ms
[71.301s][info][gc,phases   ] GC(302) Pause Relocate Start 0.009ms
[71.306s][info][gc,phases   ] GC(302) Concurrent Relocate 4.379ms
[71.306s][info][gc,load     ] GC(302) Load: 0.00/0.00/0.00
[71.306s][info][gc,mmu      ] GC(302) MMU: 2ms/98.1%, 5ms/99.2%, 10ms/99.5%, 20ms/99.8%, 50ms/99.8%, 100ms/99.9%
[71.306s][info][gc,marking  ] GC(302) Mark: 4 stripe(s), 2 proactive flush(es), 1 terminate flush(es), 0 completion(s), 0 continuation(s) 
[71.306s][info][gc,marking  ] GC(302) Mark Stack Usage: 32M
[71.306s][info][gc,nmethod  ] GC(302) NMethods: 4380 registered, 1044 unregistered
[71.306s][info][gc,metaspace] GC(302) Metaspace: 71M used, 71M committed, 1088M reserved
[71.306s][info][gc,ref      ] GC(302) Soft: 3837 encountered, 0 discovered, 0 enqueued
[71.306s][info][gc,ref      ] GC(302) Weak: 11604 encountered, 873 discovered, 0 enqueued
[71.306s][info][gc,ref      ] GC(302) Final: 289 encountered, 21 discovered, 0 enqueued
[71.306s][info][gc,ref      ] GC(302) Phantom: 425 encountered, 250 discovered, 0 enqueued
[71.306s][info][gc,reloc    ] GC(302) Small Pages: 506 / 1012M, Empty: 588M, Relocated: 5M, In-Place: 0
[71.306s][info][gc,reloc    ] GC(302) Medium Pages: 0 / 0M, Empty: 0M, Relocated: 0M, In-Place: 0
[71.306s][info][gc,reloc    ] GC(302) Large Pages: 0 / 0M, Empty: 0M, Relocated: 0M, In-Place: 0
[71.306s][info][gc,reloc    ] GC(302) Forwarding Usage: 2M
[71.306s][info][gc,heap     ] GC(302) Min Capacity: 8M(0%)
[71.306s][info][gc,heap     ] GC(302) Max Capacity: 2048M(100%)
[71.306s][info][gc,heap     ] GC(302) Soft Max Capacity: 2048M(100%)
[71.306s][info][gc,heap     ] GC(302)                Mark Start          Mark End        Relocate Start      Relocate End           High               Low         
[71.306s][info][gc,heap     ] GC(302)  Capacity:     2048M (100%)       2048M (100%)       2048M (100%)       2048M (100%)       2048M (100%)       2048M (100%)   
[71.306s][info][gc,heap     ] GC(302)      Free:     1036M (51%)         866M (42%)        1410M (69%)        1752M (86%)        1752M (86%)         848M (41%)    
[71.306s][info][gc,heap     ] GC(302)      Used:     1012M (49%)        1182M (58%)         638M (31%)         296M (14%)        1200M (59%)         296M (14%)    
[71.306s][info][gc,heap     ] GC(302)      Live:         -                54M (3%)           54M (3%)           54M (3%)             -                  -          
[71.306s][info][gc,heap     ] GC(302) Allocated:         -               170M (8%)          214M (10%)         221M (11%)            -                  -          
[71.306s][info][gc,heap     ] GC(302)   Garbage:         -               957M (47%)         369M (18%)          20M (1%)             -                  -          
[71.306s][info][gc,heap     ] GC(302) Reclaimed:         -                  -               588M (29%)         937M (46%)            -                  -          
[71.306s][info][gc          ] GC(302) Garbage Collection (Allocation Rate) 1012M(49%)->296M(14%)
[71.355s][info][gc,start    ] GC(303) Garbage Collection (Allocation Rate)
[71.355s][info][gc,task     ] GC(303) Using 6 workers
[71.355s][info][gc,phases   ] GC(303) Pause Mark Start 0.010ms
[71.391s][info][gc,phases   ] GC(303) Concurrent Mark 35.436ms
[71.391s][info][gc,phases   ] GC(303) Pause Mark End 0.023ms
[71.391s][info][gc,phases   ] GC(303) Concurrent Mark Free 0.001ms
[71.395s][info][gc,phases   ] GC(303) Concurrent Process Non-Strong References 3.558ms
[71.395s][info][gc,phases   ] GC(303) Concurrent Reset Relocation Set 0.052ms
[71.404s][info][gc,phases   ] GC(303) Concurrent Select Relocation Set 8.629ms
[71.404s][info][gc,phases   ] GC(303) Pause Relocate Start 0.009ms
[71.410s][info][gc,phases   ] GC(303) Concurrent Relocate 5.420ms
[71.410s][info][gc,load     ] GC(303) Load: 0.00/0.00/0.00
[71.410s][info][gc,mmu      ] GC(303) MMU: 2ms/98.1%, 5ms/99.2%, 10ms/99.5%, 20ms/99.8%, 50ms/99.8%, 100ms/99.9%
[71.410s][info][gc,marking  ] GC(303) Mark: 4 stripe(s), 3 proactive flush(es), 1 terminate flush(es), 0 completion(s), 0 continuation(s) 
[71.410s][info][gc,marking  ] GC(303) Mark Stack Usage: 32M
[71.410s][info][gc,nmethod  ] GC(303) NMethods: 4380 registered, 1044 unregistered
[71.410s][info][gc,metaspace] GC(303) Metaspace: 71M used, 71M committed, 1088M reserved
[71.410s][info][gc,ref      ] GC(303) Soft: 3837 encountered, 0 discovered, 0 enqueued
[71.410s][info][gc,ref      ] GC(303) Weak: 11604 encountered, 1342 discovered, 0 enqueued
[71.410s][info][gc,ref      ] GC(303) Final: 289 encountered, 19 discovered, 0 enqueued
[71.410s][info][gc,ref      ] GC(303) Phantom: 425 encountered, 276 discovered, 0 enqueued
[71.410s][info][gc,reloc    ] GC(303) Small Pages: 270 / 540M, Empty: 232M, Relocated: 5M, In-Place: 0
[71.410s][info][gc,reloc    ] GC(303) Medium Pages: 0 / 0M, Empty: 0M, Relocated: 0M, In-Place: 0
[71.410s][info][gc,reloc    ] GC(303) Large Pages: 0 / 0M, Empty: 0M, Relocated: 0M, In-Place: 0
[71.410s][info][gc,reloc    ] GC(303) Forwarding Usage: 2M
[71.410s][info][gc,heap     ] GC(303) Min Capacity: 8M(0%)
[71.410s][info][gc,heap     ] GC(303) Max Capacity: 2048M(100%)
[71.410s][info][gc,heap     ] GC(303) Soft Max Capacity: 2048M(100%)
[71.410s][info][gc,heap     ] GC(303)                Mark Start          Mark End        Relocate Start      Relocate End           High               Low         
[71.410s][info][gc,heap     ] GC(303)  Capacity:     2048M (100%)       2048M (100%)       2048M (100%)       2048M (100%)       2048M (100%)       2048M (100%)   
[71.410s][info][gc,heap     ] GC(303)      Free:     1508M (74%)        1338M (65%)        1514M (74%)        1732M (85%)        1736M (85%)        1320M (64%)    
[71.410s][info][gc,heap     ] GC(303)      Used:      540M (26%)         710M (35%)         534M (26%)         316M (15%)         728M (36%)         312M (15%)    
[71.410s][info][gc,heap     ] GC(303)      Live:         -                54M (3%)           54M (3%)           54M (3%)             -                  -          
[71.410s][info][gc,heap     ] GC(303) Allocated:         -               170M (8%)          226M (11%)         241M (12%)            -                  -          
[71.410s][info][gc,heap     ] GC(303)   Garbage:         -               485M (24%)         253M (12%)          20M (1%)             -                  -          
[71.410s][info][gc,heap     ] GC(303) Reclaimed:         -                  -               232M (11%)         465M (23%)            -                  -          
[71.410s][info][gc          ] GC(303) Garbage Collection (Allocation Rate) 540M(26%)->316M(15%)
[71.455s][info][gc,start    ] GC(304) Garbage Collection (Allocation Rate)
[71.455s][info][gc,task     ] GC(304) Using 6 workers
[71.455s][info][gc,phases   ] GC(304) Pause Mark Start 0.013ms
[71.493s][info][gc,phases   ] GC(304) Concurrent Mark 38.264ms
[71.494s][info][gc,phases   ] GC(304) Pause Mark End 0.023ms
[71.495s][info][gc,phases   ] GC(304) Concurrent Mark Free 0.001ms
[71.499s][info][gc,phases   ] GC(304) Concurrent Process Non-Strong References 3.986ms
[71.499s][info][gc,phases   ] GC(304) Concurrent Reset Relocation Set 0.038ms
[71.504s][info][gc,phases   ] GC(304) Concurrent Select Relocation Set 4.961ms
[71.504s][info][gc,phases   ] GC(304) Pause Relocate Start 0.009ms
[71.510s][info][gc,phases   ] GC(304) Concurrent Relocate 5.040ms
[71.510s][info][gc,load     ] GC(304) Load: 0.00/0.00/0.00
[71.510s][info][gc,mmu      ] GC(304) MMU: 2ms/98.1%, 5ms/99.2%, 10ms/99.5%, 20ms/99.8%, 50ms/99.8%, 100ms/99.9%
[71.510s][info][gc,marking  ] GC(304) Mark: 4 stripe(s), 2 proactive flush(es), 1 terminate flush(es), 0 completion(s), 0 continuation(s) 
[71.510s][info][gc,marking  ] GC(304) Mark Stack Usage: 32M
[71.510s][info][gc,nmethod  ] GC(304) NMethods: 4380 registered, 1044 unregistered
[71.510s][info][gc,metaspace] GC(304) Metaspace: 71M used, 71M committed, 1088M reserved
[71.510s][info][gc,ref      ] GC(304) Soft: 3837 encountered, 0 discovered, 0 enqueued
[71.510s][info][gc,ref      ] GC(304) Weak: 11604 encountered, 1063 discovered, 0 enqueued
[71.510s][info][gc,ref      ] GC(304) Final: 289 encountered, 11 discovered, 0 enqueued
[71.510s][info][gc,ref      ] GC(304) Phantom: 425 encountered, 279 discovered, 0 enqueued
[71.510s][info][gc,reloc    ] GC(304) Small Pages: 269 / 538M, Empty: 230M, Relocated: 5M, In-Place: 0
[71.510s][info][gc,reloc    ] GC(304) Medium Pages: 0 / 0M, Empty: 0M, Relocated: 0M, In-Place: 0
[71.510s][info][gc,reloc    ] GC(304) Large Pages: 0 / 0M, Empty: 0M, Relocated: 0M, In-Place: 0
[71.510s][info][gc,reloc    ] GC(304) Forwarding Usage: 2M
[71.510s][info][gc,heap     ] GC(304) Min Capacity: 8M(0%)
[71.510s][info][gc,heap     ] GC(304) Max Capacity: 2048M(100%)
[71.510s][info][gc,heap     ] GC(304) Soft Max Capacity: 2048M(100%)
[71.510s][info][gc,heap     ] GC(304)                Mark Start          Mark End        Relocate Start      Relocate End           High               Low         
[71.510s][info][gc,heap     ] GC(304)  Capacity:     2048M (100%)       2048M (100%)       2048M (100%)       2048M (100%)       2048M (100%)       2048M (100%)   
[71.510s][info][gc,heap     ] GC(304)      Free:     1510M (74%)        1328M (65%)        1512M (74%)        1738M (85%)        1738M (85%)        1306M (64%)    
[71.510s][info][gc,heap     ] GC(304)      Used:      538M (26%)         720M (35%)         536M (26%)         310M (15%)         742M (36%)         310M (15%)    
[71.510s][info][gc,heap     ] GC(304)      Live:         -                54M (3%)           54M (3%)           54M (3%)             -                  -          
[71.510s][info][gc,heap     ] GC(304) Allocated:         -               182M (9%)          228M (11%)         235M (11%)            -                  -          
[71.510s][info][gc,heap     ] GC(304)   Garbage:         -               483M (24%)         253M (12%)          20M (1%)             -                  -          
[71.510s][info][gc,heap     ] GC(304) Reclaimed:         -                  -               230M (11%)         463M (23%)            -                  -          
[71.510s][info][gc          ] GC(304) Garbage Collection (Allocation Rate) 538M(26%)->310M(15%)
[71.554s][info][gc,start    ] GC(305) Garbage Collection (Allocation Rate)
[71.554s][info][gc,task     ] GC(305) Using 6 workers
[71.555s][info][gc,phases   ] GC(305) Pause Mark Start 0.012ms
[71.591s][info][gc,phases   ] GC(305) Concurrent Mark 36.356ms
[71.592s][info][gc,phases   ] GC(305) Pause Mark End 0.024ms
[71.596s][info][gc,phases   ] GC(305) Concurrent Mark Free 0.002ms
[71.599s][info][gc,phases   ] GC(305) Concurrent Process Non-Strong References 3.183ms
[71.599s][info][gc,phases   ] GC(305) Concurrent Reset Relocation Set 0.036ms
[71.604s][info][gc,phases   ] GC(305) Concurrent Select Relocation Set 4.948ms
[71.604s][info][gc,phases   ] GC(305) Pause Relocate Start 0.009ms
[71.611s][info][gc,phases   ] GC(305) Concurrent Relocate 6.276ms
[71.612s][info][gc,load     ] GC(305) Load: 0.00/0.00/0.00
[71.612s][info][gc,mmu      ] GC(305) MMU: 2ms/98.1%, 5ms/99.2%, 10ms/99.5%, 20ms/99.8%, 50ms/99.8%, 100ms/99.9%
[71.612s][info][gc,marking  ] GC(305) Mark: 4 stripe(s), 2 proactive flush(es), 1 terminate flush(es), 0 completion(s), 0 continuation(s) 
[71.612s][info][gc,marking  ] GC(305) Mark Stack Usage: 32M
[71.612s][info][gc,nmethod  ] GC(305) NMethods: 4388 registered, 1044 unregistered
[71.612s][info][gc,metaspace] GC(305) Metaspace: 71M used, 71M committed, 1088M reserved
[71.612s][info][gc,ref      ] GC(305) Soft: 3837 encountered, 0 discovered, 0 enqueued
[71.612s][info][gc,ref      ] GC(305) Weak: 11604 encountered, 1211 discovered, 0 enqueued
[71.612s][info][gc,ref      ] GC(305) Final: 289 encountered, 1 discovered, 0 enqueued
[71.612s][info][gc,ref      ] GC(305) Phantom: 425 encountered, 268 discovered, 0 enqueued
[71.612s][info][gc,reloc    ] GC(305) Small Pages: 269 / 538M, Empty: 214M, Relocated: 5M, In-Place: 0
[71.612s][info][gc,reloc    ] GC(305) Medium Pages: 0 / 0M, Empty: 0M, Relocated: 0M, In-Place: 0
[71.612s][info][gc,reloc    ] GC(305) Large Pages: 0 / 0M, Empty: 0M, Relocated: 0M, In-Place: 0
[71.612s][info][gc,reloc    ] GC(305) Forwarding Usage: 2M
[71.612s][info][gc,heap     ] GC(305) Min Capacity: 8M(0%)
[71.612s][info][gc,heap     ] GC(305) Max Capacity: 2048M(100%)
[71.612s][info][gc,heap     ] GC(305) Soft Max Capacity: 2048M(100%)
[71.612s][info][gc,heap     ] GC(305)                Mark Start          Mark End        Relocate Start      Relocate End           High               Low         
[71.612s][info][gc,heap     ] GC(305)  Capacity:     2048M (100%)       2048M (100%)       2048M (100%)       2048M (100%)       2048M (100%)       2048M (100%)   
[71.612s][info][gc,heap     ] GC(305)      Free:     1510M (74%)        1348M (66%)        1508M (74%)        1742M (85%)        1746M (85%)        1316M (64%)    
[71.612s][info][gc,heap     ] GC(305)      Used:      538M (26%)         700M (34%)         540M (26%)         306M (15%)         732M (36%)         302M (15%)    
[71.612s][info][gc,heap     ] GC(305)      Live:         -                54M (3%)           54M (3%)           54M (3%)             -                  -          
[71.612s][info][gc,heap     ] GC(305) Allocated:         -               162M (8%)          216M (11%)         231M (11%)            -                  -          
[71.612s][info][gc,heap     ] GC(305)   Garbage:         -               483M (24%)         269M (13%)          20M (1%)             -                  -          
[71.612s][info][gc,heap     ] GC(305) Reclaimed:         -                  -               214M (10%)         463M (23%)            -                  -          
[71.612s][info][gc          ] GC(305) Garbage Collection (Allocation Rate) 538M(26%)->306M(15%)
[71.654s][info][gc,start    ] GC(306) Garbage Collection (Allocation Rate)
[71.654s][info][gc,task     ] GC(306) Using 6 workers
[71.655s][info][gc,phases   ] GC(306) Pause Mark Start 0.010ms
[71.692s][info][gc,phases   ] GC(306) Concurrent Mark 37.325ms
[71.692s][info][gc,phases   ] GC(306) Pause Mark End 0.025ms
[71.693s][info][gc,phases   ] GC(306) Concurrent Mark Free 0.001ms
[71.696s][info][gc,phases   ] GC(306) Concurrent Process Non-Strong References 3.128ms
[71.696s][info][gc,phases   ] GC(306) Concurrent Reset Relocation Set 0.038ms
[71.705s][info][gc,phases   ] GC(306) Concurrent Select Relocation Set 8.373ms
[71.705s][info][gc,phases   ] GC(306) Pause Relocate Start 0.009ms
[71.712s][info][gc,phases   ] GC(306) Concurrent Relocate 6.207ms
[71.712s][info][gc,load     ] GC(306) Load: 0.00/0.00/0.00
[71.712s][info][gc,mmu      ] GC(306) MMU: 2ms/98.1%, 5ms/99.2%, 10ms/99.5%, 20ms/99.8%, 50ms/99.8%, 100ms/99.9%
[71.712s][info][gc,marking  ] GC(306) Mark: 4 stripe(s), 2 proactive flush(es), 1 terminate flush(es), 0 completion(s), 0 continuation(s) 
[71.712s][info][gc,marking  ] GC(306) Mark Stack Usage: 32M
[71.712s][info][gc,nmethod  ] GC(306) NMethods: 4391 registered, 1044 unregistered
[71.712s][info][gc,metaspace] GC(306) Metaspace: 71M used, 71M committed, 1088M reserved
[71.712s][info][gc,ref      ] GC(306) Soft: 3837 encountered, 0 discovered, 0 enqueued
[71.712s][info][gc,ref      ] GC(306) Weak: 11604 encountered, 1048 discovered, 0 enqueued
[71.712s][info][gc,ref      ] GC(306) Final: 289 encountered, 11 discovered, 0 enqueued
[71.712s][info][gc,ref      ] GC(306) Phantom: 425 encountered, 269 discovered, 0 enqueued
[71.712s][info][gc,reloc    ] GC(306) Small Pages: 251 / 502M, Empty: 212M, Relocated: 5M, In-Place: 0
[71.712s][info][gc,reloc    ] GC(306) Medium Pages: 0 / 0M, Empty: 0M, Relocated: 0M, In-Place: 0
[71.712s][info][gc,reloc    ] GC(306) Large Pages: 0 / 0M, Empty: 0M, Relocated: 0M, In-Place: 0
[71.712s][info][gc,reloc    ] GC(306) Forwarding Usage: 2M
[71.712s][info][gc,heap     ] GC(306) Min Capacity: 8M(0%)
[71.712s][info][gc,heap     ] GC(306) Max Capacity: 2048M(100%)
[71.712s][info][gc,heap     ] GC(306) Soft Max Capacity: 2048M(100%)
[71.712s][info][gc,heap     ] GC(306)                Mark Start          Mark End        Relocate Start      Relocate End           High               Low         
[71.712s][info][gc,heap     ] GC(306)  Capacity:     2048M (100%)       2048M (100%)       2048M (100%)       2048M (100%)       2048M (100%)       2048M (100%)   
[71.712s][info][gc,heap     ] GC(306)      Free:     1546M (75%)        1370M (67%)        1526M (75%)        1720M (84%)        1732M (85%)        1352M (66%)    
[71.712s][info][gc,heap     ] GC(306)      Used:      502M (25%)         678M (33%)         522M (25%)         328M (16%)         696M (34%)         316M (15%)    
[71.712s][info][gc,heap     ] GC(306)      Live:         -                53M (3%)           53M (3%)           53M (3%)             -                  -          
[71.712s][info][gc,heap     ] GC(306) Allocated:         -               176M (9%)          232M (11%)         253M (12%)            -                  -          
[71.712s][info][gc,heap     ] GC(306)   Garbage:         -               448M (22%)         236M (12%)          20M (1%)             -                  -          
[71.713s][info][gc,heap     ] GC(306) Reclaimed:         -                  -               212M (10%)         427M (21%)            -                  -          
[71.713s][info][gc          ] GC(306) Garbage Collection (Allocation Rate) 502M(25%)->328M(16%)
[71.754s][info][gc,start    ] GC(307) Garbage Collection (Allocation Rate)
[71.754s][info][gc,task     ] GC(307) Using 6 workers
[71.754s][info][gc,phases   ] GC(307) Pause Mark Start 0.010ms
[71.791s][info][gc,phases   ] GC(307) Concurrent Mark 36.219ms
[71.791s][info][gc,phases   ] GC(307) Pause Mark End 0.027ms
[71.793s][info][gc,phases   ] GC(307) Concurrent Mark Free 0.001ms
[71.796s][info][gc,phases   ] GC(307) Concurrent Process Non-Strong References 3.267ms
[71.796s][info][gc,phases   ] GC(307) Concurrent Reset Relocation Set 0.036ms
[71.805s][info][gc,phases   ] GC(307) Concurrent Select Relocation Set 8.585ms
[71.805s][info][gc,phases   ] GC(307) Pause Relocate Start 0.011ms
[71.810s][info][gc,phases   ] GC(307) Concurrent Relocate 4.343ms
[71.810s][info][gc,load     ] GC(307) Load: 0.00/0.00/0.00
[71.810s][info][gc,mmu      ] GC(307) MMU: 2ms/98.1%, 5ms/99.2%, 10ms/99.5%, 20ms/99.8%, 50ms/99.8%, 100ms/99.9%
[71.810s][info][gc,marking  ] GC(307) Mark: 4 stripe(s), 2 proactive flush(es), 1 terminate flush(es), 0 completion(s), 0 continuation(s) 
[71.810s][info][gc,marking  ] GC(307) Mark Stack Usage: 32M
[71.810s][info][gc,nmethod  ] GC(307) NMethods: 4391 registered, 1044 unregistered
[71.810s][info][gc,metaspace] GC(307) Metaspace: 71M used, 71M committed, 1088M reserved
[71.810s][info][gc,ref      ] GC(307) Soft: 3837 encountered, 0 discovered, 0 enqueued
[71.810s][info][gc,ref      ] GC(307) Weak: 11604 encountered, 989 discovered, 0 enqueued
[71.810s][info][gc,ref      ] GC(307) Final: 289 encountered, 24 discovered, 0 enqueued
[71.810s][info][gc,ref      ] GC(307) Phantom: 425 encountered, 285 discovered, 0 enqueued
[71.810s][info][gc,reloc    ] GC(307) Small Pages: 267 / 534M, Empty: 228M, Relocated: 5M, In-Place: 0
[71.810s][info][gc,reloc    ] GC(307) Medium Pages: 0 / 0M, Empty: 0M, Relocated: 0M, In-Place: 0
[71.810s][info][gc,reloc    ] GC(307) Large Pages: 0 / 0M, Empty: 0M, Relocated: 0M, In-Place: 0
[71.810s][info][gc,reloc    ] GC(307) Forwarding Usage: 2M
[71.810s][info][gc,heap     ] GC(307) Min Capacity: 8M(0%)
[71.810s][info][gc,heap     ] GC(307) Max Capacity: 2048M(100%)
[71.810s][info][gc,heap     ] GC(307) Soft Max Capacity: 2048M(100%)
[71.810s][info][gc,heap     ] GC(307)                Mark Start          Mark End        Relocate Start      Relocate End           High               Low         
[71.810s][info][gc,heap     ] GC(307)  Capacity:     2048M (100%)       2048M (100%)       2048M (100%)       2048M (100%)       2048M (100%)       2048M (100%)   
[71.810s][info][gc,heap     ] GC(307)      Free:     1514M (74%)        1340M (65%)        1506M (74%)        1726M (84%)        1726M (84%)        1316M (64%)    
[71.810s][info][gc,heap     ] GC(307)      Used:      534M (26%)         708M (35%)         542M (26%)         322M (16%)         732M (36%)         322M (16%)    
[71.810s][info][gc,heap     ] GC(307)      Live:         -                54M (3%)           54M (3%)           54M (3%)             -                  -          
[71.810s][info][gc,heap     ] GC(307) Allocated:         -               174M (8%)          236M (12%)         247M (12%)            -                  -          
[71.810s][info][gc,heap     ] GC(307)   Garbage:         -               479M (23%)         251M (12%)          20M (1%)             -                  -          
[71.810s][info][gc,heap     ] GC(307) Reclaimed:         -                  -               228M (11%)         459M (22%)            -                  -          
[71.810s][info][gc          ] GC(307) Garbage Collection (Allocation Rate) 534M(26%)->322M(16%)
[71.854s][info][gc,start    ] GC(308) Garbage Collection (Allocation Rate)
[71.854s][info][gc,task     ] GC(308) Using 6 workers
[71.854s][info][gc,phases   ] GC(308) Pause Mark Start 0.011ms
[71.893s][info][gc,phases   ] GC(308) Concurrent Mark 38.256ms
[71.893s][info][gc,phases   ] GC(308) Pause Mark End 0.026ms
[71.894s][info][gc,phases   ] GC(308) Concurrent Mark Free 0.002ms
[71.898s][info][gc,phases   ] GC(308) Concurrent Process Non-Strong References 3.238ms
[71.898s][info][gc,phases   ] GC(308) Concurrent Reset Relocation Set 0.037ms
[71.903s][info][gc,phases   ] GC(308) Concurrent Select Relocation Set 5.189ms
[71.903s][info][gc,phases   ] GC(308) Pause Relocate Start 0.008ms
[71.910s][info][gc,phases   ] GC(308) Concurrent Relocate 5.792ms
[71.910s][info][gc,load     ] GC(308) Load: 0.00/0.00/0.00
[71.910s][info][gc,mmu      ] GC(308) MMU: 2ms/98.1%, 5ms/99.2%, 10ms/99.5%, 20ms/99.8%, 50ms/99.8%, 100ms/99.9%
[71.910s][info][gc,marking  ] GC(308) Mark: 4 stripe(s), 2 proactive flush(es), 1 terminate flush(es), 0 completion(s), 0 continuation(s) 
[71.910s][info][gc,marking  ] GC(308) Mark Stack Usage: 32M
[71.910s][info][gc,nmethod  ] GC(308) NMethods: 4391 registered, 1044 unregistered
[71.910s][info][gc,metaspace] GC(308) Metaspace: 71M used, 71M committed, 1088M reserved
[71.910s][info][gc,ref      ] GC(308) Soft: 3837 encountered, 0 discovered, 0 enqueued
[71.910s][info][gc,ref      ] GC(308) Weak: 11604 encountered, 1089 discovered, 0 enqueued
[71.910s][info][gc,ref      ] GC(308) Final: 289 encountered, 13 discovered, 0 enqueued
[71.910s][info][gc,ref      ] GC(308) Phantom: 425 encountered, 291 discovered, 0 enqueued
[71.910s][info][gc,reloc    ] GC(308) Small Pages: 270 / 540M, Empty: 228M, Relocated: 5M, In-Place: 0
[71.910s][info][gc,reloc    ] GC(308) Medium Pages: 0 / 0M, Empty: 0M, Relocated: 0M, In-Place: 0
[71.910s][info][gc,reloc    ] GC(308) Large Pages: 0 / 0M, Empty: 0M, Relocated: 0M, In-Place: 0
[71.910s][info][gc,reloc    ] GC(308) Forwarding Usage: 2M
[71.910s][info][gc,heap     ] GC(308) Min Capacity: 8M(0%)
[71.910s][info][gc,heap     ] GC(308) Max Capacity: 2048M(100%)
[71.910s][info][gc,heap     ] GC(308) Soft Max Capacity: 2048M(100%)
[71.910s][info][gc,heap     ] GC(308)                Mark Start          Mark End        Relocate Start      Relocate End           High               Low         
[71.910s][info][gc,heap     ] GC(308)  Capacity:     2048M (100%)       2048M (100%)       2048M (100%)       2048M (100%)       2048M (100%)       2048M (100%)   
[71.910s][info][gc,heap     ] GC(308)      Free:     1508M (74%)        1328M (65%)        1510M (74%)        1734M (85%)        1742M (85%)        1306M (64%)    
[71.910s][info][gc,heap     ] GC(308)      Used:      540M (26%)         720M (35%)         538M (26%)         314M (15%)         742M (36%)         306M (15%)    
[71.910s][info][gc,heap     ] GC(308)      Live:         -                54M (3%)           54M (3%)           54M (3%)             -                  -          
[71.910s][info][gc,heap     ] GC(308) Allocated:         -               180M (9%)          226M (11%)         239M (12%)            -                  -          
[71.910s][info][gc,heap     ] GC(308)   Garbage:         -               485M (24%)         257M (13%)          20M (1%)             -                  -          
[71.910s][info][gc,heap     ] GC(308) Reclaimed:         -                  -               228M (11%)         465M (23%)            -                  -          
[71.910s][info][gc          ] GC(308) Garbage Collection (Allocation Rate) 540M(26%)->314M(15%)
[71.955s][info][gc,start    ] GC(309) Garbage Collection (Allocation Rate)
[71.955s][info][gc,task     ] GC(309) Using 6 workers
[71.955s][info][gc,phases   ] GC(309) Pause Mark Start 0.010ms
[71.990s][info][gc,phases   ] GC(309) Concurrent Mark 34.114ms
[71.990s][info][gc,phases   ] GC(309) Pause Mark End 0.023ms
[71.991s][info][gc,phases   ] GC(309) Concurrent Mark Free 0.002ms
[71.995s][info][gc,phases   ] GC(309) Concurrent Process Non-Strong References 3.502ms
[71.995s][info][gc,phases   ] GC(309) Concurrent Reset Relocation Set 0.039ms
[72.000s][info][gc,phases   ] GC(309) Concurrent Select Relocation Set 4.882ms
[72.000s][info][gc,phases   ] GC(309) Pause Relocate Start 0.007ms
[72.006s][info][gc,phases   ] GC(309) Concurrent Relocate 5.007ms
[72.006s][info][gc,load     ] GC(309) Load: 0.00/0.00/0.00
[72.006s][info][gc,mmu      ] GC(309) MMU: 2ms/98.1%, 5ms/99.2%, 10ms/99.5%, 20ms/99.8%, 50ms/99.8%, 100ms/99.9%
[72.006s][info][gc,marking  ] GC(309) Mark: 4 stripe(s), 2 proactive flush(es), 1 terminate flush(es), 0 completion(s), 0 continuation(s) 
[72.006s][info][gc,marking  ] GC(309) Mark Stack Usage: 32M
[72.006s][info][gc,nmethod  ] GC(309) NMethods: 4391 registered, 1044 unregistered
[72.006s][info][gc,metaspace] GC(309) Metaspace: 71M used, 71M committed, 1088M reserved
[72.006s][info][gc,ref      ] GC(309) Soft: 3837 encountered, 0 discovered, 0 enqueued
[72.006s][info][gc,ref      ] GC(309) Weak: 11604 encountered, 1306 discovered, 0 enqueued
[72.006s][info][gc,ref      ] GC(309) Final: 289 encountered, 13 discovered, 0 enqueued
[72.006s][info][gc,ref      ] GC(309) Phantom: 425 encountered, 303 discovered, 0 enqueued
[72.006s][info][gc,reloc    ] GC(309) Small Pages: 270 / 540M, Empty: 232M, Relocated: 5M, In-Place: 0
[72.006s][info][gc,reloc    ] GC(309) Medium Pages: 0 / 0M, Empty: 0M, Relocated: 0M, In-Place: 0
[72.006s][info][gc,reloc    ] GC(309) Large Pages: 0 / 0M, Empty: 0M, Relocated: 0M, In-Place: 0
[72.006s][info][gc,reloc    ] GC(309) Forwarding Usage: 2M
[72.006s][info][gc,heap     ] GC(309) Min Capacity: 8M(0%)
[72.006s][info][gc,heap     ] GC(309) Max Capacity: 2048M(100%)
[72.006s][info][gc,heap     ] GC(309) Soft Max Capacity: 2048M(100%)
[72.006s][info][gc,heap     ] GC(309)                Mark Start          Mark End        Relocate Start      Relocate End           High               Low         
[72.006s][info][gc,heap     ] GC(309)  Capacity:     2048M (100%)       2048M (100%)       2048M (100%)       2048M (100%)       2048M (100%)       2048M (100%)   
[72.006s][info][gc,heap     ] GC(309)      Free:     1508M (74%)        1342M (66%)        1530M (75%)        1754M (86%)        1754M (86%)        1318M (64%)    
[72.006s][info][gc,heap     ] GC(309)      Used:      540M (26%)         706M (34%)         518M (25%)         294M (14%)         730M (36%)         294M (14%)    
[72.006s][info][gc,heap     ] GC(309)      Live:         -                54M (3%)           54M (3%)           54M (3%)             -                  -          
[72.006s][info][gc,heap     ] GC(309) Allocated:         -               166M (8%)          210M (10%)         219M (11%)            -                  -          
[72.006s][info][gc,heap     ] GC(309)   Garbage:         -               485M (24%)         253M (12%)          20M (1%)             -                  -          
[72.006s][info][gc,heap     ] GC(309) Reclaimed:         -                  -               232M (11%)         465M (23%)            -                  -          
[72.006s][info][gc          ] GC(309) Garbage Collection (Allocation Rate) 540M(26%)->294M(14%)
[72.055s][info][gc,start    ] GC(310) Garbage Collection (Allocation Rate)
[72.055s][info][gc,task     ] GC(310) Using 6 workers
[72.055s][info][gc,phases   ] GC(310) Pause Mark Start 0.010ms
[72.088s][info][gc,phases   ] GC(310) Concurrent Mark 32.399ms
[72.088s][info][gc,phases   ] GC(310) Pause Mark End 0.024ms
[72.088s][info][gc,phases   ] GC(310) Concurrent Mark Free 0.001ms
[72.092s][info][gc,phases   ] GC(310) Concurrent Process Non-Strong References 3.307ms
[72.092s][info][gc,phases   ] GC(310) Concurrent Reset Relocation Set 0.036ms
[72.097s][info][gc,phases   ] GC(310) Concurrent Select Relocation Set 4.920ms
[72.097s][info][gc,phases   ] GC(310) Pause Relocate Start 0.007ms
[72.102s][info][gc,phases   ] GC(310) Concurrent Relocate 4.654ms
[72.103s][info][gc,load     ] GC(310) Load: 0.00/0.00/0.00
[72.103s][info][gc,mmu      ] GC(310) MMU: 2ms/98.1%, 5ms/99.2%, 10ms/99.5%, 20ms/99.8%, 50ms/99.8%, 100ms/99.9%
[72.103s][info][gc,marking  ] GC(310) Mark: 4 stripe(s), 2 proactive flush(es), 1 terminate flush(es), 0 completion(s), 0 continuation(s) 
[72.103s][info][gc,marking  ] GC(310) Mark Stack Usage: 32M
[72.103s][info][gc,nmethod  ] GC(310) NMethods: 4391 registered, 1044 unregistered
[72.103s][info][gc,metaspace] GC(310) Metaspace: 71M used, 71M committed, 1088M reserved
[72.103s][info][gc,ref      ] GC(310) Soft: 3837 encountered, 0 discovered, 0 enqueued
[72.103s][info][gc,ref      ] GC(310) Weak: 11604 encountered, 1713 discovered, 0 enqueued
[72.103s][info][gc,ref      ] GC(310) Final: 289 encountered, 18 discovered, 0 enqueued
[72.103s][info][gc,ref      ] GC(310) Phantom: 425 encountered, 256 discovered, 0 enqueued
[72.103s][info][gc,reloc    ] GC(310) Small Pages: 270 / 540M, Empty: 232M, Relocated: 5M, In-Place: 0
[72.103s][info][gc,reloc    ] GC(310) Medium Pages: 0 / 0M, Empty: 0M, Relocated: 0M, In-Place: 0
[72.103s][info][gc,reloc    ] GC(310) Large Pages: 0 / 0M, Empty: 0M, Relocated: 0M, In-Place: 0
[72.103s][info][gc,reloc    ] GC(310) Forwarding Usage: 2M
[72.103s][info][gc,heap     ] GC(310) Min Capacity: 8M(0%)
[72.103s][info][gc,heap     ] GC(310) Max Capacity: 2048M(100%)
[72.103s][info][gc,heap     ] GC(310) Soft Max Capacity: 2048M(100%)
[72.103s][info][gc,heap     ] GC(310)                Mark Start          Mark End        Relocate Start      Relocate End           High               Low         
[72.103s][info][gc,heap     ] GC(310)  Capacity:     2048M (100%)       2048M (100%)       2048M (100%)       2048M (100%)       2048M (100%)       2048M (100%)   
[72.103s][info][gc,heap     ] GC(310)      Free:     1508M (74%)        1352M (66%)        1544M (75%)        1766M (86%)        1768M (86%)        1334M (65%)    
[72.103s][info][gc,heap     ] GC(310)      Used:      540M (26%)         696M (34%)         504M (25%)         282M (14%)         714M (35%)         280M (14%)    
[72.103s][info][gc,heap     ] GC(310)      Live:         -                54M (3%)           54M (3%)           54M (3%)             -                  -          
[72.103s][info][gc,heap     ] GC(310) Allocated:         -               156M (8%)          196M (10%)         207M (10%)            -                  -          
[72.103s][info][gc,heap     ] GC(310)   Garbage:         -               485M (24%)         253M (12%)          20M (1%)             -                  -          
[72.103s][info][gc,heap     ] GC(310) Reclaimed:         -                  -               232M (11%)         465M (23%)            -                  -          
[72.103s][info][gc          ] GC(310) Garbage Collection (Allocation Rate) 540M(26%)->282M(14%)
[72.154s][info][gc,start    ] GC(311) Garbage Collection (Allocation Rate)
[72.155s][info][gc,task     ] GC(311) Using 6 workers
[72.155s][info][gc,phases   ] GC(311) Pause Mark Start 0.011ms
[72.194s][info][gc,phases   ] GC(311) Concurrent Mark 39.239ms
[72.195s][info][gc,phases   ] GC(311) Pause Mark End 0.027ms
[72.195s][info][gc,phases   ] GC(311) Concurrent Mark Free 0.002ms
[72.199s][info][gc,phases   ] GC(311) Concurrent Process Non-Strong References 3.475ms
[72.199s][info][gc,phases   ] GC(311) Concurrent Reset Relocation Set 0.048ms
[72.210s][info][gc,phases   ] GC(311) Concurrent Select Relocation Set 10.694ms
[72.210s][info][gc,phases   ] GC(311) Pause Relocate Start 0.009ms
[72.216s][info][gc,phases   ] GC(311) Concurrent Relocate 5.593ms
[72.216s][info][gc,load     ] GC(311) Load: 0.00/0.00/0.00
[72.216s][info][gc,mmu      ] GC(311) MMU: 2ms/98.1%, 5ms/99.2%, 10ms/99.5%, 20ms/99.8%, 50ms/99.8%, 100ms/99.9%
[72.216s][info][gc,marking  ] GC(311) Mark: 4 stripe(s), 3 proactive flush(es), 1 terminate flush(es), 0 completion(s), 0 continuation(s) 
[72.216s][info][gc,marking  ] GC(311) Mark Stack Usage: 32M
[72.216s][info][gc,nmethod  ] GC(311) NMethods: 4391 registered, 1044 unregistered
[72.217s][info][gc,metaspace] GC(311) Metaspace: 71M used, 71M committed, 1088M reserved
[72.217s][info][gc,ref      ] GC(311) Soft: 3837 encountered, 0 discovered, 0 enqueued
[72.217s][info][gc,ref      ] GC(311) Weak: 11604 encountered, 1485 discovered, 0 enqueued
[72.217s][info][gc,ref      ] GC(311) Final: 289 encountered, 23 discovered, 0 enqueued
[72.217s][info][gc,ref      ] GC(311) Phantom: 425 encountered, 269 discovered, 0 enqueued
[72.217s][info][gc,reloc    ] GC(311) Small Pages: 268 / 536M, Empty: 212M, Relocated: 5M, In-Place: 0
[72.217s][info][gc,reloc    ] GC(311) Medium Pages: 0 / 0M, Empty: 0M, Relocated: 0M, In-Place: 0
[72.217s][info][gc,reloc    ] GC(311) Large Pages: 0 / 0M, Empty: 0M, Relocated: 0M, In-Place: 0
[72.217s][info][gc,reloc    ] GC(311) Forwarding Usage: 2M
[72.217s][info][gc,heap     ] GC(311) Min Capacity: 8M(0%)
[72.217s][info][gc,heap     ] GC(311) Max Capacity: 2048M(100%)
[72.217s][info][gc,heap     ] GC(311) Soft Max Capacity: 2048M(100%)
[72.217s][info][gc,heap     ] GC(311)                Mark Start          Mark End        Relocate Start      Relocate End           High               Low         
[72.217s][info][gc,heap     ] GC(311)  Capacity:     2048M (100%)       2048M (100%)       2048M (100%)       2048M (100%)       2048M (100%)       2048M (100%)   
[72.217s][info][gc,heap     ] GC(311)      Free:     1512M (74%)        1332M (65%)        1476M (72%)        1714M (84%)        1718M (84%)        1316M (64%)    
[72.217s][info][gc,heap     ] GC(311)      Used:      536M (26%)         716M (35%)         572M (28%)         334M (16%)         732M (36%)         330M (16%)    
[72.217s][info][gc,heap     ] GC(311)      Live:         -                54M (3%)           54M (3%)           54M (3%)             -                  -          
[72.217s][info][gc,heap     ] GC(311) Allocated:         -               180M (9%)          248M (12%)         259M (13%)            -                  -          
[72.217s][info][gc,heap     ] GC(311)   Garbage:         -               481M (24%)         269M (13%)          20M (1%)             -                  -          
[72.217s][info][gc,heap     ] GC(311) Reclaimed:         -                  -               212M (10%)         461M (23%)            -                  -          
[72.217s][info][gc          ] GC(311) Garbage Collection (Allocation Rate) 536M(26%)->334M(16%)
[72.254s][info][gc,start    ] GC(312) Garbage Collection (Allocation Rate)
[72.254s][info][gc,task     ] GC(312) Using 6 workers
[72.255s][info][gc,phases   ] GC(312) Pause Mark Start 0.010ms
[72.288s][info][gc,phases   ] GC(312) Concurrent Mark 33.096ms
[72.288s][info][gc,phases   ] GC(312) Pause Mark End 0.023ms
[72.290s][info][gc,phases   ] GC(312) Concurrent Mark Free 0.002ms
[72.295s][info][gc,phases   ] GC(312) Concurrent Process Non-Strong References 5.546ms
[72.295s][info][gc,phases   ] GC(312) Concurrent Reset Relocation Set 0.039ms
[72.307s][info][gc,phases   ] GC(312) Concurrent Select Relocation Set 11.118ms
[72.307s][info][gc,phases   ] GC(312) Pause Relocate Start 0.008ms
[72.319s][info][gc,phases   ] GC(312) Concurrent Relocate 12.112ms
[72.319s][info][gc,load     ] GC(312) Load: 0.00/0.00/0.00
[72.319s][info][gc,mmu      ] GC(312) MMU: 2ms/98.1%, 5ms/99.2%, 10ms/99.5%, 20ms/99.8%, 50ms/99.8%, 100ms/99.9%
[72.319s][info][gc,marking  ] GC(312) Mark: 4 stripe(s), 3 proactive flush(es), 1 terminate flush(es), 0 completion(s), 0 continuation(s) 
[72.319s][info][gc,marking  ] GC(312) Mark Stack Usage: 32M
[72.319s][info][gc,nmethod  ] GC(312) NMethods: 4397 registered, 1044 unregistered
[72.319s][info][gc,metaspace] GC(312) Metaspace: 71M used, 71M committed, 1088M reserved
[72.319s][info][gc,ref      ] GC(312) Soft: 3837 encountered, 0 discovered, 0 enqueued
[72.319s][info][gc,ref      ] GC(312) Weak: 11568 encountered, 1693 discovered, 108 enqueued
[72.319s][info][gc,ref      ] GC(312) Final: 289 encountered, 1 discovered, 0 enqueued
[72.319s][info][gc,ref      ] GC(312) Phantom: 425 encountered, 262 discovered, 0 enqueued
[72.319s][info][gc,reloc    ] GC(312) Small Pages: 259 / 518M, Empty: 172M, Relocated: 12M, In-Place: 0
[72.319s][info][gc,reloc    ] GC(312) Medium Pages: 0 / 0M, Empty: 0M, Relocated: 0M, In-Place: 0
[72.319s][info][gc,reloc    ] GC(312) Large Pages: 0 / 0M, Empty: 0M, Relocated: 0M, In-Place: 0
[72.319s][info][gc,reloc    ] GC(312) Forwarding Usage: 4M
[72.319s][info][gc,heap     ] GC(312) Min Capacity: 8M(0%)
[72.319s][info][gc,heap     ] GC(312) Max Capacity: 2048M(100%)
[72.319s][info][gc,heap     ] GC(312) Soft Max Capacity: 2048M(100%)
[72.319s][info][gc,heap     ] GC(312)                Mark Start          Mark End        Relocate Start      Relocate End           High               Low         
[72.320s][info][gc,heap     ] GC(312)  Capacity:     2048M (100%)       2048M (100%)       2048M (100%)       2048M (100%)       2048M (100%)       2048M (100%)   
[72.320s][info][gc,heap     ] GC(312)      Free:     1530M (75%)        1374M (67%)        1464M (71%)        1700M (83%)        1726M (84%)        1342M (66%)    
[72.320s][info][gc,heap     ] GC(312)      Used:      518M (25%)         674M (33%)         584M (29%)         348M (17%)         706M (34%)         322M (16%)    
[72.320s][info][gc,heap     ] GC(312)      Live:         -                52M (3%)           52M (3%)           52M (3%)             -                  -          
[72.320s][info][gc,heap     ] GC(312) Allocated:         -               156M (8%)          238M (12%)         280M (14%)            -                  -          
[72.320s][info][gc,heap     ] GC(312)   Garbage:         -               465M (23%)         293M (14%)          14M (1%)             -                  -          
[72.320s][info][gc,heap     ] GC(312) Reclaimed:         -                  -               172M (8%)          450M (22%)            -                  -          
[72.320s][info][gc          ] GC(312) Garbage Collection (Allocation Rate) 518M(25%)->348M(17%)
[72.454s][info][gc,start    ] GC(313) Garbage Collection (Allocation Rate)
[72.454s][info][gc,task     ] GC(313) Using 4 workers
[72.454s][info][gc,phases   ] GC(313) Pause Mark Start 0.010ms
[72.504s][info][gc,phases   ] GC(313) Concurrent Mark 49.161ms
[72.504s][info][gc,phases   ] GC(313) Pause Mark End 0.026ms
[72.505s][info][gc,phases   ] GC(313) Concurrent Mark Free 0.001ms
[72.510s][info][gc,phases   ] GC(313) Concurrent Process Non-Strong References 5.359ms
[72.510s][info][gc,phases   ] GC(313) Concurrent Reset Relocation Set 0.046ms
[72.516s][info][gc,phases   ] GC(313) Concurrent Select Relocation Set 5.341ms
[72.516s][info][gc,phases   ] GC(313) Pause Relocate Start 0.008ms
[72.524s][info][gc,phases   ] GC(313) Concurrent Relocate 7.874ms
[72.524s][info][gc,load     ] GC(313) Load: 0.00/0.00/0.00
[72.524s][info][gc,mmu      ] GC(313) MMU: 2ms/98.1%, 5ms/99.2%, 10ms/99.5%, 20ms/99.8%, 50ms/99.8%, 100ms/99.9%
[72.524s][info][gc,marking  ] GC(313) Mark: 4 stripe(s), 2 proactive flush(es), 1 terminate flush(es), 0 completion(s), 0 continuation(s) 
[72.524s][info][gc,marking  ] GC(313) Mark Stack Usage: 32M
[72.524s][info][gc,nmethod  ] GC(313) NMethods: 4395 registered, 1046 unregistered
[72.524s][info][gc,metaspace] GC(313) Metaspace: 71M used, 71M committed, 1088M reserved
[72.524s][info][gc,ref      ] GC(313) Soft: 3837 encountered, 0 discovered, 0 enqueued
[72.524s][info][gc,ref      ] GC(313) Weak: 11444 encountered, 941 discovered, 36 enqueued
[72.524s][info][gc,ref      ] GC(313) Final: 289 encountered, 34 discovered, 0 enqueued
[72.525s][info][gc,ref      ] GC(313) Phantom: 425 encountered, 289 discovered, 0 enqueued
[72.525s][info][gc,reloc    ] GC(313) Small Pages: 507 / 1014M, Empty: 630M, Relocated: 6M, In-Place: 0
[72.525s][info][gc,reloc    ] GC(313) Medium Pages: 0 / 0M, Empty: 0M, Relocated: 0M, In-Place: 0
[72.525s][info][gc,reloc    ] GC(313) Large Pages: 0 / 0M, Empty: 0M, Relocated: 0M, In-Place: 0
[72.525s][info][gc,reloc    ] GC(313) Forwarding Usage: 2M
[72.525s][info][gc,heap     ] GC(313) Min Capacity: 8M(0%)
[72.525s][info][gc,heap     ] GC(313) Max Capacity: 2048M(100%)
[72.525s][info][gc,heap     ] GC(313) Soft Max Capacity: 2048M(100%)
[72.525s][info][gc,heap     ] GC(313)                Mark Start          Mark End        Relocate Start      Relocate End           High               Low         
[72.525s][info][gc,heap     ] GC(313)  Capacity:     2048M (100%)       2048M (100%)       2048M (100%)       2048M (100%)       2048M (100%)       2048M (100%)   
[72.525s][info][gc,heap     ] GC(313)      Free:     1034M (50%)         794M (39%)        1368M (67%)        1664M (81%)        1678M (82%)         766M (37%)    
[72.525s][info][gc,heap     ] GC(313)      Used:     1014M (50%)        1254M (61%)         680M (33%)         384M (19%)        1282M (63%)         370M (18%)    
[72.525s][info][gc,heap     ] GC(313)      Live:         -                52M (3%)           52M (3%)           52M (3%)             -                  -          
[72.525s][info][gc,heap     ] GC(313) Allocated:         -               240M (12%)         296M (14%)         316M (15%)            -                  -          
[72.525s][info][gc,heap     ] GC(313)   Garbage:         -               961M (47%)         331M (16%)          15M (1%)             -                  -          
[72.525s][info][gc,heap     ] GC(313) Reclaimed:         -                  -               630M (31%)         946M (46%)            -                  -          
[72.525s][info][gc          ] GC(313) Garbage Collection (Allocation Rate) 1014M(50%)->384M(19%)
[72.655s][info][gc,start    ] GC(314) Garbage Collection (Allocation Rate)
[72.655s][info][gc,task     ] GC(314) Using 3 workers
[72.655s][info][gc,phases   ] GC(314) Pause Mark Start 0.012ms
[72.709s][info][gc,phases   ] GC(314) Concurrent Mark 53.280ms
[72.709s][info][gc,phases   ] GC(314) Pause Mark End 0.020ms
[72.710s][info][gc,phases   ] GC(314) Concurrent Mark Free 0.001ms
[72.716s][info][gc,phases   ] GC(314) Concurrent Process Non-Strong References 6.008ms
[72.716s][info][gc,phases   ] GC(314) Concurrent Reset Relocation Set 0.045ms
[72.725s][info][gc,phases   ] GC(314) Concurrent Select Relocation Set 8.819ms
[72.725s][info][gc,phases   ] GC(314) Pause Relocate Start 0.009ms
[72.735s][info][gc,phases   ] GC(314) Concurrent Relocate 9.735ms
[72.735s][info][gc,load     ] GC(314) Load: 0.00/0.00/0.00
[72.735s][info][gc,mmu      ] GC(314) MMU: 2ms/98.1%, 5ms/99.2%, 10ms/99.5%, 20ms/99.8%, 50ms/99.8%, 100ms/99.9%
[72.735s][info][gc,marking  ] GC(314) Mark: 2 stripe(s), 2 proactive flush(es), 1 terminate flush(es), 0 completion(s), 0 continuation(s) 
[72.735s][info][gc,marking  ] GC(314) Mark Stack Usage: 32M
[72.735s][info][gc,nmethod  ] GC(314) NMethods: 4395 registered, 1046 unregistered
[72.735s][info][gc,metaspace] GC(314) Metaspace: 71M used, 71M committed, 1088M reserved
[72.735s][info][gc,ref      ] GC(314) Soft: 3837 encountered, 0 discovered, 0 enqueued
[72.735s][info][gc,ref      ] GC(314) Weak: 11408 encountered, 1343 discovered, 0 enqueued
[72.735s][info][gc,ref      ] GC(314) Final: 289 encountered, 22 discovered, 0 enqueued
[72.735s][info][gc,ref      ] GC(314) Phantom: 425 encountered, 332 discovered, 0 enqueued
[72.735s][info][gc,reloc    ] GC(314) Small Pages: 520 / 1040M, Empty: 662M, Relocated: 6M, In-Place: 0
[72.735s][info][gc,reloc    ] GC(314) Medium Pages: 0 / 0M, Empty: 0M, Relocated: 0M, In-Place: 0
[72.735s][info][gc,reloc    ] GC(314) Large Pages: 0 / 0M, Empty: 0M, Relocated: 0M, In-Place: 0
[72.735s][info][gc,reloc    ] GC(314) Forwarding Usage: 2M
[72.735s][info][gc,heap     ] GC(314) Min Capacity: 8M(0%)
[72.735s][info][gc,heap     ] GC(314) Max Capacity: 2048M(100%)
[72.735s][info][gc,heap     ] GC(314) Soft Max Capacity: 2048M(100%)
[72.735s][info][gc,heap     ] GC(314)                Mark Start          Mark End        Relocate Start      Relocate End           High               Low         
[72.736s][info][gc,heap     ] GC(314)  Capacity:     2048M (100%)       2048M (100%)       2048M (100%)       2048M (100%)       2048M (100%)       2048M (100%)   
[72.736s][info][gc,heap     ] GC(314)      Free:     1008M (49%)         746M (36%)        1332M (65%)        1618M (79%)        1636M (80%)         710M (35%)    
[72.736s][info][gc,heap     ] GC(314)      Used:     1040M (51%)        1302M (64%)         716M (35%)         430M (21%)        1338M (65%)         412M (20%)    
[72.736s][info][gc,heap     ] GC(314)      Live:         -                52M (3%)           52M (3%)           52M (3%)             -                  -          
[72.736s][info][gc,heap     ] GC(314) Allocated:         -               262M (13%)         338M (17%)         366M (18%)            -                  -          
[72.736s][info][gc,heap     ] GC(314)   Garbage:         -               987M (48%)         325M (16%)          11M (1%)             -                  -          
[72.736s][info][gc,heap     ] GC(314) Reclaimed:         -                  -               662M (32%)         976M (48%)            -                  -          
[72.736s][info][gc          ] GC(314) Garbage Collection (Allocation Rate) 1040M(51%)->430M(21%)
[72.854s][info][gc,start    ] GC(315) Garbage Collection (Allocation Rate)
[72.854s][info][gc,task     ] GC(315) Using 3 workers
[72.855s][info][gc,phases   ] GC(315) Pause Mark Start 0.011ms
[72.920s][info][gc,phases   ] GC(315) Concurrent Mark 65.201ms
[72.920s][info][gc,phases   ] GC(315) Pause Mark End 0.025ms
[72.921s][info][gc,phases   ] GC(315) Concurrent Mark Free 0.001ms
[72.927s][info][gc,phases   ] GC(315) Concurrent Process Non-Strong References 6.130ms
[72.927s][info][gc,phases   ] GC(315) Concurrent Reset Relocation Set 0.041ms
[72.935s][info][gc,phases   ] GC(315) Concurrent Select Relocation Set 8.415ms
[72.936s][info][gc,phases   ] GC(315) Pause Relocate Start 0.008ms
[72.945s][info][gc,phases   ] GC(315) Concurrent Relocate 9.133ms
[72.945s][info][gc,load     ] GC(315) Load: 0.00/0.00/0.00
[72.945s][info][gc,mmu      ] GC(315) MMU: 2ms/98.1%, 5ms/99.2%, 10ms/99.5%, 20ms/99.8%, 50ms/99.8%, 100ms/99.9%
[72.945s][info][gc,marking  ] GC(315) Mark: 2 stripe(s), 2 proactive flush(es), 1 terminate flush(es), 0 completion(s), 0 continuation(s) 
[72.945s][info][gc,marking  ] GC(315) Mark Stack Usage: 32M
[72.945s][info][gc,nmethod  ] GC(315) NMethods: 4395 registered, 1046 unregistered
[72.945s][info][gc,metaspace] GC(315) Metaspace: 71M used, 71M committed, 1088M reserved
[72.946s][info][gc,ref      ] GC(315) Soft: 3837 encountered, 0 discovered, 0 enqueued
[72.946s][info][gc,ref      ] GC(315) Weak: 11408 encountered, 1024 discovered, 0 enqueued
[72.946s][info][gc,ref      ] GC(315) Final: 289 encountered, 21 discovered, 0 enqueued
[72.946s][info][gc,ref      ] GC(315) Phantom: 425 encountered, 268 discovered, 0 enqueued
[72.946s][info][gc,reloc    ] GC(315) Small Pages: 515 / 1030M, Empty: 654M, Relocated: 6M, In-Place: 0
[72.946s][info][gc,reloc    ] GC(315) Medium Pages: 0 / 0M, Empty: 0M, Relocated: 0M, In-Place: 0
[72.946s][info][gc,reloc    ] GC(315) Large Pages: 0 / 0M, Empty: 0M, Relocated: 0M, In-Place: 0
[72.946s][info][gc,reloc    ] GC(315) Forwarding Usage: 2M
[72.946s][info][gc,heap     ] GC(315) Min Capacity: 8M(0%)
[72.946s][info][gc,heap     ] GC(315) Max Capacity: 2048M(100%)
[72.946s][info][gc,heap     ] GC(315) Soft Max Capacity: 2048M(100%)
[72.946s][info][gc,heap     ] GC(315)                Mark Start          Mark End        Relocate Start      Relocate End           High               Low         
[72.946s][info][gc,heap     ] GC(315)  Capacity:     2048M (100%)       2048M (100%)       2048M (100%)       2048M (100%)       2048M (100%)       2048M (100%)   
[72.946s][info][gc,heap     ] GC(315)      Free:     1018M (50%)         706M (34%)        1286M (63%)        1574M (77%)        1590M (78%)         676M (33%)    
[72.946s][info][gc,heap     ] GC(315)      Used:     1030M (50%)        1342M (66%)         762M (37%)         474M (23%)        1372M (67%)         458M (22%)    
[72.946s][info][gc,heap     ] GC(315)      Live:         -                52M (3%)           52M (3%)           52M (3%)             -                  -          
[72.946s][info][gc,heap     ] GC(315) Allocated:         -               312M (15%)         386M (19%)         410M (20%)            -                  -          
[72.946s][info][gc,heap     ] GC(315)   Garbage:         -               977M (48%)         323M (16%)          11M (1%)             -                  -          
[72.946s][info][gc,heap     ] GC(315) Reclaimed:         -                  -               654M (32%)         966M (47%)            -                  -          
[72.946s][info][gc          ] GC(315) Garbage Collection (Allocation Rate) 1030M(50%)->474M(23%)
[73.054s][info][gc,start    ] GC(316) Garbage Collection (Allocation Rate)
[73.054s][info][gc,task     ] GC(316) Using 3 workers
[73.054s][info][gc,phases   ] GC(316) Pause Mark Start 0.012ms
[73.113s][info][gc,phases   ] GC(316) Concurrent Mark 58.258ms
[73.113s][info][gc,phases   ] GC(316) Pause Mark End 0.022ms
[73.114s][info][gc,phases   ] GC(316) Concurrent Mark Free 0.002ms
[73.120s][info][gc,phases   ] GC(316) Concurrent Process Non-Strong References 5.906ms
[73.120s][info][gc,phases   ] GC(316) Concurrent Reset Relocation Set 0.046ms
[73.125s][info][gc,phases   ] GC(316) Concurrent Select Relocation Set 5.296ms
[73.125s][info][gc,phases   ] GC(316) Pause Relocate Start 0.009ms
[73.137s][info][gc,phases   ] GC(316) Concurrent Relocate 10.603ms
[73.137s][info][gc,load     ] GC(316) Load: 0.00/0.00/0.00
[73.137s][info][gc,mmu      ] GC(316) MMU: 2ms/98.1%, 5ms/99.2%, 10ms/99.5%, 20ms/99.8%, 50ms/99.8%, 100ms/99.9%
[73.137s][info][gc,marking  ] GC(316) Mark: 2 stripe(s), 2 proactive flush(es), 1 terminate flush(es), 0 completion(s), 0 continuation(s) 
[73.137s][info][gc,marking  ] GC(316) Mark Stack Usage: 32M
[73.137s][info][gc,nmethod  ] GC(316) NMethods: 4395 registered, 1046 unregistered
[73.137s][info][gc,metaspace] GC(316) Metaspace: 71M used, 71M committed, 1088M reserved
[73.137s][info][gc,ref      ] GC(316) Soft: 3837 encountered, 0 discovered, 0 enqueued
[73.137s][info][gc,ref      ] GC(316) Weak: 11408 encountered, 977 discovered, 0 enqueued
[73.137s][info][gc,ref      ] GC(316) Final: 289 encountered, 14 discovered, 0 enqueued
[73.137s][info][gc,ref      ] GC(316) Phantom: 425 encountered, 337 discovered, 0 enqueued
[73.137s][info][gc,reloc    ] GC(316) Small Pages: 507 / 1014M, Empty: 668M, Relocated: 6M, In-Place: 0
[73.137s][info][gc,reloc    ] GC(316) Medium Pages: 0 / 0M, Empty: 0M, Relocated: 0M, In-Place: 0
[73.137s][info][gc,reloc    ] GC(316) Large Pages: 0 / 0M, Empty: 0M, Relocated: 0M, In-Place: 0
[73.137s][info][gc,reloc    ] GC(316) Forwarding Usage: 2M
[73.137s][info][gc,heap     ] GC(316) Min Capacity: 8M(0%)
[73.137s][info][gc,heap     ] GC(316) Max Capacity: 2048M(100%)
[73.137s][info][gc,heap     ] GC(316) Soft Max Capacity: 2048M(100%)
[73.137s][info][gc,heap     ] GC(316)                Mark Start          Mark End        Relocate Start      Relocate End           High               Low         
[73.137s][info][gc,heap     ] GC(316)  Capacity:     2048M (100%)       2048M (100%)       2048M (100%)       2048M (100%)       2048M (100%)       2048M (100%)   
[73.137s][info][gc,heap     ] GC(316)      Free:     1034M (50%)         754M (37%)        1364M (67%)        1616M (79%)        1638M (80%)         722M (35%)    
[73.137s][info][gc,heap     ] GC(316)      Used:     1014M (50%)        1294M (63%)         684M (33%)         432M (21%)        1326M (65%)         410M (20%)    
[73.137s][info][gc,heap     ] GC(316)      Live:         -                52M (3%)           52M (3%)           52M (3%)             -                  -          
[73.137s][info][gc,heap     ] GC(316) Allocated:         -               280M (14%)         338M (17%)         368M (18%)            -                  -          
[73.137s][info][gc,heap     ] GC(316)   Garbage:         -               961M (47%)         293M (14%)          11M (1%)             -                  -          
[73.137s][info][gc,heap     ] GC(316) Reclaimed:         -                  -               668M (33%)         950M (46%)            -                  -          
[73.137s][info][gc          ] GC(316) Garbage Collection (Allocation Rate) 1014M(50%)->432M(21%)
[73.255s][info][gc,start    ] GC(317) Garbage Collection (Allocation Rate)
[73.315s][info][gc,task     ] GC(317) Using 3 workers
[73.315s][info][gc,phases   ] GC(317) Pause Mark Start 0.013ms
[73.374s][info][gc,phases   ] GC(317) Concurrent Mark 58.075ms
[73.374s][info][gc,phases   ] GC(317) Pause Mark End 0.028ms
[73.375s][info][gc,phases   ] GC(317) Concurrent Mark Free 0.001ms
[73.381s][info][gc,phases   ] GC(317) Concurrent Process Non-Strong References 5.747ms
[73.381s][info][gc,phases   ] GC(317) Concurrent Reset Relocation Set 0.037ms
[73.390s][info][gc,phases   ] GC(317) Concurrent Select Relocation Set 8.636ms
[73.390s][info][gc,phases   ] GC(317) Pause Relocate Start 0.008ms
[73.400s][info][gc,phases   ] GC(317) Concurrent Relocate 10.325ms
[73.401s][info][gc,load     ] GC(317) Load: 0.00/0.00/0.00
[73.401s][info][gc,mmu      ] GC(317) MMU: 2ms/98.1%, 5ms/99.2%, 10ms/99.5%, 20ms/99.8%, 50ms/99.8%, 100ms/99.9%
[73.401s][info][gc,marking  ] GC(317) Mark: 2 stripe(s), 2 proactive flush(es), 1 terminate flush(es), 0 completion(s), 0 continuation(s) 
[73.401s][info][gc,marking  ] GC(317) Mark Stack Usage: 32M
[73.401s][info][gc,nmethod  ] GC(317) NMethods: 4395 registered, 1046 unregistered
[73.401s][info][gc,metaspace] GC(317) Metaspace: 71M used, 71M committed, 1088M reserved
[73.401s][info][gc,ref      ] GC(317) Soft: 3837 encountered, 0 discovered, 0 enqueued
[73.401s][info][gc,ref      ] GC(317) Weak: 11408 encountered, 848 discovered, 0 enqueued
[73.401s][info][gc,ref      ] GC(317) Final: 289 encountered, 34 discovered, 0 enqueued
[73.401s][info][gc,ref      ] GC(317) Phantom: 425 encountered, 287 discovered, 0 enqueued
[73.401s][info][gc,reloc    ] GC(317) Small Pages: 658 / 1316M, Empty: 864M, Relocated: 6M, In-Place: 0
[73.401s][info][gc,reloc    ] GC(317) Medium Pages: 0 / 0M, Empty: 0M, Relocated: 0M, In-Place: 0
[73.401s][info][gc,reloc    ] GC(317) Large Pages: 0 / 0M, Empty: 0M, Relocated: 0M, In-Place: 0
[73.401s][info][gc,reloc    ] GC(317) Forwarding Usage: 2M
[73.401s][info][gc,heap     ] GC(317) Min Capacity: 8M(0%)
[73.401s][info][gc,heap     ] GC(317) Max Capacity: 2048M(100%)
[73.401s][info][gc,heap     ] GC(317) Soft Max Capacity: 2048M(100%)
[73.401s][info][gc,heap     ] GC(317)                Mark Start          Mark End        Relocate Start      Relocate End           High               Low         
[73.401s][info][gc,heap     ] GC(317)  Capacity:     2048M (100%)       2048M (100%)       2048M (100%)       2048M (100%)       2048M (100%)       2048M (100%)   
[73.401s][info][gc,heap     ] GC(317)      Free:      732M (36%)         462M (23%)        1254M (61%)        1602M (78%)        1624M (79%)         430M (21%)    
[73.401s][info][gc,heap     ] GC(317)      Used:     1316M (64%)        1586M (77%)         794M (39%)         446M (22%)        1618M (79%)         424M (21%)    
[73.401s][info][gc,heap     ] GC(317)      Live:         -                52M (3%)           52M (3%)           52M (3%)             -                  -          
[73.401s][info][gc,heap     ] GC(317) Allocated:         -               270M (13%)         342M (17%)         381M (19%)            -                  -          
[73.401s][info][gc,heap     ] GC(317)   Garbage:         -              1263M (62%)         399M (20%)          12M (1%)             -                  -          
[73.401s][info][gc,heap     ] GC(317) Reclaimed:         -                  -               864M (42%)        1251M (61%)            -                  -          
[73.401s][info][gc          ] GC(317) Garbage Collection (Allocation Rate) 1316M(64%)->446M(22%)
[73.554s][info][gc,start    ] GC(318) Garbage Collection (Allocation Rate)
[73.554s][info][gc,task     ] GC(318) Using 3 workers
[73.554s][info][gc,phases   ] GC(318) Pause Mark Start 0.011ms
[73.617s][info][gc,phases   ] GC(318) Concurrent Mark 62.243ms
[73.617s][info][gc,phases   ] GC(318) Pause Mark End 0.025ms
[73.618s][info][gc,phases   ] GC(318) Concurrent Mark Free 0.001ms
[73.624s][info][gc,phases   ] GC(318) Concurrent Process Non-Strong References 6.085ms
[73.624s][info][gc,phases   ] GC(318) Concurrent Reset Relocation Set 0.055ms
[73.629s][info][gc,phases   ] GC(318) Concurrent Select Relocation Set 5.059ms
[73.630s][info][gc,phases   ] GC(318) Pause Relocate Start 0.009ms
[73.639s][info][gc,phases   ] GC(318) Concurrent Relocate 9.209ms
[73.639s][info][gc,load     ] GC(318) Load: 0.00/0.00/0.00
[73.639s][info][gc,mmu      ] GC(318) MMU: 2ms/98.1%, 5ms/99.2%, 10ms/99.5%, 20ms/99.8%, 50ms/99.8%, 100ms/99.9%
[73.639s][info][gc,marking  ] GC(318) Mark: 2 stripe(s), 3 proactive flush(es), 1 terminate flush(es), 0 completion(s), 0 continuation(s) 
[73.639s][info][gc,marking  ] GC(318) Mark Stack Usage: 32M
[73.639s][info][gc,nmethod  ] GC(318) NMethods: 4395 registered, 1046 unregistered
[73.639s][info][gc,metaspace] GC(318) Metaspace: 71M used, 71M committed, 1088M reserved
[73.639s][info][gc,ref      ] GC(318) Soft: 3837 encountered, 0 discovered, 0 enqueued
[73.639s][info][gc,ref      ] GC(318) Weak: 11408 encountered, 1208 discovered, 0 enqueued
[73.639s][info][gc,ref      ] GC(318) Final: 289 encountered, 36 discovered, 0 enqueued
[73.639s][info][gc,ref      ] GC(318) Phantom: 425 encountered, 339 discovered, 0 enqueued
[73.639s][info][gc,reloc    ] GC(318) Small Pages: 605 / 1210M, Empty: 834M, Relocated: 6M, In-Place: 0
[73.639s][info][gc,reloc    ] GC(318) Medium Pages: 0 / 0M, Empty: 0M, Relocated: 0M, In-Place: 0
[73.639s][info][gc,reloc    ] GC(318) Large Pages: 0 / 0M, Empty: 0M, Relocated: 0M, In-Place: 0
[73.639s][info][gc,reloc    ] GC(318) Forwarding Usage: 2M
[73.639s][info][gc,heap     ] GC(318) Min Capacity: 8M(0%)
[73.639s][info][gc,heap     ] GC(318) Max Capacity: 2048M(100%)
[73.640s][info][gc,heap     ] GC(318) Soft Max Capacity: 2048M(100%)
[73.640s][info][gc,heap     ] GC(318)                Mark Start          Mark End        Relocate Start      Relocate End           High               Low         
[73.640s][info][gc,heap     ] GC(318)  Capacity:     2048M (100%)       2048M (100%)       2048M (100%)       2048M (100%)       2048M (100%)       2048M (100%)   
[73.640s][info][gc,heap     ] GC(318)      Free:      838M (41%)         536M (26%)        1314M (64%)        1598M (78%)        1614M (79%)         502M (25%)    
[73.640s][info][gc,heap     ] GC(318)      Used:     1210M (59%)        1512M (74%)         734M (36%)         450M (22%)        1546M (75%)         434M (21%)    
[73.640s][info][gc,heap     ] GC(318)      Live:         -                52M (3%)           52M (3%)           52M (3%)             -                  -          
[73.640s][info][gc,heap     ] GC(318) Allocated:         -               302M (15%)         358M (17%)         384M (19%)            -                  -          
[73.640s][info][gc,heap     ] GC(318)   Garbage:         -              1157M (57%)         323M (16%)          13M (1%)             -                  -          
[73.640s][info][gc,heap     ] GC(318) Reclaimed:         -                  -               834M (41%)        1144M (56%)            -                  -          
[73.640s][info][gc          ] GC(318) Garbage Collection (Allocation Rate) 1210M(59%)->450M(22%)
[73.754s][info][gc,start    ] GC(319) Garbage Collection (Allocation Rate)
[73.754s][info][gc,task     ] GC(319) Using 3 workers
[73.754s][info][gc,phases   ] GC(319) Pause Mark Start 0.013ms
[73.813s][info][gc,phases   ] GC(319) Concurrent Mark 58.219ms
[73.813s][info][gc,phases   ] GC(319) Pause Mark End 0.020ms
[73.814s][info][gc,phases   ] GC(319) Concurrent Mark Free 0.001ms
[73.820s][info][gc,phases   ] GC(319) Concurrent Process Non-Strong References 6.339ms
[73.820s][info][gc,phases   ] GC(319) Concurrent Reset Relocation Set 0.041ms
[73.825s][info][gc,phases   ] GC(319) Concurrent Select Relocation Set 4.992ms
[73.826s][info][gc,phases   ] GC(319) Pause Relocate Start 0.009ms
[73.835s][info][gc,phases   ] GC(319) Concurrent Relocate 8.374ms
[73.835s][info][gc,load     ] GC(319) Load: 0.00/0.00/0.00
[73.835s][info][gc,mmu      ] GC(319) MMU: 2ms/98.1%, 5ms/99.2%, 10ms/99.5%, 20ms/99.8%, 50ms/99.8%, 100ms/99.9%
[73.835s][info][gc,marking  ] GC(319) Mark: 2 stripe(s), 2 proactive flush(es), 1 terminate flush(es), 0 completion(s), 0 continuation(s) 
[73.835s][info][gc,marking  ] GC(319) Mark Stack Usage: 32M
[73.835s][info][gc,nmethod  ] GC(319) NMethods: 4398 registered, 1046 unregistered
[73.835s][info][gc,metaspace] GC(319) Metaspace: 71M used, 71M committed, 1088M reserved
[73.835s][info][gc,ref      ] GC(319) Soft: 3837 encountered, 0 discovered, 0 enqueued
[73.835s][info][gc,ref      ] GC(319) Weak: 11408 encountered, 850 discovered, 0 enqueued
[73.835s][info][gc,ref      ] GC(319) Final: 289 encountered, 72 discovered, 0 enqueued
[73.835s][info][gc,ref      ] GC(319) Phantom: 425 encountered, 298 discovered, 0 enqueued
[73.835s][info][gc,reloc    ] GC(319) Small Pages: 509 / 1018M, Empty: 656M, Relocated: 6M, In-Place: 0
[73.835s][info][gc,reloc    ] GC(319) Medium Pages: 0 / 0M, Empty: 0M, Relocated: 0M, In-Place: 0
[73.835s][info][gc,reloc    ] GC(319) Large Pages: 0 / 0M, Empty: 0M, Relocated: 0M, In-Place: 0
[73.835s][info][gc,reloc    ] GC(319) Forwarding Usage: 2M
[73.835s][info][gc,heap     ] GC(319) Min Capacity: 8M(0%)
[73.835s][info][gc,heap     ] GC(319) Max Capacity: 2048M(100%)
[73.835s][info][gc,heap     ] GC(319) Soft Max Capacity: 2048M(100%)
[73.835s][info][gc,heap     ] GC(319)                Mark Start          Mark End        Relocate Start      Relocate End           High               Low         
[73.835s][info][gc,heap     ] GC(319)  Capacity:     2048M (100%)       2048M (100%)       2048M (100%)       2048M (100%)       2048M (100%)       2048M (100%)   
[73.835s][info][gc,heap     ] GC(319)      Free:     1030M (50%)         752M (37%)        1348M (66%)        1620M (79%)        1638M (80%)         718M (35%)    
[73.835s][info][gc,heap     ] GC(319)      Used:     1018M (50%)        1296M (63%)         700M (34%)         428M (21%)        1330M (65%)         410M (20%)    
[73.835s][info][gc,heap     ] GC(319)      Live:         -                52M (3%)           52M (3%)           52M (3%)             -                  -          
[73.835s][info][gc,heap     ] GC(319) Allocated:         -               278M (14%)         338M (17%)         360M (18%)            -                  -          
[73.835s][info][gc,heap     ] GC(319)   Garbage:         -               965M (47%)         309M (15%)          15M (1%)             -                  -          
[73.835s][info][gc,heap     ] GC(319) Reclaimed:         -                  -               656M (32%)         950M (46%)            -                  -          
[73.835s][info][gc          ] GC(319) Garbage Collection (Allocation Rate) 1018M(50%)->428M(21%)
[73.955s][info][gc,start    ] GC(320) Garbage Collection (Allocation Rate)
[73.955s][info][gc,task     ] GC(320) Using 3 workers
[73.955s][info][gc,phases   ] GC(320) Pause Mark Start 0.010ms
[74.020s][info][gc,phases   ] GC(320) Concurrent Mark 65.157ms
[74.021s][info][gc,phases   ] GC(320) Pause Mark End 0.031ms
[74.023s][info][gc,phases   ] GC(320) Concurrent Mark Free 0.001ms
[74.029s][info][gc,phases   ] GC(320) Concurrent Process Non-Strong References 6.443ms
[74.029s][info][gc,phases   ] GC(320) Concurrent Reset Relocation Set 0.040ms
[74.035s][info][gc,phases   ] GC(320) Concurrent Select Relocation Set 5.203ms
[74.035s][info][gc,phases   ] GC(320) Pause Relocate Start 0.007ms
[74.044s][info][gc,phases   ] GC(320) Concurrent Relocate 8.479ms
[74.044s][info][gc,load     ] GC(320) Load: 0.00/0.00/0.00
[74.044s][info][gc,mmu      ] GC(320) MMU: 2ms/98.1%, 5ms/99.2%, 10ms/99.5%, 20ms/99.8%, 50ms/99.8%, 100ms/99.9%
[74.044s][info][gc,marking  ] GC(320) Mark: 2 stripe(s), 3 proactive flush(es), 1 terminate flush(es), 0 completion(s), 0 continuation(s) 
[74.044s][info][gc,marking  ] GC(320) Mark Stack Usage: 32M
[74.044s][info][gc,nmethod  ] GC(320) NMethods: 4395 registered, 1049 unregistered
[74.044s][info][gc,metaspace] GC(320) Metaspace: 71M used, 71M committed, 1088M reserved
[74.044s][info][gc,ref      ] GC(320) Soft: 3837 encountered, 0 discovered, 0 enqueued
[74.044s][info][gc,ref      ] GC(320) Weak: 11408 encountered, 1238 discovered, 0 enqueued
[74.044s][info][gc,ref      ] GC(320) Final: 289 encountered, 22 discovered, 0 enqueued
[74.044s][info][gc,ref      ] GC(320) Phantom: 425 encountered, 289 discovered, 0 enqueued
[74.044s][info][gc,reloc    ] GC(320) Small Pages: 515 / 1030M, Empty: 650M, Relocated: 6M, In-Place: 0
[74.044s][info][gc,reloc    ] GC(320) Medium Pages: 0 / 0M, Empty: 0M, Relocated: 0M, In-Place: 0
[74.044s][info][gc,reloc    ] GC(320) Large Pages: 0 / 0M, Empty: 0M, Relocated: 0M, In-Place: 0
[74.044s][info][gc,reloc    ] GC(320) Forwarding Usage: 2M
[74.044s][info][gc,heap     ] GC(320) Min Capacity: 8M(0%)
[74.044s][info][gc,heap     ] GC(320) Max Capacity: 2048M(100%)
[74.044s][info][gc,heap     ] GC(320) Soft Max Capacity: 2048M(100%)
[74.044s][info][gc,heap     ] GC(320)                Mark Start          Mark End        Relocate Start      Relocate End           High               Low         
[74.044s][info][gc,heap     ] GC(320)  Capacity:     2048M (100%)       2048M (100%)       2048M (100%)       2048M (100%)       2048M (100%)       2048M (100%)   
[74.044s][info][gc,heap     ] GC(320)      Free:     1018M (50%)         700M (34%)        1282M (63%)        1578M (77%)        1588M (78%)         658M (32%)    
[74.044s][info][gc,heap     ] GC(320)      Used:     1030M (50%)        1348M (66%)         766M (37%)         470M (23%)        1390M (68%)         460M (22%)    
[74.044s][info][gc,heap     ] GC(320)      Live:         -                52M (3%)           52M (3%)           52M (3%)             -                  -          
[74.044s][info][gc,heap     ] GC(320) Allocated:         -               318M (16%)         386M (19%)         404M (20%)            -                  -          
[74.044s][info][gc,heap     ] GC(320)   Garbage:         -               977M (48%)         327M (16%)          13M (1%)             -                  -          
[74.044s][info][gc,heap     ] GC(320) Reclaimed:         -                  -               650M (32%)         964M (47%)            -                  -          
[74.044s][info][gc          ] GC(320) Garbage Collection (Allocation Rate) 1030M(50%)->470M(23%)
[74.154s][info][gc,start    ] GC(321) Garbage Collection (Allocation Rate)
[74.154s][info][gc,task     ] GC(321) Using 3 workers
[74.155s][info][gc,phases   ] GC(321) Pause Mark Start 0.010ms
[74.225s][info][gc,phases   ] GC(321) Concurrent Mark 70.225ms
[74.225s][info][gc,phases   ] GC(321) Pause Mark End 0.028ms
[74.226s][info][gc,phases   ] GC(321) Concurrent Mark Free 0.001ms
[74.232s][info][gc,phases   ] GC(321) Concurrent Process Non-Strong References 5.826ms
[74.232s][info][gc,phases   ] GC(321) Concurrent Reset Relocation Set 0.039ms
[74.240s][info][gc,phases   ] GC(321) Concurrent Select Relocation Set 8.314ms
[74.240s][info][gc,phases   ] GC(321) Pause Relocate Start 0.008ms
[74.250s][info][gc,phases   ] GC(321) Concurrent Relocate 9.258ms
[74.250s][info][gc,load     ] GC(321) Load: 0.00/0.00/0.00
[74.250s][info][gc,mmu      ] GC(321) MMU: 2ms/98.1%, 5ms/99.2%, 10ms/99.5%, 20ms/99.8%, 50ms/99.8%, 100ms/99.9%
[74.250s][info][gc,marking  ] GC(321) Mark: 2 stripe(s), 2 proactive flush(es), 1 terminate flush(es), 0 completion(s), 0 continuation(s) 
[74.250s][info][gc,marking  ] GC(321) Mark Stack Usage: 32M
[74.250s][info][gc,nmethod  ] GC(321) NMethods: 4395 registered, 1049 unregistered
[74.250s][info][gc,metaspace] GC(321) Metaspace: 71M used, 71M committed, 1088M reserved
[74.250s][info][gc,ref      ] GC(321) Soft: 3837 encountered, 0 discovered, 0 enqueued
[74.250s][info][gc,ref      ] GC(321) Weak: 11408 encountered, 1116 discovered, 0 enqueued
[74.250s][info][gc,ref      ] GC(321) Final: 289 encountered, 44 discovered, 0 enqueued
[74.250s][info][gc,ref      ] GC(321) Phantom: 425 encountered, 287 discovered, 0 enqueued
[74.250s][info][gc,reloc    ] GC(321) Small Pages: 513 / 1026M, Empty: 670M, Relocated: 6M, In-Place: 0
[74.250s][info][gc,reloc    ] GC(321) Medium Pages: 0 / 0M, Empty: 0M, Relocated: 0M, In-Place: 0
[74.250s][info][gc,reloc    ] GC(321) Large Pages: 0 / 0M, Empty: 0M, Relocated: 0M, In-Place: 0
[74.250s][info][gc,reloc    ] GC(321) Forwarding Usage: 2M
[74.250s][info][gc,heap     ] GC(321) Min Capacity: 8M(0%)
[74.250s][info][gc,heap     ] GC(321) Max Capacity: 2048M(100%)
[74.250s][info][gc,heap     ] GC(321) Soft Max Capacity: 2048M(100%)
[74.250s][info][gc,heap     ] GC(321)                Mark Start          Mark End        Relocate Start      Relocate End           High               Low         
[74.250s][info][gc,heap     ] GC(321)  Capacity:     2048M (100%)       2048M (100%)       2048M (100%)       2048M (100%)       2048M (100%)       2048M (100%)   
[74.251s][info][gc,heap     ] GC(321)      Free:     1022M (50%)         682M (33%)        1286M (63%)        1548M (76%)        1566M (76%)         652M (32%)    
[74.251s][info][gc,heap     ] GC(321)      Used:     1026M (50%)        1366M (67%)         762M (37%)         500M (24%)        1396M (68%)         482M (24%)    
[74.251s][info][gc,heap     ] GC(321)      Live:         -                52M (3%)           52M (3%)           52M (3%)             -                  -          
[74.251s][info][gc,heap     ] GC(321) Allocated:         -               340M (17%)         406M (20%)         433M (21%)            -                  -          
[74.251s][info][gc,heap     ] GC(321)   Garbage:         -               973M (48%)         303M (15%)          13M (1%)             -                  -          
[74.251s][info][gc,heap     ] GC(321) Reclaimed:         -                  -               670M (33%)         959M (47%)            -                  -          
[74.251s][info][gc          ] GC(321) Garbage Collection (Allocation Rate) 1026M(50%)->500M(24%)
[74.354s][info][gc,start    ] GC(322) Garbage Collection (Allocation Rate)
[74.354s][info][gc,task     ] GC(322) Using 3 workers
[74.354s][info][gc,phases   ] GC(322) Pause Mark Start 0.011ms
[74.419s][info][gc,phases   ] GC(322) Concurrent Mark 64.342ms
[74.419s][info][gc,phases   ] GC(322) Pause Mark End 0.031ms
[74.420s][info][gc,phases   ] GC(322) Concurrent Mark Free 0.001ms
[74.427s][info][gc,phases   ] GC(322) Concurrent Process Non-Strong References 6.616ms
[74.427s][info][gc,phases   ] GC(322) Concurrent Reset Relocation Set 0.041ms
[74.435s][info][gc,phases   ] GC(322) Concurrent Select Relocation Set 8.389ms
[74.436s][info][gc,phases   ] GC(322) Pause Relocate Start 0.009ms
[74.445s][info][gc,phases   ] GC(322) Concurrent Relocate 9.465ms
[74.445s][info][gc,load     ] GC(322) Load: 0.00/0.00/0.00
[74.445s][info][gc,mmu      ] GC(322) MMU: 2ms/98.1%, 5ms/99.2%, 10ms/99.5%, 20ms/99.8%, 50ms/99.8%, 100ms/99.9%
[74.445s][info][gc,marking  ] GC(322) Mark: 2 stripe(s), 2 proactive flush(es), 1 terminate flush(es), 0 completion(s), 0 continuation(s) 
[74.445s][info][gc,marking  ] GC(322) Mark Stack Usage: 32M
[74.446s][info][gc,nmethod  ] GC(322) NMethods: 4395 registered, 1049 unregistered
[74.446s][info][gc,metaspace] GC(322) Metaspace: 71M used, 71M committed, 1088M reserved
[74.446s][info][gc,ref      ] GC(322) Soft: 3837 encountered, 0 discovered, 0 enqueued
[74.446s][info][gc,ref      ] GC(322) Weak: 11408 encountered, 983 discovered, 0 enqueued
[74.446s][info][gc,ref      ] GC(322) Final: 289 encountered, 24 discovered, 0 enqueued
[74.446s][info][gc,ref      ] GC(322) Phantom: 425 encountered, 325 discovered, 0 enqueued
[74.446s][info][gc,reloc    ] GC(322) Small Pages: 511 / 1022M, Empty: 592M, Relocated: 6M, In-Place: 0
[74.446s][info][gc,reloc    ] GC(322) Medium Pages: 0 / 0M, Empty: 0M, Relocated: 0M, In-Place: 0
[74.446s][info][gc,reloc    ] GC(322) Large Pages: 0 / 0M, Empty: 0M, Relocated: 0M, In-Place: 0
[74.446s][info][gc,reloc    ] GC(322) Forwarding Usage: 2M
[74.446s][info][gc,heap     ] GC(322) Min Capacity: 8M(0%)
[74.446s][info][gc,heap     ] GC(322) Max Capacity: 2048M(100%)
[74.446s][info][gc,heap     ] GC(322) Soft Max Capacity: 2048M(100%)
[74.446s][info][gc,heap     ] GC(322)                Mark Start          Mark End        Relocate Start      Relocate End           High               Low         
[74.446s][info][gc,heap     ] GC(322)  Capacity:     2048M (100%)       2048M (100%)       2048M (100%)       2048M (100%)       2048M (100%)       2048M (100%)   
[74.446s][info][gc,heap     ] GC(322)      Free:     1026M (50%)         716M (35%)        1230M (60%)        1566M (76%)        1586M (77%)         680M (33%)    
[74.446s][info][gc,heap     ] GC(322)      Used:     1022M (50%)        1332M (65%)         818M (40%)         482M (24%)        1368M (67%)         462M (23%)    
[74.446s][info][gc,heap     ] GC(322)      Live:         -                52M (3%)           52M (3%)           52M (3%)             -                  -          
[74.446s][info][gc,heap     ] GC(322) Allocated:         -               310M (15%)         388M (19%)         414M (20%)            -                  -          
[74.446s][info][gc,heap     ] GC(322)   Garbage:         -               969M (47%)         377M (18%)          15M (1%)             -                  -          
[74.446s][info][gc,heap     ] GC(322) Reclaimed:         -                  -               592M (29%)         954M (47%)            -                  -          
[74.446s][info][gc          ] GC(322) Garbage Collection (Allocation Rate) 1022M(50%)->482M(24%)
[74.555s][info][gc,start    ] GC(323) Garbage Collection (Allocation Rate)
[74.555s][info][gc,task     ] GC(323) Using 3 workers
[74.555s][info][gc,phases   ] GC(323) Pause Mark Start 0.011ms
[74.611s][info][gc,phases   ] GC(323) Concurrent Mark 55.210ms
[74.611s][info][gc,phases   ] GC(323) Pause Mark End 0.023ms
[74.611s][info][gc,phases   ] GC(323) Concurrent Mark Free 0.001ms
[74.617s][info][gc,phases   ] GC(323) Concurrent Process Non-Strong References 6.218ms
[74.617s][info][gc,phases   ] GC(323) Concurrent Reset Relocation Set 0.049ms
[74.622s][info][gc,phases   ] GC(323) Concurrent Select Relocation Set 5.046ms
[74.623s][info][gc,phases   ] GC(323) Pause Relocate Start 0.008ms
[74.631s][info][gc,phases   ] GC(323) Concurrent Relocate 8.030ms
[74.631s][info][gc,load     ] GC(323) Load: 0.00/0.00/0.00
[74.631s][info][gc,mmu      ] GC(323) MMU: 2ms/98.1%, 5ms/99.2%, 10ms/99.5%, 20ms/99.8%, 50ms/99.8%, 100ms/99.9%
[74.631s][info][gc,marking  ] GC(323) Mark: 2 stripe(s), 2 proactive flush(es), 1 terminate flush(es), 0 completion(s), 0 continuation(s) 
[74.631s][info][gc,marking  ] GC(323) Mark Stack Usage: 32M
[74.631s][info][gc,nmethod  ] GC(323) NMethods: 4395 registered, 1049 unregistered
[74.631s][info][gc,metaspace] GC(323) Metaspace: 71M used, 71M committed, 1088M reserved
[74.631s][info][gc,ref      ] GC(323) Soft: 3837 encountered, 0 discovered, 0 enqueued
[74.631s][info][gc,ref      ] GC(323) Weak: 11408 encountered, 1263 discovered, 0 enqueued
[74.631s][info][gc,ref      ] GC(323) Final: 289 encountered, 18 discovered, 0 enqueued
[74.631s][info][gc,ref      ] GC(323) Phantom: 425 encountered, 309 discovered, 0 enqueued
[74.631s][info][gc,reloc    ] GC(323) Small Pages: 515 / 1030M, Empty: 648M, Relocated: 6M, In-Place: 0
[74.631s][info][gc,reloc    ] GC(323) Medium Pages: 0 / 0M, Empty: 0M, Relocated: 0M, In-Place: 0
[74.631s][info][gc,reloc    ] GC(323) Large Pages: 0 / 0M, Empty: 0M, Relocated: 0M, In-Place: 0
[74.631s][info][gc,reloc    ] GC(323) Forwarding Usage: 2M
[74.632s][info][gc,heap     ] GC(323) Min Capacity: 8M(0%)
[74.632s][info][gc,heap     ] GC(323) Max Capacity: 2048M(100%)
[74.632s][info][gc,heap     ] GC(323) Soft Max Capacity: 2048M(100%)
[74.632s][info][gc,heap     ] GC(323)                Mark Start          Mark End        Relocate Start      Relocate End           High               Low         
[74.632s][info][gc,heap     ] GC(323)  Capacity:     2048M (100%)       2048M (100%)       2048M (100%)       2048M (100%)       2048M (100%)       2048M (100%)   
[74.632s][info][gc,heap     ] GC(323)      Free:     1018M (50%)         750M (37%)        1340M (65%)        1632M (80%)        1648M (80%)         714M (35%)    
[74.632s][info][gc,heap     ] GC(323)      Used:     1030M (50%)        1298M (63%)         708M (35%)         416M (20%)        1334M (65%)         400M (20%)    
[74.632s][info][gc,heap     ] GC(323)      Live:         -                52M (3%)           52M (3%)           52M (3%)             -                  -          
[74.632s][info][gc,heap     ] GC(323) Allocated:         -               268M (13%)         326M (16%)         348M (17%)            -                  -          
[74.632s][info][gc,heap     ] GC(323)   Garbage:         -               977M (48%)         329M (16%)          15M (1%)             -                  -          
[74.632s][info][gc,heap     ] GC(323) Reclaimed:         -                  -               648M (32%)         962M (47%)            -                  -          
[74.632s][info][gc          ] GC(323) Garbage Collection (Allocation Rate) 1030M(50%)->416M(20%)
[74.754s][info][gc,start    ] GC(324) Garbage Collection (Allocation Rate)
[74.754s][info][gc,task     ] GC(324) Using 3 workers
[74.755s][info][gc,phases   ] GC(324) Pause Mark Start 0.009ms
[74.811s][info][gc,phases   ] GC(324) Concurrent Mark 56.194ms
[74.811s][info][gc,phases   ] GC(324) Pause Mark End 0.022ms
[74.812s][info][gc,phases   ] GC(324) Concurrent Mark Free 0.001ms
[74.818s][info][gc,phases   ] GC(324) Concurrent Process Non-Strong References 5.654ms
[74.818s][info][gc,phases   ] GC(324) Concurrent Reset Relocation Set 0.056ms
[74.829s][info][gc,phases   ] GC(324) Concurrent Select Relocation Set 10.631ms
[74.829s][info][gc,phases   ] GC(324) Pause Relocate Start 0.009ms
[74.839s][info][gc,phases   ] GC(324) Concurrent Relocate 9.516ms
[74.839s][info][gc,load     ] GC(324) Load: 0.00/0.00/0.00
[74.839s][info][gc,mmu      ] GC(324) MMU: 2ms/98.1%, 5ms/99.2%, 10ms/99.5%, 20ms/99.8%, 50ms/99.8%, 100ms/99.9%
[74.839s][info][gc,marking  ] GC(324) Mark: 2 stripe(s), 2 proactive flush(es), 1 terminate flush(es), 0 completion(s), 0 continuation(s) 
[74.839s][info][gc,marking  ] GC(324) Mark Stack Usage: 32M
[74.839s][info][gc,nmethod  ] GC(324) NMethods: 4395 registered, 1049 unregistered
[74.839s][info][gc,metaspace] GC(324) Metaspace: 71M used, 71M committed, 1088M reserved
[74.839s][info][gc,ref      ] GC(324) Soft: 3837 encountered, 0 discovered, 0 enqueued
[74.839s][info][gc,ref      ] GC(324) Weak: 11408 encountered, 1231 discovered, 0 enqueued
[74.839s][info][gc,ref      ] GC(324) Final: 289 encountered, 80 discovered, 0 enqueued
[74.839s][info][gc,ref      ] GC(324) Phantom: 425 encountered, 320 discovered, 0 enqueued
[74.839s][info][gc,reloc    ] GC(324) Small Pages: 518 / 1036M, Empty: 672M, Relocated: 6M, In-Place: 0
[74.839s][info][gc,reloc    ] GC(324) Medium Pages: 0 / 0M, Empty: 0M, Relocated: 0M, In-Place: 0
[74.839s][info][gc,reloc    ] GC(324) Large Pages: 0 / 0M, Empty: 0M, Relocated: 0M, In-Place: 0
[74.839s][info][gc,reloc    ] GC(324) Forwarding Usage: 2M
[74.839s][info][gc,heap     ] GC(324) Min Capacity: 8M(0%)
[74.839s][info][gc,heap     ] GC(324) Max Capacity: 2048M(100%)
[74.839s][info][gc,heap     ] GC(324) Soft Max Capacity: 2048M(100%)
[74.839s][info][gc,heap     ] GC(324)                Mark Start          Mark End        Relocate Start      Relocate End           High               Low         
[74.839s][info][gc,heap     ] GC(324)  Capacity:     2048M (100%)       2048M (100%)       2048M (100%)       2048M (100%)       2048M (100%)       2048M (100%)   
[74.839s][info][gc,heap     ] GC(324)      Free:     1012M (49%)         740M (36%)        1330M (65%)        1598M (78%)        1618M (79%)         706M (34%)    
[74.840s][info][gc,heap     ] GC(324)      Used:     1036M (51%)        1308M (64%)         718M (35%)         450M (22%)        1342M (66%)         430M (21%)    
[74.840s][info][gc,heap     ] GC(324)      Live:         -                52M (3%)           52M (3%)           52M (3%)             -                  -          
[74.840s][info][gc,heap     ] GC(324) Allocated:         -               272M (13%)         354M (17%)         382M (19%)            -                  -          
[74.840s][info][gc,heap     ] GC(324)   Garbage:         -               983M (48%)         311M (15%)          15M (1%)             -                  -          
[74.840s][info][gc,heap     ] GC(324) Reclaimed:         -                  -               672M (33%)         968M (47%)            -                  -          
[74.840s][info][gc          ] GC(324) Garbage Collection (Allocation Rate) 1036M(51%)->450M(22%)
[74.954s][info][gc,start    ] GC(325) Garbage Collection (Allocation Rate)
[74.954s][info][gc,task     ] GC(325) Using 3 workers
[74.954s][info][gc,phases   ] GC(325) Pause Mark Start 0.013ms
[75.024s][info][gc,phases   ] GC(325) Concurrent Mark 68.990ms
[75.024s][info][gc,phases   ] GC(325) Pause Mark End 0.022ms
[75.024s][info][gc,phases   ] GC(325) Concurrent Mark Free 0.001ms
[75.032s][info][gc,phases   ] GC(325) Concurrent Process Non-Strong References 7.368ms
[75.032s][info][gc,phases   ] GC(325) Concurrent Reset Relocation Set 0.042ms
[75.038s][info][gc,phases   ] GC(325) Concurrent Select Relocation Set 6.537ms
[75.039s][info][gc,phases   ] GC(325) Pause Relocate Start 0.009ms
[75.049s][info][gc,phases   ] GC(325) Concurrent Relocate 9.694ms
[75.049s][info][gc,load     ] GC(325) Load: 0.00/0.00/0.00
[75.049s][info][gc,mmu      ] GC(325) MMU: 2ms/98.1%, 5ms/99.2%, 10ms/99.5%, 20ms/99.8%, 50ms/99.8%, 100ms/99.9%
[75.049s][info][gc,marking  ] GC(325) Mark: 2 stripe(s), 2 proactive flush(es), 1 terminate flush(es), 0 completion(s), 0 continuation(s) 
[75.049s][info][gc,marking  ] GC(325) Mark Stack Usage: 32M
[75.049s][info][gc,nmethod  ] GC(325) NMethods: 4395 registered, 1049 unregistered
[75.049s][info][gc,metaspace] GC(325) Metaspace: 71M used, 71M committed, 1088M reserved
[75.049s][info][gc,ref      ] GC(325) Soft: 3837 encountered, 0 discovered, 0 enqueued
[75.049s][info][gc,ref      ] GC(325) Weak: 11408 encountered, 845 discovered, 0 enqueued
[75.049s][info][gc,ref      ] GC(325) Final: 289 encountered, 32 discovered, 0 enqueued
[75.049s][info][gc,ref      ] GC(325) Phantom: 425 encountered, 268 discovered, 0 enqueued
[75.049s][info][gc,reloc    ] GC(325) Small Pages: 498 / 996M, Empty: 616M, Relocated: 6M, In-Place: 0
[75.049s][info][gc,reloc    ] GC(325) Medium Pages: 0 / 0M, Empty: 0M, Relocated: 0M, In-Place: 0
[75.049s][info][gc,reloc    ] GC(325) Large Pages: 0 / 0M, Empty: 0M, Relocated: 0M, In-Place: 0
[75.049s][info][gc,reloc    ] GC(325) Forwarding Usage: 2M
[75.049s][info][gc,heap     ] GC(325) Min Capacity: 8M(0%)
[75.049s][info][gc,heap     ] GC(325) Max Capacity: 2048M(100%)
[75.049s][info][gc,heap     ] GC(325) Soft Max Capacity: 2048M(100%)
[75.049s][info][gc,heap     ] GC(325)                Mark Start          Mark End        Relocate Start      Relocate End           High               Low         
[75.049s][info][gc,heap     ] GC(325)  Capacity:     2048M (100%)       2048M (100%)       2048M (100%)       2048M (100%)       2048M (100%)       2048M (100%)   
[75.049s][info][gc,heap     ] GC(325)      Free:     1052M (51%)         722M (35%)        1276M (62%)        1560M (76%)        1578M (77%)         690M (34%)    
[75.049s][info][gc,heap     ] GC(325)      Used:      996M (49%)        1326M (65%)         772M (38%)         488M (24%)        1358M (66%)         470M (23%)    
[75.049s][info][gc,heap     ] GC(325)      Live:         -                52M (3%)           52M (3%)           52M (3%)             -                  -          
[75.049s][info][gc,heap     ] GC(325) Allocated:         -               330M (16%)         392M (19%)         422M (21%)            -                  -          
[75.049s][info][gc,heap     ] GC(325)   Garbage:         -               943M (46%)         327M (16%)          13M (1%)             -                  -          
[75.049s][info][gc,heap     ] GC(325) Reclaimed:         -                  -               616M (30%)         930M (45%)            -                  -          
[75.049s][info][gc          ] GC(325) Garbage Collection (Allocation Rate) 996M(49%)->488M(24%)
[75.155s][info][gc,start    ] GC(326) Garbage Collection (Allocation Rate)
[75.155s][info][gc,task     ] GC(326) Using 3 workers
[75.155s][info][gc,phases   ] GC(326) Pause Mark Start 0.010ms
[75.218s][info][gc,phases   ] GC(326) Concurrent Mark 62.315ms
[75.218s][info][gc,phases   ] GC(326) Pause Mark End 0.026ms
[75.218s][info][gc,phases   ] GC(326) Concurrent Mark Free 0.001ms
[75.225s][info][gc,phases   ] GC(326) Concurrent Process Non-Strong References 6.935ms
[75.225s][info][gc,phases   ] GC(326) Concurrent Reset Relocation Set 0.056ms
[75.232s][info][gc,phases   ] GC(326) Concurrent Select Relocation Set 6.423ms
[75.232s][info][gc,phases   ] GC(326) Pause Relocate Start 0.008ms
[75.242s][info][gc,phases   ] GC(326) Concurrent Relocate 9.356ms
[75.242s][info][gc,load     ] GC(326) Load: 0.00/0.00/0.00
[75.242s][info][gc,mmu      ] GC(326) MMU: 2ms/98.1%, 5ms/99.2%, 10ms/99.5%, 20ms/99.8%, 50ms/99.8%, 100ms/99.9%
[75.242s][info][gc,marking  ] GC(326) Mark: 2 stripe(s), 2 proactive flush(es), 1 terminate flush(es), 0 completion(s), 0 continuation(s) 
[75.242s][info][gc,marking  ] GC(326) Mark Stack Usage: 32M
[75.242s][info][gc,nmethod  ] GC(326) NMethods: 4395 registered, 1049 unregistered
[75.242s][info][gc,metaspace] GC(326) Metaspace: 71M used, 71M committed, 1088M reserved
[75.242s][info][gc,ref      ] GC(326) Soft: 3837 encountered, 0 discovered, 0 enqueued
[75.242s][info][gc,ref      ] GC(326) Weak: 11408 encountered, 1158 discovered, 0 enqueued
[75.242s][info][gc,ref      ] GC(326) Final: 289 encountered, 26 discovered, 0 enqueued
[75.242s][info][gc,ref      ] GC(326) Phantom: 425 encountered, 261 discovered, 0 enqueued
[75.242s][info][gc,reloc    ] GC(326) Small Pages: 503 / 1006M, Empty: 654M, Relocated: 6M, In-Place: 0
[75.242s][info][gc,reloc    ] GC(326) Medium Pages: 0 / 0M, Empty: 0M, Relocated: 0M, In-Place: 0
[75.242s][info][gc,reloc    ] GC(326) Large Pages: 0 / 0M, Empty: 0M, Relocated: 0M, In-Place: 0
[75.242s][info][gc,reloc    ] GC(326) Forwarding Usage: 2M
[75.242s][info][gc,heap     ] GC(326) Min Capacity: 8M(0%)
[75.242s][info][gc,heap     ] GC(326) Max Capacity: 2048M(100%)
[75.242s][info][gc,heap     ] GC(326) Soft Max Capacity: 2048M(100%)
[75.242s][info][gc,heap     ] GC(326)                Mark Start          Mark End        Relocate Start      Relocate End           High               Low         
[75.242s][info][gc,heap     ] GC(326)  Capacity:     2048M (100%)       2048M (100%)       2048M (100%)       2048M (100%)       2048M (100%)       2048M (100%)   
[75.242s][info][gc,heap     ] GC(326)      Free:     1042M (51%)         738M (36%)        1326M (65%)        1584M (77%)        1606M (78%)         702M (34%)    
[75.242s][info][gc,heap     ] GC(326)      Used:     1006M (49%)        1310M (64%)         722M (35%)         464M (23%)        1346M (66%)         442M (22%)    
[75.242s][info][gc,heap     ] GC(326)      Live:         -                52M (3%)           52M (3%)           52M (3%)             -                  -          
[75.242s][info][gc,heap     ] GC(326) Allocated:         -               304M (15%)         370M (18%)         396M (19%)            -                  -          
[75.242s][info][gc,heap     ] GC(326)   Garbage:         -               953M (47%)         299M (15%)          15M (1%)             -                  -          
[75.242s][info][gc,heap     ] GC(326) Reclaimed:         -                  -               654M (32%)         938M (46%)            -                  -          
[75.242s][info][gc          ] GC(326) Garbage Collection (Allocation Rate) 1006M(49%)->464M(23%)
[75.354s][info][gc,start    ] GC(327) Garbage Collection (Allocation Rate)
[75.354s][info][gc,task     ] GC(327) Using 3 workers
[75.355s][info][gc,phases   ] GC(327) Pause Mark Start 0.011ms
[75.420s][info][gc,phases   ] GC(327) Concurrent Mark 65.241ms
[75.420s][info][gc,phases   ] GC(327) Pause Mark End 0.019ms
[75.421s][info][gc,phases   ] GC(327) Concurrent Mark Free 0.001ms
[75.428s][info][gc,phases   ] GC(327) Concurrent Process Non-Strong References 6.108ms
[75.428s][info][gc,phases   ] GC(327) Concurrent Reset Relocation Set 0.049ms
[75.438s][info][gc,phases   ] GC(327) Concurrent Select Relocation Set 9.971ms
[75.438s][info][gc,phases   ] GC(327) Pause Relocate Start 0.008ms
[75.447s][info][gc,phases   ] GC(327) Concurrent Relocate 9.118ms
[75.447s][info][gc,load     ] GC(327) Load: 0.00/0.00/0.00
[75.447s][info][gc,mmu      ] GC(327) MMU: 2ms/98.1%, 5ms/99.2%, 10ms/99.5%, 20ms/99.8%, 50ms/99.8%, 100ms/99.9%
[75.447s][info][gc,marking  ] GC(327) Mark: 2 stripe(s), 2 proactive flush(es), 1 terminate flush(es), 0 completion(s), 0 continuation(s) 
[75.447s][info][gc,marking  ] GC(327) Mark Stack Usage: 32M
[75.447s][info][gc,nmethod  ] GC(327) NMethods: 4395 registered, 1049 unregistered
[75.447s][info][gc,metaspace] GC(327) Metaspace: 71M used, 71M committed, 1088M reserved
[75.447s][info][gc,ref      ] GC(327) Soft: 3837 encountered, 0 discovered, 0 enqueued
[75.448s][info][gc,ref      ] GC(327) Weak: 11408 encountered, 1397 discovered, 0 enqueued
[75.448s][info][gc,ref      ] GC(327) Final: 289 encountered, 19 discovered, 0 enqueued
[75.448s][info][gc,ref      ] GC(327) Phantom: 425 encountered, 302 discovered, 0 enqueued
[75.448s][info][gc,reloc    ] GC(327) Small Pages: 515 / 1030M, Empty: 584M, Relocated: 6M, In-Place: 0
[75.448s][info][gc,reloc    ] GC(327) Medium Pages: 0 / 0M, Empty: 0M, Relocated: 0M, In-Place: 0
[75.448s][info][gc,reloc    ] GC(327) Large Pages: 0 / 0M, Empty: 0M, Relocated: 0M, In-Place: 0
[75.448s][info][gc,reloc    ] GC(327) Forwarding Usage: 2M
[75.448s][info][gc,heap     ] GC(327) Min Capacity: 8M(0%)
[75.448s][info][gc,heap     ] GC(327) Max Capacity: 2048M(100%)
[75.448s][info][gc,heap     ] GC(327) Soft Max Capacity: 2048M(100%)
[75.448s][info][gc,heap     ] GC(327)                Mark Start          Mark End        Relocate Start      Relocate End           High               Low         
[75.448s][info][gc,heap     ] GC(327)  Capacity:     2048M (100%)       2048M (100%)       2048M (100%)       2048M (100%)       2048M (100%)       2048M (100%)   
[75.448s][info][gc,heap     ] GC(327)      Free:     1018M (50%)         702M (34%)        1202M (59%)        1554M (76%)        1576M (77%)         662M (32%)    
[75.448s][info][gc,heap     ] GC(327)      Used:     1030M (50%)        1346M (66%)         846M (41%)         494M (24%)        1386M (68%)         472M (23%)    
[75.448s][info][gc,heap     ] GC(327)      Live:         -                52M (3%)           52M (3%)           52M (3%)             -                  -          
[75.448s][info][gc,heap     ] GC(327) Allocated:         -               316M (15%)         400M (20%)         426M (21%)            -                  -          
[75.448s][info][gc,heap     ] GC(327)   Garbage:         -               977M (48%)         393M (19%)          15M (1%)             -                  -          
[75.448s][info][gc,heap     ] GC(327) Reclaimed:         -                  -               584M (29%)         962M (47%)            -                  -          
[75.448s][info][gc          ] GC(327) Garbage Collection (Allocation Rate) 1030M(50%)->494M(24%)
[75.554s][info][gc,start    ] GC(328) Garbage Collection (Allocation Rate)
[75.554s][info][gc,task     ] GC(328) Using 3 workers
[75.554s][info][gc,phases   ] GC(328) Pause Mark Start 0.013ms
[75.616s][info][gc,phases   ] GC(328) Concurrent Mark 61.296ms
[75.616s][info][gc,phases   ] GC(328) Pause Mark End 0.028ms
[75.626s][info][gc,phases   ] GC(328) Concurrent Mark Free 0.003ms
[75.633s][info][gc,phases   ] GC(328) Concurrent Process Non-Strong References 7.203ms
[75.633s][info][gc,phases   ] GC(328) Concurrent Reset Relocation Set 0.046ms
[75.640s][info][gc,phases   ] GC(328) Concurrent Select Relocation Set 6.441ms
[75.640s][info][gc,phases   ] GC(328) Pause Relocate Start 0.008ms
[75.651s][info][gc,phases   ] GC(328) Concurrent Relocate 10.032ms
[75.651s][info][gc,load     ] GC(328) Load: 0.00/0.00/0.00
[75.651s][info][gc,mmu      ] GC(328) MMU: 2ms/98.1%, 5ms/99.2%, 10ms/99.5%, 20ms/99.8%, 50ms/99.8%, 100ms/99.9%
[75.651s][info][gc,marking  ] GC(328) Mark: 2 stripe(s), 2 proactive flush(es), 1 terminate flush(es), 0 completion(s), 0 continuation(s) 
[75.651s][info][gc,marking  ] GC(328) Mark Stack Usage: 32M
[75.651s][info][gc,nmethod  ] GC(328) NMethods: 4408 registered, 1049 unregistered
[75.651s][info][gc,metaspace] GC(328) Metaspace: 71M used, 71M committed, 1088M reserved
[75.651s][info][gc,ref      ] GC(328) Soft: 3837 encountered, 0 discovered, 0 enqueued
[75.651s][info][gc,ref      ] GC(328) Weak: 11384 encountered, 1130 discovered, 8 enqueued
[75.651s][info][gc,ref      ] GC(328) Final: 289 encountered, 31 discovered, 0 enqueued
[75.651s][info][gc,ref      ] GC(328) Phantom: 425 encountered, 287 discovered, 0 enqueued
[75.651s][info][gc,reloc    ] GC(328) Small Pages: 517 / 1034M, Empty: 662M, Relocated: 6M, In-Place: 0
[75.651s][info][gc,reloc    ] GC(328) Medium Pages: 0 / 0M, Empty: 0M, Relocated: 0M, In-Place: 0
[75.651s][info][gc,reloc    ] GC(328) Large Pages: 0 / 0M, Empty: 0M, Relocated: 0M, In-Place: 0
[75.651s][info][gc,reloc    ] GC(328) Forwarding Usage: 2M
[75.651s][info][gc,heap     ] GC(328) Min Capacity: 8M(0%)
[75.651s][info][gc,heap     ] GC(328) Max Capacity: 2048M(100%)
[75.651s][info][gc,heap     ] GC(328) Soft Max Capacity: 2048M(100%)
[75.651s][info][gc,heap     ] GC(328)                Mark Start          Mark End        Relocate Start      Relocate End           High               Low         
[75.651s][info][gc,heap     ] GC(328)  Capacity:     2048M (100%)       2048M (100%)       2048M (100%)       2048M (100%)       2048M (100%)       2048M (100%)   
[75.651s][info][gc,heap     ] GC(328)      Free:     1014M (50%)         730M (36%)        1298M (63%)        1574M (77%)        1594M (78%)         662M (32%)    
[75.651s][info][gc,heap     ] GC(328)      Used:     1034M (50%)        1318M (64%)         750M (37%)         474M (23%)        1386M (68%)         454M (22%)    
[75.651s][info][gc,heap     ] GC(328)      Live:         -                52M (3%)           52M (3%)           52M (3%)             -                  -          
[75.651s][info][gc,heap     ] GC(328) Allocated:         -               284M (14%)         378M (18%)         406M (20%)            -                  -          
[75.651s][info][gc,heap     ] GC(328)   Garbage:         -               981M (48%)         319M (16%)          15M (1%)             -                  -          
[75.651s][info][gc,heap     ] GC(328) Reclaimed:         -                  -               662M (32%)         966M (47%)            -                  -          
[75.651s][info][gc          ] GC(328) Garbage Collection (Allocation Rate) 1034M(50%)->474M(23%)
[75.755s][info][gc,start    ] GC(329) Garbage Collection (Allocation Rate)
[75.755s][info][gc,task     ] GC(329) Using 3 workers
[75.755s][info][gc,phases   ] GC(329) Pause Mark Start 0.010ms
[75.852s][info][gc,phases   ] GC(329) Concurrent Mark 97.232ms
[75.853s][info][gc,phases   ] GC(329) Pause Mark End 0.023ms
[75.853s][info][gc,phases   ] GC(329) Concurrent Mark Free 0.001ms
[75.864s][info][gc,phases   ] GC(329) Concurrent Process Non-Strong References 10.430ms
[75.864s][info][gc,phases   ] GC(329) Concurrent Reset Relocation Set 0.047ms
[75.872s][info][gc,phases   ] GC(329) Concurrent Select Relocation Set 8.777ms
[75.873s][info][gc,phases   ] GC(329) Pause Relocate Start 0.008ms
[75.882s][info][gc,phases   ] GC(329) Concurrent Relocate 9.375ms
[75.882s][info][gc,load     ] GC(329) Load: 0.00/0.00/0.00
[75.882s][info][gc,mmu      ] GC(329) MMU: 2ms/98.1%, 5ms/99.2%, 10ms/99.5%, 20ms/99.8%, 50ms/99.8%, 100ms/99.9%
[75.882s][info][gc,marking  ] GC(329) Mark: 2 stripe(s), 2 proactive flush(es), 1 terminate flush(es), 0 completion(s), 0 continuation(s) 
[75.882s][info][gc,marking  ] GC(329) Mark Stack Usage: 32M
[75.883s][info][gc,nmethod  ] GC(329) NMethods: 4406 registered, 1051 unregistered
[75.883s][info][gc,metaspace] GC(329) Metaspace: 71M used, 71M committed, 1088M reserved
[75.883s][info][gc,ref      ] GC(329) Soft: 3837 encountered, 0 discovered, 0 enqueued
[75.883s][info][gc,ref      ] GC(329) Weak: 11326 encountered, 1350 discovered, 15 enqueued
[75.883s][info][gc,ref      ] GC(329) Final: 289 encountered, 37 discovered, 0 enqueued
[75.883s][info][gc,ref      ] GC(329) Phantom: 425 encountered, 290 discovered, 0 enqueued
[75.883s][info][gc,reloc    ] GC(329) Small Pages: 473 / 946M, Empty: 506M, Relocated: 6M, In-Place: 0
[75.883s][info][gc,reloc    ] GC(329) Medium Pages: 0 / 0M, Empty: 0M, Relocated: 0M, In-Place: 0
[75.883s][info][gc,reloc    ] GC(329) Large Pages: 0 / 0M, Empty: 0M, Relocated: 0M, In-Place: 0
[75.883s][info][gc,reloc    ] GC(329) Forwarding Usage: 2M
[75.883s][info][gc,heap     ] GC(329) Min Capacity: 8M(0%)
[75.883s][info][gc,heap     ] GC(329) Max Capacity: 2048M(100%)
[75.883s][info][gc,heap     ] GC(329) Soft Max Capacity: 2048M(100%)
[75.883s][info][gc,heap     ] GC(329)                Mark Start          Mark End        Relocate Start      Relocate End           High               Low         
[75.883s][info][gc,heap     ] GC(329)  Capacity:     2048M (100%)       2048M (100%)       2048M (100%)       2048M (100%)       2048M (100%)       2048M (100%)   
[75.883s][info][gc,heap     ] GC(329)      Free:     1102M (54%)         642M (31%)        1056M (52%)        1404M (69%)        1424M (70%)         592M (29%)    
[75.883s][info][gc,heap     ] GC(329)      Used:      946M (46%)        1406M (69%)         992M (48%)         644M (31%)        1456M (71%)         624M (30%)    
[75.883s][info][gc,heap     ] GC(329)      Live:         -                51M (3%)           51M (3%)           51M (3%)             -                  -          
[75.883s][info][gc,heap     ] GC(329) Allocated:         -               460M (22%)         552M (27%)         578M (28%)            -                  -          
[75.883s][info][gc,heap     ] GC(329)   Garbage:         -               894M (44%)         388M (19%)          13M (1%)             -                  -          
[75.883s][info][gc,heap     ] GC(329) Reclaimed:         -                  -               506M (25%)         880M (43%)            -                  -          
[75.883s][info][gc          ] GC(329) Garbage Collection (Allocation Rate) 946M(46%)->644M(31%)
[75.954s][info][gc,start    ] GC(330) Garbage Collection (Allocation Rate)
[75.954s][info][gc,task     ] GC(330) Using 4 workers
[75.955s][info][gc,phases   ] GC(330) Pause Mark Start 0.009ms
[75.999s][info][gc,phases   ] GC(330) Concurrent Mark 44.229ms
[76.000s][info][gc,phases   ] GC(330) Pause Mark End 0.024ms
[76.000s][info][gc,phases   ] GC(330) Concurrent Mark Free 0.001ms
[76.004s][info][gc,phases   ] GC(330) Concurrent Process Non-Strong References 4.582ms
[76.004s][info][gc,phases   ] GC(330) Concurrent Reset Relocation Set 0.046ms
[76.010s][info][gc,phases   ] GC(330) Concurrent Select Relocation Set 5.132ms
[76.010s][info][gc,phases   ] GC(330) Pause Relocate Start 0.008ms
[76.017s][info][gc,phases   ] GC(330) Concurrent Relocate 6.683ms
[76.017s][info][gc,load     ] GC(330) Load: 0.00/0.00/0.00
[76.017s][info][gc,mmu      ] GC(330) MMU: 2ms/98.1%, 5ms/99.2%, 10ms/99.5%, 20ms/99.8%, 50ms/99.8%, 100ms/99.9%
[76.017s][info][gc,marking  ] GC(330) Mark: 4 stripe(s), 2 proactive flush(es), 1 terminate flush(es), 0 completion(s), 0 continuation(s) 
[76.017s][info][gc,marking  ] GC(330) Mark Stack Usage: 32M
[76.017s][info][gc,nmethod  ] GC(330) NMethods: 4406 registered, 1051 unregistered
[76.017s][info][gc,metaspace] GC(330) Metaspace: 71M used, 71M committed, 1088M reserved
[76.017s][info][gc,ref      ] GC(330) Soft: 3837 encountered, 0 discovered, 0 enqueued
[76.017s][info][gc,ref      ] GC(330) Weak: 11261 encountered, 878 discovered, 13 enqueued
[76.017s][info][gc,ref      ] GC(330) Final: 289 encountered, 30 discovered, 0 enqueued
[76.017s][info][gc,ref      ] GC(330) Phantom: 425 encountered, 232 discovered, 0 enqueued
[76.017s][info][gc,reloc    ] GC(330) Small Pages: 497 / 994M, Empty: 690M, Relocated: 5M, In-Place: 0
[76.017s][info][gc,reloc    ] GC(330) Medium Pages: 0 / 0M, Empty: 0M, Relocated: 0M, In-Place: 0
[76.017s][info][gc,reloc    ] GC(330) Large Pages: 0 / 0M, Empty: 0M, Relocated: 0M, In-Place: 0
[76.017s][info][gc,reloc    ] GC(330) Forwarding Usage: 1M
[76.017s][info][gc,heap     ] GC(330) Min Capacity: 8M(0%)
[76.017s][info][gc,heap     ] GC(330) Max Capacity: 2048M(100%)
[76.017s][info][gc,heap     ] GC(330) Soft Max Capacity: 2048M(100%)
[76.017s][info][gc,heap     ] GC(330)                Mark Start          Mark End        Relocate Start      Relocate End           High               Low         
[76.018s][info][gc,heap     ] GC(330)  Capacity:     2048M (100%)       2048M (100%)       2048M (100%)       2048M (100%)       2048M (100%)       2048M (100%)   
[76.018s][info][gc,heap     ] GC(330)      Free:     1054M (51%)         844M (41%)        1486M (73%)        1702M (83%)        1716M (84%)         820M (40%)    
[76.018s][info][gc,heap     ] GC(330)      Used:      994M (49%)        1204M (59%)         562M (27%)         346M (17%)        1228M (60%)         332M (16%)    
[76.018s][info][gc,heap     ] GC(330)      Live:         -                51M (3%)           51M (3%)           51M (3%)             -                  -          
[76.018s][info][gc,heap     ] GC(330) Allocated:         -               210M (10%)         258M (13%)         278M (14%)            -                  -          
[76.018s][info][gc,heap     ] GC(330)   Garbage:         -               942M (46%)         252M (12%)          15M (1%)             -                  -          
[76.018s][info][gc,heap     ] GC(330) Reclaimed:         -                  -               690M (34%)         926M (45%)            -                  -          
[76.018s][info][gc          ] GC(330) Garbage Collection (Allocation Rate) 994M(49%)->346M(17%)
[76.154s][info][gc,start    ] GC(331) Garbage Collection (Allocation Rate)
[76.154s][info][gc,task     ] GC(331) Using 4 workers
[76.155s][info][gc,phases   ] GC(331) Pause Mark Start 0.010ms
[76.201s][info][gc,phases   ] GC(331) Concurrent Mark 46.385ms
[76.202s][info][gc,phases   ] GC(331) Pause Mark End 0.020ms
[76.202s][info][gc,phases   ] GC(331) Concurrent Mark Free 0.002ms
[76.206s][info][gc,phases   ] GC(331) Concurrent Process Non-Strong References 4.274ms
[76.206s][info][gc,phases   ] GC(331) Concurrent Reset Relocation Set 0.030ms
[76.214s][info][gc,phases   ] GC(331) Concurrent Select Relocation Set 7.974ms
[76.215s][info][gc,phases   ] GC(331) Pause Relocate Start 0.009ms
[76.223s][info][gc,phases   ] GC(331) Concurrent Relocate 8.367ms
[76.223s][info][gc,load     ] GC(331) Load: 0.00/0.00/0.00
[76.223s][info][gc,mmu      ] GC(331) MMU: 2ms/98.1%, 5ms/99.2%, 10ms/99.5%, 20ms/99.8%, 50ms/99.8%, 100ms/99.9%
[76.223s][info][gc,marking  ] GC(331) Mark: 4 stripe(s), 2 proactive flush(es), 1 terminate flush(es), 0 completion(s), 0 continuation(s) 
[76.223s][info][gc,marking  ] GC(331) Mark Stack Usage: 32M
[76.223s][info][gc,nmethod  ] GC(331) NMethods: 4407 registered, 1051 unregistered
[76.223s][info][gc,metaspace] GC(331) Metaspace: 71M used, 71M committed, 1088M reserved
[76.223s][info][gc,ref      ] GC(331) Soft: 3837 encountered, 0 discovered, 0 enqueued
[76.223s][info][gc,ref      ] GC(331) Weak: 11134 encountered, 633 discovered, 24 enqueued
[76.224s][info][gc,ref      ] GC(331) Final: 289 encountered, 19 discovered, 0 enqueued
[76.224s][info][gc,ref      ] GC(331) Phantom: 425 encountered, 289 discovered, 0 enqueued
[76.224s][info][gc,reloc    ] GC(331) Small Pages: 516 / 1032M, Empty: 710M, Relocated: 4M, In-Place: 0
[76.224s][info][gc,reloc    ] GC(331) Medium Pages: 0 / 0M, Empty: 0M, Relocated: 0M, In-Place: 0
[76.224s][info][gc,reloc    ] GC(331) Large Pages: 0 / 0M, Empty: 0M, Relocated: 0M, In-Place: 0
[76.224s][info][gc,reloc    ] GC(331) Forwarding Usage: 1M
[76.224s][info][gc,heap     ] GC(331) Min Capacity: 8M(0%)
[76.224s][info][gc,heap     ] GC(331) Max Capacity: 2048M(100%)
[76.224s][info][gc,heap     ] GC(331) Soft Max Capacity: 2048M(100%)
[76.224s][info][gc,heap     ] GC(331)                Mark Start          Mark End        Relocate Start      Relocate End           High               Low         
[76.224s][info][gc,heap     ] GC(331)  Capacity:     2048M (100%)       2048M (100%)       2048M (100%)       2048M (100%)       2048M (100%)       2048M (100%)   
[76.224s][info][gc,heap     ] GC(331)      Free:     1016M (50%)         796M (39%)        1446M (71%)        1674M (82%)        1694M (83%)         772M (38%)    
[76.224s][info][gc,heap     ] GC(331)      Used:     1032M (50%)        1252M (61%)         602M (29%)         374M (18%)        1276M (62%)         354M (17%)    
[76.224s][info][gc,heap     ] GC(331)      Live:         -                51M (3%)           51M (3%)           51M (3%)             -                  -          
[76.224s][info][gc,heap     ] GC(331) Allocated:         -               220M (11%)         280M (14%)         306M (15%)            -                  -          
[76.224s][info][gc,heap     ] GC(331)   Garbage:         -               980M (48%)         270M (13%)          15M (1%)             -                  -          
[76.224s][info][gc,heap     ] GC(331) Reclaimed:         -                  -               710M (35%)         964M (47%)            -                  -          
[76.224s][info][gc          ] GC(331) Garbage Collection (Allocation Rate) 1032M(50%)->374M(18%)
[76.354s][info][gc,start    ] GC(332) Garbage Collection (Allocation Rate)
[76.354s][info][gc,task     ] GC(332) Using 3 workers
[76.354s][info][gc,phases   ] GC(332) Pause Mark Start 0.013ms
[76.415s][info][gc,phases   ] GC(332) Concurrent Mark 60.398ms
[76.415s][info][gc,phases   ] GC(332) Pause Mark End 0.021ms
[76.415s][info][gc,phases   ] GC(332) Concurrent Mark Free 0.001ms
[76.421s][info][gc,phases   ] GC(332) Concurrent Process Non-Strong References 5.879ms
[76.421s][info][gc,phases   ] GC(332) Concurrent Reset Relocation Set 0.024ms
[76.425s][info][gc,phases   ] GC(332) Concurrent Select Relocation Set 4.131ms
[76.425s][info][gc,phases   ] GC(332) Pause Relocate Start 0.008ms
[76.429s][info][gc,phases   ] GC(332) Concurrent Relocate 3.584ms
[76.429s][info][gc,load     ] GC(332) Load: 0.00/0.00/0.00
[76.429s][info][gc,mmu      ] GC(332) MMU: 2ms/98.1%, 5ms/99.2%, 10ms/99.5%, 20ms/99.8%, 50ms/99.8%, 100ms/99.9%
[76.429s][info][gc,marking  ] GC(332) Mark: 2 stripe(s), 2 proactive flush(es), 1 terminate flush(es), 0 completion(s), 0 continuation(s) 
[76.429s][info][gc,marking  ] GC(332) Mark Stack Usage: 32M
[76.429s][info][gc,nmethod  ] GC(332) NMethods: 4406 registered, 1053 unregistered
[76.429s][info][gc,metaspace] GC(332) Metaspace: 71M used, 71M committed, 1088M reserved
[76.429s][info][gc,ref      ] GC(332) Soft: 3837 encountered, 0 discovered, 0 enqueued
[76.429s][info][gc,ref      ] GC(332) Weak: 10919 encountered, 1105 discovered, 48 enqueued
[76.429s][info][gc,ref      ] GC(332) Final: 289 encountered, 30 discovered, 0 enqueued
[76.429s][info][gc,ref      ] GC(332) Phantom: 425 encountered, 300 discovered, 0 enqueued
[76.429s][info][gc,reloc    ] GC(332) Small Pages: 491 / 982M, Empty: 634M, Relocated: 3M, In-Place: 0
[76.429s][info][gc,reloc    ] GC(332) Medium Pages: 0 / 0M, Empty: 0M, Relocated: 0M, In-Place: 0
[76.429s][info][gc,reloc    ] GC(332) Large Pages: 0 / 0M, Empty: 0M, Relocated: 0M, In-Place: 0
[76.429s][info][gc,reloc    ] GC(332) Forwarding Usage: 1M
[76.429s][info][gc,heap     ] GC(332) Min Capacity: 8M(0%)
[76.429s][info][gc,heap     ] GC(332) Max Capacity: 2048M(100%)
[76.429s][info][gc,heap     ] GC(332) Soft Max Capacity: 2048M(100%)
[76.429s][info][gc,heap     ] GC(332)                Mark Start          Mark End        Relocate Start      Relocate End           High               Low         
[76.429s][info][gc,heap     ] GC(332)  Capacity:     2048M (100%)       2048M (100%)       2048M (100%)       2048M (100%)       2048M (100%)       2048M (100%)   
[76.429s][info][gc,heap     ] GC(332)      Free:     1066M (52%)         804M (39%)        1396M (68%)        1674M (82%)        1674M (82%)         776M (38%)    
[76.429s][info][gc,heap     ] GC(332)      Used:      982M (48%)        1244M (61%)         652M (32%)         374M (18%)        1272M (62%)         374M (18%)    
[76.429s][info][gc,heap     ] GC(332)      Live:         -                51M (3%)           51M (3%)           51M (3%)             -                  -          
[76.429s][info][gc,heap     ] GC(332) Allocated:         -               262M (13%)         304M (15%)         306M (15%)            -                  -          
[76.429s][info][gc,heap     ] GC(332)   Garbage:         -               930M (45%)         296M (14%)          15M (1%)             -                  -          
[76.429s][info][gc,heap     ] GC(332) Reclaimed:         -                  -               634M (31%)         914M (45%)            -                  -          
[76.429s][info][gc          ] GC(332) Garbage Collection (Allocation Rate) 982M(48%)->374M(18%)
[76.554s][info][gc,start    ] GC(333) Garbage Collection (Allocation Rate)
[76.554s][info][gc,task     ] GC(333) Using 3 workers
[76.554s][info][gc,phases   ] GC(333) Pause Mark Start 0.012ms
[76.602s][info][gc,phases   ] GC(333) Concurrent Mark 48.335ms
[76.602s][info][gc,phases   ] GC(333) Pause Mark End 0.022ms
[76.603s][info][gc,phases   ] GC(333) Concurrent Mark Free 0.001ms
[76.608s][info][gc,phases   ] GC(333) Concurrent Process Non-Strong References 4.973ms
[76.608s][info][gc,phases   ] GC(333) Concurrent Reset Relocation Set 0.028ms
[76.613s][info][gc,phases   ] GC(333) Concurrent Select Relocation Set 5.714ms
[76.614s][info][gc,phases   ] GC(333) Pause Relocate Start 0.008ms
[76.620s][info][gc,phases   ] GC(333) Concurrent Relocate 6.101ms
[76.620s][info][gc,load     ] GC(333) Load: 0.00/0.00/0.00
[76.620s][info][gc,mmu      ] GC(333) MMU: 2ms/98.1%, 5ms/99.2%, 10ms/99.5%, 20ms/99.8%, 50ms/99.8%, 100ms/99.9%
[76.620s][info][gc,marking  ] GC(333) Mark: 2 stripe(s), 2 proactive flush(es), 1 terminate flush(es), 0 completion(s), 0 continuation(s) 
[76.620s][info][gc,marking  ] GC(333) Mark Stack Usage: 32M
[76.620s][info][gc,nmethod  ] GC(333) NMethods: 4406 registered, 1053 unregistered
[76.620s][info][gc,metaspace] GC(333) Metaspace: 71M used, 71M committed, 1088M reserved
[76.620s][info][gc,ref      ] GC(333) Soft: 3837 encountered, 0 discovered, 0 enqueued
[76.620s][info][gc,ref      ] GC(333) Weak: 10676 encountered, 827 discovered, 48 enqueued
[76.620s][info][gc,ref      ] GC(333) Final: 289 encountered, 25 discovered, 0 enqueued
[76.620s][info][gc,ref      ] GC(333) Phantom: 425 encountered, 247 discovered, 0 enqueued
[76.620s][info][gc,reloc    ] GC(333) Small Pages: 438 / 876M, Empty: 570M, Relocated: 6M, In-Place: 0
[76.620s][info][gc,reloc    ] GC(333) Medium Pages: 0 / 0M, Empty: 0M, Relocated: 0M, In-Place: 0
[76.620s][info][gc,reloc    ] GC(333) Large Pages: 0 / 0M, Empty: 0M, Relocated: 0M, In-Place: 0
[76.620s][info][gc,reloc    ] GC(333) Forwarding Usage: 2M
[76.620s][info][gc,heap     ] GC(333) Min Capacity: 8M(0%)
[76.620s][info][gc,heap     ] GC(333) Max Capacity: 2048M(100%)
[76.620s][info][gc,heap     ] GC(333) Soft Max Capacity: 2048M(100%)
[76.620s][info][gc,heap     ] GC(333)                Mark Start          Mark End        Relocate Start      Relocate End           High               Low         
[76.620s][info][gc,heap     ] GC(333)  Capacity:     2048M (100%)       2048M (100%)       2048M (100%)       2048M (100%)       2048M (100%)       2048M (100%)   
[76.620s][info][gc,heap     ] GC(333)      Free:     1172M (57%)         992M (48%)        1522M (74%)        1748M (85%)        1760M (86%)         970M (47%)    
[76.620s][info][gc,heap     ] GC(333)      Used:      876M (43%)        1056M (52%)         526M (26%)         300M (15%)        1078M (53%)         288M (14%)    
[76.620s][info][gc,heap     ] GC(333)      Live:         -                50M (2%)           50M (2%)           50M (2%)             -                  -          
[76.620s][info][gc,heap     ] GC(333) Allocated:         -               180M (9%)          220M (11%)         235M (11%)            -                  -          
[76.620s][info][gc,heap     ] GC(333)   Garbage:         -               825M (40%)         255M (12%)          14M (1%)             -                  -          
[76.620s][info][gc,heap     ] GC(333) Reclaimed:         -                  -               570M (28%)         811M (40%)            -                  -          
[76.620s][info][gc          ] GC(333) Garbage Collection (Allocation Rate) 876M(43%)->300M(15%)
[76.759s][info][gc,start    ] GC(334) Garbage Collection (Allocation Rate)
[76.760s][info][gc,task     ] GC(334) Using 2 workers
[76.760s][info][gc,phases   ] GC(334) Pause Mark Start 0.010ms
[76.829s][info][gc,phases   ] GC(334) Concurrent Mark 69.697ms
[76.830s][info][gc,phases   ] GC(334) Pause Mark End 0.020ms
[76.830s][info][gc,phases   ] GC(334) Concurrent Mark Free 0.001ms
[76.836s][info][gc,phases   ] GC(334) Concurrent Process Non-Strong References 6.557ms
[76.836s][info][gc,phases   ] GC(334) Concurrent Reset Relocation Set 0.020ms
[76.840s][info][gc,phases   ] GC(334) Concurrent Select Relocation Set 3.610ms
[76.840s][info][gc,phases   ] GC(334) Pause Relocate Start 0.009ms
[76.845s][info][gc,phases   ] GC(334) Concurrent Relocate 4.982ms
[76.845s][info][gc,load     ] GC(334) Load: 0.00/0.00/0.00
[76.845s][info][gc,mmu      ] GC(334) MMU: 2ms/98.1%, 5ms/99.2%, 10ms/99.5%, 20ms/99.8%, 50ms/99.8%, 100ms/99.9%
[76.845s][info][gc,marking  ] GC(334) Mark: 2 stripe(s), 2 proactive flush(es), 1 terminate flush(es), 0 completion(s), 0 continuation(s) 
[76.845s][info][gc,marking  ] GC(334) Mark Stack Usage: 32M
[76.845s][info][gc,nmethod  ] GC(334) NMethods: 4406 registered, 1054 unregistered
[76.845s][info][gc,metaspace] GC(334) Metaspace: 71M used, 71M committed, 1088M reserved
[76.845s][info][gc,ref      ] GC(334) Soft: 3837 encountered, 0 discovered, 0 enqueued
[76.845s][info][gc,ref      ] GC(334) Weak: 10527 encountered, 1583 discovered, 24 enqueued
[76.845s][info][gc,ref      ] GC(334) Final: 289 encountered, 27 discovered, 0 enqueued
[76.845s][info][gc,ref      ] GC(334) Phantom: 425 encountered, 218 discovered, 0 enqueued
[76.845s][info][gc,reloc    ] GC(334) Small Pages: 391 / 782M, Empty: 556M, Relocated: 3M, In-Place: 0
[76.845s][info][gc,reloc    ] GC(334) Medium Pages: 0 / 0M, Empty: 0M, Relocated: 0M, In-Place: 0
[76.845s][info][gc,reloc    ] GC(334) Large Pages: 0 / 0M, Empty: 0M, Relocated: 0M, In-Place: 0
[76.846s][info][gc,reloc    ] GC(334) Forwarding Usage: 1M
[76.846s][info][gc,heap     ] GC(334) Min Capacity: 8M(0%)
[76.846s][info][gc,heap     ] GC(334) Max Capacity: 2048M(100%)
[76.846s][info][gc,heap     ] GC(334) Soft Max Capacity: 2048M(100%)
[76.846s][info][gc,heap     ] GC(334)                Mark Start          Mark End        Relocate Start      Relocate End           High               Low         
[76.846s][info][gc,heap     ] GC(334)  Capacity:     2048M (100%)       2048M (100%)       2048M (100%)       2048M (100%)       2048M (100%)       2048M (100%)   
[76.846s][info][gc,heap     ] GC(334)      Free:     1266M (62%)        1056M (52%)        1580M (77%)        1732M (85%)        1738M (85%)        1038M (51%)    
[76.846s][info][gc,heap     ] GC(334)      Used:      782M (38%)         992M (48%)         468M (23%)         316M (15%)        1010M (49%)         310M (15%)    
[76.846s][info][gc,heap     ] GC(334)      Live:         -                50M (2%)           50M (2%)           50M (2%)             -                  -          
[76.846s][info][gc,heap     ] GC(334) Allocated:         -               210M (10%)         242M (12%)         251M (12%)            -                  -          
[76.846s][info][gc,heap     ] GC(334)   Garbage:         -               731M (36%)         175M (9%)           14M (1%)             -                  -          
[76.846s][info][gc,heap     ] GC(334) Reclaimed:         -                  -               556M (27%)         717M (35%)            -                  -          
[76.846s][info][gc          ] GC(334) Garbage Collection (Allocation Rate) 782M(38%)->316M(15%)
[76.954s][info][gc,start    ] GC(335) Garbage Collection (Allocation Rate)
[76.954s][info][gc,task     ] GC(335) Using 2 workers
[76.954s][info][gc,phases   ] GC(335) Pause Mark Start 0.010ms
[77.019s][info][gc,phases   ] GC(335) Concurrent Mark 64.479ms
[77.019s][info][gc,phases   ] GC(335) Pause Mark End 0.019ms
[77.019s][info][gc,phases   ] GC(335) Concurrent Mark Free 0.001ms
[77.025s][info][gc,phases   ] GC(335) Concurrent Process Non-Strong References 5.764ms
[77.025s][info][gc,phases   ] GC(335) Concurrent Reset Relocation Set 0.011ms
[77.028s][info][gc,phases   ] GC(335) Concurrent Select Relocation Set 2.929ms
[77.028s][info][gc,phases   ] GC(335) Pause Relocate Start 0.008ms
[77.030s][info][gc,phases   ] GC(335) Concurrent Relocate 1.736ms
[77.030s][info][gc,load     ] GC(335) Load: 0.00/0.00/0.00
[77.030s][info][gc,mmu      ] GC(335) MMU: 2ms/98.1%, 5ms/99.2%, 10ms/99.5%, 20ms/99.8%, 50ms/99.8%, 100ms/99.9%
[77.030s][info][gc,marking  ] GC(335) Mark: 2 stripe(s), 2 proactive flush(es), 1 terminate flush(es), 0 completion(s), 0 continuation(s) 
[77.030s][info][gc,marking  ] GC(335) Mark Stack Usage: 32M
[77.030s][info][gc,nmethod  ] GC(335) NMethods: 4406 registered, 1054 unregistered
[77.030s][info][gc,metaspace] GC(335) Metaspace: 71M used, 71M committed, 1088M reserved
[77.030s][info][gc,ref      ] GC(335) Soft: 3837 encountered, 0 discovered, 0 enqueued
[77.030s][info][gc,ref      ] GC(335) Weak: 10379 encountered, 1155 discovered, 30 enqueued
[77.030s][info][gc,ref      ] GC(335) Final: 289 encountered, 17 discovered, 0 enqueued
[77.030s][info][gc,ref      ] GC(335) Phantom: 425 encountered, 266 discovered, 0 enqueued
[77.030s][info][gc,reloc    ] GC(335) Small Pages: 314 / 628M, Empty: 400M, Relocated: 1M, In-Place: 0
[77.030s][info][gc,reloc    ] GC(335) Medium Pages: 0 / 0M, Empty: 0M, Relocated: 0M, In-Place: 0
[77.030s][info][gc,reloc    ] GC(335) Large Pages: 0 / 0M, Empty: 0M, Relocated: 0M, In-Place: 0
[77.030s][info][gc,reloc    ] GC(335) Forwarding Usage: 0M
[77.030s][info][gc,heap     ] GC(335) Min Capacity: 8M(0%)
[77.030s][info][gc,heap     ] GC(335) Max Capacity: 2048M(100%)
[77.030s][info][gc,heap     ] GC(335) Soft Max Capacity: 2048M(100%)
[77.030s][info][gc,heap     ] GC(335)                Mark Start          Mark End        Relocate Start      Relocate End           High               Low         
[77.030s][info][gc,heap     ] GC(335)  Capacity:     2048M (100%)       2048M (100%)       2048M (100%)       2048M (100%)       2048M (100%)       2048M (100%)   
[77.030s][info][gc,heap     ] GC(335)      Free:     1420M (69%)        1250M (61%)        1626M (79%)        1788M (87%)        1788M (87%)        1236M (60%)    
[77.030s][info][gc,heap     ] GC(335)      Used:      628M (31%)         798M (39%)         422M (21%)         260M (13%)         812M (40%)         260M (13%)    
[77.030s][info][gc,heap     ] GC(335)      Live:         -                50M (2%)           50M (2%)           50M (2%)             -                  -          
[77.030s][info][gc,heap     ] GC(335) Allocated:         -               170M (8%)          194M (9%)          195M (10%)            -                  -          
[77.030s][info][gc,heap     ] GC(335)   Garbage:         -               577M (28%)         177M (9%)           14M (1%)             -                  -          
[77.030s][info][gc,heap     ] GC(335) Reclaimed:         -                  -               400M (20%)         563M (28%)            -                  -          
[77.030s][info][gc          ] GC(335) Garbage Collection (Allocation Rate) 628M(31%)->260M(13%)
[77.154s][info][gc,start    ] GC(336) Garbage Collection (Allocation Rate)
[77.154s][info][gc,task     ] GC(336) Using 2 workers
[77.154s][info][gc,phases   ] GC(336) Pause Mark Start 0.010ms
[77.209s][info][gc,phases   ] GC(336) Concurrent Mark 55.287ms
[77.209s][info][gc,phases   ] GC(336) Pause Mark End 0.019ms
[77.210s][info][gc,phases   ] GC(336) Concurrent Mark Free 0.001ms
[77.216s][info][gc,phases   ] GC(336) Concurrent Process Non-Strong References 6.300ms
[77.216s][info][gc,phases   ] GC(336) Concurrent Reset Relocation Set 0.012ms
[77.219s][info][gc,phases   ] GC(336) Concurrent Select Relocation Set 3.431ms
[77.220s][info][gc,phases   ] GC(336) Pause Relocate Start 0.008ms
[77.221s][info][gc,phases   ] GC(336) Concurrent Relocate 1.692ms
[77.221s][info][gc,load     ] GC(336) Load: 0.00/0.00/0.00
[77.221s][info][gc,mmu      ] GC(336) MMU: 2ms/98.1%, 5ms/99.2%, 10ms/99.5%, 20ms/99.8%, 50ms/99.8%, 100ms/99.9%
[77.221s][info][gc,marking  ] GC(336) Mark: 2 stripe(s), 2 proactive flush(es), 1 terminate flush(es), 0 completion(s), 0 continuation(s) 
[77.221s][info][gc,marking  ] GC(336) Mark Stack Usage: 32M
[77.221s][info][gc,nmethod  ] GC(336) NMethods: 4406 registered, 1054 unregistered
[77.221s][info][gc,metaspace] GC(336) Metaspace: 71M used, 71M committed, 1088M reserved
[77.221s][info][gc,ref      ] GC(336) Soft: 3837 encountered, 0 discovered, 0 enqueued
[77.221s][info][gc,ref      ] GC(336) Weak: 10300 encountered, 737 discovered, 13 enqueued
[77.221s][info][gc,ref      ] GC(336) Final: 289 encountered, 12 discovered, 0 enqueued
[77.221s][info][gc,ref      ] GC(336) Phantom: 425 encountered, 220 discovered, 0 enqueued
[77.221s][info][gc,reloc    ] GC(336) Small Pages: 294 / 588M, Empty: 428M, Relocated: 1M, In-Place: 0
[77.221s][info][gc,reloc    ] GC(336) Medium Pages: 0 / 0M, Empty: 0M, Relocated: 0M, In-Place: 0
[77.221s][info][gc,reloc    ] GC(336) Large Pages: 0 / 0M, Empty: 0M, Relocated: 0M, In-Place: 0
[77.222s][info][gc,reloc    ] GC(336) Forwarding Usage: 0M
[77.222s][info][gc,heap     ] GC(336) Min Capacity: 8M(0%)
[77.222s][info][gc,heap     ] GC(336) Max Capacity: 2048M(100%)
[77.222s][info][gc,heap     ] GC(336) Soft Max Capacity: 2048M(100%)
[77.222s][info][gc,heap     ] GC(336)                Mark Start          Mark End        Relocate Start      Relocate End           High               Low         
[77.222s][info][gc,heap     ] GC(336)  Capacity:     2048M (100%)       2048M (100%)       2048M (100%)       2048M (100%)       2048M (100%)       2048M (100%)   
[77.222s][info][gc,heap     ] GC(336)      Free:     1460M (71%)        1324M (65%)        1728M (84%)        1822M (89%)        1822M (89%)        1310M (64%)    
[77.222s][info][gc,heap     ] GC(336)      Used:      588M (29%)         724M (35%)         320M (16%)         226M (11%)         738M (36%)         226M (11%)    
[77.222s][info][gc,heap     ] GC(336)      Live:         -                49M (2%)           49M (2%)           49M (2%)             -                  -          
[77.222s][info][gc,heap     ] GC(336) Allocated:         -               136M (7%)          160M (8%)          161M (8%)             -                  -          
[77.222s][info][gc,heap     ] GC(336)   Garbage:         -               538M (26%)         110M (5%)           14M (1%)             -                  -          
[77.222s][info][gc,heap     ] GC(336) Reclaimed:         -                  -               428M (21%)         523M (26%)            -                  -          
[77.222s][info][gc          ] GC(336) Garbage Collection (Allocation Rate) 588M(29%)->226M(11%)
[77.354s][info][gc,start    ] GC(337) Garbage Collection (Allocation Rate)
[77.463s][info][gc,task     ] GC(337) Using 2 workers
[77.464s][info][gc,phases   ] GC(337) Pause Mark Start 0.010ms
[77.506s][info][gc,phases   ] GC(337) Concurrent Mark 41.892ms
[77.506s][info][gc,phases   ] GC(337) Pause Mark End 0.018ms
[77.506s][info][gc,phases   ] GC(337) Concurrent Mark Free 0.001ms
[77.510s][info][gc,phases   ] GC(337) Concurrent Process Non-Strong References 4.653ms
[77.510s][info][gc,phases   ] GC(337) Concurrent Reset Relocation Set 0.008ms
[77.513s][info][gc,phases   ] GC(337) Concurrent Select Relocation Set 2.390ms
[77.513s][info][gc,phases   ] GC(337) Pause Relocate Start 0.007ms
[77.514s][info][gc,phases   ] GC(337) Concurrent Relocate 1.264ms
[77.514s][info][gc,load     ] GC(337) Load: 0.00/0.00/0.00
[77.514s][info][gc,mmu      ] GC(337) MMU: 2ms/98.1%, 5ms/99.2%, 10ms/99.5%, 20ms/99.8%, 50ms/99.8%, 100ms/99.9%
[77.514s][info][gc,marking  ] GC(337) Mark: 2 stripe(s), 2 proactive flush(es), 1 terminate flush(es), 0 completion(s), 0 continuation(s) 
[77.514s][info][gc,marking  ] GC(337) Mark Stack Usage: 32M
[77.514s][info][gc,nmethod  ] GC(337) NMethods: 4406 registered, 1054 unregistered
[77.514s][info][gc,metaspace] GC(337) Metaspace: 71M used, 71M committed, 1088M reserved
[77.514s][info][gc,ref      ] GC(337) Soft: 3837 encountered, 0 discovered, 0 enqueued
[77.514s][info][gc,ref      ] GC(337) Weak: 10212 encountered, 611 discovered, 18 enqueued
[77.514s][info][gc,ref      ] GC(337) Final: 289 encountered, 4 discovered, 0 enqueued
[77.514s][info][gc,ref      ] GC(337) Phantom: 425 encountered, 252 discovered, 0 enqueued
[77.514s][info][gc,reloc    ] GC(337) Small Pages: 401 / 802M, Empty: 612M, Relocated: 1M, In-Place: 0
[77.514s][info][gc,reloc    ] GC(337) Medium Pages: 0 / 0M, Empty: 0M, Relocated: 0M, In-Place: 0
[77.514s][info][gc,reloc    ] GC(337) Large Pages: 0 / 0M, Empty: 0M, Relocated: 0M, In-Place: 0
[77.514s][info][gc,reloc    ] GC(337) Forwarding Usage: 0M
[77.514s][info][gc,heap     ] GC(337) Min Capacity: 8M(0%)
[77.514s][info][gc,heap     ] GC(337) Max Capacity: 2048M(100%)
[77.514s][info][gc,heap     ] GC(337) Soft Max Capacity: 2048M(100%)
[77.514s][info][gc,heap     ] GC(337)                Mark Start          Mark End        Relocate Start      Relocate End           High               Low         
[77.515s][info][gc,heap     ] GC(337)  Capacity:     2048M (100%)       2048M (100%)       2048M (100%)       2048M (100%)       2048M (100%)       2048M (100%)   
[77.515s][info][gc,heap     ] GC(337)      Free:     1246M (61%)        1164M (57%)        1762M (86%)        1888M (92%)        1888M (92%)        1156M (56%)    
[77.515s][info][gc,heap     ] GC(337)      Used:      802M (39%)         884M (43%)         286M (14%)         160M (8%)          892M (44%)         160M (8%)     
[77.515s][info][gc,heap     ] GC(337)      Live:         -                49M (2%)           49M (2%)           49M (2%)             -                  -          
[77.515s][info][gc,heap     ] GC(337) Allocated:         -                82M (4%)           96M (5%)           95M (5%)             -                  -          
[77.515s][info][gc,heap     ] GC(337)   Garbage:         -               752M (37%)         140M (7%)           14M (1%)             -                  -          
[77.515s][info][gc,heap     ] GC(337) Reclaimed:         -                  -               612M (30%)         737M (36%)            -                  -          
[77.515s][info][gc          ] GC(337) Garbage Collection (Allocation Rate) 802M(39%)->160M(8%)
[77.554s][info][gc,start    ] GC(338) Garbage Collection (Allocation Rate)
[77.554s][info][gc,task     ] GC(338) Using 6 workers
[77.554s][info][gc,phases   ] GC(338) Pause Mark Start 0.010ms
[77.573s][info][gc,phases   ] GC(338) Concurrent Mark 19.669ms
[77.574s][info][gc,phases   ] GC(338) Pause Mark End 0.021ms
[77.574s][info][gc,phases   ] GC(338) Concurrent Mark Free 0.001ms
[77.576s][info][gc,phases   ] GC(338) Concurrent Process Non-Strong References 1.950ms
[77.576s][info][gc,phases   ] GC(338) Concurrent Reset Relocation Set 0.008ms
[77.578s][info][gc,phases   ] GC(338) Concurrent Select Relocation Set 2.419ms
[77.578s][info][gc,phases   ] GC(338) Pause Relocate Start 0.007ms
[77.579s][info][gc,phases   ] GC(338) Concurrent Relocate 0.677ms
[77.579s][info][gc,load     ] GC(338) Load: 0.00/0.00/0.00
[77.579s][info][gc,mmu      ] GC(338) MMU: 2ms/98.1%, 5ms/99.2%, 10ms/99.5%, 20ms/99.8%, 50ms/99.8%, 100ms/99.9%
[77.579s][info][gc,marking  ] GC(338) Mark: 4 stripe(s), 2 proactive flush(es), 1 terminate flush(es), 0 completion(s), 0 continuation(s) 
[77.579s][info][gc,marking  ] GC(338) Mark Stack Usage: 32M
[77.579s][info][gc,nmethod  ] GC(338) NMethods: 4406 registered, 1054 unregistered
[77.579s][info][gc,metaspace] GC(338) Metaspace: 71M used, 71M committed, 1088M reserved
[77.579s][info][gc,ref      ] GC(338) Soft: 3837 encountered, 0 discovered, 0 enqueued
[77.579s][info][gc,ref      ] GC(338) Weak: 10170 encountered, 575 discovered, 7 enqueued
[77.579s][info][gc,ref      ] GC(338) Final: 289 encountered, 32 discovered, 0 enqueued
[77.579s][info][gc,ref      ] GC(338) Phantom: 425 encountered, 267 discovered, 0 enqueued
[77.579s][info][gc,reloc    ] GC(338) Small Pages: 118 / 236M, Empty: 124M, Relocated: 1M, In-Place: 0
[77.579s][info][gc,reloc    ] GC(338) Medium Pages: 0 / 0M, Empty: 0M, Relocated: 0M, In-Place: 0
[77.579s][info][gc,reloc    ] GC(338) Large Pages: 0 / 0M, Empty: 0M, Relocated: 0M, In-Place: 0
[77.579s][info][gc,reloc    ] GC(338) Forwarding Usage: 0M
[77.579s][info][gc,heap     ] GC(338) Min Capacity: 8M(0%)
[77.579s][info][gc,heap     ] GC(338) Max Capacity: 2048M(100%)
[77.579s][info][gc,heap     ] GC(338) Soft Max Capacity: 2048M(100%)
[77.579s][info][gc,heap     ] GC(338)                Mark Start          Mark End        Relocate Start      Relocate End           High               Low         
[77.579s][info][gc,heap     ] GC(338)  Capacity:     2048M (100%)       2048M (100%)       2048M (100%)       2048M (100%)       2048M (100%)       2048M (100%)   
[77.579s][info][gc,heap     ] GC(338)      Free:     1812M (88%)        1776M (87%)        1892M (92%)        1932M (94%)        1932M (94%)        1768M (86%)    
[77.579s][info][gc,heap     ] GC(338)      Used:      236M (12%)         272M (13%)         156M (8%)          116M (6%)          280M (14%)         116M (6%)     
[77.579s][info][gc,heap     ] GC(338)      Live:         -                49M (2%)           49M (2%)           49M (2%)             -                  -          
[77.579s][info][gc,heap     ] GC(338) Allocated:         -                36M (2%)           44M (2%)           43M (2%)             -                  -          
[77.579s][info][gc,heap     ] GC(338)   Garbage:         -               186M (9%)           62M (3%)           22M (1%)             -                  -          
[77.579s][info][gc,heap     ] GC(338) Reclaimed:         -                  -               124M (6%)          163M (8%)             -                  -          
[77.579s][info][gc          ] GC(338) Garbage Collection (Allocation Rate) 236M(12%)->116M(6%)
[78.160s][info][gc,start    ] GC(339) Garbage Collection (Allocation Rate)
[78.160s][info][gc,task     ] GC(339) Using 6 workers
[78.160s][info][gc,phases   ] GC(339) Pause Mark Start 0.010ms
[78.180s][info][gc,phases   ] GC(339) Concurrent Mark 20.664ms
[78.181s][info][gc,phases   ] GC(339) Pause Mark End 0.024ms
[78.181s][info][gc,phases   ] GC(339) Concurrent Mark Free 0.001ms
[78.183s][info][gc,phases   ] GC(339) Concurrent Process Non-Strong References 2.038ms
[78.183s][info][gc,phases   ] GC(339) Concurrent Reset Relocation Set 0.003ms
[78.185s][info][gc,phases   ] GC(339) Concurrent Select Relocation Set 2.507ms
[78.185s][info][gc,phases   ] GC(339) Pause Relocate Start 0.007ms
[78.186s][info][gc,phases   ] GC(339) Concurrent Relocate 0.630ms
[78.186s][info][gc,load     ] GC(339) Load: 0.00/0.00/0.00
[78.186s][info][gc,mmu      ] GC(339) MMU: 2ms/98.1%, 5ms/99.2%, 10ms/99.5%, 20ms/99.8%, 50ms/99.8%, 100ms/99.9%
[78.186s][info][gc,marking  ] GC(339) Mark: 4 stripe(s), 2 proactive flush(es), 1 terminate flush(es), 0 completion(s), 0 continuation(s) 
[78.186s][info][gc,marking  ] GC(339) Mark Stack Usage: 32M
[78.186s][info][gc,nmethod  ] GC(339) NMethods: 4406 registered, 1054 unregistered
[78.186s][info][gc,metaspace] GC(339) Metaspace: 71M used, 71M committed, 1088M reserved
[78.186s][info][gc,ref      ] GC(339) Soft: 3837 encountered, 0 discovered, 0 enqueued
[78.186s][info][gc,ref      ] GC(339) Weak: 10163 encountered, 480 discovered, 0 enqueued
[78.186s][info][gc,ref      ] GC(339) Final: 289 encountered, 35 discovered, 0 enqueued
[78.186s][info][gc,ref      ] GC(339) Phantom: 425 encountered, 279 discovered, 0 enqueued
[78.186s][info][gc,reloc    ] GC(339) Small Pages: 615 / 1230M, Empty: 1100M, Relocated: 1M, In-Place: 0
[78.186s][info][gc,reloc    ] GC(339) Medium Pages: 0 / 0M, Empty: 0M, Relocated: 0M, In-Place: 0
[78.186s][info][gc,reloc    ] GC(339) Large Pages: 0 / 0M, Empty: 0M, Relocated: 0M, In-Place: 0
[78.186s][info][gc,reloc    ] GC(339) Forwarding Usage: 0M
[78.186s][info][gc,heap     ] GC(339) Min Capacity: 8M(0%)
[78.186s][info][gc,heap     ] GC(339) Max Capacity: 2048M(100%)
[78.186s][info][gc,heap     ] GC(339) Soft Max Capacity: 2048M(100%)
[78.186s][info][gc,heap     ] GC(339)                Mark Start          Mark End        Relocate Start      Relocate End           High               Low         
[78.186s][info][gc,heap     ] GC(339)  Capacity:     2048M (100%)       2048M (100%)       2048M (100%)       2048M (100%)       2048M (100%)       2048M (100%)   
[78.186s][info][gc,heap     ] GC(339)      Free:      818M (40%)         780M (38%)        1872M (91%)        1928M (94%)        1928M (94%)         774M (38%)    
[78.186s][info][gc,heap     ] GC(339)      Used:     1230M (60%)        1268M (62%)         176M (9%)          120M (6%)         1274M (62%)         120M (6%)     
[78.186s][info][gc,heap     ] GC(339)      Live:         -                49M (2%)           49M (2%)           49M (2%)             -                  -          
[78.186s][info][gc,heap     ] GC(339) Allocated:         -                38M (2%)           46M (2%)           47M (2%)             -                  -          
[78.186s][info][gc,heap     ] GC(339)   Garbage:         -              1180M (58%)          80M (4%)           22M (1%)             -                  -          
[78.186s][info][gc,heap     ] GC(339) Reclaimed:         -                  -              1100M (54%)        1157M (57%)            -                  -          
[78.186s][info][gc          ] GC(339) Garbage Collection (Allocation Rate) 1230M(60%)->120M(6%)
[78.772s][info][gc,start    ] GC(340) Garbage Collection (System.gc())
[78.772s][info][gc,task     ] GC(340) Using 12 workers
[78.772s][info][gc,phases   ] GC(340) Pause Mark Start 0.012ms
[78.799s][info][gc,phases   ] GC(340) Concurrent Mark 26.983ms
[78.799s][info][gc,phases   ] GC(340) Pause Mark End 0.017ms
[78.799s][info][gc,phases   ] GC(340) Concurrent Mark Free 0.001ms
[78.801s][info][gc,phases   ] GC(340) Concurrent Process Non-Strong References 1.275ms
[78.801s][info][gc,phases   ] GC(340) Concurrent Reset Relocation Set 0.005ms
[78.804s][info][gc,phases   ] GC(340) Concurrent Select Relocation Set 3.659ms
[78.804s][info][gc,phases   ] GC(340) Pause Relocate Start 0.006ms
[78.807s][info][gc,phases   ] GC(340) Concurrent Relocate 2.166ms
[78.807s][info][gc,load     ] GC(340) Load: 0.00/0.00/0.00
[78.807s][info][gc,mmu      ] GC(340) MMU: 2ms/98.1%, 5ms/99.2%, 10ms/99.5%, 20ms/99.8%, 50ms/99.8%, 100ms/99.9%
[78.807s][info][gc,marking  ] GC(340) Mark: 8 stripe(s), 4 proactive flush(es), 1 terminate flush(es), 0 completion(s), 0 continuation(s) 
[78.807s][info][gc,marking  ] GC(340) Mark Stack Usage: 32M
[78.807s][info][gc,nmethod  ] GC(340) NMethods: 4515 registered, 1060 unregistered
[78.807s][info][gc,metaspace] GC(340) Metaspace: 71M used, 71M committed, 1088M reserved
[78.807s][info][gc,ref      ] GC(340) Soft: 3837 encountered, 0 discovered, 0 enqueued
[78.807s][info][gc,ref      ] GC(340) Weak: 10217 encountered, 527 discovered, 49 enqueued
[78.807s][info][gc,ref      ] GC(340) Final: 289 encountered, 12 discovered, 0 enqueued
[78.807s][info][gc,ref      ] GC(340) Phantom: 425 encountered, 281 discovered, 0 enqueued
[78.807s][info][gc,reloc    ] GC(340) Small Pages: 588 / 1176M, Empty: 986M, Relocated: 3M, In-Place: 0
[78.807s][info][gc,reloc    ] GC(340) Medium Pages: 0 / 0M, Empty: 0M, Relocated: 0M, In-Place: 0
[78.807s][info][gc,reloc    ] GC(340) Large Pages: 0 / 0M, Empty: 0M, Relocated: 0M, In-Place: 0
[78.807s][info][gc,reloc    ] GC(340) Forwarding Usage: 1M
[78.807s][info][gc,heap     ] GC(340) Min Capacity: 8M(0%)
[78.807s][info][gc,heap     ] GC(340) Max Capacity: 2048M(100%)
[78.807s][info][gc,heap     ] GC(340) Soft Max Capacity: 2048M(100%)
[78.807s][info][gc,heap     ] GC(340)                Mark Start          Mark End        Relocate Start      Relocate End           High               Low         
[78.807s][info][gc,heap     ] GC(340)  Capacity:     2048M (100%)       2048M (100%)       2048M (100%)       2048M (100%)       2048M (100%)       2048M (100%)   
[78.807s][info][gc,heap     ] GC(340)      Free:      872M (43%)         858M (42%)        1844M (90%)        1952M (95%)        1952M (95%)         858M (42%)    
[78.807s][info][gc,heap     ] GC(340)      Used:     1176M (57%)        1190M (58%)         204M (10%)          96M (5%)         1190M (58%)          96M (5%)     
[78.807s][info][gc,heap     ] GC(340)      Live:         -                50M (2%)           50M (2%)           50M (2%)             -                  -          
[78.807s][info][gc,heap     ] GC(340) Allocated:         -                14M (1%)           14M (1%)           14M (1%)             -                  -          
[78.807s][info][gc,heap     ] GC(340)   Garbage:         -              1125M (55%)         139M (7%)           31M (2%)             -                  -          
[78.807s][info][gc,heap     ] GC(340) Reclaimed:         -                  -               986M (48%)        1094M (53%)            -                  -          
[78.807s][info][gc          ] GC(340) Garbage Collection (System.gc()) 1176M(57%)->96M(5%)
[79.055s][info][gc,start    ] GC(341) Garbage Collection (Allocation Rate)
[79.055s][info][gc,task     ] GC(341) Using 4 workers
[79.055s][info][gc,phases   ] GC(341) Pause Mark Start 0.010ms
[79.107s][info][gc,phases   ] GC(341) Concurrent Mark 51.034ms
[79.107s][info][gc,phases   ] GC(341) Pause Mark End 0.024ms
[79.107s][info][gc,phases   ] GC(341) Concurrent Mark Free 0.001ms
[79.113s][info][gc,phases   ] GC(341) Concurrent Process Non-Strong References 5.825ms
[79.113s][info][gc,phases   ] GC(341) Concurrent Reset Relocation Set 0.023ms
[79.124s][info][gc,phases   ] GC(341) Concurrent Select Relocation Set 10.597ms
[79.124s][info][gc,phases   ] GC(341) Pause Relocate Start 0.008ms
[79.135s][info][gc,phases   ] GC(341) Concurrent Relocate 10.917ms
[79.135s][info][gc,load     ] GC(341) Load: 0.00/0.00/0.00
[79.135s][info][gc,mmu      ] GC(341) MMU: 2ms/98.1%, 5ms/99.2%, 10ms/99.5%, 20ms/99.8%, 50ms/99.8%, 100ms/99.9%
[79.135s][info][gc,marking  ] GC(341) Mark: 4 stripe(s), 2 proactive flush(es), 1 terminate flush(es), 0 completion(s), 0 continuation(s) 
[79.135s][info][gc,marking  ] GC(341) Mark Stack Usage: 32M
[79.136s][info][gc,nmethod  ] GC(341) NMethods: 4827 registered, 40 unregistered
[79.136s][info][gc,metaspace] GC(341) Metaspace: 71M used, 71M committed, 1088M reserved
[79.136s][info][gc,ref      ] GC(341) Soft: 3837 encountered, 0 discovered, 0 enqueued
[79.136s][info][gc,ref      ] GC(341) Weak: 11601 encountered, 1153 discovered, 1 enqueued
[79.136s][info][gc,ref      ] GC(341) Final: 289 encountered, 33 discovered, 0 enqueued
[79.136s][info][gc,ref      ] GC(341) Phantom: 428 encountered, 273 discovered, 3 enqueued
[79.136s][info][gc,reloc    ] GC(341) Small Pages: 612 / 1224M, Empty: 606M, Relocated: 10M, In-Place: 0
[79.136s][info][gc,reloc    ] GC(341) Medium Pages: 0 / 0M, Empty: 0M, Relocated: 0M, In-Place: 0
[79.136s][info][gc,reloc    ] GC(341) Large Pages: 0 / 0M, Empty: 0M, Relocated: 0M, In-Place: 0
[79.136s][info][gc,reloc    ] GC(341) Forwarding Usage: 4M
[79.136s][info][gc,heap     ] GC(341) Min Capacity: 8M(0%)
[79.136s][info][gc,heap     ] GC(341) Max Capacity: 2048M(100%)
[79.136s][info][gc,heap     ] GC(341) Soft Max Capacity: 2048M(100%)
[79.136s][info][gc,heap     ] GC(341)                Mark Start          Mark End        Relocate Start      Relocate End           High               Low         
[79.136s][info][gc,heap     ] GC(341)  Capacity:     2048M (100%)       2048M (100%)       2048M (100%)       2048M (100%)       2048M (100%)       2048M (100%)   
[79.136s][info][gc,heap     ] GC(341)      Free:      824M (40%)         570M (28%)        1098M (54%)        1614M (79%)        1636M (80%)         540M (26%)    
[79.136s][info][gc,heap     ] GC(341)      Used:     1224M (60%)        1478M (72%)         950M (46%)         434M (21%)        1508M (74%)         412M (20%)    
[79.136s][info][gc,heap     ] GC(341)      Live:         -                53M (3%)           53M (3%)           53M (3%)             -                  -          
[79.136s][info][gc,heap     ] GC(341) Allocated:         -               254M (12%)         332M (16%)         364M (18%)            -                  -          
[79.136s][info][gc,heap     ] GC(341)   Garbage:         -              1170M (57%)         564M (28%)          15M (1%)             -                  -          
[79.136s][info][gc,heap     ] GC(341) Reclaimed:         -                  -               606M (30%)        1154M (56%)            -                  -          
[79.136s][info][gc          ] GC(341) Garbage Collection (Allocation Rate) 1224M(60%)->434M(21%)
[79.155s][info][gc,start    ] GC(342) Garbage Collection (Allocation Rate)
[79.155s][info][gc,task     ] GC(342) Using 6 workers
[79.155s][info][gc,phases   ] GC(342) Pause Mark Start 0.009ms
[79.194s][info][gc,phases   ] GC(342) Concurrent Mark 38.358ms
[79.194s][info][gc,phases   ] GC(342) Pause Mark End 0.025ms
[79.195s][info][gc,phases   ] GC(342) Concurrent Mark Free 0.001ms
[79.199s][info][gc,phases   ] GC(342) Concurrent Process Non-Strong References 3.720ms
[79.199s][info][gc,phases   ] GC(342) Concurrent Reset Relocation Set 0.060ms
[79.206s][info][gc,phases   ] GC(342) Concurrent Select Relocation Set 6.899ms
[79.206s][info][gc,phases   ] GC(342) Pause Relocate Start 0.009ms
[79.214s][info][gc,phases   ] GC(342) Concurrent Relocate 6.854ms
[79.214s][info][gc,load     ] GC(342) Load: 0.00/0.00/0.00
[79.214s][info][gc,mmu      ] GC(342) MMU: 2ms/98.1%, 5ms/99.2%, 10ms/99.5%, 20ms/99.8%, 50ms/99.8%, 100ms/99.9%
[79.214s][info][gc,marking  ] GC(342) Mark: 4 stripe(s), 2 proactive flush(es), 1 terminate flush(es), 0 completion(s), 0 continuation(s) 
[79.214s][info][gc,marking  ] GC(342) Mark Stack Usage: 32M
[79.214s][info][gc,nmethod  ] GC(342) NMethods: 4827 registered, 40 unregistered
[79.214s][info][gc,metaspace] GC(342) Metaspace: 71M used, 71M committed, 1088M reserved
[79.214s][info][gc,ref      ] GC(342) Soft: 3837 encountered, 0 discovered, 0 enqueued
[79.214s][info][gc,ref      ] GC(342) Weak: 11600 encountered, 1489 discovered, 0 enqueued
[79.214s][info][gc,ref      ] GC(342) Final: 289 encountered, 12 discovered, 0 enqueued
[79.214s][info][gc,ref      ] GC(342) Phantom: 425 encountered, 273 discovered, 0 enqueued
[79.215s][info][gc,reloc    ] GC(342) Small Pages: 267 / 534M, Empty: 262M, Relocated: 8M, In-Place: 0
[79.215s][info][gc,reloc    ] GC(342) Medium Pages: 0 / 0M, Empty: 0M, Relocated: 0M, In-Place: 0
[79.215s][info][gc,reloc    ] GC(342) Large Pages: 0 / 0M, Empty: 0M, Relocated: 0M, In-Place: 0
[79.215s][info][gc,reloc    ] GC(342) Forwarding Usage: 3M
[79.215s][info][gc,heap     ] GC(342) Min Capacity: 8M(0%)
[79.215s][info][gc,heap     ] GC(342) Max Capacity: 2048M(100%)
[79.215s][info][gc,heap     ] GC(342) Soft Max Capacity: 2048M(100%)
[79.215s][info][gc,heap     ] GC(342)                Mark Start          Mark End        Relocate Start      Relocate End           High               Low         
[79.215s][info][gc,heap     ] GC(342)  Capacity:     2048M (100%)       2048M (100%)       2048M (100%)       2048M (100%)       2048M (100%)       2048M (100%)   
[79.215s][info][gc,heap     ] GC(342)      Free:     1514M (74%)        1328M (65%)        1536M (75%)        1718M (84%)        1726M (84%)        1306M (64%)    
[79.215s][info][gc,heap     ] GC(342)      Used:      534M (26%)         720M (35%)         512M (25%)         330M (16%)         742M (36%)         322M (16%)    
[79.215s][info][gc,heap     ] GC(342)      Live:         -                54M (3%)           54M (3%)           54M (3%)             -                  -          
[79.215s][info][gc,heap     ] GC(342) Allocated:         -               186M (9%)          240M (12%)         260M (13%)            -                  -          
[79.215s][info][gc,heap     ] GC(342)   Garbage:         -               479M (23%)         217M (11%)          15M (1%)             -                  -          
[79.215s][info][gc,heap     ] GC(342) Reclaimed:         -                  -               262M (13%)         464M (23%)            -                  -          
[79.215s][info][gc          ] GC(342) Garbage Collection (Allocation Rate) 534M(26%)->330M(16%)
[79.354s][info][gc,start    ] GC(343) Garbage Collection (Allocation Rate)
[79.354s][info][gc,task     ] GC(343) Using 6 workers
[79.355s][info][gc,phases   ] GC(343) Pause Mark Start 0.009ms
[79.391s][info][gc,phases   ] GC(343) Concurrent Mark 36.393ms
[79.392s][info][gc,phases   ] GC(343) Pause Mark End 0.033ms
[79.392s][info][gc,phases   ] GC(343) Concurrent Mark Free 0.001ms
[79.396s][info][gc,phases   ] GC(343) Concurrent Process Non-Strong References 3.791ms
[79.396s][info][gc,phases   ] GC(343) Concurrent Reset Relocation Set 0.034ms
[79.405s][info][gc,phases   ] GC(343) Concurrent Select Relocation Set 8.879ms
[79.405s][info][gc,phases   ] GC(343) Pause Relocate Start 0.008ms
[79.412s][info][gc,phases   ] GC(343) Concurrent Relocate 6.348ms
[79.412s][info][gc,load     ] GC(343) Load: 0.00/0.00/0.00
[79.412s][info][gc,mmu      ] GC(343) MMU: 2ms/98.1%, 5ms/99.2%, 10ms/99.5%, 20ms/99.8%, 50ms/99.8%, 100ms/99.9%
[79.412s][info][gc,marking  ] GC(343) Mark: 4 stripe(s), 2 proactive flush(es), 1 terminate flush(es), 0 completion(s), 0 continuation(s) 
[79.412s][info][gc,marking  ] GC(343) Mark Stack Usage: 32M
[79.412s][info][gc,nmethod  ] GC(343) NMethods: 4827 registered, 41 unregistered
[79.412s][info][gc,metaspace] GC(343) Metaspace: 71M used, 71M committed, 1088M reserved
[79.412s][info][gc,ref      ] GC(343) Soft: 3837 encountered, 0 discovered, 0 enqueued
[79.412s][info][gc,ref      ] GC(343) Weak: 11600 encountered, 1399 discovered, 0 enqueued
[79.412s][info][gc,ref      ] GC(343) Final: 289 encountered, 32 discovered, 0 enqueued
[79.412s][info][gc,ref      ] GC(343) Phantom: 425 encountered, 170 discovered, 0 enqueued
[79.412s][info][gc,reloc    ] GC(343) Small Pages: 519 / 1038M, Empty: 588M, Relocated: 8M, In-Place: 0
[79.412s][info][gc,reloc    ] GC(343) Medium Pages: 0 / 0M, Empty: 0M, Relocated: 0M, In-Place: 0
[79.412s][info][gc,reloc    ] GC(343) Large Pages: 0 / 0M, Empty: 0M, Relocated: 0M, In-Place: 0
[79.412s][info][gc,reloc    ] GC(343) Forwarding Usage: 3M
[79.412s][info][gc,heap     ] GC(343) Min Capacity: 8M(0%)
[79.412s][info][gc,heap     ] GC(343) Max Capacity: 2048M(100%)
[79.412s][info][gc,heap     ] GC(343) Soft Max Capacity: 2048M(100%)
[79.412s][info][gc,heap     ] GC(343)                Mark Start          Mark End        Relocate Start      Relocate End           High               Low         
[79.412s][info][gc,heap     ] GC(343)  Capacity:     2048M (100%)       2048M (100%)       2048M (100%)       2048M (100%)       2048M (100%)       2048M (100%)   
[79.412s][info][gc,heap     ] GC(343)      Free:     1010M (49%)         834M (41%)        1362M (67%)        1724M (84%)        1732M (85%)         816M (40%)    
[79.412s][info][gc,heap     ] GC(343)      Used:     1038M (51%)        1214M (59%)         686M (33%)         324M (16%)        1232M (60%)         316M (15%)    
[79.412s][info][gc,heap     ] GC(343)      Live:         -                53M (3%)           53M (3%)           53M (3%)             -                  -          
[79.412s][info][gc,heap     ] GC(343) Allocated:         -               176M (9%)          236M (12%)         254M (12%)            -                  -          
[79.412s][info][gc,heap     ] GC(343)   Garbage:         -               984M (48%)         396M (19%)          15M (1%)             -                  -          
[79.412s][info][gc,heap     ] GC(343) Reclaimed:         -                  -               588M (29%)         968M (47%)            -                  -          
[79.412s][info][gc          ] GC(343) Garbage Collection (Allocation Rate) 1038M(51%)->324M(16%)
[79.454s][info][gc,start    ] GC(344) Garbage Collection (Allocation Rate)
[79.454s][info][gc,task     ] GC(344) Using 6 workers
[79.454s][info][gc,phases   ] GC(344) Pause Mark Start 0.010ms
[79.489s][info][gc,phases   ] GC(344) Concurrent Mark 34.255ms
[79.489s][info][gc,phases   ] GC(344) Pause Mark End 0.024ms
[79.490s][info][gc,phases   ] GC(344) Concurrent Mark Free 0.001ms
[79.493s][info][gc,phases   ] GC(344) Concurrent Process Non-Strong References 3.506ms
[79.493s][info][gc,phases   ] GC(344) Concurrent Reset Relocation Set 0.049ms
[79.498s][info][gc,phases   ] GC(344) Concurrent Select Relocation Set 5.032ms
[79.499s][info][gc,phases   ] GC(344) Pause Relocate Start 0.008ms
[79.506s][info][gc,phases   ] GC(344) Concurrent Relocate 7.505ms
[79.507s][info][gc,load     ] GC(344) Load: 0.00/0.00/0.00
[79.507s][info][gc,mmu      ] GC(344) MMU: 2ms/98.1%, 5ms/99.2%, 10ms/99.5%, 20ms/99.8%, 50ms/99.8%, 100ms/99.9%
[79.507s][info][gc,marking  ] GC(344) Mark: 4 stripe(s), 2 proactive flush(es), 1 terminate flush(es), 0 completion(s), 0 continuation(s) 
[79.507s][info][gc,marking  ] GC(344) Mark Stack Usage: 32M
[79.507s][info][gc,nmethod  ] GC(344) NMethods: 4827 registered, 41 unregistered
[79.507s][info][gc,metaspace] GC(344) Metaspace: 71M used, 71M committed, 1088M reserved
[79.507s][info][gc,ref      ] GC(344) Soft: 3837 encountered, 0 discovered, 0 enqueued
[79.507s][info][gc,ref      ] GC(344) Weak: 11600 encountered, 1193 discovered, 0 enqueued
[79.507s][info][gc,ref      ] GC(344) Final: 289 encountered, 10 discovered, 0 enqueued
[79.507s][info][gc,ref      ] GC(344) Phantom: 425 encountered, 219 discovered, 0 enqueued
[79.507s][info][gc,reloc    ] GC(344) Small Pages: 269 / 538M, Empty: 250M, Relocated: 6M, In-Place: 0
[79.507s][info][gc,reloc    ] GC(344) Medium Pages: 0 / 0M, Empty: 0M, Relocated: 0M, In-Place: 0
[79.507s][info][gc,reloc    ] GC(344) Large Pages: 0 / 0M, Empty: 0M, Relocated: 0M, In-Place: 0
[79.507s][info][gc,reloc    ] GC(344) Forwarding Usage: 2M
[79.507s][info][gc,heap     ] GC(344) Min Capacity: 8M(0%)
[79.507s][info][gc,heap     ] GC(344) Max Capacity: 2048M(100%)
[79.507s][info][gc,heap     ] GC(344) Soft Max Capacity: 2048M(100%)
[79.507s][info][gc,heap     ] GC(344)                Mark Start          Mark End        Relocate Start      Relocate End           High               Low         
[79.507s][info][gc,heap     ] GC(344)  Capacity:     2048M (100%)       2048M (100%)       2048M (100%)       2048M (100%)       2048M (100%)       2048M (100%)   
[79.507s][info][gc,heap     ] GC(344)      Free:     1510M (74%)        1342M (66%)        1552M (76%)        1742M (85%)        1756M (86%)        1324M (65%)    
[79.507s][info][gc,heap     ] GC(344)      Used:      538M (26%)         706M (34%)         496M (24%)         306M (15%)         724M (35%)         292M (14%)    
[79.507s][info][gc,heap     ] GC(344)      Live:         -                54M (3%)           54M (3%)           54M (3%)             -                  -          
[79.507s][info][gc,heap     ] GC(344) Allocated:         -               168M (8%)          208M (10%)         235M (11%)            -                  -          
[79.507s][info][gc,heap     ] GC(344)   Garbage:         -               483M (24%)         233M (11%)          16M (1%)             -                  -          
[79.507s][info][gc,heap     ] GC(344) Reclaimed:         -                  -               250M (12%)         467M (23%)            -                  -          
[79.507s][info][gc          ] GC(344) Garbage Collection (Allocation Rate) 538M(26%)->306M(15%)
[79.554s][info][gc,start    ] GC(345) Garbage Collection (Allocation Rate)
[79.554s][info][gc,task     ] GC(345) Using 6 workers
[79.554s][info][gc,phases   ] GC(345) Pause Mark Start 0.013ms
[79.594s][info][gc,phases   ] GC(345) Concurrent Mark 39.219ms
[79.594s][info][gc,phases   ] GC(345) Pause Mark End 0.026ms
[79.595s][info][gc,phases   ] GC(345) Concurrent Mark Free 0.001ms
[79.598s][info][gc,phases   ] GC(345) Concurrent Process Non-Strong References 3.583ms
[79.598s][info][gc,phases   ] GC(345) Concurrent Reset Relocation Set 0.042ms
[79.605s][info][gc,phases   ] GC(345) Concurrent Select Relocation Set 6.332ms
[79.605s][info][gc,phases   ] GC(345) Pause Relocate Start 0.008ms
[79.611s][info][gc,phases   ] GC(345) Concurrent Relocate 5.321ms
[79.611s][info][gc,load     ] GC(345) Load: 0.00/0.00/0.00
[79.611s][info][gc,mmu      ] GC(345) MMU: 2ms/98.1%, 5ms/99.2%, 10ms/99.5%, 20ms/99.8%, 50ms/99.8%, 100ms/99.9%
[79.611s][info][gc,marking  ] GC(345) Mark: 4 stripe(s), 3 proactive flush(es), 1 terminate flush(es), 0 completion(s), 0 continuation(s) 
[79.611s][info][gc,marking  ] GC(345) Mark Stack Usage: 32M
[79.611s][info][gc,nmethod  ] GC(345) NMethods: 4827 registered, 41 unregistered
[79.611s][info][gc,metaspace] GC(345) Metaspace: 71M used, 71M committed, 1088M reserved
[79.611s][info][gc,ref      ] GC(345) Soft: 3837 encountered, 0 discovered, 0 enqueued
[79.611s][info][gc,ref      ] GC(345) Weak: 11600 encountered, 1326 discovered, 0 enqueued
[79.611s][info][gc,ref      ] GC(345) Final: 289 encountered, 52 discovered, 0 enqueued
[79.611s][info][gc,ref      ] GC(345) Phantom: 425 encountered, 231 discovered, 0 enqueued
[79.611s][info][gc,reloc    ] GC(345) Small Pages: 272 / 544M, Empty: 222M, Relocated: 6M, In-Place: 0
[79.611s][info][gc,reloc    ] GC(345) Medium Pages: 0 / 0M, Empty: 0M, Relocated: 0M, In-Place: 0
[79.611s][info][gc,reloc    ] GC(345) Large Pages: 0 / 0M, Empty: 0M, Relocated: 0M, In-Place: 0
[79.611s][info][gc,reloc    ] GC(345) Forwarding Usage: 2M
[79.611s][info][gc,heap     ] GC(345) Min Capacity: 8M(0%)
[79.611s][info][gc,heap     ] GC(345) Max Capacity: 2048M(100%)
[79.611s][info][gc,heap     ] GC(345) Soft Max Capacity: 2048M(100%)
[79.611s][info][gc,heap     ] GC(345)                Mark Start          Mark End        Relocate Start      Relocate End           High               Low         
[79.611s][info][gc,heap     ] GC(345)  Capacity:     2048M (100%)       2048M (100%)       2048M (100%)       2048M (100%)       2048M (100%)       2048M (100%)   
[79.611s][info][gc,heap     ] GC(345)      Free:     1504M (73%)        1316M (64%)        1490M (73%)        1726M (84%)        1730M (84%)        1298M (63%)    
[79.611s][info][gc,heap     ] GC(345)      Used:      544M (27%)         732M (36%)         558M (27%)         322M (16%)         750M (37%)         318M (16%)    
[79.611s][info][gc,heap     ] GC(345)      Live:         -                53M (3%)           53M (3%)           53M (3%)             -                  -          
[79.611s][info][gc,heap     ] GC(345) Allocated:         -               188M (9%)          236M (12%)         251M (12%)            -                  -          
[79.611s][info][gc,heap     ] GC(345)   Garbage:         -               490M (24%)         268M (13%)          16M (1%)             -                  -          
[79.611s][info][gc,heap     ] GC(345) Reclaimed:         -                  -               222M (11%)         473M (23%)            -                  -          
[79.611s][info][gc          ] GC(345) Garbage Collection (Allocation Rate) 544M(27%)->322M(16%)
[79.655s][info][gc,start    ] GC(346) Garbage Collection (Allocation Rate)
[79.655s][info][gc,task     ] GC(346) Using 6 workers
[79.655s][info][gc,phases   ] GC(346) Pause Mark Start 0.011ms
[79.688s][info][gc,phases   ] GC(346) Concurrent Mark 32.145ms
[79.688s][info][gc,phases   ] GC(346) Pause Mark End 0.023ms
[79.689s][info][gc,phases   ] GC(346) Concurrent Mark Free 0.001ms
[79.693s][info][gc,phases   ] GC(346) Concurrent Process Non-Strong References 3.516ms
[79.693s][info][gc,phases   ] GC(346) Concurrent Reset Relocation Set 0.036ms
[79.702s][info][gc,phases   ] GC(346) Concurrent Select Relocation Set 9.793ms
[79.703s][info][gc,phases   ] GC(346) Pause Relocate Start 0.009ms
[79.710s][info][gc,phases   ] GC(346) Concurrent Relocate 6.995ms
[79.710s][info][gc,load     ] GC(346) Load: 0.00/0.00/0.00
[79.710s][info][gc,mmu      ] GC(346) MMU: 2ms/98.1%, 5ms/99.2%, 10ms/99.5%, 20ms/99.8%, 50ms/99.8%, 100ms/99.9%
[79.710s][info][gc,marking  ] GC(346) Mark: 4 stripe(s), 2 proactive flush(es), 1 terminate flush(es), 0 completion(s), 0 continuation(s) 
[79.710s][info][gc,marking  ] GC(346) Mark Stack Usage: 32M
[79.710s][info][gc,nmethod  ] GC(346) NMethods: 4827 registered, 41 unregistered
[79.710s][info][gc,metaspace] GC(346) Metaspace: 71M used, 71M committed, 1088M reserved
[79.710s][info][gc,ref      ] GC(346) Soft: 3837 encountered, 0 discovered, 0 enqueued
[79.710s][info][gc,ref      ] GC(346) Weak: 11600 encountered, 1346 discovered, 0 enqueued
[79.710s][info][gc,ref      ] GC(346) Final: 289 encountered, 35 discovered, 0 enqueued
[79.710s][info][gc,ref      ] GC(346) Phantom: 425 encountered, 185 discovered, 0 enqueued
[79.710s][info][gc,reloc    ] GC(346) Small Pages: 271 / 542M, Empty: 226M, Relocated: 6M, In-Place: 0
[79.710s][info][gc,reloc    ] GC(346) Medium Pages: 0 / 0M, Empty: 0M, Relocated: 0M, In-Place: 0
[79.710s][info][gc,reloc    ] GC(346) Large Pages: 0 / 0M, Empty: 0M, Relocated: 0M, In-Place: 0
[79.710s][info][gc,reloc    ] GC(346) Forwarding Usage: 2M
[79.710s][info][gc,heap     ] GC(346) Min Capacity: 8M(0%)
[79.710s][info][gc,heap     ] GC(346) Max Capacity: 2048M(100%)
[79.710s][info][gc,heap     ] GC(346) Soft Max Capacity: 2048M(100%)
[79.710s][info][gc,heap     ] GC(346)                Mark Start          Mark End        Relocate Start      Relocate End           High               Low         
[79.710s][info][gc,heap     ] GC(346)  Capacity:     2048M (100%)       2048M (100%)       2048M (100%)       2048M (100%)       2048M (100%)       2048M (100%)   
[79.710s][info][gc,heap     ] GC(346)      Free:     1506M (74%)        1348M (66%)        1508M (74%)        1730M (84%)        1742M (85%)        1328M (65%)    
[79.710s][info][gc,heap     ] GC(346)      Used:      542M (26%)         700M (34%)         540M (26%)         318M (16%)         720M (35%)         306M (15%)    
[79.710s][info][gc,heap     ] GC(346)      Live:         -                53M (3%)           53M (3%)           53M (3%)             -                  -          
[79.710s][info][gc,heap     ] GC(346) Allocated:         -               158M (8%)          224M (11%)         247M (12%)            -                  -          
[79.710s][info][gc,heap     ] GC(346)   Garbage:         -               488M (24%)         262M (13%)          16M (1%)             -                  -          
[79.710s][info][gc,heap     ] GC(346) Reclaimed:         -                  -               226M (11%)         471M (23%)            -                  -          
[79.710s][info][gc          ] GC(346) Garbage Collection (Allocation Rate) 542M(26%)->318M(16%)
[79.755s][info][gc,start    ] GC(347) Garbage Collection (Allocation Rate)
[79.755s][info][gc,task     ] GC(347) Using 6 workers
[79.755s][info][gc,phases   ] GC(347) Pause Mark Start 0.010ms
[79.787s][info][gc,phases   ] GC(347) Concurrent Mark 31.321ms
[79.787s][info][gc,phases   ] GC(347) Pause Mark End 0.023ms
[79.788s][info][gc,phases   ] GC(347) Concurrent Mark Free 0.001ms
[79.791s][info][gc,phases   ] GC(347) Concurrent Process Non-Strong References 3.498ms
[79.791s][info][gc,phases   ] GC(347) Concurrent Reset Relocation Set 0.043ms
[79.800s][info][gc,phases   ] GC(347) Concurrent Select Relocation Set 8.392ms
[79.800s][info][gc,phases   ] GC(347) Pause Relocate Start 0.009ms
[79.806s][info][gc,phases   ] GC(347) Concurrent Relocate 5.456ms
[79.806s][info][gc,load     ] GC(347) Load: 0.00/0.00/0.00
[79.806s][info][gc,mmu      ] GC(347) MMU: 2ms/98.1%, 5ms/99.2%, 10ms/99.5%, 20ms/99.8%, 50ms/99.8%, 100ms/99.9%
[79.806s][info][gc,marking  ] GC(347) Mark: 4 stripe(s), 2 proactive flush(es), 1 terminate flush(es), 0 completion(s), 0 continuation(s) 
[79.806s][info][gc,marking  ] GC(347) Mark Stack Usage: 32M
[79.806s][info][gc,nmethod  ] GC(347) NMethods: 4827 registered, 41 unregistered
[79.806s][info][gc,metaspace] GC(347) Metaspace: 71M used, 71M committed, 1088M reserved
[79.806s][info][gc,ref      ] GC(347) Soft: 3837 encountered, 0 discovered, 0 enqueued
[79.806s][info][gc,ref      ] GC(347) Weak: 11600 encountered, 761 discovered, 0 enqueued
[79.806s][info][gc,ref      ] GC(347) Final: 289 encountered, 17 discovered, 0 enqueued
[79.806s][info][gc,ref      ] GC(347) Phantom: 425 encountered, 287 discovered, 0 enqueued
[79.806s][info][gc,reloc    ] GC(347) Small Pages: 271 / 542M, Empty: 226M, Relocated: 6M, In-Place: 0
[79.806s][info][gc,reloc    ] GC(347) Medium Pages: 0 / 0M, Empty: 0M, Relocated: 0M, In-Place: 0
[79.806s][info][gc,reloc    ] GC(347) Large Pages: 0 / 0M, Empty: 0M, Relocated: 0M, In-Place: 0
[79.806s][info][gc,reloc    ] GC(347) Forwarding Usage: 2M
[79.806s][info][gc,heap     ] GC(347) Min Capacity: 8M(0%)
[79.806s][info][gc,heap     ] GC(347) Max Capacity: 2048M(100%)
[79.806s][info][gc,heap     ] GC(347) Soft Max Capacity: 2048M(100%)
[79.806s][info][gc,heap     ] GC(347)                Mark Start          Mark End        Relocate Start      Relocate End           High               Low         
[79.806s][info][gc,heap     ] GC(347)  Capacity:     2048M (100%)       2048M (100%)       2048M (100%)       2048M (100%)       2048M (100%)       2048M (100%)   
[79.806s][info][gc,heap     ] GC(347)      Free:     1506M (74%)        1354M (66%)        1524M (74%)        1752M (86%)        1758M (86%)        1336M (65%)    
[79.806s][info][gc,heap     ] GC(347)      Used:      542M (26%)         694M (34%)         524M (26%)         296M (14%)         712M (35%)         290M (14%)    
[79.806s][info][gc,heap     ] GC(347)      Live:         -                54M (3%)           54M (3%)           54M (3%)             -                  -          
[79.806s][info][gc,heap     ] GC(347) Allocated:         -               152M (7%)          208M (10%)         225M (11%)            -                  -          
[79.806s][info][gc,heap     ] GC(347)   Garbage:         -               487M (24%)         261M (13%)          16M (1%)             -                  -          
[79.806s][info][gc,heap     ] GC(347) Reclaimed:         -                  -               226M (11%)         471M (23%)            -                  -          
[79.806s][info][gc          ] GC(347) Garbage Collection (Allocation Rate) 542M(26%)->296M(14%)
[79.855s][info][gc,start    ] GC(348) Garbage Collection (Allocation Rate)
[79.855s][info][gc,task     ] GC(348) Using 6 workers
[79.855s][info][gc,phases   ] GC(348) Pause Mark Start 0.012ms
[79.890s][info][gc,phases   ] GC(348) Concurrent Mark 34.915ms
[79.890s][info][gc,phases   ] GC(348) Pause Mark End 0.024ms
[79.891s][info][gc,phases   ] GC(348) Concurrent Mark Free 0.001ms
[79.895s][info][gc,phases   ] GC(348) Concurrent Process Non-Strong References 3.988ms
[79.895s][info][gc,phases   ] GC(348) Concurrent Reset Relocation Set 0.049ms
[79.906s][info][gc,phases   ] GC(348) Concurrent Select Relocation Set 10.571ms
[79.906s][info][gc,phases   ] GC(348) Pause Relocate Start 0.008ms
[79.912s][info][gc,phases   ] GC(348) Concurrent Relocate 5.885ms
[79.912s][info][gc,load     ] GC(348) Load: 0.00/0.00/0.00
[79.912s][info][gc,mmu      ] GC(348) MMU: 2ms/98.1%, 5ms/99.2%, 10ms/99.5%, 20ms/99.8%, 50ms/99.8%, 100ms/99.9%
[79.912s][info][gc,marking  ] GC(348) Mark: 4 stripe(s), 3 proactive flush(es), 1 terminate flush(es), 0 completion(s), 0 continuation(s) 
[79.912s][info][gc,marking  ] GC(348) Mark Stack Usage: 32M
[79.913s][info][gc,nmethod  ] GC(348) NMethods: 4827 registered, 41 unregistered
[79.913s][info][gc,metaspace] GC(348) Metaspace: 71M used, 71M committed, 1088M reserved
[79.913s][info][gc,ref      ] GC(348) Soft: 3837 encountered, 0 discovered, 0 enqueued
[79.913s][info][gc,ref      ] GC(348) Weak: 11600 encountered, 899 discovered, 0 enqueued
[79.913s][info][gc,ref      ] GC(348) Final: 289 encountered, 46 discovered, 0 enqueued
[79.913s][info][gc,ref      ] GC(348) Phantom: 425 encountered, 275 discovered, 0 enqueued
[79.913s][info][gc,reloc    ] GC(348) Small Pages: 269 / 538M, Empty: 246M, Relocated: 6M, In-Place: 0
[79.913s][info][gc,reloc    ] GC(348) Medium Pages: 0 / 0M, Empty: 0M, Relocated: 0M, In-Place: 0
[79.913s][info][gc,reloc    ] GC(348) Large Pages: 0 / 0M, Empty: 0M, Relocated: 0M, In-Place: 0
[79.913s][info][gc,reloc    ] GC(348) Forwarding Usage: 2M
[79.913s][info][gc,heap     ] GC(348) Min Capacity: 8M(0%)
[79.913s][info][gc,heap     ] GC(348) Max Capacity: 2048M(100%)
[79.913s][info][gc,heap     ] GC(348) Soft Max Capacity: 2048M(100%)
[79.913s][info][gc,heap     ] GC(348)                Mark Start          Mark End        Relocate Start      Relocate End           High               Low         
[79.913s][info][gc,heap     ] GC(348)  Capacity:     2048M (100%)       2048M (100%)       2048M (100%)       2048M (100%)       2048M (100%)       2048M (100%)   
[79.913s][info][gc,heap     ] GC(348)      Free:     1510M (74%)        1340M (65%)        1514M (74%)        1718M (84%)        1724M (84%)        1318M (64%)    
[79.913s][info][gc,heap     ] GC(348)      Used:      538M (26%)         708M (35%)         534M (26%)         330M (16%)         730M (36%)         324M (16%)    
[79.913s][info][gc,heap     ] GC(348)      Live:         -                54M (3%)           54M (3%)           54M (3%)             -                  -          
[79.913s][info][gc,heap     ] GC(348) Allocated:         -               170M (8%)          242M (12%)         259M (13%)            -                  -          
[79.913s][info][gc,heap     ] GC(348)   Garbage:         -               483M (24%)         237M (12%)          16M (1%)             -                  -          
[79.913s][info][gc,heap     ] GC(348) Reclaimed:         -                  -               246M (12%)         467M (23%)            -                  -          
[79.913s][info][gc          ] GC(348) Garbage Collection (Allocation Rate) 538M(26%)->330M(16%)
[79.954s][info][gc,start    ] GC(349) Garbage Collection (Allocation Rate)
[79.954s][info][gc,task     ] GC(349) Using 6 workers
[79.954s][info][gc,phases   ] GC(349) Pause Mark Start 0.011ms
[79.990s][info][gc,phases   ] GC(349) Concurrent Mark 35.881ms
[79.991s][info][gc,phases   ] GC(349) Pause Mark End 0.029ms
[79.992s][info][gc,phases   ] GC(349) Concurrent Mark Free 0.001ms
[79.995s][info][gc,phases   ] GC(349) Concurrent Process Non-Strong References 3.470ms
[79.995s][info][gc,phases   ] GC(349) Concurrent Reset Relocation Set 0.034ms
[80.002s][info][gc,phases   ] GC(349) Concurrent Select Relocation Set 6.444ms
[80.002s][info][gc,phases   ] GC(349) Pause Relocate Start 0.008ms
[80.008s][info][gc,phases   ] GC(349) Concurrent Relocate 5.725ms
[80.008s][info][gc,load     ] GC(349) Load: 0.00/0.00/0.00
[80.008s][info][gc,mmu      ] GC(349) MMU: 2ms/98.1%, 5ms/99.2%, 10ms/99.5%, 20ms/99.8%, 50ms/99.8%, 100ms/99.9%
[80.008s][info][gc,marking  ] GC(349) Mark: 4 stripe(s), 4 proactive flush(es), 1 terminate flush(es), 0 completion(s), 0 continuation(s) 
[80.008s][info][gc,marking  ] GC(349) Mark Stack Usage: 32M
[80.008s][info][gc,nmethod  ] GC(349) NMethods: 4827 registered, 41 unregistered
[80.008s][info][gc,metaspace] GC(349) Metaspace: 71M used, 71M committed, 1088M reserved
[80.008s][info][gc,ref      ] GC(349) Soft: 3837 encountered, 0 discovered, 0 enqueued
[80.008s][info][gc,ref      ] GC(349) Weak: 11600 encountered, 647 discovered, 0 enqueued
[80.008s][info][gc,ref      ] GC(349) Final: 289 encountered, 27 discovered, 0 enqueued
[80.008s][info][gc,ref      ] GC(349) Phantom: 425 encountered, 311 discovered, 0 enqueued
[80.008s][info][gc,reloc    ] GC(349) Small Pages: 270 / 540M, Empty: 224M, Relocated: 6M, In-Place: 0
[80.008s][info][gc,reloc    ] GC(349) Medium Pages: 0 / 0M, Empty: 0M, Relocated: 0M, In-Place: 0
[80.008s][info][gc,reloc    ] GC(349) Large Pages: 0 / 0M, Empty: 0M, Relocated: 0M, In-Place: 0
[80.008s][info][gc,reloc    ] GC(349) Forwarding Usage: 2M
[80.008s][info][gc,heap     ] GC(349) Min Capacity: 8M(0%)
[80.008s][info][gc,heap     ] GC(349) Max Capacity: 2048M(100%)
[80.008s][info][gc,heap     ] GC(349) Soft Max Capacity: 2048M(100%)
[80.008s][info][gc,heap     ] GC(349)                Mark Start          Mark End        Relocate Start      Relocate End           High               Low         
[80.008s][info][gc,heap     ] GC(349)  Capacity:     2048M (100%)       2048M (100%)       2048M (100%)       2048M (100%)       2048M (100%)       2048M (100%)   
[80.008s][info][gc,heap     ] GC(349)      Free:     1508M (74%)        1332M (65%)        1506M (74%)        1734M (85%)        1738M (85%)        1310M (64%)    
[80.008s][info][gc,heap     ] GC(349)      Used:      540M (26%)         716M (35%)         542M (26%)         314M (15%)         738M (36%)         310M (15%)    
[80.008s][info][gc,heap     ] GC(349)      Live:         -                54M (3%)           54M (3%)           54M (3%)             -                  -          
[80.008s][info][gc,heap     ] GC(349) Allocated:         -               176M (9%)          226M (11%)         243M (12%)            -                  -          
[80.008s][info][gc,heap     ] GC(349)   Garbage:         -               485M (24%)         261M (13%)          16M (1%)             -                  -          
[80.008s][info][gc,heap     ] GC(349) Reclaimed:         -                  -               224M (11%)         469M (23%)            -                  -          
[80.008s][info][gc          ] GC(349) Garbage Collection (Allocation Rate) 540M(26%)->314M(15%)
[80.054s][info][gc,start    ] GC(350) Garbage Collection (Allocation Rate)
[80.054s][info][gc,task     ] GC(350) Using 6 workers
[80.054s][info][gc,phases   ] GC(350) Pause Mark Start 0.011ms
[80.087s][info][gc,phases   ] GC(350) Concurrent Mark 32.188ms
[80.096s][info][gc,phases   ] GC(350) Pause Mark End 0.024ms
[80.099s][info][gc,phases   ] GC(350) Concurrent Mark Free 0.002ms
[80.103s][info][gc,phases   ] GC(350) Concurrent Process Non-Strong References 3.822ms
[80.103s][info][gc,phases   ] GC(350) Concurrent Reset Relocation Set 0.040ms
[80.108s][info][gc,phases   ] GC(350) Concurrent Select Relocation Set 5.055ms
[80.108s][info][gc,phases   ] GC(350) Pause Relocate Start 0.008ms
[80.114s][info][gc,phases   ] GC(350) Concurrent Relocate 5.626ms
[80.114s][info][gc,load     ] GC(350) Load: 0.00/0.00/0.00
[80.114s][info][gc,mmu      ] GC(350) MMU: 2ms/98.1%, 5ms/99.2%, 10ms/99.5%, 20ms/99.8%, 50ms/99.8%, 100ms/99.9%
[80.114s][info][gc,marking  ] GC(350) Mark: 4 stripe(s), 2 proactive flush(es), 1 terminate flush(es), 0 completion(s), 0 continuation(s) 
[80.114s][info][gc,marking  ] GC(350) Mark Stack Usage: 32M
[80.114s][info][gc,nmethod  ] GC(350) NMethods: 4827 registered, 41 unregistered
[80.114s][info][gc,metaspace] GC(350) Metaspace: 71M used, 71M committed, 1088M reserved
[80.114s][info][gc,ref      ] GC(350) Soft: 3837 encountered, 0 discovered, 0 enqueued
[80.114s][info][gc,ref      ] GC(350) Weak: 11600 encountered, 1090 discovered, 0 enqueued
[80.114s][info][gc,ref      ] GC(350) Final: 289 encountered, 46 discovered, 0 enqueued
[80.114s][info][gc,ref      ] GC(350) Phantom: 425 encountered, 228 discovered, 0 enqueued
[80.114s][info][gc,reloc    ] GC(350) Small Pages: 274 / 548M, Empty: 220M, Relocated: 5M, In-Place: 0
[80.114s][info][gc,reloc    ] GC(350) Medium Pages: 0 / 0M, Empty: 0M, Relocated: 0M, In-Place: 0
[80.114s][info][gc,reloc    ] GC(350) Large Pages: 0 / 0M, Empty: 0M, Relocated: 0M, In-Place: 0
[80.114s][info][gc,reloc    ] GC(350) Forwarding Usage: 2M
[80.114s][info][gc,heap     ] GC(350) Min Capacity: 8M(0%)
[80.114s][info][gc,heap     ] GC(350) Max Capacity: 2048M(100%)
[80.114s][info][gc,heap     ] GC(350) Soft Max Capacity: 2048M(100%)
[80.114s][info][gc,heap     ] GC(350)                Mark Start          Mark End        Relocate Start      Relocate End           High               Low         
[80.114s][info][gc,heap     ] GC(350)  Capacity:     2048M (100%)       2048M (100%)       2048M (100%)       2048M (100%)       2048M (100%)       2048M (100%)   
[80.115s][info][gc,heap     ] GC(350)      Free:     1500M (73%)        1300M (63%)        1464M (71%)        1702M (83%)        1708M (83%)        1268M (62%)    
[80.115s][info][gc,heap     ] GC(350)      Used:      548M (27%)         748M (37%)         584M (29%)         346M (17%)         780M (38%)         340M (17%)    
[80.115s][info][gc,heap     ] GC(350)      Live:         -                53M (3%)           53M (3%)           53M (3%)             -                  -          
[80.115s][info][gc,heap     ] GC(350) Allocated:         -               200M (10%)         256M (13%)         273M (13%)            -                  -          
[80.115s][info][gc,heap     ] GC(350)   Garbage:         -               494M (24%)         274M (13%)          18M (1%)             -                  -          
[80.115s][info][gc,heap     ] GC(350) Reclaimed:         -                  -               220M (11%)         475M (23%)            -                  -          
[80.115s][info][gc          ] GC(350) Garbage Collection (Allocation Rate) 548M(27%)->346M(17%)
[80.154s][info][gc,stats    ] === Garbage Collection Statistics =======================================================================================================================
[80.154s][info][gc,stats    ]                                                              Last 10s              Last 10m              Last 10h                Total
[80.154s][info][gc,stats    ]                                                              Avg / Max             Avg / Max             Avg / Max             Avg / Max
[80.154s][info][gc,stats    ]   Collector: Garbage Collection Cycle                     71.793 / 160.750      75.537 / 318.332      75.537 / 318.332      75.537 / 318.332     ms
[80.154s][info][gc,stats    ]  Contention: Mark Segment Reset Contention                    13 / 26               13 / 78               13 / 78               13 / 78          ops/s
[80.154s][info][gc,stats    ]  Contention: Mark SeqNum Reset Contention                      2 / 8                 1 / 11                1 / 11                1 / 11          ops/s
[80.154s][info][gc,stats    ]    Critical: Allocation Stall                                  0 / 0                 0 / 0                 0 / 0                 0 / 0           ops/s
[80.154s][info][gc,stats    ]    Critical: Allocation Stall                              0.000 / 0.000         0.000 / 0.000         0.000 / 0.000         0.000 / 0.000       ms
[80.154s][info][gc,stats    ]    Critical: GC Locker Stall                                   0 / 0                 0 / 0                 0 / 0                 0 / 0           ops/s
[80.154s][info][gc,stats    ]    Critical: GC Locker Stall                               0.000 / 0.000         0.000 / 0.000         0.000 / 0.000         0.000 / 0.000       ms
[80.154s][info][gc,stats    ]    Critical: Relocation Stall                                  0 / 0                 0 / 0                 0 / 0                 0 / 0           ops/s
[80.154s][info][gc,stats    ]    Critical: Relocation Stall                              0.000 / 0.000         0.000 / 0.000         0.000 / 0.000         0.000 / 0.000       ms
[80.154s][info][gc,stats    ]      Memory: Allocation Rate                                4830 / 6096           4060 / 6096           4060 / 6096           4060 / 6096        MB/s
[80.154s][info][gc,stats    ]      Memory: Defragment                                        0 / 0                 0 / 0                 0 / 0                 0 / 0           ops/s
[80.154s][info][gc,stats    ]      Memory: Out Of Memory                                     0 / 0                 0 / 0                 0 / 0                 0 / 0           ops/s
[80.154s][info][gc,stats    ]      Memory: Page Cache Flush                                  0 / 0                 0 / 0                 0 / 0                 0 / 0           MB/s
[80.154s][info][gc,stats    ]      Memory: Page Cache Hit L1                              2442 / 3102           2041 / 3102           2041 / 3102           2041 / 3102        ops/s
[80.154s][info][gc,stats    ]      Memory: Page Cache Hit L2                                 0 / 0                 0 / 0                 0 / 0                 0 / 0           ops/s
[80.154s][info][gc,stats    ]      Memory: Page Cache Hit L3                                 0 / 0                12 / 257              12 / 257              12 / 257         ops/s
[80.154s][info][gc,stats    ]      Memory: Page Cache Miss                                   0 / 0                 0 / 1                 0 / 1                 0 / 1           ops/s
[80.154s][info][gc,stats    ]      Memory: Uncommit                                          0 / 0                 0 / 0                 0 / 0                 0 / 0           MB/s
[80.154s][info][gc,stats    ]      Memory: Undo Object Allocation Failed                   702 / 2041            528 / 2041            528 / 2041            528 / 2041        ops/s
[80.154s][info][gc,stats    ]      Memory: Undo Object Allocation Succeeded                 22 / 97               35 / 290              35 / 290              35 / 290         ops/s
[80.154s][info][gc,stats    ]      Memory: Undo Page Allocation                            437 / 670             355 / 670             355 / 670             355 / 670         ops/s
[80.154s][info][gc,stats    ]       Phase: Concurrent Mark                              47.899 / 97.232       49.956 / 127.968      49.956 / 127.968      49.956 / 127.968     ms
[80.154s][info][gc,stats    ]       Phase: Concurrent Mark Continue                      0.000 / 0.000         0.000 / 0.000         0.000 / 0.000         0.000 / 0.000       ms
[80.154s][info][gc,stats    ]       Phase: Concurrent Mark Free                          0.001 / 0.003         0.001 / 0.005         0.001 / 0.005         0.001 / 0.005       ms
[80.154s][info][gc,stats    ]       Phase: Concurrent Process Non-Strong References      5.002 / 14.550        7.191 / 55.543        7.191 / 55.543        7.191 / 55.543      ms
[80.154s][info][gc,stats    ]       Phase: Concurrent Relocate                           6.473 / 12.112        6.824 / 14.214        6.824 / 14.214        6.824 / 14.214      ms
[80.154s][info][gc,stats    ]       Phase: Concurrent Reset Relocation Set               0.036 / 0.068         0.036 / 0.073         0.036 / 0.073         0.036 / 0.073       ms
[80.155s][info][gc,stats    ]       Phase: Concurrent Select Relocation Set              6.477 / 11.118        6.454 / 19.328        6.454 / 19.328        6.454 / 19.328      ms
[80.155s][info][gc,stats    ]       Phase: Pause Mark End                                0.024 / 0.033         0.024 / 0.039         0.024 / 0.039         0.024 / 0.039       ms
[80.155s][info][gc,stats    ]       Phase: Pause Mark Start                              0.011 / 0.013         0.011 / 0.021         0.011 / 0.021         0.011 / 0.021       ms
[80.155s][info][gc,stats    ]       Phase: Pause Relocate Start                          0.008 / 0.011         0.008 / 0.014         0.008 / 0.014         0.008 / 0.014       ms
[80.155s][info][gc,stats    ]    Subphase: Concurrent Classes Purge                      0.030 / 0.385         0.234 / 23.488        0.234 / 23.488        0.234 / 23.488      ms
[80.155s][info][gc,stats    ]    Subphase: Concurrent Classes Unlink                     3.357 / 11.255        5.234 / 53.357        5.234 / 53.357        5.234 / 53.357      ms
[80.155s][info][gc,stats    ]    Subphase: Concurrent Mark                              37.142 / 92.653       35.549 / 119.393      35.549 / 119.393      35.549 / 119.393     ms
[80.155s][info][gc,stats    ]    Subphase: Concurrent Mark Try Flush                     0.916 / 33.018        0.914 / 33.018        0.914 / 33.018        0.914 / 33.018      ms
[80.155s][info][gc,stats    ]    Subphase: Concurrent Mark Try Terminate                 1.411 / 4.136         1.533 / 15.075        1.533 / 15.075        1.533 / 15.075      ms
[80.155s][info][gc,stats    ]    Subphase: Concurrent References Enqueue                 0.002 / 0.011         0.002 / 0.014         0.002 / 0.014         0.002 / 0.014       ms
[80.155s][info][gc,stats    ]    Subphase: Concurrent References Process                 0.180 / 0.338         0.212 / 1.049         0.212 / 1.049         0.212 / 1.049       ms
[80.155s][info][gc,stats    ]    Subphase: Concurrent Roots ClassLoaderDataGraph         0.095 / 0.531         0.092 / 0.889         0.092 / 0.889         0.092 / 0.889       ms
[80.155s][info][gc,stats    ]    Subphase: Concurrent Roots CodeCache                    0.000 / 0.000         0.000 / 0.000         0.000 / 0.000         0.000 / 0.000       ms
[80.155s][info][gc,stats    ]    Subphase: Concurrent Roots JavaThreads                  3.983 / 22.315        4.662 / 39.863        4.662 / 39.863        4.662 / 39.863      ms
[80.155s][info][gc,stats    ]    Subphase: Concurrent Roots OopStorageSet                0.047 / 0.120         0.046 / 0.928         0.046 / 0.928         0.046 / 0.928       ms
[80.155s][info][gc,start    ] GC(351) Garbage Collection (Allocation Rate)
[80.155s][info][gc,stats    ]    Subphase: Concurrent Weak Roots OopStorageSet           0.651 / 2.839         0.594 / 3.828         0.594 / 3.828         0.594 / 3.828       ms
[80.155s][info][gc,task     ] GC(351) Using 6 workers
[80.155s][info][gc,stats    ]    Subphase: Pause Mark Try Complete                       0.000 / 0.000         0.002 / 0.003         0.002 / 0.003         0.002 / 0.003       ms
[80.155s][info][gc,stats    ]      System: Java Threads                                    210 / 226             194 / 226             194 / 226             194 / 226         threads
[80.155s][info][gc,stats    ] =========================================================================================================================================================
[80.155s][info][gc,phases   ] GC(351) Pause Mark Start 0.013ms
[80.188s][info][gc,phases   ] GC(351) Concurrent Mark 32.128ms
[80.188s][info][gc,phases   ] GC(351) Pause Mark End 0.024ms
[80.189s][info][gc,phases   ] GC(351) Concurrent Mark Free 0.002ms
[80.192s][info][gc,phases   ] GC(351) Concurrent Process Non-Strong References 3.460ms
[80.193s][info][gc,phases   ] GC(351) Concurrent Reset Relocation Set 0.038ms
[80.198s][info][gc,phases   ] GC(351) Concurrent Select Relocation Set 5.007ms
[80.198s][info][gc,phases   ] GC(351) Pause Relocate Start 0.008ms
[80.202s][info][gc,phases   ] GC(351) Concurrent Relocate 3.102ms
[80.202s][info][gc,load     ] GC(351) Load: 0.00/0.00/0.00
[80.202s][info][gc,mmu      ] GC(351) MMU: 2ms/98.1%, 5ms/99.2%, 10ms/99.5%, 20ms/99.8%, 50ms/99.8%, 100ms/99.9%
[80.202s][info][gc,marking  ] GC(351) Mark: 4 stripe(s), 2 proactive flush(es), 1 terminate flush(es), 0 completion(s), 0 continuation(s) 
[80.202s][info][gc,marking  ] GC(351) Mark Stack Usage: 32M
[80.202s][info][gc,nmethod  ] GC(351) NMethods: 4827 registered, 41 unregistered
[80.202s][info][gc,metaspace] GC(351) Metaspace: 71M used, 71M committed, 1088M reserved
[80.202s][info][gc,ref      ] GC(351) Soft: 3837 encountered, 0 discovered, 0 enqueued
[80.202s][info][gc,ref      ] GC(351) Weak: 11600 encountered, 1130 discovered, 0 enqueued
[80.202s][info][gc,ref      ] GC(351) Final: 289 encountered, 39 discovered, 0 enqueued
[80.202s][info][gc,ref      ] GC(351) Phantom: 425 encountered, 169 discovered, 0 enqueued
[80.202s][info][gc,reloc    ] GC(351) Small Pages: 276 / 552M, Empty: 244M, Relocated: 3M, In-Place: 0
[80.202s][info][gc,reloc    ] GC(351) Medium Pages: 0 / 0M, Empty: 0M, Relocated: 0M, In-Place: 0
[80.202s][info][gc,reloc    ] GC(351) Large Pages: 0 / 0M, Empty: 0M, Relocated: 0M, In-Place: 0
[80.202s][info][gc,reloc    ] GC(351) Forwarding Usage: 1M
[80.202s][info][gc,heap     ] GC(351) Min Capacity: 8M(0%)
[80.202s][info][gc,heap     ] GC(351) Max Capacity: 2048M(100%)
[80.202s][info][gc,heap     ] GC(351) Soft Max Capacity: 2048M(100%)
[80.202s][info][gc,heap     ] GC(351)                Mark Start          Mark End        Relocate Start      Relocate End           High               Low         
[80.202s][info][gc,heap     ] GC(351)  Capacity:     2048M (100%)       2048M (100%)       2048M (100%)       2048M (100%)       2048M (100%)       2048M (100%)   
[80.202s][info][gc,heap     ] GC(351)      Free:     1496M (73%)        1338M (65%)        1538M (75%)        1764M (86%)        1764M (86%)        1316M (64%)    
[80.202s][info][gc,heap     ] GC(351)      Used:      552M (27%)         710M (35%)         510M (25%)         284M (14%)         732M (36%)         284M (14%)    
[80.202s][info][gc,heap     ] GC(351)      Live:         -                54M (3%)           54M (3%)           54M (3%)             -                  -          
[80.202s][info][gc,heap     ] GC(351) Allocated:         -               158M (8%)          202M (10%)         207M (10%)            -                  -          
[80.202s][info][gc,heap     ] GC(351)   Garbage:         -               497M (24%)         253M (12%)          22M (1%)             -                  -          
[80.202s][info][gc,heap     ] GC(351) Reclaimed:         -                  -               244M (12%)         475M (23%)            -                  -          
[80.202s][info][gc          ] GC(351) Garbage Collection (Allocation Rate) 552M(27%)->284M(14%)
[80.255s][info][gc,start    ] GC(352) Garbage Collection (Allocation Rate)
[80.255s][info][gc,task     ] GC(352) Using 6 workers
[80.255s][info][gc,phases   ] GC(352) Pause Mark Start 0.010ms
[80.289s][info][gc,phases   ] GC(352) Concurrent Mark 33.238ms
[80.289s][info][gc,phases   ] GC(352) Pause Mark End 0.023ms
[80.291s][info][gc,phases   ] GC(352) Concurrent Mark Free 0.001ms
[80.294s][info][gc,phases   ] GC(352) Concurrent Process Non-Strong References 3.442ms
[80.294s][info][gc,phases   ] GC(352) Concurrent Reset Relocation Set 0.035ms
[80.299s][info][gc,phases   ] GC(352) Concurrent Select Relocation Set 4.959ms
[80.300s][info][gc,phases   ] GC(352) Pause Relocate Start 0.008ms
[80.304s][info][gc,phases   ] GC(352) Concurrent Relocate 3.857ms
[80.304s][info][gc,load     ] GC(352) Load: 0.00/0.00/0.00
[80.304s][info][gc,mmu      ] GC(352) MMU: 2ms/98.1%, 5ms/99.2%, 10ms/99.5%, 20ms/99.8%, 50ms/99.8%, 100ms/99.9%
[80.304s][info][gc,marking  ] GC(352) Mark: 4 stripe(s), 2 proactive flush(es), 1 terminate flush(es), 0 completion(s), 0 continuation(s) 
[80.304s][info][gc,marking  ] GC(352) Mark Stack Usage: 32M
[80.304s][info][gc,nmethod  ] GC(352) NMethods: 4827 registered, 41 unregistered
[80.304s][info][gc,metaspace] GC(352) Metaspace: 71M used, 71M committed, 1088M reserved
[80.304s][info][gc,ref      ] GC(352) Soft: 3837 encountered, 0 discovered, 0 enqueued
[80.304s][info][gc,ref      ] GC(352) Weak: 11600 encountered, 1250 discovered, 0 enqueued
[80.304s][info][gc,ref      ] GC(352) Final: 289 encountered, 41 discovered, 0 enqueued
[80.304s][info][gc,ref      ] GC(352) Phantom: 425 encountered, 196 discovered, 0 enqueued
[80.304s][info][gc,reloc    ] GC(352) Small Pages: 276 / 552M, Empty: 182M, Relocated: 3M, In-Place: 0
[80.304s][info][gc,reloc    ] GC(352) Medium Pages: 0 / 0M, Empty: 0M, Relocated: 0M, In-Place: 0
[80.304s][info][gc,reloc    ] GC(352) Large Pages: 0 / 0M, Empty: 0M, Relocated: 0M, In-Place: 0
[80.304s][info][gc,reloc    ] GC(352) Forwarding Usage: 1M
[80.304s][info][gc,heap     ] GC(352) Min Capacity: 8M(0%)
[80.304s][info][gc,heap     ] GC(352) Max Capacity: 2048M(100%)
[80.304s][info][gc,heap     ] GC(352) Soft Max Capacity: 2048M(100%)
[80.304s][info][gc,heap     ] GC(352)                Mark Start          Mark End        Relocate Start      Relocate End           High               Low         
[80.304s][info][gc,heap     ] GC(352)  Capacity:     2048M (100%)       2048M (100%)       2048M (100%)       2048M (100%)       2048M (100%)       2048M (100%)   
[80.304s][info][gc,heap     ] GC(352)      Free:     1496M (73%)        1334M (65%)        1466M (72%)        1750M (85%)        1752M (86%)        1306M (64%)    
[80.304s][info][gc,heap     ] GC(352)      Used:      552M (27%)         714M (35%)         582M (28%)         298M (15%)         742M (36%)         296M (14%)    
[80.304s][info][gc,heap     ] GC(352)      Live:         -                54M (3%)           54M (3%)           54M (3%)             -                  -          
[80.304s][info][gc,heap     ] GC(352) Allocated:         -               162M (8%)          212M (10%)         221M (11%)            -                  -          
[80.304s][info][gc,heap     ] GC(352)   Garbage:         -               497M (24%)         315M (15%)          22M (1%)             -                  -          
[80.304s][info][gc,heap     ] GC(352) Reclaimed:         -                  -               182M (9%)          475M (23%)            -                  -          
[80.304s][info][gc          ] GC(352) Garbage Collection (Allocation Rate) 552M(27%)->298M(15%)
[80.355s][info][gc,start    ] GC(353) Garbage Collection (Allocation Rate)
[80.355s][info][gc,task     ] GC(353) Using 6 workers
[80.355s][info][gc,phases   ] GC(353) Pause Mark Start 0.009ms
[80.387s][info][gc,phases   ] GC(353) Concurrent Mark 32.204ms
[80.388s][info][gc,phases   ] GC(353) Pause Mark End 0.023ms
[80.389s][info][gc,phases   ] GC(353) Concurrent Mark Free 0.002ms
[80.393s][info][gc,phases   ] GC(353) Concurrent Process Non-Strong References 4.200ms
[80.393s][info][gc,phases   ] GC(353) Concurrent Reset Relocation Set 0.042ms
[80.400s][info][gc,phases   ] GC(353) Concurrent Select Relocation Set 7.162ms
[80.401s][info][gc,phases   ] GC(353) Pause Relocate Start 0.008ms
[80.406s][info][gc,phases   ] GC(353) Concurrent Relocate 4.822ms
[80.406s][info][gc,load     ] GC(353) Load: 0.00/0.00/0.00
[80.406s][info][gc,mmu      ] GC(353) MMU: 2ms/98.1%, 5ms/99.2%, 10ms/99.5%, 20ms/99.8%, 50ms/99.8%, 100ms/99.9%
[80.406s][info][gc,marking  ] GC(353) Mark: 4 stripe(s), 3 proactive flush(es), 1 terminate flush(es), 0 completion(s), 0 continuation(s) 
[80.406s][info][gc,marking  ] GC(353) Mark Stack Usage: 32M
[80.406s][info][gc,nmethod  ] GC(353) NMethods: 4827 registered, 41 unregistered
[80.406s][info][gc,metaspace] GC(353) Metaspace: 71M used, 71M committed, 1088M reserved
[80.406s][info][gc,ref      ] GC(353) Soft: 3837 encountered, 0 discovered, 0 enqueued
[80.406s][info][gc,ref      ] GC(353) Weak: 11600 encountered, 1400 discovered, 0 enqueued
[80.406s][info][gc,ref      ] GC(353) Final: 289 encountered, 25 discovered, 0 enqueued
[80.406s][info][gc,ref      ] GC(353) Phantom: 425 encountered, 249 discovered, 0 enqueued
[80.406s][info][gc,reloc    ] GC(353) Small Pages: 276 / 552M, Empty: 238M, Relocated: 4M, In-Place: 0
[80.406s][info][gc,reloc    ] GC(353) Medium Pages: 0 / 0M, Empty: 0M, Relocated: 0M, In-Place: 0
[80.406s][info][gc,reloc    ] GC(353) Large Pages: 0 / 0M, Empty: 0M, Relocated: 0M, In-Place: 0
[80.406s][info][gc,reloc    ] GC(353) Forwarding Usage: 2M
[80.406s][info][gc,heap     ] GC(353) Min Capacity: 8M(0%)
[80.406s][info][gc,heap     ] GC(353) Max Capacity: 2048M(100%)
[80.406s][info][gc,heap     ] GC(353) Soft Max Capacity: 2048M(100%)
[80.406s][info][gc,heap     ] GC(353)                Mark Start          Mark End        Relocate Start      Relocate End           High               Low         
[80.406s][info][gc,heap     ] GC(353)  Capacity:     2048M (100%)       2048M (100%)       2048M (100%)       2048M (100%)       2048M (100%)       2048M (100%)   
[80.406s][info][gc,heap     ] GC(353)      Free:     1496M (73%)        1338M (65%)        1518M (74%)        1744M (85%)        1750M (85%)        1314M (64%)    
[80.406s][info][gc,heap     ] GC(353)      Used:      552M (27%)         710M (35%)         530M (26%)         304M (15%)         734M (36%)         298M (15%)    
[80.406s][info][gc,heap     ] GC(353)      Live:         -                54M (3%)           54M (3%)           54M (3%)             -                  -          
[80.406s][info][gc,heap     ] GC(353) Allocated:         -               158M (8%)          216M (11%)         229M (11%)            -                  -          
[80.406s][info][gc,heap     ] GC(353)   Garbage:         -               497M (24%)         259M (13%)          20M (1%)             -                  -          
[80.406s][info][gc,heap     ] GC(353) Reclaimed:         -                  -               238M (12%)         477M (23%)            -                  -          
[80.406s][info][gc          ] GC(353) Garbage Collection (Allocation Rate) 552M(27%)->304M(15%)
[80.554s][info][gc,start    ] GC(354) Garbage Collection (Allocation Rate)
[80.554s][info][gc,task     ] GC(354) Using 3 workers
[80.555s][info][gc,phases   ] GC(354) Pause Mark Start 0.010ms
[80.611s][info][gc,phases   ] GC(354) Concurrent Mark 56.289ms
[80.611s][info][gc,phases   ] GC(354) Pause Mark End 0.023ms
[80.613s][info][gc,phases   ] GC(354) Concurrent Mark Free 0.001ms
[80.620s][info][gc,phases   ] GC(354) Concurrent Process Non-Strong References 7.031ms
[80.620s][info][gc,phases   ] GC(354) Concurrent Reset Relocation Set 0.043ms
[80.626s][info][gc,phases   ] GC(354) Concurrent Select Relocation Set 5.190ms
[80.626s][info][gc,phases   ] GC(354) Pause Relocate Start 0.009ms
[80.632s][info][gc,phases   ] GC(354) Concurrent Relocate 5.614ms
[80.632s][info][gc,load     ] GC(354) Load: 0.00/0.00/0.00
[80.632s][info][gc,mmu      ] GC(354) MMU: 2ms/98.1%, 5ms/99.2%, 10ms/99.5%, 20ms/99.8%, 50ms/99.8%, 100ms/99.9%
[80.632s][info][gc,marking  ] GC(354) Mark: 2 stripe(s), 2 proactive flush(es), 1 terminate flush(es), 0 completion(s), 0 continuation(s) 
[80.632s][info][gc,marking  ] GC(354) Mark Stack Usage: 32M
[80.632s][info][gc,nmethod  ] GC(354) NMethods: 4827 registered, 41 unregistered
[80.632s][info][gc,metaspace] GC(354) Metaspace: 71M used, 71M committed, 1088M reserved
[80.632s][info][gc,ref      ] GC(354) Soft: 3837 encountered, 0 discovered, 0 enqueued
[80.632s][info][gc,ref      ] GC(354) Weak: 11600 encountered, 737 discovered, 0 enqueued
[80.632s][info][gc,ref      ] GC(354) Final: 289 encountered, 21 discovered, 0 enqueued
[80.632s][info][gc,ref      ] GC(354) Phantom: 425 encountered, 188 discovered, 0 enqueued
[80.632s][info][gc,reloc    ] GC(354) Small Pages: 529 / 1058M, Empty: 692M, Relocated: 3M, In-Place: 0
[80.632s][info][gc,reloc    ] GC(354) Medium Pages: 0 / 0M, Empty: 0M, Relocated: 0M, In-Place: 0
[80.632s][info][gc,reloc    ] GC(354) Large Pages: 0 / 0M, Empty: 0M, Relocated: 0M, In-Place: 0
[80.632s][info][gc,reloc    ] GC(354) Forwarding Usage: 1M
[80.632s][info][gc,heap     ] GC(354) Min Capacity: 8M(0%)
[80.632s][info][gc,heap     ] GC(354) Max Capacity: 2048M(100%)
[80.632s][info][gc,heap     ] GC(354) Soft Max Capacity: 2048M(100%)
[80.632s][info][gc,heap     ] GC(354)                Mark Start          Mark End        Relocate Start      Relocate End           High               Low         
[80.632s][info][gc,heap     ] GC(354)  Capacity:     2048M (100%)       2048M (100%)       2048M (100%)       2048M (100%)       2048M (100%)       2048M (100%)   
[80.632s][info][gc,heap     ] GC(354)      Free:      990M (48%)         718M (35%)        1340M (65%)        1620M (79%)        1626M (79%)         674M (33%)    
[80.632s][info][gc,heap     ] GC(354)      Used:     1058M (52%)        1330M (65%)         708M (35%)         428M (21%)        1374M (67%)         422M (21%)    
[80.632s][info][gc,heap     ] GC(354)      Live:         -                54M (3%)           54M (3%)           54M (3%)             -                  -          
[80.632s][info][gc,heap     ] GC(354) Allocated:         -               272M (13%)         342M (17%)         356M (17%)            -                  -          
[80.632s][info][gc,heap     ] GC(354)   Garbage:         -              1003M (49%)         311M (15%)          17M (1%)             -                  -          
[80.632s][info][gc,heap     ] GC(354) Reclaimed:         -                  -               692M (34%)         986M (48%)            -                  -          
[80.632s][info][gc          ] GC(354) Garbage Collection (Allocation Rate) 1058M(52%)->428M(21%)
[80.755s][info][gc,start    ] GC(355) Garbage Collection (Allocation Rate)
[80.755s][info][gc,task     ] GC(355) Using 3 workers
[80.755s][info][gc,phases   ] GC(355) Pause Mark Start 0.010ms
[80.809s][info][gc,phases   ] GC(355) Concurrent Mark 53.638ms
[80.809s][info][gc,phases   ] GC(355) Pause Mark End 0.024ms
[80.810s][info][gc,phases   ] GC(355) Concurrent Mark Free 0.001ms
[80.817s][info][gc,phases   ] GC(355) Concurrent Process Non-Strong References 6.796ms
[80.817s][info][gc,phases   ] GC(355) Concurrent Reset Relocation Set 0.042ms
[80.825s][info][gc,phases   ] GC(355) Concurrent Select Relocation Set 8.078ms
[80.826s][info][gc,phases   ] GC(355) Pause Relocate Start 0.009ms
[80.837s][info][gc,phases   ] GC(355) Concurrent Relocate 11.331ms
[80.838s][info][gc,load     ] GC(355) Load: 0.00/0.00/0.00
[80.838s][info][gc,mmu      ] GC(355) MMU: 2ms/98.1%, 5ms/99.2%, 10ms/99.5%, 20ms/99.8%, 50ms/99.8%, 100ms/99.9%
[80.838s][info][gc,marking  ] GC(355) Mark: 2 stripe(s), 3 proactive flush(es), 1 terminate flush(es), 0 completion(s), 0 continuation(s) 
[80.838s][info][gc,marking  ] GC(355) Mark Stack Usage: 32M
[80.838s][info][gc,nmethod  ] GC(355) NMethods: 4830 registered, 43 unregistered
[80.838s][info][gc,metaspace] GC(355) Metaspace: 71M used, 71M committed, 1088M reserved
[80.838s][info][gc,ref      ] GC(355) Soft: 3837 encountered, 0 discovered, 0 enqueued
[80.838s][info][gc,ref      ] GC(355) Weak: 11549 encountered, 1132 discovered, 141 enqueued
[80.838s][info][gc,ref      ] GC(355) Final: 289 encountered, 27 discovered, 0 enqueued
[80.838s][info][gc,ref      ] GC(355) Phantom: 425 encountered, 204 discovered, 0 enqueued
[80.838s][info][gc,reloc    ] GC(355) Small Pages: 521 / 1042M, Empty: 652M, Relocated: 8M, In-Place: 0
[80.838s][info][gc,reloc    ] GC(355) Medium Pages: 0 / 0M, Empty: 0M, Relocated: 0M, In-Place: 0
[80.838s][info][gc,reloc    ] GC(355) Large Pages: 0 / 0M, Empty: 0M, Relocated: 0M, In-Place: 0
[80.838s][info][gc,reloc    ] GC(355) Forwarding Usage: 3M
[80.838s][info][gc,heap     ] GC(355) Min Capacity: 8M(0%)
[80.838s][info][gc,heap     ] GC(355) Max Capacity: 2048M(100%)
[80.838s][info][gc,heap     ] GC(355) Soft Max Capacity: 2048M(100%)
[80.838s][info][gc,heap     ] GC(355)                Mark Start          Mark End        Relocate Start      Relocate End           High               Low         
[80.838s][info][gc,heap     ] GC(355)  Capacity:     2048M (100%)       2048M (100%)       2048M (100%)       2048M (100%)       2048M (100%)       2048M (100%)   
[80.838s][info][gc,heap     ] GC(355)      Free:     1006M (49%)         742M (36%)        1318M (64%)        1604M (78%)        1632M (80%)         704M (34%)    
[80.838s][info][gc,heap     ] GC(355)      Used:     1042M (51%)        1306M (64%)         730M (36%)         444M (22%)        1344M (66%)         416M (20%)    
[80.838s][info][gc,heap     ] GC(355)      Live:         -                52M (3%)           52M (3%)           52M (3%)             -                  -          
[80.838s][info][gc,heap     ] GC(355) Allocated:         -               264M (13%)         340M (17%)         376M (18%)            -                  -          
[80.838s][info][gc,heap     ] GC(355)   Garbage:         -               989M (48%)         337M (16%)          15M (1%)             -                  -          
[80.838s][info][gc,heap     ] GC(355) Reclaimed:         -                  -               652M (32%)         974M (48%)            -                  -          
[80.838s][info][gc          ] GC(355) Garbage Collection (Allocation Rate) 1042M(51%)->444M(22%)
[80.954s][info][gc,start    ] GC(356) Garbage Collection (Allocation Rate)
[80.954s][info][gc,task     ] GC(356) Using 3 workers
[80.954s][info][gc,phases   ] GC(356) Pause Mark Start 0.014ms
[81.021s][info][gc,phases   ] GC(356) Concurrent Mark 66.233ms
[81.021s][info][gc,phases   ] GC(356) Pause Mark End 0.019ms
[81.023s][info][gc,phases   ] GC(356) Concurrent Mark Free 0.003ms
[81.035s][info][gc,phases   ] GC(356) Concurrent Process Non-Strong References 12.020ms
[81.035s][info][gc,phases   ] GC(356) Concurrent Reset Relocation Set 0.047ms
[81.040s][info][gc,phases   ] GC(356) Concurrent Select Relocation Set 5.403ms
[81.041s][info][gc,phases   ] GC(356) Pause Relocate Start 0.008ms
[81.050s][info][gc,phases   ] GC(356) Concurrent Relocate 8.499ms
[81.050s][info][gc,load     ] GC(356) Load: 0.00/0.00/0.00
[81.050s][info][gc,mmu      ] GC(356) MMU: 2ms/98.1%, 5ms/99.2%, 10ms/99.5%, 20ms/99.8%, 50ms/99.8%, 100ms/99.9%
[81.050s][info][gc,marking  ] GC(356) Mark: 2 stripe(s), 2 proactive flush(es), 1 terminate flush(es), 0 completion(s), 0 continuation(s) 
[81.050s][info][gc,marking  ] GC(356) Mark Stack Usage: 32M
[81.050s][info][gc,nmethod  ] GC(356) NMethods: 4830 registered, 43 unregistered
[81.050s][info][gc,metaspace] GC(356) Metaspace: 71M used, 71M committed, 1088M reserved
[81.050s][info][gc,ref      ] GC(356) Soft: 3837 encountered, 0 discovered, 0 enqueued
[81.050s][info][gc,ref      ] GC(356) Weak: 11408 encountered, 1265 discovered, 0 enqueued
[81.050s][info][gc,ref      ] GC(356) Final: 289 encountered, 31 discovered, 0 enqueued
[81.050s][info][gc,ref      ] GC(356) Phantom: 425 encountered, 221 discovered, 0 enqueued
[81.050s][info][gc,reloc    ] GC(356) Small Pages: 518 / 1036M, Empty: 656M, Relocated: 6M, In-Place: 0
[81.050s][info][gc,reloc    ] GC(356) Medium Pages: 0 / 0M, Empty: 0M, Relocated: 0M, In-Place: 0
[81.050s][info][gc,reloc    ] GC(356) Large Pages: 0 / 0M, Empty: 0M, Relocated: 0M, In-Place: 0
[81.050s][info][gc,reloc    ] GC(356) Forwarding Usage: 2M
[81.050s][info][gc,heap     ] GC(356) Min Capacity: 8M(0%)
[81.050s][info][gc,heap     ] GC(356) Max Capacity: 2048M(100%)
[81.050s][info][gc,heap     ] GC(356) Soft Max Capacity: 2048M(100%)
[81.050s][info][gc,heap     ] GC(356)                Mark Start          Mark End        Relocate Start      Relocate End           High               Low         
[81.050s][info][gc,heap     ] GC(356)  Capacity:     2048M (100%)       2048M (100%)       2048M (100%)       2048M (100%)       2048M (100%)       2048M (100%)   
[81.050s][info][gc,heap     ] GC(356)      Free:     1012M (49%)         698M (34%)        1268M (62%)        1554M (76%)        1568M (77%)         636M (31%)    
[81.050s][info][gc,heap     ] GC(356)      Used:     1036M (51%)        1350M (66%)         780M (38%)         494M (24%)        1412M (69%)         480M (23%)    
[81.050s][info][gc,heap     ] GC(356)      Live:         -                52M (3%)           52M (3%)           52M (3%)             -                  -          
[81.050s][info][gc,heap     ] GC(356) Allocated:         -               314M (15%)         400M (20%)         428M (21%)            -                  -          
[81.050s][info][gc,heap     ] GC(356)   Garbage:         -               983M (48%)         327M (16%)          13M (1%)             -                  -          
[81.050s][info][gc,heap     ] GC(356) Reclaimed:         -                  -               656M (32%)         970M (47%)            -                  -          
[81.050s][info][gc          ] GC(356) Garbage Collection (Allocation Rate) 1036M(51%)->494M(24%)
[81.155s][info][gc,start    ] GC(357) Garbage Collection (Allocation Rate)
[81.155s][info][gc,task     ] GC(357) Using 3 workers
[81.155s][info][gc,phases   ] GC(357) Pause Mark Start 0.011ms
[81.212s][info][gc,phases   ] GC(357) Concurrent Mark 56.211ms
[81.212s][info][gc,phases   ] GC(357) Pause Mark End 0.025ms
[81.213s][info][gc,phases   ] GC(357) Concurrent Mark Free 0.001ms
[81.220s][info][gc,phases   ] GC(357) Concurrent Process Non-Strong References 7.151ms
[81.220s][info][gc,phases   ] GC(357) Concurrent Reset Relocation Set 0.049ms
[81.229s][info][gc,phases   ] GC(357) Concurrent Select Relocation Set 8.705ms
[81.229s][info][gc,phases   ] GC(357) Pause Relocate Start 0.010ms
[81.242s][info][gc,phases   ] GC(357) Concurrent Relocate 12.225ms
[81.242s][info][gc,load     ] GC(357) Load: 0.00/0.00/0.00
[81.242s][info][gc,mmu      ] GC(357) MMU: 2ms/98.1%, 5ms/99.2%, 10ms/99.5%, 20ms/99.8%, 50ms/99.8%, 100ms/99.9%
[81.242s][info][gc,marking  ] GC(357) Mark: 2 stripe(s), 2 proactive flush(es), 1 terminate flush(es), 0 completion(s), 0 continuation(s) 
[81.242s][info][gc,marking  ] GC(357) Mark Stack Usage: 32M
[81.242s][info][gc,nmethod  ] GC(357) NMethods: 4830 registered, 43 unregistered
[81.242s][info][gc,metaspace] GC(357) Metaspace: 71M used, 71M committed, 1088M reserved
[81.242s][info][gc,ref      ] GC(357) Soft: 3837 encountered, 0 discovered, 0 enqueued
[81.242s][info][gc,ref      ] GC(357) Weak: 11408 encountered, 1385 discovered, 0 enqueued
[81.242s][info][gc,ref      ] GC(357) Final: 289 encountered, 31 discovered, 0 enqueued
[81.242s][info][gc,ref      ] GC(357) Phantom: 425 encountered, 283 discovered, 0 enqueued
[81.242s][info][gc,reloc    ] GC(357) Small Pages: 506 / 1012M, Empty: 626M, Relocated: 6M, In-Place: 0
[81.242s][info][gc,reloc    ] GC(357) Medium Pages: 0 / 0M, Empty: 0M, Relocated: 0M, In-Place: 0
[81.242s][info][gc,reloc    ] GC(357) Large Pages: 0 / 0M, Empty: 0M, Relocated: 0M, In-Place: 0
[81.242s][info][gc,reloc    ] GC(357) Forwarding Usage: 2M
[81.242s][info][gc,heap     ] GC(357) Min Capacity: 8M(0%)
[81.242s][info][gc,heap     ] GC(357) Max Capacity: 2048M(100%)
[81.242s][info][gc,heap     ] GC(357) Soft Max Capacity: 2048M(100%)
[81.242s][info][gc,heap     ] GC(357)                Mark Start          Mark End        Relocate Start      Relocate End           High               Low         
[81.242s][info][gc,heap     ] GC(357)  Capacity:     2048M (100%)       2048M (100%)       2048M (100%)       2048M (100%)       2048M (100%)       2048M (100%)   
[81.242s][info][gc,heap     ] GC(357)      Free:     1036M (51%)         764M (37%)        1312M (64%)        1590M (78%)        1618M (79%)         726M (35%)    
[81.242s][info][gc,heap     ] GC(357)      Used:     1012M (49%)        1284M (63%)         736M (36%)         458M (22%)        1322M (65%)         430M (21%)    
[81.242s][info][gc,heap     ] GC(357)      Live:         -                52M (3%)           52M (3%)           52M (3%)             -                  -          
[81.242s][info][gc,heap     ] GC(357) Allocated:         -               272M (13%)         350M (17%)         392M (19%)            -                  -          
[81.242s][info][gc,heap     ] GC(357)   Garbage:         -               959M (47%)         333M (16%)          13M (1%)             -                  -          
[81.242s][info][gc,heap     ] GC(357) Reclaimed:         -                  -               626M (31%)         946M (46%)            -                  -          
[81.242s][info][gc          ] GC(357) Garbage Collection (Allocation Rate) 1012M(49%)->458M(22%)
[81.354s][info][gc,start    ] GC(358) Garbage Collection (Allocation Rate)
[81.355s][info][gc,task     ] GC(358) Using 3 workers
[81.355s][info][gc,phases   ] GC(358) Pause Mark Start 0.011ms
[81.420s][info][gc,phases   ] GC(358) Concurrent Mark 65.158ms
[81.421s][info][gc,phases   ] GC(358) Pause Mark End 0.027ms
[81.422s][info][gc,phases   ] GC(358) Concurrent Mark Free 0.001ms
[81.430s][info][gc,phases   ] GC(358) Concurrent Process Non-Strong References 7.350ms
[81.430s][info][gc,phases   ] GC(358) Concurrent Reset Relocation Set 0.052ms
[81.437s][info][gc,phases   ] GC(358) Concurrent Select Relocation Set 6.626ms
[81.437s][info][gc,phases   ] GC(358) Pause Relocate Start 0.009ms
[81.449s][info][gc,phases   ] GC(358) Concurrent Relocate 11.121ms
[81.497s][info][gc,load     ] GC(358) Load: 0.00/0.00/0.00
[81.497s][info][gc,mmu      ] GC(358) MMU: 2ms/98.1%, 5ms/99.2%, 10ms/99.5%, 20ms/99.8%, 50ms/99.8%, 100ms/99.9%
[81.497s][info][gc,marking  ] GC(358) Mark: 2 stripe(s), 2 proactive flush(es), 1 terminate flush(es), 0 completion(s), 0 continuation(s) 
[81.497s][info][gc,marking  ] GC(358) Mark Stack Usage: 32M
[81.497s][info][gc,nmethod  ] GC(358) NMethods: 4830 registered, 43 unregistered
[81.497s][info][gc,metaspace] GC(358) Metaspace: 71M used, 71M committed, 1088M reserved
[81.497s][info][gc,ref      ] GC(358) Soft: 3837 encountered, 0 discovered, 0 enqueued
[81.497s][info][gc,ref      ] GC(358) Weak: 11408 encountered, 1266 discovered, 0 enqueued
[81.497s][info][gc,ref      ] GC(358) Final: 289 encountered, 40 discovered, 0 enqueued
[81.497s][info][gc,ref      ] GC(358) Phantom: 425 encountered, 243 discovered, 0 enqueued
[81.497s][info][gc,reloc    ] GC(358) Small Pages: 511 / 1022M, Empty: 562M, Relocated: 6M, In-Place: 0
[81.497s][info][gc,reloc    ] GC(358) Medium Pages: 0 / 0M, Empty: 0M, Relocated: 0M, In-Place: 0
[81.497s][info][gc,reloc    ] GC(358) Large Pages: 0 / 0M, Empty: 0M, Relocated: 0M, In-Place: 0
[81.497s][info][gc,reloc    ] GC(358) Forwarding Usage: 2M
[81.497s][info][gc,heap     ] GC(358) Min Capacity: 8M(0%)
[81.497s][info][gc,heap     ] GC(358) Max Capacity: 2048M(100%)
[81.497s][info][gc,heap     ] GC(358) Soft Max Capacity: 2048M(100%)
[81.497s][info][gc,heap     ] GC(358)                Mark Start          Mark End        Relocate Start      Relocate End           High               Low         
[81.497s][info][gc,heap     ] GC(358)  Capacity:     2048M (100%)       2048M (100%)       2048M (100%)       2048M (100%)       2048M (100%)       2048M (100%)   
[81.497s][info][gc,heap     ] GC(358)      Free:     1026M (50%)         712M (35%)        1198M (58%)        1558M (76%)        1580M (77%)         670M (33%)    
[81.497s][info][gc,heap     ] GC(358)      Used:     1022M (50%)        1336M (65%)         850M (42%)         490M (24%)        1378M (67%)         468M (23%)    
[81.497s][info][gc,heap     ] GC(358)      Live:         -                52M (3%)           52M (3%)           52M (3%)             -                  -          
[81.497s][info][gc,heap     ] GC(358) Allocated:         -               314M (15%)         390M (19%)         424M (21%)            -                  -          
[81.497s][info][gc,heap     ] GC(358)   Garbage:         -               969M (47%)         407M (20%)          13M (1%)             -                  -          
[81.497s][info][gc,heap     ] GC(358) Reclaimed:         -                  -               562M (27%)         956M (47%)            -                  -          
[81.497s][info][gc          ] GC(358) Garbage Collection (Allocation Rate) 1022M(50%)->490M(24%)
[81.554s][info][gc,start    ] GC(359) Garbage Collection (Allocation Rate)
[81.554s][info][gc,task     ] GC(359) Using 7 workers
[81.554s][info][gc,phases   ] GC(359) Pause Mark Start 0.011ms
[81.582s][info][gc,phases   ] GC(359) Concurrent Mark 27.230ms
[81.582s][info][gc,phases   ] GC(359) Pause Mark End 0.023ms
[81.583s][info][gc,phases   ] GC(359) Concurrent Mark Free 0.002ms
[81.587s][info][gc,phases   ] GC(359) Concurrent Process Non-Strong References 3.199ms
[81.587s][info][gc,phases   ] GC(359) Concurrent Reset Relocation Set 0.049ms
[81.593s][info][gc,phases   ] GC(359) Concurrent Select Relocation Set 6.548ms
[81.593s][info][gc,phases   ] GC(359) Pause Relocate Start 0.008ms
[81.599s][info][gc,phases   ] GC(359) Concurrent Relocate 5.420ms
[81.599s][info][gc,load     ] GC(359) Load: 0.00/0.00/0.00
[81.599s][info][gc,mmu      ] GC(359) MMU: 2ms/98.1%, 5ms/99.2%, 10ms/99.5%, 20ms/99.8%, 50ms/99.8%, 100ms/99.9%
[81.599s][info][gc,marking  ] GC(359) Mark: 4 stripe(s), 2 proactive flush(es), 1 terminate flush(es), 0 completion(s), 0 continuation(s) 
[81.599s][info][gc,marking  ] GC(359) Mark Stack Usage: 32M
[81.599s][info][gc,nmethod  ] GC(359) NMethods: 4830 registered, 43 unregistered
[81.600s][info][gc,metaspace] GC(359) Metaspace: 71M used, 71M committed, 1088M reserved
[81.600s][info][gc,ref      ] GC(359) Soft: 3837 encountered, 0 discovered, 0 enqueued
[81.600s][info][gc,ref      ] GC(359) Weak: 11408 encountered, 1058 discovered, 0 enqueued
[81.600s][info][gc,ref      ] GC(359) Final: 289 encountered, 52 discovered, 0 enqueued
[81.600s][info][gc,ref      ] GC(359) Phantom: 425 encountered, 267 discovered, 0 enqueued
[81.600s][info][gc,reloc    ] GC(359) Small Pages: 512 / 1024M, Empty: 662M, Relocated: 6M, In-Place: 0
[81.600s][info][gc,reloc    ] GC(359) Medium Pages: 0 / 0M, Empty: 0M, Relocated: 0M, In-Place: 0
[81.600s][info][gc,reloc    ] GC(359) Large Pages: 0 / 0M, Empty: 0M, Relocated: 0M, In-Place: 0
[81.600s][info][gc,reloc    ] GC(359) Forwarding Usage: 2M
[81.600s][info][gc,heap     ] GC(359) Min Capacity: 8M(0%)
[81.600s][info][gc,heap     ] GC(359) Max Capacity: 2048M(100%)
[81.600s][info][gc,heap     ] GC(359) Soft Max Capacity: 2048M(100%)
[81.600s][info][gc,heap     ] GC(359)                Mark Start          Mark End        Relocate Start      Relocate End           High               Low         
[81.600s][info][gc,heap     ] GC(359)  Capacity:     2048M (100%)       2048M (100%)       2048M (100%)       2048M (100%)       2048M (100%)       2048M (100%)   
[81.600s][info][gc,heap     ] GC(359)      Free:     1024M (50%)         890M (43%)        1504M (73%)        1780M (87%)        1786M (87%)         868M (42%)    
[81.600s][info][gc,heap     ] GC(359)      Used:     1024M (50%)        1158M (57%)         544M (27%)         268M (13%)        1180M (58%)         262M (13%)    
[81.600s][info][gc,heap     ] GC(359)      Live:         -                52M (3%)           52M (3%)           52M (3%)             -                  -          
[81.600s][info][gc,heap     ] GC(359) Allocated:         -               134M (7%)          182M (9%)          196M (10%)            -                  -          
[81.600s][info][gc,heap     ] GC(359)   Garbage:         -               971M (47%)         309M (15%)          19M (1%)             -                  -          
[81.600s][info][gc,heap     ] GC(359) Reclaimed:         -                  -               662M (32%)         952M (47%)            -                  -          
[81.600s][info][gc          ] GC(359) Garbage Collection (Allocation Rate) 1024M(50%)->268M(13%)
[81.755s][info][gc,start    ] GC(360) Garbage Collection (Allocation Rate)
[81.755s][info][gc,task     ] GC(360) Using 4 workers
[81.755s][info][gc,phases   ] GC(360) Pause Mark Start 0.010ms
[81.805s][info][gc,phases   ] GC(360) Concurrent Mark 49.234ms
[81.805s][info][gc,phases   ] GC(360) Pause Mark End 0.027ms
[81.805s][info][gc,phases   ] GC(360) Concurrent Mark Free 0.001ms
[81.811s][info][gc,phases   ] GC(360) Concurrent Process Non-Strong References 5.805ms
[81.811s][info][gc,phases   ] GC(360) Concurrent Reset Relocation Set 0.043ms
[81.816s][info][gc,phases   ] GC(360) Concurrent Select Relocation Set 5.019ms
[81.816s][info][gc,phases   ] GC(360) Pause Relocate Start 0.008ms
[81.824s][info][gc,phases   ] GC(360) Concurrent Relocate 7.678ms
[81.824s][info][gc,load     ] GC(360) Load: 0.00/0.00/0.00
[81.824s][info][gc,mmu      ] GC(360) MMU: 2ms/98.1%, 5ms/99.2%, 10ms/99.5%, 20ms/99.8%, 50ms/99.8%, 100ms/99.9%
[81.824s][info][gc,marking  ] GC(360) Mark: 4 stripe(s), 3 proactive flush(es), 1 terminate flush(es), 0 completion(s), 0 continuation(s) 
[81.824s][info][gc,marking  ] GC(360) Mark Stack Usage: 32M
[81.825s][info][gc,nmethod  ] GC(360) NMethods: 4830 registered, 45 unregistered
[81.825s][info][gc,metaspace] GC(360) Metaspace: 71M used, 71M committed, 1088M reserved
[81.825s][info][gc,ref      ] GC(360) Soft: 3837 encountered, 0 discovered, 0 enqueued
[81.825s][info][gc,ref      ] GC(360) Weak: 11408 encountered, 1063 discovered, 0 enqueued
[81.825s][info][gc,ref      ] GC(360) Final: 289 encountered, 57 discovered, 0 enqueued
[81.825s][info][gc,ref      ] GC(360) Phantom: 425 encountered, 370 discovered, 0 enqueued
[81.825s][info][gc,reloc    ] GC(360) Small Pages: 524 / 1048M, Empty: 680M, Relocated: 6M, In-Place: 0
[81.825s][info][gc,reloc    ] GC(360) Medium Pages: 0 / 0M, Empty: 0M, Relocated: 0M, In-Place: 0
[81.825s][info][gc,reloc    ] GC(360) Large Pages: 0 / 0M, Empty: 0M, Relocated: 0M, In-Place: 0
[81.825s][info][gc,reloc    ] GC(360) Forwarding Usage: 2M
[81.825s][info][gc,heap     ] GC(360) Min Capacity: 8M(0%)
[81.825s][info][gc,heap     ] GC(360) Max Capacity: 2048M(100%)
[81.825s][info][gc,heap     ] GC(360) Soft Max Capacity: 2048M(100%)
[81.825s][info][gc,heap     ] GC(360)                Mark Start          Mark End        Relocate Start      Relocate End           High               Low         
[81.825s][info][gc,heap     ] GC(360)  Capacity:     2048M (100%)       2048M (100%)       2048M (100%)       2048M (100%)       2048M (100%)       2048M (100%)   
[81.825s][info][gc,heap     ] GC(360)      Free:     1000M (49%)         760M (37%)        1390M (68%)        1668M (81%)        1682M (82%)         732M (36%)    
[81.825s][info][gc,heap     ] GC(360)      Used:     1048M (51%)        1288M (63%)         658M (32%)         380M (19%)        1316M (64%)         366M (18%)    
[81.825s][info][gc,heap     ] GC(360)      Live:         -                52M (3%)           52M (3%)           52M (3%)             -                  -          
[81.825s][info][gc,heap     ] GC(360) Allocated:         -               240M (12%)         290M (14%)         312M (15%)            -                  -          
[81.825s][info][gc,heap     ] GC(360)   Garbage:         -               995M (49%)         315M (15%)          15M (1%)             -                  -          
[81.825s][info][gc,heap     ] GC(360) Reclaimed:         -                  -               680M (33%)         980M (48%)            -                  -          
[81.825s][info][gc          ] GC(360) Garbage Collection (Allocation Rate) 1048M(51%)->380M(19%)
[81.954s][info][gc,start    ] GC(361) Garbage Collection (Allocation Rate)
[81.955s][info][gc,task     ] GC(361) Using 3 workers
[81.955s][info][gc,phases   ] GC(361) Pause Mark Start 0.010ms
[82.025s][info][gc,phases   ] GC(361) Concurrent Mark 70.170ms
[82.025s][info][gc,phases   ] GC(361) Pause Mark End 0.021ms
[82.026s][info][gc,phases   ] GC(361) Concurrent Mark Free 0.001ms
[82.033s][info][gc,phases   ] GC(361) Concurrent Process Non-Strong References 6.543ms
[82.033s][info][gc,phases   ] GC(361) Concurrent Reset Relocation Set 0.044ms
[82.038s][info][gc,phases   ] GC(361) Concurrent Select Relocation Set 5.008ms
[82.038s][info][gc,phases   ] GC(361) Pause Relocate Start 0.009ms
[82.048s][info][gc,phases   ] GC(361) Concurrent Relocate 9.962ms
[82.048s][info][gc,load     ] GC(361) Load: 0.00/0.00/0.00
[82.048s][info][gc,mmu      ] GC(361) MMU: 2ms/98.1%, 5ms/99.2%, 10ms/99.5%, 20ms/99.8%, 50ms/99.8%, 100ms/99.9%
[82.048s][info][gc,marking  ] GC(361) Mark: 2 stripe(s), 2 proactive flush(es), 1 terminate flush(es), 0 completion(s), 0 continuation(s) 
[82.048s][info][gc,marking  ] GC(361) Mark Stack Usage: 32M
[82.048s][info][gc,nmethod  ] GC(361) NMethods: 4830 registered, 45 unregistered
[82.049s][info][gc,metaspace] GC(361) Metaspace: 71M used, 71M committed, 1088M reserved
[82.049s][info][gc,ref      ] GC(361) Soft: 3837 encountered, 0 discovered, 0 enqueued
[82.049s][info][gc,ref      ] GC(361) Weak: 11408 encountered, 1134 discovered, 0 enqueued
[82.049s][info][gc,ref      ] GC(361) Final: 289 encountered, 32 discovered, 0 enqueued
[82.049s][info][gc,ref      ] GC(361) Phantom: 425 encountered, 272 discovered, 0 enqueued
[82.049s][info][gc,reloc    ] GC(361) Small Pages: 512 / 1024M, Empty: 642M, Relocated: 5M, In-Place: 0
[82.049s][info][gc,reloc    ] GC(361) Medium Pages: 0 / 0M, Empty: 0M, Relocated: 0M, In-Place: 0
[82.049s][info][gc,reloc    ] GC(361) Large Pages: 0 / 0M, Empty: 0M, Relocated: 0M, In-Place: 0
[82.049s][info][gc,reloc    ] GC(361) Forwarding Usage: 2M
[82.049s][info][gc,heap     ] GC(361) Min Capacity: 8M(0%)
[82.049s][info][gc,heap     ] GC(361) Max Capacity: 2048M(100%)
[82.049s][info][gc,heap     ] GC(361) Soft Max Capacity: 2048M(100%)
[82.049s][info][gc,heap     ] GC(361)                Mark Start          Mark End        Relocate Start      Relocate End           High               Low         
[82.049s][info][gc,heap     ] GC(361)  Capacity:     2048M (100%)       2048M (100%)       2048M (100%)       2048M (100%)       2048M (100%)       2048M (100%)   
[82.049s][info][gc,heap     ] GC(361)      Free:     1024M (50%)         686M (33%)        1270M (62%)        1554M (76%)        1578M (77%)         654M (32%)    
[82.049s][info][gc,heap     ] GC(361)      Used:     1024M (50%)        1362M (67%)         778M (38%)         494M (24%)        1394M (68%)         470M (23%)    
[82.049s][info][gc,heap     ] GC(361)      Live:         -                52M (3%)           52M (3%)           52M (3%)             -                  -          
[82.049s][info][gc,heap     ] GC(361) Allocated:         -               338M (17%)         396M (19%)         426M (21%)            -                  -          
[82.049s][info][gc,heap     ] GC(361)   Garbage:         -               971M (47%)         329M (16%)          15M (1%)             -                  -          
[82.049s][info][gc,heap     ] GC(361) Reclaimed:         -                  -               642M (31%)         956M (47%)            -                  -          
[82.049s][info][gc          ] GC(361) Garbage Collection (Allocation Rate) 1024M(50%)->494M(24%)
[82.153s][info][gc,start    ] GC(362) Garbage Collection (Allocation Rate)
[82.154s][info][gc,task     ] GC(362) Using 3 workers
[82.154s][info][gc,phases   ] GC(362) Pause Mark Start 0.012ms
[82.222s][info][gc,phases   ] GC(362) Concurrent Mark 68.119ms
[82.222s][info][gc,phases   ] GC(362) Pause Mark End 0.022ms
[82.224s][info][gc,phases   ] GC(362) Concurrent Mark Free 0.002ms
[82.230s][info][gc,phases   ] GC(362) Concurrent Process Non-Strong References 6.199ms
[82.230s][info][gc,phases   ] GC(362) Concurrent Reset Relocation Set 0.037ms
[82.238s][info][gc,phases   ] GC(362) Concurrent Select Relocation Set 8.042ms
[82.238s][info][gc,phases   ] GC(362) Pause Relocate Start 0.009ms
[82.250s][info][gc,phases   ] GC(362) Concurrent Relocate 11.235ms
[82.250s][info][gc,load     ] GC(362) Load: 0.00/0.00/0.00
[82.250s][info][gc,mmu      ] GC(362) MMU: 2ms/98.1%, 5ms/99.2%, 10ms/99.5%, 20ms/99.8%, 50ms/99.8%, 100ms/99.9%
[82.250s][info][gc,marking  ] GC(362) Mark: 2 stripe(s), 2 proactive flush(es), 1 terminate flush(es), 0 completion(s), 0 continuation(s) 
[82.250s][info][gc,marking  ] GC(362) Mark Stack Usage: 32M
[82.250s][info][gc,nmethod  ] GC(362) NMethods: 4830 registered, 45 unregistered
[82.250s][info][gc,metaspace] GC(362) Metaspace: 71M used, 71M committed, 1088M reserved
[82.250s][info][gc,ref      ] GC(362) Soft: 3837 encountered, 0 discovered, 0 enqueued
[82.250s][info][gc,ref      ] GC(362) Weak: 11408 encountered, 923 discovered, 0 enqueued
[82.250s][info][gc,ref      ] GC(362) Final: 289 encountered, 34 discovered, 0 enqueued
[82.250s][info][gc,ref      ] GC(362) Phantom: 425 encountered, 185 discovered, 0 enqueued
[82.250s][info][gc,reloc    ] GC(362) Small Pages: 512 / 1024M, Empty: 678M, Relocated: 6M, In-Place: 0
[82.250s][info][gc,reloc    ] GC(362) Medium Pages: 0 / 0M, Empty: 0M, Relocated: 0M, In-Place: 0
[82.250s][info][gc,reloc    ] GC(362) Large Pages: 0 / 0M, Empty: 0M, Relocated: 0M, In-Place: 0
[82.250s][info][gc,reloc    ] GC(362) Forwarding Usage: 2M
[82.250s][info][gc,heap     ] GC(362) Min Capacity: 8M(0%)
[82.250s][info][gc,heap     ] GC(362) Max Capacity: 2048M(100%)
[82.250s][info][gc,heap     ] GC(362) Soft Max Capacity: 2048M(100%)
[82.250s][info][gc,heap     ] GC(362)                Mark Start          Mark End        Relocate Start      Relocate End           High               Low         
[82.250s][info][gc,heap     ] GC(362)  Capacity:     2048M (100%)       2048M (100%)       2048M (100%)       2048M (100%)       2048M (100%)       2048M (100%)   
[82.250s][info][gc,heap     ] GC(362)      Free:     1024M (50%)         696M (34%)        1298M (63%)        1540M (75%)        1568M (77%)         660M (32%)    
[82.250s][info][gc,heap     ] GC(362)      Used:     1024M (50%)        1352M (66%)         750M (37%)         508M (25%)        1388M (68%)         480M (23%)    
[82.250s][info][gc,heap     ] GC(362)      Live:         -                52M (3%)           52M (3%)           52M (3%)             -                  -          
[82.250s][info][gc,heap     ] GC(362) Allocated:         -               328M (16%)         404M (20%)         440M (22%)            -                  -          
[82.250s][info][gc,heap     ] GC(362)   Garbage:         -               971M (47%)         293M (14%)          15M (1%)             -                  -          
[82.250s][info][gc,heap     ] GC(362) Reclaimed:         -                  -               678M (33%)         956M (47%)            -                  -          
[82.250s][info][gc          ] GC(362) Garbage Collection (Allocation Rate) 1024M(50%)->508M(25%)
[82.354s][info][gc,start    ] GC(363) Garbage Collection (Allocation Rate)
[82.354s][info][gc,task     ] GC(363) Using 3 workers
[82.354s][info][gc,phases   ] GC(363) Pause Mark Start 0.011ms
[82.424s][info][gc,phases   ] GC(363) Concurrent Mark 70.242ms
[82.425s][info][gc,phases   ] GC(363) Pause Mark End 0.024ms
[82.427s][info][gc,phases   ] GC(363) Concurrent Mark Free 0.001ms
[82.434s][info][gc,phases   ] GC(363) Concurrent Process Non-Strong References 6.987ms
[82.434s][info][gc,phases   ] GC(363) Concurrent Reset Relocation Set 0.048ms
[82.439s][info][gc,phases   ] GC(363) Concurrent Select Relocation Set 4.905ms
[82.439s][info][gc,phases   ] GC(363) Pause Relocate Start 0.010ms
[82.449s][info][gc,phases   ] GC(363) Concurrent Relocate 9.470ms
[82.449s][info][gc,load     ] GC(363) Load: 0.00/0.00/0.00
[82.449s][info][gc,mmu      ] GC(363) MMU: 2ms/98.1%, 5ms/99.2%, 10ms/99.5%, 20ms/99.8%, 50ms/99.8%, 100ms/99.9%
[82.449s][info][gc,marking  ] GC(363) Mark: 2 stripe(s), 2 proactive flush(es), 1 terminate flush(es), 0 completion(s), 0 continuation(s) 
[82.449s][info][gc,marking  ] GC(363) Mark Stack Usage: 32M
[82.449s][info][gc,nmethod  ] GC(363) NMethods: 4830 registered, 45 unregistered
[82.449s][info][gc,metaspace] GC(363) Metaspace: 71M used, 71M committed, 1088M reserved
[82.449s][info][gc,ref      ] GC(363) Soft: 3837 encountered, 0 discovered, 0 enqueued
[82.449s][info][gc,ref      ] GC(363) Weak: 11408 encountered, 1402 discovered, 0 enqueued
[82.449s][info][gc,ref      ] GC(363) Final: 289 encountered, 23 discovered, 0 enqueued
[82.449s][info][gc,ref      ] GC(363) Phantom: 425 encountered, 265 discovered, 0 enqueued
[82.449s][info][gc,reloc    ] GC(363) Small Pages: 509 / 1018M, Empty: 584M, Relocated: 5M, In-Place: 0
[82.450s][info][gc,reloc    ] GC(363) Medium Pages: 0 / 0M, Empty: 0M, Relocated: 0M, In-Place: 0
[82.450s][info][gc,reloc    ] GC(363) Large Pages: 0 / 0M, Empty: 0M, Relocated: 0M, In-Place: 0
[82.450s][info][gc,reloc    ] GC(363) Forwarding Usage: 2M
[82.450s][info][gc,heap     ] GC(363) Min Capacity: 8M(0%)
[82.450s][info][gc,heap     ] GC(363) Max Capacity: 2048M(100%)
[82.450s][info][gc,heap     ] GC(363) Soft Max Capacity: 2048M(100%)
[82.450s][info][gc,heap     ] GC(363)                Mark Start          Mark End        Relocate Start      Relocate End           High               Low         
[82.450s][info][gc,heap     ] GC(363)  Capacity:     2048M (100%)       2048M (100%)       2048M (100%)       2048M (100%)       2048M (100%)       2048M (100%)   
[82.450s][info][gc,heap     ] GC(363)      Free:     1030M (50%)         700M (34%)        1216M (59%)        1556M (76%)        1574M (77%)         658M (32%)    
[82.450s][info][gc,heap     ] GC(363)      Used:     1018M (50%)        1348M (66%)         832M (41%)         492M (24%)        1390M (68%)         474M (23%)    
[82.450s][info][gc,heap     ] GC(363)      Live:         -                52M (3%)           52M (3%)           52M (3%)             -                  -          
[82.450s][info][gc,heap     ] GC(363) Allocated:         -               330M (16%)         398M (19%)         426M (21%)            -                  -          
[82.450s][info][gc,heap     ] GC(363)   Garbage:         -               965M (47%)         381M (19%)          13M (1%)             -                  -          
[82.450s][info][gc,heap     ] GC(363) Reclaimed:         -                  -               584M (29%)         952M (47%)            -                  -          
[82.450s][info][gc          ] GC(363) Garbage Collection (Allocation Rate) 1018M(50%)->492M(24%)
[82.554s][info][gc,start    ] GC(364) Garbage Collection (Allocation Rate)
[82.554s][info][gc,task     ] GC(364) Using 3 workers
[82.554s][info][gc,phases   ] GC(364) Pause Mark Start 0.010ms
[82.623s][info][gc,phases   ] GC(364) Concurrent Mark 68.168ms
[82.623s][info][gc,phases   ] GC(364) Pause Mark End 0.025ms
[82.624s][info][gc,phases   ] GC(364) Concurrent Mark Free 0.001ms
[82.631s][info][gc,phases   ] GC(364) Concurrent Process Non-Strong References 6.330ms
[82.631s][info][gc,phases   ] GC(364) Concurrent Reset Relocation Set 0.051ms
[82.636s][info][gc,phases   ] GC(364) Concurrent Select Relocation Set 4.994ms
[82.636s][info][gc,phases   ] GC(364) Pause Relocate Start 0.008ms
[82.646s][info][gc,phases   ] GC(364) Concurrent Relocate 9.521ms
[82.646s][info][gc,load     ] GC(364) Load: 0.00/0.00/0.00
[82.646s][info][gc,mmu      ] GC(364) MMU: 2ms/98.1%, 5ms/99.2%, 10ms/99.5%, 20ms/99.8%, 50ms/99.8%, 100ms/99.9%
[82.646s][info][gc,marking  ] GC(364) Mark: 2 stripe(s), 2 proactive flush(es), 1 terminate flush(es), 0 completion(s), 0 continuation(s) 
[82.646s][info][gc,marking  ] GC(364) Mark Stack Usage: 32M
[82.646s][info][gc,nmethod  ] GC(364) NMethods: 4830 registered, 45 unregistered
[82.646s][info][gc,metaspace] GC(364) Metaspace: 71M used, 71M committed, 1088M reserved
[82.646s][info][gc,ref      ] GC(364) Soft: 3837 encountered, 0 discovered, 0 enqueued
[82.646s][info][gc,ref      ] GC(364) Weak: 11408 encountered, 915 discovered, 0 enqueued
[82.646s][info][gc,ref      ] GC(364) Final: 289 encountered, 32 discovered, 0 enqueued
[82.646s][info][gc,ref      ] GC(364) Phantom: 425 encountered, 280 discovered, 0 enqueued
[82.646s][info][gc,reloc    ] GC(364) Small Pages: 504 / 1008M, Empty: 642M, Relocated: 5M, In-Place: 0
[82.646s][info][gc,reloc    ] GC(364) Medium Pages: 0 / 0M, Empty: 0M, Relocated: 0M, In-Place: 0
[82.646s][info][gc,reloc    ] GC(364) Large Pages: 0 / 0M, Empty: 0M, Relocated: 0M, In-Place: 0
[82.646s][info][gc,reloc    ] GC(364) Forwarding Usage: 2M
[82.646s][info][gc,heap     ] GC(364) Min Capacity: 8M(0%)
[82.646s][info][gc,heap     ] GC(364) Max Capacity: 2048M(100%)
[82.646s][info][gc,heap     ] GC(364) Soft Max Capacity: 2048M(100%)
[82.646s][info][gc,heap     ] GC(364)                Mark Start          Mark End        Relocate Start      Relocate End           High               Low         
[82.646s][info][gc,heap     ] GC(364)  Capacity:     2048M (100%)       2048M (100%)       2048M (100%)       2048M (100%)       2048M (100%)       2048M (100%)   
[82.646s][info][gc,heap     ] GC(364)      Free:     1040M (51%)         712M (35%)        1292M (63%)        1566M (76%)        1584M (77%)         674M (33%)    
[82.646s][info][gc,heap     ] GC(364)      Used:     1008M (49%)        1336M (65%)         756M (37%)         482M (24%)        1374M (67%)         464M (23%)    
[82.646s][info][gc,heap     ] GC(364)      Live:         -                52M (3%)           52M (3%)           52M (3%)             -                  -          
[82.646s][info][gc,heap     ] GC(364) Allocated:         -               328M (16%)         390M (19%)         416M (20%)            -                  -          
[82.646s][info][gc,heap     ] GC(364)   Garbage:         -               955M (47%)         313M (15%)          13M (1%)             -                  -          
[82.646s][info][gc,heap     ] GC(364) Reclaimed:         -                  -               642M (31%)         942M (46%)            -                  -          
[82.646s][info][gc          ] GC(364) Garbage Collection (Allocation Rate) 1008M(49%)->482M(24%)
[82.754s][info][gc,start    ] GC(365) Garbage Collection (Allocation Rate)
[82.754s][info][gc,task     ] GC(365) Using 3 workers
[82.754s][info][gc,phases   ] GC(365) Pause Mark Start 0.013ms
[82.820s][info][gc,phases   ] GC(365) Concurrent Mark 65.122ms
[82.820s][info][gc,phases   ] GC(365) Pause Mark End 0.024ms
[82.821s][info][gc,phases   ] GC(365) Concurrent Mark Free 0.002ms
[82.828s][info][gc,phases   ] GC(365) Concurrent Process Non-Strong References 6.900ms
[82.828s][info][gc,phases   ] GC(365) Concurrent Reset Relocation Set 0.038ms
[82.836s][info][gc,phases   ] GC(365) Concurrent Select Relocation Set 8.092ms
[82.837s][info][gc,phases   ] GC(365) Pause Relocate Start 0.008ms
[82.846s][info][gc,phases   ] GC(365) Concurrent Relocate 9.360ms
[82.846s][info][gc,load     ] GC(365) Load: 0.00/0.00/0.00
[82.846s][info][gc,mmu      ] GC(365) MMU: 2ms/98.1%, 5ms/99.2%, 10ms/99.5%, 20ms/99.8%, 50ms/99.8%, 100ms/99.9%
[82.846s][info][gc,marking  ] GC(365) Mark: 2 stripe(s), 2 proactive flush(es), 1 terminate flush(es), 0 completion(s), 0 continuation(s) 
[82.846s][info][gc,marking  ] GC(365) Mark Stack Usage: 32M
[82.846s][info][gc,nmethod  ] GC(365) NMethods: 4830 registered, 45 unregistered
[82.846s][info][gc,metaspace] GC(365) Metaspace: 71M used, 71M committed, 1088M reserved
[82.846s][info][gc,ref      ] GC(365) Soft: 3837 encountered, 0 discovered, 0 enqueued
[82.846s][info][gc,ref      ] GC(365) Weak: 11408 encountered, 1386 discovered, 0 enqueued
[82.846s][info][gc,ref      ] GC(365) Final: 289 encountered, 17 discovered, 0 enqueued
[82.846s][info][gc,ref      ] GC(365) Phantom: 425 encountered, 260 discovered, 0 enqueued
[82.846s][info][gc,reloc    ] GC(365) Small Pages: 513 / 1026M, Empty: 668M, Relocated: 5M, In-Place: 0
[82.847s][info][gc,reloc    ] GC(365) Medium Pages: 0 / 0M, Empty: 0M, Relocated: 0M, In-Place: 0
[82.847s][info][gc,reloc    ] GC(365) Large Pages: 0 / 0M, Empty: 0M, Relocated: 0M, In-Place: 0
[82.847s][info][gc,reloc    ] GC(365) Forwarding Usage: 2M
[82.847s][info][gc,heap     ] GC(365) Min Capacity: 8M(0%)
[82.847s][info][gc,heap     ] GC(365) Max Capacity: 2048M(100%)
[82.847s][info][gc,heap     ] GC(365) Soft Max Capacity: 2048M(100%)
[82.847s][info][gc,heap     ] GC(365)                Mark Start          Mark End        Relocate Start      Relocate End           High               Low         
[82.847s][info][gc,heap     ] GC(365)  Capacity:     2048M (100%)       2048M (100%)       2048M (100%)       2048M (100%)       2048M (100%)       2048M (100%)   
[82.847s][info][gc,heap     ] GC(365)      Free:     1022M (50%)         706M (34%)        1294M (63%)        1562M (76%)        1578M (77%)         666M (33%)    
[82.847s][info][gc,heap     ] GC(365)      Used:     1026M (50%)        1342M (66%)         754M (37%)         486M (24%)        1382M (67%)         470M (23%)    
[82.847s][info][gc,heap     ] GC(365)      Live:         -                52M (3%)           52M (3%)           52M (3%)             -                  -          
[82.847s][info][gc,heap     ] GC(365) Allocated:         -               316M (15%)         396M (19%)         420M (21%)            -                  -          
[82.847s][info][gc,heap     ] GC(365)   Garbage:         -               973M (48%)         305M (15%)          13M (1%)             -                  -          
[82.847s][info][gc,heap     ] GC(365) Reclaimed:         -                  -               668M (33%)         960M (47%)            -                  -          
[82.847s][info][gc          ] GC(365) Garbage Collection (Allocation Rate) 1026M(50%)->486M(24%)
[82.955s][info][gc,start    ] GC(366) Garbage Collection (Allocation Rate)
[82.955s][info][gc,task     ] GC(366) Using 3 workers
[82.955s][info][gc,phases   ] GC(366) Pause Mark Start 0.009ms
[83.025s][info][gc,phases   ] GC(366) Concurrent Mark 70.126ms
[83.026s][info][gc,phases   ] GC(366) Pause Mark End 0.019ms
[83.026s][info][gc,phases   ] GC(366) Concurrent Mark Free 0.001ms
[83.033s][info][gc,phases   ] GC(366) Concurrent Process Non-Strong References 7.038ms
[83.033s][info][gc,phases   ] GC(366) Concurrent Reset Relocation Set 0.051ms
[83.040s][info][gc,phases   ] GC(366) Concurrent Select Relocation Set 6.415ms
[83.040s][info][gc,phases   ] GC(366) Pause Relocate Start 0.008ms
[83.049s][info][gc,phases   ] GC(366) Concurrent Relocate 8.500ms
[83.049s][info][gc,load     ] GC(366) Load: 0.00/0.00/0.00
[83.049s][info][gc,mmu      ] GC(366) MMU: 2ms/98.1%, 5ms/99.2%, 10ms/99.5%, 20ms/99.8%, 50ms/99.8%, 100ms/99.9%
[83.049s][info][gc,marking  ] GC(366) Mark: 2 stripe(s), 2 proactive flush(es), 1 terminate flush(es), 0 completion(s), 0 continuation(s) 
[83.049s][info][gc,marking  ] GC(366) Mark Stack Usage: 32M
[83.049s][info][gc,nmethod  ] GC(366) NMethods: 4830 registered, 45 unregistered
[83.049s][info][gc,metaspace] GC(366) Metaspace: 71M used, 71M committed, 1088M reserved
[83.049s][info][gc,ref      ] GC(366) Soft: 3837 encountered, 0 discovered, 0 enqueued
[83.049s][info][gc,ref      ] GC(366) Weak: 11408 encountered, 3131 discovered, 0 enqueued
[83.049s][info][gc,ref      ] GC(366) Final: 289 encountered, 39 discovered, 0 enqueued
[83.049s][info][gc,ref      ] GC(366) Phantom: 425 encountered, 271 discovered, 0 enqueued
[83.049s][info][gc,reloc    ] GC(366) Small Pages: 517 / 1034M, Empty: 696M, Relocated: 5M, In-Place: 0
[83.049s][info][gc,reloc    ] GC(366) Medium Pages: 0 / 0M, Empty: 0M, Relocated: 0M, In-Place: 0
[83.049s][info][gc,reloc    ] GC(366) Large Pages: 0 / 0M, Empty: 0M, Relocated: 0M, In-Place: 0
[83.049s][info][gc,reloc    ] GC(366) Forwarding Usage: 2M
[83.049s][info][gc,heap     ] GC(366) Min Capacity: 8M(0%)
[83.049s][info][gc,heap     ] GC(366) Max Capacity: 2048M(100%)
[83.049s][info][gc,heap     ] GC(366) Soft Max Capacity: 2048M(100%)
[83.049s][info][gc,heap     ] GC(366)                Mark Start          Mark End        Relocate Start      Relocate End           High               Low         
[83.049s][info][gc,heap     ] GC(366)  Capacity:     2048M (100%)       2048M (100%)       2048M (100%)       2048M (100%)       2048M (100%)       2048M (100%)   
[83.049s][info][gc,heap     ] GC(366)      Free:     1014M (50%)         672M (33%)        1304M (64%)        1554M (76%)        1568M (77%)         638M (31%)    
[83.050s][info][gc,heap     ] GC(366)      Used:     1034M (50%)        1376M (67%)         744M (36%)         494M (24%)        1410M (69%)         480M (23%)    
[83.050s][info][gc,heap     ] GC(366)      Live:         -                52M (3%)           52M (3%)           52M (3%)             -                  -          
[83.050s][info][gc,heap     ] GC(366) Allocated:         -               342M (17%)         406M (20%)         428M (21%)            -                  -          
[83.050s][info][gc,heap     ] GC(366)   Garbage:         -               981M (48%)         285M (14%)          13M (1%)             -                  -          
[83.050s][info][gc,heap     ] GC(366) Reclaimed:         -                  -               696M (34%)         968M (47%)            -                  -          
[83.050s][info][gc          ] GC(366) Garbage Collection (Allocation Rate) 1034M(50%)->494M(24%)
[83.154s][info][gc,start    ] GC(367) Garbage Collection (Allocation Rate)
[83.155s][info][gc,task     ] GC(367) Using 3 workers
[83.155s][info][gc,phases   ] GC(367) Pause Mark Start 0.010ms
[83.225s][info][gc,phases   ] GC(367) Concurrent Mark 70.050ms
[83.225s][info][gc,phases   ] GC(367) Pause Mark End 0.020ms
[83.227s][info][gc,phases   ] GC(367) Concurrent Mark Free 0.001ms
[83.233s][info][gc,phases   ] GC(367) Concurrent Process Non-Strong References 6.181ms
[83.233s][info][gc,phases   ] GC(367) Concurrent Reset Relocation Set 0.036ms
[83.243s][info][gc,phases   ] GC(367) Concurrent Select Relocation Set 10.113ms
[83.243s][info][gc,phases   ] GC(367) Pause Relocate Start 0.008ms
[83.253s][info][gc,phases   ] GC(367) Concurrent Relocate 9.384ms
[83.253s][info][gc,load     ] GC(367) Load: 0.00/0.00/0.00
[83.253s][info][gc,mmu      ] GC(367) MMU: 2ms/98.1%, 5ms/99.2%, 10ms/99.5%, 20ms/99.8%, 50ms/99.8%, 100ms/99.9%
[83.253s][info][gc,marking  ] GC(367) Mark: 2 stripe(s), 2 proactive flush(es), 1 terminate flush(es), 0 completion(s), 0 continuation(s) 
[83.253s][info][gc,marking  ] GC(367) Mark Stack Usage: 32M
[83.253s][info][gc,nmethod  ] GC(367) NMethods: 4830 registered, 45 unregistered
[83.253s][info][gc,metaspace] GC(367) Metaspace: 71M used, 71M committed, 1088M reserved
[83.253s][info][gc,ref      ] GC(367) Soft: 3837 encountered, 0 discovered, 0 enqueued
[83.253s][info][gc,ref      ] GC(367) Weak: 11408 encountered, 1466 discovered, 0 enqueued
[83.253s][info][gc,ref      ] GC(367) Final: 289 encountered, 29 discovered, 0 enqueued
[83.253s][info][gc,ref      ] GC(367) Phantom: 425 encountered, 299 discovered, 0 enqueued
[83.253s][info][gc,reloc    ] GC(367) Small Pages: 509 / 1018M, Empty: 644M, Relocated: 6M, In-Place: 0
[83.253s][info][gc,reloc    ] GC(367) Medium Pages: 0 / 0M, Empty: 0M, Relocated: 0M, In-Place: 0
[83.253s][info][gc,reloc    ] GC(367) Large Pages: 0 / 0M, Empty: 0M, Relocated: 0M, In-Place: 0
[83.253s][info][gc,reloc    ] GC(367) Forwarding Usage: 2M
[83.253s][info][gc,heap     ] GC(367) Min Capacity: 8M(0%)
[83.253s][info][gc,heap     ] GC(367) Max Capacity: 2048M(100%)
[83.253s][info][gc,heap     ] GC(367) Soft Max Capacity: 2048M(100%)
[83.253s][info][gc,heap     ] GC(367)                Mark Start          Mark End        Relocate Start      Relocate End           High               Low         
[83.253s][info][gc,heap     ] GC(367)  Capacity:     2048M (100%)       2048M (100%)       2048M (100%)       2048M (100%)       2048M (100%)       2048M (100%)   
[83.254s][info][gc,heap     ] GC(367)      Free:     1030M (50%)         692M (34%)        1252M (61%)        1532M (75%)        1552M (76%)         654M (32%)    
[83.254s][info][gc,heap     ] GC(367)      Used:     1018M (50%)        1356M (66%)         796M (39%)         516M (25%)        1394M (68%)         496M (24%)    
[83.254s][info][gc,heap     ] GC(367)      Live:         -                52M (3%)           52M (3%)           52M (3%)             -                  -          
[83.254s][info][gc,heap     ] GC(367) Allocated:         -               338M (17%)         422M (21%)         450M (22%)            -                  -          
[83.254s][info][gc,heap     ] GC(367)   Garbage:         -               965M (47%)         321M (16%)          13M (1%)             -                  -          
[83.254s][info][gc,heap     ] GC(367) Reclaimed:         -                  -               644M (31%)         952M (47%)            -                  -          
[83.254s][info][gc          ] GC(367) Garbage Collection (Allocation Rate) 1018M(50%)->516M(25%)
[83.355s][info][gc,start    ] GC(368) Garbage Collection (Allocation Rate)
[83.355s][info][gc,task     ] GC(368) Using 3 workers
[83.355s][info][gc,phases   ] GC(368) Pause Mark Start 0.010ms
[83.416s][info][gc,phases   ] GC(368) Concurrent Mark 60.978ms
[83.417s][info][gc,phases   ] GC(368) Pause Mark End 0.021ms
[83.417s][info][gc,phases   ] GC(368) Concurrent Mark Free 0.001ms
[83.423s][info][gc,phases   ] GC(368) Concurrent Process Non-Strong References 6.225ms
[83.423s][info][gc,phases   ] GC(368) Concurrent Reset Relocation Set 0.048ms
[83.429s][info][gc,phases   ] GC(368) Concurrent Select Relocation Set 5.835ms
[83.429s][info][gc,phases   ] GC(368) Pause Relocate Start 0.008ms
[83.440s][info][gc,phases   ] GC(368) Concurrent Relocate 10.710ms
[83.440s][info][gc,load     ] GC(368) Load: 0.00/0.00/0.00
[83.440s][info][gc,mmu      ] GC(368) MMU: 2ms/98.1%, 5ms/99.2%, 10ms/99.5%, 20ms/99.8%, 50ms/99.8%, 100ms/99.9%
[83.440s][info][gc,marking  ] GC(368) Mark: 2 stripe(s), 2 proactive flush(es), 1 terminate flush(es), 0 completion(s), 0 continuation(s) 
[83.441s][info][gc,marking  ] GC(368) Mark Stack Usage: 32M
[83.441s][info][gc,nmethod  ] GC(368) NMethods: 4830 registered, 45 unregistered
[83.441s][info][gc,metaspace] GC(368) Metaspace: 71M used, 71M committed, 1088M reserved
[83.441s][info][gc,ref      ] GC(368) Soft: 3837 encountered, 0 discovered, 0 enqueued
[83.441s][info][gc,ref      ] GC(368) Weak: 11408 encountered, 943 discovered, 0 enqueued
[83.441s][info][gc,ref      ] GC(368) Final: 289 encountered, 25 discovered, 0 enqueued
[83.441s][info][gc,ref      ] GC(368) Phantom: 425 encountered, 181 discovered, 0 enqueued
[83.441s][info][gc,reloc    ] GC(368) Small Pages: 510 / 1020M, Empty: 588M, Relocated: 6M, In-Place: 0
[83.441s][info][gc,reloc    ] GC(368) Medium Pages: 0 / 0M, Empty: 0M, Relocated: 0M, In-Place: 0
[83.441s][info][gc,reloc    ] GC(368) Large Pages: 0 / 0M, Empty: 0M, Relocated: 0M, In-Place: 0
[83.441s][info][gc,reloc    ] GC(368) Forwarding Usage: 2M
[83.441s][info][gc,heap     ] GC(368) Min Capacity: 8M(0%)
[83.441s][info][gc,heap     ] GC(368) Max Capacity: 2048M(100%)
[83.441s][info][gc,heap     ] GC(368) Soft Max Capacity: 2048M(100%)
[83.441s][info][gc,heap     ] GC(368)                Mark Start          Mark End        Relocate Start      Relocate End           High               Low         
[83.441s][info][gc,heap     ] GC(368)  Capacity:     2048M (100%)       2048M (100%)       2048M (100%)       2048M (100%)       2048M (100%)       2048M (100%)   
[83.441s][info][gc,heap     ] GC(368)      Free:     1028M (50%)         740M (36%)        1274M (62%)        1606M (78%)        1628M (79%)         710M (35%)    
[83.441s][info][gc,heap     ] GC(368)      Used:     1020M (50%)        1308M (64%)         774M (38%)         442M (22%)        1338M (65%)         420M (21%)    
[83.441s][info][gc,heap     ] GC(368)      Live:         -                52M (3%)           52M (3%)           52M (3%)             -                  -          
[83.441s][info][gc,heap     ] GC(368) Allocated:         -               288M (14%)         342M (17%)         378M (18%)            -                  -          
[83.441s][info][gc,heap     ] GC(368)   Garbage:         -               967M (47%)         379M (19%)          11M (1%)             -                  -          
[83.441s][info][gc,heap     ] GC(368) Reclaimed:         -                  -               588M (29%)         956M (47%)            -                  -          
[83.441s][info][gc          ] GC(368) Garbage Collection (Allocation Rate) 1020M(50%)->442M(22%)
[83.554s][info][gc,start    ] GC(369) Garbage Collection (Allocation Rate)
[83.554s][info][gc,task     ] GC(369) Using 3 workers
[83.554s][info][gc,phases   ] GC(369) Pause Mark Start 0.011ms
[83.618s][info][gc,phases   ] GC(369) Concurrent Mark 63.178ms
[83.618s][info][gc,phases   ] GC(369) Pause Mark End 0.023ms
[83.620s][info][gc,phases   ] GC(369) Concurrent Mark Free 0.001ms
[83.627s][info][gc,phases   ] GC(369) Concurrent Process Non-Strong References 7.125ms
[83.627s][info][gc,phases   ] GC(369) Concurrent Reset Relocation Set 0.062ms
[83.633s][info][gc,phases   ] GC(369) Concurrent Select Relocation Set 6.497ms
[83.634s][info][gc,phases   ] GC(369) Pause Relocate Start 0.009ms
[83.643s][info][gc,phases   ] GC(369) Concurrent Relocate 8.959ms
[83.643s][info][gc,load     ] GC(369) Load: 0.00/0.00/0.00
[83.643s][info][gc,mmu      ] GC(369) MMU: 2ms/98.1%, 5ms/99.2%, 10ms/99.5%, 20ms/99.8%, 50ms/99.8%, 100ms/99.9%
[83.643s][info][gc,marking  ] GC(369) Mark: 2 stripe(s), 2 proactive flush(es), 1 terminate flush(es), 0 completion(s), 0 continuation(s) 
[83.643s][info][gc,marking  ] GC(369) Mark Stack Usage: 32M
[83.643s][info][gc,nmethod  ] GC(369) NMethods: 4830 registered, 45 unregistered
[83.643s][info][gc,metaspace] GC(369) Metaspace: 71M used, 71M committed, 1088M reserved
[83.643s][info][gc,ref      ] GC(369) Soft: 3837 encountered, 0 discovered, 0 enqueued
[83.643s][info][gc,ref      ] GC(369) Weak: 11408 encountered, 1021 discovered, 0 enqueued
[83.643s][info][gc,ref      ] GC(369) Final: 289 encountered, 41 discovered, 0 enqueued
[83.643s][info][gc,ref      ] GC(369) Phantom: 425 encountered, 281 discovered, 0 enqueued
[83.643s][info][gc,reloc    ] GC(369) Small Pages: 499 / 998M, Empty: 622M, Relocated: 5M, In-Place: 0
[83.643s][info][gc,reloc    ] GC(369) Medium Pages: 0 / 0M, Empty: 0M, Relocated: 0M, In-Place: 0
[83.643s][info][gc,reloc    ] GC(369) Large Pages: 0 / 0M, Empty: 0M, Relocated: 0M, In-Place: 0
[83.643s][info][gc,reloc    ] GC(369) Forwarding Usage: 2M
[83.643s][info][gc,heap     ] GC(369) Min Capacity: 8M(0%)
[83.643s][info][gc,heap     ] GC(369) Max Capacity: 2048M(100%)
[83.643s][info][gc,heap     ] GC(369) Soft Max Capacity: 2048M(100%)
[83.643s][info][gc,heap     ] GC(369)                Mark Start          Mark End        Relocate Start      Relocate End           High               Low         
[83.643s][info][gc,heap     ] GC(369)  Capacity:     2048M (100%)       2048M (100%)       2048M (100%)       2048M (100%)       2048M (100%)       2048M (100%)   
[83.643s][info][gc,heap     ] GC(369)      Free:     1050M (51%)         746M (36%)        1296M (63%)        1580M (77%)        1600M (78%)         708M (35%)    
[83.643s][info][gc,heap     ] GC(369)      Used:      998M (49%)        1302M (64%)         752M (37%)         468M (23%)        1340M (65%)         448M (22%)    
[83.643s][info][gc,heap     ] GC(369)      Live:         -                52M (3%)           52M (3%)           52M (3%)             -                  -          
[83.643s][info][gc,heap     ] GC(369) Allocated:         -               304M (15%)         376M (18%)         402M (20%)            -                  -          
[83.643s][info][gc,heap     ] GC(369)   Garbage:         -               945M (46%)         323M (16%)          13M (1%)             -                  -          
[83.643s][info][gc,heap     ] GC(369) Reclaimed:         -                  -               622M (30%)         932M (46%)            -                  -          
[83.643s][info][gc          ] GC(369) Garbage Collection (Allocation Rate) 998M(49%)->468M(23%)
[83.755s][info][gc,start    ] GC(370) Garbage Collection (Allocation Rate)
[83.755s][info][gc,task     ] GC(370) Using 3 workers
[83.755s][info][gc,phases   ] GC(370) Pause Mark Start 0.011ms
[83.812s][info][gc,phases   ] GC(370) Concurrent Mark 56.244ms
[83.812s][info][gc,phases   ] GC(370) Pause Mark End 0.024ms
[83.813s][info][gc,phases   ] GC(370) Concurrent Mark Free 0.001ms
[83.820s][info][gc,phases   ] GC(370) Concurrent Process Non-Strong References 6.331ms
[83.820s][info][gc,phases   ] GC(370) Concurrent Reset Relocation Set 0.039ms
[83.830s][info][gc,phases   ] GC(370) Concurrent Select Relocation Set 9.742ms
[83.830s][info][gc,phases   ] GC(370) Pause Relocate Start 0.009ms
[83.838s][info][gc,phases   ] GC(370) Concurrent Relocate 7.828ms
[83.838s][info][gc,load     ] GC(370) Load: 0.00/0.00/0.00
[83.838s][info][gc,mmu      ] GC(370) MMU: 2ms/98.1%, 5ms/99.2%, 10ms/99.5%, 20ms/99.8%, 50ms/99.8%, 100ms/99.9%
[83.838s][info][gc,marking  ] GC(370) Mark: 2 stripe(s), 2 proactive flush(es), 1 terminate flush(es), 0 completion(s), 0 continuation(s) 
[83.838s][info][gc,marking  ] GC(370) Mark Stack Usage: 32M
[83.838s][info][gc,nmethod  ] GC(370) NMethods: 4833 registered, 45 unregistered
[83.838s][info][gc,metaspace] GC(370) Metaspace: 71M used, 71M committed, 1088M reserved
[83.838s][info][gc,ref      ] GC(370) Soft: 3837 encountered, 0 discovered, 0 enqueued
[83.838s][info][gc,ref      ] GC(370) Weak: 11408 encountered, 822 discovered, 0 enqueued
[83.838s][info][gc,ref      ] GC(370) Final: 289 encountered, 35 discovered, 0 enqueued
[83.838s][info][gc,ref      ] GC(370) Phantom: 425 encountered, 262 discovered, 0 enqueued
[83.838s][info][gc,reloc    ] GC(370) Small Pages: 517 / 1034M, Empty: 672M, Relocated: 5M, In-Place: 0
[83.839s][info][gc,reloc    ] GC(370) Medium Pages: 0 / 0M, Empty: 0M, Relocated: 0M, In-Place: 0
[83.839s][info][gc,reloc    ] GC(370) Large Pages: 0 / 0M, Empty: 0M, Relocated: 0M, In-Place: 0
[83.839s][info][gc,reloc    ] GC(370) Forwarding Usage: 2M
[83.839s][info][gc,heap     ] GC(370) Min Capacity: 8M(0%)
[83.839s][info][gc,heap     ] GC(370) Max Capacity: 2048M(100%)
[83.839s][info][gc,heap     ] GC(370) Soft Max Capacity: 2048M(100%)
[83.839s][info][gc,heap     ] GC(370)                Mark Start          Mark End        Relocate Start      Relocate End           High               Low         
[83.839s][info][gc,heap     ] GC(370)  Capacity:     2048M (100%)       2048M (100%)       2048M (100%)       2048M (100%)       2048M (100%)       2048M (100%)   
[83.839s][info][gc,heap     ] GC(370)      Free:     1014M (50%)         730M (36%)        1318M (64%)        1594M (78%)        1604M (78%)         692M (34%)    
[83.839s][info][gc,heap     ] GC(370)      Used:     1034M (50%)        1318M (64%)         730M (36%)         454M (22%)        1356M (66%)         444M (22%)    
[83.839s][info][gc,heap     ] GC(370)      Live:         -                52M (3%)           52M (3%)           52M (3%)             -                  -          
[83.839s][info][gc,heap     ] GC(370) Allocated:         -               284M (14%)         368M (18%)         388M (19%)            -                  -          
[83.839s][info][gc,heap     ] GC(370)   Garbage:         -               981M (48%)         309M (15%)          13M (1%)             -                  -          
[83.839s][info][gc,heap     ] GC(370) Reclaimed:         -                  -               672M (33%)         968M (47%)            -                  -          
[83.839s][info][gc          ] GC(370) Garbage Collection (Allocation Rate) 1034M(50%)->454M(22%)
[83.955s][info][gc,start    ] GC(371) Garbage Collection (Allocation Rate)
[83.955s][info][gc,task     ] GC(371) Using 3 workers
[83.955s][info][gc,phases   ] GC(371) Pause Mark Start 0.012ms
[84.031s][info][gc,phases   ] GC(371) Concurrent Mark 76.236ms
[84.032s][info][gc,phases   ] GC(371) Pause Mark End 0.026ms
[84.032s][info][gc,phases   ] GC(371) Concurrent Mark Free 0.001ms
[84.040s][info][gc,phases   ] GC(371) Concurrent Process Non-Strong References 8.442ms
[84.040s][info][gc,phases   ] GC(371) Concurrent Reset Relocation Set 0.049ms
[84.047s][info][gc,phases   ] GC(371) Concurrent Select Relocation Set 6.499ms
[84.047s][info][gc,phases   ] GC(371) Pause Relocate Start 0.009ms
[84.056s][info][gc,phases   ] GC(371) Concurrent Relocate 8.637ms
[84.056s][info][gc,load     ] GC(371) Load: 0.00/0.00/0.00
[84.056s][info][gc,mmu      ] GC(371) MMU: 2ms/98.1%, 5ms/99.2%, 10ms/99.5%, 20ms/99.8%, 50ms/99.8%, 100ms/99.9%
[84.056s][info][gc,marking  ] GC(371) Mark: 2 stripe(s), 2 proactive flush(es), 1 terminate flush(es), 0 completion(s), 0 continuation(s) 
[84.056s][info][gc,marking  ] GC(371) Mark Stack Usage: 32M
[84.056s][info][gc,nmethod  ] GC(371) NMethods: 4554 registered, 376 unregistered
[84.056s][info][gc,metaspace] GC(371) Metaspace: 71M used, 71M committed, 1088M reserved
[84.056s][info][gc,ref      ] GC(371) Soft: 3837 encountered, 0 discovered, 0 enqueued
[84.056s][info][gc,ref      ] GC(371) Weak: 11322 encountered, 2911 discovered, 19 enqueued
[84.056s][info][gc,ref      ] GC(371) Final: 289 encountered, 41 discovered, 0 enqueued
[84.056s][info][gc,ref      ] GC(371) Phantom: 425 encountered, 291 discovered, 0 enqueued
[84.056s][info][gc,reloc    ] GC(371) Small Pages: 517 / 1034M, Empty: 610M, Relocated: 5M, In-Place: 0
[84.056s][info][gc,reloc    ] GC(371) Medium Pages: 0 / 0M, Empty: 0M, Relocated: 0M, In-Place: 0
[84.056s][info][gc,reloc    ] GC(371) Large Pages: 0 / 0M, Empty: 0M, Relocated: 0M, In-Place: 0
[84.056s][info][gc,reloc    ] GC(371) Forwarding Usage: 2M
[84.056s][info][gc,heap     ] GC(371) Min Capacity: 8M(0%)
[84.056s][info][gc,heap     ] GC(371) Max Capacity: 2048M(100%)
[84.056s][info][gc,heap     ] GC(371) Soft Max Capacity: 2048M(100%)
[84.056s][info][gc,heap     ] GC(371)                Mark Start          Mark End        Relocate Start      Relocate End           High               Low         
[84.056s][info][gc,heap     ] GC(371)  Capacity:     2048M (100%)       2048M (100%)       2048M (100%)       2048M (100%)       2048M (100%)       2048M (100%)   
[84.057s][info][gc,heap     ] GC(371)      Free:     1014M (50%)         658M (32%)        1198M (58%)        1532M (75%)        1546M (75%)         616M (30%)    
[84.057s][info][gc,heap     ] GC(371)      Used:     1034M (50%)        1390M (68%)         850M (42%)         516M (25%)        1432M (70%)         502M (25%)    
[84.057s][info][gc,heap     ] GC(371)      Live:         -                51M (3%)           51M (3%)           51M (3%)             -                  -          
[84.057s][info][gc,heap     ] GC(371) Allocated:         -               356M (17%)         426M (21%)         448M (22%)            -                  -          
[84.057s][info][gc,heap     ] GC(371)   Garbage:         -               982M (48%)         372M (18%)          15M (1%)             -                  -          
[84.057s][info][gc,heap     ] GC(371) Reclaimed:         -                  -               610M (30%)         966M (47%)            -                  -          
[84.057s][info][gc          ] GC(371) Garbage Collection (Allocation Rate) 1034M(50%)->516M(25%)
[84.154s][info][gc,start    ] GC(372) Garbage Collection (Allocation Rate)
[84.154s][info][gc,task     ] GC(372) Using 3 workers
[84.154s][info][gc,phases   ] GC(372) Pause Mark Start 0.010ms
[84.230s][info][gc,phases   ] GC(372) Concurrent Mark 75.346ms
[84.230s][info][gc,phases   ] GC(372) Pause Mark End 0.021ms
[84.230s][info][gc,phases   ] GC(372) Concurrent Mark Free 0.002ms
[84.237s][info][gc,phases   ] GC(372) Concurrent Process Non-Strong References 6.821ms
[84.237s][info][gc,phases   ] GC(372) Concurrent Reset Relocation Set 0.052ms
[84.247s][info][gc,phases   ] GC(372) Concurrent Select Relocation Set 9.488ms
[84.247s][info][gc,phases   ] GC(372) Pause Relocate Start 0.009ms
[84.256s][info][gc,phases   ] GC(372) Concurrent Relocate 8.966ms
[84.256s][info][gc,load     ] GC(372) Load: 0.00/0.00/0.00
[84.256s][info][gc,mmu      ] GC(372) MMU: 2ms/98.1%, 5ms/99.2%, 10ms/99.5%, 20ms/99.8%, 50ms/99.8%, 100ms/99.9%
[84.256s][info][gc,marking  ] GC(372) Mark: 2 stripe(s), 2 proactive flush(es), 1 terminate flush(es), 0 completion(s), 0 continuation(s) 
[84.256s][info][gc,marking  ] GC(372) Mark Stack Usage: 32M
[84.256s][info][gc,nmethod  ] GC(372) NMethods: 4555 registered, 377 unregistered
[84.256s][info][gc,metaspace] GC(372) Metaspace: 71M used, 71M committed, 1088M reserved
[84.256s][info][gc,ref      ] GC(372) Soft: 3837 encountered, 0 discovered, 0 enqueued
[84.256s][info][gc,ref      ] GC(372) Weak: 11188 encountered, 2598 discovered, 30 enqueued
[84.257s][info][gc,ref      ] GC(372) Final: 289 encountered, 26 discovered, 0 enqueued
[84.257s][info][gc,ref      ] GC(372) Phantom: 425 encountered, 255 discovered, 0 enqueued
[84.257s][info][gc,reloc    ] GC(372) Small Pages: 499 / 998M, Empty: 674M, Relocated: 5M, In-Place: 0
[84.257s][info][gc,reloc    ] GC(372) Medium Pages: 0 / 0M, Empty: 0M, Relocated: 0M, In-Place: 0
[84.257s][info][gc,reloc    ] GC(372) Large Pages: 0 / 0M, Empty: 0M, Relocated: 0M, In-Place: 0
[84.257s][info][gc,reloc    ] GC(372) Forwarding Usage: 2M
[84.257s][info][gc,heap     ] GC(372) Min Capacity: 8M(0%)
[84.257s][info][gc,heap     ] GC(372) Max Capacity: 2048M(100%)
[84.257s][info][gc,heap     ] GC(372) Soft Max Capacity: 2048M(100%)
[84.257s][info][gc,heap     ] GC(372)                Mark Start          Mark End        Relocate Start      Relocate End           High               Low         
[84.257s][info][gc,heap     ] GC(372)  Capacity:     2048M (100%)       2048M (100%)       2048M (100%)       2048M (100%)       2048M (100%)       2048M (100%)   
[84.257s][info][gc,heap     ] GC(372)      Free:     1050M (51%)         696M (34%)        1292M (63%)        1524M (74%)        1542M (75%)         662M (32%)    
[84.257s][info][gc,heap     ] GC(372)      Used:      998M (49%)        1352M (66%)         756M (37%)         524M (26%)        1386M (68%)         506M (25%)    
[84.257s][info][gc,heap     ] GC(372)      Live:         -                51M (3%)           51M (3%)           51M (3%)             -                  -          
[84.257s][info][gc,heap     ] GC(372) Allocated:         -               354M (17%)         432M (21%)         458M (22%)            -                  -          
[84.257s][info][gc,heap     ] GC(372)   Garbage:         -               946M (46%)         272M (13%)          13M (1%)             -                  -          
[84.257s][info][gc,heap     ] GC(372) Reclaimed:         -                  -               674M (33%)         932M (46%)            -                  -          
[84.257s][info][gc          ] GC(372) Garbage Collection (Allocation Rate) 998M(49%)->524M(26%)
[84.354s][info][gc,start    ] GC(373) Garbage Collection (Allocation Rate)
[84.354s][info][gc,task     ] GC(373) Using 3 workers
[84.354s][info][gc,phases   ] GC(373) Pause Mark Start 0.010ms
[84.414s][info][gc,phases   ] GC(373) Concurrent Mark 60.408ms
[84.415s][info][gc,phases   ] GC(373) Pause Mark End 0.020ms
[84.415s][info][gc,phases   ] GC(373) Concurrent Mark Free 0.001ms
[84.421s][info][gc,phases   ] GC(373) Concurrent Process Non-Strong References 6.627ms
[84.422s][info][gc,phases   ] GC(373) Concurrent Reset Relocation Set 0.036ms
[84.428s][info][gc,phases   ] GC(373) Concurrent Select Relocation Set 5.902ms
[84.428s][info][gc,phases   ] GC(373) Pause Relocate Start 0.008ms
[84.436s][info][gc,phases   ] GC(373) Concurrent Relocate 8.550ms
[84.437s][info][gc,load     ] GC(373) Load: 0.00/0.00/0.00
[84.437s][info][gc,mmu      ] GC(373) MMU: 2ms/98.1%, 5ms/99.2%, 10ms/99.5%, 20ms/99.8%, 50ms/99.8%, 100ms/99.9%
[84.437s][info][gc,marking  ] GC(373) Mark: 2 stripe(s), 2 proactive flush(es), 1 terminate flush(es), 0 completion(s), 0 continuation(s) 
[84.437s][info][gc,marking  ] GC(373) Mark Stack Usage: 32M
[84.437s][info][gc,nmethod  ] GC(373) NMethods: 4555 registered, 377 unregistered
[84.437s][info][gc,metaspace] GC(373) Metaspace: 71M used, 71M committed, 1088M reserved
[84.437s][info][gc,ref      ] GC(373) Soft: 3837 encountered, 0 discovered, 0 enqueued
[84.437s][info][gc,ref      ] GC(373) Weak: 10988 encountered, 988 discovered, 42 enqueued
[84.437s][info][gc,ref      ] GC(373) Final: 289 encountered, 37 discovered, 0 enqueued
[84.437s][info][gc,ref      ] GC(373) Phantom: 425 encountered, 315 discovered, 0 enqueued
[84.437s][info][gc,reloc    ] GC(373) Small Pages: 495 / 990M, Empty: 618M, Relocated: 4M, In-Place: 0
[84.437s][info][gc,reloc    ] GC(373) Medium Pages: 0 / 0M, Empty: 0M, Relocated: 0M, In-Place: 0
[84.437s][info][gc,reloc    ] GC(373) Large Pages: 0 / 0M, Empty: 0M, Relocated: 0M, In-Place: 0
[84.437s][info][gc,reloc    ] GC(373) Forwarding Usage: 1M
[84.437s][info][gc,heap     ] GC(373) Min Capacity: 8M(0%)
[84.437s][info][gc,heap     ] GC(373) Max Capacity: 2048M(100%)
[84.437s][info][gc,heap     ] GC(373) Soft Max Capacity: 2048M(100%)
[84.437s][info][gc,heap     ] GC(373)                Mark Start          Mark End        Relocate Start      Relocate End           High               Low         
[84.437s][info][gc,heap     ] GC(373)  Capacity:     2048M (100%)       2048M (100%)       2048M (100%)       2048M (100%)       2048M (100%)       2048M (100%)   
[84.437s][info][gc,heap     ] GC(373)      Free:     1058M (52%)         788M (38%)        1346M (66%)        1628M (79%)        1646M (80%)         758M (37%)    
[84.437s][info][gc,heap     ] GC(373)      Used:      990M (48%)        1260M (62%)         702M (34%)         420M (21%)        1290M (63%)         402M (20%)    
[84.437s][info][gc,heap     ] GC(373)      Live:         -                51M (3%)           51M (3%)           51M (3%)             -                  -          
[84.437s][info][gc,heap     ] GC(373) Allocated:         -               270M (13%)         330M (16%)         354M (17%)            -                  -          
[84.437s][info][gc,heap     ] GC(373)   Garbage:         -               938M (46%)         320M (16%)          13M (1%)             -                  -          
[84.437s][info][gc,heap     ] GC(373) Reclaimed:         -                  -               618M (30%)         924M (45%)            -                  -          
[84.437s][info][gc          ] GC(373) Garbage Collection (Allocation Rate) 990M(48%)->420M(21%)
[84.555s][info][gc,start    ] GC(374) Garbage Collection (Allocation Rate)
[84.555s][info][gc,task     ] GC(374) Using 3 workers
[84.555s][info][gc,phases   ] GC(374) Pause Mark Start 0.009ms
[84.623s][info][gc,phases   ] GC(374) Concurrent Mark 68.161ms
[84.623s][info][gc,phases   ] GC(374) Pause Mark End 0.026ms
[84.623s][info][gc,phases   ] GC(374) Concurrent Mark Free 0.001ms
[84.629s][info][gc,phases   ] GC(374) Concurrent Process Non-Strong References 6.097ms
[84.630s][info][gc,phases   ] GC(374) Concurrent Reset Relocation Set 0.033ms
[84.634s][info][gc,phases   ] GC(374) Concurrent Select Relocation Set 4.621ms
[84.634s][info][gc,phases   ] GC(374) Pause Relocate Start 0.007ms
[84.638s][info][gc,phases   ] GC(374) Concurrent Relocate 3.662ms
[84.638s][info][gc,load     ] GC(374) Load: 0.00/0.00/0.00
[84.638s][info][gc,mmu      ] GC(374) MMU: 2ms/98.1%, 5ms/99.2%, 10ms/99.5%, 20ms/99.8%, 50ms/99.8%, 100ms/99.9%
[84.638s][info][gc,marking  ] GC(374) Mark: 2 stripe(s), 2 proactive flush(es), 1 terminate flush(es), 0 completion(s), 0 continuation(s) 
[84.638s][info][gc,marking  ] GC(374) Mark Stack Usage: 32M
[84.638s][info][gc,nmethod  ] GC(374) NMethods: 4555 registered, 377 unregistered
[84.638s][info][gc,metaspace] GC(374) Metaspace: 71M used, 71M committed, 1088M reserved
[84.638s][info][gc,ref      ] GC(374) Soft: 3837 encountered, 0 discovered, 0 enqueued
[84.638s][info][gc,ref      ] GC(374) Weak: 10794 encountered, 713 discovered, 30 enqueued
[84.638s][info][gc,ref      ] GC(374) Final: 289 encountered, 18 discovered, 0 enqueued
[84.638s][info][gc,ref      ] GC(374) Phantom: 425 encountered, 261 discovered, 0 enqueued
[84.638s][info][gc,reloc    ] GC(374) Small Pages: 470 / 940M, Empty: 684M, Relocated: 3M, In-Place: 0
[84.638s][info][gc,reloc    ] GC(374) Medium Pages: 0 / 0M, Empty: 0M, Relocated: 0M, In-Place: 0
[84.638s][info][gc,reloc    ] GC(374) Large Pages: 0 / 0M, Empty: 0M, Relocated: 0M, In-Place: 0
[84.638s][info][gc,reloc    ] GC(374) Forwarding Usage: 1M
[84.638s][info][gc,heap     ] GC(374) Min Capacity: 8M(0%)
[84.638s][info][gc,heap     ] GC(374) Max Capacity: 2048M(100%)
[84.638s][info][gc,heap     ] GC(374) Soft Max Capacity: 2048M(100%)
[84.638s][info][gc,heap     ] GC(374)                Mark Start          Mark End        Relocate Start      Relocate End           High               Low         
[84.638s][info][gc,heap     ] GC(374)  Capacity:     2048M (100%)       2048M (100%)       2048M (100%)       2048M (100%)       2048M (100%)       2048M (100%)   
[84.639s][info][gc,heap     ] GC(374)      Free:     1108M (54%)         836M (41%)        1468M (72%)        1656M (81%)        1656M (81%)         810M (40%)    
[84.639s][info][gc,heap     ] GC(374)      Used:      940M (46%)        1212M (59%)         580M (28%)         392M (19%)        1238M (60%)         392M (19%)    
[84.639s][info][gc,heap     ] GC(374)      Live:         -                51M (2%)           51M (2%)           51M (2%)             -                  -          
[84.639s][info][gc,heap     ] GC(374) Allocated:         -               272M (13%)         324M (16%)         325M (16%)            -                  -          
[84.639s][info][gc,heap     ] GC(374)   Garbage:         -               888M (43%)         204M (10%)          15M (1%)             -                  -          
[84.639s][info][gc,heap     ] GC(374) Reclaimed:         -                  -               684M (33%)         873M (43%)            -                  -          
[84.639s][info][gc          ] GC(374) Garbage Collection (Allocation Rate) 940M(46%)->392M(19%)
[84.759s][info][gc,start    ] GC(375) Garbage Collection (Allocation Rate)
[84.759s][info][gc,task     ] GC(375) Using 3 workers
[84.759s][info][gc,phases   ] GC(375) Pause Mark Start 0.013ms
[84.823s][info][gc,phases   ] GC(375) Concurrent Mark 63.177ms
[84.823s][info][gc,phases   ] GC(375) Pause Mark End 0.018ms
[84.823s][info][gc,phases   ] GC(375) Concurrent Mark Free 0.001ms
[84.829s][info][gc,phases   ] GC(375) Concurrent Process Non-Strong References 5.680ms
[84.829s][info][gc,phases   ] GC(375) Concurrent Reset Relocation Set 0.021ms
[84.836s][info][gc,phases   ] GC(375) Concurrent Select Relocation Set 6.777ms
[84.836s][info][gc,phases   ] GC(375) Pause Relocate Start 0.007ms
[84.843s][info][gc,phases   ] GC(375) Concurrent Relocate 6.954ms
[84.843s][info][gc,load     ] GC(375) Load: 0.00/0.00/0.00
[84.843s][info][gc,mmu      ] GC(375) MMU: 2ms/98.1%, 5ms/99.2%, 10ms/99.5%, 20ms/99.8%, 50ms/99.8%, 100ms/99.9%
[84.843s][info][gc,marking  ] GC(375) Mark: 2 stripe(s), 2 proactive flush(es), 1 terminate flush(es), 0 completion(s), 0 continuation(s) 
[84.843s][info][gc,marking  ] GC(375) Mark Stack Usage: 32M
[84.843s][info][gc,nmethod  ] GC(375) NMethods: 4556 registered, 378 unregistered
[84.843s][info][gc,metaspace] GC(375) Metaspace: 71M used, 71M committed, 1088M reserved
[84.843s][info][gc,ref      ] GC(375) Soft: 3837 encountered, 0 discovered, 0 enqueued
[84.843s][info][gc,ref      ] GC(375) Weak: 10654 encountered, 567 discovered, 30 enqueued
[84.843s][info][gc,ref      ] GC(375) Final: 289 encountered, 56 discovered, 0 enqueued
[84.843s][info][gc,ref      ] GC(375) Phantom: 425 encountered, 205 discovered, 0 enqueued
[84.843s][info][gc,reloc    ] GC(375) Small Pages: 426 / 852M, Empty: 602M, Relocated: 6M, In-Place: 0
[84.843s][info][gc,reloc    ] GC(375) Medium Pages: 0 / 0M, Empty: 0M, Relocated: 0M, In-Place: 0
[84.843s][info][gc,reloc    ] GC(375) Large Pages: 0 / 0M, Empty: 0M, Relocated: 0M, In-Place: 0
[84.843s][info][gc,reloc    ] GC(375) Forwarding Usage: 2M
[84.843s][info][gc,heap     ] GC(375) Min Capacity: 8M(0%)
[84.843s][info][gc,heap     ] GC(375) Max Capacity: 2048M(100%)
[84.843s][info][gc,heap     ] GC(375) Soft Max Capacity: 2048M(100%)
[84.843s][info][gc,heap     ] GC(375)                Mark Start          Mark End        Relocate Start      Relocate End           High               Low         
[84.843s][info][gc,heap     ] GC(375)  Capacity:     2048M (100%)       2048M (100%)       2048M (100%)       2048M (100%)       2048M (100%)       2048M (100%)   
[84.843s][info][gc,heap     ] GC(375)      Free:     1196M (58%)         972M (47%)        1528M (75%)        1700M (83%)        1708M (83%)         948M (46%)    
[84.843s][info][gc,heap     ] GC(375)      Used:      852M (42%)        1076M (53%)         520M (25%)         348M (17%)        1100M (54%)         340M (17%)    
[84.843s][info][gc,heap     ] GC(375)      Live:         -                50M (2%)           50M (2%)           50M (2%)             -                  -          
[84.843s][info][gc,heap     ] GC(375) Allocated:         -               224M (11%)         270M (13%)         285M (14%)            -                  -          
[84.843s][info][gc,heap     ] GC(375)   Garbage:         -               801M (39%)         199M (10%)          12M (1%)             -                  -          
[84.843s][info][gc,heap     ] GC(375) Reclaimed:         -                  -               602M (29%)         789M (39%)            -                  -          
[84.843s][info][gc          ] GC(375) Garbage Collection (Allocation Rate) 852M(42%)->348M(17%)
[84.954s][info][gc,start    ] GC(376) Garbage Collection (Allocation Rate)
[84.954s][info][gc,task     ] GC(376) Using 3 workers
[84.954s][info][gc,phases   ] GC(376) Pause Mark Start 0.009ms
[85.002s][info][gc,phases   ] GC(376) Concurrent Mark 47.389ms
[85.002s][info][gc,phases   ] GC(376) Pause Mark End 0.023ms
[85.002s][info][gc,phases   ] GC(376) Concurrent Mark Free 0.001ms
[85.007s][info][gc,phases   ] GC(376) Concurrent Process Non-Strong References 4.859ms
[85.007s][info][gc,phases   ] GC(376) Concurrent Reset Relocation Set 0.016ms
[85.010s][info][gc,phases   ] GC(376) Concurrent Select Relocation Set 3.229ms
[85.010s][info][gc,phases   ] GC(376) Pause Relocate Start 0.008ms
[85.015s][info][gc,phases   ] GC(376) Concurrent Relocate 4.929ms
[85.015s][info][gc,load     ] GC(376) Load: 0.00/0.00/0.00
[85.015s][info][gc,mmu      ] GC(376) MMU: 2ms/98.1%, 5ms/99.2%, 10ms/99.5%, 20ms/99.8%, 50ms/99.8%, 100ms/99.9%
[85.015s][info][gc,marking  ] GC(376) Mark: 2 stripe(s), 2 proactive flush(es), 1 terminate flush(es), 0 completion(s), 0 continuation(s) 
[85.015s][info][gc,marking  ] GC(376) Mark Stack Usage: 32M
[85.015s][info][gc,nmethod  ] GC(376) NMethods: 4556 registered, 379 unregistered
[85.015s][info][gc,metaspace] GC(376) Metaspace: 71M used, 71M committed, 1088M reserved
[85.015s][info][gc,ref      ] GC(376) Soft: 3837 encountered, 0 discovered, 0 enqueued
[85.015s][info][gc,ref      ] GC(376) Weak: 10497 encountered, 819 discovered, 30 enqueued
[85.015s][info][gc,ref      ] GC(376) Final: 289 encountered, 41 discovered, 0 enqueued
[85.015s][info][gc,ref      ] GC(376) Phantom: 425 encountered, 201 discovered, 0 enqueued
[85.015s][info][gc,reloc    ] GC(376) Small Pages: 358 / 716M, Empty: 472M, Relocated: 3M, In-Place: 0
[85.015s][info][gc,reloc    ] GC(376) Medium Pages: 0 / 0M, Empty: 0M, Relocated: 0M, In-Place: 0
[85.015s][info][gc,reloc    ] GC(376) Large Pages: 0 / 0M, Empty: 0M, Relocated: 0M, In-Place: 0
[85.015s][info][gc,reloc    ] GC(376) Forwarding Usage: 1M
[85.015s][info][gc,heap     ] GC(376) Min Capacity: 8M(0%)
[85.015s][info][gc,heap     ] GC(376) Max Capacity: 2048M(100%)
[85.015s][info][gc,heap     ] GC(376) Soft Max Capacity: 2048M(100%)
[85.015s][info][gc,heap     ] GC(376)                Mark Start          Mark End        Relocate Start      Relocate End           High               Low         
[85.015s][info][gc,heap     ] GC(376)  Capacity:     2048M (100%)       2048M (100%)       2048M (100%)       2048M (100%)       2048M (100%)       2048M (100%)   
[85.016s][info][gc,heap     ] GC(376)      Free:     1332M (65%)        1196M (58%)        1646M (80%)        1814M (89%)        1820M (89%)        1180M (58%)    
[85.016s][info][gc,heap     ] GC(376)      Used:      716M (35%)         852M (42%)         402M (20%)         234M (11%)         868M (42%)         228M (11%)    
[85.016s][info][gc,heap     ] GC(376)      Live:         -                50M (2%)           50M (2%)           50M (2%)             -                  -          
[85.016s][info][gc,heap     ] GC(376) Allocated:         -               136M (7%)          158M (8%)          169M (8%)             -                  -          
[85.016s][info][gc,heap     ] GC(376)   Garbage:         -               665M (33%)         193M (9%)           14M (1%)             -                  -          
[85.016s][info][gc,heap     ] GC(376) Reclaimed:         -                  -               472M (23%)         651M (32%)            -                  -          
[85.016s][info][gc          ] GC(376) Garbage Collection (Allocation Rate) 716M(35%)->234M(11%)
[85.154s][info][gc,start    ] GC(377) Garbage Collection (Allocation Rate)
[85.154s][info][gc,task     ] GC(377) Using 3 workers
[85.154s][info][gc,phases   ] GC(377) Pause Mark Start 0.010ms
[85.199s][info][gc,phases   ] GC(377) Concurrent Mark 44.347ms
[85.199s][info][gc,phases   ] GC(377) Pause Mark End 0.021ms
[85.199s][info][gc,phases   ] GC(377) Concurrent Mark Free 0.001ms
[85.203s][info][gc,phases   ] GC(377) Concurrent Process Non-Strong References 4.203ms
[85.203s][info][gc,phases   ] GC(377) Concurrent Reset Relocation Set 0.015ms
[85.206s][info][gc,phases   ] GC(377) Concurrent Select Relocation Set 2.811ms
[85.206s][info][gc,phases   ] GC(377) Pause Relocate Start 0.007ms
[85.210s][info][gc,phases   ] GC(377) Concurrent Relocate 3.545ms
[85.210s][info][gc,load     ] GC(377) Load: 0.00/0.00/0.00
[85.210s][info][gc,mmu      ] GC(377) MMU: 2ms/98.1%, 5ms/99.2%, 10ms/99.5%, 20ms/99.8%, 50ms/99.8%, 100ms/99.9%
[85.210s][info][gc,marking  ] GC(377) Mark: 2 stripe(s), 2 proactive flush(es), 1 terminate flush(es), 0 completion(s), 0 continuation(s) 
[85.210s][info][gc,marking  ] GC(377) Mark Stack Usage: 32M
[85.210s][info][gc,nmethod  ] GC(377) NMethods: 4556 registered, 379 unregistered
[85.210s][info][gc,metaspace] GC(377) Metaspace: 71M used, 71M committed, 1088M reserved
[85.210s][info][gc,ref      ] GC(377) Soft: 3837 encountered, 0 discovered, 0 enqueued
[85.210s][info][gc,ref      ] GC(377) Weak: 10408 encountered, 638 discovered, 18 enqueued
[85.210s][info][gc,ref      ] GC(377) Final: 289 encountered, 42 discovered, 0 enqueued
[85.210s][info][gc,ref      ] GC(377) Phantom: 425 encountered, 277 discovered, 0 enqueued
[85.210s][info][gc,reloc    ] GC(377) Small Pages: 321 / 642M, Empty: 448M, Relocated: 3M, In-Place: 0
[85.210s][info][gc,reloc    ] GC(377) Medium Pages: 0 / 0M, Empty: 0M, Relocated: 0M, In-Place: 0
[85.210s][info][gc,reloc    ] GC(377) Large Pages: 0 / 0M, Empty: 0M, Relocated: 0M, In-Place: 0
[85.210s][info][gc,reloc    ] GC(377) Forwarding Usage: 1M
[85.210s][info][gc,heap     ] GC(377) Min Capacity: 8M(0%)
[85.210s][info][gc,heap     ] GC(377) Max Capacity: 2048M(100%)
[85.210s][info][gc,heap     ] GC(377) Soft Max Capacity: 2048M(100%)
[85.210s][info][gc,heap     ] GC(377)                Mark Start          Mark End        Relocate Start      Relocate End           High               Low         
[85.210s][info][gc,heap     ] GC(377)  Capacity:     2048M (100%)       2048M (100%)       2048M (100%)       2048M (100%)       2048M (100%)       2048M (100%)   
[85.210s][info][gc,heap     ] GC(377)      Free:     1406M (69%)        1292M (63%)        1722M (84%)        1846M (90%)        1848M (90%)        1280M (63%)    
[85.210s][info][gc,heap     ] GC(377)      Used:      642M (31%)         756M (37%)         326M (16%)         202M (10%)         768M (38%)         200M (10%)    
[85.210s][info][gc,heap     ] GC(377)      Live:         -                50M (2%)           50M (2%)           50M (2%)             -                  -          
[85.210s][info][gc,heap     ] GC(377) Allocated:         -               114M (6%)          132M (6%)          137M (7%)             -                  -          
[85.210s][info][gc,heap     ] GC(377)   Garbage:         -               591M (29%)         143M (7%)           14M (1%)             -                  -          
[85.210s][info][gc,heap     ] GC(377) Reclaimed:         -                  -               448M (22%)         577M (28%)            -                  -          
[85.210s][info][gc          ] GC(377) Garbage Collection (Allocation Rate) 642M(31%)->202M(10%)
[85.360s][info][gc,start    ] GC(378) Garbage Collection (Allocation Rate)
[85.360s][info][gc,task     ] GC(378) Using 2 workers
[85.360s][info][gc,phases   ] GC(378) Pause Mark Start 0.011ms
[85.406s][info][gc,phases   ] GC(378) Concurrent Mark 46.743ms
[85.407s][info][gc,phases   ] GC(378) Pause Mark End 0.020ms
[85.407s][info][gc,phases   ] GC(378) Concurrent Mark Free 0.000ms
[85.412s][info][gc,phases   ] GC(378) Concurrent Process Non-Strong References 5.378ms
[85.412s][info][gc,phases   ] GC(378) Concurrent Reset Relocation Set 0.008ms
[85.415s][info][gc,phases   ] GC(378) Concurrent Select Relocation Set 2.707ms
[85.415s][info][gc,phases   ] GC(378) Pause Relocate Start 0.007ms
[85.417s][info][gc,phases   ] GC(378) Concurrent Relocate 2.240ms
[85.417s][info][gc,load     ] GC(378) Load: 0.00/0.00/0.00
[85.417s][info][gc,mmu      ] GC(378) MMU: 2ms/98.1%, 5ms/99.2%, 10ms/99.5%, 20ms/99.8%, 50ms/99.8%, 100ms/99.9%
[85.417s][info][gc,marking  ] GC(378) Mark: 2 stripe(s), 2 proactive flush(es), 1 terminate flush(es), 0 completion(s), 0 continuation(s) 
[85.417s][info][gc,marking  ] GC(378) Mark Stack Usage: 32M
[85.417s][info][gc,nmethod  ] GC(378) NMethods: 4557 registered, 379 unregistered
[85.417s][info][gc,metaspace] GC(378) Metaspace: 71M used, 71M committed, 1088M reserved
[85.417s][info][gc,ref      ] GC(378) Soft: 3837 encountered, 0 discovered, 0 enqueued
[85.417s][info][gc,ref      ] GC(378) Weak: 10241 encountered, 714 discovered, 37 enqueued
[85.417s][info][gc,ref      ] GC(378) Final: 289 encountered, 25 discovered, 0 enqueued
[85.417s][info][gc,ref      ] GC(378) Phantom: 425 encountered, 224 discovered, 0 enqueued
[85.417s][info][gc,reloc    ] GC(378) Small Pages: 269 / 538M, Empty: 312M, Relocated: 1M, In-Place: 0
[85.417s][info][gc,reloc    ] GC(378) Medium Pages: 0 / 0M, Empty: 0M, Relocated: 0M, In-Place: 0
[85.417s][info][gc,reloc    ] GC(378) Large Pages: 0 / 0M, Empty: 0M, Relocated: 0M, In-Place: 0
[85.417s][info][gc,reloc    ] GC(378) Forwarding Usage: 0M
[85.417s][info][gc,heap     ] GC(378) Min Capacity: 8M(0%)
[85.417s][info][gc,heap     ] GC(378) Max Capacity: 2048M(100%)
[85.417s][info][gc,heap     ] GC(378) Soft Max Capacity: 2048M(100%)
[85.417s][info][gc,heap     ] GC(378)                Mark Start          Mark End        Relocate Start      Relocate End           High               Low         
[85.418s][info][gc,heap     ] GC(378)  Capacity:     2048M (100%)       2048M (100%)       2048M (100%)       2048M (100%)       2048M (100%)       2048M (100%)   
[85.418s][info][gc,heap     ] GC(378)      Free:     1510M (74%)        1416M (69%)        1710M (83%)        1872M (91%)        1872M (91%)        1406M (69%)    
[85.418s][info][gc,heap     ] GC(378)      Used:      538M (26%)         632M (31%)         338M (17%)         176M (9%)          642M (31%)         176M (9%)     
[85.418s][info][gc,heap     ] GC(378)      Live:         -                49M (2%)           49M (2%)           49M (2%)             -                  -          
[85.418s][info][gc,heap     ] GC(378) Allocated:         -                94M (5%)          112M (5%)          111M (5%)             -                  -          
[85.418s][info][gc,heap     ] GC(378)   Garbage:         -               488M (24%)         176M (9%)           14M (1%)             -                  -          
[85.418s][info][gc,heap     ] GC(378) Reclaimed:         -                  -               312M (15%)         473M (23%)            -                  -          
[85.418s][info][gc          ] GC(378) Garbage Collection (Allocation Rate) 538M(26%)->176M(9%)
[85.460s][info][gc,start    ] GC(379) Garbage Collection (Allocation Rate)
[85.460s][info][gc,task     ] GC(379) Using 2 workers
[85.460s][info][gc,phases   ] GC(379) Pause Mark Start 0.010ms
[85.517s][info][gc,phases   ] GC(379) Concurrent Mark 57.134ms
[85.540s][info][gc,phases   ] GC(379) Pause Mark End 0.023ms
[85.540s][info][gc,phases   ] GC(379) Concurrent Mark Free 0.001ms
[85.545s][info][gc,phases   ] GC(379) Concurrent Process Non-Strong References 5.207ms
[85.545s][info][gc,phases   ] GC(379) Concurrent Reset Relocation Set 0.011ms
[85.548s][info][gc,phases   ] GC(379) Concurrent Select Relocation Set 2.390ms
[85.548s][info][gc,phases   ] GC(379) Pause Relocate Start 0.008ms
[85.550s][info][gc,phases   ] GC(379) Concurrent Relocate 1.959ms
[85.550s][info][gc,load     ] GC(379) Load: 0.00/0.00/0.00
[85.550s][info][gc,mmu      ] GC(379) MMU: 2ms/98.1%, 5ms/99.2%, 10ms/99.5%, 20ms/99.8%, 50ms/99.8%, 100ms/99.9%
[85.550s][info][gc,marking  ] GC(379) Mark: 2 stripe(s), 2 proactive flush(es), 1 terminate flush(es), 0 completion(s), 0 continuation(s) 
[85.550s][info][gc,marking  ] GC(379) Mark Stack Usage: 32M
[85.550s][info][gc,nmethod  ] GC(379) NMethods: 4557 registered, 379 unregistered
[85.550s][info][gc,metaspace] GC(379) Metaspace: 71M used, 71M committed, 1088M reserved
[85.550s][info][gc,ref      ] GC(379) Soft: 3837 encountered, 0 discovered, 0 enqueued
[85.550s][info][gc,ref      ] GC(379) Weak: 10204 encountered, 1355 discovered, 0 enqueued
[85.550s][info][gc,ref      ] GC(379) Final: 289 encountered, 23 discovered, 0 enqueued
[85.550s][info][gc,ref      ] GC(379) Phantom: 425 encountered, 232 discovered, 0 enqueued
[85.550s][info][gc,reloc    ] GC(379) Small Pages: 134 / 268M, Empty: 166M, Relocated: 1M, In-Place: 0
[85.550s][info][gc,reloc    ] GC(379) Medium Pages: 0 / 0M, Empty: 0M, Relocated: 0M, In-Place: 0
[85.550s][info][gc,reloc    ] GC(379) Large Pages: 0 / 0M, Empty: 0M, Relocated: 0M, In-Place: 0
[85.550s][info][gc,reloc    ] GC(379) Forwarding Usage: 0M
[85.550s][info][gc,heap     ] GC(379) Min Capacity: 8M(0%)
[85.550s][info][gc,heap     ] GC(379) Max Capacity: 2048M(100%)
[85.550s][info][gc,heap     ] GC(379) Soft Max Capacity: 2048M(100%)
[85.550s][info][gc,heap     ] GC(379)                Mark Start          Mark End        Relocate Start      Relocate End           High               Low         
[85.550s][info][gc,heap     ] GC(379)  Capacity:     2048M (100%)       2048M (100%)       2048M (100%)       2048M (100%)       2048M (100%)       2048M (100%)   
[85.550s][info][gc,heap     ] GC(379)      Free:     1780M (87%)        1616M (79%)        1766M (86%)        1802M (88%)        1802M (88%)        1606M (78%)    
[85.550s][info][gc,heap     ] GC(379)      Used:      268M (13%)         432M (21%)         282M (14%)         246M (12%)         442M (22%)         246M (12%)    
[85.550s][info][gc,heap     ] GC(379)      Live:         -                49M (2%)           49M (2%)           49M (2%)             -                  -          
[85.550s][info][gc,heap     ] GC(379) Allocated:         -               164M (8%)          180M (9%)          181M (9%)             -                  -          
[85.550s][info][gc,heap     ] GC(379)   Garbage:         -               218M (11%)          52M (3%)           14M (1%)             -                  -          
[85.550s][info][gc,heap     ] GC(379) Reclaimed:         -                  -               166M (8%)          203M (10%)            -                  -          
[85.550s][info][gc          ] GC(379) Garbage Collection (Allocation Rate) 268M(13%)->246M(12%)
[85.554s][info][gc,start    ] GC(380) Garbage Collection (Allocation Rate)
[85.554s][info][gc,task     ] GC(380) Using 6 workers
[85.554s][info][gc,phases   ] GC(380) Pause Mark Start 0.009ms
[85.575s][info][gc,phases   ] GC(380) Concurrent Mark 20.686ms
[85.575s][info][gc,phases   ] GC(380) Pause Mark End 0.018ms
[85.575s][info][gc,phases   ] GC(380) Concurrent Mark Free 0.001ms
[85.577s][info][gc,phases   ] GC(380) Concurrent Process Non-Strong References 2.027ms
[85.577s][info][gc,phases   ] GC(380) Concurrent Reset Relocation Set 0.004ms
[85.579s][info][gc,phases   ] GC(380) Concurrent Select Relocation Set 2.332ms
[85.579s][info][gc,phases   ] GC(380) Pause Relocate Start 0.008ms
[85.581s][info][gc,phases   ] GC(380) Concurrent Relocate 1.471ms
[85.581s][info][gc,load     ] GC(380) Load: 0.00/0.00/0.00
[85.581s][info][gc,mmu      ] GC(380) MMU: 2ms/98.1%, 5ms/99.2%, 10ms/99.5%, 20ms/99.8%, 50ms/99.8%, 100ms/99.9%
[85.581s][info][gc,marking  ] GC(380) Mark: 4 stripe(s), 2 proactive flush(es), 1 terminate flush(es), 0 completion(s), 0 continuation(s) 
[85.581s][info][gc,marking  ] GC(380) Mark Stack Usage: 32M
[85.581s][info][gc,nmethod  ] GC(380) NMethods: 4557 registered, 379 unregistered
[85.581s][info][gc,metaspace] GC(380) Metaspace: 71M used, 71M committed, 1088M reserved
[85.581s][info][gc,ref      ] GC(380) Soft: 3837 encountered, 0 discovered, 0 enqueued
[85.581s][info][gc,ref      ] GC(380) Weak: 10204 encountered, 561 discovered, 0 enqueued
[85.581s][info][gc,ref      ] GC(380) Final: 289 encountered, 43 discovered, 0 enqueued
[85.581s][info][gc,ref      ] GC(380) Phantom: 425 encountered, 261 discovered, 0 enqueued
[85.581s][info][gc,reloc    ] GC(380) Small Pages: 128 / 256M, Empty: 156M, Relocated: 1M, In-Place: 0
[85.581s][info][gc,reloc    ] GC(380) Medium Pages: 0 / 0M, Empty: 0M, Relocated: 0M, In-Place: 0
[85.581s][info][gc,reloc    ] GC(380) Large Pages: 0 / 0M, Empty: 0M, Relocated: 0M, In-Place: 0
[85.581s][info][gc,reloc    ] GC(380) Forwarding Usage: 0M
[85.581s][info][gc,heap     ] GC(380) Min Capacity: 8M(0%)
[85.581s][info][gc,heap     ] GC(380) Max Capacity: 2048M(100%)
[85.581s][info][gc,heap     ] GC(380) Soft Max Capacity: 2048M(100%)
[85.581s][info][gc,heap     ] GC(380)                Mark Start          Mark End        Relocate Start      Relocate End           High               Low         
[85.581s][info][gc,heap     ] GC(380)  Capacity:     2048M (100%)       2048M (100%)       2048M (100%)       2048M (100%)       2048M (100%)       2048M (100%)   
[85.581s][info][gc,heap     ] GC(380)      Free:     1792M (88%)        1750M (85%)        1898M (93%)        1924M (94%)        1924M (94%)        1746M (85%)    
[85.581s][info][gc,heap     ] GC(380)      Used:      256M (13%)         298M (15%)         150M (7%)          124M (6%)          302M (15%)         124M (6%)     
[85.581s][info][gc,heap     ] GC(380)      Live:         -                49M (2%)           49M (2%)           49M (2%)             -                  -          
[85.581s][info][gc,heap     ] GC(380) Allocated:         -                42M (2%)           50M (2%)           51M (3%)             -                  -          
[85.581s][info][gc,heap     ] GC(380)   Garbage:         -               206M (10%)          50M (2%)           22M (1%)             -                  -          
[85.581s][info][gc,heap     ] GC(380) Reclaimed:         -                  -               156M (8%)          183M (9%)             -                  -          
[85.581s][info][gc          ] GC(380) Garbage Collection (Allocation Rate) 256M(13%)->124M(6%)
[85.860s][info][gc,start    ] GC(381) Garbage Collection (Allocation Rate)
[85.860s][info][gc,task     ] GC(381) Using 6 workers
[85.860s][info][gc,phases   ] GC(381) Pause Mark Start 0.010ms
[85.880s][info][gc,phases   ] GC(381) Concurrent Mark 20.687ms
[85.881s][info][gc,phases   ] GC(381) Pause Mark End 0.019ms
[85.881s][info][gc,phases   ] GC(381) Concurrent Mark Free 0.000ms
[85.883s][info][gc,phases   ] GC(381) Concurrent Process Non-Strong References 2.053ms
[85.883s][info][gc,phases   ] GC(381) Concurrent Reset Relocation Set 0.004ms
[85.886s][info][gc,phases   ] GC(381) Concurrent Select Relocation Set 3.014ms
[85.886s][info][gc,phases   ] GC(381) Pause Relocate Start 0.006ms
[85.887s][info][gc,phases   ] GC(381) Concurrent Relocate 1.390ms
[85.887s][info][gc,load     ] GC(381) Load: 0.00/0.00/0.00
[85.887s][info][gc,mmu      ] GC(381) MMU: 2ms/98.1%, 5ms/99.2%, 10ms/99.5%, 20ms/99.8%, 50ms/99.8%, 100ms/99.9%
[85.887s][info][gc,marking  ] GC(381) Mark: 4 stripe(s), 2 proactive flush(es), 1 terminate flush(es), 0 completion(s), 0 continuation(s) 
[85.887s][info][gc,marking  ] GC(381) Mark Stack Usage: 32M
[85.887s][info][gc,nmethod  ] GC(381) NMethods: 4557 registered, 379 unregistered
[85.887s][info][gc,metaspace] GC(381) Metaspace: 71M used, 71M committed, 1088M reserved
[85.887s][info][gc,ref      ] GC(381) Soft: 3837 encountered, 0 discovered, 0 enqueued
[85.887s][info][gc,ref      ] GC(381) Weak: 10180 encountered, 641 discovered, 7 enqueued
[85.887s][info][gc,ref      ] GC(381) Final: 289 encountered, 44 discovered, 0 enqueued
[85.887s][info][gc,ref      ] GC(381) Phantom: 425 encountered, 210 discovered, 0 enqueued
[85.887s][info][gc,reloc    ] GC(381) Small Pages: 335 / 670M, Empty: 532M, Relocated: 1M, In-Place: 0
[85.888s][info][gc,reloc    ] GC(381) Medium Pages: 0 / 0M, Empty: 0M, Relocated: 0M, In-Place: 0
[85.888s][info][gc,reloc    ] GC(381) Large Pages: 0 / 0M, Empty: 0M, Relocated: 0M, In-Place: 0
[85.888s][info][gc,reloc    ] GC(381) Forwarding Usage: 0M
[85.888s][info][gc,heap     ] GC(381) Min Capacity: 8M(0%)
[85.888s][info][gc,heap     ] GC(381) Max Capacity: 2048M(100%)
[85.888s][info][gc,heap     ] GC(381) Soft Max Capacity: 2048M(100%)
[85.888s][info][gc,heap     ] GC(381)                Mark Start          Mark End        Relocate Start      Relocate End           High               Low         
[85.888s][info][gc,heap     ] GC(381)  Capacity:     2048M (100%)       2048M (100%)       2048M (100%)       2048M (100%)       2048M (100%)       2048M (100%)   
[85.888s][info][gc,heap     ] GC(381)      Free:     1378M (67%)        1340M (65%)        1862M (91%)        1926M (94%)        1926M (94%)        1334M (65%)    
[85.888s][info][gc,heap     ] GC(381)      Used:      670M (33%)         708M (35%)         186M (9%)          122M (6%)          714M (35%)         122M (6%)     
[85.888s][info][gc,heap     ] GC(381)      Live:         -                49M (2%)           49M (2%)           49M (2%)             -                  -          
[85.888s][info][gc,heap     ] GC(381) Allocated:         -                38M (2%)           48M (2%)           49M (2%)             -                  -          
[85.888s][info][gc,heap     ] GC(381)   Garbage:         -               620M (30%)          88M (4%)           22M (1%)             -                  -          
[85.888s][info][gc,heap     ] GC(381) Reclaimed:         -                  -               532M (26%)         597M (29%)            -                  -          
[85.888s][info][gc          ] GC(381) Garbage Collection (Allocation Rate) 670M(33%)->122M(6%)
[86.554s][info][gc,start    ] GC(382) Garbage Collection (Allocation Rate)
[86.554s][info][gc,task     ] GC(382) Using 6 workers
[86.554s][info][gc,phases   ] GC(382) Pause Mark Start 0.010ms
[86.575s][info][gc,phases   ] GC(382) Concurrent Mark 21.065ms
[86.575s][info][gc,phases   ] GC(382) Pause Mark End 0.019ms
[86.576s][info][gc,phases   ] GC(382) Concurrent Mark Free 0.001ms
[86.578s][info][gc,phases   ] GC(382) Concurrent Process Non-Strong References 2.069ms
[86.578s][info][gc,phases   ] GC(382) Concurrent Reset Relocation Set 0.004ms
[86.580s][info][gc,phases   ] GC(382) Concurrent Select Relocation Set 2.463ms
[86.580s][info][gc,phases   ] GC(382) Pause Relocate Start 0.008ms
[86.582s][info][gc,phases   ] GC(382) Concurrent Relocate 1.282ms
[86.582s][info][gc,load     ] GC(382) Load: 0.00/0.00/0.00
[86.582s][info][gc,mmu      ] GC(382) MMU: 2ms/98.1%, 5ms/99.2%, 10ms/99.5%, 20ms/99.8%, 50ms/99.8%, 100ms/99.9%
[86.582s][info][gc,marking  ] GC(382) Mark: 4 stripe(s), 3 proactive flush(es), 1 terminate flush(es), 0 completion(s), 0 continuation(s) 
[86.582s][info][gc,marking  ] GC(382) Mark Stack Usage: 32M
[86.582s][info][gc,nmethod  ] GC(382) NMethods: 4557 registered, 379 unregistered
[86.582s][info][gc,metaspace] GC(382) Metaspace: 71M used, 71M committed, 1088M reserved
[86.582s][info][gc,ref      ] GC(382) Soft: 3837 encountered, 0 discovered, 0 enqueued
[86.582s][info][gc,ref      ] GC(382) Weak: 10173 encountered, 672 discovered, 0 enqueued
[86.582s][info][gc,ref      ] GC(382) Final: 289 encountered, 58 discovered, 0 enqueued
[86.582s][info][gc,ref      ] GC(382) Phantom: 425 encountered, 221 discovered, 0 enqueued
[86.582s][info][gc,reloc    ] GC(382) Small Pages: 693 / 1386M, Empty: 1252M, Relocated: 1M, In-Place: 0
[86.582s][info][gc,reloc    ] GC(382) Medium Pages: 0 / 0M, Empty: 0M, Relocated: 0M, In-Place: 0
[86.582s][info][gc,reloc    ] GC(382) Large Pages: 0 / 0M, Empty: 0M, Relocated: 0M, In-Place: 0
[86.582s][info][gc,reloc    ] GC(382) Forwarding Usage: 0M
[86.582s][info][gc,heap     ] GC(382) Min Capacity: 8M(0%)
[86.582s][info][gc,heap     ] GC(382) Max Capacity: 2048M(100%)
[86.582s][info][gc,heap     ] GC(382) Soft Max Capacity: 2048M(100%)
[86.582s][info][gc,heap     ] GC(382)                Mark Start          Mark End        Relocate Start      Relocate End           High               Low         
[86.582s][info][gc,heap     ] GC(382)  Capacity:     2048M (100%)       2048M (100%)       2048M (100%)       2048M (100%)       2048M (100%)       2048M (100%)   
[86.582s][info][gc,heap     ] GC(382)      Free:      662M (32%)         624M (30%)        1866M (91%)        1928M (94%)        1928M (94%)         618M (30%)    
[86.582s][info][gc,heap     ] GC(382)      Used:     1386M (68%)        1424M (70%)         182M (9%)          120M (6%)         1430M (70%)         120M (6%)     
[86.582s][info][gc,heap     ] GC(382)      Live:         -                49M (2%)           49M (2%)           49M (2%)             -                  -          
[86.582s][info][gc,heap     ] GC(382) Allocated:         -                38M (2%)           48M (2%)           47M (2%)             -                  -          
[86.582s][info][gc,heap     ] GC(382)   Garbage:         -              1336M (65%)          84M (4%)           22M (1%)             -                  -          
[86.582s][info][gc,heap     ] GC(382) Reclaimed:         -                  -              1252M (61%)        1313M (64%)            -                  -          
[86.582s][info][gc          ] GC(382) Garbage Collection (Allocation Rate) 1386M(68%)->120M(6%)
[86.838s][info][gc,start    ] GC(383) Garbage Collection (System.gc())
[86.838s][info][gc,task     ] GC(383) Using 12 workers
[86.839s][info][gc,phases   ] GC(383) Pause Mark Start 0.017ms
[86.862s][info][gc,phases   ] GC(383) Concurrent Mark 23.257ms
[86.862s][info][gc,phases   ] GC(383) Pause Mark End 0.026ms
[86.862s][info][gc,phases   ] GC(383) Concurrent Mark Free 0.001ms
[86.864s][info][gc,phases   ] GC(383) Concurrent Process Non-Strong References 1.723ms
[86.864s][info][gc,phases   ] GC(383) Concurrent Reset Relocation Set 0.007ms
[86.868s][info][gc,phases   ] GC(383) Concurrent Select Relocation Set 4.428ms
[86.869s][info][gc,phases   ] GC(383) Pause Relocate Start 0.010ms
[86.871s][info][gc,phases   ] GC(383) Concurrent Relocate 2.637ms
[86.871s][info][gc,load     ] GC(383) Load: 0.00/0.00/0.00
[86.871s][info][gc,mmu      ] GC(383) MMU: 2ms/98.1%, 5ms/99.2%, 10ms/99.5%, 20ms/99.8%, 50ms/99.8%, 100ms/99.9%
[86.871s][info][gc,marking  ] GC(383) Mark: 8 stripe(s), 4 proactive flush(es), 1 terminate flush(es), 0 completion(s), 0 continuation(s) 
[86.872s][info][gc,marking  ] GC(383) Mark Stack Usage: 32M
[86.872s][info][gc,nmethod  ] GC(383) NMethods: 4571 registered, 383 unregistered
[86.872s][info][gc,metaspace] GC(383) Metaspace: 71M used, 71M committed, 1088M reserved
[86.872s][info][gc,ref      ] GC(383) Soft: 3837 encountered, 0 discovered, 0 enqueued
[86.872s][info][gc,ref      ] GC(383) Weak: 10288 encountered, 1175 discovered, 49 enqueued
[86.872s][info][gc,ref      ] GC(383) Final: 289 encountered, 20 discovered, 0 enqueued
[86.872s][info][gc,ref      ] GC(383) Phantom: 425 encountered, 303 discovered, 0 enqueued
[86.872s][info][gc,reloc    ] GC(383) Small Pages: 286 / 572M, Empty: 404M, Relocated: 3M, In-Place: 0
[86.872s][info][gc,reloc    ] GC(383) Medium Pages: 0 / 0M, Empty: 0M, Relocated: 0M, In-Place: 0
[86.872s][info][gc,reloc    ] GC(383) Large Pages: 0 / 0M, Empty: 0M, Relocated: 0M, In-Place: 0
[86.872s][info][gc,reloc    ] GC(383) Forwarding Usage: 1M
[86.872s][info][gc,heap     ] GC(383) Min Capacity: 8M(0%)
[86.872s][info][gc,heap     ] GC(383) Max Capacity: 2048M(100%)
[86.872s][info][gc,heap     ] GC(383) Soft Max Capacity: 2048M(100%)
[86.872s][info][gc,heap     ] GC(383)                Mark Start          Mark End        Relocate Start      Relocate End           High               Low         
[86.872s][info][gc,heap     ] GC(383)  Capacity:     2048M (100%)       2048M (100%)       2048M (100%)       2048M (100%)       2048M (100%)       2048M (100%)   
[86.872s][info][gc,heap     ] GC(383)      Free:     1476M (72%)        1462M (71%)        1866M (91%)        1952M (95%)        1952M (95%)        1462M (71%)    
[86.872s][info][gc,heap     ] GC(383)      Used:      572M (28%)         586M (29%)         182M (9%)           96M (5%)          586M (29%)          96M (5%)     
[86.872s][info][gc,heap     ] GC(383)      Live:         -                50M (2%)           50M (2%)           50M (2%)             -                  -          
[86.872s][info][gc,heap     ] GC(383) Allocated:         -                14M (1%)           14M (1%)           14M (1%)             -                  -          
[86.872s][info][gc,heap     ] GC(383)   Garbage:         -               521M (25%)         117M (6%)           31M (2%)             -                  -          
[86.872s][info][gc,heap     ] GC(383) Reclaimed:         -                  -               404M (20%)         490M (24%)            -                  -          
[86.872s][info][gc          ] GC(383) Garbage Collection (System.gc()) 572M(28%)->96M(5%)
[87.154s][info][gc,start    ] GC(384) Garbage Collection (Allocation Rate)
[87.154s][info][gc,task     ] GC(384) Using 5 workers
[87.154s][info][gc,phases   ] GC(384) Pause Mark Start 0.011ms
[87.193s][info][gc,phases   ] GC(384) Concurrent Mark 39.053ms
[87.193s][info][gc,phases   ] GC(384) Pause Mark End 0.025ms
[87.195s][info][gc,phases   ] GC(384) Concurrent Mark Free 0.002ms
[87.202s][info][gc,phases   ] GC(384) Concurrent Process Non-Strong References 6.792ms
[87.202s][info][gc,phases   ] GC(384) Concurrent Reset Relocation Set 0.018ms
[87.212s][info][gc,phases   ] GC(384) Concurrent Select Relocation Set 9.937ms
[87.213s][info][gc,phases   ] GC(384) Pause Relocate Start 0.009ms
[87.222s][info][gc,phases   ] GC(384) Concurrent Relocate 9.371ms
[87.222s][info][gc,load     ] GC(384) Load: 0.00/0.00/0.00
[87.223s][info][gc,mmu      ] GC(384) MMU: 2ms/98.1%, 5ms/99.2%, 10ms/99.5%, 20ms/99.8%, 50ms/99.8%, 100ms/99.9%
[87.223s][info][gc,marking  ] GC(384) Mark: 4 stripe(s), 2 proactive flush(es), 1 terminate flush(es), 0 completion(s), 0 continuation(s) 
[87.223s][info][gc,marking  ] GC(384) Mark Stack Usage: 32M
[87.223s][info][gc,nmethod  ] GC(384) NMethods: 4397 registered, 817 unregistered
[87.223s][info][gc,metaspace] GC(384) Metaspace: 71M used, 71M committed, 1088M reserved
[87.223s][info][gc,ref      ] GC(384) Soft: 3837 encountered, 0 discovered, 0 enqueued
[87.223s][info][gc,ref      ] GC(384) Weak: 11611 encountered, 883 discovered, 1 enqueued
[87.223s][info][gc,ref      ] GC(384) Final: 289 encountered, 17 discovered, 0 enqueued
[87.223s][info][gc,ref      ] GC(384) Phantom: 428 encountered, 222 discovered, 3 enqueued
[87.223s][info][gc,reloc    ] GC(384) Small Pages: 711 / 1422M, Empty: 850M, Relocated: 8M, In-Place: 0
[87.223s][info][gc,reloc    ] GC(384) Medium Pages: 0 / 0M, Empty: 0M, Relocated: 0M, In-Place: 0
[87.223s][info][gc,reloc    ] GC(384) Large Pages: 0 / 0M, Empty: 0M, Relocated: 0M, In-Place: 0
[87.223s][info][gc,reloc    ] GC(384) Forwarding Usage: 4M
[87.223s][info][gc,heap     ] GC(384) Min Capacity: 8M(0%)
[87.223s][info][gc,heap     ] GC(384) Max Capacity: 2048M(100%)
[87.223s][info][gc,heap     ] GC(384) Soft Max Capacity: 2048M(100%)
[87.223s][info][gc,heap     ] GC(384)                Mark Start          Mark End        Relocate Start      Relocate End           High               Low         
[87.223s][info][gc,heap     ] GC(384)  Capacity:     2048M (100%)       2048M (100%)       2048M (100%)       2048M (100%)       2048M (100%)       2048M (100%)   
[87.223s][info][gc,heap     ] GC(384)      Free:      626M (31%)         436M (21%)        1198M (58%)        1674M (82%)        1688M (82%)         392M (19%)    
[87.223s][info][gc,heap     ] GC(384)      Used:     1422M (69%)        1612M (79%)         850M (42%)         374M (18%)        1656M (81%)         360M (18%)    
[87.223s][info][gc,heap     ] GC(384)      Live:         -                54M (3%)           54M (3%)           54M (3%)             -                  -          
[87.223s][info][gc,heap     ] GC(384) Allocated:         -               190M (9%)          278M (14%)         306M (15%)            -                  -          
[87.223s][info][gc,heap     ] GC(384)   Garbage:         -              1367M (67%)         517M (25%)          13M (1%)             -                  -          
[87.223s][info][gc,heap     ] GC(384) Reclaimed:         -                  -               850M (42%)        1354M (66%)            -                  -          
[87.223s][info][gc          ] GC(384) Garbage Collection (Allocation Rate) 1422M(69%)->374M(18%)
[87.254s][info][gc,start    ] GC(385) Garbage Collection (Allocation Rate)
[87.254s][info][gc,task     ] GC(385) Using 6 workers
[87.254s][info][gc,phases   ] GC(385) Pause Mark Start 0.010ms
[87.294s][info][gc,phases   ] GC(385) Concurrent Mark 39.774ms
[87.295s][info][gc,phases   ] GC(385) Pause Mark End 0.027ms
[87.296s][info][gc,phases   ] GC(385) Concurrent Mark Free 0.002ms
[87.299s][info][gc,phases   ] GC(385) Concurrent Process Non-Strong References 3.375ms
[87.299s][info][gc,phases   ] GC(385) Concurrent Reset Relocation Set 0.064ms
[87.306s][info][gc,phases   ] GC(385) Concurrent Select Relocation Set 6.744ms
[87.306s][info][gc,phases   ] GC(385) Pause Relocate Start 0.008ms
[87.315s][info][gc,phases   ] GC(385) Concurrent Relocate 8.181ms
[87.315s][info][gc,load     ] GC(385) Load: 0.00/0.00/0.00
[87.315s][info][gc,mmu      ] GC(385) MMU: 2ms/98.1%, 5ms/99.2%, 10ms/99.5%, 20ms/99.8%, 50ms/99.8%, 100ms/99.9%
[87.315s][info][gc,marking  ] GC(385) Mark: 4 stripe(s), 5 proactive flush(es), 1 terminate flush(es), 0 completion(s), 0 continuation(s) 
[87.315s][info][gc,marking  ] GC(385) Mark Stack Usage: 32M
[87.315s][info][gc,nmethod  ] GC(385) NMethods: 4397 registered, 817 unregistered
[87.315s][info][gc,metaspace] GC(385) Metaspace: 71M used, 71M committed, 1088M reserved
[87.315s][info][gc,ref      ] GC(385) Soft: 3837 encountered, 0 discovered, 0 enqueued
[87.315s][info][gc,ref      ] GC(385) Weak: 11610 encountered, 1103 discovered, 0 enqueued
[87.315s][info][gc,ref      ] GC(385) Final: 289 encountered, 10 discovered, 0 enqueued
[87.315s][info][gc,ref      ] GC(385) Phantom: 425 encountered, 169 discovered, 0 enqueued
[87.315s][info][gc,reloc    ] GC(385) Small Pages: 267 / 534M, Empty: 198M, Relocated: 8M, In-Place: 0
[87.315s][info][gc,reloc    ] GC(385) Medium Pages: 0 / 0M, Empty: 0M, Relocated: 0M, In-Place: 0
[87.315s][info][gc,reloc    ] GC(385) Large Pages: 0 / 0M, Empty: 0M, Relocated: 0M, In-Place: 0
[87.315s][info][gc,reloc    ] GC(385) Forwarding Usage: 3M
[87.315s][info][gc,heap     ] GC(385) Min Capacity: 8M(0%)
[87.315s][info][gc,heap     ] GC(385) Max Capacity: 2048M(100%)
[87.315s][info][gc,heap     ] GC(385) Soft Max Capacity: 2048M(100%)
[87.315s][info][gc,heap     ] GC(385)                Mark Start          Mark End        Relocate Start      Relocate End           High               Low         
[87.315s][info][gc,heap     ] GC(385)  Capacity:     2048M (100%)       2048M (100%)       2048M (100%)       2048M (100%)       2048M (100%)       2048M (100%)   
[87.315s][info][gc,heap     ] GC(385)      Free:     1514M (74%)        1320M (64%)        1468M (72%)        1710M (83%)        1722M (84%)        1300M (63%)    
[87.315s][info][gc,heap     ] GC(385)      Used:      534M (26%)         728M (36%)         580M (28%)         338M (17%)         748M (37%)         326M (16%)    
[87.315s][info][gc,heap     ] GC(385)      Live:         -                54M (3%)           54M (3%)           54M (3%)             -                  -          
[87.315s][info][gc,heap     ] GC(385) Allocated:         -               194M (9%)          244M (12%)         268M (13%)            -                  -          
[87.315s][info][gc,heap     ] GC(385)   Garbage:         -               479M (23%)         281M (14%)          15M (1%)             -                  -          
[87.315s][info][gc,heap     ] GC(385) Reclaimed:         -                  -               198M (10%)         464M (23%)            -                  -          
[87.315s][info][gc          ] GC(385) Garbage Collection (Allocation Rate) 534M(26%)->338M(17%)
[87.454s][info][gc,start    ] GC(386) Garbage Collection (Allocation Rate)
[87.454s][info][gc,task     ] GC(386) Using 6 workers
[87.455s][info][gc,phases   ] GC(386) Pause Mark Start 0.010ms
[87.488s][info][gc,phases   ] GC(386) Concurrent Mark 33.316ms
[87.488s][info][gc,phases   ] GC(386) Pause Mark End 0.024ms
[87.489s][info][gc,phases   ] GC(386) Concurrent Mark Free 0.001ms
[87.493s][info][gc,phases   ] GC(386) Concurrent Process Non-Strong References 4.032ms
[87.493s][info][gc,phases   ] GC(386) Concurrent Reset Relocation Set 0.037ms
[87.498s][info][gc,phases   ] GC(386) Concurrent Select Relocation Set 5.047ms
[87.498s][info][gc,phases   ] GC(386) Pause Relocate Start 0.010ms
[87.506s][info][gc,phases   ] GC(386) Concurrent Relocate 6.551ms
[87.506s][info][gc,load     ] GC(386) Load: 0.00/0.00/0.00
[87.506s][info][gc,mmu      ] GC(386) MMU: 2ms/98.1%, 5ms/99.2%, 10ms/99.5%, 20ms/99.8%, 50ms/99.8%, 100ms/99.9%
[87.506s][info][gc,marking  ] GC(386) Mark: 4 stripe(s), 2 proactive flush(es), 1 terminate flush(es), 0 completion(s), 0 continuation(s) 
[87.506s][info][gc,marking  ] GC(386) Mark Stack Usage: 32M
[87.506s][info][gc,nmethod  ] GC(386) NMethods: 4397 registered, 817 unregistered
[87.506s][info][gc,metaspace] GC(386) Metaspace: 71M used, 71M committed, 1088M reserved
[87.506s][info][gc,ref      ] GC(386) Soft: 3837 encountered, 0 discovered, 0 enqueued
[87.506s][info][gc,ref      ] GC(386) Weak: 11610 encountered, 2006 discovered, 0 enqueued
[87.506s][info][gc,ref      ] GC(386) Final: 289 encountered, 3 discovered, 0 enqueued
[87.506s][info][gc,ref      ] GC(386) Phantom: 425 encountered, 204 discovered, 0 enqueued
[87.506s][info][gc,reloc    ] GC(386) Small Pages: 520 / 1040M, Empty: 650M, Relocated: 6M, In-Place: 0
[87.506s][info][gc,reloc    ] GC(386) Medium Pages: 0 / 0M, Empty: 0M, Relocated: 0M, In-Place: 0
[87.506s][info][gc,reloc    ] GC(386) Large Pages: 0 / 0M, Empty: 0M, Relocated: 0M, In-Place: 0
[87.506s][info][gc,reloc    ] GC(386) Forwarding Usage: 2M
[87.506s][info][gc,heap     ] GC(386) Min Capacity: 8M(0%)
[87.506s][info][gc,heap     ] GC(386) Max Capacity: 2048M(100%)
[87.506s][info][gc,heap     ] GC(386) Soft Max Capacity: 2048M(100%)
[87.506s][info][gc,heap     ] GC(386)                Mark Start          Mark End        Relocate Start      Relocate End           High               Low         
[87.506s][info][gc,heap     ] GC(386)  Capacity:     2048M (100%)       2048M (100%)       2048M (100%)       2048M (100%)       2048M (100%)       2048M (100%)   
[87.506s][info][gc,heap     ] GC(386)      Free:     1008M (49%)         846M (41%)        1452M (71%)        1752M (86%)        1762M (86%)         826M (40%)    
[87.506s][info][gc,heap     ] GC(386)      Used:     1040M (51%)        1202M (59%)         596M (29%)         296M (14%)        1222M (60%)         286M (14%)    
[87.506s][info][gc,heap     ] GC(386)      Live:         -                54M (3%)           54M (3%)           54M (3%)             -                  -          
[87.506s][info][gc,heap     ] GC(386) Allocated:         -               162M (8%)          206M (10%)         224M (11%)            -                  -          
[87.506s][info][gc,heap     ] GC(386)   Garbage:         -               985M (48%)         335M (16%)          17M (1%)             -                  -          
[87.506s][info][gc,heap     ] GC(386) Reclaimed:         -                  -               650M (32%)         968M (47%)            -                  -          
[87.506s][info][gc          ] GC(386) Garbage Collection (Allocation Rate) 1040M(51%)->296M(14%)
[87.554s][info][gc,start    ] GC(387) Garbage Collection (Allocation Rate)
[87.554s][info][gc,task     ] GC(387) Using 6 workers
[87.554s][info][gc,phases   ] GC(387) Pause Mark Start 0.013ms
[87.596s][info][gc,phases   ] GC(387) Concurrent Mark 41.173ms
[87.596s][info][gc,phases   ] GC(387) Pause Mark End 0.024ms
[87.597s][info][gc,phases   ] GC(387) Concurrent Mark Free 0.002ms
[87.600s][info][gc,phases   ] GC(387) Concurrent Process Non-Strong References 3.544ms
[87.600s][info][gc,phases   ] GC(387) Concurrent Reset Relocation Set 0.045ms
[87.605s][info][gc,phases   ] GC(387) Concurrent Select Relocation Set 4.943ms
[87.605s][info][gc,phases   ] GC(387) Pause Relocate Start 0.008ms
[87.612s][info][gc,phases   ] GC(387) Concurrent Relocate 6.107ms
[87.612s][info][gc,load     ] GC(387) Load: 0.00/0.00/0.00
[87.612s][info][gc,mmu      ] GC(387) MMU: 2ms/98.1%, 5ms/99.2%, 10ms/99.5%, 20ms/99.8%, 50ms/99.8%, 100ms/99.9%
[87.612s][info][gc,marking  ] GC(387) Mark: 4 stripe(s), 3 proactive flush(es), 1 terminate flush(es), 0 completion(s), 0 continuation(s) 
[87.612s][info][gc,marking  ] GC(387) Mark Stack Usage: 32M
[87.612s][info][gc,nmethod  ] GC(387) NMethods: 4397 registered, 818 unregistered
[87.612s][info][gc,metaspace] GC(387) Metaspace: 71M used, 71M committed, 1088M reserved
[87.612s][info][gc,ref      ] GC(387) Soft: 3837 encountered, 0 discovered, 0 enqueued
[87.612s][info][gc,ref      ] GC(387) Weak: 11610 encountered, 1582 discovered, 0 enqueued
[87.612s][info][gc,ref      ] GC(387) Final: 289 encountered, 24 discovered, 0 enqueued
[87.612s][info][gc,ref      ] GC(387) Phantom: 425 encountered, 191 discovered, 0 enqueued
[87.612s][info][gc,reloc    ] GC(387) Small Pages: 269 / 538M, Empty: 262M, Relocated: 6M, In-Place: 0
[87.613s][info][gc,reloc    ] GC(387) Medium Pages: 0 / 0M, Empty: 0M, Relocated: 0M, In-Place: 0
[87.613s][info][gc,reloc    ] GC(387) Large Pages: 0 / 0M, Empty: 0M, Relocated: 0M, In-Place: 0
[87.613s][info][gc,reloc    ] GC(387) Forwarding Usage: 2M
[87.613s][info][gc,heap     ] GC(387) Min Capacity: 8M(0%)
[87.613s][info][gc,heap     ] GC(387) Max Capacity: 2048M(100%)
[87.613s][info][gc,heap     ] GC(387) Soft Max Capacity: 2048M(100%)
[87.613s][info][gc,heap     ] GC(387)                Mark Start          Mark End        Relocate Start      Relocate End           High               Low         
[87.613s][info][gc,heap     ] GC(387)  Capacity:     2048M (100%)       2048M (100%)       2048M (100%)       2048M (100%)       2048M (100%)       2048M (100%)   
[87.613s][info][gc,heap     ] GC(387)      Free:     1510M (74%)        1308M (64%)        1532M (75%)        1720M (84%)        1726M (84%)        1294M (63%)    
[87.613s][info][gc,heap     ] GC(387)      Used:      538M (26%)         740M (36%)         516M (25%)         328M (16%)         754M (37%)         322M (16%)    
[87.613s][info][gc,heap     ] GC(387)      Live:         -                54M (3%)           54M (3%)           54M (3%)             -                  -          
[87.613s][info][gc,heap     ] GC(387) Allocated:         -               202M (10%)         240M (12%)         257M (13%)            -                  -          
[87.613s][info][gc,heap     ] GC(387)   Garbage:         -               483M (24%)         221M (11%)          16M (1%)             -                  -          
[87.613s][info][gc,heap     ] GC(387) Reclaimed:         -                  -               262M (13%)         467M (23%)            -                  -          
[87.613s][info][gc          ] GC(387) Garbage Collection (Allocation Rate) 538M(26%)->328M(16%)
[87.654s][info][gc,start    ] GC(388) Garbage Collection (Allocation Rate)
[87.654s][info][gc,task     ] GC(388) Using 6 workers
[87.654s][info][gc,phases   ] GC(388) Pause Mark Start 0.009ms
[87.695s][info][gc,phases   ] GC(388) Concurrent Mark 40.043ms
[87.695s][info][gc,phases   ] GC(388) Pause Mark End 0.025ms
[87.697s][info][gc,phases   ] GC(388) Concurrent Mark Free 0.002ms
[87.700s][info][gc,phases   ] GC(388) Concurrent Process Non-Strong References 3.552ms
[87.700s][info][gc,phases   ] GC(388) Concurrent Reset Relocation Set 0.038ms
[87.709s][info][gc,phases   ] GC(388) Concurrent Select Relocation Set 8.344ms
[87.709s][info][gc,phases   ] GC(388) Pause Relocate Start 0.008ms
[87.716s][info][gc,phases   ] GC(388) Concurrent Relocate 6.240ms
[87.716s][info][gc,load     ] GC(388) Load: 0.00/0.00/0.00
[87.716s][info][gc,mmu      ] GC(388) MMU: 2ms/98.1%, 5ms/99.2%, 10ms/99.5%, 20ms/99.8%, 50ms/99.8%, 100ms/99.9%
[87.716s][info][gc,marking  ] GC(388) Mark: 4 stripe(s), 2 proactive flush(es), 1 terminate flush(es), 0 completion(s), 0 continuation(s) 
[87.716s][info][gc,marking  ] GC(388) Mark Stack Usage: 32M
[87.716s][info][gc,nmethod  ] GC(388) NMethods: 4397 registered, 818 unregistered
[87.716s][info][gc,metaspace] GC(388) Metaspace: 71M used, 71M committed, 1088M reserved
[87.716s][info][gc,ref      ] GC(388) Soft: 3837 encountered, 0 discovered, 0 enqueued
[87.716s][info][gc,ref      ] GC(388) Weak: 11610 encountered, 1063 discovered, 0 enqueued
[87.716s][info][gc,ref      ] GC(388) Final: 289 encountered, 16 discovered, 0 enqueued
[87.716s][info][gc,ref      ] GC(388) Phantom: 425 encountered, 180 discovered, 0 enqueued
[87.716s][info][gc,reloc    ] GC(388) Small Pages: 269 / 538M, Empty: 246M, Relocated: 6M, In-Place: 0
[87.716s][info][gc,reloc    ] GC(388) Medium Pages: 0 / 0M, Empty: 0M, Relocated: 0M, In-Place: 0
[87.716s][info][gc,reloc    ] GC(388) Large Pages: 0 / 0M, Empty: 0M, Relocated: 0M, In-Place: 0
[87.716s][info][gc,reloc    ] GC(388) Forwarding Usage: 2M
[87.716s][info][gc,heap     ] GC(388) Min Capacity: 8M(0%)
[87.716s][info][gc,heap     ] GC(388) Max Capacity: 2048M(100%)
[87.716s][info][gc,heap     ] GC(388) Soft Max Capacity: 2048M(100%)
[87.716s][info][gc,heap     ] GC(388)                Mark Start          Mark End        Relocate Start      Relocate End           High               Low         
[87.716s][info][gc,heap     ] GC(388)  Capacity:     2048M (100%)       2048M (100%)       2048M (100%)       2048M (100%)       2048M (100%)       2048M (100%)   
[87.716s][info][gc,heap     ] GC(388)      Free:     1510M (74%)        1316M (64%)        1498M (73%)        1704M (83%)        1710M (83%)        1294M (63%)    
[87.716s][info][gc,heap     ] GC(388)      Used:      538M (26%)         732M (36%)         550M (27%)         344M (17%)         754M (37%)         338M (17%)    
[87.716s][info][gc,heap     ] GC(388)      Live:         -                53M (3%)           53M (3%)           53M (3%)             -                  -          
[87.716s][info][gc,heap     ] GC(388) Allocated:         -               194M (9%)          258M (13%)         273M (13%)            -                  -          
[87.716s][info][gc,heap     ] GC(388)   Garbage:         -               484M (24%)         238M (12%)          16M (1%)             -                  -          
[87.716s][info][gc,heap     ] GC(388) Reclaimed:         -                  -               246M (12%)         467M (23%)            -                  -          
[87.716s][info][gc          ] GC(388) Garbage Collection (Allocation Rate) 538M(26%)->344M(17%)
[87.754s][info][gc,start    ] GC(389) Garbage Collection (Allocation Rate)
[87.754s][info][gc,task     ] GC(389) Using 6 workers
[87.754s][info][gc,phases   ] GC(389) Pause Mark Start 0.010ms
[87.791s][info][gc,phases   ] GC(389) Concurrent Mark 36.826ms
[87.792s][info][gc,phases   ] GC(389) Pause Mark End 0.024ms
[87.793s][info][gc,phases   ] GC(389) Concurrent Mark Free 0.002ms
[87.797s][info][gc,phases   ] GC(389) Concurrent Process Non-Strong References 3.837ms
[87.797s][info][gc,phases   ] GC(389) Concurrent Reset Relocation Set 0.035ms
[87.802s][info][gc,phases   ] GC(389) Concurrent Select Relocation Set 5.097ms
[87.802s][info][gc,phases   ] GC(389) Pause Relocate Start 0.009ms
[87.806s][info][gc,phases   ] GC(389) Concurrent Relocate 4.082ms
[87.806s][info][gc,load     ] GC(389) Load: 0.00/0.00/0.00
[87.807s][info][gc,mmu      ] GC(389) MMU: 2ms/98.1%, 5ms/99.2%, 10ms/99.5%, 20ms/99.8%, 50ms/99.8%, 100ms/99.9%
[87.807s][info][gc,marking  ] GC(389) Mark: 4 stripe(s), 3 proactive flush(es), 1 terminate flush(es), 0 completion(s), 0 continuation(s) 
[87.807s][info][gc,marking  ] GC(389) Mark Stack Usage: 32M
[87.807s][info][gc,nmethod  ] GC(389) NMethods: 4397 registered, 818 unregistered
[87.807s][info][gc,metaspace] GC(389) Metaspace: 71M used, 71M committed, 1088M reserved
[87.807s][info][gc,ref      ] GC(389) Soft: 3837 encountered, 0 discovered, 0 enqueued
[87.807s][info][gc,ref      ] GC(389) Weak: 11610 encountered, 1213 discovered, 0 enqueued
[87.807s][info][gc,ref      ] GC(389) Final: 289 encountered, 12 discovered, 0 enqueued
[87.807s][info][gc,ref      ] GC(389) Phantom: 425 encountered, 331 discovered, 0 enqueued
[87.807s][info][gc,reloc    ] GC(389) Small Pages: 270 / 540M, Empty: 250M, Relocated: 3M, In-Place: 0
[87.807s][info][gc,reloc    ] GC(389) Medium Pages: 0 / 0M, Empty: 0M, Relocated: 0M, In-Place: 0
[87.807s][info][gc,reloc    ] GC(389) Large Pages: 0 / 0M, Empty: 0M, Relocated: 0M, In-Place: 0
[87.807s][info][gc,reloc    ] GC(389) Forwarding Usage: 1M
[87.807s][info][gc,heap     ] GC(389) Min Capacity: 8M(0%)
[87.807s][info][gc,heap     ] GC(389) Max Capacity: 2048M(100%)
[87.807s][info][gc,heap     ] GC(389) Soft Max Capacity: 2048M(100%)
[87.807s][info][gc,heap     ] GC(389)                Mark Start          Mark End        Relocate Start      Relocate End           High               Low         
[87.807s][info][gc,heap     ] GC(389)  Capacity:     2048M (100%)       2048M (100%)       2048M (100%)       2048M (100%)       2048M (100%)       2048M (100%)   
[87.807s][info][gc,heap     ] GC(389)      Free:     1508M (74%)        1328M (65%)        1532M (75%)        1732M (85%)        1740M (85%)        1306M (64%)    
[87.807s][info][gc,heap     ] GC(389)      Used:      540M (26%)         720M (35%)         516M (25%)         316M (15%)         742M (36%)         308M (15%)    
[87.807s][info][gc,heap     ] GC(389)      Live:         -                54M (3%)           54M (3%)           54M (3%)             -                  -          
[87.807s][info][gc,heap     ] GC(389) Allocated:         -               180M (9%)          226M (11%)         239M (12%)            -                  -          
[87.807s][info][gc,heap     ] GC(389)   Garbage:         -               485M (24%)         235M (12%)          22M (1%)             -                  -          
[87.807s][info][gc,heap     ] GC(389) Reclaimed:         -                  -               250M (12%)         463M (23%)            -                  -          
[87.807s][info][gc          ] GC(389) Garbage Collection (Allocation Rate) 540M(26%)->316M(15%)
[87.853s][info][gc,start    ] GC(390) Garbage Collection (Allocation Rate)
[87.853s][info][gc,task     ] GC(390) Using 6 workers
[87.854s][info][gc,phases   ] GC(390) Pause Mark Start 0.011ms
[87.887s][info][gc,phases   ] GC(390) Concurrent Mark 33.206ms
[87.887s][info][gc,phases   ] GC(390) Pause Mark End 0.030ms
[87.889s][info][gc,phases   ] GC(390) Concurrent Mark Free 0.001ms
[87.892s][info][gc,phases   ] GC(390) Concurrent Process Non-Strong References 3.709ms
[87.893s][info][gc,phases   ] GC(390) Concurrent Reset Relocation Set 0.033ms
[87.900s][info][gc,phases   ] GC(390) Concurrent Select Relocation Set 6.974ms
[87.900s][info][gc,phases   ] GC(390) Pause Relocate Start 0.009ms
[87.906s][info][gc,phases   ] GC(390) Concurrent Relocate 5.606ms
[87.906s][info][gc,load     ] GC(390) Load: 0.00/0.00/0.00
[87.906s][info][gc,mmu      ] GC(390) MMU: 2ms/98.1%, 5ms/99.2%, 10ms/99.5%, 20ms/99.8%, 50ms/99.8%, 100ms/99.9%
[87.906s][info][gc,marking  ] GC(390) Mark: 4 stripe(s), 2 proactive flush(es), 1 terminate flush(es), 0 completion(s), 0 continuation(s) 
[87.906s][info][gc,marking  ] GC(390) Mark Stack Usage: 32M
[87.906s][info][gc,nmethod  ] GC(390) NMethods: 4397 registered, 818 unregistered
[87.906s][info][gc,metaspace] GC(390) Metaspace: 71M used, 71M committed, 1088M reserved
[87.906s][info][gc,ref      ] GC(390) Soft: 3837 encountered, 0 discovered, 0 enqueued
[87.906s][info][gc,ref      ] GC(390) Weak: 11610 encountered, 1207 discovered, 0 enqueued
[87.906s][info][gc,ref      ] GC(390) Final: 289 encountered, 26 discovered, 0 enqueued
[87.906s][info][gc,ref      ] GC(390) Phantom: 425 encountered, 300 discovered, 0 enqueued
[87.906s][info][gc,reloc    ] GC(390) Small Pages: 276 / 552M, Empty: 230M, Relocated: 3M, In-Place: 0
[87.906s][info][gc,reloc    ] GC(390) Medium Pages: 0 / 0M, Empty: 0M, Relocated: 0M, In-Place: 0
[87.906s][info][gc,reloc    ] GC(390) Large Pages: 0 / 0M, Empty: 0M, Relocated: 0M, In-Place: 0
[87.906s][info][gc,reloc    ] GC(390) Forwarding Usage: 1M
[87.906s][info][gc,heap     ] GC(390) Min Capacity: 8M(0%)
[87.906s][info][gc,heap     ] GC(390) Max Capacity: 2048M(100%)
[87.906s][info][gc,heap     ] GC(390) Soft Max Capacity: 2048M(100%)
[87.906s][info][gc,heap     ] GC(390)                Mark Start          Mark End        Relocate Start      Relocate End           High               Low         
[87.906s][info][gc,heap     ] GC(390)  Capacity:     2048M (100%)       2048M (100%)       2048M (100%)       2048M (100%)       2048M (100%)       2048M (100%)   
[87.906s][info][gc,heap     ] GC(390)      Free:     1496M (73%)        1332M (65%)        1508M (74%)        1732M (85%)        1744M (85%)        1310M (64%)    
[87.906s][info][gc,heap     ] GC(390)      Used:      552M (27%)         716M (35%)         540M (26%)         316M (15%)         738M (36%)         304M (15%)    
[87.906s][info][gc,heap     ] GC(390)      Live:         -                54M (3%)           54M (3%)           54M (3%)             -                  -          
[87.906s][info][gc,heap     ] GC(390) Allocated:         -               164M (8%)          218M (11%)         239M (12%)            -                  -          
[87.906s][info][gc,heap     ] GC(390)   Garbage:         -               497M (24%)         267M (13%)          22M (1%)             -                  -          
[87.906s][info][gc,heap     ] GC(390) Reclaimed:         -                  -               230M (11%)         475M (23%)            -                  -          
[87.906s][info][gc          ] GC(390) Garbage Collection (Allocation Rate) 552M(27%)->316M(15%)
[87.954s][info][gc,start    ] GC(391) Garbage Collection (Allocation Rate)
[87.954s][info][gc,task     ] GC(391) Using 6 workers
[87.954s][info][gc,phases   ] GC(391) Pause Mark Start 0.009ms
[87.991s][info][gc,phases   ] GC(391) Concurrent Mark 35.761ms
[87.991s][info][gc,phases   ] GC(391) Pause Mark End 0.025ms
[87.993s][info][gc,phases   ] GC(391) Concurrent Mark Free 0.002ms
[87.997s][info][gc,phases   ] GC(391) Concurrent Process Non-Strong References 3.406ms
[87.997s][info][gc,phases   ] GC(391) Concurrent Reset Relocation Set 0.041ms
[88.004s][info][gc,phases   ] GC(391) Concurrent Select Relocation Set 7.276ms
[88.005s][info][gc,phases   ] GC(391) Pause Relocate Start 0.008ms
[88.010s][info][gc,phases   ] GC(391) Concurrent Relocate 5.376ms
[88.010s][info][gc,load     ] GC(391) Load: 0.00/0.00/0.00
[88.010s][info][gc,mmu      ] GC(391) MMU: 2ms/98.1%, 5ms/99.2%, 10ms/99.5%, 20ms/99.8%, 50ms/99.8%, 100ms/99.9%
[88.010s][info][gc,marking  ] GC(391) Mark: 4 stripe(s), 2 proactive flush(es), 1 terminate flush(es), 0 completion(s), 0 continuation(s) 
[88.010s][info][gc,marking  ] GC(391) Mark Stack Usage: 32M
[88.010s][info][gc,nmethod  ] GC(391) NMethods: 4397 registered, 818 unregistered
[88.010s][info][gc,metaspace] GC(391) Metaspace: 71M used, 71M committed, 1088M reserved
[88.010s][info][gc,ref      ] GC(391) Soft: 3837 encountered, 0 discovered, 0 enqueued
[88.010s][info][gc,ref      ] GC(391) Weak: 11610 encountered, 1072 discovered, 0 enqueued
[88.010s][info][gc,ref      ] GC(391) Final: 289 encountered, 24 discovered, 0 enqueued
[88.011s][info][gc,ref      ] GC(391) Phantom: 425 encountered, 196 discovered, 0 enqueued
[88.011s][info][gc,reloc    ] GC(391) Small Pages: 279 / 558M, Empty: 240M, Relocated: 3M, In-Place: 0
[88.011s][info][gc,reloc    ] GC(391) Medium Pages: 0 / 0M, Empty: 0M, Relocated: 0M, In-Place: 0
[88.011s][info][gc,reloc    ] GC(391) Large Pages: 0 / 0M, Empty: 0M, Relocated: 0M, In-Place: 0
[88.011s][info][gc,reloc    ] GC(391) Forwarding Usage: 1M
[88.011s][info][gc,heap     ] GC(391) Min Capacity: 8M(0%)
[88.011s][info][gc,heap     ] GC(391) Max Capacity: 2048M(100%)
[88.011s][info][gc,heap     ] GC(391) Soft Max Capacity: 2048M(100%)
[88.011s][info][gc,heap     ] GC(391)                Mark Start          Mark End        Relocate Start      Relocate End           High               Low         
[88.011s][info][gc,heap     ] GC(391)  Capacity:     2048M (100%)       2048M (100%)       2048M (100%)       2048M (100%)       2048M (100%)       2048M (100%)   
[88.011s][info][gc,heap     ] GC(391)      Free:     1490M (73%)        1314M (64%)        1494M (73%)        1716M (84%)        1728M (84%)        1286M (63%)    
[88.011s][info][gc,heap     ] GC(391)      Used:      558M (27%)         734M (36%)         554M (27%)         332M (16%)         762M (37%)         320M (16%)    
[88.011s][info][gc,heap     ] GC(391)      Live:         -                54M (3%)           54M (3%)           54M (3%)             -                  -          
[88.011s][info][gc,heap     ] GC(391) Allocated:         -               176M (9%)          236M (12%)         255M (12%)            -                  -          
[88.011s][info][gc,heap     ] GC(391)   Garbage:         -               503M (25%)         263M (13%)          22M (1%)             -                  -          
[88.011s][info][gc,heap     ] GC(391) Reclaimed:         -                  -               240M (12%)         481M (24%)            -                  -          
[88.011s][info][gc          ] GC(391) Garbage Collection (Allocation Rate) 558M(27%)->332M(16%)
[88.053s][info][gc,start    ] GC(392) Garbage Collection (Allocation Rate)
[88.054s][info][gc,task     ] GC(392) Using 6 workers
[88.054s][info][gc,phases   ] GC(392) Pause Mark Start 0.009ms
[88.092s][info][gc,phases   ] GC(392) Concurrent Mark 38.052ms
[88.092s][info][gc,phases   ] GC(392) Pause Mark End 0.026ms
[88.093s][info][gc,phases   ] GC(392) Concurrent Mark Free 0.001ms
[88.096s][info][gc,phases   ] GC(392) Concurrent Process Non-Strong References 3.658ms
[88.097s][info][gc,phases   ] GC(392) Concurrent Reset Relocation Set 0.038ms
[88.101s][info][gc,phases   ] GC(392) Concurrent Select Relocation Set 4.740ms
[88.102s][info][gc,phases   ] GC(392) Pause Relocate Start 0.008ms
[88.107s][info][gc,phases   ] GC(392) Concurrent Relocate 5.355ms
[88.107s][info][gc,load     ] GC(392) Load: 0.00/0.00/0.00
[88.107s][info][gc,mmu      ] GC(392) MMU: 2ms/98.1%, 5ms/99.2%, 10ms/99.5%, 20ms/99.8%, 50ms/99.8%, 100ms/99.9%
[88.107s][info][gc,marking  ] GC(392) Mark: 4 stripe(s), 2 proactive flush(es), 1 terminate flush(es), 0 completion(s), 0 continuation(s) 
[88.107s][info][gc,marking  ] GC(392) Mark Stack Usage: 32M
[88.107s][info][gc,nmethod  ] GC(392) NMethods: 4397 registered, 818 unregistered
[88.108s][info][gc,metaspace] GC(392) Metaspace: 71M used, 71M committed, 1088M reserved
[88.108s][info][gc,ref      ] GC(392) Soft: 3837 encountered, 0 discovered, 0 enqueued
[88.108s][info][gc,ref      ] GC(392) Weak: 11610 encountered, 1351 discovered, 0 enqueued
[88.108s][info][gc,ref      ] GC(392) Final: 289 encountered, 29 discovered, 0 enqueued
[88.108s][info][gc,ref      ] GC(392) Phantom: 425 encountered, 291 discovered, 0 enqueued
[88.108s][info][gc,reloc    ] GC(392) Small Pages: 275 / 550M, Empty: 236M, Relocated: 3M, In-Place: 0
[88.108s][info][gc,reloc    ] GC(392) Medium Pages: 0 / 0M, Empty: 0M, Relocated: 0M, In-Place: 0
[88.108s][info][gc,reloc    ] GC(392) Large Pages: 0 / 0M, Empty: 0M, Relocated: 0M, In-Place: 0
[88.108s][info][gc,reloc    ] GC(392) Forwarding Usage: 1M
[88.108s][info][gc,heap     ] GC(392) Min Capacity: 8M(0%)
[88.108s][info][gc,heap     ] GC(392) Max Capacity: 2048M(100%)
[88.108s][info][gc,heap     ] GC(392) Soft Max Capacity: 2048M(100%)
[88.108s][info][gc,heap     ] GC(392)                Mark Start          Mark End        Relocate Start      Relocate End           High               Low         
[88.108s][info][gc,heap     ] GC(392)  Capacity:     2048M (100%)       2048M (100%)       2048M (100%)       2048M (100%)       2048M (100%)       2048M (100%)   
[88.108s][info][gc,heap     ] GC(392)      Free:     1498M (73%)        1316M (64%)        1512M (74%)        1730M (84%)        1738M (85%)        1296M (63%)    
[88.108s][info][gc,heap     ] GC(392)      Used:      550M (27%)         732M (36%)         536M (26%)         318M (16%)         752M (37%)         310M (15%)    
[88.108s][info][gc,heap     ] GC(392)      Live:         -                54M (3%)           54M (3%)           54M (3%)             -                  -          
[88.108s][info][gc,heap     ] GC(392) Allocated:         -               182M (9%)          222M (11%)         241M (12%)            -                  -          
[88.108s][info][gc,heap     ] GC(392)   Garbage:         -               495M (24%)         259M (13%)          22M (1%)             -                  -          
[88.108s][info][gc,heap     ] GC(392) Reclaimed:         -                  -               236M (12%)         473M (23%)            -                  -          
[88.108s][info][gc          ] GC(392) Garbage Collection (Allocation Rate) 550M(27%)->318M(16%)
[88.154s][info][gc,start    ] GC(393) Garbage Collection (Allocation Rate)
[88.154s][info][gc,task     ] GC(393) Using 6 workers
[88.154s][info][gc,phases   ] GC(393) Pause Mark Start 0.011ms
[88.191s][info][gc,phases   ] GC(393) Concurrent Mark 36.191ms
[88.191s][info][gc,phases   ] GC(393) Pause Mark End 0.031ms
[88.192s][info][gc,phases   ] GC(393) Concurrent Mark Free 0.002ms
[88.196s][info][gc,phases   ] GC(393) Concurrent Process Non-Strong References 3.659ms
[88.196s][info][gc,phases   ] GC(393) Concurrent Reset Relocation Set 0.034ms
[88.203s][info][gc,phases   ] GC(393) Concurrent Select Relocation Set 7.235ms
[88.204s][info][gc,phases   ] GC(393) Pause Relocate Start 0.009ms
[88.209s][info][gc,phases   ] GC(393) Concurrent Relocate 5.359ms
[88.210s][info][gc,load     ] GC(393) Load: 0.00/0.00/0.00
[88.210s][info][gc,mmu      ] GC(393) MMU: 2ms/98.1%, 5ms/99.2%, 10ms/99.5%, 20ms/99.8%, 50ms/99.8%, 100ms/99.9%
[88.210s][info][gc,marking  ] GC(393) Mark: 4 stripe(s), 3 proactive flush(es), 1 terminate flush(es), 0 completion(s), 0 continuation(s) 
[88.210s][info][gc,marking  ] GC(393) Mark Stack Usage: 32M
[88.210s][info][gc,nmethod  ] GC(393) NMethods: 4397 registered, 818 unregistered
[88.210s][info][gc,metaspace] GC(393) Metaspace: 71M used, 71M committed, 1088M reserved
[88.210s][info][gc,ref      ] GC(393) Soft: 3837 encountered, 0 discovered, 0 enqueued
[88.210s][info][gc,ref      ] GC(393) Weak: 11610 encountered, 1332 discovered, 0 enqueued
[88.210s][info][gc,ref      ] GC(393) Final: 289 encountered, 42 discovered, 0 enqueued
[88.210s][info][gc,ref      ] GC(393) Phantom: 425 encountered, 217 discovered, 0 enqueued
[88.210s][info][gc,reloc    ] GC(393) Small Pages: 277 / 554M, Empty: 234M, Relocated: 3M, In-Place: 0
[88.210s][info][gc,reloc    ] GC(393) Medium Pages: 0 / 0M, Empty: 0M, Relocated: 0M, In-Place: 0
[88.210s][info][gc,reloc    ] GC(393) Large Pages: 0 / 0M, Empty: 0M, Relocated: 0M, In-Place: 0
[88.210s][info][gc,reloc    ] GC(393) Forwarding Usage: 1M
[88.210s][info][gc,heap     ] GC(393) Min Capacity: 8M(0%)
[88.210s][info][gc,heap     ] GC(393) Max Capacity: 2048M(100%)
[88.210s][info][gc,heap     ] GC(393) Soft Max Capacity: 2048M(100%)
[88.210s][info][gc,heap     ] GC(393)                Mark Start          Mark End        Relocate Start      Relocate End           High               Low         
[88.210s][info][gc,heap     ] GC(393)  Capacity:     2048M (100%)       2048M (100%)       2048M (100%)       2048M (100%)       2048M (100%)       2048M (100%)   
[88.210s][info][gc,heap     ] GC(393)      Free:     1494M (73%)        1320M (64%)        1498M (73%)        1722M (84%)        1732M (85%)        1296M (63%)    
[88.210s][info][gc,heap     ] GC(393)      Used:      554M (27%)         728M (36%)         550M (27%)         326M (16%)         752M (37%)         316M (15%)    
[88.210s][info][gc,heap     ] GC(393)      Live:         -                54M (3%)           54M (3%)           54M (3%)             -                  -          
[88.210s][info][gc,heap     ] GC(393) Allocated:         -               174M (8%)          230M (11%)         249M (12%)            -                  -          
[88.210s][info][gc,heap     ] GC(393)   Garbage:         -               499M (24%)         265M (13%)          22M (1%)             -                  -          
[88.210s][info][gc,heap     ] GC(393) Reclaimed:         -                  -               234M (11%)         477M (23%)            -                  -          
[88.210s][info][gc          ] GC(393) Garbage Collection (Allocation Rate) 554M(27%)->326M(16%)
[88.254s][info][gc,start    ] GC(394) Garbage Collection (Allocation Rate)
[88.266s][info][gc,task     ] GC(394) Using 6 workers
[88.266s][info][gc,phases   ] GC(394) Pause Mark Start 0.010ms
[88.299s][info][gc,phases   ] GC(394) Concurrent Mark 32.175ms
[88.299s][info][gc,phases   ] GC(394) Pause Mark End 0.029ms
[88.301s][info][gc,phases   ] GC(394) Concurrent Mark Free 0.002ms
[88.307s][info][gc,phases   ] GC(394) Concurrent Process Non-Strong References 5.568ms
[88.307s][info][gc,phases   ] GC(394) Concurrent Reset Relocation Set 0.038ms
[88.312s][info][gc,phases   ] GC(394) Concurrent Select Relocation Set 4.705ms
[88.312s][info][gc,phases   ] GC(394) Pause Relocate Start 0.009ms
[88.317s][info][gc,phases   ] GC(394) Concurrent Relocate 4.329ms
[88.317s][info][gc,load     ] GC(394) Load: 0.00/0.00/0.00
[88.317s][info][gc,mmu      ] GC(394) MMU: 2ms/98.1%, 5ms/99.2%, 10ms/99.5%, 20ms/99.8%, 50ms/99.8%, 100ms/99.9%
[88.317s][info][gc,marking  ] GC(394) Mark: 4 stripe(s), 2 proactive flush(es), 1 terminate flush(es), 0 completion(s), 0 continuation(s) 
[88.317s][info][gc,marking  ] GC(394) Mark Stack Usage: 32M
[88.317s][info][gc,nmethod  ] GC(394) NMethods: 4397 registered, 818 unregistered
[88.317s][info][gc,metaspace] GC(394) Metaspace: 71M used, 71M committed, 1088M reserved
[88.317s][info][gc,ref      ] GC(394) Soft: 3837 encountered, 0 discovered, 0 enqueued
[88.317s][info][gc,ref      ] GC(394) Weak: 11610 encountered, 1199 discovered, 0 enqueued
[88.317s][info][gc,ref      ] GC(394) Final: 289 encountered, 26 discovered, 0 enqueued
[88.317s][info][gc,ref      ] GC(394) Phantom: 425 encountered, 176 discovered, 0 enqueued
[88.317s][info][gc,reloc    ] GC(394) Small Pages: 305 / 610M, Empty: 238M, Relocated: 3M, In-Place: 0
[88.317s][info][gc,reloc    ] GC(394) Medium Pages: 0 / 0M, Empty: 0M, Relocated: 0M, In-Place: 0
[88.317s][info][gc,reloc    ] GC(394) Large Pages: 0 / 0M, Empty: 0M, Relocated: 0M, In-Place: 0
[88.317s][info][gc,reloc    ] GC(394) Forwarding Usage: 1M
[88.317s][info][gc,heap     ] GC(394) Min Capacity: 8M(0%)
[88.317s][info][gc,heap     ] GC(394) Max Capacity: 2048M(100%)
[88.317s][info][gc,heap     ] GC(394) Soft Max Capacity: 2048M(100%)
[88.317s][info][gc,heap     ] GC(394)                Mark Start          Mark End        Relocate Start      Relocate End           High               Low         
[88.317s][info][gc,heap     ] GC(394)  Capacity:     2048M (100%)       2048M (100%)       2048M (100%)       2048M (100%)       2048M (100%)       2048M (100%)   
[88.317s][info][gc,heap     ] GC(394)      Free:     1438M (70%)        1282M (63%)        1464M (71%)        1748M (85%)        1750M (85%)        1248M (61%)    
[88.317s][info][gc,heap     ] GC(394)      Used:      610M (30%)         766M (37%)         584M (29%)         300M (15%)         800M (39%)         298M (15%)    
[88.317s][info][gc,heap     ] GC(394)      Live:         -                54M (3%)           54M (3%)           54M (3%)             -                  -          
[88.317s][info][gc,heap     ] GC(394) Allocated:         -               156M (8%)          212M (10%)         223M (11%)            -                  -          
[88.317s][info][gc,heap     ] GC(394)   Garbage:         -               555M (27%)         317M (16%)          22M (1%)             -                  -          
[88.317s][info][gc,heap     ] GC(394) Reclaimed:         -                  -               238M (12%)         533M (26%)            -                  -          
[88.317s][info][gc          ] GC(394) Garbage Collection (Allocation Rate) 610M(30%)->300M(15%)
[88.354s][info][gc,start    ] GC(395) Garbage Collection (Allocation Rate)
[88.354s][info][gc,task     ] GC(395) Using 6 workers
[88.354s][info][gc,phases   ] GC(395) Pause Mark Start 0.010ms
[88.389s][info][gc,phases   ] GC(395) Concurrent Mark 34.204ms
[88.389s][info][gc,phases   ] GC(395) Pause Mark End 0.025ms
[88.389s][info][gc,phases   ] GC(395) Concurrent Mark Free 0.002ms
[88.393s][info][gc,phases   ] GC(395) Concurrent Process Non-Strong References 3.835ms
[88.393s][info][gc,phases   ] GC(395) Concurrent Reset Relocation Set 0.050ms
[88.400s][info][gc,phases   ] GC(395) Concurrent Select Relocation Set 7.035ms
[88.400s][info][gc,phases   ] GC(395) Pause Relocate Start 0.008ms
[88.406s][info][gc,phases   ] GC(395) Concurrent Relocate 5.025ms
[88.406s][info][gc,load     ] GC(395) Load: 0.00/0.00/0.00
[88.406s][info][gc,mmu      ] GC(395) MMU: 2ms/98.1%, 5ms/99.2%, 10ms/99.5%, 20ms/99.8%, 50ms/99.8%, 100ms/99.9%
[88.406s][info][gc,marking  ] GC(395) Mark: 4 stripe(s), 3 proactive flush(es), 1 terminate flush(es), 0 completion(s), 0 continuation(s) 
[88.406s][info][gc,marking  ] GC(395) Mark Stack Usage: 32M
[88.406s][info][gc,nmethod  ] GC(395) NMethods: 4397 registered, 818 unregistered
[88.406s][info][gc,metaspace] GC(395) Metaspace: 71M used, 71M committed, 1088M reserved
[88.406s][info][gc,ref      ] GC(395) Soft: 3837 encountered, 0 discovered, 0 enqueued
[88.406s][info][gc,ref      ] GC(395) Weak: 11610 encountered, 1523 discovered, 0 enqueued
[88.406s][info][gc,ref      ] GC(395) Final: 289 encountered, 25 discovered, 0 enqueued
[88.406s][info][gc,ref      ] GC(395) Phantom: 425 encountered, 213 discovered, 0 enqueued
[88.406s][info][gc,reloc    ] GC(395) Small Pages: 244 / 488M, Empty: 212M, Relocated: 3M, In-Place: 0
[88.406s][info][gc,reloc    ] GC(395) Medium Pages: 0 / 0M, Empty: 0M, Relocated: 0M, In-Place: 0
[88.406s][info][gc,reloc    ] GC(395) Large Pages: 0 / 0M, Empty: 0M, Relocated: 0M, In-Place: 0
[88.406s][info][gc,reloc    ] GC(395) Forwarding Usage: 1M
[88.406s][info][gc,heap     ] GC(395) Min Capacity: 8M(0%)
[88.406s][info][gc,heap     ] GC(395) Max Capacity: 2048M(100%)
[88.406s][info][gc,heap     ] GC(395) Soft Max Capacity: 2048M(100%)
[88.406s][info][gc,heap     ] GC(395)                Mark Start          Mark End        Relocate Start      Relocate End           High               Low         
[88.406s][info][gc,heap     ] GC(395)  Capacity:     2048M (100%)       2048M (100%)       2048M (100%)       2048M (100%)       2048M (100%)       2048M (100%)   
[88.406s][info][gc,heap     ] GC(395)      Free:     1560M (76%)        1392M (68%)        1554M (76%)        1736M (85%)        1746M (85%)        1376M (67%)    
[88.406s][info][gc,heap     ] GC(395)      Used:      488M (24%)         656M (32%)         494M (24%)         312M (15%)         672M (33%)         302M (15%)    
[88.406s][info][gc,heap     ] GC(395)      Live:         -                54M (3%)           54M (3%)           54M (3%)             -                  -          
[88.406s][info][gc,heap     ] GC(395) Allocated:         -               168M (8%)          218M (11%)         235M (12%)            -                  -          
[88.406s][info][gc,heap     ] GC(395)   Garbage:         -               433M (21%)         221M (11%)          22M (1%)             -                  -          
[88.406s][info][gc,heap     ] GC(395) Reclaimed:         -                  -               212M (10%)         411M (20%)            -                  -          
[88.406s][info][gc          ] GC(395) Garbage Collection (Allocation Rate) 488M(24%)->312M(15%)
[88.554s][info][gc,start    ] GC(396) Garbage Collection (Allocation Rate)
[88.555s][info][gc,task     ] GC(396) Using 4 workers
[88.555s][info][gc,phases   ] GC(396) Pause Mark Start 0.014ms
[88.604s][info][gc,phases   ] GC(396) Concurrent Mark 49.094ms
[88.605s][info][gc,phases   ] GC(396) Pause Mark End 0.027ms
[88.605s][info][gc,phases   ] GC(396) Concurrent Mark Free 0.001ms
[88.610s][info][gc,phases   ] GC(396) Concurrent Process Non-Strong References 4.723ms
[88.610s][info][gc,phases   ] GC(396) Concurrent Reset Relocation Set 0.032ms
[88.617s][info][gc,phases   ] GC(396) Concurrent Select Relocation Set 7.173ms
[88.617s][info][gc,phases   ] GC(396) Pause Relocate Start 0.008ms
[88.624s][info][gc,phases   ] GC(396) Concurrent Relocate 6.752ms
[88.625s][info][gc,load     ] GC(396) Load: 0.00/0.00/0.00
[88.625s][info][gc,mmu      ] GC(396) MMU: 2ms/98.1%, 5ms/99.2%, 10ms/99.5%, 20ms/99.8%, 50ms/99.8%, 100ms/99.9%
[88.625s][info][gc,marking  ] GC(396) Mark: 4 stripe(s), 2 proactive flush(es), 1 terminate flush(es), 0 completion(s), 0 continuation(s) 
[88.625s][info][gc,marking  ] GC(396) Mark Stack Usage: 32M
[88.625s][info][gc,nmethod  ] GC(396) NMethods: 4397 registered, 819 unregistered
[88.625s][info][gc,metaspace] GC(396) Metaspace: 71M used, 71M committed, 1088M reserved
[88.625s][info][gc,ref      ] GC(396) Soft: 3837 encountered, 0 discovered, 0 enqueued
[88.625s][info][gc,ref      ] GC(396) Weak: 11610 encountered, 2149 discovered, 0 enqueued
[88.625s][info][gc,ref      ] GC(396) Final: 289 encountered, 6 discovered, 0 enqueued
[88.625s][info][gc,ref      ] GC(396) Phantom: 425 encountered, 272 discovered, 0 enqueued
[88.625s][info][gc,reloc    ] GC(396) Small Pages: 527 / 1054M, Empty: 652M, Relocated: 3M, In-Place: 0
[88.625s][info][gc,reloc    ] GC(396) Medium Pages: 0 / 0M, Empty: 0M, Relocated: 0M, In-Place: 0
[88.625s][info][gc,reloc    ] GC(396) Large Pages: 0 / 0M, Empty: 0M, Relocated: 0M, In-Place: 0
[88.625s][info][gc,reloc    ] GC(396) Forwarding Usage: 1M
[88.625s][info][gc,heap     ] GC(396) Min Capacity: 8M(0%)
[88.625s][info][gc,heap     ] GC(396) Max Capacity: 2048M(100%)
[88.625s][info][gc,heap     ] GC(396) Soft Max Capacity: 2048M(100%)
[88.625s][info][gc,heap     ] GC(396)                Mark Start          Mark End        Relocate Start      Relocate End           High               Low         
[88.625s][info][gc,heap     ] GC(396)  Capacity:     2048M (100%)       2048M (100%)       2048M (100%)       2048M (100%)       2048M (100%)       2048M (100%)   
[88.625s][info][gc,heap     ] GC(396)      Free:      994M (49%)         756M (37%)        1348M (66%)        1654M (81%)        1664M (81%)         732M (36%)    
[88.625s][info][gc,heap     ] GC(396)      Used:     1054M (51%)        1292M (63%)         700M (34%)         394M (19%)        1316M (64%)         384M (19%)    
[88.625s][info][gc,heap     ] GC(396)      Live:         -                54M (3%)           54M (3%)           54M (3%)             -                  -          
[88.625s][info][gc,heap     ] GC(396) Allocated:         -               238M (12%)         298M (15%)         321M (16%)            -                  -          
[88.625s][info][gc,heap     ] GC(396)   Garbage:         -               999M (49%)         347M (17%)          18M (1%)             -                  -          
[88.625s][info][gc,heap     ] GC(396) Reclaimed:         -                  -               652M (32%)         981M (48%)            -                  -          
[88.625s][info][gc          ] GC(396) Garbage Collection (Allocation Rate) 1054M(51%)->394M(19%)
[88.754s][info][gc,start    ] GC(397) Garbage Collection (Allocation Rate)
[88.754s][info][gc,task     ] GC(397) Using 4 workers
[88.754s][info][gc,phases   ] GC(397) Pause Mark Start 0.012ms
[88.802s][info][gc,phases   ] GC(397) Concurrent Mark 47.222ms
[88.802s][info][gc,phases   ] GC(397) Pause Mark End 0.029ms
[88.804s][info][gc,phases   ] GC(397) Concurrent Mark Free 0.002ms
[88.809s][info][gc,phases   ] GC(397) Concurrent Process Non-Strong References 5.100ms
[88.809s][info][gc,phases   ] GC(397) Concurrent Reset Relocation Set 0.044ms
[88.814s][info][gc,phases   ] GC(397) Concurrent Select Relocation Set 5.103ms
[88.814s][info][gc,phases   ] GC(397) Pause Relocate Start 0.009ms
[88.820s][info][gc,phases   ] GC(397) Concurrent Relocate 5.683ms
[88.820s][info][gc,load     ] GC(397) Load: 0.00/0.00/0.00
[88.820s][info][gc,mmu      ] GC(397) MMU: 2ms/98.1%, 5ms/99.2%, 10ms/99.5%, 20ms/99.8%, 50ms/99.8%, 100ms/99.9%
[88.820s][info][gc,marking  ] GC(397) Mark: 4 stripe(s), 2 proactive flush(es), 1 terminate flush(es), 0 completion(s), 0 continuation(s) 
[88.820s][info][gc,marking  ] GC(397) Mark Stack Usage: 32M
[88.820s][info][gc,nmethod  ] GC(397) NMethods: 4397 registered, 819 unregistered
[88.820s][info][gc,metaspace] GC(397) Metaspace: 71M used, 71M committed, 1088M reserved
[88.820s][info][gc,ref      ] GC(397) Soft: 3837 encountered, 0 discovered, 0 enqueued
[88.820s][info][gc,ref      ] GC(397) Weak: 11610 encountered, 1380 discovered, 0 enqueued
[88.820s][info][gc,ref      ] GC(397) Final: 289 encountered, 12 discovered, 0 enqueued
[88.820s][info][gc,ref      ] GC(397) Phantom: 425 encountered, 295 discovered, 0 enqueued
[88.820s][info][gc,reloc    ] GC(397) Small Pages: 523 / 1046M, Empty: 684M, Relocated: 3M, In-Place: 0
[88.820s][info][gc,reloc    ] GC(397) Medium Pages: 0 / 0M, Empty: 0M, Relocated: 0M, In-Place: 0
[88.820s][info][gc,reloc    ] GC(397) Large Pages: 0 / 0M, Empty: 0M, Relocated: 0M, In-Place: 0
[88.820s][info][gc,reloc    ] GC(397) Forwarding Usage: 1M
[88.820s][info][gc,heap     ] GC(397) Min Capacity: 8M(0%)
[88.820s][info][gc,heap     ] GC(397) Max Capacity: 2048M(100%)
[88.820s][info][gc,heap     ] GC(397) Soft Max Capacity: 2048M(100%)
[88.821s][info][gc,heap     ] GC(397)                Mark Start          Mark End        Relocate Start      Relocate End           High               Low         
[88.821s][info][gc,heap     ] GC(397)  Capacity:     2048M (100%)       2048M (100%)       2048M (100%)       2048M (100%)       2048M (100%)       2048M (100%)   
[88.821s][info][gc,heap     ] GC(397)      Free:     1002M (49%)         772M (38%)        1404M (69%)        1672M (82%)        1676M (82%)         742M (36%)    
[88.821s][info][gc,heap     ] GC(397)      Used:     1046M (51%)        1276M (62%)         644M (31%)         376M (18%)        1306M (64%)         372M (18%)    
[88.821s][info][gc,heap     ] GC(397)      Live:         -                54M (3%)           54M (3%)           54M (3%)             -                  -          
[88.821s][info][gc,heap     ] GC(397) Allocated:         -               230M (11%)         282M (14%)         303M (15%)            -                  -          
[88.821s][info][gc,heap     ] GC(397)   Garbage:         -               991M (48%)         307M (15%)          18M (1%)             -                  -          
[88.821s][info][gc,heap     ] GC(397) Reclaimed:         -                  -               684M (33%)         973M (48%)            -                  -          
[88.821s][info][gc          ] GC(397) Garbage Collection (Allocation Rate) 1046M(51%)->376M(18%)
[88.954s][info][gc,start    ] GC(398) Garbage Collection (Allocation Rate)
[88.954s][info][gc,task     ] GC(398) Using 3 workers
[88.954s][info][gc,phases   ] GC(398) Pause Mark Start 0.010ms
[89.016s][info][gc,phases   ] GC(398) Concurrent Mark 60.826ms
[89.016s][info][gc,phases   ] GC(398) Pause Mark End 0.020ms
[89.016s][info][gc,phases   ] GC(398) Concurrent Mark Free 0.002ms
[89.023s][info][gc,phases   ] GC(398) Concurrent Process Non-Strong References 6.451ms
[89.023s][info][gc,phases   ] GC(398) Concurrent Reset Relocation Set 0.041ms
[89.032s][info][gc,phases   ] GC(398) Concurrent Select Relocation Set 8.860ms
[89.032s][info][gc,phases   ] GC(398) Pause Relocate Start 0.009ms
[89.046s][info][gc,phases   ] GC(398) Concurrent Relocate 13.536ms
[89.046s][info][gc,load     ] GC(398) Load: 0.00/0.00/0.00
[89.046s][info][gc,mmu      ] GC(398) MMU: 2ms/98.1%, 5ms/99.2%, 10ms/99.5%, 20ms/99.8%, 50ms/99.8%, 100ms/99.9%
[89.046s][info][gc,marking  ] GC(398) Mark: 2 stripe(s), 2 proactive flush(es), 1 terminate flush(es), 0 completion(s), 0 continuation(s) 
[89.046s][info][gc,marking  ] GC(398) Mark Stack Usage: 32M
[89.046s][info][gc,nmethod  ] GC(398) NMethods: 4391 registered, 827 unregistered
[89.046s][info][gc,metaspace] GC(398) Metaspace: 71M used, 71M committed, 1088M reserved
[89.046s][info][gc,ref      ] GC(398) Soft: 3837 encountered, 0 discovered, 0 enqueued
[89.046s][info][gc,ref      ] GC(398) Weak: 11558 encountered, 1658 discovered, 144 enqueued
[89.046s][info][gc,ref      ] GC(398) Final: 289 encountered, 31 discovered, 0 enqueued
[89.046s][info][gc,ref      ] GC(398) Phantom: 425 encountered, 248 discovered, 0 enqueued
[89.046s][info][gc,reloc    ] GC(398) Small Pages: 522 / 1044M, Empty: 660M, Relocated: 8M, In-Place: 0
[89.046s][info][gc,reloc    ] GC(398) Medium Pages: 0 / 0M, Empty: 0M, Relocated: 0M, In-Place: 0
[89.046s][info][gc,reloc    ] GC(398) Large Pages: 0 / 0M, Empty: 0M, Relocated: 0M, In-Place: 0
[89.046s][info][gc,reloc    ] GC(398) Forwarding Usage: 3M
[89.046s][info][gc,heap     ] GC(398) Min Capacity: 8M(0%)
[89.047s][info][gc,heap     ] GC(398) Max Capacity: 2048M(100%)
[89.047s][info][gc,heap     ] GC(398) Soft Max Capacity: 2048M(100%)
[89.047s][info][gc,heap     ] GC(398)                Mark Start          Mark End        Relocate Start      Relocate End           High               Low         
[89.047s][info][gc,heap     ] GC(398)  Capacity:     2048M (100%)       2048M (100%)       2048M (100%)       2048M (100%)       2048M (100%)       2048M (100%)   
[89.047s][info][gc,heap     ] GC(398)      Free:     1004M (49%)         708M (35%)        1294M (63%)        1566M (76%)        1600M (78%)         676M (33%)    
[89.047s][info][gc,heap     ] GC(398)      Used:     1044M (51%)        1340M (65%)         754M (37%)         482M (24%)        1372M (67%)         448M (22%)    
[89.047s][info][gc,heap     ] GC(398)      Live:         -                52M (3%)           52M (3%)           52M (3%)             -                  -          
[89.047s][info][gc,heap     ] GC(398) Allocated:         -               296M (14%)         370M (18%)         416M (20%)            -                  -          
[89.047s][info][gc,heap     ] GC(398)   Garbage:         -               991M (48%)         331M (16%)          13M (1%)             -                  -          
[89.047s][info][gc,heap     ] GC(398) Reclaimed:         -                  -               660M (32%)         978M (48%)            -                  -          
[89.047s][info][gc          ] GC(398) Garbage Collection (Allocation Rate) 1044M(51%)->482M(24%)
[89.154s][info][gc,start    ] GC(399) Garbage Collection (Allocation Rate)
[89.154s][info][gc,task     ] GC(399) Using 3 workers
[89.154s][info][gc,phases   ] GC(399) Pause Mark Start 0.010ms
[89.223s][info][gc,phases   ] GC(399) Concurrent Mark 68.444ms
[89.223s][info][gc,phases   ] GC(399) Pause Mark End 0.022ms
[89.224s][info][gc,phases   ] GC(399) Concurrent Mark Free 0.001ms
[89.231s][info][gc,phases   ] GC(399) Concurrent Process Non-Strong References 7.063ms
[89.231s][info][gc,phases   ] GC(399) Concurrent Reset Relocation Set 0.042ms
[89.236s][info][gc,phases   ] GC(399) Concurrent Select Relocation Set 5.363ms
[89.236s][info][gc,phases   ] GC(399) Pause Relocate Start 0.008ms
[89.251s][info][gc,phases   ] GC(399) Concurrent Relocate 14.102ms
[89.251s][info][gc,load     ] GC(399) Load: 0.00/0.00/0.00
[89.251s][info][gc,mmu      ] GC(399) MMU: 2ms/98.1%, 5ms/99.2%, 10ms/99.5%, 20ms/99.8%, 50ms/99.8%, 100ms/99.9%
[89.251s][info][gc,marking  ] GC(399) Mark: 2 stripe(s), 2 proactive flush(es), 1 terminate flush(es), 0 completion(s), 0 continuation(s) 
[89.251s][info][gc,marking  ] GC(399) Mark Stack Usage: 32M
[89.251s][info][gc,nmethod  ] GC(399) NMethods: 4391 registered, 827 unregistered
[89.251s][info][gc,metaspace] GC(399) Metaspace: 71M used, 71M committed, 1088M reserved
[89.251s][info][gc,ref      ] GC(399) Soft: 3837 encountered, 0 discovered, 0 enqueued
[89.251s][info][gc,ref      ] GC(399) Weak: 11414 encountered, 1227 discovered, 0 enqueued
[89.251s][info][gc,ref      ] GC(399) Final: 289 encountered, 31 discovered, 0 enqueued
[89.251s][info][gc,ref      ] GC(399) Phantom: 425 encountered, 223 discovered, 0 enqueued
[89.251s][info][gc,reloc    ] GC(399) Small Pages: 513 / 1026M, Empty: 644M, Relocated: 6M, In-Place: 0
[89.251s][info][gc,reloc    ] GC(399) Medium Pages: 0 / 0M, Empty: 0M, Relocated: 0M, In-Place: 0
[89.251s][info][gc,reloc    ] GC(399) Large Pages: 0 / 0M, Empty: 0M, Relocated: 0M, In-Place: 0
[89.251s][info][gc,reloc    ] GC(399) Forwarding Usage: 2M
[89.251s][info][gc,heap     ] GC(399) Min Capacity: 8M(0%)
[89.251s][info][gc,heap     ] GC(399) Max Capacity: 2048M(100%)
[89.251s][info][gc,heap     ] GC(399) Soft Max Capacity: 2048M(100%)
[89.251s][info][gc,heap     ] GC(399)                Mark Start          Mark End        Relocate Start      Relocate End           High               Low         
[89.251s][info][gc,heap     ] GC(399)  Capacity:     2048M (100%)       2048M (100%)       2048M (100%)       2048M (100%)       2048M (100%)       2048M (100%)   
[89.252s][info][gc,heap     ] GC(399)      Free:     1022M (50%)         692M (34%)        1274M (62%)        1538M (75%)        1574M (77%)         656M (32%)    
[89.252s][info][gc,heap     ] GC(399)      Used:     1026M (50%)        1356M (66%)         774M (38%)         510M (25%)        1392M (68%)         474M (23%)    
[89.252s][info][gc,heap     ] GC(399)      Live:         -                52M (3%)           52M (3%)           52M (3%)             -                  -          
[89.252s][info][gc,heap     ] GC(399) Allocated:         -               330M (16%)         392M (19%)         446M (22%)            -                  -          
[89.252s][info][gc,heap     ] GC(399)   Garbage:         -               973M (48%)         329M (16%)          11M (1%)             -                  -          
[89.252s][info][gc,heap     ] GC(399) Reclaimed:         -                  -               644M (31%)         962M (47%)            -                  -          
[89.252s][info][gc          ] GC(399) Garbage Collection (Allocation Rate) 1026M(50%)->510M(25%)
[89.354s][info][gc,start    ] GC(400) Garbage Collection (Allocation Rate)
[89.354s][info][gc,task     ] GC(400) Using 3 workers
[89.354s][info][gc,phases   ] GC(400) Pause Mark Start 0.011ms
[89.422s][info][gc,phases   ] GC(400) Concurrent Mark 67.640ms
[89.422s][info][gc,phases   ] GC(400) Pause Mark End 0.025ms
[89.422s][info][gc,phases   ] GC(400) Concurrent Mark Free 0.001ms
[89.429s][info][gc,phases   ] GC(400) Concurrent Process Non-Strong References 6.205ms
[89.429s][info][gc,phases   ] GC(400) Concurrent Reset Relocation Set 0.045ms
[89.434s][info][gc,phases   ] GC(400) Concurrent Select Relocation Set 5.116ms
[89.434s][info][gc,phases   ] GC(400) Pause Relocate Start 0.008ms
[89.445s][info][gc,phases   ] GC(400) Concurrent Relocate 10.652ms
[89.445s][info][gc,load     ] GC(400) Load: 0.00/0.00/0.00
[89.445s][info][gc,mmu      ] GC(400) MMU: 2ms/98.1%, 5ms/99.2%, 10ms/99.5%, 20ms/99.8%, 50ms/99.8%, 100ms/99.9%
[89.445s][info][gc,marking  ] GC(400) Mark: 2 stripe(s), 2 proactive flush(es), 1 terminate flush(es), 0 completion(s), 0 continuation(s) 
[89.445s][info][gc,marking  ] GC(400) Mark Stack Usage: 32M
[89.445s][info][gc,nmethod  ] GC(400) NMethods: 4391 registered, 827 unregistered
[89.445s][info][gc,metaspace] GC(400) Metaspace: 71M used, 71M committed, 1088M reserved
[89.445s][info][gc,ref      ] GC(400) Soft: 3837 encountered, 0 discovered, 0 enqueued
[89.445s][info][gc,ref      ] GC(400) Weak: 11414 encountered, 1126 discovered, 0 enqueued
[89.445s][info][gc,ref      ] GC(400) Final: 289 encountered, 103 discovered, 0 enqueued
[89.445s][info][gc,ref      ] GC(400) Phantom: 425 encountered, 222 discovered, 0 enqueued
[89.445s][info][gc,reloc    ] GC(400) Small Pages: 513 / 1026M, Empty: 578M, Relocated: 6M, In-Place: 0
[89.445s][info][gc,reloc    ] GC(400) Medium Pages: 0 / 0M, Empty: 0M, Relocated: 0M, In-Place: 0
[89.445s][info][gc,reloc    ] GC(400) Large Pages: 0 / 0M, Empty: 0M, Relocated: 0M, In-Place: 0
[89.445s][info][gc,reloc    ] GC(400) Forwarding Usage: 2M
[89.445s][info][gc,heap     ] GC(400) Min Capacity: 8M(0%)
[89.445s][info][gc,heap     ] GC(400) Max Capacity: 2048M(100%)
[89.445s][info][gc,heap     ] GC(400) Soft Max Capacity: 2048M(100%)
[89.445s][info][gc,heap     ] GC(400)                Mark Start          Mark End        Relocate Start      Relocate End           High               Low         
[89.445s][info][gc,heap     ] GC(400)  Capacity:     2048M (100%)       2048M (100%)       2048M (100%)       2048M (100%)       2048M (100%)       2048M (100%)   
[89.446s][info][gc,heap     ] GC(400)      Free:     1022M (50%)         694M (34%)        1216M (59%)        1564M (76%)        1590M (78%)         662M (32%)    
[89.446s][info][gc,heap     ] GC(400)      Used:     1026M (50%)        1354M (66%)         832M (41%)         484M (24%)        1386M (68%)         458M (22%)    
[89.446s][info][gc,heap     ] GC(400)      Live:         -                52M (3%)           52M (3%)           52M (3%)             -                  -          
[89.446s][info][gc,heap     ] GC(400) Allocated:         -               328M (16%)         384M (19%)         418M (20%)            -                  -          
[89.446s][info][gc,heap     ] GC(400)   Garbage:         -               973M (48%)         395M (19%)          13M (1%)             -                  -          
[89.446s][info][gc,heap     ] GC(400) Reclaimed:         -                  -               578M (28%)         960M (47%)            -                  -          
[89.446s][info][gc          ] GC(400) Garbage Collection (Allocation Rate) 1026M(50%)->484M(24%)
[89.554s][info][gc,start    ] GC(401) Garbage Collection (Allocation Rate)
[89.554s][info][gc,task     ] GC(401) Using 3 workers
[89.554s][info][gc,phases   ] GC(401) Pause Mark Start 0.009ms
[89.615s][info][gc,phases   ] GC(401) Concurrent Mark 60.817ms
[89.666s][info][gc,phases   ] GC(401) Pause Mark End 0.024ms
[89.667s][info][gc,phases   ] GC(401) Concurrent Mark Free 0.002ms
[89.674s][info][gc,phases   ] GC(401) Concurrent Process Non-Strong References 6.790ms
[89.674s][info][gc,phases   ] GC(401) Concurrent Reset Relocation Set 0.050ms
[89.682s][info][gc,phases   ] GC(401) Concurrent Select Relocation Set 8.108ms
[89.683s][info][gc,phases   ] GC(401) Pause Relocate Start 0.008ms
[89.693s][info][gc,phases   ] GC(401) Concurrent Relocate 9.807ms
[89.693s][info][gc,load     ] GC(401) Load: 0.00/0.00/0.00
[89.693s][info][gc,mmu      ] GC(401) MMU: 2ms/98.1%, 5ms/99.2%, 10ms/99.5%, 20ms/99.8%, 50ms/99.8%, 100ms/99.9%
[89.694s][info][gc,marking  ] GC(401) Mark: 2 stripe(s), 2 proactive flush(es), 1 terminate flush(es), 0 completion(s), 0 continuation(s) 
[89.694s][info][gc,marking  ] GC(401) Mark Stack Usage: 32M
[89.694s][info][gc,nmethod  ] GC(401) NMethods: 4391 registered, 827 unregistered
[89.694s][info][gc,metaspace] GC(401) Metaspace: 71M used, 71M committed, 1088M reserved
[89.694s][info][gc,ref      ] GC(401) Soft: 3837 encountered, 0 discovered, 0 enqueued
[89.694s][info][gc,ref      ] GC(401) Weak: 11414 encountered, 1237 discovered, 0 enqueued
[89.694s][info][gc,ref      ] GC(401) Final: 289 encountered, 44 discovered, 0 enqueued
[89.694s][info][gc,ref      ] GC(401) Phantom: 425 encountered, 197 discovered, 0 enqueued
[89.694s][info][gc,reloc    ] GC(401) Small Pages: 515 / 1030M, Empty: 668M, Relocated: 6M, In-Place: 0
[89.694s][info][gc,reloc    ] GC(401) Medium Pages: 0 / 0M, Empty: 0M, Relocated: 0M, In-Place: 0
[89.694s][info][gc,reloc    ] GC(401) Large Pages: 0 / 0M, Empty: 0M, Relocated: 0M, In-Place: 0
[89.694s][info][gc,reloc    ] GC(401) Forwarding Usage: 2M
[89.694s][info][gc,heap     ] GC(401) Min Capacity: 8M(0%)
[89.694s][info][gc,heap     ] GC(401) Max Capacity: 2048M(100%)
[89.694s][info][gc,heap     ] GC(401) Soft Max Capacity: 2048M(100%)
[89.694s][info][gc,heap     ] GC(401)                Mark Start          Mark End        Relocate Start      Relocate End           High               Low         
[89.694s][info][gc,heap     ] GC(401)  Capacity:     2048M (100%)       2048M (100%)       2048M (100%)       2048M (100%)       2048M (100%)       2048M (100%)   
[89.694s][info][gc,heap     ] GC(401)      Free:     1018M (50%)         464M (23%)        1052M (51%)        1320M (64%)        1338M (65%)         426M (21%)    
[89.694s][info][gc,heap     ] GC(401)      Used:     1030M (50%)        1584M (77%)         996M (49%)         728M (36%)        1622M (79%)         710M (35%)    
[89.694s][info][gc,heap     ] GC(401)      Live:         -                52M (3%)           52M (3%)           52M (3%)             -                  -          
[89.694s][info][gc,heap     ] GC(401) Allocated:         -               554M (27%)         634M (31%)         664M (32%)            -                  -          
[89.694s][info][gc,heap     ] GC(401)   Garbage:         -               977M (48%)         309M (15%)          11M (1%)             -                  -          
[89.694s][info][gc,heap     ] GC(401) Reclaimed:         -                  -               668M (33%)         966M (47%)            -                  -          
[89.694s][info][gc          ] GC(401) Garbage Collection (Allocation Rate) 1030M(50%)->728M(36%)
[89.754s][info][gc,start    ] GC(402) Garbage Collection (Allocation Rate)
[89.754s][info][gc,task     ] GC(402) Using 10 workers
[89.754s][info][gc,phases   ] GC(402) Pause Mark Start 0.011ms
[89.777s][info][gc,phases   ] GC(402) Concurrent Mark 22.495ms
[89.778s][info][gc,phases   ] GC(402) Pause Mark End 0.024ms
[89.778s][info][gc,phases   ] GC(402) Concurrent Mark Free 0.001ms
[89.780s][info][gc,phases   ] GC(402) Concurrent Process Non-Strong References 2.416ms
[89.780s][info][gc,phases   ] GC(402) Concurrent Reset Relocation Set 0.051ms
[89.791s][info][gc,phases   ] GC(402) Concurrent Select Relocation Set 10.545ms
[89.791s][info][gc,phases   ] GC(402) Pause Relocate Start 0.009ms
[89.796s][info][gc,phases   ] GC(402) Concurrent Relocate 4.453ms
[89.796s][info][gc,load     ] GC(402) Load: 0.00/0.00/0.00
[89.796s][info][gc,mmu      ] GC(402) MMU: 2ms/98.1%, 5ms/99.2%, 10ms/99.5%, 20ms/99.8%, 50ms/99.8%, 100ms/99.9%
[89.796s][info][gc,marking  ] GC(402) Mark: 8 stripe(s), 3 proactive flush(es), 1 terminate flush(es), 0 completion(s), 0 continuation(s) 
[89.796s][info][gc,marking  ] GC(402) Mark Stack Usage: 32M
[89.796s][info][gc,nmethod  ] GC(402) NMethods: 4391 registered, 827 unregistered
[89.796s][info][gc,metaspace] GC(402) Metaspace: 71M used, 71M committed, 1088M reserved
[89.796s][info][gc,ref      ] GC(402) Soft: 3837 encountered, 0 discovered, 0 enqueued
[89.796s][info][gc,ref      ] GC(402) Weak: 11414 encountered, 1554 discovered, 0 enqueued
[89.796s][info][gc,ref      ] GC(402) Final: 289 encountered, 8 discovered, 0 enqueued
[89.796s][info][gc,ref      ] GC(402) Phantom: 425 encountered, 278 discovered, 0 enqueued
[89.796s][info][gc,reloc    ] GC(402) Small Pages: 517 / 1034M, Empty: 660M, Relocated: 6M, In-Place: 0
[89.796s][info][gc,reloc    ] GC(402) Medium Pages: 0 / 0M, Empty: 0M, Relocated: 0M, In-Place: 0
[89.796s][info][gc,reloc    ] GC(402) Large Pages: 0 / 0M, Empty: 0M, Relocated: 0M, In-Place: 0
[89.796s][info][gc,reloc    ] GC(402) Forwarding Usage: 2M
[89.796s][info][gc,heap     ] GC(402) Min Capacity: 8M(0%)
[89.796s][info][gc,heap     ] GC(402) Max Capacity: 2048M(100%)
[89.796s][info][gc,heap     ] GC(402) Soft Max Capacity: 2048M(100%)
[89.796s][info][gc,heap     ] GC(402)                Mark Start          Mark End        Relocate Start      Relocate End           High               Low         
[89.796s][info][gc,heap     ] GC(402)  Capacity:     2048M (100%)       2048M (100%)       2048M (100%)       2048M (100%)       2048M (100%)       2048M (100%)   
[89.796s][info][gc,heap     ] GC(402)      Free:     1014M (50%)         904M (44%)        1502M (73%)        1792M (88%)        1792M (88%)         892M (44%)    
[89.796s][info][gc,heap     ] GC(402)      Used:     1034M (50%)        1144M (56%)         546M (27%)         256M (13%)        1156M (56%)         256M (13%)    
[89.796s][info][gc,heap     ] GC(402)      Live:         -                52M (3%)           52M (3%)           52M (3%)             -                  -          
[89.796s][info][gc,heap     ] GC(402) Allocated:         -               110M (5%)          172M (8%)          179M (9%)             -                  -          
[89.796s][info][gc,heap     ] GC(402)   Garbage:         -               981M (48%)         321M (16%)          24M (1%)             -                  -          
[89.796s][info][gc,heap     ] GC(402) Reclaimed:         -                  -               660M (32%)         957M (47%)            -                  -          
[89.796s][info][gc          ] GC(402) Garbage Collection (Allocation Rate) 1034M(50%)->256M(13%)
[89.954s][info][gc,start    ] GC(403) Garbage Collection (Allocation Rate)
[89.954s][info][gc,task     ] GC(403) Using 6 workers
[89.954s][info][gc,phases   ] GC(403) Pause Mark Start 0.011ms
[89.989s][info][gc,phases   ] GC(403) Concurrent Mark 34.035ms
[89.989s][info][gc,phases   ] GC(403) Pause Mark End 0.024ms
[89.991s][info][gc,phases   ] GC(403) Concurrent Mark Free 0.002ms
[89.995s][info][gc,phases   ] GC(403) Concurrent Process Non-Strong References 4.227ms
[89.995s][info][gc,phases   ] GC(403) Concurrent Reset Relocation Set 0.041ms
[90.002s][info][gc,phases   ] GC(403) Concurrent Select Relocation Set 6.594ms
[90.002s][info][gc,phases   ] GC(403) Pause Relocate Start 0.008ms
[90.005s][info][gc,phases   ] GC(403) Concurrent Relocate 3.253ms
[90.006s][info][gc,load     ] GC(403) Load: 0.00/0.00/0.00
[90.006s][info][gc,mmu      ] GC(403) MMU: 2ms/98.1%, 5ms/99.2%, 10ms/99.5%, 20ms/99.8%, 50ms/99.8%, 100ms/99.9%
[90.006s][info][gc,marking  ] GC(403) Mark: 4 stripe(s), 2 proactive flush(es), 1 terminate flush(es), 0 completion(s), 0 continuation(s) 
[90.006s][info][gc,marking  ] GC(403) Mark Stack Usage: 32M
[90.006s][info][gc,nmethod  ] GC(403) NMethods: 4391 registered, 827 unregistered
[90.006s][info][gc,metaspace] GC(403) Metaspace: 71M used, 71M committed, 1088M reserved
[90.006s][info][gc,ref      ] GC(403) Soft: 3837 encountered, 0 discovered, 0 enqueued
[90.006s][info][gc,ref      ] GC(403) Weak: 11414 encountered, 1930 discovered, 0 enqueued
[90.006s][info][gc,ref      ] GC(403) Final: 289 encountered, 19 discovered, 0 enqueued
[90.006s][info][gc,ref      ] GC(403) Phantom: 425 encountered, 188 discovered, 0 enqueued
[90.006s][info][gc,reloc    ] GC(403) Small Pages: 514 / 1028M, Empty: 616M, Relocated: 3M, In-Place: 0
[90.006s][info][gc,reloc    ] GC(403) Medium Pages: 0 / 0M, Empty: 0M, Relocated: 0M, In-Place: 0
[90.006s][info][gc,reloc    ] GC(403) Large Pages: 0 / 0M, Empty: 0M, Relocated: 0M, In-Place: 0
[90.006s][info][gc,reloc    ] GC(403) Forwarding Usage: 1M
[90.006s][info][gc,heap     ] GC(403) Min Capacity: 8M(0%)
[90.006s][info][gc,heap     ] GC(403) Max Capacity: 2048M(100%)
[90.006s][info][gc,heap     ] GC(403) Soft Max Capacity: 2048M(100%)
[90.006s][info][gc,heap     ] GC(403)                Mark Start          Mark End        Relocate Start      Relocate End           High               Low         
[90.006s][info][gc,heap     ] GC(403)  Capacity:     2048M (100%)       2048M (100%)       2048M (100%)       2048M (100%)       2048M (100%)       2048M (100%)   
[90.006s][info][gc,heap     ] GC(403)      Free:     1020M (50%)         856M (42%)        1414M (69%)        1748M (85%)        1748M (85%)         832M (41%)    
[90.006s][info][gc,heap     ] GC(403)      Used:     1028M (50%)        1192M (58%)         634M (31%)         300M (15%)        1216M (59%)         300M (15%)    
[90.006s][info][gc,heap     ] GC(403)      Live:         -                52M (3%)           52M (3%)           52M (3%)             -                  -          
[90.006s][info][gc,heap     ] GC(403) Allocated:         -               164M (8%)          222M (11%)         225M (11%)            -                  -          
[90.006s][info][gc,heap     ] GC(403)   Garbage:         -               975M (48%)         359M (18%)          22M (1%)             -                  -          
[90.006s][info][gc,heap     ] GC(403) Reclaimed:         -                  -               616M (30%)         953M (47%)            -                  -          
[90.006s][info][gc          ] GC(403) Garbage Collection (Allocation Rate) 1028M(50%)->300M(15%)
[90.154s][info][gc,stats    ] === Garbage Collection Statistics =======================================================================================================================
[90.154s][info][gc,stats    ]                                                              Last 10s              Last 10m              Last 10h                Total
[90.154s][info][gc,stats    ]                                                              Avg / Max             Avg / Max             Avg / Max             Avg / Max
[90.154s][info][gc,stats    ]   Collector: Garbage Collection Cycle                     72.483 / 142.105      75.137 / 318.332      75.137 / 318.332      75.137 / 318.332     ms
[90.154s][info][gc,stats    ]  Contention: Mark Segment Reset Contention                    11 / 25               12 / 78               12 / 78               12 / 78          ops/s
[90.154s][info][gc,stats    ]  Contention: Mark SeqNum Reset Contention                      2 / 5                 1 / 11                1 / 11                1 / 11          ops/s
[90.154s][info][gc,stats    ]    Critical: Allocation Stall                                  0 / 0                 0 / 0                 0 / 0                 0 / 0           ops/s
[90.154s][info][gc,stats    ]    Critical: Allocation Stall                              0.000 / 0.000         0.000 / 0.000         0.000 / 0.000         0.000 / 0.000       ms
[90.154s][info][gc,stats    ]    Critical: GC Locker Stall                                   0 / 0                 0 / 0                 0 / 0                 0 / 0           ops/s
[90.154s][info][gc,stats    ]    Critical: GC Locker Stall                               0.000 / 0.000         0.000 / 0.000         0.000 / 0.000         0.000 / 0.000       ms
[90.154s][info][gc,stats    ]    Critical: Relocation Stall                                  0 / 0                 0 / 0                 0 / 0                 0 / 0           ops/s
[90.154s][info][gc,stats    ]    Critical: Relocation Stall                              0.000 / 0.000         0.000 / 0.000         0.000 / 0.000         0.000 / 0.000       ms
[90.154s][info][gc,stats    ]      Memory: Allocation Rate                                5105 / 5966           4176 / 6096           4176 / 6096           4176 / 6096        MB/s
[90.154s][info][gc,stats    ]      Memory: Defragment                                        0 / 0                 0 / 0                 0 / 0                 0 / 0           ops/s
[90.154s][info][gc,stats    ]      Memory: Out Of Memory                                     0 / 0                 0 / 0                 0 / 0                 0 / 0           ops/s
[90.154s][info][gc,stats    ]      Memory: Page Cache Flush                                  0 / 0                 0 / 0                 0 / 0                 0 / 0           MB/s
[90.154s][info][gc,stats    ]      Memory: Page Cache Hit L1                              2577 / 3036           2101 / 3102           2101 / 3102           2101 / 3102        ops/s
[90.154s][info][gc,stats    ]      Memory: Page Cache Hit L2                                 0 / 0                 0 / 0                 0 / 0                 0 / 0           ops/s
[90.154s][info][gc,stats    ]      Memory: Page Cache Hit L3                                 0 / 0                10 / 257              10 / 257              10 / 257         ops/s
[90.154s][info][gc,stats    ]      Memory: Page Cache Miss                                   0 / 0                 0 / 1                 0 / 1                 0 / 1           ops/s
[90.154s][info][gc,stats    ]      Memory: Uncommit                                          0 / 0                 0 / 0                 0 / 0                 0 / 0           MB/s
[90.154s][info][gc,stats    ]      Memory: Undo Object Allocation Failed                   736 / 1746            551 / 2041            551 / 2041            551 / 2041        ops/s
[90.154s][info][gc,stats    ]      Memory: Undo Object Allocation Succeeded                 32 / 169              35 / 290              35 / 290              35 / 290         ops/s
[90.154s][info][gc,stats    ]      Memory: Undo Page Allocation                            450 / 614             365 / 670             365 / 670             365 / 670         ops/s
[90.155s][info][gc,stats    ]       Phase: Concurrent Mark                              49.225 / 76.236       49.860 / 127.968      49.860 / 127.968      49.860 / 127.968     ms
[90.155s][info][gc,stats    ]       Phase: Concurrent Mark Continue                      0.000 / 0.000         0.000 / 0.000         0.000 / 0.000         0.000 / 0.000       ms
[90.155s][info][gc,stats    ]       Phase: Concurrent Mark Free                          0.001 / 0.003         0.001 / 0.005         0.001 / 0.005         0.001 / 0.005       ms
[90.155s][info][gc,stats    ]       Phase: Concurrent Process Non-Strong References      5.272 / 12.020        6.939 / 55.543        6.939 / 55.543        6.939 / 55.543      ms
[90.155s][info][gc,stats    ]       Phase: Concurrent Relocate                           6.880 / 14.102        6.832 / 14.214        6.832 / 14.214        6.832 / 14.214      ms
[90.155s][info][gc,stats    ]       Phase: Concurrent Reset Relocation Set               0.037 / 0.064         0.036 / 0.073         0.036 / 0.073         0.036 / 0.073       ms
[90.155s][info][gc,stats    ]       Phase: Concurrent Select Relocation Set              6.112 / 10.545        6.409 / 19.328        6.409 / 19.328        6.409 / 19.328      ms
[90.155s][info][gc,stats    ]       Phase: Pause Mark End                                0.024 / 0.031         0.024 / 0.039         0.024 / 0.039         0.024 / 0.039       ms
[90.155s][info][gc,stats    ]       Phase: Pause Mark Start                              0.011 / 0.017         0.011 / 0.021         0.011 / 0.021         0.011 / 0.021       ms
[90.155s][info][gc,stats    ]       Phase: Pause Relocate Start                          0.008 / 0.010         0.008 / 0.014         0.008 / 0.014         0.008 / 0.014       ms
[90.155s][info][gc,stats    ]    Subphase: Concurrent Classes Purge                      0.093 / 2.522         0.215 / 23.488        0.215 / 23.488        0.215 / 23.488      ms
[90.155s][info][gc,stats    ]    Subphase: Concurrent Classes Unlink                     3.635 / 5.940         5.024 / 53.357        5.024 / 53.357        5.024 / 53.357      ms
[90.155s][info][gc,stats    ]    Subphase: Concurrent Mark                              38.869 / 71.924       35.942 / 119.393      35.942 / 119.393      35.942 / 119.393     ms
[90.155s][info][gc,start    ] GC(404) Garbage Collection (Allocation Rate)
[90.155s][info][gc,stats    ]    Subphase: Concurrent Mark Try Flush                     0.685 / 6.192         0.886 / 33.018        0.886 / 33.018        0.886 / 33.018      ms
[90.155s][info][gc,task     ] GC(404) Using 4 workers
[90.155s][info][gc,stats    ]    Subphase: Concurrent Mark Try Terminate                 1.321 / 2.889         1.514 / 15.075        1.514 / 15.075        1.514 / 15.075      ms
[90.155s][info][gc,stats    ]    Subphase: Concurrent References Enqueue                 0.001 / 0.007         0.002 / 0.014         0.002 / 0.014         0.002 / 0.014       ms
[90.155s][info][gc,stats    ]    Subphase: Concurrent References Process                 0.192 / 0.505         0.210 / 1.049         0.210 / 1.049         0.210 / 1.049       ms
[90.155s][info][gc,stats    ]    Subphase: Concurrent Roots ClassLoaderDataGraph         0.103 / 0.567         0.093 / 0.889         0.093 / 0.889         0.093 / 0.889       ms
[90.155s][info][gc,stats    ]    Subphase: Concurrent Roots CodeCache                    0.000 / 0.000         0.000 / 0.000         0.000 / 0.000         0.000 / 0.000       ms
[90.155s][info][gc,stats    ]    Subphase: Concurrent Roots JavaThreads                  3.635 / 9.541         4.540 / 39.863        4.540 / 39.863        4.540 / 39.863      ms
[90.155s][info][gc,stats    ]    Subphase: Concurrent Roots OopStorageSet                0.049 / 0.090         0.046 / 0.928         0.046 / 0.928         0.046 / 0.928       ms
[90.155s][info][gc,phases   ] GC(404) Pause Mark Start 0.013ms
[90.155s][info][gc,stats    ]    Subphase: Concurrent Weak Roots OopStorageSet           0.659 / 1.340         0.602 / 3.828         0.602 / 3.828         0.602 / 3.828       ms
[90.155s][info][gc,stats    ]    Subphase: Pause Mark Try Complete                       0.000 / 0.000         0.002 / 0.003         0.002 / 0.003         0.002 / 0.003       ms
[90.155s][info][gc,stats    ]      System: Java Threads                                    212 / 231             196 / 231             196 / 231             196 / 231         threads
[90.155s][info][gc,stats    ] =========================================================================================================================================================
[90.201s][info][gc,phases   ] GC(404) Concurrent Mark 45.260ms
[90.201s][info][gc,phases   ] GC(404) Pause Mark End 0.023ms
[90.201s][info][gc,phases   ] GC(404) Concurrent Mark Free 0.002ms
[90.206s][info][gc,phases   ] GC(404) Concurrent Process Non-Strong References 4.950ms
[90.206s][info][gc,phases   ] GC(404) Concurrent Reset Relocation Set 0.044ms
[90.213s][info][gc,phases   ] GC(404) Concurrent Select Relocation Set 6.794ms
[90.213s][info][gc,phases   ] GC(404) Pause Relocate Start 0.008ms
[90.218s][info][gc,phases   ] GC(404) Concurrent Relocate 3.720ms
[90.218s][info][gc,load     ] GC(404) Load: 0.00/0.00/0.00
[90.218s][info][gc,mmu      ] GC(404) MMU: 2ms/98.1%, 5ms/99.2%, 10ms/99.5%, 20ms/99.8%, 50ms/99.8%, 100ms/99.9%
[90.218s][info][gc,marking  ] GC(404) Mark: 4 stripe(s), 2 proactive flush(es), 1 terminate flush(es), 0 completion(s), 0 continuation(s) 
[90.218s][info][gc,marking  ] GC(404) Mark Stack Usage: 32M
[90.218s][info][gc,nmethod  ] GC(404) NMethods: 4391 registered, 827 unregistered
[90.218s][info][gc,metaspace] GC(404) Metaspace: 71M used, 71M committed, 1088M reserved
[90.218s][info][gc,ref      ] GC(404) Soft: 3837 encountered, 0 discovered, 0 enqueued
[90.218s][info][gc,ref      ] GC(404) Weak: 11414 encountered, 1438 discovered, 0 enqueued
[90.218s][info][gc,ref      ] GC(404) Final: 289 encountered, 27 discovered, 0 enqueued
[90.218s][info][gc,ref      ] GC(404) Phantom: 425 encountered, 229 discovered, 0 enqueued
[90.218s][info][gc,reloc    ] GC(404) Small Pages: 521 / 1042M, Empty: 674M, Relocated: 3M, In-Place: 0
[90.218s][info][gc,reloc    ] GC(404) Medium Pages: 0 / 0M, Empty: 0M, Relocated: 0M, In-Place: 0
[90.218s][info][gc,reloc    ] GC(404) Large Pages: 0 / 0M, Empty: 0M, Relocated: 0M, In-Place: 0
[90.218s][info][gc,reloc    ] GC(404) Forwarding Usage: 1M
[90.218s][info][gc,heap     ] GC(404) Min Capacity: 8M(0%)
[90.218s][info][gc,heap     ] GC(404) Max Capacity: 2048M(100%)
[90.218s][info][gc,heap     ] GC(404) Soft Max Capacity: 2048M(100%)
[90.218s][info][gc,heap     ] GC(404)                Mark Start          Mark End        Relocate Start      Relocate End           High               Low         
[90.218s][info][gc,heap     ] GC(404)  Capacity:     2048M (100%)       2048M (100%)       2048M (100%)       2048M (100%)       2048M (100%)       2048M (100%)   
[90.218s][info][gc,heap     ] GC(404)      Free:     1006M (49%)         786M (38%)        1404M (69%)        1696M (83%)        1696M (83%)         762M (37%)    
[90.218s][info][gc,heap     ] GC(404)      Used:     1042M (51%)        1262M (62%)         644M (31%)         352M (17%)        1286M (63%)         352M (17%)    
[90.218s][info][gc,heap     ] GC(404)      Live:         -                52M (3%)           52M (3%)           52M (3%)             -                  -          
[90.218s][info][gc,heap     ] GC(404) Allocated:         -               220M (11%)         276M (13%)         280M (14%)            -                  -          
[90.218s][info][gc,heap     ] GC(404)   Garbage:         -               989M (48%)         315M (15%)          19M (1%)             -                  -          
[90.218s][info][gc,heap     ] GC(404) Reclaimed:         -                  -               674M (33%)         970M (47%)            -                  -          
[90.218s][info][gc          ] GC(404) Garbage Collection (Allocation Rate) 1042M(51%)->352M(17%)
[90.354s][info][gc,start    ] GC(405) Garbage Collection (Allocation Rate)
[90.355s][info][gc,task     ] GC(405) Using 3 workers
[90.355s][info][gc,phases   ] GC(405) Pause Mark Start 0.010ms
[90.414s][info][gc,phases   ] GC(405) Concurrent Mark 58.909ms
[90.414s][info][gc,phases   ] GC(405) Pause Mark End 0.025ms
[90.416s][info][gc,phases   ] GC(405) Concurrent Mark Free 0.001ms
[90.423s][info][gc,phases   ] GC(405) Concurrent Process Non-Strong References 6.673ms
[90.423s][info][gc,phases   ] GC(405) Concurrent Reset Relocation Set 0.040ms
[90.431s][info][gc,phases   ] GC(405) Concurrent Select Relocation Set 7.998ms
[90.431s][info][gc,phases   ] GC(405) Pause Relocate Start 0.009ms
[90.441s][info][gc,phases   ] GC(405) Concurrent Relocate 9.243ms
[90.441s][info][gc,load     ] GC(405) Load: 0.00/0.00/0.00
[90.441s][info][gc,mmu      ] GC(405) MMU: 2ms/98.1%, 5ms/99.2%, 10ms/99.5%, 20ms/99.8%, 50ms/99.8%, 100ms/99.9%
[90.441s][info][gc,marking  ] GC(405) Mark: 2 stripe(s), 2 proactive flush(es), 1 terminate flush(es), 0 completion(s), 0 continuation(s) 
[90.441s][info][gc,marking  ] GC(405) Mark Stack Usage: 32M
[90.441s][info][gc,nmethod  ] GC(405) NMethods: 4391 registered, 827 unregistered
[90.441s][info][gc,metaspace] GC(405) Metaspace: 71M used, 71M committed, 1088M reserved
[90.441s][info][gc,ref      ] GC(405) Soft: 3837 encountered, 0 discovered, 0 enqueued
[90.441s][info][gc,ref      ] GC(405) Weak: 11414 encountered, 2105 discovered, 0 enqueued
[90.441s][info][gc,ref      ] GC(405) Final: 289 encountered, 0 discovered, 0 enqueued
[90.441s][info][gc,ref      ] GC(405) Phantom: 425 encountered, 189 discovered, 0 enqueued
[90.441s][info][gc,reloc    ] GC(405) Small Pages: 520 / 1040M, Empty: 604M, Relocated: 6M, In-Place: 0
[90.441s][info][gc,reloc    ] GC(405) Medium Pages: 0 / 0M, Empty: 0M, Relocated: 0M, In-Place: 0
[90.441s][info][gc,reloc    ] GC(405) Large Pages: 0 / 0M, Empty: 0M, Relocated: 0M, In-Place: 0
[90.441s][info][gc,reloc    ] GC(405) Forwarding Usage: 2M
[90.441s][info][gc,heap     ] GC(405) Min Capacity: 8M(0%)
[90.441s][info][gc,heap     ] GC(405) Max Capacity: 2048M(100%)
[90.441s][info][gc,heap     ] GC(405) Soft Max Capacity: 2048M(100%)
[90.441s][info][gc,heap     ] GC(405)                Mark Start          Mark End        Relocate Start      Relocate End           High               Low         
[90.441s][info][gc,heap     ] GC(405)  Capacity:     2048M (100%)       2048M (100%)       2048M (100%)       2048M (100%)       2048M (100%)       2048M (100%)   
[90.442s][info][gc,heap     ] GC(405)      Free:     1008M (49%)         726M (35%)        1254M (61%)        1602M (78%)        1616M (79%)         682M (33%)    
[90.442s][info][gc,heap     ] GC(405)      Used:     1040M (51%)        1322M (65%)         794M (39%)         446M (22%)        1366M (67%)         432M (21%)    
[90.442s][info][gc,heap     ] GC(405)      Live:         -                52M (3%)           52M (3%)           52M (3%)             -                  -          
[90.442s][info][gc,heap     ] GC(405) Allocated:         -               282M (14%)         358M (17%)         382M (19%)            -                  -          
[90.442s][info][gc,heap     ] GC(405)   Garbage:         -               987M (48%)         383M (19%)          11M (1%)             -                  -          
[90.442s][info][gc,heap     ] GC(405) Reclaimed:         -                  -               604M (29%)         976M (48%)            -                  -          
[90.442s][info][gc          ] GC(405) Garbage Collection (Allocation Rate) 1040M(51%)->446M(22%)
[90.555s][info][gc,start    ] GC(406) Garbage Collection (Allocation Rate)
[90.555s][info][gc,task     ] GC(406) Using 3 workers
[90.555s][info][gc,phases   ] GC(406) Pause Mark Start 0.009ms
[90.613s][info][gc,phases   ] GC(406) Concurrent Mark 56.998ms
[90.613s][info][gc,phases   ] GC(406) Pause Mark End 0.024ms
[90.614s][info][gc,phases   ] GC(406) Concurrent Mark Free 0.002ms
[90.621s][info][gc,phases   ] GC(406) Concurrent Process Non-Strong References 6.852ms
[90.621s][info][gc,phases   ] GC(406) Concurrent Reset Relocation Set 0.049ms
[90.626s][info][gc,phases   ] GC(406) Concurrent Select Relocation Set 4.964ms
[90.627s][info][gc,phases   ] GC(406) Pause Relocate Start 0.008ms
[90.638s][info][gc,phases   ] GC(406) Concurrent Relocate 11.248ms
[90.638s][info][gc,load     ] GC(406) Load: 0.00/0.00/0.00
[90.638s][info][gc,mmu      ] GC(406) MMU: 2ms/98.1%, 5ms/99.2%, 10ms/99.5%, 20ms/99.8%, 50ms/99.8%, 100ms/99.9%
[90.638s][info][gc,marking  ] GC(406) Mark: 2 stripe(s), 2 proactive flush(es), 1 terminate flush(es), 0 completion(s), 0 continuation(s) 
[90.638s][info][gc,marking  ] GC(406) Mark Stack Usage: 32M
[90.638s][info][gc,nmethod  ] GC(406) NMethods: 4391 registered, 827 unregistered
[90.638s][info][gc,metaspace] GC(406) Metaspace: 71M used, 71M committed, 1088M reserved
[90.639s][info][gc,ref      ] GC(406) Soft: 3837 encountered, 0 discovered, 0 enqueued
[90.639s][info][gc,ref      ] GC(406) Weak: 11414 encountered, 1268 discovered, 0 enqueued
[90.639s][info][gc,ref      ] GC(406) Final: 289 encountered, 21 discovered, 0 enqueued
[90.639s][info][gc,ref      ] GC(406) Phantom: 425 encountered, 263 discovered, 0 enqueued
[90.639s][info][gc,reloc    ] GC(406) Small Pages: 496 / 992M, Empty: 622M, Relocated: 6M, In-Place: 0
[90.639s][info][gc,reloc    ] GC(406) Medium Pages: 0 / 0M, Empty: 0M, Relocated: 0M, In-Place: 0
[90.639s][info][gc,reloc    ] GC(406) Large Pages: 0 / 0M, Empty: 0M, Relocated: 0M, In-Place: 0
[90.639s][info][gc,reloc    ] GC(406) Forwarding Usage: 2M
[90.639s][info][gc,heap     ] GC(406) Min Capacity: 8M(0%)
[90.639s][info][gc,heap     ] GC(406) Max Capacity: 2048M(100%)
[90.639s][info][gc,heap     ] GC(406) Soft Max Capacity: 2048M(100%)
[90.639s][info][gc,heap     ] GC(406)                Mark Start          Mark End        Relocate Start      Relocate End           High               Low         
[90.639s][info][gc,heap     ] GC(406)  Capacity:     2048M (100%)       2048M (100%)       2048M (100%)       2048M (100%)       2048M (100%)       2048M (100%)   
[90.639s][info][gc,heap     ] GC(406)      Free:     1056M (52%)         784M (38%)        1340M (65%)        1616M (79%)        1636M (80%)         742M (36%)    
[90.639s][info][gc,heap     ] GC(406)      Used:      992M (48%)        1264M (62%)         708M (35%)         432M (21%)        1306M (64%)         412M (20%)    
[90.639s][info][gc,heap     ] GC(406)      Live:         -                52M (3%)           52M (3%)           52M (3%)             -                  -          
[90.639s][info][gc,heap     ] GC(406) Allocated:         -               272M (13%)         338M (17%)         368M (18%)            -                  -          
[90.639s][info][gc,heap     ] GC(406)   Garbage:         -               939M (46%)         317M (16%)          11M (1%)             -                  -          
[90.639s][info][gc,heap     ] GC(406) Reclaimed:         -                  -               622M (30%)         928M (45%)            -                  -          
[90.639s][info][gc          ] GC(406) Garbage Collection (Allocation Rate) 992M(48%)->432M(21%)
[90.754s][info][gc,start    ] GC(407) Garbage Collection (Allocation Rate)
[90.755s][info][gc,task     ] GC(407) Using 3 workers
[90.755s][info][gc,phases   ] GC(407) Pause Mark Start 0.010ms
[90.815s][info][gc,phases   ] GC(407) Concurrent Mark 60.278ms
[90.816s][info][gc,phases   ] GC(407) Pause Mark End 0.020ms
[90.817s][info][gc,phases   ] GC(407) Concurrent Mark Free 0.002ms
[90.824s][info][gc,phases   ] GC(407) Concurrent Process Non-Strong References 6.410ms
[90.824s][info][gc,phases   ] GC(407) Concurrent Reset Relocation Set 0.055ms
[90.830s][info][gc,phases   ] GC(407) Concurrent Select Relocation Set 6.599ms
[90.831s][info][gc,phases   ] GC(407) Pause Relocate Start 0.008ms
[90.840s][info][gc,phases   ] GC(407) Concurrent Relocate 8.653ms
[90.840s][info][gc,load     ] GC(407) Load: 0.00/0.00/0.00
[90.840s][info][gc,mmu      ] GC(407) MMU: 2ms/98.1%, 5ms/99.2%, 10ms/99.5%, 20ms/99.8%, 50ms/99.8%, 100ms/99.9%
[90.840s][info][gc,marking  ] GC(407) Mark: 2 stripe(s), 2 proactive flush(es), 1 terminate flush(es), 0 completion(s), 0 continuation(s) 
[90.840s][info][gc,marking  ] GC(407) Mark Stack Usage: 32M
[90.840s][info][gc,nmethod  ] GC(407) NMethods: 4391 registered, 827 unregistered
[90.840s][info][gc,metaspace] GC(407) Metaspace: 71M used, 71M committed, 1088M reserved
[90.840s][info][gc,ref      ] GC(407) Soft: 3837 encountered, 0 discovered, 0 enqueued
[90.840s][info][gc,ref      ] GC(407) Weak: 11414 encountered, 1055 discovered, 0 enqueued
[90.840s][info][gc,ref      ] GC(407) Final: 289 encountered, 42 discovered, 0 enqueued
[90.840s][info][gc,ref      ] GC(407) Phantom: 425 encountered, 220 discovered, 0 enqueued
[90.840s][info][gc,reloc    ] GC(407) Small Pages: 506 / 1012M, Empty: 648M, Relocated: 6M, In-Place: 0
[90.840s][info][gc,reloc    ] GC(407) Medium Pages: 0 / 0M, Empty: 0M, Relocated: 0M, In-Place: 0
[90.840s][info][gc,reloc    ] GC(407) Large Pages: 0 / 0M, Empty: 0M, Relocated: 0M, In-Place: 0
[90.840s][info][gc,reloc    ] GC(407) Forwarding Usage: 2M
[90.840s][info][gc,heap     ] GC(407) Min Capacity: 8M(0%)
[90.840s][info][gc,heap     ] GC(407) Max Capacity: 2048M(100%)
[90.840s][info][gc,heap     ] GC(407) Soft Max Capacity: 2048M(100%)
[90.840s][info][gc,heap     ] GC(407)                Mark Start          Mark End        Relocate Start      Relocate End           High               Low         
[90.840s][info][gc,heap     ] GC(407)  Capacity:     2048M (100%)       2048M (100%)       2048M (100%)       2048M (100%)       2048M (100%)       2048M (100%)   
[90.840s][info][gc,heap     ] GC(407)      Free:     1036M (51%)         744M (36%)        1322M (65%)        1598M (78%)        1612M (79%)         704M (34%)    
[90.840s][info][gc,heap     ] GC(407)      Used:     1012M (49%)        1304M (64%)         726M (35%)         450M (22%)        1344M (66%)         436M (21%)    
[90.840s][info][gc,heap     ] GC(407)      Live:         -                52M (3%)           52M (3%)           52M (3%)             -                  -          
[90.840s][info][gc,heap     ] GC(407) Allocated:         -               292M (14%)         362M (18%)         384M (19%)            -                  -          
[90.840s][info][gc,heap     ] GC(407)   Garbage:         -               959M (47%)         311M (15%)          13M (1%)             -                  -          
[90.840s][info][gc,heap     ] GC(407) Reclaimed:         -                  -               648M (32%)         946M (46%)            -                  -          
[90.840s][info][gc          ] GC(407) Garbage Collection (Allocation Rate) 1012M(49%)->450M(22%)
[90.954s][info][gc,start    ] GC(408) Garbage Collection (Allocation Rate)
[90.954s][info][gc,task     ] GC(408) Using 3 workers
[90.954s][info][gc,phases   ] GC(408) Pause Mark Start 0.010ms
[91.010s][info][gc,phases   ] GC(408) Concurrent Mark 55.233ms
[91.010s][info][gc,phases   ] GC(408) Pause Mark End 0.020ms
[91.011s][info][gc,phases   ] GC(408) Concurrent Mark Free 0.001ms
[91.017s][info][gc,phases   ] GC(408) Concurrent Process Non-Strong References 6.071ms
[91.017s][info][gc,phases   ] GC(408) Concurrent Reset Relocation Set 0.039ms
[91.024s][info][gc,phases   ] GC(408) Concurrent Select Relocation Set 6.541ms
[91.024s][info][gc,phases   ] GC(408) Pause Relocate Start 0.008ms
[91.035s][info][gc,phases   ] GC(408) Concurrent Relocate 10.957ms
[91.035s][info][gc,load     ] GC(408) Load: 0.00/0.00/0.00
[91.035s][info][gc,mmu      ] GC(408) MMU: 2ms/98.1%, 5ms/99.2%, 10ms/99.5%, 20ms/99.8%, 50ms/99.8%, 100ms/99.9%
[91.035s][info][gc,marking  ] GC(408) Mark: 2 stripe(s), 2 proactive flush(es), 1 terminate flush(es), 0 completion(s), 0 continuation(s) 
[91.035s][info][gc,marking  ] GC(408) Mark Stack Usage: 32M
[91.035s][info][gc,nmethod  ] GC(408) NMethods: 4391 registered, 827 unregistered
[91.035s][info][gc,metaspace] GC(408) Metaspace: 71M used, 71M committed, 1088M reserved
[91.035s][info][gc,ref      ] GC(408) Soft: 3837 encountered, 0 discovered, 0 enqueued
[91.035s][info][gc,ref      ] GC(408) Weak: 11414 encountered, 1061 discovered, 0 enqueued
[91.035s][info][gc,ref      ] GC(408) Final: 289 encountered, 19 discovered, 0 enqueued
[91.035s][info][gc,ref      ] GC(408) Phantom: 425 encountered, 240 discovered, 0 enqueued
[91.035s][info][gc,reloc    ] GC(408) Small Pages: 513 / 1026M, Empty: 658M, Relocated: 6M, In-Place: 0
[91.036s][info][gc,reloc    ] GC(408) Medium Pages: 0 / 0M, Empty: 0M, Relocated: 0M, In-Place: 0
[91.036s][info][gc,reloc    ] GC(408) Large Pages: 0 / 0M, Empty: 0M, Relocated: 0M, In-Place: 0
[91.036s][info][gc,reloc    ] GC(408) Forwarding Usage: 2M
[91.036s][info][gc,heap     ] GC(408) Min Capacity: 8M(0%)
[91.036s][info][gc,heap     ] GC(408) Max Capacity: 2048M(100%)
[91.036s][info][gc,heap     ] GC(408) Soft Max Capacity: 2048M(100%)
[91.036s][info][gc,heap     ] GC(408)                Mark Start          Mark End        Relocate Start      Relocate End           High               Low         
[91.036s][info][gc,heap     ] GC(408)  Capacity:     2048M (100%)       2048M (100%)       2048M (100%)       2048M (100%)       2048M (100%)       2048M (100%)   
[91.036s][info][gc,heap     ] GC(408)      Free:     1022M (50%)         748M (37%)        1344M (66%)        1612M (79%)        1638M (80%)         714M (35%)    
[91.036s][info][gc,heap     ] GC(408)      Used:     1026M (50%)        1300M (63%)         704M (34%)         436M (21%)        1334M (65%)         410M (20%)    
[91.036s][info][gc,heap     ] GC(408)      Live:         -                52M (3%)           52M (3%)           52M (3%)             -                  -          
[91.036s][info][gc,heap     ] GC(408) Allocated:         -               274M (13%)         336M (16%)         372M (18%)            -                  -          
[91.036s][info][gc,heap     ] GC(408)   Garbage:         -               973M (48%)         315M (15%)          11M (1%)             -                  -          
[91.036s][info][gc,heap     ] GC(408) Reclaimed:         -                  -               658M (32%)         962M (47%)            -                  -          
[91.036s][info][gc          ] GC(408) Garbage Collection (Allocation Rate) 1026M(50%)->436M(21%)
[91.154s][info][gc,start    ] GC(409) Garbage Collection (Allocation Rate)
[91.154s][info][gc,task     ] GC(409) Using 3 workers
[91.154s][info][gc,phases   ] GC(409) Pause Mark Start 0.010ms
[91.212s][info][gc,phases   ] GC(409) Concurrent Mark 57.212ms
[91.212s][info][gc,phases   ] GC(409) Pause Mark End 0.023ms
[91.214s][info][gc,phases   ] GC(409) Concurrent Mark Free 0.001ms
[91.221s][info][gc,phases   ] GC(409) Concurrent Process Non-Strong References 7.152ms
[91.221s][info][gc,phases   ] GC(409) Concurrent Reset Relocation Set 0.041ms
[91.230s][info][gc,phases   ] GC(409) Concurrent Select Relocation Set 9.065ms
[91.231s][info][gc,phases   ] GC(409) Pause Relocate Start 0.009ms
[91.239s][info][gc,phases   ] GC(409) Concurrent Relocate 8.265ms
[91.239s][info][gc,load     ] GC(409) Load: 0.00/0.00/0.00
[91.239s][info][gc,mmu      ] GC(409) MMU: 2ms/98.1%, 5ms/99.2%, 10ms/99.5%, 20ms/99.8%, 50ms/99.8%, 100ms/99.9%
[91.239s][info][gc,marking  ] GC(409) Mark: 2 stripe(s), 2 proactive flush(es), 1 terminate flush(es), 0 completion(s), 0 continuation(s) 
[91.239s][info][gc,marking  ] GC(409) Mark Stack Usage: 32M
[91.239s][info][gc,nmethod  ] GC(409) NMethods: 4391 registered, 827 unregistered
[91.239s][info][gc,metaspace] GC(409) Metaspace: 71M used, 71M committed, 1088M reserved
[91.239s][info][gc,ref      ] GC(409) Soft: 3837 encountered, 0 discovered, 0 enqueued
[91.239s][info][gc,ref      ] GC(409) Weak: 11414 encountered, 1131 discovered, 0 enqueued
[91.239s][info][gc,ref      ] GC(409) Final: 289 encountered, 37 discovered, 0 enqueued
[91.240s][info][gc,ref      ] GC(409) Phantom: 425 encountered, 286 discovered, 0 enqueued
[91.240s][info][gc,reloc    ] GC(409) Small Pages: 517 / 1034M, Empty: 668M, Relocated: 6M, In-Place: 0
[91.240s][info][gc,reloc    ] GC(409) Medium Pages: 0 / 0M, Empty: 0M, Relocated: 0M, In-Place: 0
[91.240s][info][gc,reloc    ] GC(409) Large Pages: 0 / 0M, Empty: 0M, Relocated: 0M, In-Place: 0
[91.240s][info][gc,reloc    ] GC(409) Forwarding Usage: 2M
[91.240s][info][gc,heap     ] GC(409) Min Capacity: 8M(0%)
[91.240s][info][gc,heap     ] GC(409) Max Capacity: 2048M(100%)
[91.240s][info][gc,heap     ] GC(409) Soft Max Capacity: 2048M(100%)
[91.240s][info][gc,heap     ] GC(409)                Mark Start          Mark End        Relocate Start      Relocate End           High               Low         
[91.240s][info][gc,heap     ] GC(409)  Capacity:     2048M (100%)       2048M (100%)       2048M (100%)       2048M (100%)       2048M (100%)       2048M (100%)   
[91.240s][info][gc,heap     ] GC(409)      Free:     1014M (50%)         732M (36%)        1314M (64%)        1590M (78%)        1606M (78%)         688M (34%)    
[91.240s][info][gc,heap     ] GC(409)      Used:     1034M (50%)        1316M (64%)         734M (36%)         458M (22%)        1360M (66%)         442M (22%)    
[91.240s][info][gc,heap     ] GC(409)      Live:         -                52M (3%)           52M (3%)           52M (3%)             -                  -          
[91.240s][info][gc,heap     ] GC(409) Allocated:         -               282M (14%)         368M (18%)         392M (19%)            -                  -          
[91.240s][info][gc,heap     ] GC(409)   Garbage:         -               981M (48%)         313M (15%)          13M (1%)             -                  -          
[91.240s][info][gc,heap     ] GC(409) Reclaimed:         -                  -               668M (33%)         968M (47%)            -                  -          
[91.240s][info][gc          ] GC(409) Garbage Collection (Allocation Rate) 1034M(50%)->458M(22%)
[91.355s][info][gc,start    ] GC(410) Garbage Collection (Allocation Rate)
[91.355s][info][gc,task     ] GC(410) Using 3 workers
[91.355s][info][gc,phases   ] GC(410) Pause Mark Start 0.010ms
[91.410s][info][gc,phases   ] GC(410) Concurrent Mark 55.271ms
[91.411s][info][gc,phases   ] GC(410) Pause Mark End 0.022ms
[91.412s][info][gc,phases   ] GC(410) Concurrent Mark Free 0.002ms
[91.419s][info][gc,phases   ] GC(410) Concurrent Process Non-Strong References 6.634ms
[91.419s][info][gc,phases   ] GC(410) Concurrent Reset Relocation Set 0.043ms
[91.424s][info][gc,phases   ] GC(410) Concurrent Select Relocation Set 5.256ms
[91.424s][info][gc,phases   ] GC(410) Pause Relocate Start 0.009ms
[91.433s][info][gc,phases   ] GC(410) Concurrent Relocate 8.384ms
[91.433s][info][gc,load     ] GC(410) Load: 0.00/0.00/0.00
[91.433s][info][gc,mmu      ] GC(410) MMU: 2ms/98.1%, 5ms/99.2%, 10ms/99.5%, 20ms/99.8%, 50ms/99.8%, 100ms/99.9%
[91.433s][info][gc,marking  ] GC(410) Mark: 2 stripe(s), 2 proactive flush(es), 1 terminate flush(es), 0 completion(s), 0 continuation(s) 
[91.433s][info][gc,marking  ] GC(410) Mark Stack Usage: 32M
[91.433s][info][gc,nmethod  ] GC(410) NMethods: 4391 registered, 827 unregistered
[91.433s][info][gc,metaspace] GC(410) Metaspace: 71M used, 71M committed, 1088M reserved
[91.433s][info][gc,ref      ] GC(410) Soft: 3837 encountered, 0 discovered, 0 enqueued
[91.433s][info][gc,ref      ] GC(410) Weak: 11414 encountered, 1286 discovered, 0 enqueued
[91.433s][info][gc,ref      ] GC(410) Final: 289 encountered, 12 discovered, 0 enqueued
[91.433s][info][gc,ref      ] GC(410) Phantom: 425 encountered, 210 discovered, 0 enqueued
[91.433s][info][gc,reloc    ] GC(410) Small Pages: 518 / 1036M, Empty: 580M, Relocated: 3M, In-Place: 0
[91.433s][info][gc,reloc    ] GC(410) Medium Pages: 0 / 0M, Empty: 0M, Relocated: 0M, In-Place: 0
[91.434s][info][gc,reloc    ] GC(410) Large Pages: 0 / 0M, Empty: 0M, Relocated: 0M, In-Place: 0
[91.434s][info][gc,reloc    ] GC(410) Forwarding Usage: 1M
[91.434s][info][gc,heap     ] GC(410) Min Capacity: 8M(0%)
[91.434s][info][gc,heap     ] GC(410) Max Capacity: 2048M(100%)
[91.434s][info][gc,heap     ] GC(410) Soft Max Capacity: 2048M(100%)
[91.434s][info][gc,heap     ] GC(410)                Mark Start          Mark End        Relocate Start      Relocate End           High               Low         
[91.434s][info][gc,heap     ] GC(410)  Capacity:     2048M (100%)       2048M (100%)       2048M (100%)       2048M (100%)       2048M (100%)       2048M (100%)   
[91.434s][info][gc,heap     ] GC(410)      Free:     1012M (49%)         742M (36%)        1258M (61%)        1616M (79%)        1628M (79%)         706M (34%)    
[91.434s][info][gc,heap     ] GC(410)      Used:     1036M (51%)        1306M (64%)         790M (39%)         432M (21%)        1342M (66%)         420M (21%)    
[91.434s][info][gc,heap     ] GC(410)      Live:         -                52M (3%)           52M (3%)           52M (3%)             -                  -          
[91.434s][info][gc,heap     ] GC(410) Allocated:         -               270M (13%)         334M (16%)         363M (18%)            -                  -          
[91.434s][info][gc,heap     ] GC(410)   Garbage:         -               983M (48%)         403M (20%)          16M (1%)             -                  -          
[91.434s][info][gc,heap     ] GC(410) Reclaimed:         -                  -               580M (28%)         967M (47%)            -                  -          
[91.434s][info][gc          ] GC(410) Garbage Collection (Allocation Rate) 1036M(51%)->432M(21%)
[91.554s][info][gc,start    ] GC(411) Garbage Collection (Allocation Rate)
[91.554s][info][gc,task     ] GC(411) Using 3 workers
[91.555s][info][gc,phases   ] GC(411) Pause Mark Start 0.013ms
[91.610s][info][gc,phases   ] GC(411) Concurrent Mark 55.020ms
[91.610s][info][gc,phases   ] GC(411) Pause Mark End 0.021ms
[91.612s][info][gc,phases   ] GC(411) Concurrent Mark Free 0.001ms
[91.618s][info][gc,phases   ] GC(411) Concurrent Process Non-Strong References 5.928ms
[91.618s][info][gc,phases   ] GC(411) Concurrent Reset Relocation Set 0.053ms
[91.623s][info][gc,phases   ] GC(411) Concurrent Select Relocation Set 5.013ms
[91.623s][info][gc,phases   ] GC(411) Pause Relocate Start 0.009ms
[91.631s][info][gc,phases   ] GC(411) Concurrent Relocate 7.885ms
[91.631s][info][gc,load     ] GC(411) Load: 0.00/0.00/0.00
[91.631s][info][gc,mmu      ] GC(411) MMU: 2ms/98.1%, 5ms/99.2%, 10ms/99.5%, 20ms/99.8%, 50ms/99.8%, 100ms/99.9%
[91.631s][info][gc,marking  ] GC(411) Mark: 2 stripe(s), 2 proactive flush(es), 1 terminate flush(es), 0 completion(s), 0 continuation(s) 
[91.631s][info][gc,marking  ] GC(411) Mark Stack Usage: 32M
[91.631s][info][gc,nmethod  ] GC(411) NMethods: 4391 registered, 827 unregistered
[91.631s][info][gc,metaspace] GC(411) Metaspace: 71M used, 71M committed, 1088M reserved
[91.631s][info][gc,ref      ] GC(411) Soft: 3837 encountered, 0 discovered, 0 enqueued
[91.631s][info][gc,ref      ] GC(411) Weak: 11414 encountered, 1277 discovered, 0 enqueued
[91.632s][info][gc,ref      ] GC(411) Final: 289 encountered, 18 discovered, 0 enqueued
[91.632s][info][gc,ref      ] GC(411) Phantom: 425 encountered, 235 discovered, 0 enqueued
[91.632s][info][gc,reloc    ] GC(411) Small Pages: 518 / 1036M, Empty: 662M, Relocated: 3M, In-Place: 0
[91.632s][info][gc,reloc    ] GC(411) Medium Pages: 0 / 0M, Empty: 0M, Relocated: 0M, In-Place: 0
[91.632s][info][gc,reloc    ] GC(411) Large Pages: 0 / 0M, Empty: 0M, Relocated: 0M, In-Place: 0
[91.632s][info][gc,reloc    ] GC(411) Forwarding Usage: 1M
[91.632s][info][gc,heap     ] GC(411) Min Capacity: 8M(0%)
[91.632s][info][gc,heap     ] GC(411) Max Capacity: 2048M(100%)
[91.632s][info][gc,heap     ] GC(411) Soft Max Capacity: 2048M(100%)
[91.632s][info][gc,heap     ] GC(411)                Mark Start          Mark End        Relocate Start      Relocate End           High               Low         
[91.632s][info][gc,heap     ] GC(411)  Capacity:     2048M (100%)       2048M (100%)       2048M (100%)       2048M (100%)       2048M (100%)       2048M (100%)   
[91.632s][info][gc,heap     ] GC(411)      Free:     1012M (49%)         742M (36%)        1350M (66%)        1622M (79%)        1634M (80%)         706M (34%)    
[91.632s][info][gc,heap     ] GC(411)      Used:     1036M (51%)        1306M (64%)         698M (34%)         426M (21%)        1342M (66%)         414M (20%)    
[91.632s][info][gc,heap     ] GC(411)      Live:         -                52M (3%)           52M (3%)           52M (3%)             -                  -          
[91.632s][info][gc,heap     ] GC(411) Allocated:         -               270M (13%)         324M (16%)         357M (17%)            -                  -          
[91.632s][info][gc,heap     ] GC(411)   Garbage:         -               983M (48%)         321M (16%)          16M (1%)             -                  -          
[91.632s][info][gc,heap     ] GC(411) Reclaimed:         -                  -               662M (32%)         967M (47%)            -                  -          
[91.632s][info][gc          ] GC(411) Garbage Collection (Allocation Rate) 1036M(51%)->426M(21%)
[91.754s][info][gc,start    ] GC(412) Garbage Collection (Allocation Rate)
[91.754s][info][gc,task     ] GC(412) Using 3 workers
[91.754s][info][gc,phases   ] GC(412) Pause Mark Start 0.013ms
[91.819s][info][gc,phases   ] GC(412) Concurrent Mark 64.078ms
[91.819s][info][gc,phases   ] GC(412) Pause Mark End 0.021ms
[91.820s][info][gc,phases   ] GC(412) Concurrent Mark Free 0.001ms
[91.827s][info][gc,phases   ] GC(412) Concurrent Process Non-Strong References 7.116ms
[91.827s][info][gc,phases   ] GC(412) Concurrent Reset Relocation Set 0.042ms
[91.832s][info][gc,phases   ] GC(412) Concurrent Select Relocation Set 5.053ms
[91.832s][info][gc,phases   ] GC(412) Pause Relocate Start 0.008ms
[91.841s][info][gc,phases   ] GC(412) Concurrent Relocate 8.618ms
[91.842s][info][gc,load     ] GC(412) Load: 0.00/0.00/0.00
[91.842s][info][gc,mmu      ] GC(412) MMU: 2ms/98.1%, 5ms/99.2%, 10ms/99.5%, 20ms/99.8%, 50ms/99.8%, 100ms/99.9%
[91.842s][info][gc,marking  ] GC(412) Mark: 2 stripe(s), 2 proactive flush(es), 1 terminate flush(es), 0 completion(s), 0 continuation(s) 
[91.842s][info][gc,marking  ] GC(412) Mark Stack Usage: 32M
[91.842s][info][gc,nmethod  ] GC(412) NMethods: 4391 registered, 827 unregistered
[91.842s][info][gc,metaspace] GC(412) Metaspace: 71M used, 71M committed, 1088M reserved
[91.842s][info][gc,ref      ] GC(412) Soft: 3837 encountered, 0 discovered, 0 enqueued
[91.842s][info][gc,ref      ] GC(412) Weak: 11414 encountered, 1079 discovered, 0 enqueued
[91.842s][info][gc,ref      ] GC(412) Final: 289 encountered, 28 discovered, 0 enqueued
[91.842s][info][gc,ref      ] GC(412) Phantom: 425 encountered, 245 discovered, 0 enqueued
[91.842s][info][gc,reloc    ] GC(412) Small Pages: 521 / 1042M, Empty: 674M, Relocated: 3M, In-Place: 0
[91.842s][info][gc,reloc    ] GC(412) Medium Pages: 0 / 0M, Empty: 0M, Relocated: 0M, In-Place: 0
[91.842s][info][gc,reloc    ] GC(412) Large Pages: 0 / 0M, Empty: 0M, Relocated: 0M, In-Place: 0
[91.842s][info][gc,reloc    ] GC(412) Forwarding Usage: 1M
[91.842s][info][gc,heap     ] GC(412) Min Capacity: 8M(0%)
[91.842s][info][gc,heap     ] GC(412) Max Capacity: 2048M(100%)
[91.842s][info][gc,heap     ] GC(412) Soft Max Capacity: 2048M(100%)
[91.842s][info][gc,heap     ] GC(412)                Mark Start          Mark End        Relocate Start      Relocate End           High               Low         
[91.842s][info][gc,heap     ] GC(412)  Capacity:     2048M (100%)       2048M (100%)       2048M (100%)       2048M (100%)       2048M (100%)       2048M (100%)   
[91.842s][info][gc,heap     ] GC(412)      Free:     1006M (49%)         694M (34%)        1308M (64%)        1566M (76%)        1582M (77%)         656M (32%)    
[91.842s][info][gc,heap     ] GC(412)      Used:     1042M (51%)        1354M (66%)         740M (36%)         482M (24%)        1392M (68%)         466M (23%)    
[91.842s][info][gc,heap     ] GC(412)      Live:         -                52M (3%)           52M (3%)           52M (3%)             -                  -          
[91.842s][info][gc,heap     ] GC(412) Allocated:         -               312M (15%)         372M (18%)         413M (20%)            -                  -          
[91.842s][info][gc,heap     ] GC(412)   Garbage:         -               989M (48%)         315M (15%)          16M (1%)             -                  -          
[91.842s][info][gc,heap     ] GC(412) Reclaimed:         -                  -               674M (33%)         973M (48%)            -                  -          
[91.842s][info][gc          ] GC(412) Garbage Collection (Allocation Rate) 1042M(51%)->482M(24%)
[91.955s][info][gc,start    ] GC(413) Garbage Collection (Allocation Rate)
[91.955s][info][gc,task     ] GC(413) Using 3 workers
[91.955s][info][gc,phases   ] GC(413) Pause Mark Start 0.010ms
[92.010s][info][gc,phases   ] GC(413) Concurrent Mark 55.293ms
[92.011s][info][gc,phases   ] GC(413) Pause Mark End 0.019ms
[92.011s][info][gc,phases   ] GC(413) Concurrent Mark Free 0.001ms
[92.017s][info][gc,phases   ] GC(413) Concurrent Process Non-Strong References 6.279ms
[92.017s][info][gc,phases   ] GC(413) Concurrent Reset Relocation Set 0.042ms
[92.025s][info][gc,phases   ] GC(413) Concurrent Select Relocation Set 8.166ms
[92.026s][info][gc,phases   ] GC(413) Pause Relocate Start 0.008ms
[92.039s][info][gc,phases   ] GC(413) Concurrent Relocate 13.198ms
[92.039s][info][gc,load     ] GC(413) Load: 0.00/0.00/0.00
[92.039s][info][gc,mmu      ] GC(413) MMU: 2ms/98.1%, 5ms/99.2%, 10ms/99.5%, 20ms/99.8%, 50ms/99.8%, 100ms/99.9%
[92.039s][info][gc,marking  ] GC(413) Mark: 2 stripe(s), 2 proactive flush(es), 1 terminate flush(es), 0 completion(s), 0 continuation(s) 
[92.039s][info][gc,marking  ] GC(413) Mark Stack Usage: 32M
[92.039s][info][gc,nmethod  ] GC(413) NMethods: 4370 registered, 850 unregistered
[92.039s][info][gc,metaspace] GC(413) Metaspace: 71M used, 71M committed, 1088M reserved
[92.039s][info][gc,ref      ] GC(413) Soft: 3837 encountered, 0 discovered, 0 enqueued
[92.039s][info][gc,ref      ] GC(413) Weak: 11349 encountered, 1324 discovered, 25 enqueued
[92.039s][info][gc,ref      ] GC(413) Final: 289 encountered, 12 discovered, 0 enqueued
[92.039s][info][gc,ref      ] GC(413) Phantom: 425 encountered, 173 discovered, 0 enqueued
[92.039s][info][gc,reloc    ] GC(413) Small Pages: 521 / 1042M, Empty: 598M, Relocated: 6M, In-Place: 0
[92.040s][info][gc,reloc    ] GC(413) Medium Pages: 0 / 0M, Empty: 0M, Relocated: 0M, In-Place: 0
[92.040s][info][gc,reloc    ] GC(413) Large Pages: 0 / 0M, Empty: 0M, Relocated: 0M, In-Place: 0
[92.040s][info][gc,reloc    ] GC(413) Forwarding Usage: 2M
[92.040s][info][gc,heap     ] GC(413) Min Capacity: 8M(0%)
[92.040s][info][gc,heap     ] GC(413) Max Capacity: 2048M(100%)
[92.040s][info][gc,heap     ] GC(413) Soft Max Capacity: 2048M(100%)
[92.040s][info][gc,heap     ] GC(413)                Mark Start          Mark End        Relocate Start      Relocate End           High               Low         
[92.040s][info][gc,heap     ] GC(413)  Capacity:     2048M (100%)       2048M (100%)       2048M (100%)       2048M (100%)       2048M (100%)       2048M (100%)   
[92.040s][info][gc,heap     ] GC(413)      Free:     1006M (49%)         738M (36%)        1266M (62%)        1594M (78%)        1636M (80%)         704M (34%)    
[92.040s][info][gc,heap     ] GC(413)      Used:     1042M (51%)        1310M (64%)         782M (38%)         454M (22%)        1344M (66%)         412M (20%)    
[92.040s][info][gc,heap     ] GC(413)      Live:         -                52M (3%)           52M (3%)           52M (3%)             -                  -          
[92.040s][info][gc,heap     ] GC(413) Allocated:         -               268M (13%)         338M (17%)         386M (19%)            -                  -          
[92.040s][info][gc,heap     ] GC(413)   Garbage:         -               989M (48%)         391M (19%)          15M (1%)             -                  -          
[92.040s][info][gc,heap     ] GC(413) Reclaimed:         -                  -               598M (29%)         974M (48%)            -                  -          
[92.040s][info][gc          ] GC(413) Garbage Collection (Allocation Rate) 1042M(51%)->454M(22%)
[92.154s][info][gc,start    ] GC(414) Garbage Collection (Allocation Rate)
[92.154s][info][gc,task     ] GC(414) Using 3 workers
[92.155s][info][gc,phases   ] GC(414) Pause Mark Start 0.010ms
[92.213s][info][gc,phases   ] GC(414) Concurrent Mark 58.155ms
[92.213s][info][gc,phases   ] GC(414) Pause Mark End 0.018ms
[92.213s][info][gc,phases   ] GC(414) Concurrent Mark Free 0.001ms
[92.220s][info][gc,phases   ] GC(414) Concurrent Process Non-Strong References 6.887ms
[92.220s][info][gc,phases   ] GC(414) Concurrent Reset Relocation Set 0.044ms
[92.226s][info][gc,phases   ] GC(414) Concurrent Select Relocation Set 5.164ms
[92.226s][info][gc,phases   ] GC(414) Pause Relocate Start 0.008ms
[92.235s][info][gc,phases   ] GC(414) Concurrent Relocate 8.770ms
[92.235s][info][gc,load     ] GC(414) Load: 0.00/0.00/0.00
[92.235s][info][gc,mmu      ] GC(414) MMU: 2ms/98.1%, 5ms/99.2%, 10ms/99.5%, 20ms/99.8%, 50ms/99.8%, 100ms/99.9%
[92.235s][info][gc,marking  ] GC(414) Mark: 2 stripe(s), 2 proactive flush(es), 1 terminate flush(es), 0 completion(s), 0 continuation(s) 
[92.235s][info][gc,marking  ] GC(414) Mark Stack Usage: 32M
[92.235s][info][gc,nmethod  ] GC(414) NMethods: 4369 registered, 851 unregistered
[92.235s][info][gc,metaspace] GC(414) Metaspace: 71M used, 71M committed, 1088M reserved
[92.235s][info][gc,ref      ] GC(414) Soft: 3837 encountered, 0 discovered, 0 enqueued
[92.235s][info][gc,ref      ] GC(414) Weak: 11210 encountered, 663 discovered, 24 enqueued
[92.235s][info][gc,ref      ] GC(414) Final: 289 encountered, 82 discovered, 0 enqueued
[92.235s][info][gc,ref      ] GC(414) Phantom: 425 encountered, 295 discovered, 0 enqueued
[92.235s][info][gc,reloc    ] GC(414) Small Pages: 514 / 1028M, Empty: 694M, Relocated: 5M, In-Place: 0
[92.235s][info][gc,reloc    ] GC(414) Medium Pages: 0 / 0M, Empty: 0M, Relocated: 0M, In-Place: 0
[92.235s][info][gc,reloc    ] GC(414) Large Pages: 0 / 0M, Empty: 0M, Relocated: 0M, In-Place: 0
[92.235s][info][gc,reloc    ] GC(414) Forwarding Usage: 1M
[92.235s][info][gc,heap     ] GC(414) Min Capacity: 8M(0%)
[92.235s][info][gc,heap     ] GC(414) Max Capacity: 2048M(100%)
[92.235s][info][gc,heap     ] GC(414) Soft Max Capacity: 2048M(100%)
[92.235s][info][gc,heap     ] GC(414)                Mark Start          Mark End        Relocate Start      Relocate End           High               Low         
[92.235s][info][gc,heap     ] GC(414)  Capacity:     2048M (100%)       2048M (100%)       2048M (100%)       2048M (100%)       2048M (100%)       2048M (100%)   
[92.235s][info][gc,heap     ] GC(414)      Free:     1020M (50%)         738M (36%)        1378M (67%)        1620M (79%)        1638M (80%)         706M (34%)    
[92.235s][info][gc,heap     ] GC(414)      Used:     1028M (50%)        1310M (64%)         670M (33%)         428M (21%)        1342M (66%)         410M (20%)    
[92.235s][info][gc,heap     ] GC(414)      Live:         -                51M (3%)           51M (3%)           51M (3%)             -                  -          
[92.235s][info][gc,heap     ] GC(414) Allocated:         -               282M (14%)         336M (16%)         362M (18%)            -                  -          
[92.235s][info][gc,heap     ] GC(414)   Garbage:         -               976M (48%)         282M (14%)          13M (1%)             -                  -          
[92.235s][info][gc,heap     ] GC(414) Reclaimed:         -                  -               694M (34%)         962M (47%)            -                  -          
[92.235s][info][gc          ] GC(414) Garbage Collection (Allocation Rate) 1028M(50%)->428M(21%)
[92.354s][info][gc,start    ] GC(415) Garbage Collection (Allocation Rate)
[92.369s][info][gc,task     ] GC(415) Using 3 workers
[92.369s][info][gc,phases   ] GC(415) Pause Mark Start 0.010ms
[92.443s][info][gc,phases   ] GC(415) Concurrent Mark 73.186ms
[92.443s][info][gc,phases   ] GC(415) Pause Mark End 0.021ms
[92.443s][info][gc,phases   ] GC(415) Concurrent Mark Free 0.001ms
[92.450s][info][gc,phases   ] GC(415) Concurrent Process Non-Strong References 6.815ms
[92.450s][info][gc,phases   ] GC(415) Concurrent Reset Relocation Set 0.028ms
[92.458s][info][gc,phases   ] GC(415) Concurrent Select Relocation Set 7.686ms
[92.458s][info][gc,phases   ] GC(415) Pause Relocate Start 0.008ms
[92.466s][info][gc,phases   ] GC(415) Concurrent Relocate 8.043ms
[92.466s][info][gc,load     ] GC(415) Load: 0.00/0.00/0.00
[92.466s][info][gc,mmu      ] GC(415) MMU: 2ms/98.1%, 5ms/99.2%, 10ms/99.5%, 20ms/99.8%, 50ms/99.8%, 100ms/99.9%
[92.466s][info][gc,marking  ] GC(415) Mark: 2 stripe(s), 2 proactive flush(es), 1 terminate flush(es), 0 completion(s), 0 continuation(s) 
[92.466s][info][gc,marking  ] GC(415) Mark Stack Usage: 32M
[92.466s][info][gc,nmethod  ] GC(415) NMethods: 4370 registered, 851 unregistered
[92.466s][info][gc,metaspace] GC(415) Metaspace: 71M used, 71M committed, 1088M reserved
[92.467s][info][gc,ref      ] GC(415) Soft: 3837 encountered, 0 discovered, 0 enqueued
[92.467s][info][gc,ref      ] GC(415) Weak: 11176 encountered, 1134 discovered, 6 enqueued
[92.467s][info][gc,ref      ] GC(415) Final: 289 encountered, 23 discovered, 0 enqueued
[92.467s][info][gc,ref      ] GC(415) Phantom: 425 encountered, 255 discovered, 0 enqueued
[92.467s][info][gc,reloc    ] GC(415) Small Pages: 538 / 1076M, Empty: 736M, Relocated: 5M, In-Place: 0
[92.467s][info][gc,reloc    ] GC(415) Medium Pages: 0 / 0M, Empty: 0M, Relocated: 0M, In-Place: 0
[92.467s][info][gc,reloc    ] GC(415) Large Pages: 0 / 0M, Empty: 0M, Relocated: 0M, In-Place: 0
[92.467s][info][gc,reloc    ] GC(415) Forwarding Usage: 1M
[92.467s][info][gc,heap     ] GC(415) Min Capacity: 8M(0%)
[92.467s][info][gc,heap     ] GC(415) Max Capacity: 2048M(100%)
[92.467s][info][gc,heap     ] GC(415) Soft Max Capacity: 2048M(100%)
[92.467s][info][gc,heap     ] GC(415)                Mark Start          Mark End        Relocate Start      Relocate End           High               Low         
[92.467s][info][gc,heap     ] GC(415)  Capacity:     2048M (100%)       2048M (100%)       2048M (100%)       2048M (100%)       2048M (100%)       2048M (100%)   
[92.467s][info][gc,heap     ] GC(415)      Free:      972M (47%)         634M (31%)        1300M (63%)        1554M (76%)        1566M (76%)         600M (29%)    
[92.467s][info][gc,heap     ] GC(415)      Used:     1076M (53%)        1414M (69%)         748M (37%)         494M (24%)        1448M (71%)         482M (24%)    
[92.467s][info][gc,heap     ] GC(415)      Live:         -                51M (3%)           51M (3%)           51M (3%)             -                  -          
[92.467s][info][gc,heap     ] GC(415) Allocated:         -               338M (17%)         408M (20%)         428M (21%)            -                  -          
[92.467s][info][gc,heap     ] GC(415)   Garbage:         -              1024M (50%)         288M (14%)          13M (1%)             -                  -          
[92.467s][info][gc,heap     ] GC(415) Reclaimed:         -                  -               736M (36%)        1010M (49%)            -                  -          
[92.467s][info][gc          ] GC(415) Garbage Collection (Allocation Rate) 1076M(53%)->494M(24%)
[92.555s][info][gc,start    ] GC(416) Garbage Collection (Allocation Rate)
[92.555s][info][gc,task     ] GC(416) Using 3 workers
[92.555s][info][gc,phases   ] GC(416) Pause Mark Start 0.010ms
[92.617s][info][gc,phases   ] GC(416) Concurrent Mark 61.517ms
[92.617s][info][gc,phases   ] GC(416) Pause Mark End 0.023ms
[92.617s][info][gc,phases   ] GC(416) Concurrent Mark Free 0.001ms
[92.623s][info][gc,phases   ] GC(416) Concurrent Process Non-Strong References 6.490ms
[92.623s][info][gc,phases   ] GC(416) Concurrent Reset Relocation Set 0.032ms
[92.628s][info][gc,phases   ] GC(416) Concurrent Select Relocation Set 4.672ms
[92.628s][info][gc,phases   ] GC(416) Pause Relocate Start 0.009ms
[92.635s][info][gc,phases   ] GC(416) Concurrent Relocate 6.123ms
[92.635s][info][gc,load     ] GC(416) Load: 0.00/0.00/0.00
[92.635s][info][gc,mmu      ] GC(416) MMU: 2ms/98.1%, 5ms/99.2%, 10ms/99.5%, 20ms/99.8%, 50ms/99.8%, 100ms/99.9%
[92.635s][info][gc,marking  ] GC(416) Mark: 2 stripe(s), 2 proactive flush(es), 1 terminate flush(es), 0 completion(s), 0 continuation(s) 
[92.635s][info][gc,marking  ] GC(416) Mark Stack Usage: 32M
[92.635s][info][gc,nmethod  ] GC(416) NMethods: 4369 registered, 853 unregistered
[92.635s][info][gc,metaspace] GC(416) Metaspace: 71M used, 71M committed, 1088M reserved
[92.635s][info][gc,ref      ] GC(416) Soft: 3837 encountered, 0 discovered, 0 enqueued
[92.635s][info][gc,ref      ] GC(416) Weak: 11018 encountered, 1071 discovered, 36 enqueued
[92.635s][info][gc,ref      ] GC(416) Final: 289 encountered, 36 discovered, 0 enqueued
[92.635s][info][gc,ref      ] GC(416) Phantom: 425 encountered, 192 discovered, 0 enqueued
[92.635s][info][gc,reloc    ] GC(416) Small Pages: 460 / 920M, Empty: 648M, Relocated: 3M, In-Place: 0
[92.635s][info][gc,reloc    ] GC(416) Medium Pages: 0 / 0M, Empty: 0M, Relocated: 0M, In-Place: 0
[92.635s][info][gc,reloc    ] GC(416) Large Pages: 0 / 0M, Empty: 0M, Relocated: 0M, In-Place: 0
[92.635s][info][gc,reloc    ] GC(416) Forwarding Usage: 1M
[92.635s][info][gc,heap     ] GC(416) Min Capacity: 8M(0%)
[92.635s][info][gc,heap     ] GC(416) Max Capacity: 2048M(100%)
[92.635s][info][gc,heap     ] GC(416) Soft Max Capacity: 2048M(100%)
[92.635s][info][gc,heap     ] GC(416)                Mark Start          Mark End        Relocate Start      Relocate End           High               Low         
[92.635s][info][gc,heap     ] GC(416)  Capacity:     2048M (100%)       2048M (100%)       2048M (100%)       2048M (100%)       2048M (100%)       2048M (100%)   
[92.635s][info][gc,heap     ] GC(416)      Free:     1128M (55%)         854M (42%)        1450M (71%)        1640M (80%)        1644M (80%)         824M (40%)    
[92.635s][info][gc,heap     ] GC(416)      Used:      920M (45%)        1194M (58%)         598M (29%)         408M (20%)        1224M (60%)         404M (20%)    
[92.635s][info][gc,heap     ] GC(416)      Live:         -                51M (3%)           51M (3%)           51M (3%)             -                  -          
[92.635s][info][gc,heap     ] GC(416) Allocated:         -               274M (13%)         326M (16%)         341M (17%)            -                  -          
[92.635s][info][gc,heap     ] GC(416)   Garbage:         -               868M (42%)         220M (11%)          15M (1%)             -                  -          
[92.635s][info][gc,heap     ] GC(416) Reclaimed:         -                  -               648M (32%)         853M (42%)            -                  -          
[92.635s][info][gc          ] GC(416) Garbage Collection (Allocation Rate) 920M(45%)->408M(20%)
[92.754s][info][gc,start    ] GC(417) Garbage Collection (Allocation Rate)
[92.754s][info][gc,task     ] GC(417) Using 3 workers
[92.755s][info][gc,phases   ] GC(417) Pause Mark Start 0.010ms
[92.807s][info][gc,phases   ] GC(417) Concurrent Mark 52.588ms
[92.807s][info][gc,phases   ] GC(417) Pause Mark End 0.024ms
[92.807s][info][gc,phases   ] GC(417) Concurrent Mark Free 0.001ms
[92.813s][info][gc,phases   ] GC(417) Concurrent Process Non-Strong References 5.489ms
[92.813s][info][gc,phases   ] GC(417) Concurrent Reset Relocation Set 0.024ms
[92.817s][info][gc,phases   ] GC(417) Concurrent Select Relocation Set 3.457ms
[92.817s][info][gc,phases   ] GC(417) Pause Relocate Start 0.007ms
[92.820s][info][gc,phases   ] GC(417) Concurrent Relocate 3.345ms
[92.820s][info][gc,load     ] GC(417) Load: 0.00/0.00/0.00
[92.820s][info][gc,mmu      ] GC(417) MMU: 2ms/98.1%, 5ms/99.2%, 10ms/99.5%, 20ms/99.8%, 50ms/99.8%, 100ms/99.9%
[92.820s][info][gc,marking  ] GC(417) Mark: 2 stripe(s), 2 proactive flush(es), 1 terminate flush(es), 0 completion(s), 0 continuation(s) 
[92.820s][info][gc,marking  ] GC(417) Mark Stack Usage: 32M
[92.820s][info][gc,nmethod  ] GC(417) NMethods: 4372 registered, 853 unregistered
[92.820s][info][gc,metaspace] GC(417) Metaspace: 71M used, 71M committed, 1088M reserved
[92.820s][info][gc,ref      ] GC(417) Soft: 3837 encountered, 0 discovered, 0 enqueued
[92.820s][info][gc,ref      ] GC(417) Weak: 10755 encountered, 984 discovered, 54 enqueued
[92.820s][info][gc,ref      ] GC(417) Final: 289 encountered, 38 discovered, 0 enqueued
[92.820s][info][gc,ref      ] GC(417) Phantom: 425 encountered, 301 discovered, 0 enqueued
[92.820s][info][gc,reloc    ] GC(417) Small Pages: 459 / 918M, Empty: 596M, Relocated: 3M, In-Place: 0
[92.820s][info][gc,reloc    ] GC(417) Medium Pages: 0 / 0M, Empty: 0M, Relocated: 0M, In-Place: 0
[92.820s][info][gc,reloc    ] GC(417) Large Pages: 0 / 0M, Empty: 0M, Relocated: 0M, In-Place: 0
[92.820s][info][gc,reloc    ] GC(417) Forwarding Usage: 1M
[92.820s][info][gc,heap     ] GC(417) Min Capacity: 8M(0%)
[92.821s][info][gc,heap     ] GC(417) Max Capacity: 2048M(100%)
[92.821s][info][gc,heap     ] GC(417) Soft Max Capacity: 2048M(100%)
[92.821s][info][gc,heap     ] GC(417)                Mark Start          Mark End        Relocate Start      Relocate End           High               Low         
[92.821s][info][gc,heap     ] GC(417)  Capacity:     2048M (100%)       2048M (100%)       2048M (100%)       2048M (100%)       2048M (100%)       2048M (100%)   
[92.821s][info][gc,heap     ] GC(417)      Free:     1130M (55%)         934M (46%)        1494M (73%)        1748M (85%)        1748M (85%)         908M (44%)    
[92.821s][info][gc,heap     ] GC(417)      Used:      918M (45%)        1114M (54%)         554M (27%)         300M (15%)        1140M (56%)         300M (15%)    
[92.821s][info][gc,heap     ] GC(417)      Live:         -                50M (2%)           50M (2%)           50M (2%)             -                  -          
[92.821s][info][gc,heap     ] GC(417) Allocated:         -               196M (10%)         232M (11%)         233M (11%)            -                  -          
[92.821s][info][gc,heap     ] GC(417)   Garbage:         -               867M (42%)         271M (13%)          15M (1%)             -                  -          
[92.821s][info][gc,heap     ] GC(417) Reclaimed:         -                  -               596M (29%)         851M (42%)            -                  -          
[92.821s][info][gc          ] GC(417) Garbage Collection (Allocation Rate) 918M(45%)->300M(15%)
[92.954s][info][gc,start    ] GC(418) Garbage Collection (Allocation Rate)
[92.954s][info][gc,task     ] GC(418) Using 3 workers
[92.954s][info][gc,phases   ] GC(418) Pause Mark Start 0.010ms
[93.006s][info][gc,phases   ] GC(418) Concurrent Mark 51.488ms
[93.006s][info][gc,phases   ] GC(418) Pause Mark End 0.022ms
[93.006s][info][gc,phases   ] GC(418) Concurrent Mark Free 0.001ms
[93.011s][info][gc,phases   ] GC(418) Concurrent Process Non-Strong References 4.866ms
[93.011s][info][gc,phases   ] GC(418) Concurrent Reset Relocation Set 0.019ms
[93.016s][info][gc,phases   ] GC(418) Concurrent Select Relocation Set 4.704ms
[93.016s][info][gc,phases   ] GC(418) Pause Relocate Start 0.008ms
[93.021s][info][gc,phases   ] GC(418) Concurrent Relocate 5.097ms
[93.021s][info][gc,load     ] GC(418) Load: 0.00/0.00/0.00
[93.021s][info][gc,mmu      ] GC(418) MMU: 2ms/98.1%, 5ms/99.2%, 10ms/99.5%, 20ms/99.8%, 50ms/99.8%, 100ms/99.9%
[93.021s][info][gc,marking  ] GC(418) Mark: 2 stripe(s), 2 proactive flush(es), 1 terminate flush(es), 0 completion(s), 0 continuation(s) 
[93.021s][info][gc,marking  ] GC(418) Mark Stack Usage: 32M
[93.021s][info][gc,nmethod  ] GC(418) NMethods: 4369 registered, 856 unregistered
[93.021s][info][gc,metaspace] GC(418) Metaspace: 71M used, 71M committed, 1088M reserved
[93.021s][info][gc,ref      ] GC(418) Soft: 3837 encountered, 0 discovered, 0 enqueued
[93.021s][info][gc,ref      ] GC(418) Weak: 10455 encountered, 871 discovered, 61 enqueued
[93.021s][info][gc,ref      ] GC(418) Final: 289 encountered, 40 discovered, 0 enqueued
[93.021s][info][gc,ref      ] GC(418) Phantom: 425 encountered, 220 discovered, 0 enqueued
[93.021s][info][gc,reloc    ] GC(418) Small Pages: 372 / 744M, Empty: 476M, Relocated: 5M, In-Place: 0
[93.021s][info][gc,reloc    ] GC(418) Medium Pages: 0 / 0M, Empty: 0M, Relocated: 0M, In-Place: 0
[93.021s][info][gc,reloc    ] GC(418) Large Pages: 0 / 0M, Empty: 0M, Relocated: 0M, In-Place: 0
[93.021s][info][gc,reloc    ] GC(418) Forwarding Usage: 1M
[93.021s][info][gc,heap     ] GC(418) Min Capacity: 8M(0%)
[93.021s][info][gc,heap     ] GC(418) Max Capacity: 2048M(100%)
[93.021s][info][gc,heap     ] GC(418) Soft Max Capacity: 2048M(100%)
[93.021s][info][gc,heap     ] GC(418)                Mark Start          Mark End        Relocate Start      Relocate End           High               Low         
[93.021s][info][gc,heap     ] GC(418)  Capacity:     2048M (100%)       2048M (100%)       2048M (100%)       2048M (100%)       2048M (100%)       2048M (100%)   
[93.021s][info][gc,heap     ] GC(418)      Free:     1304M (64%)        1168M (57%)        1616M (79%)        1812M (88%)        1812M (88%)        1154M (56%)    
[93.021s][info][gc,heap     ] GC(418)      Used:      744M (36%)         880M (43%)         432M (21%)         236M (12%)         894M (44%)         236M (12%)    
[93.021s][info][gc,heap     ] GC(418)      Live:         -                50M (2%)           50M (2%)           50M (2%)             -                  -          
[93.021s][info][gc,heap     ] GC(418) Allocated:         -               136M (7%)          164M (8%)          173M (8%)             -                  -          
[93.022s][info][gc,heap     ] GC(418)   Garbage:         -               693M (34%)         217M (11%)          12M (1%)             -                  -          
[93.022s][info][gc,heap     ] GC(418) Reclaimed:         -                  -               476M (23%)         681M (33%)            -                  -          
[93.022s][info][gc          ] GC(418) Garbage Collection (Allocation Rate) 744M(36%)->236M(12%)
[93.155s][info][gc,start    ] GC(419) Garbage Collection (Allocation Rate)
[93.155s][info][gc,task     ] GC(419) Using 2 workers
[93.155s][info][gc,phases   ] GC(419) Pause Mark Start 0.009ms
[93.210s][info][gc,phases   ] GC(419) Concurrent Mark 54.594ms
[93.210s][info][gc,phases   ] GC(419) Pause Mark End 0.016ms
[93.210s][info][gc,phases   ] GC(419) Concurrent Mark Free 0.001ms
[93.215s][info][gc,phases   ] GC(419) Concurrent Process Non-Strong References 5.468ms
[93.215s][info][gc,phases   ] GC(419) Concurrent Reset Relocation Set 0.014ms
[93.218s][info][gc,phases   ] GC(419) Concurrent Select Relocation Set 2.708ms
[93.218s][info][gc,phases   ] GC(419) Pause Relocate Start 0.008ms
[93.222s][info][gc,phases   ] GC(419) Concurrent Relocate 3.378ms
[93.222s][info][gc,load     ] GC(419) Load: 0.00/0.00/0.00
[93.222s][info][gc,mmu      ] GC(419) MMU: 2ms/98.1%, 5ms/99.2%, 10ms/99.5%, 20ms/99.8%, 50ms/99.8%, 100ms/99.9%
[93.222s][info][gc,marking  ] GC(419) Mark: 2 stripe(s), 3 proactive flush(es), 1 terminate flush(es), 0 completion(s), 0 continuation(s) 
[93.222s][info][gc,marking  ] GC(419) Mark Stack Usage: 32M
[93.222s][info][gc,nmethod  ] GC(419) NMethods: 4369 registered, 856 unregistered
[93.222s][info][gc,metaspace] GC(419) Metaspace: 71M used, 71M committed, 1088M reserved
[93.222s][info][gc,ref      ] GC(419) Soft: 3837 encountered, 0 discovered, 0 enqueued
[93.222s][info][gc,ref      ] GC(419) Weak: 10294 encountered, 744 discovered, 24 enqueued
[93.222s][info][gc,ref      ] GC(419) Final: 289 encountered, 31 discovered, 0 enqueued
[93.222s][info][gc,ref      ] GC(419) Phantom: 425 encountered, 236 discovered, 0 enqueued
[93.222s][info][gc,reloc    ] GC(419) Small Pages: 302 / 604M, Empty: 424M, Relocated: 3M, In-Place: 0
[93.222s][info][gc,reloc    ] GC(419) Medium Pages: 0 / 0M, Empty: 0M, Relocated: 0M, In-Place: 0
[93.222s][info][gc,reloc    ] GC(419) Large Pages: 0 / 0M, Empty: 0M, Relocated: 0M, In-Place: 0
[93.222s][info][gc,reloc    ] GC(419) Forwarding Usage: 1M
[93.222s][info][gc,heap     ] GC(419) Min Capacity: 8M(0%)
[93.222s][info][gc,heap     ] GC(419) Max Capacity: 2048M(100%)
[93.222s][info][gc,heap     ] GC(419) Soft Max Capacity: 2048M(100%)
[93.222s][info][gc,heap     ] GC(419)                Mark Start          Mark End        Relocate Start      Relocate End           High               Low         
[93.222s][info][gc,heap     ] GC(419)  Capacity:     2048M (100%)       2048M (100%)       2048M (100%)       2048M (100%)       2048M (100%)       2048M (100%)   
[93.222s][info][gc,heap     ] GC(419)      Free:     1444M (71%)        1322M (65%)        1726M (84%)        1840M (90%)        1840M (90%)        1308M (64%)    
[93.222s][info][gc,heap     ] GC(419)      Used:      604M (29%)         726M (35%)         322M (16%)         208M (10%)         740M (36%)         208M (10%)    
[93.222s][info][gc,heap     ] GC(419)      Live:         -                49M (2%)           49M (2%)           49M (2%)             -                  -          
[93.222s][info][gc,heap     ] GC(419) Allocated:         -               122M (6%)          142M (7%)          145M (7%)             -                  -          
[93.222s][info][gc,heap     ] GC(419)   Garbage:         -               554M (27%)         130M (6%)           12M (1%)             -                  -          
[93.222s][info][gc,heap     ] GC(419) Reclaimed:         -                  -               424M (21%)         541M (26%)            -                  -          
[93.222s][info][gc          ] GC(419) Garbage Collection (Allocation Rate) 604M(29%)->208M(10%)
[93.354s][info][gc,start    ] GC(420) Garbage Collection (Allocation Rate)
[93.354s][info][gc,task     ] GC(420) Using 2 workers
[93.354s][info][gc,phases   ] GC(420) Pause Mark Start 0.010ms
[93.401s][info][gc,phases   ] GC(420) Concurrent Mark 46.651ms
[93.401s][info][gc,phases   ] GC(420) Pause Mark End 0.020ms
[93.401s][info][gc,phases   ] GC(420) Concurrent Mark Free 0.001ms
[93.407s][info][gc,phases   ] GC(420) Concurrent Process Non-Strong References 5.329ms
[93.407s][info][gc,phases   ] GC(420) Concurrent Reset Relocation Set 0.008ms
[93.409s][info][gc,phases   ] GC(420) Concurrent Select Relocation Set 2.666ms
[93.410s][info][gc,phases   ] GC(420) Pause Relocate Start 0.007ms
[93.413s][info][gc,phases   ] GC(420) Concurrent Relocate 3.472ms
[93.413s][info][gc,load     ] GC(420) Load: 0.00/0.00/0.00
[93.413s][info][gc,mmu      ] GC(420) MMU: 2ms/98.1%, 5ms/99.2%, 10ms/99.5%, 20ms/99.8%, 50ms/99.8%, 100ms/99.9%
[93.413s][info][gc,marking  ] GC(420) Mark: 2 stripe(s), 2 proactive flush(es), 1 terminate flush(es), 0 completion(s), 0 continuation(s) 
[93.413s][info][gc,marking  ] GC(420) Mark Stack Usage: 32M
[93.413s][info][gc,nmethod  ] GC(420) NMethods: 4369 registered, 856 unregistered
[93.413s][info][gc,metaspace] GC(420) Metaspace: 71M used, 71M committed, 1088M reserved
[93.413s][info][gc,ref      ] GC(420) Soft: 3837 encountered, 0 discovered, 0 enqueued
[93.413s][info][gc,ref      ] GC(420) Weak: 10221 encountered, 948 discovered, 13 enqueued
[93.413s][info][gc,ref      ] GC(420) Final: 289 encountered, 18 discovered, 0 enqueued
[93.413s][info][gc,ref      ] GC(420) Phantom: 425 encountered, 226 discovered, 0 enqueued
[93.413s][info][gc,reloc    ] GC(420) Small Pages: 247 / 494M, Empty: 346M, Relocated: 3M, In-Place: 0
[93.413s][info][gc,reloc    ] GC(420) Medium Pages: 0 / 0M, Empty: 0M, Relocated: 0M, In-Place: 0
[93.413s][info][gc,reloc    ] GC(420) Large Pages: 0 / 0M, Empty: 0M, Relocated: 0M, In-Place: 0
[93.413s][info][gc,reloc    ] GC(420) Forwarding Usage: 1M
[93.413s][info][gc,heap     ] GC(420) Min Capacity: 8M(0%)
[93.413s][info][gc,heap     ] GC(420) Max Capacity: 2048M(100%)
[93.413s][info][gc,heap     ] GC(420) Soft Max Capacity: 2048M(100%)
[93.413s][info][gc,heap     ] GC(420)                Mark Start          Mark End        Relocate Start      Relocate End           High               Low         
[93.413s][info][gc,heap     ] GC(420)  Capacity:     2048M (100%)       2048M (100%)       2048M (100%)       2048M (100%)       2048M (100%)       2048M (100%)   
[93.413s][info][gc,heap     ] GC(420)      Free:     1554M (76%)        1460M (71%)        1788M (87%)        1870M (91%)        1872M (91%)        1450M (71%)    
[93.413s][info][gc,heap     ] GC(420)      Used:      494M (24%)         588M (29%)         260M (13%)         178M (9%)          598M (29%)         176M (9%)     
[93.413s][info][gc,heap     ] GC(420)      Live:         -                49M (2%)           49M (2%)           49M (2%)             -                  -          
[93.413s][info][gc,heap     ] GC(420) Allocated:         -                94M (5%)          112M (5%)          115M (6%)             -                  -          
[93.413s][info][gc,heap     ] GC(420)   Garbage:         -               444M (22%)          98M (5%)           12M (1%)             -                  -          
[93.413s][info][gc,heap     ] GC(420) Reclaimed:         -                  -               346M (17%)         431M (21%)            -                  -          
[93.414s][info][gc          ] GC(420) Garbage Collection (Allocation Rate) 494M(24%)->178M(9%)
[93.554s][info][gc,start    ] GC(421) Garbage Collection (Allocation Rate)
[93.554s][info][gc,task     ] GC(421) Using 6 workers
[93.554s][info][gc,phases   ] GC(421) Pause Mark Start 0.010ms
[93.576s][info][gc,phases   ] GC(421) Concurrent Mark 21.724ms
[93.576s][info][gc,phases   ] GC(421) Pause Mark End 0.019ms
[93.576s][info][gc,phases   ] GC(421) Concurrent Mark Free 0.001ms
[93.578s][info][gc,phases   ] GC(421) Concurrent Process Non-Strong References 2.176ms
[93.578s][info][gc,phases   ] GC(421) Concurrent Reset Relocation Set 0.005ms
[93.581s][info][gc,phases   ] GC(421) Concurrent Select Relocation Set 2.476ms
[93.581s][info][gc,phases   ] GC(421) Pause Relocate Start 0.007ms
[93.583s][info][gc,phases   ] GC(421) Concurrent Relocate 2.293ms
[93.583s][info][gc,load     ] GC(421) Load: 0.00/0.00/0.00
[93.583s][info][gc,mmu      ] GC(421) MMU: 2ms/98.1%, 5ms/99.2%, 10ms/99.5%, 20ms/99.8%, 50ms/99.8%, 100ms/99.9%
[93.583s][info][gc,marking  ] GC(421) Mark: 4 stripe(s), 2 proactive flush(es), 1 terminate flush(es), 0 completion(s), 0 continuation(s) 
[93.583s][info][gc,marking  ] GC(421) Mark Stack Usage: 32M
[93.583s][info][gc,nmethod  ] GC(421) NMethods: 4369 registered, 856 unregistered
[93.583s][info][gc,metaspace] GC(421) Metaspace: 71M used, 71M committed, 1088M reserved
[93.583s][info][gc,ref      ] GC(421) Soft: 3837 encountered, 0 discovered, 0 enqueued
[93.583s][info][gc,ref      ] GC(421) Weak: 10184 encountered, 515 discovered, 7 enqueued
[93.583s][info][gc,ref      ] GC(421) Final: 289 encountered, 2 discovered, 0 enqueued
[93.583s][info][gc,ref      ] GC(421) Phantom: 425 encountered, 300 discovered, 0 enqueued
[93.583s][info][gc,reloc    ] GC(421) Small Pages: 225 / 450M, Empty: 334M, Relocated: 3M, In-Place: 0
[93.583s][info][gc,reloc    ] GC(421) Medium Pages: 0 / 0M, Empty: 0M, Relocated: 0M, In-Place: 0
[93.583s][info][gc,reloc    ] GC(421) Large Pages: 0 / 0M, Empty: 0M, Relocated: 0M, In-Place: 0
[93.583s][info][gc,reloc    ] GC(421) Forwarding Usage: 1M
[93.584s][info][gc,heap     ] GC(421) Min Capacity: 8M(0%)
[93.584s][info][gc,heap     ] GC(421) Max Capacity: 2048M(100%)
[93.584s][info][gc,heap     ] GC(421) Soft Max Capacity: 2048M(100%)
[93.584s][info][gc,heap     ] GC(421)                Mark Start          Mark End        Relocate Start      Relocate End           High               Low         
[93.584s][info][gc,heap     ] GC(421)  Capacity:     2048M (100%)       2048M (100%)       2048M (100%)       2048M (100%)       2048M (100%)       2048M (100%)   
[93.584s][info][gc,heap     ] GC(421)      Free:     1598M (78%)        1558M (76%)        1884M (92%)        1926M (94%)        1926M (94%)        1554M (76%)    
[93.584s][info][gc,heap     ] GC(421)      Used:      450M (22%)         490M (24%)         164M (8%)          122M (6%)          494M (24%)         122M (6%)     
[93.584s][info][gc,heap     ] GC(421)      Live:         -                49M (2%)           49M (2%)           49M (2%)             -                  -          
[93.584s][info][gc,heap     ] GC(421) Allocated:         -                40M (2%)           48M (2%)           51M (3%)             -                  -          
[93.584s][info][gc,heap     ] GC(421)   Garbage:         -               400M (20%)          66M (3%)           20M (1%)             -                  -          
[93.584s][info][gc,heap     ] GC(421) Reclaimed:         -                  -               334M (16%)         379M (19%)            -                  -          
[93.584s][info][gc          ] GC(421) Garbage Collection (Allocation Rate) 450M(22%)->122M(6%)
[93.954s][info][gc,start    ] GC(422) Garbage Collection (Allocation Rate)
[93.954s][info][gc,task     ] GC(422) Using 6 workers
[93.955s][info][gc,phases   ] GC(422) Pause Mark Start 0.010ms
[93.975s][info][gc,phases   ] GC(422) Concurrent Mark 20.707ms
[93.975s][info][gc,phases   ] GC(422) Pause Mark End 0.022ms
[93.975s][info][gc,phases   ] GC(422) Concurrent Mark Free 0.001ms
[93.978s][info][gc,phases   ] GC(422) Concurrent Process Non-Strong References 2.061ms
[93.978s][info][gc,phases   ] GC(422) Concurrent Reset Relocation Set 0.004ms
[93.980s][info][gc,phases   ] GC(422) Concurrent Select Relocation Set 2.446ms
[93.980s][info][gc,phases   ] GC(422) Pause Relocate Start 0.006ms
[93.983s][info][gc,phases   ] GC(422) Concurrent Relocate 2.267ms
[93.983s][info][gc,load     ] GC(422) Load: 0.00/0.00/0.00
[93.983s][info][gc,mmu      ] GC(422) MMU: 2ms/98.1%, 5ms/99.2%, 10ms/99.5%, 20ms/99.8%, 50ms/99.8%, 100ms/99.9%
[93.983s][info][gc,marking  ] GC(422) Mark: 4 stripe(s), 2 proactive flush(es), 1 terminate flush(es), 0 completion(s), 0 continuation(s) 
[93.983s][info][gc,marking  ] GC(422) Mark Stack Usage: 32M
[93.983s][info][gc,nmethod  ] GC(422) NMethods: 4369 registered, 856 unregistered
[93.983s][info][gc,metaspace] GC(422) Metaspace: 71M used, 71M committed, 1088M reserved
[93.983s][info][gc,ref      ] GC(422) Soft: 3837 encountered, 0 discovered, 0 enqueued
[93.983s][info][gc,ref      ] GC(422) Weak: 10177 encountered, 571 discovered, 0 enqueued
[93.983s][info][gc,ref      ] GC(422) Final: 289 encountered, 17 discovered, 0 enqueued
[93.983s][info][gc,ref      ] GC(422) Phantom: 425 encountered, 172 discovered, 0 enqueued
[93.983s][info][gc,reloc    ] GC(422) Small Pages: 414 / 828M, Empty: 702M, Relocated: 3M, In-Place: 0
[93.983s][info][gc,reloc    ] GC(422) Medium Pages: 0 / 0M, Empty: 0M, Relocated: 0M, In-Place: 0
[93.983s][info][gc,reloc    ] GC(422) Large Pages: 0 / 0M, Empty: 0M, Relocated: 0M, In-Place: 0
[93.983s][info][gc,reloc    ] GC(422) Forwarding Usage: 1M
[93.983s][info][gc,heap     ] GC(422) Min Capacity: 8M(0%)
[93.983s][info][gc,heap     ] GC(422) Max Capacity: 2048M(100%)
[93.983s][info][gc,heap     ] GC(422) Soft Max Capacity: 2048M(100%)
[93.983s][info][gc,heap     ] GC(422)                Mark Start          Mark End        Relocate Start      Relocate End           High               Low         
[93.983s][info][gc,heap     ] GC(422)  Capacity:     2048M (100%)       2048M (100%)       2048M (100%)       2048M (100%)       2048M (100%)       2048M (100%)   
[93.983s][info][gc,heap     ] GC(422)      Free:     1220M (60%)        1184M (58%)        1876M (92%)        1930M (94%)        1930M (94%)        1178M (58%)    
[93.983s][info][gc,heap     ] GC(422)      Used:      828M (40%)         864M (42%)         172M (8%)          118M (6%)          870M (42%)         118M (6%)     
[93.983s][info][gc,heap     ] GC(422)      Live:         -                49M (2%)           49M (2%)           49M (2%)             -                  -          
[93.983s][info][gc,heap     ] GC(422) Allocated:         -                36M (2%)           46M (2%)           47M (2%)             -                  -          
[93.983s][info][gc,heap     ] GC(422)   Garbage:         -               778M (38%)          76M (4%)           20M (1%)             -                  -          
[93.983s][info][gc,heap     ] GC(422) Reclaimed:         -                  -               702M (34%)         757M (37%)            -                  -          
[93.983s][info][gc          ] GC(422) Garbage Collection (Allocation Rate) 828M(40%)->118M(6%)
[94.654s][info][gc,start    ] GC(423) Garbage Collection (Allocation Rate)
[94.654s][info][gc,task     ] GC(423) Using 2 workers
[94.654s][info][gc,phases   ] GC(423) Pause Mark Start 0.009ms
[94.700s][info][gc,phases   ] GC(423) Concurrent Mark 45.641ms
[94.700s][info][gc,phases   ] GC(423) Pause Mark End 0.019ms
[94.700s][info][gc,phases   ] GC(423) Concurrent Mark Free 0.001ms
[94.705s][info][gc,phases   ] GC(423) Concurrent Process Non-Strong References 4.997ms
[94.705s][info][gc,phases   ] GC(423) Concurrent Reset Relocation Set 0.005ms
[94.708s][info][gc,phases   ] GC(423) Concurrent Select Relocation Set 2.676ms
[94.708s][info][gc,phases   ] GC(423) Pause Relocate Start 0.008ms
[94.710s][info][gc,phases   ] GC(423) Concurrent Relocate 2.033ms
[94.710s][info][gc,load     ] GC(423) Load: 0.00/0.00/0.00
[94.710s][info][gc,mmu      ] GC(423) MMU: 2ms/98.1%, 5ms/99.2%, 10ms/99.5%, 20ms/99.8%, 50ms/99.8%, 100ms/99.9%
[94.710s][info][gc,marking  ] GC(423) Mark: 2 stripe(s), 2 proactive flush(es), 1 terminate flush(es), 0 completion(s), 0 continuation(s) 
[94.710s][info][gc,marking  ] GC(423) Mark Stack Usage: 32M
[94.710s][info][gc,nmethod  ] GC(423) NMethods: 4369 registered, 856 unregistered
[94.710s][info][gc,metaspace] GC(423) Metaspace: 71M used, 71M committed, 1088M reserved
[94.710s][info][gc,ref      ] GC(423) Soft: 3837 encountered, 0 discovered, 0 enqueued
[94.710s][info][gc,ref      ] GC(423) Weak: 10177 encountered, 1038 discovered, 0 enqueued
[94.710s][info][gc,ref      ] GC(423) Final: 289 encountered, 32 discovered, 0 enqueued
[94.710s][info][gc,ref      ] GC(423) Phantom: 425 encountered, 231 discovered, 0 enqueued
[94.710s][info][gc,reloc    ] GC(423) Small Pages: 698 / 1396M, Empty: 1274M, Relocated: 1M, In-Place: 0
[94.710s][info][gc,reloc    ] GC(423) Medium Pages: 0 / 0M, Empty: 0M, Relocated: 0M, In-Place: 0
[94.710s][info][gc,reloc    ] GC(423) Large Pages: 0 / 0M, Empty: 0M, Relocated: 0M, In-Place: 0
[94.710s][info][gc,reloc    ] GC(423) Forwarding Usage: 0M
[94.710s][info][gc,heap     ] GC(423) Min Capacity: 8M(0%)
[94.710s][info][gc,heap     ] GC(423) Max Capacity: 2048M(100%)
[94.710s][info][gc,heap     ] GC(423) Soft Max Capacity: 2048M(100%)
[94.710s][info][gc,heap     ] GC(423)                Mark Start          Mark End        Relocate Start      Relocate End           High               Low         
[94.710s][info][gc,heap     ] GC(423)  Capacity:     2048M (100%)       2048M (100%)       2048M (100%)       2048M (100%)       2048M (100%)       2048M (100%)   
[94.710s][info][gc,heap     ] GC(423)      Free:      652M (32%)         568M (28%)        1828M (89%)        1884M (92%)        1884M (92%)         560M (27%)    
[94.710s][info][gc,heap     ] GC(423)      Used:     1396M (68%)        1480M (72%)         220M (11%)         164M (8%)         1488M (73%)         164M (8%)     
[94.710s][info][gc,heap     ] GC(423)      Live:         -                49M (2%)           49M (2%)           49M (2%)             -                  -          
[94.710s][info][gc,heap     ] GC(423) Allocated:         -                84M (4%)           98M (5%)           99M (5%)             -                  -          
[94.710s][info][gc,heap     ] GC(423)   Garbage:         -              1346M (66%)          72M (4%)           14M (1%)             -                  -          
[94.710s][info][gc,heap     ] GC(423) Reclaimed:         -                  -              1274M (62%)        1331M (65%)            -                  -          
[94.710s][info][gc          ] GC(423) Garbage Collection (Allocation Rate) 1396M(68%)->164M(8%)
[94.891s][info][gc,start    ] GC(424) Garbage Collection (System.gc())
[94.891s][info][gc,task     ] GC(424) Using 12 workers
[94.891s][info][gc,phases   ] GC(424) Pause Mark Start 0.013ms
[94.915s][info][gc,phases   ] GC(424) Concurrent Mark 23.225ms
[94.915s][info][gc,phases   ] GC(424) Pause Mark End 0.017ms
[94.915s][info][gc,phases   ] GC(424) Concurrent Mark Free 0.001ms
[94.917s][info][gc,phases   ] GC(424) Concurrent Process Non-Strong References 1.943ms
[94.917s][info][gc,phases   ] GC(424) Concurrent Reset Relocation Set 0.004ms
[94.920s][info][gc,phases   ] GC(424) Concurrent Select Relocation Set 3.419ms
[94.920s][info][gc,phases   ] GC(424) Pause Relocate Start 0.006ms
[94.922s][info][gc,phases   ] GC(424) Concurrent Relocate 2.141ms
[94.923s][info][gc,load     ] GC(424) Load: 0.00/0.00/0.00
[94.923s][info][gc,mmu      ] GC(424) MMU: 2ms/98.1%, 5ms/99.2%, 10ms/99.5%, 20ms/99.8%, 50ms/99.8%, 100ms/99.9%
[94.923s][info][gc,marking  ] GC(424) Mark: 8 stripe(s), 4 proactive flush(es), 1 terminate flush(es), 0 completion(s), 0 continuation(s) 
[94.923s][info][gc,marking  ] GC(424) Mark Stack Usage: 32M
[94.923s][info][gc,nmethod  ] GC(424) NMethods: 4282 registered, 1041 unregistered
[94.923s][info][gc,metaspace] GC(424) Metaspace: 71M used, 71M committed, 1088M reserved
[94.923s][info][gc,ref      ] GC(424) Soft: 3837 encountered, 0 discovered, 0 enqueued
[94.923s][info][gc,ref      ] GC(424) Weak: 10307 encountered, 984 discovered, 49 enqueued
[94.923s][info][gc,ref      ] GC(424) Final: 289 encountered, 10 discovered, 0 enqueued
[94.923s][info][gc,ref      ] GC(424) Phantom: 425 encountered, 333 discovered, 0 enqueued
[94.923s][info][gc,reloc    ] GC(424) Small Pages: 216 / 432M, Empty: 262M, Relocated: 4M, In-Place: 0
[94.923s][info][gc,reloc    ] GC(424) Medium Pages: 0 / 0M, Empty: 0M, Relocated: 0M, In-Place: 0
[94.923s][info][gc,reloc    ] GC(424) Large Pages: 0 / 0M, Empty: 0M, Relocated: 0M, In-Place: 0
[94.923s][info][gc,reloc    ] GC(424) Forwarding Usage: 2M
[94.923s][info][gc,heap     ] GC(424) Min Capacity: 8M(0%)
[94.923s][info][gc,heap     ] GC(424) Max Capacity: 2048M(100%)
[94.923s][info][gc,heap     ] GC(424) Soft Max Capacity: 2048M(100%)
[94.923s][info][gc,heap     ] GC(424)                Mark Start          Mark End        Relocate Start      Relocate End           High               Low         
[94.923s][info][gc,heap     ] GC(424)  Capacity:     2048M (100%)       2048M (100%)       2048M (100%)       2048M (100%)       2048M (100%)       2048M (100%)   
[94.923s][info][gc,heap     ] GC(424)      Free:     1616M (79%)        1604M (78%)        1866M (91%)        1956M (96%)        1956M (96%)        1604M (78%)    
[94.923s][info][gc,heap     ] GC(424)      Used:      432M (21%)         444M (22%)         182M (9%)           92M (4%)          444M (22%)          92M (4%)     
[94.923s][info][gc,heap     ] GC(424)      Live:         -                50M (2%)           50M (2%)           50M (2%)             -                  -          
[94.923s][info][gc,heap     ] GC(424) Allocated:         -                12M (1%)           12M (1%)           12M (1%)             -                  -          
[94.923s][info][gc,heap     ] GC(424)   Garbage:         -               381M (19%)         119M (6%)           29M (1%)             -                  -          
[94.923s][info][gc,heap     ] GC(424) Reclaimed:         -                  -               262M (13%)         352M (17%)            -                  -          
[94.923s][info][gc          ] GC(424) Garbage Collection (System.gc()) 432M(21%)->92M(4%)
[95.154s][info][gc,start    ] GC(425) Garbage Collection (Allocation Rate)
[95.154s][info][gc,task     ] GC(425) Using 4 workers
[95.155s][info][gc,phases   ] GC(425) Pause Mark Start 0.011ms
[95.210s][info][gc,phases   ] GC(425) Concurrent Mark 55.171ms
[95.210s][info][gc,phases   ] GC(425) Pause Mark End 0.030ms
[95.212s][info][gc,phases   ] GC(425) Concurrent Mark Free 0.001ms
[95.218s][info][gc,phases   ] GC(425) Concurrent Process Non-Strong References 5.991ms
[95.218s][info][gc,phases   ] GC(425) Concurrent Reset Relocation Set 0.019ms
[95.227s][info][gc,phases   ] GC(425) Concurrent Select Relocation Set 8.889ms
[95.227s][info][gc,phases   ] GC(425) Pause Relocate Start 0.008ms
[95.239s][info][gc,phases   ] GC(425) Concurrent Relocate 10.947ms
[95.239s][info][gc,load     ] GC(425) Load: 0.00/0.00/0.00
[95.239s][info][gc,mmu      ] GC(425) MMU: 2ms/98.1%, 5ms/99.2%, 10ms/99.5%, 20ms/99.8%, 50ms/99.8%, 100ms/99.9%
[95.239s][info][gc,marking  ] GC(425) Mark: 4 stripe(s), 3 proactive flush(es), 1 terminate flush(es), 0 completion(s), 0 continuation(s) 
[95.239s][info][gc,marking  ] GC(425) Mark Stack Usage: 32M
[95.239s][info][gc,nmethod  ] GC(425) NMethods: 4537 registered, 1056 unregistered
[95.239s][info][gc,metaspace] GC(425) Metaspace: 71M used, 72M committed, 1088M reserved
[95.239s][info][gc,ref      ] GC(425) Soft: 3837 encountered, 0 discovered, 0 enqueued
[95.239s][info][gc,ref      ] GC(425) Weak: 11615 encountered, 1211 discovered, 1 enqueued
[95.239s][info][gc,ref      ] GC(425) Final: 289 encountered, 20 discovered, 0 enqueued
[95.239s][info][gc,ref      ] GC(425) Phantom: 425 encountered, 271 discovered, 0 enqueued
[95.239s][info][gc,reloc    ] GC(425) Small Pages: 581 / 1162M, Empty: 574M, Relocated: 10M, In-Place: 0
[95.239s][info][gc,reloc    ] GC(425) Medium Pages: 0 / 0M, Empty: 0M, Relocated: 0M, In-Place: 0
[95.239s][info][gc,reloc    ] GC(425) Large Pages: 0 / 0M, Empty: 0M, Relocated: 0M, In-Place: 0
[95.239s][info][gc,reloc    ] GC(425) Forwarding Usage: 4M
[95.239s][info][gc,heap     ] GC(425) Min Capacity: 8M(0%)
[95.239s][info][gc,heap     ] GC(425) Max Capacity: 2048M(100%)
[95.239s][info][gc,heap     ] GC(425) Soft Max Capacity: 2048M(100%)
[95.239s][info][gc,heap     ] GC(425)                Mark Start          Mark End        Relocate Start      Relocate End           High               Low         
[95.239s][info][gc,heap     ] GC(425)  Capacity:     2048M (100%)       2048M (100%)       2048M (100%)       2048M (100%)       2048M (100%)       2048M (100%)   
[95.239s][info][gc,heap     ] GC(425)      Free:      886M (43%)         614M (30%)        1110M (54%)        1596M (78%)        1616M (79%)         578M (28%)    
[95.239s][info][gc,heap     ] GC(425)      Used:     1162M (57%)        1434M (70%)         938M (46%)         452M (22%)        1470M (72%)         432M (21%)    
[95.239s][info][gc,heap     ] GC(425)      Live:         -                54M (3%)           54M (3%)           54M (3%)             -                  -          
[95.239s][info][gc,heap     ] GC(425) Allocated:         -               272M (13%)         350M (17%)         382M (19%)            -                  -          
[95.239s][info][gc,heap     ] GC(425)   Garbage:         -              1107M (54%)         533M (26%)          15M (1%)             -                  -          
[95.239s][info][gc,heap     ] GC(425) Reclaimed:         -                  -               574M (28%)        1092M (53%)            -                  -          
[95.239s][info][gc          ] GC(425) Garbage Collection (Allocation Rate) 1162M(57%)->452M(22%)
[95.254s][info][gc,start    ] GC(426) Garbage Collection (Allocation Rate)
[95.254s][info][gc,task     ] GC(426) Using 6 workers
[95.254s][info][gc,phases   ] GC(426) Pause Mark Start 0.010ms
[95.297s][info][gc,phases   ] GC(426) Concurrent Mark 42.148ms
[95.297s][info][gc,phases   ] GC(426) Pause Mark End 0.020ms
[95.297s][info][gc,phases   ] GC(426) Concurrent Mark Free 0.001ms
[95.301s][info][gc,phases   ] GC(426) Concurrent Process Non-Strong References 3.542ms
[95.301s][info][gc,phases   ] GC(426) Concurrent Reset Relocation Set 0.063ms
[95.306s][info][gc,phases   ] GC(426) Concurrent Select Relocation Set 5.138ms
[95.306s][info][gc,phases   ] GC(426) Pause Relocate Start 0.008ms
[95.316s][info][gc,phases   ] GC(426) Concurrent Relocate 9.319ms
[95.316s][info][gc,load     ] GC(426) Load: 0.00/0.00/0.00
[95.316s][info][gc,mmu      ] GC(426) MMU: 2ms/98.1%, 5ms/99.2%, 10ms/99.5%, 20ms/99.8%, 50ms/99.8%, 100ms/99.9%
[95.316s][info][gc,marking  ] GC(426) Mark: 4 stripe(s), 4 proactive flush(es), 1 terminate flush(es), 0 completion(s), 0 continuation(s) 
[95.316s][info][gc,marking  ] GC(426) Mark Stack Usage: 32M
[95.316s][info][gc,nmethod  ] GC(426) NMethods: 4537 registered, 1056 unregistered
[95.316s][info][gc,metaspace] GC(426) Metaspace: 71M used, 72M committed, 1088M reserved
[95.316s][info][gc,ref      ] GC(426) Soft: 3837 encountered, 0 discovered, 0 enqueued
[95.316s][info][gc,ref      ] GC(426) Weak: 11614 encountered, 1079 discovered, 0 enqueued
[95.316s][info][gc,ref      ] GC(426) Final: 289 encountered, 19 discovered, 0 enqueued
[95.316s][info][gc,ref      ] GC(426) Phantom: 425 encountered, 193 discovered, 0 enqueued
[95.316s][info][gc,reloc    ] GC(426) Small Pages: 265 / 530M, Empty: 200M, Relocated: 8M, In-Place: 0
[95.316s][info][gc,reloc    ] GC(426) Medium Pages: 0 / 0M, Empty: 0M, Relocated: 0M, In-Place: 0
[95.316s][info][gc,reloc    ] GC(426) Large Pages: 0 / 0M, Empty: 0M, Relocated: 0M, In-Place: 0
[95.316s][info][gc,reloc    ] GC(426) Forwarding Usage: 3M
[95.316s][info][gc,heap     ] GC(426) Min Capacity: 8M(0%)
[95.317s][info][gc,heap     ] GC(426) Max Capacity: 2048M(100%)
[95.317s][info][gc,heap     ] GC(426) Soft Max Capacity: 2048M(100%)
[95.317s][info][gc,heap     ] GC(426)                Mark Start          Mark End        Relocate Start      Relocate End           High               Low         
[95.317s][info][gc,heap     ] GC(426)  Capacity:     2048M (100%)       2048M (100%)       2048M (100%)       2048M (100%)       2048M (100%)       2048M (100%)   
[95.317s][info][gc,heap     ] GC(426)      Free:     1518M (74%)        1314M (64%)        1474M (72%)        1702M (83%)        1726M (84%)        1300M (63%)    
[95.317s][info][gc,heap     ] GC(426)      Used:      530M (26%)         734M (36%)         574M (28%)         346M (17%)         748M (37%)         322M (16%)    
[95.317s][info][gc,heap     ] GC(426)      Live:         -                54M (3%)           54M (3%)           54M (3%)             -                  -          
[95.317s][info][gc,heap     ] GC(426) Allocated:         -               204M (10%)         244M (12%)         274M (13%)            -                  -          
[95.317s][info][gc,heap     ] GC(426)   Garbage:         -               475M (23%)         275M (13%)          17M (1%)             -                  -          
[95.317s][info][gc,heap     ] GC(426) Reclaimed:         -                  -               200M (10%)         458M (22%)            -                  -          
[95.317s][info][gc          ] GC(426) Garbage Collection (Allocation Rate) 530M(26%)->346M(17%)
[95.455s][info][gc,start    ] GC(427) Garbage Collection (Allocation Rate)
[95.455s][info][gc,task     ] GC(427) Using 6 workers
[95.455s][info][gc,phases   ] GC(427) Pause Mark Start 0.009ms
[95.488s][info][gc,phases   ] GC(427) Concurrent Mark 32.218ms
[95.488s][info][gc,phases   ] GC(427) Pause Mark End 0.027ms
[95.488s][info][gc,phases   ] GC(427) Concurrent Mark Free 0.002ms
[95.492s][info][gc,phases   ] GC(427) Concurrent Process Non-Strong References 3.871ms
[95.492s][info][gc,phases   ] GC(427) Concurrent Reset Relocation Set 0.034ms
[95.498s][info][gc,phases   ] GC(427) Concurrent Select Relocation Set 5.234ms
[95.498s][info][gc,phases   ] GC(427) Pause Relocate Start 0.009ms
[95.505s][info][gc,phases   ] GC(427) Concurrent Relocate 7.166ms
[95.505s][info][gc,load     ] GC(427) Load: 0.00/0.00/0.00
[95.505s][info][gc,mmu      ] GC(427) MMU: 2ms/98.1%, 5ms/99.2%, 10ms/99.5%, 20ms/99.8%, 50ms/99.8%, 100ms/99.9%
[95.505s][info][gc,marking  ] GC(427) Mark: 4 stripe(s), 2 proactive flush(es), 1 terminate flush(es), 0 completion(s), 0 continuation(s) 
[95.505s][info][gc,marking  ] GC(427) Mark Stack Usage: 32M
[95.506s][info][gc,nmethod  ] GC(427) NMethods: 4537 registered, 1056 unregistered
[95.506s][info][gc,metaspace] GC(427) Metaspace: 71M used, 72M committed, 1088M reserved
[95.506s][info][gc,ref      ] GC(427) Soft: 3837 encountered, 0 discovered, 0 enqueued
[95.506s][info][gc,ref      ] GC(427) Weak: 11614 encountered, 1182 discovered, 0 enqueued
[95.506s][info][gc,ref      ] GC(427) Final: 289 encountered, 27 discovered, 0 enqueued
[95.506s][info][gc,ref      ] GC(427) Phantom: 425 encountered, 272 discovered, 0 enqueued
[95.506s][info][gc,reloc    ] GC(427) Small Pages: 516 / 1032M, Empty: 666M, Relocated: 6M, In-Place: 0
[95.506s][info][gc,reloc    ] GC(427) Medium Pages: 0 / 0M, Empty: 0M, Relocated: 0M, In-Place: 0
[95.506s][info][gc,reloc    ] GC(427) Large Pages: 0 / 0M, Empty: 0M, Relocated: 0M, In-Place: 0
[95.506s][info][gc,reloc    ] GC(427) Forwarding Usage: 2M
[95.506s][info][gc,heap     ] GC(427) Min Capacity: 8M(0%)
[95.506s][info][gc,heap     ] GC(427) Max Capacity: 2048M(100%)
[95.506s][info][gc,heap     ] GC(427) Soft Max Capacity: 2048M(100%)
[95.506s][info][gc,heap     ] GC(427)                Mark Start          Mark End        Relocate Start      Relocate End           High               Low         
[95.506s][info][gc,heap     ] GC(427)  Capacity:     2048M (100%)       2048M (100%)       2048M (100%)       2048M (100%)       2048M (100%)       2048M (100%)   
[95.506s][info][gc,heap     ] GC(427)      Free:     1016M (50%)         862M (42%)        1484M (72%)        1760M (86%)        1772M (87%)         842M (41%)    
[95.506s][info][gc,heap     ] GC(427)      Used:     1032M (50%)        1186M (58%)         564M (28%)         288M (14%)        1206M (59%)         276M (13%)    
[95.506s][info][gc,heap     ] GC(427)      Live:         -                53M (3%)           53M (3%)           53M (3%)             -                  -          
[95.506s][info][gc,heap     ] GC(427) Allocated:         -               154M (8%)          198M (10%)         216M (11%)            -                  -          
[95.506s][info][gc,heap     ] GC(427)   Garbage:         -               978M (48%)         312M (15%)          17M (1%)             -                  -          
[95.506s][info][gc,heap     ] GC(427) Reclaimed:         -                  -               666M (33%)         960M (47%)            -                  -          
[95.506s][info][gc          ] GC(427) Garbage Collection (Allocation Rate) 1032M(50%)->288M(14%)
[95.555s][info][gc,start    ] GC(428) Garbage Collection (Allocation Rate)
[95.555s][info][gc,task     ] GC(428) Using 6 workers
[95.555s][info][gc,phases   ] GC(428) Pause Mark Start 0.011ms
[95.588s][info][gc,phases   ] GC(428) Concurrent Mark 32.224ms
[95.588s][info][gc,phases   ] GC(428) Pause Mark End 0.031ms
[95.589s][info][gc,phases   ] GC(428) Concurrent Mark Free 0.002ms
[95.593s][info][gc,phases   ] GC(428) Concurrent Process Non-Strong References 4.176ms
[95.593s][info][gc,phases   ] GC(428) Concurrent Reset Relocation Set 0.042ms
[95.599s][info][gc,phases   ] GC(428) Concurrent Select Relocation Set 5.076ms
[95.599s][info][gc,phases   ] GC(428) Pause Relocate Start 0.008ms
[95.608s][info][gc,phases   ] GC(428) Concurrent Relocate 8.870ms
[95.608s][info][gc,load     ] GC(428) Load: 0.00/0.00/0.00
[95.608s][info][gc,mmu      ] GC(428) MMU: 2ms/98.1%, 5ms/99.2%, 10ms/99.5%, 20ms/99.8%, 50ms/99.8%, 100ms/99.9%
[95.608s][info][gc,marking  ] GC(428) Mark: 4 stripe(s), 2 proactive flush(es), 1 terminate flush(es), 0 completion(s), 0 continuation(s) 
[95.608s][info][gc,marking  ] GC(428) Mark Stack Usage: 32M
[95.608s][info][gc,nmethod  ] GC(428) NMethods: 4537 registered, 1056 unregistered
[95.608s][info][gc,metaspace] GC(428) Metaspace: 71M used, 72M committed, 1088M reserved
[95.608s][info][gc,ref      ] GC(428) Soft: 3837 encountered, 0 discovered, 0 enqueued
[95.608s][info][gc,ref      ] GC(428) Weak: 11614 encountered, 1392 discovered, 0 enqueued
[95.608s][info][gc,ref      ] GC(428) Final: 289 encountered, 45 discovered, 0 enqueued
[95.608s][info][gc,ref      ] GC(428) Phantom: 425 encountered, 359 discovered, 0 enqueued
[95.608s][info][gc,reloc    ] GC(428) Small Pages: 267 / 534M, Empty: 232M, Relocated: 5M, In-Place: 0
[95.608s][info][gc,reloc    ] GC(428) Medium Pages: 0 / 0M, Empty: 0M, Relocated: 0M, In-Place: 0
[95.608s][info][gc,reloc    ] GC(428) Large Pages: 0 / 0M, Empty: 0M, Relocated: 0M, In-Place: 0
[95.608s][info][gc,reloc    ] GC(428) Forwarding Usage: 2M
[95.608s][info][gc,heap     ] GC(428) Min Capacity: 8M(0%)
[95.608s][info][gc,heap     ] GC(428) Max Capacity: 2048M(100%)
[95.608s][info][gc,heap     ] GC(428) Soft Max Capacity: 2048M(100%)
[95.608s][info][gc,heap     ] GC(428)                Mark Start          Mark End        Relocate Start      Relocate End           High               Low         
[95.609s][info][gc,heap     ] GC(428)  Capacity:     2048M (100%)       2048M (100%)       2048M (100%)       2048M (100%)       2048M (100%)       2048M (100%)   
[95.609s][info][gc,heap     ] GC(428)      Free:     1514M (74%)        1360M (66%)        1542M (75%)        1742M (85%)        1766M (86%)        1332M (65%)    
[95.609s][info][gc,heap     ] GC(428)      Used:      534M (26%)         688M (34%)         506M (25%)         306M (15%)         716M (35%)         282M (14%)    
[95.609s][info][gc,heap     ] GC(428)      Live:         -                53M (3%)           53M (3%)           53M (3%)             -                  -          
[95.609s][info][gc,heap     ] GC(428) Allocated:         -               154M (8%)          204M (10%)         232M (11%)            -                  -          
[95.609s][info][gc,heap     ] GC(428)   Garbage:         -               480M (23%)         248M (12%)          19M (1%)             -                  -          
[95.609s][info][gc,heap     ] GC(428) Reclaimed:         -                  -               232M (11%)         460M (22%)            -                  -          
[95.609s][info][gc          ] GC(428) Garbage Collection (Allocation Rate) 534M(26%)->306M(15%)
[95.655s][info][gc,start    ] GC(429) Garbage Collection (Allocation Rate)
[95.655s][info][gc,task     ] GC(429) Using 6 workers
[95.655s][info][gc,phases   ] GC(429) Pause Mark Start 0.010ms
[95.687s][info][gc,phases   ] GC(429) Concurrent Mark 32.261ms
[95.688s][info][gc,phases   ] GC(429) Pause Mark End 0.032ms
[95.690s][info][gc,phases   ] GC(429) Concurrent Mark Free 0.001ms
[95.693s][info][gc,phases   ] GC(429) Concurrent Process Non-Strong References 3.628ms
[95.693s][info][gc,phases   ] GC(429) Concurrent Reset Relocation Set 0.041ms
[95.701s][info][gc,phases   ] GC(429) Concurrent Select Relocation Set 7.886ms
[95.702s][info][gc,phases   ] GC(429) Pause Relocate Start 0.009ms
[95.708s][info][gc,phases   ] GC(429) Concurrent Relocate 5.983ms
[95.708s][info][gc,load     ] GC(429) Load: 0.00/0.00/0.00
[95.708s][info][gc,mmu      ] GC(429) MMU: 2ms/98.1%, 5ms/99.2%, 10ms/99.5%, 20ms/99.8%, 50ms/99.8%, 100ms/99.9%
[95.708s][info][gc,marking  ] GC(429) Mark: 4 stripe(s), 2 proactive flush(es), 1 terminate flush(es), 0 completion(s), 0 continuation(s) 
[95.708s][info][gc,marking  ] GC(429) Mark Stack Usage: 32M
[95.708s][info][gc,nmethod  ] GC(429) NMethods: 4537 registered, 1056 unregistered
[95.708s][info][gc,metaspace] GC(429) Metaspace: 71M used, 72M committed, 1088M reserved
[95.708s][info][gc,ref      ] GC(429) Soft: 3837 encountered, 0 discovered, 0 enqueued
[95.708s][info][gc,ref      ] GC(429) Weak: 11614 encountered, 1410 discovered, 0 enqueued
[95.708s][info][gc,ref      ] GC(429) Final: 289 encountered, 23 discovered, 0 enqueued
[95.708s][info][gc,ref      ] GC(429) Phantom: 425 encountered, 206 discovered, 0 enqueued
[95.708s][info][gc,reloc    ] GC(429) Small Pages: 267 / 534M, Empty: 246M, Relocated: 5M, In-Place: 0
[95.708s][info][gc,reloc    ] GC(429) Medium Pages: 0 / 0M, Empty: 0M, Relocated: 0M, In-Place: 0
[95.708s][info][gc,reloc    ] GC(429) Large Pages: 0 / 0M, Empty: 0M, Relocated: 0M, In-Place: 0
[95.708s][info][gc,reloc    ] GC(429) Forwarding Usage: 2M
[95.708s][info][gc,heap     ] GC(429) Min Capacity: 8M(0%)
[95.708s][info][gc,heap     ] GC(429) Max Capacity: 2048M(100%)
[95.708s][info][gc,heap     ] GC(429) Soft Max Capacity: 2048M(100%)
[95.708s][info][gc,heap     ] GC(429)                Mark Start          Mark End        Relocate Start      Relocate End           High               Low         
[95.708s][info][gc,heap     ] GC(429)  Capacity:     2048M (100%)       2048M (100%)       2048M (100%)       2048M (100%)       2048M (100%)       2048M (100%)   
[95.708s][info][gc,heap     ] GC(429)      Free:     1514M (74%)        1366M (67%)        1550M (76%)        1746M (85%)        1758M (86%)        1338M (65%)    
[95.708s][info][gc,heap     ] GC(429)      Used:      534M (26%)         682M (33%)         498M (24%)         302M (15%)         710M (35%)         290M (14%)    
[95.708s][info][gc,heap     ] GC(429)      Live:         -                53M (3%)           53M (3%)           53M (3%)             -                  -          
[95.708s][info][gc,heap     ] GC(429) Allocated:         -               148M (7%)          210M (10%)         228M (11%)            -                  -          
[95.709s][info][gc,heap     ] GC(429)   Garbage:         -               480M (23%)         234M (11%)          19M (1%)             -                  -          
[95.709s][info][gc,heap     ] GC(429) Reclaimed:         -                  -               246M (12%)         460M (23%)            -                  -          
[95.709s][info][gc          ] GC(429) Garbage Collection (Allocation Rate) 534M(26%)->302M(15%)
[95.754s][info][gc,start    ] GC(430) Garbage Collection (Allocation Rate)
[95.768s][info][gc,task     ] GC(430) Using 6 workers
[95.768s][info][gc,phases   ] GC(430) Pause Mark Start 0.010ms
[95.806s][info][gc,phases   ] GC(430) Concurrent Mark 38.062ms
[95.806s][info][gc,phases   ] GC(430) Pause Mark End 0.027ms
[95.808s][info][gc,phases   ] GC(430) Concurrent Mark Free 0.002ms
[95.812s][info][gc,phases   ] GC(430) Concurrent Process Non-Strong References 3.854ms
[95.812s][info][gc,phases   ] GC(430) Concurrent Reset Relocation Set 0.035ms
[95.820s][info][gc,phases   ] GC(430) Concurrent Select Relocation Set 8.408ms
[95.821s][info][gc,phases   ] GC(430) Pause Relocate Start 0.008ms
[95.828s][info][gc,phases   ] GC(430) Concurrent Relocate 7.022ms
[95.828s][info][gc,load     ] GC(430) Load: 0.00/0.00/0.00
[95.828s][info][gc,mmu      ] GC(430) MMU: 2ms/98.1%, 5ms/99.2%, 10ms/99.5%, 20ms/99.8%, 50ms/99.8%, 100ms/99.9%
[95.828s][info][gc,marking  ] GC(430) Mark: 4 stripe(s), 2 proactive flush(es), 1 terminate flush(es), 0 completion(s), 0 continuation(s) 
[95.828s][info][gc,marking  ] GC(430) Mark Stack Usage: 32M
[95.828s][info][gc,nmethod  ] GC(430) NMethods: 4537 registered, 1056 unregistered
[95.828s][info][gc,metaspace] GC(430) Metaspace: 71M used, 72M committed, 1088M reserved
[95.828s][info][gc,ref      ] GC(430) Soft: 3837 encountered, 0 discovered, 0 enqueued
[95.828s][info][gc,ref      ] GC(430) Weak: 11614 encountered, 1287 discovered, 0 enqueued
[95.828s][info][gc,ref      ] GC(430) Final: 289 encountered, 45 discovered, 0 enqueued
[95.828s][info][gc,ref      ] GC(430) Phantom: 425 encountered, 211 discovered, 0 enqueued
[95.828s][info][gc,reloc    ] GC(430) Small Pages: 298 / 596M, Empty: 274M, Relocated: 6M, In-Place: 0
[95.828s][info][gc,reloc    ] GC(430) Medium Pages: 0 / 0M, Empty: 0M, Relocated: 0M, In-Place: 0
[95.828s][info][gc,reloc    ] GC(430) Large Pages: 0 / 0M, Empty: 0M, Relocated: 0M, In-Place: 0
[95.828s][info][gc,reloc    ] GC(430) Forwarding Usage: 2M
[95.828s][info][gc,heap     ] GC(430) Min Capacity: 8M(0%)
[95.828s][info][gc,heap     ] GC(430) Max Capacity: 2048M(100%)
[95.828s][info][gc,heap     ] GC(430) Soft Max Capacity: 2048M(100%)
[95.828s][info][gc,heap     ] GC(430)                Mark Start          Mark End        Relocate Start      Relocate End           High               Low         
[95.828s][info][gc,heap     ] GC(430)  Capacity:     2048M (100%)       2048M (100%)       2048M (100%)       2048M (100%)       2048M (100%)       2048M (100%)   
[95.828s][info][gc,heap     ] GC(430)      Free:     1452M (71%)        1268M (62%)        1480M (72%)        1708M (83%)        1724M (84%)        1244M (61%)    
[95.828s][info][gc,heap     ] GC(430)      Used:      596M (29%)         780M (38%)         568M (28%)         340M (17%)         804M (39%)         324M (16%)    
[95.828s][info][gc,heap     ] GC(430)      Live:         -                54M (3%)           54M (3%)           54M (3%)             -                  -          
[95.828s][info][gc,heap     ] GC(430) Allocated:         -               184M (9%)          246M (12%)         268M (13%)            -                  -          
[95.829s][info][gc,heap     ] GC(430)   Garbage:         -               541M (26%)         267M (13%)          17M (1%)             -                  -          
[95.829s][info][gc,heap     ] GC(430) Reclaimed:         -                  -               274M (13%)         524M (26%)            -                  -          
[95.829s][info][gc          ] GC(430) Garbage Collection (Allocation Rate) 596M(29%)->340M(17%)
[95.854s][info][gc,start    ] GC(431) Garbage Collection (Allocation Rate)
[95.854s][info][gc,task     ] GC(431) Using 6 workers
[95.854s][info][gc,phases   ] GC(431) Pause Mark Start 0.014ms
[95.891s][info][gc,phases   ] GC(431) Concurrent Mark 36.049ms
[95.891s][info][gc,phases   ] GC(431) Pause Mark End 0.024ms
[95.892s][info][gc,phases   ] GC(431) Concurrent Mark Free 0.001ms
[95.896s][info][gc,phases   ] GC(431) Concurrent Process Non-Strong References 3.462ms
[95.896s][info][gc,phases   ] GC(431) Concurrent Reset Relocation Set 0.036ms
[95.901s][info][gc,phases   ] GC(431) Concurrent Select Relocation Set 4.982ms
[95.901s][info][gc,phases   ] GC(431) Pause Relocate Start 0.017ms
[95.909s][info][gc,phases   ] GC(431) Concurrent Relocate 6.366ms
[95.909s][info][gc,load     ] GC(431) Load: 0.00/0.00/0.00
[95.909s][info][gc,mmu      ] GC(431) MMU: 2ms/98.1%, 5ms/99.2%, 10ms/99.5%, 20ms/99.8%, 50ms/99.8%, 100ms/99.9%
[95.909s][info][gc,marking  ] GC(431) Mark: 4 stripe(s), 3 proactive flush(es), 1 terminate flush(es), 0 completion(s), 0 continuation(s) 
[95.909s][info][gc,marking  ] GC(431) Mark Stack Usage: 32M
[95.909s][info][gc,nmethod  ] GC(431) NMethods: 4537 registered, 1056 unregistered
[95.909s][info][gc,metaspace] GC(431) Metaspace: 71M used, 72M committed, 1088M reserved
[95.909s][info][gc,ref      ] GC(431) Soft: 3837 encountered, 0 discovered, 0 enqueued
[95.909s][info][gc,ref      ] GC(431) Weak: 11614 encountered, 1140 discovered, 0 enqueued
[95.909s][info][gc,ref      ] GC(431) Final: 289 encountered, 28 discovered, 0 enqueued
[95.909s][info][gc,ref      ] GC(431) Phantom: 425 encountered, 196 discovered, 0 enqueued
[95.909s][info][gc,reloc    ] GC(431) Small Pages: 235 / 470M, Empty: 178M, Relocated: 5M, In-Place: 0
[95.909s][info][gc,reloc    ] GC(431) Medium Pages: 0 / 0M, Empty: 0M, Relocated: 0M, In-Place: 0
[95.909s][info][gc,reloc    ] GC(431) Large Pages: 0 / 0M, Empty: 0M, Relocated: 0M, In-Place: 0
[95.909s][info][gc,reloc    ] GC(431) Forwarding Usage: 2M
[95.909s][info][gc,heap     ] GC(431) Min Capacity: 8M(0%)
[95.909s][info][gc,heap     ] GC(431) Max Capacity: 2048M(100%)
[95.909s][info][gc,heap     ] GC(431) Soft Max Capacity: 2048M(100%)
[95.909s][info][gc,heap     ] GC(431)                Mark Start          Mark End        Relocate Start      Relocate End           High               Low         
[95.909s][info][gc,heap     ] GC(431)  Capacity:     2048M (100%)       2048M (100%)       2048M (100%)       2048M (100%)       2048M (100%)       2048M (100%)   
[95.909s][info][gc,heap     ] GC(431)      Free:     1578M (77%)        1408M (69%)        1542M (75%)        1742M (85%)        1754M (86%)        1388M (68%)    
[95.909s][info][gc,heap     ] GC(431)      Used:      470M (23%)         640M (31%)         506M (25%)         306M (15%)         660M (32%)         294M (14%)    
[95.909s][info][gc,heap     ] GC(431)      Live:         -                54M (3%)           54M (3%)           54M (3%)             -                  -          
[95.909s][info][gc,heap     ] GC(431) Allocated:         -               170M (8%)          214M (10%)         232M (11%)            -                  -          
[95.909s][info][gc,heap     ] GC(431)   Garbage:         -               415M (20%)         237M (12%)          19M (1%)             -                  -          
[95.909s][info][gc,heap     ] GC(431) Reclaimed:         -                  -               178M (9%)          396M (19%)            -                  -          
[95.909s][info][gc          ] GC(431) Garbage Collection (Allocation Rate) 470M(23%)->306M(15%)
[95.954s][info][gc,start    ] GC(432) Garbage Collection (Allocation Rate)
[95.954s][info][gc,task     ] GC(432) Using 6 workers
[95.954s][info][gc,phases   ] GC(432) Pause Mark Start 0.012ms
[95.991s][info][gc,phases   ] GC(432) Concurrent Mark 36.312ms
[95.991s][info][gc,phases   ] GC(432) Pause Mark End 0.024ms
[95.992s][info][gc,phases   ] GC(432) Concurrent Mark Free 0.003ms
[95.996s][info][gc,phases   ] GC(432) Concurrent Process Non-Strong References 3.946ms
[95.996s][info][gc,phases   ] GC(432) Concurrent Reset Relocation Set 0.042ms
[96.002s][info][gc,phases   ] GC(432) Concurrent Select Relocation Set 6.218ms
[96.002s][info][gc,phases   ] GC(432) Pause Relocate Start 0.009ms
[96.009s][info][gc,phases   ] GC(432) Concurrent Relocate 6.443ms
[96.009s][info][gc,load     ] GC(432) Load: 0.00/0.00/0.00
[96.009s][info][gc,mmu      ] GC(432) MMU: 2ms/98.1%, 5ms/99.2%, 10ms/99.5%, 20ms/99.8%, 50ms/99.8%, 100ms/99.9%
[96.009s][info][gc,marking  ] GC(432) Mark: 4 stripe(s), 3 proactive flush(es), 1 terminate flush(es), 0 completion(s), 0 continuation(s) 
[96.009s][info][gc,marking  ] GC(432) Mark Stack Usage: 32M
[96.009s][info][gc,nmethod  ] GC(432) NMethods: 4537 registered, 1056 unregistered
[96.009s][info][gc,metaspace] GC(432) Metaspace: 71M used, 72M committed, 1088M reserved
[96.009s][info][gc,ref      ] GC(432) Soft: 3837 encountered, 0 discovered, 0 enqueued
[96.009s][info][gc,ref      ] GC(432) Weak: 11613 encountered, 1314 discovered, 3 enqueued
[96.009s][info][gc,ref      ] GC(432) Final: 289 encountered, 47 discovered, 0 enqueued
[96.009s][info][gc,ref      ] GC(432) Phantom: 425 encountered, 313 discovered, 0 enqueued
[96.010s][info][gc,reloc    ] GC(432) Small Pages: 265 / 530M, Empty: 226M, Relocated: 5M, In-Place: 0
[96.010s][info][gc,reloc    ] GC(432) Medium Pages: 0 / 0M, Empty: 0M, Relocated: 0M, In-Place: 0
[96.010s][info][gc,reloc    ] GC(432) Large Pages: 0 / 0M, Empty: 0M, Relocated: 0M, In-Place: 0
[96.010s][info][gc,reloc    ] GC(432) Forwarding Usage: 2M
[96.010s][info][gc,heap     ] GC(432) Min Capacity: 8M(0%)
[96.010s][info][gc,heap     ] GC(432) Max Capacity: 2048M(100%)
[96.010s][info][gc,heap     ] GC(432) Soft Max Capacity: 2048M(100%)
[96.010s][info][gc,heap     ] GC(432)                Mark Start          Mark End        Relocate Start      Relocate End           High               Low         
[96.010s][info][gc,heap     ] GC(432)  Capacity:     2048M (100%)       2048M (100%)       2048M (100%)       2048M (100%)       2048M (100%)       2048M (100%)   
[96.010s][info][gc,heap     ] GC(432)      Free:     1518M (74%)        1344M (66%)        1520M (74%)        1734M (85%)        1744M (85%)        1322M (65%)    
[96.010s][info][gc,heap     ] GC(432)      Used:      530M (26%)         704M (34%)         528M (26%)         314M (15%)         726M (35%)         304M (15%)    
[96.010s][info][gc,heap     ] GC(432)      Live:         -                53M (3%)           53M (3%)           53M (3%)             -                  -          
[96.010s][info][gc,heap     ] GC(432) Allocated:         -               174M (8%)          224M (11%)         240M (12%)            -                  -          
[96.010s][info][gc,heap     ] GC(432)   Garbage:         -               476M (23%)         250M (12%)          19M (1%)             -                  -          
[96.010s][info][gc,heap     ] GC(432) Reclaimed:         -                  -               226M (11%)         456M (22%)            -                  -          
[96.010s][info][gc          ] GC(432) Garbage Collection (Allocation Rate) 530M(26%)->314M(15%)
[96.054s][info][gc,start    ] GC(433) Garbage Collection (Allocation Rate)
[96.054s][info][gc,task     ] GC(433) Using 6 workers
[96.054s][info][gc,phases   ] GC(433) Pause Mark Start 0.013ms
[96.086s][info][gc,phases   ] GC(433) Concurrent Mark 31.092ms
[96.086s][info][gc,phases   ] GC(433) Pause Mark End 0.033ms
[96.087s][info][gc,phases   ] GC(433) Concurrent Mark Free 0.001ms
[96.091s][info][gc,phases   ] GC(433) Concurrent Process Non-Strong References 3.712ms
[96.091s][info][gc,phases   ] GC(433) Concurrent Reset Relocation Set 0.036ms
[96.098s][info][gc,phases   ] GC(433) Concurrent Select Relocation Set 6.380ms
[96.098s][info][gc,phases   ] GC(433) Pause Relocate Start 0.008ms
[96.104s][info][gc,phases   ] GC(433) Concurrent Relocate 5.554ms
[96.104s][info][gc,load     ] GC(433) Load: 0.00/0.00/0.00
[96.104s][info][gc,mmu      ] GC(433) MMU: 2ms/98.1%, 5ms/99.2%, 10ms/99.5%, 20ms/99.8%, 50ms/99.8%, 100ms/99.9%
[96.104s][info][gc,marking  ] GC(433) Mark: 4 stripe(s), 2 proactive flush(es), 1 terminate flush(es), 0 completion(s), 0 continuation(s) 
[96.104s][info][gc,marking  ] GC(433) Mark Stack Usage: 32M
[96.104s][info][gc,nmethod  ] GC(433) NMethods: 4537 registered, 1056 unregistered
[96.104s][info][gc,metaspace] GC(433) Metaspace: 71M used, 72M committed, 1088M reserved
[96.104s][info][gc,ref      ] GC(433) Soft: 3837 encountered, 0 discovered, 0 enqueued
[96.104s][info][gc,ref      ] GC(433) Weak: 11610 encountered, 1057 discovered, 0 enqueued
[96.104s][info][gc,ref      ] GC(433) Final: 289 encountered, 24 discovered, 0 enqueued
[96.104s][info][gc,ref      ] GC(433) Phantom: 425 encountered, 184 discovered, 0 enqueued
[96.104s][info][gc,reloc    ] GC(433) Small Pages: 268 / 536M, Empty: 236M, Relocated: 5M, In-Place: 0
[96.104s][info][gc,reloc    ] GC(433) Medium Pages: 0 / 0M, Empty: 0M, Relocated: 0M, In-Place: 0
[96.104s][info][gc,reloc    ] GC(433) Large Pages: 0 / 0M, Empty: 0M, Relocated: 0M, In-Place: 0
[96.104s][info][gc,reloc    ] GC(433) Forwarding Usage: 2M
[96.104s][info][gc,heap     ] GC(433) Min Capacity: 8M(0%)
[96.104s][info][gc,heap     ] GC(433) Max Capacity: 2048M(100%)
[96.104s][info][gc,heap     ] GC(433) Soft Max Capacity: 2048M(100%)
[96.104s][info][gc,heap     ] GC(433)                Mark Start          Mark End        Relocate Start      Relocate End           High               Low         
[96.104s][info][gc,heap     ] GC(433)  Capacity:     2048M (100%)       2048M (100%)       2048M (100%)       2048M (100%)       2048M (100%)       2048M (100%)   
[96.104s][info][gc,heap     ] GC(433)      Free:     1512M (74%)        1360M (66%)        1542M (75%)        1756M (86%)        1764M (86%)        1332M (65%)    
[96.104s][info][gc,heap     ] GC(433)      Used:      536M (26%)         688M (34%)         506M (25%)         292M (14%)         716M (35%)         284M (14%)    
[96.104s][info][gc,heap     ] GC(433)      Live:         -                53M (3%)           53M (3%)           53M (3%)             -                  -          
[96.104s][info][gc,heap     ] GC(433) Allocated:         -               152M (7%)          206M (10%)         219M (11%)            -                  -          
[96.104s][info][gc,heap     ] GC(433)   Garbage:         -               482M (24%)         246M (12%)          18M (1%)             -                  -          
[96.104s][info][gc,heap     ] GC(433) Reclaimed:         -                  -               236M (12%)         463M (23%)            -                  -          
[96.104s][info][gc          ] GC(433) Garbage Collection (Allocation Rate) 536M(26%)->292M(14%)
[96.155s][info][gc,start    ] GC(434) Garbage Collection (Allocation Rate)
[96.155s][info][gc,task     ] GC(434) Using 6 workers
[96.155s][info][gc,phases   ] GC(434) Pause Mark Start 0.010ms
[96.191s][info][gc,phases   ] GC(434) Concurrent Mark 35.234ms
[96.191s][info][gc,phases   ] GC(434) Pause Mark End 0.030ms
[96.192s][info][gc,phases   ] GC(434) Concurrent Mark Free 0.001ms
[96.198s][info][gc,phases   ] GC(434) Concurrent Process Non-Strong References 6.008ms
[96.198s][info][gc,phases   ] GC(434) Concurrent Reset Relocation Set 0.035ms
[96.203s][info][gc,phases   ] GC(434) Concurrent Select Relocation Set 4.912ms
[96.203s][info][gc,phases   ] GC(434) Pause Relocate Start 0.008ms
[96.210s][info][gc,phases   ] GC(434) Concurrent Relocate 6.401ms
[96.210s][info][gc,load     ] GC(434) Load: 0.00/0.00/0.00
[96.210s][info][gc,mmu      ] GC(434) MMU: 2ms/98.1%, 5ms/99.2%, 10ms/99.5%, 20ms/99.8%, 50ms/99.8%, 100ms/99.9%
[96.210s][info][gc,marking  ] GC(434) Mark: 4 stripe(s), 3 proactive flush(es), 1 terminate flush(es), 0 completion(s), 0 continuation(s) 
[96.210s][info][gc,marking  ] GC(434) Mark Stack Usage: 32M
[96.210s][info][gc,nmethod  ] GC(434) NMethods: 4537 registered, 1056 unregistered
[96.210s][info][gc,metaspace] GC(434) Metaspace: 71M used, 72M committed, 1088M reserved
[96.210s][info][gc,ref      ] GC(434) Soft: 3837 encountered, 0 discovered, 0 enqueued
[96.210s][info][gc,ref      ] GC(434) Weak: 11610 encountered, 1455 discovered, 0 enqueued
[96.210s][info][gc,ref      ] GC(434) Final: 289 encountered, 34 discovered, 0 enqueued
[96.210s][info][gc,ref      ] GC(434) Phantom: 425 encountered, 198 discovered, 0 enqueued
[96.210s][info][gc,reloc    ] GC(434) Small Pages: 274 / 548M, Empty: 254M, Relocated: 5M, In-Place: 0
[96.210s][info][gc,reloc    ] GC(434) Medium Pages: 0 / 0M, Empty: 0M, Relocated: 0M, In-Place: 0
[96.210s][info][gc,reloc    ] GC(434) Large Pages: 0 / 0M, Empty: 0M, Relocated: 0M, In-Place: 0
[96.210s][info][gc,reloc    ] GC(434) Forwarding Usage: 2M
[96.210s][info][gc,heap     ] GC(434) Min Capacity: 8M(0%)
[96.210s][info][gc,heap     ] GC(434) Max Capacity: 2048M(100%)
[96.210s][info][gc,heap     ] GC(434) Soft Max Capacity: 2048M(100%)
[96.210s][info][gc,heap     ] GC(434)                Mark Start          Mark End        Relocate Start      Relocate End           High               Low         
[96.210s][info][gc,heap     ] GC(434)  Capacity:     2048M (100%)       2048M (100%)       2048M (100%)       2048M (100%)       2048M (100%)       2048M (100%)   
[96.210s][info][gc,heap     ] GC(434)      Free:     1500M (73%)        1330M (65%)        1530M (75%)        1730M (84%)        1744M (85%)        1296M (63%)    
[96.210s][info][gc,heap     ] GC(434)      Used:      548M (27%)         718M (35%)         518M (25%)         318M (16%)         752M (37%)         304M (15%)    
[96.210s][info][gc,heap     ] GC(434)      Live:         -                53M (3%)           53M (3%)           53M (3%)             -                  -          
[96.210s][info][gc,heap     ] GC(434) Allocated:         -               170M (8%)          224M (11%)         245M (12%)            -                  -          
[96.210s][info][gc,heap     ] GC(434)   Garbage:         -               494M (24%)         240M (12%)          19M (1%)             -                  -          
[96.210s][info][gc,heap     ] GC(434) Reclaimed:         -                  -               254M (12%)         475M (23%)            -                  -          
[96.210s][info][gc          ] GC(434) Garbage Collection (Allocation Rate) 548M(27%)->318M(16%)
[96.255s][info][gc,start    ] GC(435) Garbage Collection (Allocation Rate)
[96.255s][info][gc,task     ] GC(435) Using 6 workers
[96.255s][info][gc,phases   ] GC(435) Pause Mark Start 0.013ms
[96.295s][info][gc,phases   ] GC(435) Concurrent Mark 40.258ms
[96.296s][info][gc,phases   ] GC(435) Pause Mark End 0.025ms
[96.298s][info][gc,phases   ] GC(435) Concurrent Mark Free 0.001ms
[96.301s][info][gc,phases   ] GC(435) Concurrent Process Non-Strong References 3.543ms
[96.301s][info][gc,phases   ] GC(435) Concurrent Reset Relocation Set 0.047ms
[96.308s][info][gc,phases   ] GC(435) Concurrent Select Relocation Set 6.286ms
[96.308s][info][gc,phases   ] GC(435) Pause Relocate Start 0.008ms
[96.315s][info][gc,phases   ] GC(435) Concurrent Relocate 6.374ms
[96.315s][info][gc,load     ] GC(435) Load: 0.00/0.00/0.00
[96.315s][info][gc,mmu      ] GC(435) MMU: 2ms/98.1%, 5ms/99.2%, 10ms/99.5%, 20ms/99.8%, 50ms/99.8%, 100ms/99.9%
[96.315s][info][gc,marking  ] GC(435) Mark: 4 stripe(s), 2 proactive flush(es), 1 terminate flush(es), 0 completion(s), 0 continuation(s) 
[96.315s][info][gc,marking  ] GC(435) Mark Stack Usage: 32M
[96.315s][info][gc,nmethod  ] GC(435) NMethods: 4537 registered, 1056 unregistered
[96.315s][info][gc,metaspace] GC(435) Metaspace: 71M used, 72M committed, 1088M reserved
[96.315s][info][gc,ref      ] GC(435) Soft: 3837 encountered, 0 discovered, 0 enqueued
[96.315s][info][gc,ref      ] GC(435) Weak: 11610 encountered, 1008 discovered, 0 enqueued
[96.315s][info][gc,ref      ] GC(435) Final: 289 encountered, 20 discovered, 0 enqueued
[96.315s][info][gc,ref      ] GC(435) Phantom: 425 encountered, 180 discovered, 0 enqueued
[96.315s][info][gc,reloc    ] GC(435) Small Pages: 272 / 544M, Empty: 186M, Relocated: 5M, In-Place: 0
[96.315s][info][gc,reloc    ] GC(435) Medium Pages: 0 / 0M, Empty: 0M, Relocated: 0M, In-Place: 0
[96.315s][info][gc,reloc    ] GC(435) Large Pages: 0 / 0M, Empty: 0M, Relocated: 0M, In-Place: 0
[96.315s][info][gc,reloc    ] GC(435) Forwarding Usage: 1M
[96.315s][info][gc,heap     ] GC(435) Min Capacity: 8M(0%)
[96.315s][info][gc,heap     ] GC(435) Max Capacity: 2048M(100%)
[96.315s][info][gc,heap     ] GC(435) Soft Max Capacity: 2048M(100%)
[96.315s][info][gc,heap     ] GC(435)                Mark Start          Mark End        Relocate Start      Relocate End           High               Low         
[96.315s][info][gc,heap     ] GC(435)  Capacity:     2048M (100%)       2048M (100%)       2048M (100%)       2048M (100%)       2048M (100%)       2048M (100%)   
[96.315s][info][gc,heap     ] GC(435)      Free:     1504M (73%)        1314M (64%)        1446M (71%)        1710M (83%)        1726M (84%)        1288M (63%)    
[96.315s][info][gc,heap     ] GC(435)      Used:      544M (27%)         734M (36%)         602M (29%)         338M (17%)         760M (37%)         322M (16%)    
[96.315s][info][gc,heap     ] GC(435)      Live:         -                53M (3%)           53M (3%)           53M (3%)             -                  -          
[96.315s][info][gc,heap     ] GC(435) Allocated:         -               190M (9%)          244M (12%)         265M (13%)            -                  -          
[96.315s][info][gc,heap     ] GC(435)   Garbage:         -               490M (24%)         304M (15%)          19M (1%)             -                  -          
[96.315s][info][gc,heap     ] GC(435) Reclaimed:         -                  -               186M (9%)          471M (23%)            -                  -          
[96.315s][info][gc          ] GC(435) Garbage Collection (Allocation Rate) 544M(27%)->338M(17%)
[96.354s][info][gc,start    ] GC(436) Garbage Collection (Allocation Rate)
[96.355s][info][gc,task     ] GC(436) Using 6 workers
[96.355s][info][gc,phases   ] GC(436) Pause Mark Start 0.012ms
[96.394s][info][gc,phases   ] GC(436) Concurrent Mark 39.194ms
[96.395s][info][gc,phases   ] GC(436) Pause Mark End 0.025ms
[96.395s][info][gc,phases   ] GC(436) Concurrent Mark Free 0.001ms
[96.399s][info][gc,phases   ] GC(436) Concurrent Process Non-Strong References 3.796ms
[96.399s][info][gc,phases   ] GC(436) Concurrent Reset Relocation Set 0.042ms
[96.408s][info][gc,phases   ] GC(436) Concurrent Select Relocation Set 9.472ms
[96.409s][info][gc,phases   ] GC(436) Pause Relocate Start 0.009ms
[96.417s][info][gc,phases   ] GC(436) Concurrent Relocate 8.224ms
[96.417s][info][gc,load     ] GC(436) Load: 0.00/0.00/0.00
[96.417s][info][gc,mmu      ] GC(436) MMU: 2ms/98.1%, 5ms/99.2%, 10ms/99.5%, 20ms/99.8%, 50ms/99.8%, 100ms/99.9%
[96.417s][info][gc,marking  ] GC(436) Mark: 4 stripe(s), 2 proactive flush(es), 1 terminate flush(es), 0 completion(s), 0 continuation(s) 
[96.417s][info][gc,marking  ] GC(436) Mark Stack Usage: 32M
[96.417s][info][gc,nmethod  ] GC(436) NMethods: 4537 registered, 1056 unregistered
[96.417s][info][gc,metaspace] GC(436) Metaspace: 71M used, 72M committed, 1088M reserved
[96.417s][info][gc,ref      ] GC(436) Soft: 3837 encountered, 0 discovered, 0 enqueued
[96.417s][info][gc,ref      ] GC(436) Weak: 11610 encountered, 1648 discovered, 0 enqueued
[96.417s][info][gc,ref      ] GC(436) Final: 289 encountered, 33 discovered, 0 enqueued
[96.417s][info][gc,ref      ] GC(436) Phantom: 425 encountered, 321 discovered, 0 enqueued
[96.417s][info][gc,reloc    ] GC(436) Small Pages: 269 / 538M, Empty: 224M, Relocated: 5M, In-Place: 0
[96.418s][info][gc,reloc    ] GC(436) Medium Pages: 0 / 0M, Empty: 0M, Relocated: 0M, In-Place: 0
[96.418s][info][gc,reloc    ] GC(436) Large Pages: 0 / 0M, Empty: 0M, Relocated: 0M, In-Place: 0
[96.418s][info][gc,reloc    ] GC(436) Forwarding Usage: 2M
[96.418s][info][gc,heap     ] GC(436) Min Capacity: 8M(0%)
[96.418s][info][gc,heap     ] GC(436) Max Capacity: 2048M(100%)
[96.418s][info][gc,heap     ] GC(436) Soft Max Capacity: 2048M(100%)
[96.418s][info][gc,heap     ] GC(436)                Mark Start          Mark End        Relocate Start      Relocate End           High               Low         
[96.418s][info][gc,heap     ] GC(436)  Capacity:     2048M (100%)       2048M (100%)       2048M (100%)       2048M (100%)       2048M (100%)       2048M (100%)   
[96.418s][info][gc,heap     ] GC(436)      Free:     1510M (74%)        1322M (65%)        1482M (72%)        1696M (83%)        1716M (84%)        1300M (63%)    
[96.418s][info][gc,heap     ] GC(436)      Used:      538M (26%)         726M (35%)         566M (28%)         352M (17%)         748M (37%)         332M (16%)    
[96.418s][info][gc,heap     ] GC(436)      Live:         -                54M (3%)           54M (3%)           54M (3%)             -                  -          
[96.418s][info][gc,heap     ] GC(436) Allocated:         -               188M (9%)          252M (12%)         278M (14%)            -                  -          
[96.418s][info][gc,heap     ] GC(436)   Garbage:         -               483M (24%)         259M (13%)          19M (1%)             -                  -          
[96.418s][info][gc,heap     ] GC(436) Reclaimed:         -                  -               224M (11%)         464M (23%)            -                  -          
[96.418s][info][gc          ] GC(436) Garbage Collection (Allocation Rate) 538M(26%)->352M(17%)
[96.454s][info][gc,start    ] GC(437) Garbage Collection (Allocation Rate)
[96.454s][info][gc,task     ] GC(437) Using 6 workers
[96.455s][info][gc,phases   ] GC(437) Pause Mark Start 0.011ms
[96.487s][info][gc,phases   ] GC(437) Concurrent Mark 32.146ms
[96.487s][info][gc,phases   ] GC(437) Pause Mark End 0.032ms
[96.489s][info][gc,phases   ] GC(437) Concurrent Mark Free 0.002ms
[96.495s][info][gc,phases   ] GC(437) Concurrent Process Non-Strong References 5.850ms
[96.495s][info][gc,phases   ] GC(437) Concurrent Reset Relocation Set 0.045ms
[96.502s][info][gc,phases   ] GC(437) Concurrent Select Relocation Set 6.345ms
[96.502s][info][gc,phases   ] GC(437) Pause Relocate Start 0.008ms
[96.508s][info][gc,phases   ] GC(437) Concurrent Relocate 6.058ms
[96.509s][info][gc,load     ] GC(437) Load: 0.00/0.00/0.00
[96.509s][info][gc,mmu      ] GC(437) MMU: 2ms/98.1%, 5ms/99.2%, 10ms/99.5%, 20ms/99.8%, 50ms/99.8%, 100ms/99.9%
[96.509s][info][gc,marking  ] GC(437) Mark: 4 stripe(s), 2 proactive flush(es), 1 terminate flush(es), 0 completion(s), 0 continuation(s) 
[96.509s][info][gc,marking  ] GC(437) Mark Stack Usage: 32M
[96.509s][info][gc,nmethod  ] GC(437) NMethods: 4537 registered, 1056 unregistered
[96.509s][info][gc,metaspace] GC(437) Metaspace: 71M used, 72M committed, 1088M reserved
[96.509s][info][gc,ref      ] GC(437) Soft: 3837 encountered, 0 discovered, 0 enqueued
[96.509s][info][gc,ref      ] GC(437) Weak: 11610 encountered, 1267 discovered, 0 enqueued
[96.509s][info][gc,ref      ] GC(437) Final: 289 encountered, 36 discovered, 0 enqueued
[96.509s][info][gc,ref      ] GC(437) Phantom: 425 encountered, 266 discovered, 0 enqueued
[96.509s][info][gc,reloc    ] GC(437) Small Pages: 269 / 538M, Empty: 230M, Relocated: 5M, In-Place: 0
[96.509s][info][gc,reloc    ] GC(437) Medium Pages: 0 / 0M, Empty: 0M, Relocated: 0M, In-Place: 0
[96.509s][info][gc,reloc    ] GC(437) Large Pages: 0 / 0M, Empty: 0M, Relocated: 0M, In-Place: 0
[96.509s][info][gc,reloc    ] GC(437) Forwarding Usage: 2M
[96.509s][info][gc,heap     ] GC(437) Min Capacity: 8M(0%)
[96.509s][info][gc,heap     ] GC(437) Max Capacity: 2048M(100%)
[96.509s][info][gc,heap     ] GC(437) Soft Max Capacity: 2048M(100%)
[96.514s][info][gc,heap     ] GC(437)                Mark Start          Mark End        Relocate Start      Relocate End           High               Low         
[96.514s][info][gc,heap     ] GC(437)  Capacity:     2048M (100%)       2048M (100%)       2048M (100%)       2048M (100%)       2048M (100%)       2048M (100%)   
[96.514s][info][gc,heap     ] GC(437)      Free:     1510M (74%)        1352M (66%)        1516M (74%)        1734M (85%)        1748M (85%)        1314M (64%)    
[96.514s][info][gc,heap     ] GC(437)      Used:      538M (26%)         696M (34%)         532M (26%)         314M (15%)         734M (36%)         300M (15%)    
[96.514s][info][gc,heap     ] GC(437)      Live:         -                53M (3%)           53M (3%)           53M (3%)             -                  -          
[96.514s][info][gc,heap     ] GC(437) Allocated:         -               158M (8%)          224M (11%)         241M (12%)            -                  -          
[96.514s][info][gc,heap     ] GC(437)   Garbage:         -               484M (24%)         254M (12%)          18M (1%)             -                  -          
[96.514s][info][gc,heap     ] GC(437) Reclaimed:         -                  -               230M (11%)         465M (23%)            -                  -          
[96.514s][info][gc          ] GC(437) Garbage Collection (Allocation Rate) 538M(26%)->314M(15%)
[96.654s][info][gc,start    ] GC(438) Garbage Collection (Allocation Rate)
[96.654s][info][gc,task     ] GC(438) Using 4 workers
[96.654s][info][gc,phases   ] GC(438) Pause Mark Start 0.011ms
[96.704s][info][gc,phases   ] GC(438) Concurrent Mark 49.136ms
[96.704s][info][gc,phases   ] GC(438) Pause Mark End 0.024ms
[96.705s][info][gc,phases   ] GC(438) Concurrent Mark Free 0.002ms
[96.712s][info][gc,phases   ] GC(438) Concurrent Process Non-Strong References 7.100ms
[96.712s][info][gc,phases   ] GC(438) Concurrent Reset Relocation Set 0.036ms
[96.719s][info][gc,phases   ] GC(438) Concurrent Select Relocation Set 6.674ms
[96.719s][info][gc,phases   ] GC(438) Pause Relocate Start 0.009ms
[96.727s][info][gc,phases   ] GC(438) Concurrent Relocate 7.656ms
[96.727s][info][gc,load     ] GC(438) Load: 0.00/0.00/0.00
[96.727s][info][gc,mmu      ] GC(438) MMU: 2ms/98.1%, 5ms/99.2%, 10ms/99.5%, 20ms/99.8%, 50ms/99.8%, 100ms/99.9%
[96.727s][info][gc,marking  ] GC(438) Mark: 4 stripe(s), 2 proactive flush(es), 1 terminate flush(es), 0 completion(s), 0 continuation(s) 
[96.727s][info][gc,marking  ] GC(438) Mark Stack Usage: 32M
[96.727s][info][gc,nmethod  ] GC(438) NMethods: 4537 registered, 1056 unregistered
[96.727s][info][gc,metaspace] GC(438) Metaspace: 71M used, 72M committed, 1088M reserved
[96.727s][info][gc,ref      ] GC(438) Soft: 3837 encountered, 0 discovered, 0 enqueued
[96.727s][info][gc,ref      ] GC(438) Weak: 11610 encountered, 1700 discovered, 0 enqueued
[96.727s][info][gc,ref      ] GC(438) Final: 289 encountered, 1 discovered, 0 enqueued
[96.727s][info][gc,ref      ] GC(438) Phantom: 425 encountered, 182 discovered, 0 enqueued
[96.727s][info][gc,reloc    ] GC(438) Small Pages: 523 / 1046M, Empty: 676M, Relocated: 5M, In-Place: 0
[96.727s][info][gc,reloc    ] GC(438) Medium Pages: 0 / 0M, Empty: 0M, Relocated: 0M, In-Place: 0
[96.727s][info][gc,reloc    ] GC(438) Large Pages: 0 / 0M, Empty: 0M, Relocated: 0M, In-Place: 0
[96.727s][info][gc,reloc    ] GC(438) Forwarding Usage: 2M
[96.727s][info][gc,heap     ] GC(438) Min Capacity: 8M(0%)
[96.727s][info][gc,heap     ] GC(438) Max Capacity: 2048M(100%)
[96.727s][info][gc,heap     ] GC(438) Soft Max Capacity: 2048M(100%)
[96.727s][info][gc,heap     ] GC(438)                Mark Start          Mark End        Relocate Start      Relocate End           High               Low         
[96.727s][info][gc,heap     ] GC(438)  Capacity:     2048M (100%)       2048M (100%)       2048M (100%)       2048M (100%)       2048M (100%)       2048M (100%)   
[96.727s][info][gc,heap     ] GC(438)      Free:     1002M (49%)         768M (38%)        1378M (67%)        1662M (81%)        1672M (82%)         732M (36%)    
[96.727s][info][gc,heap     ] GC(438)      Used:     1046M (51%)        1280M (63%)         670M (33%)         386M (19%)        1316M (64%)         376M (18%)    
[96.727s][info][gc,heap     ] GC(438)      Live:         -                53M (3%)           53M (3%)           53M (3%)             -                  -          
[96.727s][info][gc,heap     ] GC(438) Allocated:         -               234M (11%)         300M (15%)         316M (15%)            -                  -          
[96.727s][info][gc,heap     ] GC(438)   Garbage:         -               992M (48%)         316M (15%)          15M (1%)             -                  -          
[96.727s][info][gc,heap     ] GC(438) Reclaimed:         -                  -               676M (33%)         976M (48%)            -                  -          
[96.727s][info][gc          ] GC(438) Garbage Collection (Allocation Rate) 1046M(51%)->386M(19%)
[96.855s][info][gc,start    ] GC(439) Garbage Collection (Allocation Rate)
[96.855s][info][gc,task     ] GC(439) Using 3 workers
[96.855s][info][gc,phases   ] GC(439) Pause Mark Start 0.012ms
[96.922s][info][gc,phases   ] GC(439) Concurrent Mark 67.280ms
[96.923s][info][gc,phases   ] GC(439) Pause Mark End 0.025ms
[96.923s][info][gc,phases   ] GC(439) Concurrent Mark Free 0.001ms
[96.932s][info][gc,phases   ] GC(439) Concurrent Process Non-Strong References 8.996ms
[96.933s][info][gc,phases   ] GC(439) Concurrent Reset Relocation Set 0.046ms
[96.941s][info][gc,phases   ] GC(439) Concurrent Select Relocation Set 8.091ms
[96.941s][info][gc,phases   ] GC(439) Pause Relocate Start 0.009ms
[96.951s][info][gc,phases   ] GC(439) Concurrent Relocate 8.983ms
[96.951s][info][gc,load     ] GC(439) Load: 0.00/0.00/0.00
[96.951s][info][gc,mmu      ] GC(439) MMU: 2ms/98.1%, 5ms/99.2%, 10ms/99.5%, 20ms/99.8%, 50ms/99.8%, 100ms/99.9%
[96.951s][info][gc,marking  ] GC(439) Mark: 2 stripe(s), 3 proactive flush(es), 1 terminate flush(es), 0 completion(s), 0 continuation(s) 
[96.951s][info][gc,marking  ] GC(439) Mark Stack Usage: 32M
[96.951s][info][gc,nmethod  ] GC(439) NMethods: 4537 registered, 1056 unregistered
[96.951s][info][gc,metaspace] GC(439) Metaspace: 71M used, 72M committed, 1088M reserved
[96.951s][info][gc,ref      ] GC(439) Soft: 3837 encountered, 0 discovered, 0 enqueued
[96.951s][info][gc,ref      ] GC(439) Weak: 11610 encountered, 1278 discovered, 0 enqueued
[96.951s][info][gc,ref      ] GC(439) Final: 289 encountered, 41 discovered, 0 enqueued
[96.951s][info][gc,ref      ] GC(439) Phantom: 425 encountered, 257 discovered, 0 enqueued
[96.951s][info][gc,reloc    ] GC(439) Small Pages: 507 / 1014M, Empty: 642M, Relocated: 5M, In-Place: 0
[96.951s][info][gc,reloc    ] GC(439) Medium Pages: 0 / 0M, Empty: 0M, Relocated: 0M, In-Place: 0
[96.951s][info][gc,reloc    ] GC(439) Large Pages: 0 / 0M, Empty: 0M, Relocated: 0M, In-Place: 0
[96.951s][info][gc,reloc    ] GC(439) Forwarding Usage: 2M
[96.951s][info][gc,heap     ] GC(439) Min Capacity: 8M(0%)
[96.951s][info][gc,heap     ] GC(439) Max Capacity: 2048M(100%)
[96.951s][info][gc,heap     ] GC(439) Soft Max Capacity: 2048M(100%)
[96.951s][info][gc,heap     ] GC(439)                Mark Start          Mark End        Relocate Start      Relocate End           High               Low         
[96.951s][info][gc,heap     ] GC(439)  Capacity:     2048M (100%)       2048M (100%)       2048M (100%)       2048M (100%)       2048M (100%)       2048M (100%)   
[96.951s][info][gc,heap     ] GC(439)      Free:     1034M (50%)         714M (35%)        1268M (62%)        1548M (76%)        1564M (76%)         668M (33%)    
[96.951s][info][gc,heap     ] GC(439)      Used:     1014M (50%)        1334M (65%)         780M (38%)         500M (24%)        1380M (67%)         484M (24%)    
[96.951s][info][gc,heap     ] GC(439)      Live:         -                53M (3%)           53M (3%)           53M (3%)             -                  -          
[96.951s][info][gc,heap     ] GC(439) Allocated:         -               320M (16%)         408M (20%)         432M (21%)            -                  -          
[96.951s][info][gc,heap     ] GC(439)   Garbage:         -               960M (47%)         318M (16%)          13M (1%)             -                  -          
[96.951s][info][gc,heap     ] GC(439) Reclaimed:         -                  -               642M (31%)         946M (46%)            -                  -          
[96.951s][info][gc          ] GC(439) Garbage Collection (Allocation Rate) 1014M(50%)->500M(24%)
[97.054s][info][gc,start    ] GC(440) Garbage Collection (Allocation Rate)
[97.054s][info][gc,task     ] GC(440) Using 3 workers
[97.055s][info][gc,phases   ] GC(440) Pause Mark Start 0.010ms
[97.108s][info][gc,phases   ] GC(440) Concurrent Mark 53.213ms
[97.166s][info][gc,phases   ] GC(440) Pause Mark End 0.024ms
[97.167s][info][gc,phases   ] GC(440) Concurrent Mark Free 0.001ms
[97.173s][info][gc,phases   ] GC(440) Concurrent Process Non-Strong References 6.491ms
[97.173s][info][gc,phases   ] GC(440) Concurrent Reset Relocation Set 0.042ms
[97.181s][info][gc,phases   ] GC(440) Concurrent Select Relocation Set 8.277ms
[97.182s][info][gc,phases   ] GC(440) Pause Relocate Start 0.008ms
[97.191s][info][gc,phases   ] GC(440) Concurrent Relocate 8.665ms
[97.191s][info][gc,load     ] GC(440) Load: 0.00/0.00/0.00
[97.191s][info][gc,mmu      ] GC(440) MMU: 2ms/98.1%, 5ms/99.2%, 10ms/99.5%, 20ms/99.8%, 50ms/99.8%, 100ms/99.9%
[97.191s][info][gc,marking  ] GC(440) Mark: 2 stripe(s), 2 proactive flush(es), 1 terminate flush(es), 0 completion(s), 0 continuation(s) 
[97.191s][info][gc,marking  ] GC(440) Mark Stack Usage: 32M
[97.191s][info][gc,nmethod  ] GC(440) NMethods: 4537 registered, 1056 unregistered
[97.191s][info][gc,metaspace] GC(440) Metaspace: 71M used, 72M committed, 1088M reserved
[97.191s][info][gc,ref      ] GC(440) Soft: 3837 encountered, 0 discovered, 0 enqueued
[97.191s][info][gc,ref      ] GC(440) Weak: 11561 encountered, 1271 discovered, 135 enqueued
[97.191s][info][gc,ref      ] GC(440) Final: 289 encountered, 15 discovered, 0 enqueued
[97.191s][info][gc,ref      ] GC(440) Phantom: 425 encountered, 246 discovered, 0 enqueued
[97.191s][info][gc,reloc    ] GC(440) Small Pages: 510 / 1020M, Empty: 642M, Relocated: 6M, In-Place: 0
[97.191s][info][gc,reloc    ] GC(440) Medium Pages: 0 / 0M, Empty: 0M, Relocated: 0M, In-Place: 0
[97.191s][info][gc,reloc    ] GC(440) Large Pages: 0 / 0M, Empty: 0M, Relocated: 0M, In-Place: 0
[97.191s][info][gc,reloc    ] GC(440) Forwarding Usage: 2M
[97.191s][info][gc,heap     ] GC(440) Min Capacity: 8M(0%)
[97.191s][info][gc,heap     ] GC(440) Max Capacity: 2048M(100%)
[97.191s][info][gc,heap     ] GC(440) Soft Max Capacity: 2048M(100%)
[97.191s][info][gc,heap     ] GC(440)                Mark Start          Mark End        Relocate Start      Relocate End           High               Low         
[97.191s][info][gc,heap     ] GC(440)  Capacity:     2048M (100%)       2048M (100%)       2048M (100%)       2048M (100%)       2048M (100%)       2048M (100%)   
[97.191s][info][gc,heap     ] GC(440)      Free:     1028M (50%)         474M (23%)        1046M (51%)        1338M (65%)        1352M (66%)         442M (22%)    
[97.191s][info][gc,heap     ] GC(440)      Used:     1020M (50%)        1574M (77%)        1002M (49%)         710M (35%)        1606M (78%)         696M (34%)    
[97.191s][info][gc,heap     ] GC(440)      Live:         -                52M (3%)           52M (3%)           52M (3%)             -                  -          
[97.191s][info][gc,heap     ] GC(440) Allocated:         -               554M (27%)         624M (30%)         644M (31%)            -                  -          
[97.191s][info][gc,heap     ] GC(440)   Garbage:         -               967M (47%)         325M (16%)          13M (1%)             -                  -          
[97.191s][info][gc,heap     ] GC(440) Reclaimed:         -                  -               642M (31%)         954M (47%)            -                  -          
[97.191s][info][gc          ] GC(440) Garbage Collection (Allocation Rate) 1020M(50%)->710M(35%)
[97.254s][info][gc,start    ] GC(441) Garbage Collection (Allocation Rate)
[97.254s][info][gc,task     ] GC(441) Using 12 workers
[97.254s][info][gc,phases   ] GC(441) Pause Mark Start 0.010ms
[97.274s][info][gc,phases   ] GC(441) Concurrent Mark 19.427ms
[97.274s][info][gc,phases   ] GC(441) Pause Mark End 0.029ms
[97.274s][info][gc,phases   ] GC(441) Concurrent Mark Free 0.001ms
[97.277s][info][gc,phases   ] GC(441) Concurrent Process Non-Strong References 2.075ms
[97.277s][info][gc,phases   ] GC(441) Concurrent Reset Relocation Set 0.039ms
[97.282s][info][gc,phases   ] GC(441) Concurrent Select Relocation Set 4.901ms
[97.282s][info][gc,phases   ] GC(441) Pause Relocate Start 0.008ms
[97.287s][info][gc,phases   ] GC(441) Concurrent Relocate 5.374ms
[97.288s][info][gc,load     ] GC(441) Load: 0.00/0.00/0.00
[97.288s][info][gc,mmu      ] GC(441) MMU: 2ms/98.1%, 5ms/99.2%, 10ms/99.5%, 20ms/99.8%, 50ms/99.8%, 100ms/99.9%
[97.288s][info][gc,marking  ] GC(441) Mark: 8 stripe(s), 3 proactive flush(es), 1 terminate flush(es), 0 completion(s), 0 continuation(s) 
[97.288s][info][gc,marking  ] GC(441) Mark Stack Usage: 32M
[97.288s][info][gc,nmethod  ] GC(441) NMethods: 4537 registered, 1056 unregistered
[97.288s][info][gc,metaspace] GC(441) Metaspace: 71M used, 72M committed, 1088M reserved
[97.288s][info][gc,ref      ] GC(441) Soft: 3837 encountered, 0 discovered, 0 enqueued
[97.288s][info][gc,ref      ] GC(441) Weak: 11426 encountered, 1420 discovered, 0 enqueued
[97.288s][info][gc,ref      ] GC(441) Final: 289 encountered, 25 discovered, 0 enqueued
[97.288s][info][gc,ref      ] GC(441) Phantom: 425 encountered, 288 discovered, 0 enqueued
[97.288s][info][gc,reloc    ] GC(441) Small Pages: 512 / 1024M, Empty: 620M, Relocated: 6M, In-Place: 0
[97.288s][info][gc,reloc    ] GC(441) Medium Pages: 0 / 0M, Empty: 0M, Relocated: 0M, In-Place: 0
[97.288s][info][gc,reloc    ] GC(441) Large Pages: 0 / 0M, Empty: 0M, Relocated: 0M, In-Place: 0
[97.288s][info][gc,reloc    ] GC(441) Forwarding Usage: 2M
[97.288s][info][gc,heap     ] GC(441) Min Capacity: 8M(0%)
[97.288s][info][gc,heap     ] GC(441) Max Capacity: 2048M(100%)
[97.288s][info][gc,heap     ] GC(441) Soft Max Capacity: 2048M(100%)
[97.288s][info][gc,heap     ] GC(441)                Mark Start          Mark End        Relocate Start      Relocate End           High               Low         
[97.288s][info][gc,heap     ] GC(441)  Capacity:     2048M (100%)       2048M (100%)       2048M (100%)       2048M (100%)       2048M (100%)       2048M (100%)   
[97.288s][info][gc,heap     ] GC(441)      Free:     1024M (50%)         932M (46%)        1518M (74%)        1828M (89%)        1836M (90%)         922M (45%)    
[97.288s][info][gc,heap     ] GC(441)      Used:     1024M (50%)        1116M (54%)         530M (26%)         220M (11%)        1126M (55%)         212M (10%)    
[97.288s][info][gc,heap     ] GC(441)      Live:         -                52M (3%)           52M (3%)           52M (3%)             -                  -          
[97.288s][info][gc,heap     ] GC(441) Allocated:         -                92M (4%)          126M (6%)          139M (7%)             -                  -          
[97.288s][info][gc,heap     ] GC(441)   Garbage:         -               971M (47%)         351M (17%)          28M (1%)             -                  -          
[97.288s][info][gc,heap     ] GC(441) Reclaimed:         -                  -               620M (30%)         943M (46%)            -                  -          
[97.288s][info][gc          ] GC(441) Garbage Collection (Allocation Rate) 1024M(50%)->220M(11%)
[97.355s][info][gc,start    ] GC(442) Garbage Collection (Allocation Rate)
[97.355s][info][gc,task     ] GC(442) Using 12 workers
[97.355s][info][gc,phases   ] GC(442) Pause Mark Start 0.010ms
[97.379s][info][gc,phases   ] GC(442) Concurrent Mark 23.195ms
[97.379s][info][gc,phases   ] GC(442) Pause Mark End 0.033ms
[97.380s][info][gc,phases   ] GC(442) Concurrent Mark Free 0.001ms
[97.382s][info][gc,phases   ] GC(442) Concurrent Process Non-Strong References 2.240ms
[97.383s][info][gc,phases   ] GC(442) Concurrent Reset Relocation Set 0.051ms
[97.388s][info][gc,phases   ] GC(442) Concurrent Select Relocation Set 5.063ms
[97.388s][info][gc,phases   ] GC(442) Pause Relocate Start 0.007ms
[97.394s][info][gc,phases   ] GC(442) Concurrent Relocate 6.209ms
[97.395s][info][gc,load     ] GC(442) Load: 0.00/0.00/0.00
[97.395s][info][gc,mmu      ] GC(442) MMU: 2ms/98.1%, 5ms/99.2%, 10ms/99.5%, 20ms/99.8%, 50ms/99.8%, 100ms/99.9%
[97.395s][info][gc,marking  ] GC(442) Mark: 8 stripe(s), 3 proactive flush(es), 1 terminate flush(es), 0 completion(s), 0 continuation(s) 
[97.395s][info][gc,marking  ] GC(442) Mark Stack Usage: 32M
[97.395s][info][gc,nmethod  ] GC(442) NMethods: 4537 registered, 1056 unregistered
[97.395s][info][gc,metaspace] GC(442) Metaspace: 71M used, 72M committed, 1088M reserved
[97.395s][info][gc,ref      ] GC(442) Soft: 3837 encountered, 0 discovered, 0 enqueued
[97.395s][info][gc,ref      ] GC(442) Weak: 11426 encountered, 1007 discovered, 0 enqueued
[97.395s][info][gc,ref      ] GC(442) Final: 289 encountered, 14 discovered, 0 enqueued
[97.395s][info][gc,ref      ] GC(442) Phantom: 425 encountered, 266 discovered, 0 enqueued
[97.395s][info][gc,reloc    ] GC(442) Small Pages: 278 / 556M, Empty: 212M, Relocated: 6M, In-Place: 0
[97.395s][info][gc,reloc    ] GC(442) Medium Pages: 0 / 0M, Empty: 0M, Relocated: 0M, In-Place: 0
[97.395s][info][gc,reloc    ] GC(442) Large Pages: 0 / 0M, Empty: 0M, Relocated: 0M, In-Place: 0
[97.395s][info][gc,reloc    ] GC(442) Forwarding Usage: 2M
[97.395s][info][gc,heap     ] GC(442) Min Capacity: 8M(0%)
[97.395s][info][gc,heap     ] GC(442) Max Capacity: 2048M(100%)
[97.395s][info][gc,heap     ] GC(442) Soft Max Capacity: 2048M(100%)
[97.395s][info][gc,heap     ] GC(442)                Mark Start          Mark End        Relocate Start      Relocate End           High               Low         
[97.395s][info][gc,heap     ] GC(442)  Capacity:     2048M (100%)       2048M (100%)       2048M (100%)       2048M (100%)       2048M (100%)       2048M (100%)   
[97.395s][info][gc,heap     ] GC(442)      Free:     1492M (73%)        1384M (68%)        1558M (76%)        1800M (88%)        1814M (89%)        1368M (67%)    
[97.395s][info][gc,heap     ] GC(442)      Used:      556M (27%)         664M (32%)         490M (24%)         248M (12%)         680M (33%)         234M (11%)    
[97.395s][info][gc,heap     ] GC(442)      Live:         -                52M (3%)           52M (3%)           52M (3%)             -                  -          
[97.395s][info][gc,heap     ] GC(442) Allocated:         -               108M (5%)          146M (7%)          167M (8%)             -                  -          
[97.395s][info][gc,heap     ] GC(442)   Garbage:         -               503M (25%)         291M (14%)          28M (1%)             -                  -          
[97.395s][info][gc,heap     ] GC(442) Reclaimed:         -                  -               212M (10%)         475M (23%)            -                  -          
[97.395s][info][gc          ] GC(442) Garbage Collection (Allocation Rate) 556M(27%)->248M(12%)
[97.554s][info][gc,start    ] GC(443) Garbage Collection (Allocation Rate)
[97.555s][info][gc,task     ] GC(443) Using 6 workers
[97.555s][info][gc,phases   ] GC(443) Pause Mark Start 0.010ms
[97.588s][info][gc,phases   ] GC(443) Concurrent Mark 33.410ms
[97.589s][info][gc,phases   ] GC(443) Pause Mark End 0.023ms
[97.589s][info][gc,phases   ] GC(443) Concurrent Mark Free 0.001ms
[97.593s][info][gc,phases   ] GC(443) Concurrent Process Non-Strong References 3.982ms
[97.594s][info][gc,phases   ] GC(443) Concurrent Reset Relocation Set 0.042ms
[97.602s][info][gc,phases   ] GC(443) Concurrent Select Relocation Set 8.907ms
[97.603s][info][gc,phases   ] GC(443) Pause Relocate Start 0.009ms
[97.610s][info][gc,phases   ] GC(443) Concurrent Relocate 6.737ms
[97.610s][info][gc,load     ] GC(443) Load: 0.00/0.00/0.00
[97.610s][info][gc,mmu      ] GC(443) MMU: 2ms/98.1%, 5ms/99.2%, 10ms/99.5%, 20ms/99.8%, 50ms/99.8%, 100ms/99.9%
[97.610s][info][gc,marking  ] GC(443) Mark: 4 stripe(s), 2 proactive flush(es), 1 terminate flush(es), 0 completion(s), 0 continuation(s) 
[97.610s][info][gc,marking  ] GC(443) Mark Stack Usage: 32M
[97.610s][info][gc,nmethod  ] GC(443) NMethods: 4537 registered, 1056 unregistered
[97.610s][info][gc,metaspace] GC(443) Metaspace: 71M used, 72M committed, 1088M reserved
[97.610s][info][gc,ref      ] GC(443) Soft: 3837 encountered, 0 discovered, 0 enqueued
[97.610s][info][gc,ref      ] GC(443) Weak: 11426 encountered, 1607 discovered, 0 enqueued
[97.610s][info][gc,ref      ] GC(443) Final: 289 encountered, 47 discovered, 0 enqueued
[97.610s][info][gc,ref      ] GC(443) Phantom: 425 encountered, 170 discovered, 0 enqueued
[97.610s][info][gc,reloc    ] GC(443) Small Pages: 525 / 1050M, Empty: 684M, Relocated: 6M, In-Place: 0
[97.610s][info][gc,reloc    ] GC(443) Medium Pages: 0 / 0M, Empty: 0M, Relocated: 0M, In-Place: 0
[97.610s][info][gc,reloc    ] GC(443) Large Pages: 0 / 0M, Empty: 0M, Relocated: 0M, In-Place: 0
[97.610s][info][gc,reloc    ] GC(443) Forwarding Usage: 2M
[97.610s][info][gc,heap     ] GC(443) Min Capacity: 8M(0%)
[97.610s][info][gc,heap     ] GC(443) Max Capacity: 2048M(100%)
[97.610s][info][gc,heap     ] GC(443) Soft Max Capacity: 2048M(100%)
[97.610s][info][gc,heap     ] GC(443)                Mark Start          Mark End        Relocate Start      Relocate End           High               Low         
[97.610s][info][gc,heap     ] GC(443)  Capacity:     2048M (100%)       2048M (100%)       2048M (100%)       2048M (100%)       2048M (100%)       2048M (100%)   
[97.610s][info][gc,heap     ] GC(443)      Free:      998M (49%)         838M (41%)        1458M (71%)        1736M (85%)        1748M (85%)         814M (40%)    
[97.610s][info][gc,heap     ] GC(443)      Used:     1050M (51%)        1210M (59%)         590M (29%)         312M (15%)        1234M (60%)         300M (15%)    
[97.610s][info][gc,heap     ] GC(443)      Live:         -                52M (3%)           52M (3%)           52M (3%)             -                  -          
[97.610s][info][gc,heap     ] GC(443) Allocated:         -               160M (8%)          224M (11%)         243M (12%)            -                  -          
[97.610s][info][gc,heap     ] GC(443)   Garbage:         -               997M (49%)         313M (15%)          16M (1%)             -                  -          
[97.610s][info][gc,heap     ] GC(443) Reclaimed:         -                  -               684M (33%)         981M (48%)            -                  -          
[97.610s][info][gc          ] GC(443) Garbage Collection (Allocation Rate) 1050M(51%)->312M(15%)
[97.754s][info][gc,start    ] GC(444) Garbage Collection (Allocation Rate)
[97.754s][info][gc,task     ] GC(444) Using 5 workers
[97.754s][info][gc,phases   ] GC(444) Pause Mark Start 0.011ms
[97.793s][info][gc,phases   ] GC(444) Concurrent Mark 38.207ms
[97.793s][info][gc,phases   ] GC(444) Pause Mark End 0.023ms
[97.795s][info][gc,phases   ] GC(444) Concurrent Mark Free 0.001ms
[97.802s][info][gc,phases   ] GC(444) Concurrent Process Non-Strong References 6.715ms
[97.802s][info][gc,phases   ] GC(444) Concurrent Reset Relocation Set 0.041ms
[97.807s][info][gc,phases   ] GC(444) Concurrent Select Relocation Set 5.132ms
[97.808s][info][gc,phases   ] GC(444) Pause Relocate Start 0.008ms
[97.815s][info][gc,phases   ] GC(444) Concurrent Relocate 7.152ms
[97.815s][info][gc,load     ] GC(444) Load: 0.00/0.00/0.00
[97.815s][info][gc,mmu      ] GC(444) MMU: 2ms/98.1%, 5ms/99.2%, 10ms/99.5%, 20ms/99.8%, 50ms/99.8%, 100ms/99.9%
[97.815s][info][gc,marking  ] GC(444) Mark: 4 stripe(s), 3 proactive flush(es), 1 terminate flush(es), 0 completion(s), 0 continuation(s) 
[97.815s][info][gc,marking  ] GC(444) Mark Stack Usage: 32M
[97.815s][info][gc,nmethod  ] GC(444) NMethods: 4537 registered, 1056 unregistered
[97.815s][info][gc,metaspace] GC(444) Metaspace: 71M used, 72M committed, 1088M reserved
[97.815s][info][gc,ref      ] GC(444) Soft: 3837 encountered, 0 discovered, 0 enqueued
[97.815s][info][gc,ref      ] GC(444) Weak: 11426 encountered, 1562 discovered, 0 enqueued
[97.815s][info][gc,ref      ] GC(444) Final: 289 encountered, 32 discovered, 0 enqueued
[97.815s][info][gc,ref      ] GC(444) Phantom: 425 encountered, 247 discovered, 0 enqueued
[97.815s][info][gc,reloc    ] GC(444) Small Pages: 517 / 1034M, Empty: 664M, Relocated: 6M, In-Place: 0
[97.815s][info][gc,reloc    ] GC(444) Medium Pages: 0 / 0M, Empty: 0M, Relocated: 0M, In-Place: 0
[97.815s][info][gc,reloc    ] GC(444) Large Pages: 0 / 0M, Empty: 0M, Relocated: 0M, In-Place: 0
[97.815s][info][gc,reloc    ] GC(444) Forwarding Usage: 2M
[97.815s][info][gc,heap     ] GC(444) Min Capacity: 8M(0%)
[97.815s][info][gc,heap     ] GC(444) Max Capacity: 2048M(100%)
[97.816s][info][gc,heap     ] GC(444) Soft Max Capacity: 2048M(100%)
[97.816s][info][gc,heap     ] GC(444)                Mark Start          Mark End        Relocate Start      Relocate End           High               Low         
[97.816s][info][gc,heap     ] GC(444)  Capacity:     2048M (100%)       2048M (100%)       2048M (100%)       2048M (100%)       2048M (100%)       2048M (100%)   
[97.816s][info][gc,heap     ] GC(444)      Free:     1014M (50%)         834M (41%)        1432M (70%)        1714M (84%)        1728M (84%)         792M (39%)    
[97.816s][info][gc,heap     ] GC(444)      Used:     1034M (50%)        1214M (59%)         616M (30%)         334M (16%)        1256M (61%)         320M (16%)    
[97.816s][info][gc,heap     ] GC(444)      Live:         -                52M (3%)           52M (3%)           52M (3%)             -                  -          
[97.816s][info][gc,heap     ] GC(444) Allocated:         -               180M (9%)          246M (12%)         266M (13%)            -                  -          
[97.816s][info][gc,heap     ] GC(444)   Garbage:         -               981M (48%)         317M (16%)          15M (1%)             -                  -          
[97.816s][info][gc,heap     ] GC(444) Reclaimed:         -                  -               664M (32%)         966M (47%)            -                  -          
[97.816s][info][gc          ] GC(444) Garbage Collection (Allocation Rate) 1034M(50%)->334M(16%)
[97.954s][info][gc,start    ] GC(445) Garbage Collection (Allocation Rate)
[97.954s][info][gc,task     ] GC(445) Using 4 workers
[97.954s][info][gc,phases   ] GC(445) Pause Mark Start 0.009ms
[98.010s][info][gc,phases   ] GC(445) Concurrent Mark 55.083ms
[98.010s][info][gc,phases   ] GC(445) Pause Mark End 0.024ms
[98.011s][info][gc,phases   ] GC(445) Concurrent Mark Free 0.001ms
[98.016s][info][gc,phases   ] GC(445) Concurrent Process Non-Strong References 4.939ms
[98.016s][info][gc,phases   ] GC(445) Concurrent Reset Relocation Set 0.045ms
[98.021s][info][gc,phases   ] GC(445) Concurrent Select Relocation Set 5.178ms
[98.021s][info][gc,phases   ] GC(445) Pause Relocate Start 0.008ms
[98.032s][info][gc,phases   ] GC(445) Concurrent Relocate 9.913ms
[98.032s][info][gc,load     ] GC(445) Load: 0.00/0.00/0.00
[98.032s][info][gc,mmu      ] GC(445) MMU: 2ms/98.1%, 5ms/99.2%, 10ms/99.5%, 20ms/99.8%, 50ms/99.8%, 100ms/99.9%
[98.032s][info][gc,marking  ] GC(445) Mark: 4 stripe(s), 2 proactive flush(es), 1 terminate flush(es), 0 completion(s), 0 continuation(s) 
[98.032s][info][gc,marking  ] GC(445) Mark Stack Usage: 32M
[98.032s][info][gc,nmethod  ] GC(445) NMethods: 4537 registered, 1056 unregistered
[98.032s][info][gc,metaspace] GC(445) Metaspace: 71M used, 72M committed, 1088M reserved
[98.032s][info][gc,ref      ] GC(445) Soft: 3837 encountered, 0 discovered, 0 enqueued
[98.032s][info][gc,ref      ] GC(445) Weak: 11426 encountered, 1114 discovered, 0 enqueued
[98.032s][info][gc,ref      ] GC(445) Final: 289 encountered, 39 discovered, 0 enqueued
[98.032s][info][gc,ref      ] GC(445) Phantom: 425 encountered, 201 discovered, 0 enqueued
[98.032s][info][gc,reloc    ] GC(445) Small Pages: 512 / 1024M, Empty: 652M, Relocated: 6M, In-Place: 0
[98.032s][info][gc,reloc    ] GC(445) Medium Pages: 0 / 0M, Empty: 0M, Relocated: 0M, In-Place: 0
[98.032s][info][gc,reloc    ] GC(445) Large Pages: 0 / 0M, Empty: 0M, Relocated: 0M, In-Place: 0
[98.032s][info][gc,reloc    ] GC(445) Forwarding Usage: 2M
[98.032s][info][gc,heap     ] GC(445) Min Capacity: 8M(0%)
[98.032s][info][gc,heap     ] GC(445) Max Capacity: 2048M(100%)
[98.032s][info][gc,heap     ] GC(445) Soft Max Capacity: 2048M(100%)
[98.032s][info][gc,heap     ] GC(445)                Mark Start          Mark End        Relocate Start      Relocate End           High               Low         
[98.032s][info][gc,heap     ] GC(445)  Capacity:     2048M (100%)       2048M (100%)       2048M (100%)       2048M (100%)       2048M (100%)       2048M (100%)   
[98.032s][info][gc,heap     ] GC(445)      Free:     1024M (50%)         760M (37%)        1360M (66%)        1634M (80%)        1656M (81%)         732M (36%)    
[98.032s][info][gc,heap     ] GC(445)      Used:     1024M (50%)        1288M (63%)         688M (34%)         414M (20%)        1316M (64%)         392M (19%)    
[98.032s][info][gc,heap     ] GC(445)      Live:         -                52M (3%)           52M (3%)           52M (3%)             -                  -          
[98.032s][info][gc,heap     ] GC(445) Allocated:         -               264M (13%)         316M (15%)         348M (17%)            -                  -          
[98.032s][info][gc,heap     ] GC(445)   Garbage:         -               971M (47%)         319M (16%)          13M (1%)             -                  -          
[98.032s][info][gc,heap     ] GC(445) Reclaimed:         -                  -               652M (32%)         958M (47%)            -                  -          
[98.032s][info][gc          ] GC(445) Garbage Collection (Allocation Rate) 1024M(50%)->414M(20%)
[98.154s][info][gc,start    ] GC(446) Garbage Collection (Allocation Rate)
[98.155s][info][gc,task     ] GC(446) Using 3 workers
[98.155s][info][gc,phases   ] GC(446) Pause Mark Start 0.010ms
[98.218s][info][gc,phases   ] GC(446) Concurrent Mark 63.178ms
[98.219s][info][gc,phases   ] GC(446) Pause Mark End 0.026ms
[98.219s][info][gc,phases   ] GC(446) Concurrent Mark Free 0.006ms
[98.226s][info][gc,phases   ] GC(446) Concurrent Process Non-Strong References 6.963ms
[98.227s][info][gc,phases   ] GC(446) Concurrent Reset Relocation Set 0.053ms
[98.237s][info][gc,phases   ] GC(446) Concurrent Select Relocation Set 10.752ms
[98.238s][info][gc,phases   ] GC(446) Pause Relocate Start 0.007ms
[98.250s][info][gc,phases   ] GC(446) Concurrent Relocate 10.666ms
[98.250s][info][gc,load     ] GC(446) Load: 0.00/0.00/0.00
[98.250s][info][gc,mmu      ] GC(446) MMU: 2ms/98.1%, 5ms/99.2%, 10ms/99.5%, 20ms/99.8%, 50ms/99.8%, 100ms/99.9%
[98.250s][info][gc,marking  ] GC(446) Mark: 2 stripe(s), 2 proactive flush(es), 1 terminate flush(es), 0 completion(s), 0 continuation(s) 
[98.250s][info][gc,marking  ] GC(446) Mark Stack Usage: 32M
[98.250s][info][gc,nmethod  ] GC(446) NMethods: 4537 registered, 1056 unregistered
[98.251s][info][gc,metaspace] GC(446) Metaspace: 71M used, 72M committed, 1088M reserved
[98.251s][info][gc,ref      ] GC(446) Soft: 3837 encountered, 0 discovered, 0 enqueued
[98.251s][info][gc,ref      ] GC(446) Weak: 11426 encountered, 1337 discovered, 0 enqueued
[98.251s][info][gc,ref      ] GC(446) Final: 289 encountered, 70 discovered, 0 enqueued
[98.251s][info][gc,ref      ] GC(446) Phantom: 425 encountered, 286 discovered, 0 enqueued
[98.251s][info][gc,reloc    ] GC(446) Small Pages: 515 / 1030M, Empty: 674M, Relocated: 6M, In-Place: 0
[98.251s][info][gc,reloc    ] GC(446) Medium Pages: 0 / 0M, Empty: 0M, Relocated: 0M, In-Place: 0
[98.251s][info][gc,reloc    ] GC(446) Large Pages: 0 / 0M, Empty: 0M, Relocated: 0M, In-Place: 0
[98.251s][info][gc,reloc    ] GC(446) Forwarding Usage: 2M
[98.251s][info][gc,heap     ] GC(446) Min Capacity: 8M(0%)
[98.251s][info][gc,heap     ] GC(446) Max Capacity: 2048M(100%)
[98.251s][info][gc,heap     ] GC(446) Soft Max Capacity: 2048M(100%)
[98.251s][info][gc,heap     ] GC(446)                Mark Start          Mark End        Relocate Start      Relocate End           High               Low         
[98.251s][info][gc,heap     ] GC(446)  Capacity:     2048M (100%)       2048M (100%)       2048M (100%)       2048M (100%)       2048M (100%)       2048M (100%)   
[98.251s][info][gc,heap     ] GC(446)      Free:     1018M (50%)         712M (35%)        1298M (63%)        1552M (76%)        1574M (77%)         674M (33%)    
[98.251s][info][gc,heap     ] GC(446)      Used:     1030M (50%)        1336M (65%)         750M (37%)         496M (24%)        1374M (67%)         474M (23%)    
[98.251s][info][gc,heap     ] GC(446)      Live:         -                52M (3%)           52M (3%)           52M (3%)             -                  -          
[98.251s][info][gc,heap     ] GC(446) Allocated:         -               306M (15%)         394M (19%)         430M (21%)            -                  -          
[98.251s][info][gc,heap     ] GC(446)   Garbage:         -               977M (48%)         303M (15%)          13M (1%)             -                  -          
[98.251s][info][gc,heap     ] GC(446) Reclaimed:         -                  -               674M (33%)         964M (47%)            -                  -          
[98.251s][info][gc          ] GC(446) Garbage Collection (Allocation Rate) 1030M(50%)->496M(24%)
[98.354s][info][gc,start    ] GC(447) Garbage Collection (Allocation Rate)
[98.354s][info][gc,task     ] GC(447) Using 3 workers
[98.354s][info][gc,phases   ] GC(447) Pause Mark Start 0.013ms
[98.423s][info][gc,phases   ] GC(447) Concurrent Mark 68.009ms
[98.423s][info][gc,phases   ] GC(447) Pause Mark End 0.028ms
[98.424s][info][gc,phases   ] GC(447) Concurrent Mark Free 0.001ms
[98.431s][info][gc,phases   ] GC(447) Concurrent Process Non-Strong References 7.676ms
[98.431s][info][gc,phases   ] GC(447) Concurrent Reset Relocation Set 0.042ms
[98.438s][info][gc,phases   ] GC(447) Concurrent Select Relocation Set 6.551ms
[98.438s][info][gc,phases   ] GC(447) Pause Relocate Start 0.008ms
[98.451s][info][gc,phases   ] GC(447) Concurrent Relocate 12.283ms
[98.451s][info][gc,load     ] GC(447) Load: 0.00/0.00/0.00
[98.451s][info][gc,mmu      ] GC(447) MMU: 2ms/98.1%, 5ms/99.2%, 10ms/99.5%, 20ms/99.8%, 50ms/99.8%, 100ms/99.9%
[98.451s][info][gc,marking  ] GC(447) Mark: 2 stripe(s), 2 proactive flush(es), 1 terminate flush(es), 0 completion(s), 0 continuation(s) 
[98.451s][info][gc,marking  ] GC(447) Mark Stack Usage: 32M
[98.451s][info][gc,nmethod  ] GC(447) NMethods: 4537 registered, 1056 unregistered
[98.451s][info][gc,metaspace] GC(447) Metaspace: 71M used, 72M committed, 1088M reserved
[98.451s][info][gc,ref      ] GC(447) Soft: 3837 encountered, 0 discovered, 0 enqueued
[98.451s][info][gc,ref      ] GC(447) Weak: 11426 encountered, 1204 discovered, 0 enqueued
[98.451s][info][gc,ref      ] GC(447) Final: 289 encountered, 37 discovered, 0 enqueued
[98.451s][info][gc,ref      ] GC(447) Phantom: 425 encountered, 274 discovered, 0 enqueued
[98.451s][info][gc,reloc    ] GC(447) Small Pages: 499 / 998M, Empty: 544M, Relocated: 6M, In-Place: 0
[98.451s][info][gc,reloc    ] GC(447) Medium Pages: 0 / 0M, Empty: 0M, Relocated: 0M, In-Place: 0
[98.451s][info][gc,reloc    ] GC(447) Large Pages: 0 / 0M, Empty: 0M, Relocated: 0M, In-Place: 0
[98.451s][info][gc,reloc    ] GC(447) Forwarding Usage: 2M
[98.451s][info][gc,heap     ] GC(447) Min Capacity: 8M(0%)
[98.451s][info][gc,heap     ] GC(447) Max Capacity: 2048M(100%)
[98.451s][info][gc,heap     ] GC(447) Soft Max Capacity: 2048M(100%)
[98.451s][info][gc,heap     ] GC(447)                Mark Start          Mark End        Relocate Start      Relocate End           High               Low         
[98.451s][info][gc,heap     ] GC(447)  Capacity:     2048M (100%)       2048M (100%)       2048M (100%)       2048M (100%)       2048M (100%)       2048M (100%)   
[98.451s][info][gc,heap     ] GC(447)      Free:     1050M (51%)         726M (35%)        1202M (59%)        1552M (76%)        1584M (77%)         690M (34%)    
[98.451s][info][gc,heap     ] GC(447)      Used:      998M (49%)        1322M (65%)         846M (41%)         496M (24%)        1358M (66%)         464M (23%)    
[98.451s][info][gc,heap     ] GC(447)      Live:         -                52M (3%)           52M (3%)           52M (3%)             -                  -          
[98.451s][info][gc,heap     ] GC(447) Allocated:         -               324M (16%)         392M (19%)         428M (21%)            -                  -          
[98.451s][info][gc,heap     ] GC(447)   Garbage:         -               945M (46%)         401M (20%)          15M (1%)             -                  -          
[98.451s][info][gc,heap     ] GC(447) Reclaimed:         -                  -               544M (27%)         930M (45%)            -                  -          
[98.451s][info][gc          ] GC(447) Garbage Collection (Allocation Rate) 998M(49%)->496M(24%)
[98.555s][info][gc,start    ] GC(448) Garbage Collection (Allocation Rate)
[98.555s][info][gc,task     ] GC(448) Using 3 workers
[98.555s][info][gc,phases   ] GC(448) Pause Mark Start 0.013ms
[98.620s][info][gc,phases   ] GC(448) Concurrent Mark 64.336ms
[98.620s][info][gc,phases   ] GC(448) Pause Mark End 0.024ms
[98.620s][info][gc,phases   ] GC(448) Concurrent Mark Free 0.001ms
[98.628s][info][gc,phases   ] GC(448) Concurrent Process Non-Strong References 7.029ms
[98.628s][info][gc,phases   ] GC(448) Concurrent Reset Relocation Set 0.050ms
[98.637s][info][gc,phases   ] GC(448) Concurrent Select Relocation Set 9.242ms
[98.637s][info][gc,phases   ] GC(448) Pause Relocate Start 0.008ms
[98.648s][info][gc,phases   ] GC(448) Concurrent Relocate 10.926ms
[98.649s][info][gc,load     ] GC(448) Load: 0.00/0.00/0.00
[98.649s][info][gc,mmu      ] GC(448) MMU: 2ms/98.1%, 5ms/99.2%, 10ms/99.5%, 20ms/99.8%, 50ms/99.8%, 100ms/99.9%
[98.649s][info][gc,marking  ] GC(448) Mark: 2 stripe(s), 2 proactive flush(es), 1 terminate flush(es), 0 completion(s), 0 continuation(s) 
[98.649s][info][gc,marking  ] GC(448) Mark Stack Usage: 32M
[98.649s][info][gc,nmethod  ] GC(448) NMethods: 4537 registered, 1056 unregistered
[98.649s][info][gc,metaspace] GC(448) Metaspace: 71M used, 72M committed, 1088M reserved
[98.649s][info][gc,ref      ] GC(448) Soft: 3837 encountered, 0 discovered, 0 enqueued
[98.649s][info][gc,ref      ] GC(448) Weak: 11426 encountered, 1443 discovered, 0 enqueued
[98.649s][info][gc,ref      ] GC(448) Final: 289 encountered, 28 discovered, 0 enqueued
[98.649s][info][gc,ref      ] GC(448) Phantom: 425 encountered, 271 discovered, 0 enqueued
[98.649s][info][gc,reloc    ] GC(448) Small Pages: 508 / 1016M, Empty: 634M, Relocated: 6M, In-Place: 0
[98.649s][info][gc,reloc    ] GC(448) Medium Pages: 0 / 0M, Empty: 0M, Relocated: 0M, In-Place: 0
[98.649s][info][gc,reloc    ] GC(448) Large Pages: 0 / 0M, Empty: 0M, Relocated: 0M, In-Place: 0
[98.649s][info][gc,reloc    ] GC(448) Forwarding Usage: 2M
[98.649s][info][gc,heap     ] GC(448) Min Capacity: 8M(0%)
[98.649s][info][gc,heap     ] GC(448) Max Capacity: 2048M(100%)
[98.649s][info][gc,heap     ] GC(448) Soft Max Capacity: 2048M(100%)
[98.649s][info][gc,heap     ] GC(448)                Mark Start          Mark End        Relocate Start      Relocate End           High               Low         
[98.649s][info][gc,heap     ] GC(448)  Capacity:     2048M (100%)       2048M (100%)       2048M (100%)       2048M (100%)       2048M (100%)       2048M (100%)   
[98.649s][info][gc,heap     ] GC(448)      Free:     1032M (50%)         722M (35%)        1278M (62%)        1560M (76%)        1584M (77%)         688M (34%)    
[98.649s][info][gc,heap     ] GC(448)      Used:     1016M (50%)        1326M (65%)         770M (38%)         488M (24%)        1360M (66%)         464M (23%)    
[98.649s][info][gc,heap     ] GC(448)      Live:         -                52M (3%)           52M (3%)           52M (3%)             -                  -          
[98.649s][info][gc,heap     ] GC(448) Allocated:         -               310M (15%)         388M (19%)         422M (21%)            -                  -          
[98.649s][info][gc,heap     ] GC(448)   Garbage:         -               963M (47%)         329M (16%)          13M (1%)             -                  -          
[98.649s][info][gc,heap     ] GC(448) Reclaimed:         -                  -               634M (31%)         950M (46%)            -                  -          
[98.649s][info][gc          ] GC(448) Garbage Collection (Allocation Rate) 1016M(50%)->488M(24%)
[98.755s][info][gc,start    ] GC(449) Garbage Collection (Allocation Rate)
[98.755s][info][gc,task     ] GC(449) Using 3 workers
[98.755s][info][gc,phases   ] GC(449) Pause Mark Start 0.013ms
[98.822s][info][gc,phases   ] GC(449) Concurrent Mark 66.660ms
[98.823s][info][gc,phases   ] GC(449) Pause Mark End 0.023ms
[98.824s][info][gc,phases   ] GC(449) Concurrent Mark Free 0.001ms
[98.831s][info][gc,phases   ] GC(449) Concurrent Process Non-Strong References 7.079ms
[98.832s][info][gc,phases   ] GC(449) Concurrent Reset Relocation Set 0.043ms
[98.840s][info][gc,phases   ] GC(449) Concurrent Select Relocation Set 8.655ms
[98.840s][info][gc,phases   ] GC(449) Pause Relocate Start 0.008ms
[98.851s][info][gc,phases   ] GC(449) Concurrent Relocate 9.959ms
[98.851s][info][gc,load     ] GC(449) Load: 0.00/0.00/0.00
[98.851s][info][gc,mmu      ] GC(449) MMU: 2ms/98.1%, 5ms/99.2%, 10ms/99.5%, 20ms/99.8%, 50ms/99.8%, 100ms/99.9%
[98.851s][info][gc,marking  ] GC(449) Mark: 2 stripe(s), 2 proactive flush(es), 1 terminate flush(es), 0 completion(s), 0 continuation(s) 
[98.851s][info][gc,marking  ] GC(449) Mark Stack Usage: 32M
[98.851s][info][gc,nmethod  ] GC(449) NMethods: 4537 registered, 1056 unregistered
[98.851s][info][gc,metaspace] GC(449) Metaspace: 71M used, 72M committed, 1088M reserved
[98.851s][info][gc,ref      ] GC(449) Soft: 3837 encountered, 0 discovered, 0 enqueued
[98.851s][info][gc,ref      ] GC(449) Weak: 11426 encountered, 917 discovered, 0 enqueued
[98.851s][info][gc,ref      ] GC(449) Final: 289 encountered, 24 discovered, 0 enqueued
[98.851s][info][gc,ref      ] GC(449) Phantom: 425 encountered, 178 discovered, 0 enqueued
[98.851s][info][gc,reloc    ] GC(449) Small Pages: 512 / 1024M, Empty: 658M, Relocated: 6M, In-Place: 0
[98.851s][info][gc,reloc    ] GC(449) Medium Pages: 0 / 0M, Empty: 0M, Relocated: 0M, In-Place: 0
[98.851s][info][gc,reloc    ] GC(449) Large Pages: 0 / 0M, Empty: 0M, Relocated: 0M, In-Place: 0
[98.851s][info][gc,reloc    ] GC(449) Forwarding Usage: 2M
[98.851s][info][gc,heap     ] GC(449) Min Capacity: 8M(0%)
[98.851s][info][gc,heap     ] GC(449) Max Capacity: 2048M(100%)
[98.851s][info][gc,heap     ] GC(449) Soft Max Capacity: 2048M(100%)
[98.851s][info][gc,heap     ] GC(449)                Mark Start          Mark End        Relocate Start      Relocate End           High               Low         
[98.851s][info][gc,heap     ] GC(449)  Capacity:     2048M (100%)       2048M (100%)       2048M (100%)       2048M (100%)       2048M (100%)       2048M (100%)   
[98.851s][info][gc,heap     ] GC(449)      Free:     1024M (50%)         702M (34%)        1274M (62%)        1546M (75%)        1566M (76%)         660M (32%)    
[98.851s][info][gc,heap     ] GC(449)      Used:     1024M (50%)        1346M (66%)         774M (38%)         502M (25%)        1388M (68%)         482M (24%)    
[98.851s][info][gc,heap     ] GC(449)      Live:         -                52M (3%)           52M (3%)           52M (3%)             -                  -          
[98.851s][info][gc,heap     ] GC(449) Allocated:         -               322M (16%)         408M (20%)         434M (21%)            -                  -          
[98.851s][info][gc,heap     ] GC(449)   Garbage:         -               971M (47%)         313M (15%)          15M (1%)             -                  -          
[98.851s][info][gc,heap     ] GC(449) Reclaimed:         -                  -               658M (32%)         956M (47%)            -                  -          
[98.851s][info][gc          ] GC(449) Garbage Collection (Allocation Rate) 1024M(50%)->502M(25%)
[98.955s][info][gc,start    ] GC(450) Garbage Collection (Allocation Rate)
[98.955s][info][gc,task     ] GC(450) Using 3 workers
[98.955s][info][gc,phases   ] GC(450) Pause Mark Start 0.012ms
[99.021s][info][gc,phases   ] GC(450) Concurrent Mark 65.436ms
[99.021s][info][gc,phases   ] GC(450) Pause Mark End 0.025ms
[99.022s][info][gc,phases   ] GC(450) Concurrent Mark Free 0.002ms
[99.031s][info][gc,phases   ] GC(450) Concurrent Process Non-Strong References 9.324ms
[99.031s][info][gc,phases   ] GC(450) Concurrent Reset Relocation Set 0.051ms
[99.038s][info][gc,phases   ] GC(450) Concurrent Select Relocation Set 6.592ms
[99.038s][info][gc,phases   ] GC(450) Pause Relocate Start 0.008ms
[99.050s][info][gc,phases   ] GC(450) Concurrent Relocate 11.169ms
[99.050s][info][gc,load     ] GC(450) Load: 0.00/0.00/0.00
[99.050s][info][gc,mmu      ] GC(450) MMU: 2ms/98.1%, 5ms/99.2%, 10ms/99.5%, 20ms/99.8%, 50ms/99.8%, 100ms/99.9%
[99.050s][info][gc,marking  ] GC(450) Mark: 2 stripe(s), 2 proactive flush(es), 1 terminate flush(es), 0 completion(s), 0 continuation(s) 
[99.050s][info][gc,marking  ] GC(450) Mark Stack Usage: 32M
[99.050s][info][gc,nmethod  ] GC(450) NMethods: 4537 registered, 1056 unregistered
[99.050s][info][gc,metaspace] GC(450) Metaspace: 71M used, 72M committed, 1088M reserved
[99.050s][info][gc,ref      ] GC(450) Soft: 3837 encountered, 0 discovered, 0 enqueued
[99.050s][info][gc,ref      ] GC(450) Weak: 11426 encountered, 1597 discovered, 0 enqueued
[99.050s][info][gc,ref      ] GC(450) Final: 289 encountered, 9 discovered, 0 enqueued
[99.050s][info][gc,ref      ] GC(450) Phantom: 425 encountered, 326 discovered, 0 enqueued
[99.050s][info][gc,reloc    ] GC(450) Small Pages: 511 / 1022M, Empty: 646M, Relocated: 6M, In-Place: 0
[99.050s][info][gc,reloc    ] GC(450) Medium Pages: 0 / 0M, Empty: 0M, Relocated: 0M, In-Place: 0
[99.050s][info][gc,reloc    ] GC(450) Large Pages: 0 / 0M, Empty: 0M, Relocated: 0M, In-Place: 0
[99.050s][info][gc,reloc    ] GC(450) Forwarding Usage: 2M
[99.050s][info][gc,heap     ] GC(450) Min Capacity: 8M(0%)
[99.050s][info][gc,heap     ] GC(450) Max Capacity: 2048M(100%)
[99.050s][info][gc,heap     ] GC(450) Soft Max Capacity: 2048M(100%)
[99.050s][info][gc,heap     ] GC(450)                Mark Start          Mark End        Relocate Start      Relocate End           High               Low         
[99.050s][info][gc,heap     ] GC(450)  Capacity:     2048M (100%)       2048M (100%)       2048M (100%)       2048M (100%)       2048M (100%)       2048M (100%)   
[99.050s][info][gc,heap     ] GC(450)      Free:     1026M (50%)         708M (35%)        1274M (62%)        1554M (76%)        1576M (77%)         658M (32%)    
[99.050s][info][gc,heap     ] GC(450)      Used:     1022M (50%)        1340M (65%)         774M (38%)         494M (24%)        1390M (68%)         472M (23%)    
[99.050s][info][gc,heap     ] GC(450)      Live:         -                52M (3%)           52M (3%)           52M (3%)             -                  -          
[99.050s][info][gc,heap     ] GC(450) Allocated:         -               318M (16%)         398M (19%)         430M (21%)            -                  -          
[99.050s][info][gc,heap     ] GC(450)   Garbage:         -               969M (47%)         323M (16%)          11M (1%)             -                  -          
[99.050s][info][gc,heap     ] GC(450) Reclaimed:         -                  -               646M (32%)         958M (47%)            -                  -          
[99.050s][info][gc          ] GC(450) Garbage Collection (Allocation Rate) 1022M(50%)->494M(24%)
[99.155s][info][gc,start    ] GC(451) Garbage Collection (Allocation Rate)
[99.155s][info][gc,task     ] GC(451) Using 3 workers
[99.155s][info][gc,phases   ] GC(451) Pause Mark Start 0.010ms
[99.228s][info][gc,phases   ] GC(451) Concurrent Mark 72.065ms
[99.228s][info][gc,phases   ] GC(451) Pause Mark End 0.024ms
[99.229s][info][gc,phases   ] GC(451) Concurrent Mark Free 0.002ms
[99.238s][info][gc,phases   ] GC(451) Concurrent Process Non-Strong References 8.778ms
[99.238s][info][gc,phases   ] GC(451) Concurrent Reset Relocation Set 0.045ms
[99.245s][info][gc,phases   ] GC(451) Concurrent Select Relocation Set 7.009ms
[99.245s][info][gc,phases   ] GC(451) Pause Relocate Start 0.009ms
[99.256s][info][gc,phases   ] GC(451) Concurrent Relocate 10.191ms
[99.256s][info][gc,load     ] GC(451) Load: 0.00/0.00/0.00
[99.256s][info][gc,mmu      ] GC(451) MMU: 2ms/98.1%, 5ms/99.2%, 10ms/99.5%, 20ms/99.8%, 50ms/99.8%, 100ms/99.9%
[99.256s][info][gc,marking  ] GC(451) Mark: 2 stripe(s), 2 proactive flush(es), 1 terminate flush(es), 0 completion(s), 0 continuation(s) 
[99.256s][info][gc,marking  ] GC(451) Mark Stack Usage: 32M
[99.256s][info][gc,nmethod  ] GC(451) NMethods: 4537 registered, 1056 unregistered
[99.256s][info][gc,metaspace] GC(451) Metaspace: 71M used, 72M committed, 1088M reserved
[99.256s][info][gc,ref      ] GC(451) Soft: 3837 encountered, 0 discovered, 0 enqueued
[99.256s][info][gc,ref      ] GC(451) Weak: 11426 encountered, 1154 discovered, 0 enqueued
[99.256s][info][gc,ref      ] GC(451) Final: 289 encountered, 25 discovered, 0 enqueued
[99.256s][info][gc,ref      ] GC(451) Phantom: 425 encountered, 200 discovered, 0 enqueued
[99.256s][info][gc,reloc    ] GC(451) Small Pages: 495 / 990M, Empty: 604M, Relocated: 6M, In-Place: 0
[99.256s][info][gc,reloc    ] GC(451) Medium Pages: 0 / 0M, Empty: 0M, Relocated: 0M, In-Place: 0
[99.256s][info][gc,reloc    ] GC(451) Large Pages: 0 / 0M, Empty: 0M, Relocated: 0M, In-Place: 0
[99.256s][info][gc,reloc    ] GC(451) Forwarding Usage: 2M
[99.256s][info][gc,heap     ] GC(451) Min Capacity: 8M(0%)
[99.256s][info][gc,heap     ] GC(451) Max Capacity: 2048M(100%)
[99.256s][info][gc,heap     ] GC(451) Soft Max Capacity: 2048M(100%)
[99.256s][info][gc,heap     ] GC(451)                Mark Start          Mark End        Relocate Start      Relocate End           High               Low         
[99.256s][info][gc,heap     ] GC(451)  Capacity:     2048M (100%)       2048M (100%)       2048M (100%)       2048M (100%)       2048M (100%)       2048M (100%)   
[99.256s][info][gc,heap     ] GC(451)      Free:     1058M (52%)         738M (36%)        1272M (62%)        1568M (77%)        1584M (77%)         696M (34%)    
[99.256s][info][gc,heap     ] GC(451)      Used:      990M (48%)        1310M (64%)         776M (38%)         480M (23%)        1352M (66%)         464M (23%)    
[99.256s][info][gc,heap     ] GC(451)      Live:         -                52M (3%)           52M (3%)           52M (3%)             -                  -          
[99.256s][info][gc,heap     ] GC(451) Allocated:         -               320M (16%)         390M (19%)         416M (20%)            -                  -          
[99.256s][info][gc,heap     ] GC(451)   Garbage:         -               937M (46%)         333M (16%)          11M (1%)             -                  -          
[99.256s][info][gc,heap     ] GC(451) Reclaimed:         -                  -               604M (29%)         926M (45%)            -                  -          
[99.256s][info][gc          ] GC(451) Garbage Collection (Allocation Rate) 990M(48%)->480M(23%)
[99.354s][info][gc,start    ] GC(452) Garbage Collection (Allocation Rate)
[99.355s][info][gc,task     ] GC(452) Using 3 workers
[99.355s][info][gc,phases   ] GC(452) Pause Mark Start 0.010ms
[99.422s][info][gc,phases   ] GC(452) Concurrent Mark 67.091ms
[99.423s][info][gc,phases   ] GC(452) Pause Mark End 0.023ms
[99.424s][info][gc,phases   ] GC(452) Concurrent Mark Free 0.002ms
[99.430s][info][gc,phases   ] GC(452) Concurrent Process Non-Strong References 6.731ms
[99.431s][info][gc,phases   ] GC(452) Concurrent Reset Relocation Set 0.045ms
[99.439s][info][gc,phases   ] GC(452) Concurrent Select Relocation Set 8.592ms
[99.439s][info][gc,phases   ] GC(452) Pause Relocate Start 0.008ms
[99.452s][info][gc,phases   ] GC(452) Concurrent Relocate 11.783ms
[99.452s][info][gc,load     ] GC(452) Load: 0.00/0.00/0.00
[99.452s][info][gc,mmu      ] GC(452) MMU: 2ms/98.1%, 5ms/99.2%, 10ms/99.5%, 20ms/99.8%, 50ms/99.8%, 100ms/99.9%
[99.452s][info][gc,marking  ] GC(452) Mark: 2 stripe(s), 2 proactive flush(es), 1 terminate flush(es), 0 completion(s), 0 continuation(s) 
[99.452s][info][gc,marking  ] GC(452) Mark Stack Usage: 32M
[99.452s][info][gc,nmethod  ] GC(452) NMethods: 4537 registered, 1056 unregistered
[99.452s][info][gc,metaspace] GC(452) Metaspace: 71M used, 72M committed, 1088M reserved
[99.452s][info][gc,ref      ] GC(452) Soft: 3837 encountered, 0 discovered, 0 enqueued
[99.452s][info][gc,ref      ] GC(452) Weak: 11426 encountered, 1434 discovered, 0 enqueued
[99.452s][info][gc,ref      ] GC(452) Final: 289 encountered, 32 discovered, 0 enqueued
[99.452s][info][gc,ref      ] GC(452) Phantom: 425 encountered, 210 discovered, 0 enqueued
[99.452s][info][gc,reloc    ] GC(452) Small Pages: 472 / 944M, Empty: 536M, Relocated: 6M, In-Place: 0
[99.452s][info][gc,reloc    ] GC(452) Medium Pages: 0 / 0M, Empty: 0M, Relocated: 0M, In-Place: 0
[99.452s][info][gc,reloc    ] GC(452) Large Pages: 0 / 0M, Empty: 0M, Relocated: 0M, In-Place: 0
[99.452s][info][gc,reloc    ] GC(452) Forwarding Usage: 2M
[99.452s][info][gc,heap     ] GC(452) Min Capacity: 8M(0%)
[99.452s][info][gc,heap     ] GC(452) Max Capacity: 2048M(100%)
[99.452s][info][gc,heap     ] GC(452) Soft Max Capacity: 2048M(100%)
[99.452s][info][gc,heap     ] GC(452)                Mark Start          Mark End        Relocate Start      Relocate End           High               Low         
[99.452s][info][gc,heap     ] GC(452)  Capacity:     2048M (100%)       2048M (100%)       2048M (100%)       2048M (100%)       2048M (100%)       2048M (100%)   
[99.452s][info][gc,heap     ] GC(452)      Free:     1104M (54%)         794M (39%)        1258M (61%)        1566M (76%)        1590M (78%)         760M (37%)    
[99.452s][info][gc,heap     ] GC(452)      Used:      944M (46%)        1254M (61%)         790M (39%)         482M (24%)        1288M (63%)         458M (22%)    
[99.452s][info][gc,heap     ] GC(452)      Live:         -                52M (3%)           52M (3%)           52M (3%)             -                  -          
[99.452s][info][gc,heap     ] GC(452) Allocated:         -               310M (15%)         382M (19%)         416M (20%)            -                  -          
[99.452s][info][gc,heap     ] GC(452)   Garbage:         -               891M (44%)         355M (17%)          13M (1%)             -                  -          
[99.452s][info][gc,heap     ] GC(452) Reclaimed:         -                  -               536M (26%)         878M (43%)            -                  -          
[99.452s][info][gc          ] GC(452) Garbage Collection (Allocation Rate) 944M(46%)->482M(24%)
[99.554s][info][gc,start    ] GC(453) Garbage Collection (Allocation Rate)
[99.554s][info][gc,task     ] GC(453) Using 3 workers
[99.554s][info][gc,phases   ] GC(453) Pause Mark Start 0.013ms
[99.621s][info][gc,phases   ] GC(453) Concurrent Mark 66.304ms
[99.621s][info][gc,phases   ] GC(453) Pause Mark End 0.021ms
[99.623s][info][gc,phases   ] GC(453) Concurrent Mark Free 0.002ms
[99.631s][info][gc,phases   ] GC(453) Concurrent Process Non-Strong References 7.411ms
[99.631s][info][gc,phases   ] GC(453) Concurrent Reset Relocation Set 0.045ms
[99.636s][info][gc,phases   ] GC(453) Concurrent Select Relocation Set 5.027ms
[99.636s][info][gc,phases   ] GC(453) Pause Relocate Start 0.009ms
[99.647s][info][gc,phases   ] GC(453) Concurrent Relocate 10.852ms
[99.648s][info][gc,load     ] GC(453) Load: 0.00/0.00/0.00
[99.648s][info][gc,mmu      ] GC(453) MMU: 2ms/98.1%, 5ms/99.2%, 10ms/99.5%, 20ms/99.8%, 50ms/99.8%, 100ms/99.9%
[99.648s][info][gc,marking  ] GC(453) Mark: 2 stripe(s), 2 proactive flush(es), 1 terminate flush(es), 0 completion(s), 0 continuation(s) 
[99.648s][info][gc,marking  ] GC(453) Mark Stack Usage: 32M
[99.648s][info][gc,nmethod  ] GC(453) NMethods: 4537 registered, 1056 unregistered
[99.648s][info][gc,metaspace] GC(453) Metaspace: 71M used, 72M committed, 1088M reserved
[99.648s][info][gc,ref      ] GC(453) Soft: 3837 encountered, 0 discovered, 0 enqueued
[99.648s][info][gc,ref      ] GC(453) Weak: 11426 encountered, 1254 discovered, 0 enqueued
[99.648s][info][gc,ref      ] GC(453) Final: 289 encountered, 37 discovered, 0 enqueued
[99.648s][info][gc,ref      ] GC(453) Phantom: 425 encountered, 280 discovered, 0 enqueued
[99.648s][info][gc,reloc    ] GC(453) Small Pages: 492 / 984M, Empty: 600M, Relocated: 6M, In-Place: 0
[99.648s][info][gc,reloc    ] GC(453) Medium Pages: 0 / 0M, Empty: 0M, Relocated: 0M, In-Place: 0
[99.648s][info][gc,reloc    ] GC(453) Large Pages: 0 / 0M, Empty: 0M, Relocated: 0M, In-Place: 0
[99.648s][info][gc,reloc    ] GC(453) Forwarding Usage: 2M
[99.648s][info][gc,heap     ] GC(453) Min Capacity: 8M(0%)
[99.648s][info][gc,heap     ] GC(453) Max Capacity: 2048M(100%)
[99.648s][info][gc,heap     ] GC(453) Soft Max Capacity: 2048M(100%)
[99.648s][info][gc,heap     ] GC(453)                Mark Start          Mark End        Relocate Start      Relocate End           High               Low         
[99.648s][info][gc,heap     ] GC(453)  Capacity:     2048M (100%)       2048M (100%)       2048M (100%)       2048M (100%)       2048M (100%)       2048M (100%)   
[99.648s][info][gc,heap     ] GC(453)      Free:     1064M (52%)         752M (37%)        1284M (63%)        1572M (77%)        1592M (78%)         704M (34%)    
[99.648s][info][gc,heap     ] GC(453)      Used:      984M (48%)        1296M (63%)         764M (37%)         476M (23%)        1344M (66%)         456M (22%)    
[99.648s][info][gc,heap     ] GC(453)      Live:         -                52M (3%)           52M (3%)           52M (3%)             -                  -          
[99.648s][info][gc,heap     ] GC(453) Allocated:         -               312M (15%)         380M (19%)         410M (20%)            -                  -          
[99.648s][info][gc,heap     ] GC(453)   Garbage:         -               931M (45%)         331M (16%)          13M (1%)             -                  -          
[99.648s][info][gc,heap     ] GC(453) Reclaimed:         -                  -               600M (29%)         918M (45%)            -                  -          
[99.648s][info][gc          ] GC(453) Garbage Collection (Allocation Rate) 984M(48%)->476M(23%)
[99.755s][info][gc,start    ] GC(454) Garbage Collection (Allocation Rate)
[99.755s][info][gc,task     ] GC(454) Using 3 workers
[99.755s][info][gc,phases   ] GC(454) Pause Mark Start 0.010ms
[99.822s][info][gc,phases   ] GC(454) Concurrent Mark 66.265ms
[99.822s][info][gc,phases   ] GC(454) Pause Mark End 0.023ms
[99.823s][info][gc,phases   ] GC(454) Concurrent Mark Free 0.001ms
[99.830s][info][gc,phases   ] GC(454) Concurrent Process Non-Strong References 6.741ms
[99.830s][info][gc,phases   ] GC(454) Concurrent Reset Relocation Set 0.052ms
[99.835s][info][gc,phases   ] GC(454) Concurrent Select Relocation Set 5.075ms
[99.835s][info][gc,phases   ] GC(454) Pause Relocate Start 0.008ms
[99.846s][info][gc,phases   ] GC(454) Concurrent Relocate 10.191ms
[99.846s][info][gc,load     ] GC(454) Load: 0.00/0.00/0.00
[99.846s][info][gc,mmu      ] GC(454) MMU: 2ms/98.1%, 5ms/99.2%, 10ms/99.5%, 20ms/99.8%, 50ms/99.8%, 100ms/99.9%
[99.846s][info][gc,marking  ] GC(454) Mark: 2 stripe(s), 2 proactive flush(es), 1 terminate flush(es), 0 completion(s), 0 continuation(s) 
[99.846s][info][gc,marking  ] GC(454) Mark Stack Usage: 32M
[99.846s][info][gc,nmethod  ] GC(454) NMethods: 4537 registered, 1056 unregistered
[99.846s][info][gc,metaspace] GC(454) Metaspace: 71M used, 72M committed, 1088M reserved
[99.846s][info][gc,ref      ] GC(454) Soft: 3837 encountered, 0 discovered, 0 enqueued
[99.846s][info][gc,ref      ] GC(454) Weak: 11426 encountered, 1406 discovered, 0 enqueued
[99.846s][info][gc,ref      ] GC(454) Final: 289 encountered, 36 discovered, 0 enqueued
[99.846s][info][gc,ref      ] GC(454) Phantom: 425 encountered, 249 discovered, 0 enqueued
[99.846s][info][gc,reloc    ] GC(454) Small Pages: 505 / 1010M, Empty: 628M, Relocated: 6M, In-Place: 0
[99.846s][info][gc,reloc    ] GC(454) Medium Pages: 0 / 0M, Empty: 0M, Relocated: 0M, In-Place: 0
[99.846s][info][gc,reloc    ] GC(454) Large Pages: 0 / 0M, Empty: 0M, Relocated: 0M, In-Place: 0
[99.846s][info][gc,reloc    ] GC(454) Forwarding Usage: 2M
[99.846s][info][gc,heap     ] GC(454) Min Capacity: 8M(0%)
[99.846s][info][gc,heap     ] GC(454) Max Capacity: 2048M(100%)
[99.846s][info][gc,heap     ] GC(454) Soft Max Capacity: 2048M(100%)
[99.846s][info][gc,heap     ] GC(454)                Mark Start          Mark End        Relocate Start      Relocate End           High               Low         
[99.846s][info][gc,heap     ] GC(454)  Capacity:     2048M (100%)       2048M (100%)       2048M (100%)       2048M (100%)       2048M (100%)       2048M (100%)   
[99.846s][info][gc,heap     ] GC(454)      Free:     1038M (51%)         722M (35%)        1292M (63%)        1578M (77%)        1598M (78%)         688M (34%)    
[99.846s][info][gc,heap     ] GC(454)      Used:     1010M (49%)        1326M (65%)         756M (37%)         470M (23%)        1360M (66%)         450M (22%)    
[99.846s][info][gc,heap     ] GC(454)      Live:         -                52M (3%)           52M (3%)           52M (3%)             -                  -          
[99.846s][info][gc,heap     ] GC(454) Allocated:         -               316M (15%)         374M (18%)         404M (20%)            -                  -          
[99.846s][info][gc,heap     ] GC(454)   Garbage:         -               957M (47%)         329M (16%)          13M (1%)             -                  -          
[99.846s][info][gc,heap     ] GC(454) Reclaimed:         -                  -               628M (31%)         944M (46%)            -                  -          
[99.847s][info][gc          ] GC(454) Garbage Collection (Allocation Rate) 1010M(49%)->470M(23%)
[99.955s][info][gc,start    ] GC(455) Garbage Collection (Allocation Rate)
[99.955s][info][gc,task     ] GC(455) Using 3 workers
[99.955s][info][gc,phases   ] GC(455) Pause Mark Start 0.011ms
[100.021s][info][gc,phases   ] GC(455) Concurrent Mark 65.976ms
[100.022s][info][gc,phases   ] GC(455) Pause Mark End 0.029ms
[100.022s][info][gc,phases   ] GC(455) Concurrent Mark Free 0.001ms
[100.029s][info][gc,phases   ] GC(455) Concurrent Process Non-Strong References 6.621ms
[100.029s][info][gc,phases   ] GC(455) Concurrent Reset Relocation Set 0.044ms
[100.038s][info][gc,phases   ] GC(455) Concurrent Select Relocation Set 8.961ms
[100.038s][info][gc,phases   ] GC(455) Pause Relocate Start 0.008ms
[100.049s][info][gc,phases   ] GC(455) Concurrent Relocate 10.502ms
[100.049s][info][gc,load     ] GC(455) Load: 0.00/0.00/0.00
[100.049s][info][gc,mmu      ] GC(455) MMU: 2ms/98.1%, 5ms/99.2%, 10ms/99.5%, 20ms/99.8%, 50ms/99.8%, 100ms/99.9%
[100.049s][info][gc,marking  ] GC(455) Mark: 2 stripe(s), 2 proactive flush(es), 1 terminate flush(es), 0 completion(s), 0 continuation(s) 
[100.049s][info][gc,marking  ] GC(455) Mark Stack Usage: 32M
[100.049s][info][gc,nmethod  ] GC(455) NMethods: 4538 registered, 1056 unregistered
[100.049s][info][gc,metaspace] GC(455) Metaspace: 71M used, 72M committed, 1088M reserved
[100.050s][info][gc,ref      ] GC(455) Soft: 3837 encountered, 0 discovered, 0 enqueued
[100.050s][info][gc,ref      ] GC(455) Weak: 11432 encountered, 1157 discovered, 0 enqueued
[100.050s][info][gc,ref      ] GC(455) Final: 289 encountered, 22 discovered, 0 enqueued
[100.050s][info][gc,ref      ] GC(455) Phantom: 425 encountered, 205 discovered, 0 enqueued
[100.050s][info][gc,reloc    ] GC(455) Small Pages: 508 / 1016M, Empty: 610M, Relocated: 6M, In-Place: 0
[100.050s][info][gc,reloc    ] GC(455) Medium Pages: 0 / 0M, Empty: 0M, Relocated: 0M, In-Place: 0
[100.050s][info][gc,reloc    ] GC(455) Large Pages: 0 / 0M, Empty: 0M, Relocated: 0M, In-Place: 0
[100.050s][info][gc,reloc    ] GC(455) Forwarding Usage: 2M
[100.050s][info][gc,heap     ] GC(455) Min Capacity: 8M(0%)
[100.050s][info][gc,heap     ] GC(455) Max Capacity: 2048M(100%)
[100.050s][info][gc,heap     ] GC(455) Soft Max Capacity: 2048M(100%)
[100.050s][info][gc,heap     ] GC(455)                Mark Start          Mark End        Relocate Start      Relocate End           High               Low         
[100.050s][info][gc,heap     ] GC(455)  Capacity:     2048M (100%)       2048M (100%)       2048M (100%)       2048M (100%)       2048M (100%)       2048M (100%)   
[100.050s][info][gc,heap     ] GC(455)      Free:     1032M (50%)         712M (35%)        1248M (61%)        1560M (76%)        1580M (77%)         680M (33%)    
[100.050s][info][gc,heap     ] GC(455)      Used:     1016M (50%)        1336M (65%)         800M (39%)         488M (24%)        1368M (67%)         468M (23%)    
[100.050s][info][gc,heap     ] GC(455)      Live:         -                52M (3%)           52M (3%)           52M (3%)             -                  -          
[100.050s][info][gc,heap     ] GC(455) Allocated:         -               320M (16%)         394M (19%)         422M (21%)            -                  -          
[100.050s][info][gc,heap     ] GC(455)   Garbage:         -               963M (47%)         353M (17%)          13M (1%)             -                  -          
[100.050s][info][gc,heap     ] GC(455) Reclaimed:         -                  -               610M (30%)         950M (46%)            -                  -          
[100.050s][info][gc          ] GC(455) Garbage Collection (Allocation Rate) 1016M(50%)->488M(24%)
[100.154s][info][gc,start    ] GC(456) Garbage Collection (Allocation Rate)
[100.154s][info][gc,stats    ] === Garbage Collection Statistics =======================================================================================================================
[100.154s][info][gc,task     ] GC(456) Using 3 workers
[100.154s][info][gc,stats    ]                                                              Last 10s              Last 10m              Last 10h                Total
[100.154s][info][gc,stats    ]                                                              Avg / Max             Avg / Max             Avg / Max             Avg / Max
[100.155s][info][gc,stats    ]   Collector: Garbage Collection Cycle                     72.901 / 136.597      74.882 / 318.332      74.882 / 318.332      74.882 / 318.332     ms
[100.155s][info][gc,stats    ]  Contention: Mark Segment Reset Contention                    13 / 28               12 / 78               12 / 78               12 / 78          ops/s
[100.155s][info][gc,stats    ]  Contention: Mark SeqNum Reset Contention                      2 / 8                 1 / 11                1 / 11                1 / 11          ops/s
[100.155s][info][gc,stats    ]    Critical: Allocation Stall                                  0 / 0                 0 / 0                 0 / 0                 0 / 0           ops/s
[100.155s][info][gc,stats    ]    Critical: Allocation Stall                              0.000 / 0.000         0.000 / 0.000         0.000 / 0.000         0.000 / 0.000       ms
[100.155s][info][gc,phases   ] GC(456) Pause Mark Start 0.014ms
[100.155s][info][gc,stats    ]    Critical: GC Locker Stall                                   0 / 0                 0 / 0                 0 / 0                 0 / 0           ops/s
[100.155s][info][gc,stats    ]    Critical: GC Locker Stall                               0.000 / 0.000         0.000 / 0.000         0.000 / 0.000         0.000 / 0.000       ms
[100.155s][info][gc,stats    ]    Critical: Relocation Stall                                  0 / 0                 0 / 0                 0 / 0                 0 / 0           ops/s
[100.155s][info][gc,stats    ]    Critical: Relocation Stall                              0.000 / 0.000         0.000 / 0.000         0.000 / 0.000         0.000 / 0.000       ms
[100.155s][info][gc,stats    ]      Memory: Allocation Rate                                5072 / 6044           4266 / 6096           4266 / 6096           4266 / 6096        MB/s
[100.155s][info][gc,stats    ]      Memory: Defragment                                        0 / 0                 0 / 0                 0 / 0                 0 / 0           ops/s
[100.155s][info][gc,stats    ]      Memory: Out Of Memory                                     0 / 0                 0 / 0                 0 / 0                 0 / 0           ops/s
[100.155s][info][gc,stats    ]      Memory: Page Cache Flush                                  0 / 0                 0 / 0                 0 / 0                 0 / 0           MB/s
[100.155s][info][gc,stats    ]      Memory: Page Cache Hit L1                              2561 / 3038           2147 / 3102           2147 / 3102           2147 / 3102        ops/s
[100.155s][info][gc,stats    ]      Memory: Page Cache Hit L2                                 0 / 0                 0 / 0                 0 / 0                 0 / 0           ops/s
[100.155s][info][gc,stats    ]      Memory: Page Cache Hit L3                                 0 / 0                 9 / 257               9 / 257               9 / 257         ops/s
[100.155s][info][gc,stats    ]      Memory: Page Cache Miss                                   0 / 0                 0 / 1                 0 / 1                 0 / 1           ops/s
[100.155s][info][gc,stats    ]      Memory: Uncommit                                          0 / 0                 0 / 0                 0 / 0                 0 / 0           MB/s
[100.155s][info][gc,stats    ]      Memory: Undo Object Allocation Failed                   855 / 1748            582 / 2041            582 / 2041            582 / 2041        ops/s
[100.155s][info][gc,stats    ]      Memory: Undo Object Allocation Succeeded                 34 / 111              35 / 290              35 / 290              35 / 290         ops/s
[100.155s][info][gc,stats    ]      Memory: Undo Page Allocation                            458 / 636             375 / 670             375 / 670             375 / 670         ops/s
[100.155s][info][gc,stats    ]       Phase: Concurrent Mark                              49.224 / 73.186       49.787 / 127.968      49.787 / 127.968      49.787 / 127.968     ms
[100.155s][info][gc,stats    ]       Phase: Concurrent Mark Continue                      0.000 / 0.000         0.000 / 0.000         0.000 / 0.000         0.000 / 0.000       ms
[100.155s][info][gc,stats    ]       Phase: Concurrent Mark Free                          0.001 / 0.006         0.001 / 0.006         0.001 / 0.006         0.001 / 0.006       ms
[100.155s][info][gc,stats    ]       Phase: Concurrent Process Non-Strong References      5.555 / 9.324         6.781 / 55.543        6.781 / 55.543        6.781 / 55.543      ms
[100.155s][info][gc,stats    ]       Phase: Concurrent Relocate                           7.713 / 13.198        6.932 / 14.214        6.932 / 14.214        6.932 / 14.214      ms
[100.155s][info][gc,stats    ]       Phase: Concurrent Reset Relocation Set               0.038 / 0.063         0.037 / 0.073         0.037 / 0.073         0.037 / 0.073       ms
[100.155s][info][gc,stats    ]       Phase: Concurrent Select Relocation Set              6.181 / 10.752        6.383 / 19.328        6.383 / 19.328        6.383 / 19.328      ms
[100.155s][info][gc,stats    ]       Phase: Pause Mark End                                0.024 / 0.033         0.024 / 0.039         0.024 / 0.039         0.024 / 0.039       ms
[100.155s][info][gc,stats    ]       Phase: Pause Mark Start                              0.011 / 0.014         0.011 / 0.021         0.011 / 0.021         0.011 / 0.021       ms
[100.155s][info][gc,stats    ]       Phase: Pause Relocate Start                          0.008 / 0.017         0.008 / 0.017         0.008 / 0.017         0.008 / 0.017       ms
[100.155s][info][gc,stats    ]    Subphase: Concurrent Classes Purge                      0.029 / 0.699         0.194 / 23.488        0.194 / 23.488        0.194 / 23.488      ms
[100.155s][info][gc,stats    ]    Subphase: Concurrent Classes Unlink                     3.744 / 5.823         4.878 / 53.357        4.878 / 53.357        4.878 / 53.357      ms
[100.155s][info][gc,stats    ]    Subphase: Concurrent Mark                              38.425 / 68.662       36.200 / 119.393      36.200 / 119.393      36.200 / 119.393     ms
[100.155s][info][gc,stats    ]    Subphase: Concurrent Mark Try Flush                     0.699 / 6.364         0.865 / 33.018        0.865 / 33.018        0.865 / 33.018      ms
[100.155s][info][gc,stats    ]    Subphase: Concurrent Mark Try Terminate                 1.287 / 2.899         1.496 / 15.075        1.496 / 15.075        1.496 / 15.075      ms
[100.155s][info][gc,stats    ]    Subphase: Concurrent References Enqueue                 0.001 / 0.008         0.002 / 0.014         0.002 / 0.014         0.002 / 0.014       ms
[100.155s][info][gc,stats    ]    Subphase: Concurrent References Process                 0.210 / 0.493         0.210 / 1.049         0.210 / 1.049         0.210 / 1.049       ms
[100.155s][info][gc,stats    ]    Subphase: Concurrent Roots ClassLoaderDataGraph         0.106 / 0.487         0.095 / 0.889         0.095 / 0.889         0.095 / 0.889       ms
[100.155s][info][gc,stats    ]    Subphase: Concurrent Roots CodeCache                    0.000 / 0.000         0.000 / 0.000         0.000 / 0.000         0.000 / 0.000       ms
[100.155s][info][gc,stats    ]    Subphase: Concurrent Roots JavaThreads                  3.784 / 9.334         4.462 / 39.863        4.462 / 39.863        4.462 / 39.863      ms
[100.155s][info][gc,stats    ]    Subphase: Concurrent Roots OopStorageSet                0.051 / 0.094         0.047 / 0.928         0.047 / 0.928         0.047 / 0.928       ms
[100.155s][info][gc,stats    ]    Subphase: Concurrent Weak Roots OopStorageSet           0.701 / 1.428         0.612 / 3.828         0.612 / 3.828         0.612 / 3.828       ms
[100.155s][info][gc,stats    ]    Subphase: Pause Mark Try Complete                       0.000 / 0.000         0.002 / 0.003         0.002 / 0.003         0.002 / 0.003       ms
[100.155s][info][gc,stats    ]      System: Java Threads                                    220 / 232             199 / 232             199 / 232             199 / 232         threads
[100.155s][info][gc,stats    ] =========================================================================================================================================================
[100.225s][info][gc,phases   ] GC(456) Concurrent Mark 70.190ms
[100.225s][info][gc,phases   ] GC(456) Pause Mark End 0.024ms
[100.226s][info][gc,phases   ] GC(456) Concurrent Mark Free 0.001ms
[100.233s][info][gc,phases   ] GC(456) Concurrent Process Non-Strong References 7.202ms
[100.233s][info][gc,phases   ] GC(456) Concurrent Reset Relocation Set 0.050ms
[100.239s][info][gc,phases   ] GC(456) Concurrent Select Relocation Set 5.186ms
[100.239s][info][gc,phases   ] GC(456) Pause Relocate Start 0.009ms
[100.250s][info][gc,phases   ] GC(456) Concurrent Relocate 11.137ms
[100.250s][info][gc,load     ] GC(456) Load: 0.00/0.00/0.00
[100.250s][info][gc,mmu      ] GC(456) MMU: 2ms/98.1%, 5ms/99.2%, 10ms/99.5%, 20ms/99.8%, 50ms/99.8%, 100ms/99.9%
[100.250s][info][gc,marking  ] GC(456) Mark: 2 stripe(s), 2 proactive flush(es), 1 terminate flush(es), 0 completion(s), 0 continuation(s) 
[100.250s][info][gc,marking  ] GC(456) Mark Stack Usage: 32M
[100.250s][info][gc,nmethod  ] GC(456) NMethods: 4537 registered, 1058 unregistered
[100.250s][info][gc,metaspace] GC(456) Metaspace: 71M used, 72M committed, 1088M reserved
[100.250s][info][gc,ref      ] GC(456) Soft: 3837 encountered, 0 discovered, 0 enqueued
[100.250s][info][gc,ref      ] GC(456) Weak: 11318 encountered, 1047 discovered, 25 enqueued
[100.250s][info][gc,ref      ] GC(456) Final: 289 encountered, 31 discovered, 0 enqueued
[100.250s][info][gc,ref      ] GC(456) Phantom: 425 encountered, 209 discovered, 0 enqueued
[100.251s][info][gc,reloc    ] GC(456) Small Pages: 503 / 1006M, Empty: 594M, Relocated: 6M, In-Place: 0
[100.251s][info][gc,reloc    ] GC(456) Medium Pages: 0 / 0M, Empty: 0M, Relocated: 0M, In-Place: 0
[100.251s][info][gc,reloc    ] GC(456) Large Pages: 0 / 0M, Empty: 0M, Relocated: 0M, In-Place: 0
[100.251s][info][gc,reloc    ] GC(456) Forwarding Usage: 2M
[100.251s][info][gc,heap     ] GC(456) Min Capacity: 8M(0%)
[100.251s][info][gc,heap     ] GC(456) Max Capacity: 2048M(100%)
[100.251s][info][gc,heap     ] GC(456) Soft Max Capacity: 2048M(100%)
[100.251s][info][gc,heap     ] GC(456)                Mark Start          Mark End        Relocate Start      Relocate End           High               Low         
[100.251s][info][gc,heap     ] GC(456)  Capacity:     2048M (100%)       2048M (100%)       2048M (100%)       2048M (100%)       2048M (100%)       2048M (100%)   
[100.251s][info][gc,heap     ] GC(456)      Free:     1042M (51%)         710M (35%)        1242M (61%)        1558M (76%)        1580M (77%)         674M (33%)    
[100.251s][info][gc,heap     ] GC(456)      Used:     1006M (49%)        1338M (65%)         806M (39%)         490M (24%)        1374M (67%)         468M (23%)    
[100.251s][info][gc,heap     ] GC(456)      Live:         -                52M (3%)           52M (3%)           52M (3%)             -                  -          
[100.251s][info][gc,heap     ] GC(456) Allocated:         -               332M (16%)         394M (19%)         424M (21%)            -                  -          
[100.251s][info][gc,heap     ] GC(456)   Garbage:         -               953M (47%)         359M (18%)          13M (1%)             -                  -          
[100.251s][info][gc,heap     ] GC(456) Reclaimed:         -                  -               594M (29%)         940M (46%)            -                  -          
[100.251s][info][gc          ] GC(456) Garbage Collection (Allocation Rate) 1006M(49%)->490M(24%)
[100.355s][info][gc,start    ] GC(457) Garbage Collection (Allocation Rate)
[100.355s][info][gc,task     ] GC(457) Using 3 workers
[100.355s][info][gc,phases   ] GC(457) Pause Mark Start 0.009ms
[100.415s][info][gc,phases   ] GC(457) Concurrent Mark 59.257ms
[100.415s][info][gc,phases   ] GC(457) Pause Mark End 0.023ms
[100.415s][info][gc,phases   ] GC(457) Concurrent Mark Free 0.002ms
[100.422s][info][gc,phases   ] GC(457) Concurrent Process Non-Strong References 6.708ms
[100.422s][info][gc,phases   ] GC(457) Concurrent Reset Relocation Set 0.056ms
[100.429s][info][gc,phases   ] GC(457) Concurrent Select Relocation Set 6.597ms
[100.429s][info][gc,phases   ] GC(457) Pause Relocate Start 0.009ms
[100.437s][info][gc,phases   ] GC(457) Concurrent Relocate 8.135ms
[100.437s][info][gc,load     ] GC(457) Load: 0.00/0.00/0.00
[100.437s][info][gc,mmu      ] GC(457) MMU: 2ms/98.1%, 5ms/99.2%, 10ms/99.5%, 20ms/99.8%, 50ms/99.8%, 100ms/99.9%
[100.437s][info][gc,marking  ] GC(457) Mark: 2 stripe(s), 2 proactive flush(es), 1 terminate flush(es), 0 completion(s), 0 continuation(s) 
[100.437s][info][gc,marking  ] GC(457) Mark Stack Usage: 32M
[100.437s][info][gc,nmethod  ] GC(457) NMethods: 4537 registered, 1059 unregistered
[100.437s][info][gc,metaspace] GC(457) Metaspace: 71M used, 72M committed, 1088M reserved
[100.437s][info][gc,ref      ] GC(457) Soft: 3837 encountered, 0 discovered, 0 enqueued
[100.437s][info][gc,ref      ] GC(457) Weak: 11081 encountered, 1360 discovered, 54 enqueued
[100.437s][info][gc,ref      ] GC(457) Final: 289 encountered, 38 discovered, 0 enqueued
[100.437s][info][gc,ref      ] GC(457) Phantom: 425 encountered, 203 discovered, 0 enqueued
[100.437s][info][gc,reloc    ] GC(457) Small Pages: 490 / 980M, Empty: 554M, Relocated: 4M, In-Place: 0
[100.437s][info][gc,reloc    ] GC(457) Medium Pages: 0 / 0M, Empty: 0M, Relocated: 0M, In-Place: 0
[100.437s][info][gc,reloc    ] GC(457) Large Pages: 0 / 0M, Empty: 0M, Relocated: 0M, In-Place: 0
[100.438s][info][gc,reloc    ] GC(457) Forwarding Usage: 1M
[100.438s][info][gc,heap     ] GC(457) Min Capacity: 8M(0%)
[100.438s][info][gc,heap     ] GC(457) Max Capacity: 2048M(100%)
[100.438s][info][gc,heap     ] GC(457) Soft Max Capacity: 2048M(100%)
[100.438s][info][gc,heap     ] GC(457)                Mark Start          Mark End        Relocate Start      Relocate End           High               Low         
[100.438s][info][gc,heap     ] GC(457)  Capacity:     2048M (100%)       2048M (100%)       2048M (100%)       2048M (100%)       2048M (100%)       2048M (100%)   
[100.438s][info][gc,heap     ] GC(457)      Free:     1068M (52%)         794M (39%)        1290M (63%)        1628M (79%)        1640M (80%)         760M (37%)    
[100.438s][info][gc,heap     ] GC(457)      Used:      980M (48%)        1254M (61%)         758M (37%)         420M (21%)        1288M (63%)         408M (20%)    
[100.438s][info][gc,heap     ] GC(457)      Live:         -                51M (3%)           51M (3%)           51M (3%)             -                  -          
[100.438s][info][gc,heap     ] GC(457) Allocated:         -               274M (13%)         332M (16%)         354M (17%)            -                  -          
[100.438s][info][gc,heap     ] GC(457)   Garbage:         -               928M (45%)         374M (18%)          13M (1%)             -                  -          
[100.438s][info][gc,heap     ] GC(457) Reclaimed:         -                  -               554M (27%)         914M (45%)            -                  -          
[100.438s][info][gc          ] GC(457) Garbage Collection (Allocation Rate) 980M(48%)->420M(21%)
[100.555s][info][gc,start    ] GC(458) Garbage Collection (Allocation Rate)
[100.555s][info][gc,task     ] GC(458) Using 3 workers
[100.555s][info][gc,phases   ] GC(458) Pause Mark Start 0.012ms
[100.616s][info][gc,phases   ] GC(458) Concurrent Mark 61.394ms
[100.617s][info][gc,phases   ] GC(458) Pause Mark End 0.022ms
[100.617s][info][gc,phases   ] GC(458) Concurrent Mark Free 0.001ms
[100.624s][info][gc,phases   ] GC(458) Concurrent Process Non-Strong References 7.137ms
[100.624s][info][gc,phases   ] GC(458) Concurrent Reset Relocation Set 0.046ms
[100.629s][info][gc,phases   ] GC(458) Concurrent Select Relocation Set 5.326ms
[100.630s][info][gc,phases   ] GC(458) Pause Relocate Start 0.008ms
[100.640s][info][gc,phases   ] GC(458) Concurrent Relocate 10.171ms
[100.640s][info][gc,load     ] GC(458) Load: 0.00/0.00/0.00
[100.640s][info][gc,mmu      ] GC(458) MMU: 2ms/98.1%, 5ms/99.2%, 10ms/99.5%, 20ms/99.8%, 50ms/99.8%, 100ms/99.9%
[100.640s][info][gc,marking  ] GC(458) Mark: 2 stripe(s), 2 proactive flush(es), 1 terminate flush(es), 0 completion(s), 0 continuation(s) 
[100.640s][info][gc,marking  ] GC(458) Mark Stack Usage: 32M
[100.640s][info][gc,nmethod  ] GC(458) NMethods: 4537 registered, 1059 unregistered
[100.640s][info][gc,metaspace] GC(458) Metaspace: 71M used, 72M committed, 1088M reserved
[100.640s][info][gc,ref      ] GC(458) Soft: 3837 encountered, 0 discovered, 0 enqueued
[100.640s][info][gc,ref      ] GC(458) Weak: 10974 encountered, 452 discovered, 12 enqueued
[100.640s][info][gc,ref      ] GC(458) Final: 289 encountered, 24 discovered, 0 enqueued
[100.640s][info][gc,ref      ] GC(458) Phantom: 425 encountered, 183 discovered, 0 enqueued
[100.640s][info][gc,reloc    ] GC(458) Small Pages: 477 / 954M, Empty: 704M, Relocated: 4M, In-Place: 0
[100.640s][info][gc,reloc    ] GC(458) Medium Pages: 0 / 0M, Empty: 0M, Relocated: 0M, In-Place: 0
[100.640s][info][gc,reloc    ] GC(458) Large Pages: 0 / 0M, Empty: 0M, Relocated: 0M, In-Place: 0
[100.640s][info][gc,reloc    ] GC(458) Forwarding Usage: 1M
[100.640s][info][gc,heap     ] GC(458) Min Capacity: 8M(0%)
[100.640s][info][gc,heap     ] GC(458) Max Capacity: 2048M(100%)
[100.640s][info][gc,heap     ] GC(458) Soft Max Capacity: 2048M(100%)
[100.640s][info][gc,heap     ] GC(458)                Mark Start          Mark End        Relocate Start      Relocate End           High               Low         
[100.640s][info][gc,heap     ] GC(458)  Capacity:     2048M (100%)       2048M (100%)       2048M (100%)       2048M (100%)       2048M (100%)       2048M (100%)   
[100.640s][info][gc,heap     ] GC(458)      Free:     1094M (53%)         814M (40%)        1464M (71%)        1618M (79%)        1644M (80%)         784M (38%)    
[100.640s][info][gc,heap     ] GC(458)      Used:      954M (47%)        1234M (60%)         584M (29%)         430M (21%)        1264M (62%)         404M (20%)    
[100.640s][info][gc,heap     ] GC(458)      Live:         -                51M (3%)           51M (3%)           51M (3%)             -                  -          
[100.640s][info][gc,heap     ] GC(458) Allocated:         -               280M (14%)         334M (16%)         364M (18%)            -                  -          
[100.640s][info][gc,heap     ] GC(458)   Garbage:         -               902M (44%)         198M (10%)          13M (1%)             -                  -          
[100.640s][info][gc,heap     ] GC(458) Reclaimed:         -                  -               704M (34%)         888M (43%)            -                  -          
[100.640s][info][gc          ] GC(458) Garbage Collection (Allocation Rate) 954M(47%)->430M(21%)
[100.754s][info][gc,start    ] GC(459) Garbage Collection (Allocation Rate)
[100.754s][info][gc,task     ] GC(459) Using 3 workers
[100.754s][info][gc,phases   ] GC(459) Pause Mark Start 0.014ms
[100.816s][info][gc,phases   ] GC(459) Concurrent Mark 61.448ms
[100.816s][info][gc,phases   ] GC(459) Pause Mark End 0.022ms
[100.816s][info][gc,phases   ] GC(459) Concurrent Mark Free 0.001ms
[100.823s][info][gc,phases   ] GC(459) Concurrent Process Non-Strong References 6.683ms
[100.823s][info][gc,phases   ] GC(459) Concurrent Reset Relocation Set 0.016ms
[100.829s][info][gc,phases   ] GC(459) Concurrent Select Relocation Set 5.553ms
[100.829s][info][gc,phases   ] GC(459) Pause Relocate Start 0.008ms
[100.833s][info][gc,phases   ] GC(459) Concurrent Relocate 4.256ms
[100.833s][info][gc,load     ] GC(459) Load: 0.00/0.00/0.00
[100.833s][info][gc,mmu      ] GC(459) MMU: 2ms/98.1%, 5ms/99.2%, 10ms/99.5%, 20ms/99.8%, 50ms/99.8%, 100ms/99.9%
[100.833s][info][gc,marking  ] GC(459) Mark: 2 stripe(s), 2 proactive flush(es), 1 terminate flush(es), 0 completion(s), 0 continuation(s) 
[100.833s][info][gc,marking  ] GC(459) Mark Stack Usage: 32M
[100.833s][info][gc,nmethod  ] GC(459) NMethods: 4537 registered, 1059 unregistered
[100.834s][info][gc,metaspace] GC(459) Metaspace: 71M used, 72M committed, 1088M reserved
[100.834s][info][gc,ref      ] GC(459) Soft: 3837 encountered, 0 discovered, 0 enqueued
[100.834s][info][gc,ref      ] GC(459) Weak: 10827 encountered, 774 discovered, 30 enqueued
[100.834s][info][gc,ref      ] GC(459) Final: 289 encountered, 30 discovered, 0 enqueued
[100.834s][info][gc,ref      ] GC(459) Phantom: 425 encountered, 254 discovered, 0 enqueued
[100.834s][info][gc,reloc    ] GC(459) Small Pages: 465 / 930M, Empty: 654M, Relocated: 3M, In-Place: 0
[100.834s][info][gc,reloc    ] GC(459) Medium Pages: 0 / 0M, Empty: 0M, Relocated: 0M, In-Place: 0
[100.834s][info][gc,reloc    ] GC(459) Large Pages: 0 / 0M, Empty: 0M, Relocated: 0M, In-Place: 0
[100.834s][info][gc,reloc    ] GC(459) Forwarding Usage: 1M
[100.834s][info][gc,heap     ] GC(459) Min Capacity: 8M(0%)
[100.834s][info][gc,heap     ] GC(459) Max Capacity: 2048M(100%)
[100.834s][info][gc,heap     ] GC(459) Soft Max Capacity: 2048M(100%)
[100.834s][info][gc,heap     ] GC(459)                Mark Start          Mark End        Relocate Start      Relocate End           High               Low         
[100.834s][info][gc,heap     ] GC(459)  Capacity:     2048M (100%)       2048M (100%)       2048M (100%)       2048M (100%)       2048M (100%)       2048M (100%)   
[100.834s][info][gc,heap     ] GC(459)      Free:     1118M (55%)         880M (43%)        1484M (72%)        1682M (82%)        1686M (82%)         848M (41%)    
[100.834s][info][gc,heap     ] GC(459)      Used:      930M (45%)        1168M (57%)         564M (28%)         366M (18%)        1200M (59%)         362M (18%)    
[100.834s][info][gc,heap     ] GC(459)      Live:         -                51M (2%)           51M (2%)           51M (2%)             -                  -          
[100.834s][info][gc,heap     ] GC(459) Allocated:         -               238M (12%)         288M (14%)         299M (15%)            -                  -          
[100.834s][info][gc,heap     ] GC(459)   Garbage:         -               878M (43%)         224M (11%)          15M (1%)             -                  -          
[100.834s][info][gc,heap     ] GC(459) Reclaimed:         -                  -               654M (32%)         863M (42%)            -                  -          
[100.834s][info][gc          ] GC(459) Garbage Collection (Allocation Rate) 930M(45%)->366M(18%)
[100.955s][info][gc,start    ] GC(460) Garbage Collection (Allocation Rate)
[100.955s][info][gc,task     ] GC(460) Using 3 workers
[100.955s][info][gc,phases   ] GC(460) Pause Mark Start 0.010ms
[101.008s][info][gc,phases   ] GC(460) Concurrent Mark 52.540ms
[101.008s][info][gc,phases   ] GC(460) Pause Mark End 0.025ms
[101.008s][info][gc,phases   ] GC(460) Concurrent Mark Free 0.001ms
[101.014s][info][gc,phases   ] GC(460) Concurrent Process Non-Strong References 5.956ms
[101.014s][info][gc,phases   ] GC(460) Concurrent Reset Relocation Set 0.022ms
[101.021s][info][gc,phases   ] GC(460) Concurrent Select Relocation Set 6.831ms
[101.021s][info][gc,phases   ] GC(460) Pause Relocate Start 0.008ms
[101.029s][info][gc,phases   ] GC(460) Concurrent Relocate 7.171ms
[101.029s][info][gc,load     ] GC(460) Load: 0.00/0.00/0.00
[101.029s][info][gc,mmu      ] GC(460) MMU: 2ms/98.1%, 5ms/99.2%, 10ms/99.5%, 20ms/99.8%, 50ms/99.8%, 100ms/99.9%
[101.029s][info][gc,marking  ] GC(460) Mark: 2 stripe(s), 2 proactive flush(es), 1 terminate flush(es), 0 completion(s), 0 continuation(s) 
[101.029s][info][gc,marking  ] GC(460) Mark Stack Usage: 32M
[101.029s][info][gc,nmethod  ] GC(460) NMethods: 4537 registered, 1059 unregistered
[101.029s][info][gc,metaspace] GC(460) Metaspace: 71M used, 72M committed, 1088M reserved
[101.029s][info][gc,ref      ] GC(460) Soft: 3837 encountered, 0 discovered, 0 enqueued
[101.029s][info][gc,ref      ] GC(460) Weak: 10637 encountered, 925 discovered, 43 enqueued
[101.029s][info][gc,ref      ] GC(460) Final: 289 encountered, 39 discovered, 0 enqueued
[101.029s][info][gc,ref      ] GC(460) Phantom: 425 encountered, 283 discovered, 0 enqueued
[101.029s][info][gc,reloc    ] GC(460) Small Pages: 411 / 822M, Empty: 548M, Relocated: 6M, In-Place: 0
[101.029s][info][gc,reloc    ] GC(460) Medium Pages: 0 / 0M, Empty: 0M, Relocated: 0M, In-Place: 0
[101.029s][info][gc,reloc    ] GC(460) Large Pages: 0 / 0M, Empty: 0M, Relocated: 0M, In-Place: 0
[101.029s][info][gc,reloc    ] GC(460) Forwarding Usage: 2M
[101.029s][info][gc,heap     ] GC(460) Min Capacity: 8M(0%)
[101.029s][info][gc,heap     ] GC(460) Max Capacity: 2048M(100%)
[101.029s][info][gc,heap     ] GC(460) Soft Max Capacity: 2048M(100%)
[101.029s][info][gc,heap     ] GC(460)                Mark Start          Mark End        Relocate Start      Relocate End           High               Low         
[101.029s][info][gc,heap     ] GC(460)  Capacity:     2048M (100%)       2048M (100%)       2048M (100%)       2048M (100%)       2048M (100%)       2048M (100%)   
[101.029s][info][gc,heap     ] GC(460)      Free:     1226M (60%)        1046M (51%)        1554M (76%)        1746M (85%)        1754M (86%)        1030M (50%)    
[101.029s][info][gc,heap     ] GC(460)      Used:      822M (40%)        1002M (49%)         494M (24%)         302M (15%)        1018M (50%)         294M (14%)    
[101.029s][info][gc,heap     ] GC(460)      Live:         -                50M (2%)           50M (2%)           50M (2%)             -                  -          
[101.029s][info][gc,heap     ] GC(460) Allocated:         -               180M (9%)          220M (11%)         239M (12%)            -                  -          
[101.029s][info][gc,heap     ] GC(460)   Garbage:         -               771M (38%)         223M (11%)          12M (1%)             -                  -          
[101.029s][info][gc,heap     ] GC(460) Reclaimed:         -                  -               548M (27%)         759M (37%)            -                  -          
[101.029s][info][gc          ] GC(460) Garbage Collection (Allocation Rate) 822M(40%)->302M(15%)
[101.155s][info][gc,start    ] GC(461) Garbage Collection (Allocation Rate)
[101.155s][info][gc,task     ] GC(461) Using 3 workers
[101.155s][info][gc,phases   ] GC(461) Pause Mark Start 0.010ms
[101.221s][info][gc,phases   ] GC(461) Concurrent Mark 66.556ms
[101.222s][info][gc,phases   ] GC(461) Pause Mark End 0.018ms
[101.222s][info][gc,phases   ] GC(461) Concurrent Mark Free 0.001ms
[101.227s][info][gc,phases   ] GC(461) Concurrent Process Non-Strong References 4.997ms
[101.227s][info][gc,phases   ] GC(461) Concurrent Reset Relocation Set 0.023ms
[101.231s][info][gc,phases   ] GC(461) Concurrent Select Relocation Set 3.979ms
[101.238s][info][gc,phases   ] GC(461) Pause Relocate Start 0.009ms
[101.242s][info][gc,phases   ] GC(461) Concurrent Relocate 4.190ms
[101.242s][info][gc,load     ] GC(461) Load: 0.00/0.00/0.00
[101.242s][info][gc,mmu      ] GC(461) MMU: 2ms/98.1%, 5ms/99.2%, 10ms/99.5%, 20ms/99.8%, 50ms/99.8%, 100ms/99.9%
[101.242s][info][gc,marking  ] GC(461) Mark: 2 stripe(s), 2 proactive flush(es), 1 terminate flush(es), 0 completion(s), 0 continuation(s) 
[101.242s][info][gc,marking  ] GC(461) Mark Stack Usage: 32M
[101.242s][info][gc,nmethod  ] GC(461) NMethods: 4540 registered, 1059 unregistered
[101.242s][info][gc,metaspace] GC(461) Metaspace: 71M used, 72M committed, 1088M reserved
[101.242s][info][gc,ref      ] GC(461) Soft: 3837 encountered, 0 discovered, 0 enqueued
[101.242s][info][gc,ref      ] GC(461) Weak: 10490 encountered, 775 discovered, 18 enqueued
[101.242s][info][gc,ref      ] GC(461) Final: 289 encountered, 21 discovered, 0 enqueued
[101.242s][info][gc,ref      ] GC(461) Phantom: 425 encountered, 278 discovered, 0 enqueued
[101.242s][info][gc,reloc    ] GC(461) Small Pages: 360 / 720M, Empty: 514M, Relocated: 3M, In-Place: 0
[101.242s][info][gc,reloc    ] GC(461) Medium Pages: 0 / 0M, Empty: 0M, Relocated: 0M, In-Place: 0
[101.242s][info][gc,reloc    ] GC(461) Large Pages: 0 / 0M, Empty: 0M, Relocated: 0M, In-Place: 0
[101.242s][info][gc,reloc    ] GC(461) Forwarding Usage: 1M
[101.242s][info][gc,heap     ] GC(461) Min Capacity: 8M(0%)
[101.242s][info][gc,heap     ] GC(461) Max Capacity: 2048M(100%)
[101.242s][info][gc,heap     ] GC(461) Soft Max Capacity: 2048M(100%)
[101.242s][info][gc,heap     ] GC(461)                Mark Start          Mark End        Relocate Start      Relocate End           High               Low         
[101.242s][info][gc,heap     ] GC(461)  Capacity:     2048M (100%)       2048M (100%)       2048M (100%)       2048M (100%)       2048M (100%)       2048M (100%)   
[101.242s][info][gc,heap     ] GC(461)      Free:     1328M (65%)        1142M (56%)        1608M (79%)        1744M (85%)        1746M (85%)        1128M (55%)    
[101.242s][info][gc,heap     ] GC(461)      Used:      720M (35%)         906M (44%)         440M (21%)         304M (15%)         920M (45%)         302M (15%)    
[101.242s][info][gc,heap     ] GC(461)      Live:         -                50M (2%)           50M (2%)           50M (2%)             -                  -          
[101.242s][info][gc,heap     ] GC(461) Allocated:         -               186M (9%)          234M (11%)         239M (12%)            -                  -          
[101.242s][info][gc,heap     ] GC(461)   Garbage:         -               669M (33%)         155M (8%)           14M (1%)             -                  -          
[101.242s][info][gc,heap     ] GC(461) Reclaimed:         -                  -               514M (25%)         655M (32%)            -                  -          
[101.243s][info][gc          ] GC(461) Garbage Collection (Allocation Rate) 720M(35%)->304M(15%)
[101.354s][info][gc,start    ] GC(462) Garbage Collection (Allocation Rate)
[101.354s][info][gc,task     ] GC(462) Using 3 workers
[101.354s][info][gc,phases   ] GC(462) Pause Mark Start 0.010ms
[101.396s][info][gc,phases   ] GC(462) Concurrent Mark 41.586ms
[101.396s][info][gc,phases   ] GC(462) Pause Mark End 0.017ms
[101.396s][info][gc,phases   ] GC(462) Concurrent Mark Free 0.001ms
[101.401s][info][gc,phases   ] GC(462) Concurrent Process Non-Strong References 4.309ms
[101.401s][info][gc,phases   ] GC(462) Concurrent Reset Relocation Set 0.009ms
[101.405s][info][gc,phases   ] GC(462) Concurrent Select Relocation Set 4.142ms
[101.405s][info][gc,phases   ] GC(462) Pause Relocate Start 0.008ms
[101.406s][info][gc,phases   ] GC(462) Concurrent Relocate 1.418ms
[101.407s][info][gc,load     ] GC(462) Load: 0.00/0.00/0.00
[101.407s][info][gc,mmu      ] GC(462) MMU: 2ms/98.1%, 5ms/99.2%, 10ms/99.5%, 20ms/99.8%, 50ms/99.8%, 100ms/99.9%
[101.407s][info][gc,marking  ] GC(462) Mark: 2 stripe(s), 2 proactive flush(es), 1 terminate flush(es), 0 completion(s), 0 continuation(s) 
[101.407s][info][gc,marking  ] GC(462) Mark Stack Usage: 32M
[101.407s][info][gc,nmethod  ] GC(462) NMethods: 4544 registered, 1059 unregistered
[101.407s][info][gc,metaspace] GC(462) Metaspace: 71M used, 72M committed, 1088M reserved
[101.407s][info][gc,ref      ] GC(462) Soft: 3837 encountered, 0 discovered, 0 enqueued
[101.407s][info][gc,ref      ] GC(462) Weak: 10362 encountered, 649 discovered, 30 enqueued
[101.407s][info][gc,ref      ] GC(462) Final: 289 encountered, 22 discovered, 0 enqueued
[101.407s][info][gc,ref      ] GC(462) Phantom: 425 encountered, 242 discovered, 0 enqueued
[101.407s][info][gc,reloc    ] GC(462) Small Pages: 313 / 626M, Empty: 436M, Relocated: 1M, In-Place: 0
[101.407s][info][gc,reloc    ] GC(462) Medium Pages: 0 / 0M, Empty: 0M, Relocated: 0M, In-Place: 0
[101.407s][info][gc,reloc    ] GC(462) Large Pages: 0 / 0M, Empty: 0M, Relocated: 0M, In-Place: 0
[101.407s][info][gc,reloc    ] GC(462) Forwarding Usage: 0M
[101.407s][info][gc,heap     ] GC(462) Min Capacity: 8M(0%)
[101.407s][info][gc,heap     ] GC(462) Max Capacity: 2048M(100%)
[101.407s][info][gc,heap     ] GC(462) Soft Max Capacity: 2048M(100%)
[101.407s][info][gc,heap     ] GC(462)                Mark Start          Mark End        Relocate Start      Relocate End           High               Low         
[101.407s][info][gc,heap     ] GC(462)  Capacity:     2048M (100%)       2048M (100%)       2048M (100%)       2048M (100%)       2048M (100%)       2048M (100%)   
[101.407s][info][gc,heap     ] GC(462)      Free:     1422M (69%)        1322M (65%)        1736M (85%)        1858M (91%)        1858M (91%)        1310M (64%)    
[101.407s][info][gc,heap     ] GC(462)      Used:      626M (31%)         726M (35%)         312M (15%)         190M (9%)          738M (36%)         190M (9%)     
[101.407s][info][gc,heap     ] GC(462)      Live:         -                50M (2%)           50M (2%)           50M (2%)             -                  -          
[101.407s][info][gc,heap     ] GC(462) Allocated:         -               100M (5%)          122M (6%)          123M (6%)             -                  -          
[101.407s][info][gc,heap     ] GC(462)   Garbage:         -               575M (28%)         139M (7%)           16M (1%)             -                  -          
[101.407s][info][gc,heap     ] GC(462) Reclaimed:         -                  -               436M (21%)         559M (27%)            -                  -          
[101.407s][info][gc          ] GC(462) Garbage Collection (Allocation Rate) 626M(31%)->190M(9%)
[101.454s][info][gc,start    ] GC(463) Garbage Collection (Allocation Rate)
[101.454s][info][gc,task     ] GC(463) Using 3 workers
[101.454s][info][gc,phases   ] GC(463) Pause Mark Start 0.010ms
[101.490s][info][gc,phases   ] GC(463) Concurrent Mark 35.687ms
[101.490s][info][gc,phases   ] GC(463) Pause Mark End 0.021ms
[101.490s][info][gc,phases   ] GC(463) Concurrent Mark Free 0.001ms
[101.494s][info][gc,phases   ] GC(463) Concurrent Process Non-Strong References 3.976ms
[101.494s][info][gc,phases   ] GC(463) Concurrent Reset Relocation Set 0.009ms
[101.497s][info][gc,phases   ] GC(463) Concurrent Select Relocation Set 2.538ms
[101.497s][info][gc,phases   ] GC(463) Pause Relocate Start 0.006ms
[101.498s][info][gc,phases   ] GC(463) Concurrent Relocate 1.169ms
[101.498s][info][gc,load     ] GC(463) Load: 0.00/0.00/0.00
[101.498s][info][gc,mmu      ] GC(463) MMU: 2ms/98.1%, 5ms/99.2%, 10ms/99.5%, 20ms/99.8%, 50ms/99.8%, 100ms/99.9%
[101.498s][info][gc,marking  ] GC(463) Mark: 2 stripe(s), 2 proactive flush(es), 1 terminate flush(es), 0 completion(s), 0 continuation(s) 
[101.498s][info][gc,marking  ] GC(463) Mark Stack Usage: 32M
[101.498s][info][gc,nmethod  ] GC(463) NMethods: 4544 registered, 1059 unregistered
[101.498s][info][gc,metaspace] GC(463) Metaspace: 71M used, 72M committed, 1088M reserved
[101.498s][info][gc,ref      ] GC(463) Soft: 3837 encountered, 0 discovered, 0 enqueued
[101.498s][info][gc,ref      ] GC(463) Weak: 10272 encountered, 756 discovered, 19 enqueued
[101.498s][info][gc,ref      ] GC(463) Final: 289 encountered, 20 discovered, 0 enqueued
[101.498s][info][gc,ref      ] GC(463) Phantom: 425 encountered, 333 discovered, 0 enqueued
[101.498s][info][gc,reloc    ] GC(463) Small Pages: 150 / 300M, Empty: 144M, Relocated: 1M, In-Place: 0
[101.498s][info][gc,reloc    ] GC(463) Medium Pages: 0 / 0M, Empty: 0M, Relocated: 0M, In-Place: 0
[101.498s][info][gc,reloc    ] GC(463) Large Pages: 0 / 0M, Empty: 0M, Relocated: 0M, In-Place: 0
[101.498s][info][gc,reloc    ] GC(463) Forwarding Usage: 0M
[101.498s][info][gc,heap     ] GC(463) Min Capacity: 8M(0%)
[101.498s][info][gc,heap     ] GC(463) Max Capacity: 2048M(100%)
[101.498s][info][gc,heap     ] GC(463) Soft Max Capacity: 2048M(100%)
[101.498s][info][gc,heap     ] GC(463)                Mark Start          Mark End        Relocate Start      Relocate End           High               Low         
[101.498s][info][gc,heap     ] GC(463)  Capacity:     2048M (100%)       2048M (100%)       2048M (100%)       2048M (100%)       2048M (100%)       2048M (100%)   
[101.498s][info][gc,heap     ] GC(463)      Free:     1748M (85%)        1670M (82%)        1800M (88%)        1888M (92%)        1888M (92%)        1660M (81%)    
[101.498s][info][gc,heap     ] GC(463)      Used:      300M (15%)         378M (18%)         248M (12%)         160M (8%)          388M (19%)         160M (8%)     
[101.499s][info][gc,heap     ] GC(463)      Live:         -                49M (2%)           49M (2%)           49M (2%)             -                  -          
[101.499s][info][gc,heap     ] GC(463) Allocated:         -                78M (4%)           92M (4%)           93M (5%)             -                  -          
[101.499s][info][gc,heap     ] GC(463)   Garbage:         -               250M (12%)         106M (5%)           16M (1%)             -                  -          
[101.499s][info][gc,heap     ] GC(463) Reclaimed:         -                  -               144M (7%)          233M (11%)            -                  -          
[101.499s][info][gc          ] GC(463) Garbage Collection (Allocation Rate) 300M(15%)->160M(8%)
[101.655s][info][gc,start    ] GC(464) Garbage Collection (Allocation Rate)
[101.655s][info][gc,task     ] GC(464) Using 6 workers
[101.655s][info][gc,phases   ] GC(464) Pause Mark Start 0.009ms
[101.675s][info][gc,phases   ] GC(464) Concurrent Mark 19.719ms
[101.675s][info][gc,phases   ] GC(464) Pause Mark End 0.018ms
[101.675s][info][gc,phases   ] GC(464) Concurrent Mark Free 0.000ms
[101.677s][info][gc,phases   ] GC(464) Concurrent Process Non-Strong References 2.188ms
[101.677s][info][gc,phases   ] GC(464) Concurrent Reset Relocation Set 0.004ms
[101.680s][info][gc,phases   ] GC(464) Concurrent Select Relocation Set 2.463ms
[101.680s][info][gc,phases   ] GC(464) Pause Relocate Start 0.006ms
[101.681s][info][gc,phases   ] GC(464) Concurrent Relocate 0.816ms
[101.681s][info][gc,load     ] GC(464) Load: 0.00/0.00/0.00
[101.681s][info][gc,mmu      ] GC(464) MMU: 2ms/98.1%, 5ms/99.2%, 10ms/99.5%, 20ms/99.8%, 50ms/99.8%, 100ms/99.9%
[101.681s][info][gc,marking  ] GC(464) Mark: 4 stripe(s), 2 proactive flush(es), 1 terminate flush(es), 0 completion(s), 0 continuation(s) 
[101.681s][info][gc,marking  ] GC(464) Mark Stack Usage: 32M
[101.681s][info][gc,nmethod  ] GC(464) NMethods: 4544 registered, 1059 unregistered
[101.681s][info][gc,metaspace] GC(464) Metaspace: 71M used, 72M committed, 1088M reserved
[101.681s][info][gc,ref      ] GC(464) Soft: 3837 encountered, 0 discovered, 0 enqueued
[101.681s][info][gc,ref      ] GC(464) Weak: 10229 encountered, 457 discovered, 7 enqueued
[101.681s][info][gc,ref      ] GC(464) Final: 289 encountered, 17 discovered, 0 enqueued
[101.681s][info][gc,ref      ] GC(464) Phantom: 425 encountered, 210 discovered, 0 enqueued
[101.681s][info][gc,reloc    ] GC(464) Small Pages: 253 / 506M, Empty: 382M, Relocated: 1M, In-Place: 0
[101.681s][info][gc,reloc    ] GC(464) Medium Pages: 0 / 0M, Empty: 0M, Relocated: 0M, In-Place: 0
[101.681s][info][gc,reloc    ] GC(464) Large Pages: 0 / 0M, Empty: 0M, Relocated: 0M, In-Place: 0
[101.681s][info][gc,reloc    ] GC(464) Forwarding Usage: 0M
[101.681s][info][gc,heap     ] GC(464) Min Capacity: 8M(0%)
[101.681s][info][gc,heap     ] GC(464) Max Capacity: 2048M(100%)
[101.681s][info][gc,heap     ] GC(464) Soft Max Capacity: 2048M(100%)
[101.681s][info][gc,heap     ] GC(464)                Mark Start          Mark End        Relocate Start      Relocate End           High               Low         
[101.681s][info][gc,heap     ] GC(464)  Capacity:     2048M (100%)       2048M (100%)       2048M (100%)       2048M (100%)       2048M (100%)       2048M (100%)   
[101.681s][info][gc,heap     ] GC(464)      Free:     1542M (75%)        1502M (73%)        1876M (92%)        1926M (94%)        1926M (94%)        1498M (73%)    
[101.681s][info][gc,heap     ] GC(464)      Used:      506M (25%)         546M (27%)         172M (8%)          122M (6%)          550M (27%)         122M (6%)     
[101.681s][info][gc,heap     ] GC(464)      Live:         -                49M (2%)           49M (2%)           49M (2%)             -                  -          
[101.681s][info][gc,heap     ] GC(464) Allocated:         -                40M (2%)           48M (2%)           49M (2%)             -                  -          
[101.681s][info][gc,heap     ] GC(464)   Garbage:         -               456M (22%)          74M (4%)           22M (1%)             -                  -          
[101.681s][info][gc,heap     ] GC(464) Reclaimed:         -                  -               382M (19%)         433M (21%)            -                  -          
[101.681s][info][gc          ] GC(464) Garbage Collection (Allocation Rate) 506M(25%)->122M(6%)
[102.154s][info][gc,start    ] GC(465) Garbage Collection (Allocation Rate)
[102.154s][info][gc,task     ] GC(465) Using 6 workers
[102.154s][info][gc,phases   ] GC(465) Pause Mark Start 0.009ms
[102.175s][info][gc,phases   ] GC(465) Concurrent Mark 20.728ms
[102.175s][info][gc,phases   ] GC(465) Pause Mark End 0.021ms
[102.175s][info][gc,phases   ] GC(465) Concurrent Mark Free 0.001ms
[102.177s][info][gc,phases   ] GC(465) Concurrent Process Non-Strong References 2.142ms
[102.177s][info][gc,phases   ] GC(465) Concurrent Reset Relocation Set 0.005ms
[102.180s][info][gc,phases   ] GC(465) Concurrent Select Relocation Set 2.465ms
[102.180s][info][gc,phases   ] GC(465) Pause Relocate Start 0.007ms
[102.181s][info][gc,phases   ] GC(465) Concurrent Relocate 0.746ms
[102.181s][info][gc,load     ] GC(465) Load: 0.00/0.00/0.00
[102.181s][info][gc,mmu      ] GC(465) MMU: 2ms/98.1%, 5ms/99.2%, 10ms/99.5%, 20ms/99.8%, 50ms/99.8%, 100ms/99.9%
[102.181s][info][gc,marking  ] GC(465) Mark: 4 stripe(s), 2 proactive flush(es), 1 terminate flush(es), 0 completion(s), 0 continuation(s) 
[102.181s][info][gc,marking  ] GC(465) Mark Stack Usage: 32M
[102.181s][info][gc,nmethod  ] GC(465) NMethods: 4544 registered, 1059 unregistered
[102.181s][info][gc,metaspace] GC(465) Metaspace: 71M used, 72M committed, 1088M reserved
[102.181s][info][gc,ref      ] GC(465) Soft: 3837 encountered, 0 discovered, 0 enqueued
[102.181s][info][gc,ref      ] GC(465) Weak: 10198 encountered, 691 discovered, 7 enqueued
[102.181s][info][gc,ref      ] GC(465) Final: 289 encountered, 8 discovered, 0 enqueued
[102.181s][info][gc,ref      ] GC(465) Phantom: 425 encountered, 191 discovered, 0 enqueued
[102.181s][info][gc,reloc    ] GC(465) Small Pages: 517 / 1034M, Empty: 886M, Relocated: 1M, In-Place: 0
[102.181s][info][gc,reloc    ] GC(465) Medium Pages: 0 / 0M, Empty: 0M, Relocated: 0M, In-Place: 0
[102.181s][info][gc,reloc    ] GC(465) Large Pages: 0 / 0M, Empty: 0M, Relocated: 0M, In-Place: 0
[102.181s][info][gc,reloc    ] GC(465) Forwarding Usage: 0M
[102.181s][info][gc,heap     ] GC(465) Min Capacity: 8M(0%)
[102.181s][info][gc,heap     ] GC(465) Max Capacity: 2048M(100%)
[102.181s][info][gc,heap     ] GC(465) Soft Max Capacity: 2048M(100%)
[102.181s][info][gc,heap     ] GC(465)                Mark Start          Mark End        Relocate Start      Relocate End           High               Low         
[102.181s][info][gc,heap     ] GC(465)  Capacity:     2048M (100%)       2048M (100%)       2048M (100%)       2048M (100%)       2048M (100%)       2048M (100%)   
[102.181s][info][gc,heap     ] GC(465)      Free:     1014M (50%)         978M (48%)        1854M (91%)        1930M (94%)        1930M (94%)         970M (47%)    
[102.181s][info][gc,heap     ] GC(465)      Used:     1034M (50%)        1070M (52%)         194M (9%)          118M (6%)         1078M (53%)         118M (6%)     
[102.181s][info][gc,heap     ] GC(465)      Live:         -                49M (2%)           49M (2%)           49M (2%)             -                  -          
[102.181s][info][gc,heap     ] GC(465) Allocated:         -                36M (2%)           46M (2%)           45M (2%)             -                  -          
[102.181s][info][gc,heap     ] GC(465)   Garbage:         -               984M (48%)          98M (5%)           22M (1%)             -                  -          
[102.181s][info][gc,heap     ] GC(465) Reclaimed:         -                  -               886M (43%)         961M (47%)            -                  -          
[102.181s][info][gc          ] GC(465) Garbage Collection (Allocation Rate) 1034M(50%)->118M(6%)
[102.754s][info][gc,start    ] GC(466) Garbage Collection (Allocation Rate)
[102.754s][info][gc,task     ] GC(466) Using 1 workers
[102.754s][info][gc,phases   ] GC(466) Pause Mark Start 0.011ms
[102.840s][info][gc,phases   ] GC(466) Concurrent Mark 85.856ms
[102.840s][info][gc,phases   ] GC(466) Pause Mark End 0.022ms
[102.840s][info][gc,phases   ] GC(466) Concurrent Mark Free 0.002ms
[102.853s][info][gc,phases   ] GC(466) Concurrent Process Non-Strong References 12.682ms
[102.853s][info][gc,phases   ] GC(466) Concurrent Reset Relocation Set 0.004ms
[102.856s][info][gc,phases   ] GC(466) Concurrent Select Relocation Set 3.201ms
[102.856s][info][gc,phases   ] GC(466) Pause Relocate Start 0.008ms
[102.859s][info][gc,phases   ] GC(466) Concurrent Relocate 2.072ms
[102.859s][info][gc,load     ] GC(466) Load: 0.00/0.00/0.00
[102.859s][info][gc,mmu      ] GC(466) MMU: 2ms/98.1%, 5ms/99.2%, 10ms/99.5%, 20ms/99.8%, 50ms/99.8%, 100ms/99.9%
[102.859s][info][gc,marking  ] GC(466) Mark: 1 stripe(s), 2 proactive flush(es), 1 terminate flush(es), 0 completion(s), 0 continuation(s) 
[102.859s][info][gc,marking  ] GC(466) Mark Stack Usage: 32M
[102.859s][info][gc,nmethod  ] GC(466) NMethods: 4544 registered, 1059 unregistered
[102.859s][info][gc,metaspace] GC(466) Metaspace: 71M used, 72M committed, 1088M reserved
[102.859s][info][gc,ref      ] GC(466) Soft: 3837 encountered, 0 discovered, 0 enqueued
[102.859s][info][gc,ref      ] GC(466) Weak: 10191 encountered, 991 discovered, 0 enqueued
[102.859s][info][gc,ref      ] GC(466) Final: 289 encountered, 96 discovered, 0 enqueued
[102.859s][info][gc,ref      ] GC(466) Phantom: 425 encountered, 284 discovered, 0 enqueued
[102.859s][info][gc,reloc    ] GC(466) Small Pages: 607 / 1214M, Empty: 1076M, Relocated: 1M, In-Place: 0
[102.859s][info][gc,reloc    ] GC(466) Medium Pages: 0 / 0M, Empty: 0M, Relocated: 0M, In-Place: 0
[102.859s][info][gc,reloc    ] GC(466) Large Pages: 0 / 0M, Empty: 0M, Relocated: 0M, In-Place: 0
[102.859s][info][gc,reloc    ] GC(466) Forwarding Usage: 0M
[102.859s][info][gc,heap     ] GC(466) Min Capacity: 8M(0%)
[102.859s][info][gc,heap     ] GC(466) Max Capacity: 2048M(100%)
[102.859s][info][gc,heap     ] GC(466) Soft Max Capacity: 2048M(100%)
[102.859s][info][gc,heap     ] GC(466)                Mark Start          Mark End        Relocate Start      Relocate End           High               Low         
[102.859s][info][gc,heap     ] GC(466)  Capacity:     2048M (100%)       2048M (100%)       2048M (100%)       2048M (100%)       2048M (100%)       2048M (100%)   
[102.859s][info][gc,heap     ] GC(466)      Free:      834M (41%)         680M (33%)        1728M (84%)        1802M (88%)        1802M (88%)         660M (32%)    
[102.859s][info][gc,heap     ] GC(466)      Used:     1214M (59%)        1368M (67%)         320M (16%)         246M (12%)        1388M (68%)         246M (12%)    
[102.859s][info][gc,heap     ] GC(466)      Live:         -                49M (2%)           49M (2%)           49M (2%)             -                  -          
[102.859s][info][gc,heap     ] GC(466) Allocated:         -               154M (8%)          182M (9%)          183M (9%)             -                  -          
[102.859s][info][gc,heap     ] GC(466)   Garbage:         -              1164M (57%)          88M (4%)           12M (1%)             -                  -          
[102.859s][info][gc,heap     ] GC(466) Reclaimed:         -                  -              1076M (53%)        1151M (56%)            -                  -          
[102.859s][info][gc          ] GC(466) Garbage Collection (Allocation Rate) 1214M(59%)->246M(12%)
[103.091s][info][gc,start    ] GC(467) Garbage Collection (System.gc())
[103.091s][info][gc,task     ] GC(467) Using 12 workers
[103.091s][info][gc,phases   ] GC(467) Pause Mark Start 0.014ms
[103.113s][info][gc,phases   ] GC(467) Concurrent Mark 21.752ms
[103.114s][info][gc,phases   ] GC(467) Pause Mark End 0.020ms
[103.114s][info][gc,phases   ] GC(467) Concurrent Mark Free 0.001ms
[103.115s][info][gc,phases   ] GC(467) Concurrent Process Non-Strong References 1.490ms
[103.115s][info][gc,phases   ] GC(467) Concurrent Reset Relocation Set 0.005ms
[103.119s][info][gc,phases   ] GC(467) Concurrent Select Relocation Set 3.908ms
[103.119s][info][gc,phases   ] GC(467) Pause Relocate Start 0.005ms
[103.121s][info][gc,phases   ] GC(467) Concurrent Relocate 2.017ms
[103.121s][info][gc,load     ] GC(467) Load: 0.00/0.00/0.00
[103.121s][info][gc,mmu      ] GC(467) MMU: 2ms/98.1%, 5ms/99.2%, 10ms/99.5%, 20ms/99.8%, 50ms/99.8%, 100ms/99.9%
[103.121s][info][gc,marking  ] GC(467) Mark: 8 stripe(s), 2 proactive flush(es), 1 terminate flush(es), 0 completion(s), 0 continuation(s) 
[103.121s][info][gc,marking  ] GC(467) Mark Stack Usage: 32M
[103.121s][info][gc,nmethod  ] GC(467) NMethods: 4630 registered, 1064 unregistered
[103.121s][info][gc,metaspace] GC(467) Metaspace: 71M used, 72M committed, 1088M reserved
[103.121s][info][gc,ref      ] GC(467) Soft: 3837 encountered, 0 discovered, 0 enqueued
[103.121s][info][gc,ref      ] GC(467) Weak: 10262 encountered, 1722 discovered, 49 enqueued
[103.121s][info][gc,ref      ] GC(467) Final: 289 encountered, 3 discovered, 0 enqueued
[103.122s][info][gc,ref      ] GC(467) Phantom: 425 encountered, 331 discovered, 0 enqueued
[103.122s][info][gc,reloc    ] GC(467) Small Pages: 299 / 598M, Empty: 440M, Relocated: 3M, In-Place: 0
[103.122s][info][gc,reloc    ] GC(467) Medium Pages: 0 / 0M, Empty: 0M, Relocated: 0M, In-Place: 0
[103.122s][info][gc,reloc    ] GC(467) Large Pages: 0 / 0M, Empty: 0M, Relocated: 0M, In-Place: 0
[103.122s][info][gc,reloc    ] GC(467) Forwarding Usage: 1M
[103.122s][info][gc,heap     ] GC(467) Min Capacity: 8M(0%)
[103.122s][info][gc,heap     ] GC(467) Max Capacity: 2048M(100%)
[103.122s][info][gc,heap     ] GC(467) Soft Max Capacity: 2048M(100%)
[103.122s][info][gc,heap     ] GC(467)                Mark Start          Mark End        Relocate Start      Relocate End           High               Low         
[103.122s][info][gc,heap     ] GC(467)  Capacity:     2048M (100%)       2048M (100%)       2048M (100%)       2048M (100%)       2048M (100%)       2048M (100%)   
[103.122s][info][gc,heap     ] GC(467)      Free:     1450M (71%)        1432M (70%)        1872M (91%)        1948M (95%)        1948M (95%)        1432M (70%)    
[103.122s][info][gc,heap     ] GC(467)      Used:      598M (29%)         616M (30%)         176M (9%)          100M (5%)          616M (30%)         100M (5%)     
[103.122s][info][gc,heap     ] GC(467)      Live:         -                50M (2%)           50M (2%)           50M (2%)             -                  -          
[103.122s][info][gc,heap     ] GC(467) Allocated:         -                18M (1%)           18M (1%)           18M (1%)             -                  -          
[103.122s][info][gc,heap     ] GC(467)   Garbage:         -               547M (27%)         107M (5%)           31M (2%)             -                  -          
[103.122s][info][gc,heap     ] GC(467) Reclaimed:         -                  -               440M (21%)         516M (25%)            -                  -          
[103.122s][info][gc          ] GC(467) Garbage Collection (System.gc()) 598M(29%)->100M(5%)
[103.354s][info][gc,start    ] GC(468) Garbage Collection (Allocation Rate)
[103.354s][info][gc,task     ] GC(468) Using 3 workers
[103.354s][info][gc,phases   ] GC(468) Pause Mark Start 0.010ms
[103.417s][info][gc,phases   ] GC(468) Concurrent Mark 62.006ms
[103.417s][info][gc,phases   ] GC(468) Pause Mark End 0.024ms
[103.419s][info][gc,phases   ] GC(468) Concurrent Mark Free 0.001ms
[103.430s][info][gc,phases   ] GC(468) Concurrent Process Non-Strong References 11.686ms
[103.430s][info][gc,phases   ] GC(468) Concurrent Reset Relocation Set 0.017ms
[103.439s][info][gc,phases   ] GC(468) Concurrent Select Relocation Set 8.723ms
[103.439s][info][gc,phases   ] GC(468) Pause Relocate Start 0.009ms
[103.455s][info][gc,phases   ] GC(468) Concurrent Relocate 14.819ms
[103.455s][info][gc,load     ] GC(468) Load: 0.00/0.00/0.00
[103.455s][info][gc,mmu      ] GC(468) MMU: 2ms/98.1%, 5ms/99.2%, 10ms/99.5%, 20ms/99.8%, 50ms/99.8%, 100ms/99.9%
[103.455s][info][gc,marking  ] GC(468) Mark: 2 stripe(s), 2 proactive flush(es), 1 terminate flush(es), 0 completion(s), 0 continuation(s) 
[103.455s][info][gc,marking  ] GC(468) Mark Stack Usage: 32M
[103.455s][info][gc,nmethod  ] GC(468) NMethods: 4782 registered, 70 unregistered
[103.455s][info][gc,metaspace] GC(468) Metaspace: 71M used, 72M committed, 1088M reserved
[103.455s][info][gc,ref      ] GC(468) Soft: 3837 encountered, 0 discovered, 0 enqueued
[103.455s][info][gc,ref      ] GC(468) Weak: 11630 encountered, 807 discovered, 1 enqueued
[103.455s][info][gc,ref      ] GC(468) Final: 289 encountered, 34 discovered, 0 enqueued
[103.455s][info][gc,ref      ] GC(468) Phantom: 426 encountered, 325 discovered, 1 enqueued
[103.455s][info][gc,reloc    ] GC(468) Small Pages: 585 / 1170M, Empty: 520M, Relocated: 10M, In-Place: 0
[103.455s][info][gc,reloc    ] GC(468) Medium Pages: 0 / 0M, Empty: 0M, Relocated: 0M, In-Place: 0
[103.455s][info][gc,reloc    ] GC(468) Large Pages: 0 / 0M, Empty: 0M, Relocated: 0M, In-Place: 0
[103.455s][info][gc,reloc    ] GC(468) Forwarding Usage: 4M
[103.455s][info][gc,heap     ] GC(468) Min Capacity: 8M(0%)
[103.455s][info][gc,heap     ] GC(468) Max Capacity: 2048M(100%)
[103.455s][info][gc,heap     ] GC(468) Soft Max Capacity: 2048M(100%)
[103.455s][info][gc,heap     ] GC(468)                Mark Start          Mark End        Relocate Start      Relocate End           High               Low         
[103.455s][info][gc,heap     ] GC(468)  Capacity:     2048M (100%)       2048M (100%)       2048M (100%)       2048M (100%)       2048M (100%)       2048M (100%)   
[103.455s][info][gc,heap     ] GC(468)      Free:      878M (43%)         572M (28%)         990M (48%)        1524M (74%)        1550M (76%)         510M (25%)    
[103.455s][info][gc,heap     ] GC(468)      Used:     1170M (57%)        1476M (72%)        1058M (52%)         524M (26%)        1538M (75%)         498M (24%)    
[103.455s][info][gc,heap     ] GC(468)      Live:         -                54M (3%)           54M (3%)           54M (3%)             -                  -          
[103.455s][info][gc,heap     ] GC(468) Allocated:         -               306M (15%)         408M (20%)         456M (22%)            -                  -          
[103.455s][info][gc,heap     ] GC(468)   Garbage:         -              1115M (54%)         595M (29%)          13M (1%)             -                  -          
[103.455s][info][gc,heap     ] GC(468) Reclaimed:         -                  -               520M (25%)        1102M (54%)            -                  -          
[103.455s][info][gc          ] GC(468) Garbage Collection (Allocation Rate) 1170M(57%)->524M(26%)
[103.555s][info][gc,start    ] GC(469) Garbage Collection (Allocation Rate)
[103.555s][info][gc,task     ] GC(469) Using 6 workers
[103.555s][info][gc,phases   ] GC(469) Pause Mark Start 0.009ms
[103.599s][info][gc,phases   ] GC(469) Concurrent Mark 43.129ms
[103.599s][info][gc,phases   ] GC(469) Pause Mark End 0.025ms
[103.600s][info][gc,phases   ] GC(469) Concurrent Mark Free 0.001ms
[103.604s][info][gc,phases   ] GC(469) Concurrent Process Non-Strong References 3.948ms
[103.604s][info][gc,phases   ] GC(469) Concurrent Reset Relocation Set 0.073ms
[103.610s][info][gc,phases   ] GC(469) Concurrent Select Relocation Set 6.132ms
[103.610s][info][gc,phases   ] GC(469) Pause Relocate Start 0.008ms
[103.615s][info][gc,phases   ] GC(469) Concurrent Relocate 4.400ms
[103.615s][info][gc,load     ] GC(469) Load: 0.00/0.00/0.00
[103.615s][info][gc,mmu      ] GC(469) MMU: 2ms/98.1%, 5ms/99.2%, 10ms/99.5%, 20ms/99.8%, 50ms/99.8%, 100ms/99.9%
[103.615s][info][gc,marking  ] GC(469) Mark: 4 stripe(s), 3 proactive flush(es), 1 terminate flush(es), 0 completion(s), 0 continuation(s) 
[103.615s][info][gc,marking  ] GC(469) Mark Stack Usage: 32M
[103.615s][info][gc,nmethod  ] GC(469) NMethods: 4782 registered, 70 unregistered
[103.615s][info][gc,metaspace] GC(469) Metaspace: 71M used, 72M committed, 1088M reserved
[103.615s][info][gc,ref      ] GC(469) Soft: 3837 encountered, 0 discovered, 0 enqueued
[103.615s][info][gc,ref      ] GC(469) Weak: 11629 encountered, 1232 discovered, 0 enqueued
[103.615s][info][gc,ref      ] GC(469) Final: 289 encountered, 44 discovered, 0 enqueued
[103.615s][info][gc,ref      ] GC(469) Phantom: 425 encountered, 189 discovered, 0 enqueued
[103.615s][info][gc,reloc    ] GC(469) Small Pages: 497 / 994M, Empty: 614M, Relocated: 4M, In-Place: 0
[103.615s][info][gc,reloc    ] GC(469) Medium Pages: 0 / 0M, Empty: 0M, Relocated: 0M, In-Place: 0
[103.615s][info][gc,reloc    ] GC(469) Large Pages: 0 / 0M, Empty: 0M, Relocated: 0M, In-Place: 0
[103.615s][info][gc,reloc    ] GC(469) Forwarding Usage: 2M
[103.615s][info][gc,heap     ] GC(469) Min Capacity: 8M(0%)
[103.615s][info][gc,heap     ] GC(469) Max Capacity: 2048M(100%)
[103.615s][info][gc,heap     ] GC(469) Soft Max Capacity: 2048M(100%)
[103.615s][info][gc,heap     ] GC(469)                Mark Start          Mark End        Relocate Start      Relocate End           High               Low         
[103.615s][info][gc,heap     ] GC(469)  Capacity:     2048M (100%)       2048M (100%)       2048M (100%)       2048M (100%)       2048M (100%)       2048M (100%)   
[103.615s][info][gc,heap     ] GC(469)      Free:     1054M (51%)         866M (42%)        1432M (70%)        1730M (84%)        1730M (84%)         844M (41%)    
[103.615s][info][gc,heap     ] GC(469)      Used:      994M (49%)        1182M (58%)         616M (30%)         318M (16%)        1204M (59%)         318M (16%)    
[103.616s][info][gc,heap     ] GC(469)      Live:         -                54M (3%)           54M (3%)           54M (3%)             -                  -          
[103.616s][info][gc,heap     ] GC(469) Allocated:         -               188M (9%)          236M (12%)         242M (12%)            -                  -          
[103.616s][info][gc,heap     ] GC(469)   Garbage:         -               939M (46%)         325M (16%)          21M (1%)             -                  -          
[103.616s][info][gc,heap     ] GC(469) Reclaimed:         -                  -               614M (30%)         918M (45%)            -                  -          
[103.616s][info][gc          ] GC(469) Garbage Collection (Allocation Rate) 994M(49%)->318M(16%)
[103.754s][info][gc,start    ] GC(470) Garbage Collection (Allocation Rate)
[103.754s][info][gc,task     ] GC(470) Using 6 workers
[103.754s][info][gc,phases   ] GC(470) Pause Mark Start 0.015ms
[103.786s][info][gc,phases   ] GC(470) Concurrent Mark 31.626ms
[103.786s][info][gc,phases   ] GC(470) Pause Mark End 0.025ms
[103.787s][info][gc,phases   ] GC(470) Concurrent Mark Free 0.001ms
[103.793s][info][gc,phases   ] GC(470) Concurrent Process Non-Strong References 5.861ms
[103.793s][info][gc,phases   ] GC(470) Concurrent Reset Relocation Set 0.044ms
[103.802s][info][gc,phases   ] GC(470) Concurrent Select Relocation Set 8.237ms
[103.802s][info][gc,phases   ] GC(470) Pause Relocate Start 0.008ms
[103.809s][info][gc,phases   ] GC(470) Concurrent Relocate 7.053ms
[103.809s][info][gc,load     ] GC(470) Load: 0.00/0.00/0.00
[103.809s][info][gc,mmu      ] GC(470) MMU: 2ms/98.1%, 5ms/99.2%, 10ms/99.5%, 20ms/99.8%, 50ms/99.8%, 100ms/99.9%
[103.809s][info][gc,marking  ] GC(470) Mark: 4 stripe(s), 2 proactive flush(es), 1 terminate flush(es), 0 completion(s), 0 continuation(s) 
[103.809s][info][gc,marking  ] GC(470) Mark Stack Usage: 32M
[103.809s][info][gc,nmethod  ] GC(470) NMethods: 4782 registered, 70 unregistered
[103.809s][info][gc,metaspace] GC(470) Metaspace: 71M used, 72M committed, 1088M reserved
[103.809s][info][gc,ref      ] GC(470) Soft: 3837 encountered, 0 discovered, 0 enqueued
[103.809s][info][gc,ref      ] GC(470) Weak: 11629 encountered, 947 discovered, 0 enqueued
[103.809s][info][gc,ref      ] GC(470) Final: 289 encountered, 51 discovered, 0 enqueued
[103.809s][info][gc,ref      ] GC(470) Phantom: 425 encountered, 291 discovered, 0 enqueued
[103.809s][info][gc,reloc    ] GC(470) Small Pages: 504 / 1008M, Empty: 642M, Relocated: 8M, In-Place: 0
[103.809s][info][gc,reloc    ] GC(470) Medium Pages: 0 / 0M, Empty: 0M, Relocated: 0M, In-Place: 0
[103.809s][info][gc,reloc    ] GC(470) Large Pages: 0 / 0M, Empty: 0M, Relocated: 0M, In-Place: 0
[103.809s][info][gc,reloc    ] GC(470) Forwarding Usage: 3M
[103.809s][info][gc,heap     ] GC(470) Min Capacity: 8M(0%)
[103.810s][info][gc,heap     ] GC(470) Max Capacity: 2048M(100%)
[103.810s][info][gc,heap     ] GC(470) Soft Max Capacity: 2048M(100%)
[103.810s][info][gc,heap     ] GC(470)                Mark Start          Mark End        Relocate Start      Relocate End           High               Low         
[103.810s][info][gc,heap     ] GC(470)  Capacity:     2048M (100%)       2048M (100%)       2048M (100%)       2048M (100%)       2048M (100%)       2048M (100%)   
[103.810s][info][gc,heap     ] GC(470)      Free:     1040M (51%)         886M (43%)        1456M (71%)        1736M (85%)        1742M (85%)         854M (42%)    
[103.810s][info][gc,heap     ] GC(470)      Used:     1008M (49%)        1162M (57%)         592M (29%)         312M (15%)        1194M (58%)         306M (15%)    
[103.810s][info][gc,heap     ] GC(470)      Live:         -                54M (3%)           54M (3%)           54M (3%)             -                  -          
[103.810s][info][gc,heap     ] GC(470) Allocated:         -               154M (8%)          226M (11%)         242M (12%)            -                  -          
[103.810s][info][gc,heap     ] GC(470)   Garbage:         -               953M (47%)         311M (15%)          14M (1%)             -                  -          
[103.810s][info][gc,heap     ] GC(470) Reclaimed:         -                  -               642M (31%)         938M (46%)            -                  -          
[103.810s][info][gc          ] GC(470) Garbage Collection (Allocation Rate) 1008M(49%)->312M(15%)
[103.855s][info][gc,start    ] GC(471) Garbage Collection (Allocation Rate)
[103.855s][info][gc,task     ] GC(471) Using 6 workers
[103.855s][info][gc,phases   ] GC(471) Pause Mark Start 0.013ms
[103.894s][info][gc,phases   ] GC(471) Concurrent Mark 38.433ms
[103.894s][info][gc,phases   ] GC(471) Pause Mark End 0.022ms
[103.894s][info][gc,phases   ] GC(471) Concurrent Mark Free 0.001ms
[103.898s][info][gc,phases   ] GC(471) Concurrent Process Non-Strong References 4.144ms
[103.899s][info][gc,phases   ] GC(471) Concurrent Reset Relocation Set 0.051ms
[103.906s][info][gc,phases   ] GC(471) Concurrent Select Relocation Set 7.349ms
[103.906s][info][gc,phases   ] GC(471) Pause Relocate Start 0.010ms
[103.911s][info][gc,phases   ] GC(471) Concurrent Relocate 4.484ms
[103.911s][info][gc,load     ] GC(471) Load: 0.00/0.00/0.00
[103.911s][info][gc,mmu      ] GC(471) MMU: 2ms/98.1%, 5ms/99.2%, 10ms/99.5%, 20ms/99.8%, 50ms/99.8%, 100ms/99.9%
[103.911s][info][gc,marking  ] GC(471) Mark: 4 stripe(s), 2 proactive flush(es), 1 terminate flush(es), 0 completion(s), 0 continuation(s) 
[103.911s][info][gc,marking  ] GC(471) Mark Stack Usage: 32M
[103.911s][info][gc,nmethod  ] GC(471) NMethods: 4782 registered, 70 unregistered
[103.911s][info][gc,metaspace] GC(471) Metaspace: 71M used, 72M committed, 1088M reserved
[103.911s][info][gc,ref      ] GC(471) Soft: 3837 encountered, 0 discovered, 0 enqueued
[103.911s][info][gc,ref      ] GC(471) Weak: 11629 encountered, 1551 discovered, 0 enqueued
[103.911s][info][gc,ref      ] GC(471) Final: 289 encountered, 0 discovered, 0 enqueued
[103.911s][info][gc,ref      ] GC(471) Phantom: 425 encountered, 188 discovered, 0 enqueued
[103.911s][info][gc,reloc    ] GC(471) Small Pages: 270 / 540M, Empty: 244M, Relocated: 3M, In-Place: 0
[103.911s][info][gc,reloc    ] GC(471) Medium Pages: 0 / 0M, Empty: 0M, Relocated: 0M, In-Place: 0
[103.911s][info][gc,reloc    ] GC(471) Large Pages: 0 / 0M, Empty: 0M, Relocated: 0M, In-Place: 0
[103.911s][info][gc,reloc    ] GC(471) Forwarding Usage: 1M
[103.911s][info][gc,heap     ] GC(471) Min Capacity: 8M(0%)
[103.911s][info][gc,heap     ] GC(471) Max Capacity: 2048M(100%)
[103.911s][info][gc,heap     ] GC(471) Soft Max Capacity: 2048M(100%)
[103.911s][info][gc,heap     ] GC(471)                Mark Start          Mark End        Relocate Start      Relocate End           High               Low         
[103.911s][info][gc,heap     ] GC(471)  Capacity:     2048M (100%)       2048M (100%)       2048M (100%)       2048M (100%)       2048M (100%)       2048M (100%)   
[103.912s][info][gc,heap     ] GC(471)      Free:     1508M (74%)        1320M (64%)        1512M (74%)        1718M (84%)        1726M (84%)        1302M (64%)    
[103.912s][info][gc,heap     ] GC(471)      Used:      540M (26%)         728M (36%)         536M (26%)         330M (16%)         746M (36%)         322M (16%)    
[103.912s][info][gc,heap     ] GC(471)      Live:         -                54M (3%)           54M (3%)           54M (3%)             -                  -          
[103.912s][info][gc,heap     ] GC(471) Allocated:         -               188M (9%)          240M (12%)         253M (12%)            -                  -          
[103.912s][info][gc,heap     ] GC(471)   Garbage:         -               485M (24%)         241M (12%)          22M (1%)             -                  -          
[103.912s][info][gc,heap     ] GC(471) Reclaimed:         -                  -               244M (12%)         463M (23%)            -                  -          
[103.912s][info][gc          ] GC(471) Garbage Collection (Allocation Rate) 540M(26%)->330M(16%)
[103.954s][info][gc,start    ] GC(472) Garbage Collection (Allocation Rate)
[103.984s][info][gc,task     ] GC(472) Using 6 workers
[103.984s][info][gc,phases   ] GC(472) Pause Mark Start 0.013ms
[104.016s][info][gc,phases   ] GC(472) Concurrent Mark 31.858ms
[104.016s][info][gc,phases   ] GC(472) Pause Mark End 0.024ms
[104.017s][info][gc,phases   ] GC(472) Concurrent Mark Free 0.001ms
[104.020s][info][gc,phases   ] GC(472) Concurrent Process Non-Strong References 3.617ms
[104.020s][info][gc,phases   ] GC(472) Concurrent Reset Relocation Set 0.037ms
[104.030s][info][gc,phases   ] GC(472) Concurrent Select Relocation Set 9.453ms
[104.030s][info][gc,phases   ] GC(472) Pause Relocate Start 0.009ms
[104.038s][info][gc,phases   ] GC(472) Concurrent Relocate 7.697ms
[104.038s][info][gc,load     ] GC(472) Load: 0.00/0.00/0.00
[104.038s][info][gc,mmu      ] GC(472) MMU: 2ms/98.1%, 5ms/99.2%, 10ms/99.5%, 20ms/99.8%, 50ms/99.8%, 100ms/99.9%
[104.038s][info][gc,marking  ] GC(472) Mark: 4 stripe(s), 2 proactive flush(es), 1 terminate flush(es), 0 completion(s), 0 continuation(s) 
[104.038s][info][gc,marking  ] GC(472) Mark Stack Usage: 32M
[104.038s][info][gc,nmethod  ] GC(472) NMethods: 4782 registered, 70 unregistered
[104.038s][info][gc,metaspace] GC(472) Metaspace: 71M used, 72M committed, 1088M reserved
[104.038s][info][gc,ref      ] GC(472) Soft: 3837 encountered, 0 discovered, 0 enqueued
[104.038s][info][gc,ref      ] GC(472) Weak: 11629 encountered, 923 discovered, 0 enqueued
[104.038s][info][gc,ref      ] GC(472) Final: 289 encountered, 3 discovered, 0 enqueued
[104.038s][info][gc,ref      ] GC(472) Phantom: 425 encountered, 272 discovered, 0 enqueued
[104.038s][info][gc,reloc    ] GC(472) Small Pages: 343 / 686M, Empty: 354M, Relocated: 6M, In-Place: 0
[104.038s][info][gc,reloc    ] GC(472) Medium Pages: 0 / 0M, Empty: 0M, Relocated: 0M, In-Place: 0
[104.038s][info][gc,reloc    ] GC(472) Large Pages: 0 / 0M, Empty: 0M, Relocated: 0M, In-Place: 0
[104.038s][info][gc,reloc    ] GC(472) Forwarding Usage: 2M
[104.038s][info][gc,heap     ] GC(472) Min Capacity: 8M(0%)
[104.038s][info][gc,heap     ] GC(472) Max Capacity: 2048M(100%)
[104.038s][info][gc,heap     ] GC(472) Soft Max Capacity: 2048M(100%)
[104.038s][info][gc,heap     ] GC(472)                Mark Start          Mark End        Relocate Start      Relocate End           High               Low         
[104.039s][info][gc,heap     ] GC(472)  Capacity:     2048M (100%)       2048M (100%)       2048M (100%)       2048M (100%)       2048M (100%)       2048M (100%)   
[104.039s][info][gc,heap     ] GC(472)      Free:     1362M (67%)        1206M (59%)        1502M (73%)        1736M (85%)        1752M (86%)        1190M (58%)    
[104.039s][info][gc,heap     ] GC(472)      Used:      686M (33%)         842M (41%)         546M (27%)         312M (15%)         858M (42%)         296M (14%)    
[104.039s][info][gc,heap     ] GC(472)      Live:         -                54M (3%)           54M (3%)           54M (3%)             -                  -          
[104.039s][info][gc,heap     ] GC(472) Allocated:         -               156M (8%)          214M (10%)         241M (12%)            -                  -          
[104.039s][info][gc,heap     ] GC(472)   Garbage:         -               631M (31%)         277M (14%)          16M (1%)             -                  -          
[104.039s][info][gc,heap     ] GC(472) Reclaimed:         -                  -               354M (17%)         615M (30%)            -                  -          
[104.039s][info][gc          ] GC(472) Garbage Collection (Allocation Rate) 686M(33%)->312M(15%)
[104.054s][info][gc,start    ] GC(473) Garbage Collection (Allocation Rate)
[104.054s][info][gc,task     ] GC(473) Using 6 workers
[104.054s][info][gc,phases   ] GC(473) Pause Mark Start 0.009ms
[104.095s][info][gc,phases   ] GC(473) Concurrent Mark 40.250ms
[104.095s][info][gc,phases   ] GC(473) Pause Mark End 0.025ms
[104.096s][info][gc,phases   ] GC(473) Concurrent Mark Free 0.002ms
[104.101s][info][gc,phases   ] GC(473) Concurrent Process Non-Strong References 4.538ms
[104.101s][info][gc,phases   ] GC(473) Concurrent Reset Relocation Set 0.047ms
[104.106s][info][gc,phases   ] GC(473) Concurrent Select Relocation Set 4.965ms
[104.106s][info][gc,phases   ] GC(473) Pause Relocate Start 0.009ms
[104.114s][info][gc,phases   ] GC(473) Concurrent Relocate 7.398ms
[104.114s][info][gc,load     ] GC(473) Load: 0.00/0.00/0.00
[104.114s][info][gc,mmu      ] GC(473) MMU: 2ms/98.1%, 5ms/99.2%, 10ms/99.5%, 20ms/99.8%, 50ms/99.8%, 100ms/99.9%
[104.114s][info][gc,marking  ] GC(473) Mark: 4 stripe(s), 3 proactive flush(es), 1 terminate flush(es), 0 completion(s), 0 continuation(s) 
[104.114s][info][gc,marking  ] GC(473) Mark Stack Usage: 32M
[104.114s][info][gc,nmethod  ] GC(473) NMethods: 4782 registered, 70 unregistered
[104.114s][info][gc,metaspace] GC(473) Metaspace: 71M used, 72M committed, 1088M reserved
[104.114s][info][gc,ref      ] GC(473) Soft: 3837 encountered, 0 discovered, 0 enqueued
[104.114s][info][gc,ref      ] GC(473) Weak: 11629 encountered, 1232 discovered, 0 enqueued
[104.114s][info][gc,ref      ] GC(473) Final: 289 encountered, 12 discovered, 0 enqueued
[104.114s][info][gc,ref      ] GC(473) Phantom: 425 encountered, 180 discovered, 0 enqueued
[104.114s][info][gc,reloc    ] GC(473) Small Pages: 194 / 388M, Empty: 130M, Relocated: 6M, In-Place: 0
[104.115s][info][gc,reloc    ] GC(473) Medium Pages: 0 / 0M, Empty: 0M, Relocated: 0M, In-Place: 0
[104.115s][info][gc,reloc    ] GC(473) Large Pages: 0 / 0M, Empty: 0M, Relocated: 0M, In-Place: 0
[104.115s][info][gc,reloc    ] GC(473) Forwarding Usage: 2M
[104.115s][info][gc,heap     ] GC(473) Min Capacity: 8M(0%)
[104.115s][info][gc,heap     ] GC(473) Max Capacity: 2048M(100%)
[104.115s][info][gc,heap     ] GC(473) Soft Max Capacity: 2048M(100%)
[104.115s][info][gc,heap     ] GC(473)                Mark Start          Mark End        Relocate Start      Relocate End           High               Low         
[104.115s][info][gc,heap     ] GC(473)  Capacity:     2048M (100%)       2048M (100%)       2048M (100%)       2048M (100%)       2048M (100%)       2048M (100%)   
[104.115s][info][gc,heap     ] GC(473)      Free:     1660M (81%)        1474M (72%)        1556M (76%)        1722M (84%)        1732M (85%)        1448M (71%)    
[104.115s][info][gc,heap     ] GC(473)      Used:      388M (19%)         574M (28%)         492M (24%)         326M (16%)         600M (29%)         316M (15%)    
[104.115s][info][gc,heap     ] GC(473)      Live:         -                54M (3%)           54M (3%)           54M (3%)             -                  -          
[104.115s][info][gc,heap     ] GC(473) Allocated:         -               186M (9%)          234M (11%)         255M (12%)            -                  -          
[104.115s][info][gc,heap     ] GC(473)   Garbage:         -               333M (16%)         203M (10%)          16M (1%)             -                  -          
[104.115s][info][gc,heap     ] GC(473) Reclaimed:         -                  -               130M (6%)          317M (15%)            -                  -          
[104.115s][info][gc          ] GC(473) Garbage Collection (Allocation Rate) 388M(19%)->326M(16%)
[104.155s][info][gc,start    ] GC(474) Garbage Collection (Allocation Rate)
[104.155s][info][gc,task     ] GC(474) Using 6 workers
[104.155s][info][gc,phases   ] GC(474) Pause Mark Start 0.012ms
[104.194s][info][gc,phases   ] GC(474) Concurrent Mark 38.159ms
[104.194s][info][gc,phases   ] GC(474) Pause Mark End 0.025ms
[104.196s][info][gc,phases   ] GC(474) Concurrent Mark Free 0.002ms
[104.200s][info][gc,phases   ] GC(474) Concurrent Process Non-Strong References 4.221ms
[104.200s][info][gc,phases   ] GC(474) Concurrent Reset Relocation Set 0.025ms
[104.206s][info][gc,phases   ] GC(474) Concurrent Select Relocation Set 5.660ms
[104.206s][info][gc,phases   ] GC(474) Pause Relocate Start 0.009ms
[104.215s][info][gc,phases   ] GC(474) Concurrent Relocate 8.680ms
[104.216s][info][gc,load     ] GC(474) Load: 0.00/0.00/0.00
[104.216s][info][gc,mmu      ] GC(474) MMU: 2ms/98.1%, 5ms/99.2%, 10ms/99.5%, 20ms/99.8%, 50ms/99.8%, 100ms/99.9%
[104.216s][info][gc,marking  ] GC(474) Mark: 4 stripe(s), 2 proactive flush(es), 1 terminate flush(es), 0 completion(s), 0 continuation(s) 
[104.216s][info][gc,marking  ] GC(474) Mark Stack Usage: 32M
[104.216s][info][gc,nmethod  ] GC(474) NMethods: 4782 registered, 70 unregistered
[104.216s][info][gc,metaspace] GC(474) Metaspace: 71M used, 72M committed, 1088M reserved
[104.216s][info][gc,ref      ] GC(474) Soft: 3837 encountered, 0 discovered, 0 enqueued
[104.216s][info][gc,ref      ] GC(474) Weak: 11629 encountered, 1164 discovered, 0 enqueued
[104.216s][info][gc,ref      ] GC(474) Final: 289 encountered, 17 discovered, 0 enqueued
[104.216s][info][gc,ref      ] GC(474) Phantom: 425 encountered, 216 discovered, 0 enqueued
[104.216s][info][gc,reloc    ] GC(474) Small Pages: 260 / 520M, Empty: 250M, Relocated: 6M, In-Place: 0
[104.216s][info][gc,reloc    ] GC(474) Medium Pages: 0 / 0M, Empty: 0M, Relocated: 0M, In-Place: 0
[104.216s][info][gc,reloc    ] GC(474) Large Pages: 0 / 0M, Empty: 0M, Relocated: 0M, In-Place: 0
[104.216s][info][gc,reloc    ] GC(474) Forwarding Usage: 2M
[104.216s][info][gc,heap     ] GC(474) Min Capacity: 8M(0%)
[104.216s][info][gc,heap     ] GC(474) Max Capacity: 2048M(100%)
[104.216s][info][gc,heap     ] GC(474) Soft Max Capacity: 2048M(100%)
[104.216s][info][gc,heap     ] GC(474)                Mark Start          Mark End        Relocate Start      Relocate End           High               Low         
[104.216s][info][gc,heap     ] GC(474)  Capacity:     2048M (100%)       2048M (100%)       2048M (100%)       2048M (100%)       2048M (100%)       2048M (100%)   
[104.216s][info][gc,heap     ] GC(474)      Free:     1528M (75%)        1352M (66%)        1552M (76%)        1724M (84%)        1742M (85%)        1328M (65%)    
[104.216s][info][gc,heap     ] GC(474)      Used:      520M (25%)         696M (34%)         496M (24%)         324M (16%)         720M (35%)         306M (15%)    
[104.216s][info][gc,heap     ] GC(474)      Live:         -                53M (3%)           53M (3%)           53M (3%)             -                  -          
[104.216s][info][gc,heap     ] GC(474) Allocated:         -               176M (9%)          226M (11%)         253M (12%)            -                  -          
[104.216s][info][gc,heap     ] GC(474)   Garbage:         -               466M (23%)         216M (11%)          16M (1%)             -                  -          
[104.216s][info][gc,heap     ] GC(474) Reclaimed:         -                  -               250M (12%)         449M (22%)            -                  -          
[104.216s][info][gc          ] GC(474) Garbage Collection (Allocation Rate) 520M(25%)->324M(16%)
[104.255s][info][gc,start    ] GC(475) Garbage Collection (Allocation Rate)
[104.255s][info][gc,task     ] GC(475) Using 6 workers
[104.255s][info][gc,phases   ] GC(475) Pause Mark Start 0.009ms
[104.296s][info][gc,phases   ] GC(475) Concurrent Mark 40.361ms
[104.296s][info][gc,phases   ] GC(475) Pause Mark End 0.030ms
[104.296s][info][gc,phases   ] GC(475) Concurrent Mark Free 0.001ms
[104.300s][info][gc,phases   ] GC(475) Concurrent Process Non-Strong References 3.938ms
[104.300s][info][gc,phases   ] GC(475) Concurrent Reset Relocation Set 0.036ms
[104.306s][info][gc,phases   ] GC(475) Concurrent Select Relocation Set 5.442ms
[104.306s][info][gc,phases   ] GC(475) Pause Relocate Start 0.008ms
[104.311s][info][gc,phases   ] GC(475) Concurrent Relocate 4.394ms
[104.311s][info][gc,load     ] GC(475) Load: 0.00/0.00/0.00
[104.311s][info][gc,mmu      ] GC(475) MMU: 2ms/98.1%, 5ms/99.2%, 10ms/99.5%, 20ms/99.8%, 50ms/99.8%, 100ms/99.9%
[104.311s][info][gc,marking  ] GC(475) Mark: 4 stripe(s), 3 proactive flush(es), 1 terminate flush(es), 0 completion(s), 0 continuation(s) 
[104.311s][info][gc,marking  ] GC(475) Mark Stack Usage: 32M
[104.311s][info][gc,nmethod  ] GC(475) NMethods: 4782 registered, 70 unregistered
[104.311s][info][gc,metaspace] GC(475) Metaspace: 71M used, 72M committed, 1088M reserved
[104.311s][info][gc,ref      ] GC(475) Soft: 3837 encountered, 0 discovered, 0 enqueued
[104.311s][info][gc,ref      ] GC(475) Weak: 11629 encountered, 1809 discovered, 0 enqueued
[104.311s][info][gc,ref      ] GC(475) Final: 289 encountered, 23 discovered, 0 enqueued
[104.311s][info][gc,ref      ] GC(475) Phantom: 425 encountered, 192 discovered, 0 enqueued
[104.311s][info][gc,reloc    ] GC(475) Small Pages: 252 / 504M, Empty: 190M, Relocated: 3M, In-Place: 0
[104.311s][info][gc,reloc    ] GC(475) Medium Pages: 0 / 0M, Empty: 0M, Relocated: 0M, In-Place: 0
[104.311s][info][gc,reloc    ] GC(475) Large Pages: 0 / 0M, Empty: 0M, Relocated: 0M, In-Place: 0
[104.311s][info][gc,reloc    ] GC(475) Forwarding Usage: 1M
[104.311s][info][gc,heap     ] GC(475) Min Capacity: 8M(0%)
[104.311s][info][gc,heap     ] GC(475) Max Capacity: 2048M(100%)
[104.311s][info][gc,heap     ] GC(475) Soft Max Capacity: 2048M(100%)
[104.311s][info][gc,heap     ] GC(475)                Mark Start          Mark End        Relocate Start      Relocate End           High               Low         
[104.311s][info][gc,heap     ] GC(475)  Capacity:     2048M (100%)       2048M (100%)       2048M (100%)       2048M (100%)       2048M (100%)       2048M (100%)   
[104.311s][info][gc,heap     ] GC(475)      Free:     1544M (75%)        1362M (67%)        1508M (74%)        1736M (85%)        1740M (85%)        1342M (66%)    
[104.311s][info][gc,heap     ] GC(475)      Used:      504M (25%)         686M (33%)         540M (26%)         312M (15%)         706M (34%)         308M (15%)    
[104.311s][info][gc,heap     ] GC(475)      Live:         -                54M (3%)           54M (3%)           54M (3%)             -                  -          
[104.311s][info][gc,heap     ] GC(475) Allocated:         -               182M (9%)          226M (11%)         235M (11%)            -                  -          
[104.311s][info][gc,heap     ] GC(475)   Garbage:         -               449M (22%)         259M (13%)          22M (1%)             -                  -          
[104.311s][info][gc,heap     ] GC(475) Reclaimed:         -                  -               190M (9%)          427M (21%)            -                  -          
[104.311s][info][gc          ] GC(475) Garbage Collection (Allocation Rate) 504M(25%)->312M(15%)
[104.355s][info][gc,start    ] GC(476) Garbage Collection (Allocation Rate)
[104.355s][info][gc,task     ] GC(476) Using 6 workers
[104.355s][info][gc,phases   ] GC(476) Pause Mark Start 0.014ms
[104.392s][info][gc,phases   ] GC(476) Concurrent Mark 37.125ms
[104.393s][info][gc,phases   ] GC(476) Pause Mark End 0.025ms
[104.396s][info][gc,phases   ] GC(476) Concurrent Mark Free 0.002ms
[104.400s][info][gc,phases   ] GC(476) Concurrent Process Non-Strong References 3.859ms
[104.400s][info][gc,phases   ] GC(476) Concurrent Reset Relocation Set 0.036ms
[104.408s][info][gc,phases   ] GC(476) Concurrent Select Relocation Set 7.913ms
[104.408s][info][gc,phases   ] GC(476) Pause Relocate Start 0.008ms
[104.417s][info][gc,phases   ] GC(476) Concurrent Relocate 7.653ms
[104.417s][info][gc,load     ] GC(476) Load: 0.00/0.00/0.00
[104.417s][info][gc,mmu      ] GC(476) MMU: 2ms/98.1%, 5ms/99.2%, 10ms/99.5%, 20ms/99.8%, 50ms/99.8%, 100ms/99.9%
[104.417s][info][gc,marking  ] GC(476) Mark: 4 stripe(s), 2 proactive flush(es), 1 terminate flush(es), 0 completion(s), 0 continuation(s) 
[104.417s][info][gc,marking  ] GC(476) Mark Stack Usage: 32M
[104.417s][info][gc,nmethod  ] GC(476) NMethods: 4782 registered, 70 unregistered
[104.417s][info][gc,metaspace] GC(476) Metaspace: 71M used, 72M committed, 1088M reserved
[104.417s][info][gc,ref      ] GC(476) Soft: 3837 encountered, 0 discovered, 0 enqueued
[104.417s][info][gc,ref      ] GC(476) Weak: 11629 encountered, 1467 discovered, 0 enqueued
[104.417s][info][gc,ref      ] GC(476) Final: 289 encountered, 11 discovered, 0 enqueued
[104.417s][info][gc,ref      ] GC(476) Phantom: 425 encountered, 188 discovered, 0 enqueued
[104.417s][info][gc,reloc    ] GC(476) Small Pages: 259 / 518M, Empty: 248M, Relocated: 6M, In-Place: 0
[104.417s][info][gc,reloc    ] GC(476) Medium Pages: 0 / 0M, Empty: 0M, Relocated: 0M, In-Place: 0
[104.417s][info][gc,reloc    ] GC(476) Large Pages: 0 / 0M, Empty: 0M, Relocated: 0M, In-Place: 0
[104.417s][info][gc,reloc    ] GC(476) Forwarding Usage: 2M
[104.417s][info][gc,heap     ] GC(476) Min Capacity: 8M(0%)
[104.417s][info][gc,heap     ] GC(476) Max Capacity: 2048M(100%)
[104.417s][info][gc,heap     ] GC(476) Soft Max Capacity: 2048M(100%)
[104.417s][info][gc,heap     ] GC(476)                Mark Start          Mark End        Relocate Start      Relocate End           High               Low         
[104.417s][info][gc,heap     ] GC(476)  Capacity:     2048M (100%)       2048M (100%)       2048M (100%)       2048M (100%)       2048M (100%)       2048M (100%)   
[104.417s][info][gc,heap     ] GC(476)      Free:     1530M (75%)        1354M (66%)        1536M (75%)        1708M (83%)        1724M (84%)        1322M (65%)    
[104.417s][info][gc,heap     ] GC(476)      Used:      518M (25%)         694M (34%)         512M (25%)         340M (17%)         726M (35%)         324M (16%)    
[104.417s][info][gc,heap     ] GC(476)      Live:         -                54M (3%)           54M (3%)           54M (3%)             -                  -          
[104.417s][info][gc,heap     ] GC(476) Allocated:         -               176M (9%)          242M (12%)         269M (13%)            -                  -          
[104.417s][info][gc,heap     ] GC(476)   Garbage:         -               463M (23%)         215M (11%)          16M (1%)             -                  -          
[104.417s][info][gc,heap     ] GC(476) Reclaimed:         -                  -               248M (12%)         447M (22%)            -                  -          
[104.417s][info][gc          ] GC(476) Garbage Collection (Allocation Rate) 518M(25%)->340M(17%)
[104.454s][info][gc,start    ] GC(477) Garbage Collection (Allocation Rate)
[104.454s][info][gc,task     ] GC(477) Using 6 workers
[104.454s][info][gc,phases   ] GC(477) Pause Mark Start 0.010ms
[104.496s][info][gc,phases   ] GC(477) Concurrent Mark 41.810ms
[104.496s][info][gc,phases   ] GC(477) Pause Mark End 0.023ms
[104.497s][info][gc,phases   ] GC(477) Concurrent Mark Free 0.002ms
[104.501s][info][gc,phases   ] GC(477) Concurrent Process Non-Strong References 4.043ms
[104.501s][info][gc,phases   ] GC(477) Concurrent Reset Relocation Set 0.031ms
[104.509s][info][gc,phases   ] GC(477) Concurrent Select Relocation Set 8.417ms
[104.509s][info][gc,phases   ] GC(477) Pause Relocate Start 0.009ms
[104.517s][info][gc,phases   ] GC(477) Concurrent Relocate 7.510ms
[104.517s][info][gc,load     ] GC(477) Load: 0.00/0.00/0.00
[104.517s][info][gc,mmu      ] GC(477) MMU: 2ms/98.1%, 5ms/99.2%, 10ms/99.5%, 20ms/99.8%, 50ms/99.8%, 100ms/99.9%
[104.517s][info][gc,marking  ] GC(477) Mark: 4 stripe(s), 3 proactive flush(es), 1 terminate flush(es), 0 completion(s), 0 continuation(s) 
[104.517s][info][gc,marking  ] GC(477) Mark Stack Usage: 32M
[104.517s][info][gc,nmethod  ] GC(477) NMethods: 4782 registered, 70 unregistered
[104.517s][info][gc,metaspace] GC(477) Metaspace: 71M used, 72M committed, 1088M reserved
[104.517s][info][gc,ref      ] GC(477) Soft: 3837 encountered, 0 discovered, 0 enqueued
[104.517s][info][gc,ref      ] GC(477) Weak: 11629 encountered, 1570 discovered, 0 enqueued
[104.517s][info][gc,ref      ] GC(477) Final: 289 encountered, 36 discovered, 0 enqueued
[104.517s][info][gc,ref      ] GC(477) Phantom: 425 encountered, 294 discovered, 0 enqueued
[104.518s][info][gc,reloc    ] GC(477) Small Pages: 261 / 522M, Empty: 228M, Relocated: 6M, In-Place: 0
[104.518s][info][gc,reloc    ] GC(477) Medium Pages: 0 / 0M, Empty: 0M, Relocated: 0M, In-Place: 0
[104.518s][info][gc,reloc    ] GC(477) Large Pages: 0 / 0M, Empty: 0M, Relocated: 0M, In-Place: 0
[104.518s][info][gc,reloc    ] GC(477) Forwarding Usage: 2M
[104.518s][info][gc,heap     ] GC(477) Min Capacity: 8M(0%)
[104.518s][info][gc,heap     ] GC(477) Max Capacity: 2048M(100%)
[104.518s][info][gc,heap     ] GC(477) Soft Max Capacity: 2048M(100%)
[104.518s][info][gc,heap     ] GC(477)                Mark Start          Mark End        Relocate Start      Relocate End           High               Low         
[104.518s][info][gc,heap     ] GC(477)  Capacity:     2048M (100%)       2048M (100%)       2048M (100%)       2048M (100%)       2048M (100%)       2048M (100%)   
[104.518s][info][gc,heap     ] GC(477)      Free:     1526M (75%)        1326M (65%)        1494M (73%)        1694M (83%)        1708M (83%)        1306M (64%)    
[104.518s][info][gc,heap     ] GC(477)      Used:      522M (25%)         722M (35%)         554M (27%)         354M (17%)         742M (36%)         340M (17%)    
[104.518s][info][gc,heap     ] GC(477)      Live:         -                54M (3%)           54M (3%)           54M (3%)             -                  -          
[104.518s][info][gc,heap     ] GC(477) Allocated:         -               200M (10%)         260M (13%)         283M (14%)            -                  -          
[104.518s][info][gc,heap     ] GC(477)   Garbage:         -               467M (23%)         239M (12%)          16M (1%)             -                  -          
[104.518s][info][gc,heap     ] GC(477) Reclaimed:         -                  -               228M (11%)         451M (22%)            -                  -          
[104.518s][info][gc          ] GC(477) Garbage Collection (Allocation Rate) 522M(25%)->354M(17%)
[104.554s][info][gc,start    ] GC(478) Garbage Collection (Allocation Rate)
[104.554s][info][gc,task     ] GC(478) Using 6 workers
[104.554s][info][gc,phases   ] GC(478) Pause Mark Start 0.010ms
[104.591s][info][gc,phases   ] GC(478) Concurrent Mark 36.433ms
[104.591s][info][gc,phases   ] GC(478) Pause Mark End 0.029ms
[104.594s][info][gc,phases   ] GC(478) Concurrent Mark Free 0.002ms
[104.598s][info][gc,phases   ] GC(478) Concurrent Process Non-Strong References 3.900ms
[104.598s][info][gc,phases   ] GC(478) Concurrent Reset Relocation Set 0.039ms
[104.603s][info][gc,phases   ] GC(478) Concurrent Select Relocation Set 4.960ms
[104.603s][info][gc,phases   ] GC(478) Pause Relocate Start 0.008ms
[104.608s][info][gc,phases   ] GC(478) Concurrent Relocate 4.012ms
[104.608s][info][gc,load     ] GC(478) Load: 0.00/0.00/0.00
[104.608s][info][gc,mmu      ] GC(478) MMU: 2ms/98.1%, 5ms/99.2%, 10ms/99.5%, 20ms/99.8%, 50ms/99.8%, 100ms/99.9%
[104.608s][info][gc,marking  ] GC(478) Mark: 4 stripe(s), 2 proactive flush(es), 1 terminate flush(es), 0 completion(s), 0 continuation(s) 
[104.608s][info][gc,marking  ] GC(478) Mark Stack Usage: 32M
[104.608s][info][gc,nmethod  ] GC(478) NMethods: 4782 registered, 70 unregistered
[104.608s][info][gc,metaspace] GC(478) Metaspace: 71M used, 72M committed, 1088M reserved
[104.608s][info][gc,ref      ] GC(478) Soft: 3837 encountered, 0 discovered, 0 enqueued
[104.608s][info][gc,ref      ] GC(478) Weak: 11629 encountered, 1143 discovered, 0 enqueued
[104.608s][info][gc,ref      ] GC(478) Final: 289 encountered, 18 discovered, 0 enqueued
[104.608s][info][gc,ref      ] GC(478) Phantom: 425 encountered, 289 discovered, 0 enqueued
[104.608s][info][gc,reloc    ] GC(478) Small Pages: 270 / 540M, Empty: 248M, Relocated: 3M, In-Place: 0
[104.608s][info][gc,reloc    ] GC(478) Medium Pages: 0 / 0M, Empty: 0M, Relocated: 0M, In-Place: 0
[104.608s][info][gc,reloc    ] GC(478) Large Pages: 0 / 0M, Empty: 0M, Relocated: 0M, In-Place: 0
[104.608s][info][gc,reloc    ] GC(478) Forwarding Usage: 1M
[104.608s][info][gc,heap     ] GC(478) Min Capacity: 8M(0%)
[104.608s][info][gc,heap     ] GC(478) Max Capacity: 2048M(100%)
[104.608s][info][gc,heap     ] GC(478) Soft Max Capacity: 2048M(100%)
[104.608s][info][gc,heap     ] GC(478)                Mark Start          Mark End        Relocate Start      Relocate End           High               Low         
[104.608s][info][gc,heap     ] GC(478)  Capacity:     2048M (100%)       2048M (100%)       2048M (100%)       2048M (100%)       2048M (100%)       2048M (100%)   
[104.608s][info][gc,heap     ] GC(478)      Free:     1508M (74%)        1332M (65%)        1526M (75%)        1730M (84%)        1734M (85%)        1304M (64%)    
[104.608s][info][gc,heap     ] GC(478)      Used:      540M (26%)         716M (35%)         522M (25%)         318M (16%)         744M (36%)         314M (15%)    
[104.608s][info][gc,heap     ] GC(478)      Live:         -                54M (3%)           54M (3%)           54M (3%)             -                  -          
[104.608s][info][gc,heap     ] GC(478) Allocated:         -               176M (9%)          230M (11%)         241M (12%)            -                  -          
[104.608s][info][gc,heap     ] GC(478)   Garbage:         -               485M (24%)         237M (12%)          22M (1%)             -                  -          
[104.608s][info][gc,heap     ] GC(478) Reclaimed:         -                  -               248M (12%)         463M (23%)            -                  -          
[104.608s][info][gc          ] GC(478) Garbage Collection (Allocation Rate) 540M(26%)->318M(16%)
[104.653s][info][gc,start    ] GC(479) Garbage Collection (Allocation Rate)
[104.653s][info][gc,task     ] GC(479) Using 6 workers
[104.654s][info][gc,phases   ] GC(479) Pause Mark Start 0.010ms
[104.687s][info][gc,phases   ] GC(479) Concurrent Mark 32.922ms
[104.687s][info][gc,phases   ] GC(479) Pause Mark End 0.022ms
[104.688s][info][gc,phases   ] GC(479) Concurrent Mark Free 0.001ms
[104.692s][info][gc,phases   ] GC(479) Concurrent Process Non-Strong References 3.981ms
[104.692s][info][gc,phases   ] GC(479) Concurrent Reset Relocation Set 0.035ms
[104.699s][info][gc,phases   ] GC(479) Concurrent Select Relocation Set 7.064ms
[104.699s][info][gc,phases   ] GC(479) Pause Relocate Start 0.009ms
[104.703s][info][gc,phases   ] GC(479) Concurrent Relocate 3.992ms
[104.704s][info][gc,load     ] GC(479) Load: 0.00/0.00/0.00
[104.704s][info][gc,mmu      ] GC(479) MMU: 2ms/98.1%, 5ms/99.2%, 10ms/99.5%, 20ms/99.8%, 50ms/99.8%, 100ms/99.9%
[104.704s][info][gc,marking  ] GC(479) Mark: 4 stripe(s), 2 proactive flush(es), 1 terminate flush(es), 0 completion(s), 0 continuation(s) 
[104.704s][info][gc,marking  ] GC(479) Mark Stack Usage: 32M
[104.704s][info][gc,nmethod  ] GC(479) NMethods: 4782 registered, 70 unregistered
[104.704s][info][gc,metaspace] GC(479) Metaspace: 71M used, 72M committed, 1088M reserved
[104.704s][info][gc,ref      ] GC(479) Soft: 3837 encountered, 0 discovered, 0 enqueued
[104.704s][info][gc,ref      ] GC(479) Weak: 11629 encountered, 1093 discovered, 0 enqueued
[104.704s][info][gc,ref      ] GC(479) Final: 289 encountered, 34 discovered, 0 enqueued
[104.704s][info][gc,ref      ] GC(479) Phantom: 425 encountered, 274 discovered, 0 enqueued
[104.704s][info][gc,reloc    ] GC(479) Small Pages: 275 / 550M, Empty: 252M, Relocated: 3M, In-Place: 0
[104.704s][info][gc,reloc    ] GC(479) Medium Pages: 0 / 0M, Empty: 0M, Relocated: 0M, In-Place: 0
[104.704s][info][gc,reloc    ] GC(479) Large Pages: 0 / 0M, Empty: 0M, Relocated: 0M, In-Place: 0
[104.704s][info][gc,reloc    ] GC(479) Forwarding Usage: 1M
[104.704s][info][gc,heap     ] GC(479) Min Capacity: 8M(0%)
[104.704s][info][gc,heap     ] GC(479) Max Capacity: 2048M(100%)
[104.704s][info][gc,heap     ] GC(479) Soft Max Capacity: 2048M(100%)
[104.704s][info][gc,heap     ] GC(479)                Mark Start          Mark End        Relocate Start      Relocate End           High               Low         
[104.704s][info][gc,heap     ] GC(479)  Capacity:     2048M (100%)       2048M (100%)       2048M (100%)       2048M (100%)       2048M (100%)       2048M (100%)   
[104.704s][info][gc,heap     ] GC(479)      Free:     1498M (73%)        1336M (65%)        1534M (75%)        1742M (85%)        1746M (85%)        1314M (64%)    
[104.704s][info][gc,heap     ] GC(479)      Used:      550M (27%)         712M (35%)         514M (25%)         306M (15%)         734M (36%)         302M (15%)    
[104.704s][info][gc,heap     ] GC(479)      Live:         -                54M (3%)           54M (3%)           54M (3%)             -                  -          
[104.704s][info][gc,heap     ] GC(479) Allocated:         -               162M (8%)          216M (11%)         229M (11%)            -                  -          
[104.704s][info][gc,heap     ] GC(479)   Garbage:         -               495M (24%)         243M (12%)          22M (1%)             -                  -          
[104.704s][info][gc,heap     ] GC(479) Reclaimed:         -                  -               252M (12%)         473M (23%)            -                  -          
[104.704s][info][gc          ] GC(479) Garbage Collection (Allocation Rate) 550M(27%)->306M(15%)
[104.854s][info][gc,start    ] GC(480) Garbage Collection (Allocation Rate)
[104.854s][info][gc,task     ] GC(480) Using 4 workers
[104.854s][info][gc,phases   ] GC(480) Pause Mark Start 0.010ms
[104.902s][info][gc,phases   ] GC(480) Concurrent Mark 46.941ms
[104.902s][info][gc,phases   ] GC(480) Pause Mark End 0.029ms
[104.905s][info][gc,phases   ] GC(480) Concurrent Mark Free 0.002ms
[104.910s][info][gc,phases   ] GC(480) Concurrent Process Non-Strong References 5.301ms
[104.910s][info][gc,phases   ] GC(480) Concurrent Reset Relocation Set 0.041ms
[104.918s][info][gc,phases   ] GC(480) Concurrent Select Relocation Set 7.671ms
[104.918s][info][gc,phases   ] GC(480) Pause Relocate Start 0.009ms
[104.928s][info][gc,phases   ] GC(480) Concurrent Relocate 10.018ms
[104.929s][info][gc,load     ] GC(480) Load: 0.00/0.00/0.00
[104.929s][info][gc,mmu      ] GC(480) MMU: 2ms/98.1%, 5ms/99.2%, 10ms/99.5%, 20ms/99.8%, 50ms/99.8%, 100ms/99.9%
[104.929s][info][gc,marking  ] GC(480) Mark: 4 stripe(s), 2 proactive flush(es), 1 terminate flush(es), 0 completion(s), 0 continuation(s) 
[104.929s][info][gc,marking  ] GC(480) Mark Stack Usage: 32M
[104.929s][info][gc,nmethod  ] GC(480) NMethods: 4782 registered, 70 unregistered
[104.929s][info][gc,metaspace] GC(480) Metaspace: 71M used, 72M committed, 1088M reserved
[104.929s][info][gc,ref      ] GC(480) Soft: 3837 encountered, 0 discovered, 0 enqueued
[104.929s][info][gc,ref      ] GC(480) Weak: 11629 encountered, 1580 discovered, 0 enqueued
[104.929s][info][gc,ref      ] GC(480) Final: 289 encountered, 3 discovered, 0 enqueued
[104.929s][info][gc,ref      ] GC(480) Phantom: 425 encountered, 195 discovered, 0 enqueued
[104.929s][info][gc,reloc    ] GC(480) Small Pages: 531 / 1062M, Empty: 678M, Relocated: 6M, In-Place: 0
[104.929s][info][gc,reloc    ] GC(480) Medium Pages: 0 / 0M, Empty: 0M, Relocated: 0M, In-Place: 0
[104.929s][info][gc,reloc    ] GC(480) Large Pages: 0 / 0M, Empty: 0M, Relocated: 0M, In-Place: 0
[104.929s][info][gc,reloc    ] GC(480) Forwarding Usage: 2M
[104.929s][info][gc,heap     ] GC(480) Min Capacity: 8M(0%)
[104.929s][info][gc,heap     ] GC(480) Max Capacity: 2048M(100%)
[104.929s][info][gc,heap     ] GC(480) Soft Max Capacity: 2048M(100%)
[104.929s][info][gc,heap     ] GC(480)                Mark Start          Mark End        Relocate Start      Relocate End           High               Low         
[104.929s][info][gc,heap     ] GC(480)  Capacity:     2048M (100%)       2048M (100%)       2048M (100%)       2048M (100%)       2048M (100%)       2048M (100%)   
[104.929s][info][gc,heap     ] GC(480)      Free:      986M (48%)         758M (37%)        1362M (67%)        1642M (80%)        1666M (81%)         720M (35%)    
[104.929s][info][gc,heap     ] GC(480)      Used:     1062M (52%)        1290M (63%)         686M (33%)         406M (20%)        1328M (65%)         382M (19%)    
[104.929s][info][gc,heap     ] GC(480)      Live:         -                54M (3%)           54M (3%)           54M (3%)             -                  -          
[104.929s][info][gc,heap     ] GC(480) Allocated:         -               228M (11%)         302M (15%)         334M (16%)            -                  -          
[104.929s][info][gc,heap     ] GC(480)   Garbage:         -              1007M (49%)         329M (16%)          17M (1%)             -                  -          
[104.929s][info][gc,heap     ] GC(480) Reclaimed:         -                  -               678M (33%)         990M (48%)            -                  -          
[104.929s][info][gc          ] GC(480) Garbage Collection (Allocation Rate) 1062M(52%)->406M(20%)
[105.055s][info][gc,start    ] GC(481) Garbage Collection (Allocation Rate)
[105.055s][info][gc,task     ] GC(481) Using 4 workers
[105.055s][info][gc,phases   ] GC(481) Pause Mark Start 0.013ms
[105.103s][info][gc,phases   ] GC(481) Concurrent Mark 47.074ms
[105.103s][info][gc,phases   ] GC(481) Pause Mark End 0.025ms
[105.103s][info][gc,phases   ] GC(481) Concurrent Mark Free 0.001ms
[105.110s][info][gc,phases   ] GC(481) Concurrent Process Non-Strong References 6.364ms
[105.110s][info][gc,phases   ] GC(481) Concurrent Reset Relocation Set 0.048ms
[105.120s][info][gc,phases   ] GC(481) Concurrent Select Relocation Set 10.193ms
[105.120s][info][gc,phases   ] GC(481) Pause Relocate Start 0.010ms
[105.132s][info][gc,phases   ] GC(481) Concurrent Relocate 11.274ms
[105.132s][info][gc,load     ] GC(481) Load: 0.00/0.00/0.00
[105.132s][info][gc,mmu      ] GC(481) MMU: 2ms/98.1%, 5ms/99.2%, 10ms/99.5%, 20ms/99.8%, 50ms/99.8%, 100ms/99.9%
[105.132s][info][gc,marking  ] GC(481) Mark: 4 stripe(s), 2 proactive flush(es), 1 terminate flush(es), 0 completion(s), 0 continuation(s) 
[105.132s][info][gc,marking  ] GC(481) Mark Stack Usage: 32M
[105.132s][info][gc,nmethod  ] GC(481) NMethods: 4782 registered, 70 unregistered
[105.132s][info][gc,metaspace] GC(481) Metaspace: 71M used, 72M committed, 1088M reserved
[105.132s][info][gc,ref      ] GC(481) Soft: 3837 encountered, 0 discovered, 0 enqueued
[105.132s][info][gc,ref      ] GC(481) Weak: 11577 encountered, 1684 discovered, 144 enqueued
[105.133s][info][gc,ref      ] GC(481) Final: 289 encountered, 15 discovered, 0 enqueued
[105.133s][info][gc,ref      ] GC(481) Phantom: 425 encountered, 197 discovered, 0 enqueued
[105.133s][info][gc,reloc    ] GC(481) Small Pages: 511 / 1022M, Empty: 628M, Relocated: 8M, In-Place: 0
[105.133s][info][gc,reloc    ] GC(481) Medium Pages: 0 / 0M, Empty: 0M, Relocated: 0M, In-Place: 0
[105.133s][info][gc,reloc    ] GC(481) Large Pages: 0 / 0M, Empty: 0M, Relocated: 0M, In-Place: 0
[105.133s][info][gc,reloc    ] GC(481) Forwarding Usage: 3M
[105.133s][info][gc,heap     ] GC(481) Min Capacity: 8M(0%)
[105.133s][info][gc,heap     ] GC(481) Max Capacity: 2048M(100%)
[105.133s][info][gc,heap     ] GC(481) Soft Max Capacity: 2048M(100%)
[105.133s][info][gc,heap     ] GC(481)                Mark Start          Mark End        Relocate Start      Relocate End           High               Low         
[105.133s][info][gc,heap     ] GC(481)  Capacity:     2048M (100%)       2048M (100%)       2048M (100%)       2048M (100%)       2048M (100%)       2048M (100%)   
[105.133s][info][gc,heap     ] GC(481)      Free:     1026M (50%)         808M (39%)        1364M (67%)        1656M (81%)        1680M (82%)         782M (38%)    
[105.133s][info][gc,heap     ] GC(481)      Used:     1022M (50%)        1240M (61%)         684M (33%)         392M (19%)        1266M (62%)         368M (18%)    
[105.133s][info][gc,heap     ] GC(481)      Live:         -                52M (3%)           52M (3%)           52M (3%)             -                  -          
[105.133s][info][gc,heap     ] GC(481) Allocated:         -               218M (11%)         290M (14%)         326M (16%)            -                  -          
[105.133s][info][gc,heap     ] GC(481)   Garbage:         -               969M (47%)         341M (17%)          13M (1%)             -                  -          
[105.133s][info][gc,heap     ] GC(481) Reclaimed:         -                  -               628M (31%)         956M (47%)            -                  -          
[105.133s][info][gc          ] GC(481) Garbage Collection (Allocation Rate) 1022M(50%)->392M(19%)
[105.254s][info][gc,start    ] GC(482) Garbage Collection (Allocation Rate)
[105.254s][info][gc,task     ] GC(482) Using 3 workers
[105.255s][info][gc,phases   ] GC(482) Pause Mark Start 0.012ms
[105.315s][info][gc,phases   ] GC(482) Concurrent Mark 60.419ms
[105.316s][info][gc,phases   ] GC(482) Pause Mark End 0.021ms
[105.316s][info][gc,phases   ] GC(482) Concurrent Mark Free 0.001ms
[105.325s][info][gc,phases   ] GC(482) Concurrent Process Non-Strong References 9.398ms
[105.326s][info][gc,phases   ] GC(482) Concurrent Reset Relocation Set 0.053ms
[105.332s][info][gc,phases   ] GC(482) Concurrent Select Relocation Set 6.737ms
[105.333s][info][gc,phases   ] GC(482) Pause Relocate Start 0.009ms
[105.342s][info][gc,phases   ] GC(482) Concurrent Relocate 9.022ms
[105.342s][info][gc,load     ] GC(482) Load: 0.00/0.00/0.00
[105.342s][info][gc,mmu      ] GC(482) MMU: 2ms/98.1%, 5ms/99.2%, 10ms/99.5%, 20ms/99.8%, 50ms/99.8%, 100ms/99.9%
[105.342s][info][gc,marking  ] GC(482) Mark: 2 stripe(s), 2 proactive flush(es), 1 terminate flush(es), 0 completion(s), 0 continuation(s) 
[105.342s][info][gc,marking  ] GC(482) Mark Stack Usage: 32M
[105.342s][info][gc,nmethod  ] GC(482) NMethods: 4782 registered, 70 unregistered
[105.342s][info][gc,metaspace] GC(482) Metaspace: 71M used, 72M committed, 1088M reserved
[105.342s][info][gc,ref      ] GC(482) Soft: 3837 encountered, 0 discovered, 0 enqueued
[105.342s][info][gc,ref      ] GC(482) Weak: 11433 encountered, 1179 discovered, 0 enqueued
[105.342s][info][gc,ref      ] GC(482) Final: 289 encountered, 27 discovered, 0 enqueued
[105.342s][info][gc,ref      ] GC(482) Phantom: 425 encountered, 290 discovered, 0 enqueued
[105.342s][info][gc,reloc    ] GC(482) Small Pages: 485 / 970M, Empty: 566M, Relocated: 6M, In-Place: 0
[105.342s][info][gc,reloc    ] GC(482) Medium Pages: 0 / 0M, Empty: 0M, Relocated: 0M, In-Place: 0
[105.343s][info][gc,reloc    ] GC(482) Large Pages: 0 / 0M, Empty: 0M, Relocated: 0M, In-Place: 0
[105.343s][info][gc,reloc    ] GC(482) Forwarding Usage: 2M
[105.343s][info][gc,heap     ] GC(482) Min Capacity: 8M(0%)
[105.343s][info][gc,heap     ] GC(482) Max Capacity: 2048M(100%)
[105.343s][info][gc,heap     ] GC(482) Soft Max Capacity: 2048M(100%)
[105.343s][info][gc,heap     ] GC(482)                Mark Start          Mark End        Relocate Start      Relocate End           High               Low         
[105.343s][info][gc,heap     ] GC(482)  Capacity:     2048M (100%)       2048M (100%)       2048M (100%)       2048M (100%)       2048M (100%)       2048M (100%)   
[105.343s][info][gc,heap     ] GC(482)      Free:     1078M (53%)         786M (38%)        1272M (62%)        1586M (77%)        1600M (78%)         736M (36%)    
[105.343s][info][gc,heap     ] GC(482)      Used:      970M (47%)        1262M (62%)         776M (38%)         462M (23%)        1312M (64%)         448M (22%)    
[105.343s][info][gc,heap     ] GC(482)      Live:         -                52M (3%)           52M (3%)           52M (3%)             -                  -          
[105.343s][info][gc,heap     ] GC(482) Allocated:         -               292M (14%)         372M (18%)         398M (19%)            -                  -          
[105.343s][info][gc,heap     ] GC(482)   Garbage:         -               917M (45%)         351M (17%)          11M (1%)             -                  -          
[105.343s][info][gc,heap     ] GC(482) Reclaimed:         -                  -               566M (28%)         906M (44%)            -                  -          
[105.343s][info][gc          ] GC(482) Garbage Collection (Allocation Rate) 970M(47%)->462M(23%)
[105.455s][info][gc,start    ] GC(483) Garbage Collection (Allocation Rate)
[105.455s][info][gc,task     ] GC(483) Using 3 workers
[105.455s][info][gc,phases   ] GC(483) Pause Mark Start 0.009ms
[105.513s][info][gc,phases   ] GC(483) Concurrent Mark 57.224ms
[105.513s][info][gc,phases   ] GC(483) Pause Mark End 0.020ms
[105.515s][info][gc,phases   ] GC(483) Concurrent Mark Free 0.002ms
[105.522s][info][gc,phases   ] GC(483) Concurrent Process Non-Strong References 6.976ms
[105.522s][info][gc,phases   ] GC(483) Concurrent Reset Relocation Set 0.058ms
[105.528s][info][gc,phases   ] GC(483) Concurrent Select Relocation Set 5.913ms
[105.528s][info][gc,phases   ] GC(483) Pause Relocate Start 0.008ms
[105.537s][info][gc,phases   ] GC(483) Concurrent Relocate 8.724ms
[105.537s][info][gc,load     ] GC(483) Load: 0.00/0.00/0.00
[105.537s][info][gc,mmu      ] GC(483) MMU: 2ms/98.1%, 5ms/99.2%, 10ms/99.5%, 20ms/99.8%, 50ms/99.8%, 100ms/99.9%
[105.537s][info][gc,marking  ] GC(483) Mark: 2 stripe(s), 2 proactive flush(es), 1 terminate flush(es), 0 completion(s), 0 continuation(s) 
[105.537s][info][gc,marking  ] GC(483) Mark Stack Usage: 32M
[105.537s][info][gc,nmethod  ] GC(483) NMethods: 4782 registered, 70 unregistered
[105.537s][info][gc,metaspace] GC(483) Metaspace: 71M used, 72M committed, 1088M reserved
[105.537s][info][gc,ref      ] GC(483) Soft: 3837 encountered, 0 discovered, 0 enqueued
[105.537s][info][gc,ref      ] GC(483) Weak: 11433 encountered, 848 discovered, 0 enqueued
[105.537s][info][gc,ref      ] GC(483) Final: 289 encountered, 25 discovered, 0 enqueued
[105.537s][info][gc,ref      ] GC(483) Phantom: 425 encountered, 243 discovered, 0 enqueued
[105.537s][info][gc,reloc    ] GC(483) Small Pages: 513 / 1026M, Empty: 656M, Relocated: 6M, In-Place: 0
[105.537s][info][gc,reloc    ] GC(483) Medium Pages: 0 / 0M, Empty: 0M, Relocated: 0M, In-Place: 0
[105.537s][info][gc,reloc    ] GC(483) Large Pages: 0 / 0M, Empty: 0M, Relocated: 0M, In-Place: 0
[105.537s][info][gc,reloc    ] GC(483) Forwarding Usage: 2M
[105.537s][info][gc,heap     ] GC(483) Min Capacity: 8M(0%)
[105.537s][info][gc,heap     ] GC(483) Max Capacity: 2048M(100%)
[105.537s][info][gc,heap     ] GC(483) Soft Max Capacity: 2048M(100%)
[105.537s][info][gc,heap     ] GC(483)                Mark Start          Mark End        Relocate Start      Relocate End           High               Low         
[105.537s][info][gc,heap     ] GC(483)  Capacity:     2048M (100%)       2048M (100%)       2048M (100%)       2048M (100%)       2048M (100%)       2048M (100%)   
[105.537s][info][gc,heap     ] GC(483)      Free:     1022M (50%)         746M (36%)        1332M (65%)        1614M (79%)        1630M (80%)         704M (34%)    
[105.537s][info][gc,heap     ] GC(483)      Used:     1026M (50%)        1302M (64%)         716M (35%)         434M (21%)        1344M (66%)         418M (20%)    
[105.537s][info][gc,heap     ] GC(483)      Live:         -                52M (3%)           52M (3%)           52M (3%)             -                  -          
[105.537s][info][gc,heap     ] GC(483) Allocated:         -               276M (13%)         346M (17%)         370M (18%)            -                  -          
[105.537s][info][gc,heap     ] GC(483)   Garbage:         -               973M (48%)         317M (16%)          11M (1%)             -                  -          
[105.537s][info][gc,heap     ] GC(483) Reclaimed:         -                  -               656M (32%)         962M (47%)            -                  -          
[105.537s][info][gc          ] GC(483) Garbage Collection (Allocation Rate) 1026M(50%)->434M(21%)
[105.654s][info][gc,start    ] GC(484) Garbage Collection (Allocation Rate)
[105.655s][info][gc,task     ] GC(484) Using 3 workers
[105.655s][info][gc,phases   ] GC(484) Pause Mark Start 0.010ms
[105.712s][info][gc,phases   ] GC(484) Concurrent Mark 56.833ms
[105.712s][info][gc,phases   ] GC(484) Pause Mark End 0.022ms
[105.713s][info][gc,phases   ] GC(484) Concurrent Mark Free 0.001ms
[105.720s][info][gc,phases   ] GC(484) Concurrent Process Non-Strong References 7.080ms
[105.720s][info][gc,phases   ] GC(484) Concurrent Reset Relocation Set 0.044ms
[105.730s][info][gc,phases   ] GC(484) Concurrent Select Relocation Set 10.257ms
[105.730s][info][gc,phases   ] GC(484) Pause Relocate Start 0.009ms
[105.741s][info][gc,phases   ] GC(484) Concurrent Relocate 9.940ms
[105.741s][info][gc,load     ] GC(484) Load: 0.00/0.00/0.00
[105.741s][info][gc,mmu      ] GC(484) MMU: 2ms/98.1%, 5ms/99.2%, 10ms/99.5%, 20ms/99.8%, 50ms/99.8%, 100ms/99.9%
[105.741s][info][gc,marking  ] GC(484) Mark: 2 stripe(s), 2 proactive flush(es), 1 terminate flush(es), 0 completion(s), 0 continuation(s) 
[105.741s][info][gc,marking  ] GC(484) Mark Stack Usage: 32M
[105.741s][info][gc,nmethod  ] GC(484) NMethods: 4782 registered, 70 unregistered
[105.741s][info][gc,metaspace] GC(484) Metaspace: 71M used, 72M committed, 1088M reserved
[105.741s][info][gc,ref      ] GC(484) Soft: 3837 encountered, 0 discovered, 0 enqueued
[105.741s][info][gc,ref      ] GC(484) Weak: 11433 encountered, 1120 discovered, 0 enqueued
[105.741s][info][gc,ref      ] GC(484) Final: 289 encountered, 63 discovered, 0 enqueued
[105.741s][info][gc,ref      ] GC(484) Phantom: 425 encountered, 296 discovered, 0 enqueued
[105.741s][info][gc,reloc    ] GC(484) Small Pages: 512 / 1024M, Empty: 660M, Relocated: 6M, In-Place: 0
[105.741s][info][gc,reloc    ] GC(484) Medium Pages: 0 / 0M, Empty: 0M, Relocated: 0M, In-Place: 0
[105.741s][info][gc,reloc    ] GC(484) Large Pages: 0 / 0M, Empty: 0M, Relocated: 0M, In-Place: 0
[105.741s][info][gc,reloc    ] GC(484) Forwarding Usage: 2M
[105.741s][info][gc,heap     ] GC(484) Min Capacity: 8M(0%)
[105.741s][info][gc,heap     ] GC(484) Max Capacity: 2048M(100%)
[105.741s][info][gc,heap     ] GC(484) Soft Max Capacity: 2048M(100%)
[105.741s][info][gc,heap     ] GC(484)                Mark Start          Mark End        Relocate Start      Relocate End           High               Low         
[105.741s][info][gc,heap     ] GC(484)  Capacity:     2048M (100%)       2048M (100%)       2048M (100%)       2048M (100%)       2048M (100%)       2048M (100%)   
[105.741s][info][gc,heap     ] GC(484)      Free:     1024M (50%)         744M (36%)        1320M (64%)        1590M (78%)        1610M (79%)         710M (35%)    
[105.741s][info][gc,heap     ] GC(484)      Used:     1024M (50%)        1304M (64%)         728M (36%)         458M (22%)        1338M (65%)         438M (21%)    
[105.741s][info][gc,heap     ] GC(484)      Live:         -                52M (3%)           52M (3%)           52M (3%)             -                  -          
[105.741s][info][gc,heap     ] GC(484) Allocated:         -               280M (14%)         364M (18%)         394M (19%)            -                  -          
[105.741s][info][gc,heap     ] GC(484)   Garbage:         -               971M (47%)         311M (15%)          11M (1%)             -                  -          
[105.741s][info][gc,heap     ] GC(484) Reclaimed:         -                  -               660M (32%)         960M (47%)            -                  -          
[105.741s][info][gc          ] GC(484) Garbage Collection (Allocation Rate) 1024M(50%)->458M(22%)
[105.855s][info][gc,start    ] GC(485) Garbage Collection (Allocation Rate)
[105.855s][info][gc,task     ] GC(485) Using 3 workers
[105.855s][info][gc,phases   ] GC(485) Pause Mark Start 0.012ms
[105.912s][info][gc,phases   ] GC(485) Concurrent Mark 56.852ms
[105.913s][info][gc,phases   ] GC(485) Pause Mark End 0.024ms
[105.913s][info][gc,phases   ] GC(485) Concurrent Mark Free 0.001ms
[105.922s][info][gc,phases   ] GC(485) Concurrent Process Non-Strong References 8.805ms
[105.922s][info][gc,phases   ] GC(485) Concurrent Reset Relocation Set 0.051ms
[105.928s][info][gc,phases   ] GC(485) Concurrent Select Relocation Set 6.350ms
[105.928s][info][gc,phases   ] GC(485) Pause Relocate Start 0.009ms
[105.938s][info][gc,phases   ] GC(485) Concurrent Relocate 9.110ms
[105.938s][info][gc,load     ] GC(485) Load: 0.00/0.00/0.00
[105.938s][info][gc,mmu      ] GC(485) MMU: 2ms/98.1%, 5ms/99.2%, 10ms/99.5%, 20ms/99.8%, 50ms/99.8%, 100ms/99.9%
[105.938s][info][gc,marking  ] GC(485) Mark: 2 stripe(s), 2 proactive flush(es), 1 terminate flush(es), 0 completion(s), 0 continuation(s) 
[105.938s][info][gc,marking  ] GC(485) Mark Stack Usage: 32M
[105.938s][info][gc,nmethod  ] GC(485) NMethods: 4782 registered, 70 unregistered
[105.938s][info][gc,metaspace] GC(485) Metaspace: 71M used, 72M committed, 1088M reserved
[105.938s][info][gc,ref      ] GC(485) Soft: 3837 encountered, 0 discovered, 0 enqueued
[105.938s][info][gc,ref      ] GC(485) Weak: 11433 encountered, 840 discovered, 0 enqueued
[105.938s][info][gc,ref      ] GC(485) Final: 289 encountered, 20 discovered, 0 enqueued
[105.938s][info][gc,ref      ] GC(485) Phantom: 425 encountered, 289 discovered, 0 enqueued
[105.938s][info][gc,reloc    ] GC(485) Small Pages: 515 / 1030M, Empty: 670M, Relocated: 6M, In-Place: 0
[105.938s][info][gc,reloc    ] GC(485) Medium Pages: 0 / 0M, Empty: 0M, Relocated: 0M, In-Place: 0
[105.938s][info][gc,reloc    ] GC(485) Large Pages: 0 / 0M, Empty: 0M, Relocated: 0M, In-Place: 0
[105.938s][info][gc,reloc    ] GC(485) Forwarding Usage: 2M
[105.938s][info][gc,heap     ] GC(485) Min Capacity: 8M(0%)
[105.938s][info][gc,heap     ] GC(485) Max Capacity: 2048M(100%)
[105.938s][info][gc,heap     ] GC(485) Soft Max Capacity: 2048M(100%)
[105.938s][info][gc,heap     ] GC(485)                Mark Start          Mark End        Relocate Start      Relocate End           High               Low         
[105.938s][info][gc,heap     ] GC(485)  Capacity:     2048M (100%)       2048M (100%)       2048M (100%)       2048M (100%)       2048M (100%)       2048M (100%)   
[105.938s][info][gc,heap     ] GC(485)      Free:     1018M (50%)         736M (36%)        1332M (65%)        1602M (78%)        1616M (79%)         692M (34%)    
[105.938s][info][gc,heap     ] GC(485)      Used:     1030M (50%)        1312M (64%)         716M (35%)         446M (22%)        1356M (66%)         432M (21%)    
[105.938s][info][gc,heap     ] GC(485)      Live:         -                52M (3%)           52M (3%)           52M (3%)             -                  -          
[105.938s][info][gc,heap     ] GC(485) Allocated:         -               282M (14%)         356M (17%)         382M (19%)            -                  -          
[105.938s][info][gc,heap     ] GC(485)   Garbage:         -               977M (48%)         307M (15%)          11M (1%)             -                  -          
[105.938s][info][gc,heap     ] GC(485) Reclaimed:         -                  -               670M (33%)         966M (47%)            -                  -          
[105.938s][info][gc          ] GC(485) Garbage Collection (Allocation Rate) 1030M(50%)->446M(22%)
[106.055s][info][gc,start    ] GC(486) Garbage Collection (Allocation Rate)
[106.055s][info][gc,task     ] GC(486) Using 3 workers
[106.055s][info][gc,phases   ] GC(486) Pause Mark Start 0.011ms
[106.119s][info][gc,phases   ] GC(486) Concurrent Mark 63.692ms
[106.119s][info][gc,phases   ] GC(486) Pause Mark End 0.027ms
[106.121s][info][gc,phases   ] GC(486) Concurrent Mark Free 0.001ms
[106.128s][info][gc,phases   ] GC(486) Concurrent Process Non-Strong References 6.801ms
[106.128s][info][gc,phases   ] GC(486) Concurrent Reset Relocation Set 0.043ms
[106.138s][info][gc,phases   ] GC(486) Concurrent Select Relocation Set 9.940ms
[106.138s][info][gc,phases   ] GC(486) Pause Relocate Start 0.010ms
[106.148s][info][gc,phases   ] GC(486) Concurrent Relocate 9.885ms
[106.148s][info][gc,load     ] GC(486) Load: 0.00/0.00/0.00
[106.148s][info][gc,mmu      ] GC(486) MMU: 2ms/98.1%, 5ms/99.2%, 10ms/99.5%, 20ms/99.8%, 50ms/99.8%, 100ms/99.9%
[106.149s][info][gc,marking  ] GC(486) Mark: 2 stripe(s), 2 proactive flush(es), 1 terminate flush(es), 0 completion(s), 0 continuation(s) 
[106.149s][info][gc,marking  ] GC(486) Mark Stack Usage: 32M
[106.149s][info][gc,nmethod  ] GC(486) NMethods: 4782 registered, 70 unregistered
[106.149s][info][gc,metaspace] GC(486) Metaspace: 71M used, 72M committed, 1088M reserved
[106.149s][info][gc,ref      ] GC(486) Soft: 3837 encountered, 0 discovered, 0 enqueued
[106.149s][info][gc,ref      ] GC(486) Weak: 11433 encountered, 1079 discovered, 0 enqueued
[106.149s][info][gc,ref      ] GC(486) Final: 289 encountered, 19 discovered, 0 enqueued
[106.149s][info][gc,ref      ] GC(486) Phantom: 425 encountered, 264 discovered, 0 enqueued
[106.149s][info][gc,reloc    ] GC(486) Small Pages: 518 / 1036M, Empty: 674M, Relocated: 6M, In-Place: 0
[106.149s][info][gc,reloc    ] GC(486) Medium Pages: 0 / 0M, Empty: 0M, Relocated: 0M, In-Place: 0
[106.149s][info][gc,reloc    ] GC(486) Large Pages: 0 / 0M, Empty: 0M, Relocated: 0M, In-Place: 0
[106.149s][info][gc,reloc    ] GC(486) Forwarding Usage: 2M
[106.149s][info][gc,heap     ] GC(486) Min Capacity: 8M(0%)
[106.149s][info][gc,heap     ] GC(486) Max Capacity: 2048M(100%)
[106.149s][info][gc,heap     ] GC(486) Soft Max Capacity: 2048M(100%)
[106.149s][info][gc,heap     ] GC(486)                Mark Start          Mark End        Relocate Start      Relocate End           High               Low         
[106.149s][info][gc,heap     ] GC(486)  Capacity:     2048M (100%)       2048M (100%)       2048M (100%)       2048M (100%)       2048M (100%)       2048M (100%)   
[106.149s][info][gc,heap     ] GC(486)      Free:     1012M (49%)         702M (34%)        1284M (63%)        1558M (76%)        1572M (77%)         660M (32%)    
[106.149s][info][gc,heap     ] GC(486)      Used:     1036M (51%)        1346M (66%)         764M (37%)         490M (24%)        1388M (68%)         476M (23%)    
[106.149s][info][gc,heap     ] GC(486)      Live:         -                52M (3%)           52M (3%)           52M (3%)             -                  -          
[106.149s][info][gc,heap     ] GC(486) Allocated:         -               310M (15%)         402M (20%)         426M (21%)            -                  -          
[106.149s][info][gc,heap     ] GC(486)   Garbage:         -               983M (48%)         309M (15%)          11M (1%)             -                  -          
[106.149s][info][gc,heap     ] GC(486) Reclaimed:         -                  -               674M (33%)         972M (47%)            -                  -          
[106.149s][info][gc          ] GC(486) Garbage Collection (Allocation Rate) 1036M(51%)->490M(24%)
[106.254s][info][gc,start    ] GC(487) Garbage Collection (Allocation Rate)
[106.254s][info][gc,task     ] GC(487) Using 3 workers
[106.254s][info][gc,phases   ] GC(487) Pause Mark Start 0.010ms
[106.319s][info][gc,phases   ] GC(487) Concurrent Mark 65.183ms
[106.320s][info][gc,phases   ] GC(487) Pause Mark End 0.021ms
[106.320s][info][gc,phases   ] GC(487) Concurrent Mark Free 0.002ms
[106.327s][info][gc,phases   ] GC(487) Concurrent Process Non-Strong References 7.214ms
[106.328s][info][gc,phases   ] GC(487) Concurrent Reset Relocation Set 0.035ms
[106.333s][info][gc,phases   ] GC(487) Concurrent Select Relocation Set 5.004ms
[106.333s][info][gc,phases   ] GC(487) Pause Relocate Start 0.010ms
[106.342s][info][gc,phases   ] GC(487) Concurrent Relocate 8.742ms
[106.342s][info][gc,load     ] GC(487) Load: 0.00/0.00/0.00
[106.342s][info][gc,mmu      ] GC(487) MMU: 2ms/98.1%, 5ms/99.2%, 10ms/99.5%, 20ms/99.8%, 50ms/99.8%, 100ms/99.9%
[106.342s][info][gc,marking  ] GC(487) Mark: 2 stripe(s), 2 proactive flush(es), 1 terminate flush(es), 0 completion(s), 0 continuation(s) 
[106.342s][info][gc,marking  ] GC(487) Mark Stack Usage: 32M
[106.342s][info][gc,nmethod  ] GC(487) NMethods: 4782 registered, 70 unregistered
[106.342s][info][gc,metaspace] GC(487) Metaspace: 71M used, 72M committed, 1088M reserved
[106.342s][info][gc,ref      ] GC(487) Soft: 3837 encountered, 0 discovered, 0 enqueued
[106.342s][info][gc,ref      ] GC(487) Weak: 11433 encountered, 1192 discovered, 0 enqueued
[106.342s][info][gc,ref      ] GC(487) Final: 289 encountered, 16 discovered, 0 enqueued
[106.342s][info][gc,ref      ] GC(487) Phantom: 425 encountered, 284 discovered, 0 enqueued
[106.342s][info][gc,reloc    ] GC(487) Small Pages: 511 / 1022M, Empty: 598M, Relocated: 6M, In-Place: 0
[106.342s][info][gc,reloc    ] GC(487) Medium Pages: 0 / 0M, Empty: 0M, Relocated: 0M, In-Place: 0
[106.342s][info][gc,reloc    ] GC(487) Large Pages: 0 / 0M, Empty: 0M, Relocated: 0M, In-Place: 0
[106.342s][info][gc,reloc    ] GC(487) Forwarding Usage: 2M
[106.342s][info][gc,heap     ] GC(487) Min Capacity: 8M(0%)
[106.342s][info][gc,heap     ] GC(487) Max Capacity: 2048M(100%)
[106.342s][info][gc,heap     ] GC(487) Soft Max Capacity: 2048M(100%)
[106.342s][info][gc,heap     ] GC(487)                Mark Start          Mark End        Relocate Start      Relocate End           High               Low         
[106.342s][info][gc,heap     ] GC(487)  Capacity:     2048M (100%)       2048M (100%)       2048M (100%)       2048M (100%)       2048M (100%)       2048M (100%)   
[106.342s][info][gc,heap     ] GC(487)      Free:     1026M (50%)         708M (35%)        1246M (61%)        1582M (77%)        1596M (78%)         672M (33%)    
[106.342s][info][gc,heap     ] GC(487)      Used:     1022M (50%)        1340M (65%)         802M (39%)         466M (23%)        1376M (67%)         452M (22%)    
[106.342s][info][gc,heap     ] GC(487)      Live:         -                52M (3%)           52M (3%)           52M (3%)             -                  -          
[106.342s][info][gc,heap     ] GC(487) Allocated:         -               318M (16%)         378M (18%)         402M (20%)            -                  -          
[106.342s][info][gc,heap     ] GC(487)   Garbage:         -               969M (47%)         371M (18%)          11M (1%)             -                  -          
[106.343s][info][gc,heap     ] GC(487) Reclaimed:         -                  -               598M (29%)         958M (47%)            -                  -          
[106.343s][info][gc          ] GC(487) Garbage Collection (Allocation Rate) 1022M(50%)->466M(23%)
[106.453s][info][gc,start    ] GC(488) Garbage Collection (Allocation Rate)
[106.453s][info][gc,task     ] GC(488) Using 3 workers
[106.454s][info][gc,phases   ] GC(488) Pause Mark Start 0.009ms
[106.513s][info][gc,phases   ] GC(488) Concurrent Mark 59.422ms
[106.514s][info][gc,phases   ] GC(488) Pause Mark End 0.025ms
[106.516s][info][gc,phases   ] GC(488) Concurrent Mark Free 0.001ms
[106.523s][info][gc,phases   ] GC(488) Concurrent Process Non-Strong References 6.737ms
[106.523s][info][gc,phases   ] GC(488) Concurrent Reset Relocation Set 0.044ms
[106.528s][info][gc,phases   ] GC(488) Concurrent Select Relocation Set 4.958ms
[106.528s][info][gc,phases   ] GC(488) Pause Relocate Start 0.009ms
[106.537s][info][gc,phases   ] GC(488) Concurrent Relocate 8.957ms
[106.537s][info][gc,load     ] GC(488) Load: 0.00/0.00/0.00
[106.537s][info][gc,mmu      ] GC(488) MMU: 2ms/98.1%, 5ms/99.2%, 10ms/99.5%, 20ms/99.8%, 50ms/99.8%, 100ms/99.9%
[106.537s][info][gc,marking  ] GC(488) Mark: 2 stripe(s), 2 proactive flush(es), 1 terminate flush(es), 0 completion(s), 0 continuation(s) 
[106.537s][info][gc,marking  ] GC(488) Mark Stack Usage: 32M
[106.537s][info][gc,nmethod  ] GC(488) NMethods: 4782 registered, 70 unregistered
[106.537s][info][gc,metaspace] GC(488) Metaspace: 71M used, 72M committed, 1088M reserved
[106.538s][info][gc,ref      ] GC(488) Soft: 3837 encountered, 0 discovered, 0 enqueued
[106.538s][info][gc,ref      ] GC(488) Weak: 11433 encountered, 949 discovered, 0 enqueued
[106.538s][info][gc,ref      ] GC(488) Final: 289 encountered, 41 discovered, 0 enqueued
[106.538s][info][gc,ref      ] GC(488) Phantom: 425 encountered, 289 discovered, 0 enqueued
[106.538s][info][gc,reloc    ] GC(488) Small Pages: 514 / 1028M, Empty: 684M, Relocated: 6M, In-Place: 0
[106.538s][info][gc,reloc    ] GC(488) Medium Pages: 0 / 0M, Empty: 0M, Relocated: 0M, In-Place: 0
[106.538s][info][gc,reloc    ] GC(488) Large Pages: 0 / 0M, Empty: 0M, Relocated: 0M, In-Place: 0
[106.538s][info][gc,reloc    ] GC(488) Forwarding Usage: 2M
[106.538s][info][gc,heap     ] GC(488) Min Capacity: 8M(0%)
[106.538s][info][gc,heap     ] GC(488) Max Capacity: 2048M(100%)
[106.538s][info][gc,heap     ] GC(488) Soft Max Capacity: 2048M(100%)
[106.538s][info][gc,heap     ] GC(488)                Mark Start          Mark End        Relocate Start      Relocate End           High               Low         
[106.538s][info][gc,heap     ] GC(488)  Capacity:     2048M (100%)       2048M (100%)       2048M (100%)       2048M (100%)       2048M (100%)       2048M (100%)   
[106.538s][info][gc,heap     ] GC(488)      Free:     1020M (50%)         730M (36%)        1346M (66%)        1602M (78%)        1616M (79%)         688M (34%)    
[106.538s][info][gc,heap     ] GC(488)      Used:     1028M (50%)        1318M (64%)         702M (34%)         446M (22%)        1360M (66%)         432M (21%)    
[106.538s][info][gc,heap     ] GC(488)      Live:         -                52M (3%)           52M (3%)           52M (3%)             -                  -          
[106.538s][info][gc,heap     ] GC(488) Allocated:         -               290M (14%)         358M (17%)         382M (19%)            -                  -          
[106.538s][info][gc,heap     ] GC(488)   Garbage:         -               975M (48%)         291M (14%)          11M (1%)             -                  -          
[106.538s][info][gc,heap     ] GC(488) Reclaimed:         -                  -               684M (33%)         964M (47%)            -                  -          
[106.538s][info][gc          ] GC(488) Garbage Collection (Allocation Rate) 1028M(50%)->446M(22%)
[106.654s][info][gc,start    ] GC(489) Garbage Collection (Allocation Rate)
[106.654s][info][gc,task     ] GC(489) Using 3 workers
[106.654s][info][gc,phases   ] GC(489) Pause Mark Start 0.009ms
[106.712s][info][gc,phases   ] GC(489) Concurrent Mark 57.578ms
[106.712s][info][gc,phases   ] GC(489) Pause Mark End 0.022ms
[106.714s][info][gc,phases   ] GC(489) Concurrent Mark Free 0.001ms
[106.724s][info][gc,phases   ] GC(489) Concurrent Process Non-Strong References 10.167ms
[106.724s][info][gc,phases   ] GC(489) Concurrent Reset Relocation Set 0.051ms
[106.731s][info][gc,phases   ] GC(489) Concurrent Select Relocation Set 6.443ms
[106.731s][info][gc,phases   ] GC(489) Pause Relocate Start 0.009ms
[106.743s][info][gc,phases   ] GC(489) Concurrent Relocate 11.703ms
[106.743s][info][gc,load     ] GC(489) Load: 0.00/0.00/0.00
[106.743s][info][gc,mmu      ] GC(489) MMU: 2ms/98.1%, 5ms/99.2%, 10ms/99.5%, 20ms/99.8%, 50ms/99.8%, 100ms/99.9%
[106.743s][info][gc,marking  ] GC(489) Mark: 2 stripe(s), 2 proactive flush(es), 1 terminate flush(es), 0 completion(s), 0 continuation(s) 
[106.743s][info][gc,marking  ] GC(489) Mark Stack Usage: 32M
[106.743s][info][gc,nmethod  ] GC(489) NMethods: 4782 registered, 70 unregistered
[106.743s][info][gc,metaspace] GC(489) Metaspace: 71M used, 72M committed, 1088M reserved
[106.743s][info][gc,ref      ] GC(489) Soft: 3837 encountered, 0 discovered, 0 enqueued
[106.743s][info][gc,ref      ] GC(489) Weak: 11433 encountered, 1020 discovered, 0 enqueued
[106.743s][info][gc,ref      ] GC(489) Final: 289 encountered, 21 discovered, 0 enqueued
[106.743s][info][gc,ref      ] GC(489) Phantom: 425 encountered, 254 discovered, 0 enqueued
[106.743s][info][gc,reloc    ] GC(489) Small Pages: 517 / 1034M, Empty: 674M, Relocated: 6M, In-Place: 0
[106.743s][info][gc,reloc    ] GC(489) Medium Pages: 0 / 0M, Empty: 0M, Relocated: 0M, In-Place: 0
[106.743s][info][gc,reloc    ] GC(489) Large Pages: 0 / 0M, Empty: 0M, Relocated: 0M, In-Place: 0
[106.743s][info][gc,reloc    ] GC(489) Forwarding Usage: 2M
[106.743s][info][gc,heap     ] GC(489) Min Capacity: 8M(0%)
[106.743s][info][gc,heap     ] GC(489) Max Capacity: 2048M(100%)
[106.743s][info][gc,heap     ] GC(489) Soft Max Capacity: 2048M(100%)
[106.743s][info][gc,heap     ] GC(489)                Mark Start          Mark End        Relocate Start      Relocate End           High               Low         
[106.743s][info][gc,heap     ] GC(489)  Capacity:     2048M (100%)       2048M (100%)       2048M (100%)       2048M (100%)       2048M (100%)       2048M (100%)   
[106.743s][info][gc,heap     ] GC(489)      Free:     1014M (50%)         734M (36%)        1324M (65%)        1586M (77%)        1610M (79%)         680M (33%)    
[106.743s][info][gc,heap     ] GC(489)      Used:     1034M (50%)        1314M (64%)         724M (35%)         462M (23%)        1368M (67%)         438M (21%)    
[106.743s][info][gc,heap     ] GC(489)      Live:         -                52M (3%)           52M (3%)           52M (3%)             -                  -          
[106.743s][info][gc,heap     ] GC(489) Allocated:         -               280M (14%)         364M (18%)         398M (19%)            -                  -          
[106.743s][info][gc,heap     ] GC(489)   Garbage:         -               981M (48%)         307M (15%)          11M (1%)             -                  -          
[106.743s][info][gc,heap     ] GC(489) Reclaimed:         -                  -               674M (33%)         970M (47%)            -                  -          
[106.743s][info][gc          ] GC(489) Garbage Collection (Allocation Rate) 1034M(50%)->462M(23%)
[106.853s][info][gc,start    ] GC(490) Garbage Collection (Allocation Rate)
[106.853s][info][gc,task     ] GC(490) Using 3 workers
[106.854s][info][gc,phases   ] GC(490) Pause Mark Start 0.012ms
[106.915s][info][gc,phases   ] GC(490) Concurrent Mark 60.589ms
[106.915s][info][gc,phases   ] GC(490) Pause Mark End 0.021ms
[106.916s][info][gc,phases   ] GC(490) Concurrent Mark Free 0.001ms
[106.926s][info][gc,phases   ] GC(490) Concurrent Process Non-Strong References 9.655ms
[106.926s][info][gc,phases   ] GC(490) Concurrent Reset Relocation Set 0.046ms
[106.936s][info][gc,phases   ] GC(490) Concurrent Select Relocation Set 10.331ms
[106.936s][info][gc,phases   ] GC(490) Pause Relocate Start 0.009ms
[106.946s][info][gc,phases   ] GC(490) Concurrent Relocate 9.219ms
[106.946s][info][gc,load     ] GC(490) Load: 0.00/0.00/0.00
[106.946s][info][gc,mmu      ] GC(490) MMU: 2ms/98.1%, 5ms/99.2%, 10ms/99.5%, 20ms/99.8%, 50ms/99.8%, 100ms/99.9%
[106.946s][info][gc,marking  ] GC(490) Mark: 2 stripe(s), 2 proactive flush(es), 1 terminate flush(es), 0 completion(s), 0 continuation(s) 
[106.946s][info][gc,marking  ] GC(490) Mark Stack Usage: 32M
[106.946s][info][gc,nmethod  ] GC(490) NMethods: 4782 registered, 70 unregistered
[106.946s][info][gc,metaspace] GC(490) Metaspace: 71M used, 72M committed, 1088M reserved
[106.946s][info][gc,ref      ] GC(490) Soft: 3837 encountered, 0 discovered, 0 enqueued
[106.946s][info][gc,ref      ] GC(490) Weak: 11433 encountered, 1065 discovered, 0 enqueued
[106.946s][info][gc,ref      ] GC(490) Final: 289 encountered, 93 discovered, 0 enqueued
[106.946s][info][gc,ref      ] GC(490) Phantom: 425 encountered, 284 discovered, 0 enqueued
[106.946s][info][gc,reloc    ] GC(490) Small Pages: 511 / 1022M, Empty: 644M, Relocated: 6M, In-Place: 0
[106.946s][info][gc,reloc    ] GC(490) Medium Pages: 0 / 0M, Empty: 0M, Relocated: 0M, In-Place: 0
[106.946s][info][gc,reloc    ] GC(490) Large Pages: 0 / 0M, Empty: 0M, Relocated: 0M, In-Place: 0
[106.946s][info][gc,reloc    ] GC(490) Forwarding Usage: 2M
[106.946s][info][gc,heap     ] GC(490) Min Capacity: 8M(0%)
[106.946s][info][gc,heap     ] GC(490) Max Capacity: 2048M(100%)
[106.946s][info][gc,heap     ] GC(490) Soft Max Capacity: 2048M(100%)
[106.946s][info][gc,heap     ] GC(490)                Mark Start          Mark End        Relocate Start      Relocate End           High               Low         
[106.946s][info][gc,heap     ] GC(490)  Capacity:     2048M (100%)       2048M (100%)       2048M (100%)       2048M (100%)       2048M (100%)       2048M (100%)   
[106.946s][info][gc,heap     ] GC(490)      Free:     1026M (50%)         728M (36%)        1268M (62%)        1558M (76%)        1572M (77%)         674M (33%)    
[106.946s][info][gc,heap     ] GC(490)      Used:     1022M (50%)        1320M (64%)         780M (38%)         490M (24%)        1374M (67%)         476M (23%)    
[106.946s][info][gc,heap     ] GC(490)      Live:         -                52M (3%)           52M (3%)           52M (3%)             -                  -          
[106.946s][info][gc,heap     ] GC(490) Allocated:         -               298M (15%)         402M (20%)         426M (21%)            -                  -          
[106.946s][info][gc,heap     ] GC(490)   Garbage:         -               969M (47%)         325M (16%)          11M (1%)             -                  -          
[106.946s][info][gc,heap     ] GC(490) Reclaimed:         -                  -               644M (31%)         958M (47%)            -                  -          
[106.947s][info][gc          ] GC(490) Garbage Collection (Allocation Rate) 1022M(50%)->490M(24%)
[107.054s][info][gc,start    ] GC(491) Garbage Collection (Allocation Rate)
[107.054s][info][gc,task     ] GC(491) Using 3 workers
[107.054s][info][gc,phases   ] GC(491) Pause Mark Start 0.009ms
[107.111s][info][gc,phases   ] GC(491) Concurrent Mark 55.974ms
[107.111s][info][gc,phases   ] GC(491) Pause Mark End 0.025ms
[107.112s][info][gc,phases   ] GC(491) Concurrent Mark Free 0.001ms
[107.120s][info][gc,phases   ] GC(491) Concurrent Process Non-Strong References 8.006ms
[107.120s][info][gc,phases   ] GC(491) Concurrent Reset Relocation Set 0.040ms
[107.126s][info][gc,phases   ] GC(491) Concurrent Select Relocation Set 5.252ms
[107.126s][info][gc,phases   ] GC(491) Pause Relocate Start 0.009ms
[107.135s][info][gc,phases   ] GC(491) Concurrent Relocate 8.218ms
[107.135s][info][gc,load     ] GC(491) Load: 0.00/0.00/0.00
[107.135s][info][gc,mmu      ] GC(491) MMU: 2ms/98.1%, 5ms/99.2%, 10ms/99.5%, 20ms/99.8%, 50ms/99.8%, 100ms/99.9%
[107.135s][info][gc,marking  ] GC(491) Mark: 2 stripe(s), 2 proactive flush(es), 1 terminate flush(es), 0 completion(s), 0 continuation(s) 
[107.135s][info][gc,marking  ] GC(491) Mark Stack Usage: 32M
[107.135s][info][gc,nmethod  ] GC(491) NMethods: 4782 registered, 70 unregistered
[107.135s][info][gc,metaspace] GC(491) Metaspace: 71M used, 72M committed, 1088M reserved
[107.135s][info][gc,ref      ] GC(491) Soft: 3837 encountered, 0 discovered, 0 enqueued
[107.135s][info][gc,ref      ] GC(491) Weak: 11433 encountered, 1195 discovered, 0 enqueued
[107.135s][info][gc,ref      ] GC(491) Final: 289 encountered, 22 discovered, 0 enqueued
[107.135s][info][gc,ref      ] GC(491) Phantom: 425 encountered, 263 discovered, 0 enqueued
[107.135s][info][gc,reloc    ] GC(491) Small Pages: 516 / 1032M, Empty: 666M, Relocated: 6M, In-Place: 0
[107.135s][info][gc,reloc    ] GC(491) Medium Pages: 0 / 0M, Empty: 0M, Relocated: 0M, In-Place: 0
[107.135s][info][gc,reloc    ] GC(491) Large Pages: 0 / 0M, Empty: 0M, Relocated: 0M, In-Place: 0
[107.135s][info][gc,reloc    ] GC(491) Forwarding Usage: 2M
[107.135s][info][gc,heap     ] GC(491) Min Capacity: 8M(0%)
[107.135s][info][gc,heap     ] GC(491) Max Capacity: 2048M(100%)
[107.135s][info][gc,heap     ] GC(491) Soft Max Capacity: 2048M(100%)
[107.135s][info][gc,heap     ] GC(491)                Mark Start          Mark End        Relocate Start      Relocate End           High               Low         
[107.135s][info][gc,heap     ] GC(491)  Capacity:     2048M (100%)       2048M (100%)       2048M (100%)       2048M (100%)       2048M (100%)       2048M (100%)   
[107.135s][info][gc,heap     ] GC(491)      Free:     1016M (50%)         742M (36%)        1342M (66%)        1618M (79%)        1634M (80%)         698M (34%)    
[107.135s][info][gc,heap     ] GC(491)      Used:     1032M (50%)        1306M (64%)         706M (34%)         430M (21%)        1350M (66%)         414M (20%)    
[107.135s][info][gc,heap     ] GC(491)      Live:         -                52M (3%)           52M (3%)           52M (3%)             -                  -          
[107.135s][info][gc,heap     ] GC(491) Allocated:         -               274M (13%)         340M (17%)         366M (18%)            -                  -          
[107.135s][info][gc,heap     ] GC(491)   Garbage:         -               979M (48%)         313M (15%)          11M (1%)             -                  -          
[107.135s][info][gc,heap     ] GC(491) Reclaimed:         -                  -               666M (33%)         968M (47%)            -                  -          
[107.135s][info][gc          ] GC(491) Garbage Collection (Allocation Rate) 1032M(50%)->430M(21%)
[107.254s][info][gc,start    ] GC(492) Garbage Collection (Allocation Rate)
[107.254s][info][gc,task     ] GC(492) Using 3 workers
[107.254s][info][gc,phases   ] GC(492) Pause Mark Start 0.011ms
[107.319s][info][gc,phases   ] GC(492) Concurrent Mark 64.146ms
[107.319s][info][gc,phases   ] GC(492) Pause Mark End 0.023ms
[107.322s][info][gc,phases   ] GC(492) Concurrent Mark Free 0.002ms
[107.329s][info][gc,phases   ] GC(492) Concurrent Process Non-Strong References 7.362ms
[107.329s][info][gc,phases   ] GC(492) Concurrent Reset Relocation Set 0.041ms
[107.338s][info][gc,phases   ] GC(492) Concurrent Select Relocation Set 8.911ms
[107.338s][info][gc,phases   ] GC(492) Pause Relocate Start 0.009ms
[107.349s][info][gc,phases   ] GC(492) Concurrent Relocate 9.886ms
[107.349s][info][gc,load     ] GC(492) Load: 0.00/0.00/0.00
[107.349s][info][gc,mmu      ] GC(492) MMU: 2ms/98.1%, 5ms/99.2%, 10ms/99.5%, 20ms/99.8%, 50ms/99.8%, 100ms/99.9%
[107.349s][info][gc,marking  ] GC(492) Mark: 2 stripe(s), 2 proactive flush(es), 1 terminate flush(es), 0 completion(s), 0 continuation(s) 
[107.349s][info][gc,marking  ] GC(492) Mark Stack Usage: 32M
[107.349s][info][gc,nmethod  ] GC(492) NMethods: 4782 registered, 70 unregistered
[107.349s][info][gc,metaspace] GC(492) Metaspace: 71M used, 72M committed, 1088M reserved
[107.349s][info][gc,ref      ] GC(492) Soft: 3837 encountered, 0 discovered, 0 enqueued
[107.349s][info][gc,ref      ] GC(492) Weak: 11433 encountered, 1266 discovered, 0 enqueued
[107.350s][info][gc,ref      ] GC(492) Final: 289 encountered, 74 discovered, 0 enqueued
[107.350s][info][gc,ref      ] GC(492) Phantom: 425 encountered, 301 discovered, 0 enqueued
[107.350s][info][gc,reloc    ] GC(492) Small Pages: 511 / 1022M, Empty: 616M, Relocated: 6M, In-Place: 0
[107.350s][info][gc,reloc    ] GC(492) Medium Pages: 0 / 0M, Empty: 0M, Relocated: 0M, In-Place: 0
[107.350s][info][gc,reloc    ] GC(492) Large Pages: 0 / 0M, Empty: 0M, Relocated: 0M, In-Place: 0
[107.350s][info][gc,reloc    ] GC(492) Forwarding Usage: 2M
[107.350s][info][gc,heap     ] GC(492) Min Capacity: 8M(0%)
[107.350s][info][gc,heap     ] GC(492) Max Capacity: 2048M(100%)
[107.350s][info][gc,heap     ] GC(492) Soft Max Capacity: 2048M(100%)
[107.350s][info][gc,heap     ] GC(492)                Mark Start          Mark End        Relocate Start      Relocate End           High               Low         
[107.350s][info][gc,heap     ] GC(492)  Capacity:     2048M (100%)       2048M (100%)       2048M (100%)       2048M (100%)       2048M (100%)       2048M (100%)   
[107.350s][info][gc,heap     ] GC(492)      Free:     1026M (50%)         720M (35%)        1248M (61%)        1558M (76%)        1576M (77%)         674M (33%)    
[107.350s][info][gc,heap     ] GC(492)      Used:     1022M (50%)        1328M (65%)         800M (39%)         490M (24%)        1374M (67%)         472M (23%)    
[107.350s][info][gc,heap     ] GC(492)      Live:         -                52M (3%)           52M (3%)           52M (3%)             -                  -          
[107.350s][info][gc,heap     ] GC(492) Allocated:         -               306M (15%)         394M (19%)         426M (21%)            -                  -          
[107.350s][info][gc,heap     ] GC(492)   Garbage:         -               969M (47%)         353M (17%)          11M (1%)             -                  -          
[107.350s][info][gc,heap     ] GC(492) Reclaimed:         -                  -               616M (30%)         958M (47%)            -                  -          
[107.350s][info][gc          ] GC(492) Garbage Collection (Allocation Rate) 1022M(50%)->490M(24%)
[107.455s][info][gc,start    ] GC(493) Garbage Collection (Allocation Rate)
[107.455s][info][gc,task     ] GC(493) Using 3 workers
[107.455s][info][gc,phases   ] GC(493) Pause Mark Start 0.010ms
[107.529s][info][gc,phases   ] GC(493) Concurrent Mark 73.217ms
[107.529s][info][gc,phases   ] GC(493) Pause Mark End 0.021ms
[107.530s][info][gc,phases   ] GC(493) Concurrent Mark Free 0.001ms
[107.537s][info][gc,phases   ] GC(493) Concurrent Process Non-Strong References 7.244ms
[107.537s][info][gc,phases   ] GC(493) Concurrent Reset Relocation Set 0.054ms
[107.544s][info][gc,phases   ] GC(493) Concurrent Select Relocation Set 6.354ms
[107.544s][info][gc,phases   ] GC(493) Pause Relocate Start 0.008ms
[107.554s][info][gc,phases   ] GC(493) Concurrent Relocate 9.293ms
[107.554s][info][gc,load     ] GC(493) Load: 0.00/0.00/0.00
[107.554s][info][gc,mmu      ] GC(493) MMU: 2ms/98.1%, 5ms/99.2%, 10ms/99.5%, 20ms/99.8%, 50ms/99.8%, 100ms/99.9%
[107.554s][info][gc,marking  ] GC(493) Mark: 2 stripe(s), 2 proactive flush(es), 1 terminate flush(es), 0 completion(s), 0 continuation(s) 
[107.554s][info][gc,marking  ] GC(493) Mark Stack Usage: 32M
[107.554s][info][gc,nmethod  ] GC(493) NMethods: 4782 registered, 70 unregistered
[107.554s][info][gc,metaspace] GC(493) Metaspace: 71M used, 72M committed, 1088M reserved
[107.554s][info][gc,ref      ] GC(493) Soft: 3837 encountered, 0 discovered, 0 enqueued
[107.554s][info][gc,ref      ] GC(493) Weak: 11433 encountered, 1026 discovered, 0 enqueued
[107.554s][info][gc,ref      ] GC(493) Final: 289 encountered, 39 discovered, 0 enqueued
[107.554s][info][gc,ref      ] GC(493) Phantom: 425 encountered, 237 discovered, 0 enqueued
[107.554s][info][gc,reloc    ] GC(493) Small Pages: 508 / 1016M, Empty: 662M, Relocated: 6M, In-Place: 0
[107.554s][info][gc,reloc    ] GC(493) Medium Pages: 0 / 0M, Empty: 0M, Relocated: 0M, In-Place: 0
[107.554s][info][gc,reloc    ] GC(493) Large Pages: 0 / 0M, Empty: 0M, Relocated: 0M, In-Place: 0
[107.554s][info][gc,reloc    ] GC(493) Forwarding Usage: 2M
[107.554s][info][gc,heap     ] GC(493) Min Capacity: 8M(0%)
[107.554s][info][gc,heap     ] GC(493) Max Capacity: 2048M(100%)
[107.554s][info][gc,heap     ] GC(493) Soft Max Capacity: 2048M(100%)
[107.554s][info][gc,heap     ] GC(493)                Mark Start          Mark End        Relocate Start      Relocate End           High               Low         
[107.554s][info][gc,heap     ] GC(493)  Capacity:     2048M (100%)       2048M (100%)       2048M (100%)       2048M (100%)       2048M (100%)       2048M (100%)   
[107.554s][info][gc,heap     ] GC(493)      Free:     1032M (50%)         676M (33%)        1268M (62%)        1530M (75%)        1548M (76%)         632M (31%)    
[107.554s][info][gc,heap     ] GC(493)      Used:     1016M (50%)        1372M (67%)         780M (38%)         518M (25%)        1416M (69%)         500M (24%)    
[107.554s][info][gc,heap     ] GC(493)      Live:         -                52M (3%)           52M (3%)           52M (3%)             -                  -          
[107.554s][info][gc,heap     ] GC(493) Allocated:         -               356M (17%)         426M (21%)         454M (22%)            -                  -          
[107.554s][info][gc,heap     ] GC(493)   Garbage:         -               963M (47%)         301M (15%)          11M (1%)             -                  -          
[107.554s][info][gc,heap     ] GC(493) Reclaimed:         -                  -               662M (32%)         952M (47%)            -                  -          
[107.554s][info][gc          ] GC(493) Garbage Collection (Allocation Rate) 1016M(50%)->518M(25%)
[107.654s][info][gc,start    ] GC(494) Garbage Collection (Allocation Rate)
[107.654s][info][gc,task     ] GC(494) Using 3 workers
[107.655s][info][gc,phases   ] GC(494) Pause Mark Start 0.010ms
[107.721s][info][gc,phases   ] GC(494) Concurrent Mark 66.157ms
[107.721s][info][gc,phases   ] GC(494) Pause Mark End 0.023ms
[107.722s][info][gc,phases   ] GC(494) Concurrent Mark Free 0.001ms
[107.729s][info][gc,phases   ] GC(494) Concurrent Process Non-Strong References 7.189ms
[107.729s][info][gc,phases   ] GC(494) Concurrent Reset Relocation Set 0.049ms
[107.735s][info][gc,phases   ] GC(494) Concurrent Select Relocation Set 5.943ms
[107.735s][info][gc,phases   ] GC(494) Pause Relocate Start 0.009ms
[107.745s][info][gc,phases   ] GC(494) Concurrent Relocate 9.441ms
[107.745s][info][gc,load     ] GC(494) Load: 0.00/0.00/0.00
[107.745s][info][gc,mmu      ] GC(494) MMU: 2ms/98.1%, 5ms/99.2%, 10ms/99.5%, 20ms/99.8%, 50ms/99.8%, 100ms/99.9%
[107.745s][info][gc,marking  ] GC(494) Mark: 2 stripe(s), 2 proactive flush(es), 1 terminate flush(es), 0 completion(s), 0 continuation(s) 
[107.745s][info][gc,marking  ] GC(494) Mark Stack Usage: 32M
[107.745s][info][gc,nmethod  ] GC(494) NMethods: 4782 registered, 70 unregistered
[107.745s][info][gc,metaspace] GC(494) Metaspace: 71M used, 72M committed, 1088M reserved
[107.745s][info][gc,ref      ] GC(494) Soft: 3837 encountered, 0 discovered, 0 enqueued
[107.745s][info][gc,ref      ] GC(494) Weak: 11433 encountered, 1481 discovered, 0 enqueued
[107.745s][info][gc,ref      ] GC(494) Final: 289 encountered, 23 discovered, 0 enqueued
[107.745s][info][gc,ref      ] GC(494) Phantom: 425 encountered, 255 discovered, 0 enqueued
[107.745s][info][gc,reloc    ] GC(494) Small Pages: 509 / 1018M, Empty: 670M, Relocated: 6M, In-Place: 0
[107.745s][info][gc,reloc    ] GC(494) Medium Pages: 0 / 0M, Empty: 0M, Relocated: 0M, In-Place: 0
[107.745s][info][gc,reloc    ] GC(494) Large Pages: 0 / 0M, Empty: 0M, Relocated: 0M, In-Place: 0
[107.745s][info][gc,reloc    ] GC(494) Forwarding Usage: 2M
[107.745s][info][gc,heap     ] GC(494) Min Capacity: 8M(0%)
[107.745s][info][gc,heap     ] GC(494) Max Capacity: 2048M(100%)
[107.745s][info][gc,heap     ] GC(494) Soft Max Capacity: 2048M(100%)
[107.746s][info][gc,heap     ] GC(494)                Mark Start          Mark End        Relocate Start      Relocate End           High               Low         
[107.746s][info][gc,heap     ] GC(494)  Capacity:     2048M (100%)       2048M (100%)       2048M (100%)       2048M (100%)       2048M (100%)       2048M (100%)   
[107.746s][info][gc,heap     ] GC(494)      Free:     1030M (50%)         708M (35%)        1312M (64%)        1570M (77%)        1586M (77%)         670M (33%)    
[107.746s][info][gc,heap     ] GC(494)      Used:     1018M (50%)        1340M (65%)         736M (36%)         478M (23%)        1378M (67%)         462M (23%)    
[107.746s][info][gc,heap     ] GC(494)      Live:         -                52M (3%)           52M (3%)           52M (3%)             -                  -          
[107.746s][info][gc,heap     ] GC(494) Allocated:         -               322M (16%)         388M (19%)         414M (20%)            -                  -          
[107.746s][info][gc,heap     ] GC(494)   Garbage:         -               965M (47%)         295M (14%)          11M (1%)             -                  -          
[107.746s][info][gc,heap     ] GC(494) Reclaimed:         -                  -               670M (33%)         954M (47%)            -                  -          
[107.746s][info][gc          ] GC(494) Garbage Collection (Allocation Rate) 1018M(50%)->478M(23%)
[107.854s][info][gc,start    ] GC(495) Garbage Collection (Allocation Rate)
[107.854s][info][gc,task     ] GC(495) Using 3 workers
[107.854s][info][gc,phases   ] GC(495) Pause Mark Start 0.013ms
[107.917s][info][gc,phases   ] GC(495) Concurrent Mark 61.930ms
[107.917s][info][gc,phases   ] GC(495) Pause Mark End 0.024ms
[107.919s][info][gc,phases   ] GC(495) Concurrent Mark Free 0.002ms
[107.926s][info][gc,phases   ] GC(495) Concurrent Process Non-Strong References 6.815ms
[107.926s][info][gc,phases   ] GC(495) Concurrent Reset Relocation Set 0.041ms
[107.932s][info][gc,phases   ] GC(495) Concurrent Select Relocation Set 6.681ms
[107.933s][info][gc,phases   ] GC(495) Pause Relocate Start 0.009ms
[107.941s][info][gc,phases   ] GC(495) Concurrent Relocate 8.302ms
[107.941s][info][gc,load     ] GC(495) Load: 0.00/0.00/0.00
[107.941s][info][gc,mmu      ] GC(495) MMU: 2ms/98.1%, 5ms/99.2%, 10ms/99.5%, 20ms/99.8%, 50ms/99.8%, 100ms/99.9%
[107.941s][info][gc,marking  ] GC(495) Mark: 2 stripe(s), 2 proactive flush(es), 1 terminate flush(es), 0 completion(s), 0 continuation(s) 
[107.941s][info][gc,marking  ] GC(495) Mark Stack Usage: 32M
[107.941s][info][gc,nmethod  ] GC(495) NMethods: 4782 registered, 70 unregistered
[107.941s][info][gc,metaspace] GC(495) Metaspace: 71M used, 72M committed, 1088M reserved
[107.941s][info][gc,ref      ] GC(495) Soft: 3837 encountered, 0 discovered, 0 enqueued
[107.941s][info][gc,ref      ] GC(495) Weak: 11433 encountered, 923 discovered, 0 enqueued
[107.941s][info][gc,ref      ] GC(495) Final: 289 encountered, 22 discovered, 0 enqueued
[107.941s][info][gc,ref      ] GC(495) Phantom: 425 encountered, 190 discovered, 0 enqueued
[107.941s][info][gc,reloc    ] GC(495) Small Pages: 509 / 1018M, Empty: 650M, Relocated: 5M, In-Place: 0
[107.942s][info][gc,reloc    ] GC(495) Medium Pages: 0 / 0M, Empty: 0M, Relocated: 0M, In-Place: 0
[107.942s][info][gc,reloc    ] GC(495) Large Pages: 0 / 0M, Empty: 0M, Relocated: 0M, In-Place: 0
[107.942s][info][gc,reloc    ] GC(495) Forwarding Usage: 2M
[107.942s][info][gc,heap     ] GC(495) Min Capacity: 8M(0%)
[107.942s][info][gc,heap     ] GC(495) Max Capacity: 2048M(100%)
[107.942s][info][gc,heap     ] GC(495) Soft Max Capacity: 2048M(100%)
[107.942s][info][gc,heap     ] GC(495)                Mark Start          Mark End        Relocate Start      Relocate End           High               Low         
[107.942s][info][gc,heap     ] GC(495)  Capacity:     2048M (100%)       2048M (100%)       2048M (100%)       2048M (100%)       2048M (100%)       2048M (100%)   
[107.942s][info][gc,heap     ] GC(495)      Free:     1030M (50%)         728M (36%)        1310M (64%)        1588M (78%)        1604M (78%)         690M (34%)    
[107.942s][info][gc,heap     ] GC(495)      Used:     1018M (50%)        1320M (64%)         738M (36%)         460M (22%)        1358M (66%)         444M (22%)    
[107.942s][info][gc,heap     ] GC(495)      Live:         -                52M (3%)           52M (3%)           52M (3%)             -                  -          
[107.942s][info][gc,heap     ] GC(495) Allocated:         -               302M (15%)         370M (18%)         394M (19%)            -                  -          
[107.942s][info][gc,heap     ] GC(495)   Garbage:         -               965M (47%)         315M (15%)          13M (1%)             -                  -          
[107.942s][info][gc,heap     ] GC(495) Reclaimed:         -                  -               650M (32%)         952M (47%)            -                  -          
[107.942s][info][gc          ] GC(495) Garbage Collection (Allocation Rate) 1018M(50%)->460M(22%)
[108.055s][info][gc,start    ] GC(496) Garbage Collection (Allocation Rate)
[108.055s][info][gc,task     ] GC(496) Using 3 workers
[108.055s][info][gc,phases   ] GC(496) Pause Mark Start 0.010ms
[108.111s][info][gc,phases   ] GC(496) Concurrent Mark 55.081ms
[108.111s][info][gc,phases   ] GC(496) Pause Mark End 0.025ms
[108.113s][info][gc,phases   ] GC(496) Concurrent Mark Free 0.001ms
[108.121s][info][gc,phases   ] GC(496) Concurrent Process Non-Strong References 7.799ms
[108.121s][info][gc,phases   ] GC(496) Concurrent Reset Relocation Set 0.040ms
[108.130s][info][gc,phases   ] GC(496) Concurrent Select Relocation Set 8.295ms
[108.130s][info][gc,phases   ] GC(496) Pause Relocate Start 0.009ms
[108.140s][info][gc,phases   ] GC(496) Concurrent Relocate 9.764ms
[108.140s][info][gc,load     ] GC(496) Load: 0.00/0.00/0.00
[108.140s][info][gc,mmu      ] GC(496) MMU: 2ms/98.1%, 5ms/99.2%, 10ms/99.5%, 20ms/99.8%, 50ms/99.8%, 100ms/99.9%
[108.140s][info][gc,marking  ] GC(496) Mark: 2 stripe(s), 2 proactive flush(es), 1 terminate flush(es), 0 completion(s), 0 continuation(s) 
[108.140s][info][gc,marking  ] GC(496) Mark Stack Usage: 32M
[108.140s][info][gc,nmethod  ] GC(496) NMethods: 4782 registered, 70 unregistered
[108.140s][info][gc,metaspace] GC(496) Metaspace: 71M used, 72M committed, 1088M reserved
[108.140s][info][gc,ref      ] GC(496) Soft: 3837 encountered, 0 discovered, 0 enqueued
[108.140s][info][gc,ref      ] GC(496) Weak: 11433 encountered, 1289 discovered, 0 enqueued
[108.140s][info][gc,ref      ] GC(496) Final: 289 encountered, 21 discovered, 0 enqueued
[108.140s][info][gc,ref      ] GC(496) Phantom: 425 encountered, 243 discovered, 0 enqueued
[108.140s][info][gc,reloc    ] GC(496) Small Pages: 515 / 1030M, Empty: 674M, Relocated: 6M, In-Place: 0
[108.141s][info][gc,reloc    ] GC(496) Medium Pages: 0 / 0M, Empty: 0M, Relocated: 0M, In-Place: 0
[108.141s][info][gc,reloc    ] GC(496) Large Pages: 0 / 0M, Empty: 0M, Relocated: 0M, In-Place: 0
[108.141s][info][gc,reloc    ] GC(496) Forwarding Usage: 2M
[108.141s][info][gc,heap     ] GC(496) Min Capacity: 8M(0%)
[108.141s][info][gc,heap     ] GC(496) Max Capacity: 2048M(100%)
[108.141s][info][gc,heap     ] GC(496) Soft Max Capacity: 2048M(100%)
[108.141s][info][gc,heap     ] GC(496)                Mark Start          Mark End        Relocate Start      Relocate End           High               Low         
[108.141s][info][gc,heap     ] GC(496)  Capacity:     2048M (100%)       2048M (100%)       2048M (100%)       2048M (100%)       2048M (100%)       2048M (100%)   
[108.141s][info][gc,heap     ] GC(496)      Free:     1018M (50%)         738M (36%)        1322M (65%)        1584M (77%)        1604M (78%)         688M (34%)    
[108.141s][info][gc,heap     ] GC(496)      Used:     1030M (50%)        1310M (64%)         726M (35%)         464M (23%)        1360M (66%)         444M (22%)    
[108.141s][info][gc,heap     ] GC(496)      Live:         -                52M (3%)           52M (3%)           52M (3%)             -                  -          
[108.141s][info][gc,heap     ] GC(496) Allocated:         -               280M (14%)         370M (18%)         400M (20%)            -                  -          
[108.141s][info][gc,heap     ] GC(496)   Garbage:         -               977M (48%)         303M (15%)          11M (1%)             -                  -          
[108.141s][info][gc,heap     ] GC(496) Reclaimed:         -                  -               674M (33%)         966M (47%)            -                  -          
[108.141s][info][gc          ] GC(496) Garbage Collection (Allocation Rate) 1030M(50%)->464M(23%)
[108.255s][info][gc,start    ] GC(497) Garbage Collection (Allocation Rate)
[108.255s][info][gc,task     ] GC(497) Using 3 workers
[108.255s][info][gc,phases   ] GC(497) Pause Mark Start 0.009ms
[108.319s][info][gc,phases   ] GC(497) Concurrent Mark 64.020ms
[108.319s][info][gc,phases   ] GC(497) Pause Mark End 0.022ms
[108.320s][info][gc,phases   ] GC(497) Concurrent Mark Free 0.001ms
[108.327s][info][gc,phases   ] GC(497) Concurrent Process Non-Strong References 7.217ms
[108.327s][info][gc,phases   ] GC(497) Concurrent Reset Relocation Set 0.041ms
[108.332s][info][gc,phases   ] GC(497) Concurrent Select Relocation Set 5.067ms
[108.332s][info][gc,phases   ] GC(497) Pause Relocate Start 0.008ms
[108.344s][info][gc,phases   ] GC(497) Concurrent Relocate 10.386ms
[108.344s][info][gc,load     ] GC(497) Load: 0.00/0.00/0.00
[108.344s][info][gc,mmu      ] GC(497) MMU: 2ms/98.1%, 5ms/99.2%, 10ms/99.5%, 20ms/99.8%, 50ms/99.8%, 100ms/99.9%
[108.344s][info][gc,marking  ] GC(497) Mark: 2 stripe(s), 2 proactive flush(es), 1 terminate flush(es), 0 completion(s), 0 continuation(s) 
[108.344s][info][gc,marking  ] GC(497) Mark Stack Usage: 32M
[108.344s][info][gc,nmethod  ] GC(497) NMethods: 4783 registered, 72 unregistered
[108.344s][info][gc,metaspace] GC(497) Metaspace: 71M used, 72M committed, 1088M reserved
[108.344s][info][gc,ref      ] GC(497) Soft: 3837 encountered, 0 discovered, 0 enqueued
[108.344s][info][gc,ref      ] GC(497) Weak: 11390 encountered, 1114 discovered, 14 enqueued
[108.344s][info][gc,ref      ] GC(497) Final: 289 encountered, 20 discovered, 0 enqueued
[108.344s][info][gc,ref      ] GC(497) Phantom: 425 encountered, 169 discovered, 0 enqueued
[108.344s][info][gc,reloc    ] GC(497) Small Pages: 516 / 1032M, Empty: 566M, Relocated: 6M, In-Place: 0
[108.344s][info][gc,reloc    ] GC(497) Medium Pages: 0 / 0M, Empty: 0M, Relocated: 0M, In-Place: 0
[108.344s][info][gc,reloc    ] GC(497) Large Pages: 0 / 0M, Empty: 0M, Relocated: 0M, In-Place: 0
[108.344s][info][gc,reloc    ] GC(497) Forwarding Usage: 2M
[108.344s][info][gc,heap     ] GC(497) Min Capacity: 8M(0%)
[108.344s][info][gc,heap     ] GC(497) Max Capacity: 2048M(100%)
[108.344s][info][gc,heap     ] GC(497) Soft Max Capacity: 2048M(100%)
[108.344s][info][gc,heap     ] GC(497)                Mark Start          Mark End        Relocate Start      Relocate End           High               Low         
[108.344s][info][gc,heap     ] GC(497)  Capacity:     2048M (100%)       2048M (100%)       2048M (100%)       2048M (100%)       2048M (100%)       2048M (100%)   
[108.344s][info][gc,heap     ] GC(497)      Free:     1016M (50%)         706M (34%)        1208M (59%)        1576M (77%)        1592M (78%)         664M (32%)    
[108.344s][info][gc,heap     ] GC(497)      Used:     1032M (50%)        1342M (66%)         840M (41%)         472M (23%)        1384M (68%)         456M (22%)    
[108.344s][info][gc,heap     ] GC(497)      Live:         -                52M (3%)           52M (3%)           52M (3%)             -                  -          
[108.344s][info][gc,heap     ] GC(497) Allocated:         -               310M (15%)         374M (18%)         408M (20%)            -                  -          
[108.344s][info][gc,heap     ] GC(497)   Garbage:         -               979M (48%)         413M (20%)          11M (1%)             -                  -          
[108.344s][info][gc,heap     ] GC(497) Reclaimed:         -                  -               566M (28%)         968M (47%)            -                  -          
[108.344s][info][gc          ] GC(497) Garbage Collection (Allocation Rate) 1032M(50%)->472M(23%)
[108.454s][info][gc,start    ] GC(498) Garbage Collection (Allocation Rate)
[108.454s][info][gc,task     ] GC(498) Using 3 workers
[108.454s][info][gc,phases   ] GC(498) Pause Mark Start 0.010ms
[108.524s][info][gc,phases   ] GC(498) Concurrent Mark 69.651ms
[108.525s][info][gc,phases   ] GC(498) Pause Mark End 0.019ms
[108.525s][info][gc,phases   ] GC(498) Concurrent Mark Free 0.001ms
[108.532s][info][gc,phases   ] GC(498) Concurrent Process Non-Strong References 6.977ms
[108.532s][info][gc,phases   ] GC(498) Concurrent Reset Relocation Set 0.068ms
[108.538s][info][gc,phases   ] GC(498) Concurrent Select Relocation Set 6.510ms
[108.539s][info][gc,phases   ] GC(498) Pause Relocate Start 0.008ms
[108.548s][info][gc,phases   ] GC(498) Concurrent Relocate 8.822ms
[108.548s][info][gc,load     ] GC(498) Load: 0.00/0.00/0.00
[108.548s][info][gc,mmu      ] GC(498) MMU: 2ms/98.1%, 5ms/99.2%, 10ms/99.5%, 20ms/99.8%, 50ms/99.8%, 100ms/99.9%
[108.548s][info][gc,marking  ] GC(498) Mark: 2 stripe(s), 2 proactive flush(es), 1 terminate flush(es), 0 completion(s), 0 continuation(s) 
[108.548s][info][gc,marking  ] GC(498) Mark Stack Usage: 32M
[108.548s][info][gc,nmethod  ] GC(498) NMethods: 4782 registered, 73 unregistered
[108.548s][info][gc,metaspace] GC(498) Metaspace: 71M used, 72M committed, 1088M reserved
[108.548s][info][gc,ref      ] GC(498) Soft: 3837 encountered, 0 discovered, 0 enqueued
[108.548s][info][gc,ref      ] GC(498) Weak: 11276 encountered, 1274 discovered, 24 enqueued
[108.548s][info][gc,ref      ] GC(498) Final: 289 encountered, 21 discovered, 0 enqueued
[108.548s][info][gc,ref      ] GC(498) Phantom: 425 encountered, 284 discovered, 0 enqueued
[108.548s][info][gc,reloc    ] GC(498) Small Pages: 511 / 1022M, Empty: 672M, Relocated: 6M, In-Place: 0
[108.548s][info][gc,reloc    ] GC(498) Medium Pages: 0 / 0M, Empty: 0M, Relocated: 0M, In-Place: 0
[108.548s][info][gc,reloc    ] GC(498) Large Pages: 0 / 0M, Empty: 0M, Relocated: 0M, In-Place: 0
[108.548s][info][gc,reloc    ] GC(498) Forwarding Usage: 2M
[108.548s][info][gc,heap     ] GC(498) Min Capacity: 8M(0%)
[108.548s][info][gc,heap     ] GC(498) Max Capacity: 2048M(100%)
[108.548s][info][gc,heap     ] GC(498) Soft Max Capacity: 2048M(100%)
[108.548s][info][gc,heap     ] GC(498)                Mark Start          Mark End        Relocate Start      Relocate End           High               Low         
[108.548s][info][gc,heap     ] GC(498)  Capacity:     2048M (100%)       2048M (100%)       2048M (100%)       2048M (100%)       2048M (100%)       2048M (100%)   
[108.548s][info][gc,heap     ] GC(498)      Free:     1026M (50%)         694M (34%)        1300M (63%)        1566M (76%)        1576M (77%)         660M (32%)    
[108.548s][info][gc,heap     ] GC(498)      Used:     1022M (50%)        1354M (66%)         748M (37%)         482M (24%)        1388M (68%)         472M (23%)    
[108.548s][info][gc,heap     ] GC(498)      Live:         -                51M (3%)           51M (3%)           51M (3%)             -                  -          
[108.548s][info][gc,heap     ] GC(498) Allocated:         -               332M (16%)         398M (19%)         418M (20%)            -                  -          
[108.548s][info][gc,heap     ] GC(498)   Garbage:         -               970M (47%)         298M (15%)          11M (1%)             -                  -          
[108.548s][info][gc,heap     ] GC(498) Reclaimed:         -                  -               672M (33%)         958M (47%)            -                  -          
[108.548s][info][gc          ] GC(498) Garbage Collection (Allocation Rate) 1022M(50%)->482M(24%)
[108.654s][info][gc,start    ] GC(499) Garbage Collection (Allocation Rate)
[108.654s][info][gc,task     ] GC(499) Using 3 workers
[108.655s][info][gc,phases   ] GC(499) Pause Mark Start 0.010ms
[108.725s][info][gc,phases   ] GC(499) Concurrent Mark 69.782ms
[108.725s][info][gc,phases   ] GC(499) Pause Mark End 0.024ms
[108.725s][info][gc,phases   ] GC(499) Concurrent Mark Free 0.001ms
[108.733s][info][gc,phases   ] GC(499) Concurrent Process Non-Strong References 7.740ms
[108.733s][info][gc,phases   ] GC(499) Concurrent Reset Relocation Set 0.038ms
[108.739s][info][gc,phases   ] GC(499) Concurrent Select Relocation Set 5.798ms
[108.739s][info][gc,phases   ] GC(499) Pause Relocate Start 0.009ms
[108.748s][info][gc,phases   ] GC(499) Concurrent Relocate 8.715ms
[108.748s][info][gc,load     ] GC(499) Load: 0.00/0.00/0.00
[108.748s][info][gc,mmu      ] GC(499) MMU: 2ms/98.1%, 5ms/99.2%, 10ms/99.5%, 20ms/99.8%, 50ms/99.8%, 100ms/99.9%
[108.748s][info][gc,marking  ] GC(499) Mark: 2 stripe(s), 2 proactive flush(es), 1 terminate flush(es), 0 completion(s), 0 continuation(s) 
[108.748s][info][gc,marking  ] GC(499) Mark Stack Usage: 32M
[108.748s][info][gc,nmethod  ] GC(499) NMethods: 4782 registered, 74 unregistered
[108.748s][info][gc,metaspace] GC(499) Metaspace: 71M used, 72M committed, 1088M reserved
[108.748s][info][gc,ref      ] GC(499) Soft: 3837 encountered, 0 discovered, 0 enqueued
[108.748s][info][gc,ref      ] GC(499) Weak: 11078 encountered, 1122 discovered, 42 enqueued
[108.748s][info][gc,ref      ] GC(499) Final: 289 encountered, 73 discovered, 0 enqueued
[108.748s][info][gc,ref      ] GC(499) Phantom: 425 encountered, 197 discovered, 0 enqueued
[108.748s][info][gc,reloc    ] GC(499) Small Pages: 500 / 1000M, Empty: 674M, Relocated: 4M, In-Place: 0
[108.748s][info][gc,reloc    ] GC(499) Medium Pages: 0 / 0M, Empty: 0M, Relocated: 0M, In-Place: 0
[108.748s][info][gc,reloc    ] GC(499) Large Pages: 0 / 0M, Empty: 0M, Relocated: 0M, In-Place: 0
[108.748s][info][gc,reloc    ] GC(499) Forwarding Usage: 2M
[108.748s][info][gc,heap     ] GC(499) Min Capacity: 8M(0%)
[108.748s][info][gc,heap     ] GC(499) Max Capacity: 2048M(100%)
[108.748s][info][gc,heap     ] GC(499) Soft Max Capacity: 2048M(100%)
[108.748s][info][gc,heap     ] GC(499)                Mark Start          Mark End        Relocate Start      Relocate End           High               Low         
[108.748s][info][gc,heap     ] GC(499)  Capacity:     2048M (100%)       2048M (100%)       2048M (100%)       2048M (100%)       2048M (100%)       2048M (100%)   
[108.748s][info][gc,heap     ] GC(499)      Free:     1048M (51%)         728M (36%)        1336M (65%)        1570M (77%)        1590M (78%)         690M (34%)    
[108.748s][info][gc,heap     ] GC(499)      Used:     1000M (49%)        1320M (64%)         712M (35%)         478M (23%)        1358M (66%)         458M (22%)    
[108.748s][info][gc,heap     ] GC(499)      Live:         -                51M (3%)           51M (3%)           51M (3%)             -                  -          
[108.748s][info][gc,heap     ] GC(499) Allocated:         -               320M (16%)         386M (19%)         412M (20%)            -                  -          
[108.748s][info][gc,heap     ] GC(499)   Garbage:         -               948M (46%)         274M (13%)          13M (1%)             -                  -          
[108.748s][info][gc,heap     ] GC(499) Reclaimed:         -                  -               674M (33%)         934M (46%)            -                  -          
[108.748s][info][gc          ] GC(499) Garbage Collection (Allocation Rate) 1000M(49%)->478M(23%)
[108.854s][info][gc,start    ] GC(500) Garbage Collection (Allocation Rate)
[108.854s][info][gc,task     ] GC(500) Using 3 workers
[108.854s][info][gc,phases   ] GC(500) Pause Mark Start 0.010ms
[108.922s][info][gc,phases   ] GC(500) Concurrent Mark 67.131ms
[108.922s][info][gc,phases   ] GC(500) Pause Mark End 0.023ms
[108.922s][info][gc,phases   ] GC(500) Concurrent Mark Free 0.001ms
[108.930s][info][gc,phases   ] GC(500) Concurrent Process Non-Strong References 7.873ms
[108.930s][info][gc,phases   ] GC(500) Concurrent Reset Relocation Set 0.038ms
[108.935s][info][gc,phases   ] GC(500) Concurrent Select Relocation Set 4.865ms
[108.935s][info][gc,phases   ] GC(500) Pause Relocate Start 0.009ms
[108.942s][info][gc,phases   ] GC(500) Concurrent Relocate 7.091ms
[108.942s][info][gc,load     ] GC(500) Load: 0.00/0.00/0.00
[108.942s][info][gc,mmu      ] GC(500) MMU: 2ms/98.1%, 5ms/99.2%, 10ms/99.5%, 20ms/99.8%, 50ms/99.8%, 100ms/99.9%
[108.942s][info][gc,marking  ] GC(500) Mark: 2 stripe(s), 3 proactive flush(es), 1 terminate flush(es), 0 completion(s), 0 continuation(s) 
[108.942s][info][gc,marking  ] GC(500) Mark Stack Usage: 32M
[108.942s][info][gc,nmethod  ] GC(500) NMethods: 4638 registered, 220 unregistered
[108.942s][info][gc,metaspace] GC(500) Metaspace: 71M used, 72M committed, 1088M reserved
[108.942s][info][gc,ref      ] GC(500) Soft: 3837 encountered, 0 discovered, 0 enqueued
[108.942s][info][gc,ref      ] GC(500) Weak: 10896 encountered, 1149 discovered, 32 enqueued
[108.942s][info][gc,ref      ] GC(500) Final: 289 encountered, 82 discovered, 0 enqueued
[108.942s][info][gc,ref      ] GC(500) Phantom: 425 encountered, 199 discovered, 0 enqueued
[108.942s][info][gc,reloc    ] GC(500) Small Pages: 484 / 968M, Empty: 670M, Relocated: 4M, In-Place: 0
[108.943s][info][gc,reloc    ] GC(500) Medium Pages: 0 / 0M, Empty: 0M, Relocated: 0M, In-Place: 0
[108.943s][info][gc,reloc    ] GC(500) Large Pages: 0 / 0M, Empty: 0M, Relocated: 0M, In-Place: 0
[108.943s][info][gc,reloc    ] GC(500) Forwarding Usage: 2M
[108.943s][info][gc,heap     ] GC(500) Min Capacity: 8M(0%)
[108.943s][info][gc,heap     ] GC(500) Max Capacity: 2048M(100%)
[108.943s][info][gc,heap     ] GC(500) Soft Max Capacity: 2048M(100%)
[108.943s][info][gc,heap     ] GC(500)                Mark Start          Mark End        Relocate Start      Relocate End           High               Low         
[108.943s][info][gc,heap     ] GC(500)  Capacity:     2048M (100%)       2048M (100%)       2048M (100%)       2048M (100%)       2048M (100%)       2048M (100%)   
[108.943s][info][gc,heap     ] GC(500)      Free:     1080M (53%)         794M (39%)        1408M (69%)        1626M (79%)        1632M (80%)         756M (37%)    
[108.943s][info][gc,heap     ] GC(500)      Used:      968M (47%)        1254M (61%)         640M (31%)         422M (21%)        1292M (63%)         416M (20%)    
[108.943s][info][gc,heap     ] GC(500)      Live:         -                51M (3%)           51M (3%)           51M (3%)             -                  -          
[108.943s][info][gc,heap     ] GC(500) Allocated:         -               286M (14%)         342M (17%)         357M (17%)            -                  -          
[108.943s][info][gc,heap     ] GC(500)   Garbage:         -               916M (45%)         246M (12%)          13M (1%)             -                  -          
[108.943s][info][gc,heap     ] GC(500) Reclaimed:         -                  -               670M (33%)         903M (44%)            -                  -          
[108.943s][info][gc          ] GC(500) Garbage Collection (Allocation Rate) 968M(47%)->422M(21%)
[109.055s][info][gc,start    ] GC(501) Garbage Collection (Allocation Rate)
[109.055s][info][gc,task     ] GC(501) Using 3 workers
[109.055s][info][gc,phases   ] GC(501) Pause Mark Start 0.014ms
[109.104s][info][gc,phases   ] GC(501) Concurrent Mark 48.554ms
[109.104s][info][gc,phases   ] GC(501) Pause Mark End 0.021ms
[109.104s][info][gc,phases   ] GC(501) Concurrent Mark Free 0.001ms
[109.110s][info][gc,phases   ] GC(501) Concurrent Process Non-Strong References 5.933ms
[109.110s][info][gc,phases   ] GC(501) Concurrent Reset Relocation Set 0.032ms
[109.115s][info][gc,phases   ] GC(501) Concurrent Select Relocation Set 5.399ms
[109.115s][info][gc,phases   ] GC(501) Pause Relocate Start 0.008ms
[109.119s][info][gc,phases   ] GC(501) Concurrent Relocate 3.642ms
[109.119s][info][gc,load     ] GC(501) Load: 0.00/0.00/0.00
[109.119s][info][gc,mmu      ] GC(501) MMU: 2ms/98.1%, 5ms/99.2%, 10ms/99.5%, 20ms/99.8%, 50ms/99.8%, 100ms/99.9%
[109.119s][info][gc,marking  ] GC(501) Mark: 2 stripe(s), 2 proactive flush(es), 1 terminate flush(es), 0 completion(s), 0 continuation(s) 
[109.119s][info][gc,marking  ] GC(501) Mark Stack Usage: 32M
[109.119s][info][gc,nmethod  ] GC(501) NMethods: 4636 registered, 223 unregistered
[109.119s][info][gc,metaspace] GC(501) Metaspace: 71M used, 72M committed, 1088M reserved
[109.119s][info][gc,ref      ] GC(501) Soft: 3837 encountered, 0 discovered, 0 enqueued
[109.119s][info][gc,ref      ] GC(501) Weak: 10753 encountered, 713 discovered, 28 enqueued
[109.119s][info][gc,ref      ] GC(501) Final: 289 encountered, 31 discovered, 0 enqueued
[109.119s][info][gc,ref      ] GC(501) Phantom: 425 encountered, 313 discovered, 0 enqueued
[109.119s][info][gc,reloc    ] GC(501) Small Pages: 447 / 894M, Empty: 648M, Relocated: 3M, In-Place: 0
[109.119s][info][gc,reloc    ] GC(501) Medium Pages: 0 / 0M, Empty: 0M, Relocated: 0M, In-Place: 0
[109.119s][info][gc,reloc    ] GC(501) Large Pages: 0 / 0M, Empty: 0M, Relocated: 0M, In-Place: 0
[109.119s][info][gc,reloc    ] GC(501) Forwarding Usage: 1M
[109.119s][info][gc,heap     ] GC(501) Min Capacity: 8M(0%)
[109.119s][info][gc,heap     ] GC(501) Max Capacity: 2048M(100%)
[109.119s][info][gc,heap     ] GC(501) Soft Max Capacity: 2048M(100%)
[109.120s][info][gc,heap     ] GC(501)                Mark Start          Mark End        Relocate Start      Relocate End           High               Low         
[109.120s][info][gc,heap     ] GC(501)  Capacity:     2048M (100%)       2048M (100%)       2048M (100%)       2048M (100%)       2048M (100%)       2048M (100%)   
[109.120s][info][gc,heap     ] GC(501)      Free:     1154M (56%)         962M (47%)        1566M (76%)        1742M (85%)        1742M (85%)         938M (46%)    
[109.120s][info][gc,heap     ] GC(501)      Used:      894M (44%)        1086M (53%)         482M (24%)         306M (15%)        1110M (54%)         306M (15%)    
[109.120s][info][gc,heap     ] GC(501)      Live:         -                50M (2%)           50M (2%)           50M (2%)             -                  -          
[109.120s][info][gc,heap     ] GC(501) Allocated:         -               192M (9%)          236M (12%)         239M (12%)            -                  -          
[109.120s][info][gc,heap     ] GC(501)   Garbage:         -               843M (41%)         195M (10%)          15M (1%)             -                  -          
[109.120s][info][gc,heap     ] GC(501) Reclaimed:         -                  -               648M (32%)         827M (40%)            -                  -          
[109.120s][info][gc          ] GC(501) Garbage Collection (Allocation Rate) 894M(44%)->306M(15%)
[109.254s][info][gc,start    ] GC(502) Garbage Collection (Allocation Rate)
[109.254s][info][gc,task     ] GC(502) Using 3 workers
[109.255s][info][gc,phases   ] GC(502) Pause Mark Start 0.010ms
[109.307s][info][gc,phases   ] GC(502) Concurrent Mark 52.573ms
[109.307s][info][gc,phases   ] GC(502) Pause Mark End 0.023ms
[109.308s][info][gc,phases   ] GC(502) Concurrent Mark Free 0.001ms
[109.313s][info][gc,phases   ] GC(502) Concurrent Process Non-Strong References 5.858ms
[109.314s][info][gc,phases   ] GC(502) Concurrent Reset Relocation Set 0.017ms
[109.319s][info][gc,phases   ] GC(502) Concurrent Select Relocation Set 5.059ms
[109.319s][info][gc,phases   ] GC(502) Pause Relocate Start 0.009ms
[109.327s][info][gc,phases   ] GC(502) Concurrent Relocate 7.857ms
[109.327s][info][gc,load     ] GC(502) Load: 0.00/0.00/0.00
[109.327s][info][gc,mmu      ] GC(502) MMU: 2ms/98.1%, 5ms/99.2%, 10ms/99.5%, 20ms/99.8%, 50ms/99.8%, 100ms/99.9%
[109.327s][info][gc,marking  ] GC(502) Mark: 2 stripe(s), 2 proactive flush(es), 1 terminate flush(es), 0 completion(s), 0 continuation(s) 
[109.327s][info][gc,marking  ] GC(502) Mark Stack Usage: 32M
[109.327s][info][gc,nmethod  ] GC(502) NMethods: 4636 registered, 223 unregistered
[109.327s][info][gc,metaspace] GC(502) Metaspace: 71M used, 72M committed, 1088M reserved
[109.327s][info][gc,ref      ] GC(502) Soft: 3837 encountered, 0 discovered, 0 enqueued
[109.327s][info][gc,ref      ] GC(502) Weak: 10576 encountered, 655 discovered, 37 enqueued
[109.327s][info][gc,ref      ] GC(502) Final: 289 encountered, 35 discovered, 0 enqueued
[109.327s][info][gc,ref      ] GC(502) Phantom: 425 encountered, 260 discovered, 0 enqueued
[109.327s][info][gc,reloc    ] GC(502) Small Pages: 399 / 798M, Empty: 524M, Relocated: 6M, In-Place: 0
[109.327s][info][gc,reloc    ] GC(502) Medium Pages: 0 / 0M, Empty: 0M, Relocated: 0M, In-Place: 0
[109.327s][info][gc,reloc    ] GC(502) Large Pages: 0 / 0M, Empty: 0M, Relocated: 0M, In-Place: 0
[109.327s][info][gc,reloc    ] GC(502) Forwarding Usage: 2M
[109.327s][info][gc,heap     ] GC(502) Min Capacity: 8M(0%)
[109.327s][info][gc,heap     ] GC(502) Max Capacity: 2048M(100%)
[109.327s][info][gc,heap     ] GC(502) Soft Max Capacity: 2048M(100%)
[109.327s][info][gc,heap     ] GC(502)                Mark Start          Mark End        Relocate Start      Relocate End           High               Low         
[109.327s][info][gc,heap     ] GC(502)  Capacity:     2048M (100%)       2048M (100%)       2048M (100%)       2048M (100%)       2048M (100%)       2048M (100%)   
[109.327s][info][gc,heap     ] GC(502)      Free:     1250M (61%)        1084M (53%)        1576M (77%)        1768M (86%)        1780M (87%)        1068M (52%)    
[109.327s][info][gc,heap     ] GC(502)      Used:      798M (39%)         964M (47%)         472M (23%)         280M (14%)         980M (48%)         268M (13%)    
[109.327s][info][gc,heap     ] GC(502)      Live:         -                50M (2%)           50M (2%)           50M (2%)             -                  -          
[109.327s][info][gc,heap     ] GC(502) Allocated:         -               166M (8%)          198M (10%)         217M (11%)            -                  -          
[109.327s][info][gc,heap     ] GC(502)   Garbage:         -               747M (36%)         223M (11%)          12M (1%)             -                  -          
[109.327s][info][gc,heap     ] GC(502) Reclaimed:         -                  -               524M (26%)         735M (36%)            -                  -          
[109.327s][info][gc          ] GC(502) Garbage Collection (Allocation Rate) 798M(39%)->280M(14%)
[109.454s][info][gc,start    ] GC(503) Garbage Collection (Allocation Rate)
[109.454s][info][gc,task     ] GC(503) Using 3 workers
[109.454s][info][gc,phases   ] GC(503) Pause Mark Start 0.009ms
[109.510s][info][gc,phases   ] GC(503) Concurrent Mark 55.372ms
[109.552s][info][gc,phases   ] GC(503) Pause Mark End 0.026ms
[109.552s][info][gc,phases   ] GC(503) Concurrent Mark Free 0.001ms
[109.557s][info][gc,phases   ] GC(503) Concurrent Process Non-Strong References 4.996ms
[109.557s][info][gc,phases   ] GC(503) Concurrent Reset Relocation Set 0.019ms
[109.561s][info][gc,phases   ] GC(503) Concurrent Select Relocation Set 3.116ms
[109.561s][info][gc,phases   ] GC(503) Pause Relocate Start 0.009ms
[109.564s][info][gc,phases   ] GC(503) Concurrent Relocate 3.583ms
[109.564s][info][gc,load     ] GC(503) Load: 0.00/0.00/0.00
[109.564s][info][gc,mmu      ] GC(503) MMU: 2ms/98.1%, 5ms/99.2%, 10ms/99.5%, 20ms/99.8%, 50ms/99.8%, 100ms/99.9%
[109.564s][info][gc,marking  ] GC(503) Mark: 2 stripe(s), 3 proactive flush(es), 1 terminate flush(es), 0 completion(s), 0 continuation(s) 
[109.564s][info][gc,marking  ] GC(503) Mark Stack Usage: 32M
[109.564s][info][gc,nmethod  ] GC(503) NMethods: 4636 registered, 223 unregistered
[109.564s][info][gc,metaspace] GC(503) Metaspace: 71M used, 72M committed, 1088M reserved
[109.564s][info][gc,ref      ] GC(503) Soft: 3837 encountered, 0 discovered, 0 enqueued
[109.564s][info][gc,ref      ] GC(503) Weak: 10440 encountered, 710 discovered, 24 enqueued
[109.564s][info][gc,ref      ] GC(503) Final: 289 encountered, 53 discovered, 0 enqueued
[109.565s][info][gc,ref      ] GC(503) Phantom: 425 encountered, 244 discovered, 0 enqueued
[109.565s][info][gc,reloc    ] GC(503) Small Pages: 335 / 670M, Empty: 464M, Relocated: 3M, In-Place: 0
[109.565s][info][gc,reloc    ] GC(503) Medium Pages: 0 / 0M, Empty: 0M, Relocated: 0M, In-Place: 0
[109.565s][info][gc,reloc    ] GC(503) Large Pages: 0 / 0M, Empty: 0M, Relocated: 0M, In-Place: 0
[109.565s][info][gc,reloc    ] GC(503) Forwarding Usage: 1M
[109.565s][info][gc,heap     ] GC(503) Min Capacity: 8M(0%)
[109.565s][info][gc,heap     ] GC(503) Max Capacity: 2048M(100%)
[109.565s][info][gc,heap     ] GC(503) Soft Max Capacity: 2048M(100%)
[109.565s][info][gc,heap     ] GC(503)                Mark Start          Mark End        Relocate Start      Relocate End           High               Low         
[109.565s][info][gc,heap     ] GC(503)  Capacity:     2048M (100%)       2048M (100%)       2048M (100%)       2048M (100%)       2048M (100%)       2048M (100%)   
[109.565s][info][gc,heap     ] GC(503)      Free:     1378M (67%)        1114M (54%)        1556M (76%)        1692M (83%)        1692M (83%)        1100M (54%)    
[109.565s][info][gc,heap     ] GC(503)      Used:      670M (33%)         934M (46%)         492M (24%)         356M (17%)         948M (46%)         356M (17%)    
[109.565s][info][gc,heap     ] GC(503)      Live:         -                50M (2%)           50M (2%)           50M (2%)             -                  -          
[109.565s][info][gc,heap     ] GC(503) Allocated:         -               264M (13%)         286M (14%)         291M (14%)            -                  -          
[109.565s][info][gc,heap     ] GC(503)   Garbage:         -               619M (30%)         155M (8%)           14M (1%)             -                  -          
[109.565s][info][gc,heap     ] GC(503) Reclaimed:         -                  -               464M (23%)         605M (30%)            -                  -          
[109.565s][info][gc          ] GC(503) Garbage Collection (Allocation Rate) 670M(33%)->356M(17%)
[109.654s][info][gc,start    ] GC(504) Garbage Collection (Allocation Rate)
[109.654s][info][gc,task     ] GC(504) Using 3 workers
[109.654s][info][gc,phases   ] GC(504) Pause Mark Start 0.010ms
[109.691s][info][gc,phases   ] GC(504) Concurrent Mark 37.389ms
[109.692s][info][gc,phases   ] GC(504) Pause Mark End 0.021ms
[109.692s][info][gc,phases   ] GC(504) Concurrent Mark Free 0.001ms
[109.696s][info][gc,phases   ] GC(504) Concurrent Process Non-Strong References 4.574ms
[109.696s][info][gc,phases   ] GC(504) Concurrent Reset Relocation Set 0.010ms
[109.699s][info][gc,phases   ] GC(504) Concurrent Select Relocation Set 2.549ms
[109.699s][info][gc,phases   ] GC(504) Pause Relocate Start 0.008ms
[109.702s][info][gc,phases   ] GC(504) Concurrent Relocate 2.521ms
[109.702s][info][gc,load     ] GC(504) Load: 0.00/0.00/0.00
[109.702s][info][gc,mmu      ] GC(504) MMU: 2ms/98.1%, 5ms/99.2%, 10ms/99.5%, 20ms/99.8%, 50ms/99.8%, 100ms/99.9%
[109.702s][info][gc,marking  ] GC(504) Mark: 2 stripe(s), 2 proactive flush(es), 1 terminate flush(es), 0 completion(s), 0 continuation(s) 
[109.702s][info][gc,marking  ] GC(504) Mark Stack Usage: 32M
[109.702s][info][gc,nmethod  ] GC(504) NMethods: 4636 registered, 224 unregistered
[109.702s][info][gc,metaspace] GC(504) Metaspace: 71M used, 72M committed, 1088M reserved
[109.702s][info][gc,ref      ] GC(504) Soft: 3837 encountered, 0 discovered, 0 enqueued
[109.702s][info][gc,ref      ] GC(504) Weak: 10291 encountered, 644 discovered, 31 enqueued
[109.702s][info][gc,ref      ] GC(504) Final: 289 encountered, 49 discovered, 0 enqueued
[109.702s][info][gc,ref      ] GC(504) Phantom: 425 encountered, 300 discovered, 0 enqueued
[109.702s][info][gc,reloc    ] GC(504) Small Pages: 295 / 590M, Empty: 380M, Relocated: 3M, In-Place: 0
[109.702s][info][gc,reloc    ] GC(504) Medium Pages: 0 / 0M, Empty: 0M, Relocated: 0M, In-Place: 0
[109.702s][info][gc,reloc    ] GC(504) Large Pages: 0 / 0M, Empty: 0M, Relocated: 0M, In-Place: 0
[109.702s][info][gc,reloc    ] GC(504) Forwarding Usage: 1M
[109.702s][info][gc,heap     ] GC(504) Min Capacity: 8M(0%)
[109.702s][info][gc,heap     ] GC(504) Max Capacity: 2048M(100%)
[109.702s][info][gc,heap     ] GC(504) Soft Max Capacity: 2048M(100%)
[109.702s][info][gc,heap     ] GC(504)                Mark Start          Mark End        Relocate Start      Relocate End           High               Low         
[109.702s][info][gc,heap     ] GC(504)  Capacity:     2048M (100%)       2048M (100%)       2048M (100%)       2048M (100%)       2048M (100%)       2048M (100%)   
[109.702s][info][gc,heap     ] GC(504)      Free:     1458M (71%)        1376M (67%)        1740M (85%)        1882M (92%)        1882M (92%)        1366M (67%)    
[109.702s][info][gc,heap     ] GC(504)      Used:      590M (29%)         672M (33%)         308M (15%)         166M (8%)          682M (33%)         166M (8%)     
[109.702s][info][gc,heap     ] GC(504)      Live:         -                49M (2%)           49M (2%)           49M (2%)             -                  -          
[109.702s][info][gc,heap     ] GC(504) Allocated:         -                82M (4%)           98M (5%)          101M (5%)             -                  -          
[109.702s][info][gc,heap     ] GC(504)   Garbage:         -               540M (26%)         160M (8%)           14M (1%)             -                  -          
[109.702s][info][gc,heap     ] GC(504) Reclaimed:         -                  -               380M (19%)         525M (26%)            -                  -          
[109.702s][info][gc          ] GC(504) Garbage Collection (Allocation Rate) 590M(29%)->166M(8%)
[109.759s][info][gc,start    ] GC(505) Garbage Collection (Allocation Rate)
[109.760s][info][gc,task     ] GC(505) Using 3 workers
[109.760s][info][gc,phases   ] GC(505) Pause Mark Start 0.010ms
[109.809s][info][gc,phases   ] GC(505) Concurrent Mark 49.685ms
[109.810s][info][gc,phases   ] GC(505) Pause Mark End 0.021ms
[109.810s][info][gc,phases   ] GC(505) Concurrent Mark Free 0.000ms
[109.813s][info][gc,phases   ] GC(505) Concurrent Process Non-Strong References 3.772ms
[109.813s][info][gc,phases   ] GC(505) Concurrent Reset Relocation Set 0.010ms
[109.816s][info][gc,phases   ] GC(505) Concurrent Select Relocation Set 2.440ms
[109.816s][info][gc,phases   ] GC(505) Pause Relocate Start 0.007ms
[109.818s][info][gc,phases   ] GC(505) Concurrent Relocate 1.658ms
[109.818s][info][gc,load     ] GC(505) Load: 0.00/0.00/0.00
[109.818s][info][gc,mmu      ] GC(505) MMU: 2ms/98.1%, 5ms/99.2%, 10ms/99.5%, 20ms/99.8%, 50ms/99.8%, 100ms/99.9%
[109.818s][info][gc,marking  ] GC(505) Mark: 2 stripe(s), 2 proactive flush(es), 1 terminate flush(es), 0 completion(s), 0 continuation(s) 
[109.818s][info][gc,marking  ] GC(505) Mark Stack Usage: 32M
[109.818s][info][gc,nmethod  ] GC(505) NMethods: 4636 registered, 224 unregistered
[109.818s][info][gc,metaspace] GC(505) Metaspace: 71M used, 72M committed, 1088M reserved
[109.818s][info][gc,ref      ] GC(505) Soft: 3837 encountered, 0 discovered, 0 enqueued
[109.818s][info][gc,ref      ] GC(505) Weak: 10235 encountered, 470 discovered, 6 enqueued
[109.818s][info][gc,ref      ] GC(505) Final: 289 encountered, 45 discovered, 0 enqueued
[109.818s][info][gc,ref      ] GC(505) Phantom: 425 encountered, 281 discovered, 0 enqueued
[109.818s][info][gc,reloc    ] GC(505) Small Pages: 145 / 290M, Empty: 170M, Relocated: 1M, In-Place: 0
[109.818s][info][gc,reloc    ] GC(505) Medium Pages: 0 / 0M, Empty: 0M, Relocated: 0M, In-Place: 0
[109.818s][info][gc,reloc    ] GC(505) Large Pages: 0 / 0M, Empty: 0M, Relocated: 0M, In-Place: 0
[109.818s][info][gc,reloc    ] GC(505) Forwarding Usage: 0M
[109.818s][info][gc,heap     ] GC(505) Min Capacity: 8M(0%)
[109.818s][info][gc,heap     ] GC(505) Max Capacity: 2048M(100%)
[109.818s][info][gc,heap     ] GC(505) Soft Max Capacity: 2048M(100%)
[109.818s][info][gc,heap     ] GC(505)                Mark Start          Mark End        Relocate Start      Relocate End           High               Low         
[109.818s][info][gc,heap     ] GC(505)  Capacity:     2048M (100%)       2048M (100%)       2048M (100%)       2048M (100%)       2048M (100%)       2048M (100%)   
[109.818s][info][gc,heap     ] GC(505)      Free:     1758M (86%)        1660M (81%)        1820M (89%)        1870M (91%)        1872M (91%)        1654M (81%)    
[109.818s][info][gc,heap     ] GC(505)      Used:      290M (14%)         388M (19%)         228M (11%)         178M (9%)          394M (19%)         176M (9%)     
[109.818s][info][gc,heap     ] GC(505)      Live:         -                49M (2%)           49M (2%)           49M (2%)             -                  -          
[109.818s][info][gc,heap     ] GC(505) Allocated:         -                98M (5%)          108M (5%)          111M (5%)             -                  -          
[109.818s][info][gc,heap     ] GC(505)   Garbage:         -               240M (12%)          70M (3%)           16M (1%)             -                  -          
[109.818s][info][gc,heap     ] GC(505) Reclaimed:         -                  -               170M (8%)          223M (11%)            -                  -          
[109.818s][info][gc          ] GC(505) Garbage Collection (Allocation Rate) 290M(14%)->178M(9%)
[109.854s][info][gc,start    ] GC(506) Garbage Collection (Allocation Rate)
[109.855s][info][gc,task     ] GC(506) Using 3 workers
[109.855s][info][gc,phases   ] GC(506) Pause Mark Start 0.011ms
[109.889s][info][gc,phases   ] GC(506) Concurrent Mark 33.969ms
[109.889s][info][gc,phases   ] GC(506) Pause Mark End 0.021ms
[109.889s][info][gc,phases   ] GC(506) Concurrent Mark Free 0.001ms
[109.893s][info][gc,phases   ] GC(506) Concurrent Process Non-Strong References 3.843ms
[109.893s][info][gc,phases   ] GC(506) Concurrent Reset Relocation Set 0.004ms
[109.895s][info][gc,phases   ] GC(506) Concurrent Select Relocation Set 2.353ms
[109.895s][info][gc,phases   ] GC(506) Pause Relocate Start 0.009ms
[109.897s][info][gc,phases   ] GC(506) Concurrent Relocate 1.805ms
[109.897s][info][gc,load     ] GC(506) Load: 0.00/0.00/0.00
[109.897s][info][gc,mmu      ] GC(506) MMU: 2ms/98.1%, 5ms/99.2%, 10ms/99.5%, 20ms/99.8%, 50ms/99.8%, 100ms/99.9%
[109.897s][info][gc,marking  ] GC(506) Mark: 2 stripe(s), 2 proactive flush(es), 1 terminate flush(es), 0 completion(s), 0 continuation(s) 
[109.897s][info][gc,marking  ] GC(506) Mark Stack Usage: 32M
[109.897s][info][gc,nmethod  ] GC(506) NMethods: 4636 registered, 224 unregistered
[109.897s][info][gc,metaspace] GC(506) Metaspace: 71M used, 72M committed, 1088M reserved
[109.897s][info][gc,ref      ] GC(506) Soft: 3837 encountered, 0 discovered, 0 enqueued
[109.897s][info][gc,ref      ] GC(506) Weak: 10180 encountered, 611 discovered, 13 enqueued
[109.897s][info][gc,ref      ] GC(506) Final: 289 encountered, 51 discovered, 0 enqueued
[109.897s][info][gc,ref      ] GC(506) Phantom: 425 encountered, 215 discovered, 0 enqueued
[109.897s][info][gc,reloc    ] GC(506) Small Pages: 117 / 234M, Empty: 106M, Relocated: 1M, In-Place: 0
[109.897s][info][gc,reloc    ] GC(506) Medium Pages: 0 / 0M, Empty: 0M, Relocated: 0M, In-Place: 0
[109.897s][info][gc,reloc    ] GC(506) Large Pages: 0 / 0M, Empty: 0M, Relocated: 0M, In-Place: 0
[109.897s][info][gc,reloc    ] GC(506) Forwarding Usage: 0M
[109.897s][info][gc,heap     ] GC(506) Min Capacity: 8M(0%)
[109.897s][info][gc,heap     ] GC(506) Max Capacity: 2048M(100%)
[109.897s][info][gc,heap     ] GC(506) Soft Max Capacity: 2048M(100%)
[109.897s][info][gc,heap     ] GC(506)                Mark Start          Mark End        Relocate Start      Relocate End           High               Low         
[109.897s][info][gc,heap     ] GC(506)  Capacity:     2048M (100%)       2048M (100%)       2048M (100%)       2048M (100%)       2048M (100%)       2048M (100%)   
[109.897s][info][gc,heap     ] GC(506)      Free:     1814M (89%)        1766M (86%)        1860M (91%)        1920M (94%)        1920M (94%)        1756M (86%)    
[109.897s][info][gc,heap     ] GC(506)      Used:      234M (11%)         282M (14%)         188M (9%)          128M (6%)          292M (14%)         128M (6%)     
[109.897s][info][gc,heap     ] GC(506)      Live:         -                49M (2%)           49M (2%)           49M (2%)             -                  -          
[109.897s][info][gc,heap     ] GC(506) Allocated:         -                48M (2%)           60M (3%)           61M (3%)             -                  -          
[109.897s][info][gc,heap     ] GC(506)   Garbage:         -               184M (9%)           78M (4%)           16M (1%)             -                  -          
[109.897s][info][gc,heap     ] GC(506) Reclaimed:         -                  -               106M (5%)          167M (8%)             -                  -          
[109.897s][info][gc          ] GC(506) Garbage Collection (Allocation Rate) 234M(11%)->128M(6%)
[109.954s][info][gc,start    ] GC(507) Garbage Collection (Allocation Rate)
[109.954s][info][gc,task     ] GC(507) Using 6 workers
[109.954s][info][gc,phases   ] GC(507) Pause Mark Start 0.011ms
[109.978s][info][gc,phases   ] GC(507) Concurrent Mark 23.638ms
[109.978s][info][gc,phases   ] GC(507) Pause Mark End 0.025ms
[109.978s][info][gc,phases   ] GC(507) Concurrent Mark Free 0.001ms
[109.980s][info][gc,phases   ] GC(507) Concurrent Process Non-Strong References 2.304ms
[109.980s][info][gc,phases   ] GC(507) Concurrent Reset Relocation Set 0.004ms
[109.983s][info][gc,phases   ] GC(507) Concurrent Select Relocation Set 2.439ms
[109.983s][info][gc,phases   ] GC(507) Pause Relocate Start 0.008ms
[109.984s][info][gc,phases   ] GC(507) Concurrent Relocate 1.636ms
[109.984s][info][gc,load     ] GC(507) Load: 0.00/0.00/0.00
[109.984s][info][gc,mmu      ] GC(507) MMU: 2ms/98.1%, 5ms/99.2%, 10ms/99.5%, 20ms/99.8%, 50ms/99.8%, 100ms/99.9%
[109.984s][info][gc,marking  ] GC(507) Mark: 4 stripe(s), 2 proactive flush(es), 1 terminate flush(es), 0 completion(s), 0 continuation(s) 
[109.984s][info][gc,marking  ] GC(507) Mark Stack Usage: 32M
[109.985s][info][gc,nmethod  ] GC(507) NMethods: 4636 registered, 224 unregistered
[109.985s][info][gc,metaspace] GC(507) Metaspace: 71M used, 72M committed, 1088M reserved
[109.985s][info][gc,ref      ] GC(507) Soft: 3837 encountered, 0 discovered, 0 enqueued
[109.985s][info][gc,ref      ] GC(507) Weak: 10167 encountered, 679 discovered, 0 enqueued
[109.985s][info][gc,ref      ] GC(507) Final: 289 encountered, 44 discovered, 0 enqueued
[109.985s][info][gc,ref      ] GC(507) Phantom: 425 encountered, 229 discovered, 0 enqueued
[109.985s][info][gc,reloc    ] GC(507) Small Pages: 106 / 212M, Empty: 108M, Relocated: 1M, In-Place: 0
[109.985s][info][gc,reloc    ] GC(507) Medium Pages: 0 / 0M, Empty: 0M, Relocated: 0M, In-Place: 0
[109.985s][info][gc,reloc    ] GC(507) Large Pages: 0 / 0M, Empty: 0M, Relocated: 0M, In-Place: 0
[109.985s][info][gc,reloc    ] GC(507) Forwarding Usage: 0M
[109.985s][info][gc,heap     ] GC(507) Min Capacity: 8M(0%)
[109.985s][info][gc,heap     ] GC(507) Max Capacity: 2048M(100%)
[109.985s][info][gc,heap     ] GC(507) Soft Max Capacity: 2048M(100%)
[109.985s][info][gc,heap     ] GC(507)                Mark Start          Mark End        Relocate Start      Relocate End           High               Low         
[109.985s][info][gc,heap     ] GC(507)  Capacity:     2048M (100%)       2048M (100%)       2048M (100%)       2048M (100%)       2048M (100%)       2048M (100%)   
[109.985s][info][gc,heap     ] GC(507)      Free:     1836M (90%)        1806M (88%)        1906M (93%)        1936M (95%)        1936M (95%)        1798M (88%)    
[109.985s][info][gc,heap     ] GC(507)      Used:      212M (10%)         242M (12%)         142M (7%)          112M (5%)          250M (12%)         112M (5%)     
[109.985s][info][gc,heap     ] GC(507)      Live:         -                49M (2%)           49M (2%)           49M (2%)             -                  -          
[109.985s][info][gc,heap     ] GC(507) Allocated:         -                30M (1%)           38M (2%)           39M (2%)             -                  -          
[109.985s][info][gc,heap     ] GC(507)   Garbage:         -               162M (8%)           54M (3%)           22M (1%)             -                  -          
[109.985s][info][gc,heap     ] GC(507) Reclaimed:         -                  -               108M (5%)          139M (7%)             -                  -          
[109.985s][info][gc          ] GC(507) Garbage Collection (Allocation Rate) 212M(10%)->112M(5%)
[110.154s][info][gc,stats    ] === Garbage Collection Statistics =======================================================================================================================
[110.155s][info][gc,stats    ]                                                              Last 10s              Last 10m              Last 10h                Total
[110.155s][info][gc,stats    ]                                                              Avg / Max             Avg / Max             Avg / Max             Avg / Max
[110.155s][info][gc,stats    ]   Collector: Garbage Collection Cycle                     73.541 / 110.368      74.745 / 318.332      74.745 / 318.332      74.745 / 318.332     ms
[110.155s][info][gc,stats    ]  Contention: Mark Segment Reset Contention                    10 / 18               12 / 78               12 / 78               12 / 78          ops/s
[110.155s][info][gc,stats    ]  Contention: Mark SeqNum Reset Contention                      1 / 7                 1 / 11                1 / 11                1 / 11          ops/s
[110.155s][info][gc,stats    ]    Critical: Allocation Stall                                  0 / 0                 0 / 0                 0 / 0                 0 / 0           ops/s
[110.155s][info][gc,stats    ]    Critical: Allocation Stall                              0.000 / 0.000         0.000 / 0.000         0.000 / 0.000         0.000 / 0.000       ms
[110.155s][info][gc,stats    ]    Critical: GC Locker Stall                                   0 / 0                 0 / 0                 0 / 0                 0 / 0           ops/s
[110.155s][info][gc,stats    ]    Critical: GC Locker Stall                               0.000 / 0.000         0.000 / 0.000         0.000 / 0.000         0.000 / 0.000       ms
[110.155s][info][gc,stats    ]    Critical: Relocation Stall                                  0 / 0                 0 / 0                 0 / 0                 0 / 0           ops/s
[110.155s][info][gc,stats    ]    Critical: Relocation Stall                              0.000 / 0.000         0.000 / 0.000         0.000 / 0.000         0.000 / 0.000       ms
[110.155s][info][gc,stats    ]      Memory: Allocation Rate                                4677 / 6034           4303 / 6096           4303 / 6096           4303 / 6096        MB/s
[110.155s][info][gc,stats    ]      Memory: Defragment                                        0 / 0                 0 / 0                 0 / 0                 0 / 0           ops/s
[110.155s][info][gc,stats    ]      Memory: Out Of Memory                                     0 / 0                 0 / 0                 0 / 0                 0 / 0           ops/s
[110.155s][info][gc,stats    ]      Memory: Page Cache Flush                                  0 / 0                 0 / 0                 0 / 0                 0 / 0           MB/s
[110.155s][info][gc,stats    ]      Memory: Page Cache Hit L1                              2360 / 3032           2166 / 3102           2166 / 3102           2166 / 3102        ops/s
[110.155s][info][gc,stats    ]      Memory: Page Cache Hit L2                                 0 / 0                 0 / 0                 0 / 0                 0 / 0           ops/s
[110.155s][info][gc,stats    ]      Memory: Page Cache Hit L3                                 0 / 0                 8 / 257               8 / 257               8 / 257         ops/s
[110.155s][info][gc,stats    ]      Memory: Page Cache Miss                                   0 / 0                 0 / 1                 0 / 1                 0 / 1           ops/s
[110.155s][info][gc,stats    ]      Memory: Uncommit                                          0 / 0                 0 / 0                 0 / 0                 0 / 0           MB/s
[110.155s][info][gc,stats    ]      Memory: Undo Object Allocation Failed                   821 / 1280            603 / 2041            603 / 2041            603 / 2041        ops/s
[110.155s][info][gc,stats    ]      Memory: Undo Object Allocation Succeeded                 43 / 150              35 / 290              35 / 290              35 / 290         ops/s
[110.155s][info][gc,stats    ]      Memory: Undo Page Allocation                            406 / 600             377 / 670             377 / 670             377 / 670         ops/s
[110.155s][info][gc,stats    ]       Phase: Concurrent Mark                              50.979 / 85.856       49.909 / 127.968      49.909 / 127.968      49.909 / 127.968     ms
[110.155s][info][gc,stats    ]       Phase: Concurrent Mark Continue                      0.000 / 0.000         0.000 / 0.000         0.000 / 0.000         0.000 / 0.000       ms
[110.155s][info][gc,stats    ]       Phase: Concurrent Mark Free                          0.001 / 0.002         0.001 / 0.006         0.001 / 0.006         0.001 / 0.006       ms
[110.155s][info][gc,stats    ]       Phase: Concurrent Process Non-Strong References      6.023 / 12.682        6.704 / 55.543        6.704 / 55.543        6.704 / 55.543      ms
[110.155s][info][gc,stats    ]       Phase: Concurrent Relocate                           6.819 / 14.819        6.920 / 14.819        6.920 / 14.819        6.920 / 14.819      ms
[110.155s][info][gc,stats    ]       Phase: Concurrent Reset Relocation Set               0.034 / 0.073         0.036 / 0.073         0.036 / 0.073         0.036 / 0.073       ms
[110.155s][info][gc,stats    ]       Phase: Concurrent Select Relocation Set              5.910 / 10.331        6.334 / 19.328        6.334 / 19.328        6.334 / 19.328      ms
[110.155s][info][gc,stats    ]       Phase: Pause Mark End                                0.023 / 0.030         0.024 / 0.039         0.024 / 0.039         0.024 / 0.039       ms
[110.155s][info][gc,stats    ]       Phase: Pause Mark Start                              0.011 / 0.015         0.011 / 0.021         0.011 / 0.021         0.011 / 0.021       ms
[110.155s][info][gc,stats    ]       Phase: Pause Relocate Start                          0.008 / 0.010         0.008 / 0.017         0.008 / 0.017         0.008 / 0.017       ms
[110.155s][info][gc,stats    ]    Subphase: Concurrent Classes Purge                      0.034 / 0.712         0.177 / 23.488        0.177 / 23.488        0.177 / 23.488      ms
[110.155s][info][gc,stats    ]    Subphase: Concurrent Classes Unlink                     4.246 / 10.264        4.814 / 53.357        4.814 / 53.357        4.814 / 53.357      ms
[110.155s][info][gc,stats    ]    Subphase: Concurrent Mark                              40.884 / 70.145       36.598 / 119.393      36.598 / 119.393      36.598 / 119.393     ms
[110.155s][info][gc,stats    ]    Subphase: Concurrent Mark Try Flush                     0.731 / 4.616         0.852 / 33.018        0.852 / 33.018        0.852 / 33.018      ms
[110.155s][info][gc,stats    ]    Subphase: Concurrent Mark Try Terminate                 1.422 / 12.755        1.491 / 15.075        1.491 / 15.075        1.491 / 15.075      ms
[110.155s][info][gc,stats    ]    Subphase: Concurrent References Enqueue                 0.002 / 0.011         0.002 / 0.014         0.002 / 0.014         0.002 / 0.014       ms
[110.155s][info][gc,stats    ]    Subphase: Concurrent References Process                 0.191 / 0.355         0.208 / 1.049         0.208 / 1.049         0.208 / 1.049       ms
[110.155s][info][gc,stats    ]    Subphase: Concurrent Roots ClassLoaderDataGraph         0.114 / 0.632         0.096 / 0.889         0.096 / 0.889         0.096 / 0.889       ms
[110.155s][info][gc,stats    ]    Subphase: Concurrent Roots CodeCache                    0.000 / 0.000         0.000 / 0.000         0.000 / 0.000         0.000 / 0.000       ms
[110.155s][info][gc,stats    ]    Subphase: Concurrent Roots JavaThreads                  4.239 / 15.275        4.443 / 39.863        4.443 / 39.863        4.443 / 39.863      ms
[110.155s][info][gc,stats    ]    Subphase: Concurrent Roots OopStorageSet                0.056 / 0.102         0.048 / 0.928         0.048 / 0.928         0.048 / 0.928       ms
[110.155s][info][gc,stats    ]    Subphase: Concurrent Weak Roots OopStorageSet           0.772 / 1.932         0.626 / 3.828         0.626 / 3.828         0.626 / 3.828       ms
[110.155s][info][gc,stats    ]    Subphase: Pause Mark Try Complete                       0.000 / 0.000         0.002 / 0.003         0.002 / 0.003         0.002 / 0.003       ms
[110.155s][info][gc,stats    ]      System: Java Threads                                    216 / 232             200 / 232             200 / 232             200 / 232         threads
[110.155s][info][gc,stats    ] =========================================================================================================================================================
[111.454s][info][gc,start    ] GC(508) Garbage Collection (Allocation Rate)
[111.454s][info][gc,task     ] GC(508) Using 2 workers
[111.454s][info][gc,phases   ] GC(508) Pause Mark Start 0.015ms
[111.509s][info][gc,phases   ] GC(508) Concurrent Mark 54.520ms
[111.509s][info][gc,phases   ] GC(508) Pause Mark End 0.024ms
[111.509s][info][gc,phases   ] GC(508) Concurrent Mark Free 0.001ms
[111.515s][info][gc,phases   ] GC(508) Concurrent Process Non-Strong References 6.189ms
[111.515s][info][gc,phases   ] GC(508) Concurrent Reset Relocation Set 0.004ms
[111.518s][info][gc,phases   ] GC(508) Concurrent Select Relocation Set 2.788ms
[111.518s][info][gc,phases   ] GC(508) Pause Relocate Start 0.009ms
[111.521s][info][gc,phases   ] GC(508) Concurrent Relocate 2.506ms
[111.521s][info][gc,load     ] GC(508) Load: 0.00/0.00/0.00
[111.521s][info][gc,mmu      ] GC(508) MMU: 2ms/98.1%, 5ms/99.2%, 10ms/99.5%, 20ms/99.8%, 50ms/99.8%, 100ms/99.9%
[111.521s][info][gc,marking  ] GC(508) Mark: 2 stripe(s), 2 proactive flush(es), 1 terminate flush(es), 0 completion(s), 0 continuation(s) 
[111.521s][info][gc,marking  ] GC(508) Mark Stack Usage: 32M
[111.521s][info][gc,nmethod  ] GC(508) NMethods: 4636 registered, 224 unregistered
[111.521s][info][gc,metaspace] GC(508) Metaspace: 71M used, 72M committed, 1088M reserved
[111.521s][info][gc,ref      ] GC(508) Soft: 3837 encountered, 0 discovered, 0 enqueued
[111.521s][info][gc,ref      ] GC(508) Weak: 10167 encountered, 636 discovered, 0 enqueued
[111.521s][info][gc,ref      ] GC(508) Final: 289 encountered, 27 discovered, 0 enqueued
[111.521s][info][gc,ref      ] GC(508) Phantom: 425 encountered, 242 discovered, 0 enqueued
[111.521s][info][gc,reloc    ] GC(508) Small Pages: 838 / 1676M, Empty: 1534M, Relocated: 1M, In-Place: 0
[111.521s][info][gc,reloc    ] GC(508) Medium Pages: 0 / 0M, Empty: 0M, Relocated: 0M, In-Place: 0
[111.521s][info][gc,reloc    ] GC(508) Large Pages: 0 / 0M, Empty: 0M, Relocated: 0M, In-Place: 0
[111.521s][info][gc,reloc    ] GC(508) Forwarding Usage: 0M
[111.521s][info][gc,heap     ] GC(508) Min Capacity: 8M(0%)
[111.521s][info][gc,heap     ] GC(508) Max Capacity: 2048M(100%)
[111.521s][info][gc,heap     ] GC(508) Soft Max Capacity: 2048M(100%)
[111.521s][info][gc,heap     ] GC(508)                Mark Start          Mark End        Relocate Start      Relocate End           High               Low         
[111.521s][info][gc,heap     ] GC(508)  Capacity:     2048M (100%)       2048M (100%)       2048M (100%)       2048M (100%)       2048M (100%)       2048M (100%)   
[111.521s][info][gc,heap     ] GC(508)      Free:      372M (18%)         310M (15%)        1830M (89%)        1906M (93%)        1906M (93%)         300M (15%)    
[111.521s][info][gc,heap     ] GC(508)      Used:     1676M (82%)        1738M (85%)         218M (11%)         142M (7%)         1748M (85%)         142M (7%)     
[111.521s][info][gc,heap     ] GC(508)      Live:         -                49M (2%)           49M (2%)           49M (2%)             -                  -          
[111.521s][info][gc,heap     ] GC(508) Allocated:         -                62M (3%)           76M (4%)           77M (4%)             -                  -          
[111.521s][info][gc,heap     ] GC(508)   Garbage:         -              1626M (79%)          92M (5%)           14M (1%)             -                  -          
[111.521s][info][gc,heap     ] GC(508) Reclaimed:         -                  -              1534M (75%)        1611M (79%)            -                  -          
[111.521s][info][gc          ] GC(508) Garbage Collection (Allocation Rate) 1676M(82%)->142M(7%)
[112.131s][info][gc,heap,exit] Heap
[112.131s][info][gc,heap,exit]  ZHeap           used 660M, capacity 2048M, max capacity 2048M
[112.131s][info][gc,heap,exit]  Metaspace       used 73808K, committed 74176K, reserved 1114112K
[112.131s][info][gc,heap,exit]   class space    used 14896K, committed 15040K, reserved 1048576K
